[2026-01-16T08:12:27.484+0000][gc,init] CardTable entry size: 512
[2026-01-16T08:12:27.489+0000][gc     ] Using G1
[2026-01-16T08:12:27.693+0000][gc,init] Version: 21.0.4+7-LTS (release)
[2026-01-16T08:12:27.697+0000][gc,init] CPUs: 8 total, 8 available
[2026-01-16T08:12:27.701+0000][gc,init] Memory: 15972M
[2026-01-16T08:12:27.703+0000][gc,init] Large Page Support: Disabled
[2026-01-16T08:12:27.705+0000][gc,init] NUMA Support: Disabled
[2026-01-16T08:12:27.707+0000][gc,init] Compressed Oops: Enabled (32-bit)
[2026-01-16T08:12:27.708+0000][gc,init] Heap Region Size: 1M
[2026-01-16T08:12:27.711+0000][gc,init] Heap Min Capacity: 1G
[2026-01-16T08:12:27.713+0000][gc,init] Heap Initial Capacity: 1G
[2026-01-16T08:12:27.717+0000][gc,init] Heap Max Capacity: 1G
[2026-01-16T08:12:27.719+0000][gc,init] Pre-touch: Disabled
[2026-01-16T08:12:27.722+0000][gc,init] Parallel Workers: 8
[2026-01-16T08:12:27.726+0000][gc,init] Concurrent Workers: 2
[2026-01-16T08:12:27.731+0000][gc,init] Concurrent Refinement Workers: 8
[2026-01-16T08:12:27.737+0000][gc,init] Periodic GC: Disabled
[2026-01-16T08:12:34.819+0000][gc,metaspace] CDS archive(s) mapped at: [0x0000004000000000-0x0000004000bd0000-0x00000040036b0000), size 57344000, SharedBaseAddress: 0x0000004000000000, ArchiveRelocationMode: 1.
[2026-01-16T08:12:34.834+0000][gc,metaspace] Compressed class space mapped at: 0x0000004004000000-0x0000004044000000, reserved size: 1073741824
[2026-01-16T08:12:34.837+0000][gc,metaspace] Narrow klass base: 0x0000004000000000, Narrow klass shift: 0, Narrow klass range: 0x100000000
[2026-01-16T08:13:00.396+0000][gc,start    ] GC(0) Pause Young (Normal) (G1 Evacuation Pause)
[2026-01-16T08:13:00.447+0000][gc,task     ] GC(0) Using 8 workers of 8 for evacuation
[2026-01-16T08:13:01.052+0000][gc,mmu      ] GC(0) MMU target violated: 201.0ms (200.0ms/201.0ms)
[2026-01-16T08:13:01.068+0000][gc,phases   ] GC(0)   Pre Evacuate Collection Set: 60.3ms
[2026-01-16T08:13:01.068+0000][gc,phases   ] GC(0)   Merge Heap Roots: 50.4ms
[2026-01-16T08:13:01.068+0000][gc,phases   ] GC(0)   Evacuate Collection Set: 410.3ms
[2026-01-16T08:13:01.068+0000][gc,phases   ] GC(0)   Post Evacuate Collection Set: 24.6ms
[2026-01-16T08:13:01.069+0000][gc,phases   ] GC(0)   Other: 115.3ms
[2026-01-16T08:13:01.070+0000][gc,heap     ] GC(0) Eden regions: 51->0(44)
[2026-01-16T08:13:01.070+0000][gc,heap     ] GC(0) Survivor regions: 0->7(7)
[2026-01-16T08:13:01.070+0000][gc,heap     ] GC(0) Old regions: 1->3
[2026-01-16T08:13:01.071+0000][gc,heap     ] GC(0) Humongous regions: 4->4
[2026-01-16T08:13:01.079+0000][gc,metaspace] GC(0) Metaspace: 4787K(5056K)->4787K(5056K) NonClass: 4288K(4416K)->4288K(4416K) Class: 498K(640K)->498K(640K)
[2026-01-16T08:13:01.081+0000][gc          ] GC(0) Pause Young (Normal) (G1 Evacuation Pause) 55M->13M(1024M) 684.304ms
[2026-01-16T08:13:01.083+0000][gc,cpu      ] GC(0) User=0.25s Sys=0.09s Real=0.69s
[2026-01-16T08:13:15.485+0000][gc,start    ] GC(1) Pause Young (Normal) (G1 Evacuation Pause)
[2026-01-16T08:13:15.513+0000][gc,task     ] GC(1) Using 8 workers of 8 for evacuation
[2026-01-16T08:13:16.771+0000][gc,mmu      ] GC(1) MMU target violated: 201.0ms (200.0ms/201.0ms)
[2026-01-16T08:13:16.779+0000][gc,phases   ] GC(1)   Pre Evacuate Collection Set: 65.5ms
[2026-01-16T08:13:16.780+0000][gc,phases   ] GC(1)   Merge Heap Roots: 8.8ms
[2026-01-16T08:13:16.783+0000][gc,phases   ] GC(1)   Evacuate Collection Set: 1123.5ms
[2026-01-16T08:13:16.788+0000][gc,phases   ] GC(1)   Post Evacuate Collection Set: 50.8ms
[2026-01-16T08:13:16.789+0000][gc,phases   ] GC(1)   Other: 18.1ms
[2026-01-16T08:13:16.818+0000][gc,heap     ] GC(1) Eden regions: 44->0(44)
[2026-01-16T08:13:16.819+0000][gc,heap     ] GC(1) Survivor regions: 7->7(7)
[2026-01-16T08:13:16.820+0000][gc,heap     ] GC(1) Old regions: 3->10
[2026-01-16T08:13:16.821+0000][gc,heap     ] GC(1) Humongous regions: 4->4
[2026-01-16T08:13:16.822+0000][gc,metaspace] GC(1) Metaspace: 7380K(7680K)->7380K(7680K) NonClass: 6550K(6720K)->6550K(6720K) Class: 830K(960K)->830K(960K)
[2026-01-16T08:13:16.823+0000][gc          ] GC(1) Pause Young (Normal) (G1 Evacuation Pause) 57M->19M(1024M) 1338.122ms
[2026-01-16T08:13:16.824+0000][gc,cpu      ] GC(1) User=0.48s Sys=0.22s Real=1.34s
[2026-01-16T08:13:20.518+0000][gc,start    ] GC(2) Pause Young (Normal) (G1 Evacuation Pause)
[2026-01-16T08:13:20.519+0000][gc,task     ] GC(2) Using 8 workers of 8 for evacuation
[2026-01-16T08:13:20.675+0000][gc,phases   ] GC(2)   Pre Evacuate Collection Set: 15.1ms
[2026-01-16T08:13:20.676+0000][gc,phases   ] GC(2)   Merge Heap Roots: 0.5ms
[2026-01-16T08:13:20.677+0000][gc,phases   ] GC(2)   Evacuate Collection Set: 130.9ms
[2026-01-16T08:13:20.677+0000][gc,phases   ] GC(2)   Post Evacuate Collection Set: 7.4ms
[2026-01-16T08:13:20.678+0000][gc,phases   ] GC(2)   Other: 0.8ms
[2026-01-16T08:13:20.679+0000][gc,heap     ] GC(2) Eden regions: 44->0(48)
[2026-01-16T08:13:20.679+0000][gc,heap     ] GC(2) Survivor regions: 7->3(7)
[2026-01-16T08:13:20.679+0000][gc,heap     ] GC(2) Old regions: 10->16
[2026-01-16T08:13:20.679+0000][gc,heap     ] GC(2) Humongous regions: 4->4
[2026-01-16T08:13:20.679+0000][gc,metaspace] GC(2) Metaspace: 8119K(8448K)->8119K(8448K) NonClass: 7171K(7360K)->7171K(7360K) Class: 947K(1088K)->947K(1088K)
[2026-01-16T08:13:20.680+0000][gc          ] GC(2) Pause Young (Normal) (G1 Evacuation Pause) 63M->21M(1024M) 161.941ms
[2026-01-16T08:13:20.682+0000][gc,cpu      ] GC(2) User=0.09s Sys=0.02s Real=0.16s
[2026-01-16T08:13:22.835+0000][gc,start    ] GC(3) Pause Young (Normal) (G1 Evacuation Pause)
[2026-01-16T08:13:22.839+0000][gc,task     ] GC(3) Using 8 workers of 8 for evacuation
[2026-01-16T08:13:22.970+0000][gc,phases   ] GC(3)   Pre Evacuate Collection Set: 17.8ms
[2026-01-16T08:13:22.970+0000][gc,phases   ] GC(3)   Merge Heap Roots: 0.9ms
[2026-01-16T08:13:22.970+0000][gc,phases   ] GC(3)   Evacuate Collection Set: 101.8ms
[2026-01-16T08:13:22.971+0000][gc,phases   ] GC(3)   Post Evacuate Collection Set: 4.1ms
[2026-01-16T08:13:22.972+0000][gc,phases   ] GC(3)   Other: 5.6ms
[2026-01-16T08:13:22.972+0000][gc,heap     ] GC(3) Eden regions: 48->0(48)
[2026-01-16T08:13:22.972+0000][gc,heap     ] GC(3) Survivor regions: 3->3(7)
[2026-01-16T08:13:22.973+0000][gc,heap     ] GC(3) Old regions: 16->16
[2026-01-16T08:13:22.974+0000][gc,heap     ] GC(3) Humongous regions: 4->4
[2026-01-16T08:13:22.974+0000][gc,metaspace] GC(3) Metaspace: 8269K(8576K)->8269K(8576K) NonClass: 7304K(7488K)->7304K(7488K) Class: 965K(1088K)->965K(1088K)
[2026-01-16T08:13:22.974+0000][gc          ] GC(3) Pause Young (Normal) (G1 Evacuation Pause) 69M->21M(1024M) 139.464ms
[2026-01-16T08:13:22.974+0000][gc,cpu      ] GC(3) User=0.07s Sys=0.01s Real=0.14s
[2026-01-16T08:13:25.984+0000][gc,start    ] GC(4) Pause Young (Normal) (G1 Evacuation Pause)
[2026-01-16T08:13:25.987+0000][gc,task     ] GC(4) Using 8 workers of 8 for evacuation
[2026-01-16T08:13:26.112+0000][gc,phases   ] GC(4)   Pre Evacuate Collection Set: 10.7ms
[2026-01-16T08:13:26.112+0000][gc,phases   ] GC(4)   Merge Heap Roots: 0.4ms
[2026-01-16T08:13:26.113+0000][gc,phases   ] GC(4)   Evacuate Collection Set: 107.9ms
[2026-01-16T08:13:26.113+0000][gc,phases   ] GC(4)   Post Evacuate Collection Set: 4.9ms
[2026-01-16T08:13:26.113+0000][gc,phases   ] GC(4)   Other: 1.4ms
[2026-01-16T08:13:26.114+0000][gc,heap     ] GC(4) Eden regions: 48->0(47)
[2026-01-16T08:13:26.114+0000][gc,heap     ] GC(4) Survivor regions: 3->4(7)
[2026-01-16T08:13:26.115+0000][gc,heap     ] GC(4) Old regions: 16->16
[2026-01-16T08:13:26.115+0000][gc,heap     ] GC(4) Humongous regions: 4->4
[2026-01-16T08:13:26.115+0000][gc,metaspace] GC(4) Metaspace: 8342K(8640K)->8342K(8640K) NonClass: 7375K(7552K)->7375K(7552K) Class: 967K(1088K)->967K(1088K)
[2026-01-16T08:13:26.115+0000][gc          ] GC(4) Pause Young (Normal) (G1 Evacuation Pause) 69M->22M(1024M) 131.874ms
[2026-01-16T08:13:26.116+0000][gc,cpu      ] GC(4) User=0.09s Sys=0.01s Real=0.13s
[2026-01-16T08:13:29.244+0000][gc,start    ] GC(5) Pause Young (Normal) (G1 Evacuation Pause)
[2026-01-16T08:13:29.249+0000][gc,task     ] GC(5) Using 8 workers of 8 for evacuation
[2026-01-16T08:13:29.355+0000][gc,phases   ] GC(5)   Pre Evacuate Collection Set: 10.6ms
[2026-01-16T08:13:29.360+0000][gc,phases   ] GC(5)   Merge Heap Roots: 0.3ms
[2026-01-16T08:13:29.362+0000][gc,phases   ] GC(5)   Evacuate Collection Set: 91.2ms
[2026-01-16T08:13:29.365+0000][gc,phases   ] GC(5)   Post Evacuate Collection Set: 2.5ms
[2026-01-16T08:13:29.365+0000][gc,phases   ] GC(5)   Other: 1.4ms
[2026-01-16T08:13:29.365+0000][gc,heap     ] GC(5) Eden regions: 47->0(46)
[2026-01-16T08:13:29.365+0000][gc,heap     ] GC(5) Survivor regions: 4->5(7)
[2026-01-16T08:13:29.365+0000][gc,heap     ] GC(5) Old regions: 16->16
[2026-01-16T08:13:29.365+0000][gc,heap     ] GC(5) Humongous regions: 4->4
[2026-01-16T08:13:29.365+0000][gc,metaspace] GC(5) Metaspace: 8417K(8704K)->8417K(8704K) NonClass: 7449K(7616K)->7449K(7616K) Class: 968K(1088K)->968K(1088K)
[2026-01-16T08:13:29.366+0000][gc          ] GC(5) Pause Young (Normal) (G1 Evacuation Pause) 69M->23M(1024M) 121.566ms
[2026-01-16T08:13:29.366+0000][gc,cpu      ] GC(5) User=0.07s Sys=0.01s Real=0.12s
[2026-01-16T08:13:36.055+0000][gc,start    ] GC(6) Pause Young (Normal) (G1 Evacuation Pause)
[2026-01-16T08:13:36.060+0000][gc,task     ] GC(6) Using 8 workers of 8 for evacuation
[2026-01-16T08:13:36.290+0000][gc,mmu      ] GC(6) MMU target violated: 201.0ms (200.0ms/201.0ms)
[2026-01-16T08:13:36.291+0000][gc,phases   ] GC(6)   Pre Evacuate Collection Set: 10.3ms
[2026-01-16T08:13:36.292+0000][gc,phases   ] GC(6)   Merge Heap Roots: 0.4ms
[2026-01-16T08:13:36.293+0000][gc,phases   ] GC(6)   Evacuate Collection Set: 215.7ms
[2026-01-16T08:13:36.294+0000][gc,phases   ] GC(6)   Post Evacuate Collection Set: 2.9ms
[2026-01-16T08:13:36.294+0000][gc,phases   ] GC(6)   Other: 2.5ms
[2026-01-16T08:13:36.295+0000][gc,heap     ] GC(6) Eden regions: 46->0(49)
[2026-01-16T08:13:36.297+0000][gc,heap     ] GC(6) Survivor regions: 5->2(7)
[2026-01-16T08:13:36.298+0000][gc,heap     ] GC(6) Old regions: 16->17
[2026-01-16T08:13:36.299+0000][gc,heap     ] GC(6) Humongous regions: 4->4
[2026-01-16T08:13:36.304+0000][gc,metaspace] GC(6) Metaspace: 8505K(8768K)->8505K(8768K) NonClass: 7536K(7680K)->7536K(7680K) Class: 968K(1088K)->968K(1088K)
[2026-01-16T08:13:36.306+0000][gc          ] GC(6) Pause Young (Normal) (G1 Evacuation Pause) 69M->22M(1024M) 251.135ms
[2026-01-16T08:13:36.309+0000][gc,cpu      ] GC(6) User=0.06s Sys=0.01s Real=0.25s
[2026-01-16T08:13:39.369+0000][gc,start    ] GC(7) Pause Young (Normal) (G1 Evacuation Pause)
[2026-01-16T08:13:39.371+0000][gc,task     ] GC(7) Using 8 workers of 8 for evacuation
[2026-01-16T08:13:39.467+0000][gc,phases   ] GC(7)   Pre Evacuate Collection Set: 13.3ms
[2026-01-16T08:13:39.468+0000][gc,phases   ] GC(7)   Merge Heap Roots: 4.9ms
[2026-01-16T08:13:39.469+0000][gc,phases   ] GC(7)   Evacuate Collection Set: 74.5ms
[2026-01-16T08:13:39.470+0000][gc,phases   ] GC(7)   Post Evacuate Collection Set: 2.7ms
[2026-01-16T08:13:39.470+0000][gc,phases   ] GC(7)   Other: 1.2ms
[2026-01-16T08:13:39.471+0000][gc,heap     ] GC(7) Eden regions: 49->0(48)
[2026-01-16T08:13:39.471+0000][gc,heap     ] GC(7) Survivor regions: 2->3(7)
[2026-01-16T08:13:39.472+0000][gc,heap     ] GC(7) Old regions: 17->17
[2026-01-16T08:13:39.475+0000][gc,heap     ] GC(7) Humongous regions: 4->4
[2026-01-16T08:13:39.476+0000][gc,metaspace] GC(7) Metaspace: 8526K(8832K)->8526K(8832K) NonClass: 7557K(7744K)->7557K(7744K) Class: 968K(1088K)->968K(1088K)
[2026-01-16T08:13:39.477+0000][gc          ] GC(7) Pause Young (Normal) (G1 Evacuation Pause) 71M->23M(1024M) 107.900ms
[2026-01-16T08:13:39.477+0000][gc,cpu      ] GC(7) User=0.07s Sys=0.01s Real=0.10s
[2026-01-16T08:13:45.115+0000][gc,start    ] GC(8) Pause Young (Normal) (G1 Evacuation Pause)
[2026-01-16T08:13:45.116+0000][gc,task     ] GC(8) Using 8 workers of 8 for evacuation
[2026-01-16T08:13:45.246+0000][gc,phases   ] GC(8)   Pre Evacuate Collection Set: 34.1ms
[2026-01-16T08:13:45.247+0000][gc,phases   ] GC(8)   Merge Heap Roots: 1.1ms
[2026-01-16T08:13:45.248+0000][gc,phases   ] GC(8)   Evacuate Collection Set: 86.0ms
[2026-01-16T08:13:45.249+0000][gc,phases   ] GC(8)   Post Evacuate Collection Set: 3.4ms
[2026-01-16T08:13:45.249+0000][gc,phases   ] GC(8)   Other: 4.7ms
[2026-01-16T08:13:45.249+0000][gc,heap     ] GC(8) Eden regions: 48->0(60)
[2026-01-16T08:13:45.254+0000][gc,heap     ] GC(8) Survivor regions: 3->2(7)
[2026-01-16T08:13:45.255+0000][gc,heap     ] GC(8) Old regions: 17->17
[2026-01-16T08:13:45.255+0000][gc,heap     ] GC(8) Humongous regions: 4->4
[2026-01-16T08:13:45.255+0000][gc,metaspace] GC(8) Metaspace: 8599K(8896K)->8599K(8896K) NonClass: 7629K(7808K)->7629K(7808K) Class: 969K(1088K)->969K(1088K)
[2026-01-16T08:13:45.255+0000][gc          ] GC(8) Pause Young (Normal) (G1 Evacuation Pause) 71M->22M(1024M) 140.881ms
[2026-01-16T08:13:45.257+0000][gc,cpu      ] GC(8) User=0.05s Sys=0.00s Real=0.14s
[2026-01-16T08:13:47.261+0000][gc,start    ] GC(9) Pause Young (Normal) (G1 Evacuation Pause)
[2026-01-16T08:13:47.265+0000][gc,task     ] GC(9) Using 8 workers of 8 for evacuation
[2026-01-16T08:13:47.496+0000][gc,mmu      ] GC(9) MMU target violated: 201.0ms (200.0ms/201.0ms)
[2026-01-16T08:13:47.497+0000][gc,phases   ] GC(9)   Pre Evacuate Collection Set: 27.7ms
[2026-01-16T08:13:47.498+0000][gc,phases   ] GC(9)   Merge Heap Roots: 4.5ms
[2026-01-16T08:13:47.498+0000][gc,phases   ] GC(9)   Evacuate Collection Set: 165.9ms
[2026-01-16T08:13:47.498+0000][gc,phases   ] GC(9)   Post Evacuate Collection Set: 8.9ms
[2026-01-16T08:13:47.498+0000][gc,phases   ] GC(9)   Other: 25.8ms
[2026-01-16T08:13:47.498+0000][gc,heap     ] GC(9) Eden regions: 65->0(48)
[2026-01-16T08:13:47.498+0000][gc,heap     ] GC(9) Survivor regions: 2->3(9)
[2026-01-16T08:13:47.499+0000][gc,heap     ] GC(9) Old regions: 17->17
[2026-01-16T08:13:47.499+0000][gc,heap     ] GC(9) Humongous regions: 4->4
[2026-01-16T08:13:47.499+0000][gc,metaspace] GC(9) Metaspace: 8624K(8896K)->8624K(8896K) NonClass: 7652K(7808K)->7652K(7808K) Class: 971K(1088K)->971K(1088K)
[2026-01-16T08:13:47.500+0000][gc          ] GC(9) Pause Young (Normal) (G1 Evacuation Pause) 87M->23M(1024M) 238.209ms
[2026-01-16T08:13:47.500+0000][gc,cpu      ] GC(9) User=0.05s Sys=0.02s Real=0.24s
[2026-01-16T08:13:55.706+0000][gc,start    ] GC(10) Pause Young (Normal) (G1 Evacuation Pause)
[2026-01-16T08:13:55.732+0000][gc,task     ] GC(10) Using 8 workers of 8 for evacuation
[2026-01-16T08:13:56.098+0000][gc,mmu      ] GC(10) MMU target violated: 201.0ms (200.0ms/201.0ms)
[2026-01-16T08:13:56.099+0000][gc,phases   ] GC(10)   Pre Evacuate Collection Set: 42.5ms
[2026-01-16T08:13:56.099+0000][gc,phases   ] GC(10)   Merge Heap Roots: 17.4ms
[2026-01-16T08:13:56.100+0000][gc,phases   ] GC(10)   Evacuate Collection Set: 300.8ms
[2026-01-16T08:13:56.101+0000][gc,phases   ] GC(10)   Post Evacuate Collection Set: 3.1ms
[2026-01-16T08:13:56.101+0000][gc,phases   ] GC(10)   Other: 18.1ms
[2026-01-16T08:13:56.102+0000][gc,heap     ] GC(10) Eden regions: 48->0(53)
[2026-01-16T08:13:56.103+0000][gc,heap     ] GC(10) Survivor regions: 3->2(7)
[2026-01-16T08:13:56.104+0000][gc,heap     ] GC(10) Old regions: 17->17
[2026-01-16T08:13:56.104+0000][gc,heap     ] GC(10) Humongous regions: 4->4
[2026-01-16T08:13:56.106+0000][gc,metaspace] GC(10) Metaspace: 8727K(9024K)->8727K(9024K) NonClass: 7754K(7936K)->7754K(7936K) Class: 972K(1088K)->972K(1088K)
[2026-01-16T08:13:56.107+0000][gc          ] GC(10) Pause Young (Normal) (G1 Evacuation Pause) 71M->22M(1024M) 401.646ms
[2026-01-16T08:13:56.108+0000][gc,cpu      ] GC(10) User=0.13s Sys=0.02s Real=0.40s
[2026-01-16T08:14:02.439+0000][gc,start    ] GC(11) Pause Young (Normal) (G1 Evacuation Pause)
[2026-01-16T08:14:02.448+0000][gc,task     ] GC(11) Using 8 workers of 8 for evacuation
[2026-01-16T08:14:02.604+0000][gc,phases   ] GC(11)   Pre Evacuate Collection Set: 35.9ms
[2026-01-16T08:14:02.605+0000][gc,phases   ] GC(11)   Merge Heap Roots: 8.7ms
[2026-01-16T08:14:02.609+0000][gc,phases   ] GC(11)   Evacuate Collection Set: 108.9ms
[2026-01-16T08:14:02.610+0000][gc,phases   ] GC(11)   Post Evacuate Collection Set: 1.9ms
[2026-01-16T08:14:02.610+0000][gc,phases   ] GC(11)   Other: 3.7ms
[2026-01-16T08:14:02.610+0000][gc,heap     ] GC(11) Eden regions: 59->0(48)
[2026-01-16T08:14:02.611+0000][gc,heap     ] GC(11) Survivor regions: 2->3(8)
[2026-01-16T08:14:02.611+0000][gc,heap     ] GC(11) Old regions: 17->17
[2026-01-16T08:14:02.612+0000][gc,heap     ] GC(11) Humongous regions: 4->4
[2026-01-16T08:14:02.612+0000][gc,metaspace] GC(11) Metaspace: 8822K(9088K)->8822K(9088K) NonClass: 7845K(8000K)->7845K(8000K) Class: 976K(1088K)->976K(1088K)
[2026-01-16T08:14:02.614+0000][gc          ] GC(11) Pause Young (Normal) (G1 Evacuation Pause) 81M->23M(1024M) 175.238ms
[2026-01-16T08:14:02.615+0000][gc,cpu      ] GC(11) User=0.12s Sys=0.01s Real=0.18s
[2026-01-16T08:14:05.573+0000][gc,start    ] GC(12) Pause Young (Normal) (G1 Evacuation Pause)
[2026-01-16T08:14:05.583+0000][gc,task     ] GC(12) Using 8 workers of 8 for evacuation
[2026-01-16T08:14:05.738+0000][gc,phases   ] GC(12)   Pre Evacuate Collection Set: 28.0ms
[2026-01-16T08:14:05.739+0000][gc,phases   ] GC(12)   Merge Heap Roots: 0.2ms
[2026-01-16T08:14:05.739+0000][gc,phases   ] GC(12)   Evacuate Collection Set: 109.0ms
[2026-01-16T08:14:05.739+0000][gc,phases   ] GC(12)   Post Evacuate Collection Set: 15.0ms
[2026-01-16T08:14:05.739+0000][gc,phases   ] GC(12)   Other: 9.2ms
[2026-01-16T08:14:05.739+0000][gc,heap     ] GC(12) Eden regions: 48->0(145)
[2026-01-16T08:14:05.739+0000][gc,heap     ] GC(12) Survivor regions: 3->2(7)
[2026-01-16T08:14:05.739+0000][gc,heap     ] GC(12) Old regions: 17->17
[2026-01-16T08:14:05.739+0000][gc,heap     ] GC(12) Humongous regions: 4->4
[2026-01-16T08:14:05.739+0000][gc,metaspace] GC(12) Metaspace: 8854K(9152K)->8854K(9152K) NonClass: 7877K(8064K)->7877K(8064K) Class: 976K(1088K)->976K(1088K)
[2026-01-16T08:14:05.740+0000][gc          ] GC(12) Pause Young (Normal) (G1 Evacuation Pause) 71M->22M(1024M) 166.119ms
[2026-01-16T08:14:05.740+0000][gc,cpu      ] GC(12) User=0.04s Sys=0.00s Real=0.16s
[2026-01-16T08:14:20.576+0000][gc,start    ] GC(13) Pause Young (Normal) (G1 Evacuation Pause)
[2026-01-16T08:14:20.597+0000][gc,task     ] GC(13) Using 8 workers of 8 for evacuation
[2026-01-16T08:14:21.419+0000][gc,mmu      ] GC(13) MMU target violated: 201.0ms (200.0ms/201.0ms)
[2026-01-16T08:14:21.420+0000][gc,phases   ] GC(13)   Pre Evacuate Collection Set: 107.6ms
[2026-01-16T08:14:21.421+0000][gc,phases   ] GC(13)   Merge Heap Roots: 2.5ms
[2026-01-16T08:14:21.426+0000][gc,phases   ] GC(13)   Evacuate Collection Set: 669.2ms
[2026-01-16T08:14:21.426+0000][gc,phases   ] GC(13)   Post Evacuate Collection Set: 31.2ms
[2026-01-16T08:14:21.426+0000][gc,phases   ] GC(13)   Other: 14.1ms
[2026-01-16T08:14:21.427+0000][gc,heap     ] GC(13) Eden regions: 152->0(48)
[2026-01-16T08:14:21.427+0000][gc,heap     ] GC(13) Survivor regions: 2->3(20)
[2026-01-16T08:14:21.427+0000][gc,heap     ] GC(13) Old regions: 17->17
[2026-01-16T08:14:21.427+0000][gc,heap     ] GC(13) Humongous regions: 4->4
[2026-01-16T08:14:21.427+0000][gc,metaspace] GC(13) Metaspace: 9014K(9280K)->9014K(9280K) NonClass: 8034K(8192K)->8034K(8192K) Class: 979K(1088K)->979K(1088K)
[2026-01-16T08:14:21.428+0000][gc          ] GC(13) Pause Young (Normal) (G1 Evacuation Pause) 174M->23M(1024M) 851.586ms
[2026-01-16T08:14:21.428+0000][gc,cpu      ] GC(13) User=0.38s Sys=0.11s Real=0.85s
[2026-01-16T08:14:26.756+0000][gc,start    ] GC(14) Pause Young (Normal) (G1 Evacuation Pause)
[2026-01-16T08:14:26.758+0000][gc,task     ] GC(14) Using 8 workers of 8 for evacuation
[2026-01-16T08:14:27.619+0000][gc,mmu      ] GC(14) MMU target violated: 201.0ms (200.0ms/201.0ms)
[2026-01-16T08:14:27.620+0000][gc,phases   ] GC(14)   Pre Evacuate Collection Set: 77.7ms
[2026-01-16T08:14:27.621+0000][gc,phases   ] GC(14)   Merge Heap Roots: 16.9ms
[2026-01-16T08:14:27.621+0000][gc,phases   ] GC(14)   Evacuate Collection Set: 739.3ms
[2026-01-16T08:14:27.622+0000][gc,phases   ] GC(14)   Post Evacuate Collection Set: 25.6ms
[2026-01-16T08:14:27.635+0000][gc,phases   ] GC(14)   Other: 2.6ms
[2026-01-16T08:14:27.640+0000][gc,heap     ] GC(14) Eden regions: 48->0(48)
[2026-01-16T08:14:27.640+0000][gc,heap     ] GC(14) Survivor regions: 3->3(7)
[2026-01-16T08:14:27.641+0000][gc,heap     ] GC(14) Old regions: 17->17
[2026-01-16T08:14:27.641+0000][gc,heap     ] GC(14) Humongous regions: 4->4
[2026-01-16T08:14:27.641+0000][gc,metaspace] GC(14) Metaspace: 9091K(9472K)->9091K(9472K) NonClass: 8109K(8320K)->8109K(8320K) Class: 982K(1152K)->982K(1152K)
[2026-01-16T08:14:27.642+0000][gc          ] GC(14) Pause Young (Normal) (G1 Evacuation Pause) 71M->23M(1024M) 885.538ms
[2026-01-16T08:14:27.642+0000][gc,cpu      ] GC(14) User=0.23s Sys=0.04s Real=0.89s
[2026-01-16T08:14:31.396+0000][gc,start    ] GC(15) Pause Young (Normal) (G1 Evacuation Pause)
[2026-01-16T08:14:31.405+0000][gc,task     ] GC(15) Using 8 workers of 8 for evacuation
[2026-01-16T08:14:32.871+0000][gc,mmu      ] GC(15) MMU target violated: 201.0ms (200.0ms/201.0ms)
[2026-01-16T08:14:32.889+0000][gc,phases   ] GC(15)   Pre Evacuate Collection Set: 419.1ms
[2026-01-16T08:14:32.891+0000][gc,phases   ] GC(15)   Merge Heap Roots: 90.9ms
[2026-01-16T08:14:32.894+0000][gc,phases   ] GC(15)   Evacuate Collection Set: 793.9ms
[2026-01-16T08:14:32.900+0000][gc,phases   ] GC(15)   Post Evacuate Collection Set: 160.9ms
[2026-01-16T08:14:32.906+0000][gc,phases   ] GC(15)   Other: 18.4ms
[2026-01-16T08:14:32.909+0000][gc,heap     ] GC(15) Eden regions: 48->0(48)
[2026-01-16T08:14:32.912+0000][gc,heap     ] GC(15) Survivor regions: 3->3(7)
[2026-01-16T08:14:32.918+0000][gc,heap     ] GC(15) Old regions: 17->17
[2026-01-16T08:14:32.923+0000][gc,heap     ] GC(15) Humongous regions: 4->4
[2026-01-16T08:14:33.003+0000][gc,metaspace] GC(15) Metaspace: 9142K(9472K)->9142K(9472K) NonClass: 8159K(8320K)->8159K(8320K) Class: 982K(1152K)->982K(1152K)
[2026-01-16T08:14:33.012+0000][gc          ] GC(15) Pause Young (Normal) (G1 Evacuation Pause) 71M->23M(1024M) 1615.265ms
[2026-01-16T08:14:33.017+0000][gc,cpu      ] GC(15) User=0.43s Sys=0.10s Real=1.64s
[2026-01-16T08:14:38.724+0000][gc,start    ] GC(16) Pause Young (Normal) (G1 Evacuation Pause)
[2026-01-16T08:14:38.727+0000][gc,task     ] GC(16) Using 8 workers of 8 for evacuation
[2026-01-16T08:14:39.302+0000][gc,mmu      ] GC(16) MMU target violated: 201.0ms (200.0ms/201.0ms)
[2026-01-16T08:14:39.304+0000][gc,phases   ] GC(16)   Pre Evacuate Collection Set: 52.3ms
[2026-01-16T08:14:39.305+0000][gc,phases   ] GC(16)   Merge Heap Roots: 7.3ms
[2026-01-16T08:14:39.305+0000][gc,phases   ] GC(16)   Evacuate Collection Set: 494.0ms
[2026-01-16T08:14:39.306+0000][gc,phases   ] GC(16)   Post Evacuate Collection Set: 20.0ms
[2026-01-16T08:14:39.306+0000][gc,phases   ] GC(16)   Other: 3.0ms
[2026-01-16T08:14:39.306+0000][gc,heap     ] GC(16) Eden regions: 48->0(48)
[2026-01-16T08:14:39.309+0000][gc,heap     ] GC(16) Survivor regions: 3->3(7)
[2026-01-16T08:14:39.312+0000][gc,heap     ] GC(16) Old regions: 17->17
[2026-01-16T08:14:39.313+0000][gc,heap     ] GC(16) Humongous regions: 4->4
[2026-01-16T08:14:39.314+0000][gc,metaspace] GC(16) Metaspace: 9154K(9472K)->9154K(9472K) NonClass: 8170K(8320K)->8170K(8320K) Class: 983K(1152K)->983K(1152K)
[2026-01-16T08:14:39.315+0000][gc          ] GC(16) Pause Young (Normal) (G1 Evacuation Pause) 71M->23M(1024M) 590.088ms
[2026-01-16T08:14:39.315+0000][gc,cpu      ] GC(16) User=0.27s Sys=0.03s Real=0.59s
[2026-01-16T08:14:40.902+0000][gc,start    ] GC(17) Pause Young (Normal) (G1 Evacuation Pause)
[2026-01-16T08:14:40.908+0000][gc,task     ] GC(17) Using 8 workers of 8 for evacuation
[2026-01-16T08:14:41.112+0000][gc,mmu      ] GC(17) MMU target violated: 201.0ms (200.0ms/201.0ms)
[2026-01-16T08:14:41.112+0000][gc,phases   ] GC(17)   Pre Evacuate Collection Set: 42.5ms
[2026-01-16T08:14:41.112+0000][gc,phases   ] GC(17)   Merge Heap Roots: 4.8ms
[2026-01-16T08:14:41.113+0000][gc,phases   ] GC(17)   Evacuate Collection Set: 147.6ms
[2026-01-16T08:14:41.113+0000][gc,phases   ] GC(17)   Post Evacuate Collection Set: 7.9ms
[2026-01-16T08:14:41.113+0000][gc,phases   ] GC(17)   Other: 6.0ms
[2026-01-16T08:14:41.113+0000][gc,heap     ] GC(17) Eden regions: 48->0(47)
[2026-01-16T08:14:41.114+0000][gc,heap     ] GC(17) Survivor regions: 3->4(7)
[2026-01-16T08:14:41.114+0000][gc,heap     ] GC(17) Old regions: 17->17
[2026-01-16T08:14:41.115+0000][gc,heap     ] GC(17) Humongous regions: 4->4
[2026-01-16T08:14:41.115+0000][gc,metaspace] GC(17) Metaspace: 9165K(9472K)->9165K(9472K) NonClass: 8182K(8320K)->8182K(8320K) Class: 983K(1152K)->983K(1152K)
[2026-01-16T08:14:41.115+0000][gc          ] GC(17) Pause Young (Normal) (G1 Evacuation Pause) 71M->24M(1024M) 212.811ms
[2026-01-16T08:14:41.115+0000][gc,cpu      ] GC(17) User=0.09s Sys=0.00s Real=0.21s
[2026-01-16T08:14:43.633+0000][gc,start    ] GC(18) Pause Young (Normal) (G1 Evacuation Pause)
[2026-01-16T08:14:43.648+0000][gc,task     ] GC(18) Using 8 workers of 8 for evacuation
[2026-01-16T08:14:43.799+0000][gc,phases   ] GC(18)   Pre Evacuate Collection Set: 14.4ms
[2026-01-16T08:14:43.814+0000][gc,phases   ] GC(18)   Merge Heap Roots: 1.2ms
[2026-01-16T08:14:43.815+0000][gc,phases   ] GC(18)   Evacuate Collection Set: 125.2ms
[2026-01-16T08:14:43.815+0000][gc,phases   ] GC(18)   Post Evacuate Collection Set: 2.4ms
[2026-01-16T08:14:43.817+0000][gc,phases   ] GC(18)   Other: 6.9ms
[2026-01-16T08:14:43.847+0000][gc,heap     ] GC(18) Eden regions: 47->0(49)
[2026-01-16T08:14:43.847+0000][gc,heap     ] GC(18) Survivor regions: 4->2(7)
[2026-01-16T08:14:43.847+0000][gc,heap     ] GC(18) Old regions: 17->18
[2026-01-16T08:14:43.847+0000][gc,heap     ] GC(18) Humongous regions: 4->4
[2026-01-16T08:14:43.847+0000][gc,metaspace] GC(18) Metaspace: 9175K(9472K)->9175K(9472K) NonClass: 8192K(8320K)->8192K(8320K) Class: 983K(1152K)->983K(1152K)
[2026-01-16T08:14:43.847+0000][gc          ] GC(18) Pause Young (Normal) (G1 Evacuation Pause) 71M->23M(1024M) 214.235ms
[2026-01-16T08:14:43.847+0000][gc,cpu      ] GC(18) User=0.13s Sys=0.03s Real=0.21s
[2026-01-16T08:14:46.371+0000][gc,start    ] GC(19) Pause Young (Normal) (G1 Evacuation Pause)
[2026-01-16T08:14:46.372+0000][gc,task     ] GC(19) Using 8 workers of 8 for evacuation
[2026-01-16T08:14:46.546+0000][gc,phases   ] GC(19)   Pre Evacuate Collection Set: 36.6ms
[2026-01-16T08:14:46.548+0000][gc,phases   ] GC(19)   Merge Heap Roots: 9.8ms
[2026-01-16T08:14:46.552+0000][gc,phases   ] GC(19)   Evacuate Collection Set: 109.1ms
[2026-01-16T08:14:46.555+0000][gc,phases   ] GC(19)   Post Evacuate Collection Set: 12.8ms
[2026-01-16T08:14:46.556+0000][gc,phases   ] GC(19)   Other: 6.1ms
[2026-01-16T08:14:46.560+0000][gc,heap     ] GC(19) Eden regions: 49->0(50)
[2026-01-16T08:14:46.561+0000][gc,heap     ] GC(19) Survivor regions: 2->1(7)
[2026-01-16T08:14:46.562+0000][gc,heap     ] GC(19) Old regions: 18->19
[2026-01-16T08:14:46.565+0000][gc,heap     ] GC(19) Humongous regions: 4->4
[2026-01-16T08:14:46.568+0000][gc,metaspace] GC(19) Metaspace: 9209K(9536K)->9209K(9536K) NonClass: 8223K(8384K)->8223K(8384K) Class: 985K(1152K)->985K(1152K)
[2026-01-16T08:14:46.569+0000][gc          ] GC(19) Pause Young (Normal) (G1 Evacuation Pause) 72M->22M(1024M) 198.158ms
[2026-01-16T08:14:46.569+0000][gc,cpu      ] GC(19) User=0.07s Sys=0.02s Real=0.20s
[2026-01-16T08:14:49.150+0000][gc,start    ] GC(20) Pause Young (Normal) (G1 Evacuation Pause)
[2026-01-16T08:14:49.155+0000][gc,task     ] GC(20) Using 8 workers of 8 for evacuation
[2026-01-16T08:14:49.276+0000][gc,phases   ] GC(20)   Pre Evacuate Collection Set: 19.1ms
[2026-01-16T08:14:49.282+0000][gc,phases   ] GC(20)   Merge Heap Roots: 3.4ms
[2026-01-16T08:14:49.285+0000][gc,phases   ] GC(20)   Evacuate Collection Set: 85.5ms
[2026-01-16T08:14:49.286+0000][gc,phases   ] GC(20)   Post Evacuate Collection Set: 12.1ms
[2026-01-16T08:14:49.289+0000][gc,phases   ] GC(20)   Other: 0.8ms
[2026-01-16T08:14:49.292+0000][gc,heap     ] GC(20) Eden regions: 50->0(49)
[2026-01-16T08:14:49.293+0000][gc,heap     ] GC(20) Survivor regions: 1->2(7)
[2026-01-16T08:14:49.296+0000][gc,heap     ] GC(20) Old regions: 19->19
[2026-01-16T08:14:49.296+0000][gc,heap     ] GC(20) Humongous regions: 4->4
[2026-01-16T08:14:49.297+0000][gc,metaspace] GC(20) Metaspace: 9219K(9600K)->9219K(9600K) NonClass: 8234K(8448K)->8234K(8448K) Class: 985K(1152K)->985K(1152K)
[2026-01-16T08:14:49.301+0000][gc          ] GC(20) Pause Young (Normal) (G1 Evacuation Pause) 72M->23M(1024M) 150.213ms
[2026-01-16T08:14:49.306+0000][gc,cpu      ] GC(20) User=0.09s Sys=0.01s Real=0.15s
[2026-01-16T08:14:55.966+0000][gc,start    ] GC(21) Pause Young (Normal) (G1 Evacuation Pause)
[2026-01-16T08:14:55.988+0000][gc,task     ] GC(21) Using 8 workers of 8 for evacuation
[2026-01-16T08:14:56.107+0000][gc,phases   ] GC(21)   Pre Evacuate Collection Set: 39.3ms
[2026-01-16T08:14:56.108+0000][gc,phases   ] GC(21)   Merge Heap Roots: 4.0ms
[2026-01-16T08:14:56.108+0000][gc,phases   ] GC(21)   Evacuate Collection Set: 65.1ms
[2026-01-16T08:14:56.108+0000][gc,phases   ] GC(21)   Post Evacuate Collection Set: 9.7ms
[2026-01-16T08:14:56.108+0000][gc,phases   ] GC(21)   Other: 19.0ms
[2026-01-16T08:14:56.109+0000][gc,heap     ] GC(21) Eden regions: 49->0(50)
[2026-01-16T08:14:56.109+0000][gc,heap     ] GC(21) Survivor regions: 2->1(7)
[2026-01-16T08:14:56.110+0000][gc,heap     ] GC(21) Old regions: 19->19
[2026-01-16T08:14:56.112+0000][gc,heap     ] GC(21) Humongous regions: 4->4
[2026-01-16T08:14:56.113+0000][gc,metaspace] GC(21) Metaspace: 9253K(9600K)->9253K(9600K) NonClass: 8268K(8448K)->8268K(8448K) Class: 985K(1152K)->985K(1152K)
[2026-01-16T08:14:56.115+0000][gc          ] GC(21) Pause Young (Normal) (G1 Evacuation Pause) 72M->22M(1024M) 148.396ms
[2026-01-16T08:14:56.115+0000][gc,cpu      ] GC(21) User=0.06s Sys=0.01s Real=0.15s
[2026-01-16T08:14:58.522+0000][gc,start    ] GC(22) Pause Young (Normal) (G1 Evacuation Pause)
[2026-01-16T08:14:58.524+0000][gc,task     ] GC(22) Using 8 workers of 8 for evacuation
[2026-01-16T08:14:58.575+0000][gc,phases   ] GC(22)   Pre Evacuate Collection Set: 4.9ms
[2026-01-16T08:14:58.577+0000][gc,phases   ] GC(22)   Merge Heap Roots: 1.5ms
[2026-01-16T08:14:58.577+0000][gc,phases   ] GC(22)   Evacuate Collection Set: 40.7ms
[2026-01-16T08:14:58.578+0000][gc,phases   ] GC(22)   Post Evacuate Collection Set: 0.9ms
[2026-01-16T08:14:58.579+0000][gc,phases   ] GC(22)   Other: 3.8ms
[2026-01-16T08:14:58.579+0000][gc,heap     ] GC(22) Eden regions: 50->0(49)
[2026-01-16T08:14:58.579+0000][gc,heap     ] GC(22) Survivor regions: 1->2(7)
[2026-01-16T08:14:58.580+0000][gc,heap     ] GC(22) Old regions: 19->19
[2026-01-16T08:14:58.580+0000][gc,heap     ] GC(22) Humongous regions: 4->4
[2026-01-16T08:14:58.580+0000][gc,metaspace] GC(22) Metaspace: 9267K(9600K)->9267K(9600K) NonClass: 8282K(8448K)->8282K(8448K) Class: 985K(1152K)->985K(1152K)
[2026-01-16T08:14:58.581+0000][gc          ] GC(22) Pause Young (Normal) (G1 Evacuation Pause) 72M->23M(1024M) 58.553ms
[2026-01-16T08:14:58.581+0000][gc,cpu      ] GC(22) User=0.04s Sys=0.00s Real=0.06s
[2026-01-16T08:15:06.793+0000][gc,start    ] GC(23) Pause Young (Normal) (G1 Evacuation Pause)
[2026-01-16T08:15:06.795+0000][gc,task     ] GC(23) Using 8 workers of 8 for evacuation
[2026-01-16T08:15:06.960+0000][gc,phases   ] GC(23)   Pre Evacuate Collection Set: 18.4ms
[2026-01-16T08:15:06.964+0000][gc,phases   ] GC(23)   Merge Heap Roots: 11.7ms
[2026-01-16T08:15:06.964+0000][gc,phases   ] GC(23)   Evacuate Collection Set: 112.0ms
[2026-01-16T08:15:06.966+0000][gc,phases   ] GC(23)   Post Evacuate Collection Set: 8.4ms
[2026-01-16T08:15:06.966+0000][gc,phases   ] GC(23)   Other: 14.9ms
[2026-01-16T08:15:06.971+0000][gc,heap     ] GC(23) Eden regions: 49->0(65)
[2026-01-16T08:15:06.973+0000][gc,heap     ] GC(23) Survivor regions: 2->1(7)
[2026-01-16T08:15:06.975+0000][gc,heap     ] GC(23) Old regions: 19->19
[2026-01-16T08:15:06.978+0000][gc,heap     ] GC(23) Humongous regions: 4->4
[2026-01-16T08:15:06.984+0000][gc,metaspace] GC(23) Metaspace: 9317K(9664K)->9317K(9664K) NonClass: 8331K(8512K)->8331K(8512K) Class: 985K(1152K)->985K(1152K)
[2026-01-16T08:15:06.986+0000][gc          ] GC(23) Pause Young (Normal) (G1 Evacuation Pause) 72M->22M(1024M) 193.292ms
[2026-01-16T08:15:06.989+0000][gc,cpu      ] GC(23) User=0.07s Sys=0.00s Real=0.19s
[2026-01-16T08:15:15.565+0000][gc,start    ] GC(24) Pause Young (Normal) (G1 Evacuation Pause)
[2026-01-16T08:15:15.574+0000][gc,task     ] GC(24) Using 8 workers of 8 for evacuation
[2026-01-16T08:15:15.688+0000][gc,phases   ] GC(24)   Pre Evacuate Collection Set: 30.9ms
[2026-01-16T08:15:15.691+0000][gc,phases   ] GC(24)   Merge Heap Roots: 2.4ms
[2026-01-16T08:15:15.695+0000][gc,phases   ] GC(24)   Evacuate Collection Set: 64.8ms
[2026-01-16T08:15:15.696+0000][gc,phases   ] GC(24)   Post Evacuate Collection Set: 13.9ms
[2026-01-16T08:15:15.700+0000][gc,phases   ] GC(24)   Other: 1.8ms
[2026-01-16T08:15:15.701+0000][gc,heap     ] GC(24) Eden regions: 101->0(144)
[2026-01-16T08:15:15.704+0000][gc,heap     ] GC(24) Survivor regions: 1->1(13)
[2026-01-16T08:15:15.705+0000][gc,heap     ] GC(24) Old regions: 19->19
[2026-01-16T08:15:15.706+0000][gc,heap     ] GC(24) Humongous regions: 4->4
[2026-01-16T08:15:15.706+0000][gc,metaspace] GC(24) Metaspace: 9372K(9728K)->9372K(9728K) NonClass: 8387K(8576K)->8387K(8576K) Class: 985K(1152K)->985K(1152K)
[2026-01-16T08:15:15.707+0000][gc          ] GC(24) Pause Young (Normal) (G1 Evacuation Pause) 123M->22M(1024M) 142.103ms
[2026-01-16T08:15:15.708+0000][gc,cpu      ] GC(24) User=0.06s Sys=0.01s Real=0.14s
[2026-01-16T08:15:25.894+0000][gc,start    ] GC(25) Pause Young (Normal) (G1 Evacuation Pause)
[2026-01-16T08:15:25.898+0000][gc,task     ] GC(25) Using 8 workers of 8 for evacuation
[2026-01-16T08:15:26.116+0000][gc,mmu      ] GC(25) MMU target violated: 201.0ms (200.0ms/201.0ms)
[2026-01-16T08:15:26.125+0000][gc,phases   ] GC(25)   Pre Evacuate Collection Set: 60.1ms
[2026-01-16T08:15:26.125+0000][gc,phases   ] GC(25)   Merge Heap Roots: 3.4ms
[2026-01-16T08:15:26.126+0000][gc,phases   ] GC(25)   Evacuate Collection Set: 139.5ms
[2026-01-16T08:15:26.126+0000][gc,phases   ] GC(25)   Post Evacuate Collection Set: 9.0ms
[2026-01-16T08:15:26.127+0000][gc,phases   ] GC(25)   Other: 15.3ms
[2026-01-16T08:15:26.127+0000][gc,heap     ] GC(25) Eden regions: 98->0(211)
[2026-01-16T08:15:26.128+0000][gc,heap     ] GC(25) Survivor regions: 1->1(13)
[2026-01-16T08:15:26.128+0000][gc,heap     ] GC(25) Old regions: 19->19
[2026-01-16T08:15:26.128+0000][gc,heap     ] GC(25) Humongous regions: 4->4
[2026-01-16T08:15:26.128+0000][gc,metaspace] GC(25) Metaspace: 9451K(9792K)->9451K(9792K) NonClass: 8458K(8640K)->8458K(8640K) Class: 993K(1152K)->993K(1152K)
[2026-01-16T08:15:26.129+0000][gc          ] GC(25) Pause Young (Normal) (G1 Evacuation Pause) 120M->22M(1024M) 234.244ms
[2026-01-16T08:15:26.129+0000][gc,cpu      ] GC(25) User=0.07s Sys=0.01s Real=0.23s
[2026-01-16T08:15:38.810+0000][gc,start    ] GC(26) Pause Young (Normal) (G1 Evacuation Pause)
[2026-01-16T08:15:38.815+0000][gc,task     ] GC(26) Using 8 workers of 8 for evacuation
[2026-01-16T08:15:39.561+0000][gc,mmu      ] GC(26) MMU target violated: 201.0ms (200.0ms/201.0ms)
[2026-01-16T08:15:39.563+0000][gc,phases   ] GC(26)   Pre Evacuate Collection Set: 61.9ms
[2026-01-16T08:15:39.563+0000][gc,phases   ] GC(26)   Merge Heap Roots: 10.2ms
[2026-01-16T08:15:39.564+0000][gc,phases   ] GC(26)   Evacuate Collection Set: 632.7ms
[2026-01-16T08:15:39.565+0000][gc,phases   ] GC(26)   Post Evacuate Collection Set: 25.5ms
[2026-01-16T08:15:39.566+0000][gc,phases   ] GC(26)   Other: 19.9ms
[2026-01-16T08:15:39.566+0000][gc,heap     ] GC(26) Eden regions: 162->0(49)
[2026-01-16T08:15:39.578+0000][gc,heap     ] GC(26) Survivor regions: 1->2(21)
[2026-01-16T08:15:39.587+0000][gc,heap     ] GC(26) Old regions: 19->19
[2026-01-16T08:15:39.587+0000][gc,heap     ] GC(26) Humongous regions: 4->4
[2026-01-16T08:15:39.605+0000][gc,metaspace] GC(26) Metaspace: 9556K(9856K)->9556K(9856K) NonClass: 8562K(8704K)->8562K(8704K) Class: 993K(1152K)->993K(1152K)
[2026-01-16T08:15:39.633+0000][gc          ] GC(26) Pause Young (Normal) (G1 Evacuation Pause) 184M->23M(1024M) 823.043ms
[2026-01-16T08:15:39.633+0000][gc,cpu      ] GC(26) User=0.14s Sys=0.07s Real=0.83s
[2026-01-16T08:15:45.714+0000][gc,start    ] GC(27) Pause Young (Normal) (G1 Evacuation Pause)
[2026-01-16T08:15:45.720+0000][gc,task     ] GC(27) Using 8 workers of 8 for evacuation
[2026-01-16T08:15:45.846+0000][gc,phases   ] GC(27)   Pre Evacuate Collection Set: 23.7ms
[2026-01-16T08:15:45.847+0000][gc,phases   ] GC(27)   Merge Heap Roots: 0.9ms
[2026-01-16T08:15:45.847+0000][gc,phases   ] GC(27)   Evacuate Collection Set: 82.0ms
[2026-01-16T08:15:45.847+0000][gc,phases   ] GC(27)   Post Evacuate Collection Set: 7.1ms
[2026-01-16T08:15:45.848+0000][gc,phases   ] GC(27)   Other: 13.1ms
[2026-01-16T08:15:45.849+0000][gc,heap     ] GC(27) Eden regions: 49->0(50)
[2026-01-16T08:15:45.849+0000][gc,heap     ] GC(27) Survivor regions: 2->1(7)
[2026-01-16T08:15:45.850+0000][gc,heap     ] GC(27) Old regions: 19->19
[2026-01-16T08:15:45.850+0000][gc,heap     ] GC(27) Humongous regions: 4->4
[2026-01-16T08:15:45.850+0000][gc,metaspace] GC(27) Metaspace: 9586K(9920K)->9586K(9920K) NonClass: 8593K(8768K)->8593K(8768K) Class: 993K(1152K)->993K(1152K)
[2026-01-16T08:15:45.850+0000][gc          ] GC(27) Pause Young (Normal) (G1 Evacuation Pause) 72M->22M(1024M) 136.278ms
[2026-01-16T08:15:45.851+0000][gc,cpu      ] GC(27) User=0.06s Sys=0.00s Real=0.13s
[2026-01-16T08:15:48.066+0000][gc,start    ] GC(28) Pause Young (Normal) (G1 Evacuation Pause)
[2026-01-16T08:15:48.070+0000][gc,task     ] GC(28) Using 8 workers of 8 for evacuation
[2026-01-16T08:15:48.183+0000][gc,phases   ] GC(28)   Pre Evacuate Collection Set: 16.0ms
[2026-01-16T08:15:48.183+0000][gc,phases   ] GC(28)   Merge Heap Roots: 0.4ms
[2026-01-16T08:15:48.183+0000][gc,phases   ] GC(28)   Evacuate Collection Set: 84.4ms
[2026-01-16T08:15:48.183+0000][gc,phases   ] GC(28)   Post Evacuate Collection Set: 7.2ms
[2026-01-16T08:15:48.184+0000][gc,phases   ] GC(28)   Other: 4.4ms
[2026-01-16T08:15:48.184+0000][gc,heap     ] GC(28) Eden regions: 50->0(49)
[2026-01-16T08:15:48.185+0000][gc,heap     ] GC(28) Survivor regions: 1->2(7)
[2026-01-16T08:15:48.185+0000][gc,heap     ] GC(28) Old regions: 19->19
[2026-01-16T08:15:48.185+0000][gc,heap     ] GC(28) Humongous regions: 4->4
[2026-01-16T08:15:48.185+0000][gc,metaspace] GC(28) Metaspace: 9638K(9984K)->9638K(9984K) NonClass: 8645K(8832K)->8645K(8832K) Class: 993K(1152K)->993K(1152K)
[2026-01-16T08:15:48.185+0000][gc          ] GC(28) Pause Young (Normal) (G1 Evacuation Pause) 72M->23M(1024M) 118.944ms
[2026-01-16T08:15:48.185+0000][gc,cpu      ] GC(28) User=0.05s Sys=0.00s Real=0.12s
[2026-01-16T08:15:55.639+0000][gc,start    ] GC(29) Pause Young (Normal) (G1 Evacuation Pause)
[2026-01-16T08:15:55.649+0000][gc,task     ] GC(29) Using 8 workers of 8 for evacuation
[2026-01-16T08:15:55.727+0000][gc,phases   ] GC(29)   Pre Evacuate Collection Set: 13.7ms
[2026-01-16T08:15:55.727+0000][gc,phases   ] GC(29)   Merge Heap Roots: 1.4ms
[2026-01-16T08:15:55.727+0000][gc,phases   ] GC(29)   Evacuate Collection Set: 48.0ms
[2026-01-16T08:15:55.728+0000][gc,phases   ] GC(29)   Post Evacuate Collection Set: 7.8ms
[2026-01-16T08:15:55.728+0000][gc,phases   ] GC(29)   Other: 13.5ms
[2026-01-16T08:15:55.728+0000][gc,heap     ] GC(29) Eden regions: 49->0(83)
[2026-01-16T08:15:55.729+0000][gc,heap     ] GC(29) Survivor regions: 2->1(7)
[2026-01-16T08:15:55.729+0000][gc,heap     ] GC(29) Old regions: 19->19
[2026-01-16T08:15:55.730+0000][gc,heap     ] GC(29) Humongous regions: 4->4
[2026-01-16T08:15:55.730+0000][gc,metaspace] GC(29) Metaspace: 9654K(9984K)->9654K(9984K) NonClass: 8661K(8832K)->8661K(8832K) Class: 993K(1152K)->993K(1152K)
[2026-01-16T08:15:55.731+0000][gc          ] GC(29) Pause Young (Normal) (G1 Evacuation Pause) 72M->22M(1024M) 92.422ms
[2026-01-16T08:15:55.732+0000][gc,cpu      ] GC(29) User=0.06s Sys=0.01s Real=0.09s
[2026-01-16T08:15:59.721+0000][gc,start    ] GC(30) Pause Young (Normal) (G1 Evacuation Pause)
[2026-01-16T08:15:59.727+0000][gc,task     ] GC(30) Using 8 workers of 8 for evacuation
[2026-01-16T08:15:59.917+0000][gc,phases   ] GC(30)   Pre Evacuate Collection Set: 29.1ms
[2026-01-16T08:15:59.919+0000][gc,phases   ] GC(30)   Merge Heap Roots: 0.4ms
[2026-01-16T08:15:59.919+0000][gc,phases   ] GC(30)   Evacuate Collection Set: 137.4ms
[2026-01-16T08:15:59.922+0000][gc,phases   ] GC(30)   Post Evacuate Collection Set: 22.3ms
[2026-01-16T08:15:59.926+0000][gc,phases   ] GC(30)   Other: 7.8ms
[2026-01-16T08:15:59.927+0000][gc,heap     ] GC(30) Eden regions: 79->0(49)
[2026-01-16T08:15:59.927+0000][gc,heap     ] GC(30) Survivor regions: 1->2(10)
[2026-01-16T08:15:59.928+0000][gc,heap     ] GC(30) Old regions: 19->19
[2026-01-16T08:15:59.929+0000][gc,heap     ] GC(30) Humongous regions: 4->4
[2026-01-16T08:15:59.931+0000][gc,metaspace] GC(30) Metaspace: 9671K(9984K)->9671K(9984K) NonClass: 8678K(8832K)->8678K(8832K) Class: 993K(1152K)->993K(1152K)
[2026-01-16T08:15:59.932+0000][gc          ] GC(30) Pause Young (Normal) (G1 Evacuation Pause) 101M->23M(1024M) 216.560ms
[2026-01-16T08:15:59.935+0000][gc,cpu      ] GC(30) User=0.10s Sys=0.01s Real=0.22s
[2026-01-16T08:16:06.860+0000][gc,start    ] GC(31) Pause Young (Normal) (G1 Evacuation Pause)
[2026-01-16T08:16:06.869+0000][gc,task     ] GC(31) Using 8 workers of 8 for evacuation
[2026-01-16T08:16:06.959+0000][gc,phases   ] GC(31)   Pre Evacuate Collection Set: 26.2ms
[2026-01-16T08:16:06.960+0000][gc,phases   ] GC(31)   Merge Heap Roots: 0.7ms
[2026-01-16T08:16:06.960+0000][gc,phases   ] GC(31)   Evacuate Collection Set: 59.0ms
[2026-01-16T08:16:06.961+0000][gc,phases   ] GC(31)   Post Evacuate Collection Set: 3.1ms
[2026-01-16T08:16:06.961+0000][gc,phases   ] GC(31)   Other: 6.4ms
[2026-01-16T08:16:06.962+0000][gc,heap     ] GC(31) Eden regions: 57->0(104)
[2026-01-16T08:16:06.962+0000][gc,heap     ] GC(31) Survivor regions: 2->1(8)
[2026-01-16T08:16:06.962+0000][gc,heap     ] GC(31) Old regions: 19->19
[2026-01-16T08:16:06.963+0000][gc,heap     ] GC(31) Humongous regions: 4->4
[2026-01-16T08:16:06.963+0000][gc,metaspace] GC(31) Metaspace: 9679K(9984K)->9679K(9984K) NonClass: 8686K(8832K)->8686K(8832K) Class: 993K(1152K)->993K(1152K)
[2026-01-16T08:16:06.964+0000][gc          ] GC(31) Pause Young (Normal) (G1 Evacuation Pause) 80M->23M(1024M) 106.995ms
[2026-01-16T08:16:06.965+0000][gc,cpu      ] GC(31) User=0.07s Sys=0.01s Real=0.11s
[2026-01-16T08:16:18.259+0000][gc,start    ] GC(32) Pause Young (Normal) (G1 Evacuation Pause)
[2026-01-16T08:16:18.298+0000][gc,task     ] GC(32) Using 8 workers of 8 for evacuation
[2026-01-16T08:16:18.562+0000][gc,mmu      ] GC(32) MMU target violated: 201.0ms (200.0ms/201.0ms)
[2026-01-16T08:16:18.564+0000][gc,phases   ] GC(32)   Pre Evacuate Collection Set: 55.8ms
[2026-01-16T08:16:18.565+0000][gc,phases   ] GC(32)   Merge Heap Roots: 1.2ms
[2026-01-16T08:16:18.567+0000][gc,phases   ] GC(32)   Evacuate Collection Set: 185.4ms
[2026-01-16T08:16:18.568+0000][gc,phases   ] GC(32)   Post Evacuate Collection Set: 20.2ms
[2026-01-16T08:16:18.568+0000][gc,phases   ] GC(32)   Other: 21.3ms
[2026-01-16T08:16:18.568+0000][gc,heap     ] GC(32) Eden regions: 118->0(59)
[2026-01-16T08:16:18.569+0000][gc,heap     ] GC(32) Survivor regions: 1->1(15)
[2026-01-16T08:16:18.569+0000][gc,heap     ] GC(32) Old regions: 19->19
[2026-01-16T08:16:18.569+0000][gc,heap     ] GC(32) Humongous regions: 4->4
[2026-01-16T08:16:18.569+0000][gc,metaspace] GC(32) Metaspace: 9801K(10176K)->9801K(10176K) NonClass: 8807K(9024K)->8807K(9024K) Class: 994K(1152K)->994K(1152K)
[2026-01-16T08:16:18.570+0000][gc          ] GC(32) Pause Young (Normal) (G1 Evacuation Pause) 141M->23M(1024M) 310.436ms
[2026-01-16T08:16:18.571+0000][gc,cpu      ] GC(32) User=0.12s Sys=0.02s Real=0.31s
[2026-01-16T08:16:25.403+0000][gc,start    ] GC(33) Pause Young (Normal) (G1 Evacuation Pause)
[2026-01-16T08:16:25.407+0000][gc,task     ] GC(33) Using 8 workers of 8 for evacuation
[2026-01-16T08:16:25.498+0000][gc,phases   ] GC(33)   Pre Evacuate Collection Set: 10.5ms
[2026-01-16T08:16:25.502+0000][gc,phases   ] GC(33)   Merge Heap Roots: 1.4ms
[2026-01-16T08:16:25.503+0000][gc,phases   ] GC(33)   Evacuate Collection Set: 70.8ms
[2026-01-16T08:16:25.504+0000][gc,phases   ] GC(33)   Post Evacuate Collection Set: 4.7ms
[2026-01-16T08:16:25.504+0000][gc,phases   ] GC(33)   Other: 4.5ms
[2026-01-16T08:16:25.505+0000][gc,heap     ] GC(33) Eden regions: 65->0(175)
[2026-01-16T08:16:25.508+0000][gc,heap     ] GC(33) Survivor regions: 1->1(9)
[2026-01-16T08:16:25.514+0000][gc,heap     ] GC(33) Old regions: 19->19
[2026-01-16T08:16:25.517+0000][gc,heap     ] GC(33) Humongous regions: 4->4
[2026-01-16T08:16:25.523+0000][gc,metaspace] GC(33) Metaspace: 9804K(10176K)->9804K(10176K) NonClass: 8810K(9024K)->8810K(9024K) Class: 994K(1152K)->994K(1152K)
[2026-01-16T08:16:25.531+0000][gc          ] GC(33) Pause Young (Normal) (G1 Evacuation Pause) 88M->22M(1024M) 127.412ms
[2026-01-16T08:16:25.557+0000][gc,cpu      ] GC(33) User=0.07s Sys=0.01s Real=0.15s
[2026-01-16T08:16:35.564+0000][gc,start    ] GC(34) Pause Young (Normal) (G1 Evacuation Pause)
[2026-01-16T08:16:35.565+0000][gc,task     ] GC(34) Using 8 workers of 8 for evacuation
[2026-01-16T08:16:35.666+0000][gc,phases   ] GC(34)   Pre Evacuate Collection Set: 10.1ms
[2026-01-16T08:16:35.666+0000][gc,phases   ] GC(34)   Merge Heap Roots: 2.5ms
[2026-01-16T08:16:35.666+0000][gc,phases   ] GC(34)   Evacuate Collection Set: 74.8ms
[2026-01-16T08:16:35.667+0000][gc,phases   ] GC(34)   Post Evacuate Collection Set: 12.8ms
[2026-01-16T08:16:35.668+0000][gc,phases   ] GC(34)   Other: 0.7ms
[2026-01-16T08:16:35.668+0000][gc,heap     ] GC(34) Eden regions: 127->0(270)
[2026-01-16T08:16:35.668+0000][gc,heap     ] GC(34) Survivor regions: 1->1(16)
[2026-01-16T08:16:35.668+0000][gc,heap     ] GC(34) Old regions: 19->19
[2026-01-16T08:16:35.668+0000][gc,heap     ] GC(34) Humongous regions: 4->4
[2026-01-16T08:16:35.669+0000][gc,metaspace] GC(34) Metaspace: 9841K(10176K)->9841K(10176K) NonClass: 8847K(9024K)->8847K(9024K) Class: 994K(1152K)->994K(1152K)
[2026-01-16T08:16:35.669+0000][gc          ] GC(34) Pause Young (Normal) (G1 Evacuation Pause) 149M->22M(1024M) 104.837ms
[2026-01-16T08:16:35.669+0000][gc,cpu      ] GC(34) User=0.06s Sys=0.01s Real=0.10s
[2026-01-16T08:17:05.903+0000][gc,start    ] GC(35) Pause Young (Normal) (G1 Evacuation Pause)
[2026-01-16T08:17:05.904+0000][gc,task     ] GC(35) Using 8 workers of 8 for evacuation
[2026-01-16T08:17:06.113+0000][gc,mmu      ] GC(35) MMU target violated: 201.0ms (200.0ms/201.0ms)
[2026-01-16T08:17:06.114+0000][gc,phases   ] GC(35)   Pre Evacuate Collection Set: 40.1ms
[2026-01-16T08:17:06.114+0000][gc,phases   ] GC(35)   Merge Heap Roots: 1.4ms
[2026-01-16T08:17:06.115+0000][gc,phases   ] GC(35)   Evacuate Collection Set: 148.9ms
[2026-01-16T08:17:06.116+0000][gc,phases   ] GC(35)   Post Evacuate Collection Set: 16.5ms
[2026-01-16T08:17:06.117+0000][gc,phases   ] GC(35)   Other: 2.8ms
[2026-01-16T08:17:06.118+0000][gc,heap     ] GC(35) Eden regions: 312->0(613)
[2026-01-16T08:17:06.127+0000][gc,heap     ] GC(35) Survivor regions: 1->1(40)
[2026-01-16T08:17:06.128+0000][gc,heap     ] GC(35) Old regions: 19->19
[2026-01-16T08:17:06.128+0000][gc,heap     ] GC(35) Humongous regions: 4->4
[2026-01-16T08:17:06.128+0000][gc,metaspace] GC(35) Metaspace: 9939K(10240K)->9939K(10240K) NonClass: 8943K(9088K)->8943K(9088K) Class: 996K(1152K)->996K(1152K)
[2026-01-16T08:17:06.148+0000][gc          ] GC(35) Pause Young (Normal) (G1 Evacuation Pause) 334M->22M(1024M) 245.066ms
[2026-01-16T08:17:06.148+0000][gc,cpu      ] GC(35) User=0.08s Sys=0.02s Real=0.25s
[2026-01-16T08:18:14.155+0000][gc,start    ] GC(36) Pause Young (Normal) (G1 Evacuation Pause)
[2026-01-16T08:18:14.162+0000][gc,task     ] GC(36) Using 8 workers of 8 for evacuation
[2026-01-16T08:18:14.684+0000][gc,mmu      ] GC(36) MMU target violated: 201.0ms (200.0ms/201.0ms)
[2026-01-16T08:18:14.685+0000][gc,phases   ] GC(36)   Pre Evacuate Collection Set: 59.3ms
[2026-01-16T08:18:14.685+0000][gc,phases   ] GC(36)   Merge Heap Roots: 7.9ms
[2026-01-16T08:18:14.686+0000][gc,phases   ] GC(36)   Evacuate Collection Set: 392.3ms
[2026-01-16T08:18:14.686+0000][gc,phases   ] GC(36)   Post Evacuate Collection Set: 41.2ms
[2026-01-16T08:18:14.686+0000][gc,phases   ] GC(36)   Other: 21.4ms
[2026-01-16T08:18:14.687+0000][gc,heap     ] GC(36) Eden regions: 613->0(48)
[2026-01-16T08:18:14.687+0000][gc,heap     ] GC(36) Survivor regions: 1->3(77)
[2026-01-16T08:18:14.687+0000][gc,heap     ] GC(36) Old regions: 19->19
[2026-01-16T08:18:14.688+0000][gc,heap     ] GC(36) Humongous regions: 4->4
[2026-01-16T08:18:14.688+0000][gc,metaspace] GC(36) Metaspace: 10127K(10496K)->10127K(10496K) NonClass: 9129K(9344K)->9129K(9344K) Class: 998K(1152K)->998K(1152K)
[2026-01-16T08:18:14.688+0000][gc          ] GC(36) Pause Young (Normal) (G1 Evacuation Pause) 635M->24M(1024M) 533.134ms
[2026-01-16T08:18:14.688+0000][gc,cpu      ] GC(36) User=0.32s Sys=0.06s Real=0.54s
[2026-01-16T08:18:17.832+0000][gc,start    ] GC(37) Pause Young (Normal) (G1 Evacuation Pause)
[2026-01-16T08:18:17.833+0000][gc,task     ] GC(37) Using 8 workers of 8 for evacuation
[2026-01-16T08:18:17.974+0000][gc,phases   ] GC(37)   Pre Evacuate Collection Set: 29.1ms
[2026-01-16T08:18:17.977+0000][gc,phases   ] GC(37)   Merge Heap Roots: 2.7ms
[2026-01-16T08:18:17.983+0000][gc,phases   ] GC(37)   Evacuate Collection Set: 96.4ms
[2026-01-16T08:18:17.984+0000][gc,phases   ] GC(37)   Post Evacuate Collection Set: 12.7ms
[2026-01-16T08:18:17.985+0000][gc,phases   ] GC(37)   Other: 0.3ms
[2026-01-16T08:18:17.986+0000][gc,heap     ] GC(37) Eden regions: 48->0(49)
[2026-01-16T08:18:17.986+0000][gc,heap     ] GC(37) Survivor regions: 3->2(7)
[2026-01-16T08:18:17.987+0000][gc,heap     ] GC(37) Old regions: 19->19
[2026-01-16T08:18:17.990+0000][gc,heap     ] GC(37) Humongous regions: 4->4
[2026-01-16T08:18:17.992+0000][gc,metaspace] GC(37) Metaspace: 10130K(10496K)->10130K(10496K) NonClass: 9132K(9344K)->9132K(9344K) Class: 998K(1152K)->998K(1152K)
[2026-01-16T08:18:17.992+0000][gc          ] GC(37) Pause Young (Normal) (G1 Evacuation Pause) 72M->23M(1024M) 160.190ms
[2026-01-16T08:18:17.993+0000][gc,cpu      ] GC(37) User=0.11s Sys=0.01s Real=0.16s
[2026-01-16T08:18:18.922+0000][gc,start    ] GC(38) Pause Young (Normal) (G1 Evacuation Pause)
[2026-01-16T08:18:18.923+0000][gc,task     ] GC(38) Using 8 workers of 8 for evacuation
[2026-01-16T08:18:18.983+0000][gc,phases   ] GC(38)   Pre Evacuate Collection Set: 1.8ms
[2026-01-16T08:18:18.984+0000][gc,phases   ] GC(38)   Merge Heap Roots: 0.1ms
[2026-01-16T08:18:18.984+0000][gc,phases   ] GC(38)   Evacuate Collection Set: 55.7ms
[2026-01-16T08:18:18.984+0000][gc,phases   ] GC(38)   Post Evacuate Collection Set: 1.8ms
[2026-01-16T08:18:18.985+0000][gc,phases   ] GC(38)   Other: 0.7ms
[2026-01-16T08:18:18.985+0000][gc,heap     ] GC(38) Eden regions: 49->0(49)
[2026-01-16T08:18:18.986+0000][gc,heap     ] GC(38) Survivor regions: 2->2(7)
[2026-01-16T08:18:18.986+0000][gc,heap     ] GC(38) Old regions: 19->19
[2026-01-16T08:18:18.987+0000][gc,heap     ] GC(38) Humongous regions: 4->4
[2026-01-16T08:18:18.987+0000][gc,metaspace] GC(38) Metaspace: 10130K(10496K)->10130K(10496K) NonClass: 9132K(9344K)->9132K(9344K) Class: 998K(1152K)->998K(1152K)
[2026-01-16T08:18:18.987+0000][gc          ] GC(38) Pause Young (Normal) (G1 Evacuation Pause) 72M->24M(1024M) 65.463ms
[2026-01-16T08:18:18.987+0000][gc,cpu      ] GC(38) User=0.05s Sys=0.00s Real=0.06s
[2026-01-16T08:18:20.326+0000][gc,start    ] GC(39) Pause Young (Normal) (G1 Evacuation Pause)
[2026-01-16T08:18:20.328+0000][gc,task     ] GC(39) Using 8 workers of 8 for evacuation
[2026-01-16T08:18:20.512+0000][gc,phases   ] GC(39)   Pre Evacuate Collection Set: 9.0ms
[2026-01-16T08:18:20.512+0000][gc,phases   ] GC(39)   Merge Heap Roots: 4.5ms
[2026-01-16T08:18:20.513+0000][gc,phases   ] GC(39)   Evacuate Collection Set: 146.8ms
[2026-01-16T08:18:20.513+0000][gc,phases   ] GC(39)   Post Evacuate Collection Set: 22.0ms
[2026-01-16T08:18:20.513+0000][gc,phases   ] GC(39)   Other: 1.8ms
[2026-01-16T08:18:20.514+0000][gc,heap     ] GC(39) Eden regions: 49->0(49)
[2026-01-16T08:18:20.514+0000][gc,heap     ] GC(39) Survivor regions: 2->2(7)
[2026-01-16T08:18:20.515+0000][gc,heap     ] GC(39) Old regions: 19->19
[2026-01-16T08:18:20.515+0000][gc,heap     ] GC(39) Humongous regions: 4->4
[2026-01-16T08:18:20.515+0000][gc,metaspace] GC(39) Metaspace: 10131K(10496K)->10131K(10496K) NonClass: 9132K(9344K)->9132K(9344K) Class: 998K(1152K)->998K(1152K)
[2026-01-16T08:18:20.515+0000][gc          ] GC(39) Pause Young (Normal) (G1 Evacuation Pause) 73M->23M(1024M) 189.693ms
[2026-01-16T08:18:20.515+0000][gc,cpu      ] GC(39) User=0.10s Sys=0.00s Real=0.19s
[2026-01-16T08:18:21.441+0000][gc,start    ] GC(40) Pause Young (Normal) (G1 Evacuation Pause)
[2026-01-16T08:18:21.442+0000][gc,task     ] GC(40) Using 8 workers of 8 for evacuation
[2026-01-16T08:18:21.537+0000][gc,phases   ] GC(40)   Pre Evacuate Collection Set: 9.9ms
[2026-01-16T08:18:21.538+0000][gc,phases   ] GC(40)   Merge Heap Roots: 1.2ms
[2026-01-16T08:18:21.538+0000][gc,phases   ] GC(40)   Evacuate Collection Set: 64.6ms
[2026-01-16T08:18:21.538+0000][gc,phases   ] GC(40)   Post Evacuate Collection Set: 11.5ms
[2026-01-16T08:18:21.538+0000][gc,phases   ] GC(40)   Other: 7.2ms
[2026-01-16T08:18:21.538+0000][gc,heap     ] GC(40) Eden regions: 49->0(65)
[2026-01-16T08:18:21.547+0000][gc,heap     ] GC(40) Survivor regions: 2->2(7)
[2026-01-16T08:18:21.547+0000][gc,heap     ] GC(40) Old regions: 19->19
[2026-01-16T08:18:21.548+0000][gc,heap     ] GC(40) Humongous regions: 4->4
[2026-01-16T08:18:21.550+0000][gc,metaspace] GC(40) Metaspace: 10135K(10496K)->10135K(10496K) NonClass: 9137K(9344K)->9137K(9344K) Class: 998K(1152K)->998K(1152K)
[2026-01-16T08:18:21.552+0000][gc          ] GC(40) Pause Young (Normal) (G1 Evacuation Pause) 72M->23M(1024M) 110.871ms
[2026-01-16T08:18:21.552+0000][gc,cpu      ] GC(40) User=0.02s Sys=0.01s Real=0.11s
[2026-01-16T08:18:29.397+0000][gc,start    ] GC(41) Pause Young (Normal) (G1 Evacuation Pause)
[2026-01-16T08:18:29.408+0000][gc,task     ] GC(41) Using 8 workers of 8 for evacuation
[2026-01-16T08:18:29.817+0000][gc,mmu      ] GC(41) MMU target violated: 201.0ms (200.0ms/201.0ms)
[2026-01-16T08:18:29.853+0000][gc,phases   ] GC(41)   Pre Evacuate Collection Set: 44.3ms
[2026-01-16T08:18:29.865+0000][gc,phases   ] GC(41)   Merge Heap Roots: 0.5ms
[2026-01-16T08:18:29.868+0000][gc,phases   ] GC(41)   Evacuate Collection Set: 334.5ms
[2026-01-16T08:18:29.871+0000][gc,phases   ] GC(41)   Post Evacuate Collection Set: 28.4ms
[2026-01-16T08:18:29.883+0000][gc,phases   ] GC(41)   Other: 45.4ms
[2026-01-16T08:18:29.883+0000][gc,heap     ] GC(41) Eden regions: 68->0(49)
[2026-01-16T08:18:29.883+0000][gc,heap     ] GC(41) Survivor regions: 2->2(9)
[2026-01-16T08:18:29.884+0000][gc,heap     ] GC(41) Old regions: 19->19
[2026-01-16T08:18:29.884+0000][gc,heap     ] GC(41) Humongous regions: 4->4
[2026-01-16T08:18:29.884+0000][gc,metaspace] GC(41) Metaspace: 10138K(10496K)->10138K(10496K) NonClass: 9140K(9344K)->9140K(9344K) Class: 998K(1152K)->998K(1152K)
[2026-01-16T08:18:29.885+0000][gc          ] GC(41) Pause Young (Normal) (G1 Evacuation Pause) 91M->23M(1024M) 487.541ms
[2026-01-16T08:18:29.890+0000][gc,cpu      ] GC(41) User=0.16s Sys=0.03s Real=0.50s
[2026-01-16T08:18:35.883+0000][gc,start    ] GC(42) Pause Young (Normal) (G1 Evacuation Pause)
[2026-01-16T08:18:35.891+0000][gc,task     ] GC(42) Using 8 workers of 8 for evacuation
[2026-01-16T08:18:35.991+0000][gc,phases   ] GC(42)   Pre Evacuate Collection Set: 21.6ms
[2026-01-16T08:18:35.991+0000][gc,phases   ] GC(42)   Merge Heap Roots: 0.3ms
[2026-01-16T08:18:35.992+0000][gc,phases   ] GC(42)   Evacuate Collection Set: 68.4ms
[2026-01-16T08:18:35.992+0000][gc,phases   ] GC(42)   Post Evacuate Collection Set: 8.8ms
[2026-01-16T08:18:35.992+0000][gc,phases   ] GC(42)   Other: 1.0ms
[2026-01-16T08:18:35.993+0000][gc,heap     ] GC(42) Eden regions: 49->0(110)
[2026-01-16T08:18:35.993+0000][gc,heap     ] GC(42) Survivor regions: 2->1(7)
[2026-01-16T08:18:35.993+0000][gc,heap     ] GC(42) Old regions: 19->19
[2026-01-16T08:18:35.993+0000][gc,heap     ] GC(42) Humongous regions: 4->4
[2026-01-16T08:18:35.994+0000][gc,metaspace] GC(42) Metaspace: 10139K(10496K)->10139K(10496K) NonClass: 9140K(9344K)->9140K(9344K) Class: 998K(1152K)->998K(1152K)
[2026-01-16T08:18:35.994+0000][gc          ] GC(42) Pause Young (Normal) (G1 Evacuation Pause) 72M->22M(1024M) 111.403ms
[2026-01-16T08:18:35.994+0000][gc,cpu      ] GC(42) User=0.09s Sys=0.01s Real=0.11s
[2026-01-16T08:18:38.100+0000][gc,start    ] GC(43) Pause Young (Normal) (G1 Evacuation Pause)
[2026-01-16T08:18:38.102+0000][gc,task     ] GC(43) Using 8 workers of 8 for evacuation
[2026-01-16T08:18:38.270+0000][gc,phases   ] GC(43)   Pre Evacuate Collection Set: 14.0ms
[2026-01-16T08:18:38.272+0000][gc,phases   ] GC(43)   Merge Heap Roots: 3.6ms
[2026-01-16T08:18:38.275+0000][gc,phases   ] GC(43)   Evacuate Collection Set: 145.0ms
[2026-01-16T08:18:38.276+0000][gc,phases   ] GC(43)   Post Evacuate Collection Set: 4.9ms
[2026-01-16T08:18:38.276+0000][gc,phases   ] GC(43)   Other: 0.3ms
[2026-01-16T08:18:38.278+0000][gc,heap     ] GC(43) Eden regions: 80->0(55)
[2026-01-16T08:18:38.278+0000][gc,heap     ] GC(43) Survivor regions: 1->2(11)
[2026-01-16T08:18:38.278+0000][gc,heap     ] GC(43) Old regions: 19->19
[2026-01-16T08:18:38.278+0000][gc,heap     ] GC(43) Humongous regions: 4->4
[2026-01-16T08:18:38.279+0000][gc,metaspace] GC(43) Metaspace: 10139K(10496K)->10139K(10496K) NonClass: 9141K(9344K)->9141K(9344K) Class: 998K(1152K)->998K(1152K)
[2026-01-16T08:18:38.279+0000][gc          ] GC(43) Pause Young (Normal) (G1 Evacuation Pause) 102M->23M(1024M) 178.814ms
[2026-01-16T08:18:38.279+0000][gc,cpu      ] GC(43) User=0.09s Sys=0.01s Real=0.17s
[2026-01-16T08:18:47.635+0000][gc,start    ] GC(44) Pause Young (Normal) (G1 Evacuation Pause)
[2026-01-16T08:18:47.646+0000][gc,task     ] GC(44) Using 8 workers of 8 for evacuation
[2026-01-16T08:18:47.781+0000][gc,phases   ] GC(44)   Pre Evacuate Collection Set: 28.4ms
[2026-01-16T08:18:47.782+0000][gc,phases   ] GC(44)   Merge Heap Roots: 0.5ms
[2026-01-16T08:18:47.782+0000][gc,phases   ] GC(44)   Evacuate Collection Set: 101.4ms
[2026-01-16T08:18:47.782+0000][gc,phases   ] GC(44)   Post Evacuate Collection Set: 2.8ms
[2026-01-16T08:18:47.783+0000][gc,phases   ] GC(44)   Other: 9.3ms
[2026-01-16T08:18:47.783+0000][gc,heap     ] GC(44) Eden regions: 64->0(108)
[2026-01-16T08:18:47.783+0000][gc,heap     ] GC(44) Survivor regions: 2->1(9)
[2026-01-16T08:18:47.784+0000][gc,heap     ] GC(44) Old regions: 19->19
[2026-01-16T08:18:47.784+0000][gc,heap     ] GC(44) Humongous regions: 4->4
[2026-01-16T08:18:47.784+0000][gc,metaspace] GC(44) Metaspace: 10143K(10496K)->10143K(10496K) NonClass: 9145K(9344K)->9145K(9344K) Class: 998K(1152K)->998K(1152K)
[2026-01-16T08:18:47.785+0000][gc          ] GC(44) Pause Young (Normal) (G1 Evacuation Pause) 87M->23M(1024M) 150.123ms
[2026-01-16T08:18:47.787+0000][gc,cpu      ] GC(44) User=0.07s Sys=0.00s Real=0.15s
[2026-01-16T08:18:59.368+0000][gc,start    ] GC(45) Pause Young (Normal) (G1 Evacuation Pause)
[2026-01-16T08:18:59.372+0000][gc,task     ] GC(45) Using 8 workers of 8 for evacuation
[2026-01-16T08:18:59.852+0000][gc,mmu      ] GC(45) MMU target violated: 201.0ms (200.0ms/201.0ms)
[2026-01-16T08:18:59.862+0000][gc,phases   ] GC(45)   Pre Evacuate Collection Set: 29.6ms
[2026-01-16T08:18:59.870+0000][gc,phases   ] GC(45)   Merge Heap Roots: 2.9ms
[2026-01-16T08:18:59.875+0000][gc,phases   ] GC(45)   Evacuate Collection Set: 371.3ms
[2026-01-16T08:18:59.876+0000][gc,phases   ] GC(45)   Post Evacuate Collection Set: 55.9ms
[2026-01-16T08:18:59.892+0000][gc,phases   ] GC(45)   Other: 29.8ms
[2026-01-16T08:18:59.901+0000][gc,heap     ] GC(45) Eden regions: 116->0(49)
[2026-01-16T08:18:59.915+0000][gc,heap     ] GC(45) Survivor regions: 1->2(15)
[2026-01-16T08:18:59.916+0000][gc,heap     ] GC(45) Old regions: 19->19
[2026-01-16T08:18:59.918+0000][gc,heap     ] GC(45) Humongous regions: 4->4
[2026-01-16T08:18:59.920+0000][gc,metaspace] GC(45) Metaspace: 10157K(10496K)->10157K(10496K) NonClass: 9159K(9344K)->9159K(9344K) Class: 998K(1152K)->998K(1152K)
[2026-01-16T08:18:59.924+0000][gc          ] GC(45) Pause Young (Normal) (G1 Evacuation Pause) 139M->23M(1024M) 555.903ms
[2026-01-16T08:18:59.927+0000][gc,cpu      ] GC(45) User=0.20s Sys=0.02s Real=0.56s
[2026-01-16T08:19:04.782+0000][gc,start    ] GC(46) Pause Young (Normal) (G1 Evacuation Pause)
[2026-01-16T08:19:04.783+0000][gc,task     ] GC(46) Using 8 workers of 8 for evacuation
[2026-01-16T08:19:04.837+0000][gc,phases   ] GC(46)   Pre Evacuate Collection Set: 2.9ms
[2026-01-16T08:19:04.839+0000][gc,phases   ] GC(46)   Merge Heap Roots: 4.6ms
[2026-01-16T08:19:04.840+0000][gc,phases   ] GC(46)   Evacuate Collection Set: 33.5ms
[2026-01-16T08:19:04.840+0000][gc,phases   ] GC(46)   Post Evacuate Collection Set: 12.5ms
[2026-01-16T08:19:04.841+0000][gc,phases   ] GC(46)   Other: 0.5ms
[2026-01-16T08:19:04.841+0000][gc,heap     ] GC(46) Eden regions: 49->0(127)
[2026-01-16T08:19:04.842+0000][gc,heap     ] GC(46) Survivor regions: 2->1(7)
[2026-01-16T08:19:04.843+0000][gc,heap     ] GC(46) Old regions: 19->19
[2026-01-16T08:19:04.843+0000][gc,heap     ] GC(46) Humongous regions: 4->4
[2026-01-16T08:19:04.845+0000][gc,metaspace] GC(46) Metaspace: 10181K(10496K)->10181K(10496K) NonClass: 9183K(9344K)->9183K(9344K) Class: 998K(1152K)->998K(1152K)
[2026-01-16T08:19:04.845+0000][gc          ] GC(46) Pause Young (Normal) (G1 Evacuation Pause) 72M->22M(1024M) 63.187ms
[2026-01-16T08:19:04.850+0000][gc,cpu      ] GC(46) User=0.02s Sys=0.02s Real=0.07s
[2026-01-16T08:19:06.305+0000][gc,start    ] GC(47) Pause Young (Normal) (G1 Evacuation Pause)
[2026-01-16T08:19:06.308+0000][gc,task     ] GC(47) Using 8 workers of 8 for evacuation
[2026-01-16T08:19:06.382+0000][gc,phases   ] GC(47)   Pre Evacuate Collection Set: 19.3ms
[2026-01-16T08:19:06.382+0000][gc,phases   ] GC(47)   Merge Heap Roots: 0.4ms
[2026-01-16T08:19:06.383+0000][gc,phases   ] GC(47)   Evacuate Collection Set: 48.2ms
[2026-01-16T08:19:06.383+0000][gc,phases   ] GC(47)   Post Evacuate Collection Set: 3.5ms
[2026-01-16T08:19:06.383+0000][gc,phases   ] GC(47)   Other: 1.9ms
[2026-01-16T08:19:06.384+0000][gc,heap     ] GC(47) Eden regions: 84->0(104)
[2026-01-16T08:19:06.384+0000][gc,heap     ] GC(47) Survivor regions: 1->2(11)
[2026-01-16T08:19:06.384+0000][gc,heap     ] GC(47) Old regions: 19->19
[2026-01-16T08:19:06.385+0000][gc,heap     ] GC(47) Humongous regions: 4->4
[2026-01-16T08:19:06.385+0000][gc,metaspace] GC(47) Metaspace: 10183K(10496K)->10183K(10496K) NonClass: 9184K(9344K)->9184K(9344K) Class: 998K(1152K)->998K(1152K)
[2026-01-16T08:19:06.386+0000][gc          ] GC(47) Pause Young (Normal) (G1 Evacuation Pause) 106M->23M(1024M) 80.712ms
[2026-01-16T08:19:06.386+0000][gc,cpu      ] GC(47) User=0.07s Sys=0.01s Real=0.08s
[2026-01-16T08:19:17.173+0000][gc,start    ] GC(48) Pause Young (Normal) (G1 Evacuation Pause)
[2026-01-16T08:19:17.177+0000][gc,task     ] GC(48) Using 8 workers of 8 for evacuation
[2026-01-16T08:19:17.233+0000][gc,phases   ] GC(48)   Pre Evacuate Collection Set: 6.2ms
[2026-01-16T08:19:17.235+0000][gc,phases   ] GC(48)   Merge Heap Roots: 0.3ms
[2026-01-16T08:19:17.235+0000][gc,phases   ] GC(48)   Evacuate Collection Set: 42.9ms
[2026-01-16T08:19:17.237+0000][gc,phases   ] GC(48)   Post Evacuate Collection Set: 4.0ms
[2026-01-16T08:19:17.237+0000][gc,phases   ] GC(48)   Other: 1.8ms
[2026-01-16T08:19:17.241+0000][gc,heap     ] GC(48) Eden regions: 101->0(158)
[2026-01-16T08:19:17.241+0000][gc,heap     ] GC(48) Survivor regions: 2->2(13)
[2026-01-16T08:19:17.242+0000][gc,heap     ] GC(48) Old regions: 19->19
[2026-01-16T08:19:17.242+0000][gc,heap     ] GC(48) Humongous regions: 4->4
[2026-01-16T08:19:17.243+0000][gc,metaspace] GC(48) Metaspace: 10195K(10496K)->10195K(10496K) NonClass: 9197K(9344K)->9197K(9344K) Class: 998K(1152K)->998K(1152K)
[2026-01-16T08:19:17.243+0000][gc          ] GC(48) Pause Young (Normal) (G1 Evacuation Pause) 124M->23M(1024M) 70.396ms
[2026-01-16T08:19:17.244+0000][gc,cpu      ] GC(48) User=0.09s Sys=0.00s Real=0.07s
[2026-01-16T08:19:45.494+0000][gc,start    ] GC(49) Pause Young (Normal) (G1 Evacuation Pause)
[2026-01-16T08:19:45.546+0000][gc,task     ] GC(49) Using 8 workers of 8 for evacuation
[2026-01-16T08:19:45.929+0000][gc,mmu      ] GC(49) MMU target violated: 201.0ms (200.0ms/201.0ms)
[2026-01-16T08:19:45.931+0000][gc,phases   ] GC(49)   Pre Evacuate Collection Set: 84.1ms
[2026-01-16T08:19:45.933+0000][gc,phases   ] GC(49)   Merge Heap Roots: 29.5ms
[2026-01-16T08:19:45.934+0000][gc,phases   ] GC(49)   Evacuate Collection Set: 179.7ms
[2026-01-16T08:19:45.935+0000][gc,phases   ] GC(49)   Post Evacuate Collection Set: 78.2ms
[2026-01-16T08:19:45.942+0000][gc,phases   ] GC(49)   Other: 15.8ms
[2026-01-16T08:19:45.942+0000][gc,heap     ] GC(49) Eden regions: 134->0(50)
[2026-01-16T08:19:45.942+0000][gc,heap     ] GC(49) Survivor regions: 2->1(17)
[2026-01-16T08:19:45.942+0000][gc,heap     ] GC(49) Old regions: 19->19
[2026-01-16T08:19:45.942+0000][gc,heap     ] GC(49) Humongous regions: 4->4
[2026-01-16T08:19:45.942+0000][gc,metaspace] GC(49) Metaspace: 10212K(10496K)->10212K(10496K) NonClass: 9212K(9344K)->9212K(9344K) Class: 999K(1152K)->999K(1152K)
[2026-01-16T08:19:45.942+0000][gc          ] GC(49) Pause Young (Normal) (G1 Evacuation Pause) 157M->22M(1024M) 448.052ms
[2026-01-16T08:19:45.942+0000][gc,cpu      ] GC(49) User=0.16s Sys=0.02s Real=0.51s
[2026-01-16T08:19:54.898+0000][gc,start    ] GC(50) Pause Young (Normal) (G1 Evacuation Pause)
[2026-01-16T08:19:54.929+0000][gc,task     ] GC(50) Using 8 workers of 8 for evacuation
[2026-01-16T08:19:55.743+0000][gc,mmu      ] GC(50) MMU target violated: 201.0ms (200.0ms/201.0ms)
[2026-01-16T08:19:55.746+0000][gc,phases   ] GC(50)   Pre Evacuate Collection Set: 77.6ms
[2026-01-16T08:19:55.752+0000][gc,phases   ] GC(50)   Merge Heap Roots: 1.3ms
[2026-01-16T08:19:55.752+0000][gc,phases   ] GC(50)   Evacuate Collection Set: 694.8ms
[2026-01-16T08:19:55.755+0000][gc,phases   ] GC(50)   Post Evacuate Collection Set: 28.6ms
[2026-01-16T08:19:55.759+0000][gc,phases   ] GC(50)   Other: 14.9ms
[2026-01-16T08:19:55.760+0000][gc,heap     ] GC(50) Eden regions: 50->0(49)
[2026-01-16T08:19:55.760+0000][gc,heap     ] GC(50) Survivor regions: 1->2(7)
[2026-01-16T08:19:55.760+0000][gc,heap     ] GC(50) Old regions: 19->19
[2026-01-16T08:19:55.761+0000][gc,heap     ] GC(50) Humongous regions: 4->4
[2026-01-16T08:19:55.762+0000][gc,metaspace] GC(50) Metaspace: 10229K(10496K)->10229K(10496K) NonClass: 9228K(9344K)->9228K(9344K) Class: 1000K(1152K)->1000K(1152K)
[2026-01-16T08:19:55.763+0000][gc          ] GC(50) Pause Young (Normal) (G1 Evacuation Pause) 72M->23M(1024M) 865.305ms
[2026-01-16T08:19:55.764+0000][gc,cpu      ] GC(50) User=0.49s Sys=0.08s Real=0.88s
[2026-01-16T08:20:04.526+0000][gc,start    ] GC(51) Pause Young (Normal) (G1 Evacuation Pause)
[2026-01-16T08:20:04.557+0000][gc,task     ] GC(51) Using 8 workers of 8 for evacuation
[2026-01-16T08:20:06.010+0000][gc,mmu      ] GC(51) MMU target violated: 201.0ms (200.0ms/201.0ms)
[2026-01-16T08:20:06.011+0000][gc,phases   ] GC(51)   Pre Evacuate Collection Set: 38.3ms
[2026-01-16T08:20:06.011+0000][gc,phases   ] GC(51)   Merge Heap Roots: 8.3ms
[2026-01-16T08:20:06.011+0000][gc,phases   ] GC(51)   Evacuate Collection Set: 1303.9ms
[2026-01-16T08:20:06.012+0000][gc,phases   ] GC(51)   Post Evacuate Collection Set: 96.3ms
[2026-01-16T08:20:06.013+0000][gc,phases   ] GC(51)   Other: 7.0ms
[2026-01-16T08:20:06.013+0000][gc,heap     ] GC(51) Eden regions: 49->0(49)
[2026-01-16T08:20:06.013+0000][gc,heap     ] GC(51) Survivor regions: 2->2(7)
[2026-01-16T08:20:06.013+0000][gc,heap     ] GC(51) Old regions: 19->19
[2026-01-16T08:20:06.013+0000][gc,heap     ] GC(51) Humongous regions: 6->6
[2026-01-16T08:20:06.013+0000][gc,metaspace] GC(51) Metaspace: 10249K(10560K)->10249K(10560K) NonClass: 9248K(9408K)->9248K(9408K) Class: 1000K(1152K)->1000K(1152K)
[2026-01-16T08:20:06.015+0000][gc          ] GC(51) Pause Young (Normal) (G1 Evacuation Pause) 74M->26M(1024M) 1490.739ms
[2026-01-16T08:20:06.017+0000][gc,cpu      ] GC(51) User=0.60s Sys=0.07s Real=1.50s
[2026-01-16T08:20:10.919+0000][gc,start    ] GC(52) Pause Young (Normal) (G1 Evacuation Pause)
[2026-01-16T08:20:10.927+0000][gc,task     ] GC(52) Using 8 workers of 8 for evacuation
[2026-01-16T08:20:11.907+0000][gc,mmu      ] GC(52) MMU target violated: 201.0ms (200.0ms/201.0ms)
[2026-01-16T08:20:11.910+0000][gc,phases   ] GC(52)   Pre Evacuate Collection Set: 211.0ms
[2026-01-16T08:20:11.910+0000][gc,phases   ] GC(52)   Merge Heap Roots: 16.5ms
[2026-01-16T08:20:11.910+0000][gc,phases   ] GC(52)   Evacuate Collection Set: 680.0ms
[2026-01-16T08:20:11.911+0000][gc,phases   ] GC(52)   Post Evacuate Collection Set: 64.8ms
[2026-01-16T08:20:11.914+0000][gc,phases   ] GC(52)   Other: 10.1ms
[2026-01-16T08:20:11.916+0000][gc,heap     ] GC(52) Eden regions: 49->0(48)
[2026-01-16T08:20:11.917+0000][gc,heap     ] GC(52) Survivor regions: 2->3(7)
[2026-01-16T08:20:11.919+0000][gc,heap     ] GC(52) Old regions: 19->19
[2026-01-16T08:20:11.920+0000][gc,heap     ] GC(52) Humongous regions: 8->8
[2026-01-16T08:20:11.920+0000][gc,metaspace] GC(52) Metaspace: 10281K(10624K)->10281K(10624K) NonClass: 9275K(9472K)->9275K(9472K) Class: 1005K(1152K)->1005K(1152K)
[2026-01-16T08:20:11.939+0000][gc          ] GC(52) Pause Young (Normal) (G1 Evacuation Pause) 77M->29M(1024M) 1002.852ms
[2026-01-16T08:20:11.939+0000][gc,cpu      ] GC(52) User=0.51s Sys=0.06s Real=1.02s
[2026-01-16T08:20:16.607+0000][gc,start    ] GC(53) Pause Young (Normal) (G1 Evacuation Pause)
[2026-01-16T08:20:16.611+0000][gc,task     ] GC(53) Using 8 workers of 8 for evacuation
[2026-01-16T08:20:17.519+0000][gc,mmu      ] GC(53) MMU target violated: 201.0ms (200.0ms/201.0ms)
[2026-01-16T08:20:17.524+0000][gc,phases   ] GC(53)   Pre Evacuate Collection Set: 104.4ms
[2026-01-16T08:20:17.527+0000][gc,phases   ] GC(53)   Merge Heap Roots: 3.6ms
[2026-01-16T08:20:17.535+0000][gc,phases   ] GC(53)   Evacuate Collection Set: 682.5ms
[2026-01-16T08:20:17.539+0000][gc,phases   ] GC(53)   Post Evacuate Collection Set: 114.6ms
[2026-01-16T08:20:17.542+0000][gc,phases   ] GC(53)   Other: 8.1ms
[2026-01-16T08:20:17.543+0000][gc,heap     ] GC(53) Eden regions: 48->0(47)
[2026-01-16T08:20:17.548+0000][gc,heap     ] GC(53) Survivor regions: 3->4(7)
[2026-01-16T08:20:17.548+0000][gc,heap     ] GC(53) Old regions: 19->19
[2026-01-16T08:20:17.548+0000][gc,heap     ] GC(53) Humongous regions: 8->8
[2026-01-16T08:20:17.551+0000][gc,metaspace] GC(53) Metaspace: 10287K(10624K)->10287K(10624K) NonClass: 9280K(9472K)->9280K(9472K) Class: 1006K(1152K)->1006K(1152K)
[2026-01-16T08:20:17.557+0000][gc          ] GC(53) Pause Young (Normal) (G1 Evacuation Pause) 77M->29M(1024M) 950.067ms
[2026-01-16T08:20:17.560+0000][gc,cpu      ] GC(53) User=0.28s Sys=0.06s Real=0.95s
[2026-01-16T08:20:21.610+0000][gc,start    ] GC(54) Pause Young (Normal) (G1 Evacuation Pause)
[2026-01-16T08:20:21.620+0000][gc,task     ] GC(54) Using 8 workers of 8 for evacuation
[2026-01-16T08:20:22.123+0000][gc,mmu      ] GC(54) MMU target violated: 201.0ms (200.0ms/201.0ms)
[2026-01-16T08:20:22.133+0000][gc,phases   ] GC(54)   Pre Evacuate Collection Set: 63.2ms
[2026-01-16T08:20:22.134+0000][gc,phases   ] GC(54)   Merge Heap Roots: 6.1ms
[2026-01-16T08:20:22.147+0000][gc,phases   ] GC(54)   Evacuate Collection Set: 418.2ms
[2026-01-16T08:20:22.149+0000][gc,phases   ] GC(54)   Post Evacuate Collection Set: 10.5ms
[2026-01-16T08:20:22.151+0000][gc,phases   ] GC(54)   Other: 20.6ms
[2026-01-16T08:20:22.155+0000][gc,heap     ] GC(54) Eden regions: 47->0(46)
[2026-01-16T08:20:22.155+0000][gc,heap     ] GC(54) Survivor regions: 4->5(7)
[2026-01-16T08:20:22.159+0000][gc,heap     ] GC(54) Old regions: 19->19
[2026-01-16T08:20:22.160+0000][gc,heap     ] GC(54) Humongous regions: 10->10
[2026-01-16T08:20:22.168+0000][gc,metaspace] GC(54) Metaspace: 10289K(10624K)->10289K(10624K) NonClass: 9282K(9472K)->9282K(9472K) Class: 1006K(1152K)->1006K(1152K)
[2026-01-16T08:20:22.174+0000][gc          ] GC(54) Pause Young (Normal) (G1 Evacuation Pause) 78M->33M(1024M) 563.872ms
[2026-01-16T08:20:22.179+0000][gc,cpu      ] GC(54) User=0.35s Sys=0.04s Real=0.58s
[2026-01-16T08:20:26.327+0000][gc,start    ] GC(55) Pause Young (Normal) (G1 Evacuation Pause)
[2026-01-16T08:20:26.381+0000][gc,task     ] GC(55) Using 8 workers of 8 for evacuation
[2026-01-16T08:20:27.019+0000][gc,mmu      ] GC(55) MMU target violated: 201.0ms (200.0ms/201.0ms)
[2026-01-16T08:20:27.023+0000][gc,phases   ] GC(55)   Pre Evacuate Collection Set: 19.4ms
[2026-01-16T08:20:27.026+0000][gc,phases   ] GC(55)   Merge Heap Roots: 7.7ms
[2026-01-16T08:20:27.029+0000][gc,phases   ] GC(55)   Evacuate Collection Set: 560.4ms
[2026-01-16T08:20:27.033+0000][gc,phases   ] GC(55)   Post Evacuate Collection Set: 46.1ms
[2026-01-16T08:20:27.035+0000][gc,phases   ] GC(55)   Other: 7.3ms
[2026-01-16T08:20:27.035+0000][gc,heap     ] GC(55) Eden regions: 46->0(47)
[2026-01-16T08:20:27.036+0000][gc,heap     ] GC(55) Survivor regions: 5->4(7)
[2026-01-16T08:20:27.036+0000][gc,heap     ] GC(55) Old regions: 19->20
[2026-01-16T08:20:27.037+0000][gc,heap     ] GC(55) Humongous regions: 10->10
[2026-01-16T08:20:27.039+0000][gc,metaspace] GC(55) Metaspace: 10294K(10624K)->10294K(10624K) NonClass: 9287K(9472K)->9287K(9472K) Class: 1006K(1152K)->1006K(1152K)
[2026-01-16T08:20:27.043+0000][gc          ] GC(55) Pause Young (Normal) (G1 Evacuation Pause) 79M->32M(1024M) 716.330ms
[2026-01-16T08:20:27.046+0000][gc,cpu      ] GC(55) User=0.30s Sys=0.05s Real=0.71s
[2026-01-16T08:20:29.993+0000][gc,start    ] GC(56) Pause Young (Normal) (G1 Evacuation Pause)
[2026-01-16T08:20:30.004+0000][gc,task     ] GC(56) Using 8 workers of 8 for evacuation
[2026-01-16T08:20:30.632+0000][gc,mmu      ] GC(56) MMU target violated: 201.0ms (200.0ms/201.0ms)
[2026-01-16T08:20:30.680+0000][gc,phases   ] GC(56)   Pre Evacuate Collection Set: 63.4ms
[2026-01-16T08:20:30.689+0000][gc,phases   ] GC(56)   Merge Heap Roots: 8.4ms
[2026-01-16T08:20:30.689+0000][gc,phases   ] GC(56)   Evacuate Collection Set: 539.3ms
[2026-01-16T08:20:30.702+0000][gc,phases   ] GC(56)   Post Evacuate Collection Set: 14.1ms
[2026-01-16T08:20:30.721+0000][gc,phases   ] GC(56)   Other: 13.3ms
[2026-01-16T08:20:30.722+0000][gc,heap     ] GC(56) Eden regions: 47->0(47)
[2026-01-16T08:20:30.722+0000][gc,heap     ] GC(56) Survivor regions: 4->4(7)
[2026-01-16T08:20:30.723+0000][gc,heap     ] GC(56) Old regions: 20->20
[2026-01-16T08:20:30.725+0000][gc,heap     ] GC(56) Humongous regions: 12->12
[2026-01-16T08:20:30.732+0000][gc,metaspace] GC(56) Metaspace: 10299K(10624K)->10299K(10624K) NonClass: 9292K(9472K)->9292K(9472K) Class: 1006K(1152K)->1006K(1152K)
[2026-01-16T08:20:30.736+0000][gc          ] GC(56) Pause Young (Normal) (G1 Evacuation Pause) 81M->35M(1024M) 705.733ms
[2026-01-16T08:20:30.737+0000][gc,cpu      ] GC(56) User=0.23s Sys=0.04s Real=0.71s
[2026-01-16T08:20:32.076+0000][gc,start    ] GC(57) Pause Young (Normal) (G1 Evacuation Pause)
[2026-01-16T08:20:32.085+0000][gc,task     ] GC(57) Using 8 workers of 8 for evacuation
[2026-01-16T08:20:32.416+0000][gc,mmu      ] GC(57) MMU target violated: 201.0ms (200.0ms/201.0ms)
[2026-01-16T08:20:32.417+0000][gc,phases   ] GC(57)   Pre Evacuate Collection Set: 12.2ms
[2026-01-16T08:20:32.417+0000][gc,phases   ] GC(57)   Merge Heap Roots: 5.8ms
[2026-01-16T08:20:32.418+0000][gc,phases   ] GC(57)   Evacuate Collection Set: 302.3ms
[2026-01-16T08:20:32.420+0000][gc,phases   ] GC(57)   Post Evacuate Collection Set: 5.1ms
[2026-01-16T08:20:32.425+0000][gc,phases   ] GC(57)   Other: 7.0ms
[2026-01-16T08:20:32.428+0000][gc,heap     ] GC(57) Eden regions: 47->0(47)
[2026-01-16T08:20:32.428+0000][gc,heap     ] GC(57) Survivor regions: 4->4(7)
[2026-01-16T08:20:32.428+0000][gc,heap     ] GC(57) Old regions: 20->21
[2026-01-16T08:20:32.429+0000][gc,heap     ] GC(57) Humongous regions: 12->12
[2026-01-16T08:20:32.429+0000][gc,metaspace] GC(57) Metaspace: 10303K(10624K)->10303K(10624K) NonClass: 9296K(9472K)->9296K(9472K) Class: 1006K(1152K)->1006K(1152K)
[2026-01-16T08:20:32.429+0000][gc          ] GC(57) Pause Young (Normal) (G1 Evacuation Pause) 82M->36M(1024M) 353.813ms
[2026-01-16T08:20:32.430+0000][gc,cpu      ] GC(57) User=0.10s Sys=0.04s Real=0.35s
[2026-01-16T08:20:33.288+0000][gc,start    ] GC(58) Pause Young (Normal) (G1 Evacuation Pause)
[2026-01-16T08:20:33.291+0000][gc,task     ] GC(58) Using 8 workers of 8 for evacuation
[2026-01-16T08:20:33.507+0000][gc,mmu      ] GC(58) MMU target violated: 201.0ms (200.0ms/201.0ms)
[2026-01-16T08:20:33.508+0000][gc,phases   ] GC(58)   Pre Evacuate Collection Set: 0.9ms
[2026-01-16T08:20:33.511+0000][gc,phases   ] GC(58)   Merge Heap Roots: 0.1ms
[2026-01-16T08:20:33.518+0000][gc,phases   ] GC(58)   Evacuate Collection Set: 212.1ms
[2026-01-16T08:20:33.525+0000][gc,phases   ] GC(58)   Post Evacuate Collection Set: 0.9ms
[2026-01-16T08:20:33.534+0000][gc,phases   ] GC(58)   Other: 3.3ms
[2026-01-16T08:20:33.536+0000][gc,heap     ] GC(58) Eden regions: 47->0(46)
[2026-01-16T08:20:33.538+0000][gc,heap     ] GC(58) Survivor regions: 4->5(7)
[2026-01-16T08:20:33.538+0000][gc,heap     ] GC(58) Old regions: 21->21
[2026-01-16T08:20:33.539+0000][gc,heap     ] GC(58) Humongous regions: 12->12
[2026-01-16T08:20:33.542+0000][gc,metaspace] GC(58) Metaspace: 10305K(10624K)->10305K(10624K) NonClass: 9299K(9472K)->9299K(9472K) Class: 1006K(1152K)->1006K(1152K)
[2026-01-16T08:20:33.543+0000][gc          ] GC(58) Pause Young (Normal) (G1 Evacuation Pause) 83M->36M(1024M) 254.739ms
[2026-01-16T08:20:33.544+0000][gc,cpu      ] GC(58) User=0.07s Sys=0.08s Real=0.26s
[2026-01-16T08:20:36.288+0000][gc,start    ] GC(59) Pause Young (Normal) (GCLocker Initiated GC)
[2026-01-16T08:20:36.290+0000][gc,task     ] GC(59) Using 8 workers of 8 for evacuation
[2026-01-16T08:20:36.581+0000][gc,mmu      ] GC(59) MMU target violated: 201.0ms (200.0ms/201.0ms)
[2026-01-16T08:20:36.581+0000][gc,phases   ] GC(59)   Pre Evacuate Collection Set: 42.1ms
[2026-01-16T08:20:36.582+0000][gc,phases   ] GC(59)   Merge Heap Roots: 9.4ms
[2026-01-16T08:20:36.584+0000][gc,phases   ] GC(59)   Evacuate Collection Set: 201.4ms
[2026-01-16T08:20:36.585+0000][gc,phases   ] GC(59)   Post Evacuate Collection Set: 30.3ms
[2026-01-16T08:20:36.586+0000][gc,phases   ] GC(59)   Other: 9.0ms
[2026-01-16T08:20:36.587+0000][gc,heap     ] GC(59) Eden regions: 47->0(47)
[2026-01-16T08:20:36.587+0000][gc,heap     ] GC(59) Survivor regions: 5->4(7)
[2026-01-16T08:20:36.590+0000][gc,heap     ] GC(59) Old regions: 21->22
[2026-01-16T08:20:36.590+0000][gc,heap     ] GC(59) Humongous regions: 12->12
[2026-01-16T08:20:36.593+0000][gc,metaspace] GC(59) Metaspace: 10305K(10624K)->10305K(10624K) NonClass: 9299K(9472K)->9299K(9472K) Class: 1006K(1152K)->1006K(1152K)
[2026-01-16T08:20:36.596+0000][gc          ] GC(59) Pause Young (Normal) (GCLocker Initiated GC) 83M->37M(1024M) 307.774ms
[2026-01-16T08:20:36.597+0000][gc,cpu      ] GC(59) User=0.23s Sys=0.04s Real=0.31s
[2026-01-16T08:20:38.147+0000][gc,start    ] GC(60) Pause Young (Normal) (G1 Evacuation Pause)
[2026-01-16T08:20:38.162+0000][gc,task     ] GC(60) Using 8 workers of 8 for evacuation
[2026-01-16T08:20:38.605+0000][gc,mmu      ] GC(60) MMU target violated: 201.0ms (200.0ms/201.0ms)
[2026-01-16T08:20:38.608+0000][gc,phases   ] GC(60)   Pre Evacuate Collection Set: 2.0ms
[2026-01-16T08:20:38.612+0000][gc,phases   ] GC(60)   Merge Heap Roots: 0.6ms
[2026-01-16T08:20:38.617+0000][gc,phases   ] GC(60)   Evacuate Collection Set: 422.4ms
[2026-01-16T08:20:38.620+0000][gc,phases   ] GC(60)   Post Evacuate Collection Set: 15.1ms
[2026-01-16T08:20:38.620+0000][gc,phases   ] GC(60)   Other: 6.0ms
[2026-01-16T08:20:38.621+0000][gc,heap     ] GC(60) Eden regions: 47->0(47)
[2026-01-16T08:20:38.621+0000][gc,heap     ] GC(60) Survivor regions: 4->4(7)
[2026-01-16T08:20:38.621+0000][gc,heap     ] GC(60) Old regions: 22->23
[2026-01-16T08:20:38.622+0000][gc,heap     ] GC(60) Humongous regions: 12->12
[2026-01-16T08:20:38.628+0000][gc,metaspace] GC(60) Metaspace: 10305K(10624K)->10305K(10624K) NonClass: 9299K(9472K)->9299K(9472K) Class: 1006K(1152K)->1006K(1152K)
[2026-01-16T08:20:38.633+0000][gc          ] GC(60) Pause Young (Normal) (G1 Evacuation Pause) 84M->38M(1024M) 485.788ms
[2026-01-16T08:20:38.636+0000][gc,cpu      ] GC(60) User=0.19s Sys=0.04s Real=0.49s
[2026-01-16T08:20:41.536+0000][gc,start    ] GC(61) Pause Young (Normal) (G1 Evacuation Pause)
[2026-01-16T08:20:41.549+0000][gc,task     ] GC(61) Using 8 workers of 8 for evacuation
[2026-01-16T08:20:42.634+0000][gc,mmu      ] GC(61) MMU target violated: 201.0ms (200.0ms/201.0ms)
[2026-01-16T08:20:42.638+0000][gc,phases   ] GC(61)   Pre Evacuate Collection Set: 183.5ms
[2026-01-16T08:20:42.638+0000][gc,phases   ] GC(61)   Merge Heap Roots: 68.9ms
[2026-01-16T08:20:42.638+0000][gc,phases   ] GC(61)   Evacuate Collection Set: 738.3ms
[2026-01-16T08:20:42.642+0000][gc,phases   ] GC(61)   Post Evacuate Collection Set: 92.7ms
[2026-01-16T08:20:42.645+0000][gc,phases   ] GC(61)   Other: 13.2ms
[2026-01-16T08:20:42.646+0000][gc,heap     ] GC(61) Eden regions: 47->0(46)
[2026-01-16T08:20:42.647+0000][gc,heap     ] GC(61) Survivor regions: 4->5(7)
[2026-01-16T08:20:42.647+0000][gc,heap     ] GC(61) Old regions: 23->23
[2026-01-16T08:20:42.648+0000][gc,heap     ] GC(61) Humongous regions: 12->12
[2026-01-16T08:20:42.648+0000][gc,metaspace] GC(61) Metaspace: 10316K(10624K)->10316K(10624K) NonClass: 9310K(9472K)->9310K(9472K) Class: 1006K(1152K)->1006K(1152K)
[2026-01-16T08:20:42.651+0000][gc          ] GC(61) Pause Young (Normal) (G1 Evacuation Pause) 85M->38M(1024M) 1114.850ms
[2026-01-16T08:20:42.653+0000][gc,cpu      ] GC(61) User=0.36s Sys=0.07s Real=1.11s
[2026-01-16T08:20:47.934+0000][gc,start    ] GC(62) Pause Young (Normal) (G1 Evacuation Pause)
[2026-01-16T08:20:47.982+0000][gc,task     ] GC(62) Using 8 workers of 8 for evacuation
[2026-01-16T08:20:48.513+0000][gc,mmu      ] GC(62) MMU target violated: 201.0ms (200.0ms/201.0ms)
[2026-01-16T08:20:48.535+0000][gc,phases   ] GC(62)   Pre Evacuate Collection Set: 89.3ms
[2026-01-16T08:20:48.538+0000][gc,phases   ] GC(62)   Merge Heap Roots: 7.0ms
[2026-01-16T08:20:48.538+0000][gc,phases   ] GC(62)   Evacuate Collection Set: 407.3ms
[2026-01-16T08:20:48.543+0000][gc,phases   ] GC(62)   Post Evacuate Collection Set: 14.2ms
[2026-01-16T08:20:48.546+0000][gc,phases   ] GC(62)   Other: 70.6ms
[2026-01-16T08:20:48.551+0000][gc,heap     ] GC(62) Eden regions: 46->0(46)
[2026-01-16T08:20:48.554+0000][gc,heap     ] GC(62) Survivor regions: 5->5(7)
[2026-01-16T08:20:48.555+0000][gc,heap     ] GC(62) Old regions: 23->24
[2026-01-16T08:20:48.556+0000][gc,heap     ] GC(62) Humongous regions: 12->12
[2026-01-16T08:20:48.557+0000][gc,metaspace] GC(62) Metaspace: 10318K(10624K)->10318K(10624K) NonClass: 9311K(9472K)->9311K(9472K) Class: 1006K(1152K)->1006K(1152K)
[2026-01-16T08:20:48.557+0000][gc          ] GC(62) Pause Young (Normal) (G1 Evacuation Pause) 84M->39M(1024M) 623.161ms
[2026-01-16T08:20:48.558+0000][gc,cpu      ] GC(62) User=0.30s Sys=0.05s Real=0.62s
[2026-01-16T08:20:54.746+0000][gc,start    ] GC(63) Pause Young (Normal) (G1 Evacuation Pause)
[2026-01-16T08:20:54.748+0000][gc,task     ] GC(63) Using 8 workers of 8 for evacuation
[2026-01-16T08:20:55.179+0000][gc,mmu      ] GC(63) MMU target violated: 201.0ms (200.0ms/201.0ms)
[2026-01-16T08:20:55.185+0000][gc,phases   ] GC(63)   Pre Evacuate Collection Set: 39.9ms
[2026-01-16T08:20:55.185+0000][gc,phases   ] GC(63)   Merge Heap Roots: 10.5ms
[2026-01-16T08:20:55.185+0000][gc,phases   ] GC(63)   Evacuate Collection Set: 341.3ms
[2026-01-16T08:20:55.185+0000][gc,phases   ] GC(63)   Post Evacuate Collection Set: 34.4ms
[2026-01-16T08:20:55.185+0000][gc,phases   ] GC(63)   Other: 11.3ms
[2026-01-16T08:20:55.186+0000][gc,heap     ] GC(63) Eden regions: 46->0(46)
[2026-01-16T08:20:55.186+0000][gc,heap     ] GC(63) Survivor regions: 5->5(7)
[2026-01-16T08:20:55.186+0000][gc,heap     ] GC(63) Old regions: 24->25
[2026-01-16T08:20:55.186+0000][gc,heap     ] GC(63) Humongous regions: 12->12
[2026-01-16T08:20:55.186+0000][gc,metaspace] GC(63) Metaspace: 10319K(10624K)->10319K(10624K) NonClass: 9312K(9472K)->9312K(9472K) Class: 1006K(1152K)->1006K(1152K)
[2026-01-16T08:20:55.188+0000][gc          ] GC(63) Pause Young (Normal) (G1 Evacuation Pause) 85M->40M(1024M) 441.269ms
[2026-01-16T08:20:55.192+0000][gc,cpu      ] GC(63) User=0.26s Sys=0.06s Real=0.44s
[2026-01-16T08:20:59.753+0000][gc,start    ] GC(64) Pause Young (Normal) (G1 Evacuation Pause)
[2026-01-16T08:20:59.793+0000][gc,task     ] GC(64) Using 8 workers of 8 for evacuation
[2026-01-16T08:21:00.249+0000][gc,mmu      ] GC(64) MMU target violated: 201.0ms (200.0ms/201.0ms)
[2026-01-16T08:21:00.251+0000][gc,phases   ] GC(64)   Pre Evacuate Collection Set: 43.2ms
[2026-01-16T08:21:00.253+0000][gc,phases   ] GC(64)   Merge Heap Roots: 0.6ms
[2026-01-16T08:21:00.261+0000][gc,phases   ] GC(64)   Evacuate Collection Set: 357.2ms
[2026-01-16T08:21:00.267+0000][gc,phases   ] GC(64)   Post Evacuate Collection Set: 46.6ms
[2026-01-16T08:21:00.269+0000][gc,phases   ] GC(64)   Other: 11.2ms
[2026-01-16T08:21:00.270+0000][gc,heap     ] GC(64) Eden regions: 46->0(46)
[2026-01-16T08:21:00.270+0000][gc,heap     ] GC(64) Survivor regions: 5->5(7)
[2026-01-16T08:21:00.270+0000][gc,heap     ] GC(64) Old regions: 25->25
[2026-01-16T08:21:00.271+0000][gc,heap     ] GC(64) Humongous regions: 12->12
[2026-01-16T08:21:00.271+0000][gc,metaspace] GC(64) Metaspace: 10326K(10624K)->10326K(10624K) NonClass: 9319K(9472K)->9319K(9472K) Class: 1006K(1152K)->1006K(1152K)
[2026-01-16T08:21:00.272+0000][gc          ] GC(64) Pause Young (Normal) (G1 Evacuation Pause) 86M->40M(1024M) 519.083ms
[2026-01-16T08:21:00.272+0000][gc,cpu      ] GC(64) User=0.28s Sys=0.08s Real=0.52s
[2026-01-16T08:21:05.732+0000][gc,start    ] GC(65) Pause Young (Normal) (G1 Evacuation Pause)
[2026-01-16T08:21:05.783+0000][gc,task     ] GC(65) Using 8 workers of 8 for evacuation
[2026-01-16T08:21:07.267+0000][gc,mmu      ] GC(65) MMU target violated: 201.0ms (200.0ms/201.0ms)
[2026-01-16T08:21:07.270+0000][gc,phases   ] GC(65)   Pre Evacuate Collection Set: 153.3ms
[2026-01-16T08:21:07.270+0000][gc,phases   ] GC(65)   Merge Heap Roots: 23.0ms
[2026-01-16T08:21:07.271+0000][gc,phases   ] GC(65)   Evacuate Collection Set: 1058.6ms
[2026-01-16T08:21:07.272+0000][gc,phases   ] GC(65)   Post Evacuate Collection Set: 208.6ms
[2026-01-16T08:21:07.272+0000][gc,phases   ] GC(65)   Other: 73.5ms
[2026-01-16T08:21:07.273+0000][gc,heap     ] GC(65) Eden regions: 46->0(46)
[2026-01-16T08:21:07.273+0000][gc,heap     ] GC(65) Survivor regions: 5->5(7)
[2026-01-16T08:21:07.273+0000][gc,heap     ] GC(65) Old regions: 25->26
[2026-01-16T08:21:07.274+0000][gc,heap     ] GC(65) Humongous regions: 12->12
[2026-01-16T08:21:07.275+0000][gc,metaspace] GC(65) Metaspace: 10332K(10624K)->10332K(10624K) NonClass: 9325K(9472K)->9325K(9472K) Class: 1006K(1152K)->1006K(1152K)
[2026-01-16T08:21:07.276+0000][gc          ] GC(65) Pause Young (Normal) (G1 Evacuation Pause) 86M->41M(1024M) 1626.321ms
[2026-01-16T08:21:07.276+0000][gc,cpu      ] GC(65) User=0.54s Sys=0.08s Real=1.70s
[2026-01-16T08:21:13.449+0000][gc,start    ] GC(66) Pause Young (Normal) (G1 Evacuation Pause)
[2026-01-16T08:21:13.454+0000][gc,task     ] GC(66) Using 8 workers of 8 for evacuation
[2026-01-16T08:21:14.390+0000][gc,mmu      ] GC(66) MMU target violated: 201.0ms (200.0ms/201.0ms)
[2026-01-16T08:21:14.393+0000][gc,phases   ] GC(66)   Pre Evacuate Collection Set: 28.2ms
[2026-01-16T08:21:14.398+0000][gc,phases   ] GC(66)   Merge Heap Roots: 10.9ms
[2026-01-16T08:21:14.401+0000][gc,phases   ] GC(66)   Evacuate Collection Set: 870.8ms
[2026-01-16T08:21:14.408+0000][gc,phases   ] GC(66)   Post Evacuate Collection Set: 23.7ms
[2026-01-16T08:21:14.411+0000][gc,phases   ] GC(66)   Other: 6.3ms
[2026-01-16T08:21:14.415+0000][gc,heap     ] GC(66) Eden regions: 46->0(46)
[2026-01-16T08:21:14.418+0000][gc,heap     ] GC(66) Survivor regions: 5->5(7)
[2026-01-16T08:21:14.418+0000][gc,heap     ] GC(66) Old regions: 26->27
[2026-01-16T08:21:14.428+0000][gc,heap     ] GC(66) Humongous regions: 12->12
[2026-01-16T08:21:14.429+0000][gc,metaspace] GC(66) Metaspace: 10340K(10624K)->10340K(10624K) NonClass: 9333K(9472K)->9333K(9472K) Class: 1006K(1152K)->1006K(1152K)
[2026-01-16T08:21:14.429+0000][gc          ] GC(66) Pause Young (Normal) (G1 Evacuation Pause) 87M->43M(1024M) 980.248ms
[2026-01-16T08:21:14.430+0000][gc,cpu      ] GC(66) User=0.42s Sys=0.08s Real=0.98s
[2026-01-16T08:21:18.692+0000][gc,start    ] GC(67) Pause Young (Normal) (G1 Evacuation Pause)
[2026-01-16T08:21:18.697+0000][gc,task     ] GC(67) Using 8 workers of 8 for evacuation
[2026-01-16T08:21:19.126+0000][gc,mmu      ] GC(67) MMU target violated: 201.0ms (200.0ms/201.0ms)
[2026-01-16T08:21:19.129+0000][gc,phases   ] GC(67)   Pre Evacuate Collection Set: 41.5ms
[2026-01-16T08:21:19.129+0000][gc,phases   ] GC(67)   Merge Heap Roots: 0.5ms
[2026-01-16T08:21:19.131+0000][gc,phases   ] GC(67)   Evacuate Collection Set: 335.0ms
[2026-01-16T08:21:19.131+0000][gc,phases   ] GC(67)   Post Evacuate Collection Set: 38.7ms
[2026-01-16T08:21:19.132+0000][gc,phases   ] GC(67)   Other: 17.0ms
[2026-01-16T08:21:19.132+0000][gc,heap     ] GC(67) Eden regions: 46->0(47)
[2026-01-16T08:21:19.132+0000][gc,heap     ] GC(67) Survivor regions: 5->4(7)
[2026-01-16T08:21:19.132+0000][gc,heap     ] GC(67) Old regions: 27->28
[2026-01-16T08:21:19.132+0000][gc,heap     ] GC(67) Humongous regions: 12->12
[2026-01-16T08:21:19.132+0000][gc,metaspace] GC(67) Metaspace: 10340K(10624K)->10340K(10624K) NonClass: 9333K(9472K)->9333K(9472K) Class: 1006K(1152K)->1006K(1152K)
[2026-01-16T08:21:19.134+0000][gc          ] GC(67) Pause Young (Normal) (G1 Evacuation Pause) 89M->42M(1024M) 442.202ms
[2026-01-16T08:21:19.134+0000][gc,cpu      ] GC(67) User=0.33s Sys=0.12s Real=0.45s
[2026-01-16T08:21:22.950+0000][gc,start    ] GC(68) Pause Young (Normal) (G1 Evacuation Pause)
[2026-01-16T08:21:22.978+0000][gc,task     ] GC(68) Using 8 workers of 8 for evacuation
[2026-01-16T08:21:23.628+0000][gc,mmu      ] GC(68) MMU target violated: 201.0ms (200.0ms/201.0ms)
[2026-01-16T08:21:23.630+0000][gc,phases   ] GC(68)   Pre Evacuate Collection Set: 55.6ms
[2026-01-16T08:21:23.635+0000][gc,phases   ] GC(68)   Merge Heap Roots: 1.4ms
[2026-01-16T08:21:23.635+0000][gc,phases   ] GC(68)   Evacuate Collection Set: 502.0ms
[2026-01-16T08:21:23.635+0000][gc,phases   ] GC(68)   Post Evacuate Collection Set: 88.5ms
[2026-01-16T08:21:23.636+0000][gc,phases   ] GC(68)   Other: 5.1ms
[2026-01-16T08:21:23.636+0000][gc,heap     ] GC(68) Eden regions: 47->0(46)
[2026-01-16T08:21:23.636+0000][gc,heap     ] GC(68) Survivor regions: 4->5(7)
[2026-01-16T08:21:23.636+0000][gc,heap     ] GC(68) Old regions: 28->28
[2026-01-16T08:21:23.637+0000][gc,heap     ] GC(68) Humongous regions: 12->12
[2026-01-16T08:21:23.639+0000][gc,metaspace] GC(68) Metaspace: 10345K(10624K)->10345K(10624K) NonClass: 9338K(9472K)->9338K(9472K) Class: 1006K(1152K)->1006K(1152K)
[2026-01-16T08:21:23.640+0000][gc          ] GC(68) Pause Young (Normal) (G1 Evacuation Pause) 89M->43M(1024M) 689.675ms
[2026-01-16T08:21:23.640+0000][gc,cpu      ] GC(68) User=0.33s Sys=0.03s Real=0.69s
[2026-01-16T08:21:24.825+0000][gc,start    ] GC(69) Pause Young (Normal) (G1 Evacuation Pause)
[2026-01-16T08:21:24.827+0000][gc,task     ] GC(69) Using 8 workers of 8 for evacuation
[2026-01-16T08:21:24.943+0000][gc,phases   ] GC(69)   Pre Evacuate Collection Set: 1.8ms
[2026-01-16T08:21:24.943+0000][gc,phases   ] GC(69)   Merge Heap Roots: 0.1ms
[2026-01-16T08:21:24.943+0000][gc,phases   ] GC(69)   Evacuate Collection Set: 108.8ms
[2026-01-16T08:21:24.945+0000][gc,phases   ] GC(69)   Post Evacuate Collection Set: 1.6ms
[2026-01-16T08:21:24.948+0000][gc,phases   ] GC(69)   Other: 3.9ms
[2026-01-16T08:21:24.948+0000][gc,heap     ] GC(69) Eden regions: 46->0(46)
[2026-01-16T08:21:24.948+0000][gc,heap     ] GC(69) Survivor regions: 5->5(7)
[2026-01-16T08:21:24.948+0000][gc,heap     ] GC(69) Old regions: 28->29
[2026-01-16T08:21:24.948+0000][gc,heap     ] GC(69) Humongous regions: 12->12
[2026-01-16T08:21:24.948+0000][gc,metaspace] GC(69) Metaspace: 10348K(10624K)->10348K(10624K) NonClass: 9341K(9472K)->9341K(9472K) Class: 1006K(1152K)->1006K(1152K)
[2026-01-16T08:21:24.954+0000][gc          ] GC(69) Pause Young (Normal) (G1 Evacuation Pause) 89M->44M(1024M) 128.955ms
[2026-01-16T08:21:24.954+0000][gc,cpu      ] GC(69) User=0.05s Sys=0.02s Real=0.12s
[2026-01-16T08:21:25.779+0000][gc,start    ] GC(70) Pause Young (Normal) (G1 Evacuation Pause)
[2026-01-16T08:21:25.781+0000][gc,task     ] GC(70) Using 8 workers of 8 for evacuation
[2026-01-16T08:21:25.886+0000][gc,phases   ] GC(70)   Pre Evacuate Collection Set: 6.0ms
[2026-01-16T08:21:25.886+0000][gc,phases   ] GC(70)   Merge Heap Roots: 0.1ms
[2026-01-16T08:21:25.890+0000][gc,phases   ] GC(70)   Evacuate Collection Set: 96.7ms
[2026-01-16T08:21:25.893+0000][gc,phases   ] GC(70)   Post Evacuate Collection Set: 1.8ms
[2026-01-16T08:21:25.894+0000][gc,phases   ] GC(70)   Other: 1.1ms
[2026-01-16T08:21:25.894+0000][gc,heap     ] GC(70) Eden regions: 46->0(46)
[2026-01-16T08:21:25.895+0000][gc,heap     ] GC(70) Survivor regions: 5->5(7)
[2026-01-16T08:21:25.895+0000][gc,heap     ] GC(70) Old regions: 29->29
[2026-01-16T08:21:25.895+0000][gc,heap     ] GC(70) Humongous regions: 12->12
[2026-01-16T08:21:25.896+0000][gc,metaspace] GC(70) Metaspace: 10349K(10624K)->10349K(10624K) NonClass: 9342K(9472K)->9342K(9472K) Class: 1006K(1152K)->1006K(1152K)
[2026-01-16T08:21:25.897+0000][gc          ] GC(70) Pause Young (Normal) (G1 Evacuation Pause) 90M->44M(1024M) 117.883ms
[2026-01-16T08:21:25.898+0000][gc,cpu      ] GC(70) User=0.05s Sys=0.02s Real=0.12s
[2026-01-16T08:21:29.467+0000][gc,start    ] GC(71) Pause Young (Normal) (GCLocker Initiated GC)
[2026-01-16T08:21:29.468+0000][gc,task     ] GC(71) Using 8 workers of 8 for evacuation
[2026-01-16T08:21:30.062+0000][gc,mmu      ] GC(71) MMU target violated: 201.0ms (200.0ms/201.0ms)
[2026-01-16T08:21:30.080+0000][gc,phases   ] GC(71)   Pre Evacuate Collection Set: 134.7ms
[2026-01-16T08:21:30.080+0000][gc,phases   ] GC(71)   Merge Heap Roots: 0.2ms
[2026-01-16T08:21:30.081+0000][gc,phases   ] GC(71)   Evacuate Collection Set: 454.4ms
[2026-01-16T08:21:30.089+0000][gc,phases   ] GC(71)   Post Evacuate Collection Set: 3.4ms
[2026-01-16T08:21:30.090+0000][gc,phases   ] GC(71)   Other: 19.5ms
[2026-01-16T08:21:30.090+0000][gc,heap     ] GC(71) Eden regions: 47->0(46)
[2026-01-16T08:21:30.090+0000][gc,heap     ] GC(71) Survivor regions: 5->5(7)
[2026-01-16T08:21:30.090+0000][gc,heap     ] GC(71) Old regions: 29->30
[2026-01-16T08:21:30.091+0000][gc,heap     ] GC(71) Humongous regions: 12->12
[2026-01-16T08:21:30.091+0000][gc,metaspace] GC(71) Metaspace: 10354K(10624K)->10354K(10624K) NonClass: 9347K(9472K)->9347K(9472K) Class: 1006K(1152K)->1006K(1152K)
[2026-01-16T08:21:30.091+0000][gc          ] GC(71) Pause Young (Normal) (GCLocker Initiated GC) 91M->45M(1024M) 624.991ms
[2026-01-16T08:21:30.091+0000][gc,cpu      ] GC(71) User=0.31s Sys=0.05s Real=0.62s
[2026-01-16T08:21:32.548+0000][gc,start    ] GC(72) Pause Young (Normal) (G1 Evacuation Pause)
[2026-01-16T08:21:32.548+0000][gc,task     ] GC(72) Using 8 workers of 8 for evacuation
[2026-01-16T08:21:32.990+0000][gc,mmu      ] GC(72) MMU target violated: 201.0ms (200.0ms/201.0ms)
[2026-01-16T08:21:33.009+0000][gc,phases   ] GC(72)   Pre Evacuate Collection Set: 13.6ms
[2026-01-16T08:21:33.012+0000][gc,phases   ] GC(72)   Merge Heap Roots: 7.2ms
[2026-01-16T08:21:33.012+0000][gc,phases   ] GC(72)   Evacuate Collection Set: 369.5ms
[2026-01-16T08:21:33.015+0000][gc,phases   ] GC(72)   Post Evacuate Collection Set: 36.9ms
[2026-01-16T08:21:33.018+0000][gc,phases   ] GC(72)   Other: 34.2ms
[2026-01-16T08:21:33.019+0000][gc,heap     ] GC(72) Eden regions: 46->0(46)
[2026-01-16T08:21:33.019+0000][gc,heap     ] GC(72) Survivor regions: 5->5(7)
[2026-01-16T08:21:33.019+0000][gc,heap     ] GC(72) Old regions: 30->31
[2026-01-16T08:21:33.019+0000][gc,heap     ] GC(72) Humongous regions: 12->12
[2026-01-16T08:21:33.019+0000][gc,metaspace] GC(72) Metaspace: 10359K(10624K)->10359K(10624K) NonClass: 9352K(9472K)->9352K(9472K) Class: 1006K(1152K)->1006K(1152K)
[2026-01-16T08:21:33.020+0000][gc          ] GC(72) Pause Young (Normal) (G1 Evacuation Pause) 91M->46M(1024M) 471.899ms
[2026-01-16T08:21:33.020+0000][gc,cpu      ] GC(72) User=0.22s Sys=0.03s Real=0.47s
[2026-01-16T08:21:36.231+0000][gc,start    ] GC(73) Pause Young (Normal) (G1 Evacuation Pause)
[2026-01-16T08:21:36.235+0000][gc,task     ] GC(73) Using 8 workers of 8 for evacuation
[2026-01-16T08:21:36.817+0000][gc,mmu      ] GC(73) MMU target violated: 201.0ms (200.0ms/201.0ms)
[2026-01-16T08:21:36.822+0000][gc,phases   ] GC(73)   Pre Evacuate Collection Set: 86.0ms
[2026-01-16T08:21:36.827+0000][gc,phases   ] GC(73)   Merge Heap Roots: 2.0ms
[2026-01-16T08:21:36.833+0000][gc,phases   ] GC(73)   Evacuate Collection Set: 470.9ms
[2026-01-16T08:21:36.834+0000][gc,phases   ] GC(73)   Post Evacuate Collection Set: 21.3ms
[2026-01-16T08:21:36.838+0000][gc,phases   ] GC(73)   Other: 7.3ms
[2026-01-16T08:21:36.843+0000][gc,heap     ] GC(73) Eden regions: 46->0(46)
[2026-01-16T08:21:36.846+0000][gc,heap     ] GC(73) Survivor regions: 5->5(7)
[2026-01-16T08:21:36.847+0000][gc,heap     ] GC(73) Old regions: 31->31
[2026-01-16T08:21:36.850+0000][gc,heap     ] GC(73) Humongous regions: 12->12
[2026-01-16T08:21:36.850+0000][gc,metaspace] GC(73) Metaspace: 10366K(10624K)->10366K(10624K) NonClass: 9359K(9472K)->9359K(9472K) Class: 1006K(1152K)->1006K(1152K)
[2026-01-16T08:21:36.852+0000][gc          ] GC(73) Pause Young (Normal) (G1 Evacuation Pause) 92M->46M(1024M) 621.074ms
[2026-01-16T08:21:36.853+0000][gc,cpu      ] GC(73) User=0.30s Sys=0.03s Real=0.62s
[2026-01-16T08:21:41.494+0000][gc,start    ] GC(74) Pause Young (Normal) (G1 Evacuation Pause)
[2026-01-16T08:21:41.518+0000][gc,task     ] GC(74) Using 8 workers of 8 for evacuation
[2026-01-16T08:21:42.620+0000][gc,mmu      ] GC(74) MMU target violated: 201.0ms (200.0ms/201.0ms)
[2026-01-16T08:21:42.626+0000][gc,phases   ] GC(74)   Pre Evacuate Collection Set: 136.2ms
[2026-01-16T08:21:42.626+0000][gc,phases   ] GC(74)   Merge Heap Roots: 0.2ms
[2026-01-16T08:21:42.626+0000][gc,phases   ] GC(74)   Evacuate Collection Set: 929.4ms
[2026-01-16T08:21:42.629+0000][gc,phases   ] GC(74)   Post Evacuate Collection Set: 7.5ms
[2026-01-16T08:21:42.631+0000][gc,phases   ] GC(74)   Other: 34.9ms
[2026-01-16T08:21:42.631+0000][gc,heap     ] GC(74) Eden regions: 46->0(47)
[2026-01-16T08:21:42.632+0000][gc,heap     ] GC(74) Survivor regions: 5->4(7)
[2026-01-16T08:21:42.632+0000][gc,heap     ] GC(74) Old regions: 31->32
[2026-01-16T08:21:42.633+0000][gc,heap     ] GC(74) Humongous regions: 12->12
[2026-01-16T08:21:42.633+0000][gc,metaspace] GC(74) Metaspace: 10371K(10624K)->10371K(10624K) NonClass: 9364K(9472K)->9364K(9472K) Class: 1006K(1152K)->1006K(1152K)
[2026-01-16T08:21:42.633+0000][gc          ] GC(74) Pause Young (Normal) (G1 Evacuation Pause) 92M->47M(1024M) 1139.493ms
[2026-01-16T08:21:42.633+0000][gc,cpu      ] GC(74) User=0.44s Sys=0.05s Real=1.14s
[2026-01-16T08:21:46.874+0000][gc,start    ] GC(75) Pause Young (Normal) (G1 Evacuation Pause)
[2026-01-16T08:21:46.896+0000][gc,task     ] GC(75) Using 8 workers of 8 for evacuation
[2026-01-16T08:21:47.634+0000][gc,mmu      ] GC(75) MMU target violated: 201.0ms (200.0ms/201.0ms)
[2026-01-16T08:21:47.637+0000][gc,phases   ] GC(75)   Pre Evacuate Collection Set: 41.3ms
[2026-01-16T08:21:47.638+0000][gc,phases   ] GC(75)   Merge Heap Roots: 4.6ms
[2026-01-16T08:21:47.638+0000][gc,phases   ] GC(75)   Evacuate Collection Set: 665.6ms
[2026-01-16T08:21:47.639+0000][gc,phases   ] GC(75)   Post Evacuate Collection Set: 17.1ms
[2026-01-16T08:21:47.640+0000][gc,phases   ] GC(75)   Other: 12.6ms
[2026-01-16T08:21:47.641+0000][gc,heap     ] GC(75) Eden regions: 47->0(47)
[2026-01-16T08:21:47.643+0000][gc,heap     ] GC(75) Survivor regions: 4->4(7)
[2026-01-16T08:21:47.646+0000][gc,heap     ] GC(75) Old regions: 32->33
[2026-01-16T08:21:47.648+0000][gc,heap     ] GC(75) Humongous regions: 12->12
[2026-01-16T08:21:47.650+0000][gc,metaspace] GC(75) Metaspace: 10376K(10624K)->10376K(10624K) NonClass: 9369K(9472K)->9369K(9472K) Class: 1006K(1152K)->1006K(1152K)
[2026-01-16T08:21:47.651+0000][gc          ] GC(75) Pause Young (Normal) (G1 Evacuation Pause) 94M->48M(1024M) 776.638ms
[2026-01-16T08:21:47.651+0000][gc,cpu      ] GC(75) User=0.42s Sys=0.05s Real=0.78s
[2026-01-16T08:21:52.969+0000][gc,start    ] GC(76) Pause Young (Normal) (G1 Evacuation Pause)
[2026-01-16T08:21:52.978+0000][gc,task     ] GC(76) Using 8 workers of 8 for evacuation
[2026-01-16T08:21:53.659+0000][gc,mmu      ] GC(76) MMU target violated: 201.0ms (200.0ms/201.0ms)
[2026-01-16T08:21:53.674+0000][gc,phases   ] GC(76)   Pre Evacuate Collection Set: 26.7ms
[2026-01-16T08:21:53.676+0000][gc,phases   ] GC(76)   Merge Heap Roots: 8.5ms
[2026-01-16T08:21:53.678+0000][gc,phases   ] GC(76)   Evacuate Collection Set: 593.8ms
[2026-01-16T08:21:53.678+0000][gc,phases   ] GC(76)   Post Evacuate Collection Set: 50.7ms
[2026-01-16T08:21:53.681+0000][gc,phases   ] GC(76)   Other: 3.2ms
[2026-01-16T08:21:53.687+0000][gc,heap     ] GC(76) Eden regions: 47->0(47)
[2026-01-16T08:21:53.688+0000][gc,heap     ] GC(76) Survivor regions: 4->4(7)
[2026-01-16T08:21:53.688+0000][gc,heap     ] GC(76) Old regions: 33->33
[2026-01-16T08:21:53.688+0000][gc,heap     ] GC(76) Humongous regions: 12->12
[2026-01-16T08:21:53.688+0000][gc,metaspace] GC(76) Metaspace: 10381K(10688K)->10381K(10688K) NonClass: 9374K(9536K)->9374K(9536K) Class: 1006K(1152K)->1006K(1152K)
[2026-01-16T08:21:53.689+0000][gc          ] GC(76) Pause Young (Normal) (G1 Evacuation Pause) 95M->48M(1024M) 719.556ms
[2026-01-16T08:21:53.689+0000][gc,cpu      ] GC(76) User=0.31s Sys=0.03s Real=0.72s
[2026-01-16T08:21:56.694+0000][gc,start    ] GC(77) Pause Young (Normal) (G1 Evacuation Pause)
[2026-01-16T08:21:56.700+0000][gc,task     ] GC(77) Using 8 workers of 8 for evacuation
[2026-01-16T08:21:57.464+0000][gc,mmu      ] GC(77) MMU target violated: 201.0ms (200.0ms/201.0ms)
[2026-01-16T08:21:57.464+0000][gc,phases   ] GC(77)   Pre Evacuate Collection Set: 10.6ms
[2026-01-16T08:21:57.466+0000][gc,phases   ] GC(77)   Merge Heap Roots: 0.3ms
[2026-01-16T08:21:57.473+0000][gc,phases   ] GC(77)   Evacuate Collection Set: 717.5ms
[2026-01-16T08:21:57.475+0000][gc,phases   ] GC(77)   Post Evacuate Collection Set: 34.1ms
[2026-01-16T08:21:57.476+0000][gc,phases   ] GC(77)   Other: 1.9ms
[2026-01-16T08:21:57.479+0000][gc,heap     ] GC(77) Eden regions: 47->0(46)
[2026-01-16T08:21:57.480+0000][gc,heap     ] GC(77) Survivor regions: 4->5(7)
[2026-01-16T08:21:57.480+0000][gc,heap     ] GC(77) Old regions: 33->34
[2026-01-16T08:21:57.482+0000][gc,heap     ] GC(77) Humongous regions: 12->12
[2026-01-16T08:21:57.500+0000][gc,metaspace] GC(77) Metaspace: 10393K(10752K)->10393K(10752K) NonClass: 9386K(9600K)->9386K(9600K) Class: 1006K(1152K)->1006K(1152K)
[2026-01-16T08:21:57.502+0000][gc          ] GC(77) Pause Young (Normal) (G1 Evacuation Pause) 95M->49M(1024M) 808.722ms
[2026-01-16T08:21:57.502+0000][gc,cpu      ] GC(77) User=0.25s Sys=0.05s Real=0.81s
[2026-01-16T08:21:58.870+0000][gc,start    ] GC(78) Pause Young (Normal) (G1 Evacuation Pause)
[2026-01-16T08:21:58.872+0000][gc,task     ] GC(78) Using 8 workers of 8 for evacuation
[2026-01-16T08:21:59.138+0000][gc,mmu      ] GC(78) MMU target violated: 201.0ms (200.0ms/201.0ms)
[2026-01-16T08:21:59.139+0000][gc,phases   ] GC(78)   Pre Evacuate Collection Set: 17.6ms
[2026-01-16T08:21:59.140+0000][gc,phases   ] GC(78)   Merge Heap Roots: 13.3ms
[2026-01-16T08:21:59.140+0000][gc,phases   ] GC(78)   Evacuate Collection Set: 219.9ms
[2026-01-16T08:21:59.140+0000][gc,phases   ] GC(78)   Post Evacuate Collection Set: 14.7ms
[2026-01-16T08:21:59.140+0000][gc,phases   ] GC(78)   Other: 2.4ms
[2026-01-16T08:21:59.140+0000][gc,heap     ] GC(78) Eden regions: 46->0(46)
[2026-01-16T08:21:59.140+0000][gc,heap     ] GC(78) Survivor regions: 5->5(7)
[2026-01-16T08:21:59.140+0000][gc,heap     ] GC(78) Old regions: 34->35
[2026-01-16T08:21:59.140+0000][gc,heap     ] GC(78) Humongous regions: 12->12
[2026-01-16T08:21:59.141+0000][gc,metaspace] GC(78) Metaspace: 10396K(10752K)->10396K(10752K) NonClass: 9389K(9600K)->9389K(9600K) Class: 1006K(1152K)->1006K(1152K)
[2026-01-16T08:21:59.141+0000][gc          ] GC(78) Pause Young (Normal) (G1 Evacuation Pause) 95M->50M(1024M) 270.165ms
[2026-01-16T08:21:59.141+0000][gc,cpu      ] GC(78) User=0.08s Sys=0.02s Real=0.26s
[2026-01-16T08:22:02.737+0000][gc,start    ] GC(79) Pause Young (Normal) (G1 Evacuation Pause)
[2026-01-16T08:22:02.745+0000][gc,task     ] GC(79) Using 8 workers of 8 for evacuation
[2026-01-16T08:22:03.647+0000][gc,mmu      ] GC(79) MMU target violated: 201.0ms (200.0ms/201.0ms)
[2026-01-16T08:22:03.661+0000][gc,phases   ] GC(79)   Pre Evacuate Collection Set: 26.2ms
[2026-01-16T08:22:03.687+0000][gc,phases   ] GC(79)   Merge Heap Roots: 0.3ms
[2026-01-16T08:22:03.687+0000][gc,phases   ] GC(79)   Evacuate Collection Set: 819.2ms
[2026-01-16T08:22:03.691+0000][gc,phases   ] GC(79)   Post Evacuate Collection Set: 54.2ms
[2026-01-16T08:22:03.695+0000][gc,phases   ] GC(79)   Other: 15.9ms
[2026-01-16T08:22:03.699+0000][gc,heap     ] GC(79) Eden regions: 46->0(46)
[2026-01-16T08:22:03.701+0000][gc,heap     ] GC(79) Survivor regions: 5->5(7)
[2026-01-16T08:22:03.702+0000][gc,heap     ] GC(79) Old regions: 35->35
[2026-01-16T08:22:03.702+0000][gc,heap     ] GC(79) Humongous regions: 12->12
[2026-01-16T08:22:03.702+0000][gc,metaspace] GC(79) Metaspace: 10400K(10752K)->10400K(10752K) NonClass: 9393K(9600K)->9393K(9600K) Class: 1006K(1152K)->1006K(1152K)
[2026-01-16T08:22:03.703+0000][gc          ] GC(79) Pause Young (Normal) (G1 Evacuation Pause) 96M->51M(1024M) 965.538ms
[2026-01-16T08:22:03.703+0000][gc,cpu      ] GC(79) User=0.31s Sys=0.05s Real=0.97s
[2026-01-16T08:22:07.630+0000][gc,start    ] GC(80) Pause Young (Normal) (G1 Evacuation Pause)
[2026-01-16T08:22:07.633+0000][gc,task     ] GC(80) Using 8 workers of 8 for evacuation
[2026-01-16T08:22:08.345+0000][gc,mmu      ] GC(80) MMU target violated: 201.0ms (200.0ms/201.0ms)
[2026-01-16T08:22:08.345+0000][gc,phases   ] GC(80)   Pre Evacuate Collection Set: 66.5ms
[2026-01-16T08:22:08.346+0000][gc,phases   ] GC(80)   Merge Heap Roots: 18.2ms
[2026-01-16T08:22:08.350+0000][gc,phases   ] GC(80)   Evacuate Collection Set: 603.3ms
[2026-01-16T08:22:08.353+0000][gc,phases   ] GC(80)   Post Evacuate Collection Set: 21.5ms
[2026-01-16T08:22:08.356+0000][gc,phases   ] GC(80)   Other: 3.0ms
[2026-01-16T08:22:08.359+0000][gc,heap     ] GC(80) Eden regions: 46->0(46)
[2026-01-16T08:22:08.360+0000][gc,heap     ] GC(80) Survivor regions: 5->5(7)
[2026-01-16T08:22:08.360+0000][gc,heap     ] GC(80) Old regions: 35->36
[2026-01-16T08:22:08.360+0000][gc,heap     ] GC(80) Humongous regions: 12->12
[2026-01-16T08:22:08.362+0000][gc,metaspace] GC(80) Metaspace: 10406K(10752K)->10406K(10752K) NonClass: 9399K(9600K)->9399K(9600K) Class: 1006K(1152K)->1006K(1152K)
[2026-01-16T08:22:08.362+0000][gc          ] GC(80) Pause Young (Normal) (G1 Evacuation Pause) 97M->51M(1024M) 732.304ms
[2026-01-16T08:22:08.362+0000][gc,cpu      ] GC(80) User=0.39s Sys=0.16s Real=0.73s
[2026-01-16T08:22:11.397+0000][gc,start    ] GC(81) Pause Young (Normal) (G1 Evacuation Pause)
[2026-01-16T08:22:11.404+0000][gc,task     ] GC(81) Using 8 workers of 8 for evacuation
[2026-01-16T08:22:11.824+0000][gc,mmu      ] GC(81) MMU target violated: 201.0ms (200.0ms/201.0ms)
[2026-01-16T08:22:11.827+0000][gc,phases   ] GC(81)   Pre Evacuate Collection Set: 19.9ms
[2026-01-16T08:22:11.827+0000][gc,phases   ] GC(81)   Merge Heap Roots: 22.6ms
[2026-01-16T08:22:11.827+0000][gc,phases   ] GC(81)   Evacuate Collection Set: 338.9ms
[2026-01-16T08:22:11.827+0000][gc,phases   ] GC(81)   Post Evacuate Collection Set: 32.8ms
[2026-01-16T08:22:11.827+0000][gc,phases   ] GC(81)   Other: 10.0ms
[2026-01-16T08:22:11.827+0000][gc,heap     ] GC(81) Eden regions: 46->0(46)
[2026-01-16T08:22:11.827+0000][gc,heap     ] GC(81) Survivor regions: 5->5(7)
[2026-01-16T08:22:11.827+0000][gc,heap     ] GC(81) Old regions: 36->37
[2026-01-16T08:22:11.828+0000][gc,heap     ] GC(81) Humongous regions: 12->12
[2026-01-16T08:22:11.828+0000][gc,metaspace] GC(81) Metaspace: 10410K(10752K)->10410K(10752K) NonClass: 9403K(9600K)->9403K(9600K) Class: 1006K(1152K)->1006K(1152K)
[2026-01-16T08:22:11.835+0000][gc          ] GC(81) Pause Young (Normal) (G1 Evacuation Pause) 97M->52M(1024M) 437.715ms
[2026-01-16T08:22:11.840+0000][gc,cpu      ] GC(81) User=0.25s Sys=0.01s Real=0.47s
[2026-01-16T08:22:15.634+0000][gc,start    ] GC(82) Pause Young (Normal) (G1 Evacuation Pause)
[2026-01-16T08:22:15.650+0000][gc,task     ] GC(82) Using 8 workers of 8 for evacuation
[2026-01-16T08:22:16.187+0000][gc,mmu      ] GC(82) MMU target violated: 201.0ms (200.0ms/201.0ms)
[2026-01-16T08:22:16.193+0000][gc,phases   ] GC(82)   Pre Evacuate Collection Set: 53.3ms
[2026-01-16T08:22:16.197+0000][gc,phases   ] GC(82)   Merge Heap Roots: 13.4ms
[2026-01-16T08:22:16.200+0000][gc,phases   ] GC(82)   Evacuate Collection Set: 454.0ms
[2026-01-16T08:22:16.201+0000][gc,phases   ] GC(82)   Post Evacuate Collection Set: 12.2ms
[2026-01-16T08:22:16.267+0000][gc,phases   ] GC(82)   Other: 10.4ms
[2026-01-16T08:22:16.269+0000][gc,heap     ] GC(82) Eden regions: 46->0(46)
[2026-01-16T08:22:16.269+0000][gc,heap     ] GC(82) Survivor regions: 5->5(7)
[2026-01-16T08:22:16.269+0000][gc,heap     ] GC(82) Old regions: 37->37
[2026-01-16T08:22:16.270+0000][gc,heap     ] GC(82) Humongous regions: 12->12
[2026-01-16T08:22:16.270+0000][gc,metaspace] GC(82) Metaspace: 10412K(10752K)->10412K(10752K) NonClass: 9405K(9600K)->9405K(9600K) Class: 1006K(1152K)->1006K(1152K)
[2026-01-16T08:22:16.270+0000][gc          ] GC(82) Pause Young (Normal) (G1 Evacuation Pause) 98M->52M(1024M) 635.896ms
[2026-01-16T08:22:16.270+0000][gc,cpu      ] GC(82) User=0.31s Sys=0.04s Real=0.63s
[2026-01-16T08:22:19.562+0000][gc,start    ] GC(83) Pause Young (Normal) (G1 Evacuation Pause)
[2026-01-16T08:22:19.576+0000][gc,task     ] GC(83) Using 8 workers of 8 for evacuation
[2026-01-16T08:22:20.123+0000][gc,mmu      ] GC(83) MMU target violated: 201.0ms (200.0ms/201.0ms)
[2026-01-16T08:22:20.130+0000][gc,phases   ] GC(83)   Pre Evacuate Collection Set: 26.0ms
[2026-01-16T08:22:20.133+0000][gc,phases   ] GC(83)   Merge Heap Roots: 1.4ms
[2026-01-16T08:22:20.133+0000][gc,phases   ] GC(83)   Evacuate Collection Set: 479.9ms
[2026-01-16T08:22:20.133+0000][gc,phases   ] GC(83)   Post Evacuate Collection Set: 29.0ms
[2026-01-16T08:22:20.133+0000][gc,phases   ] GC(83)   Other: 18.9ms
[2026-01-16T08:22:20.133+0000][gc,heap     ] GC(83) Eden regions: 46->0(47)
[2026-01-16T08:22:20.134+0000][gc,heap     ] GC(83) Survivor regions: 5->4(7)
[2026-01-16T08:22:20.134+0000][gc,heap     ] GC(83) Old regions: 37->38
[2026-01-16T08:22:20.145+0000][gc,heap     ] GC(83) Humongous regions: 12->12
[2026-01-16T08:22:20.147+0000][gc,metaspace] GC(83) Metaspace: 10412K(10752K)->10412K(10752K) NonClass: 9405K(9600K)->9405K(9600K) Class: 1006K(1152K)->1006K(1152K)
[2026-01-16T08:22:20.161+0000][gc          ] GC(83) Pause Young (Normal) (G1 Evacuation Pause) 98M->53M(1024M) 599.242ms
[2026-01-16T08:22:20.164+0000][gc,cpu      ] GC(83) User=0.23s Sys=0.02s Real=0.61s
[2026-01-16T08:22:25.744+0000][gc,start    ] GC(84) Pause Young (Normal) (G1 Evacuation Pause)
[2026-01-16T08:22:25.746+0000][gc,task     ] GC(84) Using 8 workers of 8 for evacuation
[2026-01-16T08:22:26.079+0000][gc,mmu      ] GC(84) MMU target violated: 201.0ms (200.0ms/201.0ms)
[2026-01-16T08:22:26.084+0000][gc,phases   ] GC(84)   Pre Evacuate Collection Set: 76.9ms
[2026-01-16T08:22:26.087+0000][gc,phases   ] GC(84)   Merge Heap Roots: 5.3ms
[2026-01-16T08:22:26.096+0000][gc,phases   ] GC(84)   Evacuate Collection Set: 236.6ms
[2026-01-16T08:22:26.097+0000][gc,phases   ] GC(84)   Post Evacuate Collection Set: 13.9ms
[2026-01-16T08:22:26.101+0000][gc,phases   ] GC(84)   Other: 5.4ms
[2026-01-16T08:22:26.104+0000][gc,heap     ] GC(84) Eden regions: 47->0(47)
[2026-01-16T08:22:26.109+0000][gc,heap     ] GC(84) Survivor regions: 4->4(7)
[2026-01-16T08:22:26.111+0000][gc,heap     ] GC(84) Old regions: 38->39
[2026-01-16T08:22:26.114+0000][gc,heap     ] GC(84) Humongous regions: 12->12
[2026-01-16T08:22:26.118+0000][gc,metaspace] GC(84) Metaspace: 10413K(10752K)->10413K(10752K) NonClass: 9406K(9600K)->9406K(9600K) Class: 1006K(1152K)->1006K(1152K)
[2026-01-16T08:22:26.121+0000][gc          ] GC(84) Pause Young (Normal) (G1 Evacuation Pause) 100M->54M(1024M) 376.805ms
[2026-01-16T08:22:26.123+0000][gc,cpu      ] GC(84) User=0.23s Sys=0.02s Real=0.38s
[2026-01-16T08:22:33.440+0000][gc,start    ] GC(85) Pause Young (Normal) (G1 Evacuation Pause)
[2026-01-16T08:22:33.458+0000][gc,task     ] GC(85) Using 8 workers of 8 for evacuation
[2026-01-16T08:22:34.866+0000][gc,mmu      ] GC(85) MMU target violated: 201.0ms (200.0ms/201.0ms)
[2026-01-16T08:22:34.868+0000][gc,phases   ] GC(85)   Pre Evacuate Collection Set: 116.0ms
[2026-01-16T08:22:34.869+0000][gc,phases   ] GC(85)   Merge Heap Roots: 16.6ms
[2026-01-16T08:22:34.870+0000][gc,phases   ] GC(85)   Evacuate Collection Set: 1075.2ms
[2026-01-16T08:22:34.872+0000][gc,phases   ] GC(85)   Post Evacuate Collection Set: 131.2ms
[2026-01-16T08:22:34.874+0000][gc,phases   ] GC(85)   Other: 72.5ms
[2026-01-16T08:22:34.874+0000][gc,heap     ] GC(85) Eden regions: 47->0(48)
[2026-01-16T08:22:34.876+0000][gc,heap     ] GC(85) Survivor regions: 4->3(7)
[2026-01-16T08:22:34.876+0000][gc,heap     ] GC(85) Old regions: 39->39
[2026-01-16T08:22:34.879+0000][gc,heap     ] GC(85) Humongous regions: 12->12
[2026-01-16T08:22:34.885+0000][gc,metaspace] GC(85) Metaspace: 10416K(10752K)->10416K(10752K) NonClass: 9409K(9600K)->9409K(9600K) Class: 1006K(1152K)->1006K(1152K)
[2026-01-16T08:22:34.886+0000][gc          ] GC(85) Pause Young (Normal) (G1 Evacuation Pause) 101M->53M(1024M) 1452.585ms
[2026-01-16T08:22:34.886+0000][gc,cpu      ] GC(85) User=0.59s Sys=0.17s Real=1.46s
[2026-01-16T08:22:39.149+0000][gc,start    ] GC(86) Pause Young (Normal) (G1 Evacuation Pause)
[2026-01-16T08:22:39.151+0000][gc,task     ] GC(86) Using 8 workers of 8 for evacuation
[2026-01-16T08:22:40.309+0000][gc,mmu      ] GC(86) MMU target violated: 201.0ms (200.0ms/201.0ms)
[2026-01-16T08:22:40.311+0000][gc,phases   ] GC(86)   Pre Evacuate Collection Set: 133.9ms
[2026-01-16T08:22:40.315+0000][gc,phases   ] GC(86)   Merge Heap Roots: 11.1ms
[2026-01-16T08:22:40.315+0000][gc,phases   ] GC(86)   Evacuate Collection Set: 958.7ms
[2026-01-16T08:22:40.316+0000][gc,phases   ] GC(86)   Post Evacuate Collection Set: 53.6ms
[2026-01-16T08:22:40.317+0000][gc,phases   ] GC(86)   Other: 2.4ms
[2026-01-16T08:22:40.317+0000][gc,heap     ] GC(86) Eden regions: 48->0(47)
[2026-01-16T08:22:40.318+0000][gc,heap     ] GC(86) Survivor regions: 3->4(7)
[2026-01-16T08:22:40.318+0000][gc,heap     ] GC(86) Old regions: 39->39
[2026-01-16T08:22:40.319+0000][gc,heap     ] GC(86) Humongous regions: 12->12
[2026-01-16T08:22:40.345+0000][gc,metaspace] GC(86) Metaspace: 10423K(10752K)->10423K(10752K) NonClass: 9416K(9600K)->9416K(9600K) Class: 1006K(1152K)->1006K(1152K)
[2026-01-16T08:22:40.364+0000][gc          ] GC(86) Pause Young (Normal) (G1 Evacuation Pause) 101M->54M(1024M) 1214.520ms
[2026-01-16T08:22:40.367+0000][gc,cpu      ] GC(86) User=0.38s Sys=0.06s Real=1.24s
[2026-01-16T08:22:43.468+0000][gc,start    ] GC(87) Pause Young (Normal) (G1 Evacuation Pause)
[2026-01-16T08:22:43.469+0000][gc,task     ] GC(87) Using 8 workers of 8 for evacuation
[2026-01-16T08:22:44.031+0000][gc,mmu      ] GC(87) MMU target violated: 201.0ms (200.0ms/201.0ms)
[2026-01-16T08:22:44.033+0000][gc,phases   ] GC(87)   Pre Evacuate Collection Set: 43.8ms
[2026-01-16T08:22:44.034+0000][gc,phases   ] GC(87)   Merge Heap Roots: 3.7ms
[2026-01-16T08:22:44.036+0000][gc,phases   ] GC(87)   Evacuate Collection Set: 486.6ms
[2026-01-16T08:22:44.037+0000][gc,phases   ] GC(87)   Post Evacuate Collection Set: 27.5ms
[2026-01-16T08:22:44.042+0000][gc,phases   ] GC(87)   Other: 2.4ms
[2026-01-16T08:22:44.045+0000][gc,heap     ] GC(87) Eden regions: 47->0(46)
[2026-01-16T08:22:44.047+0000][gc,heap     ] GC(87) Survivor regions: 4->5(7)
[2026-01-16T08:22:44.047+0000][gc,heap     ] GC(87) Old regions: 39->39
[2026-01-16T08:22:44.049+0000][gc,heap     ] GC(87) Humongous regions: 12->12
[2026-01-16T08:22:44.050+0000][gc,metaspace] GC(87) Metaspace: 10426K(10752K)->10426K(10752K) NonClass: 9419K(9600K)->9419K(9600K) Class: 1006K(1152K)->1006K(1152K)
[2026-01-16T08:22:44.050+0000][gc          ] GC(87) Pause Young (Normal) (G1 Evacuation Pause) 101M->54M(1024M) 582.771ms
[2026-01-16T08:22:44.051+0000][gc,cpu      ] GC(87) User=0.23s Sys=0.02s Real=0.59s
[2026-01-16T08:22:46.091+0000][gc,start    ] GC(88) Pause Young (Normal) (G1 Evacuation Pause)
[2026-01-16T08:22:46.094+0000][gc,task     ] GC(88) Using 8 workers of 8 for evacuation
[2026-01-16T08:22:46.470+0000][gc,mmu      ] GC(88) MMU target violated: 201.0ms (200.0ms/201.0ms)
[2026-01-16T08:22:46.472+0000][gc,phases   ] GC(88)   Pre Evacuate Collection Set: 23.8ms
[2026-01-16T08:22:46.475+0000][gc,phases   ] GC(88)   Merge Heap Roots: 2.1ms
[2026-01-16T08:22:46.476+0000][gc,phases   ] GC(88)   Evacuate Collection Set: 275.5ms
[2026-01-16T08:22:46.480+0000][gc,phases   ] GC(88)   Post Evacuate Collection Set: 63.3ms
[2026-01-16T08:22:46.480+0000][gc,phases   ] GC(88)   Other: 14.2ms
[2026-01-16T08:22:46.480+0000][gc,heap     ] GC(88) Eden regions: 46->0(46)
[2026-01-16T08:22:46.480+0000][gc,heap     ] GC(88) Survivor regions: 5->5(7)
[2026-01-16T08:22:46.480+0000][gc,heap     ] GC(88) Old regions: 39->40
[2026-01-16T08:22:46.480+0000][gc,heap     ] GC(88) Humongous regions: 12->12
[2026-01-16T08:22:46.480+0000][gc,metaspace] GC(88) Metaspace: 10427K(10752K)->10427K(10752K) NonClass: 9420K(9600K)->9420K(9600K) Class: 1006K(1152K)->1006K(1152K)
[2026-01-16T08:22:46.480+0000][gc          ] GC(88) Pause Young (Normal) (G1 Evacuation Pause) 100M->55M(1024M) 389.048ms
[2026-01-16T08:22:46.481+0000][gc,cpu      ] GC(88) User=0.16s Sys=0.07s Real=0.39s
[2026-01-16T08:22:50.527+0000][gc,start    ] GC(89) Pause Young (Normal) (G1 Evacuation Pause)
[2026-01-16T08:22:50.534+0000][gc,task     ] GC(89) Using 8 workers of 8 for evacuation
[2026-01-16T08:22:51.516+0000][gc,mmu      ] GC(89) MMU target violated: 201.0ms (200.0ms/201.0ms)
[2026-01-16T08:22:51.538+0000][gc,phases   ] GC(89)   Pre Evacuate Collection Set: 62.3ms
[2026-01-16T08:22:51.576+0000][gc,phases   ] GC(89)   Merge Heap Roots: 0.4ms
[2026-01-16T08:22:51.578+0000][gc,phases   ] GC(89)   Evacuate Collection Set: 816.2ms
[2026-01-16T08:22:51.581+0000][gc,phases   ] GC(89)   Post Evacuate Collection Set: 98.8ms
[2026-01-16T08:22:51.581+0000][gc,phases   ] GC(89)   Other: 26.0ms
[2026-01-16T08:22:51.581+0000][gc,heap     ] GC(89) Eden regions: 46->0(47)
[2026-01-16T08:22:51.584+0000][gc,heap     ] GC(89) Survivor regions: 5->4(7)
[2026-01-16T08:22:51.586+0000][gc,heap     ] GC(89) Old regions: 40->41
[2026-01-16T08:22:51.586+0000][gc,heap     ] GC(89) Humongous regions: 12->12
[2026-01-16T08:22:51.586+0000][gc,metaspace] GC(89) Metaspace: 10430K(10752K)->10430K(10752K) NonClass: 9423K(9600K)->9423K(9600K) Class: 1006K(1152K)->1006K(1152K)
[2026-01-16T08:22:51.587+0000][gc          ] GC(89) Pause Young (Normal) (G1 Evacuation Pause) 101M->56M(1024M) 1059.172ms
[2026-01-16T08:22:51.587+0000][gc,cpu      ] GC(89) User=0.24s Sys=0.06s Real=1.06s
[2026-01-16T08:22:55.076+0000][gc,start    ] GC(90) Pause Young (Normal) (G1 Evacuation Pause)
[2026-01-16T08:22:55.078+0000][gc,task     ] GC(90) Using 8 workers of 8 for evacuation
[2026-01-16T08:22:55.607+0000][gc,mmu      ] GC(90) MMU target violated: 201.0ms (200.0ms/201.0ms)
[2026-01-16T08:22:55.607+0000][gc,phases   ] GC(90)   Pre Evacuate Collection Set: 32.3ms
[2026-01-16T08:22:55.610+0000][gc,phases   ] GC(90)   Merge Heap Roots: 9.4ms
[2026-01-16T08:22:55.610+0000][gc,phases   ] GC(90)   Evacuate Collection Set: 440.2ms
[2026-01-16T08:22:55.613+0000][gc,phases   ] GC(90)   Post Evacuate Collection Set: 35.7ms
[2026-01-16T08:22:55.614+0000][gc,phases   ] GC(90)   Other: 12.6ms
[2026-01-16T08:22:55.616+0000][gc,heap     ] GC(90) Eden regions: 47->0(46)
[2026-01-16T08:22:55.616+0000][gc,heap     ] GC(90) Survivor regions: 4->5(7)
[2026-01-16T08:22:55.616+0000][gc,heap     ] GC(90) Old regions: 41->41
[2026-01-16T08:22:55.616+0000][gc,heap     ] GC(90) Humongous regions: 12->12
[2026-01-16T08:22:55.618+0000][gc,metaspace] GC(90) Metaspace: 10432K(10752K)->10432K(10752K) NonClass: 9425K(9600K)->9425K(9600K) Class: 1006K(1152K)->1006K(1152K)
[2026-01-16T08:22:55.618+0000][gc          ] GC(90) Pause Young (Normal) (G1 Evacuation Pause) 103M->56M(1024M) 541.993ms
[2026-01-16T08:22:55.618+0000][gc,cpu      ] GC(90) User=0.22s Sys=0.03s Real=0.55s
[2026-01-16T08:22:57.739+0000][gc,start    ] GC(91) Pause Young (Normal) (G1 Evacuation Pause)
[2026-01-16T08:22:57.742+0000][gc,task     ] GC(91) Using 8 workers of 8 for evacuation
[2026-01-16T08:22:58.032+0000][gc,mmu      ] GC(91) MMU target violated: 201.0ms (200.0ms/201.0ms)
[2026-01-16T08:22:58.033+0000][gc,phases   ] GC(91)   Pre Evacuate Collection Set: 11.9ms
[2026-01-16T08:22:58.033+0000][gc,phases   ] GC(91)   Merge Heap Roots: 3.7ms
[2026-01-16T08:22:58.033+0000][gc,phases   ] GC(91)   Evacuate Collection Set: 232.9ms
[2026-01-16T08:22:58.034+0000][gc,phases   ] GC(91)   Post Evacuate Collection Set: 39.8ms
[2026-01-16T08:22:58.036+0000][gc,phases   ] GC(91)   Other: 2.8ms
[2026-01-16T08:22:58.037+0000][gc,heap     ] GC(91) Eden regions: 46->0(46)
[2026-01-16T08:22:58.038+0000][gc,heap     ] GC(91) Survivor regions: 5->5(7)
[2026-01-16T08:22:58.039+0000][gc,heap     ] GC(91) Old regions: 41->42
[2026-01-16T08:22:58.039+0000][gc,heap     ] GC(91) Humongous regions: 12->12
[2026-01-16T08:22:58.040+0000][gc,metaspace] GC(91) Metaspace: 10441K(10752K)->10441K(10752K) NonClass: 9434K(9600K)->9434K(9600K) Class: 1006K(1152K)->1006K(1152K)
[2026-01-16T08:22:58.041+0000][gc          ] GC(91) Pause Young (Normal) (G1 Evacuation Pause) 102M->57M(1024M) 301.456ms
[2026-01-16T08:22:58.042+0000][gc,cpu      ] GC(91) User=0.14s Sys=0.02s Real=0.30s
[2026-01-16T08:23:00.958+0000][gc,start    ] GC(92) Pause Young (Normal) (G1 Evacuation Pause)
[2026-01-16T08:23:00.978+0000][gc,task     ] GC(92) Using 8 workers of 8 for evacuation
[2026-01-16T08:23:01.232+0000][gc,mmu      ] GC(92) MMU target violated: 201.0ms (200.0ms/201.0ms)
[2026-01-16T08:23:01.236+0000][gc,phases   ] GC(92)   Pre Evacuate Collection Set: 24.4ms
[2026-01-16T08:23:01.240+0000][gc,phases   ] GC(92)   Merge Heap Roots: 5.9ms
[2026-01-16T08:23:01.241+0000][gc,phases   ] GC(92)   Evacuate Collection Set: 207.3ms
[2026-01-16T08:23:01.243+0000][gc,phases   ] GC(92)   Post Evacuate Collection Set: 11.9ms
[2026-01-16T08:23:01.246+0000][gc,phases   ] GC(92)   Other: 27.1ms
[2026-01-16T08:23:01.246+0000][gc,heap     ] GC(92) Eden regions: 46->0(46)
[2026-01-16T08:23:01.248+0000][gc,heap     ] GC(92) Survivor regions: 5->5(7)
[2026-01-16T08:23:01.251+0000][gc,heap     ] GC(92) Old regions: 42->43
[2026-01-16T08:23:01.252+0000][gc,heap     ] GC(92) Humongous regions: 12->12
[2026-01-16T08:23:01.252+0000][gc,metaspace] GC(92) Metaspace: 10443K(10752K)->10443K(10752K) NonClass: 9436K(9600K)->9436K(9600K) Class: 1006K(1152K)->1006K(1152K)
[2026-01-16T08:23:01.257+0000][gc          ] GC(92) Pause Young (Normal) (G1 Evacuation Pause) 103M->58M(1024M) 299.313ms
[2026-01-16T08:23:01.258+0000][gc,cpu      ] GC(92) User=0.18s Sys=0.01s Real=0.30s
[2026-01-16T08:23:04.245+0000][gc,start    ] GC(93) Pause Young (Normal) (G1 Evacuation Pause)
[2026-01-16T08:23:04.266+0000][gc,task     ] GC(93) Using 8 workers of 8 for evacuation
[2026-01-16T08:23:04.795+0000][gc,mmu      ] GC(93) MMU target violated: 201.0ms (200.0ms/201.0ms)
[2026-01-16T08:23:04.797+0000][gc,phases   ] GC(93)   Pre Evacuate Collection Set: 71.1ms
[2026-01-16T08:23:04.802+0000][gc,phases   ] GC(93)   Merge Heap Roots: 3.9ms
[2026-01-16T08:23:04.803+0000][gc,phases   ] GC(93)   Evacuate Collection Set: 392.6ms
[2026-01-16T08:23:04.803+0000][gc,phases   ] GC(93)   Post Evacuate Collection Set: 60.4ms
[2026-01-16T08:23:04.803+0000][gc,phases   ] GC(93)   Other: 3.1ms
[2026-01-16T08:23:04.803+0000][gc,heap     ] GC(93) Eden regions: 46->0(47)
[2026-01-16T08:23:04.803+0000][gc,heap     ] GC(93) Survivor regions: 5->4(7)
[2026-01-16T08:23:04.804+0000][gc,heap     ] GC(93) Old regions: 43->43
[2026-01-16T08:23:04.809+0000][gc,heap     ] GC(93) Humongous regions: 12->12
[2026-01-16T08:23:04.812+0000][gc,metaspace] GC(93) Metaspace: 10457K(10752K)->10457K(10752K) NonClass: 9450K(9600K)->9450K(9600K) Class: 1006K(1152K)->1006K(1152K)
[2026-01-16T08:23:04.813+0000][gc          ] GC(93) Pause Young (Normal) (G1 Evacuation Pause) 104M->58M(1024M) 567.443ms
[2026-01-16T08:23:04.813+0000][gc,cpu      ] GC(93) User=0.23s Sys=0.02s Real=0.57s
[2026-01-16T08:23:07.144+0000][gc,start    ] GC(94) Pause Young (Normal) (G1 Evacuation Pause)
[2026-01-16T08:23:07.146+0000][gc,task     ] GC(94) Using 8 workers of 8 for evacuation
[2026-01-16T08:23:07.396+0000][gc,mmu      ] GC(94) MMU target violated: 201.0ms (200.0ms/201.0ms)
[2026-01-16T08:23:07.399+0000][gc,phases   ] GC(94)   Pre Evacuate Collection Set: 10.6ms
[2026-01-16T08:23:07.411+0000][gc,phases   ] GC(94)   Merge Heap Roots: 0.5ms
[2026-01-16T08:23:07.411+0000][gc,phases   ] GC(94)   Evacuate Collection Set: 217.6ms
[2026-01-16T08:23:07.425+0000][gc,phases   ] GC(94)   Post Evacuate Collection Set: 13.2ms
[2026-01-16T08:23:07.425+0000][gc,phases   ] GC(94)   Other: 11.1ms
[2026-01-16T08:23:07.426+0000][gc,heap     ] GC(94) Eden regions: 47->0(47)
[2026-01-16T08:23:07.427+0000][gc,heap     ] GC(94) Survivor regions: 4->4(7)
[2026-01-16T08:23:07.427+0000][gc,heap     ] GC(94) Old regions: 43->44
[2026-01-16T08:23:07.427+0000][gc,heap     ] GC(94) Humongous regions: 12->12
[2026-01-16T08:23:07.427+0000][gc,metaspace] GC(94) Metaspace: 10464K(10752K)->10464K(10752K) NonClass: 9457K(9600K)->9457K(9600K) Class: 1006K(1152K)->1006K(1152K)
[2026-01-16T08:23:07.440+0000][gc          ] GC(94) Pause Young (Normal) (G1 Evacuation Pause) 105M->59M(1024M) 295.846ms
[2026-01-16T08:23:07.442+0000][gc,cpu      ] GC(94) User=0.13s Sys=0.04s Real=0.29s
[2026-01-16T08:23:10.156+0000][gc,start    ] GC(95) Pause Young (Normal) (G1 Evacuation Pause)
[2026-01-16T08:23:10.160+0000][gc,task     ] GC(95) Using 8 workers of 8 for evacuation
[2026-01-16T08:23:10.751+0000][gc,mmu      ] GC(95) MMU target violated: 201.0ms (200.0ms/201.0ms)
[2026-01-16T08:23:10.753+0000][gc,phases   ] GC(95)   Pre Evacuate Collection Set: 13.7ms
[2026-01-16T08:23:10.753+0000][gc,phases   ] GC(95)   Merge Heap Roots: 0.7ms
[2026-01-16T08:23:10.754+0000][gc,phases   ] GC(95)   Evacuate Collection Set: 523.0ms
[2026-01-16T08:23:10.754+0000][gc,phases   ] GC(95)   Post Evacuate Collection Set: 52.7ms
[2026-01-16T08:23:10.754+0000][gc,phases   ] GC(95)   Other: 2.5ms
[2026-01-16T08:23:10.755+0000][gc,heap     ] GC(95) Eden regions: 47->0(46)
[2026-01-16T08:23:10.757+0000][gc,heap     ] GC(95) Survivor regions: 4->5(7)
[2026-01-16T08:23:10.758+0000][gc,heap     ] GC(95) Old regions: 44->45
[2026-01-16T08:23:10.758+0000][gc,heap     ] GC(95) Humongous regions: 12->12
[2026-01-16T08:23:10.759+0000][gc,metaspace] GC(95) Metaspace: 10468K(10752K)->10468K(10752K) NonClass: 9461K(9600K)->9461K(9600K) Class: 1006K(1152K)->1006K(1152K)
[2026-01-16T08:23:10.760+0000][gc          ] GC(95) Pause Young (Normal) (G1 Evacuation Pause) 106M->60M(1024M) 603.774ms
[2026-01-16T08:23:10.760+0000][gc,cpu      ] GC(95) User=0.25s Sys=0.06s Real=0.60s
[2026-01-16T08:23:16.015+0000][gc,start    ] GC(96) Pause Young (Normal) (G1 Evacuation Pause)
[2026-01-16T08:23:16.021+0000][gc,task     ] GC(96) Using 8 workers of 8 for evacuation
[2026-01-16T08:23:16.252+0000][gc,mmu      ] GC(96) MMU target violated: 201.0ms (200.0ms/201.0ms)
[2026-01-16T08:23:16.257+0000][gc,phases   ] GC(96)   Pre Evacuate Collection Set: 13.6ms
[2026-01-16T08:23:16.260+0000][gc,phases   ] GC(96)   Merge Heap Roots: 0.6ms
[2026-01-16T08:23:16.261+0000][gc,phases   ] GC(96)   Evacuate Collection Set: 197.1ms
[2026-01-16T08:23:16.263+0000][gc,phases   ] GC(96)   Post Evacuate Collection Set: 17.9ms
[2026-01-16T08:23:16.264+0000][gc,phases   ] GC(96)   Other: 7.2ms
[2026-01-16T08:23:16.264+0000][gc,heap     ] GC(96) Eden regions: 46->0(47)
[2026-01-16T08:23:16.267+0000][gc,heap     ] GC(96) Survivor regions: 5->4(7)
[2026-01-16T08:23:16.267+0000][gc,heap     ] GC(96) Old regions: 45->45
[2026-01-16T08:23:16.268+0000][gc,heap     ] GC(96) Humongous regions: 12->12
[2026-01-16T08:23:16.268+0000][gc,metaspace] GC(96) Metaspace: 10478K(10752K)->10478K(10752K) NonClass: 9471K(9600K)->9471K(9600K) Class: 1006K(1152K)->1006K(1152K)
[2026-01-16T08:23:16.269+0000][gc          ] GC(96) Pause Young (Normal) (G1 Evacuation Pause) 106M->60M(1024M) 253.617ms
[2026-01-16T08:23:16.269+0000][gc,cpu      ] GC(96) User=0.20s Sys=0.05s Real=0.25s
[2026-01-16T08:23:18.366+0000][gc,start    ] GC(97) Pause Young (Normal) (G1 Evacuation Pause)
[2026-01-16T08:23:18.368+0000][gc,task     ] GC(97) Using 8 workers of 8 for evacuation
[2026-01-16T08:23:18.714+0000][gc,mmu      ] GC(97) MMU target violated: 201.0ms (200.0ms/201.0ms)
[2026-01-16T08:23:18.716+0000][gc,phases   ] GC(97)   Pre Evacuate Collection Set: 77.8ms
[2026-01-16T08:23:18.717+0000][gc,phases   ] GC(97)   Merge Heap Roots: 1.9ms
[2026-01-16T08:23:18.718+0000][gc,phases   ] GC(97)   Evacuate Collection Set: 262.0ms
[2026-01-16T08:23:18.718+0000][gc,phases   ] GC(97)   Post Evacuate Collection Set: 2.4ms
[2026-01-16T08:23:18.719+0000][gc,phases   ] GC(97)   Other: 4.4ms
[2026-01-16T08:23:18.719+0000][gc,heap     ] GC(97) Eden regions: 47->0(46)
[2026-01-16T08:23:18.719+0000][gc,heap     ] GC(97) Survivor regions: 4->5(7)
[2026-01-16T08:23:18.720+0000][gc,heap     ] GC(97) Old regions: 45->45
[2026-01-16T08:23:18.720+0000][gc,heap     ] GC(97) Humongous regions: 12->12
[2026-01-16T08:23:18.721+0000][gc,metaspace] GC(97) Metaspace: 10478K(10752K)->10478K(10752K) NonClass: 9471K(9600K)->9471K(9600K) Class: 1006K(1152K)->1006K(1152K)
[2026-01-16T08:23:18.721+0000][gc          ] GC(97) Pause Young (Normal) (G1 Evacuation Pause) 107M->60M(1024M) 354.871ms
[2026-01-16T08:23:18.721+0000][gc,cpu      ] GC(97) User=0.19s Sys=0.01s Real=0.35s
[2026-01-16T08:23:19.527+0000][gc,start    ] GC(98) Pause Young (Normal) (G1 Evacuation Pause)
[2026-01-16T08:23:19.529+0000][gc,task     ] GC(98) Using 8 workers of 8 for evacuation
[2026-01-16T08:23:19.638+0000][gc,phases   ] GC(98)   Pre Evacuate Collection Set: 1.2ms
[2026-01-16T08:23:19.649+0000][gc,phases   ] GC(98)   Merge Heap Roots: 5.1ms
[2026-01-16T08:23:19.652+0000][gc,phases   ] GC(98)   Evacuate Collection Set: 84.4ms
[2026-01-16T08:23:19.653+0000][gc,phases   ] GC(98)   Post Evacuate Collection Set: 16.1ms
[2026-01-16T08:23:19.653+0000][gc,phases   ] GC(98)   Other: 2.2ms
[2026-01-16T08:23:19.654+0000][gc,heap     ] GC(98) Eden regions: 46->0(46)
[2026-01-16T08:23:19.656+0000][gc,heap     ] GC(98) Survivor regions: 5->5(7)
[2026-01-16T08:23:19.657+0000][gc,heap     ] GC(98) Old regions: 45->46
[2026-01-16T08:23:19.657+0000][gc,heap     ] GC(98) Humongous regions: 12->12
[2026-01-16T08:23:19.658+0000][gc,metaspace] GC(98) Metaspace: 10496K(10816K)->10496K(10816K) NonClass: 9488K(9664K)->9488K(9664K) Class: 1007K(1152K)->1007K(1152K)
[2026-01-16T08:23:19.659+0000][gc          ] GC(98) Pause Young (Normal) (G1 Evacuation Pause) 106M->61M(1024M) 131.628ms
[2026-01-16T08:23:19.659+0000][gc,cpu      ] GC(98) User=0.03s Sys=0.01s Real=0.13s
[2026-01-16T08:23:23.129+0000][gc,start    ] GC(99) Pause Young (Normal) (G1 Evacuation Pause)
[2026-01-16T08:23:23.130+0000][gc,task     ] GC(99) Using 8 workers of 8 for evacuation
[2026-01-16T08:23:23.383+0000][gc,mmu      ] GC(99) MMU target violated: 201.0ms (200.0ms/201.0ms)
[2026-01-16T08:23:23.384+0000][gc,phases   ] GC(99)   Pre Evacuate Collection Set: 27.8ms
[2026-01-16T08:23:23.388+0000][gc,phases   ] GC(99)   Merge Heap Roots: 4.2ms
[2026-01-16T08:23:23.390+0000][gc,phases   ] GC(99)   Evacuate Collection Set: 203.4ms
[2026-01-16T08:23:23.394+0000][gc,phases   ] GC(99)   Post Evacuate Collection Set: 14.7ms
[2026-01-16T08:23:23.394+0000][gc,phases   ] GC(99)   Other: 3.9ms
[2026-01-16T08:23:23.394+0000][gc,heap     ] GC(99) Eden regions: 46->0(49)
[2026-01-16T08:23:23.394+0000][gc,heap     ] GC(99) Survivor regions: 5->2(7)
[2026-01-16T08:23:23.395+0000][gc,heap     ] GC(99) Old regions: 46->46
[2026-01-16T08:23:23.395+0000][gc,heap     ] GC(99) Humongous regions: 21->21
[2026-01-16T08:23:23.395+0000][gc,metaspace] GC(99) Metaspace: 10526K(10880K)->10526K(10880K) NonClass: 9516K(9728K)->9516K(9728K) Class: 1010K(1152K)->1010K(1152K)
[2026-01-16T08:23:23.396+0000][gc          ] GC(99) Pause Young (Normal) (G1 Evacuation Pause) 116M->68M(1024M) 267.428ms
[2026-01-16T08:23:23.397+0000][gc,cpu      ] GC(99) User=0.12s Sys=0.04s Real=0.27s
[2026-01-16T08:23:30.407+0000][gc,start    ] GC(100) Pause Young (Normal) (G1 Evacuation Pause)
[2026-01-16T08:23:30.412+0000][gc,task     ] GC(100) Using 8 workers of 8 for evacuation
[2026-01-16T08:23:30.694+0000][gc,mmu      ] GC(100) MMU target violated: 201.0ms (200.0ms/201.0ms)
[2026-01-16T08:23:30.719+0000][gc,phases   ] GC(100)   Pre Evacuate Collection Set: 29.2ms
[2026-01-16T08:23:30.723+0000][gc,phases   ] GC(100)   Merge Heap Roots: 7.1ms
[2026-01-16T08:23:30.724+0000][gc,phases   ] GC(100)   Evacuate Collection Set: 239.0ms
[2026-01-16T08:23:30.724+0000][gc,phases   ] GC(100)   Post Evacuate Collection Set: 6.4ms
[2026-01-16T08:23:30.730+0000][gc,phases   ] GC(100)   Other: 26.1ms
[2026-01-16T08:23:30.733+0000][gc,heap     ] GC(100) Eden regions: 49->0(48)
[2026-01-16T08:23:30.734+0000][gc,heap     ] GC(100) Survivor regions: 2->3(7)
[2026-01-16T08:23:30.735+0000][gc,heap     ] GC(100) Old regions: 46->46
[2026-01-16T08:23:30.735+0000][gc,heap     ] GC(100) Humongous regions: 21->21
[2026-01-16T08:23:30.736+0000][gc,metaspace] GC(100) Metaspace: 10573K(10880K)->10573K(10880K) NonClass: 9555K(9728K)->9555K(9728K) Class: 1017K(1152K)->1017K(1152K)
[2026-01-16T08:23:30.736+0000][gc          ] GC(100) Pause Young (Normal) (G1 Evacuation Pause) 117M->68M(1024M) 328.958ms
[2026-01-16T08:23:30.739+0000][gc,cpu      ] GC(100) User=0.19s Sys=0.01s Real=0.33s
[2026-01-16T08:23:33.886+0000][gc,start    ] GC(101) Pause Young (Normal) (G1 Evacuation Pause)
[2026-01-16T08:23:33.889+0000][gc,task     ] GC(101) Using 8 workers of 8 for evacuation
[2026-01-16T08:23:34.296+0000][gc,mmu      ] GC(101) MMU target violated: 201.0ms (200.0ms/201.0ms)
[2026-01-16T08:23:34.296+0000][gc,phases   ] GC(101)   Pre Evacuate Collection Set: 91.2ms
[2026-01-16T08:23:34.297+0000][gc,phases   ] GC(101)   Merge Heap Roots: 3.3ms
[2026-01-16T08:23:34.297+0000][gc,phases   ] GC(101)   Evacuate Collection Set: 239.6ms
[2026-01-16T08:23:34.300+0000][gc,phases   ] GC(101)   Post Evacuate Collection Set: 29.7ms
[2026-01-16T08:23:34.301+0000][gc,phases   ] GC(101)   Other: 44.3ms
[2026-01-16T08:23:34.301+0000][gc,heap     ] GC(101) Eden regions: 48->0(48)
[2026-01-16T08:23:34.301+0000][gc,heap     ] GC(101) Survivor regions: 3->3(7)
[2026-01-16T08:23:34.302+0000][gc,heap     ] GC(101) Old regions: 46->46
[2026-01-16T08:23:34.305+0000][gc,heap     ] GC(101) Humongous regions: 21->21
[2026-01-16T08:23:34.308+0000][gc,metaspace] GC(101) Metaspace: 10584K(10880K)->10584K(10880K) NonClass: 9566K(9728K)->9566K(9728K) Class: 1017K(1152K)->1017K(1152K)
[2026-01-16T08:23:34.308+0000][gc          ] GC(101) Pause Young (Normal) (G1 Evacuation Pause) 116M->69M(1024M) 422.575ms
[2026-01-16T08:23:34.308+0000][gc,cpu      ] GC(101) User=0.20s Sys=0.01s Real=0.42s
[2026-01-16T08:23:38.614+0000][gc,start    ] GC(102) Pause Young (Normal) (G1 Evacuation Pause)
[2026-01-16T08:23:38.618+0000][gc,task     ] GC(102) Using 8 workers of 8 for evacuation
[2026-01-16T08:23:39.300+0000][gc,mmu      ] GC(102) MMU target violated: 201.0ms (200.0ms/201.0ms)
[2026-01-16T08:23:39.306+0000][gc,phases   ] GC(102)   Pre Evacuate Collection Set: 81.9ms
[2026-01-16T08:23:39.307+0000][gc,phases   ] GC(102)   Merge Heap Roots: 1.1ms
[2026-01-16T08:23:39.308+0000][gc,phases   ] GC(102)   Evacuate Collection Set: 578.5ms
[2026-01-16T08:23:39.313+0000][gc,phases   ] GC(102)   Post Evacuate Collection Set: 10.3ms
[2026-01-16T08:23:39.316+0000][gc,phases   ] GC(102)   Other: 16.0ms
[2026-01-16T08:23:39.318+0000][gc,heap     ] GC(102) Eden regions: 48->0(48)
[2026-01-16T08:23:39.320+0000][gc,heap     ] GC(102) Survivor regions: 3->3(7)
[2026-01-16T08:23:39.321+0000][gc,heap     ] GC(102) Old regions: 46->46
[2026-01-16T08:23:39.323+0000][gc,heap     ] GC(102) Humongous regions: 21->21
[2026-01-16T08:23:39.323+0000][gc,metaspace] GC(102) Metaspace: 10607K(10880K)->10607K(10880K) NonClass: 9586K(9728K)->9586K(9728K) Class: 1020K(1152K)->1020K(1152K)
[2026-01-16T08:23:39.332+0000][gc          ] GC(102) Pause Young (Normal) (G1 Evacuation Pause) 117M->68M(1024M) 718.178ms
[2026-01-16T08:23:39.337+0000][gc,cpu      ] GC(102) User=0.27s Sys=0.02s Real=0.72s
[2026-01-16T08:23:44.890+0000][gc,start    ] GC(103) Pause Young (Normal) (G1 Evacuation Pause)
[2026-01-16T08:23:44.896+0000][gc,task     ] GC(103) Using 8 workers of 8 for evacuation
[2026-01-16T08:23:45.663+0000][gc,mmu      ] GC(103) MMU target violated: 201.0ms (200.0ms/201.0ms)
[2026-01-16T08:23:45.664+0000][gc,phases   ] GC(103)   Pre Evacuate Collection Set: 65.3ms
[2026-01-16T08:23:45.664+0000][gc,phases   ] GC(103)   Merge Heap Roots: 5.6ms
[2026-01-16T08:23:45.665+0000][gc,phases   ] GC(103)   Evacuate Collection Set: 658.6ms
[2026-01-16T08:23:45.669+0000][gc,phases   ] GC(103)   Post Evacuate Collection Set: 31.8ms
[2026-01-16T08:23:45.673+0000][gc,phases   ] GC(103)   Other: 11.8ms
[2026-01-16T08:23:45.675+0000][gc,heap     ] GC(103) Eden regions: 48->0(48)
[2026-01-16T08:23:45.676+0000][gc,heap     ] GC(103) Survivor regions: 3->3(7)
[2026-01-16T08:23:45.677+0000][gc,heap     ] GC(103) Old regions: 46->46
[2026-01-16T08:23:45.677+0000][gc,heap     ] GC(103) Humongous regions: 21->21
[2026-01-16T08:23:45.677+0000][gc,metaspace] GC(103) Metaspace: 10651K(11008K)->10651K(11008K) NonClass: 9626K(9792K)->9626K(9792K) Class: 1024K(1216K)->1024K(1216K)
[2026-01-16T08:23:45.678+0000][gc          ] GC(103) Pause Young (Normal) (G1 Evacuation Pause) 116M->69M(1024M) 787.333ms
[2026-01-16T08:23:45.681+0000][gc,cpu      ] GC(103) User=0.30s Sys=0.04s Real=0.79s
[2026-01-16T08:23:49.711+0000][gc,start    ] GC(104) Pause Young (Normal) (G1 Evacuation Pause)
[2026-01-16T08:23:49.740+0000][gc,task     ] GC(104) Using 8 workers of 8 for evacuation
[2026-01-16T08:23:51.812+0000][gc,mmu      ] GC(104) MMU target violated: 201.0ms (200.0ms/201.0ms)
[2026-01-16T08:23:51.827+0000][gc,phases   ] GC(104)   Pre Evacuate Collection Set: 53.6ms
[2026-01-16T08:23:51.833+0000][gc,phases   ] GC(104)   Merge Heap Roots: 2.3ms
[2026-01-16T08:23:51.847+0000][gc,phases   ] GC(104)   Evacuate Collection Set: 1408.0ms
[2026-01-16T08:23:51.856+0000][gc,phases   ] GC(104)   Post Evacuate Collection Set: 546.5ms
[2026-01-16T08:23:51.883+0000][gc,phases   ] GC(104)   Other: 76.9ms
[2026-01-16T08:23:51.896+0000][gc,heap     ] GC(104) Eden regions: 48->0(47)
[2026-01-16T08:23:51.915+0000][gc,heap     ] GC(104) Survivor regions: 3->4(7)
[2026-01-16T08:23:51.952+0000][gc,heap     ] GC(104) Old regions: 46->46
[2026-01-16T08:23:51.959+0000][gc,heap     ] GC(104) Humongous regions: 21->21
[2026-01-16T08:23:52.046+0000][gc,metaspace] GC(104) Metaspace: 10685K(11008K)->10685K(11008K) NonClass: 9656K(9792K)->9656K(9792K) Class: 1028K(1216K)->1028K(1216K)
[2026-01-16T08:23:52.223+0000][gc          ] GC(104) Pause Young (Normal) (G1 Evacuation Pause) 117M->70M(1024M) 2511.623ms
[2026-01-16T08:23:52.326+0000][gc,cpu      ] GC(104) User=0.45s Sys=0.08s Real=2.54s
[2026-01-16T08:24:03.277+0000][gc,start    ] GC(105) Pause Young (Normal) (G1 Evacuation Pause)
[2026-01-16T08:24:03.287+0000][gc,task     ] GC(105) Using 8 workers of 8 for evacuation
[2026-01-16T08:24:03.617+0000][gc,mmu      ] GC(105) MMU target violated: 201.0ms (200.0ms/201.0ms)
[2026-01-16T08:24:03.621+0000][gc,phases   ] GC(105)   Pre Evacuate Collection Set: 35.6ms
[2026-01-16T08:24:03.655+0000][gc,phases   ] GC(105)   Merge Heap Roots: 4.4ms
[2026-01-16T08:24:03.658+0000][gc,phases   ] GC(105)   Evacuate Collection Set: 237.6ms
[2026-01-16T08:24:03.661+0000][gc,phases   ] GC(105)   Post Evacuate Collection Set: 45.5ms
[2026-01-16T08:24:03.664+0000][gc,phases   ] GC(105)   Other: 11.0ms
[2026-01-16T08:24:03.666+0000][gc,heap     ] GC(105) Eden regions: 47->0(48)
[2026-01-16T08:24:03.666+0000][gc,heap     ] GC(105) Survivor regions: 4->3(7)
[2026-01-16T08:24:03.667+0000][gc,heap     ] GC(105) Old regions: 46->46
[2026-01-16T08:24:03.668+0000][gc,heap     ] GC(105) Humongous regions: 21->21
[2026-01-16T08:24:03.671+0000][gc,metaspace] GC(105) Metaspace: 10711K(11072K)->10711K(11072K) NonClass: 9676K(9856K)->9676K(9856K) Class: 1035K(1216K)->1035K(1216K)
[2026-01-16T08:24:03.677+0000][gc          ] GC(105) Pause Young (Normal) (G1 Evacuation Pause) 117M->69M(1024M) 399.977ms
[2026-01-16T08:24:03.681+0000][gc,cpu      ] GC(105) User=0.29s Sys=0.02s Real=0.40s
[2026-01-16T08:24:08.186+0000][gc,start    ] GC(106) Pause Young (Normal) (G1 Evacuation Pause)
[2026-01-16T08:24:08.188+0000][gc,task     ] GC(106) Using 8 workers of 8 for evacuation
[2026-01-16T08:24:09.217+0000][gc,mmu      ] GC(106) MMU target violated: 201.0ms (200.0ms/201.0ms)
[2026-01-16T08:24:09.219+0000][gc,phases   ] GC(106)   Pre Evacuate Collection Set: 73.2ms
[2026-01-16T08:24:09.222+0000][gc,phases   ] GC(106)   Merge Heap Roots: 4.9ms
[2026-01-16T08:24:09.229+0000][gc,phases   ] GC(106)   Evacuate Collection Set: 844.9ms
[2026-01-16T08:24:09.229+0000][gc,phases   ] GC(106)   Post Evacuate Collection Set: 92.3ms
[2026-01-16T08:24:09.230+0000][gc,phases   ] GC(106)   Other: 15.7ms
[2026-01-16T08:24:09.230+0000][gc,heap     ] GC(106) Eden regions: 48->0(47)
[2026-01-16T08:24:09.230+0000][gc,heap     ] GC(106) Survivor regions: 3->4(7)
[2026-01-16T08:24:09.231+0000][gc,heap     ] GC(106) Old regions: 46->46
[2026-01-16T08:24:09.231+0000][gc,heap     ] GC(106) Humongous regions: 21->21
[2026-01-16T08:24:09.234+0000][gc,metaspace] GC(106) Metaspace: 10715K(11072K)->10715K(11072K) NonClass: 9680K(9856K)->9680K(9856K) Class: 1035K(1216K)->1035K(1216K)
[2026-01-16T08:24:09.237+0000][gc          ] GC(106) Pause Young (Normal) (G1 Evacuation Pause) 117M->70M(1024M) 1050.910ms
[2026-01-16T08:24:09.238+0000][gc,cpu      ] GC(106) User=0.29s Sys=0.05s Real=1.05s
[2026-01-16T08:24:15.455+0000][gc,start    ] GC(107) Pause Young (Normal) (G1 Evacuation Pause)
[2026-01-16T08:24:15.457+0000][gc,task     ] GC(107) Using 8 workers of 8 for evacuation
[2026-01-16T08:24:15.893+0000][gc,mmu      ] GC(107) MMU target violated: 201.0ms (200.0ms/201.0ms)
[2026-01-16T08:24:15.895+0000][gc,phases   ] GC(107)   Pre Evacuate Collection Set: 40.8ms
[2026-01-16T08:24:15.897+0000][gc,phases   ] GC(107)   Merge Heap Roots: 0.5ms
[2026-01-16T08:24:15.898+0000][gc,phases   ] GC(107)   Evacuate Collection Set: 372.0ms
[2026-01-16T08:24:15.901+0000][gc,phases   ] GC(107)   Post Evacuate Collection Set: 20.5ms
[2026-01-16T08:24:15.901+0000][gc,phases   ] GC(107)   Other: 4.2ms
[2026-01-16T08:24:15.902+0000][gc,heap     ] GC(107) Eden regions: 47->0(46)
[2026-01-16T08:24:15.914+0000][gc,heap     ] GC(107) Survivor regions: 4->5(7)
[2026-01-16T08:24:15.916+0000][gc,heap     ] GC(107) Old regions: 46->46
[2026-01-16T08:24:15.916+0000][gc,heap     ] GC(107) Humongous regions: 21->21
[2026-01-16T08:24:15.916+0000][gc,metaspace] GC(107) Metaspace: 10732K(11072K)->10732K(11072K) NonClass: 9696K(9856K)->9696K(9856K) Class: 1035K(1216K)->1035K(1216K)
[2026-01-16T08:24:15.916+0000][gc          ] GC(107) Pause Young (Normal) (G1 Evacuation Pause) 117M->71M(1024M) 461.389ms
[2026-01-16T08:24:15.917+0000][gc,cpu      ] GC(107) User=0.18s Sys=0.02s Real=0.46s
[2026-01-16T08:24:17.965+0000][gc,start    ] GC(108) Pause Young (Normal) (G1 Evacuation Pause)
[2026-01-16T08:24:17.966+0000][gc,task     ] GC(108) Using 8 workers of 8 for evacuation
[2026-01-16T08:24:18.301+0000][gc,mmu      ] GC(108) MMU target violated: 201.0ms (200.0ms/201.0ms)
[2026-01-16T08:24:18.303+0000][gc,phases   ] GC(108)   Pre Evacuate Collection Set: 20.3ms
[2026-01-16T08:24:18.304+0000][gc,phases   ] GC(108)   Merge Heap Roots: 1.1ms
[2026-01-16T08:24:18.307+0000][gc,phases   ] GC(108)   Evacuate Collection Set: 302.1ms
[2026-01-16T08:24:18.309+0000][gc,phases   ] GC(108)   Post Evacuate Collection Set: 10.8ms
[2026-01-16T08:24:18.316+0000][gc,phases   ] GC(108)   Other: 3.0ms
[2026-01-16T08:24:18.318+0000][gc,heap     ] GC(108) Eden regions: 46->0(48)
[2026-01-16T08:24:18.319+0000][gc,heap     ] GC(108) Survivor regions: 5->3(7)
[2026-01-16T08:24:18.320+0000][gc,heap     ] GC(108) Old regions: 46->47
[2026-01-16T08:24:18.322+0000][gc,heap     ] GC(108) Humongous regions: 21->21
[2026-01-16T08:24:18.327+0000][gc,metaspace] GC(108) Metaspace: 10743K(11136K)->10743K(11136K) NonClass: 9707K(9920K)->9707K(9920K) Class: 1035K(1216K)->1035K(1216K)
[2026-01-16T08:24:18.328+0000][gc          ] GC(108) Pause Young (Normal) (G1 Evacuation Pause) 117M->70M(1024M) 363.073ms
[2026-01-16T08:24:18.330+0000][gc,cpu      ] GC(108) User=0.11s Sys=0.03s Real=0.36s
[2026-01-16T08:24:20.512+0000][gc,start    ] GC(109) Pause Young (Normal) (G1 Evacuation Pause)
[2026-01-16T08:24:20.514+0000][gc,task     ] GC(109) Using 8 workers of 8 for evacuation
[2026-01-16T08:24:20.701+0000][gc,phases   ] GC(109)   Pre Evacuate Collection Set: 19.3ms
[2026-01-16T08:24:20.702+0000][gc,phases   ] GC(109)   Merge Heap Roots: 3.3ms
[2026-01-16T08:24:20.703+0000][gc,phases   ] GC(109)   Evacuate Collection Set: 141.0ms
[2026-01-16T08:24:20.703+0000][gc,phases   ] GC(109)   Post Evacuate Collection Set: 22.6ms
[2026-01-16T08:24:20.703+0000][gc,phases   ] GC(109)   Other: 0.6ms
[2026-01-16T08:24:20.704+0000][gc,heap     ] GC(109) Eden regions: 48->0(47)
[2026-01-16T08:24:20.705+0000][gc,heap     ] GC(109) Survivor regions: 3->4(7)
[2026-01-16T08:24:20.707+0000][gc,heap     ] GC(109) Old regions: 47->47
[2026-01-16T08:24:20.707+0000][gc,heap     ] GC(109) Humongous regions: 21->21
[2026-01-16T08:24:20.707+0000][gc,metaspace] GC(109) Metaspace: 10760K(11136K)->10760K(11136K) NonClass: 9724K(9920K)->9724K(9920K) Class: 1035K(1216K)->1035K(1216K)
[2026-01-16T08:24:20.709+0000][gc          ] GC(109) Pause Young (Normal) (G1 Evacuation Pause) 118M->70M(1024M) 196.973ms
[2026-01-16T08:24:20.710+0000][gc,cpu      ] GC(109) User=0.12s Sys=0.02s Real=0.20s
[2026-01-16T08:24:23.630+0000][gc,start    ] GC(110) Pause Young (Normal) (G1 Evacuation Pause)
[2026-01-16T08:24:23.648+0000][gc,task     ] GC(110) Using 8 workers of 8 for evacuation
[2026-01-16T08:24:24.678+0000][gc,mmu      ] GC(110) MMU target violated: 201.0ms (200.0ms/201.0ms)
[2026-01-16T08:24:24.699+0000][gc,phases   ] GC(110)   Pre Evacuate Collection Set: 52.5ms
[2026-01-16T08:24:24.701+0000][gc,phases   ] GC(110)   Merge Heap Roots: 3.0ms
[2026-01-16T08:24:24.701+0000][gc,phases   ] GC(110)   Evacuate Collection Set: 895.2ms
[2026-01-16T08:24:24.703+0000][gc,phases   ] GC(110)   Post Evacuate Collection Set: 76.8ms
[2026-01-16T08:24:24.703+0000][gc,phases   ] GC(110)   Other: 23.6ms
[2026-01-16T08:24:24.703+0000][gc,heap     ] GC(110) Eden regions: 47->0(47)
[2026-01-16T08:24:24.703+0000][gc,heap     ] GC(110) Survivor regions: 4->4(7)
[2026-01-16T08:24:24.703+0000][gc,heap     ] GC(110) Old regions: 47->47
[2026-01-16T08:24:24.703+0000][gc,heap     ] GC(110) Humongous regions: 21->21
[2026-01-16T08:24:24.703+0000][gc,metaspace] GC(110) Metaspace: 10770K(11136K)->10770K(11136K) NonClass: 9733K(9920K)->9733K(9920K) Class: 1036K(1216K)->1036K(1216K)
[2026-01-16T08:24:24.703+0000][gc          ] GC(110) Pause Young (Normal) (G1 Evacuation Pause) 117M->71M(1024M) 1073.148ms
[2026-01-16T08:24:24.703+0000][gc,cpu      ] GC(110) User=0.35s Sys=0.07s Real=1.07s
[2026-01-16T08:24:31.973+0000][gc,start    ] GC(111) Pause Young (Normal) (G1 Evacuation Pause)
[2026-01-16T08:24:31.978+0000][gc,task     ] GC(111) Using 8 workers of 8 for evacuation
[2026-01-16T08:24:32.240+0000][gc,mmu      ] GC(111) MMU target violated: 201.0ms (200.0ms/201.0ms)
[2026-01-16T08:24:32.244+0000][gc,phases   ] GC(111)   Pre Evacuate Collection Set: 11.8ms
[2026-01-16T08:24:32.245+0000][gc,phases   ] GC(111)   Merge Heap Roots: 5.1ms
[2026-01-16T08:24:32.245+0000][gc,phases   ] GC(111)   Evacuate Collection Set: 211.1ms
[2026-01-16T08:24:32.245+0000][gc,phases   ] GC(111)   Post Evacuate Collection Set: 30.7ms
[2026-01-16T08:24:32.245+0000][gc,phases   ] GC(111)   Other: 8.0ms
[2026-01-16T08:24:32.245+0000][gc,heap     ] GC(111) Eden regions: 47->0(48)
[2026-01-16T08:24:32.245+0000][gc,heap     ] GC(111) Survivor regions: 4->3(7)
[2026-01-16T08:24:32.245+0000][gc,heap     ] GC(111) Old regions: 47->48
[2026-01-16T08:24:32.246+0000][gc,heap     ] GC(111) Humongous regions: 21->21
[2026-01-16T08:24:32.246+0000][gc,metaspace] GC(111) Metaspace: 10774K(11136K)->10774K(11136K) NonClass: 9737K(9920K)->9737K(9920K) Class: 1036K(1216K)->1036K(1216K)
[2026-01-16T08:24:32.248+0000][gc          ] GC(111) Pause Young (Normal) (G1 Evacuation Pause) 118M->70M(1024M) 275.822ms
[2026-01-16T08:24:32.260+0000][gc,cpu      ] GC(111) User=0.19s Sys=0.02s Real=0.29s
[2026-01-16T08:24:35.505+0000][gc,start    ] GC(112) Pause Young (Normal) (G1 Evacuation Pause)
[2026-01-16T08:24:35.507+0000][gc,task     ] GC(112) Using 8 workers of 8 for evacuation
[2026-01-16T08:24:35.854+0000][gc,mmu      ] GC(112) MMU target violated: 201.0ms (200.0ms/201.0ms)
[2026-01-16T08:24:35.854+0000][gc,phases   ] GC(112)   Pre Evacuate Collection Set: 23.6ms
[2026-01-16T08:24:35.854+0000][gc,phases   ] GC(112)   Merge Heap Roots: 4.9ms
[2026-01-16T08:24:35.872+0000][gc,phases   ] GC(112)   Evacuate Collection Set: 288.1ms
[2026-01-16T08:24:35.875+0000][gc,phases   ] GC(112)   Post Evacuate Collection Set: 22.5ms
[2026-01-16T08:24:35.876+0000][gc,phases   ] GC(112)   Other: 9.2ms
[2026-01-16T08:24:35.878+0000][gc,heap     ] GC(112) Eden regions: 48->0(48)
[2026-01-16T08:24:35.878+0000][gc,heap     ] GC(112) Survivor regions: 3->3(7)
[2026-01-16T08:24:35.878+0000][gc,heap     ] GC(112) Old regions: 48->48
[2026-01-16T08:24:35.878+0000][gc,heap     ] GC(112) Humongous regions: 21->21
[2026-01-16T08:24:35.878+0000][gc,metaspace] GC(112) Metaspace: 10794K(11136K)->10794K(11136K) NonClass: 9757K(9920K)->9757K(9920K) Class: 1036K(1216K)->1036K(1216K)
[2026-01-16T08:24:35.879+0000][gc          ] GC(112) Pause Young (Normal) (G1 Evacuation Pause) 118M->70M(1024M) 374.584ms
[2026-01-16T08:24:35.880+0000][gc,cpu      ] GC(112) User=0.14s Sys=0.02s Real=0.38s
[2026-01-16T08:24:38.498+0000][gc,start    ] GC(113) Pause Young (Normal) (G1 Evacuation Pause)
[2026-01-16T08:24:38.536+0000][gc,task     ] GC(113) Using 8 workers of 8 for evacuation
[2026-01-16T08:24:39.164+0000][gc,mmu      ] GC(113) MMU target violated: 201.0ms (200.0ms/201.0ms)
[2026-01-16T08:24:39.167+0000][gc,phases   ] GC(113)   Pre Evacuate Collection Set: 44.2ms
[2026-01-16T08:24:39.167+0000][gc,phases   ] GC(113)   Merge Heap Roots: 9.0ms
[2026-01-16T08:24:39.168+0000][gc,phases   ] GC(113)   Evacuate Collection Set: 508.5ms
[2026-01-16T08:24:39.170+0000][gc,phases   ] GC(113)   Post Evacuate Collection Set: 60.9ms
[2026-01-16T08:24:39.172+0000][gc,phases   ] GC(113)   Other: 8.6ms
[2026-01-16T08:24:39.174+0000][gc,heap     ] GC(113) Eden regions: 48->0(48)
[2026-01-16T08:24:39.177+0000][gc,heap     ] GC(113) Survivor regions: 3->3(7)
[2026-01-16T08:24:39.179+0000][gc,heap     ] GC(113) Old regions: 48->48
[2026-01-16T08:24:39.180+0000][gc,heap     ] GC(113) Humongous regions: 21->21
[2026-01-16T08:24:39.181+0000][gc,metaspace] GC(113) Metaspace: 10794K(11136K)->10794K(11136K) NonClass: 9757K(9920K)->9757K(9920K) Class: 1036K(1216K)->1036K(1216K)
[2026-01-16T08:24:39.182+0000][gc          ] GC(113) Pause Young (Normal) (G1 Evacuation Pause) 118M->70M(1024M) 684.549ms
[2026-01-16T08:24:39.183+0000][gc,cpu      ] GC(113) User=0.20s Sys=0.05s Real=0.69s
[2026-01-16T08:24:40.565+0000][gc,start    ] GC(114) Pause Young (Normal) (G1 Evacuation Pause)
[2026-01-16T08:24:40.574+0000][gc,task     ] GC(114) Using 8 workers of 8 for evacuation
[2026-01-16T08:24:41.056+0000][gc,mmu      ] GC(114) MMU target violated: 201.0ms (200.0ms/201.0ms)
[2026-01-16T08:24:41.058+0000][gc,phases   ] GC(114)   Pre Evacuate Collection Set: 78.3ms
[2026-01-16T08:24:41.059+0000][gc,phases   ] GC(114)   Merge Heap Roots: 1.6ms
[2026-01-16T08:24:41.071+0000][gc,phases   ] GC(114)   Evacuate Collection Set: 328.5ms
[2026-01-16T08:24:41.071+0000][gc,phases   ] GC(114)   Post Evacuate Collection Set: 64.9ms
[2026-01-16T08:24:41.093+0000][gc,phases   ] GC(114)   Other: 11.5ms
[2026-01-16T08:24:41.094+0000][gc,heap     ] GC(114) Eden regions: 48->0(48)
[2026-01-16T08:24:41.094+0000][gc,heap     ] GC(114) Survivor regions: 3->3(7)
[2026-01-16T08:24:41.094+0000][gc,heap     ] GC(114) Old regions: 48->48
[2026-01-16T08:24:41.094+0000][gc,heap     ] GC(114) Humongous regions: 21->21
[2026-01-16T08:24:41.094+0000][gc,metaspace] GC(114) Metaspace: 10794K(11136K)->10794K(11136K) NonClass: 9757K(9920K)->9757K(9920K) Class: 1036K(1216K)->1036K(1216K)
[2026-01-16T08:24:41.095+0000][gc          ] GC(114) Pause Young (Normal) (G1 Evacuation Pause) 118M->70M(1024M) 529.083ms
[2026-01-16T08:24:41.095+0000][gc,cpu      ] GC(114) User=0.15s Sys=0.02s Real=0.52s
[2026-01-16T08:24:45.051+0000][gc,start    ] GC(115) Pause Young (Normal) (G1 Evacuation Pause)
[2026-01-16T08:24:45.063+0000][gc,task     ] GC(115) Using 8 workers of 8 for evacuation
[2026-01-16T08:24:45.611+0000][gc,mmu      ] GC(115) MMU target violated: 201.0ms (200.0ms/201.0ms)
[2026-01-16T08:24:45.613+0000][gc,phases   ] GC(115)   Pre Evacuate Collection Set: 113.2ms
[2026-01-16T08:24:45.614+0000][gc,phases   ] GC(115)   Merge Heap Roots: 8.7ms
[2026-01-16T08:24:45.615+0000][gc,phases   ] GC(115)   Evacuate Collection Set: 367.4ms
[2026-01-16T08:24:45.616+0000][gc,phases   ] GC(115)   Post Evacuate Collection Set: 43.9ms
[2026-01-16T08:24:45.618+0000][gc,phases   ] GC(115)   Other: 16.8ms
[2026-01-16T08:24:45.621+0000][gc,heap     ] GC(115) Eden regions: 48->0(48)
[2026-01-16T08:24:45.622+0000][gc,heap     ] GC(115) Survivor regions: 3->3(7)
[2026-01-16T08:24:45.622+0000][gc,heap     ] GC(115) Old regions: 48->48
[2026-01-16T08:24:45.623+0000][gc,heap     ] GC(115) Humongous regions: 21->21
[2026-01-16T08:24:45.623+0000][gc,metaspace] GC(115) Metaspace: 10796K(11136K)->10796K(11136K) NonClass: 9759K(9920K)->9759K(9920K) Class: 1036K(1216K)->1036K(1216K)
[2026-01-16T08:24:45.623+0000][gc          ] GC(115) Pause Young (Normal) (G1 Evacuation Pause) 118M->70M(1024M) 572.132ms
[2026-01-16T08:24:45.626+0000][gc,cpu      ] GC(115) User=0.28s Sys=0.03s Real=0.57s
[2026-01-16T08:24:51.030+0000][gc,start    ] GC(116) Pause Young (Normal) (G1 Evacuation Pause)
[2026-01-16T08:24:51.035+0000][gc,task     ] GC(116) Using 8 workers of 8 for evacuation
[2026-01-16T08:24:51.730+0000][gc,mmu      ] GC(116) MMU target violated: 201.0ms (200.0ms/201.0ms)
[2026-01-16T08:24:51.731+0000][gc,phases   ] GC(116)   Pre Evacuate Collection Set: 63.8ms
[2026-01-16T08:24:51.736+0000][gc,phases   ] GC(116)   Merge Heap Roots: 1.6ms
[2026-01-16T08:24:51.745+0000][gc,phases   ] GC(116)   Evacuate Collection Set: 529.3ms
[2026-01-16T08:24:51.745+0000][gc,phases   ] GC(116)   Post Evacuate Collection Set: 86.1ms
[2026-01-16T08:24:51.747+0000][gc,phases   ] GC(116)   Other: 15.7ms
[2026-01-16T08:24:51.749+0000][gc,heap     ] GC(116) Eden regions: 48->0(48)
[2026-01-16T08:24:51.751+0000][gc,heap     ] GC(116) Survivor regions: 3->3(7)
[2026-01-16T08:24:51.753+0000][gc,heap     ] GC(116) Old regions: 48->48
[2026-01-16T08:24:51.761+0000][gc,heap     ] GC(116) Humongous regions: 21->21
[2026-01-16T08:24:51.764+0000][gc,metaspace] GC(116) Metaspace: 10807K(11136K)->10807K(11136K) NonClass: 9770K(9920K)->9770K(9920K) Class: 1036K(1216K)->1036K(1216K)
[2026-01-16T08:24:51.784+0000][gc          ] GC(116) Pause Young (Normal) (G1 Evacuation Pause) 118M->71M(1024M) 754.073ms
[2026-01-16T08:24:51.788+0000][gc,cpu      ] GC(116) User=0.40s Sys=0.05s Real=0.76s
[2026-01-16T08:24:55.418+0000][gc,start    ] GC(117) Pause Young (Normal) (G1 Evacuation Pause)
[2026-01-16T08:24:55.422+0000][gc,task     ] GC(117) Using 8 workers of 8 for evacuation
[2026-01-16T08:24:55.719+0000][gc,mmu      ] GC(117) MMU target violated: 201.0ms (200.0ms/201.0ms)
[2026-01-16T08:24:55.724+0000][gc,phases   ] GC(117)   Pre Evacuate Collection Set: 42.9ms
[2026-01-16T08:24:55.724+0000][gc,phases   ] GC(117)   Merge Heap Roots: 15.9ms
[2026-01-16T08:24:55.725+0000][gc,phases   ] GC(117)   Evacuate Collection Set: 212.2ms
[2026-01-16T08:24:55.725+0000][gc,phases   ] GC(117)   Post Evacuate Collection Set: 20.2ms
[2026-01-16T08:24:55.727+0000][gc,phases   ] GC(117)   Other: 11.8ms
[2026-01-16T08:24:55.729+0000][gc,heap     ] GC(117) Eden regions: 48->0(47)
[2026-01-16T08:24:55.732+0000][gc,heap     ] GC(117) Survivor regions: 3->4(7)
[2026-01-16T08:24:55.732+0000][gc,heap     ] GC(117) Old regions: 48->48
[2026-01-16T08:24:55.734+0000][gc,heap     ] GC(117) Humongous regions: 21->21
[2026-01-16T08:24:55.735+0000][gc,metaspace] GC(117) Metaspace: 10807K(11136K)->10807K(11136K) NonClass: 9770K(9920K)->9770K(9920K) Class: 1036K(1216K)->1036K(1216K)
[2026-01-16T08:24:55.735+0000][gc          ] GC(117) Pause Young (Normal) (G1 Evacuation Pause) 119M->71M(1024M) 317.320ms
[2026-01-16T08:24:55.736+0000][gc,cpu      ] GC(117) User=0.24s Sys=0.03s Real=0.31s
[2026-01-16T08:25:00.354+0000][gc,start    ] GC(118) Pause Young (Normal) (G1 Evacuation Pause)
[2026-01-16T08:25:00.356+0000][gc,task     ] GC(118) Using 8 workers of 8 for evacuation
[2026-01-16T08:25:00.711+0000][gc,mmu      ] GC(118) MMU target violated: 201.0ms (200.0ms/201.0ms)
[2026-01-16T08:25:00.711+0000][gc,phases   ] GC(118)   Pre Evacuate Collection Set: 57.1ms
[2026-01-16T08:25:00.716+0000][gc,phases   ] GC(118)   Merge Heap Roots: 9.6ms
[2026-01-16T08:25:00.716+0000][gc,phases   ] GC(118)   Evacuate Collection Set: 274.0ms
[2026-01-16T08:25:00.717+0000][gc,phases   ] GC(118)   Post Evacuate Collection Set: 13.0ms
[2026-01-16T08:25:00.717+0000][gc,phases   ] GC(118)   Other: 1.7ms
[2026-01-16T08:25:00.718+0000][gc,heap     ] GC(118) Eden regions: 47->0(48)
[2026-01-16T08:25:00.718+0000][gc,heap     ] GC(118) Survivor regions: 4->3(7)
[2026-01-16T08:25:00.719+0000][gc,heap     ] GC(118) Old regions: 48->48
[2026-01-16T08:25:00.719+0000][gc,heap     ] GC(118) Humongous regions: 21->21
[2026-01-16T08:25:00.720+0000][gc,metaspace] GC(118) Metaspace: 10815K(11136K)->10815K(11136K) NonClass: 9777K(9920K)->9777K(9920K) Class: 1037K(1216K)->1037K(1216K)
[2026-01-16T08:25:00.726+0000][gc          ] GC(118) Pause Young (Normal) (G1 Evacuation Pause) 118M->70M(1024M) 371.791ms
[2026-01-16T08:25:00.727+0000][gc,cpu      ] GC(118) User=0.19s Sys=0.02s Real=0.38s
[2026-01-16T08:25:07.711+0000][gc,start    ] GC(119) Pause Young (Normal) (G1 Evacuation Pause)
[2026-01-16T08:25:07.716+0000][gc,task     ] GC(119) Using 8 workers of 8 for evacuation
[2026-01-16T08:25:08.442+0000][gc,mmu      ] GC(119) MMU target violated: 201.0ms (200.0ms/201.0ms)
[2026-01-16T08:25:08.442+0000][gc,phases   ] GC(119)   Pre Evacuate Collection Set: 79.4ms
[2026-01-16T08:25:08.443+0000][gc,phases   ] GC(119)   Merge Heap Roots: 0.9ms
[2026-01-16T08:25:08.444+0000][gc,phases   ] GC(119)   Evacuate Collection Set: 620.7ms
[2026-01-16T08:25:08.446+0000][gc,phases   ] GC(119)   Post Evacuate Collection Set: 6.2ms
[2026-01-16T08:25:08.448+0000][gc,phases   ] GC(119)   Other: 19.6ms
[2026-01-16T08:25:08.451+0000][gc,heap     ] GC(119) Eden regions: 48->0(49)
[2026-01-16T08:25:08.453+0000][gc,heap     ] GC(119) Survivor regions: 3->2(7)
[2026-01-16T08:25:08.453+0000][gc,heap     ] GC(119) Old regions: 48->48
[2026-01-16T08:25:08.453+0000][gc,heap     ] GC(119) Humongous regions: 21->21
[2026-01-16T08:25:08.454+0000][gc,metaspace] GC(119) Metaspace: 10825K(11136K)->10825K(11136K) NonClass: 9787K(9920K)->9787K(9920K) Class: 1037K(1216K)->1037K(1216K)
[2026-01-16T08:25:08.455+0000][gc          ] GC(119) Pause Young (Normal) (G1 Evacuation Pause) 118M->70M(1024M) 743.554ms
[2026-01-16T08:25:08.456+0000][gc,cpu      ] GC(119) User=0.29s Sys=0.05s Real=0.77s
[2026-01-16T08:25:11.490+0000][gc,start    ] GC(120) Pause Young (Normal) (G1 Evacuation Pause)
[2026-01-16T08:25:11.495+0000][gc,task     ] GC(120) Using 8 workers of 8 for evacuation
[2026-01-16T08:25:12.075+0000][gc,mmu      ] GC(120) MMU target violated: 201.0ms (200.0ms/201.0ms)
[2026-01-16T08:25:12.077+0000][gc,phases   ] GC(120)   Pre Evacuate Collection Set: 132.0ms
[2026-01-16T08:25:12.077+0000][gc,phases   ] GC(120)   Merge Heap Roots: 8.9ms
[2026-01-16T08:25:12.078+0000][gc,phases   ] GC(120)   Evacuate Collection Set: 404.0ms
[2026-01-16T08:25:12.078+0000][gc,phases   ] GC(120)   Post Evacuate Collection Set: 27.4ms
[2026-01-16T08:25:12.083+0000][gc,phases   ] GC(120)   Other: 11.7ms
[2026-01-16T08:25:12.084+0000][gc,heap     ] GC(120) Eden regions: 49->0(48)
[2026-01-16T08:25:12.084+0000][gc,heap     ] GC(120) Survivor regions: 2->3(7)
[2026-01-16T08:25:12.085+0000][gc,heap     ] GC(120) Old regions: 48->48
[2026-01-16T08:25:12.086+0000][gc,heap     ] GC(120) Humongous regions: 21->21
[2026-01-16T08:25:12.086+0000][gc,metaspace] GC(120) Metaspace: 10835K(11136K)->10835K(11136K) NonClass: 9797K(9920K)->9797K(9920K) Class: 1037K(1216K)->1037K(1216K)
[2026-01-16T08:25:12.086+0000][gc          ] GC(120) Pause Young (Normal) (G1 Evacuation Pause) 119M->70M(1024M) 596.310ms
[2026-01-16T08:25:12.087+0000][gc,cpu      ] GC(120) User=0.21s Sys=0.01s Real=0.60s
[2026-01-16T08:25:14.707+0000][gc,start    ] GC(121) Pause Young (Normal) (G1 Evacuation Pause)
[2026-01-16T08:25:14.708+0000][gc,task     ] GC(121) Using 8 workers of 8 for evacuation
[2026-01-16T08:25:15.282+0000][gc,mmu      ] GC(121) MMU target violated: 201.0ms (200.0ms/201.0ms)
[2026-01-16T08:25:15.286+0000][gc,phases   ] GC(121)   Pre Evacuate Collection Set: 69.2ms
[2026-01-16T08:25:15.287+0000][gc,phases   ] GC(121)   Merge Heap Roots: 6.8ms
[2026-01-16T08:25:15.288+0000][gc,phases   ] GC(121)   Evacuate Collection Set: 475.7ms
[2026-01-16T08:25:15.293+0000][gc,phases   ] GC(121)   Post Evacuate Collection Set: 21.2ms
[2026-01-16T08:25:15.293+0000][gc,phases   ] GC(121)   Other: 5.4ms
[2026-01-16T08:25:15.294+0000][gc,heap     ] GC(121) Eden regions: 48->0(47)
[2026-01-16T08:25:15.294+0000][gc,heap     ] GC(121) Survivor regions: 3->4(7)
[2026-01-16T08:25:15.295+0000][gc,heap     ] GC(121) Old regions: 48->48
[2026-01-16T08:25:15.295+0000][gc,heap     ] GC(121) Humongous regions: 21->21
[2026-01-16T08:25:15.296+0000][gc,metaspace] GC(121) Metaspace: 10844K(11136K)->10844K(11136K) NonClass: 9806K(9920K)->9806K(9920K) Class: 1037K(1216K)->1037K(1216K)
[2026-01-16T08:25:15.297+0000][gc          ] GC(121) Pause Young (Normal) (G1 Evacuation Pause) 118M->72M(1024M) 589.644ms
[2026-01-16T08:25:15.304+0000][gc,cpu      ] GC(121) User=0.23s Sys=0.02s Real=0.59s
[2026-01-16T08:25:23.849+0000][gc,start    ] GC(122) Pause Young (Normal) (G1 Evacuation Pause)
[2026-01-16T08:25:23.857+0000][gc,task     ] GC(122) Using 8 workers of 8 for evacuation
[2026-01-16T08:25:24.258+0000][gc,mmu      ] GC(122) MMU target violated: 201.0ms (200.0ms/201.0ms)
[2026-01-16T08:25:24.261+0000][gc,phases   ] GC(122)   Pre Evacuate Collection Set: 34.6ms
[2026-01-16T08:25:24.262+0000][gc,phases   ] GC(122)   Merge Heap Roots: 11.3ms
[2026-01-16T08:25:24.264+0000][gc,phases   ] GC(122)   Evacuate Collection Set: 350.6ms
[2026-01-16T08:25:24.264+0000][gc,phases   ] GC(122)   Post Evacuate Collection Set: 4.8ms
[2026-01-16T08:25:24.265+0000][gc,phases   ] GC(122)   Other: 2.9ms
[2026-01-16T08:25:24.266+0000][gc,heap     ] GC(122) Eden regions: 47->0(48)
[2026-01-16T08:25:24.266+0000][gc,heap     ] GC(122) Survivor regions: 4->3(7)
[2026-01-16T08:25:24.267+0000][gc,heap     ] GC(122) Old regions: 48->48
[2026-01-16T08:25:24.267+0000][gc,heap     ] GC(122) Humongous regions: 21->21
[2026-01-16T08:25:24.268+0000][gc,metaspace] GC(122) Metaspace: 10873K(11264K)->10873K(11264K) NonClass: 9835K(10048K)->9835K(10048K) Class: 1038K(1216K)->1038K(1216K)
[2026-01-16T08:25:24.269+0000][gc          ] GC(122) Pause Young (Normal) (G1 Evacuation Pause) 119M->71M(1024M) 420.168ms
[2026-01-16T08:25:24.270+0000][gc,cpu      ] GC(122) User=0.18s Sys=0.02s Real=0.42s
[2026-01-16T08:25:26.340+0000][gc,start    ] GC(123) Pause Young (Normal) (G1 Evacuation Pause)
[2026-01-16T08:25:26.343+0000][gc,task     ] GC(123) Using 8 workers of 8 for evacuation
[2026-01-16T08:25:27.219+0000][gc,mmu      ] GC(123) MMU target violated: 201.0ms (200.0ms/201.0ms)
[2026-01-16T08:25:27.231+0000][gc,phases   ] GC(123)   Pre Evacuate Collection Set: 264.7ms
[2026-01-16T08:25:27.232+0000][gc,phases   ] GC(123)   Merge Heap Roots: 37.5ms
[2026-01-16T08:25:27.232+0000][gc,phases   ] GC(123)   Evacuate Collection Set: 502.6ms
[2026-01-16T08:25:27.235+0000][gc,phases   ] GC(123)   Post Evacuate Collection Set: 68.5ms
[2026-01-16T08:25:27.251+0000][gc,phases   ] GC(123)   Other: 14.8ms
[2026-01-16T08:25:27.252+0000][gc,heap     ] GC(123) Eden regions: 48->0(47)
[2026-01-16T08:25:27.252+0000][gc,heap     ] GC(123) Survivor regions: 3->4(7)
[2026-01-16T08:25:27.252+0000][gc,heap     ] GC(123) Old regions: 48->48
[2026-01-16T08:25:27.252+0000][gc,heap     ] GC(123) Humongous regions: 21->21
[2026-01-16T08:25:27.252+0000][gc,metaspace] GC(123) Metaspace: 10878K(11264K)->10878K(11264K) NonClass: 9840K(10048K)->9840K(10048K) Class: 1038K(1216K)->1038K(1216K)
[2026-01-16T08:25:27.256+0000][gc          ] GC(123) Pause Young (Normal) (G1 Evacuation Pause) 119M->71M(1024M) 916.499ms
[2026-01-16T08:25:27.277+0000][gc,cpu      ] GC(123) User=0.39s Sys=0.03s Real=0.94s
[2026-01-16T08:25:31.498+0000][gc,start    ] GC(124) Pause Young (Normal) (G1 Evacuation Pause)
[2026-01-16T08:25:31.500+0000][gc,task     ] GC(124) Using 8 workers of 8 for evacuation
[2026-01-16T08:25:31.999+0000][gc,mmu      ] GC(124) MMU target violated: 201.0ms (200.0ms/201.0ms)
[2026-01-16T08:25:31.999+0000][gc,phases   ] GC(124)   Pre Evacuate Collection Set: 46.8ms
[2026-01-16T08:25:31.999+0000][gc,phases   ] GC(124)   Merge Heap Roots: 12.8ms
[2026-01-16T08:25:32.000+0000][gc,phases   ] GC(124)   Evacuate Collection Set: 428.1ms
[2026-01-16T08:25:32.000+0000][gc,phases   ] GC(124)   Post Evacuate Collection Set: 14.7ms
[2026-01-16T08:25:32.000+0000][gc,phases   ] GC(124)   Other: 3.9ms
[2026-01-16T08:25:32.001+0000][gc,heap     ] GC(124) Eden regions: 47->0(47)
[2026-01-16T08:25:32.002+0000][gc,heap     ] GC(124) Survivor regions: 4->4(7)
[2026-01-16T08:25:32.002+0000][gc,heap     ] GC(124) Old regions: 48->48
[2026-01-16T08:25:32.003+0000][gc,heap     ] GC(124) Humongous regions: 21->21
[2026-01-16T08:25:32.003+0000][gc,metaspace] GC(124) Metaspace: 10883K(11264K)->10883K(11264K) NonClass: 9845K(10048K)->9845K(10048K) Class: 1038K(1216K)->1038K(1216K)
[2026-01-16T08:25:32.004+0000][gc          ] GC(124) Pause Young (Normal) (G1 Evacuation Pause) 118M->71M(1024M) 512.837ms
[2026-01-16T08:25:32.007+0000][gc,cpu      ] GC(124) User=0.21s Sys=0.01s Real=0.51s
[2026-01-16T08:25:34.283+0000][gc,start    ] GC(125) Pause Young (Normal) (G1 Evacuation Pause)
[2026-01-16T08:25:34.285+0000][gc,task     ] GC(125) Using 8 workers of 8 for evacuation
[2026-01-16T08:25:34.848+0000][gc,mmu      ] GC(125) MMU target violated: 201.0ms (200.0ms/201.0ms)
[2026-01-16T08:25:34.848+0000][gc,phases   ] GC(125)   Pre Evacuate Collection Set: 53.6ms
[2026-01-16T08:25:34.848+0000][gc,phases   ] GC(125)   Merge Heap Roots: 1.2ms
[2026-01-16T08:25:34.849+0000][gc,phases   ] GC(125)   Evacuate Collection Set: 491.1ms
[2026-01-16T08:25:34.849+0000][gc,phases   ] GC(125)   Post Evacuate Collection Set: 15.4ms
[2026-01-16T08:25:34.849+0000][gc,phases   ] GC(125)   Other: 1.6ms
[2026-01-16T08:25:34.850+0000][gc,heap     ] GC(125) Eden regions: 47->0(48)
[2026-01-16T08:25:34.850+0000][gc,heap     ] GC(125) Survivor regions: 4->3(7)
[2026-01-16T08:25:34.850+0000][gc,heap     ] GC(125) Old regions: 48->48
[2026-01-16T08:25:34.851+0000][gc,heap     ] GC(125) Humongous regions: 21->21
[2026-01-16T08:25:34.851+0000][gc,metaspace] GC(125) Metaspace: 10885K(11264K)->10885K(11264K) NonClass: 9847K(10048K)->9847K(10048K) Class: 1038K(1216K)->1038K(1216K)
[2026-01-16T08:25:34.853+0000][gc          ] GC(125) Pause Young (Normal) (G1 Evacuation Pause) 118M->71M(1024M) 570.468ms
[2026-01-16T08:25:34.854+0000][gc,cpu      ] GC(125) User=0.31s Sys=0.03s Real=0.57s
[2026-01-16T08:25:36.669+0000][gc,start    ] GC(126) Pause Young (Normal) (G1 Evacuation Pause)
[2026-01-16T08:25:36.678+0000][gc,task     ] GC(126) Using 8 workers of 8 for evacuation
[2026-01-16T08:25:37.747+0000][gc,mmu      ] GC(126) MMU target violated: 201.0ms (200.0ms/201.0ms)
[2026-01-16T08:25:37.748+0000][gc,phases   ] GC(126)   Pre Evacuate Collection Set: 132.7ms
[2026-01-16T08:25:37.748+0000][gc,phases   ] GC(126)   Merge Heap Roots: 73.3ms
[2026-01-16T08:25:37.749+0000][gc,phases   ] GC(126)   Evacuate Collection Set: 783.4ms
[2026-01-16T08:25:37.756+0000][gc,phases   ] GC(126)   Post Evacuate Collection Set: 70.9ms
[2026-01-16T08:25:37.760+0000][gc,phases   ] GC(126)   Other: 15.2ms
[2026-01-16T08:25:37.761+0000][gc,heap     ] GC(126) Eden regions: 48->0(48)
[2026-01-16T08:25:37.762+0000][gc,heap     ] GC(126) Survivor regions: 3->3(7)
[2026-01-16T08:25:37.762+0000][gc,heap     ] GC(126) Old regions: 48->48
[2026-01-16T08:25:37.763+0000][gc,heap     ] GC(126) Humongous regions: 21->21
[2026-01-16T08:25:37.763+0000][gc,metaspace] GC(126) Metaspace: 10897K(11264K)->10897K(11264K) NonClass: 9858K(10048K)->9858K(10048K) Class: 1038K(1216K)->1038K(1216K)
[2026-01-16T08:25:37.767+0000][gc          ] GC(126) Pause Young (Normal) (G1 Evacuation Pause) 119M->70M(1024M) 1098.491ms
[2026-01-16T08:25:37.770+0000][gc,cpu      ] GC(126) User=0.25s Sys=0.06s Real=1.10s
[2026-01-16T08:25:40.722+0000][gc,start    ] GC(127) Pause Young (Normal) (G1 Evacuation Pause)
[2026-01-16T08:25:40.725+0000][gc,task     ] GC(127) Using 8 workers of 8 for evacuation
[2026-01-16T08:25:41.289+0000][gc,mmu      ] GC(127) MMU target violated: 201.0ms (200.0ms/201.0ms)
[2026-01-16T08:25:41.289+0000][gc,phases   ] GC(127)   Pre Evacuate Collection Set: 45.3ms
[2026-01-16T08:25:41.293+0000][gc,phases   ] GC(127)   Merge Heap Roots: 11.8ms
[2026-01-16T08:25:41.295+0000][gc,phases   ] GC(127)   Evacuate Collection Set: 480.5ms
[2026-01-16T08:25:41.298+0000][gc,phases   ] GC(127)   Post Evacuate Collection Set: 26.0ms
[2026-01-16T08:25:41.299+0000][gc,phases   ] GC(127)   Other: 1.4ms
[2026-01-16T08:25:41.299+0000][gc,heap     ] GC(127) Eden regions: 48->0(48)
[2026-01-16T08:25:41.301+0000][gc,heap     ] GC(127) Survivor regions: 3->3(7)
[2026-01-16T08:25:41.301+0000][gc,heap     ] GC(127) Old regions: 48->48
[2026-01-16T08:25:41.301+0000][gc,heap     ] GC(127) Humongous regions: 21->21
[2026-01-16T08:25:41.301+0000][gc,metaspace] GC(127) Metaspace: 10913K(11264K)->10913K(11264K) NonClass: 9874K(10048K)->9874K(10048K) Class: 1038K(1216K)->1038K(1216K)
[2026-01-16T08:25:41.302+0000][gc          ] GC(127) Pause Young (Normal) (G1 Evacuation Pause) 118M->71M(1024M) 579.175ms
[2026-01-16T08:25:41.302+0000][gc,cpu      ] GC(127) User=0.21s Sys=0.05s Real=0.58s
[2026-01-16T08:25:43.012+0000][gc,start    ] GC(128) Pause Young (Normal) (G1 Evacuation Pause)
[2026-01-16T08:25:43.016+0000][gc,task     ] GC(128) Using 8 workers of 8 for evacuation
[2026-01-16T08:25:43.116+0000][gc,phases   ] GC(128)   Pre Evacuate Collection Set: 14.3ms
[2026-01-16T08:25:43.126+0000][gc,phases   ] GC(128)   Merge Heap Roots: 0.2ms
[2026-01-16T08:25:43.126+0000][gc,phases   ] GC(128)   Evacuate Collection Set: 82.4ms
[2026-01-16T08:25:43.127+0000][gc,phases   ] GC(128)   Post Evacuate Collection Set: 2.0ms
[2026-01-16T08:25:43.128+0000][gc,phases   ] GC(128)   Other: 1.0ms
[2026-01-16T08:25:43.138+0000][gc,heap     ] GC(128) Eden regions: 48->0(47)
[2026-01-16T08:25:43.138+0000][gc,heap     ] GC(128) Survivor regions: 3->4(7)
[2026-01-16T08:25:43.139+0000][gc,heap     ] GC(128) Old regions: 48->48
[2026-01-16T08:25:43.142+0000][gc,heap     ] GC(128) Humongous regions: 21->21
[2026-01-16T08:25:43.145+0000][gc,metaspace] GC(128) Metaspace: 10927K(11264K)->10927K(11264K) NonClass: 9888K(10048K)->9888K(10048K) Class: 1038K(1216K)->1038K(1216K)
[2026-01-16T08:25:43.148+0000][gc          ] GC(128) Pause Young (Normal) (G1 Evacuation Pause) 119M->71M(1024M) 135.987ms
[2026-01-16T08:25:43.168+0000][gc,cpu      ] GC(128) User=0.07s Sys=0.00s Real=0.15s
[2026-01-16T08:25:44.565+0000][gc,start    ] GC(129) Pause Young (Normal) (G1 Evacuation Pause)
[2026-01-16T08:25:44.569+0000][gc,task     ] GC(129) Using 8 workers of 8 for evacuation
[2026-01-16T08:25:44.646+0000][gc,phases   ] GC(129)   Pre Evacuate Collection Set: 12.0ms
[2026-01-16T08:25:44.649+0000][gc,phases   ] GC(129)   Merge Heap Roots: 0.2ms
[2026-01-16T08:25:44.650+0000][gc,phases   ] GC(129)   Evacuate Collection Set: 57.7ms
[2026-01-16T08:25:44.651+0000][gc,phases   ] GC(129)   Post Evacuate Collection Set: 4.9ms
[2026-01-16T08:25:44.655+0000][gc,phases   ] GC(129)   Other: 2.1ms
[2026-01-16T08:25:44.656+0000][gc,heap     ] GC(129) Eden regions: 47->0(48)
[2026-01-16T08:25:44.659+0000][gc,heap     ] GC(129) Survivor regions: 4->3(7)
[2026-01-16T08:25:44.662+0000][gc,heap     ] GC(129) Old regions: 48->48
[2026-01-16T08:25:44.664+0000][gc,heap     ] GC(129) Humongous regions: 21->21
[2026-01-16T08:25:44.668+0000][gc,metaspace] GC(129) Metaspace: 10943K(11264K)->10943K(11264K) NonClass: 9904K(10048K)->9904K(10048K) Class: 1038K(1216K)->1038K(1216K)
[2026-01-16T08:25:44.671+0000][gc          ] GC(129) Pause Young (Normal) (G1 Evacuation Pause) 118M->71M(1024M) 105.977ms
[2026-01-16T08:25:44.671+0000][gc,cpu      ] GC(129) User=0.05s Sys=0.00s Real=0.11s
[2026-01-16T08:25:45.986+0000][gc,start    ] GC(130) Pause Young (Normal) (G1 Evacuation Pause)
[2026-01-16T08:25:45.987+0000][gc,task     ] GC(130) Using 8 workers of 8 for evacuation
[2026-01-16T08:25:46.117+0000][gc,phases   ] GC(130)   Pre Evacuate Collection Set: 20.0ms
[2026-01-16T08:25:46.118+0000][gc,phases   ] GC(130)   Merge Heap Roots: 0.4ms
[2026-01-16T08:25:46.118+0000][gc,phases   ] GC(130)   Evacuate Collection Set: 101.6ms
[2026-01-16T08:25:46.119+0000][gc,phases   ] GC(130)   Post Evacuate Collection Set: 7.0ms
[2026-01-16T08:25:46.120+0000][gc,phases   ] GC(130)   Other: 0.8ms
[2026-01-16T08:25:46.120+0000][gc,heap     ] GC(130) Eden regions: 48->0(49)
[2026-01-16T08:25:46.120+0000][gc,heap     ] GC(130) Survivor regions: 3->2(7)
[2026-01-16T08:25:46.121+0000][gc,heap     ] GC(130) Old regions: 48->48
[2026-01-16T08:25:46.121+0000][gc,heap     ] GC(130) Humongous regions: 21->21
[2026-01-16T08:25:46.122+0000][gc,metaspace] GC(130) Metaspace: 10953K(11264K)->10953K(11264K) NonClass: 9914K(10048K)->9914K(10048K) Class: 1038K(1216K)->1038K(1216K)
[2026-01-16T08:25:46.123+0000][gc          ] GC(130) Pause Young (Normal) (G1 Evacuation Pause) 119M->70M(1024M) 136.707ms
[2026-01-16T08:25:46.123+0000][gc,cpu      ] GC(130) User=0.06s Sys=0.01s Real=0.14s
[2026-01-16T08:25:47.708+0000][gc,start    ] GC(131) Pause Young (Normal) (G1 Evacuation Pause)
[2026-01-16T08:25:47.710+0000][gc,task     ] GC(131) Using 8 workers of 8 for evacuation
[2026-01-16T08:25:47.825+0000][gc,phases   ] GC(131)   Pre Evacuate Collection Set: 18.8ms
[2026-01-16T08:25:47.826+0000][gc,phases   ] GC(131)   Merge Heap Roots: 5.0ms
[2026-01-16T08:25:47.826+0000][gc,phases   ] GC(131)   Evacuate Collection Set: 84.3ms
[2026-01-16T08:25:47.826+0000][gc,phases   ] GC(131)   Post Evacuate Collection Set: 5.1ms
[2026-01-16T08:25:47.827+0000][gc,phases   ] GC(131)   Other: 2.7ms
[2026-01-16T08:25:47.827+0000][gc,heap     ] GC(131) Eden regions: 49->0(50)
[2026-01-16T08:25:47.827+0000][gc,heap     ] GC(131) Survivor regions: 2->1(7)
[2026-01-16T08:25:47.827+0000][gc,heap     ] GC(131) Old regions: 48->48
[2026-01-16T08:25:47.828+0000][gc,heap     ] GC(131) Humongous regions: 21->21
[2026-01-16T08:25:47.830+0000][gc,metaspace] GC(131) Metaspace: 10971K(11264K)->10971K(11264K) NonClass: 9932K(10048K)->9932K(10048K) Class: 1038K(1216K)->1038K(1216K)
[2026-01-16T08:25:47.830+0000][gc          ] GC(131) Pause Young (Normal) (G1 Evacuation Pause) 119M->69M(1024M) 122.505ms
[2026-01-16T08:25:47.830+0000][gc,cpu      ] GC(131) User=0.05s Sys=0.01s Real=0.12s
[2026-01-16T08:25:50.432+0000][gc,start    ] GC(132) Pause Young (Normal) (G1 Evacuation Pause)
[2026-01-16T08:25:50.438+0000][gc,task     ] GC(132) Using 8 workers of 8 for evacuation
[2026-01-16T08:25:51.062+0000][gc,mmu      ] GC(132) MMU target violated: 201.0ms (200.0ms/201.0ms)
[2026-01-16T08:25:51.081+0000][gc,phases   ] GC(132)   Pre Evacuate Collection Set: 44.7ms
[2026-01-16T08:25:51.081+0000][gc,phases   ] GC(132)   Merge Heap Roots: 0.3ms
[2026-01-16T08:25:51.081+0000][gc,phases   ] GC(132)   Evacuate Collection Set: 565.7ms
[2026-01-16T08:25:51.084+0000][gc,phases   ] GC(132)   Post Evacuate Collection Set: 10.9ms
[2026-01-16T08:25:51.085+0000][gc,phases   ] GC(132)   Other: 23.7ms
[2026-01-16T08:25:51.086+0000][gc,heap     ] GC(132) Eden regions: 50->0(49)
[2026-01-16T08:25:51.086+0000][gc,heap     ] GC(132) Survivor regions: 1->2(7)
[2026-01-16T08:25:51.091+0000][gc,heap     ] GC(132) Old regions: 48->48
[2026-01-16T08:25:51.092+0000][gc,heap     ] GC(132) Humongous regions: 21->21
[2026-01-16T08:25:51.092+0000][gc,metaspace] GC(132) Metaspace: 11043K(11392K)->11043K(11392K) NonClass: 10005K(10176K)->10005K(10176K) Class: 1038K(1216K)->1038K(1216K)
[2026-01-16T08:25:51.092+0000][gc          ] GC(132) Pause Young (Normal) (G1 Evacuation Pause) 119M->70M(1024M) 660.311ms
[2026-01-16T08:25:51.092+0000][gc,cpu      ] GC(132) User=0.19s Sys=0.03s Real=0.66s
[2026-01-16T08:25:56.827+0000][gc,start    ] GC(133) Pause Young (Normal) (G1 Evacuation Pause)
[2026-01-16T08:25:56.842+0000][gc,task     ] GC(133) Using 8 workers of 8 for evacuation
[2026-01-16T08:25:57.109+0000][gc,mmu      ] GC(133) MMU target violated: 201.0ms (200.0ms/201.0ms)
[2026-01-16T08:25:57.110+0000][gc,phases   ] GC(133)   Pre Evacuate Collection Set: 37.3ms
[2026-01-16T08:25:57.111+0000][gc,phases   ] GC(133)   Merge Heap Roots: 0.8ms
[2026-01-16T08:25:57.115+0000][gc,phases   ] GC(133)   Evacuate Collection Set: 185.4ms
[2026-01-16T08:25:57.116+0000][gc,phases   ] GC(133)   Post Evacuate Collection Set: 43.3ms
[2026-01-16T08:25:57.118+0000][gc,phases   ] GC(133)   Other: 1.8ms
[2026-01-16T08:25:57.120+0000][gc,heap     ] GC(133) Eden regions: 49->0(50)
[2026-01-16T08:25:57.120+0000][gc,heap     ] GC(133) Survivor regions: 2->1(7)
[2026-01-16T08:25:57.122+0000][gc,heap     ] GC(133) Old regions: 48->48
[2026-01-16T08:25:57.122+0000][gc,heap     ] GC(133) Humongous regions: 21->21
[2026-01-16T08:25:57.123+0000][gc,metaspace] GC(133) Metaspace: 11064K(11392K)->11064K(11392K) NonClass: 10025K(10176K)->10025K(10176K) Class: 1038K(1216K)->1038K(1216K)
[2026-01-16T08:25:57.124+0000][gc          ] GC(133) Pause Young (Normal) (G1 Evacuation Pause) 119M->69M(1024M) 297.550ms
[2026-01-16T08:25:57.124+0000][gc,cpu      ] GC(133) User=0.11s Sys=0.01s Real=0.30s
[2026-01-16T08:26:01.849+0000][gc,start    ] GC(134) Pause Young (Normal) (G1 Evacuation Pause)
[2026-01-16T08:26:01.850+0000][gc,task     ] GC(134) Using 8 workers of 8 for evacuation
[2026-01-16T08:26:02.199+0000][gc,mmu      ] GC(134) MMU target violated: 201.0ms (200.0ms/201.0ms)
[2026-01-16T08:26:02.209+0000][gc,phases   ] GC(134)   Pre Evacuate Collection Set: 67.1ms
[2026-01-16T08:26:02.209+0000][gc,phases   ] GC(134)   Merge Heap Roots: 2.8ms
[2026-01-16T08:26:02.209+0000][gc,phases   ] GC(134)   Evacuate Collection Set: 238.7ms
[2026-01-16T08:26:02.209+0000][gc,phases   ] GC(134)   Post Evacuate Collection Set: 37.2ms
[2026-01-16T08:26:02.210+0000][gc,phases   ] GC(134)   Other: 13.0ms
[2026-01-16T08:26:02.210+0000][gc,heap     ] GC(134) Eden regions: 50->0(49)
[2026-01-16T08:26:02.211+0000][gc,heap     ] GC(134) Survivor regions: 1->2(7)
[2026-01-16T08:26:02.211+0000][gc,heap     ] GC(134) Old regions: 48->48
[2026-01-16T08:26:02.211+0000][gc,heap     ] GC(134) Humongous regions: 30->30
[2026-01-16T08:26:02.211+0000][gc,metaspace] GC(134) Metaspace: 11067K(11392K)->11067K(11392K) NonClass: 10028K(10176K)->10028K(10176K) Class: 1038K(1216K)->1038K(1216K)
[2026-01-16T08:26:02.211+0000][gc          ] GC(134) Pause Young (Normal) (G1 Evacuation Pause) 128M->78M(1024M) 362.447ms
[2026-01-16T08:26:02.212+0000][gc,cpu      ] GC(134) User=0.16s Sys=0.01s Real=0.37s
[2026-01-16T08:26:04.944+0000][gc,start    ] GC(135) Pause Young (Normal) (G1 Evacuation Pause)
[2026-01-16T08:26:04.947+0000][gc,task     ] GC(135) Using 8 workers of 8 for evacuation
[2026-01-16T08:26:05.042+0000][gc,phases   ] GC(135)   Pre Evacuate Collection Set: 6.3ms
[2026-01-16T08:26:05.042+0000][gc,phases   ] GC(135)   Merge Heap Roots: 3.7ms
[2026-01-16T08:26:05.043+0000][gc,phases   ] GC(135)   Evacuate Collection Set: 73.9ms
[2026-01-16T08:26:05.043+0000][gc,phases   ] GC(135)   Post Evacuate Collection Set: 6.4ms
[2026-01-16T08:26:05.043+0000][gc,phases   ] GC(135)   Other: 4.8ms
[2026-01-16T08:26:05.043+0000][gc,heap     ] GC(135) Eden regions: 49->0(50)
[2026-01-16T08:26:05.044+0000][gc,heap     ] GC(135) Survivor regions: 2->1(7)
[2026-01-16T08:26:05.044+0000][gc,heap     ] GC(135) Old regions: 48->48
[2026-01-16T08:26:05.044+0000][gc,heap     ] GC(135) Humongous regions: 30->30
[2026-01-16T08:26:05.044+0000][gc,metaspace] GC(135) Metaspace: 11074K(11392K)->11074K(11392K) NonClass: 10036K(10176K)->10036K(10176K) Class: 1038K(1216K)->1038K(1216K)
[2026-01-16T08:26:05.045+0000][gc          ] GC(135) Pause Young (Normal) (G1 Evacuation Pause) 127M->78M(1024M) 100.450ms
[2026-01-16T08:26:05.045+0000][gc,cpu      ] GC(135) User=0.06s Sys=0.00s Real=0.10s
[2026-01-16T08:26:06.293+0000][gc,start    ] GC(136) Pause Young (Normal) (G1 Evacuation Pause)
[2026-01-16T08:26:06.294+0000][gc,task     ] GC(136) Using 8 workers of 8 for evacuation
[2026-01-16T08:26:06.348+0000][gc,phases   ] GC(136)   Pre Evacuate Collection Set: 3.7ms
[2026-01-16T08:26:06.348+0000][gc,phases   ] GC(136)   Merge Heap Roots: 0.3ms
[2026-01-16T08:26:06.348+0000][gc,phases   ] GC(136)   Evacuate Collection Set: 45.0ms
[2026-01-16T08:26:06.348+0000][gc,phases   ] GC(136)   Post Evacuate Collection Set: 4.1ms
[2026-01-16T08:26:06.348+0000][gc,phases   ] GC(136)   Other: 0.9ms
[2026-01-16T08:26:06.348+0000][gc,heap     ] GC(136) Eden regions: 50->0(49)
[2026-01-16T08:26:06.348+0000][gc,heap     ] GC(136) Survivor regions: 1->2(7)
[2026-01-16T08:26:06.348+0000][gc,heap     ] GC(136) Old regions: 48->48
[2026-01-16T08:26:06.349+0000][gc,heap     ] GC(136) Humongous regions: 30->30
[2026-01-16T08:26:06.349+0000][gc,metaspace] GC(136) Metaspace: 11080K(11392K)->11080K(11392K) NonClass: 10041K(10176K)->10041K(10176K) Class: 1038K(1216K)->1038K(1216K)
[2026-01-16T08:26:06.349+0000][gc          ] GC(136) Pause Young (Normal) (G1 Evacuation Pause) 128M->78M(1024M) 55.851ms
[2026-01-16T08:26:06.349+0000][gc,cpu      ] GC(136) User=0.04s Sys=0.00s Real=0.05s
[2026-01-16T08:26:07.223+0000][gc,start    ] GC(137) Pause Young (Normal) (G1 Evacuation Pause)
[2026-01-16T08:26:07.223+0000][gc,task     ] GC(137) Using 8 workers of 8 for evacuation
[2026-01-16T08:26:07.252+0000][gc,phases   ] GC(137)   Pre Evacuate Collection Set: 1.9ms
[2026-01-16T08:26:07.253+0000][gc,phases   ] GC(137)   Merge Heap Roots: 1.8ms
[2026-01-16T08:26:07.253+0000][gc,phases   ] GC(137)   Evacuate Collection Set: 23.0ms
[2026-01-16T08:26:07.254+0000][gc,phases   ] GC(137)   Post Evacuate Collection Set: 1.1ms
[2026-01-16T08:26:07.254+0000][gc,phases   ] GC(137)   Other: 0.9ms
[2026-01-16T08:26:07.255+0000][gc,heap     ] GC(137) Eden regions: 49->0(50)
[2026-01-16T08:26:07.255+0000][gc,heap     ] GC(137) Survivor regions: 2->1(7)
[2026-01-16T08:26:07.255+0000][gc,heap     ] GC(137) Old regions: 48->48
[2026-01-16T08:26:07.256+0000][gc,heap     ] GC(137) Humongous regions: 30->30
[2026-01-16T08:26:07.256+0000][gc,metaspace] GC(137) Metaspace: 11104K(11456K)->11104K(11456K) NonClass: 10065K(10240K)->10065K(10240K) Class: 1038K(1216K)->1038K(1216K)
[2026-01-16T08:26:07.256+0000][gc          ] GC(137) Pause Young (Normal) (G1 Evacuation Pause) 127M->78M(1024M) 33.589ms
[2026-01-16T08:26:07.259+0000][gc,cpu      ] GC(137) User=0.02s Sys=0.00s Real=0.03s
[2026-01-16T08:26:08.808+0000][gc,start    ] GC(138) Pause Young (Normal) (G1 Evacuation Pause)
[2026-01-16T08:26:08.808+0000][gc,task     ] GC(138) Using 8 workers of 8 for evacuation
[2026-01-16T08:26:08.934+0000][gc,phases   ] GC(138)   Pre Evacuate Collection Set: 5.5ms
[2026-01-16T08:26:08.939+0000][gc,phases   ] GC(138)   Merge Heap Roots: 2.1ms
[2026-01-16T08:26:08.941+0000][gc,phases   ] GC(138)   Evacuate Collection Set: 99.9ms
[2026-01-16T08:26:08.941+0000][gc,phases   ] GC(138)   Post Evacuate Collection Set: 17.0ms
[2026-01-16T08:26:08.958+0000][gc,phases   ] GC(138)   Other: 0.9ms
[2026-01-16T08:26:08.959+0000][gc,heap     ] GC(138) Eden regions: 50->0(49)
[2026-01-16T08:26:08.960+0000][gc,heap     ] GC(138) Survivor regions: 1->2(7)
[2026-01-16T08:26:08.960+0000][gc,heap     ] GC(138) Old regions: 48->48
[2026-01-16T08:26:08.961+0000][gc,heap     ] GC(138) Humongous regions: 30->30
[2026-01-16T08:26:08.961+0000][gc,metaspace] GC(138) Metaspace: 11117K(11456K)->11117K(11456K) NonClass: 10079K(10240K)->10079K(10240K) Class: 1038K(1216K)->1038K(1216K)
[2026-01-16T08:26:08.962+0000][gc          ] GC(138) Pause Young (Normal) (G1 Evacuation Pause) 128M->78M(1024M) 154.536ms
[2026-01-16T08:26:08.964+0000][gc,cpu      ] GC(138) User=0.06s Sys=0.00s Real=0.16s
[2026-01-16T08:26:10.940+0000][gc,start    ] GC(139) Pause Young (Normal) (G1 Evacuation Pause)
[2026-01-16T08:26:10.942+0000][gc,task     ] GC(139) Using 8 workers of 8 for evacuation
[2026-01-16T08:26:11.090+0000][gc,phases   ] GC(139)   Pre Evacuate Collection Set: 12.6ms
[2026-01-16T08:26:11.090+0000][gc,phases   ] GC(139)   Merge Heap Roots: 3.5ms
[2026-01-16T08:26:11.091+0000][gc,phases   ] GC(139)   Evacuate Collection Set: 110.1ms
[2026-01-16T08:26:11.091+0000][gc,phases   ] GC(139)   Post Evacuate Collection Set: 18.6ms
[2026-01-16T08:26:11.092+0000][gc,phases   ] GC(139)   Other: 3.0ms
[2026-01-16T08:26:11.092+0000][gc,heap     ] GC(139) Eden regions: 49->0(49)
[2026-01-16T08:26:11.104+0000][gc,heap     ] GC(139) Survivor regions: 2->2(7)
[2026-01-16T08:26:11.104+0000][gc,heap     ] GC(139) Old regions: 48->48
[2026-01-16T08:26:11.104+0000][gc,heap     ] GC(139) Humongous regions: 30->30
[2026-01-16T08:26:11.106+0000][gc,metaspace] GC(139) Metaspace: 11130K(11456K)->11130K(11456K) NonClass: 10091K(10240K)->10091K(10240K) Class: 1038K(1216K)->1038K(1216K)
[2026-01-16T08:26:11.106+0000][gc          ] GC(139) Pause Young (Normal) (G1 Evacuation Pause) 127M->79M(1024M) 165.436ms
[2026-01-16T08:26:11.106+0000][gc,cpu      ] GC(139) User=0.07s Sys=0.00s Real=0.17s
[2026-01-16T08:26:17.164+0000][gc,start    ] GC(140) Pause Young (Normal) (G1 Evacuation Pause)
[2026-01-16T08:26:17.169+0000][gc,task     ] GC(140) Using 8 workers of 8 for evacuation
[2026-01-16T08:26:17.267+0000][gc,phases   ] GC(140)   Pre Evacuate Collection Set: 16.5ms
[2026-01-16T08:26:17.268+0000][gc,phases   ] GC(140)   Merge Heap Roots: 4.0ms
[2026-01-16T08:26:17.269+0000][gc,phases   ] GC(140)   Evacuate Collection Set: 71.6ms
[2026-01-16T08:26:17.269+0000][gc,phases   ] GC(140)   Post Evacuate Collection Set: 5.3ms
[2026-01-16T08:26:17.271+0000][gc,phases   ] GC(140)   Other: 3.4ms
[2026-01-16T08:26:17.271+0000][gc,heap     ] GC(140) Eden regions: 49->0(49)
[2026-01-16T08:26:17.271+0000][gc,heap     ] GC(140) Survivor regions: 2->2(7)
[2026-01-16T08:26:17.272+0000][gc,heap     ] GC(140) Old regions: 48->48
[2026-01-16T08:26:17.272+0000][gc,heap     ] GC(140) Humongous regions: 30->30
[2026-01-16T08:26:17.273+0000][gc,metaspace] GC(140) Metaspace: 11150K(11520K)->11150K(11520K) NonClass: 10111K(10304K)->10111K(10304K) Class: 1038K(1216K)->1038K(1216K)
[2026-01-16T08:26:17.273+0000][gc          ] GC(140) Pause Young (Normal) (G1 Evacuation Pause) 128M->78M(1024M) 109.047ms
[2026-01-16T08:26:17.275+0000][gc,cpu      ] GC(140) User=0.07s Sys=0.00s Real=0.11s
[2026-01-16T08:26:18.665+0000][gc,start    ] GC(141) Pause Young (Normal) (G1 Evacuation Pause)
[2026-01-16T08:26:18.667+0000][gc,task     ] GC(141) Using 8 workers of 8 for evacuation
[2026-01-16T08:26:18.800+0000][gc,phases   ] GC(141)   Pre Evacuate Collection Set: 16.3ms
[2026-01-16T08:26:18.802+0000][gc,phases   ] GC(141)   Merge Heap Roots: 2.3ms
[2026-01-16T08:26:18.802+0000][gc,phases   ] GC(141)   Evacuate Collection Set: 92.0ms
[2026-01-16T08:26:18.802+0000][gc,phases   ] GC(141)   Post Evacuate Collection Set: 21.3ms
[2026-01-16T08:26:18.802+0000][gc,phases   ] GC(141)   Other: 1.6ms
[2026-01-16T08:26:18.802+0000][gc,heap     ] GC(141) Eden regions: 49->0(49)
[2026-01-16T08:26:18.802+0000][gc,heap     ] GC(141) Survivor regions: 2->2(7)
[2026-01-16T08:26:18.802+0000][gc,heap     ] GC(141) Old regions: 48->48
[2026-01-16T08:26:18.802+0000][gc,heap     ] GC(141) Humongous regions: 30->30
[2026-01-16T08:26:18.802+0000][gc,metaspace] GC(141) Metaspace: 11150K(11520K)->11150K(11520K) NonClass: 10111K(10304K)->10111K(10304K) Class: 1038K(1216K)->1038K(1216K)
[2026-01-16T08:26:18.802+0000][gc          ] GC(141) Pause Young (Normal) (G1 Evacuation Pause) 127M->79M(1024M) 137.530ms
[2026-01-16T08:26:18.803+0000][gc,cpu      ] GC(141) User=0.06s Sys=0.00s Real=0.14s
[2026-01-16T08:26:26.659+0000][gc,start    ] GC(142) Pause Young (Normal) (G1 Evacuation Pause)
[2026-01-16T08:26:26.661+0000][gc,task     ] GC(142) Using 8 workers of 8 for evacuation
[2026-01-16T08:26:26.884+0000][gc,mmu      ] GC(142) MMU target violated: 201.0ms (200.0ms/201.0ms)
[2026-01-16T08:26:26.884+0000][gc,phases   ] GC(142)   Pre Evacuate Collection Set: 38.7ms
[2026-01-16T08:26:26.887+0000][gc,phases   ] GC(142)   Merge Heap Roots: 2.0ms
[2026-01-16T08:26:26.888+0000][gc,phases   ] GC(142)   Evacuate Collection Set: 157.6ms
[2026-01-16T08:26:26.889+0000][gc,phases   ] GC(142)   Post Evacuate Collection Set: 21.3ms
[2026-01-16T08:26:26.889+0000][gc,phases   ] GC(142)   Other: 3.5ms
[2026-01-16T08:26:26.891+0000][gc,heap     ] GC(142) Eden regions: 49->0(50)
[2026-01-16T08:26:26.893+0000][gc,heap     ] GC(142) Survivor regions: 2->1(7)
[2026-01-16T08:26:26.893+0000][gc,heap     ] GC(142) Old regions: 48->48
[2026-01-16T08:26:26.895+0000][gc,heap     ] GC(142) Humongous regions: 30->30
[2026-01-16T08:26:26.895+0000][gc,metaspace] GC(142) Metaspace: 11152K(11520K)->11152K(11520K) NonClass: 10113K(10304K)->10113K(10304K) Class: 1038K(1216K)->1038K(1216K)
[2026-01-16T08:26:26.896+0000][gc          ] GC(142) Pause Young (Normal) (G1 Evacuation Pause) 128M->78M(1024M) 236.605ms
[2026-01-16T08:26:26.896+0000][gc,cpu      ] GC(142) User=0.11s Sys=0.01s Real=0.24s
[2026-01-16T08:26:30.829+0000][gc,start    ] GC(143) Pause Young (Normal) (G1 Evacuation Pause)
[2026-01-16T08:26:30.831+0000][gc,task     ] GC(143) Using 8 workers of 8 for evacuation
[2026-01-16T08:26:31.031+0000][gc,phases   ] GC(143)   Pre Evacuate Collection Set: 23.9ms
[2026-01-16T08:26:31.032+0000][gc,phases   ] GC(143)   Merge Heap Roots: 1.3ms
[2026-01-16T08:26:31.032+0000][gc,phases   ] GC(143)   Evacuate Collection Set: 172.7ms
[2026-01-16T08:26:31.032+0000][gc,phases   ] GC(143)   Post Evacuate Collection Set: 1.6ms
[2026-01-16T08:26:31.033+0000][gc,phases   ] GC(143)   Other: 0.9ms
[2026-01-16T08:26:31.034+0000][gc,heap     ] GC(143) Eden regions: 50->0(49)
[2026-01-16T08:26:31.035+0000][gc,heap     ] GC(143) Survivor regions: 1->2(7)
[2026-01-16T08:26:31.036+0000][gc,heap     ] GC(143) Old regions: 48->48
[2026-01-16T08:26:31.037+0000][gc,heap     ] GC(143) Humongous regions: 30->30
[2026-01-16T08:26:31.039+0000][gc,metaspace] GC(143) Metaspace: 11152K(11520K)->11152K(11520K) NonClass: 10113K(10304K)->10113K(10304K) Class: 1038K(1216K)->1038K(1216K)
[2026-01-16T08:26:31.043+0000][gc          ] GC(143) Pause Young (Normal) (G1 Evacuation Pause) 128M->79M(1024M) 214.245ms
[2026-01-16T08:26:31.044+0000][gc,cpu      ] GC(143) User=0.16s Sys=0.02s Real=0.22s
[2026-01-16T08:26:36.520+0000][gc,start    ] GC(144) Pause Young (Normal) (G1 Evacuation Pause)
[2026-01-16T08:26:36.524+0000][gc,task     ] GC(144) Using 8 workers of 8 for evacuation
[2026-01-16T08:26:36.723+0000][gc,phases   ] GC(144)   Pre Evacuate Collection Set: 23.3ms
[2026-01-16T08:26:36.724+0000][gc,phases   ] GC(144)   Merge Heap Roots: 4.3ms
[2026-01-16T08:26:36.724+0000][gc,phases   ] GC(144)   Evacuate Collection Set: 161.8ms
[2026-01-16T08:26:36.724+0000][gc,phases   ] GC(144)   Post Evacuate Collection Set: 6.2ms
[2026-01-16T08:26:36.725+0000][gc,phases   ] GC(144)   Other: 3.5ms
[2026-01-16T08:26:36.725+0000][gc,heap     ] GC(144) Eden regions: 49->0(50)
[2026-01-16T08:26:36.725+0000][gc,heap     ] GC(144) Survivor regions: 2->1(7)
[2026-01-16T08:26:36.725+0000][gc,heap     ] GC(144) Old regions: 48->48
[2026-01-16T08:26:36.725+0000][gc,heap     ] GC(144) Humongous regions: 30->30
[2026-01-16T08:26:36.725+0000][gc,metaspace] GC(144) Metaspace: 11155K(11520K)->11155K(11520K) NonClass: 10117K(10304K)->10117K(10304K) Class: 1038K(1216K)->1038K(1216K)
[2026-01-16T08:26:36.725+0000][gc          ] GC(144) Pause Young (Normal) (G1 Evacuation Pause) 128M->78M(1024M) 204.991ms
[2026-01-16T08:26:36.725+0000][gc,cpu      ] GC(144) User=0.08s Sys=0.00s Real=0.21s
[2026-01-16T08:26:38.242+0000][gc,start    ] GC(145) Pause Young (Normal) (G1 Evacuation Pause)
[2026-01-16T08:26:38.249+0000][gc,task     ] GC(145) Using 8 workers of 8 for evacuation
[2026-01-16T08:26:38.349+0000][gc,phases   ] GC(145)   Pre Evacuate Collection Set: 11.1ms
[2026-01-16T08:26:38.350+0000][gc,phases   ] GC(145)   Merge Heap Roots: 3.5ms
[2026-01-16T08:26:38.350+0000][gc,phases   ] GC(145)   Evacuate Collection Set: 81.7ms
[2026-01-16T08:26:38.350+0000][gc,phases   ] GC(145)   Post Evacuate Collection Set: 2.7ms
[2026-01-16T08:26:38.350+0000][gc,phases   ] GC(145)   Other: 1.9ms
[2026-01-16T08:26:38.351+0000][gc,heap     ] GC(145) Eden regions: 50->0(49)
[2026-01-16T08:26:38.351+0000][gc,heap     ] GC(145) Survivor regions: 1->2(7)
[2026-01-16T08:26:38.352+0000][gc,heap     ] GC(145) Old regions: 48->48
[2026-01-16T08:26:38.353+0000][gc,heap     ] GC(145) Humongous regions: 30->30
[2026-01-16T08:26:38.353+0000][gc,metaspace] GC(145) Metaspace: 11155K(11520K)->11155K(11520K) NonClass: 10117K(10304K)->10117K(10304K) Class: 1038K(1216K)->1038K(1216K)
[2026-01-16T08:26:38.354+0000][gc          ] GC(145) Pause Young (Normal) (G1 Evacuation Pause) 128M->79M(1024M) 112.967ms
[2026-01-16T08:26:38.355+0000][gc,cpu      ] GC(145) User=0.04s Sys=0.00s Real=0.12s
[2026-01-16T08:26:46.121+0000][gc,start    ] GC(146) Pause Young (Normal) (G1 Evacuation Pause)
[2026-01-16T08:26:46.122+0000][gc,task     ] GC(146) Using 8 workers of 8 for evacuation
[2026-01-16T08:26:46.257+0000][gc,phases   ] GC(146)   Pre Evacuate Collection Set: 18.8ms
[2026-01-16T08:26:46.258+0000][gc,phases   ] GC(146)   Merge Heap Roots: 3.0ms
[2026-01-16T08:26:46.259+0000][gc,phases   ] GC(146)   Evacuate Collection Set: 86.0ms
[2026-01-16T08:26:46.261+0000][gc,phases   ] GC(146)   Post Evacuate Collection Set: 24.4ms
[2026-01-16T08:26:46.261+0000][gc,phases   ] GC(146)   Other: 2.2ms
[2026-01-16T08:26:46.262+0000][gc,heap     ] GC(146) Eden regions: 49->0(50)
[2026-01-16T08:26:46.262+0000][gc,heap     ] GC(146) Survivor regions: 2->1(7)
[2026-01-16T08:26:46.262+0000][gc,heap     ] GC(146) Old regions: 48->48
[2026-01-16T08:26:46.262+0000][gc,heap     ] GC(146) Humongous regions: 30->30
[2026-01-16T08:26:46.262+0000][gc,metaspace] GC(146) Metaspace: 11159K(11520K)->11159K(11520K) NonClass: 10120K(10304K)->10120K(10304K) Class: 1038K(1216K)->1038K(1216K)
[2026-01-16T08:26:46.262+0000][gc          ] GC(146) Pause Young (Normal) (G1 Evacuation Pause) 128M->78M(1024M) 141.075ms
[2026-01-16T08:26:46.262+0000][gc,cpu      ] GC(146) User=0.08s Sys=0.00s Real=0.14s
[2026-01-16T08:26:48.187+0000][gc,start    ] GC(147) Pause Young (Normal) (G1 Evacuation Pause)
[2026-01-16T08:26:48.189+0000][gc,task     ] GC(147) Using 8 workers of 8 for evacuation
[2026-01-16T08:26:48.289+0000][gc,phases   ] GC(147)   Pre Evacuate Collection Set: 11.6ms
[2026-01-16T08:26:48.290+0000][gc,phases   ] GC(147)   Merge Heap Roots: 0.2ms
[2026-01-16T08:26:48.291+0000][gc,phases   ] GC(147)   Evacuate Collection Set: 75.7ms
[2026-01-16T08:26:48.291+0000][gc,phases   ] GC(147)   Post Evacuate Collection Set: 6.5ms
[2026-01-16T08:26:48.292+0000][gc,phases   ] GC(147)   Other: 5.9ms
[2026-01-16T08:26:48.292+0000][gc,heap     ] GC(147) Eden regions: 50->0(49)
[2026-01-16T08:26:48.292+0000][gc,heap     ] GC(147) Survivor regions: 1->2(7)
[2026-01-16T08:26:48.293+0000][gc,heap     ] GC(147) Old regions: 48->48
[2026-01-16T08:26:48.293+0000][gc,heap     ] GC(147) Humongous regions: 30->30
[2026-01-16T08:26:48.293+0000][gc,metaspace] GC(147) Metaspace: 11163K(11520K)->11163K(11520K) NonClass: 10124K(10304K)->10124K(10304K) Class: 1038K(1216K)->1038K(1216K)
[2026-01-16T08:26:48.295+0000][gc          ] GC(147) Pause Young (Normal) (G1 Evacuation Pause) 128M->78M(1024M) 107.579ms
[2026-01-16T08:26:48.300+0000][gc,cpu      ] GC(147) User=0.06s Sys=0.01s Real=0.11s
[2026-01-16T08:26:55.635+0000][gc,start    ] GC(148) Pause Young (Normal) (G1 Evacuation Pause)
[2026-01-16T08:26:55.637+0000][gc,task     ] GC(148) Using 8 workers of 8 for evacuation
[2026-01-16T08:26:56.649+0000][gc,mmu      ] GC(148) MMU target violated: 201.0ms (200.0ms/201.0ms)
[2026-01-16T08:26:56.649+0000][gc,phases   ] GC(148)   Pre Evacuate Collection Set: 36.7ms
[2026-01-16T08:26:56.649+0000][gc,phases   ] GC(148)   Merge Heap Roots: 787.5ms
[2026-01-16T08:26:56.650+0000][gc,phases   ] GC(148)   Evacuate Collection Set: 166.5ms
[2026-01-16T08:26:56.650+0000][gc,phases   ] GC(148)   Post Evacuate Collection Set: 20.2ms
[2026-01-16T08:26:56.650+0000][gc,phases   ] GC(148)   Other: 1.5ms
[2026-01-16T08:26:56.650+0000][gc,heap     ] GC(148) Eden regions: 49->0(50)
[2026-01-16T08:26:56.650+0000][gc,heap     ] GC(148) Survivor regions: 2->1(7)
[2026-01-16T08:26:56.650+0000][gc,heap     ] GC(148) Old regions: 48->48
[2026-01-16T08:26:56.650+0000][gc,heap     ] GC(148) Humongous regions: 30->30
[2026-01-16T08:26:56.651+0000][gc,metaspace] GC(148) Metaspace: 11171K(11520K)->11171K(11520K) NonClass: 10133K(10304K)->10133K(10304K) Class: 1038K(1216K)->1038K(1216K)
[2026-01-16T08:26:56.651+0000][gc          ] GC(148) Pause Young (Normal) (G1 Evacuation Pause) 127M->78M(1024M) 1015.671ms
[2026-01-16T08:26:56.656+0000][gc,cpu      ] GC(148) User=0.10s Sys=0.01s Real=1.01s
[2026-01-16T08:27:00.785+0000][gc,start    ] GC(149) Pause Young (Normal) (G1 Evacuation Pause)
[2026-01-16T08:27:00.802+0000][gc,task     ] GC(149) Using 8 workers of 8 for evacuation
[2026-01-16T08:27:01.186+0000][gc,mmu      ] GC(149) MMU target violated: 201.0ms (200.0ms/201.0ms)
[2026-01-16T08:27:01.187+0000][gc,phases   ] GC(149)   Pre Evacuate Collection Set: 46.5ms
[2026-01-16T08:27:01.188+0000][gc,phases   ] GC(149)   Merge Heap Roots: 9.6ms
[2026-01-16T08:27:01.189+0000][gc,phases   ] GC(149)   Evacuate Collection Set: 298.0ms
[2026-01-16T08:27:01.192+0000][gc,phases   ] GC(149)   Post Evacuate Collection Set: 22.8ms
[2026-01-16T08:27:01.195+0000][gc,phases   ] GC(149)   Other: 8.9ms
[2026-01-16T08:27:01.197+0000][gc,heap     ] GC(149) Eden regions: 50->0(49)
[2026-01-16T08:27:01.197+0000][gc,heap     ] GC(149) Survivor regions: 1->2(7)
[2026-01-16T08:27:01.197+0000][gc,heap     ] GC(149) Old regions: 48->48
[2026-01-16T08:27:01.199+0000][gc,heap     ] GC(149) Humongous regions: 30->30
[2026-01-16T08:27:01.199+0000][gc,metaspace] GC(149) Metaspace: 11177K(11520K)->11177K(11520K) NonClass: 10138K(10304K)->10138K(10304K) Class: 1038K(1216K)->1038K(1216K)
[2026-01-16T08:27:01.201+0000][gc          ] GC(149) Pause Young (Normal) (G1 Evacuation Pause) 128M->78M(1024M) 415.970ms
[2026-01-16T08:27:01.201+0000][gc,cpu      ] GC(149) User=0.12s Sys=0.02s Real=0.41s
[2026-01-16T08:27:05.350+0000][gc,start    ] GC(150) Pause Young (Normal) (G1 Evacuation Pause)
[2026-01-16T08:27:05.351+0000][gc,task     ] GC(150) Using 8 workers of 8 for evacuation
[2026-01-16T08:27:05.475+0000][gc,phases   ] GC(150)   Pre Evacuate Collection Set: 20.7ms
[2026-01-16T08:27:05.475+0000][gc,phases   ] GC(150)   Merge Heap Roots: 2.3ms
[2026-01-16T08:27:05.476+0000][gc,phases   ] GC(150)   Evacuate Collection Set: 94.1ms
[2026-01-16T08:27:05.476+0000][gc,phases   ] GC(150)   Post Evacuate Collection Set: 4.1ms
[2026-01-16T08:27:05.476+0000][gc,phases   ] GC(150)   Other: 2.7ms
[2026-01-16T08:27:05.477+0000][gc,heap     ] GC(150) Eden regions: 49->0(50)
[2026-01-16T08:27:05.478+0000][gc,heap     ] GC(150) Survivor regions: 2->1(7)
[2026-01-16T08:27:05.478+0000][gc,heap     ] GC(150) Old regions: 48->48
[2026-01-16T08:27:05.478+0000][gc,heap     ] GC(150) Humongous regions: 30->30
[2026-01-16T08:27:05.479+0000][gc,metaspace] GC(150) Metaspace: 11187K(11520K)->11187K(11520K) NonClass: 10148K(10304K)->10148K(10304K) Class: 1038K(1216K)->1038K(1216K)
[2026-01-16T08:27:05.480+0000][gc          ] GC(150) Pause Young (Normal) (G1 Evacuation Pause) 127M->78M(1024M) 129.848ms
[2026-01-16T08:27:05.480+0000][gc,cpu      ] GC(150) User=0.07s Sys=0.01s Real=0.14s
[2026-01-16T08:27:06.974+0000][gc,start    ] GC(151) Pause Young (Normal) (G1 Evacuation Pause)
[2026-01-16T08:27:06.975+0000][gc,task     ] GC(151) Using 8 workers of 8 for evacuation
[2026-01-16T08:27:07.003+0000][gc,phases   ] GC(151)   Pre Evacuate Collection Set: 3.7ms
[2026-01-16T08:27:07.003+0000][gc,phases   ] GC(151)   Merge Heap Roots: 0.2ms
[2026-01-16T08:27:07.003+0000][gc,phases   ] GC(151)   Evacuate Collection Set: 19.4ms
[2026-01-16T08:27:07.004+0000][gc,phases   ] GC(151)   Post Evacuate Collection Set: 3.7ms
[2026-01-16T08:27:07.004+0000][gc,phases   ] GC(151)   Other: 0.6ms
[2026-01-16T08:27:07.004+0000][gc,heap     ] GC(151) Eden regions: 50->0(50)
[2026-01-16T08:27:07.005+0000][gc,heap     ] GC(151) Survivor regions: 1->1(7)
[2026-01-16T08:27:07.008+0000][gc,heap     ] GC(151) Old regions: 48->48
[2026-01-16T08:27:07.008+0000][gc,heap     ] GC(151) Humongous regions: 30->30
[2026-01-16T08:27:07.008+0000][gc,metaspace] GC(151) Metaspace: 11187K(11520K)->11187K(11520K) NonClass: 10148K(10304K)->10148K(10304K) Class: 1038K(1216K)->1038K(1216K)
[2026-01-16T08:27:07.009+0000][gc          ] GC(151) Pause Young (Normal) (G1 Evacuation Pause) 128M->78M(1024M) 35.021ms
[2026-01-16T08:27:07.009+0000][gc,cpu      ] GC(151) User=0.03s Sys=0.00s Real=0.03s
[2026-01-16T08:27:08.566+0000][gc,start    ] GC(152) Pause Young (Normal) (G1 Evacuation Pause)
[2026-01-16T08:27:08.574+0000][gc,task     ] GC(152) Using 8 workers of 8 for evacuation
[2026-01-16T08:27:08.641+0000][gc,phases   ] GC(152)   Pre Evacuate Collection Set: 12.8ms
[2026-01-16T08:27:08.641+0000][gc,phases   ] GC(152)   Merge Heap Roots: 0.3ms
[2026-01-16T08:27:08.641+0000][gc,phases   ] GC(152)   Evacuate Collection Set: 38.8ms
[2026-01-16T08:27:08.641+0000][gc,phases   ] GC(152)   Post Evacuate Collection Set: 10.9ms
[2026-01-16T08:27:08.641+0000][gc,phases   ] GC(152)   Other: 5.0ms
[2026-01-16T08:27:08.642+0000][gc,heap     ] GC(152) Eden regions: 50->0(49)
[2026-01-16T08:27:08.642+0000][gc,heap     ] GC(152) Survivor regions: 1->2(7)
[2026-01-16T08:27:08.642+0000][gc,heap     ] GC(152) Old regions: 48->48
[2026-01-16T08:27:08.642+0000][gc,heap     ] GC(152) Humongous regions: 30->30
[2026-01-16T08:27:08.642+0000][gc,metaspace] GC(152) Metaspace: 11187K(11520K)->11187K(11520K) NonClass: 10148K(10304K)->10148K(10304K) Class: 1038K(1216K)->1038K(1216K)
[2026-01-16T08:27:08.642+0000][gc          ] GC(152) Pause Young (Normal) (G1 Evacuation Pause) 128M->79M(1024M) 76.011ms
[2026-01-16T08:27:08.642+0000][gc,cpu      ] GC(152) User=0.05s Sys=0.00s Real=0.07s
[2026-01-16T08:27:16.762+0000][gc,start    ] GC(153) Pause Young (Normal) (G1 Evacuation Pause)
[2026-01-16T08:27:16.766+0000][gc,task     ] GC(153) Using 8 workers of 8 for evacuation
[2026-01-16T08:27:16.847+0000][gc,phases   ] GC(153)   Pre Evacuate Collection Set: 14.7ms
[2026-01-16T08:27:16.848+0000][gc,phases   ] GC(153)   Merge Heap Roots: 0.3ms
[2026-01-16T08:27:16.848+0000][gc,phases   ] GC(153)   Evacuate Collection Set: 53.7ms
[2026-01-16T08:27:16.849+0000][gc,phases   ] GC(153)   Post Evacuate Collection Set: 8.5ms
[2026-01-16T08:27:16.849+0000][gc,phases   ] GC(153)   Other: 4.4ms
[2026-01-16T08:27:16.850+0000][gc,heap     ] GC(153) Eden regions: 49->0(50)
[2026-01-16T08:27:16.850+0000][gc,heap     ] GC(153) Survivor regions: 2->1(7)
[2026-01-16T08:27:16.851+0000][gc,heap     ] GC(153) Old regions: 48->49
[2026-01-16T08:27:16.851+0000][gc,heap     ] GC(153) Humongous regions: 30->30
[2026-01-16T08:27:16.852+0000][gc,metaspace] GC(153) Metaspace: 11190K(11520K)->11190K(11520K) NonClass: 10151K(10304K)->10151K(10304K) Class: 1038K(1216K)->1038K(1216K)
[2026-01-16T08:27:16.853+0000][gc          ] GC(153) Pause Young (Normal) (G1 Evacuation Pause) 128M->78M(1024M) 90.430ms
[2026-01-16T08:27:16.855+0000][gc,cpu      ] GC(153) User=0.06s Sys=0.01s Real=0.09s
[2026-01-16T08:27:26.678+0000][gc,start    ] GC(154) Pause Young (Normal) (G1 Evacuation Pause)
[2026-01-16T08:27:26.684+0000][gc,task     ] GC(154) Using 8 workers of 8 for evacuation
[2026-01-16T08:27:26.855+0000][gc,phases   ] GC(154)   Pre Evacuate Collection Set: 26.6ms
[2026-01-16T08:27:26.856+0000][gc,phases   ] GC(154)   Merge Heap Roots: 2.3ms
[2026-01-16T08:27:26.857+0000][gc,phases   ] GC(154)   Evacuate Collection Set: 120.7ms
[2026-01-16T08:27:26.857+0000][gc,phases   ] GC(154)   Post Evacuate Collection Set: 13.6ms
[2026-01-16T08:27:26.857+0000][gc,phases   ] GC(154)   Other: 7.2ms
[2026-01-16T08:27:26.859+0000][gc,heap     ] GC(154) Eden regions: 81->0(50)
[2026-01-16T08:27:26.859+0000][gc,heap     ] GC(154) Survivor regions: 1->1(11)
[2026-01-16T08:27:26.859+0000][gc,heap     ] GC(154) Old regions: 49->49
[2026-01-16T08:27:26.859+0000][gc,heap     ] GC(154) Humongous regions: 30->30
[2026-01-16T08:27:26.859+0000][gc,metaspace] GC(154) Metaspace: 11190K(11520K)->11190K(11520K) NonClass: 10151K(10304K)->10151K(10304K) Class: 1038K(1216K)->1038K(1216K)
[2026-01-16T08:27:26.868+0000][gc          ] GC(154) Pause Young (Normal) (G1 Evacuation Pause) 159M->78M(1024M) 189.297ms
[2026-01-16T08:27:26.869+0000][gc,cpu      ] GC(154) User=0.11s Sys=0.00s Real=0.19s
[2026-01-16T08:27:28.806+0000][gc,start    ] GC(155) Pause Young (Normal) (G1 Evacuation Pause)
[2026-01-16T08:27:28.807+0000][gc,task     ] GC(155) Using 8 workers of 8 for evacuation
[2026-01-16T08:27:28.882+0000][gc,phases   ] GC(155)   Pre Evacuate Collection Set: 9.1ms
[2026-01-16T08:27:28.886+0000][gc,phases   ] GC(155)   Merge Heap Roots: 4.2ms
[2026-01-16T08:27:28.886+0000][gc,phases   ] GC(155)   Evacuate Collection Set: 55.3ms
[2026-01-16T08:27:28.886+0000][gc,phases   ] GC(155)   Post Evacuate Collection Set: 6.0ms
[2026-01-16T08:27:28.886+0000][gc,phases   ] GC(155)   Other: 0.4ms
[2026-01-16T08:27:28.887+0000][gc,heap     ] GC(155) Eden regions: 50->0(49)
[2026-01-16T08:27:28.887+0000][gc,heap     ] GC(155) Survivor regions: 1->2(7)
[2026-01-16T08:27:28.887+0000][gc,heap     ] GC(155) Old regions: 49->49
[2026-01-16T08:27:28.887+0000][gc,heap     ] GC(155) Humongous regions: 30->30
[2026-01-16T08:27:28.889+0000][gc,metaspace] GC(155) Metaspace: 11200K(11520K)->11200K(11520K) NonClass: 10160K(10304K)->10160K(10304K) Class: 1039K(1216K)->1039K(1216K)
[2026-01-16T08:27:28.894+0000][gc          ] GC(155) Pause Young (Normal) (G1 Evacuation Pause) 128M->79M(1024M) 88.221ms
[2026-01-16T08:27:28.894+0000][gc,cpu      ] GC(155) User=0.06s Sys=0.01s Real=0.09s
[2026-01-16T08:27:35.271+0000][gc,start    ] GC(156) Pause Young (Normal) (G1 Evacuation Pause)
[2026-01-16T08:27:35.274+0000][gc,task     ] GC(156) Using 8 workers of 8 for evacuation
[2026-01-16T08:27:35.414+0000][gc,phases   ] GC(156)   Pre Evacuate Collection Set: 23.1ms
[2026-01-16T08:27:35.415+0000][gc,phases   ] GC(156)   Merge Heap Roots: 5.8ms
[2026-01-16T08:27:35.419+0000][gc,phases   ] GC(156)   Evacuate Collection Set: 100.1ms
[2026-01-16T08:27:35.420+0000][gc,phases   ] GC(156)   Post Evacuate Collection Set: 9.4ms
[2026-01-16T08:27:35.421+0000][gc,phases   ] GC(156)   Other: 1.9ms
[2026-01-16T08:27:35.421+0000][gc,heap     ] GC(156) Eden regions: 49->0(56)
[2026-01-16T08:27:35.422+0000][gc,heap     ] GC(156) Survivor regions: 2->1(7)
[2026-01-16T08:27:35.423+0000][gc,heap     ] GC(156) Old regions: 49->49
[2026-01-16T08:27:35.423+0000][gc,heap     ] GC(156) Humongous regions: 30->30
[2026-01-16T08:27:35.424+0000][gc,metaspace] GC(156) Metaspace: 11201K(11520K)->11201K(11520K) NonClass: 10162K(10304K)->10162K(10304K) Class: 1039K(1216K)->1039K(1216K)
[2026-01-16T08:27:35.426+0000][gc          ] GC(156) Pause Young (Normal) (G1 Evacuation Pause) 128M->78M(1024M) 154.865ms
[2026-01-16T08:27:35.427+0000][gc,cpu      ] GC(156) User=0.05s Sys=0.01s Real=0.15s
[2026-01-16T08:27:37.083+0000][gc,start    ] GC(157) Pause Young (Normal) (G1 Evacuation Pause)
[2026-01-16T08:27:37.085+0000][gc,task     ] GC(157) Using 8 workers of 8 for evacuation
[2026-01-16T08:27:37.198+0000][gc,phases   ] GC(157)   Pre Evacuate Collection Set: 14.3ms
[2026-01-16T08:27:37.200+0000][gc,phases   ] GC(157)   Merge Heap Roots: 3.9ms
[2026-01-16T08:27:37.204+0000][gc,phases   ] GC(157)   Evacuate Collection Set: 90.9ms
[2026-01-16T08:27:37.206+0000][gc,phases   ] GC(157)   Post Evacuate Collection Set: 3.4ms
[2026-01-16T08:27:37.206+0000][gc,phases   ] GC(157)   Other: 0.4ms
[2026-01-16T08:27:37.208+0000][gc,heap     ] GC(157) Eden regions: 79->0(49)
[2026-01-16T08:27:37.209+0000][gc,heap     ] GC(157) Survivor regions: 1->2(10)
[2026-01-16T08:27:37.210+0000][gc,heap     ] GC(157) Old regions: 49->49
[2026-01-16T08:27:37.210+0000][gc,heap     ] GC(157) Humongous regions: 30->30
[2026-01-16T08:27:37.211+0000][gc,metaspace] GC(157) Metaspace: 11201K(11520K)->11201K(11520K) NonClass: 10162K(10304K)->10162K(10304K) Class: 1039K(1216K)->1039K(1216K)
[2026-01-16T08:27:37.212+0000][gc          ] GC(157) Pause Young (Normal) (G1 Evacuation Pause) 157M->79M(1024M) 128.826ms
[2026-01-16T08:27:37.213+0000][gc,cpu      ] GC(157) User=0.05s Sys=0.01s Real=0.13s
[2026-01-16T08:27:46.880+0000][gc,start    ] GC(158) Pause Young (Normal) (G1 Evacuation Pause)
[2026-01-16T08:27:46.883+0000][gc,task     ] GC(158) Using 8 workers of 8 for evacuation
[2026-01-16T08:27:46.966+0000][gc,phases   ] GC(158)   Pre Evacuate Collection Set: 29.4ms
[2026-01-16T08:27:46.966+0000][gc,phases   ] GC(158)   Merge Heap Roots: 0.8ms
[2026-01-16T08:27:46.967+0000][gc,phases   ] GC(158)   Evacuate Collection Set: 49.5ms
[2026-01-16T08:27:46.967+0000][gc,phases   ] GC(158)   Post Evacuate Collection Set: 2.5ms
[2026-01-16T08:27:46.968+0000][gc,phases   ] GC(158)   Other: 1.0ms
[2026-01-16T08:27:46.970+0000][gc,heap     ] GC(158) Eden regions: 79->0(63)
[2026-01-16T08:27:46.971+0000][gc,heap     ] GC(158) Survivor regions: 2->1(11)
[2026-01-16T08:27:46.974+0000][gc,heap     ] GC(158) Old regions: 49->49
[2026-01-16T08:27:46.974+0000][gc,heap     ] GC(158) Humongous regions: 30->30
[2026-01-16T08:27:46.975+0000][gc,metaspace] GC(158) Metaspace: 11202K(11520K)->11202K(11520K) NonClass: 10162K(10304K)->10162K(10304K) Class: 1039K(1216K)->1039K(1216K)
[2026-01-16T08:27:46.975+0000][gc          ] GC(158) Pause Young (Normal) (G1 Evacuation Pause) 158M->79M(1024M) 95.155ms
[2026-01-16T08:27:46.977+0000][gc,cpu      ] GC(158) User=0.08s Sys=0.01s Real=0.09s
[2026-01-16T08:28:00.997+0000][gc,start    ] GC(159) Pause Young (Normal) (G1 Evacuation Pause)
[2026-01-16T08:28:01.000+0000][gc,task     ] GC(159) Using 8 workers of 8 for evacuation
[2026-01-16T08:28:01.404+0000][gc,mmu      ] GC(159) MMU target violated: 201.0ms (200.0ms/201.0ms)
[2026-01-16T08:28:01.405+0000][gc,phases   ] GC(159)   Pre Evacuate Collection Set: 42.4ms
[2026-01-16T08:28:01.406+0000][gc,phases   ] GC(159)   Merge Heap Roots: 12.0ms
[2026-01-16T08:28:01.406+0000][gc,phases   ] GC(159)   Evacuate Collection Set: 259.6ms
[2026-01-16T08:28:01.409+0000][gc,phases   ] GC(159)   Post Evacuate Collection Set: 80.9ms
[2026-01-16T08:28:01.409+0000][gc,phases   ] GC(159)   Other: 12.0ms
[2026-01-16T08:28:01.409+0000][gc,heap     ] GC(159) Eden regions: 85->0(50)
[2026-01-16T08:28:01.409+0000][gc,heap     ] GC(159) Survivor regions: 1->1(11)
[2026-01-16T08:28:01.409+0000][gc,heap     ] GC(159) Old regions: 49->49
[2026-01-16T08:28:01.418+0000][gc,heap     ] GC(159) Humongous regions: 30->30
[2026-01-16T08:28:01.418+0000][gc,metaspace] GC(159) Metaspace: 11205K(11520K)->11205K(11520K) NonClass: 10166K(10304K)->10166K(10304K) Class: 1039K(1216K)->1039K(1216K)
[2026-01-16T08:28:01.419+0000][gc          ] GC(159) Pause Young (Normal) (G1 Evacuation Pause) 164M->78M(1024M) 421.927ms
[2026-01-16T08:28:01.420+0000][gc,cpu      ] GC(159) User=0.18s Sys=0.01s Real=0.43s
[2026-01-16T08:28:06.219+0000][gc,start    ] GC(160) Pause Young (Normal) (G1 Evacuation Pause)
[2026-01-16T08:28:06.220+0000][gc,task     ] GC(160) Using 8 workers of 8 for evacuation
[2026-01-16T08:28:06.383+0000][gc,phases   ] GC(160)   Pre Evacuate Collection Set: 10.8ms
[2026-01-16T08:28:06.384+0000][gc,phases   ] GC(160)   Merge Heap Roots: 3.1ms
[2026-01-16T08:28:06.384+0000][gc,phases   ] GC(160)   Evacuate Collection Set: 117.4ms
[2026-01-16T08:28:06.384+0000][gc,phases   ] GC(160)   Post Evacuate Collection Set: 31.7ms
[2026-01-16T08:28:06.384+0000][gc,phases   ] GC(160)   Other: 0.3ms
[2026-01-16T08:28:06.384+0000][gc,heap     ] GC(160) Eden regions: 50->0(49)
[2026-01-16T08:28:06.384+0000][gc,heap     ] GC(160) Survivor regions: 1->2(7)
[2026-01-16T08:28:06.384+0000][gc,heap     ] GC(160) Old regions: 49->49
[2026-01-16T08:28:06.384+0000][gc,heap     ] GC(160) Humongous regions: 30->30
[2026-01-16T08:28:06.384+0000][gc,metaspace] GC(160) Metaspace: 11207K(11520K)->11207K(11520K) NonClass: 10168K(10304K)->10168K(10304K) Class: 1039K(1216K)->1039K(1216K)
[2026-01-16T08:28:06.385+0000][gc          ] GC(160) Pause Young (Normal) (G1 Evacuation Pause) 128M->79M(1024M) 165.242ms
[2026-01-16T08:28:06.387+0000][gc,cpu      ] GC(160) User=0.12s Sys=0.01s Real=0.17s
[2026-01-16T08:28:08.375+0000][gc,start    ] GC(161) Pause Young (Normal) (G1 Evacuation Pause)
[2026-01-16T08:28:08.378+0000][gc,task     ] GC(161) Using 8 workers of 8 for evacuation
[2026-01-16T08:28:08.563+0000][gc,phases   ] GC(161)   Pre Evacuate Collection Set: 16.5ms
[2026-01-16T08:28:08.564+0000][gc,phases   ] GC(161)   Merge Heap Roots: 1.8ms
[2026-01-16T08:28:08.565+0000][gc,phases   ] GC(161)   Evacuate Collection Set: 151.9ms
[2026-01-16T08:28:08.565+0000][gc,phases   ] GC(161)   Post Evacuate Collection Set: 10.9ms
[2026-01-16T08:28:08.565+0000][gc,phases   ] GC(161)   Other: 4.9ms
[2026-01-16T08:28:08.566+0000][gc,heap     ] GC(161) Eden regions: 49->0(50)
[2026-01-16T08:28:08.566+0000][gc,heap     ] GC(161) Survivor regions: 2->1(7)
[2026-01-16T08:28:08.566+0000][gc,heap     ] GC(161) Old regions: 49->49
[2026-01-16T08:28:08.567+0000][gc,heap     ] GC(161) Humongous regions: 30->30
[2026-01-16T08:28:08.568+0000][gc,metaspace] GC(161) Metaspace: 11207K(11520K)->11207K(11520K) NonClass: 10168K(10304K)->10168K(10304K) Class: 1039K(1216K)->1039K(1216K)
[2026-01-16T08:28:08.569+0000][gc          ] GC(161) Pause Young (Normal) (G1 Evacuation Pause) 128M->78M(1024M) 193.469ms
[2026-01-16T08:28:08.574+0000][gc,cpu      ] GC(161) User=0.08s Sys=0.00s Real=0.20s
[2026-01-16T08:28:12.569+0000][gc,start    ] GC(162) Pause Young (Normal) (G1 Evacuation Pause)
[2026-01-16T08:28:12.574+0000][gc,task     ] GC(162) Using 8 workers of 8 for evacuation
[2026-01-16T08:28:12.758+0000][gc,phases   ] GC(162)   Pre Evacuate Collection Set: 42.4ms
[2026-01-16T08:28:12.759+0000][gc,phases   ] GC(162)   Merge Heap Roots: 2.8ms
[2026-01-16T08:28:12.759+0000][gc,phases   ] GC(162)   Evacuate Collection Set: 122.7ms
[2026-01-16T08:28:12.759+0000][gc,phases   ] GC(162)   Post Evacuate Collection Set: 8.5ms
[2026-01-16T08:28:12.759+0000][gc,phases   ] GC(162)   Other: 7.9ms
[2026-01-16T08:28:12.760+0000][gc,heap     ] GC(162) Eden regions: 50->0(49)
[2026-01-16T08:28:12.760+0000][gc,heap     ] GC(162) Survivor regions: 1->2(7)
[2026-01-16T08:28:12.760+0000][gc,heap     ] GC(162) Old regions: 49->49
[2026-01-16T08:28:12.760+0000][gc,heap     ] GC(162) Humongous regions: 30->30
[2026-01-16T08:28:12.761+0000][gc,metaspace] GC(162) Metaspace: 11207K(11520K)->11207K(11520K) NonClass: 10168K(10304K)->10168K(10304K) Class: 1039K(1216K)->1039K(1216K)
[2026-01-16T08:28:12.761+0000][gc          ] GC(162) Pause Young (Normal) (G1 Evacuation Pause) 128M->79M(1024M) 192.064ms
[2026-01-16T08:28:12.764+0000][gc,cpu      ] GC(162) User=0.12s Sys=0.01s Real=0.21s
[2026-01-16T08:28:15.933+0000][gc,start    ] GC(163) Pause Young (Normal) (G1 Evacuation Pause)
[2026-01-16T08:28:15.941+0000][gc,task     ] GC(163) Using 8 workers of 8 for evacuation
[2026-01-16T08:28:16.040+0000][gc,phases   ] GC(163)   Pre Evacuate Collection Set: 18.4ms
[2026-01-16T08:28:16.044+0000][gc,phases   ] GC(163)   Merge Heap Roots: 5.2ms
[2026-01-16T08:28:16.052+0000][gc,phases   ] GC(163)   Evacuate Collection Set: 48.1ms
[2026-01-16T08:28:16.052+0000][gc,phases   ] GC(163)   Post Evacuate Collection Set: 24.1ms
[2026-01-16T08:28:16.054+0000][gc,phases   ] GC(163)   Other: 3.7ms
[2026-01-16T08:28:16.055+0000][gc,heap     ] GC(163) Eden regions: 49->0(50)
[2026-01-16T08:28:16.057+0000][gc,heap     ] GC(163) Survivor regions: 2->1(7)
[2026-01-16T08:28:16.057+0000][gc,heap     ] GC(163) Old regions: 49->49
[2026-01-16T08:28:16.057+0000][gc,heap     ] GC(163) Humongous regions: 30->30
[2026-01-16T08:28:16.057+0000][gc,metaspace] GC(163) Metaspace: 11207K(11520K)->11207K(11520K) NonClass: 10168K(10304K)->10168K(10304K) Class: 1039K(1216K)->1039K(1216K)
[2026-01-16T08:28:16.057+0000][gc          ] GC(163) Pause Young (Normal) (G1 Evacuation Pause) 128M->78M(1024M) 124.339ms
[2026-01-16T08:28:16.057+0000][gc,cpu      ] GC(163) User=0.07s Sys=0.01s Real=0.13s
[2026-01-16T08:28:17.801+0000][gc,start    ] GC(164) Pause Young (Normal) (G1 Evacuation Pause)
[2026-01-16T08:28:17.826+0000][gc,task     ] GC(164) Using 8 workers of 8 for evacuation
[2026-01-16T08:28:18.111+0000][gc,mmu      ] GC(164) MMU target violated: 201.0ms (200.0ms/201.0ms)
[2026-01-16T08:28:18.112+0000][gc,phases   ] GC(164)   Pre Evacuate Collection Set: 165.0ms
[2026-01-16T08:28:18.113+0000][gc,phases   ] GC(164)   Merge Heap Roots: 10.4ms
[2026-01-16T08:28:18.113+0000][gc,phases   ] GC(164)   Evacuate Collection Set: 95.5ms
[2026-01-16T08:28:18.113+0000][gc,phases   ] GC(164)   Post Evacuate Collection Set: 8.7ms
[2026-01-16T08:28:18.113+0000][gc,phases   ] GC(164)   Other: 6.9ms
[2026-01-16T08:28:18.113+0000][gc,heap     ] GC(164) Eden regions: 50->0(49)
[2026-01-16T08:28:18.113+0000][gc,heap     ] GC(164) Survivor regions: 1->2(7)
[2026-01-16T08:28:18.114+0000][gc,heap     ] GC(164) Old regions: 49->49
[2026-01-16T08:28:18.114+0000][gc,heap     ] GC(164) Humongous regions: 30->30
[2026-01-16T08:28:18.114+0000][gc,metaspace] GC(164) Metaspace: 11216K(11520K)->11216K(11520K) NonClass: 10177K(10304K)->10177K(10304K) Class: 1039K(1216K)->1039K(1216K)
[2026-01-16T08:28:18.114+0000][gc          ] GC(164) Pause Young (Normal) (G1 Evacuation Pause) 128M->79M(1024M) 313.604ms
[2026-01-16T08:28:18.115+0000][gc,cpu      ] GC(164) User=0.10s Sys=0.01s Real=0.31s
[2026-01-16T08:28:26.314+0000][gc,start    ] GC(165) Pause Young (Normal) (G1 Evacuation Pause)
[2026-01-16T08:28:26.329+0000][gc,task     ] GC(165) Using 8 workers of 8 for evacuation
[2026-01-16T08:28:26.620+0000][gc,mmu      ] GC(165) MMU target violated: 201.0ms (200.0ms/201.0ms)
[2026-01-16T08:28:26.620+0000][gc,phases   ] GC(165)   Pre Evacuate Collection Set: 55.0ms
[2026-01-16T08:28:26.621+0000][gc,phases   ] GC(165)   Merge Heap Roots: 7.8ms
[2026-01-16T08:28:26.621+0000][gc,phases   ] GC(165)   Evacuate Collection Set: 195.5ms
[2026-01-16T08:28:26.622+0000][gc,phases   ] GC(165)   Post Evacuate Collection Set: 23.9ms
[2026-01-16T08:28:26.623+0000][gc,phases   ] GC(165)   Other: 18.2ms
[2026-01-16T08:28:26.623+0000][gc,heap     ] GC(165) Eden regions: 49->0(50)
[2026-01-16T08:28:26.623+0000][gc,heap     ] GC(165) Survivor regions: 2->1(7)
[2026-01-16T08:28:26.623+0000][gc,heap     ] GC(165) Old regions: 49->49
[2026-01-16T08:28:26.623+0000][gc,heap     ] GC(165) Humongous regions: 30->30
[2026-01-16T08:28:26.623+0000][gc,metaspace] GC(165) Metaspace: 11217K(11520K)->11217K(11520K) NonClass: 10178K(10304K)->10178K(10304K) Class: 1039K(1216K)->1039K(1216K)
[2026-01-16T08:28:26.631+0000][gc          ] GC(165) Pause Young (Normal) (G1 Evacuation Pause) 128M->78M(1024M) 316.732ms
[2026-01-16T08:28:26.631+0000][gc,cpu      ] GC(165) User=0.13s Sys=0.01s Real=0.32s
[2026-01-16T08:28:32.385+0000][gc,start    ] GC(166) Pause Young (Normal) (G1 Evacuation Pause)
[2026-01-16T08:28:32.419+0000][gc,task     ] GC(166) Using 8 workers of 8 for evacuation
[2026-01-16T08:28:32.856+0000][gc,mmu      ] GC(166) MMU target violated: 201.0ms (200.0ms/201.0ms)
[2026-01-16T08:28:32.875+0000][gc,phases   ] GC(166)   Pre Evacuate Collection Set: 72.3ms
[2026-01-16T08:28:32.883+0000][gc,phases   ] GC(166)   Merge Heap Roots: 11.2ms
[2026-01-16T08:28:32.883+0000][gc,phases   ] GC(166)   Evacuate Collection Set: 315.1ms
[2026-01-16T08:28:32.883+0000][gc,phases   ] GC(166)   Post Evacuate Collection Set: 29.5ms
[2026-01-16T08:28:32.883+0000][gc,phases   ] GC(166)   Other: 47.4ms
[2026-01-16T08:28:32.883+0000][gc,heap     ] GC(166) Eden regions: 50->0(50)
[2026-01-16T08:28:32.883+0000][gc,heap     ] GC(166) Survivor regions: 1->1(7)
[2026-01-16T08:28:32.883+0000][gc,heap     ] GC(166) Old regions: 49->49
[2026-01-16T08:28:32.883+0000][gc,heap     ] GC(166) Humongous regions: 30->30
[2026-01-16T08:28:32.883+0000][gc,metaspace] GC(166) Metaspace: 11221K(11584K)->11221K(11584K) NonClass: 10182K(10368K)->10182K(10368K) Class: 1039K(1216K)->1039K(1216K)
[2026-01-16T08:28:32.885+0000][gc          ] GC(166) Pause Young (Normal) (G1 Evacuation Pause) 128M->79M(1024M) 499.696ms
[2026-01-16T08:28:32.891+0000][gc,cpu      ] GC(166) User=0.23s Sys=0.02s Real=0.55s
[2026-01-16T08:28:35.372+0000][gc,start    ] GC(167) Pause Young (Normal) (G1 Evacuation Pause)
[2026-01-16T08:28:35.384+0000][gc,task     ] GC(167) Using 8 workers of 8 for evacuation
[2026-01-16T08:28:35.580+0000][gc,phases   ] GC(167)   Pre Evacuate Collection Set: 40.3ms
[2026-01-16T08:28:35.581+0000][gc,phases   ] GC(167)   Merge Heap Roots: 0.6ms
[2026-01-16T08:28:35.581+0000][gc,phases   ] GC(167)   Evacuate Collection Set: 110.9ms
[2026-01-16T08:28:35.583+0000][gc,phases   ] GC(167)   Post Evacuate Collection Set: 28.7ms
[2026-01-16T08:28:35.586+0000][gc,phases   ] GC(167)   Other: 16.3ms
[2026-01-16T08:28:35.589+0000][gc,heap     ] GC(167) Eden regions: 50->0(50)
[2026-01-16T08:28:35.591+0000][gc,heap     ] GC(167) Survivor regions: 1->1(7)
[2026-01-16T08:28:35.593+0000][gc,heap     ] GC(167) Old regions: 49->49
[2026-01-16T08:28:35.594+0000][gc,heap     ] GC(167) Humongous regions: 30->30
[2026-01-16T08:28:35.594+0000][gc,metaspace] GC(167) Metaspace: 11221K(11584K)->11221K(11584K) NonClass: 10182K(10368K)->10182K(10368K) Class: 1039K(1216K)->1039K(1216K)
[2026-01-16T08:28:35.594+0000][gc          ] GC(167) Pause Young (Normal) (G1 Evacuation Pause) 129M->78M(1024M) 222.614ms
[2026-01-16T08:28:35.595+0000][gc,cpu      ] GC(167) User=0.13s Sys=0.01s Real=0.22s
[2026-01-16T08:28:37.342+0000][gc,start    ] GC(168) Pause Young (Normal) (G1 Evacuation Pause)
[2026-01-16T08:28:37.347+0000][gc,task     ] GC(168) Using 8 workers of 8 for evacuation
[2026-01-16T08:28:37.401+0000][gc,phases   ] GC(168)   Pre Evacuate Collection Set: 14.7ms
[2026-01-16T08:28:37.404+0000][gc,phases   ] GC(168)   Merge Heap Roots: 0.5ms
[2026-01-16T08:28:37.407+0000][gc,phases   ] GC(168)   Evacuate Collection Set: 36.8ms
[2026-01-16T08:28:37.412+0000][gc,phases   ] GC(168)   Post Evacuate Collection Set: 0.9ms
[2026-01-16T08:28:37.414+0000][gc,phases   ] GC(168)   Other: 0.7ms
[2026-01-16T08:28:37.414+0000][gc,heap     ] GC(168) Eden regions: 50->0(50)
[2026-01-16T08:28:37.414+0000][gc,heap     ] GC(168) Survivor regions: 1->1(7)
[2026-01-16T08:28:37.414+0000][gc,heap     ] GC(168) Old regions: 49->49
[2026-01-16T08:28:37.416+0000][gc,heap     ] GC(168) Humongous regions: 30->30
[2026-01-16T08:28:37.416+0000][gc,metaspace] GC(168) Metaspace: 11230K(11584K)->11230K(11584K) NonClass: 10191K(10368K)->10191K(10368K) Class: 1039K(1216K)->1039K(1216K)
[2026-01-16T08:28:37.416+0000][gc          ] GC(168) Pause Young (Normal) (G1 Evacuation Pause) 128M->79M(1024M) 74.884ms
[2026-01-16T08:28:37.417+0000][gc,cpu      ] GC(168) User=0.04s Sys=0.01s Real=0.07s
[2026-01-16T08:28:38.768+0000][gc,start    ] GC(169) Pause Young (Normal) (G1 Evacuation Pause)
[2026-01-16T08:28:38.770+0000][gc,task     ] GC(169) Using 8 workers of 8 for evacuation
[2026-01-16T08:28:38.896+0000][gc,phases   ] GC(169)   Pre Evacuate Collection Set: 3.1ms
[2026-01-16T08:28:38.898+0000][gc,phases   ] GC(169)   Merge Heap Roots: 0.2ms
[2026-01-16T08:28:38.901+0000][gc,phases   ] GC(169)   Evacuate Collection Set: 119.0ms
[2026-01-16T08:28:38.908+0000][gc,phases   ] GC(169)   Post Evacuate Collection Set: 1.5ms
[2026-01-16T08:28:38.911+0000][gc,phases   ] GC(169)   Other: 2.3ms
[2026-01-16T08:28:38.911+0000][gc,heap     ] GC(169) Eden regions: 50->0(49)
[2026-01-16T08:28:38.911+0000][gc,heap     ] GC(169) Survivor regions: 1->2(7)
[2026-01-16T08:28:38.913+0000][gc,heap     ] GC(169) Old regions: 49->49
[2026-01-16T08:28:38.918+0000][gc,heap     ] GC(169) Humongous regions: 30->30
[2026-01-16T08:28:38.918+0000][gc,metaspace] GC(169) Metaspace: 11230K(11584K)->11230K(11584K) NonClass: 10191K(10368K)->10191K(10368K) Class: 1039K(1216K)->1039K(1216K)
[2026-01-16T08:28:38.919+0000][gc          ] GC(169) Pause Young (Normal) (G1 Evacuation Pause) 129M->79M(1024M) 151.062ms
[2026-01-16T08:28:38.919+0000][gc,cpu      ] GC(169) User=0.06s Sys=0.01s Real=0.16s
[2026-01-16T08:28:47.321+0000][gc,start    ] GC(170) Pause Young (Normal) (G1 Evacuation Pause)
[2026-01-16T08:28:47.324+0000][gc,task     ] GC(170) Using 8 workers of 8 for evacuation
[2026-01-16T08:28:47.527+0000][gc,mmu      ] GC(170) MMU target violated: 200.3ms (200.0ms/201.0ms)
[2026-01-16T08:28:47.528+0000][gc,phases   ] GC(170)   Pre Evacuate Collection Set: 14.9ms
[2026-01-16T08:28:47.530+0000][gc,phases   ] GC(170)   Merge Heap Roots: 1.1ms
[2026-01-16T08:28:47.530+0000][gc,phases   ] GC(170)   Evacuate Collection Set: 142.2ms
[2026-01-16T08:28:47.530+0000][gc,phases   ] GC(170)   Post Evacuate Collection Set: 42.1ms
[2026-01-16T08:28:47.532+0000][gc,phases   ] GC(170)   Other: 4.8ms
[2026-01-16T08:28:47.534+0000][gc,heap     ] GC(170) Eden regions: 49->0(50)
[2026-01-16T08:28:47.536+0000][gc,heap     ] GC(170) Survivor regions: 2->1(7)
[2026-01-16T08:28:47.537+0000][gc,heap     ] GC(170) Old regions: 49->49
[2026-01-16T08:28:47.539+0000][gc,heap     ] GC(170) Humongous regions: 30->30
[2026-01-16T08:28:47.544+0000][gc,metaspace] GC(170) Metaspace: 11237K(11584K)->11237K(11584K) NonClass: 10197K(10368K)->10197K(10368K) Class: 1039K(1216K)->1039K(1216K)
[2026-01-16T08:28:47.544+0000][gc          ] GC(170) Pause Young (Normal) (G1 Evacuation Pause) 128M->78M(1024M) 222.859ms
[2026-01-16T08:28:47.544+0000][gc,cpu      ] GC(170) User=0.08s Sys=0.01s Real=0.22s
[2026-01-16T08:28:50.473+0000][gc,start    ] GC(171) Pause Young (Normal) (G1 Evacuation Pause)
[2026-01-16T08:28:50.476+0000][gc,task     ] GC(171) Using 8 workers of 8 for evacuation
[2026-01-16T08:28:51.081+0000][gc,mmu      ] GC(171) MMU target violated: 201.0ms (200.0ms/201.0ms)
[2026-01-16T08:28:51.081+0000][gc,phases   ] GC(171)   Pre Evacuate Collection Set: 25.6ms
[2026-01-16T08:28:51.081+0000][gc,phases   ] GC(171)   Merge Heap Roots: 4.4ms
[2026-01-16T08:28:51.081+0000][gc,phases   ] GC(171)   Evacuate Collection Set: 553.2ms
[2026-01-16T08:28:51.082+0000][gc,phases   ] GC(171)   Post Evacuate Collection Set: 15.9ms
[2026-01-16T08:28:51.082+0000][gc,phases   ] GC(171)   Other: 6.7ms
[2026-01-16T08:28:51.082+0000][gc,heap     ] GC(171) Eden regions: 50->0(49)
[2026-01-16T08:28:51.082+0000][gc,heap     ] GC(171) Survivor regions: 1->2(7)
[2026-01-16T08:28:51.082+0000][gc,heap     ] GC(171) Old regions: 49->49
[2026-01-16T08:28:51.082+0000][gc,heap     ] GC(171) Humongous regions: 30->30
[2026-01-16T08:28:51.082+0000][gc,metaspace] GC(171) Metaspace: 11238K(11584K)->11238K(11584K) NonClass: 10198K(10368K)->10198K(10368K) Class: 1039K(1216K)->1039K(1216K)
[2026-01-16T08:28:51.082+0000][gc          ] GC(171) Pause Young (Normal) (G1 Evacuation Pause) 128M->79M(1024M) 609.280ms
[2026-01-16T08:28:51.082+0000][gc,cpu      ] GC(171) User=0.15s Sys=0.02s Real=0.61s
[2026-01-16T08:28:56.168+0000][gc,start    ] GC(172) Pause Young (Normal) (G1 Evacuation Pause)
[2026-01-16T08:28:56.172+0000][gc,task     ] GC(172) Using 8 workers of 8 for evacuation
[2026-01-16T08:28:56.361+0000][gc,phases   ] GC(172)   Pre Evacuate Collection Set: 28.6ms
[2026-01-16T08:28:56.363+0000][gc,phases   ] GC(172)   Merge Heap Roots: 3.8ms
[2026-01-16T08:28:56.364+0000][gc,phases   ] GC(172)   Evacuate Collection Set: 94.5ms
[2026-01-16T08:28:56.364+0000][gc,phases   ] GC(172)   Post Evacuate Collection Set: 61.5ms
[2026-01-16T08:28:56.364+0000][gc,phases   ] GC(172)   Other: 1.7ms
[2026-01-16T08:28:56.364+0000][gc,heap     ] GC(172) Eden regions: 49->0(50)
[2026-01-16T08:28:56.364+0000][gc,heap     ] GC(172) Survivor regions: 2->1(7)
[2026-01-16T08:28:56.364+0000][gc,heap     ] GC(172) Old regions: 49->49
[2026-01-16T08:28:56.364+0000][gc,heap     ] GC(172) Humongous regions: 30->30
[2026-01-16T08:28:56.364+0000][gc,metaspace] GC(172) Metaspace: 11246K(11584K)->11246K(11584K) NonClass: 10206K(10368K)->10206K(10368K) Class: 1039K(1216K)->1039K(1216K)
[2026-01-16T08:28:56.365+0000][gc          ] GC(172) Pause Young (Normal) (G1 Evacuation Pause) 128M->78M(1024M) 196.056ms
[2026-01-16T08:28:56.365+0000][gc,cpu      ] GC(172) User=0.11s Sys=0.01s Real=0.20s
[2026-01-16T08:29:01.615+0000][gc,start    ] GC(173) Pause Young (Normal) (G1 Evacuation Pause)
[2026-01-16T08:29:01.616+0000][gc,task     ] GC(173) Using 8 workers of 8 for evacuation
[2026-01-16T08:29:01.832+0000][gc,mmu      ] GC(173) MMU target violated: 201.0ms (200.0ms/201.0ms)
[2026-01-16T08:29:01.833+0000][gc,phases   ] GC(173)   Pre Evacuate Collection Set: 31.1ms
[2026-01-16T08:29:01.833+0000][gc,phases   ] GC(173)   Merge Heap Roots: 0.3ms
[2026-01-16T08:29:01.833+0000][gc,phases   ] GC(173)   Evacuate Collection Set: 178.9ms
[2026-01-16T08:29:01.833+0000][gc,phases   ] GC(173)   Post Evacuate Collection Set: 3.9ms
[2026-01-16T08:29:01.834+0000][gc,phases   ] GC(173)   Other: 2.3ms
[2026-01-16T08:29:01.834+0000][gc,heap     ] GC(173) Eden regions: 50->0(49)
[2026-01-16T08:29:01.834+0000][gc,heap     ] GC(173) Survivor regions: 1->2(7)
[2026-01-16T08:29:01.835+0000][gc,heap     ] GC(173) Old regions: 49->49
[2026-01-16T08:29:01.835+0000][gc,heap     ] GC(173) Humongous regions: 30->30
[2026-01-16T08:29:01.835+0000][gc,metaspace] GC(173) Metaspace: 11246K(11584K)->11246K(11584K) NonClass: 10206K(10368K)->10206K(10368K) Class: 1039K(1216K)->1039K(1216K)
[2026-01-16T08:29:01.836+0000][gc          ] GC(173) Pause Young (Normal) (G1 Evacuation Pause) 128M->79M(1024M) 221.137ms
[2026-01-16T08:29:01.836+0000][gc,cpu      ] GC(173) User=0.18s Sys=0.02s Real=0.22s
[2026-01-16T08:29:06.298+0000][gc,start    ] GC(174) Pause Young (Normal) (G1 Evacuation Pause)
[2026-01-16T08:29:06.299+0000][gc,task     ] GC(174) Using 8 workers of 8 for evacuation
[2026-01-16T08:29:06.424+0000][gc,phases   ] GC(174)   Pre Evacuate Collection Set: 21.8ms
[2026-01-16T08:29:06.428+0000][gc,phases   ] GC(174)   Merge Heap Roots: 0.7ms
[2026-01-16T08:29:06.428+0000][gc,phases   ] GC(174)   Evacuate Collection Set: 93.7ms
[2026-01-16T08:29:06.428+0000][gc,phases   ] GC(174)   Post Evacuate Collection Set: 8.5ms
[2026-01-16T08:29:06.428+0000][gc,phases   ] GC(174)   Other: 1.0ms
[2026-01-16T08:29:06.428+0000][gc,heap     ] GC(174) Eden regions: 49->0(50)
[2026-01-16T08:29:06.428+0000][gc,heap     ] GC(174) Survivor regions: 2->1(7)
[2026-01-16T08:29:06.429+0000][gc,heap     ] GC(174) Old regions: 49->49
[2026-01-16T08:29:06.429+0000][gc,heap     ] GC(174) Humongous regions: 30->30
[2026-01-16T08:29:06.429+0000][gc,metaspace] GC(174) Metaspace: 11250K(11584K)->11250K(11584K) NonClass: 10210K(10368K)->10210K(10368K) Class: 1039K(1216K)->1039K(1216K)
[2026-01-16T08:29:06.430+0000][gc          ] GC(174) Pause Young (Normal) (G1 Evacuation Pause) 128M->78M(1024M) 132.726ms
[2026-01-16T08:29:06.433+0000][gc,cpu      ] GC(174) User=0.07s Sys=0.00s Real=0.13s
[2026-01-16T08:29:07.884+0000][gc,start    ] GC(175) Pause Young (Normal) (G1 Evacuation Pause)
[2026-01-16T08:29:07.886+0000][gc,task     ] GC(175) Using 8 workers of 8 for evacuation
[2026-01-16T08:29:07.962+0000][gc,phases   ] GC(175)   Pre Evacuate Collection Set: 14.3ms
[2026-01-16T08:29:07.967+0000][gc,phases   ] GC(175)   Merge Heap Roots: 4.1ms
[2026-01-16T08:29:07.969+0000][gc,phases   ] GC(175)   Evacuate Collection Set: 49.7ms
[2026-01-16T08:29:07.969+0000][gc,phases   ] GC(175)   Post Evacuate Collection Set: 5.5ms
[2026-01-16T08:29:07.971+0000][gc,phases   ] GC(175)   Other: 2.2ms
[2026-01-16T08:29:07.973+0000][gc,heap     ] GC(175) Eden regions: 50->0(49)
[2026-01-16T08:29:07.973+0000][gc,heap     ] GC(175) Survivor regions: 1->2(7)
[2026-01-16T08:29:07.973+0000][gc,heap     ] GC(175) Old regions: 49->49
[2026-01-16T08:29:07.974+0000][gc,heap     ] GC(175) Humongous regions: 30->30
[2026-01-16T08:29:07.974+0000][gc,metaspace] GC(175) Metaspace: 11250K(11584K)->11250K(11584K) NonClass: 10210K(10368K)->10210K(10368K) Class: 1039K(1216K)->1039K(1216K)
[2026-01-16T08:29:07.976+0000][gc          ] GC(175) Pause Young (Normal) (G1 Evacuation Pause) 128M->79M(1024M) 91.669ms
[2026-01-16T08:29:07.976+0000][gc,cpu      ] GC(175) User=0.06s Sys=0.00s Real=0.09s
[2026-01-16T08:29:16.139+0000][gc,start    ] GC(176) Pause Young (Normal) (G1 Evacuation Pause)
[2026-01-16T08:29:16.143+0000][gc,task     ] GC(176) Using 8 workers of 8 for evacuation
[2026-01-16T08:29:16.400+0000][gc,mmu      ] GC(176) MMU target violated: 201.0ms (200.0ms/201.0ms)
[2026-01-16T08:29:16.400+0000][gc,phases   ] GC(176)   Pre Evacuate Collection Set: 19.5ms
[2026-01-16T08:29:16.402+0000][gc,phases   ] GC(176)   Merge Heap Roots: 0.5ms
[2026-01-16T08:29:16.403+0000][gc,phases   ] GC(176)   Evacuate Collection Set: 187.0ms
[2026-01-16T08:29:16.404+0000][gc,phases   ] GC(176)   Post Evacuate Collection Set: 41.0ms
[2026-01-16T08:29:16.404+0000][gc,phases   ] GC(176)   Other: 9.4ms
[2026-01-16T08:29:16.404+0000][gc,heap     ] GC(176) Eden regions: 49->0(50)
[2026-01-16T08:29:16.405+0000][gc,heap     ] GC(176) Survivor regions: 2->1(7)
[2026-01-16T08:29:16.405+0000][gc,heap     ] GC(176) Old regions: 49->49
[2026-01-16T08:29:16.410+0000][gc,heap     ] GC(176) Humongous regions: 30->30
[2026-01-16T08:29:16.412+0000][gc,metaspace] GC(176) Metaspace: 11252K(11584K)->11252K(11584K) NonClass: 10212K(10368K)->10212K(10368K) Class: 1039K(1216K)->1039K(1216K)
[2026-01-16T08:29:16.414+0000][gc          ] GC(176) Pause Young (Normal) (G1 Evacuation Pause) 128M->78M(1024M) 274.632ms
[2026-01-16T08:29:16.414+0000][gc,cpu      ] GC(176) User=0.09s Sys=0.02s Real=0.28s
[2026-01-16T08:29:19.297+0000][gc,start    ] GC(177) Pause Young (Normal) (G1 Evacuation Pause)
[2026-01-16T08:29:19.298+0000][gc,task     ] GC(177) Using 8 workers of 8 for evacuation
[2026-01-16T08:29:19.448+0000][gc,phases   ] GC(177)   Pre Evacuate Collection Set: 30.2ms
[2026-01-16T08:29:19.448+0000][gc,phases   ] GC(177)   Merge Heap Roots: 8.4ms
[2026-01-16T08:29:19.448+0000][gc,phases   ] GC(177)   Evacuate Collection Set: 75.6ms
[2026-01-16T08:29:19.449+0000][gc,phases   ] GC(177)   Post Evacuate Collection Set: 34.3ms
[2026-01-16T08:29:19.450+0000][gc,phases   ] GC(177)   Other: 1.2ms
[2026-01-16T08:29:19.450+0000][gc,heap     ] GC(177) Eden regions: 50->0(49)
[2026-01-16T08:29:19.450+0000][gc,heap     ] GC(177) Survivor regions: 1->2(7)
[2026-01-16T08:29:19.450+0000][gc,heap     ] GC(177) Old regions: 49->49
[2026-01-16T08:29:19.450+0000][gc,heap     ] GC(177) Humongous regions: 30->30
[2026-01-16T08:29:19.450+0000][gc,metaspace] GC(177) Metaspace: 11252K(11584K)->11252K(11584K) NonClass: 10212K(10368K)->10212K(10368K) Class: 1039K(1216K)->1039K(1216K)
[2026-01-16T08:29:19.454+0000][gc          ] GC(177) Pause Young (Normal) (G1 Evacuation Pause) 128M->79M(1024M) 159.468ms
[2026-01-16T08:29:19.455+0000][gc,cpu      ] GC(177) User=0.10s Sys=0.01s Real=0.16s
[2026-01-16T08:29:27.608+0000][gc,start    ] GC(178) Pause Young (Normal) (G1 Evacuation Pause)
[2026-01-16T08:29:27.616+0000][gc,task     ] GC(178) Using 8 workers of 8 for evacuation
[2026-01-16T08:29:28.306+0000][gc,mmu      ] GC(178) MMU target violated: 201.0ms (200.0ms/201.0ms)
[2026-01-16T08:29:28.325+0000][gc,phases   ] GC(178)   Pre Evacuate Collection Set: 280.8ms
[2026-01-16T08:29:28.328+0000][gc,phases   ] GC(178)   Merge Heap Roots: 2.9ms
[2026-01-16T08:29:28.335+0000][gc,phases   ] GC(178)   Evacuate Collection Set: 287.7ms
[2026-01-16T08:29:28.340+0000][gc,phases   ] GC(178)   Post Evacuate Collection Set: 109.0ms
[2026-01-16T08:29:28.344+0000][gc,phases   ] GC(178)   Other: 29.4ms
[2026-01-16T08:29:28.352+0000][gc,heap     ] GC(178) Eden regions: 49->0(50)
[2026-01-16T08:29:28.353+0000][gc,heap     ] GC(178) Survivor regions: 2->1(7)
[2026-01-16T08:29:28.360+0000][gc,heap     ] GC(178) Old regions: 49->49
[2026-01-16T08:29:28.362+0000][gc,heap     ] GC(178) Humongous regions: 30->30
[2026-01-16T08:29:28.364+0000][gc,metaspace] GC(178) Metaspace: 11258K(11584K)->11258K(11584K) NonClass: 10218K(10368K)->10218K(10368K) Class: 1039K(1216K)->1039K(1216K)
[2026-01-16T08:29:28.365+0000][gc          ] GC(178) Pause Young (Normal) (G1 Evacuation Pause) 128M->78M(1024M) 756.952ms
[2026-01-16T08:29:28.371+0000][gc,cpu      ] GC(178) User=0.24s Sys=0.04s Real=0.77s
[2026-01-16T08:29:33.016+0000][gc,start    ] GC(179) Pause Young (Normal) (G1 Evacuation Pause)
[2026-01-16T08:29:33.019+0000][gc,task     ] GC(179) Using 8 workers of 8 for evacuation
[2026-01-16T08:29:33.069+0000][gc,phases   ] GC(179)   Pre Evacuate Collection Set: 2.4ms
[2026-01-16T08:29:33.074+0000][gc,phases   ] GC(179)   Merge Heap Roots: 0.3ms
[2026-01-16T08:29:33.074+0000][gc,phases   ] GC(179)   Evacuate Collection Set: 38.5ms
[2026-01-16T08:29:33.074+0000][gc,phases   ] GC(179)   Post Evacuate Collection Set: 8.1ms
[2026-01-16T08:29:33.074+0000][gc,phases   ] GC(179)   Other: 0.7ms
[2026-01-16T08:29:33.074+0000][gc,heap     ] GC(179) Eden regions: 50->0(49)
[2026-01-16T08:29:33.074+0000][gc,heap     ] GC(179) Survivor regions: 1->2(7)
[2026-01-16T08:29:33.074+0000][gc,heap     ] GC(179) Old regions: 49->49
[2026-01-16T08:29:33.074+0000][gc,heap     ] GC(179) Humongous regions: 30->30
[2026-01-16T08:29:33.075+0000][gc,metaspace] GC(179) Metaspace: 11258K(11584K)->11258K(11584K) NonClass: 10218K(10368K)->10218K(10368K) Class: 1039K(1216K)->1039K(1216K)
[2026-01-16T08:29:33.075+0000][gc          ] GC(179) Pause Young (Normal) (G1 Evacuation Pause) 128M->79M(1024M) 58.823ms
[2026-01-16T08:29:33.075+0000][gc,cpu      ] GC(179) User=0.04s Sys=0.00s Real=0.06s
[2026-01-16T08:29:34.391+0000][gc,start    ] GC(180) Pause Young (Normal) (G1 Evacuation Pause)
[2026-01-16T08:29:34.399+0000][gc,task     ] GC(180) Using 8 workers of 8 for evacuation
[2026-01-16T08:29:34.529+0000][gc,phases   ] GC(180)   Pre Evacuate Collection Set: 4.7ms
[2026-01-16T08:29:34.532+0000][gc,phases   ] GC(180)   Merge Heap Roots: 0.2ms
[2026-01-16T08:29:34.533+0000][gc,phases   ] GC(180)   Evacuate Collection Set: 122.0ms
[2026-01-16T08:29:34.536+0000][gc,phases   ] GC(180)   Post Evacuate Collection Set: 3.1ms
[2026-01-16T08:29:34.536+0000][gc,phases   ] GC(180)   Other: 0.4ms
[2026-01-16T08:29:34.537+0000][gc,heap     ] GC(180) Eden regions: 49->0(49)
[2026-01-16T08:29:34.537+0000][gc,heap     ] GC(180) Survivor regions: 2->2(7)
[2026-01-16T08:29:34.537+0000][gc,heap     ] GC(180) Old regions: 49->49
[2026-01-16T08:29:34.537+0000][gc,heap     ] GC(180) Humongous regions: 30->30
[2026-01-16T08:29:34.537+0000][gc,metaspace] GC(180) Metaspace: 11259K(11584K)->11259K(11584K) NonClass: 10219K(10368K)->10219K(10368K) Class: 1039K(1216K)->1039K(1216K)
[2026-01-16T08:29:34.538+0000][gc          ] GC(180) Pause Young (Normal) (G1 Evacuation Pause) 128M->79M(1024M) 146.796ms
[2026-01-16T08:29:34.538+0000][gc,cpu      ] GC(180) User=0.06s Sys=0.01s Real=0.15s
[2026-01-16T08:29:35.851+0000][gc,start    ] GC(181) Pause Young (Normal) (G1 Evacuation Pause)
[2026-01-16T08:29:35.855+0000][gc,task     ] GC(181) Using 8 workers of 8 for evacuation
[2026-01-16T08:29:35.876+0000][gc,phases   ] GC(181)   Pre Evacuate Collection Set: 1.0ms
[2026-01-16T08:29:35.878+0000][gc,phases   ] GC(181)   Merge Heap Roots: 0.2ms
[2026-01-16T08:29:35.878+0000][gc,phases   ] GC(181)   Evacuate Collection Set: 16.6ms
[2026-01-16T08:29:35.879+0000][gc,phases   ] GC(181)   Post Evacuate Collection Set: 0.8ms
[2026-01-16T08:29:35.881+0000][gc,phases   ] GC(181)   Other: 3.2ms
[2026-01-16T08:29:35.886+0000][gc,heap     ] GC(181) Eden regions: 49->0(50)
[2026-01-16T08:29:35.886+0000][gc,heap     ] GC(181) Survivor regions: 2->1(7)
[2026-01-16T08:29:35.886+0000][gc,heap     ] GC(181) Old regions: 49->49
[2026-01-16T08:29:35.889+0000][gc,heap     ] GC(181) Humongous regions: 30->30
[2026-01-16T08:29:35.889+0000][gc,metaspace] GC(181) Metaspace: 11265K(11584K)->11265K(11584K) NonClass: 10226K(10368K)->10226K(10368K) Class: 1039K(1216K)->1039K(1216K)
[2026-01-16T08:29:35.890+0000][gc          ] GC(181) Pause Young (Normal) (G1 Evacuation Pause) 128M->79M(1024M) 38.565ms
[2026-01-16T08:29:35.892+0000][gc,cpu      ] GC(181) User=0.02s Sys=0.01s Real=0.04s
[2026-01-16T08:29:36.789+0000][gc,start    ] GC(182) Pause Young (Normal) (G1 Evacuation Pause)
[2026-01-16T08:29:36.793+0000][gc,task     ] GC(182) Using 8 workers of 8 for evacuation
[2026-01-16T08:29:36.864+0000][gc,phases   ] GC(182)   Pre Evacuate Collection Set: 0.7ms
[2026-01-16T08:29:36.868+0000][gc,phases   ] GC(182)   Merge Heap Roots: 0.1ms
[2026-01-16T08:29:36.871+0000][gc,phases   ] GC(182)   Evacuate Collection Set: 65.5ms
[2026-01-16T08:29:36.872+0000][gc,phases   ] GC(182)   Post Evacuate Collection Set: 1.7ms
[2026-01-16T08:29:36.875+0000][gc,phases   ] GC(182)   Other: 3.1ms
[2026-01-16T08:29:36.879+0000][gc,heap     ] GC(182) Eden regions: 50->0(49)
[2026-01-16T08:29:36.881+0000][gc,heap     ] GC(182) Survivor regions: 1->2(7)
[2026-01-16T08:29:36.882+0000][gc,heap     ] GC(182) Old regions: 49->49
[2026-01-16T08:29:36.882+0000][gc,heap     ] GC(182) Humongous regions: 30->30
[2026-01-16T08:29:36.882+0000][gc,metaspace] GC(182) Metaspace: 11265K(11584K)->11265K(11584K) NonClass: 10226K(10368K)->10226K(10368K) Class: 1039K(1216K)->1039K(1216K)
[2026-01-16T08:29:36.883+0000][gc          ] GC(182) Pause Young (Normal) (G1 Evacuation Pause) 129M->79M(1024M) 93.602ms
[2026-01-16T08:29:36.883+0000][gc,cpu      ] GC(182) User=0.03s Sys=0.00s Real=0.10s
[2026-01-16T08:29:46.034+0000][gc,start    ] GC(183) Pause Young (Normal) (G1 Evacuation Pause)
[2026-01-16T08:29:46.039+0000][gc,task     ] GC(183) Using 8 workers of 8 for evacuation
[2026-01-16T08:29:46.178+0000][gc,phases   ] GC(183)   Pre Evacuate Collection Set: 7.8ms
[2026-01-16T08:29:46.181+0000][gc,phases   ] GC(183)   Merge Heap Roots: 2.3ms
[2026-01-16T08:29:46.182+0000][gc,phases   ] GC(183)   Evacuate Collection Set: 113.2ms
[2026-01-16T08:29:46.183+0000][gc,phases   ] GC(183)   Post Evacuate Collection Set: 15.4ms
[2026-01-16T08:29:46.183+0000][gc,phases   ] GC(183)   Other: 0.8ms
[2026-01-16T08:29:46.183+0000][gc,heap     ] GC(183) Eden regions: 49->0(50)
[2026-01-16T08:29:46.184+0000][gc,heap     ] GC(183) Survivor regions: 2->1(7)
[2026-01-16T08:29:46.184+0000][gc,heap     ] GC(183) Old regions: 49->49
[2026-01-16T08:29:46.188+0000][gc,heap     ] GC(183) Humongous regions: 30->30
[2026-01-16T08:29:46.190+0000][gc,metaspace] GC(183) Metaspace: 11271K(11584K)->11271K(11584K) NonClass: 10231K(10368K)->10231K(10368K) Class: 1039K(1216K)->1039K(1216K)
[2026-01-16T08:29:46.190+0000][gc          ] GC(183) Pause Young (Normal) (G1 Evacuation Pause) 128M->79M(1024M) 156.165ms
[2026-01-16T08:29:46.191+0000][gc,cpu      ] GC(183) User=0.07s Sys=0.01s Real=0.15s
[2026-01-16T08:29:47.183+0000][gc,start    ] GC(184) Pause Young (Normal) (G1 Evacuation Pause)
[2026-01-16T08:29:47.184+0000][gc,task     ] GC(184) Using 8 workers of 8 for evacuation
[2026-01-16T08:29:47.230+0000][gc,phases   ] GC(184)   Pre Evacuate Collection Set: 2.7ms
[2026-01-16T08:29:47.233+0000][gc,phases   ] GC(184)   Merge Heap Roots: 2.0ms
[2026-01-16T08:29:47.233+0000][gc,phases   ] GC(184)   Evacuate Collection Set: 36.0ms
[2026-01-16T08:29:47.234+0000][gc,phases   ] GC(184)   Post Evacuate Collection Set: 4.6ms
[2026-01-16T08:29:47.234+0000][gc,phases   ] GC(184)   Other: 0.6ms
[2026-01-16T08:29:47.234+0000][gc,heap     ] GC(184) Eden regions: 50->0(49)
[2026-01-16T08:29:47.235+0000][gc,heap     ] GC(184) Survivor regions: 1->2(7)
[2026-01-16T08:29:47.235+0000][gc,heap     ] GC(184) Old regions: 49->49
[2026-01-16T08:29:47.235+0000][gc,heap     ] GC(184) Humongous regions: 30->30
[2026-01-16T08:29:47.236+0000][gc,metaspace] GC(184) Metaspace: 11276K(11584K)->11276K(11584K) NonClass: 10236K(10368K)->10236K(10368K) Class: 1039K(1216K)->1039K(1216K)
[2026-01-16T08:29:47.236+0000][gc          ] GC(184) Pause Young (Normal) (G1 Evacuation Pause) 129M->79M(1024M) 53.159ms
[2026-01-16T08:29:47.237+0000][gc,cpu      ] GC(184) User=0.03s Sys=0.01s Real=0.05s
[2026-01-16T08:30:00.419+0000][gc,start    ] GC(185) Pause Young (Normal) (G1 Evacuation Pause)
[2026-01-16T08:30:00.465+0000][gc,task     ] GC(185) Using 8 workers of 8 for evacuation
[2026-01-16T08:30:00.860+0000][gc,mmu      ] GC(185) MMU target violated: 201.0ms (200.0ms/201.0ms)
[2026-01-16T08:30:00.860+0000][gc,phases   ] GC(185)   Pre Evacuate Collection Set: 155.7ms
[2026-01-16T08:30:00.865+0000][gc,phases   ] GC(185)   Merge Heap Roots: 7.5ms
[2026-01-16T08:30:00.866+0000][gc,phases   ] GC(185)   Evacuate Collection Set: 180.0ms
[2026-01-16T08:30:00.868+0000][gc,phases   ] GC(185)   Post Evacuate Collection Set: 46.3ms
[2026-01-16T08:30:00.875+0000][gc,phases   ] GC(185)   Other: 30.2ms
[2026-01-16T08:30:00.877+0000][gc,heap     ] GC(185) Eden regions: 49->0(50)
[2026-01-16T08:30:00.880+0000][gc,heap     ] GC(185) Survivor regions: 2->1(7)
[2026-01-16T08:30:00.883+0000][gc,heap     ] GC(185) Old regions: 49->49
[2026-01-16T08:30:00.883+0000][gc,heap     ] GC(185) Humongous regions: 30->30
[2026-01-16T08:30:00.884+0000][gc,metaspace] GC(185) Metaspace: 11285K(11648K)->11285K(11648K) NonClass: 10245K(10432K)->10245K(10432K) Class: 1039K(1216K)->1039K(1216K)
[2026-01-16T08:30:00.885+0000][gc          ] GC(185) Pause Young (Normal) (G1 Evacuation Pause) 128M->78M(1024M) 466.167ms
[2026-01-16T08:30:00.887+0000][gc,cpu      ] GC(185) User=0.16s Sys=0.04s Real=0.47s
[2026-01-16T08:30:04.747+0000][gc,start    ] GC(186) Pause Young (Normal) (G1 Evacuation Pause)
[2026-01-16T08:30:04.752+0000][gc,task     ] GC(186) Using 8 workers of 8 for evacuation
[2026-01-16T08:30:04.985+0000][gc,mmu      ] GC(186) MMU target violated: 201.0ms (200.0ms/201.0ms)
[2026-01-16T08:30:04.986+0000][gc,phases   ] GC(186)   Pre Evacuate Collection Set: 51.9ms
[2026-01-16T08:30:04.987+0000][gc,phases   ] GC(186)   Merge Heap Roots: 13.1ms
[2026-01-16T08:30:04.987+0000][gc,phases   ] GC(186)   Evacuate Collection Set: 147.8ms
[2026-01-16T08:30:04.988+0000][gc,phases   ] GC(186)   Post Evacuate Collection Set: 15.0ms
[2026-01-16T08:30:04.989+0000][gc,phases   ] GC(186)   Other: 6.9ms
[2026-01-16T08:30:04.990+0000][gc,heap     ] GC(186) Eden regions: 50->0(49)
[2026-01-16T08:30:04.990+0000][gc,heap     ] GC(186) Survivor regions: 1->2(7)
[2026-01-16T08:30:04.991+0000][gc,heap     ] GC(186) Old regions: 49->49
[2026-01-16T08:30:04.991+0000][gc,heap     ] GC(186) Humongous regions: 30->30
[2026-01-16T08:30:04.991+0000][gc,metaspace] GC(186) Metaspace: 11287K(11648K)->11287K(11648K) NonClass: 10248K(10432K)->10248K(10432K) Class: 1039K(1216K)->1039K(1216K)
[2026-01-16T08:30:04.995+0000][gc          ] GC(186) Pause Young (Normal) (G1 Evacuation Pause) 128M->79M(1024M) 247.160ms
[2026-01-16T08:30:04.996+0000][gc,cpu      ] GC(186) User=0.15s Sys=0.02s Real=0.25s
[2026-01-16T08:30:09.262+0000][gc,start    ] GC(187) Pause Young (Normal) (G1 Evacuation Pause)
[2026-01-16T08:30:09.267+0000][gc,task     ] GC(187) Using 8 workers of 8 for evacuation
[2026-01-16T08:30:09.530+0000][gc,mmu      ] GC(187) MMU target violated: 201.0ms (200.0ms/201.0ms)
[2026-01-16T08:30:09.535+0000][gc,phases   ] GC(187)   Pre Evacuate Collection Set: 26.9ms
[2026-01-16T08:30:09.535+0000][gc,phases   ] GC(187)   Merge Heap Roots: 5.9ms
[2026-01-16T08:30:09.536+0000][gc,phases   ] GC(187)   Evacuate Collection Set: 166.6ms
[2026-01-16T08:30:09.536+0000][gc,phases   ] GC(187)   Post Evacuate Collection Set: 57.6ms
[2026-01-16T08:30:09.537+0000][gc,phases   ] GC(187)   Other: 11.0ms
[2026-01-16T08:30:09.537+0000][gc,heap     ] GC(187) Eden regions: 49->0(50)
[2026-01-16T08:30:09.538+0000][gc,heap     ] GC(187) Survivor regions: 2->1(7)
[2026-01-16T08:30:09.543+0000][gc,heap     ] GC(187) Old regions: 49->49
[2026-01-16T08:30:09.545+0000][gc,heap     ] GC(187) Humongous regions: 30->30
[2026-01-16T08:30:09.548+0000][gc,metaspace] GC(187) Metaspace: 11292K(11648K)->11292K(11648K) NonClass: 10251K(10432K)->10251K(10432K) Class: 1040K(1216K)->1040K(1216K)
[2026-01-16T08:30:09.551+0000][gc          ] GC(187) Pause Young (Normal) (G1 Evacuation Pause) 128M->78M(1024M) 288.667ms
[2026-01-16T08:30:09.552+0000][gc,cpu      ] GC(187) User=0.15s Sys=0.02s Real=0.29s
[2026-01-16T08:30:14.086+0000][gc,start    ] GC(188) Pause Young (Normal) (G1 Evacuation Pause)
[2026-01-16T08:30:14.091+0000][gc,task     ] GC(188) Using 8 workers of 8 for evacuation
[2026-01-16T08:30:14.340+0000][gc,mmu      ] GC(188) MMU target violated: 201.0ms (200.0ms/201.0ms)
[2026-01-16T08:30:14.341+0000][gc,phases   ] GC(188)   Pre Evacuate Collection Set: 45.4ms
[2026-01-16T08:30:14.341+0000][gc,phases   ] GC(188)   Merge Heap Roots: 8.7ms
[2026-01-16T08:30:14.342+0000][gc,phases   ] GC(188)   Evacuate Collection Set: 182.9ms
[2026-01-16T08:30:14.343+0000][gc,phases   ] GC(188)   Post Evacuate Collection Set: 11.0ms
[2026-01-16T08:30:14.343+0000][gc,phases   ] GC(188)   Other: 2.1ms
[2026-01-16T08:30:14.344+0000][gc,heap     ] GC(188) Eden regions: 50->0(49)
[2026-01-16T08:30:14.344+0000][gc,heap     ] GC(188) Survivor regions: 1->2(7)
[2026-01-16T08:30:14.345+0000][gc,heap     ] GC(188) Old regions: 49->49
[2026-01-16T08:30:14.346+0000][gc,heap     ] GC(188) Humongous regions: 30->30
[2026-01-16T08:30:14.347+0000][gc,metaspace] GC(188) Metaspace: 11292K(11648K)->11292K(11648K) NonClass: 10251K(10432K)->10251K(10432K) Class: 1040K(1216K)->1040K(1216K)
[2026-01-16T08:30:14.349+0000][gc          ] GC(188) Pause Young (Normal) (G1 Evacuation Pause) 128M->79M(1024M) 263.078ms
[2026-01-16T08:30:14.350+0000][gc,cpu      ] GC(188) User=0.17s Sys=0.02s Real=0.26s
[2026-01-16T08:30:16.751+0000][gc,start    ] GC(189) Pause Young (Normal) (G1 Evacuation Pause)
[2026-01-16T08:30:16.753+0000][gc,task     ] GC(189) Using 8 workers of 8 for evacuation
[2026-01-16T08:30:16.886+0000][gc,phases   ] GC(189)   Pre Evacuate Collection Set: 46.4ms
[2026-01-16T08:30:16.891+0000][gc,phases   ] GC(189)   Merge Heap Roots: 1.0ms
[2026-01-16T08:30:16.893+0000][gc,phases   ] GC(189)   Evacuate Collection Set: 62.7ms
[2026-01-16T08:30:16.896+0000][gc,phases   ] GC(189)   Post Evacuate Collection Set: 13.1ms
[2026-01-16T08:30:16.899+0000][gc,phases   ] GC(189)   Other: 10.3ms
[2026-01-16T08:30:16.902+0000][gc,heap     ] GC(189) Eden regions: 49->0(50)
[2026-01-16T08:30:16.904+0000][gc,heap     ] GC(189) Survivor regions: 2->1(7)
[2026-01-16T08:30:16.909+0000][gc,heap     ] GC(189) Old regions: 49->49
[2026-01-16T08:30:16.912+0000][gc,heap     ] GC(189) Humongous regions: 30->30
[2026-01-16T08:30:16.913+0000][gc,metaspace] GC(189) Metaspace: 11292K(11648K)->11292K(11648K) NonClass: 10252K(10432K)->10252K(10432K) Class: 1040K(1216K)->1040K(1216K)
[2026-01-16T08:30:16.916+0000][gc          ] GC(189) Pause Young (Normal) (G1 Evacuation Pause) 128M->78M(1024M) 165.675ms
[2026-01-16T08:30:16.916+0000][gc,cpu      ] GC(189) User=0.09s Sys=0.02s Real=0.17s
[2026-01-16T08:30:18.553+0000][gc,start    ] GC(190) Pause Young (Normal) (G1 Evacuation Pause)
[2026-01-16T08:30:18.566+0000][gc,task     ] GC(190) Using 8 workers of 8 for evacuation
[2026-01-16T08:30:18.687+0000][gc,phases   ] GC(190)   Pre Evacuate Collection Set: 24.1ms
[2026-01-16T08:30:18.690+0000][gc,phases   ] GC(190)   Merge Heap Roots: 0.3ms
[2026-01-16T08:30:18.690+0000][gc,phases   ] GC(190)   Evacuate Collection Set: 75.2ms
[2026-01-16T08:30:18.690+0000][gc,phases   ] GC(190)   Post Evacuate Collection Set: 19.6ms
[2026-01-16T08:30:18.691+0000][gc,phases   ] GC(190)   Other: 8.0ms
[2026-01-16T08:30:18.691+0000][gc,heap     ] GC(190) Eden regions: 50->0(49)
[2026-01-16T08:30:18.691+0000][gc,heap     ] GC(190) Survivor regions: 1->2(7)
[2026-01-16T08:30:18.692+0000][gc,heap     ] GC(190) Old regions: 49->49
[2026-01-16T08:30:18.692+0000][gc,heap     ] GC(190) Humongous regions: 30->30
[2026-01-16T08:30:18.692+0000][gc,metaspace] GC(190) Metaspace: 11294K(11648K)->11294K(11648K) NonClass: 10253K(10432K)->10253K(10432K) Class: 1040K(1216K)->1040K(1216K)
[2026-01-16T08:30:18.693+0000][gc          ] GC(190) Pause Young (Normal) (G1 Evacuation Pause) 128M->79M(1024M) 140.624ms
[2026-01-16T08:30:18.693+0000][gc,cpu      ] GC(190) User=0.11s Sys=0.01s Real=0.15s
[2026-01-16T08:30:25.154+0000][gc,start    ] GC(191) Pause Young (Normal) (G1 Evacuation Pause)
[2026-01-16T08:30:25.159+0000][gc,task     ] GC(191) Using 8 workers of 8 for evacuation
[2026-01-16T08:30:25.324+0000][gc,phases   ] GC(191)   Pre Evacuate Collection Set: 12.6ms
[2026-01-16T08:30:25.325+0000][gc,phases   ] GC(191)   Merge Heap Roots: 0.3ms
[2026-01-16T08:30:25.325+0000][gc,phases   ] GC(191)   Evacuate Collection Set: 141.5ms
[2026-01-16T08:30:25.326+0000][gc,phases   ] GC(191)   Post Evacuate Collection Set: 9.5ms
[2026-01-16T08:30:25.327+0000][gc,phases   ] GC(191)   Other: 0.6ms
[2026-01-16T08:30:25.327+0000][gc,heap     ] GC(191) Eden regions: 49->0(50)
[2026-01-16T08:30:25.327+0000][gc,heap     ] GC(191) Survivor regions: 2->1(7)
[2026-01-16T08:30:25.328+0000][gc,heap     ] GC(191) Old regions: 49->49
[2026-01-16T08:30:25.328+0000][gc,heap     ] GC(191) Humongous regions: 30->30
[2026-01-16T08:30:25.328+0000][gc,metaspace] GC(191) Metaspace: 11294K(11648K)->11294K(11648K) NonClass: 10253K(10432K)->10253K(10432K) Class: 1040K(1216K)->1040K(1216K)
[2026-01-16T08:30:25.329+0000][gc          ] GC(191) Pause Young (Normal) (G1 Evacuation Pause) 128M->79M(1024M) 174.526ms
[2026-01-16T08:30:25.329+0000][gc,cpu      ] GC(191) User=0.11s Sys=0.01s Real=0.17s
[2026-01-16T08:30:27.519+0000][gc,start    ] GC(192) Pause Young (Normal) (G1 Evacuation Pause)
[2026-01-16T08:30:27.520+0000][gc,task     ] GC(192) Using 8 workers of 8 for evacuation
[2026-01-16T08:30:27.686+0000][gc,phases   ] GC(192)   Pre Evacuate Collection Set: 59.4ms
[2026-01-16T08:30:27.686+0000][gc,phases   ] GC(192)   Merge Heap Roots: 0.2ms
[2026-01-16T08:30:27.686+0000][gc,phases   ] GC(192)   Evacuate Collection Set: 104.2ms
[2026-01-16T08:30:27.688+0000][gc,phases   ] GC(192)   Post Evacuate Collection Set: 1.8ms
[2026-01-16T08:30:27.689+0000][gc,phases   ] GC(192)   Other: 0.4ms
[2026-01-16T08:30:27.689+0000][gc,heap     ] GC(192) Eden regions: 50->0(50)
[2026-01-16T08:30:27.690+0000][gc,heap     ] GC(192) Survivor regions: 1->1(7)
[2026-01-16T08:30:27.691+0000][gc,heap     ] GC(192) Old regions: 49->49
[2026-01-16T08:30:27.692+0000][gc,heap     ] GC(192) Humongous regions: 30->30
[2026-01-16T08:30:27.692+0000][gc,metaspace] GC(192) Metaspace: 11296K(11648K)->11296K(11648K) NonClass: 10256K(10432K)->10256K(10432K) Class: 1040K(1216K)->1040K(1216K)
[2026-01-16T08:30:27.693+0000][gc          ] GC(192) Pause Young (Normal) (G1 Evacuation Pause) 129M->79M(1024M) 173.531ms
[2026-01-16T08:30:27.695+0000][gc,cpu      ] GC(192) User=0.08s Sys=0.00s Real=0.18s
[2026-01-16T08:30:30.075+0000][gc,start    ] GC(193) Pause Young (Normal) (G1 Evacuation Pause)
[2026-01-16T08:30:30.078+0000][gc,task     ] GC(193) Using 8 workers of 8 for evacuation
[2026-01-16T08:30:30.491+0000][gc,mmu      ] GC(193) MMU target violated: 201.0ms (200.0ms/201.0ms)
[2026-01-16T08:30:30.492+0000][gc,phases   ] GC(193)   Pre Evacuate Collection Set: 9.7ms
[2026-01-16T08:30:30.493+0000][gc,phases   ] GC(193)   Merge Heap Roots: 0.2ms
[2026-01-16T08:30:30.494+0000][gc,phases   ] GC(193)   Evacuate Collection Set: 164.6ms
[2026-01-16T08:30:30.494+0000][gc,phases   ] GC(193)   Post Evacuate Collection Set: 237.3ms
[2026-01-16T08:30:30.496+0000][gc,phases   ] GC(193)   Other: 2.3ms
[2026-01-16T08:30:30.496+0000][gc,heap     ] GC(193) Eden regions: 50->0(49)
[2026-01-16T08:30:30.496+0000][gc,heap     ] GC(193) Survivor regions: 1->2(7)
[2026-01-16T08:30:30.496+0000][gc,heap     ] GC(193) Old regions: 49->49
[2026-01-16T08:30:30.496+0000][gc,heap     ] GC(193) Humongous regions: 30->30
[2026-01-16T08:30:30.497+0000][gc,metaspace] GC(193) Metaspace: 11296K(11648K)->11296K(11648K) NonClass: 10256K(10432K)->10256K(10432K) Class: 1040K(1216K)->1040K(1216K)
[2026-01-16T08:30:30.497+0000][gc          ] GC(193) Pause Young (Normal) (G1 Evacuation Pause) 129M->79M(1024M) 422.299ms
[2026-01-16T08:30:30.497+0000][gc,cpu      ] GC(193) User=0.11s Sys=0.01s Real=0.42s
[2026-01-16T08:30:38.159+0000][gc,start    ] GC(194) Pause Young (Normal) (G1 Evacuation Pause)
[2026-01-16T08:30:38.160+0000][gc,task     ] GC(194) Using 8 workers of 8 for evacuation
[2026-01-16T08:30:38.315+0000][gc,phases   ] GC(194)   Pre Evacuate Collection Set: 23.2ms
[2026-01-16T08:30:38.318+0000][gc,phases   ] GC(194)   Merge Heap Roots: 1.0ms
[2026-01-16T08:30:38.325+0000][gc,phases   ] GC(194)   Evacuate Collection Set: 118.2ms
[2026-01-16T08:30:38.329+0000][gc,phases   ] GC(194)   Post Evacuate Collection Set: 11.8ms
[2026-01-16T08:30:38.332+0000][gc,phases   ] GC(194)   Other: 0.5ms
[2026-01-16T08:30:38.334+0000][gc,heap     ] GC(194) Eden regions: 49->0(50)
[2026-01-16T08:30:38.334+0000][gc,heap     ] GC(194) Survivor regions: 2->1(7)
[2026-01-16T08:30:38.334+0000][gc,heap     ] GC(194) Old regions: 49->49
[2026-01-16T08:30:38.334+0000][gc,heap     ] GC(194) Humongous regions: 30->30
[2026-01-16T08:30:38.334+0000][gc,metaspace] GC(194) Metaspace: 11296K(11648K)->11296K(11648K) NonClass: 10256K(10432K)->10256K(10432K) Class: 1040K(1216K)->1040K(1216K)
[2026-01-16T08:30:38.334+0000][gc          ] GC(194) Pause Young (Normal) (G1 Evacuation Pause) 128M->79M(1024M) 174.844ms
[2026-01-16T08:30:38.334+0000][gc,cpu      ] GC(194) User=0.08s Sys=0.01s Real=0.18s
[2026-01-16T08:30:40.787+0000][gc,start    ] GC(195) Pause Young (Normal) (G1 Evacuation Pause)
[2026-01-16T08:30:40.793+0000][gc,task     ] GC(195) Using 8 workers of 8 for evacuation
[2026-01-16T08:30:41.044+0000][gc,mmu      ] GC(195) MMU target violated: 201.0ms (200.0ms/201.0ms)
[2026-01-16T08:30:41.048+0000][gc,phases   ] GC(195)   Pre Evacuate Collection Set: 99.5ms
[2026-01-16T08:30:41.052+0000][gc,phases   ] GC(195)   Merge Heap Roots: 4.6ms
[2026-01-16T08:30:41.059+0000][gc,phases   ] GC(195)   Evacuate Collection Set: 131.9ms
[2026-01-16T08:30:41.062+0000][gc,phases   ] GC(195)   Post Evacuate Collection Set: 12.4ms
[2026-01-16T08:30:41.063+0000][gc,phases   ] GC(195)   Other: 7.6ms
[2026-01-16T08:30:41.063+0000][gc,heap     ] GC(195) Eden regions: 50->0(49)
[2026-01-16T08:30:41.064+0000][gc,heap     ] GC(195) Survivor regions: 1->2(7)
[2026-01-16T08:30:41.064+0000][gc,heap     ] GC(195) Old regions: 49->49
[2026-01-16T08:30:41.065+0000][gc,heap     ] GC(195) Humongous regions: 30->30
[2026-01-16T08:30:41.066+0000][gc,metaspace] GC(195) Metaspace: 11296K(11648K)->11296K(11648K) NonClass: 10256K(10432K)->10256K(10432K) Class: 1040K(1216K)->1040K(1216K)
[2026-01-16T08:30:41.067+0000][gc          ] GC(195) Pause Young (Normal) (G1 Evacuation Pause) 129M->79M(1024M) 280.523ms
[2026-01-16T08:30:41.069+0000][gc,cpu      ] GC(195) User=0.08s Sys=0.01s Real=0.28s
[2026-01-16T08:30:47.161+0000][gc,start    ] GC(196) Pause Young (Normal) (G1 Evacuation Pause)
[2026-01-16T08:30:47.169+0000][gc,task     ] GC(196) Using 8 workers of 8 for evacuation
[2026-01-16T08:30:47.322+0000][gc,phases   ] GC(196)   Pre Evacuate Collection Set: 23.9ms
[2026-01-16T08:30:47.323+0000][gc,phases   ] GC(196)   Merge Heap Roots: 1.7ms
[2026-01-16T08:30:47.323+0000][gc,phases   ] GC(196)   Evacuate Collection Set: 120.6ms
[2026-01-16T08:30:47.324+0000][gc,phases   ] GC(196)   Post Evacuate Collection Set: 5.8ms
[2026-01-16T08:30:47.324+0000][gc,phases   ] GC(196)   Other: 3.2ms
[2026-01-16T08:30:47.324+0000][gc,heap     ] GC(196) Eden regions: 49->0(50)
[2026-01-16T08:30:47.325+0000][gc,heap     ] GC(196) Survivor regions: 2->1(7)
[2026-01-16T08:30:47.325+0000][gc,heap     ] GC(196) Old regions: 49->49
[2026-01-16T08:30:47.326+0000][gc,heap     ] GC(196) Humongous regions: 30->30
[2026-01-16T08:30:47.326+0000][gc,metaspace] GC(196) Metaspace: 11296K(11648K)->11296K(11648K) NonClass: 10256K(10432K)->10256K(10432K) Class: 1040K(1216K)->1040K(1216K)
[2026-01-16T08:30:47.326+0000][gc          ] GC(196) Pause Young (Normal) (G1 Evacuation Pause) 128M->79M(1024M) 165.288ms
[2026-01-16T08:30:47.326+0000][gc,cpu      ] GC(196) User=0.08s Sys=0.02s Real=0.17s
[2026-01-16T08:30:50.761+0000][gc,start    ] GC(197) Pause Young (Normal) (G1 Evacuation Pause)
[2026-01-16T08:30:50.764+0000][gc,task     ] GC(197) Using 8 workers of 8 for evacuation
[2026-01-16T08:30:51.128+0000][gc,mmu      ] GC(197) MMU target violated: 201.0ms (200.0ms/201.0ms)
[2026-01-16T08:30:51.130+0000][gc,phases   ] GC(197)   Pre Evacuate Collection Set: 6.1ms
[2026-01-16T08:30:51.132+0000][gc,phases   ] GC(197)   Merge Heap Roots: 9.3ms
[2026-01-16T08:30:51.133+0000][gc,phases   ] GC(197)   Evacuate Collection Set: 341.4ms
[2026-01-16T08:30:51.134+0000][gc,phases   ] GC(197)   Post Evacuate Collection Set: 4.2ms
[2026-01-16T08:30:51.134+0000][gc,phases   ] GC(197)   Other: 5.0ms
[2026-01-16T08:30:51.134+0000][gc,heap     ] GC(197) Eden regions: 50->0(49)
[2026-01-16T08:30:51.134+0000][gc,heap     ] GC(197) Survivor regions: 1->2(7)
[2026-01-16T08:30:51.143+0000][gc,heap     ] GC(197) Old regions: 49->49
[2026-01-16T08:30:51.146+0000][gc,heap     ] GC(197) Humongous regions: 30->30
[2026-01-16T08:30:51.149+0000][gc,metaspace] GC(197) Metaspace: 11296K(11648K)->11296K(11648K) NonClass: 10256K(10432K)->10256K(10432K) Class: 1040K(1216K)->1040K(1216K)
[2026-01-16T08:30:51.153+0000][gc          ] GC(197) Pause Young (Normal) (G1 Evacuation Pause) 129M->79M(1024M) 392.119ms
[2026-01-16T08:30:51.154+0000][gc,cpu      ] GC(197) User=0.12s Sys=0.02s Real=0.40s
[2026-01-16T08:30:56.173+0000][gc,start    ] GC(198) Pause Young (Normal) (G1 Evacuation Pause)
[2026-01-16T08:30:56.176+0000][gc,task     ] GC(198) Using 8 workers of 8 for evacuation
[2026-01-16T08:30:56.263+0000][gc,phases   ] GC(198)   Pre Evacuate Collection Set: 24.3ms
[2026-01-16T08:30:56.265+0000][gc,phases   ] GC(198)   Merge Heap Roots: 3.9ms
[2026-01-16T08:30:56.266+0000][gc,phases   ] GC(198)   Evacuate Collection Set: 47.4ms
[2026-01-16T08:30:56.267+0000][gc,phases   ] GC(198)   Post Evacuate Collection Set: 8.3ms
[2026-01-16T08:30:56.267+0000][gc,phases   ] GC(198)   Other: 1.3ms
[2026-01-16T08:30:56.270+0000][gc,heap     ] GC(198) Eden regions: 49->0(50)
[2026-01-16T08:30:56.271+0000][gc,heap     ] GC(198) Survivor regions: 2->1(7)
[2026-01-16T08:30:56.272+0000][gc,heap     ] GC(198) Old regions: 49->49
[2026-01-16T08:30:56.273+0000][gc,heap     ] GC(198) Humongous regions: 30->30
[2026-01-16T08:30:56.274+0000][gc,metaspace] GC(198) Metaspace: 11302K(11648K)->11302K(11648K) NonClass: 10261K(10432K)->10261K(10432K) Class: 1040K(1216K)->1040K(1216K)
[2026-01-16T08:30:56.275+0000][gc          ] GC(198) Pause Young (Normal) (G1 Evacuation Pause) 128M->79M(1024M) 102.168ms
[2026-01-16T08:30:56.276+0000][gc,cpu      ] GC(198) User=0.07s Sys=0.00s Real=0.11s
[2026-01-16T08:30:59.623+0000][gc,start    ] GC(199) Pause Young (Normal) (G1 Evacuation Pause)
[2026-01-16T08:30:59.627+0000][gc,task     ] GC(199) Using 8 workers of 8 for evacuation
[2026-01-16T08:30:59.883+0000][gc,mmu      ] GC(199) MMU target violated: 201.0ms (200.0ms/201.0ms)
[2026-01-16T08:30:59.884+0000][gc,phases   ] GC(199)   Pre Evacuate Collection Set: 27.3ms
[2026-01-16T08:30:59.885+0000][gc,phases   ] GC(199)   Merge Heap Roots: 0.9ms
[2026-01-16T08:30:59.885+0000][gc,phases   ] GC(199)   Evacuate Collection Set: 217.5ms
[2026-01-16T08:30:59.885+0000][gc,phases   ] GC(199)   Post Evacuate Collection Set: 9.2ms
[2026-01-16T08:30:59.885+0000][gc,phases   ] GC(199)   Other: 2.8ms
[2026-01-16T08:30:59.885+0000][gc,heap     ] GC(199) Eden regions: 50->0(49)
[2026-01-16T08:30:59.885+0000][gc,heap     ] GC(199) Survivor regions: 1->2(7)
[2026-01-16T08:30:59.885+0000][gc,heap     ] GC(199) Old regions: 49->49
[2026-01-16T08:30:59.885+0000][gc,heap     ] GC(199) Humongous regions: 30->30
[2026-01-16T08:30:59.885+0000][gc,metaspace] GC(199) Metaspace: 11302K(11648K)->11302K(11648K) NonClass: 10261K(10432K)->10261K(10432K) Class: 1040K(1216K)->1040K(1216K)
[2026-01-16T08:30:59.885+0000][gc          ] GC(199) Pause Young (Normal) (G1 Evacuation Pause) 129M->79M(1024M) 261.859ms
[2026-01-16T08:30:59.885+0000][gc,cpu      ] GC(199) User=0.13s Sys=0.01s Real=0.27s
[2026-01-16T08:31:06.471+0000][gc,start    ] GC(200) Pause Young (Normal) (G1 Evacuation Pause)
[2026-01-16T08:31:06.476+0000][gc,task     ] GC(200) Using 8 workers of 8 for evacuation
[2026-01-16T08:31:06.811+0000][gc,mmu      ] GC(200) MMU target violated: 201.0ms (200.0ms/201.0ms)
[2026-01-16T08:31:06.826+0000][gc,phases   ] GC(200)   Pre Evacuate Collection Set: 122.1ms
[2026-01-16T08:31:06.877+0000][gc,phases   ] GC(200)   Merge Heap Roots: 1.0ms
[2026-01-16T08:31:06.879+0000][gc,phases   ] GC(200)   Evacuate Collection Set: 130.2ms
[2026-01-16T08:31:06.879+0000][gc,phases   ] GC(200)   Post Evacuate Collection Set: 71.6ms
[2026-01-16T08:31:06.880+0000][gc,phases   ] GC(200)   Other: 24.6ms
[2026-01-16T08:31:06.889+0000][gc,heap     ] GC(200) Eden regions: 49->0(50)
[2026-01-16T08:31:06.892+0000][gc,heap     ] GC(200) Survivor regions: 2->1(7)
[2026-01-16T08:31:06.892+0000][gc,heap     ] GC(200) Old regions: 49->49
[2026-01-16T08:31:06.892+0000][gc,heap     ] GC(200) Humongous regions: 30->30
[2026-01-16T08:31:06.894+0000][gc,metaspace] GC(200) Metaspace: 11303K(11648K)->11303K(11648K) NonClass: 10262K(10432K)->10262K(10432K) Class: 1040K(1216K)->1040K(1216K)
[2026-01-16T08:31:06.894+0000][gc          ] GC(200) Pause Young (Normal) (G1 Evacuation Pause) 128M->78M(1024M) 422.585ms
[2026-01-16T08:31:06.894+0000][gc,cpu      ] GC(200) User=0.10s Sys=0.02s Real=0.43s
[2026-01-16T08:31:08.541+0000][gc,start    ] GC(201) Pause Young (Normal) (G1 Evacuation Pause)
[2026-01-16T08:31:08.545+0000][gc,task     ] GC(201) Using 8 workers of 8 for evacuation
[2026-01-16T08:31:08.611+0000][gc,phases   ] GC(201)   Pre Evacuate Collection Set: 15.7ms
[2026-01-16T08:31:08.611+0000][gc,phases   ] GC(201)   Merge Heap Roots: 0.8ms
[2026-01-16T08:31:08.614+0000][gc,phases   ] GC(201)   Evacuate Collection Set: 41.9ms
[2026-01-16T08:31:08.616+0000][gc,phases   ] GC(201)   Post Evacuate Collection Set: 7.1ms
[2026-01-16T08:31:08.616+0000][gc,phases   ] GC(201)   Other: 2.2ms
[2026-01-16T08:31:08.617+0000][gc,heap     ] GC(201) Eden regions: 50->0(49)
[2026-01-16T08:31:08.617+0000][gc,heap     ] GC(201) Survivor regions: 1->2(7)
[2026-01-16T08:31:08.618+0000][gc,heap     ] GC(201) Old regions: 49->49
[2026-01-16T08:31:08.618+0000][gc,heap     ] GC(201) Humongous regions: 30->30
[2026-01-16T08:31:08.618+0000][gc,metaspace] GC(201) Metaspace: 11303K(11648K)->11303K(11648K) NonClass: 10262K(10432K)->10262K(10432K) Class: 1040K(1216K)->1040K(1216K)
[2026-01-16T08:31:08.620+0000][gc          ] GC(201) Pause Young (Normal) (G1 Evacuation Pause) 128M->79M(1024M) 78.549ms
[2026-01-16T08:31:08.620+0000][gc,cpu      ] GC(201) User=0.06s Sys=0.00s Real=0.08s
[2026-01-16T08:31:15.966+0000][gc,start    ] GC(202) Pause Young (Normal) (G1 Evacuation Pause)
[2026-01-16T08:31:15.980+0000][gc,task     ] GC(202) Using 8 workers of 8 for evacuation
[2026-01-16T08:31:16.103+0000][gc,phases   ] GC(202)   Pre Evacuate Collection Set: 25.6ms
[2026-01-16T08:31:16.104+0000][gc,phases   ] GC(202)   Merge Heap Roots: 0.3ms
[2026-01-16T08:31:16.104+0000][gc,phases   ] GC(202)   Evacuate Collection Set: 82.5ms
[2026-01-16T08:31:16.105+0000][gc,phases   ] GC(202)   Post Evacuate Collection Set: 11.0ms
[2026-01-16T08:31:16.105+0000][gc,phases   ] GC(202)   Other: 3.8ms
[2026-01-16T08:31:16.106+0000][gc,heap     ] GC(202) Eden regions: 49->0(50)
[2026-01-16T08:31:16.108+0000][gc,heap     ] GC(202) Survivor regions: 2->1(7)
[2026-01-16T08:31:16.109+0000][gc,heap     ] GC(202) Old regions: 49->49
[2026-01-16T08:31:16.109+0000][gc,heap     ] GC(202) Humongous regions: 30->30
[2026-01-16T08:31:16.110+0000][gc,metaspace] GC(202) Metaspace: 11304K(11648K)->11304K(11648K) NonClass: 10263K(10432K)->10263K(10432K) Class: 1040K(1216K)->1040K(1216K)
[2026-01-16T08:31:16.114+0000][gc          ] GC(202) Pause Young (Normal) (G1 Evacuation Pause) 128M->78M(1024M) 148.272ms
[2026-01-16T08:31:16.131+0000][gc,cpu      ] GC(202) User=0.07s Sys=0.00s Real=0.16s
[2026-01-16T08:31:19.393+0000][gc,start    ] GC(203) Pause Young (Normal) (G1 Evacuation Pause)
[2026-01-16T08:31:19.410+0000][gc,task     ] GC(203) Using 8 workers of 8 for evacuation
[2026-01-16T08:31:19.699+0000][gc,mmu      ] GC(203) MMU target violated: 201.0ms (200.0ms/201.0ms)
[2026-01-16T08:31:19.700+0000][gc,phases   ] GC(203)   Pre Evacuate Collection Set: 27.7ms
[2026-01-16T08:31:19.701+0000][gc,phases   ] GC(203)   Merge Heap Roots: 0.3ms
[2026-01-16T08:31:19.704+0000][gc,phases   ] GC(203)   Evacuate Collection Set: 109.2ms
[2026-01-16T08:31:19.705+0000][gc,phases   ] GC(203)   Post Evacuate Collection Set: 144.3ms
[2026-01-16T08:31:19.706+0000][gc,phases   ] GC(203)   Other: 9.2ms
[2026-01-16T08:31:19.707+0000][gc,heap     ] GC(203) Eden regions: 50->0(50)
[2026-01-16T08:31:19.707+0000][gc,heap     ] GC(203) Survivor regions: 1->1(7)
[2026-01-16T08:31:19.708+0000][gc,heap     ] GC(203) Old regions: 49->49
[2026-01-16T08:31:19.709+0000][gc,heap     ] GC(203) Humongous regions: 30->30
[2026-01-16T08:31:19.710+0000][gc,metaspace] GC(203) Metaspace: 11304K(11648K)->11304K(11648K) NonClass: 10263K(10432K)->10263K(10432K) Class: 1040K(1216K)->1040K(1216K)
[2026-01-16T08:31:19.711+0000][gc          ] GC(203) Pause Young (Normal) (G1 Evacuation Pause) 128M->79M(1024M) 319.042ms
[2026-01-16T08:31:19.711+0000][gc,cpu      ] GC(203) User=0.17s Sys=0.03s Real=0.32s
[2026-01-16T08:31:21.178+0000][gc,start    ] GC(204) Pause Young (Normal) (G1 Evacuation Pause)
[2026-01-16T08:31:21.183+0000][gc,task     ] GC(204) Using 8 workers of 8 for evacuation
[2026-01-16T08:31:21.235+0000][gc,phases   ] GC(204)   Pre Evacuate Collection Set: 15.8ms
[2026-01-16T08:31:21.238+0000][gc,phases   ] GC(204)   Merge Heap Roots: 2.0ms
[2026-01-16T08:31:21.238+0000][gc,phases   ] GC(204)   Evacuate Collection Set: 26.0ms
[2026-01-16T08:31:21.239+0000][gc,phases   ] GC(204)   Post Evacuate Collection Set: 7.4ms
[2026-01-16T08:31:21.239+0000][gc,phases   ] GC(204)   Other: 1.1ms
[2026-01-16T08:31:21.240+0000][gc,heap     ] GC(204) Eden regions: 50->0(50)
[2026-01-16T08:31:21.241+0000][gc,heap     ] GC(204) Survivor regions: 1->1(7)
[2026-01-16T08:31:21.243+0000][gc,heap     ] GC(204) Old regions: 49->49
[2026-01-16T08:31:21.244+0000][gc,heap     ] GC(204) Humongous regions: 30->30
[2026-01-16T08:31:21.246+0000][gc,metaspace] GC(204) Metaspace: 11305K(11648K)->11305K(11648K) NonClass: 10265K(10432K)->10265K(10432K) Class: 1040K(1216K)->1040K(1216K)
[2026-01-16T08:31:21.247+0000][gc          ] GC(204) Pause Young (Normal) (G1 Evacuation Pause) 129M->78M(1024M) 68.855ms
[2026-01-16T08:31:21.247+0000][gc,cpu      ] GC(204) User=0.04s Sys=0.01s Real=0.07s
[2026-01-16T08:31:27.654+0000][gc,start    ] GC(205) Pause Young (Normal) (G1 Evacuation Pause)
[2026-01-16T08:31:27.655+0000][gc,task     ] GC(205) Using 8 workers of 8 for evacuation
[2026-01-16T08:31:27.870+0000][gc,mmu      ] GC(205) MMU target violated: 201.0ms (200.0ms/201.0ms)
[2026-01-16T08:31:27.873+0000][gc,phases   ] GC(205)   Pre Evacuate Collection Set: 46.4ms
[2026-01-16T08:31:27.875+0000][gc,phases   ] GC(205)   Merge Heap Roots: 0.5ms
[2026-01-16T08:31:27.882+0000][gc,phases   ] GC(205)   Evacuate Collection Set: 154.5ms
[2026-01-16T08:31:27.884+0000][gc,phases   ] GC(205)   Post Evacuate Collection Set: 9.8ms
[2026-01-16T08:31:27.885+0000][gc,phases   ] GC(205)   Other: 5.4ms
[2026-01-16T08:31:27.888+0000][gc,heap     ] GC(205) Eden regions: 50->0(50)
[2026-01-16T08:31:27.889+0000][gc,heap     ] GC(205) Survivor regions: 1->1(7)
[2026-01-16T08:31:27.900+0000][gc,heap     ] GC(205) Old regions: 49->49
[2026-01-16T08:31:27.903+0000][gc,heap     ] GC(205) Humongous regions: 30->30
[2026-01-16T08:31:27.904+0000][gc,metaspace] GC(205) Metaspace: 11305K(11648K)->11305K(11648K) NonClass: 10265K(10432K)->10265K(10432K) Class: 1040K(1216K)->1040K(1216K)
[2026-01-16T08:31:27.912+0000][gc          ] GC(205) Pause Young (Normal) (G1 Evacuation Pause) 128M->79M(1024M) 262.828ms
[2026-01-16T08:31:27.917+0000][gc,cpu      ] GC(205) User=0.09s Sys=0.01s Real=0.27s
[2026-01-16T08:31:29.147+0000][gc,start    ] GC(206) Pause Young (Normal) (G1 Evacuation Pause)
[2026-01-16T08:31:29.149+0000][gc,task     ] GC(206) Using 8 workers of 8 for evacuation
[2026-01-16T08:31:29.202+0000][gc,phases   ] GC(206)   Pre Evacuate Collection Set: 3.6ms
[2026-01-16T08:31:29.203+0000][gc,phases   ] GC(206)   Merge Heap Roots: 0.2ms
[2026-01-16T08:31:29.203+0000][gc,phases   ] GC(206)   Evacuate Collection Set: 47.5ms
[2026-01-16T08:31:29.205+0000][gc,phases   ] GC(206)   Post Evacuate Collection Set: 1.2ms
[2026-01-16T08:31:29.205+0000][gc,phases   ] GC(206)   Other: 0.9ms
[2026-01-16T08:31:29.206+0000][gc,heap     ] GC(206) Eden regions: 50->0(49)
[2026-01-16T08:31:29.206+0000][gc,heap     ] GC(206) Survivor regions: 1->2(7)
[2026-01-16T08:31:29.207+0000][gc,heap     ] GC(206) Old regions: 49->49
[2026-01-16T08:31:29.207+0000][gc,heap     ] GC(206) Humongous regions: 30->30
[2026-01-16T08:31:29.208+0000][gc,metaspace] GC(206) Metaspace: 11305K(11648K)->11305K(11648K) NonClass: 10265K(10432K)->10265K(10432K) Class: 1040K(1216K)->1040K(1216K)
[2026-01-16T08:31:29.209+0000][gc          ] GC(206) Pause Young (Normal) (G1 Evacuation Pause) 129M->80M(1024M) 61.413ms
[2026-01-16T08:31:29.210+0000][gc,cpu      ] GC(206) User=0.04s Sys=0.00s Real=0.06s
[2026-01-16T08:31:39.502+0000][gc,start    ] GC(207) Pause Young (Normal) (G1 Evacuation Pause)
[2026-01-16T08:31:39.510+0000][gc,task     ] GC(207) Using 8 workers of 8 for evacuation
[2026-01-16T08:31:39.748+0000][gc,mmu      ] GC(207) MMU target violated: 201.0ms (200.0ms/201.0ms)
[2026-01-16T08:31:39.748+0000][gc,phases   ] GC(207)   Pre Evacuate Collection Set: 65.9ms
[2026-01-16T08:31:39.749+0000][gc,phases   ] GC(207)   Merge Heap Roots: 2.7ms
[2026-01-16T08:31:39.749+0000][gc,phases   ] GC(207)   Evacuate Collection Set: 160.4ms
[2026-01-16T08:31:39.752+0000][gc,phases   ] GC(207)   Post Evacuate Collection Set: 4.8ms
[2026-01-16T08:31:39.757+0000][gc,phases   ] GC(207)   Other: 4.6ms
[2026-01-16T08:31:39.759+0000][gc,heap     ] GC(207) Eden regions: 49->0(50)
[2026-01-16T08:31:39.761+0000][gc,heap     ] GC(207) Survivor regions: 2->1(7)
[2026-01-16T08:31:39.762+0000][gc,heap     ] GC(207) Old regions: 49->49
[2026-01-16T08:31:39.763+0000][gc,heap     ] GC(207) Humongous regions: 30->30
[2026-01-16T08:31:39.764+0000][gc,metaspace] GC(207) Metaspace: 11305K(11648K)->11305K(11648K) NonClass: 10265K(10432K)->10265K(10432K) Class: 1040K(1216K)->1040K(1216K)
[2026-01-16T08:31:39.767+0000][gc          ] GC(207) Pause Young (Normal) (G1 Evacuation Pause) 129M->79M(1024M) 264.532ms
[2026-01-16T08:31:39.769+0000][gc,cpu      ] GC(207) User=0.13s Sys=0.01s Real=0.27s
[2026-01-16T08:31:42.353+0000][gc,start    ] GC(208) Pause Young (Normal) (G1 Evacuation Pause)
[2026-01-16T08:31:42.353+0000][gc,task     ] GC(208) Using 8 workers of 8 for evacuation
[2026-01-16T08:31:42.743+0000][gc,mmu      ] GC(208) MMU target violated: 201.0ms (200.0ms/201.0ms)
[2026-01-16T08:31:42.743+0000][gc,phases   ] GC(208)   Pre Evacuate Collection Set: 89.1ms
[2026-01-16T08:31:42.745+0000][gc,phases   ] GC(208)   Merge Heap Roots: 0.2ms
[2026-01-16T08:31:42.746+0000][gc,phases   ] GC(208)   Evacuate Collection Set: 222.2ms
[2026-01-16T08:31:42.747+0000][gc,phases   ] GC(208)   Post Evacuate Collection Set: 65.5ms
[2026-01-16T08:31:42.748+0000][gc,phases   ] GC(208)   Other: 12.9ms
[2026-01-16T08:31:42.749+0000][gc,heap     ] GC(208) Eden regions: 50->0(49)
[2026-01-16T08:31:42.750+0000][gc,heap     ] GC(208) Survivor regions: 1->2(7)
[2026-01-16T08:31:42.750+0000][gc,heap     ] GC(208) Old regions: 49->49
[2026-01-16T08:31:42.750+0000][gc,heap     ] GC(208) Humongous regions: 30->30
[2026-01-16T08:31:42.750+0000][gc,metaspace] GC(208) Metaspace: 11308K(11648K)->11308K(11648K) NonClass: 10267K(10432K)->10267K(10432K) Class: 1040K(1216K)->1040K(1216K)
[2026-01-16T08:31:42.753+0000][gc          ] GC(208) Pause Young (Normal) (G1 Evacuation Pause) 129M->80M(1024M) 400.606ms
[2026-01-16T08:31:42.754+0000][gc,cpu      ] GC(208) User=0.13s Sys=0.01s Real=0.40s
[2026-01-16T08:31:50.643+0000][gc,start    ] GC(209) Pause Young (Normal) (G1 Evacuation Pause)
[2026-01-16T08:31:50.692+0000][gc,task     ] GC(209) Using 8 workers of 8 for evacuation
[2026-01-16T08:31:51.743+0000][gc,mmu      ] GC(209) MMU target violated: 201.0ms (200.0ms/201.0ms)
[2026-01-16T08:31:51.760+0000][gc,phases   ] GC(209)   Pre Evacuate Collection Set: 156.6ms
[2026-01-16T08:31:51.763+0000][gc,phases   ] GC(209)   Merge Heap Roots: 4.0ms
[2026-01-16T08:31:51.764+0000][gc,phases   ] GC(209)   Evacuate Collection Set: 708.7ms
[2026-01-16T08:31:51.764+0000][gc,phases   ] GC(209)   Post Evacuate Collection Set: 128.5ms
[2026-01-16T08:31:51.764+0000][gc,phases   ] GC(209)   Other: 85.8ms
[2026-01-16T08:31:51.764+0000][gc,heap     ] GC(209) Eden regions: 49->0(50)
[2026-01-16T08:31:51.767+0000][gc,heap     ] GC(209) Survivor regions: 2->1(7)
[2026-01-16T08:31:51.772+0000][gc,heap     ] GC(209) Old regions: 49->49
[2026-01-16T08:31:51.779+0000][gc,heap     ] GC(209) Humongous regions: 30->30
[2026-01-16T08:31:51.790+0000][gc,metaspace] GC(209) Metaspace: 11309K(11648K)->11309K(11648K) NonClass: 10269K(10432K)->10269K(10432K) Class: 1040K(1216K)->1040K(1216K)
[2026-01-16T08:31:51.792+0000][gc          ] GC(209) Pause Young (Normal) (G1 Evacuation Pause) 129M->79M(1024M) 1148.985ms
[2026-01-16T08:31:51.795+0000][gc,cpu      ] GC(209) User=0.45s Sys=0.07s Real=1.17s
[2026-01-16T08:32:01.623+0000][gc,start    ] GC(210) Pause Young (Normal) (G1 Evacuation Pause)
[2026-01-16T08:32:01.662+0000][gc,task     ] GC(210) Using 8 workers of 8 for evacuation
[2026-01-16T08:32:02.571+0000][gc,mmu      ] GC(210) MMU target violated: 201.0ms (200.0ms/201.0ms)
[2026-01-16T08:32:02.572+0000][gc,phases   ] GC(210)   Pre Evacuate Collection Set: 129.0ms
[2026-01-16T08:32:02.573+0000][gc,phases   ] GC(210)   Merge Heap Roots: 26.0ms
[2026-01-16T08:32:02.573+0000][gc,phases   ] GC(210)   Evacuate Collection Set: 700.1ms
[2026-01-16T08:32:02.573+0000][gc,phases   ] GC(210)   Post Evacuate Collection Set: 31.2ms
[2026-01-16T08:32:02.573+0000][gc,phases   ] GC(210)   Other: 31.1ms
[2026-01-16T08:32:02.574+0000][gc,heap     ] GC(210) Eden regions: 50->0(49)
[2026-01-16T08:32:02.575+0000][gc,heap     ] GC(210) Survivor regions: 1->2(7)
[2026-01-16T08:32:02.575+0000][gc,heap     ] GC(210) Old regions: 49->49
[2026-01-16T08:32:02.576+0000][gc,heap     ] GC(210) Humongous regions: 30->30
[2026-01-16T08:32:02.577+0000][gc,metaspace] GC(210) Metaspace: 11312K(11712K)->11312K(11712K) NonClass: 10272K(10496K)->10272K(10496K) Class: 1040K(1216K)->1040K(1216K)
[2026-01-16T08:32:02.580+0000][gc          ] GC(210) Pause Young (Normal) (G1 Evacuation Pause) 129M->79M(1024M) 968.571ms
[2026-01-16T08:32:02.581+0000][gc,cpu      ] GC(210) User=0.32s Sys=0.04s Real=0.97s
[2026-01-16T08:32:11.092+0000][gc,start    ] GC(211) Pause Young (Normal) (G1 Evacuation Pause)
[2026-01-16T08:32:11.101+0000][gc,task     ] GC(211) Using 8 workers of 8 for evacuation
[2026-01-16T08:32:12.003+0000][gc,mmu      ] GC(211) MMU target violated: 201.0ms (200.0ms/201.0ms)
[2026-01-16T08:32:12.004+0000][gc,phases   ] GC(211)   Pre Evacuate Collection Set: 35.4ms
[2026-01-16T08:32:12.006+0000][gc,phases   ] GC(211)   Merge Heap Roots: 2.5ms
[2026-01-16T08:32:12.010+0000][gc,phases   ] GC(211)   Evacuate Collection Set: 576.6ms
[2026-01-16T08:32:12.011+0000][gc,phases   ] GC(211)   Post Evacuate Collection Set: 215.6ms
[2026-01-16T08:32:12.012+0000][gc,phases   ] GC(211)   Other: 75.2ms
[2026-01-16T08:32:12.027+0000][gc,heap     ] GC(211) Eden regions: 49->0(49)
[2026-01-16T08:32:12.032+0000][gc,heap     ] GC(211) Survivor regions: 2->2(7)
[2026-01-16T08:32:12.034+0000][gc,heap     ] GC(211) Old regions: 49->49
[2026-01-16T08:32:12.038+0000][gc,heap     ] GC(211) Humongous regions: 30->30
[2026-01-16T08:32:12.045+0000][gc,metaspace] GC(211) Metaspace: 11315K(11712K)->11315K(11712K) NonClass: 10275K(10496K)->10275K(10496K) Class: 1040K(1216K)->1040K(1216K)
[2026-01-16T08:32:12.051+0000][gc          ] GC(211) Pause Young (Normal) (G1 Evacuation Pause) 128M->80M(1024M) 958.154ms
[2026-01-16T08:32:12.052+0000][gc,cpu      ] GC(211) User=0.47s Sys=0.07s Real=0.98s
[2026-01-16T08:32:16.740+0000][gc,start    ] GC(212) Pause Young (Normal) (G1 Evacuation Pause)
[2026-01-16T08:32:16.759+0000][gc,task     ] GC(212) Using 8 workers of 8 for evacuation
[2026-01-16T08:32:17.698+0000][gc,mmu      ] GC(212) MMU target violated: 201.0ms (200.0ms/201.0ms)
[2026-01-16T08:32:17.700+0000][gc,phases   ] GC(212)   Pre Evacuate Collection Set: 87.8ms
[2026-01-16T08:32:17.702+0000][gc,phases   ] GC(212)   Merge Heap Roots: 18.5ms
[2026-01-16T08:32:17.706+0000][gc,phases   ] GC(212)   Evacuate Collection Set: 698.5ms
[2026-01-16T08:32:17.708+0000][gc,phases   ] GC(212)   Post Evacuate Collection Set: 133.2ms
[2026-01-16T08:32:17.710+0000][gc,phases   ] GC(212)   Other: 4.1ms
[2026-01-16T08:32:17.716+0000][gc,heap     ] GC(212) Eden regions: 49->0(48)
[2026-01-16T08:32:17.716+0000][gc,heap     ] GC(212) Survivor regions: 2->3(7)
[2026-01-16T08:32:17.718+0000][gc,heap     ] GC(212) Old regions: 49->49
[2026-01-16T08:32:17.719+0000][gc,heap     ] GC(212) Humongous regions: 30->30
[2026-01-16T08:32:17.720+0000][gc,metaspace] GC(212) Metaspace: 11318K(11712K)->11318K(11712K) NonClass: 10277K(10496K)->10277K(10496K) Class: 1040K(1216K)->1040K(1216K)
[2026-01-16T08:32:17.721+0000][gc          ] GC(212) Pause Young (Normal) (G1 Evacuation Pause) 129M->81M(1024M) 981.144ms
[2026-01-16T08:32:17.722+0000][gc,cpu      ] GC(212) User=0.31s Sys=0.01s Real=0.98s
[2026-01-16T08:32:21.043+0000][gc,start    ] GC(213) Pause Young (Normal) (G1 Evacuation Pause)
[2026-01-16T08:32:21.079+0000][gc,task     ] GC(213) Using 8 workers of 8 for evacuation
[2026-01-16T08:32:22.375+0000][gc,mmu      ] GC(213) MMU target violated: 201.0ms (200.0ms/201.0ms)
[2026-01-16T08:32:22.377+0000][gc,phases   ] GC(213)   Pre Evacuate Collection Set: 157.1ms
[2026-01-16T08:32:22.377+0000][gc,phases   ] GC(213)   Merge Heap Roots: 23.7ms
[2026-01-16T08:32:22.377+0000][gc,phases   ] GC(213)   Evacuate Collection Set: 970.8ms
[2026-01-16T08:32:22.377+0000][gc,phases   ] GC(213)   Post Evacuate Collection Set: 133.1ms
[2026-01-16T08:32:22.379+0000][gc,phases   ] GC(213)   Other: 39.2ms
[2026-01-16T08:32:22.381+0000][gc,heap     ] GC(213) Eden regions: 48->0(48)
[2026-01-16T08:32:22.382+0000][gc,heap     ] GC(213) Survivor regions: 3->3(7)
[2026-01-16T08:32:22.384+0000][gc,heap     ] GC(213) Old regions: 49->49
[2026-01-16T08:32:22.394+0000][gc,heap     ] GC(213) Humongous regions: 30->30
[2026-01-16T08:32:22.397+0000][gc,metaspace] GC(213) Metaspace: 11318K(11712K)->11318K(11712K) NonClass: 10278K(10496K)->10278K(10496K) Class: 1040K(1216K)->1040K(1216K)
[2026-01-16T08:32:22.410+0000][gc          ] GC(213) Pause Young (Normal) (G1 Evacuation Pause) 129M->80M(1024M) 1403.796ms
[2026-01-16T08:32:22.412+0000][gc,cpu      ] GC(213) User=0.36s Sys=0.04s Real=1.41s
[2026-01-16T08:32:26.583+0000][gc,start    ] GC(214) Pause Young (Normal) (G1 Evacuation Pause)
[2026-01-16T08:32:26.634+0000][gc,task     ] GC(214) Using 8 workers of 8 for evacuation
[2026-01-16T08:32:27.023+0000][gc,mmu      ] GC(214) MMU target violated: 201.0ms (200.0ms/201.0ms)
[2026-01-16T08:32:27.024+0000][gc,phases   ] GC(214)   Pre Evacuate Collection Set: 112.3ms
[2026-01-16T08:32:27.024+0000][gc,phases   ] GC(214)   Merge Heap Roots: 7.9ms
[2026-01-16T08:32:27.025+0000][gc,phases   ] GC(214)   Evacuate Collection Set: 257.2ms
[2026-01-16T08:32:27.026+0000][gc,phases   ] GC(214)   Post Evacuate Collection Set: 10.1ms
[2026-01-16T08:32:27.026+0000][gc,phases   ] GC(214)   Other: 38.9ms
[2026-01-16T08:32:27.027+0000][gc,heap     ] GC(214) Eden regions: 48->0(48)
[2026-01-16T08:32:27.030+0000][gc,heap     ] GC(214) Survivor regions: 3->3(7)
[2026-01-16T08:32:27.031+0000][gc,heap     ] GC(214) Old regions: 49->49
[2026-01-16T08:32:27.032+0000][gc,heap     ] GC(214) Humongous regions: 30->30
[2026-01-16T08:32:27.033+0000][gc,metaspace] GC(214) Metaspace: 11333K(11712K)->11333K(11712K) NonClass: 10293K(10496K)->10293K(10496K) Class: 1040K(1216K)->1040K(1216K)
[2026-01-16T08:32:27.035+0000][gc          ] GC(214) Pause Young (Normal) (G1 Evacuation Pause) 128M->81M(1024M) 451.606ms
[2026-01-16T08:32:27.035+0000][gc,cpu      ] GC(214) User=0.23s Sys=0.01s Real=0.45s
[2026-01-16T08:32:32.846+0000][gc,start    ] GC(215) Pause Young (Normal) (G1 Evacuation Pause)
[2026-01-16T08:32:32.876+0000][gc,task     ] GC(215) Using 8 workers of 8 for evacuation
[2026-01-16T08:32:33.349+0000][gc,mmu      ] GC(215) MMU target violated: 201.0ms (200.0ms/201.0ms)
[2026-01-16T08:32:33.350+0000][gc,phases   ] GC(215)   Pre Evacuate Collection Set: 115.2ms
[2026-01-16T08:32:33.351+0000][gc,phases   ] GC(215)   Merge Heap Roots: 2.4ms
[2026-01-16T08:32:33.355+0000][gc,phases   ] GC(215)   Evacuate Collection Set: 338.5ms
[2026-01-16T08:32:33.367+0000][gc,phases   ] GC(215)   Post Evacuate Collection Set: 13.5ms
[2026-01-16T08:32:33.368+0000][gc,phases   ] GC(215)   Other: 5.4ms
[2026-01-16T08:32:33.368+0000][gc,heap     ] GC(215) Eden regions: 48->0(47)
[2026-01-16T08:32:33.368+0000][gc,heap     ] GC(215) Survivor regions: 3->4(7)
[2026-01-16T08:32:33.368+0000][gc,heap     ] GC(215) Old regions: 49->49
[2026-01-16T08:32:33.368+0000][gc,heap     ] GC(215) Humongous regions: 30->30
[2026-01-16T08:32:33.368+0000][gc,metaspace] GC(215) Metaspace: 11337K(11712K)->11337K(11712K) NonClass: 10297K(10496K)->10297K(10496K) Class: 1040K(1216K)->1040K(1216K)
[2026-01-16T08:32:33.368+0000][gc          ] GC(215) Pause Young (Normal) (G1 Evacuation Pause) 129M->82M(1024M) 522.223ms
[2026-01-16T08:32:33.368+0000][gc,cpu      ] GC(215) User=0.30s Sys=0.01s Real=0.53s
[2026-01-16T08:32:37.608+0000][gc,start    ] GC(216) Pause Young (Normal) (G1 Evacuation Pause)
[2026-01-16T08:32:37.623+0000][gc,task     ] GC(216) Using 8 workers of 8 for evacuation
[2026-01-16T08:32:38.192+0000][gc,mmu      ] GC(216) MMU target violated: 201.0ms (200.0ms/201.0ms)
[2026-01-16T08:32:38.193+0000][gc,phases   ] GC(216)   Pre Evacuate Collection Set: 46.7ms
[2026-01-16T08:32:38.195+0000][gc,phases   ] GC(216)   Merge Heap Roots: 7.7ms
[2026-01-16T08:32:38.196+0000][gc,phases   ] GC(216)   Evacuate Collection Set: 476.0ms
[2026-01-16T08:32:38.197+0000][gc,phases   ] GC(216)   Post Evacuate Collection Set: 37.2ms
[2026-01-16T08:32:38.198+0000][gc,phases   ] GC(216)   Other: 3.3ms
[2026-01-16T08:32:38.201+0000][gc,heap     ] GC(216) Eden regions: 47->0(46)
[2026-01-16T08:32:38.201+0000][gc,heap     ] GC(216) Survivor regions: 4->5(7)
[2026-01-16T08:32:38.202+0000][gc,heap     ] GC(216) Old regions: 49->49
[2026-01-16T08:32:38.202+0000][gc,heap     ] GC(216) Humongous regions: 30->30
[2026-01-16T08:32:38.203+0000][gc,metaspace] GC(216) Metaspace: 11337K(11712K)->11337K(11712K) NonClass: 10297K(10496K)->10297K(10496K) Class: 1040K(1216K)->1040K(1216K)
[2026-01-16T08:32:38.209+0000][gc          ] GC(216) Pause Young (Normal) (G1 Evacuation Pause) 129M->82M(1024M) 600.821ms
[2026-01-16T08:32:38.210+0000][gc,cpu      ] GC(216) User=0.38s Sys=0.06s Real=0.60s
[2026-01-16T08:32:40.672+0000][gc,start    ] GC(217) Pause Young (Normal) (G1 Evacuation Pause)
[2026-01-16T08:32:40.676+0000][gc,task     ] GC(217) Using 8 workers of 8 for evacuation
[2026-01-16T08:32:41.023+0000][gc,mmu      ] GC(217) MMU target violated: 201.0ms (200.0ms/201.0ms)
[2026-01-16T08:32:41.024+0000][gc,phases   ] GC(217)   Pre Evacuate Collection Set: 119.2ms
[2026-01-16T08:32:41.024+0000][gc,phases   ] GC(217)   Merge Heap Roots: 8.3ms
[2026-01-16T08:32:41.025+0000][gc,phases   ] GC(217)   Evacuate Collection Set: 208.6ms
[2026-01-16T08:32:41.025+0000][gc,phases   ] GC(217)   Post Evacuate Collection Set: 9.4ms
[2026-01-16T08:32:41.025+0000][gc,phases   ] GC(217)   Other: 2.8ms
[2026-01-16T08:32:41.026+0000][gc,heap     ] GC(217) Eden regions: 46->0(46)
[2026-01-16T08:32:41.027+0000][gc,heap     ] GC(217) Survivor regions: 5->5(7)
[2026-01-16T08:32:41.027+0000][gc,heap     ] GC(217) Old regions: 49->49
[2026-01-16T08:32:41.028+0000][gc,heap     ] GC(217) Humongous regions: 30->30
[2026-01-16T08:32:41.030+0000][gc,metaspace] GC(217) Metaspace: 11339K(11712K)->11339K(11712K) NonClass: 10299K(10496K)->10299K(10496K) Class: 1040K(1216K)->1040K(1216K)
[2026-01-16T08:32:41.031+0000][gc          ] GC(217) Pause Young (Normal) (G1 Evacuation Pause) 128M->83M(1024M) 358.616ms
[2026-01-16T08:32:41.032+0000][gc,cpu      ] GC(217) User=0.24s Sys=0.02s Real=0.36s
[2026-01-16T08:32:42.118+0000][gc,start    ] GC(218) Pause Young (Normal) (G1 Evacuation Pause)
[2026-01-16T08:32:42.128+0000][gc,task     ] GC(218) Using 8 workers of 8 for evacuation
[2026-01-16T08:32:42.224+0000][gc,phases   ] GC(218)   Pre Evacuate Collection Set: 3.3ms
[2026-01-16T08:32:42.227+0000][gc,phases   ] GC(218)   Merge Heap Roots: 0.6ms
[2026-01-16T08:32:42.228+0000][gc,phases   ] GC(218)   Evacuate Collection Set: 82.7ms
[2026-01-16T08:32:42.228+0000][gc,phases   ] GC(218)   Post Evacuate Collection Set: 7.3ms
[2026-01-16T08:32:42.229+0000][gc,phases   ] GC(218)   Other: 2.1ms
[2026-01-16T08:32:42.230+0000][gc,heap     ] GC(218) Eden regions: 46->0(46)
[2026-01-16T08:32:42.230+0000][gc,heap     ] GC(218) Survivor regions: 5->5(7)
[2026-01-16T08:32:42.230+0000][gc,heap     ] GC(218) Old regions: 49->50
[2026-01-16T08:32:42.231+0000][gc,heap     ] GC(218) Humongous regions: 30->30
[2026-01-16T08:32:42.232+0000][gc,metaspace] GC(218) Metaspace: 11339K(11712K)->11339K(11712K) NonClass: 10299K(10496K)->10299K(10496K) Class: 1040K(1216K)->1040K(1216K)
[2026-01-16T08:32:42.233+0000][gc          ] GC(218) Pause Young (Normal) (G1 Evacuation Pause) 129M->83M(1024M) 114.808ms
[2026-01-16T08:32:42.233+0000][gc,cpu      ] GC(218) User=0.06s Sys=0.02s Real=0.11s
[2026-01-16T08:32:43.938+0000][gc,start    ] GC(219) Pause Young (Normal) (G1 Evacuation Pause)
[2026-01-16T08:32:43.939+0000][gc,task     ] GC(219) Using 8 workers of 8 for evacuation
[2026-01-16T08:32:44.624+0000][gc,mmu      ] GC(219) MMU target violated: 201.0ms (200.0ms/201.0ms)
[2026-01-16T08:32:44.626+0000][gc,phases   ] GC(219)   Pre Evacuate Collection Set: 7.9ms
[2026-01-16T08:32:44.626+0000][gc,phases   ] GC(219)   Merge Heap Roots: 4.2ms
[2026-01-16T08:32:44.627+0000][gc,phases   ] GC(219)   Evacuate Collection Set: 643.5ms
[2026-01-16T08:32:44.627+0000][gc,phases   ] GC(219)   Post Evacuate Collection Set: 28.4ms
[2026-01-16T08:32:44.627+0000][gc,phases   ] GC(219)   Other: 3.0ms
[2026-01-16T08:32:44.627+0000][gc,heap     ] GC(219) Eden regions: 46->0(46)
[2026-01-16T08:32:44.631+0000][gc,heap     ] GC(219) Survivor regions: 5->5(7)
[2026-01-16T08:32:44.631+0000][gc,heap     ] GC(219) Old regions: 50->50
[2026-01-16T08:32:44.631+0000][gc,heap     ] GC(219) Humongous regions: 30->30
[2026-01-16T08:32:44.631+0000][gc,metaspace] GC(219) Metaspace: 11351K(11712K)->11351K(11712K) NonClass: 10311K(10496K)->10311K(10496K) Class: 1040K(1216K)->1040K(1216K)
[2026-01-16T08:32:44.633+0000][gc          ] GC(219) Pause Young (Normal) (G1 Evacuation Pause) 129M->83M(1024M) 694.603ms
[2026-01-16T08:32:44.633+0000][gc,cpu      ] GC(219) User=0.31s Sys=0.03s Real=0.69s
[2026-01-16T08:32:47.335+0000][gc,start    ] GC(220) Pause Young (Normal) (G1 Evacuation Pause)
[2026-01-16T08:32:47.337+0000][gc,task     ] GC(220) Using 8 workers of 8 for evacuation
[2026-01-16T08:32:47.506+0000][gc,phases   ] GC(220)   Pre Evacuate Collection Set: 37.2ms
[2026-01-16T08:32:47.506+0000][gc,phases   ] GC(220)   Merge Heap Roots: 1.5ms
[2026-01-16T08:32:47.509+0000][gc,phases   ] GC(220)   Evacuate Collection Set: 116.5ms
[2026-01-16T08:32:47.509+0000][gc,phases   ] GC(220)   Post Evacuate Collection Set: 7.7ms
[2026-01-16T08:32:47.510+0000][gc,phases   ] GC(220)   Other: 5.6ms
[2026-01-16T08:32:47.510+0000][gc,heap     ] GC(220) Eden regions: 46->0(46)
[2026-01-16T08:32:47.511+0000][gc,heap     ] GC(220) Survivor regions: 5->5(7)
[2026-01-16T08:32:47.512+0000][gc,heap     ] GC(220) Old regions: 50->51
[2026-01-16T08:32:47.512+0000][gc,heap     ] GC(220) Humongous regions: 30->30
[2026-01-16T08:32:47.513+0000][gc,metaspace] GC(220) Metaspace: 11353K(11712K)->11353K(11712K) NonClass: 10312K(10496K)->10312K(10496K) Class: 1040K(1216K)->1040K(1216K)
[2026-01-16T08:32:47.513+0000][gc          ] GC(220) Pause Young (Normal) (G1 Evacuation Pause) 129M->84M(1024M) 178.273ms
[2026-01-16T08:32:47.514+0000][gc,cpu      ] GC(220) User=0.10s Sys=0.00s Real=0.18s
[2026-01-16T08:32:51.449+0000][gc,start    ] GC(221) Pause Young (Normal) (G1 Evacuation Pause)
[2026-01-16T08:32:51.454+0000][gc,task     ] GC(221) Using 8 workers of 8 for evacuation
[2026-01-16T08:32:53.116+0000][gc,mmu      ] GC(221) MMU target violated: 201.0ms (200.0ms/201.0ms)
[2026-01-16T08:32:53.119+0000][gc,phases   ] GC(221)   Pre Evacuate Collection Set: 69.5ms
[2026-01-16T08:32:53.120+0000][gc,phases   ] GC(221)   Merge Heap Roots: 132.2ms
[2026-01-16T08:32:53.121+0000][gc,phases   ] GC(221)   Evacuate Collection Set: 1414.2ms
[2026-01-16T08:32:53.121+0000][gc,phases   ] GC(221)   Post Evacuate Collection Set: 35.8ms
[2026-01-16T08:32:53.122+0000][gc,phases   ] GC(221)   Other: 12.3ms
[2026-01-16T08:32:53.123+0000][gc,heap     ] GC(221) Eden regions: 46->0(47)
[2026-01-16T08:32:53.124+0000][gc,heap     ] GC(221) Survivor regions: 5->4(7)
[2026-01-16T08:32:53.125+0000][gc,heap     ] GC(221) Old regions: 51->52
[2026-01-16T08:32:53.126+0000][gc,heap     ] GC(221) Humongous regions: 30->30
[2026-01-16T08:32:53.127+0000][gc,metaspace] GC(221) Metaspace: 11355K(11712K)->11355K(11712K) NonClass: 10315K(10496K)->10315K(10496K) Class: 1040K(1216K)->1040K(1216K)
[2026-01-16T08:32:53.128+0000][gc          ] GC(221) Pause Young (Normal) (G1 Evacuation Pause) 130M->85M(1024M) 1678.477ms
[2026-01-16T08:32:53.129+0000][gc,cpu      ] GC(221) User=0.54s Sys=0.09s Real=1.68s
[2026-01-16T08:32:57.674+0000][gc,start    ] GC(222) Pause Young (Normal) (G1 Evacuation Pause)
[2026-01-16T08:32:57.680+0000][gc,task     ] GC(222) Using 8 workers of 8 for evacuation
[2026-01-16T08:32:59.284+0000][gc,mmu      ] GC(222) MMU target violated: 201.0ms (200.0ms/201.0ms)
[2026-01-16T08:32:59.291+0000][gc,phases   ] GC(222)   Pre Evacuate Collection Set: 21.3ms
[2026-01-16T08:32:59.291+0000][gc,phases   ] GC(222)   Merge Heap Roots: 0.2ms
[2026-01-16T08:32:59.299+0000][gc,phases   ] GC(222)   Evacuate Collection Set: 1300.7ms
[2026-01-16T08:32:59.313+0000][gc,phases   ] GC(222)   Post Evacuate Collection Set: 279.5ms
[2026-01-16T08:32:59.321+0000][gc,phases   ] GC(222)   Other: 10.2ms
[2026-01-16T08:32:59.329+0000][gc,heap     ] GC(222) Eden regions: 47->0(47)
[2026-01-16T08:32:59.330+0000][gc,heap     ] GC(222) Survivor regions: 4->4(7)
[2026-01-16T08:32:59.332+0000][gc,heap     ] GC(222) Old regions: 52->53
[2026-01-16T08:32:59.333+0000][gc,heap     ] GC(222) Humongous regions: 30->30
[2026-01-16T08:32:59.336+0000][gc,metaspace] GC(222) Metaspace: 11355K(11712K)->11355K(11712K) NonClass: 10315K(10496K)->10315K(10496K) Class: 1040K(1216K)->1040K(1216K)
[2026-01-16T08:32:59.344+0000][gc          ] GC(222) Pause Young (Normal) (G1 Evacuation Pause) 132M->86M(1024M) 1670.174ms
[2026-01-16T08:32:59.347+0000][gc,cpu      ] GC(222) User=0.73s Sys=0.21s Real=1.67s
[2026-01-16T08:33:03.376+0000][gc,start    ] GC(223) Pause Young (Normal) (G1 Evacuation Pause)
[2026-01-16T08:33:03.384+0000][gc,task     ] GC(223) Using 8 workers of 8 for evacuation
[2026-01-16T08:33:03.854+0000][gc,mmu      ] GC(223) MMU target violated: 201.0ms (200.0ms/201.0ms)
[2026-01-16T08:33:03.934+0000][gc,phases   ] GC(223)   Pre Evacuate Collection Set: 79.7ms
[2026-01-16T08:33:03.935+0000][gc,phases   ] GC(223)   Merge Heap Roots: 0.4ms
[2026-01-16T08:33:03.936+0000][gc,phases   ] GC(223)   Evacuate Collection Set: 364.5ms
[2026-01-16T08:33:03.936+0000][gc,phases   ] GC(223)   Post Evacuate Collection Set: 18.4ms
[2026-01-16T08:33:03.938+0000][gc,phases   ] GC(223)   Other: 87.0ms
[2026-01-16T08:33:03.939+0000][gc,heap     ] GC(223) Eden regions: 47->0(46)
[2026-01-16T08:33:03.953+0000][gc,heap     ] GC(223) Survivor regions: 4->5(7)
[2026-01-16T08:33:03.955+0000][gc,heap     ] GC(223) Old regions: 53->53
[2026-01-16T08:33:03.956+0000][gc,heap     ] GC(223) Humongous regions: 30->30
[2026-01-16T08:33:03.956+0000][gc,metaspace] GC(223) Metaspace: 11357K(11712K)->11357K(11712K) NonClass: 10317K(10496K)->10317K(10496K) Class: 1040K(1216K)->1040K(1216K)
[2026-01-16T08:33:03.961+0000][gc          ] GC(223) Pause Young (Normal) (G1 Evacuation Pause) 133M->86M(1024M) 584.960ms
[2026-01-16T08:33:03.967+0000][gc,cpu      ] GC(223) User=0.17s Sys=0.03s Real=0.59s
[2026-01-16T08:33:07.888+0000][gc,start    ] GC(224) Pause Young (Normal) (G1 Evacuation Pause)
[2026-01-16T08:33:07.889+0000][gc,task     ] GC(224) Using 8 workers of 8 for evacuation
[2026-01-16T08:33:08.561+0000][gc,mmu      ] GC(224) MMU target violated: 201.0ms (200.0ms/201.0ms)
[2026-01-16T08:33:08.563+0000][gc,phases   ] GC(224)   Pre Evacuate Collection Set: 53.1ms
[2026-01-16T08:33:08.564+0000][gc,phases   ] GC(224)   Merge Heap Roots: 0.5ms
[2026-01-16T08:33:08.564+0000][gc,phases   ] GC(224)   Evacuate Collection Set: 607.7ms
[2026-01-16T08:33:08.569+0000][gc,phases   ] GC(224)   Post Evacuate Collection Set: 7.7ms
[2026-01-16T08:33:08.572+0000][gc,phases   ] GC(224)   Other: 5.6ms
[2026-01-16T08:33:08.572+0000][gc,heap     ] GC(224) Eden regions: 46->0(46)
[2026-01-16T08:33:08.573+0000][gc,heap     ] GC(224) Survivor regions: 5->5(7)
[2026-01-16T08:33:08.574+0000][gc,heap     ] GC(224) Old regions: 53->53
[2026-01-16T08:33:08.574+0000][gc,heap     ] GC(224) Humongous regions: 30->30
[2026-01-16T08:33:08.575+0000][gc,metaspace] GC(224) Metaspace: 11359K(11712K)->11359K(11712K) NonClass: 10319K(10496K)->10319K(10496K) Class: 1040K(1216K)->1040K(1216K)
[2026-01-16T08:33:08.614+0000][gc          ] GC(224) Pause Young (Normal) (G1 Evacuation Pause) 132M->87M(1024M) 726.055ms
[2026-01-16T08:33:08.619+0000][gc,cpu      ] GC(224) User=0.17s Sys=0.03s Real=0.74s
[2026-01-16T08:33:11.023+0000][gc,start    ] GC(225) Pause Young (Normal) (G1 Evacuation Pause)
[2026-01-16T08:33:11.079+0000][gc,task     ] GC(225) Using 8 workers of 8 for evacuation
[2026-01-16T08:33:11.597+0000][gc,mmu      ] GC(225) MMU target violated: 201.0ms (200.0ms/201.0ms)
[2026-01-16T08:33:11.614+0000][gc,phases   ] GC(225)   Pre Evacuate Collection Set: 30.2ms
[2026-01-16T08:33:11.620+0000][gc,phases   ] GC(225)   Merge Heap Roots: 6.3ms
[2026-01-16T08:33:11.622+0000][gc,phases   ] GC(225)   Evacuate Collection Set: 413.1ms
[2026-01-16T08:33:11.623+0000][gc,phases   ] GC(225)   Post Evacuate Collection Set: 50.0ms
[2026-01-16T08:33:11.629+0000][gc,phases   ] GC(225)   Other: 35.9ms
[2026-01-16T08:33:11.630+0000][gc,heap     ] GC(225) Eden regions: 46->0(46)
[2026-01-16T08:33:11.631+0000][gc,heap     ] GC(225) Survivor regions: 5->5(7)
[2026-01-16T08:33:11.634+0000][gc,heap     ] GC(225) Old regions: 53->54
[2026-01-16T08:33:11.636+0000][gc,heap     ] GC(225) Humongous regions: 30->30
[2026-01-16T08:33:11.639+0000][gc,metaspace] GC(225) Metaspace: 11359K(11712K)->11359K(11712K) NonClass: 10319K(10496K)->10319K(10496K) Class: 1040K(1216K)->1040K(1216K)
[2026-01-16T08:33:11.645+0000][gc          ] GC(225) Pause Young (Normal) (G1 Evacuation Pause) 133M->87M(1024M) 622.055ms
[2026-01-16T08:33:11.648+0000][gc,cpu      ] GC(225) User=0.18s Sys=0.04s Real=0.62s
[2026-01-16T08:33:15.376+0000][gc,start    ] GC(226) Pause Young (Normal) (G1 Evacuation Pause)
[2026-01-16T08:33:15.378+0000][gc,task     ] GC(226) Using 8 workers of 8 for evacuation
[2026-01-16T08:33:15.548+0000][gc,phases   ] GC(226)   Pre Evacuate Collection Set: 12.0ms
[2026-01-16T08:33:15.549+0000][gc,phases   ] GC(226)   Merge Heap Roots: 0.3ms
[2026-01-16T08:33:15.550+0000][gc,phases   ] GC(226)   Evacuate Collection Set: 142.8ms
[2026-01-16T08:33:15.551+0000][gc,phases   ] GC(226)   Post Evacuate Collection Set: 14.7ms
[2026-01-16T08:33:15.552+0000][gc,phases   ] GC(226)   Other: 0.5ms
[2026-01-16T08:33:15.552+0000][gc,heap     ] GC(226) Eden regions: 46->0(47)
[2026-01-16T08:33:15.552+0000][gc,heap     ] GC(226) Survivor regions: 5->4(7)
[2026-01-16T08:33:15.552+0000][gc,heap     ] GC(226) Old regions: 54->55
[2026-01-16T08:33:15.553+0000][gc,heap     ] GC(226) Humongous regions: 30->30
[2026-01-16T08:33:15.553+0000][gc,metaspace] GC(226) Metaspace: 11359K(11712K)->11359K(11712K) NonClass: 10319K(10496K)->10319K(10496K) Class: 1040K(1216K)->1040K(1216K)
[2026-01-16T08:33:15.553+0000][gc          ] GC(226) Pause Young (Normal) (G1 Evacuation Pause) 133M->88M(1024M) 177.027ms
[2026-01-16T08:33:15.553+0000][gc,cpu      ] GC(226) User=0.09s Sys=0.02s Real=0.18s
[2026-01-16T08:33:19.300+0000][gc,start    ] GC(227) Pause Young (Normal) (G1 Evacuation Pause)
[2026-01-16T08:33:19.304+0000][gc,task     ] GC(227) Using 8 workers of 8 for evacuation
[2026-01-16T08:33:19.473+0000][gc,phases   ] GC(227)   Pre Evacuate Collection Set: 27.1ms
[2026-01-16T08:33:19.475+0000][gc,phases   ] GC(227)   Merge Heap Roots: 7.5ms
[2026-01-16T08:33:19.475+0000][gc,phases   ] GC(227)   Evacuate Collection Set: 130.8ms
[2026-01-16T08:33:19.475+0000][gc,phases   ] GC(227)   Post Evacuate Collection Set: 1.9ms
[2026-01-16T08:33:19.475+0000][gc,phases   ] GC(227)   Other: 3.6ms
[2026-01-16T08:33:19.475+0000][gc,heap     ] GC(227) Eden regions: 47->0(47)
[2026-01-16T08:33:19.475+0000][gc,heap     ] GC(227) Survivor regions: 4->4(7)
[2026-01-16T08:33:19.477+0000][gc,heap     ] GC(227) Old regions: 55->55
[2026-01-16T08:33:19.477+0000][gc,heap     ] GC(227) Humongous regions: 30->30
[2026-01-16T08:33:19.477+0000][gc,metaspace] GC(227) Metaspace: 11361K(11712K)->11361K(11712K) NonClass: 10321K(10496K)->10321K(10496K) Class: 1040K(1216K)->1040K(1216K)
[2026-01-16T08:33:19.477+0000][gc          ] GC(227) Pause Young (Normal) (G1 Evacuation Pause) 135M->87M(1024M) 176.864ms
[2026-01-16T08:33:19.477+0000][gc,cpu      ] GC(227) User=0.09s Sys=0.01s Real=0.17s
[2026-01-16T08:33:21.700+0000][gc,start    ] GC(228) Pause Young (Normal) (G1 Evacuation Pause)
[2026-01-16T08:33:21.722+0000][gc,task     ] GC(228) Using 8 workers of 8 for evacuation
[2026-01-16T08:33:21.952+0000][gc,mmu      ] GC(228) MMU target violated: 201.0ms (200.0ms/201.0ms)
[2026-01-16T08:33:21.954+0000][gc,phases   ] GC(228)   Pre Evacuate Collection Set: 7.1ms
[2026-01-16T08:33:21.955+0000][gc,phases   ] GC(228)   Merge Heap Roots: 1.3ms
[2026-01-16T08:33:21.955+0000][gc,phases   ] GC(228)   Evacuate Collection Set: 210.6ms
[2026-01-16T08:33:21.956+0000][gc,phases   ] GC(228)   Post Evacuate Collection Set: 8.7ms
[2026-01-16T08:33:21.957+0000][gc,phases   ] GC(228)   Other: 4.9ms
[2026-01-16T08:33:21.958+0000][gc,heap     ] GC(228) Eden regions: 47->0(47)
[2026-01-16T08:33:21.959+0000][gc,heap     ] GC(228) Survivor regions: 4->4(7)
[2026-01-16T08:33:21.960+0000][gc,heap     ] GC(228) Old regions: 55->55
[2026-01-16T08:33:21.963+0000][gc,heap     ] GC(228) Humongous regions: 30->30
[2026-01-16T08:33:21.964+0000][gc,metaspace] GC(228) Metaspace: 11365K(11712K)->11365K(11712K) NonClass: 10324K(10496K)->10324K(10496K) Class: 1040K(1216K)->1040K(1216K)
[2026-01-16T08:33:21.964+0000][gc          ] GC(228) Pause Young (Normal) (G1 Evacuation Pause) 134M->88M(1024M) 264.733ms
[2026-01-16T08:33:21.965+0000][gc,cpu      ] GC(228) User=0.16s Sys=0.02s Real=0.26s
[2026-01-16T08:33:23.731+0000][gc,start    ] GC(229) Pause Young (Normal) (G1 Evacuation Pause)
[2026-01-16T08:33:23.733+0000][gc,task     ] GC(229) Using 8 workers of 8 for evacuation
[2026-01-16T08:33:23.913+0000][gc,phases   ] GC(229)   Pre Evacuate Collection Set: 24.6ms
[2026-01-16T08:33:23.923+0000][gc,phases   ] GC(229)   Merge Heap Roots: 8.4ms
[2026-01-16T08:33:23.923+0000][gc,phases   ] GC(229)   Evacuate Collection Set: 138.7ms
[2026-01-16T08:33:23.923+0000][gc,phases   ] GC(229)   Post Evacuate Collection Set: 7.3ms
[2026-01-16T08:33:23.923+0000][gc,phases   ] GC(229)   Other: 1.2ms
[2026-01-16T08:33:23.924+0000][gc,heap     ] GC(229) Eden regions: 47->0(48)
[2026-01-16T08:33:23.924+0000][gc,heap     ] GC(229) Survivor regions: 4->3(7)
[2026-01-16T08:33:23.924+0000][gc,heap     ] GC(229) Old regions: 55->55
[2026-01-16T08:33:23.924+0000][gc,heap     ] GC(229) Humongous regions: 30->30
[2026-01-16T08:33:23.924+0000][gc,metaspace] GC(229) Metaspace: 11365K(11712K)->11365K(11712K) NonClass: 10325K(10496K)->10325K(10496K) Class: 1040K(1216K)->1040K(1216K)
[2026-01-16T08:33:23.924+0000][gc          ] GC(229) Pause Young (Normal) (G1 Evacuation Pause) 135M->87M(1024M) 193.565ms
[2026-01-16T08:33:23.924+0000][gc,cpu      ] GC(229) User=0.12s Sys=0.02s Real=0.19s
[2026-01-16T08:33:25.663+0000][gc,start    ] GC(230) Pause Young (Normal) (G1 Evacuation Pause)
[2026-01-16T08:33:25.668+0000][gc,task     ] GC(230) Using 8 workers of 8 for evacuation
[2026-01-16T08:33:25.829+0000][gc,phases   ] GC(230)   Pre Evacuate Collection Set: 29.9ms
[2026-01-16T08:33:25.834+0000][gc,phases   ] GC(230)   Merge Heap Roots: 0.3ms
[2026-01-16T08:33:25.838+0000][gc,phases   ] GC(230)   Evacuate Collection Set: 112.5ms
[2026-01-16T08:33:25.838+0000][gc,phases   ] GC(230)   Post Evacuate Collection Set: 14.2ms
[2026-01-16T08:33:25.838+0000][gc,phases   ] GC(230)   Other: 3.8ms
[2026-01-16T08:33:25.838+0000][gc,heap     ] GC(230) Eden regions: 48->0(47)
[2026-01-16T08:33:25.838+0000][gc,heap     ] GC(230) Survivor regions: 3->4(7)
[2026-01-16T08:33:25.840+0000][gc,heap     ] GC(230) Old regions: 55->55
[2026-01-16T08:33:25.842+0000][gc,heap     ] GC(230) Humongous regions: 30->30
[2026-01-16T08:33:25.842+0000][gc,metaspace] GC(230) Metaspace: 11368K(11712K)->11368K(11712K) NonClass: 10327K(10496K)->10327K(10496K) Class: 1040K(1216K)->1040K(1216K)
[2026-01-16T08:33:25.843+0000][gc          ] GC(230) Pause Young (Normal) (G1 Evacuation Pause) 135M->88M(1024M) 180.030ms
[2026-01-16T08:33:25.845+0000][gc,cpu      ] GC(230) User=0.10s Sys=0.01s Real=0.18s
[2026-01-16T08:33:29.015+0000][gc,start    ] GC(231) Pause Young (Normal) (G1 Evacuation Pause)
[2026-01-16T08:33:29.074+0000][gc,task     ] GC(231) Using 8 workers of 8 for evacuation
[2026-01-16T08:33:30.101+0000][gc,mmu      ] GC(231) MMU target violated: 201.0ms (200.0ms/201.0ms)
[2026-01-16T08:33:30.167+0000][gc,phases   ] GC(231)   Pre Evacuate Collection Set: 437.2ms
[2026-01-16T08:33:30.178+0000][gc,phases   ] GC(231)   Merge Heap Roots: 0.5ms
[2026-01-16T08:33:30.343+0000][gc,phases   ] GC(231)   Evacuate Collection Set: 555.3ms
[2026-01-16T08:33:30.346+0000][gc,phases   ] GC(231)   Post Evacuate Collection Set: 6.4ms
[2026-01-16T08:33:30.347+0000][gc,phases   ] GC(231)   Other: 93.5ms
[2026-01-16T08:33:30.347+0000][gc,heap     ] GC(231) Eden regions: 47->0(47)
[2026-01-16T08:33:30.347+0000][gc,heap     ] GC(231) Survivor regions: 4->4(7)
[2026-01-16T08:33:30.347+0000][gc,heap     ] GC(231) Old regions: 55->55
[2026-01-16T08:33:30.349+0000][gc,heap     ] GC(231) Humongous regions: 30->30
[2026-01-16T08:33:30.350+0000][gc,metaspace] GC(231) Metaspace: 11368K(11712K)->11368K(11712K) NonClass: 10328K(10496K)->10328K(10496K) Class: 1040K(1216K)->1040K(1216K)
[2026-01-16T08:33:30.351+0000][gc          ] GC(231) Pause Young (Normal) (G1 Evacuation Pause) 135M->87M(1024M) 1336.039ms
[2026-01-16T08:33:30.352+0000][gc,cpu      ] GC(231) User=0.27s Sys=0.04s Real=1.34s
[2026-01-16T08:33:35.406+0000][gc,start    ] GC(232) Pause Young (Normal) (G1 Evacuation Pause)
[2026-01-16T08:33:35.407+0000][gc,task     ] GC(232) Using 8 workers of 8 for evacuation
[2026-01-16T08:33:35.629+0000][gc,mmu      ] GC(232) MMU target violated: 201.0ms (200.0ms/201.0ms)
[2026-01-16T08:33:35.630+0000][gc,phases   ] GC(232)   Pre Evacuate Collection Set: 27.8ms
[2026-01-16T08:33:35.632+0000][gc,phases   ] GC(232)   Merge Heap Roots: 3.6ms
[2026-01-16T08:33:35.633+0000][gc,phases   ] GC(232)   Evacuate Collection Set: 174.1ms
[2026-01-16T08:33:35.634+0000][gc,phases   ] GC(232)   Post Evacuate Collection Set: 12.3ms
[2026-01-16T08:33:35.639+0000][gc,phases   ] GC(232)   Other: 5.7ms
[2026-01-16T08:33:35.641+0000][gc,heap     ] GC(232) Eden regions: 47->0(49)
[2026-01-16T08:33:35.643+0000][gc,heap     ] GC(232) Survivor regions: 4->2(7)
[2026-01-16T08:33:35.644+0000][gc,heap     ] GC(232) Old regions: 55->55
[2026-01-16T08:33:35.645+0000][gc,heap     ] GC(232) Humongous regions: 30->30
[2026-01-16T08:33:35.646+0000][gc,metaspace] GC(232) Metaspace: 11369K(11712K)->11369K(11712K) NonClass: 10329K(10496K)->10329K(10496K) Class: 1040K(1216K)->1040K(1216K)
[2026-01-16T08:33:35.647+0000][gc          ] GC(232) Pause Young (Normal) (G1 Evacuation Pause) 134M->86M(1024M) 241.041ms
[2026-01-16T08:33:35.650+0000][gc,cpu      ] GC(232) User=0.10s Sys=0.01s Real=0.24s
[2026-01-16T08:33:38.054+0000][gc,start    ] GC(233) Pause Young (Normal) (G1 Evacuation Pause)
[2026-01-16T08:33:38.058+0000][gc,task     ] GC(233) Using 8 workers of 8 for evacuation
[2026-01-16T08:33:38.289+0000][gc,mmu      ] GC(233) MMU target violated: 201.0ms (200.0ms/201.0ms)
[2026-01-16T08:33:38.290+0000][gc,phases   ] GC(233)   Pre Evacuate Collection Set: 31.9ms
[2026-01-16T08:33:38.292+0000][gc,phases   ] GC(233)   Merge Heap Roots: 3.0ms
[2026-01-16T08:33:38.294+0000][gc,phases   ] GC(233)   Evacuate Collection Set: 173.9ms
[2026-01-16T08:33:38.296+0000][gc,phases   ] GC(233)   Post Evacuate Collection Set: 14.4ms
[2026-01-16T08:33:38.296+0000][gc,phases   ] GC(233)   Other: 9.9ms
[2026-01-16T08:33:38.298+0000][gc,heap     ] GC(233) Eden regions: 49->0(48)
[2026-01-16T08:33:38.300+0000][gc,heap     ] GC(233) Survivor regions: 2->3(7)
[2026-01-16T08:33:38.302+0000][gc,heap     ] GC(233) Old regions: 55->55
[2026-01-16T08:33:38.303+0000][gc,heap     ] GC(233) Humongous regions: 30->30
[2026-01-16T08:33:38.304+0000][gc,metaspace] GC(233) Metaspace: 11373K(11712K)->11373K(11712K) NonClass: 10333K(10496K)->10333K(10496K) Class: 1040K(1216K)->1040K(1216K)
[2026-01-16T08:33:38.305+0000][gc          ] GC(233) Pause Young (Normal) (G1 Evacuation Pause) 135M->87M(1024M) 250.356ms
[2026-01-16T08:33:38.307+0000][gc,cpu      ] GC(233) User=0.11s Sys=0.01s Real=0.25s
[2026-01-16T08:33:39.987+0000][gc,start    ] GC(234) Pause Young (Normal) (G1 Evacuation Pause)
[2026-01-16T08:33:39.991+0000][gc,task     ] GC(234) Using 8 workers of 8 for evacuation
[2026-01-16T08:33:40.110+0000][gc,phases   ] GC(234)   Pre Evacuate Collection Set: 22.9ms
[2026-01-16T08:33:40.114+0000][gc,phases   ] GC(234)   Merge Heap Roots: 1.5ms
[2026-01-16T08:33:40.120+0000][gc,phases   ] GC(234)   Evacuate Collection Set: 83.9ms
[2026-01-16T08:33:40.121+0000][gc,phases   ] GC(234)   Post Evacuate Collection Set: 8.2ms
[2026-01-16T08:33:40.123+0000][gc,phases   ] GC(234)   Other: 4.4ms
[2026-01-16T08:33:40.125+0000][gc,heap     ] GC(234) Eden regions: 48->0(49)
[2026-01-16T08:33:40.125+0000][gc,heap     ] GC(234) Survivor regions: 3->2(7)
[2026-01-16T08:33:40.126+0000][gc,heap     ] GC(234) Old regions: 55->55
[2026-01-16T08:33:40.130+0000][gc,heap     ] GC(234) Humongous regions: 30->30
[2026-01-16T08:33:40.131+0000][gc,metaspace] GC(234) Metaspace: 11373K(11712K)->11373K(11712K) NonClass: 10333K(10496K)->10333K(10496K) Class: 1040K(1216K)->1040K(1216K)
[2026-01-16T08:33:40.137+0000][gc          ] GC(234) Pause Young (Normal) (G1 Evacuation Pause) 135M->86M(1024M) 149.722ms
[2026-01-16T08:33:40.137+0000][gc,cpu      ] GC(234) User=0.06s Sys=0.00s Real=0.15s
[2026-01-16T08:33:43.634+0000][gc,start    ] GC(235) Pause Young (Normal) (G1 Evacuation Pause)
[2026-01-16T08:33:43.635+0000][gc,task     ] GC(235) Using 8 workers of 8 for evacuation
[2026-01-16T08:33:43.914+0000][gc,mmu      ] GC(235) MMU target violated: 201.0ms (200.0ms/201.0ms)
[2026-01-16T08:33:43.917+0000][gc,phases   ] GC(235)   Pre Evacuate Collection Set: 11.4ms
[2026-01-16T08:33:43.919+0000][gc,phases   ] GC(235)   Merge Heap Roots: 2.0ms
[2026-01-16T08:33:43.920+0000][gc,phases   ] GC(235)   Evacuate Collection Set: 234.0ms
[2026-01-16T08:33:43.922+0000][gc,phases   ] GC(235)   Post Evacuate Collection Set: 29.4ms
[2026-01-16T08:33:43.922+0000][gc,phases   ] GC(235)   Other: 5.2ms
[2026-01-16T08:33:43.923+0000][gc,heap     ] GC(235) Eden regions: 49->0(48)
[2026-01-16T08:33:43.924+0000][gc,heap     ] GC(235) Survivor regions: 2->3(7)
[2026-01-16T08:33:43.925+0000][gc,heap     ] GC(235) Old regions: 55->55
[2026-01-16T08:33:43.926+0000][gc,heap     ] GC(235) Humongous regions: 30->30
[2026-01-16T08:33:43.926+0000][gc,metaspace] GC(235) Metaspace: 11375K(11712K)->11375K(11712K) NonClass: 10334K(10496K)->10334K(10496K) Class: 1040K(1216K)->1040K(1216K)
[2026-01-16T08:33:43.927+0000][gc          ] GC(235) Pause Young (Normal) (G1 Evacuation Pause) 135M->86M(1024M) 292.385ms
[2026-01-16T08:33:43.928+0000][gc,cpu      ] GC(235) User=0.12s Sys=0.01s Real=0.29s
[2026-01-16T08:33:47.705+0000][gc,start    ] GC(236) Pause Young (Normal) (G1 Evacuation Pause)
[2026-01-16T08:33:47.706+0000][gc,task     ] GC(236) Using 8 workers of 8 for evacuation
[2026-01-16T08:33:48.176+0000][gc,mmu      ] GC(236) MMU target violated: 201.0ms (200.0ms/201.0ms)
[2026-01-16T08:33:48.181+0000][gc,phases   ] GC(236)   Pre Evacuate Collection Set: 23.7ms
[2026-01-16T08:33:48.182+0000][gc,phases   ] GC(236)   Merge Heap Roots: 2.7ms
[2026-01-16T08:33:48.188+0000][gc,phases   ] GC(236)   Evacuate Collection Set: 376.0ms
[2026-01-16T08:33:48.189+0000][gc,phases   ] GC(236)   Post Evacuate Collection Set: 19.7ms
[2026-01-16T08:33:48.190+0000][gc,phases   ] GC(236)   Other: 53.4ms
[2026-01-16T08:33:48.193+0000][gc,heap     ] GC(236) Eden regions: 48->0(49)
[2026-01-16T08:33:48.193+0000][gc,heap     ] GC(236) Survivor regions: 3->2(7)
[2026-01-16T08:33:48.194+0000][gc,heap     ] GC(236) Old regions: 55->55
[2026-01-16T08:33:48.195+0000][gc,heap     ] GC(236) Humongous regions: 30->30
[2026-01-16T08:33:48.206+0000][gc,metaspace] GC(236) Metaspace: 11433K(11776K)->11433K(11776K) NonClass: 10393K(10560K)->10393K(10560K) Class: 1040K(1216K)->1040K(1216K)
[2026-01-16T08:33:48.212+0000][gc          ] GC(236) Pause Young (Normal) (G1 Evacuation Pause) 134M->86M(1024M) 507.267ms
[2026-01-16T08:33:48.215+0000][gc,cpu      ] GC(236) User=0.10s Sys=0.02s Real=0.51s
[2026-01-16T08:33:49.498+0000][gc,start    ] GC(237) Pause Young (Normal) (G1 Evacuation Pause)
[2026-01-16T08:33:49.500+0000][gc,task     ] GC(237) Using 8 workers of 8 for evacuation
[2026-01-16T08:33:49.636+0000][gc,phases   ] GC(237)   Pre Evacuate Collection Set: 16.8ms
[2026-01-16T08:33:49.644+0000][gc,phases   ] GC(237)   Merge Heap Roots: 3.9ms
[2026-01-16T08:33:49.644+0000][gc,phases   ] GC(237)   Evacuate Collection Set: 108.9ms
[2026-01-16T08:33:49.650+0000][gc,phases   ] GC(237)   Post Evacuate Collection Set: 5.9ms
[2026-01-16T08:33:49.650+0000][gc,phases   ] GC(237)   Other: 0.8ms
[2026-01-16T08:33:49.650+0000][gc,heap     ] GC(237) Eden regions: 49->0(49)
[2026-01-16T08:33:49.650+0000][gc,heap     ] GC(237) Survivor regions: 2->2(7)
[2026-01-16T08:33:49.650+0000][gc,heap     ] GC(237) Old regions: 55->56
[2026-01-16T08:33:49.650+0000][gc,heap     ] GC(237) Humongous regions: 30->30
[2026-01-16T08:33:49.651+0000][gc,metaspace] GC(237) Metaspace: 11441K(11776K)->11441K(11776K) NonClass: 10400K(10560K)->10400K(10560K) Class: 1040K(1216K)->1040K(1216K)
[2026-01-16T08:33:49.651+0000][gc          ] GC(237) Pause Young (Normal) (G1 Evacuation Pause) 135M->86M(1024M) 152.352ms
[2026-01-16T08:33:49.651+0000][gc,cpu      ] GC(237) User=0.06s Sys=0.01s Real=0.15s
[2026-01-16T08:33:55.796+0000][gc,start    ] GC(238) Pause Young (Normal) (G1 Evacuation Pause)
[2026-01-16T08:33:55.799+0000][gc,task     ] GC(238) Using 8 workers of 8 for evacuation
[2026-01-16T08:33:56.023+0000][gc,mmu      ] GC(238) MMU target violated: 201.0ms (200.0ms/201.0ms)
[2026-01-16T08:33:56.023+0000][gc,phases   ] GC(238)   Pre Evacuate Collection Set: 20.1ms
[2026-01-16T08:33:56.024+0000][gc,phases   ] GC(238)   Merge Heap Roots: 0.7ms
[2026-01-16T08:33:56.025+0000][gc,phases   ] GC(238)   Evacuate Collection Set: 171.8ms
[2026-01-16T08:33:56.025+0000][gc,phases   ] GC(238)   Post Evacuate Collection Set: 24.0ms
[2026-01-16T08:33:56.025+0000][gc,phases   ] GC(238)   Other: 7.8ms
[2026-01-16T08:33:56.025+0000][gc,heap     ] GC(238) Eden regions: 49->0(50)
[2026-01-16T08:33:56.026+0000][gc,heap     ] GC(238) Survivor regions: 2->1(7)
[2026-01-16T08:33:56.026+0000][gc,heap     ] GC(238) Old regions: 56->56
[2026-01-16T08:33:56.026+0000][gc,heap     ] GC(238) Humongous regions: 30->30
[2026-01-16T08:33:56.026+0000][gc,metaspace] GC(238) Metaspace: 11472K(11840K)->11472K(11840K) NonClass: 10432K(10624K)->10432K(10624K) Class: 1040K(1216K)->1040K(1216K)
[2026-01-16T08:33:56.026+0000][gc          ] GC(238) Pause Young (Normal) (G1 Evacuation Pause) 135M->86M(1024M) 229.904ms
[2026-01-16T08:33:56.026+0000][gc,cpu      ] GC(238) User=0.09s Sys=0.02s Real=0.23s
[2026-01-16T08:34:01.210+0000][gc,start    ] GC(239) Pause Young (Normal) (G1 Evacuation Pause)
[2026-01-16T08:34:01.212+0000][gc,task     ] GC(239) Using 8 workers of 8 for evacuation
[2026-01-16T08:34:01.557+0000][gc,mmu      ] GC(239) MMU target violated: 201.0ms (200.0ms/201.0ms)
[2026-01-16T08:34:01.561+0000][gc,phases   ] GC(239)   Pre Evacuate Collection Set: 14.9ms
[2026-01-16T08:34:01.561+0000][gc,phases   ] GC(239)   Merge Heap Roots: 2.1ms
[2026-01-16T08:34:01.562+0000][gc,phases   ] GC(239)   Evacuate Collection Set: 320.3ms
[2026-01-16T08:34:01.562+0000][gc,phases   ] GC(239)   Post Evacuate Collection Set: 5.2ms
[2026-01-16T08:34:01.563+0000][gc,phases   ] GC(239)   Other: 7.3ms
[2026-01-16T08:34:01.563+0000][gc,heap     ] GC(239) Eden regions: 50->0(49)
[2026-01-16T08:34:01.564+0000][gc,heap     ] GC(239) Survivor regions: 1->2(7)
[2026-01-16T08:34:01.564+0000][gc,heap     ] GC(239) Old regions: 56->56
[2026-01-16T08:34:01.571+0000][gc,heap     ] GC(239) Humongous regions: 30->30
[2026-01-16T08:34:01.572+0000][gc,metaspace] GC(239) Metaspace: 11600K(11968K)->11600K(11968K) NonClass: 10533K(10688K)->10533K(10688K) Class: 1066K(1280K)->1066K(1280K)
[2026-01-16T08:34:01.573+0000][gc          ] GC(239) Pause Young (Normal) (G1 Evacuation Pause) 136M->86M(1024M) 363.697ms
[2026-01-16T08:34:01.575+0000][gc,cpu      ] GC(239) User=0.17s Sys=0.01s Real=0.37s
[2026-01-16T08:34:05.582+0000][gc,start    ] GC(240) Pause Young (Normal) (G1 Evacuation Pause)
[2026-01-16T08:34:05.583+0000][gc,task     ] GC(240) Using 8 workers of 8 for evacuation
[2026-01-16T08:34:06.098+0000][gc,mmu      ] GC(240) MMU target violated: 201.0ms (200.0ms/201.0ms)
[2026-01-16T08:34:06.101+0000][gc,phases   ] GC(240)   Pre Evacuate Collection Set: 17.3ms
[2026-01-16T08:34:06.101+0000][gc,phases   ] GC(240)   Merge Heap Roots: 3.1ms
[2026-01-16T08:34:06.101+0000][gc,phases   ] GC(240)   Evacuate Collection Set: 479.7ms
[2026-01-16T08:34:06.101+0000][gc,phases   ] GC(240)   Post Evacuate Collection Set: 14.0ms
[2026-01-16T08:34:06.102+0000][gc,phases   ] GC(240)   Other: 4.1ms
[2026-01-16T08:34:06.102+0000][gc,heap     ] GC(240) Eden regions: 49->0(49)
[2026-01-16T08:34:06.102+0000][gc,heap     ] GC(240) Survivor regions: 2->2(7)
[2026-01-16T08:34:06.102+0000][gc,heap     ] GC(240) Old regions: 56->56
[2026-01-16T08:34:06.105+0000][gc,heap     ] GC(240) Humongous regions: 30->30
[2026-01-16T08:34:06.106+0000][gc,metaspace] GC(240) Metaspace: 11644K(12096K)->11644K(12096K) NonClass: 10570K(10816K)->10570K(10816K) Class: 1073K(1280K)->1073K(1280K)
[2026-01-16T08:34:06.107+0000][gc          ] GC(240) Pause Young (Normal) (G1 Evacuation Pause) 135M->87M(1024M) 524.281ms
[2026-01-16T08:34:06.107+0000][gc,cpu      ] GC(240) User=0.18s Sys=0.02s Real=0.53s
[2026-01-16T08:34:10.153+0000][gc,start    ] GC(241) Pause Young (Normal) (G1 Evacuation Pause)
[2026-01-16T08:34:10.154+0000][gc,task     ] GC(241) Using 8 workers of 8 for evacuation
[2026-01-16T08:34:10.398+0000][gc,mmu      ] GC(241) MMU target violated: 201.0ms (200.0ms/201.0ms)
[2026-01-16T08:34:10.399+0000][gc,phases   ] GC(241)   Pre Evacuate Collection Set: 64.4ms
[2026-01-16T08:34:10.399+0000][gc,phases   ] GC(241)   Merge Heap Roots: 4.3ms
[2026-01-16T08:34:10.399+0000][gc,phases   ] GC(241)   Evacuate Collection Set: 151.0ms
[2026-01-16T08:34:10.399+0000][gc,phases   ] GC(241)   Post Evacuate Collection Set: 17.8ms
[2026-01-16T08:34:10.399+0000][gc,phases   ] GC(241)   Other: 6.9ms
[2026-01-16T08:34:10.399+0000][gc,heap     ] GC(241) Eden regions: 49->0(50)
[2026-01-16T08:34:10.401+0000][gc,heap     ] GC(241) Survivor regions: 2->1(7)
[2026-01-16T08:34:10.401+0000][gc,heap     ] GC(241) Old regions: 56->56
[2026-01-16T08:34:10.401+0000][gc,heap     ] GC(241) Humongous regions: 30->30
[2026-01-16T08:34:10.401+0000][gc,metaspace] GC(241) Metaspace: 11660K(12096K)->11660K(12096K) NonClass: 10586K(10816K)->10586K(10816K) Class: 1073K(1280K)->1073K(1280K)
[2026-01-16T08:34:10.402+0000][gc          ] GC(241) Pause Young (Normal) (G1 Evacuation Pause) 136M->86M(1024M) 248.209ms
[2026-01-16T08:34:10.402+0000][gc,cpu      ] GC(241) User=0.12s Sys=0.01s Real=0.25s
[2026-01-16T08:34:12.441+0000][gc,start    ] GC(242) Pause Young (Normal) (G1 Evacuation Pause)
[2026-01-16T08:34:12.442+0000][gc,task     ] GC(242) Using 8 workers of 8 for evacuation
[2026-01-16T08:34:13.041+0000][gc,mmu      ] GC(242) MMU target violated: 201.0ms (200.0ms/201.0ms)
[2026-01-16T08:34:13.043+0000][gc,phases   ] GC(242)   Pre Evacuate Collection Set: 17.3ms
[2026-01-16T08:34:13.044+0000][gc,phases   ] GC(242)   Merge Heap Roots: 0.3ms
[2026-01-16T08:34:13.046+0000][gc,phases   ] GC(242)   Evacuate Collection Set: 546.8ms
[2026-01-16T08:34:13.046+0000][gc,phases   ] GC(242)   Post Evacuate Collection Set: 30.8ms
[2026-01-16T08:34:13.048+0000][gc,phases   ] GC(242)   Other: 6.2ms
[2026-01-16T08:34:13.048+0000][gc,heap     ] GC(242) Eden regions: 50->0(49)
[2026-01-16T08:34:13.048+0000][gc,heap     ] GC(242) Survivor regions: 1->2(7)
[2026-01-16T08:34:13.048+0000][gc,heap     ] GC(242) Old regions: 56->56
[2026-01-16T08:34:13.049+0000][gc,heap     ] GC(242) Humongous regions: 30->30
[2026-01-16T08:34:13.049+0000][gc,metaspace] GC(242) Metaspace: 11660K(12096K)->11660K(12096K) NonClass: 10586K(10816K)->10586K(10816K) Class: 1073K(1280K)->1073K(1280K)
[2026-01-16T08:34:13.049+0000][gc          ] GC(242) Pause Young (Normal) (G1 Evacuation Pause) 136M->87M(1024M) 608.505ms
[2026-01-16T08:34:13.050+0000][gc,cpu      ] GC(242) User=0.19s Sys=0.02s Real=0.61s
[2026-01-16T08:34:17.614+0000][gc,start    ] GC(243) Pause Young (Normal) (G1 Evacuation Pause)
[2026-01-16T08:34:17.621+0000][gc,task     ] GC(243) Using 8 workers of 8 for evacuation
[2026-01-16T08:34:18.040+0000][gc,mmu      ] GC(243) MMU target violated: 201.0ms (200.0ms/201.0ms)
[2026-01-16T08:34:18.054+0000][gc,phases   ] GC(243)   Pre Evacuate Collection Set: 69.3ms
[2026-01-16T08:34:18.057+0000][gc,phases   ] GC(243)   Merge Heap Roots: 4.6ms
[2026-01-16T08:34:18.061+0000][gc,phases   ] GC(243)   Evacuate Collection Set: 315.6ms
[2026-01-16T08:34:18.061+0000][gc,phases   ] GC(243)   Post Evacuate Collection Set: 28.9ms
[2026-01-16T08:34:18.063+0000][gc,phases   ] GC(243)   Other: 16.8ms
[2026-01-16T08:34:18.064+0000][gc,heap     ] GC(243) Eden regions: 49->0(50)
[2026-01-16T08:34:18.065+0000][gc,heap     ] GC(243) Survivor regions: 2->1(7)
[2026-01-16T08:34:18.069+0000][gc,heap     ] GC(243) Old regions: 56->56
[2026-01-16T08:34:18.070+0000][gc,heap     ] GC(243) Humongous regions: 30->30
[2026-01-16T08:34:18.072+0000][gc,metaspace] GC(243) Metaspace: 11671K(12096K)->11671K(12096K) NonClass: 10597K(10816K)->10597K(10816K) Class: 1073K(1280K)->1073K(1280K)
[2026-01-16T08:34:18.073+0000][gc          ] GC(243) Pause Young (Normal) (G1 Evacuation Pause) 136M->86M(1024M) 458.551ms
[2026-01-16T08:34:18.073+0000][gc,cpu      ] GC(243) User=0.14s Sys=0.04s Real=0.46s
[2026-01-16T08:34:21.970+0000][gc,start    ] GC(244) Pause Young (Normal) (G1 Evacuation Pause)
[2026-01-16T08:34:21.974+0000][gc,task     ] GC(244) Using 8 workers of 8 for evacuation
[2026-01-16T08:34:22.467+0000][gc,mmu      ] GC(244) MMU target violated: 201.0ms (200.0ms/201.0ms)
[2026-01-16T08:34:22.468+0000][gc,phases   ] GC(244)   Pre Evacuate Collection Set: 60.9ms
[2026-01-16T08:34:22.468+0000][gc,phases   ] GC(244)   Merge Heap Roots: 11.8ms
[2026-01-16T08:34:22.468+0000][gc,phases   ] GC(244)   Evacuate Collection Set: 371.2ms
[2026-01-16T08:34:22.468+0000][gc,phases   ] GC(244)   Post Evacuate Collection Set: 36.9ms
[2026-01-16T08:34:22.469+0000][gc,phases   ] GC(244)   Other: 16.1ms
[2026-01-16T08:34:22.469+0000][gc,heap     ] GC(244) Eden regions: 50->0(49)
[2026-01-16T08:34:22.470+0000][gc,heap     ] GC(244) Survivor regions: 1->2(7)
[2026-01-16T08:34:22.470+0000][gc,heap     ] GC(244) Old regions: 56->56
[2026-01-16T08:34:22.470+0000][gc,heap     ] GC(244) Humongous regions: 30->30
[2026-01-16T08:34:22.471+0000][gc,metaspace] GC(244) Metaspace: 11682K(12096K)->11682K(12096K) NonClass: 10608K(10816K)->10608K(10816K) Class: 1073K(1280K)->1073K(1280K)
[2026-01-16T08:34:22.472+0000][gc          ] GC(244) Pause Young (Normal) (G1 Evacuation Pause) 136M->87M(1024M) 501.726ms
[2026-01-16T08:34:22.472+0000][gc,cpu      ] GC(244) User=0.18s Sys=0.02s Real=0.50s
[2026-01-16T08:34:29.262+0000][gc,start    ] GC(245) Pause Young (Normal) (G1 Evacuation Pause)
[2026-01-16T08:34:29.267+0000][gc,task     ] GC(245) Using 8 workers of 8 for evacuation
[2026-01-16T08:34:29.483+0000][gc,mmu      ] GC(245) MMU target violated: 201.0ms (200.0ms/201.0ms)
[2026-01-16T08:34:29.484+0000][gc,phases   ] GC(245)   Pre Evacuate Collection Set: 29.0ms
[2026-01-16T08:34:29.486+0000][gc,phases   ] GC(245)   Merge Heap Roots: 7.5ms
[2026-01-16T08:34:29.487+0000][gc,phases   ] GC(245)   Evacuate Collection Set: 150.8ms
[2026-01-16T08:34:29.488+0000][gc,phases   ] GC(245)   Post Evacuate Collection Set: 25.3ms
[2026-01-16T08:34:29.490+0000][gc,phases   ] GC(245)   Other: 7.8ms
[2026-01-16T08:34:29.491+0000][gc,heap     ] GC(245) Eden regions: 49->0(50)
[2026-01-16T08:34:29.491+0000][gc,heap     ] GC(245) Survivor regions: 2->1(7)
[2026-01-16T08:34:29.491+0000][gc,heap     ] GC(245) Old regions: 56->56
[2026-01-16T08:34:29.491+0000][gc,heap     ] GC(245) Humongous regions: 39->39
[2026-01-16T08:34:29.491+0000][gc,metaspace] GC(245) Metaspace: 11736K(12096K)->11736K(12096K) NonClass: 10662K(10816K)->10662K(10816K) Class: 1074K(1280K)->1074K(1280K)
[2026-01-16T08:34:29.492+0000][gc          ] GC(245) Pause Young (Normal) (G1 Evacuation Pause) 145M->95M(1024M) 230.534ms
[2026-01-16T08:34:29.493+0000][gc,cpu      ] GC(245) User=0.12s Sys=0.01s Real=0.23s
[2026-01-16T08:34:34.203+0000][gc,start    ] GC(246) Pause Young (Normal) (G1 Evacuation Pause)
[2026-01-16T08:34:34.205+0000][gc,task     ] GC(246) Using 8 workers of 8 for evacuation
[2026-01-16T08:34:34.489+0000][gc,mmu      ] GC(246) MMU target violated: 201.0ms (200.0ms/201.0ms)
[2026-01-16T08:34:34.490+0000][gc,phases   ] GC(246)   Pre Evacuate Collection Set: 111.8ms
[2026-01-16T08:34:34.504+0000][gc,phases   ] GC(246)   Merge Heap Roots: 3.9ms
[2026-01-16T08:34:34.508+0000][gc,phases   ] GC(246)   Evacuate Collection Set: 162.5ms
[2026-01-16T08:34:34.508+0000][gc,phases   ] GC(246)   Post Evacuate Collection Set: 4.7ms
[2026-01-16T08:34:34.509+0000][gc,phases   ] GC(246)   Other: 2.6ms
[2026-01-16T08:34:34.510+0000][gc,heap     ] GC(246) Eden regions: 50->0(49)
[2026-01-16T08:34:34.510+0000][gc,heap     ] GC(246) Survivor regions: 1->2(7)
[2026-01-16T08:34:34.511+0000][gc,heap     ] GC(246) Old regions: 56->56
[2026-01-16T08:34:34.511+0000][gc,heap     ] GC(246) Humongous regions: 39->39
[2026-01-16T08:34:34.511+0000][gc,metaspace] GC(246) Metaspace: 11755K(12160K)->11755K(12160K) NonClass: 10681K(10880K)->10681K(10880K) Class: 1074K(1280K)->1074K(1280K)
[2026-01-16T08:34:34.512+0000][gc          ] GC(246) Pause Young (Normal) (G1 Evacuation Pause) 145M->96M(1024M) 308.516ms
[2026-01-16T08:34:34.512+0000][gc,cpu      ] GC(246) User=0.09s Sys=0.03s Real=0.31s
[2026-01-16T08:34:36.013+0000][gc,start    ] GC(247) Pause Young (Normal) (G1 Evacuation Pause)
[2026-01-16T08:34:36.016+0000][gc,task     ] GC(247) Using 8 workers of 8 for evacuation
[2026-01-16T08:34:36.141+0000][gc,phases   ] GC(247)   Pre Evacuate Collection Set: 22.8ms
[2026-01-16T08:34:36.142+0000][gc,phases   ] GC(247)   Merge Heap Roots: 1.2ms
[2026-01-16T08:34:36.142+0000][gc,phases   ] GC(247)   Evacuate Collection Set: 88.9ms
[2026-01-16T08:34:36.142+0000][gc,phases   ] GC(247)   Post Evacuate Collection Set: 8.9ms
[2026-01-16T08:34:36.144+0000][gc,phases   ] GC(247)   Other: 0.6ms
[2026-01-16T08:34:36.147+0000][gc,heap     ] GC(247) Eden regions: 49->0(48)
[2026-01-16T08:34:36.148+0000][gc,heap     ] GC(247) Survivor regions: 2->3(7)
[2026-01-16T08:34:36.148+0000][gc,heap     ] GC(247) Old regions: 56->56
[2026-01-16T08:34:36.148+0000][gc,heap     ] GC(247) Humongous regions: 39->39
[2026-01-16T08:34:36.150+0000][gc,metaspace] GC(247) Metaspace: 11771K(12160K)->11771K(12160K) NonClass: 10696K(10880K)->10696K(10880K) Class: 1075K(1280K)->1075K(1280K)
[2026-01-16T08:34:36.151+0000][gc          ] GC(247) Pause Young (Normal) (G1 Evacuation Pause) 145M->97M(1024M) 137.823ms
[2026-01-16T08:34:36.151+0000][gc,cpu      ] GC(247) User=0.08s Sys=0.01s Real=0.14s
[2026-01-16T08:34:37.679+0000][gc,start    ] GC(248) Pause Young (Normal) (G1 Evacuation Pause)
[2026-01-16T08:34:37.685+0000][gc,task     ] GC(248) Using 8 workers of 8 for evacuation
[2026-01-16T08:34:37.873+0000][gc,phases   ] GC(248)   Pre Evacuate Collection Set: 30.7ms
[2026-01-16T08:34:37.873+0000][gc,phases   ] GC(248)   Merge Heap Roots: 11.0ms
[2026-01-16T08:34:37.873+0000][gc,phases   ] GC(248)   Evacuate Collection Set: 110.2ms
[2026-01-16T08:34:37.873+0000][gc,phases   ] GC(248)   Post Evacuate Collection Set: 32.8ms
[2026-01-16T08:34:37.874+0000][gc,phases   ] GC(248)   Other: 2.8ms
[2026-01-16T08:34:37.874+0000][gc,heap     ] GC(248) Eden regions: 48->0(49)
[2026-01-16T08:34:37.874+0000][gc,heap     ] GC(248) Survivor regions: 3->2(7)
[2026-01-16T08:34:37.874+0000][gc,heap     ] GC(248) Old regions: 56->56
[2026-01-16T08:34:37.875+0000][gc,heap     ] GC(248) Humongous regions: 39->39
[2026-01-16T08:34:37.875+0000][gc,metaspace] GC(248) Metaspace: 11781K(12160K)->11781K(12160K) NonClass: 10704K(10880K)->10704K(10880K) Class: 1076K(1280K)->1076K(1280K)
[2026-01-16T08:34:37.876+0000][gc          ] GC(248) Pause Young (Normal) (G1 Evacuation Pause) 145M->96M(1024M) 197.014ms
[2026-01-16T08:34:37.876+0000][gc,cpu      ] GC(248) User=0.08s Sys=0.00s Real=0.20s
[2026-01-16T08:34:38.977+0000][gc,start    ] GC(249) Pause Young (Normal) (G1 Evacuation Pause)
[2026-01-16T08:34:38.978+0000][gc,task     ] GC(249) Using 8 workers of 8 for evacuation
[2026-01-16T08:34:39.033+0000][gc,phases   ] GC(249)   Pre Evacuate Collection Set: 2.2ms
[2026-01-16T08:34:39.033+0000][gc,phases   ] GC(249)   Merge Heap Roots: 3.2ms
[2026-01-16T08:34:39.033+0000][gc,phases   ] GC(249)   Evacuate Collection Set: 48.3ms
[2026-01-16T08:34:39.033+0000][gc,phases   ] GC(249)   Post Evacuate Collection Set: 1.0ms
[2026-01-16T08:34:39.033+0000][gc,phases   ] GC(249)   Other: 0.4ms
[2026-01-16T08:34:39.033+0000][gc,heap     ] GC(249) Eden regions: 49->0(105)
[2026-01-16T08:34:39.034+0000][gc,heap     ] GC(249) Survivor regions: 2->1(7)
[2026-01-16T08:34:39.034+0000][gc,heap     ] GC(249) Old regions: 56->56
[2026-01-16T08:34:39.035+0000][gc,heap     ] GC(249) Humongous regions: 39->39
[2026-01-16T08:34:39.036+0000][gc,metaspace] GC(249) Metaspace: 11785K(12160K)->11785K(12160K) NonClass: 10708K(10880K)->10708K(10880K) Class: 1076K(1280K)->1076K(1280K)
[2026-01-16T08:34:39.036+0000][gc          ] GC(249) Pause Young (Normal) (G1 Evacuation Pause) 145M->95M(1024M) 59.709ms
[2026-01-16T08:34:39.037+0000][gc,cpu      ] GC(249) User=0.03s Sys=0.00s Real=0.06s
[2026-01-16T08:34:51.481+0000][gc,start    ] GC(250) Pause Young (Normal) (G1 Evacuation Pause)
[2026-01-16T08:34:51.483+0000][gc,task     ] GC(250) Using 8 workers of 8 for evacuation
[2026-01-16T08:34:51.844+0000][gc,mmu      ] GC(250) MMU target violated: 201.0ms (200.0ms/201.0ms)
[2026-01-16T08:34:51.845+0000][gc,phases   ] GC(250)   Pre Evacuate Collection Set: 23.0ms
[2026-01-16T08:34:51.845+0000][gc,phases   ] GC(250)   Merge Heap Roots: 41.5ms
[2026-01-16T08:34:51.845+0000][gc,phases   ] GC(250)   Evacuate Collection Set: 275.9ms
[2026-01-16T08:34:51.845+0000][gc,phases   ] GC(250)   Post Evacuate Collection Set: 20.3ms
[2026-01-16T08:34:51.845+0000][gc,phases   ] GC(250)   Other: 1.6ms
[2026-01-16T08:34:51.846+0000][gc,heap     ] GC(250) Eden regions: 95->0(49)
[2026-01-16T08:34:51.846+0000][gc,heap     ] GC(250) Survivor regions: 1->2(12)
[2026-01-16T08:34:51.846+0000][gc,heap     ] GC(250) Old regions: 56->56
[2026-01-16T08:34:51.846+0000][gc,heap     ] GC(250) Humongous regions: 39->39
[2026-01-16T08:34:51.846+0000][gc,metaspace] GC(250) Metaspace: 11832K(12288K)->11832K(12288K) NonClass: 10755K(11008K)->10755K(11008K) Class: 1076K(1280K)->1076K(1280K)
[2026-01-16T08:34:51.847+0000][gc          ] GC(250) Pause Young (Normal) (G1 Evacuation Pause) 190M->96M(1024M) 365.794ms
[2026-01-16T08:34:51.847+0000][gc,cpu      ] GC(250) User=0.24s Sys=0.02s Real=0.37s
[2026-01-16T08:34:57.983+0000][gc,start    ] GC(251) Pause Young (Normal) (G1 Evacuation Pause)
[2026-01-16T08:34:57.994+0000][gc,task     ] GC(251) Using 8 workers of 8 for evacuation
[2026-01-16T08:34:58.468+0000][gc,mmu      ] GC(251) MMU target violated: 201.0ms (200.0ms/201.0ms)
[2026-01-16T08:34:58.468+0000][gc,phases   ] GC(251)   Pre Evacuate Collection Set: 187.1ms
[2026-01-16T08:34:58.468+0000][gc,phases   ] GC(251)   Merge Heap Roots: 6.9ms
[2026-01-16T08:34:58.469+0000][gc,phases   ] GC(251)   Evacuate Collection Set: 262.9ms
[2026-01-16T08:34:58.469+0000][gc,phases   ] GC(251)   Post Evacuate Collection Set: 13.8ms
[2026-01-16T08:34:58.469+0000][gc,phases   ] GC(251)   Other: 2.8ms
[2026-01-16T08:34:58.470+0000][gc,heap     ] GC(251) Eden regions: 49->0(49)
[2026-01-16T08:34:58.470+0000][gc,heap     ] GC(251) Survivor regions: 2->2(7)
[2026-01-16T08:34:58.471+0000][gc,heap     ] GC(251) Old regions: 56->56
[2026-01-16T08:34:58.473+0000][gc,heap     ] GC(251) Humongous regions: 39->39
[2026-01-16T08:34:58.474+0000][gc,metaspace] GC(251) Metaspace: 11842K(12288K)->11842K(12288K) NonClass: 10765K(11008K)->10765K(11008K) Class: 1076K(1280K)->1076K(1280K)
[2026-01-16T08:34:58.474+0000][gc          ] GC(251) Pause Young (Normal) (G1 Evacuation Pause) 145M->96M(1024M) 492.335ms
[2026-01-16T08:34:58.476+0000][gc,cpu      ] GC(251) User=0.17s Sys=0.02s Real=0.50s
[2026-01-16T08:35:00.799+0000][gc,start    ] GC(252) Pause Young (Normal) (G1 Evacuation Pause)
[2026-01-16T08:35:00.801+0000][gc,task     ] GC(252) Using 8 workers of 8 for evacuation
[2026-01-16T08:35:00.916+0000][gc,phases   ] GC(252)   Pre Evacuate Collection Set: 2.5ms
[2026-01-16T08:35:00.916+0000][gc,phases   ] GC(252)   Merge Heap Roots: 0.3ms
[2026-01-16T08:35:00.920+0000][gc,phases   ] GC(252)   Evacuate Collection Set: 98.0ms
[2026-01-16T08:35:00.920+0000][gc,phases   ] GC(252)   Post Evacuate Collection Set: 13.6ms
[2026-01-16T08:35:00.922+0000][gc,phases   ] GC(252)   Other: 0.6ms
[2026-01-16T08:35:00.922+0000][gc,heap     ] GC(252) Eden regions: 49->0(49)
[2026-01-16T08:35:00.922+0000][gc,heap     ] GC(252) Survivor regions: 2->2(7)
[2026-01-16T08:35:00.922+0000][gc,heap     ] GC(252) Old regions: 56->56
[2026-01-16T08:35:00.922+0000][gc,heap     ] GC(252) Humongous regions: 39->39
[2026-01-16T08:35:00.922+0000][gc,metaspace] GC(252) Metaspace: 11851K(12288K)->11851K(12288K) NonClass: 10774K(11008K)->10774K(11008K) Class: 1076K(1280K)->1076K(1280K)
[2026-01-16T08:35:00.922+0000][gc          ] GC(252) Pause Young (Normal) (G1 Evacuation Pause) 145M->96M(1024M) 123.489ms
[2026-01-16T08:35:00.923+0000][gc,cpu      ] GC(252) User=0.10s Sys=0.00s Real=0.12s
[2026-01-16T08:35:06.967+0000][gc,start    ] GC(253) Pause Young (Normal) (G1 Evacuation Pause)
[2026-01-16T08:35:06.969+0000][gc,task     ] GC(253) Using 8 workers of 8 for evacuation
[2026-01-16T08:35:07.218+0000][gc,mmu      ] GC(253) MMU target violated: 201.0ms (200.0ms/201.0ms)
[2026-01-16T08:35:07.219+0000][gc,phases   ] GC(253)   Pre Evacuate Collection Set: 23.8ms
[2026-01-16T08:35:07.221+0000][gc,phases   ] GC(253)   Merge Heap Roots: 0.4ms
[2026-01-16T08:35:07.224+0000][gc,phases   ] GC(253)   Evacuate Collection Set: 187.1ms
[2026-01-16T08:35:07.224+0000][gc,phases   ] GC(253)   Post Evacuate Collection Set: 36.6ms
[2026-01-16T08:35:07.230+0000][gc,phases   ] GC(253)   Other: 2.4ms
[2026-01-16T08:35:07.232+0000][gc,heap     ] GC(253) Eden regions: 49->0(49)
[2026-01-16T08:35:07.235+0000][gc,heap     ] GC(253) Survivor regions: 2->2(7)
[2026-01-16T08:35:07.236+0000][gc,heap     ] GC(253) Old regions: 56->57
[2026-01-16T08:35:07.238+0000][gc,heap     ] GC(253) Humongous regions: 39->39
[2026-01-16T08:35:07.239+0000][gc,metaspace] GC(253) Metaspace: 11853K(12288K)->11853K(12288K) NonClass: 10776K(11008K)->10776K(11008K) Class: 1076K(1280K)->1076K(1280K)
[2026-01-16T08:35:07.239+0000][gc          ] GC(253) Pause Young (Normal) (G1 Evacuation Pause) 145M->96M(1024M) 272.755ms
[2026-01-16T08:35:07.240+0000][gc,cpu      ] GC(253) User=0.10s Sys=0.01s Real=0.28s
[2026-01-16T08:35:09.503+0000][gc,start    ] GC(254) Pause Young (Normal) (G1 Evacuation Pause)
[2026-01-16T08:35:09.504+0000][gc,task     ] GC(254) Using 8 workers of 8 for evacuation
[2026-01-16T08:35:09.612+0000][gc,phases   ] GC(254)   Pre Evacuate Collection Set: 8.1ms
[2026-01-16T08:35:09.612+0000][gc,phases   ] GC(254)   Merge Heap Roots: 0.3ms
[2026-01-16T08:35:09.612+0000][gc,phases   ] GC(254)   Evacuate Collection Set: 97.6ms
[2026-01-16T08:35:09.612+0000][gc,phases   ] GC(254)   Post Evacuate Collection Set: 1.4ms
[2026-01-16T08:35:09.612+0000][gc,phases   ] GC(254)   Other: 0.8ms
[2026-01-16T08:35:09.612+0000][gc,heap     ] GC(254) Eden regions: 49->0(49)
[2026-01-16T08:35:09.612+0000][gc,heap     ] GC(254) Survivor regions: 2->2(7)
[2026-01-16T08:35:09.612+0000][gc,heap     ] GC(254) Old regions: 57->57
[2026-01-16T08:35:09.612+0000][gc,heap     ] GC(254) Humongous regions: 39->39
[2026-01-16T08:35:09.612+0000][gc,metaspace] GC(254) Metaspace: 11854K(12288K)->11854K(12288K) NonClass: 10777K(11008K)->10777K(11008K) Class: 1076K(1280K)->1076K(1280K)
[2026-01-16T08:35:09.612+0000][gc          ] GC(254) Pause Young (Normal) (G1 Evacuation Pause) 145M->96M(1024M) 109.336ms
[2026-01-16T08:35:09.613+0000][gc,cpu      ] GC(254) User=0.05s Sys=0.01s Real=0.11s
[2026-01-16T08:35:16.760+0000][gc,start    ] GC(255) Pause Young (Normal) (G1 Evacuation Pause)
[2026-01-16T08:35:16.764+0000][gc,task     ] GC(255) Using 8 workers of 8 for evacuation
[2026-01-16T08:35:17.226+0000][gc,mmu      ] GC(255) MMU target violated: 201.0ms (200.0ms/201.0ms)
[2026-01-16T08:35:17.226+0000][gc,phases   ] GC(255)   Pre Evacuate Collection Set: 27.0ms
[2026-01-16T08:35:17.226+0000][gc,phases   ] GC(255)   Merge Heap Roots: 6.0ms
[2026-01-16T08:35:17.226+0000][gc,phases   ] GC(255)   Evacuate Collection Set: 400.8ms
[2026-01-16T08:35:17.226+0000][gc,phases   ] GC(255)   Post Evacuate Collection Set: 25.4ms
[2026-01-16T08:35:17.227+0000][gc,phases   ] GC(255)   Other: 3.2ms
[2026-01-16T08:35:17.227+0000][gc,heap     ] GC(255) Eden regions: 49->0(50)
[2026-01-16T08:35:17.227+0000][gc,heap     ] GC(255) Survivor regions: 2->1(7)
[2026-01-16T08:35:17.227+0000][gc,heap     ] GC(255) Old regions: 57->57
[2026-01-16T08:35:17.227+0000][gc,heap     ] GC(255) Humongous regions: 39->39
[2026-01-16T08:35:17.227+0000][gc,metaspace] GC(255) Metaspace: 11875K(12288K)->11875K(12288K) NonClass: 10798K(11008K)->10798K(11008K) Class: 1076K(1280K)->1076K(1280K)
[2026-01-16T08:35:17.228+0000][gc          ] GC(255) Pause Young (Normal) (G1 Evacuation Pause) 145M->96M(1024M) 467.089ms
[2026-01-16T08:35:17.228+0000][gc,cpu      ] GC(255) User=0.12s Sys=0.01s Real=0.46s
[2026-01-16T08:35:19.280+0000][gc,start    ] GC(256) Pause Young (Normal) (G1 Evacuation Pause)
[2026-01-16T08:35:19.281+0000][gc,task     ] GC(256) Using 8 workers of 8 for evacuation
[2026-01-16T08:35:19.415+0000][gc,phases   ] GC(256)   Pre Evacuate Collection Set: 16.1ms
[2026-01-16T08:35:19.418+0000][gc,phases   ] GC(256)   Merge Heap Roots: 2.8ms
[2026-01-16T08:35:19.419+0000][gc,phases   ] GC(256)   Evacuate Collection Set: 110.1ms
[2026-01-16T08:35:19.419+0000][gc,phases   ] GC(256)   Post Evacuate Collection Set: 4.5ms
[2026-01-16T08:35:19.419+0000][gc,phases   ] GC(256)   Other: 0.8ms
[2026-01-16T08:35:19.420+0000][gc,heap     ] GC(256) Eden regions: 50->0(49)
[2026-01-16T08:35:19.420+0000][gc,heap     ] GC(256) Survivor regions: 1->2(7)
[2026-01-16T08:35:19.420+0000][gc,heap     ] GC(256) Old regions: 57->57
[2026-01-16T08:35:19.420+0000][gc,heap     ] GC(256) Humongous regions: 39->39
[2026-01-16T08:35:19.420+0000][gc,metaspace] GC(256) Metaspace: 11892K(12288K)->11892K(12288K) NonClass: 10815K(11008K)->10815K(11008K) Class: 1076K(1280K)->1076K(1280K)
[2026-01-16T08:35:19.425+0000][gc          ] GC(256) Pause Young (Normal) (G1 Evacuation Pause) 146M->96M(1024M) 145.111ms
[2026-01-16T08:35:19.428+0000][gc,cpu      ] GC(256) User=0.08s Sys=0.00s Real=0.15s
[2026-01-16T08:35:20.963+0000][gc,start    ] GC(257) Pause Young (Normal) (G1 Evacuation Pause)
[2026-01-16T08:35:20.963+0000][gc,task     ] GC(257) Using 8 workers of 8 for evacuation
[2026-01-16T08:35:21.089+0000][gc,phases   ] GC(257)   Pre Evacuate Collection Set: 9.2ms
[2026-01-16T08:35:21.090+0000][gc,phases   ] GC(257)   Merge Heap Roots: 0.5ms
[2026-01-16T08:35:21.092+0000][gc,phases   ] GC(257)   Evacuate Collection Set: 105.4ms
[2026-01-16T08:35:21.093+0000][gc,phases   ] GC(257)   Post Evacuate Collection Set: 9.4ms
[2026-01-16T08:35:21.093+0000][gc,phases   ] GC(257)   Other: 0.8ms
[2026-01-16T08:35:21.093+0000][gc,heap     ] GC(257) Eden regions: 49->0(48)
[2026-01-16T08:35:21.093+0000][gc,heap     ] GC(257) Survivor regions: 2->3(7)
[2026-01-16T08:35:21.094+0000][gc,heap     ] GC(257) Old regions: 57->57
[2026-01-16T08:35:21.094+0000][gc,heap     ] GC(257) Humongous regions: 39->39
[2026-01-16T08:35:21.094+0000][gc,metaspace] GC(257) Metaspace: 11892K(12288K)->11892K(12288K) NonClass: 10815K(11008K)->10815K(11008K) Class: 1076K(1280K)->1076K(1280K)
[2026-01-16T08:35:21.095+0000][gc          ] GC(257) Pause Young (Normal) (G1 Evacuation Pause) 145M->97M(1024M) 131.994ms
[2026-01-16T08:35:21.095+0000][gc,cpu      ] GC(257) User=0.06s Sys=0.01s Real=0.13s
[2026-01-16T08:35:28.491+0000][gc,start    ] GC(258) Pause Young (Normal) (G1 Evacuation Pause)
[2026-01-16T08:35:28.495+0000][gc,task     ] GC(258) Using 8 workers of 8 for evacuation
[2026-01-16T08:35:28.836+0000][gc,mmu      ] GC(258) MMU target violated: 201.0ms (200.0ms/201.0ms)
[2026-01-16T08:35:28.837+0000][gc,phases   ] GC(258)   Pre Evacuate Collection Set: 70.5ms
[2026-01-16T08:35:28.839+0000][gc,phases   ] GC(258)   Merge Heap Roots: 12.9ms
[2026-01-16T08:35:28.840+0000][gc,phases   ] GC(258)   Evacuate Collection Set: 234.3ms
[2026-01-16T08:35:28.841+0000][gc,phases   ] GC(258)   Post Evacuate Collection Set: 21.1ms
[2026-01-16T08:35:28.842+0000][gc,phases   ] GC(258)   Other: 4.7ms
[2026-01-16T08:35:28.843+0000][gc,heap     ] GC(258) Eden regions: 48->0(49)
[2026-01-16T08:35:28.845+0000][gc,heap     ] GC(258) Survivor regions: 3->2(7)
[2026-01-16T08:35:28.846+0000][gc,heap     ] GC(258) Old regions: 57->57
[2026-01-16T08:35:28.847+0000][gc,heap     ] GC(258) Humongous regions: 39->39
[2026-01-16T08:35:28.849+0000][gc,metaspace] GC(258) Metaspace: 11894K(12288K)->11894K(12288K) NonClass: 10817K(11008K)->10817K(11008K) Class: 1076K(1280K)->1076K(1280K)
[2026-01-16T08:35:28.852+0000][gc          ] GC(258) Pause Young (Normal) (G1 Evacuation Pause) 145M->96M(1024M) 360.950ms
[2026-01-16T08:35:28.853+0000][gc,cpu      ] GC(258) User=0.20s Sys=0.01s Real=0.36s
[2026-01-16T08:35:30.908+0000][gc,start    ] GC(259) Pause Young (Normal) (G1 Evacuation Pause)
[2026-01-16T08:35:30.909+0000][gc,task     ] GC(259) Using 8 workers of 8 for evacuation
[2026-01-16T08:35:31.003+0000][gc,phases   ] GC(259)   Pre Evacuate Collection Set: 18.2ms
[2026-01-16T08:35:31.004+0000][gc,phases   ] GC(259)   Merge Heap Roots: 0.2ms
[2026-01-16T08:35:31.004+0000][gc,phases   ] GC(259)   Evacuate Collection Set: 65.7ms
[2026-01-16T08:35:31.004+0000][gc,phases   ] GC(259)   Post Evacuate Collection Set: 10.0ms
[2026-01-16T08:35:31.005+0000][gc,phases   ] GC(259)   Other: 0.5ms
[2026-01-16T08:35:31.005+0000][gc,heap     ] GC(259) Eden regions: 49->0(48)
[2026-01-16T08:35:31.005+0000][gc,heap     ] GC(259) Survivor regions: 2->3(7)
[2026-01-16T08:35:31.005+0000][gc,heap     ] GC(259) Old regions: 57->57
[2026-01-16T08:35:31.006+0000][gc,heap     ] GC(259) Humongous regions: 39->39
[2026-01-16T08:35:31.006+0000][gc,metaspace] GC(259) Metaspace: 11896K(12288K)->11896K(12288K) NonClass: 10819K(11008K)->10819K(11008K) Class: 1076K(1280K)->1076K(1280K)
[2026-01-16T08:35:31.008+0000][gc          ] GC(259) Pause Young (Normal) (G1 Evacuation Pause) 145M->97M(1024M) 99.694ms
[2026-01-16T08:35:31.008+0000][gc,cpu      ] GC(259) User=0.07s Sys=0.01s Real=0.11s
[2026-01-16T08:35:38.256+0000][gc,start    ] GC(260) Pause Young (Normal) (G1 Evacuation Pause)
[2026-01-16T08:35:38.258+0000][gc,task     ] GC(260) Using 8 workers of 8 for evacuation
[2026-01-16T08:35:38.431+0000][gc,phases   ] GC(260)   Pre Evacuate Collection Set: 33.2ms
[2026-01-16T08:35:38.433+0000][gc,phases   ] GC(260)   Merge Heap Roots: 0.4ms
[2026-01-16T08:35:38.433+0000][gc,phases   ] GC(260)   Evacuate Collection Set: 132.1ms
[2026-01-16T08:35:38.434+0000][gc,phases   ] GC(260)   Post Evacuate Collection Set: 5.9ms
[2026-01-16T08:35:38.435+0000][gc,phases   ] GC(260)   Other: 1.7ms
[2026-01-16T08:35:38.435+0000][gc,heap     ] GC(260) Eden regions: 48->0(49)
[2026-01-16T08:35:38.436+0000][gc,heap     ] GC(260) Survivor regions: 3->2(7)
[2026-01-16T08:35:38.436+0000][gc,heap     ] GC(260) Old regions: 57->57
[2026-01-16T08:35:38.438+0000][gc,heap     ] GC(260) Humongous regions: 39->39
[2026-01-16T08:35:38.438+0000][gc,metaspace] GC(260) Metaspace: 11901K(12288K)->11901K(12288K) NonClass: 10824K(11008K)->10824K(11008K) Class: 1076K(1280K)->1076K(1280K)
[2026-01-16T08:35:38.438+0000][gc          ] GC(260) Pause Young (Normal) (G1 Evacuation Pause) 145M->96M(1024M) 182.086ms
[2026-01-16T08:35:38.440+0000][gc,cpu      ] GC(260) User=0.11s Sys=0.01s Real=0.18s
[2026-01-16T08:35:40.550+0000][gc,start    ] GC(261) Pause Young (Normal) (G1 Evacuation Pause)
[2026-01-16T08:35:40.551+0000][gc,task     ] GC(261) Using 8 workers of 8 for evacuation
[2026-01-16T08:35:40.645+0000][gc,phases   ] GC(261)   Pre Evacuate Collection Set: 3.2ms
[2026-01-16T08:35:40.645+0000][gc,phases   ] GC(261)   Merge Heap Roots: 0.5ms
[2026-01-16T08:35:40.646+0000][gc,phases   ] GC(261)   Evacuate Collection Set: 82.4ms
[2026-01-16T08:35:40.646+0000][gc,phases   ] GC(261)   Post Evacuate Collection Set: 7.8ms
[2026-01-16T08:35:40.646+0000][gc,phases   ] GC(261)   Other: 0.5ms
[2026-01-16T08:35:40.646+0000][gc,heap     ] GC(261) Eden regions: 49->0(48)
[2026-01-16T08:35:40.646+0000][gc,heap     ] GC(261) Survivor regions: 2->3(7)
[2026-01-16T08:35:40.647+0000][gc,heap     ] GC(261) Old regions: 57->57
[2026-01-16T08:35:40.647+0000][gc,heap     ] GC(261) Humongous regions: 39->39
[2026-01-16T08:35:40.647+0000][gc,metaspace] GC(261) Metaspace: 11901K(12288K)->11901K(12288K) NonClass: 10824K(11008K)->10824K(11008K) Class: 1076K(1280K)->1076K(1280K)
[2026-01-16T08:35:40.649+0000][gc          ] GC(261) Pause Young (Normal) (G1 Evacuation Pause) 145M->97M(1024M) 98.979ms
[2026-01-16T08:35:40.649+0000][gc,cpu      ] GC(261) User=0.06s Sys=0.00s Real=0.10s
[2026-01-16T08:35:46.616+0000][gc,start    ] GC(262) Pause Young (Normal) (G1 Evacuation Pause)
[2026-01-16T08:35:46.618+0000][gc,task     ] GC(262) Using 8 workers of 8 for evacuation
[2026-01-16T08:35:46.801+0000][gc,phases   ] GC(262)   Pre Evacuate Collection Set: 30.8ms
[2026-01-16T08:35:46.802+0000][gc,phases   ] GC(262)   Merge Heap Roots: 0.4ms
[2026-01-16T08:35:46.803+0000][gc,phases   ] GC(262)   Evacuate Collection Set: 144.2ms
[2026-01-16T08:35:46.805+0000][gc,phases   ] GC(262)   Post Evacuate Collection Set: 7.2ms
[2026-01-16T08:35:46.805+0000][gc,phases   ] GC(262)   Other: 1.3ms
[2026-01-16T08:35:46.805+0000][gc,heap     ] GC(262) Eden regions: 48->0(122)
[2026-01-16T08:35:46.806+0000][gc,heap     ] GC(262) Survivor regions: 3->2(7)
[2026-01-16T08:35:46.807+0000][gc,heap     ] GC(262) Old regions: 57->57
[2026-01-16T08:35:46.807+0000][gc,heap     ] GC(262) Humongous regions: 39->39
[2026-01-16T08:35:46.808+0000][gc,metaspace] GC(262) Metaspace: 11904K(12288K)->11904K(12288K) NonClass: 10827K(11008K)->10827K(11008K) Class: 1076K(1280K)->1076K(1280K)
[2026-01-16T08:35:46.812+0000][gc          ] GC(262) Pause Young (Normal) (G1 Evacuation Pause) 145M->96M(1024M) 195.959ms
[2026-01-16T08:35:46.813+0000][gc,cpu      ] GC(262) User=0.11s Sys=0.02s Real=0.19s
[2026-01-16T08:35:54.640+0000][gc,start    ] GC(263) Pause Young (Normal) (G1 Evacuation Pause)
[2026-01-16T08:35:54.687+0000][gc,task     ] GC(263) Using 8 workers of 8 for evacuation
[2026-01-16T08:35:55.655+0000][gc,mmu      ] GC(263) MMU target violated: 201.0ms (200.0ms/201.0ms)
[2026-01-16T08:35:55.658+0000][gc,phases   ] GC(263)   Pre Evacuate Collection Set: 106.2ms
[2026-01-16T08:35:55.664+0000][gc,phases   ] GC(263)   Merge Heap Roots: 1.6ms
[2026-01-16T08:35:55.665+0000][gc,phases   ] GC(263)   Evacuate Collection Set: 831.3ms
[2026-01-16T08:35:55.665+0000][gc,phases   ] GC(263)   Post Evacuate Collection Set: 17.1ms
[2026-01-16T08:35:55.666+0000][gc,phases   ] GC(263)   Other: 51.7ms
[2026-01-16T08:35:55.667+0000][gc,heap     ] GC(263) Eden regions: 91->0(48)
[2026-01-16T08:35:55.667+0000][gc,heap     ] GC(263) Survivor regions: 2->3(12)
[2026-01-16T08:35:55.668+0000][gc,heap     ] GC(263) Old regions: 57->57
[2026-01-16T08:35:55.669+0000][gc,heap     ] GC(263) Humongous regions: 39->39
[2026-01-16T08:35:55.669+0000][gc,metaspace] GC(263) Metaspace: 11917K(12288K)->11917K(12288K) NonClass: 10840K(11008K)->10840K(11008K) Class: 1076K(1280K)->1076K(1280K)
[2026-01-16T08:35:55.671+0000][gc          ] GC(263) Pause Young (Normal) (G1 Evacuation Pause) 187M->97M(1024M) 1029.742ms
[2026-01-16T08:35:55.673+0000][gc,cpu      ] GC(263) User=0.52s Sys=0.06s Real=1.03s
[2026-01-16T08:35:58.587+0000][gc,start    ] GC(264) Pause Young (Normal) (G1 Evacuation Pause)
[2026-01-16T08:35:58.589+0000][gc,task     ] GC(264) Using 8 workers of 8 for evacuation
[2026-01-16T08:35:58.840+0000][gc,mmu      ] GC(264) MMU target violated: 201.0ms (200.0ms/201.0ms)
[2026-01-16T08:35:58.842+0000][gc,phases   ] GC(264)   Pre Evacuate Collection Set: 32.1ms
[2026-01-16T08:35:58.851+0000][gc,phases   ] GC(264)   Merge Heap Roots: 1.4ms
[2026-01-16T08:35:58.856+0000][gc,phases   ] GC(264)   Evacuate Collection Set: 159.1ms
[2026-01-16T08:35:58.856+0000][gc,phases   ] GC(264)   Post Evacuate Collection Set: 58.3ms
[2026-01-16T08:35:58.856+0000][gc,phases   ] GC(264)   Other: 2.6ms
[2026-01-16T08:35:58.857+0000][gc,heap     ] GC(264) Eden regions: 48->0(49)
[2026-01-16T08:35:58.857+0000][gc,heap     ] GC(264) Survivor regions: 3->2(7)
[2026-01-16T08:35:58.857+0000][gc,heap     ] GC(264) Old regions: 57->57
[2026-01-16T08:35:58.857+0000][gc,heap     ] GC(264) Humongous regions: 39->39
[2026-01-16T08:35:58.858+0000][gc,metaspace] GC(264) Metaspace: 11925K(12352K)->11925K(12352K) NonClass: 10848K(11072K)->10848K(11072K) Class: 1076K(1280K)->1076K(1280K)
[2026-01-16T08:35:58.858+0000][gc          ] GC(264) Pause Young (Normal) (G1 Evacuation Pause) 145M->97M(1024M) 271.440ms
[2026-01-16T08:35:58.859+0000][gc,cpu      ] GC(264) User=0.15s Sys=0.02s Real=0.27s
[2026-01-16T08:36:00.797+0000][gc,start    ] GC(265) Pause Young (Normal) (G1 Evacuation Pause)
[2026-01-16T08:36:00.800+0000][gc,task     ] GC(265) Using 8 workers of 8 for evacuation
[2026-01-16T08:36:01.130+0000][gc,mmu      ] GC(265) MMU target violated: 201.0ms (200.0ms/201.0ms)
[2026-01-16T08:36:01.132+0000][gc,phases   ] GC(265)   Pre Evacuate Collection Set: 51.0ms
[2026-01-16T08:36:01.132+0000][gc,phases   ] GC(265)   Merge Heap Roots: 0.9ms
[2026-01-16T08:36:01.133+0000][gc,phases   ] GC(265)   Evacuate Collection Set: 263.1ms
[2026-01-16T08:36:01.133+0000][gc,phases   ] GC(265)   Post Evacuate Collection Set: 12.2ms
[2026-01-16T08:36:01.133+0000][gc,phases   ] GC(265)   Other: 4.7ms
[2026-01-16T08:36:01.133+0000][gc,heap     ] GC(265) Eden regions: 49->0(48)
[2026-01-16T08:36:01.134+0000][gc,heap     ] GC(265) Survivor regions: 2->3(7)
[2026-01-16T08:36:01.134+0000][gc,heap     ] GC(265) Old regions: 57->57
[2026-01-16T08:36:01.134+0000][gc,heap     ] GC(265) Humongous regions: 39->39
[2026-01-16T08:36:01.134+0000][gc,metaspace] GC(265) Metaspace: 11925K(12352K)->11925K(12352K) NonClass: 10848K(11072K)->10848K(11072K) Class: 1076K(1280K)->1076K(1280K)
[2026-01-16T08:36:01.135+0000][gc          ] GC(265) Pause Young (Normal) (G1 Evacuation Pause) 146M->97M(1024M) 337.850ms
[2026-01-16T08:36:01.135+0000][gc,cpu      ] GC(265) User=0.18s Sys=0.01s Real=0.34s
[2026-01-16T08:36:07.084+0000][gc,start    ] GC(266) Pause Young (Normal) (G1 Evacuation Pause)
[2026-01-16T08:36:07.089+0000][gc,task     ] GC(266) Using 8 workers of 8 for evacuation
[2026-01-16T08:36:07.300+0000][gc,mmu      ] GC(266) MMU target violated: 201.0ms (200.0ms/201.0ms)
[2026-01-16T08:36:07.310+0000][gc,phases   ] GC(266)   Pre Evacuate Collection Set: 22.7ms
[2026-01-16T08:36:07.311+0000][gc,phases   ] GC(266)   Merge Heap Roots: 8.9ms
[2026-01-16T08:36:07.314+0000][gc,phases   ] GC(266)   Evacuate Collection Set: 157.1ms
[2026-01-16T08:36:07.319+0000][gc,phases   ] GC(266)   Post Evacuate Collection Set: 17.9ms
[2026-01-16T08:36:07.323+0000][gc,phases   ] GC(266)   Other: 14.8ms
[2026-01-16T08:36:07.325+0000][gc,heap     ] GC(266) Eden regions: 48->0(49)
[2026-01-16T08:36:07.326+0000][gc,heap     ] GC(266) Survivor regions: 3->2(7)
[2026-01-16T08:36:07.326+0000][gc,heap     ] GC(266) Old regions: 57->57
[2026-01-16T08:36:07.327+0000][gc,heap     ] GC(266) Humongous regions: 39->39
[2026-01-16T08:36:07.331+0000][gc,metaspace] GC(266) Metaspace: 11940K(12352K)->11940K(12352K) NonClass: 10862K(11072K)->10862K(11072K) Class: 1078K(1280K)->1078K(1280K)
[2026-01-16T08:36:07.331+0000][gc          ] GC(266) Pause Young (Normal) (G1 Evacuation Pause) 145M->97M(1024M) 246.839ms
[2026-01-16T08:36:07.334+0000][gc,cpu      ] GC(266) User=0.16s Sys=0.01s Real=0.25s
[2026-01-16T08:36:09.971+0000][gc,start    ] GC(267) Pause Young (Normal) (G1 Evacuation Pause)
[2026-01-16T08:36:09.975+0000][gc,task     ] GC(267) Using 8 workers of 8 for evacuation
[2026-01-16T08:36:10.138+0000][gc,phases   ] GC(267)   Pre Evacuate Collection Set: 23.1ms
[2026-01-16T08:36:10.139+0000][gc,phases   ] GC(267)   Merge Heap Roots: 0.5ms
[2026-01-16T08:36:10.139+0000][gc,phases   ] GC(267)   Evacuate Collection Set: 136.0ms
[2026-01-16T08:36:10.147+0000][gc,phases   ] GC(267)   Post Evacuate Collection Set: 3.1ms
[2026-01-16T08:36:10.147+0000][gc,phases   ] GC(267)   Other: 0.6ms
[2026-01-16T08:36:10.148+0000][gc,heap     ] GC(267) Eden regions: 49->0(48)
[2026-01-16T08:36:10.148+0000][gc,heap     ] GC(267) Survivor regions: 2->3(7)
[2026-01-16T08:36:10.148+0000][gc,heap     ] GC(267) Old regions: 57->57
[2026-01-16T08:36:10.148+0000][gc,heap     ] GC(267) Humongous regions: 39->39
[2026-01-16T08:36:10.148+0000][gc,metaspace] GC(267) Metaspace: 11943K(12352K)->11943K(12352K) NonClass: 10865K(11072K)->10865K(11072K) Class: 1078K(1280K)->1078K(1280K)
[2026-01-16T08:36:10.148+0000][gc          ] GC(267) Pause Young (Normal) (G1 Evacuation Pause) 146M->97M(1024M) 177.353ms
[2026-01-16T08:36:10.148+0000][gc,cpu      ] GC(267) User=0.09s Sys=0.02s Real=0.18s
[2026-01-16T08:36:18.955+0000][gc,start    ] GC(268) Pause Young (Normal) (G1 Evacuation Pause)
[2026-01-16T08:36:18.959+0000][gc,task     ] GC(268) Using 8 workers of 8 for evacuation
[2026-01-16T08:36:19.878+0000][gc,mmu      ] GC(268) MMU target violated: 201.0ms (200.0ms/201.0ms)
[2026-01-16T08:36:19.900+0000][gc,phases   ] GC(268)   Pre Evacuate Collection Set: 37.2ms
[2026-01-16T08:36:19.914+0000][gc,phases   ] GC(268)   Merge Heap Roots: 136.6ms
[2026-01-16T08:36:19.914+0000][gc,phases   ] GC(268)   Evacuate Collection Set: 571.1ms
[2026-01-16T08:36:19.914+0000][gc,phases   ] GC(268)   Post Evacuate Collection Set: 39.1ms
[2026-01-16T08:36:19.914+0000][gc,phases   ] GC(268)   Other: 157.3ms
[2026-01-16T08:36:19.914+0000][gc,heap     ] GC(268) Eden regions: 48->0(49)
[2026-01-16T08:36:19.915+0000][gc,heap     ] GC(268) Survivor regions: 3->2(7)
[2026-01-16T08:36:19.915+0000][gc,heap     ] GC(268) Old regions: 57->57
[2026-01-16T08:36:19.915+0000][gc,heap     ] GC(268) Humongous regions: 39->39
[2026-01-16T08:36:19.915+0000][gc,metaspace] GC(268) Metaspace: 11950K(12352K)->11950K(12352K) NonClass: 10872K(11072K)->10872K(11072K) Class: 1078K(1280K)->1078K(1280K)
[2026-01-16T08:36:19.915+0000][gc          ] GC(268) Pause Young (Normal) (G1 Evacuation Pause) 145M->97M(1024M) 959.668ms
[2026-01-16T08:36:19.916+0000][gc,cpu      ] GC(268) User=0.21s Sys=0.03s Real=0.96s
[2026-01-16T08:36:26.931+0000][gc,start    ] GC(269) Pause Young (Normal) (G1 Evacuation Pause)
[2026-01-16T08:36:26.975+0000][gc,task     ] GC(269) Using 8 workers of 8 for evacuation
[2026-01-16T08:36:27.633+0000][gc,mmu      ] GC(269) MMU target violated: 201.0ms (200.0ms/201.0ms)
[2026-01-16T08:36:27.634+0000][gc,phases   ] GC(269)   Pre Evacuate Collection Set: 78.4ms
[2026-01-16T08:36:27.634+0000][gc,phases   ] GC(269)   Merge Heap Roots: 51.3ms
[2026-01-16T08:36:27.635+0000][gc,phases   ] GC(269)   Evacuate Collection Set: 467.6ms
[2026-01-16T08:36:27.636+0000][gc,phases   ] GC(269)   Post Evacuate Collection Set: 42.4ms
[2026-01-16T08:36:27.636+0000][gc,phases   ] GC(269)   Other: 57.0ms
[2026-01-16T08:36:27.649+0000][gc,heap     ] GC(269) Eden regions: 49->0(48)
[2026-01-16T08:36:27.649+0000][gc,heap     ] GC(269) Survivor regions: 2->3(7)
[2026-01-16T08:36:27.650+0000][gc,heap     ] GC(269) Old regions: 57->57
[2026-01-16T08:36:27.650+0000][gc,heap     ] GC(269) Humongous regions: 39->39
[2026-01-16T08:36:27.674+0000][gc,metaspace] GC(269) Metaspace: 11967K(12352K)->11967K(12352K) NonClass: 10889K(11072K)->10889K(11072K) Class: 1078K(1280K)->1078K(1280K)
[2026-01-16T08:36:27.675+0000][gc          ] GC(269) Pause Young (Normal) (G1 Evacuation Pause) 146M->98M(1024M) 743.348ms
[2026-01-16T08:36:27.675+0000][gc,cpu      ] GC(269) User=0.28s Sys=0.03s Real=0.74s
[2026-01-16T08:36:32.531+0000][gc,start    ] GC(270) Pause Young (Normal) (G1 Evacuation Pause)
[2026-01-16T08:36:32.611+0000][gc,task     ] GC(270) Using 8 workers of 8 for evacuation
[2026-01-16T08:36:33.342+0000][gc,mmu      ] GC(270) MMU target violated: 201.0ms (200.0ms/201.0ms)
[2026-01-16T08:36:33.345+0000][gc,phases   ] GC(270)   Pre Evacuate Collection Set: 34.6ms
[2026-01-16T08:36:33.345+0000][gc,phases   ] GC(270)   Merge Heap Roots: 33.1ms
[2026-01-16T08:36:33.355+0000][gc,phases   ] GC(270)   Evacuate Collection Set: 647.6ms
[2026-01-16T08:36:33.357+0000][gc,phases   ] GC(270)   Post Evacuate Collection Set: 15.4ms
[2026-01-16T08:36:33.359+0000][gc,phases   ] GC(270)   Other: 53.1ms
[2026-01-16T08:36:33.359+0000][gc,heap     ] GC(270) Eden regions: 48->0(48)
[2026-01-16T08:36:33.362+0000][gc,heap     ] GC(270) Survivor regions: 3->3(7)
[2026-01-16T08:36:33.362+0000][gc,heap     ] GC(270) Old regions: 57->57
[2026-01-16T08:36:33.362+0000][gc,heap     ] GC(270) Humongous regions: 39->39
[2026-01-16T08:36:33.362+0000][gc,metaspace] GC(270) Metaspace: 11969K(12352K)->11969K(12352K) NonClass: 10890K(11072K)->10890K(11072K) Class: 1078K(1280K)->1078K(1280K)
[2026-01-16T08:36:33.381+0000][gc          ] GC(270) Pause Young (Normal) (G1 Evacuation Pause) 146M->98M(1024M) 852.841ms
[2026-01-16T08:36:33.382+0000][gc,cpu      ] GC(270) User=0.44s Sys=0.03s Real=0.85s
[2026-01-16T08:36:37.218+0000][gc,start    ] GC(271) Pause Young (Normal) (G1 Evacuation Pause)
[2026-01-16T08:36:37.222+0000][gc,task     ] GC(271) Using 8 workers of 8 for evacuation
[2026-01-16T08:36:37.928+0000][gc,mmu      ] GC(271) MMU target violated: 201.0ms (200.0ms/201.0ms)
[2026-01-16T08:36:37.929+0000][gc,phases   ] GC(271)   Pre Evacuate Collection Set: 42.5ms
[2026-01-16T08:36:37.932+0000][gc,phases   ] GC(271)   Merge Heap Roots: 20.8ms
[2026-01-16T08:36:37.935+0000][gc,phases   ] GC(271)   Evacuate Collection Set: 602.9ms
[2026-01-16T08:36:37.944+0000][gc,phases   ] GC(271)   Post Evacuate Collection Set: 37.0ms
[2026-01-16T08:36:37.947+0000][gc,phases   ] GC(271)   Other: 3.4ms
[2026-01-16T08:36:37.950+0000][gc,heap     ] GC(271) Eden regions: 48->0(47)
[2026-01-16T08:36:37.953+0000][gc,heap     ] GC(271) Survivor regions: 3->4(7)
[2026-01-16T08:36:37.955+0000][gc,heap     ] GC(271) Old regions: 57->57
[2026-01-16T08:36:37.955+0000][gc,heap     ] GC(271) Humongous regions: 39->39
[2026-01-16T08:36:37.955+0000][gc,metaspace] GC(271) Metaspace: 11970K(12352K)->11970K(12352K) NonClass: 10891K(11072K)->10891K(11072K) Class: 1078K(1280K)->1078K(1280K)
[2026-01-16T08:36:37.956+0000][gc          ] GC(271) Pause Young (Normal) (G1 Evacuation Pause) 146M->99M(1024M) 737.357ms
[2026-01-16T08:36:37.957+0000][gc,cpu      ] GC(271) User=0.28s Sys=0.03s Real=0.74s
[2026-01-16T08:36:38.958+0000][gc,start    ] GC(272) Pause Young (Normal) (G1 Evacuation Pause)
[2026-01-16T08:36:38.960+0000][gc,task     ] GC(272) Using 8 workers of 8 for evacuation
[2026-01-16T08:36:39.119+0000][gc,phases   ] GC(272)   Pre Evacuate Collection Set: 6.9ms
[2026-01-16T08:36:39.121+0000][gc,phases   ] GC(272)   Merge Heap Roots: 0.3ms
[2026-01-16T08:36:39.123+0000][gc,phases   ] GC(272)   Evacuate Collection Set: 131.3ms
[2026-01-16T08:36:39.125+0000][gc,phases   ] GC(272)   Post Evacuate Collection Set: 8.6ms
[2026-01-16T08:36:39.128+0000][gc,phases   ] GC(272)   Other: 13.0ms
[2026-01-16T08:36:39.132+0000][gc,heap     ] GC(272) Eden regions: 47->0(48)
[2026-01-16T08:36:39.136+0000][gc,heap     ] GC(272) Survivor regions: 4->3(7)
[2026-01-16T08:36:39.139+0000][gc,heap     ] GC(272) Old regions: 57->57
[2026-01-16T08:36:39.140+0000][gc,heap     ] GC(272) Humongous regions: 39->39
[2026-01-16T08:36:39.142+0000][gc,metaspace] GC(272) Metaspace: 11970K(12352K)->11970K(12352K) NonClass: 10891K(11072K)->10891K(11072K) Class: 1078K(1280K)->1078K(1280K)
[2026-01-16T08:36:39.145+0000][gc          ] GC(272) Pause Young (Normal) (G1 Evacuation Pause) 146M->98M(1024M) 187.853ms
[2026-01-16T08:36:39.149+0000][gc,cpu      ] GC(272) User=0.07s Sys=0.02s Real=0.19s
[2026-01-16T08:36:40.810+0000][gc,start    ] GC(273) Pause Young (Normal) (G1 Evacuation Pause)
[2026-01-16T08:36:40.815+0000][gc,task     ] GC(273) Using 8 workers of 8 for evacuation
[2026-01-16T08:36:41.090+0000][gc,mmu      ] GC(273) MMU target violated: 201.0ms (200.0ms/201.0ms)
[2026-01-16T08:36:41.090+0000][gc,phases   ] GC(273)   Pre Evacuate Collection Set: 55.6ms
[2026-01-16T08:36:41.090+0000][gc,phases   ] GC(273)   Merge Heap Roots: 67.8ms
[2026-01-16T08:36:41.091+0000][gc,phases   ] GC(273)   Evacuate Collection Set: 128.4ms
[2026-01-16T08:36:41.092+0000][gc,phases   ] GC(273)   Post Evacuate Collection Set: 15.7ms
[2026-01-16T08:36:41.092+0000][gc,phases   ] GC(273)   Other: 8.4ms
[2026-01-16T08:36:41.093+0000][gc,heap     ] GC(273) Eden regions: 48->0(49)
[2026-01-16T08:36:41.093+0000][gc,heap     ] GC(273) Survivor regions: 3->2(7)
[2026-01-16T08:36:41.093+0000][gc,heap     ] GC(273) Old regions: 57->58
[2026-01-16T08:36:41.093+0000][gc,heap     ] GC(273) Humongous regions: 39->39
[2026-01-16T08:36:41.093+0000][gc,metaspace] GC(273) Metaspace: 11972K(12352K)->11972K(12352K) NonClass: 10894K(11072K)->10894K(11072K) Class: 1078K(1280K)->1078K(1280K)
[2026-01-16T08:36:41.100+0000][gc          ] GC(273) Pause Young (Normal) (G1 Evacuation Pause) 146M->97M(1024M) 290.127ms
[2026-01-16T08:36:41.100+0000][gc,cpu      ] GC(273) User=0.13s Sys=0.00s Real=0.29s
[2026-01-16T08:36:46.098+0000][gc,start    ] GC(274) Pause Young (Normal) (G1 Evacuation Pause)
[2026-01-16T08:36:46.099+0000][gc,task     ] GC(274) Using 8 workers of 8 for evacuation
[2026-01-16T08:36:46.366+0000][gc,mmu      ] GC(274) MMU target violated: 201.0ms (200.0ms/201.0ms)
[2026-01-16T08:36:46.370+0000][gc,phases   ] GC(274)   Pre Evacuate Collection Set: 25.7ms
[2026-01-16T08:36:46.370+0000][gc,phases   ] GC(274)   Merge Heap Roots: 1.2ms
[2026-01-16T08:36:46.371+0000][gc,phases   ] GC(274)   Evacuate Collection Set: 221.3ms
[2026-01-16T08:36:46.383+0000][gc,phases   ] GC(274)   Post Evacuate Collection Set: 14.1ms
[2026-01-16T08:36:46.385+0000][gc,phases   ] GC(274)   Other: 8.6ms
[2026-01-16T08:36:46.385+0000][gc,heap     ] GC(274) Eden regions: 49->0(48)
[2026-01-16T08:36:46.390+0000][gc,heap     ] GC(274) Survivor regions: 2->3(7)
[2026-01-16T08:36:46.391+0000][gc,heap     ] GC(274) Old regions: 58->58
[2026-01-16T08:36:46.391+0000][gc,heap     ] GC(274) Humongous regions: 39->39
[2026-01-16T08:36:46.391+0000][gc,metaspace] GC(274) Metaspace: 11972K(12352K)->11972K(12352K) NonClass: 10894K(11072K)->10894K(11072K) Class: 1078K(1280K)->1078K(1280K)
[2026-01-16T08:36:46.391+0000][gc          ] GC(274) Pause Young (Normal) (G1 Evacuation Pause) 146M->98M(1024M) 293.613ms
[2026-01-16T08:36:46.401+0000][gc,cpu      ] GC(274) User=0.15s Sys=0.02s Real=0.30s
[2026-01-16T08:36:54.153+0000][gc,start    ] GC(275) Pause Young (Normal) (G1 Evacuation Pause)
[2026-01-16T08:36:54.210+0000][gc,task     ] GC(275) Using 8 workers of 8 for evacuation
[2026-01-16T08:36:56.775+0000][gc,mmu      ] GC(275) MMU target violated: 201.0ms (200.0ms/201.0ms)
[2026-01-16T08:36:56.789+0000][gc,phases   ] GC(275)   Pre Evacuate Collection Set: 92.9ms
[2026-01-16T08:36:56.793+0000][gc,phases   ] GC(275)   Merge Heap Roots: 3.3ms
[2026-01-16T08:36:56.795+0000][gc,phases   ] GC(275)   Evacuate Collection Set: 2128.3ms
[2026-01-16T08:36:56.796+0000][gc,phases   ] GC(275)   Post Evacuate Collection Set: 275.4ms
[2026-01-16T08:36:56.797+0000][gc,phases   ] GC(275)   Other: 111.9ms
[2026-01-16T08:36:56.799+0000][gc,heap     ] GC(275) Eden regions: 48->0(48)
[2026-01-16T08:36:56.801+0000][gc,heap     ] GC(275) Survivor regions: 3->3(7)
[2026-01-16T08:36:56.802+0000][gc,heap     ] GC(275) Old regions: 58->58
[2026-01-16T08:36:56.803+0000][gc,heap     ] GC(275) Humongous regions: 39->39
[2026-01-16T08:36:56.806+0000][gc,metaspace] GC(275) Metaspace: 11976K(12352K)->11976K(12352K) NonClass: 10898K(11072K)->10898K(11072K) Class: 1078K(1280K)->1078K(1280K)
[2026-01-16T08:36:56.823+0000][gc          ] GC(275) Pause Young (Normal) (G1 Evacuation Pause) 146M->98M(1024M) 2669.443ms
[2026-01-16T08:36:56.825+0000][gc,cpu      ] GC(275) User=1.16s Sys=0.14s Real=2.68s
[2026-01-16T08:37:03.855+0000][gc,start    ] GC(276) Pause Young (Normal) (G1 Evacuation Pause)
[2026-01-16T08:37:03.863+0000][gc,task     ] GC(276) Using 8 workers of 8 for evacuation
[2026-01-16T08:37:07.520+0000][gc,mmu      ] GC(276) MMU target violated: 201.0ms (200.0ms/201.0ms)
[2026-01-16T08:37:07.526+0000][gc,phases   ] GC(276)   Pre Evacuate Collection Set: 2301.2ms
[2026-01-16T08:37:07.579+0000][gc,phases   ] GC(276)   Merge Heap Roots: 5.9ms
[2026-01-16T08:37:07.580+0000][gc,phases   ] GC(276)   Evacuate Collection Set: 1177.3ms
[2026-01-16T08:37:07.580+0000][gc,phases   ] GC(276)   Post Evacuate Collection Set: 159.6ms
[2026-01-16T08:37:07.593+0000][gc,phases   ] GC(276)   Other: 18.3ms
[2026-01-16T08:37:07.595+0000][gc,heap     ] GC(276) Eden regions: 48->0(48)
[2026-01-16T08:37:07.607+0000][gc,heap     ] GC(276) Survivor regions: 3->3(7)
[2026-01-16T08:37:07.619+0000][gc,heap     ] GC(276) Old regions: 58->58
[2026-01-16T08:37:07.620+0000][gc,heap     ] GC(276) Humongous regions: 39->39
[2026-01-16T08:37:07.620+0000][gc,metaspace] GC(276) Metaspace: 11980K(12352K)->11980K(12352K) NonClass: 10902K(11072K)->10902K(11072K) Class: 1078K(1280K)->1078K(1280K)
[2026-01-16T08:37:07.621+0000][gc          ] GC(276) Pause Young (Normal) (G1 Evacuation Pause) 146M->98M(1024M) 3766.107ms
[2026-01-16T08:37:07.634+0000][gc,cpu      ] GC(276) User=0.71s Sys=0.07s Real=3.77s
[2026-01-16T08:37:13.204+0000][gc,start    ] GC(277) Pause Young (Normal) (G1 Evacuation Pause)
[2026-01-16T08:37:13.258+0000][gc,task     ] GC(277) Using 8 workers of 8 for evacuation
[2026-01-16T08:37:14.331+0000][gc,mmu      ] GC(277) MMU target violated: 201.0ms (200.0ms/201.0ms)
[2026-01-16T08:37:14.338+0000][gc,phases   ] GC(277)   Pre Evacuate Collection Set: 109.7ms
[2026-01-16T08:37:14.343+0000][gc,phases   ] GC(277)   Merge Heap Roots: 3.8ms
[2026-01-16T08:37:14.346+0000][gc,phases   ] GC(277)   Evacuate Collection Set: 878.7ms
[2026-01-16T08:37:14.349+0000][gc,phases   ] GC(277)   Post Evacuate Collection Set: 64.5ms
[2026-01-16T08:37:14.352+0000][gc,phases   ] GC(277)   Other: 43.1ms
[2026-01-16T08:37:14.364+0000][gc,heap     ] GC(277) Eden regions: 48->0(48)
[2026-01-16T08:37:14.366+0000][gc,heap     ] GC(277) Survivor regions: 3->3(7)
[2026-01-16T08:37:14.369+0000][gc,heap     ] GC(277) Old regions: 58->58
[2026-01-16T08:37:14.371+0000][gc,heap     ] GC(277) Humongous regions: 39->39
[2026-01-16T08:37:14.371+0000][gc,metaspace] GC(277) Metaspace: 11984K(12352K)->11984K(12352K) NonClass: 10906K(11072K)->10906K(11072K) Class: 1078K(1280K)->1078K(1280K)
[2026-01-16T08:37:14.373+0000][gc          ] GC(277) Pause Young (Normal) (G1 Evacuation Pause) 146M->98M(1024M) 1168.842ms
[2026-01-16T08:37:14.392+0000][gc,cpu      ] GC(277) User=0.81s Sys=0.08s Real=1.19s
[2026-01-16T08:37:23.224+0000][gc,start    ] GC(278) Pause Young (Normal) (G1 Evacuation Pause)
[2026-01-16T08:37:23.274+0000][gc,task     ] GC(278) Using 8 workers of 8 for evacuation
[2026-01-16T08:37:24.582+0000][gc,mmu      ] GC(278) MMU target violated: 201.0ms (200.0ms/201.0ms)
[2026-01-16T08:37:24.584+0000][gc,phases   ] GC(278)   Pre Evacuate Collection Set: 66.8ms
[2026-01-16T08:37:24.585+0000][gc,phases   ] GC(278)   Merge Heap Roots: 11.6ms
[2026-01-16T08:37:24.585+0000][gc,phases   ] GC(278)   Evacuate Collection Set: 1157.7ms
[2026-01-16T08:37:24.585+0000][gc,phases   ] GC(278)   Post Evacuate Collection Set: 68.4ms
[2026-01-16T08:37:24.586+0000][gc,phases   ] GC(278)   Other: 25.2ms
[2026-01-16T08:37:24.588+0000][gc,heap     ] GC(278) Eden regions: 48->0(47)
[2026-01-16T08:37:24.589+0000][gc,heap     ] GC(278) Survivor regions: 3->4(7)
[2026-01-16T08:37:24.590+0000][gc,heap     ] GC(278) Old regions: 58->58
[2026-01-16T08:37:24.590+0000][gc,heap     ] GC(278) Humongous regions: 39->39
[2026-01-16T08:37:24.591+0000][gc,metaspace] GC(278) Metaspace: 11985K(12352K)->11985K(12352K) NonClass: 10907K(11072K)->10907K(11072K) Class: 1078K(1280K)->1078K(1280K)
[2026-01-16T08:37:24.593+0000][gc          ] GC(278) Pause Young (Normal) (G1 Evacuation Pause) 146M->99M(1024M) 1368.962ms
[2026-01-16T08:37:24.593+0000][gc,cpu      ] GC(278) User=0.59s Sys=0.05s Real=1.37s
[2026-01-16T08:37:34.213+0000][gc,start    ] GC(279) Pause Young (Normal) (G1 Evacuation Pause)
[2026-01-16T08:37:34.221+0000][gc,task     ] GC(279) Using 8 workers of 8 for evacuation
[2026-01-16T08:37:35.484+0000][gc,mmu      ] GC(279) MMU target violated: 201.0ms (200.0ms/201.0ms)
[2026-01-16T08:37:35.484+0000][gc,phases   ] GC(279)   Pre Evacuate Collection Set: 79.3ms
[2026-01-16T08:37:35.484+0000][gc,phases   ] GC(279)   Merge Heap Roots: 47.3ms
[2026-01-16T08:37:35.484+0000][gc,phases   ] GC(279)   Evacuate Collection Set: 1120.1ms
[2026-01-16T08:37:35.484+0000][gc,phases   ] GC(279)   Post Evacuate Collection Set: 4.5ms
[2026-01-16T08:37:35.484+0000][gc,phases   ] GC(279)   Other: 11.9ms
[2026-01-16T08:37:35.484+0000][gc,heap     ] GC(279) Eden regions: 47->0(47)
[2026-01-16T08:37:35.484+0000][gc,heap     ] GC(279) Survivor regions: 4->4(7)
[2026-01-16T08:37:35.484+0000][gc,heap     ] GC(279) Old regions: 58->58
[2026-01-16T08:37:35.484+0000][gc,heap     ] GC(279) Humongous regions: 39->39
[2026-01-16T08:37:35.484+0000][gc,metaspace] GC(279) Metaspace: 11994K(12352K)->11994K(12352K) NonClass: 10916K(11072K)->10916K(11072K) Class: 1078K(1280K)->1078K(1280K)
[2026-01-16T08:37:35.484+0000][gc          ] GC(279) Pause Young (Normal) (G1 Evacuation Pause) 146M->100M(1024M) 1272.002ms
[2026-01-16T08:37:35.484+0000][gc,cpu      ] GC(279) User=0.89s Sys=0.15s Real=1.27s
[2026-01-16T08:37:37.150+0000][gc,start    ] GC(280) Pause Young (Normal) (G1 Evacuation Pause)
[2026-01-16T08:37:37.184+0000][gc,task     ] GC(280) Using 8 workers of 8 for evacuation
[2026-01-16T08:37:37.757+0000][gc,mmu      ] GC(280) MMU target violated: 201.0ms (200.0ms/201.0ms)
[2026-01-16T08:37:37.760+0000][gc,phases   ] GC(280)   Pre Evacuate Collection Set: 49.6ms
[2026-01-16T08:37:37.763+0000][gc,phases   ] GC(280)   Merge Heap Roots: 33.5ms
[2026-01-16T08:37:37.765+0000][gc,phases   ] GC(280)   Evacuate Collection Set: 464.4ms
[2026-01-16T08:37:37.765+0000][gc,phases   ] GC(280)   Post Evacuate Collection Set: 19.7ms
[2026-01-16T08:37:37.767+0000][gc,phases   ] GC(280)   Other: 8.5ms
[2026-01-16T08:37:37.768+0000][gc,heap     ] GC(280) Eden regions: 47->0(46)
[2026-01-16T08:37:37.770+0000][gc,heap     ] GC(280) Survivor regions: 4->5(7)
[2026-01-16T08:37:37.771+0000][gc,heap     ] GC(280) Old regions: 58->58
[2026-01-16T08:37:37.772+0000][gc,heap     ] GC(280) Humongous regions: 39->39
[2026-01-16T08:37:37.773+0000][gc,metaspace] GC(280) Metaspace: 11995K(12352K)->11995K(12352K) NonClass: 10917K(11072K)->10917K(11072K) Class: 1078K(1280K)->1078K(1280K)
[2026-01-16T08:37:37.776+0000][gc          ] GC(280) Pause Young (Normal) (G1 Evacuation Pause) 147M->101M(1024M) 625.700ms
[2026-01-16T08:37:37.777+0000][gc,cpu      ] GC(280) User=0.22s Sys=0.01s Real=0.63s
[2026-01-16T08:37:39.889+0000][gc,start    ] GC(281) Pause Young (Normal) (G1 Evacuation Pause)
[2026-01-16T08:37:39.899+0000][gc,task     ] GC(281) Using 8 workers of 8 for evacuation
[2026-01-16T08:37:40.381+0000][gc,mmu      ] GC(281) MMU target violated: 201.0ms (200.0ms/201.0ms)
[2026-01-16T08:37:40.383+0000][gc,phases   ] GC(281)   Pre Evacuate Collection Set: 6.8ms
[2026-01-16T08:37:40.388+0000][gc,phases   ] GC(281)   Merge Heap Roots: 0.4ms
[2026-01-16T08:37:40.392+0000][gc,phases   ] GC(281)   Evacuate Collection Set: 422.9ms
[2026-01-16T08:37:40.394+0000][gc,phases   ] GC(281)   Post Evacuate Collection Set: 19.7ms
[2026-01-16T08:37:40.397+0000][gc,phases   ] GC(281)   Other: 34.4ms
[2026-01-16T08:37:40.397+0000][gc,heap     ] GC(281) Eden regions: 46->0(46)
[2026-01-16T08:37:40.398+0000][gc,heap     ] GC(281) Survivor regions: 5->5(7)
[2026-01-16T08:37:40.398+0000][gc,heap     ] GC(281) Old regions: 58->59
[2026-01-16T08:37:40.398+0000][gc,heap     ] GC(281) Humongous regions: 39->39
[2026-01-16T08:37:40.398+0000][gc,metaspace] GC(281) Metaspace: 12003K(12352K)->12003K(12352K) NonClass: 10925K(11072K)->10925K(11072K) Class: 1078K(1280K)->1078K(1280K)
[2026-01-16T08:37:40.400+0000][gc          ] GC(281) Pause Young (Normal) (G1 Evacuation Pause) 147M->101M(1024M) 511.262ms
[2026-01-16T08:37:40.401+0000][gc,cpu      ] GC(281) User=0.17s Sys=0.02s Real=0.51s
[2026-01-16T08:37:41.905+0000][gc,start    ] GC(282) Pause Young (Normal) (G1 Evacuation Pause)
[2026-01-16T08:37:41.907+0000][gc,task     ] GC(282) Using 8 workers of 8 for evacuation
[2026-01-16T08:37:42.092+0000][gc,phases   ] GC(282)   Pre Evacuate Collection Set: 24.1ms
[2026-01-16T08:37:42.094+0000][gc,phases   ] GC(282)   Merge Heap Roots: 0.3ms
[2026-01-16T08:37:42.097+0000][gc,phases   ] GC(282)   Evacuate Collection Set: 118.5ms
[2026-01-16T08:37:42.104+0000][gc,phases   ] GC(282)   Post Evacuate Collection Set: 40.0ms
[2026-01-16T08:37:42.114+0000][gc,phases   ] GC(282)   Other: 3.0ms
[2026-01-16T08:37:42.114+0000][gc,heap     ] GC(282) Eden regions: 46->0(47)
[2026-01-16T08:37:42.115+0000][gc,heap     ] GC(282) Survivor regions: 5->4(7)
[2026-01-16T08:37:42.115+0000][gc,heap     ] GC(282) Old regions: 59->59
[2026-01-16T08:37:42.116+0000][gc,heap     ] GC(282) Humongous regions: 39->39
[2026-01-16T08:37:42.116+0000][gc,metaspace] GC(282) Metaspace: 12003K(12352K)->12003K(12352K) NonClass: 10925K(11072K)->10925K(11072K) Class: 1078K(1280K)->1078K(1280K)
[2026-01-16T08:37:42.117+0000][gc          ] GC(282) Pause Young (Normal) (G1 Evacuation Pause) 147M->100M(1024M) 212.045ms
[2026-01-16T08:37:42.125+0000][gc,cpu      ] GC(282) User=0.08s Sys=0.00s Real=0.22s
[2026-01-16T08:37:43.602+0000][gc,start    ] GC(283) Pause Young (Normal) (G1 Evacuation Pause)
[2026-01-16T08:37:43.605+0000][gc,task     ] GC(283) Using 8 workers of 8 for evacuation
[2026-01-16T08:37:43.818+0000][gc,mmu      ] GC(283) MMU target violated: 201.0ms (200.0ms/201.0ms)
[2026-01-16T08:37:43.818+0000][gc,phases   ] GC(283)   Pre Evacuate Collection Set: 11.5ms
[2026-01-16T08:37:43.819+0000][gc,phases   ] GC(283)   Merge Heap Roots: 0.6ms
[2026-01-16T08:37:43.819+0000][gc,phases   ] GC(283)   Evacuate Collection Set: 183.4ms
[2026-01-16T08:37:43.820+0000][gc,phases   ] GC(283)   Post Evacuate Collection Set: 12.3ms
[2026-01-16T08:37:43.820+0000][gc,phases   ] GC(283)   Other: 5.5ms
[2026-01-16T08:37:43.820+0000][gc,heap     ] GC(283) Eden regions: 47->0(46)
[2026-01-16T08:37:43.821+0000][gc,heap     ] GC(283) Survivor regions: 4->5(7)
[2026-01-16T08:37:43.821+0000][gc,heap     ] GC(283) Old regions: 59->59
[2026-01-16T08:37:43.821+0000][gc,heap     ] GC(283) Humongous regions: 39->39
[2026-01-16T08:37:43.821+0000][gc,metaspace] GC(283) Metaspace: 12003K(12352K)->12003K(12352K) NonClass: 10925K(11072K)->10925K(11072K) Class: 1078K(1280K)->1078K(1280K)
[2026-01-16T08:37:43.823+0000][gc          ] GC(283) Pause Young (Normal) (G1 Evacuation Pause) 147M->101M(1024M) 220.031ms
[2026-01-16T08:37:43.829+0000][gc,cpu      ] GC(283) User=0.12s Sys=0.01s Real=0.23s
[2026-01-16T08:37:44.797+0000][gc,start    ] GC(284) Pause Young (Normal) (G1 Evacuation Pause)
[2026-01-16T08:37:44.798+0000][gc,task     ] GC(284) Using 8 workers of 8 for evacuation
[2026-01-16T08:37:44.886+0000][gc,phases   ] GC(284)   Pre Evacuate Collection Set: 8.4ms
[2026-01-16T08:37:44.888+0000][gc,phases   ] GC(284)   Merge Heap Roots: 0.1ms
[2026-01-16T08:37:44.891+0000][gc,phases   ] GC(284)   Evacuate Collection Set: 76.0ms
[2026-01-16T08:37:44.909+0000][gc,phases   ] GC(284)   Post Evacuate Collection Set: 1.0ms
[2026-01-16T08:37:44.912+0000][gc,phases   ] GC(284)   Other: 2.6ms
[2026-01-16T08:37:44.915+0000][gc,heap     ] GC(284) Eden regions: 46->0(46)
[2026-01-16T08:37:44.917+0000][gc,heap     ] GC(284) Survivor regions: 5->5(7)
[2026-01-16T08:37:44.919+0000][gc,heap     ] GC(284) Old regions: 59->59
[2026-01-16T08:37:44.920+0000][gc,heap     ] GC(284) Humongous regions: 39->39
[2026-01-16T08:37:44.920+0000][gc,metaspace] GC(284) Metaspace: 12003K(12352K)->12003K(12352K) NonClass: 10925K(11072K)->10925K(11072K) Class: 1078K(1280K)->1078K(1280K)
[2026-01-16T08:37:44.920+0000][gc          ] GC(284) Pause Young (Normal) (G1 Evacuation Pause) 147M->101M(1024M) 122.779ms
[2026-01-16T08:37:44.920+0000][gc,cpu      ] GC(284) User=0.04s Sys=0.01s Real=0.12s
[2026-01-16T08:37:45.473+0000][gc,start    ] GC(285) Pause Young (Normal) (G1 Evacuation Pause)
[2026-01-16T08:37:45.489+0000][gc,task     ] GC(285) Using 8 workers of 8 for evacuation
[2026-01-16T08:37:45.590+0000][gc,phases   ] GC(285)   Pre Evacuate Collection Set: 2.1ms
[2026-01-16T08:37:45.599+0000][gc,phases   ] GC(285)   Merge Heap Roots: 0.4ms
[2026-01-16T08:37:45.617+0000][gc,phases   ] GC(285)   Evacuate Collection Set: 81.7ms
[2026-01-16T08:37:45.617+0000][gc,phases   ] GC(285)   Post Evacuate Collection Set: 1.1ms
[2026-01-16T08:37:45.617+0000][gc,phases   ] GC(285)   Other: 15.7ms
[2026-01-16T08:37:45.617+0000][gc,heap     ] GC(285) Eden regions: 46->0(46)
[2026-01-16T08:37:45.617+0000][gc,heap     ] GC(285) Survivor regions: 5->5(7)
[2026-01-16T08:37:45.617+0000][gc,heap     ] GC(285) Old regions: 59->60
[2026-01-16T08:37:45.618+0000][gc,heap     ] GC(285) Humongous regions: 39->39
[2026-01-16T08:37:45.618+0000][gc,metaspace] GC(285) Metaspace: 12003K(12352K)->12003K(12352K) NonClass: 10925K(11072K)->10925K(11072K) Class: 1078K(1280K)->1078K(1280K)
[2026-01-16T08:37:45.618+0000][gc          ] GC(285) Pause Young (Normal) (G1 Evacuation Pause) 147M->102M(1024M) 144.709ms
[2026-01-16T08:37:45.618+0000][gc,cpu      ] GC(285) User=0.05s Sys=0.01s Real=0.15s
[2026-01-16T08:37:49.550+0000][gc,start    ] GC(286) Pause Young (Normal) (G1 Evacuation Pause)
[2026-01-16T08:37:49.557+0000][gc,task     ] GC(286) Using 8 workers of 8 for evacuation
[2026-01-16T08:37:51.333+0000][gc,mmu      ] GC(286) MMU target violated: 201.0ms (200.0ms/201.0ms)
[2026-01-16T08:37:51.335+0000][gc,phases   ] GC(286)   Pre Evacuate Collection Set: 39.1ms
[2026-01-16T08:37:51.335+0000][gc,phases   ] GC(286)   Merge Heap Roots: 8.8ms
[2026-01-16T08:37:51.339+0000][gc,phases   ] GC(286)   Evacuate Collection Set: 1256.5ms
[2026-01-16T08:37:51.339+0000][gc,phases   ] GC(286)   Post Evacuate Collection Set: 461.0ms
[2026-01-16T08:37:51.353+0000][gc,phases   ] GC(286)   Other: 15.4ms
[2026-01-16T08:37:51.360+0000][gc,heap     ] GC(286) Eden regions: 46->0(46)
[2026-01-16T08:37:51.362+0000][gc,heap     ] GC(286) Survivor regions: 5->5(7)
[2026-01-16T08:37:51.365+0000][gc,heap     ] GC(286) Old regions: 60->60
[2026-01-16T08:37:51.369+0000][gc,heap     ] GC(286) Humongous regions: 39->39
[2026-01-16T08:37:51.369+0000][gc,metaspace] GC(286) Metaspace: 12012K(12352K)->12012K(12352K) NonClass: 10934K(11072K)->10934K(11072K) Class: 1078K(1280K)->1078K(1280K)
[2026-01-16T08:37:51.383+0000][gc          ] GC(286) Pause Young (Normal) (G1 Evacuation Pause) 148M->103M(1024M) 1833.008ms
[2026-01-16T08:37:51.390+0000][gc,cpu      ] GC(286) User=0.67s Sys=0.10s Real=1.84s
[2026-01-16T08:37:55.399+0000][gc,start    ] GC(287) Pause Young (Normal) (G1 Evacuation Pause)
[2026-01-16T08:37:55.411+0000][gc,task     ] GC(287) Using 8 workers of 8 for evacuation
[2026-01-16T08:37:56.057+0000][gc,mmu      ] GC(287) MMU target violated: 201.0ms (200.0ms/201.0ms)
[2026-01-16T08:37:56.070+0000][gc,phases   ] GC(287)   Pre Evacuate Collection Set: 110.9ms
[2026-01-16T08:37:56.071+0000][gc,phases   ] GC(287)   Merge Heap Roots: 0.3ms
[2026-01-16T08:37:56.072+0000][gc,phases   ] GC(287)   Evacuate Collection Set: 455.3ms
[2026-01-16T08:37:56.072+0000][gc,phases   ] GC(287)   Post Evacuate Collection Set: 74.9ms
[2026-01-16T08:37:56.073+0000][gc,phases   ] GC(287)   Other: 27.6ms
[2026-01-16T08:37:56.077+0000][gc,heap     ] GC(287) Eden regions: 46->0(46)
[2026-01-16T08:37:56.078+0000][gc,heap     ] GC(287) Survivor regions: 5->5(7)
[2026-01-16T08:37:56.078+0000][gc,heap     ] GC(287) Old regions: 60->61
[2026-01-16T08:37:56.080+0000][gc,heap     ] GC(287) Humongous regions: 39->39
[2026-01-16T08:37:56.080+0000][gc,metaspace] GC(287) Metaspace: 12013K(12352K)->12013K(12352K) NonClass: 10935K(11072K)->10935K(11072K) Class: 1078K(1280K)->1078K(1280K)
[2026-01-16T08:37:56.085+0000][gc          ] GC(287) Pause Young (Normal) (G1 Evacuation Pause) 149M->103M(1024M) 685.966ms
[2026-01-16T08:37:56.086+0000][gc,cpu      ] GC(287) User=0.33s Sys=0.04s Real=0.69s
[2026-01-16T08:37:57.320+0000][gc,start    ] GC(288) Pause Young (Normal) (G1 Evacuation Pause)
[2026-01-16T08:37:57.343+0000][gc,task     ] GC(288) Using 8 workers of 8 for evacuation
[2026-01-16T08:37:57.839+0000][gc,mmu      ] GC(288) MMU target violated: 201.0ms (200.0ms/201.0ms)
[2026-01-16T08:37:57.842+0000][gc,phases   ] GC(288)   Pre Evacuate Collection Set: 37.2ms
[2026-01-16T08:37:57.846+0000][gc,phases   ] GC(288)   Merge Heap Roots: 11.5ms
[2026-01-16T08:37:57.847+0000][gc,phases   ] GC(288)   Evacuate Collection Set: 417.6ms
[2026-01-16T08:37:57.853+0000][gc,phases   ] GC(288)   Post Evacuate Collection Set: 4.3ms
[2026-01-16T08:37:57.854+0000][gc,phases   ] GC(288)   Other: 29.9ms
[2026-01-16T08:37:57.855+0000][gc,heap     ] GC(288) Eden regions: 46->0(46)
[2026-01-16T08:37:57.855+0000][gc,heap     ] GC(288) Survivor regions: 5->5(7)
[2026-01-16T08:37:57.856+0000][gc,heap     ] GC(288) Old regions: 61->61
[2026-01-16T08:37:57.856+0000][gc,heap     ] GC(288) Humongous regions: 39->39
[2026-01-16T08:37:57.856+0000][gc,metaspace] GC(288) Metaspace: 12013K(12352K)->12013K(12352K) NonClass: 10935K(11072K)->10935K(11072K) Class: 1078K(1280K)->1078K(1280K)
[2026-01-16T08:37:57.857+0000][gc          ] GC(288) Pause Young (Normal) (G1 Evacuation Pause) 149M->104M(1024M) 537.242ms
[2026-01-16T08:37:57.858+0000][gc,cpu      ] GC(288) User=0.17s Sys=0.04s Real=0.54s
[2026-01-16T08:38:02.062+0000][gc,start    ] GC(289) Pause Young (Normal) (G1 Evacuation Pause)
[2026-01-16T08:38:02.069+0000][gc,task     ] GC(289) Using 8 workers of 8 for evacuation
[2026-01-16T08:38:03.534+0000][gc,mmu      ] GC(289) MMU target violated: 201.0ms (200.0ms/201.0ms)
[2026-01-16T08:38:03.550+0000][gc,phases   ] GC(289)   Pre Evacuate Collection Set: 75.6ms
[2026-01-16T08:38:03.552+0000][gc,phases   ] GC(289)   Merge Heap Roots: 2.5ms
[2026-01-16T08:38:03.554+0000][gc,phases   ] GC(289)   Evacuate Collection Set: 1338.8ms
[2026-01-16T08:38:03.555+0000][gc,phases   ] GC(289)   Post Evacuate Collection Set: 37.1ms
[2026-01-16T08:38:03.555+0000][gc,phases   ] GC(289)   Other: 24.9ms
[2026-01-16T08:38:03.556+0000][gc,heap     ] GC(289) Eden regions: 46->0(46)
[2026-01-16T08:38:03.556+0000][gc,heap     ] GC(289) Survivor regions: 5->5(7)
[2026-01-16T08:38:03.558+0000][gc,heap     ] GC(289) Old regions: 61->63
[2026-01-16T08:38:03.558+0000][gc,heap     ] GC(289) Humongous regions: 39->39
[2026-01-16T08:38:03.561+0000][gc,metaspace] GC(289) Metaspace: 12015K(12416K)->12015K(12416K) NonClass: 10936K(11136K)->10936K(11136K) Class: 1078K(1280K)->1078K(1280K)
[2026-01-16T08:38:03.572+0000][gc          ] GC(289) Pause Young (Normal) (G1 Evacuation Pause) 150M->105M(1024M) 1508.792ms
[2026-01-16T08:38:03.574+0000][gc,cpu      ] GC(289) User=0.72s Sys=0.18s Real=1.51s
[2026-01-16T08:38:07.222+0000][gc,start    ] GC(290) Pause Young (Normal) (G1 Evacuation Pause)
[2026-01-16T08:38:07.231+0000][gc,task     ] GC(290) Using 8 workers of 8 for evacuation
[2026-01-16T08:38:07.761+0000][gc,mmu      ] GC(290) MMU target violated: 201.0ms (200.0ms/201.0ms)
[2026-01-16T08:38:07.764+0000][gc,phases   ] GC(290)   Pre Evacuate Collection Set: 28.8ms
[2026-01-16T08:38:07.766+0000][gc,phases   ] GC(290)   Merge Heap Roots: 3.9ms
[2026-01-16T08:38:07.768+0000][gc,phases   ] GC(290)   Evacuate Collection Set: 479.0ms
[2026-01-16T08:38:07.771+0000][gc,phases   ] GC(290)   Post Evacuate Collection Set: 15.2ms
[2026-01-16T08:38:07.788+0000][gc,phases   ] GC(290)   Other: 7.1ms
[2026-01-16T08:38:07.793+0000][gc,heap     ] GC(290) Eden regions: 46->0(47)
[2026-01-16T08:38:07.797+0000][gc,heap     ] GC(290) Survivor regions: 5->4(7)
[2026-01-16T08:38:07.799+0000][gc,heap     ] GC(290) Old regions: 63->63
[2026-01-16T08:38:07.802+0000][gc,heap     ] GC(290) Humongous regions: 39->39
[2026-01-16T08:38:07.804+0000][gc,metaspace] GC(290) Metaspace: 12016K(12416K)->12016K(12416K) NonClass: 10937K(11136K)->10937K(11136K) Class: 1078K(1280K)->1078K(1280K)
[2026-01-16T08:38:07.816+0000][gc          ] GC(290) Pause Young (Normal) (G1 Evacuation Pause) 151M->105M(1024M) 594.099ms
[2026-01-16T08:38:07.821+0000][gc,cpu      ] GC(290) User=0.32s Sys=0.03s Real=0.60s
[2026-01-16T08:38:14.392+0000][gc,start    ] GC(291) Pause Young (Normal) (G1 Evacuation Pause)
[2026-01-16T08:38:14.395+0000][gc,task     ] GC(291) Using 8 workers of 8 for evacuation
[2026-01-16T08:38:16.727+0000][gc,mmu      ] GC(291) MMU target violated: 201.0ms (200.0ms/201.0ms)
[2026-01-16T08:38:16.739+0000][gc,phases   ] GC(291)   Pre Evacuate Collection Set: 101.1ms
[2026-01-16T08:38:16.740+0000][gc,phases   ] GC(291)   Merge Heap Roots: 15.6ms
[2026-01-16T08:38:16.740+0000][gc,phases   ] GC(291)   Evacuate Collection Set: 1857.7ms
[2026-01-16T08:38:16.740+0000][gc,phases   ] GC(291)   Post Evacuate Collection Set: 304.4ms
[2026-01-16T08:38:16.747+0000][gc,phases   ] GC(291)   Other: 59.8ms
[2026-01-16T08:38:16.750+0000][gc,heap     ] GC(291) Eden regions: 47->0(46)
[2026-01-16T08:38:16.751+0000][gc,heap     ] GC(291) Survivor regions: 4->5(7)
[2026-01-16T08:38:16.751+0000][gc,heap     ] GC(291) Old regions: 63->63
[2026-01-16T08:38:16.751+0000][gc,heap     ] GC(291) Humongous regions: 39->39
[2026-01-16T08:38:16.758+0000][gc,metaspace] GC(291) Metaspace: 12016K(12480K)->12016K(12480K) NonClass: 10938K(11200K)->10938K(11200K) Class: 1078K(1280K)->1078K(1280K)
[2026-01-16T08:38:16.774+0000][gc          ] GC(291) Pause Young (Normal) (G1 Evacuation Pause) 152M->106M(1024M) 2381.903ms
[2026-01-16T08:38:16.813+0000][gc,cpu      ] GC(291) User=0.71s Sys=0.11s Real=2.39s
[2026-01-16T08:38:25.301+0000][gc,start    ] GC(292) Pause Young (Normal) (G1 Evacuation Pause)
[2026-01-16T08:38:25.315+0000][gc,task     ] GC(292) Using 8 workers of 8 for evacuation
[2026-01-16T08:38:26.155+0000][gc,mmu      ] GC(292) MMU target violated: 201.0ms (200.0ms/201.0ms)
[2026-01-16T08:38:26.159+0000][gc,phases   ] GC(292)   Pre Evacuate Collection Set: 70.0ms
[2026-01-16T08:38:26.160+0000][gc,phases   ] GC(292)   Merge Heap Roots: 12.3ms
[2026-01-16T08:38:26.161+0000][gc,phases   ] GC(292)   Evacuate Collection Set: 691.3ms
[2026-01-16T08:38:26.162+0000][gc,phases   ] GC(292)   Post Evacuate Collection Set: 62.8ms
[2026-01-16T08:38:26.163+0000][gc,phases   ] GC(292)   Other: 14.6ms
[2026-01-16T08:38:26.164+0000][gc,heap     ] GC(292) Eden regions: 46->0(47)
[2026-01-16T08:38:26.166+0000][gc,heap     ] GC(292) Survivor regions: 5->4(7)
[2026-01-16T08:38:26.166+0000][gc,heap     ] GC(292) Old regions: 63->64
[2026-01-16T08:38:26.166+0000][gc,heap     ] GC(292) Humongous regions: 39->39
[2026-01-16T08:38:26.169+0000][gc,metaspace] GC(292) Metaspace: 12016K(12480K)->12016K(12480K) NonClass: 10938K(11200K)->10938K(11200K) Class: 1078K(1280K)->1078K(1280K)
[2026-01-16T08:38:26.170+0000][gc          ] GC(292) Pause Young (Normal) (G1 Evacuation Pause) 152M->106M(1024M) 877.085ms
[2026-01-16T08:38:26.170+0000][gc,cpu      ] GC(292) User=0.41s Sys=0.07s Real=0.89s
[2026-01-16T08:38:37.606+0000][gc,start    ] GC(293) Pause Young (Normal) (G1 Evacuation Pause)
[2026-01-16T08:38:37.615+0000][gc,task     ] GC(293) Using 8 workers of 8 for evacuation
[2026-01-16T08:38:38.926+0000][gc,mmu      ] GC(293) MMU target violated: 201.0ms (200.0ms/201.0ms)
[2026-01-16T08:38:38.931+0000][gc,phases   ] GC(293)   Pre Evacuate Collection Set: 131.2ms
[2026-01-16T08:38:38.933+0000][gc,phases   ] GC(293)   Merge Heap Roots: 18.8ms
[2026-01-16T08:38:38.934+0000][gc,phases   ] GC(293)   Evacuate Collection Set: 1128.2ms
[2026-01-16T08:38:38.935+0000][gc,phases   ] GC(293)   Post Evacuate Collection Set: 29.0ms
[2026-01-16T08:38:38.935+0000][gc,phases   ] GC(293)   Other: 8.7ms
[2026-01-16T08:38:38.937+0000][gc,heap     ] GC(293) Eden regions: 47->0(47)
[2026-01-16T08:38:38.942+0000][gc,heap     ] GC(293) Survivor regions: 4->4(7)
[2026-01-16T08:38:38.945+0000][gc,heap     ] GC(293) Old regions: 64->65
[2026-01-16T08:38:38.949+0000][gc,heap     ] GC(293) Humongous regions: 39->39
[2026-01-16T08:38:38.951+0000][gc,metaspace] GC(293) Metaspace: 12033K(12480K)->12033K(12480K) NonClass: 10954K(11200K)->10954K(11200K) Class: 1078K(1280K)->1078K(1280K)
[2026-01-16T08:38:38.952+0000][gc          ] GC(293) Pause Young (Normal) (G1 Evacuation Pause) 153M->107M(1024M) 1346.091ms
[2026-01-16T08:38:38.952+0000][gc,cpu      ] GC(293) User=0.68s Sys=0.09s Real=1.34s
[2026-01-16T08:38:42.327+0000][gc,start    ] GC(294) Pause Young (Normal) (G1 Evacuation Pause)
[2026-01-16T08:38:42.329+0000][gc,task     ] GC(294) Using 8 workers of 8 for evacuation
[2026-01-16T08:38:43.691+0000][gc,mmu      ] GC(294) MMU target violated: 201.0ms (200.0ms/201.0ms)
[2026-01-16T08:38:43.699+0000][gc,phases   ] GC(294)   Pre Evacuate Collection Set: 95.7ms
[2026-01-16T08:38:43.701+0000][gc,phases   ] GC(294)   Merge Heap Roots: 2.9ms
[2026-01-16T08:38:43.702+0000][gc,phases   ] GC(294)   Evacuate Collection Set: 1112.6ms
[2026-01-16T08:38:43.704+0000][gc,phases   ] GC(294)   Post Evacuate Collection Set: 148.8ms
[2026-01-16T08:38:43.705+0000][gc,phases   ] GC(294)   Other: 10.2ms
[2026-01-16T08:38:43.705+0000][gc,heap     ] GC(294) Eden regions: 47->0(46)
[2026-01-16T08:38:43.705+0000][gc,heap     ] GC(294) Survivor regions: 4->5(7)
[2026-01-16T08:38:43.705+0000][gc,heap     ] GC(294) Old regions: 65->66
[2026-01-16T08:38:43.705+0000][gc,heap     ] GC(294) Humongous regions: 39->39
[2026-01-16T08:38:43.706+0000][gc,metaspace] GC(294) Metaspace: 12033K(12480K)->12033K(12480K) NonClass: 10954K(11200K)->10954K(11200K) Class: 1078K(1280K)->1078K(1280K)
[2026-01-16T08:38:43.707+0000][gc          ] GC(294) Pause Young (Normal) (G1 Evacuation Pause) 154M->108M(1024M) 1379.651ms
[2026-01-16T08:38:43.707+0000][gc,cpu      ] GC(294) User=0.46s Sys=0.08s Real=1.38s
[2026-01-16T08:38:47.697+0000][gc,start    ] GC(295) Pause Young (Normal) (G1 Evacuation Pause)
[2026-01-16T08:38:47.701+0000][gc,task     ] GC(295) Using 8 workers of 8 for evacuation
[2026-01-16T08:38:48.270+0000][gc,mmu      ] GC(295) MMU target violated: 201.0ms (200.0ms/201.0ms)
[2026-01-16T08:38:48.272+0000][gc,phases   ] GC(295)   Pre Evacuate Collection Set: 50.6ms
[2026-01-16T08:38:48.274+0000][gc,phases   ] GC(295)   Merge Heap Roots: 1.4ms
[2026-01-16T08:38:48.275+0000][gc,phases   ] GC(295)   Evacuate Collection Set: 470.7ms
[2026-01-16T08:38:48.275+0000][gc,phases   ] GC(295)   Post Evacuate Collection Set: 41.4ms
[2026-01-16T08:38:48.275+0000][gc,phases   ] GC(295)   Other: 7.3ms
[2026-01-16T08:38:48.276+0000][gc,heap     ] GC(295) Eden regions: 46->0(47)
[2026-01-16T08:38:48.277+0000][gc,heap     ] GC(295) Survivor regions: 5->4(7)
[2026-01-16T08:38:48.277+0000][gc,heap     ] GC(295) Old regions: 66->67
[2026-01-16T08:38:48.279+0000][gc,heap     ] GC(295) Humongous regions: 39->39
[2026-01-16T08:38:48.286+0000][gc,metaspace] GC(295) Metaspace: 12049K(12480K)->12049K(12480K) NonClass: 10971K(11200K)->10971K(11200K) Class: 1078K(1280K)->1078K(1280K)
[2026-01-16T08:38:48.286+0000][gc          ] GC(295) Pause Young (Normal) (G1 Evacuation Pause) 154M->108M(1024M) 589.733ms
[2026-01-16T08:38:48.288+0000][gc,cpu      ] GC(295) User=0.41s Sys=0.09s Real=0.59s
[2026-01-16T08:38:52.703+0000][gc,start    ] GC(296) Pause Young (Normal) (G1 Evacuation Pause)
[2026-01-16T08:38:52.751+0000][gc,task     ] GC(296) Using 8 workers of 8 for evacuation
[2026-01-16T08:38:54.283+0000][gc,mmu      ] GC(296) MMU target violated: 201.0ms (200.0ms/201.0ms)
[2026-01-16T08:38:54.285+0000][gc,phases   ] GC(296)   Pre Evacuate Collection Set: 101.2ms
[2026-01-16T08:38:54.285+0000][gc,phases   ] GC(296)   Merge Heap Roots: 37.7ms
[2026-01-16T08:38:54.285+0000][gc,phases   ] GC(296)   Evacuate Collection Set: 1307.8ms
[2026-01-16T08:38:54.285+0000][gc,phases   ] GC(296)   Post Evacuate Collection Set: 78.0ms
[2026-01-16T08:38:54.285+0000][gc,phases   ] GC(296)   Other: 45.4ms
[2026-01-16T08:38:54.285+0000][gc,heap     ] GC(296) Eden regions: 47->0(46)
[2026-01-16T08:38:54.285+0000][gc,heap     ] GC(296) Survivor regions: 4->5(7)
[2026-01-16T08:38:54.285+0000][gc,heap     ] GC(296) Old regions: 67->67
[2026-01-16T08:38:54.286+0000][gc,heap     ] GC(296) Humongous regions: 41->41
[2026-01-16T08:38:54.286+0000][gc,metaspace] GC(296) Metaspace: 12052K(12480K)->12052K(12480K) NonClass: 10974K(11200K)->10974K(11200K) Class: 1078K(1280K)->1078K(1280K)
[2026-01-16T08:38:54.286+0000][gc          ] GC(296) Pause Young (Normal) (G1 Evacuation Pause) 157M->111M(1024M) 1582.254ms
[2026-01-16T08:38:54.286+0000][gc,cpu      ] GC(296) User=0.56s Sys=0.07s Real=1.59s
[2026-01-16T08:38:58.175+0000][gc,start    ] GC(297) Pause Young (Normal) (G1 Evacuation Pause)
[2026-01-16T08:38:58.184+0000][gc,task     ] GC(297) Using 8 workers of 8 for evacuation
[2026-01-16T08:38:58.705+0000][gc,mmu      ] GC(297) MMU target violated: 201.0ms (200.0ms/201.0ms)
[2026-01-16T08:38:58.706+0000][gc,phases   ] GC(297)   Pre Evacuate Collection Set: 38.7ms
[2026-01-16T08:38:58.708+0000][gc,phases   ] GC(297)   Merge Heap Roots: 12.2ms
[2026-01-16T08:38:58.724+0000][gc,phases   ] GC(297)   Evacuate Collection Set: 423.1ms
[2026-01-16T08:38:58.724+0000][gc,phases   ] GC(297)   Post Evacuate Collection Set: 38.4ms
[2026-01-16T08:38:58.725+0000][gc,phases   ] GC(297)   Other: 10.3ms
[2026-01-16T08:38:58.728+0000][gc,heap     ] GC(297) Eden regions: 46->0(46)
[2026-01-16T08:38:58.729+0000][gc,heap     ] GC(297) Survivor regions: 5->5(7)
[2026-01-16T08:38:58.731+0000][gc,heap     ] GC(297) Old regions: 67->68
[2026-01-16T08:38:58.733+0000][gc,heap     ] GC(297) Humongous regions: 41->41
[2026-01-16T08:38:58.734+0000][gc,metaspace] GC(297) Metaspace: 12053K(12480K)->12053K(12480K) NonClass: 10975K(11200K)->10975K(11200K) Class: 1078K(1280K)->1078K(1280K)
[2026-01-16T08:38:58.737+0000][gc          ] GC(297) Pause Young (Normal) (G1 Evacuation Pause) 157M->112M(1024M) 562.365ms
[2026-01-16T08:38:58.739+0000][gc,cpu      ] GC(297) User=0.31s Sys=0.05s Real=0.56s
[2026-01-16T08:39:03.095+0000][gc,start    ] GC(298) Pause Young (Normal) (G1 Evacuation Pause)
[2026-01-16T08:39:03.146+0000][gc,task     ] GC(298) Using 8 workers of 8 for evacuation
[2026-01-16T08:39:05.065+0000][gc,mmu      ] GC(298) MMU target violated: 201.0ms (200.0ms/201.0ms)
[2026-01-16T08:39:05.067+0000][gc,phases   ] GC(298)   Pre Evacuate Collection Set: 143.7ms
[2026-01-16T08:39:05.067+0000][gc,phases   ] GC(298)   Merge Heap Roots: 29.9ms
[2026-01-16T08:39:05.067+0000][gc,phases   ] GC(298)   Evacuate Collection Set: 1648.9ms
[2026-01-16T08:39:05.067+0000][gc,phases   ] GC(298)   Post Evacuate Collection Set: 83.5ms
[2026-01-16T08:39:05.069+0000][gc,phases   ] GC(298)   Other: 26.7ms
[2026-01-16T08:39:05.076+0000][gc,heap     ] GC(298) Eden regions: 46->0(46)
[2026-01-16T08:39:05.081+0000][gc,heap     ] GC(298) Survivor regions: 5->5(7)
[2026-01-16T08:39:05.107+0000][gc,heap     ] GC(298) Old regions: 68->68
[2026-01-16T08:39:05.108+0000][gc,heap     ] GC(298) Humongous regions: 41->41
[2026-01-16T08:39:05.108+0000][gc,metaspace] GC(298) Metaspace: 12053K(12480K)->12053K(12480K) NonClass: 10975K(11200K)->10975K(11200K) Class: 1078K(1280K)->1078K(1280K)
[2026-01-16T08:39:05.108+0000][gc          ] GC(298) Pause Young (Normal) (G1 Evacuation Pause) 158M->113M(1024M) 2012.564ms
[2026-01-16T08:39:05.110+0000][gc,cpu      ] GC(298) User=0.58s Sys=0.07s Real=2.01s
[2026-01-16T08:39:09.998+0000][gc,start    ] GC(299) Pause Young (Normal) (G1 Evacuation Pause)
[2026-01-16T08:39:10.019+0000][gc,task     ] GC(299) Using 8 workers of 8 for evacuation
[2026-01-16T08:39:10.518+0000][gc,mmu      ] GC(299) MMU target violated: 201.0ms (200.0ms/201.0ms)
[2026-01-16T08:39:10.518+0000][gc,phases   ] GC(299)   Pre Evacuate Collection Set: 102.1ms
[2026-01-16T08:39:10.518+0000][gc,phases   ] GC(299)   Merge Heap Roots: 14.0ms
[2026-01-16T08:39:10.520+0000][gc,phases   ] GC(299)   Evacuate Collection Set: 364.0ms
[2026-01-16T08:39:10.521+0000][gc,phases   ] GC(299)   Post Evacuate Collection Set: 16.9ms
[2026-01-16T08:39:10.521+0000][gc,phases   ] GC(299)   Other: 2.6ms
[2026-01-16T08:39:10.521+0000][gc,heap     ] GC(299) Eden regions: 46->0(46)
[2026-01-16T08:39:10.522+0000][gc,heap     ] GC(299) Survivor regions: 5->5(7)
[2026-01-16T08:39:10.523+0000][gc,heap     ] GC(299) Old regions: 68->69
[2026-01-16T08:39:10.523+0000][gc,heap     ] GC(299) Humongous regions: 43->43
[2026-01-16T08:39:10.524+0000][gc,metaspace] GC(299) Metaspace: 12055K(12480K)->12055K(12480K) NonClass: 10977K(11200K)->10977K(11200K) Class: 1078K(1280K)->1078K(1280K)
[2026-01-16T08:39:10.524+0000][gc          ] GC(299) Pause Young (Normal) (G1 Evacuation Pause) 161M->115M(1024M) 526.640ms
[2026-01-16T08:39:10.525+0000][gc,cpu      ] GC(299) User=0.23s Sys=0.02s Real=0.53s
[2026-01-16T08:39:12.627+0000][gc,start    ] GC(300) Pause Young (Normal) (G1 Evacuation Pause)
[2026-01-16T08:39:12.646+0000][gc,task     ] GC(300) Using 8 workers of 8 for evacuation
[2026-01-16T08:39:13.589+0000][gc,mmu      ] GC(300) MMU target violated: 201.0ms (200.0ms/201.0ms)
[2026-01-16T08:39:13.591+0000][gc,phases   ] GC(300)   Pre Evacuate Collection Set: 62.3ms
[2026-01-16T08:39:13.602+0000][gc,phases   ] GC(300)   Merge Heap Roots: 6.0ms
[2026-01-16T08:39:13.602+0000][gc,phases   ] GC(300)   Evacuate Collection Set: 756.4ms
[2026-01-16T08:39:13.602+0000][gc,phases   ] GC(300)   Post Evacuate Collection Set: 110.8ms
[2026-01-16T08:39:13.604+0000][gc,phases   ] GC(300)   Other: 10.1ms
[2026-01-16T08:39:13.604+0000][gc,heap     ] GC(300) Eden regions: 46->0(46)
[2026-01-16T08:39:13.605+0000][gc,heap     ] GC(300) Survivor regions: 5->5(7)
[2026-01-16T08:39:13.605+0000][gc,heap     ] GC(300) Old regions: 69->70
[2026-01-16T08:39:13.606+0000][gc,heap     ] GC(300) Humongous regions: 43->43
[2026-01-16T08:39:13.606+0000][gc,metaspace] GC(300) Metaspace: 12055K(12480K)->12055K(12480K) NonClass: 10977K(11200K)->10977K(11200K) Class: 1078K(1280K)->1078K(1280K)
[2026-01-16T08:39:13.607+0000][gc          ] GC(300) Pause Young (Normal) (G1 Evacuation Pause) 161M->116M(1024M) 979.438ms
[2026-01-16T08:39:13.609+0000][gc,cpu      ] GC(300) User=0.39s Sys=0.05s Real=0.99s
[2026-01-16T08:39:15.271+0000][gc,start    ] GC(301) Pause Young (Normal) (G1 Evacuation Pause)
[2026-01-16T08:39:15.284+0000][gc,task     ] GC(301) Using 8 workers of 8 for evacuation
[2026-01-16T08:39:15.677+0000][gc,mmu      ] GC(301) MMU target violated: 201.0ms (200.0ms/201.0ms)
[2026-01-16T08:39:15.679+0000][gc,phases   ] GC(301)   Pre Evacuate Collection Set: 34.5ms
[2026-01-16T08:39:15.680+0000][gc,phases   ] GC(301)   Merge Heap Roots: 4.9ms
[2026-01-16T08:39:15.680+0000][gc,phases   ] GC(301)   Evacuate Collection Set: 319.9ms
[2026-01-16T08:39:15.681+0000][gc,phases   ] GC(301)   Post Evacuate Collection Set: 29.9ms
[2026-01-16T08:39:15.681+0000][gc,phases   ] GC(301)   Other: 4.9ms
[2026-01-16T08:39:15.685+0000][gc,heap     ] GC(301) Eden regions: 46->0(46)
[2026-01-16T08:39:15.686+0000][gc,heap     ] GC(301) Survivor regions: 5->5(7)
[2026-01-16T08:39:15.691+0000][gc,heap     ] GC(301) Old regions: 70->70
[2026-01-16T08:39:15.694+0000][gc,heap     ] GC(301) Humongous regions: 43->43
[2026-01-16T08:39:15.694+0000][gc,metaspace] GC(301) Metaspace: 12055K(12480K)->12055K(12480K) NonClass: 10977K(11200K)->10977K(11200K) Class: 1078K(1280K)->1078K(1280K)
[2026-01-16T08:39:15.695+0000][gc          ] GC(301) Pause Young (Normal) (G1 Evacuation Pause) 162M->117M(1024M) 423.982ms
[2026-01-16T08:39:15.696+0000][gc,cpu      ] GC(301) User=0.21s Sys=0.04s Real=0.42s
[2026-01-16T08:39:21.091+0000][gc,start    ] GC(302) Pause Young (Normal) (G1 Evacuation Pause)
[2026-01-16T08:39:21.171+0000][gc,task     ] GC(302) Using 8 workers of 8 for evacuation
[2026-01-16T08:39:22.421+0000][gc,mmu      ] GC(302) MMU target violated: 201.0ms (200.0ms/201.0ms)
[2026-01-16T08:39:22.422+0000][gc,phases   ] GC(302)   Pre Evacuate Collection Set: 83.5ms
[2026-01-16T08:39:22.424+0000][gc,phases   ] GC(302)   Merge Heap Roots: 18.1ms
[2026-01-16T08:39:22.433+0000][gc,phases   ] GC(302)   Evacuate Collection Set: 1051.0ms
[2026-01-16T08:39:22.438+0000][gc,phases   ] GC(302)   Post Evacuate Collection Set: 75.1ms
[2026-01-16T08:39:22.439+0000][gc,phases   ] GC(302)   Other: 26.1ms
[2026-01-16T08:39:22.439+0000][gc,heap     ] GC(302) Eden regions: 46->0(47)
[2026-01-16T08:39:22.439+0000][gc,heap     ] GC(302) Survivor regions: 5->4(7)
[2026-01-16T08:39:22.440+0000][gc,heap     ] GC(302) Old regions: 70->71
[2026-01-16T08:39:22.440+0000][gc,heap     ] GC(302) Humongous regions: 43->43
[2026-01-16T08:39:22.441+0000][gc,metaspace] GC(302) Metaspace: 12057K(12480K)->12057K(12480K) NonClass: 10978K(11200K)->10978K(11200K) Class: 1078K(1280K)->1078K(1280K)
[2026-01-16T08:39:22.444+0000][gc          ] GC(302) Pause Young (Normal) (G1 Evacuation Pause) 163M->117M(1024M) 1354.783ms
[2026-01-16T08:39:22.445+0000][gc,cpu      ] GC(302) User=0.53s Sys=0.07s Real=1.37s
[2026-01-16T08:39:27.178+0000][gc,start    ] GC(303) Pause Young (Normal) (G1 Evacuation Pause)
[2026-01-16T08:39:27.198+0000][gc,task     ] GC(303) Using 8 workers of 8 for evacuation
[2026-01-16T08:39:27.518+0000][gc,mmu      ] GC(303) MMU target violated: 201.0ms (200.0ms/201.0ms)
[2026-01-16T08:39:27.546+0000][gc,phases   ] GC(303)   Pre Evacuate Collection Set: 35.8ms
[2026-01-16T08:39:27.546+0000][gc,phases   ] GC(303)   Merge Heap Roots: 10.2ms
[2026-01-16T08:39:27.546+0000][gc,phases   ] GC(303)   Evacuate Collection Set: 241.9ms
[2026-01-16T08:39:27.547+0000][gc,phases   ] GC(303)   Post Evacuate Collection Set: 30.9ms
[2026-01-16T08:39:27.549+0000][gc,phases   ] GC(303)   Other: 29.6ms
[2026-01-16T08:39:27.549+0000][gc,heap     ] GC(303) Eden regions: 47->0(46)
[2026-01-16T08:39:27.549+0000][gc,heap     ] GC(303) Survivor regions: 4->5(7)
[2026-01-16T08:39:27.549+0000][gc,heap     ] GC(303) Old regions: 71->72
[2026-01-16T08:39:27.549+0000][gc,heap     ] GC(303) Humongous regions: 43->43
[2026-01-16T08:39:27.549+0000][gc,metaspace] GC(303) Metaspace: 12057K(12480K)->12057K(12480K) NonClass: 10978K(11200K)->10978K(11200K) Class: 1078K(1280K)->1078K(1280K)
[2026-01-16T08:39:27.549+0000][gc          ] GC(303) Pause Young (Normal) (G1 Evacuation Pause) 164M->118M(1024M) 371.621ms
[2026-01-16T08:39:27.549+0000][gc,cpu      ] GC(303) User=0.48s Sys=0.03s Real=0.38s
[2026-01-16T08:39:30.624+0000][gc,start    ] GC(304) Pause Young (Normal) (G1 Evacuation Pause)
[2026-01-16T08:39:30.626+0000][gc,task     ] GC(304) Using 8 workers of 8 for evacuation
[2026-01-16T08:39:31.482+0000][gc,mmu      ] GC(304) MMU target violated: 201.0ms (200.0ms/201.0ms)
[2026-01-16T08:39:31.485+0000][gc,phases   ] GC(304)   Pre Evacuate Collection Set: 28.8ms
[2026-01-16T08:39:31.488+0000][gc,phases   ] GC(304)   Merge Heap Roots: 9.0ms
[2026-01-16T08:39:31.491+0000][gc,phases   ] GC(304)   Evacuate Collection Set: 703.3ms
[2026-01-16T08:39:31.493+0000][gc,phases   ] GC(304)   Post Evacuate Collection Set: 114.4ms
[2026-01-16T08:39:31.494+0000][gc,phases   ] GC(304)   Other: 4.6ms
[2026-01-16T08:39:31.494+0000][gc,heap     ] GC(304) Eden regions: 46->0(47)
[2026-01-16T08:39:31.494+0000][gc,heap     ] GC(304) Survivor regions: 5->4(7)
[2026-01-16T08:39:31.495+0000][gc,heap     ] GC(304) Old regions: 72->72
[2026-01-16T08:39:31.495+0000][gc,heap     ] GC(304) Humongous regions: 43->43
[2026-01-16T08:39:31.495+0000][gc,metaspace] GC(304) Metaspace: 12057K(12480K)->12057K(12480K) NonClass: 10978K(11200K)->10978K(11200K) Class: 1078K(1280K)->1078K(1280K)
[2026-01-16T08:39:31.496+0000][gc          ] GC(304) Pause Young (Normal) (G1 Evacuation Pause) 164M->118M(1024M) 871.973ms
[2026-01-16T08:39:31.496+0000][gc,cpu      ] GC(304) User=0.33s Sys=0.09s Real=0.87s
[2026-01-16T08:39:35.630+0000][gc,start    ] GC(305) Pause Young (Normal) (G1 Evacuation Pause)
[2026-01-16T08:39:35.650+0000][gc,task     ] GC(305) Using 8 workers of 8 for evacuation
[2026-01-16T08:39:36.357+0000][gc,mmu      ] GC(305) MMU target violated: 201.0ms (200.0ms/201.0ms)
[2026-01-16T08:39:36.358+0000][gc,phases   ] GC(305)   Pre Evacuate Collection Set: 56.6ms
[2026-01-16T08:39:36.359+0000][gc,phases   ] GC(305)   Merge Heap Roots: 3.3ms
[2026-01-16T08:39:36.360+0000][gc,phases   ] GC(305)   Evacuate Collection Set: 538.4ms
[2026-01-16T08:39:36.360+0000][gc,phases   ] GC(305)   Post Evacuate Collection Set: 106.5ms
[2026-01-16T08:39:36.362+0000][gc,phases   ] GC(305)   Other: 7.3ms
[2026-01-16T08:39:36.362+0000][gc,heap     ] GC(305) Eden regions: 47->0(47)
[2026-01-16T08:39:36.363+0000][gc,heap     ] GC(305) Survivor regions: 4->4(7)
[2026-01-16T08:39:36.364+0000][gc,heap     ] GC(305) Old regions: 72->73
[2026-01-16T08:39:36.365+0000][gc,heap     ] GC(305) Humongous regions: 43->43
[2026-01-16T08:39:36.365+0000][gc,metaspace] GC(305) Metaspace: 12057K(12480K)->12057K(12480K) NonClass: 10978K(11200K)->10978K(11200K) Class: 1078K(1280K)->1078K(1280K)
[2026-01-16T08:39:36.366+0000][gc          ] GC(305) Pause Young (Normal) (G1 Evacuation Pause) 165M->119M(1024M) 736.129ms
[2026-01-16T08:39:36.367+0000][gc,cpu      ] GC(305) User=0.22s Sys=0.05s Real=0.73s
[2026-01-16T08:39:38.169+0000][gc,start    ] GC(306) Pause Young (Normal) (G1 Evacuation Pause)
[2026-01-16T08:39:38.176+0000][gc,task     ] GC(306) Using 8 workers of 8 for evacuation
[2026-01-16T08:39:38.568+0000][gc,mmu      ] GC(306) MMU target violated: 201.0ms (200.0ms/201.0ms)
[2026-01-16T08:39:38.569+0000][gc,phases   ] GC(306)   Pre Evacuate Collection Set: 35.8ms
[2026-01-16T08:39:38.573+0000][gc,phases   ] GC(306)   Merge Heap Roots: 4.5ms
[2026-01-16T08:39:38.573+0000][gc,phases   ] GC(306)   Evacuate Collection Set: 329.7ms
[2026-01-16T08:39:38.576+0000][gc,phases   ] GC(306)   Post Evacuate Collection Set: 17.2ms
[2026-01-16T08:39:38.576+0000][gc,phases   ] GC(306)   Other: 6.4ms
[2026-01-16T08:39:38.576+0000][gc,heap     ] GC(306) Eden regions: 47->0(47)
[2026-01-16T08:39:38.576+0000][gc,heap     ] GC(306) Survivor regions: 4->4(7)
[2026-01-16T08:39:38.576+0000][gc,heap     ] GC(306) Old regions: 73->74
[2026-01-16T08:39:38.576+0000][gc,heap     ] GC(306) Humongous regions: 43->43
[2026-01-16T08:39:38.577+0000][gc,metaspace] GC(306) Metaspace: 12057K(12480K)->12057K(12480K) NonClass: 10978K(11200K)->10978K(11200K) Class: 1078K(1280K)->1078K(1280K)
[2026-01-16T08:39:38.577+0000][gc          ] GC(306) Pause Young (Normal) (G1 Evacuation Pause) 166M->120M(1024M) 407.488ms
[2026-01-16T08:39:38.577+0000][gc,cpu      ] GC(306) User=0.18s Sys=0.04s Real=0.40s
[2026-01-16T08:39:39.703+0000][gc,start    ] GC(307) Pause Young (Normal) (G1 Evacuation Pause)
[2026-01-16T08:39:39.704+0000][gc,task     ] GC(307) Using 8 workers of 8 for evacuation
[2026-01-16T08:39:39.836+0000][gc,phases   ] GC(307)   Pre Evacuate Collection Set: 2.3ms
[2026-01-16T08:39:39.839+0000][gc,phases   ] GC(307)   Merge Heap Roots: 0.5ms
[2026-01-16T08:39:39.848+0000][gc,phases   ] GC(307)   Evacuate Collection Set: 124.0ms
[2026-01-16T08:39:39.848+0000][gc,phases   ] GC(307)   Post Evacuate Collection Set: 4.3ms
[2026-01-16T08:39:39.848+0000][gc,phases   ] GC(307)   Other: 0.5ms
[2026-01-16T08:39:39.848+0000][gc,heap     ] GC(307) Eden regions: 47->0(47)
[2026-01-16T08:39:39.850+0000][gc,heap     ] GC(307) Survivor regions: 4->4(7)
[2026-01-16T08:39:39.850+0000][gc,heap     ] GC(307) Old regions: 74->74
[2026-01-16T08:39:39.851+0000][gc,heap     ] GC(307) Humongous regions: 43->43
[2026-01-16T08:39:39.852+0000][gc,metaspace] GC(307) Metaspace: 12057K(12480K)->12057K(12480K) NonClass: 10978K(11200K)->10978K(11200K) Class: 1078K(1280K)->1078K(1280K)
[2026-01-16T08:39:39.852+0000][gc          ] GC(307) Pause Young (Normal) (G1 Evacuation Pause) 167M->120M(1024M) 149.239ms
[2026-01-16T08:39:39.853+0000][gc,cpu      ] GC(307) User=0.06s Sys=0.02s Real=0.15s
[2026-01-16T08:39:40.787+0000][gc,start    ] GC(308) Pause Young (Normal) (G1 Evacuation Pause)
[2026-01-16T08:39:40.789+0000][gc,task     ] GC(308) Using 8 workers of 8 for evacuation
[2026-01-16T08:39:40.869+0000][gc,phases   ] GC(308)   Pre Evacuate Collection Set: 0.6ms
[2026-01-16T08:39:40.869+0000][gc,phases   ] GC(308)   Merge Heap Roots: 0.2ms
[2026-01-16T08:39:40.870+0000][gc,phases   ] GC(308)   Evacuate Collection Set: 74.8ms
[2026-01-16T08:39:40.871+0000][gc,phases   ] GC(308)   Post Evacuate Collection Set: 3.3ms
[2026-01-16T08:39:40.871+0000][gc,phases   ] GC(308)   Other: 1.1ms
[2026-01-16T08:39:40.871+0000][gc,heap     ] GC(308) Eden regions: 47->0(46)
[2026-01-16T08:39:40.871+0000][gc,heap     ] GC(308) Survivor regions: 4->5(7)
[2026-01-16T08:39:40.871+0000][gc,heap     ] GC(308) Old regions: 74->75
[2026-01-16T08:39:40.872+0000][gc,heap     ] GC(308) Humongous regions: 43->43
[2026-01-16T08:39:40.872+0000][gc,metaspace] GC(308) Metaspace: 12057K(12480K)->12057K(12480K) NonClass: 10979K(11200K)->10979K(11200K) Class: 1078K(1280K)->1078K(1280K)
[2026-01-16T08:39:40.874+0000][gc          ] GC(308) Pause Young (Normal) (G1 Evacuation Pause) 167M->121M(1024M) 86.638ms
[2026-01-16T08:39:40.875+0000][gc,cpu      ] GC(308) User=0.04s Sys=0.01s Real=0.09s
[2026-01-16T08:39:41.554+0000][gc,start    ] GC(309) Pause Young (Normal) (G1 Evacuation Pause)
[2026-01-16T08:39:41.554+0000][gc,task     ] GC(309) Using 8 workers of 8 for evacuation
[2026-01-16T08:39:41.601+0000][gc,phases   ] GC(309)   Pre Evacuate Collection Set: 4.6ms
[2026-01-16T08:39:41.601+0000][gc,phases   ] GC(309)   Merge Heap Roots: 2.0ms
[2026-01-16T08:39:41.601+0000][gc,phases   ] GC(309)   Evacuate Collection Set: 38.8ms
[2026-01-16T08:39:41.601+0000][gc,phases   ] GC(309)   Post Evacuate Collection Set: 0.6ms
[2026-01-16T08:39:41.601+0000][gc,phases   ] GC(309)   Other: 0.3ms
[2026-01-16T08:39:41.603+0000][gc,heap     ] GC(309) Eden regions: 46->0(46)
[2026-01-16T08:39:41.604+0000][gc,heap     ] GC(309) Survivor regions: 5->5(7)
[2026-01-16T08:39:41.604+0000][gc,heap     ] GC(309) Old regions: 75->75
[2026-01-16T08:39:41.605+0000][gc,heap     ] GC(309) Humongous regions: 45->45
[2026-01-16T08:39:41.608+0000][gc,metaspace] GC(309) Metaspace: 12057K(12480K)->12057K(12480K) NonClass: 10979K(11200K)->10979K(11200K) Class: 1078K(1280K)->1078K(1280K)
[2026-01-16T08:39:41.611+0000][gc          ] GC(309) Pause Young (Normal) (G1 Evacuation Pause) 169M->124M(1024M) 57.349ms
[2026-01-16T08:39:41.612+0000][gc,cpu      ] GC(309) User=0.04s Sys=0.01s Real=0.06s
[2026-01-16T08:39:42.466+0000][gc,start    ] GC(310) Pause Young (Normal) (G1 Evacuation Pause)
[2026-01-16T08:39:42.469+0000][gc,task     ] GC(310) Using 8 workers of 8 for evacuation
[2026-01-16T08:39:42.543+0000][gc,phases   ] GC(310)   Pre Evacuate Collection Set: 0.6ms
[2026-01-16T08:39:42.543+0000][gc,phases   ] GC(310)   Merge Heap Roots: 0.3ms
[2026-01-16T08:39:42.543+0000][gc,phases   ] GC(310)   Evacuate Collection Set: 70.2ms
[2026-01-16T08:39:42.545+0000][gc,phases   ] GC(310)   Post Evacuate Collection Set: 2.0ms
[2026-01-16T08:39:42.548+0000][gc,phases   ] GC(310)   Other: 0.7ms
[2026-01-16T08:39:42.548+0000][gc,heap     ] GC(310) Eden regions: 46->0(46)
[2026-01-16T08:39:42.549+0000][gc,heap     ] GC(310) Survivor regions: 5->5(7)
[2026-01-16T08:39:42.552+0000][gc,heap     ] GC(310) Old regions: 75->76
[2026-01-16T08:39:42.554+0000][gc,heap     ] GC(310) Humongous regions: 45->45
[2026-01-16T08:39:42.555+0000][gc,metaspace] GC(310) Metaspace: 12057K(12480K)->12057K(12480K) NonClass: 10979K(11200K)->10979K(11200K) Class: 1078K(1280K)->1078K(1280K)
[2026-01-16T08:39:42.557+0000][gc          ] GC(310) Pause Young (Normal) (G1 Evacuation Pause) 170M->124M(1024M) 90.380ms
[2026-01-16T08:39:42.557+0000][gc,cpu      ] GC(310) User=0.06s Sys=0.03s Real=0.09s
[2026-01-16T08:39:43.829+0000][gc,start    ] GC(311) Pause Young (Normal) (G1 Evacuation Pause)
[2026-01-16T08:39:43.831+0000][gc,task     ] GC(311) Using 8 workers of 8 for evacuation
[2026-01-16T08:39:44.124+0000][gc,mmu      ] GC(311) MMU target violated: 201.0ms (200.0ms/201.0ms)
[2026-01-16T08:39:44.126+0000][gc,phases   ] GC(311)   Pre Evacuate Collection Set: 12.4ms
[2026-01-16T08:39:44.130+0000][gc,phases   ] GC(311)   Merge Heap Roots: 5.3ms
[2026-01-16T08:39:44.131+0000][gc,phases   ] GC(311)   Evacuate Collection Set: 256.6ms
[2026-01-16T08:39:44.132+0000][gc,phases   ] GC(311)   Post Evacuate Collection Set: 17.5ms
[2026-01-16T08:39:44.132+0000][gc,phases   ] GC(311)   Other: 4.4ms
[2026-01-16T08:39:44.132+0000][gc,heap     ] GC(311) Eden regions: 46->0(47)
[2026-01-16T08:39:44.132+0000][gc,heap     ] GC(311) Survivor regions: 5->4(7)
[2026-01-16T08:39:44.132+0000][gc,heap     ] GC(311) Old regions: 76->77
[2026-01-16T08:39:44.132+0000][gc,heap     ] GC(311) Humongous regions: 45->45
[2026-01-16T08:39:44.132+0000][gc,metaspace] GC(311) Metaspace: 12057K(12480K)->12057K(12480K) NonClass: 10979K(11200K)->10979K(11200K) Class: 1078K(1280K)->1078K(1280K)
[2026-01-16T08:39:44.133+0000][gc          ] GC(311) Pause Young (Normal) (G1 Evacuation Pause) 170M->125M(1024M) 304.002ms
[2026-01-16T08:39:44.133+0000][gc,cpu      ] GC(311) User=0.11s Sys=0.02s Real=0.30s
[2026-01-16T08:39:44.941+0000][gc,start    ] GC(312) Pause Young (Normal) (G1 Evacuation Pause)
[2026-01-16T08:39:44.943+0000][gc,task     ] GC(312) Using 8 workers of 8 for evacuation
[2026-01-16T08:39:45.120+0000][gc,phases   ] GC(312)   Pre Evacuate Collection Set: 2.8ms
[2026-01-16T08:39:45.120+0000][gc,phases   ] GC(312)   Merge Heap Roots: 0.4ms
[2026-01-16T08:39:45.121+0000][gc,phases   ] GC(312)   Evacuate Collection Set: 165.1ms
[2026-01-16T08:39:45.121+0000][gc,phases   ] GC(312)   Post Evacuate Collection Set: 7.4ms
[2026-01-16T08:39:45.122+0000][gc,phases   ] GC(312)   Other: 1.8ms
[2026-01-16T08:39:45.122+0000][gc,heap     ] GC(312) Eden regions: 47->0(46)
[2026-01-16T08:39:45.123+0000][gc,heap     ] GC(312) Survivor regions: 4->5(7)
[2026-01-16T08:39:45.123+0000][gc,heap     ] GC(312) Old regions: 77->77
[2026-01-16T08:39:45.123+0000][gc,heap     ] GC(312) Humongous regions: 45->45
[2026-01-16T08:39:45.123+0000][gc,metaspace] GC(312) Metaspace: 12057K(12480K)->12057K(12480K) NonClass: 10979K(11200K)->10979K(11200K) Class: 1078K(1280K)->1078K(1280K)
[2026-01-16T08:39:45.123+0000][gc          ] GC(312) Pause Young (Normal) (G1 Evacuation Pause) 172M->125M(1024M) 182.074ms
[2026-01-16T08:39:45.124+0000][gc,cpu      ] GC(312) User=0.07s Sys=0.01s Real=0.18s
[2026-01-16T08:39:45.929+0000][gc,start    ] GC(313) Pause Young (Normal) (G1 Evacuation Pause)
[2026-01-16T08:39:45.931+0000][gc,task     ] GC(313) Using 8 workers of 8 for evacuation
[2026-01-16T08:39:46.144+0000][gc,mmu      ] GC(313) MMU target violated: 201.0ms (200.0ms/201.0ms)
[2026-01-16T08:39:46.145+0000][gc,phases   ] GC(313)   Pre Evacuate Collection Set: 13.5ms
[2026-01-16T08:39:46.145+0000][gc,phases   ] GC(313)   Merge Heap Roots: 21.1ms
[2026-01-16T08:39:46.146+0000][gc,phases   ] GC(313)   Evacuate Collection Set: 159.5ms
[2026-01-16T08:39:46.148+0000][gc,phases   ] GC(313)   Post Evacuate Collection Set: 11.1ms
[2026-01-16T08:39:46.150+0000][gc,phases   ] GC(313)   Other: 8.8ms
[2026-01-16T08:39:46.150+0000][gc,heap     ] GC(313) Eden regions: 46->0(46)
[2026-01-16T08:39:46.151+0000][gc,heap     ] GC(313) Survivor regions: 5->5(7)
[2026-01-16T08:39:46.152+0000][gc,heap     ] GC(313) Old regions: 77->78
[2026-01-16T08:39:46.153+0000][gc,heap     ] GC(313) Humongous regions: 45->45
[2026-01-16T08:39:46.153+0000][gc,metaspace] GC(313) Metaspace: 12057K(12480K)->12057K(12480K) NonClass: 10979K(11200K)->10979K(11200K) Class: 1078K(1280K)->1078K(1280K)
[2026-01-16T08:39:46.154+0000][gc          ] GC(313) Pause Young (Normal) (G1 Evacuation Pause) 171M->126M(1024M) 225.197ms
[2026-01-16T08:39:46.155+0000][gc,cpu      ] GC(313) User=0.11s Sys=0.03s Real=0.22s
[2026-01-16T08:39:48.181+0000][gc,start    ] GC(314) Pause Young (Normal) (G1 Evacuation Pause)
[2026-01-16T08:39:48.181+0000][gc,task     ] GC(314) Using 8 workers of 8 for evacuation
[2026-01-16T08:39:48.380+0000][gc,phases   ] GC(314)   Pre Evacuate Collection Set: 23.8ms
[2026-01-16T08:39:48.382+0000][gc,phases   ] GC(314)   Merge Heap Roots: 4.4ms
[2026-01-16T08:39:48.384+0000][gc,phases   ] GC(314)   Evacuate Collection Set: 164.1ms
[2026-01-16T08:39:48.384+0000][gc,phases   ] GC(314)   Post Evacuate Collection Set: 5.1ms
[2026-01-16T08:39:48.385+0000][gc,phases   ] GC(314)   Other: 0.8ms
[2026-01-16T08:39:48.387+0000][gc,heap     ] GC(314) Eden regions: 46->0(46)
[2026-01-16T08:39:48.392+0000][gc,heap     ] GC(314) Survivor regions: 5->5(7)
[2026-01-16T08:39:48.392+0000][gc,heap     ] GC(314) Old regions: 78->78
[2026-01-16T08:39:48.392+0000][gc,heap     ] GC(314) Humongous regions: 45->45
[2026-01-16T08:39:48.394+0000][gc,metaspace] GC(314) Metaspace: 12058K(12480K)->12058K(12480K) NonClass: 10980K(11200K)->10980K(11200K) Class: 1078K(1280K)->1078K(1280K)
[2026-01-16T08:39:48.395+0000][gc          ] GC(314) Pause Young (Normal) (G1 Evacuation Pause) 172M->126M(1024M) 214.452ms
[2026-01-16T08:39:48.396+0000][gc,cpu      ] GC(314) User=0.13s Sys=0.02s Real=0.21s
[2026-01-16T08:39:50.633+0000][gc,start    ] GC(315) Pause Young (Normal) (G1 Evacuation Pause)
[2026-01-16T08:39:50.635+0000][gc,task     ] GC(315) Using 8 workers of 8 for evacuation
[2026-01-16T08:39:50.906+0000][gc,mmu      ] GC(315) MMU target violated: 201.0ms (200.0ms/201.0ms)
[2026-01-16T08:39:50.906+0000][gc,phases   ] GC(315)   Pre Evacuate Collection Set: 46.4ms
[2026-01-16T08:39:50.907+0000][gc,phases   ] GC(315)   Merge Heap Roots: 1.1ms
[2026-01-16T08:39:50.907+0000][gc,phases   ] GC(315)   Evacuate Collection Set: 205.3ms
[2026-01-16T08:39:50.907+0000][gc,phases   ] GC(315)   Post Evacuate Collection Set: 7.4ms
[2026-01-16T08:39:50.908+0000][gc,phases   ] GC(315)   Other: 10.8ms
[2026-01-16T08:39:50.908+0000][gc,heap     ] GC(315) Eden regions: 46->0(46)
[2026-01-16T08:39:50.908+0000][gc,heap     ] GC(315) Survivor regions: 5->5(7)
[2026-01-16T08:39:50.908+0000][gc,heap     ] GC(315) Old regions: 78->79
[2026-01-16T08:39:50.908+0000][gc,heap     ] GC(315) Humongous regions: 45->45
[2026-01-16T08:39:50.908+0000][gc,metaspace] GC(315) Metaspace: 12059K(12480K)->12059K(12480K) NonClass: 10980K(11200K)->10980K(11200K) Class: 1078K(1280K)->1078K(1280K)
[2026-01-16T08:39:50.909+0000][gc          ] GC(315) Pause Young (Normal) (G1 Evacuation Pause) 172M->127M(1024M) 275.847ms
[2026-01-16T08:39:50.909+0000][gc,cpu      ] GC(315) User=0.13s Sys=0.10s Real=0.28s
[2026-01-16T08:39:52.431+0000][gc,start    ] GC(316) Pause Young (Normal) (G1 Evacuation Pause)
[2026-01-16T08:39:52.450+0000][gc,task     ] GC(316) Using 8 workers of 8 for evacuation
[2026-01-16T08:39:52.886+0000][gc,mmu      ] GC(316) MMU target violated: 201.0ms (200.0ms/201.0ms)
[2026-01-16T08:39:52.887+0000][gc,phases   ] GC(316)   Pre Evacuate Collection Set: 11.4ms
[2026-01-16T08:39:52.887+0000][gc,phases   ] GC(316)   Merge Heap Roots: 0.6ms
[2026-01-16T08:39:52.887+0000][gc,phases   ] GC(316)   Evacuate Collection Set: 414.7ms
[2026-01-16T08:39:52.888+0000][gc,phases   ] GC(316)   Post Evacuate Collection Set: 5.5ms
[2026-01-16T08:39:52.889+0000][gc,phases   ] GC(316)   Other: 4.3ms
[2026-01-16T08:39:52.889+0000][gc,heap     ] GC(316) Eden regions: 46->0(47)
[2026-01-16T08:39:52.889+0000][gc,heap     ] GC(316) Survivor regions: 5->4(7)
[2026-01-16T08:39:52.889+0000][gc,heap     ] GC(316) Old regions: 79->80
[2026-01-16T08:39:52.889+0000][gc,heap     ] GC(316) Humongous regions: 45->45
[2026-01-16T08:39:52.889+0000][gc,metaspace] GC(316) Metaspace: 12059K(12480K)->12059K(12480K) NonClass: 10980K(11200K)->10980K(11200K) Class: 1078K(1280K)->1078K(1280K)
[2026-01-16T08:39:52.889+0000][gc          ] GC(316) Pause Young (Normal) (G1 Evacuation Pause) 173M->128M(1024M) 459.002ms
[2026-01-16T08:39:52.890+0000][gc,cpu      ] GC(316) User=0.18s Sys=0.03s Real=0.46s
[2026-01-16T08:39:53.451+0000][gc,start    ] GC(317) Pause Young (Normal) (G1 Evacuation Pause)
[2026-01-16T08:39:53.455+0000][gc,task     ] GC(317) Using 8 workers of 8 for evacuation
[2026-01-16T08:39:53.557+0000][gc,phases   ] GC(317)   Pre Evacuate Collection Set: 1.8ms
[2026-01-16T08:39:53.560+0000][gc,phases   ] GC(317)   Merge Heap Roots: 0.1ms
[2026-01-16T08:39:53.560+0000][gc,phases   ] GC(317)   Evacuate Collection Set: 93.5ms
[2026-01-16T08:39:53.560+0000][gc,phases   ] GC(317)   Post Evacuate Collection Set: 4.5ms
[2026-01-16T08:39:53.560+0000][gc,phases   ] GC(317)   Other: 3.0ms
[2026-01-16T08:39:53.560+0000][gc,heap     ] GC(317) Eden regions: 47->0(56)
[2026-01-16T08:39:53.560+0000][gc,heap     ] GC(317) Survivor regions: 4->5(7)
[2026-01-16T08:39:53.561+0000][gc,heap     ] GC(317) Old regions: 80->80
[2026-01-16T08:39:53.561+0000][gc,heap     ] GC(317) Humongous regions: 45->45
[2026-01-16T08:39:53.561+0000][gc,metaspace] GC(317) Metaspace: 12059K(12480K)->12059K(12480K) NonClass: 10980K(11200K)->10980K(11200K) Class: 1078K(1280K)->1078K(1280K)
[2026-01-16T08:39:53.561+0000][gc          ] GC(317) Pause Young (Normal) (G1 Evacuation Pause) 175M->128M(1024M) 109.533ms
[2026-01-16T08:39:53.561+0000][gc,cpu      ] GC(317) User=0.05s Sys=0.00s Real=0.11s
[2026-01-16T08:39:55.195+0000][gc,start    ] GC(318) Pause Young (Normal) (G1 Evacuation Pause)
[2026-01-16T08:39:55.197+0000][gc,task     ] GC(318) Using 8 workers of 8 for evacuation
[2026-01-16T08:39:55.783+0000][gc,mmu      ] GC(318) MMU target violated: 201.0ms (200.0ms/201.0ms)
[2026-01-16T08:39:55.785+0000][gc,phases   ] GC(318)   Pre Evacuate Collection Set: 4.7ms
[2026-01-16T08:39:55.785+0000][gc,phases   ] GC(318)   Merge Heap Roots: 10.7ms
[2026-01-16T08:39:55.786+0000][gc,phases   ] GC(318)   Evacuate Collection Set: 551.6ms
[2026-01-16T08:39:55.788+0000][gc,phases   ] GC(318)   Post Evacuate Collection Set: 14.8ms
[2026-01-16T08:39:55.791+0000][gc,phases   ] GC(318)   Other: 5.9ms
[2026-01-16T08:39:55.802+0000][gc,heap     ] GC(318) Eden regions: 55->0(46)
[2026-01-16T08:39:55.812+0000][gc,heap     ] GC(318) Survivor regions: 5->5(8)
[2026-01-16T08:39:55.822+0000][gc,heap     ] GC(318) Old regions: 80->80
[2026-01-16T08:39:55.830+0000][gc,heap     ] GC(318) Humongous regions: 45->45
[2026-01-16T08:39:55.831+0000][gc,metaspace] GC(318) Metaspace: 12059K(12480K)->12059K(12480K) NonClass: 10980K(11200K)->10980K(11200K) Class: 1078K(1280K)->1078K(1280K)
[2026-01-16T08:39:55.832+0000][gc          ] GC(318) Pause Young (Normal) (G1 Evacuation Pause) 183M->129M(1024M) 636.493ms
[2026-01-16T08:39:55.833+0000][gc,cpu      ] GC(318) User=0.24s Sys=0.03s Real=0.64s
[2026-01-16T08:40:00.375+0000][gc,start    ] GC(319) Pause Young (Normal) (G1 Evacuation Pause)
[2026-01-16T08:40:00.376+0000][gc,task     ] GC(319) Using 8 workers of 8 for evacuation
[2026-01-16T08:40:00.716+0000][gc,mmu      ] GC(319) MMU target violated: 201.0ms (200.0ms/201.0ms)
[2026-01-16T08:40:00.717+0000][gc,phases   ] GC(319)   Pre Evacuate Collection Set: 18.0ms
[2026-01-16T08:40:00.718+0000][gc,phases   ] GC(319)   Merge Heap Roots: 9.8ms
[2026-01-16T08:40:00.718+0000][gc,phases   ] GC(319)   Evacuate Collection Set: 277.7ms
[2026-01-16T08:40:00.719+0000][gc,phases   ] GC(319)   Post Evacuate Collection Set: 34.5ms
[2026-01-16T08:40:00.719+0000][gc,phases   ] GC(319)   Other: 1.3ms
[2026-01-16T08:40:00.720+0000][gc,heap     ] GC(319) Eden regions: 46->0(46)
[2026-01-16T08:40:00.721+0000][gc,heap     ] GC(319) Survivor regions: 5->5(7)
[2026-01-16T08:40:00.723+0000][gc,heap     ] GC(319) Old regions: 80->81
[2026-01-16T08:40:00.723+0000][gc,heap     ] GC(319) Humongous regions: 45->45
[2026-01-16T08:40:00.724+0000][gc,metaspace] GC(319) Metaspace: 12064K(12480K)->12064K(12480K) NonClass: 10986K(11200K)->10986K(11200K) Class: 1078K(1280K)->1078K(1280K)
[2026-01-16T08:40:00.724+0000][gc          ] GC(319) Pause Young (Normal) (G1 Evacuation Pause) 175M->130M(1024M) 349.220ms
[2026-01-16T08:40:00.724+0000][gc,cpu      ] GC(319) User=0.22s Sys=0.03s Real=0.35s
[2026-01-16T08:40:03.611+0000][gc,start    ] GC(320) Pause Young (Normal) (G1 Evacuation Pause)
[2026-01-16T08:40:03.625+0000][gc,task     ] GC(320) Using 8 workers of 8 for evacuation
[2026-01-16T08:40:04.475+0000][gc,mmu      ] GC(320) MMU target violated: 201.0ms (200.0ms/201.0ms)
[2026-01-16T08:40:04.488+0000][gc,phases   ] GC(320)   Pre Evacuate Collection Set: 118.6ms
[2026-01-16T08:40:04.492+0000][gc,phases   ] GC(320)   Merge Heap Roots: 10.4ms
[2026-01-16T08:40:04.493+0000][gc,phases   ] GC(320)   Evacuate Collection Set: 611.5ms
[2026-01-16T08:40:04.493+0000][gc,phases   ] GC(320)   Post Evacuate Collection Set: 98.8ms
[2026-01-16T08:40:04.493+0000][gc,phases   ] GC(320)   Other: 24.2ms
[2026-01-16T08:40:04.493+0000][gc,heap     ] GC(320) Eden regions: 46->0(46)
[2026-01-16T08:40:04.493+0000][gc,heap     ] GC(320) Survivor regions: 5->5(7)
[2026-01-16T08:40:04.494+0000][gc,heap     ] GC(320) Old regions: 81->82
[2026-01-16T08:40:04.494+0000][gc,heap     ] GC(320) Humongous regions: 45->45
[2026-01-16T08:40:04.494+0000][gc,metaspace] GC(320) Metaspace: 12064K(12480K)->12064K(12480K) NonClass: 10986K(11200K)->10986K(11200K) Class: 1078K(1280K)->1078K(1280K)
[2026-01-16T08:40:04.494+0000][gc          ] GC(320) Pause Young (Normal) (G1 Evacuation Pause) 176M->130M(1024M) 882.881ms
[2026-01-16T08:40:04.494+0000][gc,cpu      ] GC(320) User=0.36s Sys=0.04s Real=0.88s
[2026-01-16T08:40:07.041+0000][gc,start    ] GC(321) Pause Young (Normal) (G1 Evacuation Pause)
[2026-01-16T08:40:07.050+0000][gc,task     ] GC(321) Using 8 workers of 8 for evacuation
[2026-01-16T08:40:07.285+0000][gc,mmu      ] GC(321) MMU target violated: 201.0ms (200.0ms/201.0ms)
[2026-01-16T08:40:07.289+0000][gc,phases   ] GC(321)   Pre Evacuate Collection Set: 34.7ms
[2026-01-16T08:40:07.291+0000][gc,phases   ] GC(321)   Merge Heap Roots: 5.2ms
[2026-01-16T08:40:07.294+0000][gc,phases   ] GC(321)   Evacuate Collection Set: 190.3ms
[2026-01-16T08:40:07.294+0000][gc,phases   ] GC(321)   Post Evacuate Collection Set: 3.1ms
[2026-01-16T08:40:07.294+0000][gc,phases   ] GC(321)   Other: 8.1ms
[2026-01-16T08:40:07.297+0000][gc,heap     ] GC(321) Eden regions: 46->0(48)
[2026-01-16T08:40:07.298+0000][gc,heap     ] GC(321) Survivor regions: 5->3(7)
[2026-01-16T08:40:07.300+0000][gc,heap     ] GC(321) Old regions: 82->83
[2026-01-16T08:40:07.305+0000][gc,heap     ] GC(321) Humongous regions: 45->45
[2026-01-16T08:40:07.309+0000][gc,metaspace] GC(321) Metaspace: 12064K(12480K)->12064K(12480K) NonClass: 10986K(11200K)->10986K(11200K) Class: 1078K(1280K)->1078K(1280K)
[2026-01-16T08:40:07.312+0000][gc          ] GC(321) Pause Young (Normal) (G1 Evacuation Pause) 176M->129M(1024M) 271.344ms
[2026-01-16T08:40:07.315+0000][gc,cpu      ] GC(321) User=0.17s Sys=0.03s Real=0.28s
[2026-01-16T08:40:09.708+0000][gc,start    ] GC(322) Pause Young (Normal) (G1 Evacuation Pause)
[2026-01-16T08:40:09.711+0000][gc,task     ] GC(322) Using 8 workers of 8 for evacuation
[2026-01-16T08:40:10.015+0000][gc,mmu      ] GC(322) MMU target violated: 201.0ms (200.0ms/201.0ms)
[2026-01-16T08:40:10.021+0000][gc,phases   ] GC(322)   Pre Evacuate Collection Set: 47.2ms
[2026-01-16T08:40:10.021+0000][gc,phases   ] GC(322)   Merge Heap Roots: 21.0ms
[2026-01-16T08:40:10.022+0000][gc,phases   ] GC(322)   Evacuate Collection Set: 229.7ms
[2026-01-16T08:40:10.022+0000][gc,phases   ] GC(322)   Post Evacuate Collection Set: 1.8ms
[2026-01-16T08:40:10.023+0000][gc,phases   ] GC(322)   Other: 10.4ms
[2026-01-16T08:40:10.024+0000][gc,heap     ] GC(322) Eden regions: 48->0(47)
[2026-01-16T08:40:10.024+0000][gc,heap     ] GC(322) Survivor regions: 3->4(7)
[2026-01-16T08:40:10.027+0000][gc,heap     ] GC(322) Old regions: 83->83
[2026-01-16T08:40:10.028+0000][gc,heap     ] GC(322) Humongous regions: 45->45
[2026-01-16T08:40:10.029+0000][gc,metaspace] GC(322) Metaspace: 12064K(12480K)->12064K(12480K) NonClass: 10986K(11200K)->10986K(11200K) Class: 1078K(1280K)->1078K(1280K)
[2026-01-16T08:40:10.030+0000][gc          ] GC(322) Pause Young (Normal) (G1 Evacuation Pause) 177M->130M(1024M) 322.262ms
[2026-01-16T08:40:10.030+0000][gc,cpu      ] GC(322) User=0.19s Sys=0.01s Real=0.32s
[2026-01-16T08:40:16.638+0000][gc,start    ] GC(323) Pause Young (Normal) (G1 Evacuation Pause)
[2026-01-16T08:40:16.641+0000][gc,task     ] GC(323) Using 8 workers of 8 for evacuation
[2026-01-16T08:40:17.094+0000][gc,mmu      ] GC(323) MMU target violated: 201.0ms (200.0ms/201.0ms)
[2026-01-16T08:40:17.100+0000][gc,phases   ] GC(323)   Pre Evacuate Collection Set: 21.4ms
[2026-01-16T08:40:17.100+0000][gc,phases   ] GC(323)   Merge Heap Roots: 9.3ms
[2026-01-16T08:40:17.102+0000][gc,phases   ] GC(323)   Evacuate Collection Set: 389.4ms
[2026-01-16T08:40:17.103+0000][gc,phases   ] GC(323)   Post Evacuate Collection Set: 30.7ms
[2026-01-16T08:40:17.104+0000][gc,phases   ] GC(323)   Other: 8.1ms
[2026-01-16T08:40:17.104+0000][gc,heap     ] GC(323) Eden regions: 47->0(48)
[2026-01-16T08:40:17.104+0000][gc,heap     ] GC(323) Survivor regions: 4->3(7)
[2026-01-16T08:40:17.105+0000][gc,heap     ] GC(323) Old regions: 83->83
[2026-01-16T08:40:17.105+0000][gc,heap     ] GC(323) Humongous regions: 45->45
[2026-01-16T08:40:17.105+0000][gc,metaspace] GC(323) Metaspace: 12065K(12480K)->12065K(12480K) NonClass: 10986K(11200K)->10986K(11200K) Class: 1078K(1280K)->1078K(1280K)
[2026-01-16T08:40:17.107+0000][gc          ] GC(323) Pause Young (Normal) (G1 Evacuation Pause) 177M->129M(1024M) 468.973ms
[2026-01-16T08:40:17.108+0000][gc,cpu      ] GC(323) User=0.23s Sys=0.01s Real=0.47s
[2026-01-16T08:40:20.188+0000][gc,start    ] GC(324) Pause Young (Normal) (G1 Evacuation Pause)
[2026-01-16T08:40:20.190+0000][gc,task     ] GC(324) Using 8 workers of 8 for evacuation
[2026-01-16T08:40:20.562+0000][gc,mmu      ] GC(324) MMU target violated: 201.0ms (200.0ms/201.0ms)
[2026-01-16T08:40:20.563+0000][gc,phases   ] GC(324)   Pre Evacuate Collection Set: 71.4ms
[2026-01-16T08:40:20.564+0000][gc,phases   ] GC(324)   Merge Heap Roots: 13.4ms
[2026-01-16T08:40:20.565+0000][gc,phases   ] GC(324)   Evacuate Collection Set: 272.1ms
[2026-01-16T08:40:20.569+0000][gc,phases   ] GC(324)   Post Evacuate Collection Set: 13.0ms
[2026-01-16T08:40:20.569+0000][gc,phases   ] GC(324)   Other: 4.0ms
[2026-01-16T08:40:20.569+0000][gc,heap     ] GC(324) Eden regions: 48->0(48)
[2026-01-16T08:40:20.572+0000][gc,heap     ] GC(324) Survivor regions: 3->3(7)
[2026-01-16T08:40:20.573+0000][gc,heap     ] GC(324) Old regions: 83->83
[2026-01-16T08:40:20.573+0000][gc,heap     ] GC(324) Humongous regions: 45->45
[2026-01-16T08:40:20.574+0000][gc,metaspace] GC(324) Metaspace: 12069K(12480K)->12069K(12480K) NonClass: 10991K(11200K)->10991K(11200K) Class: 1078K(1280K)->1078K(1280K)
[2026-01-16T08:40:20.576+0000][gc          ] GC(324) Pause Young (Normal) (G1 Evacuation Pause) 177M->130M(1024M) 388.051ms
[2026-01-16T08:40:20.577+0000][gc,cpu      ] GC(324) User=0.14s Sys=0.01s Real=0.39s
[2026-01-16T08:40:23.429+0000][gc,start    ] GC(325) Pause Young (Normal) (G1 Evacuation Pause)
[2026-01-16T08:40:23.435+0000][gc,task     ] GC(325) Using 8 workers of 8 for evacuation
[2026-01-16T08:40:24.075+0000][gc,mmu      ] GC(325) MMU target violated: 201.0ms (200.0ms/201.0ms)
[2026-01-16T08:40:24.077+0000][gc,phases   ] GC(325)   Pre Evacuate Collection Set: 10.9ms
[2026-01-16T08:40:24.078+0000][gc,phases   ] GC(325)   Merge Heap Roots: 11.3ms
[2026-01-16T08:40:24.078+0000][gc,phases   ] GC(325)   Evacuate Collection Set: 508.1ms
[2026-01-16T08:40:24.078+0000][gc,phases   ] GC(325)   Post Evacuate Collection Set: 105.5ms
[2026-01-16T08:40:24.078+0000][gc,phases   ] GC(325)   Other: 9.2ms
[2026-01-16T08:40:24.078+0000][gc,heap     ] GC(325) Eden regions: 48->0(49)
[2026-01-16T08:40:24.078+0000][gc,heap     ] GC(325) Survivor regions: 3->2(7)
[2026-01-16T08:40:24.078+0000][gc,heap     ] GC(325) Old regions: 83->83
[2026-01-16T08:40:24.078+0000][gc,heap     ] GC(325) Humongous regions: 45->45
[2026-01-16T08:40:24.078+0000][gc,metaspace] GC(325) Metaspace: 12069K(12480K)->12069K(12480K) NonClass: 10991K(11200K)->10991K(11200K) Class: 1078K(1280K)->1078K(1280K)
[2026-01-16T08:40:24.078+0000][gc          ] GC(325) Pause Young (Normal) (G1 Evacuation Pause) 178M->129M(1024M) 649.274ms
[2026-01-16T08:40:24.078+0000][gc,cpu      ] GC(325) User=0.25s Sys=0.02s Real=0.65s
[2026-01-16T08:40:33.757+0000][gc,start    ] GC(326) Pause Young (Normal) (G1 Evacuation Pause)
[2026-01-16T08:40:33.758+0000][gc,task     ] GC(326) Using 8 workers of 8 for evacuation
[2026-01-16T08:40:34.376+0000][gc,mmu      ] GC(326) MMU target violated: 201.0ms (200.0ms/201.0ms)
[2026-01-16T08:40:34.380+0000][gc,phases   ] GC(326)   Pre Evacuate Collection Set: 30.5ms
[2026-01-16T08:40:34.381+0000][gc,phases   ] GC(326)   Merge Heap Roots: 16.8ms
[2026-01-16T08:40:34.381+0000][gc,phases   ] GC(326)   Evacuate Collection Set: 549.7ms
[2026-01-16T08:40:34.382+0000][gc,phases   ] GC(326)   Post Evacuate Collection Set: 13.9ms
[2026-01-16T08:40:34.382+0000][gc,phases   ] GC(326)   Other: 11.0ms
[2026-01-16T08:40:34.382+0000][gc,heap     ] GC(326) Eden regions: 49->0(48)
[2026-01-16T08:40:34.382+0000][gc,heap     ] GC(326) Survivor regions: 2->3(7)
[2026-01-16T08:40:34.382+0000][gc,heap     ] GC(326) Old regions: 83->83
[2026-01-16T08:40:34.382+0000][gc,heap     ] GC(326) Humongous regions: 45->45
[2026-01-16T08:40:34.382+0000][gc,metaspace] GC(326) Metaspace: 12070K(12480K)->12070K(12480K) NonClass: 10992K(11200K)->10992K(11200K) Class: 1078K(1280K)->1078K(1280K)
[2026-01-16T08:40:34.382+0000][gc          ] GC(326) Pause Young (Normal) (G1 Evacuation Pause) 178M->129M(1024M) 625.370ms
[2026-01-16T08:40:34.382+0000][gc,cpu      ] GC(326) User=0.29s Sys=0.01s Real=0.62s
[2026-01-16T08:40:36.321+0000][gc,start    ] GC(327) Pause Young (Normal) (G1 Evacuation Pause)
[2026-01-16T08:40:36.322+0000][gc,task     ] GC(327) Using 8 workers of 8 for evacuation
[2026-01-16T08:40:36.700+0000][gc,mmu      ] GC(327) MMU target violated: 201.0ms (200.0ms/201.0ms)
[2026-01-16T08:40:36.702+0000][gc,phases   ] GC(327)   Pre Evacuate Collection Set: 20.2ms
[2026-01-16T08:40:36.703+0000][gc,phases   ] GC(327)   Merge Heap Roots: 36.5ms
[2026-01-16T08:40:36.703+0000][gc,phases   ] GC(327)   Evacuate Collection Set: 261.3ms
[2026-01-16T08:40:36.703+0000][gc,phases   ] GC(327)   Post Evacuate Collection Set: 58.1ms
[2026-01-16T08:40:36.704+0000][gc,phases   ] GC(327)   Other: 4.0ms
[2026-01-16T08:40:36.706+0000][gc,heap     ] GC(327) Eden regions: 48->0(47)
[2026-01-16T08:40:36.706+0000][gc,heap     ] GC(327) Survivor regions: 3->4(7)
[2026-01-16T08:40:36.707+0000][gc,heap     ] GC(327) Old regions: 83->83
[2026-01-16T08:40:36.707+0000][gc,heap     ] GC(327) Humongous regions: 45->45
[2026-01-16T08:40:36.708+0000][gc,metaspace] GC(327) Metaspace: 12070K(12480K)->12070K(12480K) NonClass: 10992K(11200K)->10992K(11200K) Class: 1078K(1280K)->1078K(1280K)
[2026-01-16T08:40:36.709+0000][gc          ] GC(327) Pause Young (Normal) (G1 Evacuation Pause) 177M->130M(1024M) 387.466ms
[2026-01-16T08:40:36.712+0000][gc,cpu      ] GC(327) User=0.16s Sys=0.01s Real=0.39s
[2026-01-16T08:40:40.312+0000][gc,start    ] GC(328) Pause Young (Normal) (G1 Evacuation Pause)
[2026-01-16T08:40:40.318+0000][gc,task     ] GC(328) Using 8 workers of 8 for evacuation
[2026-01-16T08:40:40.980+0000][gc,mmu      ] GC(328) MMU target violated: 201.0ms (200.0ms/201.0ms)
[2026-01-16T08:40:40.983+0000][gc,phases   ] GC(328)   Pre Evacuate Collection Set: 28.0ms
[2026-01-16T08:40:40.984+0000][gc,phases   ] GC(328)   Merge Heap Roots: 15.9ms
[2026-01-16T08:40:40.984+0000][gc,phases   ] GC(328)   Evacuate Collection Set: 570.4ms
[2026-01-16T08:40:40.984+0000][gc,phases   ] GC(328)   Post Evacuate Collection Set: 39.2ms
[2026-01-16T08:40:40.984+0000][gc,phases   ] GC(328)   Other: 13.0ms
[2026-01-16T08:40:40.985+0000][gc,heap     ] GC(328) Eden regions: 47->0(48)
[2026-01-16T08:40:40.985+0000][gc,heap     ] GC(328) Survivor regions: 4->3(7)
[2026-01-16T08:40:40.985+0000][gc,heap     ] GC(328) Old regions: 83->83
[2026-01-16T08:40:40.985+0000][gc,heap     ] GC(328) Humongous regions: 45->45
[2026-01-16T08:40:40.985+0000][gc,metaspace] GC(328) Metaspace: 12070K(12480K)->12070K(12480K) NonClass: 10992K(11200K)->10992K(11200K) Class: 1078K(1280K)->1078K(1280K)
[2026-01-16T08:40:40.987+0000][gc          ] GC(328) Pause Young (Normal) (G1 Evacuation Pause) 177M->130M(1024M) 681.627ms
[2026-01-16T08:40:40.987+0000][gc,cpu      ] GC(328) User=0.39s Sys=0.03s Real=0.68s
[2026-01-16T08:40:49.746+0000][gc,start    ] GC(329) Pause Young (Normal) (G1 Evacuation Pause)
[2026-01-16T08:40:49.748+0000][gc,task     ] GC(329) Using 8 workers of 8 for evacuation
[2026-01-16T08:40:50.138+0000][gc,mmu      ] GC(329) MMU target violated: 201.0ms (200.0ms/201.0ms)
[2026-01-16T08:40:50.139+0000][gc,phases   ] GC(329)   Pre Evacuate Collection Set: 17.3ms
[2026-01-16T08:40:50.140+0000][gc,phases   ] GC(329)   Merge Heap Roots: 1.1ms
[2026-01-16T08:40:50.141+0000][gc,phases   ] GC(329)   Evacuate Collection Set: 348.5ms
[2026-01-16T08:40:50.142+0000][gc,phases   ] GC(329)   Post Evacuate Collection Set: 20.7ms
[2026-01-16T08:40:50.142+0000][gc,phases   ] GC(329)   Other: 3.9ms
[2026-01-16T08:40:50.143+0000][gc,heap     ] GC(329) Eden regions: 48->0(47)
[2026-01-16T08:40:50.146+0000][gc,heap     ] GC(329) Survivor regions: 3->4(7)
[2026-01-16T08:40:50.148+0000][gc,heap     ] GC(329) Old regions: 83->83
[2026-01-16T08:40:50.149+0000][gc,heap     ] GC(329) Humongous regions: 45->45
[2026-01-16T08:40:50.150+0000][gc,metaspace] GC(329) Metaspace: 12070K(12480K)->12070K(12480K) NonClass: 10992K(11200K)->10992K(11200K) Class: 1078K(1280K)->1078K(1280K)
[2026-01-16T08:40:50.151+0000][gc          ] GC(329) Pause Young (Normal) (G1 Evacuation Pause) 178M->130M(1024M) 405.251ms
[2026-01-16T08:40:50.151+0000][gc,cpu      ] GC(329) User=0.25s Sys=0.02s Real=0.40s
[2026-01-16T08:40:51.699+0000][gc,start    ] GC(330) Pause Young (Normal) (G1 Evacuation Pause)
[2026-01-16T08:40:51.713+0000][gc,task     ] GC(330) Using 8 workers of 8 for evacuation
[2026-01-16T08:40:51.816+0000][gc,phases   ] GC(330)   Pre Evacuate Collection Set: 4.6ms
[2026-01-16T08:40:51.818+0000][gc,phases   ] GC(330)   Merge Heap Roots: 1.2ms
[2026-01-16T08:40:51.818+0000][gc,phases   ] GC(330)   Evacuate Collection Set: 82.4ms
[2026-01-16T08:40:51.819+0000][gc,phases   ] GC(330)   Post Evacuate Collection Set: 7.3ms
[2026-01-16T08:40:51.819+0000][gc,phases   ] GC(330)   Other: 7.4ms
[2026-01-16T08:40:51.819+0000][gc,heap     ] GC(330) Eden regions: 47->0(48)
[2026-01-16T08:40:51.820+0000][gc,heap     ] GC(330) Survivor regions: 4->3(7)
[2026-01-16T08:40:51.820+0000][gc,heap     ] GC(330) Old regions: 83->83
[2026-01-16T08:40:51.820+0000][gc,heap     ] GC(330) Humongous regions: 45->45
[2026-01-16T08:40:51.821+0000][gc,metaspace] GC(330) Metaspace: 12070K(12480K)->12070K(12480K) NonClass: 10992K(11200K)->10992K(11200K) Class: 1078K(1280K)->1078K(1280K)
[2026-01-16T08:40:51.824+0000][gc          ] GC(330) Pause Young (Normal) (G1 Evacuation Pause) 177M->129M(1024M) 124.765ms
[2026-01-16T08:40:51.824+0000][gc,cpu      ] GC(330) User=0.09s Sys=0.01s Real=0.13s
[2026-01-16T08:41:00.698+0000][gc,start    ] GC(331) Pause Young (Normal) (G1 Evacuation Pause)
[2026-01-16T08:41:00.728+0000][gc,task     ] GC(331) Using 8 workers of 8 for evacuation
[2026-01-16T08:41:01.403+0000][gc,mmu      ] GC(331) MMU target violated: 201.0ms (200.0ms/201.0ms)
[2026-01-16T08:41:01.472+0000][gc,phases   ] GC(331)   Pre Evacuate Collection Set: 92.7ms
[2026-01-16T08:41:01.495+0000][gc,phases   ] GC(331)   Merge Heap Roots: 25.7ms
[2026-01-16T08:41:01.503+0000][gc,phases   ] GC(331)   Evacuate Collection Set: 439.8ms
[2026-01-16T08:41:01.506+0000][gc,phases   ] GC(331)   Post Evacuate Collection Set: 79.8ms
[2026-01-16T08:41:01.560+0000][gc,phases   ] GC(331)   Other: 105.4ms
[2026-01-16T08:41:01.577+0000][gc,heap     ] GC(331) Eden regions: 48->0(48)
[2026-01-16T08:41:01.579+0000][gc,heap     ] GC(331) Survivor regions: 3->3(7)
[2026-01-16T08:41:01.584+0000][gc,heap     ] GC(331) Old regions: 83->83
[2026-01-16T08:41:01.584+0000][gc,heap     ] GC(331) Humongous regions: 45->45
[2026-01-16T08:41:01.584+0000][gc,metaspace] GC(331) Metaspace: 12070K(12480K)->12070K(12480K) NonClass: 10992K(11200K)->10992K(11200K) Class: 1078K(1280K)->1078K(1280K)
[2026-01-16T08:41:01.585+0000][gc          ] GC(331) Pause Young (Normal) (G1 Evacuation Pause) 177M->130M(1024M) 887.544ms
[2026-01-16T08:41:01.587+0000][gc,cpu      ] GC(331) User=0.36s Sys=0.03s Real=0.89s
[2026-01-16T08:41:06.637+0000][gc,start    ] GC(332) Pause Young (Normal) (G1 Evacuation Pause)
[2026-01-16T08:41:06.646+0000][gc,task     ] GC(332) Using 8 workers of 8 for evacuation
[2026-01-16T08:41:07.354+0000][gc,mmu      ] GC(332) MMU target violated: 201.0ms (200.0ms/201.0ms)
[2026-01-16T08:41:07.358+0000][gc,phases   ] GC(332)   Pre Evacuate Collection Set: 43.7ms
[2026-01-16T08:41:07.361+0000][gc,phases   ] GC(332)   Merge Heap Roots: 5.6ms
[2026-01-16T08:41:07.363+0000][gc,phases   ] GC(332)   Evacuate Collection Set: 563.2ms
[2026-01-16T08:41:07.363+0000][gc,phases   ] GC(332)   Post Evacuate Collection Set: 76.0ms
[2026-01-16T08:41:07.363+0000][gc,phases   ] GC(332)   Other: 10.8ms
[2026-01-16T08:41:07.364+0000][gc,heap     ] GC(332) Eden regions: 48->0(48)
[2026-01-16T08:41:07.365+0000][gc,heap     ] GC(332) Survivor regions: 3->3(7)
[2026-01-16T08:41:07.369+0000][gc,heap     ] GC(332) Old regions: 83->84
[2026-01-16T08:41:07.373+0000][gc,heap     ] GC(332) Humongous regions: 45->45
[2026-01-16T08:41:07.373+0000][gc,metaspace] GC(332) Metaspace: 12081K(12480K)->12081K(12480K) NonClass: 11003K(11200K)->11003K(11200K) Class: 1078K(1280K)->1078K(1280K)
[2026-01-16T08:41:07.373+0000][gc          ] GC(332) Pause Young (Normal) (G1 Evacuation Pause) 178M->130M(1024M) 724.699ms
[2026-01-16T08:41:07.374+0000][gc,cpu      ] GC(332) User=0.37s Sys=0.06s Real=0.72s
[2026-01-16T08:41:12.071+0000][gc,start    ] GC(333) Pause Young (Normal) (G1 Evacuation Pause)
[2026-01-16T08:41:12.081+0000][gc,task     ] GC(333) Using 8 workers of 8 for evacuation
[2026-01-16T08:41:13.396+0000][gc,mmu      ] GC(333) MMU target violated: 201.0ms (200.0ms/201.0ms)
[2026-01-16T08:41:13.401+0000][gc,phases   ] GC(333)   Pre Evacuate Collection Set: 102.9ms
[2026-01-16T08:41:13.403+0000][gc,phases   ] GC(333)   Merge Heap Roots: 20.5ms
[2026-01-16T08:41:13.406+0000][gc,phases   ] GC(333)   Evacuate Collection Set: 1088.5ms
[2026-01-16T08:41:13.407+0000][gc,phases   ] GC(333)   Post Evacuate Collection Set: 82.0ms
[2026-01-16T08:41:13.407+0000][gc,phases   ] GC(333)   Other: 23.2ms
[2026-01-16T08:41:13.408+0000][gc,heap     ] GC(333) Eden regions: 48->0(49)
[2026-01-16T08:41:13.408+0000][gc,heap     ] GC(333) Survivor regions: 3->2(7)
[2026-01-16T08:41:13.408+0000][gc,heap     ] GC(333) Old regions: 84->84
[2026-01-16T08:41:13.409+0000][gc,heap     ] GC(333) Humongous regions: 45->45
[2026-01-16T08:41:13.410+0000][gc,metaspace] GC(333) Metaspace: 12090K(12480K)->12090K(12480K) NonClass: 11011K(11200K)->11011K(11200K) Class: 1078K(1280K)->1078K(1280K)
[2026-01-16T08:41:13.415+0000][gc          ] GC(333) Pause Young (Normal) (G1 Evacuation Pause) 178M->130M(1024M) 1341.977ms
[2026-01-16T08:41:13.417+0000][gc,cpu      ] GC(333) User=0.54s Sys=0.11s Real=1.35s
[2026-01-16T08:41:16.151+0000][gc,start    ] GC(334) Pause Young (Normal) (G1 Evacuation Pause)
[2026-01-16T08:41:16.159+0000][gc,task     ] GC(334) Using 8 workers of 8 for evacuation
[2026-01-16T08:41:16.635+0000][gc,mmu      ] GC(334) MMU target violated: 201.0ms (200.0ms/201.0ms)
[2026-01-16T08:41:16.636+0000][gc,phases   ] GC(334)   Pre Evacuate Collection Set: 39.7ms
[2026-01-16T08:41:16.644+0000][gc,phases   ] GC(334)   Merge Heap Roots: 24.9ms
[2026-01-16T08:41:16.676+0000][gc,phases   ] GC(334)   Evacuate Collection Set: 282.8ms
[2026-01-16T08:41:16.724+0000][gc,phases   ] GC(334)   Post Evacuate Collection Set: 35.9ms
[2026-01-16T08:41:16.728+0000][gc,phases   ] GC(334)   Other: 94.5ms
[2026-01-16T08:41:16.732+0000][gc,heap     ] GC(334) Eden regions: 49->0(48)
[2026-01-16T08:41:16.738+0000][gc,heap     ] GC(334) Survivor regions: 2->3(7)
[2026-01-16T08:41:16.739+0000][gc,heap     ] GC(334) Old regions: 84->84
[2026-01-16T08:41:16.740+0000][gc,heap     ] GC(334) Humongous regions: 45->45
[2026-01-16T08:41:16.741+0000][gc,metaspace] GC(334) Metaspace: 12090K(12480K)->12090K(12480K) NonClass: 11012K(11200K)->11012K(11200K) Class: 1078K(1280K)->1078K(1280K)
[2026-01-16T08:41:16.745+0000][gc          ] GC(334) Pause Young (Normal) (G1 Evacuation Pause) 179M->130M(1024M) 594.589ms
[2026-01-16T08:41:16.750+0000][gc,cpu      ] GC(334) User=0.29s Sys=0.05s Real=0.60s
[2026-01-16T08:41:22.395+0000][gc,start    ] GC(335) Pause Young (Normal) (G1 Evacuation Pause)
[2026-01-16T08:41:22.408+0000][gc,task     ] GC(335) Using 8 workers of 8 for evacuation
[2026-01-16T08:41:24.182+0000][gc,mmu      ] GC(335) MMU target violated: 201.0ms (200.0ms/201.0ms)
[2026-01-16T08:41:24.188+0000][gc,phases   ] GC(335)   Pre Evacuate Collection Set: 135.5ms
[2026-01-16T08:41:24.189+0000][gc,phases   ] GC(335)   Merge Heap Roots: 15.5ms
[2026-01-16T08:41:24.189+0000][gc,phases   ] GC(335)   Evacuate Collection Set: 1383.0ms
[2026-01-16T08:41:24.195+0000][gc,phases   ] GC(335)   Post Evacuate Collection Set: 226.4ms
[2026-01-16T08:41:24.196+0000][gc,phases   ] GC(335)   Other: 22.4ms
[2026-01-16T08:41:24.198+0000][gc,heap     ] GC(335) Eden regions: 48->0(48)
[2026-01-16T08:41:24.200+0000][gc,heap     ] GC(335) Survivor regions: 3->3(7)
[2026-01-16T08:41:24.203+0000][gc,heap     ] GC(335) Old regions: 84->84
[2026-01-16T08:41:24.203+0000][gc,heap     ] GC(335) Humongous regions: 45->45
[2026-01-16T08:41:24.204+0000][gc,metaspace] GC(335) Metaspace: 12090K(12480K)->12090K(12480K) NonClass: 11012K(11200K)->11012K(11200K) Class: 1078K(1280K)->1078K(1280K)
[2026-01-16T08:41:24.205+0000][gc          ] GC(335) Pause Young (Normal) (G1 Evacuation Pause) 178M->131M(1024M) 1810.764ms
[2026-01-16T08:41:24.206+0000][gc,cpu      ] GC(335) User=0.58s Sys=0.06s Real=1.82s
[2026-01-16T08:41:30.311+0000][gc,start    ] GC(336) Pause Young (Normal) (G1 Evacuation Pause)
[2026-01-16T08:41:30.337+0000][gc,task     ] GC(336) Using 8 workers of 8 for evacuation
[2026-01-16T08:41:32.383+0000][gc,mmu      ] GC(336) MMU target violated: 201.0ms (200.0ms/201.0ms)
[2026-01-16T08:41:32.398+0000][gc,phases   ] GC(336)   Pre Evacuate Collection Set: 127.9ms
[2026-01-16T08:41:32.398+0000][gc,phases   ] GC(336)   Merge Heap Roots: 18.0ms
[2026-01-16T08:41:32.399+0000][gc,phases   ] GC(336)   Evacuate Collection Set: 1603.9ms
[2026-01-16T08:41:32.400+0000][gc,phases   ] GC(336)   Post Evacuate Collection Set: 284.0ms
[2026-01-16T08:41:32.401+0000][gc,phases   ] GC(336)   Other: 47.2ms
[2026-01-16T08:41:32.406+0000][gc,heap     ] GC(336) Eden regions: 48->0(47)
[2026-01-16T08:41:32.408+0000][gc,heap     ] GC(336) Survivor regions: 3->4(7)
[2026-01-16T08:41:32.412+0000][gc,heap     ] GC(336) Old regions: 84->84
[2026-01-16T08:41:32.415+0000][gc,heap     ] GC(336) Humongous regions: 45->45
[2026-01-16T08:41:32.417+0000][gc,metaspace] GC(336) Metaspace: 12101K(12480K)->12101K(12480K) NonClass: 11022K(11200K)->11022K(11200K) Class: 1078K(1280K)->1078K(1280K)
[2026-01-16T08:41:32.421+0000][gc          ] GC(336) Pause Young (Normal) (G1 Evacuation Pause) 179M->132M(1024M) 2110.073ms
[2026-01-16T08:41:32.422+0000][gc,cpu      ] GC(336) User=0.65s Sys=0.06s Real=2.12s
[2026-01-16T08:41:39.351+0000][gc,start    ] GC(337) Pause Young (Normal) (G1 Evacuation Pause)
[2026-01-16T08:41:39.379+0000][gc,task     ] GC(337) Using 8 workers of 8 for evacuation
[2026-01-16T08:41:40.217+0000][gc,mmu      ] GC(337) MMU target violated: 201.0ms (200.0ms/201.0ms)
[2026-01-16T08:41:40.218+0000][gc,phases   ] GC(337)   Pre Evacuate Collection Set: 46.9ms
[2026-01-16T08:41:40.218+0000][gc,phases   ] GC(337)   Merge Heap Roots: 10.1ms
[2026-01-16T08:41:40.219+0000][gc,phases   ] GC(337)   Evacuate Collection Set: 648.4ms
[2026-01-16T08:41:40.219+0000][gc,phases   ] GC(337)   Post Evacuate Collection Set: 49.1ms
[2026-01-16T08:41:40.219+0000][gc,phases   ] GC(337)   Other: 86.5ms
[2026-01-16T08:41:40.220+0000][gc,heap     ] GC(337) Eden regions: 47->0(46)
[2026-01-16T08:41:40.220+0000][gc,heap     ] GC(337) Survivor regions: 4->5(7)
[2026-01-16T08:41:40.220+0000][gc,heap     ] GC(337) Old regions: 84->84
[2026-01-16T08:41:40.220+0000][gc,heap     ] GC(337) Humongous regions: 45->45
[2026-01-16T08:41:40.221+0000][gc,metaspace] GC(337) Metaspace: 12102K(12480K)->12102K(12480K) NonClass: 11024K(11200K)->11024K(11200K) Class: 1078K(1280K)->1078K(1280K)
[2026-01-16T08:41:40.222+0000][gc          ] GC(337) Pause Young (Normal) (G1 Evacuation Pause) 179M->133M(1024M) 871.179ms
[2026-01-16T08:41:40.222+0000][gc,cpu      ] GC(337) User=0.51s Sys=0.06s Real=0.87s
[2026-01-16T08:41:45.235+0000][gc,start    ] GC(338) Pause Young (Normal) (G1 Evacuation Pause)
[2026-01-16T08:41:45.410+0000][gc,task     ] GC(338) Using 8 workers of 8 for evacuation
[2026-01-16T08:41:47.345+0000][gc,mmu      ] GC(338) MMU target violated: 201.0ms (200.0ms/201.0ms)
[2026-01-16T08:41:47.347+0000][gc,phases   ] GC(338)   Pre Evacuate Collection Set: 55.4ms
[2026-01-16T08:41:47.349+0000][gc,phases   ] GC(338)   Merge Heap Roots: 22.6ms
[2026-01-16T08:41:47.349+0000][gc,phases   ] GC(338)   Evacuate Collection Set: 1475.8ms
[2026-01-16T08:41:47.350+0000][gc,phases   ] GC(338)   Post Evacuate Collection Set: 361.8ms
[2026-01-16T08:41:47.351+0000][gc,phases   ] GC(338)   Other: 32.4ms
[2026-01-16T08:41:47.353+0000][gc,heap     ] GC(338) Eden regions: 46->0(46)
[2026-01-16T08:41:47.354+0000][gc,heap     ] GC(338) Survivor regions: 5->5(7)
[2026-01-16T08:41:47.365+0000][gc,heap     ] GC(338) Old regions: 84->85
[2026-01-16T08:41:47.369+0000][gc,heap     ] GC(338) Humongous regions: 45->45
[2026-01-16T08:41:47.370+0000][gc,metaspace] GC(338) Metaspace: 12102K(12480K)->12102K(12480K) NonClass: 11024K(11200K)->11024K(11200K) Class: 1078K(1280K)->1078K(1280K)
[2026-01-16T08:41:47.382+0000][gc          ] GC(338) Pause Young (Normal) (G1 Evacuation Pause) 179M->133M(1024M) 2141.806ms
[2026-01-16T08:41:47.401+0000][gc,cpu      ] GC(338) User=0.72s Sys=0.11s Real=2.17s
[2026-01-16T08:41:52.516+0000][gc,start    ] GC(339) Pause Young (Normal) (G1 Evacuation Pause)
[2026-01-16T08:41:52.595+0000][gc,task     ] GC(339) Using 8 workers of 8 for evacuation
[2026-01-16T08:41:53.697+0000][gc,mmu      ] GC(339) MMU target violated: 201.0ms (200.0ms/201.0ms)
[2026-01-16T08:41:53.702+0000][gc,phases   ] GC(339)   Pre Evacuate Collection Set: 232.1ms
[2026-01-16T08:41:53.704+0000][gc,phases   ] GC(339)   Merge Heap Roots: 27.4ms
[2026-01-16T08:41:53.704+0000][gc,phases   ] GC(339)   Evacuate Collection Set: 716.1ms
[2026-01-16T08:41:53.704+0000][gc,phases   ] GC(339)   Post Evacuate Collection Set: 109.2ms
[2026-01-16T08:41:53.704+0000][gc,phases   ] GC(339)   Other: 42.2ms
[2026-01-16T08:41:53.704+0000][gc,heap     ] GC(339) Eden regions: 46->0(47)
[2026-01-16T08:41:53.704+0000][gc,heap     ] GC(339) Survivor regions: 5->4(7)
[2026-01-16T08:41:53.704+0000][gc,heap     ] GC(339) Old regions: 85->85
[2026-01-16T08:41:53.704+0000][gc,heap     ] GC(339) Humongous regions: 45->45
[2026-01-16T08:41:53.705+0000][gc,metaspace] GC(339) Metaspace: 12102K(12480K)->12102K(12480K) NonClass: 11024K(11200K)->11024K(11200K) Class: 1078K(1280K)->1078K(1280K)
[2026-01-16T08:41:53.707+0000][gc          ] GC(339) Pause Young (Normal) (G1 Evacuation Pause) 179M->133M(1024M) 1207.664ms
[2026-01-16T08:41:53.708+0000][gc,cpu      ] GC(339) User=0.65s Sys=0.11s Real=1.24s
[2026-01-16T08:42:01.173+0000][gc,start    ] GC(340) Pause Young (Normal) (G1 Evacuation Pause)
[2026-01-16T08:42:01.185+0000][gc,task     ] GC(340) Using 8 workers of 8 for evacuation
[2026-01-16T08:42:03.050+0000][gc,mmu      ] GC(340) MMU target violated: 201.0ms (200.0ms/201.0ms)
[2026-01-16T08:42:03.055+0000][gc,phases   ] GC(340)   Pre Evacuate Collection Set: 90.8ms
[2026-01-16T08:42:03.058+0000][gc,phases   ] GC(340)   Merge Heap Roots: 20.3ms
[2026-01-16T08:42:03.061+0000][gc,phases   ] GC(340)   Evacuate Collection Set: 1384.4ms
[2026-01-16T08:42:03.064+0000][gc,phases   ] GC(340)   Post Evacuate Collection Set: 353.6ms
[2026-01-16T08:42:03.068+0000][gc,phases   ] GC(340)   Other: 22.9ms
[2026-01-16T08:42:03.073+0000][gc,heap     ] GC(340) Eden regions: 47->0(47)
[2026-01-16T08:42:03.076+0000][gc,heap     ] GC(340) Survivor regions: 4->4(7)
[2026-01-16T08:42:03.079+0000][gc,heap     ] GC(340) Old regions: 85->86
[2026-01-16T08:42:03.090+0000][gc,heap     ] GC(340) Humongous regions: 45->45
[2026-01-16T08:42:03.096+0000][gc,metaspace] GC(340) Metaspace: 12103K(12480K)->12103K(12480K) NonClass: 11024K(11200K)->11024K(11200K) Class: 1078K(1280K)->1078K(1280K)
[2026-01-16T08:42:03.100+0000][gc          ] GC(340) Pause Young (Normal) (G1 Evacuation Pause) 180M->134M(1024M) 1927.440ms
[2026-01-16T08:42:03.105+0000][gc,cpu      ] GC(340) User=0.57s Sys=0.13s Real=1.93s
[2026-01-16T08:42:10.349+0000][gc,start    ] GC(341) Pause Young (Normal) (G1 Evacuation Pause)
[2026-01-16T08:42:10.350+0000][gc,task     ] GC(341) Using 8 workers of 8 for evacuation
[2026-01-16T08:42:10.884+0000][gc,mmu      ] GC(341) MMU target violated: 201.0ms (200.0ms/201.0ms)
[2026-01-16T08:42:10.888+0000][gc,phases   ] GC(341)   Pre Evacuate Collection Set: 62.5ms
[2026-01-16T08:42:10.890+0000][gc,phases   ] GC(341)   Merge Heap Roots: 2.6ms
[2026-01-16T08:42:10.894+0000][gc,phases   ] GC(341)   Evacuate Collection Set: 359.1ms
[2026-01-16T08:42:10.896+0000][gc,phases   ] GC(341)   Post Evacuate Collection Set: 105.7ms
[2026-01-16T08:42:10.899+0000][gc,phases   ] GC(341)   Other: 7.5ms
[2026-01-16T08:42:10.901+0000][gc,heap     ] GC(341) Eden regions: 47->0(46)
[2026-01-16T08:42:10.907+0000][gc,heap     ] GC(341) Survivor regions: 4->5(7)
[2026-01-16T08:42:10.910+0000][gc,heap     ] GC(341) Old regions: 86->87
[2026-01-16T08:42:10.912+0000][gc,heap     ] GC(341) Humongous regions: 45->45
[2026-01-16T08:42:10.913+0000][gc,metaspace] GC(341) Metaspace: 12103K(12480K)->12103K(12480K) NonClass: 11025K(11200K)->11025K(11200K) Class: 1078K(1280K)->1078K(1280K)
[2026-01-16T08:42:10.914+0000][gc          ] GC(341) Pause Young (Normal) (G1 Evacuation Pause) 181M->135M(1024M) 564.942ms
[2026-01-16T08:42:10.916+0000][gc,cpu      ] GC(341) User=0.40s Sys=0.07s Real=0.57s
[2026-01-16T08:42:15.237+0000][gc,start    ] GC(342) Pause Young (Normal) (G1 Evacuation Pause)
[2026-01-16T08:42:15.238+0000][gc,task     ] GC(342) Using 8 workers of 8 for evacuation
[2026-01-16T08:42:16.277+0000][gc,mmu      ] GC(342) MMU target violated: 201.0ms (200.0ms/201.0ms)
[2026-01-16T08:42:16.285+0000][gc,phases   ] GC(342)   Pre Evacuate Collection Set: 53.3ms
[2026-01-16T08:42:16.314+0000][gc,phases   ] GC(342)   Merge Heap Roots: 10.4ms
[2026-01-16T08:42:16.320+0000][gc,phases   ] GC(342)   Evacuate Collection Set: 934.7ms
[2026-01-16T08:42:16.321+0000][gc,phases   ] GC(342)   Post Evacuate Collection Set: 19.5ms
[2026-01-16T08:42:16.321+0000][gc,phases   ] GC(342)   Other: 28.5ms
[2026-01-16T08:42:16.322+0000][gc,heap     ] GC(342) Eden regions: 46->0(46)
[2026-01-16T08:42:16.322+0000][gc,heap     ] GC(342) Survivor regions: 5->5(7)
[2026-01-16T08:42:16.322+0000][gc,heap     ] GC(342) Old regions: 87->87
[2026-01-16T08:42:16.322+0000][gc,heap     ] GC(342) Humongous regions: 45->45
[2026-01-16T08:42:16.323+0000][gc,metaspace] GC(342) Metaspace: 12109K(12480K)->12109K(12480K) NonClass: 11031K(11200K)->11031K(11200K) Class: 1078K(1280K)->1078K(1280K)
[2026-01-16T08:42:16.324+0000][gc          ] GC(342) Pause Young (Normal) (G1 Evacuation Pause) 181M->136M(1024M) 1086.837ms
[2026-01-16T08:42:16.339+0000][gc,cpu      ] GC(342) User=0.40s Sys=0.06s Real=1.10s
[2026-01-16T08:42:21.213+0000][gc,start    ] GC(343) Pause Young (Normal) (G1 Evacuation Pause)
[2026-01-16T08:42:21.296+0000][gc,task     ] GC(343) Using 8 workers of 8 for evacuation
[2026-01-16T08:42:22.582+0000][gc,mmu      ] GC(343) MMU target violated: 201.0ms (200.0ms/201.0ms)
[2026-01-16T08:42:22.584+0000][gc,phases   ] GC(343)   Pre Evacuate Collection Set: 54.7ms
[2026-01-16T08:42:22.585+0000][gc,phases   ] GC(343)   Merge Heap Roots: 1.2ms
[2026-01-16T08:42:22.588+0000][gc,phases   ] GC(343)   Evacuate Collection Set: 1144.3ms
[2026-01-16T08:42:22.590+0000][gc,phases   ] GC(343)   Post Evacuate Collection Set: 49.8ms
[2026-01-16T08:42:22.596+0000][gc,phases   ] GC(343)   Other: 47.2ms
[2026-01-16T08:42:22.600+0000][gc,heap     ] GC(343) Eden regions: 46->0(47)
[2026-01-16T08:42:22.601+0000][gc,heap     ] GC(343) Survivor regions: 5->4(7)
[2026-01-16T08:42:22.604+0000][gc,heap     ] GC(343) Old regions: 87->88
[2026-01-16T08:42:22.607+0000][gc,heap     ] GC(343) Humongous regions: 45->45
[2026-01-16T08:42:22.609+0000][gc,metaspace] GC(343) Metaspace: 12109K(12480K)->12109K(12480K) NonClass: 11031K(11200K)->11031K(11200K) Class: 1078K(1280K)->1078K(1280K)
[2026-01-16T08:42:22.610+0000][gc          ] GC(343) Pause Young (Normal) (G1 Evacuation Pause) 182M->136M(1024M) 1396.881ms
[2026-01-16T08:42:22.610+0000][gc,cpu      ] GC(343) User=0.56s Sys=0.08s Real=1.39s
[2026-01-16T08:42:29.727+0000][gc,start    ] GC(344) Pause Young (Normal) (GCLocker Initiated GC)
[2026-01-16T08:42:29.751+0000][gc,task     ] GC(344) Using 8 workers of 8 for evacuation
[2026-01-16T08:42:32.074+0000][gc,mmu      ] GC(344) MMU target violated: 201.0ms (200.0ms/201.0ms)
[2026-01-16T08:42:32.079+0000][gc,phases   ] GC(344)   Pre Evacuate Collection Set: 138.9ms
[2026-01-16T08:42:32.081+0000][gc,phases   ] GC(344)   Merge Heap Roots: 9.2ms
[2026-01-16T08:42:32.082+0000][gc,phases   ] GC(344)   Evacuate Collection Set: 1891.3ms
[2026-01-16T08:42:32.082+0000][gc,phases   ] GC(344)   Post Evacuate Collection Set: 224.1ms
[2026-01-16T08:42:32.084+0000][gc,phases   ] GC(344)   Other: 75.2ms
[2026-01-16T08:42:32.087+0000][gc,heap     ] GC(344) Eden regions: 49->0(47)
[2026-01-16T08:42:32.087+0000][gc,heap     ] GC(344) Survivor regions: 4->4(7)
[2026-01-16T08:42:32.089+0000][gc,heap     ] GC(344) Old regions: 88->89
[2026-01-16T08:42:32.089+0000][gc,heap     ] GC(344) Humongous regions: 45->45
[2026-01-16T08:42:32.089+0000][gc,metaspace] GC(344) Metaspace: 12109K(12480K)->12109K(12480K) NonClass: 11031K(11200K)->11031K(11200K) Class: 1078K(1280K)->1078K(1280K)
[2026-01-16T08:42:32.090+0000][gc          ] GC(344) Pause Young (Normal) (GCLocker Initiated GC) 185M->137M(1024M) 2362.807ms
[2026-01-16T08:42:32.091+0000][gc,cpu      ] GC(344) User=0.80s Sys=0.19s Real=2.36s
[2026-01-16T08:42:37.605+0000][gc,start    ] GC(345) Pause Young (Normal) (G1 Evacuation Pause)
[2026-01-16T08:42:37.642+0000][gc,task     ] GC(345) Using 8 workers of 8 for evacuation
[2026-01-16T08:42:38.270+0000][gc,mmu      ] GC(345) MMU target violated: 201.0ms (200.0ms/201.0ms)
[2026-01-16T08:42:38.302+0000][gc,phases   ] GC(345)   Pre Evacuate Collection Set: 124.3ms
[2026-01-16T08:42:38.302+0000][gc,phases   ] GC(345)   Merge Heap Roots: 25.5ms
[2026-01-16T08:42:38.309+0000][gc,phases   ] GC(345)   Evacuate Collection Set: 447.9ms
[2026-01-16T08:42:38.309+0000][gc,phases   ] GC(345)   Post Evacuate Collection Set: 25.8ms
[2026-01-16T08:42:38.310+0000][gc,phases   ] GC(345)   Other: 36.2ms
[2026-01-16T08:42:38.310+0000][gc,heap     ] GC(345) Eden regions: 47->0(46)
[2026-01-16T08:42:38.310+0000][gc,heap     ] GC(345) Survivor regions: 4->5(7)
[2026-01-16T08:42:38.319+0000][gc,heap     ] GC(345) Old regions: 89->89
[2026-01-16T08:42:38.320+0000][gc,heap     ] GC(345) Humongous regions: 45->45
[2026-01-16T08:42:38.320+0000][gc,metaspace] GC(345) Metaspace: 12110K(12480K)->12110K(12480K) NonClass: 11032K(11200K)->11032K(11200K) Class: 1078K(1280K)->1078K(1280K)
[2026-01-16T08:42:38.320+0000][gc          ] GC(345) Pause Young (Normal) (G1 Evacuation Pause) 184M->138M(1024M) 715.008ms
[2026-01-16T08:42:38.321+0000][gc,cpu      ] GC(345) User=0.47s Sys=0.08s Real=0.71s
[2026-01-16T08:42:41.407+0000][gc,start    ] GC(346) Pause Young (Normal) (G1 Evacuation Pause)
[2026-01-16T08:42:41.409+0000][gc,task     ] GC(346) Using 8 workers of 8 for evacuation
[2026-01-16T08:42:42.112+0000][gc,mmu      ] GC(346) MMU target violated: 201.0ms (200.0ms/201.0ms)
[2026-01-16T08:42:42.113+0000][gc,phases   ] GC(346)   Pre Evacuate Collection Set: 49.5ms
[2026-01-16T08:42:42.113+0000][gc,phases   ] GC(346)   Merge Heap Roots: 0.4ms
[2026-01-16T08:42:42.114+0000][gc,phases   ] GC(346)   Evacuate Collection Set: 619.2ms
[2026-01-16T08:42:42.114+0000][gc,phases   ] GC(346)   Post Evacuate Collection Set: 18.2ms
[2026-01-16T08:42:42.115+0000][gc,phases   ] GC(346)   Other: 16.7ms
[2026-01-16T08:42:42.116+0000][gc,heap     ] GC(346) Eden regions: 46->0(46)
[2026-01-16T08:42:42.116+0000][gc,heap     ] GC(346) Survivor regions: 5->5(7)
[2026-01-16T08:42:42.116+0000][gc,heap     ] GC(346) Old regions: 89->90
[2026-01-16T08:42:42.117+0000][gc,heap     ] GC(346) Humongous regions: 45->45
[2026-01-16T08:42:42.118+0000][gc,metaspace] GC(346) Metaspace: 12113K(12480K)->12113K(12480K) NonClass: 11035K(11200K)->11035K(11200K) Class: 1078K(1280K)->1078K(1280K)
[2026-01-16T08:42:42.120+0000][gc          ] GC(346) Pause Young (Normal) (G1 Evacuation Pause) 184M->138M(1024M) 713.332ms
[2026-01-16T08:42:42.123+0000][gc,cpu      ] GC(346) User=0.37s Sys=0.05s Real=0.71s
[2026-01-16T08:42:47.186+0000][gc,start    ] GC(347) Pause Young (Normal) (G1 Evacuation Pause)
[2026-01-16T08:42:47.223+0000][gc,task     ] GC(347) Using 8 workers of 8 for evacuation
[2026-01-16T08:42:50.984+0000][gc,mmu      ] GC(347) MMU target violated: 201.0ms (200.0ms/201.0ms)
[2026-01-16T08:42:50.989+0000][gc,phases   ] GC(347)   Pre Evacuate Collection Set: 73.9ms
[2026-01-16T08:42:50.990+0000][gc,phases   ] GC(347)   Merge Heap Roots: 18.9ms
[2026-01-16T08:42:50.993+0000][gc,phases   ] GC(347)   Evacuate Collection Set: 3094.5ms
[2026-01-16T08:42:50.996+0000][gc,phases   ] GC(347)   Post Evacuate Collection Set: 555.0ms
[2026-01-16T08:42:50.998+0000][gc,phases   ] GC(347)   Other: 45.5ms
[2026-01-16T08:42:51.005+0000][gc,heap     ] GC(347) Eden regions: 46->0(46)
[2026-01-16T08:42:51.008+0000][gc,heap     ] GC(347) Survivor regions: 5->5(7)
[2026-01-16T08:42:51.012+0000][gc,heap     ] GC(347) Old regions: 90->91
[2026-01-16T08:42:51.015+0000][gc,heap     ] GC(347) Humongous regions: 45->45
[2026-01-16T08:42:51.019+0000][gc,metaspace] GC(347) Metaspace: 12113K(12480K)->12113K(12480K) NonClass: 11035K(11200K)->11035K(11200K) Class: 1078K(1280K)->1078K(1280K)
[2026-01-16T08:42:51.024+0000][gc          ] GC(347) Pause Young (Normal) (G1 Evacuation Pause) 184M->139M(1024M) 3836.079ms
[2026-01-16T08:42:51.036+0000][gc,cpu      ] GC(347) User=1.08s Sys=0.19s Real=3.86s
[2026-01-16T08:42:55.573+0000][gc,start    ] GC(348) Pause Young (Normal) (G1 Evacuation Pause)
[2026-01-16T08:42:55.582+0000][gc,task     ] GC(348) Using 8 workers of 8 for evacuation
[2026-01-16T08:42:56.773+0000][gc,mmu      ] GC(348) MMU target violated: 201.0ms (200.0ms/201.0ms)
[2026-01-16T08:42:56.775+0000][gc,phases   ] GC(348)   Pre Evacuate Collection Set: 88.2ms
[2026-01-16T08:42:56.778+0000][gc,phases   ] GC(348)   Merge Heap Roots: 16.1ms
[2026-01-16T08:42:56.782+0000][gc,phases   ] GC(348)   Evacuate Collection Set: 1003.2ms
[2026-01-16T08:42:56.782+0000][gc,phases   ] GC(348)   Post Evacuate Collection Set: 78.4ms
[2026-01-16T08:42:56.789+0000][gc,phases   ] GC(348)   Other: 9.1ms
[2026-01-16T08:42:56.806+0000][gc,heap     ] GC(348) Eden regions: 46->0(46)
[2026-01-16T08:42:56.806+0000][gc,heap     ] GC(348) Survivor regions: 5->5(7)
[2026-01-16T08:42:56.807+0000][gc,heap     ] GC(348) Old regions: 91->91
[2026-01-16T08:42:56.808+0000][gc,heap     ] GC(348) Humongous regions: 47->47
[2026-01-16T08:42:56.808+0000][gc,metaspace] GC(348) Metaspace: 12114K(12480K)->12114K(12480K) NonClass: 11036K(11200K)->11036K(11200K) Class: 1078K(1280K)->1078K(1280K)
[2026-01-16T08:42:56.809+0000][gc          ] GC(348) Pause Young (Normal) (G1 Evacuation Pause) 187M->142M(1024M) 1236.868ms
[2026-01-16T08:42:56.810+0000][gc,cpu      ] GC(348) User=0.60s Sys=0.08s Real=1.24s
[2026-01-16T08:43:02.010+0000][gc,start    ] GC(349) Pause Young (Normal) (G1 Evacuation Pause)
[2026-01-16T08:43:02.026+0000][gc,task     ] GC(349) Using 8 workers of 8 for evacuation
[2026-01-16T08:43:03.176+0000][gc,mmu      ] GC(349) MMU target violated: 201.0ms (200.0ms/201.0ms)
[2026-01-16T08:43:03.180+0000][gc,phases   ] GC(349)   Pre Evacuate Collection Set: 102.6ms
[2026-01-16T08:43:03.180+0000][gc,phases   ] GC(349)   Merge Heap Roots: 10.1ms
[2026-01-16T08:43:03.184+0000][gc,phases   ] GC(349)   Evacuate Collection Set: 943.9ms
[2026-01-16T08:43:03.185+0000][gc,phases   ] GC(349)   Post Evacuate Collection Set: 48.8ms
[2026-01-16T08:43:03.186+0000][gc,phases   ] GC(349)   Other: 59.5ms
[2026-01-16T08:43:03.186+0000][gc,heap     ] GC(349) Eden regions: 46->0(46)
[2026-01-16T08:43:03.187+0000][gc,heap     ] GC(349) Survivor regions: 5->5(7)
[2026-01-16T08:43:03.187+0000][gc,heap     ] GC(349) Old regions: 91->92
[2026-01-16T08:43:03.188+0000][gc,heap     ] GC(349) Humongous regions: 47->47
[2026-01-16T08:43:03.191+0000][gc,metaspace] GC(349) Metaspace: 12114K(12480K)->12114K(12480K) NonClass: 11036K(11200K)->11036K(11200K) Class: 1078K(1280K)->1078K(1280K)
[2026-01-16T08:43:03.192+0000][gc          ] GC(349) Pause Young (Normal) (G1 Evacuation Pause) 188M->142M(1024M) 1194.902ms
[2026-01-16T08:43:03.193+0000][gc,cpu      ] GC(349) User=0.45s Sys=0.08s Real=1.19s
[2026-01-16T08:43:05.929+0000][gc,start    ] GC(350) Pause Young (Normal) (G1 Evacuation Pause)
[2026-01-16T08:43:05.930+0000][gc,task     ] GC(350) Using 8 workers of 8 for evacuation
[2026-01-16T08:43:06.777+0000][gc,mmu      ] GC(350) MMU target violated: 201.0ms (200.0ms/201.0ms)
[2026-01-16T08:43:06.779+0000][gc,phases   ] GC(350)   Pre Evacuate Collection Set: 149.6ms
[2026-01-16T08:43:06.781+0000][gc,phases   ] GC(350)   Merge Heap Roots: 0.4ms
[2026-01-16T08:43:06.782+0000][gc,phases   ] GC(350)   Evacuate Collection Set: 669.0ms
[2026-01-16T08:43:06.785+0000][gc,phases   ] GC(350)   Post Evacuate Collection Set: 26.8ms
[2026-01-16T08:43:06.785+0000][gc,phases   ] GC(350)   Other: 2.7ms
[2026-01-16T08:43:06.786+0000][gc,heap     ] GC(350) Eden regions: 46->0(46)
[2026-01-16T08:43:06.786+0000][gc,heap     ] GC(350) Survivor regions: 5->5(7)
[2026-01-16T08:43:06.786+0000][gc,heap     ] GC(350) Old regions: 92->93
[2026-01-16T08:43:06.787+0000][gc,heap     ] GC(350) Humongous regions: 47->47
[2026-01-16T08:43:06.789+0000][gc,metaspace] GC(350) Metaspace: 12114K(12480K)->12114K(12480K) NonClass: 11036K(11200K)->11036K(11200K) Class: 1078K(1280K)->1078K(1280K)
[2026-01-16T08:43:06.791+0000][gc          ] GC(350) Pause Young (Normal) (G1 Evacuation Pause) 188M->143M(1024M) 862.243ms
[2026-01-16T08:43:06.803+0000][gc,cpu      ] GC(350) User=0.41s Sys=0.04s Real=0.87s
[2026-01-16T08:43:09.849+0000][gc,start    ] GC(351) Pause Young (Normal) (G1 Evacuation Pause)
[2026-01-16T08:43:09.850+0000][gc,task     ] GC(351) Using 8 workers of 8 for evacuation
[2026-01-16T08:43:10.337+0000][gc,mmu      ] GC(351) MMU target violated: 201.0ms (200.0ms/201.0ms)
[2026-01-16T08:43:10.340+0000][gc,phases   ] GC(351)   Pre Evacuate Collection Set: 117.5ms
[2026-01-16T08:43:10.340+0000][gc,phases   ] GC(351)   Merge Heap Roots: 4.0ms
[2026-01-16T08:43:10.341+0000][gc,phases   ] GC(351)   Evacuate Collection Set: 324.4ms
[2026-01-16T08:43:10.341+0000][gc,phases   ] GC(351)   Post Evacuate Collection Set: 40.7ms
[2026-01-16T08:43:10.341+0000][gc,phases   ] GC(351)   Other: 3.4ms
[2026-01-16T08:43:10.341+0000][gc,heap     ] GC(351) Eden regions: 46->0(46)
[2026-01-16T08:43:10.342+0000][gc,heap     ] GC(351) Survivor regions: 5->5(7)
[2026-01-16T08:43:10.342+0000][gc,heap     ] GC(351) Old regions: 93->93
[2026-01-16T08:43:10.342+0000][gc,heap     ] GC(351) Humongous regions: 47->47
[2026-01-16T08:43:10.342+0000][gc,metaspace] GC(351) Metaspace: 12114K(12480K)->12114K(12480K) NonClass: 11036K(11200K)->11036K(11200K) Class: 1078K(1280K)->1078K(1280K)
[2026-01-16T08:43:10.343+0000][gc          ] GC(351) Pause Young (Normal) (G1 Evacuation Pause) 189M->143M(1024M) 493.571ms
[2026-01-16T08:43:10.358+0000][gc,cpu      ] GC(351) User=0.29s Sys=0.04s Real=0.51s
[2026-01-16T08:43:14.157+0000][gc,start    ] GC(352) Pause Young (Normal) (G1 Evacuation Pause)
[2026-01-16T08:43:14.167+0000][gc,task     ] GC(352) Using 8 workers of 8 for evacuation
[2026-01-16T08:43:15.592+0000][gc,mmu      ] GC(352) MMU target violated: 201.0ms (200.0ms/201.0ms)
[2026-01-16T08:43:15.601+0000][gc,phases   ] GC(352)   Pre Evacuate Collection Set: 127.0ms
[2026-01-16T08:43:15.609+0000][gc,phases   ] GC(352)   Merge Heap Roots: 24.8ms
[2026-01-16T08:43:15.615+0000][gc,phases   ] GC(352)   Evacuate Collection Set: 1146.1ms
[2026-01-16T08:43:15.615+0000][gc,phases   ] GC(352)   Post Evacuate Collection Set: 74.1ms
[2026-01-16T08:43:15.616+0000][gc,phases   ] GC(352)   Other: 64.4ms
[2026-01-16T08:43:15.616+0000][gc,heap     ] GC(352) Eden regions: 46->0(46)
[2026-01-16T08:43:15.616+0000][gc,heap     ] GC(352) Survivor regions: 5->5(7)
[2026-01-16T08:43:15.616+0000][gc,heap     ] GC(352) Old regions: 93->94
[2026-01-16T08:43:15.616+0000][gc,heap     ] GC(352) Humongous regions: 47->47
[2026-01-16T08:43:15.616+0000][gc,metaspace] GC(352) Metaspace: 12115K(12480K)->12115K(12480K) NonClass: 11037K(11200K)->11037K(11200K) Class: 1078K(1280K)->1078K(1280K)
[2026-01-16T08:43:15.616+0000][gc          ] GC(352) Pause Young (Normal) (G1 Evacuation Pause) 189M->145M(1024M) 1459.269ms
[2026-01-16T08:43:15.617+0000][gc,cpu      ] GC(352) User=0.52s Sys=0.07s Real=1.52s
[2026-01-16T08:43:17.819+0000][gc,start    ] GC(353) Pause Young (Normal) (G1 Evacuation Pause)
[2026-01-16T08:43:17.837+0000][gc,task     ] GC(353) Using 8 workers of 8 for evacuation
[2026-01-16T08:43:19.448+0000][gc,mmu      ] GC(353) MMU target violated: 201.0ms (200.0ms/201.0ms)
[2026-01-16T08:43:19.455+0000][gc,phases   ] GC(353)   Pre Evacuate Collection Set: 65.3ms
[2026-01-16T08:43:19.459+0000][gc,phases   ] GC(353)   Merge Heap Roots: 0.6ms
[2026-01-16T08:43:19.460+0000][gc,phases   ] GC(353)   Evacuate Collection Set: 1382.7ms
[2026-01-16T08:43:19.460+0000][gc,phases   ] GC(353)   Post Evacuate Collection Set: 111.8ms
[2026-01-16T08:43:19.461+0000][gc,phases   ] GC(353)   Other: 71.8ms
[2026-01-16T08:43:19.462+0000][gc,heap     ] GC(353) Eden regions: 46->0(47)
[2026-01-16T08:43:19.464+0000][gc,heap     ] GC(353) Survivor regions: 5->4(7)
[2026-01-16T08:43:19.466+0000][gc,heap     ] GC(353) Old regions: 94->95
[2026-01-16T08:43:19.476+0000][gc,heap     ] GC(353) Humongous regions: 47->47
[2026-01-16T08:43:19.480+0000][gc,metaspace] GC(353) Metaspace: 12115K(12480K)->12115K(12480K) NonClass: 11037K(11200K)->11037K(11200K) Class: 1078K(1280K)->1078K(1280K)
[2026-01-16T08:43:19.486+0000][gc          ] GC(353) Pause Young (Normal) (G1 Evacuation Pause) 191M->145M(1024M) 1667.383ms
[2026-01-16T08:43:19.502+0000][gc,cpu      ] GC(353) User=0.56s Sys=0.10s Real=1.69s
[2026-01-16T08:43:24.850+0000][gc,start    ] GC(354) Pause Young (Normal) (G1 Evacuation Pause)
[2026-01-16T08:43:24.883+0000][gc,task     ] GC(354) Using 8 workers of 8 for evacuation
[2026-01-16T08:43:25.212+0000][gc,mmu      ] GC(354) MMU target violated: 201.0ms (200.0ms/201.0ms)
[2026-01-16T08:43:25.213+0000][gc,phases   ] GC(354)   Pre Evacuate Collection Set: 39.0ms
[2026-01-16T08:43:25.214+0000][gc,phases   ] GC(354)   Merge Heap Roots: 7.9ms
[2026-01-16T08:43:25.214+0000][gc,phases   ] GC(354)   Evacuate Collection Set: 251.1ms
[2026-01-16T08:43:25.215+0000][gc,phases   ] GC(354)   Post Evacuate Collection Set: 31.0ms
[2026-01-16T08:43:25.215+0000][gc,phases   ] GC(354)   Other: 1.6ms
[2026-01-16T08:43:25.215+0000][gc,heap     ] GC(354) Eden regions: 47->0(46)
[2026-01-16T08:43:25.216+0000][gc,heap     ] GC(354) Survivor regions: 4->5(7)
[2026-01-16T08:43:25.216+0000][gc,heap     ] GC(354) Old regions: 95->95
[2026-01-16T08:43:25.217+0000][gc,heap     ] GC(354) Humongous regions: 47->47
[2026-01-16T08:43:25.218+0000][gc,metaspace] GC(354) Metaspace: 12122K(12480K)->12122K(12480K) NonClass: 11044K(11200K)->11044K(11200K) Class: 1078K(1280K)->1078K(1280K)
[2026-01-16T08:43:25.222+0000][gc          ] GC(354) Pause Young (Normal) (G1 Evacuation Pause) 192M->145M(1024M) 372.678ms
[2026-01-16T08:43:25.223+0000][gc,cpu      ] GC(354) User=0.20s Sys=0.03s Real=0.38s
[2026-01-16T08:43:28.528+0000][gc,start    ] GC(355) Pause Young (Normal) (G1 Evacuation Pause)
[2026-01-16T08:43:28.532+0000][gc,task     ] GC(355) Using 8 workers of 8 for evacuation
[2026-01-16T08:43:32.404+0000][gc,mmu      ] GC(355) MMU target violated: 201.0ms (200.0ms/201.0ms)
[2026-01-16T08:43:32.411+0000][gc,phases   ] GC(355)   Pre Evacuate Collection Set: 274.2ms
[2026-01-16T08:43:32.413+0000][gc,phases   ] GC(355)   Merge Heap Roots: 29.7ms
[2026-01-16T08:43:32.413+0000][gc,phases   ] GC(355)   Evacuate Collection Set: 3368.1ms
[2026-01-16T08:43:32.413+0000][gc,phases   ] GC(355)   Post Evacuate Collection Set: 186.2ms
[2026-01-16T08:43:32.413+0000][gc,phases   ] GC(355)   Other: 22.7ms
[2026-01-16T08:43:32.436+0000][gc,heap     ] GC(355) Eden regions: 46->0(46)
[2026-01-16T08:43:32.437+0000][gc,heap     ] GC(355) Survivor regions: 5->5(7)
[2026-01-16T08:43:32.439+0000][gc,heap     ] GC(355) Old regions: 95->96
[2026-01-16T08:43:32.442+0000][gc,heap     ] GC(355) Humongous regions: 47->47
[2026-01-16T08:43:32.444+0000][gc,metaspace] GC(355) Metaspace: 12122K(12480K)->12122K(12480K) NonClass: 11044K(11200K)->11044K(11200K) Class: 1078K(1280K)->1078K(1280K)
[2026-01-16T08:43:32.445+0000][gc          ] GC(355) Pause Young (Normal) (G1 Evacuation Pause) 191M->146M(1024M) 3916.450ms
[2026-01-16T08:43:32.446+0000][gc,cpu      ] GC(355) User=1.28s Sys=0.19s Real=3.92s
[2026-01-16T08:43:36.238+0000][gc,start    ] GC(356) Pause Young (Normal) (G1 Evacuation Pause)
[2026-01-16T08:43:36.251+0000][gc,task     ] GC(356) Using 8 workers of 8 for evacuation
[2026-01-16T08:43:37.321+0000][gc,mmu      ] GC(356) MMU target violated: 201.0ms (200.0ms/201.0ms)
[2026-01-16T08:43:37.323+0000][gc,phases   ] GC(356)   Pre Evacuate Collection Set: 58.8ms
[2026-01-16T08:43:37.329+0000][gc,phases   ] GC(356)   Merge Heap Roots: 12.2ms
[2026-01-16T08:43:37.330+0000][gc,phases   ] GC(356)   Evacuate Collection Set: 959.0ms
[2026-01-16T08:43:37.331+0000][gc,phases   ] GC(356)   Post Evacuate Collection Set: 21.8ms
[2026-01-16T08:43:37.349+0000][gc,phases   ] GC(356)   Other: 21.8ms
[2026-01-16T08:43:37.359+0000][gc,heap     ] GC(356) Eden regions: 46->0(47)
[2026-01-16T08:43:37.360+0000][gc,heap     ] GC(356) Survivor regions: 5->4(7)
[2026-01-16T08:43:37.360+0000][gc,heap     ] GC(356) Old regions: 96->97
[2026-01-16T08:43:37.360+0000][gc,heap     ] GC(356) Humongous regions: 47->47
[2026-01-16T08:43:37.361+0000][gc,metaspace] GC(356) Metaspace: 12122K(12480K)->12122K(12480K) NonClass: 11044K(11200K)->11044K(11200K) Class: 1078K(1280K)->1078K(1280K)
[2026-01-16T08:43:37.361+0000][gc          ] GC(356) Pause Young (Normal) (G1 Evacuation Pause) 192M->146M(1024M) 1123.671ms
[2026-01-16T08:43:37.361+0000][gc,cpu      ] GC(356) User=0.47s Sys=0.04s Real=1.12s
[2026-01-16T08:43:46.346+0000][gc,start    ] GC(357) Pause Young (Normal) (G1 Evacuation Pause)
[2026-01-16T08:43:46.352+0000][gc,task     ] GC(357) Using 8 workers of 8 for evacuation
[2026-01-16T08:43:47.064+0000][gc,mmu      ] GC(357) MMU target violated: 201.0ms (200.0ms/201.0ms)
[2026-01-16T08:43:47.076+0000][gc,phases   ] GC(357)   Pre Evacuate Collection Set: 71.3ms
[2026-01-16T08:43:47.077+0000][gc,phases   ] GC(357)   Merge Heap Roots: 10.1ms
[2026-01-16T08:43:47.080+0000][gc,phases   ] GC(357)   Evacuate Collection Set: 606.2ms
[2026-01-16T08:43:47.081+0000][gc,phases   ] GC(357)   Post Evacuate Collection Set: 14.3ms
[2026-01-16T08:43:47.085+0000][gc,phases   ] GC(357)   Other: 25.7ms
[2026-01-16T08:43:47.088+0000][gc,heap     ] GC(357) Eden regions: 47->0(47)
[2026-01-16T08:43:47.089+0000][gc,heap     ] GC(357) Survivor regions: 4->4(7)
[2026-01-16T08:43:47.090+0000][gc,heap     ] GC(357) Old regions: 97->97
[2026-01-16T08:43:47.091+0000][gc,heap     ] GC(357) Humongous regions: 47->47
[2026-01-16T08:43:47.093+0000][gc,metaspace] GC(357) Metaspace: 12122K(12480K)->12122K(12480K) NonClass: 11044K(11200K)->11044K(11200K) Class: 1078K(1280K)->1078K(1280K)
[2026-01-16T08:43:47.103+0000][gc          ] GC(357) Pause Young (Normal) (G1 Evacuation Pause) 193M->147M(1024M) 756.244ms
[2026-01-16T08:43:47.105+0000][gc,cpu      ] GC(357) User=0.39s Sys=0.07s Real=0.76s
[2026-01-16T08:43:52.599+0000][gc,start    ] GC(358) Pause Young (Normal) (G1 Evacuation Pause)
[2026-01-16T08:43:52.627+0000][gc,task     ] GC(358) Using 8 workers of 8 for evacuation
[2026-01-16T08:43:53.297+0000][gc,mmu      ] GC(358) MMU target violated: 201.0ms (200.0ms/201.0ms)
[2026-01-16T08:43:53.304+0000][gc,phases   ] GC(358)   Pre Evacuate Collection Set: 45.1ms
[2026-01-16T08:43:53.306+0000][gc,phases   ] GC(358)   Merge Heap Roots: 21.1ms
[2026-01-16T08:43:53.311+0000][gc,phases   ] GC(358)   Evacuate Collection Set: 573.0ms
[2026-01-16T08:43:53.314+0000][gc,phases   ] GC(358)   Post Evacuate Collection Set: 29.7ms
[2026-01-16T08:43:53.317+0000][gc,phases   ] GC(358)   Other: 24.8ms
[2026-01-16T08:43:53.320+0000][gc,heap     ] GC(358) Eden regions: 47->0(47)
[2026-01-16T08:43:53.321+0000][gc,heap     ] GC(358) Survivor regions: 4->4(7)
[2026-01-16T08:43:53.321+0000][gc,heap     ] GC(358) Old regions: 97->98
[2026-01-16T08:43:53.322+0000][gc,heap     ] GC(358) Humongous regions: 47->47
[2026-01-16T08:43:53.323+0000][gc,metaspace] GC(358) Metaspace: 12122K(12480K)->12122K(12480K) NonClass: 11044K(11200K)->11044K(11200K) Class: 1078K(1280K)->1078K(1280K)
[2026-01-16T08:43:53.325+0000][gc          ] GC(358) Pause Young (Normal) (G1 Evacuation Pause) 194M->148M(1024M) 725.349ms
[2026-01-16T08:43:53.329+0000][gc,cpu      ] GC(358) User=0.37s Sys=0.05s Real=0.72s
[2026-01-16T08:43:56.303+0000][gc,start    ] GC(359) Pause Young (Normal) (G1 Evacuation Pause)
[2026-01-16T08:43:56.402+0000][gc,task     ] GC(359) Using 8 workers of 8 for evacuation
[2026-01-16T08:43:57.289+0000][gc,mmu      ] GC(359) MMU target violated: 201.0ms (200.0ms/201.0ms)
[2026-01-16T08:43:57.290+0000][gc,phases   ] GC(359)   Pre Evacuate Collection Set: 46.1ms
[2026-01-16T08:43:57.291+0000][gc,phases   ] GC(359)   Merge Heap Roots: 10.2ms
[2026-01-16T08:43:57.291+0000][gc,phases   ] GC(359)   Evacuate Collection Set: 755.4ms
[2026-01-16T08:43:57.291+0000][gc,phases   ] GC(359)   Post Evacuate Collection Set: 55.2ms
[2026-01-16T08:43:57.291+0000][gc,phases   ] GC(359)   Other: 95.9ms
[2026-01-16T08:43:57.292+0000][gc,heap     ] GC(359) Eden regions: 47->0(46)
[2026-01-16T08:43:57.292+0000][gc,heap     ] GC(359) Survivor regions: 4->5(7)
[2026-01-16T08:43:57.293+0000][gc,heap     ] GC(359) Old regions: 98->98
[2026-01-16T08:43:57.293+0000][gc,heap     ] GC(359) Humongous regions: 47->47
[2026-01-16T08:43:57.294+0000][gc,metaspace] GC(359) Metaspace: 12123K(12480K)->12123K(12480K) NonClass: 11044K(11200K)->11044K(11200K) Class: 1078K(1280K)->1078K(1280K)
[2026-01-16T08:43:57.295+0000][gc          ] GC(359) Pause Young (Normal) (G1 Evacuation Pause) 195M->148M(1024M) 991.377ms
[2026-01-16T08:43:57.295+0000][gc,cpu      ] GC(359) User=0.42s Sys=0.05s Real=1.01s
[2026-01-16T08:44:03.269+0000][gc,start    ] GC(360) Pause Young (Normal) (G1 Evacuation Pause)
[2026-01-16T08:44:03.303+0000][gc,task     ] GC(360) Using 8 workers of 8 for evacuation
[2026-01-16T08:44:05.491+0000][gc,mmu      ] GC(360) MMU target violated: 201.0ms (200.0ms/201.0ms)
[2026-01-16T08:44:05.523+0000][gc,phases   ] GC(360)   Pre Evacuate Collection Set: 324.4ms
[2026-01-16T08:44:05.525+0000][gc,phases   ] GC(360)   Merge Heap Roots: 77.6ms
[2026-01-16T08:44:05.526+0000][gc,phases   ] GC(360)   Evacuate Collection Set: 1554.9ms
[2026-01-16T08:44:05.527+0000][gc,phases   ] GC(360)   Post Evacuate Collection Set: 218.7ms
[2026-01-16T08:44:05.530+0000][gc,phases   ] GC(360)   Other: 54.3ms
[2026-01-16T08:44:05.533+0000][gc,heap     ] GC(360) Eden regions: 46->0(47)
[2026-01-16T08:44:05.536+0000][gc,heap     ] GC(360) Survivor regions: 5->4(7)
[2026-01-16T08:44:05.540+0000][gc,heap     ] GC(360) Old regions: 98->99
[2026-01-16T08:44:05.545+0000][gc,heap     ] GC(360) Humongous regions: 47->47
[2026-01-16T08:44:05.545+0000][gc,metaspace] GC(360) Metaspace: 12123K(12480K)->12123K(12480K) NonClass: 11044K(11200K)->11044K(11200K) Class: 1078K(1280K)->1078K(1280K)
[2026-01-16T08:44:05.548+0000][gc          ] GC(360) Pause Young (Normal) (G1 Evacuation Pause) 194M->149M(1024M) 2278.742ms
[2026-01-16T08:44:05.548+0000][gc,cpu      ] GC(360) User=0.64s Sys=0.12s Real=2.28s
[2026-01-16T08:44:09.199+0000][gc,start    ] GC(361) Pause Young (Normal) (G1 Evacuation Pause)
[2026-01-16T08:44:09.205+0000][gc,task     ] GC(361) Using 8 workers of 8 for evacuation
[2026-01-16T08:44:09.927+0000][gc,mmu      ] GC(361) MMU target violated: 201.0ms (200.0ms/201.0ms)
[2026-01-16T08:44:09.927+0000][gc,phases   ] GC(361)   Pre Evacuate Collection Set: 47.7ms
[2026-01-16T08:44:09.927+0000][gc,phases   ] GC(361)   Merge Heap Roots: 16.1ms
[2026-01-16T08:44:09.929+0000][gc,phases   ] GC(361)   Evacuate Collection Set: 599.8ms
[2026-01-16T08:44:09.929+0000][gc,phases   ] GC(361)   Post Evacuate Collection Set: 57.7ms
[2026-01-16T08:44:09.931+0000][gc,phases   ] GC(361)   Other: 1.3ms
[2026-01-16T08:44:09.932+0000][gc,heap     ] GC(361) Eden regions: 47->0(46)
[2026-01-16T08:44:09.932+0000][gc,heap     ] GC(361) Survivor regions: 4->5(7)
[2026-01-16T08:44:09.932+0000][gc,heap     ] GC(361) Old regions: 99->100
[2026-01-16T08:44:09.932+0000][gc,heap     ] GC(361) Humongous regions: 47->47
[2026-01-16T08:44:09.932+0000][gc,metaspace] GC(361) Metaspace: 12130K(12480K)->12130K(12480K) NonClass: 11052K(11200K)->11052K(11200K) Class: 1078K(1280K)->1078K(1280K)
[2026-01-16T08:44:09.935+0000][gc          ] GC(361) Pause Young (Normal) (G1 Evacuation Pause) 196M->150M(1024M) 735.592ms
[2026-01-16T08:44:09.937+0000][gc,cpu      ] GC(361) User=0.36s Sys=0.06s Real=0.73s
[2026-01-16T08:44:15.865+0000][gc,start    ] GC(362) Pause Young (Normal) (G1 Evacuation Pause)
[2026-01-16T08:44:15.902+0000][gc,task     ] GC(362) Using 8 workers of 8 for evacuation
[2026-01-16T08:44:17.643+0000][gc,mmu      ] GC(362) MMU target violated: 201.0ms (200.0ms/201.0ms)
[2026-01-16T08:44:17.648+0000][gc,phases   ] GC(362)   Pre Evacuate Collection Set: 139.6ms
[2026-01-16T08:44:17.648+0000][gc,phases   ] GC(362)   Merge Heap Roots: 21.8ms
[2026-01-16T08:44:17.649+0000][gc,phases   ] GC(362)   Evacuate Collection Set: 1376.7ms
[2026-01-16T08:44:17.649+0000][gc,phases   ] GC(362)   Post Evacuate Collection Set: 186.8ms
[2026-01-16T08:44:17.651+0000][gc,phases   ] GC(362)   Other: 24.7ms
[2026-01-16T08:44:17.663+0000][gc,heap     ] GC(362) Eden regions: 46->0(46)
[2026-01-16T08:44:17.663+0000][gc,heap     ] GC(362) Survivor regions: 5->5(7)
[2026-01-16T08:44:17.668+0000][gc,heap     ] GC(362) Old regions: 100->100
[2026-01-16T08:44:17.668+0000][gc,heap     ] GC(362) Humongous regions: 47->47
[2026-01-16T08:44:17.668+0000][gc,metaspace] GC(362) Metaspace: 12130K(12480K)->12130K(12480K) NonClass: 11052K(11200K)->11052K(11200K) Class: 1078K(1280K)->1078K(1280K)
[2026-01-16T08:44:17.669+0000][gc          ] GC(362) Pause Young (Normal) (G1 Evacuation Pause) 196M->151M(1024M) 1812.400ms
[2026-01-16T08:44:17.669+0000][gc,cpu      ] GC(362) User=0.64s Sys=0.08s Real=1.82s
[2026-01-16T08:44:22.733+0000][gc,start    ] GC(363) Pause Young (Normal) (G1 Evacuation Pause)
[2026-01-16T08:44:22.762+0000][gc,task     ] GC(363) Using 8 workers of 8 for evacuation
[2026-01-16T08:44:23.956+0000][gc,mmu      ] GC(363) MMU target violated: 201.0ms (200.0ms/201.0ms)
[2026-01-16T08:44:23.960+0000][gc,phases   ] GC(363)   Pre Evacuate Collection Set: 196.4ms
[2026-01-16T08:44:23.961+0000][gc,phases   ] GC(363)   Merge Heap Roots: 81.4ms
[2026-01-16T08:44:23.964+0000][gc,phases   ] GC(363)   Evacuate Collection Set: 791.3ms
[2026-01-16T08:44:23.967+0000][gc,phases   ] GC(363)   Post Evacuate Collection Set: 118.6ms
[2026-01-16T08:44:23.968+0000][gc,phases   ] GC(363)   Other: 10.1ms
[2026-01-16T08:44:23.972+0000][gc,heap     ] GC(363) Eden regions: 46->0(47)
[2026-01-16T08:44:23.973+0000][gc,heap     ] GC(363) Survivor regions: 5->4(7)
[2026-01-16T08:44:23.974+0000][gc,heap     ] GC(363) Old regions: 100->101
[2026-01-16T08:44:23.977+0000][gc,heap     ] GC(363) Humongous regions: 47->47
[2026-01-16T08:44:23.981+0000][gc,metaspace] GC(363) Metaspace: 12130K(12480K)->12130K(12480K) NonClass: 11052K(11200K)->11052K(11200K) Class: 1078K(1280K)->1078K(1280K)
[2026-01-16T08:44:23.984+0000][gc          ] GC(363) Pause Young (Normal) (G1 Evacuation Pause) 197M->151M(1024M) 1250.415ms
[2026-01-16T08:44:23.985+0000][gc,cpu      ] GC(363) User=0.63s Sys=0.06s Real=1.28s
[2026-01-16T08:44:28.507+0000][gc,start    ] GC(364) Pause Young (Normal) (G1 Evacuation Pause)
[2026-01-16T08:44:28.582+0000][gc,task     ] GC(364) Using 8 workers of 8 for evacuation
[2026-01-16T08:44:32.309+0000][gc,mmu      ] GC(364) MMU target violated: 201.0ms (200.0ms/201.0ms)
[2026-01-16T08:44:32.313+0000][gc,phases   ] GC(364)   Pre Evacuate Collection Set: 206.1ms
[2026-01-16T08:44:32.323+0000][gc,phases   ] GC(364)   Merge Heap Roots: 20.6ms
[2026-01-16T08:44:32.323+0000][gc,phases   ] GC(364)   Evacuate Collection Set: 3051.1ms
[2026-01-16T08:44:32.324+0000][gc,phases   ] GC(364)   Post Evacuate Collection Set: 400.1ms
[2026-01-16T08:44:32.331+0000][gc,phases   ] GC(364)   Other: 79.4ms
[2026-01-16T08:44:32.343+0000][gc,heap     ] GC(364) Eden regions: 47->0(46)
[2026-01-16T08:44:32.344+0000][gc,heap     ] GC(364) Survivor regions: 4->5(7)
[2026-01-16T08:44:32.344+0000][gc,heap     ] GC(364) Old regions: 101->101
[2026-01-16T08:44:32.347+0000][gc,heap     ] GC(364) Humongous regions: 47->47
[2026-01-16T08:44:32.350+0000][gc,metaspace] GC(364) Metaspace: 12130K(12480K)->12130K(12480K) NonClass: 11052K(11200K)->11052K(11200K) Class: 1078K(1280K)->1078K(1280K)
[2026-01-16T08:44:32.437+0000][gc          ] GC(364) Pause Young (Normal) (G1 Evacuation Pause) 198M->152M(1024M) 3929.527ms
[2026-01-16T08:44:32.442+0000][gc,cpu      ] GC(364) User=1.18s Sys=0.15s Real=3.94s
[2026-01-16T08:44:36.793+0000][gc,start    ] GC(365) Pause Young (Normal) (G1 Evacuation Pause)
[2026-01-16T08:44:36.808+0000][gc,task     ] GC(365) Using 8 workers of 8 for evacuation
[2026-01-16T08:44:37.960+0000][gc,mmu      ] GC(365) MMU target violated: 201.0ms (200.0ms/201.0ms)
[2026-01-16T08:44:37.969+0000][gc,phases   ] GC(365)   Pre Evacuate Collection Set: 118.5ms
[2026-01-16T08:44:37.969+0000][gc,phases   ] GC(365)   Merge Heap Roots: 20.5ms
[2026-01-16T08:44:37.970+0000][gc,phases   ] GC(365)   Evacuate Collection Set: 905.8ms
[2026-01-16T08:44:37.970+0000][gc,phases   ] GC(365)   Post Evacuate Collection Set: 110.2ms
[2026-01-16T08:44:37.971+0000][gc,phases   ] GC(365)   Other: 10.0ms
[2026-01-16T08:44:37.988+0000][gc,heap     ] GC(365) Eden regions: 46->0(47)
[2026-01-16T08:44:37.990+0000][gc,heap     ] GC(365) Survivor regions: 5->4(7)
[2026-01-16T08:44:37.990+0000][gc,heap     ] GC(365) Old regions: 101->102
[2026-01-16T08:44:37.991+0000][gc,heap     ] GC(365) Humongous regions: 47->47
[2026-01-16T08:44:37.991+0000][gc,metaspace] GC(365) Metaspace: 12130K(12480K)->12130K(12480K) NonClass: 11052K(11200K)->11052K(11200K) Class: 1078K(1280K)->1078K(1280K)
[2026-01-16T08:44:37.991+0000][gc          ] GC(365) Pause Young (Normal) (G1 Evacuation Pause) 198M->152M(1024M) 1201.939ms
[2026-01-16T08:44:37.993+0000][gc,cpu      ] GC(365) User=0.47s Sys=0.03s Real=1.20s
[2026-01-16T08:44:41.298+0000][gc,start    ] GC(366) Pause Young (Normal) (G1 Evacuation Pause)
[2026-01-16T08:44:41.301+0000][gc,task     ] GC(366) Using 8 workers of 8 for evacuation
[2026-01-16T08:44:42.144+0000][gc,mmu      ] GC(366) MMU target violated: 201.0ms (200.0ms/201.0ms)
[2026-01-16T08:44:42.147+0000][gc,phases   ] GC(366)   Pre Evacuate Collection Set: 37.4ms
[2026-01-16T08:44:42.161+0000][gc,phases   ] GC(366)   Merge Heap Roots: 1.6ms
[2026-01-16T08:44:42.168+0000][gc,phases   ] GC(366)   Evacuate Collection Set: 778.2ms
[2026-01-16T08:44:42.172+0000][gc,phases   ] GC(366)   Post Evacuate Collection Set: 25.2ms
[2026-01-16T08:44:42.177+0000][gc,phases   ] GC(366)   Other: 4.3ms
[2026-01-16T08:44:42.203+0000][gc,heap     ] GC(366) Eden regions: 47->0(47)
[2026-01-16T08:44:42.204+0000][gc,heap     ] GC(366) Survivor regions: 4->4(7)
[2026-01-16T08:44:42.205+0000][gc,heap     ] GC(366) Old regions: 102->103
[2026-01-16T08:44:42.218+0000][gc,heap     ] GC(366) Humongous regions: 47->47
[2026-01-16T08:44:42.219+0000][gc,metaspace] GC(366) Metaspace: 12130K(12480K)->12130K(12480K) NonClass: 11052K(11200K)->11052K(11200K) Class: 1078K(1280K)->1078K(1280K)
[2026-01-16T08:44:42.226+0000][gc          ] GC(366) Pause Young (Normal) (G1 Evacuation Pause) 199M->153M(1024M) 927.417ms
[2026-01-16T08:44:42.252+0000][gc,cpu      ] GC(366) User=0.48s Sys=0.06s Real=0.95s
[2026-01-16T08:44:49.144+0000][gc,start    ] GC(367) Pause Young (Normal) (G1 Evacuation Pause)
[2026-01-16T08:44:49.153+0000][gc,task     ] GC(367) Using 8 workers of 8 for evacuation
[2026-01-16T08:44:51.392+0000][gc,mmu      ] GC(367) MMU target violated: 201.0ms (200.0ms/201.0ms)
[2026-01-16T08:44:51.435+0000][gc,phases   ] GC(367)   Pre Evacuate Collection Set: 71.5ms
[2026-01-16T08:44:51.444+0000][gc,phases   ] GC(367)   Merge Heap Roots: 2.5ms
[2026-01-16T08:44:51.450+0000][gc,phases   ] GC(367)   Evacuate Collection Set: 1634.9ms
[2026-01-16T08:44:51.451+0000][gc,phases   ] GC(367)   Post Evacuate Collection Set: 515.7ms
[2026-01-16T08:44:51.452+0000][gc,phases   ] GC(367)   Other: 58.2ms
[2026-01-16T08:44:51.459+0000][gc,heap     ] GC(367) Eden regions: 47->0(47)
[2026-01-16T08:44:51.460+0000][gc,heap     ] GC(367) Survivor regions: 4->4(7)
[2026-01-16T08:44:51.480+0000][gc,heap     ] GC(367) Old regions: 103->104
[2026-01-16T08:44:51.487+0000][gc,heap     ] GC(367) Humongous regions: 47->47
[2026-01-16T08:44:51.490+0000][gc,metaspace] GC(367) Metaspace: 12130K(12480K)->12130K(12480K) NonClass: 11052K(11200K)->11052K(11200K) Class: 1078K(1280K)->1078K(1280K)
[2026-01-16T08:44:51.496+0000][gc          ] GC(367) Pause Young (Normal) (G1 Evacuation Pause) 200M->153M(1024M) 2364.202ms
[2026-01-16T08:44:51.516+0000][gc,cpu      ] GC(367) User=0.99s Sys=0.21s Real=2.38s
[2026-01-16T08:44:56.168+0000][gc,start    ] GC(368) Pause Young (Normal) (G1 Evacuation Pause)
[2026-01-16T08:44:56.192+0000][gc,task     ] GC(368) Using 8 workers of 8 for evacuation
[2026-01-16T08:44:57.989+0000][gc,mmu      ] GC(368) MMU target violated: 201.0ms (200.0ms/201.0ms)
[2026-01-16T08:44:58.014+0000][gc,phases   ] GC(368)   Pre Evacuate Collection Set: 72.9ms
[2026-01-16T08:44:58.018+0000][gc,phases   ] GC(368)   Merge Heap Roots: 3.0ms
[2026-01-16T08:44:58.018+0000][gc,phases   ] GC(368)   Evacuate Collection Set: 1502.1ms
[2026-01-16T08:44:58.020+0000][gc,phases   ] GC(368)   Post Evacuate Collection Set: 199.4ms
[2026-01-16T08:44:58.021+0000][gc,phases   ] GC(368)   Other: 53.4ms
[2026-01-16T08:44:58.021+0000][gc,heap     ] GC(368) Eden regions: 47->0(47)
[2026-01-16T08:44:58.023+0000][gc,heap     ] GC(368) Survivor regions: 4->4(7)
[2026-01-16T08:44:58.025+0000][gc,heap     ] GC(368) Old regions: 104->104
[2026-01-16T08:44:58.028+0000][gc,heap     ] GC(368) Humongous regions: 47->47
[2026-01-16T08:44:58.033+0000][gc,metaspace] GC(368) Metaspace: 12130K(12480K)->12130K(12480K) NonClass: 11052K(11200K)->11052K(11200K) Class: 1078K(1280K)->1078K(1280K)
[2026-01-16T08:44:58.042+0000][gc          ] GC(368) Pause Young (Normal) (G1 Evacuation Pause) 200M->154M(1024M) 1873.837ms
[2026-01-16T08:44:58.085+0000][gc,cpu      ] GC(368) User=0.86s Sys=0.14s Real=1.90s
[2026-01-16T08:45:05.295+0000][gc,start    ] GC(369) Pause Young (Normal) (G1 Evacuation Pause)
[2026-01-16T08:45:05.300+0000][gc,task     ] GC(369) Using 8 workers of 8 for evacuation
[2026-01-16T08:45:07.497+0000][gc,mmu      ] GC(369) MMU target violated: 201.0ms (200.0ms/201.0ms)
[2026-01-16T08:45:07.510+0000][gc,phases   ] GC(369)   Pre Evacuate Collection Set: 358.2ms
[2026-01-16T08:45:07.515+0000][gc,phases   ] GC(369)   Merge Heap Roots: 32.8ms
[2026-01-16T08:45:07.516+0000][gc,phases   ] GC(369)   Evacuate Collection Set: 1455.9ms
[2026-01-16T08:45:07.519+0000][gc,phases   ] GC(369)   Post Evacuate Collection Set: 202.1ms
[2026-01-16T08:45:07.523+0000][gc,phases   ] GC(369)   Other: 161.4ms
[2026-01-16T08:45:07.531+0000][gc,heap     ] GC(369) Eden regions: 47->0(46)
[2026-01-16T08:45:07.534+0000][gc,heap     ] GC(369) Survivor regions: 4->5(7)
[2026-01-16T08:45:07.540+0000][gc,heap     ] GC(369) Old regions: 104->105
[2026-01-16T08:45:07.542+0000][gc,heap     ] GC(369) Humongous regions: 47->47
[2026-01-16T08:45:07.551+0000][gc,metaspace] GC(369) Metaspace: 12130K(12480K)->12130K(12480K) NonClass: 11052K(11200K)->11052K(11200K) Class: 1078K(1280K)->1078K(1280K)
[2026-01-16T08:45:07.553+0000][gc          ] GC(369) Pause Young (Normal) (G1 Evacuation Pause) 201M->155M(1024M) 2258.300ms
[2026-01-16T08:45:07.555+0000][gc,cpu      ] GC(369) User=0.81s Sys=0.10s Real=2.29s
[2026-01-16T08:45:10.656+0000][gc,start    ] GC(370) Pause Young (Normal) (G1 Evacuation Pause)
[2026-01-16T08:45:10.671+0000][gc,task     ] GC(370) Using 8 workers of 8 for evacuation
[2026-01-16T08:45:11.918+0000][gc,mmu      ] GC(370) MMU target violated: 201.0ms (200.0ms/201.0ms)
[2026-01-16T08:45:11.919+0000][gc,phases   ] GC(370)   Pre Evacuate Collection Set: 94.7ms
[2026-01-16T08:45:11.919+0000][gc,phases   ] GC(370)   Merge Heap Roots: 6.5ms
[2026-01-16T08:45:11.919+0000][gc,phases   ] GC(370)   Evacuate Collection Set: 1088.7ms
[2026-01-16T08:45:11.919+0000][gc,phases   ] GC(370)   Post Evacuate Collection Set: 38.0ms
[2026-01-16T08:45:11.920+0000][gc,phases   ] GC(370)   Other: 20.5ms
[2026-01-16T08:45:11.920+0000][gc,heap     ] GC(370) Eden regions: 46->0(46)
[2026-01-16T08:45:11.920+0000][gc,heap     ] GC(370) Survivor regions: 5->5(7)
[2026-01-16T08:45:11.921+0000][gc,heap     ] GC(370) Old regions: 105->105
[2026-01-16T08:45:11.921+0000][gc,heap     ] GC(370) Humongous regions: 47->47
[2026-01-16T08:45:11.922+0000][gc,metaspace] GC(370) Metaspace: 12132K(12480K)->12132K(12480K) NonClass: 11054K(11200K)->11054K(11200K) Class: 1078K(1280K)->1078K(1280K)
[2026-01-16T08:45:11.923+0000][gc          ] GC(370) Pause Young (Normal) (G1 Evacuation Pause) 201M->156M(1024M) 1267.295ms
[2026-01-16T08:45:11.924+0000][gc,cpu      ] GC(370) User=0.45s Sys=0.08s Real=1.26s
[2026-01-16T08:45:15.644+0000][gc,start    ] GC(371) Pause Young (Normal) (G1 Evacuation Pause)
[2026-01-16T08:45:15.728+0000][gc,task     ] GC(371) Using 8 workers of 8 for evacuation
[2026-01-16T08:45:17.332+0000][gc,mmu      ] GC(371) MMU target violated: 201.0ms (200.0ms/201.0ms)
[2026-01-16T08:45:17.347+0000][gc,phases   ] GC(371)   Pre Evacuate Collection Set: 36.5ms
[2026-01-16T08:45:17.354+0000][gc,phases   ] GC(371)   Merge Heap Roots: 0.3ms
[2026-01-16T08:45:17.362+0000][gc,phases   ] GC(371)   Evacuate Collection Set: 1263.6ms
[2026-01-16T08:45:17.366+0000][gc,phases   ] GC(371)   Post Evacuate Collection Set: 290.2ms
[2026-01-16T08:45:17.370+0000][gc,phases   ] GC(371)   Other: 29.4ms
[2026-01-16T08:45:17.381+0000][gc,heap     ] GC(371) Eden regions: 46->0(46)
[2026-01-16T08:45:17.384+0000][gc,heap     ] GC(371) Survivor regions: 5->5(7)
[2026-01-16T08:45:17.386+0000][gc,heap     ] GC(371) Old regions: 105->106
[2026-01-16T08:45:17.386+0000][gc,heap     ] GC(371) Humongous regions: 47->47
[2026-01-16T08:45:17.386+0000][gc,metaspace] GC(371) Metaspace: 12135K(12480K)->12135K(12480K) NonClass: 11056K(11200K)->11056K(11200K) Class: 1078K(1280K)->1078K(1280K)
[2026-01-16T08:45:17.402+0000][gc          ] GC(371) Pause Young (Normal) (G1 Evacuation Pause) 202M->156M(1024M) 1758.175ms
[2026-01-16T08:45:17.419+0000][gc,cpu      ] GC(371) User=0.91s Sys=0.18s Real=1.78s
[2026-01-16T08:45:20.628+0000][gc,start    ] GC(372) Pause Young (Normal) (G1 Evacuation Pause)
[2026-01-16T08:45:20.649+0000][gc,task     ] GC(372) Using 8 workers of 8 for evacuation
[2026-01-16T08:45:21.699+0000][gc,mmu      ] GC(372) MMU target violated: 201.0ms (200.0ms/201.0ms)
[2026-01-16T08:45:21.702+0000][gc,phases   ] GC(372)   Pre Evacuate Collection Set: 83.9ms
[2026-01-16T08:45:21.702+0000][gc,phases   ] GC(372)   Merge Heap Roots: 4.0ms
[2026-01-16T08:45:21.705+0000][gc,phases   ] GC(372)   Evacuate Collection Set: 866.2ms
[2026-01-16T08:45:21.706+0000][gc,phases   ] GC(372)   Post Evacuate Collection Set: 91.2ms
[2026-01-16T08:45:21.711+0000][gc,phases   ] GC(372)   Other: 7.4ms
[2026-01-16T08:45:21.713+0000][gc,heap     ] GC(372) Eden regions: 46->0(46)
[2026-01-16T08:45:21.713+0000][gc,heap     ] GC(372) Survivor regions: 5->5(7)
[2026-01-16T08:45:21.714+0000][gc,heap     ] GC(372) Old regions: 106->107
[2026-01-16T08:45:21.715+0000][gc,heap     ] GC(372) Humongous regions: 47->47
[2026-01-16T08:45:21.716+0000][gc,metaspace] GC(372) Metaspace: 12135K(12480K)->12135K(12480K) NonClass: 11056K(11200K)->11056K(11200K) Class: 1078K(1280K)->1078K(1280K)
[2026-01-16T08:45:21.718+0000][gc          ] GC(372) Pause Young (Normal) (G1 Evacuation Pause) 202M->157M(1024M) 1090.327ms
[2026-01-16T08:45:21.719+0000][gc,cpu      ] GC(372) User=0.49s Sys=0.05s Real=1.12s
[2026-01-16T08:45:26.542+0000][gc,start    ] GC(373) Pause Young (Normal) (G1 Evacuation Pause)
[2026-01-16T08:45:26.566+0000][gc,task     ] GC(373) Using 8 workers of 8 for evacuation
[2026-01-16T08:45:27.920+0000][gc,mmu      ] GC(373) MMU target violated: 201.0ms (200.0ms/201.0ms)
[2026-01-16T08:45:27.925+0000][gc,phases   ] GC(373)   Pre Evacuate Collection Set: 137.3ms
[2026-01-16T08:45:27.927+0000][gc,phases   ] GC(373)   Merge Heap Roots: 42.0ms
[2026-01-16T08:45:27.929+0000][gc,phases   ] GC(373)   Evacuate Collection Set: 1009.0ms
[2026-01-16T08:45:27.937+0000][gc,phases   ] GC(373)   Post Evacuate Collection Set: 158.4ms
[2026-01-16T08:45:27.939+0000][gc,phases   ] GC(373)   Other: 12.9ms
[2026-01-16T08:45:27.939+0000][gc,heap     ] GC(373) Eden regions: 46->0(47)
[2026-01-16T08:45:27.940+0000][gc,heap     ] GC(373) Survivor regions: 5->4(7)
[2026-01-16T08:45:27.940+0000][gc,heap     ] GC(373) Old regions: 107->107
[2026-01-16T08:45:27.940+0000][gc,heap     ] GC(373) Humongous regions: 47->47
[2026-01-16T08:45:27.941+0000][gc,metaspace] GC(373) Metaspace: 12135K(12480K)->12135K(12480K) NonClass: 11056K(11200K)->11056K(11200K) Class: 1078K(1280K)->1078K(1280K)
[2026-01-16T08:45:27.942+0000][gc          ] GC(373) Pause Young (Normal) (G1 Evacuation Pause) 203M->157M(1024M) 1399.415ms
[2026-01-16T08:45:27.942+0000][gc,cpu      ] GC(373) User=0.62s Sys=0.10s Real=1.40s
[2026-01-16T08:45:38.844+0000][gc,start    ] GC(374) Pause Young (Normal) (G1 Evacuation Pause)
[2026-01-16T08:45:38.874+0000][gc,task     ] GC(374) Using 8 workers of 8 for evacuation
[2026-01-16T08:45:40.732+0000][gc,mmu      ] GC(374) MMU target violated: 201.0ms (200.0ms/201.0ms)
[2026-01-16T08:45:40.737+0000][gc,phases   ] GC(374)   Pre Evacuate Collection Set: 102.9ms
[2026-01-16T08:45:40.740+0000][gc,phases   ] GC(374)   Merge Heap Roots: 28.0ms
[2026-01-16T08:45:40.740+0000][gc,phases   ] GC(374)   Evacuate Collection Set: 1465.5ms
[2026-01-16T08:45:40.740+0000][gc,phases   ] GC(374)   Post Evacuate Collection Set: 247.4ms
[2026-01-16T08:45:40.741+0000][gc,phases   ] GC(374)   Other: 25.1ms
[2026-01-16T08:45:40.741+0000][gc,heap     ] GC(374) Eden regions: 47->0(46)
[2026-01-16T08:45:40.745+0000][gc,heap     ] GC(374) Survivor regions: 4->5(7)
[2026-01-16T08:45:40.746+0000][gc,heap     ] GC(374) Old regions: 107->107
[2026-01-16T08:45:40.747+0000][gc,heap     ] GC(374) Humongous regions: 47->47
[2026-01-16T08:45:40.747+0000][gc,metaspace] GC(374) Metaspace: 12135K(12480K)->12135K(12480K) NonClass: 11056K(11200K)->11056K(11200K) Class: 1078K(1280K)->1078K(1280K)
[2026-01-16T08:45:40.756+0000][gc          ] GC(374) Pause Young (Normal) (G1 Evacuation Pause) 204M->158M(1024M) 1911.576ms
[2026-01-16T08:45:40.759+0000][gc,cpu      ] GC(374) User=1.06s Sys=0.10s Real=1.97s
[2026-01-16T08:45:50.514+0000][gc,start    ] GC(375) Pause Young (Normal) (G1 Evacuation Pause)
[2026-01-16T08:45:50.517+0000][gc,task     ] GC(375) Using 8 workers of 8 for evacuation
[2026-01-16T08:45:51.410+0000][gc,mmu      ] GC(375) MMU target violated: 201.0ms (200.0ms/201.0ms)
[2026-01-16T08:45:51.414+0000][gc,phases   ] GC(375)   Pre Evacuate Collection Set: 58.6ms
[2026-01-16T08:45:51.418+0000][gc,phases   ] GC(375)   Merge Heap Roots: 26.3ms
[2026-01-16T08:45:51.420+0000][gc,phases   ] GC(375)   Evacuate Collection Set: 774.1ms
[2026-01-16T08:45:51.420+0000][gc,phases   ] GC(375)   Post Evacuate Collection Set: 33.6ms
[2026-01-16T08:45:51.424+0000][gc,phases   ] GC(375)   Other: 4.5ms
[2026-01-16T08:45:51.424+0000][gc,heap     ] GC(375) Eden regions: 46->0(47)
[2026-01-16T08:45:51.426+0000][gc,heap     ] GC(375) Survivor regions: 5->4(7)
[2026-01-16T08:45:51.426+0000][gc,heap     ] GC(375) Old regions: 107->109
[2026-01-16T08:45:51.427+0000][gc,heap     ] GC(375) Humongous regions: 47->47
[2026-01-16T08:45:51.432+0000][gc,metaspace] GC(375) Metaspace: 12170K(12544K)->12170K(12544K) NonClass: 11091K(11264K)->11091K(11264K) Class: 1078K(1280K)->1078K(1280K)
[2026-01-16T08:45:51.435+0000][gc          ] GC(375) Pause Young (Normal) (G1 Evacuation Pause) 204M->158M(1024M) 920.501ms
[2026-01-16T08:45:51.442+0000][gc,cpu      ] GC(375) User=0.39s Sys=0.06s Real=0.94s
[2026-01-16T08:45:55.121+0000][gc,start    ] GC(376) Pause Young (Normal) (G1 Evacuation Pause)
[2026-01-16T08:45:55.143+0000][gc,task     ] GC(376) Using 8 workers of 8 for evacuation
[2026-01-16T08:45:55.848+0000][gc,mmu      ] GC(376) MMU target violated: 201.0ms (200.0ms/201.0ms)
[2026-01-16T08:45:55.849+0000][gc,phases   ] GC(376)   Pre Evacuate Collection Set: 67.2ms
[2026-01-16T08:45:55.849+0000][gc,phases   ] GC(376)   Merge Heap Roots: 3.1ms
[2026-01-16T08:45:55.850+0000][gc,phases   ] GC(376)   Evacuate Collection Set: 604.4ms
[2026-01-16T08:45:55.850+0000][gc,phases   ] GC(376)   Post Evacuate Collection Set: 28.1ms
[2026-01-16T08:45:55.851+0000][gc,phases   ] GC(376)   Other: 3.2ms
[2026-01-16T08:45:55.852+0000][gc,heap     ] GC(376) Eden regions: 47->0(46)
[2026-01-16T08:45:55.853+0000][gc,heap     ] GC(376) Survivor regions: 4->5(7)
[2026-01-16T08:45:55.853+0000][gc,heap     ] GC(376) Old regions: 109->109
[2026-01-16T08:45:55.854+0000][gc,heap     ] GC(376) Humongous regions: 47->47
[2026-01-16T08:45:55.855+0000][gc,metaspace] GC(376) Metaspace: 12173K(12544K)->12173K(12544K) NonClass: 11094K(11264K)->11094K(11264K) Class: 1078K(1280K)->1078K(1280K)
[2026-01-16T08:45:55.858+0000][gc          ] GC(376) Pause Young (Normal) (G1 Evacuation Pause) 205M->159M(1024M) 736.168ms
[2026-01-16T08:45:55.860+0000][gc,cpu      ] GC(376) User=0.27s Sys=0.02s Real=0.74s
[2026-01-16T08:45:59.380+0000][gc,start    ] GC(377) Pause Young (Normal) (G1 Evacuation Pause)
[2026-01-16T08:45:59.382+0000][gc,task     ] GC(377) Using 8 workers of 8 for evacuation
[2026-01-16T08:46:01.244+0000][gc,mmu      ] GC(377) MMU target violated: 201.0ms (200.0ms/201.0ms)
[2026-01-16T08:46:01.253+0000][gc,phases   ] GC(377)   Pre Evacuate Collection Set: 86.8ms
[2026-01-16T08:46:01.259+0000][gc,phases   ] GC(377)   Merge Heap Roots: 16.6ms
[2026-01-16T08:46:01.259+0000][gc,phases   ] GC(377)   Evacuate Collection Set: 1579.4ms
[2026-01-16T08:46:01.259+0000][gc,phases   ] GC(377)   Post Evacuate Collection Set: 179.0ms
[2026-01-16T08:46:01.259+0000][gc,phases   ] GC(377)   Other: 9.7ms
[2026-01-16T08:46:01.260+0000][gc,heap     ] GC(377) Eden regions: 46->0(46)
[2026-01-16T08:46:01.260+0000][gc,heap     ] GC(377) Survivor regions: 5->5(7)
[2026-01-16T08:46:01.260+0000][gc,heap     ] GC(377) Old regions: 109->110
[2026-01-16T08:46:01.260+0000][gc,heap     ] GC(377) Humongous regions: 47->47
[2026-01-16T08:46:01.260+0000][gc,metaspace] GC(377) Metaspace: 12173K(12544K)->12173K(12544K) NonClass: 11094K(11264K)->11094K(11264K) Class: 1078K(1280K)->1078K(1280K)
[2026-01-16T08:46:01.260+0000][gc          ] GC(377) Pause Young (Normal) (G1 Evacuation Pause) 205M->160M(1024M) 1880.429ms
[2026-01-16T08:46:01.261+0000][gc,cpu      ] GC(377) User=0.71s Sys=0.14s Real=1.88s
[2026-01-16T08:46:04.267+0000][gc,start    ] GC(378) Pause Young (Normal) (G1 Evacuation Pause)
[2026-01-16T08:46:04.279+0000][gc,task     ] GC(378) Using 8 workers of 8 for evacuation
[2026-01-16T08:46:04.670+0000][gc,mmu      ] GC(378) MMU target violated: 201.0ms (200.0ms/201.0ms)
[2026-01-16T08:46:04.670+0000][gc,phases   ] GC(378)   Pre Evacuate Collection Set: 80.5ms
[2026-01-16T08:46:04.671+0000][gc,phases   ] GC(378)   Merge Heap Roots: 0.5ms
[2026-01-16T08:46:04.673+0000][gc,phases   ] GC(378)   Evacuate Collection Set: 302.8ms
[2026-01-16T08:46:04.687+0000][gc,phases   ] GC(378)   Post Evacuate Collection Set: 6.8ms
[2026-01-16T08:46:04.702+0000][gc,phases   ] GC(378)   Other: 1.0ms
[2026-01-16T08:46:04.703+0000][gc,heap     ] GC(378) Eden regions: 46->0(46)
[2026-01-16T08:46:04.703+0000][gc,heap     ] GC(378) Survivor regions: 5->5(7)
[2026-01-16T08:46:04.703+0000][gc,heap     ] GC(378) Old regions: 110->111
[2026-01-16T08:46:04.706+0000][gc,heap     ] GC(378) Humongous regions: 47->47
[2026-01-16T08:46:04.706+0000][gc,metaspace] GC(378) Metaspace: 12173K(12544K)->12173K(12544K) NonClass: 11094K(11264K)->11094K(11264K) Class: 1078K(1280K)->1078K(1280K)
[2026-01-16T08:46:04.707+0000][gc          ] GC(378) Pause Young (Normal) (G1 Evacuation Pause) 206M->161M(1024M) 439.954ms
[2026-01-16T08:46:04.707+0000][gc,cpu      ] GC(378) User=0.10s Sys=0.02s Real=0.44s
[2026-01-16T08:46:06.738+0000][gc,start    ] GC(379) Pause Young (Normal) (G1 Evacuation Pause)
[2026-01-16T08:46:06.740+0000][gc,task     ] GC(379) Using 8 workers of 8 for evacuation
[2026-01-16T08:46:07.047+0000][gc,mmu      ] GC(379) MMU target violated: 201.0ms (200.0ms/201.0ms)
[2026-01-16T08:46:07.050+0000][gc,phases   ] GC(379)   Pre Evacuate Collection Set: 9.3ms
[2026-01-16T08:46:07.051+0000][gc,phases   ] GC(379)   Merge Heap Roots: 0.4ms
[2026-01-16T08:46:07.051+0000][gc,phases   ] GC(379)   Evacuate Collection Set: 284.2ms
[2026-01-16T08:46:07.052+0000][gc,phases   ] GC(379)   Post Evacuate Collection Set: 2.5ms
[2026-01-16T08:46:07.053+0000][gc,phases   ] GC(379)   Other: 12.7ms
[2026-01-16T08:46:07.054+0000][gc,heap     ] GC(379) Eden regions: 46->0(47)
[2026-01-16T08:46:07.055+0000][gc,heap     ] GC(379) Survivor regions: 5->4(7)
[2026-01-16T08:46:07.056+0000][gc,heap     ] GC(379) Old regions: 111->111
[2026-01-16T08:46:07.058+0000][gc,heap     ] GC(379) Humongous regions: 47->47
[2026-01-16T08:46:07.062+0000][gc,metaspace] GC(379) Metaspace: 12175K(12544K)->12175K(12544K) NonClass: 11097K(11264K)->11097K(11264K) Class: 1078K(1280K)->1078K(1280K)
[2026-01-16T08:46:07.064+0000][gc          ] GC(379) Pause Young (Normal) (G1 Evacuation Pause) 207M->161M(1024M) 325.779ms
[2026-01-16T08:46:07.065+0000][gc,cpu      ] GC(379) User=0.12s Sys=0.01s Real=0.32s
[2026-01-16T08:46:08.601+0000][gc,start    ] GC(380) Pause Young (Normal) (G1 Evacuation Pause)
[2026-01-16T08:46:08.601+0000][gc,task     ] GC(380) Using 8 workers of 8 for evacuation
[2026-01-16T08:46:08.919+0000][gc,mmu      ] GC(380) MMU target violated: 201.0ms (200.0ms/201.0ms)
[2026-01-16T08:46:08.920+0000][gc,phases   ] GC(380)   Pre Evacuate Collection Set: 1.9ms
[2026-01-16T08:46:08.920+0000][gc,phases   ] GC(380)   Merge Heap Roots: 3.7ms
[2026-01-16T08:46:08.921+0000][gc,phases   ] GC(380)   Evacuate Collection Set: 295.3ms
[2026-01-16T08:46:08.921+0000][gc,phases   ] GC(380)   Post Evacuate Collection Set: 15.4ms
[2026-01-16T08:46:08.921+0000][gc,phases   ] GC(380)   Other: 2.5ms
[2026-01-16T08:46:08.921+0000][gc,heap     ] GC(380) Eden regions: 47->0(46)
[2026-01-16T08:46:08.921+0000][gc,heap     ] GC(380) Survivor regions: 4->5(7)
[2026-01-16T08:46:08.921+0000][gc,heap     ] GC(380) Old regions: 111->112
[2026-01-16T08:46:08.921+0000][gc,heap     ] GC(380) Humongous regions: 47->47
[2026-01-16T08:46:08.923+0000][gc,metaspace] GC(380) Metaspace: 12179K(12608K)->12179K(12608K) NonClass: 11101K(11328K)->11101K(11328K) Class: 1078K(1280K)->1078K(1280K)
[2026-01-16T08:46:08.923+0000][gc          ] GC(380) Pause Young (Normal) (G1 Evacuation Pause) 208M->162M(1024M) 322.942ms
[2026-01-16T08:46:08.924+0000][gc,cpu      ] GC(380) User=0.11s Sys=0.01s Real=0.33s
[2026-01-16T08:46:10.372+0000][gc,start    ] GC(381) Pause Young (Normal) (G1 Evacuation Pause)
[2026-01-16T08:46:10.380+0000][gc,task     ] GC(381) Using 8 workers of 8 for evacuation
[2026-01-16T08:46:10.566+0000][gc,phases   ] GC(381)   Pre Evacuate Collection Set: 13.4ms
[2026-01-16T08:46:10.566+0000][gc,phases   ] GC(381)   Merge Heap Roots: 0.4ms
[2026-01-16T08:46:10.568+0000][gc,phases   ] GC(381)   Evacuate Collection Set: 150.3ms
[2026-01-16T08:46:10.569+0000][gc,phases   ] GC(381)   Post Evacuate Collection Set: 7.8ms
[2026-01-16T08:46:10.569+0000][gc,phases   ] GC(381)   Other: 14.4ms
[2026-01-16T08:46:10.569+0000][gc,heap     ] GC(381) Eden regions: 46->0(46)
[2026-01-16T08:46:10.570+0000][gc,heap     ] GC(381) Survivor regions: 5->5(7)
[2026-01-16T08:46:10.571+0000][gc,heap     ] GC(381) Old regions: 112->112
[2026-01-16T08:46:10.571+0000][gc,heap     ] GC(381) Humongous regions: 47->47
[2026-01-16T08:46:10.573+0000][gc,metaspace] GC(381) Metaspace: 12179K(12608K)->12179K(12608K) NonClass: 11101K(11328K)->11101K(11328K) Class: 1078K(1280K)->1078K(1280K)
[2026-01-16T08:46:10.575+0000][gc          ] GC(381) Pause Young (Normal) (G1 Evacuation Pause) 208M->162M(1024M) 203.235ms
[2026-01-16T08:46:10.575+0000][gc,cpu      ] GC(381) User=0.10s Sys=0.01s Real=0.20s
[2026-01-16T08:46:12.173+0000][gc,start    ] GC(382) Pause Young (Normal) (GCLocker Initiated GC)
[2026-01-16T08:46:12.176+0000][gc,task     ] GC(382) Using 8 workers of 8 for evacuation
[2026-01-16T08:46:12.332+0000][gc,phases   ] GC(382)   Pre Evacuate Collection Set: 8.0ms
[2026-01-16T08:46:12.332+0000][gc,phases   ] GC(382)   Merge Heap Roots: 2.7ms
[2026-01-16T08:46:12.333+0000][gc,phases   ] GC(382)   Evacuate Collection Set: 133.3ms
[2026-01-16T08:46:12.333+0000][gc,phases   ] GC(382)   Post Evacuate Collection Set: 9.7ms
[2026-01-16T08:46:12.333+0000][gc,phases   ] GC(382)   Other: 3.4ms
[2026-01-16T08:46:12.333+0000][gc,heap     ] GC(382) Eden regions: 46->0(46)
[2026-01-16T08:46:12.334+0000][gc,heap     ] GC(382) Survivor regions: 5->5(7)
[2026-01-16T08:46:12.335+0000][gc,heap     ] GC(382) Old regions: 112->113
[2026-01-16T08:46:12.335+0000][gc,heap     ] GC(382) Humongous regions: 47->47
[2026-01-16T08:46:12.335+0000][gc,metaspace] GC(382) Metaspace: 12183K(12608K)->12183K(12608K) NonClass: 11105K(11328K)->11105K(11328K) Class: 1078K(1280K)->1078K(1280K)
[2026-01-16T08:46:12.336+0000][gc          ] GC(382) Pause Young (Normal) (GCLocker Initiated GC) 208M->163M(1024M) 163.052ms
[2026-01-16T08:46:12.336+0000][gc,cpu      ] GC(382) User=0.11s Sys=0.03s Real=0.16s
[2026-01-16T08:46:14.259+0000][gc,start    ] GC(383) Pause Young (Normal) (G1 Evacuation Pause)
[2026-01-16T08:46:14.260+0000][gc,task     ] GC(383) Using 8 workers of 8 for evacuation
[2026-01-16T08:46:14.488+0000][gc,mmu      ] GC(383) MMU target violated: 201.0ms (200.0ms/201.0ms)
[2026-01-16T08:46:14.489+0000][gc,phases   ] GC(383)   Pre Evacuate Collection Set: 33.8ms
[2026-01-16T08:46:14.489+0000][gc,phases   ] GC(383)   Merge Heap Roots: 0.5ms
[2026-01-16T08:46:14.490+0000][gc,phases   ] GC(383)   Evacuate Collection Set: 175.5ms
[2026-01-16T08:46:14.491+0000][gc,phases   ] GC(383)   Post Evacuate Collection Set: 15.0ms
[2026-01-16T08:46:14.491+0000][gc,phases   ] GC(383)   Other: 4.3ms
[2026-01-16T08:46:14.491+0000][gc,heap     ] GC(383) Eden regions: 46->0(46)
[2026-01-16T08:46:14.492+0000][gc,heap     ] GC(383) Survivor regions: 5->5(7)
[2026-01-16T08:46:14.492+0000][gc,heap     ] GC(383) Old regions: 113->113
[2026-01-16T08:46:14.492+0000][gc,heap     ] GC(383) Humongous regions: 47->47
[2026-01-16T08:46:14.492+0000][gc,metaspace] GC(383) Metaspace: 12185K(12608K)->12185K(12608K) NonClass: 11106K(11328K)->11106K(11328K) Class: 1078K(1280K)->1078K(1280K)
[2026-01-16T08:46:14.493+0000][gc          ] GC(383) Pause Young (Normal) (G1 Evacuation Pause) 209M->164M(1024M) 233.332ms
[2026-01-16T08:46:14.493+0000][gc,cpu      ] GC(383) User=0.13s Sys=0.00s Real=0.23s
[2026-01-16T08:46:16.447+0000][gc,start    ] GC(384) Pause Young (Normal) (G1 Evacuation Pause)
[2026-01-16T08:46:16.451+0000][gc,task     ] GC(384) Using 8 workers of 8 for evacuation
[2026-01-16T08:46:16.923+0000][gc,mmu      ] GC(384) MMU target violated: 201.0ms (200.0ms/201.0ms)
[2026-01-16T08:46:16.925+0000][gc,phases   ] GC(384)   Pre Evacuate Collection Set: 55.6ms
[2026-01-16T08:46:16.925+0000][gc,phases   ] GC(384)   Merge Heap Roots: 0.3ms
[2026-01-16T08:46:16.925+0000][gc,phases   ] GC(384)   Evacuate Collection Set: 357.8ms
[2026-01-16T08:46:16.926+0000][gc,phases   ] GC(384)   Post Evacuate Collection Set: 52.5ms
[2026-01-16T08:46:16.926+0000][gc,phases   ] GC(384)   Other: 8.4ms
[2026-01-16T08:46:16.926+0000][gc,heap     ] GC(384) Eden regions: 46->0(46)
[2026-01-16T08:46:16.926+0000][gc,heap     ] GC(384) Survivor regions: 5->5(7)
[2026-01-16T08:46:16.926+0000][gc,heap     ] GC(384) Old regions: 113->114
[2026-01-16T08:46:16.926+0000][gc,heap     ] GC(384) Humongous regions: 47->47
[2026-01-16T08:46:16.926+0000][gc,metaspace] GC(384) Metaspace: 12190K(12608K)->12190K(12608K) NonClass: 11112K(11328K)->11112K(11328K) Class: 1078K(1280K)->1078K(1280K)
[2026-01-16T08:46:16.926+0000][gc          ] GC(384) Pause Young (Normal) (G1 Evacuation Pause) 210M->164M(1024M) 479.297ms
[2026-01-16T08:46:16.926+0000][gc,cpu      ] GC(384) User=0.12s Sys=0.02s Real=0.48s
[2026-01-16T08:46:17.843+0000][gc,start    ] GC(385) Pause Young (Normal) (G1 Evacuation Pause)
[2026-01-16T08:46:17.845+0000][gc,task     ] GC(385) Using 8 workers of 8 for evacuation
[2026-01-16T08:46:18.064+0000][gc,mmu      ] GC(385) MMU target violated: 201.0ms (200.0ms/201.0ms)
[2026-01-16T08:46:18.065+0000][gc,phases   ] GC(385)   Pre Evacuate Collection Set: 7.0ms
[2026-01-16T08:46:18.071+0000][gc,phases   ] GC(385)   Merge Heap Roots: 11.0ms
[2026-01-16T08:46:18.080+0000][gc,phases   ] GC(385)   Evacuate Collection Set: 178.2ms
[2026-01-16T08:46:18.081+0000][gc,phases   ] GC(385)   Post Evacuate Collection Set: 22.3ms
[2026-01-16T08:46:18.082+0000][gc,phases   ] GC(385)   Other: 2.1ms
[2026-01-16T08:46:18.088+0000][gc,heap     ] GC(385) Eden regions: 46->0(47)
[2026-01-16T08:46:18.090+0000][gc,heap     ] GC(385) Survivor regions: 5->4(7)
[2026-01-16T08:46:18.091+0000][gc,heap     ] GC(385) Old regions: 114->115
[2026-01-16T08:46:18.092+0000][gc,heap     ] GC(385) Humongous regions: 47->47
[2026-01-16T08:46:18.093+0000][gc,metaspace] GC(385) Metaspace: 12190K(12608K)->12190K(12608K) NonClass: 11112K(11328K)->11112K(11328K) Class: 1078K(1280K)->1078K(1280K)
[2026-01-16T08:46:18.094+0000][gc          ] GC(385) Pause Young (Normal) (G1 Evacuation Pause) 210M->165M(1024M) 250.715ms
[2026-01-16T08:46:18.095+0000][gc,cpu      ] GC(385) User=0.09s Sys=0.02s Real=0.25s
[2026-01-16T08:46:18.992+0000][gc,start    ] GC(386) Pause Young (Normal) (G1 Evacuation Pause)
[2026-01-16T08:46:18.993+0000][gc,task     ] GC(386) Using 8 workers of 8 for evacuation
[2026-01-16T08:46:19.283+0000][gc,mmu      ] GC(386) MMU target violated: 201.0ms (200.0ms/201.0ms)
[2026-01-16T08:46:19.287+0000][gc,phases   ] GC(386)   Pre Evacuate Collection Set: 13.3ms
[2026-01-16T08:46:19.307+0000][gc,phases   ] GC(386)   Merge Heap Roots: 4.3ms
[2026-01-16T08:46:19.308+0000][gc,phases   ] GC(386)   Evacuate Collection Set: 243.9ms
[2026-01-16T08:46:19.309+0000][gc,phases   ] GC(386)   Post Evacuate Collection Set: 27.2ms
[2026-01-16T08:46:19.312+0000][gc,phases   ] GC(386)   Other: 4.6ms
[2026-01-16T08:46:19.323+0000][gc,heap     ] GC(386) Eden regions: 47->0(46)
[2026-01-16T08:46:19.327+0000][gc,heap     ] GC(386) Survivor regions: 4->5(7)
[2026-01-16T08:46:19.335+0000][gc,heap     ] GC(386) Old regions: 115->116
[2026-01-16T08:46:19.335+0000][gc,heap     ] GC(386) Humongous regions: 47->47
[2026-01-16T08:46:19.346+0000][gc,metaspace] GC(386) Metaspace: 12191K(12608K)->12191K(12608K) NonClass: 11113K(11328K)->11113K(11328K) Class: 1078K(1280K)->1078K(1280K)
[2026-01-16T08:46:19.346+0000][gc          ] GC(386) Pause Young (Normal) (G1 Evacuation Pause) 212M->166M(1024M) 354.061ms
[2026-01-16T08:46:19.347+0000][gc,cpu      ] GC(386) User=0.06s Sys=0.01s Real=0.35s
[2026-01-16T08:46:21.809+0000][gc,start    ] GC(387) Pause Young (Normal) (G1 Evacuation Pause)
[2026-01-16T08:46:21.809+0000][gc,task     ] GC(387) Using 8 workers of 8 for evacuation
[2026-01-16T08:46:22.066+0000][gc,mmu      ] GC(387) MMU target violated: 201.0ms (200.0ms/201.0ms)
[2026-01-16T08:46:22.070+0000][gc,phases   ] GC(387)   Pre Evacuate Collection Set: 11.3ms
[2026-01-16T08:46:22.072+0000][gc,phases   ] GC(387)   Merge Heap Roots: 0.2ms
[2026-01-16T08:46:22.076+0000][gc,phases   ] GC(387)   Evacuate Collection Set: 194.7ms
[2026-01-16T08:46:22.079+0000][gc,phases   ] GC(387)   Post Evacuate Collection Set: 50.1ms
[2026-01-16T08:46:22.086+0000][gc,phases   ] GC(387)   Other: 4.7ms
[2026-01-16T08:46:22.086+0000][gc,heap     ] GC(387) Eden regions: 46->0(46)
[2026-01-16T08:46:22.086+0000][gc,heap     ] GC(387) Survivor regions: 5->5(7)
[2026-01-16T08:46:22.088+0000][gc,heap     ] GC(387) Old regions: 116->116
[2026-01-16T08:46:22.089+0000][gc,heap     ] GC(387) Humongous regions: 47->47
[2026-01-16T08:46:22.089+0000][gc,metaspace] GC(387) Metaspace: 12192K(12608K)->12192K(12608K) NonClass: 11114K(11328K)->11114K(11328K) Class: 1078K(1280K)->1078K(1280K)
[2026-01-16T08:46:22.091+0000][gc          ] GC(387) Pause Young (Normal) (G1 Evacuation Pause) 212M->166M(1024M) 282.882ms
[2026-01-16T08:46:22.094+0000][gc,cpu      ] GC(387) User=0.12s Sys=0.01s Real=0.28s
[2026-01-16T08:46:24.291+0000][gc,start    ] GC(388) Pause Young (Normal) (G1 Evacuation Pause)
[2026-01-16T08:46:24.293+0000][gc,task     ] GC(388) Using 8 workers of 8 for evacuation
[2026-01-16T08:46:24.566+0000][gc,mmu      ] GC(388) MMU target violated: 201.0ms (200.0ms/201.0ms)
[2026-01-16T08:46:24.569+0000][gc,phases   ] GC(388)   Pre Evacuate Collection Set: 39.5ms
[2026-01-16T08:46:24.570+0000][gc,phases   ] GC(388)   Merge Heap Roots: 3.1ms
[2026-01-16T08:46:24.570+0000][gc,phases   ] GC(388)   Evacuate Collection Set: 211.4ms
[2026-01-16T08:46:24.570+0000][gc,phases   ] GC(388)   Post Evacuate Collection Set: 17.5ms
[2026-01-16T08:46:24.571+0000][gc,phases   ] GC(388)   Other: 5.0ms
[2026-01-16T08:46:24.571+0000][gc,heap     ] GC(388) Eden regions: 46->0(46)
[2026-01-16T08:46:24.571+0000][gc,heap     ] GC(388) Survivor regions: 5->5(7)
[2026-01-16T08:46:24.571+0000][gc,heap     ] GC(388) Old regions: 116->117
[2026-01-16T08:46:24.571+0000][gc,heap     ] GC(388) Humongous regions: 47->47
[2026-01-16T08:46:24.571+0000][gc,metaspace] GC(388) Metaspace: 12192K(12608K)->12192K(12608K) NonClass: 11114K(11328K)->11114K(11328K) Class: 1078K(1280K)->1078K(1280K)
[2026-01-16T08:46:24.572+0000][gc          ] GC(388) Pause Young (Normal) (G1 Evacuation Pause) 212M->167M(1024M) 280.769ms
[2026-01-16T08:46:24.572+0000][gc,cpu      ] GC(388) User=0.14s Sys=0.00s Real=0.28s
[2026-01-16T08:46:26.794+0000][gc,start    ] GC(389) Pause Young (Normal) (G1 Evacuation Pause)
[2026-01-16T08:46:26.796+0000][gc,task     ] GC(389) Using 8 workers of 8 for evacuation
[2026-01-16T08:46:27.081+0000][gc,mmu      ] GC(389) MMU target violated: 201.0ms (200.0ms/201.0ms)
[2026-01-16T08:46:27.082+0000][gc,phases   ] GC(389)   Pre Evacuate Collection Set: 32.3ms
[2026-01-16T08:46:27.084+0000][gc,phases   ] GC(389)   Merge Heap Roots: 1.1ms
[2026-01-16T08:46:27.085+0000][gc,phases   ] GC(389)   Evacuate Collection Set: 238.8ms
[2026-01-16T08:46:27.088+0000][gc,phases   ] GC(389)   Post Evacuate Collection Set: 7.8ms
[2026-01-16T08:46:27.091+0000][gc,phases   ] GC(389)   Other: 6.3ms
[2026-01-16T08:46:27.094+0000][gc,heap     ] GC(389) Eden regions: 46->0(46)
[2026-01-16T08:46:27.095+0000][gc,heap     ] GC(389) Survivor regions: 5->5(7)
[2026-01-16T08:46:27.097+0000][gc,heap     ] GC(389) Old regions: 117->117
[2026-01-16T08:46:27.100+0000][gc,heap     ] GC(389) Humongous regions: 47->47
[2026-01-16T08:46:27.102+0000][gc,metaspace] GC(389) Metaspace: 12194K(12608K)->12194K(12608K) NonClass: 11115K(11328K)->11115K(11328K) Class: 1078K(1280K)->1078K(1280K)
[2026-01-16T08:46:27.103+0000][gc          ] GC(389) Pause Young (Normal) (G1 Evacuation Pause) 213M->168M(1024M) 308.867ms
[2026-01-16T08:46:27.104+0000][gc,cpu      ] GC(389) User=0.14s Sys=0.03s Real=0.31s
[2026-01-16T08:46:29.083+0000][gc,start    ] GC(390) Pause Young (Normal) (G1 Evacuation Pause)
[2026-01-16T08:46:29.119+0000][gc,task     ] GC(390) Using 8 workers of 8 for evacuation
[2026-01-16T08:46:29.475+0000][gc,mmu      ] GC(390) MMU target violated: 201.0ms (200.0ms/201.0ms)
[2026-01-16T08:46:29.505+0000][gc,phases   ] GC(390)   Pre Evacuate Collection Set: 91.5ms
[2026-01-16T08:46:29.506+0000][gc,phases   ] GC(390)   Merge Heap Roots: 0.6ms
[2026-01-16T08:46:29.506+0000][gc,phases   ] GC(390)   Evacuate Collection Set: 208.4ms
[2026-01-16T08:46:29.506+0000][gc,phases   ] GC(390)   Post Evacuate Collection Set: 1.8ms
[2026-01-16T08:46:29.506+0000][gc,phases   ] GC(390)   Other: 91.5ms
[2026-01-16T08:46:29.507+0000][gc,heap     ] GC(390) Eden regions: 46->0(46)
[2026-01-16T08:46:29.508+0000][gc,heap     ] GC(390) Survivor regions: 5->5(7)
[2026-01-16T08:46:29.509+0000][gc,heap     ] GC(390) Old regions: 117->118
[2026-01-16T08:46:29.509+0000][gc,heap     ] GC(390) Humongous regions: 47->47
[2026-01-16T08:46:29.511+0000][gc,metaspace] GC(390) Metaspace: 12194K(12608K)->12194K(12608K) NonClass: 11115K(11328K)->11115K(11328K) Class: 1078K(1280K)->1078K(1280K)
[2026-01-16T08:46:29.516+0000][gc          ] GC(390) Pause Young (Normal) (G1 Evacuation Pause) 214M->168M(1024M) 434.765ms
[2026-01-16T08:46:29.544+0000][gc,cpu      ] GC(390) User=0.19s Sys=0.08s Real=0.46s
[2026-01-16T08:46:31.637+0000][gc,start    ] GC(391) Pause Young (Normal) (G1 Evacuation Pause)
[2026-01-16T08:46:31.649+0000][gc,task     ] GC(391) Using 8 workers of 8 for evacuation
[2026-01-16T08:46:32.058+0000][gc,mmu      ] GC(391) MMU target violated: 201.0ms (200.0ms/201.0ms)
[2026-01-16T08:46:32.061+0000][gc,phases   ] GC(391)   Pre Evacuate Collection Set: 27.2ms
[2026-01-16T08:46:32.061+0000][gc,phases   ] GC(391)   Merge Heap Roots: 4.8ms
[2026-01-16T08:46:32.062+0000][gc,phases   ] GC(391)   Evacuate Collection Set: 320.2ms
[2026-01-16T08:46:32.063+0000][gc,phases   ] GC(391)   Post Evacuate Collection Set: 55.1ms
[2026-01-16T08:46:32.063+0000][gc,phases   ] GC(391)   Other: 12.0ms
[2026-01-16T08:46:32.063+0000][gc,heap     ] GC(391) Eden regions: 46->0(47)
[2026-01-16T08:46:32.063+0000][gc,heap     ] GC(391) Survivor regions: 5->4(7)
[2026-01-16T08:46:32.063+0000][gc,heap     ] GC(391) Old regions: 118->119
[2026-01-16T08:46:32.064+0000][gc,heap     ] GC(391) Humongous regions: 47->47
[2026-01-16T08:46:32.064+0000][gc,metaspace] GC(391) Metaspace: 12194K(12608K)->12194K(12608K) NonClass: 11115K(11328K)->11115K(11328K) Class: 1078K(1280K)->1078K(1280K)
[2026-01-16T08:46:32.065+0000][gc          ] GC(391) Pause Young (Normal) (G1 Evacuation Pause) 214M->169M(1024M) 427.437ms
[2026-01-16T08:46:32.065+0000][gc,cpu      ] GC(391) User=0.14s Sys=0.02s Real=0.44s
[2026-01-16T08:46:34.125+0000][gc,start    ] GC(392) Pause Young (Normal) (G1 Evacuation Pause)
[2026-01-16T08:46:34.169+0000][gc,task     ] GC(392) Using 8 workers of 8 for evacuation
[2026-01-16T08:46:34.323+0000][gc,phases   ] GC(392)   Pre Evacuate Collection Set: 14.0ms
[2026-01-16T08:46:34.328+0000][gc,phases   ] GC(392)   Merge Heap Roots: 1.9ms
[2026-01-16T08:46:34.329+0000][gc,phases   ] GC(392)   Evacuate Collection Set: 113.7ms
[2026-01-16T08:46:34.333+0000][gc,phases   ] GC(392)   Post Evacuate Collection Set: 15.8ms
[2026-01-16T08:46:34.335+0000][gc,phases   ] GC(392)   Other: 8.6ms
[2026-01-16T08:46:34.338+0000][gc,heap     ] GC(392) Eden regions: 47->0(46)
[2026-01-16T08:46:34.340+0000][gc,heap     ] GC(392) Survivor regions: 4->5(7)
[2026-01-16T08:46:34.342+0000][gc,heap     ] GC(392) Old regions: 119->119
[2026-01-16T08:46:34.346+0000][gc,heap     ] GC(392) Humongous regions: 47->47
[2026-01-16T08:46:34.347+0000][gc,metaspace] GC(392) Metaspace: 12196K(12608K)->12196K(12608K) NonClass: 11117K(11328K)->11117K(11328K) Class: 1078K(1280K)->1078K(1280K)
[2026-01-16T08:46:34.353+0000][gc          ] GC(392) Pause Young (Normal) (G1 Evacuation Pause) 216M->170M(1024M) 227.996ms
[2026-01-16T08:46:34.357+0000][gc,cpu      ] GC(392) User=0.11s Sys=0.02s Real=0.23s
[2026-01-16T08:46:35.683+0000][gc,start    ] GC(393) Pause Young (Normal) (G1 Evacuation Pause)
[2026-01-16T08:46:35.684+0000][gc,task     ] GC(393) Using 8 workers of 8 for evacuation
[2026-01-16T08:46:35.885+0000][gc,mmu      ] GC(393) MMU target violated: 200.5ms (200.0ms/201.0ms)
[2026-01-16T08:46:35.885+0000][gc,phases   ] GC(393)   Pre Evacuate Collection Set: 25.0ms
[2026-01-16T08:46:35.886+0000][gc,phases   ] GC(393)   Merge Heap Roots: 0.5ms
[2026-01-16T08:46:35.886+0000][gc,phases   ] GC(393)   Evacuate Collection Set: 158.9ms
[2026-01-16T08:46:35.887+0000][gc,phases   ] GC(393)   Post Evacuate Collection Set: 16.0ms
[2026-01-16T08:46:35.887+0000][gc,phases   ] GC(393)   Other: 1.4ms
[2026-01-16T08:46:35.887+0000][gc,heap     ] GC(393) Eden regions: 46->0(47)
[2026-01-16T08:46:35.887+0000][gc,heap     ] GC(393) Survivor regions: 5->4(7)
[2026-01-16T08:46:35.888+0000][gc,heap     ] GC(393) Old regions: 119->120
[2026-01-16T08:46:35.888+0000][gc,heap     ] GC(393) Humongous regions: 47->47
[2026-01-16T08:46:35.888+0000][gc,metaspace] GC(393) Metaspace: 12200K(12608K)->12200K(12608K) NonClass: 11121K(11328K)->11121K(11328K) Class: 1078K(1280K)->1078K(1280K)
[2026-01-16T08:46:35.889+0000][gc          ] GC(393) Pause Young (Normal) (G1 Evacuation Pause) 216M->170M(1024M) 206.088ms
[2026-01-16T08:46:35.894+0000][gc,cpu      ] GC(393) User=0.09s Sys=0.02s Real=0.21s
[2026-01-16T08:46:38.060+0000][gc,start    ] GC(394) Pause Young (Normal) (G1 Evacuation Pause)
[2026-01-16T08:46:38.068+0000][gc,task     ] GC(394) Using 8 workers of 8 for evacuation
[2026-01-16T08:46:38.698+0000][gc,mmu      ] GC(394) MMU target violated: 201.0ms (200.0ms/201.0ms)
[2026-01-16T08:46:38.699+0000][gc,phases   ] GC(394)   Pre Evacuate Collection Set: 74.7ms
[2026-01-16T08:46:38.703+0000][gc,phases   ] GC(394)   Merge Heap Roots: 10.1ms
[2026-01-16T08:46:38.705+0000][gc,phases   ] GC(394)   Evacuate Collection Set: 468.7ms
[2026-01-16T08:46:38.708+0000][gc,phases   ] GC(394)   Post Evacuate Collection Set: 46.6ms
[2026-01-16T08:46:38.710+0000][gc,phases   ] GC(394)   Other: 38.8ms
[2026-01-16T08:46:38.710+0000][gc,heap     ] GC(394) Eden regions: 47->0(46)
[2026-01-16T08:46:38.711+0000][gc,heap     ] GC(394) Survivor regions: 4->5(7)
[2026-01-16T08:46:38.711+0000][gc,heap     ] GC(394) Old regions: 120->120
[2026-01-16T08:46:38.711+0000][gc,heap     ] GC(394) Humongous regions: 47->47
[2026-01-16T08:46:38.711+0000][gc,metaspace] GC(394) Metaspace: 12202K(12608K)->12202K(12608K) NonClass: 11124K(11328K)->11124K(11328K) Class: 1078K(1280K)->1078K(1280K)
[2026-01-16T08:46:38.712+0000][gc          ] GC(394) Pause Young (Normal) (G1 Evacuation Pause) 217M->171M(1024M) 658.986ms
[2026-01-16T08:46:38.712+0000][gc,cpu      ] GC(394) User=0.19s Sys=0.01s Real=0.65s
[2026-01-16T08:46:40.962+0000][gc,start    ] GC(395) Pause Young (Normal) (G1 Evacuation Pause)
[2026-01-16T08:46:40.966+0000][gc,task     ] GC(395) Using 8 workers of 8 for evacuation
[2026-01-16T08:46:41.700+0000][gc,mmu      ] GC(395) MMU target violated: 201.0ms (200.0ms/201.0ms)
[2026-01-16T08:46:41.705+0000][gc,phases   ] GC(395)   Pre Evacuate Collection Set: 35.4ms
[2026-01-16T08:46:41.722+0000][gc,phases   ] GC(395)   Merge Heap Roots: 3.9ms
[2026-01-16T08:46:41.723+0000][gc,phases   ] GC(395)   Evacuate Collection Set: 671.1ms
[2026-01-16T08:46:41.724+0000][gc,phases   ] GC(395)   Post Evacuate Collection Set: 18.4ms
[2026-01-16T08:46:41.724+0000][gc,phases   ] GC(395)   Other: 10.6ms
[2026-01-16T08:46:41.725+0000][gc,heap     ] GC(395) Eden regions: 46->0(47)
[2026-01-16T08:46:41.725+0000][gc,heap     ] GC(395) Survivor regions: 5->4(7)
[2026-01-16T08:46:41.727+0000][gc,heap     ] GC(395) Old regions: 120->121
[2026-01-16T08:46:41.732+0000][gc,heap     ] GC(395) Humongous regions: 47->47
[2026-01-16T08:46:41.733+0000][gc,metaspace] GC(395) Metaspace: 12202K(12608K)->12202K(12608K) NonClass: 11124K(11328K)->11124K(11328K) Class: 1078K(1280K)->1078K(1280K)
[2026-01-16T08:46:41.734+0000][gc          ] GC(395) Pause Young (Normal) (G1 Evacuation Pause) 217M->171M(1024M) 771.812ms
[2026-01-16T08:46:41.737+0000][gc,cpu      ] GC(395) User=0.14s Sys=0.03s Real=0.77s
[2026-01-16T08:46:44.732+0000][gc,start    ] GC(396) Pause Young (Normal) (G1 Evacuation Pause)
[2026-01-16T08:46:44.733+0000][gc,task     ] GC(396) Using 8 workers of 8 for evacuation
[2026-01-16T08:46:45.130+0000][gc,mmu      ] GC(396) MMU target violated: 201.0ms (200.0ms/201.0ms)
[2026-01-16T08:46:45.137+0000][gc,phases   ] GC(396)   Pre Evacuate Collection Set: 24.6ms
[2026-01-16T08:46:45.138+0000][gc,phases   ] GC(396)   Merge Heap Roots: 3.8ms
[2026-01-16T08:46:45.140+0000][gc,phases   ] GC(396)   Evacuate Collection Set: 301.9ms
[2026-01-16T08:46:45.142+0000][gc,phases   ] GC(396)   Post Evacuate Collection Set: 63.0ms
[2026-01-16T08:46:45.145+0000][gc,phases   ] GC(396)   Other: 10.6ms
[2026-01-16T08:46:45.151+0000][gc,heap     ] GC(396) Eden regions: 47->0(47)
[2026-01-16T08:46:45.151+0000][gc,heap     ] GC(396) Survivor regions: 4->4(7)
[2026-01-16T08:46:45.152+0000][gc,heap     ] GC(396) Old regions: 121->122
[2026-01-16T08:46:45.152+0000][gc,heap     ] GC(396) Humongous regions: 47->47
[2026-01-16T08:46:45.160+0000][gc,metaspace] GC(396) Metaspace: 12202K(12608K)->12202K(12608K) NonClass: 11124K(11328K)->11124K(11328K) Class: 1078K(1280K)->1078K(1280K)
[2026-01-16T08:46:45.163+0000][gc          ] GC(396) Pause Young (Normal) (G1 Evacuation Pause) 218M->172M(1024M) 430.506ms
[2026-01-16T08:46:45.164+0000][gc,cpu      ] GC(396) User=0.15s Sys=0.01s Real=0.43s
[2026-01-16T08:46:47.048+0000][gc,start    ] GC(397) Pause Young (Normal) (G1 Evacuation Pause)
[2026-01-16T08:46:47.051+0000][gc,task     ] GC(397) Using 8 workers of 8 for evacuation
[2026-01-16T08:46:47.727+0000][gc,mmu      ] GC(397) MMU target violated: 201.0ms (200.0ms/201.0ms)
[2026-01-16T08:46:47.727+0000][gc,phases   ] GC(397)   Pre Evacuate Collection Set: 67.8ms
[2026-01-16T08:46:47.736+0000][gc,phases   ] GC(397)   Merge Heap Roots: 13.2ms
[2026-01-16T08:46:47.737+0000][gc,phases   ] GC(397)   Evacuate Collection Set: 483.1ms
[2026-01-16T08:46:47.737+0000][gc,phases   ] GC(397)   Post Evacuate Collection Set: 48.2ms
[2026-01-16T08:46:47.748+0000][gc,phases   ] GC(397)   Other: 63.7ms
[2026-01-16T08:46:47.748+0000][gc,heap     ] GC(397) Eden regions: 47->0(47)
[2026-01-16T08:46:47.749+0000][gc,heap     ] GC(397) Survivor regions: 4->4(7)
[2026-01-16T08:46:47.749+0000][gc,heap     ] GC(397) Old regions: 122->123
[2026-01-16T08:46:47.749+0000][gc,heap     ] GC(397) Humongous regions: 47->47
[2026-01-16T08:46:47.749+0000][gc,metaspace] GC(397) Metaspace: 12202K(12608K)->12202K(12608K) NonClass: 11124K(11328K)->11124K(11328K) Class: 1078K(1280K)->1078K(1280K)
[2026-01-16T08:46:47.750+0000][gc          ] GC(397) Pause Young (Normal) (G1 Evacuation Pause) 219M->172M(1024M) 701.513ms
[2026-01-16T08:46:47.750+0000][gc,cpu      ] GC(397) User=0.24s Sys=0.04s Real=0.70s
[2026-01-16T08:46:50.087+0000][gc,start    ] GC(398) Pause Young (Normal) (G1 Evacuation Pause)
[2026-01-16T08:46:50.098+0000][gc,task     ] GC(398) Using 8 workers of 8 for evacuation
[2026-01-16T08:46:51.250+0000][gc,mmu      ] GC(398) MMU target violated: 201.0ms (200.0ms/201.0ms)
[2026-01-16T08:46:51.253+0000][gc,phases   ] GC(398)   Pre Evacuate Collection Set: 109.7ms
[2026-01-16T08:46:51.253+0000][gc,phases   ] GC(398)   Merge Heap Roots: 29.8ms
[2026-01-16T08:46:51.254+0000][gc,phases   ] GC(398)   Evacuate Collection Set: 901.3ms
[2026-01-16T08:46:51.279+0000][gc,phases   ] GC(398)   Post Evacuate Collection Set: 103.1ms
[2026-01-16T08:46:51.316+0000][gc,phases   ] GC(398)   Other: 11.3ms
[2026-01-16T08:46:51.320+0000][gc,heap     ] GC(398) Eden regions: 47->0(46)
[2026-01-16T08:46:51.334+0000][gc,heap     ] GC(398) Survivor regions: 4->5(7)
[2026-01-16T08:46:51.335+0000][gc,heap     ] GC(398) Old regions: 123->123
[2026-01-16T08:46:51.335+0000][gc,heap     ] GC(398) Humongous regions: 47->47
[2026-01-16T08:46:51.335+0000][gc,metaspace] GC(398) Metaspace: 12202K(12608K)->12202K(12608K) NonClass: 11124K(11328K)->11124K(11328K) Class: 1078K(1280K)->1078K(1280K)
[2026-01-16T08:46:51.337+0000][gc          ] GC(398) Pause Young (Normal) (G1 Evacuation Pause) 219M->173M(1024M) 1249.169ms
[2026-01-16T08:46:51.337+0000][gc,cpu      ] GC(398) User=0.22s Sys=0.03s Real=1.25s
[2026-01-16T08:46:54.570+0000][gc,start    ] GC(399) Pause Young (Normal) (GCLocker Initiated GC)
[2026-01-16T08:46:54.571+0000][gc,task     ] GC(399) Using 8 workers of 8 for evacuation
[2026-01-16T08:46:54.864+0000][gc,mmu      ] GC(399) MMU target violated: 201.0ms (200.0ms/201.0ms)
[2026-01-16T08:46:54.865+0000][gc,phases   ] GC(399)   Pre Evacuate Collection Set: 14.9ms
[2026-01-16T08:46:54.867+0000][gc,phases   ] GC(399)   Merge Heap Roots: 0.7ms
[2026-01-16T08:46:54.868+0000][gc,phases   ] GC(399)   Evacuate Collection Set: 266.3ms
[2026-01-16T08:46:54.868+0000][gc,phases   ] GC(399)   Post Evacuate Collection Set: 9.4ms
[2026-01-16T08:46:54.868+0000][gc,phases   ] GC(399)   Other: 3.1ms
[2026-01-16T08:46:54.868+0000][gc,heap     ] GC(399) Eden regions: 48->0(46)
[2026-01-16T08:46:54.869+0000][gc,heap     ] GC(399) Survivor regions: 5->5(7)
[2026-01-16T08:46:54.870+0000][gc,heap     ] GC(399) Old regions: 123->124
[2026-01-16T08:46:54.870+0000][gc,heap     ] GC(399) Humongous regions: 47->47
[2026-01-16T08:46:54.870+0000][gc,metaspace] GC(399) Metaspace: 12203K(12608K)->12203K(12608K) NonClass: 11125K(11328K)->11125K(11328K) Class: 1078K(1280K)->1078K(1280K)
[2026-01-16T08:46:54.871+0000][gc          ] GC(399) Pause Young (Normal) (GCLocker Initiated GC) 221M->174M(1024M) 301.297ms
[2026-01-16T08:46:54.875+0000][gc,cpu      ] GC(399) User=0.21s Sys=0.01s Real=0.31s
[2026-01-16T08:46:56.308+0000][gc,start    ] GC(400) Pause Young (Normal) (G1 Evacuation Pause)
[2026-01-16T08:46:56.311+0000][gc,task     ] GC(400) Using 8 workers of 8 for evacuation
[2026-01-16T08:46:56.863+0000][gc,mmu      ] GC(400) MMU target violated: 201.0ms (200.0ms/201.0ms)
[2026-01-16T08:46:56.867+0000][gc,phases   ] GC(400)   Pre Evacuate Collection Set: 60.1ms
[2026-01-16T08:46:56.871+0000][gc,phases   ] GC(400)   Merge Heap Roots: 4.7ms
[2026-01-16T08:46:56.878+0000][gc,phases   ] GC(400)   Evacuate Collection Set: 473.3ms
[2026-01-16T08:46:56.880+0000][gc,phases   ] GC(400)   Post Evacuate Collection Set: 12.4ms
[2026-01-16T08:46:56.880+0000][gc,phases   ] GC(400)   Other: 5.5ms
[2026-01-16T08:46:56.881+0000][gc,heap     ] GC(400) Eden regions: 46->0(46)
[2026-01-16T08:46:56.881+0000][gc,heap     ] GC(400) Survivor regions: 5->5(7)
[2026-01-16T08:46:56.881+0000][gc,heap     ] GC(400) Old regions: 124->124
[2026-01-16T08:46:56.881+0000][gc,heap     ] GC(400) Humongous regions: 47->47
[2026-01-16T08:46:56.885+0000][gc,metaspace] GC(400) Metaspace: 12203K(12608K)->12203K(12608K) NonClass: 11125K(11328K)->11125K(11328K) Class: 1078K(1280K)->1078K(1280K)
[2026-01-16T08:46:56.897+0000][gc          ] GC(400) Pause Young (Normal) (G1 Evacuation Pause) 220M->174M(1024M) 597.501ms
[2026-01-16T08:46:56.899+0000][gc,cpu      ] GC(400) User=0.22s Sys=0.02s Real=0.61s
[2026-01-16T08:46:58.727+0000][gc,start    ] GC(401) Pause Young (Normal) (GCLocker Initiated GC)
[2026-01-16T08:46:58.872+0000][gc,task     ] GC(401) Using 8 workers of 8 for evacuation
[2026-01-16T08:47:01.230+0000][gc,mmu      ] GC(401) MMU target violated: 201.0ms (200.0ms/201.0ms)
[2026-01-16T08:47:01.234+0000][gc,phases   ] GC(401)   Pre Evacuate Collection Set: 104.2ms
[2026-01-16T08:47:01.236+0000][gc,phases   ] GC(401)   Merge Heap Roots: 3.9ms
[2026-01-16T08:47:01.240+0000][gc,phases   ] GC(401)   Evacuate Collection Set: 2028.2ms
[2026-01-16T08:47:01.241+0000][gc,phases   ] GC(401)   Post Evacuate Collection Set: 216.8ms
[2026-01-16T08:47:01.241+0000][gc,phases   ] GC(401)   Other: 8.9ms
[2026-01-16T08:47:01.247+0000][gc,heap     ] GC(401) Eden regions: 51->0(46)
[2026-01-16T08:47:01.248+0000][gc,heap     ] GC(401) Survivor regions: 5->5(7)
[2026-01-16T08:47:01.250+0000][gc,heap     ] GC(401) Old regions: 124->125
[2026-01-16T08:47:01.251+0000][gc,heap     ] GC(401) Humongous regions: 47->47
[2026-01-16T08:47:01.252+0000][gc,metaspace] GC(401) Metaspace: 12206K(12608K)->12206K(12608K) NonClass: 11128K(11328K)->11128K(11328K) Class: 1078K(1280K)->1078K(1280K)
[2026-01-16T08:47:01.261+0000][gc          ] GC(401) Pause Young (Normal) (GCLocker Initiated GC) 225M->175M(1024M) 2536.022ms
[2026-01-16T08:47:01.269+0000][gc,cpu      ] GC(401) User=0.94s Sys=0.19s Real=2.54s
[2026-01-16T08:47:05.078+0000][gc,start    ] GC(402) Pause Young (Normal) (G1 Evacuation Pause)
[2026-01-16T08:47:05.126+0000][gc,task     ] GC(402) Using 8 workers of 8 for evacuation
[2026-01-16T08:47:05.992+0000][gc,mmu      ] GC(402) MMU target violated: 201.0ms (200.0ms/201.0ms)
[2026-01-16T08:47:06.009+0000][gc,phases   ] GC(402)   Pre Evacuate Collection Set: 148.3ms
[2026-01-16T08:47:06.009+0000][gc,phases   ] GC(402)   Merge Heap Roots: 21.6ms
[2026-01-16T08:47:06.010+0000][gc,phases   ] GC(402)   Evacuate Collection Set: 624.1ms
[2026-01-16T08:47:06.011+0000][gc,phases   ] GC(402)   Post Evacuate Collection Set: 49.5ms
[2026-01-16T08:47:06.017+0000][gc,phases   ] GC(402)   Other: 78.6ms
[2026-01-16T08:47:06.022+0000][gc,heap     ] GC(402) Eden regions: 46->0(46)
[2026-01-16T08:47:06.026+0000][gc,heap     ] GC(402) Survivor regions: 5->5(7)
[2026-01-16T08:47:06.037+0000][gc,heap     ] GC(402) Old regions: 125->126
[2026-01-16T08:47:06.038+0000][gc,heap     ] GC(402) Humongous regions: 47->47
[2026-01-16T08:47:06.038+0000][gc,metaspace] GC(402) Metaspace: 12207K(12608K)->12207K(12608K) NonClass: 11129K(11328K)->11129K(11328K) Class: 1078K(1280K)->1078K(1280K)
[2026-01-16T08:47:06.039+0000][gc          ] GC(402) Pause Young (Normal) (G1 Evacuation Pause) 221M->176M(1024M) 960.922ms
[2026-01-16T08:47:06.042+0000][gc,cpu      ] GC(402) User=0.57s Sys=0.07s Real=0.97s
[2026-01-16T08:47:10.160+0000][gc,start    ] GC(403) Pause Young (Normal) (G1 Evacuation Pause)
[2026-01-16T08:47:10.186+0000][gc,task     ] GC(403) Using 8 workers of 8 for evacuation
[2026-01-16T08:47:10.946+0000][gc,mmu      ] GC(403) MMU target violated: 201.0ms (200.0ms/201.0ms)
[2026-01-16T08:47:10.947+0000][gc,phases   ] GC(403)   Pre Evacuate Collection Set: 49.9ms
[2026-01-16T08:47:10.947+0000][gc,phases   ] GC(403)   Merge Heap Roots: 0.7ms
[2026-01-16T08:47:10.948+0000][gc,phases   ] GC(403)   Evacuate Collection Set: 648.0ms
[2026-01-16T08:47:10.948+0000][gc,phases   ] GC(403)   Post Evacuate Collection Set: 52.6ms
[2026-01-16T08:47:10.948+0000][gc,phases   ] GC(403)   Other: 10.6ms
[2026-01-16T08:47:10.948+0000][gc,heap     ] GC(403) Eden regions: 46->0(47)
[2026-01-16T08:47:10.949+0000][gc,heap     ] GC(403) Survivor regions: 5->4(7)
[2026-01-16T08:47:10.949+0000][gc,heap     ] GC(403) Old regions: 126->126
[2026-01-16T08:47:10.949+0000][gc,heap     ] GC(403) Humongous regions: 47->47
[2026-01-16T08:47:10.949+0000][gc,metaspace] GC(403) Metaspace: 12207K(12608K)->12207K(12608K) NonClass: 11129K(11328K)->11129K(11328K) Class: 1078K(1280K)->1078K(1280K)
[2026-01-16T08:47:10.950+0000][gc          ] GC(403) Pause Young (Normal) (G1 Evacuation Pause) 222M->176M(1024M) 790.349ms
[2026-01-16T08:47:10.951+0000][gc,cpu      ] GC(403) User=0.30s Sys=0.05s Real=0.79s
[2026-01-16T08:47:13.265+0000][gc,start    ] GC(404) Pause Young (Normal) (G1 Evacuation Pause)
[2026-01-16T08:47:13.283+0000][gc,task     ] GC(404) Using 8 workers of 8 for evacuation
[2026-01-16T08:47:13.549+0000][gc,mmu      ] GC(404) MMU target violated: 201.0ms (200.0ms/201.0ms)
[2026-01-16T08:47:13.550+0000][gc,phases   ] GC(404)   Pre Evacuate Collection Set: 25.0ms
[2026-01-16T08:47:13.551+0000][gc,phases   ] GC(404)   Merge Heap Roots: 8.1ms
[2026-01-16T08:47:13.552+0000][gc,phases   ] GC(404)   Evacuate Collection Set: 220.6ms
[2026-01-16T08:47:13.553+0000][gc,phases   ] GC(404)   Post Evacuate Collection Set: 11.8ms
[2026-01-16T08:47:13.555+0000][gc,phases   ] GC(404)   Other: 8.1ms
[2026-01-16T08:47:13.556+0000][gc,heap     ] GC(404) Eden regions: 47->0(46)
[2026-01-16T08:47:13.557+0000][gc,heap     ] GC(404) Survivor regions: 4->5(7)
[2026-01-16T08:47:13.559+0000][gc,heap     ] GC(404) Old regions: 126->127
[2026-01-16T08:47:13.560+0000][gc,heap     ] GC(404) Humongous regions: 47->47
[2026-01-16T08:47:13.561+0000][gc,metaspace] GC(404) Metaspace: 12207K(12608K)->12207K(12608K) NonClass: 11129K(11328K)->11129K(11328K) Class: 1078K(1280K)->1078K(1280K)
[2026-01-16T08:47:13.563+0000][gc          ] GC(404) Pause Young (Normal) (G1 Evacuation Pause) 223M->177M(1024M) 297.610ms
[2026-01-16T08:47:13.566+0000][gc,cpu      ] GC(404) User=0.14s Sys=0.01s Real=0.31s
[2026-01-16T08:47:14.582+0000][gc,start    ] GC(405) Pause Young (Normal) (G1 Evacuation Pause)
[2026-01-16T08:47:14.586+0000][gc,task     ] GC(405) Using 8 workers of 8 for evacuation
[2026-01-16T08:47:14.895+0000][gc,mmu      ] GC(405) MMU target violated: 201.0ms (200.0ms/201.0ms)
[2026-01-16T08:47:14.898+0000][gc,phases   ] GC(405)   Pre Evacuate Collection Set: 38.5ms
[2026-01-16T08:47:14.900+0000][gc,phases   ] GC(405)   Merge Heap Roots: 6.6ms
[2026-01-16T08:47:14.901+0000][gc,phases   ] GC(405)   Evacuate Collection Set: 255.6ms
[2026-01-16T08:47:14.902+0000][gc,phases   ] GC(405)   Post Evacuate Collection Set: 6.3ms
[2026-01-16T08:47:14.903+0000][gc,phases   ] GC(405)   Other: 4.5ms
[2026-01-16T08:47:14.903+0000][gc,heap     ] GC(405) Eden regions: 46->0(47)
[2026-01-16T08:47:14.903+0000][gc,heap     ] GC(405) Survivor regions: 5->4(7)
[2026-01-16T08:47:14.905+0000][gc,heap     ] GC(405) Old regions: 127->128
[2026-01-16T08:47:14.907+0000][gc,heap     ] GC(405) Humongous regions: 47->47
[2026-01-16T08:47:14.920+0000][gc,metaspace] GC(405) Metaspace: 12207K(12608K)->12207K(12608K) NonClass: 11129K(11328K)->11129K(11328K) Class: 1078K(1280K)->1078K(1280K)
[2026-01-16T08:47:14.921+0000][gc          ] GC(405) Pause Young (Normal) (G1 Evacuation Pause) 223M->177M(1024M) 339.637ms
[2026-01-16T08:47:14.922+0000][gc,cpu      ] GC(405) User=0.09s Sys=0.05s Real=0.34s
[2026-01-16T08:47:17.087+0000][gc,start    ] GC(406) Pause Young (Normal) (G1 Evacuation Pause)
[2026-01-16T08:47:17.093+0000][gc,task     ] GC(406) Using 8 workers of 8 for evacuation
[2026-01-16T08:47:17.539+0000][gc,mmu      ] GC(406) MMU target violated: 201.0ms (200.0ms/201.0ms)
[2026-01-16T08:47:17.540+0000][gc,phases   ] GC(406)   Pre Evacuate Collection Set: 41.8ms
[2026-01-16T08:47:17.543+0000][gc,phases   ] GC(406)   Merge Heap Roots: 11.9ms
[2026-01-16T08:47:17.543+0000][gc,phases   ] GC(406)   Evacuate Collection Set: 356.7ms
[2026-01-16T08:47:17.543+0000][gc,phases   ] GC(406)   Post Evacuate Collection Set: 32.3ms
[2026-01-16T08:47:17.543+0000][gc,phases   ] GC(406)   Other: 4.2ms
[2026-01-16T08:47:17.543+0000][gc,heap     ] GC(406) Eden regions: 47->0(47)
[2026-01-16T08:47:17.543+0000][gc,heap     ] GC(406) Survivor regions: 4->4(7)
[2026-01-16T08:47:17.543+0000][gc,heap     ] GC(406) Old regions: 128->128
[2026-01-16T08:47:17.544+0000][gc,heap     ] GC(406) Humongous regions: 47->47
[2026-01-16T08:47:17.544+0000][gc,metaspace] GC(406) Metaspace: 12207K(12608K)->12207K(12608K) NonClass: 11129K(11328K)->11129K(11328K) Class: 1078K(1280K)->1078K(1280K)
[2026-01-16T08:47:17.544+0000][gc          ] GC(406) Pause Young (Normal) (G1 Evacuation Pause) 224M->178M(1024M) 456.490ms
[2026-01-16T08:47:17.544+0000][gc,cpu      ] GC(406) User=0.13s Sys=0.02s Real=0.45s
[2026-01-16T08:47:18.950+0000][gc,start    ] GC(407) Pause Young (Normal) (G1 Evacuation Pause)
[2026-01-16T08:47:18.958+0000][gc,task     ] GC(407) Using 8 workers of 8 for evacuation
[2026-01-16T08:47:19.384+0000][gc,mmu      ] GC(407) MMU target violated: 201.0ms (200.0ms/201.0ms)
[2026-01-16T08:47:19.385+0000][gc,phases   ] GC(407)   Pre Evacuate Collection Set: 143.5ms
[2026-01-16T08:47:19.385+0000][gc,phases   ] GC(407)   Merge Heap Roots: 1.2ms
[2026-01-16T08:47:19.385+0000][gc,phases   ] GC(407)   Evacuate Collection Set: 259.6ms
[2026-01-16T08:47:19.385+0000][gc,phases   ] GC(407)   Post Evacuate Collection Set: 15.4ms
[2026-01-16T08:47:19.386+0000][gc,phases   ] GC(407)   Other: 7.4ms
[2026-01-16T08:47:19.387+0000][gc,heap     ] GC(407) Eden regions: 47->0(47)
[2026-01-16T08:47:19.387+0000][gc,heap     ] GC(407) Survivor regions: 4->4(7)
[2026-01-16T08:47:19.387+0000][gc,heap     ] GC(407) Old regions: 128->129
[2026-01-16T08:47:19.388+0000][gc,heap     ] GC(407) Humongous regions: 47->47
[2026-01-16T08:47:19.388+0000][gc,metaspace] GC(407) Metaspace: 12221K(12608K)->12221K(12608K) NonClass: 11143K(11328K)->11143K(11328K) Class: 1078K(1280K)->1078K(1280K)
[2026-01-16T08:47:19.389+0000][gc          ] GC(407) Pause Young (Normal) (G1 Evacuation Pause) 225M->179M(1024M) 438.665ms
[2026-01-16T08:47:19.389+0000][gc,cpu      ] GC(407) User=0.13s Sys=0.03s Real=0.44s
[2026-01-16T08:47:20.715+0000][gc,start    ] GC(408) Pause Young (Normal) (G1 Evacuation Pause)
[2026-01-16T08:47:20.716+0000][gc,task     ] GC(408) Using 8 workers of 8 for evacuation
[2026-01-16T08:47:20.995+0000][gc,mmu      ] GC(408) MMU target violated: 201.0ms (200.0ms/201.0ms)
[2026-01-16T08:47:20.995+0000][gc,phases   ] GC(408)   Pre Evacuate Collection Set: 21.5ms
[2026-01-16T08:47:20.995+0000][gc,phases   ] GC(408)   Merge Heap Roots: 3.9ms
[2026-01-16T08:47:20.995+0000][gc,phases   ] GC(408)   Evacuate Collection Set: 223.0ms
[2026-01-16T08:47:20.995+0000][gc,phases   ] GC(408)   Post Evacuate Collection Set: 27.5ms
[2026-01-16T08:47:20.995+0000][gc,phases   ] GC(408)   Other: 3.2ms
[2026-01-16T08:47:20.995+0000][gc,heap     ] GC(408) Eden regions: 47->0(46)
[2026-01-16T08:47:20.995+0000][gc,heap     ] GC(408) Survivor regions: 4->5(7)
[2026-01-16T08:47:20.995+0000][gc,heap     ] GC(408) Old regions: 129->129
[2026-01-16T08:47:20.995+0000][gc,heap     ] GC(408) Humongous regions: 47->47
[2026-01-16T08:47:20.996+0000][gc,metaspace] GC(408) Metaspace: 12233K(12608K)->12233K(12608K) NonClass: 11155K(11328K)->11155K(11328K) Class: 1078K(1280K)->1078K(1280K)
[2026-01-16T08:47:20.996+0000][gc          ] GC(408) Pause Young (Normal) (G1 Evacuation Pause) 226M->180M(1024M) 280.938ms
[2026-01-16T08:47:20.997+0000][gc,cpu      ] GC(408) User=0.12s Sys=0.00s Real=0.29s
[2026-01-16T08:47:22.390+0000][gc,start    ] GC(409) Pause Young (Normal) (G1 Evacuation Pause)
[2026-01-16T08:47:22.395+0000][gc,task     ] GC(409) Using 8 workers of 8 for evacuation
[2026-01-16T08:47:22.635+0000][gc,mmu      ] GC(409) MMU target violated: 201.0ms (200.0ms/201.0ms)
[2026-01-16T08:47:22.644+0000][gc,phases   ] GC(409)   Pre Evacuate Collection Set: 24.7ms
[2026-01-16T08:47:22.644+0000][gc,phases   ] GC(409)   Merge Heap Roots: 7.7ms
[2026-01-16T08:47:22.644+0000][gc,phases   ] GC(409)   Evacuate Collection Set: 159.2ms
[2026-01-16T08:47:22.644+0000][gc,phases   ] GC(409)   Post Evacuate Collection Set: 47.1ms
[2026-01-16T08:47:22.645+0000][gc,phases   ] GC(409)   Other: 10.7ms
[2026-01-16T08:47:22.645+0000][gc,heap     ] GC(409) Eden regions: 46->0(46)
[2026-01-16T08:47:22.645+0000][gc,heap     ] GC(409) Survivor regions: 5->5(7)
[2026-01-16T08:47:22.646+0000][gc,heap     ] GC(409) Old regions: 129->130
[2026-01-16T08:47:22.648+0000][gc,heap     ] GC(409) Humongous regions: 47->47
[2026-01-16T08:47:22.649+0000][gc,metaspace] GC(409) Metaspace: 12233K(12608K)->12233K(12608K) NonClass: 11155K(11328K)->11155K(11328K) Class: 1078K(1280K)->1078K(1280K)
[2026-01-16T08:47:22.652+0000][gc          ] GC(409) Pause Young (Normal) (G1 Evacuation Pause) 226M->181M(1024M) 261.912ms
[2026-01-16T08:47:22.652+0000][gc,cpu      ] GC(409) User=0.15s Sys=0.03s Real=0.26s
[2026-01-16T08:47:24.802+0000][gc,start    ] GC(410) Pause Young (Normal) (G1 Evacuation Pause)
[2026-01-16T08:47:24.812+0000][gc,task     ] GC(410) Using 8 workers of 8 for evacuation
[2026-01-16T08:47:25.420+0000][gc,mmu      ] GC(410) MMU target violated: 201.0ms (200.0ms/201.0ms)
[2026-01-16T08:47:25.422+0000][gc,phases   ] GC(410)   Pre Evacuate Collection Set: 49.2ms
[2026-01-16T08:47:25.422+0000][gc,phases   ] GC(410)   Merge Heap Roots: 5.8ms
[2026-01-16T08:47:25.423+0000][gc,phases   ] GC(410)   Evacuate Collection Set: 545.5ms
[2026-01-16T08:47:25.424+0000][gc,phases   ] GC(410)   Post Evacuate Collection Set: 3.6ms
[2026-01-16T08:47:25.424+0000][gc,phases   ] GC(410)   Other: 5.7ms
[2026-01-16T08:47:25.425+0000][gc,heap     ] GC(410) Eden regions: 46->0(47)
[2026-01-16T08:47:25.426+0000][gc,heap     ] GC(410) Survivor regions: 5->4(7)
[2026-01-16T08:47:25.430+0000][gc,heap     ] GC(410) Old regions: 130->131
[2026-01-16T08:47:25.434+0000][gc,heap     ] GC(410) Humongous regions: 47->47
[2026-01-16T08:47:25.434+0000][gc,metaspace] GC(410) Metaspace: 12233K(12608K)->12233K(12608K) NonClass: 11155K(11328K)->11155K(11328K) Class: 1078K(1280K)->1078K(1280K)
[2026-01-16T08:47:25.434+0000][gc          ] GC(410) Pause Young (Normal) (G1 Evacuation Pause) 227M->181M(1024M) 632.437ms
[2026-01-16T08:47:25.435+0000][gc,cpu      ] GC(410) User=0.17s Sys=0.04s Real=0.63s
[2026-01-16T08:47:26.803+0000][gc,start    ] GC(411) Pause Young (Normal) (G1 Evacuation Pause)
[2026-01-16T08:47:26.803+0000][gc,task     ] GC(411) Using 8 workers of 8 for evacuation
[2026-01-16T08:47:26.945+0000][gc,phases   ] GC(411)   Pre Evacuate Collection Set: 3.2ms
[2026-01-16T08:47:26.948+0000][gc,phases   ] GC(411)   Merge Heap Roots: 0.4ms
[2026-01-16T08:47:26.950+0000][gc,phases   ] GC(411)   Evacuate Collection Set: 129.5ms
[2026-01-16T08:47:26.951+0000][gc,phases   ] GC(411)   Post Evacuate Collection Set: 8.7ms
[2026-01-16T08:47:26.954+0000][gc,phases   ] GC(411)   Other: 0.6ms
[2026-01-16T08:47:26.958+0000][gc,heap     ] GC(411) Eden regions: 47->0(46)
[2026-01-16T08:47:26.959+0000][gc,heap     ] GC(411) Survivor regions: 4->5(7)
[2026-01-16T08:47:26.960+0000][gc,heap     ] GC(411) Old regions: 131->131
[2026-01-16T08:47:26.961+0000][gc,heap     ] GC(411) Humongous regions: 47->47
[2026-01-16T08:47:26.961+0000][gc,metaspace] GC(411) Metaspace: 12233K(12608K)->12233K(12608K) NonClass: 11155K(11328K)->11155K(11328K) Class: 1078K(1280K)->1078K(1280K)
[2026-01-16T08:47:26.963+0000][gc          ] GC(411) Pause Young (Normal) (G1 Evacuation Pause) 228M->182M(1024M) 160.212ms
[2026-01-16T08:47:26.967+0000][gc,cpu      ] GC(411) User=0.14s Sys=0.01s Real=0.17s
[2026-01-16T08:47:28.039+0000][gc,start    ] GC(412) Pause Young (Normal) (G1 Evacuation Pause)
[2026-01-16T08:47:28.039+0000][gc,task     ] GC(412) Using 8 workers of 8 for evacuation
[2026-01-16T08:47:28.515+0000][gc,mmu      ] GC(412) MMU target violated: 201.0ms (200.0ms/201.0ms)
[2026-01-16T08:47:28.518+0000][gc,phases   ] GC(412)   Pre Evacuate Collection Set: 1.2ms
[2026-01-16T08:47:28.521+0000][gc,phases   ] GC(412)   Merge Heap Roots: 0.1ms
[2026-01-16T08:47:28.524+0000][gc,phases   ] GC(412)   Evacuate Collection Set: 397.6ms
[2026-01-16T08:47:28.525+0000][gc,phases   ] GC(412)   Post Evacuate Collection Set: 76.8ms
[2026-01-16T08:47:28.526+0000][gc,phases   ] GC(412)   Other: 3.3ms
[2026-01-16T08:47:28.528+0000][gc,heap     ] GC(412) Eden regions: 46->0(47)
[2026-01-16T08:47:28.531+0000][gc,heap     ] GC(412) Survivor regions: 5->4(7)
[2026-01-16T08:47:28.531+0000][gc,heap     ] GC(412) Old regions: 131->132
[2026-01-16T08:47:28.532+0000][gc,heap     ] GC(412) Humongous regions: 47->47
[2026-01-16T08:47:28.532+0000][gc,metaspace] GC(412) Metaspace: 12233K(12608K)->12233K(12608K) NonClass: 11155K(11328K)->11155K(11328K) Class: 1078K(1280K)->1078K(1280K)
[2026-01-16T08:47:28.532+0000][gc          ] GC(412) Pause Young (Normal) (G1 Evacuation Pause) 228M->182M(1024M) 493.445ms
[2026-01-16T08:47:28.533+0000][gc,cpu      ] GC(412) User=0.09s Sys=0.07s Real=0.49s
[2026-01-16T08:47:31.095+0000][gc,start    ] GC(413) Pause Young (Normal) (G1 Evacuation Pause)
[2026-01-16T08:47:31.111+0000][gc,task     ] GC(413) Using 8 workers of 8 for evacuation
[2026-01-16T08:47:31.829+0000][gc,mmu      ] GC(413) MMU target violated: 201.0ms (200.0ms/201.0ms)
[2026-01-16T08:47:31.831+0000][gc,phases   ] GC(413)   Pre Evacuate Collection Set: 122.5ms
[2026-01-16T08:47:31.831+0000][gc,phases   ] GC(413)   Merge Heap Roots: 17.5ms
[2026-01-16T08:47:31.833+0000][gc,phases   ] GC(413)   Evacuate Collection Set: 550.4ms
[2026-01-16T08:47:31.833+0000][gc,phases   ] GC(413)   Post Evacuate Collection Set: 25.5ms
[2026-01-16T08:47:31.834+0000][gc,phases   ] GC(413)   Other: 3.6ms
[2026-01-16T08:47:31.837+0000][gc,heap     ] GC(413) Eden regions: 47->0(46)
[2026-01-16T08:47:31.840+0000][gc,heap     ] GC(413) Survivor regions: 4->5(7)
[2026-01-16T08:47:31.842+0000][gc,heap     ] GC(413) Old regions: 132->133
[2026-01-16T08:47:31.845+0000][gc,heap     ] GC(413) Humongous regions: 47->47
[2026-01-16T08:47:31.846+0000][gc,metaspace] GC(413) Metaspace: 12233K(12608K)->12233K(12608K) NonClass: 11155K(11328K)->11155K(11328K) Class: 1078K(1280K)->1078K(1280K)
[2026-01-16T08:47:31.846+0000][gc          ] GC(413) Pause Young (Normal) (G1 Evacuation Pause) 229M->183M(1024M) 751.571ms
[2026-01-16T08:47:31.849+0000][gc,cpu      ] GC(413) User=0.30s Sys=0.03s Real=0.76s
[2026-01-16T08:47:33.886+0000][gc,start    ] GC(414) Pause Young (Normal) (G1 Evacuation Pause)
[2026-01-16T08:47:33.888+0000][gc,task     ] GC(414) Using 8 workers of 8 for evacuation
[2026-01-16T08:47:34.022+0000][gc,phases   ] GC(414)   Pre Evacuate Collection Set: 17.4ms
[2026-01-16T08:47:34.023+0000][gc,phases   ] GC(414)   Merge Heap Roots: 3.5ms
[2026-01-16T08:47:34.024+0000][gc,phases   ] GC(414)   Evacuate Collection Set: 102.4ms
[2026-01-16T08:47:34.024+0000][gc,phases   ] GC(414)   Post Evacuate Collection Set: 10.6ms
[2026-01-16T08:47:34.025+0000][gc,phases   ] GC(414)   Other: 0.5ms
[2026-01-16T08:47:34.025+0000][gc,heap     ] GC(414) Eden regions: 46->0(46)
[2026-01-16T08:47:34.025+0000][gc,heap     ] GC(414) Survivor regions: 5->5(7)
[2026-01-16T08:47:34.025+0000][gc,heap     ] GC(414) Old regions: 133->133
[2026-01-16T08:47:34.026+0000][gc,heap     ] GC(414) Humongous regions: 47->47
[2026-01-16T08:47:34.026+0000][gc,metaspace] GC(414) Metaspace: 12236K(12608K)->12236K(12608K) NonClass: 11158K(11328K)->11158K(11328K) Class: 1078K(1280K)->1078K(1280K)
[2026-01-16T08:47:34.026+0000][gc          ] GC(414) Pause Young (Normal) (G1 Evacuation Pause) 229M->183M(1024M) 140.001ms
[2026-01-16T08:47:34.027+0000][gc,cpu      ] GC(414) User=0.08s Sys=0.01s Real=0.14s
[2026-01-16T08:47:34.371+0000][gc,start    ] GC(415) Pause Young (Normal) (G1 Evacuation Pause)
[2026-01-16T08:47:34.372+0000][gc,task     ] GC(415) Using 8 workers of 8 for evacuation
[2026-01-16T08:47:34.477+0000][gc,phases   ] GC(415)   Pre Evacuate Collection Set: 3.6ms
[2026-01-16T08:47:34.479+0000][gc,phases   ] GC(415)   Merge Heap Roots: 0.4ms
[2026-01-16T08:47:34.480+0000][gc,phases   ] GC(415)   Evacuate Collection Set: 96.7ms
[2026-01-16T08:47:34.482+0000][gc,phases   ] GC(415)   Post Evacuate Collection Set: 3.1ms
[2026-01-16T08:47:34.485+0000][gc,phases   ] GC(415)   Other: 0.6ms
[2026-01-16T08:47:34.486+0000][gc,heap     ] GC(415) Eden regions: 46->0(47)
[2026-01-16T08:47:34.488+0000][gc,heap     ] GC(415) Survivor regions: 5->4(7)
[2026-01-16T08:47:34.489+0000][gc,heap     ] GC(415) Old regions: 133->134
[2026-01-16T08:47:34.489+0000][gc,heap     ] GC(415) Humongous regions: 47->47
[2026-01-16T08:47:34.491+0000][gc,metaspace] GC(415) Metaspace: 12245K(12672K)->12245K(12672K) NonClass: 11167K(11392K)->11167K(11392K) Class: 1078K(1280K)->1078K(1280K)
[2026-01-16T08:47:34.492+0000][gc          ] GC(415) Pause Young (Normal) (G1 Evacuation Pause) 229M->184M(1024M) 120.677ms
[2026-01-16T08:47:34.494+0000][gc,cpu      ] GC(415) User=0.04s Sys=0.00s Real=0.12s
[2026-01-16T08:47:36.296+0000][gc,start    ] GC(416) Pause Young (Normal) (G1 Evacuation Pause)
[2026-01-16T08:47:36.321+0000][gc,task     ] GC(416) Using 8 workers of 8 for evacuation
[2026-01-16T08:47:36.975+0000][gc,mmu      ] GC(416) MMU target violated: 201.0ms (200.0ms/201.0ms)
[2026-01-16T08:47:36.979+0000][gc,phases   ] GC(416)   Pre Evacuate Collection Set: 186.4ms
[2026-01-16T08:47:36.983+0000][gc,phases   ] GC(416)   Merge Heap Roots: 0.9ms
[2026-01-16T08:47:36.988+0000][gc,phases   ] GC(416)   Evacuate Collection Set: 347.4ms
[2026-01-16T08:47:36.993+0000][gc,phases   ] GC(416)   Post Evacuate Collection Set: 93.5ms
[2026-01-16T08:47:36.998+0000][gc,phases   ] GC(416)   Other: 29.8ms
[2026-01-16T08:47:37.001+0000][gc,heap     ] GC(416) Eden regions: 47->0(46)
[2026-01-16T08:47:37.004+0000][gc,heap     ] GC(416) Survivor regions: 4->5(7)
[2026-01-16T08:47:37.006+0000][gc,heap     ] GC(416) Old regions: 134->134
[2026-01-16T08:47:37.007+0000][gc,heap     ] GC(416) Humongous regions: 47->47
[2026-01-16T08:47:37.013+0000][gc,metaspace] GC(416) Metaspace: 12245K(12672K)->12245K(12672K) NonClass: 11167K(11392K)->11167K(11392K) Class: 1078K(1280K)->1078K(1280K)
[2026-01-16T08:47:37.016+0000][gc          ] GC(416) Pause Young (Normal) (G1 Evacuation Pause) 231M->185M(1024M) 731.974ms
[2026-01-16T08:47:37.018+0000][gc,cpu      ] GC(416) User=0.26s Sys=0.05s Real=0.74s
[2026-01-16T08:47:38.745+0000][gc,start    ] GC(417) Pause Young (Normal) (G1 Evacuation Pause)
[2026-01-16T08:47:38.747+0000][gc,task     ] GC(417) Using 8 workers of 8 for evacuation
[2026-01-16T08:47:39.185+0000][gc,mmu      ] GC(417) MMU target violated: 201.0ms (200.0ms/201.0ms)
[2026-01-16T08:47:39.186+0000][gc,phases   ] GC(417)   Pre Evacuate Collection Set: 11.6ms
[2026-01-16T08:47:39.190+0000][gc,phases   ] GC(417)   Merge Heap Roots: 1.1ms
[2026-01-16T08:47:39.191+0000][gc,phases   ] GC(417)   Evacuate Collection Set: 413.3ms
[2026-01-16T08:47:39.192+0000][gc,phases   ] GC(417)   Post Evacuate Collection Set: 10.0ms
[2026-01-16T08:47:39.193+0000][gc,phases   ] GC(417)   Other: 2.9ms
[2026-01-16T08:47:39.195+0000][gc,heap     ] GC(417) Eden regions: 46->0(46)
[2026-01-16T08:47:39.195+0000][gc,heap     ] GC(417) Survivor regions: 5->5(7)
[2026-01-16T08:47:39.195+0000][gc,heap     ] GC(417) Old regions: 134->135
[2026-01-16T08:47:39.197+0000][gc,heap     ] GC(417) Humongous regions: 47->47
[2026-01-16T08:47:39.197+0000][gc,metaspace] GC(417) Metaspace: 12245K(12672K)->12245K(12672K) NonClass: 11167K(11392K)->11167K(11392K) Class: 1078K(1280K)->1078K(1280K)
[2026-01-16T08:47:39.198+0000][gc          ] GC(417) Pause Young (Normal) (G1 Evacuation Pause) 231M->185M(1024M) 453.616ms
[2026-01-16T08:47:39.199+0000][gc,cpu      ] GC(417) User=0.17s Sys=0.05s Real=0.46s
[2026-01-16T08:47:40.505+0000][gc,start    ] GC(418) Pause Young (Normal) (G1 Evacuation Pause)
[2026-01-16T08:47:40.508+0000][gc,task     ] GC(418) Using 8 workers of 8 for evacuation
[2026-01-16T08:47:41.224+0000][gc,mmu      ] GC(418) MMU target violated: 201.0ms (200.0ms/201.0ms)
[2026-01-16T08:47:41.226+0000][gc,phases   ] GC(418)   Pre Evacuate Collection Set: 68.7ms
[2026-01-16T08:47:41.227+0000][gc,phases   ] GC(418)   Merge Heap Roots: 7.4ms
[2026-01-16T08:47:41.229+0000][gc,phases   ] GC(418)   Evacuate Collection Set: 588.7ms
[2026-01-16T08:47:41.232+0000][gc,phases   ] GC(418)   Post Evacuate Collection Set: 46.0ms
[2026-01-16T08:47:41.232+0000][gc,phases   ] GC(418)   Other: 7.1ms
[2026-01-16T08:47:41.232+0000][gc,heap     ] GC(418) Eden regions: 46->0(46)
[2026-01-16T08:47:41.233+0000][gc,heap     ] GC(418) Survivor regions: 5->5(7)
[2026-01-16T08:47:41.233+0000][gc,heap     ] GC(418) Old regions: 135->136
[2026-01-16T08:47:41.241+0000][gc,heap     ] GC(418) Humongous regions: 47->47
[2026-01-16T08:47:41.242+0000][gc,metaspace] GC(418) Metaspace: 12246K(12672K)->12246K(12672K) NonClass: 11168K(11392K)->11168K(11392K) Class: 1078K(1280K)->1078K(1280K)
[2026-01-16T08:47:41.243+0000][gc          ] GC(418) Pause Young (Normal) (G1 Evacuation Pause) 231M->186M(1024M) 738.782ms
[2026-01-16T08:47:41.244+0000][gc,cpu      ] GC(418) User=0.17s Sys=0.04s Real=0.74s
[2026-01-16T08:47:42.948+0000][gc,start    ] GC(419) Pause Young (Normal) (G1 Evacuation Pause)
[2026-01-16T08:47:42.949+0000][gc,task     ] GC(419) Using 8 workers of 8 for evacuation
[2026-01-16T08:47:43.190+0000][gc,mmu      ] GC(419) MMU target violated: 201.0ms (200.0ms/201.0ms)
[2026-01-16T08:47:43.192+0000][gc,phases   ] GC(419)   Pre Evacuate Collection Set: 29.8ms
[2026-01-16T08:47:43.193+0000][gc,phases   ] GC(419)   Merge Heap Roots: 15.3ms
[2026-01-16T08:47:43.194+0000][gc,phases   ] GC(419)   Evacuate Collection Set: 182.8ms
[2026-01-16T08:47:43.198+0000][gc,phases   ] GC(419)   Post Evacuate Collection Set: 13.2ms
[2026-01-16T08:47:43.199+0000][gc,phases   ] GC(419)   Other: 2.0ms
[2026-01-16T08:47:43.199+0000][gc,heap     ] GC(419) Eden regions: 46->0(47)
[2026-01-16T08:47:43.200+0000][gc,heap     ] GC(419) Survivor regions: 5->4(7)
[2026-01-16T08:47:43.202+0000][gc,heap     ] GC(419) Old regions: 136->137
[2026-01-16T08:47:43.202+0000][gc,heap     ] GC(419) Humongous regions: 47->47
[2026-01-16T08:47:43.204+0000][gc,metaspace] GC(419) Metaspace: 12247K(12672K)->12247K(12672K) NonClass: 11169K(11392K)->11169K(11392K) Class: 1078K(1280K)->1078K(1280K)
[2026-01-16T08:47:43.208+0000][gc          ] GC(419) Pause Young (Normal) (G1 Evacuation Pause) 232M->187M(1024M) 259.557ms
[2026-01-16T08:47:43.208+0000][gc,cpu      ] GC(419) User=0.12s Sys=0.03s Real=0.26s
[2026-01-16T08:47:44.279+0000][gc,start    ] GC(420) Pause Young (Normal) (G1 Evacuation Pause)
[2026-01-16T08:47:44.282+0000][gc,task     ] GC(420) Using 8 workers of 8 for evacuation
[2026-01-16T08:47:44.532+0000][gc,mmu      ] GC(420) MMU target violated: 201.0ms (200.0ms/201.0ms)
[2026-01-16T08:47:44.532+0000][gc,phases   ] GC(420)   Pre Evacuate Collection Set: 1.3ms
[2026-01-16T08:47:44.532+0000][gc,phases   ] GC(420)   Merge Heap Roots: 0.3ms
[2026-01-16T08:47:44.532+0000][gc,phases   ] GC(420)   Evacuate Collection Set: 221.5ms
[2026-01-16T08:47:44.538+0000][gc,phases   ] GC(420)   Post Evacuate Collection Set: 16.6ms
[2026-01-16T08:47:44.538+0000][gc,phases   ] GC(420)   Other: 10.1ms
[2026-01-16T08:47:44.539+0000][gc,heap     ] GC(420) Eden regions: 47->0(46)
[2026-01-16T08:47:44.545+0000][gc,heap     ] GC(420) Survivor regions: 4->5(7)
[2026-01-16T08:47:44.548+0000][gc,heap     ] GC(420) Old regions: 137->137
[2026-01-16T08:47:44.550+0000][gc,heap     ] GC(420) Humongous regions: 47->47
[2026-01-16T08:47:44.552+0000][gc,metaspace] GC(420) Metaspace: 12247K(12672K)->12247K(12672K) NonClass: 11169K(11392K)->11169K(11392K) Class: 1078K(1280K)->1078K(1280K)
[2026-01-16T08:47:44.553+0000][gc          ] GC(420) Pause Young (Normal) (G1 Evacuation Pause) 234M->188M(1024M) 273.636ms
[2026-01-16T08:47:44.554+0000][gc,cpu      ] GC(420) User=0.07s Sys=0.04s Real=0.27s
[2026-01-16T08:47:47.527+0000][gc,start    ] GC(421) Pause Young (Normal) (G1 Evacuation Pause)
[2026-01-16T08:47:47.538+0000][gc,task     ] GC(421) Using 8 workers of 8 for evacuation
[2026-01-16T08:47:48.074+0000][gc,mmu      ] GC(421) MMU target violated: 201.0ms (200.0ms/201.0ms)
[2026-01-16T08:47:48.077+0000][gc,phases   ] GC(421)   Pre Evacuate Collection Set: 76.8ms
[2026-01-16T08:47:48.078+0000][gc,phases   ] GC(421)   Merge Heap Roots: 36.7ms
[2026-01-16T08:47:48.081+0000][gc,phases   ] GC(421)   Evacuate Collection Set: 393.5ms
[2026-01-16T08:47:48.082+0000][gc,phases   ] GC(421)   Post Evacuate Collection Set: 17.6ms
[2026-01-16T08:47:48.082+0000][gc,phases   ] GC(421)   Other: 14.1ms
[2026-01-16T08:47:48.082+0000][gc,heap     ] GC(421) Eden regions: 46->0(47)
[2026-01-16T08:47:48.085+0000][gc,heap     ] GC(421) Survivor regions: 5->4(7)
[2026-01-16T08:47:48.086+0000][gc,heap     ] GC(421) Old regions: 137->138
[2026-01-16T08:47:48.087+0000][gc,heap     ] GC(421) Humongous regions: 47->47
[2026-01-16T08:47:48.088+0000][gc,metaspace] GC(421) Metaspace: 12247K(12672K)->12247K(12672K) NonClass: 11169K(11392K)->11169K(11392K) Class: 1078K(1280K)->1078K(1280K)
[2026-01-16T08:47:48.089+0000][gc          ] GC(421) Pause Young (Normal) (G1 Evacuation Pause) 234M->188M(1024M) 563.995ms
[2026-01-16T08:47:48.091+0000][gc,cpu      ] GC(421) User=0.32s Sys=0.07s Real=0.57s
[2026-01-16T08:47:51.777+0000][gc,start    ] GC(422) Pause Young (Normal) (G1 Evacuation Pause)
[2026-01-16T08:47:51.787+0000][gc,task     ] GC(422) Using 8 workers of 8 for evacuation
[2026-01-16T08:47:52.829+0000][gc,mmu      ] GC(422) MMU target violated: 201.0ms (200.0ms/201.0ms)
[2026-01-16T08:47:52.831+0000][gc,phases   ] GC(422)   Pre Evacuate Collection Set: 40.8ms
[2026-01-16T08:47:52.835+0000][gc,phases   ] GC(422)   Merge Heap Roots: 2.2ms
[2026-01-16T08:47:52.843+0000][gc,phases   ] GC(422)   Evacuate Collection Set: 969.8ms
[2026-01-16T08:47:52.844+0000][gc,phases   ] GC(422)   Post Evacuate Collection Set: 25.3ms
[2026-01-16T08:47:52.844+0000][gc,phases   ] GC(422)   Other: 8.5ms
[2026-01-16T08:47:52.845+0000][gc,heap     ] GC(422) Eden regions: 47->0(46)
[2026-01-16T08:47:52.845+0000][gc,heap     ] GC(422) Survivor regions: 4->5(7)
[2026-01-16T08:47:52.845+0000][gc,heap     ] GC(422) Old regions: 138->138
[2026-01-16T08:47:52.846+0000][gc,heap     ] GC(422) Humongous regions: 47->47
[2026-01-16T08:47:52.847+0000][gc,metaspace] GC(422) Metaspace: 12247K(12672K)->12247K(12672K) NonClass: 11169K(11392K)->11169K(11392K) Class: 1078K(1280K)->1078K(1280K)
[2026-01-16T08:47:52.850+0000][gc          ] GC(422) Pause Young (Normal) (G1 Evacuation Pause) 235M->188M(1024M) 1073.323ms
[2026-01-16T08:47:52.851+0000][gc,cpu      ] GC(422) User=0.41s Sys=0.03s Real=1.07s
[2026-01-16T08:47:57.443+0000][gc,start    ] GC(423) Pause Young (Normal) (G1 Evacuation Pause)
[2026-01-16T08:47:57.449+0000][gc,task     ] GC(423) Using 8 workers of 8 for evacuation
[2026-01-16T08:47:58.559+0000][gc,mmu      ] GC(423) MMU target violated: 201.0ms (200.0ms/201.0ms)
[2026-01-16T08:47:58.561+0000][gc,phases   ] GC(423)   Pre Evacuate Collection Set: 50.6ms
[2026-01-16T08:47:58.563+0000][gc,phases   ] GC(423)   Merge Heap Roots: 7.3ms
[2026-01-16T08:47:58.563+0000][gc,phases   ] GC(423)   Evacuate Collection Set: 1033.5ms
[2026-01-16T08:47:58.565+0000][gc,phases   ] GC(423)   Post Evacuate Collection Set: 15.8ms
[2026-01-16T08:47:58.565+0000][gc,phases   ] GC(423)   Other: 5.0ms
[2026-01-16T08:47:58.566+0000][gc,heap     ] GC(423) Eden regions: 46->0(46)
[2026-01-16T08:47:58.570+0000][gc,heap     ] GC(423) Survivor regions: 5->5(7)
[2026-01-16T08:47:58.572+0000][gc,heap     ] GC(423) Old regions: 138->138
[2026-01-16T08:47:58.574+0000][gc,heap     ] GC(423) Humongous regions: 47->47
[2026-01-16T08:47:58.575+0000][gc,metaspace] GC(423) Metaspace: 12247K(12672K)->12247K(12672K) NonClass: 11169K(11392K)->11169K(11392K) Class: 1078K(1280K)->1078K(1280K)
[2026-01-16T08:47:58.577+0000][gc          ] GC(423) Pause Young (Normal) (G1 Evacuation Pause) 234M->189M(1024M) 1133.291ms
[2026-01-16T08:47:58.578+0000][gc,cpu      ] GC(423) User=0.36s Sys=0.05s Real=1.14s
[2026-01-16T08:48:02.522+0000][gc,start    ] GC(424) Pause Young (Normal) (G1 Evacuation Pause)
[2026-01-16T08:48:02.588+0000][gc,task     ] GC(424) Using 8 workers of 8 for evacuation
[2026-01-16T08:48:03.218+0000][gc,mmu      ] GC(424) MMU target violated: 201.0ms (200.0ms/201.0ms)
[2026-01-16T08:48:03.221+0000][gc,phases   ] GC(424)   Pre Evacuate Collection Set: 41.7ms
[2026-01-16T08:48:03.227+0000][gc,phases   ] GC(424)   Merge Heap Roots: 2.2ms
[2026-01-16T08:48:03.228+0000][gc,phases   ] GC(424)   Evacuate Collection Set: 553.8ms
[2026-01-16T08:48:03.229+0000][gc,phases   ] GC(424)   Post Evacuate Collection Set: 16.1ms
[2026-01-16T08:48:03.230+0000][gc,phases   ] GC(424)   Other: 20.7ms
[2026-01-16T08:48:03.231+0000][gc,heap     ] GC(424) Eden regions: 46->0(46)
[2026-01-16T08:48:03.231+0000][gc,heap     ] GC(424) Survivor regions: 5->5(7)
[2026-01-16T08:48:03.232+0000][gc,heap     ] GC(424) Old regions: 138->139
[2026-01-16T08:48:03.232+0000][gc,heap     ] GC(424) Humongous regions: 47->47
[2026-01-16T08:48:03.234+0000][gc,metaspace] GC(424) Metaspace: 12247K(12672K)->12247K(12672K) NonClass: 11169K(11392K)->11169K(11392K) Class: 1078K(1280K)->1078K(1280K)
[2026-01-16T08:48:03.236+0000][gc          ] GC(424) Pause Young (Normal) (G1 Evacuation Pause) 235M->190M(1024M) 714.212ms
[2026-01-16T08:48:03.237+0000][gc,cpu      ] GC(424) User=0.47s Sys=0.09s Real=0.72s
[2026-01-16T08:48:06.209+0000][gc,start    ] GC(425) Pause Young (Normal) (G1 Evacuation Pause)
[2026-01-16T08:48:06.211+0000][gc,task     ] GC(425) Using 8 workers of 8 for evacuation
[2026-01-16T08:48:06.924+0000][gc,mmu      ] GC(425) MMU target violated: 201.0ms (200.0ms/201.0ms)
[2026-01-16T08:48:06.926+0000][gc,phases   ] GC(425)   Pre Evacuate Collection Set: 61.4ms
[2026-01-16T08:48:06.930+0000][gc,phases   ] GC(425)   Merge Heap Roots: 21.6ms
[2026-01-16T08:48:06.932+0000][gc,phases   ] GC(425)   Evacuate Collection Set: 586.0ms
[2026-01-16T08:48:06.936+0000][gc,phases   ] GC(425)   Post Evacuate Collection Set: 38.1ms
[2026-01-16T08:48:06.937+0000][gc,phases   ] GC(425)   Other: 7.7ms
[2026-01-16T08:48:06.937+0000][gc,heap     ] GC(425) Eden regions: 46->0(46)
[2026-01-16T08:48:06.937+0000][gc,heap     ] GC(425) Survivor regions: 5->5(7)
[2026-01-16T08:48:06.939+0000][gc,heap     ] GC(425) Old regions: 139->140
[2026-01-16T08:48:06.939+0000][gc,heap     ] GC(425) Humongous regions: 47->47
[2026-01-16T08:48:06.939+0000][gc,metaspace] GC(425) Metaspace: 12247K(12672K)->12247K(12672K) NonClass: 11169K(11392K)->11169K(11392K) Class: 1078K(1280K)->1078K(1280K)
[2026-01-16T08:48:06.940+0000][gc          ] GC(425) Pause Young (Normal) (G1 Evacuation Pause) 236M->190M(1024M) 731.369ms
[2026-01-16T08:48:06.941+0000][gc,cpu      ] GC(425) User=0.36s Sys=0.04s Real=0.73s
[2026-01-16T08:48:09.399+0000][gc,start    ] GC(426) Pause Young (Normal) (G1 Evacuation Pause)
[2026-01-16T08:48:09.422+0000][gc,task     ] GC(426) Using 8 workers of 8 for evacuation
[2026-01-16T08:48:09.816+0000][gc,mmu      ] GC(426) MMU target violated: 201.0ms (200.0ms/201.0ms)
[2026-01-16T08:48:09.817+0000][gc,phases   ] GC(426)   Pre Evacuate Collection Set: 37.0ms
[2026-01-16T08:48:09.818+0000][gc,phases   ] GC(426)   Merge Heap Roots: 7.5ms
[2026-01-16T08:48:09.819+0000][gc,phases   ] GC(426)   Evacuate Collection Set: 336.8ms
[2026-01-16T08:48:09.819+0000][gc,phases   ] GC(426)   Post Evacuate Collection Set: 9.2ms
[2026-01-16T08:48:09.820+0000][gc,phases   ] GC(426)   Other: 5.4ms
[2026-01-16T08:48:09.820+0000][gc,heap     ] GC(426) Eden regions: 46->0(46)
[2026-01-16T08:48:09.821+0000][gc,heap     ] GC(426) Survivor regions: 5->5(7)
[2026-01-16T08:48:09.826+0000][gc,heap     ] GC(426) Old regions: 140->140
[2026-01-16T08:48:09.828+0000][gc,heap     ] GC(426) Humongous regions: 47->47
[2026-01-16T08:48:09.829+0000][gc,metaspace] GC(426) Metaspace: 12247K(12672K)->12247K(12672K) NonClass: 11169K(11392K)->11169K(11392K) Class: 1078K(1280K)->1078K(1280K)
[2026-01-16T08:48:09.830+0000][gc          ] GC(426) Pause Young (Normal) (G1 Evacuation Pause) 236M->191M(1024M) 432.033ms
[2026-01-16T08:48:09.831+0000][gc,cpu      ] GC(426) User=0.25s Sys=0.04s Real=0.43s
[2026-01-16T08:48:15.024+0000][gc,start    ] GC(427) Pause Young (Normal) (G1 Evacuation Pause)
[2026-01-16T08:48:15.149+0000][gc,task     ] GC(427) Using 8 workers of 8 for evacuation
[2026-01-16T08:48:15.751+0000][gc,mmu      ] GC(427) MMU target violated: 201.0ms (200.0ms/201.0ms)
[2026-01-16T08:48:15.752+0000][gc,phases   ] GC(427)   Pre Evacuate Collection Set: 176.9ms
[2026-01-16T08:48:15.754+0000][gc,phases   ] GC(427)   Merge Heap Roots: 14.0ms
[2026-01-16T08:48:15.755+0000][gc,phases   ] GC(427)   Evacuate Collection Set: 391.5ms
[2026-01-16T08:48:15.756+0000][gc,phases   ] GC(427)   Post Evacuate Collection Set: 16.1ms
[2026-01-16T08:48:15.757+0000][gc,phases   ] GC(427)   Other: 4.7ms
[2026-01-16T08:48:15.758+0000][gc,heap     ] GC(427) Eden regions: 46->0(46)
[2026-01-16T08:48:15.758+0000][gc,heap     ] GC(427) Survivor regions: 5->5(7)
[2026-01-16T08:48:15.759+0000][gc,heap     ] GC(427) Old regions: 140->141
[2026-01-16T08:48:15.762+0000][gc,heap     ] GC(427) Humongous regions: 47->47
[2026-01-16T08:48:15.764+0000][gc,metaspace] GC(427) Metaspace: 12247K(12672K)->12247K(12672K) NonClass: 11169K(11392K)->11169K(11392K) Class: 1078K(1280K)->1078K(1280K)
[2026-01-16T08:48:15.767+0000][gc          ] GC(427) Pause Young (Normal) (G1 Evacuation Pause) 237M->192M(1024M) 743.425ms
[2026-01-16T08:48:15.767+0000][gc,cpu      ] GC(427) User=0.33s Sys=0.05s Real=0.75s
[2026-01-16T08:48:17.706+0000][gc,start    ] GC(428) Pause Young (Normal) (G1 Evacuation Pause)
[2026-01-16T08:48:17.708+0000][gc,task     ] GC(428) Using 8 workers of 8 for evacuation
[2026-01-16T08:48:18.157+0000][gc,mmu      ] GC(428) MMU target violated: 201.0ms (200.0ms/201.0ms)
[2026-01-16T08:48:18.164+0000][gc,phases   ] GC(428)   Pre Evacuate Collection Set: 24.5ms
[2026-01-16T08:48:18.166+0000][gc,phases   ] GC(428)   Merge Heap Roots: 21.6ms
[2026-01-16T08:48:18.166+0000][gc,phases   ] GC(428)   Evacuate Collection Set: 375.0ms
[2026-01-16T08:48:18.169+0000][gc,phases   ] GC(428)   Post Evacuate Collection Set: 19.9ms
[2026-01-16T08:48:18.172+0000][gc,phases   ] GC(428)   Other: 15.0ms
[2026-01-16T08:48:18.174+0000][gc,heap     ] GC(428) Eden regions: 46->0(47)
[2026-01-16T08:48:18.176+0000][gc,heap     ] GC(428) Survivor regions: 5->4(7)
[2026-01-16T08:48:18.179+0000][gc,heap     ] GC(428) Old regions: 141->142
[2026-01-16T08:48:18.181+0000][gc,heap     ] GC(428) Humongous regions: 47->47
[2026-01-16T08:48:18.184+0000][gc,metaspace] GC(428) Metaspace: 12249K(12672K)->12249K(12672K) NonClass: 11171K(11392K)->11171K(11392K) Class: 1078K(1280K)->1078K(1280K)
[2026-01-16T08:48:18.186+0000][gc          ] GC(428) Pause Young (Normal) (G1 Evacuation Pause) 238M->192M(1024M) 479.704ms
[2026-01-16T08:48:18.187+0000][gc,cpu      ] GC(428) User=0.17s Sys=0.04s Real=0.48s
[2026-01-16T08:48:19.471+0000][gc,start    ] GC(429) Pause Young (Normal) (G1 Evacuation Pause)
[2026-01-16T08:48:19.472+0000][gc,task     ] GC(429) Using 8 workers of 8 for evacuation
[2026-01-16T08:48:19.581+0000][gc,phases   ] GC(429)   Pre Evacuate Collection Set: 5.8ms
[2026-01-16T08:48:19.582+0000][gc,phases   ] GC(429)   Merge Heap Roots: 0.3ms
[2026-01-16T08:48:19.583+0000][gc,phases   ] GC(429)   Evacuate Collection Set: 100.2ms
[2026-01-16T08:48:19.584+0000][gc,phases   ] GC(429)   Post Evacuate Collection Set: 1.8ms
[2026-01-16T08:48:19.585+0000][gc,phases   ] GC(429)   Other: 1.2ms
[2026-01-16T08:48:19.587+0000][gc,heap     ] GC(429) Eden regions: 47->0(46)
[2026-01-16T08:48:19.589+0000][gc,heap     ] GC(429) Survivor regions: 4->5(7)
[2026-01-16T08:48:19.591+0000][gc,heap     ] GC(429) Old regions: 142->142
[2026-01-16T08:48:19.591+0000][gc,heap     ] GC(429) Humongous regions: 47->47
[2026-01-16T08:48:19.591+0000][gc,metaspace] GC(429) Metaspace: 12249K(12672K)->12249K(12672K) NonClass: 11171K(11392K)->11171K(11392K) Class: 1078K(1280K)->1078K(1280K)
[2026-01-16T08:48:19.591+0000][gc          ] GC(429) Pause Young (Normal) (G1 Evacuation Pause) 239M->193M(1024M) 119.940ms
[2026-01-16T08:48:19.592+0000][gc,cpu      ] GC(429) User=0.07s Sys=0.01s Real=0.12s
[2026-01-16T08:48:20.824+0000][gc,start    ] GC(430) Pause Young (Normal) (GCLocker Initiated GC)
[2026-01-16T08:48:20.832+0000][gc,task     ] GC(430) Using 8 workers of 8 for evacuation
[2026-01-16T08:48:21.367+0000][gc,mmu      ] GC(430) MMU target violated: 201.0ms (200.0ms/201.0ms)
[2026-01-16T08:48:21.370+0000][gc,phases   ] GC(430)   Pre Evacuate Collection Set: 3.2ms
[2026-01-16T08:48:21.371+0000][gc,phases   ] GC(430)   Merge Heap Roots: 0.4ms
[2026-01-16T08:48:21.372+0000][gc,phases   ] GC(430)   Evacuate Collection Set: 448.8ms
[2026-01-16T08:48:21.372+0000][gc,phases   ] GC(430)   Post Evacuate Collection Set: 76.5ms
[2026-01-16T08:48:21.373+0000][gc,phases   ] GC(430)   Other: 9.4ms
[2026-01-16T08:48:21.373+0000][gc,heap     ] GC(430) Eden regions: 48->0(47)
[2026-01-16T08:48:21.374+0000][gc,heap     ] GC(430) Survivor regions: 5->4(7)
[2026-01-16T08:48:21.374+0000][gc,heap     ] GC(430) Old regions: 142->143
[2026-01-16T08:48:21.374+0000][gc,heap     ] GC(430) Humongous regions: 47->47
[2026-01-16T08:48:21.375+0000][gc,metaspace] GC(430) Metaspace: 12249K(12672K)->12249K(12672K) NonClass: 11171K(11392K)->11171K(11392K) Class: 1078K(1280K)->1078K(1280K)
[2026-01-16T08:48:21.377+0000][gc          ] GC(430) Pause Young (Normal) (GCLocker Initiated GC) 240M->193M(1024M) 552.359ms
[2026-01-16T08:48:21.380+0000][gc,cpu      ] GC(430) User=0.19s Sys=0.04s Real=0.55s
[2026-01-16T08:48:27.589+0000][gc,start    ] GC(431) Pause Young (Normal) (G1 Evacuation Pause)
[2026-01-16T08:48:27.597+0000][gc,task     ] GC(431) Using 8 workers of 8 for evacuation
[2026-01-16T08:48:29.642+0000][gc,mmu      ] GC(431) MMU target violated: 201.0ms (200.0ms/201.0ms)
[2026-01-16T08:48:29.651+0000][gc,phases   ] GC(431)   Pre Evacuate Collection Set: 137.1ms
[2026-01-16T08:48:29.654+0000][gc,phases   ] GC(431)   Merge Heap Roots: 16.1ms
[2026-01-16T08:48:29.657+0000][gc,phases   ] GC(431)   Evacuate Collection Set: 1713.8ms
[2026-01-16T08:48:29.659+0000][gc,phases   ] GC(431)   Post Evacuate Collection Set: 177.0ms
[2026-01-16T08:48:29.660+0000][gc,phases   ] GC(431)   Other: 10.6ms
[2026-01-16T08:48:29.662+0000][gc,heap     ] GC(431) Eden regions: 47->0(47)
[2026-01-16T08:48:29.673+0000][gc,heap     ] GC(431) Survivor regions: 4->4(7)
[2026-01-16T08:48:29.677+0000][gc,heap     ] GC(431) Old regions: 143->144
[2026-01-16T08:48:29.678+0000][gc,heap     ] GC(431) Humongous regions: 47->47
[2026-01-16T08:48:29.680+0000][gc,metaspace] GC(431) Metaspace: 12249K(12672K)->12249K(12672K) NonClass: 11171K(11392K)->11171K(11392K) Class: 1078K(1280K)->1078K(1280K)
[2026-01-16T08:48:29.681+0000][gc          ] GC(431) Pause Young (Normal) (G1 Evacuation Pause) 240M->194M(1024M) 2091.393ms
[2026-01-16T08:48:29.683+0000][gc,cpu      ] GC(431) User=0.70s Sys=0.13s Real=2.09s
[2026-01-16T08:48:37.027+0000][gc,start    ] GC(432) Pause Young (Normal) (G1 Evacuation Pause)
[2026-01-16T08:48:37.028+0000][gc,task     ] GC(432) Using 8 workers of 8 for evacuation
[2026-01-16T08:48:37.892+0000][gc,mmu      ] GC(432) MMU target violated: 201.0ms (200.0ms/201.0ms)
[2026-01-16T08:48:37.894+0000][gc,phases   ] GC(432)   Pre Evacuate Collection Set: 128.3ms
[2026-01-16T08:48:37.896+0000][gc,phases   ] GC(432)   Merge Heap Roots: 3.2ms
[2026-01-16T08:48:37.897+0000][gc,phases   ] GC(432)   Evacuate Collection Set: 707.5ms
[2026-01-16T08:48:37.898+0000][gc,phases   ] GC(432)   Post Evacuate Collection Set: 24.0ms
[2026-01-16T08:48:37.899+0000][gc,phases   ] GC(432)   Other: 3.1ms
[2026-01-16T08:48:37.900+0000][gc,heap     ] GC(432) Eden regions: 47->0(46)
[2026-01-16T08:48:37.901+0000][gc,heap     ] GC(432) Survivor regions: 4->5(7)
[2026-01-16T08:48:37.901+0000][gc,heap     ] GC(432) Old regions: 144->144
[2026-01-16T08:48:37.902+0000][gc,heap     ] GC(432) Humongous regions: 47->47
[2026-01-16T08:48:37.903+0000][gc,metaspace] GC(432) Metaspace: 12254K(12672K)->12254K(12672K) NonClass: 11176K(11392K)->11176K(11392K) Class: 1078K(1280K)->1078K(1280K)
[2026-01-16T08:48:37.903+0000][gc          ] GC(432) Pause Young (Normal) (G1 Evacuation Pause) 241M->195M(1024M) 875.807ms
[2026-01-16T08:48:37.904+0000][gc,cpu      ] GC(432) User=0.37s Sys=0.02s Real=0.88s
[2026-01-16T08:48:40.970+0000][gc,start    ] GC(433) Pause Young (Normal) (G1 Evacuation Pause)
[2026-01-16T08:48:40.971+0000][gc,task     ] GC(433) Using 8 workers of 8 for evacuation
[2026-01-16T08:48:41.495+0000][gc,mmu      ] GC(433) MMU target violated: 201.0ms (200.0ms/201.0ms)
[2026-01-16T08:48:41.505+0000][gc,phases   ] GC(433)   Pre Evacuate Collection Set: 82.1ms
[2026-01-16T08:48:41.505+0000][gc,phases   ] GC(433)   Merge Heap Roots: 74.3ms
[2026-01-16T08:48:41.505+0000][gc,phases   ] GC(433)   Evacuate Collection Set: 325.2ms
[2026-01-16T08:48:41.505+0000][gc,phases   ] GC(433)   Post Evacuate Collection Set: 42.7ms
[2026-01-16T08:48:41.506+0000][gc,phases   ] GC(433)   Other: 10.0ms
[2026-01-16T08:48:41.506+0000][gc,heap     ] GC(433) Eden regions: 46->0(46)
[2026-01-16T08:48:41.506+0000][gc,heap     ] GC(433) Survivor regions: 5->5(7)
[2026-01-16T08:48:41.506+0000][gc,heap     ] GC(433) Old regions: 144->145
[2026-01-16T08:48:41.506+0000][gc,heap     ] GC(433) Humongous regions: 47->47
[2026-01-16T08:48:41.507+0000][gc,metaspace] GC(433) Metaspace: 12255K(12672K)->12255K(12672K) NonClass: 11177K(11392K)->11177K(11392K) Class: 1078K(1280K)->1078K(1280K)
[2026-01-16T08:48:41.510+0000][gc          ] GC(433) Pause Young (Normal) (G1 Evacuation Pause) 241M->195M(1024M) 540.302ms
[2026-01-16T08:48:41.510+0000][gc,cpu      ] GC(433) User=0.27s Sys=0.03s Real=0.54s
[2026-01-16T08:48:42.925+0000][gc,start    ] GC(434) Pause Young (Normal) (G1 Evacuation Pause)
[2026-01-16T08:48:42.925+0000][gc,task     ] GC(434) Using 8 workers of 8 for evacuation
[2026-01-16T08:48:43.069+0000][gc,phases   ] GC(434)   Pre Evacuate Collection Set: 23.0ms
[2026-01-16T08:48:43.070+0000][gc,phases   ] GC(434)   Merge Heap Roots: 4.5ms
[2026-01-16T08:48:43.070+0000][gc,phases   ] GC(434)   Evacuate Collection Set: 108.0ms
[2026-01-16T08:48:43.070+0000][gc,phases   ] GC(434)   Post Evacuate Collection Set: 3.3ms
[2026-01-16T08:48:43.071+0000][gc,phases   ] GC(434)   Other: 5.1ms
[2026-01-16T08:48:43.071+0000][gc,heap     ] GC(434) Eden regions: 46->0(47)
[2026-01-16T08:48:43.071+0000][gc,heap     ] GC(434) Survivor regions: 5->4(7)
[2026-01-16T08:48:43.072+0000][gc,heap     ] GC(434) Old regions: 145->146
[2026-01-16T08:48:43.072+0000][gc,heap     ] GC(434) Humongous regions: 47->47
[2026-01-16T08:48:43.072+0000][gc,metaspace] GC(434) Metaspace: 12255K(12672K)->12255K(12672K) NonClass: 11177K(11392K)->11177K(11392K) Class: 1078K(1280K)->1078K(1280K)
[2026-01-16T08:48:43.073+0000][gc          ] GC(434) Pause Young (Normal) (G1 Evacuation Pause) 241M->196M(1024M) 148.125ms
[2026-01-16T08:48:43.074+0000][gc,cpu      ] GC(434) User=0.06s Sys=0.03s Real=0.15s
[2026-01-16T08:48:44.315+0000][gc,start    ] GC(435) Pause Young (Normal) (G1 Evacuation Pause)
[2026-01-16T08:48:44.323+0000][gc,task     ] GC(435) Using 8 workers of 8 for evacuation
[2026-01-16T08:48:44.615+0000][gc,mmu      ] GC(435) MMU target violated: 201.0ms (200.0ms/201.0ms)
[2026-01-16T08:48:44.615+0000][gc,phases   ] GC(435)   Pre Evacuate Collection Set: 7.4ms
[2026-01-16T08:48:44.616+0000][gc,phases   ] GC(435)   Merge Heap Roots: 2.8ms
[2026-01-16T08:48:44.616+0000][gc,phases   ] GC(435)   Evacuate Collection Set: 275.6ms
[2026-01-16T08:48:44.616+0000][gc,phases   ] GC(435)   Post Evacuate Collection Set: 1.2ms
[2026-01-16T08:48:44.616+0000][gc,phases   ] GC(435)   Other: 5.1ms
[2026-01-16T08:48:44.616+0000][gc,heap     ] GC(435) Eden regions: 47->0(46)
[2026-01-16T08:48:44.616+0000][gc,heap     ] GC(435) Survivor regions: 4->5(7)
[2026-01-16T08:48:44.616+0000][gc,heap     ] GC(435) Old regions: 146->146
[2026-01-16T08:48:44.616+0000][gc,heap     ] GC(435) Humongous regions: 47->47
[2026-01-16T08:48:44.616+0000][gc,metaspace] GC(435) Metaspace: 12255K(12672K)->12255K(12672K) NonClass: 11177K(11392K)->11177K(11392K) Class: 1078K(1280K)->1078K(1280K)
[2026-01-16T08:48:44.616+0000][gc          ] GC(435) Pause Young (Normal) (G1 Evacuation Pause) 243M->197M(1024M) 300.895ms
[2026-01-16T08:48:44.616+0000][gc,cpu      ] GC(435) User=0.10s Sys=0.03s Real=0.30s
[2026-01-16T08:48:46.144+0000][gc,start    ] GC(436) Pause Young (Normal) (G1 Evacuation Pause)
[2026-01-16T08:48:46.152+0000][gc,task     ] GC(436) Using 8 workers of 8 for evacuation
[2026-01-16T08:48:46.383+0000][gc,mmu      ] GC(436) MMU target violated: 201.0ms (200.0ms/201.0ms)
[2026-01-16T08:48:46.384+0000][gc,phases   ] GC(436)   Pre Evacuate Collection Set: 9.9ms
[2026-01-16T08:48:46.384+0000][gc,phases   ] GC(436)   Merge Heap Roots: 13.7ms
[2026-01-16T08:48:46.385+0000][gc,phases   ] GC(436)   Evacuate Collection Set: 182.2ms
[2026-01-16T08:48:46.385+0000][gc,phases   ] GC(436)   Post Evacuate Collection Set: 21.3ms
[2026-01-16T08:48:46.386+0000][gc,phases   ] GC(436)   Other: 7.3ms
[2026-01-16T08:48:46.386+0000][gc,heap     ] GC(436) Eden regions: 46->0(47)
[2026-01-16T08:48:46.387+0000][gc,heap     ] GC(436) Survivor regions: 5->4(7)
[2026-01-16T08:48:46.387+0000][gc,heap     ] GC(436) Old regions: 146->147
[2026-01-16T08:48:46.388+0000][gc,heap     ] GC(436) Humongous regions: 47->47
[2026-01-16T08:48:46.388+0000][gc,metaspace] GC(436) Metaspace: 12255K(12672K)->12255K(12672K) NonClass: 11177K(11392K)->11177K(11392K) Class: 1078K(1280K)->1078K(1280K)
[2026-01-16T08:48:46.388+0000][gc          ] GC(436) Pause Young (Normal) (G1 Evacuation Pause) 243M->197M(1024M) 243.447ms
[2026-01-16T08:48:46.389+0000][gc,cpu      ] GC(436) User=0.10s Sys=0.02s Real=0.25s
[2026-01-16T08:48:48.262+0000][gc,start    ] GC(437) Pause Young (Normal) (G1 Evacuation Pause)
[2026-01-16T08:48:48.275+0000][gc,task     ] GC(437) Using 8 workers of 8 for evacuation
[2026-01-16T08:48:48.598+0000][gc,mmu      ] GC(437) MMU target violated: 201.0ms (200.0ms/201.0ms)
[2026-01-16T08:48:48.607+0000][gc,phases   ] GC(437)   Pre Evacuate Collection Set: 28.0ms
[2026-01-16T08:48:48.608+0000][gc,phases   ] GC(437)   Merge Heap Roots: 9.5ms
[2026-01-16T08:48:48.620+0000][gc,phases   ] GC(437)   Evacuate Collection Set: 244.6ms
[2026-01-16T08:48:48.621+0000][gc,phases   ] GC(437)   Post Evacuate Collection Set: 38.5ms
[2026-01-16T08:48:48.622+0000][gc,phases   ] GC(437)   Other: 18.4ms
[2026-01-16T08:48:48.623+0000][gc,heap     ] GC(437) Eden regions: 47->0(47)
[2026-01-16T08:48:48.624+0000][gc,heap     ] GC(437) Survivor regions: 4->4(7)
[2026-01-16T08:48:48.625+0000][gc,heap     ] GC(437) Old regions: 147->148
[2026-01-16T08:48:48.627+0000][gc,heap     ] GC(437) Humongous regions: 47->47
[2026-01-16T08:48:48.627+0000][gc,metaspace] GC(437) Metaspace: 12255K(12672K)->12255K(12672K) NonClass: 11177K(11392K)->11177K(11392K) Class: 1078K(1280K)->1078K(1280K)
[2026-01-16T08:48:48.638+0000][gc          ] GC(437) Pause Young (Normal) (G1 Evacuation Pause) 244M->197M(1024M) 379.501ms
[2026-01-16T08:48:48.640+0000][gc,cpu      ] GC(437) User=0.17s Sys=0.04s Real=0.39s
[2026-01-16T08:48:51.150+0000][gc,start    ] GC(438) Pause Young (Normal) (G1 Evacuation Pause)
[2026-01-16T08:48:51.154+0000][gc,task     ] GC(438) Using 8 workers of 8 for evacuation
[2026-01-16T08:48:51.395+0000][gc,mmu      ] GC(438) MMU target violated: 201.0ms (200.0ms/201.0ms)
[2026-01-16T08:48:51.397+0000][gc,phases   ] GC(438)   Pre Evacuate Collection Set: 24.1ms
[2026-01-16T08:48:51.403+0000][gc,phases   ] GC(438)   Merge Heap Roots: 11.7ms
[2026-01-16T08:48:51.404+0000][gc,phases   ] GC(438)   Evacuate Collection Set: 189.7ms
[2026-01-16T08:48:51.405+0000][gc,phases   ] GC(438)   Post Evacuate Collection Set: 12.6ms
[2026-01-16T08:48:51.406+0000][gc,phases   ] GC(438)   Other: 4.4ms
[2026-01-16T08:48:51.406+0000][gc,heap     ] GC(438) Eden regions: 47->0(47)
[2026-01-16T08:48:51.406+0000][gc,heap     ] GC(438) Survivor regions: 4->4(7)
[2026-01-16T08:48:51.407+0000][gc,heap     ] GC(438) Old regions: 148->148
[2026-01-16T08:48:51.415+0000][gc,heap     ] GC(438) Humongous regions: 47->47
[2026-01-16T08:48:51.416+0000][gc,metaspace] GC(438) Metaspace: 12255K(12672K)->12255K(12672K) NonClass: 11177K(11392K)->11177K(11392K) Class: 1078K(1280K)->1078K(1280K)
[2026-01-16T08:48:51.422+0000][gc          ] GC(438) Pause Young (Normal) (G1 Evacuation Pause) 244M->198M(1024M) 272.411ms
[2026-01-16T08:48:51.427+0000][gc,cpu      ] GC(438) User=0.18s Sys=0.02s Real=0.27s
[2026-01-16T08:48:53.114+0000][gc,start    ] GC(439) Pause Young (Normal) (G1 Evacuation Pause)
[2026-01-16T08:48:53.120+0000][gc,task     ] GC(439) Using 8 workers of 8 for evacuation
[2026-01-16T08:48:53.412+0000][gc,mmu      ] GC(439) MMU target violated: 201.0ms (200.0ms/201.0ms)
[2026-01-16T08:48:53.413+0000][gc,phases   ] GC(439)   Pre Evacuate Collection Set: 24.3ms
[2026-01-16T08:48:53.414+0000][gc,phases   ] GC(439)   Merge Heap Roots: 1.3ms
[2026-01-16T08:48:53.415+0000][gc,phases   ] GC(439)   Evacuate Collection Set: 257.7ms
[2026-01-16T08:48:53.415+0000][gc,phases   ] GC(439)   Post Evacuate Collection Set: 6.3ms
[2026-01-16T08:48:53.416+0000][gc,phases   ] GC(439)   Other: 4.1ms
[2026-01-16T08:48:53.418+0000][gc,heap     ] GC(439) Eden regions: 47->0(47)
[2026-01-16T08:48:53.419+0000][gc,heap     ] GC(439) Survivor regions: 4->4(7)
[2026-01-16T08:48:53.421+0000][gc,heap     ] GC(439) Old regions: 148->149
[2026-01-16T08:48:53.423+0000][gc,heap     ] GC(439) Humongous regions: 47->47
[2026-01-16T08:48:53.423+0000][gc,metaspace] GC(439) Metaspace: 12255K(12672K)->12255K(12672K) NonClass: 11177K(11392K)->11177K(11392K) Class: 1078K(1280K)->1078K(1280K)
[2026-01-16T08:48:53.424+0000][gc          ] GC(439) Pause Young (Normal) (G1 Evacuation Pause) 245M->199M(1024M) 309.956ms
[2026-01-16T08:48:53.426+0000][gc,cpu      ] GC(439) User=0.15s Sys=0.03s Real=0.31s
[2026-01-16T08:48:56.340+0000][gc,start    ] GC(440) Pause Young (Normal) (G1 Evacuation Pause)
[2026-01-16T08:48:56.345+0000][gc,task     ] GC(440) Using 8 workers of 8 for evacuation
[2026-01-16T08:48:57.054+0000][gc,mmu      ] GC(440) MMU target violated: 201.0ms (200.0ms/201.0ms)
[2026-01-16T08:48:57.055+0000][gc,phases   ] GC(440)   Pre Evacuate Collection Set: 21.7ms
[2026-01-16T08:48:57.056+0000][gc,phases   ] GC(440)   Merge Heap Roots: 3.2ms
[2026-01-16T08:48:57.058+0000][gc,phases   ] GC(440)   Evacuate Collection Set: 547.5ms
[2026-01-16T08:48:57.059+0000][gc,phases   ] GC(440)   Post Evacuate Collection Set: 134.5ms
[2026-01-16T08:48:57.060+0000][gc,phases   ] GC(440)   Other: 3.3ms
[2026-01-16T08:48:57.060+0000][gc,heap     ] GC(440) Eden regions: 47->0(46)
[2026-01-16T08:48:57.062+0000][gc,heap     ] GC(440) Survivor regions: 4->5(7)
[2026-01-16T08:48:57.063+0000][gc,heap     ] GC(440) Old regions: 149->149
[2026-01-16T08:48:57.063+0000][gc,heap     ] GC(440) Humongous regions: 47->47
[2026-01-16T08:48:57.063+0000][gc,metaspace] GC(440) Metaspace: 12255K(12672K)->12255K(12672K) NonClass: 11177K(11392K)->11177K(11392K) Class: 1078K(1280K)->1078K(1280K)
[2026-01-16T08:48:57.063+0000][gc          ] GC(440) Pause Young (Normal) (G1 Evacuation Pause) 246M->199M(1024M) 723.041ms
[2026-01-16T08:48:57.065+0000][gc,cpu      ] GC(440) User=0.33s Sys=0.03s Real=0.72s
[2026-01-16T08:49:02.148+0000][gc,start    ] GC(441) Pause Young (Normal) (G1 Evacuation Pause)
[2026-01-16T08:49:02.153+0000][gc,task     ] GC(441) Using 8 workers of 8 for evacuation
[2026-01-16T08:49:03.767+0000][gc,mmu      ] GC(441) MMU target violated: 201.0ms (200.0ms/201.0ms)
[2026-01-16T08:49:03.770+0000][gc,phases   ] GC(441)   Pre Evacuate Collection Set: 58.8ms
[2026-01-16T08:49:03.772+0000][gc,phases   ] GC(441)   Merge Heap Roots: 12.4ms
[2026-01-16T08:49:03.773+0000][gc,phases   ] GC(441)   Evacuate Collection Set: 1427.4ms
[2026-01-16T08:49:03.773+0000][gc,phases   ] GC(441)   Post Evacuate Collection Set: 101.1ms
[2026-01-16T08:49:03.773+0000][gc,phases   ] GC(441)   Other: 17.6ms
[2026-01-16T08:49:03.776+0000][gc,heap     ] GC(441) Eden regions: 46->0(46)
[2026-01-16T08:49:03.777+0000][gc,heap     ] GC(441) Survivor regions: 5->5(7)
[2026-01-16T08:49:03.779+0000][gc,heap     ] GC(441) Old regions: 149->150
[2026-01-16T08:49:03.779+0000][gc,heap     ] GC(441) Humongous regions: 47->47
[2026-01-16T08:49:03.780+0000][gc,metaspace] GC(441) Metaspace: 12255K(12672K)->12255K(12672K) NonClass: 11177K(11392K)->11177K(11392K) Class: 1078K(1280K)->1078K(1280K)
[2026-01-16T08:49:03.783+0000][gc          ] GC(441) Pause Young (Normal) (G1 Evacuation Pause) 245M->200M(1024M) 1635.677ms
[2026-01-16T08:49:03.785+0000][gc,cpu      ] GC(441) User=0.42s Sys=0.05s Real=1.64s
[2026-01-16T08:49:09.544+0000][gc,start    ] GC(442) Pause Young (Normal) (G1 Evacuation Pause)
[2026-01-16T08:49:09.574+0000][gc,task     ] GC(442) Using 8 workers of 8 for evacuation
[2026-01-16T08:49:09.998+0000][gc,mmu      ] GC(442) MMU target violated: 201.0ms (200.0ms/201.0ms)
[2026-01-16T08:49:09.998+0000][gc,phases   ] GC(442)   Pre Evacuate Collection Set: 39.8ms
[2026-01-16T08:49:10.001+0000][gc,phases   ] GC(442)   Merge Heap Roots: 6.9ms
[2026-01-16T08:49:10.007+0000][gc,phases   ] GC(442)   Evacuate Collection Set: 352.0ms
[2026-01-16T08:49:10.010+0000][gc,phases   ] GC(442)   Post Evacuate Collection Set: 13.0ms
[2026-01-16T08:49:10.015+0000][gc,phases   ] GC(442)   Other: 29.6ms
[2026-01-16T08:49:10.015+0000][gc,heap     ] GC(442) Eden regions: 46->0(46)
[2026-01-16T08:49:10.015+0000][gc,heap     ] GC(442) Survivor regions: 5->5(7)
[2026-01-16T08:49:10.015+0000][gc,heap     ] GC(442) Old regions: 150->150
[2026-01-16T08:49:10.015+0000][gc,heap     ] GC(442) Humongous regions: 47->47
[2026-01-16T08:49:10.015+0000][gc,metaspace] GC(442) Metaspace: 12256K(12672K)->12256K(12672K) NonClass: 11177K(11392K)->11177K(11392K) Class: 1078K(1280K)->1078K(1280K)
[2026-01-16T08:49:10.015+0000][gc          ] GC(442) Pause Young (Normal) (G1 Evacuation Pause) 246M->201M(1024M) 471.011ms
[2026-01-16T08:49:10.015+0000][gc,cpu      ] GC(442) User=0.34s Sys=0.02s Real=0.47s
[2026-01-16T08:49:12.053+0000][gc,start    ] GC(443) Pause Young (Normal) (G1 Evacuation Pause)
[2026-01-16T08:49:12.056+0000][gc,task     ] GC(443) Using 8 workers of 8 for evacuation
[2026-01-16T08:49:12.239+0000][gc,phases   ] GC(443)   Pre Evacuate Collection Set: 33.0ms
[2026-01-16T08:49:12.242+0000][gc,phases   ] GC(443)   Merge Heap Roots: 3.1ms
[2026-01-16T08:49:12.242+0000][gc,phases   ] GC(443)   Evacuate Collection Set: 131.1ms
[2026-01-16T08:49:12.244+0000][gc,phases   ] GC(443)   Post Evacuate Collection Set: 11.0ms
[2026-01-16T08:49:12.246+0000][gc,phases   ] GC(443)   Other: 6.8ms
[2026-01-16T08:49:12.247+0000][gc,heap     ] GC(443) Eden regions: 46->0(48)
[2026-01-16T08:49:12.249+0000][gc,heap     ] GC(443) Survivor regions: 5->3(7)
[2026-01-16T08:49:12.251+0000][gc,heap     ] GC(443) Old regions: 150->151
[2026-01-16T08:49:12.252+0000][gc,heap     ] GC(443) Humongous regions: 47->47
[2026-01-16T08:49:12.252+0000][gc,metaspace] GC(443) Metaspace: 12256K(12672K)->12256K(12672K) NonClass: 11177K(11392K)->11177K(11392K) Class: 1078K(1280K)->1078K(1280K)
[2026-01-16T08:49:12.252+0000][gc          ] GC(443) Pause Young (Normal) (G1 Evacuation Pause) 247M->200M(1024M) 199.371ms
[2026-01-16T08:49:12.253+0000][gc,cpu      ] GC(443) User=0.16s Sys=0.02s Real=0.20s
[2026-01-16T08:49:15.418+0000][gc,start    ] GC(444) Pause Young (Normal) (G1 Evacuation Pause)
[2026-01-16T08:49:15.457+0000][gc,task     ] GC(444) Using 8 workers of 8 for evacuation
[2026-01-16T08:49:15.964+0000][gc,mmu      ] GC(444) MMU target violated: 201.0ms (200.0ms/201.0ms)
[2026-01-16T08:49:15.966+0000][gc,phases   ] GC(444)   Pre Evacuate Collection Set: 134.9ms
[2026-01-16T08:49:15.973+0000][gc,phases   ] GC(444)   Merge Heap Roots: 20.5ms
[2026-01-16T08:49:15.975+0000][gc,phases   ] GC(444)   Evacuate Collection Set: 244.4ms
[2026-01-16T08:49:15.978+0000][gc,phases   ] GC(444)   Post Evacuate Collection Set: 95.3ms
[2026-01-16T08:49:15.979+0000][gc,phases   ] GC(444)   Other: 26.9ms
[2026-01-16T08:49:15.981+0000][gc,heap     ] GC(444) Eden regions: 48->0(47)
[2026-01-16T08:49:15.982+0000][gc,heap     ] GC(444) Survivor regions: 3->4(7)
[2026-01-16T08:49:15.983+0000][gc,heap     ] GC(444) Old regions: 151->151
[2026-01-16T08:49:15.987+0000][gc,heap     ] GC(444) Humongous regions: 47->47
[2026-01-16T08:49:15.992+0000][gc,metaspace] GC(444) Metaspace: 12256K(12672K)->12256K(12672K) NonClass: 11178K(11392K)->11178K(11392K) Class: 1078K(1280K)->1078K(1280K)
[2026-01-16T08:49:16.000+0000][gc          ] GC(444) Pause Young (Normal) (G1 Evacuation Pause) 248M->200M(1024M) 582.149ms
[2026-01-16T08:49:16.011+0000][gc,cpu      ] GC(444) User=0.33s Sys=0.04s Real=0.60s
[2026-01-16T08:49:20.584+0000][gc,start    ] GC(445) Pause Young (Normal) (G1 Evacuation Pause)
[2026-01-16T08:49:20.586+0000][gc,task     ] GC(445) Using 8 workers of 8 for evacuation
[2026-01-16T08:49:20.927+0000][gc,mmu      ] GC(445) MMU target violated: 201.0ms (200.0ms/201.0ms)
[2026-01-16T08:49:20.927+0000][gc,phases   ] GC(445)   Pre Evacuate Collection Set: 25.6ms
[2026-01-16T08:49:20.927+0000][gc,phases   ] GC(445)   Merge Heap Roots: 15.1ms
[2026-01-16T08:49:20.928+0000][gc,phases   ] GC(445)   Evacuate Collection Set: 281.5ms
[2026-01-16T08:49:20.928+0000][gc,phases   ] GC(445)   Post Evacuate Collection Set: 18.2ms
[2026-01-16T08:49:20.928+0000][gc,phases   ] GC(445)   Other: 1.1ms
[2026-01-16T08:49:20.928+0000][gc,heap     ] GC(445) Eden regions: 47->0(47)
[2026-01-16T08:49:20.929+0000][gc,heap     ] GC(445) Survivor regions: 4->4(7)
[2026-01-16T08:49:20.930+0000][gc,heap     ] GC(445) Old regions: 151->151
[2026-01-16T08:49:20.930+0000][gc,heap     ] GC(445) Humongous regions: 47->47
[2026-01-16T08:49:20.931+0000][gc,metaspace] GC(445) Metaspace: 12256K(12672K)->12256K(12672K) NonClass: 11178K(11392K)->11178K(11392K) Class: 1078K(1280K)->1078K(1280K)
[2026-01-16T08:49:20.934+0000][gc          ] GC(445) Pause Young (Normal) (G1 Evacuation Pause) 247M->201M(1024M) 350.395ms
[2026-01-16T08:49:20.937+0000][gc,cpu      ] GC(445) User=0.26s Sys=0.03s Real=0.35s
[2026-01-16T08:49:22.694+0000][gc,start    ] GC(446) Pause Young (Normal) (G1 Evacuation Pause)
[2026-01-16T08:49:22.696+0000][gc,task     ] GC(446) Using 8 workers of 8 for evacuation
[2026-01-16T08:49:23.027+0000][gc,mmu      ] GC(446) MMU target violated: 201.0ms (200.0ms/201.0ms)
[2026-01-16T08:49:23.027+0000][gc,phases   ] GC(446)   Pre Evacuate Collection Set: 12.6ms
[2026-01-16T08:49:23.027+0000][gc,phases   ] GC(446)   Merge Heap Roots: 8.7ms
[2026-01-16T08:49:23.028+0000][gc,phases   ] GC(446)   Evacuate Collection Set: 228.8ms
[2026-01-16T08:49:23.028+0000][gc,phases   ] GC(446)   Post Evacuate Collection Set: 62.5ms
[2026-01-16T08:49:23.028+0000][gc,phases   ] GC(446)   Other: 19.2ms
[2026-01-16T08:49:23.028+0000][gc,heap     ] GC(446) Eden regions: 47->0(46)
[2026-01-16T08:49:23.028+0000][gc,heap     ] GC(446) Survivor regions: 4->5(7)
[2026-01-16T08:49:23.035+0000][gc,heap     ] GC(446) Old regions: 151->151
[2026-01-16T08:49:23.036+0000][gc,heap     ] GC(446) Humongous regions: 47->47
[2026-01-16T08:49:23.037+0000][gc,metaspace] GC(446) Metaspace: 12259K(12672K)->12259K(12672K) NonClass: 11181K(11392K)->11181K(11392K) Class: 1078K(1280K)->1078K(1280K)
[2026-01-16T08:49:23.050+0000][gc          ] GC(446) Pause Young (Normal) (G1 Evacuation Pause) 248M->202M(1024M) 356.070ms
[2026-01-16T08:49:23.056+0000][gc,cpu      ] GC(446) User=0.13s Sys=0.01s Real=0.36s
[2026-01-16T08:49:24.618+0000][gc,start    ] GC(447) Pause Young (Normal) (G1 Evacuation Pause)
[2026-01-16T08:49:24.624+0000][gc,task     ] GC(447) Using 8 workers of 8 for evacuation
[2026-01-16T08:49:24.795+0000][gc,phases   ] GC(447)   Pre Evacuate Collection Set: 19.1ms
[2026-01-16T08:49:24.795+0000][gc,phases   ] GC(447)   Merge Heap Roots: 5.1ms
[2026-01-16T08:49:24.796+0000][gc,phases   ] GC(447)   Evacuate Collection Set: 138.4ms
[2026-01-16T08:49:24.796+0000][gc,phases   ] GC(447)   Post Evacuate Collection Set: 7.4ms
[2026-01-16T08:49:24.796+0000][gc,phases   ] GC(447)   Other: 0.9ms
[2026-01-16T08:49:24.799+0000][gc,heap     ] GC(447) Eden regions: 46->0(48)
[2026-01-16T08:49:24.800+0000][gc,heap     ] GC(447) Survivor regions: 5->3(7)
[2026-01-16T08:49:24.800+0000][gc,heap     ] GC(447) Old regions: 151->152
[2026-01-16T08:49:24.801+0000][gc,heap     ] GC(447) Humongous regions: 47->47
[2026-01-16T08:49:24.801+0000][gc,metaspace] GC(447) Metaspace: 12259K(12672K)->12259K(12672K) NonClass: 11181K(11392K)->11181K(11392K) Class: 1078K(1280K)->1078K(1280K)
[2026-01-16T08:49:24.801+0000][gc          ] GC(447) Pause Young (Normal) (G1 Evacuation Pause) 248M->201M(1024M) 183.132ms
[2026-01-16T08:49:24.802+0000][gc,cpu      ] GC(447) User=0.09s Sys=0.01s Real=0.19s
[2026-01-16T08:49:31.504+0000][gc,start    ] GC(448) Pause Young (Normal) (G1 Evacuation Pause)
[2026-01-16T08:49:31.612+0000][gc,task     ] GC(448) Using 8 workers of 8 for evacuation
[2026-01-16T08:49:32.761+0000][gc,mmu      ] GC(448) MMU target violated: 201.0ms (200.0ms/201.0ms)
[2026-01-16T08:49:32.762+0000][gc,phases   ] GC(448)   Pre Evacuate Collection Set: 117.5ms
[2026-01-16T08:49:32.763+0000][gc,phases   ] GC(448)   Merge Heap Roots: 44.2ms
[2026-01-16T08:49:32.763+0000][gc,phases   ] GC(448)   Evacuate Collection Set: 908.8ms
[2026-01-16T08:49:32.764+0000][gc,phases   ] GC(448)   Post Evacuate Collection Set: 74.8ms
[2026-01-16T08:49:32.764+0000][gc,phases   ] GC(448)   Other: 5.5ms
[2026-01-16T08:49:32.767+0000][gc,heap     ] GC(448) Eden regions: 48->0(49)
[2026-01-16T08:49:32.770+0000][gc,heap     ] GC(448) Survivor regions: 3->2(7)
[2026-01-16T08:49:32.773+0000][gc,heap     ] GC(448) Old regions: 152->152
[2026-01-16T08:49:32.777+0000][gc,heap     ] GC(448) Humongous regions: 47->47
[2026-01-16T08:49:32.783+0000][gc,metaspace] GC(448) Metaspace: 12260K(12672K)->12260K(12672K) NonClass: 11182K(11392K)->11182K(11392K) Class: 1078K(1280K)->1078K(1280K)
[2026-01-16T08:49:32.786+0000][gc          ] GC(448) Pause Young (Normal) (G1 Evacuation Pause) 249M->200M(1024M) 1281.456ms
[2026-01-16T08:49:32.788+0000][gc,cpu      ] GC(448) User=0.47s Sys=0.05s Real=1.28s
[2026-01-16T08:49:38.064+0000][gc,start    ] GC(449) Pause Young (Normal) (G1 Evacuation Pause)
[2026-01-16T08:49:38.067+0000][gc,task     ] GC(449) Using 8 workers of 8 for evacuation
[2026-01-16T08:49:38.295+0000][gc,mmu      ] GC(449) MMU target violated: 201.0ms (200.0ms/201.0ms)
[2026-01-16T08:49:38.296+0000][gc,phases   ] GC(449)   Pre Evacuate Collection Set: 19.5ms
[2026-01-16T08:49:38.296+0000][gc,phases   ] GC(449)   Merge Heap Roots: 2.0ms
[2026-01-16T08:49:38.296+0000][gc,phases   ] GC(449)   Evacuate Collection Set: 198.8ms
[2026-01-16T08:49:38.297+0000][gc,phases   ] GC(449)   Post Evacuate Collection Set: 6.1ms
[2026-01-16T08:49:38.298+0000][gc,phases   ] GC(449)   Other: 2.1ms
[2026-01-16T08:49:38.298+0000][gc,heap     ] GC(449) Eden regions: 49->0(48)
[2026-01-16T08:49:38.300+0000][gc,heap     ] GC(449) Survivor regions: 2->3(7)
[2026-01-16T08:49:38.300+0000][gc,heap     ] GC(449) Old regions: 152->152
[2026-01-16T08:49:38.302+0000][gc,heap     ] GC(449) Humongous regions: 47->47
[2026-01-16T08:49:38.303+0000][gc,metaspace] GC(449) Metaspace: 12261K(12672K)->12261K(12672K) NonClass: 11183K(11392K)->11183K(11392K) Class: 1078K(1280K)->1078K(1280K)
[2026-01-16T08:49:38.303+0000][gc          ] GC(449) Pause Young (Normal) (G1 Evacuation Pause) 249M->201M(1024M) 238.655ms
[2026-01-16T08:49:38.307+0000][gc,cpu      ] GC(449) User=0.16s Sys=0.00s Real=0.24s
[2026-01-16T08:49:39.767+0000][gc,start    ] GC(450) Pause Young (Normal) (G1 Evacuation Pause)
[2026-01-16T08:49:39.772+0000][gc,task     ] GC(450) Using 8 workers of 8 for evacuation
[2026-01-16T08:49:39.885+0000][gc,phases   ] GC(450)   Pre Evacuate Collection Set: 4.0ms
[2026-01-16T08:49:39.885+0000][gc,phases   ] GC(450)   Merge Heap Roots: 1.7ms
[2026-01-16T08:49:39.886+0000][gc,phases   ] GC(450)   Evacuate Collection Set: 81.8ms
[2026-01-16T08:49:39.886+0000][gc,phases   ] GC(450)   Post Evacuate Collection Set: 20.6ms
[2026-01-16T08:49:39.887+0000][gc,phases   ] GC(450)   Other: 5.0ms
[2026-01-16T08:49:39.887+0000][gc,heap     ] GC(450) Eden regions: 48->0(49)
[2026-01-16T08:49:39.887+0000][gc,heap     ] GC(450) Survivor regions: 3->2(7)
[2026-01-16T08:49:39.887+0000][gc,heap     ] GC(450) Old regions: 152->152
[2026-01-16T08:49:39.887+0000][gc,heap     ] GC(450) Humongous regions: 47->47
[2026-01-16T08:49:39.887+0000][gc,metaspace] GC(450) Metaspace: 12262K(12672K)->12262K(12672K) NonClass: 11183K(11392K)->11183K(11392K) Class: 1078K(1280K)->1078K(1280K)
[2026-01-16T08:49:39.888+0000][gc          ] GC(450) Pause Young (Normal) (G1 Evacuation Pause) 249M->200M(1024M) 120.218ms
[2026-01-16T08:49:39.888+0000][gc,cpu      ] GC(450) User=0.08s Sys=0.01s Real=0.12s
[2026-01-16T08:49:40.545+0000][gc,start    ] GC(451) Pause Young (Normal) (G1 Evacuation Pause)
[2026-01-16T08:49:40.547+0000][gc,task     ] GC(451) Using 8 workers of 8 for evacuation
[2026-01-16T08:49:40.650+0000][gc,phases   ] GC(451)   Pre Evacuate Collection Set: 1.4ms
[2026-01-16T08:49:40.651+0000][gc,phases   ] GC(451)   Merge Heap Roots: 0.1ms
[2026-01-16T08:49:40.652+0000][gc,phases   ] GC(451)   Evacuate Collection Set: 95.7ms
[2026-01-16T08:49:40.652+0000][gc,phases   ] GC(451)   Post Evacuate Collection Set: 5.6ms
[2026-01-16T08:49:40.653+0000][gc,phases   ] GC(451)   Other: 0.8ms
[2026-01-16T08:49:40.653+0000][gc,heap     ] GC(451) Eden regions: 49->0(48)
[2026-01-16T08:49:40.653+0000][gc,heap     ] GC(451) Survivor regions: 2->3(7)
[2026-01-16T08:49:40.653+0000][gc,heap     ] GC(451) Old regions: 152->152
[2026-01-16T08:49:40.653+0000][gc,heap     ] GC(451) Humongous regions: 47->47
[2026-01-16T08:49:40.654+0000][gc,metaspace] GC(451) Metaspace: 12263K(12672K)->12263K(12672K) NonClass: 11184K(11392K)->11184K(11392K) Class: 1078K(1280K)->1078K(1280K)
[2026-01-16T08:49:40.659+0000][gc          ] GC(451) Pause Young (Normal) (G1 Evacuation Pause) 249M->200M(1024M) 114.169ms
[2026-01-16T08:49:40.660+0000][gc,cpu      ] GC(451) User=0.05s Sys=0.01s Real=0.12s
[2026-01-16T08:49:42.441+0000][gc,start    ] GC(452) Pause Young (Normal) (G1 Evacuation Pause)
[2026-01-16T08:49:42.444+0000][gc,task     ] GC(452) Using 8 workers of 8 for evacuation
[2026-01-16T08:49:42.653+0000][gc,mmu      ] GC(452) MMU target violated: 201.0ms (200.0ms/201.0ms)
[2026-01-16T08:49:42.655+0000][gc,phases   ] GC(452)   Pre Evacuate Collection Set: 19.3ms
[2026-01-16T08:49:42.663+0000][gc,phases   ] GC(452)   Merge Heap Roots: 7.2ms
[2026-01-16T08:49:42.663+0000][gc,phases   ] GC(452)   Evacuate Collection Set: 145.9ms
[2026-01-16T08:49:42.663+0000][gc,phases   ] GC(452)   Post Evacuate Collection Set: 35.9ms
[2026-01-16T08:49:42.664+0000][gc,phases   ] GC(452)   Other: 3.5ms
[2026-01-16T08:49:42.668+0000][gc,heap     ] GC(452) Eden regions: 48->0(48)
[2026-01-16T08:49:42.668+0000][gc,heap     ] GC(452) Survivor regions: 3->3(7)
[2026-01-16T08:49:42.668+0000][gc,heap     ] GC(452) Old regions: 152->152
[2026-01-16T08:49:42.668+0000][gc,heap     ] GC(452) Humongous regions: 47->47
[2026-01-16T08:49:42.668+0000][gc,metaspace] GC(452) Metaspace: 12264K(12672K)->12264K(12672K) NonClass: 11186K(11392K)->11186K(11392K) Class: 1078K(1280K)->1078K(1280K)
[2026-01-16T08:49:42.669+0000][gc          ] GC(452) Pause Young (Normal) (G1 Evacuation Pause) 248M->201M(1024M) 228.032ms
[2026-01-16T08:49:42.669+0000][gc,cpu      ] GC(452) User=0.16s Sys=0.02s Real=0.23s
[2026-01-16T08:49:45.316+0000][gc,start    ] GC(453) Pause Young (Normal) (G1 Evacuation Pause)
[2026-01-16T08:49:45.324+0000][gc,task     ] GC(453) Using 8 workers of 8 for evacuation
[2026-01-16T08:49:45.813+0000][gc,mmu      ] GC(453) MMU target violated: 201.0ms (200.0ms/201.0ms)
[2026-01-16T08:49:45.815+0000][gc,phases   ] GC(453)   Pre Evacuate Collection Set: 14.4ms
[2026-01-16T08:49:45.815+0000][gc,phases   ] GC(453)   Merge Heap Roots: 2.0ms
[2026-01-16T08:49:45.815+0000][gc,phases   ] GC(453)   Evacuate Collection Set: 429.2ms
[2026-01-16T08:49:45.816+0000][gc,phases   ] GC(453)   Post Evacuate Collection Set: 41.1ms
[2026-01-16T08:49:45.816+0000][gc,phases   ] GC(453)   Other: 9.1ms
[2026-01-16T08:49:45.816+0000][gc,heap     ] GC(453) Eden regions: 48->0(49)
[2026-01-16T08:49:45.818+0000][gc,heap     ] GC(453) Survivor regions: 3->2(7)
[2026-01-16T08:49:45.820+0000][gc,heap     ] GC(453) Old regions: 152->152
[2026-01-16T08:49:45.823+0000][gc,heap     ] GC(453) Humongous regions: 47->47
[2026-01-16T08:49:45.824+0000][gc,metaspace] GC(453) Metaspace: 12264K(12672K)->12264K(12672K) NonClass: 11186K(11392K)->11186K(11392K) Class: 1078K(1280K)->1078K(1280K)
[2026-01-16T08:49:45.826+0000][gc          ] GC(453) Pause Young (Normal) (G1 Evacuation Pause) 249M->200M(1024M) 510.214ms
[2026-01-16T08:49:45.833+0000][gc,cpu      ] GC(453) User=0.24s Sys=0.01s Real=0.52s
[2026-01-16T08:50:00.025+0000][gc,start    ] GC(454) Pause Young (Normal) (G1 Evacuation Pause)
[2026-01-16T08:50:00.031+0000][gc,task     ] GC(454) Using 8 workers of 8 for evacuation
[2026-01-16T08:50:00.726+0000][gc,mmu      ] GC(454) MMU target violated: 201.0ms (200.0ms/201.0ms)
[2026-01-16T08:50:00.729+0000][gc,phases   ] GC(454)   Pre Evacuate Collection Set: 105.3ms
[2026-01-16T08:50:00.729+0000][gc,phases   ] GC(454)   Merge Heap Roots: 17.1ms
[2026-01-16T08:50:00.729+0000][gc,phases   ] GC(454)   Evacuate Collection Set: 557.2ms
[2026-01-16T08:50:00.732+0000][gc,phases   ] GC(454)   Post Evacuate Collection Set: 8.6ms
[2026-01-16T08:50:00.733+0000][gc,phases   ] GC(454)   Other: 11.3ms
[2026-01-16T08:50:00.733+0000][gc,heap     ] GC(454) Eden regions: 49->0(49)
[2026-01-16T08:50:00.734+0000][gc,heap     ] GC(454) Survivor regions: 2->2(7)
[2026-01-16T08:50:00.736+0000][gc,heap     ] GC(454) Old regions: 152->152
[2026-01-16T08:50:00.737+0000][gc,heap     ] GC(454) Humongous regions: 47->47
[2026-01-16T08:50:00.739+0000][gc,metaspace] GC(454) Metaspace: 12267K(12672K)->12267K(12672K) NonClass: 11189K(11392K)->11189K(11392K) Class: 1078K(1280K)->1078K(1280K)
[2026-01-16T08:50:00.741+0000][gc          ] GC(454) Pause Young (Normal) (G1 Evacuation Pause) 249M->200M(1024M) 715.021ms
[2026-01-16T08:50:00.755+0000][gc,cpu      ] GC(454) User=0.29s Sys=0.02s Real=0.73s
[2026-01-16T08:50:04.429+0000][gc,start    ] GC(455) Pause Young (Normal) (G1 Evacuation Pause)
[2026-01-16T08:50:04.438+0000][gc,task     ] GC(455) Using 8 workers of 8 for evacuation
[2026-01-16T08:50:05.155+0000][gc,mmu      ] GC(455) MMU target violated: 201.0ms (200.0ms/201.0ms)
[2026-01-16T08:50:05.162+0000][gc,phases   ] GC(455)   Pre Evacuate Collection Set: 31.9ms
[2026-01-16T08:50:05.163+0000][gc,phases   ] GC(455)   Merge Heap Roots: 0.7ms
[2026-01-16T08:50:05.169+0000][gc,phases   ] GC(455)   Evacuate Collection Set: 625.0ms
[2026-01-16T08:50:05.171+0000][gc,phases   ] GC(455)   Post Evacuate Collection Set: 41.0ms
[2026-01-16T08:50:05.172+0000][gc,phases   ] GC(455)   Other: 28.6ms
[2026-01-16T08:50:05.173+0000][gc,heap     ] GC(455) Eden regions: 49->0(49)
[2026-01-16T08:50:05.174+0000][gc,heap     ] GC(455) Survivor regions: 2->2(7)
[2026-01-16T08:50:05.175+0000][gc,heap     ] GC(455) Old regions: 152->153
[2026-01-16T08:50:05.176+0000][gc,heap     ] GC(455) Humongous regions: 47->47
[2026-01-16T08:50:05.178+0000][gc,metaspace] GC(455) Metaspace: 12270K(12672K)->12270K(12672K) NonClass: 11192K(11392K)->11192K(11392K) Class: 1078K(1280K)->1078K(1280K)
[2026-01-16T08:50:05.179+0000][gc          ] GC(455) Pause Young (Normal) (G1 Evacuation Pause) 249M->200M(1024M) 749.989ms
[2026-01-16T08:50:05.184+0000][gc,cpu      ] GC(455) User=0.26s Sys=0.08s Real=0.75s
[2026-01-16T08:50:14.692+0000][gc,start    ] GC(456) Pause Young (Normal) (G1 Evacuation Pause)
[2026-01-16T08:50:14.716+0000][gc,task     ] GC(456) Using 8 workers of 8 for evacuation
[2026-01-16T08:50:16.527+0000][gc,mmu      ] GC(456) MMU target violated: 201.0ms (200.0ms/201.0ms)
[2026-01-16T08:50:16.533+0000][gc,phases   ] GC(456)   Pre Evacuate Collection Set: 222.3ms
[2026-01-16T08:50:16.539+0000][gc,phases   ] GC(456)   Merge Heap Roots: 23.8ms
[2026-01-16T08:50:16.539+0000][gc,phases   ] GC(456)   Evacuate Collection Set: 1491.1ms
[2026-01-16T08:50:16.541+0000][gc,phases   ] GC(456)   Post Evacuate Collection Set: 54.4ms
[2026-01-16T08:50:16.542+0000][gc,phases   ] GC(456)   Other: 31.4ms
[2026-01-16T08:50:16.543+0000][gc,heap     ] GC(456) Eden regions: 49->0(48)
[2026-01-16T08:50:16.543+0000][gc,heap     ] GC(456) Survivor regions: 2->3(7)
[2026-01-16T08:50:16.544+0000][gc,heap     ] GC(456) Old regions: 153->153
[2026-01-16T08:50:16.546+0000][gc,heap     ] GC(456) Humongous regions: 47->47
[2026-01-16T08:50:16.547+0000][gc,metaspace] GC(456) Metaspace: 12270K(12672K)->12270K(12672K) NonClass: 11192K(11392K)->11192K(11392K) Class: 1078K(1280K)->1078K(1280K)
[2026-01-16T08:50:16.549+0000][gc          ] GC(456) Pause Young (Normal) (G1 Evacuation Pause) 249M->201M(1024M) 1857.238ms
[2026-01-16T08:50:16.552+0000][gc,cpu      ] GC(456) User=0.48s Sys=0.06s Real=1.86s
[2026-01-16T08:50:20.328+0000][gc,start    ] GC(457) Pause Young (Normal) (G1 Evacuation Pause)
[2026-01-16T08:50:20.350+0000][gc,task     ] GC(457) Using 8 workers of 8 for evacuation
[2026-01-16T08:50:20.932+0000][gc,mmu      ] GC(457) MMU target violated: 201.0ms (200.0ms/201.0ms)
[2026-01-16T08:50:20.939+0000][gc,phases   ] GC(457)   Pre Evacuate Collection Set: 36.6ms
[2026-01-16T08:50:20.939+0000][gc,phases   ] GC(457)   Merge Heap Roots: 9.9ms
[2026-01-16T08:50:20.950+0000][gc,phases   ] GC(457)   Evacuate Collection Set: 468.7ms
[2026-01-16T08:50:20.951+0000][gc,phases   ] GC(457)   Post Evacuate Collection Set: 65.6ms
[2026-01-16T08:50:20.951+0000][gc,phases   ] GC(457)   Other: 25.3ms
[2026-01-16T08:50:20.951+0000][gc,heap     ] GC(457) Eden regions: 48->0(48)
[2026-01-16T08:50:20.951+0000][gc,heap     ] GC(457) Survivor regions: 3->3(7)
[2026-01-16T08:50:20.952+0000][gc,heap     ] GC(457) Old regions: 153->153
[2026-01-16T08:50:20.952+0000][gc,heap     ] GC(457) Humongous regions: 47->47
[2026-01-16T08:50:20.952+0000][gc,metaspace] GC(457) Metaspace: 12283K(12672K)->12283K(12672K) NonClass: 11205K(11392K)->11205K(11392K) Class: 1078K(1280K)->1078K(1280K)
[2026-01-16T08:50:20.952+0000][gc          ] GC(457) Pause Young (Normal) (G1 Evacuation Pause) 249M->201M(1024M) 624.484ms
[2026-01-16T08:50:20.952+0000][gc,cpu      ] GC(457) User=0.26s Sys=0.02s Real=0.63s
[2026-01-16T08:50:23.617+0000][gc,start    ] GC(458) Pause Young (Normal) (G1 Evacuation Pause)
[2026-01-16T08:50:23.686+0000][gc,task     ] GC(458) Using 8 workers of 8 for evacuation
[2026-01-16T08:50:24.374+0000][gc,mmu      ] GC(458) MMU target violated: 201.0ms (200.0ms/201.0ms)
[2026-01-16T08:50:24.400+0000][gc,phases   ] GC(458)   Pre Evacuate Collection Set: 64.7ms
[2026-01-16T08:50:24.401+0000][gc,phases   ] GC(458)   Merge Heap Roots: 0.6ms
[2026-01-16T08:50:24.402+0000][gc,phases   ] GC(458)   Evacuate Collection Set: 594.0ms
[2026-01-16T08:50:24.403+0000][gc,phases   ] GC(458)   Post Evacuate Collection Set: 27.8ms
[2026-01-16T08:50:24.404+0000][gc,phases   ] GC(458)   Other: 31.2ms
[2026-01-16T08:50:24.404+0000][gc,heap     ] GC(458) Eden regions: 48->0(48)
[2026-01-16T08:50:24.421+0000][gc,heap     ] GC(458) Survivor regions: 3->3(7)
[2026-01-16T08:50:24.423+0000][gc,heap     ] GC(458) Old regions: 153->153
[2026-01-16T08:50:24.424+0000][gc,heap     ] GC(458) Humongous regions: 47->47
[2026-01-16T08:50:24.425+0000][gc,metaspace] GC(458) Metaspace: 12288K(12672K)->12288K(12672K) NonClass: 11209K(11392K)->11209K(11392K) Class: 1078K(1280K)->1078K(1280K)
[2026-01-16T08:50:24.429+0000][gc          ] GC(458) Pause Young (Normal) (G1 Evacuation Pause) 249M->201M(1024M) 811.983ms
[2026-01-16T08:50:24.439+0000][gc,cpu      ] GC(458) User=0.22s Sys=0.03s Real=0.82s
[2026-01-16T08:50:27.353+0000][gc,start    ] GC(459) Pause Young (Normal) (G1 Evacuation Pause)
[2026-01-16T08:50:27.402+0000][gc,task     ] GC(459) Using 8 workers of 8 for evacuation
[2026-01-16T08:50:28.284+0000][gc,mmu      ] GC(459) MMU target violated: 201.0ms (200.0ms/201.0ms)
[2026-01-16T08:50:28.286+0000][gc,phases   ] GC(459)   Pre Evacuate Collection Set: 93.5ms
[2026-01-16T08:50:28.286+0000][gc,phases   ] GC(459)   Merge Heap Roots: 0.7ms
[2026-01-16T08:50:28.286+0000][gc,phases   ] GC(459)   Evacuate Collection Set: 713.8ms
[2026-01-16T08:50:28.286+0000][gc,phases   ] GC(459)   Post Evacuate Collection Set: 72.2ms
[2026-01-16T08:50:28.286+0000][gc,phases   ] GC(459)   Other: 4.6ms
[2026-01-16T08:50:28.286+0000][gc,heap     ] GC(459) Eden regions: 48->0(48)
[2026-01-16T08:50:28.287+0000][gc,heap     ] GC(459) Survivor regions: 3->3(7)
[2026-01-16T08:50:28.287+0000][gc,heap     ] GC(459) Old regions: 153->153
[2026-01-16T08:50:28.287+0000][gc,heap     ] GC(459) Humongous regions: 47->47
[2026-01-16T08:50:28.287+0000][gc,metaspace] GC(459) Metaspace: 12289K(12672K)->12289K(12672K) NonClass: 11210K(11392K)->11210K(11392K) Class: 1078K(1280K)->1078K(1280K)
[2026-01-16T08:50:28.288+0000][gc          ] GC(459) Pause Young (Normal) (G1 Evacuation Pause) 249M->201M(1024M) 935.209ms
[2026-01-16T08:50:28.292+0000][gc,cpu      ] GC(459) User=0.32s Sys=0.04s Real=0.94s
[2026-01-16T08:50:32.970+0000][gc,start    ] GC(460) Pause Young (Normal) (G1 Evacuation Pause)
[2026-01-16T08:50:32.976+0000][gc,task     ] GC(460) Using 8 workers of 8 for evacuation
[2026-01-16T08:50:33.483+0000][gc,mmu      ] GC(460) MMU target violated: 201.0ms (200.0ms/201.0ms)
[2026-01-16T08:50:33.496+0000][gc,phases   ] GC(460)   Pre Evacuate Collection Set: 72.4ms
[2026-01-16T08:50:33.496+0000][gc,phases   ] GC(460)   Merge Heap Roots: 1.4ms
[2026-01-16T08:50:33.497+0000][gc,phases   ] GC(460)   Evacuate Collection Set: 385.2ms
[2026-01-16T08:50:33.498+0000][gc,phases   ] GC(460)   Post Evacuate Collection Set: 37.3ms
[2026-01-16T08:50:33.498+0000][gc,phases   ] GC(460)   Other: 24.4ms
[2026-01-16T08:50:33.499+0000][gc,heap     ] GC(460) Eden regions: 48->0(47)
[2026-01-16T08:50:33.500+0000][gc,heap     ] GC(460) Survivor regions: 3->4(7)
[2026-01-16T08:50:33.501+0000][gc,heap     ] GC(460) Old regions: 153->153
[2026-01-16T08:50:33.502+0000][gc,heap     ] GC(460) Humongous regions: 47->47
[2026-01-16T08:50:33.502+0000][gc,metaspace] GC(460) Metaspace: 12291K(12672K)->12291K(12672K) NonClass: 11212K(11392K)->11212K(11392K) Class: 1078K(1280K)->1078K(1280K)
[2026-01-16T08:50:33.506+0000][gc          ] GC(460) Pause Young (Normal) (G1 Evacuation Pause) 249M->202M(1024M) 535.576ms
[2026-01-16T08:50:33.508+0000][gc,cpu      ] GC(460) User=0.28s Sys=0.04s Real=0.54s
[2026-01-16T08:50:35.628+0000][gc,start    ] GC(461) Pause Young (Normal) (G1 Evacuation Pause)
[2026-01-16T08:50:35.643+0000][gc,task     ] GC(461) Using 8 workers of 8 for evacuation
[2026-01-16T08:50:36.353+0000][gc,mmu      ] GC(461) MMU target violated: 201.0ms (200.0ms/201.0ms)
[2026-01-16T08:50:36.355+0000][gc,phases   ] GC(461)   Pre Evacuate Collection Set: 91.6ms
[2026-01-16T08:50:36.356+0000][gc,phases   ] GC(461)   Merge Heap Roots: 2.5ms
[2026-01-16T08:50:36.358+0000][gc,phases   ] GC(461)   Evacuate Collection Set: 536.1ms
[2026-01-16T08:50:36.358+0000][gc,phases   ] GC(461)   Post Evacuate Collection Set: 78.6ms
[2026-01-16T08:50:36.359+0000][gc,phases   ] GC(461)   Other: 16.0ms
[2026-01-16T08:50:36.359+0000][gc,heap     ] GC(461) Eden regions: 47->0(47)
[2026-01-16T08:50:36.359+0000][gc,heap     ] GC(461) Survivor regions: 4->4(7)
[2026-01-16T08:50:36.359+0000][gc,heap     ] GC(461) Old regions: 153->153
[2026-01-16T08:50:36.360+0000][gc,heap     ] GC(461) Humongous regions: 47->47
[2026-01-16T08:50:36.361+0000][gc,metaspace] GC(461) Metaspace: 12291K(12672K)->12291K(12672K) NonClass: 11213K(11392K)->11213K(11392K) Class: 1078K(1280K)->1078K(1280K)
[2026-01-16T08:50:36.362+0000][gc          ] GC(461) Pause Young (Normal) (G1 Evacuation Pause) 249M->203M(1024M) 738.011ms
[2026-01-16T08:50:36.362+0000][gc,cpu      ] GC(461) User=0.27s Sys=0.02s Real=0.74s
[2026-01-16T08:50:37.530+0000][gc,start    ] GC(462) Pause Young (Normal) (G1 Evacuation Pause)
[2026-01-16T08:50:37.531+0000][gc,task     ] GC(462) Using 8 workers of 8 for evacuation
[2026-01-16T08:50:37.668+0000][gc,phases   ] GC(462)   Pre Evacuate Collection Set: 8.1ms
[2026-01-16T08:50:37.669+0000][gc,phases   ] GC(462)   Merge Heap Roots: 0.4ms
[2026-01-16T08:50:37.669+0000][gc,phases   ] GC(462)   Evacuate Collection Set: 124.3ms
[2026-01-16T08:50:37.670+0000][gc,phases   ] GC(462)   Post Evacuate Collection Set: 3.4ms
[2026-01-16T08:50:37.670+0000][gc,phases   ] GC(462)   Other: 1.5ms
[2026-01-16T08:50:37.672+0000][gc,heap     ] GC(462) Eden regions: 47->0(46)
[2026-01-16T08:50:37.672+0000][gc,heap     ] GC(462) Survivor regions: 4->5(7)
[2026-01-16T08:50:37.672+0000][gc,heap     ] GC(462) Old regions: 153->153
[2026-01-16T08:50:37.672+0000][gc,heap     ] GC(462) Humongous regions: 47->47
[2026-01-16T08:50:37.673+0000][gc,metaspace] GC(462) Metaspace: 12291K(12672K)->12291K(12672K) NonClass: 11213K(11392K)->11213K(11392K) Class: 1078K(1280K)->1078K(1280K)
[2026-01-16T08:50:37.673+0000][gc          ] GC(462) Pause Young (Normal) (G1 Evacuation Pause) 250M->203M(1024M) 142.849ms
[2026-01-16T08:50:37.673+0000][gc,cpu      ] GC(462) User=0.10s Sys=0.00s Real=0.15s
[2026-01-16T08:50:38.996+0000][gc,start    ] GC(463) Pause Young (Normal) (G1 Evacuation Pause)
[2026-01-16T08:50:39.001+0000][gc,task     ] GC(463) Using 8 workers of 8 for evacuation
[2026-01-16T08:50:39.356+0000][gc,mmu      ] GC(463) MMU target violated: 201.0ms (200.0ms/201.0ms)
[2026-01-16T08:50:39.357+0000][gc,phases   ] GC(463)   Pre Evacuate Collection Set: 2.3ms
[2026-01-16T08:50:39.358+0000][gc,phases   ] GC(463)   Merge Heap Roots: 0.2ms
[2026-01-16T08:50:39.358+0000][gc,phases   ] GC(463)   Evacuate Collection Set: 334.2ms
[2026-01-16T08:50:39.359+0000][gc,phases   ] GC(463)   Post Evacuate Collection Set: 7.0ms
[2026-01-16T08:50:39.359+0000][gc,phases   ] GC(463)   Other: 12.3ms
[2026-01-16T08:50:39.359+0000][gc,heap     ] GC(463) Eden regions: 46->0(46)
[2026-01-16T08:50:39.359+0000][gc,heap     ] GC(463) Survivor regions: 5->5(7)
[2026-01-16T08:50:39.359+0000][gc,heap     ] GC(463) Old regions: 153->154
[2026-01-16T08:50:39.359+0000][gc,heap     ] GC(463) Humongous regions: 47->47
[2026-01-16T08:50:39.359+0000][gc,metaspace] GC(463) Metaspace: 12291K(12672K)->12291K(12672K) NonClass: 11213K(11392K)->11213K(11392K) Class: 1078K(1280K)->1078K(1280K)
[2026-01-16T08:50:39.359+0000][gc          ] GC(463) Pause Young (Normal) (G1 Evacuation Pause) 249M->204M(1024M) 362.877ms
[2026-01-16T08:50:39.359+0000][gc,cpu      ] GC(463) User=0.18s Sys=0.03s Real=0.36s
[2026-01-16T08:50:41.829+0000][gc,start    ] GC(464) Pause Young (Normal) (G1 Evacuation Pause)
[2026-01-16T08:50:41.896+0000][gc,task     ] GC(464) Using 8 workers of 8 for evacuation
[2026-01-16T08:50:42.640+0000][gc,mmu      ] GC(464) MMU target violated: 201.0ms (200.0ms/201.0ms)
[2026-01-16T08:50:42.641+0000][gc,phases   ] GC(464)   Pre Evacuate Collection Set: 96.5ms
[2026-01-16T08:50:42.642+0000][gc,phases   ] GC(464)   Merge Heap Roots: 13.1ms
[2026-01-16T08:50:42.642+0000][gc,phases   ] GC(464)   Evacuate Collection Set: 574.5ms
[2026-01-16T08:50:42.642+0000][gc,phases   ] GC(464)   Post Evacuate Collection Set: 33.7ms
[2026-01-16T08:50:42.643+0000][gc,phases   ] GC(464)   Other: 45.6ms
[2026-01-16T08:50:42.644+0000][gc,heap     ] GC(464) Eden regions: 46->0(46)
[2026-01-16T08:50:42.646+0000][gc,heap     ] GC(464) Survivor regions: 5->5(7)
[2026-01-16T08:50:42.649+0000][gc,heap     ] GC(464) Old regions: 154->155
[2026-01-16T08:50:42.650+0000][gc,heap     ] GC(464) Humongous regions: 47->47
[2026-01-16T08:50:42.652+0000][gc,metaspace] GC(464) Metaspace: 12294K(12672K)->12294K(12672K) NonClass: 11215K(11392K)->11215K(11392K) Class: 1078K(1280K)->1078K(1280K)
[2026-01-16T08:50:42.653+0000][gc          ] GC(464) Pause Young (Normal) (G1 Evacuation Pause) 250M->205M(1024M) 823.705ms
[2026-01-16T08:50:42.653+0000][gc,cpu      ] GC(464) User=0.38s Sys=0.04s Real=0.93s
[2026-01-16T08:50:46.094+0000][gc,start    ] GC(465) Pause Young (Normal) (G1 Evacuation Pause)
[2026-01-16T08:50:46.096+0000][gc,task     ] GC(465) Using 8 workers of 8 for evacuation
[2026-01-16T08:50:46.290+0000][gc,phases   ] GC(465)   Pre Evacuate Collection Set: 35.4ms
[2026-01-16T08:50:46.290+0000][gc,phases   ] GC(465)   Merge Heap Roots: 1.7ms
[2026-01-16T08:50:46.291+0000][gc,phases   ] GC(465)   Evacuate Collection Set: 135.6ms
[2026-01-16T08:50:46.291+0000][gc,phases   ] GC(465)   Post Evacuate Collection Set: 16.2ms
[2026-01-16T08:50:46.291+0000][gc,phases   ] GC(465)   Other: 4.4ms
[2026-01-16T08:50:46.292+0000][gc,heap     ] GC(465) Eden regions: 46->0(46)
[2026-01-16T08:50:46.294+0000][gc,heap     ] GC(465) Survivor regions: 5->5(7)
[2026-01-16T08:50:46.294+0000][gc,heap     ] GC(465) Old regions: 155->155
[2026-01-16T08:50:46.295+0000][gc,heap     ] GC(465) Humongous regions: 47->47
[2026-01-16T08:50:46.295+0000][gc,metaspace] GC(465) Metaspace: 12294K(12672K)->12294K(12672K) NonClass: 11215K(11392K)->11215K(11392K) Class: 1078K(1280K)->1078K(1280K)
[2026-01-16T08:50:46.298+0000][gc          ] GC(465) Pause Young (Normal) (G1 Evacuation Pause) 251M->205M(1024M) 203.529ms
[2026-01-16T08:50:46.299+0000][gc,cpu      ] GC(465) User=0.20s Sys=0.02s Real=0.20s
[2026-01-16T08:50:47.439+0000][gc,start    ] GC(466) Pause Young (Normal) (G1 Evacuation Pause)
[2026-01-16T08:50:47.440+0000][gc,task     ] GC(466) Using 8 workers of 8 for evacuation
[2026-01-16T08:50:47.624+0000][gc,phases   ] GC(466)   Pre Evacuate Collection Set: 17.9ms
[2026-01-16T08:50:47.625+0000][gc,phases   ] GC(466)   Merge Heap Roots: 2.2ms
[2026-01-16T08:50:47.625+0000][gc,phases   ] GC(466)   Evacuate Collection Set: 152.3ms
[2026-01-16T08:50:47.626+0000][gc,phases   ] GC(466)   Post Evacuate Collection Set: 9.5ms
[2026-01-16T08:50:47.627+0000][gc,phases   ] GC(466)   Other: 2.2ms
[2026-01-16T08:50:47.627+0000][gc,heap     ] GC(466) Eden regions: 46->0(48)
[2026-01-16T08:50:47.628+0000][gc,heap     ] GC(466) Survivor regions: 5->3(7)
[2026-01-16T08:50:47.628+0000][gc,heap     ] GC(466) Old regions: 155->156
[2026-01-16T08:50:47.628+0000][gc,heap     ] GC(466) Humongous regions: 47->47
[2026-01-16T08:50:47.628+0000][gc,metaspace] GC(466) Metaspace: 12296K(12672K)->12296K(12672K) NonClass: 11217K(11392K)->11217K(11392K) Class: 1078K(1280K)->1078K(1280K)
[2026-01-16T08:50:47.629+0000][gc          ] GC(466) Pause Young (Normal) (G1 Evacuation Pause) 251M->204M(1024M) 189.954ms
[2026-01-16T08:50:47.629+0000][gc,cpu      ] GC(466) User=0.12s Sys=0.02s Real=0.19s
[2026-01-16T08:50:49.041+0000][gc,start    ] GC(467) Pause Young (Normal) (G1 Evacuation Pause)
[2026-01-16T08:50:49.047+0000][gc,task     ] GC(467) Using 8 workers of 8 for evacuation
[2026-01-16T08:50:49.240+0000][gc,phases   ] GC(467)   Pre Evacuate Collection Set: 11.4ms
[2026-01-16T08:50:49.242+0000][gc,phases   ] GC(467)   Merge Heap Roots: 0.4ms
[2026-01-16T08:50:49.244+0000][gc,phases   ] GC(467)   Evacuate Collection Set: 162.0ms
[2026-01-16T08:50:49.246+0000][gc,phases   ] GC(467)   Post Evacuate Collection Set: 18.2ms
[2026-01-16T08:50:49.247+0000][gc,phases   ] GC(467)   Other: 1.1ms
[2026-01-16T08:50:49.247+0000][gc,heap     ] GC(467) Eden regions: 48->0(47)
[2026-01-16T08:50:49.248+0000][gc,heap     ] GC(467) Survivor regions: 3->4(7)
[2026-01-16T08:50:49.248+0000][gc,heap     ] GC(467) Old regions: 156->156
[2026-01-16T08:50:49.249+0000][gc,heap     ] GC(467) Humongous regions: 47->47
[2026-01-16T08:50:49.250+0000][gc,metaspace] GC(467) Metaspace: 12296K(12672K)->12296K(12672K) NonClass: 11217K(11392K)->11217K(11392K) Class: 1078K(1280K)->1078K(1280K)
[2026-01-16T08:50:49.251+0000][gc          ] GC(467) Pause Young (Normal) (G1 Evacuation Pause) 252M->205M(1024M) 210.417ms
[2026-01-16T08:50:49.251+0000][gc,cpu      ] GC(467) User=0.08s Sys=0.00s Real=0.21s
[2026-01-16T08:50:51.153+0000][gc,start    ] GC(468) Pause Young (Normal) (G1 Evacuation Pause)
[2026-01-16T08:50:51.158+0000][gc,task     ] GC(468) Using 8 workers of 8 for evacuation
[2026-01-16T08:50:51.377+0000][gc,mmu      ] GC(468) MMU target violated: 201.0ms (200.0ms/201.0ms)
[2026-01-16T08:50:51.383+0000][gc,phases   ] GC(468)   Pre Evacuate Collection Set: 4.8ms
[2026-01-16T08:50:51.384+0000][gc,phases   ] GC(468)   Merge Heap Roots: 0.3ms
[2026-01-16T08:50:51.384+0000][gc,phases   ] GC(468)   Evacuate Collection Set: 179.4ms
[2026-01-16T08:50:51.384+0000][gc,phases   ] GC(468)   Post Evacuate Collection Set: 27.3ms
[2026-01-16T08:50:51.385+0000][gc,phases   ] GC(468)   Other: 13.5ms
[2026-01-16T08:50:51.385+0000][gc,heap     ] GC(468) Eden regions: 47->0(47)
[2026-01-16T08:50:51.385+0000][gc,heap     ] GC(468) Survivor regions: 4->4(7)
[2026-01-16T08:50:51.386+0000][gc,heap     ] GC(468) Old regions: 156->156
[2026-01-16T08:50:51.422+0000][gc,heap     ] GC(468) Humongous regions: 47->47
[2026-01-16T08:50:51.423+0000][gc,metaspace] GC(468) Metaspace: 12298K(12672K)->12298K(12672K) NonClass: 11220K(11392K)->11220K(11392K) Class: 1078K(1280K)->1078K(1280K)
[2026-01-16T08:50:51.423+0000][gc          ] GC(468) Pause Young (Normal) (G1 Evacuation Pause) 252M->206M(1024M) 270.285ms
[2026-01-16T08:50:51.427+0000][gc,cpu      ] GC(468) User=0.10s Sys=0.00s Real=0.28s
[2026-01-16T08:50:54.186+0000][gc,start    ] GC(469) Pause Young (Normal) (G1 Evacuation Pause)
[2026-01-16T08:50:54.222+0000][gc,task     ] GC(469) Using 8 workers of 8 for evacuation
[2026-01-16T08:50:54.636+0000][gc,mmu      ] GC(469) MMU target violated: 201.0ms (200.0ms/201.0ms)
[2026-01-16T08:50:54.642+0000][gc,phases   ] GC(469)   Pre Evacuate Collection Set: 55.1ms
[2026-01-16T08:50:54.643+0000][gc,phases   ] GC(469)   Merge Heap Roots: 7.8ms
[2026-01-16T08:50:54.647+0000][gc,phases   ] GC(469)   Evacuate Collection Set: 291.2ms
[2026-01-16T08:50:54.648+0000][gc,phases   ] GC(469)   Post Evacuate Collection Set: 20.7ms
[2026-01-16T08:50:54.650+0000][gc,phases   ] GC(469)   Other: 57.7ms
[2026-01-16T08:50:54.650+0000][gc,heap     ] GC(469) Eden regions: 47->0(48)
[2026-01-16T08:50:54.653+0000][gc,heap     ] GC(469) Survivor regions: 4->3(7)
[2026-01-16T08:50:54.653+0000][gc,heap     ] GC(469) Old regions: 156->156
[2026-01-16T08:50:54.654+0000][gc,heap     ] GC(469) Humongous regions: 47->47
[2026-01-16T08:50:54.654+0000][gc,metaspace] GC(469) Metaspace: 12300K(12672K)->12300K(12672K) NonClass: 11221K(11392K)->11221K(11392K) Class: 1078K(1280K)->1078K(1280K)
[2026-01-16T08:50:54.655+0000][gc          ] GC(469) Pause Young (Normal) (G1 Evacuation Pause) 253M->205M(1024M) 468.697ms
[2026-01-16T08:50:54.655+0000][gc,cpu      ] GC(469) User=0.16s Sys=0.00s Real=0.47s
[2026-01-16T08:51:01.000+0000][gc,start    ] GC(470) Pause Young (Normal) (G1 Evacuation Pause)
[2026-01-16T08:51:01.005+0000][gc,task     ] GC(470) Using 8 workers of 8 for evacuation
[2026-01-16T08:51:01.348+0000][gc,mmu      ] GC(470) MMU target violated: 201.0ms (200.0ms/201.0ms)
[2026-01-16T08:51:01.349+0000][gc,phases   ] GC(470)   Pre Evacuate Collection Set: 32.1ms
[2026-01-16T08:51:01.349+0000][gc,phases   ] GC(470)   Merge Heap Roots: 5.2ms
[2026-01-16T08:51:01.353+0000][gc,phases   ] GC(470)   Evacuate Collection Set: 282.2ms
[2026-01-16T08:51:01.354+0000][gc,phases   ] GC(470)   Post Evacuate Collection Set: 21.4ms
[2026-01-16T08:51:01.355+0000][gc,phases   ] GC(470)   Other: 2.9ms
[2026-01-16T08:51:01.355+0000][gc,heap     ] GC(470) Eden regions: 48->0(48)
[2026-01-16T08:51:01.355+0000][gc,heap     ] GC(470) Survivor regions: 3->3(7)
[2026-01-16T08:51:01.356+0000][gc,heap     ] GC(470) Old regions: 156->156
[2026-01-16T08:51:01.356+0000][gc,heap     ] GC(470) Humongous regions: 47->47
[2026-01-16T08:51:01.360+0000][gc,metaspace] GC(470) Metaspace: 12301K(12672K)->12301K(12672K) NonClass: 11222K(11392K)->11222K(11392K) Class: 1078K(1280K)->1078K(1280K)
[2026-01-16T08:51:01.361+0000][gc          ] GC(470) Pause Young (Normal) (G1 Evacuation Pause) 253M->204M(1024M) 360.370ms
[2026-01-16T08:51:01.361+0000][gc,cpu      ] GC(470) User=0.24s Sys=0.03s Real=0.36s
[2026-01-16T08:51:04.268+0000][gc,start    ] GC(471) Pause Young (Normal) (G1 Evacuation Pause)
[2026-01-16T08:51:04.269+0000][gc,task     ] GC(471) Using 8 workers of 8 for evacuation
[2026-01-16T08:51:04.585+0000][gc,mmu      ] GC(471) MMU target violated: 201.0ms (200.0ms/201.0ms)
[2026-01-16T08:51:04.586+0000][gc,phases   ] GC(471)   Pre Evacuate Collection Set: 12.5ms
[2026-01-16T08:51:04.587+0000][gc,phases   ] GC(471)   Merge Heap Roots: 0.6ms
[2026-01-16T08:51:04.590+0000][gc,phases   ] GC(471)   Evacuate Collection Set: 285.0ms
[2026-01-16T08:51:04.595+0000][gc,phases   ] GC(471)   Post Evacuate Collection Set: 16.4ms
[2026-01-16T08:51:04.597+0000][gc,phases   ] GC(471)   Other: 2.6ms
[2026-01-16T08:51:04.598+0000][gc,heap     ] GC(471) Eden regions: 48->0(48)
[2026-01-16T08:51:04.598+0000][gc,heap     ] GC(471) Survivor regions: 3->3(7)
[2026-01-16T08:51:04.598+0000][gc,heap     ] GC(471) Old regions: 156->156
[2026-01-16T08:51:04.599+0000][gc,heap     ] GC(471) Humongous regions: 47->47
[2026-01-16T08:51:04.600+0000][gc,metaspace] GC(471) Metaspace: 12303K(12672K)->12303K(12672K) NonClass: 11224K(11392K)->11224K(11392K) Class: 1078K(1280K)->1078K(1280K)
[2026-01-16T08:51:04.602+0000][gc          ] GC(471) Pause Young (Normal) (G1 Evacuation Pause) 252M->205M(1024M) 334.371ms
[2026-01-16T08:51:04.604+0000][gc,cpu      ] GC(471) User=0.16s Sys=0.02s Real=0.34s
[2026-01-16T08:51:07.486+0000][gc,start    ] GC(472) Pause Young (Normal) (G1 Evacuation Pause)
[2026-01-16T08:51:07.489+0000][gc,task     ] GC(472) Using 8 workers of 8 for evacuation
[2026-01-16T08:51:07.864+0000][gc,mmu      ] GC(472) MMU target violated: 201.0ms (200.0ms/201.0ms)
[2026-01-16T08:51:07.866+0000][gc,phases   ] GC(472)   Pre Evacuate Collection Set: 15.7ms
[2026-01-16T08:51:07.866+0000][gc,phases   ] GC(472)   Merge Heap Roots: 0.9ms
[2026-01-16T08:51:07.866+0000][gc,phases   ] GC(472)   Evacuate Collection Set: 297.4ms
[2026-01-16T08:51:07.866+0000][gc,phases   ] GC(472)   Post Evacuate Collection Set: 55.6ms
[2026-01-16T08:51:07.866+0000][gc,phases   ] GC(472)   Other: 7.9ms
[2026-01-16T08:51:07.866+0000][gc,heap     ] GC(472) Eden regions: 48->0(47)
[2026-01-16T08:51:07.867+0000][gc,heap     ] GC(472) Survivor regions: 3->4(7)
[2026-01-16T08:51:07.867+0000][gc,heap     ] GC(472) Old regions: 156->156
[2026-01-16T08:51:07.867+0000][gc,heap     ] GC(472) Humongous regions: 47->47
[2026-01-16T08:51:07.868+0000][gc,metaspace] GC(472) Metaspace: 12309K(12672K)->12309K(12672K) NonClass: 11230K(11392K)->11230K(11392K) Class: 1078K(1280K)->1078K(1280K)
[2026-01-16T08:51:07.868+0000][gc          ] GC(472) Pause Young (Normal) (G1 Evacuation Pause) 253M->205M(1024M) 382.000ms
[2026-01-16T08:51:07.868+0000][gc,cpu      ] GC(472) User=0.12s Sys=0.01s Real=0.38s
[2026-01-16T08:51:14.124+0000][gc,start    ] GC(473) Pause Young (Normal) (G1 Evacuation Pause)
[2026-01-16T08:51:14.127+0000][gc,task     ] GC(473) Using 8 workers of 8 for evacuation
[2026-01-16T08:51:14.248+0000][gc,phases   ] GC(473)   Pre Evacuate Collection Set: 21.9ms
[2026-01-16T08:51:14.249+0000][gc,phases   ] GC(473)   Merge Heap Roots: 6.8ms
[2026-01-16T08:51:14.249+0000][gc,phases   ] GC(473)   Evacuate Collection Set: 77.9ms
[2026-01-16T08:51:14.250+0000][gc,phases   ] GC(473)   Post Evacuate Collection Set: 13.0ms
[2026-01-16T08:51:14.250+0000][gc,phases   ] GC(473)   Other: 2.3ms
[2026-01-16T08:51:14.250+0000][gc,heap     ] GC(473) Eden regions: 47->0(48)
[2026-01-16T08:51:14.250+0000][gc,heap     ] GC(473) Survivor regions: 4->3(7)
[2026-01-16T08:51:14.250+0000][gc,heap     ] GC(473) Old regions: 156->156
[2026-01-16T08:51:14.250+0000][gc,heap     ] GC(473) Humongous regions: 47->47
[2026-01-16T08:51:14.250+0000][gc,metaspace] GC(473) Metaspace: 12312K(12672K)->12312K(12672K) NonClass: 11234K(11392K)->11234K(11392K) Class: 1078K(1280K)->1078K(1280K)
[2026-01-16T08:51:14.251+0000][gc          ] GC(473) Pause Young (Normal) (G1 Evacuation Pause) 252M->205M(1024M) 127.185ms
[2026-01-16T08:51:14.252+0000][gc,cpu      ] GC(473) User=0.16s Sys=0.01s Real=0.13s
[2026-01-16T08:51:15.697+0000][gc,start    ] GC(474) Pause Young (Normal) (G1 Evacuation Pause)
[2026-01-16T08:51:15.698+0000][gc,task     ] GC(474) Using 8 workers of 8 for evacuation
[2026-01-16T08:51:15.759+0000][gc,phases   ] GC(474)   Pre Evacuate Collection Set: 1.4ms
[2026-01-16T08:51:15.759+0000][gc,phases   ] GC(474)   Merge Heap Roots: 0.6ms
[2026-01-16T08:51:15.760+0000][gc,phases   ] GC(474)   Evacuate Collection Set: 52.8ms
[2026-01-16T08:51:15.760+0000][gc,phases   ] GC(474)   Post Evacuate Collection Set: 3.5ms
[2026-01-16T08:51:15.760+0000][gc,phases   ] GC(474)   Other: 3.0ms
[2026-01-16T08:51:15.761+0000][gc,heap     ] GC(474) Eden regions: 48->0(47)
[2026-01-16T08:51:15.762+0000][gc,heap     ] GC(474) Survivor regions: 3->4(7)
[2026-01-16T08:51:15.765+0000][gc,heap     ] GC(474) Old regions: 156->156
[2026-01-16T08:51:15.765+0000][gc,heap     ] GC(474) Humongous regions: 47->47
[2026-01-16T08:51:15.765+0000][gc,metaspace] GC(474) Metaspace: 12317K(12672K)->12317K(12672K) NonClass: 11238K(11392K)->11238K(11392K) Class: 1078K(1280K)->1078K(1280K)
[2026-01-16T08:51:15.766+0000][gc          ] GC(474) Pause Young (Normal) (G1 Evacuation Pause) 253M->205M(1024M) 68.594ms
[2026-01-16T08:51:15.766+0000][gc,cpu      ] GC(474) User=0.06s Sys=0.01s Real=0.07s
[2026-01-16T08:51:17.468+0000][gc,start    ] GC(475) Pause Young (Normal) (G1 Evacuation Pause)
[2026-01-16T08:51:17.469+0000][gc,task     ] GC(475) Using 8 workers of 8 for evacuation
[2026-01-16T08:51:17.604+0000][gc,phases   ] GC(475)   Pre Evacuate Collection Set: 34.2ms
[2026-01-16T08:51:17.604+0000][gc,phases   ] GC(475)   Merge Heap Roots: 1.4ms
[2026-01-16T08:51:17.605+0000][gc,phases   ] GC(475)   Evacuate Collection Set: 79.2ms
[2026-01-16T08:51:17.605+0000][gc,phases   ] GC(475)   Post Evacuate Collection Set: 19.9ms
[2026-01-16T08:51:17.606+0000][gc,phases   ] GC(475)   Other: 0.8ms
[2026-01-16T08:51:17.606+0000][gc,heap     ] GC(475) Eden regions: 47->0(48)
[2026-01-16T08:51:17.606+0000][gc,heap     ] GC(475) Survivor regions: 4->3(7)
[2026-01-16T08:51:17.606+0000][gc,heap     ] GC(475) Old regions: 156->156
[2026-01-16T08:51:17.606+0000][gc,heap     ] GC(475) Humongous regions: 47->47
[2026-01-16T08:51:17.607+0000][gc,metaspace] GC(475) Metaspace: 12317K(12672K)->12317K(12672K) NonClass: 11238K(11392K)->11238K(11392K) Class: 1078K(1280K)->1078K(1280K)
[2026-01-16T08:51:17.613+0000][gc          ] GC(475) Pause Young (Normal) (G1 Evacuation Pause) 252M->204M(1024M) 145.732ms
[2026-01-16T08:51:17.614+0000][gc,cpu      ] GC(475) User=0.08s Sys=0.00s Real=0.14s
[2026-01-16T08:51:19.730+0000][gc,start    ] GC(476) Pause Young (Normal) (G1 Evacuation Pause)
[2026-01-16T08:51:19.730+0000][gc,task     ] GC(476) Using 8 workers of 8 for evacuation
[2026-01-16T08:51:19.994+0000][gc,mmu      ] GC(476) MMU target violated: 201.0ms (200.0ms/201.0ms)
[2026-01-16T08:51:19.999+0000][gc,phases   ] GC(476)   Pre Evacuate Collection Set: 11.4ms
[2026-01-16T08:51:19.999+0000][gc,phases   ] GC(476)   Merge Heap Roots: 0.4ms
[2026-01-16T08:51:19.999+0000][gc,phases   ] GC(476)   Evacuate Collection Set: 249.6ms
[2026-01-16T08:51:19.999+0000][gc,phases   ] GC(476)   Post Evacuate Collection Set: 2.1ms
[2026-01-16T08:51:19.999+0000][gc,phases   ] GC(476)   Other: 5.3ms
[2026-01-16T08:51:19.999+0000][gc,heap     ] GC(476) Eden regions: 48->0(48)
[2026-01-16T08:51:19.999+0000][gc,heap     ] GC(476) Survivor regions: 3->3(7)
[2026-01-16T08:51:20.000+0000][gc,heap     ] GC(476) Old regions: 156->156
[2026-01-16T08:51:20.002+0000][gc,heap     ] GC(476) Humongous regions: 47->47
[2026-01-16T08:51:20.004+0000][gc,metaspace] GC(476) Metaspace: 12318K(12672K)->12318K(12672K) NonClass: 11239K(11392K)->11239K(11392K) Class: 1078K(1280K)->1078K(1280K)
[2026-01-16T08:51:20.005+0000][gc          ] GC(476) Pause Young (Normal) (G1 Evacuation Pause) 252M->205M(1024M) 275.703ms
[2026-01-16T08:51:20.006+0000][gc,cpu      ] GC(476) User=0.11s Sys=0.01s Real=0.28s
[2026-01-16T08:51:26.153+0000][gc,start    ] GC(477) Pause Young (Normal) (G1 Evacuation Pause)
[2026-01-16T08:51:26.154+0000][gc,task     ] GC(477) Using 8 workers of 8 for evacuation
[2026-01-16T08:51:26.370+0000][gc,mmu      ] GC(477) MMU target violated: 201.0ms (200.0ms/201.0ms)
[2026-01-16T08:51:26.373+0000][gc,phases   ] GC(477)   Pre Evacuate Collection Set: 28.2ms
[2026-01-16T08:51:26.374+0000][gc,phases   ] GC(477)   Merge Heap Roots: 1.9ms
[2026-01-16T08:51:26.374+0000][gc,phases   ] GC(477)   Evacuate Collection Set: 177.4ms
[2026-01-16T08:51:26.374+0000][gc,phases   ] GC(477)   Post Evacuate Collection Set: 7.0ms
[2026-01-16T08:51:26.374+0000][gc,phases   ] GC(477)   Other: 4.6ms
[2026-01-16T08:51:26.379+0000][gc,heap     ] GC(477) Eden regions: 48->0(50)
[2026-01-16T08:51:26.380+0000][gc,heap     ] GC(477) Survivor regions: 3->2(7)
[2026-01-16T08:51:26.386+0000][gc,heap     ] GC(477) Old regions: 156->156
[2026-01-16T08:51:26.386+0000][gc,heap     ] GC(477) Humongous regions: 47->47
[2026-01-16T08:51:26.386+0000][gc,metaspace] GC(477) Metaspace: 12322K(12672K)->12322K(12672K) NonClass: 11243K(11392K)->11243K(11392K) Class: 1078K(1280K)->1078K(1280K)
[2026-01-16T08:51:26.387+0000][gc          ] GC(477) Pause Young (Normal) (G1 Evacuation Pause) 253M->204M(1024M) 233.363ms
[2026-01-16T08:51:26.387+0000][gc,cpu      ] GC(477) User=0.12s Sys=0.01s Real=0.24s
[2026-01-16T08:51:31.032+0000][gc,start    ] GC(478) Pause Young (Normal) (G1 Evacuation Pause)
[2026-01-16T08:51:31.035+0000][gc,task     ] GC(478) Using 8 workers of 8 for evacuation
[2026-01-16T08:51:31.424+0000][gc,mmu      ] GC(478) MMU target violated: 201.0ms (200.0ms/201.0ms)
[2026-01-16T08:51:31.425+0000][gc,phases   ] GC(478)   Pre Evacuate Collection Set: 18.4ms
[2026-01-16T08:51:31.426+0000][gc,phases   ] GC(478)   Merge Heap Roots: 5.9ms
[2026-01-16T08:51:31.426+0000][gc,phases   ] GC(478)   Evacuate Collection Set: 344.9ms
[2026-01-16T08:51:31.427+0000][gc,phases   ] GC(478)   Post Evacuate Collection Set: 13.8ms
[2026-01-16T08:51:31.445+0000][gc,phases   ] GC(478)   Other: 7.5ms
[2026-01-16T08:51:31.446+0000][gc,heap     ] GC(478) Eden regions: 62->0(48)
[2026-01-16T08:51:31.448+0000][gc,heap     ] GC(478) Survivor regions: 2->3(8)
[2026-01-16T08:51:31.448+0000][gc,heap     ] GC(478) Old regions: 156->157
[2026-01-16T08:51:31.448+0000][gc,heap     ] GC(478) Humongous regions: 47->47
[2026-01-16T08:51:31.460+0000][gc,metaspace] GC(478) Metaspace: 12373K(12864K)->12373K(12864K) NonClass: 11286K(11520K)->11286K(11520K) Class: 1086K(1344K)->1086K(1344K)
[2026-01-16T08:51:31.463+0000][gc          ] GC(478) Pause Young (Normal) (G1 Evacuation Pause) 266M->205M(1024M) 430.715ms
[2026-01-16T08:51:31.464+0000][gc,cpu      ] GC(478) User=0.26s Sys=0.04s Real=0.44s
[2026-01-16T08:51:37.370+0000][gc,start    ] GC(479) Pause Young (Normal) (G1 Evacuation Pause)
[2026-01-16T08:51:37.373+0000][gc,task     ] GC(479) Using 8 workers of 8 for evacuation
[2026-01-16T08:51:37.820+0000][gc,mmu      ] GC(479) MMU target violated: 201.0ms (200.0ms/201.0ms)
[2026-01-16T08:51:37.827+0000][gc,phases   ] GC(479)   Pre Evacuate Collection Set: 50.9ms
[2026-01-16T08:51:37.828+0000][gc,phases   ] GC(479)   Merge Heap Roots: 3.1ms
[2026-01-16T08:51:37.828+0000][gc,phases   ] GC(479)   Evacuate Collection Set: 350.0ms
[2026-01-16T08:51:37.829+0000][gc,phases   ] GC(479)   Post Evacuate Collection Set: 40.6ms
[2026-01-16T08:51:37.830+0000][gc,phases   ] GC(479)   Other: 10.4ms
[2026-01-16T08:51:37.832+0000][gc,heap     ] GC(479) Eden regions: 48->0(48)
[2026-01-16T08:51:37.832+0000][gc,heap     ] GC(479) Survivor regions: 3->3(7)
[2026-01-16T08:51:37.833+0000][gc,heap     ] GC(479) Old regions: 157->157
[2026-01-16T08:51:37.833+0000][gc,heap     ] GC(479) Humongous regions: 47->47
[2026-01-16T08:51:37.834+0000][gc,metaspace] GC(479) Metaspace: 12394K(12864K)->12394K(12864K) NonClass: 11308K(11520K)->11308K(11520K) Class: 1086K(1344K)->1086K(1344K)
[2026-01-16T08:51:37.839+0000][gc          ] GC(479) Pause Young (Normal) (G1 Evacuation Pause) 253M->206M(1024M) 468.897ms
[2026-01-16T08:51:37.839+0000][gc,cpu      ] GC(479) User=0.17s Sys=0.01s Real=0.47s
[2026-01-16T08:51:40.402+0000][gc,start    ] GC(480) Pause Young (Normal) (G1 Evacuation Pause)
[2026-01-16T08:51:40.405+0000][gc,task     ] GC(480) Using 8 workers of 8 for evacuation
[2026-01-16T08:51:40.585+0000][gc,phases   ] GC(480)   Pre Evacuate Collection Set: 8.5ms
[2026-01-16T08:51:40.586+0000][gc,phases   ] GC(480)   Merge Heap Roots: 3.8ms
[2026-01-16T08:51:40.586+0000][gc,phases   ] GC(480)   Evacuate Collection Set: 153.4ms
[2026-01-16T08:51:40.586+0000][gc,phases   ] GC(480)   Post Evacuate Collection Set: 14.2ms
[2026-01-16T08:51:40.587+0000][gc,phases   ] GC(480)   Other: 0.8ms
[2026-01-16T08:51:40.587+0000][gc,heap     ] GC(480) Eden regions: 48->0(48)
[2026-01-16T08:51:40.587+0000][gc,heap     ] GC(480) Survivor regions: 3->3(7)
[2026-01-16T08:51:40.588+0000][gc,heap     ] GC(480) Old regions: 157->157
[2026-01-16T08:51:40.590+0000][gc,heap     ] GC(480) Humongous regions: 47->47
[2026-01-16T08:51:40.591+0000][gc,metaspace] GC(480) Metaspace: 12394K(12864K)->12394K(12864K) NonClass: 11308K(11520K)->11308K(11520K) Class: 1086K(1344K)->1086K(1344K)
[2026-01-16T08:51:40.591+0000][gc          ] GC(480) Pause Young (Normal) (G1 Evacuation Pause) 254M->205M(1024M) 189.512ms
[2026-01-16T08:51:40.592+0000][gc,cpu      ] GC(480) User=0.12s Sys=0.01s Real=0.19s
[2026-01-16T08:51:45.642+0000][gc,start    ] GC(481) Pause Young (Normal) (G1 Evacuation Pause)
[2026-01-16T08:51:45.650+0000][gc,task     ] GC(481) Using 8 workers of 8 for evacuation
[2026-01-16T08:51:46.325+0000][gc,mmu      ] GC(481) MMU target violated: 201.0ms (200.0ms/201.0ms)
[2026-01-16T08:51:46.329+0000][gc,phases   ] GC(481)   Pre Evacuate Collection Set: 37.1ms
[2026-01-16T08:51:46.329+0000][gc,phases   ] GC(481)   Merge Heap Roots: 10.5ms
[2026-01-16T08:51:46.330+0000][gc,phases   ] GC(481)   Evacuate Collection Set: 586.8ms
[2026-01-16T08:51:46.331+0000][gc,phases   ] GC(481)   Post Evacuate Collection Set: 32.9ms
[2026-01-16T08:51:46.331+0000][gc,phases   ] GC(481)   Other: 15.7ms
[2026-01-16T08:51:46.340+0000][gc,heap     ] GC(481) Eden regions: 48->0(48)
[2026-01-16T08:51:46.346+0000][gc,heap     ] GC(481) Survivor regions: 3->3(7)
[2026-01-16T08:51:46.347+0000][gc,heap     ] GC(481) Old regions: 157->157
[2026-01-16T08:51:46.348+0000][gc,heap     ] GC(481) Humongous regions: 47->47
[2026-01-16T08:51:46.349+0000][gc,metaspace] GC(481) Metaspace: 12394K(12864K)->12394K(12864K) NonClass: 11308K(11520K)->11308K(11520K) Class: 1086K(1344K)->1086K(1344K)
[2026-01-16T08:51:46.351+0000][gc          ] GC(481) Pause Young (Normal) (G1 Evacuation Pause) 253M->206M(1024M) 709.395ms
[2026-01-16T08:51:46.351+0000][gc,cpu      ] GC(481) User=0.34s Sys=0.05s Real=0.71s
[2026-01-16T08:51:49.959+0000][gc,start    ] GC(482) Pause Young (Normal) (G1 Evacuation Pause)
[2026-01-16T08:51:49.962+0000][gc,task     ] GC(482) Using 8 workers of 8 for evacuation
[2026-01-16T08:51:50.132+0000][gc,phases   ] GC(482)   Pre Evacuate Collection Set: 6.5ms
[2026-01-16T08:51:50.134+0000][gc,phases   ] GC(482)   Merge Heap Roots: 1.9ms
[2026-01-16T08:51:50.135+0000][gc,phases   ] GC(482)   Evacuate Collection Set: 127.2ms
[2026-01-16T08:51:50.135+0000][gc,phases   ] GC(482)   Post Evacuate Collection Set: 28.1ms
[2026-01-16T08:51:50.136+0000][gc,phases   ] GC(482)   Other: 5.8ms
[2026-01-16T08:51:50.136+0000][gc,heap     ] GC(482) Eden regions: 48->0(49)
[2026-01-16T08:51:50.136+0000][gc,heap     ] GC(482) Survivor regions: 3->2(7)
[2026-01-16T08:51:50.137+0000][gc,heap     ] GC(482) Old regions: 157->157
[2026-01-16T08:51:50.137+0000][gc,heap     ] GC(482) Humongous regions: 47->47
[2026-01-16T08:51:50.137+0000][gc,metaspace] GC(482) Metaspace: 12398K(12864K)->12398K(12864K) NonClass: 11311K(11520K)->11311K(11520K) Class: 1086K(1344K)->1086K(1344K)
[2026-01-16T08:51:50.137+0000][gc          ] GC(482) Pause Young (Normal) (G1 Evacuation Pause) 254M->205M(1024M) 178.599ms
[2026-01-16T08:51:50.138+0000][gc,cpu      ] GC(482) User=0.09s Sys=0.00s Real=0.18s
[2026-01-16T08:52:23.426+0000][gc,start    ] GC(483) Pause Young (Normal) (G1 Evacuation Pause)
[2026-01-16T08:52:26.800+0000][gc,task     ] GC(483) Using 8 workers of 8 for evacuation
[2026-01-16T08:53:53.923+0000][gc,mmu      ] GC(483) MMU target violated: 201.0ms (200.0ms/201.0ms)
[2026-01-16T08:53:53.995+0000][gc,phases   ] GC(483)   Pre Evacuate Collection Set: 34.7ms
[2026-01-16T08:53:54.034+0000][gc,phases   ] GC(483)   Merge Heap Roots: 8.9ms
[2026-01-16T08:53:54.039+0000][gc,phases   ] GC(483)   Evacuate Collection Set: 23358.9ms
[2026-01-16T08:53:54.049+0000][gc,phases   ] GC(483)   Post Evacuate Collection Set: 1814.1ms
[2026-01-16T08:53:54.057+0000][gc,phases   ] GC(483)   Other: 283.3ms
[2026-01-16T08:53:54.079+0000][gc,heap     ] GC(483) Eden regions: 49->0(48)
[2026-01-16T08:53:54.172+0000][gc,heap     ] GC(483) Survivor regions: 2->3(7)
[2026-01-16T08:53:54.175+0000][gc,heap     ] GC(483) Old regions: 157->157
[2026-01-16T08:53:54.181+0000][gc,heap     ] GC(483) Humongous regions: 47->47
[2026-01-16T08:53:54.190+0000][gc,metaspace] GC(483) Metaspace: 12398K(12864K)->12398K(12864K) NonClass: 11311K(11520K)->11311K(11520K) Class: 1086K(1344K)->1086K(1344K)
[2026-01-16T08:53:54.236+0000][gc          ] GC(483) Pause Young (Normal) (G1 Evacuation Pause) 254M->206M(1024M) 29117.969ms
[2026-01-16T08:53:54.314+0000][gc,cpu      ] GC(483) User=5.58s Sys=0.78s Real=29.17s
[2026-01-16T08:54:16.770+0000][gc,start    ] GC(484) Pause Young (Normal) (G1 Evacuation Pause)
[2026-01-16T08:54:16.828+0000][gc,task     ] GC(484) Using 8 workers of 8 for evacuation
[2026-01-16T08:54:19.209+0000][gc,mmu      ] GC(484) MMU target violated: 201.0ms (200.0ms/201.0ms)
[2026-01-16T08:54:19.212+0000][gc,phases   ] GC(484)   Pre Evacuate Collection Set: 144.1ms
[2026-01-16T08:54:19.212+0000][gc,phases   ] GC(484)   Merge Heap Roots: 48.1ms
[2026-01-16T08:54:19.212+0000][gc,phases   ] GC(484)   Evacuate Collection Set: 2119.7ms
[2026-01-16T08:54:19.213+0000][gc,phases   ] GC(484)   Post Evacuate Collection Set: 56.9ms
[2026-01-16T08:54:19.213+0000][gc,phases   ] GC(484)   Other: 34.5ms
[2026-01-16T08:54:19.214+0000][gc,heap     ] GC(484) Eden regions: 48->0(47)
[2026-01-16T08:54:19.215+0000][gc,heap     ] GC(484) Survivor regions: 3->4(7)
[2026-01-16T08:54:19.218+0000][gc,heap     ] GC(484) Old regions: 157->158
[2026-01-16T08:54:19.221+0000][gc,heap     ] GC(484) Humongous regions: 47->47
[2026-01-16T08:54:19.241+0000][gc,metaspace] GC(484) Metaspace: 12408K(12864K)->12408K(12864K) NonClass: 11322K(11520K)->11322K(11520K) Class: 1086K(1344K)->1086K(1344K)
[2026-01-16T08:54:19.244+0000][gc          ] GC(484) Pause Young (Normal) (G1 Evacuation Pause) 254M->207M(1024M) 2474.232ms
[2026-01-16T08:54:19.255+0000][gc,cpu      ] GC(484) User=1.04s Sys=0.12s Real=2.48s
[2026-01-16T08:54:23.320+0000][gc,start    ] GC(485) Pause Young (Normal) (G1 Evacuation Pause)
[2026-01-16T08:54:23.327+0000][gc,task     ] GC(485) Using 8 workers of 8 for evacuation
[2026-01-16T08:54:24.475+0000][gc,mmu      ] GC(485) MMU target violated: 201.0ms (200.0ms/201.0ms)
[2026-01-16T08:54:24.479+0000][gc,phases   ] GC(485)   Pre Evacuate Collection Set: 168.1ms
[2026-01-16T08:54:24.481+0000][gc,phases   ] GC(485)   Merge Heap Roots: 21.4ms
[2026-01-16T08:54:24.481+0000][gc,phases   ] GC(485)   Evacuate Collection Set: 890.8ms
[2026-01-16T08:54:24.481+0000][gc,phases   ] GC(485)   Post Evacuate Collection Set: 61.5ms
[2026-01-16T08:54:24.481+0000][gc,phases   ] GC(485)   Other: 12.5ms
[2026-01-16T08:54:24.481+0000][gc,heap     ] GC(485) Eden regions: 47->0(47)
[2026-01-16T08:54:24.481+0000][gc,heap     ] GC(485) Survivor regions: 4->4(7)
[2026-01-16T08:54:24.482+0000][gc,heap     ] GC(485) Old regions: 158->158
[2026-01-16T08:54:24.482+0000][gc,heap     ] GC(485) Humongous regions: 47->47
[2026-01-16T08:54:24.482+0000][gc,metaspace] GC(485) Metaspace: 12409K(12864K)->12409K(12864K) NonClass: 11323K(11520K)->11323K(11520K) Class: 1086K(1344K)->1086K(1344K)
[2026-01-16T08:54:24.483+0000][gc          ] GC(485) Pause Young (Normal) (G1 Evacuation Pause) 254M->207M(1024M) 1162.680ms
[2026-01-16T08:54:24.492+0000][gc,cpu      ] GC(485) User=0.67s Sys=0.07s Real=1.17s
[2026-01-16T08:54:28.838+0000][gc,start    ] GC(486) Pause Young (Normal) (G1 Evacuation Pause)
[2026-01-16T08:54:28.839+0000][gc,task     ] GC(486) Using 8 workers of 8 for evacuation
[2026-01-16T08:54:29.640+0000][gc,mmu      ] GC(486) MMU target violated: 201.0ms (200.0ms/201.0ms)
[2026-01-16T08:54:29.640+0000][gc,phases   ] GC(486)   Pre Evacuate Collection Set: 64.8ms
[2026-01-16T08:54:29.641+0000][gc,phases   ] GC(486)   Merge Heap Roots: 14.1ms
[2026-01-16T08:54:29.641+0000][gc,phases   ] GC(486)   Evacuate Collection Set: 609.4ms
[2026-01-16T08:54:29.641+0000][gc,phases   ] GC(486)   Post Evacuate Collection Set: 92.0ms
[2026-01-16T08:54:29.647+0000][gc,phases   ] GC(486)   Other: 20.7ms
[2026-01-16T08:54:29.648+0000][gc,heap     ] GC(486) Eden regions: 47->0(46)
[2026-01-16T08:54:29.650+0000][gc,heap     ] GC(486) Survivor regions: 4->5(7)
[2026-01-16T08:54:29.652+0000][gc,heap     ] GC(486) Old regions: 158->158
[2026-01-16T08:54:29.655+0000][gc,heap     ] GC(486) Humongous regions: 47->47
[2026-01-16T08:54:29.656+0000][gc,metaspace] GC(486) Metaspace: 12409K(12864K)->12409K(12864K) NonClass: 11323K(11520K)->11323K(11520K) Class: 1086K(1344K)->1086K(1344K)
[2026-01-16T08:54:29.658+0000][gc          ] GC(486) Pause Young (Normal) (G1 Evacuation Pause) 254M->208M(1024M) 819.938ms
[2026-01-16T08:54:29.658+0000][gc,cpu      ] GC(486) User=0.41s Sys=0.05s Real=0.82s
[2026-01-16T08:54:33.630+0000][gc,start    ] GC(487) Pause Young (Normal) (G1 Evacuation Pause)
[2026-01-16T08:54:33.639+0000][gc,task     ] GC(487) Using 8 workers of 8 for evacuation
[2026-01-16T08:54:34.745+0000][gc,mmu      ] GC(487) MMU target violated: 201.0ms (200.0ms/201.0ms)
[2026-01-16T08:54:34.746+0000][gc,phases   ] GC(487)   Pre Evacuate Collection Set: 60.2ms
[2026-01-16T08:54:34.747+0000][gc,phases   ] GC(487)   Merge Heap Roots: 4.5ms
[2026-01-16T08:54:34.747+0000][gc,phases   ] GC(487)   Evacuate Collection Set: 1015.0ms
[2026-01-16T08:54:34.748+0000][gc,phases   ] GC(487)   Post Evacuate Collection Set: 20.7ms
[2026-01-16T08:54:34.749+0000][gc,phases   ] GC(487)   Other: 6.9ms
[2026-01-16T08:54:34.749+0000][gc,heap     ] GC(487) Eden regions: 46->0(46)
[2026-01-16T08:54:34.750+0000][gc,heap     ] GC(487) Survivor regions: 5->5(7)
[2026-01-16T08:54:34.752+0000][gc,heap     ] GC(487) Old regions: 158->158
[2026-01-16T08:54:34.754+0000][gc,heap     ] GC(487) Humongous regions: 47->47
[2026-01-16T08:54:34.756+0000][gc,metaspace] GC(487) Metaspace: 12409K(12864K)->12409K(12864K) NonClass: 11323K(11520K)->11323K(11520K) Class: 1086K(1344K)->1086K(1344K)
[2026-01-16T08:54:34.757+0000][gc          ] GC(487) Pause Young (Normal) (G1 Evacuation Pause) 254M->209M(1024M) 1127.540ms
[2026-01-16T08:54:34.758+0000][gc,cpu      ] GC(487) User=0.44s Sys=0.08s Real=1.14s
[2026-01-16T08:54:38.280+0000][gc,start    ] GC(488) Pause Young (Normal) (G1 Evacuation Pause)
[2026-01-16T08:54:38.287+0000][gc,task     ] GC(488) Using 8 workers of 8 for evacuation
[2026-01-16T08:54:38.759+0000][gc,mmu      ] GC(488) MMU target violated: 201.0ms (200.0ms/201.0ms)
[2026-01-16T08:54:38.760+0000][gc,phases   ] GC(488)   Pre Evacuate Collection Set: 34.0ms
[2026-01-16T08:54:38.761+0000][gc,phases   ] GC(488)   Merge Heap Roots: 10.7ms
[2026-01-16T08:54:38.761+0000][gc,phases   ] GC(488)   Evacuate Collection Set: 391.6ms
[2026-01-16T08:54:38.762+0000][gc,phases   ] GC(488)   Post Evacuate Collection Set: 23.4ms
[2026-01-16T08:54:38.766+0000][gc,phases   ] GC(488)   Other: 14.1ms
[2026-01-16T08:54:38.767+0000][gc,heap     ] GC(488) Eden regions: 46->0(47)
[2026-01-16T08:54:38.767+0000][gc,heap     ] GC(488) Survivor regions: 5->4(7)
[2026-01-16T08:54:38.769+0000][gc,heap     ] GC(488) Old regions: 158->159
[2026-01-16T08:54:38.770+0000][gc,heap     ] GC(488) Humongous regions: 49->49
[2026-01-16T08:54:38.772+0000][gc,metaspace] GC(488) Metaspace: 12409K(12864K)->12409K(12864K) NonClass: 11323K(11520K)->11323K(11520K) Class: 1086K(1344K)->1086K(1344K)
[2026-01-16T08:54:38.773+0000][gc          ] GC(488) Pause Young (Normal) (G1 Evacuation Pause) 257M->211M(1024M) 493.106ms
[2026-01-16T08:54:38.775+0000][gc,cpu      ] GC(488) User=0.23s Sys=0.02s Real=0.49s
[2026-01-16T08:54:42.811+0000][gc,start    ] GC(489) Pause Young (Normal) (G1 Evacuation Pause)
[2026-01-16T08:54:42.828+0000][gc,task     ] GC(489) Using 8 workers of 8 for evacuation
[2026-01-16T08:54:43.469+0000][gc,mmu      ] GC(489) MMU target violated: 201.0ms (200.0ms/201.0ms)
[2026-01-16T08:54:43.475+0000][gc,phases   ] GC(489)   Pre Evacuate Collection Set: 154.7ms
[2026-01-16T08:54:43.476+0000][gc,phases   ] GC(489)   Merge Heap Roots: 27.9ms
[2026-01-16T08:54:43.477+0000][gc,phases   ] GC(489)   Evacuate Collection Set: 373.7ms
[2026-01-16T08:54:43.478+0000][gc,phases   ] GC(489)   Post Evacuate Collection Set: 83.9ms
[2026-01-16T08:54:43.478+0000][gc,phases   ] GC(489)   Other: 7.1ms
[2026-01-16T08:54:43.478+0000][gc,heap     ] GC(489) Eden regions: 47->0(46)
[2026-01-16T08:54:43.479+0000][gc,heap     ] GC(489) Survivor regions: 4->5(7)
[2026-01-16T08:54:43.479+0000][gc,heap     ] GC(489) Old regions: 159->159
[2026-01-16T08:54:43.479+0000][gc,heap     ] GC(489) Humongous regions: 58->58
[2026-01-16T08:54:43.480+0000][gc,metaspace] GC(489) Metaspace: 12409K(12864K)->12409K(12864K) NonClass: 11323K(11520K)->11323K(11520K) Class: 1086K(1344K)->1086K(1344K)
[2026-01-16T08:54:43.481+0000][gc          ] GC(489) Pause Young (Normal) (G1 Evacuation Pause) 267M->220M(1024M) 669.461ms
[2026-01-16T08:54:43.482+0000][gc,cpu      ] GC(489) User=0.38s Sys=0.04s Real=0.67s
[2026-01-16T08:54:45.786+0000][gc,start    ] GC(490) Pause Young (Normal) (G1 Evacuation Pause)
[2026-01-16T08:54:45.788+0000][gc,task     ] GC(490) Using 8 workers of 8 for evacuation
[2026-01-16T08:54:46.502+0000][gc,mmu      ] GC(490) MMU target violated: 201.0ms (200.0ms/201.0ms)
[2026-01-16T08:54:46.513+0000][gc,phases   ] GC(490)   Pre Evacuate Collection Set: 62.2ms
[2026-01-16T08:54:46.515+0000][gc,phases   ] GC(490)   Merge Heap Roots: 13.9ms
[2026-01-16T08:54:46.520+0000][gc,phases   ] GC(490)   Evacuate Collection Set: 581.0ms
[2026-01-16T08:54:46.523+0000][gc,phases   ] GC(490)   Post Evacuate Collection Set: 52.1ms
[2026-01-16T08:54:46.524+0000][gc,phases   ] GC(490)   Other: 16.5ms
[2026-01-16T08:54:46.524+0000][gc,heap     ] GC(490) Eden regions: 46->0(46)
[2026-01-16T08:54:46.524+0000][gc,heap     ] GC(490) Survivor regions: 5->5(7)
[2026-01-16T08:54:46.525+0000][gc,heap     ] GC(490) Old regions: 159->159
[2026-01-16T08:54:46.526+0000][gc,heap     ] GC(490) Humongous regions: 58->49
[2026-01-16T08:54:46.528+0000][gc,metaspace] GC(490) Metaspace: 12411K(12864K)->12411K(12864K) NonClass: 11325K(11520K)->11325K(11520K) Class: 1086K(1344K)->1086K(1344K)
[2026-01-16T08:54:46.533+0000][gc          ] GC(490) Pause Young (Normal) (G1 Evacuation Pause) 266M->211M(1024M) 747.196ms
[2026-01-16T08:54:46.534+0000][gc,cpu      ] GC(490) User=0.27s Sys=0.05s Real=0.75s
[2026-01-16T08:54:48.193+0000][gc,start    ] GC(491) Pause Young (Normal) (G1 Evacuation Pause)
[2026-01-16T08:54:48.195+0000][gc,task     ] GC(491) Using 8 workers of 8 for evacuation
[2026-01-16T08:54:48.479+0000][gc,mmu      ] GC(491) MMU target violated: 201.0ms (200.0ms/201.0ms)
[2026-01-16T08:54:48.481+0000][gc,phases   ] GC(491)   Pre Evacuate Collection Set: 67.0ms
[2026-01-16T08:54:48.482+0000][gc,phases   ] GC(491)   Merge Heap Roots: 1.8ms
[2026-01-16T08:54:48.483+0000][gc,phases   ] GC(491)   Evacuate Collection Set: 201.7ms
[2026-01-16T08:54:48.483+0000][gc,phases   ] GC(491)   Post Evacuate Collection Set: 5.2ms
[2026-01-16T08:54:48.483+0000][gc,phases   ] GC(491)   Other: 11.0ms
[2026-01-16T08:54:48.483+0000][gc,heap     ] GC(491) Eden regions: 46->0(47)
[2026-01-16T08:54:48.485+0000][gc,heap     ] GC(491) Survivor regions: 5->4(7)
[2026-01-16T08:54:48.488+0000][gc,heap     ] GC(491) Old regions: 159->160
[2026-01-16T08:54:48.488+0000][gc,heap     ] GC(491) Humongous regions: 49->49
[2026-01-16T08:54:48.488+0000][gc,metaspace] GC(491) Metaspace: 12411K(12864K)->12411K(12864K) NonClass: 11325K(11520K)->11325K(11520K) Class: 1086K(1344K)->1086K(1344K)
[2026-01-16T08:54:48.489+0000][gc          ] GC(491) Pause Young (Normal) (G1 Evacuation Pause) 257M->212M(1024M) 296.949ms
[2026-01-16T08:54:48.490+0000][gc,cpu      ] GC(491) User=0.12s Sys=0.01s Real=0.30s
[2026-01-16T08:54:49.493+0000][gc,start    ] GC(492) Pause Young (Normal) (G1 Evacuation Pause)
[2026-01-16T08:54:49.495+0000][gc,task     ] GC(492) Using 8 workers of 8 for evacuation
[2026-01-16T08:54:49.644+0000][gc,phases   ] GC(492)   Pre Evacuate Collection Set: 2.6ms
[2026-01-16T08:54:49.654+0000][gc,phases   ] GC(492)   Merge Heap Roots: 0.2ms
[2026-01-16T08:54:49.656+0000][gc,phases   ] GC(492)   Evacuate Collection Set: 136.1ms
[2026-01-16T08:54:49.656+0000][gc,phases   ] GC(492)   Post Evacuate Collection Set: 6.7ms
[2026-01-16T08:54:49.657+0000][gc,phases   ] GC(492)   Other: 4.7ms
[2026-01-16T08:54:49.658+0000][gc,heap     ] GC(492) Eden regions: 47->0(47)
[2026-01-16T08:54:49.658+0000][gc,heap     ] GC(492) Survivor regions: 4->4(7)
[2026-01-16T08:54:49.658+0000][gc,heap     ] GC(492) Old regions: 160->161
[2026-01-16T08:54:49.659+0000][gc,heap     ] GC(492) Humongous regions: 49->49
[2026-01-16T08:54:49.659+0000][gc,metaspace] GC(492) Metaspace: 12411K(12864K)->12411K(12864K) NonClass: 11325K(11520K)->11325K(11520K) Class: 1086K(1344K)->1086K(1344K)
[2026-01-16T08:54:49.659+0000][gc          ] GC(492) Pause Young (Normal) (G1 Evacuation Pause) 259M->212M(1024M) 166.985ms
[2026-01-16T08:54:49.660+0000][gc,cpu      ] GC(492) User=0.05s Sys=0.00s Real=0.17s
[2026-01-16T08:54:50.563+0000][gc,start    ] GC(493) Pause Young (Normal) (G1 Evacuation Pause)
[2026-01-16T08:54:50.564+0000][gc,task     ] GC(493) Using 8 workers of 8 for evacuation
[2026-01-16T08:54:50.803+0000][gc,mmu      ] GC(493) MMU target violated: 201.0ms (200.0ms/201.0ms)
[2026-01-16T08:54:50.804+0000][gc,phases   ] GC(493)   Pre Evacuate Collection Set: 7.4ms
[2026-01-16T08:54:50.804+0000][gc,phases   ] GC(493)   Merge Heap Roots: 0.5ms
[2026-01-16T08:54:50.806+0000][gc,phases   ] GC(493)   Evacuate Collection Set: 208.1ms
[2026-01-16T08:54:50.807+0000][gc,phases   ] GC(493)   Post Evacuate Collection Set: 22.8ms
[2026-01-16T08:54:50.808+0000][gc,phases   ] GC(493)   Other: 1.0ms
[2026-01-16T08:54:50.808+0000][gc,heap     ] GC(493) Eden regions: 47->0(47)
[2026-01-16T08:54:50.812+0000][gc,heap     ] GC(493) Survivor regions: 4->4(7)
[2026-01-16T08:54:50.813+0000][gc,heap     ] GC(493) Old regions: 161->161
[2026-01-16T08:54:50.815+0000][gc,heap     ] GC(493) Humongous regions: 49->49
[2026-01-16T08:54:50.816+0000][gc,metaspace] GC(493) Metaspace: 12411K(12864K)->12411K(12864K) NonClass: 11325K(11520K)->11325K(11520K) Class: 1086K(1344K)->1086K(1344K)
[2026-01-16T08:54:50.817+0000][gc          ] GC(493) Pause Young (Normal) (G1 Evacuation Pause) 259M->213M(1024M) 253.949ms
[2026-01-16T08:54:50.817+0000][gc,cpu      ] GC(493) User=0.11s Sys=0.01s Real=0.25s
[2026-01-16T08:54:52.025+0000][gc,start    ] GC(494) Pause Young (Normal) (G1 Evacuation Pause)
[2026-01-16T08:54:52.031+0000][gc,task     ] GC(494) Using 8 workers of 8 for evacuation
[2026-01-16T08:54:52.185+0000][gc,phases   ] GC(494)   Pre Evacuate Collection Set: 4.9ms
[2026-01-16T08:54:52.186+0000][gc,phases   ] GC(494)   Merge Heap Roots: 1.8ms
[2026-01-16T08:54:52.186+0000][gc,phases   ] GC(494)   Evacuate Collection Set: 143.0ms
[2026-01-16T08:54:52.187+0000][gc,phases   ] GC(494)   Post Evacuate Collection Set: 3.8ms
[2026-01-16T08:54:52.187+0000][gc,phases   ] GC(494)   Other: 1.2ms
[2026-01-16T08:54:52.188+0000][gc,heap     ] GC(494) Eden regions: 47->0(46)
[2026-01-16T08:54:52.188+0000][gc,heap     ] GC(494) Survivor regions: 4->5(7)
[2026-01-16T08:54:52.191+0000][gc,heap     ] GC(494) Old regions: 161->162
[2026-01-16T08:54:52.191+0000][gc,heap     ] GC(494) Humongous regions: 49->49
[2026-01-16T08:54:52.191+0000][gc,metaspace] GC(494) Metaspace: 12411K(12864K)->12411K(12864K) NonClass: 11325K(11520K)->11325K(11520K) Class: 1086K(1344K)->1086K(1344K)
[2026-01-16T08:54:52.191+0000][gc          ] GC(494) Pause Young (Normal) (G1 Evacuation Pause) 260M->214M(1024M) 166.058ms
[2026-01-16T08:54:52.192+0000][gc,cpu      ] GC(494) User=0.09s Sys=0.01s Real=0.17s
[2026-01-16T08:54:54.763+0000][gc,start    ] GC(495) Pause Young (Normal) (G1 Evacuation Pause)
[2026-01-16T08:54:54.768+0000][gc,task     ] GC(495) Using 8 workers of 8 for evacuation
[2026-01-16T08:54:55.100+0000][gc,mmu      ] GC(495) MMU target violated: 201.0ms (200.0ms/201.0ms)
[2026-01-16T08:54:55.102+0000][gc,phases   ] GC(495)   Pre Evacuate Collection Set: 13.4ms
[2026-01-16T08:54:55.104+0000][gc,phases   ] GC(495)   Merge Heap Roots: 1.2ms
[2026-01-16T08:54:55.105+0000][gc,phases   ] GC(495)   Evacuate Collection Set: 285.4ms
[2026-01-16T08:54:55.115+0000][gc,phases   ] GC(495)   Post Evacuate Collection Set: 28.3ms
[2026-01-16T08:54:55.120+0000][gc,phases   ] GC(495)   Other: 5.6ms
[2026-01-16T08:54:55.120+0000][gc,heap     ] GC(495) Eden regions: 46->0(47)
[2026-01-16T08:54:55.120+0000][gc,heap     ] GC(495) Survivor regions: 5->4(7)
[2026-01-16T08:54:55.121+0000][gc,heap     ] GC(495) Old regions: 162->163
[2026-01-16T08:54:55.122+0000][gc,heap     ] GC(495) Humongous regions: 58->58
[2026-01-16T08:54:55.122+0000][gc,metaspace] GC(495) Metaspace: 12411K(12864K)->12411K(12864K) NonClass: 11325K(11520K)->11325K(11520K) Class: 1086K(1344K)->1086K(1344K)
[2026-01-16T08:54:55.124+0000][gc          ] GC(495) Pause Young (Normal) (G1 Evacuation Pause) 269M->223M(1024M) 361.567ms
[2026-01-16T08:54:55.125+0000][gc,cpu      ] GC(495) User=0.16s Sys=0.01s Real=0.36s
[2026-01-16T08:54:57.210+0000][gc,start    ] GC(496) Pause Young (Normal) (G1 Evacuation Pause)
[2026-01-16T08:54:57.212+0000][gc,task     ] GC(496) Using 8 workers of 8 for evacuation
[2026-01-16T08:54:57.590+0000][gc,mmu      ] GC(496) MMU target violated: 201.0ms (200.0ms/201.0ms)
[2026-01-16T08:54:57.592+0000][gc,phases   ] GC(496)   Pre Evacuate Collection Set: 26.6ms
[2026-01-16T08:54:57.594+0000][gc,phases   ] GC(496)   Merge Heap Roots: 3.5ms
[2026-01-16T08:54:57.595+0000][gc,phases   ] GC(496)   Evacuate Collection Set: 271.9ms
[2026-01-16T08:54:57.595+0000][gc,phases   ] GC(496)   Post Evacuate Collection Set: 62.9ms
[2026-01-16T08:54:57.599+0000][gc,phases   ] GC(496)   Other: 15.8ms
[2026-01-16T08:54:57.602+0000][gc,heap     ] GC(496) Eden regions: 47->0(47)
[2026-01-16T08:54:57.603+0000][gc,heap     ] GC(496) Survivor regions: 4->4(7)
[2026-01-16T08:54:57.604+0000][gc,heap     ] GC(496) Old regions: 163->163
[2026-01-16T08:54:57.604+0000][gc,heap     ] GC(496) Humongous regions: 60->51
[2026-01-16T08:54:57.605+0000][gc,metaspace] GC(496) Metaspace: 12412K(12864K)->12412K(12864K) NonClass: 11326K(11520K)->11326K(11520K) Class: 1086K(1344K)->1086K(1344K)
[2026-01-16T08:54:57.605+0000][gc          ] GC(496) Pause Young (Normal) (G1 Evacuation Pause) 272M->217M(1024M) 394.804ms
[2026-01-16T08:54:57.605+0000][gc,cpu      ] GC(496) User=0.10s Sys=0.04s Real=0.39s
[2026-01-16T08:54:59.953+0000][gc,start    ] GC(497) Pause Young (Normal) (G1 Evacuation Pause)
[2026-01-16T08:54:59.968+0000][gc,task     ] GC(497) Using 8 workers of 8 for evacuation
[2026-01-16T08:55:00.384+0000][gc,mmu      ] GC(497) MMU target violated: 201.0ms (200.0ms/201.0ms)
[2026-01-16T08:55:00.385+0000][gc,phases   ] GC(497)   Pre Evacuate Collection Set: 76.5ms
[2026-01-16T08:55:00.391+0000][gc,phases   ] GC(497)   Merge Heap Roots: 3.1ms
[2026-01-16T08:55:00.392+0000][gc,phases   ] GC(497)   Evacuate Collection Set: 301.3ms
[2026-01-16T08:55:00.392+0000][gc,phases   ] GC(497)   Post Evacuate Collection Set: 17.0ms
[2026-01-16T08:55:00.392+0000][gc,phases   ] GC(497)   Other: 20.0ms
[2026-01-16T08:55:00.393+0000][gc,heap     ] GC(497) Eden regions: 47->0(46)
[2026-01-16T08:55:00.393+0000][gc,heap     ] GC(497) Survivor regions: 4->5(7)
[2026-01-16T08:55:00.394+0000][gc,heap     ] GC(497) Old regions: 163->164
[2026-01-16T08:55:00.394+0000][gc,heap     ] GC(497) Humongous regions: 51->51
[2026-01-16T08:55:00.397+0000][gc,metaspace] GC(497) Metaspace: 12412K(12864K)->12412K(12864K) NonClass: 11326K(11520K)->11326K(11520K) Class: 1086K(1344K)->1086K(1344K)
[2026-01-16T08:55:00.398+0000][gc          ] GC(497) Pause Young (Normal) (G1 Evacuation Pause) 264M->218M(1024M) 444.602ms
[2026-01-16T08:55:00.399+0000][gc,cpu      ] GC(497) User=0.15s Sys=0.01s Real=0.44s
[2026-01-16T08:55:02.610+0000][gc,start    ] GC(498) Pause Young (Normal) (G1 Evacuation Pause)
[2026-01-16T08:55:02.620+0000][gc,task     ] GC(498) Using 8 workers of 8 for evacuation
[2026-01-16T08:55:02.808+0000][gc,phases   ] GC(498)   Pre Evacuate Collection Set: 49.8ms
[2026-01-16T08:55:02.809+0000][gc,phases   ] GC(498)   Merge Heap Roots: 21.2ms
[2026-01-16T08:55:02.811+0000][gc,phases   ] GC(498)   Evacuate Collection Set: 110.2ms
[2026-01-16T08:55:02.811+0000][gc,phases   ] GC(498)   Post Evacuate Collection Set: 5.1ms
[2026-01-16T08:55:02.813+0000][gc,phases   ] GC(498)   Other: 3.7ms
[2026-01-16T08:55:02.813+0000][gc,heap     ] GC(498) Eden regions: 46->0(47)
[2026-01-16T08:55:02.814+0000][gc,heap     ] GC(498) Survivor regions: 5->4(7)
[2026-01-16T08:55:02.815+0000][gc,heap     ] GC(498) Old regions: 164->164
[2026-01-16T08:55:02.816+0000][gc,heap     ] GC(498) Humongous regions: 51->51
[2026-01-16T08:55:02.816+0000][gc,metaspace] GC(498) Metaspace: 12412K(12864K)->12412K(12864K) NonClass: 11326K(11520K)->11326K(11520K) Class: 1086K(1344K)->1086K(1344K)
[2026-01-16T08:55:02.817+0000][gc          ] GC(498) Pause Young (Normal) (G1 Evacuation Pause) 264M->218M(1024M) 207.348ms
[2026-01-16T08:55:02.818+0000][gc,cpu      ] GC(498) User=0.13s Sys=0.01s Real=0.20s
[2026-01-16T08:55:03.445+0000][gc,start    ] GC(499) Pause Young (Normal) (G1 Evacuation Pause)
[2026-01-16T08:55:03.445+0000][gc,task     ] GC(499) Using 8 workers of 8 for evacuation
[2026-01-16T08:55:03.557+0000][gc,phases   ] GC(499)   Pre Evacuate Collection Set: 1.7ms
[2026-01-16T08:55:03.557+0000][gc,phases   ] GC(499)   Merge Heap Roots: 0.3ms
[2026-01-16T08:55:03.557+0000][gc,phases   ] GC(499)   Evacuate Collection Set: 103.7ms
[2026-01-16T08:55:03.558+0000][gc,phases   ] GC(499)   Post Evacuate Collection Set: 5.6ms
[2026-01-16T08:55:03.558+0000][gc,phases   ] GC(499)   Other: 0.3ms
[2026-01-16T08:55:03.559+0000][gc,heap     ] GC(499) Eden regions: 47->0(47)
[2026-01-16T08:55:03.559+0000][gc,heap     ] GC(499) Survivor regions: 4->4(7)
[2026-01-16T08:55:03.560+0000][gc,heap     ] GC(499) Old regions: 164->165
[2026-01-16T08:55:03.560+0000][gc,heap     ] GC(499) Humongous regions: 51->51
[2026-01-16T08:55:03.560+0000][gc,metaspace] GC(499) Metaspace: 12412K(12864K)->12412K(12864K) NonClass: 11326K(11520K)->11326K(11520K) Class: 1086K(1344K)->1086K(1344K)
[2026-01-16T08:55:03.561+0000][gc          ] GC(499) Pause Young (Normal) (G1 Evacuation Pause) 265M->219M(1024M) 116.303ms
[2026-01-16T08:55:03.562+0000][gc,cpu      ] GC(499) User=0.06s Sys=0.00s Real=0.12s
[2026-01-16T08:55:04.586+0000][gc,start    ] GC(500) Pause Young (Normal) (G1 Evacuation Pause)
[2026-01-16T08:55:04.589+0000][gc,task     ] GC(500) Using 8 workers of 8 for evacuation
[2026-01-16T08:55:04.717+0000][gc,phases   ] GC(500)   Pre Evacuate Collection Set: 9.0ms
[2026-01-16T08:55:04.718+0000][gc,phases   ] GC(500)   Merge Heap Roots: 1.7ms
[2026-01-16T08:55:04.718+0000][gc,phases   ] GC(500)   Evacuate Collection Set: 113.1ms
[2026-01-16T08:55:04.719+0000][gc,phases   ] GC(500)   Post Evacuate Collection Set: 3.7ms
[2026-01-16T08:55:04.722+0000][gc,phases   ] GC(500)   Other: 0.8ms
[2026-01-16T08:55:04.722+0000][gc,heap     ] GC(500) Eden regions: 47->0(46)
[2026-01-16T08:55:04.724+0000][gc,heap     ] GC(500) Survivor regions: 4->5(7)
[2026-01-16T08:55:04.725+0000][gc,heap     ] GC(500) Old regions: 165->166
[2026-01-16T08:55:04.725+0000][gc,heap     ] GC(500) Humongous regions: 51->51
[2026-01-16T08:55:04.726+0000][gc,metaspace] GC(500) Metaspace: 12412K(12864K)->12412K(12864K) NonClass: 11326K(11520K)->11326K(11520K) Class: 1086K(1344K)->1086K(1344K)
[2026-01-16T08:55:04.726+0000][gc          ] GC(500) Pause Young (Normal) (G1 Evacuation Pause) 266M->220M(1024M) 139.745ms
[2026-01-16T08:55:04.728+0000][gc,cpu      ] GC(500) User=0.09s Sys=0.01s Real=0.14s
[2026-01-16T08:55:05.467+0000][gc,start    ] GC(501) Pause Young (Normal) (G1 Evacuation Pause)
[2026-01-16T08:55:05.469+0000][gc,task     ] GC(501) Using 8 workers of 8 for evacuation
[2026-01-16T08:55:05.577+0000][gc,phases   ] GC(501)   Pre Evacuate Collection Set: 1.4ms
[2026-01-16T08:55:05.577+0000][gc,phases   ] GC(501)   Merge Heap Roots: 1.2ms
[2026-01-16T08:55:05.578+0000][gc,phases   ] GC(501)   Evacuate Collection Set: 100.6ms
[2026-01-16T08:55:05.578+0000][gc,phases   ] GC(501)   Post Evacuate Collection Set: 1.6ms
[2026-01-16T08:55:05.579+0000][gc,phases   ] GC(501)   Other: 3.1ms
[2026-01-16T08:55:05.580+0000][gc,heap     ] GC(501) Eden regions: 46->0(47)
[2026-01-16T08:55:05.580+0000][gc,heap     ] GC(501) Survivor regions: 5->4(7)
[2026-01-16T08:55:05.580+0000][gc,heap     ] GC(501) Old regions: 166->167
[2026-01-16T08:55:05.581+0000][gc,heap     ] GC(501) Humongous regions: 51->51
[2026-01-16T08:55:05.581+0000][gc,metaspace] GC(501) Metaspace: 12412K(12864K)->12412K(12864K) NonClass: 11326K(11520K)->11326K(11520K) Class: 1086K(1344K)->1086K(1344K)
[2026-01-16T08:55:05.581+0000][gc          ] GC(501) Pause Young (Normal) (G1 Evacuation Pause) 266M->221M(1024M) 113.494ms
[2026-01-16T08:55:05.581+0000][gc,cpu      ] GC(501) User=0.06s Sys=0.00s Real=0.11s
[2026-01-16T08:55:05.926+0000][gc,start    ] GC(502) Pause Young (Normal) (G1 Evacuation Pause)
[2026-01-16T08:55:05.927+0000][gc,task     ] GC(502) Using 8 workers of 8 for evacuation
[2026-01-16T08:55:05.977+0000][gc,phases   ] GC(502)   Pre Evacuate Collection Set: 3.5ms
[2026-01-16T08:55:05.977+0000][gc,phases   ] GC(502)   Merge Heap Roots: 0.3ms
[2026-01-16T08:55:05.978+0000][gc,phases   ] GC(502)   Evacuate Collection Set: 42.2ms
[2026-01-16T08:55:05.978+0000][gc,phases   ] GC(502)   Post Evacuate Collection Set: 2.9ms
[2026-01-16T08:55:05.978+0000][gc,phases   ] GC(502)   Other: 0.6ms
[2026-01-16T08:55:05.980+0000][gc,heap     ] GC(502) Eden regions: 47->0(47)
[2026-01-16T08:55:05.980+0000][gc,heap     ] GC(502) Survivor regions: 4->4(7)
[2026-01-16T08:55:05.981+0000][gc,heap     ] GC(502) Old regions: 167->167
[2026-01-16T08:55:05.982+0000][gc,heap     ] GC(502) Humongous regions: 51->51
[2026-01-16T08:55:05.983+0000][gc,metaspace] GC(502) Metaspace: 12412K(12864K)->12412K(12864K) NonClass: 11326K(11520K)->11326K(11520K) Class: 1086K(1344K)->1086K(1344K)
[2026-01-16T08:55:05.985+0000][gc          ] GC(502) Pause Young (Normal) (G1 Evacuation Pause) 268M->221M(1024M) 58.726ms
[2026-01-16T08:55:05.986+0000][gc,cpu      ] GC(502) User=0.05s Sys=0.00s Real=0.06s
[2026-01-16T08:55:07.474+0000][gc,start    ] GC(503) Pause Young (Normal) (GCLocker Initiated GC)
[2026-01-16T08:55:07.477+0000][gc,task     ] GC(503) Using 8 workers of 8 for evacuation
[2026-01-16T08:55:08.127+0000][gc,mmu      ] GC(503) MMU target violated: 201.0ms (200.0ms/201.0ms)
[2026-01-16T08:55:08.129+0000][gc,phases   ] GC(503)   Pre Evacuate Collection Set: 45.8ms
[2026-01-16T08:55:08.130+0000][gc,phases   ] GC(503)   Merge Heap Roots: 4.4ms
[2026-01-16T08:55:08.132+0000][gc,phases   ] GC(503)   Evacuate Collection Set: 582.9ms
[2026-01-16T08:55:08.132+0000][gc,phases   ] GC(503)   Post Evacuate Collection Set: 11.9ms
[2026-01-16T08:55:08.132+0000][gc,phases   ] GC(503)   Other: 6.9ms
[2026-01-16T08:55:08.133+0000][gc,heap     ] GC(503) Eden regions: 49->0(47)
[2026-01-16T08:55:08.135+0000][gc,heap     ] GC(503) Survivor regions: 4->4(7)
[2026-01-16T08:55:08.136+0000][gc,heap     ] GC(503) Old regions: 167->168
[2026-01-16T08:55:08.137+0000][gc,heap     ] GC(503) Humongous regions: 51->51
[2026-01-16T08:55:08.137+0000][gc,metaspace] GC(503) Metaspace: 12412K(12864K)->12412K(12864K) NonClass: 11326K(11520K)->11326K(11520K) Class: 1086K(1344K)->1086K(1344K)
[2026-01-16T08:55:08.138+0000][gc          ] GC(503) Pause Young (Normal) (GCLocker Initiated GC) 269M->221M(1024M) 663.239ms
[2026-01-16T08:55:08.138+0000][gc,cpu      ] GC(503) User=0.26s Sys=0.03s Real=0.66s
[2026-01-16T08:55:10.149+0000][gc,start    ] GC(504) Pause Young (Normal) (G1 Evacuation Pause)
[2026-01-16T08:55:10.149+0000][gc,task     ] GC(504) Using 8 workers of 8 for evacuation
[2026-01-16T08:55:10.664+0000][gc,mmu      ] GC(504) MMU target violated: 201.0ms (200.0ms/201.0ms)
[2026-01-16T08:55:10.665+0000][gc,phases   ] GC(504)   Pre Evacuate Collection Set: 35.1ms
[2026-01-16T08:55:10.665+0000][gc,phases   ] GC(504)   Merge Heap Roots: 3.2ms
[2026-01-16T08:55:10.666+0000][gc,phases   ] GC(504)   Evacuate Collection Set: 449.9ms
[2026-01-16T08:55:10.666+0000][gc,phases   ] GC(504)   Post Evacuate Collection Set: 25.2ms
[2026-01-16T08:55:10.667+0000][gc,phases   ] GC(504)   Other: 1.8ms
[2026-01-16T08:55:10.668+0000][gc,heap     ] GC(504) Eden regions: 47->0(46)
[2026-01-16T08:55:10.668+0000][gc,heap     ] GC(504) Survivor regions: 4->5(7)
[2026-01-16T08:55:10.673+0000][gc,heap     ] GC(504) Old regions: 168->168
[2026-01-16T08:55:10.674+0000][gc,heap     ] GC(504) Humongous regions: 51->51
[2026-01-16T08:55:10.674+0000][gc,metaspace] GC(504) Metaspace: 12418K(12864K)->12418K(12864K) NonClass: 11330K(11520K)->11330K(11520K) Class: 1087K(1344K)->1087K(1344K)
[2026-01-16T08:55:10.674+0000][gc          ] GC(504) Pause Young (Normal) (G1 Evacuation Pause) 268M->222M(1024M) 525.768ms
[2026-01-16T08:55:10.675+0000][gc,cpu      ] GC(504) User=0.23s Sys=0.02s Real=0.53s
[2026-01-16T08:55:12.992+0000][gc,start    ] GC(505) Pause Young (Normal) (G1 Evacuation Pause)
[2026-01-16T08:55:12.994+0000][gc,task     ] GC(505) Using 8 workers of 8 for evacuation
[2026-01-16T08:55:13.330+0000][gc,mmu      ] GC(505) MMU target violated: 201.0ms (200.0ms/201.0ms)
[2026-01-16T08:55:13.332+0000][gc,phases   ] GC(505)   Pre Evacuate Collection Set: 20.3ms
[2026-01-16T08:55:13.333+0000][gc,phases   ] GC(505)   Merge Heap Roots: 36.4ms
[2026-01-16T08:55:13.334+0000][gc,phases   ] GC(505)   Evacuate Collection Set: 254.4ms
[2026-01-16T08:55:13.334+0000][gc,phases   ] GC(505)   Post Evacuate Collection Set: 21.1ms
[2026-01-16T08:55:13.335+0000][gc,phases   ] GC(505)   Other: 6.5ms
[2026-01-16T08:55:13.335+0000][gc,heap     ] GC(505) Eden regions: 46->0(47)
[2026-01-16T08:55:13.336+0000][gc,heap     ] GC(505) Survivor regions: 5->4(7)
[2026-01-16T08:55:13.336+0000][gc,heap     ] GC(505) Old regions: 168->169
[2026-01-16T08:55:13.336+0000][gc,heap     ] GC(505) Humongous regions: 51->51
[2026-01-16T08:55:13.336+0000][gc,metaspace] GC(505) Metaspace: 12418K(12864K)->12418K(12864K) NonClass: 11330K(11520K)->11330K(11520K) Class: 1087K(1344K)->1087K(1344K)
[2026-01-16T08:55:13.337+0000][gc          ] GC(505) Pause Young (Normal) (G1 Evacuation Pause) 268M->223M(1024M) 345.370ms
[2026-01-16T08:55:13.339+0000][gc,cpu      ] GC(505) User=0.20s Sys=0.01s Real=0.34s
[2026-01-16T08:55:15.614+0000][gc,start    ] GC(506) Pause Young (Normal) (G1 Evacuation Pause)
[2026-01-16T08:55:15.617+0000][gc,task     ] GC(506) Using 8 workers of 8 for evacuation
[2026-01-16T08:55:15.825+0000][gc,mmu      ] GC(506) MMU target violated: 201.0ms (200.0ms/201.0ms)
[2026-01-16T08:55:15.825+0000][gc,phases   ] GC(506)   Pre Evacuate Collection Set: 20.9ms
[2026-01-16T08:55:15.827+0000][gc,phases   ] GC(506)   Merge Heap Roots: 5.6ms
[2026-01-16T08:55:15.827+0000][gc,phases   ] GC(506)   Evacuate Collection Set: 177.4ms
[2026-01-16T08:55:15.828+0000][gc,phases   ] GC(506)   Post Evacuate Collection Set: 2.3ms
[2026-01-16T08:55:15.828+0000][gc,phases   ] GC(506)   Other: 2.7ms
[2026-01-16T08:55:15.829+0000][gc,heap     ] GC(506) Eden regions: 47->0(46)
[2026-01-16T08:55:15.829+0000][gc,heap     ] GC(506) Survivor regions: 4->5(7)
[2026-01-16T08:55:15.830+0000][gc,heap     ] GC(506) Old regions: 169->169
[2026-01-16T08:55:15.832+0000][gc,heap     ] GC(506) Humongous regions: 51->51
[2026-01-16T08:55:15.833+0000][gc,metaspace] GC(506) Metaspace: 12420K(12864K)->12420K(12864K) NonClass: 11332K(11520K)->11332K(11520K) Class: 1087K(1344K)->1087K(1344K)
[2026-01-16T08:55:15.834+0000][gc          ] GC(506) Pause Young (Normal) (G1 Evacuation Pause) 270M->223M(1024M) 219.057ms
[2026-01-16T08:55:15.835+0000][gc,cpu      ] GC(506) User=0.13s Sys=0.01s Real=0.22s
[2026-01-16T08:55:16.624+0000][gc,start    ] GC(507) Pause Young (Normal) (G1 Evacuation Pause)
[2026-01-16T08:55:16.625+0000][gc,task     ] GC(507) Using 8 workers of 8 for evacuation
[2026-01-16T08:55:16.738+0000][gc,phases   ] GC(507)   Pre Evacuate Collection Set: 1.0ms
[2026-01-16T08:55:16.739+0000][gc,phases   ] GC(507)   Merge Heap Roots: 1.0ms
[2026-01-16T08:55:16.741+0000][gc,phases   ] GC(507)   Evacuate Collection Set: 109.5ms
[2026-01-16T08:55:16.741+0000][gc,phases   ] GC(507)   Post Evacuate Collection Set: 0.8ms
[2026-01-16T08:55:16.741+0000][gc,phases   ] GC(507)   Other: 0.5ms
[2026-01-16T08:55:16.741+0000][gc,heap     ] GC(507) Eden regions: 46->0(46)
[2026-01-16T08:55:16.742+0000][gc,heap     ] GC(507) Survivor regions: 5->5(7)
[2026-01-16T08:55:16.742+0000][gc,heap     ] GC(507) Old regions: 169->170
[2026-01-16T08:55:16.743+0000][gc,heap     ] GC(507) Humongous regions: 51->51
[2026-01-16T08:55:16.744+0000][gc,metaspace] GC(507) Metaspace: 12423K(12864K)->12423K(12864K) NonClass: 11335K(11520K)->11335K(11520K) Class: 1087K(1344K)->1087K(1344K)
[2026-01-16T08:55:16.744+0000][gc          ] GC(507) Pause Young (Normal) (G1 Evacuation Pause) 269M->224M(1024M) 119.793ms
[2026-01-16T08:55:16.745+0000][gc,cpu      ] GC(507) User=0.05s Sys=0.00s Real=0.12s
[2026-01-16T08:55:17.824+0000][gc,start    ] GC(508) Pause Young (Normal) (G1 Evacuation Pause)
[2026-01-16T08:55:17.841+0000][gc,task     ] GC(508) Using 8 workers of 8 for evacuation
[2026-01-16T08:55:18.099+0000][gc,mmu      ] GC(508) MMU target violated: 201.0ms (200.0ms/201.0ms)
[2026-01-16T08:55:18.102+0000][gc,phases   ] GC(508)   Pre Evacuate Collection Set: 9.0ms
[2026-01-16T08:55:18.103+0000][gc,phases   ] GC(508)   Merge Heap Roots: 5.3ms
[2026-01-16T08:55:18.104+0000][gc,phases   ] GC(508)   Evacuate Collection Set: 231.0ms
[2026-01-16T08:55:18.105+0000][gc,phases   ] GC(508)   Post Evacuate Collection Set: 12.5ms
[2026-01-16T08:55:18.106+0000][gc,phases   ] GC(508)   Other: 17.7ms
[2026-01-16T08:55:18.107+0000][gc,heap     ] GC(508) Eden regions: 46->0(46)
[2026-01-16T08:55:18.108+0000][gc,heap     ] GC(508) Survivor regions: 5->5(7)
[2026-01-16T08:55:18.108+0000][gc,heap     ] GC(508) Old regions: 170->170
[2026-01-16T08:55:18.108+0000][gc,heap     ] GC(508) Humongous regions: 51->51
[2026-01-16T08:55:18.108+0000][gc,metaspace] GC(508) Metaspace: 12423K(12864K)->12423K(12864K) NonClass: 11335K(11520K)->11335K(11520K) Class: 1087K(1344K)->1087K(1344K)
[2026-01-16T08:55:18.110+0000][gc          ] GC(508) Pause Young (Normal) (G1 Evacuation Pause) 270M->225M(1024M) 285.884ms
[2026-01-16T08:55:18.110+0000][gc,cpu      ] GC(508) User=0.14s Sys=0.00s Real=0.28s
[2026-01-16T08:55:19.887+0000][gc,start    ] GC(509) Pause Young (Normal) (G1 Evacuation Pause)
[2026-01-16T08:55:19.888+0000][gc,task     ] GC(509) Using 8 workers of 8 for evacuation
[2026-01-16T08:55:20.232+0000][gc,mmu      ] GC(509) MMU target violated: 201.0ms (200.0ms/201.0ms)
[2026-01-16T08:55:20.234+0000][gc,phases   ] GC(509)   Pre Evacuate Collection Set: 17.5ms
[2026-01-16T08:55:20.236+0000][gc,phases   ] GC(509)   Merge Heap Roots: 3.6ms
[2026-01-16T08:55:20.237+0000][gc,phases   ] GC(509)   Evacuate Collection Set: 295.2ms
[2026-01-16T08:55:20.238+0000][gc,phases   ] GC(509)   Post Evacuate Collection Set: 23.9ms
[2026-01-16T08:55:20.239+0000][gc,phases   ] GC(509)   Other: 6.1ms
[2026-01-16T08:55:20.239+0000][gc,heap     ] GC(509) Eden regions: 46->0(46)
[2026-01-16T08:55:20.241+0000][gc,heap     ] GC(509) Survivor regions: 5->5(7)
[2026-01-16T08:55:20.242+0000][gc,heap     ] GC(509) Old regions: 170->171
[2026-01-16T08:55:20.243+0000][gc,heap     ] GC(509) Humongous regions: 51->51
[2026-01-16T08:55:20.245+0000][gc,metaspace] GC(509) Metaspace: 12423K(12864K)->12423K(12864K) NonClass: 11335K(11520K)->11335K(11520K) Class: 1087K(1344K)->1087K(1344K)
[2026-01-16T08:55:20.247+0000][gc          ] GC(509) Pause Young (Normal) (G1 Evacuation Pause) 271M->225M(1024M) 359.237ms
[2026-01-16T08:55:20.248+0000][gc,cpu      ] GC(509) User=0.17s Sys=0.00s Real=0.36s
[2026-01-16T08:55:21.826+0000][gc,start    ] GC(510) Pause Young (Normal) (G1 Evacuation Pause)
[2026-01-16T08:55:21.828+0000][gc,task     ] GC(510) Using 8 workers of 8 for evacuation
[2026-01-16T08:55:22.207+0000][gc,mmu      ] GC(510) MMU target violated: 201.0ms (200.0ms/201.0ms)
[2026-01-16T08:55:22.210+0000][gc,phases   ] GC(510)   Pre Evacuate Collection Set: 26.4ms
[2026-01-16T08:55:22.213+0000][gc,phases   ] GC(510)   Merge Heap Roots: 0.7ms
[2026-01-16T08:55:22.213+0000][gc,phases   ] GC(510)   Evacuate Collection Set: 339.8ms
[2026-01-16T08:55:22.215+0000][gc,phases   ] GC(510)   Post Evacuate Collection Set: 10.9ms
[2026-01-16T08:55:22.216+0000][gc,phases   ] GC(510)   Other: 5.4ms
[2026-01-16T08:55:22.219+0000][gc,heap     ] GC(510) Eden regions: 46->0(46)
[2026-01-16T08:55:22.233+0000][gc,heap     ] GC(510) Survivor regions: 5->5(7)
[2026-01-16T08:55:22.234+0000][gc,heap     ] GC(510) Old regions: 171->171
[2026-01-16T08:55:22.234+0000][gc,heap     ] GC(510) Humongous regions: 51->51
[2026-01-16T08:55:22.235+0000][gc,metaspace] GC(510) Metaspace: 12423K(12864K)->12423K(12864K) NonClass: 11335K(11520K)->11335K(11520K) Class: 1087K(1344K)->1087K(1344K)
[2026-01-16T08:55:22.245+0000][gc          ] GC(510) Pause Young (Normal) (G1 Evacuation Pause) 271M->226M(1024M) 419.364ms
[2026-01-16T08:55:22.253+0000][gc,cpu      ] GC(510) User=0.17s Sys=0.01s Real=0.43s
[2026-01-16T08:55:23.717+0000][gc,start    ] GC(511) Pause Young (Normal) (G1 Evacuation Pause)
[2026-01-16T08:55:23.719+0000][gc,task     ] GC(511) Using 8 workers of 8 for evacuation
[2026-01-16T08:55:24.003+0000][gc,mmu      ] GC(511) MMU target violated: 201.0ms (200.0ms/201.0ms)
[2026-01-16T08:55:24.004+0000][gc,phases   ] GC(511)   Pre Evacuate Collection Set: 16.9ms
[2026-01-16T08:55:24.005+0000][gc,phases   ] GC(511)   Merge Heap Roots: 3.0ms
[2026-01-16T08:55:24.006+0000][gc,phases   ] GC(511)   Evacuate Collection Set: 239.1ms
[2026-01-16T08:55:24.006+0000][gc,phases   ] GC(511)   Post Evacuate Collection Set: 21.3ms
[2026-01-16T08:55:24.007+0000][gc,phases   ] GC(511)   Other: 5.0ms
[2026-01-16T08:55:24.007+0000][gc,heap     ] GC(511) Eden regions: 46->0(46)
[2026-01-16T08:55:24.008+0000][gc,heap     ] GC(511) Survivor regions: 5->5(7)
[2026-01-16T08:55:24.009+0000][gc,heap     ] GC(511) Old regions: 171->172
[2026-01-16T08:55:24.009+0000][gc,heap     ] GC(511) Humongous regions: 51->51
[2026-01-16T08:55:24.010+0000][gc,metaspace] GC(511) Metaspace: 12431K(12928K)->12431K(12928K) NonClass: 11343K(11584K)->11343K(11584K) Class: 1087K(1344K)->1087K(1344K)
[2026-01-16T08:55:24.010+0000][gc          ] GC(511) Pause Young (Normal) (G1 Evacuation Pause) 272M->226M(1024M) 293.190ms
[2026-01-16T08:55:24.011+0000][gc,cpu      ] GC(511) User=0.13s Sys=0.01s Real=0.29s
[2026-01-16T08:55:25.896+0000][gc,start    ] GC(512) Pause Young (Normal) (G1 Evacuation Pause)
[2026-01-16T08:55:25.901+0000][gc,task     ] GC(512) Using 8 workers of 8 for evacuation
[2026-01-16T08:55:26.032+0000][gc,phases   ] GC(512)   Pre Evacuate Collection Set: 11.6ms
[2026-01-16T08:55:26.033+0000][gc,phases   ] GC(512)   Merge Heap Roots: 1.9ms
[2026-01-16T08:55:26.034+0000][gc,phases   ] GC(512)   Evacuate Collection Set: 107.7ms
[2026-01-16T08:55:26.035+0000][gc,phases   ] GC(512)   Post Evacuate Collection Set: 7.4ms
[2026-01-16T08:55:26.036+0000][gc,phases   ] GC(512)   Other: 4.1ms
[2026-01-16T08:55:26.036+0000][gc,heap     ] GC(512) Eden regions: 46->0(46)
[2026-01-16T08:55:26.036+0000][gc,heap     ] GC(512) Survivor regions: 5->5(7)
[2026-01-16T08:55:26.037+0000][gc,heap     ] GC(512) Old regions: 172->172
[2026-01-16T08:55:26.037+0000][gc,heap     ] GC(512) Humongous regions: 51->51
[2026-01-16T08:55:26.038+0000][gc,metaspace] GC(512) Metaspace: 12440K(12928K)->12440K(12928K) NonClass: 11352K(11584K)->11352K(11584K) Class: 1087K(1344K)->1087K(1344K)
[2026-01-16T08:55:26.039+0000][gc          ] GC(512) Pause Young (Normal) (G1 Evacuation Pause) 272M->227M(1024M) 143.309ms
[2026-01-16T08:55:26.040+0000][gc,cpu      ] GC(512) User=0.10s Sys=0.01s Real=0.14s
[2026-01-16T08:55:28.208+0000][gc,start    ] GC(513) Pause Young (Normal) (G1 Evacuation Pause)
[2026-01-16T08:55:28.217+0000][gc,task     ] GC(513) Using 8 workers of 8 for evacuation
[2026-01-16T08:55:28.393+0000][gc,phases   ] GC(513)   Pre Evacuate Collection Set: 21.7ms
[2026-01-16T08:55:28.394+0000][gc,phases   ] GC(513)   Merge Heap Roots: 2.7ms
[2026-01-16T08:55:28.395+0000][gc,phases   ] GC(513)   Evacuate Collection Set: 132.5ms
[2026-01-16T08:55:28.396+0000][gc,phases   ] GC(513)   Post Evacuate Collection Set: 13.4ms
[2026-01-16T08:55:28.398+0000][gc,phases   ] GC(513)   Other: 7.9ms
[2026-01-16T08:55:28.398+0000][gc,heap     ] GC(513) Eden regions: 46->0(46)
[2026-01-16T08:55:28.399+0000][gc,heap     ] GC(513) Survivor regions: 5->5(7)
[2026-01-16T08:55:28.400+0000][gc,heap     ] GC(513) Old regions: 172->173
[2026-01-16T08:55:28.401+0000][gc,heap     ] GC(513) Humongous regions: 51->51
[2026-01-16T08:55:28.401+0000][gc,metaspace] GC(513) Metaspace: 12441K(12928K)->12441K(12928K) NonClass: 11353K(11584K)->11353K(11584K) Class: 1087K(1344K)->1087K(1344K)
[2026-01-16T08:55:28.402+0000][gc          ] GC(513) Pause Young (Normal) (G1 Evacuation Pause) 273M->227M(1024M) 194.059ms
[2026-01-16T08:55:28.403+0000][gc,cpu      ] GC(513) User=0.13s Sys=0.01s Real=0.20s
[2026-01-16T08:55:34.071+0000][gc,start    ] GC(514) Pause Young (Normal) (G1 Evacuation Pause)
[2026-01-16T08:55:34.101+0000][gc,task     ] GC(514) Using 8 workers of 8 for evacuation
[2026-01-16T08:55:34.794+0000][gc,mmu      ] GC(514) MMU target violated: 201.0ms (200.0ms/201.0ms)
[2026-01-16T08:55:34.797+0000][gc,phases   ] GC(514)   Pre Evacuate Collection Set: 64.3ms
[2026-01-16T08:55:34.797+0000][gc,phases   ] GC(514)   Merge Heap Roots: 18.7ms
[2026-01-16T08:55:34.797+0000][gc,phases   ] GC(514)   Evacuate Collection Set: 566.7ms
[2026-01-16T08:55:34.797+0000][gc,phases   ] GC(514)   Post Evacuate Collection Set: 20.3ms
[2026-01-16T08:55:34.797+0000][gc,phases   ] GC(514)   Other: 28.5ms
[2026-01-16T08:55:34.797+0000][gc,heap     ] GC(514) Eden regions: 46->0(47)
[2026-01-16T08:55:34.797+0000][gc,heap     ] GC(514) Survivor regions: 5->4(7)
[2026-01-16T08:55:34.797+0000][gc,heap     ] GC(514) Old regions: 173->174
[2026-01-16T08:55:34.798+0000][gc,heap     ] GC(514) Humongous regions: 51->51
[2026-01-16T08:55:34.798+0000][gc,metaspace] GC(514) Metaspace: 12441K(12928K)->12441K(12928K) NonClass: 11353K(11584K)->11353K(11584K) Class: 1087K(1344K)->1087K(1344K)
[2026-01-16T08:55:34.799+0000][gc          ] GC(514) Pause Young (Normal) (G1 Evacuation Pause) 273M->227M(1024M) 728.008ms
[2026-01-16T08:55:34.800+0000][gc,cpu      ] GC(514) User=0.49s Sys=0.12s Real=0.73s
[2026-01-16T08:55:38.479+0000][gc,start    ] GC(515) Pause Young (Normal) (G1 Evacuation Pause)
[2026-01-16T08:55:38.616+0000][gc,task     ] GC(515) Using 8 workers of 8 for evacuation
[2026-01-16T08:55:53.298+0000][gc,mmu      ] GC(515) MMU target violated: 201.0ms (200.0ms/201.0ms)
[2026-01-16T08:55:53.352+0000][gc,phases   ] GC(515)   Pre Evacuate Collection Set: 998.0ms
[2026-01-16T08:55:53.372+0000][gc,phases   ] GC(515)   Merge Heap Roots: 29.2ms
[2026-01-16T08:55:53.378+0000][gc,phases   ] GC(515)   Evacuate Collection Set: 12795.3ms
[2026-01-16T08:55:53.379+0000][gc,phases   ] GC(515)   Post Evacuate Collection Set: 818.4ms
[2026-01-16T08:55:53.394+0000][gc,phases   ] GC(515)   Other: 172.6ms
[2026-01-16T08:55:53.404+0000][gc,heap     ] GC(515) Eden regions: 47->0(47)
[2026-01-16T08:55:53.412+0000][gc,heap     ] GC(515) Survivor regions: 4->4(7)
[2026-01-16T08:55:53.418+0000][gc,heap     ] GC(515) Old regions: 174->174
[2026-01-16T08:55:53.423+0000][gc,heap     ] GC(515) Humongous regions: 51->51
[2026-01-16T08:55:53.435+0000][gc,metaspace] GC(515) Metaspace: 12445K(12928K)->12445K(12928K) NonClass: 11357K(11584K)->11357K(11584K) Class: 1087K(1344K)->1087K(1344K)
[2026-01-16T08:55:53.470+0000][gc          ] GC(515) Pause Young (Normal) (G1 Evacuation Pause) 274M->227M(1024M) 14991.581ms
[2026-01-16T08:55:53.508+0000][gc,cpu      ] GC(515) User=4.34s Sys=0.72s Real=15.02s
[2026-01-16T08:56:09.587+0000][gc,start    ] GC(516) Pause Young (Normal) (G1 Evacuation Pause)
[2026-01-16T08:56:09.635+0000][gc,task     ] GC(516) Using 8 workers of 8 for evacuation
[2026-01-16T08:56:12.167+0000][gc,mmu      ] GC(516) MMU target violated: 201.0ms (200.0ms/201.0ms)
[2026-01-16T08:56:12.168+0000][gc,phases   ] GC(516)   Pre Evacuate Collection Set: 286.0ms
[2026-01-16T08:56:12.184+0000][gc,phases   ] GC(516)   Merge Heap Roots: 45.1ms
[2026-01-16T08:56:12.185+0000][gc,phases   ] GC(516)   Evacuate Collection Set: 2127.7ms
[2026-01-16T08:56:12.185+0000][gc,phases   ] GC(516)   Post Evacuate Collection Set: 64.7ms
[2026-01-16T08:56:12.185+0000][gc,phases   ] GC(516)   Other: 31.2ms
[2026-01-16T08:56:12.186+0000][gc,heap     ] GC(516) Eden regions: 47->0(46)
[2026-01-16T08:56:12.186+0000][gc,heap     ] GC(516) Survivor regions: 4->5(7)
[2026-01-16T08:56:12.186+0000][gc,heap     ] GC(516) Old regions: 174->174
[2026-01-16T08:56:12.186+0000][gc,heap     ] GC(516) Humongous regions: 60->60
[2026-01-16T08:56:12.186+0000][gc,metaspace] GC(516) Metaspace: 12445K(12928K)->12445K(12928K) NonClass: 11357K(11584K)->11357K(11584K) Class: 1087K(1344K)->1087K(1344K)
[2026-01-16T08:56:12.187+0000][gc          ] GC(516) Pause Young (Normal) (G1 Evacuation Pause) 283M->237M(1024M) 2601.873ms
[2026-01-16T08:56:12.208+0000][gc,cpu      ] GC(516) User=1.11s Sys=0.12s Real=2.60s
[2026-01-16T08:56:18.655+0000][gc,start    ] GC(517) Pause Young (Normal) (G1 Evacuation Pause)
[2026-01-16T08:56:18.674+0000][gc,task     ] GC(517) Using 8 workers of 8 for evacuation
[2026-01-16T08:56:19.179+0000][gc,mmu      ] GC(517) MMU target violated: 201.0ms (200.0ms/201.0ms)
[2026-01-16T08:56:19.181+0000][gc,phases   ] GC(517)   Pre Evacuate Collection Set: 84.8ms
[2026-01-16T08:56:19.182+0000][gc,phases   ] GC(517)   Merge Heap Roots: 2.0ms
[2026-01-16T08:56:19.183+0000][gc,phases   ] GC(517)   Evacuate Collection Set: 389.8ms
[2026-01-16T08:56:19.184+0000][gc,phases   ] GC(517)   Post Evacuate Collection Set: 19.7ms
[2026-01-16T08:56:19.184+0000][gc,phases   ] GC(517)   Other: 19.9ms
[2026-01-16T08:56:19.185+0000][gc,heap     ] GC(517) Eden regions: 46->0(47)
[2026-01-16T08:56:19.185+0000][gc,heap     ] GC(517) Survivor regions: 5->4(7)
[2026-01-16T08:56:19.185+0000][gc,heap     ] GC(517) Old regions: 174->174
[2026-01-16T08:56:19.185+0000][gc,heap     ] GC(517) Humongous regions: 69->60
[2026-01-16T08:56:19.186+0000][gc,metaspace] GC(517) Metaspace: 12448K(12928K)->12448K(12928K) NonClass: 11360K(11584K)->11360K(11584K) Class: 1087K(1344K)->1087K(1344K)
[2026-01-16T08:56:19.186+0000][gc          ] GC(517) Pause Young (Normal) (G1 Evacuation Pause) 292M->236M(1024M) 531.598ms
[2026-01-16T08:56:19.189+0000][gc,cpu      ] GC(517) User=0.31s Sys=0.02s Real=0.53s
[2026-01-16T08:56:21.856+0000][gc,start    ] GC(518) Pause Young (Normal) (G1 Evacuation Pause)
[2026-01-16T08:56:21.863+0000][gc,task     ] GC(518) Using 8 workers of 8 for evacuation
[2026-01-16T08:56:22.437+0000][gc,mmu      ] GC(518) MMU target violated: 201.0ms (200.0ms/201.0ms)
[2026-01-16T08:56:22.444+0000][gc,phases   ] GC(518)   Pre Evacuate Collection Set: 31.7ms
[2026-01-16T08:56:22.445+0000][gc,phases   ] GC(518)   Merge Heap Roots: 2.9ms
[2026-01-16T08:56:22.446+0000][gc,phases   ] GC(518)   Evacuate Collection Set: 490.1ms
[2026-01-16T08:56:22.447+0000][gc,phases   ] GC(518)   Post Evacuate Collection Set: 46.0ms
[2026-01-16T08:56:22.449+0000][gc,phases   ] GC(518)   Other: 9.8ms
[2026-01-16T08:56:22.452+0000][gc,heap     ] GC(518) Eden regions: 47->0(47)
[2026-01-16T08:56:22.454+0000][gc,heap     ] GC(518) Survivor regions: 4->4(7)
[2026-01-16T08:56:22.459+0000][gc,heap     ] GC(518) Old regions: 174->174
[2026-01-16T08:56:22.459+0000][gc,heap     ] GC(518) Humongous regions: 60->60
[2026-01-16T08:56:22.460+0000][gc,metaspace] GC(518) Metaspace: 12449K(12928K)->12449K(12928K) NonClass: 11361K(11584K)->11361K(11584K) Class: 1087K(1344K)->1087K(1344K)
[2026-01-16T08:56:22.464+0000][gc          ] GC(518) Pause Young (Normal) (G1 Evacuation Pause) 283M->237M(1024M) 607.288ms
[2026-01-16T08:56:22.466+0000][gc,cpu      ] GC(518) User=0.42s Sys=0.03s Real=0.61s
[2026-01-16T08:56:28.053+0000][gc,start    ] GC(519) Pause Young (Normal) (G1 Evacuation Pause)
[2026-01-16T08:56:28.078+0000][gc,task     ] GC(519) Using 8 workers of 8 for evacuation
[2026-01-16T08:56:30.428+0000][gc,mmu      ] GC(519) MMU target violated: 201.0ms (200.0ms/201.0ms)
[2026-01-16T08:56:30.433+0000][gc,phases   ] GC(519)   Pre Evacuate Collection Set: 202.7ms
[2026-01-16T08:56:30.435+0000][gc,phases   ] GC(519)   Merge Heap Roots: 93.6ms
[2026-01-16T08:56:30.438+0000][gc,phases   ] GC(519)   Evacuate Collection Set: 1907.6ms
[2026-01-16T08:56:30.460+0000][gc,phases   ] GC(519)   Post Evacuate Collection Set: 137.6ms
[2026-01-16T08:56:30.468+0000][gc,phases   ] GC(519)   Other: 19.5ms
[2026-01-16T08:56:30.476+0000][gc,heap     ] GC(519) Eden regions: 47->0(47)
[2026-01-16T08:56:30.479+0000][gc,heap     ] GC(519) Survivor regions: 4->4(7)
[2026-01-16T08:56:30.479+0000][gc,heap     ] GC(519) Old regions: 174->174
[2026-01-16T08:56:30.479+0000][gc,heap     ] GC(519) Humongous regions: 60->60
[2026-01-16T08:56:30.481+0000][gc,metaspace] GC(519) Metaspace: 12451K(12928K)->12451K(12928K) NonClass: 11363K(11584K)->11363K(11584K) Class: 1087K(1344K)->1087K(1344K)
[2026-01-16T08:56:30.484+0000][gc          ] GC(519) Pause Young (Normal) (G1 Evacuation Pause) 284M->237M(1024M) 2431.446ms
[2026-01-16T08:56:30.486+0000][gc,cpu      ] GC(519) User=0.65s Sys=0.07s Real=2.44s
[2026-01-16T08:56:40.576+0000][gc,start    ] GC(520) Pause Young (Normal) (G1 Evacuation Pause)
[2026-01-16T08:56:40.586+0000][gc,task     ] GC(520) Using 8 workers of 8 for evacuation
[2026-01-16T08:56:42.150+0000][gc,mmu      ] GC(520) MMU target violated: 201.0ms (200.0ms/201.0ms)
[2026-01-16T08:56:42.155+0000][gc,phases   ] GC(520)   Pre Evacuate Collection Set: 93.4ms
[2026-01-16T08:56:42.163+0000][gc,phases   ] GC(520)   Merge Heap Roots: 7.5ms
[2026-01-16T08:56:42.163+0000][gc,phases   ] GC(520)   Evacuate Collection Set: 1303.5ms
[2026-01-16T08:56:42.166+0000][gc,phases   ] GC(520)   Post Evacuate Collection Set: 145.7ms
[2026-01-16T08:56:42.169+0000][gc,phases   ] GC(520)   Other: 18.6ms
[2026-01-16T08:56:42.171+0000][gc,heap     ] GC(520) Eden regions: 47->0(46)
[2026-01-16T08:56:42.171+0000][gc,heap     ] GC(520) Survivor regions: 4->5(7)
[2026-01-16T08:56:42.172+0000][gc,heap     ] GC(520) Old regions: 174->175
[2026-01-16T08:56:42.173+0000][gc,heap     ] GC(520) Humongous regions: 60->60
[2026-01-16T08:56:42.174+0000][gc,metaspace] GC(520) Metaspace: 12451K(12928K)->12451K(12928K) NonClass: 11363K(11584K)->11363K(11584K) Class: 1087K(1344K)->1087K(1344K)
[2026-01-16T08:56:42.174+0000][gc          ] GC(520) Pause Young (Normal) (G1 Evacuation Pause) 284M->238M(1024M) 1598.200ms
[2026-01-16T08:56:42.175+0000][gc,cpu      ] GC(520) User=0.45s Sys=0.07s Real=1.60s
[2026-01-16T08:56:46.727+0000][gc,start    ] GC(521) Pause Young (Normal) (G1 Evacuation Pause)
[2026-01-16T08:56:46.729+0000][gc,task     ] GC(521) Using 8 workers of 8 for evacuation
[2026-01-16T08:56:47.406+0000][gc,mmu      ] GC(521) MMU target violated: 201.0ms (200.0ms/201.0ms)
[2026-01-16T08:56:47.410+0000][gc,phases   ] GC(521)   Pre Evacuate Collection Set: 45.8ms
[2026-01-16T08:56:47.413+0000][gc,phases   ] GC(521)   Merge Heap Roots: 1.5ms
[2026-01-16T08:56:47.413+0000][gc,phases   ] GC(521)   Evacuate Collection Set: 553.0ms
[2026-01-16T08:56:47.415+0000][gc,phases   ] GC(521)   Post Evacuate Collection Set: 74.7ms
[2026-01-16T08:56:47.417+0000][gc,phases   ] GC(521)   Other: 5.9ms
[2026-01-16T08:56:47.418+0000][gc,heap     ] GC(521) Eden regions: 46->0(46)
[2026-01-16T08:56:47.420+0000][gc,heap     ] GC(521) Survivor regions: 5->5(7)
[2026-01-16T08:56:47.421+0000][gc,heap     ] GC(521) Old regions: 175->176
[2026-01-16T08:56:47.421+0000][gc,heap     ] GC(521) Humongous regions: 60->60
[2026-01-16T08:56:47.421+0000][gc,metaspace] GC(521) Metaspace: 12463K(12928K)->12463K(12928K) NonClass: 11375K(11584K)->11375K(11584K) Class: 1087K(1344K)->1087K(1344K)
[2026-01-16T08:56:47.423+0000][gc          ] GC(521) Pause Young (Normal) (G1 Evacuation Pause) 284M->239M(1024M) 695.531ms
[2026-01-16T08:56:47.437+0000][gc,cpu      ] GC(521) User=0.29s Sys=0.01s Real=0.71s
[2026-01-16T08:56:49.615+0000][gc,start    ] GC(522) Pause Young (Normal) (G1 Evacuation Pause)
[2026-01-16T08:56:49.616+0000][gc,task     ] GC(522) Using 8 workers of 8 for evacuation
[2026-01-16T08:56:50.279+0000][gc,mmu      ] GC(522) MMU target violated: 201.0ms (200.0ms/201.0ms)
[2026-01-16T08:56:50.279+0000][gc,phases   ] GC(522)   Pre Evacuate Collection Set: 24.2ms
[2026-01-16T08:56:50.280+0000][gc,phases   ] GC(522)   Merge Heap Roots: 3.0ms
[2026-01-16T08:56:50.280+0000][gc,phases   ] GC(522)   Evacuate Collection Set: 599.6ms
[2026-01-16T08:56:50.280+0000][gc,phases   ] GC(522)   Post Evacuate Collection Set: 31.0ms
[2026-01-16T08:56:50.281+0000][gc,phases   ] GC(522)   Other: 5.8ms
[2026-01-16T08:56:50.281+0000][gc,heap     ] GC(522) Eden regions: 46->0(46)
[2026-01-16T08:56:50.281+0000][gc,heap     ] GC(522) Survivor regions: 5->5(7)
[2026-01-16T08:56:50.281+0000][gc,heap     ] GC(522) Old regions: 176->176
[2026-01-16T08:56:50.281+0000][gc,heap     ] GC(522) Humongous regions: 60->60
[2026-01-16T08:56:50.282+0000][gc,metaspace] GC(522) Metaspace: 12463K(12928K)->12463K(12928K) NonClass: 11375K(11584K)->11375K(11584K) Class: 1087K(1344K)->1087K(1344K)
[2026-01-16T08:56:50.282+0000][gc          ] GC(522) Pause Young (Normal) (G1 Evacuation Pause) 285M->240M(1024M) 671.166ms
[2026-01-16T08:56:50.283+0000][gc,cpu      ] GC(522) User=0.30s Sys=0.02s Real=0.67s
[2026-01-16T08:56:52.054+0000][gc,start    ] GC(523) Pause Young (Normal) (G1 Evacuation Pause)
[2026-01-16T08:56:52.055+0000][gc,task     ] GC(523) Using 8 workers of 8 for evacuation
[2026-01-16T08:56:52.492+0000][gc,mmu      ] GC(523) MMU target violated: 201.0ms (200.0ms/201.0ms)
[2026-01-16T08:56:52.493+0000][gc,phases   ] GC(523)   Pre Evacuate Collection Set: 19.4ms
[2026-01-16T08:56:52.494+0000][gc,phases   ] GC(523)   Merge Heap Roots: 2.6ms
[2026-01-16T08:56:52.515+0000][gc,phases   ] GC(523)   Evacuate Collection Set: 408.1ms
[2026-01-16T08:56:52.515+0000][gc,phases   ] GC(523)   Post Evacuate Collection Set: 5.7ms
[2026-01-16T08:56:52.515+0000][gc,phases   ] GC(523)   Other: 2.4ms
[2026-01-16T08:56:52.515+0000][gc,heap     ] GC(523) Eden regions: 46->0(46)
[2026-01-16T08:56:52.516+0000][gc,heap     ] GC(523) Survivor regions: 5->5(7)
[2026-01-16T08:56:52.516+0000][gc,heap     ] GC(523) Old regions: 176->177
[2026-01-16T08:56:52.516+0000][gc,heap     ] GC(523) Humongous regions: 60->60
[2026-01-16T08:56:52.516+0000][gc,metaspace] GC(523) Metaspace: 12465K(12928K)->12465K(12928K) NonClass: 11377K(11584K)->11377K(11584K) Class: 1087K(1344K)->1087K(1344K)
[2026-01-16T08:56:52.516+0000][gc          ] GC(523) Pause Young (Normal) (G1 Evacuation Pause) 286M->240M(1024M) 461.701ms
[2026-01-16T08:56:52.516+0000][gc,cpu      ] GC(523) User=0.21s Sys=0.00s Real=0.46s
[2026-01-16T08:56:54.255+0000][gc,start    ] GC(524) Pause Young (Normal) (G1 Evacuation Pause)
[2026-01-16T08:56:54.256+0000][gc,task     ] GC(524) Using 8 workers of 8 for evacuation
[2026-01-16T08:56:54.710+0000][gc,mmu      ] GC(524) MMU target violated: 201.0ms (200.0ms/201.0ms)
[2026-01-16T08:56:54.711+0000][gc,phases   ] GC(524)   Pre Evacuate Collection Set: 20.7ms
[2026-01-16T08:56:54.712+0000][gc,phases   ] GC(524)   Merge Heap Roots: 4.5ms
[2026-01-16T08:56:54.712+0000][gc,phases   ] GC(524)   Evacuate Collection Set: 407.5ms
[2026-01-16T08:56:54.717+0000][gc,phases   ] GC(524)   Post Evacuate Collection Set: 20.9ms
[2026-01-16T08:56:54.718+0000][gc,phases   ] GC(524)   Other: 1.0ms
[2026-01-16T08:56:54.719+0000][gc,heap     ] GC(524) Eden regions: 46->0(46)
[2026-01-16T08:56:54.719+0000][gc,heap     ] GC(524) Survivor regions: 5->5(7)
[2026-01-16T08:56:54.721+0000][gc,heap     ] GC(524) Old regions: 177->178
[2026-01-16T08:56:54.723+0000][gc,heap     ] GC(524) Humongous regions: 60->60
[2026-01-16T08:56:54.724+0000][gc,metaspace] GC(524) Metaspace: 12465K(12928K)->12465K(12928K) NonClass: 11377K(11584K)->11377K(11584K) Class: 1087K(1344K)->1087K(1344K)
[2026-01-16T08:56:54.727+0000][gc          ] GC(524) Pause Young (Normal) (G1 Evacuation Pause) 286M->241M(1024M) 472.265ms
[2026-01-16T08:56:54.728+0000][gc,cpu      ] GC(524) User=0.13s Sys=0.01s Real=0.47s
[2026-01-16T08:56:56.267+0000][gc,start    ] GC(525) Pause Young (Normal) (G1 Evacuation Pause)
[2026-01-16T08:56:56.268+0000][gc,task     ] GC(525) Using 8 workers of 8 for evacuation
[2026-01-16T08:56:56.500+0000][gc,mmu      ] GC(525) MMU target violated: 201.0ms (200.0ms/201.0ms)
[2026-01-16T08:56:56.501+0000][gc,phases   ] GC(525)   Pre Evacuate Collection Set: 6.4ms
[2026-01-16T08:56:56.501+0000][gc,phases   ] GC(525)   Merge Heap Roots: 8.2ms
[2026-01-16T08:56:56.501+0000][gc,phases   ] GC(525)   Evacuate Collection Set: 214.4ms
[2026-01-16T08:56:56.502+0000][gc,phases   ] GC(525)   Post Evacuate Collection Set: 2.8ms
[2026-01-16T08:56:56.502+0000][gc,phases   ] GC(525)   Other: 1.3ms
[2026-01-16T08:56:56.502+0000][gc,heap     ] GC(525) Eden regions: 46->0(47)
[2026-01-16T08:56:56.503+0000][gc,heap     ] GC(525) Survivor regions: 5->4(7)
[2026-01-16T08:56:56.513+0000][gc,heap     ] GC(525) Old regions: 178->178
[2026-01-16T08:56:56.514+0000][gc,heap     ] GC(525) Humongous regions: 60->60
[2026-01-16T08:56:56.518+0000][gc,metaspace] GC(525) Metaspace: 12465K(12928K)->12465K(12928K) NonClass: 11377K(11584K)->11377K(11584K) Class: 1087K(1344K)->1087K(1344K)
[2026-01-16T08:56:56.520+0000][gc          ] GC(525) Pause Young (Normal) (G1 Evacuation Pause) 287M->241M(1024M) 253.194ms
[2026-01-16T08:56:56.522+0000][gc,cpu      ] GC(525) User=0.08s Sys=0.00s Real=0.26s
[2026-01-16T08:56:59.166+0000][gc,start    ] GC(526) Pause Young (Normal) (G1 Evacuation Pause)
[2026-01-16T08:56:59.177+0000][gc,task     ] GC(526) Using 8 workers of 8 for evacuation
[2026-01-16T08:57:00.661+0000][gc,mmu      ] GC(526) MMU target violated: 201.0ms (200.0ms/201.0ms)
[2026-01-16T08:57:00.668+0000][gc,phases   ] GC(526)   Pre Evacuate Collection Set: 26.1ms
[2026-01-16T08:57:00.669+0000][gc,phases   ] GC(526)   Merge Heap Roots: 9.6ms
[2026-01-16T08:57:00.673+0000][gc,phases   ] GC(526)   Evacuate Collection Set: 1388.7ms
[2026-01-16T08:57:00.679+0000][gc,phases   ] GC(526)   Post Evacuate Collection Set: 53.2ms
[2026-01-16T08:57:00.682+0000][gc,phases   ] GC(526)   Other: 13.1ms
[2026-01-16T08:57:00.683+0000][gc,heap     ] GC(526) Eden regions: 47->0(47)
[2026-01-16T08:57:00.683+0000][gc,heap     ] GC(526) Survivor regions: 4->4(7)
[2026-01-16T08:57:00.683+0000][gc,heap     ] GC(526) Old regions: 178->179
[2026-01-16T08:57:00.695+0000][gc,heap     ] GC(526) Humongous regions: 60->60
[2026-01-16T08:57:00.696+0000][gc,metaspace] GC(526) Metaspace: 12465K(12928K)->12465K(12928K) NonClass: 11377K(11584K)->11377K(11584K) Class: 1087K(1344K)->1087K(1344K)
[2026-01-16T08:57:00.697+0000][gc          ] GC(526) Pause Young (Normal) (G1 Evacuation Pause) 288M->242M(1024M) 1530.338ms
[2026-01-16T08:57:00.697+0000][gc,cpu      ] GC(526) User=0.55s Sys=0.04s Real=1.53s
[2026-01-16T08:57:05.565+0000][gc,start    ] GC(527) Pause Young (Normal) (G1 Evacuation Pause)
[2026-01-16T08:57:05.587+0000][gc,task     ] GC(527) Using 8 workers of 8 for evacuation
[2026-01-16T08:57:06.015+0000][gc,mmu      ] GC(527) MMU target violated: 201.0ms (200.0ms/201.0ms)
[2026-01-16T08:57:06.015+0000][gc,phases   ] GC(527)   Pre Evacuate Collection Set: 38.2ms
[2026-01-16T08:57:06.016+0000][gc,phases   ] GC(527)   Merge Heap Roots: 3.2ms
[2026-01-16T08:57:06.016+0000][gc,phases   ] GC(527)   Evacuate Collection Set: 327.1ms
[2026-01-16T08:57:06.017+0000][gc,phases   ] GC(527)   Post Evacuate Collection Set: 35.6ms
[2026-01-16T08:57:06.017+0000][gc,phases   ] GC(527)   Other: 24.0ms
[2026-01-16T08:57:06.017+0000][gc,heap     ] GC(527) Eden regions: 47->0(47)
[2026-01-16T08:57:06.018+0000][gc,heap     ] GC(527) Survivor regions: 4->4(7)
[2026-01-16T08:57:06.018+0000][gc,heap     ] GC(527) Old regions: 179->180
[2026-01-16T08:57:06.018+0000][gc,heap     ] GC(527) Humongous regions: 60->60
[2026-01-16T08:57:06.018+0000][gc,metaspace] GC(527) Metaspace: 12467K(12928K)->12467K(12928K) NonClass: 11379K(11584K)->11379K(11584K) Class: 1087K(1344K)->1087K(1344K)
[2026-01-16T08:57:06.021+0000][gc          ] GC(527) Pause Young (Normal) (G1 Evacuation Pause) 289M->243M(1024M) 455.682ms
[2026-01-16T08:57:06.022+0000][gc,cpu      ] GC(527) User=0.32s Sys=0.01s Real=0.46s
[2026-01-16T08:57:09.002+0000][gc,start    ] GC(528) Pause Young (Normal) (G1 Evacuation Pause)
[2026-01-16T08:57:09.013+0000][gc,task     ] GC(528) Using 8 workers of 8 for evacuation
[2026-01-16T08:57:09.584+0000][gc,mmu      ] GC(528) MMU target violated: 201.0ms (200.0ms/201.0ms)
[2026-01-16T08:57:09.585+0000][gc,phases   ] GC(528)   Pre Evacuate Collection Set: 42.2ms
[2026-01-16T08:57:09.586+0000][gc,phases   ] GC(528)   Merge Heap Roots: 17.4ms
[2026-01-16T08:57:09.586+0000][gc,phases   ] GC(528)   Evacuate Collection Set: 493.6ms
[2026-01-16T08:57:09.586+0000][gc,phases   ] GC(528)   Post Evacuate Collection Set: 12.6ms
[2026-01-16T08:57:09.587+0000][gc,phases   ] GC(528)   Other: 6.2ms
[2026-01-16T08:57:09.587+0000][gc,heap     ] GC(528) Eden regions: 47->0(47)
[2026-01-16T08:57:09.588+0000][gc,heap     ] GC(528) Survivor regions: 4->4(7)
[2026-01-16T08:57:09.596+0000][gc,heap     ] GC(528) Old regions: 180->180
[2026-01-16T08:57:09.599+0000][gc,heap     ] GC(528) Humongous regions: 60->60
[2026-01-16T08:57:09.599+0000][gc,metaspace] GC(528) Metaspace: 12467K(12928K)->12467K(12928K) NonClass: 11379K(11584K)->11379K(11584K) Class: 1087K(1344K)->1087K(1344K)
[2026-01-16T08:57:09.600+0000][gc          ] GC(528) Pause Young (Normal) (G1 Evacuation Pause) 290M->243M(1024M) 598.941ms
[2026-01-16T08:57:09.602+0000][gc,cpu      ] GC(528) User=0.22s Sys=0.01s Real=0.60s
[2026-01-16T08:57:10.915+0000][gc,start    ] GC(529) Pause Young (Normal) (G1 Evacuation Pause)
[2026-01-16T08:57:10.933+0000][gc,task     ] GC(529) Using 8 workers of 8 for evacuation
[2026-01-16T08:57:11.279+0000][gc,mmu      ] GC(529) MMU target violated: 201.0ms (200.0ms/201.0ms)
[2026-01-16T08:57:11.282+0000][gc,phases   ] GC(529)   Pre Evacuate Collection Set: 32.3ms
[2026-01-16T08:57:11.283+0000][gc,phases   ] GC(529)   Merge Heap Roots: 3.8ms
[2026-01-16T08:57:11.284+0000][gc,phases   ] GC(529)   Evacuate Collection Set: 264.5ms
[2026-01-16T08:57:11.284+0000][gc,phases   ] GC(529)   Post Evacuate Collection Set: 36.1ms
[2026-01-16T08:57:11.284+0000][gc,phases   ] GC(529)   Other: 12.7ms
[2026-01-16T08:57:11.284+0000][gc,heap     ] GC(529) Eden regions: 47->0(47)
[2026-01-16T08:57:11.288+0000][gc,heap     ] GC(529) Survivor regions: 4->4(7)
[2026-01-16T08:57:11.290+0000][gc,heap     ] GC(529) Old regions: 180->181
[2026-01-16T08:57:11.292+0000][gc,heap     ] GC(529) Humongous regions: 60->60
[2026-01-16T08:57:11.293+0000][gc,metaspace] GC(529) Metaspace: 12471K(12928K)->12471K(12928K) NonClass: 11383K(11584K)->11383K(11584K) Class: 1087K(1344K)->1087K(1344K)
[2026-01-16T08:57:11.294+0000][gc          ] GC(529) Pause Young (Normal) (G1 Evacuation Pause) 290M->244M(1024M) 379.334ms
[2026-01-16T08:57:11.296+0000][gc,cpu      ] GC(529) User=0.11s Sys=0.00s Real=0.39s
[2026-01-16T08:57:12.813+0000][gc,start    ] GC(530) Pause Young (Normal) (G1 Evacuation Pause)
[2026-01-16T08:57:12.822+0000][gc,task     ] GC(530) Using 8 workers of 8 for evacuation
[2026-01-16T08:57:12.954+0000][gc,phases   ] GC(530)   Pre Evacuate Collection Set: 7.1ms
[2026-01-16T08:57:12.956+0000][gc,phases   ] GC(530)   Merge Heap Roots: 0.4ms
[2026-01-16T08:57:12.958+0000][gc,phases   ] GC(530)   Evacuate Collection Set: 107.0ms
[2026-01-16T08:57:12.958+0000][gc,phases   ] GC(530)   Post Evacuate Collection Set: 13.9ms
[2026-01-16T08:57:12.959+0000][gc,phases   ] GC(530)   Other: 4.1ms
[2026-01-16T08:57:12.959+0000][gc,heap     ] GC(530) Eden regions: 47->0(46)
[2026-01-16T08:57:12.960+0000][gc,heap     ] GC(530) Survivor regions: 4->5(7)
[2026-01-16T08:57:12.960+0000][gc,heap     ] GC(530) Old regions: 181->182
[2026-01-16T08:57:12.960+0000][gc,heap     ] GC(530) Humongous regions: 60->60
[2026-01-16T08:57:12.961+0000][gc,metaspace] GC(530) Metaspace: 12474K(12928K)->12474K(12928K) NonClass: 11386K(11584K)->11386K(11584K) Class: 1087K(1344K)->1087K(1344K)
[2026-01-16T08:57:12.962+0000][gc          ] GC(530) Pause Young (Normal) (G1 Evacuation Pause) 291M->245M(1024M) 149.061ms
[2026-01-16T08:57:12.962+0000][gc,cpu      ] GC(530) User=0.11s Sys=0.01s Real=0.15s
[2026-01-16T08:57:14.848+0000][gc,start    ] GC(531) Pause Young (Normal) (G1 Evacuation Pause)
[2026-01-16T08:57:14.851+0000][gc,task     ] GC(531) Using 8 workers of 8 for evacuation
[2026-01-16T08:57:15.199+0000][gc,mmu      ] GC(531) MMU target violated: 201.0ms (200.0ms/201.0ms)
[2026-01-16T08:57:15.202+0000][gc,phases   ] GC(531)   Pre Evacuate Collection Set: 20.1ms
[2026-01-16T08:57:15.202+0000][gc,phases   ] GC(531)   Merge Heap Roots: 7.2ms
[2026-01-16T08:57:15.203+0000][gc,phases   ] GC(531)   Evacuate Collection Set: 283.7ms
[2026-01-16T08:57:15.203+0000][gc,phases   ] GC(531)   Post Evacuate Collection Set: 36.3ms
[2026-01-16T08:57:15.211+0000][gc,phases   ] GC(531)   Other: 4.1ms
[2026-01-16T08:57:15.212+0000][gc,heap     ] GC(531) Eden regions: 46->0(47)
[2026-01-16T08:57:15.213+0000][gc,heap     ] GC(531) Survivor regions: 5->4(7)
[2026-01-16T08:57:15.215+0000][gc,heap     ] GC(531) Old regions: 182->182
[2026-01-16T08:57:15.216+0000][gc,heap     ] GC(531) Humongous regions: 60->60
[2026-01-16T08:57:15.228+0000][gc,metaspace] GC(531) Metaspace: 12474K(12928K)->12474K(12928K) NonClass: 11386K(11584K)->11386K(11584K) Class: 1087K(1344K)->1087K(1344K)
[2026-01-16T08:57:15.231+0000][gc          ] GC(531) Pause Young (Normal) (G1 Evacuation Pause) 291M->245M(1024M) 383.172ms
[2026-01-16T08:57:15.231+0000][gc,cpu      ] GC(531) User=0.12s Sys=0.02s Real=0.38s
[2026-01-16T08:57:17.521+0000][gc,start    ] GC(532) Pause Young (Normal) (G1 Evacuation Pause)
[2026-01-16T08:57:17.522+0000][gc,task     ] GC(532) Using 8 workers of 8 for evacuation
[2026-01-16T08:57:17.920+0000][gc,mmu      ] GC(532) MMU target violated: 201.0ms (200.0ms/201.0ms)
[2026-01-16T08:57:17.922+0000][gc,phases   ] GC(532)   Pre Evacuate Collection Set: 30.2ms
[2026-01-16T08:57:17.923+0000][gc,phases   ] GC(532)   Merge Heap Roots: 42.8ms
[2026-01-16T08:57:17.926+0000][gc,phases   ] GC(532)   Evacuate Collection Set: 306.5ms
[2026-01-16T08:57:17.926+0000][gc,phases   ] GC(532)   Post Evacuate Collection Set: 15.6ms
[2026-01-16T08:57:17.928+0000][gc,phases   ] GC(532)   Other: 4.4ms
[2026-01-16T08:57:17.928+0000][gc,heap     ] GC(532) Eden regions: 47->0(46)
[2026-01-16T08:57:17.928+0000][gc,heap     ] GC(532) Survivor regions: 4->5(7)
[2026-01-16T08:57:17.928+0000][gc,heap     ] GC(532) Old regions: 182->182
[2026-01-16T08:57:17.929+0000][gc,heap     ] GC(532) Humongous regions: 60->60
[2026-01-16T08:57:17.929+0000][gc,metaspace] GC(532) Metaspace: 12474K(12928K)->12474K(12928K) NonClass: 11386K(11584K)->11386K(11584K) Class: 1087K(1344K)->1087K(1344K)
[2026-01-16T08:57:17.930+0000][gc          ] GC(532) Pause Young (Normal) (G1 Evacuation Pause) 292M->246M(1024M) 409.764ms
[2026-01-16T08:57:17.931+0000][gc,cpu      ] GC(532) User=0.26s Sys=0.01s Real=0.42s
[2026-01-16T08:57:19.684+0000][gc,start    ] GC(533) Pause Young (Normal) (GCLocker Initiated GC)
[2026-01-16T08:57:19.693+0000][gc,task     ] GC(533) Using 8 workers of 8 for evacuation
[2026-01-16T08:57:20.066+0000][gc,mmu      ] GC(533) MMU target violated: 201.0ms (200.0ms/201.0ms)
[2026-01-16T08:57:20.067+0000][gc,phases   ] GC(533)   Pre Evacuate Collection Set: 23.0ms
[2026-01-16T08:57:20.068+0000][gc,phases   ] GC(533)   Merge Heap Roots: 4.7ms
[2026-01-16T08:57:20.070+0000][gc,phases   ] GC(533)   Evacuate Collection Set: 303.3ms
[2026-01-16T08:57:20.070+0000][gc,phases   ] GC(533)   Post Evacuate Collection Set: 10.7ms
[2026-01-16T08:57:20.071+0000][gc,phases   ] GC(533)   Other: 32.3ms
[2026-01-16T08:57:20.071+0000][gc,heap     ] GC(533) Eden regions: 48->0(47)
[2026-01-16T08:57:20.072+0000][gc,heap     ] GC(533) Survivor regions: 5->4(7)
[2026-01-16T08:57:20.072+0000][gc,heap     ] GC(533) Old regions: 182->183
[2026-01-16T08:57:20.073+0000][gc,heap     ] GC(533) Humongous regions: 60->60
[2026-01-16T08:57:20.073+0000][gc,metaspace] GC(533) Metaspace: 12479K(12928K)->12479K(12928K) NonClass: 11391K(11584K)->11391K(11584K) Class: 1087K(1344K)->1087K(1344K)
[2026-01-16T08:57:20.079+0000][gc          ] GC(533) Pause Young (Normal) (GCLocker Initiated GC) 293M->246M(1024M) 394.612ms
[2026-01-16T08:57:20.081+0000][gc,cpu      ] GC(533) User=0.16s Sys=0.05s Real=0.40s
[2026-01-16T08:57:20.971+0000][gc,start    ] GC(534) Pause Young (Normal) (G1 Evacuation Pause)
[2026-01-16T08:57:20.972+0000][gc,task     ] GC(534) Using 8 workers of 8 for evacuation
[2026-01-16T08:57:21.123+0000][gc,phases   ] GC(534)   Pre Evacuate Collection Set: 9.1ms
[2026-01-16T08:57:21.123+0000][gc,phases   ] GC(534)   Merge Heap Roots: 0.9ms
[2026-01-16T08:57:21.124+0000][gc,phases   ] GC(534)   Evacuate Collection Set: 129.5ms
[2026-01-16T08:57:21.124+0000][gc,phases   ] GC(534)   Post Evacuate Collection Set: 5.0ms
[2026-01-16T08:57:21.125+0000][gc,phases   ] GC(534)   Other: 6.5ms
[2026-01-16T08:57:21.125+0000][gc,heap     ] GC(534) Eden regions: 47->0(46)
[2026-01-16T08:57:21.126+0000][gc,heap     ] GC(534) Survivor regions: 4->5(7)
[2026-01-16T08:57:21.133+0000][gc,heap     ] GC(534) Old regions: 183->183
[2026-01-16T08:57:21.133+0000][gc,heap     ] GC(534) Humongous regions: 60->60
[2026-01-16T08:57:21.134+0000][gc,metaspace] GC(534) Metaspace: 12483K(12928K)->12483K(12928K) NonClass: 11395K(11584K)->11395K(11584K) Class: 1087K(1344K)->1087K(1344K)
[2026-01-16T08:57:21.136+0000][gc          ] GC(534) Pause Young (Normal) (G1 Evacuation Pause) 293M->247M(1024M) 164.815ms
[2026-01-16T08:57:21.140+0000][gc,cpu      ] GC(534) User=0.07s Sys=0.01s Real=0.17s
[2026-01-16T08:57:22.315+0000][gc,start    ] GC(535) Pause Young (Normal) (G1 Evacuation Pause)
[2026-01-16T08:57:22.317+0000][gc,task     ] GC(535) Using 8 workers of 8 for evacuation
[2026-01-16T08:57:22.430+0000][gc,phases   ] GC(535)   Pre Evacuate Collection Set: 3.4ms
[2026-01-16T08:57:22.432+0000][gc,phases   ] GC(535)   Merge Heap Roots: 2.2ms
[2026-01-16T08:57:22.439+0000][gc,phases   ] GC(535)   Evacuate Collection Set: 100.6ms
[2026-01-16T08:57:22.441+0000][gc,phases   ] GC(535)   Post Evacuate Collection Set: 1.9ms
[2026-01-16T08:57:22.444+0000][gc,phases   ] GC(535)   Other: 4.9ms
[2026-01-16T08:57:22.449+0000][gc,heap     ] GC(535) Eden regions: 46->0(46)
[2026-01-16T08:57:22.449+0000][gc,heap     ] GC(535) Survivor regions: 5->5(7)
[2026-01-16T08:57:22.450+0000][gc,heap     ] GC(535) Old regions: 183->184
[2026-01-16T08:57:22.450+0000][gc,heap     ] GC(535) Humongous regions: 60->60
[2026-01-16T08:57:22.450+0000][gc,metaspace] GC(535) Metaspace: 12488K(12928K)->12488K(12928K) NonClass: 11400K(11584K)->11400K(11584K) Class: 1087K(1344K)->1087K(1344K)
[2026-01-16T08:57:22.452+0000][gc          ] GC(535) Pause Young (Normal) (G1 Evacuation Pause) 293M->248M(1024M) 136.766ms
[2026-01-16T08:57:22.456+0000][gc,cpu      ] GC(535) User=0.07s Sys=0.02s Real=0.15s
[2026-01-16T08:57:23.516+0000][gc,start    ] GC(536) Pause Young (Normal) (G1 Evacuation Pause)
[2026-01-16T08:57:23.579+0000][gc,task     ] GC(536) Using 8 workers of 8 for evacuation
[2026-01-16T08:57:23.880+0000][gc,mmu      ] GC(536) MMU target violated: 201.0ms (200.0ms/201.0ms)
[2026-01-16T08:57:23.882+0000][gc,phases   ] GC(536)   Pre Evacuate Collection Set: 16.7ms
[2026-01-16T08:57:23.883+0000][gc,phases   ] GC(536)   Merge Heap Roots: 15.4ms
[2026-01-16T08:57:23.883+0000][gc,phases   ] GC(536)   Evacuate Collection Set: 231.5ms
[2026-01-16T08:57:23.883+0000][gc,phases   ] GC(536)   Post Evacuate Collection Set: 13.2ms
[2026-01-16T08:57:23.884+0000][gc,phases   ] GC(536)   Other: 26.4ms
[2026-01-16T08:57:23.884+0000][gc,heap     ] GC(536) Eden regions: 46->0(46)
[2026-01-16T08:57:23.884+0000][gc,heap     ] GC(536) Survivor regions: 5->5(7)
[2026-01-16T08:57:23.884+0000][gc,heap     ] GC(536) Old regions: 184->185
[2026-01-16T08:57:23.884+0000][gc,heap     ] GC(536) Humongous regions: 60->60
[2026-01-16T08:57:23.884+0000][gc,metaspace] GC(536) Metaspace: 12488K(12928K)->12488K(12928K) NonClass: 11400K(11584K)->11400K(11584K) Class: 1087K(1344K)->1087K(1344K)
[2026-01-16T08:57:23.885+0000][gc          ] GC(536) Pause Young (Normal) (G1 Evacuation Pause) 294M->248M(1024M) 368.766ms
[2026-01-16T08:57:23.885+0000][gc,cpu      ] GC(536) User=0.10s Sys=0.04s Real=0.37s
[2026-01-16T08:57:25.535+0000][gc,start    ] GC(537) Pause Young (Normal) (G1 Evacuation Pause)
[2026-01-16T08:57:25.540+0000][gc,task     ] GC(537) Using 8 workers of 8 for evacuation
[2026-01-16T08:57:25.860+0000][gc,mmu      ] GC(537) MMU target violated: 201.0ms (200.0ms/201.0ms)
[2026-01-16T08:57:25.861+0000][gc,phases   ] GC(537)   Pre Evacuate Collection Set: 39.2ms
[2026-01-16T08:57:25.863+0000][gc,phases   ] GC(537)   Merge Heap Roots: 8.0ms
[2026-01-16T08:57:25.864+0000][gc,phases   ] GC(537)   Evacuate Collection Set: 237.7ms
[2026-01-16T08:57:25.867+0000][gc,phases   ] GC(537)   Post Evacuate Collection Set: 33.0ms
[2026-01-16T08:57:25.868+0000][gc,phases   ] GC(537)   Other: 3.1ms
[2026-01-16T08:57:25.870+0000][gc,heap     ] GC(537) Eden regions: 46->0(47)
[2026-01-16T08:57:25.870+0000][gc,heap     ] GC(537) Survivor regions: 5->4(7)
[2026-01-16T08:57:25.871+0000][gc,heap     ] GC(537) Old regions: 185->186
[2026-01-16T08:57:25.872+0000][gc,heap     ] GC(537) Humongous regions: 60->60
[2026-01-16T08:57:25.872+0000][gc,metaspace] GC(537) Metaspace: 12501K(12992K)->12501K(12992K) NonClass: 11413K(11648K)->11413K(11648K) Class: 1087K(1344K)->1087K(1344K)
[2026-01-16T08:57:25.877+0000][gc          ] GC(537) Pause Young (Normal) (G1 Evacuation Pause) 294M->249M(1024M) 342.240ms
[2026-01-16T08:57:25.886+0000][gc,cpu      ] GC(537) User=0.12s Sys=0.02s Real=0.36s
[2026-01-16T08:57:27.763+0000][gc,start    ] GC(538) Pause Young (Normal) (G1 Evacuation Pause)
[2026-01-16T08:57:27.765+0000][gc,task     ] GC(538) Using 8 workers of 8 for evacuation
[2026-01-16T08:57:28.095+0000][gc,mmu      ] GC(538) MMU target violated: 201.0ms (200.0ms/201.0ms)
[2026-01-16T08:57:28.100+0000][gc,phases   ] GC(538)   Pre Evacuate Collection Set: 22.5ms
[2026-01-16T08:57:28.103+0000][gc,phases   ] GC(538)   Merge Heap Roots: 4.2ms
[2026-01-16T08:57:28.103+0000][gc,phases   ] GC(538)   Evacuate Collection Set: 286.6ms
[2026-01-16T08:57:28.104+0000][gc,phases   ] GC(538)   Post Evacuate Collection Set: 14.2ms
[2026-01-16T08:57:28.107+0000][gc,phases   ] GC(538)   Other: 7.1ms
[2026-01-16T08:57:28.111+0000][gc,heap     ] GC(538) Eden regions: 47->0(46)
[2026-01-16T08:57:28.112+0000][gc,heap     ] GC(538) Survivor regions: 4->5(7)
[2026-01-16T08:57:28.112+0000][gc,heap     ] GC(538) Old regions: 186->186
[2026-01-16T08:57:28.112+0000][gc,heap     ] GC(538) Humongous regions: 60->60
[2026-01-16T08:57:28.113+0000][gc,metaspace] GC(538) Metaspace: 12501K(12992K)->12501K(12992K) NonClass: 11414K(11648K)->11414K(11648K) Class: 1087K(1344K)->1087K(1344K)
[2026-01-16T08:57:28.113+0000][gc          ] GC(538) Pause Young (Normal) (G1 Evacuation Pause) 296M->249M(1024M) 349.763ms
[2026-01-16T08:57:28.113+0000][gc,cpu      ] GC(538) User=0.18s Sys=0.02s Real=0.35s
[2026-01-16T08:57:30.005+0000][gc,start    ] GC(539) Pause Young (Normal) (G1 Evacuation Pause)
[2026-01-16T08:57:30.025+0000][gc,task     ] GC(539) Using 8 workers of 8 for evacuation
[2026-01-16T08:57:30.395+0000][gc,mmu      ] GC(539) MMU target violated: 201.0ms (200.0ms/201.0ms)
[2026-01-16T08:57:30.395+0000][gc,phases   ] GC(539)   Pre Evacuate Collection Set: 28.1ms
[2026-01-16T08:57:30.395+0000][gc,phases   ] GC(539)   Merge Heap Roots: 0.5ms
[2026-01-16T08:57:30.397+0000][gc,phases   ] GC(539)   Evacuate Collection Set: 287.4ms
[2026-01-16T08:57:30.400+0000][gc,phases   ] GC(539)   Post Evacuate Collection Set: 53.0ms
[2026-01-16T08:57:30.404+0000][gc,phases   ] GC(539)   Other: 0.8ms
[2026-01-16T08:57:30.406+0000][gc,heap     ] GC(539) Eden regions: 46->0(46)
[2026-01-16T08:57:30.406+0000][gc,heap     ] GC(539) Survivor regions: 5->5(7)
[2026-01-16T08:57:30.406+0000][gc,heap     ] GC(539) Old regions: 186->187
[2026-01-16T08:57:30.407+0000][gc,heap     ] GC(539) Humongous regions: 60->60
[2026-01-16T08:57:30.408+0000][gc,metaspace] GC(539) Metaspace: 12503K(12992K)->12503K(12992K) NonClass: 11416K(11648K)->11416K(11648K) Class: 1087K(1344K)->1087K(1344K)
[2026-01-16T08:57:30.408+0000][gc          ] GC(539) Pause Young (Normal) (G1 Evacuation Pause) 295M->250M(1024M) 403.542ms
[2026-01-16T08:57:30.408+0000][gc,cpu      ] GC(539) User=0.16s Sys=0.04s Real=0.41s
[2026-01-16T08:57:35.333+0000][gc,start    ] GC(540) Pause Young (Normal) (G1 Evacuation Pause)
[2026-01-16T08:57:35.335+0000][gc,task     ] GC(540) Using 8 workers of 8 for evacuation
[2026-01-16T08:57:35.911+0000][gc,mmu      ] GC(540) MMU target violated: 201.0ms (200.0ms/201.0ms)
[2026-01-16T08:57:35.915+0000][gc,phases   ] GC(540)   Pre Evacuate Collection Set: 37.3ms
[2026-01-16T08:57:35.922+0000][gc,phases   ] GC(540)   Merge Heap Roots: 3.3ms
[2026-01-16T08:57:35.926+0000][gc,phases   ] GC(540)   Evacuate Collection Set: 477.0ms
[2026-01-16T08:57:35.926+0000][gc,phases   ] GC(540)   Post Evacuate Collection Set: 53.3ms
[2026-01-16T08:57:35.927+0000][gc,phases   ] GC(540)   Other: 9.3ms
[2026-01-16T08:57:35.927+0000][gc,heap     ] GC(540) Eden regions: 46->0(47)
[2026-01-16T08:57:35.927+0000][gc,heap     ] GC(540) Survivor regions: 5->4(7)
[2026-01-16T08:57:35.927+0000][gc,heap     ] GC(540) Old regions: 187->188
[2026-01-16T08:57:35.928+0000][gc,heap     ] GC(540) Humongous regions: 60->60
[2026-01-16T08:57:35.936+0000][gc,metaspace] GC(540) Metaspace: 12511K(12992K)->12511K(12992K) NonClass: 11423K(11648K)->11423K(11648K) Class: 1087K(1344K)->1087K(1344K)
[2026-01-16T08:57:35.937+0000][gc          ] GC(540) Pause Young (Normal) (G1 Evacuation Pause) 296M->251M(1024M) 603.908ms
[2026-01-16T08:57:35.939+0000][gc,cpu      ] GC(540) User=0.24s Sys=0.02s Real=0.61s
[2026-01-16T08:57:39.108+0000][gc,start    ] GC(541) Pause Young (Normal) (G1 Evacuation Pause)
[2026-01-16T08:57:39.111+0000][gc,task     ] GC(541) Using 8 workers of 8 for evacuation
[2026-01-16T08:57:39.381+0000][gc,mmu      ] GC(541) MMU target violated: 201.0ms (200.0ms/201.0ms)
[2026-01-16T08:57:39.382+0000][gc,phases   ] GC(541)   Pre Evacuate Collection Set: 41.2ms
[2026-01-16T08:57:39.382+0000][gc,phases   ] GC(541)   Merge Heap Roots: 0.5ms
[2026-01-16T08:57:39.384+0000][gc,phases   ] GC(541)   Evacuate Collection Set: 216.2ms
[2026-01-16T08:57:39.386+0000][gc,phases   ] GC(541)   Post Evacuate Collection Set: 11.4ms
[2026-01-16T08:57:39.389+0000][gc,phases   ] GC(541)   Other: 1.9ms
[2026-01-16T08:57:39.389+0000][gc,heap     ] GC(541) Eden regions: 47->0(46)
[2026-01-16T08:57:39.390+0000][gc,heap     ] GC(541) Survivor regions: 4->5(7)
[2026-01-16T08:57:39.393+0000][gc,heap     ] GC(541) Old regions: 188->188
[2026-01-16T08:57:39.393+0000][gc,heap     ] GC(541) Humongous regions: 60->60
[2026-01-16T08:57:39.404+0000][gc,metaspace] GC(541) Metaspace: 12517K(12992K)->12517K(12992K) NonClass: 11429K(11648K)->11429K(11648K) Class: 1087K(1344K)->1087K(1344K)
[2026-01-16T08:57:39.405+0000][gc          ] GC(541) Pause Young (Normal) (G1 Evacuation Pause) 298M->252M(1024M) 296.583ms
[2026-01-16T08:57:39.405+0000][gc,cpu      ] GC(541) User=0.20s Sys=0.01s Real=0.30s
[2026-01-16T08:57:41.083+0000][gc,start    ] GC(542) Pause Young (Normal) (G1 Evacuation Pause)
[2026-01-16T08:57:41.085+0000][gc,task     ] GC(542) Using 8 workers of 8 for evacuation
[2026-01-16T08:57:41.759+0000][gc,mmu      ] GC(542) MMU target violated: 201.0ms (200.0ms/201.0ms)
[2026-01-16T08:57:41.761+0000][gc,phases   ] GC(542)   Pre Evacuate Collection Set: 20.8ms
[2026-01-16T08:57:41.761+0000][gc,phases   ] GC(542)   Merge Heap Roots: 4.4ms
[2026-01-16T08:57:41.762+0000][gc,phases   ] GC(542)   Evacuate Collection Set: 620.2ms
[2026-01-16T08:57:41.763+0000][gc,phases   ] GC(542)   Post Evacuate Collection Set: 27.0ms
[2026-01-16T08:57:41.763+0000][gc,phases   ] GC(542)   Other: 3.0ms
[2026-01-16T08:57:41.764+0000][gc,heap     ] GC(542) Eden regions: 46->0(47)
[2026-01-16T08:57:41.765+0000][gc,heap     ] GC(542) Survivor regions: 5->4(7)
[2026-01-16T08:57:41.766+0000][gc,heap     ] GC(542) Old regions: 188->189
[2026-01-16T08:57:41.767+0000][gc,heap     ] GC(542) Humongous regions: 60->60
[2026-01-16T08:57:41.767+0000][gc,metaspace] GC(542) Metaspace: 12526K(12992K)->12526K(12992K) NonClass: 11438K(11648K)->11438K(11648K) Class: 1087K(1344K)->1087K(1344K)
[2026-01-16T08:57:41.768+0000][gc          ] GC(542) Pause Young (Normal) (G1 Evacuation Pause) 298M->252M(1024M) 684.991ms
[2026-01-16T08:57:41.773+0000][gc,cpu      ] GC(542) User=0.17s Sys=0.02s Real=0.69s
[2026-01-16T08:57:44.116+0000][gc,start    ] GC(543) Pause Young (Normal) (G1 Evacuation Pause)
[2026-01-16T08:57:44.117+0000][gc,task     ] GC(543) Using 8 workers of 8 for evacuation
[2026-01-16T08:57:44.453+0000][gc,mmu      ] GC(543) MMU target violated: 201.0ms (200.0ms/201.0ms)
[2026-01-16T08:57:44.458+0000][gc,phases   ] GC(543)   Pre Evacuate Collection Set: 62.2ms
[2026-01-16T08:57:44.463+0000][gc,phases   ] GC(543)   Merge Heap Roots: 17.9ms
[2026-01-16T08:57:44.464+0000][gc,phases   ] GC(543)   Evacuate Collection Set: 225.2ms
[2026-01-16T08:57:44.467+0000][gc,phases   ] GC(543)   Post Evacuate Collection Set: 28.6ms
[2026-01-16T08:57:44.470+0000][gc,phases   ] GC(543)   Other: 6.8ms
[2026-01-16T08:57:44.471+0000][gc,heap     ] GC(543) Eden regions: 47->0(46)
[2026-01-16T08:57:44.472+0000][gc,heap     ] GC(543) Survivor regions: 4->5(7)
[2026-01-16T08:57:44.472+0000][gc,heap     ] GC(543) Old regions: 189->189
[2026-01-16T08:57:44.475+0000][gc,heap     ] GC(543) Humongous regions: 60->60
[2026-01-16T08:57:44.477+0000][gc,metaspace] GC(543) Metaspace: 12529K(12992K)->12529K(12992K) NonClass: 11442K(11648K)->11442K(11648K) Class: 1087K(1344K)->1087K(1344K)
[2026-01-16T08:57:44.482+0000][gc          ] GC(543) Pause Young (Normal) (G1 Evacuation Pause) 299M->252M(1024M) 365.402ms
[2026-01-16T08:57:44.486+0000][gc,cpu      ] GC(543) User=0.16s Sys=0.01s Real=0.37s
[2026-01-16T08:57:45.754+0000][gc,start    ] GC(544) Pause Young (Normal) (G1 Evacuation Pause)
[2026-01-16T08:57:45.756+0000][gc,task     ] GC(544) Using 8 workers of 8 for evacuation
[2026-01-16T08:57:46.078+0000][gc,mmu      ] GC(544) MMU target violated: 201.0ms (200.0ms/201.0ms)
[2026-01-16T08:57:46.079+0000][gc,phases   ] GC(544)   Pre Evacuate Collection Set: 28.7ms
[2026-01-16T08:57:46.080+0000][gc,phases   ] GC(544)   Merge Heap Roots: 4.8ms
[2026-01-16T08:57:46.080+0000][gc,phases   ] GC(544)   Evacuate Collection Set: 269.1ms
[2026-01-16T08:57:46.081+0000][gc,phases   ] GC(544)   Post Evacuate Collection Set: 13.6ms
[2026-01-16T08:57:46.081+0000][gc,phases   ] GC(544)   Other: 7.8ms
[2026-01-16T08:57:46.081+0000][gc,heap     ] GC(544) Eden regions: 46->0(47)
[2026-01-16T08:57:46.081+0000][gc,heap     ] GC(544) Survivor regions: 5->4(7)
[2026-01-16T08:57:46.082+0000][gc,heap     ] GC(544) Old regions: 189->190
[2026-01-16T08:57:46.082+0000][gc,heap     ] GC(544) Humongous regions: 60->60
[2026-01-16T08:57:46.088+0000][gc,metaspace] GC(544) Metaspace: 12539K(12992K)->12539K(12992K) NonClass: 11451K(11648K)->11451K(11648K) Class: 1087K(1344K)->1087K(1344K)
[2026-01-16T08:57:46.088+0000][gc          ] GC(544) Pause Young (Normal) (G1 Evacuation Pause) 298M->253M(1024M) 334.657ms
[2026-01-16T08:57:46.088+0000][gc,cpu      ] GC(544) User=0.11s Sys=0.03s Real=0.34s
[2026-01-16T08:57:48.149+0000][gc,start    ] GC(545) Pause Young (Normal) (G1 Evacuation Pause)
[2026-01-16T08:57:48.160+0000][gc,task     ] GC(545) Using 8 workers of 8 for evacuation
[2026-01-16T08:57:48.268+0000][gc,phases   ] GC(545)   Pre Evacuate Collection Set: 13.6ms
[2026-01-16T08:57:48.269+0000][gc,phases   ] GC(545)   Merge Heap Roots: 0.5ms
[2026-01-16T08:57:48.269+0000][gc,phases   ] GC(545)   Evacuate Collection Set: 87.6ms
[2026-01-16T08:57:48.270+0000][gc,phases   ] GC(545)   Post Evacuate Collection Set: 4.1ms
[2026-01-16T08:57:48.270+0000][gc,phases   ] GC(545)   Other: 1.3ms
[2026-01-16T08:57:48.271+0000][gc,heap     ] GC(545) Eden regions: 47->0(46)
[2026-01-16T08:57:48.271+0000][gc,heap     ] GC(545) Survivor regions: 4->5(7)
[2026-01-16T08:57:48.271+0000][gc,heap     ] GC(545) Old regions: 190->190
[2026-01-16T08:57:48.271+0000][gc,heap     ] GC(545) Humongous regions: 60->60
[2026-01-16T08:57:48.271+0000][gc,metaspace] GC(545) Metaspace: 12545K(12992K)->12545K(12992K) NonClass: 11457K(11648K)->11457K(11648K) Class: 1087K(1344K)->1087K(1344K)
[2026-01-16T08:57:48.272+0000][gc          ] GC(545) Pause Young (Normal) (G1 Evacuation Pause) 300M->254M(1024M) 122.941ms
[2026-01-16T08:57:48.272+0000][gc,cpu      ] GC(545) User=0.09s Sys=0.00s Real=0.12s
[2026-01-16T08:57:49.410+0000][gc,start    ] GC(546) Pause Young (Normal) (G1 Evacuation Pause)
[2026-01-16T08:57:49.411+0000][gc,task     ] GC(546) Using 8 workers of 8 for evacuation
[2026-01-16T08:57:49.538+0000][gc,phases   ] GC(546)   Pre Evacuate Collection Set: 7.1ms
[2026-01-16T08:57:49.539+0000][gc,phases   ] GC(546)   Merge Heap Roots: 0.3ms
[2026-01-16T08:57:49.539+0000][gc,phases   ] GC(546)   Evacuate Collection Set: 113.5ms
[2026-01-16T08:57:49.539+0000][gc,phases   ] GC(546)   Post Evacuate Collection Set: 5.4ms
[2026-01-16T08:57:49.539+0000][gc,phases   ] GC(546)   Other: 1.2ms
[2026-01-16T08:57:49.539+0000][gc,heap     ] GC(546) Eden regions: 46->0(47)
[2026-01-16T08:57:49.540+0000][gc,heap     ] GC(546) Survivor regions: 5->4(7)
[2026-01-16T08:57:49.540+0000][gc,heap     ] GC(546) Old regions: 190->191
[2026-01-16T08:57:49.540+0000][gc,heap     ] GC(546) Humongous regions: 60->60
[2026-01-16T08:57:49.540+0000][gc,metaspace] GC(546) Metaspace: 12546K(12992K)->12546K(12992K) NonClass: 11458K(11648K)->11458K(11648K) Class: 1087K(1344K)->1087K(1344K)
[2026-01-16T08:57:49.541+0000][gc          ] GC(546) Pause Young (Normal) (G1 Evacuation Pause) 300M->253M(1024M) 130.398ms
[2026-01-16T08:57:49.541+0000][gc,cpu      ] GC(546) User=0.10s Sys=0.02s Real=0.13s
[2026-01-16T08:57:51.548+0000][gc,start    ] GC(547) Pause Young (Normal) (G1 Evacuation Pause)
[2026-01-16T08:57:51.552+0000][gc,task     ] GC(547) Using 8 workers of 8 for evacuation
[2026-01-16T08:57:51.675+0000][gc,phases   ] GC(547)   Pre Evacuate Collection Set: 13.0ms
[2026-01-16T08:57:51.677+0000][gc,phases   ] GC(547)   Merge Heap Roots: 6.9ms
[2026-01-16T08:57:51.678+0000][gc,phases   ] GC(547)   Evacuate Collection Set: 88.3ms
[2026-01-16T08:57:51.678+0000][gc,phases   ] GC(547)   Post Evacuate Collection Set: 4.6ms
[2026-01-16T08:57:51.679+0000][gc,phases   ] GC(547)   Other: 12.2ms
[2026-01-16T08:57:51.679+0000][gc,heap     ] GC(547) Eden regions: 47->0(140)
[2026-01-16T08:57:51.680+0000][gc,heap     ] GC(547) Survivor regions: 4->3(7)
[2026-01-16T08:57:51.681+0000][gc,heap     ] GC(547) Old regions: 191->191
[2026-01-16T08:57:51.682+0000][gc,heap     ] GC(547) Humongous regions: 60->60
[2026-01-16T08:57:51.682+0000][gc,metaspace] GC(547) Metaspace: 12562K(12992K)->12562K(12992K) NonClass: 11474K(11648K)->11474K(11648K) Class: 1087K(1344K)->1087K(1344K)
[2026-01-16T08:57:51.683+0000][gc          ] GC(547) Pause Young (Normal) (G1 Evacuation Pause) 300M->252M(1024M) 135.005ms
[2026-01-16T08:57:51.683+0000][gc,cpu      ] GC(547) User=0.09s Sys=0.00s Real=0.13s
[2026-01-16T08:58:13.921+0000][gc,start    ] GC(548) Pause Young (Normal) (G1 Evacuation Pause)
[2026-01-16T08:58:13.923+0000][gc,task     ] GC(548) Using 8 workers of 8 for evacuation
[2026-01-16T08:58:15.059+0000][gc,mmu      ] GC(548) MMU target violated: 201.0ms (200.0ms/201.0ms)
[2026-01-16T08:58:15.060+0000][gc,phases   ] GC(548)   Pre Evacuate Collection Set: 46.9ms
[2026-01-16T08:58:15.060+0000][gc,phases   ] GC(548)   Merge Heap Roots: 14.7ms
[2026-01-16T08:58:15.060+0000][gc,phases   ] GC(548)   Evacuate Collection Set: 886.5ms
[2026-01-16T08:58:15.061+0000][gc,phases   ] GC(548)   Post Evacuate Collection Set: 182.5ms
[2026-01-16T08:58:15.061+0000][gc,phases   ] GC(548)   Other: 7.2ms
[2026-01-16T08:58:15.061+0000][gc,heap     ] GC(548) Eden regions: 188->0(48)
[2026-01-16T08:58:15.061+0000][gc,heap     ] GC(548) Survivor regions: 3->3(24)
[2026-01-16T08:58:15.061+0000][gc,heap     ] GC(548) Old regions: 191->191
[2026-01-16T08:58:15.061+0000][gc,heap     ] GC(548) Humongous regions: 60->60
[2026-01-16T08:58:15.061+0000][gc,metaspace] GC(548) Metaspace: 12619K(13056K)->12619K(13056K) NonClass: 11532K(11712K)->11532K(11712K) Class: 1087K(1344K)->1087K(1344K)
[2026-01-16T08:58:15.061+0000][gc          ] GC(548) Pause Young (Normal) (G1 Evacuation Pause) 440M->253M(1024M) 1140.629ms
[2026-01-16T08:58:15.061+0000][gc,cpu      ] GC(548) User=0.47s Sys=0.03s Real=1.14s
[2026-01-16T08:58:20.035+0000][gc,start    ] GC(549) Pause Young (Normal) (G1 Evacuation Pause)
[2026-01-16T08:58:20.036+0000][gc,task     ] GC(549) Using 8 workers of 8 for evacuation
[2026-01-16T08:58:21.524+0000][gc,mmu      ] GC(549) MMU target violated: 201.0ms (200.0ms/201.0ms)
[2026-01-16T08:58:21.529+0000][gc,phases   ] GC(549)   Pre Evacuate Collection Set: 139.4ms
[2026-01-16T08:58:21.532+0000][gc,phases   ] GC(549)   Merge Heap Roots: 23.8ms
[2026-01-16T08:58:21.532+0000][gc,phases   ] GC(549)   Evacuate Collection Set: 993.2ms
[2026-01-16T08:58:21.533+0000][gc,phases   ] GC(549)   Post Evacuate Collection Set: 326.6ms
[2026-01-16T08:58:21.533+0000][gc,phases   ] GC(549)   Other: 9.3ms
[2026-01-16T08:58:21.534+0000][gc,heap     ] GC(549) Eden regions: 48->0(47)
[2026-01-16T08:58:21.537+0000][gc,heap     ] GC(549) Survivor regions: 3->4(7)
[2026-01-16T08:58:21.539+0000][gc,heap     ] GC(549) Old regions: 191->191
[2026-01-16T08:58:21.540+0000][gc,heap     ] GC(549) Humongous regions: 60->60
[2026-01-16T08:58:21.540+0000][gc,metaspace] GC(549) Metaspace: 12620K(13056K)->12620K(13056K) NonClass: 11532K(11712K)->11532K(11712K) Class: 1088K(1344K)->1088K(1344K)
[2026-01-16T08:58:21.540+0000][gc          ] GC(549) Pause Young (Normal) (G1 Evacuation Pause) 301M->253M(1024M) 1505.716ms
[2026-01-16T08:58:21.540+0000][gc,cpu      ] GC(549) User=0.65s Sys=0.06s Real=1.52s
[2026-01-16T08:58:27.305+0000][gc,start    ] GC(550) Pause Young (Normal) (G1 Evacuation Pause)
[2026-01-16T08:58:27.309+0000][gc,task     ] GC(550) Using 8 workers of 8 for evacuation
[2026-01-16T08:58:28.089+0000][gc,mmu      ] GC(550) MMU target violated: 201.0ms (200.0ms/201.0ms)
[2026-01-16T08:58:28.093+0000][gc,phases   ] GC(550)   Pre Evacuate Collection Set: 111.2ms
[2026-01-16T08:58:28.094+0000][gc,phases   ] GC(550)   Merge Heap Roots: 24.2ms
[2026-01-16T08:58:28.094+0000][gc,phases   ] GC(550)   Evacuate Collection Set: 554.1ms
[2026-01-16T08:58:28.094+0000][gc,phases   ] GC(550)   Post Evacuate Collection Set: 86.8ms
[2026-01-16T08:58:28.094+0000][gc,phases   ] GC(550)   Other: 8.2ms
[2026-01-16T08:58:28.094+0000][gc,heap     ] GC(550) Eden regions: 47->0(48)
[2026-01-16T08:58:28.094+0000][gc,heap     ] GC(550) Survivor regions: 4->3(7)
[2026-01-16T08:58:28.094+0000][gc,heap     ] GC(550) Old regions: 191->191
[2026-01-16T08:58:28.095+0000][gc,heap     ] GC(550) Humongous regions: 60->60
[2026-01-16T08:58:28.095+0000][gc,metaspace] GC(550) Metaspace: 12631K(13056K)->12631K(13056K) NonClass: 11543K(11712K)->11543K(11712K) Class: 1088K(1344K)->1088K(1344K)
[2026-01-16T08:58:28.096+0000][gc          ] GC(550) Pause Young (Normal) (G1 Evacuation Pause) 300M->253M(1024M) 790.503ms
[2026-01-16T08:58:28.097+0000][gc,cpu      ] GC(550) User=0.28s Sys=0.05s Real=0.79s
[2026-01-16T08:58:29.814+0000][gc,start    ] GC(551) Pause Young (Normal) (G1 Evacuation Pause)
[2026-01-16T08:58:29.821+0000][gc,task     ] GC(551) Using 8 workers of 8 for evacuation
[2026-01-16T08:58:30.118+0000][gc,mmu      ] GC(551) MMU target violated: 201.0ms (200.0ms/201.0ms)
[2026-01-16T08:58:30.135+0000][gc,phases   ] GC(551)   Pre Evacuate Collection Set: 26.3ms
[2026-01-16T08:58:30.135+0000][gc,phases   ] GC(551)   Merge Heap Roots: 4.6ms
[2026-01-16T08:58:30.135+0000][gc,phases   ] GC(551)   Evacuate Collection Set: 257.6ms
[2026-01-16T08:58:30.135+0000][gc,phases   ] GC(551)   Post Evacuate Collection Set: 2.3ms
[2026-01-16T08:58:30.135+0000][gc,phases   ] GC(551)   Other: 22.7ms
[2026-01-16T08:58:30.136+0000][gc,heap     ] GC(551) Eden regions: 48->0(47)
[2026-01-16T08:58:30.136+0000][gc,heap     ] GC(551) Survivor regions: 3->4(7)
[2026-01-16T08:58:30.141+0000][gc,heap     ] GC(551) Old regions: 191->191
[2026-01-16T08:58:30.142+0000][gc,heap     ] GC(551) Humongous regions: 60->60
[2026-01-16T08:58:30.142+0000][gc,metaspace] GC(551) Metaspace: 12631K(13056K)->12631K(13056K) NonClass: 11543K(11712K)->11543K(11712K) Class: 1088K(1344K)->1088K(1344K)
[2026-01-16T08:58:30.143+0000][gc          ] GC(551) Pause Young (Normal) (G1 Evacuation Pause) 301M->253M(1024M) 329.261ms
[2026-01-16T08:58:30.144+0000][gc,cpu      ] GC(551) User=0.15s Sys=0.01s Real=0.33s
[2026-01-16T08:58:32.285+0000][gc,start    ] GC(552) Pause Young (Normal) (G1 Evacuation Pause)
[2026-01-16T08:58:32.288+0000][gc,task     ] GC(552) Using 8 workers of 8 for evacuation
[2026-01-16T08:58:32.490+0000][gc,phases   ] GC(552)   Pre Evacuate Collection Set: 60.3ms
[2026-01-16T08:58:32.490+0000][gc,phases   ] GC(552)   Merge Heap Roots: 0.6ms
[2026-01-16T08:58:32.495+0000][gc,phases   ] GC(552)   Evacuate Collection Set: 125.7ms
[2026-01-16T08:58:32.495+0000][gc,phases   ] GC(552)   Post Evacuate Collection Set: 12.8ms
[2026-01-16T08:58:32.496+0000][gc,phases   ] GC(552)   Other: 2.1ms
[2026-01-16T08:58:32.496+0000][gc,heap     ] GC(552) Eden regions: 47->0(48)
[2026-01-16T08:58:32.497+0000][gc,heap     ] GC(552) Survivor regions: 4->3(7)
[2026-01-16T08:58:32.498+0000][gc,heap     ] GC(552) Old regions: 191->191
[2026-01-16T08:58:32.498+0000][gc,heap     ] GC(552) Humongous regions: 60->60
[2026-01-16T08:58:32.501+0000][gc,metaspace] GC(552) Metaspace: 12631K(13056K)->12631K(13056K) NonClass: 11543K(11712K)->11543K(11712K) Class: 1088K(1344K)->1088K(1344K)
[2026-01-16T08:58:32.506+0000][gc          ] GC(552) Pause Young (Normal) (G1 Evacuation Pause) 300M->252M(1024M) 220.872ms
[2026-01-16T08:58:32.508+0000][gc,cpu      ] GC(552) User=0.12s Sys=0.00s Real=0.23s
[2026-01-16T08:58:34.840+0000][gc,start    ] GC(553) Pause Young (Normal) (G1 Evacuation Pause)
[2026-01-16T08:58:34.848+0000][gc,task     ] GC(553) Using 8 workers of 8 for evacuation
[2026-01-16T08:58:35.229+0000][gc,mmu      ] GC(553) MMU target violated: 201.0ms (200.0ms/201.0ms)
[2026-01-16T08:58:35.230+0000][gc,phases   ] GC(553)   Pre Evacuate Collection Set: 47.6ms
[2026-01-16T08:58:35.231+0000][gc,phases   ] GC(553)   Merge Heap Roots: 17.2ms
[2026-01-16T08:58:35.231+0000][gc,phases   ] GC(553)   Evacuate Collection Set: 286.9ms
[2026-01-16T08:58:35.232+0000][gc,phases   ] GC(553)   Post Evacuate Collection Set: 11.7ms
[2026-01-16T08:58:35.232+0000][gc,phases   ] GC(553)   Other: 18.5ms
[2026-01-16T08:58:35.233+0000][gc,heap     ] GC(553) Eden regions: 48->0(47)
[2026-01-16T08:58:35.233+0000][gc,heap     ] GC(553) Survivor regions: 3->4(7)
[2026-01-16T08:58:35.234+0000][gc,heap     ] GC(553) Old regions: 191->191
[2026-01-16T08:58:35.237+0000][gc,heap     ] GC(553) Humongous regions: 60->60
[2026-01-16T08:58:35.241+0000][gc,metaspace] GC(553) Metaspace: 12631K(13056K)->12631K(13056K) NonClass: 11543K(11712K)->11543K(11712K) Class: 1088K(1344K)->1088K(1344K)
[2026-01-16T08:58:35.255+0000][gc          ] GC(553) Pause Young (Normal) (G1 Evacuation Pause) 300M->253M(1024M) 414.985ms
[2026-01-16T08:58:35.268+0000][gc,cpu      ] GC(553) User=0.17s Sys=0.01s Real=0.43s
[2026-01-16T08:58:40.411+0000][gc,start    ] GC(554) Pause Young (Normal) (G1 Evacuation Pause)
[2026-01-16T08:58:40.417+0000][gc,task     ] GC(554) Using 8 workers of 8 for evacuation
[2026-01-16T08:58:40.695+0000][gc,mmu      ] GC(554) MMU target violated: 201.0ms (200.0ms/201.0ms)
[2026-01-16T08:58:40.698+0000][gc,phases   ] GC(554)   Pre Evacuate Collection Set: 19.8ms
[2026-01-16T08:58:40.698+0000][gc,phases   ] GC(554)   Merge Heap Roots: 2.7ms
[2026-01-16T08:58:40.698+0000][gc,phases   ] GC(554)   Evacuate Collection Set: 238.2ms
[2026-01-16T08:58:40.699+0000][gc,phases   ] GC(554)   Post Evacuate Collection Set: 9.5ms
[2026-01-16T08:58:40.702+0000][gc,phases   ] GC(554)   Other: 10.7ms
[2026-01-16T08:58:40.703+0000][gc,heap     ] GC(554) Eden regions: 47->0(47)
[2026-01-16T08:58:40.704+0000][gc,heap     ] GC(554) Survivor regions: 4->4(7)
[2026-01-16T08:58:40.704+0000][gc,heap     ] GC(554) Old regions: 191->191
[2026-01-16T08:58:40.704+0000][gc,heap     ] GC(554) Humongous regions: 60->60
[2026-01-16T08:58:40.704+0000][gc,metaspace] GC(554) Metaspace: 12631K(13056K)->12631K(13056K) NonClass: 11543K(11712K)->11543K(11712K) Class: 1088K(1344K)->1088K(1344K)
[2026-01-16T08:58:40.705+0000][gc          ] GC(554) Pause Young (Normal) (G1 Evacuation Pause) 300M->254M(1024M) 308.634ms
[2026-01-16T08:58:40.707+0000][gc,cpu      ] GC(554) User=0.19s Sys=0.01s Real=0.31s
[2026-01-16T08:58:43.002+0000][gc,start    ] GC(555) Pause Young (Normal) (G1 Evacuation Pause)
[2026-01-16T08:58:43.006+0000][gc,task     ] GC(555) Using 8 workers of 8 for evacuation
[2026-01-16T08:58:43.227+0000][gc,mmu      ] GC(555) MMU target violated: 201.0ms (200.0ms/201.0ms)
[2026-01-16T08:58:43.244+0000][gc,phases   ] GC(555)   Pre Evacuate Collection Set: 22.6ms
[2026-01-16T08:58:43.245+0000][gc,phases   ] GC(555)   Merge Heap Roots: 8.2ms
[2026-01-16T08:58:43.245+0000][gc,phases   ] GC(555)   Evacuate Collection Set: 175.8ms
[2026-01-16T08:58:43.259+0000][gc,phases   ] GC(555)   Post Evacuate Collection Set: 12.1ms
[2026-01-16T08:58:43.260+0000][gc,phases   ] GC(555)   Other: 22.6ms
[2026-01-16T08:58:43.261+0000][gc,heap     ] GC(555) Eden regions: 47->0(48)
[2026-01-16T08:58:43.262+0000][gc,heap     ] GC(555) Survivor regions: 4->3(7)
[2026-01-16T08:58:43.263+0000][gc,heap     ] GC(555) Old regions: 191->191
[2026-01-16T08:58:43.264+0000][gc,heap     ] GC(555) Humongous regions: 60->60
[2026-01-16T08:58:43.280+0000][gc,metaspace] GC(555) Metaspace: 12631K(13056K)->12631K(13056K) NonClass: 11543K(11712K)->11543K(11712K) Class: 1088K(1344K)->1088K(1344K)
[2026-01-16T08:58:43.280+0000][gc          ] GC(555) Pause Young (Normal) (G1 Evacuation Pause) 301M->253M(1024M) 278.550ms
[2026-01-16T08:58:43.280+0000][gc,cpu      ] GC(555) User=0.11s Sys=0.00s Real=0.28s
[2026-01-16T08:58:45.251+0000][gc,start    ] GC(556) Pause Young (Normal) (G1 Evacuation Pause)
[2026-01-16T08:58:45.252+0000][gc,task     ] GC(556) Using 8 workers of 8 for evacuation
[2026-01-16T08:58:45.444+0000][gc,phases   ] GC(556)   Pre Evacuate Collection Set: 8.8ms
[2026-01-16T08:58:45.447+0000][gc,phases   ] GC(556)   Merge Heap Roots: 2.4ms
[2026-01-16T08:58:45.451+0000][gc,phases   ] GC(556)   Evacuate Collection Set: 145.4ms
[2026-01-16T08:58:45.455+0000][gc,phases   ] GC(556)   Post Evacuate Collection Set: 31.4ms
[2026-01-16T08:58:45.461+0000][gc,phases   ] GC(556)   Other: 4.0ms
[2026-01-16T08:58:45.462+0000][gc,heap     ] GC(556) Eden regions: 48->0(47)
[2026-01-16T08:58:45.462+0000][gc,heap     ] GC(556) Survivor regions: 3->4(7)
[2026-01-16T08:58:45.465+0000][gc,heap     ] GC(556) Old regions: 191->192
[2026-01-16T08:58:45.465+0000][gc,heap     ] GC(556) Humongous regions: 60->60
[2026-01-16T08:58:45.466+0000][gc,metaspace] GC(556) Metaspace: 12643K(13056K)->12643K(13056K) NonClass: 11555K(11712K)->11555K(11712K) Class: 1088K(1344K)->1088K(1344K)
[2026-01-16T08:58:45.467+0000][gc          ] GC(556) Pause Young (Normal) (G1 Evacuation Pause) 301M->254M(1024M) 216.325ms
[2026-01-16T08:58:45.469+0000][gc,cpu      ] GC(556) User=0.12s Sys=0.04s Real=0.22s
[2026-01-16T08:58:47.655+0000][gc,start    ] GC(557) Pause Young (Normal) (G1 Evacuation Pause)
[2026-01-16T08:58:47.660+0000][gc,task     ] GC(557) Using 8 workers of 8 for evacuation
[2026-01-16T08:58:47.965+0000][gc,mmu      ] GC(557) MMU target violated: 201.0ms (200.0ms/201.0ms)
[2026-01-16T08:58:47.967+0000][gc,phases   ] GC(557)   Pre Evacuate Collection Set: 40.5ms
[2026-01-16T08:58:47.968+0000][gc,phases   ] GC(557)   Merge Heap Roots: 14.1ms
[2026-01-16T08:58:47.969+0000][gc,phases   ] GC(557)   Evacuate Collection Set: 230.0ms
[2026-01-16T08:58:47.969+0000][gc,phases   ] GC(557)   Post Evacuate Collection Set: 19.3ms
[2026-01-16T08:58:47.970+0000][gc,phases   ] GC(557)   Other: 3.7ms
[2026-01-16T08:58:47.972+0000][gc,heap     ] GC(557) Eden regions: 47->0(49)
[2026-01-16T08:58:47.972+0000][gc,heap     ] GC(557) Survivor regions: 4->2(7)
[2026-01-16T08:58:47.973+0000][gc,heap     ] GC(557) Old regions: 192->192
[2026-01-16T08:58:47.973+0000][gc,heap     ] GC(557) Humongous regions: 60->60
[2026-01-16T08:58:47.974+0000][gc,metaspace] GC(557) Metaspace: 12643K(13056K)->12643K(13056K) NonClass: 11555K(11712K)->11555K(11712K) Class: 1088K(1344K)->1088K(1344K)
[2026-01-16T08:58:47.976+0000][gc          ] GC(557) Pause Young (Normal) (G1 Evacuation Pause) 301M->252M(1024M) 321.025ms
[2026-01-16T08:58:47.978+0000][gc,cpu      ] GC(557) User=0.13s Sys=0.04s Real=0.32s
[2026-01-16T08:58:53.012+0000][gc,start    ] GC(558) Pause Young (Normal) (G1 Evacuation Pause)
[2026-01-16T08:58:53.020+0000][gc,task     ] GC(558) Using 8 workers of 8 for evacuation
[2026-01-16T08:58:53.816+0000][gc,mmu      ] GC(558) MMU target violated: 201.0ms (200.0ms/201.0ms)
[2026-01-16T08:58:53.817+0000][gc,phases   ] GC(558)   Pre Evacuate Collection Set: 55.2ms
[2026-01-16T08:58:53.819+0000][gc,phases   ] GC(558)   Merge Heap Roots: 8.2ms
[2026-01-16T08:58:53.819+0000][gc,phases   ] GC(558)   Evacuate Collection Set: 683.4ms
[2026-01-16T08:58:53.821+0000][gc,phases   ] GC(558)   Post Evacuate Collection Set: 44.6ms
[2026-01-16T08:58:53.823+0000][gc,phases   ] GC(558)   Other: 5.6ms
[2026-01-16T08:58:53.824+0000][gc,heap     ] GC(558) Eden regions: 49->0(50)
[2026-01-16T08:58:53.825+0000][gc,heap     ] GC(558) Survivor regions: 2->1(7)
[2026-01-16T08:58:53.825+0000][gc,heap     ] GC(558) Old regions: 192->192
[2026-01-16T08:58:53.826+0000][gc,heap     ] GC(558) Humongous regions: 60->60
[2026-01-16T08:58:53.827+0000][gc,metaspace] GC(558) Metaspace: 12643K(13056K)->12643K(13056K) NonClass: 11555K(11712K)->11555K(11712K) Class: 1088K(1344K)->1088K(1344K)
[2026-01-16T08:58:53.829+0000][gc          ] GC(558) Pause Young (Normal) (G1 Evacuation Pause) 301M->252M(1024M) 817.454ms
[2026-01-16T08:58:53.833+0000][gc,cpu      ] GC(558) User=0.22s Sys=0.05s Real=0.82s
[2026-01-16T08:59:00.606+0000][gc,start    ] GC(559) Pause Young (Normal) (G1 Evacuation Pause)
[2026-01-16T08:59:00.629+0000][gc,task     ] GC(559) Using 8 workers of 8 for evacuation
[2026-01-16T08:59:00.996+0000][gc,mmu      ] GC(559) MMU target violated: 201.0ms (200.0ms/201.0ms)
[2026-01-16T08:59:00.998+0000][gc,phases   ] GC(559)   Pre Evacuate Collection Set: 35.4ms
[2026-01-16T08:59:01.008+0000][gc,phases   ] GC(559)   Merge Heap Roots: 6.2ms
[2026-01-16T08:59:01.013+0000][gc,phases   ] GC(559)   Evacuate Collection Set: 265.0ms
[2026-01-16T08:59:01.014+0000][gc,phases   ] GC(559)   Post Evacuate Collection Set: 46.5ms
[2026-01-16T08:59:01.021+0000][gc,phases   ] GC(559)   Other: 26.5ms
[2026-01-16T08:59:01.022+0000][gc,heap     ] GC(559) Eden regions: 50->0(49)
[2026-01-16T08:59:01.022+0000][gc,heap     ] GC(559) Survivor regions: 1->2(7)
[2026-01-16T08:59:01.022+0000][gc,heap     ] GC(559) Old regions: 192->192
[2026-01-16T08:59:01.022+0000][gc,heap     ] GC(559) Humongous regions: 60->60
[2026-01-16T08:59:01.026+0000][gc,metaspace] GC(559) Metaspace: 12643K(13056K)->12643K(13056K) NonClass: 11555K(11712K)->11555K(11712K) Class: 1088K(1344K)->1088K(1344K)
[2026-01-16T08:59:01.027+0000][gc          ] GC(559) Pause Young (Normal) (G1 Evacuation Pause) 302M->252M(1024M) 422.906ms
[2026-01-16T08:59:01.027+0000][gc,cpu      ] GC(559) User=0.25s Sys=0.03s Real=0.42s
[2026-01-16T08:59:07.172+0000][gc,start    ] GC(560) Pause Young (Normal) (G1 Evacuation Pause)
[2026-01-16T08:59:07.193+0000][gc,task     ] GC(560) Using 8 workers of 8 for evacuation
[2026-01-16T08:59:07.558+0000][gc,mmu      ] GC(560) MMU target violated: 201.0ms (200.0ms/201.0ms)
[2026-01-16T08:59:07.559+0000][gc,phases   ] GC(560)   Pre Evacuate Collection Set: 78.1ms
[2026-01-16T08:59:07.561+0000][gc,phases   ] GC(560)   Merge Heap Roots: 24.8ms
[2026-01-16T08:59:07.561+0000][gc,phases   ] GC(560)   Evacuate Collection Set: 221.0ms
[2026-01-16T08:59:07.562+0000][gc,phases   ] GC(560)   Post Evacuate Collection Set: 22.7ms
[2026-01-16T08:59:07.563+0000][gc,phases   ] GC(560)   Other: 20.3ms
[2026-01-16T08:59:07.564+0000][gc,heap     ] GC(560) Eden regions: 49->0(49)
[2026-01-16T08:59:07.565+0000][gc,heap     ] GC(560) Survivor regions: 2->2(7)
[2026-01-16T08:59:07.567+0000][gc,heap     ] GC(560) Old regions: 192->192
[2026-01-16T08:59:07.569+0000][gc,heap     ] GC(560) Humongous regions: 60->60
[2026-01-16T08:59:07.569+0000][gc,metaspace] GC(560) Metaspace: 12643K(13056K)->12643K(13056K) NonClass: 11555K(11712K)->11555K(11712K) Class: 1088K(1344K)->1088K(1344K)
[2026-01-16T08:59:07.570+0000][gc          ] GC(560) Pause Young (Normal) (G1 Evacuation Pause) 301M->253M(1024M) 397.993ms
[2026-01-16T08:59:07.570+0000][gc,cpu      ] GC(560) User=0.26s Sys=0.02s Real=0.40s
[2026-01-16T08:59:12.177+0000][gc,start    ] GC(561) Pause Young (Normal) (G1 Evacuation Pause)
[2026-01-16T08:59:12.180+0000][gc,task     ] GC(561) Using 8 workers of 8 for evacuation
[2026-01-16T08:59:12.646+0000][gc,mmu      ] GC(561) MMU target violated: 201.0ms (200.0ms/201.0ms)
[2026-01-16T08:59:12.647+0000][gc,phases   ] GC(561)   Pre Evacuate Collection Set: 24.9ms
[2026-01-16T08:59:12.647+0000][gc,phases   ] GC(561)   Merge Heap Roots: 7.7ms
[2026-01-16T08:59:12.647+0000][gc,phases   ] GC(561)   Evacuate Collection Set: 424.1ms
[2026-01-16T08:59:12.648+0000][gc,phases   ] GC(561)   Post Evacuate Collection Set: 9.0ms
[2026-01-16T08:59:12.648+0000][gc,phases   ] GC(561)   Other: 1.6ms
[2026-01-16T08:59:12.648+0000][gc,heap     ] GC(561) Eden regions: 49->0(48)
[2026-01-16T08:59:12.648+0000][gc,heap     ] GC(561) Survivor regions: 2->3(7)
[2026-01-16T08:59:12.648+0000][gc,heap     ] GC(561) Old regions: 192->192
[2026-01-16T08:59:12.648+0000][gc,heap     ] GC(561) Humongous regions: 60->60
[2026-01-16T08:59:12.648+0000][gc,metaspace] GC(561) Metaspace: 12646K(13120K)->12646K(13120K) NonClass: 11557K(11776K)->11557K(11776K) Class: 1088K(1344K)->1088K(1344K)
[2026-01-16T08:59:12.649+0000][gc          ] GC(561) Pause Young (Normal) (G1 Evacuation Pause) 302M->253M(1024M) 471.986ms
[2026-01-16T08:59:12.649+0000][gc,cpu      ] GC(561) User=0.31s Sys=0.02s Real=0.47s
[2026-01-16T08:59:19.023+0000][gc,start    ] GC(562) Pause Young (Normal) (G1 Evacuation Pause)
[2026-01-16T08:59:19.024+0000][gc,task     ] GC(562) Using 8 workers of 8 for evacuation
[2026-01-16T08:59:19.399+0000][gc,mmu      ] GC(562) MMU target violated: 201.0ms (200.0ms/201.0ms)
[2026-01-16T08:59:19.427+0000][gc,phases   ] GC(562)   Pre Evacuate Collection Set: 37.8ms
[2026-01-16T08:59:19.428+0000][gc,phases   ] GC(562)   Merge Heap Roots: 7.8ms
[2026-01-16T08:59:19.428+0000][gc,phases   ] GC(562)   Evacuate Collection Set: 307.7ms
[2026-01-16T08:59:19.429+0000][gc,phases   ] GC(562)   Post Evacuate Collection Set: 20.9ms
[2026-01-16T08:59:19.429+0000][gc,phases   ] GC(562)   Other: 29.1ms
[2026-01-16T08:59:19.429+0000][gc,heap     ] GC(562) Eden regions: 48->0(49)
[2026-01-16T08:59:19.446+0000][gc,heap     ] GC(562) Survivor regions: 3->2(7)
[2026-01-16T08:59:19.446+0000][gc,heap     ] GC(562) Old regions: 192->192
[2026-01-16T08:59:19.451+0000][gc,heap     ] GC(562) Humongous regions: 69->69
[2026-01-16T08:59:19.452+0000][gc,metaspace] GC(562) Metaspace: 12646K(13120K)->12646K(13120K) NonClass: 11557K(11776K)->11557K(11776K) Class: 1088K(1344K)->1088K(1344K)
[2026-01-16T08:59:19.452+0000][gc          ] GC(562) Pause Young (Normal) (G1 Evacuation Pause) 310M->262M(1024M) 429.679ms
[2026-01-16T08:59:19.461+0000][gc,cpu      ] GC(562) User=0.20s Sys=0.02s Real=0.44s
[2026-01-16T08:59:21.163+0000][gc,start    ] GC(563) Pause Young (Normal) (G1 Evacuation Pause)
[2026-01-16T08:59:21.168+0000][gc,task     ] GC(563) Using 8 workers of 8 for evacuation
[2026-01-16T08:59:21.400+0000][gc,mmu      ] GC(563) MMU target violated: 201.0ms (200.0ms/201.0ms)
[2026-01-16T08:59:21.401+0000][gc,phases   ] GC(563)   Pre Evacuate Collection Set: 38.4ms
[2026-01-16T08:59:21.402+0000][gc,phases   ] GC(563)   Merge Heap Roots: 7.4ms
[2026-01-16T08:59:21.404+0000][gc,phases   ] GC(563)   Evacuate Collection Set: 178.1ms
[2026-01-16T08:59:21.405+0000][gc,phases   ] GC(563)   Post Evacuate Collection Set: 7.3ms
[2026-01-16T08:59:21.405+0000][gc,phases   ] GC(563)   Other: 3.5ms
[2026-01-16T08:59:21.407+0000][gc,heap     ] GC(563) Eden regions: 49->0(48)
[2026-01-16T08:59:21.408+0000][gc,heap     ] GC(563) Survivor regions: 2->3(7)
[2026-01-16T08:59:21.409+0000][gc,heap     ] GC(563) Old regions: 192->192
[2026-01-16T08:59:21.409+0000][gc,heap     ] GC(563) Humongous regions: 69->69
[2026-01-16T08:59:21.410+0000][gc,metaspace] GC(563) Metaspace: 12646K(13120K)->12646K(13120K) NonClass: 11557K(11776K)->11557K(11776K) Class: 1088K(1344K)->1088K(1344K)
[2026-01-16T08:59:21.411+0000][gc          ] GC(563) Pause Young (Normal) (G1 Evacuation Pause) 311M->263M(1024M) 247.296ms
[2026-01-16T08:59:21.414+0000][gc,cpu      ] GC(563) User=0.16s Sys=0.02s Real=0.26s
[2026-01-16T08:59:23.408+0000][gc,start    ] GC(564) Pause Young (Normal) (G1 Evacuation Pause)
[2026-01-16T08:59:23.433+0000][gc,task     ] GC(564) Using 8 workers of 8 for evacuation
[2026-01-16T08:59:23.663+0000][gc,mmu      ] GC(564) MMU target violated: 201.0ms (200.0ms/201.0ms)
[2026-01-16T08:59:23.666+0000][gc,phases   ] GC(564)   Pre Evacuate Collection Set: 42.7ms
[2026-01-16T08:59:23.667+0000][gc,phases   ] GC(564)   Merge Heap Roots: 48.8ms
[2026-01-16T08:59:23.669+0000][gc,phases   ] GC(564)   Evacuate Collection Set: 126.2ms
[2026-01-16T08:59:23.670+0000][gc,phases   ] GC(564)   Post Evacuate Collection Set: 12.0ms
[2026-01-16T08:59:23.671+0000][gc,phases   ] GC(564)   Other: 3.3ms
[2026-01-16T08:59:23.671+0000][gc,heap     ] GC(564) Eden regions: 48->0(49)
[2026-01-16T08:59:23.672+0000][gc,heap     ] GC(564) Survivor regions: 3->2(7)
[2026-01-16T08:59:23.672+0000][gc,heap     ] GC(564) Old regions: 192->192
[2026-01-16T08:59:23.672+0000][gc,heap     ] GC(564) Humongous regions: 69->69
[2026-01-16T08:59:23.673+0000][gc,metaspace] GC(564) Metaspace: 12646K(13120K)->12646K(13120K) NonClass: 11557K(11776K)->11557K(11776K) Class: 1088K(1344K)->1088K(1344K)
[2026-01-16T08:59:23.674+0000][gc          ] GC(564) Pause Young (Normal) (G1 Evacuation Pause) 311M->262M(1024M) 269.542ms
[2026-01-16T08:59:23.675+0000][gc,cpu      ] GC(564) User=0.13s Sys=0.01s Real=0.27s
[2026-01-16T08:59:26.668+0000][gc,start    ] GC(565) Pause Young (Normal) (G1 Evacuation Pause)
[2026-01-16T08:59:26.669+0000][gc,task     ] GC(565) Using 8 workers of 8 for evacuation
[2026-01-16T08:59:27.427+0000][gc,mmu      ] GC(565) MMU target violated: 201.0ms (200.0ms/201.0ms)
[2026-01-16T08:59:27.430+0000][gc,phases   ] GC(565)   Pre Evacuate Collection Set: 54.5ms
[2026-01-16T08:59:27.432+0000][gc,phases   ] GC(565)   Merge Heap Roots: 13.2ms
[2026-01-16T08:59:27.432+0000][gc,phases   ] GC(565)   Evacuate Collection Set: 614.7ms
[2026-01-16T08:59:27.433+0000][gc,phases   ] GC(565)   Post Evacuate Collection Set: 63.3ms
[2026-01-16T08:59:27.434+0000][gc,phases   ] GC(565)   Other: 15.3ms
[2026-01-16T08:59:27.435+0000][gc,heap     ] GC(565) Eden regions: 49->0(48)
[2026-01-16T08:59:27.441+0000][gc,heap     ] GC(565) Survivor regions: 2->3(7)
[2026-01-16T08:59:27.444+0000][gc,heap     ] GC(565) Old regions: 192->192
[2026-01-16T08:59:27.444+0000][gc,heap     ] GC(565) Humongous regions: 69->69
[2026-01-16T08:59:27.447+0000][gc,metaspace] GC(565) Metaspace: 12646K(13120K)->12646K(13120K) NonClass: 11557K(11776K)->11557K(11776K) Class: 1088K(1344K)->1088K(1344K)
[2026-01-16T08:59:27.450+0000][gc          ] GC(565) Pause Young (Normal) (G1 Evacuation Pause) 311M->263M(1024M) 781.826ms
[2026-01-16T08:59:27.453+0000][gc,cpu      ] GC(565) User=0.23s Sys=0.04s Real=0.78s
[2026-01-16T08:59:33.757+0000][gc,start    ] GC(566) Pause Young (Normal) (G1 Evacuation Pause)
[2026-01-16T08:59:33.778+0000][gc,task     ] GC(566) Using 8 workers of 8 for evacuation
[2026-01-16T08:59:34.594+0000][gc,mmu      ] GC(566) MMU target violated: 201.0ms (200.0ms/201.0ms)
[2026-01-16T08:59:34.596+0000][gc,phases   ] GC(566)   Pre Evacuate Collection Set: 105.9ms
[2026-01-16T08:59:34.599+0000][gc,phases   ] GC(566)   Merge Heap Roots: 56.7ms
[2026-01-16T08:59:34.611+0000][gc,phases   ] GC(566)   Evacuate Collection Set: 549.6ms
[2026-01-16T08:59:34.614+0000][gc,phases   ] GC(566)   Post Evacuate Collection Set: 82.2ms
[2026-01-16T08:59:34.625+0000][gc,phases   ] GC(566)   Other: 26.3ms
[2026-01-16T08:59:34.626+0000][gc,heap     ] GC(566) Eden regions: 48->0(48)
[2026-01-16T08:59:34.627+0000][gc,heap     ] GC(566) Survivor regions: 3->3(7)
[2026-01-16T08:59:34.627+0000][gc,heap     ] GC(566) Old regions: 192->192
[2026-01-16T08:59:34.633+0000][gc,heap     ] GC(566) Humongous regions: 69->69
[2026-01-16T08:59:34.633+0000][gc,metaspace] GC(566) Metaspace: 12646K(13120K)->12646K(13120K) NonClass: 11557K(11776K)->11557K(11776K) Class: 1088K(1344K)->1088K(1344K)
[2026-01-16T08:59:34.634+0000][gc          ] GC(566) Pause Young (Normal) (G1 Evacuation Pause) 311M->263M(1024M) 879.136ms
[2026-01-16T08:59:34.634+0000][gc,cpu      ] GC(566) User=0.32s Sys=0.04s Real=0.88s
[2026-01-16T08:59:38.498+0000][gc,start    ] GC(567) Pause Young (Normal) (G1 Evacuation Pause)
[2026-01-16T08:59:38.502+0000][gc,task     ] GC(567) Using 8 workers of 8 for evacuation
[2026-01-16T08:59:38.974+0000][gc,mmu      ] GC(567) MMU target violated: 201.0ms (200.0ms/201.0ms)
[2026-01-16T08:59:38.975+0000][gc,phases   ] GC(567)   Pre Evacuate Collection Set: 34.0ms
[2026-01-16T08:59:38.975+0000][gc,phases   ] GC(567)   Merge Heap Roots: 2.2ms
[2026-01-16T08:59:38.979+0000][gc,phases   ] GC(567)   Evacuate Collection Set: 398.8ms
[2026-01-16T08:59:38.980+0000][gc,phases   ] GC(567)   Post Evacuate Collection Set: 32.7ms
[2026-01-16T08:59:38.981+0000][gc,phases   ] GC(567)   Other: 5.6ms
[2026-01-16T08:59:38.981+0000][gc,heap     ] GC(567) Eden regions: 48->0(49)
[2026-01-16T08:59:38.982+0000][gc,heap     ] GC(567) Survivor regions: 3->2(7)
[2026-01-16T08:59:38.983+0000][gc,heap     ] GC(567) Old regions: 192->192
[2026-01-16T08:59:38.984+0000][gc,heap     ] GC(567) Humongous regions: 69->69
[2026-01-16T08:59:38.985+0000][gc,metaspace] GC(567) Metaspace: 12646K(13120K)->12646K(13120K) NonClass: 11557K(11776K)->11557K(11776K) Class: 1088K(1344K)->1088K(1344K)
[2026-01-16T08:59:38.987+0000][gc          ] GC(567) Pause Young (Normal) (G1 Evacuation Pause) 311M->262M(1024M) 489.311ms
[2026-01-16T08:59:38.988+0000][gc,cpu      ] GC(567) User=0.31s Sys=0.05s Real=0.49s
[2026-01-16T08:59:42.590+0000][gc,start    ] GC(568) Pause Young (Normal) (G1 Evacuation Pause)
[2026-01-16T08:59:42.594+0000][gc,task     ] GC(568) Using 8 workers of 8 for evacuation
[2026-01-16T08:59:43.401+0000][gc,mmu      ] GC(568) MMU target violated: 201.0ms (200.0ms/201.0ms)
[2026-01-16T08:59:43.405+0000][gc,phases   ] GC(568)   Pre Evacuate Collection Set: 38.9ms
[2026-01-16T08:59:43.407+0000][gc,phases   ] GC(568)   Merge Heap Roots: 0.4ms
[2026-01-16T08:59:43.408+0000][gc,phases   ] GC(568)   Evacuate Collection Set: 685.3ms
[2026-01-16T08:59:43.409+0000][gc,phases   ] GC(568)   Post Evacuate Collection Set: 75.2ms
[2026-01-16T08:59:43.411+0000][gc,phases   ] GC(568)   Other: 11.7ms
[2026-01-16T08:59:43.414+0000][gc,heap     ] GC(568) Eden regions: 49->0(48)
[2026-01-16T08:59:43.417+0000][gc,heap     ] GC(568) Survivor regions: 2->3(7)
[2026-01-16T08:59:43.422+0000][gc,heap     ] GC(568) Old regions: 192->192
[2026-01-16T08:59:43.425+0000][gc,heap     ] GC(568) Humongous regions: 69->69
[2026-01-16T08:59:43.426+0000][gc,metaspace] GC(568) Metaspace: 12646K(13120K)->12646K(13120K) NonClass: 11557K(11776K)->11557K(11776K) Class: 1088K(1344K)->1088K(1344K)
[2026-01-16T08:59:43.429+0000][gc          ] GC(568) Pause Young (Normal) (G1 Evacuation Pause) 311M->263M(1024M) 838.347ms
[2026-01-16T08:59:43.432+0000][gc,cpu      ] GC(568) User=0.46s Sys=0.07s Real=0.84s
[2026-01-16T08:59:47.563+0000][gc,start    ] GC(569) Pause Young (Normal) (G1 Evacuation Pause)
[2026-01-16T08:59:47.567+0000][gc,task     ] GC(569) Using 8 workers of 8 for evacuation
[2026-01-16T08:59:47.919+0000][gc,mmu      ] GC(569) MMU target violated: 201.0ms (200.0ms/201.0ms)
[2026-01-16T08:59:47.920+0000][gc,phases   ] GC(569)   Pre Evacuate Collection Set: 38.9ms
[2026-01-16T08:59:47.922+0000][gc,phases   ] GC(569)   Merge Heap Roots: 3.8ms
[2026-01-16T08:59:47.923+0000][gc,phases   ] GC(569)   Evacuate Collection Set: 274.6ms
[2026-01-16T08:59:47.929+0000][gc,phases   ] GC(569)   Post Evacuate Collection Set: 23.9ms
[2026-01-16T08:59:47.930+0000][gc,phases   ] GC(569)   Other: 12.6ms
[2026-01-16T08:59:47.934+0000][gc,heap     ] GC(569) Eden regions: 48->0(49)
[2026-01-16T08:59:47.934+0000][gc,heap     ] GC(569) Survivor regions: 3->2(7)
[2026-01-16T08:59:47.937+0000][gc,heap     ] GC(569) Old regions: 192->192
[2026-01-16T08:59:47.937+0000][gc,heap     ] GC(569) Humongous regions: 69->69
[2026-01-16T08:59:47.938+0000][gc,metaspace] GC(569) Metaspace: 12646K(13120K)->12646K(13120K) NonClass: 11557K(11776K)->11557K(11776K) Class: 1088K(1344K)->1088K(1344K)
[2026-01-16T08:59:47.939+0000][gc          ] GC(569) Pause Young (Normal) (G1 Evacuation Pause) 311M->262M(1024M) 375.723ms
[2026-01-16T08:59:47.939+0000][gc,cpu      ] GC(569) User=0.26s Sys=0.02s Real=0.37s
[2026-01-16T08:59:50.399+0000][gc,start    ] GC(570) Pause Young (Normal) (G1 Evacuation Pause)
[2026-01-16T08:59:50.401+0000][gc,task     ] GC(570) Using 8 workers of 8 for evacuation
[2026-01-16T08:59:50.769+0000][gc,mmu      ] GC(570) MMU target violated: 201.0ms (200.0ms/201.0ms)
[2026-01-16T08:59:50.770+0000][gc,phases   ] GC(570)   Pre Evacuate Collection Set: 34.3ms
[2026-01-16T08:59:50.772+0000][gc,phases   ] GC(570)   Merge Heap Roots: 4.5ms
[2026-01-16T08:59:50.772+0000][gc,phases   ] GC(570)   Evacuate Collection Set: 272.2ms
[2026-01-16T08:59:50.773+0000][gc,phases   ] GC(570)   Post Evacuate Collection Set: 45.1ms
[2026-01-16T08:59:50.773+0000][gc,phases   ] GC(570)   Other: 13.9ms
[2026-01-16T08:59:50.773+0000][gc,heap     ] GC(570) Eden regions: 49->0(48)
[2026-01-16T08:59:50.773+0000][gc,heap     ] GC(570) Survivor regions: 2->3(7)
[2026-01-16T08:59:50.773+0000][gc,heap     ] GC(570) Old regions: 192->192
[2026-01-16T08:59:50.773+0000][gc,heap     ] GC(570) Humongous regions: 69->69
[2026-01-16T08:59:50.774+0000][gc,metaspace] GC(570) Metaspace: 12646K(13120K)->12646K(13120K) NonClass: 11557K(11776K)->11557K(11776K) Class: 1088K(1344K)->1088K(1344K)
[2026-01-16T08:59:50.775+0000][gc          ] GC(570) Pause Young (Normal) (G1 Evacuation Pause) 311M->263M(1024M) 375.955ms
[2026-01-16T08:59:50.776+0000][gc,cpu      ] GC(570) User=0.19s Sys=0.01s Real=0.38s
[2026-01-16T08:59:53.491+0000][gc,start    ] GC(571) Pause Young (Normal) (G1 Evacuation Pause)
[2026-01-16T08:59:53.505+0000][gc,task     ] GC(571) Using 8 workers of 8 for evacuation
[2026-01-16T08:59:54.182+0000][gc,mmu      ] GC(571) MMU target violated: 201.0ms (200.0ms/201.0ms)
[2026-01-16T08:59:54.186+0000][gc,phases   ] GC(571)   Pre Evacuate Collection Set: 48.5ms
[2026-01-16T08:59:54.189+0000][gc,phases   ] GC(571)   Merge Heap Roots: 3.3ms
[2026-01-16T08:59:54.190+0000][gc,phases   ] GC(571)   Evacuate Collection Set: 598.4ms
[2026-01-16T08:59:54.196+0000][gc,phases   ] GC(571)   Post Evacuate Collection Set: 25.2ms
[2026-01-16T08:59:54.197+0000][gc,phases   ] GC(571)   Other: 15.1ms
[2026-01-16T08:59:54.197+0000][gc,heap     ] GC(571) Eden regions: 48->0(48)
[2026-01-16T08:59:54.199+0000][gc,heap     ] GC(571) Survivor regions: 3->3(7)
[2026-01-16T08:59:54.199+0000][gc,heap     ] GC(571) Old regions: 192->192
[2026-01-16T08:59:54.200+0000][gc,heap     ] GC(571) Humongous regions: 69->69
[2026-01-16T08:59:54.201+0000][gc,metaspace] GC(571) Metaspace: 12646K(13120K)->12646K(13120K) NonClass: 11557K(11776K)->11557K(11776K) Class: 1088K(1344K)->1088K(1344K)
[2026-01-16T08:59:54.203+0000][gc          ] GC(571) Pause Young (Normal) (G1 Evacuation Pause) 311M->263M(1024M) 712.107ms
[2026-01-16T08:59:54.204+0000][gc,cpu      ] GC(571) User=0.27s Sys=0.01s Real=0.72s
[2026-01-16T08:59:56.369+0000][gc,start    ] GC(572) Pause Young (Normal) (G1 Evacuation Pause)
[2026-01-16T08:59:56.373+0000][gc,task     ] GC(572) Using 8 workers of 8 for evacuation
[2026-01-16T08:59:56.916+0000][gc,mmu      ] GC(572) MMU target violated: 201.0ms (200.0ms/201.0ms)
[2026-01-16T08:59:56.922+0000][gc,phases   ] GC(572)   Pre Evacuate Collection Set: 25.4ms
[2026-01-16T08:59:56.924+0000][gc,phases   ] GC(572)   Merge Heap Roots: 2.2ms
[2026-01-16T08:59:56.926+0000][gc,phases   ] GC(572)   Evacuate Collection Set: 508.0ms
[2026-01-16T08:59:56.926+0000][gc,phases   ] GC(572)   Post Evacuate Collection Set: 5.4ms
[2026-01-16T08:59:56.927+0000][gc,phases   ] GC(572)   Other: 8.2ms
[2026-01-16T08:59:56.932+0000][gc,heap     ] GC(572) Eden regions: 48->0(48)
[2026-01-16T08:59:56.933+0000][gc,heap     ] GC(572) Survivor regions: 3->3(7)
[2026-01-16T08:59:56.935+0000][gc,heap     ] GC(572) Old regions: 192->192
[2026-01-16T08:59:56.936+0000][gc,heap     ] GC(572) Humongous regions: 69->69
[2026-01-16T08:59:56.936+0000][gc,metaspace] GC(572) Metaspace: 12646K(13120K)->12646K(13120K) NonClass: 11557K(11776K)->11557K(11776K) Class: 1088K(1344K)->1088K(1344K)
[2026-01-16T08:59:56.937+0000][gc          ] GC(572) Pause Young (Normal) (G1 Evacuation Pause) 311M->263M(1024M) 578.492ms
[2026-01-16T08:59:56.943+0000][gc,cpu      ] GC(572) User=0.25s Sys=0.04s Real=0.60s
[2026-01-16T08:59:59.315+0000][gc,start    ] GC(573) Pause Young (Normal) (G1 Evacuation Pause)
[2026-01-16T08:59:59.318+0000][gc,task     ] GC(573) Using 8 workers of 8 for evacuation
[2026-01-16T08:59:59.717+0000][gc,mmu      ] GC(573) MMU target violated: 201.0ms (200.0ms/201.0ms)
[2026-01-16T08:59:59.718+0000][gc,phases   ] GC(573)   Pre Evacuate Collection Set: 22.7ms
[2026-01-16T08:59:59.720+0000][gc,phases   ] GC(573)   Merge Heap Roots: 5.3ms
[2026-01-16T08:59:59.720+0000][gc,phases   ] GC(573)   Evacuate Collection Set: 314.6ms
[2026-01-16T08:59:59.722+0000][gc,phases   ] GC(573)   Post Evacuate Collection Set: 55.7ms
[2026-01-16T08:59:59.723+0000][gc,phases   ] GC(573)   Other: 2.4ms
[2026-01-16T08:59:59.723+0000][gc,heap     ] GC(573) Eden regions: 48->0(49)
[2026-01-16T08:59:59.727+0000][gc,heap     ] GC(573) Survivor regions: 3->2(7)
[2026-01-16T08:59:59.728+0000][gc,heap     ] GC(573) Old regions: 192->193
[2026-01-16T08:59:59.730+0000][gc,heap     ] GC(573) Humongous regions: 69->69
[2026-01-16T08:59:59.730+0000][gc,metaspace] GC(573) Metaspace: 12646K(13120K)->12646K(13120K) NonClass: 11557K(11776K)->11557K(11776K) Class: 1088K(1344K)->1088K(1344K)
[2026-01-16T08:59:59.734+0000][gc          ] GC(573) Pause Young (Normal) (G1 Evacuation Pause) 311M->262M(1024M) 419.010ms
[2026-01-16T08:59:59.735+0000][gc,cpu      ] GC(573) User=0.14s Sys=0.01s Real=0.42s
[2026-01-16T09:00:03.725+0000][gc,start    ] GC(574) Pause Young (Normal) (G1 Evacuation Pause)
[2026-01-16T09:00:03.728+0000][gc,task     ] GC(574) Using 8 workers of 8 for evacuation
[2026-01-16T09:00:04.107+0000][gc,mmu      ] GC(574) MMU target violated: 201.0ms (200.0ms/201.0ms)
[2026-01-16T09:00:04.108+0000][gc,phases   ] GC(574)   Pre Evacuate Collection Set: 47.1ms
[2026-01-16T09:00:04.109+0000][gc,phases   ] GC(574)   Merge Heap Roots: 0.7ms
[2026-01-16T09:00:04.121+0000][gc,phases   ] GC(574)   Evacuate Collection Set: 270.0ms
[2026-01-16T09:00:04.121+0000][gc,phases   ] GC(574)   Post Evacuate Collection Set: 32.6ms
[2026-01-16T09:00:04.121+0000][gc,phases   ] GC(574)   Other: 30.4ms
[2026-01-16T09:00:04.122+0000][gc,heap     ] GC(574) Eden regions: 49->0(49)
[2026-01-16T09:00:04.122+0000][gc,heap     ] GC(574) Survivor regions: 2->2(7)
[2026-01-16T09:00:04.122+0000][gc,heap     ] GC(574) Old regions: 193->193
[2026-01-16T09:00:04.129+0000][gc,heap     ] GC(574) Humongous regions: 69->69
[2026-01-16T09:00:04.130+0000][gc,metaspace] GC(574) Metaspace: 12646K(13120K)->12646K(13120K) NonClass: 11557K(11776K)->11557K(11776K) Class: 1088K(1344K)->1088K(1344K)
[2026-01-16T09:00:04.134+0000][gc          ] GC(574) Pause Young (Normal) (G1 Evacuation Pause) 311M->262M(1024M) 402.694ms
[2026-01-16T09:00:04.134+0000][gc,cpu      ] GC(574) User=0.20s Sys=0.01s Real=0.40s
[2026-01-16T09:00:05.310+0000][gc,start    ] GC(575) Pause Young (Normal) (G1 Evacuation Pause)
[2026-01-16T09:00:05.311+0000][gc,task     ] GC(575) Using 8 workers of 8 for evacuation
[2026-01-16T09:00:05.536+0000][gc,mmu      ] GC(575) MMU target violated: 201.0ms (200.0ms/201.0ms)
[2026-01-16T09:00:05.539+0000][gc,phases   ] GC(575)   Pre Evacuate Collection Set: 20.9ms
[2026-01-16T09:00:05.540+0000][gc,phases   ] GC(575)   Merge Heap Roots: 5.9ms
[2026-01-16T09:00:05.545+0000][gc,phases   ] GC(575)   Evacuate Collection Set: 165.1ms
[2026-01-16T09:00:05.546+0000][gc,phases   ] GC(575)   Post Evacuate Collection Set: 32.4ms
[2026-01-16T09:00:05.546+0000][gc,phases   ] GC(575)   Other: 4.3ms
[2026-01-16T09:00:05.547+0000][gc,heap     ] GC(575) Eden regions: 49->0(50)
[2026-01-16T09:00:05.547+0000][gc,heap     ] GC(575) Survivor regions: 2->1(7)
[2026-01-16T09:00:05.547+0000][gc,heap     ] GC(575) Old regions: 193->193
[2026-01-16T09:00:05.547+0000][gc,heap     ] GC(575) Humongous regions: 69->69
[2026-01-16T09:00:05.548+0000][gc,metaspace] GC(575) Metaspace: 12646K(13120K)->12646K(13120K) NonClass: 11557K(11776K)->11557K(11776K) Class: 1088K(1344K)->1088K(1344K)
[2026-01-16T09:00:05.549+0000][gc          ] GC(575) Pause Young (Normal) (G1 Evacuation Pause) 311M->261M(1024M) 239.203ms
[2026-01-16T09:00:05.551+0000][gc,cpu      ] GC(575) User=0.10s Sys=0.00s Real=0.24s
[2026-01-16T09:00:07.817+0000][gc,start    ] GC(576) Pause Young (Normal) (G1 Evacuation Pause)
[2026-01-16T09:00:07.819+0000][gc,task     ] GC(576) Using 8 workers of 8 for evacuation
[2026-01-16T09:00:08.086+0000][gc,mmu      ] GC(576) MMU target violated: 201.0ms (200.0ms/201.0ms)
[2026-01-16T09:00:08.087+0000][gc,phases   ] GC(576)   Pre Evacuate Collection Set: 18.0ms
[2026-01-16T09:00:08.088+0000][gc,phases   ] GC(576)   Merge Heap Roots: 1.0ms
[2026-01-16T09:00:08.090+0000][gc,phases   ] GC(576)   Evacuate Collection Set: 221.7ms
[2026-01-16T09:00:08.091+0000][gc,phases   ] GC(576)   Post Evacuate Collection Set: 24.6ms
[2026-01-16T09:00:08.092+0000][gc,phases   ] GC(576)   Other: 3.2ms
[2026-01-16T09:00:08.092+0000][gc,heap     ] GC(576) Eden regions: 50->0(49)
[2026-01-16T09:00:08.094+0000][gc,heap     ] GC(576) Survivor regions: 1->2(7)
[2026-01-16T09:00:08.094+0000][gc,heap     ] GC(576) Old regions: 193->193
[2026-01-16T09:00:08.094+0000][gc,heap     ] GC(576) Humongous regions: 69->69
[2026-01-16T09:00:08.094+0000][gc,metaspace] GC(576) Metaspace: 12646K(13120K)->12646K(13120K) NonClass: 11557K(11776K)->11557K(11776K) Class: 1088K(1344K)->1088K(1344K)
[2026-01-16T09:00:08.094+0000][gc          ] GC(576) Pause Young (Normal) (G1 Evacuation Pause) 311M->262M(1024M) 276.591ms
[2026-01-16T09:00:08.094+0000][gc,cpu      ] GC(576) User=0.13s Sys=0.03s Real=0.28s
[2026-01-16T09:00:12.832+0000][gc,start    ] GC(577) Pause Young (Normal) (G1 Evacuation Pause)
[2026-01-16T09:00:12.837+0000][gc,task     ] GC(577) Using 8 workers of 8 for evacuation
[2026-01-16T09:00:13.199+0000][gc,mmu      ] GC(577) MMU target violated: 201.0ms (200.0ms/201.0ms)
[2026-01-16T09:00:13.199+0000][gc,phases   ] GC(577)   Pre Evacuate Collection Set: 50.0ms
[2026-01-16T09:00:13.200+0000][gc,phases   ] GC(577)   Merge Heap Roots: 7.9ms
[2026-01-16T09:00:13.200+0000][gc,phases   ] GC(577)   Evacuate Collection Set: 287.5ms
[2026-01-16T09:00:13.202+0000][gc,phases   ] GC(577)   Post Evacuate Collection Set: 9.0ms
[2026-01-16T09:00:13.202+0000][gc,phases   ] GC(577)   Other: 8.0ms
[2026-01-16T09:00:13.203+0000][gc,heap     ] GC(577) Eden regions: 49->0(50)
[2026-01-16T09:00:13.203+0000][gc,heap     ] GC(577) Survivor regions: 2->1(7)
[2026-01-16T09:00:13.204+0000][gc,heap     ] GC(577) Old regions: 193->193
[2026-01-16T09:00:13.204+0000][gc,heap     ] GC(577) Humongous regions: 69->69
[2026-01-16T09:00:13.205+0000][gc,metaspace] GC(577) Metaspace: 12646K(13120K)->12646K(13120K) NonClass: 11557K(11776K)->11557K(11776K) Class: 1088K(1344K)->1088K(1344K)
[2026-01-16T09:00:13.205+0000][gc          ] GC(577) Pause Young (Normal) (G1 Evacuation Pause) 311M->261M(1024M) 373.636ms
[2026-01-16T09:00:13.205+0000][gc,cpu      ] GC(577) User=0.12s Sys=0.02s Real=0.37s
[2026-01-16T09:00:15.350+0000][gc,start    ] GC(578) Pause Young (Normal) (G1 Evacuation Pause)
[2026-01-16T09:00:15.352+0000][gc,task     ] GC(578) Using 8 workers of 8 for evacuation
[2026-01-16T09:00:15.730+0000][gc,mmu      ] GC(578) MMU target violated: 201.0ms (200.0ms/201.0ms)
[2026-01-16T09:00:15.733+0000][gc,phases   ] GC(578)   Pre Evacuate Collection Set: 6.6ms
[2026-01-16T09:00:15.735+0000][gc,phases   ] GC(578)   Merge Heap Roots: 0.5ms
[2026-01-16T09:00:15.736+0000][gc,phases   ] GC(578)   Evacuate Collection Set: 362.0ms
[2026-01-16T09:00:15.738+0000][gc,phases   ] GC(578)   Post Evacuate Collection Set: 9.0ms
[2026-01-16T09:00:15.738+0000][gc,phases   ] GC(578)   Other: 3.0ms
[2026-01-16T09:00:15.739+0000][gc,heap     ] GC(578) Eden regions: 50->0(49)
[2026-01-16T09:00:15.739+0000][gc,heap     ] GC(578) Survivor regions: 1->2(7)
[2026-01-16T09:00:15.740+0000][gc,heap     ] GC(578) Old regions: 193->193
[2026-01-16T09:00:15.740+0000][gc,heap     ] GC(578) Humongous regions: 69->69
[2026-01-16T09:00:15.740+0000][gc,metaspace] GC(578) Metaspace: 12646K(13120K)->12646K(13120K) NonClass: 11557K(11776K)->11557K(11776K) Class: 1088K(1344K)->1088K(1344K)
[2026-01-16T09:00:15.741+0000][gc          ] GC(578) Pause Young (Normal) (G1 Evacuation Pause) 311M->262M(1024M) 390.552ms
[2026-01-16T09:00:15.741+0000][gc,cpu      ] GC(578) User=0.10s Sys=0.00s Real=0.39s
[2026-01-16T09:00:22.840+0000][gc,start    ] GC(579) Pause Young (Normal) (G1 Evacuation Pause)
[2026-01-16T09:00:22.849+0000][gc,task     ] GC(579) Using 8 workers of 8 for evacuation
[2026-01-16T09:00:24.149+0000][gc,mmu      ] GC(579) MMU target violated: 201.0ms (200.0ms/201.0ms)
[2026-01-16T09:00:24.150+0000][gc,phases   ] GC(579)   Pre Evacuate Collection Set: 115.1ms
[2026-01-16T09:00:24.159+0000][gc,phases   ] GC(579)   Merge Heap Roots: 10.1ms
[2026-01-16T09:00:24.161+0000][gc,phases   ] GC(579)   Evacuate Collection Set: 813.2ms
[2026-01-16T09:00:24.162+0000][gc,phases   ] GC(579)   Post Evacuate Collection Set: 350.7ms
[2026-01-16T09:00:24.163+0000][gc,phases   ] GC(579)   Other: 12.5ms
[2026-01-16T09:00:24.168+0000][gc,heap     ] GC(579) Eden regions: 49->0(50)
[2026-01-16T09:00:24.170+0000][gc,heap     ] GC(579) Survivor regions: 2->1(7)
[2026-01-16T09:00:24.174+0000][gc,heap     ] GC(579) Old regions: 193->193
[2026-01-16T09:00:24.176+0000][gc,heap     ] GC(579) Humongous regions: 69->69
[2026-01-16T09:00:24.178+0000][gc,metaspace] GC(579) Metaspace: 12646K(13120K)->12646K(13120K) NonClass: 11557K(11776K)->11557K(11776K) Class: 1088K(1344K)->1088K(1344K)
[2026-01-16T09:00:24.182+0000][gc          ] GC(579) Pause Young (Normal) (G1 Evacuation Pause) 311M->261M(1024M) 1341.739ms
[2026-01-16T09:00:24.183+0000][gc,cpu      ] GC(579) User=0.39s Sys=0.04s Real=1.34s
[2026-01-16T09:00:28.898+0000][gc,start    ] GC(580) Pause Young (Normal) (G1 Evacuation Pause)
[2026-01-16T09:00:28.929+0000][gc,task     ] GC(580) Using 8 workers of 8 for evacuation
[2026-01-16T09:00:29.124+0000][gc,phases   ] GC(580)   Pre Evacuate Collection Set: 18.7ms
[2026-01-16T09:00:29.130+0000][gc,phases   ] GC(580)   Merge Heap Roots: 4.4ms
[2026-01-16T09:00:29.134+0000][gc,phases   ] GC(580)   Evacuate Collection Set: 164.4ms
[2026-01-16T09:00:29.136+0000][gc,phases   ] GC(580)   Post Evacuate Collection Set: 5.3ms
[2026-01-16T09:00:29.137+0000][gc,phases   ] GC(580)   Other: 1.2ms
[2026-01-16T09:00:29.139+0000][gc,heap     ] GC(580) Eden regions: 50->0(49)
[2026-01-16T09:00:29.140+0000][gc,heap     ] GC(580) Survivor regions: 1->2(7)
[2026-01-16T09:00:29.143+0000][gc,heap     ] GC(580) Old regions: 193->193
[2026-01-16T09:00:29.144+0000][gc,heap     ] GC(580) Humongous regions: 69->69
[2026-01-16T09:00:29.145+0000][gc,metaspace] GC(580) Metaspace: 12646K(13120K)->12646K(13120K) NonClass: 11557K(11776K)->11557K(11776K) Class: 1088K(1344K)->1088K(1344K)
[2026-01-16T09:00:29.147+0000][gc          ] GC(580) Pause Young (Normal) (G1 Evacuation Pause) 311M->262M(1024M) 249.191ms
[2026-01-16T09:00:29.148+0000][gc,cpu      ] GC(580) User=0.13s Sys=0.04s Real=0.27s
[2026-01-16T09:00:32.986+0000][gc,start    ] GC(581) Pause Young (Normal) (G1 Evacuation Pause)
[2026-01-16T09:00:33.028+0000][gc,task     ] GC(581) Using 8 workers of 8 for evacuation
[2026-01-16T09:00:33.693+0000][gc,mmu      ] GC(581) MMU target violated: 201.0ms (200.0ms/201.0ms)
[2026-01-16T09:00:33.699+0000][gc,phases   ] GC(581)   Pre Evacuate Collection Set: 120.2ms
[2026-01-16T09:00:33.701+0000][gc,phases   ] GC(581)   Merge Heap Roots: 0.6ms
[2026-01-16T09:00:33.704+0000][gc,phases   ] GC(581)   Evacuate Collection Set: 485.2ms
[2026-01-16T09:00:33.705+0000][gc,phases   ] GC(581)   Post Evacuate Collection Set: 50.7ms
[2026-01-16T09:00:33.710+0000][gc,phases   ] GC(581)   Other: 15.0ms
[2026-01-16T09:00:33.711+0000][gc,heap     ] GC(581) Eden regions: 49->0(49)
[2026-01-16T09:00:33.714+0000][gc,heap     ] GC(581) Survivor regions: 2->2(7)
[2026-01-16T09:00:33.714+0000][gc,heap     ] GC(581) Old regions: 193->193
[2026-01-16T09:00:33.716+0000][gc,heap     ] GC(581) Humongous regions: 69->69
[2026-01-16T09:00:33.719+0000][gc,metaspace] GC(581) Metaspace: 12646K(13120K)->12646K(13120K) NonClass: 11557K(11776K)->11557K(11776K) Class: 1088K(1344K)->1088K(1344K)
[2026-01-16T09:00:33.732+0000][gc          ] GC(581) Pause Young (Normal) (G1 Evacuation Pause) 311M->262M(1024M) 746.235ms
[2026-01-16T09:00:33.736+0000][gc,cpu      ] GC(581) User=0.37s Sys=0.03s Real=0.75s
[2026-01-16T09:00:36.312+0000][gc,start    ] GC(582) Pause Young (Normal) (G1 Evacuation Pause)
[2026-01-16T09:00:36.314+0000][gc,task     ] GC(582) Using 8 workers of 8 for evacuation
[2026-01-16T09:00:36.725+0000][gc,mmu      ] GC(582) MMU target violated: 201.0ms (200.0ms/201.0ms)
[2026-01-16T09:00:36.726+0000][gc,phases   ] GC(582)   Pre Evacuate Collection Set: 23.6ms
[2026-01-16T09:00:36.727+0000][gc,phases   ] GC(582)   Merge Heap Roots: 5.5ms
[2026-01-16T09:00:36.730+0000][gc,phases   ] GC(582)   Evacuate Collection Set: 344.9ms
[2026-01-16T09:00:36.731+0000][gc,phases   ] GC(582)   Post Evacuate Collection Set: 33.8ms
[2026-01-16T09:00:36.732+0000][gc,phases   ] GC(582)   Other: 5.4ms
[2026-01-16T09:00:36.733+0000][gc,heap     ] GC(582) Eden regions: 49->0(49)
[2026-01-16T09:00:36.736+0000][gc,heap     ] GC(582) Survivor regions: 2->2(7)
[2026-01-16T09:00:36.737+0000][gc,heap     ] GC(582) Old regions: 193->193
[2026-01-16T09:00:36.738+0000][gc,heap     ] GC(582) Humongous regions: 69->69
[2026-01-16T09:00:36.739+0000][gc,metaspace] GC(582) Metaspace: 12646K(13120K)->12646K(13120K) NonClass: 11557K(11776K)->11557K(11776K) Class: 1088K(1344K)->1088K(1344K)
[2026-01-16T09:00:36.739+0000][gc          ] GC(582) Pause Young (Normal) (G1 Evacuation Pause) 311M->262M(1024M) 428.555ms
[2026-01-16T09:00:36.740+0000][gc,cpu      ] GC(582) User=0.17s Sys=0.01s Real=0.43s
[2026-01-16T09:00:41.580+0000][gc,start    ] GC(583) Pause Young (Normal) (G1 Evacuation Pause)
[2026-01-16T09:00:41.581+0000][gc,task     ] GC(583) Using 8 workers of 8 for evacuation
[2026-01-16T09:00:42.525+0000][gc,mmu      ] GC(583) MMU target violated: 201.0ms (200.0ms/201.0ms)
[2026-01-16T09:00:42.527+0000][gc,phases   ] GC(583)   Pre Evacuate Collection Set: 160.5ms
[2026-01-16T09:00:42.528+0000][gc,phases   ] GC(583)   Merge Heap Roots: 14.7ms
[2026-01-16T09:00:42.528+0000][gc,phases   ] GC(583)   Evacuate Collection Set: 682.4ms
[2026-01-16T09:00:42.528+0000][gc,phases   ] GC(583)   Post Evacuate Collection Set: 79.6ms
[2026-01-16T09:00:42.530+0000][gc,phases   ] GC(583)   Other: 9.3ms
[2026-01-16T09:00:42.531+0000][gc,heap     ] GC(583) Eden regions: 49->0(49)
[2026-01-16T09:00:42.532+0000][gc,heap     ] GC(583) Survivor regions: 2->2(7)
[2026-01-16T09:00:42.532+0000][gc,heap     ] GC(583) Old regions: 193->193
[2026-01-16T09:00:42.532+0000][gc,heap     ] GC(583) Humongous regions: 69->69
[2026-01-16T09:00:42.533+0000][gc,metaspace] GC(583) Metaspace: 12646K(13120K)->12646K(13120K) NonClass: 11557K(11776K)->11557K(11776K) Class: 1088K(1344K)->1088K(1344K)
[2026-01-16T09:00:42.533+0000][gc          ] GC(583) Pause Young (Normal) (G1 Evacuation Pause) 311M->262M(1024M) 953.839ms
[2026-01-16T09:00:42.537+0000][gc,cpu      ] GC(583) User=0.46s Sys=0.03s Real=0.96s
[2026-01-16T09:00:48.560+0000][gc,start    ] GC(584) Pause Young (Normal) (G1 Evacuation Pause)
[2026-01-16T09:00:48.562+0000][gc,task     ] GC(584) Using 8 workers of 8 for evacuation
[2026-01-16T09:00:48.863+0000][gc,mmu      ] GC(584) MMU target violated: 201.0ms (200.0ms/201.0ms)
[2026-01-16T09:00:48.863+0000][gc,phases   ] GC(584)   Pre Evacuate Collection Set: 49.2ms
[2026-01-16T09:00:48.863+0000][gc,phases   ] GC(584)   Merge Heap Roots: 4.0ms
[2026-01-16T09:00:48.863+0000][gc,phases   ] GC(584)   Evacuate Collection Set: 238.7ms
[2026-01-16T09:00:48.863+0000][gc,phases   ] GC(584)   Post Evacuate Collection Set: 6.6ms
[2026-01-16T09:00:48.863+0000][gc,phases   ] GC(584)   Other: 3.0ms
[2026-01-16T09:00:48.863+0000][gc,heap     ] GC(584) Eden regions: 49->0(50)
[2026-01-16T09:00:48.863+0000][gc,heap     ] GC(584) Survivor regions: 2->1(7)
[2026-01-16T09:00:48.863+0000][gc,heap     ] GC(584) Old regions: 193->193
[2026-01-16T09:00:48.863+0000][gc,heap     ] GC(584) Humongous regions: 69->69
[2026-01-16T09:00:48.863+0000][gc,metaspace] GC(584) Metaspace: 12646K(13120K)->12646K(13120K) NonClass: 11557K(11776K)->11557K(11776K) Class: 1088K(1344K)->1088K(1344K)
[2026-01-16T09:00:48.863+0000][gc          ] GC(584) Pause Young (Normal) (G1 Evacuation Pause) 311M->262M(1024M) 303.888ms
[2026-01-16T09:00:48.864+0000][gc,cpu      ] GC(584) User=0.20s Sys=0.02s Real=0.30s
[2026-01-16T09:00:53.660+0000][gc,start    ] GC(585) Pause Young (Normal) (G1 Evacuation Pause)
[2026-01-16T09:00:53.663+0000][gc,task     ] GC(585) Using 8 workers of 8 for evacuation
[2026-01-16T09:00:54.327+0000][gc,mmu      ] GC(585) MMU target violated: 201.0ms (200.0ms/201.0ms)
[2026-01-16T09:00:54.330+0000][gc,phases   ] GC(585)   Pre Evacuate Collection Set: 57.4ms
[2026-01-16T09:00:54.334+0000][gc,phases   ] GC(585)   Merge Heap Roots: 12.3ms
[2026-01-16T09:00:54.336+0000][gc,phases   ] GC(585)   Evacuate Collection Set: 557.4ms
[2026-01-16T09:00:54.339+0000][gc,phases   ] GC(585)   Post Evacuate Collection Set: 25.9ms
[2026-01-16T09:00:54.340+0000][gc,phases   ] GC(585)   Other: 13.7ms
[2026-01-16T09:00:54.342+0000][gc,heap     ] GC(585) Eden regions: 50->0(49)
[2026-01-16T09:00:54.344+0000][gc,heap     ] GC(585) Survivor regions: 1->2(7)
[2026-01-16T09:00:54.345+0000][gc,heap     ] GC(585) Old regions: 193->193
[2026-01-16T09:00:54.346+0000][gc,heap     ] GC(585) Humongous regions: 69->69
[2026-01-16T09:00:54.346+0000][gc,metaspace] GC(585) Metaspace: 12646K(13120K)->12646K(13120K) NonClass: 11557K(11776K)->11557K(11776K) Class: 1088K(1344K)->1088K(1344K)
[2026-01-16T09:00:54.347+0000][gc          ] GC(585) Pause Young (Normal) (G1 Evacuation Pause) 312M->262M(1024M) 687.275ms
[2026-01-16T09:00:54.347+0000][gc,cpu      ] GC(585) User=0.33s Sys=0.02s Real=0.71s
[2026-01-16T09:00:59.357+0000][gc,start    ] GC(586) Pause Young (Normal) (G1 Evacuation Pause)
[2026-01-16T09:00:59.363+0000][gc,task     ] GC(586) Using 8 workers of 8 for evacuation
[2026-01-16T09:00:59.933+0000][gc,mmu      ] GC(586) MMU target violated: 201.0ms (200.0ms/201.0ms)
[2026-01-16T09:00:59.933+0000][gc,phases   ] GC(586)   Pre Evacuate Collection Set: 65.4ms
[2026-01-16T09:00:59.933+0000][gc,phases   ] GC(586)   Merge Heap Roots: 14.8ms
[2026-01-16T09:00:59.933+0000][gc,phases   ] GC(586)   Evacuate Collection Set: 476.6ms
[2026-01-16T09:00:59.935+0000][gc,phases   ] GC(586)   Post Evacuate Collection Set: 11.9ms
[2026-01-16T09:00:59.935+0000][gc,phases   ] GC(586)   Other: 1.3ms
[2026-01-16T09:00:59.936+0000][gc,heap     ] GC(586) Eden regions: 49->0(48)
[2026-01-16T09:00:59.936+0000][gc,heap     ] GC(586) Survivor regions: 2->3(7)
[2026-01-16T09:00:59.937+0000][gc,heap     ] GC(586) Old regions: 193->193
[2026-01-16T09:00:59.940+0000][gc,heap     ] GC(586) Humongous regions: 69->69
[2026-01-16T09:00:59.942+0000][gc,metaspace] GC(586) Metaspace: 12646K(13120K)->12646K(13120K) NonClass: 11557K(11776K)->11557K(11776K) Class: 1088K(1344K)->1088K(1344K)
[2026-01-16T09:00:59.945+0000][gc          ] GC(586) Pause Young (Normal) (G1 Evacuation Pause) 311M->263M(1024M) 590.610ms
[2026-01-16T09:00:59.946+0000][gc,cpu      ] GC(586) User=0.32s Sys=0.02s Real=0.60s
[2026-01-16T09:01:02.791+0000][gc,start    ] GC(587) Pause Young (Normal) (G1 Evacuation Pause)
[2026-01-16T09:01:02.800+0000][gc,task     ] GC(587) Using 8 workers of 8 for evacuation
[2026-01-16T09:01:03.800+0000][gc,mmu      ] GC(587) MMU target violated: 201.0ms (200.0ms/201.0ms)
[2026-01-16T09:01:03.802+0000][gc,phases   ] GC(587)   Pre Evacuate Collection Set: 87.7ms
[2026-01-16T09:01:03.804+0000][gc,phases   ] GC(587)   Merge Heap Roots: 9.3ms
[2026-01-16T09:01:03.805+0000][gc,phases   ] GC(587)   Evacuate Collection Set: 806.7ms
[2026-01-16T09:01:03.808+0000][gc,phases   ] GC(587)   Post Evacuate Collection Set: 94.6ms
[2026-01-16T09:01:03.811+0000][gc,phases   ] GC(587)   Other: 4.5ms
[2026-01-16T09:01:03.812+0000][gc,heap     ] GC(587) Eden regions: 48->0(48)
[2026-01-16T09:01:03.813+0000][gc,heap     ] GC(587) Survivor regions: 3->3(7)
[2026-01-16T09:01:03.820+0000][gc,heap     ] GC(587) Old regions: 193->193
[2026-01-16T09:01:03.822+0000][gc,heap     ] GC(587) Humongous regions: 69->69
[2026-01-16T09:01:03.823+0000][gc,metaspace] GC(587) Metaspace: 12646K(13120K)->12646K(13120K) NonClass: 11557K(11776K)->11557K(11776K) Class: 1088K(1344K)->1088K(1344K)
[2026-01-16T09:01:03.842+0000][gc          ] GC(587) Pause Young (Normal) (G1 Evacuation Pause) 311M->263M(1024M) 1052.088ms
[2026-01-16T09:01:03.849+0000][gc,cpu      ] GC(587) User=0.45s Sys=0.03s Real=1.06s
[2026-01-16T09:01:08.623+0000][gc,start    ] GC(588) Pause Young (Normal) (G1 Evacuation Pause)
[2026-01-16T09:01:08.624+0000][gc,task     ] GC(588) Using 8 workers of 8 for evacuation
[2026-01-16T09:01:08.864+0000][gc,mmu      ] GC(588) MMU target violated: 201.0ms (200.0ms/201.0ms)
[2026-01-16T09:01:08.867+0000][gc,phases   ] GC(588)   Pre Evacuate Collection Set: 18.4ms
[2026-01-16T09:01:08.873+0000][gc,phases   ] GC(588)   Merge Heap Roots: 8.1ms
[2026-01-16T09:01:08.874+0000][gc,phases   ] GC(588)   Evacuate Collection Set: 183.9ms
[2026-01-16T09:01:08.874+0000][gc,phases   ] GC(588)   Post Evacuate Collection Set: 27.5ms
[2026-01-16T09:01:08.874+0000][gc,phases   ] GC(588)   Other: 5.3ms
[2026-01-16T09:01:08.874+0000][gc,heap     ] GC(588) Eden regions: 48->0(49)
[2026-01-16T09:01:08.874+0000][gc,heap     ] GC(588) Survivor regions: 3->2(7)
[2026-01-16T09:01:08.875+0000][gc,heap     ] GC(588) Old regions: 193->193
[2026-01-16T09:01:08.875+0000][gc,heap     ] GC(588) Humongous regions: 69->69
[2026-01-16T09:01:08.875+0000][gc,metaspace] GC(588) Metaspace: 12646K(13120K)->12646K(13120K) NonClass: 11557K(11776K)->11557K(11776K) Class: 1088K(1344K)->1088K(1344K)
[2026-01-16T09:01:08.876+0000][gc          ] GC(588) Pause Young (Normal) (G1 Evacuation Pause) 311M->263M(1024M) 253.657ms
[2026-01-16T09:01:08.878+0000][gc,cpu      ] GC(588) User=0.19s Sys=0.01s Real=0.25s
[2026-01-16T09:01:13.965+0000][gc,start    ] GC(589) Pause Young (Normal) (G1 Evacuation Pause)
[2026-01-16T09:01:13.974+0000][gc,task     ] GC(589) Using 8 workers of 8 for evacuation
[2026-01-16T09:01:14.389+0000][gc,mmu      ] GC(589) MMU target violated: 201.0ms (200.0ms/201.0ms)
[2026-01-16T09:01:14.392+0000][gc,phases   ] GC(589)   Pre Evacuate Collection Set: 61.1ms
[2026-01-16T09:01:14.395+0000][gc,phases   ] GC(589)   Merge Heap Roots: 10.4ms
[2026-01-16T09:01:14.396+0000][gc,phases   ] GC(589)   Evacuate Collection Set: 310.7ms
[2026-01-16T09:01:14.396+0000][gc,phases   ] GC(589)   Post Evacuate Collection Set: 31.2ms
[2026-01-16T09:01:14.397+0000][gc,phases   ] GC(589)   Other: 5.1ms
[2026-01-16T09:01:14.397+0000][gc,heap     ] GC(589) Eden regions: 49->0(49)
[2026-01-16T09:01:14.398+0000][gc,heap     ] GC(589) Survivor regions: 2->2(7)
[2026-01-16T09:01:14.398+0000][gc,heap     ] GC(589) Old regions: 193->193
[2026-01-16T09:01:14.399+0000][gc,heap     ] GC(589) Humongous regions: 69->69
[2026-01-16T09:01:14.399+0000][gc,metaspace] GC(589) Metaspace: 12653K(13120K)->12653K(13120K) NonClass: 11565K(11776K)->11565K(11776K) Class: 1088K(1344K)->1088K(1344K)
[2026-01-16T09:01:14.400+0000][gc          ] GC(589) Pause Young (Normal) (G1 Evacuation Pause) 312M->262M(1024M) 434.786ms
[2026-01-16T09:01:14.400+0000][gc,cpu      ] GC(589) User=0.27s Sys=0.03s Real=0.43s
[2026-01-16T09:01:18.197+0000][gc,start    ] GC(590) Pause Young (Normal) (G1 Evacuation Pause)
[2026-01-16T09:01:18.228+0000][gc,task     ] GC(590) Using 8 workers of 8 for evacuation
[2026-01-16T09:01:18.891+0000][gc,mmu      ] GC(590) MMU target violated: 201.0ms (200.0ms/201.0ms)
[2026-01-16T09:01:18.893+0000][gc,phases   ] GC(590)   Pre Evacuate Collection Set: 64.8ms
[2026-01-16T09:01:18.895+0000][gc,phases   ] GC(590)   Merge Heap Roots: 26.6ms
[2026-01-16T09:01:18.895+0000][gc,phases   ] GC(590)   Evacuate Collection Set: 521.6ms
[2026-01-16T09:01:18.896+0000][gc,phases   ] GC(590)   Post Evacuate Collection Set: 35.6ms
[2026-01-16T09:01:18.897+0000][gc,phases   ] GC(590)   Other: 17.9ms
[2026-01-16T09:01:18.897+0000][gc,heap     ] GC(590) Eden regions: 49->0(49)
[2026-01-16T09:01:18.898+0000][gc,heap     ] GC(590) Survivor regions: 2->2(7)
[2026-01-16T09:01:18.898+0000][gc,heap     ] GC(590) Old regions: 193->193
[2026-01-16T09:01:18.898+0000][gc,heap     ] GC(590) Humongous regions: 69->69
[2026-01-16T09:01:18.902+0000][gc,metaspace] GC(590) Metaspace: 12653K(13120K)->12653K(13120K) NonClass: 11565K(11776K)->11565K(11776K) Class: 1088K(1344K)->1088K(1344K)
[2026-01-16T09:01:18.906+0000][gc          ] GC(590) Pause Young (Normal) (G1 Evacuation Pause) 311M->263M(1024M) 708.375ms
[2026-01-16T09:01:18.909+0000][gc,cpu      ] GC(590) User=0.34s Sys=0.03s Real=0.72s
[2026-01-16T09:01:21.305+0000][gc,start    ] GC(591) Pause Young (Normal) (G1 Evacuation Pause)
[2026-01-16T09:01:21.309+0000][gc,task     ] GC(591) Using 8 workers of 8 for evacuation
[2026-01-16T09:01:21.643+0000][gc,mmu      ] GC(591) MMU target violated: 201.0ms (200.0ms/201.0ms)
[2026-01-16T09:01:21.644+0000][gc,phases   ] GC(591)   Pre Evacuate Collection Set: 65.5ms
[2026-01-16T09:01:21.645+0000][gc,phases   ] GC(591)   Merge Heap Roots: 3.5ms
[2026-01-16T09:01:21.645+0000][gc,phases   ] GC(591)   Evacuate Collection Set: 254.2ms
[2026-01-16T09:01:21.646+0000][gc,phases   ] GC(591)   Post Evacuate Collection Set: 7.7ms
[2026-01-16T09:01:21.647+0000][gc,phases   ] GC(591)   Other: 4.7ms
[2026-01-16T09:01:21.648+0000][gc,heap     ] GC(591) Eden regions: 49->0(50)
[2026-01-16T09:01:21.648+0000][gc,heap     ] GC(591) Survivor regions: 2->1(7)
[2026-01-16T09:01:21.648+0000][gc,heap     ] GC(591) Old regions: 193->193
[2026-01-16T09:01:21.649+0000][gc,heap     ] GC(591) Humongous regions: 69->69
[2026-01-16T09:01:21.649+0000][gc,metaspace] GC(591) Metaspace: 12653K(13120K)->12653K(13120K) NonClass: 11565K(11776K)->11565K(11776K) Class: 1088K(1344K)->1088K(1344K)
[2026-01-16T09:01:21.650+0000][gc          ] GC(591) Pause Young (Normal) (G1 Evacuation Pause) 312M->262M(1024M) 344.184ms
[2026-01-16T09:01:21.650+0000][gc,cpu      ] GC(591) User=0.11s Sys=0.01s Real=0.34s
[2026-01-16T09:01:23.718+0000][gc,start    ] GC(592) Pause Young (Normal) (G1 Evacuation Pause)
[2026-01-16T09:01:23.726+0000][gc,task     ] GC(592) Using 8 workers of 8 for evacuation
[2026-01-16T09:01:23.956+0000][gc,mmu      ] GC(592) MMU target violated: 201.0ms (200.0ms/201.0ms)
[2026-01-16T09:01:23.959+0000][gc,phases   ] GC(592)   Pre Evacuate Collection Set: 28.4ms
[2026-01-16T09:01:23.959+0000][gc,phases   ] GC(592)   Merge Heap Roots: 4.5ms
[2026-01-16T09:01:23.959+0000][gc,phases   ] GC(592)   Evacuate Collection Set: 190.9ms
[2026-01-16T09:01:23.960+0000][gc,phases   ] GC(592)   Post Evacuate Collection Set: 5.4ms
[2026-01-16T09:01:23.960+0000][gc,phases   ] GC(592)   Other: 4.1ms
[2026-01-16T09:01:23.960+0000][gc,heap     ] GC(592) Eden regions: 50->0(49)
[2026-01-16T09:01:23.960+0000][gc,heap     ] GC(592) Survivor regions: 1->2(7)
[2026-01-16T09:01:23.960+0000][gc,heap     ] GC(592) Old regions: 193->193
[2026-01-16T09:01:23.961+0000][gc,heap     ] GC(592) Humongous regions: 69->69
[2026-01-16T09:01:23.961+0000][gc,metaspace] GC(592) Metaspace: 12653K(13120K)->12653K(13120K) NonClass: 11565K(11776K)->11565K(11776K) Class: 1088K(1344K)->1088K(1344K)
[2026-01-16T09:01:23.962+0000][gc          ] GC(592) Pause Young (Normal) (G1 Evacuation Pause) 312M->262M(1024M) 244.375ms
[2026-01-16T09:01:23.964+0000][gc,cpu      ] GC(592) User=0.10s Sys=0.00s Real=0.25s
[2026-01-16T09:01:25.502+0000][gc,start    ] GC(593) Pause Young (Normal) (G1 Evacuation Pause)
[2026-01-16T09:01:25.502+0000][gc,task     ] GC(593) Using 8 workers of 8 for evacuation
[2026-01-16T09:01:25.714+0000][gc,mmu      ] GC(593) MMU target violated: 201.0ms (200.0ms/201.0ms)
[2026-01-16T09:01:25.714+0000][gc,phases   ] GC(593)   Pre Evacuate Collection Set: 4.1ms
[2026-01-16T09:01:25.714+0000][gc,phases   ] GC(593)   Merge Heap Roots: 26.7ms
[2026-01-16T09:01:25.714+0000][gc,phases   ] GC(593)   Evacuate Collection Set: 179.0ms
[2026-01-16T09:01:25.714+0000][gc,phases   ] GC(593)   Post Evacuate Collection Set: 1.2ms
[2026-01-16T09:01:25.714+0000][gc,phases   ] GC(593)   Other: 0.5ms
[2026-01-16T09:01:25.714+0000][gc,heap     ] GC(593) Eden regions: 49->0(48)
[2026-01-16T09:01:25.716+0000][gc,heap     ] GC(593) Survivor regions: 2->3(7)
[2026-01-16T09:01:25.719+0000][gc,heap     ] GC(593) Old regions: 193->193
[2026-01-16T09:01:25.720+0000][gc,heap     ] GC(593) Humongous regions: 69->69
[2026-01-16T09:01:25.722+0000][gc,metaspace] GC(593) Metaspace: 12653K(13120K)->12653K(13120K) NonClass: 11565K(11776K)->11565K(11776K) Class: 1088K(1344K)->1088K(1344K)
[2026-01-16T09:01:25.731+0000][gc          ] GC(593) Pause Young (Normal) (G1 Evacuation Pause) 311M->263M(1024M) 236.443ms
[2026-01-16T09:01:25.731+0000][gc,cpu      ] GC(593) User=0.07s Sys=0.01s Real=0.23s
[2026-01-16T09:01:27.949+0000][gc,start    ] GC(594) Pause Young (Normal) (G1 Evacuation Pause)
[2026-01-16T09:01:27.950+0000][gc,task     ] GC(594) Using 8 workers of 8 for evacuation
[2026-01-16T09:01:28.045+0000][gc,phases   ] GC(594)   Pre Evacuate Collection Set: 9.8ms
[2026-01-16T09:01:28.045+0000][gc,phases   ] GC(594)   Merge Heap Roots: 1.6ms
[2026-01-16T09:01:28.045+0000][gc,phases   ] GC(594)   Evacuate Collection Set: 78.0ms
[2026-01-16T09:01:28.045+0000][gc,phases   ] GC(594)   Post Evacuate Collection Set: 3.2ms
[2026-01-16T09:01:28.045+0000][gc,phases   ] GC(594)   Other: 1.9ms
[2026-01-16T09:01:28.046+0000][gc,heap     ] GC(594) Eden regions: 48->0(49)
[2026-01-16T09:01:28.049+0000][gc,heap     ] GC(594) Survivor regions: 3->2(7)
[2026-01-16T09:01:28.049+0000][gc,heap     ] GC(594) Old regions: 193->193
[2026-01-16T09:01:28.050+0000][gc,heap     ] GC(594) Humongous regions: 69->69
[2026-01-16T09:01:28.050+0000][gc,metaspace] GC(594) Metaspace: 12653K(13120K)->12653K(13120K) NonClass: 11565K(11776K)->11565K(11776K) Class: 1088K(1344K)->1088K(1344K)
[2026-01-16T09:01:28.050+0000][gc          ] GC(594) Pause Young (Normal) (G1 Evacuation Pause) 311M->263M(1024M) 101.479ms
[2026-01-16T09:01:28.051+0000][gc,cpu      ] GC(594) User=0.06s Sys=0.00s Real=0.10s
[2026-01-16T09:01:33.010+0000][gc,start    ] GC(595) Pause Young (Normal) (G1 Evacuation Pause)
[2026-01-16T09:01:33.021+0000][gc,task     ] GC(595) Using 8 workers of 8 for evacuation
[2026-01-16T09:01:33.709+0000][gc,mmu      ] GC(595) MMU target violated: 201.0ms (200.0ms/201.0ms)
[2026-01-16T09:01:33.714+0000][gc,phases   ] GC(595)   Pre Evacuate Collection Set: 91.2ms
[2026-01-16T09:01:33.718+0000][gc,phases   ] GC(595)   Merge Heap Roots: 10.0ms
[2026-01-16T09:01:33.727+0000][gc,phases   ] GC(595)   Evacuate Collection Set: 403.0ms
[2026-01-16T09:01:33.730+0000][gc,phases   ] GC(595)   Post Evacuate Collection Set: 159.0ms
[2026-01-16T09:01:33.733+0000][gc,phases   ] GC(595)   Other: 30.3ms
[2026-01-16T09:01:33.736+0000][gc,heap     ] GC(595) Eden regions: 49->0(50)
[2026-01-16T09:01:33.739+0000][gc,heap     ] GC(595) Survivor regions: 2->1(7)
[2026-01-16T09:01:33.743+0000][gc,heap     ] GC(595) Old regions: 193->193
[2026-01-16T09:01:33.746+0000][gc,heap     ] GC(595) Humongous regions: 69->69
[2026-01-16T09:01:33.747+0000][gc,metaspace] GC(595) Metaspace: 12653K(13120K)->12653K(13120K) NonClass: 11565K(11776K)->11565K(11776K) Class: 1088K(1344K)->1088K(1344K)
[2026-01-16T09:01:33.755+0000][gc          ] GC(595) Pause Young (Normal) (G1 Evacuation Pause) 312M->261M(1024M) 745.677ms
[2026-01-16T09:01:33.756+0000][gc,cpu      ] GC(595) User=0.24s Sys=0.05s Real=0.75s
[2026-01-16T09:01:38.596+0000][gc,start    ] GC(596) Pause Young (Normal) (G1 Evacuation Pause)
[2026-01-16T09:01:38.598+0000][gc,task     ] GC(596) Using 8 workers of 8 for evacuation
[2026-01-16T09:01:38.864+0000][gc,mmu      ] GC(596) MMU target violated: 201.0ms (200.0ms/201.0ms)
[2026-01-16T09:01:38.865+0000][gc,phases   ] GC(596)   Pre Evacuate Collection Set: 24.2ms
[2026-01-16T09:01:38.865+0000][gc,phases   ] GC(596)   Merge Heap Roots: 9.3ms
[2026-01-16T09:01:38.866+0000][gc,phases   ] GC(596)   Evacuate Collection Set: 209.7ms
[2026-01-16T09:01:38.866+0000][gc,phases   ] GC(596)   Post Evacuate Collection Set: 21.6ms
[2026-01-16T09:01:38.867+0000][gc,phases   ] GC(596)   Other: 1.4ms
[2026-01-16T09:01:38.869+0000][gc,heap     ] GC(596) Eden regions: 50->0(49)
[2026-01-16T09:01:38.870+0000][gc,heap     ] GC(596) Survivor regions: 1->2(7)
[2026-01-16T09:01:38.871+0000][gc,heap     ] GC(596) Old regions: 193->193
[2026-01-16T09:01:38.882+0000][gc,heap     ] GC(596) Humongous regions: 69->69
[2026-01-16T09:01:38.882+0000][gc,metaspace] GC(596) Metaspace: 12653K(13120K)->12653K(13120K) NonClass: 11565K(11776K)->11565K(11776K) Class: 1088K(1344K)->1088K(1344K)
[2026-01-16T09:01:38.883+0000][gc          ] GC(596) Pause Young (Normal) (G1 Evacuation Pause) 311M->262M(1024M) 287.140ms
[2026-01-16T09:01:38.884+0000][gc,cpu      ] GC(596) User=0.17s Sys=0.02s Real=0.28s
[2026-01-16T09:01:40.952+0000][gc,start    ] GC(597) Pause Young (Normal) (G1 Evacuation Pause)
[2026-01-16T09:01:40.954+0000][gc,task     ] GC(597) Using 8 workers of 8 for evacuation
[2026-01-16T09:01:41.154+0000][gc,phases   ] GC(597)   Pre Evacuate Collection Set: 17.8ms
[2026-01-16T09:01:41.155+0000][gc,phases   ] GC(597)   Merge Heap Roots: 10.4ms
[2026-01-16T09:01:41.157+0000][gc,phases   ] GC(597)   Evacuate Collection Set: 151.2ms
[2026-01-16T09:01:41.157+0000][gc,phases   ] GC(597)   Post Evacuate Collection Set: 17.5ms
[2026-01-16T09:01:41.158+0000][gc,phases   ] GC(597)   Other: 3.2ms
[2026-01-16T09:01:41.159+0000][gc,heap     ] GC(597) Eden regions: 49->0(50)
[2026-01-16T09:01:41.161+0000][gc,heap     ] GC(597) Survivor regions: 2->1(7)
[2026-01-16T09:01:41.163+0000][gc,heap     ] GC(597) Old regions: 193->193
[2026-01-16T09:01:41.163+0000][gc,heap     ] GC(597) Humongous regions: 69->69
[2026-01-16T09:01:41.166+0000][gc,metaspace] GC(597) Metaspace: 12656K(13120K)->12656K(13120K) NonClass: 11567K(11776K)->11567K(11776K) Class: 1088K(1344K)->1088K(1344K)
[2026-01-16T09:01:41.167+0000][gc          ] GC(597) Pause Young (Normal) (G1 Evacuation Pause) 311M->261M(1024M) 215.271ms
[2026-01-16T09:01:41.168+0000][gc,cpu      ] GC(597) User=0.11s Sys=0.01s Real=0.22s
[2026-01-16T09:01:43.507+0000][gc,start    ] GC(598) Pause Young (Normal) (G1 Evacuation Pause)
[2026-01-16T09:01:43.508+0000][gc,task     ] GC(598) Using 8 workers of 8 for evacuation
[2026-01-16T09:01:43.588+0000][gc,phases   ] GC(598)   Pre Evacuate Collection Set: 10.0ms
[2026-01-16T09:01:43.589+0000][gc,phases   ] GC(598)   Merge Heap Roots: 6.1ms
[2026-01-16T09:01:43.590+0000][gc,phases   ] GC(598)   Evacuate Collection Set: 55.9ms
[2026-01-16T09:01:43.590+0000][gc,phases   ] GC(598)   Post Evacuate Collection Set: 7.7ms
[2026-01-16T09:01:43.592+0000][gc,phases   ] GC(598)   Other: 0.5ms
[2026-01-16T09:01:43.593+0000][gc,heap     ] GC(598) Eden regions: 50->0(49)
[2026-01-16T09:01:43.593+0000][gc,heap     ] GC(598) Survivor regions: 1->2(7)
[2026-01-16T09:01:43.594+0000][gc,heap     ] GC(598) Old regions: 193->193
[2026-01-16T09:01:43.594+0000][gc,heap     ] GC(598) Humongous regions: 69->69
[2026-01-16T09:01:43.595+0000][gc,metaspace] GC(598) Metaspace: 12656K(13120K)->12656K(13120K) NonClass: 11567K(11776K)->11567K(11776K) Class: 1088K(1344K)->1088K(1344K)
[2026-01-16T09:01:43.595+0000][gc          ] GC(598) Pause Young (Normal) (G1 Evacuation Pause) 311M->262M(1024M) 87.714ms
[2026-01-16T09:01:43.596+0000][gc,cpu      ] GC(598) User=0.08s Sys=0.01s Real=0.09s
[2026-01-16T09:01:49.081+0000][gc,start    ] GC(599) Pause Young (Normal) (G1 Evacuation Pause)
[2026-01-16T09:01:49.083+0000][gc,task     ] GC(599) Using 8 workers of 8 for evacuation
[2026-01-16T09:01:49.408+0000][gc,mmu      ] GC(599) MMU target violated: 201.0ms (200.0ms/201.0ms)
[2026-01-16T09:01:49.413+0000][gc,phases   ] GC(599)   Pre Evacuate Collection Set: 50.4ms
[2026-01-16T09:01:49.414+0000][gc,phases   ] GC(599)   Merge Heap Roots: 5.7ms
[2026-01-16T09:01:49.418+0000][gc,phases   ] GC(599)   Evacuate Collection Set: 219.0ms
[2026-01-16T09:01:49.419+0000][gc,phases   ] GC(599)   Post Evacuate Collection Set: 49.0ms
[2026-01-16T09:01:49.419+0000][gc,phases   ] GC(599)   Other: 6.0ms
[2026-01-16T09:01:49.420+0000][gc,heap     ] GC(599) Eden regions: 49->0(49)
[2026-01-16T09:01:49.420+0000][gc,heap     ] GC(599) Survivor regions: 2->2(7)
[2026-01-16T09:01:49.426+0000][gc,heap     ] GC(599) Old regions: 193->193
[2026-01-16T09:01:49.426+0000][gc,heap     ] GC(599) Humongous regions: 69->69
[2026-01-16T09:01:49.426+0000][gc,metaspace] GC(599) Metaspace: 12656K(13120K)->12656K(13120K) NonClass: 11567K(11776K)->11567K(11776K) Class: 1088K(1344K)->1088K(1344K)
[2026-01-16T09:01:49.427+0000][gc          ] GC(599) Pause Young (Normal) (G1 Evacuation Pause) 311M->263M(1024M) 345.591ms
[2026-01-16T09:01:49.427+0000][gc,cpu      ] GC(599) User=0.22s Sys=0.01s Real=0.35s
[2026-01-16T09:01:53.285+0000][gc,start    ] GC(600) Pause Young (Normal) (G1 Evacuation Pause)
[2026-01-16T09:01:53.289+0000][gc,task     ] GC(600) Using 8 workers of 8 for evacuation
[2026-01-16T09:01:53.505+0000][gc,mmu      ] GC(600) MMU target violated: 201.0ms (200.0ms/201.0ms)
[2026-01-16T09:01:53.505+0000][gc,phases   ] GC(600)   Pre Evacuate Collection Set: 39.1ms
[2026-01-16T09:01:53.507+0000][gc,phases   ] GC(600)   Merge Heap Roots: 11.3ms
[2026-01-16T09:01:53.507+0000][gc,phases   ] GC(600)   Evacuate Collection Set: 149.7ms
[2026-01-16T09:01:53.508+0000][gc,phases   ] GC(600)   Post Evacuate Collection Set: 8.3ms
[2026-01-16T09:01:53.508+0000][gc,phases   ] GC(600)   Other: 8.0ms
[2026-01-16T09:01:53.508+0000][gc,heap     ] GC(600) Eden regions: 49->0(49)
[2026-01-16T09:01:53.508+0000][gc,heap     ] GC(600) Survivor regions: 2->2(7)
[2026-01-16T09:01:53.509+0000][gc,heap     ] GC(600) Old regions: 193->193
[2026-01-16T09:01:53.509+0000][gc,heap     ] GC(600) Humongous regions: 69->69
[2026-01-16T09:01:53.509+0000][gc,metaspace] GC(600) Metaspace: 12657K(13120K)->12657K(13120K) NonClass: 11569K(11776K)->11569K(11776K) Class: 1088K(1344K)->1088K(1344K)
[2026-01-16T09:01:53.514+0000][gc          ] GC(600) Pause Young (Normal) (G1 Evacuation Pause) 312M->262M(1024M) 229.589ms
[2026-01-16T09:01:53.516+0000][gc,cpu      ] GC(600) User=0.14s Sys=0.01s Real=0.24s
[2026-01-16T09:01:56.466+0000][gc,start    ] GC(601) Pause Young (Normal) (G1 Evacuation Pause)
[2026-01-16T09:01:56.470+0000][gc,task     ] GC(601) Using 8 workers of 8 for evacuation
[2026-01-16T09:01:56.803+0000][gc,mmu      ] GC(601) MMU target violated: 201.0ms (200.0ms/201.0ms)
[2026-01-16T09:01:56.805+0000][gc,phases   ] GC(601)   Pre Evacuate Collection Set: 30.8ms
[2026-01-16T09:01:56.806+0000][gc,phases   ] GC(601)   Merge Heap Roots: 5.8ms
[2026-01-16T09:01:56.806+0000][gc,phases   ] GC(601)   Evacuate Collection Set: 274.4ms
[2026-01-16T09:01:56.806+0000][gc,phases   ] GC(601)   Post Evacuate Collection Set: 16.1ms
[2026-01-16T09:01:56.810+0000][gc,phases   ] GC(601)   Other: 7.4ms
[2026-01-16T09:01:56.811+0000][gc,heap     ] GC(601) Eden regions: 49->0(49)
[2026-01-16T09:01:56.812+0000][gc,heap     ] GC(601) Survivor regions: 2->2(7)
[2026-01-16T09:01:56.813+0000][gc,heap     ] GC(601) Old regions: 193->193
[2026-01-16T09:01:56.813+0000][gc,heap     ] GC(601) Humongous regions: 69->69
[2026-01-16T09:01:56.813+0000][gc,metaspace] GC(601) Metaspace: 12658K(13120K)->12658K(13120K) NonClass: 11569K(11776K)->11569K(11776K) Class: 1088K(1344K)->1088K(1344K)
[2026-01-16T09:01:56.815+0000][gc          ] GC(601) Pause Young (Normal) (G1 Evacuation Pause) 311M->263M(1024M) 348.488ms
[2026-01-16T09:01:56.816+0000][gc,cpu      ] GC(601) User=0.21s Sys=0.02s Real=0.35s
[2026-01-16T09:02:01.118+0000][gc,start    ] GC(602) Pause Young (Normal) (G1 Evacuation Pause)
[2026-01-16T09:02:01.123+0000][gc,task     ] GC(602) Using 8 workers of 8 for evacuation
[2026-01-16T09:02:01.600+0000][gc,mmu      ] GC(602) MMU target violated: 201.0ms (200.0ms/201.0ms)
[2026-01-16T09:02:01.602+0000][gc,phases   ] GC(602)   Pre Evacuate Collection Set: 27.9ms
[2026-01-16T09:02:01.602+0000][gc,phases   ] GC(602)   Merge Heap Roots: 10.0ms
[2026-01-16T09:02:01.603+0000][gc,phases   ] GC(602)   Evacuate Collection Set: 359.4ms
[2026-01-16T09:02:01.603+0000][gc,phases   ] GC(602)   Post Evacuate Collection Set: 75.3ms
[2026-01-16T09:02:01.604+0000][gc,phases   ] GC(602)   Other: 6.8ms
[2026-01-16T09:02:01.606+0000][gc,heap     ] GC(602) Eden regions: 49->0(49)
[2026-01-16T09:02:01.607+0000][gc,heap     ] GC(602) Survivor regions: 2->2(7)
[2026-01-16T09:02:01.609+0000][gc,heap     ] GC(602) Old regions: 193->193
[2026-01-16T09:02:01.610+0000][gc,heap     ] GC(602) Humongous regions: 69->69
[2026-01-16T09:02:01.610+0000][gc,metaspace] GC(602) Metaspace: 12659K(13120K)->12659K(13120K) NonClass: 11571K(11776K)->11571K(11776K) Class: 1088K(1344K)->1088K(1344K)
[2026-01-16T09:02:01.610+0000][gc          ] GC(602) Pause Young (Normal) (G1 Evacuation Pause) 312M->262M(1024M) 492.328ms
[2026-01-16T09:02:01.614+0000][gc,cpu      ] GC(602) User=0.31s Sys=0.02s Real=0.50s
[2026-01-16T09:02:08.286+0000][gc,start    ] GC(603) Pause Young (Normal) (G1 Evacuation Pause)
[2026-01-16T09:02:08.343+0000][gc,task     ] GC(603) Using 8 workers of 8 for evacuation
[2026-01-16T09:02:08.864+0000][gc,mmu      ] GC(603) MMU target violated: 201.0ms (200.0ms/201.0ms)
[2026-01-16T09:02:08.869+0000][gc,phases   ] GC(603)   Pre Evacuate Collection Set: 38.3ms
[2026-01-16T09:02:08.870+0000][gc,phases   ] GC(603)   Merge Heap Roots: 16.5ms
[2026-01-16T09:02:08.873+0000][gc,phases   ] GC(603)   Evacuate Collection Set: 398.1ms
[2026-01-16T09:02:08.874+0000][gc,phases   ] GC(603)   Post Evacuate Collection Set: 64.0ms
[2026-01-16T09:02:08.874+0000][gc,phases   ] GC(603)   Other: 44.8ms
[2026-01-16T09:02:08.875+0000][gc,heap     ] GC(603) Eden regions: 49->0(49)
[2026-01-16T09:02:08.875+0000][gc,heap     ] GC(603) Survivor regions: 2->2(7)
[2026-01-16T09:02:08.878+0000][gc,heap     ] GC(603) Old regions: 193->193
[2026-01-16T09:02:08.880+0000][gc,heap     ] GC(603) Humongous regions: 69->69
[2026-01-16T09:02:08.881+0000][gc,metaspace] GC(603) Metaspace: 12662K(13120K)->12662K(13120K) NonClass: 11574K(11776K)->11574K(11776K) Class: 1088K(1344K)->1088K(1344K)
[2026-01-16T09:02:08.883+0000][gc          ] GC(603) Pause Young (Normal) (G1 Evacuation Pause) 311M->263M(1024M) 596.923ms
[2026-01-16T09:02:08.884+0000][gc,cpu      ] GC(603) User=0.34s Sys=0.02s Real=0.59s
[2026-01-16T09:02:11.176+0000][gc,start    ] GC(604) Pause Young (Normal) (G1 Evacuation Pause)
[2026-01-16T09:02:11.183+0000][gc,task     ] GC(604) Using 8 workers of 8 for evacuation
[2026-01-16T09:02:11.739+0000][gc,mmu      ] GC(604) MMU target violated: 201.0ms (200.0ms/201.0ms)
[2026-01-16T09:02:11.744+0000][gc,phases   ] GC(604)   Pre Evacuate Collection Set: 19.0ms
[2026-01-16T09:02:11.745+0000][gc,phases   ] GC(604)   Merge Heap Roots: 5.5ms
[2026-01-16T09:02:11.746+0000][gc,phases   ] GC(604)   Evacuate Collection Set: 490.1ms
[2026-01-16T09:02:11.766+0000][gc,phases   ] GC(604)   Post Evacuate Collection Set: 35.3ms
[2026-01-16T09:02:11.767+0000][gc,phases   ] GC(604)   Other: 11.1ms
[2026-01-16T09:02:11.768+0000][gc,heap     ] GC(604) Eden regions: 49->0(48)
[2026-01-16T09:02:11.769+0000][gc,heap     ] GC(604) Survivor regions: 2->3(7)
[2026-01-16T09:02:11.771+0000][gc,heap     ] GC(604) Old regions: 193->193
[2026-01-16T09:02:11.771+0000][gc,heap     ] GC(604) Humongous regions: 69->69
[2026-01-16T09:02:11.781+0000][gc,metaspace] GC(604) Metaspace: 12662K(13120K)->12662K(13120K) NonClass: 11574K(11776K)->11574K(11776K) Class: 1088K(1344K)->1088K(1344K)
[2026-01-16T09:02:11.782+0000][gc          ] GC(604) Pause Young (Normal) (G1 Evacuation Pause) 312M->263M(1024M) 606.322ms
[2026-01-16T09:02:11.788+0000][gc,cpu      ] GC(604) User=0.24s Sys=0.01s Real=0.62s
[2026-01-16T09:02:15.905+0000][gc,start    ] GC(605) Pause Young (Normal) (G1 Evacuation Pause)
[2026-01-16T09:02:15.910+0000][gc,task     ] GC(605) Using 8 workers of 8 for evacuation
[2026-01-16T09:02:16.536+0000][gc,mmu      ] GC(605) MMU target violated: 201.0ms (200.0ms/201.0ms)
[2026-01-16T09:02:16.538+0000][gc,phases   ] GC(605)   Pre Evacuate Collection Set: 70.3ms
[2026-01-16T09:02:16.539+0000][gc,phases   ] GC(605)   Merge Heap Roots: 13.3ms
[2026-01-16T09:02:16.540+0000][gc,phases   ] GC(605)   Evacuate Collection Set: 484.0ms
[2026-01-16T09:02:16.541+0000][gc,phases   ] GC(605)   Post Evacuate Collection Set: 53.9ms
[2026-01-16T09:02:16.542+0000][gc,phases   ] GC(605)   Other: 7.3ms
[2026-01-16T09:02:16.542+0000][gc,heap     ] GC(605) Eden regions: 48->0(49)
[2026-01-16T09:02:16.543+0000][gc,heap     ] GC(605) Survivor regions: 3->2(7)
[2026-01-16T09:02:16.544+0000][gc,heap     ] GC(605) Old regions: 193->193
[2026-01-16T09:02:16.545+0000][gc,heap     ] GC(605) Humongous regions: 69->69
[2026-01-16T09:02:16.549+0000][gc,metaspace] GC(605) Metaspace: 12664K(13120K)->12664K(13120K) NonClass: 11575K(11776K)->11575K(11776K) Class: 1088K(1344K)->1088K(1344K)
[2026-01-16T09:02:16.552+0000][gc          ] GC(605) Pause Young (Normal) (G1 Evacuation Pause) 311M->263M(1024M) 647.566ms
[2026-01-16T09:02:16.553+0000][gc,cpu      ] GC(605) User=0.26s Sys=0.02s Real=0.65s
[2026-01-16T09:02:19.624+0000][gc,start    ] GC(606) Pause Young (Normal) (G1 Evacuation Pause)
[2026-01-16T09:02:19.631+0000][gc,task     ] GC(606) Using 8 workers of 8 for evacuation
[2026-01-16T09:02:20.003+0000][gc,mmu      ] GC(606) MMU target violated: 201.0ms (200.0ms/201.0ms)
[2026-01-16T09:02:20.004+0000][gc,phases   ] GC(606)   Pre Evacuate Collection Set: 68.5ms
[2026-01-16T09:02:20.005+0000][gc,phases   ] GC(606)   Merge Heap Roots: 7.5ms
[2026-01-16T09:02:20.005+0000][gc,phases   ] GC(606)   Evacuate Collection Set: 284.2ms
[2026-01-16T09:02:20.007+0000][gc,phases   ] GC(606)   Post Evacuate Collection Set: 8.4ms
[2026-01-16T09:02:20.007+0000][gc,phases   ] GC(606)   Other: 5.4ms
[2026-01-16T09:02:20.007+0000][gc,heap     ] GC(606) Eden regions: 49->0(48)
[2026-01-16T09:02:20.008+0000][gc,heap     ] GC(606) Survivor regions: 2->3(7)
[2026-01-16T09:02:20.008+0000][gc,heap     ] GC(606) Old regions: 193->193
[2026-01-16T09:02:20.008+0000][gc,heap     ] GC(606) Humongous regions: 69->69
[2026-01-16T09:02:20.012+0000][gc,metaspace] GC(606) Metaspace: 12668K(13120K)->12668K(13120K) NonClass: 11580K(11776K)->11580K(11776K) Class: 1088K(1344K)->1088K(1344K)
[2026-01-16T09:02:20.014+0000][gc          ] GC(606) Pause Young (Normal) (G1 Evacuation Pause) 312M->263M(1024M) 390.401ms
[2026-01-16T09:02:20.017+0000][gc,cpu      ] GC(606) User=0.19s Sys=0.01s Real=0.40s
[2026-01-16T09:02:21.996+0000][gc,start    ] GC(607) Pause Young (Normal) (G1 Evacuation Pause)
[2026-01-16T09:02:21.998+0000][gc,task     ] GC(607) Using 8 workers of 8 for evacuation
[2026-01-16T09:02:22.282+0000][gc,mmu      ] GC(607) MMU target violated: 201.0ms (200.0ms/201.0ms)
[2026-01-16T09:02:22.284+0000][gc,phases   ] GC(607)   Pre Evacuate Collection Set: 17.6ms
[2026-01-16T09:02:22.293+0000][gc,phases   ] GC(607)   Merge Heap Roots: 4.0ms
[2026-01-16T09:02:22.316+0000][gc,phases   ] GC(607)   Evacuate Collection Set: 232.8ms
[2026-01-16T09:02:22.322+0000][gc,phases   ] GC(607)   Post Evacuate Collection Set: 26.4ms
[2026-01-16T09:02:22.324+0000][gc,phases   ] GC(607)   Other: 5.4ms
[2026-01-16T09:02:22.326+0000][gc,heap     ] GC(607) Eden regions: 48->0(49)
[2026-01-16T09:02:22.329+0000][gc,heap     ] GC(607) Survivor regions: 3->2(7)
[2026-01-16T09:02:22.331+0000][gc,heap     ] GC(607) Old regions: 193->193
[2026-01-16T09:02:22.331+0000][gc,heap     ] GC(607) Humongous regions: 69->69
[2026-01-16T09:02:22.332+0000][gc,metaspace] GC(607) Metaspace: 12668K(13120K)->12668K(13120K) NonClass: 11580K(11776K)->11580K(11776K) Class: 1088K(1344K)->1088K(1344K)
[2026-01-16T09:02:22.334+0000][gc          ] GC(607) Pause Young (Normal) (G1 Evacuation Pause) 311M->262M(1024M) 337.607ms
[2026-01-16T09:02:22.335+0000][gc,cpu      ] GC(607) User=0.13s Sys=0.01s Real=0.33s
[2026-01-16T09:02:26.336+0000][gc,start    ] GC(608) Pause Young (Normal) (G1 Evacuation Pause)
[2026-01-16T09:02:26.338+0000][gc,task     ] GC(608) Using 8 workers of 8 for evacuation
[2026-01-16T09:02:26.887+0000][gc,mmu      ] GC(608) MMU target violated: 201.0ms (200.0ms/201.0ms)
[2026-01-16T09:02:26.888+0000][gc,phases   ] GC(608)   Pre Evacuate Collection Set: 71.5ms
[2026-01-16T09:02:26.888+0000][gc,phases   ] GC(608)   Merge Heap Roots: 2.1ms
[2026-01-16T09:02:26.889+0000][gc,phases   ] GC(608)   Evacuate Collection Set: 399.3ms
[2026-01-16T09:02:26.889+0000][gc,phases   ] GC(608)   Post Evacuate Collection Set: 76.0ms
[2026-01-16T09:02:26.889+0000][gc,phases   ] GC(608)   Other: 1.8ms
[2026-01-16T09:02:26.890+0000][gc,heap     ] GC(608) Eden regions: 49->0(48)
[2026-01-16T09:02:26.890+0000][gc,heap     ] GC(608) Survivor regions: 2->3(7)
[2026-01-16T09:02:26.890+0000][gc,heap     ] GC(608) Old regions: 193->193
[2026-01-16T09:02:26.891+0000][gc,heap     ] GC(608) Humongous regions: 69->69
[2026-01-16T09:02:26.891+0000][gc,metaspace] GC(608) Metaspace: 12668K(13120K)->12668K(13120K) NonClass: 11580K(11776K)->11580K(11776K) Class: 1088K(1344K)->1088K(1344K)
[2026-01-16T09:02:26.892+0000][gc          ] GC(608) Pause Young (Normal) (G1 Evacuation Pause) 311M->263M(1024M) 556.079ms
[2026-01-16T09:02:26.894+0000][gc,cpu      ] GC(608) User=0.24s Sys=0.02s Real=0.55s
[2026-01-16T09:02:33.565+0000][gc,start    ] GC(609) Pause Young (Normal) (G1 Evacuation Pause)
[2026-01-16T09:02:33.570+0000][gc,task     ] GC(609) Using 8 workers of 8 for evacuation
[2026-01-16T09:02:33.996+0000][gc,mmu      ] GC(609) MMU target violated: 201.0ms (200.0ms/201.0ms)
[2026-01-16T09:02:34.018+0000][gc,phases   ] GC(609)   Pre Evacuate Collection Set: 21.4ms
[2026-01-16T09:02:34.031+0000][gc,phases   ] GC(609)   Merge Heap Roots: 17.7ms
[2026-01-16T09:02:34.044+0000][gc,phases   ] GC(609)   Evacuate Collection Set: 298.9ms
[2026-01-16T09:02:34.045+0000][gc,phases   ] GC(609)   Post Evacuate Collection Set: 74.1ms
[2026-01-16T09:02:34.046+0000][gc,phases   ] GC(609)   Other: 36.0ms
[2026-01-16T09:02:34.060+0000][gc,heap     ] GC(609) Eden regions: 48->0(49)
[2026-01-16T09:02:34.064+0000][gc,heap     ] GC(609) Survivor regions: 3->2(7)
[2026-01-16T09:02:34.113+0000][gc,heap     ] GC(609) Old regions: 193->193
[2026-01-16T09:02:34.113+0000][gc,heap     ] GC(609) Humongous regions: 69->69
[2026-01-16T09:02:34.125+0000][gc,metaspace] GC(609) Metaspace: 12669K(13120K)->12669K(13120K) NonClass: 11580K(11776K)->11580K(11776K) Class: 1088K(1344K)->1088K(1344K)
[2026-01-16T09:02:34.126+0000][gc          ] GC(609) Pause Young (Normal) (G1 Evacuation Pause) 311M->263M(1024M) 560.624ms
[2026-01-16T09:02:34.127+0000][gc,cpu      ] GC(609) User=0.26s Sys=0.05s Real=0.57s
[2026-01-16T09:02:35.884+0000][gc,start    ] GC(610) Pause Young (Normal) (G1 Evacuation Pause)
[2026-01-16T09:02:35.892+0000][gc,task     ] GC(610) Using 8 workers of 8 for evacuation
[2026-01-16T09:02:36.216+0000][gc,mmu      ] GC(610) MMU target violated: 201.0ms (200.0ms/201.0ms)
[2026-01-16T09:02:36.218+0000][gc,phases   ] GC(610)   Pre Evacuate Collection Set: 30.8ms
[2026-01-16T09:02:36.221+0000][gc,phases   ] GC(610)   Merge Heap Roots: 1.8ms
[2026-01-16T09:02:36.221+0000][gc,phases   ] GC(610)   Evacuate Collection Set: 269.1ms
[2026-01-16T09:02:36.222+0000][gc,phases   ] GC(610)   Post Evacuate Collection Set: 17.3ms
[2026-01-16T09:02:36.222+0000][gc,phases   ] GC(610)   Other: 7.7ms
[2026-01-16T09:02:36.226+0000][gc,heap     ] GC(610) Eden regions: 49->0(49)
[2026-01-16T09:02:36.226+0000][gc,heap     ] GC(610) Survivor regions: 2->2(7)
[2026-01-16T09:02:36.226+0000][gc,heap     ] GC(610) Old regions: 193->193
[2026-01-16T09:02:36.229+0000][gc,heap     ] GC(610) Humongous regions: 69->69
[2026-01-16T09:02:36.229+0000][gc,metaspace] GC(610) Metaspace: 12669K(13120K)->12669K(13120K) NonClass: 11580K(11776K)->11580K(11776K) Class: 1088K(1344K)->1088K(1344K)
[2026-01-16T09:02:36.230+0000][gc          ] GC(610) Pause Young (Normal) (G1 Evacuation Pause) 312M->263M(1024M) 345.689ms
[2026-01-16T09:02:36.231+0000][gc,cpu      ] GC(610) User=0.12s Sys=0.02s Real=0.34s
[2026-01-16T09:02:40.707+0000][gc,start    ] GC(611) Pause Young (Normal) (G1 Evacuation Pause)
[2026-01-16T09:02:40.740+0000][gc,task     ] GC(611) Using 8 workers of 8 for evacuation
[2026-01-16T09:02:41.104+0000][gc,mmu      ] GC(611) MMU target violated: 201.0ms (200.0ms/201.0ms)
[2026-01-16T09:02:41.106+0000][gc,phases   ] GC(611)   Pre Evacuate Collection Set: 45.9ms
[2026-01-16T09:02:41.107+0000][gc,phases   ] GC(611)   Merge Heap Roots: 35.0ms
[2026-01-16T09:02:41.107+0000][gc,phases   ] GC(611)   Evacuate Collection Set: 237.0ms
[2026-01-16T09:02:41.108+0000][gc,phases   ] GC(611)   Post Evacuate Collection Set: 44.8ms
[2026-01-16T09:02:41.108+0000][gc,phases   ] GC(611)   Other: 3.6ms
[2026-01-16T09:02:41.108+0000][gc,heap     ] GC(611) Eden regions: 49->0(49)
[2026-01-16T09:02:41.109+0000][gc,heap     ] GC(611) Survivor regions: 2->2(7)
[2026-01-16T09:02:41.110+0000][gc,heap     ] GC(611) Old regions: 193->193
[2026-01-16T09:02:41.111+0000][gc,heap     ] GC(611) Humongous regions: 69->69
[2026-01-16T09:02:41.113+0000][gc,metaspace] GC(611) Metaspace: 12669K(13120K)->12669K(13120K) NonClass: 11580K(11776K)->11580K(11776K) Class: 1088K(1344K)->1088K(1344K)
[2026-01-16T09:02:41.114+0000][gc          ] GC(611) Pause Young (Normal) (G1 Evacuation Pause) 312M->262M(1024M) 407.238ms
[2026-01-16T09:02:41.115+0000][gc,cpu      ] GC(611) User=0.27s Sys=0.07s Real=0.41s
[2026-01-16T09:02:45.761+0000][gc,start    ] GC(612) Pause Young (Normal) (G1 Evacuation Pause)
[2026-01-16T09:02:45.766+0000][gc,task     ] GC(612) Using 8 workers of 8 for evacuation
[2026-01-16T09:02:46.115+0000][gc,mmu      ] GC(612) MMU target violated: 201.0ms (200.0ms/201.0ms)
[2026-01-16T09:02:46.117+0000][gc,phases   ] GC(612)   Pre Evacuate Collection Set: 63.7ms
[2026-01-16T09:02:46.128+0000][gc,phases   ] GC(612)   Merge Heap Roots: 5.8ms
[2026-01-16T09:02:46.136+0000][gc,phases   ] GC(612)   Evacuate Collection Set: 266.6ms
[2026-01-16T09:02:46.136+0000][gc,phases   ] GC(612)   Post Evacuate Collection Set: 10.1ms
[2026-01-16T09:02:46.136+0000][gc,phases   ] GC(612)   Other: 4.9ms
[2026-01-16T09:02:46.137+0000][gc,heap     ] GC(612) Eden regions: 49->0(49)
[2026-01-16T09:02:46.137+0000][gc,heap     ] GC(612) Survivor regions: 2->2(7)
[2026-01-16T09:02:46.137+0000][gc,heap     ] GC(612) Old regions: 193->193
[2026-01-16T09:02:46.137+0000][gc,heap     ] GC(612) Humongous regions: 69->69
[2026-01-16T09:02:46.137+0000][gc,metaspace] GC(612) Metaspace: 12669K(13120K)->12669K(13120K) NonClass: 11580K(11776K)->11580K(11776K) Class: 1088K(1344K)->1088K(1344K)
[2026-01-16T09:02:46.137+0000][gc          ] GC(612) Pause Young (Normal) (G1 Evacuation Pause) 311M->263M(1024M) 376.371ms
[2026-01-16T09:02:46.138+0000][gc,cpu      ] GC(612) User=0.17s Sys=0.02s Real=0.38s
[2026-01-16T09:02:48.985+0000][gc,start    ] GC(613) Pause Young (Normal) (G1 Evacuation Pause)
[2026-01-16T09:02:48.988+0000][gc,task     ] GC(613) Using 8 workers of 8 for evacuation
[2026-01-16T09:02:49.276+0000][gc,mmu      ] GC(613) MMU target violated: 201.0ms (200.0ms/201.0ms)
[2026-01-16T09:02:49.278+0000][gc,phases   ] GC(613)   Pre Evacuate Collection Set: 30.7ms
[2026-01-16T09:02:49.279+0000][gc,phases   ] GC(613)   Merge Heap Roots: 4.9ms
[2026-01-16T09:02:49.279+0000][gc,phases   ] GC(613)   Evacuate Collection Set: 236.8ms
[2026-01-16T09:02:49.279+0000][gc,phases   ] GC(613)   Post Evacuate Collection Set: 12.2ms
[2026-01-16T09:02:49.282+0000][gc,phases   ] GC(613)   Other: 5.6ms
[2026-01-16T09:02:49.282+0000][gc,heap     ] GC(613) Eden regions: 49->0(48)
[2026-01-16T09:02:49.284+0000][gc,heap     ] GC(613) Survivor regions: 2->3(7)
[2026-01-16T09:02:49.284+0000][gc,heap     ] GC(613) Old regions: 193->193
[2026-01-16T09:02:49.286+0000][gc,heap     ] GC(613) Humongous regions: 69->69
[2026-01-16T09:02:49.286+0000][gc,metaspace] GC(613) Metaspace: 12669K(13120K)->12669K(13120K) NonClass: 11580K(11776K)->11580K(11776K) Class: 1088K(1344K)->1088K(1344K)
[2026-01-16T09:02:49.287+0000][gc          ] GC(613) Pause Young (Normal) (G1 Evacuation Pause) 312M->264M(1024M) 302.085ms
[2026-01-16T09:02:49.290+0000][gc,cpu      ] GC(613) User=0.17s Sys=0.00s Real=0.30s
[2026-01-16T09:02:53.099+0000][gc,start    ] GC(614) Pause Young (Normal) (G1 Evacuation Pause)
[2026-01-16T09:02:53.103+0000][gc,task     ] GC(614) Using 8 workers of 8 for evacuation
[2026-01-16T09:02:53.496+0000][gc,mmu      ] GC(614) MMU target violated: 201.0ms (200.0ms/201.0ms)
[2026-01-16T09:02:53.497+0000][gc,phases   ] GC(614)   Pre Evacuate Collection Set: 44.6ms
[2026-01-16T09:02:53.497+0000][gc,phases   ] GC(614)   Merge Heap Roots: 1.5ms
[2026-01-16T09:02:53.498+0000][gc,phases   ] GC(614)   Evacuate Collection Set: 325.6ms
[2026-01-16T09:02:53.499+0000][gc,phases   ] GC(614)   Post Evacuate Collection Set: 19.1ms
[2026-01-16T09:02:53.500+0000][gc,phases   ] GC(614)   Other: 4.8ms
[2026-01-16T09:02:53.500+0000][gc,heap     ] GC(614) Eden regions: 48->0(49)
[2026-01-16T09:02:53.500+0000][gc,heap     ] GC(614) Survivor regions: 3->2(7)
[2026-01-16T09:02:53.500+0000][gc,heap     ] GC(614) Old regions: 193->193
[2026-01-16T09:02:53.500+0000][gc,heap     ] GC(614) Humongous regions: 69->69
[2026-01-16T09:02:53.503+0000][gc,metaspace] GC(614) Metaspace: 12669K(13120K)->12669K(13120K) NonClass: 11581K(11776K)->11581K(11776K) Class: 1088K(1344K)->1088K(1344K)
[2026-01-16T09:02:53.536+0000][gc          ] GC(614) Pause Young (Normal) (G1 Evacuation Pause) 312M->263M(1024M) 436.735ms
[2026-01-16T09:02:53.544+0000][gc,cpu      ] GC(614) User=0.25s Sys=0.02s Real=0.45s
[2026-01-16T09:03:00.337+0000][gc,start    ] GC(615) Pause Young (Normal) (G1 Evacuation Pause)
[2026-01-16T09:03:00.338+0000][gc,task     ] GC(615) Using 8 workers of 8 for evacuation
[2026-01-16T09:03:00.610+0000][gc,mmu      ] GC(615) MMU target violated: 201.0ms (200.0ms/201.0ms)
[2026-01-16T09:03:00.610+0000][gc,phases   ] GC(615)   Pre Evacuate Collection Set: 41.9ms
[2026-01-16T09:03:00.610+0000][gc,phases   ] GC(615)   Merge Heap Roots: 2.3ms
[2026-01-16T09:03:00.610+0000][gc,phases   ] GC(615)   Evacuate Collection Set: 214.8ms
[2026-01-16T09:03:00.610+0000][gc,phases   ] GC(615)   Post Evacuate Collection Set: 9.5ms
[2026-01-16T09:03:00.612+0000][gc,phases   ] GC(615)   Other: 3.1ms
[2026-01-16T09:03:00.613+0000][gc,heap     ] GC(615) Eden regions: 49->0(48)
[2026-01-16T09:03:00.613+0000][gc,heap     ] GC(615) Survivor regions: 2->3(7)
[2026-01-16T09:03:00.613+0000][gc,heap     ] GC(615) Old regions: 193->193
[2026-01-16T09:03:00.613+0000][gc,heap     ] GC(615) Humongous regions: 69->69
[2026-01-16T09:03:00.613+0000][gc,metaspace] GC(615) Metaspace: 12669K(13120K)->12669K(13120K) NonClass: 11581K(11776K)->11581K(11776K) Class: 1088K(1344K)->1088K(1344K)
[2026-01-16T09:03:00.614+0000][gc          ] GC(615) Pause Young (Normal) (G1 Evacuation Pause) 312M->264M(1024M) 277.067ms
[2026-01-16T09:03:00.614+0000][gc,cpu      ] GC(615) User=0.18s Sys=0.01s Real=0.28s
[2026-01-16T09:03:02.491+0000][gc,start    ] GC(616) Pause Young (Normal) (G1 Evacuation Pause)
[2026-01-16T09:03:02.491+0000][gc,task     ] GC(616) Using 8 workers of 8 for evacuation
[2026-01-16T09:03:02.735+0000][gc,mmu      ] GC(616) MMU target violated: 201.0ms (200.0ms/201.0ms)
[2026-01-16T09:03:02.737+0000][gc,phases   ] GC(616)   Pre Evacuate Collection Set: 45.7ms
[2026-01-16T09:03:02.737+0000][gc,phases   ] GC(616)   Merge Heap Roots: 6.1ms
[2026-01-16T09:03:02.737+0000][gc,phases   ] GC(616)   Evacuate Collection Set: 182.6ms
[2026-01-16T09:03:02.739+0000][gc,phases   ] GC(616)   Post Evacuate Collection Set: 8.9ms
[2026-01-16T09:03:02.740+0000][gc,phases   ] GC(616)   Other: 2.4ms
[2026-01-16T09:03:02.740+0000][gc,heap     ] GC(616) Eden regions: 48->0(48)
[2026-01-16T09:03:02.741+0000][gc,heap     ] GC(616) Survivor regions: 3->3(7)
[2026-01-16T09:03:02.741+0000][gc,heap     ] GC(616) Old regions: 193->193
[2026-01-16T09:03:02.742+0000][gc,heap     ] GC(616) Humongous regions: 69->69
[2026-01-16T09:03:02.742+0000][gc,metaspace] GC(616) Metaspace: 12670K(13120K)->12670K(13120K) NonClass: 11581K(11776K)->11581K(11776K) Class: 1088K(1344K)->1088K(1344K)
[2026-01-16T09:03:02.743+0000][gc          ] GC(616) Pause Young (Normal) (G1 Evacuation Pause) 312M->264M(1024M) 251.867ms
[2026-01-16T09:03:02.743+0000][gc,cpu      ] GC(616) User=0.12s Sys=0.00s Real=0.26s
[2026-01-16T09:03:05.240+0000][gc,start    ] GC(617) Pause Young (Normal) (G1 Evacuation Pause)
[2026-01-16T09:03:05.247+0000][gc,task     ] GC(617) Using 8 workers of 8 for evacuation
[2026-01-16T09:03:05.547+0000][gc,mmu      ] GC(617) MMU target violated: 201.0ms (200.0ms/201.0ms)
[2026-01-16T09:03:05.548+0000][gc,phases   ] GC(617)   Pre Evacuate Collection Set: 35.4ms
[2026-01-16T09:03:05.548+0000][gc,phases   ] GC(617)   Merge Heap Roots: 21.0ms
[2026-01-16T09:03:05.548+0000][gc,phases   ] GC(617)   Evacuate Collection Set: 184.8ms
[2026-01-16T09:03:05.549+0000][gc,phases   ] GC(617)   Post Evacuate Collection Set: 55.9ms
[2026-01-16T09:03:05.549+0000][gc,phases   ] GC(617)   Other: 3.8ms
[2026-01-16T09:03:05.549+0000][gc,heap     ] GC(617) Eden regions: 48->0(48)
[2026-01-16T09:03:05.549+0000][gc,heap     ] GC(617) Survivor regions: 3->3(7)
[2026-01-16T09:03:05.549+0000][gc,heap     ] GC(617) Old regions: 193->194
[2026-01-16T09:03:05.549+0000][gc,heap     ] GC(617) Humongous regions: 69->69
[2026-01-16T09:03:05.549+0000][gc,metaspace] GC(617) Metaspace: 12670K(13120K)->12670K(13120K) NonClass: 11581K(11776K)->11581K(11776K) Class: 1088K(1344K)->1088K(1344K)
[2026-01-16T09:03:05.549+0000][gc          ] GC(617) Pause Young (Normal) (G1 Evacuation Pause) 312M->264M(1024M) 309.256ms
[2026-01-16T09:03:05.549+0000][gc,cpu      ] GC(617) User=0.13s Sys=0.01s Real=0.31s
[2026-01-16T09:03:10.530+0000][gc,start    ] GC(618) Pause Young (Normal) (G1 Evacuation Pause)
[2026-01-16T09:03:10.532+0000][gc,task     ] GC(618) Using 8 workers of 8 for evacuation
[2026-01-16T09:03:10.664+0000][gc,phases   ] GC(618)   Pre Evacuate Collection Set: 10.3ms
[2026-01-16T09:03:10.665+0000][gc,phases   ] GC(618)   Merge Heap Roots: 2.3ms
[2026-01-16T09:03:10.667+0000][gc,phases   ] GC(618)   Evacuate Collection Set: 98.8ms
[2026-01-16T09:03:10.668+0000][gc,phases   ] GC(618)   Post Evacuate Collection Set: 13.4ms
[2026-01-16T09:03:10.669+0000][gc,phases   ] GC(618)   Other: 6.2ms
[2026-01-16T09:03:10.671+0000][gc,heap     ] GC(618) Eden regions: 48->0(49)
[2026-01-16T09:03:10.671+0000][gc,heap     ] GC(618) Survivor regions: 3->2(7)
[2026-01-16T09:03:10.671+0000][gc,heap     ] GC(618) Old regions: 194->194
[2026-01-16T09:03:10.671+0000][gc,heap     ] GC(618) Humongous regions: 69->69
[2026-01-16T09:03:10.672+0000][gc,metaspace] GC(618) Metaspace: 12671K(13120K)->12671K(13120K) NonClass: 11583K(11776K)->11583K(11776K) Class: 1088K(1344K)->1088K(1344K)
[2026-01-16T09:03:10.672+0000][gc          ] GC(618) Pause Young (Normal) (G1 Evacuation Pause) 312M->263M(1024M) 142.075ms
[2026-01-16T09:03:10.672+0000][gc,cpu      ] GC(618) User=0.10s Sys=0.02s Real=0.14s
[2026-01-16T09:03:12.897+0000][gc,start    ] GC(619) Pause Young (Normal) (G1 Evacuation Pause)
[2026-01-16T09:03:12.901+0000][gc,task     ] GC(619) Using 8 workers of 8 for evacuation
[2026-01-16T09:03:13.025+0000][gc,phases   ] GC(619)   Pre Evacuate Collection Set: 20.3ms
[2026-01-16T09:03:13.026+0000][gc,phases   ] GC(619)   Merge Heap Roots: 1.6ms
[2026-01-16T09:03:13.026+0000][gc,phases   ] GC(619)   Evacuate Collection Set: 89.1ms
[2026-01-16T09:03:13.027+0000][gc,phases   ] GC(619)   Post Evacuate Collection Set: 11.8ms
[2026-01-16T09:03:13.028+0000][gc,phases   ] GC(619)   Other: 0.8ms
[2026-01-16T09:03:13.029+0000][gc,heap     ] GC(619) Eden regions: 49->0(49)
[2026-01-16T09:03:13.029+0000][gc,heap     ] GC(619) Survivor regions: 2->2(7)
[2026-01-16T09:03:13.029+0000][gc,heap     ] GC(619) Old regions: 194->194
[2026-01-16T09:03:13.030+0000][gc,heap     ] GC(619) Humongous regions: 69->69
[2026-01-16T09:03:13.030+0000][gc,metaspace] GC(619) Metaspace: 12671K(13120K)->12671K(13120K) NonClass: 11583K(11776K)->11583K(11776K) Class: 1088K(1344K)->1088K(1344K)
[2026-01-16T09:03:13.030+0000][gc          ] GC(619) Pause Young (Normal) (G1 Evacuation Pause) 312M->264M(1024M) 133.254ms
[2026-01-16T09:03:13.031+0000][gc,cpu      ] GC(619) User=0.09s Sys=0.01s Real=0.13s
[2026-01-16T09:03:20.284+0000][gc,start    ] GC(620) Pause Young (Normal) (G1 Evacuation Pause)
[2026-01-16T09:03:20.287+0000][gc,task     ] GC(620) Using 8 workers of 8 for evacuation
[2026-01-16T09:03:20.813+0000][gc,mmu      ] GC(620) MMU target violated: 201.0ms (200.0ms/201.0ms)
[2026-01-16T09:03:20.814+0000][gc,phases   ] GC(620)   Pre Evacuate Collection Set: 57.2ms
[2026-01-16T09:03:20.815+0000][gc,phases   ] GC(620)   Merge Heap Roots: 14.8ms
[2026-01-16T09:03:20.816+0000][gc,phases   ] GC(620)   Evacuate Collection Set: 417.5ms
[2026-01-16T09:03:20.818+0000][gc,phases   ] GC(620)   Post Evacuate Collection Set: 31.9ms
[2026-01-16T09:03:20.819+0000][gc,phases   ] GC(620)   Other: 5.9ms
[2026-01-16T09:03:20.820+0000][gc,heap     ] GC(620) Eden regions: 68->0(49)
[2026-01-16T09:03:20.821+0000][gc,heap     ] GC(620) Survivor regions: 2->2(9)
[2026-01-16T09:03:20.825+0000][gc,heap     ] GC(620) Old regions: 194->194
[2026-01-16T09:03:20.829+0000][gc,heap     ] GC(620) Humongous regions: 69->69
[2026-01-16T09:03:20.831+0000][gc,metaspace] GC(620) Metaspace: 12674K(13120K)->12674K(13120K) NonClass: 11586K(11776K)->11586K(11776K) Class: 1088K(1344K)->1088K(1344K)
[2026-01-16T09:03:20.831+0000][gc          ] GC(620) Pause Young (Normal) (G1 Evacuation Pause) 332M->263M(1024M) 547.845ms
[2026-01-16T09:03:20.833+0000][gc,cpu      ] GC(620) User=0.27s Sys=0.03s Real=0.55s
[2026-01-16T09:03:27.610+0000][gc,start    ] GC(621) Pause Young (Normal) (G1 Evacuation Pause)
[2026-01-16T09:03:27.629+0000][gc,task     ] GC(621) Using 8 workers of 8 for evacuation
[2026-01-16T09:03:28.662+0000][gc,mmu      ] GC(621) MMU target violated: 201.0ms (200.0ms/201.0ms)
[2026-01-16T09:03:28.663+0000][gc,phases   ] GC(621)   Pre Evacuate Collection Set: 39.5ms
[2026-01-16T09:03:28.665+0000][gc,phases   ] GC(621)   Merge Heap Roots: 57.4ms
[2026-01-16T09:03:28.666+0000][gc,phases   ] GC(621)   Evacuate Collection Set: 784.7ms
[2026-01-16T09:03:28.666+0000][gc,phases   ] GC(621)   Post Evacuate Collection Set: 130.0ms
[2026-01-16T09:03:28.670+0000][gc,phases   ] GC(621)   Other: 23.2ms
[2026-01-16T09:03:28.671+0000][gc,heap     ] GC(621) Eden regions: 49->0(49)
[2026-01-16T09:03:28.673+0000][gc,heap     ] GC(621) Survivor regions: 2->2(7)
[2026-01-16T09:03:28.676+0000][gc,heap     ] GC(621) Old regions: 194->194
[2026-01-16T09:03:28.678+0000][gc,heap     ] GC(621) Humongous regions: 69->69
[2026-01-16T09:03:28.678+0000][gc,metaspace] GC(621) Metaspace: 12675K(13120K)->12675K(13120K) NonClass: 11587K(11776K)->11587K(11776K) Class: 1088K(1344K)->1088K(1344K)
[2026-01-16T09:03:28.682+0000][gc          ] GC(621) Pause Young (Normal) (G1 Evacuation Pause) 312M->264M(1024M) 1071.713ms
[2026-01-16T09:03:28.684+0000][gc,cpu      ] GC(621) User=0.47s Sys=0.06s Real=1.07s
[2026-01-16T09:03:36.941+0000][gc,start    ] GC(622) Pause Young (Normal) (G1 Evacuation Pause)
[2026-01-16T09:03:36.942+0000][gc,task     ] GC(622) Using 8 workers of 8 for evacuation
[2026-01-16T09:03:37.795+0000][gc,mmu      ] GC(622) MMU target violated: 201.0ms (200.0ms/201.0ms)
[2026-01-16T09:03:37.804+0000][gc,phases   ] GC(622)   Pre Evacuate Collection Set: 24.1ms
[2026-01-16T09:03:37.806+0000][gc,phases   ] GC(622)   Merge Heap Roots: 17.7ms
[2026-01-16T09:03:37.808+0000][gc,phases   ] GC(622)   Evacuate Collection Set: 760.2ms
[2026-01-16T09:03:37.811+0000][gc,phases   ] GC(622)   Post Evacuate Collection Set: 43.6ms
[2026-01-16T09:03:37.813+0000][gc,phases   ] GC(622)   Other: 16.1ms
[2026-01-16T09:03:37.814+0000][gc,heap     ] GC(622) Eden regions: 49->0(48)
[2026-01-16T09:03:37.816+0000][gc,heap     ] GC(622) Survivor regions: 2->3(7)
[2026-01-16T09:03:37.819+0000][gc,heap     ] GC(622) Old regions: 194->194
[2026-01-16T09:03:37.819+0000][gc,heap     ] GC(622) Humongous regions: 78->78
[2026-01-16T09:03:37.821+0000][gc,metaspace] GC(622) Metaspace: 12677K(13120K)->12677K(13120K) NonClass: 11589K(11776K)->11589K(11776K) Class: 1088K(1344K)->1088K(1344K)
[2026-01-16T09:03:37.830+0000][gc          ] GC(622) Pause Young (Normal) (G1 Evacuation Pause) 322M->274M(1024M) 889.236ms
[2026-01-16T09:03:37.834+0000][gc,cpu      ] GC(622) User=0.47s Sys=0.06s Real=0.90s
[2026-01-16T09:03:40.807+0000][gc,start    ] GC(623) Pause Young (Normal) (G1 Evacuation Pause)
[2026-01-16T09:03:40.810+0000][gc,task     ] GC(623) Using 8 workers of 8 for evacuation
[2026-01-16T09:03:41.016+0000][gc,mmu      ] GC(623) MMU target violated: 201.0ms (200.0ms/201.0ms)
[2026-01-16T09:03:41.017+0000][gc,phases   ] GC(623)   Pre Evacuate Collection Set: 51.7ms
[2026-01-16T09:03:41.017+0000][gc,phases   ] GC(623)   Merge Heap Roots: 6.9ms
[2026-01-16T09:03:41.018+0000][gc,phases   ] GC(623)   Evacuate Collection Set: 132.5ms
[2026-01-16T09:03:41.018+0000][gc,phases   ] GC(623)   Post Evacuate Collection Set: 13.6ms
[2026-01-16T09:03:41.019+0000][gc,phases   ] GC(623)   Other: 2.7ms
[2026-01-16T09:03:41.019+0000][gc,heap     ] GC(623) Eden regions: 48->0(47)
[2026-01-16T09:03:41.019+0000][gc,heap     ] GC(623) Survivor regions: 3->4(7)
[2026-01-16T09:03:41.020+0000][gc,heap     ] GC(623) Old regions: 194->194
[2026-01-16T09:03:41.020+0000][gc,heap     ] GC(623) Humongous regions: 78->78
[2026-01-16T09:03:41.021+0000][gc,metaspace] GC(623) Metaspace: 12677K(13120K)->12677K(13120K) NonClass: 11589K(11776K)->11589K(11776K) Class: 1088K(1344K)->1088K(1344K)
[2026-01-16T09:03:41.022+0000][gc          ] GC(623) Pause Young (Normal) (G1 Evacuation Pause) 322M->274M(1024M) 214.502ms
[2026-01-16T09:03:41.022+0000][gc,cpu      ] GC(623) User=0.21s Sys=0.02s Real=0.22s
[2026-01-16T09:03:42.013+0000][gc,start    ] GC(624) Pause Young (Normal) (G1 Evacuation Pause)
[2026-01-16T09:03:42.014+0000][gc,task     ] GC(624) Using 8 workers of 8 for evacuation
[2026-01-16T09:03:42.079+0000][gc,phases   ] GC(624)   Pre Evacuate Collection Set: 2.3ms
[2026-01-16T09:03:42.081+0000][gc,phases   ] GC(624)   Merge Heap Roots: 2.8ms
[2026-01-16T09:03:42.081+0000][gc,phases   ] GC(624)   Evacuate Collection Set: 56.6ms
[2026-01-16T09:03:42.081+0000][gc,phases   ] GC(624)   Post Evacuate Collection Set: 2.2ms
[2026-01-16T09:03:42.081+0000][gc,phases   ] GC(624)   Other: 0.8ms
[2026-01-16T09:03:42.082+0000][gc,heap     ] GC(624) Eden regions: 47->0(48)
[2026-01-16T09:03:42.082+0000][gc,heap     ] GC(624) Survivor regions: 4->3(7)
[2026-01-16T09:03:42.082+0000][gc,heap     ] GC(624) Old regions: 194->194
[2026-01-16T09:03:42.085+0000][gc,heap     ] GC(624) Humongous regions: 78->78
[2026-01-16T09:03:42.087+0000][gc,metaspace] GC(624) Metaspace: 12680K(13120K)->12680K(13120K) NonClass: 11592K(11776K)->11592K(11776K) Class: 1088K(1344K)->1088K(1344K)
[2026-01-16T09:03:42.087+0000][gc          ] GC(624) Pause Young (Normal) (G1 Evacuation Pause) 321M->273M(1024M) 74.118ms
[2026-01-16T09:03:42.088+0000][gc,cpu      ] GC(624) User=0.05s Sys=0.00s Real=0.07s
[2026-01-16T09:03:43.140+0000][gc,start    ] GC(625) Pause Young (Normal) (G1 Evacuation Pause)
[2026-01-16T09:03:43.144+0000][gc,task     ] GC(625) Using 8 workers of 8 for evacuation
[2026-01-16T09:03:43.333+0000][gc,phases   ] GC(625)   Pre Evacuate Collection Set: 1.3ms
[2026-01-16T09:03:43.335+0000][gc,phases   ] GC(625)   Merge Heap Roots: 1.5ms
[2026-01-16T09:03:43.335+0000][gc,phases   ] GC(625)   Evacuate Collection Set: 172.2ms
[2026-01-16T09:03:43.336+0000][gc,phases   ] GC(625)   Post Evacuate Collection Set: 13.2ms
[2026-01-16T09:03:43.337+0000][gc,phases   ] GC(625)   Other: 1.3ms
[2026-01-16T09:03:43.338+0000][gc,heap     ] GC(625) Eden regions: 48->0(48)
[2026-01-16T09:03:43.338+0000][gc,heap     ] GC(625) Survivor regions: 3->3(7)
[2026-01-16T09:03:43.339+0000][gc,heap     ] GC(625) Old regions: 194->194
[2026-01-16T09:03:43.340+0000][gc,heap     ] GC(625) Humongous regions: 78->78
[2026-01-16T09:03:43.342+0000][gc,metaspace] GC(625) Metaspace: 12688K(13120K)->12688K(13120K) NonClass: 11600K(11776K)->11600K(11776K) Class: 1088K(1344K)->1088K(1344K)
[2026-01-16T09:03:43.343+0000][gc          ] GC(625) Pause Young (Normal) (G1 Evacuation Pause) 321M->274M(1024M) 203.054ms
[2026-01-16T09:03:43.347+0000][gc,cpu      ] GC(625) User=0.11s Sys=0.01s Real=0.21s
[2026-01-16T09:03:47.652+0000][gc,start    ] GC(626) Pause Young (Normal) (G1 Evacuation Pause)
[2026-01-16T09:03:47.725+0000][gc,task     ] GC(626) Using 8 workers of 8 for evacuation
[2026-01-16T09:03:48.675+0000][gc,mmu      ] GC(626) MMU target violated: 201.0ms (200.0ms/201.0ms)
[2026-01-16T09:03:48.676+0000][gc,phases   ] GC(626)   Pre Evacuate Collection Set: 83.1ms
[2026-01-16T09:03:48.676+0000][gc,phases   ] GC(626)   Merge Heap Roots: 10.1ms
[2026-01-16T09:03:48.676+0000][gc,phases   ] GC(626)   Evacuate Collection Set: 830.7ms
[2026-01-16T09:03:48.677+0000][gc,phases   ] GC(626)   Post Evacuate Collection Set: 21.6ms
[2026-01-16T09:03:48.677+0000][gc,phases   ] GC(626)   Other: 18.4ms
[2026-01-16T09:03:48.677+0000][gc,heap     ] GC(626) Eden regions: 48->0(47)
[2026-01-16T09:03:48.678+0000][gc,heap     ] GC(626) Survivor regions: 3->4(7)
[2026-01-16T09:03:48.678+0000][gc,heap     ] GC(626) Old regions: 194->194
[2026-01-16T09:03:48.679+0000][gc,heap     ] GC(626) Humongous regions: 78->78
[2026-01-16T09:03:48.680+0000][gc,metaspace] GC(626) Metaspace: 12688K(13120K)->12688K(13120K) NonClass: 11600K(11776K)->11600K(11776K) Class: 1088K(1344K)->1088K(1344K)
[2026-01-16T09:03:48.692+0000][gc          ] GC(626) Pause Young (Normal) (G1 Evacuation Pause) 322M->275M(1024M) 1040.353ms
[2026-01-16T09:03:48.693+0000][gc,cpu      ] GC(626) User=0.40s Sys=0.05s Real=1.06s
[2026-01-16T09:03:50.125+0000][gc,start    ] GC(627) Pause Young (Normal) (G1 Evacuation Pause)
[2026-01-16T09:03:50.126+0000][gc,task     ] GC(627) Using 8 workers of 8 for evacuation
[2026-01-16T09:03:50.255+0000][gc,phases   ] GC(627)   Pre Evacuate Collection Set: 16.3ms
[2026-01-16T09:03:50.255+0000][gc,phases   ] GC(627)   Merge Heap Roots: 0.7ms
[2026-01-16T09:03:50.255+0000][gc,phases   ] GC(627)   Evacuate Collection Set: 105.2ms
[2026-01-16T09:03:50.256+0000][gc,phases   ] GC(627)   Post Evacuate Collection Set: 2.8ms
[2026-01-16T09:03:50.256+0000][gc,phases   ] GC(627)   Other: 3.3ms
[2026-01-16T09:03:50.261+0000][gc,heap     ] GC(627) Eden regions: 47->0(48)
[2026-01-16T09:03:50.261+0000][gc,heap     ] GC(627) Survivor regions: 4->3(7)
[2026-01-16T09:03:50.262+0000][gc,heap     ] GC(627) Old regions: 194->194
[2026-01-16T09:03:50.263+0000][gc,heap     ] GC(627) Humongous regions: 78->78
[2026-01-16T09:03:50.265+0000][gc,metaspace] GC(627) Metaspace: 12688K(13120K)->12688K(13120K) NonClass: 11600K(11776K)->11600K(11776K) Class: 1088K(1344K)->1088K(1344K)
[2026-01-16T09:03:50.268+0000][gc          ] GC(627) Pause Young (Normal) (G1 Evacuation Pause) 322M->274M(1024M) 142.956ms
[2026-01-16T09:03:50.271+0000][gc,cpu      ] GC(627) User=0.07s Sys=0.01s Real=0.14s
[2026-01-16T09:03:51.953+0000][gc,start    ] GC(628) Pause Young (Normal) (G1 Evacuation Pause)
[2026-01-16T09:03:51.957+0000][gc,task     ] GC(628) Using 8 workers of 8 for evacuation
[2026-01-16T09:03:52.144+0000][gc,phases   ] GC(628)   Pre Evacuate Collection Set: 14.5ms
[2026-01-16T09:03:52.146+0000][gc,phases   ] GC(628)   Merge Heap Roots: 0.5ms
[2026-01-16T09:03:52.147+0000][gc,phases   ] GC(628)   Evacuate Collection Set: 169.2ms
[2026-01-16T09:03:52.147+0000][gc,phases   ] GC(628)   Post Evacuate Collection Set: 2.1ms
[2026-01-16T09:03:52.147+0000][gc,phases   ] GC(628)   Other: 0.7ms
[2026-01-16T09:03:52.147+0000][gc,heap     ] GC(628) Eden regions: 48->0(49)
[2026-01-16T09:03:52.147+0000][gc,heap     ] GC(628) Survivor regions: 3->2(7)
[2026-01-16T09:03:52.147+0000][gc,heap     ] GC(628) Old regions: 194->194
[2026-01-16T09:03:52.147+0000][gc,heap     ] GC(628) Humongous regions: 78->78
[2026-01-16T09:03:52.147+0000][gc,metaspace] GC(628) Metaspace: 12688K(13120K)->12688K(13120K) NonClass: 11600K(11776K)->11600K(11776K) Class: 1088K(1344K)->1088K(1344K)
[2026-01-16T09:03:52.148+0000][gc          ] GC(628) Pause Young (Normal) (G1 Evacuation Pause) 322M->273M(1024M) 195.084ms
[2026-01-16T09:03:52.148+0000][gc,cpu      ] GC(628) User=0.14s Sys=0.02s Real=0.19s
[2026-01-16T09:03:53.538+0000][gc,start    ] GC(629) Pause Young (Normal) (G1 Evacuation Pause)
[2026-01-16T09:03:53.539+0000][gc,task     ] GC(629) Using 8 workers of 8 for evacuation
[2026-01-16T09:03:53.640+0000][gc,phases   ] GC(629)   Pre Evacuate Collection Set: 5.5ms
[2026-01-16T09:03:53.643+0000][gc,phases   ] GC(629)   Merge Heap Roots: 0.4ms
[2026-01-16T09:03:53.645+0000][gc,phases   ] GC(629)   Evacuate Collection Set: 89.8ms
[2026-01-16T09:03:53.653+0000][gc,phases   ] GC(629)   Post Evacuate Collection Set: 2.7ms
[2026-01-16T09:03:53.654+0000][gc,phases   ] GC(629)   Other: 3.0ms
[2026-01-16T09:03:53.657+0000][gc,heap     ] GC(629) Eden regions: 49->0(48)
[2026-01-16T09:03:53.658+0000][gc,heap     ] GC(629) Survivor regions: 2->3(7)
[2026-01-16T09:03:53.658+0000][gc,heap     ] GC(629) Old regions: 194->194
[2026-01-16T09:03:53.659+0000][gc,heap     ] GC(629) Humongous regions: 78->78
[2026-01-16T09:03:53.660+0000][gc,metaspace] GC(629) Metaspace: 12688K(13120K)->12688K(13120K) NonClass: 11600K(11776K)->11600K(11776K) Class: 1088K(1344K)->1088K(1344K)
[2026-01-16T09:03:53.660+0000][gc          ] GC(629) Pause Young (Normal) (G1 Evacuation Pause) 322M->274M(1024M) 122.783ms
[2026-01-16T09:03:53.661+0000][gc,cpu      ] GC(629) User=0.08s Sys=0.01s Real=0.12s
[2026-01-16T09:04:04.428+0000][gc,start    ] GC(630) Pause Young (Normal) (G1 Evacuation Pause)
[2026-01-16T09:04:04.473+0000][gc,task     ] GC(630) Using 8 workers of 8 for evacuation
[2026-01-16T09:04:05.029+0000][gc,mmu      ] GC(630) MMU target violated: 201.0ms (200.0ms/201.0ms)
[2026-01-16T09:04:05.031+0000][gc,phases   ] GC(630)   Pre Evacuate Collection Set: 98.6ms
[2026-01-16T09:04:05.031+0000][gc,phases   ] GC(630)   Merge Heap Roots: 7.7ms
[2026-01-16T09:04:05.031+0000][gc,phases   ] GC(630)   Evacuate Collection Set: 391.6ms
[2026-01-16T09:04:05.032+0000][gc,phases   ] GC(630)   Post Evacuate Collection Set: 43.0ms
[2026-01-16T09:04:05.032+0000][gc,phases   ] GC(630)   Other: 12.7ms
[2026-01-16T09:04:05.033+0000][gc,heap     ] GC(630) Eden regions: 48->0(49)
[2026-01-16T09:04:05.033+0000][gc,heap     ] GC(630) Survivor regions: 3->2(7)
[2026-01-16T09:04:05.033+0000][gc,heap     ] GC(630) Old regions: 194->195
[2026-01-16T09:04:05.033+0000][gc,heap     ] GC(630) Humongous regions: 78->78
[2026-01-16T09:04:05.034+0000][gc,metaspace] GC(630) Metaspace: 12688K(13120K)->12688K(13120K) NonClass: 11600K(11776K)->11600K(11776K) Class: 1088K(1344K)->1088K(1344K)
[2026-01-16T09:04:05.035+0000][gc          ] GC(630) Pause Young (Normal) (G1 Evacuation Pause) 322M->273M(1024M) 611.243ms
[2026-01-16T09:04:05.036+0000][gc,cpu      ] GC(630) User=0.20s Sys=0.02s Real=0.61s
[2026-01-16T09:04:08.691+0000][gc,start    ] GC(631) Pause Young (Normal) (G1 Evacuation Pause)
[2026-01-16T09:04:08.692+0000][gc,task     ] GC(631) Using 8 workers of 8 for evacuation
[2026-01-16T09:04:08.860+0000][gc,phases   ] GC(631)   Pre Evacuate Collection Set: 24.5ms
[2026-01-16T09:04:08.863+0000][gc,phases   ] GC(631)   Merge Heap Roots: 9.9ms
[2026-01-16T09:04:08.863+0000][gc,phases   ] GC(631)   Evacuate Collection Set: 126.8ms
[2026-01-16T09:04:08.863+0000][gc,phases   ] GC(631)   Post Evacuate Collection Set: 6.2ms
[2026-01-16T09:04:08.864+0000][gc,phases   ] GC(631)   Other: 0.4ms
[2026-01-16T09:04:08.864+0000][gc,heap     ] GC(631) Eden regions: 49->0(49)
[2026-01-16T09:04:08.864+0000][gc,heap     ] GC(631) Survivor regions: 2->2(7)
[2026-01-16T09:04:08.864+0000][gc,heap     ] GC(631) Old regions: 195->195
[2026-01-16T09:04:08.864+0000][gc,heap     ] GC(631) Humongous regions: 87->87
[2026-01-16T09:04:08.864+0000][gc,metaspace] GC(631) Metaspace: 12688K(13120K)->12688K(13120K) NonClass: 11600K(11776K)->11600K(11776K) Class: 1088K(1344K)->1088K(1344K)
[2026-01-16T09:04:08.864+0000][gc          ] GC(631) Pause Young (Normal) (G1 Evacuation Pause) 331M->282M(1024M) 173.368ms
[2026-01-16T09:04:08.864+0000][gc,cpu      ] GC(631) User=0.15s Sys=0.01s Real=0.18s
[2026-01-16T09:04:10.776+0000][gc,start    ] GC(632) Pause Young (Normal) (G1 Evacuation Pause)
[2026-01-16T09:04:10.792+0000][gc,task     ] GC(632) Using 8 workers of 8 for evacuation
[2026-01-16T09:04:11.091+0000][gc,mmu      ] GC(632) MMU target violated: 201.0ms (200.0ms/201.0ms)
[2026-01-16T09:04:11.093+0000][gc,phases   ] GC(632)   Pre Evacuate Collection Set: 15.5ms
[2026-01-16T09:04:11.096+0000][gc,phases   ] GC(632)   Merge Heap Roots: 8.0ms
[2026-01-16T09:04:11.097+0000][gc,phases   ] GC(632)   Evacuate Collection Set: 257.8ms
[2026-01-16T09:04:11.097+0000][gc,phases   ] GC(632)   Post Evacuate Collection Set: 12.7ms
[2026-01-16T09:04:11.097+0000][gc,phases   ] GC(632)   Other: 6.2ms
[2026-01-16T09:04:11.098+0000][gc,heap     ] GC(632) Eden regions: 49->0(48)
[2026-01-16T09:04:11.098+0000][gc,heap     ] GC(632) Survivor regions: 2->3(7)
[2026-01-16T09:04:11.099+0000][gc,heap     ] GC(632) Old regions: 195->195
[2026-01-16T09:04:11.100+0000][gc,heap     ] GC(632) Humongous regions: 87->87
[2026-01-16T09:04:11.100+0000][gc,metaspace] GC(632) Metaspace: 12688K(13120K)->12688K(13120K) NonClass: 11600K(11776K)->11600K(11776K) Class: 1088K(1344K)->1088K(1344K)
[2026-01-16T09:04:11.101+0000][gc          ] GC(632) Pause Young (Normal) (G1 Evacuation Pause) 331M->283M(1024M) 325.363ms
[2026-01-16T09:04:11.103+0000][gc,cpu      ] GC(632) User=0.17s Sys=0.02s Real=0.33s
[2026-01-16T09:04:14.934+0000][gc,start    ] GC(633) Pause Young (Normal) (G1 Evacuation Pause)
[2026-01-16T09:04:14.935+0000][gc,task     ] GC(633) Using 8 workers of 8 for evacuation
[2026-01-16T09:04:15.232+0000][gc,mmu      ] GC(633) MMU target violated: 201.0ms (200.0ms/201.0ms)
[2026-01-16T09:04:15.233+0000][gc,phases   ] GC(633)   Pre Evacuate Collection Set: 34.9ms
[2026-01-16T09:04:15.233+0000][gc,phases   ] GC(633)   Merge Heap Roots: 11.4ms
[2026-01-16T09:04:15.235+0000][gc,phases   ] GC(633)   Evacuate Collection Set: 200.3ms
[2026-01-16T09:04:15.235+0000][gc,phases   ] GC(633)   Post Evacuate Collection Set: 30.3ms
[2026-01-16T09:04:15.235+0000][gc,phases   ] GC(633)   Other: 20.6ms
[2026-01-16T09:04:15.237+0000][gc,heap     ] GC(633) Eden regions: 48->0(49)
[2026-01-16T09:04:15.237+0000][gc,heap     ] GC(633) Survivor regions: 3->2(7)
[2026-01-16T09:04:15.238+0000][gc,heap     ] GC(633) Old regions: 195->195
[2026-01-16T09:04:15.238+0000][gc,heap     ] GC(633) Humongous regions: 87->87
[2026-01-16T09:04:15.238+0000][gc,metaspace] GC(633) Metaspace: 12688K(13120K)->12688K(13120K) NonClass: 11600K(11776K)->11600K(11776K) Class: 1088K(1344K)->1088K(1344K)
[2026-01-16T09:04:15.239+0000][gc          ] GC(633) Pause Young (Normal) (G1 Evacuation Pause) 331M->282M(1024M) 305.604ms
[2026-01-16T09:04:15.241+0000][gc,cpu      ] GC(633) User=0.17s Sys=0.01s Real=0.30s
[2026-01-16T09:04:20.389+0000][gc,start    ] GC(634) Pause Young (Normal) (G1 Evacuation Pause)
[2026-01-16T09:04:20.394+0000][gc,task     ] GC(634) Using 8 workers of 8 for evacuation
[2026-01-16T09:04:20.782+0000][gc,mmu      ] GC(634) MMU target violated: 201.0ms (200.0ms/201.0ms)
[2026-01-16T09:04:20.783+0000][gc,phases   ] GC(634)   Pre Evacuate Collection Set: 80.3ms
[2026-01-16T09:04:20.783+0000][gc,phases   ] GC(634)   Merge Heap Roots: 13.6ms
[2026-01-16T09:04:20.783+0000][gc,phases   ] GC(634)   Evacuate Collection Set: 281.9ms
[2026-01-16T09:04:20.785+0000][gc,phases   ] GC(634)   Post Evacuate Collection Set: 11.0ms
[2026-01-16T09:04:20.787+0000][gc,phases   ] GC(634)   Other: 1.8ms
[2026-01-16T09:04:20.790+0000][gc,heap     ] GC(634) Eden regions: 49->0(48)
[2026-01-16T09:04:20.790+0000][gc,heap     ] GC(634) Survivor regions: 2->3(7)
[2026-01-16T09:04:20.791+0000][gc,heap     ] GC(634) Old regions: 195->195
[2026-01-16T09:04:20.792+0000][gc,heap     ] GC(634) Humongous regions: 87->87
[2026-01-16T09:04:20.793+0000][gc,metaspace] GC(634) Metaspace: 12688K(13120K)->12688K(13120K) NonClass: 11600K(11776K)->11600K(11776K) Class: 1088K(1344K)->1088K(1344K)
[2026-01-16T09:04:20.794+0000][gc          ] GC(634) Pause Young (Normal) (G1 Evacuation Pause) 331M->283M(1024M) 405.776ms
[2026-01-16T09:04:20.795+0000][gc,cpu      ] GC(634) User=0.19s Sys=0.04s Real=0.41s
[2026-01-16T09:04:26.364+0000][gc,start    ] GC(635) Pause Young (Normal) (G1 Evacuation Pause)
[2026-01-16T09:04:26.368+0000][gc,task     ] GC(635) Using 8 workers of 8 for evacuation
[2026-01-16T09:04:26.987+0000][gc,mmu      ] GC(635) MMU target violated: 201.0ms (200.0ms/201.0ms)
[2026-01-16T09:04:26.990+0000][gc,phases   ] GC(635)   Pre Evacuate Collection Set: 107.5ms
[2026-01-16T09:04:26.991+0000][gc,phases   ] GC(635)   Merge Heap Roots: 20.4ms
[2026-01-16T09:04:26.992+0000][gc,phases   ] GC(635)   Evacuate Collection Set: 399.7ms
[2026-01-16T09:04:26.992+0000][gc,phases   ] GC(635)   Post Evacuate Collection Set: 85.2ms
[2026-01-16T09:04:26.993+0000][gc,phases   ] GC(635)   Other: 10.3ms
[2026-01-16T09:04:26.993+0000][gc,heap     ] GC(635) Eden regions: 48->0(49)
[2026-01-16T09:04:26.993+0000][gc,heap     ] GC(635) Survivor regions: 3->2(7)
[2026-01-16T09:04:26.993+0000][gc,heap     ] GC(635) Old regions: 195->195
[2026-01-16T09:04:26.993+0000][gc,heap     ] GC(635) Humongous regions: 87->87
[2026-01-16T09:04:26.993+0000][gc,metaspace] GC(635) Metaspace: 12689K(13120K)->12689K(13120K) NonClass: 11600K(11776K)->11600K(11776K) Class: 1088K(1344K)->1088K(1344K)
[2026-01-16T09:04:26.993+0000][gc          ] GC(635) Pause Young (Normal) (G1 Evacuation Pause) 331M->282M(1024M) 629.921ms
[2026-01-16T09:04:26.994+0000][gc,cpu      ] GC(635) User=0.26s Sys=0.02s Real=0.63s
[2026-01-16T09:04:31.772+0000][gc,start    ] GC(636) Pause Young (Normal) (G1 Evacuation Pause)
[2026-01-16T09:04:31.774+0000][gc,task     ] GC(636) Using 8 workers of 8 for evacuation
[2026-01-16T09:04:32.028+0000][gc,mmu      ] GC(636) MMU target violated: 201.0ms (200.0ms/201.0ms)
[2026-01-16T09:04:32.028+0000][gc,phases   ] GC(636)   Pre Evacuate Collection Set: 20.7ms
[2026-01-16T09:04:32.029+0000][gc,phases   ] GC(636)   Merge Heap Roots: 2.8ms
[2026-01-16T09:04:32.030+0000][gc,phases   ] GC(636)   Evacuate Collection Set: 185.0ms
[2026-01-16T09:04:32.030+0000][gc,phases   ] GC(636)   Post Evacuate Collection Set: 44.4ms
[2026-01-16T09:04:32.030+0000][gc,phases   ] GC(636)   Other: 1.8ms
[2026-01-16T09:04:32.030+0000][gc,heap     ] GC(636) Eden regions: 49->0(48)
[2026-01-16T09:04:32.030+0000][gc,heap     ] GC(636) Survivor regions: 2->3(7)
[2026-01-16T09:04:32.030+0000][gc,heap     ] GC(636) Old regions: 195->195
[2026-01-16T09:04:32.031+0000][gc,heap     ] GC(636) Humongous regions: 87->87
[2026-01-16T09:04:32.031+0000][gc,metaspace] GC(636) Metaspace: 12705K(13120K)->12705K(13120K) NonClass: 11617K(11776K)->11617K(11776K) Class: 1088K(1344K)->1088K(1344K)
[2026-01-16T09:04:32.031+0000][gc          ] GC(636) Pause Young (Normal) (G1 Evacuation Pause) 331M->283M(1024M) 258.992ms
[2026-01-16T09:04:32.031+0000][gc,cpu      ] GC(636) User=0.18s Sys=0.02s Real=0.26s
[2026-01-16T09:04:35.871+0000][gc,start    ] GC(637) Pause Young (Normal) (G1 Evacuation Pause)
[2026-01-16T09:04:35.873+0000][gc,task     ] GC(637) Using 8 workers of 8 for evacuation
[2026-01-16T09:04:36.867+0000][gc,mmu      ] GC(637) MMU target violated: 201.0ms (200.0ms/201.0ms)
[2026-01-16T09:04:36.873+0000][gc,phases   ] GC(637)   Pre Evacuate Collection Set: 134.9ms
[2026-01-16T09:04:36.874+0000][gc,phases   ] GC(637)   Merge Heap Roots: 9.0ms
[2026-01-16T09:04:36.876+0000][gc,phases   ] GC(637)   Evacuate Collection Set: 805.9ms
[2026-01-16T09:04:36.876+0000][gc,phases   ] GC(637)   Post Evacuate Collection Set: 31.4ms
[2026-01-16T09:04:36.877+0000][gc,phases   ] GC(637)   Other: 20.5ms
[2026-01-16T09:04:36.877+0000][gc,heap     ] GC(637) Eden regions: 48->0(48)
[2026-01-16T09:04:36.877+0000][gc,heap     ] GC(637) Survivor regions: 3->3(7)
[2026-01-16T09:04:36.878+0000][gc,heap     ] GC(637) Old regions: 195->195
[2026-01-16T09:04:36.879+0000][gc,heap     ] GC(637) Humongous regions: 87->87
[2026-01-16T09:04:36.881+0000][gc,metaspace] GC(637) Metaspace: 12705K(13120K)->12705K(13120K) NonClass: 11617K(11776K)->11617K(11776K) Class: 1088K(1344K)->1088K(1344K)
[2026-01-16T09:04:36.887+0000][gc          ] GC(637) Pause Young (Normal) (G1 Evacuation Pause) 331M->284M(1024M) 1017.005ms
[2026-01-16T09:04:36.888+0000][gc,cpu      ] GC(637) User=0.34s Sys=0.03s Real=1.04s
[2026-01-16T09:04:40.457+0000][gc,start    ] GC(638) Pause Young (Normal) (G1 Evacuation Pause)
[2026-01-16T09:04:40.458+0000][gc,task     ] GC(638) Using 8 workers of 8 for evacuation
[2026-01-16T09:04:40.843+0000][gc,mmu      ] GC(638) MMU target violated: 201.0ms (200.0ms/201.0ms)
[2026-01-16T09:04:40.849+0000][gc,phases   ] GC(638)   Pre Evacuate Collection Set: 79.6ms
[2026-01-16T09:04:40.852+0000][gc,phases   ] GC(638)   Merge Heap Roots: 5.7ms
[2026-01-16T09:04:40.852+0000][gc,phases   ] GC(638)   Evacuate Collection Set: 236.5ms
[2026-01-16T09:04:40.853+0000][gc,phases   ] GC(638)   Post Evacuate Collection Set: 60.3ms
[2026-01-16T09:04:40.856+0000][gc,phases   ] GC(638)   Other: 9.0ms
[2026-01-16T09:04:40.858+0000][gc,heap     ] GC(638) Eden regions: 48->0(49)
[2026-01-16T09:04:40.864+0000][gc,heap     ] GC(638) Survivor regions: 3->2(7)
[2026-01-16T09:04:40.865+0000][gc,heap     ] GC(638) Old regions: 195->195
[2026-01-16T09:04:40.866+0000][gc,heap     ] GC(638) Humongous regions: 87->87
[2026-01-16T09:04:40.874+0000][gc,metaspace] GC(638) Metaspace: 12705K(13120K)->12705K(13120K) NonClass: 11617K(11776K)->11617K(11776K) Class: 1088K(1344K)->1088K(1344K)
[2026-01-16T09:04:40.875+0000][gc          ] GC(638) Pause Young (Normal) (G1 Evacuation Pause) 332M->283M(1024M) 418.320ms
[2026-01-16T09:04:40.876+0000][gc,cpu      ] GC(638) User=0.16s Sys=0.01s Real=0.42s
[2026-01-16T09:04:42.953+0000][gc,start    ] GC(639) Pause Young (Normal) (G1 Evacuation Pause)
[2026-01-16T09:04:42.959+0000][gc,task     ] GC(639) Using 8 workers of 8 for evacuation
[2026-01-16T09:04:43.273+0000][gc,mmu      ] GC(639) MMU target violated: 201.0ms (200.0ms/201.0ms)
[2026-01-16T09:04:43.279+0000][gc,phases   ] GC(639)   Pre Evacuate Collection Set: 19.6ms
[2026-01-16T09:04:43.280+0000][gc,phases   ] GC(639)   Merge Heap Roots: 1.2ms
[2026-01-16T09:04:43.281+0000][gc,phases   ] GC(639)   Evacuate Collection Set: 281.8ms
[2026-01-16T09:04:43.282+0000][gc,phases   ] GC(639)   Post Evacuate Collection Set: 9.4ms
[2026-01-16T09:04:43.282+0000][gc,phases   ] GC(639)   Other: 13.2ms
[2026-01-16T09:04:43.282+0000][gc,heap     ] GC(639) Eden regions: 49->0(48)
[2026-01-16T09:04:43.282+0000][gc,heap     ] GC(639) Survivor regions: 2->3(7)
[2026-01-16T09:04:43.283+0000][gc,heap     ] GC(639) Old regions: 195->195
[2026-01-16T09:04:43.283+0000][gc,heap     ] GC(639) Humongous regions: 87->87
[2026-01-16T09:04:43.283+0000][gc,metaspace] GC(639) Metaspace: 12705K(13120K)->12705K(13120K) NonClass: 11617K(11776K)->11617K(11776K) Class: 1088K(1344K)->1088K(1344K)
[2026-01-16T09:04:43.284+0000][gc          ] GC(639) Pause Young (Normal) (G1 Evacuation Pause) 332M->283M(1024M) 330.452ms
[2026-01-16T09:04:43.284+0000][gc,cpu      ] GC(639) User=0.10s Sys=0.01s Real=0.33s
[2026-01-16T09:04:46.341+0000][gc,start    ] GC(640) Pause Young (Normal) (G1 Evacuation Pause)
[2026-01-16T09:04:46.349+0000][gc,task     ] GC(640) Using 8 workers of 8 for evacuation
[2026-01-16T09:04:46.709+0000][gc,mmu      ] GC(640) MMU target violated: 201.0ms (200.0ms/201.0ms)
[2026-01-16T09:04:46.711+0000][gc,phases   ] GC(640)   Pre Evacuate Collection Set: 12.4ms
[2026-01-16T09:04:46.714+0000][gc,phases   ] GC(640)   Merge Heap Roots: 8.8ms
[2026-01-16T09:04:46.714+0000][gc,phases   ] GC(640)   Evacuate Collection Set: 139.1ms
[2026-01-16T09:04:46.715+0000][gc,phases   ] GC(640)   Post Evacuate Collection Set: 196.9ms
[2026-01-16T09:04:46.716+0000][gc,phases   ] GC(640)   Other: 5.5ms
[2026-01-16T09:04:46.717+0000][gc,heap     ] GC(640) Eden regions: 48->0(49)
[2026-01-16T09:04:46.718+0000][gc,heap     ] GC(640) Survivor regions: 3->2(7)
[2026-01-16T09:04:46.718+0000][gc,heap     ] GC(640) Old regions: 195->195
[2026-01-16T09:04:46.722+0000][gc,heap     ] GC(640) Humongous regions: 87->87
[2026-01-16T09:04:46.722+0000][gc,metaspace] GC(640) Metaspace: 12705K(13120K)->12705K(13120K) NonClass: 11617K(11776K)->11617K(11776K) Class: 1088K(1344K)->1088K(1344K)
[2026-01-16T09:04:46.723+0000][gc          ] GC(640) Pause Young (Normal) (G1 Evacuation Pause) 331M->283M(1024M) 381.124ms
[2026-01-16T09:04:46.723+0000][gc,cpu      ] GC(640) User=0.09s Sys=0.04s Real=0.39s
[2026-01-16T09:04:51.927+0000][gc,start    ] GC(641) Pause Young (Normal) (G1 Evacuation Pause)
[2026-01-16T09:04:51.929+0000][gc,task     ] GC(641) Using 8 workers of 8 for evacuation
[2026-01-16T09:04:52.617+0000][gc,mmu      ] GC(641) MMU target violated: 201.0ms (200.0ms/201.0ms)
[2026-01-16T09:04:52.621+0000][gc,phases   ] GC(641)   Pre Evacuate Collection Set: 88.9ms
[2026-01-16T09:04:52.626+0000][gc,phases   ] GC(641)   Merge Heap Roots: 5.5ms
[2026-01-16T09:04:52.629+0000][gc,phases   ] GC(641)   Evacuate Collection Set: 556.0ms
[2026-01-16T09:04:52.632+0000][gc,phases   ] GC(641)   Post Evacuate Collection Set: 33.0ms
[2026-01-16T09:04:52.633+0000][gc,phases   ] GC(641)   Other: 8.1ms
[2026-01-16T09:04:52.634+0000][gc,heap     ] GC(641) Eden regions: 49->0(48)
[2026-01-16T09:04:52.635+0000][gc,heap     ] GC(641) Survivor regions: 2->3(7)
[2026-01-16T09:04:52.638+0000][gc,heap     ] GC(641) Old regions: 195->195
[2026-01-16T09:04:52.639+0000][gc,heap     ] GC(641) Humongous regions: 87->87
[2026-01-16T09:04:52.640+0000][gc,metaspace] GC(641) Metaspace: 12705K(13120K)->12705K(13120K) NonClass: 11617K(11776K)->11617K(11776K) Class: 1088K(1344K)->1088K(1344K)
[2026-01-16T09:04:52.643+0000][gc          ] GC(641) Pause Young (Normal) (G1 Evacuation Pause) 332M->284M(1024M) 716.353ms
[2026-01-16T09:04:52.644+0000][gc,cpu      ] GC(641) User=0.30s Sys=0.02s Real=0.72s
[2026-01-16T09:04:56.284+0000][gc,start    ] GC(642) Pause Young (Normal) (G1 Evacuation Pause)
[2026-01-16T09:04:56.286+0000][gc,task     ] GC(642) Using 8 workers of 8 for evacuation
[2026-01-16T09:04:56.628+0000][gc,mmu      ] GC(642) MMU target violated: 201.0ms (200.0ms/201.0ms)
[2026-01-16T09:04:56.630+0000][gc,phases   ] GC(642)   Pre Evacuate Collection Set: 26.5ms
[2026-01-16T09:04:56.630+0000][gc,phases   ] GC(642)   Merge Heap Roots: 3.2ms
[2026-01-16T09:04:56.631+0000][gc,phases   ] GC(642)   Evacuate Collection Set: 300.5ms
[2026-01-16T09:04:56.632+0000][gc,phases   ] GC(642)   Post Evacuate Collection Set: 10.0ms
[2026-01-16T09:04:56.632+0000][gc,phases   ] GC(642)   Other: 4.7ms
[2026-01-16T09:04:56.633+0000][gc,heap     ] GC(642) Eden regions: 48->0(49)
[2026-01-16T09:04:56.634+0000][gc,heap     ] GC(642) Survivor regions: 3->2(7)
[2026-01-16T09:04:56.638+0000][gc,heap     ] GC(642) Old regions: 195->195
[2026-01-16T09:04:56.641+0000][gc,heap     ] GC(642) Humongous regions: 87->87
[2026-01-16T09:04:56.644+0000][gc,metaspace] GC(642) Metaspace: 12705K(13120K)->12705K(13120K) NonClass: 11617K(11776K)->11617K(11776K) Class: 1088K(1344K)->1088K(1344K)
[2026-01-16T09:04:56.644+0000][gc          ] GC(642) Pause Young (Normal) (G1 Evacuation Pause) 332M->283M(1024M) 360.731ms
[2026-01-16T09:04:56.646+0000][gc,cpu      ] GC(642) User=0.14s Sys=0.01s Real=0.36s
[2026-01-16T09:05:00.765+0000][gc,start    ] GC(643) Pause Young (Normal) (G1 Evacuation Pause)
[2026-01-16T09:05:00.776+0000][gc,task     ] GC(643) Using 8 workers of 8 for evacuation
[2026-01-16T09:05:01.326+0000][gc,mmu      ] GC(643) MMU target violated: 201.0ms (200.0ms/201.0ms)
[2026-01-16T09:05:01.335+0000][gc,phases   ] GC(643)   Pre Evacuate Collection Set: 100.8ms
[2026-01-16T09:05:01.338+0000][gc,phases   ] GC(643)   Merge Heap Roots: 6.1ms
[2026-01-16T09:05:01.342+0000][gc,phases   ] GC(643)   Evacuate Collection Set: 384.6ms
[2026-01-16T09:05:01.346+0000][gc,phases   ] GC(643)   Post Evacuate Collection Set: 57.4ms
[2026-01-16T09:05:01.349+0000][gc,phases   ] GC(643)   Other: 9.9ms
[2026-01-16T09:05:01.350+0000][gc,heap     ] GC(643) Eden regions: 49->0(48)
[2026-01-16T09:05:01.351+0000][gc,heap     ] GC(643) Survivor regions: 2->3(7)
[2026-01-16T09:05:01.353+0000][gc,heap     ] GC(643) Old regions: 195->195
[2026-01-16T09:05:01.354+0000][gc,heap     ] GC(643) Humongous regions: 87->87
[2026-01-16T09:05:01.354+0000][gc,metaspace] GC(643) Metaspace: 12705K(13120K)->12705K(13120K) NonClass: 11617K(11776K)->11617K(11776K) Class: 1088K(1344K)->1088K(1344K)
[2026-01-16T09:05:01.354+0000][gc          ] GC(643) Pause Young (Normal) (G1 Evacuation Pause) 332M->284M(1024M) 589.173ms
[2026-01-16T09:05:01.354+0000][gc,cpu      ] GC(643) User=0.22s Sys=0.01s Real=0.59s
[2026-01-16T09:05:07.241+0000][gc,start    ] GC(644) Pause Young (Normal) (G1 Evacuation Pause)
[2026-01-16T09:05:07.253+0000][gc,task     ] GC(644) Using 8 workers of 8 for evacuation
[2026-01-16T09:05:08.099+0000][gc,mmu      ] GC(644) MMU target violated: 201.0ms (200.0ms/201.0ms)
[2026-01-16T09:05:08.100+0000][gc,phases   ] GC(644)   Pre Evacuate Collection Set: 76.6ms
[2026-01-16T09:05:08.101+0000][gc,phases   ] GC(644)   Merge Heap Roots: 8.5ms
[2026-01-16T09:05:08.114+0000][gc,phases   ] GC(644)   Evacuate Collection Set: 674.4ms
[2026-01-16T09:05:08.114+0000][gc,phases   ] GC(644)   Post Evacuate Collection Set: 69.0ms
[2026-01-16T09:05:08.115+0000][gc,phases   ] GC(644)   Other: 25.6ms
[2026-01-16T09:05:08.115+0000][gc,heap     ] GC(644) Eden regions: 48->0(49)
[2026-01-16T09:05:08.123+0000][gc,heap     ] GC(644) Survivor regions: 3->2(7)
[2026-01-16T09:05:08.133+0000][gc,heap     ] GC(644) Old regions: 195->195
[2026-01-16T09:05:08.135+0000][gc,heap     ] GC(644) Humongous regions: 87->87
[2026-01-16T09:05:08.136+0000][gc,metaspace] GC(644) Metaspace: 12705K(13120K)->12705K(13120K) NonClass: 11617K(11776K)->11617K(11776K) Class: 1088K(1344K)->1088K(1344K)
[2026-01-16T09:05:08.137+0000][gc          ] GC(644) Pause Young (Normal) (G1 Evacuation Pause) 332M->283M(1024M) 895.907ms
[2026-01-16T09:05:08.138+0000][gc,cpu      ] GC(644) User=0.25s Sys=0.03s Real=0.90s
[2026-01-16T09:05:11.781+0000][gc,start    ] GC(645) Pause Young (Normal) (G1 Evacuation Pause)
[2026-01-16T09:05:11.786+0000][gc,task     ] GC(645) Using 8 workers of 8 for evacuation
[2026-01-16T09:05:12.009+0000][gc,mmu      ] GC(645) MMU target violated: 201.0ms (200.0ms/201.0ms)
[2026-01-16T09:05:12.013+0000][gc,phases   ] GC(645)   Pre Evacuate Collection Set: 26.2ms
[2026-01-16T09:05:12.015+0000][gc,phases   ] GC(645)   Merge Heap Roots: 0.5ms
[2026-01-16T09:05:12.016+0000][gc,phases   ] GC(645)   Evacuate Collection Set: 184.8ms
[2026-01-16T09:05:12.016+0000][gc,phases   ] GC(645)   Post Evacuate Collection Set: 7.2ms
[2026-01-16T09:05:12.018+0000][gc,phases   ] GC(645)   Other: 8.0ms
[2026-01-16T09:05:12.018+0000][gc,heap     ] GC(645) Eden regions: 49->0(48)
[2026-01-16T09:05:12.018+0000][gc,heap     ] GC(645) Survivor regions: 2->3(7)
[2026-01-16T09:05:12.018+0000][gc,heap     ] GC(645) Old regions: 195->195
[2026-01-16T09:05:12.018+0000][gc,heap     ] GC(645) Humongous regions: 87->87
[2026-01-16T09:05:12.018+0000][gc,metaspace] GC(645) Metaspace: 12706K(13120K)->12706K(13120K) NonClass: 11617K(11776K)->11617K(11776K) Class: 1088K(1344K)->1088K(1344K)
[2026-01-16T09:05:12.019+0000][gc          ] GC(645) Pause Young (Normal) (G1 Evacuation Pause) 332M->283M(1024M) 237.630ms
[2026-01-16T09:05:12.019+0000][gc,cpu      ] GC(645) User=0.14s Sys=0.01s Real=0.24s
[2026-01-16T09:05:13.070+0000][gc,start    ] GC(646) Pause Young (Normal) (G1 Evacuation Pause)
[2026-01-16T09:05:13.073+0000][gc,task     ] GC(646) Using 8 workers of 8 for evacuation
[2026-01-16T09:05:13.193+0000][gc,phases   ] GC(646)   Pre Evacuate Collection Set: 11.7ms
[2026-01-16T09:05:13.195+0000][gc,phases   ] GC(646)   Merge Heap Roots: 6.1ms
[2026-01-16T09:05:13.195+0000][gc,phases   ] GC(646)   Evacuate Collection Set: 99.4ms
[2026-01-16T09:05:13.195+0000][gc,phases   ] GC(646)   Post Evacuate Collection Set: 1.6ms
[2026-01-16T09:05:13.195+0000][gc,phases   ] GC(646)   Other: 1.3ms
[2026-01-16T09:05:13.195+0000][gc,heap     ] GC(646) Eden regions: 48->0(48)
[2026-01-16T09:05:13.196+0000][gc,heap     ] GC(646) Survivor regions: 3->3(7)
[2026-01-16T09:05:13.196+0000][gc,heap     ] GC(646) Old regions: 195->195
[2026-01-16T09:05:13.196+0000][gc,heap     ] GC(646) Humongous regions: 87->87
[2026-01-16T09:05:13.196+0000][gc,metaspace] GC(646) Metaspace: 12706K(13120K)->12706K(13120K) NonClass: 11617K(11776K)->11617K(11776K) Class: 1088K(1344K)->1088K(1344K)
[2026-01-16T09:05:13.196+0000][gc          ] GC(646) Pause Young (Normal) (G1 Evacuation Pause) 331M->284M(1024M) 126.152ms
[2026-01-16T09:05:13.197+0000][gc,cpu      ] GC(646) User=0.06s Sys=0.00s Real=0.13s
[2026-01-16T09:05:13.920+0000][gc,start    ] GC(647) Pause Young (Normal) (G1 Evacuation Pause)
[2026-01-16T09:05:13.925+0000][gc,task     ] GC(647) Using 8 workers of 8 for evacuation
[2026-01-16T09:05:14.104+0000][gc,phases   ] GC(647)   Pre Evacuate Collection Set: 1.3ms
[2026-01-16T09:05:14.104+0000][gc,phases   ] GC(647)   Merge Heap Roots: 1.9ms
[2026-01-16T09:05:14.104+0000][gc,phases   ] GC(647)   Evacuate Collection Set: 170.6ms
[2026-01-16T09:05:14.104+0000][gc,phases   ] GC(647)   Post Evacuate Collection Set: 1.4ms
[2026-01-16T09:05:14.104+0000][gc,phases   ] GC(647)   Other: 3.8ms
[2026-01-16T09:05:14.104+0000][gc,heap     ] GC(647) Eden regions: 48->0(47)
[2026-01-16T09:05:14.105+0000][gc,heap     ] GC(647) Survivor regions: 3->4(7)
[2026-01-16T09:05:14.105+0000][gc,heap     ] GC(647) Old regions: 195->195
[2026-01-16T09:05:14.105+0000][gc,heap     ] GC(647) Humongous regions: 87->87
[2026-01-16T09:05:14.107+0000][gc,metaspace] GC(647) Metaspace: 12706K(13120K)->12706K(13120K) NonClass: 11617K(11776K)->11617K(11776K) Class: 1088K(1344K)->1088K(1344K)
[2026-01-16T09:05:14.108+0000][gc          ] GC(647) Pause Young (Normal) (G1 Evacuation Pause) 332M->285M(1024M) 187.297ms
[2026-01-16T09:05:14.108+0000][gc,cpu      ] GC(647) User=0.08s Sys=0.02s Real=0.19s
[2026-01-16T09:05:15.503+0000][gc,start    ] GC(648) Pause Young (Normal) (G1 Evacuation Pause)
[2026-01-16T09:05:15.507+0000][gc,task     ] GC(648) Using 8 workers of 8 for evacuation
[2026-01-16T09:05:15.672+0000][gc,phases   ] GC(648)   Pre Evacuate Collection Set: 12.8ms
[2026-01-16T09:05:15.675+0000][gc,phases   ] GC(648)   Merge Heap Roots: 0.8ms
[2026-01-16T09:05:15.677+0000][gc,phases   ] GC(648)   Evacuate Collection Set: 135.9ms
[2026-01-16T09:05:15.678+0000][gc,phases   ] GC(648)   Post Evacuate Collection Set: 11.7ms
[2026-01-16T09:05:15.680+0000][gc,phases   ] GC(648)   Other: 3.7ms
[2026-01-16T09:05:15.684+0000][gc,heap     ] GC(648) Eden regions: 47->0(48)
[2026-01-16T09:05:15.685+0000][gc,heap     ] GC(648) Survivor regions: 4->3(7)
[2026-01-16T09:05:15.685+0000][gc,heap     ] GC(648) Old regions: 195->195
[2026-01-16T09:05:15.689+0000][gc,heap     ] GC(648) Humongous regions: 87->87
[2026-01-16T09:05:15.689+0000][gc,metaspace] GC(648) Metaspace: 12706K(13120K)->12706K(13120K) NonClass: 11617K(11776K)->11617K(11776K) Class: 1088K(1344K)->1088K(1344K)
[2026-01-16T09:05:15.690+0000][gc          ] GC(648) Pause Young (Normal) (G1 Evacuation Pause) 332M->284M(1024M) 187.044ms
[2026-01-16T09:05:15.691+0000][gc,cpu      ] GC(648) User=0.06s Sys=0.01s Real=0.19s
[2026-01-16T09:05:22.684+0000][gc,start    ] GC(649) Pause Young (Normal) (G1 Evacuation Pause)
[2026-01-16T09:05:22.688+0000][gc,task     ] GC(649) Using 8 workers of 8 for evacuation
[2026-01-16T09:05:22.957+0000][gc,mmu      ] GC(649) MMU target violated: 201.0ms (200.0ms/201.0ms)
[2026-01-16T09:05:22.959+0000][gc,phases   ] GC(649)   Pre Evacuate Collection Set: 40.9ms
[2026-01-16T09:05:22.959+0000][gc,phases   ] GC(649)   Merge Heap Roots: 8.3ms
[2026-01-16T09:05:22.962+0000][gc,phases   ] GC(649)   Evacuate Collection Set: 182.7ms
[2026-01-16T09:05:22.962+0000][gc,phases   ] GC(649)   Post Evacuate Collection Set: 35.2ms
[2026-01-16T09:05:22.963+0000][gc,phases   ] GC(649)   Other: 4.0ms
[2026-01-16T09:05:22.964+0000][gc,heap     ] GC(649) Eden regions: 48->0(49)
[2026-01-16T09:05:22.965+0000][gc,heap     ] GC(649) Survivor regions: 3->2(7)
[2026-01-16T09:05:22.965+0000][gc,heap     ] GC(649) Old regions: 195->196
[2026-01-16T09:05:22.965+0000][gc,heap     ] GC(649) Humongous regions: 87->87
[2026-01-16T09:05:22.965+0000][gc,metaspace] GC(649) Metaspace: 12706K(13120K)->12706K(13120K) NonClass: 11617K(11776K)->11617K(11776K) Class: 1088K(1344K)->1088K(1344K)
[2026-01-16T09:05:22.965+0000][gc          ] GC(649) Pause Young (Normal) (G1 Evacuation Pause) 332M->283M(1024M) 281.038ms
[2026-01-16T09:05:22.965+0000][gc,cpu      ] GC(649) User=0.15s Sys=0.05s Real=0.28s
[2026-01-16T09:05:25.615+0000][gc,start    ] GC(650) Pause Young (Normal) (G1 Evacuation Pause)
[2026-01-16T09:05:25.620+0000][gc,task     ] GC(650) Using 8 workers of 8 for evacuation
[2026-01-16T09:05:26.018+0000][gc,mmu      ] GC(650) MMU target violated: 201.0ms (200.0ms/201.0ms)
[2026-01-16T09:05:26.019+0000][gc,phases   ] GC(650)   Pre Evacuate Collection Set: 57.1ms
[2026-01-16T09:05:26.021+0000][gc,phases   ] GC(650)   Merge Heap Roots: 0.8ms
[2026-01-16T09:05:26.021+0000][gc,phases   ] GC(650)   Evacuate Collection Set: 312.5ms
[2026-01-16T09:05:26.027+0000][gc,phases   ] GC(650)   Post Evacuate Collection Set: 25.6ms
[2026-01-16T09:05:26.028+0000][gc,phases   ] GC(650)   Other: 3.3ms
[2026-01-16T09:05:26.028+0000][gc,heap     ] GC(650) Eden regions: 49->0(48)
[2026-01-16T09:05:26.030+0000][gc,heap     ] GC(650) Survivor regions: 2->3(7)
[2026-01-16T09:05:26.031+0000][gc,heap     ] GC(650) Old regions: 196->196
[2026-01-16T09:05:26.033+0000][gc,heap     ] GC(650) Humongous regions: 87->87
[2026-01-16T09:05:26.034+0000][gc,metaspace] GC(650) Metaspace: 12706K(13120K)->12706K(13120K) NonClass: 11617K(11776K)->11617K(11776K) Class: 1088K(1344K)->1088K(1344K)
[2026-01-16T09:05:26.035+0000][gc          ] GC(650) Pause Young (Normal) (G1 Evacuation Pause) 332M->284M(1024M) 420.665ms
[2026-01-16T09:05:26.040+0000][gc,cpu      ] GC(650) User=0.14s Sys=0.02s Real=0.42s
[2026-01-16T09:05:33.824+0000][gc,start    ] GC(651) Pause Young (Normal) (G1 Evacuation Pause)
[2026-01-16T09:05:33.828+0000][gc,task     ] GC(651) Using 8 workers of 8 for evacuation
[2026-01-16T09:05:34.037+0000][gc,mmu      ] GC(651) MMU target violated: 201.0ms (200.0ms/201.0ms)
[2026-01-16T09:05:34.038+0000][gc,phases   ] GC(651)   Pre Evacuate Collection Set: 16.4ms
[2026-01-16T09:05:34.038+0000][gc,phases   ] GC(651)   Merge Heap Roots: 6.2ms
[2026-01-16T09:05:34.040+0000][gc,phases   ] GC(651)   Evacuate Collection Set: 143.2ms
[2026-01-16T09:05:34.041+0000][gc,phases   ] GC(651)   Post Evacuate Collection Set: 36.8ms
[2026-01-16T09:05:34.041+0000][gc,phases   ] GC(651)   Other: 7.8ms
[2026-01-16T09:05:34.042+0000][gc,heap     ] GC(651) Eden regions: 48->0(49)
[2026-01-16T09:05:34.043+0000][gc,heap     ] GC(651) Survivor regions: 3->2(7)
[2026-01-16T09:05:34.043+0000][gc,heap     ] GC(651) Old regions: 196->196
[2026-01-16T09:05:34.045+0000][gc,heap     ] GC(651) Humongous regions: 87->87
[2026-01-16T09:05:34.045+0000][gc,metaspace] GC(651) Metaspace: 12707K(13120K)->12707K(13120K) NonClass: 11618K(11776K)->11618K(11776K) Class: 1088K(1344K)->1088K(1344K)
[2026-01-16T09:05:34.048+0000][gc          ] GC(651) Pause Young (Normal) (G1 Evacuation Pause) 332M->283M(1024M) 223.887ms
[2026-01-16T09:05:34.049+0000][gc,cpu      ] GC(651) User=0.18s Sys=0.03s Real=0.22s
[2026-01-16T09:05:36.423+0000][gc,start    ] GC(652) Pause Young (Normal) (G1 Evacuation Pause)
[2026-01-16T09:05:36.425+0000][gc,task     ] GC(652) Using 8 workers of 8 for evacuation
[2026-01-16T09:05:36.576+0000][gc,phases   ] GC(652)   Pre Evacuate Collection Set: 22.6ms
[2026-01-16T09:05:36.576+0000][gc,phases   ] GC(652)   Merge Heap Roots: 17.5ms
[2026-01-16T09:05:36.577+0000][gc,phases   ] GC(652)   Evacuate Collection Set: 103.2ms
[2026-01-16T09:05:36.577+0000][gc,phases   ] GC(652)   Post Evacuate Collection Set: 6.2ms
[2026-01-16T09:05:36.579+0000][gc,phases   ] GC(652)   Other: 1.3ms
[2026-01-16T09:05:36.580+0000][gc,heap     ] GC(652) Eden regions: 49->0(49)
[2026-01-16T09:05:36.586+0000][gc,heap     ] GC(652) Survivor regions: 2->2(7)
[2026-01-16T09:05:36.586+0000][gc,heap     ] GC(652) Old regions: 196->196
[2026-01-16T09:05:36.586+0000][gc,heap     ] GC(652) Humongous regions: 87->87
[2026-01-16T09:05:36.586+0000][gc,metaspace] GC(652) Metaspace: 12707K(13120K)->12707K(13120K) NonClass: 11618K(11776K)->11618K(11776K) Class: 1088K(1344K)->1088K(1344K)
[2026-01-16T09:05:36.587+0000][gc          ] GC(652) Pause Young (Normal) (G1 Evacuation Pause) 332M->284M(1024M) 163.484ms
[2026-01-16T09:05:36.587+0000][gc,cpu      ] GC(652) User=0.12s Sys=0.01s Real=0.16s
[2026-01-16T09:05:39.703+0000][gc,start    ] GC(653) Pause Young (Normal) (G1 Evacuation Pause)
[2026-01-16T09:05:39.722+0000][gc,task     ] GC(653) Using 8 workers of 8 for evacuation
[2026-01-16T09:05:39.980+0000][gc,mmu      ] GC(653) MMU target violated: 201.0ms (200.0ms/201.0ms)
[2026-01-16T09:05:39.987+0000][gc,phases   ] GC(653)   Pre Evacuate Collection Set: 24.6ms
[2026-01-16T09:05:39.989+0000][gc,phases   ] GC(653)   Merge Heap Roots: 39.5ms
[2026-01-16T09:05:39.989+0000][gc,phases   ] GC(653)   Evacuate Collection Set: 138.7ms
[2026-01-16T09:05:39.990+0000][gc,phases   ] GC(653)   Post Evacuate Collection Set: 53.3ms
[2026-01-16T09:05:39.990+0000][gc,phases   ] GC(653)   Other: 9.9ms
[2026-01-16T09:05:39.994+0000][gc,heap     ] GC(653) Eden regions: 49->0(49)
[2026-01-16T09:05:39.996+0000][gc,heap     ] GC(653) Survivor regions: 2->2(7)
[2026-01-16T09:05:39.998+0000][gc,heap     ] GC(653) Old regions: 196->196
[2026-01-16T09:05:40.000+0000][gc,heap     ] GC(653) Humongous regions: 87->87
[2026-01-16T09:05:40.000+0000][gc,metaspace] GC(653) Metaspace: 12711K(13120K)->12711K(13120K) NonClass: 11623K(11776K)->11623K(11776K) Class: 1088K(1344K)->1088K(1344K)
[2026-01-16T09:05:40.002+0000][gc          ] GC(653) Pause Young (Normal) (G1 Evacuation Pause) 333M->283M(1024M) 298.964ms
[2026-01-16T09:05:40.010+0000][gc,cpu      ] GC(653) User=0.17s Sys=0.03s Real=0.30s
[2026-01-16T09:05:44.449+0000][gc,start    ] GC(654) Pause Young (Normal) (G1 Evacuation Pause)
[2026-01-16T09:05:44.458+0000][gc,task     ] GC(654) Using 8 workers of 8 for evacuation
[2026-01-16T09:05:44.852+0000][gc,mmu      ] GC(654) MMU target violated: 201.0ms (200.0ms/201.0ms)
[2026-01-16T09:05:44.856+0000][gc,phases   ] GC(654)   Pre Evacuate Collection Set: 21.9ms
[2026-01-16T09:05:44.860+0000][gc,phases   ] GC(654)   Merge Heap Roots: 6.7ms
[2026-01-16T09:05:44.861+0000][gc,phases   ] GC(654)   Evacuate Collection Set: 327.0ms
[2026-01-16T09:05:44.862+0000][gc,phases   ] GC(654)   Post Evacuate Collection Set: 33.1ms
[2026-01-16T09:05:44.864+0000][gc,phases   ] GC(654)   Other: 10.1ms
[2026-01-16T09:05:44.866+0000][gc,heap     ] GC(654) Eden regions: 49->0(49)
[2026-01-16T09:05:44.872+0000][gc,heap     ] GC(654) Survivor regions: 2->2(7)
[2026-01-16T09:05:44.875+0000][gc,heap     ] GC(654) Old regions: 196->196
[2026-01-16T09:05:44.876+0000][gc,heap     ] GC(654) Humongous regions: 87->87
[2026-01-16T09:05:44.876+0000][gc,metaspace] GC(654) Metaspace: 12711K(13120K)->12711K(13120K) NonClass: 11623K(11776K)->11623K(11776K) Class: 1088K(1344K)->1088K(1344K)
[2026-01-16T09:05:44.877+0000][gc          ] GC(654) Pause Young (Normal) (G1 Evacuation Pause) 332M->284M(1024M) 427.657ms
[2026-01-16T09:05:44.878+0000][gc,cpu      ] GC(654) User=0.21s Sys=0.03s Real=0.43s
[2026-01-16T09:05:47.135+0000][gc,start    ] GC(655) Pause Young (Normal) (G1 Evacuation Pause)
[2026-01-16T09:05:47.137+0000][gc,task     ] GC(655) Using 8 workers of 8 for evacuation
[2026-01-16T09:05:47.265+0000][gc,phases   ] GC(655)   Pre Evacuate Collection Set: 9.0ms
[2026-01-16T09:05:47.267+0000][gc,phases   ] GC(655)   Merge Heap Roots: 0.6ms
[2026-01-16T09:05:47.271+0000][gc,phases   ] GC(655)   Evacuate Collection Set: 102.3ms
[2026-01-16T09:05:47.272+0000][gc,phases   ] GC(655)   Post Evacuate Collection Set: 15.8ms
[2026-01-16T09:05:47.274+0000][gc,phases   ] GC(655)   Other: 0.7ms
[2026-01-16T09:05:47.275+0000][gc,heap     ] GC(655) Eden regions: 49->0(48)
[2026-01-16T09:05:47.276+0000][gc,heap     ] GC(655) Survivor regions: 2->3(7)
[2026-01-16T09:05:47.277+0000][gc,heap     ] GC(655) Old regions: 196->196
[2026-01-16T09:05:47.278+0000][gc,heap     ] GC(655) Humongous regions: 87->87
[2026-01-16T09:05:47.278+0000][gc,metaspace] GC(655) Metaspace: 12711K(13120K)->12711K(13120K) NonClass: 11623K(11776K)->11623K(11776K) Class: 1088K(1344K)->1088K(1344K)
[2026-01-16T09:05:47.280+0000][gc          ] GC(655) Pause Young (Normal) (G1 Evacuation Pause) 333M->284M(1024M) 144.179ms
[2026-01-16T09:05:47.281+0000][gc,cpu      ] GC(655) User=0.08s Sys=0.01s Real=0.14s
[2026-01-16T09:05:53.289+0000][gc,start    ] GC(656) Pause Young (Normal) (G1 Evacuation Pause)
[2026-01-16T09:05:53.293+0000][gc,task     ] GC(656) Using 8 workers of 8 for evacuation
[2026-01-16T09:05:53.869+0000][gc,mmu      ] GC(656) MMU target violated: 201.0ms (200.0ms/201.0ms)
[2026-01-16T09:05:53.871+0000][gc,phases   ] GC(656)   Pre Evacuate Collection Set: 115.1ms
[2026-01-16T09:05:53.873+0000][gc,phases   ] GC(656)   Merge Heap Roots: 39.8ms
[2026-01-16T09:05:53.874+0000][gc,phases   ] GC(656)   Evacuate Collection Set: 383.4ms
[2026-01-16T09:05:53.874+0000][gc,phases   ] GC(656)   Post Evacuate Collection Set: 23.9ms
[2026-01-16T09:05:53.874+0000][gc,phases   ] GC(656)   Other: 16.6ms
[2026-01-16T09:05:53.874+0000][gc,heap     ] GC(656) Eden regions: 48->0(49)
[2026-01-16T09:05:53.874+0000][gc,heap     ] GC(656) Survivor regions: 3->2(7)
[2026-01-16T09:05:53.874+0000][gc,heap     ] GC(656) Old regions: 196->196
[2026-01-16T09:05:53.875+0000][gc,heap     ] GC(656) Humongous regions: 87->87
[2026-01-16T09:05:53.875+0000][gc,metaspace] GC(656) Metaspace: 12711K(13120K)->12711K(13120K) NonClass: 11623K(11776K)->11623K(11776K) Class: 1088K(1344K)->1088K(1344K)
[2026-01-16T09:05:53.875+0000][gc          ] GC(656) Pause Young (Normal) (G1 Evacuation Pause) 332M->284M(1024M) 585.806ms
[2026-01-16T09:05:53.877+0000][gc,cpu      ] GC(656) User=0.23s Sys=0.02s Real=0.59s
[2026-01-16T09:05:59.868+0000][gc,start    ] GC(657) Pause Young (Normal) (G1 Evacuation Pause)
[2026-01-16T09:05:59.880+0000][gc,task     ] GC(657) Using 8 workers of 8 for evacuation
[2026-01-16T09:06:00.492+0000][gc,mmu      ] GC(657) MMU target violated: 201.0ms (200.0ms/201.0ms)
[2026-01-16T09:06:00.502+0000][gc,phases   ] GC(657)   Pre Evacuate Collection Set: 57.8ms
[2026-01-16T09:06:00.507+0000][gc,phases   ] GC(657)   Merge Heap Roots: 14.7ms
[2026-01-16T09:06:00.507+0000][gc,phases   ] GC(657)   Evacuate Collection Set: 342.0ms
[2026-01-16T09:06:00.507+0000][gc,phases   ] GC(657)   Post Evacuate Collection Set: 187.6ms
[2026-01-16T09:06:00.507+0000][gc,phases   ] GC(657)   Other: 26.1ms
[2026-01-16T09:06:00.507+0000][gc,heap     ] GC(657) Eden regions: 49->0(48)
[2026-01-16T09:06:00.508+0000][gc,heap     ] GC(657) Survivor regions: 2->3(7)
[2026-01-16T09:06:00.508+0000][gc,heap     ] GC(657) Old regions: 196->196
[2026-01-16T09:06:00.508+0000][gc,heap     ] GC(657) Humongous regions: 87->87
[2026-01-16T09:06:00.511+0000][gc,metaspace] GC(657) Metaspace: 12711K(13120K)->12711K(13120K) NonClass: 11623K(11776K)->11623K(11776K) Class: 1088K(1344K)->1088K(1344K)
[2026-01-16T09:06:00.514+0000][gc          ] GC(657) Pause Young (Normal) (G1 Evacuation Pause) 333M->284M(1024M) 645.908ms
[2026-01-16T09:06:00.516+0000][gc,cpu      ] GC(657) User=0.16s Sys=0.00s Real=0.65s
[2026-01-16T09:06:04.146+0000][gc,start    ] GC(658) Pause Young (Normal) (G1 Evacuation Pause)
[2026-01-16T09:06:04.148+0000][gc,task     ] GC(658) Using 8 workers of 8 for evacuation
[2026-01-16T09:06:04.980+0000][gc,mmu      ] GC(658) MMU target violated: 201.0ms (200.0ms/201.0ms)
[2026-01-16T09:06:04.987+0000][gc,phases   ] GC(658)   Pre Evacuate Collection Set: 18.7ms
[2026-01-16T09:06:04.988+0000][gc,phases   ] GC(658)   Merge Heap Roots: 7.3ms
[2026-01-16T09:06:04.989+0000][gc,phases   ] GC(658)   Evacuate Collection Set: 750.0ms
[2026-01-16T09:06:04.989+0000][gc,phases   ] GC(658)   Post Evacuate Collection Set: 23.4ms
[2026-01-16T09:06:04.990+0000][gc,phases   ] GC(658)   Other: 6.9ms
[2026-01-16T09:06:04.990+0000][gc,heap     ] GC(658) Eden regions: 48->0(48)
[2026-01-16T09:06:04.990+0000][gc,heap     ] GC(658) Survivor regions: 3->3(7)
[2026-01-16T09:06:04.991+0000][gc,heap     ] GC(658) Old regions: 196->196
[2026-01-16T09:06:04.993+0000][gc,heap     ] GC(658) Humongous regions: 87->87
[2026-01-16T09:06:05.006+0000][gc,metaspace] GC(658) Metaspace: 12711K(13120K)->12711K(13120K) NonClass: 11623K(11776K)->11623K(11776K) Class: 1088K(1344K)->1088K(1344K)
[2026-01-16T09:06:05.007+0000][gc          ] GC(658) Pause Young (Normal) (G1 Evacuation Pause) 332M->285M(1024M) 828.539ms
[2026-01-16T09:06:05.007+0000][gc,cpu      ] GC(658) User=0.32s Sys=0.04s Real=0.83s
[2026-01-16T09:06:13.418+0000][gc,start    ] GC(659) Pause Young (Normal) (G1 Evacuation Pause)
[2026-01-16T09:06:13.432+0000][gc,task     ] GC(659) Using 8 workers of 8 for evacuation
[2026-01-16T09:06:13.957+0000][gc,mmu      ] GC(659) MMU target violated: 201.0ms (200.0ms/201.0ms)
[2026-01-16T09:06:13.958+0000][gc,phases   ] GC(659)   Pre Evacuate Collection Set: 47.3ms
[2026-01-16T09:06:13.961+0000][gc,phases   ] GC(659)   Merge Heap Roots: 2.6ms
[2026-01-16T09:06:13.962+0000][gc,phases   ] GC(659)   Evacuate Collection Set: 458.3ms
[2026-01-16T09:06:13.963+0000][gc,phases   ] GC(659)   Post Evacuate Collection Set: 11.8ms
[2026-01-16T09:06:13.963+0000][gc,phases   ] GC(659)   Other: 6.4ms
[2026-01-16T09:06:13.964+0000][gc,heap     ] GC(659) Eden regions: 48->0(48)
[2026-01-16T09:06:13.964+0000][gc,heap     ] GC(659) Survivor regions: 3->3(7)
[2026-01-16T09:06:13.965+0000][gc,heap     ] GC(659) Old regions: 196->196
[2026-01-16T09:06:13.965+0000][gc,heap     ] GC(659) Humongous regions: 87->87
[2026-01-16T09:06:13.965+0000][gc,metaspace] GC(659) Metaspace: 12724K(13120K)->12724K(13120K) NonClass: 11636K(11776K)->11636K(11776K) Class: 1088K(1344K)->1088K(1344K)
[2026-01-16T09:06:13.966+0000][gc          ] GC(659) Pause Young (Normal) (G1 Evacuation Pause) 333M->285M(1024M) 548.076ms
[2026-01-16T09:06:13.968+0000][gc,cpu      ] GC(659) User=0.22s Sys=0.02s Real=0.55s
[2026-01-16T09:06:15.553+0000][gc,start    ] GC(660) Pause Young (Normal) (G1 Evacuation Pause)
[2026-01-16T09:06:15.555+0000][gc,task     ] GC(660) Using 8 workers of 8 for evacuation
[2026-01-16T09:06:15.668+0000][gc,phases   ] GC(660)   Pre Evacuate Collection Set: 7.9ms
[2026-01-16T09:06:15.669+0000][gc,phases   ] GC(660)   Merge Heap Roots: 0.3ms
[2026-01-16T09:06:15.669+0000][gc,phases   ] GC(660)   Evacuate Collection Set: 102.0ms
[2026-01-16T09:06:15.669+0000][gc,phases   ] GC(660)   Post Evacuate Collection Set: 2.8ms
[2026-01-16T09:06:15.669+0000][gc,phases   ] GC(660)   Other: 0.7ms
[2026-01-16T09:06:15.670+0000][gc,heap     ] GC(660) Eden regions: 48->0(48)
[2026-01-16T09:06:15.670+0000][gc,heap     ] GC(660) Survivor regions: 3->3(7)
[2026-01-16T09:06:15.670+0000][gc,heap     ] GC(660) Old regions: 196->196
[2026-01-16T09:06:15.670+0000][gc,heap     ] GC(660) Humongous regions: 87->87
[2026-01-16T09:06:15.671+0000][gc,metaspace] GC(660) Metaspace: 12724K(13120K)->12724K(13120K) NonClass: 11636K(11776K)->11636K(11776K) Class: 1088K(1344K)->1088K(1344K)
[2026-01-16T09:06:15.671+0000][gc          ] GC(660) Pause Young (Normal) (G1 Evacuation Pause) 333M->285M(1024M) 118.177ms
[2026-01-16T09:06:15.672+0000][gc,cpu      ] GC(660) User=0.06s Sys=0.01s Real=0.12s
[2026-01-16T09:06:17.522+0000][gc,start    ] GC(661) Pause Young (Normal) (G1 Evacuation Pause)
[2026-01-16T09:06:17.524+0000][gc,task     ] GC(661) Using 8 workers of 8 for evacuation
[2026-01-16T09:06:17.618+0000][gc,phases   ] GC(661)   Pre Evacuate Collection Set: 17.6ms
[2026-01-16T09:06:17.618+0000][gc,phases   ] GC(661)   Merge Heap Roots: 0.6ms
[2026-01-16T09:06:17.619+0000][gc,phases   ] GC(661)   Evacuate Collection Set: 62.2ms
[2026-01-16T09:06:17.620+0000][gc,phases   ] GC(661)   Post Evacuate Collection Set: 12.8ms
[2026-01-16T09:06:17.620+0000][gc,phases   ] GC(661)   Other: 1.7ms
[2026-01-16T09:06:17.620+0000][gc,heap     ] GC(661) Eden regions: 48->0(49)
[2026-01-16T09:06:17.620+0000][gc,heap     ] GC(661) Survivor regions: 3->2(7)
[2026-01-16T09:06:17.620+0000][gc,heap     ] GC(661) Old regions: 196->196
[2026-01-16T09:06:17.620+0000][gc,heap     ] GC(661) Humongous regions: 87->87
[2026-01-16T09:06:17.622+0000][gc,metaspace] GC(661) Metaspace: 12724K(13120K)->12724K(13120K) NonClass: 11636K(11776K)->11636K(11776K) Class: 1088K(1344K)->1088K(1344K)
[2026-01-16T09:06:17.624+0000][gc          ] GC(661) Pause Young (Normal) (G1 Evacuation Pause) 333M->284M(1024M) 101.600ms
[2026-01-16T09:06:17.624+0000][gc,cpu      ] GC(661) User=0.12s Sys=0.01s Real=0.10s
[2026-01-16T09:06:19.075+0000][gc,start    ] GC(662) Pause Young (Normal) (G1 Evacuation Pause)
[2026-01-16T09:06:19.077+0000][gc,task     ] GC(662) Using 8 workers of 8 for evacuation
[2026-01-16T09:06:19.239+0000][gc,phases   ] GC(662)   Pre Evacuate Collection Set: 9.5ms
[2026-01-16T09:06:19.243+0000][gc,phases   ] GC(662)   Merge Heap Roots: 3.0ms
[2026-01-16T09:06:19.245+0000][gc,phases   ] GC(662)   Evacuate Collection Set: 144.3ms
[2026-01-16T09:06:19.247+0000][gc,phases   ] GC(662)   Post Evacuate Collection Set: 4.7ms
[2026-01-16T09:06:19.248+0000][gc,phases   ] GC(662)   Other: 0.4ms
[2026-01-16T09:06:19.249+0000][gc,heap     ] GC(662) Eden regions: 49->0(48)
[2026-01-16T09:06:19.253+0000][gc,heap     ] GC(662) Survivor regions: 2->3(7)
[2026-01-16T09:06:19.256+0000][gc,heap     ] GC(662) Old regions: 196->196
[2026-01-16T09:06:19.272+0000][gc,heap     ] GC(662) Humongous regions: 87->87
[2026-01-16T09:06:19.275+0000][gc,metaspace] GC(662) Metaspace: 12724K(13120K)->12724K(13120K) NonClass: 11636K(11776K)->11636K(11776K) Class: 1088K(1344K)->1088K(1344K)
[2026-01-16T09:06:19.297+0000][gc          ] GC(662) Pause Young (Normal) (G1 Evacuation Pause) 333M->285M(1024M) 221.519ms
[2026-01-16T09:06:19.299+0000][gc,cpu      ] GC(662) User=0.09s Sys=0.01s Real=0.23s
[2026-01-16T09:06:21.940+0000][gc,start    ] GC(663) Pause Young (Normal) (G1 Evacuation Pause)
[2026-01-16T09:06:21.944+0000][gc,task     ] GC(663) Using 8 workers of 8 for evacuation
[2026-01-16T09:06:22.304+0000][gc,mmu      ] GC(663) MMU target violated: 201.0ms (200.0ms/201.0ms)
[2026-01-16T09:06:22.307+0000][gc,phases   ] GC(663)   Pre Evacuate Collection Set: 37.1ms
[2026-01-16T09:06:22.311+0000][gc,phases   ] GC(663)   Merge Heap Roots: 0.5ms
[2026-01-16T09:06:22.311+0000][gc,phases   ] GC(663)   Evacuate Collection Set: 298.7ms
[2026-01-16T09:06:22.312+0000][gc,phases   ] GC(663)   Post Evacuate Collection Set: 17.8ms
[2026-01-16T09:06:22.319+0000][gc,phases   ] GC(663)   Other: 10.7ms
[2026-01-16T09:06:22.321+0000][gc,heap     ] GC(663) Eden regions: 48->0(49)
[2026-01-16T09:06:22.321+0000][gc,heap     ] GC(663) Survivor regions: 3->2(7)
[2026-01-16T09:06:22.321+0000][gc,heap     ] GC(663) Old regions: 196->196
[2026-01-16T09:06:22.321+0000][gc,heap     ] GC(663) Humongous regions: 87->87
[2026-01-16T09:06:22.321+0000][gc,metaspace] GC(663) Metaspace: 12724K(13120K)->12724K(13120K) NonClass: 11636K(11776K)->11636K(11776K) Class: 1088K(1344K)->1088K(1344K)
[2026-01-16T09:06:22.322+0000][gc          ] GC(663) Pause Young (Normal) (G1 Evacuation Pause) 333M->284M(1024M) 382.478ms
[2026-01-16T09:06:22.322+0000][gc,cpu      ] GC(663) User=0.13s Sys=0.01s Real=0.38s
[2026-01-16T09:06:30.362+0000][gc,start    ] GC(664) Pause Young (Normal) (G1 Evacuation Pause)
[2026-01-16T09:06:30.369+0000][gc,task     ] GC(664) Using 8 workers of 8 for evacuation
[2026-01-16T09:06:30.851+0000][gc,mmu      ] GC(664) MMU target violated: 201.0ms (200.0ms/201.0ms)
[2026-01-16T09:06:30.868+0000][gc,phases   ] GC(664)   Pre Evacuate Collection Set: 42.9ms
[2026-01-16T09:06:30.870+0000][gc,phases   ] GC(664)   Merge Heap Roots: 4.8ms
[2026-01-16T09:06:30.870+0000][gc,phases   ] GC(664)   Evacuate Collection Set: 393.6ms
[2026-01-16T09:06:30.879+0000][gc,phases   ] GC(664)   Post Evacuate Collection Set: 33.5ms
[2026-01-16T09:06:30.887+0000][gc,phases   ] GC(664)   Other: 24.8ms
[2026-01-16T09:06:30.892+0000][gc,heap     ] GC(664) Eden regions: 49->0(48)
[2026-01-16T09:06:30.892+0000][gc,heap     ] GC(664) Survivor regions: 2->3(7)
[2026-01-16T09:06:30.892+0000][gc,heap     ] GC(664) Old regions: 196->197
[2026-01-16T09:06:30.897+0000][gc,heap     ] GC(664) Humongous regions: 87->87
[2026-01-16T09:06:30.897+0000][gc,metaspace] GC(664) Metaspace: 12724K(13120K)->12724K(13120K) NonClass: 11636K(11776K)->11636K(11776K) Class: 1088K(1344K)->1088K(1344K)
[2026-01-16T09:06:30.900+0000][gc          ] GC(664) Pause Young (Normal) (G1 Evacuation Pause) 333M->285M(1024M) 537.467ms
[2026-01-16T09:06:30.900+0000][gc,cpu      ] GC(664) User=0.35s Sys=0.04s Real=0.54s
[2026-01-16T09:06:32.981+0000][gc,start    ] GC(665) Pause Young (Normal) (G1 Evacuation Pause)
[2026-01-16T09:06:32.989+0000][gc,task     ] GC(665) Using 8 workers of 8 for evacuation
[2026-01-16T09:06:33.188+0000][gc,phases   ] GC(665)   Pre Evacuate Collection Set: 24.9ms
[2026-01-16T09:06:33.190+0000][gc,phases   ] GC(665)   Merge Heap Roots: 9.4ms
[2026-01-16T09:06:33.191+0000][gc,phases   ] GC(665)   Evacuate Collection Set: 150.9ms
[2026-01-16T09:06:33.191+0000][gc,phases   ] GC(665)   Post Evacuate Collection Set: 7.9ms
[2026-01-16T09:06:33.192+0000][gc,phases   ] GC(665)   Other: 6.3ms
[2026-01-16T09:06:33.192+0000][gc,heap     ] GC(665) Eden regions: 48->0(49)
[2026-01-16T09:06:33.192+0000][gc,heap     ] GC(665) Survivor regions: 3->2(7)
[2026-01-16T09:06:33.192+0000][gc,heap     ] GC(665) Old regions: 197->197
[2026-01-16T09:06:33.193+0000][gc,heap     ] GC(665) Humongous regions: 87->87
[2026-01-16T09:06:33.193+0000][gc,metaspace] GC(665) Metaspace: 12726K(13120K)->12726K(13120K) NonClass: 11637K(11776K)->11637K(11776K) Class: 1088K(1344K)->1088K(1344K)
[2026-01-16T09:06:33.193+0000][gc          ] GC(665) Pause Young (Normal) (G1 Evacuation Pause) 333M->284M(1024M) 212.299ms
[2026-01-16T09:06:33.193+0000][gc,cpu      ] GC(665) User=0.07s Sys=0.00s Real=0.21s
[2026-01-16T09:06:34.369+0000][gc,start    ] GC(666) Pause Young (Normal) (G1 Evacuation Pause)
[2026-01-16T09:06:34.369+0000][gc,task     ] GC(666) Using 8 workers of 8 for evacuation
[2026-01-16T09:06:34.439+0000][gc,phases   ] GC(666)   Pre Evacuate Collection Set: 2.6ms
[2026-01-16T09:06:34.440+0000][gc,phases   ] GC(666)   Merge Heap Roots: 0.3ms
[2026-01-16T09:06:34.440+0000][gc,phases   ] GC(666)   Evacuate Collection Set: 60.5ms
[2026-01-16T09:06:34.441+0000][gc,phases   ] GC(666)   Post Evacuate Collection Set: 5.3ms
[2026-01-16T09:06:34.441+0000][gc,phases   ] GC(666)   Other: 0.5ms
[2026-01-16T09:06:34.441+0000][gc,heap     ] GC(666) Eden regions: 49->0(49)
[2026-01-16T09:06:34.441+0000][gc,heap     ] GC(666) Survivor regions: 2->2(7)
[2026-01-16T09:06:34.441+0000][gc,heap     ] GC(666) Old regions: 197->197
[2026-01-16T09:06:34.442+0000][gc,heap     ] GC(666) Humongous regions: 87->87
[2026-01-16T09:06:34.442+0000][gc,metaspace] GC(666) Metaspace: 12726K(13120K)->12726K(13120K) NonClass: 11637K(11776K)->11637K(11776K) Class: 1088K(1344K)->1088K(1344K)
[2026-01-16T09:06:34.442+0000][gc          ] GC(666) Pause Young (Normal) (G1 Evacuation Pause) 333M->285M(1024M) 73.107ms
[2026-01-16T09:06:34.442+0000][gc,cpu      ] GC(666) User=0.06s Sys=0.00s Real=0.07s
[2026-01-16T09:06:39.704+0000][gc,start    ] GC(667) Pause Young (Normal) (G1 Evacuation Pause)
[2026-01-16T09:06:39.708+0000][gc,task     ] GC(667) Using 8 workers of 8 for evacuation
[2026-01-16T09:06:40.215+0000][gc,mmu      ] GC(667) MMU target violated: 201.0ms (200.0ms/201.0ms)
[2026-01-16T09:06:40.224+0000][gc,phases   ] GC(667)   Pre Evacuate Collection Set: 50.3ms
[2026-01-16T09:06:40.225+0000][gc,phases   ] GC(667)   Merge Heap Roots: 38.0ms
[2026-01-16T09:06:40.227+0000][gc,phases   ] GC(667)   Evacuate Collection Set: 381.2ms
[2026-01-16T09:06:40.228+0000][gc,phases   ] GC(667)   Post Evacuate Collection Set: 27.4ms
[2026-01-16T09:06:40.230+0000][gc,phases   ] GC(667)   Other: 19.4ms
[2026-01-16T09:06:40.239+0000][gc,heap     ] GC(667) Eden regions: 49->0(49)
[2026-01-16T09:06:40.239+0000][gc,heap     ] GC(667) Survivor regions: 2->2(7)
[2026-01-16T09:06:40.239+0000][gc,heap     ] GC(667) Old regions: 197->197
[2026-01-16T09:06:40.240+0000][gc,heap     ] GC(667) Humongous regions: 87->87
[2026-01-16T09:06:40.241+0000][gc,metaspace] GC(667) Metaspace: 12726K(13120K)->12726K(13120K) NonClass: 11637K(11776K)->11637K(11776K) Class: 1088K(1344K)->1088K(1344K)
[2026-01-16T09:06:40.242+0000][gc          ] GC(667) Pause Young (Normal) (G1 Evacuation Pause) 334M->284M(1024M) 537.748ms
[2026-01-16T09:06:40.247+0000][gc,cpu      ] GC(667) User=0.26s Sys=0.03s Real=0.54s
[2026-01-16T09:06:43.694+0000][gc,start    ] GC(668) Pause Young (Normal) (G1 Evacuation Pause)
[2026-01-16T09:06:43.694+0000][gc,task     ] GC(668) Using 8 workers of 8 for evacuation
[2026-01-16T09:06:43.943+0000][gc,mmu      ] GC(668) MMU target violated: 201.0ms (200.0ms/201.0ms)
[2026-01-16T09:06:43.943+0000][gc,phases   ] GC(668)   Pre Evacuate Collection Set: 11.4ms
[2026-01-16T09:06:43.944+0000][gc,phases   ] GC(668)   Merge Heap Roots: 5.5ms
[2026-01-16T09:06:43.945+0000][gc,phases   ] GC(668)   Evacuate Collection Set: 189.4ms
[2026-01-16T09:06:43.945+0000][gc,phases   ] GC(668)   Post Evacuate Collection Set: 41.1ms
[2026-01-16T09:06:43.945+0000][gc,phases   ] GC(668)   Other: 1.4ms
[2026-01-16T09:06:43.946+0000][gc,heap     ] GC(668) Eden regions: 49->0(49)
[2026-01-16T09:06:43.947+0000][gc,heap     ] GC(668) Survivor regions: 2->2(7)
[2026-01-16T09:06:43.948+0000][gc,heap     ] GC(668) Old regions: 197->197
[2026-01-16T09:06:43.951+0000][gc,heap     ] GC(668) Humongous regions: 87->87
[2026-01-16T09:06:43.952+0000][gc,metaspace] GC(668) Metaspace: 12726K(13120K)->12726K(13120K) NonClass: 11637K(11776K)->11637K(11776K) Class: 1088K(1344K)->1088K(1344K)
[2026-01-16T09:06:43.953+0000][gc          ] GC(668) Pause Young (Normal) (G1 Evacuation Pause) 333M->285M(1024M) 259.427ms
[2026-01-16T09:06:43.956+0000][gc,cpu      ] GC(668) User=0.13s Sys=0.01s Real=0.26s
[2026-01-16T09:06:47.509+0000][gc,start    ] GC(669) Pause Young (Normal) (G1 Evacuation Pause)
[2026-01-16T09:06:47.518+0000][gc,task     ] GC(669) Using 8 workers of 8 for evacuation
[2026-01-16T09:06:48.142+0000][gc,mmu      ] GC(669) MMU target violated: 201.0ms (200.0ms/201.0ms)
[2026-01-16T09:06:48.143+0000][gc,phases   ] GC(669)   Pre Evacuate Collection Set: 62.4ms
[2026-01-16T09:06:48.147+0000][gc,phases   ] GC(669)   Merge Heap Roots: 11.9ms
[2026-01-16T09:06:48.149+0000][gc,phases   ] GC(669)   Evacuate Collection Set: 493.4ms
[2026-01-16T09:06:48.150+0000][gc,phases   ] GC(669)   Post Evacuate Collection Set: 55.2ms
[2026-01-16T09:06:48.153+0000][gc,phases   ] GC(669)   Other: 1.9ms
[2026-01-16T09:06:48.157+0000][gc,heap     ] GC(669) Eden regions: 49->0(48)
[2026-01-16T09:06:48.159+0000][gc,heap     ] GC(669) Survivor regions: 2->3(7)
[2026-01-16T09:06:48.160+0000][gc,heap     ] GC(669) Old regions: 197->197
[2026-01-16T09:06:48.162+0000][gc,heap     ] GC(669) Humongous regions: 87->87
[2026-01-16T09:06:48.165+0000][gc,metaspace] GC(669) Metaspace: 12726K(13120K)->12726K(13120K) NonClass: 11637K(11776K)->11637K(11776K) Class: 1088K(1344K)->1088K(1344K)
[2026-01-16T09:06:48.166+0000][gc          ] GC(669) Pause Young (Normal) (G1 Evacuation Pause) 334M->285M(1024M) 664.255ms
[2026-01-16T09:06:48.178+0000][gc,cpu      ] GC(669) User=0.20s Sys=0.04s Real=0.67s
[2026-01-16T09:06:50.673+0000][gc,start    ] GC(670) Pause Young (Normal) (G1 Evacuation Pause)
[2026-01-16T09:06:50.675+0000][gc,task     ] GC(670) Using 8 workers of 8 for evacuation
[2026-01-16T09:06:50.862+0000][gc,phases   ] GC(670)   Pre Evacuate Collection Set: 18.3ms
[2026-01-16T09:06:50.863+0000][gc,phases   ] GC(670)   Merge Heap Roots: 11.7ms
[2026-01-16T09:06:50.864+0000][gc,phases   ] GC(670)   Evacuate Collection Set: 137.2ms
[2026-01-16T09:06:50.865+0000][gc,phases   ] GC(670)   Post Evacuate Collection Set: 18.3ms
[2026-01-16T09:06:50.867+0000][gc,phases   ] GC(670)   Other: 1.8ms
[2026-01-16T09:06:50.867+0000][gc,heap     ] GC(670) Eden regions: 48->0(49)
[2026-01-16T09:06:50.869+0000][gc,heap     ] GC(670) Survivor regions: 3->2(7)
[2026-01-16T09:06:50.870+0000][gc,heap     ] GC(670) Old regions: 197->197
[2026-01-16T09:06:50.872+0000][gc,heap     ] GC(670) Humongous regions: 87->87
[2026-01-16T09:06:50.873+0000][gc,metaspace] GC(670) Metaspace: 12726K(13120K)->12726K(13120K) NonClass: 11637K(11776K)->11637K(11776K) Class: 1088K(1344K)->1088K(1344K)
[2026-01-16T09:06:50.874+0000][gc          ] GC(670) Pause Young (Normal) (G1 Evacuation Pause) 333M->284M(1024M) 201.112ms
[2026-01-16T09:06:50.875+0000][gc,cpu      ] GC(670) User=0.09s Sys=0.01s Real=0.20s
[2026-01-16T09:06:53.055+0000][gc,start    ] GC(671) Pause Young (Normal) (G1 Evacuation Pause)
[2026-01-16T09:06:53.070+0000][gc,task     ] GC(671) Using 8 workers of 8 for evacuation
[2026-01-16T09:06:53.352+0000][gc,mmu      ] GC(671) MMU target violated: 201.0ms (200.0ms/201.0ms)
[2026-01-16T09:06:53.353+0000][gc,phases   ] GC(671)   Pre Evacuate Collection Set: 40.1ms
[2026-01-16T09:06:53.354+0000][gc,phases   ] GC(671)   Merge Heap Roots: 6.8ms
[2026-01-16T09:06:53.354+0000][gc,phases   ] GC(671)   Evacuate Collection Set: 228.3ms
[2026-01-16T09:06:53.355+0000][gc,phases   ] GC(671)   Post Evacuate Collection Set: 3.9ms
[2026-01-16T09:06:53.356+0000][gc,phases   ] GC(671)   Other: 4.2ms
[2026-01-16T09:06:53.358+0000][gc,heap     ] GC(671) Eden regions: 49->0(49)
[2026-01-16T09:06:53.359+0000][gc,heap     ] GC(671) Survivor regions: 2->2(7)
[2026-01-16T09:06:53.360+0000][gc,heap     ] GC(671) Old regions: 197->197
[2026-01-16T09:06:53.391+0000][gc,heap     ] GC(671) Humongous regions: 87->87
[2026-01-16T09:06:53.393+0000][gc,metaspace] GC(671) Metaspace: 12726K(13120K)->12726K(13120K) NonClass: 11637K(11776K)->11637K(11776K) Class: 1088K(1344K)->1088K(1344K)
[2026-01-16T09:06:53.404+0000][gc          ] GC(671) Pause Young (Normal) (G1 Evacuation Pause) 333M->285M(1024M) 349.192ms
[2026-01-16T09:06:53.410+0000][gc,cpu      ] GC(671) User=0.16s Sys=0.01s Real=0.35s
[2026-01-16T09:07:00.904+0000][gc,start    ] GC(672) Pause Young (Normal) (G1 Evacuation Pause)
[2026-01-16T09:07:00.905+0000][gc,task     ] GC(672) Using 8 workers of 8 for evacuation
[2026-01-16T09:07:01.200+0000][gc,mmu      ] GC(672) MMU target violated: 201.0ms (200.0ms/201.0ms)
[2026-01-16T09:07:01.203+0000][gc,phases   ] GC(672)   Pre Evacuate Collection Set: 41.4ms
[2026-01-16T09:07:01.205+0000][gc,phases   ] GC(672)   Merge Heap Roots: 13.6ms
[2026-01-16T09:07:01.205+0000][gc,phases   ] GC(672)   Evacuate Collection Set: 186.6ms
[2026-01-16T09:07:01.209+0000][gc,phases   ] GC(672)   Post Evacuate Collection Set: 52.4ms
[2026-01-16T09:07:01.209+0000][gc,phases   ] GC(672)   Other: 4.0ms
[2026-01-16T09:07:01.212+0000][gc,heap     ] GC(672) Eden regions: 49->0(50)
[2026-01-16T09:07:01.212+0000][gc,heap     ] GC(672) Survivor regions: 2->1(7)
[2026-01-16T09:07:01.213+0000][gc,heap     ] GC(672) Old regions: 197->197
[2026-01-16T09:07:01.213+0000][gc,heap     ] GC(672) Humongous regions: 87->87
[2026-01-16T09:07:01.215+0000][gc,metaspace] GC(672) Metaspace: 12726K(13120K)->12726K(13120K) NonClass: 11637K(11776K)->11637K(11776K) Class: 1088K(1344K)->1088K(1344K)
[2026-01-16T09:07:01.217+0000][gc          ] GC(672) Pause Young (Normal) (G1 Evacuation Pause) 334M->284M(1024M) 312.806ms
[2026-01-16T09:07:01.225+0000][gc,cpu      ] GC(672) User=0.23s Sys=0.03s Real=0.32s
[2026-01-16T09:07:05.343+0000][gc,start    ] GC(673) Pause Young (Normal) (G1 Evacuation Pause)
[2026-01-16T09:07:05.347+0000][gc,task     ] GC(673) Using 8 workers of 8 for evacuation
[2026-01-16T09:07:05.774+0000][gc,mmu      ] GC(673) MMU target violated: 201.0ms (200.0ms/201.0ms)
[2026-01-16T09:07:05.774+0000][gc,phases   ] GC(673)   Pre Evacuate Collection Set: 40.1ms
[2026-01-16T09:07:05.775+0000][gc,phases   ] GC(673)   Merge Heap Roots: 13.8ms
[2026-01-16T09:07:05.775+0000][gc,phases   ] GC(673)   Evacuate Collection Set: 362.4ms
[2026-01-16T09:07:05.782+0000][gc,phases   ] GC(673)   Post Evacuate Collection Set: 8.9ms
[2026-01-16T09:07:05.788+0000][gc,phases   ] GC(673)   Other: 3.0ms
[2026-01-16T09:07:05.789+0000][gc,heap     ] GC(673) Eden regions: 50->0(49)
[2026-01-16T09:07:05.790+0000][gc,heap     ] GC(673) Survivor regions: 1->2(7)
[2026-01-16T09:07:05.790+0000][gc,heap     ] GC(673) Old regions: 197->197
[2026-01-16T09:07:05.790+0000][gc,heap     ] GC(673) Humongous regions: 87->87
[2026-01-16T09:07:05.791+0000][gc,metaspace] GC(673) Metaspace: 12726K(13120K)->12726K(13120K) NonClass: 11637K(11776K)->11637K(11776K) Class: 1088K(1344K)->1088K(1344K)
[2026-01-16T09:07:05.792+0000][gc          ] GC(673) Pause Young (Normal) (G1 Evacuation Pause) 334M->285M(1024M) 448.079ms
[2026-01-16T09:07:05.792+0000][gc,cpu      ] GC(673) User=0.20s Sys=0.00s Real=0.45s
[2026-01-16T09:07:09.566+0000][gc,start    ] GC(674) Pause Young (Normal) (G1 Evacuation Pause)
[2026-01-16T09:07:09.575+0000][gc,task     ] GC(674) Using 8 workers of 8 for evacuation
[2026-01-16T09:07:09.854+0000][gc,mmu      ] GC(674) MMU target violated: 201.0ms (200.0ms/201.0ms)
[2026-01-16T09:07:09.855+0000][gc,phases   ] GC(674)   Pre Evacuate Collection Set: 56.6ms
[2026-01-16T09:07:09.856+0000][gc,phases   ] GC(674)   Merge Heap Roots: 6.7ms
[2026-01-16T09:07:09.859+0000][gc,phases   ] GC(674)   Evacuate Collection Set: 202.4ms
[2026-01-16T09:07:09.859+0000][gc,phases   ] GC(674)   Post Evacuate Collection Set: 10.4ms
[2026-01-16T09:07:09.859+0000][gc,phases   ] GC(674)   Other: 6.5ms
[2026-01-16T09:07:09.860+0000][gc,heap     ] GC(674) Eden regions: 49->0(50)
[2026-01-16T09:07:09.867+0000][gc,heap     ] GC(674) Survivor regions: 2->1(7)
[2026-01-16T09:07:09.867+0000][gc,heap     ] GC(674) Old regions: 197->197
[2026-01-16T09:07:09.869+0000][gc,heap     ] GC(674) Humongous regions: 87->87
[2026-01-16T09:07:09.871+0000][gc,metaspace] GC(674) Metaspace: 12726K(13120K)->12726K(13120K) NonClass: 11637K(11776K)->11637K(11776K) Class: 1088K(1344K)->1088K(1344K)
[2026-01-16T09:07:09.871+0000][gc          ] GC(674) Pause Young (Normal) (G1 Evacuation Pause) 334M->284M(1024M) 305.202ms
[2026-01-16T09:07:09.872+0000][gc,cpu      ] GC(674) User=0.14s Sys=0.01s Real=0.31s
[2026-01-16T09:07:11.835+0000][gc,start    ] GC(675) Pause Young (Normal) (G1 Evacuation Pause)
[2026-01-16T09:07:11.836+0000][gc,task     ] GC(675) Using 8 workers of 8 for evacuation
[2026-01-16T09:07:11.937+0000][gc,phases   ] GC(675)   Pre Evacuate Collection Set: 8.3ms
[2026-01-16T09:07:11.939+0000][gc,phases   ] GC(675)   Merge Heap Roots: 0.8ms
[2026-01-16T09:07:11.941+0000][gc,phases   ] GC(675)   Evacuate Collection Set: 67.7ms
[2026-01-16T09:07:11.943+0000][gc,phases   ] GC(675)   Post Evacuate Collection Set: 18.1ms
[2026-01-16T09:07:11.944+0000][gc,phases   ] GC(675)   Other: 6.3ms
[2026-01-16T09:07:11.945+0000][gc,heap     ] GC(675) Eden regions: 50->0(49)
[2026-01-16T09:07:11.945+0000][gc,heap     ] GC(675) Survivor regions: 1->2(7)
[2026-01-16T09:07:11.946+0000][gc,heap     ] GC(675) Old regions: 197->197
[2026-01-16T09:07:11.946+0000][gc,heap     ] GC(675) Humongous regions: 87->87
[2026-01-16T09:07:11.947+0000][gc,metaspace] GC(675) Metaspace: 12726K(13120K)->12726K(13120K) NonClass: 11637K(11776K)->11637K(11776K) Class: 1088K(1344K)->1088K(1344K)
[2026-01-16T09:07:11.948+0000][gc          ] GC(675) Pause Young (Normal) (G1 Evacuation Pause) 334M->285M(1024M) 113.130ms
[2026-01-16T09:07:11.948+0000][gc,cpu      ] GC(675) User=0.06s Sys=0.01s Real=0.11s
[2026-01-16T09:07:13.292+0000][gc,start    ] GC(676) Pause Young (Normal) (G1 Evacuation Pause)
[2026-01-16T09:07:13.294+0000][gc,task     ] GC(676) Using 8 workers of 8 for evacuation
[2026-01-16T09:07:13.425+0000][gc,phases   ] GC(676)   Pre Evacuate Collection Set: 9.8ms
[2026-01-16T09:07:13.426+0000][gc,phases   ] GC(676)   Merge Heap Roots: 7.9ms
[2026-01-16T09:07:13.426+0000][gc,phases   ] GC(676)   Evacuate Collection Set: 95.6ms
[2026-01-16T09:07:13.427+0000][gc,phases   ] GC(676)   Post Evacuate Collection Set: 10.9ms
[2026-01-16T09:07:13.427+0000][gc,phases   ] GC(676)   Other: 7.1ms
[2026-01-16T09:07:13.428+0000][gc,heap     ] GC(676) Eden regions: 49->0(49)
[2026-01-16T09:07:13.429+0000][gc,heap     ] GC(676) Survivor regions: 2->2(7)
[2026-01-16T09:07:13.429+0000][gc,heap     ] GC(676) Old regions: 197->198
[2026-01-16T09:07:13.430+0000][gc,heap     ] GC(676) Humongous regions: 87->87
[2026-01-16T09:07:13.430+0000][gc,metaspace] GC(676) Metaspace: 12726K(13120K)->12726K(13120K) NonClass: 11637K(11776K)->11637K(11776K) Class: 1088K(1344K)->1088K(1344K)
[2026-01-16T09:07:13.432+0000][gc          ] GC(676) Pause Young (Normal) (G1 Evacuation Pause) 334M->285M(1024M) 139.768ms
[2026-01-16T09:07:13.435+0000][gc,cpu      ] GC(676) User=0.07s Sys=0.01s Real=0.15s
[2026-01-16T09:07:26.292+0000][gc,start    ] GC(677) Pause Young (Normal) (G1 Evacuation Pause)
[2026-01-16T09:07:26.306+0000][gc,task     ] GC(677) Using 8 workers of 8 for evacuation
[2026-01-16T09:07:27.565+0000][gc,mmu      ] GC(677) MMU target violated: 201.0ms (200.0ms/201.0ms)
[2026-01-16T09:07:27.567+0000][gc,phases   ] GC(677)   Pre Evacuate Collection Set: 117.8ms
[2026-01-16T09:07:27.567+0000][gc,phases   ] GC(677)   Merge Heap Roots: 25.7ms
[2026-01-16T09:07:27.567+0000][gc,phases   ] GC(677)   Evacuate Collection Set: 1074.7ms
[2026-01-16T09:07:27.568+0000][gc,phases   ] GC(677)   Post Evacuate Collection Set: 33.9ms
[2026-01-16T09:07:27.568+0000][gc,phases   ] GC(677)   Other: 9.1ms
[2026-01-16T09:07:27.568+0000][gc,heap     ] GC(677) Eden regions: 49->0(50)
[2026-01-16T09:07:27.568+0000][gc,heap     ] GC(677) Survivor regions: 2->1(7)
[2026-01-16T09:07:27.569+0000][gc,heap     ] GC(677) Old regions: 198->198
[2026-01-16T09:07:27.569+0000][gc,heap     ] GC(677) Humongous regions: 87->87
[2026-01-16T09:07:27.569+0000][gc,metaspace] GC(677) Metaspace: 12726K(13120K)->12726K(13120K) NonClass: 11638K(11776K)->11638K(11776K) Class: 1088K(1344K)->1088K(1344K)
[2026-01-16T09:07:27.570+0000][gc          ] GC(677) Pause Young (Normal) (G1 Evacuation Pause) 334M->284M(1024M) 1277.891ms
[2026-01-16T09:07:27.571+0000][gc,cpu      ] GC(677) User=0.35s Sys=0.05s Real=1.28s
[2026-01-16T09:07:33.829+0000][gc,start    ] GC(678) Pause Young (Normal) (G1 Evacuation Pause)
[2026-01-16T09:07:33.834+0000][gc,task     ] GC(678) Using 8 workers of 8 for evacuation
[2026-01-16T09:07:34.396+0000][gc,mmu      ] GC(678) MMU target violated: 201.0ms (200.0ms/201.0ms)
[2026-01-16T09:07:34.397+0000][gc,phases   ] GC(678)   Pre Evacuate Collection Set: 100.8ms
[2026-01-16T09:07:34.398+0000][gc,phases   ] GC(678)   Merge Heap Roots: 28.5ms
[2026-01-16T09:07:34.399+0000][gc,phases   ] GC(678)   Evacuate Collection Set: 370.4ms
[2026-01-16T09:07:34.403+0000][gc,phases   ] GC(678)   Post Evacuate Collection Set: 10.9ms
[2026-01-16T09:07:34.404+0000][gc,phases   ] GC(678)   Other: 53.8ms
[2026-01-16T09:07:34.404+0000][gc,heap     ] GC(678) Eden regions: 50->0(49)
[2026-01-16T09:07:34.405+0000][gc,heap     ] GC(678) Survivor regions: 1->2(7)
[2026-01-16T09:07:34.405+0000][gc,heap     ] GC(678) Old regions: 198->198
[2026-01-16T09:07:34.405+0000][gc,heap     ] GC(678) Humongous regions: 87->87
[2026-01-16T09:07:34.406+0000][gc,metaspace] GC(678) Metaspace: 12726K(13120K)->12726K(13120K) NonClass: 11638K(11776K)->11638K(11776K) Class: 1088K(1344K)->1088K(1344K)
[2026-01-16T09:07:34.414+0000][gc          ] GC(678) Pause Young (Normal) (G1 Evacuation Pause) 334M->285M(1024M) 579.389ms
[2026-01-16T09:07:34.415+0000][gc,cpu      ] GC(678) User=0.22s Sys=0.01s Real=0.59s
[2026-01-16T09:07:36.269+0000][gc,start    ] GC(679) Pause Young (Normal) (G1 Evacuation Pause)
[2026-01-16T09:07:36.275+0000][gc,task     ] GC(679) Using 8 workers of 8 for evacuation
[2026-01-16T09:07:36.396+0000][gc,phases   ] GC(679)   Pre Evacuate Collection Set: 11.3ms
[2026-01-16T09:07:36.396+0000][gc,phases   ] GC(679)   Merge Heap Roots: 4.2ms
[2026-01-16T09:07:36.396+0000][gc,phases   ] GC(679)   Evacuate Collection Set: 89.3ms
[2026-01-16T09:07:36.397+0000][gc,phases   ] GC(679)   Post Evacuate Collection Set: 9.6ms
[2026-01-16T09:07:36.397+0000][gc,phases   ] GC(679)   Other: 10.6ms
[2026-01-16T09:07:36.398+0000][gc,heap     ] GC(679) Eden regions: 49->0(48)
[2026-01-16T09:07:36.398+0000][gc,heap     ] GC(679) Survivor regions: 2->3(7)
[2026-01-16T09:07:36.399+0000][gc,heap     ] GC(679) Old regions: 198->198
[2026-01-16T09:07:36.400+0000][gc,heap     ] GC(679) Humongous regions: 87->87
[2026-01-16T09:07:36.401+0000][gc,metaspace] GC(679) Metaspace: 12726K(13120K)->12726K(13120K) NonClass: 11638K(11776K)->11638K(11776K) Class: 1088K(1344K)->1088K(1344K)
[2026-01-16T09:07:36.410+0000][gc          ] GC(679) Pause Young (Normal) (G1 Evacuation Pause) 334M->286M(1024M) 140.922ms
[2026-01-16T09:07:36.410+0000][gc,cpu      ] GC(679) User=0.10s Sys=0.02s Real=0.14s
[2026-01-16T09:07:37.920+0000][gc,start    ] GC(680) Pause Young (Normal) (G1 Evacuation Pause)
[2026-01-16T09:07:37.921+0000][gc,task     ] GC(680) Using 8 workers of 8 for evacuation
[2026-01-16T09:07:38.081+0000][gc,phases   ] GC(680)   Pre Evacuate Collection Set: 42.9ms
[2026-01-16T09:07:38.083+0000][gc,phases   ] GC(680)   Merge Heap Roots: 3.9ms
[2026-01-16T09:07:38.086+0000][gc,phases   ] GC(680)   Evacuate Collection Set: 107.1ms
[2026-01-16T09:07:38.087+0000][gc,phases   ] GC(680)   Post Evacuate Collection Set: 3.9ms
[2026-01-16T09:07:38.088+0000][gc,phases   ] GC(680)   Other: 2.2ms
[2026-01-16T09:07:38.091+0000][gc,heap     ] GC(680) Eden regions: 48->0(49)
[2026-01-16T09:07:38.093+0000][gc,heap     ] GC(680) Survivor regions: 3->2(7)
[2026-01-16T09:07:38.096+0000][gc,heap     ] GC(680) Old regions: 198->198
[2026-01-16T09:07:38.096+0000][gc,heap     ] GC(680) Humongous regions: 87->87
[2026-01-16T09:07:38.097+0000][gc,metaspace] GC(680) Metaspace: 12726K(13120K)->12726K(13120K) NonClass: 11638K(11776K)->11638K(11776K) Class: 1088K(1344K)->1088K(1344K)
[2026-01-16T09:07:38.106+0000][gc          ] GC(680) Pause Young (Normal) (G1 Evacuation Pause) 334M->285M(1024M) 185.896ms
[2026-01-16T09:07:38.122+0000][gc,cpu      ] GC(680) User=0.08s Sys=0.01s Real=0.21s
[2026-01-16T09:07:41.175+0000][gc,start    ] GC(681) Pause Young (Normal) (G1 Evacuation Pause)
[2026-01-16T09:07:41.176+0000][gc,task     ] GC(681) Using 8 workers of 8 for evacuation
[2026-01-16T09:07:41.450+0000][gc,mmu      ] GC(681) MMU target violated: 201.0ms (200.0ms/201.0ms)
[2026-01-16T09:07:41.451+0000][gc,phases   ] GC(681)   Pre Evacuate Collection Set: 51.2ms
[2026-01-16T09:07:41.451+0000][gc,phases   ] GC(681)   Merge Heap Roots: 3.0ms
[2026-01-16T09:07:41.452+0000][gc,phases   ] GC(681)   Evacuate Collection Set: 153.8ms
[2026-01-16T09:07:41.453+0000][gc,phases   ] GC(681)   Post Evacuate Collection Set: 64.5ms
[2026-01-16T09:07:41.453+0000][gc,phases   ] GC(681)   Other: 2.1ms
[2026-01-16T09:07:41.453+0000][gc,heap     ] GC(681) Eden regions: 49->0(50)
[2026-01-16T09:07:41.454+0000][gc,heap     ] GC(681) Survivor regions: 2->1(7)
[2026-01-16T09:07:41.454+0000][gc,heap     ] GC(681) Old regions: 198->198
[2026-01-16T09:07:41.454+0000][gc,heap     ] GC(681) Humongous regions: 87->87
[2026-01-16T09:07:41.455+0000][gc,metaspace] GC(681) Metaspace: 12726K(13120K)->12726K(13120K) NonClass: 11638K(11776K)->11638K(11776K) Class: 1088K(1344K)->1088K(1344K)
[2026-01-16T09:07:41.455+0000][gc          ] GC(681) Pause Young (Normal) (G1 Evacuation Pause) 334M->284M(1024M) 280.645ms
[2026-01-16T09:07:41.457+0000][gc,cpu      ] GC(681) User=0.12s Sys=0.01s Real=0.28s
[2026-01-16T09:07:45.403+0000][gc,start    ] GC(682) Pause Young (Normal) (G1 Evacuation Pause)
[2026-01-16T09:07:45.404+0000][gc,task     ] GC(682) Using 8 workers of 8 for evacuation
[2026-01-16T09:07:45.546+0000][gc,phases   ] GC(682)   Pre Evacuate Collection Set: 12.3ms
[2026-01-16T09:07:45.549+0000][gc,phases   ] GC(682)   Merge Heap Roots: 5.4ms
[2026-01-16T09:07:45.550+0000][gc,phases   ] GC(682)   Evacuate Collection Set: 101.7ms
[2026-01-16T09:07:45.551+0000][gc,phases   ] GC(682)   Post Evacuate Collection Set: 18.7ms
[2026-01-16T09:07:45.552+0000][gc,phases   ] GC(682)   Other: 3.9ms
[2026-01-16T09:07:45.553+0000][gc,heap     ] GC(682) Eden regions: 50->0(50)
[2026-01-16T09:07:45.557+0000][gc,heap     ] GC(682) Survivor regions: 1->1(7)
[2026-01-16T09:07:45.558+0000][gc,heap     ] GC(682) Old regions: 198->198
[2026-01-16T09:07:45.559+0000][gc,heap     ] GC(682) Humongous regions: 87->87
[2026-01-16T09:07:45.561+0000][gc,metaspace] GC(682) Metaspace: 12726K(13120K)->12726K(13120K) NonClass: 11638K(11776K)->11638K(11776K) Class: 1088K(1344K)->1088K(1344K)
[2026-01-16T09:07:45.562+0000][gc          ] GC(682) Pause Young (Normal) (G1 Evacuation Pause) 334M->285M(1024M) 159.023ms
[2026-01-16T09:07:45.565+0000][gc,cpu      ] GC(682) User=0.09s Sys=0.00s Real=0.16s
[2026-01-16T09:07:47.397+0000][gc,start    ] GC(683) Pause Young (Normal) (G1 Evacuation Pause)
[2026-01-16T09:07:47.405+0000][gc,task     ] GC(683) Using 8 workers of 8 for evacuation
[2026-01-16T09:07:47.724+0000][gc,mmu      ] GC(683) MMU target violated: 201.0ms (200.0ms/201.0ms)
[2026-01-16T09:07:47.725+0000][gc,phases   ] GC(683)   Pre Evacuate Collection Set: 27.3ms
[2026-01-16T09:07:47.727+0000][gc,phases   ] GC(683)   Merge Heap Roots: 15.9ms
[2026-01-16T09:07:47.732+0000][gc,phases   ] GC(683)   Evacuate Collection Set: 250.9ms
[2026-01-16T09:07:47.735+0000][gc,phases   ] GC(683)   Post Evacuate Collection Set: 23.8ms
[2026-01-16T09:07:47.735+0000][gc,phases   ] GC(683)   Other: 2.5ms
[2026-01-16T09:07:47.738+0000][gc,heap     ] GC(683) Eden regions: 50->0(49)
[2026-01-16T09:07:47.741+0000][gc,heap     ] GC(683) Survivor regions: 1->2(7)
[2026-01-16T09:07:47.743+0000][gc,heap     ] GC(683) Old regions: 198->198
[2026-01-16T09:07:47.746+0000][gc,heap     ] GC(683) Humongous regions: 87->87
[2026-01-16T09:07:47.748+0000][gc,metaspace] GC(683) Metaspace: 12726K(13120K)->12726K(13120K) NonClass: 11638K(11776K)->11638K(11776K) Class: 1088K(1344K)->1088K(1344K)
[2026-01-16T09:07:47.750+0000][gc          ] GC(683) Pause Young (Normal) (G1 Evacuation Pause) 335M->285M(1024M) 352.851ms
[2026-01-16T09:07:47.750+0000][gc,cpu      ] GC(683) User=0.13s Sys=0.01s Real=0.35s
[2026-01-16T09:07:50.997+0000][gc,start    ] GC(684) Pause Young (Normal) (G1 Evacuation Pause)
[2026-01-16T09:07:51.001+0000][gc,task     ] GC(684) Using 8 workers of 8 for evacuation
[2026-01-16T09:07:51.197+0000][gc,phases   ] GC(684)   Pre Evacuate Collection Set: 23.3ms
[2026-01-16T09:07:51.197+0000][gc,phases   ] GC(684)   Merge Heap Roots: 10.3ms
[2026-01-16T09:07:51.197+0000][gc,phases   ] GC(684)   Evacuate Collection Set: 148.2ms
[2026-01-16T09:07:51.197+0000][gc,phases   ] GC(684)   Post Evacuate Collection Set: 12.2ms
[2026-01-16T09:07:51.197+0000][gc,phases   ] GC(684)   Other: 3.6ms
[2026-01-16T09:07:51.198+0000][gc,heap     ] GC(684) Eden regions: 49->0(50)
[2026-01-16T09:07:51.198+0000][gc,heap     ] GC(684) Survivor regions: 2->1(7)
[2026-01-16T09:07:51.198+0000][gc,heap     ] GC(684) Old regions: 198->198
[2026-01-16T09:07:51.198+0000][gc,heap     ] GC(684) Humongous regions: 87->87
[2026-01-16T09:07:51.198+0000][gc,metaspace] GC(684) Metaspace: 12726K(13120K)->12726K(13120K) NonClass: 11638K(11776K)->11638K(11776K) Class: 1088K(1344K)->1088K(1344K)
[2026-01-16T09:07:51.199+0000][gc          ] GC(684) Pause Young (Normal) (G1 Evacuation Pause) 334M->285M(1024M) 201.126ms
[2026-01-16T09:07:51.199+0000][gc,cpu      ] GC(684) User=0.08s Sys=0.00s Real=0.20s
[2026-01-16T09:07:54.611+0000][gc,start    ] GC(685) Pause Young (Normal) (G1 Evacuation Pause)
[2026-01-16T09:07:54.621+0000][gc,task     ] GC(685) Using 8 workers of 8 for evacuation
[2026-01-16T09:07:55.097+0000][gc,mmu      ] GC(685) MMU target violated: 201.0ms (200.0ms/201.0ms)
[2026-01-16T09:07:55.100+0000][gc,phases   ] GC(685)   Pre Evacuate Collection Set: 27.8ms
[2026-01-16T09:07:55.101+0000][gc,phases   ] GC(685)   Merge Heap Roots: 13.7ms
[2026-01-16T09:07:55.104+0000][gc,phases   ] GC(685)   Evacuate Collection Set: 401.6ms
[2026-01-16T09:07:55.106+0000][gc,phases   ] GC(685)   Post Evacuate Collection Set: 17.9ms
[2026-01-16T09:07:55.109+0000][gc,phases   ] GC(685)   Other: 19.8ms
[2026-01-16T09:07:55.112+0000][gc,heap     ] GC(685) Eden regions: 50->0(49)
[2026-01-16T09:07:55.115+0000][gc,heap     ] GC(685) Survivor regions: 1->2(7)
[2026-01-16T09:07:55.118+0000][gc,heap     ] GC(685) Old regions: 198->198
[2026-01-16T09:07:55.120+0000][gc,heap     ] GC(685) Humongous regions: 87->87
[2026-01-16T09:07:55.124+0000][gc,metaspace] GC(685) Metaspace: 12729K(13184K)->12729K(13184K) NonClass: 11640K(11840K)->11640K(11840K) Class: 1088K(1344K)->1088K(1344K)
[2026-01-16T09:07:55.125+0000][gc          ] GC(685) Pause Young (Normal) (G1 Evacuation Pause) 335M->285M(1024M) 522.679ms
[2026-01-16T09:07:55.125+0000][gc,cpu      ] GC(685) User=0.24s Sys=0.04s Real=0.52s
[2026-01-16T09:08:00.718+0000][gc,start    ] GC(686) Pause Young (Normal) (G1 Evacuation Pause)
[2026-01-16T09:08:00.729+0000][gc,task     ] GC(686) Using 8 workers of 8 for evacuation
[2026-01-16T09:08:00.811+0000][gc,phases   ] GC(686)   Pre Evacuate Collection Set: 14.8ms
[2026-01-16T09:08:00.812+0000][gc,phases   ] GC(686)   Merge Heap Roots: 2.2ms
[2026-01-16T09:08:00.812+0000][gc,phases   ] GC(686)   Evacuate Collection Set: 56.4ms
[2026-01-16T09:08:00.814+0000][gc,phases   ] GC(686)   Post Evacuate Collection Set: 8.6ms
[2026-01-16T09:08:00.815+0000][gc,phases   ] GC(686)   Other: 8.8ms
[2026-01-16T09:08:00.816+0000][gc,heap     ] GC(686) Eden regions: 49->0(50)
[2026-01-16T09:08:00.817+0000][gc,heap     ] GC(686) Survivor regions: 2->1(7)
[2026-01-16T09:08:00.817+0000][gc,heap     ] GC(686) Old regions: 198->198
[2026-01-16T09:08:00.817+0000][gc,heap     ] GC(686) Humongous regions: 87->87
[2026-01-16T09:08:00.818+0000][gc,metaspace] GC(686) Metaspace: 12729K(13184K)->12729K(13184K) NonClass: 11640K(11840K)->11640K(11840K) Class: 1088K(1344K)->1088K(1344K)
[2026-01-16T09:08:00.819+0000][gc          ] GC(686) Pause Young (Normal) (G1 Evacuation Pause) 334M->284M(1024M) 100.576ms
[2026-01-16T09:08:00.820+0000][gc,cpu      ] GC(686) User=0.11s Sys=0.00s Real=0.10s
[2026-01-16T09:08:02.979+0000][gc,start    ] GC(687) Pause Young (Normal) (G1 Evacuation Pause)
[2026-01-16T09:08:02.980+0000][gc,task     ] GC(687) Using 8 workers of 8 for evacuation
[2026-01-16T09:08:03.151+0000][gc,phases   ] GC(687)   Pre Evacuate Collection Set: 25.2ms
[2026-01-16T09:08:03.164+0000][gc,phases   ] GC(687)   Merge Heap Roots: 0.5ms
[2026-01-16T09:08:03.165+0000][gc,phases   ] GC(687)   Evacuate Collection Set: 111.4ms
[2026-01-16T09:08:03.166+0000][gc,phases   ] GC(687)   Post Evacuate Collection Set: 32.0ms
[2026-01-16T09:08:03.166+0000][gc,phases   ] GC(687)   Other: 1.6ms
[2026-01-16T09:08:03.166+0000][gc,heap     ] GC(687) Eden regions: 50->0(49)
[2026-01-16T09:08:03.167+0000][gc,heap     ] GC(687) Survivor regions: 1->2(7)
[2026-01-16T09:08:03.167+0000][gc,heap     ] GC(687) Old regions: 198->198
[2026-01-16T09:08:03.168+0000][gc,heap     ] GC(687) Humongous regions: 87->87
[2026-01-16T09:08:03.168+0000][gc,metaspace] GC(687) Metaspace: 12729K(13184K)->12729K(13184K) NonClass: 11640K(11840K)->11640K(11840K) Class: 1088K(1344K)->1088K(1344K)
[2026-01-16T09:08:03.171+0000][gc          ] GC(687) Pause Young (Normal) (G1 Evacuation Pause) 334M->285M(1024M) 191.546ms
[2026-01-16T09:08:03.173+0000][gc,cpu      ] GC(687) User=0.07s Sys=0.01s Real=0.20s
[2026-01-16T09:08:10.776+0000][gc,start    ] GC(688) Pause Young (Normal) (G1 Evacuation Pause)
[2026-01-16T09:08:10.781+0000][gc,task     ] GC(688) Using 8 workers of 8 for evacuation
[2026-01-16T09:08:10.997+0000][gc,mmu      ] GC(688) MMU target violated: 201.0ms (200.0ms/201.0ms)
[2026-01-16T09:08:10.998+0000][gc,phases   ] GC(688)   Pre Evacuate Collection Set: 22.5ms
[2026-01-16T09:08:11.000+0000][gc,phases   ] GC(688)   Merge Heap Roots: 3.1ms
[2026-01-16T09:08:11.000+0000][gc,phases   ] GC(688)   Evacuate Collection Set: 138.1ms
[2026-01-16T09:08:11.001+0000][gc,phases   ] GC(688)   Post Evacuate Collection Set: 45.1ms
[2026-01-16T09:08:11.002+0000][gc,phases   ] GC(688)   Other: 9.0ms
[2026-01-16T09:08:11.003+0000][gc,heap     ] GC(688) Eden regions: 49->0(53)
[2026-01-16T09:08:11.003+0000][gc,heap     ] GC(688) Survivor regions: 2->1(7)
[2026-01-16T09:08:11.004+0000][gc,heap     ] GC(688) Old regions: 198->198
[2026-01-16T09:08:11.006+0000][gc,heap     ] GC(688) Humongous regions: 87->87
[2026-01-16T09:08:11.009+0000][gc,metaspace] GC(688) Metaspace: 12733K(13184K)->12733K(13184K) NonClass: 11645K(11840K)->11645K(11840K) Class: 1088K(1344K)->1088K(1344K)
[2026-01-16T09:08:11.012+0000][gc          ] GC(688) Pause Young (Normal) (G1 Evacuation Pause) 334M->284M(1024M) 235.524ms
[2026-01-16T09:08:11.016+0000][gc,cpu      ] GC(688) User=0.13s Sys=0.01s Real=0.23s
[2026-01-16T09:08:16.775+0000][gc,start    ] GC(689) Pause Young (Normal) (G1 Evacuation Pause)
[2026-01-16T09:08:16.787+0000][gc,task     ] GC(689) Using 8 workers of 8 for evacuation
[2026-01-16T09:08:17.435+0000][gc,mmu      ] GC(689) MMU target violated: 201.0ms (200.0ms/201.0ms)
[2026-01-16T09:08:17.436+0000][gc,phases   ] GC(689)   Pre Evacuate Collection Set: 71.0ms
[2026-01-16T09:08:17.443+0000][gc,phases   ] GC(689)   Merge Heap Roots: 6.9ms
[2026-01-16T09:08:17.445+0000][gc,phases   ] GC(689)   Evacuate Collection Set: 518.0ms
[2026-01-16T09:08:17.447+0000][gc,phases   ] GC(689)   Post Evacuate Collection Set: 38.0ms
[2026-01-16T09:08:17.448+0000][gc,phases   ] GC(689)   Other: 15.2ms
[2026-01-16T09:08:17.449+0000][gc,heap     ] GC(689) Eden regions: 81->0(49)
[2026-01-16T09:08:17.451+0000][gc,heap     ] GC(689) Survivor regions: 1->2(11)
[2026-01-16T09:08:17.452+0000][gc,heap     ] GC(689) Old regions: 198->198
[2026-01-16T09:08:17.454+0000][gc,heap     ] GC(689) Humongous regions: 87->87
[2026-01-16T09:08:17.456+0000][gc,metaspace] GC(689) Metaspace: 12733K(13184K)->12733K(13184K) NonClass: 11645K(11840K)->11645K(11840K) Class: 1088K(1344K)->1088K(1344K)
[2026-01-16T09:08:17.460+0000][gc          ] GC(689) Pause Young (Normal) (G1 Evacuation Pause) 365M->285M(1024M) 684.608ms
[2026-01-16T09:08:17.462+0000][gc,cpu      ] GC(689) User=0.40s Sys=0.04s Real=0.68s
[2026-01-16T09:08:21.440+0000][gc,start    ] GC(690) Pause Young (Normal) (G1 Evacuation Pause)
[2026-01-16T09:08:21.484+0000][gc,task     ] GC(690) Using 8 workers of 8 for evacuation
[2026-01-16T09:08:22.056+0000][gc,mmu      ] GC(690) MMU target violated: 201.0ms (200.0ms/201.0ms)
[2026-01-16T09:08:22.057+0000][gc,phases   ] GC(690)   Pre Evacuate Collection Set: 33.7ms
[2026-01-16T09:08:22.061+0000][gc,phases   ] GC(690)   Merge Heap Roots: 3.8ms
[2026-01-16T09:08:22.067+0000][gc,phases   ] GC(690)   Evacuate Collection Set: 448.3ms
[2026-01-16T09:08:22.083+0000][gc,phases   ] GC(690)   Post Evacuate Collection Set: 82.7ms
[2026-01-16T09:08:22.084+0000][gc,phases   ] GC(690)   Other: 47.4ms
[2026-01-16T09:08:22.086+0000][gc,heap     ] GC(690) Eden regions: 49->0(50)
[2026-01-16T09:08:22.086+0000][gc,heap     ] GC(690) Survivor regions: 2->1(7)
[2026-01-16T09:08:22.087+0000][gc,heap     ] GC(690) Old regions: 198->198
[2026-01-16T09:08:22.088+0000][gc,heap     ] GC(690) Humongous regions: 87->87
[2026-01-16T09:08:22.092+0000][gc,metaspace] GC(690) Metaspace: 12733K(13184K)->12733K(13184K) NonClass: 11645K(11840K)->11645K(11840K) Class: 1088K(1344K)->1088K(1344K)
[2026-01-16T09:08:22.102+0000][gc          ] GC(690) Pause Young (Normal) (G1 Evacuation Pause) 334M->284M(1024M) 661.698ms
[2026-01-16T09:08:22.105+0000][gc,cpu      ] GC(690) User=0.18s Sys=0.02s Real=0.67s
[2026-01-16T09:08:24.726+0000][gc,start    ] GC(691) Pause Young (Normal) (G1 Evacuation Pause)
[2026-01-16T09:08:24.731+0000][gc,task     ] GC(691) Using 8 workers of 8 for evacuation
[2026-01-16T09:08:24.934+0000][gc,mmu      ] GC(691) MMU target violated: 201.0ms (200.0ms/201.0ms)
[2026-01-16T09:08:24.934+0000][gc,phases   ] GC(691)   Pre Evacuate Collection Set: 20.1ms
[2026-01-16T09:08:24.935+0000][gc,phases   ] GC(691)   Merge Heap Roots: 0.6ms
[2026-01-16T09:08:24.935+0000][gc,phases   ] GC(691)   Evacuate Collection Set: 179.0ms
[2026-01-16T09:08:24.936+0000][gc,phases   ] GC(691)   Post Evacuate Collection Set: 1.7ms
[2026-01-16T09:08:24.936+0000][gc,phases   ] GC(691)   Other: 2.6ms
[2026-01-16T09:08:24.936+0000][gc,heap     ] GC(691) Eden regions: 50->0(49)
[2026-01-16T09:08:24.936+0000][gc,heap     ] GC(691) Survivor regions: 1->2(7)
[2026-01-16T09:08:24.937+0000][gc,heap     ] GC(691) Old regions: 198->198
[2026-01-16T09:08:24.937+0000][gc,heap     ] GC(691) Humongous regions: 87->87
[2026-01-16T09:08:24.937+0000][gc,metaspace] GC(691) Metaspace: 12733K(13184K)->12733K(13184K) NonClass: 11645K(11840K)->11645K(11840K) Class: 1088K(1344K)->1088K(1344K)
[2026-01-16T09:08:24.937+0000][gc          ] GC(691) Pause Young (Normal) (G1 Evacuation Pause) 334M->285M(1024M) 212.090ms
[2026-01-16T09:08:24.937+0000][gc,cpu      ] GC(691) User=0.08s Sys=0.01s Real=0.21s
[2026-01-16T09:08:32.253+0000][gc,start    ] GC(692) Pause Young (Normal) (G1 Evacuation Pause)
[2026-01-16T09:08:32.262+0000][gc,task     ] GC(692) Using 8 workers of 8 for evacuation
[2026-01-16T09:08:32.689+0000][gc,mmu      ] GC(692) MMU target violated: 201.0ms (200.0ms/201.0ms)
[2026-01-16T09:08:32.689+0000][gc,phases   ] GC(692)   Pre Evacuate Collection Set: 52.3ms
[2026-01-16T09:08:32.690+0000][gc,phases   ] GC(692)   Merge Heap Roots: 17.1ms
[2026-01-16T09:08:32.693+0000][gc,phases   ] GC(692)   Evacuate Collection Set: 290.5ms
[2026-01-16T09:08:32.695+0000][gc,phases   ] GC(692)   Post Evacuate Collection Set: 55.2ms
[2026-01-16T09:08:32.699+0000][gc,phases   ] GC(692)   Other: 17.9ms
[2026-01-16T09:08:32.701+0000][gc,heap     ] GC(692) Eden regions: 49->0(50)
[2026-01-16T09:08:32.704+0000][gc,heap     ] GC(692) Survivor regions: 2->1(7)
[2026-01-16T09:08:32.709+0000][gc,heap     ] GC(692) Old regions: 198->198
[2026-01-16T09:08:32.711+0000][gc,heap     ] GC(692) Humongous regions: 87->87
[2026-01-16T09:08:32.714+0000][gc,metaspace] GC(692) Metaspace: 12733K(13184K)->12733K(13184K) NonClass: 11645K(11840K)->11645K(11840K) Class: 1088K(1344K)->1088K(1344K)
[2026-01-16T09:08:32.721+0000][gc          ] GC(692) Pause Young (Normal) (G1 Evacuation Pause) 334M->284M(1024M) 468.077ms
[2026-01-16T09:08:32.722+0000][gc,cpu      ] GC(692) User=0.22s Sys=0.04s Real=0.47s
[2026-01-16T09:08:37.529+0000][gc,start    ] GC(693) Pause Young (Normal) (G1 Evacuation Pause)
[2026-01-16T09:08:37.536+0000][gc,task     ] GC(693) Using 8 workers of 8 for evacuation
[2026-01-16T09:08:37.844+0000][gc,mmu      ] GC(693) MMU target violated: 201.0ms (200.0ms/201.0ms)
[2026-01-16T09:08:37.845+0000][gc,phases   ] GC(693)   Pre Evacuate Collection Set: 53.0ms
[2026-01-16T09:08:37.845+0000][gc,phases   ] GC(693)   Merge Heap Roots: 6.3ms
[2026-01-16T09:08:37.845+0000][gc,phases   ] GC(693)   Evacuate Collection Set: 226.4ms
[2026-01-16T09:08:37.846+0000][gc,phases   ] GC(693)   Post Evacuate Collection Set: 18.0ms
[2026-01-16T09:08:37.846+0000][gc,phases   ] GC(693)   Other: 7.4ms
[2026-01-16T09:08:37.847+0000][gc,heap     ] GC(693) Eden regions: 50->0(49)
[2026-01-16T09:08:37.847+0000][gc,heap     ] GC(693) Survivor regions: 1->2(7)
[2026-01-16T09:08:37.847+0000][gc,heap     ] GC(693) Old regions: 198->198
[2026-01-16T09:08:37.848+0000][gc,heap     ] GC(693) Humongous regions: 87->87
[2026-01-16T09:08:37.848+0000][gc,metaspace] GC(693) Metaspace: 12735K(13184K)->12735K(13184K) NonClass: 11646K(11840K)->11646K(11840K) Class: 1088K(1344K)->1088K(1344K)
[2026-01-16T09:08:37.850+0000][gc          ] GC(693) Pause Young (Normal) (G1 Evacuation Pause) 334M->285M(1024M) 320.530ms
[2026-01-16T09:08:37.850+0000][gc,cpu      ] GC(693) User=0.18s Sys=0.01s Real=0.32s
[2026-01-16T09:08:40.736+0000][gc,start    ] GC(694) Pause Young (Normal) (G1 Evacuation Pause)
[2026-01-16T09:08:40.740+0000][gc,task     ] GC(694) Using 8 workers of 8 for evacuation
[2026-01-16T09:08:41.003+0000][gc,mmu      ] GC(694) MMU target violated: 201.0ms (200.0ms/201.0ms)
[2026-01-16T09:08:41.007+0000][gc,phases   ] GC(694)   Pre Evacuate Collection Set: 19.0ms
[2026-01-16T09:08:41.007+0000][gc,phases   ] GC(694)   Merge Heap Roots: 11.6ms
[2026-01-16T09:08:41.007+0000][gc,phases   ] GC(694)   Evacuate Collection Set: 172.3ms
[2026-01-16T09:08:41.007+0000][gc,phases   ] GC(694)   Post Evacuate Collection Set: 46.9ms
[2026-01-16T09:08:41.007+0000][gc,phases   ] GC(694)   Other: 18.1ms
[2026-01-16T09:08:41.008+0000][gc,heap     ] GC(694) Eden regions: 49->0(50)
[2026-01-16T09:08:41.008+0000][gc,heap     ] GC(694) Survivor regions: 2->1(7)
[2026-01-16T09:08:41.008+0000][gc,heap     ] GC(694) Old regions: 198->198
[2026-01-16T09:08:41.008+0000][gc,heap     ] GC(694) Humongous regions: 87->87
[2026-01-16T09:08:41.008+0000][gc,metaspace] GC(694) Metaspace: 12736K(13184K)->12736K(13184K) NonClass: 11648K(11840K)->11648K(11840K) Class: 1088K(1344K)->1088K(1344K)
[2026-01-16T09:08:41.008+0000][gc          ] GC(694) Pause Young (Normal) (G1 Evacuation Pause) 334M->284M(1024M) 272.514ms
[2026-01-16T09:08:41.009+0000][gc,cpu      ] GC(694) User=0.14s Sys=0.02s Real=0.28s
[2026-01-16T09:08:44.387+0000][gc,start    ] GC(695) Pause Young (Normal) (G1 Evacuation Pause)
[2026-01-16T09:08:44.408+0000][gc,task     ] GC(695) Using 8 workers of 8 for evacuation
[2026-01-16T09:08:44.828+0000][gc,mmu      ] GC(695) MMU target violated: 201.0ms (200.0ms/201.0ms)
[2026-01-16T09:08:44.831+0000][gc,phases   ] GC(695)   Pre Evacuate Collection Set: 20.5ms
[2026-01-16T09:08:44.833+0000][gc,phases   ] GC(695)   Merge Heap Roots: 1.6ms
[2026-01-16T09:08:44.833+0000][gc,phases   ] GC(695)   Evacuate Collection Set: 371.7ms
[2026-01-16T09:08:44.834+0000][gc,phases   ] GC(695)   Post Evacuate Collection Set: 24.9ms
[2026-01-16T09:08:44.835+0000][gc,phases   ] GC(695)   Other: 9.9ms
[2026-01-16T09:08:44.841+0000][gc,heap     ] GC(695) Eden regions: 50->0(49)
[2026-01-16T09:08:44.841+0000][gc,heap     ] GC(695) Survivor regions: 1->2(7)
[2026-01-16T09:08:44.842+0000][gc,heap     ] GC(695) Old regions: 198->198
[2026-01-16T09:08:44.842+0000][gc,heap     ] GC(695) Humongous regions: 87->87
[2026-01-16T09:08:44.842+0000][gc,metaspace] GC(695) Metaspace: 12736K(13184K)->12736K(13184K) NonClass: 11648K(11840K)->11648K(11840K) Class: 1088K(1344K)->1088K(1344K)
[2026-01-16T09:08:44.843+0000][gc          ] GC(695) Pause Young (Normal) (G1 Evacuation Pause) 334M->285M(1024M) 456.352ms
[2026-01-16T09:08:44.844+0000][gc,cpu      ] GC(695) User=0.27s Sys=0.02s Real=0.46s
[2026-01-16T09:08:47.572+0000][gc,start    ] GC(696) Pause Young (Normal) (G1 Evacuation Pause)
[2026-01-16T09:08:47.575+0000][gc,task     ] GC(696) Using 8 workers of 8 for evacuation
[2026-01-16T09:08:47.940+0000][gc,mmu      ] GC(696) MMU target violated: 201.0ms (200.0ms/201.0ms)
[2026-01-16T09:08:47.940+0000][gc,phases   ] GC(696)   Pre Evacuate Collection Set: 47.3ms
[2026-01-16T09:08:47.940+0000][gc,phases   ] GC(696)   Merge Heap Roots: 1.2ms
[2026-01-16T09:08:47.940+0000][gc,phases   ] GC(696)   Evacuate Collection Set: 298.3ms
[2026-01-16T09:08:47.940+0000][gc,phases   ] GC(696)   Post Evacuate Collection Set: 9.5ms
[2026-01-16T09:08:47.941+0000][gc,phases   ] GC(696)   Other: 9.3ms
[2026-01-16T09:08:47.941+0000][gc,heap     ] GC(696) Eden regions: 49->0(49)
[2026-01-16T09:08:47.941+0000][gc,heap     ] GC(696) Survivor regions: 2->2(7)
[2026-01-16T09:08:47.941+0000][gc,heap     ] GC(696) Old regions: 198->198
[2026-01-16T09:08:47.942+0000][gc,heap     ] GC(696) Humongous regions: 87->87
[2026-01-16T09:08:47.942+0000][gc,metaspace] GC(696) Metaspace: 12736K(13184K)->12736K(13184K) NonClass: 11648K(11840K)->11648K(11840K) Class: 1088K(1344K)->1088K(1344K)
[2026-01-16T09:08:47.943+0000][gc          ] GC(696) Pause Young (Normal) (G1 Evacuation Pause) 334M->285M(1024M) 370.639ms
[2026-01-16T09:08:47.951+0000][gc,cpu      ] GC(696) User=0.13s Sys=0.01s Real=0.38s
[2026-01-16T09:08:52.509+0000][gc,start    ] GC(697) Pause Young (Normal) (G1 Evacuation Pause)
[2026-01-16T09:08:52.514+0000][gc,task     ] GC(697) Using 8 workers of 8 for evacuation
[2026-01-16T09:08:52.827+0000][gc,mmu      ] GC(697) MMU target violated: 201.0ms (200.0ms/201.0ms)
[2026-01-16T09:08:52.829+0000][gc,phases   ] GC(697)   Pre Evacuate Collection Set: 29.4ms
[2026-01-16T09:08:52.829+0000][gc,phases   ] GC(697)   Merge Heap Roots: 3.0ms
[2026-01-16T09:08:52.830+0000][gc,phases   ] GC(697)   Evacuate Collection Set: 226.3ms
[2026-01-16T09:08:52.831+0000][gc,phases   ] GC(697)   Post Evacuate Collection Set: 53.3ms
[2026-01-16T09:08:52.831+0000][gc,phases   ] GC(697)   Other: 3.2ms
[2026-01-16T09:08:52.831+0000][gc,heap     ] GC(697) Eden regions: 49->0(50)
[2026-01-16T09:08:52.831+0000][gc,heap     ] GC(697) Survivor regions: 2->1(7)
[2026-01-16T09:08:52.831+0000][gc,heap     ] GC(697) Old regions: 198->198
[2026-01-16T09:08:52.832+0000][gc,heap     ] GC(697) Humongous regions: 87->87
[2026-01-16T09:08:52.832+0000][gc,metaspace] GC(697) Metaspace: 12736K(13184K)->12736K(13184K) NonClass: 11648K(11840K)->11648K(11840K) Class: 1088K(1344K)->1088K(1344K)
[2026-01-16T09:08:52.832+0000][gc          ] GC(697) Pause Young (Normal) (G1 Evacuation Pause) 334M->285M(1024M) 322.876ms
[2026-01-16T09:08:52.832+0000][gc,cpu      ] GC(697) User=0.11s Sys=0.00s Real=0.32s
[2026-01-16T09:08:55.246+0000][gc,start    ] GC(698) Pause Young (Normal) (G1 Evacuation Pause)
[2026-01-16T09:08:55.247+0000][gc,task     ] GC(698) Using 8 workers of 8 for evacuation
[2026-01-16T09:08:55.431+0000][gc,phases   ] GC(698)   Pre Evacuate Collection Set: 18.5ms
[2026-01-16T09:08:55.436+0000][gc,phases   ] GC(698)   Merge Heap Roots: 3.8ms
[2026-01-16T09:08:55.436+0000][gc,phases   ] GC(698)   Evacuate Collection Set: 130.8ms
[2026-01-16T09:08:55.438+0000][gc,phases   ] GC(698)   Post Evacuate Collection Set: 27.2ms
[2026-01-16T09:08:55.439+0000][gc,phases   ] GC(698)   Other: 3.3ms
[2026-01-16T09:08:55.442+0000][gc,heap     ] GC(698) Eden regions: 50->0(49)
[2026-01-16T09:08:55.442+0000][gc,heap     ] GC(698) Survivor regions: 1->2(7)
[2026-01-16T09:08:55.442+0000][gc,heap     ] GC(698) Old regions: 198->198
[2026-01-16T09:08:55.443+0000][gc,heap     ] GC(698) Humongous regions: 87->87
[2026-01-16T09:08:55.443+0000][gc,metaspace] GC(698) Metaspace: 12736K(13184K)->12736K(13184K) NonClass: 11648K(11840K)->11648K(11840K) Class: 1088K(1344K)->1088K(1344K)
[2026-01-16T09:08:55.445+0000][gc          ] GC(698) Pause Young (Normal) (G1 Evacuation Pause) 335M->285M(1024M) 198.462ms
[2026-01-16T09:08:55.452+0000][gc,cpu      ] GC(698) User=0.11s Sys=0.00s Real=0.21s
[2026-01-16T09:09:01.890+0000][gc,start    ] GC(699) Pause Young (Normal) (G1 Evacuation Pause)
[2026-01-16T09:09:01.899+0000][gc,task     ] GC(699) Using 8 workers of 8 for evacuation
[2026-01-16T09:09:02.554+0000][gc,mmu      ] GC(699) MMU target violated: 201.0ms (200.0ms/201.0ms)
[2026-01-16T09:09:02.555+0000][gc,phases   ] GC(699)   Pre Evacuate Collection Set: 69.5ms
[2026-01-16T09:09:02.555+0000][gc,phases   ] GC(699)   Merge Heap Roots: 13.3ms
[2026-01-16T09:09:02.555+0000][gc,phases   ] GC(699)   Evacuate Collection Set: 486.6ms
[2026-01-16T09:09:02.556+0000][gc,phases   ] GC(699)   Post Evacuate Collection Set: 78.9ms
[2026-01-16T09:09:02.556+0000][gc,phases   ] GC(699)   Other: 12.9ms
[2026-01-16T09:09:02.556+0000][gc,heap     ] GC(699) Eden regions: 49->0(50)
[2026-01-16T09:09:02.556+0000][gc,heap     ] GC(699) Survivor regions: 2->1(7)
[2026-01-16T09:09:02.557+0000][gc,heap     ] GC(699) Old regions: 198->198
[2026-01-16T09:09:02.558+0000][gc,heap     ] GC(699) Humongous regions: 87->87
[2026-01-16T09:09:02.558+0000][gc,metaspace] GC(699) Metaspace: 12737K(13184K)->12737K(13184K) NonClass: 11649K(11840K)->11649K(11840K) Class: 1088K(1344K)->1088K(1344K)
[2026-01-16T09:09:02.559+0000][gc          ] GC(699) Pause Young (Normal) (G1 Evacuation Pause) 334M->285M(1024M) 669.026ms
[2026-01-16T09:09:02.560+0000][gc,cpu      ] GC(699) User=0.13s Sys=0.01s Real=0.67s
[2026-01-16T09:09:05.204+0000][gc,start    ] GC(700) Pause Young (Normal) (G1 Evacuation Pause)
[2026-01-16T09:09:05.205+0000][gc,task     ] GC(700) Using 8 workers of 8 for evacuation
[2026-01-16T09:09:05.466+0000][gc,mmu      ] GC(700) MMU target violated: 201.0ms (200.0ms/201.0ms)
[2026-01-16T09:09:05.467+0000][gc,phases   ] GC(700)   Pre Evacuate Collection Set: 95.3ms
[2026-01-16T09:09:05.468+0000][gc,phases   ] GC(700)   Merge Heap Roots: 17.9ms
[2026-01-16T09:09:05.469+0000][gc,phases   ] GC(700)   Evacuate Collection Set: 95.8ms
[2026-01-16T09:09:05.472+0000][gc,phases   ] GC(700)   Post Evacuate Collection Set: 31.1ms
[2026-01-16T09:09:05.473+0000][gc,phases   ] GC(700)   Other: 22.5ms
[2026-01-16T09:09:05.473+0000][gc,heap     ] GC(700) Eden regions: 50->0(49)
[2026-01-16T09:09:05.473+0000][gc,heap     ] GC(700) Survivor regions: 1->2(7)
[2026-01-16T09:09:05.474+0000][gc,heap     ] GC(700) Old regions: 198->198
[2026-01-16T09:09:05.474+0000][gc,heap     ] GC(700) Humongous regions: 87->87
[2026-01-16T09:09:05.474+0000][gc,metaspace] GC(700) Metaspace: 12737K(13184K)->12737K(13184K) NonClass: 11649K(11840K)->11649K(11840K) Class: 1088K(1344K)->1088K(1344K)
[2026-01-16T09:09:05.475+0000][gc          ] GC(700) Pause Young (Normal) (G1 Evacuation Pause) 335M->285M(1024M) 270.557ms
[2026-01-16T09:09:05.475+0000][gc,cpu      ] GC(700) User=0.10s Sys=0.01s Real=0.27s
[2026-01-16T09:09:10.500+0000][gc,start    ] GC(701) Pause Young (Normal) (G1 Evacuation Pause)
[2026-01-16T09:09:10.506+0000][gc,task     ] GC(701) Using 8 workers of 8 for evacuation
[2026-01-16T09:09:11.031+0000][gc,mmu      ] GC(701) MMU target violated: 201.0ms (200.0ms/201.0ms)
[2026-01-16T09:09:11.034+0000][gc,phases   ] GC(701)   Pre Evacuate Collection Set: 102.0ms
[2026-01-16T09:09:11.034+0000][gc,phases   ] GC(701)   Merge Heap Roots: 2.6ms
[2026-01-16T09:09:11.037+0000][gc,phases   ] GC(701)   Evacuate Collection Set: 402.1ms
[2026-01-16T09:09:11.039+0000][gc,phases   ] GC(701)   Post Evacuate Collection Set: 15.6ms
[2026-01-16T09:09:11.040+0000][gc,phases   ] GC(701)   Other: 5.5ms
[2026-01-16T09:09:11.044+0000][gc,heap     ] GC(701) Eden regions: 49->0(50)
[2026-01-16T09:09:11.049+0000][gc,heap     ] GC(701) Survivor regions: 2->1(7)
[2026-01-16T09:09:11.055+0000][gc,heap     ] GC(701) Old regions: 198->198
[2026-01-16T09:09:11.055+0000][gc,heap     ] GC(701) Humongous regions: 87->87
[2026-01-16T09:09:11.056+0000][gc,metaspace] GC(701) Metaspace: 12737K(13184K)->12737K(13184K) NonClass: 11649K(11840K)->11649K(11840K) Class: 1088K(1344K)->1088K(1344K)
[2026-01-16T09:09:11.058+0000][gc          ] GC(701) Pause Young (Normal) (G1 Evacuation Pause) 334M->284M(1024M) 558.064ms
[2026-01-16T09:09:11.059+0000][gc,cpu      ] GC(701) User=0.15s Sys=0.02s Real=0.56s
[2026-01-16T09:09:14.857+0000][gc,start    ] GC(702) Pause Young (Normal) (G1 Evacuation Pause)
[2026-01-16T09:09:14.861+0000][gc,task     ] GC(702) Using 8 workers of 8 for evacuation
[2026-01-16T09:09:15.111+0000][gc,mmu      ] GC(702) MMU target violated: 201.0ms (200.0ms/201.0ms)
[2026-01-16T09:09:15.112+0000][gc,phases   ] GC(702)   Pre Evacuate Collection Set: 19.0ms
[2026-01-16T09:09:15.114+0000][gc,phases   ] GC(702)   Merge Heap Roots: 17.4ms
[2026-01-16T09:09:15.114+0000][gc,phases   ] GC(702)   Evacuate Collection Set: 186.4ms
[2026-01-16T09:09:15.125+0000][gc,phases   ] GC(702)   Post Evacuate Collection Set: 25.9ms
[2026-01-16T09:09:15.126+0000][gc,phases   ] GC(702)   Other: 2.4ms
[2026-01-16T09:09:15.127+0000][gc,heap     ] GC(702) Eden regions: 50->0(49)
[2026-01-16T09:09:15.128+0000][gc,heap     ] GC(702) Survivor regions: 1->2(7)
[2026-01-16T09:09:15.129+0000][gc,heap     ] GC(702) Old regions: 198->198
[2026-01-16T09:09:15.129+0000][gc,heap     ] GC(702) Humongous regions: 87->87
[2026-01-16T09:09:15.129+0000][gc,metaspace] GC(702) Metaspace: 12737K(13184K)->12737K(13184K) NonClass: 11649K(11840K)->11649K(11840K) Class: 1088K(1344K)->1088K(1344K)
[2026-01-16T09:09:15.135+0000][gc          ] GC(702) Pause Young (Normal) (G1 Evacuation Pause) 334M->285M(1024M) 281.360ms
[2026-01-16T09:09:15.136+0000][gc,cpu      ] GC(702) User=0.11s Sys=0.00s Real=0.28s
[2026-01-16T09:09:19.070+0000][gc,start    ] GC(703) Pause Young (Normal) (G1 Evacuation Pause)
[2026-01-16T09:09:19.072+0000][gc,task     ] GC(703) Using 8 workers of 8 for evacuation
[2026-01-16T09:09:19.288+0000][gc,mmu      ] GC(703) MMU target violated: 201.0ms (200.0ms/201.0ms)
[2026-01-16T09:09:19.290+0000][gc,phases   ] GC(703)   Pre Evacuate Collection Set: 39.5ms
[2026-01-16T09:09:19.292+0000][gc,phases   ] GC(703)   Merge Heap Roots: 6.9ms
[2026-01-16T09:09:19.293+0000][gc,phases   ] GC(703)   Evacuate Collection Set: 143.6ms
[2026-01-16T09:09:19.296+0000][gc,phases   ] GC(703)   Post Evacuate Collection Set: 24.0ms
[2026-01-16T09:09:19.297+0000][gc,phases   ] GC(703)   Other: 4.7ms
[2026-01-16T09:09:19.298+0000][gc,heap     ] GC(703) Eden regions: 49->0(50)
[2026-01-16T09:09:19.298+0000][gc,heap     ] GC(703) Survivor regions: 2->1(7)
[2026-01-16T09:09:19.298+0000][gc,heap     ] GC(703) Old regions: 198->198
[2026-01-16T09:09:19.299+0000][gc,heap     ] GC(703) Humongous regions: 87->87
[2026-01-16T09:09:19.299+0000][gc,metaspace] GC(703) Metaspace: 12737K(13184K)->12737K(13184K) NonClass: 11649K(11840K)->11649K(11840K) Class: 1088K(1344K)->1088K(1344K)
[2026-01-16T09:09:19.299+0000][gc          ] GC(703) Pause Young (Normal) (G1 Evacuation Pause) 334M->284M(1024M) 229.504ms
[2026-01-16T09:09:19.300+0000][gc,cpu      ] GC(703) User=0.10s Sys=0.01s Real=0.23s
[2026-01-16T09:09:23.831+0000][gc,start    ] GC(704) Pause Young (Normal) (G1 Evacuation Pause)
[2026-01-16T09:09:23.849+0000][gc,task     ] GC(704) Using 8 workers of 8 for evacuation
[2026-01-16T09:09:24.359+0000][gc,mmu      ] GC(704) MMU target violated: 201.0ms (200.0ms/201.0ms)
[2026-01-16T09:09:24.361+0000][gc,phases   ] GC(704)   Pre Evacuate Collection Set: 45.8ms
[2026-01-16T09:09:24.361+0000][gc,phases   ] GC(704)   Merge Heap Roots: 16.7ms
[2026-01-16T09:09:24.363+0000][gc,phases   ] GC(704)   Evacuate Collection Set: 420.4ms
[2026-01-16T09:09:24.364+0000][gc,phases   ] GC(704)   Post Evacuate Collection Set: 21.0ms
[2026-01-16T09:09:24.365+0000][gc,phases   ] GC(704)   Other: 9.4ms
[2026-01-16T09:09:24.365+0000][gc,heap     ] GC(704) Eden regions: 50->0(50)
[2026-01-16T09:09:24.366+0000][gc,heap     ] GC(704) Survivor regions: 1->1(7)
[2026-01-16T09:09:24.366+0000][gc,heap     ] GC(704) Old regions: 198->198
[2026-01-16T09:09:24.367+0000][gc,heap     ] GC(704) Humongous regions: 87->87
[2026-01-16T09:09:24.368+0000][gc,metaspace] GC(704) Metaspace: 12737K(13184K)->12737K(13184K) NonClass: 11649K(11840K)->11649K(11840K) Class: 1088K(1344K)->1088K(1344K)
[2026-01-16T09:09:24.369+0000][gc          ] GC(704) Pause Young (Normal) (G1 Evacuation Pause) 334M->285M(1024M) 537.775ms
[2026-01-16T09:09:24.370+0000][gc,cpu      ] GC(704) User=0.21s Sys=0.02s Real=0.54s
[2026-01-16T09:09:26.181+0000][gc,start    ] GC(705) Pause Young (Normal) (G1 Evacuation Pause)
[2026-01-16T09:09:26.195+0000][gc,task     ] GC(705) Using 8 workers of 8 for evacuation
[2026-01-16T09:09:26.366+0000][gc,phases   ] GC(705)   Pre Evacuate Collection Set: 25.2ms
[2026-01-16T09:09:26.370+0000][gc,phases   ] GC(705)   Merge Heap Roots: 0.4ms
[2026-01-16T09:09:26.372+0000][gc,phases   ] GC(705)   Evacuate Collection Set: 139.0ms
[2026-01-16T09:09:26.372+0000][gc,phases   ] GC(705)   Post Evacuate Collection Set: 5.6ms
[2026-01-16T09:09:26.372+0000][gc,phases   ] GC(705)   Other: 2.0ms
[2026-01-16T09:09:26.374+0000][gc,heap     ] GC(705) Eden regions: 50->0(49)
[2026-01-16T09:09:26.375+0000][gc,heap     ] GC(705) Survivor regions: 1->2(7)
[2026-01-16T09:09:26.375+0000][gc,heap     ] GC(705) Old regions: 198->198
[2026-01-16T09:09:26.376+0000][gc,heap     ] GC(705) Humongous regions: 87->87
[2026-01-16T09:09:26.376+0000][gc,metaspace] GC(705) Metaspace: 12737K(13184K)->12737K(13184K) NonClass: 11649K(11840K)->11649K(11840K) Class: 1088K(1344K)->1088K(1344K)
[2026-01-16T09:09:26.377+0000][gc          ] GC(705) Pause Young (Normal) (G1 Evacuation Pause) 335M->286M(1024M) 195.886ms
[2026-01-16T09:09:26.377+0000][gc,cpu      ] GC(705) User=0.09s Sys=0.01s Real=0.20s
[2026-01-16T09:09:30.764+0000][gc,start    ] GC(706) Pause Young (Normal) (G1 Evacuation Pause)
[2026-01-16T09:09:30.771+0000][gc,task     ] GC(706) Using 8 workers of 8 for evacuation
[2026-01-16T09:09:30.996+0000][gc,mmu      ] GC(706) MMU target violated: 201.0ms (200.0ms/201.0ms)
[2026-01-16T09:09:30.996+0000][gc,phases   ] GC(706)   Pre Evacuate Collection Set: 40.7ms
[2026-01-16T09:09:30.996+0000][gc,phases   ] GC(706)   Merge Heap Roots: 6.1ms
[2026-01-16T09:09:30.996+0000][gc,phases   ] GC(706)   Evacuate Collection Set: 131.2ms
[2026-01-16T09:09:30.996+0000][gc,phases   ] GC(706)   Post Evacuate Collection Set: 45.5ms
[2026-01-16T09:09:30.997+0000][gc,phases   ] GC(706)   Other: 2.5ms
[2026-01-16T09:09:30.997+0000][gc,heap     ] GC(706) Eden regions: 49->0(50)
[2026-01-16T09:09:30.997+0000][gc,heap     ] GC(706) Survivor regions: 2->1(7)
[2026-01-16T09:09:30.997+0000][gc,heap     ] GC(706) Old regions: 198->198
[2026-01-16T09:09:30.997+0000][gc,heap     ] GC(706) Humongous regions: 87->87
[2026-01-16T09:09:30.997+0000][gc,metaspace] GC(706) Metaspace: 12737K(13184K)->12737K(13184K) NonClass: 11649K(11840K)->11649K(11840K) Class: 1088K(1344K)->1088K(1344K)
[2026-01-16T09:09:30.997+0000][gc          ] GC(706) Pause Young (Normal) (G1 Evacuation Pause) 335M->285M(1024M) 233.730ms
[2026-01-16T09:09:30.997+0000][gc,cpu      ] GC(706) User=0.14s Sys=0.02s Real=0.23s
[2026-01-16T09:09:35.100+0000][gc,start    ] GC(707) Pause Young (Normal) (G1 Evacuation Pause)
[2026-01-16T09:09:35.119+0000][gc,task     ] GC(707) Using 8 workers of 8 for evacuation
[2026-01-16T09:09:35.437+0000][gc,mmu      ] GC(707) MMU target violated: 201.0ms (200.0ms/201.0ms)
[2026-01-16T09:09:35.439+0000][gc,phases   ] GC(707)   Pre Evacuate Collection Set: 7.1ms
[2026-01-16T09:09:35.441+0000][gc,phases   ] GC(707)   Merge Heap Roots: 0.9ms
[2026-01-16T09:09:35.441+0000][gc,phases   ] GC(707)   Evacuate Collection Set: 259.1ms
[2026-01-16T09:09:35.444+0000][gc,phases   ] GC(707)   Post Evacuate Collection Set: 36.0ms
[2026-01-16T09:09:35.444+0000][gc,phases   ] GC(707)   Other: 13.1ms
[2026-01-16T09:09:35.445+0000][gc,heap     ] GC(707) Eden regions: 50->0(49)
[2026-01-16T09:09:35.445+0000][gc,heap     ] GC(707) Survivor regions: 1->2(7)
[2026-01-16T09:09:35.445+0000][gc,heap     ] GC(707) Old regions: 198->198
[2026-01-16T09:09:35.445+0000][gc,heap     ] GC(707) Humongous regions: 87->87
[2026-01-16T09:09:35.446+0000][gc,metaspace] GC(707) Metaspace: 12737K(13184K)->12737K(13184K) NonClass: 11649K(11840K)->11649K(11840K) Class: 1088K(1344K)->1088K(1344K)
[2026-01-16T09:09:35.446+0000][gc          ] GC(707) Pause Young (Normal) (G1 Evacuation Pause) 335M->285M(1024M) 343.287ms
[2026-01-16T09:09:35.447+0000][gc,cpu      ] GC(707) User=0.19s Sys=0.01s Real=0.35s
[2026-01-16T09:09:40.044+0000][gc,start    ] GC(708) Pause Young (Normal) (G1 Evacuation Pause)
[2026-01-16T09:09:40.046+0000][gc,task     ] GC(708) Using 8 workers of 8 for evacuation
[2026-01-16T09:09:40.457+0000][gc,mmu      ] GC(708) MMU target violated: 201.0ms (200.0ms/201.0ms)
[2026-01-16T09:09:40.459+0000][gc,phases   ] GC(708)   Pre Evacuate Collection Set: 89.6ms
[2026-01-16T09:09:40.460+0000][gc,phases   ] GC(708)   Merge Heap Roots: 30.5ms
[2026-01-16T09:09:40.460+0000][gc,phases   ] GC(708)   Evacuate Collection Set: 270.6ms
[2026-01-16T09:09:40.460+0000][gc,phases   ] GC(708)   Post Evacuate Collection Set: 14.3ms
[2026-01-16T09:09:40.460+0000][gc,phases   ] GC(708)   Other: 8.4ms
[2026-01-16T09:09:40.460+0000][gc,heap     ] GC(708) Eden regions: 49->0(50)
[2026-01-16T09:09:40.460+0000][gc,heap     ] GC(708) Survivor regions: 2->1(7)
[2026-01-16T09:09:40.461+0000][gc,heap     ] GC(708) Old regions: 198->198
[2026-01-16T09:09:40.465+0000][gc,heap     ] GC(708) Humongous regions: 87->87
[2026-01-16T09:09:40.468+0000][gc,metaspace] GC(708) Metaspace: 12737K(13184K)->12737K(13184K) NonClass: 11649K(11840K)->11649K(11840K) Class: 1088K(1344K)->1088K(1344K)
[2026-01-16T09:09:40.479+0000][gc          ] GC(708) Pause Young (Normal) (G1 Evacuation Pause) 334M->285M(1024M) 436.245ms
[2026-01-16T09:09:40.481+0000][gc,cpu      ] GC(708) User=0.11s Sys=0.02s Real=0.44s
[2026-01-16T09:09:42.817+0000][gc,start    ] GC(709) Pause Young (Normal) (G1 Evacuation Pause)
[2026-01-16T09:09:42.819+0000][gc,task     ] GC(709) Using 8 workers of 8 for evacuation
[2026-01-16T09:09:42.884+0000][gc,phases   ] GC(709)   Pre Evacuate Collection Set: 13.7ms
[2026-01-16T09:09:42.885+0000][gc,phases   ] GC(709)   Merge Heap Roots: 1.2ms
[2026-01-16T09:09:42.887+0000][gc,phases   ] GC(709)   Evacuate Collection Set: 47.3ms
[2026-01-16T09:09:42.890+0000][gc,phases   ] GC(709)   Post Evacuate Collection Set: 2.1ms
[2026-01-16T09:09:42.891+0000][gc,phases   ] GC(709)   Other: 1.4ms
[2026-01-16T09:09:42.892+0000][gc,heap     ] GC(709) Eden regions: 50->0(49)
[2026-01-16T09:09:42.892+0000][gc,heap     ] GC(709) Survivor regions: 1->2(7)
[2026-01-16T09:09:42.893+0000][gc,heap     ] GC(709) Old regions: 198->198
[2026-01-16T09:09:42.894+0000][gc,heap     ] GC(709) Humongous regions: 87->87
[2026-01-16T09:09:42.894+0000][gc,metaspace] GC(709) Metaspace: 12737K(13184K)->12737K(13184K) NonClass: 11649K(11840K)->11649K(11840K) Class: 1088K(1344K)->1088K(1344K)
[2026-01-16T09:09:42.894+0000][gc          ] GC(709) Pause Young (Normal) (G1 Evacuation Pause) 335M->285M(1024M) 77.454ms
[2026-01-16T09:09:42.894+0000][gc,cpu      ] GC(709) User=0.07s Sys=0.01s Real=0.07s
[2026-01-16T09:09:49.436+0000][gc,start    ] GC(710) Pause Young (Normal) (G1 Evacuation Pause)
[2026-01-16T09:09:49.438+0000][gc,task     ] GC(710) Using 8 workers of 8 for evacuation
[2026-01-16T09:09:49.553+0000][gc,phases   ] GC(710)   Pre Evacuate Collection Set: 30.2ms
[2026-01-16T09:09:49.553+0000][gc,phases   ] GC(710)   Merge Heap Roots: 0.8ms
[2026-01-16T09:09:49.554+0000][gc,phases   ] GC(710)   Evacuate Collection Set: 73.9ms
[2026-01-16T09:09:49.554+0000][gc,phases   ] GC(710)   Post Evacuate Collection Set: 7.5ms
[2026-01-16T09:09:49.555+0000][gc,phases   ] GC(710)   Other: 3.5ms
[2026-01-16T09:09:49.555+0000][gc,heap     ] GC(710) Eden regions: 49->0(100)
[2026-01-16T09:09:49.555+0000][gc,heap     ] GC(710) Survivor regions: 2->1(7)
[2026-01-16T09:09:49.556+0000][gc,heap     ] GC(710) Old regions: 198->198
[2026-01-16T09:09:49.556+0000][gc,heap     ] GC(710) Humongous regions: 87->87
[2026-01-16T09:09:49.556+0000][gc,metaspace] GC(710) Metaspace: 12737K(13184K)->12737K(13184K) NonClass: 11649K(11840K)->11649K(11840K) Class: 1088K(1344K)->1088K(1344K)
[2026-01-16T09:09:49.557+0000][gc          ] GC(710) Pause Young (Normal) (G1 Evacuation Pause) 334M->284M(1024M) 120.846ms
[2026-01-16T09:09:49.557+0000][gc,cpu      ] GC(710) User=0.09s Sys=0.00s Real=0.12s
[2026-01-16T09:09:54.281+0000][gc,start    ] GC(711) Pause Young (Normal) (G1 Evacuation Pause)
[2026-01-16T09:09:54.284+0000][gc,task     ] GC(711) Using 8 workers of 8 for evacuation
[2026-01-16T09:09:54.599+0000][gc,mmu      ] GC(711) MMU target violated: 201.0ms (200.0ms/201.0ms)
[2026-01-16T09:09:54.600+0000][gc,phases   ] GC(711)   Pre Evacuate Collection Set: 25.4ms
[2026-01-16T09:09:54.600+0000][gc,phases   ] GC(711)   Merge Heap Roots: 2.7ms
[2026-01-16T09:09:54.600+0000][gc,phases   ] GC(711)   Evacuate Collection Set: 272.2ms
[2026-01-16T09:09:54.600+0000][gc,phases   ] GC(711)   Post Evacuate Collection Set: 14.4ms
[2026-01-16T09:09:54.600+0000][gc,phases   ] GC(711)   Other: 2.3ms
[2026-01-16T09:09:54.601+0000][gc,heap     ] GC(711) Eden regions: 81->0(49)
[2026-01-16T09:09:54.601+0000][gc,heap     ] GC(711) Survivor regions: 1->2(11)
[2026-01-16T09:09:54.601+0000][gc,heap     ] GC(711) Old regions: 198->198
[2026-01-16T09:09:54.602+0000][gc,heap     ] GC(711) Humongous regions: 87->87
[2026-01-16T09:09:54.602+0000][gc,metaspace] GC(711) Metaspace: 12737K(13184K)->12737K(13184K) NonClass: 11649K(11840K)->11649K(11840K) Class: 1088K(1344K)->1088K(1344K)
[2026-01-16T09:09:54.603+0000][gc          ] GC(711) Pause Young (Normal) (G1 Evacuation Pause) 365M->285M(1024M) 322.302ms
[2026-01-16T09:09:54.607+0000][gc,cpu      ] GC(711) User=0.22s Sys=0.01s Real=0.33s
[2026-01-16T09:10:02.315+0000][gc,start    ] GC(712) Pause Young (Normal) (G1 Evacuation Pause)
[2026-01-16T09:10:02.317+0000][gc,task     ] GC(712) Using 8 workers of 8 for evacuation
[2026-01-16T09:10:02.508+0000][gc,phases   ] GC(712)   Pre Evacuate Collection Set: 29.0ms
[2026-01-16T09:10:02.511+0000][gc,phases   ] GC(712)   Merge Heap Roots: 4.2ms
[2026-01-16T09:10:02.512+0000][gc,phases   ] GC(712)   Evacuate Collection Set: 144.8ms
[2026-01-16T09:10:02.512+0000][gc,phases   ] GC(712)   Post Evacuate Collection Set: 12.1ms
[2026-01-16T09:10:02.512+0000][gc,phases   ] GC(712)   Other: 1.6ms
[2026-01-16T09:10:02.513+0000][gc,heap     ] GC(712) Eden regions: 49->0(63)
[2026-01-16T09:10:02.514+0000][gc,heap     ] GC(712) Survivor regions: 2->1(7)
[2026-01-16T09:10:02.514+0000][gc,heap     ] GC(712) Old regions: 198->198
[2026-01-16T09:10:02.515+0000][gc,heap     ] GC(712) Humongous regions: 87->87
[2026-01-16T09:10:02.518+0000][gc,metaspace] GC(712) Metaspace: 12737K(13184K)->12737K(13184K) NonClass: 11649K(11840K)->11649K(11840K) Class: 1088K(1344K)->1088K(1344K)
[2026-01-16T09:10:02.518+0000][gc          ] GC(712) Pause Young (Normal) (G1 Evacuation Pause) 334M->285M(1024M) 203.430ms
[2026-01-16T09:10:02.519+0000][gc,cpu      ] GC(712) User=0.11s Sys=0.01s Real=0.21s
[2026-01-16T09:10:05.486+0000][gc,start    ] GC(713) Pause Young (Normal) (G1 Evacuation Pause)
[2026-01-16T09:10:05.488+0000][gc,task     ] GC(713) Using 8 workers of 8 for evacuation
[2026-01-16T09:10:05.615+0000][gc,phases   ] GC(713)   Pre Evacuate Collection Set: 13.5ms
[2026-01-16T09:10:05.616+0000][gc,phases   ] GC(713)   Merge Heap Roots: 1.6ms
[2026-01-16T09:10:05.618+0000][gc,phases   ] GC(713)   Evacuate Collection Set: 101.1ms
[2026-01-16T09:10:05.619+0000][gc,phases   ] GC(713)   Post Evacuate Collection Set: 10.0ms
[2026-01-16T09:10:05.620+0000][gc,phases   ] GC(713)   Other: 1.9ms
[2026-01-16T09:10:05.621+0000][gc,heap     ] GC(713) Eden regions: 65->0(50)
[2026-01-16T09:10:05.621+0000][gc,heap     ] GC(713) Survivor regions: 1->2(9)
[2026-01-16T09:10:05.621+0000][gc,heap     ] GC(713) Old regions: 198->198
[2026-01-16T09:10:05.622+0000][gc,heap     ] GC(713) Humongous regions: 87->87
[2026-01-16T09:10:05.624+0000][gc,metaspace] GC(713) Metaspace: 12737K(13184K)->12737K(13184K) NonClass: 11649K(11840K)->11649K(11840K) Class: 1088K(1344K)->1088K(1344K)
[2026-01-16T09:10:05.627+0000][gc          ] GC(713) Pause Young (Normal) (G1 Evacuation Pause) 350M->285M(1024M) 141.401ms
[2026-01-16T09:10:05.632+0000][gc,cpu      ] GC(713) User=0.09s Sys=0.00s Real=0.15s
[2026-01-16T09:10:11.873+0000][gc,start    ] GC(714) Pause Young (Normal) (G1 Evacuation Pause)
[2026-01-16T09:10:11.883+0000][gc,task     ] GC(714) Using 8 workers of 8 for evacuation
[2026-01-16T09:10:12.200+0000][gc,mmu      ] GC(714) MMU target violated: 201.0ms (200.0ms/201.0ms)
[2026-01-16T09:10:12.221+0000][gc,phases   ] GC(714)   Pre Evacuate Collection Set: 66.2ms
[2026-01-16T09:10:12.224+0000][gc,phases   ] GC(714)   Merge Heap Roots: 4.0ms
[2026-01-16T09:10:12.227+0000][gc,phases   ] GC(714)   Evacuate Collection Set: 215.3ms
[2026-01-16T09:10:12.230+0000][gc,phases   ] GC(714)   Post Evacuate Collection Set: 29.2ms
[2026-01-16T09:10:12.230+0000][gc,phases   ] GC(714)   Other: 25.6ms
[2026-01-16T09:10:12.233+0000][gc,heap     ] GC(714) Eden regions: 52->0(57)
[2026-01-16T09:10:12.234+0000][gc,heap     ] GC(714) Survivor regions: 2->1(7)
[2026-01-16T09:10:12.236+0000][gc,heap     ] GC(714) Old regions: 198->198
[2026-01-16T09:10:12.237+0000][gc,heap     ] GC(714) Humongous regions: 87->87
[2026-01-16T09:10:12.238+0000][gc,metaspace] GC(714) Metaspace: 12738K(13184K)->12738K(13184K) NonClass: 11650K(11840K)->11650K(11840K) Class: 1088K(1344K)->1088K(1344K)
[2026-01-16T09:10:12.243+0000][gc          ] GC(714) Pause Young (Normal) (G1 Evacuation Pause) 337M->285M(1024M) 369.175ms
[2026-01-16T09:10:12.243+0000][gc,cpu      ] GC(714) User=0.19s Sys=0.04s Real=0.37s
[2026-01-16T09:10:16.122+0000][gc,start    ] GC(715) Pause Young (Normal) (G1 Evacuation Pause)
[2026-01-16T09:10:16.123+0000][gc,task     ] GC(715) Using 8 workers of 8 for evacuation
[2026-01-16T09:10:16.230+0000][gc,phases   ] GC(715)   Pre Evacuate Collection Set: 13.9ms
[2026-01-16T09:10:16.231+0000][gc,phases   ] GC(715)   Merge Heap Roots: 0.9ms
[2026-01-16T09:10:16.231+0000][gc,phases   ] GC(715)   Evacuate Collection Set: 86.1ms
[2026-01-16T09:10:16.232+0000][gc,phases   ] GC(715)   Post Evacuate Collection Set: 3.2ms
[2026-01-16T09:10:16.232+0000][gc,phases   ] GC(715)   Other: 3.7ms
[2026-01-16T09:10:16.233+0000][gc,heap     ] GC(715) Eden regions: 57->0(60)
[2026-01-16T09:10:16.235+0000][gc,heap     ] GC(715) Survivor regions: 1->2(8)
[2026-01-16T09:10:16.237+0000][gc,heap     ] GC(715) Old regions: 198->198
[2026-01-16T09:10:16.237+0000][gc,heap     ] GC(715) Humongous regions: 87->87
[2026-01-16T09:10:16.238+0000][gc,metaspace] GC(715) Metaspace: 12738K(13184K)->12738K(13184K) NonClass: 11650K(11840K)->11650K(11840K) Class: 1088K(1344K)->1088K(1344K)
[2026-01-16T09:10:16.238+0000][gc          ] GC(715) Pause Young (Normal) (G1 Evacuation Pause) 342M->285M(1024M) 115.873ms
[2026-01-16T09:10:16.238+0000][gc,cpu      ] GC(715) User=0.09s Sys=0.01s Real=0.12s
[2026-01-16T09:10:20.888+0000][gc,start    ] GC(716) Pause Young (Normal) (G1 Evacuation Pause)
[2026-01-16T09:10:20.889+0000][gc,task     ] GC(716) Using 8 workers of 8 for evacuation
[2026-01-16T09:10:21.066+0000][gc,phases   ] GC(716)   Pre Evacuate Collection Set: 38.5ms
[2026-01-16T09:10:21.074+0000][gc,phases   ] GC(716)   Merge Heap Roots: 4.2ms
[2026-01-16T09:10:21.075+0000][gc,phases   ] GC(716)   Evacuate Collection Set: 84.5ms
[2026-01-16T09:10:21.077+0000][gc,phases   ] GC(716)   Post Evacuate Collection Set: 48.9ms
[2026-01-16T09:10:21.077+0000][gc,phases   ] GC(716)   Other: 1.1ms
[2026-01-16T09:10:21.078+0000][gc,heap     ] GC(716) Eden regions: 60->0(87)
[2026-01-16T09:10:21.079+0000][gc,heap     ] GC(716) Survivor regions: 2->1(8)
[2026-01-16T09:10:21.080+0000][gc,heap     ] GC(716) Old regions: 198->198
[2026-01-16T09:10:21.081+0000][gc,heap     ] GC(716) Humongous regions: 87->87
[2026-01-16T09:10:21.081+0000][gc,metaspace] GC(716) Metaspace: 12738K(13184K)->12738K(13184K) NonClass: 11650K(11840K)->11650K(11840K) Class: 1088K(1344K)->1088K(1344K)
[2026-01-16T09:10:21.083+0000][gc          ] GC(716) Pause Young (Normal) (G1 Evacuation Pause) 345M->285M(1024M) 195.250ms
[2026-01-16T09:10:21.084+0000][gc,cpu      ] GC(716) User=0.11s Sys=0.01s Real=0.20s
[2026-01-16T09:10:30.292+0000][gc,start    ] GC(717) Pause Young (Normal) (G1 Evacuation Pause)
[2026-01-16T09:10:30.313+0000][gc,task     ] GC(717) Using 8 workers of 8 for evacuation
[2026-01-16T09:10:30.637+0000][gc,mmu      ] GC(717) MMU target violated: 201.0ms (200.0ms/201.0ms)
[2026-01-16T09:10:30.637+0000][gc,phases   ] GC(717)   Pre Evacuate Collection Set: 51.9ms
[2026-01-16T09:10:30.638+0000][gc,phases   ] GC(717)   Merge Heap Roots: 34.2ms
[2026-01-16T09:10:30.638+0000][gc,phases   ] GC(717)   Evacuate Collection Set: 212.5ms
[2026-01-16T09:10:30.638+0000][gc,phases   ] GC(717)   Post Evacuate Collection Set: 17.8ms
[2026-01-16T09:10:30.638+0000][gc,phases   ] GC(717)   Other: 7.8ms
[2026-01-16T09:10:30.639+0000][gc,heap     ] GC(717) Eden regions: 88->0(104)
[2026-01-16T09:10:30.639+0000][gc,heap     ] GC(717) Survivor regions: 1->1(12)
[2026-01-16T09:10:30.639+0000][gc,heap     ] GC(717) Old regions: 198->198
[2026-01-16T09:10:30.639+0000][gc,heap     ] GC(717) Humongous regions: 87->87
[2026-01-16T09:10:30.639+0000][gc,metaspace] GC(717) Metaspace: 12738K(13184K)->12738K(13184K) NonClass: 11650K(11840K)->11650K(11840K) Class: 1088K(1344K)->1088K(1344K)
[2026-01-16T09:10:30.639+0000][gc          ] GC(717) Pause Young (Normal) (G1 Evacuation Pause) 373M->284M(1024M) 347.319ms
[2026-01-16T09:10:30.639+0000][gc,cpu      ] GC(717) User=0.10s Sys=0.02s Real=0.35s
[2026-01-16T09:10:37.726+0000][gc,start    ] GC(718) Pause Young (Normal) (G1 Evacuation Pause)
[2026-01-16T09:10:37.730+0000][gc,task     ] GC(718) Using 8 workers of 8 for evacuation
[2026-01-16T09:10:38.412+0000][gc,mmu      ] GC(718) MMU target violated: 201.0ms (200.0ms/201.0ms)
[2026-01-16T09:10:38.431+0000][gc,phases   ] GC(718)   Pre Evacuate Collection Set: 34.2ms
[2026-01-16T09:10:38.446+0000][gc,phases   ] GC(718)   Merge Heap Roots: 10.6ms
[2026-01-16T09:10:38.447+0000][gc,phases   ] GC(718)   Evacuate Collection Set: 506.6ms
[2026-01-16T09:10:38.455+0000][gc,phases   ] GC(718)   Post Evacuate Collection Set: 114.7ms
[2026-01-16T09:10:38.456+0000][gc,phases   ] GC(718)   Other: 35.6ms
[2026-01-16T09:10:38.457+0000][gc,heap     ] GC(718) Eden regions: 81->0(49)
[2026-01-16T09:10:38.457+0000][gc,heap     ] GC(718) Survivor regions: 1->2(11)
[2026-01-16T09:10:38.461+0000][gc,heap     ] GC(718) Old regions: 198->198
[2026-01-16T09:10:38.464+0000][gc,heap     ] GC(718) Humongous regions: 87->87
[2026-01-16T09:10:38.467+0000][gc,metaspace] GC(718) Metaspace: 12738K(13184K)->12738K(13184K) NonClass: 11650K(11840K)->11650K(11840K) Class: 1088K(1344K)->1088K(1344K)
[2026-01-16T09:10:38.469+0000][gc          ] GC(718) Pause Young (Normal) (G1 Evacuation Pause) 365M->285M(1024M) 742.809ms
[2026-01-16T09:10:38.477+0000][gc,cpu      ] GC(718) User=0.27s Sys=0.01s Real=0.76s
[2026-01-16T09:10:42.084+0000][gc,start    ] GC(719) Pause Young (Normal) (G1 Evacuation Pause)
[2026-01-16T09:10:42.086+0000][gc,task     ] GC(719) Using 8 workers of 8 for evacuation
[2026-01-16T09:10:42.252+0000][gc,phases   ] GC(719)   Pre Evacuate Collection Set: 47.7ms
[2026-01-16T09:10:42.253+0000][gc,phases   ] GC(719)   Merge Heap Roots: 4.8ms
[2026-01-16T09:10:42.253+0000][gc,phases   ] GC(719)   Evacuate Collection Set: 102.0ms
[2026-01-16T09:10:42.254+0000][gc,phases   ] GC(719)   Post Evacuate Collection Set: 8.2ms
[2026-01-16T09:10:42.259+0000][gc,phases   ] GC(719)   Other: 2.6ms
[2026-01-16T09:10:42.259+0000][gc,heap     ] GC(719) Eden regions: 49->0(50)
[2026-01-16T09:10:42.260+0000][gc,heap     ] GC(719) Survivor regions: 2->1(7)
[2026-01-16T09:10:42.260+0000][gc,heap     ] GC(719) Old regions: 198->198
[2026-01-16T09:10:42.264+0000][gc,heap     ] GC(719) Humongous regions: 87->87
[2026-01-16T09:10:42.265+0000][gc,metaspace] GC(719) Metaspace: 12740K(13184K)->12740K(13184K) NonClass: 11651K(11840K)->11651K(11840K) Class: 1088K(1344K)->1088K(1344K)
[2026-01-16T09:10:42.265+0000][gc          ] GC(719) Pause Young (Normal) (G1 Evacuation Pause) 334M->285M(1024M) 181.645ms
[2026-01-16T09:10:42.266+0000][gc,cpu      ] GC(719) User=0.10s Sys=0.01s Real=0.18s
[2026-01-16T09:10:44.991+0000][gc,start    ] GC(720) Pause Young (Normal) (G1 Evacuation Pause)
[2026-01-16T09:10:44.993+0000][gc,task     ] GC(720) Using 8 workers of 8 for evacuation
[2026-01-16T09:10:45.164+0000][gc,phases   ] GC(720)   Pre Evacuate Collection Set: 13.5ms
[2026-01-16T09:10:45.164+0000][gc,phases   ] GC(720)   Merge Heap Roots: 6.0ms
[2026-01-16T09:10:45.165+0000][gc,phases   ] GC(720)   Evacuate Collection Set: 130.9ms
[2026-01-16T09:10:45.165+0000][gc,phases   ] GC(720)   Post Evacuate Collection Set: 10.0ms
[2026-01-16T09:10:45.165+0000][gc,phases   ] GC(720)   Other: 10.8ms
[2026-01-16T09:10:45.165+0000][gc,heap     ] GC(720) Eden regions: 50->0(49)
[2026-01-16T09:10:45.165+0000][gc,heap     ] GC(720) Survivor regions: 1->2(7)
[2026-01-16T09:10:45.165+0000][gc,heap     ] GC(720) Old regions: 198->198
[2026-01-16T09:10:45.166+0000][gc,heap     ] GC(720) Humongous regions: 87->87
[2026-01-16T09:10:45.166+0000][gc,metaspace] GC(720) Metaspace: 12740K(13184K)->12740K(13184K) NonClass: 11651K(11840K)->11651K(11840K) Class: 1088K(1344K)->1088K(1344K)
[2026-01-16T09:10:45.167+0000][gc          ] GC(720) Pause Young (Normal) (G1 Evacuation Pause) 335M->285M(1024M) 176.337ms
[2026-01-16T09:10:45.167+0000][gc,cpu      ] GC(720) User=0.09s Sys=0.01s Real=0.17s
[2026-01-16T09:10:49.571+0000][gc,start    ] GC(721) Pause Young (Normal) (G1 Evacuation Pause)
[2026-01-16T09:10:49.579+0000][gc,task     ] GC(721) Using 8 workers of 8 for evacuation
[2026-01-16T09:10:49.775+0000][gc,phases   ] GC(721)   Pre Evacuate Collection Set: 38.5ms
[2026-01-16T09:10:49.780+0000][gc,phases   ] GC(721)   Merge Heap Roots: 16.7ms
[2026-01-16T09:10:49.781+0000][gc,phases   ] GC(721)   Evacuate Collection Set: 110.3ms
[2026-01-16T09:10:49.781+0000][gc,phases   ] GC(721)   Post Evacuate Collection Set: 26.8ms
[2026-01-16T09:10:49.781+0000][gc,phases   ] GC(721)   Other: 4.7ms
[2026-01-16T09:10:49.782+0000][gc,heap     ] GC(721) Eden regions: 49->0(50)
[2026-01-16T09:10:49.784+0000][gc,heap     ] GC(721) Survivor regions: 2->1(7)
[2026-01-16T09:10:49.785+0000][gc,heap     ] GC(721) Old regions: 198->198
[2026-01-16T09:10:49.788+0000][gc,heap     ] GC(721) Humongous regions: 87->87
[2026-01-16T09:10:49.791+0000][gc,metaspace] GC(721) Metaspace: 12740K(13184K)->12740K(13184K) NonClass: 11651K(11840K)->11651K(11840K) Class: 1088K(1344K)->1088K(1344K)
[2026-01-16T09:10:49.793+0000][gc          ] GC(721) Pause Young (Normal) (G1 Evacuation Pause) 334M->285M(1024M) 221.981ms
[2026-01-16T09:10:49.793+0000][gc,cpu      ] GC(721) User=0.12s Sys=0.02s Real=0.22s
[2026-01-16T09:10:54.530+0000][gc,start    ] GC(722) Pause Young (Normal) (G1 Evacuation Pause)
[2026-01-16T09:10:54.565+0000][gc,task     ] GC(722) Using 8 workers of 8 for evacuation
[2026-01-16T09:10:54.859+0000][gc,mmu      ] GC(722) MMU target violated: 201.0ms (200.0ms/201.0ms)
[2026-01-16T09:10:54.860+0000][gc,phases   ] GC(722)   Pre Evacuate Collection Set: 40.3ms
[2026-01-16T09:10:54.860+0000][gc,phases   ] GC(722)   Merge Heap Roots: 16.5ms
[2026-01-16T09:10:54.861+0000][gc,phases   ] GC(722)   Evacuate Collection Set: 204.8ms
[2026-01-16T09:10:54.861+0000][gc,phases   ] GC(722)   Post Evacuate Collection Set: 18.2ms
[2026-01-16T09:10:54.861+0000][gc,phases   ] GC(722)   Other: 15.3ms
[2026-01-16T09:10:54.862+0000][gc,heap     ] GC(722) Eden regions: 50->0(50)
[2026-01-16T09:10:54.862+0000][gc,heap     ] GC(722) Survivor regions: 1->1(7)
[2026-01-16T09:10:54.863+0000][gc,heap     ] GC(722) Old regions: 198->198
[2026-01-16T09:10:54.864+0000][gc,heap     ] GC(722) Humongous regions: 87->87
[2026-01-16T09:10:54.864+0000][gc,metaspace] GC(722) Metaspace: 12740K(13184K)->12740K(13184K) NonClass: 11651K(11840K)->11651K(11840K) Class: 1088K(1344K)->1088K(1344K)
[2026-01-16T09:10:54.864+0000][gc          ] GC(722) Pause Young (Normal) (G1 Evacuation Pause) 335M->285M(1024M) 334.578ms
[2026-01-16T09:10:54.865+0000][gc,cpu      ] GC(722) User=0.14s Sys=0.01s Real=0.34s
[2026-01-16T09:10:59.266+0000][gc,start    ] GC(723) Pause Young (Normal) (G1 Evacuation Pause)
[2026-01-16T09:10:59.268+0000][gc,task     ] GC(723) Using 8 workers of 8 for evacuation
[2026-01-16T09:10:59.440+0000][gc,phases   ] GC(723)   Pre Evacuate Collection Set: 10.9ms
[2026-01-16T09:10:59.445+0000][gc,phases   ] GC(723)   Merge Heap Roots: 2.9ms
[2026-01-16T09:10:59.445+0000][gc,phases   ] GC(723)   Evacuate Collection Set: 146.6ms
[2026-01-16T09:10:59.445+0000][gc,phases   ] GC(723)   Post Evacuate Collection Set: 10.8ms
[2026-01-16T09:10:59.445+0000][gc,phases   ] GC(723)   Other: 1.0ms
[2026-01-16T09:10:59.446+0000][gc,heap     ] GC(723) Eden regions: 50->0(51)
[2026-01-16T09:10:59.446+0000][gc,heap     ] GC(723) Survivor regions: 1->1(7)
[2026-01-16T09:10:59.446+0000][gc,heap     ] GC(723) Old regions: 198->198
[2026-01-16T09:10:59.447+0000][gc,heap     ] GC(723) Humongous regions: 87->87
[2026-01-16T09:10:59.447+0000][gc,metaspace] GC(723) Metaspace: 12740K(13184K)->12740K(13184K) NonClass: 11651K(11840K)->11651K(11840K) Class: 1088K(1344K)->1088K(1344K)
[2026-01-16T09:10:59.449+0000][gc          ] GC(723) Pause Young (Normal) (G1 Evacuation Pause) 335M->285M(1024M) 183.084ms
[2026-01-16T09:10:59.449+0000][gc,cpu      ] GC(723) User=0.12s Sys=0.03s Real=0.19s
[2026-01-16T09:11:05.807+0000][gc,start    ] GC(724) Pause Young (Normal) (G1 Evacuation Pause)
[2026-01-16T09:11:05.809+0000][gc,task     ] GC(724) Using 8 workers of 8 for evacuation
[2026-01-16T09:11:05.955+0000][gc,phases   ] GC(724)   Pre Evacuate Collection Set: 22.1ms
[2026-01-16T09:11:05.955+0000][gc,phases   ] GC(724)   Merge Heap Roots: 2.4ms
[2026-01-16T09:11:05.955+0000][gc,phases   ] GC(724)   Evacuate Collection Set: 110.1ms
[2026-01-16T09:11:05.955+0000][gc,phases   ] GC(724)   Post Evacuate Collection Set: 9.0ms
[2026-01-16T09:11:05.956+0000][gc,phases   ] GC(724)   Other: 2.1ms
[2026-01-16T09:11:05.956+0000][gc,heap     ] GC(724) Eden regions: 51->0(57)
[2026-01-16T09:11:05.956+0000][gc,heap     ] GC(724) Survivor regions: 1->1(7)
[2026-01-16T09:11:05.956+0000][gc,heap     ] GC(724) Old regions: 198->198
[2026-01-16T09:11:05.956+0000][gc,heap     ] GC(724) Humongous regions: 87->87
[2026-01-16T09:11:05.956+0000][gc,metaspace] GC(724) Metaspace: 12740K(13184K)->12740K(13184K) NonClass: 11651K(11840K)->11651K(11840K) Class: 1088K(1344K)->1088K(1344K)
[2026-01-16T09:11:05.957+0000][gc          ] GC(724) Pause Young (Normal) (G1 Evacuation Pause) 336M->285M(1024M) 149.470ms
[2026-01-16T09:11:05.957+0000][gc,cpu      ] GC(724) User=0.10s Sys=0.00s Real=0.15s
[2026-01-16T09:11:07.496+0000][gc,start    ] GC(725) Pause Young (Normal) (G1 Evacuation Pause)
[2026-01-16T09:11:07.497+0000][gc,task     ] GC(725) Using 8 workers of 8 for evacuation
[2026-01-16T09:11:07.640+0000][gc,phases   ] GC(725)   Pre Evacuate Collection Set: 34.7ms
[2026-01-16T09:11:07.641+0000][gc,phases   ] GC(725)   Merge Heap Roots: 5.6ms
[2026-01-16T09:11:07.642+0000][gc,phases   ] GC(725)   Evacuate Collection Set: 81.8ms
[2026-01-16T09:11:07.644+0000][gc,phases   ] GC(725)   Post Evacuate Collection Set: 19.7ms
[2026-01-16T09:11:07.647+0000][gc,phases   ] GC(725)   Other: 1.3ms
[2026-01-16T09:11:07.655+0000][gc,heap     ] GC(725) Eden regions: 54->0(49)
[2026-01-16T09:11:07.655+0000][gc,heap     ] GC(725) Survivor regions: 1->2(7)
[2026-01-16T09:11:07.656+0000][gc,heap     ] GC(725) Old regions: 198->198
[2026-01-16T09:11:07.656+0000][gc,heap     ] GC(725) Humongous regions: 87->87
[2026-01-16T09:11:07.656+0000][gc,metaspace] GC(725) Metaspace: 12740K(13184K)->12740K(13184K) NonClass: 11651K(11840K)->11651K(11840K) Class: 1088K(1344K)->1088K(1344K)
[2026-01-16T09:11:07.656+0000][gc          ] GC(725) Pause Young (Normal) (G1 Evacuation Pause) 339M->286M(1024M) 159.809ms
[2026-01-16T09:11:07.656+0000][gc,cpu      ] GC(725) User=0.10s Sys=0.01s Real=0.16s
[2026-01-16T09:11:11.482+0000][gc,start    ] GC(726) Pause Young (Normal) (G1 Evacuation Pause)
[2026-01-16T09:11:11.484+0000][gc,task     ] GC(726) Using 8 workers of 8 for evacuation
[2026-01-16T09:11:11.828+0000][gc,mmu      ] GC(726) MMU target violated: 201.0ms (200.0ms/201.0ms)
[2026-01-16T09:11:11.828+0000][gc,phases   ] GC(726)   Pre Evacuate Collection Set: 7.5ms
[2026-01-16T09:11:11.835+0000][gc,phases   ] GC(726)   Merge Heap Roots: 0.4ms
[2026-01-16T09:11:11.839+0000][gc,phases   ] GC(726)   Evacuate Collection Set: 271.5ms
[2026-01-16T09:11:11.841+0000][gc,phases   ] GC(726)   Post Evacuate Collection Set: 63.1ms
[2026-01-16T09:11:11.842+0000][gc,phases   ] GC(726)   Other: 2.1ms
[2026-01-16T09:11:11.842+0000][gc,heap     ] GC(726) Eden regions: 49->0(54)
[2026-01-16T09:11:11.843+0000][gc,heap     ] GC(726) Survivor regions: 2->1(7)
[2026-01-16T09:11:11.843+0000][gc,heap     ] GC(726) Old regions: 198->198
[2026-01-16T09:11:11.843+0000][gc,heap     ] GC(726) Humongous regions: 87->87
[2026-01-16T09:11:11.846+0000][gc,metaspace] GC(726) Metaspace: 12740K(13184K)->12740K(13184K) NonClass: 11651K(11840K)->11651K(11840K) Class: 1088K(1344K)->1088K(1344K)
[2026-01-16T09:11:11.847+0000][gc          ] GC(726) Pause Young (Normal) (G1 Evacuation Pause) 335M->285M(1024M) 365.535ms
[2026-01-16T09:11:11.848+0000][gc,cpu      ] GC(726) User=0.10s Sys=0.01s Real=0.36s
[2026-01-16T09:11:15.512+0000][gc,start    ] GC(727) Pause Young (Normal) (G1 Evacuation Pause)
[2026-01-16T09:11:15.517+0000][gc,task     ] GC(727) Using 8 workers of 8 for evacuation
[2026-01-16T09:11:15.783+0000][gc,mmu      ] GC(727) MMU target violated: 201.0ms (200.0ms/201.0ms)
[2026-01-16T09:11:15.784+0000][gc,phases   ] GC(727)   Pre Evacuate Collection Set: 34.1ms
[2026-01-16T09:11:15.785+0000][gc,phases   ] GC(727)   Merge Heap Roots: 5.3ms
[2026-01-16T09:11:15.785+0000][gc,phases   ] GC(727)   Evacuate Collection Set: 185.9ms
[2026-01-16T09:11:15.786+0000][gc,phases   ] GC(727)   Post Evacuate Collection Set: 30.6ms
[2026-01-16T09:11:15.787+0000][gc,phases   ] GC(727)   Other: 11.3ms
[2026-01-16T09:11:15.787+0000][gc,heap     ] GC(727) Eden regions: 54->0(49)
[2026-01-16T09:11:15.788+0000][gc,heap     ] GC(727) Survivor regions: 1->2(7)
[2026-01-16T09:11:15.789+0000][gc,heap     ] GC(727) Old regions: 198->198
[2026-01-16T09:11:15.789+0000][gc,heap     ] GC(727) Humongous regions: 87->87
[2026-01-16T09:11:15.790+0000][gc,metaspace] GC(727) Metaspace: 12740K(13184K)->12740K(13184K) NonClass: 11651K(11840K)->11651K(11840K) Class: 1088K(1344K)->1088K(1344K)
[2026-01-16T09:11:15.792+0000][gc          ] GC(727) Pause Young (Normal) (G1 Evacuation Pause) 339M->286M(1024M) 280.217ms
[2026-01-16T09:11:15.793+0000][gc,cpu      ] GC(727) User=0.14s Sys=0.01s Real=0.28s
[2026-01-16T09:11:21.735+0000][gc,start    ] GC(728) Pause Young (Normal) (G1 Evacuation Pause)
[2026-01-16T09:11:21.737+0000][gc,task     ] GC(728) Using 8 workers of 8 for evacuation
[2026-01-16T09:11:22.087+0000][gc,mmu      ] GC(728) MMU target violated: 201.0ms (200.0ms/201.0ms)
[2026-01-16T09:11:22.090+0000][gc,phases   ] GC(728)   Pre Evacuate Collection Set: 33.8ms
[2026-01-16T09:11:22.090+0000][gc,phases   ] GC(728)   Merge Heap Roots: 7.0ms
[2026-01-16T09:11:22.093+0000][gc,phases   ] GC(728)   Evacuate Collection Set: 265.2ms
[2026-01-16T09:11:22.100+0000][gc,phases   ] GC(728)   Post Evacuate Collection Set: 39.1ms
[2026-01-16T09:11:22.104+0000][gc,phases   ] GC(728)   Other: 7.7ms
[2026-01-16T09:11:22.106+0000][gc,heap     ] GC(728) Eden regions: 49->0(50)
[2026-01-16T09:11:22.107+0000][gc,heap     ] GC(728) Survivor regions: 2->1(7)
[2026-01-16T09:11:22.107+0000][gc,heap     ] GC(728) Old regions: 198->198
[2026-01-16T09:11:22.108+0000][gc,heap     ] GC(728) Humongous regions: 87->87
[2026-01-16T09:11:22.108+0000][gc,metaspace] GC(728) Metaspace: 12740K(13184K)->12740K(13184K) NonClass: 11651K(11840K)->11651K(11840K) Class: 1088K(1344K)->1088K(1344K)
[2026-01-16T09:11:22.108+0000][gc          ] GC(728) Pause Young (Normal) (G1 Evacuation Pause) 335M->285M(1024M) 373.185ms
[2026-01-16T09:11:22.108+0000][gc,cpu      ] GC(728) User=0.11s Sys=0.01s Real=0.37s
[2026-01-16T09:11:27.101+0000][gc,start    ] GC(729) Pause Young (Normal) (G1 Evacuation Pause)
[2026-01-16T09:11:27.107+0000][gc,task     ] GC(729) Using 8 workers of 8 for evacuation
[2026-01-16T09:11:27.359+0000][gc,mmu      ] GC(729) MMU target violated: 201.0ms (200.0ms/201.0ms)
[2026-01-16T09:11:27.359+0000][gc,phases   ] GC(729)   Pre Evacuate Collection Set: 28.0ms
[2026-01-16T09:11:27.359+0000][gc,phases   ] GC(729)   Merge Heap Roots: 53.6ms
[2026-01-16T09:11:27.361+0000][gc,phases   ] GC(729)   Evacuate Collection Set: 146.4ms
[2026-01-16T09:11:27.363+0000][gc,phases   ] GC(729)   Post Evacuate Collection Set: 20.0ms
[2026-01-16T09:11:27.363+0000][gc,phases   ] GC(729)   Other: 8.5ms
[2026-01-16T09:11:27.363+0000][gc,heap     ] GC(729) Eden regions: 50->0(49)
[2026-01-16T09:11:27.363+0000][gc,heap     ] GC(729) Survivor regions: 1->2(7)
[2026-01-16T09:11:27.363+0000][gc,heap     ] GC(729) Old regions: 198->198
[2026-01-16T09:11:27.363+0000][gc,heap     ] GC(729) Humongous regions: 87->87
[2026-01-16T09:11:27.363+0000][gc,metaspace] GC(729) Metaspace: 12740K(13184K)->12740K(13184K) NonClass: 11651K(11840K)->11651K(11840K) Class: 1088K(1344K)->1088K(1344K)
[2026-01-16T09:11:27.363+0000][gc          ] GC(729) Pause Young (Normal) (G1 Evacuation Pause) 335M->286M(1024M) 262.476ms
[2026-01-16T09:11:27.364+0000][gc,cpu      ] GC(729) User=0.19s Sys=0.01s Real=0.26s
[2026-01-16T09:11:31.210+0000][gc,start    ] GC(730) Pause Young (Normal) (G1 Evacuation Pause)
[2026-01-16T09:11:31.215+0000][gc,task     ] GC(730) Using 8 workers of 8 for evacuation
[2026-01-16T09:11:31.712+0000][gc,mmu      ] GC(730) MMU target violated: 201.0ms (200.0ms/201.0ms)
[2026-01-16T09:11:31.718+0000][gc,phases   ] GC(730)   Pre Evacuate Collection Set: 106.2ms
[2026-01-16T09:11:31.720+0000][gc,phases   ] GC(730)   Merge Heap Roots: 9.0ms
[2026-01-16T09:11:31.750+0000][gc,phases   ] GC(730)   Evacuate Collection Set: 315.4ms
[2026-01-16T09:11:31.752+0000][gc,phases   ] GC(730)   Post Evacuate Collection Set: 54.4ms
[2026-01-16T09:11:31.755+0000][gc,phases   ] GC(730)   Other: 18.2ms
[2026-01-16T09:11:31.756+0000][gc,heap     ] GC(730) Eden regions: 49->0(50)
[2026-01-16T09:11:31.756+0000][gc,heap     ] GC(730) Survivor regions: 2->1(7)
[2026-01-16T09:11:31.756+0000][gc,heap     ] GC(730) Old regions: 198->198
[2026-01-16T09:11:31.758+0000][gc,heap     ] GC(730) Humongous regions: 87->87
[2026-01-16T09:11:31.758+0000][gc,metaspace] GC(730) Metaspace: 12740K(13184K)->12740K(13184K) NonClass: 11651K(11840K)->11651K(11840K) Class: 1088K(1344K)->1088K(1344K)
[2026-01-16T09:11:31.760+0000][gc          ] GC(730) Pause Young (Normal) (G1 Evacuation Pause) 335M->285M(1024M) 549.465ms
[2026-01-16T09:11:31.773+0000][gc,cpu      ] GC(730) User=0.15s Sys=0.02s Real=0.58s
[2026-01-16T09:11:37.667+0000][gc,start    ] GC(731) Pause Young (Normal) (G1 Evacuation Pause)
[2026-01-16T09:11:37.685+0000][gc,task     ] GC(731) Using 8 workers of 8 for evacuation
[2026-01-16T09:11:38.032+0000][gc,mmu      ] GC(731) MMU target violated: 201.0ms (200.0ms/201.0ms)
[2026-01-16T09:11:38.037+0000][gc,phases   ] GC(731)   Pre Evacuate Collection Set: 120.1ms
[2026-01-16T09:11:38.038+0000][gc,phases   ] GC(731)   Merge Heap Roots: 14.1ms
[2026-01-16T09:11:38.039+0000][gc,phases   ] GC(731)   Evacuate Collection Set: 187.7ms
[2026-01-16T09:11:38.040+0000][gc,phases   ] GC(731)   Post Evacuate Collection Set: 13.1ms
[2026-01-16T09:11:38.040+0000][gc,phases   ] GC(731)   Other: 25.9ms
[2026-01-16T09:11:38.044+0000][gc,heap     ] GC(731) Eden regions: 50->0(49)
[2026-01-16T09:11:38.044+0000][gc,heap     ] GC(731) Survivor regions: 1->2(7)
[2026-01-16T09:11:38.047+0000][gc,heap     ] GC(731) Old regions: 198->198
[2026-01-16T09:11:38.048+0000][gc,heap     ] GC(731) Humongous regions: 87->87
[2026-01-16T09:11:38.051+0000][gc,metaspace] GC(731) Metaspace: 12740K(13184K)->12740K(13184K) NonClass: 11652K(11840K)->11652K(11840K) Class: 1088K(1344K)->1088K(1344K)
[2026-01-16T09:11:38.054+0000][gc          ] GC(731) Pause Young (Normal) (G1 Evacuation Pause) 335M->285M(1024M) 387.392ms
[2026-01-16T09:11:38.056+0000][gc,cpu      ] GC(731) User=0.20s Sys=0.01s Real=0.39s
[2026-01-16T09:11:40.588+0000][gc,start    ] GC(732) Pause Young (Normal) (G1 Evacuation Pause)
[2026-01-16T09:11:40.591+0000][gc,task     ] GC(732) Using 8 workers of 8 for evacuation
[2026-01-16T09:11:40.846+0000][gc,mmu      ] GC(732) MMU target violated: 201.0ms (200.0ms/201.0ms)
[2026-01-16T09:11:40.848+0000][gc,phases   ] GC(732)   Pre Evacuate Collection Set: 38.5ms
[2026-01-16T09:11:40.849+0000][gc,phases   ] GC(732)   Merge Heap Roots: 2.6ms
[2026-01-16T09:11:40.850+0000][gc,phases   ] GC(732)   Evacuate Collection Set: 183.3ms
[2026-01-16T09:11:40.850+0000][gc,phases   ] GC(732)   Post Evacuate Collection Set: 18.5ms
[2026-01-16T09:11:40.851+0000][gc,phases   ] GC(732)   Other: 14.7ms
[2026-01-16T09:11:40.855+0000][gc,heap     ] GC(732) Eden regions: 49->0(49)
[2026-01-16T09:11:40.856+0000][gc,heap     ] GC(732) Survivor regions: 2->2(7)
[2026-01-16T09:11:40.858+0000][gc,heap     ] GC(732) Old regions: 198->198
[2026-01-16T09:11:40.860+0000][gc,heap     ] GC(732) Humongous regions: 87->87
[2026-01-16T09:11:40.862+0000][gc,metaspace] GC(732) Metaspace: 12740K(13184K)->12740K(13184K) NonClass: 11652K(11840K)->11652K(11840K) Class: 1088K(1344K)->1088K(1344K)
[2026-01-16T09:11:40.863+0000][gc          ] GC(732) Pause Young (Normal) (G1 Evacuation Pause) 334M->286M(1024M) 275.529ms
[2026-01-16T09:11:40.864+0000][gc,cpu      ] GC(732) User=0.18s Sys=0.01s Real=0.28s
[2026-01-16T09:11:42.762+0000][gc,start    ] GC(733) Pause Young (Normal) (G1 Evacuation Pause)
[2026-01-16T09:11:42.766+0000][gc,task     ] GC(733) Using 8 workers of 8 for evacuation
[2026-01-16T09:11:42.921+0000][gc,phases   ] GC(733)   Pre Evacuate Collection Set: 17.8ms
[2026-01-16T09:11:42.921+0000][gc,phases   ] GC(733)   Merge Heap Roots: 3.1ms
[2026-01-16T09:11:42.921+0000][gc,phases   ] GC(733)   Evacuate Collection Set: 117.4ms
[2026-01-16T09:11:42.921+0000][gc,phases   ] GC(733)   Post Evacuate Collection Set: 15.9ms
[2026-01-16T09:11:42.922+0000][gc,phases   ] GC(733)   Other: 1.1ms
[2026-01-16T09:11:42.922+0000][gc,heap     ] GC(733) Eden regions: 49->0(49)
[2026-01-16T09:11:42.922+0000][gc,heap     ] GC(733) Survivor regions: 2->2(7)
[2026-01-16T09:11:42.922+0000][gc,heap     ] GC(733) Old regions: 198->198
[2026-01-16T09:11:42.922+0000][gc,heap     ] GC(733) Humongous regions: 87->87
[2026-01-16T09:11:42.922+0000][gc,metaspace] GC(733) Metaspace: 12744K(13184K)->12744K(13184K) NonClass: 11656K(11840K)->11656K(11840K) Class: 1088K(1344K)->1088K(1344K)
[2026-01-16T09:11:42.924+0000][gc          ] GC(733) Pause Young (Normal) (G1 Evacuation Pause) 335M->285M(1024M) 162.474ms
[2026-01-16T09:11:42.924+0000][gc,cpu      ] GC(733) User=0.08s Sys=0.00s Real=0.16s
[2026-01-16T09:11:45.394+0000][gc,start    ] GC(734) Pause Young (Normal) (G1 Evacuation Pause)
[2026-01-16T09:11:45.398+0000][gc,task     ] GC(734) Using 8 workers of 8 for evacuation
[2026-01-16T09:11:45.725+0000][gc,mmu      ] GC(734) MMU target violated: 201.0ms (200.0ms/201.0ms)
[2026-01-16T09:11:45.726+0000][gc,phases   ] GC(734)   Pre Evacuate Collection Set: 44.2ms
[2026-01-16T09:11:45.728+0000][gc,phases   ] GC(734)   Merge Heap Roots: 0.7ms
[2026-01-16T09:11:45.729+0000][gc,phases   ] GC(734)   Evacuate Collection Set: 250.3ms
[2026-01-16T09:11:45.729+0000][gc,phases   ] GC(734)   Post Evacuate Collection Set: 15.2ms
[2026-01-16T09:11:45.730+0000][gc,phases   ] GC(734)   Other: 17.8ms
[2026-01-16T09:11:45.731+0000][gc,heap     ] GC(734) Eden regions: 49->0(49)
[2026-01-16T09:11:45.731+0000][gc,heap     ] GC(734) Survivor regions: 2->2(7)
[2026-01-16T09:11:45.731+0000][gc,heap     ] GC(734) Old regions: 198->198
[2026-01-16T09:11:45.734+0000][gc,heap     ] GC(734) Humongous regions: 87->87
[2026-01-16T09:11:45.735+0000][gc,metaspace] GC(734) Metaspace: 12744K(13184K)->12744K(13184K) NonClass: 11656K(11840K)->11656K(11840K) Class: 1088K(1344K)->1088K(1344K)
[2026-01-16T09:11:45.739+0000][gc          ] GC(734) Pause Young (Normal) (G1 Evacuation Pause) 334M->286M(1024M) 345.428ms
[2026-01-16T09:11:45.741+0000][gc,cpu      ] GC(734) User=0.12s Sys=0.00s Real=0.35s
[2026-01-16T09:11:52.315+0000][gc,start    ] GC(735) Pause Young (Normal) (G1 Evacuation Pause)
[2026-01-16T09:11:52.319+0000][gc,task     ] GC(735) Using 8 workers of 8 for evacuation
[2026-01-16T09:11:52.580+0000][gc,mmu      ] GC(735) MMU target violated: 201.0ms (200.0ms/201.0ms)
[2026-01-16T09:11:52.590+0000][gc,phases   ] GC(735)   Pre Evacuate Collection Set: 26.9ms
[2026-01-16T09:11:52.592+0000][gc,phases   ] GC(735)   Merge Heap Roots: 6.9ms
[2026-01-16T09:11:52.594+0000][gc,phases   ] GC(735)   Evacuate Collection Set: 185.4ms
[2026-01-16T09:11:52.597+0000][gc,phases   ] GC(735)   Post Evacuate Collection Set: 33.8ms
[2026-01-16T09:11:52.599+0000][gc,phases   ] GC(735)   Other: 18.3ms
[2026-01-16T09:11:52.600+0000][gc,heap     ] GC(735) Eden regions: 49->0(49)
[2026-01-16T09:11:52.603+0000][gc,heap     ] GC(735) Survivor regions: 2->2(7)
[2026-01-16T09:11:52.604+0000][gc,heap     ] GC(735) Old regions: 198->198
[2026-01-16T09:11:52.604+0000][gc,heap     ] GC(735) Humongous regions: 87->87
[2026-01-16T09:11:52.605+0000][gc,metaspace] GC(735) Metaspace: 12749K(13184K)->12749K(13184K) NonClass: 11660K(11840K)->11660K(11840K) Class: 1088K(1344K)->1088K(1344K)
[2026-01-16T09:11:52.605+0000][gc          ] GC(735) Pause Young (Normal) (G1 Evacuation Pause) 335M->285M(1024M) 290.269ms
[2026-01-16T09:11:52.606+0000][gc,cpu      ] GC(735) User=0.18s Sys=0.03s Real=0.29s
[2026-01-16T09:11:54.161+0000][gc,start    ] GC(736) Pause Young (Normal) (G1 Evacuation Pause)
[2026-01-16T09:11:54.164+0000][gc,task     ] GC(736) Using 8 workers of 8 for evacuation
[2026-01-16T09:11:54.285+0000][gc,phases   ] GC(736)   Pre Evacuate Collection Set: 15.8ms
[2026-01-16T09:11:54.285+0000][gc,phases   ] GC(736)   Merge Heap Roots: 0.5ms
[2026-01-16T09:11:54.286+0000][gc,phases   ] GC(736)   Evacuate Collection Set: 88.6ms
[2026-01-16T09:11:54.287+0000][gc,phases   ] GC(736)   Post Evacuate Collection Set: 14.1ms
[2026-01-16T09:11:54.287+0000][gc,phases   ] GC(736)   Other: 1.6ms
[2026-01-16T09:11:54.288+0000][gc,heap     ] GC(736) Eden regions: 49->0(49)
[2026-01-16T09:11:54.288+0000][gc,heap     ] GC(736) Survivor regions: 2->2(7)
[2026-01-16T09:11:54.288+0000][gc,heap     ] GC(736) Old regions: 198->198
[2026-01-16T09:11:54.290+0000][gc,heap     ] GC(736) Humongous regions: 87->87
[2026-01-16T09:11:54.290+0000][gc,metaspace] GC(736) Metaspace: 12750K(13184K)->12750K(13184K) NonClass: 11661K(11840K)->11661K(11840K) Class: 1088K(1344K)->1088K(1344K)
[2026-01-16T09:11:54.291+0000][gc          ] GC(736) Pause Young (Normal) (G1 Evacuation Pause) 334M->286M(1024M) 129.464ms
[2026-01-16T09:11:54.294+0000][gc,cpu      ] GC(736) User=0.09s Sys=0.01s Real=0.13s
[2026-01-16T09:12:00.181+0000][gc,start    ] GC(737) Pause Young (Normal) (G1 Evacuation Pause)
[2026-01-16T09:12:00.252+0000][gc,task     ] GC(737) Using 8 workers of 8 for evacuation
[2026-01-16T09:12:00.702+0000][gc,mmu      ] GC(737) MMU target violated: 201.0ms (200.0ms/201.0ms)
[2026-01-16T09:12:00.704+0000][gc,phases   ] GC(737)   Pre Evacuate Collection Set: 34.7ms
[2026-01-16T09:12:00.704+0000][gc,phases   ] GC(737)   Merge Heap Roots: 14.2ms
[2026-01-16T09:12:00.706+0000][gc,phases   ] GC(737)   Evacuate Collection Set: 357.6ms
[2026-01-16T09:12:00.706+0000][gc,phases   ] GC(737)   Post Evacuate Collection Set: 36.9ms
[2026-01-16T09:12:00.706+0000][gc,phases   ] GC(737)   Other: 10.9ms
[2026-01-16T09:12:00.706+0000][gc,heap     ] GC(737) Eden regions: 49->0(49)
[2026-01-16T09:12:00.712+0000][gc,heap     ] GC(737) Survivor regions: 2->2(7)
[2026-01-16T09:12:00.712+0000][gc,heap     ] GC(737) Old regions: 198->198
[2026-01-16T09:12:00.713+0000][gc,heap     ] GC(737) Humongous regions: 87->87
[2026-01-16T09:12:00.713+0000][gc,metaspace] GC(737) Metaspace: 12750K(13184K)->12750K(13184K) NonClass: 11661K(11840K)->11661K(11840K) Class: 1088K(1344K)->1088K(1344K)
[2026-01-16T09:12:00.714+0000][gc          ] GC(737) Pause Young (Normal) (G1 Evacuation Pause) 335M->286M(1024M) 533.097ms
[2026-01-16T09:12:00.715+0000][gc,cpu      ] GC(737) User=0.18s Sys=0.02s Real=0.53s
[2026-01-16T09:12:05.776+0000][gc,start    ] GC(738) Pause Young (Normal) (G1 Evacuation Pause)
[2026-01-16T09:12:05.778+0000][gc,task     ] GC(738) Using 8 workers of 8 for evacuation
[2026-01-16T09:12:05.949+0000][gc,phases   ] GC(738)   Pre Evacuate Collection Set: 12.8ms
[2026-01-16T09:12:05.950+0000][gc,phases   ] GC(738)   Merge Heap Roots: 6.9ms
[2026-01-16T09:12:05.950+0000][gc,phases   ] GC(738)   Evacuate Collection Set: 139.9ms
[2026-01-16T09:12:05.950+0000][gc,phases   ] GC(738)   Post Evacuate Collection Set: 10.9ms
[2026-01-16T09:12:05.951+0000][gc,phases   ] GC(738)   Other: 1.8ms
[2026-01-16T09:12:05.951+0000][gc,heap     ] GC(738) Eden regions: 49->0(49)
[2026-01-16T09:12:05.952+0000][gc,heap     ] GC(738) Survivor regions: 2->2(7)
[2026-01-16T09:12:05.952+0000][gc,heap     ] GC(738) Old regions: 198->198
[2026-01-16T09:12:05.953+0000][gc,heap     ] GC(738) Humongous regions: 87->87
[2026-01-16T09:12:05.953+0000][gc,metaspace] GC(738) Metaspace: 12750K(13184K)->12750K(13184K) NonClass: 11661K(11840K)->11661K(11840K) Class: 1088K(1344K)->1088K(1344K)
[2026-01-16T09:12:05.953+0000][gc          ] GC(738) Pause Young (Normal) (G1 Evacuation Pause) 335M->286M(1024M) 177.701ms
[2026-01-16T09:12:05.954+0000][gc,cpu      ] GC(738) User=0.14s Sys=0.01s Real=0.17s
[2026-01-16T09:12:09.123+0000][gc,start    ] GC(739) Pause Young (Normal) (G1 Evacuation Pause)
[2026-01-16T09:12:09.128+0000][gc,task     ] GC(739) Using 8 workers of 8 for evacuation
[2026-01-16T09:12:09.286+0000][gc,phases   ] GC(739)   Pre Evacuate Collection Set: 23.6ms
[2026-01-16T09:12:09.287+0000][gc,phases   ] GC(739)   Merge Heap Roots: 9.5ms
[2026-01-16T09:12:09.287+0000][gc,phases   ] GC(739)   Evacuate Collection Set: 109.0ms
[2026-01-16T09:12:09.288+0000][gc,phases   ] GC(739)   Post Evacuate Collection Set: 15.5ms
[2026-01-16T09:12:09.289+0000][gc,phases   ] GC(739)   Other: 0.8ms
[2026-01-16T09:12:09.290+0000][gc,heap     ] GC(739) Eden regions: 49->0(75)
[2026-01-16T09:12:09.291+0000][gc,heap     ] GC(739) Survivor regions: 2->1(7)
[2026-01-16T09:12:09.291+0000][gc,heap     ] GC(739) Old regions: 198->198
[2026-01-16T09:12:09.292+0000][gc,heap     ] GC(739) Humongous regions: 87->87
[2026-01-16T09:12:09.293+0000][gc,metaspace] GC(739) Metaspace: 12750K(13184K)->12750K(13184K) NonClass: 11661K(11840K)->11661K(11840K) Class: 1088K(1344K)->1088K(1344K)
[2026-01-16T09:12:09.294+0000][gc          ] GC(739) Pause Young (Normal) (G1 Evacuation Pause) 335M->285M(1024M) 170.302ms
[2026-01-16T09:12:09.294+0000][gc,cpu      ] GC(739) User=0.07s Sys=0.00s Real=0.18s
[2026-01-16T09:12:14.096+0000][gc,start    ] GC(740) Pause Young (Normal) (G1 Evacuation Pause)
[2026-01-16T09:12:14.117+0000][gc,task     ] GC(740) Using 8 workers of 8 for evacuation
[2026-01-16T09:12:14.605+0000][gc,mmu      ] GC(740) MMU target violated: 201.0ms (200.0ms/201.0ms)
[2026-01-16T09:12:14.606+0000][gc,phases   ] GC(740)   Pre Evacuate Collection Set: 20.4ms
[2026-01-16T09:12:14.607+0000][gc,phases   ] GC(740)   Merge Heap Roots: 6.4ms
[2026-01-16T09:12:14.607+0000][gc,phases   ] GC(740)   Evacuate Collection Set: 426.3ms
[2026-01-16T09:12:14.608+0000][gc,phases   ] GC(740)   Post Evacuate Collection Set: 29.5ms
[2026-01-16T09:12:14.611+0000][gc,phases   ] GC(740)   Other: 11.0ms
[2026-01-16T09:12:14.614+0000][gc,heap     ] GC(740) Eden regions: 63->0(49)
[2026-01-16T09:12:14.615+0000][gc,heap     ] GC(740) Survivor regions: 1->2(8)
[2026-01-16T09:12:14.615+0000][gc,heap     ] GC(740) Old regions: 198->198
[2026-01-16T09:12:14.615+0000][gc,heap     ] GC(740) Humongous regions: 87->87
[2026-01-16T09:12:14.616+0000][gc,metaspace] GC(740) Metaspace: 12750K(13184K)->12750K(13184K) NonClass: 11661K(11840K)->11661K(11840K) Class: 1088K(1344K)->1088K(1344K)
[2026-01-16T09:12:14.616+0000][gc          ] GC(740) Pause Young (Normal) (G1 Evacuation Pause) 348M->286M(1024M) 519.748ms
[2026-01-16T09:12:14.617+0000][gc,cpu      ] GC(740) User=0.18s Sys=0.01s Real=0.52s
[2026-01-16T09:12:19.017+0000][gc,start    ] GC(741) Pause Young (Normal) (G1 Evacuation Pause)
[2026-01-16T09:12:19.019+0000][gc,task     ] GC(741) Using 8 workers of 8 for evacuation
[2026-01-16T09:12:19.264+0000][gc,mmu      ] GC(741) MMU target violated: 201.0ms (200.0ms/201.0ms)
[2026-01-16T09:12:19.264+0000][gc,phases   ] GC(741)   Pre Evacuate Collection Set: 15.4ms
[2026-01-16T09:12:19.265+0000][gc,phases   ] GC(741)   Merge Heap Roots: 9.9ms
[2026-01-16T09:12:19.265+0000][gc,phases   ] GC(741)   Evacuate Collection Set: 205.5ms
[2026-01-16T09:12:19.265+0000][gc,phases   ] GC(741)   Post Evacuate Collection Set: 9.9ms
[2026-01-16T09:12:19.266+0000][gc,phases   ] GC(741)   Other: 4.7ms
[2026-01-16T09:12:19.266+0000][gc,heap     ] GC(741) Eden regions: 49->0(49)
[2026-01-16T09:12:19.266+0000][gc,heap     ] GC(741) Survivor regions: 2->2(7)
[2026-01-16T09:12:19.267+0000][gc,heap     ] GC(741) Old regions: 198->198
[2026-01-16T09:12:19.268+0000][gc,heap     ] GC(741) Humongous regions: 87->87
[2026-01-16T09:12:19.269+0000][gc,metaspace] GC(741) Metaspace: 12750K(13184K)->12750K(13184K) NonClass: 11661K(11840K)->11661K(11840K) Class: 1088K(1344K)->1088K(1344K)
[2026-01-16T09:12:19.270+0000][gc          ] GC(741) Pause Young (Normal) (G1 Evacuation Pause) 335M->286M(1024M) 253.334ms
[2026-01-16T09:12:19.272+0000][gc,cpu      ] GC(741) User=0.10s Sys=0.00s Real=0.25s
[2026-01-16T09:12:21.686+0000][gc,start    ] GC(742) Pause Young (Normal) (G1 Evacuation Pause)
[2026-01-16T09:12:21.687+0000][gc,task     ] GC(742) Using 8 workers of 8 for evacuation
[2026-01-16T09:12:21.944+0000][gc,mmu      ] GC(742) MMU target violated: 201.0ms (200.0ms/201.0ms)
[2026-01-16T09:12:21.947+0000][gc,phases   ] GC(742)   Pre Evacuate Collection Set: 22.4ms
[2026-01-16T09:12:21.947+0000][gc,phases   ] GC(742)   Merge Heap Roots: 2.8ms
[2026-01-16T09:12:21.947+0000][gc,phases   ] GC(742)   Evacuate Collection Set: 201.1ms
[2026-01-16T09:12:21.947+0000][gc,phases   ] GC(742)   Post Evacuate Collection Set: 22.7ms
[2026-01-16T09:12:21.948+0000][gc,phases   ] GC(742)   Other: 10.6ms
[2026-01-16T09:12:21.951+0000][gc,heap     ] GC(742) Eden regions: 49->0(49)
[2026-01-16T09:12:21.953+0000][gc,heap     ] GC(742) Survivor regions: 2->2(7)
[2026-01-16T09:12:21.953+0000][gc,heap     ] GC(742) Old regions: 198->198
[2026-01-16T09:12:21.953+0000][gc,heap     ] GC(742) Humongous regions: 87->87
[2026-01-16T09:12:21.953+0000][gc,metaspace] GC(742) Metaspace: 12750K(13184K)->12750K(13184K) NonClass: 11661K(11840K)->11661K(11840K) Class: 1088K(1344K)->1088K(1344K)
[2026-01-16T09:12:21.954+0000][gc          ] GC(742) Pause Young (Normal) (G1 Evacuation Pause) 335M->286M(1024M) 267.727ms
[2026-01-16T09:12:21.958+0000][gc,cpu      ] GC(742) User=0.10s Sys=0.01s Real=0.27s
[2026-01-16T09:12:23.414+0000][gc,start    ] GC(743) Pause Young (Normal) (G1 Evacuation Pause)
[2026-01-16T09:12:23.416+0000][gc,task     ] GC(743) Using 8 workers of 8 for evacuation
[2026-01-16T09:12:23.601+0000][gc,phases   ] GC(743)   Pre Evacuate Collection Set: 46.7ms
[2026-01-16T09:12:23.602+0000][gc,phases   ] GC(743)   Merge Heap Roots: 0.5ms
[2026-01-16T09:12:23.602+0000][gc,phases   ] GC(743)   Evacuate Collection Set: 115.1ms
[2026-01-16T09:12:23.602+0000][gc,phases   ] GC(743)   Post Evacuate Collection Set: 21.5ms
[2026-01-16T09:12:23.602+0000][gc,phases   ] GC(743)   Other: 1.8ms
[2026-01-16T09:12:23.602+0000][gc,heap     ] GC(743) Eden regions: 49->0(48)
[2026-01-16T09:12:23.603+0000][gc,heap     ] GC(743) Survivor regions: 2->3(7)
[2026-01-16T09:12:23.604+0000][gc,heap     ] GC(743) Old regions: 198->198
[2026-01-16T09:12:23.607+0000][gc,heap     ] GC(743) Humongous regions: 87->87
[2026-01-16T09:12:23.608+0000][gc,metaspace] GC(743) Metaspace: 12750K(13184K)->12750K(13184K) NonClass: 11661K(11840K)->11661K(11840K) Class: 1088K(1344K)->1088K(1344K)
[2026-01-16T09:12:23.609+0000][gc          ] GC(743) Pause Young (Normal) (G1 Evacuation Pause) 335M->287M(1024M) 194.543ms
[2026-01-16T09:12:23.618+0000][gc,cpu      ] GC(743) User=0.08s Sys=0.03s Real=0.20s
[2026-01-16T09:12:33.273+0000][gc,start    ] GC(744) Pause Young (Normal) (G1 Evacuation Pause)
[2026-01-16T09:12:33.280+0000][gc,task     ] GC(744) Using 8 workers of 8 for evacuation
[2026-01-16T09:12:34.404+0000][gc,mmu      ] GC(744) MMU target violated: 201.0ms (200.0ms/201.0ms)
[2026-01-16T09:12:34.405+0000][gc,phases   ] GC(744)   Pre Evacuate Collection Set: 170.0ms
[2026-01-16T09:12:34.405+0000][gc,phases   ] GC(744)   Merge Heap Roots: 46.5ms
[2026-01-16T09:12:34.405+0000][gc,phases   ] GC(744)   Evacuate Collection Set: 861.4ms
[2026-01-16T09:12:34.405+0000][gc,phases   ] GC(744)   Post Evacuate Collection Set: 40.9ms
[2026-01-16T09:12:34.406+0000][gc,phases   ] GC(744)   Other: 7.0ms
[2026-01-16T09:12:34.406+0000][gc,heap     ] GC(744) Eden regions: 48->0(49)
[2026-01-16T09:12:34.406+0000][gc,heap     ] GC(744) Survivor regions: 3->2(7)
[2026-01-16T09:12:34.407+0000][gc,heap     ] GC(744) Old regions: 198->199
[2026-01-16T09:12:34.407+0000][gc,heap     ] GC(744) Humongous regions: 87->87
[2026-01-16T09:12:34.407+0000][gc,metaspace] GC(744) Metaspace: 12750K(13184K)->12750K(13184K) NonClass: 11661K(11840K)->11661K(11840K) Class: 1088K(1344K)->1088K(1344K)
[2026-01-16T09:12:34.408+0000][gc          ] GC(744) Pause Young (Normal) (G1 Evacuation Pause) 335M->286M(1024M) 1134.983ms
[2026-01-16T09:12:34.412+0000][gc,cpu      ] GC(744) User=0.29s Sys=0.05s Real=1.14s
[2026-01-16T09:12:36.916+0000][gc,start    ] GC(745) Pause Young (Normal) (G1 Evacuation Pause)
[2026-01-16T09:12:36.920+0000][gc,task     ] GC(745) Using 8 workers of 8 for evacuation
[2026-01-16T09:12:37.102+0000][gc,phases   ] GC(745)   Pre Evacuate Collection Set: 22.0ms
[2026-01-16T09:12:37.102+0000][gc,phases   ] GC(745)   Merge Heap Roots: 7.0ms
[2026-01-16T09:12:37.102+0000][gc,phases   ] GC(745)   Evacuate Collection Set: 147.0ms
[2026-01-16T09:12:37.102+0000][gc,phases   ] GC(745)   Post Evacuate Collection Set: 5.2ms
[2026-01-16T09:12:37.103+0000][gc,phases   ] GC(745)   Other: 2.8ms
[2026-01-16T09:12:37.103+0000][gc,heap     ] GC(745) Eden regions: 49->0(48)
[2026-01-16T09:12:37.103+0000][gc,heap     ] GC(745) Survivor regions: 2->3(7)
[2026-01-16T09:12:37.103+0000][gc,heap     ] GC(745) Old regions: 199->199
[2026-01-16T09:12:37.103+0000][gc,heap     ] GC(745) Humongous regions: 87->87
[2026-01-16T09:12:37.103+0000][gc,metaspace] GC(745) Metaspace: 12750K(13184K)->12750K(13184K) NonClass: 11661K(11840K)->11661K(11840K) Class: 1088K(1344K)->1088K(1344K)
[2026-01-16T09:12:37.103+0000][gc          ] GC(745) Pause Young (Normal) (G1 Evacuation Pause) 335M->287M(1024M) 186.983ms
[2026-01-16T09:12:37.103+0000][gc,cpu      ] GC(745) User=0.12s Sys=0.00s Real=0.19s
[2026-01-16T09:12:40.542+0000][gc,start    ] GC(746) Pause Young (Normal) (G1 Evacuation Pause)
[2026-01-16T09:12:40.568+0000][gc,task     ] GC(746) Using 8 workers of 8 for evacuation
[2026-01-16T09:12:40.957+0000][gc,mmu      ] GC(746) MMU target violated: 201.0ms (200.0ms/201.0ms)
[2026-01-16T09:12:40.958+0000][gc,phases   ] GC(746)   Pre Evacuate Collection Set: 50.1ms
[2026-01-16T09:12:40.959+0000][gc,phases   ] GC(746)   Merge Heap Roots: 1.3ms
[2026-01-16T09:12:40.959+0000][gc,phases   ] GC(746)   Evacuate Collection Set: 286.4ms
[2026-01-16T09:12:40.960+0000][gc,phases   ] GC(746)   Post Evacuate Collection Set: 48.7ms
[2026-01-16T09:12:40.960+0000][gc,phases   ] GC(746)   Other: 17.5ms
[2026-01-16T09:12:40.961+0000][gc,heap     ] GC(746) Eden regions: 48->0(49)
[2026-01-16T09:12:40.961+0000][gc,heap     ] GC(746) Survivor regions: 3->2(7)
[2026-01-16T09:12:40.961+0000][gc,heap     ] GC(746) Old regions: 199->199
[2026-01-16T09:12:40.961+0000][gc,heap     ] GC(746) Humongous regions: 87->87
[2026-01-16T09:12:40.961+0000][gc,metaspace] GC(746) Metaspace: 12750K(13184K)->12750K(13184K) NonClass: 11661K(11840K)->11661K(11840K) Class: 1088K(1344K)->1088K(1344K)
[2026-01-16T09:12:40.963+0000][gc          ] GC(746) Pause Young (Normal) (G1 Evacuation Pause) 335M->286M(1024M) 421.202ms
[2026-01-16T09:12:40.965+0000][gc,cpu      ] GC(746) User=0.19s Sys=0.03s Real=0.42s
[2026-01-16T09:12:44.583+0000][gc,start    ] GC(747) Pause Young (Normal) (G1 Evacuation Pause)
[2026-01-16T09:12:44.589+0000][gc,task     ] GC(747) Using 8 workers of 8 for evacuation
[2026-01-16T09:12:44.742+0000][gc,phases   ] GC(747)   Pre Evacuate Collection Set: 20.6ms
[2026-01-16T09:12:44.745+0000][gc,phases   ] GC(747)   Merge Heap Roots: 1.6ms
[2026-01-16T09:12:44.746+0000][gc,phases   ] GC(747)   Evacuate Collection Set: 120.8ms
[2026-01-16T09:12:44.754+0000][gc,phases   ] GC(747)   Post Evacuate Collection Set: 6.1ms
[2026-01-16T09:12:44.754+0000][gc,phases   ] GC(747)   Other: 4.3ms
[2026-01-16T09:12:44.754+0000][gc,heap     ] GC(747) Eden regions: 49->0(48)
[2026-01-16T09:12:44.755+0000][gc,heap     ] GC(747) Survivor regions: 2->3(7)
[2026-01-16T09:12:44.755+0000][gc,heap     ] GC(747) Old regions: 199->199
[2026-01-16T09:12:44.755+0000][gc,heap     ] GC(747) Humongous regions: 87->87
[2026-01-16T09:12:44.756+0000][gc,metaspace] GC(747) Metaspace: 12750K(13184K)->12750K(13184K) NonClass: 11661K(11840K)->11661K(11840K) Class: 1088K(1344K)->1088K(1344K)
[2026-01-16T09:12:44.756+0000][gc          ] GC(747) Pause Young (Normal) (G1 Evacuation Pause) 335M->287M(1024M) 176.757ms
[2026-01-16T09:12:44.757+0000][gc,cpu      ] GC(747) User=0.13s Sys=0.01s Real=0.17s
[2026-01-16T09:12:45.852+0000][gc,start    ] GC(748) Pause Young (Normal) (G1 Evacuation Pause)
[2026-01-16T09:12:45.858+0000][gc,task     ] GC(748) Using 8 workers of 8 for evacuation
[2026-01-16T09:12:45.986+0000][gc,phases   ] GC(748)   Pre Evacuate Collection Set: 4.9ms
[2026-01-16T09:12:45.987+0000][gc,phases   ] GC(748)   Merge Heap Roots: 2.2ms
[2026-01-16T09:12:45.987+0000][gc,phases   ] GC(748)   Evacuate Collection Set: 116.4ms
[2026-01-16T09:12:45.987+0000][gc,phases   ] GC(748)   Post Evacuate Collection Set: 2.0ms
[2026-01-16T09:12:45.987+0000][gc,phases   ] GC(748)   Other: 2.6ms
[2026-01-16T09:12:45.994+0000][gc,heap     ] GC(748) Eden regions: 48->0(48)
[2026-01-16T09:12:45.996+0000][gc,heap     ] GC(748) Survivor regions: 3->3(7)
[2026-01-16T09:12:45.999+0000][gc,heap     ] GC(748) Old regions: 199->199
[2026-01-16T09:12:46.000+0000][gc,heap     ] GC(748) Humongous regions: 87->87
[2026-01-16T09:12:46.000+0000][gc,metaspace] GC(748) Metaspace: 12750K(13184K)->12750K(13184K) NonClass: 11661K(11840K)->11661K(11840K) Class: 1088K(1344K)->1088K(1344K)
[2026-01-16T09:12:46.000+0000][gc          ] GC(748) Pause Young (Normal) (G1 Evacuation Pause) 335M->287M(1024M) 147.738ms
[2026-01-16T09:12:46.000+0000][gc,cpu      ] GC(748) User=0.06s Sys=0.00s Real=0.15s
[2026-01-16T09:12:52.340+0000][gc,start    ] GC(749) Pause Young (Normal) (G1 Evacuation Pause)
[2026-01-16T09:12:52.355+0000][gc,task     ] GC(749) Using 8 workers of 8 for evacuation
[2026-01-16T09:12:52.733+0000][gc,mmu      ] GC(749) MMU target violated: 201.0ms (200.0ms/201.0ms)
[2026-01-16T09:12:52.734+0000][gc,phases   ] GC(749)   Pre Evacuate Collection Set: 39.5ms
[2026-01-16T09:12:52.735+0000][gc,phases   ] GC(749)   Merge Heap Roots: 12.4ms
[2026-01-16T09:12:52.737+0000][gc,phases   ] GC(749)   Evacuate Collection Set: 295.0ms
[2026-01-16T09:12:52.738+0000][gc,phases   ] GC(749)   Post Evacuate Collection Set: 23.1ms
[2026-01-16T09:12:52.739+0000][gc,phases   ] GC(749)   Other: 9.1ms
[2026-01-16T09:12:52.741+0000][gc,heap     ] GC(749) Eden regions: 48->0(48)
[2026-01-16T09:12:52.743+0000][gc,heap     ] GC(749) Survivor regions: 3->3(7)
[2026-01-16T09:12:52.744+0000][gc,heap     ] GC(749) Old regions: 199->199
[2026-01-16T09:12:52.746+0000][gc,heap     ] GC(749) Humongous regions: 87->87
[2026-01-16T09:12:52.748+0000][gc,metaspace] GC(749) Metaspace: 12754K(13184K)->12754K(13184K) NonClass: 11665K(11840K)->11665K(11840K) Class: 1088K(1344K)->1088K(1344K)
[2026-01-16T09:12:52.753+0000][gc          ] GC(749) Pause Young (Normal) (G1 Evacuation Pause) 335M->287M(1024M) 413.518ms
[2026-01-16T09:12:52.756+0000][gc,cpu      ] GC(749) User=0.20s Sys=0.03s Real=0.42s
[2026-01-16T09:12:56.242+0000][gc,start    ] GC(750) Pause Young (Normal) (G1 Evacuation Pause)
[2026-01-16T09:12:56.245+0000][gc,task     ] GC(750) Using 8 workers of 8 for evacuation
[2026-01-16T09:12:56.379+0000][gc,phases   ] GC(750)   Pre Evacuate Collection Set: 11.4ms
[2026-01-16T09:12:56.380+0000][gc,phases   ] GC(750)   Merge Heap Roots: 0.6ms
[2026-01-16T09:12:56.380+0000][gc,phases   ] GC(750)   Evacuate Collection Set: 106.4ms
[2026-01-16T09:12:56.380+0000][gc,phases   ] GC(750)   Post Evacuate Collection Set: 14.7ms
[2026-01-16T09:12:56.381+0000][gc,phases   ] GC(750)   Other: 0.7ms
[2026-01-16T09:12:56.381+0000][gc,heap     ] GC(750) Eden regions: 48->0(48)
[2026-01-16T09:12:56.384+0000][gc,heap     ] GC(750) Survivor regions: 3->3(7)
[2026-01-16T09:12:56.384+0000][gc,heap     ] GC(750) Old regions: 199->199
[2026-01-16T09:12:56.385+0000][gc,heap     ] GC(750) Humongous regions: 87->87
[2026-01-16T09:12:56.385+0000][gc,metaspace] GC(750) Metaspace: 12754K(13184K)->12754K(13184K) NonClass: 11665K(11840K)->11665K(11840K) Class: 1088K(1344K)->1088K(1344K)
[2026-01-16T09:12:56.385+0000][gc          ] GC(750) Pause Young (Normal) (G1 Evacuation Pause) 335M->287M(1024M) 143.405ms
[2026-01-16T09:12:56.386+0000][gc,cpu      ] GC(750) User=0.10s Sys=0.00s Real=0.14s
[2026-01-16T09:12:59.536+0000][gc,start    ] GC(751) Pause Young (Normal) (G1 Evacuation Pause)
[2026-01-16T09:12:59.544+0000][gc,task     ] GC(751) Using 8 workers of 8 for evacuation
[2026-01-16T09:12:59.754+0000][gc,mmu      ] GC(751) MMU target violated: 201.0ms (200.0ms/201.0ms)
[2026-01-16T09:12:59.756+0000][gc,phases   ] GC(751)   Pre Evacuate Collection Set: 14.0ms
[2026-01-16T09:12:59.756+0000][gc,phases   ] GC(751)   Merge Heap Roots: 0.7ms
[2026-01-16T09:12:59.757+0000][gc,phases   ] GC(751)   Evacuate Collection Set: 168.2ms
[2026-01-16T09:12:59.757+0000][gc,phases   ] GC(751)   Post Evacuate Collection Set: 13.8ms
[2026-01-16T09:12:59.758+0000][gc,phases   ] GC(751)   Other: 14.8ms
[2026-01-16T09:12:59.759+0000][gc,heap     ] GC(751) Eden regions: 48->0(49)
[2026-01-16T09:12:59.759+0000][gc,heap     ] GC(751) Survivor regions: 3->2(7)
[2026-01-16T09:12:59.760+0000][gc,heap     ] GC(751) Old regions: 199->199
[2026-01-16T09:12:59.761+0000][gc,heap     ] GC(751) Humongous regions: 87->87
[2026-01-16T09:12:59.762+0000][gc,metaspace] GC(751) Metaspace: 12754K(13184K)->12754K(13184K) NonClass: 11665K(11840K)->11665K(11840K) Class: 1088K(1344K)->1088K(1344K)
[2026-01-16T09:12:59.762+0000][gc          ] GC(751) Pause Young (Normal) (G1 Evacuation Pause) 335M->287M(1024M) 225.887ms
[2026-01-16T09:12:59.763+0000][gc,cpu      ] GC(751) User=0.12s Sys=0.02s Real=0.23s
[2026-01-16T09:13:03.375+0000][gc,start    ] GC(752) Pause Young (Normal) (G1 Evacuation Pause)
[2026-01-16T09:13:03.376+0000][gc,task     ] GC(752) Using 8 workers of 8 for evacuation
[2026-01-16T09:13:03.735+0000][gc,mmu      ] GC(752) MMU target violated: 201.0ms (200.0ms/201.0ms)
[2026-01-16T09:13:03.737+0000][gc,phases   ] GC(752)   Pre Evacuate Collection Set: 21.6ms
[2026-01-16T09:13:03.738+0000][gc,phases   ] GC(752)   Merge Heap Roots: 5.3ms
[2026-01-16T09:13:03.738+0000][gc,phases   ] GC(752)   Evacuate Collection Set: 280.6ms
[2026-01-16T09:13:03.739+0000][gc,phases   ] GC(752)   Post Evacuate Collection Set: 50.1ms
[2026-01-16T09:13:03.740+0000][gc,phases   ] GC(752)   Other: 3.4ms
[2026-01-16T09:13:03.741+0000][gc,heap     ] GC(752) Eden regions: 49->0(48)
[2026-01-16T09:13:03.745+0000][gc,heap     ] GC(752) Survivor regions: 2->3(7)
[2026-01-16T09:13:03.746+0000][gc,heap     ] GC(752) Old regions: 199->199
[2026-01-16T09:13:03.746+0000][gc,heap     ] GC(752) Humongous regions: 87->87
[2026-01-16T09:13:03.746+0000][gc,metaspace] GC(752) Metaspace: 12754K(13184K)->12754K(13184K) NonClass: 11665K(11840K)->11665K(11840K) Class: 1088K(1344K)->1088K(1344K)
[2026-01-16T09:13:03.747+0000][gc          ] GC(752) Pause Young (Normal) (G1 Evacuation Pause) 336M->287M(1024M) 371.948ms
[2026-01-16T09:13:03.752+0000][gc,cpu      ] GC(752) User=0.14s Sys=0.01s Real=0.38s
[2026-01-16T09:13:09.233+0000][gc,start    ] GC(753) Pause Young (Normal) (G1 Evacuation Pause)
[2026-01-16T09:13:09.236+0000][gc,task     ] GC(753) Using 8 workers of 8 for evacuation
[2026-01-16T09:13:09.435+0000][gc,phases   ] GC(753)   Pre Evacuate Collection Set: 14.1ms
[2026-01-16T09:13:09.435+0000][gc,phases   ] GC(753)   Merge Heap Roots: 1.0ms
[2026-01-16T09:13:09.443+0000][gc,phases   ] GC(753)   Evacuate Collection Set: 157.8ms
[2026-01-16T09:13:09.444+0000][gc,phases   ] GC(753)   Post Evacuate Collection Set: 20.7ms
[2026-01-16T09:13:09.444+0000][gc,phases   ] GC(753)   Other: 4.9ms
[2026-01-16T09:13:09.445+0000][gc,heap     ] GC(753) Eden regions: 48->0(49)
[2026-01-16T09:13:09.445+0000][gc,heap     ] GC(753) Survivor regions: 3->2(7)
[2026-01-16T09:13:09.446+0000][gc,heap     ] GC(753) Old regions: 199->199
[2026-01-16T09:13:09.446+0000][gc,heap     ] GC(753) Humongous regions: 87->87
[2026-01-16T09:13:09.446+0000][gc,metaspace] GC(753) Metaspace: 12755K(13184K)->12755K(13184K) NonClass: 11666K(11840K)->11666K(11840K) Class: 1088K(1344K)->1088K(1344K)
[2026-01-16T09:13:09.447+0000][gc          ] GC(753) Pause Young (Normal) (G1 Evacuation Pause) 335M->287M(1024M) 214.105ms
[2026-01-16T09:13:09.457+0000][gc,cpu      ] GC(753) User=0.10s Sys=0.00s Real=0.23s
[2026-01-16T09:13:12.618+0000][gc,start    ] GC(754) Pause Young (Normal) (G1 Evacuation Pause)
[2026-01-16T09:13:12.621+0000][gc,task     ] GC(754) Using 8 workers of 8 for evacuation
[2026-01-16T09:13:12.839+0000][gc,mmu      ] GC(754) MMU target violated: 201.0ms (200.0ms/201.0ms)
[2026-01-16T09:13:12.842+0000][gc,phases   ] GC(754)   Pre Evacuate Collection Set: 12.4ms
[2026-01-16T09:13:12.858+0000][gc,phases   ] GC(754)   Merge Heap Roots: 7.5ms
[2026-01-16T09:13:12.860+0000][gc,phases   ] GC(754)   Evacuate Collection Set: 185.1ms
[2026-01-16T09:13:12.861+0000][gc,phases   ] GC(754)   Post Evacuate Collection Set: 4.6ms
[2026-01-16T09:13:12.861+0000][gc,phases   ] GC(754)   Other: 12.0ms
[2026-01-16T09:13:12.861+0000][gc,heap     ] GC(754) Eden regions: 49->0(48)
[2026-01-16T09:13:12.862+0000][gc,heap     ] GC(754) Survivor regions: 2->3(7)
[2026-01-16T09:13:12.862+0000][gc,heap     ] GC(754) Old regions: 199->199
[2026-01-16T09:13:12.862+0000][gc,heap     ] GC(754) Humongous regions: 87->87
[2026-01-16T09:13:12.862+0000][gc,metaspace] GC(754) Metaspace: 12755K(13184K)->12755K(13184K) NonClass: 11666K(11840K)->11666K(11840K) Class: 1088K(1344K)->1088K(1344K)
[2026-01-16T09:13:12.862+0000][gc          ] GC(754) Pause Young (Normal) (G1 Evacuation Pause) 336M->287M(1024M) 244.928ms
[2026-01-16T09:13:12.864+0000][gc,cpu      ] GC(754) User=0.10s Sys=0.00s Real=0.24s
[2026-01-16T09:13:15.495+0000][gc,start    ] GC(755) Pause Young (Normal) (G1 Evacuation Pause)
[2026-01-16T09:13:15.501+0000][gc,task     ] GC(755) Using 8 workers of 8 for evacuation
[2026-01-16T09:13:15.685+0000][gc,phases   ] GC(755)   Pre Evacuate Collection Set: 20.2ms
[2026-01-16T09:13:15.685+0000][gc,phases   ] GC(755)   Merge Heap Roots: 3.5ms
[2026-01-16T09:13:15.687+0000][gc,phases   ] GC(755)   Evacuate Collection Set: 114.0ms
[2026-01-16T09:13:15.687+0000][gc,phases   ] GC(755)   Post Evacuate Collection Set: 41.3ms
[2026-01-16T09:13:15.688+0000][gc,phases   ] GC(755)   Other: 5.1ms
[2026-01-16T09:13:15.688+0000][gc,heap     ] GC(755) Eden regions: 48->0(48)
[2026-01-16T09:13:15.689+0000][gc,heap     ] GC(755) Survivor regions: 3->3(7)
[2026-01-16T09:13:15.690+0000][gc,heap     ] GC(755) Old regions: 199->199
[2026-01-16T09:13:15.690+0000][gc,heap     ] GC(755) Humongous regions: 87->87
[2026-01-16T09:13:15.690+0000][gc,metaspace] GC(755) Metaspace: 12755K(13184K)->12755K(13184K) NonClass: 11666K(11840K)->11666K(11840K) Class: 1088K(1344K)->1088K(1344K)
[2026-01-16T09:13:15.691+0000][gc          ] GC(755) Pause Young (Normal) (G1 Evacuation Pause) 335M->288M(1024M) 195.816ms
[2026-01-16T09:13:15.692+0000][gc,cpu      ] GC(755) User=0.15s Sys=0.01s Real=0.20s
[2026-01-16T09:13:21.545+0000][gc,start    ] GC(756) Pause Young (Normal) (G1 Evacuation Pause)
[2026-01-16T09:13:21.549+0000][gc,task     ] GC(756) Using 8 workers of 8 for evacuation
[2026-01-16T09:13:21.776+0000][gc,mmu      ] GC(756) MMU target violated: 201.0ms (200.0ms/201.0ms)
[2026-01-16T09:13:21.777+0000][gc,phases   ] GC(756)   Pre Evacuate Collection Set: 11.9ms
[2026-01-16T09:13:21.777+0000][gc,phases   ] GC(756)   Merge Heap Roots: 1.3ms
[2026-01-16T09:13:21.778+0000][gc,phases   ] GC(756)   Evacuate Collection Set: 178.9ms
[2026-01-16T09:13:21.781+0000][gc,phases   ] GC(756)   Post Evacuate Collection Set: 34.7ms
[2026-01-16T09:13:21.782+0000][gc,phases   ] GC(756)   Other: 1.2ms
[2026-01-16T09:13:21.783+0000][gc,heap     ] GC(756) Eden regions: 48->0(49)
[2026-01-16T09:13:21.783+0000][gc,heap     ] GC(756) Survivor regions: 3->2(7)
[2026-01-16T09:13:21.784+0000][gc,heap     ] GC(756) Old regions: 199->199
[2026-01-16T09:13:21.784+0000][gc,heap     ] GC(756) Humongous regions: 87->87
[2026-01-16T09:13:21.785+0000][gc,metaspace] GC(756) Metaspace: 12760K(13184K)->12760K(13184K) NonClass: 11671K(11840K)->11671K(11840K) Class: 1088K(1344K)->1088K(1344K)
[2026-01-16T09:13:21.786+0000][gc          ] GC(756) Pause Young (Normal) (G1 Evacuation Pause) 336M->287M(1024M) 240.773ms
[2026-01-16T09:13:21.787+0000][gc,cpu      ] GC(756) User=0.13s Sys=0.01s Real=0.25s
[2026-01-16T09:13:24.583+0000][gc,start    ] GC(757) Pause Young (Normal) (G1 Evacuation Pause)
[2026-01-16T09:13:24.594+0000][gc,task     ] GC(757) Using 8 workers of 8 for evacuation
[2026-01-16T09:13:24.812+0000][gc,mmu      ] GC(757) MMU target violated: 201.0ms (200.0ms/201.0ms)
[2026-01-16T09:13:24.814+0000][gc,phases   ] GC(757)   Pre Evacuate Collection Set: 4.5ms
[2026-01-16T09:13:24.816+0000][gc,phases   ] GC(757)   Merge Heap Roots: 4.3ms
[2026-01-16T09:13:24.816+0000][gc,phases   ] GC(757)   Evacuate Collection Set: 192.4ms
[2026-01-16T09:13:24.817+0000][gc,phases   ] GC(757)   Post Evacuate Collection Set: 11.8ms
[2026-01-16T09:13:24.818+0000][gc,phases   ] GC(757)   Other: 6.8ms
[2026-01-16T09:13:24.818+0000][gc,heap     ] GC(757) Eden regions: 49->0(48)
[2026-01-16T09:13:24.819+0000][gc,heap     ] GC(757) Survivor regions: 2->3(7)
[2026-01-16T09:13:24.820+0000][gc,heap     ] GC(757) Old regions: 199->200
[2026-01-16T09:13:24.821+0000][gc,heap     ] GC(757) Humongous regions: 87->87
[2026-01-16T09:13:24.822+0000][gc,metaspace] GC(757) Metaspace: 12760K(13184K)->12760K(13184K) NonClass: 11671K(11840K)->11671K(11840K) Class: 1088K(1344K)->1088K(1344K)
[2026-01-16T09:13:24.823+0000][gc          ] GC(757) Pause Young (Normal) (G1 Evacuation Pause) 336M->288M(1024M) 239.211ms
[2026-01-16T09:13:24.824+0000][gc,cpu      ] GC(757) User=0.17s Sys=0.01s Real=0.24s
[2026-01-16T09:13:30.813+0000][gc,start    ] GC(758) Pause Young (Normal) (G1 Evacuation Pause)
[2026-01-16T09:13:30.839+0000][gc,task     ] GC(758) Using 8 workers of 8 for evacuation
[2026-01-16T09:13:31.247+0000][gc,mmu      ] GC(758) MMU target violated: 201.0ms (200.0ms/201.0ms)
[2026-01-16T09:13:31.249+0000][gc,phases   ] GC(758)   Pre Evacuate Collection Set: 58.2ms
[2026-01-16T09:13:31.251+0000][gc,phases   ] GC(758)   Merge Heap Roots: 11.9ms
[2026-01-16T09:13:31.251+0000][gc,phases   ] GC(758)   Evacuate Collection Set: 238.6ms
[2026-01-16T09:13:31.252+0000][gc,phases   ] GC(758)   Post Evacuate Collection Set: 47.2ms
[2026-01-16T09:13:31.252+0000][gc,phases   ] GC(758)   Other: 73.9ms
[2026-01-16T09:13:31.252+0000][gc,heap     ] GC(758) Eden regions: 48->0(49)
[2026-01-16T09:13:31.255+0000][gc,heap     ] GC(758) Survivor regions: 3->2(7)
[2026-01-16T09:13:31.258+0000][gc,heap     ] GC(758) Old regions: 200->200
[2026-01-16T09:13:31.258+0000][gc,heap     ] GC(758) Humongous regions: 87->87
[2026-01-16T09:13:31.263+0000][gc,metaspace] GC(758) Metaspace: 12760K(13184K)->12760K(13184K) NonClass: 11671K(11840K)->11671K(11840K) Class: 1088K(1344K)->1088K(1344K)
[2026-01-16T09:13:31.265+0000][gc          ] GC(758) Pause Young (Normal) (G1 Evacuation Pause) 336M->287M(1024M) 452.721ms
[2026-01-16T09:13:31.270+0000][gc,cpu      ] GC(758) User=0.26s Sys=0.04s Real=0.46s
[2026-01-16T09:13:36.170+0000][gc,start    ] GC(759) Pause Young (Normal) (G1 Evacuation Pause)
[2026-01-16T09:13:36.182+0000][gc,task     ] GC(759) Using 8 workers of 8 for evacuation
[2026-01-16T09:13:36.520+0000][gc,mmu      ] GC(759) MMU target violated: 201.0ms (200.0ms/201.0ms)
[2026-01-16T09:13:36.521+0000][gc,phases   ] GC(759)   Pre Evacuate Collection Set: 42.5ms
[2026-01-16T09:13:36.522+0000][gc,phases   ] GC(759)   Merge Heap Roots: 36.8ms
[2026-01-16T09:13:36.523+0000][gc,phases   ] GC(759)   Evacuate Collection Set: 225.6ms
[2026-01-16T09:13:36.524+0000][gc,phases   ] GC(759)   Post Evacuate Collection Set: 29.8ms
[2026-01-16T09:13:36.525+0000][gc,phases   ] GC(759)   Other: 6.6ms
[2026-01-16T09:13:36.528+0000][gc,heap     ] GC(759) Eden regions: 49->0(48)
[2026-01-16T09:13:36.530+0000][gc,heap     ] GC(759) Survivor regions: 2->3(7)
[2026-01-16T09:13:36.531+0000][gc,heap     ] GC(759) Old regions: 200->200
[2026-01-16T09:13:36.531+0000][gc,heap     ] GC(759) Humongous regions: 87->87
[2026-01-16T09:13:36.532+0000][gc,metaspace] GC(759) Metaspace: 12760K(13184K)->12760K(13184K) NonClass: 11671K(11840K)->11671K(11840K) Class: 1088K(1344K)->1088K(1344K)
[2026-01-16T09:13:36.532+0000][gc          ] GC(759) Pause Young (Normal) (G1 Evacuation Pause) 336M->288M(1024M) 362.495ms
[2026-01-16T09:13:36.534+0000][gc,cpu      ] GC(759) User=0.21s Sys=0.01s Real=0.37s
[2026-01-16T09:13:38.993+0000][gc,start    ] GC(760) Pause Young (Normal) (G1 Evacuation Pause)
[2026-01-16T09:13:38.995+0000][gc,task     ] GC(760) Using 8 workers of 8 for evacuation
[2026-01-16T09:13:39.131+0000][gc,phases   ] GC(760)   Pre Evacuate Collection Set: 9.8ms
[2026-01-16T09:13:39.133+0000][gc,phases   ] GC(760)   Merge Heap Roots: 2.2ms
[2026-01-16T09:13:39.135+0000][gc,phases   ] GC(760)   Evacuate Collection Set: 106.6ms
[2026-01-16T09:13:39.135+0000][gc,phases   ] GC(760)   Post Evacuate Collection Set: 16.1ms
[2026-01-16T09:13:39.136+0000][gc,phases   ] GC(760)   Other: 1.1ms
[2026-01-16T09:13:39.137+0000][gc,heap     ] GC(760) Eden regions: 48->0(49)
[2026-01-16T09:13:39.139+0000][gc,heap     ] GC(760) Survivor regions: 3->2(7)
[2026-01-16T09:13:39.140+0000][gc,heap     ] GC(760) Old regions: 200->200
[2026-01-16T09:13:39.142+0000][gc,heap     ] GC(760) Humongous regions: 87->87
[2026-01-16T09:13:39.143+0000][gc,metaspace] GC(760) Metaspace: 12760K(13184K)->12760K(13184K) NonClass: 11671K(11840K)->11671K(11840K) Class: 1088K(1344K)->1088K(1344K)
[2026-01-16T09:13:39.147+0000][gc          ] GC(760) Pause Young (Normal) (G1 Evacuation Pause) 336M->287M(1024M) 153.867ms
[2026-01-16T09:13:39.149+0000][gc,cpu      ] GC(760) User=0.07s Sys=0.00s Real=0.15s
[2026-01-16T09:13:41.451+0000][gc,start    ] GC(761) Pause Young (Normal) (G1 Evacuation Pause)
[2026-01-16T09:13:41.456+0000][gc,task     ] GC(761) Using 8 workers of 8 for evacuation
[2026-01-16T09:13:41.620+0000][gc,phases   ] GC(761)   Pre Evacuate Collection Set: 7.7ms
[2026-01-16T09:13:41.623+0000][gc,phases   ] GC(761)   Merge Heap Roots: 0.7ms
[2026-01-16T09:13:41.624+0000][gc,phases   ] GC(761)   Evacuate Collection Set: 134.5ms
[2026-01-16T09:13:41.627+0000][gc,phases   ] GC(761)   Post Evacuate Collection Set: 13.6ms
[2026-01-16T09:13:41.627+0000][gc,phases   ] GC(761)   Other: 3.0ms
[2026-01-16T09:13:41.627+0000][gc,heap     ] GC(761) Eden regions: 49->0(49)
[2026-01-16T09:13:41.627+0000][gc,heap     ] GC(761) Survivor regions: 2->2(7)
[2026-01-16T09:13:41.630+0000][gc,heap     ] GC(761) Old regions: 200->200
[2026-01-16T09:13:41.631+0000][gc,heap     ] GC(761) Humongous regions: 87->87
[2026-01-16T09:13:41.633+0000][gc,metaspace] GC(761) Metaspace: 12760K(13184K)->12760K(13184K) NonClass: 11671K(11840K)->11671K(11840K) Class: 1088K(1344K)->1088K(1344K)
[2026-01-16T09:13:41.634+0000][gc          ] GC(761) Pause Young (Normal) (G1 Evacuation Pause) 336M->288M(1024M) 183.371ms
[2026-01-16T09:13:41.638+0000][gc,cpu      ] GC(761) User=0.07s Sys=0.01s Real=0.19s
[2026-01-16T09:13:44.704+0000][gc,start    ] GC(762) Pause Young (Normal) (G1 Evacuation Pause)
[2026-01-16T09:13:44.706+0000][gc,task     ] GC(762) Using 8 workers of 8 for evacuation
[2026-01-16T09:13:45.046+0000][gc,mmu      ] GC(762) MMU target violated: 201.0ms (200.0ms/201.0ms)
[2026-01-16T09:13:45.048+0000][gc,phases   ] GC(762)   Pre Evacuate Collection Set: 41.3ms
[2026-01-16T09:13:45.049+0000][gc,phases   ] GC(762)   Merge Heap Roots: 2.8ms
[2026-01-16T09:13:45.049+0000][gc,phases   ] GC(762)   Evacuate Collection Set: 263.0ms
[2026-01-16T09:13:45.049+0000][gc,phases   ] GC(762)   Post Evacuate Collection Set: 28.9ms
[2026-01-16T09:13:45.050+0000][gc,phases   ] GC(762)   Other: 6.6ms
[2026-01-16T09:13:45.051+0000][gc,heap     ] GC(762) Eden regions: 49->0(48)
[2026-01-16T09:13:45.052+0000][gc,heap     ] GC(762) Survivor regions: 2->3(7)
[2026-01-16T09:13:45.052+0000][gc,heap     ] GC(762) Old regions: 200->200
[2026-01-16T09:13:45.053+0000][gc,heap     ] GC(762) Humongous regions: 87->87
[2026-01-16T09:13:45.054+0000][gc,metaspace] GC(762) Metaspace: 12760K(13184K)->12760K(13184K) NonClass: 11671K(11840K)->11671K(11840K) Class: 1088K(1344K)->1088K(1344K)
[2026-01-16T09:13:45.055+0000][gc          ] GC(762) Pause Young (Normal) (G1 Evacuation Pause) 337M->289M(1024M) 350.990ms
[2026-01-16T09:13:45.058+0000][gc,cpu      ] GC(762) User=0.19s Sys=0.01s Real=0.35s
[2026-01-16T09:13:51.277+0000][gc,start    ] GC(763) Pause Young (Normal) (G1 Evacuation Pause)
[2026-01-16T09:13:51.279+0000][gc,task     ] GC(763) Using 8 workers of 8 for evacuation
[2026-01-16T09:13:51.589+0000][gc,mmu      ] GC(763) MMU target violated: 201.0ms (200.0ms/201.0ms)
[2026-01-16T09:13:51.593+0000][gc,phases   ] GC(763)   Pre Evacuate Collection Set: 14.6ms
[2026-01-16T09:13:51.597+0000][gc,phases   ] GC(763)   Merge Heap Roots: 7.3ms
[2026-01-16T09:13:51.600+0000][gc,phases   ] GC(763)   Evacuate Collection Set: 222.7ms
[2026-01-16T09:13:51.601+0000][gc,phases   ] GC(763)   Post Evacuate Collection Set: 55.0ms
[2026-01-16T09:13:51.602+0000][gc,phases   ] GC(763)   Other: 14.8ms
[2026-01-16T09:13:51.603+0000][gc,heap     ] GC(763) Eden regions: 48->0(49)
[2026-01-16T09:13:51.604+0000][gc,heap     ] GC(763) Survivor regions: 3->2(7)
[2026-01-16T09:13:51.607+0000][gc,heap     ] GC(763) Old regions: 200->200
[2026-01-16T09:13:51.614+0000][gc,heap     ] GC(763) Humongous regions: 87->87
[2026-01-16T09:13:51.615+0000][gc,metaspace] GC(763) Metaspace: 12760K(13184K)->12760K(13184K) NonClass: 11671K(11840K)->11671K(11840K) Class: 1088K(1344K)->1088K(1344K)
[2026-01-16T09:13:51.616+0000][gc          ] GC(763) Pause Young (Normal) (G1 Evacuation Pause) 337M->288M(1024M) 339.306ms
[2026-01-16T09:13:51.617+0000][gc,cpu      ] GC(763) User=0.18s Sys=0.01s Real=0.34s
[2026-01-16T09:13:54.206+0000][gc,start    ] GC(764) Pause Young (Normal) (G1 Evacuation Pause)
[2026-01-16T09:13:54.209+0000][gc,task     ] GC(764) Using 8 workers of 8 for evacuation
[2026-01-16T09:13:54.506+0000][gc,mmu      ] GC(764) MMU target violated: 201.0ms (200.0ms/201.0ms)
[2026-01-16T09:13:54.510+0000][gc,phases   ] GC(764)   Pre Evacuate Collection Set: 2.8ms
[2026-01-16T09:13:54.515+0000][gc,phases   ] GC(764)   Merge Heap Roots: 0.9ms
[2026-01-16T09:13:54.519+0000][gc,phases   ] GC(764)   Evacuate Collection Set: 271.9ms
[2026-01-16T09:13:54.521+0000][gc,phases   ] GC(764)   Post Evacuate Collection Set: 21.1ms
[2026-01-16T09:13:54.522+0000][gc,phases   ] GC(764)   Other: 5.2ms
[2026-01-16T09:13:54.522+0000][gc,heap     ] GC(764) Eden regions: 49->0(48)
[2026-01-16T09:13:54.522+0000][gc,heap     ] GC(764) Survivor regions: 2->3(7)
[2026-01-16T09:13:54.522+0000][gc,heap     ] GC(764) Old regions: 200->200
[2026-01-16T09:13:54.522+0000][gc,heap     ] GC(764) Humongous regions: 87->87
[2026-01-16T09:13:54.522+0000][gc,metaspace] GC(764) Metaspace: 12760K(13184K)->12760K(13184K) NonClass: 11671K(11840K)->11671K(11840K) Class: 1088K(1344K)->1088K(1344K)
[2026-01-16T09:13:54.522+0000][gc          ] GC(764) Pause Young (Normal) (G1 Evacuation Pause) 337M->289M(1024M) 316.568ms
[2026-01-16T09:13:54.522+0000][gc,cpu      ] GC(764) User=0.16s Sys=0.03s Real=0.31s
[2026-01-16T09:13:59.734+0000][gc,start    ] GC(765) Pause Young (Normal) (G1 Evacuation Pause)
[2026-01-16T09:13:59.737+0000][gc,task     ] GC(765) Using 8 workers of 8 for evacuation
[2026-01-16T09:13:59.990+0000][gc,mmu      ] GC(765) MMU target violated: 201.0ms (200.0ms/201.0ms)
[2026-01-16T09:13:59.990+0000][gc,phases   ] GC(765)   Pre Evacuate Collection Set: 38.8ms
[2026-01-16T09:13:59.990+0000][gc,phases   ] GC(765)   Merge Heap Roots: 19.7ms
[2026-01-16T09:13:59.990+0000][gc,phases   ] GC(765)   Evacuate Collection Set: 185.1ms
[2026-01-16T09:13:59.990+0000][gc,phases   ] GC(765)   Post Evacuate Collection Set: 8.8ms
[2026-01-16T09:13:59.990+0000][gc,phases   ] GC(765)   Other: 1.2ms
[2026-01-16T09:13:59.990+0000][gc,heap     ] GC(765) Eden regions: 48->0(49)
[2026-01-16T09:13:59.990+0000][gc,heap     ] GC(765) Survivor regions: 3->2(7)
[2026-01-16T09:13:59.990+0000][gc,heap     ] GC(765) Old regions: 200->200
[2026-01-16T09:13:59.990+0000][gc,heap     ] GC(765) Humongous regions: 87->87
[2026-01-16T09:13:59.990+0000][gc,metaspace] GC(765) Metaspace: 12760K(13184K)->12760K(13184K) NonClass: 11671K(11840K)->11671K(11840K) Class: 1088K(1344K)->1088K(1344K)
[2026-01-16T09:13:59.990+0000][gc          ] GC(765) Pause Young (Normal) (G1 Evacuation Pause) 337M->288M(1024M) 256.372ms
[2026-01-16T09:13:59.991+0000][gc,cpu      ] GC(765) User=0.15s Sys=0.02s Real=0.25s
[2026-01-16T09:14:02.366+0000][gc,start    ] GC(766) Pause Young (Normal) (G1 Evacuation Pause)
[2026-01-16T09:14:02.367+0000][gc,task     ] GC(766) Using 8 workers of 8 for evacuation
[2026-01-16T09:14:02.513+0000][gc,phases   ] GC(766)   Pre Evacuate Collection Set: 22.5ms
[2026-01-16T09:14:02.513+0000][gc,phases   ] GC(766)   Merge Heap Roots: 0.5ms
[2026-01-16T09:14:02.514+0000][gc,phases   ] GC(766)   Evacuate Collection Set: 112.5ms
[2026-01-16T09:14:02.514+0000][gc,phases   ] GC(766)   Post Evacuate Collection Set: 9.4ms
[2026-01-16T09:14:02.515+0000][gc,phases   ] GC(766)   Other: 1.2ms
[2026-01-16T09:14:02.519+0000][gc,heap     ] GC(766) Eden regions: 49->0(48)
[2026-01-16T09:14:02.519+0000][gc,heap     ] GC(766) Survivor regions: 2->3(7)
[2026-01-16T09:14:02.519+0000][gc,heap     ] GC(766) Old regions: 200->200
[2026-01-16T09:14:02.519+0000][gc,heap     ] GC(766) Humongous regions: 87->87
[2026-01-16T09:14:02.520+0000][gc,metaspace] GC(766) Metaspace: 12760K(13184K)->12760K(13184K) NonClass: 11671K(11840K)->11671K(11840K) Class: 1088K(1344K)->1088K(1344K)
[2026-01-16T09:14:02.521+0000][gc          ] GC(766) Pause Young (Normal) (G1 Evacuation Pause) 337M->288M(1024M) 154.978ms
[2026-01-16T09:14:02.524+0000][gc,cpu      ] GC(766) User=0.11s Sys=0.01s Real=0.16s
[2026-01-16T09:14:07.146+0000][gc,start    ] GC(767) Pause Young (Normal) (G1 Evacuation Pause)
[2026-01-16T09:14:07.151+0000][gc,task     ] GC(767) Using 8 workers of 8 for evacuation
[2026-01-16T09:14:07.778+0000][gc,mmu      ] GC(767) MMU target violated: 201.0ms (200.0ms/201.0ms)
[2026-01-16T09:14:07.779+0000][gc,phases   ] GC(767)   Pre Evacuate Collection Set: 44.6ms
[2026-01-16T09:14:07.780+0000][gc,phases   ] GC(767)   Merge Heap Roots: 19.6ms
[2026-01-16T09:14:07.782+0000][gc,phases   ] GC(767)   Evacuate Collection Set: 529.0ms
[2026-01-16T09:14:07.783+0000][gc,phases   ] GC(767)   Post Evacuate Collection Set: 32.6ms
[2026-01-16T09:14:07.783+0000][gc,phases   ] GC(767)   Other: 5.8ms
[2026-01-16T09:14:07.784+0000][gc,heap     ] GC(767) Eden regions: 48->0(49)
[2026-01-16T09:14:07.785+0000][gc,heap     ] GC(767) Survivor regions: 3->2(7)
[2026-01-16T09:14:07.786+0000][gc,heap     ] GC(767) Old regions: 200->200
[2026-01-16T09:14:07.786+0000][gc,heap     ] GC(767) Humongous regions: 87->87
[2026-01-16T09:14:07.786+0000][gc,metaspace] GC(767) Metaspace: 12760K(13184K)->12760K(13184K) NonClass: 11671K(11840K)->11671K(11840K) Class: 1088K(1344K)->1088K(1344K)
[2026-01-16T09:14:07.788+0000][gc          ] GC(767) Pause Young (Normal) (G1 Evacuation Pause) 336M->288M(1024M) 641.784ms
[2026-01-16T09:14:07.789+0000][gc,cpu      ] GC(767) User=0.26s Sys=0.05s Real=0.64s
[2026-01-16T09:14:13.206+0000][gc,start    ] GC(768) Pause Young (Normal) (G1 Evacuation Pause)
[2026-01-16T09:14:13.210+0000][gc,task     ] GC(768) Using 8 workers of 8 for evacuation
[2026-01-16T09:14:13.438+0000][gc,mmu      ] GC(768) MMU target violated: 201.0ms (200.0ms/201.0ms)
[2026-01-16T09:14:13.440+0000][gc,phases   ] GC(768)   Pre Evacuate Collection Set: 37.8ms
[2026-01-16T09:14:13.440+0000][gc,phases   ] GC(768)   Merge Heap Roots: 0.9ms
[2026-01-16T09:14:13.441+0000][gc,phases   ] GC(768)   Evacuate Collection Set: 172.6ms
[2026-01-16T09:14:13.441+0000][gc,phases   ] GC(768)   Post Evacuate Collection Set: 10.9ms
[2026-01-16T09:14:13.458+0000][gc,phases   ] GC(768)   Other: 7.7ms
[2026-01-16T09:14:13.506+0000][gc,heap     ] GC(768) Eden regions: 49->0(49)
[2026-01-16T09:14:13.506+0000][gc,heap     ] GC(768) Survivor regions: 2->2(7)
[2026-01-16T09:14:13.508+0000][gc,heap     ] GC(768) Old regions: 200->201
[2026-01-16T09:14:13.509+0000][gc,heap     ] GC(768) Humongous regions: 87->87
[2026-01-16T09:14:13.511+0000][gc,metaspace] GC(768) Metaspace: 12760K(13184K)->12760K(13184K) NonClass: 11671K(11840K)->11671K(11840K) Class: 1088K(1344K)->1088K(1344K)
[2026-01-16T09:14:13.514+0000][gc          ] GC(768) Pause Young (Normal) (G1 Evacuation Pause) 337M->288M(1024M) 308.264ms
[2026-01-16T09:14:13.515+0000][gc,cpu      ] GC(768) User=0.16s Sys=0.02s Real=0.31s
[2026-01-16T09:14:16.153+0000][gc,start    ] GC(769) Pause Young (Normal) (G1 Evacuation Pause)
[2026-01-16T09:14:16.158+0000][gc,task     ] GC(769) Using 8 workers of 8 for evacuation
[2026-01-16T09:14:16.675+0000][gc,mmu      ] GC(769) MMU target violated: 201.0ms (200.0ms/201.0ms)
[2026-01-16T09:14:16.676+0000][gc,phases   ] GC(769)   Pre Evacuate Collection Set: 16.0ms
[2026-01-16T09:14:16.677+0000][gc,phases   ] GC(769)   Merge Heap Roots: 0.5ms
[2026-01-16T09:14:16.678+0000][gc,phases   ] GC(769)   Evacuate Collection Set: 476.7ms
[2026-01-16T09:14:16.678+0000][gc,phases   ] GC(769)   Post Evacuate Collection Set: 11.2ms
[2026-01-16T09:14:16.681+0000][gc,phases   ] GC(769)   Other: 13.6ms
[2026-01-16T09:14:16.681+0000][gc,heap     ] GC(769) Eden regions: 49->0(46)
[2026-01-16T09:14:16.685+0000][gc,heap     ] GC(769) Survivor regions: 2->5(7)
[2026-01-16T09:14:16.686+0000][gc,heap     ] GC(769) Old regions: 201->201
[2026-01-16T09:14:16.689+0000][gc,heap     ] GC(769) Humongous regions: 87->87
[2026-01-16T09:14:16.689+0000][gc,metaspace] GC(769) Metaspace: 12760K(13184K)->12760K(13184K) NonClass: 11672K(11840K)->11672K(11840K) Class: 1088K(1344K)->1088K(1344K)
[2026-01-16T09:14:16.690+0000][gc          ] GC(769) Pause Young (Normal) (G1 Evacuation Pause) 337M->291M(1024M) 537.402ms
[2026-01-16T09:14:16.691+0000][gc,cpu      ] GC(769) User=0.27s Sys=0.03s Real=0.54s
[2026-01-16T09:14:21.980+0000][gc,start    ] GC(770) Pause Young (Normal) (G1 Evacuation Pause)
[2026-01-16T09:14:21.996+0000][gc,task     ] GC(770) Using 8 workers of 8 for evacuation
[2026-01-16T09:14:22.500+0000][gc,mmu      ] GC(770) MMU target violated: 201.0ms (200.0ms/201.0ms)
[2026-01-16T09:14:22.501+0000][gc,phases   ] GC(770)   Pre Evacuate Collection Set: 32.1ms
[2026-01-16T09:14:22.501+0000][gc,phases   ] GC(770)   Merge Heap Roots: 10.2ms
[2026-01-16T09:14:22.501+0000][gc,phases   ] GC(770)   Evacuate Collection Set: 437.5ms
[2026-01-16T09:14:22.502+0000][gc,phases   ] GC(770)   Post Evacuate Collection Set: 20.4ms
[2026-01-16T09:14:22.503+0000][gc,phases   ] GC(770)   Other: 18.7ms
[2026-01-16T09:14:22.503+0000][gc,heap     ] GC(770) Eden regions: 46->0(47)
[2026-01-16T09:14:22.504+0000][gc,heap     ] GC(770) Survivor regions: 5->4(7)
[2026-01-16T09:14:22.504+0000][gc,heap     ] GC(770) Old regions: 201->202
[2026-01-16T09:14:22.505+0000][gc,heap     ] GC(770) Humongous regions: 87->87
[2026-01-16T09:14:22.505+0000][gc,metaspace] GC(770) Metaspace: 12770K(13184K)->12770K(13184K) NonClass: 11681K(11840K)->11681K(11840K) Class: 1088K(1344K)->1088K(1344K)
[2026-01-16T09:14:22.507+0000][gc          ] GC(770) Pause Young (Normal) (G1 Evacuation Pause) 337M->291M(1024M) 526.953ms
[2026-01-16T09:14:22.507+0000][gc,cpu      ] GC(770) User=0.23s Sys=0.09s Real=0.53s
[2026-01-16T09:14:24.977+0000][gc,start    ] GC(771) Pause Young (Normal) (G1 Evacuation Pause)
[2026-01-16T09:14:24.981+0000][gc,task     ] GC(771) Using 8 workers of 8 for evacuation
[2026-01-16T09:14:25.303+0000][gc,mmu      ] GC(771) MMU target violated: 201.0ms (200.0ms/201.0ms)
[2026-01-16T09:14:25.306+0000][gc,phases   ] GC(771)   Pre Evacuate Collection Set: 27.8ms
[2026-01-16T09:14:25.307+0000][gc,phases   ] GC(771)   Merge Heap Roots: 11.3ms
[2026-01-16T09:14:25.307+0000][gc,phases   ] GC(771)   Evacuate Collection Set: 262.7ms
[2026-01-16T09:14:25.307+0000][gc,phases   ] GC(771)   Post Evacuate Collection Set: 19.4ms
[2026-01-16T09:14:25.308+0000][gc,phases   ] GC(771)   Other: 6.1ms
[2026-01-16T09:14:25.308+0000][gc,heap     ] GC(771) Eden regions: 47->0(47)
[2026-01-16T09:14:25.309+0000][gc,heap     ] GC(771) Survivor regions: 4->4(7)
[2026-01-16T09:14:25.309+0000][gc,heap     ] GC(771) Old regions: 202->202
[2026-01-16T09:14:25.309+0000][gc,heap     ] GC(771) Humongous regions: 87->87
[2026-01-16T09:14:25.311+0000][gc,metaspace] GC(771) Metaspace: 12770K(13184K)->12770K(13184K) NonClass: 11681K(11840K)->11681K(11840K) Class: 1088K(1344K)->1088K(1344K)
[2026-01-16T09:14:25.312+0000][gc          ] GC(771) Pause Young (Normal) (G1 Evacuation Pause) 338M->291M(1024M) 334.707ms
[2026-01-16T09:14:25.312+0000][gc,cpu      ] GC(771) User=0.12s Sys=0.01s Real=0.33s
[2026-01-16T09:14:29.205+0000][gc,start    ] GC(772) Pause Young (Normal) (G1 Evacuation Pause)
[2026-01-16T09:14:29.210+0000][gc,task     ] GC(772) Using 8 workers of 8 for evacuation
[2026-01-16T09:14:29.555+0000][gc,mmu      ] GC(772) MMU target violated: 201.0ms (200.0ms/201.0ms)
[2026-01-16T09:14:29.557+0000][gc,phases   ] GC(772)   Pre Evacuate Collection Set: 24.8ms
[2026-01-16T09:14:29.566+0000][gc,phases   ] GC(772)   Merge Heap Roots: 7.5ms
[2026-01-16T09:14:29.567+0000][gc,phases   ] GC(772)   Evacuate Collection Set: 285.6ms
[2026-01-16T09:14:29.568+0000][gc,phases   ] GC(772)   Post Evacuate Collection Set: 22.0ms
[2026-01-16T09:14:29.571+0000][gc,phases   ] GC(772)   Other: 7.5ms
[2026-01-16T09:14:29.576+0000][gc,heap     ] GC(772) Eden regions: 47->0(47)
[2026-01-16T09:14:29.579+0000][gc,heap     ] GC(772) Survivor regions: 4->4(7)
[2026-01-16T09:14:29.579+0000][gc,heap     ] GC(772) Old regions: 202->202
[2026-01-16T09:14:29.579+0000][gc,heap     ] GC(772) Humongous regions: 96->96
[2026-01-16T09:14:29.580+0000][gc,metaspace] GC(772) Metaspace: 12871K(13312K)->12871K(13312K) NonClass: 11763K(11968K)->11763K(11968K) Class: 1107K(1344K)->1107K(1344K)
[2026-01-16T09:14:29.581+0000][gc          ] GC(772) Pause Young (Normal) (G1 Evacuation Pause) 347M->300M(1024M) 375.780ms
[2026-01-16T09:14:29.582+0000][gc,cpu      ] GC(772) User=0.25s Sys=0.01s Real=0.37s
[2026-01-16T09:14:36.401+0000][gc,start    ] GC(773) Pause Young (Normal) (G1 Evacuation Pause)
[2026-01-16T09:14:36.414+0000][gc,task     ] GC(773) Using 8 workers of 8 for evacuation
[2026-01-16T09:14:36.868+0000][gc,mmu      ] GC(773) MMU target violated: 201.0ms (200.0ms/201.0ms)
[2026-01-16T09:14:36.870+0000][gc,phases   ] GC(773)   Pre Evacuate Collection Set: 60.9ms
[2026-01-16T09:14:36.870+0000][gc,phases   ] GC(773)   Merge Heap Roots: 11.7ms
[2026-01-16T09:14:36.871+0000][gc,phases   ] GC(773)   Evacuate Collection Set: 350.0ms
[2026-01-16T09:14:36.871+0000][gc,phases   ] GC(773)   Post Evacuate Collection Set: 28.5ms
[2026-01-16T09:14:36.872+0000][gc,phases   ] GC(773)   Other: 10.2ms
[2026-01-16T09:14:36.872+0000][gc,heap     ] GC(773) Eden regions: 47->0(47)
[2026-01-16T09:14:36.872+0000][gc,heap     ] GC(773) Survivor regions: 4->4(7)
[2026-01-16T09:14:36.873+0000][gc,heap     ] GC(773) Old regions: 202->202
[2026-01-16T09:14:36.873+0000][gc,heap     ] GC(773) Humongous regions: 96->96
[2026-01-16T09:14:36.873+0000][gc,metaspace] GC(773) Metaspace: 12871K(13312K)->12871K(13312K) NonClass: 11763K(11968K)->11763K(11968K) Class: 1107K(1344K)->1107K(1344K)
[2026-01-16T09:14:36.874+0000][gc          ] GC(773) Pause Young (Normal) (G1 Evacuation Pause) 347M->300M(1024M) 476.052ms
[2026-01-16T09:14:36.875+0000][gc,cpu      ] GC(773) User=0.35s Sys=0.02s Real=0.48s
[2026-01-16T09:14:40.306+0000][gc,start    ] GC(774) Pause Young (Normal) (G1 Evacuation Pause)
[2026-01-16T09:14:40.307+0000][gc,task     ] GC(774) Using 8 workers of 8 for evacuation
[2026-01-16T09:14:40.809+0000][gc,mmu      ] GC(774) MMU target violated: 201.0ms (200.0ms/201.0ms)
[2026-01-16T09:14:40.810+0000][gc,phases   ] GC(774)   Pre Evacuate Collection Set: 21.4ms
[2026-01-16T09:14:40.810+0000][gc,phases   ] GC(774)   Merge Heap Roots: 4.3ms
[2026-01-16T09:14:40.810+0000][gc,phases   ] GC(774)   Evacuate Collection Set: 455.9ms
[2026-01-16T09:14:40.810+0000][gc,phases   ] GC(774)   Post Evacuate Collection Set: 20.3ms
[2026-01-16T09:14:40.820+0000][gc,phases   ] GC(774)   Other: 1.0ms
[2026-01-16T09:14:40.821+0000][gc,heap     ] GC(774) Eden regions: 47->0(46)
[2026-01-16T09:14:40.821+0000][gc,heap     ] GC(774) Survivor regions: 4->5(7)
[2026-01-16T09:14:40.821+0000][gc,heap     ] GC(774) Old regions: 202->202
[2026-01-16T09:14:40.828+0000][gc,heap     ] GC(774) Humongous regions: 96->96
[2026-01-16T09:14:40.831+0000][gc,metaspace] GC(774) Metaspace: 12875K(13312K)->12875K(13312K) NonClass: 11767K(11968K)->11767K(11968K) Class: 1107K(1344K)->1107K(1344K)
[2026-01-16T09:14:40.835+0000][gc          ] GC(774) Pause Young (Normal) (G1 Evacuation Pause) 347M->301M(1024M) 529.231ms
[2026-01-16T09:14:40.837+0000][gc,cpu      ] GC(774) User=0.35s Sys=0.02s Real=0.53s
[2026-01-16T09:14:44.000+0000][gc,start    ] GC(775) Pause Young (Normal) (G1 Evacuation Pause)
[2026-01-16T09:14:44.004+0000][gc,task     ] GC(775) Using 8 workers of 8 for evacuation
[2026-01-16T09:14:44.530+0000][gc,mmu      ] GC(775) MMU target violated: 201.0ms (200.0ms/201.0ms)
[2026-01-16T09:14:44.532+0000][gc,phases   ] GC(775)   Pre Evacuate Collection Set: 24.9ms
[2026-01-16T09:14:44.537+0000][gc,phases   ] GC(775)   Merge Heap Roots: 23.9ms
[2026-01-16T09:14:44.539+0000][gc,phases   ] GC(775)   Evacuate Collection Set: 427.7ms
[2026-01-16T09:14:44.539+0000][gc,phases   ] GC(775)   Post Evacuate Collection Set: 45.1ms
[2026-01-16T09:14:44.539+0000][gc,phases   ] GC(775)   Other: 6.1ms
[2026-01-16T09:14:44.539+0000][gc,heap     ] GC(775) Eden regions: 46->0(49)
[2026-01-16T09:14:44.539+0000][gc,heap     ] GC(775) Survivor regions: 5->2(7)
[2026-01-16T09:14:44.539+0000][gc,heap     ] GC(775) Old regions: 202->204
[2026-01-16T09:14:44.540+0000][gc,heap     ] GC(775) Humongous regions: 96->96
[2026-01-16T09:14:44.540+0000][gc,metaspace] GC(775) Metaspace: 12877K(13312K)->12877K(13312K) NonClass: 11770K(11968K)->11770K(11968K) Class: 1107K(1344K)->1107K(1344K)
[2026-01-16T09:14:44.542+0000][gc          ] GC(775) Pause Young (Normal) (G1 Evacuation Pause) 347M->300M(1024M) 541.851ms
[2026-01-16T09:14:44.542+0000][gc,cpu      ] GC(775) User=0.29s Sys=0.03s Real=0.54s
[2026-01-16T09:14:48.490+0000][gc,start    ] GC(776) Pause Young (Normal) (G1 Evacuation Pause)
[2026-01-16T09:14:48.499+0000][gc,task     ] GC(776) Using 8 workers of 8 for evacuation
[2026-01-16T09:14:48.846+0000][gc,mmu      ] GC(776) MMU target violated: 201.0ms (200.0ms/201.0ms)
[2026-01-16T09:14:48.851+0000][gc,phases   ] GC(776)   Pre Evacuate Collection Set: 8.0ms
[2026-01-16T09:14:48.852+0000][gc,phases   ] GC(776)   Merge Heap Roots: 3.0ms
[2026-01-16T09:14:48.854+0000][gc,phases   ] GC(776)   Evacuate Collection Set: 309.1ms
[2026-01-16T09:14:48.854+0000][gc,phases   ] GC(776)   Post Evacuate Collection Set: 23.6ms
[2026-01-16T09:14:48.855+0000][gc,phases   ] GC(776)   Other: 8.1ms
[2026-01-16T09:14:48.859+0000][gc,heap     ] GC(776) Eden regions: 49->0(49)
[2026-01-16T09:14:48.862+0000][gc,heap     ] GC(776) Survivor regions: 2->2(7)
[2026-01-16T09:14:48.863+0000][gc,heap     ] GC(776) Old regions: 204->204
[2026-01-16T09:14:48.872+0000][gc,heap     ] GC(776) Humongous regions: 96->96
[2026-01-16T09:14:48.873+0000][gc,metaspace] GC(776) Metaspace: 12878K(13312K)->12878K(13312K) NonClass: 11771K(11968K)->11771K(11968K) Class: 1107K(1344K)->1107K(1344K)
[2026-01-16T09:14:48.874+0000][gc          ] GC(776) Pause Young (Normal) (G1 Evacuation Pause) 349M->300M(1024M) 384.751ms
[2026-01-16T09:14:48.875+0000][gc,cpu      ] GC(776) User=0.22s Sys=0.02s Real=0.39s
[2026-01-16T09:14:52.760+0000][gc,start    ] GC(777) Pause Young (Normal) (G1 Evacuation Pause)
[2026-01-16T09:14:52.780+0000][gc,task     ] GC(777) Using 8 workers of 8 for evacuation
[2026-01-16T09:14:53.081+0000][gc,mmu      ] GC(777) MMU target violated: 201.0ms (200.0ms/201.0ms)
[2026-01-16T09:14:53.082+0000][gc,phases   ] GC(777)   Pre Evacuate Collection Set: 16.2ms
[2026-01-16T09:14:53.083+0000][gc,phases   ] GC(777)   Merge Heap Roots: 5.7ms
[2026-01-16T09:14:53.083+0000][gc,phases   ] GC(777)   Evacuate Collection Set: 241.5ms
[2026-01-16T09:14:53.084+0000][gc,phases   ] GC(777)   Post Evacuate Collection Set: 25.9ms
[2026-01-16T09:14:53.084+0000][gc,phases   ] GC(777)   Other: 30.4ms
[2026-01-16T09:14:53.085+0000][gc,heap     ] GC(777) Eden regions: 49->0(48)
[2026-01-16T09:14:53.085+0000][gc,heap     ] GC(777) Survivor regions: 2->3(7)
[2026-01-16T09:14:53.086+0000][gc,heap     ] GC(777) Old regions: 204->204
[2026-01-16T09:14:53.087+0000][gc,heap     ] GC(777) Humongous regions: 96->96
[2026-01-16T09:14:53.087+0000][gc,metaspace] GC(777) Metaspace: 12878K(13312K)->12878K(13312K) NonClass: 11771K(11968K)->11771K(11968K) Class: 1107K(1344K)->1107K(1344K)
[2026-01-16T09:14:53.091+0000][gc          ] GC(777) Pause Young (Normal) (G1 Evacuation Pause) 349M->301M(1024M) 331.111ms
[2026-01-16T09:14:53.093+0000][gc,cpu      ] GC(777) User=0.20s Sys=0.01s Real=0.34s
[2026-01-16T09:14:55.384+0000][gc,start    ] GC(778) Pause Young (Normal) (G1 Evacuation Pause)
[2026-01-16T09:14:55.386+0000][gc,task     ] GC(778) Using 8 workers of 8 for evacuation
[2026-01-16T09:14:55.636+0000][gc,mmu      ] GC(778) MMU target violated: 201.0ms (200.0ms/201.0ms)
[2026-01-16T09:14:55.636+0000][gc,phases   ] GC(778)   Pre Evacuate Collection Set: 7.1ms
[2026-01-16T09:14:55.637+0000][gc,phases   ] GC(778)   Merge Heap Roots: 6.4ms
[2026-01-16T09:14:55.637+0000][gc,phases   ] GC(778)   Evacuate Collection Set: 203.5ms
[2026-01-16T09:14:55.637+0000][gc,phases   ] GC(778)   Post Evacuate Collection Set: 25.8ms
[2026-01-16T09:14:55.638+0000][gc,phases   ] GC(778)   Other: 7.5ms
[2026-01-16T09:14:55.638+0000][gc,heap     ] GC(778) Eden regions: 48->0(49)
[2026-01-16T09:14:55.639+0000][gc,heap     ] GC(778) Survivor regions: 3->2(7)
[2026-01-16T09:14:55.640+0000][gc,heap     ] GC(778) Old regions: 204->204
[2026-01-16T09:14:55.640+0000][gc,heap     ] GC(778) Humongous regions: 96->96
[2026-01-16T09:14:55.640+0000][gc,metaspace] GC(778) Metaspace: 12878K(13312K)->12878K(13312K) NonClass: 11771K(11968K)->11771K(11968K) Class: 1107K(1344K)->1107K(1344K)
[2026-01-16T09:14:55.640+0000][gc          ] GC(778) Pause Young (Normal) (G1 Evacuation Pause) 349M->300M(1024M) 256.584ms
[2026-01-16T09:14:55.641+0000][gc,cpu      ] GC(778) User=0.11s Sys=0.00s Real=0.26s
[2026-01-16T09:14:57.230+0000][gc,start    ] GC(779) Pause Young (Normal) (G1 Evacuation Pause)
[2026-01-16T09:14:57.233+0000][gc,task     ] GC(779) Using 8 workers of 8 for evacuation
[2026-01-16T09:14:57.451+0000][gc,mmu      ] GC(779) MMU target violated: 201.0ms (200.0ms/201.0ms)
[2026-01-16T09:14:57.451+0000][gc,phases   ] GC(779)   Pre Evacuate Collection Set: 23.9ms
[2026-01-16T09:14:57.451+0000][gc,phases   ] GC(779)   Merge Heap Roots: 5.7ms
[2026-01-16T09:14:57.452+0000][gc,phases   ] GC(779)   Evacuate Collection Set: 171.0ms
[2026-01-16T09:14:57.452+0000][gc,phases   ] GC(779)   Post Evacuate Collection Set: 16.4ms
[2026-01-16T09:14:57.452+0000][gc,phases   ] GC(779)   Other: 1.6ms
[2026-01-16T09:14:57.452+0000][gc,heap     ] GC(779) Eden regions: 49->0(48)
[2026-01-16T09:14:57.452+0000][gc,heap     ] GC(779) Survivor regions: 2->3(7)
[2026-01-16T09:14:57.452+0000][gc,heap     ] GC(779) Old regions: 204->204
[2026-01-16T09:14:57.453+0000][gc,heap     ] GC(779) Humongous regions: 96->96
[2026-01-16T09:14:57.453+0000][gc,metaspace] GC(779) Metaspace: 12878K(13312K)->12878K(13312K) NonClass: 11771K(11968K)->11771K(11968K) Class: 1107K(1344K)->1107K(1344K)
[2026-01-16T09:14:57.453+0000][gc          ] GC(779) Pause Young (Normal) (G1 Evacuation Pause) 349M->301M(1024M) 222.830ms
[2026-01-16T09:14:57.457+0000][gc,cpu      ] GC(779) User=0.08s Sys=0.00s Real=0.23s
[2026-01-16T09:15:00.122+0000][gc,start    ] GC(780) Pause Young (Normal) (G1 Evacuation Pause)
[2026-01-16T09:15:00.127+0000][gc,task     ] GC(780) Using 8 workers of 8 for evacuation
[2026-01-16T09:15:00.212+0000][gc,phases   ] GC(780)   Pre Evacuate Collection Set: 8.2ms
[2026-01-16T09:15:00.213+0000][gc,phases   ] GC(780)   Merge Heap Roots: 0.6ms
[2026-01-16T09:15:00.217+0000][gc,phases   ] GC(780)   Evacuate Collection Set: 67.2ms
[2026-01-16T09:15:00.220+0000][gc,phases   ] GC(780)   Post Evacuate Collection Set: 7.8ms
[2026-01-16T09:15:00.220+0000][gc,phases   ] GC(780)   Other: 0.9ms
[2026-01-16T09:15:00.220+0000][gc,heap     ] GC(780) Eden regions: 48->0(49)
[2026-01-16T09:15:00.222+0000][gc,heap     ] GC(780) Survivor regions: 3->2(7)
[2026-01-16T09:15:00.224+0000][gc,heap     ] GC(780) Old regions: 204->204
[2026-01-16T09:15:00.230+0000][gc,heap     ] GC(780) Humongous regions: 96->96
[2026-01-16T09:15:00.231+0000][gc,metaspace] GC(780) Metaspace: 12879K(13312K)->12879K(13312K) NonClass: 11771K(11968K)->11771K(11968K) Class: 1107K(1344K)->1107K(1344K)
[2026-01-16T09:15:00.234+0000][gc          ] GC(780) Pause Young (Normal) (G1 Evacuation Pause) 349M->300M(1024M) 116.367ms
[2026-01-16T09:15:00.239+0000][gc,cpu      ] GC(780) User=0.08s Sys=0.01s Real=0.12s
[2026-01-16T09:15:04.750+0000][gc,start    ] GC(781) Pause Young (Normal) (G1 Evacuation Pause)
[2026-01-16T09:15:04.755+0000][gc,task     ] GC(781) Using 8 workers of 8 for evacuation
[2026-01-16T09:15:04.983+0000][gc,mmu      ] GC(781) MMU target violated: 201.0ms (200.0ms/201.0ms)
[2026-01-16T09:15:04.985+0000][gc,phases   ] GC(781)   Pre Evacuate Collection Set: 15.5ms
[2026-01-16T09:15:04.986+0000][gc,phases   ] GC(781)   Merge Heap Roots: 5.0ms
[2026-01-16T09:15:04.988+0000][gc,phases   ] GC(781)   Evacuate Collection Set: 158.3ms
[2026-01-16T09:15:04.989+0000][gc,phases   ] GC(781)   Post Evacuate Collection Set: 48.4ms
[2026-01-16T09:15:04.991+0000][gc,phases   ] GC(781)   Other: 3.5ms
[2026-01-16T09:15:04.991+0000][gc,heap     ] GC(781) Eden regions: 49->0(48)
[2026-01-16T09:15:04.993+0000][gc,heap     ] GC(781) Survivor regions: 2->3(7)
[2026-01-16T09:15:04.994+0000][gc,heap     ] GC(781) Old regions: 204->204
[2026-01-16T09:15:04.996+0000][gc,heap     ] GC(781) Humongous regions: 96->96
[2026-01-16T09:15:05.003+0000][gc,metaspace] GC(781) Metaspace: 12879K(13312K)->12879K(13312K) NonClass: 11771K(11968K)->11771K(11968K) Class: 1107K(1344K)->1107K(1344K)
[2026-01-16T09:15:05.006+0000][gc          ] GC(781) Pause Young (Normal) (G1 Evacuation Pause) 349M->301M(1024M) 255.771ms
[2026-01-16T09:15:05.007+0000][gc,cpu      ] GC(781) User=0.27s Sys=0.02s Real=0.26s
[2026-01-16T09:15:11.944+0000][gc,start    ] GC(782) Pause Young (Normal) (G1 Evacuation Pause)
[2026-01-16T09:15:11.954+0000][gc,task     ] GC(782) Using 8 workers of 8 for evacuation
[2026-01-16T09:15:12.346+0000][gc,mmu      ] GC(782) MMU target violated: 201.0ms (200.0ms/201.0ms)
[2026-01-16T09:15:12.347+0000][gc,phases   ] GC(782)   Pre Evacuate Collection Set: 60.0ms
[2026-01-16T09:15:12.348+0000][gc,phases   ] GC(782)   Merge Heap Roots: 19.0ms
[2026-01-16T09:15:12.348+0000][gc,phases   ] GC(782)   Evacuate Collection Set: 305.1ms
[2026-01-16T09:15:12.349+0000][gc,phases   ] GC(782)   Post Evacuate Collection Set: 7.4ms
[2026-01-16T09:15:12.350+0000][gc,phases   ] GC(782)   Other: 2.3ms
[2026-01-16T09:15:12.351+0000][gc,heap     ] GC(782) Eden regions: 48->0(49)
[2026-01-16T09:15:12.351+0000][gc,heap     ] GC(782) Survivor regions: 3->2(7)
[2026-01-16T09:15:12.351+0000][gc,heap     ] GC(782) Old regions: 204->204
[2026-01-16T09:15:12.352+0000][gc,heap     ] GC(782) Humongous regions: 96->96
[2026-01-16T09:15:12.353+0000][gc,metaspace] GC(782) Metaspace: 12893K(13312K)->12893K(13312K) NonClass: 11779K(11968K)->11779K(11968K) Class: 1113K(1344K)->1113K(1344K)
[2026-01-16T09:15:12.354+0000][gc          ] GC(782) Pause Young (Normal) (G1 Evacuation Pause) 349M->300M(1024M) 410.628ms
[2026-01-16T09:15:12.357+0000][gc,cpu      ] GC(782) User=0.27s Sys=0.03s Real=0.41s
[2026-01-16T09:15:16.376+0000][gc,start    ] GC(783) Pause Young (Normal) (G1 Evacuation Pause)
[2026-01-16T09:15:16.377+0000][gc,task     ] GC(783) Using 8 workers of 8 for evacuation
[2026-01-16T09:15:16.755+0000][gc,mmu      ] GC(783) MMU target violated: 201.0ms (200.0ms/201.0ms)
[2026-01-16T09:15:16.759+0000][gc,phases   ] GC(783)   Pre Evacuate Collection Set: 24.1ms
[2026-01-16T09:15:16.762+0000][gc,phases   ] GC(783)   Merge Heap Roots: 7.8ms
[2026-01-16T09:15:16.763+0000][gc,phases   ] GC(783)   Evacuate Collection Set: 310.4ms
[2026-01-16T09:15:16.763+0000][gc,phases   ] GC(783)   Post Evacuate Collection Set: 34.5ms
[2026-01-16T09:15:16.764+0000][gc,phases   ] GC(783)   Other: 4.6ms
[2026-01-16T09:15:16.768+0000][gc,heap     ] GC(783) Eden regions: 49->0(48)
[2026-01-16T09:15:16.768+0000][gc,heap     ] GC(783) Survivor regions: 2->3(7)
[2026-01-16T09:15:16.768+0000][gc,heap     ] GC(783) Old regions: 204->204
[2026-01-16T09:15:16.768+0000][gc,heap     ] GC(783) Humongous regions: 96->96
[2026-01-16T09:15:16.769+0000][gc,metaspace] GC(783) Metaspace: 12893K(13312K)->12893K(13312K) NonClass: 11779K(11968K)->11779K(11968K) Class: 1113K(1344K)->1113K(1344K)
[2026-01-16T09:15:16.774+0000][gc          ] GC(783) Pause Young (Normal) (G1 Evacuation Pause) 349M->301M(1024M) 397.636ms
[2026-01-16T09:15:16.782+0000][gc,cpu      ] GC(783) User=0.21s Sys=0.01s Real=0.41s
[2026-01-16T09:15:19.326+0000][gc,start    ] GC(784) Pause Young (Normal) (G1 Evacuation Pause)
[2026-01-16T09:15:19.328+0000][gc,task     ] GC(784) Using 8 workers of 8 for evacuation
[2026-01-16T09:15:19.419+0000][gc,phases   ] GC(784)   Pre Evacuate Collection Set: 11.8ms
[2026-01-16T09:15:19.420+0000][gc,phases   ] GC(784)   Merge Heap Roots: 0.6ms
[2026-01-16T09:15:19.420+0000][gc,phases   ] GC(784)   Evacuate Collection Set: 72.7ms
[2026-01-16T09:15:19.420+0000][gc,phases   ] GC(784)   Post Evacuate Collection Set: 4.6ms
[2026-01-16T09:15:19.421+0000][gc,phases   ] GC(784)   Other: 1.0ms
[2026-01-16T09:15:19.423+0000][gc,heap     ] GC(784) Eden regions: 48->0(49)
[2026-01-16T09:15:19.424+0000][gc,heap     ] GC(784) Survivor regions: 3->2(7)
[2026-01-16T09:15:19.424+0000][gc,heap     ] GC(784) Old regions: 204->204
[2026-01-16T09:15:19.424+0000][gc,heap     ] GC(784) Humongous regions: 96->96
[2026-01-16T09:15:19.424+0000][gc,metaspace] GC(784) Metaspace: 12893K(13312K)->12893K(13312K) NonClass: 11779K(11968K)->11779K(11968K) Class: 1113K(1344K)->1113K(1344K)
[2026-01-16T09:15:19.425+0000][gc          ] GC(784) Pause Young (Normal) (G1 Evacuation Pause) 349M->300M(1024M) 99.130ms
[2026-01-16T09:15:19.425+0000][gc,cpu      ] GC(784) User=0.09s Sys=0.01s Real=0.10s
[2026-01-16T09:15:21.374+0000][gc,start    ] GC(785) Pause Young (Normal) (G1 Evacuation Pause)
[2026-01-16T09:15:21.378+0000][gc,task     ] GC(785) Using 8 workers of 8 for evacuation
[2026-01-16T09:15:21.459+0000][gc,phases   ] GC(785)   Pre Evacuate Collection Set: 8.8ms
[2026-01-16T09:15:21.459+0000][gc,phases   ] GC(785)   Merge Heap Roots: 4.3ms
[2026-01-16T09:15:21.459+0000][gc,phases   ] GC(785)   Evacuate Collection Set: 65.0ms
[2026-01-16T09:15:21.459+0000][gc,phases   ] GC(785)   Post Evacuate Collection Set: 2.5ms
[2026-01-16T09:15:21.460+0000][gc,phases   ] GC(785)   Other: 2.0ms
[2026-01-16T09:15:21.460+0000][gc,heap     ] GC(785) Eden regions: 49->0(49)
[2026-01-16T09:15:21.461+0000][gc,heap     ] GC(785) Survivor regions: 2->2(7)
[2026-01-16T09:15:21.461+0000][gc,heap     ] GC(785) Old regions: 204->204
[2026-01-16T09:15:21.461+0000][gc,heap     ] GC(785) Humongous regions: 96->96
[2026-01-16T09:15:21.462+0000][gc,metaspace] GC(785) Metaspace: 12893K(13312K)->12893K(13312K) NonClass: 11779K(11968K)->11779K(11968K) Class: 1113K(1344K)->1113K(1344K)
[2026-01-16T09:15:21.464+0000][gc          ] GC(785) Pause Young (Normal) (G1 Evacuation Pause) 349M->301M(1024M) 89.391ms
[2026-01-16T09:15:21.464+0000][gc,cpu      ] GC(785) User=0.07s Sys=0.00s Real=0.09s
[2026-01-16T09:15:29.889+0000][gc,start    ] GC(786) Pause Young (Normal) (G1 Evacuation Pause)
[2026-01-16T09:15:29.894+0000][gc,task     ] GC(786) Using 8 workers of 8 for evacuation
[2026-01-16T09:15:30.266+0000][gc,mmu      ] GC(786) MMU target violated: 201.0ms (200.0ms/201.0ms)
[2026-01-16T09:15:30.275+0000][gc,phases   ] GC(786)   Pre Evacuate Collection Set: 36.6ms
[2026-01-16T09:15:30.278+0000][gc,phases   ] GC(786)   Merge Heap Roots: 9.0ms
[2026-01-16T09:15:30.279+0000][gc,phases   ] GC(786)   Evacuate Collection Set: 312.9ms
[2026-01-16T09:15:30.279+0000][gc,phases   ] GC(786)   Post Evacuate Collection Set: 10.0ms
[2026-01-16T09:15:30.280+0000][gc,phases   ] GC(786)   Other: 13.4ms
[2026-01-16T09:15:30.280+0000][gc,heap     ] GC(786) Eden regions: 64->0(49)
[2026-01-16T09:15:30.281+0000][gc,heap     ] GC(786) Survivor regions: 2->2(9)
[2026-01-16T09:15:30.283+0000][gc,heap     ] GC(786) Old regions: 204->204
[2026-01-16T09:15:30.284+0000][gc,heap     ] GC(786) Humongous regions: 96->96
[2026-01-16T09:15:30.285+0000][gc,metaspace] GC(786) Metaspace: 12893K(13312K)->12893K(13312K) NonClass: 11779K(11968K)->11779K(11968K) Class: 1113K(1344K)->1113K(1344K)
[2026-01-16T09:15:30.286+0000][gc          ] GC(786) Pause Young (Normal) (G1 Evacuation Pause) 365M->300M(1024M) 397.266ms
[2026-01-16T09:15:30.288+0000][gc,cpu      ] GC(786) User=0.22s Sys=0.01s Real=0.40s
[2026-01-16T09:15:34.207+0000][gc,start    ] GC(787) Pause Young (Normal) (G1 Evacuation Pause)
[2026-01-16T09:15:34.214+0000][gc,task     ] GC(787) Using 8 workers of 8 for evacuation
[2026-01-16T09:15:34.504+0000][gc,mmu      ] GC(787) MMU target violated: 201.0ms (200.0ms/201.0ms)
[2026-01-16T09:15:34.504+0000][gc,phases   ] GC(787)   Pre Evacuate Collection Set: 41.5ms
[2026-01-16T09:15:34.504+0000][gc,phases   ] GC(787)   Merge Heap Roots: 5.0ms
[2026-01-16T09:15:34.505+0000][gc,phases   ] GC(787)   Evacuate Collection Set: 221.5ms
[2026-01-16T09:15:34.505+0000][gc,phases   ] GC(787)   Post Evacuate Collection Set: 19.4ms
[2026-01-16T09:15:34.506+0000][gc,phases   ] GC(787)   Other: 3.0ms
[2026-01-16T09:15:34.509+0000][gc,heap     ] GC(787) Eden regions: 49->0(49)
[2026-01-16T09:15:34.510+0000][gc,heap     ] GC(787) Survivor regions: 2->2(7)
[2026-01-16T09:15:34.511+0000][gc,heap     ] GC(787) Old regions: 204->204
[2026-01-16T09:15:34.512+0000][gc,heap     ] GC(787) Humongous regions: 96->96
[2026-01-16T09:15:34.512+0000][gc,metaspace] GC(787) Metaspace: 12894K(13312K)->12894K(13312K) NonClass: 11780K(11968K)->11780K(11968K) Class: 1113K(1344K)->1113K(1344K)
[2026-01-16T09:15:34.513+0000][gc          ] GC(787) Pause Young (Normal) (G1 Evacuation Pause) 349M->301M(1024M) 305.894ms
[2026-01-16T09:15:34.513+0000][gc,cpu      ] GC(787) User=0.18s Sys=0.02s Real=0.31s
[2026-01-16T09:15:38.470+0000][gc,start    ] GC(788) Pause Young (Normal) (G1 Evacuation Pause)
[2026-01-16T09:15:38.475+0000][gc,task     ] GC(788) Using 8 workers of 8 for evacuation
[2026-01-16T09:15:38.952+0000][gc,mmu      ] GC(788) MMU target violated: 201.0ms (200.0ms/201.0ms)
[2026-01-16T09:15:38.955+0000][gc,phases   ] GC(788)   Pre Evacuate Collection Set: 33.5ms
[2026-01-16T09:15:38.959+0000][gc,phases   ] GC(788)   Merge Heap Roots: 21.8ms
[2026-01-16T09:15:38.961+0000][gc,phases   ] GC(788)   Evacuate Collection Set: 385.3ms
[2026-01-16T09:15:38.962+0000][gc,phases   ] GC(788)   Post Evacuate Collection Set: 31.3ms
[2026-01-16T09:15:38.962+0000][gc,phases   ] GC(788)   Other: 8.3ms
[2026-01-16T09:15:38.962+0000][gc,heap     ] GC(788) Eden regions: 49->0(48)
[2026-01-16T09:15:38.964+0000][gc,heap     ] GC(788) Survivor regions: 2->3(7)
[2026-01-16T09:15:38.965+0000][gc,heap     ] GC(788) Old regions: 204->204
[2026-01-16T09:15:38.966+0000][gc,heap     ] GC(788) Humongous regions: 96->96
[2026-01-16T09:15:38.968+0000][gc,metaspace] GC(788) Metaspace: 12894K(13312K)->12894K(13312K) NonClass: 11780K(11968K)->11780K(11968K) Class: 1113K(1344K)->1113K(1344K)
[2026-01-16T09:15:38.969+0000][gc          ] GC(788) Pause Young (Normal) (G1 Evacuation Pause) 350M->302M(1024M) 500.935ms
[2026-01-16T09:15:38.978+0000][gc,cpu      ] GC(788) User=0.29s Sys=0.05s Real=0.51s
[2026-01-16T09:15:43.000+0000][gc,start    ] GC(789) Pause Young (Normal) (G1 Evacuation Pause)
[2026-01-16T09:15:43.004+0000][gc,task     ] GC(789) Using 8 workers of 8 for evacuation
[2026-01-16T09:15:43.209+0000][gc,mmu      ] GC(789) MMU target violated: 201.0ms (200.0ms/201.0ms)
[2026-01-16T09:15:43.210+0000][gc,phases   ] GC(789)   Pre Evacuate Collection Set: 36.0ms
[2026-01-16T09:15:43.211+0000][gc,phases   ] GC(789)   Merge Heap Roots: 6.1ms
[2026-01-16T09:15:43.212+0000][gc,phases   ] GC(789)   Evacuate Collection Set: 157.0ms
[2026-01-16T09:15:43.212+0000][gc,phases   ] GC(789)   Post Evacuate Collection Set: 5.0ms
[2026-01-16T09:15:43.214+0000][gc,phases   ] GC(789)   Other: 1.8ms
[2026-01-16T09:15:43.214+0000][gc,heap     ] GC(789) Eden regions: 48->0(49)
[2026-01-16T09:15:43.215+0000][gc,heap     ] GC(789) Survivor regions: 3->2(7)
[2026-01-16T09:15:43.215+0000][gc,heap     ] GC(789) Old regions: 204->204
[2026-01-16T09:15:43.215+0000][gc,heap     ] GC(789) Humongous regions: 96->96
[2026-01-16T09:15:43.215+0000][gc,metaspace] GC(789) Metaspace: 12894K(13312K)->12894K(13312K) NonClass: 11780K(11968K)->11780K(11968K) Class: 1113K(1344K)->1113K(1344K)
[2026-01-16T09:15:43.217+0000][gc          ] GC(789) Pause Young (Normal) (G1 Evacuation Pause) 350M->301M(1024M) 216.522ms
[2026-01-16T09:15:43.217+0000][gc,cpu      ] GC(789) User=0.11s Sys=0.01s Real=0.22s
[2026-01-16T09:15:46.112+0000][gc,start    ] GC(790) Pause Young (Normal) (G1 Evacuation Pause)
[2026-01-16T09:15:46.116+0000][gc,task     ] GC(790) Using 8 workers of 8 for evacuation
[2026-01-16T09:15:46.831+0000][gc,mmu      ] GC(790) MMU target violated: 201.0ms (200.0ms/201.0ms)
[2026-01-16T09:15:46.858+0000][gc,phases   ] GC(790)   Pre Evacuate Collection Set: 13.6ms
[2026-01-16T09:15:46.861+0000][gc,phases   ] GC(790)   Merge Heap Roots: 5.4ms
[2026-01-16T09:15:46.861+0000][gc,phases   ] GC(790)   Evacuate Collection Set: 492.2ms
[2026-01-16T09:15:46.861+0000][gc,phases   ] GC(790)   Post Evacuate Collection Set: 203.9ms
[2026-01-16T09:15:46.862+0000][gc,phases   ] GC(790)   Other: 6.1ms
[2026-01-16T09:15:46.865+0000][gc,heap     ] GC(790) Eden regions: 49->0(48)
[2026-01-16T09:15:46.866+0000][gc,heap     ] GC(790) Survivor regions: 2->3(7)
[2026-01-16T09:15:46.870+0000][gc,heap     ] GC(790) Old regions: 204->204
[2026-01-16T09:15:46.870+0000][gc,heap     ] GC(790) Humongous regions: 96->96
[2026-01-16T09:15:46.872+0000][gc,metaspace] GC(790) Metaspace: 12894K(13312K)->12894K(13312K) NonClass: 11780K(11968K)->11780K(11968K) Class: 1113K(1344K)->1113K(1344K)
[2026-01-16T09:15:46.873+0000][gc          ] GC(790) Pause Young (Normal) (G1 Evacuation Pause) 350M->302M(1024M) 760.562ms
[2026-01-16T09:15:46.879+0000][gc,cpu      ] GC(790) User=0.13s Sys=0.06s Real=0.77s
[2026-01-16T09:15:50.016+0000][gc,start    ] GC(791) Pause Young (Normal) (G1 Evacuation Pause)
[2026-01-16T09:15:50.040+0000][gc,task     ] GC(791) Using 8 workers of 8 for evacuation
[2026-01-16T09:15:50.195+0000][gc,phases   ] GC(791)   Pre Evacuate Collection Set: 27.7ms
[2026-01-16T09:15:50.197+0000][gc,phases   ] GC(791)   Merge Heap Roots: 1.5ms
[2026-01-16T09:15:50.197+0000][gc,phases   ] GC(791)   Evacuate Collection Set: 108.3ms
[2026-01-16T09:15:50.197+0000][gc,phases   ] GC(791)   Post Evacuate Collection Set: 16.8ms
[2026-01-16T09:15:50.197+0000][gc,phases   ] GC(791)   Other: 1.0ms
[2026-01-16T09:15:50.198+0000][gc,heap     ] GC(791) Eden regions: 48->0(49)
[2026-01-16T09:15:50.199+0000][gc,heap     ] GC(791) Survivor regions: 3->2(7)
[2026-01-16T09:15:50.200+0000][gc,heap     ] GC(791) Old regions: 204->204
[2026-01-16T09:15:50.200+0000][gc,heap     ] GC(791) Humongous regions: 96->96
[2026-01-16T09:15:50.200+0000][gc,metaspace] GC(791) Metaspace: 12894K(13312K)->12894K(13312K) NonClass: 11780K(11968K)->11780K(11968K) Class: 1113K(1344K)->1113K(1344K)
[2026-01-16T09:15:50.209+0000][gc          ] GC(791) Pause Young (Normal) (G1 Evacuation Pause) 350M->301M(1024M) 193.397ms
[2026-01-16T09:15:50.225+0000][gc,cpu      ] GC(791) User=0.08s Sys=0.00s Real=0.21s
[2026-01-16T09:15:51.896+0000][gc,start    ] GC(792) Pause Young (Normal) (G1 Evacuation Pause)
[2026-01-16T09:15:51.897+0000][gc,task     ] GC(792) Using 8 workers of 8 for evacuation
[2026-01-16T09:15:52.001+0000][gc,phases   ] GC(792)   Pre Evacuate Collection Set: 17.3ms
[2026-01-16T09:15:52.003+0000][gc,phases   ] GC(792)   Merge Heap Roots: 0.6ms
[2026-01-16T09:15:52.004+0000][gc,phases   ] GC(792)   Evacuate Collection Set: 83.3ms
[2026-01-16T09:15:52.005+0000][gc,phases   ] GC(792)   Post Evacuate Collection Set: 2.7ms
[2026-01-16T09:15:52.008+0000][gc,phases   ] GC(792)   Other: 1.1ms
[2026-01-16T09:15:52.012+0000][gc,heap     ] GC(792) Eden regions: 49->0(48)
[2026-01-16T09:15:52.024+0000][gc,heap     ] GC(792) Survivor regions: 2->3(7)
[2026-01-16T09:15:52.025+0000][gc,heap     ] GC(792) Old regions: 204->204
[2026-01-16T09:15:52.025+0000][gc,heap     ] GC(792) Humongous regions: 96->96
[2026-01-16T09:15:52.025+0000][gc,metaspace] GC(792) Metaspace: 12894K(13312K)->12894K(13312K) NonClass: 11780K(11968K)->11780K(11968K) Class: 1113K(1344K)->1113K(1344K)
[2026-01-16T09:15:52.026+0000][gc          ] GC(792) Pause Young (Normal) (G1 Evacuation Pause) 350M->301M(1024M) 130.490ms
[2026-01-16T09:15:52.027+0000][gc,cpu      ] GC(792) User=0.10s Sys=0.02s Real=0.13s
[2026-01-16T09:15:59.160+0000][gc,start    ] GC(793) Pause Young (Normal) (G1 Evacuation Pause)
[2026-01-16T09:15:59.168+0000][gc,task     ] GC(793) Using 8 workers of 8 for evacuation
[2026-01-16T09:15:59.445+0000][gc,mmu      ] GC(793) MMU target violated: 201.0ms (200.0ms/201.0ms)
[2026-01-16T09:15:59.448+0000][gc,phases   ] GC(793)   Pre Evacuate Collection Set: 45.3ms
[2026-01-16T09:15:59.449+0000][gc,phases   ] GC(793)   Merge Heap Roots: 16.7ms
[2026-01-16T09:15:59.449+0000][gc,phases   ] GC(793)   Evacuate Collection Set: 174.5ms
[2026-01-16T09:15:59.449+0000][gc,phases   ] GC(793)   Post Evacuate Collection Set: 34.3ms
[2026-01-16T09:15:59.449+0000][gc,phases   ] GC(793)   Other: 10.3ms
[2026-01-16T09:15:59.449+0000][gc,heap     ] GC(793) Eden regions: 48->0(49)
[2026-01-16T09:15:59.450+0000][gc,heap     ] GC(793) Survivor regions: 3->2(7)
[2026-01-16T09:15:59.450+0000][gc,heap     ] GC(793) Old regions: 204->204
[2026-01-16T09:15:59.450+0000][gc,heap     ] GC(793) Humongous regions: 96->96
[2026-01-16T09:15:59.450+0000][gc,metaspace] GC(793) Metaspace: 12894K(13312K)->12894K(13312K) NonClass: 11780K(11968K)->11780K(11968K) Class: 1113K(1344K)->1113K(1344K)
[2026-01-16T09:15:59.456+0000][gc          ] GC(793) Pause Young (Normal) (G1 Evacuation Pause) 349M->301M(1024M) 295.201ms
[2026-01-16T09:15:59.457+0000][gc,cpu      ] GC(793) User=0.14s Sys=0.01s Real=0.30s
[2026-01-16T09:16:02.865+0000][gc,start    ] GC(794) Pause Young (Normal) (G1 Evacuation Pause)
[2026-01-16T09:16:02.869+0000][gc,task     ] GC(794) Using 8 workers of 8 for evacuation
[2026-01-16T09:16:03.103+0000][gc,mmu      ] GC(794) MMU target violated: 201.0ms (200.0ms/201.0ms)
[2026-01-16T09:16:03.105+0000][gc,phases   ] GC(794)   Pre Evacuate Collection Set: 51.3ms
[2026-01-16T09:16:03.107+0000][gc,phases   ] GC(794)   Merge Heap Roots: 3.0ms
[2026-01-16T09:16:03.108+0000][gc,phases   ] GC(794)   Evacuate Collection Set: 157.2ms
[2026-01-16T09:16:03.108+0000][gc,phases   ] GC(794)   Post Evacuate Collection Set: 18.6ms
[2026-01-16T09:16:03.110+0000][gc,phases   ] GC(794)   Other: 6.1ms
[2026-01-16T09:16:03.111+0000][gc,heap     ] GC(794) Eden regions: 49->0(48)
[2026-01-16T09:16:03.112+0000][gc,heap     ] GC(794) Survivor regions: 2->3(7)
[2026-01-16T09:16:03.113+0000][gc,heap     ] GC(794) Old regions: 204->204
[2026-01-16T09:16:03.113+0000][gc,heap     ] GC(794) Humongous regions: 96->96
[2026-01-16T09:16:03.114+0000][gc,metaspace] GC(794) Metaspace: 12894K(13312K)->12894K(13312K) NonClass: 11780K(11968K)->11780K(11968K) Class: 1113K(1344K)->1113K(1344K)
[2026-01-16T09:16:03.114+0000][gc          ] GC(794) Pause Young (Normal) (G1 Evacuation Pause) 350M->302M(1024M) 249.167ms
[2026-01-16T09:16:03.114+0000][gc,cpu      ] GC(794) User=0.25s Sys=0.02s Real=0.25s
[2026-01-16T09:16:04.977+0000][gc,start    ] GC(795) Pause Young (Normal) (G1 Evacuation Pause)
[2026-01-16T09:16:04.979+0000][gc,task     ] GC(795) Using 8 workers of 8 for evacuation
[2026-01-16T09:16:05.222+0000][gc,mmu      ] GC(795) MMU target violated: 201.0ms (200.0ms/201.0ms)
[2026-01-16T09:16:05.224+0000][gc,phases   ] GC(795)   Pre Evacuate Collection Set: 16.7ms
[2026-01-16T09:16:05.224+0000][gc,phases   ] GC(795)   Merge Heap Roots: 8.7ms
[2026-01-16T09:16:05.224+0000][gc,phases   ] GC(795)   Evacuate Collection Set: 207.7ms
[2026-01-16T09:16:05.224+0000][gc,phases   ] GC(795)   Post Evacuate Collection Set: 8.8ms
[2026-01-16T09:16:05.225+0000][gc,phases   ] GC(795)   Other: 3.0ms
[2026-01-16T09:16:05.225+0000][gc,heap     ] GC(795) Eden regions: 48->0(48)
[2026-01-16T09:16:05.225+0000][gc,heap     ] GC(795) Survivor regions: 3->3(7)
[2026-01-16T09:16:05.225+0000][gc,heap     ] GC(795) Old regions: 204->205
[2026-01-16T09:16:05.225+0000][gc,heap     ] GC(795) Humongous regions: 96->96
[2026-01-16T09:16:05.225+0000][gc,metaspace] GC(795) Metaspace: 12894K(13312K)->12894K(13312K) NonClass: 11780K(11968K)->11780K(11968K) Class: 1113K(1344K)->1113K(1344K)
[2026-01-16T09:16:05.225+0000][gc          ] GC(795) Pause Young (Normal) (G1 Evacuation Pause) 350M->302M(1024M) 248.011ms
[2026-01-16T09:16:05.225+0000][gc,cpu      ] GC(795) User=0.16s Sys=0.01s Real=0.25s
[2026-01-16T09:16:10.106+0000][gc,start    ] GC(796) Pause Young (Normal) (G1 Evacuation Pause)
[2026-01-16T09:16:10.110+0000][gc,task     ] GC(796) Using 8 workers of 8 for evacuation
[2026-01-16T09:16:10.228+0000][gc,phases   ] GC(796)   Pre Evacuate Collection Set: 17.9ms
[2026-01-16T09:16:10.228+0000][gc,phases   ] GC(796)   Merge Heap Roots: 3.1ms
[2026-01-16T09:16:10.229+0000][gc,phases   ] GC(796)   Evacuate Collection Set: 87.6ms
[2026-01-16T09:16:10.229+0000][gc,phases   ] GC(796)   Post Evacuate Collection Set: 8.7ms
[2026-01-16T09:16:10.230+0000][gc,phases   ] GC(796)   Other: 0.7ms
[2026-01-16T09:16:10.231+0000][gc,heap     ] GC(796) Eden regions: 48->0(63)
[2026-01-16T09:16:10.231+0000][gc,heap     ] GC(796) Survivor regions: 3->2(7)
[2026-01-16T09:16:10.232+0000][gc,heap     ] GC(796) Old regions: 205->205
[2026-01-16T09:16:10.232+0000][gc,heap     ] GC(796) Humongous regions: 96->96
[2026-01-16T09:16:10.232+0000][gc,metaspace] GC(796) Metaspace: 12894K(13312K)->12894K(13312K) NonClass: 11780K(11968K)->11780K(11968K) Class: 1113K(1344K)->1113K(1344K)
[2026-01-16T09:16:10.234+0000][gc          ] GC(796) Pause Young (Normal) (G1 Evacuation Pause) 350M->301M(1024M) 127.638ms
[2026-01-16T09:16:10.234+0000][gc,cpu      ] GC(796) User=0.09s Sys=0.01s Real=0.13s
[2026-01-16T09:16:13.109+0000][gc,start    ] GC(797) Pause Young (Normal) (G1 Evacuation Pause)
[2026-01-16T09:16:13.109+0000][gc,task     ] GC(797) Using 8 workers of 8 for evacuation
[2026-01-16T09:16:13.254+0000][gc,phases   ] GC(797)   Pre Evacuate Collection Set: 13.0ms
[2026-01-16T09:16:13.264+0000][gc,phases   ] GC(797)   Merge Heap Roots: 1.0ms
[2026-01-16T09:16:13.264+0000][gc,phases   ] GC(797)   Evacuate Collection Set: 125.2ms
[2026-01-16T09:16:13.265+0000][gc,phases   ] GC(797)   Post Evacuate Collection Set: 4.3ms
[2026-01-16T09:16:13.265+0000][gc,phases   ] GC(797)   Other: 0.7ms
[2026-01-16T09:16:13.265+0000][gc,heap     ] GC(797) Eden regions: 64->0(48)
[2026-01-16T09:16:13.267+0000][gc,heap     ] GC(797) Survivor regions: 2->3(9)
[2026-01-16T09:16:13.268+0000][gc,heap     ] GC(797) Old regions: 205->205
[2026-01-16T09:16:13.270+0000][gc,heap     ] GC(797) Humongous regions: 96->96
[2026-01-16T09:16:13.271+0000][gc,metaspace] GC(797) Metaspace: 12894K(13312K)->12894K(13312K) NonClass: 11780K(11968K)->11780K(11968K) Class: 1113K(1344K)->1113K(1344K)
[2026-01-16T09:16:13.271+0000][gc          ] GC(797) Pause Young (Normal) (G1 Evacuation Pause) 365M->302M(1024M) 162.864ms
[2026-01-16T09:16:13.272+0000][gc,cpu      ] GC(797) User=0.15s Sys=0.02s Real=0.16s
[2026-01-16T09:16:21.559+0000][gc,start    ] GC(798) Pause Young (Normal) (G1 Evacuation Pause)
[2026-01-16T09:16:21.561+0000][gc,task     ] GC(798) Using 8 workers of 8 for evacuation
[2026-01-16T09:16:21.735+0000][gc,phases   ] GC(798)   Pre Evacuate Collection Set: 12.4ms
[2026-01-16T09:16:21.736+0000][gc,phases   ] GC(798)   Merge Heap Roots: 8.3ms
[2026-01-16T09:16:21.736+0000][gc,phases   ] GC(798)   Evacuate Collection Set: 140.6ms
[2026-01-16T09:16:21.737+0000][gc,phases   ] GC(798)   Post Evacuate Collection Set: 12.2ms
[2026-01-16T09:16:21.737+0000][gc,phases   ] GC(798)   Other: 0.6ms
[2026-01-16T09:16:21.737+0000][gc,heap     ] GC(798) Eden regions: 48->0(115)
[2026-01-16T09:16:21.737+0000][gc,heap     ] GC(798) Survivor regions: 3->2(7)
[2026-01-16T09:16:21.738+0000][gc,heap     ] GC(798) Old regions: 205->205
[2026-01-16T09:16:21.738+0000][gc,heap     ] GC(798) Humongous regions: 96->96
[2026-01-16T09:16:21.738+0000][gc,metaspace] GC(798) Metaspace: 12895K(13312K)->12895K(13312K) NonClass: 11781K(11968K)->11781K(11968K) Class: 1113K(1344K)->1113K(1344K)
[2026-01-16T09:16:21.739+0000][gc          ] GC(798) Pause Young (Normal) (G1 Evacuation Pause) 350M->302M(1024M) 180.270ms
[2026-01-16T09:16:21.740+0000][gc,cpu      ] GC(798) User=0.10s Sys=0.00s Real=0.18s
[2026-01-16T09:16:32.761+0000][gc,start    ] GC(799) Pause Young (Normal) (G1 Evacuation Pause)
[2026-01-16T09:16:32.777+0000][gc,task     ] GC(799) Using 8 workers of 8 for evacuation
[2026-01-16T09:16:33.199+0000][gc,mmu      ] GC(799) MMU target violated: 201.0ms (200.0ms/201.0ms)
[2026-01-16T09:16:33.203+0000][gc,phases   ] GC(799)   Pre Evacuate Collection Set: 69.8ms
[2026-01-16T09:16:33.203+0000][gc,phases   ] GC(799)   Merge Heap Roots: 25.1ms
[2026-01-16T09:16:33.203+0000][gc,phases   ] GC(799)   Evacuate Collection Set: 257.7ms
[2026-01-16T09:16:33.203+0000][gc,phases   ] GC(799)   Post Evacuate Collection Set: 68.3ms
[2026-01-16T09:16:33.203+0000][gc,phases   ] GC(799)   Other: 4.6ms
[2026-01-16T09:16:33.203+0000][gc,heap     ] GC(799) Eden regions: 111->0(49)
[2026-01-16T09:16:33.203+0000][gc,heap     ] GC(799) Survivor regions: 2->2(15)
[2026-01-16T09:16:33.203+0000][gc,heap     ] GC(799) Old regions: 205->205
[2026-01-16T09:16:33.203+0000][gc,heap     ] GC(799) Humongous regions: 96->96
[2026-01-16T09:16:33.203+0000][gc,metaspace] GC(799) Metaspace: 12895K(13312K)->12895K(13312K) NonClass: 11781K(11968K)->11781K(11968K) Class: 1113K(1344K)->1113K(1344K)
[2026-01-16T09:16:33.204+0000][gc          ] GC(799) Pause Young (Normal) (G1 Evacuation Pause) 413M->302M(1024M) 443.228ms
[2026-01-16T09:16:33.204+0000][gc,cpu      ] GC(799) User=0.21s Sys=0.02s Real=0.45s
[2026-01-16T09:16:35.879+0000][gc,start    ] GC(800) Pause Young (Normal) (G1 Evacuation Pause)
[2026-01-16T09:16:35.885+0000][gc,task     ] GC(800) Using 8 workers of 8 for evacuation
[2026-01-16T09:16:36.027+0000][gc,phases   ] GC(800)   Pre Evacuate Collection Set: 11.3ms
[2026-01-16T09:16:36.029+0000][gc,phases   ] GC(800)   Merge Heap Roots: 0.8ms
[2026-01-16T09:16:36.031+0000][gc,phases   ] GC(800)   Evacuate Collection Set: 133.0ms
[2026-01-16T09:16:36.033+0000][gc,phases   ] GC(800)   Post Evacuate Collection Set: 3.0ms
[2026-01-16T09:16:36.033+0000][gc,phases   ] GC(800)   Other: 0.4ms
[2026-01-16T09:16:36.034+0000][gc,heap     ] GC(800) Eden regions: 49->0(48)
[2026-01-16T09:16:36.037+0000][gc,heap     ] GC(800) Survivor regions: 2->3(7)
[2026-01-16T09:16:36.037+0000][gc,heap     ] GC(800) Old regions: 205->205
[2026-01-16T09:16:36.037+0000][gc,heap     ] GC(800) Humongous regions: 96->96
[2026-01-16T09:16:36.038+0000][gc,metaspace] GC(800) Metaspace: 12898K(13312K)->12898K(13312K) NonClass: 11784K(11968K)->11784K(11968K) Class: 1113K(1344K)->1113K(1344K)
[2026-01-16T09:16:36.038+0000][gc          ] GC(800) Pause Young (Normal) (G1 Evacuation Pause) 351M->302M(1024M) 166.123ms
[2026-01-16T09:16:36.038+0000][gc,cpu      ] GC(800) User=0.10s Sys=0.01s Real=0.17s
[2026-01-16T09:16:40.435+0000][gc,start    ] GC(801) Pause Young (Normal) (G1 Evacuation Pause)
[2026-01-16T09:16:40.440+0000][gc,task     ] GC(801) Using 8 workers of 8 for evacuation
[2026-01-16T09:16:40.615+0000][gc,phases   ] GC(801)   Pre Evacuate Collection Set: 41.2ms
[2026-01-16T09:16:40.618+0000][gc,phases   ] GC(801)   Merge Heap Roots: 10.8ms
[2026-01-16T09:16:40.618+0000][gc,phases   ] GC(801)   Evacuate Collection Set: 110.5ms
[2026-01-16T09:16:40.618+0000][gc,phases   ] GC(801)   Post Evacuate Collection Set: 9.1ms
[2026-01-16T09:16:40.618+0000][gc,phases   ] GC(801)   Other: 2.2ms
[2026-01-16T09:16:40.621+0000][gc,heap     ] GC(801) Eden regions: 48->0(64)
[2026-01-16T09:16:40.625+0000][gc,heap     ] GC(801) Survivor regions: 3->2(7)
[2026-01-16T09:16:40.626+0000][gc,heap     ] GC(801) Old regions: 205->205
[2026-01-16T09:16:40.627+0000][gc,heap     ] GC(801) Humongous regions: 96->96
[2026-01-16T09:16:40.658+0000][gc,metaspace] GC(801) Metaspace: 12898K(13312K)->12898K(13312K) NonClass: 11784K(11968K)->11784K(11968K) Class: 1113K(1344K)->1113K(1344K)
[2026-01-16T09:16:40.670+0000][gc          ] GC(801) Pause Young (Normal) (G1 Evacuation Pause) 350M->302M(1024M) 235.080ms
[2026-01-16T09:16:40.681+0000][gc,cpu      ] GC(801) User=0.15s Sys=0.02s Real=0.25s
[2026-01-16T09:16:47.049+0000][gc,start    ] GC(802) Pause Young (Normal) (G1 Evacuation Pause)
[2026-01-16T09:16:47.051+0000][gc,task     ] GC(802) Using 8 workers of 8 for evacuation
[2026-01-16T09:16:47.197+0000][gc,phases   ] GC(802)   Pre Evacuate Collection Set: 19.4ms
[2026-01-16T09:16:47.198+0000][gc,phases   ] GC(802)   Merge Heap Roots: 0.5ms
[2026-01-16T09:16:47.198+0000][gc,phases   ] GC(802)   Evacuate Collection Set: 109.2ms
[2026-01-16T09:16:47.198+0000][gc,phases   ] GC(802)   Post Evacuate Collection Set: 9.4ms
[2026-01-16T09:16:47.199+0000][gc,phases   ] GC(802)   Other: 7.8ms
[2026-01-16T09:16:47.200+0000][gc,heap     ] GC(802) Eden regions: 63->0(48)
[2026-01-16T09:16:47.200+0000][gc,heap     ] GC(802) Survivor regions: 2->3(9)
[2026-01-16T09:16:47.200+0000][gc,heap     ] GC(802) Old regions: 205->205
[2026-01-16T09:16:47.214+0000][gc,heap     ] GC(802) Humongous regions: 96->96
[2026-01-16T09:16:47.215+0000][gc,metaspace] GC(802) Metaspace: 12898K(13312K)->12898K(13312K) NonClass: 11784K(11968K)->11784K(11968K) Class: 1113K(1344K)->1113K(1344K)
[2026-01-16T09:16:47.218+0000][gc          ] GC(802) Pause Young (Normal) (G1 Evacuation Pause) 365M->303M(1024M) 168.759ms
[2026-01-16T09:16:47.232+0000][gc,cpu      ] GC(802) User=0.16s Sys=0.01s Real=0.18s
[2026-01-16T09:16:49.434+0000][gc,start    ] GC(803) Pause Young (Normal) (G1 Evacuation Pause)
[2026-01-16T09:16:49.437+0000][gc,task     ] GC(803) Using 8 workers of 8 for evacuation
[2026-01-16T09:16:49.709+0000][gc,mmu      ] GC(803) MMU target violated: 201.0ms (200.0ms/201.0ms)
[2026-01-16T09:16:49.709+0000][gc,phases   ] GC(803)   Pre Evacuate Collection Set: 62.0ms
[2026-01-16T09:16:49.709+0000][gc,phases   ] GC(803)   Merge Heap Roots: 6.9ms
[2026-01-16T09:16:49.710+0000][gc,phases   ] GC(803)   Evacuate Collection Set: 191.9ms
[2026-01-16T09:16:49.710+0000][gc,phases   ] GC(803)   Post Evacuate Collection Set: 10.7ms
[2026-01-16T09:16:49.710+0000][gc,phases   ] GC(803)   Other: 1.2ms
[2026-01-16T09:16:49.711+0000][gc,heap     ] GC(803) Eden regions: 48->0(91)
[2026-01-16T09:16:49.711+0000][gc,heap     ] GC(803) Survivor regions: 3->2(7)
[2026-01-16T09:16:49.711+0000][gc,heap     ] GC(803) Old regions: 205->205
[2026-01-16T09:16:49.711+0000][gc,heap     ] GC(803) Humongous regions: 96->96
[2026-01-16T09:16:49.711+0000][gc,metaspace] GC(803) Metaspace: 12898K(13312K)->12898K(13312K) NonClass: 11784K(11968K)->11784K(11968K) Class: 1113K(1344K)->1113K(1344K)
[2026-01-16T09:16:49.712+0000][gc          ] GC(803) Pause Young (Normal) (G1 Evacuation Pause) 351M->302M(1024M) 277.573ms
[2026-01-16T09:16:49.712+0000][gc,cpu      ] GC(803) User=0.13s Sys=0.02s Real=0.28s
[2026-01-16T09:16:54.164+0000][gc,start    ] GC(804) Pause Young (Normal) (G1 Evacuation Pause)
[2026-01-16T09:16:54.173+0000][gc,task     ] GC(804) Using 8 workers of 8 for evacuation
[2026-01-16T09:16:54.564+0000][gc,mmu      ] GC(804) MMU target violated: 201.0ms (200.0ms/201.0ms)
[2026-01-16T09:16:54.568+0000][gc,phases   ] GC(804)   Pre Evacuate Collection Set: 18.1ms
[2026-01-16T09:16:54.570+0000][gc,phases   ] GC(804)   Merge Heap Roots: 8.7ms
[2026-01-16T09:16:54.571+0000][gc,phases   ] GC(804)   Evacuate Collection Set: 343.3ms
[2026-01-16T09:16:54.571+0000][gc,phases   ] GC(804)   Post Evacuate Collection Set: 20.7ms
[2026-01-16T09:16:54.572+0000][gc,phases   ] GC(804)   Other: 4.7ms
[2026-01-16T09:16:54.574+0000][gc,heap     ] GC(804) Eden regions: 89->0(48)
[2026-01-16T09:16:54.574+0000][gc,heap     ] GC(804) Survivor regions: 2->3(12)
[2026-01-16T09:16:54.579+0000][gc,heap     ] GC(804) Old regions: 205->205
[2026-01-16T09:16:54.579+0000][gc,heap     ] GC(804) Humongous regions: 96->96
[2026-01-16T09:16:54.579+0000][gc,metaspace] GC(804) Metaspace: 12898K(13312K)->12898K(13312K) NonClass: 11784K(11968K)->11784K(11968K) Class: 1113K(1344K)->1113K(1344K)
[2026-01-16T09:16:54.580+0000][gc          ] GC(804) Pause Young (Normal) (G1 Evacuation Pause) 391M->303M(1024M) 416.372ms
[2026-01-16T09:16:54.581+0000][gc,cpu      ] GC(804) User=0.22s Sys=0.02s Real=0.42s
[2026-01-16T09:17:00.254+0000][gc,start    ] GC(805) Pause Young (Normal) (G1 Evacuation Pause)
[2026-01-16T09:17:00.266+0000][gc,task     ] GC(805) Using 8 workers of 8 for evacuation
[2026-01-16T09:17:00.515+0000][gc,mmu      ] GC(805) MMU target violated: 201.0ms (200.0ms/201.0ms)
[2026-01-16T09:17:00.517+0000][gc,phases   ] GC(805)   Pre Evacuate Collection Set: 21.9ms
[2026-01-16T09:17:00.517+0000][gc,phases   ] GC(805)   Merge Heap Roots: 9.8ms
[2026-01-16T09:17:00.518+0000][gc,phases   ] GC(805)   Evacuate Collection Set: 183.3ms
[2026-01-16T09:17:00.518+0000][gc,phases   ] GC(805)   Post Evacuate Collection Set: 30.6ms
[2026-01-16T09:17:00.519+0000][gc,phases   ] GC(805)   Other: 6.2ms
[2026-01-16T09:17:00.520+0000][gc,heap     ] GC(805) Eden regions: 48->0(49)
[2026-01-16T09:17:00.520+0000][gc,heap     ] GC(805) Survivor regions: 3->2(7)
[2026-01-16T09:17:00.520+0000][gc,heap     ] GC(805) Old regions: 205->205
[2026-01-16T09:17:00.521+0000][gc,heap     ] GC(805) Humongous regions: 96->96
[2026-01-16T09:17:00.522+0000][gc,metaspace] GC(805) Metaspace: 12898K(13312K)->12898K(13312K) NonClass: 11784K(11968K)->11784K(11968K) Class: 1113K(1344K)->1113K(1344K)
[2026-01-16T09:17:00.534+0000][gc          ] GC(805) Pause Young (Normal) (G1 Evacuation Pause) 351M->302M(1024M) 280.838ms
[2026-01-16T09:17:00.535+0000][gc,cpu      ] GC(805) User=0.11s Sys=0.01s Real=0.28s
[2026-01-16T09:17:02.550+0000][gc,start    ] GC(806) Pause Young (Normal) (G1 Evacuation Pause)
[2026-01-16T09:17:02.553+0000][gc,task     ] GC(806) Using 8 workers of 8 for evacuation
[2026-01-16T09:17:02.703+0000][gc,phases   ] GC(806)   Pre Evacuate Collection Set: 18.8ms
[2026-01-16T09:17:02.704+0000][gc,phases   ] GC(806)   Merge Heap Roots: 0.7ms
[2026-01-16T09:17:02.705+0000][gc,phases   ] GC(806)   Evacuate Collection Set: 113.7ms
[2026-01-16T09:17:02.706+0000][gc,phases   ] GC(806)   Post Evacuate Collection Set: 16.2ms
[2026-01-16T09:17:02.706+0000][gc,phases   ] GC(806)   Other: 1.0ms
[2026-01-16T09:17:02.706+0000][gc,heap     ] GC(806) Eden regions: 49->0(48)
[2026-01-16T09:17:02.707+0000][gc,heap     ] GC(806) Survivor regions: 2->3(7)
[2026-01-16T09:17:02.707+0000][gc,heap     ] GC(806) Old regions: 205->205
[2026-01-16T09:17:02.712+0000][gc,heap     ] GC(806) Humongous regions: 96->96
[2026-01-16T09:17:02.712+0000][gc,metaspace] GC(806) Metaspace: 12898K(13312K)->12898K(13312K) NonClass: 11784K(11968K)->11784K(11968K) Class: 1113K(1344K)->1113K(1344K)
[2026-01-16T09:17:02.712+0000][gc          ] GC(806) Pause Young (Normal) (G1 Evacuation Pause) 351M->303M(1024M) 161.746ms
[2026-01-16T09:17:02.712+0000][gc,cpu      ] GC(806) User=0.10s Sys=0.00s Real=0.16s
[2026-01-16T09:17:10.048+0000][gc,start    ] GC(807) Pause Young (Normal) (G1 Evacuation Pause)
[2026-01-16T09:17:10.050+0000][gc,task     ] GC(807) Using 8 workers of 8 for evacuation
[2026-01-16T09:17:10.268+0000][gc,mmu      ] GC(807) MMU target violated: 201.0ms (200.0ms/201.0ms)
[2026-01-16T09:17:10.270+0000][gc,phases   ] GC(807)   Pre Evacuate Collection Set: 12.0ms
[2026-01-16T09:17:10.271+0000][gc,phases   ] GC(807)   Merge Heap Roots: 5.4ms
[2026-01-16T09:17:10.271+0000][gc,phases   ] GC(807)   Evacuate Collection Set: 180.6ms
[2026-01-16T09:17:10.273+0000][gc,phases   ] GC(807)   Post Evacuate Collection Set: 19.9ms
[2026-01-16T09:17:10.275+0000][gc,phases   ] GC(807)   Other: 2.2ms
[2026-01-16T09:17:10.276+0000][gc,heap     ] GC(807) Eden regions: 48->0(53)
[2026-01-16T09:17:10.277+0000][gc,heap     ] GC(807) Survivor regions: 3->2(7)
[2026-01-16T09:17:10.278+0000][gc,heap     ] GC(807) Old regions: 205->206
[2026-01-16T09:17:10.279+0000][gc,heap     ] GC(807) Humongous regions: 96->96
[2026-01-16T09:17:10.280+0000][gc,metaspace] GC(807) Metaspace: 12898K(13312K)->12898K(13312K) NonClass: 11784K(11968K)->11784K(11968K) Class: 1113K(1344K)->1113K(1344K)
[2026-01-16T09:17:10.281+0000][gc          ] GC(807) Pause Young (Normal) (G1 Evacuation Pause) 351M->302M(1024M) 232.812ms
[2026-01-16T09:17:10.282+0000][gc,cpu      ] GC(807) User=0.14s Sys=0.02s Real=0.23s
[2026-01-16T09:17:12.086+0000][gc,start    ] GC(808) Pause Young (Normal) (G1 Evacuation Pause)
[2026-01-16T09:17:12.088+0000][gc,task     ] GC(808) Using 8 workers of 8 for evacuation
[2026-01-16T09:17:12.175+0000][gc,phases   ] GC(808)   Pre Evacuate Collection Set: 6.5ms
[2026-01-16T09:17:12.176+0000][gc,phases   ] GC(808)   Merge Heap Roots: 3.7ms
[2026-01-16T09:17:12.176+0000][gc,phases   ] GC(808)   Evacuate Collection Set: 72.8ms
[2026-01-16T09:17:12.176+0000][gc,phases   ] GC(808)   Post Evacuate Collection Set: 1.4ms
[2026-01-16T09:17:12.177+0000][gc,phases   ] GC(808)   Other: 3.6ms
[2026-01-16T09:17:12.177+0000][gc,heap     ] GC(808) Eden regions: 49->0(48)
[2026-01-16T09:17:12.177+0000][gc,heap     ] GC(808) Survivor regions: 2->3(7)
[2026-01-16T09:17:12.178+0000][gc,heap     ] GC(808) Old regions: 206->206
[2026-01-16T09:17:12.179+0000][gc,heap     ] GC(808) Humongous regions: 96->96
[2026-01-16T09:17:12.179+0000][gc,metaspace] GC(808) Metaspace: 12898K(13312K)->12898K(13312K) NonClass: 11784K(11968K)->11784K(11968K) Class: 1113K(1344K)->1113K(1344K)
[2026-01-16T09:17:12.180+0000][gc          ] GC(808) Pause Young (Normal) (G1 Evacuation Pause) 351M->303M(1024M) 94.254ms
[2026-01-16T09:17:12.181+0000][gc,cpu      ] GC(808) User=0.06s Sys=0.00s Real=0.09s
[2026-01-16T09:17:13.378+0000][gc,start    ] GC(809) Pause Young (Normal) (G1 Evacuation Pause)
[2026-01-16T09:17:13.379+0000][gc,task     ] GC(809) Using 8 workers of 8 for evacuation
[2026-01-16T09:17:13.543+0000][gc,phases   ] GC(809)   Pre Evacuate Collection Set: 17.4ms
[2026-01-16T09:17:13.543+0000][gc,phases   ] GC(809)   Merge Heap Roots: 13.3ms
[2026-01-16T09:17:13.546+0000][gc,phases   ] GC(809)   Evacuate Collection Set: 120.6ms
[2026-01-16T09:17:13.549+0000][gc,phases   ] GC(809)   Post Evacuate Collection Set: 12.3ms
[2026-01-16T09:17:13.565+0000][gc,phases   ] GC(809)   Other: 0.5ms
[2026-01-16T09:17:13.568+0000][gc,heap     ] GC(809) Eden regions: 48->0(51)
[2026-01-16T09:17:13.569+0000][gc,heap     ] GC(809) Survivor regions: 3->3(7)
[2026-01-16T09:17:13.569+0000][gc,heap     ] GC(809) Old regions: 206->206
[2026-01-16T09:17:13.570+0000][gc,heap     ] GC(809) Humongous regions: 96->96
[2026-01-16T09:17:13.571+0000][gc,metaspace] GC(809) Metaspace: 12898K(13312K)->12898K(13312K) NonClass: 11784K(11968K)->11784K(11968K) Class: 1113K(1344K)->1113K(1344K)
[2026-01-16T09:17:13.571+0000][gc          ] GC(809) Pause Young (Normal) (G1 Evacuation Pause) 351M->304M(1024M) 193.202ms
[2026-01-16T09:17:13.572+0000][gc,cpu      ] GC(809) User=0.08s Sys=0.00s Real=0.19s
[2026-01-16T09:17:21.221+0000][gc,start    ] GC(810) Pause Young (Normal) (G1 Evacuation Pause)
[2026-01-16T09:17:21.225+0000][gc,task     ] GC(810) Using 8 workers of 8 for evacuation
[2026-01-16T09:17:21.608+0000][gc,mmu      ] GC(810) MMU target violated: 201.0ms (200.0ms/201.0ms)
[2026-01-16T09:17:21.609+0000][gc,phases   ] GC(810)   Pre Evacuate Collection Set: 22.5ms
[2026-01-16T09:17:21.616+0000][gc,phases   ] GC(810)   Merge Heap Roots: 14.0ms
[2026-01-16T09:17:21.623+0000][gc,phases   ] GC(810)   Evacuate Collection Set: 271.6ms
[2026-01-16T09:17:21.625+0000][gc,phases   ] GC(810)   Post Evacuate Collection Set: 72.3ms
[2026-01-16T09:17:21.633+0000][gc,phases   ] GC(810)   Other: 3.7ms
[2026-01-16T09:17:21.646+0000][gc,heap     ] GC(810) Eden regions: 56->0(48)
[2026-01-16T09:17:21.647+0000][gc,heap     ] GC(810) Survivor regions: 3->3(8)
[2026-01-16T09:17:21.648+0000][gc,heap     ] GC(810) Old regions: 206->206
[2026-01-16T09:17:21.648+0000][gc,heap     ] GC(810) Humongous regions: 96->96
[2026-01-16T09:17:21.648+0000][gc,metaspace] GC(810) Metaspace: 12899K(13312K)->12899K(13312K) NonClass: 11785K(11968K)->11785K(11968K) Class: 1113K(1344K)->1113K(1344K)
[2026-01-16T09:17:21.659+0000][gc          ] GC(810) Pause Young (Normal) (G1 Evacuation Pause) 360M->303M(1024M) 437.240ms
[2026-01-16T09:17:21.661+0000][gc,cpu      ] GC(810) User=0.18s Sys=0.02s Real=0.44s
[2026-01-16T09:17:23.491+0000][gc,start    ] GC(811) Pause Young (Normal) (G1 Evacuation Pause)
[2026-01-16T09:17:23.496+0000][gc,task     ] GC(811) Using 8 workers of 8 for evacuation
[2026-01-16T09:17:23.594+0000][gc,phases   ] GC(811)   Pre Evacuate Collection Set: 8.8ms
[2026-01-16T09:17:23.594+0000][gc,phases   ] GC(811)   Merge Heap Roots: 2.8ms
[2026-01-16T09:17:23.596+0000][gc,phases   ] GC(811)   Evacuate Collection Set: 82.0ms
[2026-01-16T09:17:23.596+0000][gc,phases   ] GC(811)   Post Evacuate Collection Set: 2.3ms
[2026-01-16T09:17:23.597+0000][gc,phases   ] GC(811)   Other: 2.0ms
[2026-01-16T09:17:23.597+0000][gc,heap     ] GC(811) Eden regions: 48->0(48)
[2026-01-16T09:17:23.597+0000][gc,heap     ] GC(811) Survivor regions: 3->3(7)
[2026-01-16T09:17:23.598+0000][gc,heap     ] GC(811) Old regions: 206->206
[2026-01-16T09:17:23.598+0000][gc,heap     ] GC(811) Humongous regions: 96->96
[2026-01-16T09:17:23.599+0000][gc,metaspace] GC(811) Metaspace: 12899K(13312K)->12899K(13312K) NonClass: 11785K(11968K)->11785K(11968K) Class: 1113K(1344K)->1113K(1344K)
[2026-01-16T09:17:23.600+0000][gc          ] GC(811) Pause Young (Normal) (G1 Evacuation Pause) 351M->304M(1024M) 108.471ms
[2026-01-16T09:17:23.600+0000][gc,cpu      ] GC(811) User=0.07s Sys=0.00s Real=0.11s
[2026-01-16T09:17:30.521+0000][gc,start    ] GC(812) Pause Young (Normal) (G1 Evacuation Pause)
[2026-01-16T09:17:30.528+0000][gc,task     ] GC(812) Using 8 workers of 8 for evacuation
[2026-01-16T09:17:30.837+0000][gc,mmu      ] GC(812) MMU target violated: 201.0ms (200.0ms/201.0ms)
[2026-01-16T09:17:30.838+0000][gc,phases   ] GC(812)   Pre Evacuate Collection Set: 70.0ms
[2026-01-16T09:17:30.839+0000][gc,phases   ] GC(812)   Merge Heap Roots: 5.5ms
[2026-01-16T09:17:30.841+0000][gc,phases   ] GC(812)   Evacuate Collection Set: 217.9ms
[2026-01-16T09:17:30.841+0000][gc,phases   ] GC(812)   Post Evacuate Collection Set: 13.2ms
[2026-01-16T09:17:30.843+0000][gc,phases   ] GC(812)   Other: 3.6ms
[2026-01-16T09:17:30.844+0000][gc,heap     ] GC(812) Eden regions: 48->0(48)
[2026-01-16T09:17:30.844+0000][gc,heap     ] GC(812) Survivor regions: 3->3(7)
[2026-01-16T09:17:30.847+0000][gc,heap     ] GC(812) Old regions: 206->206
[2026-01-16T09:17:30.848+0000][gc,heap     ] GC(812) Humongous regions: 96->96
[2026-01-16T09:17:30.849+0000][gc,metaspace] GC(812) Metaspace: 12899K(13312K)->12899K(13312K) NonClass: 11785K(11968K)->11785K(11968K) Class: 1113K(1344K)->1113K(1344K)
[2026-01-16T09:17:30.850+0000][gc          ] GC(812) Pause Young (Normal) (G1 Evacuation Pause) 352M->303M(1024M) 330.451ms
[2026-01-16T09:17:30.850+0000][gc,cpu      ] GC(812) User=0.21s Sys=0.04s Real=0.33s
[2026-01-16T09:17:34.113+0000][gc,start    ] GC(813) Pause Young (Normal) (G1 Evacuation Pause)
[2026-01-16T09:17:34.117+0000][gc,task     ] GC(813) Using 8 workers of 8 for evacuation
[2026-01-16T09:17:34.216+0000][gc,phases   ] GC(813)   Pre Evacuate Collection Set: 13.6ms
[2026-01-16T09:17:34.217+0000][gc,phases   ] GC(813)   Merge Heap Roots: 2.3ms
[2026-01-16T09:17:34.217+0000][gc,phases   ] GC(813)   Evacuate Collection Set: 73.3ms
[2026-01-16T09:17:34.217+0000][gc,phases   ] GC(813)   Post Evacuate Collection Set: 8.4ms
[2026-01-16T09:17:34.218+0000][gc,phases   ] GC(813)   Other: 2.1ms
[2026-01-16T09:17:34.218+0000][gc,heap     ] GC(813) Eden regions: 48->0(54)
[2026-01-16T09:17:34.219+0000][gc,heap     ] GC(813) Survivor regions: 3->3(7)
[2026-01-16T09:17:34.219+0000][gc,heap     ] GC(813) Old regions: 206->206
[2026-01-16T09:17:34.219+0000][gc,heap     ] GC(813) Humongous regions: 96->96
[2026-01-16T09:17:34.220+0000][gc,metaspace] GC(813) Metaspace: 12899K(13312K)->12899K(13312K) NonClass: 11785K(11968K)->11785K(11968K) Class: 1113K(1344K)->1113K(1344K)
[2026-01-16T09:17:34.220+0000][gc          ] GC(813) Pause Young (Normal) (G1 Evacuation Pause) 351M->304M(1024M) 106.620ms
[2026-01-16T09:17:34.220+0000][gc,cpu      ] GC(813) User=0.10s Sys=0.01s Real=0.10s
[2026-01-16T09:17:39.147+0000][gc,start    ] GC(814) Pause Young (Normal) (G1 Evacuation Pause)
[2026-01-16T09:17:39.151+0000][gc,task     ] GC(814) Using 8 workers of 8 for evacuation
[2026-01-16T09:17:39.329+0000][gc,phases   ] GC(814)   Pre Evacuate Collection Set: 43.0ms
[2026-01-16T09:17:39.331+0000][gc,phases   ] GC(814)   Merge Heap Roots: 5.7ms
[2026-01-16T09:17:39.331+0000][gc,phases   ] GC(814)   Evacuate Collection Set: 94.5ms
[2026-01-16T09:17:39.331+0000][gc,phases   ] GC(814)   Post Evacuate Collection Set: 33.1ms
[2026-01-16T09:17:39.332+0000][gc,phases   ] GC(814)   Other: 1.7ms
[2026-01-16T09:17:39.332+0000][gc,heap     ] GC(814) Eden regions: 48->0(123)
[2026-01-16T09:17:39.332+0000][gc,heap     ] GC(814) Survivor regions: 3->2(7)
[2026-01-16T09:17:39.335+0000][gc,heap     ] GC(814) Old regions: 206->206
[2026-01-16T09:17:39.335+0000][gc,heap     ] GC(814) Humongous regions: 96->96
[2026-01-16T09:17:39.335+0000][gc,metaspace] GC(814) Metaspace: 12899K(13312K)->12899K(13312K) NonClass: 11785K(11968K)->11785K(11968K) Class: 1113K(1344K)->1113K(1344K)
[2026-01-16T09:17:39.336+0000][gc          ] GC(814) Pause Young (Normal) (G1 Evacuation Pause) 352M->303M(1024M) 189.341ms
[2026-01-16T09:17:39.339+0000][gc,cpu      ] GC(814) User=0.12s Sys=0.00s Real=0.19s
[2026-01-16T09:17:49.351+0000][gc,start    ] GC(815) Pause Young (Normal) (G1 Evacuation Pause)
[2026-01-16T09:17:49.352+0000][gc,task     ] GC(815) Using 8 workers of 8 for evacuation
[2026-01-16T09:17:49.512+0000][gc,phases   ] GC(815)   Pre Evacuate Collection Set: 20.6ms
[2026-01-16T09:17:49.513+0000][gc,phases   ] GC(815)   Merge Heap Roots: 5.2ms
[2026-01-16T09:17:49.513+0000][gc,phases   ] GC(815)   Evacuate Collection Set: 113.8ms
[2026-01-16T09:17:49.513+0000][gc,phases   ] GC(815)   Post Evacuate Collection Set: 15.7ms
[2026-01-16T09:17:49.515+0000][gc,phases   ] GC(815)   Other: 4.5ms
[2026-01-16T09:17:49.515+0000][gc,heap     ] GC(815) Eden regions: 117->0(152)
[2026-01-16T09:17:49.516+0000][gc,heap     ] GC(815) Survivor regions: 2->2(15)
[2026-01-16T09:17:49.516+0000][gc,heap     ] GC(815) Old regions: 206->206
[2026-01-16T09:17:49.517+0000][gc,heap     ] GC(815) Humongous regions: 96->96
[2026-01-16T09:17:49.518+0000][gc,metaspace] GC(815) Metaspace: 12899K(13312K)->12899K(13312K) NonClass: 11785K(11968K)->11785K(11968K) Class: 1113K(1344K)->1113K(1344K)
[2026-01-16T09:17:49.518+0000][gc          ] GC(815) Pause Young (Normal) (G1 Evacuation Pause) 420M->303M(1024M) 167.467ms
[2026-01-16T09:17:49.519+0000][gc,cpu      ] GC(815) User=0.16s Sys=0.02s Real=0.17s
[2026-01-16T09:18:06.017+0000][gc,start    ] GC(816) Pause Young (Normal) (G1 Evacuation Pause)
[2026-01-16T09:18:06.034+0000][gc,task     ] GC(816) Using 8 workers of 8 for evacuation
[2026-01-16T09:18:07.064+0000][gc,mmu      ] GC(816) MMU target violated: 201.0ms (200.0ms/201.0ms)
[2026-01-16T09:18:07.068+0000][gc,phases   ] GC(816)   Pre Evacuate Collection Set: 82.7ms
[2026-01-16T09:18:07.071+0000][gc,phases   ] GC(816)   Merge Heap Roots: 41.7ms
[2026-01-16T09:18:07.072+0000][gc,phases   ] GC(816)   Evacuate Collection Set: 831.4ms
[2026-01-16T09:18:07.072+0000][gc,phases   ] GC(816)   Post Evacuate Collection Set: 72.0ms
[2026-01-16T09:18:07.076+0000][gc,phases   ] GC(816)   Other: 8.1ms
[2026-01-16T09:18:07.083+0000][gc,heap     ] GC(816) Eden regions: 170->0(48)
[2026-01-16T09:18:07.083+0000][gc,heap     ] GC(816) Survivor regions: 2->3(22)
[2026-01-16T09:18:07.084+0000][gc,heap     ] GC(816) Old regions: 206->207
[2026-01-16T09:18:07.085+0000][gc,heap     ] GC(816) Humongous regions: 96->96
[2026-01-16T09:18:07.087+0000][gc,metaspace] GC(816) Metaspace: 12900K(13312K)->12900K(13312K) NonClass: 11786K(11968K)->11786K(11968K) Class: 1113K(1344K)->1113K(1344K)
[2026-01-16T09:18:07.093+0000][gc          ] GC(816) Pause Young (Normal) (G1 Evacuation Pause) 473M->304M(1024M) 1076.157ms
[2026-01-16T09:18:07.094+0000][gc,cpu      ] GC(816) User=0.46s Sys=0.03s Real=1.08s
[2026-01-16T09:18:11.481+0000][gc,start    ] GC(817) Pause Young (Normal) (G1 Evacuation Pause)
[2026-01-16T09:18:11.493+0000][gc,task     ] GC(817) Using 8 workers of 8 for evacuation
[2026-01-16T09:18:11.999+0000][gc,mmu      ] GC(817) MMU target violated: 201.0ms (200.0ms/201.0ms)
[2026-01-16T09:18:12.001+0000][gc,phases   ] GC(817)   Pre Evacuate Collection Set: 37.2ms
[2026-01-16T09:18:12.002+0000][gc,phases   ] GC(817)   Merge Heap Roots: 8.7ms
[2026-01-16T09:18:12.002+0000][gc,phases   ] GC(817)   Evacuate Collection Set: 432.6ms
[2026-01-16T09:18:12.002+0000][gc,phases   ] GC(817)   Post Evacuate Collection Set: 25.7ms
[2026-01-16T09:18:12.003+0000][gc,phases   ] GC(817)   Other: 3.6ms
[2026-01-16T09:18:12.003+0000][gc,heap     ] GC(817) Eden regions: 48->0(47)
[2026-01-16T09:18:12.003+0000][gc,heap     ] GC(817) Survivor regions: 3->4(7)
[2026-01-16T09:18:12.004+0000][gc,heap     ] GC(817) Old regions: 207->207
[2026-01-16T09:18:12.004+0000][gc,heap     ] GC(817) Humongous regions: 96->96
[2026-01-16T09:18:12.004+0000][gc,metaspace] GC(817) Metaspace: 12900K(13312K)->12900K(13312K) NonClass: 11786K(11968K)->11786K(11968K) Class: 1113K(1344K)->1113K(1344K)
[2026-01-16T09:18:12.004+0000][gc          ] GC(817) Pause Young (Normal) (G1 Evacuation Pause) 352M->305M(1024M) 523.511ms
[2026-01-16T09:18:12.006+0000][gc,cpu      ] GC(817) User=0.21s Sys=0.00s Real=0.54s
[2026-01-16T09:18:12.910+0000][gc,start    ] GC(818) Pause Young (Normal) (G1 Evacuation Pause)
[2026-01-16T09:18:12.913+0000][gc,task     ] GC(818) Using 8 workers of 8 for evacuation
[2026-01-16T09:18:13.064+0000][gc,phases   ] GC(818)   Pre Evacuate Collection Set: 9.3ms
[2026-01-16T09:18:13.065+0000][gc,phases   ] GC(818)   Merge Heap Roots: 0.9ms
[2026-01-16T09:18:13.065+0000][gc,phases   ] GC(818)   Evacuate Collection Set: 134.1ms
[2026-01-16T09:18:13.065+0000][gc,phases   ] GC(818)   Post Evacuate Collection Set: 4.7ms
[2026-01-16T09:18:13.065+0000][gc,phases   ] GC(818)   Other: 2.0ms
[2026-01-16T09:18:13.067+0000][gc,heap     ] GC(818) Eden regions: 47->0(47)
[2026-01-16T09:18:13.067+0000][gc,heap     ] GC(818) Survivor regions: 4->4(7)
[2026-01-16T09:18:13.068+0000][gc,heap     ] GC(818) Old regions: 207->207
[2026-01-16T09:18:13.068+0000][gc,heap     ] GC(818) Humongous regions: 96->96
[2026-01-16T09:18:13.073+0000][gc,metaspace] GC(818) Metaspace: 12900K(13312K)->12900K(13312K) NonClass: 11786K(11968K)->11786K(11968K) Class: 1113K(1344K)->1113K(1344K)
[2026-01-16T09:18:13.074+0000][gc          ] GC(818) Pause Young (Normal) (G1 Evacuation Pause) 352M->306M(1024M) 163.818ms
[2026-01-16T09:18:13.094+0000][gc,cpu      ] GC(818) User=0.09s Sys=0.00s Real=0.19s
[2026-01-16T09:18:13.992+0000][gc,start    ] GC(819) Pause Young (Normal) (G1 Evacuation Pause)
[2026-01-16T09:18:13.994+0000][gc,task     ] GC(819) Using 8 workers of 8 for evacuation
[2026-01-16T09:18:14.058+0000][gc,phases   ] GC(819)   Pre Evacuate Collection Set: 4.7ms
[2026-01-16T09:18:14.058+0000][gc,phases   ] GC(819)   Merge Heap Roots: 4.7ms
[2026-01-16T09:18:14.059+0000][gc,phases   ] GC(819)   Evacuate Collection Set: 51.2ms
[2026-01-16T09:18:14.059+0000][gc,phases   ] GC(819)   Post Evacuate Collection Set: 2.9ms
[2026-01-16T09:18:14.060+0000][gc,phases   ] GC(819)   Other: 1.0ms
[2026-01-16T09:18:14.060+0000][gc,heap     ] GC(819) Eden regions: 47->0(48)
[2026-01-16T09:18:14.060+0000][gc,heap     ] GC(819) Survivor regions: 4->3(7)
[2026-01-16T09:18:14.061+0000][gc,heap     ] GC(819) Old regions: 207->207
[2026-01-16T09:18:14.063+0000][gc,heap     ] GC(819) Humongous regions: 96->96
[2026-01-16T09:18:14.063+0000][gc,metaspace] GC(819) Metaspace: 12904K(13312K)->12904K(13312K) NonClass: 11790K(11968K)->11790K(11968K) Class: 1113K(1344K)->1113K(1344K)
[2026-01-16T09:18:14.064+0000][gc          ] GC(819) Pause Young (Normal) (G1 Evacuation Pause) 353M->305M(1024M) 71.909ms
[2026-01-16T09:18:14.064+0000][gc,cpu      ] GC(819) User=0.05s Sys=0.00s Real=0.08s
[2026-01-16T09:18:20.360+0000][gc,start    ] GC(820) Pause Young (Normal) (G1 Evacuation Pause)
[2026-01-16T09:18:20.365+0000][gc,task     ] GC(820) Using 8 workers of 8 for evacuation
[2026-01-16T09:18:20.505+0000][gc,phases   ] GC(820)   Pre Evacuate Collection Set: 22.9ms
[2026-01-16T09:18:20.507+0000][gc,phases   ] GC(820)   Merge Heap Roots: 0.4ms
[2026-01-16T09:18:20.508+0000][gc,phases   ] GC(820)   Evacuate Collection Set: 97.7ms
[2026-01-16T09:18:20.509+0000][gc,phases   ] GC(820)   Post Evacuate Collection Set: 15.4ms
[2026-01-16T09:18:20.510+0000][gc,phases   ] GC(820)   Other: 4.9ms
[2026-01-16T09:18:20.510+0000][gc,heap     ] GC(820) Eden regions: 48->0(49)
[2026-01-16T09:18:20.511+0000][gc,heap     ] GC(820) Survivor regions: 3->2(7)
[2026-01-16T09:18:20.511+0000][gc,heap     ] GC(820) Old regions: 207->207
[2026-01-16T09:18:20.512+0000][gc,heap     ] GC(820) Humongous regions: 96->96
[2026-01-16T09:18:20.513+0000][gc,metaspace] GC(820) Metaspace: 12904K(13312K)->12904K(13312K) NonClass: 11791K(11968K)->11791K(11968K) Class: 1113K(1344K)->1113K(1344K)
[2026-01-16T09:18:20.514+0000][gc          ] GC(820) Pause Young (Normal) (G1 Evacuation Pause) 353M->304M(1024M) 153.932ms
[2026-01-16T09:18:20.517+0000][gc,cpu      ] GC(820) User=0.15s Sys=0.02s Real=0.16s
[2026-01-16T09:18:22.203+0000][gc,start    ] GC(821) Pause Young (Normal) (G1 Evacuation Pause)
[2026-01-16T09:18:22.205+0000][gc,task     ] GC(821) Using 8 workers of 8 for evacuation
[2026-01-16T09:18:22.426+0000][gc,mmu      ] GC(821) MMU target violated: 201.0ms (200.0ms/201.0ms)
[2026-01-16T09:18:22.428+0000][gc,phases   ] GC(821)   Pre Evacuate Collection Set: 20.8ms
[2026-01-16T09:18:22.431+0000][gc,phases   ] GC(821)   Merge Heap Roots: 0.6ms
[2026-01-16T09:18:22.432+0000][gc,phases   ] GC(821)   Evacuate Collection Set: 184.9ms
[2026-01-16T09:18:22.435+0000][gc,phases   ] GC(821)   Post Evacuate Collection Set: 13.2ms
[2026-01-16T09:18:22.445+0000][gc,phases   ] GC(821)   Other: 3.7ms
[2026-01-16T09:18:22.448+0000][gc,heap     ] GC(821) Eden regions: 49->0(48)
[2026-01-16T09:18:22.450+0000][gc,heap     ] GC(821) Survivor regions: 2->3(7)
[2026-01-16T09:18:22.452+0000][gc,heap     ] GC(821) Old regions: 207->207
[2026-01-16T09:18:22.455+0000][gc,heap     ] GC(821) Humongous regions: 96->96
[2026-01-16T09:18:22.457+0000][gc,metaspace] GC(821) Metaspace: 12904K(13312K)->12904K(13312K) NonClass: 11791K(11968K)->11791K(11968K) Class: 1113K(1344K)->1113K(1344K)
[2026-01-16T09:18:22.460+0000][gc          ] GC(821) Pause Young (Normal) (G1 Evacuation Pause) 353M->305M(1024M) 257.216ms
[2026-01-16T09:18:22.463+0000][gc,cpu      ] GC(821) User=0.13s Sys=0.02s Real=0.26s
[2026-01-16T09:18:29.530+0000][gc,start    ] GC(822) Pause Young (Normal) (G1 Evacuation Pause)
[2026-01-16T09:18:29.650+0000][gc,task     ] GC(822) Using 8 workers of 8 for evacuation
[2026-01-16T09:18:29.979+0000][gc,mmu      ] GC(822) MMU target violated: 201.0ms (200.0ms/201.0ms)
[2026-01-16T09:18:29.980+0000][gc,phases   ] GC(822)   Pre Evacuate Collection Set: 22.2ms
[2026-01-16T09:18:29.981+0000][gc,phases   ] GC(822)   Merge Heap Roots: 15.4ms
[2026-01-16T09:18:29.981+0000][gc,phases   ] GC(822)   Evacuate Collection Set: 259.7ms
[2026-01-16T09:18:29.982+0000][gc,phases   ] GC(822)   Post Evacuate Collection Set: 22.1ms
[2026-01-16T09:18:29.983+0000][gc,phases   ] GC(822)   Other: 11.0ms
[2026-01-16T09:18:29.987+0000][gc,heap     ] GC(822) Eden regions: 48->0(49)
[2026-01-16T09:18:29.988+0000][gc,heap     ] GC(822) Survivor regions: 3->2(7)
[2026-01-16T09:18:29.990+0000][gc,heap     ] GC(822) Old regions: 207->207
[2026-01-16T09:18:29.992+0000][gc,heap     ] GC(822) Humongous regions: 96->96
[2026-01-16T09:18:29.992+0000][gc,metaspace] GC(822) Metaspace: 12911K(13312K)->12911K(13312K) NonClass: 11797K(11968K)->11797K(11968K) Class: 1113K(1344K)->1113K(1344K)
[2026-01-16T09:18:29.994+0000][gc          ] GC(822) Pause Young (Normal) (G1 Evacuation Pause) 353M->304M(1024M) 464.215ms
[2026-01-16T09:18:29.997+0000][gc,cpu      ] GC(822) User=0.22s Sys=0.02s Real=0.47s
[2026-01-16T09:18:34.992+0000][gc,start    ] GC(823) Pause Young (Normal) (G1 Evacuation Pause)
[2026-01-16T09:18:35.003+0000][gc,task     ] GC(823) Using 8 workers of 8 for evacuation
[2026-01-16T09:18:35.326+0000][gc,mmu      ] GC(823) MMU target violated: 201.0ms (200.0ms/201.0ms)
[2026-01-16T09:18:35.328+0000][gc,phases   ] GC(823)   Pre Evacuate Collection Set: 21.0ms
[2026-01-16T09:18:35.330+0000][gc,phases   ] GC(823)   Merge Heap Roots: 2.5ms
[2026-01-16T09:18:35.331+0000][gc,phases   ] GC(823)   Evacuate Collection Set: 198.0ms
[2026-01-16T09:18:35.336+0000][gc,phases   ] GC(823)   Post Evacuate Collection Set: 99.8ms
[2026-01-16T09:18:35.339+0000][gc,phases   ] GC(823)   Other: 8.7ms
[2026-01-16T09:18:35.342+0000][gc,heap     ] GC(823) Eden regions: 49->0(48)
[2026-01-16T09:18:35.344+0000][gc,heap     ] GC(823) Survivor regions: 2->3(7)
[2026-01-16T09:18:35.346+0000][gc,heap     ] GC(823) Old regions: 207->207
[2026-01-16T09:18:35.347+0000][gc,heap     ] GC(823) Humongous regions: 96->96
[2026-01-16T09:18:35.349+0000][gc,metaspace] GC(823) Metaspace: 12936K(13376K)->12936K(13376K) NonClass: 11823K(12032K)->11823K(12032K) Class: 1113K(1344K)->1113K(1344K)
[2026-01-16T09:18:35.352+0000][gc          ] GC(823) Pause Young (Normal) (G1 Evacuation Pause) 353M->304M(1024M) 360.039ms
[2026-01-16T09:18:35.357+0000][gc,cpu      ] GC(823) User=0.20s Sys=0.01s Real=0.37s
[2026-01-16T09:18:37.156+0000][gc,start    ] GC(824) Pause Young (Normal) (G1 Evacuation Pause)
[2026-01-16T09:18:37.157+0000][gc,task     ] GC(824) Using 8 workers of 8 for evacuation
[2026-01-16T09:18:37.339+0000][gc,phases   ] GC(824)   Pre Evacuate Collection Set: 6.9ms
[2026-01-16T09:18:37.340+0000][gc,phases   ] GC(824)   Merge Heap Roots: 1.3ms
[2026-01-16T09:18:37.341+0000][gc,phases   ] GC(824)   Evacuate Collection Set: 172.0ms
[2026-01-16T09:18:37.341+0000][gc,phases   ] GC(824)   Post Evacuate Collection Set: 1.3ms
[2026-01-16T09:18:37.341+0000][gc,phases   ] GC(824)   Other: 1.2ms
[2026-01-16T09:18:37.341+0000][gc,heap     ] GC(824) Eden regions: 48->0(47)
[2026-01-16T09:18:37.341+0000][gc,heap     ] GC(824) Survivor regions: 3->4(7)
[2026-01-16T09:18:37.341+0000][gc,heap     ] GC(824) Old regions: 207->207
[2026-01-16T09:18:37.342+0000][gc,heap     ] GC(824) Humongous regions: 96->96
[2026-01-16T09:18:37.342+0000][gc,metaspace] GC(824) Metaspace: 12948K(13376K)->12948K(13376K) NonClass: 11835K(12032K)->11835K(12032K) Class: 1113K(1344K)->1113K(1344K)
[2026-01-16T09:18:37.342+0000][gc          ] GC(824) Pause Young (Normal) (G1 Evacuation Pause) 352M->305M(1024M) 186.707ms
[2026-01-16T09:18:37.342+0000][gc,cpu      ] GC(824) User=0.05s Sys=0.01s Real=0.18s
[2026-01-16T09:18:40.707+0000][gc,start    ] GC(825) Pause Young (Normal) (G1 Evacuation Pause)
[2026-01-16T09:18:40.708+0000][gc,task     ] GC(825) Using 8 workers of 8 for evacuation
[2026-01-16T09:18:40.844+0000][gc,phases   ] GC(825)   Pre Evacuate Collection Set: 14.8ms
[2026-01-16T09:18:40.846+0000][gc,phases   ] GC(825)   Merge Heap Roots: 5.3ms
[2026-01-16T09:18:40.846+0000][gc,phases   ] GC(825)   Evacuate Collection Set: 111.9ms
[2026-01-16T09:18:40.846+0000][gc,phases   ] GC(825)   Post Evacuate Collection Set: 2.1ms
[2026-01-16T09:18:40.846+0000][gc,phases   ] GC(825)   Other: 1.3ms
[2026-01-16T09:18:40.846+0000][gc,heap     ] GC(825) Eden regions: 47->0(48)
[2026-01-16T09:18:40.846+0000][gc,heap     ] GC(825) Survivor regions: 4->3(7)
[2026-01-16T09:18:40.846+0000][gc,heap     ] GC(825) Old regions: 207->207
[2026-01-16T09:18:40.846+0000][gc,heap     ] GC(825) Humongous regions: 96->96
[2026-01-16T09:18:40.846+0000][gc,metaspace] GC(825) Metaspace: 12976K(13376K)->12976K(13376K) NonClass: 11863K(12032K)->11863K(12032K) Class: 1113K(1344K)->1113K(1344K)
[2026-01-16T09:18:40.847+0000][gc          ] GC(825) Pause Young (Normal) (G1 Evacuation Pause) 352M->305M(1024M) 139.745ms
[2026-01-16T09:18:40.847+0000][gc,cpu      ] GC(825) User=0.09s Sys=0.01s Real=0.14s
[2026-01-16T09:18:42.247+0000][gc,start    ] GC(826) Pause Young (Normal) (G1 Evacuation Pause)
[2026-01-16T09:18:42.248+0000][gc,task     ] GC(826) Using 8 workers of 8 for evacuation
[2026-01-16T09:18:42.533+0000][gc,mmu      ] GC(826) MMU target violated: 201.0ms (200.0ms/201.0ms)
[2026-01-16T09:18:42.535+0000][gc,phases   ] GC(826)   Pre Evacuate Collection Set: 15.0ms
[2026-01-16T09:18:42.536+0000][gc,phases   ] GC(826)   Merge Heap Roots: 1.7ms
[2026-01-16T09:18:42.539+0000][gc,phases   ] GC(826)   Evacuate Collection Set: 243.2ms
[2026-01-16T09:18:42.540+0000][gc,phases   ] GC(826)   Post Evacuate Collection Set: 24.5ms
[2026-01-16T09:18:42.542+0000][gc,phases   ] GC(826)   Other: 2.6ms
[2026-01-16T09:18:42.543+0000][gc,heap     ] GC(826) Eden regions: 48->0(48)
[2026-01-16T09:18:42.543+0000][gc,heap     ] GC(826) Survivor regions: 3->3(7)
[2026-01-16T09:18:42.544+0000][gc,heap     ] GC(826) Old regions: 207->207
[2026-01-16T09:18:42.544+0000][gc,heap     ] GC(826) Humongous regions: 96->96
[2026-01-16T09:18:42.545+0000][gc,metaspace] GC(826) Metaspace: 12980K(13376K)->12980K(13376K) NonClass: 11866K(12032K)->11866K(12032K) Class: 1113K(1344K)->1113K(1344K)
[2026-01-16T09:18:42.545+0000][gc          ] GC(826) Pause Young (Normal) (G1 Evacuation Pause) 353M->305M(1024M) 298.612ms
[2026-01-16T09:18:42.546+0000][gc,cpu      ] GC(826) User=0.12s Sys=0.01s Real=0.30s
[2026-01-16T09:18:50.212+0000][gc,start    ] GC(827) Pause Young (Normal) (G1 Evacuation Pause)
[2026-01-16T09:18:50.232+0000][gc,task     ] GC(827) Using 8 workers of 8 for evacuation
[2026-01-16T09:18:50.457+0000][gc,mmu      ] GC(827) MMU target violated: 201.0ms (200.0ms/201.0ms)
[2026-01-16T09:18:50.457+0000][gc,phases   ] GC(827)   Pre Evacuate Collection Set: 31.8ms
[2026-01-16T09:18:50.457+0000][gc,phases   ] GC(827)   Merge Heap Roots: 4.3ms
[2026-01-16T09:18:50.457+0000][gc,phases   ] GC(827)   Evacuate Collection Set: 174.0ms
[2026-01-16T09:18:50.457+0000][gc,phases   ] GC(827)   Post Evacuate Collection Set: 13.5ms
[2026-01-16T09:18:50.457+0000][gc,phases   ] GC(827)   Other: 4.8ms
[2026-01-16T09:18:50.457+0000][gc,heap     ] GC(827) Eden regions: 48->0(49)
[2026-01-16T09:18:50.457+0000][gc,heap     ] GC(827) Survivor regions: 3->2(7)
[2026-01-16T09:18:50.461+0000][gc,heap     ] GC(827) Old regions: 207->208
[2026-01-16T09:18:50.462+0000][gc,heap     ] GC(827) Humongous regions: 96->96
[2026-01-16T09:18:50.464+0000][gc,metaspace] GC(827) Metaspace: 13000K(13376K)->13000K(13376K) NonClass: 11887K(12032K)->11887K(12032K) Class: 1113K(1344K)->1113K(1344K)
[2026-01-16T09:18:50.464+0000][gc          ] GC(827) Pause Young (Normal) (G1 Evacuation Pause) 353M->304M(1024M) 252.030ms
[2026-01-16T09:18:50.464+0000][gc,cpu      ] GC(827) User=0.12s Sys=0.00s Real=0.26s
[2026-01-16T09:18:51.836+0000][gc,start    ] GC(828) Pause Young (Normal) (G1 Evacuation Pause)
[2026-01-16T09:18:51.837+0000][gc,task     ] GC(828) Using 8 workers of 8 for evacuation
[2026-01-16T09:18:51.939+0000][gc,phases   ] GC(828)   Pre Evacuate Collection Set: 6.4ms
[2026-01-16T09:18:51.942+0000][gc,phases   ] GC(828)   Merge Heap Roots: 5.0ms
[2026-01-16T09:18:51.943+0000][gc,phases   ] GC(828)   Evacuate Collection Set: 79.4ms
[2026-01-16T09:18:51.943+0000][gc,phases   ] GC(828)   Post Evacuate Collection Set: 8.6ms
[2026-01-16T09:18:51.943+0000][gc,phases   ] GC(828)   Other: 3.1ms
[2026-01-16T09:18:51.943+0000][gc,heap     ] GC(828) Eden regions: 52->0(48)
[2026-01-16T09:18:51.943+0000][gc,heap     ] GC(828) Survivor regions: 2->3(7)
[2026-01-16T09:18:51.943+0000][gc,heap     ] GC(828) Old regions: 208->208
[2026-01-16T09:18:51.944+0000][gc,heap     ] GC(828) Humongous regions: 96->96
[2026-01-16T09:18:51.944+0000][gc,metaspace] GC(828) Metaspace: 13000K(13376K)->13000K(13376K) NonClass: 11887K(12032K)->11887K(12032K) Class: 1113K(1344K)->1113K(1344K)
[2026-01-16T09:18:51.944+0000][gc          ] GC(828) Pause Young (Normal) (G1 Evacuation Pause) 356M->305M(1024M) 108.295ms
[2026-01-16T09:18:51.944+0000][gc,cpu      ] GC(828) User=0.12s Sys=0.00s Real=0.11s
[2026-01-16T09:18:59.422+0000][gc,start    ] GC(829) Pause Young (Normal) (G1 Evacuation Pause)
[2026-01-16T09:18:59.430+0000][gc,task     ] GC(829) Using 8 workers of 8 for evacuation
[2026-01-16T09:19:00.255+0000][gc,mmu      ] GC(829) MMU target violated: 201.0ms (200.0ms/201.0ms)
[2026-01-16T09:19:00.270+0000][gc,phases   ] GC(829)   Pre Evacuate Collection Set: 108.4ms
[2026-01-16T09:19:00.271+0000][gc,phases   ] GC(829)   Merge Heap Roots: 5.5ms
[2026-01-16T09:19:00.271+0000][gc,phases   ] GC(829)   Evacuate Collection Set: 592.8ms
[2026-01-16T09:19:00.271+0000][gc,phases   ] GC(829)   Post Evacuate Collection Set: 112.5ms
[2026-01-16T09:19:00.272+0000][gc,phases   ] GC(829)   Other: 20.8ms
[2026-01-16T09:19:00.273+0000][gc,heap     ] GC(829) Eden regions: 48->0(49)
[2026-01-16T09:19:00.274+0000][gc,heap     ] GC(829) Survivor regions: 3->2(7)
[2026-01-16T09:19:00.275+0000][gc,heap     ] GC(829) Old regions: 208->208
[2026-01-16T09:19:00.275+0000][gc,heap     ] GC(829) Humongous regions: 96->96
[2026-01-16T09:19:00.275+0000][gc,metaspace] GC(829) Metaspace: 13001K(13376K)->13001K(13376K) NonClass: 11887K(12032K)->11887K(12032K) Class: 1113K(1344K)->1113K(1344K)
[2026-01-16T09:19:00.275+0000][gc          ] GC(829) Pause Young (Normal) (G1 Evacuation Pause) 353M->305M(1024M) 853.056ms
[2026-01-16T09:19:00.276+0000][gc,cpu      ] GC(829) User=0.34s Sys=0.05s Real=0.86s
[2026-01-16T09:19:03.403+0000][gc,start    ] GC(830) Pause Young (Normal) (G1 Evacuation Pause)
[2026-01-16T09:19:03.407+0000][gc,task     ] GC(830) Using 8 workers of 8 for evacuation
[2026-01-16T09:19:03.754+0000][gc,mmu      ] GC(830) MMU target violated: 201.0ms (200.0ms/201.0ms)
[2026-01-16T09:19:03.754+0000][gc,phases   ] GC(830)   Pre Evacuate Collection Set: 83.2ms
[2026-01-16T09:19:03.754+0000][gc,phases   ] GC(830)   Merge Heap Roots: 14.8ms
[2026-01-16T09:19:03.754+0000][gc,phases   ] GC(830)   Evacuate Collection Set: 221.1ms
[2026-01-16T09:19:03.755+0000][gc,phases   ] GC(830)   Post Evacuate Collection Set: 19.0ms
[2026-01-16T09:19:03.755+0000][gc,phases   ] GC(830)   Other: 10.1ms
[2026-01-16T09:19:03.755+0000][gc,heap     ] GC(830) Eden regions: 49->0(48)
[2026-01-16T09:19:03.755+0000][gc,heap     ] GC(830) Survivor regions: 2->3(7)
[2026-01-16T09:19:03.758+0000][gc,heap     ] GC(830) Old regions: 208->208
[2026-01-16T09:19:03.760+0000][gc,heap     ] GC(830) Humongous regions: 96->96
[2026-01-16T09:19:03.760+0000][gc,metaspace] GC(830) Metaspace: 13001K(13376K)->13001K(13376K) NonClass: 11887K(12032K)->11887K(12032K) Class: 1113K(1344K)->1113K(1344K)
[2026-01-16T09:19:03.761+0000][gc          ] GC(830) Pause Young (Normal) (G1 Evacuation Pause) 354M->305M(1024M) 357.510ms
[2026-01-16T09:19:03.761+0000][gc,cpu      ] GC(830) User=0.17s Sys=0.02s Real=0.35s
[2026-01-16T09:19:04.683+0000][gc,start    ] GC(831) Pause Young (Normal) (G1 Evacuation Pause)
[2026-01-16T09:19:04.685+0000][gc,task     ] GC(831) Using 8 workers of 8 for evacuation
[2026-01-16T09:19:04.791+0000][gc,phases   ] GC(831)   Pre Evacuate Collection Set: 14.1ms
[2026-01-16T09:19:04.792+0000][gc,phases   ] GC(831)   Merge Heap Roots: 7.9ms
[2026-01-16T09:19:04.794+0000][gc,phases   ] GC(831)   Evacuate Collection Set: 68.9ms
[2026-01-16T09:19:04.796+0000][gc,phases   ] GC(831)   Post Evacuate Collection Set: 14.1ms
[2026-01-16T09:19:04.797+0000][gc,phases   ] GC(831)   Other: 1.1ms
[2026-01-16T09:19:04.808+0000][gc,heap     ] GC(831) Eden regions: 48->0(48)
[2026-01-16T09:19:04.808+0000][gc,heap     ] GC(831) Survivor regions: 3->3(7)
[2026-01-16T09:19:04.808+0000][gc,heap     ] GC(831) Old regions: 208->208
[2026-01-16T09:19:04.808+0000][gc,heap     ] GC(831) Humongous regions: 96->96
[2026-01-16T09:19:04.809+0000][gc,metaspace] GC(831) Metaspace: 13002K(13376K)->13002K(13376K) NonClass: 11888K(12032K)->11888K(12032K) Class: 1113K(1344K)->1113K(1344K)
[2026-01-16T09:19:04.809+0000][gc          ] GC(831) Pause Young (Normal) (G1 Evacuation Pause) 353M->306M(1024M) 125.869ms
[2026-01-16T09:19:04.812+0000][gc,cpu      ] GC(831) User=0.05s Sys=0.00s Real=0.12s
[2026-01-16T09:19:10.749+0000][gc,start    ] GC(832) Pause Young (Normal) (G1 Evacuation Pause)
[2026-01-16T09:19:10.751+0000][gc,task     ] GC(832) Using 8 workers of 8 for evacuation
[2026-01-16T09:19:11.000+0000][gc,mmu      ] GC(832) MMU target violated: 201.0ms (200.0ms/201.0ms)
[2026-01-16T09:19:11.001+0000][gc,phases   ] GC(832)   Pre Evacuate Collection Set: 21.4ms
[2026-01-16T09:19:11.002+0000][gc,phases   ] GC(832)   Merge Heap Roots: 12.3ms
[2026-01-16T09:19:11.002+0000][gc,phases   ] GC(832)   Evacuate Collection Set: 194.7ms
[2026-01-16T09:19:11.003+0000][gc,phases   ] GC(832)   Post Evacuate Collection Set: 19.2ms
[2026-01-16T09:19:11.004+0000][gc,phases   ] GC(832)   Other: 2.7ms
[2026-01-16T09:19:11.007+0000][gc,heap     ] GC(832) Eden regions: 48->0(49)
[2026-01-16T09:19:11.007+0000][gc,heap     ] GC(832) Survivor regions: 3->2(7)
[2026-01-16T09:19:11.007+0000][gc,heap     ] GC(832) Old regions: 208->208
[2026-01-16T09:19:11.007+0000][gc,heap     ] GC(832) Humongous regions: 96->96
[2026-01-16T09:19:11.008+0000][gc,metaspace] GC(832) Metaspace: 13004K(13376K)->13004K(13376K) NonClass: 11891K(12032K)->11891K(12032K) Class: 1113K(1344K)->1113K(1344K)
[2026-01-16T09:19:11.008+0000][gc          ] GC(832) Pause Young (Normal) (G1 Evacuation Pause) 354M->305M(1024M) 259.185ms
[2026-01-16T09:19:11.008+0000][gc,cpu      ] GC(832) User=0.16s Sys=0.01s Real=0.26s
[2026-01-16T09:19:13.220+0000][gc,start    ] GC(833) Pause Young (Normal) (G1 Evacuation Pause)
[2026-01-16T09:19:13.224+0000][gc,task     ] GC(833) Using 8 workers of 8 for evacuation
[2026-01-16T09:19:13.345+0000][gc,phases   ] GC(833)   Pre Evacuate Collection Set: 14.5ms
[2026-01-16T09:19:13.349+0000][gc,phases   ] GC(833)   Merge Heap Roots: 5.1ms
[2026-01-16T09:19:13.349+0000][gc,phases   ] GC(833)   Evacuate Collection Set: 91.2ms
[2026-01-16T09:19:13.349+0000][gc,phases   ] GC(833)   Post Evacuate Collection Set: 6.8ms
[2026-01-16T09:19:13.350+0000][gc,phases   ] GC(833)   Other: 4.1ms
[2026-01-16T09:19:13.350+0000][gc,heap     ] GC(833) Eden regions: 49->0(48)
[2026-01-16T09:19:13.350+0000][gc,heap     ] GC(833) Survivor regions: 2->3(7)
[2026-01-16T09:19:13.350+0000][gc,heap     ] GC(833) Old regions: 208->208
[2026-01-16T09:19:13.351+0000][gc,heap     ] GC(833) Humongous regions: 96->96
[2026-01-16T09:19:13.352+0000][gc,metaspace] GC(833) Metaspace: 13016K(13376K)->13016K(13376K) NonClass: 11902K(12032K)->11902K(12032K) Class: 1113K(1344K)->1113K(1344K)
[2026-01-16T09:19:13.354+0000][gc          ] GC(833) Pause Young (Normal) (G1 Evacuation Pause) 354M->306M(1024M) 134.026ms
[2026-01-16T09:19:13.355+0000][gc,cpu      ] GC(833) User=0.09s Sys=0.00s Real=0.13s
[2026-01-16T09:19:20.036+0000][gc,start    ] GC(834) Pause Young (Normal) (G1 Evacuation Pause)
[2026-01-16T09:19:20.046+0000][gc,task     ] GC(834) Using 8 workers of 8 for evacuation
[2026-01-16T09:19:20.377+0000][gc,mmu      ] GC(834) MMU target violated: 201.0ms (200.0ms/201.0ms)
[2026-01-16T09:19:20.379+0000][gc,phases   ] GC(834)   Pre Evacuate Collection Set: 82.8ms
[2026-01-16T09:19:20.380+0000][gc,phases   ] GC(834)   Merge Heap Roots: 7.9ms
[2026-01-16T09:19:20.383+0000][gc,phases   ] GC(834)   Evacuate Collection Set: 180.5ms
[2026-01-16T09:19:20.385+0000][gc,phases   ] GC(834)   Post Evacuate Collection Set: 51.8ms
[2026-01-16T09:19:20.391+0000][gc,phases   ] GC(834)   Other: 11.2ms
[2026-01-16T09:19:20.392+0000][gc,heap     ] GC(834) Eden regions: 48->0(49)
[2026-01-16T09:19:20.394+0000][gc,heap     ] GC(834) Survivor regions: 3->2(7)
[2026-01-16T09:19:20.396+0000][gc,heap     ] GC(834) Old regions: 208->208
[2026-01-16T09:19:20.397+0000][gc,heap     ] GC(834) Humongous regions: 96->96
[2026-01-16T09:19:20.398+0000][gc,metaspace] GC(834) Metaspace: 13017K(13376K)->13017K(13376K) NonClass: 11903K(12032K)->11903K(12032K) Class: 1113K(1344K)->1113K(1344K)
[2026-01-16T09:19:20.402+0000][gc          ] GC(834) Pause Young (Normal) (G1 Evacuation Pause) 354M->305M(1024M) 367.065ms
[2026-01-16T09:19:20.404+0000][gc,cpu      ] GC(834) User=0.15s Sys=0.01s Real=0.37s
[2026-01-16T09:19:23.110+0000][gc,start    ] GC(835) Pause Young (Normal) (G1 Evacuation Pause)
[2026-01-16T09:19:23.112+0000][gc,task     ] GC(835) Using 8 workers of 8 for evacuation
[2026-01-16T09:19:23.225+0000][gc,phases   ] GC(835)   Pre Evacuate Collection Set: 14.5ms
[2026-01-16T09:19:23.226+0000][gc,phases   ] GC(835)   Merge Heap Roots: 7.5ms
[2026-01-16T09:19:23.226+0000][gc,phases   ] GC(835)   Evacuate Collection Set: 80.5ms
[2026-01-16T09:19:23.226+0000][gc,phases   ] GC(835)   Post Evacuate Collection Set: 9.7ms
[2026-01-16T09:19:23.226+0000][gc,phases   ] GC(835)   Other: 0.8ms
[2026-01-16T09:19:23.227+0000][gc,heap     ] GC(835) Eden regions: 49->0(48)
[2026-01-16T09:19:23.227+0000][gc,heap     ] GC(835) Survivor regions: 2->3(7)
[2026-01-16T09:19:23.227+0000][gc,heap     ] GC(835) Old regions: 208->209
[2026-01-16T09:19:23.228+0000][gc,heap     ] GC(835) Humongous regions: 96->96
[2026-01-16T09:19:23.228+0000][gc,metaspace] GC(835) Metaspace: 13021K(13376K)->13021K(13376K) NonClass: 11907K(12032K)->11907K(12032K) Class: 1113K(1344K)->1113K(1344K)
[2026-01-16T09:19:23.229+0000][gc          ] GC(835) Pause Young (Normal) (G1 Evacuation Pause) 354M->306M(1024M) 119.415ms
[2026-01-16T09:19:23.230+0000][gc,cpu      ] GC(835) User=0.10s Sys=0.00s Real=0.12s
[2026-01-16T09:19:24.057+0000][gc,start    ] GC(836) Pause Young (Normal) (G1 Evacuation Pause)
[2026-01-16T09:19:24.062+0000][gc,task     ] GC(836) Using 8 workers of 8 for evacuation
[2026-01-16T09:19:24.118+0000][gc,phases   ] GC(836)   Pre Evacuate Collection Set: 0.7ms
[2026-01-16T09:19:24.119+0000][gc,phases   ] GC(836)   Merge Heap Roots: 0.2ms
[2026-01-16T09:19:24.119+0000][gc,phases   ] GC(836)   Evacuate Collection Set: 43.4ms
[2026-01-16T09:19:24.119+0000][gc,phases   ] GC(836)   Post Evacuate Collection Set: 11.1ms
[2026-01-16T09:19:24.120+0000][gc,phases   ] GC(836)   Other: 0.6ms
[2026-01-16T09:19:24.120+0000][gc,heap     ] GC(836) Eden regions: 48->0(48)
[2026-01-16T09:19:24.120+0000][gc,heap     ] GC(836) Survivor regions: 3->3(7)
[2026-01-16T09:19:24.121+0000][gc,heap     ] GC(836) Old regions: 209->209
[2026-01-16T09:19:24.121+0000][gc,heap     ] GC(836) Humongous regions: 96->96
[2026-01-16T09:19:24.121+0000][gc,metaspace] GC(836) Metaspace: 13021K(13376K)->13021K(13376K) NonClass: 11907K(12032K)->11907K(12032K) Class: 1113K(1344K)->1113K(1344K)
[2026-01-16T09:19:24.121+0000][gc          ] GC(836) Pause Young (Normal) (G1 Evacuation Pause) 354M->306M(1024M) 63.902ms
[2026-01-16T09:19:24.121+0000][gc,cpu      ] GC(836) User=0.05s Sys=0.00s Real=0.07s
[2026-01-16T09:19:34.029+0000][gc,start    ] GC(837) Pause Young (Normal) (G1 Evacuation Pause)
[2026-01-16T09:19:34.033+0000][gc,task     ] GC(837) Using 8 workers of 8 for evacuation
[2026-01-16T09:19:34.439+0000][gc,mmu      ] GC(837) MMU target violated: 201.0ms (200.0ms/201.0ms)
[2026-01-16T09:19:34.444+0000][gc,phases   ] GC(837)   Pre Evacuate Collection Set: 76.8ms
[2026-01-16T09:19:34.447+0000][gc,phases   ] GC(837)   Merge Heap Roots: 16.4ms
[2026-01-16T09:19:34.448+0000][gc,phases   ] GC(837)   Evacuate Collection Set: 258.2ms
[2026-01-16T09:19:34.448+0000][gc,phases   ] GC(837)   Post Evacuate Collection Set: 46.5ms
[2026-01-16T09:19:34.449+0000][gc,phases   ] GC(837)   Other: 13.7ms
[2026-01-16T09:19:34.449+0000][gc,heap     ] GC(837) Eden regions: 48->0(49)
[2026-01-16T09:19:34.454+0000][gc,heap     ] GC(837) Survivor regions: 3->2(7)
[2026-01-16T09:19:34.455+0000][gc,heap     ] GC(837) Old regions: 209->209
[2026-01-16T09:19:34.455+0000][gc,heap     ] GC(837) Humongous regions: 96->96
[2026-01-16T09:19:34.459+0000][gc,metaspace] GC(837) Metaspace: 13021K(13376K)->13021K(13376K) NonClass: 11907K(12032K)->11907K(12032K) Class: 1113K(1344K)->1113K(1344K)
[2026-01-16T09:19:34.459+0000][gc          ] GC(837) Pause Young (Normal) (G1 Evacuation Pause) 354M->306M(1024M) 430.674ms
[2026-01-16T09:19:34.461+0000][gc,cpu      ] GC(837) User=0.22s Sys=0.02s Real=0.43s
[2026-01-16T09:19:37.935+0000][gc,start    ] GC(838) Pause Young (Normal) (G1 Evacuation Pause)
[2026-01-16T09:19:37.938+0000][gc,task     ] GC(838) Using 8 workers of 8 for evacuation
[2026-01-16T09:19:38.289+0000][gc,mmu      ] GC(838) MMU target violated: 201.0ms (200.0ms/201.0ms)
[2026-01-16T09:19:38.293+0000][gc,phases   ] GC(838)   Pre Evacuate Collection Set: 30.8ms
[2026-01-16T09:19:38.293+0000][gc,phases   ] GC(838)   Merge Heap Roots: 8.7ms
[2026-01-16T09:19:38.296+0000][gc,phases   ] GC(838)   Evacuate Collection Set: 292.7ms
[2026-01-16T09:19:38.297+0000][gc,phases   ] GC(838)   Post Evacuate Collection Set: 17.1ms
[2026-01-16T09:19:38.297+0000][gc,phases   ] GC(838)   Other: 6.3ms
[2026-01-16T09:19:38.298+0000][gc,heap     ] GC(838) Eden regions: 49->0(48)
[2026-01-16T09:19:38.299+0000][gc,heap     ] GC(838) Survivor regions: 2->3(7)
[2026-01-16T09:19:38.299+0000][gc,heap     ] GC(838) Old regions: 209->209
[2026-01-16T09:19:38.300+0000][gc,heap     ] GC(838) Humongous regions: 96->96
[2026-01-16T09:19:38.300+0000][gc,metaspace] GC(838) Metaspace: 13021K(13376K)->13021K(13376K) NonClass: 11907K(12032K)->11907K(12032K) Class: 1113K(1344K)->1113K(1344K)
[2026-01-16T09:19:38.306+0000][gc          ] GC(838) Pause Young (Normal) (G1 Evacuation Pause) 355M->306M(1024M) 371.414ms
[2026-01-16T09:19:38.310+0000][gc,cpu      ] GC(838) User=0.22s Sys=0.02s Real=0.37s
[2026-01-16T09:19:41.378+0000][gc,start    ] GC(839) Pause Young (Normal) (G1 Evacuation Pause)
[2026-01-16T09:19:41.392+0000][gc,task     ] GC(839) Using 8 workers of 8 for evacuation
[2026-01-16T09:19:41.805+0000][gc,mmu      ] GC(839) MMU target violated: 201.0ms (200.0ms/201.0ms)
[2026-01-16T09:19:41.806+0000][gc,phases   ] GC(839)   Pre Evacuate Collection Set: 71.5ms
[2026-01-16T09:19:41.808+0000][gc,phases   ] GC(839)   Merge Heap Roots: 9.2ms
[2026-01-16T09:19:41.808+0000][gc,phases   ] GC(839)   Evacuate Collection Set: 302.6ms
[2026-01-16T09:19:41.810+0000][gc,phases   ] GC(839)   Post Evacuate Collection Set: 27.3ms
[2026-01-16T09:19:41.810+0000][gc,phases   ] GC(839)   Other: 9.8ms
[2026-01-16T09:19:41.810+0000][gc,heap     ] GC(839) Eden regions: 48->0(49)
[2026-01-16T09:19:41.811+0000][gc,heap     ] GC(839) Survivor regions: 3->2(7)
[2026-01-16T09:19:41.811+0000][gc,heap     ] GC(839) Old regions: 209->209
[2026-01-16T09:19:41.811+0000][gc,heap     ] GC(839) Humongous regions: 96->96
[2026-01-16T09:19:41.812+0000][gc,metaspace] GC(839) Metaspace: 13021K(13376K)->13021K(13376K) NonClass: 11907K(12032K)->11907K(12032K) Class: 1113K(1344K)->1113K(1344K)
[2026-01-16T09:19:41.814+0000][gc          ] GC(839) Pause Young (Normal) (G1 Evacuation Pause) 354M->306M(1024M) 436.370ms
[2026-01-16T09:19:41.816+0000][gc,cpu      ] GC(839) User=0.21s Sys=0.03s Real=0.44s
[2026-01-16T09:19:45.808+0000][gc,start    ] GC(840) Pause Young (Normal) (G1 Evacuation Pause)
[2026-01-16T09:19:45.818+0000][gc,task     ] GC(840) Using 8 workers of 8 for evacuation
[2026-01-16T09:19:45.978+0000][gc,phases   ] GC(840)   Pre Evacuate Collection Set: 18.9ms
[2026-01-16T09:19:45.980+0000][gc,phases   ] GC(840)   Merge Heap Roots: 22.7ms
[2026-01-16T09:19:45.980+0000][gc,phases   ] GC(840)   Evacuate Collection Set: 96.7ms
[2026-01-16T09:19:45.980+0000][gc,phases   ] GC(840)   Post Evacuate Collection Set: 19.6ms
[2026-01-16T09:19:45.980+0000][gc,phases   ] GC(840)   Other: 3.4ms
[2026-01-16T09:19:45.980+0000][gc,heap     ] GC(840) Eden regions: 49->0(48)
[2026-01-16T09:19:45.980+0000][gc,heap     ] GC(840) Survivor regions: 2->3(7)
[2026-01-16T09:19:45.980+0000][gc,heap     ] GC(840) Old regions: 209->209
[2026-01-16T09:19:45.980+0000][gc,heap     ] GC(840) Humongous regions: 96->96
[2026-01-16T09:19:45.981+0000][gc,metaspace] GC(840) Metaspace: 13022K(13376K)->13022K(13376K) NonClass: 11908K(12032K)->11908K(12032K) Class: 1113K(1344K)->1113K(1344K)
[2026-01-16T09:19:45.981+0000][gc          ] GC(840) Pause Young (Normal) (G1 Evacuation Pause) 355M->306M(1024M) 172.926ms
[2026-01-16T09:19:45.981+0000][gc,cpu      ] GC(840) User=0.16s Sys=0.02s Real=0.17s
[2026-01-16T09:19:49.550+0000][gc,start    ] GC(841) Pause Young (Normal) (G1 Evacuation Pause)
[2026-01-16T09:19:49.566+0000][gc,task     ] GC(841) Using 8 workers of 8 for evacuation
[2026-01-16T09:19:49.803+0000][gc,mmu      ] GC(841) MMU target violated: 201.0ms (200.0ms/201.0ms)
[2026-01-16T09:19:49.805+0000][gc,phases   ] GC(841)   Pre Evacuate Collection Set: 19.4ms
[2026-01-16T09:19:49.805+0000][gc,phases   ] GC(841)   Merge Heap Roots: 5.4ms
[2026-01-16T09:19:49.806+0000][gc,phases   ] GC(841)   Evacuate Collection Set: 185.1ms
[2026-01-16T09:19:49.806+0000][gc,phases   ] GC(841)   Post Evacuate Collection Set: 26.8ms
[2026-01-16T09:19:49.806+0000][gc,phases   ] GC(841)   Other: 2.7ms
[2026-01-16T09:19:49.807+0000][gc,heap     ] GC(841) Eden regions: 48->0(49)
[2026-01-16T09:19:49.807+0000][gc,heap     ] GC(841) Survivor regions: 3->2(7)
[2026-01-16T09:19:49.809+0000][gc,heap     ] GC(841) Old regions: 209->209
[2026-01-16T09:19:49.809+0000][gc,heap     ] GC(841) Humongous regions: 96->96
[2026-01-16T09:19:49.810+0000][gc,metaspace] GC(841) Metaspace: 13022K(13376K)->13022K(13376K) NonClass: 11908K(12032K)->11908K(12032K) Class: 1113K(1344K)->1113K(1344K)
[2026-01-16T09:19:49.811+0000][gc          ] GC(841) Pause Young (Normal) (G1 Evacuation Pause) 354M->306M(1024M) 260.699ms
[2026-01-16T09:19:49.812+0000][gc,cpu      ] GC(841) User=0.10s Sys=0.00s Real=0.27s
[2026-01-16T09:19:52.149+0000][gc,start    ] GC(842) Pause Young (Normal) (G1 Evacuation Pause)
[2026-01-16T09:19:52.152+0000][gc,task     ] GC(842) Using 8 workers of 8 for evacuation
[2026-01-16T09:19:52.297+0000][gc,phases   ] GC(842)   Pre Evacuate Collection Set: 12.0ms
[2026-01-16T09:19:52.303+0000][gc,phases   ] GC(842)   Merge Heap Roots: 5.4ms
[2026-01-16T09:19:52.307+0000][gc,phases   ] GC(842)   Evacuate Collection Set: 97.6ms
[2026-01-16T09:19:52.307+0000][gc,phases   ] GC(842)   Post Evacuate Collection Set: 23.6ms
[2026-01-16T09:19:52.307+0000][gc,phases   ] GC(842)   Other: 6.1ms
[2026-01-16T09:19:52.308+0000][gc,heap     ] GC(842) Eden regions: 49->0(48)
[2026-01-16T09:19:52.308+0000][gc,heap     ] GC(842) Survivor regions: 2->3(7)
[2026-01-16T09:19:52.308+0000][gc,heap     ] GC(842) Old regions: 209->209
[2026-01-16T09:19:52.309+0000][gc,heap     ] GC(842) Humongous regions: 96->96
[2026-01-16T09:19:52.309+0000][gc,metaspace] GC(842) Metaspace: 13022K(13376K)->13022K(13376K) NonClass: 11908K(12032K)->11908K(12032K) Class: 1113K(1344K)->1113K(1344K)
[2026-01-16T09:19:52.309+0000][gc          ] GC(842) Pause Young (Normal) (G1 Evacuation Pause) 355M->306M(1024M) 160.122ms
[2026-01-16T09:19:52.310+0000][gc,cpu      ] GC(842) User=0.10s Sys=0.00s Real=0.16s
[2026-01-16T09:19:53.964+0000][gc,start    ] GC(843) Pause Young (Normal) (G1 Evacuation Pause)
[2026-01-16T09:19:53.967+0000][gc,task     ] GC(843) Using 8 workers of 8 for evacuation
[2026-01-16T09:19:54.183+0000][gc,mmu      ] GC(843) MMU target violated: 201.0ms (200.0ms/201.0ms)
[2026-01-16T09:19:54.184+0000][gc,phases   ] GC(843)   Pre Evacuate Collection Set: 26.6ms
[2026-01-16T09:19:54.191+0000][gc,phases   ] GC(843)   Merge Heap Roots: 10.2ms
[2026-01-16T09:19:54.193+0000][gc,phases   ] GC(843)   Evacuate Collection Set: 147.7ms
[2026-01-16T09:19:54.198+0000][gc,phases   ] GC(843)   Post Evacuate Collection Set: 28.6ms
[2026-01-16T09:19:54.201+0000][gc,phases   ] GC(843)   Other: 3.9ms
[2026-01-16T09:19:54.203+0000][gc,heap     ] GC(843) Eden regions: 48->0(48)
[2026-01-16T09:19:54.204+0000][gc,heap     ] GC(843) Survivor regions: 3->3(7)
[2026-01-16T09:19:54.207+0000][gc,heap     ] GC(843) Old regions: 209->209
[2026-01-16T09:19:54.207+0000][gc,heap     ] GC(843) Humongous regions: 96->96
[2026-01-16T09:19:54.211+0000][gc,metaspace] GC(843) Metaspace: 13022K(13376K)->13022K(13376K) NonClass: 11908K(12032K)->11908K(12032K) Class: 1113K(1344K)->1113K(1344K)
[2026-01-16T09:19:54.215+0000][gc          ] GC(843) Pause Young (Normal) (G1 Evacuation Pause) 354M->307M(1024M) 250.873ms
[2026-01-16T09:19:54.221+0000][gc,cpu      ] GC(843) User=0.12s Sys=0.01s Real=0.25s
[2026-01-16T09:20:00.414+0000][gc,start    ] GC(844) Pause Young (Normal) (G1 Evacuation Pause)
[2026-01-16T09:20:00.418+0000][gc,task     ] GC(844) Using 8 workers of 8 for evacuation
[2026-01-16T09:20:00.608+0000][gc,phases   ] GC(844)   Pre Evacuate Collection Set: 31.2ms
[2026-01-16T09:20:00.608+0000][gc,phases   ] GC(844)   Merge Heap Roots: 4.2ms
[2026-01-16T09:20:00.608+0000][gc,phases   ] GC(844)   Evacuate Collection Set: 148.4ms
[2026-01-16T09:20:00.608+0000][gc,phases   ] GC(844)   Post Evacuate Collection Set: 5.2ms
[2026-01-16T09:20:00.609+0000][gc,phases   ] GC(844)   Other: 1.5ms
[2026-01-16T09:20:00.609+0000][gc,heap     ] GC(844) Eden regions: 48->0(51)
[2026-01-16T09:20:00.609+0000][gc,heap     ] GC(844) Survivor regions: 3->2(7)
[2026-01-16T09:20:00.609+0000][gc,heap     ] GC(844) Old regions: 209->209
[2026-01-16T09:20:00.613+0000][gc,heap     ] GC(844) Humongous regions: 96->96
[2026-01-16T09:20:00.613+0000][gc,metaspace] GC(844) Metaspace: 13022K(13376K)->13022K(13376K) NonClass: 11908K(12032K)->11908K(12032K) Class: 1113K(1344K)->1113K(1344K)
[2026-01-16T09:20:00.613+0000][gc          ] GC(844) Pause Young (Normal) (G1 Evacuation Pause) 355M->306M(1024M) 199.288ms
[2026-01-16T09:20:00.613+0000][gc,cpu      ] GC(844) User=0.13s Sys=0.00s Real=0.20s
[2026-01-16T09:20:03.036+0000][gc,start    ] GC(845) Pause Young (Normal) (G1 Evacuation Pause)
[2026-01-16T09:20:03.037+0000][gc,task     ] GC(845) Using 8 workers of 8 for evacuation
[2026-01-16T09:20:03.145+0000][gc,phases   ] GC(845)   Pre Evacuate Collection Set: 8.4ms
[2026-01-16T09:20:03.145+0000][gc,phases   ] GC(845)   Merge Heap Roots: 4.3ms
[2026-01-16T09:20:03.145+0000][gc,phases   ] GC(845)   Evacuate Collection Set: 78.6ms
[2026-01-16T09:20:03.145+0000][gc,phases   ] GC(845)   Post Evacuate Collection Set: 14.7ms
[2026-01-16T09:20:03.145+0000][gc,phases   ] GC(845)   Other: 1.6ms
[2026-01-16T09:20:03.145+0000][gc,heap     ] GC(845) Eden regions: 74->0(48)
[2026-01-16T09:20:03.145+0000][gc,heap     ] GC(845) Survivor regions: 2->3(10)
[2026-01-16T09:20:03.149+0000][gc,heap     ] GC(845) Old regions: 209->209
[2026-01-16T09:20:03.149+0000][gc,heap     ] GC(845) Humongous regions: 96->96
[2026-01-16T09:20:03.149+0000][gc,metaspace] GC(845) Metaspace: 13022K(13376K)->13022K(13376K) NonClass: 11908K(12032K)->11908K(12032K) Class: 1113K(1344K)->1113K(1344K)
[2026-01-16T09:20:03.150+0000][gc          ] GC(845) Pause Young (Normal) (G1 Evacuation Pause) 380M->307M(1024M) 113.573ms
[2026-01-16T09:20:03.150+0000][gc,cpu      ] GC(845) User=0.12s Sys=0.01s Real=0.11s
[2026-01-16T09:20:11.567+0000][gc,start    ] GC(846) Pause Young (Normal) (G1 Evacuation Pause)
[2026-01-16T09:20:11.573+0000][gc,task     ] GC(846) Using 8 workers of 8 for evacuation
[2026-01-16T09:20:11.752+0000][gc,phases   ] GC(846)   Pre Evacuate Collection Set: 28.0ms
[2026-01-16T09:20:11.754+0000][gc,phases   ] GC(846)   Merge Heap Roots: 4.6ms
[2026-01-16T09:20:11.755+0000][gc,phases   ] GC(846)   Evacuate Collection Set: 143.1ms
[2026-01-16T09:20:11.755+0000][gc,phases   ] GC(846)   Post Evacuate Collection Set: 2.1ms
[2026-01-16T09:20:11.755+0000][gc,phases   ] GC(846)   Other: 1.4ms
[2026-01-16T09:20:11.756+0000][gc,heap     ] GC(846) Eden regions: 51->0(81)
[2026-01-16T09:20:11.756+0000][gc,heap     ] GC(846) Survivor regions: 3->3(7)
[2026-01-16T09:20:11.756+0000][gc,heap     ] GC(846) Old regions: 209->209
[2026-01-16T09:20:11.756+0000][gc,heap     ] GC(846) Humongous regions: 96->96
[2026-01-16T09:20:11.757+0000][gc,metaspace] GC(846) Metaspace: 13022K(13376K)->13022K(13376K) NonClass: 11908K(12032K)->11908K(12032K) Class: 1113K(1344K)->1113K(1344K)
[2026-01-16T09:20:11.757+0000][gc          ] GC(846) Pause Young (Normal) (G1 Evacuation Pause) 358M->307M(1024M) 190.583ms
[2026-01-16T09:20:11.758+0000][gc,cpu      ] GC(846) User=0.17s Sys=0.01s Real=0.19s
[2026-01-16T09:20:22.168+0000][gc,start    ] GC(847) Pause Young (Normal) (G1 Evacuation Pause)
[2026-01-16T09:20:22.170+0000][gc,task     ] GC(847) Using 8 workers of 8 for evacuation
[2026-01-16T09:20:22.647+0000][gc,mmu      ] GC(847) MMU target violated: 201.0ms (200.0ms/201.0ms)
[2026-01-16T09:20:22.648+0000][gc,phases   ] GC(847)   Pre Evacuate Collection Set: 44.2ms
[2026-01-16T09:20:22.649+0000][gc,phases   ] GC(847)   Merge Heap Roots: 16.3ms
[2026-01-16T09:20:22.649+0000][gc,phases   ] GC(847)   Evacuate Collection Set: 359.4ms
[2026-01-16T09:20:22.651+0000][gc,phases   ] GC(847)   Post Evacuate Collection Set: 54.3ms
[2026-01-16T09:20:22.652+0000][gc,phases   ] GC(847)   Other: 3.7ms
[2026-01-16T09:20:22.654+0000][gc,heap     ] GC(847) Eden regions: 94->0(49)
[2026-01-16T09:20:22.657+0000][gc,heap     ] GC(847) Survivor regions: 3->2(13)
[2026-01-16T09:20:22.657+0000][gc,heap     ] GC(847) Old regions: 209->210
[2026-01-16T09:20:22.657+0000][gc,heap     ] GC(847) Humongous regions: 96->96
[2026-01-16T09:20:22.657+0000][gc,metaspace] GC(847) Metaspace: 13022K(13376K)->13022K(13376K) NonClass: 11908K(12032K)->11908K(12032K) Class: 1113K(1344K)->1113K(1344K)
[2026-01-16T09:20:22.658+0000][gc          ] GC(847) Pause Young (Normal) (G1 Evacuation Pause) 401M->306M(1024M) 489.311ms
[2026-01-16T09:20:22.658+0000][gc,cpu      ] GC(847) User=0.37s Sys=0.04s Real=0.49s
[2026-01-16T09:20:25.982+0000][gc,start    ] GC(848) Pause Young (Normal) (G1 Evacuation Pause)
[2026-01-16T09:20:25.985+0000][gc,task     ] GC(848) Using 8 workers of 8 for evacuation
[2026-01-16T09:20:26.278+0000][gc,mmu      ] GC(848) MMU target violated: 201.0ms (200.0ms/201.0ms)
[2026-01-16T09:20:26.280+0000][gc,phases   ] GC(848)   Pre Evacuate Collection Set: 74.7ms
[2026-01-16T09:20:26.280+0000][gc,phases   ] GC(848)   Merge Heap Roots: 9.7ms
[2026-01-16T09:20:26.282+0000][gc,phases   ] GC(848)   Evacuate Collection Set: 181.4ms
[2026-01-16T09:20:26.282+0000][gc,phases   ] GC(848)   Post Evacuate Collection Set: 25.5ms
[2026-01-16T09:20:26.285+0000][gc,phases   ] GC(848)   Other: 4.8ms
[2026-01-16T09:20:26.286+0000][gc,heap     ] GC(848) Eden regions: 49->0(48)
[2026-01-16T09:20:26.290+0000][gc,heap     ] GC(848) Survivor regions: 2->3(7)
[2026-01-16T09:20:26.292+0000][gc,heap     ] GC(848) Old regions: 210->210
[2026-01-16T09:20:26.295+0000][gc,heap     ] GC(848) Humongous regions: 96->96
[2026-01-16T09:20:26.296+0000][gc,metaspace] GC(848) Metaspace: 13023K(13376K)->13023K(13376K) NonClass: 11909K(12032K)->11909K(12032K) Class: 1113K(1344K)->1113K(1344K)
[2026-01-16T09:20:26.296+0000][gc          ] GC(848) Pause Young (Normal) (G1 Evacuation Pause) 355M->307M(1024M) 314.286ms
[2026-01-16T09:20:26.298+0000][gc,cpu      ] GC(848) User=0.21s Sys=0.01s Real=0.31s
[2026-01-16T09:20:30.759+0000][gc,start    ] GC(849) Pause Young (Normal) (G1 Evacuation Pause)
[2026-01-16T09:20:30.765+0000][gc,task     ] GC(849) Using 8 workers of 8 for evacuation
[2026-01-16T09:20:31.356+0000][gc,mmu      ] GC(849) MMU target violated: 201.0ms (200.0ms/201.0ms)
[2026-01-16T09:20:31.357+0000][gc,phases   ] GC(849)   Pre Evacuate Collection Set: 42.5ms
[2026-01-16T09:20:31.359+0000][gc,phases   ] GC(849)   Merge Heap Roots: 3.4ms
[2026-01-16T09:20:31.366+0000][gc,phases   ] GC(849)   Evacuate Collection Set: 399.3ms
[2026-01-16T09:20:31.368+0000][gc,phases   ] GC(849)   Post Evacuate Collection Set: 136.2ms
[2026-01-16T09:20:31.369+0000][gc,phases   ] GC(849)   Other: 11.1ms
[2026-01-16T09:20:31.369+0000][gc,heap     ] GC(849) Eden regions: 48->0(49)
[2026-01-16T09:20:31.370+0000][gc,heap     ] GC(849) Survivor regions: 3->2(7)
[2026-01-16T09:20:31.371+0000][gc,heap     ] GC(849) Old regions: 210->210
[2026-01-16T09:20:31.371+0000][gc,heap     ] GC(849) Humongous regions: 96->96
[2026-01-16T09:20:31.373+0000][gc,metaspace] GC(849) Metaspace: 13023K(13376K)->13023K(13376K) NonClass: 11909K(12032K)->11909K(12032K) Class: 1113K(1344K)->1113K(1344K)
[2026-01-16T09:20:31.375+0000][gc          ] GC(849) Pause Young (Normal) (G1 Evacuation Pause) 355M->306M(1024M) 616.647ms
[2026-01-16T09:20:31.376+0000][gc,cpu      ] GC(849) User=0.25s Sys=0.05s Real=0.62s
[2026-01-16T09:20:34.723+0000][gc,start    ] GC(850) Pause Young (Normal) (G1 Evacuation Pause)
[2026-01-16T09:20:34.730+0000][gc,task     ] GC(850) Using 8 workers of 8 for evacuation
[2026-01-16T09:20:35.011+0000][gc,mmu      ] GC(850) MMU target violated: 201.0ms (200.0ms/201.0ms)
[2026-01-16T09:20:35.027+0000][gc,phases   ] GC(850)   Pre Evacuate Collection Set: 19.2ms
[2026-01-16T09:20:35.027+0000][gc,phases   ] GC(850)   Merge Heap Roots: 14.8ms
[2026-01-16T09:20:35.027+0000][gc,phases   ] GC(850)   Evacuate Collection Set: 231.0ms
[2026-01-16T09:20:35.028+0000][gc,phases   ] GC(850)   Post Evacuate Collection Set: 11.5ms
[2026-01-16T09:20:35.031+0000][gc,phases   ] GC(850)   Other: 20.5ms
[2026-01-16T09:20:35.031+0000][gc,heap     ] GC(850) Eden regions: 49->0(48)
[2026-01-16T09:20:35.031+0000][gc,heap     ] GC(850) Survivor regions: 2->3(7)
[2026-01-16T09:20:35.032+0000][gc,heap     ] GC(850) Old regions: 210->210
[2026-01-16T09:20:35.032+0000][gc,heap     ] GC(850) Humongous regions: 96->96
[2026-01-16T09:20:35.032+0000][gc,metaspace] GC(850) Metaspace: 13023K(13376K)->13023K(13376K) NonClass: 11909K(12032K)->11909K(12032K) Class: 1113K(1344K)->1113K(1344K)
[2026-01-16T09:20:35.032+0000][gc          ] GC(850) Pause Young (Normal) (G1 Evacuation Pause) 355M->307M(1024M) 309.506ms
[2026-01-16T09:20:35.033+0000][gc,cpu      ] GC(850) User=0.20s Sys=0.02s Real=0.31s
[2026-01-16T09:20:38.094+0000][gc,start    ] GC(851) Pause Young (Normal) (G1 Evacuation Pause)
[2026-01-16T09:20:38.101+0000][gc,task     ] GC(851) Using 8 workers of 8 for evacuation
[2026-01-16T09:20:38.436+0000][gc,mmu      ] GC(851) MMU target violated: 201.0ms (200.0ms/201.0ms)
[2026-01-16T09:20:38.437+0000][gc,phases   ] GC(851)   Pre Evacuate Collection Set: 25.9ms
[2026-01-16T09:20:38.437+0000][gc,phases   ] GC(851)   Merge Heap Roots: 12.5ms
[2026-01-16T09:20:38.438+0000][gc,phases   ] GC(851)   Evacuate Collection Set: 277.1ms
[2026-01-16T09:20:38.438+0000][gc,phases   ] GC(851)   Post Evacuate Collection Set: 17.6ms
[2026-01-16T09:20:38.439+0000][gc,phases   ] GC(851)   Other: 3.0ms
[2026-01-16T09:20:38.444+0000][gc,heap     ] GC(851) Eden regions: 48->0(48)
[2026-01-16T09:20:38.446+0000][gc,heap     ] GC(851) Survivor regions: 3->3(7)
[2026-01-16T09:20:38.448+0000][gc,heap     ] GC(851) Old regions: 210->210
[2026-01-16T09:20:38.448+0000][gc,heap     ] GC(851) Humongous regions: 96->96
[2026-01-16T09:20:38.449+0000][gc,metaspace] GC(851) Metaspace: 13023K(13376K)->13023K(13376K) NonClass: 11909K(12032K)->11909K(12032K) Class: 1113K(1344K)->1113K(1344K)
[2026-01-16T09:20:38.450+0000][gc          ] GC(851) Pause Young (Normal) (G1 Evacuation Pause) 355M->308M(1024M) 356.526ms
[2026-01-16T09:20:38.452+0000][gc,cpu      ] GC(851) User=0.26s Sys=0.02s Real=0.36s
[2026-01-16T09:20:40.955+0000][gc,start    ] GC(852) Pause Young (Normal) (G1 Evacuation Pause)
[2026-01-16T09:20:40.965+0000][gc,task     ] GC(852) Using 8 workers of 8 for evacuation
[2026-01-16T09:20:41.435+0000][gc,mmu      ] GC(852) MMU target violated: 201.0ms (200.0ms/201.0ms)
[2026-01-16T09:20:41.440+0000][gc,phases   ] GC(852)   Pre Evacuate Collection Set: 73.1ms
[2026-01-16T09:20:41.442+0000][gc,phases   ] GC(852)   Merge Heap Roots: 6.6ms
[2026-01-16T09:20:41.443+0000][gc,phases   ] GC(852)   Evacuate Collection Set: 320.5ms
[2026-01-16T09:20:41.443+0000][gc,phases   ] GC(852)   Post Evacuate Collection Set: 60.7ms
[2026-01-16T09:20:41.445+0000][gc,phases   ] GC(852)   Other: 16.3ms
[2026-01-16T09:20:41.446+0000][gc,heap     ] GC(852) Eden regions: 48->0(49)
[2026-01-16T09:20:41.446+0000][gc,heap     ] GC(852) Survivor regions: 3->2(7)
[2026-01-16T09:20:41.446+0000][gc,heap     ] GC(852) Old regions: 210->210
[2026-01-16T09:20:41.446+0000][gc,heap     ] GC(852) Humongous regions: 96->96
[2026-01-16T09:20:41.446+0000][gc,metaspace] GC(852) Metaspace: 13023K(13376K)->13023K(13376K) NonClass: 11909K(12032K)->11909K(12032K) Class: 1113K(1344K)->1113K(1344K)
[2026-01-16T09:20:41.446+0000][gc          ] GC(852) Pause Young (Normal) (G1 Evacuation Pause) 356M->307M(1024M) 492.193ms
[2026-01-16T09:20:41.446+0000][gc,cpu      ] GC(852) User=0.24s Sys=0.03s Real=0.50s
[2026-01-16T09:20:43.893+0000][gc,start    ] GC(853) Pause Young (Normal) (G1 Evacuation Pause)
[2026-01-16T09:20:43.897+0000][gc,task     ] GC(853) Using 8 workers of 8 for evacuation
[2026-01-16T09:20:44.205+0000][gc,mmu      ] GC(853) MMU target violated: 201.0ms (200.0ms/201.0ms)
[2026-01-16T09:20:44.206+0000][gc,phases   ] GC(853)   Pre Evacuate Collection Set: 33.4ms
[2026-01-16T09:20:44.206+0000][gc,phases   ] GC(853)   Merge Heap Roots: 7.2ms
[2026-01-16T09:20:44.207+0000][gc,phases   ] GC(853)   Evacuate Collection Set: 207.2ms
[2026-01-16T09:20:44.207+0000][gc,phases   ] GC(853)   Post Evacuate Collection Set: 59.2ms
[2026-01-16T09:20:44.207+0000][gc,phases   ] GC(853)   Other: 2.0ms
[2026-01-16T09:20:44.207+0000][gc,heap     ] GC(853) Eden regions: 49->0(48)
[2026-01-16T09:20:44.208+0000][gc,heap     ] GC(853) Survivor regions: 2->3(7)
[2026-01-16T09:20:44.208+0000][gc,heap     ] GC(853) Old regions: 210->210
[2026-01-16T09:20:44.208+0000][gc,heap     ] GC(853) Humongous regions: 96->96
[2026-01-16T09:20:44.209+0000][gc,metaspace] GC(853) Metaspace: 13023K(13376K)->13023K(13376K) NonClass: 11909K(12032K)->11909K(12032K) Class: 1113K(1344K)->1113K(1344K)
[2026-01-16T09:20:44.210+0000][gc          ] GC(853) Pause Young (Normal) (G1 Evacuation Pause) 356M->308M(1024M) 316.891ms
[2026-01-16T09:20:44.211+0000][gc,cpu      ] GC(853) User=0.21s Sys=0.03s Real=0.32s
[2026-01-16T09:20:50.973+0000][gc,start    ] GC(854) Pause Young (Normal) (G1 Evacuation Pause)
[2026-01-16T09:20:50.975+0000][gc,task     ] GC(854) Using 8 workers of 8 for evacuation
[2026-01-16T09:20:51.270+0000][gc,mmu      ] GC(854) MMU target violated: 201.0ms (200.0ms/201.0ms)
[2026-01-16T09:20:51.271+0000][gc,phases   ] GC(854)   Pre Evacuate Collection Set: 48.4ms
[2026-01-16T09:20:51.272+0000][gc,phases   ] GC(854)   Merge Heap Roots: 58.8ms
[2026-01-16T09:20:51.272+0000][gc,phases   ] GC(854)   Evacuate Collection Set: 168.9ms
[2026-01-16T09:20:51.283+0000][gc,phases   ] GC(854)   Post Evacuate Collection Set: 13.0ms
[2026-01-16T09:20:51.287+0000][gc,phases   ] GC(854)   Other: 7.6ms
[2026-01-16T09:20:51.288+0000][gc,heap     ] GC(854) Eden regions: 48->0(49)
[2026-01-16T09:20:51.288+0000][gc,heap     ] GC(854) Survivor regions: 3->2(7)
[2026-01-16T09:20:51.288+0000][gc,heap     ] GC(854) Old regions: 210->210
[2026-01-16T09:20:51.289+0000][gc,heap     ] GC(854) Humongous regions: 96->96
[2026-01-16T09:20:51.289+0000][gc,metaspace] GC(854) Metaspace: 13023K(13376K)->13023K(13376K) NonClass: 11909K(12032K)->11909K(12032K) Class: 1113K(1344K)->1113K(1344K)
[2026-01-16T09:20:51.290+0000][gc          ] GC(854) Pause Young (Normal) (G1 Evacuation Pause) 356M->307M(1024M) 316.412ms
[2026-01-16T09:20:51.290+0000][gc,cpu      ] GC(854) User=0.16s Sys=0.02s Real=0.32s
[2026-01-16T09:20:54.349+0000][gc,start    ] GC(855) Pause Young (Normal) (G1 Evacuation Pause)
[2026-01-16T09:20:54.350+0000][gc,task     ] GC(855) Using 8 workers of 8 for evacuation
[2026-01-16T09:20:54.716+0000][gc,mmu      ] GC(855) MMU target violated: 201.0ms (200.0ms/201.0ms)
[2026-01-16T09:20:54.721+0000][gc,phases   ] GC(855)   Pre Evacuate Collection Set: 9.9ms
[2026-01-16T09:20:54.721+0000][gc,phases   ] GC(855)   Merge Heap Roots: 6.1ms
[2026-01-16T09:20:54.723+0000][gc,phases   ] GC(855)   Evacuate Collection Set: 333.7ms
[2026-01-16T09:20:54.724+0000][gc,phases   ] GC(855)   Post Evacuate Collection Set: 15.9ms
[2026-01-16T09:20:54.725+0000][gc,phases   ] GC(855)   Other: 5.5ms
[2026-01-16T09:20:54.726+0000][gc,heap     ] GC(855) Eden regions: 49->0(48)
[2026-01-16T09:20:54.726+0000][gc,heap     ] GC(855) Survivor regions: 2->3(7)
[2026-01-16T09:20:54.726+0000][gc,heap     ] GC(855) Old regions: 210->210
[2026-01-16T09:20:54.727+0000][gc,heap     ] GC(855) Humongous regions: 96->96
[2026-01-16T09:20:54.727+0000][gc,metaspace] GC(855) Metaspace: 13023K(13376K)->13023K(13376K) NonClass: 11909K(12032K)->11909K(12032K) Class: 1113K(1344K)->1113K(1344K)
[2026-01-16T09:20:54.728+0000][gc          ] GC(855) Pause Young (Normal) (G1 Evacuation Pause) 356M->308M(1024M) 378.935ms
[2026-01-16T09:20:54.728+0000][gc,cpu      ] GC(855) User=0.14s Sys=0.01s Real=0.38s
[2026-01-16T09:20:59.802+0000][gc,start    ] GC(856) Pause Young (Normal) (G1 Evacuation Pause)
[2026-01-16T09:20:59.806+0000][gc,task     ] GC(856) Using 8 workers of 8 for evacuation
[2026-01-16T09:21:00.417+0000][gc,mmu      ] GC(856) MMU target violated: 201.0ms (200.0ms/201.0ms)
[2026-01-16T09:21:00.417+0000][gc,phases   ] GC(856)   Pre Evacuate Collection Set: 57.6ms
[2026-01-16T09:21:00.417+0000][gc,phases   ] GC(856)   Merge Heap Roots: 28.1ms
[2026-01-16T09:21:00.418+0000][gc,phases   ] GC(856)   Evacuate Collection Set: 498.5ms
[2026-01-16T09:21:00.418+0000][gc,phases   ] GC(856)   Post Evacuate Collection Set: 18.3ms
[2026-01-16T09:21:00.418+0000][gc,phases   ] GC(856)   Other: 9.3ms
[2026-01-16T09:21:00.418+0000][gc,heap     ] GC(856) Eden regions: 48->0(49)
[2026-01-16T09:21:00.418+0000][gc,heap     ] GC(856) Survivor regions: 3->2(7)
[2026-01-16T09:21:00.418+0000][gc,heap     ] GC(856) Old regions: 210->210
[2026-01-16T09:21:00.418+0000][gc,heap     ] GC(856) Humongous regions: 96->96
[2026-01-16T09:21:00.421+0000][gc,metaspace] GC(856) Metaspace: 13023K(13376K)->13023K(13376K) NonClass: 11909K(12032K)->11909K(12032K) Class: 1113K(1344K)->1113K(1344K)
[2026-01-16T09:21:00.422+0000][gc          ] GC(856) Pause Young (Normal) (G1 Evacuation Pause) 356M->307M(1024M) 619.453ms
[2026-01-16T09:21:00.423+0000][gc,cpu      ] GC(856) User=0.25s Sys=0.02s Real=0.62s
[2026-01-16T09:21:03.287+0000][gc,start    ] GC(857) Pause Young (Normal) (G1 Evacuation Pause)
[2026-01-16T09:21:03.288+0000][gc,task     ] GC(857) Using 8 workers of 8 for evacuation
[2026-01-16T09:21:03.496+0000][gc,mmu      ] GC(857) MMU target violated: 201.0ms (200.0ms/201.0ms)
[2026-01-16T09:21:03.497+0000][gc,phases   ] GC(857)   Pre Evacuate Collection Set: 21.8ms
[2026-01-16T09:21:03.497+0000][gc,phases   ] GC(857)   Merge Heap Roots: 4.4ms
[2026-01-16T09:21:03.508+0000][gc,phases   ] GC(857)   Evacuate Collection Set: 157.5ms
[2026-01-16T09:21:03.512+0000][gc,phases   ] GC(857)   Post Evacuate Collection Set: 23.3ms
[2026-01-16T09:21:03.513+0000][gc,phases   ] GC(857)   Other: 1.7ms
[2026-01-16T09:21:03.514+0000][gc,heap     ] GC(857) Eden regions: 49->0(48)
[2026-01-16T09:21:03.515+0000][gc,heap     ] GC(857) Survivor regions: 2->3(7)
[2026-01-16T09:21:03.515+0000][gc,heap     ] GC(857) Old regions: 210->210
[2026-01-16T09:21:03.534+0000][gc,heap     ] GC(857) Humongous regions: 96->96
[2026-01-16T09:21:03.535+0000][gc,metaspace] GC(857) Metaspace: 13024K(13376K)->13024K(13376K) NonClass: 11910K(12032K)->11910K(12032K) Class: 1113K(1344K)->1113K(1344K)
[2026-01-16T09:21:03.536+0000][gc          ] GC(857) Pause Young (Normal) (G1 Evacuation Pause) 356M->308M(1024M) 248.509ms
[2026-01-16T09:21:03.537+0000][gc,cpu      ] GC(857) User=0.13s Sys=0.02s Real=0.25s
[2026-01-16T09:21:05.005+0000][gc,start    ] GC(858) Pause Young (Normal) (G1 Evacuation Pause)
[2026-01-16T09:21:05.006+0000][gc,task     ] GC(858) Using 8 workers of 8 for evacuation
[2026-01-16T09:21:05.115+0000][gc,phases   ] GC(858)   Pre Evacuate Collection Set: 12.4ms
[2026-01-16T09:21:05.121+0000][gc,phases   ] GC(858)   Merge Heap Roots: 0.4ms
[2026-01-16T09:21:05.122+0000][gc,phases   ] GC(858)   Evacuate Collection Set: 88.3ms
[2026-01-16T09:21:05.123+0000][gc,phases   ] GC(858)   Post Evacuate Collection Set: 7.0ms
[2026-01-16T09:21:05.123+0000][gc,phases   ] GC(858)   Other: 1.1ms
[2026-01-16T09:21:05.123+0000][gc,heap     ] GC(858) Eden regions: 48->0(48)
[2026-01-16T09:21:05.123+0000][gc,heap     ] GC(858) Survivor regions: 3->3(7)
[2026-01-16T09:21:05.123+0000][gc,heap     ] GC(858) Old regions: 210->210
[2026-01-16T09:21:05.123+0000][gc,heap     ] GC(858) Humongous regions: 96->96
[2026-01-16T09:21:05.123+0000][gc,metaspace] GC(858) Metaspace: 13024K(13376K)->13024K(13376K) NonClass: 11910K(12032K)->11910K(12032K) Class: 1113K(1344K)->1113K(1344K)
[2026-01-16T09:21:05.123+0000][gc          ] GC(858) Pause Young (Normal) (G1 Evacuation Pause) 356M->308M(1024M) 118.352ms
[2026-01-16T09:21:05.124+0000][gc,cpu      ] GC(858) User=0.07s Sys=0.01s Real=0.11s
[2026-01-16T09:21:10.863+0000][gc,start    ] GC(859) Pause Young (Normal) (G1 Evacuation Pause)
[2026-01-16T09:21:10.887+0000][gc,task     ] GC(859) Using 8 workers of 8 for evacuation
[2026-01-16T09:21:11.092+0000][gc,phases   ] GC(859)   Pre Evacuate Collection Set: 41.8ms
[2026-01-16T09:21:11.093+0000][gc,phases   ] GC(859)   Merge Heap Roots: 6.2ms
[2026-01-16T09:21:11.093+0000][gc,phases   ] GC(859)   Evacuate Collection Set: 138.6ms
[2026-01-16T09:21:11.093+0000][gc,phases   ] GC(859)   Post Evacuate Collection Set: 8.1ms
[2026-01-16T09:21:11.094+0000][gc,phases   ] GC(859)   Other: 10.7ms
[2026-01-16T09:21:11.094+0000][gc,heap     ] GC(859) Eden regions: 48->0(49)
[2026-01-16T09:21:11.095+0000][gc,heap     ] GC(859) Survivor regions: 3->2(7)
[2026-01-16T09:21:11.096+0000][gc,heap     ] GC(859) Old regions: 210->211
[2026-01-16T09:21:11.096+0000][gc,heap     ] GC(859) Humongous regions: 96->96
[2026-01-16T09:21:11.096+0000][gc,metaspace] GC(859) Metaspace: 13024K(13376K)->13024K(13376K) NonClass: 11910K(12032K)->11910K(12032K) Class: 1113K(1344K)->1113K(1344K)
[2026-01-16T09:21:11.099+0000][gc          ] GC(859) Pause Young (Normal) (G1 Evacuation Pause) 356M->308M(1024M) 234.765ms
[2026-01-16T09:21:11.107+0000][gc,cpu      ] GC(859) User=0.15s Sys=0.02s Real=0.24s
[2026-01-16T09:21:12.482+0000][gc,start    ] GC(860) Pause Young (Normal) (G1 Evacuation Pause)
[2026-01-16T09:21:12.487+0000][gc,task     ] GC(860) Using 8 workers of 8 for evacuation
[2026-01-16T09:21:12.613+0000][gc,phases   ] GC(860)   Pre Evacuate Collection Set: 4.1ms
[2026-01-16T09:21:12.614+0000][gc,phases   ] GC(860)   Merge Heap Roots: 0.5ms
[2026-01-16T09:21:12.615+0000][gc,phases   ] GC(860)   Evacuate Collection Set: 114.0ms
[2026-01-16T09:21:12.615+0000][gc,phases   ] GC(860)   Post Evacuate Collection Set: 6.7ms
[2026-01-16T09:21:12.616+0000][gc,phases   ] GC(860)   Other: 1.0ms
[2026-01-16T09:21:12.616+0000][gc,heap     ] GC(860) Eden regions: 49->0(48)
[2026-01-16T09:21:12.617+0000][gc,heap     ] GC(860) Survivor regions: 2->3(7)
[2026-01-16T09:21:12.617+0000][gc,heap     ] GC(860) Old regions: 211->211
[2026-01-16T09:21:12.617+0000][gc,heap     ] GC(860) Humongous regions: 96->96
[2026-01-16T09:21:12.618+0000][gc,metaspace] GC(860) Metaspace: 13024K(13376K)->13024K(13376K) NonClass: 11910K(12032K)->11910K(12032K) Class: 1113K(1344K)->1113K(1344K)
[2026-01-16T09:21:12.619+0000][gc          ] GC(860) Pause Young (Normal) (G1 Evacuation Pause) 357M->308M(1024M) 137.531ms
[2026-01-16T09:21:12.619+0000][gc,cpu      ] GC(860) User=0.09s Sys=0.01s Real=0.14s
[2026-01-16T09:21:19.465+0000][gc,start    ] GC(861) Pause Young (Normal) (G1 Evacuation Pause)
[2026-01-16T09:21:19.467+0000][gc,task     ] GC(861) Using 8 workers of 8 for evacuation
[2026-01-16T09:21:19.575+0000][gc,phases   ] GC(861)   Pre Evacuate Collection Set: 7.7ms
[2026-01-16T09:21:19.577+0000][gc,phases   ] GC(861)   Merge Heap Roots: 6.1ms
[2026-01-16T09:21:19.587+0000][gc,phases   ] GC(861)   Evacuate Collection Set: 87.9ms
[2026-01-16T09:21:19.607+0000][gc,phases   ] GC(861)   Post Evacuate Collection Set: 5.8ms
[2026-01-16T09:21:19.616+0000][gc,phases   ] GC(861)   Other: 0.5ms
[2026-01-16T09:21:19.617+0000][gc,heap     ] GC(861) Eden regions: 48->0(64)
[2026-01-16T09:21:19.617+0000][gc,heap     ] GC(861) Survivor regions: 3->2(7)
[2026-01-16T09:21:19.617+0000][gc,heap     ] GC(861) Old regions: 211->211
[2026-01-16T09:21:19.618+0000][gc,heap     ] GC(861) Humongous regions: 96->96
[2026-01-16T09:21:19.618+0000][gc,metaspace] GC(861) Metaspace: 13024K(13376K)->13024K(13376K) NonClass: 11910K(12032K)->11910K(12032K) Class: 1113K(1344K)->1113K(1344K)
[2026-01-16T09:21:19.619+0000][gc          ] GC(861) Pause Young (Normal) (G1 Evacuation Pause) 356M->307M(1024M) 154.119ms
[2026-01-16T09:21:19.621+0000][gc,cpu      ] GC(861) User=0.12s Sys=0.01s Real=0.15s
[2026-01-16T09:21:22.759+0000][gc,start    ] GC(862) Pause Young (Normal) (G1 Evacuation Pause)
[2026-01-16T09:21:22.760+0000][gc,task     ] GC(862) Using 8 workers of 8 for evacuation
[2026-01-16T09:21:22.959+0000][gc,phases   ] GC(862)   Pre Evacuate Collection Set: 16.5ms
[2026-01-16T09:21:22.960+0000][gc,phases   ] GC(862)   Merge Heap Roots: 5.7ms
[2026-01-16T09:21:22.960+0000][gc,phases   ] GC(862)   Evacuate Collection Set: 163.5ms
[2026-01-16T09:21:22.960+0000][gc,phases   ] GC(862)   Post Evacuate Collection Set: 11.8ms
[2026-01-16T09:21:22.961+0000][gc,phases   ] GC(862)   Other: 1.5ms
[2026-01-16T09:21:22.962+0000][gc,heap     ] GC(862) Eden regions: 84->0(48)
[2026-01-16T09:21:22.962+0000][gc,heap     ] GC(862) Survivor regions: 2->3(11)
[2026-01-16T09:21:22.963+0000][gc,heap     ] GC(862) Old regions: 211->211
[2026-01-16T09:21:22.963+0000][gc,heap     ] GC(862) Humongous regions: 96->96
[2026-01-16T09:21:22.964+0000][gc,metaspace] GC(862) Metaspace: 13024K(13376K)->13024K(13376K) NonClass: 11910K(12032K)->11910K(12032K) Class: 1113K(1344K)->1113K(1344K)
[2026-01-16T09:21:22.965+0000][gc          ] GC(862) Pause Young (Normal) (G1 Evacuation Pause) 391M->309M(1024M) 205.484ms
[2026-01-16T09:21:22.965+0000][gc,cpu      ] GC(862) User=0.16s Sys=0.01s Real=0.21s
[2026-01-16T09:21:30.753+0000][gc,start    ] GC(863) Pause Young (Normal) (G1 Evacuation Pause)
[2026-01-16T09:21:30.754+0000][gc,task     ] GC(863) Using 8 workers of 8 for evacuation
[2026-01-16T09:21:31.183+0000][gc,mmu      ] GC(863) MMU target violated: 201.0ms (200.0ms/201.0ms)
[2026-01-16T09:21:31.184+0000][gc,phases   ] GC(863)   Pre Evacuate Collection Set: 55.8ms
[2026-01-16T09:21:31.184+0000][gc,phases   ] GC(863)   Merge Heap Roots: 3.9ms
[2026-01-16T09:21:31.185+0000][gc,phases   ] GC(863)   Evacuate Collection Set: 283.6ms
[2026-01-16T09:21:31.185+0000][gc,phases   ] GC(863)   Post Evacuate Collection Set: 84.7ms
[2026-01-16T09:21:31.185+0000][gc,phases   ] GC(863)   Other: 2.6ms
[2026-01-16T09:21:31.185+0000][gc,heap     ] GC(863) Eden regions: 48->0(49)
[2026-01-16T09:21:31.185+0000][gc,heap     ] GC(863) Survivor regions: 3->2(7)
[2026-01-16T09:21:31.185+0000][gc,heap     ] GC(863) Old regions: 211->211
[2026-01-16T09:21:31.185+0000][gc,heap     ] GC(863) Humongous regions: 96->96
[2026-01-16T09:21:31.185+0000][gc,metaspace] GC(863) Metaspace: 13024K(13376K)->13024K(13376K) NonClass: 11910K(12032K)->11910K(12032K) Class: 1113K(1344K)->1113K(1344K)
[2026-01-16T09:21:31.189+0000][gc          ] GC(863) Pause Young (Normal) (G1 Evacuation Pause) 357M->308M(1024M) 436.143ms
[2026-01-16T09:21:31.191+0000][gc,cpu      ] GC(863) User=0.17s Sys=0.01s Real=0.43s
[2026-01-16T09:21:35.846+0000][gc,start    ] GC(864) Pause Young (Normal) (G1 Evacuation Pause)
[2026-01-16T09:21:35.853+0000][gc,task     ] GC(864) Using 8 workers of 8 for evacuation
[2026-01-16T09:21:36.445+0000][gc,mmu      ] GC(864) MMU target violated: 201.0ms (200.0ms/201.0ms)
[2026-01-16T09:21:36.445+0000][gc,phases   ] GC(864)   Pre Evacuate Collection Set: 26.1ms
[2026-01-16T09:21:36.446+0000][gc,phases   ] GC(864)   Merge Heap Roots: 9.0ms
[2026-01-16T09:21:36.446+0000][gc,phases   ] GC(864)   Evacuate Collection Set: 531.6ms
[2026-01-16T09:21:36.446+0000][gc,phases   ] GC(864)   Post Evacuate Collection Set: 21.6ms
[2026-01-16T09:21:36.447+0000][gc,phases   ] GC(864)   Other: 6.3ms
[2026-01-16T09:21:36.447+0000][gc,heap     ] GC(864) Eden regions: 49->0(48)
[2026-01-16T09:21:36.447+0000][gc,heap     ] GC(864) Survivor regions: 2->3(7)
[2026-01-16T09:21:36.449+0000][gc,heap     ] GC(864) Old regions: 211->211
[2026-01-16T09:21:36.449+0000][gc,heap     ] GC(864) Humongous regions: 96->96
[2026-01-16T09:21:36.450+0000][gc,metaspace] GC(864) Metaspace: 13032K(13440K)->13032K(13440K) NonClass: 11919K(12096K)->11919K(12096K) Class: 1113K(1344K)->1113K(1344K)
[2026-01-16T09:21:36.451+0000][gc          ] GC(864) Pause Young (Normal) (G1 Evacuation Pause) 357M->309M(1024M) 604.961ms
[2026-01-16T09:21:36.452+0000][gc,cpu      ] GC(864) User=0.34s Sys=0.02s Real=0.60s
[2026-01-16T09:21:39.523+0000][gc,start    ] GC(865) Pause Young (Normal) (G1 Evacuation Pause)
[2026-01-16T09:21:39.525+0000][gc,task     ] GC(865) Using 8 workers of 8 for evacuation
[2026-01-16T09:21:40.032+0000][gc,mmu      ] GC(865) MMU target violated: 201.0ms (200.0ms/201.0ms)
[2026-01-16T09:21:40.033+0000][gc,phases   ] GC(865)   Pre Evacuate Collection Set: 13.0ms
[2026-01-16T09:21:40.039+0000][gc,phases   ] GC(865)   Merge Heap Roots: 8.3ms
[2026-01-16T09:21:40.039+0000][gc,phases   ] GC(865)   Evacuate Collection Set: 395.5ms
[2026-01-16T09:21:40.040+0000][gc,phases   ] GC(865)   Post Evacuate Collection Set: 87.5ms
[2026-01-16T09:21:40.041+0000][gc,phases   ] GC(865)   Other: 4.7ms
[2026-01-16T09:21:40.042+0000][gc,heap     ] GC(865) Eden regions: 48->0(48)
[2026-01-16T09:21:40.043+0000][gc,heap     ] GC(865) Survivor regions: 3->3(7)
[2026-01-16T09:21:40.043+0000][gc,heap     ] GC(865) Old regions: 211->211
[2026-01-16T09:21:40.044+0000][gc,heap     ] GC(865) Humongous regions: 96->96
[2026-01-16T09:21:40.045+0000][gc,metaspace] GC(865) Metaspace: 13032K(13440K)->13032K(13440K) NonClass: 11919K(12096K)->11919K(12096K) Class: 1113K(1344K)->1113K(1344K)
[2026-01-16T09:21:40.046+0000][gc          ] GC(865) Pause Young (Normal) (G1 Evacuation Pause) 357M->308M(1024M) 523.106ms
[2026-01-16T09:21:40.046+0000][gc,cpu      ] GC(865) User=0.25s Sys=0.01s Real=0.52s
[2026-01-16T09:21:41.264+0000][gc,start    ] GC(866) Pause Young (Normal) (G1 Evacuation Pause)
[2026-01-16T09:21:41.264+0000][gc,task     ] GC(866) Using 8 workers of 8 for evacuation
[2026-01-16T09:21:41.485+0000][gc,mmu      ] GC(866) MMU target violated: 201.0ms (200.0ms/201.0ms)
[2026-01-16T09:21:41.486+0000][gc,phases   ] GC(866)   Pre Evacuate Collection Set: 6.0ms
[2026-01-16T09:21:41.491+0000][gc,phases   ] GC(866)   Merge Heap Roots: 0.8ms
[2026-01-16T09:21:41.492+0000][gc,phases   ] GC(866)   Evacuate Collection Set: 186.5ms
[2026-01-16T09:21:41.492+0000][gc,phases   ] GC(866)   Post Evacuate Collection Set: 24.7ms
[2026-01-16T09:21:41.493+0000][gc,phases   ] GC(866)   Other: 3.7ms
[2026-01-16T09:21:41.494+0000][gc,heap     ] GC(866) Eden regions: 48->0(48)
[2026-01-16T09:21:41.494+0000][gc,heap     ] GC(866) Survivor regions: 3->3(7)
[2026-01-16T09:21:41.494+0000][gc,heap     ] GC(866) Old regions: 211->211
[2026-01-16T09:21:41.495+0000][gc,heap     ] GC(866) Humongous regions: 96->96
[2026-01-16T09:21:41.495+0000][gc,metaspace] GC(866) Metaspace: 13032K(13440K)->13032K(13440K) NonClass: 11919K(12096K)->11919K(12096K) Class: 1113K(1344K)->1113K(1344K)
[2026-01-16T09:21:41.495+0000][gc          ] GC(866) Pause Young (Normal) (G1 Evacuation Pause) 356M->309M(1024M) 230.814ms
[2026-01-16T09:21:41.495+0000][gc,cpu      ] GC(866) User=0.12s Sys=0.02s Real=0.23s
[2026-01-16T09:21:42.639+0000][gc,start    ] GC(867) Pause Young (Normal) (G1 Evacuation Pause)
[2026-01-16T09:21:42.643+0000][gc,task     ] GC(867) Using 8 workers of 8 for evacuation
[2026-01-16T09:21:42.754+0000][gc,phases   ] GC(867)   Pre Evacuate Collection Set: 8.4ms
[2026-01-16T09:21:42.755+0000][gc,phases   ] GC(867)   Merge Heap Roots: 2.1ms
[2026-01-16T09:21:42.755+0000][gc,phases   ] GC(867)   Evacuate Collection Set: 96.1ms
[2026-01-16T09:21:42.755+0000][gc,phases   ] GC(867)   Post Evacuate Collection Set: 2.9ms
[2026-01-16T09:21:42.755+0000][gc,phases   ] GC(867)   Other: 2.1ms
[2026-01-16T09:21:42.755+0000][gc,heap     ] GC(867) Eden regions: 48->0(47)
[2026-01-16T09:21:42.756+0000][gc,heap     ] GC(867) Survivor regions: 3->4(7)
[2026-01-16T09:21:42.756+0000][gc,heap     ] GC(867) Old regions: 211->211
[2026-01-16T09:21:42.756+0000][gc,heap     ] GC(867) Humongous regions: 96->96
[2026-01-16T09:21:42.756+0000][gc,metaspace] GC(867) Metaspace: 13032K(13440K)->13032K(13440K) NonClass: 11919K(12096K)->11919K(12096K) Class: 1113K(1344K)->1113K(1344K)
[2026-01-16T09:21:42.756+0000][gc          ] GC(867) Pause Young (Normal) (G1 Evacuation Pause) 357M->309M(1024M) 116.629ms
[2026-01-16T09:21:42.756+0000][gc,cpu      ] GC(867) User=0.07s Sys=0.01s Real=0.12s
[2026-01-16T09:21:50.747+0000][gc,start    ] GC(868) Pause Young (Normal) (G1 Evacuation Pause)
[2026-01-16T09:21:50.754+0000][gc,task     ] GC(868) Using 8 workers of 8 for evacuation
[2026-01-16T09:21:50.890+0000][gc,phases   ] GC(868)   Pre Evacuate Collection Set: 11.9ms
[2026-01-16T09:21:50.909+0000][gc,phases   ] GC(868)   Merge Heap Roots: 4.3ms
[2026-01-16T09:21:50.910+0000][gc,phases   ] GC(868)   Evacuate Collection Set: 97.0ms
[2026-01-16T09:21:50.910+0000][gc,phases   ] GC(868)   Post Evacuate Collection Set: 21.9ms
[2026-01-16T09:21:50.918+0000][gc,phases   ] GC(868)   Other: 1.0ms
[2026-01-16T09:21:50.918+0000][gc,heap     ] GC(868) Eden regions: 47->0(48)
[2026-01-16T09:21:50.919+0000][gc,heap     ] GC(868) Survivor regions: 4->3(7)
[2026-01-16T09:21:50.919+0000][gc,heap     ] GC(868) Old regions: 211->211
[2026-01-16T09:21:50.919+0000][gc,heap     ] GC(868) Humongous regions: 96->96
[2026-01-16T09:21:50.919+0000][gc,metaspace] GC(868) Metaspace: 13032K(13440K)->13032K(13440K) NonClass: 11919K(12096K)->11919K(12096K) Class: 1113K(1344K)->1113K(1344K)
[2026-01-16T09:21:50.919+0000][gc          ] GC(868) Pause Young (Normal) (G1 Evacuation Pause) 356M->309M(1024M) 172.624ms
[2026-01-16T09:21:50.919+0000][gc,cpu      ] GC(868) User=0.17s Sys=0.01s Real=0.17s
[2026-01-16T09:21:51.623+0000][gc,start    ] GC(869) Pause Young (Normal) (G1 Evacuation Pause)
[2026-01-16T09:21:51.626+0000][gc,task     ] GC(869) Using 8 workers of 8 for evacuation
[2026-01-16T09:21:51.683+0000][gc,phases   ] GC(869)   Pre Evacuate Collection Set: 1.0ms
[2026-01-16T09:21:51.684+0000][gc,phases   ] GC(869)   Merge Heap Roots: 1.9ms
[2026-01-16T09:21:51.686+0000][gc,phases   ] GC(869)   Evacuate Collection Set: 50.4ms
[2026-01-16T09:21:51.686+0000][gc,phases   ] GC(869)   Post Evacuate Collection Set: 2.4ms
[2026-01-16T09:21:51.686+0000][gc,phases   ] GC(869)   Other: 0.8ms
[2026-01-16T09:21:51.688+0000][gc,heap     ] GC(869) Eden regions: 48->0(47)
[2026-01-16T09:21:51.688+0000][gc,heap     ] GC(869) Survivor regions: 3->4(7)
[2026-01-16T09:21:51.688+0000][gc,heap     ] GC(869) Old regions: 211->212
[2026-01-16T09:21:51.689+0000][gc,heap     ] GC(869) Humongous regions: 96->96
[2026-01-16T09:21:51.689+0000][gc,metaspace] GC(869) Metaspace: 13032K(13440K)->13032K(13440K) NonClass: 11919K(12096K)->11919K(12096K) Class: 1113K(1344K)->1113K(1344K)
[2026-01-16T09:21:51.689+0000][gc          ] GC(869) Pause Young (Normal) (G1 Evacuation Pause) 357M->310M(1024M) 65.951ms
[2026-01-16T09:21:51.689+0000][gc,cpu      ] GC(869) User=0.09s Sys=0.00s Real=0.06s
[2026-01-16T09:21:59.792+0000][gc,start    ] GC(870) Pause Young (Normal) (G1 Evacuation Pause)
[2026-01-16T09:21:59.801+0000][gc,task     ] GC(870) Using 8 workers of 8 for evacuation
[2026-01-16T09:21:59.998+0000][gc,phases   ] GC(870)   Pre Evacuate Collection Set: 14.8ms
[2026-01-16T09:22:00.001+0000][gc,phases   ] GC(870)   Merge Heap Roots: 9.9ms
[2026-01-16T09:22:00.002+0000][gc,phases   ] GC(870)   Evacuate Collection Set: 161.8ms
[2026-01-16T09:22:00.005+0000][gc,phases   ] GC(870)   Post Evacuate Collection Set: 9.9ms
[2026-01-16T09:22:00.011+0000][gc,phases   ] GC(870)   Other: 1.7ms
[2026-01-16T09:22:00.015+0000][gc,heap     ] GC(870) Eden regions: 47->0(48)
[2026-01-16T09:22:00.019+0000][gc,heap     ] GC(870) Survivor regions: 4->3(7)
[2026-01-16T09:22:00.022+0000][gc,heap     ] GC(870) Old regions: 212->212
[2026-01-16T09:22:00.023+0000][gc,heap     ] GC(870) Humongous regions: 96->96
[2026-01-16T09:22:00.024+0000][gc,metaspace] GC(870) Metaspace: 13032K(13440K)->13032K(13440K) NonClass: 11919K(12096K)->11919K(12096K) Class: 1113K(1344K)->1113K(1344K)
[2026-01-16T09:22:00.024+0000][gc          ] GC(870) Pause Young (Normal) (G1 Evacuation Pause) 357M->309M(1024M) 232.799ms
[2026-01-16T09:22:00.025+0000][gc,cpu      ] GC(870) User=0.32s Sys=0.02s Real=0.24s
[2026-01-16T09:22:01.041+0000][gc,start    ] GC(871) Pause Young (Normal) (G1 Evacuation Pause)
[2026-01-16T09:22:01.042+0000][gc,task     ] GC(871) Using 8 workers of 8 for evacuation
[2026-01-16T09:22:01.107+0000][gc,phases   ] GC(871)   Pre Evacuate Collection Set: 1.0ms
[2026-01-16T09:22:01.111+0000][gc,phases   ] GC(871)   Merge Heap Roots: 0.8ms
[2026-01-16T09:22:01.113+0000][gc,phases   ] GC(871)   Evacuate Collection Set: 57.9ms
[2026-01-16T09:22:01.113+0000][gc,phases   ] GC(871)   Post Evacuate Collection Set: 3.1ms
[2026-01-16T09:22:01.113+0000][gc,phases   ] GC(871)   Other: 2.0ms
[2026-01-16T09:22:01.114+0000][gc,heap     ] GC(871) Eden regions: 48->0(48)
[2026-01-16T09:22:01.114+0000][gc,heap     ] GC(871) Survivor regions: 3->3(7)
[2026-01-16T09:22:01.114+0000][gc,heap     ] GC(871) Old regions: 212->212
[2026-01-16T09:22:01.114+0000][gc,heap     ] GC(871) Humongous regions: 96->96
[2026-01-16T09:22:01.115+0000][gc,metaspace] GC(871) Metaspace: 13032K(13440K)->13032K(13440K) NonClass: 11919K(12096K)->11919K(12096K) Class: 1113K(1344K)->1113K(1344K)
[2026-01-16T09:22:01.116+0000][gc          ] GC(871) Pause Young (Normal) (G1 Evacuation Pause) 357M->309M(1024M) 74.892ms
[2026-01-16T09:22:01.117+0000][gc,cpu      ] GC(871) User=0.08s Sys=0.01s Real=0.08s
[2026-01-16T09:22:09.262+0000][gc,start    ] GC(872) Pause Young (Normal) (G1 Evacuation Pause)
[2026-01-16T09:22:09.264+0000][gc,task     ] GC(872) Using 8 workers of 8 for evacuation
[2026-01-16T09:22:09.359+0000][gc,phases   ] GC(872)   Pre Evacuate Collection Set: 7.1ms
[2026-01-16T09:22:09.360+0000][gc,phases   ] GC(872)   Merge Heap Roots: 3.7ms
[2026-01-16T09:22:09.360+0000][gc,phases   ] GC(872)   Evacuate Collection Set: 73.5ms
[2026-01-16T09:22:09.360+0000][gc,phases   ] GC(872)   Post Evacuate Collection Set: 9.5ms
[2026-01-16T09:22:09.360+0000][gc,phases   ] GC(872)   Other: 1.6ms
[2026-01-16T09:22:09.361+0000][gc,heap     ] GC(872) Eden regions: 67->0(117)
[2026-01-16T09:22:09.361+0000][gc,heap     ] GC(872) Survivor regions: 3->3(9)
[2026-01-16T09:22:09.361+0000][gc,heap     ] GC(872) Old regions: 212->212
[2026-01-16T09:22:09.361+0000][gc,heap     ] GC(872) Humongous regions: 96->96
[2026-01-16T09:22:09.362+0000][gc,metaspace] GC(872) Metaspace: 13032K(13440K)->13032K(13440K) NonClass: 11919K(12096K)->11919K(12096K) Class: 1113K(1344K)->1113K(1344K)
[2026-01-16T09:22:09.364+0000][gc          ] GC(872) Pause Young (Normal) (G1 Evacuation Pause) 376M->309M(1024M) 101.989ms
[2026-01-16T09:22:09.364+0000][gc,cpu      ] GC(872) User=0.23s Sys=0.01s Real=0.10s
[2026-01-16T09:22:22.624+0000][gc,start    ] GC(873) Pause Young (Normal) (G1 Evacuation Pause)
[2026-01-16T09:22:22.625+0000][gc,task     ] GC(873) Using 8 workers of 8 for evacuation
[2026-01-16T09:22:22.900+0000][gc,mmu      ] GC(873) MMU target violated: 201.0ms (200.0ms/201.0ms)
[2026-01-16T09:22:22.906+0000][gc,phases   ] GC(873)   Pre Evacuate Collection Set: 20.4ms
[2026-01-16T09:22:22.910+0000][gc,phases   ] GC(873)   Merge Heap Roots: 12.6ms
[2026-01-16T09:22:22.910+0000][gc,phases   ] GC(873)   Evacuate Collection Set: 218.2ms
[2026-01-16T09:22:22.910+0000][gc,phases   ] GC(873)   Post Evacuate Collection Set: 14.9ms
[2026-01-16T09:22:22.910+0000][gc,phases   ] GC(873)   Other: 14.7ms
[2026-01-16T09:22:22.910+0000][gc,heap     ] GC(873) Eden regions: 167->0(47)
[2026-01-16T09:22:22.910+0000][gc,heap     ] GC(873) Survivor regions: 3->4(22)
[2026-01-16T09:22:22.910+0000][gc,heap     ] GC(873) Old regions: 212->212
[2026-01-16T09:22:22.946+0000][gc,heap     ] GC(873) Humongous regions: 96->96
[2026-01-16T09:22:22.946+0000][gc,metaspace] GC(873) Metaspace: 13032K(13440K)->13032K(13440K) NonClass: 11919K(12096K)->11919K(12096K) Class: 1113K(1344K)->1113K(1344K)
[2026-01-16T09:22:22.982+0000][gc          ] GC(873) Pause Young (Normal) (G1 Evacuation Pause) 476M->310M(1024M) 357.844ms
[2026-01-16T09:22:22.985+0000][gc,cpu      ] GC(873) User=0.45s Sys=0.03s Real=0.36s
[2026-01-16T09:22:29.464+0000][gc,start    ] GC(874) Pause Young (Normal) (G1 Evacuation Pause)
[2026-01-16T09:22:29.468+0000][gc,task     ] GC(874) Using 8 workers of 8 for evacuation
[2026-01-16T09:22:29.904+0000][gc,mmu      ] GC(874) MMU target violated: 201.0ms (200.0ms/201.0ms)
[2026-01-16T09:22:29.911+0000][gc,phases   ] GC(874)   Pre Evacuate Collection Set: 16.2ms
[2026-01-16T09:22:29.911+0000][gc,phases   ] GC(874)   Merge Heap Roots: 10.9ms
[2026-01-16T09:22:29.911+0000][gc,phases   ] GC(874)   Evacuate Collection Set: 356.1ms
[2026-01-16T09:22:29.912+0000][gc,phases   ] GC(874)   Post Evacuate Collection Set: 52.5ms
[2026-01-16T09:22:29.912+0000][gc,phases   ] GC(874)   Other: 7.6ms
[2026-01-16T09:22:29.916+0000][gc,heap     ] GC(874) Eden regions: 47->0(48)
[2026-01-16T09:22:29.920+0000][gc,heap     ] GC(874) Survivor regions: 4->3(7)
[2026-01-16T09:22:29.920+0000][gc,heap     ] GC(874) Old regions: 212->212
[2026-01-16T09:22:29.920+0000][gc,heap     ] GC(874) Humongous regions: 96->96
[2026-01-16T09:22:29.920+0000][gc,metaspace] GC(874) Metaspace: 13032K(13440K)->13032K(13440K) NonClass: 11919K(12096K)->11919K(12096K) Class: 1113K(1344K)->1113K(1344K)
[2026-01-16T09:22:29.921+0000][gc          ] GC(874) Pause Young (Normal) (G1 Evacuation Pause) 357M->309M(1024M) 456.500ms
[2026-01-16T09:22:29.924+0000][gc,cpu      ] GC(874) User=0.33s Sys=0.02s Real=0.46s
[2026-01-16T09:22:32.245+0000][gc,start    ] GC(875) Pause Young (Normal) (G1 Evacuation Pause)
[2026-01-16T09:22:32.246+0000][gc,task     ] GC(875) Using 8 workers of 8 for evacuation
[2026-01-16T09:22:32.372+0000][gc,phases   ] GC(875)   Pre Evacuate Collection Set: 8.0ms
[2026-01-16T09:22:32.372+0000][gc,phases   ] GC(875)   Merge Heap Roots: 7.3ms
[2026-01-16T09:22:32.372+0000][gc,phases   ] GC(875)   Evacuate Collection Set: 105.4ms
[2026-01-16T09:22:32.372+0000][gc,phases   ] GC(875)   Post Evacuate Collection Set: 3.9ms
[2026-01-16T09:22:32.372+0000][gc,phases   ] GC(875)   Other: 1.2ms
[2026-01-16T09:22:32.372+0000][gc,heap     ] GC(875) Eden regions: 48->0(48)
[2026-01-16T09:22:32.372+0000][gc,heap     ] GC(875) Survivor regions: 3->3(7)
[2026-01-16T09:22:32.374+0000][gc,heap     ] GC(875) Old regions: 212->212
[2026-01-16T09:22:32.374+0000][gc,heap     ] GC(875) Humongous regions: 96->96
[2026-01-16T09:22:32.374+0000][gc,metaspace] GC(875) Metaspace: 13032K(13440K)->13032K(13440K) NonClass: 11919K(12096K)->11919K(12096K) Class: 1113K(1344K)->1113K(1344K)
[2026-01-16T09:22:32.374+0000][gc          ] GC(875) Pause Young (Normal) (G1 Evacuation Pause) 357M->310M(1024M) 129.200ms
[2026-01-16T09:22:32.375+0000][gc,cpu      ] GC(875) User=0.20s Sys=0.02s Real=0.13s
[2026-01-16T09:22:33.245+0000][gc,start    ] GC(876) Pause Young (Normal) (G1 Evacuation Pause)
[2026-01-16T09:22:33.245+0000][gc,task     ] GC(876) Using 8 workers of 8 for evacuation
[2026-01-16T09:22:33.317+0000][gc,phases   ] GC(876)   Pre Evacuate Collection Set: 5.4ms
[2026-01-16T09:22:33.318+0000][gc,phases   ] GC(876)   Merge Heap Roots: 0.3ms
[2026-01-16T09:22:33.319+0000][gc,phases   ] GC(876)   Evacuate Collection Set: 63.7ms
[2026-01-16T09:22:33.320+0000][gc,phases   ] GC(876)   Post Evacuate Collection Set: 2.5ms
[2026-01-16T09:22:33.321+0000][gc,phases   ] GC(876)   Other: 0.4ms
[2026-01-16T09:22:33.322+0000][gc,heap     ] GC(876) Eden regions: 48->0(47)
[2026-01-16T09:22:33.323+0000][gc,heap     ] GC(876) Survivor regions: 3->4(7)
[2026-01-16T09:22:33.324+0000][gc,heap     ] GC(876) Old regions: 212->212
[2026-01-16T09:22:33.325+0000][gc,heap     ] GC(876) Humongous regions: 96->96
[2026-01-16T09:22:33.326+0000][gc,metaspace] GC(876) Metaspace: 13032K(13440K)->13032K(13440K) NonClass: 11919K(12096K)->11919K(12096K) Class: 1113K(1344K)->1113K(1344K)
[2026-01-16T09:22:33.327+0000][gc          ] GC(876) Pause Young (Normal) (G1 Evacuation Pause) 358M->311M(1024M) 81.876ms
[2026-01-16T09:22:33.328+0000][gc,cpu      ] GC(876) User=0.08s Sys=0.00s Real=0.09s
[2026-01-16T09:22:41.887+0000][gc,start    ] GC(877) Pause Young (Normal) (G1 Evacuation Pause)
[2026-01-16T09:22:41.890+0000][gc,task     ] GC(877) Using 8 workers of 8 for evacuation
[2026-01-16T09:22:42.125+0000][gc,mmu      ] GC(877) MMU target violated: 201.0ms (200.0ms/201.0ms)
[2026-01-16T09:22:42.126+0000][gc,phases   ] GC(877)   Pre Evacuate Collection Set: 13.3ms
[2026-01-16T09:22:42.127+0000][gc,phases   ] GC(877)   Merge Heap Roots: 5.0ms
[2026-01-16T09:22:42.152+0000][gc,phases   ] GC(877)   Evacuate Collection Set: 201.7ms
[2026-01-16T09:22:42.153+0000][gc,phases   ] GC(877)   Post Evacuate Collection Set: 7.7ms
[2026-01-16T09:22:42.153+0000][gc,phases   ] GC(877)   Other: 9.2ms
[2026-01-16T09:22:42.153+0000][gc,heap     ] GC(877) Eden regions: 47->0(48)
[2026-01-16T09:22:42.154+0000][gc,heap     ] GC(877) Survivor regions: 4->3(7)
[2026-01-16T09:22:42.155+0000][gc,heap     ] GC(877) Old regions: 212->212
[2026-01-16T09:22:42.155+0000][gc,heap     ] GC(877) Humongous regions: 96->96
[2026-01-16T09:22:42.155+0000][gc,metaspace] GC(877) Metaspace: 13032K(13440K)->13032K(13440K) NonClass: 11919K(12096K)->11919K(12096K) Class: 1113K(1344K)->1113K(1344K)
[2026-01-16T09:22:42.155+0000][gc          ] GC(877) Pause Young (Normal) (G1 Evacuation Pause) 358M->310M(1024M) 267.989ms
[2026-01-16T09:22:42.156+0000][gc,cpu      ] GC(877) User=0.24s Sys=0.01s Real=0.26s
[2026-01-16T09:22:47.756+0000][gc,start    ] GC(878) Pause Young (Normal) (G1 Evacuation Pause)
[2026-01-16T09:22:47.779+0000][gc,task     ] GC(878) Using 8 workers of 8 for evacuation
[2026-01-16T09:22:48.623+0000][gc,mmu      ] GC(878) MMU target violated: 201.0ms (200.0ms/201.0ms)
[2026-01-16T09:22:48.624+0000][gc,phases   ] GC(878)   Pre Evacuate Collection Set: 39.8ms
[2026-01-16T09:22:48.624+0000][gc,phases   ] GC(878)   Merge Heap Roots: 90.2ms
[2026-01-16T09:22:48.625+0000][gc,phases   ] GC(878)   Evacuate Collection Set: 611.2ms
[2026-01-16T09:22:48.625+0000][gc,phases   ] GC(878)   Post Evacuate Collection Set: 99.0ms
[2026-01-16T09:22:48.625+0000][gc,phases   ] GC(878)   Other: 17.0ms
[2026-01-16T09:22:48.626+0000][gc,heap     ] GC(878) Eden regions: 48->0(47)
[2026-01-16T09:22:48.626+0000][gc,heap     ] GC(878) Survivor regions: 3->4(7)
[2026-01-16T09:22:48.626+0000][gc,heap     ] GC(878) Old regions: 212->212
[2026-01-16T09:22:48.626+0000][gc,heap     ] GC(878) Humongous regions: 96->96
[2026-01-16T09:22:48.631+0000][gc,metaspace] GC(878) Metaspace: 13036K(13440K)->13036K(13440K) NonClass: 11922K(12096K)->11922K(12096K) Class: 1113K(1344K)->1113K(1344K)
[2026-01-16T09:22:48.631+0000][gc          ] GC(878) Pause Young (Normal) (G1 Evacuation Pause) 358M->311M(1024M) 875.823ms
[2026-01-16T09:22:48.631+0000][gc,cpu      ] GC(878) User=0.72s Sys=0.06s Real=0.88s
[2026-01-16T09:22:51.219+0000][gc,start    ] GC(879) Pause Young (Normal) (G1 Evacuation Pause)
[2026-01-16T09:22:51.220+0000][gc,task     ] GC(879) Using 8 workers of 8 for evacuation
[2026-01-16T09:22:51.584+0000][gc,mmu      ] GC(879) MMU target violated: 201.0ms (200.0ms/201.0ms)
[2026-01-16T09:22:51.585+0000][gc,phases   ] GC(879)   Pre Evacuate Collection Set: 15.2ms
[2026-01-16T09:22:51.586+0000][gc,phases   ] GC(879)   Merge Heap Roots: 9.5ms
[2026-01-16T09:22:51.586+0000][gc,phases   ] GC(879)   Evacuate Collection Set: 325.7ms
[2026-01-16T09:22:51.586+0000][gc,phases   ] GC(879)   Post Evacuate Collection Set: 12.9ms
[2026-01-16T09:22:51.587+0000][gc,phases   ] GC(879)   Other: 2.3ms
[2026-01-16T09:22:51.588+0000][gc,heap     ] GC(879) Eden regions: 47->0(49)
[2026-01-16T09:22:51.588+0000][gc,heap     ] GC(879) Survivor regions: 4->2(7)
[2026-01-16T09:22:51.594+0000][gc,heap     ] GC(879) Old regions: 212->213
[2026-01-16T09:22:51.594+0000][gc,heap     ] GC(879) Humongous regions: 96->96
[2026-01-16T09:22:51.594+0000][gc,metaspace] GC(879) Metaspace: 13036K(13440K)->13036K(13440K) NonClass: 11922K(12096K)->11922K(12096K) Class: 1113K(1344K)->1113K(1344K)
[2026-01-16T09:22:51.596+0000][gc          ] GC(879) Pause Young (Normal) (G1 Evacuation Pause) 358M->310M(1024M) 376.815ms
[2026-01-16T09:22:51.596+0000][gc,cpu      ] GC(879) User=0.27s Sys=0.03s Real=0.37s
[2026-01-16T09:22:53.608+0000][gc,start    ] GC(880) Pause Young (Normal) (G1 Evacuation Pause)
[2026-01-16T09:22:53.611+0000][gc,task     ] GC(880) Using 8 workers of 8 for evacuation
[2026-01-16T09:22:53.773+0000][gc,phases   ] GC(880)   Pre Evacuate Collection Set: 13.7ms
[2026-01-16T09:22:53.773+0000][gc,phases   ] GC(880)   Merge Heap Roots: 0.4ms
[2026-01-16T09:22:53.773+0000][gc,phases   ] GC(880)   Evacuate Collection Set: 125.0ms
[2026-01-16T09:22:53.773+0000][gc,phases   ] GC(880)   Post Evacuate Collection Set: 20.9ms
[2026-01-16T09:22:53.773+0000][gc,phases   ] GC(880)   Other: 1.6ms
[2026-01-16T09:22:53.773+0000][gc,heap     ] GC(880) Eden regions: 49->0(48)
[2026-01-16T09:22:53.773+0000][gc,heap     ] GC(880) Survivor regions: 2->3(7)
[2026-01-16T09:22:53.773+0000][gc,heap     ] GC(880) Old regions: 213->213
[2026-01-16T09:22:53.773+0000][gc,heap     ] GC(880) Humongous regions: 96->96
[2026-01-16T09:22:53.773+0000][gc,metaspace] GC(880) Metaspace: 13036K(13440K)->13036K(13440K) NonClass: 11922K(12096K)->11922K(12096K) Class: 1113K(1344K)->1113K(1344K)
[2026-01-16T09:22:53.773+0000][gc          ] GC(880) Pause Young (Normal) (G1 Evacuation Pause) 359M->310M(1024M) 165.635ms
[2026-01-16T09:22:53.773+0000][gc,cpu      ] GC(880) User=0.12s Sys=0.00s Real=0.16s
[2026-01-16T09:22:57.399+0000][gc,start    ] GC(881) Pause Young (Normal) (G1 Evacuation Pause)
[2026-01-16T09:22:57.411+0000][gc,task     ] GC(881) Using 8 workers of 8 for evacuation
[2026-01-16T09:22:57.820+0000][gc,mmu      ] GC(881) MMU target violated: 201.0ms (200.0ms/201.0ms)
[2026-01-16T09:22:57.823+0000][gc,phases   ] GC(881)   Pre Evacuate Collection Set: 33.9ms
[2026-01-16T09:22:57.823+0000][gc,phases   ] GC(881)   Merge Heap Roots: 13.6ms
[2026-01-16T09:22:57.824+0000][gc,phases   ] GC(881)   Evacuate Collection Set: 327.5ms
[2026-01-16T09:22:57.824+0000][gc,phases   ] GC(881)   Post Evacuate Collection Set: 33.2ms
[2026-01-16T09:22:57.824+0000][gc,phases   ] GC(881)   Other: 3.4ms
[2026-01-16T09:22:57.825+0000][gc,heap     ] GC(881) Eden regions: 48->0(49)
[2026-01-16T09:22:57.825+0000][gc,heap     ] GC(881) Survivor regions: 3->2(7)
[2026-01-16T09:22:57.825+0000][gc,heap     ] GC(881) Old regions: 213->213
[2026-01-16T09:22:57.825+0000][gc,heap     ] GC(881) Humongous regions: 96->96
[2026-01-16T09:22:57.825+0000][gc,metaspace] GC(881) Metaspace: 13036K(13440K)->13036K(13440K) NonClass: 11922K(12096K)->11922K(12096K) Class: 1113K(1344K)->1113K(1344K)
[2026-01-16T09:22:57.826+0000][gc          ] GC(881) Pause Young (Normal) (G1 Evacuation Pause) 358M->310M(1024M) 426.773ms
[2026-01-16T09:22:57.826+0000][gc,cpu      ] GC(881) User=0.21s Sys=0.01s Real=0.42s
[2026-01-16T09:23:01.048+0000][gc,start    ] GC(882) Pause Young (Normal) (G1 Evacuation Pause)
[2026-01-16T09:23:01.049+0000][gc,task     ] GC(882) Using 8 workers of 8 for evacuation
[2026-01-16T09:23:01.286+0000][gc,mmu      ] GC(882) MMU target violated: 201.0ms (200.0ms/201.0ms)
[2026-01-16T09:23:01.287+0000][gc,phases   ] GC(882)   Pre Evacuate Collection Set: 13.8ms
[2026-01-16T09:23:01.287+0000][gc,phases   ] GC(882)   Merge Heap Roots: 4.3ms
[2026-01-16T09:23:01.288+0000][gc,phases   ] GC(882)   Evacuate Collection Set: 178.9ms
[2026-01-16T09:23:01.288+0000][gc,phases   ] GC(882)   Post Evacuate Collection Set: 38.0ms
[2026-01-16T09:23:01.288+0000][gc,phases   ] GC(882)   Other: 2.6ms
[2026-01-16T09:23:01.289+0000][gc,heap     ] GC(882) Eden regions: 49->0(48)
[2026-01-16T09:23:01.289+0000][gc,heap     ] GC(882) Survivor regions: 2->3(7)
[2026-01-16T09:23:01.289+0000][gc,heap     ] GC(882) Old regions: 213->213
[2026-01-16T09:23:01.292+0000][gc,heap     ] GC(882) Humongous regions: 96->96
[2026-01-16T09:23:01.292+0000][gc,metaspace] GC(882) Metaspace: 13036K(13440K)->13036K(13440K) NonClass: 11922K(12096K)->11922K(12096K) Class: 1113K(1344K)->1113K(1344K)
[2026-01-16T09:23:01.297+0000][gc          ] GC(882) Pause Young (Normal) (G1 Evacuation Pause) 359M->310M(1024M) 248.755ms
[2026-01-16T09:23:01.300+0000][gc,cpu      ] GC(882) User=0.11s Sys=0.00s Real=0.25s
[2026-01-16T09:23:02.985+0000][gc,start    ] GC(883) Pause Young (Normal) (G1 Evacuation Pause)
[2026-01-16T09:23:02.986+0000][gc,task     ] GC(883) Using 8 workers of 8 for evacuation
[2026-01-16T09:23:03.124+0000][gc,phases   ] GC(883)   Pre Evacuate Collection Set: 10.7ms
[2026-01-16T09:23:03.124+0000][gc,phases   ] GC(883)   Merge Heap Roots: 0.6ms
[2026-01-16T09:23:03.124+0000][gc,phases   ] GC(883)   Evacuate Collection Set: 119.1ms
[2026-01-16T09:23:03.124+0000][gc,phases   ] GC(883)   Post Evacuate Collection Set: 6.8ms
[2026-01-16T09:23:03.125+0000][gc,phases   ] GC(883)   Other: 1.0ms
[2026-01-16T09:23:03.125+0000][gc,heap     ] GC(883) Eden regions: 48->0(48)
[2026-01-16T09:23:03.125+0000][gc,heap     ] GC(883) Survivor regions: 3->3(7)
[2026-01-16T09:23:03.125+0000][gc,heap     ] GC(883) Old regions: 213->213
[2026-01-16T09:23:03.125+0000][gc,heap     ] GC(883) Humongous regions: 96->96
[2026-01-16T09:23:03.125+0000][gc,metaspace] GC(883) Metaspace: 13036K(13440K)->13036K(13440K) NonClass: 11922K(12096K)->11922K(12096K) Class: 1113K(1344K)->1113K(1344K)
[2026-01-16T09:23:03.126+0000][gc          ] GC(883) Pause Young (Normal) (G1 Evacuation Pause) 358M->311M(1024M) 140.861ms
[2026-01-16T09:23:03.126+0000][gc,cpu      ] GC(883) User=0.08s Sys=0.00s Real=0.14s
[2026-01-16T09:23:09.910+0000][gc,start    ] GC(884) Pause Young (Normal) (G1 Evacuation Pause)
[2026-01-16T09:23:09.914+0000][gc,task     ] GC(884) Using 8 workers of 8 for evacuation
[2026-01-16T09:23:09.992+0000][gc,phases   ] GC(884)   Pre Evacuate Collection Set: 7.5ms
[2026-01-16T09:23:09.993+0000][gc,phases   ] GC(884)   Merge Heap Roots: 0.5ms
[2026-01-16T09:23:09.993+0000][gc,phases   ] GC(884)   Evacuate Collection Set: 54.1ms
[2026-01-16T09:23:09.994+0000][gc,phases   ] GC(884)   Post Evacuate Collection Set: 14.1ms
[2026-01-16T09:23:09.995+0000][gc,phases   ] GC(884)   Other: 1.3ms
[2026-01-16T09:23:09.996+0000][gc,heap     ] GC(884) Eden regions: 48->0(49)
[2026-01-16T09:23:09.997+0000][gc,heap     ] GC(884) Survivor regions: 3->2(7)
[2026-01-16T09:23:09.997+0000][gc,heap     ] GC(884) Old regions: 213->213
[2026-01-16T09:23:09.998+0000][gc,heap     ] GC(884) Humongous regions: 96->96
[2026-01-16T09:23:09.998+0000][gc,metaspace] GC(884) Metaspace: 13036K(13440K)->13036K(13440K) NonClass: 11922K(12096K)->11922K(12096K) Class: 1113K(1344K)->1113K(1344K)
[2026-01-16T09:23:10.000+0000][gc          ] GC(884) Pause Young (Normal) (G1 Evacuation Pause) 359M->310M(1024M) 90.212ms
[2026-01-16T09:23:10.002+0000][gc,cpu      ] GC(884) User=0.09s Sys=0.01s Real=0.09s
[2026-01-16T09:23:10.784+0000][gc,start    ] GC(885) Pause Young (Normal) (G1 Evacuation Pause)
[2026-01-16T09:23:10.784+0000][gc,task     ] GC(885) Using 8 workers of 8 for evacuation
[2026-01-16T09:23:10.813+0000][gc,phases   ] GC(885)   Pre Evacuate Collection Set: 0.4ms
[2026-01-16T09:23:10.813+0000][gc,phases   ] GC(885)   Merge Heap Roots: 0.2ms
[2026-01-16T09:23:10.814+0000][gc,phases   ] GC(885)   Evacuate Collection Set: 26.6ms
[2026-01-16T09:23:10.814+0000][gc,phases   ] GC(885)   Post Evacuate Collection Set: 1.4ms
[2026-01-16T09:23:10.814+0000][gc,phases   ] GC(885)   Other: 0.6ms
[2026-01-16T09:23:10.814+0000][gc,heap     ] GC(885) Eden regions: 60->0(49)
[2026-01-16T09:23:10.815+0000][gc,heap     ] GC(885) Survivor regions: 2->3(8)
[2026-01-16T09:23:10.815+0000][gc,heap     ] GC(885) Old regions: 213->214
[2026-01-16T09:23:10.815+0000][gc,heap     ] GC(885) Humongous regions: 96->96
[2026-01-16T09:23:10.815+0000][gc,metaspace] GC(885) Metaspace: 13036K(13440K)->13036K(13440K) NonClass: 11922K(12096K)->11922K(12096K) Class: 1113K(1344K)->1113K(1344K)
[2026-01-16T09:23:10.816+0000][gc          ] GC(885) Pause Young (Normal) (G1 Evacuation Pause) 370M->311M(1024M) 31.806ms
[2026-01-16T09:23:10.816+0000][gc,cpu      ] GC(885) User=0.08s Sys=0.02s Real=0.03s
[2026-01-16T09:23:20.018+0000][gc,start    ] GC(886) Pause Young (Normal) (G1 Evacuation Pause)
[2026-01-16T09:23:20.019+0000][gc,task     ] GC(886) Using 8 workers of 8 for evacuation
[2026-01-16T09:23:20.068+0000][gc,phases   ] GC(886)   Pre Evacuate Collection Set: 3.1ms
[2026-01-16T09:23:20.069+0000][gc,phases   ] GC(886)   Merge Heap Roots: 4.6ms
[2026-01-16T09:23:20.069+0000][gc,phases   ] GC(886)   Evacuate Collection Set: 38.1ms
[2026-01-16T09:23:20.069+0000][gc,phases   ] GC(886)   Post Evacuate Collection Set: 2.9ms
[2026-01-16T09:23:20.069+0000][gc,phases   ] GC(886)   Other: 0.7ms
[2026-01-16T09:23:20.069+0000][gc,heap     ] GC(886) Eden regions: 73->0(184)
[2026-01-16T09:23:20.070+0000][gc,heap     ] GC(886) Survivor regions: 3->2(10)
[2026-01-16T09:23:20.070+0000][gc,heap     ] GC(886) Old regions: 214->214
[2026-01-16T09:23:20.070+0000][gc,heap     ] GC(886) Humongous regions: 96->96
[2026-01-16T09:23:20.070+0000][gc,metaspace] GC(886) Metaspace: 13036K(13440K)->13036K(13440K) NonClass: 11922K(12096K)->11922K(12096K) Class: 1113K(1344K)->1113K(1344K)
[2026-01-16T09:23:20.071+0000][gc          ] GC(886) Pause Young (Normal) (G1 Evacuation Pause) 384M->310M(1024M) 52.121ms
[2026-01-16T09:23:20.071+0000][gc,cpu      ] GC(886) User=0.12s Sys=0.01s Real=0.05s
[2026-01-16T09:23:43.991+0000][gc,start    ] GC(887) Pause Young (Normal) (G1 Evacuation Pause)
[2026-01-16T09:23:43.999+0000][gc,task     ] GC(887) Using 8 workers of 8 for evacuation
[2026-01-16T09:23:44.234+0000][gc,mmu      ] GC(887) MMU target violated: 201.0ms (200.0ms/201.0ms)
[2026-01-16T09:23:44.235+0000][gc,phases   ] GC(887)   Pre Evacuate Collection Set: 28.5ms
[2026-01-16T09:23:44.236+0000][gc,phases   ] GC(887)   Merge Heap Roots: 9.5ms
[2026-01-16T09:23:44.236+0000][gc,phases   ] GC(887)   Evacuate Collection Set: 190.5ms
[2026-01-16T09:23:44.238+0000][gc,phases   ] GC(887)   Post Evacuate Collection Set: 3.9ms
[2026-01-16T09:23:44.238+0000][gc,phases   ] GC(887)   Other: 3.4ms
[2026-01-16T09:23:44.243+0000][gc,heap     ] GC(887) Eden regions: 231->0(119)
[2026-01-16T09:23:44.243+0000][gc,heap     ] GC(887) Survivor regions: 2->2(30)
[2026-01-16T09:23:44.245+0000][gc,heap     ] GC(887) Old regions: 214->214
[2026-01-16T09:23:44.245+0000][gc,heap     ] GC(887) Humongous regions: 96->96
[2026-01-16T09:23:44.246+0000][gc,metaspace] GC(887) Metaspace: 13036K(13440K)->13036K(13440K) NonClass: 11922K(12096K)->11922K(12096K) Class: 1113K(1344K)->1113K(1344K)
[2026-01-16T09:23:44.246+0000][gc          ] GC(887) Pause Young (Normal) (G1 Evacuation Pause) 541M->310M(1024M) 255.256ms
[2026-01-16T09:23:44.249+0000][gc,cpu      ] GC(887) User=0.21s Sys=0.02s Real=0.26s
[2026-01-16T09:23:52.362+0000][gc,start    ] GC(888) Pause Young (Normal) (G1 Evacuation Pause)
[2026-01-16T09:23:52.367+0000][gc,task     ] GC(888) Using 8 workers of 8 for evacuation
[2026-01-16T09:23:52.597+0000][gc,mmu      ] GC(888) MMU target violated: 201.0ms (200.0ms/201.0ms)
[2026-01-16T09:23:52.598+0000][gc,phases   ] GC(888)   Pre Evacuate Collection Set: 26.6ms
[2026-01-16T09:23:52.599+0000][gc,phases   ] GC(888)   Merge Heap Roots: 15.0ms
[2026-01-16T09:23:52.599+0000][gc,phases   ] GC(888)   Evacuate Collection Set: 164.2ms
[2026-01-16T09:23:52.600+0000][gc,phases   ] GC(888)   Post Evacuate Collection Set: 20.9ms
[2026-01-16T09:23:52.600+0000][gc,phases   ] GC(888)   Other: 5.2ms
[2026-01-16T09:23:52.602+0000][gc,heap     ] GC(888) Eden regions: 146->0(120)
[2026-01-16T09:23:52.602+0000][gc,heap     ] GC(888) Survivor regions: 2->2(19)
[2026-01-16T09:23:52.603+0000][gc,heap     ] GC(888) Old regions: 214->214
[2026-01-16T09:23:52.603+0000][gc,heap     ] GC(888) Humongous regions: 96->96
[2026-01-16T09:23:52.604+0000][gc,metaspace] GC(888) Metaspace: 13037K(13440K)->13037K(13440K) NonClass: 11923K(12096K)->11923K(12096K) Class: 1113K(1344K)->1113K(1344K)
[2026-01-16T09:23:52.607+0000][gc          ] GC(888) Pause Young (Normal) (G1 Evacuation Pause) 456M->311M(1024M) 246.246ms
[2026-01-16T09:23:52.608+0000][gc,cpu      ] GC(888) User=0.33s Sys=0.02s Real=0.24s
[2026-01-16T09:24:10.744+0000][gc,start    ] GC(889) Pause Young (Normal) (G1 Evacuation Pause)
[2026-01-16T09:24:10.747+0000][gc,task     ] GC(889) Using 8 workers of 8 for evacuation
[2026-01-16T09:24:10.908+0000][gc,phases   ] GC(889)   Pre Evacuate Collection Set: 26.6ms
[2026-01-16T09:24:10.909+0000][gc,phases   ] GC(889)   Merge Heap Roots: 5.4ms
[2026-01-16T09:24:10.909+0000][gc,phases   ] GC(889)   Evacuate Collection Set: 111.6ms
[2026-01-16T09:24:10.910+0000][gc,phases   ] GC(889)   Post Evacuate Collection Set: 13.7ms
[2026-01-16T09:24:10.911+0000][gc,phases   ] GC(889)   Other: 4.9ms
[2026-01-16T09:24:10.911+0000][gc,heap     ] GC(889) Eden regions: 185->0(194)
[2026-01-16T09:24:10.911+0000][gc,heap     ] GC(889) Survivor regions: 2->2(24)
[2026-01-16T09:24:10.911+0000][gc,heap     ] GC(889) Old regions: 214->214
[2026-01-16T09:24:10.912+0000][gc,heap     ] GC(889) Humongous regions: 96->96
[2026-01-16T09:24:10.914+0000][gc,metaspace] GC(889) Metaspace: 13038K(13440K)->13038K(13440K) NonClass: 11924K(12096K)->11924K(12096K) Class: 1113K(1344K)->1113K(1344K)
[2026-01-16T09:24:10.915+0000][gc          ] GC(889) Pause Young (Normal) (G1 Evacuation Pause) 496M->310M(1024M) 170.522ms
[2026-01-16T09:24:10.915+0000][gc,cpu      ] GC(889) User=0.30s Sys=0.02s Real=0.17s
[2026-01-16T09:24:40.333+0000][gc,start    ] GC(890) Pause Young (Normal) (G1 Evacuation Pause)
[2026-01-16T09:24:40.338+0000][gc,task     ] GC(890) Using 8 workers of 8 for evacuation
[2026-01-16T09:24:40.612+0000][gc,mmu      ] GC(890) MMU target violated: 201.0ms (200.0ms/201.0ms)
[2026-01-16T09:24:40.613+0000][gc,phases   ] GC(890)   Pre Evacuate Collection Set: 35.7ms
[2026-01-16T09:24:40.613+0000][gc,phases   ] GC(890)   Merge Heap Roots: 15.3ms
[2026-01-16T09:24:40.613+0000][gc,phases   ] GC(890)   Evacuate Collection Set: 192.2ms
[2026-01-16T09:24:40.613+0000][gc,phases   ] GC(890)   Post Evacuate Collection Set: 29.4ms
[2026-01-16T09:24:40.617+0000][gc,phases   ] GC(890)   Other: 4.0ms
[2026-01-16T09:24:40.617+0000][gc,heap     ] GC(890) Eden regions: 302->0(86)
[2026-01-16T09:24:40.618+0000][gc,heap     ] GC(890) Survivor regions: 2->1(38)
[2026-01-16T09:24:40.618+0000][gc,heap     ] GC(890) Old regions: 214->214
[2026-01-16T09:24:40.618+0000][gc,heap     ] GC(890) Humongous regions: 96->96
[2026-01-16T09:24:40.618+0000][gc,metaspace] GC(890) Metaspace: 13038K(13440K)->13038K(13440K) NonClass: 11924K(12096K)->11924K(12096K) Class: 1113K(1344K)->1113K(1344K)
[2026-01-16T09:24:40.620+0000][gc          ] GC(890) Pause Young (Normal) (G1 Evacuation Pause) 612M->310M(1024M) 287.201ms
[2026-01-16T09:24:40.620+0000][gc,cpu      ] GC(890) User=0.32s Sys=0.04s Real=0.29s
[2026-01-16T09:24:54.040+0000][gc,start    ] GC(891) Pause Young (Normal) (G1 Evacuation Pause)
[2026-01-16T09:24:54.041+0000][gc,task     ] GC(891) Using 8 workers of 8 for evacuation
[2026-01-16T09:24:54.164+0000][gc,phases   ] GC(891)   Pre Evacuate Collection Set: 16.9ms
[2026-01-16T09:24:54.165+0000][gc,phases   ] GC(891)   Merge Heap Roots: 7.2ms
[2026-01-16T09:24:54.165+0000][gc,phases   ] GC(891)   Evacuate Collection Set: 87.8ms
[2026-01-16T09:24:54.165+0000][gc,phases   ] GC(891)   Post Evacuate Collection Set: 10.1ms
[2026-01-16T09:24:54.165+0000][gc,phases   ] GC(891)   Other: 1.5ms
[2026-01-16T09:24:54.167+0000][gc,heap     ] GC(891) Eden regions: 212->0(79)
[2026-01-16T09:24:54.167+0000][gc,heap     ] GC(891) Survivor regions: 1->2(27)
[2026-01-16T09:24:54.167+0000][gc,heap     ] GC(891) Old regions: 214->214
[2026-01-16T09:24:54.168+0000][gc,heap     ] GC(891) Humongous regions: 96->96
[2026-01-16T09:24:54.168+0000][gc,metaspace] GC(891) Metaspace: 13038K(13440K)->13038K(13440K) NonClass: 11924K(12096K)->11924K(12096K) Class: 1113K(1344K)->1113K(1344K)
[2026-01-16T09:24:54.169+0000][gc          ] GC(891) Pause Young (Normal) (G1 Evacuation Pause) 522M->311M(1024M) 128.540ms
[2026-01-16T09:24:54.169+0000][gc,cpu      ] GC(891) User=0.22s Sys=0.01s Real=0.13s
[2026-01-16T09:25:10.673+0000][gc,start    ] GC(892) Pause Young (Normal) (G1 Evacuation Pause)
[2026-01-16T09:25:10.676+0000][gc,task     ] GC(892) Using 8 workers of 8 for evacuation
[2026-01-16T09:25:10.735+0000][gc,phases   ] GC(892)   Pre Evacuate Collection Set: 8.4ms
[2026-01-16T09:25:10.735+0000][gc,phases   ] GC(892)   Merge Heap Roots: 1.4ms
[2026-01-16T09:25:10.735+0000][gc,phases   ] GC(892)   Evacuate Collection Set: 31.8ms
[2026-01-16T09:25:10.737+0000][gc,phases   ] GC(892)   Post Evacuate Collection Set: 16.2ms
[2026-01-16T09:25:10.738+0000][gc,phases   ] GC(892)   Other: 2.6ms
[2026-01-16T09:25:10.740+0000][gc,heap     ] GC(892) Eden regions: 187->0(278)
[2026-01-16T09:25:10.741+0000][gc,heap     ] GC(892) Survivor regions: 2->2(24)
[2026-01-16T09:25:10.741+0000][gc,heap     ] GC(892) Old regions: 214->214
[2026-01-16T09:25:10.742+0000][gc,heap     ] GC(892) Humongous regions: 96->96
[2026-01-16T09:25:10.742+0000][gc,metaspace] GC(892) Metaspace: 13038K(13440K)->13038K(13440K) NonClass: 11924K(12096K)->11924K(12096K) Class: 1113K(1344K)->1113K(1344K)
[2026-01-16T09:25:10.742+0000][gc          ] GC(892) Pause Young (Normal) (G1 Evacuation Pause) 498M->311M(1024M) 69.457ms
[2026-01-16T09:25:10.743+0000][gc,cpu      ] GC(892) User=0.15s Sys=0.02s Real=0.07s
[2026-01-16T09:26:02.436+0000][gc,start    ] GC(893) Pause Young (Normal) (G1 Evacuation Pause)
[2026-01-16T09:26:02.438+0000][gc,task     ] GC(893) Using 8 workers of 8 for evacuation
[2026-01-16T09:26:03.082+0000][gc,mmu      ] GC(893) MMU target violated: 201.0ms (200.0ms/201.0ms)
[2026-01-16T09:26:03.084+0000][gc,phases   ] GC(893)   Pre Evacuate Collection Set: 47.7ms
[2026-01-16T09:26:03.085+0000][gc,phases   ] GC(893)   Merge Heap Roots: 13.7ms
[2026-01-16T09:26:03.090+0000][gc,phases   ] GC(893)   Evacuate Collection Set: 441.0ms
[2026-01-16T09:26:03.091+0000][gc,phases   ] GC(893)   Post Evacuate Collection Set: 136.1ms
[2026-01-16T09:26:03.092+0000][gc,phases   ] GC(893)   Other: 7.0ms
[2026-01-16T09:26:03.093+0000][gc,heap     ] GC(893) Eden regions: 464->0(49)
[2026-01-16T09:26:03.098+0000][gc,heap     ] GC(893) Survivor regions: 2->2(59)
[2026-01-16T09:26:03.098+0000][gc,heap     ] GC(893) Old regions: 214->214
[2026-01-16T09:26:03.101+0000][gc,heap     ] GC(893) Humongous regions: 96->96
[2026-01-16T09:26:03.101+0000][gc,metaspace] GC(893) Metaspace: 13041K(13440K)->13041K(13440K) NonClass: 11928K(12096K)->11928K(12096K) Class: 1113K(1344K)->1113K(1344K)
[2026-01-16T09:26:03.104+0000][gc          ] GC(893) Pause Young (Normal) (G1 Evacuation Pause) 775M->311M(1024M) 668.136ms
[2026-01-16T09:26:03.107+0000][gc,cpu      ] GC(893) User=0.50s Sys=0.03s Real=0.67s
[2026-01-16T09:26:05.731+0000][gc,start    ] GC(894) Pause Young (Normal) (G1 Evacuation Pause)
[2026-01-16T09:26:05.810+0000][gc,task     ] GC(894) Using 8 workers of 8 for evacuation
[2026-01-16T09:26:06.507+0000][gc,mmu      ] GC(894) MMU target violated: 201.0ms (200.0ms/201.0ms)
[2026-01-16T09:26:06.515+0000][gc,phases   ] GC(894)   Pre Evacuate Collection Set: 57.8ms
[2026-01-16T09:26:06.515+0000][gc,phases   ] GC(894)   Merge Heap Roots: 26.9ms
[2026-01-16T09:26:06.516+0000][gc,phases   ] GC(894)   Evacuate Collection Set: 522.6ms
[2026-01-16T09:26:06.517+0000][gc,phases   ] GC(894)   Post Evacuate Collection Set: 69.3ms
[2026-01-16T09:26:06.517+0000][gc,phases   ] GC(894)   Other: 22.5ms
[2026-01-16T09:26:06.518+0000][gc,heap     ] GC(894) Eden regions: 49->0(49)
[2026-01-16T09:26:06.519+0000][gc,heap     ] GC(894) Survivor regions: 2->2(7)
[2026-01-16T09:26:06.525+0000][gc,heap     ] GC(894) Old regions: 214->215
[2026-01-16T09:26:06.525+0000][gc,heap     ] GC(894) Humongous regions: 96->96
[2026-01-16T09:26:06.528+0000][gc,metaspace] GC(894) Metaspace: 13041K(13440K)->13041K(13440K) NonClass: 11928K(12096K)->11928K(12096K) Class: 1113K(1344K)->1113K(1344K)
[2026-01-16T09:26:06.530+0000][gc          ] GC(894) Pause Young (Normal) (G1 Evacuation Pause) 360M->312M(1024M) 792.055ms
[2026-01-16T09:26:06.530+0000][gc,cpu      ] GC(894) User=0.28s Sys=0.02s Real=0.79s
[2026-01-16T09:26:09.301+0000][gc,start    ] GC(895) Pause Young (Normal) (G1 Evacuation Pause)
[2026-01-16T09:26:09.308+0000][gc,task     ] GC(895) Using 8 workers of 8 for evacuation
[2026-01-16T09:26:09.872+0000][gc,mmu      ] GC(895) MMU target violated: 201.0ms (200.0ms/201.0ms)
[2026-01-16T09:26:09.872+0000][gc,phases   ] GC(895)   Pre Evacuate Collection Set: 117.3ms
[2026-01-16T09:26:09.873+0000][gc,phases   ] GC(895)   Merge Heap Roots: 8.4ms
[2026-01-16T09:26:09.873+0000][gc,phases   ] GC(895)   Evacuate Collection Set: 415.4ms
[2026-01-16T09:26:09.874+0000][gc,phases   ] GC(895)   Post Evacuate Collection Set: 5.8ms
[2026-01-16T09:26:09.874+0000][gc,phases   ] GC(895)   Other: 17.5ms
[2026-01-16T09:26:09.874+0000][gc,heap     ] GC(895) Eden regions: 49->0(49)
[2026-01-16T09:26:09.875+0000][gc,heap     ] GC(895) Survivor regions: 2->2(7)
[2026-01-16T09:26:09.875+0000][gc,heap     ] GC(895) Old regions: 215->215
[2026-01-16T09:26:09.876+0000][gc,heap     ] GC(895) Humongous regions: 96->96
[2026-01-16T09:26:09.877+0000][gc,metaspace] GC(895) Metaspace: 13041K(13440K)->13041K(13440K) NonClass: 11928K(12096K)->11928K(12096K) Class: 1113K(1344K)->1113K(1344K)
[2026-01-16T09:26:09.880+0000][gc          ] GC(895) Pause Young (Normal) (G1 Evacuation Pause) 361M->311M(1024M) 579.244ms
[2026-01-16T09:26:09.883+0000][gc,cpu      ] GC(895) User=0.24s Sys=0.02s Real=0.59s
[2026-01-16T09:26:13.103+0000][gc,start    ] GC(896) Pause Young (Normal) (G1 Evacuation Pause)
[2026-01-16T09:26:13.117+0000][gc,task     ] GC(896) Using 8 workers of 8 for evacuation
[2026-01-16T09:26:13.337+0000][gc,mmu      ] GC(896) MMU target violated: 201.0ms (200.0ms/201.0ms)
[2026-01-16T09:26:13.339+0000][gc,phases   ] GC(896)   Pre Evacuate Collection Set: 36.7ms
[2026-01-16T09:26:13.339+0000][gc,phases   ] GC(896)   Merge Heap Roots: 2.4ms
[2026-01-16T09:26:13.341+0000][gc,phases   ] GC(896)   Evacuate Collection Set: 156.8ms
[2026-01-16T09:26:13.341+0000][gc,phases   ] GC(896)   Post Evacuate Collection Set: 20.4ms
[2026-01-16T09:26:13.341+0000][gc,phases   ] GC(896)   Other: 6.0ms
[2026-01-16T09:26:13.342+0000][gc,heap     ] GC(896) Eden regions: 49->0(49)
[2026-01-16T09:26:13.344+0000][gc,heap     ] GC(896) Survivor regions: 2->2(7)
[2026-01-16T09:26:13.344+0000][gc,heap     ] GC(896) Old regions: 215->215
[2026-01-16T09:26:13.345+0000][gc,heap     ] GC(896) Humongous regions: 96->96
[2026-01-16T09:26:13.345+0000][gc,metaspace] GC(896) Metaspace: 13041K(13440K)->13041K(13440K) NonClass: 11928K(12096K)->11928K(12096K) Class: 1113K(1344K)->1113K(1344K)
[2026-01-16T09:26:13.345+0000][gc          ] GC(896) Pause Young (Normal) (G1 Evacuation Pause) 360M->311M(1024M) 241.922ms
[2026-01-16T09:26:13.347+0000][gc,cpu      ] GC(896) User=0.16s Sys=0.01s Real=0.24s
[2026-01-16T09:26:16.577+0000][gc,start    ] GC(897) Pause Young (Normal) (G1 Evacuation Pause)
[2026-01-16T09:26:16.579+0000][gc,task     ] GC(897) Using 8 workers of 8 for evacuation
[2026-01-16T09:26:16.851+0000][gc,mmu      ] GC(897) MMU target violated: 201.0ms (200.0ms/201.0ms)
[2026-01-16T09:26:16.852+0000][gc,phases   ] GC(897)   Pre Evacuate Collection Set: 28.9ms
[2026-01-16T09:26:16.853+0000][gc,phases   ] GC(897)   Merge Heap Roots: 8.6ms
[2026-01-16T09:26:16.855+0000][gc,phases   ] GC(897)   Evacuate Collection Set: 220.8ms
[2026-01-16T09:26:16.858+0000][gc,phases   ] GC(897)   Post Evacuate Collection Set: 13.2ms
[2026-01-16T09:26:16.859+0000][gc,phases   ] GC(897)   Other: 2.1ms
[2026-01-16T09:26:16.859+0000][gc,heap     ] GC(897) Eden regions: 49->0(50)
[2026-01-16T09:26:16.859+0000][gc,heap     ] GC(897) Survivor regions: 2->1(7)
[2026-01-16T09:26:16.859+0000][gc,heap     ] GC(897) Old regions: 215->215
[2026-01-16T09:26:16.859+0000][gc,heap     ] GC(897) Humongous regions: 96->96
[2026-01-16T09:26:16.859+0000][gc,metaspace] GC(897) Metaspace: 13042K(13440K)->13042K(13440K) NonClass: 11928K(12096K)->11928K(12096K) Class: 1113K(1344K)->1113K(1344K)
[2026-01-16T09:26:16.860+0000][gc          ] GC(897) Pause Young (Normal) (G1 Evacuation Pause) 360M->311M(1024M) 284.914ms
[2026-01-16T09:26:16.860+0000][gc,cpu      ] GC(897) User=0.15s Sys=0.01s Real=0.28s
[2026-01-16T09:26:19.475+0000][gc,start    ] GC(898) Pause Young (Normal) (G1 Evacuation Pause)
[2026-01-16T09:26:19.478+0000][gc,task     ] GC(898) Using 8 workers of 8 for evacuation
[2026-01-16T09:26:19.840+0000][gc,mmu      ] GC(898) MMU target violated: 201.0ms (200.0ms/201.0ms)
[2026-01-16T09:26:19.845+0000][gc,phases   ] GC(898)   Pre Evacuate Collection Set: 24.9ms
[2026-01-16T09:26:19.849+0000][gc,phases   ] GC(898)   Merge Heap Roots: 10.6ms
[2026-01-16T09:26:19.849+0000][gc,phases   ] GC(898)   Evacuate Collection Set: 303.1ms
[2026-01-16T09:26:19.850+0000][gc,phases   ] GC(898)   Post Evacuate Collection Set: 13.7ms
[2026-01-16T09:26:19.850+0000][gc,phases   ] GC(898)   Other: 15.3ms
[2026-01-16T09:26:19.851+0000][gc,heap     ] GC(898) Eden regions: 50->0(49)
[2026-01-16T09:26:19.852+0000][gc,heap     ] GC(898) Survivor regions: 1->2(7)
[2026-01-16T09:26:19.852+0000][gc,heap     ] GC(898) Old regions: 215->215
[2026-01-16T09:26:19.852+0000][gc,heap     ] GC(898) Humongous regions: 96->96
[2026-01-16T09:26:19.853+0000][gc,metaspace] GC(898) Metaspace: 13042K(13440K)->13042K(13440K) NonClass: 11928K(12096K)->11928K(12096K) Class: 1113K(1344K)->1113K(1344K)
[2026-01-16T09:26:19.854+0000][gc          ] GC(898) Pause Young (Normal) (G1 Evacuation Pause) 361M->311M(1024M) 379.021ms
[2026-01-16T09:26:19.859+0000][gc,cpu      ] GC(898) User=0.20s Sys=0.01s Real=0.38s
[2026-01-16T09:26:21.697+0000][gc,start    ] GC(899) Pause Young (Normal) (G1 Evacuation Pause)
[2026-01-16T09:26:21.697+0000][gc,task     ] GC(899) Using 8 workers of 8 for evacuation
[2026-01-16T09:26:22.004+0000][gc,mmu      ] GC(899) MMU target violated: 201.0ms (200.0ms/201.0ms)
[2026-01-16T09:26:22.010+0000][gc,phases   ] GC(899)   Pre Evacuate Collection Set: 35.1ms
[2026-01-16T09:26:22.010+0000][gc,phases   ] GC(899)   Merge Heap Roots: 3.4ms
[2026-01-16T09:26:22.012+0000][gc,phases   ] GC(899)   Evacuate Collection Set: 186.6ms
[2026-01-16T09:26:22.015+0000][gc,phases   ] GC(899)   Post Evacuate Collection Set: 81.3ms
[2026-01-16T09:26:22.015+0000][gc,phases   ] GC(899)   Other: 6.2ms
[2026-01-16T09:26:22.016+0000][gc,heap     ] GC(899) Eden regions: 49->0(50)
[2026-01-16T09:26:22.016+0000][gc,heap     ] GC(899) Survivor regions: 2->1(7)
[2026-01-16T09:26:22.016+0000][gc,heap     ] GC(899) Old regions: 215->215
[2026-01-16T09:26:22.016+0000][gc,heap     ] GC(899) Humongous regions: 96->96
[2026-01-16T09:26:22.016+0000][gc,metaspace] GC(899) Metaspace: 13042K(13440K)->13042K(13440K) NonClass: 11928K(12096K)->11928K(12096K) Class: 1113K(1344K)->1113K(1344K)
[2026-01-16T09:26:22.016+0000][gc          ] GC(899) Pause Young (Normal) (G1 Evacuation Pause) 360M->310M(1024M) 319.524ms
[2026-01-16T09:26:22.016+0000][gc,cpu      ] GC(899) User=0.12s Sys=0.01s Real=0.32s
[2026-01-16T09:26:24.250+0000][gc,start    ] GC(900) Pause Young (Normal) (G1 Evacuation Pause)
[2026-01-16T09:26:24.252+0000][gc,task     ] GC(900) Using 8 workers of 8 for evacuation
[2026-01-16T09:26:24.441+0000][gc,phases   ] GC(900)   Pre Evacuate Collection Set: 21.6ms
[2026-01-16T09:26:24.442+0000][gc,phases   ] GC(900)   Merge Heap Roots: 9.6ms
[2026-01-16T09:26:24.442+0000][gc,phases   ] GC(900)   Evacuate Collection Set: 131.4ms
[2026-01-16T09:26:24.443+0000][gc,phases   ] GC(900)   Post Evacuate Collection Set: 25.3ms
[2026-01-16T09:26:24.443+0000][gc,phases   ] GC(900)   Other: 1.5ms
[2026-01-16T09:26:24.444+0000][gc,heap     ] GC(900) Eden regions: 50->0(49)
[2026-01-16T09:26:24.444+0000][gc,heap     ] GC(900) Survivor regions: 1->2(7)
[2026-01-16T09:26:24.444+0000][gc,heap     ] GC(900) Old regions: 215->215
[2026-01-16T09:26:24.444+0000][gc,heap     ] GC(900) Humongous regions: 96->96
[2026-01-16T09:26:24.445+0000][gc,metaspace] GC(900) Metaspace: 13042K(13440K)->13042K(13440K) NonClass: 11928K(12096K)->11928K(12096K) Class: 1113K(1344K)->1113K(1344K)
[2026-01-16T09:26:24.446+0000][gc          ] GC(900) Pause Young (Normal) (G1 Evacuation Pause) 360M->311M(1024M) 195.731ms
[2026-01-16T09:26:24.447+0000][gc,cpu      ] GC(900) User=0.12s Sys=0.00s Real=0.20s
[2026-01-16T09:26:30.808+0000][gc,start    ] GC(901) Pause Young (Normal) (G1 Evacuation Pause)
[2026-01-16T09:26:30.819+0000][gc,task     ] GC(901) Using 8 workers of 8 for evacuation
[2026-01-16T09:26:31.807+0000][gc,mmu      ] GC(901) MMU target violated: 201.0ms (200.0ms/201.0ms)
[2026-01-16T09:26:31.809+0000][gc,phases   ] GC(901)   Pre Evacuate Collection Set: 67.9ms
[2026-01-16T09:26:31.810+0000][gc,phases   ] GC(901)   Merge Heap Roots: 33.3ms
[2026-01-16T09:26:31.810+0000][gc,phases   ] GC(901)   Evacuate Collection Set: 844.2ms
[2026-01-16T09:26:31.810+0000][gc,phases   ] GC(901)   Post Evacuate Collection Set: 41.4ms
[2026-01-16T09:26:31.811+0000][gc,phases   ] GC(901)   Other: 3.6ms
[2026-01-16T09:26:31.812+0000][gc,heap     ] GC(901) Eden regions: 49->0(50)
[2026-01-16T09:26:31.813+0000][gc,heap     ] GC(901) Survivor regions: 2->1(7)
[2026-01-16T09:26:31.818+0000][gc,heap     ] GC(901) Old regions: 215->215
[2026-01-16T09:26:31.818+0000][gc,heap     ] GC(901) Humongous regions: 96->96
[2026-01-16T09:26:31.818+0000][gc,metaspace] GC(901) Metaspace: 13042K(13440K)->13042K(13440K) NonClass: 11928K(12096K)->11928K(12096K) Class: 1113K(1344K)->1113K(1344K)
[2026-01-16T09:26:31.819+0000][gc          ] GC(901) Pause Young (Normal) (G1 Evacuation Pause) 360M->310M(1024M) 1014.789ms
[2026-01-16T09:26:31.821+0000][gc,cpu      ] GC(901) User=0.33s Sys=0.04s Real=1.01s
[2026-01-16T09:26:38.649+0000][gc,start    ] GC(902) Pause Young (Normal) (G1 Evacuation Pause)
[2026-01-16T09:26:38.655+0000][gc,task     ] GC(902) Using 8 workers of 8 for evacuation
[2026-01-16T09:26:38.846+0000][gc,phases   ] GC(902)   Pre Evacuate Collection Set: 40.5ms
[2026-01-16T09:26:38.846+0000][gc,phases   ] GC(902)   Merge Heap Roots: 5.7ms
[2026-01-16T09:26:38.848+0000][gc,phases   ] GC(902)   Evacuate Collection Set: 112.0ms
[2026-01-16T09:26:38.849+0000][gc,phases   ] GC(902)   Post Evacuate Collection Set: 31.0ms
[2026-01-16T09:26:38.850+0000][gc,phases   ] GC(902)   Other: 1.2ms
[2026-01-16T09:26:38.851+0000][gc,heap     ] GC(902) Eden regions: 50->0(49)
[2026-01-16T09:26:38.851+0000][gc,heap     ] GC(902) Survivor regions: 1->2(7)
[2026-01-16T09:26:38.852+0000][gc,heap     ] GC(902) Old regions: 215->215
[2026-01-16T09:26:38.852+0000][gc,heap     ] GC(902) Humongous regions: 96->96
[2026-01-16T09:26:38.852+0000][gc,metaspace] GC(902) Metaspace: 13042K(13440K)->13042K(13440K) NonClass: 11928K(12096K)->11928K(12096K) Class: 1113K(1344K)->1113K(1344K)
[2026-01-16T09:26:38.853+0000][gc          ] GC(902) Pause Young (Normal) (G1 Evacuation Pause) 360M->311M(1024M) 204.457ms
[2026-01-16T09:26:38.855+0000][gc,cpu      ] GC(902) User=0.15s Sys=0.02s Real=0.21s
[2026-01-16T09:26:41.879+0000][gc,start    ] GC(903) Pause Young (Normal) (G1 Evacuation Pause)
[2026-01-16T09:26:41.898+0000][gc,task     ] GC(903) Using 8 workers of 8 for evacuation
[2026-01-16T09:26:43.292+0000][gc,mmu      ] GC(903) MMU target violated: 201.0ms (200.0ms/201.0ms)
[2026-01-16T09:26:43.293+0000][gc,phases   ] GC(903)   Pre Evacuate Collection Set: 62.4ms
[2026-01-16T09:26:43.296+0000][gc,phases   ] GC(903)   Merge Heap Roots: 2.3ms
[2026-01-16T09:26:43.299+0000][gc,phases   ] GC(903)   Evacuate Collection Set: 1229.7ms
[2026-01-16T09:26:43.300+0000][gc,phases   ] GC(903)   Post Evacuate Collection Set: 88.5ms
[2026-01-16T09:26:43.302+0000][gc,phases   ] GC(903)   Other: 22.8ms
[2026-01-16T09:26:43.305+0000][gc,heap     ] GC(903) Eden regions: 49->0(49)
[2026-01-16T09:26:43.310+0000][gc,heap     ] GC(903) Survivor regions: 2->2(7)
[2026-01-16T09:26:43.312+0000][gc,heap     ] GC(903) Old regions: 215->215
[2026-01-16T09:26:43.314+0000][gc,heap     ] GC(903) Humongous regions: 96->96
[2026-01-16T09:26:43.318+0000][gc,metaspace] GC(903) Metaspace: 13043K(13440K)->13043K(13440K) NonClass: 11929K(12096K)->11929K(12096K) Class: 1113K(1344K)->1113K(1344K)
[2026-01-16T09:26:43.321+0000][gc          ] GC(903) Pause Young (Normal) (G1 Evacuation Pause) 360M->311M(1024M) 1442.446ms
[2026-01-16T09:26:43.322+0000][gc,cpu      ] GC(903) User=0.58s Sys=0.05s Real=1.45s
[2026-01-16T09:26:46.264+0000][gc,start    ] GC(904) Pause Young (Normal) (G1 Evacuation Pause)
[2026-01-16T09:26:46.266+0000][gc,task     ] GC(904) Using 8 workers of 8 for evacuation
[2026-01-16T09:26:46.651+0000][gc,mmu      ] GC(904) MMU target violated: 201.0ms (200.0ms/201.0ms)
[2026-01-16T09:26:46.653+0000][gc,phases   ] GC(904)   Pre Evacuate Collection Set: 72.7ms
[2026-01-16T09:26:46.653+0000][gc,phases   ] GC(904)   Merge Heap Roots: 23.0ms
[2026-01-16T09:26:46.654+0000][gc,phases   ] GC(904)   Evacuate Collection Set: 279.6ms
[2026-01-16T09:26:46.655+0000][gc,phases   ] GC(904)   Post Evacuate Collection Set: 8.9ms
[2026-01-16T09:26:46.655+0000][gc,phases   ] GC(904)   Other: 3.1ms
[2026-01-16T09:26:46.655+0000][gc,heap     ] GC(904) Eden regions: 49->0(49)
[2026-01-16T09:26:46.655+0000][gc,heap     ] GC(904) Survivor regions: 2->2(7)
[2026-01-16T09:26:46.655+0000][gc,heap     ] GC(904) Old regions: 215->215
[2026-01-16T09:26:46.655+0000][gc,heap     ] GC(904) Humongous regions: 96->96
[2026-01-16T09:26:46.655+0000][gc,metaspace] GC(904) Metaspace: 13043K(13440K)->13043K(13440K) NonClass: 11930K(12096K)->11930K(12096K) Class: 1113K(1344K)->1113K(1344K)
[2026-01-16T09:26:46.656+0000][gc          ] GC(904) Pause Young (Normal) (G1 Evacuation Pause) 360M->311M(1024M) 391.403ms
[2026-01-16T09:26:46.656+0000][gc,cpu      ] GC(904) User=0.21s Sys=0.02s Real=0.39s
[2026-01-16T09:26:49.078+0000][gc,start    ] GC(905) Pause Young (Normal) (G1 Evacuation Pause)
[2026-01-16T09:26:49.079+0000][gc,task     ] GC(905) Using 8 workers of 8 for evacuation
[2026-01-16T09:26:49.448+0000][gc,mmu      ] GC(905) MMU target violated: 201.0ms (200.0ms/201.0ms)
[2026-01-16T09:26:49.456+0000][gc,phases   ] GC(905)   Pre Evacuate Collection Set: 11.8ms
[2026-01-16T09:26:49.459+0000][gc,phases   ] GC(905)   Merge Heap Roots: 7.1ms
[2026-01-16T09:26:49.467+0000][gc,phases   ] GC(905)   Evacuate Collection Set: 332.3ms
[2026-01-16T09:26:49.472+0000][gc,phases   ] GC(905)   Post Evacuate Collection Set: 17.1ms
[2026-01-16T09:26:49.478+0000][gc,phases   ] GC(905)   Other: 8.7ms
[2026-01-16T09:26:49.479+0000][gc,heap     ] GC(905) Eden regions: 49->0(49)
[2026-01-16T09:26:49.480+0000][gc,heap     ] GC(905) Survivor regions: 2->2(7)
[2026-01-16T09:26:49.481+0000][gc,heap     ] GC(905) Old regions: 215->215
[2026-01-16T09:26:49.483+0000][gc,heap     ] GC(905) Humongous regions: 96->96
[2026-01-16T09:26:49.493+0000][gc,metaspace] GC(905) Metaspace: 13043K(13440K)->13043K(13440K) NonClass: 11930K(12096K)->11930K(12096K) Class: 1113K(1344K)->1113K(1344K)
[2026-01-16T09:26:49.493+0000][gc          ] GC(905) Pause Young (Normal) (G1 Evacuation Pause) 360M->311M(1024M) 414.938ms
[2026-01-16T09:26:49.495+0000][gc,cpu      ] GC(905) User=0.20s Sys=0.01s Real=0.42s
[2026-01-16T09:26:52.220+0000][gc,start    ] GC(906) Pause Young (Normal) (G1 Evacuation Pause)
[2026-01-16T09:26:52.223+0000][gc,task     ] GC(906) Using 8 workers of 8 for evacuation
[2026-01-16T09:26:52.402+0000][gc,phases   ] GC(906)   Pre Evacuate Collection Set: 46.2ms
[2026-01-16T09:26:52.406+0000][gc,phases   ] GC(906)   Merge Heap Roots: 1.5ms
[2026-01-16T09:26:52.409+0000][gc,phases   ] GC(906)   Evacuate Collection Set: 104.1ms
[2026-01-16T09:26:52.411+0000][gc,phases   ] GC(906)   Post Evacuate Collection Set: 26.3ms
[2026-01-16T09:26:52.412+0000][gc,phases   ] GC(906)   Other: 1.3ms
[2026-01-16T09:26:52.414+0000][gc,heap     ] GC(906) Eden regions: 49->0(50)
[2026-01-16T09:26:52.420+0000][gc,heap     ] GC(906) Survivor regions: 2->1(7)
[2026-01-16T09:26:52.421+0000][gc,heap     ] GC(906) Old regions: 215->215
[2026-01-16T09:26:52.423+0000][gc,heap     ] GC(906) Humongous regions: 96->96
[2026-01-16T09:26:52.426+0000][gc,metaspace] GC(906) Metaspace: 13043K(13440K)->13043K(13440K) NonClass: 11930K(12096K)->11930K(12096K) Class: 1113K(1344K)->1113K(1344K)
[2026-01-16T09:26:52.429+0000][gc          ] GC(906) Pause Young (Normal) (G1 Evacuation Pause) 360M->311M(1024M) 209.269ms
[2026-01-16T09:26:52.431+0000][gc,cpu      ] GC(906) User=0.13s Sys=0.02s Real=0.22s
[2026-01-16T09:26:55.730+0000][gc,start    ] GC(907) Pause Young (Normal) (G1 Evacuation Pause)
[2026-01-16T09:26:55.732+0000][gc,task     ] GC(907) Using 8 workers of 8 for evacuation
[2026-01-16T09:26:56.275+0000][gc,mmu      ] GC(907) MMU target violated: 201.0ms (200.0ms/201.0ms)
[2026-01-16T09:26:56.278+0000][gc,phases   ] GC(907)   Pre Evacuate Collection Set: 44.6ms
[2026-01-16T09:26:56.281+0000][gc,phases   ] GC(907)   Merge Heap Roots: 5.8ms
[2026-01-16T09:26:56.283+0000][gc,phases   ] GC(907)   Evacuate Collection Set: 421.2ms
[2026-01-16T09:26:56.288+0000][gc,phases   ] GC(907)   Post Evacuate Collection Set: 67.5ms
[2026-01-16T09:26:56.291+0000][gc,phases   ] GC(907)   Other: 7.0ms
[2026-01-16T09:26:56.295+0000][gc,heap     ] GC(907) Eden regions: 50->0(49)
[2026-01-16T09:26:56.297+0000][gc,heap     ] GC(907) Survivor regions: 1->2(7)
[2026-01-16T09:26:56.298+0000][gc,heap     ] GC(907) Old regions: 215->215
[2026-01-16T09:26:56.300+0000][gc,heap     ] GC(907) Humongous regions: 96->96
[2026-01-16T09:26:56.309+0000][gc,metaspace] GC(907) Metaspace: 13043K(13440K)->13043K(13440K) NonClass: 11930K(12096K)->11930K(12096K) Class: 1113K(1344K)->1113K(1344K)
[2026-01-16T09:26:56.312+0000][gc          ] GC(907) Pause Young (Normal) (G1 Evacuation Pause) 361M->311M(1024M) 582.185ms
[2026-01-16T09:26:56.318+0000][gc,cpu      ] GC(907) User=0.28s Sys=0.04s Real=0.59s
[2026-01-16T09:27:00.727+0000][gc,start    ] GC(908) Pause Young (Normal) (G1 Evacuation Pause)
[2026-01-16T09:27:00.730+0000][gc,task     ] GC(908) Using 8 workers of 8 for evacuation
[2026-01-16T09:27:01.085+0000][gc,mmu      ] GC(908) MMU target violated: 201.0ms (200.0ms/201.0ms)
[2026-01-16T09:27:01.085+0000][gc,phases   ] GC(908)   Pre Evacuate Collection Set: 6.9ms
[2026-01-16T09:27:01.085+0000][gc,phases   ] GC(908)   Merge Heap Roots: 9.3ms
[2026-01-16T09:27:01.086+0000][gc,phases   ] GC(908)   Evacuate Collection Set: 315.1ms
[2026-01-16T09:27:01.086+0000][gc,phases   ] GC(908)   Post Evacuate Collection Set: 23.6ms
[2026-01-16T09:27:01.086+0000][gc,phases   ] GC(908)   Other: 0.7ms
[2026-01-16T09:27:01.086+0000][gc,heap     ] GC(908) Eden regions: 49->0(50)
[2026-01-16T09:27:01.086+0000][gc,heap     ] GC(908) Survivor regions: 2->1(7)
[2026-01-16T09:27:01.086+0000][gc,heap     ] GC(908) Old regions: 215->215
[2026-01-16T09:27:01.086+0000][gc,heap     ] GC(908) Humongous regions: 96->96
[2026-01-16T09:27:01.086+0000][gc,metaspace] GC(908) Metaspace: 13043K(13440K)->13043K(13440K) NonClass: 11930K(12096K)->11930K(12096K) Class: 1113K(1344K)->1113K(1344K)
[2026-01-16T09:27:01.086+0000][gc          ] GC(908) Pause Young (Normal) (G1 Evacuation Pause) 360M->310M(1024M) 358.775ms
[2026-01-16T09:27:01.086+0000][gc,cpu      ] GC(908) User=0.11s Sys=0.02s Real=0.36s
[2026-01-16T09:27:04.432+0000][gc,start    ] GC(909) Pause Young (Normal) (G1 Evacuation Pause)
[2026-01-16T09:27:04.434+0000][gc,task     ] GC(909) Using 8 workers of 8 for evacuation
[2026-01-16T09:27:04.790+0000][gc,mmu      ] GC(909) MMU target violated: 201.0ms (200.0ms/201.0ms)
[2026-01-16T09:27:04.790+0000][gc,phases   ] GC(909)   Pre Evacuate Collection Set: 29.5ms
[2026-01-16T09:27:04.792+0000][gc,phases   ] GC(909)   Merge Heap Roots: 7.7ms
[2026-01-16T09:27:04.793+0000][gc,phases   ] GC(909)   Evacuate Collection Set: 257.8ms
[2026-01-16T09:27:04.793+0000][gc,phases   ] GC(909)   Post Evacuate Collection Set: 41.9ms
[2026-01-16T09:27:04.793+0000][gc,phases   ] GC(909)   Other: 20.1ms
[2026-01-16T09:27:04.794+0000][gc,heap     ] GC(909) Eden regions: 50->0(49)
[2026-01-16T09:27:04.794+0000][gc,heap     ] GC(909) Survivor regions: 1->2(7)
[2026-01-16T09:27:04.796+0000][gc,heap     ] GC(909) Old regions: 215->215
[2026-01-16T09:27:04.796+0000][gc,heap     ] GC(909) Humongous regions: 96->96
[2026-01-16T09:27:04.798+0000][gc,metaspace] GC(909) Metaspace: 13043K(13440K)->13043K(13440K) NonClass: 11930K(12096K)->11930K(12096K) Class: 1113K(1344K)->1113K(1344K)
[2026-01-16T09:27:04.804+0000][gc          ] GC(909) Pause Young (Normal) (G1 Evacuation Pause) 360M->311M(1024M) 371.858ms
[2026-01-16T09:27:04.804+0000][gc,cpu      ] GC(909) User=0.12s Sys=0.03s Real=0.37s
[2026-01-16T09:27:09.440+0000][gc,start    ] GC(910) Pause Young (Normal) (G1 Evacuation Pause)
[2026-01-16T09:27:09.441+0000][gc,task     ] GC(910) Using 8 workers of 8 for evacuation
[2026-01-16T09:27:09.729+0000][gc,mmu      ] GC(910) MMU target violated: 201.0ms (200.0ms/201.0ms)
[2026-01-16T09:27:09.731+0000][gc,phases   ] GC(910)   Pre Evacuate Collection Set: 21.4ms
[2026-01-16T09:27:09.731+0000][gc,phases   ] GC(910)   Merge Heap Roots: 31.1ms
[2026-01-16T09:27:09.731+0000][gc,phases   ] GC(910)   Evacuate Collection Set: 227.4ms
[2026-01-16T09:27:09.731+0000][gc,phases   ] GC(910)   Post Evacuate Collection Set: 7.6ms
[2026-01-16T09:27:09.731+0000][gc,phases   ] GC(910)   Other: 2.6ms
[2026-01-16T09:27:09.732+0000][gc,heap     ] GC(910) Eden regions: 49->0(50)
[2026-01-16T09:27:09.734+0000][gc,heap     ] GC(910) Survivor regions: 2->1(7)
[2026-01-16T09:27:09.734+0000][gc,heap     ] GC(910) Old regions: 215->215
[2026-01-16T09:27:09.735+0000][gc,heap     ] GC(910) Humongous regions: 96->96
[2026-01-16T09:27:09.736+0000][gc,metaspace] GC(910) Metaspace: 13043K(13440K)->13043K(13440K) NonClass: 11930K(12096K)->11930K(12096K) Class: 1113K(1344K)->1113K(1344K)
[2026-01-16T09:27:09.736+0000][gc          ] GC(910) Pause Young (Normal) (G1 Evacuation Pause) 360M->310M(1024M) 298.632ms
[2026-01-16T09:27:09.737+0000][gc,cpu      ] GC(910) User=0.15s Sys=0.01s Real=0.30s
[2026-01-16T09:27:11.779+0000][gc,start    ] GC(911) Pause Young (Normal) (G1 Evacuation Pause)
[2026-01-16T09:27:11.779+0000][gc,task     ] GC(911) Using 8 workers of 8 for evacuation
[2026-01-16T09:27:11.923+0000][gc,phases   ] GC(911)   Pre Evacuate Collection Set: 9.6ms
[2026-01-16T09:27:11.923+0000][gc,phases   ] GC(911)   Merge Heap Roots: 4.7ms
[2026-01-16T09:27:11.923+0000][gc,phases   ] GC(911)   Evacuate Collection Set: 118.7ms
[2026-01-16T09:27:11.924+0000][gc,phases   ] GC(911)   Post Evacuate Collection Set: 10.0ms
[2026-01-16T09:27:11.925+0000][gc,phases   ] GC(911)   Other: 0.8ms
[2026-01-16T09:27:11.925+0000][gc,heap     ] GC(911) Eden regions: 50->0(50)
[2026-01-16T09:27:11.925+0000][gc,heap     ] GC(911) Survivor regions: 1->1(7)
[2026-01-16T09:27:11.925+0000][gc,heap     ] GC(911) Old regions: 215->215
[2026-01-16T09:27:11.926+0000][gc,heap     ] GC(911) Humongous regions: 96->96
[2026-01-16T09:27:11.926+0000][gc,metaspace] GC(911) Metaspace: 13043K(13440K)->13043K(13440K) NonClass: 11930K(12096K)->11930K(12096K) Class: 1113K(1344K)->1113K(1344K)
[2026-01-16T09:27:11.926+0000][gc          ] GC(911) Pause Young (Normal) (G1 Evacuation Pause) 360M->311M(1024M) 147.718ms
[2026-01-16T09:27:11.927+0000][gc,cpu      ] GC(911) User=0.10s Sys=0.00s Real=0.15s
[2026-01-16T09:27:13.497+0000][gc,start    ] GC(912) Pause Young (Normal) (G1 Evacuation Pause)
[2026-01-16T09:27:13.498+0000][gc,task     ] GC(912) Using 8 workers of 8 for evacuation
[2026-01-16T09:27:13.551+0000][gc,phases   ] GC(912)   Pre Evacuate Collection Set: 8.6ms
[2026-01-16T09:27:13.551+0000][gc,phases   ] GC(912)   Merge Heap Roots: 0.8ms
[2026-01-16T09:27:13.552+0000][gc,phases   ] GC(912)   Evacuate Collection Set: 35.6ms
[2026-01-16T09:27:13.552+0000][gc,phases   ] GC(912)   Post Evacuate Collection Set: 7.4ms
[2026-01-16T09:27:13.552+0000][gc,phases   ] GC(912)   Other: 0.8ms
[2026-01-16T09:27:13.552+0000][gc,heap     ] GC(912) Eden regions: 50->0(49)
[2026-01-16T09:27:13.552+0000][gc,heap     ] GC(912) Survivor regions: 1->2(7)
[2026-01-16T09:27:13.553+0000][gc,heap     ] GC(912) Old regions: 215->215
[2026-01-16T09:27:13.553+0000][gc,heap     ] GC(912) Humongous regions: 96->96
[2026-01-16T09:27:13.554+0000][gc,metaspace] GC(912) Metaspace: 13043K(13440K)->13043K(13440K) NonClass: 11930K(12096K)->11930K(12096K) Class: 1113K(1344K)->1113K(1344K)
[2026-01-16T09:27:13.554+0000][gc          ] GC(912) Pause Young (Normal) (G1 Evacuation Pause) 361M->311M(1024M) 57.357ms
[2026-01-16T09:27:13.554+0000][gc,cpu      ] GC(912) User=0.05s Sys=0.00s Real=0.06s
[2026-01-16T09:27:19.963+0000][gc,start    ] GC(913) Pause Young (Normal) (G1 Evacuation Pause)
[2026-01-16T09:27:19.963+0000][gc,task     ] GC(913) Using 8 workers of 8 for evacuation
[2026-01-16T09:27:20.002+0000][gc,phases   ] GC(913)   Pre Evacuate Collection Set: 12.1ms
[2026-01-16T09:27:20.003+0000][gc,phases   ] GC(913)   Merge Heap Roots: 1.1ms
[2026-01-16T09:27:20.003+0000][gc,phases   ] GC(913)   Evacuate Collection Set: 19.5ms
[2026-01-16T09:27:20.004+0000][gc,phases   ] GC(913)   Post Evacuate Collection Set: 5.4ms
[2026-01-16T09:27:20.004+0000][gc,phases   ] GC(913)   Other: 0.4ms
[2026-01-16T09:27:20.004+0000][gc,heap     ] GC(913) Eden regions: 49->0(50)
[2026-01-16T09:27:20.005+0000][gc,heap     ] GC(913) Survivor regions: 2->1(7)
[2026-01-16T09:27:20.005+0000][gc,heap     ] GC(913) Old regions: 215->215
[2026-01-16T09:27:20.005+0000][gc,heap     ] GC(913) Humongous regions: 96->96
[2026-01-16T09:27:20.006+0000][gc,metaspace] GC(913) Metaspace: 13043K(13440K)->13043K(13440K) NonClass: 11930K(12096K)->11930K(12096K) Class: 1113K(1344K)->1113K(1344K)
[2026-01-16T09:27:20.006+0000][gc          ] GC(913) Pause Young (Normal) (G1 Evacuation Pause) 360M->311M(1024M) 47.797ms
[2026-01-16T09:27:20.007+0000][gc,cpu      ] GC(913) User=0.07s Sys=0.01s Real=0.05s
[2026-01-16T09:27:20.713+0000][gc,start    ] GC(914) Pause Young (Normal) (G1 Evacuation Pause)
[2026-01-16T09:27:20.714+0000][gc,task     ] GC(914) Using 8 workers of 8 for evacuation
[2026-01-16T09:27:20.758+0000][gc,phases   ] GC(914)   Pre Evacuate Collection Set: 4.8ms
[2026-01-16T09:27:20.758+0000][gc,phases   ] GC(914)   Merge Heap Roots: 0.1ms
[2026-01-16T09:27:20.759+0000][gc,phases   ] GC(914)   Evacuate Collection Set: 38.2ms
[2026-01-16T09:27:20.768+0000][gc,phases   ] GC(914)   Post Evacuate Collection Set: 0.5ms
[2026-01-16T09:27:20.769+0000][gc,phases   ] GC(914)   Other: 0.4ms
[2026-01-16T09:27:20.769+0000][gc,heap     ] GC(914) Eden regions: 55->0(49)
[2026-01-16T09:27:20.769+0000][gc,heap     ] GC(914) Survivor regions: 1->2(7)
[2026-01-16T09:27:20.770+0000][gc,heap     ] GC(914) Old regions: 215->215
[2026-01-16T09:27:20.770+0000][gc,heap     ] GC(914) Humongous regions: 96->96
[2026-01-16T09:27:20.770+0000][gc,metaspace] GC(914) Metaspace: 13043K(13440K)->13043K(13440K) NonClass: 11930K(12096K)->11930K(12096K) Class: 1113K(1344K)->1113K(1344K)
[2026-01-16T09:27:20.772+0000][gc          ] GC(914) Pause Young (Normal) (G1 Evacuation Pause) 366M->311M(1024M) 58.997ms
[2026-01-16T09:27:20.773+0000][gc,cpu      ] GC(914) User=0.05s Sys=0.00s Real=0.06s
[2026-01-16T09:27:30.165+0000][gc,start    ] GC(915) Pause Young (Normal) (G1 Evacuation Pause)
[2026-01-16T09:27:30.169+0000][gc,task     ] GC(915) Using 8 workers of 8 for evacuation
[2026-01-16T09:27:30.225+0000][gc,phases   ] GC(915)   Pre Evacuate Collection Set: 14.7ms
[2026-01-16T09:27:30.227+0000][gc,phases   ] GC(915)   Merge Heap Roots: 1.9ms
[2026-01-16T09:27:30.228+0000][gc,phases   ] GC(915)   Evacuate Collection Set: 32.1ms
[2026-01-16T09:27:30.232+0000][gc,phases   ] GC(915)   Post Evacuate Collection Set: 4.2ms
[2026-01-16T09:27:30.235+0000][gc,phases   ] GC(915)   Other: 6.2ms
[2026-01-16T09:27:30.237+0000][gc,heap     ] GC(915) Eden regions: 52->0(109)
[2026-01-16T09:27:30.237+0000][gc,heap     ] GC(915) Survivor regions: 2->1(7)
[2026-01-16T09:27:30.238+0000][gc,heap     ] GC(915) Old regions: 215->215
[2026-01-16T09:27:30.239+0000][gc,heap     ] GC(915) Humongous regions: 96->96
[2026-01-16T09:27:30.239+0000][gc,metaspace] GC(915) Metaspace: 13043K(13440K)->13043K(13440K) NonClass: 11930K(12096K)->11930K(12096K) Class: 1113K(1344K)->1113K(1344K)
[2026-01-16T09:27:30.239+0000][gc          ] GC(915) Pause Young (Normal) (G1 Evacuation Pause) 363M->311M(1024M) 74.370ms
[2026-01-16T09:27:30.240+0000][gc,cpu      ] GC(915) User=0.07s Sys=0.01s Real=0.07s
[2026-01-16T09:27:41.832+0000][gc,start    ] GC(916) Pause Young (Normal) (G1 Evacuation Pause)
[2026-01-16T09:27:41.837+0000][gc,task     ] GC(916) Using 8 workers of 8 for evacuation
[2026-01-16T09:27:41.937+0000][gc,phases   ] GC(916)   Pre Evacuate Collection Set: 10.5ms
[2026-01-16T09:27:41.940+0000][gc,phases   ] GC(916)   Merge Heap Roots: 6.6ms
[2026-01-16T09:27:41.941+0000][gc,phases   ] GC(916)   Evacuate Collection Set: 72.8ms
[2026-01-16T09:27:41.941+0000][gc,phases   ] GC(916)   Post Evacuate Collection Set: 9.0ms
[2026-01-16T09:27:41.941+0000][gc,phases   ] GC(916)   Other: 1.9ms
[2026-01-16T09:27:41.941+0000][gc,heap     ] GC(916) Eden regions: 128->0(149)
[2026-01-16T09:27:41.942+0000][gc,heap     ] GC(916) Survivor regions: 1->1(17)
[2026-01-16T09:27:41.942+0000][gc,heap     ] GC(916) Old regions: 215->215
[2026-01-16T09:27:41.942+0000][gc,heap     ] GC(916) Humongous regions: 96->96
[2026-01-16T09:27:41.943+0000][gc,metaspace] GC(916) Metaspace: 13043K(13440K)->13043K(13440K) NonClass: 11930K(12096K)->11930K(12096K) Class: 1113K(1344K)->1113K(1344K)
[2026-01-16T09:27:41.945+0000][gc          ] GC(916) Pause Young (Normal) (G1 Evacuation Pause) 439M->311M(1024M) 113.884ms
[2026-01-16T09:27:41.948+0000][gc,cpu      ] GC(916) User=0.11s Sys=0.01s Real=0.11s
[2026-01-16T09:27:52.883+0000][gc,start    ] GC(917) Pause Young (Normal) (G1 Evacuation Pause)
[2026-01-16T09:27:52.886+0000][gc,task     ] GC(917) Using 8 workers of 8 for evacuation
[2026-01-16T09:27:53.212+0000][gc,mmu      ] GC(917) MMU target violated: 201.0ms (200.0ms/201.0ms)
[2026-01-16T09:27:53.215+0000][gc,phases   ] GC(917)   Pre Evacuate Collection Set: 48.0ms
[2026-01-16T09:27:53.215+0000][gc,phases   ] GC(917)   Merge Heap Roots: 15.5ms
[2026-01-16T09:27:53.216+0000][gc,phases   ] GC(917)   Evacuate Collection Set: 234.5ms
[2026-01-16T09:27:53.217+0000][gc,phases   ] GC(917)   Post Evacuate Collection Set: 20.3ms
[2026-01-16T09:27:53.217+0000][gc,phases   ] GC(917)   Other: 10.5ms
[2026-01-16T09:27:53.217+0000][gc,heap     ] GC(917) Eden regions: 152->0(65)
[2026-01-16T09:27:53.219+0000][gc,heap     ] GC(917) Survivor regions: 1->2(20)
[2026-01-16T09:27:53.219+0000][gc,heap     ] GC(917) Old regions: 215->215
[2026-01-16T09:27:53.220+0000][gc,heap     ] GC(917) Humongous regions: 96->96
[2026-01-16T09:27:53.222+0000][gc,metaspace] GC(917) Metaspace: 13043K(13440K)->13043K(13440K) NonClass: 11930K(12096K)->11930K(12096K) Class: 1113K(1344K)->1113K(1344K)
[2026-01-16T09:27:53.224+0000][gc          ] GC(917) Pause Young (Normal) (G1 Evacuation Pause) 463M->311M(1024M) 341.404ms
[2026-01-16T09:27:53.227+0000][gc,cpu      ] GC(917) User=0.29s Sys=0.02s Real=0.34s
[2026-01-16T09:27:59.712+0000][gc,start    ] GC(918) Pause Young (Normal) (G1 Evacuation Pause)
[2026-01-16T09:27:59.713+0000][gc,task     ] GC(918) Using 8 workers of 8 for evacuation
[2026-01-16T09:27:59.750+0000][gc,phases   ] GC(918)   Pre Evacuate Collection Set: 8.9ms
[2026-01-16T09:27:59.751+0000][gc,phases   ] GC(918)   Merge Heap Roots: 0.6ms
[2026-01-16T09:27:59.751+0000][gc,phases   ] GC(918)   Evacuate Collection Set: 25.3ms
[2026-01-16T09:27:59.752+0000][gc,phases   ] GC(918)   Post Evacuate Collection Set: 2.4ms
[2026-01-16T09:27:59.752+0000][gc,phases   ] GC(918)   Other: 1.1ms
[2026-01-16T09:27:59.752+0000][gc,heap     ] GC(918) Eden regions: 72->0(245)
[2026-01-16T09:27:59.752+0000][gc,heap     ] GC(918) Survivor regions: 2->1(10)
[2026-01-16T09:27:59.753+0000][gc,heap     ] GC(918) Old regions: 215->215
[2026-01-16T09:27:59.753+0000][gc,heap     ] GC(918) Humongous regions: 96->96
[2026-01-16T09:27:59.753+0000][gc,metaspace] GC(918) Metaspace: 13043K(13440K)->13043K(13440K) NonClass: 11930K(12096K)->11930K(12096K) Class: 1113K(1344K)->1113K(1344K)
[2026-01-16T09:27:59.753+0000][gc          ] GC(918) Pause Young (Normal) (G1 Evacuation Pause) 383M->311M(1024M) 41.942ms
[2026-01-16T09:27:59.754+0000][gc,cpu      ] GC(918) User=0.07s Sys=0.00s Real=0.04s
[2026-01-16T09:28:23.320+0000][gc,start    ] GC(919) Pause Young (Normal) (G1 Evacuation Pause)
[2026-01-16T09:28:23.326+0000][gc,task     ] GC(919) Using 8 workers of 8 for evacuation
[2026-01-16T09:28:23.579+0000][gc,mmu      ] GC(919) MMU target violated: 201.0ms (200.0ms/201.0ms)
[2026-01-16T09:28:23.580+0000][gc,phases   ] GC(919)   Pre Evacuate Collection Set: 27.2ms
[2026-01-16T09:28:23.580+0000][gc,phases   ] GC(919)   Merge Heap Roots: 1.6ms
[2026-01-16T09:28:23.581+0000][gc,phases   ] GC(919)   Evacuate Collection Set: 195.3ms
[2026-01-16T09:28:23.581+0000][gc,phases   ] GC(919)   Post Evacuate Collection Set: 28.2ms
[2026-01-16T09:28:23.581+0000][gc,phases   ] GC(919)   Other: 2.3ms
[2026-01-16T09:28:23.582+0000][gc,heap     ] GC(919) Eden regions: 253->0(104)
[2026-01-16T09:28:23.582+0000][gc,heap     ] GC(919) Survivor regions: 1->2(32)
[2026-01-16T09:28:23.583+0000][gc,heap     ] GC(919) Old regions: 215->215
[2026-01-16T09:28:23.583+0000][gc,heap     ] GC(919) Humongous regions: 96->96
[2026-01-16T09:28:23.583+0000][gc,metaspace] GC(919) Metaspace: 13043K(13440K)->13043K(13440K) NonClass: 11930K(12096K)->11930K(12096K) Class: 1113K(1344K)->1113K(1344K)
[2026-01-16T09:28:23.584+0000][gc          ] GC(919) Pause Young (Normal) (G1 Evacuation Pause) 564M->311M(1024M) 264.412ms
[2026-01-16T09:28:23.585+0000][gc,cpu      ] GC(919) User=0.15s Sys=0.01s Real=0.27s
[2026-01-16T09:28:34.930+0000][gc,start    ] GC(920) Pause Young (Normal) (G1 Evacuation Pause)
[2026-01-16T09:28:34.943+0000][gc,task     ] GC(920) Using 8 workers of 8 for evacuation
[2026-01-16T09:28:35.518+0000][gc,mmu      ] GC(920) MMU target violated: 201.0ms (200.0ms/201.0ms)
[2026-01-16T09:28:35.519+0000][gc,phases   ] GC(920)   Pre Evacuate Collection Set: 94.9ms
[2026-01-16T09:28:35.521+0000][gc,phases   ] GC(920)   Merge Heap Roots: 14.3ms
[2026-01-16T09:28:35.521+0000][gc,phases   ] GC(920)   Evacuate Collection Set: 437.0ms
[2026-01-16T09:28:35.522+0000][gc,phases   ] GC(920)   Post Evacuate Collection Set: 14.8ms
[2026-01-16T09:28:35.522+0000][gc,phases   ] GC(920)   Other: 23.2ms
[2026-01-16T09:28:35.523+0000][gc,heap     ] GC(920) Eden regions: 102->0(49)
[2026-01-16T09:28:35.523+0000][gc,heap     ] GC(920) Survivor regions: 2->2(13)
[2026-01-16T09:28:35.523+0000][gc,heap     ] GC(920) Old regions: 215->215
[2026-01-16T09:28:35.524+0000][gc,heap     ] GC(920) Humongous regions: 96->96
[2026-01-16T09:28:35.526+0000][gc,metaspace] GC(920) Metaspace: 13043K(13440K)->13043K(13440K) NonClass: 11930K(12096K)->11930K(12096K) Class: 1113K(1344K)->1113K(1344K)
[2026-01-16T09:28:35.544+0000][gc          ] GC(920) Pause Young (Normal) (G1 Evacuation Pause) 413M->311M(1024M) 619.761ms
[2026-01-16T09:28:35.553+0000][gc,cpu      ] GC(920) User=0.39s Sys=0.07s Real=0.63s
[2026-01-16T09:28:39.684+0000][gc,start    ] GC(921) Pause Young (Normal) (G1 Evacuation Pause)
[2026-01-16T09:28:39.696+0000][gc,task     ] GC(921) Using 8 workers of 8 for evacuation
[2026-01-16T09:28:40.104+0000][gc,mmu      ] GC(921) MMU target violated: 201.0ms (200.0ms/201.0ms)
[2026-01-16T09:28:40.105+0000][gc,phases   ] GC(921)   Pre Evacuate Collection Set: 137.5ms
[2026-01-16T09:28:40.107+0000][gc,phases   ] GC(921)   Merge Heap Roots: 45.1ms
[2026-01-16T09:28:40.107+0000][gc,phases   ] GC(921)   Evacuate Collection Set: 202.4ms
[2026-01-16T09:28:40.108+0000][gc,phases   ] GC(921)   Post Evacuate Collection Set: 18.3ms
[2026-01-16T09:28:40.108+0000][gc,phases   ] GC(921)   Other: 6.0ms
[2026-01-16T09:28:40.109+0000][gc,heap     ] GC(921) Eden regions: 49->0(50)
[2026-01-16T09:28:40.109+0000][gc,heap     ] GC(921) Survivor regions: 2->1(7)
[2026-01-16T09:28:40.109+0000][gc,heap     ] GC(921) Old regions: 215->215
[2026-01-16T09:28:40.110+0000][gc,heap     ] GC(921) Humongous regions: 96->96
[2026-01-16T09:28:40.111+0000][gc,metaspace] GC(921) Metaspace: 13043K(13440K)->13043K(13440K) NonClass: 11930K(12096K)->11930K(12096K) Class: 1113K(1344K)->1113K(1344K)
[2026-01-16T09:28:40.112+0000][gc          ] GC(921) Pause Young (Normal) (G1 Evacuation Pause) 360M->310M(1024M) 438.826ms
[2026-01-16T09:28:40.113+0000][gc,cpu      ] GC(921) User=0.16s Sys=0.02s Real=0.44s
[2026-01-16T09:28:42.772+0000][gc,start    ] GC(922) Pause Young (Normal) (G1 Evacuation Pause)
[2026-01-16T09:28:42.777+0000][gc,task     ] GC(922) Using 8 workers of 8 for evacuation
[2026-01-16T09:28:43.180+0000][gc,mmu      ] GC(922) MMU target violated: 201.0ms (200.0ms/201.0ms)
[2026-01-16T09:28:43.180+0000][gc,phases   ] GC(922)   Pre Evacuate Collection Set: 37.0ms
[2026-01-16T09:28:43.180+0000][gc,phases   ] GC(922)   Merge Heap Roots: 2.6ms
[2026-01-16T09:28:43.180+0000][gc,phases   ] GC(922)   Evacuate Collection Set: 347.3ms
[2026-01-16T09:28:43.180+0000][gc,phases   ] GC(922)   Post Evacuate Collection Set: 9.5ms
[2026-01-16T09:28:43.181+0000][gc,phases   ] GC(922)   Other: 10.0ms
[2026-01-16T09:28:43.181+0000][gc,heap     ] GC(922) Eden regions: 50->0(50)
[2026-01-16T09:28:43.184+0000][gc,heap     ] GC(922) Survivor regions: 1->1(7)
[2026-01-16T09:28:43.184+0000][gc,heap     ] GC(922) Old regions: 215->215
[2026-01-16T09:28:43.184+0000][gc,heap     ] GC(922) Humongous regions: 96->96
[2026-01-16T09:28:43.184+0000][gc,metaspace] GC(922) Metaspace: 13043K(13440K)->13043K(13440K) NonClass: 11930K(12096K)->11930K(12096K) Class: 1113K(1344K)->1113K(1344K)
[2026-01-16T09:28:43.184+0000][gc          ] GC(922) Pause Young (Normal) (G1 Evacuation Pause) 360M->311M(1024M) 411.830ms
[2026-01-16T09:28:43.184+0000][gc,cpu      ] GC(922) User=0.21s Sys=0.03s Real=0.41s
[2026-01-16T09:28:45.736+0000][gc,start    ] GC(923) Pause Young (Normal) (G1 Evacuation Pause)
[2026-01-16T09:28:45.741+0000][gc,task     ] GC(923) Using 8 workers of 8 for evacuation
[2026-01-16T09:28:46.231+0000][gc,mmu      ] GC(923) MMU target violated: 201.0ms (200.0ms/201.0ms)
[2026-01-16T09:28:46.232+0000][gc,phases   ] GC(923)   Pre Evacuate Collection Set: 106.6ms
[2026-01-16T09:28:46.232+0000][gc,phases   ] GC(923)   Merge Heap Roots: 19.7ms
[2026-01-16T09:28:46.232+0000][gc,phases   ] GC(923)   Evacuate Collection Set: 342.9ms
[2026-01-16T09:28:46.233+0000][gc,phases   ] GC(923)   Post Evacuate Collection Set: 16.3ms
[2026-01-16T09:28:46.233+0000][gc,phases   ] GC(923)   Other: 5.2ms
[2026-01-16T09:28:46.233+0000][gc,heap     ] GC(923) Eden regions: 50->0(49)
[2026-01-16T09:28:46.233+0000][gc,heap     ] GC(923) Survivor regions: 1->2(7)
[2026-01-16T09:28:46.233+0000][gc,heap     ] GC(923) Old regions: 215->215
[2026-01-16T09:28:46.233+0000][gc,heap     ] GC(923) Humongous regions: 96->96
[2026-01-16T09:28:46.233+0000][gc,metaspace] GC(923) Metaspace: 13043K(13440K)->13043K(13440K) NonClass: 11930K(12096K)->11930K(12096K) Class: 1113K(1344K)->1113K(1344K)
[2026-01-16T09:28:46.233+0000][gc          ] GC(923) Pause Young (Normal) (G1 Evacuation Pause) 361M->312M(1024M) 497.447ms
[2026-01-16T09:28:46.233+0000][gc,cpu      ] GC(923) User=0.35s Sys=0.03s Real=0.50s
[2026-01-16T09:28:52.483+0000][gc,start    ] GC(924) Pause Young (Normal) (G1 Evacuation Pause)
[2026-01-16T09:28:52.485+0000][gc,task     ] GC(924) Using 8 workers of 8 for evacuation
[2026-01-16T09:28:52.966+0000][gc,mmu      ] GC(924) MMU target violated: 201.0ms (200.0ms/201.0ms)
[2026-01-16T09:28:52.966+0000][gc,phases   ] GC(924)   Pre Evacuate Collection Set: 113.9ms
[2026-01-16T09:28:52.967+0000][gc,phases   ] GC(924)   Merge Heap Roots: 19.0ms
[2026-01-16T09:28:52.967+0000][gc,phases   ] GC(924)   Evacuate Collection Set: 297.6ms
[2026-01-16T09:28:52.967+0000][gc,phases   ] GC(924)   Post Evacuate Collection Set: 49.6ms
[2026-01-16T09:28:52.970+0000][gc,phases   ] GC(924)   Other: 1.5ms
[2026-01-16T09:28:52.970+0000][gc,heap     ] GC(924) Eden regions: 49->0(50)
[2026-01-16T09:28:52.971+0000][gc,heap     ] GC(924) Survivor regions: 2->1(7)
[2026-01-16T09:28:52.971+0000][gc,heap     ] GC(924) Old regions: 215->215
[2026-01-16T09:28:52.972+0000][gc,heap     ] GC(924) Humongous regions: 96->96
[2026-01-16T09:28:52.973+0000][gc,metaspace] GC(924) Metaspace: 13043K(13440K)->13043K(13440K) NonClass: 11930K(12096K)->11930K(12096K) Class: 1113K(1344K)->1113K(1344K)
[2026-01-16T09:28:52.974+0000][gc          ] GC(924) Pause Young (Normal) (G1 Evacuation Pause) 361M->311M(1024M) 490.449ms
[2026-01-16T09:28:52.974+0000][gc,cpu      ] GC(924) User=0.19s Sys=0.02s Real=0.49s
[2026-01-16T09:28:55.810+0000][gc,start    ] GC(925) Pause Young (Normal) (G1 Evacuation Pause)
[2026-01-16T09:28:55.811+0000][gc,task     ] GC(925) Using 8 workers of 8 for evacuation
[2026-01-16T09:28:56.045+0000][gc,mmu      ] GC(925) MMU target violated: 201.0ms (200.0ms/201.0ms)
[2026-01-16T09:28:56.046+0000][gc,phases   ] GC(925)   Pre Evacuate Collection Set: 15.2ms
[2026-01-16T09:28:56.046+0000][gc,phases   ] GC(925)   Merge Heap Roots: 4.0ms
[2026-01-16T09:28:56.046+0000][gc,phases   ] GC(925)   Evacuate Collection Set: 147.9ms
[2026-01-16T09:28:56.047+0000][gc,phases   ] GC(925)   Post Evacuate Collection Set: 63.3ms
[2026-01-16T09:28:56.047+0000][gc,phases   ] GC(925)   Other: 4.3ms
[2026-01-16T09:28:56.047+0000][gc,heap     ] GC(925) Eden regions: 50->0(49)
[2026-01-16T09:28:56.048+0000][gc,heap     ] GC(925) Survivor regions: 1->2(7)
[2026-01-16T09:28:56.048+0000][gc,heap     ] GC(925) Old regions: 215->215
[2026-01-16T09:28:56.049+0000][gc,heap     ] GC(925) Humongous regions: 96->96
[2026-01-16T09:28:56.049+0000][gc,metaspace] GC(925) Metaspace: 13043K(13440K)->13043K(13440K) NonClass: 11930K(12096K)->11930K(12096K) Class: 1113K(1344K)->1113K(1344K)
[2026-01-16T09:28:56.050+0000][gc          ] GC(925) Pause Young (Normal) (G1 Evacuation Pause) 361M->311M(1024M) 240.563ms
[2026-01-16T09:28:56.050+0000][gc,cpu      ] GC(925) User=0.11s Sys=0.01s Real=0.24s
[2026-01-16T09:29:00.236+0000][gc,start    ] GC(926) Pause Young (Normal) (G1 Evacuation Pause)
[2026-01-16T09:29:00.242+0000][gc,task     ] GC(926) Using 8 workers of 8 for evacuation
[2026-01-16T09:29:00.423+0000][gc,phases   ] GC(926)   Pre Evacuate Collection Set: 27.2ms
[2026-01-16T09:29:00.449+0000][gc,phases   ] GC(926)   Merge Heap Roots: 11.5ms
[2026-01-16T09:29:00.449+0000][gc,phases   ] GC(926)   Evacuate Collection Set: 124.4ms
[2026-01-16T09:29:00.449+0000][gc,phases   ] GC(926)   Post Evacuate Collection Set: 16.3ms
[2026-01-16T09:29:00.449+0000][gc,phases   ] GC(926)   Other: 2.0ms
[2026-01-16T09:29:00.450+0000][gc,heap     ] GC(926) Eden regions: 49->0(50)
[2026-01-16T09:29:00.450+0000][gc,heap     ] GC(926) Survivor regions: 2->1(7)
[2026-01-16T09:29:00.450+0000][gc,heap     ] GC(926) Old regions: 215->215
[2026-01-16T09:29:00.450+0000][gc,heap     ] GC(926) Humongous regions: 96->96
[2026-01-16T09:29:00.451+0000][gc,metaspace] GC(926) Metaspace: 13043K(13440K)->13043K(13440K) NonClass: 11930K(12096K)->11930K(12096K) Class: 1113K(1344K)->1113K(1344K)
[2026-01-16T09:29:00.451+0000][gc          ] GC(926) Pause Young (Normal) (G1 Evacuation Pause) 360M->311M(1024M) 215.326ms
[2026-01-16T09:29:00.451+0000][gc,cpu      ] GC(926) User=0.11s Sys=0.00s Real=0.21s
[2026-01-16T09:29:02.978+0000][gc,start    ] GC(927) Pause Young (Normal) (G1 Evacuation Pause)
[2026-01-16T09:29:02.980+0000][gc,task     ] GC(927) Using 8 workers of 8 for evacuation
[2026-01-16T09:29:03.110+0000][gc,phases   ] GC(927)   Pre Evacuate Collection Set: 39.3ms
[2026-01-16T09:29:03.110+0000][gc,phases   ] GC(927)   Merge Heap Roots: 6.4ms
[2026-01-16T09:29:03.110+0000][gc,phases   ] GC(927)   Evacuate Collection Set: 73.8ms
[2026-01-16T09:29:03.112+0000][gc,phases   ] GC(927)   Post Evacuate Collection Set: 7.7ms
[2026-01-16T09:29:03.113+0000][gc,phases   ] GC(927)   Other: 2.6ms
[2026-01-16T09:29:03.113+0000][gc,heap     ] GC(927) Eden regions: 50->0(49)
[2026-01-16T09:29:03.114+0000][gc,heap     ] GC(927) Survivor regions: 1->2(7)
[2026-01-16T09:29:03.114+0000][gc,heap     ] GC(927) Old regions: 215->215
[2026-01-16T09:29:03.116+0000][gc,heap     ] GC(927) Humongous regions: 96->96
[2026-01-16T09:29:03.123+0000][gc,metaspace] GC(927) Metaspace: 13043K(13440K)->13043K(13440K) NonClass: 11930K(12096K)->11930K(12096K) Class: 1113K(1344K)->1113K(1344K)
[2026-01-16T09:29:03.123+0000][gc          ] GC(927) Pause Young (Normal) (G1 Evacuation Pause) 361M->311M(1024M) 145.580ms
[2026-01-16T09:29:03.124+0000][gc,cpu      ] GC(927) User=0.08s Sys=0.00s Real=0.14s
[2026-01-16T09:29:09.458+0000][gc,start    ] GC(928) Pause Young (Normal) (G1 Evacuation Pause)
[2026-01-16T09:29:09.462+0000][gc,task     ] GC(928) Using 8 workers of 8 for evacuation
[2026-01-16T09:29:09.576+0000][gc,phases   ] GC(928)   Pre Evacuate Collection Set: 10.3ms
[2026-01-16T09:29:09.577+0000][gc,phases   ] GC(928)   Merge Heap Roots: 1.0ms
[2026-01-16T09:29:09.577+0000][gc,phases   ] GC(928)   Evacuate Collection Set: 89.8ms
[2026-01-16T09:29:09.577+0000][gc,phases   ] GC(928)   Post Evacuate Collection Set: 7.1ms
[2026-01-16T09:29:09.577+0000][gc,phases   ] GC(928)   Other: 7.4ms
[2026-01-16T09:29:09.577+0000][gc,heap     ] GC(928) Eden regions: 49->0(80)
[2026-01-16T09:29:09.578+0000][gc,heap     ] GC(928) Survivor regions: 2->1(7)
[2026-01-16T09:29:09.578+0000][gc,heap     ] GC(928) Old regions: 215->215
[2026-01-16T09:29:09.579+0000][gc,heap     ] GC(928) Humongous regions: 96->96
[2026-01-16T09:29:09.579+0000][gc,metaspace] GC(928) Metaspace: 13043K(13440K)->13043K(13440K) NonClass: 11930K(12096K)->11930K(12096K) Class: 1113K(1344K)->1113K(1344K)
[2026-01-16T09:29:09.580+0000][gc          ] GC(928) Pause Young (Normal) (G1 Evacuation Pause) 360M->310M(1024M) 121.252ms
[2026-01-16T09:29:09.580+0000][gc,cpu      ] GC(928) User=0.10s Sys=0.01s Real=0.12s
[2026-01-16T09:29:12.175+0000][gc,start    ] GC(929) Pause Young (Normal) (G1 Evacuation Pause)
[2026-01-16T09:29:12.177+0000][gc,task     ] GC(929) Using 8 workers of 8 for evacuation
[2026-01-16T09:29:12.240+0000][gc,phases   ] GC(929)   Pre Evacuate Collection Set: 16.8ms
[2026-01-16T09:29:12.241+0000][gc,phases   ] GC(929)   Merge Heap Roots: 0.6ms
[2026-01-16T09:29:12.241+0000][gc,phases   ] GC(929)   Evacuate Collection Set: 34.9ms
[2026-01-16T09:29:12.241+0000][gc,phases   ] GC(929)   Post Evacuate Collection Set: 10.1ms
[2026-01-16T09:29:12.242+0000][gc,phases   ] GC(929)   Other: 2.0ms
[2026-01-16T09:29:12.243+0000][gc,heap     ] GC(929) Eden regions: 80->0(96)
[2026-01-16T09:29:12.243+0000][gc,heap     ] GC(929) Survivor regions: 1->2(11)
[2026-01-16T09:29:12.245+0000][gc,heap     ] GC(929) Old regions: 215->215
[2026-01-16T09:29:12.245+0000][gc,heap     ] GC(929) Humongous regions: 96->96
[2026-01-16T09:29:12.245+0000][gc,metaspace] GC(929) Metaspace: 13043K(13440K)->13043K(13440K) NonClass: 11930K(12096K)->11930K(12096K) Class: 1113K(1344K)->1113K(1344K)
[2026-01-16T09:29:12.248+0000][gc          ] GC(929) Pause Young (Normal) (G1 Evacuation Pause) 390M->311M(1024M) 72.699ms
[2026-01-16T09:29:12.248+0000][gc,cpu      ] GC(929) User=0.07s Sys=0.00s Real=0.07s
[2026-01-16T09:29:20.536+0000][gc,start    ] GC(930) Pause Young (Normal) (G1 Evacuation Pause)
[2026-01-16T09:29:20.576+0000][gc,task     ] GC(930) Using 8 workers of 8 for evacuation
[2026-01-16T09:29:20.744+0000][gc,phases   ] GC(930)   Pre Evacuate Collection Set: 9.4ms
[2026-01-16T09:29:20.745+0000][gc,phases   ] GC(930)   Merge Heap Roots: 5.2ms
[2026-01-16T09:29:20.745+0000][gc,phases   ] GC(930)   Evacuate Collection Set: 147.6ms
[2026-01-16T09:29:20.745+0000][gc,phases   ] GC(930)   Post Evacuate Collection Set: 5.4ms
[2026-01-16T09:29:20.745+0000][gc,phases   ] GC(930)   Other: 0.8ms
[2026-01-16T09:29:20.745+0000][gc,heap     ] GC(930) Eden regions: 95->0(156)
[2026-01-16T09:29:20.745+0000][gc,heap     ] GC(930) Survivor regions: 2->2(13)
[2026-01-16T09:29:20.745+0000][gc,heap     ] GC(930) Old regions: 215->215
[2026-01-16T09:29:20.745+0000][gc,heap     ] GC(930) Humongous regions: 96->96
[2026-01-16T09:29:20.746+0000][gc,metaspace] GC(930) Metaspace: 13043K(13440K)->13043K(13440K) NonClass: 11930K(12096K)->11930K(12096K) Class: 1113K(1344K)->1113K(1344K)
[2026-01-16T09:29:20.750+0000][gc          ] GC(930) Pause Young (Normal) (G1 Evacuation Pause) 406M->311M(1024M) 214.147ms
[2026-01-16T09:29:20.750+0000][gc,cpu      ] GC(930) User=0.15s Sys=0.02s Real=0.21s
[2026-01-16T09:29:39.015+0000][gc,start    ] GC(931) Pause Young (Normal) (G1 Evacuation Pause)
[2026-01-16T09:29:39.016+0000][gc,task     ] GC(931) Using 8 workers of 8 for evacuation
[2026-01-16T09:29:39.233+0000][gc,mmu      ] GC(931) MMU target violated: 201.0ms (200.0ms/201.0ms)
[2026-01-16T09:29:39.233+0000][gc,phases   ] GC(931)   Pre Evacuate Collection Set: 44.2ms
[2026-01-16T09:29:39.233+0000][gc,phases   ] GC(931)   Merge Heap Roots: 8.3ms
[2026-01-16T09:29:39.234+0000][gc,phases   ] GC(931)   Evacuate Collection Set: 130.0ms
[2026-01-16T09:29:39.234+0000][gc,phases   ] GC(931)   Post Evacuate Collection Set: 30.2ms
[2026-01-16T09:29:39.234+0000][gc,phases   ] GC(931)   Other: 4.4ms
[2026-01-16T09:29:39.235+0000][gc,heap     ] GC(931) Eden regions: 155->0(134)
[2026-01-16T09:29:39.235+0000][gc,heap     ] GC(931) Survivor regions: 2->1(20)
[2026-01-16T09:29:39.235+0000][gc,heap     ] GC(931) Old regions: 215->215
[2026-01-16T09:29:39.236+0000][gc,heap     ] GC(931) Humongous regions: 96->96
[2026-01-16T09:29:39.236+0000][gc,metaspace] GC(931) Metaspace: 13043K(13440K)->13043K(13440K) NonClass: 11930K(12096K)->11930K(12096K) Class: 1113K(1344K)->1113K(1344K)
[2026-01-16T09:29:39.237+0000][gc          ] GC(931) Pause Young (Normal) (G1 Evacuation Pause) 466M->310M(1024M) 221.210ms
[2026-01-16T09:29:39.237+0000][gc,cpu      ] GC(931) User=0.15s Sys=0.01s Real=0.22s
[2026-01-16T09:29:44.933+0000][gc,start    ] GC(932) Pause Young (Normal) (G1 Evacuation Pause)
[2026-01-16T09:29:44.936+0000][gc,task     ] GC(932) Using 8 workers of 8 for evacuation
[2026-01-16T09:29:45.328+0000][gc,mmu      ] GC(932) MMU target violated: 201.0ms (200.0ms/201.0ms)
[2026-01-16T09:29:45.328+0000][gc,phases   ] GC(932)   Pre Evacuate Collection Set: 96.6ms
[2026-01-16T09:29:45.330+0000][gc,phases   ] GC(932)   Merge Heap Roots: 4.6ms
[2026-01-16T09:29:45.330+0000][gc,phases   ] GC(932)   Evacuate Collection Set: 220.2ms
[2026-01-16T09:29:45.330+0000][gc,phases   ] GC(932)   Post Evacuate Collection Set: 66.1ms
[2026-01-16T09:29:45.330+0000][gc,phases   ] GC(932)   Other: 5.4ms
[2026-01-16T09:29:45.331+0000][gc,heap     ] GC(932) Eden regions: 110->0(49)
[2026-01-16T09:29:45.331+0000][gc,heap     ] GC(932) Survivor regions: 1->2(14)
[2026-01-16T09:29:45.332+0000][gc,heap     ] GC(932) Old regions: 215->215
[2026-01-16T09:29:45.332+0000][gc,heap     ] GC(932) Humongous regions: 96->96
[2026-01-16T09:29:45.332+0000][gc,metaspace] GC(932) Metaspace: 13043K(13440K)->13043K(13440K) NonClass: 11930K(12096K)->11930K(12096K) Class: 1113K(1344K)->1113K(1344K)
[2026-01-16T09:29:45.333+0000][gc          ] GC(932) Pause Young (Normal) (G1 Evacuation Pause) 420M->311M(1024M) 399.400ms
[2026-01-16T09:29:45.335+0000][gc,cpu      ] GC(932) User=0.23s Sys=0.04s Real=0.40s
[2026-01-16T09:29:51.894+0000][gc,start    ] GC(933) Pause Young (Normal) (G1 Evacuation Pause)
[2026-01-16T09:29:51.898+0000][gc,task     ] GC(933) Using 8 workers of 8 for evacuation
[2026-01-16T09:29:52.133+0000][gc,mmu      ] GC(933) MMU target violated: 201.0ms (200.0ms/201.0ms)
[2026-01-16T09:29:52.137+0000][gc,phases   ] GC(933)   Pre Evacuate Collection Set: 15.6ms
[2026-01-16T09:29:52.137+0000][gc,phases   ] GC(933)   Merge Heap Roots: 4.6ms
[2026-01-16T09:29:52.137+0000][gc,phases   ] GC(933)   Evacuate Collection Set: 192.1ms
[2026-01-16T09:29:52.138+0000][gc,phases   ] GC(933)   Post Evacuate Collection Set: 20.5ms
[2026-01-16T09:29:52.138+0000][gc,phases   ] GC(933)   Other: 5.8ms
[2026-01-16T09:29:52.139+0000][gc,heap     ] GC(933) Eden regions: 49->0(50)
[2026-01-16T09:29:52.140+0000][gc,heap     ] GC(933) Survivor regions: 2->1(7)
[2026-01-16T09:29:52.141+0000][gc,heap     ] GC(933) Old regions: 215->215
[2026-01-16T09:29:52.141+0000][gc,heap     ] GC(933) Humongous regions: 96->96
[2026-01-16T09:29:52.142+0000][gc,metaspace] GC(933) Metaspace: 13043K(13440K)->13043K(13440K) NonClass: 11930K(12096K)->11930K(12096K) Class: 1113K(1344K)->1113K(1344K)
[2026-01-16T09:29:52.145+0000][gc          ] GC(933) Pause Young (Normal) (G1 Evacuation Pause) 360M->311M(1024M) 250.844ms
[2026-01-16T09:29:52.146+0000][gc,cpu      ] GC(933) User=0.12s Sys=0.01s Real=0.25s
[2026-01-16T09:29:54.172+0000][gc,start    ] GC(934) Pause Young (Normal) (G1 Evacuation Pause)
[2026-01-16T09:29:54.174+0000][gc,task     ] GC(934) Using 8 workers of 8 for evacuation
[2026-01-16T09:29:54.498+0000][gc,mmu      ] GC(934) MMU target violated: 201.0ms (200.0ms/201.0ms)
[2026-01-16T09:29:54.504+0000][gc,phases   ] GC(934)   Pre Evacuate Collection Set: 50.0ms
[2026-01-16T09:29:54.505+0000][gc,phases   ] GC(934)   Merge Heap Roots: 4.9ms
[2026-01-16T09:29:54.515+0000][gc,phases   ] GC(934)   Evacuate Collection Set: 222.6ms
[2026-01-16T09:29:54.543+0000][gc,phases   ] GC(934)   Post Evacuate Collection Set: 43.2ms
[2026-01-16T09:29:54.544+0000][gc,phases   ] GC(934)   Other: 8.8ms
[2026-01-16T09:29:54.545+0000][gc,heap     ] GC(934) Eden regions: 50->0(49)
[2026-01-16T09:29:54.546+0000][gc,heap     ] GC(934) Survivor regions: 1->2(7)
[2026-01-16T09:29:54.546+0000][gc,heap     ] GC(934) Old regions: 215->215
[2026-01-16T09:29:54.547+0000][gc,heap     ] GC(934) Humongous regions: 96->96
[2026-01-16T09:29:54.548+0000][gc,metaspace] GC(934) Metaspace: 13043K(13440K)->13043K(13440K) NonClass: 11930K(12096K)->11930K(12096K) Class: 1113K(1344K)->1113K(1344K)
[2026-01-16T09:29:54.549+0000][gc          ] GC(934) Pause Young (Normal) (G1 Evacuation Pause) 361M->312M(1024M) 376.489ms
[2026-01-16T09:29:54.551+0000][gc,cpu      ] GC(934) User=0.11s Sys=0.01s Real=0.38s
[2026-01-16T09:30:01.985+0000][gc,start    ] GC(935) Pause Young (Normal) (G1 Evacuation Pause)
[2026-01-16T09:30:01.988+0000][gc,task     ] GC(935) Using 8 workers of 8 for evacuation
[2026-01-16T09:30:02.501+0000][gc,mmu      ] GC(935) MMU target violated: 201.0ms (200.0ms/201.0ms)
[2026-01-16T09:30:02.510+0000][gc,phases   ] GC(935)   Pre Evacuate Collection Set: 45.4ms
[2026-01-16T09:30:02.510+0000][gc,phases   ] GC(935)   Merge Heap Roots: 6.7ms
[2026-01-16T09:30:02.526+0000][gc,phases   ] GC(935)   Evacuate Collection Set: 431.4ms
[2026-01-16T09:30:02.526+0000][gc,phases   ] GC(935)   Post Evacuate Collection Set: 28.0ms
[2026-01-16T09:30:02.526+0000][gc,phases   ] GC(935)   Other: 12.2ms
[2026-01-16T09:30:02.526+0000][gc,heap     ] GC(935) Eden regions: 49->0(50)
[2026-01-16T09:30:02.526+0000][gc,heap     ] GC(935) Survivor regions: 2->1(7)
[2026-01-16T09:30:02.526+0000][gc,heap     ] GC(935) Old regions: 215->215
[2026-01-16T09:30:02.526+0000][gc,heap     ] GC(935) Humongous regions: 96->96
[2026-01-16T09:30:02.526+0000][gc,metaspace] GC(935) Metaspace: 13043K(13440K)->13043K(13440K) NonClass: 11930K(12096K)->11930K(12096K) Class: 1113K(1344K)->1113K(1344K)
[2026-01-16T09:30:02.526+0000][gc          ] GC(935) Pause Young (Normal) (G1 Evacuation Pause) 361M->311M(1024M) 541.505ms
[2026-01-16T09:30:02.527+0000][gc,cpu      ] GC(935) User=0.23s Sys=0.02s Real=0.54s
[2026-01-16T09:30:07.022+0000][gc,start    ] GC(936) Pause Young (Normal) (G1 Evacuation Pause)
[2026-01-16T09:30:07.024+0000][gc,task     ] GC(936) Using 8 workers of 8 for evacuation
[2026-01-16T09:30:07.428+0000][gc,mmu      ] GC(936) MMU target violated: 201.0ms (200.0ms/201.0ms)
[2026-01-16T09:30:07.428+0000][gc,phases   ] GC(936)   Pre Evacuate Collection Set: 27.1ms
[2026-01-16T09:30:07.434+0000][gc,phases   ] GC(936)   Merge Heap Roots: 3.0ms
[2026-01-16T09:30:07.437+0000][gc,phases   ] GC(936)   Evacuate Collection Set: 313.1ms
[2026-01-16T09:30:07.437+0000][gc,phases   ] GC(936)   Post Evacuate Collection Set: 59.4ms
[2026-01-16T09:30:07.440+0000][gc,phases   ] GC(936)   Other: 1.7ms
[2026-01-16T09:30:07.466+0000][gc,heap     ] GC(936) Eden regions: 50->0(49)
[2026-01-16T09:30:07.467+0000][gc,heap     ] GC(936) Survivor regions: 1->2(7)
[2026-01-16T09:30:07.490+0000][gc,heap     ] GC(936) Old regions: 215->215
[2026-01-16T09:30:07.493+0000][gc,heap     ] GC(936) Humongous regions: 96->96
[2026-01-16T09:30:07.493+0000][gc,metaspace] GC(936) Metaspace: 13044K(13440K)->13044K(13440K) NonClass: 11930K(12096K)->11930K(12096K) Class: 1113K(1344K)->1113K(1344K)
[2026-01-16T09:30:07.494+0000][gc          ] GC(936) Pause Young (Normal) (G1 Evacuation Pause) 361M->311M(1024M) 471.780ms
[2026-01-16T09:30:07.494+0000][gc,cpu      ] GC(936) User=0.19s Sys=0.02s Real=0.47s
[2026-01-16T09:30:11.974+0000][gc,start    ] GC(937) Pause Young (Normal) (G1 Evacuation Pause)
[2026-01-16T09:30:11.976+0000][gc,task     ] GC(937) Using 8 workers of 8 for evacuation
[2026-01-16T09:30:12.157+0000][gc,phases   ] GC(937)   Pre Evacuate Collection Set: 18.0ms
[2026-01-16T09:30:12.157+0000][gc,phases   ] GC(937)   Merge Heap Roots: 1.1ms
[2026-01-16T09:30:12.157+0000][gc,phases   ] GC(937)   Evacuate Collection Set: 137.8ms
[2026-01-16T09:30:12.158+0000][gc,phases   ] GC(937)   Post Evacuate Collection Set: 23.0ms
[2026-01-16T09:30:12.158+0000][gc,phases   ] GC(937)   Other: 1.0ms
[2026-01-16T09:30:12.159+0000][gc,heap     ] GC(937) Eden regions: 49->0(49)
[2026-01-16T09:30:12.159+0000][gc,heap     ] GC(937) Survivor regions: 2->2(7)
[2026-01-16T09:30:12.160+0000][gc,heap     ] GC(937) Old regions: 215->215
[2026-01-16T09:30:12.161+0000][gc,heap     ] GC(937) Humongous regions: 96->96
[2026-01-16T09:30:12.161+0000][gc,metaspace] GC(937) Metaspace: 13044K(13440K)->13044K(13440K) NonClass: 11930K(12096K)->11930K(12096K) Class: 1113K(1344K)->1113K(1344K)
[2026-01-16T09:30:12.162+0000][gc          ] GC(937) Pause Young (Normal) (G1 Evacuation Pause) 360M->312M(1024M) 188.280ms
[2026-01-16T09:30:12.162+0000][gc,cpu      ] GC(937) User=0.16s Sys=0.02s Real=0.19s
[2026-01-16T09:30:14.606+0000][gc,start    ] GC(938) Pause Young (Normal) (G1 Evacuation Pause)
[2026-01-16T09:30:14.607+0000][gc,task     ] GC(938) Using 8 workers of 8 for evacuation
[2026-01-16T09:30:14.987+0000][gc,mmu      ] GC(938) MMU target violated: 201.0ms (200.0ms/201.0ms)
[2026-01-16T09:30:14.987+0000][gc,phases   ] GC(938)   Pre Evacuate Collection Set: 90.6ms
[2026-01-16T09:30:14.988+0000][gc,phases   ] GC(938)   Merge Heap Roots: 0.4ms
[2026-01-16T09:30:14.989+0000][gc,phases   ] GC(938)   Evacuate Collection Set: 276.4ms
[2026-01-16T09:30:14.990+0000][gc,phases   ] GC(938)   Post Evacuate Collection Set: 11.9ms
[2026-01-16T09:30:14.993+0000][gc,phases   ] GC(938)   Other: 1.5ms
[2026-01-16T09:30:14.993+0000][gc,heap     ] GC(938) Eden regions: 49->0(49)
[2026-01-16T09:30:14.994+0000][gc,heap     ] GC(938) Survivor regions: 2->2(7)
[2026-01-16T09:30:14.994+0000][gc,heap     ] GC(938) Old regions: 215->215
[2026-01-16T09:30:14.994+0000][gc,heap     ] GC(938) Humongous regions: 96->96
[2026-01-16T09:30:14.994+0000][gc,metaspace] GC(938) Metaspace: 13044K(13440K)->13044K(13440K) NonClass: 11930K(12096K)->11930K(12096K) Class: 1113K(1344K)->1113K(1344K)
[2026-01-16T09:30:14.994+0000][gc          ] GC(938) Pause Young (Normal) (G1 Evacuation Pause) 361M->311M(1024M) 388.626ms
[2026-01-16T09:30:14.995+0000][gc,cpu      ] GC(938) User=0.16s Sys=0.01s Real=0.39s
[2026-01-16T09:30:18.545+0000][gc,start    ] GC(939) Pause Young (Normal) (G1 Evacuation Pause)
[2026-01-16T09:30:18.551+0000][gc,task     ] GC(939) Using 8 workers of 8 for evacuation
[2026-01-16T09:30:18.718+0000][gc,phases   ] GC(939)   Pre Evacuate Collection Set: 33.9ms
[2026-01-16T09:30:18.718+0000][gc,phases   ] GC(939)   Merge Heap Roots: 2.5ms
[2026-01-16T09:30:18.719+0000][gc,phases   ] GC(939)   Evacuate Collection Set: 101.0ms
[2026-01-16T09:30:18.719+0000][gc,phases   ] GC(939)   Post Evacuate Collection Set: 26.2ms
[2026-01-16T09:30:18.719+0000][gc,phases   ] GC(939)   Other: 4.5ms
[2026-01-16T09:30:18.720+0000][gc,heap     ] GC(939) Eden regions: 49->0(50)
[2026-01-16T09:30:18.720+0000][gc,heap     ] GC(939) Survivor regions: 2->1(7)
[2026-01-16T09:30:18.720+0000][gc,heap     ] GC(939) Old regions: 215->215
[2026-01-16T09:30:18.721+0000][gc,heap     ] GC(939) Humongous regions: 96->96
[2026-01-16T09:30:18.721+0000][gc,metaspace] GC(939) Metaspace: 13044K(13440K)->13044K(13440K) NonClass: 11930K(12096K)->11930K(12096K) Class: 1113K(1344K)->1113K(1344K)
[2026-01-16T09:30:18.733+0000][gc          ] GC(939) Pause Young (Normal) (G1 Evacuation Pause) 360M->311M(1024M) 187.863ms
[2026-01-16T09:30:18.733+0000][gc,cpu      ] GC(939) User=0.15s Sys=0.02s Real=0.19s
[2026-01-16T09:30:20.306+0000][gc,start    ] GC(940) Pause Young (Normal) (G1 Evacuation Pause)
[2026-01-16T09:30:20.308+0000][gc,task     ] GC(940) Using 8 workers of 8 for evacuation
[2026-01-16T09:30:20.378+0000][gc,phases   ] GC(940)   Pre Evacuate Collection Set: 5.7ms
[2026-01-16T09:30:20.378+0000][gc,phases   ] GC(940)   Merge Heap Roots: 1.0ms
[2026-01-16T09:30:20.382+0000][gc,phases   ] GC(940)   Evacuate Collection Set: 59.3ms
[2026-01-16T09:30:20.382+0000][gc,phases   ] GC(940)   Post Evacuate Collection Set: 2.4ms
[2026-01-16T09:30:20.383+0000][gc,phases   ] GC(940)   Other: 1.7ms
[2026-01-16T09:30:20.383+0000][gc,heap     ] GC(940) Eden regions: 50->0(49)
[2026-01-16T09:30:20.383+0000][gc,heap     ] GC(940) Survivor regions: 1->2(7)
[2026-01-16T09:30:20.383+0000][gc,heap     ] GC(940) Old regions: 215->215
[2026-01-16T09:30:20.384+0000][gc,heap     ] GC(940) Humongous regions: 96->96
[2026-01-16T09:30:20.384+0000][gc,metaspace] GC(940) Metaspace: 13044K(13440K)->13044K(13440K) NonClass: 11930K(12096K)->11930K(12096K) Class: 1113K(1344K)->1113K(1344K)
[2026-01-16T09:30:20.384+0000][gc          ] GC(940) Pause Young (Normal) (G1 Evacuation Pause) 361M->311M(1024M) 77.742ms
[2026-01-16T09:30:20.384+0000][gc,cpu      ] GC(940) User=0.07s Sys=0.01s Real=0.08s
[2026-01-16T09:30:21.375+0000][gc,start    ] GC(941) Pause Young (Normal) (G1 Evacuation Pause)
[2026-01-16T09:30:21.375+0000][gc,task     ] GC(941) Using 8 workers of 8 for evacuation
[2026-01-16T09:30:21.410+0000][gc,phases   ] GC(941)   Pre Evacuate Collection Set: 3.6ms
[2026-01-16T09:30:21.411+0000][gc,phases   ] GC(941)   Merge Heap Roots: 0.8ms
[2026-01-16T09:30:21.412+0000][gc,phases   ] GC(941)   Evacuate Collection Set: 26.1ms
[2026-01-16T09:30:21.412+0000][gc,phases   ] GC(941)   Post Evacuate Collection Set: 1.9ms
[2026-01-16T09:30:21.412+0000][gc,phases   ] GC(941)   Other: 2.6ms
[2026-01-16T09:30:21.413+0000][gc,heap     ] GC(941) Eden regions: 49->0(49)
[2026-01-16T09:30:21.413+0000][gc,heap     ] GC(941) Survivor regions: 2->2(7)
[2026-01-16T09:30:21.414+0000][gc,heap     ] GC(941) Old regions: 215->215
[2026-01-16T09:30:21.414+0000][gc,heap     ] GC(941) Humongous regions: 96->96
[2026-01-16T09:30:21.415+0000][gc,metaspace] GC(941) Metaspace: 13044K(13440K)->13044K(13440K) NonClass: 11930K(12096K)->11930K(12096K) Class: 1113K(1344K)->1113K(1344K)
[2026-01-16T09:30:21.415+0000][gc          ] GC(941) Pause Young (Normal) (G1 Evacuation Pause) 360M->312M(1024M) 40.047ms
[2026-01-16T09:30:21.416+0000][gc,cpu      ] GC(941) User=0.04s Sys=0.00s Real=0.04s
[2026-01-16T09:30:29.863+0000][gc,start    ] GC(942) Pause Young (Normal) (G1 Evacuation Pause)
[2026-01-16T09:30:29.864+0000][gc,task     ] GC(942) Using 8 workers of 8 for evacuation
[2026-01-16T09:30:29.922+0000][gc,phases   ] GC(942)   Pre Evacuate Collection Set: 6.2ms
[2026-01-16T09:30:29.922+0000][gc,phases   ] GC(942)   Merge Heap Roots: 3.8ms
[2026-01-16T09:30:29.922+0000][gc,phases   ] GC(942)   Evacuate Collection Set: 39.5ms
[2026-01-16T09:30:29.922+0000][gc,phases   ] GC(942)   Post Evacuate Collection Set: 7.1ms
[2026-01-16T09:30:29.923+0000][gc,phases   ] GC(942)   Other: 0.9ms
[2026-01-16T09:30:29.923+0000][gc,heap     ] GC(942) Eden regions: 49->0(60)
[2026-01-16T09:30:29.923+0000][gc,heap     ] GC(942) Survivor regions: 2->2(7)
[2026-01-16T09:30:29.924+0000][gc,heap     ] GC(942) Old regions: 215->215
[2026-01-16T09:30:29.924+0000][gc,heap     ] GC(942) Humongous regions: 96->96
[2026-01-16T09:30:29.924+0000][gc,metaspace] GC(942) Metaspace: 13044K(13440K)->13044K(13440K) NonClass: 11930K(12096K)->11930K(12096K) Class: 1113K(1344K)->1113K(1344K)
[2026-01-16T09:30:29.925+0000][gc          ] GC(942) Pause Young (Normal) (G1 Evacuation Pause) 361M->311M(1024M) 61.373ms
[2026-01-16T09:30:29.925+0000][gc,cpu      ] GC(942) User=0.09s Sys=0.00s Real=0.06s
[2026-01-16T09:30:30.731+0000][gc,start    ] GC(943) Pause Young (Normal) (G1 Evacuation Pause)
[2026-01-16T09:30:30.741+0000][gc,task     ] GC(943) Using 8 workers of 8 for evacuation
[2026-01-16T09:30:30.801+0000][gc,phases   ] GC(943)   Pre Evacuate Collection Set: 1.5ms
[2026-01-16T09:30:30.801+0000][gc,phases   ] GC(943)   Merge Heap Roots: 0.6ms
[2026-01-16T09:30:30.801+0000][gc,phases   ] GC(943)   Evacuate Collection Set: 56.6ms
[2026-01-16T09:30:30.801+0000][gc,phases   ] GC(943)   Post Evacuate Collection Set: 1.3ms
[2026-01-16T09:30:30.801+0000][gc,phases   ] GC(943)   Other: 0.4ms
[2026-01-16T09:30:30.801+0000][gc,heap     ] GC(943) Eden regions: 49->0(89)
[2026-01-16T09:30:30.801+0000][gc,heap     ] GC(943) Survivor regions: 2->2(7)
[2026-01-16T09:30:30.801+0000][gc,heap     ] GC(943) Old regions: 215->215
[2026-01-16T09:30:30.801+0000][gc,heap     ] GC(943) Humongous regions: 96->96
[2026-01-16T09:30:30.801+0000][gc,metaspace] GC(943) Metaspace: 13044K(13440K)->13044K(13440K) NonClass: 11930K(12096K)->11930K(12096K) Class: 1113K(1344K)->1113K(1344K)
[2026-01-16T09:30:30.802+0000][gc          ] GC(943) Pause Young (Normal) (G1 Evacuation Pause) 360M->312M(1024M) 70.901ms
[2026-01-16T09:30:30.803+0000][gc,cpu      ] GC(943) User=0.06s Sys=0.02s Real=0.07s
[2026-01-16T09:30:40.179+0000][gc,start    ] GC(944) Pause Young (Normal) (G1 Evacuation Pause)
[2026-01-16T09:30:40.182+0000][gc,task     ] GC(944) Using 8 workers of 8 for evacuation
[2026-01-16T09:30:40.319+0000][gc,phases   ] GC(944)   Pre Evacuate Collection Set: 22.0ms
[2026-01-16T09:30:40.321+0000][gc,phases   ] GC(944)   Merge Heap Roots: 1.0ms
[2026-01-16T09:30:40.321+0000][gc,phases   ] GC(944)   Evacuate Collection Set: 92.4ms
[2026-01-16T09:30:40.321+0000][gc,phases   ] GC(944)   Post Evacuate Collection Set: 14.7ms
[2026-01-16T09:30:40.323+0000][gc,phases   ] GC(944)   Other: 8.3ms
[2026-01-16T09:30:40.323+0000][gc,heap     ] GC(944) Eden regions: 69->0(108)
[2026-01-16T09:30:40.323+0000][gc,heap     ] GC(944) Survivor regions: 2->2(9)
[2026-01-16T09:30:40.323+0000][gc,heap     ] GC(944) Old regions: 215->215
[2026-01-16T09:30:40.323+0000][gc,heap     ] GC(944) Humongous regions: 96->96
[2026-01-16T09:30:40.324+0000][gc,metaspace] GC(944) Metaspace: 13044K(13440K)->13044K(13440K) NonClass: 11930K(12096K)->11930K(12096K) Class: 1113K(1344K)->1113K(1344K)
[2026-01-16T09:30:40.324+0000][gc          ] GC(944) Pause Young (Normal) (G1 Evacuation Pause) 381M->312M(1024M) 144.604ms
[2026-01-16T09:30:40.324+0000][gc,cpu      ] GC(944) User=0.15s Sys=0.02s Real=0.15s
[2026-01-16T09:30:49.589+0000][gc,start    ] GC(945) Pause Young (Normal) (G1 Evacuation Pause)
[2026-01-16T09:30:49.595+0000][gc,task     ] GC(945) Using 8 workers of 8 for evacuation
[2026-01-16T09:30:49.809+0000][gc,mmu      ] GC(945) MMU target violated: 201.0ms (200.0ms/201.0ms)
[2026-01-16T09:30:49.809+0000][gc,phases   ] GC(945)   Pre Evacuate Collection Set: 42.0ms
[2026-01-16T09:30:49.810+0000][gc,phases   ] GC(945)   Merge Heap Roots: 7.7ms
[2026-01-16T09:30:49.810+0000][gc,phases   ] GC(945)   Evacuate Collection Set: 152.3ms
[2026-01-16T09:30:49.810+0000][gc,phases   ] GC(945)   Post Evacuate Collection Set: 10.0ms
[2026-01-16T09:30:49.812+0000][gc,phases   ] GC(945)   Other: 2.8ms
[2026-01-16T09:30:49.813+0000][gc,heap     ] GC(945) Eden regions: 84->0(116)
[2026-01-16T09:30:49.815+0000][gc,heap     ] GC(945) Survivor regions: 2->2(11)
[2026-01-16T09:30:49.817+0000][gc,heap     ] GC(945) Old regions: 215->215
[2026-01-16T09:30:49.818+0000][gc,heap     ] GC(945) Humongous regions: 96->96
[2026-01-16T09:30:49.818+0000][gc,metaspace] GC(945) Metaspace: 13044K(13440K)->13044K(13440K) NonClass: 11930K(12096K)->11930K(12096K) Class: 1113K(1344K)->1113K(1344K)
[2026-01-16T09:30:49.819+0000][gc          ] GC(945) Pause Young (Normal) (G1 Evacuation Pause) 396M->311M(1024M) 229.765ms
[2026-01-16T09:30:49.819+0000][gc,cpu      ] GC(945) User=0.23s Sys=0.03s Real=0.23s
[2026-01-16T09:30:52.716+0000][gc,start    ] GC(946) Pause Young (Normal) (G1 Evacuation Pause)
[2026-01-16T09:30:52.717+0000][gc,task     ] GC(946) Using 8 workers of 8 for evacuation
[2026-01-16T09:30:53.027+0000][gc,mmu      ] GC(946) MMU target violated: 201.0ms (200.0ms/201.0ms)
[2026-01-16T09:30:53.030+0000][gc,phases   ] GC(946)   Pre Evacuate Collection Set: 28.5ms
[2026-01-16T09:30:53.030+0000][gc,phases   ] GC(946)   Merge Heap Roots: 0.7ms
[2026-01-16T09:30:53.036+0000][gc,phases   ] GC(946)   Evacuate Collection Set: 275.1ms
[2026-01-16T09:30:53.036+0000][gc,phases   ] GC(946)   Post Evacuate Collection Set: 4.5ms
[2026-01-16T09:30:53.037+0000][gc,phases   ] GC(946)   Other: 4.2ms
[2026-01-16T09:30:53.037+0000][gc,heap     ] GC(946) Eden regions: 93->0(48)
[2026-01-16T09:30:53.038+0000][gc,heap     ] GC(946) Survivor regions: 2->3(12)
[2026-01-16T09:30:53.038+0000][gc,heap     ] GC(946) Old regions: 215->215
[2026-01-16T09:30:53.039+0000][gc,heap     ] GC(946) Humongous regions: 96->96
[2026-01-16T09:30:53.040+0000][gc,metaspace] GC(946) Metaspace: 13044K(13440K)->13044K(13440K) NonClass: 11930K(12096K)->11930K(12096K) Class: 1113K(1344K)->1113K(1344K)
[2026-01-16T09:30:53.041+0000][gc          ] GC(946) Pause Young (Normal) (G1 Evacuation Pause) 404M->313M(1024M) 325.035ms
[2026-01-16T09:30:53.041+0000][gc,cpu      ] GC(946) User=0.17s Sys=0.01s Real=0.32s
[2026-01-16T09:31:00.194+0000][gc,start    ] GC(947) Pause Young (Normal) (G1 Evacuation Pause)
[2026-01-16T09:31:00.196+0000][gc,task     ] GC(947) Using 8 workers of 8 for evacuation
[2026-01-16T09:31:00.373+0000][gc,phases   ] GC(947)   Pre Evacuate Collection Set: 20.9ms
[2026-01-16T09:31:00.373+0000][gc,phases   ] GC(947)   Merge Heap Roots: 2.6ms
[2026-01-16T09:31:00.376+0000][gc,phases   ] GC(947)   Evacuate Collection Set: 142.0ms
[2026-01-16T09:31:00.377+0000][gc,phases   ] GC(947)   Post Evacuate Collection Set: 10.4ms
[2026-01-16T09:31:00.377+0000][gc,phases   ] GC(947)   Other: 1.4ms
[2026-01-16T09:31:00.377+0000][gc,heap     ] GC(947) Eden regions: 48->0(61)
[2026-01-16T09:31:00.378+0000][gc,heap     ] GC(947) Survivor regions: 3->2(7)
[2026-01-16T09:31:00.378+0000][gc,heap     ] GC(947) Old regions: 215->215
[2026-01-16T09:31:00.378+0000][gc,heap     ] GC(947) Humongous regions: 96->96
[2026-01-16T09:31:00.379+0000][gc,metaspace] GC(947) Metaspace: 13044K(13440K)->13044K(13440K) NonClass: 11930K(12096K)->11930K(12096K) Class: 1113K(1344K)->1113K(1344K)
[2026-01-16T09:31:00.379+0000][gc          ] GC(947) Pause Young (Normal) (G1 Evacuation Pause) 361M->312M(1024M) 185.181ms
[2026-01-16T09:31:00.379+0000][gc,cpu      ] GC(947) User=0.14s Sys=0.01s Real=0.19s
[2026-01-16T09:31:02.182+0000][gc,start    ] GC(948) Pause Young (Normal) (G1 Evacuation Pause)
[2026-01-16T09:31:02.183+0000][gc,task     ] GC(948) Using 8 workers of 8 for evacuation
[2026-01-16T09:31:02.222+0000][gc,phases   ] GC(948)   Pre Evacuate Collection Set: 3.7ms
[2026-01-16T09:31:02.222+0000][gc,phases   ] GC(948)   Merge Heap Roots: 1.0ms
[2026-01-16T09:31:02.223+0000][gc,phases   ] GC(948)   Evacuate Collection Set: 29.2ms
[2026-01-16T09:31:02.223+0000][gc,phases   ] GC(948)   Post Evacuate Collection Set: 4.5ms
[2026-01-16T09:31:02.223+0000][gc,phases   ] GC(948)   Other: 1.2ms
[2026-01-16T09:31:02.223+0000][gc,heap     ] GC(948) Eden regions: 78->0(48)
[2026-01-16T09:31:02.223+0000][gc,heap     ] GC(948) Survivor regions: 2->3(10)
[2026-01-16T09:31:02.223+0000][gc,heap     ] GC(948) Old regions: 215->215
[2026-01-16T09:31:02.223+0000][gc,heap     ] GC(948) Humongous regions: 96->96
[2026-01-16T09:31:02.225+0000][gc,metaspace] GC(948) Metaspace: 13044K(13440K)->13044K(13440K) NonClass: 11930K(12096K)->11930K(12096K) Class: 1113K(1344K)->1113K(1344K)
[2026-01-16T09:31:02.225+0000][gc          ] GC(948) Pause Young (Normal) (G1 Evacuation Pause) 390M->313M(1024M) 43.064ms
[2026-01-16T09:31:02.226+0000][gc,cpu      ] GC(948) User=0.10s Sys=0.00s Real=0.05s
[2026-01-16T09:31:10.397+0000][gc,start    ] GC(949) Pause Young (Normal) (G1 Evacuation Pause)
[2026-01-16T09:31:10.399+0000][gc,task     ] GC(949) Using 8 workers of 8 for evacuation
[2026-01-16T09:31:10.573+0000][gc,phases   ] GC(949)   Pre Evacuate Collection Set: 34.1ms
[2026-01-16T09:31:10.574+0000][gc,phases   ] GC(949)   Merge Heap Roots: 13.5ms
[2026-01-16T09:31:10.574+0000][gc,phases   ] GC(949)   Evacuate Collection Set: 107.6ms
[2026-01-16T09:31:10.575+0000][gc,phases   ] GC(949)   Post Evacuate Collection Set: 15.4ms
[2026-01-16T09:31:10.576+0000][gc,phases   ] GC(949)   Other: 3.6ms
[2026-01-16T09:31:10.576+0000][gc,heap     ] GC(949) Eden regions: 48->0(75)
[2026-01-16T09:31:10.577+0000][gc,heap     ] GC(949) Survivor regions: 3->3(7)
[2026-01-16T09:31:10.577+0000][gc,heap     ] GC(949) Old regions: 215->215
[2026-01-16T09:31:10.577+0000][gc,heap     ] GC(949) Humongous regions: 96->96
[2026-01-16T09:31:10.578+0000][gc,metaspace] GC(949) Metaspace: 13044K(13440K)->13044K(13440K) NonClass: 11930K(12096K)->11930K(12096K) Class: 1113K(1344K)->1113K(1344K)
[2026-01-16T09:31:10.578+0000][gc          ] GC(949) Pause Young (Normal) (G1 Evacuation Pause) 361M->312M(1024M) 181.330ms
[2026-01-16T09:31:10.579+0000][gc,cpu      ] GC(949) User=0.19s Sys=0.01s Real=0.18s
[2026-01-16T09:31:12.012+0000][gc,start    ] GC(950) Pause Young (Normal) (G1 Evacuation Pause)
[2026-01-16T09:31:12.015+0000][gc,task     ] GC(950) Using 8 workers of 8 for evacuation
[2026-01-16T09:31:12.104+0000][gc,phases   ] GC(950)   Pre Evacuate Collection Set: 6.5ms
[2026-01-16T09:31:12.105+0000][gc,phases   ] GC(950)   Merge Heap Roots: 2.7ms
[2026-01-16T09:31:12.105+0000][gc,phases   ] GC(950)   Evacuate Collection Set: 69.5ms
[2026-01-16T09:31:12.105+0000][gc,phases   ] GC(950)   Post Evacuate Collection Set: 8.6ms
[2026-01-16T09:31:12.105+0000][gc,phases   ] GC(950)   Other: 1.4ms
[2026-01-16T09:31:12.106+0000][gc,heap     ] GC(950) Eden regions: 67->0(119)
[2026-01-16T09:31:12.106+0000][gc,heap     ] GC(950) Survivor regions: 3->3(9)
[2026-01-16T09:31:12.107+0000][gc,heap     ] GC(950) Old regions: 215->215
[2026-01-16T09:31:12.108+0000][gc,heap     ] GC(950) Humongous regions: 96->96
[2026-01-16T09:31:12.110+0000][gc,metaspace] GC(950) Metaspace: 13044K(13440K)->13044K(13440K) NonClass: 11930K(12096K)->11930K(12096K) Class: 1113K(1344K)->1113K(1344K)
[2026-01-16T09:31:12.112+0000][gc          ] GC(950) Pause Young (Normal) (G1 Evacuation Pause) 379M->313M(1024M) 100.552ms
[2026-01-16T09:31:12.114+0000][gc,cpu      ] GC(950) User=0.08s Sys=0.00s Real=0.10s
[2026-01-16T09:31:20.658+0000][gc,start    ] GC(951) Pause Young (Normal) (G1 Evacuation Pause)
[2026-01-16T09:31:20.660+0000][gc,task     ] GC(951) Using 8 workers of 8 for evacuation
[2026-01-16T09:31:20.767+0000][gc,phases   ] GC(951)   Pre Evacuate Collection Set: 11.3ms
[2026-01-16T09:31:20.768+0000][gc,phases   ] GC(951)   Merge Heap Roots: 3.7ms
[2026-01-16T09:31:20.769+0000][gc,phases   ] GC(951)   Evacuate Collection Set: 80.3ms
[2026-01-16T09:31:20.773+0000][gc,phases   ] GC(951)   Post Evacuate Collection Set: 7.7ms
[2026-01-16T09:31:20.774+0000][gc,phases   ] GC(951)   Other: 2.2ms
[2026-01-16T09:31:20.776+0000][gc,heap     ] GC(951) Eden regions: 110->0(186)
[2026-01-16T09:31:20.776+0000][gc,heap     ] GC(951) Survivor regions: 3->3(15)
[2026-01-16T09:31:20.777+0000][gc,heap     ] GC(951) Old regions: 215->215
[2026-01-16T09:31:20.777+0000][gc,heap     ] GC(951) Humongous regions: 96->96
[2026-01-16T09:31:20.778+0000][gc,metaspace] GC(951) Metaspace: 13044K(13440K)->13044K(13440K) NonClass: 11930K(12096K)->11930K(12096K) Class: 1113K(1344K)->1113K(1344K)
[2026-01-16T09:31:20.778+0000][gc          ] GC(951) Pause Young (Normal) (G1 Evacuation Pause) 423M->313M(1024M) 120.441ms
[2026-01-16T09:31:20.781+0000][gc,cpu      ] GC(951) User=0.17s Sys=0.02s Real=0.13s
[2026-01-16T09:31:43.353+0000][gc,start    ] GC(952) Pause Young (Normal) (G1 Evacuation Pause)
[2026-01-16T09:31:43.362+0000][gc,task     ] GC(952) Using 8 workers of 8 for evacuation
[2026-01-16T09:31:43.613+0000][gc,mmu      ] GC(952) MMU target violated: 201.0ms (200.0ms/201.0ms)
[2026-01-16T09:31:43.616+0000][gc,phases   ] GC(952)   Pre Evacuate Collection Set: 27.0ms
[2026-01-16T09:31:43.617+0000][gc,phases   ] GC(952)   Merge Heap Roots: 23.0ms
[2026-01-16T09:31:43.620+0000][gc,phases   ] GC(952)   Evacuate Collection Set: 166.6ms
[2026-01-16T09:31:43.622+0000][gc,phases   ] GC(952)   Post Evacuate Collection Set: 32.9ms
[2026-01-16T09:31:43.623+0000][gc,phases   ] GC(952)   Other: 5.3ms
[2026-01-16T09:31:43.623+0000][gc,heap     ] GC(952) Eden regions: 167->0(169)
[2026-01-16T09:31:43.623+0000][gc,heap     ] GC(952) Survivor regions: 3->3(22)
[2026-01-16T09:31:43.624+0000][gc,heap     ] GC(952) Old regions: 215->216
[2026-01-16T09:31:43.624+0000][gc,heap     ] GC(952) Humongous regions: 96->96
[2026-01-16T09:31:43.624+0000][gc,metaspace] GC(952) Metaspace: 13046K(13504K)->13046K(13504K) NonClass: 11932K(12160K)->11932K(12160K) Class: 1113K(1344K)->1113K(1344K)
[2026-01-16T09:31:43.625+0000][gc          ] GC(952) Pause Young (Normal) (G1 Evacuation Pause) 480M->313M(1024M) 271.973ms
[2026-01-16T09:31:43.625+0000][gc,cpu      ] GC(952) User=0.28s Sys=0.01s Real=0.28s
[2026-01-16T09:31:55.239+0000][gc,start    ] GC(953) Pause Young (Normal) (G1 Evacuation Pause)
[2026-01-16T09:31:55.242+0000][gc,task     ] GC(953) Using 8 workers of 8 for evacuation
[2026-01-16T09:31:55.735+0000][gc,mmu      ] GC(953) MMU target violated: 201.0ms (200.0ms/201.0ms)
[2026-01-16T09:31:55.736+0000][gc,phases   ] GC(953)   Pre Evacuate Collection Set: 27.3ms
[2026-01-16T09:31:55.738+0000][gc,phases   ] GC(953)   Merge Heap Roots: 6.8ms
[2026-01-16T09:31:55.740+0000][gc,phases   ] GC(953)   Evacuate Collection Set: 439.3ms
[2026-01-16T09:31:55.741+0000][gc,phases   ] GC(953)   Post Evacuate Collection Set: 17.1ms
[2026-01-16T09:31:55.741+0000][gc,phases   ] GC(953)   Other: 4.1ms
[2026-01-16T09:31:55.741+0000][gc,heap     ] GC(953) Eden regions: 182->0(47)
[2026-01-16T09:31:55.742+0000][gc,heap     ] GC(953) Survivor regions: 3->4(24)
[2026-01-16T09:31:55.742+0000][gc,heap     ] GC(953) Old regions: 216->216
[2026-01-16T09:31:55.743+0000][gc,heap     ] GC(953) Humongous regions: 96->96
[2026-01-16T09:31:55.743+0000][gc,metaspace] GC(953) Metaspace: 13046K(13504K)->13046K(13504K) NonClass: 11932K(12160K)->11932K(12160K) Class: 1113K(1344K)->1113K(1344K)
[2026-01-16T09:31:55.744+0000][gc          ] GC(953) Pause Young (Normal) (G1 Evacuation Pause) 495M->314M(1024M) 504.962ms
[2026-01-16T09:31:55.744+0000][gc,cpu      ] GC(953) User=0.42s Sys=0.04s Real=0.51s
[2026-01-16T09:32:01.457+0000][gc,start    ] GC(954) Pause Young (Normal) (G1 Evacuation Pause)
[2026-01-16T09:32:01.458+0000][gc,task     ] GC(954) Using 8 workers of 8 for evacuation
[2026-01-16T09:32:01.732+0000][gc,mmu      ] GC(954) MMU target violated: 201.0ms (200.0ms/201.0ms)
[2026-01-16T09:32:01.756+0000][gc,phases   ] GC(954)   Pre Evacuate Collection Set: 32.6ms
[2026-01-16T09:32:01.756+0000][gc,phases   ] GC(954)   Merge Heap Roots: 7.3ms
[2026-01-16T09:32:01.756+0000][gc,phases   ] GC(954)   Evacuate Collection Set: 216.5ms
[2026-01-16T09:32:01.757+0000][gc,phases   ] GC(954)   Post Evacuate Collection Set: 14.1ms
[2026-01-16T09:32:01.757+0000][gc,phases   ] GC(954)   Other: 27.6ms
[2026-01-16T09:32:01.757+0000][gc,heap     ] GC(954) Eden regions: 47->0(48)
[2026-01-16T09:32:01.762+0000][gc,heap     ] GC(954) Survivor regions: 4->3(7)
[2026-01-16T09:32:01.762+0000][gc,heap     ] GC(954) Old regions: 216->216
[2026-01-16T09:32:01.762+0000][gc,heap     ] GC(954) Humongous regions: 96->96
[2026-01-16T09:32:01.762+0000][gc,metaspace] GC(954) Metaspace: 13046K(13504K)->13046K(13504K) NonClass: 11932K(12160K)->11932K(12160K) Class: 1113K(1344K)->1113K(1344K)
[2026-01-16T09:32:01.763+0000][gc          ] GC(954) Pause Young (Normal) (G1 Evacuation Pause) 361M->313M(1024M) 306.385ms
[2026-01-16T09:32:01.767+0000][gc,cpu      ] GC(954) User=0.17s Sys=0.01s Real=0.31s
[2026-01-16T09:32:03.199+0000][gc,start    ] GC(955) Pause Young (Normal) (G1 Evacuation Pause)
[2026-01-16T09:32:03.202+0000][gc,task     ] GC(955) Using 8 workers of 8 for evacuation
[2026-01-16T09:32:03.502+0000][gc,mmu      ] GC(955) MMU target violated: 201.0ms (200.0ms/201.0ms)
[2026-01-16T09:32:03.508+0000][gc,phases   ] GC(955)   Pre Evacuate Collection Set: 11.5ms
[2026-01-16T09:32:03.509+0000][gc,phases   ] GC(955)   Merge Heap Roots: 5.0ms
[2026-01-16T09:32:03.509+0000][gc,phases   ] GC(955)   Evacuate Collection Set: 232.3ms
[2026-01-16T09:32:03.509+0000][gc,phases   ] GC(955)   Post Evacuate Collection Set: 44.2ms
[2026-01-16T09:32:03.509+0000][gc,phases   ] GC(955)   Other: 13.7ms
[2026-01-16T09:32:03.510+0000][gc,heap     ] GC(955) Eden regions: 48->0(47)
[2026-01-16T09:32:03.511+0000][gc,heap     ] GC(955) Survivor regions: 3->4(7)
[2026-01-16T09:32:03.511+0000][gc,heap     ] GC(955) Old regions: 216->216
[2026-01-16T09:32:03.511+0000][gc,heap     ] GC(955) Humongous regions: 96->96
[2026-01-16T09:32:03.512+0000][gc,metaspace] GC(955) Metaspace: 13046K(13504K)->13046K(13504K) NonClass: 11932K(12160K)->11932K(12160K) Class: 1113K(1344K)->1113K(1344K)
[2026-01-16T09:32:03.512+0000][gc          ] GC(955) Pause Young (Normal) (G1 Evacuation Pause) 361M->314M(1024M) 313.261ms
[2026-01-16T09:32:03.513+0000][gc,cpu      ] GC(955) User=0.15s Sys=0.01s Real=0.32s
[2026-01-16T09:32:10.042+0000][gc,start    ] GC(956) Pause Young (Normal) (G1 Evacuation Pause)
[2026-01-16T09:32:10.044+0000][gc,task     ] GC(956) Using 8 workers of 8 for evacuation
[2026-01-16T09:32:10.145+0000][gc,phases   ] GC(956)   Pre Evacuate Collection Set: 5.5ms
[2026-01-16T09:32:10.145+0000][gc,phases   ] GC(956)   Merge Heap Roots: 4.1ms
[2026-01-16T09:32:10.146+0000][gc,phases   ] GC(956)   Evacuate Collection Set: 71.3ms
[2026-01-16T09:32:10.147+0000][gc,phases   ] GC(956)   Post Evacuate Collection Set: 18.5ms
[2026-01-16T09:32:10.149+0000][gc,phases   ] GC(956)   Other: 1.2ms
[2026-01-16T09:32:10.149+0000][gc,heap     ] GC(956) Eden regions: 47->0(48)
[2026-01-16T09:32:10.151+0000][gc,heap     ] GC(956) Survivor regions: 4->3(7)
[2026-01-16T09:32:10.153+0000][gc,heap     ] GC(956) Old regions: 216->216
[2026-01-16T09:32:10.154+0000][gc,heap     ] GC(956) Humongous regions: 96->96
[2026-01-16T09:32:10.154+0000][gc,metaspace] GC(956) Metaspace: 13046K(13504K)->13046K(13504K) NonClass: 11932K(12160K)->11932K(12160K) Class: 1113K(1344K)->1113K(1344K)
[2026-01-16T09:32:10.154+0000][gc          ] GC(956) Pause Young (Normal) (G1 Evacuation Pause) 361M->313M(1024M) 112.560ms
[2026-01-16T09:32:10.155+0000][gc,cpu      ] GC(956) User=0.14s Sys=0.03s Real=0.12s
[2026-01-16T09:32:11.371+0000][gc,start    ] GC(957) Pause Young (Normal) (G1 Evacuation Pause)
[2026-01-16T09:32:11.372+0000][gc,task     ] GC(957) Using 8 workers of 8 for evacuation
[2026-01-16T09:32:11.425+0000][gc,phases   ] GC(957)   Pre Evacuate Collection Set: 8.2ms
[2026-01-16T09:32:11.425+0000][gc,phases   ] GC(957)   Merge Heap Roots: 0.3ms
[2026-01-16T09:32:11.425+0000][gc,phases   ] GC(957)   Evacuate Collection Set: 42.3ms
[2026-01-16T09:32:11.425+0000][gc,phases   ] GC(957)   Post Evacuate Collection Set: 1.1ms
[2026-01-16T09:32:11.425+0000][gc,phases   ] GC(957)   Other: 0.8ms
[2026-01-16T09:32:11.425+0000][gc,heap     ] GC(957) Eden regions: 48->0(48)
[2026-01-16T09:32:11.425+0000][gc,heap     ] GC(957) Survivor regions: 3->3(7)
[2026-01-16T09:32:11.425+0000][gc,heap     ] GC(957) Old regions: 216->216
[2026-01-16T09:32:11.425+0000][gc,heap     ] GC(957) Humongous regions: 96->96
[2026-01-16T09:32:11.425+0000][gc,metaspace] GC(957) Metaspace: 13046K(13504K)->13046K(13504K) NonClass: 11932K(12160K)->11932K(12160K) Class: 1113K(1344K)->1113K(1344K)
[2026-01-16T09:32:11.426+0000][gc          ] GC(957) Pause Young (Normal) (G1 Evacuation Pause) 361M->314M(1024M) 55.222ms
[2026-01-16T09:32:11.426+0000][gc,cpu      ] GC(957) User=0.07s Sys=0.01s Real=0.06s
[2026-01-16T09:32:18.957+0000][gc,start    ] GC(958) Pause Young (Normal) (G1 Evacuation Pause)
[2026-01-16T09:32:18.960+0000][gc,task     ] GC(958) Using 8 workers of 8 for evacuation
[2026-01-16T09:32:19.172+0000][gc,mmu      ] GC(958) MMU target violated: 201.0ms (200.0ms/201.0ms)
[2026-01-16T09:32:19.172+0000][gc,phases   ] GC(958)   Pre Evacuate Collection Set: 14.5ms
[2026-01-16T09:32:19.173+0000][gc,phases   ] GC(958)   Merge Heap Roots: 9.8ms
[2026-01-16T09:32:19.173+0000][gc,phases   ] GC(958)   Evacuate Collection Set: 159.9ms
[2026-01-16T09:32:19.173+0000][gc,phases   ] GC(958)   Post Evacuate Collection Set: 26.8ms
[2026-01-16T09:32:19.174+0000][gc,phases   ] GC(958)   Other: 1.5ms
[2026-01-16T09:32:19.175+0000][gc,heap     ] GC(958) Eden regions: 48->0(48)
[2026-01-16T09:32:19.175+0000][gc,heap     ] GC(958) Survivor regions: 3->3(7)
[2026-01-16T09:32:19.175+0000][gc,heap     ] GC(958) Old regions: 216->216
[2026-01-16T09:32:19.176+0000][gc,heap     ] GC(958) Humongous regions: 96->96
[2026-01-16T09:32:19.176+0000][gc,metaspace] GC(958) Metaspace: 13046K(13504K)->13046K(13504K) NonClass: 11932K(12160K)->11932K(12160K) Class: 1113K(1344K)->1113K(1344K)
[2026-01-16T09:32:19.177+0000][gc          ] GC(958) Pause Young (Normal) (G1 Evacuation Pause) 362M->314M(1024M) 219.957ms
[2026-01-16T09:32:19.178+0000][gc,cpu      ] GC(958) User=0.22s Sys=0.05s Real=0.22s
[2026-01-16T09:32:21.157+0000][gc,start    ] GC(959) Pause Young (Normal) (G1 Evacuation Pause)
[2026-01-16T09:32:21.158+0000][gc,task     ] GC(959) Using 8 workers of 8 for evacuation
[2026-01-16T09:32:21.220+0000][gc,phases   ] GC(959)   Pre Evacuate Collection Set: 4.1ms
[2026-01-16T09:32:21.222+0000][gc,phases   ] GC(959)   Merge Heap Roots: 0.7ms
[2026-01-16T09:32:21.222+0000][gc,phases   ] GC(959)   Evacuate Collection Set: 53.1ms
[2026-01-16T09:32:21.222+0000][gc,phases   ] GC(959)   Post Evacuate Collection Set: 3.0ms
[2026-01-16T09:32:21.223+0000][gc,phases   ] GC(959)   Other: 1.1ms
[2026-01-16T09:32:21.223+0000][gc,heap     ] GC(959) Eden regions: 89->0(73)
[2026-01-16T09:32:21.223+0000][gc,heap     ] GC(959) Survivor regions: 3->4(12)
[2026-01-16T09:32:21.223+0000][gc,heap     ] GC(959) Old regions: 216->216
[2026-01-16T09:32:21.224+0000][gc,heap     ] GC(959) Humongous regions: 96->96
[2026-01-16T09:32:21.224+0000][gc,metaspace] GC(959) Metaspace: 13046K(13504K)->13046K(13504K) NonClass: 11932K(12160K)->11932K(12160K) Class: 1113K(1344K)->1113K(1344K)
[2026-01-16T09:32:21.225+0000][gc          ] GC(959) Pause Young (Normal) (G1 Evacuation Pause) 403M->314M(1024M) 68.160ms
[2026-01-16T09:32:21.226+0000][gc,cpu      ] GC(959) User=0.15s Sys=0.01s Real=0.07s
[2026-01-16T09:32:29.898+0000][gc,start    ] GC(960) Pause Young (Normal) (G1 Evacuation Pause)
[2026-01-16T09:32:29.899+0000][gc,task     ] GC(960) Using 8 workers of 8 for evacuation
[2026-01-16T09:32:29.955+0000][gc,phases   ] GC(960)   Pre Evacuate Collection Set: 8.7ms
[2026-01-16T09:32:29.955+0000][gc,phases   ] GC(960)   Merge Heap Roots: 0.9ms
[2026-01-16T09:32:29.956+0000][gc,phases   ] GC(960)   Evacuate Collection Set: 35.8ms
[2026-01-16T09:32:29.956+0000][gc,phases   ] GC(960)   Post Evacuate Collection Set: 8.6ms
[2026-01-16T09:32:29.956+0000][gc,phases   ] GC(960)   Other: 2.0ms
[2026-01-16T09:32:29.956+0000][gc,heap     ] GC(960) Eden regions: 68->0(243)
[2026-01-16T09:32:29.957+0000][gc,heap     ] GC(960) Survivor regions: 4->3(9)
[2026-01-16T09:32:29.957+0000][gc,heap     ] GC(960) Old regions: 216->216
[2026-01-16T09:32:29.957+0000][gc,heap     ] GC(960) Humongous regions: 96->96
[2026-01-16T09:32:29.957+0000][gc,metaspace] GC(960) Metaspace: 13046K(13504K)->13046K(13504K) NonClass: 11932K(12160K)->11932K(12160K) Class: 1113K(1344K)->1113K(1344K)
[2026-01-16T09:32:29.958+0000][gc          ] GC(960) Pause Young (Normal) (G1 Evacuation Pause) 382M->314M(1024M) 60.422ms
[2026-01-16T09:32:29.959+0000][gc,cpu      ] GC(960) User=0.13s Sys=0.01s Real=0.06s
[2026-01-16T09:32:51.524+0000][gc,start    ] GC(961) Pause Young (Normal) (G1 Evacuation Pause)
[2026-01-16T09:32:51.529+0000][gc,task     ] GC(961) Using 8 workers of 8 for evacuation
[2026-01-16T09:32:51.620+0000][gc,phases   ] GC(961)   Pre Evacuate Collection Set: 11.7ms
[2026-01-16T09:32:51.620+0000][gc,phases   ] GC(961)   Merge Heap Roots: 2.9ms
[2026-01-16T09:32:51.620+0000][gc,phases   ] GC(961)   Evacuate Collection Set: 57.9ms
[2026-01-16T09:32:51.620+0000][gc,phases   ] GC(961)   Post Evacuate Collection Set: 15.6ms
[2026-01-16T09:32:51.620+0000][gc,phases   ] GC(961)   Other: 3.8ms
[2026-01-16T09:32:51.620+0000][gc,heap     ] GC(961) Eden regions: 243->0(261)
[2026-01-16T09:32:51.620+0000][gc,heap     ] GC(961) Survivor regions: 3->4(31)
[2026-01-16T09:32:51.620+0000][gc,heap     ] GC(961) Old regions: 216->216
[2026-01-16T09:32:51.620+0000][gc,heap     ] GC(961) Humongous regions: 96->96
[2026-01-16T09:32:51.621+0000][gc,metaspace] GC(961) Metaspace: 13049K(13504K)->13049K(13504K) NonClass: 11935K(12160K)->11935K(12160K) Class: 1113K(1344K)->1113K(1344K)
[2026-01-16T09:32:51.621+0000][gc          ] GC(961) Pause Young (Normal) (G1 Evacuation Pause) 557M->315M(1024M) 96.909ms
[2026-01-16T09:32:51.621+0000][gc,cpu      ] GC(961) User=0.24s Sys=0.01s Real=0.10s
[2026-01-16T09:33:14.818+0000][gc,start    ] GC(962) Pause Young (Normal) (G1 Evacuation Pause)
[2026-01-16T09:33:14.822+0000][gc,task     ] GC(962) Using 8 workers of 8 for evacuation
[2026-01-16T09:33:15.140+0000][gc,mmu      ] GC(962) MMU target violated: 201.0ms (200.0ms/201.0ms)
[2026-01-16T09:33:15.141+0000][gc,phases   ] GC(962)   Pre Evacuate Collection Set: 38.6ms
[2026-01-16T09:33:15.142+0000][gc,phases   ] GC(962)   Merge Heap Roots: 3.3ms
[2026-01-16T09:33:15.142+0000][gc,phases   ] GC(962)   Evacuate Collection Set: 266.5ms
[2026-01-16T09:33:15.143+0000][gc,phases   ] GC(962)   Post Evacuate Collection Set: 8.0ms
[2026-01-16T09:33:15.143+0000][gc,phases   ] GC(962)   Other: 4.4ms
[2026-01-16T09:33:15.144+0000][gc,heap     ] GC(962) Eden regions: 285->0(48)
[2026-01-16T09:33:15.144+0000][gc,heap     ] GC(962) Survivor regions: 4->3(37)
[2026-01-16T09:33:15.144+0000][gc,heap     ] GC(962) Old regions: 216->216
[2026-01-16T09:33:15.144+0000][gc,heap     ] GC(962) Humongous regions: 96->96
[2026-01-16T09:33:15.144+0000][gc,metaspace] GC(962) Metaspace: 13049K(13504K)->13049K(13504K) NonClass: 11935K(12160K)->11935K(12160K) Class: 1113K(1344K)->1113K(1344K)
[2026-01-16T09:33:15.146+0000][gc          ] GC(962) Pause Young (Normal) (G1 Evacuation Pause) 600M->314M(1024M) 328.303ms
[2026-01-16T09:33:15.146+0000][gc,cpu      ] GC(962) User=0.46s Sys=0.04s Real=0.33s
[2026-01-16T09:33:20.658+0000][gc,start    ] GC(963) Pause Young (Normal) (G1 Evacuation Pause)
[2026-01-16T09:33:20.660+0000][gc,task     ] GC(963) Using 8 workers of 8 for evacuation
[2026-01-16T09:33:20.747+0000][gc,phases   ] GC(963)   Pre Evacuate Collection Set: 14.9ms
[2026-01-16T09:33:20.747+0000][gc,phases   ] GC(963)   Merge Heap Roots: 9.1ms
[2026-01-16T09:33:20.748+0000][gc,phases   ] GC(963)   Evacuate Collection Set: 61.0ms
[2026-01-16T09:33:20.748+0000][gc,phases   ] GC(963)   Post Evacuate Collection Set: 1.7ms
[2026-01-16T09:33:20.748+0000][gc,phases   ] GC(963)   Other: 0.9ms
[2026-01-16T09:33:20.748+0000][gc,heap     ] GC(963) Eden regions: 73->0(47)
[2026-01-16T09:33:20.748+0000][gc,heap     ] GC(963) Survivor regions: 3->4(10)
[2026-01-16T09:33:20.748+0000][gc,heap     ] GC(963) Old regions: 216->217
[2026-01-16T09:33:20.748+0000][gc,heap     ] GC(963) Humongous regions: 96->96
[2026-01-16T09:33:20.748+0000][gc,metaspace] GC(963) Metaspace: 13049K(13504K)->13049K(13504K) NonClass: 11935K(12160K)->11935K(12160K) Class: 1113K(1344K)->1113K(1344K)
[2026-01-16T09:33:20.748+0000][gc          ] GC(963) Pause Young (Normal) (G1 Evacuation Pause) 387M->315M(1024M) 90.391ms
[2026-01-16T09:33:20.748+0000][gc,cpu      ] GC(963) User=0.20s Sys=0.03s Real=0.09s
[2026-01-16T09:33:29.530+0000][gc,start    ] GC(964) Pause Young (Normal) (G1 Evacuation Pause)
[2026-01-16T09:33:29.532+0000][gc,task     ] GC(964) Using 8 workers of 8 for evacuation
[2026-01-16T09:33:29.609+0000][gc,phases   ] GC(964)   Pre Evacuate Collection Set: 6.5ms
[2026-01-16T09:33:29.610+0000][gc,phases   ] GC(964)   Merge Heap Roots: 6.8ms
[2026-01-16T09:33:29.611+0000][gc,phases   ] GC(964)   Evacuate Collection Set: 57.7ms
[2026-01-16T09:33:29.611+0000][gc,phases   ] GC(964)   Post Evacuate Collection Set: 5.7ms
[2026-01-16T09:33:29.611+0000][gc,phases   ] GC(964)   Other: 1.1ms
[2026-01-16T09:33:29.611+0000][gc,heap     ] GC(964) Eden regions: 76->0(103)
[2026-01-16T09:33:29.612+0000][gc,heap     ] GC(964) Survivor regions: 4->4(10)
[2026-01-16T09:33:29.612+0000][gc,heap     ] GC(964) Old regions: 217->217
[2026-01-16T09:33:29.612+0000][gc,heap     ] GC(964) Humongous regions: 96->96
[2026-01-16T09:33:29.612+0000][gc,metaspace] GC(964) Metaspace: 13049K(13504K)->13049K(13504K) NonClass: 11935K(12160K)->11935K(12160K) Class: 1113K(1344K)->1113K(1344K)
[2026-01-16T09:33:29.613+0000][gc          ] GC(964) Pause Young (Normal) (G1 Evacuation Pause) 391M->315M(1024M) 82.749ms
[2026-01-16T09:33:29.613+0000][gc,cpu      ] GC(964) User=0.19s Sys=0.02s Real=0.08s
[2026-01-16T09:33:39.545+0000][gc,start    ] GC(965) Pause Young (Normal) (G1 Evacuation Pause)
[2026-01-16T09:33:39.551+0000][gc,task     ] GC(965) Using 8 workers of 8 for evacuation
[2026-01-16T09:33:39.655+0000][gc,phases   ] GC(965)   Pre Evacuate Collection Set: 4.0ms
[2026-01-16T09:33:39.656+0000][gc,phases   ] GC(965)   Merge Heap Roots: 0.9ms
[2026-01-16T09:33:39.656+0000][gc,phases   ] GC(965)   Evacuate Collection Set: 91.7ms
[2026-01-16T09:33:39.657+0000][gc,phases   ] GC(965)   Post Evacuate Collection Set: 6.6ms
[2026-01-16T09:33:39.657+0000][gc,phases   ] GC(965)   Other: 1.8ms
[2026-01-16T09:33:39.657+0000][gc,heap     ] GC(965) Eden regions: 114->0(138)
[2026-01-16T09:33:39.659+0000][gc,heap     ] GC(965) Survivor regions: 4->4(15)
[2026-01-16T09:33:39.661+0000][gc,heap     ] GC(965) Old regions: 217->217
[2026-01-16T09:33:39.661+0000][gc,heap     ] GC(965) Humongous regions: 96->96
[2026-01-16T09:33:39.662+0000][gc,metaspace] GC(965) Metaspace: 13049K(13504K)->13049K(13504K) NonClass: 11935K(12160K)->11935K(12160K) Class: 1113K(1344K)->1113K(1344K)
[2026-01-16T09:33:39.663+0000][gc          ] GC(965) Pause Young (Normal) (G1 Evacuation Pause) 429M->315M(1024M) 118.296ms
[2026-01-16T09:33:39.667+0000][gc,cpu      ] GC(965) User=0.21s Sys=0.01s Real=0.12s
[2026-01-16T09:33:52.069+0000][gc,start    ] GC(966) Pause Young (Normal) (G1 Evacuation Pause)
[2026-01-16T09:33:52.076+0000][gc,task     ] GC(966) Using 8 workers of 8 for evacuation
[2026-01-16T09:33:52.280+0000][gc,phases   ] GC(966)   Pre Evacuate Collection Set: 21.2ms
[2026-01-16T09:33:52.288+0000][gc,phases   ] GC(966)   Merge Heap Roots: 6.0ms
[2026-01-16T09:33:52.297+0000][gc,phases   ] GC(966)   Evacuate Collection Set: 127.3ms
[2026-01-16T09:33:52.302+0000][gc,phases   ] GC(966)   Post Evacuate Collection Set: 44.7ms
[2026-01-16T09:33:52.303+0000][gc,phases   ] GC(966)   Other: 3.0ms
[2026-01-16T09:33:52.304+0000][gc,heap     ] GC(966) Eden regions: 163->0(93)
[2026-01-16T09:33:52.305+0000][gc,heap     ] GC(966) Survivor regions: 4->5(21)
[2026-01-16T09:33:52.305+0000][gc,heap     ] GC(966) Old regions: 217->217
[2026-01-16T09:33:52.306+0000][gc,heap     ] GC(966) Humongous regions: 96->96
[2026-01-16T09:33:52.306+0000][gc,metaspace] GC(966) Metaspace: 13049K(13504K)->13049K(13504K) NonClass: 11935K(12160K)->11935K(12160K) Class: 1113K(1344K)->1113K(1344K)
[2026-01-16T09:33:52.309+0000][gc          ] GC(966) Pause Young (Normal) (G1 Evacuation Pause) 478M->316M(1024M) 239.648ms
[2026-01-16T09:33:52.310+0000][gc,cpu      ] GC(966) User=0.20s Sys=0.02s Real=0.24s
[2026-01-16T09:34:02.969+0000][gc,start    ] GC(967) Pause Young (Normal) (G1 Evacuation Pause)
[2026-01-16T09:34:02.971+0000][gc,task     ] GC(967) Using 8 workers of 8 for evacuation
[2026-01-16T09:34:03.260+0000][gc,mmu      ] GC(967) MMU target violated: 201.0ms (200.0ms/201.0ms)
[2026-01-16T09:34:03.260+0000][gc,phases   ] GC(967)   Pre Evacuate Collection Set: 34.1ms
[2026-01-16T09:34:03.261+0000][gc,phases   ] GC(967)   Merge Heap Roots: 18.9ms
[2026-01-16T09:34:03.261+0000][gc,phases   ] GC(967)   Evacuate Collection Set: 173.6ms
[2026-01-16T09:34:03.261+0000][gc,phases   ] GC(967)   Post Evacuate Collection Set: 60.9ms
[2026-01-16T09:34:03.262+0000][gc,phases   ] GC(967)   Other: 1.3ms
[2026-01-16T09:34:03.262+0000][gc,heap     ] GC(967) Eden regions: 114->0(47)
[2026-01-16T09:34:03.263+0000][gc,heap     ] GC(967) Survivor regions: 5->4(15)
[2026-01-16T09:34:03.264+0000][gc,heap     ] GC(967) Old regions: 217->217
[2026-01-16T09:34:03.264+0000][gc,heap     ] GC(967) Humongous regions: 96->96
[2026-01-16T09:34:03.265+0000][gc,metaspace] GC(967) Metaspace: 13049K(13504K)->13049K(13504K) NonClass: 11935K(12160K)->11935K(12160K) Class: 1113K(1344K)->1113K(1344K)
[2026-01-16T09:34:03.266+0000][gc          ] GC(967) Pause Young (Normal) (G1 Evacuation Pause) 430M->316M(1024M) 296.608ms
[2026-01-16T09:34:03.268+0000][gc,cpu      ] GC(967) User=0.24s Sys=0.03s Real=0.30s
[2026-01-16T09:34:11.720+0000][gc,start    ] GC(968) Pause Young (Normal) (G1 Evacuation Pause)
[2026-01-16T09:34:11.725+0000][gc,task     ] GC(968) Using 8 workers of 8 for evacuation
[2026-01-16T09:34:12.051+0000][gc,mmu      ] GC(968) MMU target violated: 201.0ms (200.0ms/201.0ms)
[2026-01-16T09:34:12.052+0000][gc,phases   ] GC(968)   Pre Evacuate Collection Set: 32.1ms
[2026-01-16T09:34:12.053+0000][gc,phases   ] GC(968)   Merge Heap Roots: 20.5ms
[2026-01-16T09:34:12.053+0000][gc,phases   ] GC(968)   Evacuate Collection Set: 233.9ms
[2026-01-16T09:34:12.053+0000][gc,phases   ] GC(968)   Post Evacuate Collection Set: 35.8ms
[2026-01-16T09:34:12.053+0000][gc,phases   ] GC(968)   Other: 5.8ms
[2026-01-16T09:34:12.054+0000][gc,heap     ] GC(968) Eden regions: 103->0(49)
[2026-01-16T09:34:12.054+0000][gc,heap     ] GC(968) Survivor regions: 4->4(14)
[2026-01-16T09:34:12.054+0000][gc,heap     ] GC(968) Old regions: 217->218
[2026-01-16T09:34:12.054+0000][gc,heap     ] GC(968) Humongous regions: 96->96
[2026-01-16T09:34:12.054+0000][gc,metaspace] GC(968) Metaspace: 13049K(13504K)->13049K(13504K) NonClass: 11935K(12160K)->11935K(12160K) Class: 1113K(1344K)->1113K(1344K)
[2026-01-16T09:34:12.059+0000][gc          ] GC(968) Pause Young (Normal) (G1 Evacuation Pause) 419M->316M(1024M) 338.484ms
[2026-01-16T09:34:12.059+0000][gc,cpu      ] GC(968) User=0.21s Sys=0.03s Real=0.34s
[2026-01-16T09:34:20.602+0000][gc,start    ] GC(969) Pause Young (Normal) (G1 Evacuation Pause)
[2026-01-16T09:34:20.605+0000][gc,task     ] GC(969) Using 8 workers of 8 for evacuation
[2026-01-16T09:34:20.771+0000][gc,phases   ] GC(969)   Pre Evacuate Collection Set: 78.3ms
[2026-01-16T09:34:20.772+0000][gc,phases   ] GC(969)   Merge Heap Roots: 5.3ms
[2026-01-16T09:34:20.772+0000][gc,phases   ] GC(969)   Evacuate Collection Set: 65.4ms
[2026-01-16T09:34:20.773+0000][gc,phases   ] GC(969)   Post Evacuate Collection Set: 15.4ms
[2026-01-16T09:34:20.774+0000][gc,phases   ] GC(969)   Other: 2.3ms
[2026-01-16T09:34:20.774+0000][gc,heap     ] GC(969) Eden regions: 93->0(80)
[2026-01-16T09:34:20.774+0000][gc,heap     ] GC(969) Survivor regions: 4->4(13)
[2026-01-16T09:34:20.774+0000][gc,heap     ] GC(969) Old regions: 218->218
[2026-01-16T09:34:20.775+0000][gc,heap     ] GC(969) Humongous regions: 96->96
[2026-01-16T09:34:20.775+0000][gc,metaspace] GC(969) Metaspace: 13049K(13504K)->13049K(13504K) NonClass: 11935K(12160K)->11935K(12160K) Class: 1113K(1344K)->1113K(1344K)
[2026-01-16T09:34:20.775+0000][gc          ] GC(969) Pause Young (Normal) (G1 Evacuation Pause) 409M->316M(1024M) 172.757ms
[2026-01-16T09:34:20.775+0000][gc,cpu      ] GC(969) User=0.15s Sys=0.00s Real=0.17s
[2026-01-16T09:34:29.338+0000][gc,start    ] GC(970) Pause Young (Normal) (G1 Evacuation Pause)
[2026-01-16T09:34:29.342+0000][gc,task     ] GC(970) Using 8 workers of 8 for evacuation
[2026-01-16T09:34:29.397+0000][gc,phases   ] GC(970)   Pre Evacuate Collection Set: 7.1ms
[2026-01-16T09:34:29.397+0000][gc,phases   ] GC(970)   Merge Heap Roots: 0.9ms
[2026-01-16T09:34:29.397+0000][gc,phases   ] GC(970)   Evacuate Collection Set: 30.6ms
[2026-01-16T09:34:29.398+0000][gc,phases   ] GC(970)   Post Evacuate Collection Set: 12.5ms
[2026-01-16T09:34:29.398+0000][gc,phases   ] GC(970)   Other: 2.8ms
[2026-01-16T09:34:29.399+0000][gc,heap     ] GC(970) Eden regions: 86->0(235)
[2026-01-16T09:34:29.400+0000][gc,heap     ] GC(970) Survivor regions: 4->4(12)
[2026-01-16T09:34:29.401+0000][gc,heap     ] GC(970) Old regions: 218->218
[2026-01-16T09:34:29.402+0000][gc,heap     ] GC(970) Humongous regions: 96->96
[2026-01-16T09:34:29.402+0000][gc,metaspace] GC(970) Metaspace: 13049K(13504K)->13049K(13504K) NonClass: 11935K(12160K)->11935K(12160K) Class: 1113K(1344K)->1113K(1344K)
[2026-01-16T09:34:29.412+0000][gc          ] GC(970) Pause Young (Normal) (G1 Evacuation Pause) 402M->316M(1024M) 74.533ms
[2026-01-16T09:34:29.413+0000][gc,cpu      ] GC(970) User=0.13s Sys=0.00s Real=0.08s
[2026-01-16T09:34:49.452+0000][gc,start    ] GC(971) Pause Young (Normal) (G1 Evacuation Pause)
[2026-01-16T09:34:49.453+0000][gc,task     ] GC(971) Using 8 workers of 8 for evacuation
[2026-01-16T09:34:49.503+0000][gc,phases   ] GC(971)   Pre Evacuate Collection Set: 2.7ms
[2026-01-16T09:34:49.504+0000][gc,phases   ] GC(971)   Merge Heap Roots: 0.7ms
[2026-01-16T09:34:49.504+0000][gc,phases   ] GC(971)   Evacuate Collection Set: 32.0ms
[2026-01-16T09:34:49.506+0000][gc,phases   ] GC(971)   Post Evacuate Collection Set: 12.1ms
[2026-01-16T09:34:49.507+0000][gc,phases   ] GC(971)   Other: 2.4ms
[2026-01-16T09:34:49.507+0000][gc,heap     ] GC(971) Eden regions: 249->0(419)
[2026-01-16T09:34:49.508+0000][gc,heap     ] GC(971) Survivor regions: 4->4(32)
[2026-01-16T09:34:49.508+0000][gc,heap     ] GC(971) Old regions: 218->218
[2026-01-16T09:34:49.509+0000][gc,heap     ] GC(971) Humongous regions: 96->96
[2026-01-16T09:34:49.509+0000][gc,metaspace] GC(971) Metaspace: 13049K(13504K)->13049K(13504K) NonClass: 11935K(12160K)->11935K(12160K) Class: 1113K(1344K)->1113K(1344K)
[2026-01-16T09:34:49.511+0000][gc          ] GC(971) Pause Young (Normal) (G1 Evacuation Pause) 565M->317M(1024M) 59.078ms
[2026-01-16T09:34:49.513+0000][gc,cpu      ] GC(971) User=0.19s Sys=0.01s Real=0.07s
[2026-01-16T09:35:21.147+0000][gc,start    ] GC(972) Pause Young (Normal) (G1 Evacuation Pause)
[2026-01-16T09:35:21.150+0000][gc,task     ] GC(972) Using 8 workers of 8 for evacuation
[2026-01-16T09:35:21.257+0000][gc,phases   ] GC(972)   Pre Evacuate Collection Set: 11.3ms
[2026-01-16T09:35:21.257+0000][gc,phases   ] GC(972)   Merge Heap Roots: 3.7ms
[2026-01-16T09:35:21.257+0000][gc,phases   ] GC(972)   Evacuate Collection Set: 60.1ms
[2026-01-16T09:35:21.257+0000][gc,phases   ] GC(972)   Post Evacuate Collection Set: 24.1ms
[2026-01-16T09:35:21.257+0000][gc,phases   ] GC(972)   Other: 8.1ms
[2026-01-16T09:35:21.259+0000][gc,heap     ] GC(972) Eden regions: 393->0(442)
[2026-01-16T09:35:21.262+0000][gc,heap     ] GC(972) Survivor regions: 4->5(50)
[2026-01-16T09:35:21.262+0000][gc,heap     ] GC(972) Old regions: 218->218
[2026-01-16T09:35:21.262+0000][gc,heap     ] GC(972) Humongous regions: 96->96
[2026-01-16T09:35:21.264+0000][gc,metaspace] GC(972) Metaspace: 13051K(13504K)->13051K(13504K) NonClass: 11937K(12160K)->11937K(12160K) Class: 1113K(1344K)->1113K(1344K)
[2026-01-16T09:35:21.264+0000][gc          ] GC(972) Pause Young (Normal) (G1 Evacuation Pause) 710M->318M(1024M) 117.319ms
[2026-01-16T09:35:21.264+0000][gc,cpu      ] GC(972) User=0.36s Sys=0.04s Real=0.11s
[2026-01-16T09:36:05.320+0000][gc,start    ] GC(973) Pause Young (Normal) (G1 Evacuation Pause)
[2026-01-16T09:36:05.323+0000][gc,task     ] GC(973) Using 8 workers of 8 for evacuation
[2026-01-16T09:36:05.552+0000][gc,mmu      ] GC(973) MMU target violated: 201.0ms (200.0ms/201.0ms)
[2026-01-16T09:36:05.553+0000][gc,phases   ] GC(973)   Pre Evacuate Collection Set: 16.4ms
[2026-01-16T09:36:05.553+0000][gc,phases   ] GC(973)   Merge Heap Roots: 8.4ms
[2026-01-16T09:36:05.553+0000][gc,phases   ] GC(973)   Evacuate Collection Set: 185.3ms
[2026-01-16T09:36:05.553+0000][gc,phases   ] GC(973)   Post Evacuate Collection Set: 18.7ms
[2026-01-16T09:36:05.553+0000][gc,phases   ] GC(973)   Other: 1.3ms
[2026-01-16T09:36:05.554+0000][gc,heap     ] GC(973) Eden regions: 455->0(132)
[2026-01-16T09:36:05.554+0000][gc,heap     ] GC(973) Survivor regions: 5->6(58)
[2026-01-16T09:36:05.554+0000][gc,heap     ] GC(973) Old regions: 218->218
[2026-01-16T09:36:05.554+0000][gc,heap     ] GC(973) Humongous regions: 96->96
[2026-01-16T09:36:05.555+0000][gc,metaspace] GC(973) Metaspace: 13051K(13504K)->13051K(13504K) NonClass: 11937K(12160K)->11937K(12160K) Class: 1113K(1344K)->1113K(1344K)
[2026-01-16T09:36:05.557+0000][gc          ] GC(973) Pause Young (Normal) (G1 Evacuation Pause) 773M->318M(1024M) 236.916ms
[2026-01-16T09:36:05.558+0000][gc,cpu      ] GC(973) User=0.53s Sys=0.06s Real=0.24s
[2026-01-16T09:36:10.537+0000][gc,start    ] GC(974) Pause Young (Normal) (G1 Evacuation Pause)
[2026-01-16T09:36:10.539+0000][gc,task     ] GC(974) Using 8 workers of 8 for evacuation
[2026-01-16T09:36:10.604+0000][gc,phases   ] GC(974)   Pre Evacuate Collection Set: 9.2ms
[2026-01-16T09:36:10.604+0000][gc,phases   ] GC(974)   Merge Heap Roots: 0.8ms
[2026-01-16T09:36:10.604+0000][gc,phases   ] GC(974)   Evacuate Collection Set: 51.6ms
[2026-01-16T09:36:10.604+0000][gc,phases   ] GC(974)   Post Evacuate Collection Set: 2.8ms
[2026-01-16T09:36:10.605+0000][gc,phases   ] GC(974)   Other: 1.1ms
[2026-01-16T09:36:10.605+0000][gc,heap     ] GC(974) Eden regions: 101->0(266)
[2026-01-16T09:36:10.605+0000][gc,heap     ] GC(974) Survivor regions: 6->6(14)
[2026-01-16T09:36:10.605+0000][gc,heap     ] GC(974) Old regions: 218->218
[2026-01-16T09:36:10.605+0000][gc,heap     ] GC(974) Humongous regions: 96->96
[2026-01-16T09:36:10.605+0000][gc,metaspace] GC(974) Metaspace: 13051K(13504K)->13051K(13504K) NonClass: 11937K(12160K)->11937K(12160K) Class: 1113K(1344K)->1113K(1344K)
[2026-01-16T09:36:10.605+0000][gc          ] GC(974) Pause Young (Normal) (G1 Evacuation Pause) 419M->318M(1024M) 67.976ms
[2026-01-16T09:36:10.605+0000][gc,cpu      ] GC(974) User=0.23s Sys=0.02s Real=0.07s
[2026-01-16T09:36:32.892+0000][gc,start    ] GC(975) Pause Young (Normal) (G1 Evacuation Pause)
[2026-01-16T09:36:32.899+0000][gc,task     ] GC(975) Using 8 workers of 8 for evacuation
[2026-01-16T09:36:33.097+0000][gc,phases   ] GC(975)   Pre Evacuate Collection Set: 14.1ms
[2026-01-16T09:36:33.098+0000][gc,phases   ] GC(975)   Merge Heap Roots: 5.2ms
[2026-01-16T09:36:33.098+0000][gc,phases   ] GC(975)   Evacuate Collection Set: 169.8ms
[2026-01-16T09:36:33.098+0000][gc,phases   ] GC(975)   Post Evacuate Collection Set: 8.9ms
[2026-01-16T09:36:33.098+0000][gc,phases   ] GC(975)   Other: 1.1ms
[2026-01-16T09:36:33.098+0000][gc,heap     ] GC(975) Eden regions: 273->0(121)
[2026-01-16T09:36:33.098+0000][gc,heap     ] GC(975) Survivor regions: 6->7(35)
[2026-01-16T09:36:33.098+0000][gc,heap     ] GC(975) Old regions: 218->218
[2026-01-16T09:36:33.098+0000][gc,heap     ] GC(975) Humongous regions: 96->96
[2026-01-16T09:36:33.098+0000][gc,metaspace] GC(975) Metaspace: 13051K(13504K)->13051K(13504K) NonClass: 11937K(12160K)->11937K(12160K) Class: 1113K(1344K)->1113K(1344K)
[2026-01-16T09:36:33.100+0000][gc          ] GC(975) Pause Young (Normal) (G1 Evacuation Pause) 591M->319M(1024M) 208.284ms
[2026-01-16T09:36:33.101+0000][gc,cpu      ] GC(975) User=0.35s Sys=0.04s Real=0.21s
[2026-01-16T09:36:41.370+0000][gc,start    ] GC(976) Pause Young (Normal) (G1 Evacuation Pause)
[2026-01-16T09:36:41.370+0000][gc,task     ] GC(976) Using 8 workers of 8 for evacuation
[2026-01-16T09:36:41.463+0000][gc,phases   ] GC(976)   Pre Evacuate Collection Set: 8.1ms
[2026-01-16T09:36:41.465+0000][gc,phases   ] GC(976)   Merge Heap Roots: 2.9ms
[2026-01-16T09:36:41.466+0000][gc,phases   ] GC(976)   Evacuate Collection Set: 75.0ms
[2026-01-16T09:36:41.466+0000][gc,phases   ] GC(976)   Post Evacuate Collection Set: 6.8ms
[2026-01-16T09:36:41.467+0000][gc,phases   ] GC(976)   Other: 0.4ms
[2026-01-16T09:36:41.467+0000][gc,heap     ] GC(976) Eden regions: 82->0(392)
[2026-01-16T09:36:41.467+0000][gc,heap     ] GC(976) Survivor regions: 7->6(12)
[2026-01-16T09:36:41.467+0000][gc,heap     ] GC(976) Old regions: 218->219
[2026-01-16T09:36:41.468+0000][gc,heap     ] GC(976) Humongous regions: 96->96
[2026-01-16T09:36:41.468+0000][gc,metaspace] GC(976) Metaspace: 13051K(13504K)->13051K(13504K) NonClass: 11937K(12160K)->11937K(12160K) Class: 1113K(1344K)->1113K(1344K)
[2026-01-16T09:36:41.469+0000][gc          ] GC(976) Pause Young (Normal) (G1 Evacuation Pause) 401M->319M(1024M) 98.722ms
[2026-01-16T09:36:41.469+0000][gc,cpu      ] GC(976) User=0.20s Sys=0.01s Real=0.10s
[2026-01-16T09:37:01.665+0000][gc,start    ] GC(977) Pause Young (Normal) (G1 Evacuation Pause)
[2026-01-16T09:37:01.666+0000][gc,task     ] GC(977) Using 8 workers of 8 for evacuation
[2026-01-16T09:37:01.824+0000][gc,phases   ] GC(977)   Pre Evacuate Collection Set: 9.0ms
[2026-01-16T09:37:01.825+0000][gc,phases   ] GC(977)   Merge Heap Roots: 1.3ms
[2026-01-16T09:37:01.826+0000][gc,phases   ] GC(977)   Evacuate Collection Set: 128.0ms
[2026-01-16T09:37:01.826+0000][gc,phases   ] GC(977)   Post Evacuate Collection Set: 17.9ms
[2026-01-16T09:37:01.827+0000][gc,phases   ] GC(977)   Other: 1.6ms
[2026-01-16T09:37:01.827+0000][gc,heap     ] GC(977) Eden regions: 258->0(406)
[2026-01-16T09:37:01.829+0000][gc,heap     ] GC(977) Survivor regions: 6->6(33)
[2026-01-16T09:37:01.830+0000][gc,heap     ] GC(977) Old regions: 219->219
[2026-01-16T09:37:01.830+0000][gc,heap     ] GC(977) Humongous regions: 96->96
[2026-01-16T09:37:01.830+0000][gc,metaspace] GC(977) Metaspace: 13051K(13504K)->13051K(13504K) NonClass: 11937K(12160K)->11937K(12160K) Class: 1113K(1344K)->1113K(1344K)
[2026-01-16T09:37:01.834+0000][gc          ] GC(977) Pause Young (Normal) (G1 Evacuation Pause) 577M->320M(1024M) 168.793ms
[2026-01-16T09:37:01.836+0000][gc,cpu      ] GC(977) User=0.28s Sys=0.02s Real=0.17s
[2026-01-16T09:37:51.892+0000][gc,start    ] GC(978) Pause Young (Normal) (G1 Evacuation Pause)
[2026-01-16T09:37:51.896+0000][gc,task     ] GC(978) Using 8 workers of 8 for evacuation
[2026-01-16T09:37:53.317+0000][gc,mmu      ] GC(978) MMU target violated: 201.0ms (200.0ms/201.0ms)
[2026-01-16T09:37:53.320+0000][gc,phases   ] GC(978)   Pre Evacuate Collection Set: 82.5ms
[2026-01-16T09:37:53.321+0000][gc,phases   ] GC(978)   Merge Heap Roots: 23.6ms
[2026-01-16T09:37:53.322+0000][gc,phases   ] GC(978)   Evacuate Collection Set: 1085.2ms
[2026-01-16T09:37:53.324+0000][gc,phases   ] GC(978)   Post Evacuate Collection Set: 225.7ms
[2026-01-16T09:37:53.325+0000][gc,phases   ] GC(978)   Other: 7.4ms
[2026-01-16T09:37:53.327+0000][gc,heap     ] GC(978) Eden regions: 489->0(45)
[2026-01-16T09:37:53.328+0000][gc,heap     ] GC(978) Survivor regions: 6->6(62)
[2026-01-16T09:37:53.329+0000][gc,heap     ] GC(978) Old regions: 219->219
[2026-01-16T09:37:53.330+0000][gc,heap     ] GC(978) Humongous regions: 96->96
[2026-01-16T09:37:53.332+0000][gc,metaspace] GC(978) Metaspace: 13053K(13504K)->13053K(13504K) NonClass: 11939K(12160K)->11939K(12160K) Class: 1113K(1344K)->1113K(1344K)
[2026-01-16T09:37:53.333+0000][gc          ] GC(978) Pause Young (Normal) (G1 Evacuation Pause) 809M->320M(1024M) 1441.381ms
[2026-01-16T09:37:53.335+0000][gc,cpu      ] GC(978) User=1.08s Sys=0.16s Real=1.45s
[2026-01-16T09:37:58.225+0000][gc,start    ] GC(979) Pause Young (Normal) (G1 Evacuation Pause)
[2026-01-16T09:37:58.226+0000][gc,task     ] GC(979) Using 8 workers of 8 for evacuation
[2026-01-16T09:37:58.779+0000][gc,mmu      ] GC(979) MMU target violated: 201.0ms (200.0ms/201.0ms)
[2026-01-16T09:37:58.780+0000][gc,phases   ] GC(979)   Pre Evacuate Collection Set: 62.4ms
[2026-01-16T09:37:58.781+0000][gc,phases   ] GC(979)   Merge Heap Roots: 12.2ms
[2026-01-16T09:37:58.782+0000][gc,phases   ] GC(979)   Evacuate Collection Set: 414.1ms
[2026-01-16T09:37:58.784+0000][gc,phases   ] GC(979)   Post Evacuate Collection Set: 61.6ms
[2026-01-16T09:37:58.784+0000][gc,phases   ] GC(979)   Other: 3.6ms
[2026-01-16T09:37:58.785+0000][gc,heap     ] GC(979) Eden regions: 45->0(46)
[2026-01-16T09:37:58.786+0000][gc,heap     ] GC(979) Survivor regions: 6->5(7)
[2026-01-16T09:37:58.786+0000][gc,heap     ] GC(979) Old regions: 219->221
[2026-01-16T09:37:58.787+0000][gc,heap     ] GC(979) Humongous regions: 96->96
[2026-01-16T09:37:58.787+0000][gc,metaspace] GC(979) Metaspace: 13058K(13504K)->13058K(13504K) NonClass: 11944K(12160K)->11944K(12160K) Class: 1113K(1344K)->1113K(1344K)
[2026-01-16T09:37:58.788+0000][gc          ] GC(979) Pause Young (Normal) (G1 Evacuation Pause) 365M->320M(1024M) 563.132ms
[2026-01-16T09:37:58.789+0000][gc,cpu      ] GC(979) User=0.45s Sys=0.06s Real=0.56s
[2026-01-16T09:38:00.463+0000][gc,start    ] GC(980) Pause Young (Normal) (G1 Evacuation Pause)
[2026-01-16T09:38:00.465+0000][gc,task     ] GC(980) Using 8 workers of 8 for evacuation
[2026-01-16T09:38:00.662+0000][gc,phases   ] GC(980)   Pre Evacuate Collection Set: 14.9ms
[2026-01-16T09:38:00.662+0000][gc,phases   ] GC(980)   Merge Heap Roots: 6.0ms
[2026-01-16T09:38:00.662+0000][gc,phases   ] GC(980)   Evacuate Collection Set: 157.6ms
[2026-01-16T09:38:00.665+0000][gc,phases   ] GC(980)   Post Evacuate Collection Set: 17.7ms
[2026-01-16T09:38:00.665+0000][gc,phases   ] GC(980)   Other: 0.6ms
[2026-01-16T09:38:00.666+0000][gc,heap     ] GC(980) Eden regions: 46->0(47)
[2026-01-16T09:38:00.666+0000][gc,heap     ] GC(980) Survivor regions: 5->4(7)
[2026-01-16T09:38:00.666+0000][gc,heap     ] GC(980) Old regions: 221->222
[2026-01-16T09:38:00.666+0000][gc,heap     ] GC(980) Humongous regions: 96->96
[2026-01-16T09:38:00.667+0000][gc,metaspace] GC(980) Metaspace: 13058K(13504K)->13058K(13504K) NonClass: 11944K(12160K)->11944K(12160K) Class: 1113K(1344K)->1113K(1344K)
[2026-01-16T09:38:00.668+0000][gc          ] GC(980) Pause Young (Normal) (G1 Evacuation Pause) 366M->321M(1024M) 205.493ms
[2026-01-16T09:38:00.672+0000][gc,cpu      ] GC(980) User=0.16s Sys=0.03s Real=0.21s
[2026-01-16T09:38:01.630+0000][gc,start    ] GC(981) Pause Young (Normal) (G1 Evacuation Pause)
[2026-01-16T09:38:01.632+0000][gc,task     ] GC(981) Using 8 workers of 8 for evacuation
[2026-01-16T09:38:01.695+0000][gc,phases   ] GC(981)   Pre Evacuate Collection Set: 1.7ms
[2026-01-16T09:38:01.701+0000][gc,phases   ] GC(981)   Merge Heap Roots: 0.9ms
[2026-01-16T09:38:01.702+0000][gc,phases   ] GC(981)   Evacuate Collection Set: 51.8ms
[2026-01-16T09:38:01.702+0000][gc,phases   ] GC(981)   Post Evacuate Collection Set: 5.7ms
[2026-01-16T09:38:01.702+0000][gc,phases   ] GC(981)   Other: 3.7ms
[2026-01-16T09:38:01.705+0000][gc,heap     ] GC(981) Eden regions: 47->0(48)
[2026-01-16T09:38:01.711+0000][gc,heap     ] GC(981) Survivor regions: 4->3(7)
[2026-01-16T09:38:01.716+0000][gc,heap     ] GC(981) Old regions: 222->222
[2026-01-16T09:38:01.717+0000][gc,heap     ] GC(981) Humongous regions: 96->96
[2026-01-16T09:38:01.717+0000][gc,metaspace] GC(981) Metaspace: 13058K(13504K)->13058K(13504K) NonClass: 11944K(12160K)->11944K(12160K) Class: 1113K(1344K)->1113K(1344K)
[2026-01-16T09:38:01.718+0000][gc          ] GC(981) Pause Young (Normal) (G1 Evacuation Pause) 368M->320M(1024M) 87.322ms
[2026-01-16T09:38:01.718+0000][gc,cpu      ] GC(981) User=0.06s Sys=0.01s Real=0.09s
[2026-01-16T09:38:02.726+0000][gc,start    ] GC(982) Pause Young (Normal) (G1 Evacuation Pause)
[2026-01-16T09:38:02.727+0000][gc,task     ] GC(982) Using 8 workers of 8 for evacuation
[2026-01-16T09:38:02.798+0000][gc,phases   ] GC(982)   Pre Evacuate Collection Set: 1.1ms
[2026-01-16T09:38:02.800+0000][gc,phases   ] GC(982)   Merge Heap Roots: 0.8ms
[2026-01-16T09:38:02.803+0000][gc,phases   ] GC(982)   Evacuate Collection Set: 60.4ms
[2026-01-16T09:38:02.803+0000][gc,phases   ] GC(982)   Post Evacuate Collection Set: 8.3ms
[2026-01-16T09:38:02.804+0000][gc,phases   ] GC(982)   Other: 0.6ms
[2026-01-16T09:38:02.804+0000][gc,heap     ] GC(982) Eden regions: 48->0(47)
[2026-01-16T09:38:02.805+0000][gc,heap     ] GC(982) Survivor regions: 3->4(7)
[2026-01-16T09:38:02.805+0000][gc,heap     ] GC(982) Old regions: 222->222
[2026-01-16T09:38:02.806+0000][gc,heap     ] GC(982) Humongous regions: 96->96
[2026-01-16T09:38:02.807+0000][gc,metaspace] GC(982) Metaspace: 13058K(13504K)->13058K(13504K) NonClass: 11944K(12160K)->11944K(12160K) Class: 1113K(1344K)->1113K(1344K)
[2026-01-16T09:38:02.808+0000][gc          ] GC(982) Pause Young (Normal) (G1 Evacuation Pause) 368M->321M(1024M) 81.748ms
[2026-01-16T09:38:02.809+0000][gc,cpu      ] GC(982) User=0.07s Sys=0.01s Real=0.08s
[2026-01-16T09:38:09.618+0000][gc,start    ] GC(983) Pause Young (Normal) (G1 Evacuation Pause)
[2026-01-16T09:38:09.628+0000][gc,task     ] GC(983) Using 8 workers of 8 for evacuation
[2026-01-16T09:38:09.779+0000][gc,phases   ] GC(983)   Pre Evacuate Collection Set: 10.5ms
[2026-01-16T09:38:09.781+0000][gc,phases   ] GC(983)   Merge Heap Roots: 3.1ms
[2026-01-16T09:38:09.783+0000][gc,phases   ] GC(983)   Evacuate Collection Set: 121.0ms
[2026-01-16T09:38:09.785+0000][gc,phases   ] GC(983)   Post Evacuate Collection Set: 15.1ms
[2026-01-16T09:38:09.786+0000][gc,phases   ] GC(983)   Other: 7.4ms
[2026-01-16T09:38:09.790+0000][gc,heap     ] GC(983) Eden regions: 47->0(47)
[2026-01-16T09:38:09.793+0000][gc,heap     ] GC(983) Survivor regions: 4->4(7)
[2026-01-16T09:38:09.794+0000][gc,heap     ] GC(983) Old regions: 222->222
[2026-01-16T09:38:09.796+0000][gc,heap     ] GC(983) Humongous regions: 96->96
[2026-01-16T09:38:09.798+0000][gc,metaspace] GC(983) Metaspace: 13058K(13504K)->13058K(13504K) NonClass: 11944K(12160K)->11944K(12160K) Class: 1113K(1344K)->1113K(1344K)
[2026-01-16T09:38:09.808+0000][gc          ] GC(983) Pause Young (Normal) (G1 Evacuation Pause) 368M->321M(1024M) 189.933ms
[2026-01-16T09:38:09.809+0000][gc,cpu      ] GC(983) User=0.19s Sys=0.02s Real=0.19s
[2026-01-16T09:38:10.463+0000][gc,start    ] GC(984) Pause Young (Normal) (G1 Evacuation Pause)
[2026-01-16T09:38:10.464+0000][gc,task     ] GC(984) Using 8 workers of 8 for evacuation
[2026-01-16T09:38:10.528+0000][gc,phases   ] GC(984)   Pre Evacuate Collection Set: 0.4ms
[2026-01-16T09:38:10.528+0000][gc,phases   ] GC(984)   Merge Heap Roots: 0.5ms
[2026-01-16T09:38:10.528+0000][gc,phases   ] GC(984)   Evacuate Collection Set: 62.1ms
[2026-01-16T09:38:10.529+0000][gc,phases   ] GC(984)   Post Evacuate Collection Set: 0.7ms
[2026-01-16T09:38:10.529+0000][gc,phases   ] GC(984)   Other: 0.6ms
[2026-01-16T09:38:10.529+0000][gc,heap     ] GC(984) Eden regions: 47->0(47)
[2026-01-16T09:38:10.529+0000][gc,heap     ] GC(984) Survivor regions: 4->4(7)
[2026-01-16T09:38:10.530+0000][gc,heap     ] GC(984) Old regions: 222->222
[2026-01-16T09:38:10.530+0000][gc,heap     ] GC(984) Humongous regions: 96->96
[2026-01-16T09:38:10.530+0000][gc,metaspace] GC(984) Metaspace: 13058K(13504K)->13058K(13504K) NonClass: 11944K(12160K)->11944K(12160K) Class: 1113K(1344K)->1113K(1344K)
[2026-01-16T09:38:10.531+0000][gc          ] GC(984) Pause Young (Normal) (G1 Evacuation Pause) 368M->321M(1024M) 67.984ms
[2026-01-16T09:38:10.531+0000][gc,cpu      ] GC(984) User=0.04s Sys=0.00s Real=0.06s
[2026-01-16T09:38:19.289+0000][gc,start    ] GC(985) Pause Young (Normal) (G1 Evacuation Pause)
[2026-01-16T09:38:19.293+0000][gc,task     ] GC(985) Using 8 workers of 8 for evacuation
[2026-01-16T09:38:19.571+0000][gc,mmu      ] GC(985) MMU target violated: 201.0ms (200.0ms/201.0ms)
[2026-01-16T09:38:19.573+0000][gc,phases   ] GC(985)   Pre Evacuate Collection Set: 35.9ms
[2026-01-16T09:38:19.575+0000][gc,phases   ] GC(985)   Merge Heap Roots: 2.5ms
[2026-01-16T09:38:19.575+0000][gc,phases   ] GC(985)   Evacuate Collection Set: 216.8ms
[2026-01-16T09:38:19.576+0000][gc,phases   ] GC(985)   Post Evacuate Collection Set: 19.9ms
[2026-01-16T09:38:19.578+0000][gc,phases   ] GC(985)   Other: 6.3ms
[2026-01-16T09:38:19.579+0000][gc,heap     ] GC(985) Eden regions: 47->0(48)
[2026-01-16T09:38:19.579+0000][gc,heap     ] GC(985) Survivor regions: 4->3(7)
[2026-01-16T09:38:19.580+0000][gc,heap     ] GC(985) Old regions: 222->222
[2026-01-16T09:38:19.585+0000][gc,heap     ] GC(985) Humongous regions: 96->96
[2026-01-16T09:38:19.587+0000][gc,metaspace] GC(985) Metaspace: 13058K(13504K)->13058K(13504K) NonClass: 11944K(12160K)->11944K(12160K) Class: 1113K(1344K)->1113K(1344K)
[2026-01-16T09:38:19.589+0000][gc          ] GC(985) Pause Young (Normal) (G1 Evacuation Pause) 368M->320M(1024M) 299.726ms
[2026-01-16T09:38:19.590+0000][gc,cpu      ] GC(985) User=0.25s Sys=0.07s Real=0.30s
[2026-01-16T09:38:21.486+0000][gc,start    ] GC(986) Pause Young (Normal) (G1 Evacuation Pause)
[2026-01-16T09:38:21.487+0000][gc,task     ] GC(986) Using 8 workers of 8 for evacuation
[2026-01-16T09:38:21.589+0000][gc,phases   ] GC(986)   Pre Evacuate Collection Set: 8.8ms
[2026-01-16T09:38:21.589+0000][gc,phases   ] GC(986)   Merge Heap Roots: 0.8ms
[2026-01-16T09:38:21.590+0000][gc,phases   ] GC(986)   Evacuate Collection Set: 85.2ms
[2026-01-16T09:38:21.590+0000][gc,phases   ] GC(986)   Post Evacuate Collection Set: 6.6ms
[2026-01-16T09:38:21.590+0000][gc,phases   ] GC(986)   Other: 0.7ms
[2026-01-16T09:38:21.591+0000][gc,heap     ] GC(986) Eden regions: 48->0(47)
[2026-01-16T09:38:21.591+0000][gc,heap     ] GC(986) Survivor regions: 3->4(7)
[2026-01-16T09:38:21.592+0000][gc,heap     ] GC(986) Old regions: 222->222
[2026-01-16T09:38:21.592+0000][gc,heap     ] GC(986) Humongous regions: 96->96
[2026-01-16T09:38:21.593+0000][gc,metaspace] GC(986) Metaspace: 13058K(13504K)->13058K(13504K) NonClass: 11944K(12160K)->11944K(12160K) Class: 1113K(1344K)->1113K(1344K)
[2026-01-16T09:38:21.594+0000][gc          ] GC(986) Pause Young (Normal) (G1 Evacuation Pause) 368M->321M(1024M) 107.968ms
[2026-01-16T09:38:21.596+0000][gc,cpu      ] GC(986) User=0.10s Sys=0.00s Real=0.11s
[2026-01-16T09:38:22.143+0000][gc,start    ] GC(987) Pause Young (Normal) (G1 Evacuation Pause)
[2026-01-16T09:38:22.318+0000][gc,task     ] GC(987) Using 8 workers of 8 for evacuation
[2026-01-16T09:38:22.379+0000][gc,phases   ] GC(987)   Pre Evacuate Collection Set: 2.5ms
[2026-01-16T09:38:22.380+0000][gc,phases   ] GC(987)   Merge Heap Roots: 0.3ms
[2026-01-16T09:38:22.384+0000][gc,phases   ] GC(987)   Evacuate Collection Set: 55.6ms
[2026-01-16T09:38:22.386+0000][gc,phases   ] GC(987)   Post Evacuate Collection Set: 1.1ms
[2026-01-16T09:38:22.387+0000][gc,phases   ] GC(987)   Other: 2.5ms
[2026-01-16T09:38:22.391+0000][gc,heap     ] GC(987) Eden regions: 47->0(115)
[2026-01-16T09:38:22.392+0000][gc,heap     ] GC(987) Survivor regions: 4->4(7)
[2026-01-16T09:38:22.392+0000][gc,heap     ] GC(987) Old regions: 222->222
[2026-01-16T09:38:22.394+0000][gc,heap     ] GC(987) Humongous regions: 96->96
[2026-01-16T09:38:22.400+0000][gc,metaspace] GC(987) Metaspace: 13058K(13504K)->13058K(13504K) NonClass: 11944K(12160K)->11944K(12160K) Class: 1113K(1344K)->1113K(1344K)
[2026-01-16T09:38:22.402+0000][gc          ] GC(987) Pause Young (Normal) (G1 Evacuation Pause) 368M->321M(1024M) 258.939ms
[2026-01-16T09:38:22.402+0000][gc,cpu      ] GC(987) User=0.09s Sys=0.02s Real=0.26s
[2026-01-16T09:38:32.904+0000][gc,start    ] GC(988) Pause Young (Normal) (G1 Evacuation Pause)
[2026-01-16T09:38:32.905+0000][gc,task     ] GC(988) Using 8 workers of 8 for evacuation
[2026-01-16T09:38:33.066+0000][gc,phases   ] GC(988)   Pre Evacuate Collection Set: 5.4ms
[2026-01-16T09:38:33.066+0000][gc,phases   ] GC(988)   Merge Heap Roots: 1.5ms
[2026-01-16T09:38:33.066+0000][gc,phases   ] GC(988)   Evacuate Collection Set: 142.6ms
[2026-01-16T09:38:33.066+0000][gc,phases   ] GC(988)   Post Evacuate Collection Set: 11.0ms
[2026-01-16T09:38:33.068+0000][gc,phases   ] GC(988)   Other: 0.4ms
[2026-01-16T09:38:33.068+0000][gc,heap     ] GC(988) Eden regions: 122->0(115)
[2026-01-16T09:38:33.069+0000][gc,heap     ] GC(988) Survivor regions: 4->4(16)
[2026-01-16T09:38:33.069+0000][gc,heap     ] GC(988) Old regions: 222->222
[2026-01-16T09:38:33.069+0000][gc,heap     ] GC(988) Humongous regions: 96->96
[2026-01-16T09:38:33.071+0000][gc,metaspace] GC(988) Metaspace: 13058K(13504K)->13058K(13504K) NonClass: 11944K(12160K)->11944K(12160K) Class: 1113K(1344K)->1113K(1344K)
[2026-01-16T09:38:33.071+0000][gc          ] GC(988) Pause Young (Normal) (G1 Evacuation Pause) 443M->321M(1024M) 167.185ms
[2026-01-16T09:38:33.072+0000][gc,cpu      ] GC(988) User=0.25s Sys=0.00s Real=0.16s
[2026-01-16T09:38:40.881+0000][gc,start    ] GC(989) Pause Young (Normal) (G1 Evacuation Pause)
[2026-01-16T09:38:40.883+0000][gc,task     ] GC(989) Using 8 workers of 8 for evacuation
[2026-01-16T09:38:40.981+0000][gc,phases   ] GC(989)   Pre Evacuate Collection Set: 8.0ms
[2026-01-16T09:38:40.982+0000][gc,phases   ] GC(989)   Merge Heap Roots: 1.0ms
[2026-01-16T09:38:40.986+0000][gc,phases   ] GC(989)   Evacuate Collection Set: 76.5ms
[2026-01-16T09:38:40.986+0000][gc,phases   ] GC(989)   Post Evacuate Collection Set: 10.7ms
[2026-01-16T09:38:40.987+0000][gc,phases   ] GC(989)   Other: 2.0ms
[2026-01-16T09:38:40.987+0000][gc,heap     ] GC(989) Eden regions: 119->0(159)
[2026-01-16T09:38:40.987+0000][gc,heap     ] GC(989) Survivor regions: 4->5(16)
[2026-01-16T09:38:40.988+0000][gc,heap     ] GC(989) Old regions: 222->222
[2026-01-16T09:38:40.988+0000][gc,heap     ] GC(989) Humongous regions: 96->96
[2026-01-16T09:38:40.989+0000][gc,metaspace] GC(989) Metaspace: 13058K(13504K)->13058K(13504K) NonClass: 11944K(12160K)->11944K(12160K) Class: 1113K(1344K)->1113K(1344K)
[2026-01-16T09:38:40.990+0000][gc          ] GC(989) Pause Young (Normal) (G1 Evacuation Pause) 440M->322M(1024M) 108.485ms
[2026-01-16T09:38:40.990+0000][gc,cpu      ] GC(989) User=0.17s Sys=0.03s Real=0.11s
[2026-01-16T09:39:06.035+0000][gc,start    ] GC(990) Pause Young (Normal) (G1 Evacuation Pause)
[2026-01-16T09:39:06.039+0000][gc,task     ] GC(990) Using 8 workers of 8 for evacuation
[2026-01-16T09:39:06.561+0000][gc,mmu      ] GC(990) MMU target violated: 201.0ms (200.0ms/201.0ms)
[2026-01-16T09:39:06.561+0000][gc,phases   ] GC(990)   Pre Evacuate Collection Set: 26.7ms
[2026-01-16T09:39:06.561+0000][gc,phases   ] GC(990)   Merge Heap Roots: 9.4ms
[2026-01-16T09:39:06.561+0000][gc,phases   ] GC(990)   Evacuate Collection Set: 421.2ms
[2026-01-16T09:39:06.561+0000][gc,phases   ] GC(990)   Post Evacuate Collection Set: 56.2ms
[2026-01-16T09:39:06.561+0000][gc,phases   ] GC(990)   Other: 9.3ms
[2026-01-16T09:39:06.562+0000][gc,heap     ] GC(990) Eden regions: 221->0(46)
[2026-01-16T09:39:06.564+0000][gc,heap     ] GC(990) Survivor regions: 5->5(29)
[2026-01-16T09:39:06.564+0000][gc,heap     ] GC(990) Old regions: 222->223
[2026-01-16T09:39:06.565+0000][gc,heap     ] GC(990) Humongous regions: 96->96
[2026-01-16T09:39:06.565+0000][gc,metaspace] GC(990) Metaspace: 13058K(13504K)->13058K(13504K) NonClass: 11944K(12160K)->11944K(12160K) Class: 1113K(1344K)->1113K(1344K)
[2026-01-16T09:39:06.566+0000][gc          ] GC(990) Pause Young (Normal) (G1 Evacuation Pause) 543M->323M(1024M) 530.766ms
[2026-01-16T09:39:06.566+0000][gc,cpu      ] GC(990) User=0.50s Sys=0.08s Real=0.53s
[2026-01-16T09:39:10.462+0000][gc,start    ] GC(991) Pause Young (Normal) (G1 Evacuation Pause)
[2026-01-16T09:39:10.465+0000][gc,task     ] GC(991) Using 8 workers of 8 for evacuation
[2026-01-16T09:39:10.530+0000][gc,phases   ] GC(991)   Pre Evacuate Collection Set: 5.5ms
[2026-01-16T09:39:10.530+0000][gc,phases   ] GC(991)   Merge Heap Roots: 0.9ms
[2026-01-16T09:39:10.531+0000][gc,phases   ] GC(991)   Evacuate Collection Set: 52.0ms
[2026-01-16T09:39:10.531+0000][gc,phases   ] GC(991)   Post Evacuate Collection Set: 5.6ms
[2026-01-16T09:39:10.532+0000][gc,phases   ] GC(991)   Other: 1.1ms
[2026-01-16T09:39:10.532+0000][gc,heap     ] GC(991) Eden regions: 46->0(49)
[2026-01-16T09:39:10.532+0000][gc,heap     ] GC(991) Survivor regions: 5->3(7)
[2026-01-16T09:39:10.532+0000][gc,heap     ] GC(991) Old regions: 223->224
[2026-01-16T09:39:10.533+0000][gc,heap     ] GC(991) Humongous regions: 96->96
[2026-01-16T09:39:10.533+0000][gc,metaspace] GC(991) Metaspace: 13058K(13504K)->13058K(13504K) NonClass: 11944K(12160K)->11944K(12160K) Class: 1113K(1344K)->1113K(1344K)
[2026-01-16T09:39:10.534+0000][gc          ] GC(991) Pause Young (Normal) (G1 Evacuation Pause) 369M->322M(1024M) 71.738ms
[2026-01-16T09:39:10.535+0000][gc,cpu      ] GC(991) User=0.12s Sys=0.03s Real=0.07s
[2026-01-16T09:39:11.264+0000][gc,start    ] GC(992) Pause Young (Normal) (G1 Evacuation Pause)
[2026-01-16T09:39:11.265+0000][gc,task     ] GC(992) Using 8 workers of 8 for evacuation
[2026-01-16T09:39:11.294+0000][gc,phases   ] GC(992)   Pre Evacuate Collection Set: 1.0ms
[2026-01-16T09:39:11.294+0000][gc,phases   ] GC(992)   Merge Heap Roots: 0.3ms
[2026-01-16T09:39:11.294+0000][gc,phases   ] GC(992)   Evacuate Collection Set: 25.8ms
[2026-01-16T09:39:11.294+0000][gc,phases   ] GC(992)   Post Evacuate Collection Set: 0.5ms
[2026-01-16T09:39:11.295+0000][gc,phases   ] GC(992)   Other: 1.7ms
[2026-01-16T09:39:11.295+0000][gc,heap     ] GC(992) Eden regions: 48->0(100)
[2026-01-16T09:39:11.295+0000][gc,heap     ] GC(992) Survivor regions: 3->3(7)
[2026-01-16T09:39:11.295+0000][gc,heap     ] GC(992) Old regions: 224->224
[2026-01-16T09:39:11.295+0000][gc,heap     ] GC(992) Humongous regions: 96->96
[2026-01-16T09:39:11.295+0000][gc,metaspace] GC(992) Metaspace: 13058K(13504K)->13058K(13504K) NonClass: 11944K(12160K)->11944K(12160K) Class: 1113K(1344K)->1113K(1344K)
[2026-01-16T09:39:11.295+0000][gc          ] GC(992) Pause Young (Normal) (G1 Evacuation Pause) 370M->322M(1024M) 31.005ms
[2026-01-16T09:39:11.295+0000][gc,cpu      ] GC(992) User=0.05s Sys=0.00s Real=0.03s
[2026-01-16T09:39:32.277+0000][gc,start    ] GC(993) Pause Young (Normal) (G1 Evacuation Pause)
[2026-01-16T09:39:32.281+0000][gc,task     ] GC(993) Using 8 workers of 8 for evacuation
[2026-01-16T09:39:32.444+0000][gc,phases   ] GC(993)   Pre Evacuate Collection Set: 32.7ms
[2026-01-16T09:39:32.444+0000][gc,phases   ] GC(993)   Merge Heap Roots: 11.5ms
[2026-01-16T09:39:32.445+0000][gc,phases   ] GC(993)   Evacuate Collection Set: 110.5ms
[2026-01-16T09:39:32.445+0000][gc,phases   ] GC(993)   Post Evacuate Collection Set: 5.3ms
[2026-01-16T09:39:32.445+0000][gc,phases   ] GC(993)   Other: 2.6ms
[2026-01-16T09:39:32.445+0000][gc,heap     ] GC(993) Eden regions: 214->0(80)
[2026-01-16T09:39:32.446+0000][gc,heap     ] GC(993) Survivor regions: 3->4(28)
[2026-01-16T09:39:32.446+0000][gc,heap     ] GC(993) Old regions: 224->224
[2026-01-16T09:39:32.446+0000][gc,heap     ] GC(993) Humongous regions: 96->96
[2026-01-16T09:39:32.446+0000][gc,metaspace] GC(993) Metaspace: 13058K(13504K)->13058K(13504K) NonClass: 11944K(12160K)->11944K(12160K) Class: 1113K(1344K)->1113K(1344K)
[2026-01-16T09:39:32.447+0000][gc          ] GC(993) Pause Young (Normal) (G1 Evacuation Pause) 536M->322M(1024M) 170.459ms
[2026-01-16T09:39:32.447+0000][gc,cpu      ] GC(993) User=0.31s Sys=0.04s Real=0.17s
[2026-01-16T09:39:50.282+0000][gc,start    ] GC(994) Pause Young (Normal) (G1 Evacuation Pause)
[2026-01-16T09:39:50.293+0000][gc,task     ] GC(994) Using 8 workers of 8 for evacuation
[2026-01-16T09:39:50.596+0000][gc,mmu      ] GC(994) MMU target violated: 201.0ms (200.0ms/201.0ms)
[2026-01-16T09:39:50.597+0000][gc,phases   ] GC(994)   Pre Evacuate Collection Set: 46.5ms
[2026-01-16T09:39:50.600+0000][gc,phases   ] GC(994)   Merge Heap Roots: 7.1ms
[2026-01-16T09:39:50.601+0000][gc,phases   ] GC(994)   Evacuate Collection Set: 216.0ms
[2026-01-16T09:39:50.601+0000][gc,phases   ] GC(994)   Post Evacuate Collection Set: 28.5ms
[2026-01-16T09:39:50.602+0000][gc,phases   ] GC(994)   Other: 5.9ms
[2026-01-16T09:39:50.602+0000][gc,heap     ] GC(994) Eden regions: 181->0(48)
[2026-01-16T09:39:50.603+0000][gc,heap     ] GC(994) Survivor regions: 4->3(24)
[2026-01-16T09:39:50.603+0000][gc,heap     ] GC(994) Old regions: 224->224
[2026-01-16T09:39:50.603+0000][gc,heap     ] GC(994) Humongous regions: 96->96
[2026-01-16T09:39:50.603+0000][gc,metaspace] GC(994) Metaspace: 13073K(13504K)->13073K(13504K) NonClass: 11959K(12160K)->11959K(12160K) Class: 1113K(1344K)->1113K(1344K)
[2026-01-16T09:39:50.605+0000][gc          ] GC(994) Pause Young (Normal) (G1 Evacuation Pause) 503M->322M(1024M) 322.879ms
[2026-01-16T09:39:50.605+0000][gc,cpu      ] GC(994) User=0.40s Sys=0.02s Real=0.32s
[2026-01-16T09:39:56.869+0000][gc,start    ] GC(995) Pause Young (Normal) (G1 Evacuation Pause)
[2026-01-16T09:39:56.879+0000][gc,task     ] GC(995) Using 8 workers of 8 for evacuation
[2026-01-16T09:39:57.825+0000][gc,mmu      ] GC(995) MMU target violated: 201.0ms (200.0ms/201.0ms)
[2026-01-16T09:39:57.826+0000][gc,phases   ] GC(995)   Pre Evacuate Collection Set: 66.5ms
[2026-01-16T09:39:57.827+0000][gc,phases   ] GC(995)   Merge Heap Roots: 18.0ms
[2026-01-16T09:39:57.828+0000][gc,phases   ] GC(995)   Evacuate Collection Set: 755.3ms
[2026-01-16T09:39:57.837+0000][gc,phases   ] GC(995)   Post Evacuate Collection Set: 104.9ms
[2026-01-16T09:39:57.838+0000][gc,phases   ] GC(995)   Other: 2.9ms
[2026-01-16T09:39:57.838+0000][gc,heap     ] GC(995) Eden regions: 48->0(47)
[2026-01-16T09:39:57.838+0000][gc,heap     ] GC(995) Survivor regions: 3->4(7)
[2026-01-16T09:39:57.838+0000][gc,heap     ] GC(995) Old regions: 224->225
[2026-01-16T09:39:57.838+0000][gc,heap     ] GC(995) Humongous regions: 96->96
[2026-01-16T09:39:57.838+0000][gc,metaspace] GC(995) Metaspace: 13078K(13504K)->13078K(13504K) NonClass: 11964K(12160K)->11964K(12160K) Class: 1113K(1344K)->1113K(1344K)
[2026-01-16T09:39:57.855+0000][gc          ] GC(995) Pause Young (Normal) (G1 Evacuation Pause) 370M->323M(1024M) 985.853ms
[2026-01-16T09:39:57.855+0000][gc,cpu      ] GC(995) User=0.89s Sys=0.08s Real=1.00s
[2026-01-16T09:40:01.280+0000][gc,start    ] GC(996) Pause Young (Normal) (G1 Evacuation Pause)
[2026-01-16T09:40:01.284+0000][gc,task     ] GC(996) Using 8 workers of 8 for evacuation
[2026-01-16T09:40:01.824+0000][gc,mmu      ] GC(996) MMU target violated: 201.0ms (200.0ms/201.0ms)
[2026-01-16T09:40:01.837+0000][gc,phases   ] GC(996)   Pre Evacuate Collection Set: 34.9ms
[2026-01-16T09:40:01.838+0000][gc,phases   ] GC(996)   Merge Heap Roots: 10.0ms
[2026-01-16T09:40:01.838+0000][gc,phases   ] GC(996)   Evacuate Collection Set: 446.9ms
[2026-01-16T09:40:01.840+0000][gc,phases   ] GC(996)   Post Evacuate Collection Set: 30.7ms
[2026-01-16T09:40:01.843+0000][gc,phases   ] GC(996)   Other: 19.1ms
[2026-01-16T09:40:01.861+0000][gc,heap     ] GC(996) Eden regions: 47->0(47)
[2026-01-16T09:40:01.861+0000][gc,heap     ] GC(996) Survivor regions: 4->4(7)
[2026-01-16T09:40:01.862+0000][gc,heap     ] GC(996) Old regions: 225->225
[2026-01-16T09:40:01.862+0000][gc,heap     ] GC(996) Humongous regions: 96->96
[2026-01-16T09:40:01.862+0000][gc,metaspace] GC(996) Metaspace: 13115K(13504K)->13115K(13504K) NonClass: 12001K(12160K)->12001K(12160K) Class: 1113K(1344K)->1113K(1344K)
[2026-01-16T09:40:01.863+0000][gc          ] GC(996) Pause Young (Normal) (G1 Evacuation Pause) 370M->323M(1024M) 582.784ms
[2026-01-16T09:40:01.864+0000][gc,cpu      ] GC(996) User=0.42s Sys=0.04s Real=0.58s
[2026-01-16T09:40:04.961+0000][gc,start    ] GC(997) Pause Young (Normal) (G1 Evacuation Pause)
[2026-01-16T09:40:04.969+0000][gc,task     ] GC(997) Using 8 workers of 8 for evacuation
[2026-01-16T09:40:05.335+0000][gc,mmu      ] GC(997) MMU target violated: 201.0ms (200.0ms/201.0ms)
[2026-01-16T09:40:05.336+0000][gc,phases   ] GC(997)   Pre Evacuate Collection Set: 61.1ms
[2026-01-16T09:40:05.340+0000][gc,phases   ] GC(997)   Merge Heap Roots: 1.7ms
[2026-01-16T09:40:05.340+0000][gc,phases   ] GC(997)   Evacuate Collection Set: 245.1ms
[2026-01-16T09:40:05.348+0000][gc,phases   ] GC(997)   Post Evacuate Collection Set: 57.7ms
[2026-01-16T09:40:05.348+0000][gc,phases   ] GC(997)   Other: 2.3ms
[2026-01-16T09:40:05.348+0000][gc,heap     ] GC(997) Eden regions: 47->0(48)
[2026-01-16T09:40:05.349+0000][gc,heap     ] GC(997) Survivor regions: 4->3(7)
[2026-01-16T09:40:05.349+0000][gc,heap     ] GC(997) Old regions: 225->225
[2026-01-16T09:40:05.349+0000][gc,heap     ] GC(997) Humongous regions: 96->96
[2026-01-16T09:40:05.350+0000][gc,metaspace] GC(997) Metaspace: 13119K(13504K)->13119K(13504K) NonClass: 12006K(12160K)->12006K(12160K) Class: 1113K(1344K)->1113K(1344K)
[2026-01-16T09:40:05.353+0000][gc          ] GC(997) Pause Young (Normal) (G1 Evacuation Pause) 370M->323M(1024M) 391.887ms
[2026-01-16T09:40:05.354+0000][gc,cpu      ] GC(997) User=0.22s Sys=0.01s Real=0.39s
[2026-01-16T09:40:08.522+0000][gc,start    ] GC(998) Pause Young (Normal) (G1 Evacuation Pause)
[2026-01-16T09:40:08.531+0000][gc,task     ] GC(998) Using 8 workers of 8 for evacuation
[2026-01-16T09:40:08.856+0000][gc,mmu      ] GC(998) MMU target violated: 201.0ms (200.0ms/201.0ms)
[2026-01-16T09:40:08.857+0000][gc,phases   ] GC(998)   Pre Evacuate Collection Set: 75.2ms
[2026-01-16T09:40:08.857+0000][gc,phases   ] GC(998)   Merge Heap Roots: 14.1ms
[2026-01-16T09:40:08.858+0000][gc,phases   ] GC(998)   Evacuate Collection Set: 216.7ms
[2026-01-16T09:40:08.858+0000][gc,phases   ] GC(998)   Post Evacuate Collection Set: 15.1ms
[2026-01-16T09:40:08.858+0000][gc,phases   ] GC(998)   Other: 5.0ms
[2026-01-16T09:40:08.859+0000][gc,heap     ] GC(998) Eden regions: 48->0(47)
[2026-01-16T09:40:08.859+0000][gc,heap     ] GC(998) Survivor regions: 3->4(7)
[2026-01-16T09:40:08.859+0000][gc,heap     ] GC(998) Old regions: 225->225
[2026-01-16T09:40:08.861+0000][gc,heap     ] GC(998) Humongous regions: 96->96
[2026-01-16T09:40:08.863+0000][gc,metaspace] GC(998) Metaspace: 13131K(13504K)->13131K(13504K) NonClass: 12017K(12160K)->12017K(12160K) Class: 1113K(1344K)->1113K(1344K)
[2026-01-16T09:40:08.871+0000][gc          ] GC(998) Pause Young (Normal) (G1 Evacuation Pause) 371M->323M(1024M) 349.332ms
[2026-01-16T09:40:08.871+0000][gc,cpu      ] GC(998) User=0.24s Sys=0.01s Real=0.35s
[2026-01-16T09:40:11.537+0000][gc,start    ] GC(999) Pause Young (Normal) (G1 Evacuation Pause)
[2026-01-16T09:40:11.540+0000][gc,task     ] GC(999) Using 8 workers of 8 for evacuation
[2026-01-16T09:40:11.854+0000][gc,mmu      ] GC(999) MMU target violated: 201.0ms (200.0ms/201.0ms)
[2026-01-16T09:40:11.855+0000][gc,phases   ] GC(999)   Pre Evacuate Collection Set: 88.7ms
[2026-01-16T09:40:11.855+0000][gc,phases   ] GC(999)   Merge Heap Roots: 1.1ms
[2026-01-16T09:40:11.855+0000][gc,phases   ] GC(999)   Evacuate Collection Set: 214.6ms
[2026-01-16T09:40:11.855+0000][gc,phases   ] GC(999)   Post Evacuate Collection Set: 5.4ms
[2026-01-16T09:40:11.856+0000][gc,phases   ] GC(999)   Other: 5.1ms
[2026-01-16T09:40:11.859+0000][gc,heap     ] GC(999) Eden regions: 47->0(48)
[2026-01-16T09:40:11.859+0000][gc,heap     ] GC(999) Survivor regions: 4->3(7)
[2026-01-16T09:40:11.861+0000][gc,heap     ] GC(999) Old regions: 225->225
[2026-01-16T09:40:11.861+0000][gc,heap     ] GC(999) Humongous regions: 96->96
[2026-01-16T09:40:11.865+0000][gc,metaspace] GC(999) Metaspace: 13149K(13504K)->13149K(13504K) NonClass: 12035K(12160K)->12035K(12160K) Class: 1113K(1344K)->1113K(1344K)
[2026-01-16T09:40:11.866+0000][gc          ] GC(999) Pause Young (Normal) (G1 Evacuation Pause) 370M->323M(1024M) 329.690ms
[2026-01-16T09:40:11.868+0000][gc,cpu      ] GC(999) User=0.19s Sys=0.01s Real=0.34s
[2026-01-16T09:40:13.581+0000][gc,start    ] GC(1000) Pause Young (Normal) (G1 Evacuation Pause)
[2026-01-16T09:40:13.589+0000][gc,task     ] GC(1000) Using 8 workers of 8 for evacuation
[2026-01-16T09:40:13.747+0000][gc,phases   ] GC(1000)   Pre Evacuate Collection Set: 56.0ms
[2026-01-16T09:40:13.748+0000][gc,phases   ] GC(1000)   Merge Heap Roots: 7.7ms
[2026-01-16T09:40:13.749+0000][gc,phases   ] GC(1000)   Evacuate Collection Set: 85.0ms
[2026-01-16T09:40:13.749+0000][gc,phases   ] GC(1000)   Post Evacuate Collection Set: 3.2ms
[2026-01-16T09:40:13.749+0000][gc,phases   ] GC(1000)   Other: 6.1ms
[2026-01-16T09:40:13.750+0000][gc,heap     ] GC(1000) Eden regions: 48->0(47)
[2026-01-16T09:40:13.750+0000][gc,heap     ] GC(1000) Survivor regions: 3->4(7)
[2026-01-16T09:40:13.750+0000][gc,heap     ] GC(1000) Old regions: 225->225
[2026-01-16T09:40:13.751+0000][gc,heap     ] GC(1000) Humongous regions: 96->96
[2026-01-16T09:40:13.752+0000][gc,metaspace] GC(1000) Metaspace: 13149K(13504K)->13149K(13504K) NonClass: 12035K(12160K)->12035K(12160K) Class: 1113K(1344K)->1113K(1344K)
[2026-01-16T09:40:13.752+0000][gc          ] GC(1000) Pause Young (Normal) (G1 Evacuation Pause) 371M->323M(1024M) 171.825ms
[2026-01-16T09:40:13.753+0000][gc,cpu      ] GC(1000) User=0.15s Sys=0.01s Real=0.17s
[2026-01-16T09:40:19.096+0000][gc,start    ] GC(1001) Pause Young (Normal) (G1 Evacuation Pause)
[2026-01-16T09:40:19.096+0000][gc,task     ] GC(1001) Using 8 workers of 8 for evacuation
[2026-01-16T09:40:19.348+0000][gc,mmu      ] GC(1001) MMU target violated: 201.0ms (200.0ms/201.0ms)
[2026-01-16T09:40:19.352+0000][gc,phases   ] GC(1001)   Pre Evacuate Collection Set: 24.1ms
[2026-01-16T09:40:19.352+0000][gc,phases   ] GC(1001)   Merge Heap Roots: 8.7ms
[2026-01-16T09:40:19.353+0000][gc,phases   ] GC(1001)   Evacuate Collection Set: 179.2ms
[2026-01-16T09:40:19.353+0000][gc,phases   ] GC(1001)   Post Evacuate Collection Set: 39.7ms
[2026-01-16T09:40:19.353+0000][gc,phases   ] GC(1001)   Other: 3.8ms
[2026-01-16T09:40:19.353+0000][gc,heap     ] GC(1001) Eden regions: 47->0(48)
[2026-01-16T09:40:19.353+0000][gc,heap     ] GC(1001) Survivor regions: 4->3(7)
[2026-01-16T09:40:19.353+0000][gc,heap     ] GC(1001) Old regions: 225->225
[2026-01-16T09:40:19.353+0000][gc,heap     ] GC(1001) Humongous regions: 96->96
[2026-01-16T09:40:19.353+0000][gc,metaspace] GC(1001) Metaspace: 13149K(13504K)->13149K(13504K) NonClass: 12035K(12160K)->12035K(12160K) Class: 1113K(1344K)->1113K(1344K)
[2026-01-16T09:40:19.357+0000][gc          ] GC(1001) Pause Young (Normal) (G1 Evacuation Pause) 370M->322M(1024M) 261.219ms
[2026-01-16T09:40:19.357+0000][gc,cpu      ] GC(1001) User=0.14s Sys=0.03s Real=0.26s
[2026-01-16T09:40:20.396+0000][gc,start    ] GC(1002) Pause Young (Normal) (G1 Evacuation Pause)
[2026-01-16T09:40:20.398+0000][gc,task     ] GC(1002) Using 8 workers of 8 for evacuation
[2026-01-16T09:40:20.442+0000][gc,phases   ] GC(1002)   Pre Evacuate Collection Set: 2.1ms
[2026-01-16T09:40:20.442+0000][gc,phases   ] GC(1002)   Merge Heap Roots: 0.4ms
[2026-01-16T09:40:20.443+0000][gc,phases   ] GC(1002)   Evacuate Collection Set: 38.8ms
[2026-01-16T09:40:20.444+0000][gc,phases   ] GC(1002)   Post Evacuate Collection Set: 1.1ms
[2026-01-16T09:40:20.445+0000][gc,phases   ] GC(1002)   Other: 1.4ms
[2026-01-16T09:40:20.445+0000][gc,heap     ] GC(1002) Eden regions: 48->0(48)
[2026-01-16T09:40:20.446+0000][gc,heap     ] GC(1002) Survivor regions: 3->3(7)
[2026-01-16T09:40:20.446+0000][gc,heap     ] GC(1002) Old regions: 225->225
[2026-01-16T09:40:20.446+0000][gc,heap     ] GC(1002) Humongous regions: 96->96
[2026-01-16T09:40:20.447+0000][gc,metaspace] GC(1002) Metaspace: 13149K(13504K)->13149K(13504K) NonClass: 12035K(12160K)->12035K(12160K) Class: 1113K(1344K)->1113K(1344K)
[2026-01-16T09:40:20.447+0000][gc          ] GC(1002) Pause Young (Normal) (G1 Evacuation Pause) 370M->323M(1024M) 50.881ms
[2026-01-16T09:40:20.447+0000][gc,cpu      ] GC(1002) User=0.04s Sys=0.00s Real=0.05s
[2026-01-16T09:40:20.935+0000][gc,start    ] GC(1003) Pause Young (Normal) (G1 Evacuation Pause)
[2026-01-16T09:40:20.936+0000][gc,task     ] GC(1003) Using 8 workers of 8 for evacuation
[2026-01-16T09:40:20.986+0000][gc,phases   ] GC(1003)   Pre Evacuate Collection Set: 2.8ms
[2026-01-16T09:40:20.987+0000][gc,phases   ] GC(1003)   Merge Heap Roots: 0.2ms
[2026-01-16T09:40:20.987+0000][gc,phases   ] GC(1003)   Evacuate Collection Set: 38.7ms
[2026-01-16T09:40:20.987+0000][gc,phases   ] GC(1003)   Post Evacuate Collection Set: 6.9ms
[2026-01-16T09:40:20.987+0000][gc,phases   ] GC(1003)   Other: 2.0ms
[2026-01-16T09:40:20.987+0000][gc,heap     ] GC(1003) Eden regions: 48->0(47)
[2026-01-16T09:40:20.987+0000][gc,heap     ] GC(1003) Survivor regions: 3->4(7)
[2026-01-16T09:40:20.988+0000][gc,heap     ] GC(1003) Old regions: 225->225
[2026-01-16T09:40:20.988+0000][gc,heap     ] GC(1003) Humongous regions: 96->96
[2026-01-16T09:40:20.988+0000][gc,metaspace] GC(1003) Metaspace: 13150K(13504K)->13150K(13504K) NonClass: 12036K(12160K)->12036K(12160K) Class: 1113K(1344K)->1113K(1344K)
[2026-01-16T09:40:20.988+0000][gc          ] GC(1003) Pause Young (Normal) (G1 Evacuation Pause) 371M->324M(1024M) 52.813ms
[2026-01-16T09:40:20.988+0000][gc,cpu      ] GC(1003) User=0.08s Sys=0.01s Real=0.06s
[2026-01-16T09:40:30.913+0000][gc,start    ] GC(1004) Pause Young (Normal) (G1 Evacuation Pause)
[2026-01-16T09:40:30.914+0000][gc,task     ] GC(1004) Using 8 workers of 8 for evacuation
[2026-01-16T09:40:31.520+0000][gc,mmu      ] GC(1004) MMU target violated: 201.0ms (200.0ms/201.0ms)
[2026-01-16T09:40:31.529+0000][gc,phases   ] GC(1004)   Pre Evacuate Collection Set: 16.9ms
[2026-01-16T09:40:31.532+0000][gc,phases   ] GC(1004)   Merge Heap Roots: 10.7ms
[2026-01-16T09:40:31.535+0000][gc,phases   ] GC(1004)   Evacuate Collection Set: 562.9ms
[2026-01-16T09:40:31.535+0000][gc,phases   ] GC(1004)   Post Evacuate Collection Set: 13.0ms
[2026-01-16T09:40:31.536+0000][gc,phases   ] GC(1004)   Other: 5.8ms
[2026-01-16T09:40:31.536+0000][gc,heap     ] GC(1004) Eden regions: 47->0(48)
[2026-01-16T09:40:31.536+0000][gc,heap     ] GC(1004) Survivor regions: 4->3(7)
[2026-01-16T09:40:31.536+0000][gc,heap     ] GC(1004) Old regions: 225->225
[2026-01-16T09:40:31.536+0000][gc,heap     ] GC(1004) Humongous regions: 96->96
[2026-01-16T09:40:31.536+0000][gc,metaspace] GC(1004) Metaspace: 13152K(13568K)->13152K(13568K) NonClass: 12039K(12224K)->12039K(12224K) Class: 1113K(1344K)->1113K(1344K)
[2026-01-16T09:40:31.536+0000][gc          ] GC(1004) Pause Young (Normal) (G1 Evacuation Pause) 371M->323M(1024M) 623.876ms
[2026-01-16T09:40:31.539+0000][gc,cpu      ] GC(1004) User=0.27s Sys=0.07s Real=0.63s
[2026-01-16T09:40:32.841+0000][gc,start    ] GC(1005) Pause Young (Normal) (G1 Evacuation Pause)
[2026-01-16T09:40:32.844+0000][gc,task     ] GC(1005) Using 8 workers of 8 for evacuation
[2026-01-16T09:40:32.966+0000][gc,phases   ] GC(1005)   Pre Evacuate Collection Set: 5.0ms
[2026-01-16T09:40:32.966+0000][gc,phases   ] GC(1005)   Merge Heap Roots: 5.1ms
[2026-01-16T09:40:32.966+0000][gc,phases   ] GC(1005)   Evacuate Collection Set: 107.6ms
[2026-01-16T09:40:32.966+0000][gc,phases   ] GC(1005)   Post Evacuate Collection Set: 3.0ms
[2026-01-16T09:40:32.966+0000][gc,phases   ] GC(1005)   Other: 1.3ms
[2026-01-16T09:40:32.967+0000][gc,heap     ] GC(1005) Eden regions: 48->0(48)
[2026-01-16T09:40:32.967+0000][gc,heap     ] GC(1005) Survivor regions: 3->3(7)
[2026-01-16T09:40:32.967+0000][gc,heap     ] GC(1005) Old regions: 225->226
[2026-01-16T09:40:32.967+0000][gc,heap     ] GC(1005) Humongous regions: 96->96
[2026-01-16T09:40:32.968+0000][gc,metaspace] GC(1005) Metaspace: 13156K(13568K)->13156K(13568K) NonClass: 12042K(12224K)->12042K(12224K) Class: 1113K(1344K)->1113K(1344K)
[2026-01-16T09:40:32.970+0000][gc          ] GC(1005) Pause Young (Normal) (G1 Evacuation Pause) 371M->324M(1024M) 128.940ms
[2026-01-16T09:40:32.970+0000][gc,cpu      ] GC(1005) User=0.08s Sys=0.02s Real=0.13s
[2026-01-16T09:40:39.443+0000][gc,start    ] GC(1006) Pause Young (Normal) (G1 Evacuation Pause)
[2026-01-16T09:40:39.454+0000][gc,task     ] GC(1006) Using 8 workers of 8 for evacuation
[2026-01-16T09:40:39.678+0000][gc,mmu      ] GC(1006) MMU target violated: 201.0ms (200.0ms/201.0ms)
[2026-01-16T09:40:39.679+0000][gc,phases   ] GC(1006)   Pre Evacuate Collection Set: 39.4ms
[2026-01-16T09:40:39.679+0000][gc,phases   ] GC(1006)   Merge Heap Roots: 14.8ms
[2026-01-16T09:40:39.680+0000][gc,phases   ] GC(1006)   Evacuate Collection Set: 142.6ms
[2026-01-16T09:40:39.681+0000][gc,phases   ] GC(1006)   Post Evacuate Collection Set: 23.3ms
[2026-01-16T09:40:39.682+0000][gc,phases   ] GC(1006)   Other: 4.6ms
[2026-01-16T09:40:39.683+0000][gc,heap     ] GC(1006) Eden regions: 48->0(48)
[2026-01-16T09:40:39.683+0000][gc,heap     ] GC(1006) Survivor regions: 3->3(7)
[2026-01-16T09:40:39.683+0000][gc,heap     ] GC(1006) Old regions: 226->226
[2026-01-16T09:40:39.684+0000][gc,heap     ] GC(1006) Humongous regions: 96->96
[2026-01-16T09:40:39.687+0000][gc,metaspace] GC(1006) Metaspace: 13156K(13568K)->13156K(13568K) NonClass: 12042K(12224K)->12042K(12224K) Class: 1113K(1344K)->1113K(1344K)
[2026-01-16T09:40:39.687+0000][gc          ] GC(1006) Pause Young (Normal) (G1 Evacuation Pause) 372M->323M(1024M) 243.869ms
[2026-01-16T09:40:39.687+0000][gc,cpu      ] GC(1006) User=0.16s Sys=0.03s Real=0.24s
[2026-01-16T09:40:40.746+0000][gc,start    ] GC(1007) Pause Young (Normal) (G1 Evacuation Pause)
[2026-01-16T09:40:40.749+0000][gc,task     ] GC(1007) Using 8 workers of 8 for evacuation
[2026-01-16T09:40:40.787+0000][gc,phases   ] GC(1007)   Pre Evacuate Collection Set: 1.9ms
[2026-01-16T09:40:40.791+0000][gc,phases   ] GC(1007)   Merge Heap Roots: 1.3ms
[2026-01-16T09:40:40.791+0000][gc,phases   ] GC(1007)   Evacuate Collection Set: 33.8ms
[2026-01-16T09:40:40.792+0000][gc,phases   ] GC(1007)   Post Evacuate Collection Set: 0.8ms
[2026-01-16T09:40:40.792+0000][gc,phases   ] GC(1007)   Other: 0.4ms
[2026-01-16T09:40:40.792+0000][gc,heap     ] GC(1007) Eden regions: 48->0(48)
[2026-01-16T09:40:40.792+0000][gc,heap     ] GC(1007) Survivor regions: 3->3(7)
[2026-01-16T09:40:40.794+0000][gc,heap     ] GC(1007) Old regions: 226->226
[2026-01-16T09:40:40.794+0000][gc,heap     ] GC(1007) Humongous regions: 96->96
[2026-01-16T09:40:40.796+0000][gc,metaspace] GC(1007) Metaspace: 13156K(13568K)->13156K(13568K) NonClass: 12042K(12224K)->12042K(12224K) Class: 1113K(1344K)->1113K(1344K)
[2026-01-16T09:40:40.796+0000][gc          ] GC(1007) Pause Young (Normal) (G1 Evacuation Pause) 371M->324M(1024M) 50.404ms
[2026-01-16T09:40:40.797+0000][gc,cpu      ] GC(1007) User=0.05s Sys=0.00s Real=0.05s
[2026-01-16T09:40:41.701+0000][gc,start    ] GC(1008) Pause Young (Normal) (G1 Evacuation Pause)
[2026-01-16T09:40:41.702+0000][gc,task     ] GC(1008) Using 8 workers of 8 for evacuation
[2026-01-16T09:40:41.770+0000][gc,phases   ] GC(1008)   Pre Evacuate Collection Set: 1.7ms
[2026-01-16T09:40:41.771+0000][gc,phases   ] GC(1008)   Merge Heap Roots: 0.8ms
[2026-01-16T09:40:41.771+0000][gc,phases   ] GC(1008)   Evacuate Collection Set: 58.4ms
[2026-01-16T09:40:41.771+0000][gc,phases   ] GC(1008)   Post Evacuate Collection Set: 3.7ms
[2026-01-16T09:40:41.771+0000][gc,phases   ] GC(1008)   Other: 4.2ms
[2026-01-16T09:40:41.772+0000][gc,heap     ] GC(1008) Eden regions: 48->0(48)
[2026-01-16T09:40:41.772+0000][gc,heap     ] GC(1008) Survivor regions: 3->3(7)
[2026-01-16T09:40:41.772+0000][gc,heap     ] GC(1008) Old regions: 226->226
[2026-01-16T09:40:41.773+0000][gc,heap     ] GC(1008) Humongous regions: 96->96
[2026-01-16T09:40:41.774+0000][gc,metaspace] GC(1008) Metaspace: 13156K(13568K)->13156K(13568K) NonClass: 12042K(12224K)->12042K(12224K) Class: 1113K(1344K)->1113K(1344K)
[2026-01-16T09:40:41.774+0000][gc          ] GC(1008) Pause Young (Normal) (G1 Evacuation Pause) 372M->324M(1024M) 73.543ms
[2026-01-16T09:40:41.774+0000][gc,cpu      ] GC(1008) User=0.06s Sys=0.02s Real=0.07s
[2026-01-16T09:40:50.613+0000][gc,start    ] GC(1009) Pause Young (Normal) (G1 Evacuation Pause)
[2026-01-16T09:40:50.614+0000][gc,task     ] GC(1009) Using 8 workers of 8 for evacuation
[2026-01-16T09:40:50.683+0000][gc,phases   ] GC(1009)   Pre Evacuate Collection Set: 10.7ms
[2026-01-16T09:40:50.684+0000][gc,phases   ] GC(1009)   Merge Heap Roots: 5.4ms
[2026-01-16T09:40:50.684+0000][gc,phases   ] GC(1009)   Evacuate Collection Set: 46.7ms
[2026-01-16T09:40:50.684+0000][gc,phases   ] GC(1009)   Post Evacuate Collection Set: 5.5ms
[2026-01-16T09:40:50.684+0000][gc,phases   ] GC(1009)   Other: 1.1ms
[2026-01-16T09:40:50.686+0000][gc,heap     ] GC(1009) Eden regions: 48->0(187)
[2026-01-16T09:40:50.686+0000][gc,heap     ] GC(1009) Survivor regions: 3->2(7)
[2026-01-16T09:40:50.687+0000][gc,heap     ] GC(1009) Old regions: 226->227
[2026-01-16T09:40:50.687+0000][gc,heap     ] GC(1009) Humongous regions: 96->96
[2026-01-16T09:40:50.688+0000][gc,metaspace] GC(1009) Metaspace: 13156K(13568K)->13156K(13568K) NonClass: 12042K(12224K)->12042K(12224K) Class: 1113K(1344K)->1113K(1344K)
[2026-01-16T09:40:50.688+0000][gc          ] GC(1009) Pause Young (Normal) (G1 Evacuation Pause) 372M->324M(1024M) 75.473ms
[2026-01-16T09:40:50.689+0000][gc,cpu      ] GC(1009) User=0.10s Sys=0.01s Real=0.07s
[2026-01-16T09:41:02.790+0000][gc,start    ] GC(1010) Pause Young (Normal) (G1 Evacuation Pause)
[2026-01-16T09:41:02.792+0000][gc,task     ] GC(1010) Using 8 workers of 8 for evacuation
[2026-01-16T09:41:02.994+0000][gc,phases   ] GC(1010)   Pre Evacuate Collection Set: 40.5ms
[2026-01-16T09:41:02.994+0000][gc,phases   ] GC(1010)   Merge Heap Roots: 2.7ms
[2026-01-16T09:41:02.994+0000][gc,phases   ] GC(1010)   Evacuate Collection Set: 126.4ms
[2026-01-16T09:41:02.995+0000][gc,phases   ] GC(1010)   Post Evacuate Collection Set: 29.2ms
[2026-01-16T09:41:03.002+0000][gc,phases   ] GC(1010)   Other: 3.5ms
[2026-01-16T09:41:03.004+0000][gc,heap     ] GC(1010) Eden regions: 140->0(62)
[2026-01-16T09:41:03.004+0000][gc,heap     ] GC(1010) Survivor regions: 2->3(18)
[2026-01-16T09:41:03.004+0000][gc,heap     ] GC(1010) Old regions: 227->227
[2026-01-16T09:41:03.004+0000][gc,heap     ] GC(1010) Humongous regions: 96->96
[2026-01-16T09:41:03.004+0000][gc,metaspace] GC(1010) Metaspace: 13156K(13568K)->13156K(13568K) NonClass: 12042K(12224K)->12042K(12224K) Class: 1113K(1344K)->1113K(1344K)
[2026-01-16T09:41:03.005+0000][gc          ] GC(1010) Pause Young (Normal) (G1 Evacuation Pause) 464M->324M(1024M) 215.019ms
[2026-01-16T09:41:03.007+0000][gc,cpu      ] GC(1010) User=0.22s Sys=0.05s Real=0.22s
[2026-01-16T09:41:10.127+0000][gc,start    ] GC(1011) Pause Young (Normal) (G1 Evacuation Pause)
[2026-01-16T09:41:10.127+0000][gc,task     ] GC(1011) Using 8 workers of 8 for evacuation
[2026-01-16T09:41:10.197+0000][gc,phases   ] GC(1011)   Pre Evacuate Collection Set: 16.7ms
[2026-01-16T09:41:10.197+0000][gc,phases   ] GC(1011)   Merge Heap Roots: 3.3ms
[2026-01-16T09:41:10.198+0000][gc,phases   ] GC(1011)   Evacuate Collection Set: 40.3ms
[2026-01-16T09:41:10.198+0000][gc,phases   ] GC(1011)   Post Evacuate Collection Set: 6.6ms
[2026-01-16T09:41:10.200+0000][gc,phases   ] GC(1011)   Other: 3.0ms
[2026-01-16T09:41:10.200+0000][gc,heap     ] GC(1011) Eden regions: 89->0(228)
[2026-01-16T09:41:10.201+0000][gc,heap     ] GC(1011) Survivor regions: 3->3(12)
[2026-01-16T09:41:10.202+0000][gc,heap     ] GC(1011) Old regions: 227->227
[2026-01-16T09:41:10.202+0000][gc,heap     ] GC(1011) Humongous regions: 96->96
[2026-01-16T09:41:10.202+0000][gc,metaspace] GC(1011) Metaspace: 13156K(13568K)->13156K(13568K) NonClass: 12042K(12224K)->12042K(12224K) Class: 1113K(1344K)->1113K(1344K)
[2026-01-16T09:41:10.203+0000][gc          ] GC(1011) Pause Young (Normal) (G1 Evacuation Pause) 413M->324M(1024M) 76.721ms
[2026-01-16T09:41:10.204+0000][gc,cpu      ] GC(1011) User=0.12s Sys=0.02s Real=0.08s
[2026-01-16T09:41:33.674+0000][gc,start    ] GC(1012) Pause Young (Normal) (G1 Evacuation Pause)
[2026-01-16T09:41:33.681+0000][gc,task     ] GC(1012) Using 8 workers of 8 for evacuation
[2026-01-16T09:41:33.906+0000][gc,mmu      ] GC(1012) MMU target violated: 201.0ms (200.0ms/201.0ms)
[2026-01-16T09:41:33.906+0000][gc,phases   ] GC(1012)   Pre Evacuate Collection Set: 6.1ms
[2026-01-16T09:41:33.913+0000][gc,phases   ] GC(1012)   Merge Heap Roots: 1.3ms
[2026-01-16T09:41:33.913+0000][gc,phases   ] GC(1012)   Evacuate Collection Set: 201.6ms
[2026-01-16T09:41:33.913+0000][gc,phases   ] GC(1012)   Post Evacuate Collection Set: 14.8ms
[2026-01-16T09:41:33.914+0000][gc,phases   ] GC(1012)   Other: 3.3ms
[2026-01-16T09:41:33.918+0000][gc,heap     ] GC(1012) Eden regions: 279->0(47)
[2026-01-16T09:41:33.928+0000][gc,heap     ] GC(1012) Survivor regions: 3->4(36)
[2026-01-16T09:41:33.936+0000][gc,heap     ] GC(1012) Old regions: 227->227
[2026-01-16T09:41:33.936+0000][gc,heap     ] GC(1012) Humongous regions: 96->96
[2026-01-16T09:41:33.938+0000][gc,metaspace] GC(1012) Metaspace: 13156K(13568K)->13156K(13568K) NonClass: 12042K(12224K)->12042K(12224K) Class: 1113K(1344K)->1113K(1344K)
[2026-01-16T09:41:33.946+0000][gc          ] GC(1012) Pause Young (Normal) (G1 Evacuation Pause) 603M->325M(1024M) 271.558ms
[2026-01-16T09:41:33.950+0000][gc,cpu      ] GC(1012) User=0.27s Sys=0.06s Real=0.27s
[2026-01-16T09:41:41.088+0000][gc,start    ] GC(1013) Pause Young (Normal) (G1 Evacuation Pause)
[2026-01-16T09:41:41.092+0000][gc,task     ] GC(1013) Using 8 workers of 8 for evacuation
[2026-01-16T09:41:41.213+0000][gc,phases   ] GC(1013)   Pre Evacuate Collection Set: 8.5ms
[2026-01-16T09:41:41.213+0000][gc,phases   ] GC(1013)   Merge Heap Roots: 1.4ms
[2026-01-16T09:41:41.214+0000][gc,phases   ] GC(1013)   Evacuate Collection Set: 95.5ms
[2026-01-16T09:41:41.214+0000][gc,phases   ] GC(1013)   Post Evacuate Collection Set: 14.6ms
[2026-01-16T09:41:41.215+0000][gc,phases   ] GC(1013)   Other: 1.4ms
[2026-01-16T09:41:41.215+0000][gc,heap     ] GC(1013) Eden regions: 81->0(186)
[2026-01-16T09:41:41.216+0000][gc,heap     ] GC(1013) Survivor regions: 4->3(11)
[2026-01-16T09:41:41.217+0000][gc,heap     ] GC(1013) Old regions: 227->227
[2026-01-16T09:41:41.217+0000][gc,heap     ] GC(1013) Humongous regions: 96->96
[2026-01-16T09:41:41.218+0000][gc,metaspace] GC(1013) Metaspace: 13156K(13568K)->13156K(13568K) NonClass: 12042K(12224K)->12042K(12224K) Class: 1113K(1344K)->1113K(1344K)
[2026-01-16T09:41:41.220+0000][gc          ] GC(1013) Pause Young (Normal) (G1 Evacuation Pause) 406M->325M(1024M) 131.974ms
[2026-01-16T09:41:41.221+0000][gc,cpu      ] GC(1013) User=0.15s Sys=0.02s Real=0.14s
[2026-01-16T09:42:00.525+0000][gc,start    ] GC(1014) Pause Young (Normal) (G1 Evacuation Pause)
[2026-01-16T09:42:00.527+0000][gc,task     ] GC(1014) Using 8 workers of 8 for evacuation
[2026-01-16T09:42:00.603+0000][gc,phases   ] GC(1014)   Pre Evacuate Collection Set: 6.9ms
[2026-01-16T09:42:00.604+0000][gc,phases   ] GC(1014)   Merge Heap Roots: 2.1ms
[2026-01-16T09:42:00.604+0000][gc,phases   ] GC(1014)   Evacuate Collection Set: 51.6ms
[2026-01-16T09:42:00.605+0000][gc,phases   ] GC(1014)   Post Evacuate Collection Set: 14.2ms
[2026-01-16T09:42:00.605+0000][gc,phases   ] GC(1014)   Other: 1.5ms
[2026-01-16T09:42:00.605+0000][gc,heap     ] GC(1014) Eden regions: 206->0(376)
[2026-01-16T09:42:00.605+0000][gc,heap     ] GC(1014) Survivor regions: 3->3(27)
[2026-01-16T09:42:00.606+0000][gc,heap     ] GC(1014) Old regions: 227->227
[2026-01-16T09:42:00.606+0000][gc,heap     ] GC(1014) Humongous regions: 96->96
[2026-01-16T09:42:00.606+0000][gc,metaspace] GC(1014) Metaspace: 13156K(13568K)->13156K(13568K) NonClass: 12042K(12224K)->12042K(12224K) Class: 1113K(1344K)->1113K(1344K)
[2026-01-16T09:42:00.606+0000][gc          ] GC(1014) Pause Young (Normal) (G1 Evacuation Pause) 531M->325M(1024M) 81.415ms
[2026-01-16T09:42:00.607+0000][gc,cpu      ] GC(1014) User=0.26s Sys=0.01s Real=0.08s
[2026-01-16T09:42:31.622+0000][gc,start    ] GC(1015) Pause Young (Normal) (G1 Evacuation Pause)
[2026-01-16T09:42:31.624+0000][gc,task     ] GC(1015) Using 8 workers of 8 for evacuation
[2026-01-16T09:42:31.764+0000][gc,phases   ] GC(1015)   Pre Evacuate Collection Set: 13.4ms
[2026-01-16T09:42:31.764+0000][gc,phases   ] GC(1015)   Merge Heap Roots: 3.3ms
[2026-01-16T09:42:31.764+0000][gc,phases   ] GC(1015)   Evacuate Collection Set: 108.7ms
[2026-01-16T09:42:31.765+0000][gc,phases   ] GC(1015)   Post Evacuate Collection Set: 13.4ms
[2026-01-16T09:42:31.765+0000][gc,phases   ] GC(1015)   Other: 3.0ms
[2026-01-16T09:42:31.765+0000][gc,heap     ] GC(1015) Eden regions: 395->0(275)
[2026-01-16T09:42:31.765+0000][gc,heap     ] GC(1015) Survivor regions: 3->4(50)
[2026-01-16T09:42:31.765+0000][gc,heap     ] GC(1015) Old regions: 227->227
[2026-01-16T09:42:31.765+0000][gc,heap     ] GC(1015) Humongous regions: 96->96
[2026-01-16T09:42:31.766+0000][gc,metaspace] GC(1015) Metaspace: 13156K(13568K)->13156K(13568K) NonClass: 12042K(12224K)->12042K(12224K) Class: 1113K(1344K)->1113K(1344K)
[2026-01-16T09:42:31.766+0000][gc          ] GC(1015) Pause Young (Normal) (G1 Evacuation Pause) 720M->326M(1024M) 144.526ms
[2026-01-16T09:42:31.766+0000][gc,cpu      ] GC(1015) User=0.55s Sys=0.03s Real=0.14s
[2026-01-16T09:43:00.480+0000][gc,start    ] GC(1016) Pause Young (Normal) (G1 Evacuation Pause)
[2026-01-16T09:43:00.482+0000][gc,task     ] GC(1016) Using 8 workers of 8 for evacuation
[2026-01-16T09:43:00.567+0000][gc,phases   ] GC(1016)   Pre Evacuate Collection Set: 3.7ms
[2026-01-16T09:43:00.568+0000][gc,phases   ] GC(1016)   Merge Heap Roots: 1.1ms
[2026-01-16T09:43:00.568+0000][gc,phases   ] GC(1016)   Evacuate Collection Set: 62.5ms
[2026-01-16T09:43:00.568+0000][gc,phases   ] GC(1016)   Post Evacuate Collection Set: 16.2ms
[2026-01-16T09:43:00.569+0000][gc,phases   ] GC(1016)   Other: 0.9ms
[2026-01-16T09:43:00.569+0000][gc,heap     ] GC(1016) Eden regions: 312->0(476)
[2026-01-16T09:43:00.570+0000][gc,heap     ] GC(1016) Survivor regions: 4->4(40)
[2026-01-16T09:43:00.570+0000][gc,heap     ] GC(1016) Old regions: 227->227
[2026-01-16T09:43:00.571+0000][gc,heap     ] GC(1016) Humongous regions: 96->96
[2026-01-16T09:43:00.572+0000][gc,metaspace] GC(1016) Metaspace: 13156K(13568K)->13156K(13568K) NonClass: 12042K(12224K)->12042K(12224K) Class: 1113K(1344K)->1113K(1344K)
[2026-01-16T09:43:00.577+0000][gc          ] GC(1016) Pause Young (Normal) (G1 Evacuation Pause) 638M->326M(1024M) 99.244ms
[2026-01-16T09:43:00.577+0000][gc,cpu      ] GC(1016) User=0.30s Sys=0.03s Real=0.10s
[2026-01-16T09:43:49.285+0000][gc,start    ] GC(1017) Pause Young (Normal) (G1 Evacuation Pause)
[2026-01-16T09:43:49.295+0000][gc,task     ] GC(1017) Using 8 workers of 8 for evacuation
[2026-01-16T09:43:49.953+0000][gc,mmu      ] GC(1017) MMU target violated: 201.0ms (200.0ms/201.0ms)
[2026-01-16T09:43:49.955+0000][gc,phases   ] GC(1017)   Pre Evacuate Collection Set: 29.5ms
[2026-01-16T09:43:49.956+0000][gc,phases   ] GC(1017)   Merge Heap Roots: 24.8ms
[2026-01-16T09:43:49.957+0000][gc,phases   ] GC(1017)   Evacuate Collection Set: 541.5ms
[2026-01-16T09:43:49.958+0000][gc,phases   ] GC(1017)   Post Evacuate Collection Set: 61.4ms
[2026-01-16T09:43:49.961+0000][gc,phases   ] GC(1017)   Other: 3.6ms
[2026-01-16T09:43:49.963+0000][gc,heap     ] GC(1017) Eden regions: 519->0(45)
[2026-01-16T09:43:49.965+0000][gc,heap     ] GC(1017) Survivor regions: 4->6(66)
[2026-01-16T09:43:49.966+0000][gc,heap     ] GC(1017) Old regions: 227->227
[2026-01-16T09:43:49.967+0000][gc,heap     ] GC(1017) Humongous regions: 96->96
[2026-01-16T09:43:49.968+0000][gc,metaspace] GC(1017) Metaspace: 13158K(13568K)->13158K(13568K) NonClass: 12045K(12224K)->12045K(12224K) Class: 1113K(1344K)->1113K(1344K)
[2026-01-16T09:43:49.968+0000][gc          ] GC(1017) Pause Young (Normal) (G1 Evacuation Pause) 845M->328M(1024M) 682.953ms
[2026-01-16T09:43:49.969+0000][gc,cpu      ] GC(1017) User=0.75s Sys=0.14s Real=0.68s
[2026-01-16T09:43:52.082+0000][gc,start    ] GC(1018) Pause Young (Normal) (G1 Evacuation Pause)
[2026-01-16T09:43:52.086+0000][gc,task     ] GC(1018) Using 8 workers of 8 for evacuation
[2026-01-16T09:43:52.225+0000][gc,phases   ] GC(1018)   Pre Evacuate Collection Set: 2.3ms
[2026-01-16T09:43:52.227+0000][gc,phases   ] GC(1018)   Merge Heap Roots: 0.7ms
[2026-01-16T09:43:52.227+0000][gc,phases   ] GC(1018)   Evacuate Collection Set: 130.6ms
[2026-01-16T09:43:52.228+0000][gc,phases   ] GC(1018)   Post Evacuate Collection Set: 4.7ms
[2026-01-16T09:43:52.228+0000][gc,phases   ] GC(1018)   Other: 1.9ms
[2026-01-16T09:43:52.229+0000][gc,heap     ] GC(1018) Eden regions: 45->0(47)
[2026-01-16T09:43:52.229+0000][gc,heap     ] GC(1018) Survivor regions: 6->4(7)
[2026-01-16T09:43:52.229+0000][gc,heap     ] GC(1018) Old regions: 227->229
[2026-01-16T09:43:52.230+0000][gc,heap     ] GC(1018) Humongous regions: 96->96
[2026-01-16T09:43:52.230+0000][gc,metaspace] GC(1018) Metaspace: 13158K(13568K)->13158K(13568K) NonClass: 12045K(12224K)->12045K(12224K) Class: 1113K(1344K)->1113K(1344K)
[2026-01-16T09:43:52.231+0000][gc          ] GC(1018) Pause Young (Normal) (G1 Evacuation Pause) 373M->327M(1024M) 148.623ms
[2026-01-16T09:43:52.231+0000][gc,cpu      ] GC(1018) User=0.15s Sys=0.04s Real=0.15s
[2026-01-16T09:43:52.997+0000][gc,start    ] GC(1019) Pause Young (Normal) (G1 Evacuation Pause)
[2026-01-16T09:43:53.001+0000][gc,task     ] GC(1019) Using 8 workers of 8 for evacuation
[2026-01-16T09:43:53.058+0000][gc,phases   ] GC(1019)   Pre Evacuate Collection Set: 0.7ms
[2026-01-16T09:43:53.059+0000][gc,phases   ] GC(1019)   Merge Heap Roots: 0.5ms
[2026-01-16T09:43:53.059+0000][gc,phases   ] GC(1019)   Evacuate Collection Set: 47.0ms
[2026-01-16T09:43:53.060+0000][gc,phases   ] GC(1019)   Post Evacuate Collection Set: 6.0ms
[2026-01-16T09:43:53.061+0000][gc,phases   ] GC(1019)   Other: 2.7ms
[2026-01-16T09:43:53.064+0000][gc,heap     ] GC(1019) Eden regions: 47->0(47)
[2026-01-16T09:43:53.064+0000][gc,heap     ] GC(1019) Survivor regions: 4->4(7)
[2026-01-16T09:43:53.066+0000][gc,heap     ] GC(1019) Old regions: 229->229
[2026-01-16T09:43:53.066+0000][gc,heap     ] GC(1019) Humongous regions: 96->96
[2026-01-16T09:43:53.067+0000][gc,metaspace] GC(1019) Metaspace: 13158K(13568K)->13158K(13568K) NonClass: 12045K(12224K)->12045K(12224K) Class: 1113K(1344K)->1113K(1344K)
[2026-01-16T09:43:53.067+0000][gc          ] GC(1019) Pause Young (Normal) (G1 Evacuation Pause) 374M->328M(1024M) 70.095ms
[2026-01-16T09:43:53.067+0000][gc,cpu      ] GC(1019) User=0.08s Sys=0.01s Real=0.07s
[2026-01-16T09:43:59.708+0000][gc,start    ] GC(1020) Pause Young (Normal) (G1 Evacuation Pause)
[2026-01-16T09:43:59.713+0000][gc,task     ] GC(1020) Using 8 workers of 8 for evacuation
[2026-01-16T09:43:59.855+0000][gc,phases   ] GC(1020)   Pre Evacuate Collection Set: 15.1ms
[2026-01-16T09:43:59.858+0000][gc,phases   ] GC(1020)   Merge Heap Roots: 4.4ms
[2026-01-16T09:43:59.861+0000][gc,phases   ] GC(1020)   Evacuate Collection Set: 112.0ms
[2026-01-16T09:43:59.861+0000][gc,phases   ] GC(1020)   Post Evacuate Collection Set: 9.0ms
[2026-01-16T09:43:59.861+0000][gc,phases   ] GC(1020)   Other: 3.9ms
[2026-01-16T09:43:59.861+0000][gc,heap     ] GC(1020) Eden regions: 47->0(142)
[2026-01-16T09:43:59.861+0000][gc,heap     ] GC(1020) Survivor regions: 4->3(7)
[2026-01-16T09:43:59.861+0000][gc,heap     ] GC(1020) Old regions: 229->229
[2026-01-16T09:43:59.861+0000][gc,heap     ] GC(1020) Humongous regions: 96->96
[2026-01-16T09:43:59.862+0000][gc,metaspace] GC(1020) Metaspace: 13158K(13568K)->13158K(13568K) NonClass: 12045K(12224K)->12045K(12224K) Class: 1113K(1344K)->1113K(1344K)
[2026-01-16T09:43:59.862+0000][gc          ] GC(1020) Pause Young (Normal) (G1 Evacuation Pause) 375M->327M(1024M) 154.196ms
[2026-01-16T09:43:59.862+0000][gc,cpu      ] GC(1020) User=0.23s Sys=0.03s Real=0.16s
[2026-01-16T09:44:13.750+0000][gc,start    ] GC(1021) Pause Young (Normal) (G1 Evacuation Pause)
[2026-01-16T09:44:13.752+0000][gc,task     ] GC(1021) Using 8 workers of 8 for evacuation
[2026-01-16T09:44:14.473+0000][gc,mmu      ] GC(1021) MMU target violated: 201.0ms (200.0ms/201.0ms)
[2026-01-16T09:44:14.475+0000][gc,phases   ] GC(1021)   Pre Evacuate Collection Set: 18.5ms
[2026-01-16T09:44:14.476+0000][gc,phases   ] GC(1021)   Merge Heap Roots: 20.4ms
[2026-01-16T09:44:14.477+0000][gc,phases   ] GC(1021)   Evacuate Collection Set: 605.1ms
[2026-01-16T09:44:14.477+0000][gc,phases   ] GC(1021)   Post Evacuate Collection Set: 75.1ms
[2026-01-16T09:44:14.478+0000][gc,phases   ] GC(1021)   Other: 3.4ms
[2026-01-16T09:44:14.478+0000][gc,heap     ] GC(1021) Eden regions: 178->0(46)
[2026-01-16T09:44:14.480+0000][gc,heap     ] GC(1021) Survivor regions: 3->5(23)
[2026-01-16T09:44:14.484+0000][gc,heap     ] GC(1021) Old regions: 229->229
[2026-01-16T09:44:14.485+0000][gc,heap     ] GC(1021) Humongous regions: 96->96
[2026-01-16T09:44:14.485+0000][gc,metaspace] GC(1021) Metaspace: 13158K(13568K)->13158K(13568K) NonClass: 12045K(12224K)->12045K(12224K) Class: 1113K(1344K)->1113K(1344K)
[2026-01-16T09:44:14.486+0000][gc          ] GC(1021) Pause Young (Normal) (G1 Evacuation Pause) 505M->328M(1024M) 736.290ms
[2026-01-16T09:44:14.487+0000][gc,cpu      ] GC(1021) User=0.43s Sys=0.06s Real=0.74s
[2026-01-16T09:44:20.313+0000][gc,start    ] GC(1022) Pause Young (Normal) (G1 Evacuation Pause)
[2026-01-16T09:44:20.319+0000][gc,task     ] GC(1022) Using 8 workers of 8 for evacuation
[2026-01-16T09:44:20.620+0000][gc,mmu      ] GC(1022) MMU target violated: 201.0ms (200.0ms/201.0ms)
[2026-01-16T09:44:20.622+0000][gc,phases   ] GC(1022)   Pre Evacuate Collection Set: 28.4ms
[2026-01-16T09:44:20.623+0000][gc,phases   ] GC(1022)   Merge Heap Roots: 7.8ms
[2026-01-16T09:44:20.623+0000][gc,phases   ] GC(1022)   Evacuate Collection Set: 207.0ms
[2026-01-16T09:44:20.623+0000][gc,phases   ] GC(1022)   Post Evacuate Collection Set: 50.7ms
[2026-01-16T09:44:20.624+0000][gc,phases   ] GC(1022)   Other: 9.3ms
[2026-01-16T09:44:20.624+0000][gc,heap     ] GC(1022) Eden regions: 46->0(48)
[2026-01-16T09:44:20.624+0000][gc,heap     ] GC(1022) Survivor regions: 5->3(7)
[2026-01-16T09:44:20.625+0000][gc,heap     ] GC(1022) Old regions: 229->230
[2026-01-16T09:44:20.626+0000][gc,heap     ] GC(1022) Humongous regions: 96->96
[2026-01-16T09:44:20.626+0000][gc,metaspace] GC(1022) Metaspace: 13158K(13568K)->13158K(13568K) NonClass: 12045K(12224K)->12045K(12224K) Class: 1113K(1344K)->1113K(1344K)
[2026-01-16T09:44:20.627+0000][gc          ] GC(1022) Pause Young (Normal) (G1 Evacuation Pause) 374M->327M(1024M) 313.968ms
[2026-01-16T09:44:20.628+0000][gc,cpu      ] GC(1022) User=0.29s Sys=0.02s Real=0.32s
[2026-01-16T09:44:21.884+0000][gc,start    ] GC(1023) Pause Young (Normal) (G1 Evacuation Pause)
[2026-01-16T09:44:21.885+0000][gc,task     ] GC(1023) Using 8 workers of 8 for evacuation
[2026-01-16T09:44:22.015+0000][gc,phases   ] GC(1023)   Pre Evacuate Collection Set: 6.5ms
[2026-01-16T09:44:22.017+0000][gc,phases   ] GC(1023)   Merge Heap Roots: 0.5ms
[2026-01-16T09:44:22.018+0000][gc,phases   ] GC(1023)   Evacuate Collection Set: 110.0ms
[2026-01-16T09:44:22.020+0000][gc,phases   ] GC(1023)   Post Evacuate Collection Set: 11.5ms
[2026-01-16T09:44:22.022+0000][gc,phases   ] GC(1023)   Other: 0.7ms
[2026-01-16T09:44:22.023+0000][gc,heap     ] GC(1023) Eden regions: 48->0(47)
[2026-01-16T09:44:22.023+0000][gc,heap     ] GC(1023) Survivor regions: 3->4(7)
[2026-01-16T09:44:22.023+0000][gc,heap     ] GC(1023) Old regions: 230->230
[2026-01-16T09:44:22.024+0000][gc,heap     ] GC(1023) Humongous regions: 96->96
[2026-01-16T09:44:22.024+0000][gc,metaspace] GC(1023) Metaspace: 13158K(13568K)->13158K(13568K) NonClass: 12045K(12224K)->12045K(12224K) Class: 1113K(1344K)->1113K(1344K)
[2026-01-16T09:44:22.024+0000][gc          ] GC(1023) Pause Young (Normal) (G1 Evacuation Pause) 375M->328M(1024M) 139.717ms
[2026-01-16T09:44:22.024+0000][gc,cpu      ] GC(1023) User=0.08s Sys=0.01s Real=0.14s
[2026-01-16T09:44:22.574+0000][gc,start    ] GC(1024) Pause Young (Normal) (G1 Evacuation Pause)
[2026-01-16T09:44:22.576+0000][gc,task     ] GC(1024) Using 8 workers of 8 for evacuation
[2026-01-16T09:44:22.673+0000][gc,phases   ] GC(1024)   Pre Evacuate Collection Set: 0.8ms
[2026-01-16T09:44:22.675+0000][gc,phases   ] GC(1024)   Merge Heap Roots: 4.9ms
[2026-01-16T09:44:22.676+0000][gc,phases   ] GC(1024)   Evacuate Collection Set: 87.7ms
[2026-01-16T09:44:22.680+0000][gc,phases   ] GC(1024)   Post Evacuate Collection Set: 0.8ms
[2026-01-16T09:44:22.680+0000][gc,phases   ] GC(1024)   Other: 3.1ms
[2026-01-16T09:44:22.680+0000][gc,heap     ] GC(1024) Eden regions: 47->0(47)
[2026-01-16T09:44:22.680+0000][gc,heap     ] GC(1024) Survivor regions: 4->4(7)
[2026-01-16T09:44:22.680+0000][gc,heap     ] GC(1024) Old regions: 230->230
[2026-01-16T09:44:22.680+0000][gc,heap     ] GC(1024) Humongous regions: 96->96
[2026-01-16T09:44:22.680+0000][gc,metaspace] GC(1024) Metaspace: 13158K(13568K)->13158K(13568K) NonClass: 12045K(12224K)->12045K(12224K) Class: 1113K(1344K)->1113K(1344K)
[2026-01-16T09:44:22.680+0000][gc          ] GC(1024) Pause Young (Normal) (G1 Evacuation Pause) 375M->328M(1024M) 105.816ms
[2026-01-16T09:44:22.680+0000][gc,cpu      ] GC(1024) User=0.05s Sys=0.00s Real=0.10s
[2026-01-16T09:44:30.109+0000][gc,start    ] GC(1025) Pause Young (Normal) (G1 Evacuation Pause)
[2026-01-16T09:44:30.112+0000][gc,task     ] GC(1025) Using 8 workers of 8 for evacuation
[2026-01-16T09:44:30.193+0000][gc,phases   ] GC(1025)   Pre Evacuate Collection Set: 10.0ms
[2026-01-16T09:44:30.193+0000][gc,phases   ] GC(1025)   Merge Heap Roots: 0.7ms
[2026-01-16T09:44:30.194+0000][gc,phases   ] GC(1025)   Evacuate Collection Set: 57.8ms
[2026-01-16T09:44:30.195+0000][gc,phases   ] GC(1025)   Post Evacuate Collection Set: 9.4ms
[2026-01-16T09:44:30.195+0000][gc,phases   ] GC(1025)   Other: 3.9ms
[2026-01-16T09:44:30.195+0000][gc,heap     ] GC(1025) Eden regions: 47->0(69)
[2026-01-16T09:44:30.195+0000][gc,heap     ] GC(1025) Survivor regions: 4->3(7)
[2026-01-16T09:44:30.195+0000][gc,heap     ] GC(1025) Old regions: 230->230
[2026-01-16T09:44:30.196+0000][gc,heap     ] GC(1025) Humongous regions: 96->96
[2026-01-16T09:44:30.196+0000][gc,metaspace] GC(1025) Metaspace: 13158K(13568K)->13158K(13568K) NonClass: 12045K(12224K)->12045K(12224K) Class: 1113K(1344K)->1113K(1344K)
[2026-01-16T09:44:30.196+0000][gc          ] GC(1025) Pause Young (Normal) (G1 Evacuation Pause) 375M->328M(1024M) 87.675ms
[2026-01-16T09:44:30.196+0000][gc,cpu      ] GC(1025) User=0.14s Sys=0.01s Real=0.09s
[2026-01-16T09:44:40.291+0000][gc,start    ] GC(1026) Pause Young (Normal) (G1 Evacuation Pause)
[2026-01-16T09:44:40.305+0000][gc,task     ] GC(1026) Using 8 workers of 8 for evacuation
[2026-01-16T09:44:40.677+0000][gc,mmu      ] GC(1026) MMU target violated: 201.0ms (200.0ms/201.0ms)
[2026-01-16T09:44:40.678+0000][gc,phases   ] GC(1026)   Pre Evacuate Collection Set: 65.4ms
[2026-01-16T09:44:40.678+0000][gc,phases   ] GC(1026)   Merge Heap Roots: 14.6ms
[2026-01-16T09:44:40.679+0000][gc,phases   ] GC(1026)   Evacuate Collection Set: 269.7ms
[2026-01-16T09:44:40.679+0000][gc,phases   ] GC(1026)   Post Evacuate Collection Set: 17.7ms
[2026-01-16T09:44:40.679+0000][gc,phases   ] GC(1026)   Other: 5.9ms
[2026-01-16T09:44:40.680+0000][gc,heap     ] GC(1026) Eden regions: 91->0(48)
[2026-01-16T09:44:40.680+0000][gc,heap     ] GC(1026) Survivor regions: 3->3(12)
[2026-01-16T09:44:40.680+0000][gc,heap     ] GC(1026) Old regions: 230->230
[2026-01-16T09:44:40.680+0000][gc,heap     ] GC(1026) Humongous regions: 96->96
[2026-01-16T09:44:40.681+0000][gc,metaspace] GC(1026) Metaspace: 13158K(13568K)->13158K(13568K) NonClass: 12045K(12224K)->12045K(12224K) Class: 1113K(1344K)->1113K(1344K)
[2026-01-16T09:44:40.681+0000][gc          ] GC(1026) Pause Young (Normal) (G1 Evacuation Pause) 419M->327M(1024M) 390.544ms
[2026-01-16T09:44:40.683+0000][gc,cpu      ] GC(1026) User=0.24s Sys=0.01s Real=0.40s
[2026-01-16T09:44:42.166+0000][gc,start    ] GC(1027) Pause Young (Normal) (G1 Evacuation Pause)
[2026-01-16T09:44:42.170+0000][gc,task     ] GC(1027) Using 8 workers of 8 for evacuation
[2026-01-16T09:44:42.251+0000][gc,phases   ] GC(1027)   Pre Evacuate Collection Set: 9.5ms
[2026-01-16T09:44:42.252+0000][gc,phases   ] GC(1027)   Merge Heap Roots: 2.7ms
[2026-01-16T09:44:42.252+0000][gc,phases   ] GC(1027)   Evacuate Collection Set: 64.8ms
[2026-01-16T09:44:42.252+0000][gc,phases   ] GC(1027)   Post Evacuate Collection Set: 3.9ms
[2026-01-16T09:44:42.253+0000][gc,phases   ] GC(1027)   Other: 0.5ms
[2026-01-16T09:44:42.253+0000][gc,heap     ] GC(1027) Eden regions: 48->0(47)
[2026-01-16T09:44:42.253+0000][gc,heap     ] GC(1027) Survivor regions: 3->4(7)
[2026-01-16T09:44:42.253+0000][gc,heap     ] GC(1027) Old regions: 230->230
[2026-01-16T09:44:42.254+0000][gc,heap     ] GC(1027) Humongous regions: 96->96
[2026-01-16T09:44:42.254+0000][gc,metaspace] GC(1027) Metaspace: 13158K(13568K)->13158K(13568K) NonClass: 12045K(12224K)->12045K(12224K) Class: 1113K(1344K)->1113K(1344K)
[2026-01-16T09:44:42.254+0000][gc          ] GC(1027) Pause Young (Normal) (G1 Evacuation Pause) 375M->328M(1024M) 88.521ms
[2026-01-16T09:44:42.254+0000][gc,cpu      ] GC(1027) User=0.11s Sys=0.02s Real=0.09s
[2026-01-16T09:44:44.314+0000][gc,start    ] GC(1028) Pause Young (Normal) (G1 Evacuation Pause)
[2026-01-16T09:44:44.315+0000][gc,task     ] GC(1028) Using 8 workers of 8 for evacuation
[2026-01-16T09:44:44.448+0000][gc,phases   ] GC(1028)   Pre Evacuate Collection Set: 16.3ms
[2026-01-16T09:44:44.449+0000][gc,phases   ] GC(1028)   Merge Heap Roots: 0.4ms
[2026-01-16T09:44:44.449+0000][gc,phases   ] GC(1028)   Evacuate Collection Set: 103.2ms
[2026-01-16T09:44:44.450+0000][gc,phases   ] GC(1028)   Post Evacuate Collection Set: 12.3ms
[2026-01-16T09:44:44.450+0000][gc,phases   ] GC(1028)   Other: 0.7ms
[2026-01-16T09:44:44.451+0000][gc,heap     ] GC(1028) Eden regions: 47->0(97)
[2026-01-16T09:44:44.467+0000][gc,heap     ] GC(1028) Survivor regions: 4->3(7)
[2026-01-16T09:44:44.469+0000][gc,heap     ] GC(1028) Old regions: 230->230
[2026-01-16T09:44:44.472+0000][gc,heap     ] GC(1028) Humongous regions: 96->96
[2026-01-16T09:44:44.472+0000][gc,metaspace] GC(1028) Metaspace: 13158K(13568K)->13158K(13568K) NonClass: 12045K(12224K)->12045K(12224K) Class: 1113K(1344K)->1113K(1344K)
[2026-01-16T09:44:44.476+0000][gc          ] GC(1028) Pause Young (Normal) (G1 Evacuation Pause) 375M->327M(1024M) 164.195ms
[2026-01-16T09:44:44.478+0000][gc,cpu      ] GC(1028) User=0.17s Sys=0.02s Real=0.17s
[2026-01-16T09:44:59.443+0000][gc,start    ] GC(1029) Pause Young (Normal) (G1 Evacuation Pause)
[2026-01-16T09:44:59.445+0000][gc,task     ] GC(1029) Using 8 workers of 8 for evacuation
[2026-01-16T09:44:59.733+0000][gc,mmu      ] GC(1029) MMU target violated: 201.0ms (200.0ms/201.0ms)
[2026-01-16T09:44:59.735+0000][gc,phases   ] GC(1029)   Pre Evacuate Collection Set: 18.8ms
[2026-01-16T09:44:59.739+0000][gc,phases   ] GC(1029)   Merge Heap Roots: 17.4ms
[2026-01-16T09:44:59.739+0000][gc,phases   ] GC(1029)   Evacuate Collection Set: 231.9ms
[2026-01-16T09:44:59.746+0000][gc,phases   ] GC(1029)   Post Evacuate Collection Set: 18.0ms
[2026-01-16T09:44:59.753+0000][gc,phases   ] GC(1029)   Other: 3.6ms
[2026-01-16T09:44:59.753+0000][gc,heap     ] GC(1029) Eden regions: 123->0(48)
[2026-01-16T09:44:59.754+0000][gc,heap     ] GC(1029) Survivor regions: 3->3(16)
[2026-01-16T09:44:59.754+0000][gc,heap     ] GC(1029) Old regions: 230->230
[2026-01-16T09:44:59.754+0000][gc,heap     ] GC(1029) Humongous regions: 96->96
[2026-01-16T09:44:59.754+0000][gc,metaspace] GC(1029) Metaspace: 13159K(13568K)->13159K(13568K) NonClass: 12045K(12224K)->12045K(12224K) Class: 1113K(1344K)->1113K(1344K)
[2026-01-16T09:44:59.755+0000][gc          ] GC(1029) Pause Young (Normal) (G1 Evacuation Pause) 450M->328M(1024M) 311.506ms
[2026-01-16T09:44:59.762+0000][gc,cpu      ] GC(1029) User=0.32s Sys=0.02s Real=0.32s
[2026-01-16T09:45:01.810+0000][gc,start    ] GC(1030) Pause Young (Normal) (G1 Evacuation Pause)
[2026-01-16T09:45:01.812+0000][gc,task     ] GC(1030) Using 8 workers of 8 for evacuation
[2026-01-16T09:45:01.971+0000][gc,phases   ] GC(1030)   Pre Evacuate Collection Set: 6.8ms
[2026-01-16T09:45:01.972+0000][gc,phases   ] GC(1030)   Merge Heap Roots: 0.5ms
[2026-01-16T09:45:01.973+0000][gc,phases   ] GC(1030)   Evacuate Collection Set: 146.8ms
[2026-01-16T09:45:01.974+0000][gc,phases   ] GC(1030)   Post Evacuate Collection Set: 4.5ms
[2026-01-16T09:45:01.974+0000][gc,phases   ] GC(1030)   Other: 1.0ms
[2026-01-16T09:45:01.975+0000][gc,heap     ] GC(1030) Eden regions: 51->0(47)
[2026-01-16T09:45:01.975+0000][gc,heap     ] GC(1030) Survivor regions: 3->4(7)
[2026-01-16T09:45:01.975+0000][gc,heap     ] GC(1030) Old regions: 230->230
[2026-01-16T09:45:01.980+0000][gc,heap     ] GC(1030) Humongous regions: 96->96
[2026-01-16T09:45:01.981+0000][gc,metaspace] GC(1030) Metaspace: 13159K(13568K)->13159K(13568K) NonClass: 12045K(12224K)->12045K(12224K) Class: 1113K(1344K)->1113K(1344K)
[2026-01-16T09:45:01.982+0000][gc          ] GC(1030) Pause Young (Normal) (G1 Evacuation Pause) 379M->329M(1024M) 172.443ms
[2026-01-16T09:45:01.982+0000][gc,cpu      ] GC(1030) User=0.12s Sys=0.01s Real=0.17s
[2026-01-16T09:45:02.633+0000][gc,start    ] GC(1031) Pause Young (Normal) (G1 Evacuation Pause)
[2026-01-16T09:45:02.636+0000][gc,task     ] GC(1031) Using 8 workers of 8 for evacuation
[2026-01-16T09:45:02.775+0000][gc,phases   ] GC(1031)   Pre Evacuate Collection Set: 6.4ms
[2026-01-16T09:45:02.778+0000][gc,phases   ] GC(1031)   Merge Heap Roots: 0.7ms
[2026-01-16T09:45:02.783+0000][gc,phases   ] GC(1031)   Evacuate Collection Set: 112.2ms
[2026-01-16T09:45:02.783+0000][gc,phases   ] GC(1031)   Post Evacuate Collection Set: 15.2ms
[2026-01-16T09:45:02.784+0000][gc,phases   ] GC(1031)   Other: 2.8ms
[2026-01-16T09:45:02.785+0000][gc,heap     ] GC(1031) Eden regions: 47->0(47)
[2026-01-16T09:45:02.785+0000][gc,heap     ] GC(1031) Survivor regions: 4->4(7)
[2026-01-16T09:45:02.785+0000][gc,heap     ] GC(1031) Old regions: 230->230
[2026-01-16T09:45:02.786+0000][gc,heap     ] GC(1031) Humongous regions: 96->96
[2026-01-16T09:45:02.787+0000][gc,metaspace] GC(1031) Metaspace: 13159K(13568K)->13159K(13568K) NonClass: 12045K(12224K)->12045K(12224K) Class: 1113K(1344K)->1113K(1344K)
[2026-01-16T09:45:02.795+0000][gc          ] GC(1031) Pause Young (Normal) (G1 Evacuation Pause) 376M->329M(1024M) 162.095ms
[2026-01-16T09:45:02.795+0000][gc,cpu      ] GC(1031) User=0.07s Sys=0.04s Real=0.16s
[2026-01-16T09:45:12.006+0000][gc,start    ] GC(1032) Pause Young (Normal) (G1 Evacuation Pause)
[2026-01-16T09:45:12.008+0000][gc,task     ] GC(1032) Using 8 workers of 8 for evacuation
[2026-01-16T09:45:12.359+0000][gc,mmu      ] GC(1032) MMU target violated: 201.0ms (200.0ms/201.0ms)
[2026-01-16T09:45:12.360+0000][gc,phases   ] GC(1032)   Pre Evacuate Collection Set: 27.6ms
[2026-01-16T09:45:12.360+0000][gc,phases   ] GC(1032)   Merge Heap Roots: 15.2ms
[2026-01-16T09:45:12.360+0000][gc,phases   ] GC(1032)   Evacuate Collection Set: 300.6ms
[2026-01-16T09:45:12.360+0000][gc,phases   ] GC(1032)   Post Evacuate Collection Set: 6.5ms
[2026-01-16T09:45:12.360+0000][gc,phases   ] GC(1032)   Other: 1.6ms
[2026-01-16T09:45:12.360+0000][gc,heap     ] GC(1032) Eden regions: 47->0(48)
[2026-01-16T09:45:12.360+0000][gc,heap     ] GC(1032) Survivor regions: 4->3(7)
[2026-01-16T09:45:12.360+0000][gc,heap     ] GC(1032) Old regions: 230->231
[2026-01-16T09:45:12.360+0000][gc,heap     ] GC(1032) Humongous regions: 96->96
[2026-01-16T09:45:12.364+0000][gc,metaspace] GC(1032) Metaspace: 13159K(13568K)->13159K(13568K) NonClass: 12045K(12224K)->12045K(12224K) Class: 1113K(1344K)->1113K(1344K)
[2026-01-16T09:45:12.364+0000][gc          ] GC(1032) Pause Young (Normal) (G1 Evacuation Pause) 376M->329M(1024M) 361.839ms
[2026-01-16T09:45:12.365+0000][gc,cpu      ] GC(1032) User=0.23s Sys=0.04s Real=0.37s
[2026-01-16T09:45:13.194+0000][gc,start    ] GC(1033) Pause Young (Normal) (G1 Evacuation Pause)
[2026-01-16T09:45:13.195+0000][gc,task     ] GC(1033) Using 8 workers of 8 for evacuation
[2026-01-16T09:45:13.324+0000][gc,phases   ] GC(1033)   Pre Evacuate Collection Set: 0.5ms
[2026-01-16T09:45:13.330+0000][gc,phases   ] GC(1033)   Merge Heap Roots: 0.2ms
[2026-01-16T09:45:13.332+0000][gc,phases   ] GC(1033)   Evacuate Collection Set: 112.4ms
[2026-01-16T09:45:13.332+0000][gc,phases   ] GC(1033)   Post Evacuate Collection Set: 4.5ms
[2026-01-16T09:45:13.332+0000][gc,phases   ] GC(1033)   Other: 11.3ms
[2026-01-16T09:45:13.336+0000][gc,heap     ] GC(1033) Eden regions: 48->0(48)
[2026-01-16T09:45:13.337+0000][gc,heap     ] GC(1033) Survivor regions: 3->3(7)
[2026-01-16T09:45:13.337+0000][gc,heap     ] GC(1033) Old regions: 231->231
[2026-01-16T09:45:13.337+0000][gc,heap     ] GC(1033) Humongous regions: 96->96
[2026-01-16T09:45:13.337+0000][gc,metaspace] GC(1033) Metaspace: 13159K(13568K)->13159K(13568K) NonClass: 12045K(12224K)->12045K(12224K) Class: 1113K(1344K)->1113K(1344K)
[2026-01-16T09:45:13.337+0000][gc          ] GC(1033) Pause Young (Normal) (G1 Evacuation Pause) 377M->329M(1024M) 142.927ms
[2026-01-16T09:45:13.337+0000][gc,cpu      ] GC(1033) User=0.06s Sys=0.02s Real=0.14s
[2026-01-16T09:45:20.542+0000][gc,start    ] GC(1034) Pause Young (Normal) (G1 Evacuation Pause)
[2026-01-16T09:45:20.544+0000][gc,task     ] GC(1034) Using 8 workers of 8 for evacuation
[2026-01-16T09:45:20.686+0000][gc,phases   ] GC(1034)   Pre Evacuate Collection Set: 13.2ms
[2026-01-16T09:45:20.687+0000][gc,phases   ] GC(1034)   Merge Heap Roots: 3.7ms
[2026-01-16T09:45:20.688+0000][gc,phases   ] GC(1034)   Evacuate Collection Set: 106.7ms
[2026-01-16T09:45:20.689+0000][gc,phases   ] GC(1034)   Post Evacuate Collection Set: 17.5ms
[2026-01-16T09:45:20.690+0000][gc,phases   ] GC(1034)   Other: 0.7ms
[2026-01-16T09:45:20.690+0000][gc,heap     ] GC(1034) Eden regions: 54->0(99)
[2026-01-16T09:45:20.691+0000][gc,heap     ] GC(1034) Survivor regions: 3->3(8)
[2026-01-16T09:45:20.691+0000][gc,heap     ] GC(1034) Old regions: 231->231
[2026-01-16T09:45:20.692+0000][gc,heap     ] GC(1034) Humongous regions: 96->96
[2026-01-16T09:45:20.692+0000][gc,metaspace] GC(1034) Metaspace: 13159K(13568K)->13159K(13568K) NonClass: 12045K(12224K)->12045K(12224K) Class: 1113K(1344K)->1113K(1344K)
[2026-01-16T09:45:20.693+0000][gc          ] GC(1034) Pause Young (Normal) (G1 Evacuation Pause) 383M->329M(1024M) 151.115ms
[2026-01-16T09:45:20.699+0000][gc,cpu      ] GC(1034) User=0.19s Sys=0.01s Real=0.15s
[2026-01-16T09:45:30.977+0000][gc,start    ] GC(1035) Pause Young (Normal) (G1 Evacuation Pause)
[2026-01-16T09:45:30.978+0000][gc,task     ] GC(1035) Using 8 workers of 8 for evacuation
[2026-01-16T09:45:31.148+0000][gc,phases   ] GC(1035)   Pre Evacuate Collection Set: 19.4ms
[2026-01-16T09:45:31.148+0000][gc,phases   ] GC(1035)   Merge Heap Roots: 2.3ms
[2026-01-16T09:45:31.149+0000][gc,phases   ] GC(1035)   Evacuate Collection Set: 139.4ms
[2026-01-16T09:45:31.149+0000][gc,phases   ] GC(1035)   Post Evacuate Collection Set: 7.7ms
[2026-01-16T09:45:31.149+0000][gc,phases   ] GC(1035)   Other: 1.4ms
[2026-01-16T09:45:31.149+0000][gc,heap     ] GC(1035) Eden regions: 155->0(143)
[2026-01-16T09:45:31.149+0000][gc,heap     ] GC(1035) Survivor regions: 3->3(20)
[2026-01-16T09:45:31.150+0000][gc,heap     ] GC(1035) Old regions: 231->231
[2026-01-16T09:45:31.150+0000][gc,heap     ] GC(1035) Humongous regions: 96->96
[2026-01-16T09:45:31.150+0000][gc,metaspace] GC(1035) Metaspace: 13159K(13568K)->13159K(13568K) NonClass: 12045K(12224K)->12045K(12224K) Class: 1113K(1344K)->1113K(1344K)
[2026-01-16T09:45:31.151+0000][gc          ] GC(1035) Pause Young (Normal) (G1 Evacuation Pause) 484M->329M(1024M) 173.929ms
[2026-01-16T09:45:31.151+0000][gc,cpu      ] GC(1035) User=0.31s Sys=0.02s Real=0.17s
[2026-01-16T09:45:49.971+0000][gc,start    ] GC(1036) Pause Young (Normal) (G1 Evacuation Pause)
[2026-01-16T09:45:49.973+0000][gc,task     ] GC(1036) Using 8 workers of 8 for evacuation
[2026-01-16T09:45:50.172+0000][gc,phases   ] GC(1036)   Pre Evacuate Collection Set: 14.7ms
[2026-01-16T09:45:50.173+0000][gc,phases   ] GC(1036)   Merge Heap Roots: 6.9ms
[2026-01-16T09:45:50.174+0000][gc,phases   ] GC(1036)   Evacuate Collection Set: 152.9ms
[2026-01-16T09:45:50.175+0000][gc,phases   ] GC(1036)   Post Evacuate Collection Set: 22.8ms
[2026-01-16T09:45:50.175+0000][gc,phases   ] GC(1036)   Other: 3.3ms
[2026-01-16T09:45:50.175+0000][gc,heap     ] GC(1036) Eden regions: 180->0(135)
[2026-01-16T09:45:50.176+0000][gc,heap     ] GC(1036) Survivor regions: 3->3(23)
[2026-01-16T09:45:50.176+0000][gc,heap     ] GC(1036) Old regions: 231->232
[2026-01-16T09:45:50.176+0000][gc,heap     ] GC(1036) Humongous regions: 96->96
[2026-01-16T09:45:50.176+0000][gc,metaspace] GC(1036) Metaspace: 13159K(13568K)->13159K(13568K) NonClass: 12045K(12224K)->12045K(12224K) Class: 1113K(1344K)->1113K(1344K)
[2026-01-16T09:45:50.176+0000][gc          ] GC(1036) Pause Young (Normal) (G1 Evacuation Pause) 509M->329M(1024M) 205.713ms
[2026-01-16T09:45:50.176+0000][gc,cpu      ] GC(1036) User=0.42s Sys=0.07s Real=0.20s
[2026-01-16T09:46:03.412+0000][gc,start    ] GC(1037) Pause Young (Normal) (G1 Evacuation Pause)
[2026-01-16T09:46:03.418+0000][gc,task     ] GC(1037) Using 8 workers of 8 for evacuation
[2026-01-16T09:46:03.668+0000][gc,mmu      ] GC(1037) MMU target violated: 201.0ms (200.0ms/201.0ms)
[2026-01-16T09:46:03.669+0000][gc,phases   ] GC(1037)   Pre Evacuate Collection Set: 25.4ms
[2026-01-16T09:46:03.670+0000][gc,phases   ] GC(1037)   Merge Heap Roots: 13.1ms
[2026-01-16T09:46:03.671+0000][gc,phases   ] GC(1037)   Evacuate Collection Set: 186.9ms
[2026-01-16T09:46:03.671+0000][gc,phases   ] GC(1037)   Post Evacuate Collection Set: 24.0ms
[2026-01-16T09:46:03.672+0000][gc,phases   ] GC(1037)   Other: 1.9ms
[2026-01-16T09:46:03.672+0000][gc,heap     ] GC(1037) Eden regions: 187->0(47)
[2026-01-16T09:46:03.673+0000][gc,heap     ] GC(1037) Survivor regions: 3->4(24)
[2026-01-16T09:46:03.673+0000][gc,heap     ] GC(1037) Old regions: 232->232
[2026-01-16T09:46:03.676+0000][gc,heap     ] GC(1037) Humongous regions: 96->96
[2026-01-16T09:46:03.677+0000][gc,metaspace] GC(1037) Metaspace: 13159K(13568K)->13159K(13568K) NonClass: 12045K(12224K)->12045K(12224K) Class: 1113K(1344K)->1113K(1344K)
[2026-01-16T09:46:03.678+0000][gc          ] GC(1037) Pause Young (Normal) (G1 Evacuation Pause) 516M->330M(1024M) 266.089ms
[2026-01-16T09:46:03.680+0000][gc,cpu      ] GC(1037) User=0.33s Sys=0.03s Real=0.27s
[2026-01-16T09:46:09.420+0000][gc,start    ] GC(1038) Pause Young (Normal) (G1 Evacuation Pause)
[2026-01-16T09:46:09.421+0000][gc,task     ] GC(1038) Using 8 workers of 8 for evacuation
[2026-01-16T09:46:09.513+0000][gc,phases   ] GC(1038)   Pre Evacuate Collection Set: 5.4ms
[2026-01-16T09:46:09.513+0000][gc,phases   ] GC(1038)   Merge Heap Roots: 2.3ms
[2026-01-16T09:46:09.514+0000][gc,phases   ] GC(1038)   Evacuate Collection Set: 71.7ms
[2026-01-16T09:46:09.514+0000][gc,phases   ] GC(1038)   Post Evacuate Collection Set: 12.6ms
[2026-01-16T09:46:09.515+0000][gc,phases   ] GC(1038)   Other: 0.5ms
[2026-01-16T09:46:09.516+0000][gc,heap     ] GC(1038) Eden regions: 47->0(200)
[2026-01-16T09:46:09.517+0000][gc,heap     ] GC(1038) Survivor regions: 4->3(7)
[2026-01-16T09:46:09.519+0000][gc,heap     ] GC(1038) Old regions: 232->232
[2026-01-16T09:46:09.521+0000][gc,heap     ] GC(1038) Humongous regions: 96->96
[2026-01-16T09:46:09.523+0000][gc,metaspace] GC(1038) Metaspace: 13159K(13568K)->13159K(13568K) NonClass: 12045K(12224K)->12045K(12224K) Class: 1113K(1344K)->1113K(1344K)
[2026-01-16T09:46:09.524+0000][gc          ] GC(1038) Pause Young (Normal) (G1 Evacuation Pause) 377M->329M(1024M) 104.912ms
[2026-01-16T09:46:09.525+0000][gc,cpu      ] GC(1038) User=0.21s Sys=0.01s Real=0.10s
[2026-01-16T09:46:30.549+0000][gc,start    ] GC(1039) Pause Young (Normal) (G1 Evacuation Pause)
[2026-01-16T09:46:30.553+0000][gc,task     ] GC(1039) Using 8 workers of 8 for evacuation
[2026-01-16T09:46:31.138+0000][gc,mmu      ] GC(1039) MMU target violated: 201.0ms (200.0ms/201.0ms)
[2026-01-16T09:46:31.139+0000][gc,phases   ] GC(1039)   Pre Evacuate Collection Set: 46.3ms
[2026-01-16T09:46:31.140+0000][gc,phases   ] GC(1039)   Merge Heap Roots: 22.8ms
[2026-01-16T09:46:31.141+0000][gc,phases   ] GC(1039)   Evacuate Collection Set: 390.5ms
[2026-01-16T09:46:31.142+0000][gc,phases   ] GC(1039)   Post Evacuate Collection Set: 124.8ms
[2026-01-16T09:46:31.143+0000][gc,phases   ] GC(1039)   Other: 2.9ms
[2026-01-16T09:46:31.143+0000][gc,heap     ] GC(1039) Eden regions: 223->0(48)
[2026-01-16T09:46:31.144+0000][gc,heap     ] GC(1039) Survivor regions: 3->3(29)
[2026-01-16T09:46:31.146+0000][gc,heap     ] GC(1039) Old regions: 232->232
[2026-01-16T09:46:31.147+0000][gc,heap     ] GC(1039) Humongous regions: 96->96
[2026-01-16T09:46:31.148+0000][gc,metaspace] GC(1039) Metaspace: 13159K(13568K)->13159K(13568K) NonClass: 12045K(12224K)->12045K(12224K) Class: 1113K(1344K)->1113K(1344K)
[2026-01-16T09:46:31.150+0000][gc          ] GC(1039) Pause Young (Normal) (G1 Evacuation Pause) 552M->330M(1024M) 600.870ms
[2026-01-16T09:46:31.153+0000][gc,cpu      ] GC(1039) User=0.44s Sys=0.06s Real=0.60s
[2026-01-16T09:46:35.916+0000][gc,start    ] GC(1040) Pause Young (Normal) (G1 Evacuation Pause)
[2026-01-16T09:46:35.928+0000][gc,task     ] GC(1040) Using 8 workers of 8 for evacuation
[2026-01-16T09:46:36.352+0000][gc,mmu      ] GC(1040) MMU target violated: 201.0ms (200.0ms/201.0ms)
[2026-01-16T09:46:36.352+0000][gc,phases   ] GC(1040)   Pre Evacuate Collection Set: 15.1ms
[2026-01-16T09:46:36.355+0000][gc,phases   ] GC(1040)   Merge Heap Roots: 8.9ms
[2026-01-16T09:46:36.355+0000][gc,phases   ] GC(1040)   Evacuate Collection Set: 364.5ms
[2026-01-16T09:46:36.355+0000][gc,phases   ] GC(1040)   Post Evacuate Collection Set: 27.4ms
[2026-01-16T09:46:36.355+0000][gc,phases   ] GC(1040)   Other: 18.5ms
[2026-01-16T09:46:36.355+0000][gc,heap     ] GC(1040) Eden regions: 48->0(47)
[2026-01-16T09:46:36.356+0000][gc,heap     ] GC(1040) Survivor regions: 3->4(7)
[2026-01-16T09:46:36.356+0000][gc,heap     ] GC(1040) Old regions: 232->232
[2026-01-16T09:46:36.356+0000][gc,heap     ] GC(1040) Humongous regions: 96->96
[2026-01-16T09:46:36.356+0000][gc,metaspace] GC(1040) Metaspace: 13159K(13568K)->13159K(13568K) NonClass: 12045K(12224K)->12045K(12224K) Class: 1113K(1344K)->1113K(1344K)
[2026-01-16T09:46:36.356+0000][gc          ] GC(1040) Pause Young (Normal) (G1 Evacuation Pause) 378M->330M(1024M) 440.329ms
[2026-01-16T09:46:36.357+0000][gc,cpu      ] GC(1040) User=0.30s Sys=0.04s Real=0.44s
[2026-01-16T09:46:39.015+0000][gc,start    ] GC(1041) Pause Young (Normal) (G1 Evacuation Pause)
[2026-01-16T09:46:39.016+0000][gc,task     ] GC(1041) Using 8 workers of 8 for evacuation
[2026-01-16T09:46:39.344+0000][gc,mmu      ] GC(1041) MMU target violated: 201.0ms (200.0ms/201.0ms)
[2026-01-16T09:46:39.352+0000][gc,phases   ] GC(1041)   Pre Evacuate Collection Set: 11.7ms
[2026-01-16T09:46:39.355+0000][gc,phases   ] GC(1041)   Merge Heap Roots: 0.7ms
[2026-01-16T09:46:39.361+0000][gc,phases   ] GC(1041)   Evacuate Collection Set: 276.3ms
[2026-01-16T09:46:39.362+0000][gc,phases   ] GC(1041)   Post Evacuate Collection Set: 35.1ms
[2026-01-16T09:46:39.364+0000][gc,phases   ] GC(1041)   Other: 12.2ms
[2026-01-16T09:46:39.366+0000][gc,heap     ] GC(1041) Eden regions: 47->0(47)
[2026-01-16T09:46:39.368+0000][gc,heap     ] GC(1041) Survivor regions: 4->4(7)
[2026-01-16T09:46:39.369+0000][gc,heap     ] GC(1041) Old regions: 232->232
[2026-01-16T09:46:39.369+0000][gc,heap     ] GC(1041) Humongous regions: 96->96
[2026-01-16T09:46:39.369+0000][gc,metaspace] GC(1041) Metaspace: 13159K(13568K)->13159K(13568K) NonClass: 12045K(12224K)->12045K(12224K) Class: 1113K(1344K)->1113K(1344K)
[2026-01-16T09:46:39.369+0000][gc          ] GC(1041) Pause Young (Normal) (G1 Evacuation Pause) 377M->331M(1024M) 354.152ms
[2026-01-16T09:46:39.369+0000][gc,cpu      ] GC(1041) User=0.18s Sys=0.02s Real=0.35s
[2026-01-16T09:46:42.441+0000][gc,start    ] GC(1042) Pause Young (Normal) (G1 Evacuation Pause)
[2026-01-16T09:46:42.445+0000][gc,task     ] GC(1042) Using 8 workers of 8 for evacuation
[2026-01-16T09:46:42.796+0000][gc,mmu      ] GC(1042) MMU target violated: 201.0ms (200.0ms/201.0ms)
[2026-01-16T09:46:42.801+0000][gc,phases   ] GC(1042)   Pre Evacuate Collection Set: 26.5ms
[2026-01-16T09:46:42.802+0000][gc,phases   ] GC(1042)   Merge Heap Roots: 12.3ms
[2026-01-16T09:46:42.803+0000][gc,phases   ] GC(1042)   Evacuate Collection Set: 292.4ms
[2026-01-16T09:46:42.807+0000][gc,phases   ] GC(1042)   Post Evacuate Collection Set: 9.3ms
[2026-01-16T09:46:42.811+0000][gc,phases   ] GC(1042)   Other: 15.6ms
[2026-01-16T09:46:42.813+0000][gc,heap     ] GC(1042) Eden regions: 47->0(48)
[2026-01-16T09:46:42.818+0000][gc,heap     ] GC(1042) Survivor regions: 4->3(7)
[2026-01-16T09:46:42.818+0000][gc,heap     ] GC(1042) Old regions: 232->232
[2026-01-16T09:46:42.820+0000][gc,heap     ] GC(1042) Humongous regions: 96->96
[2026-01-16T09:46:42.820+0000][gc,metaspace] GC(1042) Metaspace: 13159K(13568K)->13159K(13568K) NonClass: 12045K(12224K)->12045K(12224K) Class: 1113K(1344K)->1113K(1344K)
[2026-01-16T09:46:42.821+0000][gc          ] GC(1042) Pause Young (Normal) (G1 Evacuation Pause) 378M->330M(1024M) 379.279ms
[2026-01-16T09:46:42.821+0000][gc,cpu      ] GC(1042) User=0.18s Sys=0.01s Real=0.37s
[2026-01-16T09:46:44.923+0000][gc,start    ] GC(1043) Pause Young (Normal) (G1 Evacuation Pause)
[2026-01-16T09:46:44.925+0000][gc,task     ] GC(1043) Using 8 workers of 8 for evacuation
[2026-01-16T09:46:45.112+0000][gc,phases   ] GC(1043)   Pre Evacuate Collection Set: 17.1ms
[2026-01-16T09:46:45.116+0000][gc,phases   ] GC(1043)   Merge Heap Roots: 0.6ms
[2026-01-16T09:46:45.118+0000][gc,phases   ] GC(1043)   Evacuate Collection Set: 164.6ms
[2026-01-16T09:46:45.120+0000][gc,phases   ] GC(1043)   Post Evacuate Collection Set: 4.7ms
[2026-01-16T09:46:45.122+0000][gc,phases   ] GC(1043)   Other: 0.5ms
[2026-01-16T09:46:45.132+0000][gc,heap     ] GC(1043) Eden regions: 48->0(47)
[2026-01-16T09:46:45.133+0000][gc,heap     ] GC(1043) Survivor regions: 3->4(7)
[2026-01-16T09:46:45.134+0000][gc,heap     ] GC(1043) Old regions: 232->232
[2026-01-16T09:46:45.135+0000][gc,heap     ] GC(1043) Humongous regions: 96->96
[2026-01-16T09:46:45.137+0000][gc,metaspace] GC(1043) Metaspace: 13159K(13568K)->13159K(13568K) NonClass: 12045K(12224K)->12045K(12224K) Class: 1113K(1344K)->1113K(1344K)
[2026-01-16T09:46:45.140+0000][gc          ] GC(1043) Pause Young (Normal) (G1 Evacuation Pause) 378M->331M(1024M) 216.436ms
[2026-01-16T09:46:45.140+0000][gc,cpu      ] GC(1043) User=0.15s Sys=0.00s Real=0.21s
[2026-01-16T09:46:50.016+0000][gc,start    ] GC(1044) Pause Young (Normal) (G1 Evacuation Pause)
[2026-01-16T09:46:50.021+0000][gc,task     ] GC(1044) Using 8 workers of 8 for evacuation
[2026-01-16T09:46:50.605+0000][gc,mmu      ] GC(1044) MMU target violated: 201.0ms (200.0ms/201.0ms)
[2026-01-16T09:46:50.606+0000][gc,phases   ] GC(1044)   Pre Evacuate Collection Set: 9.8ms
[2026-01-16T09:46:50.606+0000][gc,phases   ] GC(1044)   Merge Heap Roots: 3.5ms
[2026-01-16T09:46:50.608+0000][gc,phases   ] GC(1044)   Evacuate Collection Set: 353.2ms
[2026-01-16T09:46:50.609+0000][gc,phases   ] GC(1044)   Post Evacuate Collection Set: 216.3ms
[2026-01-16T09:46:50.614+0000][gc,phases   ] GC(1044)   Other: 5.5ms
[2026-01-16T09:46:50.621+0000][gc,heap     ] GC(1044) Eden regions: 47->0(48)
[2026-01-16T09:46:50.622+0000][gc,heap     ] GC(1044) Survivor regions: 4->3(7)
[2026-01-16T09:46:50.622+0000][gc,heap     ] GC(1044) Old regions: 232->233
[2026-01-16T09:46:50.636+0000][gc,heap     ] GC(1044) Humongous regions: 96->96
[2026-01-16T09:46:50.636+0000][gc,metaspace] GC(1044) Metaspace: 13159K(13568K)->13159K(13568K) NonClass: 12045K(12224K)->12045K(12224K) Class: 1113K(1344K)->1113K(1344K)
[2026-01-16T09:46:50.636+0000][gc          ] GC(1044) Pause Young (Normal) (G1 Evacuation Pause) 378M->330M(1024M) 620.113ms
[2026-01-16T09:46:50.637+0000][gc,cpu      ] GC(1044) User=0.19s Sys=0.02s Real=0.62s
[2026-01-16T09:46:57.219+0000][gc,start    ] GC(1045) Pause Young (Normal) (G1 Evacuation Pause)
[2026-01-16T09:46:57.221+0000][gc,task     ] GC(1045) Using 8 workers of 8 for evacuation
[2026-01-16T09:46:57.508+0000][gc,mmu      ] GC(1045) MMU target violated: 201.0ms (200.0ms/201.0ms)
[2026-01-16T09:46:57.509+0000][gc,phases   ] GC(1045)   Pre Evacuate Collection Set: 19.3ms
[2026-01-16T09:46:57.510+0000][gc,phases   ] GC(1045)   Merge Heap Roots: 7.6ms
[2026-01-16T09:46:57.513+0000][gc,phases   ] GC(1045)   Evacuate Collection Set: 245.7ms
[2026-01-16T09:46:57.513+0000][gc,phases   ] GC(1045)   Post Evacuate Collection Set: 11.5ms
[2026-01-16T09:46:57.514+0000][gc,phases   ] GC(1045)   Other: 4.4ms
[2026-01-16T09:46:57.515+0000][gc,heap     ] GC(1045) Eden regions: 48->0(47)
[2026-01-16T09:46:57.517+0000][gc,heap     ] GC(1045) Survivor regions: 3->4(7)
[2026-01-16T09:46:57.518+0000][gc,heap     ] GC(1045) Old regions: 233->233
[2026-01-16T09:46:57.518+0000][gc,heap     ] GC(1045) Humongous regions: 96->96
[2026-01-16T09:46:57.521+0000][gc,metaspace] GC(1045) Metaspace: 13159K(13568K)->13159K(13568K) NonClass: 12045K(12224K)->12045K(12224K) Class: 1113K(1344K)->1113K(1344K)
[2026-01-16T09:46:57.527+0000][gc          ] GC(1045) Pause Young (Normal) (G1 Evacuation Pause) 378M->331M(1024M) 308.763ms
[2026-01-16T09:46:57.549+0000][gc,cpu      ] GC(1045) User=0.19s Sys=0.02s Real=0.33s
[2026-01-16T09:46:59.396+0000][gc,start    ] GC(1046) Pause Young (Normal) (G1 Evacuation Pause)
[2026-01-16T09:46:59.399+0000][gc,task     ] GC(1046) Using 8 workers of 8 for evacuation
[2026-01-16T09:46:59.664+0000][gc,mmu      ] GC(1046) MMU target violated: 201.0ms (200.0ms/201.0ms)
[2026-01-16T09:46:59.665+0000][gc,phases   ] GC(1046)   Pre Evacuate Collection Set: 26.0ms
[2026-01-16T09:46:59.668+0000][gc,phases   ] GC(1046)   Merge Heap Roots: 13.0ms
[2026-01-16T09:46:59.669+0000][gc,phases   ] GC(1046)   Evacuate Collection Set: 215.5ms
[2026-01-16T09:46:59.671+0000][gc,phases   ] GC(1046)   Post Evacuate Collection Set: 8.1ms
[2026-01-16T09:46:59.671+0000][gc,phases   ] GC(1046)   Other: 4.2ms
[2026-01-16T09:46:59.672+0000][gc,heap     ] GC(1046) Eden regions: 47->0(47)
[2026-01-16T09:46:59.672+0000][gc,heap     ] GC(1046) Survivor regions: 4->4(7)
[2026-01-16T09:46:59.674+0000][gc,heap     ] GC(1046) Old regions: 233->233
[2026-01-16T09:46:59.674+0000][gc,heap     ] GC(1046) Humongous regions: 96->96
[2026-01-16T09:46:59.677+0000][gc,metaspace] GC(1046) Metaspace: 13159K(13568K)->13159K(13568K) NonClass: 12045K(12224K)->12045K(12224K) Class: 1113K(1344K)->1113K(1344K)
[2026-01-16T09:46:59.677+0000][gc          ] GC(1046) Pause Young (Normal) (G1 Evacuation Pause) 378M->331M(1024M) 281.819ms
[2026-01-16T09:46:59.678+0000][gc,cpu      ] GC(1046) User=0.20s Sys=0.00s Real=0.28s
[2026-01-16T09:47:01.258+0000][gc,start    ] GC(1047) Pause Young (Normal) (G1 Evacuation Pause)
[2026-01-16T09:47:01.260+0000][gc,task     ] GC(1047) Using 8 workers of 8 for evacuation
[2026-01-16T09:47:01.971+0000][gc,mmu      ] GC(1047) MMU target violated: 201.0ms (200.0ms/201.0ms)
[2026-01-16T09:47:01.988+0000][gc,phases   ] GC(1047)   Pre Evacuate Collection Set: 17.8ms
[2026-01-16T09:47:01.989+0000][gc,phases   ] GC(1047)   Merge Heap Roots: 11.8ms
[2026-01-16T09:47:01.989+0000][gc,phases   ] GC(1047)   Evacuate Collection Set: 544.1ms
[2026-01-16T09:47:01.991+0000][gc,phases   ] GC(1047)   Post Evacuate Collection Set: 133.2ms
[2026-01-16T09:47:01.993+0000][gc,phases   ] GC(1047)   Other: 21.4ms
[2026-01-16T09:47:01.994+0000][gc,heap     ] GC(1047) Eden regions: 47->0(48)
[2026-01-16T09:47:02.003+0000][gc,heap     ] GC(1047) Survivor regions: 4->3(7)
[2026-01-16T09:47:02.003+0000][gc,heap     ] GC(1047) Old regions: 233->233
[2026-01-16T09:47:02.003+0000][gc,heap     ] GC(1047) Humongous regions: 96->96
[2026-01-16T09:47:02.004+0000][gc,metaspace] GC(1047) Metaspace: 13159K(13568K)->13159K(13568K) NonClass: 12045K(12224K)->12045K(12224K) Class: 1113K(1344K)->1113K(1344K)
[2026-01-16T09:47:02.004+0000][gc          ] GC(1047) Pause Young (Normal) (G1 Evacuation Pause) 378M->331M(1024M) 746.436ms
[2026-01-16T09:47:02.004+0000][gc,cpu      ] GC(1047) User=0.15s Sys=0.03s Real=0.75s
[2026-01-16T09:47:06.187+0000][gc,start    ] GC(1048) Pause Young (Normal) (G1 Evacuation Pause)
[2026-01-16T09:47:06.191+0000][gc,task     ] GC(1048) Using 8 workers of 8 for evacuation
[2026-01-16T09:47:06.515+0000][gc,mmu      ] GC(1048) MMU target violated: 201.0ms (200.0ms/201.0ms)
[2026-01-16T09:47:06.520+0000][gc,phases   ] GC(1048)   Pre Evacuate Collection Set: 20.7ms
[2026-01-16T09:47:06.532+0000][gc,phases   ] GC(1048)   Merge Heap Roots: 4.1ms
[2026-01-16T09:47:06.544+0000][gc,phases   ] GC(1048)   Evacuate Collection Set: 257.4ms
[2026-01-16T09:47:06.544+0000][gc,phases   ] GC(1048)   Post Evacuate Collection Set: 38.5ms
[2026-01-16T09:47:06.545+0000][gc,phases   ] GC(1048)   Other: 8.4ms
[2026-01-16T09:47:06.548+0000][gc,heap     ] GC(1048) Eden regions: 48->0(47)
[2026-01-16T09:47:06.549+0000][gc,heap     ] GC(1048) Survivor regions: 3->4(7)
[2026-01-16T09:47:06.550+0000][gc,heap     ] GC(1048) Old regions: 233->233
[2026-01-16T09:47:06.550+0000][gc,heap     ] GC(1048) Humongous regions: 96->96
[2026-01-16T09:47:06.551+0000][gc,metaspace] GC(1048) Metaspace: 13159K(13568K)->13159K(13568K) NonClass: 12045K(12224K)->12045K(12224K) Class: 1113K(1344K)->1113K(1344K)
[2026-01-16T09:47:06.551+0000][gc          ] GC(1048) Pause Young (Normal) (G1 Evacuation Pause) 379M->331M(1024M) 365.005ms
[2026-01-16T09:47:06.552+0000][gc,cpu      ] GC(1048) User=0.18s Sys=0.01s Real=0.37s
[2026-01-16T09:47:10.698+0000][gc,start    ] GC(1049) Pause Young (Normal) (G1 Evacuation Pause)
[2026-01-16T09:47:10.700+0000][gc,task     ] GC(1049) Using 8 workers of 8 for evacuation
[2026-01-16T09:47:10.876+0000][gc,phases   ] GC(1049)   Pre Evacuate Collection Set: 13.8ms
[2026-01-16T09:47:10.877+0000][gc,phases   ] GC(1049)   Merge Heap Roots: 9.4ms
[2026-01-16T09:47:10.877+0000][gc,phases   ] GC(1049)   Evacuate Collection Set: 132.4ms
[2026-01-16T09:47:10.877+0000][gc,phases   ] GC(1049)   Post Evacuate Collection Set: 17.0ms
[2026-01-16T09:47:10.878+0000][gc,phases   ] GC(1049)   Other: 3.6ms
[2026-01-16T09:47:10.878+0000][gc,heap     ] GC(1049) Eden regions: 47->0(48)
[2026-01-16T09:47:10.878+0000][gc,heap     ] GC(1049) Survivor regions: 4->3(7)
[2026-01-16T09:47:10.879+0000][gc,heap     ] GC(1049) Old regions: 233->233
[2026-01-16T09:47:10.879+0000][gc,heap     ] GC(1049) Humongous regions: 96->96
[2026-01-16T09:47:10.879+0000][gc,metaspace] GC(1049) Metaspace: 13159K(13568K)->13159K(13568K) NonClass: 12045K(12224K)->12045K(12224K) Class: 1113K(1344K)->1113K(1344K)
[2026-01-16T09:47:10.880+0000][gc          ] GC(1049) Pause Young (Normal) (G1 Evacuation Pause) 378M->331M(1024M) 181.889ms
[2026-01-16T09:47:10.880+0000][gc,cpu      ] GC(1049) User=0.16s Sys=0.02s Real=0.18s
[2026-01-16T09:47:12.561+0000][gc,start    ] GC(1050) Pause Young (Normal) (G1 Evacuation Pause)
[2026-01-16T09:47:12.563+0000][gc,task     ] GC(1050) Using 8 workers of 8 for evacuation
[2026-01-16T09:47:12.744+0000][gc,phases   ] GC(1050)   Pre Evacuate Collection Set: 8.4ms
[2026-01-16T09:47:12.756+0000][gc,phases   ] GC(1050)   Merge Heap Roots: 0.7ms
[2026-01-16T09:47:12.756+0000][gc,phases   ] GC(1050)   Evacuate Collection Set: 165.0ms
[2026-01-16T09:47:12.756+0000][gc,phases   ] GC(1050)   Post Evacuate Collection Set: 5.6ms
[2026-01-16T09:47:12.757+0000][gc,phases   ] GC(1050)   Other: 1.8ms
[2026-01-16T09:47:12.758+0000][gc,heap     ] GC(1050) Eden regions: 48->0(48)
[2026-01-16T09:47:12.758+0000][gc,heap     ] GC(1050) Survivor regions: 3->3(7)
[2026-01-16T09:47:12.758+0000][gc,heap     ] GC(1050) Old regions: 233->233
[2026-01-16T09:47:12.758+0000][gc,heap     ] GC(1050) Humongous regions: 96->96
[2026-01-16T09:47:12.758+0000][gc,metaspace] GC(1050) Metaspace: 13159K(13568K)->13159K(13568K) NonClass: 12045K(12224K)->12045K(12224K) Class: 1113K(1344K)->1113K(1344K)
[2026-01-16T09:47:12.758+0000][gc          ] GC(1050) Pause Young (Normal) (G1 Evacuation Pause) 379M->331M(1024M) 196.905ms
[2026-01-16T09:47:12.758+0000][gc,cpu      ] GC(1050) User=0.10s Sys=0.02s Real=0.19s
[2026-01-16T09:47:19.209+0000][gc,start    ] GC(1051) Pause Young (Normal) (G1 Evacuation Pause)
[2026-01-16T09:47:19.209+0000][gc,task     ] GC(1051) Using 8 workers of 8 for evacuation
[2026-01-16T09:47:19.278+0000][gc,phases   ] GC(1051)   Pre Evacuate Collection Set: 2.7ms
[2026-01-16T09:47:19.281+0000][gc,phases   ] GC(1051)   Merge Heap Roots: 0.3ms
[2026-01-16T09:47:19.282+0000][gc,phases   ] GC(1051)   Evacuate Collection Set: 47.7ms
[2026-01-16T09:47:19.282+0000][gc,phases   ] GC(1051)   Post Evacuate Collection Set: 17.2ms
[2026-01-16T09:47:19.282+0000][gc,phases   ] GC(1051)   Other: 0.5ms
[2026-01-16T09:47:19.282+0000][gc,heap     ] GC(1051) Eden regions: 48->0(48)
[2026-01-16T09:47:19.282+0000][gc,heap     ] GC(1051) Survivor regions: 3->3(7)
[2026-01-16T09:47:19.282+0000][gc,heap     ] GC(1051) Old regions: 233->234
[2026-01-16T09:47:19.282+0000][gc,heap     ] GC(1051) Humongous regions: 96->96
[2026-01-16T09:47:19.282+0000][gc,metaspace] GC(1051) Metaspace: 13159K(13568K)->13159K(13568K) NonClass: 12045K(12224K)->12045K(12224K) Class: 1113K(1344K)->1113K(1344K)
[2026-01-16T09:47:19.283+0000][gc          ] GC(1051) Pause Young (Normal) (G1 Evacuation Pause) 379M->331M(1024M) 73.895ms
[2026-01-16T09:47:19.283+0000][gc,cpu      ] GC(1051) User=0.13s Sys=0.01s Real=0.07s
[2026-01-16T09:47:20.143+0000][gc,start    ] GC(1052) Pause Young (Normal) (G1 Evacuation Pause)
[2026-01-16T09:47:20.143+0000][gc,task     ] GC(1052) Using 8 workers of 8 for evacuation
[2026-01-16T09:47:20.154+0000][gc,phases   ] GC(1052)   Pre Evacuate Collection Set: 0.4ms
[2026-01-16T09:47:20.154+0000][gc,phases   ] GC(1052)   Merge Heap Roots: 0.3ms
[2026-01-16T09:47:20.154+0000][gc,phases   ] GC(1052)   Evacuate Collection Set: 8.2ms
[2026-01-16T09:47:20.154+0000][gc,phases   ] GC(1052)   Post Evacuate Collection Set: 1.4ms
[2026-01-16T09:47:20.155+0000][gc,phases   ] GC(1052)   Other: 0.4ms
[2026-01-16T09:47:20.155+0000][gc,heap     ] GC(1052) Eden regions: 48->0(58)
[2026-01-16T09:47:20.155+0000][gc,heap     ] GC(1052) Survivor regions: 3->3(7)
[2026-01-16T09:47:20.155+0000][gc,heap     ] GC(1052) Old regions: 234->234
[2026-01-16T09:47:20.156+0000][gc,heap     ] GC(1052) Humongous regions: 96->96
[2026-01-16T09:47:20.156+0000][gc,metaspace] GC(1052) Metaspace: 13159K(13568K)->13159K(13568K) NonClass: 12045K(12224K)->12045K(12224K) Class: 1113K(1344K)->1113K(1344K)
[2026-01-16T09:47:20.156+0000][gc          ] GC(1052) Pause Young (Normal) (G1 Evacuation Pause) 379M->331M(1024M) 13.444ms
[2026-01-16T09:47:20.156+0000][gc,cpu      ] GC(1052) User=0.04s Sys=0.01s Real=0.02s
[2026-01-16T09:47:20.433+0000][gc,start    ] GC(1053) Pause Young (Normal) (G1 Evacuation Pause)
[2026-01-16T09:47:20.433+0000][gc,task     ] GC(1053) Using 8 workers of 8 for evacuation
[2026-01-16T09:47:20.441+0000][gc,phases   ] GC(1053)   Pre Evacuate Collection Set: 0.3ms
[2026-01-16T09:47:20.448+0000][gc,phases   ] GC(1053)   Merge Heap Roots: 0.1ms
[2026-01-16T09:47:20.451+0000][gc,phases   ] GC(1053)   Evacuate Collection Set: 5.9ms
[2026-01-16T09:47:20.452+0000][gc,phases   ] GC(1053)   Post Evacuate Collection Set: 1.1ms
[2026-01-16T09:47:20.452+0000][gc,phases   ] GC(1053)   Other: 0.7ms
[2026-01-16T09:47:20.453+0000][gc,heap     ] GC(1053) Eden regions: 48->0(131)
[2026-01-16T09:47:20.454+0000][gc,heap     ] GC(1053) Survivor regions: 3->3(7)
[2026-01-16T09:47:20.454+0000][gc,heap     ] GC(1053) Old regions: 234->234
[2026-01-16T09:47:20.455+0000][gc,heap     ] GC(1053) Humongous regions: 96->96
[2026-01-16T09:47:20.455+0000][gc,metaspace] GC(1053) Metaspace: 13159K(13568K)->13159K(13568K) NonClass: 12045K(12224K)->12045K(12224K) Class: 1113K(1344K)->1113K(1344K)
[2026-01-16T09:47:20.456+0000][gc          ] GC(1053) Pause Young (Normal) (G1 Evacuation Pause) 379M->332M(1024M) 23.241ms
[2026-01-16T09:47:20.456+0000][gc,cpu      ] GC(1053) User=0.02s Sys=0.00s Real=0.03s
[2026-01-16T09:47:40.729+0000][gc,start    ] GC(1054) Pause Young (Normal) (G1 Evacuation Pause)
[2026-01-16T09:47:40.740+0000][gc,task     ] GC(1054) Using 8 workers of 8 for evacuation
[2026-01-16T09:47:41.920+0000][gc,mmu      ] GC(1054) MMU target violated: 201.0ms (200.0ms/201.0ms)
[2026-01-16T09:47:41.935+0000][gc,phases   ] GC(1054)   Pre Evacuate Collection Set: 55.0ms
[2026-01-16T09:47:41.935+0000][gc,phases   ] GC(1054)   Merge Heap Roots: 22.4ms
[2026-01-16T09:47:41.936+0000][gc,phases   ] GC(1054)   Evacuate Collection Set: 990.7ms
[2026-01-16T09:47:41.955+0000][gc,phases   ] GC(1054)   Post Evacuate Collection Set: 108.2ms
[2026-01-16T09:47:41.976+0000][gc,phases   ] GC(1054)   Other: 24.7ms
[2026-01-16T09:47:41.999+0000][gc,heap     ] GC(1054) Eden regions: 141->0(49)
[2026-01-16T09:47:42.000+0000][gc,heap     ] GC(1054) Survivor regions: 3->2(18)
[2026-01-16T09:47:42.001+0000][gc,heap     ] GC(1054) Old regions: 234->234
[2026-01-16T09:47:42.015+0000][gc,heap     ] GC(1054) Humongous regions: 96->96
[2026-01-16T09:47:42.015+0000][gc,metaspace] GC(1054) Metaspace: 13159K(13568K)->13159K(13568K) NonClass: 12045K(12224K)->12045K(12224K) Class: 1113K(1344K)->1113K(1344K)
[2026-01-16T09:47:42.018+0000][gc          ] GC(1054) Pause Young (Normal) (G1 Evacuation Pause) 473M->331M(1024M) 1289.300ms
[2026-01-16T09:47:42.019+0000][gc,cpu      ] GC(1054) User=0.61s Sys=0.07s Real=1.29s
[2026-01-16T09:47:45.604+0000][gc,start    ] GC(1055) Pause Young (Normal) (G1 Evacuation Pause)
[2026-01-16T09:47:45.616+0000][gc,task     ] GC(1055) Using 8 workers of 8 for evacuation
[2026-01-16T09:47:46.053+0000][gc,mmu      ] GC(1055) MMU target violated: 201.0ms (200.0ms/201.0ms)
[2026-01-16T09:47:46.057+0000][gc,phases   ] GC(1055)   Pre Evacuate Collection Set: 93.3ms
[2026-01-16T09:47:46.057+0000][gc,phases   ] GC(1055)   Merge Heap Roots: 23.2ms
[2026-01-16T09:47:46.059+0000][gc,phases   ] GC(1055)   Evacuate Collection Set: 301.8ms
[2026-01-16T09:47:46.060+0000][gc,phases   ] GC(1055)   Post Evacuate Collection Set: 17.4ms
[2026-01-16T09:47:46.060+0000][gc,phases   ] GC(1055)   Other: 4.8ms
[2026-01-16T09:47:46.061+0000][gc,heap     ] GC(1055) Eden regions: 49->0(48)
[2026-01-16T09:47:46.070+0000][gc,heap     ] GC(1055) Survivor regions: 2->3(7)
[2026-01-16T09:47:46.073+0000][gc,heap     ] GC(1055) Old regions: 234->234
[2026-01-16T09:47:46.077+0000][gc,heap     ] GC(1055) Humongous regions: 96->96
[2026-01-16T09:47:46.086+0000][gc,metaspace] GC(1055) Metaspace: 13159K(13568K)->13159K(13568K) NonClass: 12045K(12224K)->12045K(12224K) Class: 1113K(1344K)->1113K(1344K)
[2026-01-16T09:47:46.090+0000][gc          ] GC(1055) Pause Young (Normal) (G1 Evacuation Pause) 380M->332M(1024M) 485.467ms
[2026-01-16T09:47:46.092+0000][gc,cpu      ] GC(1055) User=0.29s Sys=0.07s Real=0.49s
[2026-01-16T09:47:47.852+0000][gc,start    ] GC(1056) Pause Young (Normal) (G1 Evacuation Pause)
[2026-01-16T09:47:47.853+0000][gc,task     ] GC(1056) Using 8 workers of 8 for evacuation
[2026-01-16T09:47:48.097+0000][gc,mmu      ] GC(1056) MMU target violated: 201.0ms (200.0ms/201.0ms)
[2026-01-16T09:47:48.101+0000][gc,phases   ] GC(1056)   Pre Evacuate Collection Set: 59.8ms
[2026-01-16T09:47:48.102+0000][gc,phases   ] GC(1056)   Merge Heap Roots: 0.6ms
[2026-01-16T09:47:48.106+0000][gc,phases   ] GC(1056)   Evacuate Collection Set: 180.0ms
[2026-01-16T09:47:48.109+0000][gc,phases   ] GC(1056)   Post Evacuate Collection Set: 3.4ms
[2026-01-16T09:47:48.110+0000][gc,phases   ] GC(1056)   Other: 4.2ms
[2026-01-16T09:47:48.111+0000][gc,heap     ] GC(1056) Eden regions: 48->0(48)
[2026-01-16T09:47:48.115+0000][gc,heap     ] GC(1056) Survivor regions: 3->3(7)
[2026-01-16T09:47:48.117+0000][gc,heap     ] GC(1056) Old regions: 234->234
[2026-01-16T09:47:48.118+0000][gc,heap     ] GC(1056) Humongous regions: 96->96
[2026-01-16T09:47:48.118+0000][gc,metaspace] GC(1056) Metaspace: 13159K(13568K)->13159K(13568K) NonClass: 12045K(12224K)->12045K(12224K) Class: 1113K(1344K)->1113K(1344K)
[2026-01-16T09:47:48.119+0000][gc          ] GC(1056) Pause Young (Normal) (G1 Evacuation Pause) 380M->332M(1024M) 266.866ms
[2026-01-16T09:47:48.119+0000][gc,cpu      ] GC(1056) User=0.15s Sys=0.01s Real=0.27s
[2026-01-16T09:47:51.916+0000][gc,start    ] GC(1057) Pause Young (Normal) (G1 Evacuation Pause)
[2026-01-16T09:47:51.939+0000][gc,task     ] GC(1057) Using 8 workers of 8 for evacuation
[2026-01-16T09:47:52.284+0000][gc,mmu      ] GC(1057) MMU target violated: 201.0ms (200.0ms/201.0ms)
[2026-01-16T09:47:52.286+0000][gc,phases   ] GC(1057)   Pre Evacuate Collection Set: 54.0ms
[2026-01-16T09:47:52.292+0000][gc,phases   ] GC(1057)   Merge Heap Roots: 8.9ms
[2026-01-16T09:47:52.293+0000][gc,phases   ] GC(1057)   Evacuate Collection Set: 249.3ms
[2026-01-16T09:47:52.293+0000][gc,phases   ] GC(1057)   Post Evacuate Collection Set: 29.9ms
[2026-01-16T09:47:52.295+0000][gc,phases   ] GC(1057)   Other: 5.2ms
[2026-01-16T09:47:52.296+0000][gc,heap     ] GC(1057) Eden regions: 48->0(48)
[2026-01-16T09:47:52.297+0000][gc,heap     ] GC(1057) Survivor regions: 3->3(7)
[2026-01-16T09:47:52.299+0000][gc,heap     ] GC(1057) Old regions: 234->235
[2026-01-16T09:47:52.301+0000][gc,heap     ] GC(1057) Humongous regions: 96->96
[2026-01-16T09:47:52.301+0000][gc,metaspace] GC(1057) Metaspace: 13159K(13568K)->13159K(13568K) NonClass: 12045K(12224K)->12045K(12224K) Class: 1113K(1344K)->1113K(1344K)
[2026-01-16T09:47:52.305+0000][gc          ] GC(1057) Pause Young (Normal) (G1 Evacuation Pause) 380M->332M(1024M) 389.064ms
[2026-01-16T09:47:52.306+0000][gc,cpu      ] GC(1057) User=0.19s Sys=0.02s Real=0.39s
[2026-01-16T09:47:56.543+0000][gc,start    ] GC(1058) Pause Young (Normal) (G1 Evacuation Pause)
[2026-01-16T09:47:56.561+0000][gc,task     ] GC(1058) Using 8 workers of 8 for evacuation
[2026-01-16T09:47:56.927+0000][gc,mmu      ] GC(1058) MMU target violated: 201.0ms (200.0ms/201.0ms)
[2026-01-16T09:47:56.931+0000][gc,phases   ] GC(1058)   Pre Evacuate Collection Set: 35.0ms
[2026-01-16T09:47:56.932+0000][gc,phases   ] GC(1058)   Merge Heap Roots: 6.1ms
[2026-01-16T09:47:56.932+0000][gc,phases   ] GC(1058)   Evacuate Collection Set: 282.2ms
[2026-01-16T09:47:56.932+0000][gc,phases   ] GC(1058)   Post Evacuate Collection Set: 24.0ms
[2026-01-16T09:47:56.934+0000][gc,phases   ] GC(1058)   Other: 23.6ms
[2026-01-16T09:47:56.949+0000][gc,heap     ] GC(1058) Eden regions: 48->0(48)
[2026-01-16T09:47:56.949+0000][gc,heap     ] GC(1058) Survivor regions: 3->3(7)
[2026-01-16T09:47:56.988+0000][gc,heap     ] GC(1058) Old regions: 235->235
[2026-01-16T09:47:56.992+0000][gc,heap     ] GC(1058) Humongous regions: 96->96
[2026-01-16T09:47:57.005+0000][gc,metaspace] GC(1058) Metaspace: 13159K(13568K)->13159K(13568K) NonClass: 12045K(12224K)->12045K(12224K) Class: 1113K(1344K)->1113K(1344K)
[2026-01-16T09:47:57.007+0000][gc          ] GC(1058) Pause Young (Normal) (G1 Evacuation Pause) 380M->332M(1024M) 464.737ms
[2026-01-16T09:47:57.008+0000][gc,cpu      ] GC(1058) User=0.18s Sys=0.03s Real=0.47s
[2026-01-16T09:48:00.678+0000][gc,start    ] GC(1059) Pause Young (Normal) (G1 Evacuation Pause)
[2026-01-16T09:48:00.679+0000][gc,task     ] GC(1059) Using 8 workers of 8 for evacuation
[2026-01-16T09:48:00.869+0000][gc,phases   ] GC(1059)   Pre Evacuate Collection Set: 15.9ms
[2026-01-16T09:48:00.869+0000][gc,phases   ] GC(1059)   Merge Heap Roots: 7.8ms
[2026-01-16T09:48:00.869+0000][gc,phases   ] GC(1059)   Evacuate Collection Set: 157.1ms
[2026-01-16T09:48:00.871+0000][gc,phases   ] GC(1059)   Post Evacuate Collection Set: 7.8ms
[2026-01-16T09:48:00.873+0000][gc,phases   ] GC(1059)   Other: 1.4ms
[2026-01-16T09:48:00.874+0000][gc,heap     ] GC(1059) Eden regions: 48->0(49)
[2026-01-16T09:48:00.876+0000][gc,heap     ] GC(1059) Survivor regions: 3->2(7)
[2026-01-16T09:48:00.877+0000][gc,heap     ] GC(1059) Old regions: 235->235
[2026-01-16T09:48:00.877+0000][gc,heap     ] GC(1059) Humongous regions: 96->96
[2026-01-16T09:48:00.877+0000][gc,metaspace] GC(1059) Metaspace: 13159K(13568K)->13159K(13568K) NonClass: 12045K(12224K)->12045K(12224K) Class: 1113K(1344K)->1113K(1344K)
[2026-01-16T09:48:00.878+0000][gc          ] GC(1059) Pause Young (Normal) (G1 Evacuation Pause) 380M->332M(1024M) 199.869ms
[2026-01-16T09:48:00.879+0000][gc,cpu      ] GC(1059) User=0.17s Sys=0.00s Real=0.20s
[2026-01-16T09:48:03.739+0000][gc,start    ] GC(1060) Pause Young (Normal) (G1 Evacuation Pause)
[2026-01-16T09:48:03.746+0000][gc,task     ] GC(1060) Using 8 workers of 8 for evacuation
[2026-01-16T09:48:03.965+0000][gc,mmu      ] GC(1060) MMU target violated: 201.0ms (200.0ms/201.0ms)
[2026-01-16T09:48:03.966+0000][gc,phases   ] GC(1060)   Pre Evacuate Collection Set: 24.2ms
[2026-01-16T09:48:03.967+0000][gc,phases   ] GC(1060)   Merge Heap Roots: 2.4ms
[2026-01-16T09:48:03.967+0000][gc,phases   ] GC(1060)   Evacuate Collection Set: 185.1ms
[2026-01-16T09:48:03.967+0000][gc,phases   ] GC(1060)   Post Evacuate Collection Set: 5.0ms
[2026-01-16T09:48:03.968+0000][gc,phases   ] GC(1060)   Other: 4.0ms
[2026-01-16T09:48:03.969+0000][gc,heap     ] GC(1060) Eden regions: 49->0(48)
[2026-01-16T09:48:03.971+0000][gc,heap     ] GC(1060) Survivor regions: 2->3(7)
[2026-01-16T09:48:03.971+0000][gc,heap     ] GC(1060) Old regions: 235->235
[2026-01-16T09:48:03.972+0000][gc,heap     ] GC(1060) Humongous regions: 96->96
[2026-01-16T09:48:03.973+0000][gc,metaspace] GC(1060) Metaspace: 13159K(13568K)->13159K(13568K) NonClass: 12045K(12224K)->12045K(12224K) Class: 1113K(1344K)->1113K(1344K)
[2026-01-16T09:48:03.975+0000][gc          ] GC(1060) Pause Young (Normal) (G1 Evacuation Pause) 381M->332M(1024M) 235.351ms
[2026-01-16T09:48:03.982+0000][gc,cpu      ] GC(1060) User=0.15s Sys=0.02s Real=0.24s
[2026-01-16T09:48:09.315+0000][gc,start    ] GC(1061) Pause Young (Normal) (G1 Evacuation Pause)
[2026-01-16T09:48:09.317+0000][gc,task     ] GC(1061) Using 8 workers of 8 for evacuation
[2026-01-16T09:48:09.556+0000][gc,mmu      ] GC(1061) MMU target violated: 201.0ms (200.0ms/201.0ms)
[2026-01-16T09:48:09.558+0000][gc,phases   ] GC(1061)   Pre Evacuate Collection Set: 19.4ms
[2026-01-16T09:48:09.562+0000][gc,phases   ] GC(1061)   Merge Heap Roots: 2.9ms
[2026-01-16T09:48:09.569+0000][gc,phases   ] GC(1061)   Evacuate Collection Set: 150.3ms
[2026-01-16T09:48:09.573+0000][gc,phases   ] GC(1061)   Post Evacuate Collection Set: 55.0ms
[2026-01-16T09:48:09.574+0000][gc,phases   ] GC(1061)   Other: 13.3ms
[2026-01-16T09:48:09.577+0000][gc,heap     ] GC(1061) Eden regions: 48->0(49)
[2026-01-16T09:48:09.580+0000][gc,heap     ] GC(1061) Survivor regions: 3->2(7)
[2026-01-16T09:48:09.587+0000][gc,heap     ] GC(1061) Old regions: 235->235
[2026-01-16T09:48:09.587+0000][gc,heap     ] GC(1061) Humongous regions: 96->96
[2026-01-16T09:48:09.587+0000][gc,metaspace] GC(1061) Metaspace: 13159K(13568K)->13159K(13568K) NonClass: 12045K(12224K)->12045K(12224K) Class: 1113K(1344K)->1113K(1344K)
[2026-01-16T09:48:09.588+0000][gc          ] GC(1061) Pause Young (Normal) (G1 Evacuation Pause) 380M->331M(1024M) 273.481ms
[2026-01-16T09:48:09.591+0000][gc,cpu      ] GC(1061) User=0.13s Sys=0.01s Real=0.28s
[2026-01-16T09:48:12.755+0000][gc,start    ] GC(1062) Pause Young (Normal) (G1 Evacuation Pause)
[2026-01-16T09:48:12.762+0000][gc,task     ] GC(1062) Using 8 workers of 8 for evacuation
[2026-01-16T09:48:12.924+0000][gc,phases   ] GC(1062)   Pre Evacuate Collection Set: 16.3ms
[2026-01-16T09:48:12.926+0000][gc,phases   ] GC(1062)   Merge Heap Roots: 4.6ms
[2026-01-16T09:48:12.926+0000][gc,phases   ] GC(1062)   Evacuate Collection Set: 117.9ms
[2026-01-16T09:48:12.926+0000][gc,phases   ] GC(1062)   Post Evacuate Collection Set: 20.6ms
[2026-01-16T09:48:12.927+0000][gc,phases   ] GC(1062)   Other: 7.8ms
[2026-01-16T09:48:12.927+0000][gc,heap     ] GC(1062) Eden regions: 49->0(48)
[2026-01-16T09:48:12.934+0000][gc,heap     ] GC(1062) Survivor regions: 2->3(7)
[2026-01-16T09:48:12.936+0000][gc,heap     ] GC(1062) Old regions: 235->235
[2026-01-16T09:48:12.937+0000][gc,heap     ] GC(1062) Humongous regions: 96->96
[2026-01-16T09:48:12.937+0000][gc,metaspace] GC(1062) Metaspace: 13159K(13568K)->13159K(13568K) NonClass: 12045K(12224K)->12045K(12224K) Class: 1113K(1344K)->1113K(1344K)
[2026-01-16T09:48:12.939+0000][gc          ] GC(1062) Pause Young (Normal) (G1 Evacuation Pause) 380M->332M(1024M) 184.381ms
[2026-01-16T09:48:12.939+0000][gc,cpu      ] GC(1062) User=0.10s Sys=0.01s Real=0.19s
[2026-01-16T09:48:15.206+0000][gc,start    ] GC(1063) Pause Young (Normal) (G1 Evacuation Pause)
[2026-01-16T09:48:15.207+0000][gc,task     ] GC(1063) Using 8 workers of 8 for evacuation
[2026-01-16T09:48:15.402+0000][gc,phases   ] GC(1063)   Pre Evacuate Collection Set: 18.3ms
[2026-01-16T09:48:15.408+0000][gc,phases   ] GC(1063)   Merge Heap Roots: 6.1ms
[2026-01-16T09:48:15.409+0000][gc,phases   ] GC(1063)   Evacuate Collection Set: 159.7ms
[2026-01-16T09:48:15.409+0000][gc,phases   ] GC(1063)   Post Evacuate Collection Set: 9.4ms
[2026-01-16T09:48:15.410+0000][gc,phases   ] GC(1063)   Other: 1.7ms
[2026-01-16T09:48:15.414+0000][gc,heap     ] GC(1063) Eden regions: 48->0(48)
[2026-01-16T09:48:15.415+0000][gc,heap     ] GC(1063) Survivor regions: 3->3(7)
[2026-01-16T09:48:15.428+0000][gc,heap     ] GC(1063) Old regions: 235->235
[2026-01-16T09:48:15.428+0000][gc,heap     ] GC(1063) Humongous regions: 96->96
[2026-01-16T09:48:15.429+0000][gc,metaspace] GC(1063) Metaspace: 13159K(13568K)->13159K(13568K) NonClass: 12045K(12224K)->12045K(12224K) Class: 1113K(1344K)->1113K(1344K)
[2026-01-16T09:48:15.430+0000][gc          ] GC(1063) Pause Young (Normal) (G1 Evacuation Pause) 380M->333M(1024M) 224.455ms
[2026-01-16T09:48:15.441+0000][gc,cpu      ] GC(1063) User=0.13s Sys=0.01s Real=0.24s
[2026-01-16T09:48:19.911+0000][gc,start    ] GC(1064) Pause Young (Normal) (G1 Evacuation Pause)
[2026-01-16T09:48:19.913+0000][gc,task     ] GC(1064) Using 8 workers of 8 for evacuation
[2026-01-16T09:48:20.021+0000][gc,phases   ] GC(1064)   Pre Evacuate Collection Set: 8.8ms
[2026-01-16T09:48:20.029+0000][gc,phases   ] GC(1064)   Merge Heap Roots: 1.1ms
[2026-01-16T09:48:20.029+0000][gc,phases   ] GC(1064)   Evacuate Collection Set: 74.5ms
[2026-01-16T09:48:20.030+0000][gc,phases   ] GC(1064)   Post Evacuate Collection Set: 19.8ms
[2026-01-16T09:48:20.030+0000][gc,phases   ] GC(1064)   Other: 3.8ms
[2026-01-16T09:48:20.031+0000][gc,heap     ] GC(1064) Eden regions: 48->0(49)
[2026-01-16T09:48:20.031+0000][gc,heap     ] GC(1064) Survivor regions: 3->2(7)
[2026-01-16T09:48:20.032+0000][gc,heap     ] GC(1064) Old regions: 235->235
[2026-01-16T09:48:20.042+0000][gc,heap     ] GC(1064) Humongous regions: 96->96
[2026-01-16T09:48:20.074+0000][gc,metaspace] GC(1064) Metaspace: 13159K(13568K)->13159K(13568K) NonClass: 12045K(12224K)->12045K(12224K) Class: 1113K(1344K)->1113K(1344K)
[2026-01-16T09:48:20.077+0000][gc          ] GC(1064) Pause Young (Normal) (G1 Evacuation Pause) 381M->332M(1024M) 165.718ms
[2026-01-16T09:48:20.078+0000][gc,cpu      ] GC(1064) User=0.09s Sys=0.01s Real=0.17s
[2026-01-16T09:48:20.811+0000][gc,start    ] GC(1065) Pause Young (Normal) (G1 Evacuation Pause)
[2026-01-16T09:48:20.811+0000][gc,task     ] GC(1065) Using 8 workers of 8 for evacuation
[2026-01-16T09:48:20.913+0000][gc,phases   ] GC(1065)   Pre Evacuate Collection Set: 2.2ms
[2026-01-16T09:48:20.913+0000][gc,phases   ] GC(1065)   Merge Heap Roots: 0.4ms
[2026-01-16T09:48:20.913+0000][gc,phases   ] GC(1065)   Evacuate Collection Set: 91.1ms
[2026-01-16T09:48:20.914+0000][gc,phases   ] GC(1065)   Post Evacuate Collection Set: 7.3ms
[2026-01-16T09:48:20.914+0000][gc,phases   ] GC(1065)   Other: 0.7ms
[2026-01-16T09:48:20.914+0000][gc,heap     ] GC(1065) Eden regions: 51->0(48)
[2026-01-16T09:48:20.914+0000][gc,heap     ] GC(1065) Survivor regions: 2->3(7)
[2026-01-16T09:48:20.918+0000][gc,heap     ] GC(1065) Old regions: 235->235
[2026-01-16T09:48:20.918+0000][gc,heap     ] GC(1065) Humongous regions: 96->96
[2026-01-16T09:48:20.919+0000][gc,metaspace] GC(1065) Metaspace: 13159K(13568K)->13159K(13568K) NonClass: 12045K(12224K)->12045K(12224K) Class: 1113K(1344K)->1113K(1344K)
[2026-01-16T09:48:20.919+0000][gc          ] GC(1065) Pause Young (Normal) (G1 Evacuation Pause) 383M->333M(1024M) 108.145ms
[2026-01-16T09:48:20.920+0000][gc,cpu      ] GC(1065) User=0.06s Sys=0.00s Real=0.11s
[2026-01-16T09:48:29.544+0000][gc,start    ] GC(1066) Pause Young (Normal) (G1 Evacuation Pause)
[2026-01-16T09:48:29.549+0000][gc,task     ] GC(1066) Using 8 workers of 8 for evacuation
[2026-01-16T09:48:29.691+0000][gc,phases   ] GC(1066)   Pre Evacuate Collection Set: 18.9ms
[2026-01-16T09:48:29.691+0000][gc,phases   ] GC(1066)   Merge Heap Roots: 7.0ms
[2026-01-16T09:48:29.691+0000][gc,phases   ] GC(1066)   Evacuate Collection Set: 99.1ms
[2026-01-16T09:48:29.692+0000][gc,phases   ] GC(1066)   Post Evacuate Collection Set: 14.6ms
[2026-01-16T09:48:29.692+0000][gc,phases   ] GC(1066)   Other: 2.2ms
[2026-01-16T09:48:29.692+0000][gc,heap     ] GC(1066) Eden regions: 48->0(139)
[2026-01-16T09:48:29.692+0000][gc,heap     ] GC(1066) Survivor regions: 3->2(7)
[2026-01-16T09:48:29.693+0000][gc,heap     ] GC(1066) Old regions: 235->235
[2026-01-16T09:48:29.693+0000][gc,heap     ] GC(1066) Humongous regions: 96->96
[2026-01-16T09:48:29.693+0000][gc,metaspace] GC(1066) Metaspace: 13159K(13568K)->13159K(13568K) NonClass: 12045K(12224K)->12045K(12224K) Class: 1113K(1344K)->1113K(1344K)
[2026-01-16T09:48:29.694+0000][gc          ] GC(1066) Pause Young (Normal) (G1 Evacuation Pause) 381M->332M(1024M) 151.259ms
[2026-01-16T09:48:29.694+0000][gc,cpu      ] GC(1066) User=0.15s Sys=0.01s Real=0.15s
[2026-01-16T09:48:41.164+0000][gc,start    ] GC(1067) Pause Young (Normal) (G1 Evacuation Pause)
[2026-01-16T09:48:41.167+0000][gc,task     ] GC(1067) Using 8 workers of 8 for evacuation
[2026-01-16T09:48:41.292+0000][gc,phases   ] GC(1067)   Pre Evacuate Collection Set: 14.4ms
[2026-01-16T09:48:41.292+0000][gc,phases   ] GC(1067)   Merge Heap Roots: 3.5ms
[2026-01-16T09:48:41.293+0000][gc,phases   ] GC(1067)   Evacuate Collection Set: 95.1ms
[2026-01-16T09:48:41.293+0000][gc,phases   ] GC(1067)   Post Evacuate Collection Set: 10.2ms
[2026-01-16T09:48:41.295+0000][gc,phases   ] GC(1067)   Other: 1.2ms
[2026-01-16T09:48:41.296+0000][gc,heap     ] GC(1067) Eden regions: 146->0(142)
[2026-01-16T09:48:41.300+0000][gc,heap     ] GC(1067) Survivor regions: 2->3(19)
[2026-01-16T09:48:41.301+0000][gc,heap     ] GC(1067) Old regions: 235->235
[2026-01-16T09:48:41.301+0000][gc,heap     ] GC(1067) Humongous regions: 96->96
[2026-01-16T09:48:41.301+0000][gc,metaspace] GC(1067) Metaspace: 13159K(13568K)->13159K(13568K) NonClass: 12045K(12224K)->12045K(12224K) Class: 1113K(1344K)->1113K(1344K)
[2026-01-16T09:48:41.302+0000][gc          ] GC(1067) Pause Young (Normal) (G1 Evacuation Pause) 478M->333M(1024M) 137.548ms
[2026-01-16T09:48:41.305+0000][gc,cpu      ] GC(1067) User=0.19s Sys=0.02s Real=0.14s
[2026-01-16T09:48:51.693+0000][gc,start    ] GC(1068) Pause Young (Normal) (G1 Evacuation Pause)
[2026-01-16T09:48:51.699+0000][gc,task     ] GC(1068) Using 8 workers of 8 for evacuation
[2026-01-16T09:48:51.907+0000][gc,mmu      ] GC(1068) MMU target violated: 201.0ms (200.0ms/201.0ms)
[2026-01-16T09:48:51.909+0000][gc,phases   ] GC(1068)   Pre Evacuate Collection Set: 33.5ms
[2026-01-16T09:48:51.909+0000][gc,phases   ] GC(1068)   Merge Heap Roots: 10.7ms
[2026-01-16T09:48:51.909+0000][gc,phases   ] GC(1068)   Evacuate Collection Set: 147.3ms
[2026-01-16T09:48:51.909+0000][gc,phases   ] GC(1068)   Post Evacuate Collection Set: 12.1ms
[2026-01-16T09:48:51.910+0000][gc,phases   ] GC(1068)   Other: 6.1ms
[2026-01-16T09:48:51.910+0000][gc,heap     ] GC(1068) Eden regions: 147->0(150)
[2026-01-16T09:48:51.911+0000][gc,heap     ] GC(1068) Survivor regions: 3->3(19)
[2026-01-16T09:48:51.912+0000][gc,heap     ] GC(1068) Old regions: 235->235
[2026-01-16T09:48:51.913+0000][gc,heap     ] GC(1068) Humongous regions: 96->96
[2026-01-16T09:48:51.913+0000][gc,metaspace] GC(1068) Metaspace: 13159K(13568K)->13159K(13568K) NonClass: 12045K(12224K)->12045K(12224K) Class: 1113K(1344K)->1113K(1344K)
[2026-01-16T09:48:51.914+0000][gc          ] GC(1068) Pause Young (Normal) (G1 Evacuation Pause) 480M->333M(1024M) 223.539ms
[2026-01-16T09:48:51.914+0000][gc,cpu      ] GC(1068) User=0.22s Sys=0.01s Real=0.22s
[2026-01-16T09:49:09.683+0000][gc,start    ] GC(1069) Pause Young (Normal) (G1 Evacuation Pause)
[2026-01-16T09:49:09.686+0000][gc,task     ] GC(1069) Using 8 workers of 8 for evacuation
[2026-01-16T09:49:09.763+0000][gc,phases   ] GC(1069)   Pre Evacuate Collection Set: 15.3ms
[2026-01-16T09:49:09.764+0000][gc,phases   ] GC(1069)   Merge Heap Roots: 2.0ms
[2026-01-16T09:49:09.765+0000][gc,phases   ] GC(1069)   Evacuate Collection Set: 48.8ms
[2026-01-16T09:49:09.765+0000][gc,phases   ] GC(1069)   Post Evacuate Collection Set: 8.9ms
[2026-01-16T09:49:09.765+0000][gc,phases   ] GC(1069)   Other: 3.5ms
[2026-01-16T09:49:09.766+0000][gc,heap     ] GC(1069) Eden regions: 173->0(302)
[2026-01-16T09:49:09.766+0000][gc,heap     ] GC(1069) Survivor regions: 3->3(22)
[2026-01-16T09:49:09.766+0000][gc,heap     ] GC(1069) Old regions: 235->236
[2026-01-16T09:49:09.767+0000][gc,heap     ] GC(1069) Humongous regions: 96->96
[2026-01-16T09:49:09.767+0000][gc,metaspace] GC(1069) Metaspace: 13159K(13568K)->13159K(13568K) NonClass: 12045K(12224K)->12045K(12224K) Class: 1113K(1344K)->1113K(1344K)
[2026-01-16T09:49:09.767+0000][gc          ] GC(1069) Pause Young (Normal) (G1 Evacuation Pause) 506M->333M(1024M) 84.345ms
[2026-01-16T09:49:09.768+0000][gc,cpu      ] GC(1069) User=0.16s Sys=0.02s Real=0.08s
[2026-01-16T09:49:33.215+0000][gc,start    ] GC(1070) Pause Young (Normal) (G1 Evacuation Pause)
[2026-01-16T09:49:33.217+0000][gc,task     ] GC(1070) Using 8 workers of 8 for evacuation
[2026-01-16T09:49:33.458+0000][gc,mmu      ] GC(1070) MMU target violated: 201.0ms (200.0ms/201.0ms)
[2026-01-16T09:49:33.460+0000][gc,phases   ] GC(1070)   Pre Evacuate Collection Set: 15.6ms
[2026-01-16T09:49:33.462+0000][gc,phases   ] GC(1070)   Merge Heap Roots: 10.4ms
[2026-01-16T09:49:33.463+0000][gc,phases   ] GC(1070)   Evacuate Collection Set: 203.2ms
[2026-01-16T09:49:33.463+0000][gc,phases   ] GC(1070)   Post Evacuate Collection Set: 9.5ms
[2026-01-16T09:49:33.464+0000][gc,phases   ] GC(1070)   Other: 4.6ms
[2026-01-16T09:49:33.464+0000][gc,heap     ] GC(1070) Eden regions: 272->0(59)
[2026-01-16T09:49:33.464+0000][gc,heap     ] GC(1070) Survivor regions: 3->4(35)
[2026-01-16T09:49:33.466+0000][gc,heap     ] GC(1070) Old regions: 236->236
[2026-01-16T09:49:33.467+0000][gc,heap     ] GC(1070) Humongous regions: 96->96
[2026-01-16T09:49:33.468+0000][gc,metaspace] GC(1070) Metaspace: 13160K(13568K)->13160K(13568K) NonClass: 12046K(12224K)->12046K(12224K) Class: 1113K(1344K)->1113K(1344K)
[2026-01-16T09:49:33.470+0000][gc          ] GC(1070) Pause Young (Normal) (G1 Evacuation Pause) 605M->334M(1024M) 255.447ms
[2026-01-16T09:49:33.473+0000][gc,cpu      ] GC(1070) User=0.33s Sys=0.03s Real=0.26s
[2026-01-16T09:49:40.256+0000][gc,start    ] GC(1071) Pause Young (Normal) (G1 Evacuation Pause)
[2026-01-16T09:49:40.261+0000][gc,task     ] GC(1071) Using 8 workers of 8 for evacuation
[2026-01-16T09:49:40.423+0000][gc,phases   ] GC(1071)   Pre Evacuate Collection Set: 17.1ms
[2026-01-16T09:49:40.443+0000][gc,phases   ] GC(1071)   Merge Heap Roots: 1.8ms
[2026-01-16T09:49:40.443+0000][gc,phases   ] GC(1071)   Evacuate Collection Set: 133.2ms
[2026-01-16T09:49:40.443+0000][gc,phases   ] GC(1071)   Post Evacuate Collection Set: 7.3ms
[2026-01-16T09:49:40.444+0000][gc,phases   ] GC(1071)   Other: 0.6ms
[2026-01-16T09:49:40.444+0000][gc,heap     ] GC(1071) Eden regions: 74->0(192)
[2026-01-16T09:49:40.444+0000][gc,heap     ] GC(1071) Survivor regions: 4->3(10)
[2026-01-16T09:49:40.444+0000][gc,heap     ] GC(1071) Old regions: 236->236
[2026-01-16T09:49:40.444+0000][gc,heap     ] GC(1071) Humongous regions: 96->96
[2026-01-16T09:49:40.445+0000][gc,metaspace] GC(1071) Metaspace: 13160K(13568K)->13160K(13568K) NonClass: 12046K(12224K)->12046K(12224K) Class: 1113K(1344K)->1113K(1344K)
[2026-01-16T09:49:40.447+0000][gc          ] GC(1071) Pause Young (Normal) (G1 Evacuation Pause) 408M->334M(1024M) 190.826ms
[2026-01-16T09:49:40.448+0000][gc,cpu      ] GC(1071) User=0.22s Sys=0.02s Real=0.19s
[2026-01-16T09:50:07.584+0000][gc,start    ] GC(1072) Pause Young (Normal) (G1 Evacuation Pause)
[2026-01-16T09:50:07.599+0000][gc,task     ] GC(1072) Using 8 workers of 8 for evacuation
[2026-01-16T09:50:08.676+0000][gc,mmu      ] GC(1072) MMU target violated: 201.0ms (200.0ms/201.0ms)
[2026-01-16T09:50:08.683+0000][gc,phases   ] GC(1072)   Pre Evacuate Collection Set: 141.5ms
[2026-01-16T09:50:08.686+0000][gc,phases   ] GC(1072)   Merge Heap Roots: 56.9ms
[2026-01-16T09:50:08.686+0000][gc,phases   ] GC(1072)   Evacuate Collection Set: 830.4ms
[2026-01-16T09:50:08.687+0000][gc,phases   ] GC(1072)   Post Evacuate Collection Set: 48.6ms
[2026-01-16T09:50:08.687+0000][gc,phases   ] GC(1072)   Other: 11.9ms
[2026-01-16T09:50:08.689+0000][gc,heap     ] GC(1072) Eden regions: 242->0(47)
[2026-01-16T09:50:08.689+0000][gc,heap     ] GC(1072) Survivor regions: 3->4(31)
[2026-01-16T09:50:08.691+0000][gc,heap     ] GC(1072) Old regions: 236->236
[2026-01-16T09:50:08.691+0000][gc,heap     ] GC(1072) Humongous regions: 96->96
[2026-01-16T09:50:08.692+0000][gc,metaspace] GC(1072) Metaspace: 13160K(13568K)->13160K(13568K) NonClass: 12046K(12224K)->12046K(12224K) Class: 1113K(1344K)->1113K(1344K)
[2026-01-16T09:50:08.695+0000][gc          ] GC(1072) Pause Young (Normal) (G1 Evacuation Pause) 576M->334M(1024M) 1114.213ms
[2026-01-16T09:50:08.703+0000][gc,cpu      ] GC(1072) User=0.58s Sys=0.09s Real=1.13s
[2026-01-16T09:50:12.781+0000][gc,start    ] GC(1073) Pause Young (Normal) (G1 Evacuation Pause)
[2026-01-16T09:50:12.784+0000][gc,task     ] GC(1073) Using 8 workers of 8 for evacuation
[2026-01-16T09:50:13.338+0000][gc,mmu      ] GC(1073) MMU target violated: 201.0ms (200.0ms/201.0ms)
[2026-01-16T09:50:13.342+0000][gc,phases   ] GC(1073)   Pre Evacuate Collection Set: 43.3ms
[2026-01-16T09:50:13.345+0000][gc,phases   ] GC(1073)   Merge Heap Roots: 10.2ms
[2026-01-16T09:50:13.345+0000][gc,phases   ] GC(1073)   Evacuate Collection Set: 482.7ms
[2026-01-16T09:50:13.346+0000][gc,phases   ] GC(1073)   Post Evacuate Collection Set: 14.7ms
[2026-01-16T09:50:13.346+0000][gc,phases   ] GC(1073)   Other: 8.0ms
[2026-01-16T09:50:13.346+0000][gc,heap     ] GC(1073) Eden regions: 47->0(47)
[2026-01-16T09:50:13.346+0000][gc,heap     ] GC(1073) Survivor regions: 4->4(7)
[2026-01-16T09:50:13.346+0000][gc,heap     ] GC(1073) Old regions: 236->236
[2026-01-16T09:50:13.347+0000][gc,heap     ] GC(1073) Humongous regions: 105->105
[2026-01-16T09:50:13.347+0000][gc,metaspace] GC(1073) Metaspace: 13160K(13568K)->13160K(13568K) NonClass: 12046K(12224K)->12046K(12224K) Class: 1113K(1344K)->1113K(1344K)
[2026-01-16T09:50:13.347+0000][gc          ] GC(1073) Pause Young (Normal) (G1 Evacuation Pause) 390M->344M(1024M) 566.919ms
[2026-01-16T09:50:13.348+0000][gc,cpu      ] GC(1073) User=0.29s Sys=0.02s Real=0.57s
[2026-01-16T09:50:14.642+0000][gc,start    ] GC(1074) Pause Young (Normal) (G1 Evacuation Pause)
[2026-01-16T09:50:14.645+0000][gc,task     ] GC(1074) Using 8 workers of 8 for evacuation
[2026-01-16T09:50:14.848+0000][gc,mmu      ] GC(1074) MMU target violated: 201.0ms (200.0ms/201.0ms)
[2026-01-16T09:50:14.849+0000][gc,phases   ] GC(1074)   Pre Evacuate Collection Set: 5.3ms
[2026-01-16T09:50:14.851+0000][gc,phases   ] GC(1074)   Merge Heap Roots: 0.4ms
[2026-01-16T09:50:14.853+0000][gc,phases   ] GC(1074)   Evacuate Collection Set: 175.4ms
[2026-01-16T09:50:14.854+0000][gc,phases   ] GC(1074)   Post Evacuate Collection Set: 21.6ms
[2026-01-16T09:50:14.854+0000][gc,phases   ] GC(1074)   Other: 2.1ms
[2026-01-16T09:50:14.855+0000][gc,heap     ] GC(1074) Eden regions: 47->0(46)
[2026-01-16T09:50:14.855+0000][gc,heap     ] GC(1074) Survivor regions: 4->5(7)
[2026-01-16T09:50:14.856+0000][gc,heap     ] GC(1074) Old regions: 236->236
[2026-01-16T09:50:14.856+0000][gc,heap     ] GC(1074) Humongous regions: 105->105
[2026-01-16T09:50:14.856+0000][gc,metaspace] GC(1074) Metaspace: 13160K(13568K)->13160K(13568K) NonClass: 12046K(12224K)->12046K(12224K) Class: 1113K(1344K)->1113K(1344K)
[2026-01-16T09:50:14.857+0000][gc          ] GC(1074) Pause Young (Normal) (G1 Evacuation Pause) 391M->345M(1024M) 214.845ms
[2026-01-16T09:50:14.857+0000][gc,cpu      ] GC(1074) User=0.12s Sys=0.02s Real=0.21s
[2026-01-16T09:50:15.797+0000][gc,start    ] GC(1075) Pause Young (Normal) (G1 Evacuation Pause)
[2026-01-16T09:50:15.798+0000][gc,task     ] GC(1075) Using 8 workers of 8 for evacuation
[2026-01-16T09:50:16.211+0000][gc,mmu      ] GC(1075) MMU target violated: 201.0ms (200.0ms/201.0ms)
[2026-01-16T09:50:16.215+0000][gc,phases   ] GC(1075)   Pre Evacuate Collection Set: 7.4ms
[2026-01-16T09:50:16.215+0000][gc,phases   ] GC(1075)   Merge Heap Roots: 0.8ms
[2026-01-16T09:50:16.216+0000][gc,phases   ] GC(1075)   Evacuate Collection Set: 392.7ms
[2026-01-16T09:50:16.216+0000][gc,phases   ] GC(1075)   Post Evacuate Collection Set: 11.9ms
[2026-01-16T09:50:16.217+0000][gc,phases   ] GC(1075)   Other: 4.3ms
[2026-01-16T09:50:16.218+0000][gc,heap     ] GC(1075) Eden regions: 46->0(46)
[2026-01-16T09:50:16.219+0000][gc,heap     ] GC(1075) Survivor regions: 5->5(7)
[2026-01-16T09:50:16.220+0000][gc,heap     ] GC(1075) Old regions: 236->237
[2026-01-16T09:50:16.220+0000][gc,heap     ] GC(1075) Humongous regions: 105->105
[2026-01-16T09:50:16.220+0000][gc,metaspace] GC(1075) Metaspace: 13160K(13568K)->13160K(13568K) NonClass: 12046K(12224K)->12046K(12224K) Class: 1113K(1344K)->1113K(1344K)
[2026-01-16T09:50:16.220+0000][gc          ] GC(1075) Pause Young (Normal) (G1 Evacuation Pause) 391M->345M(1024M) 423.228ms
[2026-01-16T09:50:16.220+0000][gc,cpu      ] GC(1075) User=0.11s Sys=0.05s Real=0.42s
[2026-01-16T09:50:19.177+0000][gc,start    ] GC(1076) Pause Young (Normal) (G1 Evacuation Pause)
[2026-01-16T09:50:19.181+0000][gc,task     ] GC(1076) Using 8 workers of 8 for evacuation
[2026-01-16T09:50:19.489+0000][gc,mmu      ] GC(1076) MMU target violated: 201.0ms (200.0ms/201.0ms)
[2026-01-16T09:50:19.490+0000][gc,phases   ] GC(1076)   Pre Evacuate Collection Set: 24.8ms
[2026-01-16T09:50:19.490+0000][gc,phases   ] GC(1076)   Merge Heap Roots: 5.6ms
[2026-01-16T09:50:19.490+0000][gc,phases   ] GC(1076)   Evacuate Collection Set: 265.6ms
[2026-01-16T09:50:19.491+0000][gc,phases   ] GC(1076)   Post Evacuate Collection Set: 9.4ms
[2026-01-16T09:50:19.492+0000][gc,phases   ] GC(1076)   Other: 3.7ms
[2026-01-16T09:50:19.495+0000][gc,heap     ] GC(1076) Eden regions: 46->0(48)
[2026-01-16T09:50:19.496+0000][gc,heap     ] GC(1076) Survivor regions: 5->3(7)
[2026-01-16T09:50:19.496+0000][gc,heap     ] GC(1076) Old regions: 237->237
[2026-01-16T09:50:19.499+0000][gc,heap     ] GC(1076) Humongous regions: 105->105
[2026-01-16T09:50:19.501+0000][gc,metaspace] GC(1076) Metaspace: 13160K(13568K)->13160K(13568K) NonClass: 12046K(12224K)->12046K(12224K) Class: 1113K(1344K)->1113K(1344K)
[2026-01-16T09:50:19.518+0000][gc          ] GC(1076) Pause Young (Normal) (G1 Evacuation Pause) 391M->344M(1024M) 341.197ms
[2026-01-16T09:50:19.519+0000][gc,cpu      ] GC(1076) User=0.30s Sys=0.03s Real=0.34s
[2026-01-16T09:50:22.079+0000][gc,start    ] GC(1077) Pause Young (Normal) (G1 Evacuation Pause)
[2026-01-16T09:50:22.081+0000][gc,task     ] GC(1077) Using 8 workers of 8 for evacuation
[2026-01-16T09:50:22.311+0000][gc,mmu      ] GC(1077) MMU target violated: 201.0ms (200.0ms/201.0ms)
[2026-01-16T09:50:22.311+0000][gc,phases   ] GC(1077)   Pre Evacuate Collection Set: 15.7ms
[2026-01-16T09:50:22.328+0000][gc,phases   ] GC(1077)   Merge Heap Roots: 2.3ms
[2026-01-16T09:50:22.328+0000][gc,phases   ] GC(1077)   Evacuate Collection Set: 197.1ms
[2026-01-16T09:50:22.329+0000][gc,phases   ] GC(1077)   Post Evacuate Collection Set: 13.4ms
[2026-01-16T09:50:22.330+0000][gc,phases   ] GC(1077)   Other: 2.3ms
[2026-01-16T09:50:22.331+0000][gc,heap     ] GC(1077) Eden regions: 48->0(48)
[2026-01-16T09:50:22.331+0000][gc,heap     ] GC(1077) Survivor regions: 3->3(7)
[2026-01-16T09:50:22.331+0000][gc,heap     ] GC(1077) Old regions: 237->237
[2026-01-16T09:50:22.331+0000][gc,heap     ] GC(1077) Humongous regions: 105->105
[2026-01-16T09:50:22.332+0000][gc,metaspace] GC(1077) Metaspace: 13160K(13568K)->13160K(13568K) NonClass: 12046K(12224K)->12046K(12224K) Class: 1113K(1344K)->1113K(1344K)
[2026-01-16T09:50:22.333+0000][gc          ] GC(1077) Pause Young (Normal) (G1 Evacuation Pause) 392M->344M(1024M) 253.458ms
[2026-01-16T09:50:22.335+0000][gc,cpu      ] GC(1077) User=0.20s Sys=0.02s Real=0.26s
[2026-01-16T09:50:24.793+0000][gc,start    ] GC(1078) Pause Young (Normal) (G1 Evacuation Pause)
[2026-01-16T09:50:24.794+0000][gc,task     ] GC(1078) Using 8 workers of 8 for evacuation
[2026-01-16T09:50:24.879+0000][gc,phases   ] GC(1078)   Pre Evacuate Collection Set: 15.2ms
[2026-01-16T09:50:24.880+0000][gc,phases   ] GC(1078)   Merge Heap Roots: 2.0ms
[2026-01-16T09:50:24.880+0000][gc,phases   ] GC(1078)   Evacuate Collection Set: 63.7ms
[2026-01-16T09:50:24.880+0000][gc,phases   ] GC(1078)   Post Evacuate Collection Set: 3.5ms
[2026-01-16T09:50:24.880+0000][gc,phases   ] GC(1078)   Other: 1.2ms
[2026-01-16T09:50:24.880+0000][gc,heap     ] GC(1078) Eden regions: 48->0(48)
[2026-01-16T09:50:24.881+0000][gc,heap     ] GC(1078) Survivor regions: 3->3(7)
[2026-01-16T09:50:24.881+0000][gc,heap     ] GC(1078) Old regions: 237->237
[2026-01-16T09:50:24.881+0000][gc,heap     ] GC(1078) Humongous regions: 105->105
[2026-01-16T09:50:24.882+0000][gc,metaspace] GC(1078) Metaspace: 13160K(13568K)->13160K(13568K) NonClass: 12046K(12224K)->12046K(12224K) Class: 1113K(1344K)->1113K(1344K)
[2026-01-16T09:50:24.883+0000][gc          ] GC(1078) Pause Young (Normal) (G1 Evacuation Pause) 392M->344M(1024M) 90.353ms
[2026-01-16T09:50:24.885+0000][gc,cpu      ] GC(1078) User=0.12s Sys=0.01s Real=0.09s
[2026-01-16T09:50:30.592+0000][gc,start    ] GC(1079) Pause Young (Normal) (G1 Evacuation Pause)
[2026-01-16T09:50:30.598+0000][gc,task     ] GC(1079) Using 8 workers of 8 for evacuation
[2026-01-16T09:50:30.763+0000][gc,phases   ] GC(1079)   Pre Evacuate Collection Set: 21.6ms
[2026-01-16T09:50:30.764+0000][gc,phases   ] GC(1079)   Merge Heap Roots: 2.1ms
[2026-01-16T09:50:30.764+0000][gc,phases   ] GC(1079)   Evacuate Collection Set: 128.2ms
[2026-01-16T09:50:30.764+0000][gc,phases   ] GC(1079)   Post Evacuate Collection Set: 11.3ms
[2026-01-16T09:50:30.764+0000][gc,phases   ] GC(1079)   Other: 4.6ms
[2026-01-16T09:50:30.765+0000][gc,heap     ] GC(1079) Eden regions: 48->0(48)
[2026-01-16T09:50:30.765+0000][gc,heap     ] GC(1079) Survivor regions: 3->3(7)
[2026-01-16T09:50:30.765+0000][gc,heap     ] GC(1079) Old regions: 237->237
[2026-01-16T09:50:30.765+0000][gc,heap     ] GC(1079) Humongous regions: 105->105
[2026-01-16T09:50:30.765+0000][gc,metaspace] GC(1079) Metaspace: 13160K(13568K)->13160K(13568K) NonClass: 12046K(12224K)->12046K(12224K) Class: 1113K(1344K)->1113K(1344K)
[2026-01-16T09:50:30.765+0000][gc          ] GC(1079) Pause Young (Normal) (G1 Evacuation Pause) 392M->343M(1024M) 173.472ms
[2026-01-16T09:50:30.765+0000][gc,cpu      ] GC(1079) User=0.20s Sys=0.02s Real=0.17s
[2026-01-16T09:50:32.550+0000][gc,start    ] GC(1080) Pause Young (Normal) (G1 Evacuation Pause)
[2026-01-16T09:50:32.554+0000][gc,task     ] GC(1080) Using 8 workers of 8 for evacuation
[2026-01-16T09:50:33.063+0000][gc,mmu      ] GC(1080) MMU target violated: 201.0ms (200.0ms/201.0ms)
[2026-01-16T09:50:33.068+0000][gc,phases   ] GC(1080)   Pre Evacuate Collection Set: 3.3ms
[2026-01-16T09:50:33.069+0000][gc,phases   ] GC(1080)   Merge Heap Roots: 0.7ms
[2026-01-16T09:50:33.069+0000][gc,phases   ] GC(1080)   Evacuate Collection Set: 492.4ms
[2026-01-16T09:50:33.070+0000][gc,phases   ] GC(1080)   Post Evacuate Collection Set: 11.3ms
[2026-01-16T09:50:33.071+0000][gc,phases   ] GC(1080)   Other: 8.7ms
[2026-01-16T09:50:33.073+0000][gc,heap     ] GC(1080) Eden regions: 48->0(48)
[2026-01-16T09:50:33.075+0000][gc,heap     ] GC(1080) Survivor regions: 3->3(7)
[2026-01-16T09:50:33.078+0000][gc,heap     ] GC(1080) Old regions: 237->237
[2026-01-16T09:50:33.079+0000][gc,heap     ] GC(1080) Humongous regions: 105->105
[2026-01-16T09:50:33.082+0000][gc,metaspace] GC(1080) Metaspace: 13160K(13568K)->13160K(13568K) NonClass: 12046K(12224K)->12046K(12224K) Class: 1113K(1344K)->1113K(1344K)
[2026-01-16T09:50:33.083+0000][gc          ] GC(1080) Pause Young (Normal) (G1 Evacuation Pause) 391M->344M(1024M) 532.686ms
[2026-01-16T09:50:33.084+0000][gc,cpu      ] GC(1080) User=0.30s Sys=0.03s Real=0.54s
[2026-01-16T09:50:39.457+0000][gc,start    ] GC(1081) Pause Young (Normal) (G1 Evacuation Pause)
[2026-01-16T09:50:39.460+0000][gc,task     ] GC(1081) Using 8 workers of 8 for evacuation
[2026-01-16T09:50:39.592+0000][gc,phases   ] GC(1081)   Pre Evacuate Collection Set: 8.7ms
[2026-01-16T09:50:39.593+0000][gc,phases   ] GC(1081)   Merge Heap Roots: 7.8ms
[2026-01-16T09:50:39.593+0000][gc,phases   ] GC(1081)   Evacuate Collection Set: 101.3ms
[2026-01-16T09:50:39.593+0000][gc,phases   ] GC(1081)   Post Evacuate Collection Set: 13.7ms
[2026-01-16T09:50:39.594+0000][gc,phases   ] GC(1081)   Other: 0.7ms
[2026-01-16T09:50:39.595+0000][gc,heap     ] GC(1081) Eden regions: 48->0(99)
[2026-01-16T09:50:39.596+0000][gc,heap     ] GC(1081) Survivor regions: 3->2(7)
[2026-01-16T09:50:39.598+0000][gc,heap     ] GC(1081) Old regions: 237->237
[2026-01-16T09:50:39.611+0000][gc,heap     ] GC(1081) Humongous regions: 105->105
[2026-01-16T09:50:39.612+0000][gc,metaspace] GC(1081) Metaspace: 13160K(13568K)->13160K(13568K) NonClass: 12046K(12224K)->12046K(12224K) Class: 1113K(1344K)->1113K(1344K)
[2026-01-16T09:50:39.617+0000][gc          ] GC(1081) Pause Young (Normal) (G1 Evacuation Pause) 392M->343M(1024M) 161.748ms
[2026-01-16T09:50:39.620+0000][gc,cpu      ] GC(1081) User=0.15s Sys=0.01s Real=0.17s
[2026-01-16T09:50:49.132+0000][gc,start    ] GC(1082) Pause Young (Normal) (G1 Evacuation Pause)
[2026-01-16T09:50:49.138+0000][gc,task     ] GC(1082) Using 8 workers of 8 for evacuation
[2026-01-16T09:50:49.242+0000][gc,phases   ] GC(1082)   Pre Evacuate Collection Set: 34.5ms
[2026-01-16T09:50:49.243+0000][gc,phases   ] GC(1082)   Merge Heap Roots: 1.0ms
[2026-01-16T09:50:49.243+0000][gc,phases   ] GC(1082)   Evacuate Collection Set: 56.3ms
[2026-01-16T09:50:49.245+0000][gc,phases   ] GC(1082)   Post Evacuate Collection Set: 6.7ms
[2026-01-16T09:50:49.249+0000][gc,phases   ] GC(1082)   Other: 3.6ms
[2026-01-16T09:50:49.253+0000][gc,heap     ] GC(1082) Eden regions: 115->0(102)
[2026-01-16T09:50:49.254+0000][gc,heap     ] GC(1082) Survivor regions: 2->3(15)
[2026-01-16T09:50:49.254+0000][gc,heap     ] GC(1082) Old regions: 237->237
[2026-01-16T09:50:49.255+0000][gc,heap     ] GC(1082) Humongous regions: 105->105
[2026-01-16T09:50:49.256+0000][gc,metaspace] GC(1082) Metaspace: 13160K(13568K)->13160K(13568K) NonClass: 12046K(12224K)->12046K(12224K) Class: 1113K(1344K)->1113K(1344K)
[2026-01-16T09:50:49.258+0000][gc          ] GC(1082) Pause Young (Normal) (G1 Evacuation Pause) 458M->343M(1024M) 125.614ms
[2026-01-16T09:50:49.260+0000][gc,cpu      ] GC(1082) User=0.14s Sys=0.02s Real=0.13s
[2026-01-16T09:50:59.606+0000][gc,start    ] GC(1083) Pause Young (Normal) (G1 Evacuation Pause)
[2026-01-16T09:50:59.607+0000][gc,task     ] GC(1083) Using 8 workers of 8 for evacuation
[2026-01-16T09:50:59.948+0000][gc,mmu      ] GC(1083) MMU target violated: 201.0ms (200.0ms/201.0ms)
[2026-01-16T09:50:59.948+0000][gc,phases   ] GC(1083)   Pre Evacuate Collection Set: 29.8ms
[2026-01-16T09:50:59.951+0000][gc,phases   ] GC(1083)   Merge Heap Roots: 37.4ms
[2026-01-16T09:50:59.953+0000][gc,phases   ] GC(1083)   Evacuate Collection Set: 226.6ms
[2026-01-16T09:50:59.954+0000][gc,phases   ] GC(1083)   Post Evacuate Collection Set: 44.5ms
[2026-01-16T09:50:59.955+0000][gc,phases   ] GC(1083)   Other: 3.0ms
[2026-01-16T09:50:59.956+0000][gc,heap     ] GC(1083) Eden regions: 115->0(48)
[2026-01-16T09:50:59.956+0000][gc,heap     ] GC(1083) Survivor regions: 3->3(15)
[2026-01-16T09:50:59.956+0000][gc,heap     ] GC(1083) Old regions: 237->237
[2026-01-16T09:50:59.957+0000][gc,heap     ] GC(1083) Humongous regions: 105->105
[2026-01-16T09:50:59.957+0000][gc,metaspace] GC(1083) Metaspace: 13160K(13568K)->13160K(13568K) NonClass: 12046K(12224K)->12046K(12224K) Class: 1113K(1344K)->1113K(1344K)
[2026-01-16T09:50:59.959+0000][gc          ] GC(1083) Pause Young (Normal) (G1 Evacuation Pause) 458M->344M(1024M) 360.997ms
[2026-01-16T09:50:59.961+0000][gc,cpu      ] GC(1083) User=0.27s Sys=0.02s Real=0.36s
[2026-01-16T09:51:02.853+0000][gc,start    ] GC(1084) Pause Young (Normal) (G1 Evacuation Pause)
[2026-01-16T09:51:02.854+0000][gc,task     ] GC(1084) Using 8 workers of 8 for evacuation
[2026-01-16T09:51:03.034+0000][gc,phases   ] GC(1084)   Pre Evacuate Collection Set: 18.9ms
[2026-01-16T09:51:03.035+0000][gc,phases   ] GC(1084)   Merge Heap Roots: 1.7ms
[2026-01-16T09:51:03.036+0000][gc,phases   ] GC(1084)   Evacuate Collection Set: 149.9ms
[2026-01-16T09:51:03.036+0000][gc,phases   ] GC(1084)   Post Evacuate Collection Set: 9.8ms
[2026-01-16T09:51:03.036+0000][gc,phases   ] GC(1084)   Other: 0.6ms
[2026-01-16T09:51:03.037+0000][gc,heap     ] GC(1084) Eden regions: 48->0(47)
[2026-01-16T09:51:03.037+0000][gc,heap     ] GC(1084) Survivor regions: 3->4(7)
[2026-01-16T09:51:03.038+0000][gc,heap     ] GC(1084) Old regions: 237->237
[2026-01-16T09:51:03.038+0000][gc,heap     ] GC(1084) Humongous regions: 105->105
[2026-01-16T09:51:03.038+0000][gc,metaspace] GC(1084) Metaspace: 13160K(13568K)->13160K(13568K) NonClass: 12046K(12224K)->12046K(12224K) Class: 1113K(1344K)->1113K(1344K)
[2026-01-16T09:51:03.039+0000][gc          ] GC(1084) Pause Young (Normal) (G1 Evacuation Pause) 392M->344M(1024M) 186.231ms
[2026-01-16T09:51:03.040+0000][gc,cpu      ] GC(1084) User=0.16s Sys=0.01s Real=0.19s
[2026-01-16T09:51:04.180+0000][gc,start    ] GC(1085) Pause Young (Normal) (G1 Evacuation Pause)
[2026-01-16T09:51:04.181+0000][gc,task     ] GC(1085) Using 8 workers of 8 for evacuation
[2026-01-16T09:51:04.282+0000][gc,phases   ] GC(1085)   Pre Evacuate Collection Set: 4.9ms
[2026-01-16T09:51:04.283+0000][gc,phases   ] GC(1085)   Merge Heap Roots: 0.3ms
[2026-01-16T09:51:04.283+0000][gc,phases   ] GC(1085)   Evacuate Collection Set: 82.4ms
[2026-01-16T09:51:04.283+0000][gc,phases   ] GC(1085)   Post Evacuate Collection Set: 13.2ms
[2026-01-16T09:51:04.284+0000][gc,phases   ] GC(1085)   Other: 0.4ms
[2026-01-16T09:51:04.284+0000][gc,heap     ] GC(1085) Eden regions: 47->0(47)
[2026-01-16T09:51:04.285+0000][gc,heap     ] GC(1085) Survivor regions: 4->4(7)
[2026-01-16T09:51:04.288+0000][gc,heap     ] GC(1085) Old regions: 237->238
[2026-01-16T09:51:04.289+0000][gc,heap     ] GC(1085) Humongous regions: 105->105
[2026-01-16T09:51:04.289+0000][gc,metaspace] GC(1085) Metaspace: 13160K(13568K)->13160K(13568K) NonClass: 12046K(12224K)->12046K(12224K) Class: 1113K(1344K)->1113K(1344K)
[2026-01-16T09:51:04.296+0000][gc          ] GC(1085) Pause Young (Normal) (G1 Evacuation Pause) 391M->345M(1024M) 116.209ms
[2026-01-16T09:51:04.297+0000][gc,cpu      ] GC(1085) User=0.06s Sys=0.00s Real=0.12s
[2026-01-16T09:51:10.818+0000][gc,start    ] GC(1086) Pause Young (Normal) (G1 Evacuation Pause)
[2026-01-16T09:51:10.820+0000][gc,task     ] GC(1086) Using 8 workers of 8 for evacuation
[2026-01-16T09:51:10.876+0000][gc,phases   ] GC(1086)   Pre Evacuate Collection Set: 4.9ms
[2026-01-16T09:51:10.876+0000][gc,phases   ] GC(1086)   Merge Heap Roots: 0.6ms
[2026-01-16T09:51:10.876+0000][gc,phases   ] GC(1086)   Evacuate Collection Set: 41.4ms
[2026-01-16T09:51:10.876+0000][gc,phases   ] GC(1086)   Post Evacuate Collection Set: 7.6ms
[2026-01-16T09:51:10.877+0000][gc,phases   ] GC(1086)   Other: 1.0ms
[2026-01-16T09:51:10.877+0000][gc,heap     ] GC(1086) Eden regions: 47->0(193)
[2026-01-16T09:51:10.877+0000][gc,heap     ] GC(1086) Survivor regions: 4->3(7)
[2026-01-16T09:51:10.877+0000][gc,heap     ] GC(1086) Old regions: 238->238
[2026-01-16T09:51:10.878+0000][gc,heap     ] GC(1086) Humongous regions: 105->105
[2026-01-16T09:51:10.878+0000][gc,metaspace] GC(1086) Metaspace: 13160K(13568K)->13160K(13568K) NonClass: 12046K(12224K)->12046K(12224K) Class: 1113K(1344K)->1113K(1344K)
[2026-01-16T09:51:10.878+0000][gc          ] GC(1086) Pause Young (Normal) (G1 Evacuation Pause) 392M->344M(1024M) 60.166ms
[2026-01-16T09:51:10.878+0000][gc,cpu      ] GC(1086) User=0.15s Sys=0.03s Real=0.06s
[2026-01-16T09:51:22.387+0000][gc,start    ] GC(1087) Pause Young (Normal) (G1 Evacuation Pause)
[2026-01-16T09:51:22.388+0000][gc,task     ] GC(1087) Using 8 workers of 8 for evacuation
[2026-01-16T09:51:22.534+0000][gc,phases   ] GC(1087)   Pre Evacuate Collection Set: 18.0ms
[2026-01-16T09:51:22.535+0000][gc,phases   ] GC(1087)   Merge Heap Roots: 3.4ms
[2026-01-16T09:51:22.535+0000][gc,phases   ] GC(1087)   Evacuate Collection Set: 110.5ms
[2026-01-16T09:51:22.535+0000][gc,phases   ] GC(1087)   Post Evacuate Collection Set: 10.2ms
[2026-01-16T09:51:22.536+0000][gc,phases   ] GC(1087)   Other: 3.3ms
[2026-01-16T09:51:22.537+0000][gc,heap     ] GC(1087) Eden regions: 193->0(203)
[2026-01-16T09:51:22.540+0000][gc,heap     ] GC(1087) Survivor regions: 3->3(25)
[2026-01-16T09:51:22.540+0000][gc,heap     ] GC(1087) Old regions: 238->238
[2026-01-16T09:51:22.541+0000][gc,heap     ] GC(1087) Humongous regions: 105->105
[2026-01-16T09:51:22.542+0000][gc,metaspace] GC(1087) Metaspace: 13160K(13568K)->13160K(13568K) NonClass: 12046K(12224K)->12046K(12224K) Class: 1113K(1344K)->1113K(1344K)
[2026-01-16T09:51:22.544+0000][gc          ] GC(1087) Pause Young (Normal) (G1 Evacuation Pause) 537M->345M(1024M) 157.252ms
[2026-01-16T09:51:22.548+0000][gc,cpu      ] GC(1087) User=0.22s Sys=0.02s Real=0.16s
[2026-01-16T09:51:41.809+0000][gc,start    ] GC(1088) Pause Young (Normal) (G1 Evacuation Pause)
[2026-01-16T09:51:41.810+0000][gc,task     ] GC(1088) Using 8 workers of 8 for evacuation
[2026-01-16T09:51:41.944+0000][gc,phases   ] GC(1088)   Pre Evacuate Collection Set: 15.7ms
[2026-01-16T09:51:41.946+0000][gc,phases   ] GC(1088)   Merge Heap Roots: 4.6ms
[2026-01-16T09:51:41.946+0000][gc,phases   ] GC(1088)   Evacuate Collection Set: 91.6ms
[2026-01-16T09:51:41.946+0000][gc,phases   ] GC(1088)   Post Evacuate Collection Set: 17.0ms
[2026-01-16T09:51:41.947+0000][gc,phases   ] GC(1088)   Other: 5.6ms
[2026-01-16T09:51:41.947+0000][gc,heap     ] GC(1088) Eden regions: 204->0(270)
[2026-01-16T09:51:41.948+0000][gc,heap     ] GC(1088) Survivor regions: 3->3(26)
[2026-01-16T09:51:41.948+0000][gc,heap     ] GC(1088) Old regions: 238->239
[2026-01-16T09:51:41.948+0000][gc,heap     ] GC(1088) Humongous regions: 105->105
[2026-01-16T09:51:41.949+0000][gc,metaspace] GC(1088) Metaspace: 13160K(13568K)->13160K(13568K) NonClass: 12046K(12224K)->12046K(12224K) Class: 1113K(1344K)->1113K(1344K)
[2026-01-16T09:51:41.950+0000][gc          ] GC(1088) Pause Young (Normal) (G1 Evacuation Pause) 549M->346M(1024M) 140.937ms
[2026-01-16T09:51:41.950+0000][gc,cpu      ] GC(1088) User=0.24s Sys=0.01s Real=0.14s
[2026-01-16T09:52:12.072+0000][gc,start    ] GC(1089) Pause Young (Normal) (G1 Evacuation Pause)
[2026-01-16T09:52:12.073+0000][gc,task     ] GC(1089) Using 8 workers of 8 for evacuation
[2026-01-16T09:52:12.268+0000][gc,phases   ] GC(1089)   Pre Evacuate Collection Set: 17.5ms
[2026-01-16T09:52:12.269+0000][gc,phases   ] GC(1089)   Merge Heap Roots: 9.4ms
[2026-01-16T09:52:12.269+0000][gc,phases   ] GC(1089)   Evacuate Collection Set: 140.9ms
[2026-01-16T09:52:12.270+0000][gc,phases   ] GC(1089)   Post Evacuate Collection Set: 26.1ms
[2026-01-16T09:52:12.270+0000][gc,phases   ] GC(1089)   Other: 0.7ms
[2026-01-16T09:52:12.271+0000][gc,heap     ] GC(1089) Eden regions: 321->0(175)
[2026-01-16T09:52:12.272+0000][gc,heap     ] GC(1089) Survivor regions: 3->4(41)
[2026-01-16T09:52:12.273+0000][gc,heap     ] GC(1089) Old regions: 239->239
[2026-01-16T09:52:12.275+0000][gc,heap     ] GC(1089) Humongous regions: 105->105
[2026-01-16T09:52:12.275+0000][gc,metaspace] GC(1089) Metaspace: 13160K(13568K)->13160K(13568K) NonClass: 12046K(12224K)->12046K(12224K) Class: 1113K(1344K)->1113K(1344K)
[2026-01-16T09:52:12.275+0000][gc          ] GC(1089) Pause Young (Normal) (G1 Evacuation Pause) 667M->346M(1024M) 204.151ms
[2026-01-16T09:52:12.276+0000][gc,cpu      ] GC(1089) User=0.42s Sys=0.05s Real=0.20s
[2026-01-16T09:52:32.157+0000][gc,start    ] GC(1090) Pause Young (Normal) (G1 Evacuation Pause)
[2026-01-16T09:52:32.176+0000][gc,task     ] GC(1090) Using 8 workers of 8 for evacuation
[2026-01-16T09:52:32.314+0000][gc,phases   ] GC(1090)   Pre Evacuate Collection Set: 23.0ms
[2026-01-16T09:52:32.315+0000][gc,phases   ] GC(1090)   Merge Heap Roots: 6.0ms
[2026-01-16T09:52:32.316+0000][gc,phases   ] GC(1090)   Evacuate Collection Set: 90.1ms
[2026-01-16T09:52:32.318+0000][gc,phases   ] GC(1090)   Post Evacuate Collection Set: 16.4ms
[2026-01-16T09:52:32.318+0000][gc,phases   ] GC(1090)   Other: 19.7ms
[2026-01-16T09:52:32.318+0000][gc,heap     ] GC(1090) Eden regions: 249->0(264)
[2026-01-16T09:52:32.320+0000][gc,heap     ] GC(1090) Survivor regions: 4->4(32)
[2026-01-16T09:52:32.320+0000][gc,heap     ] GC(1090) Old regions: 239->239
[2026-01-16T09:52:32.320+0000][gc,heap     ] GC(1090) Humongous regions: 105->105
[2026-01-16T09:52:32.321+0000][gc,metaspace] GC(1090) Metaspace: 13160K(13568K)->13160K(13568K) NonClass: 12046K(12224K)->12046K(12224K) Class: 1113K(1344K)->1113K(1344K)
[2026-01-16T09:52:32.322+0000][gc          ] GC(1090) Pause Young (Normal) (G1 Evacuation Pause) 595M->347M(1024M) 165.312ms
[2026-01-16T09:52:32.323+0000][gc,cpu      ] GC(1090) User=0.31s Sys=0.02s Real=0.17s
[2026-01-16T09:53:03.039+0000][gc,start    ] GC(1091) Pause Young (Normal) (G1 Evacuation Pause)
[2026-01-16T09:53:03.049+0000][gc,task     ] GC(1091) Using 8 workers of 8 for evacuation
[2026-01-16T09:53:03.459+0000][gc,mmu      ] GC(1091) MMU target violated: 201.0ms (200.0ms/201.0ms)
[2026-01-16T09:53:03.460+0000][gc,phases   ] GC(1091)   Pre Evacuate Collection Set: 52.7ms
[2026-01-16T09:53:03.460+0000][gc,phases   ] GC(1091)   Merge Heap Roots: 18.5ms
[2026-01-16T09:53:03.460+0000][gc,phases   ] GC(1091)   Evacuate Collection Set: 295.2ms
[2026-01-16T09:53:03.460+0000][gc,phases   ] GC(1091)   Post Evacuate Collection Set: 41.8ms
[2026-01-16T09:53:03.461+0000][gc,phases   ] GC(1091)   Other: 3.1ms
[2026-01-16T09:53:03.461+0000][gc,heap     ] GC(1091) Eden regions: 324->0(46)
[2026-01-16T09:53:03.461+0000][gc,heap     ] GC(1091) Survivor regions: 4->5(41)
[2026-01-16T09:53:03.461+0000][gc,heap     ] GC(1091) Old regions: 239->239
[2026-01-16T09:53:03.462+0000][gc,heap     ] GC(1091) Humongous regions: 105->105
[2026-01-16T09:53:03.462+0000][gc,metaspace] GC(1091) Metaspace: 13162K(13568K)->13162K(13568K) NonClass: 12048K(12224K)->12048K(12224K) Class: 1113K(1344K)->1113K(1344K)
[2026-01-16T09:53:03.463+0000][gc          ] GC(1091) Pause Young (Normal) (G1 Evacuation Pause) 671M->347M(1024M) 427.917ms
[2026-01-16T09:53:03.468+0000][gc,cpu      ] GC(1091) User=0.43s Sys=0.03s Real=0.43s
[2026-01-16T09:53:06.175+0000][gc,start    ] GC(1092) Pause Young (Normal) (G1 Evacuation Pause)
[2026-01-16T09:53:06.180+0000][gc,task     ] GC(1092) Using 8 workers of 8 for evacuation
[2026-01-16T09:53:06.583+0000][gc,mmu      ] GC(1092) MMU target violated: 201.0ms (200.0ms/201.0ms)
[2026-01-16T09:53:06.584+0000][gc,phases   ] GC(1092)   Pre Evacuate Collection Set: 12.4ms
[2026-01-16T09:53:06.584+0000][gc,phases   ] GC(1092)   Merge Heap Roots: 2.9ms
[2026-01-16T09:53:06.584+0000][gc,phases   ] GC(1092)   Evacuate Collection Set: 374.1ms
[2026-01-16T09:53:06.584+0000][gc,phases   ] GC(1092)   Post Evacuate Collection Set: 11.1ms
[2026-01-16T09:53:06.585+0000][gc,phases   ] GC(1092)   Other: 7.3ms
[2026-01-16T09:53:06.585+0000][gc,heap     ] GC(1092) Eden regions: 46->0(46)
[2026-01-16T09:53:06.585+0000][gc,heap     ] GC(1092) Survivor regions: 5->5(7)
[2026-01-16T09:53:06.585+0000][gc,heap     ] GC(1092) Old regions: 239->239
[2026-01-16T09:53:06.586+0000][gc,heap     ] GC(1092) Humongous regions: 105->105
[2026-01-16T09:53:06.586+0000][gc,metaspace] GC(1092) Metaspace: 13162K(13568K)->13162K(13568K) NonClass: 12048K(12224K)->12048K(12224K) Class: 1113K(1344K)->1113K(1344K)
[2026-01-16T09:53:06.586+0000][gc          ] GC(1092) Pause Young (Normal) (G1 Evacuation Pause) 393M->347M(1024M) 411.435ms
[2026-01-16T09:53:06.587+0000][gc,cpu      ] GC(1092) User=0.36s Sys=0.03s Real=0.41s
[2026-01-16T09:53:11.157+0000][gc,start    ] GC(1093) Pause Young (Normal) (G1 Evacuation Pause)
[2026-01-16T09:53:11.167+0000][gc,task     ] GC(1093) Using 8 workers of 8 for evacuation
[2026-01-16T09:53:11.452+0000][gc,mmu      ] GC(1093) MMU target violated: 201.0ms (200.0ms/201.0ms)
[2026-01-16T09:53:11.456+0000][gc,phases   ] GC(1093)   Pre Evacuate Collection Set: 11.5ms
[2026-01-16T09:53:11.456+0000][gc,phases   ] GC(1093)   Merge Heap Roots: 7.1ms
[2026-01-16T09:53:11.457+0000][gc,phases   ] GC(1093)   Evacuate Collection Set: 249.7ms
[2026-01-16T09:53:11.458+0000][gc,phases   ] GC(1093)   Post Evacuate Collection Set: 16.5ms
[2026-01-16T09:53:11.459+0000][gc,phases   ] GC(1093)   Other: 4.6ms
[2026-01-16T09:53:11.463+0000][gc,heap     ] GC(1093) Eden regions: 46->0(47)
[2026-01-16T09:53:11.464+0000][gc,heap     ] GC(1093) Survivor regions: 5->4(7)
[2026-01-16T09:53:11.466+0000][gc,heap     ] GC(1093) Old regions: 239->239
[2026-01-16T09:53:11.467+0000][gc,heap     ] GC(1093) Humongous regions: 105->105
[2026-01-16T09:53:11.467+0000][gc,metaspace] GC(1093) Metaspace: 13162K(13568K)->13162K(13568K) NonClass: 12048K(12224K)->12048K(12224K) Class: 1113K(1344K)->1113K(1344K)
[2026-01-16T09:53:11.475+0000][gc          ] GC(1093) Pause Young (Normal) (G1 Evacuation Pause) 393M->347M(1024M) 318.009ms
[2026-01-16T09:53:11.478+0000][gc,cpu      ] GC(1093) User=0.24s Sys=0.03s Real=0.32s
[2026-01-16T09:53:12.722+0000][gc,start    ] GC(1094) Pause Young (Normal) (G1 Evacuation Pause)
[2026-01-16T09:53:12.726+0000][gc,task     ] GC(1094) Using 8 workers of 8 for evacuation
[2026-01-16T09:53:12.903+0000][gc,phases   ] GC(1094)   Pre Evacuate Collection Set: 5.9ms
[2026-01-16T09:53:12.906+0000][gc,phases   ] GC(1094)   Merge Heap Roots: 10.2ms
[2026-01-16T09:53:12.910+0000][gc,phases   ] GC(1094)   Evacuate Collection Set: 157.0ms
[2026-01-16T09:53:12.920+0000][gc,phases   ] GC(1094)   Post Evacuate Collection Set: 2.2ms
[2026-01-16T09:53:12.921+0000][gc,phases   ] GC(1094)   Other: 1.3ms
[2026-01-16T09:53:12.921+0000][gc,heap     ] GC(1094) Eden regions: 47->0(47)
[2026-01-16T09:53:12.922+0000][gc,heap     ] GC(1094) Survivor regions: 4->4(7)
[2026-01-16T09:53:12.922+0000][gc,heap     ] GC(1094) Old regions: 239->239
[2026-01-16T09:53:12.922+0000][gc,heap     ] GC(1094) Humongous regions: 105->105
[2026-01-16T09:53:12.923+0000][gc,metaspace] GC(1094) Metaspace: 13162K(13568K)->13162K(13568K) NonClass: 12048K(12224K)->12048K(12224K) Class: 1113K(1344K)->1113K(1344K)
[2026-01-16T09:53:12.923+0000][gc          ] GC(1094) Pause Young (Normal) (G1 Evacuation Pause) 394M->347M(1024M) 200.891ms
[2026-01-16T09:53:12.924+0000][gc,cpu      ] GC(1094) User=0.10s Sys=0.00s Real=0.20s
[2026-01-16T09:53:19.423+0000][gc,start    ] GC(1095) Pause Young (Normal) (G1 Evacuation Pause)
[2026-01-16T09:53:19.425+0000][gc,task     ] GC(1095) Using 8 workers of 8 for evacuation
[2026-01-16T09:53:19.549+0000][gc,phases   ] GC(1095)   Pre Evacuate Collection Set: 13.4ms
[2026-01-16T09:53:19.553+0000][gc,phases   ] GC(1095)   Merge Heap Roots: 4.0ms
[2026-01-16T09:53:19.553+0000][gc,phases   ] GC(1095)   Evacuate Collection Set: 93.3ms
[2026-01-16T09:53:19.554+0000][gc,phases   ] GC(1095)   Post Evacuate Collection Set: 12.8ms
[2026-01-16T09:53:19.554+0000][gc,phases   ] GC(1095)   Other: 1.4ms
[2026-01-16T09:53:19.554+0000][gc,heap     ] GC(1095) Eden regions: 47->0(47)
[2026-01-16T09:53:19.554+0000][gc,heap     ] GC(1095) Survivor regions: 4->4(7)
[2026-01-16T09:53:19.555+0000][gc,heap     ] GC(1095) Old regions: 239->239
[2026-01-16T09:53:19.555+0000][gc,heap     ] GC(1095) Humongous regions: 105->105
[2026-01-16T09:53:19.555+0000][gc,metaspace] GC(1095) Metaspace: 13162K(13568K)->13162K(13568K) NonClass: 12048K(12224K)->12048K(12224K) Class: 1113K(1344K)->1113K(1344K)
[2026-01-16T09:53:19.557+0000][gc          ] GC(1095) Pause Young (Normal) (G1 Evacuation Pause) 394M->347M(1024M) 133.565ms
[2026-01-16T09:53:19.558+0000][gc,cpu      ] GC(1095) User=0.17s Sys=0.01s Real=0.13s
[2026-01-16T09:53:20.692+0000][gc,start    ] GC(1096) Pause Young (Normal) (G1 Evacuation Pause)
[2026-01-16T09:53:20.693+0000][gc,task     ] GC(1096) Using 8 workers of 8 for evacuation
[2026-01-16T09:53:20.727+0000][gc,phases   ] GC(1096)   Pre Evacuate Collection Set: 1.7ms
[2026-01-16T09:53:20.727+0000][gc,phases   ] GC(1096)   Merge Heap Roots: 0.5ms
[2026-01-16T09:53:20.728+0000][gc,phases   ] GC(1096)   Evacuate Collection Set: 28.9ms
[2026-01-16T09:53:20.728+0000][gc,phases   ] GC(1096)   Post Evacuate Collection Set: 2.4ms
[2026-01-16T09:53:20.729+0000][gc,phases   ] GC(1096)   Other: 0.5ms
[2026-01-16T09:53:20.729+0000][gc,heap     ] GC(1096) Eden regions: 47->0(80)
[2026-01-16T09:53:20.730+0000][gc,heap     ] GC(1096) Survivor regions: 4->4(7)
[2026-01-16T09:53:20.730+0000][gc,heap     ] GC(1096) Old regions: 239->239
[2026-01-16T09:53:20.730+0000][gc,heap     ] GC(1096) Humongous regions: 105->105
[2026-01-16T09:53:20.731+0000][gc,metaspace] GC(1096) Metaspace: 13162K(13568K)->13162K(13568K) NonClass: 12048K(12224K)->12048K(12224K) Class: 1113K(1344K)->1113K(1344K)
[2026-01-16T09:53:20.731+0000][gc          ] GC(1096) Pause Young (Normal) (G1 Evacuation Pause) 394M->347M(1024M) 38.672ms
[2026-01-16T09:53:20.731+0000][gc,cpu      ] GC(1096) User=0.08s Sys=0.01s Real=0.04s
[2026-01-16T09:53:30.831+0000][gc,start    ] GC(1097) Pause Young (Normal) (G1 Evacuation Pause)
[2026-01-16T09:53:30.832+0000][gc,task     ] GC(1097) Using 8 workers of 8 for evacuation
[2026-01-16T09:53:30.944+0000][gc,phases   ] GC(1097)   Pre Evacuate Collection Set: 13.6ms
[2026-01-16T09:53:30.944+0000][gc,phases   ] GC(1097)   Merge Heap Roots: 3.6ms
[2026-01-16T09:53:30.945+0000][gc,phases   ] GC(1097)   Evacuate Collection Set: 84.1ms
[2026-01-16T09:53:30.945+0000][gc,phases   ] GC(1097)   Post Evacuate Collection Set: 8.7ms
[2026-01-16T09:53:30.945+0000][gc,phases   ] GC(1097)   Other: 2.0ms
[2026-01-16T09:53:30.946+0000][gc,heap     ] GC(1097) Eden regions: 119->0(183)
[2026-01-16T09:53:30.947+0000][gc,heap     ] GC(1097) Survivor regions: 4->4(16)
[2026-01-16T09:53:30.947+0000][gc,heap     ] GC(1097) Old regions: 239->239
[2026-01-16T09:53:30.947+0000][gc,heap     ] GC(1097) Humongous regions: 105->105
[2026-01-16T09:53:30.947+0000][gc,metaspace] GC(1097) Metaspace: 13162K(13568K)->13162K(13568K) NonClass: 12048K(12224K)->12048K(12224K) Class: 1113K(1344K)->1113K(1344K)
[2026-01-16T09:53:30.948+0000][gc          ] GC(1097) Pause Young (Normal) (G1 Evacuation Pause) 466M->347M(1024M) 116.745ms
[2026-01-16T09:53:30.948+0000][gc,cpu      ] GC(1097) User=0.27s Sys=0.01s Real=0.11s
[2026-01-16T09:53:50.573+0000][gc,start    ] GC(1098) Pause Young (Normal) (G1 Evacuation Pause)
[2026-01-16T09:53:50.575+0000][gc,task     ] GC(1098) Using 8 workers of 8 for evacuation
[2026-01-16T09:53:50.657+0000][gc,phases   ] GC(1098)   Pre Evacuate Collection Set: 15.9ms
[2026-01-16T09:53:50.657+0000][gc,phases   ] GC(1098)   Merge Heap Roots: 4.3ms
[2026-01-16T09:53:50.657+0000][gc,phases   ] GC(1098)   Evacuate Collection Set: 52.8ms
[2026-01-16T09:53:50.658+0000][gc,phases   ] GC(1098)   Post Evacuate Collection Set: 3.6ms
[2026-01-16T09:53:50.658+0000][gc,phases   ] GC(1098)   Other: 5.1ms
[2026-01-16T09:53:50.658+0000][gc,heap     ] GC(1098) Eden regions: 219->0(243)
[2026-01-16T09:53:50.658+0000][gc,heap     ] GC(1098) Survivor regions: 4->5(28)
[2026-01-16T09:53:50.659+0000][gc,heap     ] GC(1098) Old regions: 239->239
[2026-01-16T09:53:50.659+0000][gc,heap     ] GC(1098) Humongous regions: 105->105
[2026-01-16T09:53:50.659+0000][gc,metaspace] GC(1098) Metaspace: 13162K(13568K)->13162K(13568K) NonClass: 12048K(12224K)->12048K(12224K) Class: 1113K(1344K)->1113K(1344K)
[2026-01-16T09:53:50.659+0000][gc          ] GC(1098) Pause Young (Normal) (G1 Evacuation Pause) 566M->348M(1024M) 86.399ms
[2026-01-16T09:53:50.659+0000][gc,cpu      ] GC(1098) User=0.29s Sys=0.02s Real=0.08s
[2026-01-16T09:54:11.399+0000][gc,start    ] GC(1099) Pause Young (Normal) (G1 Evacuation Pause)
[2026-01-16T09:54:11.399+0000][gc,task     ] GC(1099) Using 8 workers of 8 for evacuation
[2026-01-16T09:54:11.489+0000][gc,phases   ] GC(1099)   Pre Evacuate Collection Set: 15.4ms
[2026-01-16T09:54:11.489+0000][gc,phases   ] GC(1099)   Merge Heap Roots: 2.1ms
[2026-01-16T09:54:11.489+0000][gc,phases   ] GC(1099)   Evacuate Collection Set: 67.2ms
[2026-01-16T09:54:11.489+0000][gc,phases   ] GC(1099)   Post Evacuate Collection Set: 4.3ms
[2026-01-16T09:54:11.490+0000][gc,phases   ] GC(1099)   Other: 0.5ms
[2026-01-16T09:54:11.490+0000][gc,heap     ] GC(1099) Eden regions: 272->0(411)
[2026-01-16T09:54:11.490+0000][gc,heap     ] GC(1099) Survivor regions: 5->5(35)
[2026-01-16T09:54:11.490+0000][gc,heap     ] GC(1099) Old regions: 239->240
[2026-01-16T09:54:11.490+0000][gc,heap     ] GC(1099) Humongous regions: 105->105
[2026-01-16T09:54:11.490+0000][gc,metaspace] GC(1099) Metaspace: 13162K(13568K)->13162K(13568K) NonClass: 12048K(12224K)->12048K(12224K) Class: 1113K(1344K)->1113K(1344K)
[2026-01-16T09:54:11.490+0000][gc          ] GC(1099) Pause Young (Normal) (G1 Evacuation Pause) 620M->348M(1024M) 91.706ms
[2026-01-16T09:54:11.491+0000][gc,cpu      ] GC(1099) User=0.40s Sys=0.04s Real=0.09s
[2026-01-16T09:54:55.037+0000][gc,start    ] GC(1100) Pause Young (Normal) (G1 Evacuation Pause)
[2026-01-16T09:54:55.052+0000][gc,task     ] GC(1100) Using 8 workers of 8 for evacuation
[2026-01-16T09:54:55.604+0000][gc,mmu      ] GC(1100) MMU target violated: 201.0ms (200.0ms/201.0ms)
[2026-01-16T09:54:55.606+0000][gc,phases   ] GC(1100)   Pre Evacuate Collection Set: 25.3ms
[2026-01-16T09:54:55.607+0000][gc,phases   ] GC(1100)   Merge Heap Roots: 10.6ms
[2026-01-16T09:54:55.607+0000][gc,phases   ] GC(1100)   Evacuate Collection Set: 430.6ms
[2026-01-16T09:54:55.610+0000][gc,phases   ] GC(1100)   Post Evacuate Collection Set: 80.0ms
[2026-01-16T09:54:55.613+0000][gc,phases   ] GC(1100)   Other: 8.6ms
[2026-01-16T09:54:55.625+0000][gc,heap     ] GC(1100) Eden regions: 433->0(45)
[2026-01-16T09:54:55.626+0000][gc,heap     ] GC(1100) Survivor regions: 5->6(55)
[2026-01-16T09:54:55.626+0000][gc,heap     ] GC(1100) Old regions: 240->240
[2026-01-16T09:54:55.627+0000][gc,heap     ] GC(1100) Humongous regions: 105->105
[2026-01-16T09:54:55.627+0000][gc,metaspace] GC(1100) Metaspace: 13162K(13568K)->13162K(13568K) NonClass: 12048K(12224K)->12048K(12224K) Class: 1113K(1344K)->1113K(1344K)
[2026-01-16T09:54:55.629+0000][gc          ] GC(1100) Pause Young (Normal) (G1 Evacuation Pause) 781M->349M(1024M) 592.078ms
[2026-01-16T09:54:55.630+0000][gc,cpu      ] GC(1100) User=0.80s Sys=0.06s Real=0.60s
[2026-01-16T09:55:00.208+0000][gc,start    ] GC(1101) Pause Young (Normal) (G1 Evacuation Pause)
[2026-01-16T09:55:00.213+0000][gc,task     ] GC(1101) Using 8 workers of 8 for evacuation
[2026-01-16T09:55:00.988+0000][gc,mmu      ] GC(1101) MMU target violated: 201.0ms (200.0ms/201.0ms)
[2026-01-16T09:55:00.994+0000][gc,phases   ] GC(1101)   Pre Evacuate Collection Set: 30.7ms
[2026-01-16T09:55:00.997+0000][gc,phases   ] GC(1101)   Merge Heap Roots: 16.5ms
[2026-01-16T09:55:01.000+0000][gc,phases   ] GC(1101)   Evacuate Collection Set: 685.6ms
[2026-01-16T09:55:01.001+0000][gc,phases   ] GC(1101)   Post Evacuate Collection Set: 42.3ms
[2026-01-16T09:55:01.001+0000][gc,phases   ] GC(1101)   Other: 6.7ms
[2026-01-16T09:55:01.002+0000][gc,heap     ] GC(1101) Eden regions: 45->0(47)
[2026-01-16T09:55:01.008+0000][gc,heap     ] GC(1101) Survivor regions: 6->4(7)
[2026-01-16T09:55:01.010+0000][gc,heap     ] GC(1101) Old regions: 240->241
[2026-01-16T09:55:01.013+0000][gc,heap     ] GC(1101) Humongous regions: 105->105
[2026-01-16T09:55:01.021+0000][gc,metaspace] GC(1101) Metaspace: 13162K(13568K)->13162K(13568K) NonClass: 12048K(12224K)->12048K(12224K) Class: 1113K(1344K)->1113K(1344K)
[2026-01-16T09:55:01.031+0000][gc          ] GC(1101) Pause Young (Normal) (G1 Evacuation Pause) 394M->348M(1024M) 822.718ms
[2026-01-16T09:55:01.050+0000][gc,cpu      ] GC(1101) User=0.29s Sys=0.13s Real=0.84s
[2026-01-16T09:55:03.093+0000][gc,start    ] GC(1102) Pause Young (Normal) (G1 Evacuation Pause)
[2026-01-16T09:55:03.097+0000][gc,task     ] GC(1102) Using 8 workers of 8 for evacuation
[2026-01-16T09:55:03.282+0000][gc,phases   ] GC(1102)   Pre Evacuate Collection Set: 16.9ms
[2026-01-16T09:55:03.282+0000][gc,phases   ] GC(1102)   Merge Heap Roots: 9.8ms
[2026-01-16T09:55:03.282+0000][gc,phases   ] GC(1102)   Evacuate Collection Set: 144.6ms
[2026-01-16T09:55:03.282+0000][gc,phases   ] GC(1102)   Post Evacuate Collection Set: 11.5ms
[2026-01-16T09:55:03.282+0000][gc,phases   ] GC(1102)   Other: 3.0ms
[2026-01-16T09:55:03.283+0000][gc,heap     ] GC(1102) Eden regions: 47->0(47)
[2026-01-16T09:55:03.283+0000][gc,heap     ] GC(1102) Survivor regions: 4->4(7)
[2026-01-16T09:55:03.283+0000][gc,heap     ] GC(1102) Old regions: 241->241
[2026-01-16T09:55:03.283+0000][gc,heap     ] GC(1102) Humongous regions: 105->105
[2026-01-16T09:55:03.283+0000][gc,metaspace] GC(1102) Metaspace: 13162K(13568K)->13162K(13568K) NonClass: 12048K(12224K)->12048K(12224K) Class: 1113K(1344K)->1113K(1344K)
[2026-01-16T09:55:03.283+0000][gc          ] GC(1102) Pause Young (Normal) (G1 Evacuation Pause) 395M->349M(1024M) 190.438ms
[2026-01-16T09:55:03.283+0000][gc,cpu      ] GC(1102) User=0.15s Sys=0.02s Real=0.19s
[2026-01-16T09:55:04.471+0000][gc,start    ] GC(1103) Pause Young (Normal) (G1 Evacuation Pause)
[2026-01-16T09:55:04.472+0000][gc,task     ] GC(1103) Using 8 workers of 8 for evacuation
[2026-01-16T09:55:04.633+0000][gc,phases   ] GC(1103)   Pre Evacuate Collection Set: 8.1ms
[2026-01-16T09:55:04.635+0000][gc,phases   ] GC(1103)   Merge Heap Roots: 4.5ms
[2026-01-16T09:55:04.635+0000][gc,phases   ] GC(1103)   Evacuate Collection Set: 145.5ms
[2026-01-16T09:55:04.635+0000][gc,phases   ] GC(1103)   Post Evacuate Collection Set: 2.0ms
[2026-01-16T09:55:04.636+0000][gc,phases   ] GC(1103)   Other: 0.7ms
[2026-01-16T09:55:04.636+0000][gc,heap     ] GC(1103) Eden regions: 47->0(46)
[2026-01-16T09:55:04.636+0000][gc,heap     ] GC(1103) Survivor regions: 4->5(7)
[2026-01-16T09:55:04.637+0000][gc,heap     ] GC(1103) Old regions: 241->241
[2026-01-16T09:55:04.638+0000][gc,heap     ] GC(1103) Humongous regions: 105->105
[2026-01-16T09:55:04.639+0000][gc,metaspace] GC(1103) Metaspace: 13162K(13568K)->13162K(13568K) NonClass: 12048K(12224K)->12048K(12224K) Class: 1113K(1344K)->1113K(1344K)
[2026-01-16T09:55:04.640+0000][gc          ] GC(1103) Pause Young (Normal) (G1 Evacuation Pause) 396M->349M(1024M) 169.260ms
[2026-01-16T09:55:04.641+0000][gc,cpu      ] GC(1103) User=0.13s Sys=0.01s Real=0.17s
[2026-01-16T09:55:09.982+0000][gc,start    ] GC(1104) Pause Young (Normal) (G1 Evacuation Pause)
[2026-01-16T09:55:09.993+0000][gc,task     ] GC(1104) Using 8 workers of 8 for evacuation
[2026-01-16T09:55:10.226+0000][gc,mmu      ] GC(1104) MMU target violated: 201.0ms (200.0ms/201.0ms)
[2026-01-16T09:55:10.233+0000][gc,phases   ] GC(1104)   Pre Evacuate Collection Set: 10.2ms
[2026-01-16T09:55:10.239+0000][gc,phases   ] GC(1104)   Merge Heap Roots: 1.9ms
[2026-01-16T09:55:10.245+0000][gc,phases   ] GC(1104)   Evacuate Collection Set: 181.2ms
[2026-01-16T09:55:10.246+0000][gc,phases   ] GC(1104)   Post Evacuate Collection Set: 39.6ms
[2026-01-16T09:55:10.247+0000][gc,phases   ] GC(1104)   Other: 8.3ms
[2026-01-16T09:55:10.250+0000][gc,heap     ] GC(1104) Eden regions: 46->0(48)
[2026-01-16T09:55:10.252+0000][gc,heap     ] GC(1104) Survivor regions: 5->3(7)
[2026-01-16T09:55:10.252+0000][gc,heap     ] GC(1104) Old regions: 241->242
[2026-01-16T09:55:10.252+0000][gc,heap     ] GC(1104) Humongous regions: 105->105
[2026-01-16T09:55:10.253+0000][gc,metaspace] GC(1104) Metaspace: 13162K(13568K)->13162K(13568K) NonClass: 12048K(12224K)->12048K(12224K) Class: 1113K(1344K)->1113K(1344K)
[2026-01-16T09:55:10.254+0000][gc          ] GC(1104) Pause Young (Normal) (G1 Evacuation Pause) 395M->349M(1024M) 272.254ms
[2026-01-16T09:55:10.254+0000][gc,cpu      ] GC(1104) User=0.15s Sys=0.04s Real=0.27s
[2026-01-16T09:55:11.144+0000][gc,start    ] GC(1105) Pause Young (Normal) (G1 Evacuation Pause)
[2026-01-16T09:55:11.148+0000][gc,task     ] GC(1105) Using 8 workers of 8 for evacuation
[2026-01-16T09:55:11.194+0000][gc,phases   ] GC(1105)   Pre Evacuate Collection Set: 13.5ms
[2026-01-16T09:55:11.195+0000][gc,phases   ] GC(1105)   Merge Heap Roots: 0.3ms
[2026-01-16T09:55:11.195+0000][gc,phases   ] GC(1105)   Evacuate Collection Set: 30.4ms
[2026-01-16T09:55:11.195+0000][gc,phases   ] GC(1105)   Post Evacuate Collection Set: 0.8ms
[2026-01-16T09:55:11.196+0000][gc,phases   ] GC(1105)   Other: 1.6ms
[2026-01-16T09:55:11.198+0000][gc,heap     ] GC(1105) Eden regions: 48->0(47)
[2026-01-16T09:55:11.198+0000][gc,heap     ] GC(1105) Survivor regions: 3->4(7)
[2026-01-16T09:55:11.198+0000][gc,heap     ] GC(1105) Old regions: 242->242
[2026-01-16T09:55:11.198+0000][gc,heap     ] GC(1105) Humongous regions: 105->105
[2026-01-16T09:55:11.198+0000][gc,metaspace] GC(1105) Metaspace: 13162K(13568K)->13162K(13568K) NonClass: 12048K(12224K)->12048K(12224K) Class: 1113K(1344K)->1113K(1344K)
[2026-01-16T09:55:11.199+0000][gc          ] GC(1105) Pause Young (Normal) (G1 Evacuation Pause) 397M->349M(1024M) 54.469ms
[2026-01-16T09:55:11.199+0000][gc,cpu      ] GC(1105) User=0.06s Sys=0.00s Real=0.05s
[2026-01-16T09:55:19.068+0000][gc,start    ] GC(1106) Pause Young (Normal) (G1 Evacuation Pause)
[2026-01-16T09:55:19.071+0000][gc,task     ] GC(1106) Using 8 workers of 8 for evacuation
[2026-01-16T09:55:19.118+0000][gc,phases   ] GC(1106)   Pre Evacuate Collection Set: 10.1ms
[2026-01-16T09:55:19.119+0000][gc,phases   ] GC(1106)   Merge Heap Roots: 0.7ms
[2026-01-16T09:55:19.119+0000][gc,phases   ] GC(1106)   Evacuate Collection Set: 32.8ms
[2026-01-16T09:55:19.119+0000][gc,phases   ] GC(1106)   Post Evacuate Collection Set: 3.7ms
[2026-01-16T09:55:19.119+0000][gc,phases   ] GC(1106)   Other: 0.5ms
[2026-01-16T09:55:19.119+0000][gc,heap     ] GC(1106) Eden regions: 47->0(113)
[2026-01-16T09:55:19.119+0000][gc,heap     ] GC(1106) Survivor regions: 4->3(7)
[2026-01-16T09:55:19.119+0000][gc,heap     ] GC(1106) Old regions: 242->242
[2026-01-16T09:55:19.119+0000][gc,heap     ] GC(1106) Humongous regions: 105->105
[2026-01-16T09:55:19.119+0000][gc,metaspace] GC(1106) Metaspace: 13162K(13568K)->13162K(13568K) NonClass: 12048K(12224K)->12048K(12224K) Class: 1113K(1344K)->1113K(1344K)
[2026-01-16T09:55:19.119+0000][gc          ] GC(1106) Pause Young (Normal) (G1 Evacuation Pause) 396M->349M(1024M) 51.509ms
[2026-01-16T09:55:19.120+0000][gc,cpu      ] GC(1106) User=0.14s Sys=0.01s Real=0.05s
[2026-01-16T09:55:29.476+0000][gc,start    ] GC(1107) Pause Young (Normal) (G1 Evacuation Pause)
[2026-01-16T09:55:29.476+0000][gc,task     ] GC(1107) Using 8 workers of 8 for evacuation
[2026-01-16T09:55:29.536+0000][gc,phases   ] GC(1107)   Pre Evacuate Collection Set: 3.7ms
[2026-01-16T09:55:29.536+0000][gc,phases   ] GC(1107)   Merge Heap Roots: 0.8ms
[2026-01-16T09:55:29.537+0000][gc,phases   ] GC(1107)   Evacuate Collection Set: 50.7ms
[2026-01-16T09:55:29.537+0000][gc,phases   ] GC(1107)   Post Evacuate Collection Set: 4.2ms
[2026-01-16T09:55:29.537+0000][gc,phases   ] GC(1107)   Other: 0.4ms
[2026-01-16T09:55:29.537+0000][gc,heap     ] GC(1107) Eden regions: 138->0(190)
[2026-01-16T09:55:29.538+0000][gc,heap     ] GC(1107) Survivor regions: 3->4(18)
[2026-01-16T09:55:29.538+0000][gc,heap     ] GC(1107) Old regions: 242->242
[2026-01-16T09:55:29.538+0000][gc,heap     ] GC(1107) Humongous regions: 105->105
[2026-01-16T09:55:29.538+0000][gc,metaspace] GC(1107) Metaspace: 13162K(13568K)->13162K(13568K) NonClass: 12048K(12224K)->12048K(12224K) Class: 1113K(1344K)->1113K(1344K)
[2026-01-16T09:55:29.539+0000][gc          ] GC(1107) Pause Young (Normal) (G1 Evacuation Pause) 487M->349M(1024M) 63.422ms
[2026-01-16T09:55:29.539+0000][gc,cpu      ] GC(1107) User=0.22s Sys=0.02s Real=0.06s
[2026-01-16T09:55:40.503+0000][gc,start    ] GC(1108) Pause Young (Normal) (G1 Evacuation Pause)
[2026-01-16T09:55:40.504+0000][gc,task     ] GC(1108) Using 8 workers of 8 for evacuation
[2026-01-16T09:55:40.547+0000][gc,phases   ] GC(1108)   Pre Evacuate Collection Set: 5.2ms
[2026-01-16T09:55:40.548+0000][gc,phases   ] GC(1108)   Merge Heap Roots: 2.1ms
[2026-01-16T09:55:40.548+0000][gc,phases   ] GC(1108)   Evacuate Collection Set: 32.7ms
[2026-01-16T09:55:40.548+0000][gc,phases   ] GC(1108)   Post Evacuate Collection Set: 2.4ms
[2026-01-16T09:55:40.548+0000][gc,phases   ] GC(1108)   Other: 1.3ms
[2026-01-16T09:55:40.548+0000][gc,heap     ] GC(1108) Eden regions: 190->0(311)
[2026-01-16T09:55:40.548+0000][gc,heap     ] GC(1108) Survivor regions: 4->5(25)
[2026-01-16T09:55:40.548+0000][gc,heap     ] GC(1108) Old regions: 242->242
[2026-01-16T09:55:40.548+0000][gc,heap     ] GC(1108) Humongous regions: 105->105
[2026-01-16T09:55:40.548+0000][gc,metaspace] GC(1108) Metaspace: 13162K(13568K)->13162K(13568K) NonClass: 12048K(12224K)->12048K(12224K) Class: 1113K(1344K)->1113K(1344K)
[2026-01-16T09:55:40.548+0000][gc          ] GC(1108) Pause Young (Normal) (G1 Evacuation Pause) 539M->350M(1024M) 45.559ms
[2026-01-16T09:55:40.549+0000][gc,cpu      ] GC(1108) User=0.18s Sys=0.02s Real=0.05s
[2026-01-16T09:56:10.523+0000][gc,start    ] GC(1109) Pause Young (Normal) (G1 Evacuation Pause)
[2026-01-16T09:56:10.524+0000][gc,task     ] GC(1109) Using 8 workers of 8 for evacuation
[2026-01-16T09:56:10.577+0000][gc,phases   ] GC(1109)   Pre Evacuate Collection Set: 2.6ms
[2026-01-16T09:56:10.577+0000][gc,phases   ] GC(1109)   Merge Heap Roots: 0.6ms
[2026-01-16T09:56:10.577+0000][gc,phases   ] GC(1109)   Evacuate Collection Set: 43.1ms
[2026-01-16T09:56:10.577+0000][gc,phases   ] GC(1109)   Post Evacuate Collection Set: 6.3ms
[2026-01-16T09:56:10.577+0000][gc,phases   ] GC(1109)   Other: 0.6ms
[2026-01-16T09:56:10.577+0000][gc,heap     ] GC(1109) Eden regions: 293->0(595)
[2026-01-16T09:56:10.577+0000][gc,heap     ] GC(1109) Survivor regions: 5->5(38)
[2026-01-16T09:56:10.578+0000][gc,heap     ] GC(1109) Old regions: 242->242
[2026-01-16T09:56:10.578+0000][gc,heap     ] GC(1109) Humongous regions: 105->105
[2026-01-16T09:56:10.578+0000][gc,metaspace] GC(1109) Metaspace: 13162K(13568K)->13162K(13568K) NonClass: 12048K(12224K)->12048K(12224K) Class: 1113K(1344K)->1113K(1344K)
[2026-01-16T09:56:10.578+0000][gc          ] GC(1109) Pause Young (Normal) (G1 Evacuation Pause) 643M->350M(1024M) 54.594ms
[2026-01-16T09:56:10.578+0000][gc,cpu      ] GC(1109) User=0.30s Sys=0.01s Real=0.06s
[2026-01-16T09:56:40.716+0000][gc,start    ] GC(1110) Pause Young (Concurrent Start) (CodeCache GC Threshold)
[2026-01-16T09:56:40.716+0000][gc,task     ] GC(1110) Using 8 workers of 8 for evacuation
[2026-01-16T09:56:40.774+0000][gc,phases   ] GC(1110)   Pre Evacuate Collection Set: 4.9ms
[2026-01-16T09:56:40.774+0000][gc,phases   ] GC(1110)   Merge Heap Roots: 1.1ms
[2026-01-16T09:56:40.774+0000][gc,phases   ] GC(1110)   Evacuate Collection Set: 45.7ms
[2026-01-16T09:56:40.774+0000][gc,phases   ] GC(1110)   Post Evacuate Collection Set: 3.8ms
[2026-01-16T09:56:40.774+0000][gc,phases   ] GC(1110)   Other: 1.2ms
[2026-01-16T09:56:40.775+0000][gc,heap     ] GC(1110) Eden regions: 398->0(610)
[2026-01-16T09:56:40.775+0000][gc,heap     ] GC(1110) Survivor regions: 5->4(77)
[2026-01-16T09:56:40.775+0000][gc,heap     ] GC(1110) Old regions: 242->242
[2026-01-16T09:56:40.775+0000][gc,heap     ] GC(1110) Humongous regions: 105->105
[2026-01-16T09:56:40.775+0000][gc,metaspace] GC(1110) Metaspace: 13162K(13568K)->13162K(13568K) NonClass: 12048K(12224K)->12048K(12224K) Class: 1113K(1344K)->1113K(1344K)
[2026-01-16T09:56:40.775+0000][gc          ] GC(1110) Pause Young (Concurrent Start) (CodeCache GC Threshold) 748M->350M(1024M) 59.346ms
[2026-01-16T09:56:40.776+0000][gc,cpu      ] GC(1110) User=0.26s Sys=0.03s Real=0.06s
[2026-01-16T09:56:40.778+0000][gc          ] GC(1111) Concurrent Mark Cycle
[2026-01-16T09:56:40.778+0000][gc,marking  ] GC(1111) Concurrent Scan Root Regions
[2026-01-16T09:56:40.809+0000][gc,marking  ] GC(1111) Concurrent Scan Root Regions 30.359ms
[2026-01-16T09:56:40.809+0000][gc,marking  ] GC(1111) Concurrent Mark
[2026-01-16T09:56:40.809+0000][gc,marking  ] GC(1111) Concurrent Mark From Roots
[2026-01-16T09:56:40.809+0000][gc,task     ] GC(1111) Using 2 workers of 2 for marking
[2026-01-16T09:56:41.051+0000][gc,marking  ] GC(1111) Concurrent Mark From Roots 242.112ms
[2026-01-16T09:56:41.051+0000][gc,marking  ] GC(1111) Concurrent Preclean
[2026-01-16T09:56:41.054+0000][gc,marking  ] GC(1111) Concurrent Preclean 2.794ms
[2026-01-16T09:56:41.056+0000][gc,start    ] GC(1111) Pause Remark
[2026-01-16T09:56:41.769+0000][gc,mmu      ] GC(1111) MMU target violated: 201.0ms (200.0ms/201.0ms)
[2026-01-16T09:56:41.769+0000][gc          ] GC(1111) Pause Remark 350M->278M(1024M) 712.573ms
[2026-01-16T09:56:41.769+0000][gc,cpu      ] GC(1111) User=1.92s Sys=0.34s Real=0.72s
[2026-01-16T09:56:41.771+0000][gc,marking  ] GC(1111) Concurrent Mark 962.459ms
[2026-01-16T09:56:41.775+0000][gc,marking  ] GC(1111) Concurrent Rebuild Remembered Sets and Scrub Regions
[2026-01-16T09:56:41.858+0000][gc,marking  ] GC(1111) Concurrent Rebuild Remembered Sets and Scrub Regions 82.926ms
[2026-01-16T09:56:41.859+0000][gc,start    ] GC(1111) Pause Cleanup
[2026-01-16T09:56:41.859+0000][gc          ] GC(1111) Pause Cleanup 278M->278M(1024M) 0.497ms
[2026-01-16T09:56:41.859+0000][gc,cpu      ] GC(1111) User=0.00s Sys=0.00s Real=0.00s
[2026-01-16T09:56:41.859+0000][gc,marking  ] GC(1111) Concurrent Clear Claimed Marks
[2026-01-16T09:56:41.859+0000][gc,marking  ] GC(1111) Concurrent Clear Claimed Marks 0.163ms
[2026-01-16T09:56:41.859+0000][gc,marking  ] GC(1111) Concurrent Cleanup for Next Mark
[2026-01-16T09:56:42.011+0000][gc,marking  ] GC(1111) Concurrent Cleanup for Next Mark 151.455ms
[2026-01-16T09:56:42.011+0000][gc          ] GC(1111) Concurrent Mark Cycle 1233.016ms
[2026-01-16T09:57:42.149+0000][gc,start    ] GC(1112) Pause Young (Prepare Mixed) (G1 Evacuation Pause)
[2026-01-16T09:57:42.160+0000][gc,task     ] GC(1112) Using 8 workers of 8 for evacuation
[2026-01-16T09:57:42.864+0000][gc,mmu      ] GC(1112) MMU target violated: 201.0ms (200.0ms/201.0ms)
[2026-01-16T09:57:42.868+0000][gc,phases   ] GC(1112)   Pre Evacuate Collection Set: 32.0ms
[2026-01-16T09:57:42.868+0000][gc,phases   ] GC(1112)   Merge Heap Roots: 13.9ms
[2026-01-16T09:57:42.869+0000][gc,phases   ] GC(1112)   Evacuate Collection Set: 492.6ms
[2026-01-16T09:57:42.869+0000][gc,phases   ] GC(1112)   Post Evacuate Collection Set: 165.0ms
[2026-01-16T09:57:42.869+0000][gc,phases   ] GC(1112)   Other: 7.3ms
[2026-01-16T09:57:42.870+0000][gc,heap     ] GC(1112) Eden regions: 610->0(45)
[2026-01-16T09:57:42.870+0000][gc,heap     ] GC(1112) Survivor regions: 4->6(77)
[2026-01-16T09:57:42.870+0000][gc,heap     ] GC(1112) Old regions: 237->237
[2026-01-16T09:57:42.871+0000][gc,heap     ] GC(1112) Humongous regions: 38->38
[2026-01-16T09:57:42.871+0000][gc,metaspace] GC(1112) Metaspace: 13053K(13568K)->13053K(13568K) NonClass: 11968K(12224K)->11968K(12224K) Class: 1085K(1344K)->1085K(1344K)
[2026-01-16T09:57:42.871+0000][gc          ] GC(1112) Pause Young (Prepare Mixed) (G1 Evacuation Pause) 888M->279M(1024M) 722.234ms
[2026-01-16T09:57:42.872+0000][gc,cpu      ] GC(1112) User=0.83s Sys=0.10s Real=0.72s
[2026-01-16T09:57:45.574+0000][gc,start    ] GC(1113) Pause Young (Mixed) (G1 Evacuation Pause)
[2026-01-16T09:57:45.576+0000][gc,task     ] GC(1113) Using 8 workers of 8 for evacuation
[2026-01-16T09:57:46.156+0000][gc,mmu      ] GC(1113) MMU target violated: 201.0ms (200.0ms/201.0ms)
[2026-01-16T09:57:46.159+0000][gc,phases   ] GC(1113)   Pre Evacuate Collection Set: 56.6ms
[2026-01-16T09:57:46.160+0000][gc,phases   ] GC(1113)   Merge Heap Roots: 27.3ms
[2026-01-16T09:57:46.160+0000][gc,phases   ] GC(1113)   Evacuate Collection Set: 447.3ms
[2026-01-16T09:57:46.160+0000][gc,phases   ] GC(1113)   Post Evacuate Collection Set: 46.4ms
[2026-01-16T09:57:46.161+0000][gc,phases   ] GC(1113)   Other: 6.4ms
[2026-01-16T09:57:46.161+0000][gc,heap     ] GC(1113) Eden regions: 45->0(46)
[2026-01-16T09:57:46.161+0000][gc,heap     ] GC(1113) Survivor regions: 6->5(7)
[2026-01-16T09:57:46.163+0000][gc,heap     ] GC(1113) Old regions: 237->218
[2026-01-16T09:57:46.163+0000][gc,heap     ] GC(1113) Humongous regions: 38->38
[2026-01-16T09:57:46.164+0000][gc,metaspace] GC(1113) Metaspace: 13053K(13568K)->13053K(13568K) NonClass: 11968K(12224K)->11968K(12224K) Class: 1085K(1344K)->1085K(1344K)
[2026-01-16T09:57:46.167+0000][gc          ] GC(1113) Pause Young (Mixed) (G1 Evacuation Pause) 324M->259M(1024M) 592.984ms
[2026-01-16T09:57:46.169+0000][gc,cpu      ] GC(1113) User=0.48s Sys=0.05s Real=0.60s
[2026-01-16T09:57:49.227+0000][gc,start    ] GC(1114) Pause Young (Mixed) (G1 Evacuation Pause)
[2026-01-16T09:57:49.228+0000][gc,task     ] GC(1114) Using 8 workers of 8 for evacuation
[2026-01-16T09:57:49.655+0000][gc,mmu      ] GC(1114) MMU target violated: 201.0ms (200.0ms/201.0ms)
[2026-01-16T09:57:49.658+0000][gc,phases   ] GC(1114)   Pre Evacuate Collection Set: 4.3ms
[2026-01-16T09:57:49.659+0000][gc,phases   ] GC(1114)   Merge Heap Roots: 4.9ms
[2026-01-16T09:57:49.659+0000][gc,phases   ] GC(1114)   Evacuate Collection Set: 345.2ms
[2026-01-16T09:57:49.661+0000][gc,phases   ] GC(1114)   Post Evacuate Collection Set: 72.3ms
[2026-01-16T09:57:49.663+0000][gc,phases   ] GC(1114)   Other: 3.7ms
[2026-01-16T09:57:49.666+0000][gc,heap     ] GC(1114) Eden regions: 46->0(47)
[2026-01-16T09:57:49.668+0000][gc,heap     ] GC(1114) Survivor regions: 5->4(7)
[2026-01-16T09:57:49.673+0000][gc,heap     ] GC(1114) Old regions: 218->197
[2026-01-16T09:57:49.676+0000][gc,heap     ] GC(1114) Humongous regions: 38->38
[2026-01-16T09:57:49.676+0000][gc,metaspace] GC(1114) Metaspace: 13053K(13568K)->13053K(13568K) NonClass: 11968K(12224K)->11968K(12224K) Class: 1085K(1344K)->1085K(1344K)
[2026-01-16T09:57:49.676+0000][gc          ] GC(1114) Pause Young (Mixed) (G1 Evacuation Pause) 305M->237M(1024M) 449.052ms
[2026-01-16T09:57:49.677+0000][gc,cpu      ] GC(1114) User=0.26s Sys=0.01s Real=0.45s
[2026-01-16T09:57:51.875+0000][gc,start    ] GC(1115) Pause Young (Mixed) (G1 Evacuation Pause)
[2026-01-16T09:57:51.879+0000][gc,task     ] GC(1115) Using 8 workers of 8 for evacuation
[2026-01-16T09:57:52.160+0000][gc,mmu      ] GC(1115) MMU target violated: 201.0ms (200.0ms/201.0ms)
[2026-01-16T09:57:52.160+0000][gc,phases   ] GC(1115)   Pre Evacuate Collection Set: 22.8ms
[2026-01-16T09:57:52.175+0000][gc,phases   ] GC(1115)   Merge Heap Roots: 0.8ms
[2026-01-16T09:57:52.177+0000][gc,phases   ] GC(1115)   Evacuate Collection Set: 212.2ms
[2026-01-16T09:57:52.180+0000][gc,phases   ] GC(1115)   Post Evacuate Collection Set: 43.5ms
[2026-01-16T09:57:52.182+0000][gc,phases   ] GC(1115)   Other: 2.0ms
[2026-01-16T09:57:52.183+0000][gc,heap     ] GC(1115) Eden regions: 47->0(47)
[2026-01-16T09:57:52.184+0000][gc,heap     ] GC(1115) Survivor regions: 4->4(7)
[2026-01-16T09:57:52.185+0000][gc,heap     ] GC(1115) Old regions: 197->176
[2026-01-16T09:57:52.185+0000][gc,heap     ] GC(1115) Humongous regions: 38->38
[2026-01-16T09:57:52.187+0000][gc,metaspace] GC(1115) Metaspace: 13053K(13568K)->13053K(13568K) NonClass: 11968K(12224K)->11968K(12224K) Class: 1085K(1344K)->1085K(1344K)
[2026-01-16T09:57:52.188+0000][gc          ] GC(1115) Pause Young (Mixed) (G1 Evacuation Pause) 284M->217M(1024M) 313.637ms
[2026-01-16T09:57:52.188+0000][gc,cpu      ] GC(1115) User=0.22s Sys=0.01s Real=0.32s
[2026-01-16T09:57:53.550+0000][gc,start    ] GC(1116) Pause Young (Mixed) (G1 Evacuation Pause)
[2026-01-16T09:57:53.551+0000][gc,task     ] GC(1116) Using 8 workers of 8 for evacuation
[2026-01-16T09:57:53.693+0000][gc,phases   ] GC(1116)   Pre Evacuate Collection Set: 8.6ms
[2026-01-16T09:57:53.694+0000][gc,phases   ] GC(1116)   Merge Heap Roots: 1.3ms
[2026-01-16T09:57:53.694+0000][gc,phases   ] GC(1116)   Evacuate Collection Set: 121.9ms
[2026-01-16T09:57:53.694+0000][gc,phases   ] GC(1116)   Post Evacuate Collection Set: 9.2ms
[2026-01-16T09:57:53.695+0000][gc,phases   ] GC(1116)   Other: 0.7ms
[2026-01-16T09:57:53.695+0000][gc,heap     ] GC(1116) Eden regions: 47->0(46)
[2026-01-16T09:57:53.695+0000][gc,heap     ] GC(1116) Survivor regions: 4->5(7)
[2026-01-16T09:57:53.695+0000][gc,heap     ] GC(1116) Old regions: 176->155
[2026-01-16T09:57:53.695+0000][gc,heap     ] GC(1116) Humongous regions: 38->38
[2026-01-16T09:57:53.696+0000][gc,metaspace] GC(1116) Metaspace: 13053K(13568K)->13053K(13568K) NonClass: 11968K(12224K)->11968K(12224K) Class: 1085K(1344K)->1085K(1344K)
[2026-01-16T09:57:53.697+0000][gc          ] GC(1116) Pause Young (Mixed) (G1 Evacuation Pause) 264M->196M(1024M) 146.988ms
[2026-01-16T09:57:53.698+0000][gc,cpu      ] GC(1116) User=0.14s Sys=0.00s Real=0.15s
[2026-01-16T09:57:59.584+0000][gc,start    ] GC(1117) Pause Young (Mixed) (G1 Evacuation Pause)
[2026-01-16T09:57:59.588+0000][gc,task     ] GC(1117) Using 8 workers of 8 for evacuation
[2026-01-16T09:57:59.843+0000][gc,mmu      ] GC(1117) MMU target violated: 201.0ms (200.0ms/201.0ms)
[2026-01-16T09:57:59.844+0000][gc,phases   ] GC(1117)   Pre Evacuate Collection Set: 3.4ms
[2026-01-16T09:57:59.844+0000][gc,phases   ] GC(1117)   Merge Heap Roots: 14.9ms
[2026-01-16T09:57:59.844+0000][gc,phases   ] GC(1117)   Evacuate Collection Set: 190.5ms
[2026-01-16T09:57:59.845+0000][gc,phases   ] GC(1117)   Post Evacuate Collection Set: 46.4ms
[2026-01-16T09:57:59.845+0000][gc,phases   ] GC(1117)   Other: 1.2ms
[2026-01-16T09:57:59.846+0000][gc,heap     ] GC(1117) Eden regions: 46->0(48)
[2026-01-16T09:57:59.846+0000][gc,heap     ] GC(1117) Survivor regions: 5->3(7)
[2026-01-16T09:57:59.846+0000][gc,heap     ] GC(1117) Old regions: 155->135
[2026-01-16T09:57:59.847+0000][gc,heap     ] GC(1117) Humongous regions: 38->38
[2026-01-16T09:57:59.850+0000][gc,metaspace] GC(1117) Metaspace: 13053K(13568K)->13053K(13568K) NonClass: 11968K(12224K)->11968K(12224K) Class: 1085K(1344K)->1085K(1344K)
[2026-01-16T09:57:59.853+0000][gc          ] GC(1117) Pause Young (Mixed) (G1 Evacuation Pause) 242M->175M(1024M) 268.401ms
[2026-01-16T09:57:59.853+0000][gc,cpu      ] GC(1117) User=0.18s Sys=0.01s Real=0.27s
[2026-01-16T09:58:01.055+0000][gc,start    ] GC(1118) Pause Young (Mixed) (G1 Evacuation Pause)
[2026-01-16T09:58:01.056+0000][gc,task     ] GC(1118) Using 8 workers of 8 for evacuation
[2026-01-16T09:58:01.129+0000][gc,phases   ] GC(1118)   Pre Evacuate Collection Set: 5.8ms
[2026-01-16T09:58:01.130+0000][gc,phases   ] GC(1118)   Merge Heap Roots: 4.9ms
[2026-01-16T09:58:01.130+0000][gc,phases   ] GC(1118)   Evacuate Collection Set: 51.1ms
[2026-01-16T09:58:01.131+0000][gc,phases   ] GC(1118)   Post Evacuate Collection Set: 10.9ms
[2026-01-16T09:58:01.131+0000][gc,phases   ] GC(1118)   Other: 1.0ms
[2026-01-16T09:58:01.132+0000][gc,heap     ] GC(1118) Eden regions: 48->0(47)
[2026-01-16T09:58:01.133+0000][gc,heap     ] GC(1118) Survivor regions: 3->4(7)
[2026-01-16T09:58:01.134+0000][gc,heap     ] GC(1118) Old regions: 135->114
[2026-01-16T09:58:01.135+0000][gc,heap     ] GC(1118) Humongous regions: 38->38
[2026-01-16T09:58:01.138+0000][gc,metaspace] GC(1118) Metaspace: 13053K(13568K)->13053K(13568K) NonClass: 11968K(12224K)->11968K(12224K) Class: 1085K(1344K)->1085K(1344K)
[2026-01-16T09:58:01.142+0000][gc          ] GC(1118) Pause Young (Mixed) (G1 Evacuation Pause) 223M->155M(1024M) 86.940ms
[2026-01-16T09:58:01.144+0000][gc,cpu      ] GC(1118) User=0.08s Sys=0.01s Real=0.09s
[2026-01-16T09:58:09.026+0000][gc,start    ] GC(1119) Pause Young (Mixed) (G1 Evacuation Pause)
[2026-01-16T09:58:09.031+0000][gc,task     ] GC(1119) Using 8 workers of 8 for evacuation
[2026-01-16T09:58:09.189+0000][gc,phases   ] GC(1119)   Pre Evacuate Collection Set: 15.7ms
[2026-01-16T09:58:09.190+0000][gc,phases   ] GC(1119)   Merge Heap Roots: 1.7ms
[2026-01-16T09:58:09.190+0000][gc,phases   ] GC(1119)   Evacuate Collection Set: 119.0ms
[2026-01-16T09:58:09.191+0000][gc,phases   ] GC(1119)   Post Evacuate Collection Set: 21.1ms
[2026-01-16T09:58:09.194+0000][gc,phases   ] GC(1119)   Other: 4.9ms
[2026-01-16T09:58:09.195+0000][gc,heap     ] GC(1119) Eden regions: 47->0(48)
[2026-01-16T09:58:09.196+0000][gc,heap     ] GC(1119) Survivor regions: 4->3(7)
[2026-01-16T09:58:09.196+0000][gc,heap     ] GC(1119) Old regions: 114->93
[2026-01-16T09:58:09.196+0000][gc,heap     ] GC(1119) Humongous regions: 38->38
[2026-01-16T09:58:09.197+0000][gc,metaspace] GC(1119) Metaspace: 13053K(13568K)->13053K(13568K) NonClass: 11968K(12224K)->11968K(12224K) Class: 1085K(1344K)->1085K(1344K)
[2026-01-16T09:58:09.197+0000][gc          ] GC(1119) Pause Young (Mixed) (G1 Evacuation Pause) 202M->133M(1024M) 171.636ms
[2026-01-16T09:58:09.198+0000][gc,cpu      ] GC(1119) User=0.22s Sys=0.02s Real=0.17s
[2026-01-16T09:58:10.221+0000][gc,start    ] GC(1120) Pause Young (Mixed) (G1 Evacuation Pause)
[2026-01-16T09:58:10.222+0000][gc,task     ] GC(1120) Using 8 workers of 8 for evacuation
[2026-01-16T09:58:10.284+0000][gc,phases   ] GC(1120)   Pre Evacuate Collection Set: 0.5ms
[2026-01-16T09:58:10.289+0000][gc,phases   ] GC(1120)   Merge Heap Roots: 0.2ms
[2026-01-16T09:58:10.311+0000][gc,phases   ] GC(1120)   Evacuate Collection Set: 52.2ms
[2026-01-16T09:58:10.318+0000][gc,phases   ] GC(1120)   Post Evacuate Collection Set: 9.2ms
[2026-01-16T09:58:10.319+0000][gc,phases   ] GC(1120)   Other: 0.3ms
[2026-01-16T09:58:10.320+0000][gc,heap     ] GC(1120) Eden regions: 48->0(47)
[2026-01-16T09:58:10.328+0000][gc,heap     ] GC(1120) Survivor regions: 3->4(7)
[2026-01-16T09:58:10.329+0000][gc,heap     ] GC(1120) Old regions: 93->72
[2026-01-16T09:58:10.329+0000][gc,heap     ] GC(1120) Humongous regions: 38->38
[2026-01-16T09:58:10.331+0000][gc,metaspace] GC(1120) Metaspace: 13053K(13568K)->13053K(13568K) NonClass: 11968K(12224K)->11968K(12224K) Class: 1085K(1344K)->1085K(1344K)
[2026-01-16T09:58:10.331+0000][gc          ] GC(1120) Pause Young (Mixed) (G1 Evacuation Pause) 181M->113M(1024M) 110.282ms
[2026-01-16T09:58:10.333+0000][gc,cpu      ] GC(1120) User=0.04s Sys=0.02s Real=0.11s
[2026-01-16T09:58:10.674+0000][gc,start    ] GC(1121) Pause Young (Normal) (G1 Evacuation Pause)
[2026-01-16T09:58:10.674+0000][gc,task     ] GC(1121) Using 8 workers of 8 for evacuation
[2026-01-16T09:58:10.695+0000][gc,phases   ] GC(1121)   Pre Evacuate Collection Set: 1.8ms
[2026-01-16T09:58:10.695+0000][gc,phases   ] GC(1121)   Merge Heap Roots: 0.3ms
[2026-01-16T09:58:10.696+0000][gc,phases   ] GC(1121)   Evacuate Collection Set: 12.5ms
[2026-01-16T09:58:10.696+0000][gc,phases   ] GC(1121)   Post Evacuate Collection Set: 4.7ms
[2026-01-16T09:58:10.696+0000][gc,phases   ] GC(1121)   Other: 1.3ms
[2026-01-16T09:58:10.697+0000][gc,heap     ] GC(1121) Eden regions: 47->0(47)
[2026-01-16T09:58:10.697+0000][gc,heap     ] GC(1121) Survivor regions: 4->4(7)
[2026-01-16T09:58:10.697+0000][gc,heap     ] GC(1121) Old regions: 72->72
[2026-01-16T09:58:10.697+0000][gc,heap     ] GC(1121) Humongous regions: 38->38
[2026-01-16T09:58:10.697+0000][gc,metaspace] GC(1121) Metaspace: 13053K(13568K)->13053K(13568K) NonClass: 11968K(12224K)->11968K(12224K) Class: 1085K(1344K)->1085K(1344K)
[2026-01-16T09:58:10.697+0000][gc          ] GC(1121) Pause Young (Normal) (G1 Evacuation Pause) 160M->113M(1024M) 23.709ms
[2026-01-16T09:58:10.698+0000][gc,cpu      ] GC(1121) User=0.04s Sys=0.00s Real=0.02s
[2026-01-16T09:58:31.457+0000][gc,start    ] GC(1122) Pause Young (Normal) (G1 Evacuation Pause)
[2026-01-16T09:58:31.460+0000][gc,task     ] GC(1122) Using 8 workers of 8 for evacuation
[2026-01-16T09:58:32.013+0000][gc,mmu      ] GC(1122) MMU target violated: 201.0ms (200.0ms/201.0ms)
[2026-01-16T09:58:32.016+0000][gc,phases   ] GC(1122)   Pre Evacuate Collection Set: 70.6ms
[2026-01-16T09:58:32.016+0000][gc,phases   ] GC(1122)   Merge Heap Roots: 20.0ms
[2026-01-16T09:58:32.017+0000][gc,phases   ] GC(1122)   Evacuate Collection Set: 444.3ms
[2026-01-16T09:58:32.018+0000][gc,phases   ] GC(1122)   Post Evacuate Collection Set: 14.5ms
[2026-01-16T09:58:32.018+0000][gc,phases   ] GC(1122)   Other: 7.0ms
[2026-01-16T09:58:32.018+0000][gc,heap     ] GC(1122) Eden regions: 146->0(48)
[2026-01-16T09:58:32.019+0000][gc,heap     ] GC(1122) Survivor regions: 4->3(19)
[2026-01-16T09:58:32.019+0000][gc,heap     ] GC(1122) Old regions: 72->72
[2026-01-16T09:58:32.019+0000][gc,heap     ] GC(1122) Humongous regions: 38->38
[2026-01-16T09:58:32.019+0000][gc,metaspace] GC(1122) Metaspace: 13053K(13568K)->13053K(13568K) NonClass: 11968K(12224K)->11968K(12224K) Class: 1085K(1344K)->1085K(1344K)
[2026-01-16T09:58:32.020+0000][gc          ] GC(1122) Pause Young (Normal) (G1 Evacuation Pause) 259M->112M(1024M) 563.150ms
[2026-01-16T09:58:32.020+0000][gc,cpu      ] GC(1122) User=0.47s Sys=0.04s Real=0.57s
[2026-01-16T09:58:34.272+0000][gc,start    ] GC(1123) Pause Young (Normal) (G1 Evacuation Pause)
[2026-01-16T09:58:34.273+0000][gc,task     ] GC(1123) Using 8 workers of 8 for evacuation
[2026-01-16T09:58:34.440+0000][gc,phases   ] GC(1123)   Pre Evacuate Collection Set: 9.6ms
[2026-01-16T09:58:34.440+0000][gc,phases   ] GC(1123)   Merge Heap Roots: 0.6ms
[2026-01-16T09:58:34.442+0000][gc,phases   ] GC(1123)   Evacuate Collection Set: 143.2ms
[2026-01-16T09:58:34.448+0000][gc,phases   ] GC(1123)   Post Evacuate Collection Set: 12.5ms
[2026-01-16T09:58:34.453+0000][gc,phases   ] GC(1123)   Other: 0.9ms
[2026-01-16T09:58:34.454+0000][gc,heap     ] GC(1123) Eden regions: 48->0(47)
[2026-01-16T09:58:34.454+0000][gc,heap     ] GC(1123) Survivor regions: 3->4(7)
[2026-01-16T09:58:34.454+0000][gc,heap     ] GC(1123) Old regions: 72->72
[2026-01-16T09:58:34.455+0000][gc,heap     ] GC(1123) Humongous regions: 38->38
[2026-01-16T09:58:34.455+0000][gc,metaspace] GC(1123) Metaspace: 13053K(13568K)->13053K(13568K) NonClass: 11968K(12224K)->11968K(12224K) Class: 1085K(1344K)->1085K(1344K)
[2026-01-16T09:58:34.456+0000][gc          ] GC(1123) Pause Young (Normal) (G1 Evacuation Pause) 160M->113M(1024M) 183.202ms
[2026-01-16T09:58:34.456+0000][gc,cpu      ] GC(1123) User=0.15s Sys=0.00s Real=0.18s
[2026-01-16T09:58:35.123+0000][gc,start    ] GC(1124) Pause Young (Normal) (G1 Evacuation Pause)
[2026-01-16T09:58:35.124+0000][gc,task     ] GC(1124) Using 8 workers of 8 for evacuation
[2026-01-16T09:58:35.250+0000][gc,phases   ] GC(1124)   Pre Evacuate Collection Set: 2.2ms
[2026-01-16T09:58:35.252+0000][gc,phases   ] GC(1124)   Merge Heap Roots: 1.0ms
[2026-01-16T09:58:35.254+0000][gc,phases   ] GC(1124)   Evacuate Collection Set: 119.1ms
[2026-01-16T09:58:35.257+0000][gc,phases   ] GC(1124)   Post Evacuate Collection Set: 2.6ms
[2026-01-16T09:58:35.258+0000][gc,phases   ] GC(1124)   Other: 1.5ms
[2026-01-16T09:58:35.259+0000][gc,heap     ] GC(1124) Eden regions: 47->0(46)
[2026-01-16T09:58:35.261+0000][gc,heap     ] GC(1124) Survivor regions: 4->5(7)
[2026-01-16T09:58:35.262+0000][gc,heap     ] GC(1124) Old regions: 72->72
[2026-01-16T09:58:35.264+0000][gc,heap     ] GC(1124) Humongous regions: 38->38
[2026-01-16T09:58:35.266+0000][gc,metaspace] GC(1124) Metaspace: 13053K(13568K)->13053K(13568K) NonClass: 11968K(12224K)->11968K(12224K) Class: 1085K(1344K)->1085K(1344K)
[2026-01-16T09:58:35.267+0000][gc          ] GC(1124) Pause Young (Normal) (G1 Evacuation Pause) 160M->114M(1024M) 144.367ms
[2026-01-16T09:58:35.270+0000][gc,cpu      ] GC(1124) User=0.06s Sys=0.01s Real=0.15s
[2026-01-16T09:58:41.231+0000][gc,start    ] GC(1125) Pause Young (Normal) (G1 Evacuation Pause)
[2026-01-16T09:58:41.249+0000][gc,task     ] GC(1125) Using 8 workers of 8 for evacuation
[2026-01-16T09:58:41.568+0000][gc,mmu      ] GC(1125) MMU target violated: 201.0ms (200.0ms/201.0ms)
[2026-01-16T09:58:41.568+0000][gc,phases   ] GC(1125)   Pre Evacuate Collection Set: 38.0ms
[2026-01-16T09:58:41.568+0000][gc,phases   ] GC(1125)   Merge Heap Roots: 6.4ms
[2026-01-16T09:58:41.572+0000][gc,phases   ] GC(1125)   Evacuate Collection Set: 240.3ms
[2026-01-16T09:58:41.572+0000][gc,phases   ] GC(1125)   Post Evacuate Collection Set: 29.5ms
[2026-01-16T09:58:41.573+0000][gc,phases   ] GC(1125)   Other: 11.0ms
[2026-01-16T09:58:41.574+0000][gc,heap     ] GC(1125) Eden regions: 46->0(47)
[2026-01-16T09:58:41.575+0000][gc,heap     ] GC(1125) Survivor regions: 5->4(7)
[2026-01-16T09:58:41.575+0000][gc,heap     ] GC(1125) Old regions: 72->73
[2026-01-16T09:58:41.576+0000][gc,heap     ] GC(1125) Humongous regions: 38->38
[2026-01-16T09:58:41.576+0000][gc,metaspace] GC(1125) Metaspace: 13053K(13568K)->13053K(13568K) NonClass: 11968K(12224K)->11968K(12224K) Class: 1085K(1344K)->1085K(1344K)
[2026-01-16T09:58:41.577+0000][gc          ] GC(1125) Pause Young (Normal) (G1 Evacuation Pause) 160M->113M(1024M) 345.665ms
[2026-01-16T09:58:41.577+0000][gc,cpu      ] GC(1125) User=0.27s Sys=0.02s Real=0.34s
[2026-01-16T09:58:42.433+0000][gc,start    ] GC(1126) Pause Young (Normal) (G1 Evacuation Pause)
[2026-01-16T09:58:42.437+0000][gc,task     ] GC(1126) Using 8 workers of 8 for evacuation
[2026-01-16T09:58:42.607+0000][gc,phases   ] GC(1126)   Pre Evacuate Collection Set: 1.6ms
[2026-01-16T09:58:42.608+0000][gc,phases   ] GC(1126)   Merge Heap Roots: 0.2ms
[2026-01-16T09:58:42.609+0000][gc,phases   ] GC(1126)   Evacuate Collection Set: 159.1ms
[2026-01-16T09:58:42.609+0000][gc,phases   ] GC(1126)   Post Evacuate Collection Set: 8.4ms
[2026-01-16T09:58:42.609+0000][gc,phases   ] GC(1126)   Other: 0.7ms
[2026-01-16T09:58:42.610+0000][gc,heap     ] GC(1126) Eden regions: 47->0(47)
[2026-01-16T09:58:42.611+0000][gc,heap     ] GC(1126) Survivor regions: 4->4(7)
[2026-01-16T09:58:42.611+0000][gc,heap     ] GC(1126) Old regions: 73->73
[2026-01-16T09:58:42.612+0000][gc,heap     ] GC(1126) Humongous regions: 38->38
[2026-01-16T09:58:42.612+0000][gc,metaspace] GC(1126) Metaspace: 13053K(13568K)->13053K(13568K) NonClass: 11968K(12224K)->11968K(12224K) Class: 1085K(1344K)->1085K(1344K)
[2026-01-16T09:58:42.612+0000][gc          ] GC(1126) Pause Young (Normal) (G1 Evacuation Pause) 160M->113M(1024M) 179.616ms
[2026-01-16T09:58:42.612+0000][gc,cpu      ] GC(1126) User=0.07s Sys=0.00s Real=0.18s
[2026-01-16T09:58:49.757+0000][gc,start    ] GC(1127) Pause Young (Normal) (G1 Evacuation Pause)
[2026-01-16T09:58:49.762+0000][gc,task     ] GC(1127) Using 8 workers of 8 for evacuation
[2026-01-16T09:58:50.234+0000][gc,mmu      ] GC(1127) MMU target violated: 201.0ms (200.0ms/201.0ms)
[2026-01-16T09:58:50.236+0000][gc,phases   ] GC(1127)   Pre Evacuate Collection Set: 40.5ms
[2026-01-16T09:58:50.240+0000][gc,phases   ] GC(1127)   Merge Heap Roots: 1.2ms
[2026-01-16T09:58:50.241+0000][gc,phases   ] GC(1127)   Evacuate Collection Set: 406.1ms
[2026-01-16T09:58:50.242+0000][gc,phases   ] GC(1127)   Post Evacuate Collection Set: 23.4ms
[2026-01-16T09:58:50.245+0000][gc,phases   ] GC(1127)   Other: 3.6ms
[2026-01-16T09:58:50.245+0000][gc,heap     ] GC(1127) Eden regions: 47->0(49)
[2026-01-16T09:58:50.279+0000][gc,heap     ] GC(1127) Survivor regions: 4->2(7)
[2026-01-16T09:58:50.284+0000][gc,heap     ] GC(1127) Old regions: 73->74
[2026-01-16T09:58:50.285+0000][gc,heap     ] GC(1127) Humongous regions: 38->38
[2026-01-16T09:58:50.286+0000][gc,metaspace] GC(1127) Metaspace: 13053K(13568K)->13053K(13568K) NonClass: 11968K(12224K)->11968K(12224K) Class: 1085K(1344K)->1085K(1344K)
[2026-01-16T09:58:50.288+0000][gc          ] GC(1127) Pause Young (Normal) (G1 Evacuation Pause) 160M->113M(1024M) 530.707ms
[2026-01-16T09:58:50.290+0000][gc,cpu      ] GC(1127) User=0.29s Sys=0.04s Real=0.53s
[2026-01-16T09:58:52.005+0000][gc,start    ] GC(1128) Pause Young (Normal) (G1 Evacuation Pause)
[2026-01-16T09:58:52.008+0000][gc,task     ] GC(1128) Using 8 workers of 8 for evacuation
[2026-01-16T09:58:52.101+0000][gc,phases   ] GC(1128)   Pre Evacuate Collection Set: 21.3ms
[2026-01-16T09:58:52.101+0000][gc,phases   ] GC(1128)   Merge Heap Roots: 2.6ms
[2026-01-16T09:58:52.102+0000][gc,phases   ] GC(1128)   Evacuate Collection Set: 62.1ms
[2026-01-16T09:58:52.102+0000][gc,phases   ] GC(1128)   Post Evacuate Collection Set: 6.5ms
[2026-01-16T09:58:52.103+0000][gc,phases   ] GC(1128)   Other: 0.9ms
[2026-01-16T09:58:52.103+0000][gc,heap     ] GC(1128) Eden regions: 49->0(48)
[2026-01-16T09:58:52.104+0000][gc,heap     ] GC(1128) Survivor regions: 2->3(7)
[2026-01-16T09:58:52.105+0000][gc,heap     ] GC(1128) Old regions: 74->74
[2026-01-16T09:58:52.107+0000][gc,heap     ] GC(1128) Humongous regions: 38->38
[2026-01-16T09:58:52.109+0000][gc,metaspace] GC(1128) Metaspace: 13053K(13568K)->13053K(13568K) NonClass: 11968K(12224K)->11968K(12224K) Class: 1085K(1344K)->1085K(1344K)
[2026-01-16T09:58:52.112+0000][gc          ] GC(1128) Pause Young (Normal) (G1 Evacuation Pause) 162M->113M(1024M) 106.231ms
[2026-01-16T09:58:52.117+0000][gc,cpu      ] GC(1128) User=0.08s Sys=0.01s Real=0.11s
[2026-01-16T09:58:52.842+0000][gc,start    ] GC(1129) Pause Young (Normal) (G1 Evacuation Pause)
[2026-01-16T09:58:52.844+0000][gc,task     ] GC(1129) Using 8 workers of 8 for evacuation
[2026-01-16T09:58:52.885+0000][gc,phases   ] GC(1129)   Pre Evacuate Collection Set: 2.0ms
[2026-01-16T09:58:52.914+0000][gc,phases   ] GC(1129)   Merge Heap Roots: 0.2ms
[2026-01-16T09:58:52.915+0000][gc,phases   ] GC(1129)   Evacuate Collection Set: 36.3ms
[2026-01-16T09:58:52.916+0000][gc,phases   ] GC(1129)   Post Evacuate Collection Set: 1.2ms
[2026-01-16T09:58:52.918+0000][gc,phases   ] GC(1129)   Other: 2.1ms
[2026-01-16T09:58:52.919+0000][gc,heap     ] GC(1129) Eden regions: 48->0(48)
[2026-01-16T09:58:52.919+0000][gc,heap     ] GC(1129) Survivor regions: 3->3(7)
[2026-01-16T09:58:52.920+0000][gc,heap     ] GC(1129) Old regions: 74->74
[2026-01-16T09:58:52.921+0000][gc,heap     ] GC(1129) Humongous regions: 38->38
[2026-01-16T09:58:52.923+0000][gc,metaspace] GC(1129) Metaspace: 13053K(13568K)->13053K(13568K) NonClass: 11968K(12224K)->11968K(12224K) Class: 1085K(1344K)->1085K(1344K)
[2026-01-16T09:58:52.925+0000][gc          ] GC(1129) Pause Young (Normal) (G1 Evacuation Pause) 161M->114M(1024M) 83.263ms
[2026-01-16T09:58:52.927+0000][gc,cpu      ] GC(1129) User=0.04s Sys=0.00s Real=0.08s
[2026-01-16T09:59:00.903+0000][gc,start    ] GC(1130) Pause Young (Normal) (G1 Evacuation Pause)
[2026-01-16T09:59:00.905+0000][gc,task     ] GC(1130) Using 8 workers of 8 for evacuation
[2026-01-16T09:59:01.222+0000][gc,mmu      ] GC(1130) MMU target violated: 201.0ms (200.0ms/201.0ms)
[2026-01-16T09:59:01.223+0000][gc,phases   ] GC(1130)   Pre Evacuate Collection Set: 22.5ms
[2026-01-16T09:59:01.223+0000][gc,phases   ] GC(1130)   Merge Heap Roots: 1.0ms
[2026-01-16T09:59:01.223+0000][gc,phases   ] GC(1130)   Evacuate Collection Set: 268.4ms
[2026-01-16T09:59:01.226+0000][gc,phases   ] GC(1130)   Post Evacuate Collection Set: 24.2ms
[2026-01-16T09:59:01.230+0000][gc,phases   ] GC(1130)   Other: 3.3ms
[2026-01-16T09:59:01.233+0000][gc,heap     ] GC(1130) Eden regions: 48->0(48)
[2026-01-16T09:59:01.233+0000][gc,heap     ] GC(1130) Survivor regions: 3->3(7)
[2026-01-16T09:59:01.233+0000][gc,heap     ] GC(1130) Old regions: 74->74
[2026-01-16T09:59:01.234+0000][gc,heap     ] GC(1130) Humongous regions: 38->38
[2026-01-16T09:59:01.237+0000][gc,metaspace] GC(1130) Metaspace: 13053K(13568K)->13053K(13568K) NonClass: 11968K(12224K)->11968K(12224K) Class: 1085K(1344K)->1085K(1344K)
[2026-01-16T09:59:01.240+0000][gc          ] GC(1130) Pause Young (Normal) (G1 Evacuation Pause) 162M->113M(1024M) 338.408ms
[2026-01-16T09:59:01.242+0000][gc,cpu      ] GC(1130) User=0.27s Sys=0.01s Real=0.34s
[2026-01-16T09:59:02.453+0000][gc,start    ] GC(1131) Pause Young (Normal) (G1 Evacuation Pause)
[2026-01-16T09:59:02.455+0000][gc,task     ] GC(1131) Using 8 workers of 8 for evacuation
[2026-01-16T09:59:02.588+0000][gc,phases   ] GC(1131)   Pre Evacuate Collection Set: 17.6ms
[2026-01-16T09:59:02.589+0000][gc,phases   ] GC(1131)   Merge Heap Roots: 7.3ms
[2026-01-16T09:59:02.590+0000][gc,phases   ] GC(1131)   Evacuate Collection Set: 104.6ms
[2026-01-16T09:59:02.592+0000][gc,phases   ] GC(1131)   Post Evacuate Collection Set: 2.4ms
[2026-01-16T09:59:02.594+0000][gc,phases   ] GC(1131)   Other: 1.0ms
[2026-01-16T09:59:02.595+0000][gc,heap     ] GC(1131) Eden regions: 48->0(48)
[2026-01-16T09:59:02.595+0000][gc,heap     ] GC(1131) Survivor regions: 3->3(7)
[2026-01-16T09:59:02.602+0000][gc,heap     ] GC(1131) Old regions: 74->74
[2026-01-16T09:59:02.603+0000][gc,heap     ] GC(1131) Humongous regions: 38->38
[2026-01-16T09:59:02.604+0000][gc,metaspace] GC(1131) Metaspace: 13053K(13568K)->13053K(13568K) NonClass: 11968K(12224K)->11968K(12224K) Class: 1085K(1344K)->1085K(1344K)
[2026-01-16T09:59:02.606+0000][gc          ] GC(1131) Pause Young (Normal) (G1 Evacuation Pause) 161M->114M(1024M) 152.265ms
[2026-01-16T09:59:02.607+0000][gc,cpu      ] GC(1131) User=0.12s Sys=0.00s Real=0.15s
[2026-01-16T09:59:09.246+0000][gc,start    ] GC(1132) Pause Young (Normal) (G1 Evacuation Pause)
[2026-01-16T09:59:09.247+0000][gc,task     ] GC(1132) Using 8 workers of 8 for evacuation
[2026-01-16T09:59:09.319+0000][gc,phases   ] GC(1132)   Pre Evacuate Collection Set: 9.3ms
[2026-01-16T09:59:09.319+0000][gc,phases   ] GC(1132)   Merge Heap Roots: 1.3ms
[2026-01-16T09:59:09.319+0000][gc,phases   ] GC(1132)   Evacuate Collection Set: 54.0ms
[2026-01-16T09:59:09.320+0000][gc,phases   ] GC(1132)   Post Evacuate Collection Set: 7.0ms
[2026-01-16T09:59:09.320+0000][gc,phases   ] GC(1132)   Other: 0.5ms
[2026-01-16T09:59:09.321+0000][gc,heap     ] GC(1132) Eden regions: 48->0(116)
[2026-01-16T09:59:09.322+0000][gc,heap     ] GC(1132) Survivor regions: 3->2(7)
[2026-01-16T09:59:09.324+0000][gc,heap     ] GC(1132) Old regions: 74->74
[2026-01-16T09:59:09.326+0000][gc,heap     ] GC(1132) Humongous regions: 38->38
[2026-01-16T09:59:09.326+0000][gc,metaspace] GC(1132) Metaspace: 13053K(13568K)->13053K(13568K) NonClass: 11968K(12224K)->11968K(12224K) Class: 1085K(1344K)->1085K(1344K)
[2026-01-16T09:59:09.328+0000][gc          ] GC(1132) Pause Young (Normal) (G1 Evacuation Pause) 162M->113M(1024M) 81.658ms
[2026-01-16T09:59:09.328+0000][gc,cpu      ] GC(1132) User=0.11s Sys=0.01s Real=0.08s
[2026-01-16T09:59:19.710+0000][gc,start    ] GC(1133) Pause Young (Normal) (G1 Evacuation Pause)
[2026-01-16T09:59:19.714+0000][gc,task     ] GC(1133) Using 8 workers of 8 for evacuation
[2026-01-16T09:59:19.880+0000][gc,phases   ] GC(1133)   Pre Evacuate Collection Set: 15.1ms
[2026-01-16T09:59:19.887+0000][gc,phases   ] GC(1133)   Merge Heap Roots: 14.1ms
[2026-01-16T09:59:19.889+0000][gc,phases   ] GC(1133)   Evacuate Collection Set: 116.1ms
[2026-01-16T09:59:19.891+0000][gc,phases   ] GC(1133)   Post Evacuate Collection Set: 13.3ms
[2026-01-16T09:59:19.896+0000][gc,phases   ] GC(1133)   Other: 2.1ms
[2026-01-16T09:59:19.896+0000][gc,heap     ] GC(1133) Eden regions: 122->0(135)
[2026-01-16T09:59:19.896+0000][gc,heap     ] GC(1133) Survivor regions: 2->2(16)
[2026-01-16T09:59:19.896+0000][gc,heap     ] GC(1133) Old regions: 74->75
[2026-01-16T09:59:19.896+0000][gc,heap     ] GC(1133) Humongous regions: 38->38
[2026-01-16T09:59:19.896+0000][gc,metaspace] GC(1133) Metaspace: 13053K(13568K)->13053K(13568K) NonClass: 11968K(12224K)->11968K(12224K) Class: 1085K(1344K)->1085K(1344K)
[2026-01-16T09:59:19.897+0000][gc          ] GC(1133) Pause Young (Normal) (G1 Evacuation Pause) 235M->113M(1024M) 186.937ms
[2026-01-16T09:59:19.897+0000][gc,cpu      ] GC(1133) User=0.18s Sys=0.03s Real=0.18s
[2026-01-16T09:59:35.598+0000][gc,start    ] GC(1134) Pause Young (Normal) (G1 Evacuation Pause)
[2026-01-16T09:59:35.603+0000][gc,task     ] GC(1134) Using 8 workers of 8 for evacuation
[2026-01-16T09:59:35.950+0000][gc,mmu      ] GC(1134) MMU target violated: 201.0ms (200.0ms/201.0ms)
[2026-01-16T09:59:35.950+0000][gc,phases   ] GC(1134)   Pre Evacuate Collection Set: 18.8ms
[2026-01-16T09:59:35.950+0000][gc,phases   ] GC(1134)   Merge Heap Roots: 2.1ms
[2026-01-16T09:59:35.951+0000][gc,phases   ] GC(1134)   Evacuate Collection Set: 311.5ms
[2026-01-16T09:59:35.951+0000][gc,phases   ] GC(1134)   Post Evacuate Collection Set: 13.1ms
[2026-01-16T09:59:35.953+0000][gc,phases   ] GC(1134)   Other: 1.9ms
[2026-01-16T09:59:35.953+0000][gc,heap     ] GC(1134) Eden regions: 193->0(47)
[2026-01-16T09:59:35.953+0000][gc,heap     ] GC(1134) Survivor regions: 2->4(25)
[2026-01-16T09:59:35.955+0000][gc,heap     ] GC(1134) Old regions: 75->75
[2026-01-16T09:59:35.956+0000][gc,heap     ] GC(1134) Humongous regions: 38->38
[2026-01-16T09:59:35.956+0000][gc,metaspace] GC(1134) Metaspace: 13053K(13568K)->13053K(13568K) NonClass: 11968K(12224K)->11968K(12224K) Class: 1085K(1344K)->1085K(1344K)
[2026-01-16T09:59:35.957+0000][gc          ] GC(1134) Pause Young (Normal) (G1 Evacuation Pause) 306M->115M(1024M) 358.616ms
[2026-01-16T09:59:35.960+0000][gc,cpu      ] GC(1134) User=0.37s Sys=0.05s Real=0.37s
[2026-01-16T09:59:39.918+0000][gc,start    ] GC(1135) Pause Young (Normal) (G1 Evacuation Pause)
[2026-01-16T09:59:39.919+0000][gc,task     ] GC(1135) Using 8 workers of 8 for evacuation
[2026-01-16T09:59:40.046+0000][gc,phases   ] GC(1135)   Pre Evacuate Collection Set: 44.1ms
[2026-01-16T09:59:40.052+0000][gc,phases   ] GC(1135)   Merge Heap Roots: 4.1ms
[2026-01-16T09:59:40.058+0000][gc,phases   ] GC(1135)   Evacuate Collection Set: 61.5ms
[2026-01-16T09:59:40.065+0000][gc,phases   ] GC(1135)   Post Evacuate Collection Set: 7.6ms
[2026-01-16T09:59:40.071+0000][gc,phases   ] GC(1135)   Other: 10.1ms
[2026-01-16T09:59:40.076+0000][gc,heap     ] GC(1135) Eden regions: 47->0(48)
[2026-01-16T09:59:40.079+0000][gc,heap     ] GC(1135) Survivor regions: 4->3(7)
[2026-01-16T09:59:40.079+0000][gc,heap     ] GC(1135) Old regions: 75->75
[2026-01-16T09:59:40.079+0000][gc,heap     ] GC(1135) Humongous regions: 38->38
[2026-01-16T09:59:40.081+0000][gc,metaspace] GC(1135) Metaspace: 13053K(13568K)->13053K(13568K) NonClass: 11968K(12224K)->11968K(12224K) Class: 1085K(1344K)->1085K(1344K)
[2026-01-16T09:59:40.088+0000][gc          ] GC(1135) Pause Young (Normal) (G1 Evacuation Pause) 162M->114M(1024M) 170.450ms
[2026-01-16T09:59:40.088+0000][gc,cpu      ] GC(1135) User=0.14s Sys=0.03s Real=0.17s
[2026-01-16T09:59:40.922+0000][gc,start    ] GC(1136) Pause Young (Normal) (G1 Evacuation Pause)
[2026-01-16T09:59:40.922+0000][gc,task     ] GC(1136) Using 8 workers of 8 for evacuation
[2026-01-16T09:59:40.950+0000][gc,phases   ] GC(1136)   Pre Evacuate Collection Set: 2.2ms
[2026-01-16T09:59:40.952+0000][gc,phases   ] GC(1136)   Merge Heap Roots: 1.3ms
[2026-01-16T09:59:40.954+0000][gc,phases   ] GC(1136)   Evacuate Collection Set: 22.4ms
[2026-01-16T09:59:40.955+0000][gc,phases   ] GC(1136)   Post Evacuate Collection Set: 2.2ms
[2026-01-16T09:59:40.956+0000][gc,phases   ] GC(1136)   Other: 0.3ms
[2026-01-16T09:59:40.956+0000][gc,heap     ] GC(1136) Eden regions: 56->0(99)
[2026-01-16T09:59:40.959+0000][gc,heap     ] GC(1136) Survivor regions: 3->3(8)
[2026-01-16T09:59:40.960+0000][gc,heap     ] GC(1136) Old regions: 75->75
[2026-01-16T09:59:40.962+0000][gc,heap     ] GC(1136) Humongous regions: 38->38
[2026-01-16T09:59:40.966+0000][gc,metaspace] GC(1136) Metaspace: 13053K(13568K)->13053K(13568K) NonClass: 11968K(12224K)->11968K(12224K) Class: 1085K(1344K)->1085K(1344K)
[2026-01-16T09:59:40.967+0000][gc          ] GC(1136) Pause Young (Normal) (G1 Evacuation Pause) 170M->115M(1024M) 45.762ms
[2026-01-16T09:59:40.968+0000][gc,cpu      ] GC(1136) User=0.07s Sys=0.01s Real=0.04s
[2026-01-16T09:59:51.163+0000][gc,start    ] GC(1137) Pause Young (Normal) (G1 Evacuation Pause)
[2026-01-16T09:59:51.166+0000][gc,task     ] GC(1137) Using 8 workers of 8 for evacuation
[2026-01-16T09:59:51.285+0000][gc,phases   ] GC(1137)   Pre Evacuate Collection Set: 11.6ms
[2026-01-16T09:59:51.286+0000][gc,phases   ] GC(1137)   Merge Heap Roots: 3.3ms
[2026-01-16T09:59:51.287+0000][gc,phases   ] GC(1137)   Evacuate Collection Set: 92.0ms
[2026-01-16T09:59:51.287+0000][gc,phases   ] GC(1137)   Post Evacuate Collection Set: 8.4ms
[2026-01-16T09:59:51.288+0000][gc,phases   ] GC(1137)   Other: 5.0ms
[2026-01-16T09:59:51.289+0000][gc,heap     ] GC(1137) Eden regions: 106->0(162)
[2026-01-16T09:59:51.289+0000][gc,heap     ] GC(1137) Survivor regions: 3->3(14)
[2026-01-16T09:59:51.289+0000][gc,heap     ] GC(1137) Old regions: 75->75
[2026-01-16T09:59:51.290+0000][gc,heap     ] GC(1137) Humongous regions: 38->38
[2026-01-16T09:59:51.290+0000][gc,metaspace] GC(1137) Metaspace: 13053K(13568K)->13053K(13568K) NonClass: 11968K(12224K)->11968K(12224K) Class: 1085K(1344K)->1085K(1344K)
[2026-01-16T09:59:51.291+0000][gc          ] GC(1137) Pause Young (Normal) (G1 Evacuation Pause) 221M->115M(1024M) 127.423ms
[2026-01-16T09:59:51.292+0000][gc,cpu      ] GC(1137) User=0.23s Sys=0.01s Real=0.13s
[2026-01-16T10:00:02.021+0000][gc,start    ] GC(1138) Pause Young (Normal) (G1 Evacuation Pause)
[2026-01-16T10:00:02.025+0000][gc,task     ] GC(1138) Using 8 workers of 8 for evacuation
[2026-01-16T10:00:02.251+0000][gc,mmu      ] GC(1138) MMU target violated: 201.0ms (200.0ms/201.0ms)
[2026-01-16T10:00:02.251+0000][gc,phases   ] GC(1138)   Pre Evacuate Collection Set: 24.4ms
[2026-01-16T10:00:02.252+0000][gc,phases   ] GC(1138)   Merge Heap Roots: 4.3ms
[2026-01-16T10:00:02.253+0000][gc,phases   ] GC(1138)   Evacuate Collection Set: 185.2ms
[2026-01-16T10:00:02.254+0000][gc,phases   ] GC(1138)   Post Evacuate Collection Set: 8.8ms
[2026-01-16T10:00:02.255+0000][gc,phases   ] GC(1138)   Other: 4.8ms
[2026-01-16T10:00:02.255+0000][gc,heap     ] GC(1138) Eden regions: 112->0(138)
[2026-01-16T10:00:02.258+0000][gc,heap     ] GC(1138) Survivor regions: 3->3(15)
[2026-01-16T10:00:02.258+0000][gc,heap     ] GC(1138) Old regions: 75->75
[2026-01-16T10:00:02.259+0000][gc,heap     ] GC(1138) Humongous regions: 38->38
[2026-01-16T10:00:02.260+0000][gc,metaspace] GC(1138) Metaspace: 13053K(13568K)->13053K(13568K) NonClass: 11968K(12224K)->11968K(12224K) Class: 1085K(1344K)->1085K(1344K)
[2026-01-16T10:00:02.260+0000][gc          ] GC(1138) Pause Young (Normal) (G1 Evacuation Pause) 227M->115M(1024M) 243.401ms
[2026-01-16T10:00:02.260+0000][gc,cpu      ] GC(1138) User=0.19s Sys=0.01s Real=0.25s
[2026-01-16T10:00:19.767+0000][gc,start    ] GC(1139) Pause Young (Normal) (G1 Evacuation Pause)
[2026-01-16T10:00:19.768+0000][gc,task     ] GC(1139) Using 8 workers of 8 for evacuation
[2026-01-16T10:00:19.873+0000][gc,phases   ] GC(1139)   Pre Evacuate Collection Set: 6.5ms
[2026-01-16T10:00:19.874+0000][gc,phases   ] GC(1139)   Merge Heap Roots: 6.6ms
[2026-01-16T10:00:19.875+0000][gc,phases   ] GC(1139)   Evacuate Collection Set: 80.4ms
[2026-01-16T10:00:19.876+0000][gc,phases   ] GC(1139)   Post Evacuate Collection Set: 6.8ms
[2026-01-16T10:00:19.882+0000][gc,phases   ] GC(1139)   Other: 1.9ms
[2026-01-16T10:00:19.885+0000][gc,heap     ] GC(1139) Eden regions: 184->0(262)
[2026-01-16T10:00:19.885+0000][gc,heap     ] GC(1139) Survivor regions: 3->3(24)
[2026-01-16T10:00:19.886+0000][gc,heap     ] GC(1139) Old regions: 75->75
[2026-01-16T10:00:19.886+0000][gc,heap     ] GC(1139) Humongous regions: 38->38
[2026-01-16T10:00:19.886+0000][gc,metaspace] GC(1139) Metaspace: 13053K(13568K)->13053K(13568K) NonClass: 11968K(12224K)->11968K(12224K) Class: 1085K(1344K)->1085K(1344K)
[2026-01-16T10:00:19.886+0000][gc          ] GC(1139) Pause Young (Normal) (G1 Evacuation Pause) 299M->115M(1024M) 120.660ms
[2026-01-16T10:00:19.886+0000][gc,cpu      ] GC(1139) User=0.21s Sys=0.02s Real=0.13s
[2026-01-16T10:00:45.515+0000][gc,start    ] GC(1140) Pause Young (Normal) (G1 Evacuation Pause)
[2026-01-16T10:00:45.519+0000][gc,task     ] GC(1140) Using 8 workers of 8 for evacuation
[2026-01-16T10:00:45.905+0000][gc,mmu      ] GC(1140) MMU target violated: 201.0ms (200.0ms/201.0ms)
[2026-01-16T10:00:45.906+0000][gc,phases   ] GC(1140)   Pre Evacuate Collection Set: 25.1ms
[2026-01-16T10:00:45.909+0000][gc,phases   ] GC(1140)   Merge Heap Roots: 2.5ms
[2026-01-16T10:00:45.909+0000][gc,phases   ] GC(1140)   Evacuate Collection Set: 328.6ms
[2026-01-16T10:00:45.909+0000][gc,phases   ] GC(1140)   Post Evacuate Collection Set: 27.2ms
[2026-01-16T10:00:45.909+0000][gc,phases   ] GC(1140)   Other: 5.4ms
[2026-01-16T10:00:45.910+0000][gc,heap     ] GC(1140) Eden regions: 316->0(47)
[2026-01-16T10:00:45.910+0000][gc,heap     ] GC(1140) Survivor regions: 3->4(40)
[2026-01-16T10:00:45.910+0000][gc,heap     ] GC(1140) Old regions: 75->75
[2026-01-16T10:00:45.910+0000][gc,heap     ] GC(1140) Humongous regions: 38->38
[2026-01-16T10:00:45.911+0000][gc,metaspace] GC(1140) Metaspace: 13053K(13568K)->13053K(13568K) NonClass: 11968K(12224K)->11968K(12224K) Class: 1085K(1344K)->1085K(1344K)
[2026-01-16T10:00:45.911+0000][gc          ] GC(1140) Pause Young (Normal) (G1 Evacuation Pause) 431M->116M(1024M) 396.889ms
[2026-01-16T10:00:45.914+0000][gc,cpu      ] GC(1140) User=0.38s Sys=0.03s Real=0.40s
[2026-01-16T10:00:50.620+0000][gc,start    ] GC(1141) Pause Young (Normal) (G1 Evacuation Pause)
[2026-01-16T10:00:50.626+0000][gc,task     ] GC(1141) Using 8 workers of 8 for evacuation
[2026-01-16T10:00:51.141+0000][gc,mmu      ] GC(1141) MMU target violated: 201.0ms (200.0ms/201.0ms)
[2026-01-16T10:00:51.142+0000][gc,phases   ] GC(1141)   Pre Evacuate Collection Set: 63.7ms
[2026-01-16T10:00:51.150+0000][gc,phases   ] GC(1141)   Merge Heap Roots: 3.8ms
[2026-01-16T10:00:51.152+0000][gc,phases   ] GC(1141)   Evacuate Collection Set: 397.8ms
[2026-01-16T10:00:51.155+0000][gc,phases   ] GC(1141)   Post Evacuate Collection Set: 48.6ms
[2026-01-16T10:00:51.155+0000][gc,phases   ] GC(1141)   Other: 4.8ms
[2026-01-16T10:00:51.156+0000][gc,heap     ] GC(1141) Eden regions: 50->0(48)
[2026-01-16T10:00:51.156+0000][gc,heap     ] GC(1141) Survivor regions: 4->3(7)
[2026-01-16T10:00:51.158+0000][gc,heap     ] GC(1141) Old regions: 75->75
[2026-01-16T10:00:51.158+0000][gc,heap     ] GC(1141) Humongous regions: 38->38
[2026-01-16T10:00:51.158+0000][gc,metaspace] GC(1141) Metaspace: 13054K(13568K)->13054K(13568K) NonClass: 11969K(12224K)->11969K(12224K) Class: 1085K(1344K)->1085K(1344K)
[2026-01-16T10:00:51.159+0000][gc          ] GC(1141) Pause Young (Normal) (G1 Evacuation Pause) 166M->115M(1024M) 539.182ms
[2026-01-16T10:00:51.161+0000][gc,cpu      ] GC(1141) User=0.25s Sys=0.03s Real=0.54s
[2026-01-16T10:00:52.141+0000][gc,start    ] GC(1142) Pause Young (Normal) (G1 Evacuation Pause)
[2026-01-16T10:00:52.141+0000][gc,task     ] GC(1142) Using 8 workers of 8 for evacuation
[2026-01-16T10:00:52.225+0000][gc,phases   ] GC(1142)   Pre Evacuate Collection Set: 2.4ms
[2026-01-16T10:00:52.227+0000][gc,phases   ] GC(1142)   Merge Heap Roots: 1.0ms
[2026-01-16T10:00:52.227+0000][gc,phases   ] GC(1142)   Evacuate Collection Set: 78.6ms
[2026-01-16T10:00:52.228+0000][gc,phases   ] GC(1142)   Post Evacuate Collection Set: 0.8ms
[2026-01-16T10:00:52.228+0000][gc,phases   ] GC(1142)   Other: 0.6ms
[2026-01-16T10:00:52.229+0000][gc,heap     ] GC(1142) Eden regions: 48->0(47)
[2026-01-16T10:00:52.229+0000][gc,heap     ] GC(1142) Survivor regions: 3->4(7)
[2026-01-16T10:00:52.230+0000][gc,heap     ] GC(1142) Old regions: 75->75
[2026-01-16T10:00:52.231+0000][gc,heap     ] GC(1142) Humongous regions: 38->38
[2026-01-16T10:00:52.231+0000][gc,metaspace] GC(1142) Metaspace: 13054K(13568K)->13054K(13568K) NonClass: 11969K(12224K)->11969K(12224K) Class: 1085K(1344K)->1085K(1344K)
[2026-01-16T10:00:52.233+0000][gc          ] GC(1142) Pause Young (Normal) (G1 Evacuation Pause) 163M->116M(1024M) 91.904ms
[2026-01-16T10:00:52.233+0000][gc,cpu      ] GC(1142) User=0.08s Sys=0.00s Real=0.10s
[2026-01-16T10:01:00.425+0000][gc,start    ] GC(1143) Pause Young (Normal) (G1 Evacuation Pause)
[2026-01-16T10:01:00.441+0000][gc,task     ] GC(1143) Using 8 workers of 8 for evacuation
[2026-01-16T10:01:01.043+0000][gc,mmu      ] GC(1143) MMU target violated: 201.0ms (200.0ms/201.0ms)
[2026-01-16T10:01:01.045+0000][gc,phases   ] GC(1143)   Pre Evacuate Collection Set: 96.4ms
[2026-01-16T10:01:01.048+0000][gc,phases   ] GC(1143)   Merge Heap Roots: 8.2ms
[2026-01-16T10:01:01.051+0000][gc,phases   ] GC(1143)   Evacuate Collection Set: 442.8ms
[2026-01-16T10:01:01.053+0000][gc,phases   ] GC(1143)   Post Evacuate Collection Set: 44.9ms
[2026-01-16T10:01:01.054+0000][gc,phases   ] GC(1143)   Other: 17.8ms
[2026-01-16T10:01:01.054+0000][gc,heap     ] GC(1143) Eden regions: 47->0(48)
[2026-01-16T10:01:01.054+0000][gc,heap     ] GC(1143) Survivor regions: 4->3(7)
[2026-01-16T10:01:01.054+0000][gc,heap     ] GC(1143) Old regions: 75->76
[2026-01-16T10:01:01.055+0000][gc,heap     ] GC(1143) Humongous regions: 38->38
[2026-01-16T10:01:01.055+0000][gc,metaspace] GC(1143) Metaspace: 13054K(13568K)->13054K(13568K) NonClass: 11969K(12224K)->11969K(12224K) Class: 1085K(1344K)->1085K(1344K)
[2026-01-16T10:01:01.055+0000][gc          ] GC(1143) Pause Young (Normal) (G1 Evacuation Pause) 163M->115M(1024M) 629.753ms
[2026-01-16T10:01:01.055+0000][gc,cpu      ] GC(1143) User=0.26s Sys=0.03s Real=0.63s
[2026-01-16T10:01:02.736+0000][gc,start    ] GC(1144) Pause Young (Normal) (G1 Evacuation Pause)
[2026-01-16T10:01:02.736+0000][gc,task     ] GC(1144) Using 8 workers of 8 for evacuation
[2026-01-16T10:01:02.918+0000][gc,phases   ] GC(1144)   Pre Evacuate Collection Set: 31.0ms
[2026-01-16T10:01:02.919+0000][gc,phases   ] GC(1144)   Merge Heap Roots: 0.8ms
[2026-01-16T10:01:02.919+0000][gc,phases   ] GC(1144)   Evacuate Collection Set: 141.4ms
[2026-01-16T10:01:02.919+0000][gc,phases   ] GC(1144)   Post Evacuate Collection Set: 7.6ms
[2026-01-16T10:01:02.919+0000][gc,phases   ] GC(1144)   Other: 1.2ms
[2026-01-16T10:01:02.920+0000][gc,heap     ] GC(1144) Eden regions: 48->0(47)
[2026-01-16T10:01:02.920+0000][gc,heap     ] GC(1144) Survivor regions: 3->4(7)
[2026-01-16T10:01:02.920+0000][gc,heap     ] GC(1144) Old regions: 76->76
[2026-01-16T10:01:02.920+0000][gc,heap     ] GC(1144) Humongous regions: 38->38
[2026-01-16T10:01:02.921+0000][gc,metaspace] GC(1144) Metaspace: 13054K(13568K)->13054K(13568K) NonClass: 11969K(12224K)->11969K(12224K) Class: 1085K(1344K)->1085K(1344K)
[2026-01-16T10:01:02.921+0000][gc          ] GC(1144) Pause Young (Normal) (G1 Evacuation Pause) 163M->116M(1024M) 185.752ms
[2026-01-16T10:01:02.922+0000][gc,cpu      ] GC(1144) User=0.13s Sys=0.01s Real=0.18s
[2026-01-16T10:01:03.714+0000][gc,start    ] GC(1145) Pause Young (Normal) (G1 Evacuation Pause)
[2026-01-16T10:01:03.716+0000][gc,task     ] GC(1145) Using 8 workers of 8 for evacuation
[2026-01-16T10:01:03.795+0000][gc,phases   ] GC(1145)   Pre Evacuate Collection Set: 1.4ms
[2026-01-16T10:01:03.795+0000][gc,phases   ] GC(1145)   Merge Heap Roots: 11.3ms
[2026-01-16T10:01:03.795+0000][gc,phases   ] GC(1145)   Evacuate Collection Set: 60.7ms
[2026-01-16T10:01:03.796+0000][gc,phases   ] GC(1145)   Post Evacuate Collection Set: 3.8ms
[2026-01-16T10:01:03.796+0000][gc,phases   ] GC(1145)   Other: 1.2ms
[2026-01-16T10:01:03.796+0000][gc,heap     ] GC(1145) Eden regions: 47->0(47)
[2026-01-16T10:01:03.796+0000][gc,heap     ] GC(1145) Survivor regions: 4->4(7)
[2026-01-16T10:01:03.797+0000][gc,heap     ] GC(1145) Old regions: 76->76
[2026-01-16T10:01:03.797+0000][gc,heap     ] GC(1145) Humongous regions: 38->38
[2026-01-16T10:01:03.798+0000][gc,metaspace] GC(1145) Metaspace: 13054K(13568K)->13054K(13568K) NonClass: 11969K(12224K)->11969K(12224K) Class: 1085K(1344K)->1085K(1344K)
[2026-01-16T10:01:03.799+0000][gc          ] GC(1145) Pause Young (Normal) (G1 Evacuation Pause) 163M->117M(1024M) 84.731ms
[2026-01-16T10:01:03.800+0000][gc,cpu      ] GC(1145) User=0.06s Sys=0.01s Real=0.08s
[2026-01-16T10:01:10.392+0000][gc,start    ] GC(1146) Pause Young (Normal) (G1 Evacuation Pause)
[2026-01-16T10:01:10.398+0000][gc,task     ] GC(1146) Using 8 workers of 8 for evacuation
[2026-01-16T10:01:10.534+0000][gc,phases   ] GC(1146)   Pre Evacuate Collection Set: 13.4ms
[2026-01-16T10:01:10.534+0000][gc,phases   ] GC(1146)   Merge Heap Roots: 7.5ms
[2026-01-16T10:01:10.534+0000][gc,phases   ] GC(1146)   Evacuate Collection Set: 102.8ms
[2026-01-16T10:01:10.535+0000][gc,phases   ] GC(1146)   Post Evacuate Collection Set: 10.5ms
[2026-01-16T10:01:10.536+0000][gc,phases   ] GC(1146)   Other: 3.3ms
[2026-01-16T10:01:10.536+0000][gc,heap     ] GC(1146) Eden regions: 47->0(47)
[2026-01-16T10:01:10.537+0000][gc,heap     ] GC(1146) Survivor regions: 4->4(7)
[2026-01-16T10:01:10.538+0000][gc,heap     ] GC(1146) Old regions: 76->76
[2026-01-16T10:01:10.539+0000][gc,heap     ] GC(1146) Humongous regions: 38->38
[2026-01-16T10:01:10.539+0000][gc,metaspace] GC(1146) Metaspace: 13075K(13568K)->13075K(13568K) NonClass: 11990K(12224K)->11990K(12224K) Class: 1085K(1344K)->1085K(1344K)
[2026-01-16T10:01:10.540+0000][gc          ] GC(1146) Pause Young (Normal) (G1 Evacuation Pause) 164M->116M(1024M) 148.135ms
[2026-01-16T10:01:10.540+0000][gc,cpu      ] GC(1146) User=0.17s Sys=0.03s Real=0.15s
[2026-01-16T10:01:11.085+0000][gc,start    ] GC(1147) Pause Young (Normal) (G1 Evacuation Pause)
[2026-01-16T10:01:11.087+0000][gc,task     ] GC(1147) Using 8 workers of 8 for evacuation
[2026-01-16T10:01:11.118+0000][gc,phases   ] GC(1147)   Pre Evacuate Collection Set: 0.7ms
[2026-01-16T10:01:11.119+0000][gc,phases   ] GC(1147)   Merge Heap Roots: 0.5ms
[2026-01-16T10:01:11.119+0000][gc,phases   ] GC(1147)   Evacuate Collection Set: 26.1ms
[2026-01-16T10:01:11.119+0000][gc,phases   ] GC(1147)   Post Evacuate Collection Set: 2.0ms
[2026-01-16T10:01:11.120+0000][gc,phases   ] GC(1147)   Other: 1.8ms
[2026-01-16T10:01:11.121+0000][gc,heap     ] GC(1147) Eden regions: 47->0(47)
[2026-01-16T10:01:11.121+0000][gc,heap     ] GC(1147) Survivor regions: 4->4(7)
[2026-01-16T10:01:11.121+0000][gc,heap     ] GC(1147) Old regions: 76->76
[2026-01-16T10:01:11.122+0000][gc,heap     ] GC(1147) Humongous regions: 38->38
[2026-01-16T10:01:11.122+0000][gc,metaspace] GC(1147) Metaspace: 13076K(13568K)->13076K(13568K) NonClass: 11991K(12224K)->11991K(12224K) Class: 1085K(1344K)->1085K(1344K)
[2026-01-16T10:01:11.123+0000][gc          ] GC(1147) Pause Young (Normal) (G1 Evacuation Pause) 163M->116M(1024M) 37.918ms
[2026-01-16T10:01:11.124+0000][gc,cpu      ] GC(1147) User=0.05s Sys=0.00s Real=0.03s
[2026-01-16T10:01:19.701+0000][gc,start    ] GC(1148) Pause Young (Normal) (G1 Evacuation Pause)
[2026-01-16T10:01:19.701+0000][gc,task     ] GC(1148) Using 8 workers of 8 for evacuation
[2026-01-16T10:01:19.825+0000][gc,phases   ] GC(1148)   Pre Evacuate Collection Set: 13.6ms
[2026-01-16T10:01:19.827+0000][gc,phases   ] GC(1148)   Merge Heap Roots: 2.7ms
[2026-01-16T10:01:19.828+0000][gc,phases   ] GC(1148)   Evacuate Collection Set: 95.9ms
[2026-01-16T10:01:19.829+0000][gc,phases   ] GC(1148)   Post Evacuate Collection Set: 10.9ms
[2026-01-16T10:01:19.833+0000][gc,phases   ] GC(1148)   Other: 0.6ms
[2026-01-16T10:01:19.833+0000][gc,heap     ] GC(1148) Eden regions: 47->0(157)
[2026-01-16T10:01:19.833+0000][gc,heap     ] GC(1148) Survivor regions: 4->3(7)
[2026-01-16T10:01:19.834+0000][gc,heap     ] GC(1148) Old regions: 76->76
[2026-01-16T10:01:19.834+0000][gc,heap     ] GC(1148) Humongous regions: 38->38
[2026-01-16T10:01:19.834+0000][gc,metaspace] GC(1148) Metaspace: 13078K(13568K)->13078K(13568K) NonClass: 11992K(12224K)->11992K(12224K) Class: 1085K(1344K)->1085K(1344K)
[2026-01-16T10:01:19.834+0000][gc          ] GC(1148) Pause Young (Normal) (G1 Evacuation Pause) 163M->116M(1024M) 133.932ms
[2026-01-16T10:01:19.835+0000][gc,cpu      ] GC(1148) User=0.17s Sys=0.00s Real=0.13s
[2026-01-16T10:01:29.229+0000][gc,start    ] GC(1149) Pause Young (Normal) (G1 Evacuation Pause)
[2026-01-16T10:01:29.234+0000][gc,task     ] GC(1149) Using 8 workers of 8 for evacuation
[2026-01-16T10:01:29.565+0000][gc,mmu      ] GC(1149) MMU target violated: 201.0ms (200.0ms/201.0ms)
[2026-01-16T10:01:29.566+0000][gc,phases   ] GC(1149)   Pre Evacuate Collection Set: 23.6ms
[2026-01-16T10:01:29.570+0000][gc,phases   ] GC(1149)   Merge Heap Roots: 2.4ms
[2026-01-16T10:01:29.571+0000][gc,phases   ] GC(1149)   Evacuate Collection Set: 274.8ms
[2026-01-16T10:01:29.572+0000][gc,phases   ] GC(1149)   Post Evacuate Collection Set: 25.9ms
[2026-01-16T10:01:29.573+0000][gc,phases   ] GC(1149)   Other: 8.9ms
[2026-01-16T10:01:29.573+0000][gc,heap     ] GC(1149) Eden regions: 98->0(48)
[2026-01-16T10:01:29.573+0000][gc,heap     ] GC(1149) Survivor regions: 3->3(13)
[2026-01-16T10:01:29.574+0000][gc,heap     ] GC(1149) Old regions: 76->76
[2026-01-16T10:01:29.574+0000][gc,heap     ] GC(1149) Humongous regions: 38->38
[2026-01-16T10:01:29.574+0000][gc,metaspace] GC(1149) Metaspace: 13078K(13568K)->13078K(13568K) NonClass: 11992K(12224K)->11992K(12224K) Class: 1085K(1344K)->1085K(1344K)
[2026-01-16T10:01:29.576+0000][gc          ] GC(1149) Pause Young (Normal) (G1 Evacuation Pause) 214M->116M(1024M) 346.988ms
[2026-01-16T10:01:29.579+0000][gc,cpu      ] GC(1149) User=0.39s Sys=0.02s Real=0.35s
[2026-01-16T10:01:32.656+0000][gc,start    ] GC(1150) Pause Young (Normal) (G1 Evacuation Pause)
[2026-01-16T10:01:32.658+0000][gc,task     ] GC(1150) Using 8 workers of 8 for evacuation
[2026-01-16T10:01:33.055+0000][gc,mmu      ] GC(1150) MMU target violated: 201.0ms (200.0ms/201.0ms)
[2026-01-16T10:01:33.055+0000][gc,phases   ] GC(1150)   Pre Evacuate Collection Set: 43.1ms
[2026-01-16T10:01:33.059+0000][gc,phases   ] GC(1150)   Merge Heap Roots: 8.1ms
[2026-01-16T10:01:33.061+0000][gc,phases   ] GC(1150)   Evacuate Collection Set: 333.8ms
[2026-01-16T10:01:33.062+0000][gc,phases   ] GC(1150)   Post Evacuate Collection Set: 7.4ms
[2026-01-16T10:01:33.062+0000][gc,phases   ] GC(1150)   Other: 4.5ms
[2026-01-16T10:01:33.063+0000][gc,heap     ] GC(1150) Eden regions: 48->0(48)
[2026-01-16T10:01:33.063+0000][gc,heap     ] GC(1150) Survivor regions: 3->3(7)
[2026-01-16T10:01:33.063+0000][gc,heap     ] GC(1150) Old regions: 76->76
[2026-01-16T10:01:33.064+0000][gc,heap     ] GC(1150) Humongous regions: 38->38
[2026-01-16T10:01:33.064+0000][gc,metaspace] GC(1150) Metaspace: 13078K(13568K)->13078K(13568K) NonClass: 11992K(12224K)->11992K(12224K) Class: 1085K(1344K)->1085K(1344K)
[2026-01-16T10:01:33.065+0000][gc          ] GC(1150) Pause Young (Normal) (G1 Evacuation Pause) 164M->116M(1024M) 408.166ms
[2026-01-16T10:01:33.065+0000][gc,cpu      ] GC(1150) User=0.20s Sys=0.03s Real=0.41s
[2026-01-16T10:01:34.023+0000][gc,start    ] GC(1151) Pause Young (Normal) (G1 Evacuation Pause)
[2026-01-16T10:01:34.024+0000][gc,task     ] GC(1151) Using 8 workers of 8 for evacuation
[2026-01-16T10:01:34.122+0000][gc,phases   ] GC(1151)   Pre Evacuate Collection Set: 8.0ms
[2026-01-16T10:01:34.123+0000][gc,phases   ] GC(1151)   Merge Heap Roots: 0.9ms
[2026-01-16T10:01:34.123+0000][gc,phases   ] GC(1151)   Evacuate Collection Set: 77.7ms
[2026-01-16T10:01:34.124+0000][gc,phases   ] GC(1151)   Post Evacuate Collection Set: 0.8ms
[2026-01-16T10:01:34.124+0000][gc,phases   ] GC(1151)   Other: 10.0ms
[2026-01-16T10:01:34.124+0000][gc,heap     ] GC(1151) Eden regions: 48->0(47)
[2026-01-16T10:01:34.124+0000][gc,heap     ] GC(1151) Survivor regions: 3->4(7)
[2026-01-16T10:01:34.125+0000][gc,heap     ] GC(1151) Old regions: 76->76
[2026-01-16T10:01:34.125+0000][gc,heap     ] GC(1151) Humongous regions: 38->38
[2026-01-16T10:01:34.125+0000][gc,metaspace] GC(1151) Metaspace: 13078K(13568K)->13078K(13568K) NonClass: 11992K(12224K)->11992K(12224K) Class: 1085K(1344K)->1085K(1344K)
[2026-01-16T10:01:34.126+0000][gc          ] GC(1151) Pause Young (Normal) (G1 Evacuation Pause) 164M->117M(1024M) 103.630ms
[2026-01-16T10:01:34.127+0000][gc,cpu      ] GC(1151) User=0.07s Sys=0.00s Real=0.11s
[2026-01-16T10:01:40.851+0000][gc,start    ] GC(1152) Pause Young (Normal) (G1 Evacuation Pause)
[2026-01-16T10:01:40.856+0000][gc,task     ] GC(1152) Using 8 workers of 8 for evacuation
[2026-01-16T10:01:41.143+0000][gc,mmu      ] GC(1152) MMU target violated: 201.0ms (200.0ms/201.0ms)
[2026-01-16T10:01:41.145+0000][gc,phases   ] GC(1152)   Pre Evacuate Collection Set: 18.5ms
[2026-01-16T10:01:41.146+0000][gc,phases   ] GC(1152)   Merge Heap Roots: 10.1ms
[2026-01-16T10:01:41.146+0000][gc,phases   ] GC(1152)   Evacuate Collection Set: 231.0ms
[2026-01-16T10:01:41.146+0000][gc,phases   ] GC(1152)   Post Evacuate Collection Set: 26.3ms
[2026-01-16T10:01:41.146+0000][gc,phases   ] GC(1152)   Other: 4.5ms
[2026-01-16T10:01:41.146+0000][gc,heap     ] GC(1152) Eden regions: 47->0(48)
[2026-01-16T10:01:41.146+0000][gc,heap     ] GC(1152) Survivor regions: 4->3(7)
[2026-01-16T10:01:41.146+0000][gc,heap     ] GC(1152) Old regions: 76->77
[2026-01-16T10:01:41.147+0000][gc,heap     ] GC(1152) Humongous regions: 38->38
[2026-01-16T10:01:41.147+0000][gc,metaspace] GC(1152) Metaspace: 13078K(13568K)->13078K(13568K) NonClass: 11992K(12224K)->11992K(12224K) Class: 1085K(1344K)->1085K(1344K)
[2026-01-16T10:01:41.148+0000][gc          ] GC(1152) Pause Young (Normal) (G1 Evacuation Pause) 164M->116M(1024M) 296.570ms
[2026-01-16T10:01:41.148+0000][gc,cpu      ] GC(1152) User=0.26s Sys=0.04s Real=0.30s
[2026-01-16T10:01:42.655+0000][gc,start    ] GC(1153) Pause Young (Normal) (G1 Evacuation Pause)
[2026-01-16T10:01:42.658+0000][gc,task     ] GC(1153) Using 8 workers of 8 for evacuation
[2026-01-16T10:01:42.752+0000][gc,phases   ] GC(1153)   Pre Evacuate Collection Set: 5.4ms
[2026-01-16T10:01:42.754+0000][gc,phases   ] GC(1153)   Merge Heap Roots: 0.4ms
[2026-01-16T10:01:42.755+0000][gc,phases   ] GC(1153)   Evacuate Collection Set: 84.8ms
[2026-01-16T10:01:42.755+0000][gc,phases   ] GC(1153)   Post Evacuate Collection Set: 3.1ms
[2026-01-16T10:01:42.756+0000][gc,phases   ] GC(1153)   Other: 1.2ms
[2026-01-16T10:01:42.756+0000][gc,heap     ] GC(1153) Eden regions: 48->0(48)
[2026-01-16T10:01:42.757+0000][gc,heap     ] GC(1153) Survivor regions: 3->3(7)
[2026-01-16T10:01:42.757+0000][gc,heap     ] GC(1153) Old regions: 77->77
[2026-01-16T10:01:42.757+0000][gc,heap     ] GC(1153) Humongous regions: 38->38
[2026-01-16T10:01:42.757+0000][gc,metaspace] GC(1153) Metaspace: 13080K(13568K)->13080K(13568K) NonClass: 11995K(12224K)->11995K(12224K) Class: 1085K(1344K)->1085K(1344K)
[2026-01-16T10:01:42.759+0000][gc          ] GC(1153) Pause Young (Normal) (G1 Evacuation Pause) 164M->117M(1024M) 103.831ms
[2026-01-16T10:01:42.761+0000][gc,cpu      ] GC(1153) User=0.09s Sys=0.01s Real=0.10s
[2026-01-16T10:01:49.184+0000][gc,start    ] GC(1154) Pause Young (Normal) (G1 Evacuation Pause)
[2026-01-16T10:01:49.186+0000][gc,task     ] GC(1154) Using 8 workers of 8 for evacuation
[2026-01-16T10:01:49.238+0000][gc,phases   ] GC(1154)   Pre Evacuate Collection Set: 7.5ms
[2026-01-16T10:01:49.239+0000][gc,phases   ] GC(1154)   Merge Heap Roots: 1.2ms
[2026-01-16T10:01:49.239+0000][gc,phases   ] GC(1154)   Evacuate Collection Set: 38.6ms
[2026-01-16T10:01:49.240+0000][gc,phases   ] GC(1154)   Post Evacuate Collection Set: 4.9ms
[2026-01-16T10:01:49.240+0000][gc,phases   ] GC(1154)   Other: 0.7ms
[2026-01-16T10:01:49.242+0000][gc,heap     ] GC(1154) Eden regions: 48->0(128)
[2026-01-16T10:01:49.243+0000][gc,heap     ] GC(1154) Survivor regions: 3->2(7)
[2026-01-16T10:01:49.243+0000][gc,heap     ] GC(1154) Old regions: 77->77
[2026-01-16T10:01:49.244+0000][gc,heap     ] GC(1154) Humongous regions: 38->38
[2026-01-16T10:01:49.244+0000][gc,metaspace] GC(1154) Metaspace: 13080K(13568K)->13080K(13568K) NonClass: 11995K(12224K)->11995K(12224K) Class: 1085K(1344K)->1085K(1344K)
[2026-01-16T10:01:49.245+0000][gc          ] GC(1154) Pause Young (Normal) (G1 Evacuation Pause) 165M->116M(1024M) 60.238ms
[2026-01-16T10:01:49.245+0000][gc,cpu      ] GC(1154) User=0.16s Sys=0.01s Real=0.06s
[2026-01-16T10:01:51.252+0000][gc,start    ] GC(1155) Pause Young (Normal) (G1 Evacuation Pause)
[2026-01-16T10:01:51.254+0000][gc,task     ] GC(1155) Using 8 workers of 8 for evacuation
[2026-01-16T10:01:51.304+0000][gc,phases   ] GC(1155)   Pre Evacuate Collection Set: 6.7ms
[2026-01-16T10:01:51.328+0000][gc,phases   ] GC(1155)   Merge Heap Roots: 0.6ms
[2026-01-16T10:01:51.328+0000][gc,phases   ] GC(1155)   Evacuate Collection Set: 38.0ms
[2026-01-16T10:01:51.328+0000][gc,phases   ] GC(1155)   Post Evacuate Collection Set: 1.8ms
[2026-01-16T10:01:51.329+0000][gc,phases   ] GC(1155)   Other: 2.2ms
[2026-01-16T10:01:51.329+0000][gc,heap     ] GC(1155) Eden regions: 97->0(136)
[2026-01-16T10:01:51.329+0000][gc,heap     ] GC(1155) Survivor regions: 2->3(13)
[2026-01-16T10:01:51.329+0000][gc,heap     ] GC(1155) Old regions: 77->78
[2026-01-16T10:01:51.329+0000][gc,heap     ] GC(1155) Humongous regions: 38->38
[2026-01-16T10:01:51.329+0000][gc,metaspace] GC(1155) Metaspace: 13080K(13568K)->13080K(13568K) NonClass: 11995K(12224K)->11995K(12224K) Class: 1085K(1344K)->1085K(1344K)
[2026-01-16T10:01:51.330+0000][gc          ] GC(1155) Pause Young (Normal) (G1 Evacuation Pause) 213M->118M(1024M) 77.738ms
[2026-01-16T10:01:51.330+0000][gc,cpu      ] GC(1155) User=0.14s Sys=0.01s Real=0.08s
[2026-01-16T10:02:00.751+0000][gc,start    ] GC(1156) Pause Young (Normal) (G1 Evacuation Pause)
[2026-01-16T10:02:00.752+0000][gc,task     ] GC(1156) Using 8 workers of 8 for evacuation
[2026-01-16T10:02:00.807+0000][gc,phases   ] GC(1156)   Pre Evacuate Collection Set: 3.2ms
[2026-01-16T10:02:00.808+0000][gc,phases   ] GC(1156)   Merge Heap Roots: 0.8ms
[2026-01-16T10:02:00.808+0000][gc,phases   ] GC(1156)   Evacuate Collection Set: 47.1ms
[2026-01-16T10:02:00.808+0000][gc,phases   ] GC(1156)   Post Evacuate Collection Set: 3.9ms
[2026-01-16T10:02:00.808+0000][gc,phases   ] GC(1156)   Other: 0.7ms
[2026-01-16T10:02:00.808+0000][gc,heap     ] GC(1156) Eden regions: 113->0(262)
[2026-01-16T10:02:00.808+0000][gc,heap     ] GC(1156) Survivor regions: 3->3(15)
[2026-01-16T10:02:00.808+0000][gc,heap     ] GC(1156) Old regions: 78->78
[2026-01-16T10:02:00.809+0000][gc,heap     ] GC(1156) Humongous regions: 38->38
[2026-01-16T10:02:00.809+0000][gc,metaspace] GC(1156) Metaspace: 13080K(13568K)->13080K(13568K) NonClass: 11995K(12224K)->11995K(12224K) Class: 1085K(1344K)->1085K(1344K)
[2026-01-16T10:02:00.809+0000][gc          ] GC(1156) Pause Young (Normal) (G1 Evacuation Pause) 231M->118M(1024M) 58.014ms
[2026-01-16T10:02:00.809+0000][gc,cpu      ] GC(1156) User=0.17s Sys=0.02s Real=0.06s
[2026-01-16T10:02:31.880+0000][gc,start    ] GC(1157) Pause Young (Normal) (G1 Evacuation Pause)
[2026-01-16T10:02:31.882+0000][gc,task     ] GC(1157) Using 8 workers of 8 for evacuation
[2026-01-16T10:02:31.984+0000][gc,phases   ] GC(1157)   Pre Evacuate Collection Set: 14.7ms
[2026-01-16T10:02:31.985+0000][gc,phases   ] GC(1157)   Merge Heap Roots: 1.4ms
[2026-01-16T10:02:31.985+0000][gc,phases   ] GC(1157)   Evacuate Collection Set: 68.9ms
[2026-01-16T10:02:31.985+0000][gc,phases   ] GC(1157)   Post Evacuate Collection Set: 16.4ms
[2026-01-16T10:02:31.985+0000][gc,phases   ] GC(1157)   Other: 1.5ms
[2026-01-16T10:02:31.985+0000][gc,heap     ] GC(1157) Eden regions: 311->0(394)
[2026-01-16T10:02:31.985+0000][gc,heap     ] GC(1157) Survivor regions: 3->3(40)
[2026-01-16T10:02:31.985+0000][gc,heap     ] GC(1157) Old regions: 78->78
[2026-01-16T10:02:31.985+0000][gc,heap     ] GC(1157) Humongous regions: 38->38
[2026-01-16T10:02:31.986+0000][gc,metaspace] GC(1157) Metaspace: 13080K(13568K)->13080K(13568K) NonClass: 11995K(12224K)->11995K(12224K) Class: 1085K(1344K)->1085K(1344K)
[2026-01-16T10:02:31.986+0000][gc          ] GC(1157) Pause Young (Normal) (G1 Evacuation Pause) 429M->118M(1024M) 105.854ms
[2026-01-16T10:02:31.986+0000][gc,cpu      ] GC(1157) User=0.27s Sys=0.02s Real=0.10s
[2026-01-16T10:03:12.749+0000][gc,start    ] GC(1158) Pause Young (Normal) (G1 Evacuation Pause)
[2026-01-16T10:03:12.758+0000][gc,task     ] GC(1158) Using 8 workers of 8 for evacuation
[2026-01-16T10:03:13.009+0000][gc,mmu      ] GC(1158) MMU target violated: 201.0ms (200.0ms/201.0ms)
[2026-01-16T10:03:13.011+0000][gc,phases   ] GC(1158)   Pre Evacuate Collection Set: 17.9ms
[2026-01-16T10:03:13.011+0000][gc,phases   ] GC(1158)   Merge Heap Roots: 1.8ms
[2026-01-16T10:03:13.013+0000][gc,phases   ] GC(1158)   Evacuate Collection Set: 154.3ms
[2026-01-16T10:03:13.015+0000][gc,phases   ] GC(1158)   Post Evacuate Collection Set: 73.6ms
[2026-01-16T10:03:13.015+0000][gc,phases   ] GC(1158)   Other: 10.8ms
[2026-01-16T10:03:13.019+0000][gc,heap     ] GC(1158) Eden regions: 465->0(118)
[2026-01-16T10:03:13.020+0000][gc,heap     ] GC(1158) Survivor regions: 3->4(59)
[2026-01-16T10:03:13.024+0000][gc,heap     ] GC(1158) Old regions: 78->78
[2026-01-16T10:03:13.026+0000][gc,heap     ] GC(1158) Humongous regions: 38->38
[2026-01-16T10:03:13.029+0000][gc,metaspace] GC(1158) Metaspace: 13080K(13568K)->13080K(13568K) NonClass: 11995K(12224K)->11995K(12224K) Class: 1085K(1344K)->1085K(1344K)
[2026-01-16T10:03:13.030+0000][gc          ] GC(1158) Pause Young (Normal) (G1 Evacuation Pause) 583M->118M(1024M) 280.073ms
[2026-01-16T10:03:13.031+0000][gc,cpu      ] GC(1158) User=0.63s Sys=0.10s Real=0.29s
[2026-01-16T10:03:22.017+0000][gc,start    ] GC(1159) Pause Young (Normal) (G1 Evacuation Pause)
[2026-01-16T10:03:22.018+0000][gc,task     ] GC(1159) Using 8 workers of 8 for evacuation
[2026-01-16T10:03:22.076+0000][gc,phases   ] GC(1159)   Pre Evacuate Collection Set: 5.3ms
[2026-01-16T10:03:22.076+0000][gc,phases   ] GC(1159)   Merge Heap Roots: 1.1ms
[2026-01-16T10:03:22.076+0000][gc,phases   ] GC(1159)   Evacuate Collection Set: 46.1ms
[2026-01-16T10:03:22.076+0000][gc,phases   ] GC(1159)   Post Evacuate Collection Set: 5.1ms
[2026-01-16T10:03:22.076+0000][gc,phases   ] GC(1159)   Other: 0.5ms
[2026-01-16T10:03:22.076+0000][gc,heap     ] GC(1159) Eden regions: 152->0(233)
[2026-01-16T10:03:22.076+0000][gc,heap     ] GC(1159) Survivor regions: 4->5(20)
[2026-01-16T10:03:22.077+0000][gc,heap     ] GC(1159) Old regions: 78->78
[2026-01-16T10:03:22.077+0000][gc,heap     ] GC(1159) Humongous regions: 38->38
[2026-01-16T10:03:22.077+0000][gc,metaspace] GC(1159) Metaspace: 13080K(13568K)->13080K(13568K) NonClass: 11995K(12224K)->11995K(12224K) Class: 1085K(1344K)->1085K(1344K)
[2026-01-16T10:03:22.078+0000][gc          ] GC(1159) Pause Young (Normal) (G1 Evacuation Pause) 270M->119M(1024M) 60.482ms
[2026-01-16T10:03:22.078+0000][gc,cpu      ] GC(1159) User=0.22s Sys=0.01s Real=0.06s
[2026-01-16T10:03:41.319+0000][gc,start    ] GC(1160) Pause Young (Normal) (G1 Evacuation Pause)
[2026-01-16T10:03:41.321+0000][gc,task     ] GC(1160) Using 8 workers of 8 for evacuation
[2026-01-16T10:03:41.377+0000][gc,phases   ] GC(1160)   Pre Evacuate Collection Set: 3.2ms
[2026-01-16T10:03:41.378+0000][gc,phases   ] GC(1160)   Merge Heap Roots: 0.6ms
[2026-01-16T10:03:41.378+0000][gc,phases   ] GC(1160)   Evacuate Collection Set: 40.3ms
[2026-01-16T10:03:41.378+0000][gc,phases   ] GC(1160)   Post Evacuate Collection Set: 11.8ms
[2026-01-16T10:03:41.378+0000][gc,phases   ] GC(1160)   Other: 2.1ms
[2026-01-16T10:03:41.378+0000][gc,heap     ] GC(1160) Eden regions: 248->0(457)
[2026-01-16T10:03:41.378+0000][gc,heap     ] GC(1160) Survivor regions: 5->5(32)
[2026-01-16T10:03:41.378+0000][gc,heap     ] GC(1160) Old regions: 78->78
[2026-01-16T10:03:41.378+0000][gc,heap     ] GC(1160) Humongous regions: 38->38
[2026-01-16T10:03:41.378+0000][gc,metaspace] GC(1160) Metaspace: 13080K(13568K)->13080K(13568K) NonClass: 11995K(12224K)->11995K(12224K) Class: 1085K(1344K)->1085K(1344K)
[2026-01-16T10:03:41.378+0000][gc          ] GC(1160) Pause Young (Normal) (G1 Evacuation Pause) 367M->119M(1024M) 59.251ms
[2026-01-16T10:03:41.379+0000][gc,cpu      ] GC(1160) User=0.26s Sys=0.02s Real=0.06s
[2026-01-16T10:04:29.260+0000][gc,start    ] GC(1161) Pause Young (Normal) (G1 Evacuation Pause)
[2026-01-16T10:04:29.264+0000][gc,task     ] GC(1161) Using 8 workers of 8 for evacuation
[2026-01-16T10:04:29.381+0000][gc,phases   ] GC(1161)   Pre Evacuate Collection Set: 13.9ms
[2026-01-16T10:04:29.381+0000][gc,phases   ] GC(1161)   Merge Heap Roots: 2.6ms
[2026-01-16T10:04:29.381+0000][gc,phases   ] GC(1161)   Evacuate Collection Set: 89.1ms
[2026-01-16T10:04:29.381+0000][gc,phases   ] GC(1161)   Post Evacuate Collection Set: 10.3ms
[2026-01-16T10:04:29.381+0000][gc,phases   ] GC(1161)   Other: 1.1ms
[2026-01-16T10:04:29.381+0000][gc,heap     ] GC(1161) Eden regions: 482->0(610)
[2026-01-16T10:04:29.381+0000][gc,heap     ] GC(1161) Survivor regions: 5->4(61)
[2026-01-16T10:04:29.381+0000][gc,heap     ] GC(1161) Old regions: 78->78
[2026-01-16T10:04:29.381+0000][gc,heap     ] GC(1161) Humongous regions: 38->38
[2026-01-16T10:04:29.381+0000][gc,metaspace] GC(1161) Metaspace: 13080K(13568K)->13080K(13568K) NonClass: 11995K(12224K)->11995K(12224K) Class: 1085K(1344K)->1085K(1344K)
[2026-01-16T10:04:29.382+0000][gc          ] GC(1161) Pause Young (Normal) (G1 Evacuation Pause) 601M->119M(1024M) 121.782ms
[2026-01-16T10:04:29.382+0000][gc,cpu      ] GC(1161) User=0.55s Sys=0.06s Real=0.13s
[2026-01-16T10:05:20.690+0000][gc,start    ] GC(1162) Pause Young (Normal) (G1 Evacuation Pause)
[2026-01-16T10:05:20.691+0000][gc,task     ] GC(1162) Using 8 workers of 8 for evacuation
[2026-01-16T10:05:20.829+0000][gc,phases   ] GC(1162)   Pre Evacuate Collection Set: 14.7ms
[2026-01-16T10:05:20.829+0000][gc,phases   ] GC(1162)   Merge Heap Roots: 5.6ms
[2026-01-16T10:05:20.829+0000][gc,phases   ] GC(1162)   Evacuate Collection Set: 101.2ms
[2026-01-16T10:05:20.829+0000][gc,phases   ] GC(1162)   Post Evacuate Collection Set: 14.8ms
[2026-01-16T10:05:20.829+0000][gc,phases   ] GC(1162)   Other: 1.7ms
[2026-01-16T10:05:20.829+0000][gc,heap     ] GC(1162) Eden regions: 610->0(523)
[2026-01-16T10:05:20.829+0000][gc,heap     ] GC(1162) Survivor regions: 4->6(77)
[2026-01-16T10:05:20.829+0000][gc,heap     ] GC(1162) Old regions: 78->78
[2026-01-16T10:05:20.829+0000][gc,heap     ] GC(1162) Humongous regions: 38->38
[2026-01-16T10:05:20.830+0000][gc,metaspace] GC(1162) Metaspace: 13080K(13568K)->13080K(13568K) NonClass: 11995K(12224K)->11995K(12224K) Class: 1085K(1344K)->1085K(1344K)
[2026-01-16T10:05:20.830+0000][gc          ] GC(1162) Pause Young (Normal) (G1 Evacuation Pause) 729M->121M(1024M) 140.485ms
[2026-01-16T10:05:20.830+0000][gc,cpu      ] GC(1162) User=0.55s Sys=0.05s Real=0.14s
[2026-01-16T10:06:09.154+0000][gc,start    ] GC(1163) Pause Young (Normal) (G1 Evacuation Pause)
[2026-01-16T10:06:09.157+0000][gc,task     ] GC(1163) Using 8 workers of 8 for evacuation
[2026-01-16T10:06:09.292+0000][gc,phases   ] GC(1163)   Pre Evacuate Collection Set: 7.3ms
[2026-01-16T10:06:09.293+0000][gc,phases   ] GC(1163)   Merge Heap Roots: 12.1ms
[2026-01-16T10:06:09.294+0000][gc,phases   ] GC(1163)   Evacuate Collection Set: 88.5ms
[2026-01-16T10:06:09.294+0000][gc,phases   ] GC(1163)   Post Evacuate Collection Set: 25.8ms
[2026-01-16T10:06:09.294+0000][gc,phases   ] GC(1163)   Other: 1.6ms
[2026-01-16T10:06:09.294+0000][gc,heap     ] GC(1163) Eden regions: 549->0(602)
[2026-01-16T10:06:09.294+0000][gc,heap     ] GC(1163) Survivor regions: 6->6(70)
[2026-01-16T10:06:09.295+0000][gc,heap     ] GC(1163) Old regions: 78->78
[2026-01-16T10:06:09.295+0000][gc,heap     ] GC(1163) Humongous regions: 38->38
[2026-01-16T10:06:09.295+0000][gc,metaspace] GC(1163) Metaspace: 13080K(13568K)->13080K(13568K) NonClass: 11995K(12224K)->11995K(12224K) Class: 1085K(1344K)->1085K(1344K)
[2026-01-16T10:06:09.299+0000][gc          ] GC(1163) Pause Young (Normal) (G1 Evacuation Pause) 670M->121M(1024M) 145.009ms
[2026-01-16T10:06:09.299+0000][gc,cpu      ] GC(1163) User=0.46s Sys=0.04s Real=0.15s
[2026-01-16T10:07:01.084+0000][gc,start    ] GC(1164) Pause Young (Normal) (G1 Evacuation Pause)
[2026-01-16T10:07:01.088+0000][gc,task     ] GC(1164) Using 8 workers of 8 for evacuation
[2026-01-16T10:07:01.259+0000][gc,phases   ] GC(1164)   Pre Evacuate Collection Set: 26.2ms
[2026-01-16T10:07:01.259+0000][gc,phases   ] GC(1164)   Merge Heap Roots: 2.6ms
[2026-01-16T10:07:01.260+0000][gc,phases   ] GC(1164)   Evacuate Collection Set: 122.3ms
[2026-01-16T10:07:01.260+0000][gc,phases   ] GC(1164)   Post Evacuate Collection Set: 19.0ms
[2026-01-16T10:07:01.260+0000][gc,phases   ] GC(1164)   Other: 1.6ms
[2026-01-16T10:07:01.260+0000][gc,heap     ] GC(1164) Eden regions: 608->0(450)
[2026-01-16T10:07:01.260+0000][gc,heap     ] GC(1164) Survivor regions: 6->7(77)
[2026-01-16T10:07:01.261+0000][gc,heap     ] GC(1164) Old regions: 78->79
[2026-01-16T10:07:01.261+0000][gc,heap     ] GC(1164) Humongous regions: 38->38
[2026-01-16T10:07:01.261+0000][gc,metaspace] GC(1164) Metaspace: 13080K(13568K)->13080K(13568K) NonClass: 11995K(12224K)->11995K(12224K) Class: 1085K(1344K)->1085K(1344K)
[2026-01-16T10:07:01.261+0000][gc          ] GC(1164) Pause Young (Normal) (G1 Evacuation Pause) 729M->122M(1024M) 177.195ms
[2026-01-16T10:07:01.261+0000][gc,cpu      ] GC(1164) User=0.58s Sys=0.05s Real=0.18s
[2026-01-16T10:07:42.042+0000][gc,start    ] GC(1165) Pause Young (Normal) (G1 Evacuation Pause)
[2026-01-16T10:07:42.043+0000][gc,task     ] GC(1165) Using 8 workers of 8 for evacuation
[2026-01-16T10:07:42.111+0000][gc,phases   ] GC(1165)   Pre Evacuate Collection Set: 3.4ms
[2026-01-16T10:07:42.112+0000][gc,phases   ] GC(1165)   Merge Heap Roots: 0.9ms
[2026-01-16T10:07:42.112+0000][gc,phases   ] GC(1165)   Evacuate Collection Set: 53.5ms
[2026-01-16T10:07:42.112+0000][gc,phases   ] GC(1165)   Post Evacuate Collection Set: 10.4ms
[2026-01-16T10:07:42.112+0000][gc,phases   ] GC(1165)   Other: 0.6ms
[2026-01-16T10:07:42.112+0000][gc,heap     ] GC(1165) Eden regions: 511->0(605)
[2026-01-16T10:07:42.112+0000][gc,heap     ] GC(1165) Survivor regions: 7->9(65)
[2026-01-16T10:07:42.112+0000][gc,heap     ] GC(1165) Old regions: 79->79
[2026-01-16T10:07:42.112+0000][gc,heap     ] GC(1165) Humongous regions: 38->38
[2026-01-16T10:07:42.112+0000][gc,metaspace] GC(1165) Metaspace: 13080K(13568K)->13080K(13568K) NonClass: 11995K(12224K)->11995K(12224K) Class: 1085K(1344K)->1085K(1344K)
[2026-01-16T10:07:42.113+0000][gc          ] GC(1165) Pause Young (Normal) (G1 Evacuation Pause) 633M->124M(1024M) 70.933ms
[2026-01-16T10:07:42.113+0000][gc,cpu      ] GC(1165) User=0.35s Sys=0.02s Real=0.07s
[2026-01-16T10:08:33.174+0000][gc,start    ] GC(1166) Pause Young (Normal) (G1 Evacuation Pause)
[2026-01-16T10:08:33.177+0000][gc,task     ] GC(1166) Using 8 workers of 8 for evacuation
[2026-01-16T10:08:33.510+0000][gc,mmu      ] GC(1166) MMU target violated: 201.0ms (200.0ms/201.0ms)
[2026-01-16T10:08:33.511+0000][gc,phases   ] GC(1166)   Pre Evacuate Collection Set: 7.2ms
[2026-01-16T10:08:33.511+0000][gc,phases   ] GC(1166)   Merge Heap Roots: 1.4ms
[2026-01-16T10:08:33.511+0000][gc,phases   ] GC(1166)   Evacuate Collection Set: 280.8ms
[2026-01-16T10:08:33.511+0000][gc,phases   ] GC(1166)   Post Evacuate Collection Set: 42.7ms
[2026-01-16T10:08:33.511+0000][gc,phases   ] GC(1166)   Other: 1.8ms
[2026-01-16T10:08:33.511+0000][gc,heap     ] GC(1166) Eden regions: 605->0(41)
[2026-01-16T10:08:33.512+0000][gc,heap     ] GC(1166) Survivor regions: 9->10(77)
[2026-01-16T10:08:33.512+0000][gc,heap     ] GC(1166) Old regions: 79->79
[2026-01-16T10:08:33.512+0000][gc,heap     ] GC(1166) Humongous regions: 38->38
[2026-01-16T10:08:33.512+0000][gc,metaspace] GC(1166) Metaspace: 13080K(13568K)->13080K(13568K) NonClass: 11995K(12224K)->11995K(12224K) Class: 1085K(1344K)->1085K(1344K)
[2026-01-16T10:08:33.513+0000][gc          ] GC(1166) Pause Young (Normal) (G1 Evacuation Pause) 729M->125M(1024M) 340.479ms
[2026-01-16T10:08:33.514+0000][gc,cpu      ] GC(1166) User=0.55s Sys=0.07s Real=0.34s
[2026-01-16T10:08:40.162+0000][gc,start    ] GC(1167) Pause Young (Normal) (G1 Evacuation Pause)
[2026-01-16T10:08:40.163+0000][gc,task     ] GC(1167) Using 8 workers of 8 for evacuation
[2026-01-16T10:08:40.332+0000][gc,phases   ] GC(1167)   Pre Evacuate Collection Set: 14.6ms
[2026-01-16T10:08:40.332+0000][gc,phases   ] GC(1167)   Merge Heap Roots: 4.3ms
[2026-01-16T10:08:40.333+0000][gc,phases   ] GC(1167)   Evacuate Collection Set: 143.8ms
[2026-01-16T10:08:40.333+0000][gc,phases   ] GC(1167)   Post Evacuate Collection Set: 4.9ms
[2026-01-16T10:08:40.333+0000][gc,phases   ] GC(1167)   Other: 1.2ms
[2026-01-16T10:08:40.334+0000][gc,heap     ] GC(1167) Eden regions: 41->0(336)
[2026-01-16T10:08:40.334+0000][gc,heap     ] GC(1167) Survivor regions: 10->4(7)
[2026-01-16T10:08:40.334+0000][gc,heap     ] GC(1167) Old regions: 79->84
[2026-01-16T10:08:40.334+0000][gc,heap     ] GC(1167) Humongous regions: 38->38
[2026-01-16T10:08:40.340+0000][gc,metaspace] GC(1167) Metaspace: 13080K(13568K)->13080K(13568K) NonClass: 11995K(12224K)->11995K(12224K) Class: 1085K(1344K)->1085K(1344K)
[2026-01-16T10:08:40.341+0000][gc          ] GC(1167) Pause Young (Normal) (G1 Evacuation Pause) 166M->124M(1024M) 179.168ms
[2026-01-16T10:08:40.344+0000][gc,cpu      ] GC(1167) User=0.35s Sys=0.05s Real=0.18s
[2026-01-16T10:09:22.045+0000][gc,start    ] GC(1168) Pause Young (Normal) (G1 Evacuation Pause)
[2026-01-16T10:09:22.045+0000][gc,task     ] GC(1168) Using 8 workers of 8 for evacuation
[2026-01-16T10:09:22.136+0000][gc,phases   ] GC(1168)   Pre Evacuate Collection Set: 11.2ms
[2026-01-16T10:09:22.137+0000][gc,phases   ] GC(1168)   Merge Heap Roots: 1.6ms
[2026-01-16T10:09:22.137+0000][gc,phases   ] GC(1168)   Evacuate Collection Set: 59.7ms
[2026-01-16T10:09:22.137+0000][gc,phases   ] GC(1168)   Post Evacuate Collection Set: 17.8ms
[2026-01-16T10:09:22.137+0000][gc,phases   ] GC(1168)   Other: 0.8ms
[2026-01-16T10:09:22.137+0000][gc,heap     ] GC(1168) Eden regions: 519->0(584)
[2026-01-16T10:09:22.138+0000][gc,heap     ] GC(1168) Survivor regions: 4->4(66)
[2026-01-16T10:09:22.138+0000][gc,heap     ] GC(1168) Old regions: 84->84
[2026-01-16T10:09:22.138+0000][gc,heap     ] GC(1168) Humongous regions: 38->38
[2026-01-16T10:09:22.138+0000][gc,metaspace] GC(1168) Metaspace: 13080K(13568K)->13080K(13568K) NonClass: 11995K(12224K)->11995K(12224K) Class: 1085K(1344K)->1085K(1344K)
[2026-01-16T10:09:22.138+0000][gc          ] GC(1168) Pause Young (Normal) (G1 Evacuation Pause) 643M->125M(1024M) 93.598ms
[2026-01-16T10:09:22.138+0000][gc,cpu      ] GC(1168) User=0.25s Sys=0.01s Real=0.10s
[2026-01-16T10:10:10.838+0000][gc,start    ] GC(1169) Pause Young (Normal) (G1 Evacuation Pause)
[2026-01-16T10:10:10.840+0000][gc,task     ] GC(1169) Using 8 workers of 8 for evacuation
[2026-01-16T10:10:10.938+0000][gc,phases   ] GC(1169)   Pre Evacuate Collection Set: 10.3ms
[2026-01-16T10:10:10.938+0000][gc,phases   ] GC(1169)   Merge Heap Roots: 9.8ms
[2026-01-16T10:10:10.939+0000][gc,phases   ] GC(1169)   Evacuate Collection Set: 60.2ms
[2026-01-16T10:10:10.939+0000][gc,phases   ] GC(1169)   Post Evacuate Collection Set: 16.6ms
[2026-01-16T10:10:10.939+0000][gc,phases   ] GC(1169)   Other: 1.5ms
[2026-01-16T10:10:10.940+0000][gc,heap     ] GC(1169) Eden regions: 610->0(608)
[2026-01-16T10:10:10.940+0000][gc,heap     ] GC(1169) Survivor regions: 4->6(77)
[2026-01-16T10:10:10.940+0000][gc,heap     ] GC(1169) Old regions: 84->84
[2026-01-16T10:10:10.940+0000][gc,heap     ] GC(1169) Humongous regions: 38->38
[2026-01-16T10:10:10.941+0000][gc,metaspace] GC(1169) Metaspace: 13080K(13568K)->13080K(13568K) NonClass: 11995K(12224K)->11995K(12224K) Class: 1085K(1344K)->1085K(1344K)
[2026-01-16T10:10:10.941+0000][gc          ] GC(1169) Pause Young (Normal) (G1 Evacuation Pause) 735M->126M(1024M) 102.893ms
[2026-01-16T10:10:10.941+0000][gc,cpu      ] GC(1169) User=0.31s Sys=0.03s Real=0.10s
[2026-01-16T10:11:09.224+0000][gc,start    ] GC(1170) Pause Young (Normal) (G1 Evacuation Pause)
[2026-01-16T10:11:09.225+0000][gc,task     ] GC(1170) Using 8 workers of 8 for evacuation
[2026-01-16T10:11:09.310+0000][gc,phases   ] GC(1170)   Pre Evacuate Collection Set: 4.7ms
[2026-01-16T10:11:09.310+0000][gc,phases   ] GC(1170)   Merge Heap Roots: 3.1ms
[2026-01-16T10:11:09.310+0000][gc,phases   ] GC(1170)   Evacuate Collection Set: 58.2ms
[2026-01-16T10:11:09.310+0000][gc,phases   ] GC(1170)   Post Evacuate Collection Set: 17.6ms
[2026-01-16T10:11:09.310+0000][gc,phases   ] GC(1170)   Other: 1.2ms
[2026-01-16T10:11:09.310+0000][gc,heap     ] GC(1170) Eden regions: 608->0(608)
[2026-01-16T10:11:09.310+0000][gc,heap     ] GC(1170) Survivor regions: 6->6(77)
[2026-01-16T10:11:09.310+0000][gc,heap     ] GC(1170) Old regions: 84->84
[2026-01-16T10:11:09.310+0000][gc,heap     ] GC(1170) Humongous regions: 38->38
[2026-01-16T10:11:09.310+0000][gc,metaspace] GC(1170) Metaspace: 13080K(13568K)->13080K(13568K) NonClass: 11995K(12224K)->11995K(12224K) Class: 1085K(1344K)->1085K(1344K)
[2026-01-16T10:11:09.311+0000][gc          ] GC(1170) Pause Young (Normal) (G1 Evacuation Pause) 734M->127M(1024M) 86.484ms
[2026-01-16T10:11:09.311+0000][gc,cpu      ] GC(1170) User=0.35s Sys=0.04s Real=0.08s
[2026-01-16T10:12:00.273+0000][gc,start    ] GC(1171) Pause Young (Normal) (G1 Evacuation Pause)
[2026-01-16T10:12:00.273+0000][gc,task     ] GC(1171) Using 8 workers of 8 for evacuation
[2026-01-16T10:12:00.369+0000][gc,phases   ] GC(1171)   Pre Evacuate Collection Set: 7.5ms
[2026-01-16T10:12:00.369+0000][gc,phases   ] GC(1171)   Merge Heap Roots: 3.3ms
[2026-01-16T10:12:00.369+0000][gc,phases   ] GC(1171)   Evacuate Collection Set: 68.3ms
[2026-01-16T10:12:00.370+0000][gc,phases   ] GC(1171)   Post Evacuate Collection Set: 16.1ms
[2026-01-16T10:12:00.370+0000][gc,phases   ] GC(1171)   Other: 0.7ms
[2026-01-16T10:12:00.370+0000][gc,heap     ] GC(1171) Eden regions: 608->0(607)
[2026-01-16T10:12:00.371+0000][gc,heap     ] GC(1171) Survivor regions: 6->7(77)
[2026-01-16T10:12:00.371+0000][gc,heap     ] GC(1171) Old regions: 84->84
[2026-01-16T10:12:00.371+0000][gc,heap     ] GC(1171) Humongous regions: 38->38
[2026-01-16T10:12:00.371+0000][gc,metaspace] GC(1171) Metaspace: 13080K(13568K)->13080K(13568K) NonClass: 11995K(12224K)->11995K(12224K) Class: 1085K(1344K)->1085K(1344K)
[2026-01-16T10:12:00.372+0000][gc          ] GC(1171) Pause Young (Normal) (G1 Evacuation Pause) 735M->128M(1024M) 99.426ms
[2026-01-16T10:12:00.372+0000][gc,cpu      ] GC(1171) User=0.42s Sys=0.02s Real=0.10s
[2026-01-16T10:12:49.963+0000][gc,start    ] GC(1172) Pause Young (Normal) (G1 Evacuation Pause)
[2026-01-16T10:12:49.972+0000][gc,task     ] GC(1172) Using 8 workers of 8 for evacuation
[2026-01-16T10:12:50.063+0000][gc,phases   ] GC(1172)   Pre Evacuate Collection Set: 4.4ms
[2026-01-16T10:12:50.063+0000][gc,phases   ] GC(1172)   Merge Heap Roots: 1.2ms
[2026-01-16T10:12:50.063+0000][gc,phases   ] GC(1172)   Evacuate Collection Set: 73.3ms
[2026-01-16T10:12:50.063+0000][gc,phases   ] GC(1172)   Post Evacuate Collection Set: 10.4ms
[2026-01-16T10:12:50.063+0000][gc,phases   ] GC(1172)   Other: 6.0ms
[2026-01-16T10:12:50.063+0000][gc,heap     ] GC(1172) Eden regions: 607->0(606)
[2026-01-16T10:12:50.063+0000][gc,heap     ] GC(1172) Survivor regions: 7->8(77)
[2026-01-16T10:12:50.063+0000][gc,heap     ] GC(1172) Old regions: 84->84
[2026-01-16T10:12:50.063+0000][gc,heap     ] GC(1172) Humongous regions: 38->38
[2026-01-16T10:12:50.063+0000][gc,metaspace] GC(1172) Metaspace: 13080K(13568K)->13080K(13568K) NonClass: 11995K(12224K)->11995K(12224K) Class: 1085K(1344K)->1085K(1344K)
[2026-01-16T10:12:50.064+0000][gc          ] GC(1172) Pause Young (Normal) (G1 Evacuation Pause) 735M->129M(1024M) 101.487ms
[2026-01-16T10:12:50.064+0000][gc,cpu      ] GC(1172) User=0.49s Sys=0.03s Real=0.11s
[2026-01-16T10:13:40.779+0000][gc,start    ] GC(1173) Pause Young (Normal) (G1 Evacuation Pause)
[2026-01-16T10:13:40.781+0000][gc,task     ] GC(1173) Using 8 workers of 8 for evacuation
[2026-01-16T10:13:40.924+0000][gc,phases   ] GC(1173)   Pre Evacuate Collection Set: 16.0ms
[2026-01-16T10:13:40.925+0000][gc,phases   ] GC(1173)   Merge Heap Roots: 3.1ms
[2026-01-16T10:13:40.925+0000][gc,phases   ] GC(1173)   Evacuate Collection Set: 97.2ms
[2026-01-16T10:13:40.925+0000][gc,phases   ] GC(1173)   Post Evacuate Collection Set: 25.8ms
[2026-01-16T10:13:40.926+0000][gc,phases   ] GC(1173)   Other: 1.5ms
[2026-01-16T10:13:40.926+0000][gc,heap     ] GC(1173) Eden regions: 606->0(605)
[2026-01-16T10:13:40.926+0000][gc,heap     ] GC(1173) Survivor regions: 8->9(77)
[2026-01-16T10:13:40.926+0000][gc,heap     ] GC(1173) Old regions: 84->84
[2026-01-16T10:13:40.926+0000][gc,heap     ] GC(1173) Humongous regions: 38->38
[2026-01-16T10:13:40.927+0000][gc,metaspace] GC(1173) Metaspace: 13080K(13568K)->13080K(13568K) NonClass: 11995K(12224K)->11995K(12224K) Class: 1085K(1344K)->1085K(1344K)
[2026-01-16T10:13:40.927+0000][gc          ] GC(1173) Pause Young (Normal) (G1 Evacuation Pause) 735M->130M(1024M) 147.976ms
[2026-01-16T10:13:40.927+0000][gc,cpu      ] GC(1173) User=0.45s Sys=0.02s Real=0.15s
[2026-01-16T10:14:32.638+0000][gc,start    ] GC(1174) Pause Young (Normal) (G1 Evacuation Pause)
[2026-01-16T10:14:32.640+0000][gc,task     ] GC(1174) Using 8 workers of 8 for evacuation
[2026-01-16T10:14:32.887+0000][gc,mmu      ] GC(1174) MMU target violated: 201.0ms (200.0ms/201.0ms)
[2026-01-16T10:14:32.887+0000][gc,phases   ] GC(1174)   Pre Evacuate Collection Set: 18.3ms
[2026-01-16T10:14:32.888+0000][gc,phases   ] GC(1174)   Merge Heap Roots: 5.6ms
[2026-01-16T10:14:32.888+0000][gc,phases   ] GC(1174)   Evacuate Collection Set: 205.0ms
[2026-01-16T10:14:32.888+0000][gc,phases   ] GC(1174)   Post Evacuate Collection Set: 17.3ms
[2026-01-16T10:14:32.888+0000][gc,phases   ] GC(1174)   Other: 1.8ms
[2026-01-16T10:14:32.888+0000][gc,heap     ] GC(1174) Eden regions: 605->0(272)
[2026-01-16T10:14:32.889+0000][gc,heap     ] GC(1174) Survivor regions: 9->11(77)
[2026-01-16T10:14:32.890+0000][gc,heap     ] GC(1174) Old regions: 84->84
[2026-01-16T10:14:32.891+0000][gc,heap     ] GC(1174) Humongous regions: 47->47
[2026-01-16T10:14:32.892+0000][gc,metaspace] GC(1174) Metaspace: 13080K(13568K)->13080K(13568K) NonClass: 11995K(12224K)->11995K(12224K) Class: 1085K(1344K)->1085K(1344K)
[2026-01-16T10:14:32.892+0000][gc          ] GC(1174) Pause Young (Normal) (G1 Evacuation Pause) 744M->141M(1024M) 253.890ms
[2026-01-16T10:14:32.892+0000][gc,cpu      ] GC(1174) User=0.57s Sys=0.07s Real=0.25s
[2026-01-16T10:15:00.544+0000][gc,start    ] GC(1175) Pause Young (Normal) (G1 Evacuation Pause)
[2026-01-16T10:15:00.544+0000][gc,task     ] GC(1175) Using 8 workers of 8 for evacuation
[2026-01-16T10:15:00.636+0000][gc,phases   ] GC(1175)   Pre Evacuate Collection Set: 15.0ms
[2026-01-16T10:15:00.636+0000][gc,phases   ] GC(1175)   Merge Heap Roots: 1.5ms
[2026-01-16T10:15:00.636+0000][gc,phases   ] GC(1175)   Evacuate Collection Set: 66.4ms
[2026-01-16T10:15:00.637+0000][gc,phases   ] GC(1175)   Post Evacuate Collection Set: 8.5ms
[2026-01-16T10:15:00.637+0000][gc,phases   ] GC(1175)   Other: 0.6ms
[2026-01-16T10:15:00.637+0000][gc,heap     ] GC(1175) Eden regions: 341->0(356)
[2026-01-16T10:15:00.637+0000][gc,heap     ] GC(1175) Survivor regions: 11->13(44)
[2026-01-16T10:15:00.637+0000][gc,heap     ] GC(1175) Old regions: 84->84
[2026-01-16T10:15:00.637+0000][gc,heap     ] GC(1175) Humongous regions: 47->47
[2026-01-16T10:15:00.637+0000][gc,metaspace] GC(1175) Metaspace: 13080K(13568K)->13080K(13568K) NonClass: 11995K(12224K)->11995K(12224K) Class: 1085K(1344K)->1085K(1344K)
[2026-01-16T10:15:00.637+0000][gc          ] GC(1175) Pause Young (Normal) (G1 Evacuation Pause) 482M->143M(1024M) 93.806ms
[2026-01-16T10:15:00.637+0000][gc,cpu      ] GC(1175) User=0.48s Sys=0.02s Real=0.09s
[2026-01-16T10:15:30.172+0000][gc,start    ] GC(1176) Pause Young (Normal) (G1 Evacuation Pause)
[2026-01-16T10:15:30.173+0000][gc,task     ] GC(1176) Using 8 workers of 8 for evacuation
[2026-01-16T10:15:30.297+0000][gc,phases   ] GC(1176)   Pre Evacuate Collection Set: 7.6ms
[2026-01-16T10:15:30.298+0000][gc,phases   ] GC(1176)   Merge Heap Roots: 2.6ms
[2026-01-16T10:15:30.298+0000][gc,phases   ] GC(1176)   Evacuate Collection Set: 101.9ms
[2026-01-16T10:15:30.298+0000][gc,phases   ] GC(1176)   Post Evacuate Collection Set: 11.4ms
[2026-01-16T10:15:30.298+0000][gc,phases   ] GC(1176)   Other: 0.9ms
[2026-01-16T10:15:30.298+0000][gc,heap     ] GC(1176) Eden regions: 355->0(359)
[2026-01-16T10:15:30.298+0000][gc,heap     ] GC(1176) Survivor regions: 13->13(46)
[2026-01-16T10:15:30.298+0000][gc,heap     ] GC(1176) Old regions: 84->84
[2026-01-16T10:15:30.299+0000][gc,heap     ] GC(1176) Humongous regions: 47->47
[2026-01-16T10:15:30.299+0000][gc,metaspace] GC(1176) Metaspace: 13136K(13568K)->13136K(13568K) NonClass: 12036K(12224K)->12036K(12224K) Class: 1100K(1344K)->1100K(1344K)
[2026-01-16T10:15:30.299+0000][gc          ] GC(1176) Pause Young (Normal) (G1 Evacuation Pause) 498M->143M(1024M) 126.624ms
[2026-01-16T10:15:30.299+0000][gc,cpu      ] GC(1176) User=0.42s Sys=0.03s Real=0.13s
[2026-01-16T10:16:09.005+0000][gc,start    ] GC(1177) Pause Young (Normal) (G1 Evacuation Pause)
[2026-01-16T10:16:09.007+0000][gc,task     ] GC(1177) Using 8 workers of 8 for evacuation
[2026-01-16T10:16:09.098+0000][gc,phases   ] GC(1177)   Pre Evacuate Collection Set: 8.4ms
[2026-01-16T10:16:09.099+0000][gc,phases   ] GC(1177)   Merge Heap Roots: 0.8ms
[2026-01-16T10:16:09.099+0000][gc,phases   ] GC(1177)   Evacuate Collection Set: 67.3ms
[2026-01-16T10:16:09.099+0000][gc,phases   ] GC(1177)   Post Evacuate Collection Set: 13.1ms
[2026-01-16T10:16:09.099+0000][gc,phases   ] GC(1177)   Other: 2.2ms
[2026-01-16T10:16:09.099+0000][gc,heap     ] GC(1177) Eden regions: 358->0(523)
[2026-01-16T10:16:09.100+0000][gc,heap     ] GC(1177) Survivor regions: 13->12(47)
[2026-01-16T10:16:09.100+0000][gc,heap     ] GC(1177) Old regions: 84->84
[2026-01-16T10:16:09.100+0000][gc,heap     ] GC(1177) Humongous regions: 47->47
[2026-01-16T10:16:09.100+0000][gc,metaspace] GC(1177) Metaspace: 13137K(13568K)->13137K(13568K) NonClass: 12036K(12224K)->12036K(12224K) Class: 1100K(1344K)->1100K(1344K)
[2026-01-16T10:16:09.101+0000][gc          ] GC(1177) Pause Young (Normal) (G1 Evacuation Pause) 501M->142M(1024M) 96.182ms
[2026-01-16T10:16:09.101+0000][gc,cpu      ] GC(1177) User=0.30s Sys=0.01s Real=0.09s
[2026-01-16T10:16:58.398+0000][gc,start    ] GC(1178) Pause Young (Normal) (G1 Evacuation Pause)
[2026-01-16T10:16:58.412+0000][gc,task     ] GC(1178) Using 8 workers of 8 for evacuation
[2026-01-16T10:16:59.625+0000][gc,mmu      ] GC(1178) MMU target violated: 201.0ms (200.0ms/201.0ms)
[2026-01-16T10:16:59.626+0000][gc,phases   ] GC(1178)   Pre Evacuate Collection Set: 72.5ms
[2026-01-16T10:16:59.627+0000][gc,phases   ] GC(1178)   Merge Heap Roots: 16.3ms
[2026-01-16T10:16:59.628+0000][gc,phases   ] GC(1178)   Evacuate Collection Set: 678.7ms
[2026-01-16T10:16:59.628+0000][gc,phases   ] GC(1178)   Post Evacuate Collection Set: 443.9ms
[2026-01-16T10:16:59.634+0000][gc,phases   ] GC(1178)   Other: 12.7ms
[2026-01-16T10:16:59.637+0000][gc,heap     ] GC(1178) Eden regions: 523->0(38)
[2026-01-16T10:16:59.638+0000][gc,heap     ] GC(1178) Survivor regions: 12->13(67)
[2026-01-16T10:16:59.640+0000][gc,heap     ] GC(1178) Old regions: 84->84
[2026-01-16T10:16:59.641+0000][gc,heap     ] GC(1178) Humongous regions: 47->47
[2026-01-16T10:16:59.641+0000][gc,metaspace] GC(1178) Metaspace: 13137K(13568K)->13137K(13568K) NonClass: 12036K(12224K)->12036K(12224K) Class: 1100K(1344K)->1100K(1344K)
[2026-01-16T10:16:59.641+0000][gc          ] GC(1178) Pause Young (Normal) (G1 Evacuation Pause) 665M->143M(1024M) 1243.416ms
[2026-01-16T10:16:59.641+0000][gc,cpu      ] GC(1178) User=0.94s Sys=0.09s Real=1.24s
[2026-01-16T10:17:02.754+0000][gc,start    ] GC(1179) Pause Young (Normal) (G1 Evacuation Pause)
[2026-01-16T10:17:02.759+0000][gc,task     ] GC(1179) Using 8 workers of 8 for evacuation
[2026-01-16T10:17:03.873+0000][gc,mmu      ] GC(1179) MMU target violated: 201.0ms (200.0ms/201.0ms)
[2026-01-16T10:17:03.875+0000][gc,phases   ] GC(1179)   Pre Evacuate Collection Set: 127.8ms
[2026-01-16T10:17:03.875+0000][gc,phases   ] GC(1179)   Merge Heap Roots: 44.1ms
[2026-01-16T10:17:03.878+0000][gc,phases   ] GC(1179)   Evacuate Collection Set: 896.3ms
[2026-01-16T10:17:03.878+0000][gc,phases   ] GC(1179)   Post Evacuate Collection Set: 32.3ms
[2026-01-16T10:17:03.879+0000][gc,phases   ] GC(1179)   Other: 15.7ms
[2026-01-16T10:17:03.879+0000][gc,heap     ] GC(1179) Eden regions: 38->0(46)
[2026-01-16T10:17:03.879+0000][gc,heap     ] GC(1179) Survivor regions: 13->5(7)
[2026-01-16T10:17:03.879+0000][gc,heap     ] GC(1179) Old regions: 84->93
[2026-01-16T10:17:03.880+0000][gc,heap     ] GC(1179) Humongous regions: 47->47
[2026-01-16T10:17:03.880+0000][gc,metaspace] GC(1179) Metaspace: 13137K(13568K)->13137K(13568K) NonClass: 12036K(12224K)->12036K(12224K) Class: 1100K(1344K)->1100K(1344K)
[2026-01-16T10:17:03.880+0000][gc          ] GC(1179) Pause Young (Normal) (G1 Evacuation Pause) 181M->143M(1024M) 1126.344ms
[2026-01-16T10:17:03.881+0000][gc,cpu      ] GC(1179) User=0.82s Sys=0.11s Real=1.13s
[2026-01-16T10:17:05.686+0000][gc,start    ] GC(1180) Pause Young (Normal) (G1 Evacuation Pause)
[2026-01-16T10:17:05.690+0000][gc,task     ] GC(1180) Using 8 workers of 8 for evacuation
[2026-01-16T10:17:05.961+0000][gc,mmu      ] GC(1180) MMU target violated: 201.0ms (200.0ms/201.0ms)
[2026-01-16T10:17:05.962+0000][gc,phases   ] GC(1180)   Pre Evacuate Collection Set: 33.6ms
[2026-01-16T10:17:05.964+0000][gc,phases   ] GC(1180)   Merge Heap Roots: 7.8ms
[2026-01-16T10:17:05.965+0000][gc,phases   ] GC(1180)   Evacuate Collection Set: 211.8ms
[2026-01-16T10:17:05.965+0000][gc,phases   ] GC(1180)   Post Evacuate Collection Set: 15.1ms
[2026-01-16T10:17:05.966+0000][gc,phases   ] GC(1180)   Other: 5.9ms
[2026-01-16T10:17:05.966+0000][gc,heap     ] GC(1180) Eden regions: 46->0(46)
[2026-01-16T10:17:05.967+0000][gc,heap     ] GC(1180) Survivor regions: 5->5(7)
[2026-01-16T10:17:05.967+0000][gc,heap     ] GC(1180) Old regions: 93->93
[2026-01-16T10:17:05.967+0000][gc,heap     ] GC(1180) Humongous regions: 47->47
[2026-01-16T10:17:05.968+0000][gc,metaspace] GC(1180) Metaspace: 13137K(13568K)->13137K(13568K) NonClass: 12036K(12224K)->12036K(12224K) Class: 1100K(1344K)->1100K(1344K)
[2026-01-16T10:17:05.969+0000][gc          ] GC(1180) Pause Young (Normal) (G1 Evacuation Pause) 189M->143M(1024M) 283.105ms
[2026-01-16T10:17:05.971+0000][gc,cpu      ] GC(1180) User=0.19s Sys=0.03s Real=0.28s
[2026-01-16T10:17:07.573+0000][gc,start    ] GC(1181) Pause Young (Normal) (G1 Evacuation Pause)
[2026-01-16T10:17:07.582+0000][gc,task     ] GC(1181) Using 8 workers of 8 for evacuation
[2026-01-16T10:17:07.739+0000][gc,phases   ] GC(1181)   Pre Evacuate Collection Set: 25.7ms
[2026-01-16T10:17:07.744+0000][gc,phases   ] GC(1181)   Merge Heap Roots: 0.5ms
[2026-01-16T10:17:07.744+0000][gc,phases   ] GC(1181)   Evacuate Collection Set: 126.9ms
[2026-01-16T10:17:07.744+0000][gc,phases   ] GC(1181)   Post Evacuate Collection Set: 2.9ms
[2026-01-16T10:17:07.746+0000][gc,phases   ] GC(1181)   Other: 0.5ms
[2026-01-16T10:17:07.747+0000][gc,heap     ] GC(1181) Eden regions: 46->0(48)
[2026-01-16T10:17:07.747+0000][gc,heap     ] GC(1181) Survivor regions: 5->3(7)
[2026-01-16T10:17:07.747+0000][gc,heap     ] GC(1181) Old regions: 93->94
[2026-01-16T10:17:07.748+0000][gc,heap     ] GC(1181) Humongous regions: 47->47
[2026-01-16T10:17:07.748+0000][gc,metaspace] GC(1181) Metaspace: 13137K(13568K)->13137K(13568K) NonClass: 12036K(12224K)->12036K(12224K) Class: 1100K(1344K)->1100K(1344K)
[2026-01-16T10:17:07.770+0000][gc          ] GC(1181) Pause Young (Normal) (G1 Evacuation Pause) 189M->142M(1024M) 196.998ms
[2026-01-16T10:17:07.771+0000][gc,cpu      ] GC(1181) User=0.09s Sys=0.01s Real=0.20s
[2026-01-16T10:17:09.251+0000][gc,start    ] GC(1182) Pause Young (Normal) (G1 Evacuation Pause)
[2026-01-16T10:17:09.254+0000][gc,task     ] GC(1182) Using 8 workers of 8 for evacuation
[2026-01-16T10:17:09.318+0000][gc,phases   ] GC(1182)   Pre Evacuate Collection Set: 4.3ms
[2026-01-16T10:17:09.319+0000][gc,phases   ] GC(1182)   Merge Heap Roots: 2.6ms
[2026-01-16T10:17:09.320+0000][gc,phases   ] GC(1182)   Evacuate Collection Set: 53.6ms
[2026-01-16T10:17:09.321+0000][gc,phases   ] GC(1182)   Post Evacuate Collection Set: 3.0ms
[2026-01-16T10:17:09.326+0000][gc,phases   ] GC(1182)   Other: 0.9ms
[2026-01-16T10:17:09.327+0000][gc,heap     ] GC(1182) Eden regions: 48->0(49)
[2026-01-16T10:17:09.327+0000][gc,heap     ] GC(1182) Survivor regions: 3->2(7)
[2026-01-16T10:17:09.327+0000][gc,heap     ] GC(1182) Old regions: 94->94
[2026-01-16T10:17:09.327+0000][gc,heap     ] GC(1182) Humongous regions: 47->47
[2026-01-16T10:17:09.327+0000][gc,metaspace] GC(1182) Metaspace: 13137K(13568K)->13137K(13568K) NonClass: 12036K(12224K)->12036K(12224K) Class: 1100K(1344K)->1100K(1344K)
[2026-01-16T10:17:09.330+0000][gc          ] GC(1182) Pause Young (Normal) (G1 Evacuation Pause) 190M->141M(1024M) 78.735ms
[2026-01-16T10:17:09.334+0000][gc,cpu      ] GC(1182) User=0.04s Sys=0.00s Real=0.08s
[2026-01-16T10:17:11.376+0000][gc,start    ] GC(1183) Pause Young (Normal) (G1 Evacuation Pause)
[2026-01-16T10:17:11.383+0000][gc,task     ] GC(1183) Using 8 workers of 8 for evacuation
[2026-01-16T10:17:11.555+0000][gc,phases   ] GC(1183)   Pre Evacuate Collection Set: 33.3ms
[2026-01-16T10:17:11.556+0000][gc,phases   ] GC(1183)   Merge Heap Roots: 0.3ms
[2026-01-16T10:17:11.556+0000][gc,phases   ] GC(1183)   Evacuate Collection Set: 134.1ms
[2026-01-16T10:17:11.556+0000][gc,phases   ] GC(1183)   Post Evacuate Collection Set: 1.6ms
[2026-01-16T10:17:11.556+0000][gc,phases   ] GC(1183)   Other: 3.1ms
[2026-01-16T10:17:11.559+0000][gc,heap     ] GC(1183) Eden regions: 49->0(48)
[2026-01-16T10:17:11.560+0000][gc,heap     ] GC(1183) Survivor regions: 2->3(7)
[2026-01-16T10:17:11.560+0000][gc,heap     ] GC(1183) Old regions: 94->94
[2026-01-16T10:17:11.560+0000][gc,heap     ] GC(1183) Humongous regions: 47->47
[2026-01-16T10:17:11.561+0000][gc,metaspace] GC(1183) Metaspace: 13137K(13568K)->13137K(13568K) NonClass: 12036K(12224K)->12036K(12224K) Class: 1100K(1344K)->1100K(1344K)
[2026-01-16T10:17:11.564+0000][gc          ] GC(1183) Pause Young (Normal) (G1 Evacuation Pause) 190M->142M(1024M) 187.559ms
[2026-01-16T10:17:11.565+0000][gc,cpu      ] GC(1183) User=0.07s Sys=0.00s Real=0.19s
[2026-01-16T10:17:12.453+0000][gc,start    ] GC(1184) Pause Young (Normal) (G1 Evacuation Pause)
[2026-01-16T10:17:12.457+0000][gc,task     ] GC(1184) Using 8 workers of 8 for evacuation
[2026-01-16T10:17:12.498+0000][gc,phases   ] GC(1184)   Pre Evacuate Collection Set: 4.9ms
[2026-01-16T10:17:12.499+0000][gc,phases   ] GC(1184)   Merge Heap Roots: 0.1ms
[2026-01-16T10:17:12.499+0000][gc,phases   ] GC(1184)   Evacuate Collection Set: 30.1ms
[2026-01-16T10:17:12.500+0000][gc,phases   ] GC(1184)   Post Evacuate Collection Set: 2.8ms
[2026-01-16T10:17:12.500+0000][gc,phases   ] GC(1184)   Other: 3.5ms
[2026-01-16T10:17:12.501+0000][gc,heap     ] GC(1184) Eden regions: 48->0(48)
[2026-01-16T10:17:12.501+0000][gc,heap     ] GC(1184) Survivor regions: 3->3(7)
[2026-01-16T10:17:12.502+0000][gc,heap     ] GC(1184) Old regions: 94->94
[2026-01-16T10:17:12.502+0000][gc,heap     ] GC(1184) Humongous regions: 47->47
[2026-01-16T10:17:12.505+0000][gc,metaspace] GC(1184) Metaspace: 13137K(13568K)->13137K(13568K) NonClass: 12036K(12224K)->12036K(12224K) Class: 1100K(1344K)->1100K(1344K)
[2026-01-16T10:17:12.505+0000][gc          ] GC(1184) Pause Young (Normal) (G1 Evacuation Pause) 190M->143M(1024M) 51.986ms
[2026-01-16T10:17:12.505+0000][gc,cpu      ] GC(1184) User=0.03s Sys=0.00s Real=0.05s
[2026-01-16T10:17:21.117+0000][gc,start    ] GC(1185) Pause Young (Normal) (G1 Evacuation Pause)
[2026-01-16T10:17:21.119+0000][gc,task     ] GC(1185) Using 8 workers of 8 for evacuation
[2026-01-16T10:17:21.251+0000][gc,phases   ] GC(1185)   Pre Evacuate Collection Set: 7.4ms
[2026-01-16T10:17:21.251+0000][gc,phases   ] GC(1185)   Merge Heap Roots: 2.2ms
[2026-01-16T10:17:21.251+0000][gc,phases   ] GC(1185)   Evacuate Collection Set: 96.6ms
[2026-01-16T10:17:21.252+0000][gc,phases   ] GC(1185)   Post Evacuate Collection Set: 18.0ms
[2026-01-16T10:17:21.252+0000][gc,phases   ] GC(1185)   Other: 8.4ms
[2026-01-16T10:17:21.252+0000][gc,heap     ] GC(1185) Eden regions: 70->0(73)
[2026-01-16T10:17:21.252+0000][gc,heap     ] GC(1185) Survivor regions: 3->3(10)
[2026-01-16T10:17:21.252+0000][gc,heap     ] GC(1185) Old regions: 94->94
[2026-01-16T10:17:21.252+0000][gc,heap     ] GC(1185) Humongous regions: 47->47
[2026-01-16T10:17:21.252+0000][gc,metaspace] GC(1185) Metaspace: 13137K(13568K)->13137K(13568K) NonClass: 12036K(12224K)->12036K(12224K) Class: 1100K(1344K)->1100K(1344K)
[2026-01-16T10:17:21.274+0000][gc          ] GC(1185) Pause Young (Normal) (G1 Evacuation Pause) 213M->142M(1024M) 156.489ms
[2026-01-16T10:17:21.276+0000][gc,cpu      ] GC(1185) User=0.13s Sys=0.02s Real=0.16s
[2026-01-16T10:17:33.295+0000][gc,start    ] GC(1186) Pause Young (Normal) (G1 Evacuation Pause)
[2026-01-16T10:17:33.298+0000][gc,task     ] GC(1186) Using 8 workers of 8 for evacuation
[2026-01-16T10:17:33.534+0000][gc,mmu      ] GC(1186) MMU target violated: 201.0ms (200.0ms/201.0ms)
[2026-01-16T10:17:33.535+0000][gc,phases   ] GC(1186)   Pre Evacuate Collection Set: 24.2ms
[2026-01-16T10:17:33.536+0000][gc,phases   ] GC(1186)   Merge Heap Roots: 0.8ms
[2026-01-16T10:17:33.539+0000][gc,phases   ] GC(1186)   Evacuate Collection Set: 186.5ms
[2026-01-16T10:17:33.541+0000][gc,phases   ] GC(1186)   Post Evacuate Collection Set: 13.1ms
[2026-01-16T10:17:33.541+0000][gc,phases   ] GC(1186)   Other: 14.1ms
[2026-01-16T10:17:33.541+0000][gc,heap     ] GC(1186) Eden regions: 117->0(48)
[2026-01-16T10:17:33.541+0000][gc,heap     ] GC(1186) Survivor regions: 3->3(15)
[2026-01-16T10:17:33.542+0000][gc,heap     ] GC(1186) Old regions: 94->94
[2026-01-16T10:17:33.542+0000][gc,heap     ] GC(1186) Humongous regions: 47->47
[2026-01-16T10:17:33.542+0000][gc,metaspace] GC(1186) Metaspace: 13137K(13568K)->13137K(13568K) NonClass: 12036K(12224K)->12036K(12224K) Class: 1100K(1344K)->1100K(1344K)
[2026-01-16T10:17:33.542+0000][gc          ] GC(1186) Pause Young (Normal) (G1 Evacuation Pause) 259M->142M(1024M) 247.072ms
[2026-01-16T10:17:33.543+0000][gc,cpu      ] GC(1186) User=0.17s Sys=0.02s Real=0.25s
[2026-01-16T10:17:39.320+0000][gc,start    ] GC(1187) Pause Young (Normal) (G1 Evacuation Pause)
[2026-01-16T10:17:39.322+0000][gc,task     ] GC(1187) Using 8 workers of 8 for evacuation
[2026-01-16T10:17:39.476+0000][gc,phases   ] GC(1187)   Pre Evacuate Collection Set: 30.3ms
[2026-01-16T10:17:39.476+0000][gc,phases   ] GC(1187)   Merge Heap Roots: 1.5ms
[2026-01-16T10:17:39.476+0000][gc,phases   ] GC(1187)   Evacuate Collection Set: 80.2ms
[2026-01-16T10:17:39.476+0000][gc,phases   ] GC(1187)   Post Evacuate Collection Set: 35.9ms
[2026-01-16T10:17:39.477+0000][gc,phases   ] GC(1187)   Other: 1.8ms
[2026-01-16T10:17:39.477+0000][gc,heap     ] GC(1187) Eden regions: 73->0(140)
[2026-01-16T10:17:39.478+0000][gc,heap     ] GC(1187) Survivor regions: 3->2(10)
[2026-01-16T10:17:39.478+0000][gc,heap     ] GC(1187) Old regions: 94->94
[2026-01-16T10:17:39.478+0000][gc,heap     ] GC(1187) Humongous regions: 47->47
[2026-01-16T10:17:39.479+0000][gc,metaspace] GC(1187) Metaspace: 13139K(13568K)->13139K(13568K) NonClass: 12038K(12224K)->12038K(12224K) Class: 1100K(1344K)->1100K(1344K)
[2026-01-16T10:17:39.480+0000][gc          ] GC(1187) Pause Young (Normal) (G1 Evacuation Pause) 215M->142M(1024M) 154.886ms
[2026-01-16T10:17:39.482+0000][gc,cpu      ] GC(1187) User=0.12s Sys=0.01s Real=0.16s
[2026-01-16T10:17:50.678+0000][gc,start    ] GC(1188) Pause Young (Normal) (G1 Evacuation Pause)
[2026-01-16T10:17:50.679+0000][gc,task     ] GC(1188) Using 8 workers of 8 for evacuation
[2026-01-16T10:17:50.780+0000][gc,phases   ] GC(1188)   Pre Evacuate Collection Set: 16.5ms
[2026-01-16T10:17:50.780+0000][gc,phases   ] GC(1188)   Merge Heap Roots: 1.1ms
[2026-01-16T10:17:50.780+0000][gc,phases   ] GC(1188)   Evacuate Collection Set: 70.2ms
[2026-01-16T10:17:50.780+0000][gc,phases   ] GC(1188)   Post Evacuate Collection Set: 8.6ms
[2026-01-16T10:17:50.781+0000][gc,phases   ] GC(1188)   Other: 4.8ms
[2026-01-16T10:17:50.781+0000][gc,heap     ] GC(1188) Eden regions: 163->0(161)
[2026-01-16T10:17:50.781+0000][gc,heap     ] GC(1188) Survivor regions: 2->3(21)
[2026-01-16T10:17:50.782+0000][gc,heap     ] GC(1188) Old regions: 94->94
[2026-01-16T10:17:50.782+0000][gc,heap     ] GC(1188) Humongous regions: 47->47
[2026-01-16T10:17:50.782+0000][gc,metaspace] GC(1188) Metaspace: 13139K(13568K)->13139K(13568K) NonClass: 12038K(12224K)->12038K(12224K) Class: 1100K(1344K)->1100K(1344K)
[2026-01-16T10:17:50.783+0000][gc          ] GC(1188) Pause Young (Normal) (G1 Evacuation Pause) 305M->143M(1024M) 105.287ms
[2026-01-16T10:17:50.783+0000][gc,cpu      ] GC(1188) User=0.17s Sys=0.02s Real=0.11s
[2026-01-16T10:18:09.907+0000][gc,start    ] GC(1189) Pause Young (Normal) (G1 Evacuation Pause)
[2026-01-16T10:18:09.909+0000][gc,task     ] GC(1189) Using 8 workers of 8 for evacuation
[2026-01-16T10:18:09.980+0000][gc,phases   ] GC(1189)   Pre Evacuate Collection Set: 9.5ms
[2026-01-16T10:18:09.980+0000][gc,phases   ] GC(1189)   Merge Heap Roots: 0.8ms
[2026-01-16T10:18:09.981+0000][gc,phases   ] GC(1189)   Evacuate Collection Set: 44.8ms
[2026-01-16T10:18:09.981+0000][gc,phases   ] GC(1189)   Post Evacuate Collection Set: 15.1ms
[2026-01-16T10:18:09.981+0000][gc,phases   ] GC(1189)   Other: 1.5ms
[2026-01-16T10:18:09.981+0000][gc,heap     ] GC(1189) Eden regions: 196->0(303)
[2026-01-16T10:18:09.981+0000][gc,heap     ] GC(1189) Survivor regions: 3->3(25)
[2026-01-16T10:18:09.981+0000][gc,heap     ] GC(1189) Old regions: 94->94
[2026-01-16T10:18:09.981+0000][gc,heap     ] GC(1189) Humongous regions: 47->47
[2026-01-16T10:18:09.981+0000][gc,metaspace] GC(1189) Metaspace: 13139K(13568K)->13139K(13568K) NonClass: 12038K(12224K)->12038K(12224K) Class: 1100K(1344K)->1100K(1344K)
[2026-01-16T10:18:09.981+0000][gc          ] GC(1189) Pause Young (Normal) (G1 Evacuation Pause) 339M->143M(1024M) 74.043ms
[2026-01-16T10:18:09.981+0000][gc,cpu      ] GC(1189) User=0.19s Sys=0.01s Real=0.08s
[2026-01-16T10:18:39.339+0000][gc,start    ] GC(1190) Pause Young (Normal) (G1 Evacuation Pause)
[2026-01-16T10:18:39.360+0000][gc,task     ] GC(1190) Using 8 workers of 8 for evacuation
[2026-01-16T10:18:40.077+0000][gc,mmu      ] GC(1190) MMU target violated: 201.0ms (200.0ms/201.0ms)
[2026-01-16T10:18:40.080+0000][gc,phases   ] GC(1190)   Pre Evacuate Collection Set: 96.1ms
[2026-01-16T10:18:40.090+0000][gc,phases   ] GC(1190)   Merge Heap Roots: 6.2ms
[2026-01-16T10:18:40.091+0000][gc,phases   ] GC(1190)   Evacuate Collection Set: 515.6ms
[2026-01-16T10:18:40.092+0000][gc,phases   ] GC(1190)   Post Evacuate Collection Set: 98.8ms
[2026-01-16T10:18:40.094+0000][gc,phases   ] GC(1190)   Other: 7.6ms
[2026-01-16T10:18:40.095+0000][gc,heap     ] GC(1190) Eden regions: 328->0(48)
[2026-01-16T10:18:40.097+0000][gc,heap     ] GC(1190) Survivor regions: 3->3(42)
[2026-01-16T10:18:40.097+0000][gc,heap     ] GC(1190) Old regions: 94->94
[2026-01-16T10:18:40.106+0000][gc,heap     ] GC(1190) Humongous regions: 47->47
[2026-01-16T10:18:40.109+0000][gc,metaspace] GC(1190) Metaspace: 13139K(13568K)->13139K(13568K) NonClass: 12038K(12224K)->12038K(12224K) Class: 1100K(1344K)->1100K(1344K)
[2026-01-16T10:18:40.110+0000][gc          ] GC(1190) Pause Young (Normal) (G1 Evacuation Pause) 471M->143M(1024M) 771.398ms
[2026-01-16T10:18:40.110+0000][gc,cpu      ] GC(1190) User=0.43s Sys=0.04s Real=0.78s
[2026-01-16T10:18:42.097+0000][gc,start    ] GC(1191) Pause Young (Normal) (G1 Evacuation Pause)
[2026-01-16T10:18:42.101+0000][gc,task     ] GC(1191) Using 8 workers of 8 for evacuation
[2026-01-16T10:18:42.180+0000][gc,phases   ] GC(1191)   Pre Evacuate Collection Set: 7.5ms
[2026-01-16T10:18:42.181+0000][gc,phases   ] GC(1191)   Merge Heap Roots: 0.6ms
[2026-01-16T10:18:42.182+0000][gc,phases   ] GC(1191)   Evacuate Collection Set: 64.4ms
[2026-01-16T10:18:42.182+0000][gc,phases   ] GC(1191)   Post Evacuate Collection Set: 5.4ms
[2026-01-16T10:18:42.183+0000][gc,phases   ] GC(1191)   Other: 1.0ms
[2026-01-16T10:18:42.183+0000][gc,heap     ] GC(1191) Eden regions: 48->0(47)
[2026-01-16T10:18:42.184+0000][gc,heap     ] GC(1191) Survivor regions: 3->4(7)
[2026-01-16T10:18:42.184+0000][gc,heap     ] GC(1191) Old regions: 94->94
[2026-01-16T10:18:42.185+0000][gc,heap     ] GC(1191) Humongous regions: 47->47
[2026-01-16T10:18:42.185+0000][gc,metaspace] GC(1191) Metaspace: 13139K(13568K)->13139K(13568K) NonClass: 12038K(12224K)->12038K(12224K) Class: 1100K(1344K)->1100K(1344K)
[2026-01-16T10:18:42.194+0000][gc          ] GC(1191) Pause Young (Normal) (G1 Evacuation Pause) 191M->144M(1024M) 97.402ms
[2026-01-16T10:18:42.197+0000][gc,cpu      ] GC(1191) User=0.12s Sys=0.01s Real=0.10s
[2026-01-16T10:18:43.063+0000][gc,start    ] GC(1192) Pause Young (Normal) (G1 Evacuation Pause)
[2026-01-16T10:18:43.065+0000][gc,task     ] GC(1192) Using 8 workers of 8 for evacuation
[2026-01-16T10:18:43.198+0000][gc,phases   ] GC(1192)   Pre Evacuate Collection Set: 2.1ms
[2026-01-16T10:18:43.198+0000][gc,phases   ] GC(1192)   Merge Heap Roots: 3.0ms
[2026-01-16T10:18:43.198+0000][gc,phases   ] GC(1192)   Evacuate Collection Set: 118.3ms
[2026-01-16T10:18:43.198+0000][gc,phases   ] GC(1192)   Post Evacuate Collection Set: 2.7ms
[2026-01-16T10:18:43.198+0000][gc,phases   ] GC(1192)   Other: 6.0ms
[2026-01-16T10:18:43.198+0000][gc,heap     ] GC(1192) Eden regions: 47->0(47)
[2026-01-16T10:18:43.198+0000][gc,heap     ] GC(1192) Survivor regions: 4->4(7)
[2026-01-16T10:18:43.198+0000][gc,heap     ] GC(1192) Old regions: 94->94
[2026-01-16T10:18:43.198+0000][gc,heap     ] GC(1192) Humongous regions: 47->47
[2026-01-16T10:18:43.198+0000][gc,metaspace] GC(1192) Metaspace: 13139K(13568K)->13139K(13568K) NonClass: 12038K(12224K)->12038K(12224K) Class: 1100K(1344K)->1100K(1344K)
[2026-01-16T10:18:43.198+0000][gc          ] GC(1192) Pause Young (Normal) (G1 Evacuation Pause) 191M->144M(1024M) 134.634ms
[2026-01-16T10:18:43.198+0000][gc,cpu      ] GC(1192) User=0.09s Sys=0.02s Real=0.13s
[2026-01-16T10:18:49.928+0000][gc,start    ] GC(1193) Pause Young (Normal) (G1 Evacuation Pause)
[2026-01-16T10:18:49.930+0000][gc,task     ] GC(1193) Using 8 workers of 8 for evacuation
[2026-01-16T10:18:50.094+0000][gc,phases   ] GC(1193)   Pre Evacuate Collection Set: 21.6ms
[2026-01-16T10:18:50.095+0000][gc,phases   ] GC(1193)   Merge Heap Roots: 6.5ms
[2026-01-16T10:18:50.095+0000][gc,phases   ] GC(1193)   Evacuate Collection Set: 127.9ms
[2026-01-16T10:18:50.095+0000][gc,phases   ] GC(1193)   Post Evacuate Collection Set: 8.0ms
[2026-01-16T10:18:50.095+0000][gc,phases   ] GC(1193)   Other: 1.6ms
[2026-01-16T10:18:50.095+0000][gc,heap     ] GC(1193) Eden regions: 47->0(48)
[2026-01-16T10:18:50.095+0000][gc,heap     ] GC(1193) Survivor regions: 4->3(7)
[2026-01-16T10:18:50.095+0000][gc,heap     ] GC(1193) Old regions: 94->95
[2026-01-16T10:18:50.095+0000][gc,heap     ] GC(1193) Humongous regions: 47->47
[2026-01-16T10:18:50.096+0000][gc,metaspace] GC(1193) Metaspace: 13139K(13568K)->13139K(13568K) NonClass: 12038K(12224K)->12038K(12224K) Class: 1100K(1344K)->1100K(1344K)
[2026-01-16T10:18:50.096+0000][gc          ] GC(1193) Pause Young (Normal) (G1 Evacuation Pause) 191M->143M(1024M) 168.200ms
[2026-01-16T10:18:50.096+0000][gc,cpu      ] GC(1193) User=0.13s Sys=0.01s Real=0.17s
[2026-01-16T10:18:50.889+0000][gc,start    ] GC(1194) Pause Young (Normal) (G1 Evacuation Pause)
[2026-01-16T10:18:50.889+0000][gc,task     ] GC(1194) Using 8 workers of 8 for evacuation
[2026-01-16T10:18:50.936+0000][gc,phases   ] GC(1194)   Pre Evacuate Collection Set: 1.7ms
[2026-01-16T10:18:50.942+0000][gc,phases   ] GC(1194)   Merge Heap Roots: 0.5ms
[2026-01-16T10:18:50.943+0000][gc,phases   ] GC(1194)   Evacuate Collection Set: 40.7ms
[2026-01-16T10:18:50.944+0000][gc,phases   ] GC(1194)   Post Evacuate Collection Set: 2.7ms
[2026-01-16T10:18:50.945+0000][gc,phases   ] GC(1194)   Other: 0.3ms
[2026-01-16T10:18:50.946+0000][gc,heap     ] GC(1194) Eden regions: 48->0(47)
[2026-01-16T10:18:50.946+0000][gc,heap     ] GC(1194) Survivor regions: 3->4(7)
[2026-01-16T10:18:50.947+0000][gc,heap     ] GC(1194) Old regions: 95->95
[2026-01-16T10:18:50.947+0000][gc,heap     ] GC(1194) Humongous regions: 47->47
[2026-01-16T10:18:50.948+0000][gc,metaspace] GC(1194) Metaspace: 13139K(13568K)->13139K(13568K) NonClass: 12038K(12224K)->12038K(12224K) Class: 1100K(1344K)->1100K(1344K)
[2026-01-16T10:18:50.955+0000][gc          ] GC(1194) Pause Young (Normal) (G1 Evacuation Pause) 191M->144M(1024M) 66.172ms
[2026-01-16T10:18:50.956+0000][gc,cpu      ] GC(1194) User=0.06s Sys=0.01s Real=0.06s
[2026-01-16T10:18:59.272+0000][gc,start    ] GC(1195) Pause Young (Normal) (G1 Evacuation Pause)
[2026-01-16T10:18:59.273+0000][gc,task     ] GC(1195) Using 8 workers of 8 for evacuation
[2026-01-16T10:18:59.330+0000][gc,phases   ] GC(1195)   Pre Evacuate Collection Set: 12.1ms
[2026-01-16T10:18:59.331+0000][gc,phases   ] GC(1195)   Merge Heap Roots: 1.9ms
[2026-01-16T10:18:59.331+0000][gc,phases   ] GC(1195)   Evacuate Collection Set: 35.6ms
[2026-01-16T10:18:59.331+0000][gc,phases   ] GC(1195)   Post Evacuate Collection Set: 5.6ms
[2026-01-16T10:18:59.333+0000][gc,phases   ] GC(1195)   Other: 1.6ms
[2026-01-16T10:18:59.333+0000][gc,heap     ] GC(1195) Eden regions: 47->0(102)
[2026-01-16T10:18:59.333+0000][gc,heap     ] GC(1195) Survivor regions: 4->3(7)
[2026-01-16T10:18:59.333+0000][gc,heap     ] GC(1195) Old regions: 95->95
[2026-01-16T10:18:59.334+0000][gc,heap     ] GC(1195) Humongous regions: 47->47
[2026-01-16T10:18:59.334+0000][gc,metaspace] GC(1195) Metaspace: 13139K(13568K)->13139K(13568K) NonClass: 12038K(12224K)->12038K(12224K) Class: 1100K(1344K)->1100K(1344K)
[2026-01-16T10:18:59.335+0000][gc          ] GC(1195) Pause Young (Normal) (G1 Evacuation Pause) 191M->143M(1024M) 62.902ms
[2026-01-16T10:18:59.335+0000][gc,cpu      ] GC(1195) User=0.12s Sys=0.01s Real=0.06s
[2026-01-16T10:19:10.106+0000][gc,start    ] GC(1196) Pause Young (Normal) (G1 Evacuation Pause)
[2026-01-16T10:19:10.107+0000][gc,task     ] GC(1196) Using 8 workers of 8 for evacuation
[2026-01-16T10:19:10.125+0000][gc,phases   ] GC(1196)   Pre Evacuate Collection Set: 1.7ms
[2026-01-16T10:19:10.125+0000][gc,phases   ] GC(1196)   Merge Heap Roots: 0.4ms
[2026-01-16T10:19:10.125+0000][gc,phases   ] GC(1196)   Evacuate Collection Set: 13.5ms
[2026-01-16T10:19:10.125+0000][gc,phases   ] GC(1196)   Post Evacuate Collection Set: 1.6ms
[2026-01-16T10:19:10.125+0000][gc,phases   ] GC(1196)   Other: 0.3ms
[2026-01-16T10:19:10.125+0000][gc,heap     ] GC(1196) Eden regions: 204->0(236)
[2026-01-16T10:19:10.125+0000][gc,heap     ] GC(1196) Survivor regions: 3->4(26)
[2026-01-16T10:19:10.125+0000][gc,heap     ] GC(1196) Old regions: 95->95
[2026-01-16T10:19:10.125+0000][gc,heap     ] GC(1196) Humongous regions: 47->47
[2026-01-16T10:19:10.125+0000][gc,metaspace] GC(1196) Metaspace: 13139K(13568K)->13139K(13568K) NonClass: 12038K(12224K)->12038K(12224K) Class: 1100K(1344K)->1100K(1344K)
[2026-01-16T10:19:10.125+0000][gc          ] GC(1196) Pause Young (Normal) (G1 Evacuation Pause) 347M->145M(1024M) 18.871ms
[2026-01-16T10:19:10.125+0000][gc,cpu      ] GC(1196) User=0.08s Sys=0.00s Real=0.01s
[2026-01-16T10:19:40.817+0000][gc,start    ] GC(1197) Pause Young (Normal) (G1 Evacuation Pause)
[2026-01-16T10:19:40.817+0000][gc,task     ] GC(1197) Using 8 workers of 8 for evacuation
[2026-01-16T10:19:40.880+0000][gc,phases   ] GC(1197)   Pre Evacuate Collection Set: 9.5ms
[2026-01-16T10:19:40.881+0000][gc,phases   ] GC(1197)   Merge Heap Roots: 1.1ms
[2026-01-16T10:19:40.883+0000][gc,phases   ] GC(1197)   Evacuate Collection Set: 36.4ms
[2026-01-16T10:19:40.887+0000][gc,phases   ] GC(1197)   Post Evacuate Collection Set: 14.3ms
[2026-01-16T10:19:40.891+0000][gc,phases   ] GC(1197)   Other: 0.9ms
[2026-01-16T10:19:40.893+0000][gc,heap     ] GC(1197) Eden regions: 327->0(486)
[2026-01-16T10:19:40.896+0000][gc,heap     ] GC(1197) Survivor regions: 4->4(42)
[2026-01-16T10:19:40.898+0000][gc,heap     ] GC(1197) Old regions: 95->95
[2026-01-16T10:19:40.901+0000][gc,heap     ] GC(1197) Humongous regions: 47->47
[2026-01-16T10:19:40.903+0000][gc,metaspace] GC(1197) Metaspace: 13139K(13568K)->13139K(13568K) NonClass: 12038K(12224K)->12038K(12224K) Class: 1100K(1344K)->1100K(1344K)
[2026-01-16T10:19:40.903+0000][gc          ] GC(1197) Pause Young (Normal) (G1 Evacuation Pause) 472M->145M(1024M) 86.403ms
[2026-01-16T10:19:40.904+0000][gc,cpu      ] GC(1197) User=0.19s Sys=0.01s Real=0.08s
[2026-01-16T10:20:31.859+0000][gc,start    ] GC(1198) Pause Young (Normal) (G1 Evacuation Pause)
[2026-01-16T10:20:31.861+0000][gc,task     ] GC(1198) Using 8 workers of 8 for evacuation
[2026-01-16T10:20:31.967+0000][gc,phases   ] GC(1198)   Pre Evacuate Collection Set: 12.8ms
[2026-01-16T10:20:31.967+0000][gc,phases   ] GC(1198)   Merge Heap Roots: 3.4ms
[2026-01-16T10:20:31.967+0000][gc,phases   ] GC(1198)   Evacuate Collection Set: 69.2ms
[2026-01-16T10:20:31.967+0000][gc,phases   ] GC(1198)   Post Evacuate Collection Set: 19.4ms
[2026-01-16T10:20:31.967+0000][gc,phases   ] GC(1198)   Other: 1.5ms
[2026-01-16T10:20:31.967+0000][gc,heap     ] GC(1198) Eden regions: 584->0(538)
[2026-01-16T10:20:31.967+0000][gc,heap     ] GC(1198) Survivor regions: 4->5(74)
[2026-01-16T10:20:31.968+0000][gc,heap     ] GC(1198) Old regions: 95->95
[2026-01-16T10:20:31.968+0000][gc,heap     ] GC(1198) Humongous regions: 47->47
[2026-01-16T10:20:31.968+0000][gc,metaspace] GC(1198) Metaspace: 13139K(13568K)->13139K(13568K) NonClass: 12038K(12224K)->12038K(12224K) Class: 1100K(1344K)->1100K(1344K)
[2026-01-16T10:20:31.968+0000][gc          ] GC(1198) Pause Young (Normal) (G1 Evacuation Pause) 729M->146M(1024M) 109.075ms
[2026-01-16T10:20:31.968+0000][gc,cpu      ] GC(1198) User=0.34s Sys=0.03s Real=0.11s
[2026-01-16T10:21:20.760+0000][gc,start    ] GC(1199) Pause Young (Normal) (G1 Evacuation Pause)
[2026-01-16T10:21:20.761+0000][gc,task     ] GC(1199) Using 8 workers of 8 for evacuation
[2026-01-16T10:21:20.874+0000][gc,phases   ] GC(1199)   Pre Evacuate Collection Set: 18.2ms
[2026-01-16T10:21:20.875+0000][gc,phases   ] GC(1199)   Merge Heap Roots: 0.8ms
[2026-01-16T10:21:20.876+0000][gc,phases   ] GC(1199)   Evacuate Collection Set: 73.7ms
[2026-01-16T10:21:20.876+0000][gc,phases   ] GC(1199)   Post Evacuate Collection Set: 17.0ms
[2026-01-16T10:21:20.876+0000][gc,phases   ] GC(1199)   Other: 2.9ms
[2026-01-16T10:21:20.877+0000][gc,heap     ] GC(1199) Eden regions: 597->0(535)
[2026-01-16T10:21:20.878+0000][gc,heap     ] GC(1199) Survivor regions: 5->6(76)
[2026-01-16T10:21:20.878+0000][gc,heap     ] GC(1199) Old regions: 95->95
[2026-01-16T10:21:20.878+0000][gc,heap     ] GC(1199) Humongous regions: 47->47
[2026-01-16T10:21:20.878+0000][gc,metaspace] GC(1199) Metaspace: 13139K(13568K)->13139K(13568K) NonClass: 12038K(12224K)->12038K(12224K) Class: 1100K(1344K)->1100K(1344K)
[2026-01-16T10:21:20.879+0000][gc          ] GC(1199) Pause Young (Normal) (G1 Evacuation Pause) 743M->147M(1024M) 119.505ms
[2026-01-16T10:21:20.881+0000][gc,cpu      ] GC(1199) User=0.36s Sys=0.05s Real=0.13s
[2026-01-16T10:22:11.129+0000][gc,start    ] GC(1200) Pause Young (Normal) (G1 Evacuation Pause)
[2026-01-16T10:22:11.130+0000][gc,task     ] GC(1200) Using 8 workers of 8 for evacuation
[2026-01-16T10:22:11.218+0000][gc,phases   ] GC(1200)   Pre Evacuate Collection Set: 7.3ms
[2026-01-16T10:22:11.218+0000][gc,phases   ] GC(1200)   Merge Heap Roots: 1.9ms
[2026-01-16T10:22:11.219+0000][gc,phases   ] GC(1200)   Evacuate Collection Set: 59.0ms
[2026-01-16T10:22:11.219+0000][gc,phases   ] GC(1200)   Post Evacuate Collection Set: 19.3ms
[2026-01-16T10:22:11.219+0000][gc,phases   ] GC(1200)   Other: 0.7ms
[2026-01-16T10:22:11.219+0000][gc,heap     ] GC(1200) Eden regions: 584->0(607)
[2026-01-16T10:22:11.219+0000][gc,heap     ] GC(1200) Survivor regions: 6->7(74)
[2026-01-16T10:22:11.219+0000][gc,heap     ] GC(1200) Old regions: 95->95
[2026-01-16T10:22:11.219+0000][gc,heap     ] GC(1200) Humongous regions: 47->47
[2026-01-16T10:22:11.219+0000][gc,metaspace] GC(1200) Metaspace: 13139K(13568K)->13139K(13568K) NonClass: 12038K(12224K)->12038K(12224K) Class: 1100K(1344K)->1100K(1344K)
[2026-01-16T10:22:11.220+0000][gc          ] GC(1200) Pause Young (Normal) (G1 Evacuation Pause) 731M->148M(1024M) 90.489ms
[2026-01-16T10:22:11.220+0000][gc,cpu      ] GC(1200) User=0.34s Sys=0.02s Real=0.09s
[2026-01-16T10:23:00.685+0000][gc,start    ] GC(1201) Pause Young (Normal) (G1 Evacuation Pause)
[2026-01-16T10:23:00.686+0000][gc,task     ] GC(1201) Using 8 workers of 8 for evacuation
[2026-01-16T10:23:00.839+0000][gc,phases   ] GC(1201)   Pre Evacuate Collection Set: 15.2ms
[2026-01-16T10:23:00.840+0000][gc,phases   ] GC(1201)   Merge Heap Roots: 5.1ms
[2026-01-16T10:23:00.841+0000][gc,phases   ] GC(1201)   Evacuate Collection Set: 113.7ms
[2026-01-16T10:23:00.841+0000][gc,phases   ] GC(1201)   Post Evacuate Collection Set: 17.8ms
[2026-01-16T10:23:00.842+0000][gc,phases   ] GC(1201)   Other: 1.0ms
[2026-01-16T10:23:00.842+0000][gc,heap     ] GC(1201) Eden regions: 597->0(571)
[2026-01-16T10:23:00.842+0000][gc,heap     ] GC(1201) Survivor regions: 7->8(76)
[2026-01-16T10:23:00.842+0000][gc,heap     ] GC(1201) Old regions: 95->96
[2026-01-16T10:23:00.843+0000][gc,heap     ] GC(1201) Humongous regions: 47->47
[2026-01-16T10:23:00.843+0000][gc,metaspace] GC(1201) Metaspace: 13149K(13568K)->13149K(13568K) NonClass: 12049K(12224K)->12049K(12224K) Class: 1100K(1344K)->1100K(1344K)
[2026-01-16T10:23:00.849+0000][gc          ] GC(1201) Pause Young (Normal) (G1 Evacuation Pause) 745M->149M(1024M) 164.236ms
[2026-01-16T10:23:00.849+0000][gc,cpu      ] GC(1201) User=0.44s Sys=0.06s Real=0.17s
[2026-01-16T10:23:40.117+0000][gc,start    ] GC(1202) Pause Young (Normal) (G1 Evacuation Pause)
[2026-01-16T10:23:40.118+0000][gc,task     ] GC(1202) Using 8 workers of 8 for evacuation
[2026-01-16T10:23:40.224+0000][gc,phases   ] GC(1202)   Pre Evacuate Collection Set: 5.8ms
[2026-01-16T10:23:40.225+0000][gc,phases   ] GC(1202)   Merge Heap Roots: 11.5ms
[2026-01-16T10:23:40.225+0000][gc,phases   ] GC(1202)   Evacuate Collection Set: 71.3ms
[2026-01-16T10:23:40.225+0000][gc,phases   ] GC(1202)   Post Evacuate Collection Set: 16.7ms
[2026-01-16T10:23:40.225+0000][gc,phases   ] GC(1202)   Other: 0.8ms
[2026-01-16T10:23:40.225+0000][gc,heap     ] GC(1202) Eden regions: 432->0(537)
[2026-01-16T10:23:40.225+0000][gc,heap     ] GC(1202) Survivor regions: 8->9(55)
[2026-01-16T10:23:40.225+0000][gc,heap     ] GC(1202) Old regions: 96->96
[2026-01-16T10:23:40.225+0000][gc,heap     ] GC(1202) Humongous regions: 47->47
[2026-01-16T10:23:40.225+0000][gc,metaspace] GC(1202) Metaspace: 13149K(13568K)->13149K(13568K) NonClass: 12049K(12224K)->12049K(12224K) Class: 1100K(1344K)->1100K(1344K)
[2026-01-16T10:23:40.225+0000][gc          ] GC(1202) Pause Young (Normal) (G1 Evacuation Pause) 581M->150M(1024M) 107.865ms
[2026-01-16T10:23:40.225+0000][gc,cpu      ] GC(1202) User=0.51s Sys=0.04s Real=0.10s
[2026-01-16T10:24:30.727+0000][gc,start    ] GC(1203) Pause Young (Normal) (G1 Evacuation Pause)
[2026-01-16T10:24:30.741+0000][gc,task     ] GC(1203) Using 8 workers of 8 for evacuation
[2026-01-16T10:24:31.039+0000][gc,mmu      ] GC(1203) MMU target violated: 201.0ms (200.0ms/201.0ms)
[2026-01-16T10:24:31.040+0000][gc,phases   ] GC(1203)   Pre Evacuate Collection Set: 23.6ms
[2026-01-16T10:24:31.040+0000][gc,phases   ] GC(1203)   Merge Heap Roots: 13.6ms
[2026-01-16T10:24:31.040+0000][gc,phases   ] GC(1203)   Evacuate Collection Set: 207.1ms
[2026-01-16T10:24:31.041+0000][gc,phases   ] GC(1203)   Post Evacuate Collection Set: 49.5ms
[2026-01-16T10:24:31.041+0000][gc,phases   ] GC(1203)   Other: 5.3ms
[2026-01-16T10:24:31.041+0000][gc,heap     ] GC(1203) Eden regions: 556->0(188)
[2026-01-16T10:24:31.041+0000][gc,heap     ] GC(1203) Survivor regions: 9->9(71)
[2026-01-16T10:24:31.042+0000][gc,heap     ] GC(1203) Old regions: 96->96
[2026-01-16T10:24:31.042+0000][gc,heap     ] GC(1203) Humongous regions: 47->47
[2026-01-16T10:24:31.042+0000][gc,metaspace] GC(1203) Metaspace: 13149K(13568K)->13149K(13568K) NonClass: 12049K(12224K)->12049K(12224K) Class: 1100K(1344K)->1100K(1344K)
[2026-01-16T10:24:31.043+0000][gc          ] GC(1203) Pause Young (Normal) (G1 Evacuation Pause) 706M->150M(1024M) 315.720ms
[2026-01-16T10:24:31.043+0000][gc,cpu      ] GC(1203) User=0.46s Sys=0.02s Real=0.32s
[2026-01-16T10:24:40.443+0000][gc,start    ] GC(1204) Pause Young (Normal) (G1 Evacuation Pause)
[2026-01-16T10:24:40.445+0000][gc,task     ] GC(1204) Using 8 workers of 8 for evacuation
[2026-01-16T10:24:40.760+0000][gc,mmu      ] GC(1204) MMU target violated: 201.0ms (200.0ms/201.0ms)
[2026-01-16T10:24:40.761+0000][gc,phases   ] GC(1204)   Pre Evacuate Collection Set: 10.2ms
[2026-01-16T10:24:40.763+0000][gc,phases   ] GC(1204)   Merge Heap Roots: 1.8ms
[2026-01-16T10:24:40.765+0000][gc,phases   ] GC(1204)   Evacuate Collection Set: 242.0ms
[2026-01-16T10:24:40.766+0000][gc,phases   ] GC(1204)   Post Evacuate Collection Set: 59.7ms
[2026-01-16T10:24:40.768+0000][gc,phases   ] GC(1204)   Other: 2.6ms
[2026-01-16T10:24:40.770+0000][gc,heap     ] GC(1204) Eden regions: 101->0(43)
[2026-01-16T10:24:40.772+0000][gc,heap     ] GC(1204) Survivor regions: 9->8(14)
[2026-01-16T10:24:40.774+0000][gc,heap     ] GC(1204) Old regions: 96->97
[2026-01-16T10:24:40.779+0000][gc,heap     ] GC(1204) Humongous regions: 47->47
[2026-01-16T10:24:40.779+0000][gc,metaspace] GC(1204) Metaspace: 13149K(13568K)->13149K(13568K) NonClass: 12049K(12224K)->12049K(12224K) Class: 1100K(1344K)->1100K(1344K)
[2026-01-16T10:24:40.779+0000][gc          ] GC(1204) Pause Young (Normal) (G1 Evacuation Pause) 251M->150M(1024M) 336.483ms
[2026-01-16T10:24:40.780+0000][gc,cpu      ] GC(1204) User=0.40s Sys=0.04s Real=0.34s
[2026-01-16T10:24:43.312+0000][gc,start    ] GC(1205) Pause Young (Normal) (G1 Evacuation Pause)
[2026-01-16T10:24:43.313+0000][gc,task     ] GC(1205) Using 8 workers of 8 for evacuation
[2026-01-16T10:24:43.639+0000][gc,mmu      ] GC(1205) MMU target violated: 201.0ms (200.0ms/201.0ms)
[2026-01-16T10:24:43.657+0000][gc,phases   ] GC(1205)   Pre Evacuate Collection Set: 12.4ms
[2026-01-16T10:24:43.659+0000][gc,phases   ] GC(1205)   Merge Heap Roots: 9.4ms
[2026-01-16T10:24:43.660+0000][gc,phases   ] GC(1205)   Evacuate Collection Set: 286.2ms
[2026-01-16T10:24:43.660+0000][gc,phases   ] GC(1205)   Post Evacuate Collection Set: 17.6ms
[2026-01-16T10:24:43.660+0000][gc,phases   ] GC(1205)   Other: 18.6ms
[2026-01-16T10:24:43.660+0000][gc,heap     ] GC(1205) Eden regions: 43->0(65)
[2026-01-16T10:24:43.660+0000][gc,heap     ] GC(1205) Survivor regions: 8->5(7)
[2026-01-16T10:24:43.661+0000][gc,heap     ] GC(1205) Old regions: 97->100
[2026-01-16T10:24:43.661+0000][gc,heap     ] GC(1205) Humongous regions: 47->47
[2026-01-16T10:24:43.661+0000][gc,metaspace] GC(1205) Metaspace: 13149K(13568K)->13149K(13568K) NonClass: 12049K(12224K)->12049K(12224K) Class: 1100K(1344K)->1100K(1344K)
[2026-01-16T10:24:43.662+0000][gc          ] GC(1205) Pause Young (Normal) (G1 Evacuation Pause) 193M->151M(1024M) 349.322ms
[2026-01-16T10:24:43.662+0000][gc,cpu      ] GC(1205) User=0.37s Sys=0.03s Real=0.35s
[2026-01-16T10:24:52.114+0000][gc,start    ] GC(1206) Pause Young (Normal) (G1 Evacuation Pause)
[2026-01-16T10:24:52.115+0000][gc,task     ] GC(1206) Using 8 workers of 8 for evacuation
[2026-01-16T10:24:52.404+0000][gc,mmu      ] GC(1206) MMU target violated: 201.0ms (200.0ms/201.0ms)
[2026-01-16T10:24:52.405+0000][gc,phases   ] GC(1206)   Pre Evacuate Collection Set: 65.6ms
[2026-01-16T10:24:52.406+0000][gc,phases   ] GC(1206)   Merge Heap Roots: 7.1ms
[2026-01-16T10:24:52.406+0000][gc,phases   ] GC(1206)   Evacuate Collection Set: 198.3ms
[2026-01-16T10:24:52.406+0000][gc,phases   ] GC(1206)   Post Evacuate Collection Set: 12.0ms
[2026-01-16T10:24:52.406+0000][gc,phases   ] GC(1206)   Other: 6.8ms
[2026-01-16T10:24:52.406+0000][gc,heap     ] GC(1206) Eden regions: 91->0(47)
[2026-01-16T10:24:52.406+0000][gc,heap     ] GC(1206) Survivor regions: 5->4(12)
[2026-01-16T10:24:52.407+0000][gc,heap     ] GC(1206) Old regions: 100->100
[2026-01-16T10:24:52.407+0000][gc,heap     ] GC(1206) Humongous regions: 47->47
[2026-01-16T10:24:52.408+0000][gc,metaspace] GC(1206) Metaspace: 13149K(13568K)->13149K(13568K) NonClass: 12049K(12224K)->12049K(12224K) Class: 1100K(1344K)->1100K(1344K)
[2026-01-16T10:24:52.408+0000][gc          ] GC(1206) Pause Young (Normal) (G1 Evacuation Pause) 242M->150M(1024M) 294.857ms
[2026-01-16T10:24:52.409+0000][gc,cpu      ] GC(1206) User=0.24s Sys=0.01s Real=0.30s
[2026-01-16T10:25:00.386+0000][gc,start    ] GC(1207) Pause Young (Normal) (G1 Evacuation Pause)
[2026-01-16T10:25:00.388+0000][gc,task     ] GC(1207) Using 8 workers of 8 for evacuation
[2026-01-16T10:25:01.035+0000][gc,mmu      ] GC(1207) MMU target violated: 201.0ms (200.0ms/201.0ms)
[2026-01-16T10:25:01.036+0000][gc,phases   ] GC(1207)   Pre Evacuate Collection Set: 18.9ms
[2026-01-16T10:25:01.037+0000][gc,phases   ] GC(1207)   Merge Heap Roots: 2.6ms
[2026-01-16T10:25:01.037+0000][gc,phases   ] GC(1207)   Evacuate Collection Set: 479.2ms
[2026-01-16T10:25:01.037+0000][gc,phases   ] GC(1207)   Post Evacuate Collection Set: 135.9ms
[2026-01-16T10:25:01.038+0000][gc,phases   ] GC(1207)   Other: 11.6ms
[2026-01-16T10:25:01.042+0000][gc,heap     ] GC(1207) Eden regions: 101->0(47)
[2026-01-16T10:25:01.043+0000][gc,heap     ] GC(1207) Survivor regions: 4->4(14)
[2026-01-16T10:25:01.045+0000][gc,heap     ] GC(1207) Old regions: 100->100
[2026-01-16T10:25:01.048+0000][gc,heap     ] GC(1207) Humongous regions: 47->47
[2026-01-16T10:25:01.049+0000][gc,metaspace] GC(1207) Metaspace: 13149K(13568K)->13149K(13568K) NonClass: 12049K(12224K)->12049K(12224K) Class: 1100K(1344K)->1100K(1344K)
[2026-01-16T10:25:01.049+0000][gc          ] GC(1207) Pause Young (Normal) (G1 Evacuation Pause) 251M->150M(1024M) 663.317ms
[2026-01-16T10:25:01.051+0000][gc,cpu      ] GC(1207) User=0.35s Sys=0.04s Real=0.66s
[2026-01-16T10:25:03.453+0000][gc,start    ] GC(1208) Pause Young (Normal) (G1 Evacuation Pause)
[2026-01-16T10:25:03.463+0000][gc,task     ] GC(1208) Using 8 workers of 8 for evacuation
[2026-01-16T10:25:03.691+0000][gc,mmu      ] GC(1208) MMU target violated: 201.0ms (200.0ms/201.0ms)
[2026-01-16T10:25:03.693+0000][gc,phases   ] GC(1208)   Pre Evacuate Collection Set: 10.8ms
[2026-01-16T10:25:03.694+0000][gc,phases   ] GC(1208)   Merge Heap Roots: 3.9ms
[2026-01-16T10:25:03.694+0000][gc,phases   ] GC(1208)   Evacuate Collection Set: 185.5ms
[2026-01-16T10:25:03.694+0000][gc,phases   ] GC(1208)   Post Evacuate Collection Set: 19.7ms
[2026-01-16T10:25:03.696+0000][gc,phases   ] GC(1208)   Other: 18.6ms
[2026-01-16T10:25:03.696+0000][gc,heap     ] GC(1208) Eden regions: 47->0(46)
[2026-01-16T10:25:03.696+0000][gc,heap     ] GC(1208) Survivor regions: 4->5(7)
[2026-01-16T10:25:03.696+0000][gc,heap     ] GC(1208) Old regions: 100->100
[2026-01-16T10:25:03.696+0000][gc,heap     ] GC(1208) Humongous regions: 47->47
[2026-01-16T10:25:03.696+0000][gc,metaspace] GC(1208) Metaspace: 13149K(13568K)->13149K(13568K) NonClass: 12049K(12224K)->12049K(12224K) Class: 1100K(1344K)->1100K(1344K)
[2026-01-16T10:25:03.696+0000][gc          ] GC(1208) Pause Young (Normal) (G1 Evacuation Pause) 197M->151M(1024M) 242.608ms
[2026-01-16T10:25:03.696+0000][gc,cpu      ] GC(1208) User=0.18s Sys=0.03s Real=0.25s
[2026-01-16T10:25:10.138+0000][gc,start    ] GC(1209) Pause Young (Normal) (G1 Evacuation Pause)
[2026-01-16T10:25:10.140+0000][gc,task     ] GC(1209) Using 8 workers of 8 for evacuation
[2026-01-16T10:25:10.405+0000][gc,mmu      ] GC(1209) MMU target violated: 201.0ms (200.0ms/201.0ms)
[2026-01-16T10:25:10.408+0000][gc,phases   ] GC(1209)   Pre Evacuate Collection Set: 25.9ms
[2026-01-16T10:25:10.408+0000][gc,phases   ] GC(1209)   Merge Heap Roots: 13.5ms
[2026-01-16T10:25:10.408+0000][gc,phases   ] GC(1209)   Evacuate Collection Set: 203.3ms
[2026-01-16T10:25:10.408+0000][gc,phases   ] GC(1209)   Post Evacuate Collection Set: 20.0ms
[2026-01-16T10:25:10.408+0000][gc,phases   ] GC(1209)   Other: 5.5ms
[2026-01-16T10:25:10.408+0000][gc,heap     ] GC(1209) Eden regions: 46->0(48)
[2026-01-16T10:25:10.408+0000][gc,heap     ] GC(1209) Survivor regions: 5->3(7)
[2026-01-16T10:25:10.408+0000][gc,heap     ] GC(1209) Old regions: 100->101
[2026-01-16T10:25:10.408+0000][gc,heap     ] GC(1209) Humongous regions: 47->47
[2026-01-16T10:25:10.408+0000][gc,metaspace] GC(1209) Metaspace: 13149K(13568K)->13149K(13568K) NonClass: 12049K(12224K)->12049K(12224K) Class: 1100K(1344K)->1100K(1344K)
[2026-01-16T10:25:10.408+0000][gc          ] GC(1209) Pause Young (Normal) (G1 Evacuation Pause) 197M->150M(1024M) 270.419ms
[2026-01-16T10:25:10.408+0000][gc,cpu      ] GC(1209) User=0.28s Sys=0.02s Real=0.27s
[2026-01-16T10:25:11.583+0000][gc,start    ] GC(1210) Pause Young (Normal) (G1 Evacuation Pause)
[2026-01-16T10:25:11.584+0000][gc,task     ] GC(1210) Using 8 workers of 8 for evacuation
[2026-01-16T10:25:11.655+0000][gc,phases   ] GC(1210)   Pre Evacuate Collection Set: 5.1ms
[2026-01-16T10:25:11.655+0000][gc,phases   ] GC(1210)   Merge Heap Roots: 0.4ms
[2026-01-16T10:25:11.657+0000][gc,phases   ] GC(1210)   Evacuate Collection Set: 61.1ms
[2026-01-16T10:25:11.658+0000][gc,phases   ] GC(1210)   Post Evacuate Collection Set: 3.0ms
[2026-01-16T10:25:11.668+0000][gc,phases   ] GC(1210)   Other: 1.2ms
[2026-01-16T10:25:11.677+0000][gc,heap     ] GC(1210) Eden regions: 48->0(47)
[2026-01-16T10:25:11.680+0000][gc,heap     ] GC(1210) Survivor regions: 3->4(7)
[2026-01-16T10:25:11.680+0000][gc,heap     ] GC(1210) Old regions: 101->101
[2026-01-16T10:25:11.681+0000][gc,heap     ] GC(1210) Humongous regions: 47->47
[2026-01-16T10:25:11.681+0000][gc,metaspace] GC(1210) Metaspace: 13149K(13568K)->13149K(13568K) NonClass: 12049K(12224K)->12049K(12224K) Class: 1100K(1344K)->1100K(1344K)
[2026-01-16T10:25:11.681+0000][gc          ] GC(1210) Pause Young (Normal) (G1 Evacuation Pause) 198M->151M(1024M) 97.489ms
[2026-01-16T10:25:11.681+0000][gc,cpu      ] GC(1210) User=0.07s Sys=0.01s Real=0.09s
[2026-01-16T10:25:12.930+0000][gc,start    ] GC(1211) Pause Young (Normal) (G1 Evacuation Pause)
[2026-01-16T10:25:12.932+0000][gc,task     ] GC(1211) Using 8 workers of 8 for evacuation
[2026-01-16T10:25:13.267+0000][gc,mmu      ] GC(1211) MMU target violated: 201.0ms (200.0ms/201.0ms)
[2026-01-16T10:25:13.270+0000][gc,phases   ] GC(1211)   Pre Evacuate Collection Set: 14.3ms
[2026-01-16T10:25:13.271+0000][gc,phases   ] GC(1211)   Merge Heap Roots: 0.3ms
[2026-01-16T10:25:13.274+0000][gc,phases   ] GC(1211)   Evacuate Collection Set: 287.0ms
[2026-01-16T10:25:13.274+0000][gc,phases   ] GC(1211)   Post Evacuate Collection Set: 31.3ms
[2026-01-16T10:25:13.276+0000][gc,phases   ] GC(1211)   Other: 5.0ms
[2026-01-16T10:25:13.276+0000][gc,heap     ] GC(1211) Eden regions: 47->0(46)
[2026-01-16T10:25:13.276+0000][gc,heap     ] GC(1211) Survivor regions: 4->5(7)
[2026-01-16T10:25:13.278+0000][gc,heap     ] GC(1211) Old regions: 101->101
[2026-01-16T10:25:13.284+0000][gc,heap     ] GC(1211) Humongous regions: 47->47
[2026-01-16T10:25:13.285+0000][gc,metaspace] GC(1211) Metaspace: 13149K(13568K)->13149K(13568K) NonClass: 12049K(12224K)->12049K(12224K) Class: 1100K(1344K)->1100K(1344K)
[2026-01-16T10:25:13.289+0000][gc          ] GC(1211) Pause Young (Normal) (G1 Evacuation Pause) 198M->151M(1024M) 358.674ms
[2026-01-16T10:25:13.291+0000][gc,cpu      ] GC(1211) User=0.09s Sys=0.01s Real=0.36s
[2026-01-16T10:25:20.294+0000][gc,start    ] GC(1212) Pause Young (Normal) (G1 Evacuation Pause)
[2026-01-16T10:25:20.297+0000][gc,task     ] GC(1212) Using 8 workers of 8 for evacuation
[2026-01-16T10:25:20.478+0000][gc,phases   ] GC(1212)   Pre Evacuate Collection Set: 14.0ms
[2026-01-16T10:25:20.479+0000][gc,phases   ] GC(1212)   Merge Heap Roots: 2.7ms
[2026-01-16T10:25:20.480+0000][gc,phases   ] GC(1212)   Evacuate Collection Set: 156.8ms
[2026-01-16T10:25:20.481+0000][gc,phases   ] GC(1212)   Post Evacuate Collection Set: 4.8ms
[2026-01-16T10:25:20.483+0000][gc,phases   ] GC(1212)   Other: 3.1ms
[2026-01-16T10:25:20.486+0000][gc,heap     ] GC(1212) Eden regions: 46->0(48)
[2026-01-16T10:25:20.488+0000][gc,heap     ] GC(1212) Survivor regions: 5->3(7)
[2026-01-16T10:25:20.489+0000][gc,heap     ] GC(1212) Old regions: 101->102
[2026-01-16T10:25:20.489+0000][gc,heap     ] GC(1212) Humongous regions: 47->47
[2026-01-16T10:25:20.489+0000][gc,metaspace] GC(1212) Metaspace: 13149K(13568K)->13149K(13568K) NonClass: 12049K(12224K)->12049K(12224K) Class: 1100K(1344K)->1100K(1344K)
[2026-01-16T10:25:20.491+0000][gc          ] GC(1212) Pause Young (Normal) (G1 Evacuation Pause) 197M->151M(1024M) 196.317ms
[2026-01-16T10:25:20.491+0000][gc,cpu      ] GC(1212) User=0.18s Sys=0.00s Real=0.19s
[2026-01-16T10:25:21.168+0000][gc,start    ] GC(1213) Pause Young (Normal) (G1 Evacuation Pause)
[2026-01-16T10:25:21.169+0000][gc,task     ] GC(1213) Using 8 workers of 8 for evacuation
[2026-01-16T10:25:21.219+0000][gc,phases   ] GC(1213)   Pre Evacuate Collection Set: 0.7ms
[2026-01-16T10:25:21.220+0000][gc,phases   ] GC(1213)   Merge Heap Roots: 0.6ms
[2026-01-16T10:25:21.220+0000][gc,phases   ] GC(1213)   Evacuate Collection Set: 46.7ms
[2026-01-16T10:25:21.223+0000][gc,phases   ] GC(1213)   Post Evacuate Collection Set: 1.4ms
[2026-01-16T10:25:21.223+0000][gc,phases   ] GC(1213)   Other: 0.5ms
[2026-01-16T10:25:21.224+0000][gc,heap     ] GC(1213) Eden regions: 48->0(47)
[2026-01-16T10:25:21.224+0000][gc,heap     ] GC(1213) Survivor regions: 3->4(7)
[2026-01-16T10:25:21.225+0000][gc,heap     ] GC(1213) Old regions: 102->102
[2026-01-16T10:25:21.225+0000][gc,heap     ] GC(1213) Humongous regions: 47->47
[2026-01-16T10:25:21.225+0000][gc,metaspace] GC(1213) Metaspace: 13149K(13568K)->13149K(13568K) NonClass: 12049K(12224K)->12049K(12224K) Class: 1100K(1344K)->1100K(1344K)
[2026-01-16T10:25:21.225+0000][gc          ] GC(1213) Pause Young (Normal) (G1 Evacuation Pause) 199M->151M(1024M) 57.581ms
[2026-01-16T10:25:21.228+0000][gc,cpu      ] GC(1213) User=0.04s Sys=0.00s Real=0.06s
[2026-01-16T10:25:30.383+0000][gc,start    ] GC(1214) Pause Young (Normal) (G1 Evacuation Pause)
[2026-01-16T10:25:30.393+0000][gc,task     ] GC(1214) Using 8 workers of 8 for evacuation
[2026-01-16T10:25:30.641+0000][gc,mmu      ] GC(1214) MMU target violated: 201.0ms (200.0ms/201.0ms)
[2026-01-16T10:25:30.641+0000][gc,phases   ] GC(1214)   Pre Evacuate Collection Set: 52.6ms
[2026-01-16T10:25:30.642+0000][gc,phases   ] GC(1214)   Merge Heap Roots: 3.0ms
[2026-01-16T10:25:30.642+0000][gc,phases   ] GC(1214)   Evacuate Collection Set: 173.7ms
[2026-01-16T10:25:30.642+0000][gc,phases   ] GC(1214)   Post Evacuate Collection Set: 17.8ms
[2026-01-16T10:25:30.643+0000][gc,phases   ] GC(1214)   Other: 6.3ms
[2026-01-16T10:25:30.643+0000][gc,heap     ] GC(1214) Eden regions: 66->0(48)
[2026-01-16T10:25:30.643+0000][gc,heap     ] GC(1214) Survivor regions: 4->3(9)
[2026-01-16T10:25:30.643+0000][gc,heap     ] GC(1214) Old regions: 102->102
[2026-01-16T10:25:30.646+0000][gc,heap     ] GC(1214) Humongous regions: 47->47
[2026-01-16T10:25:30.648+0000][gc,metaspace] GC(1214) Metaspace: 13149K(13568K)->13149K(13568K) NonClass: 12049K(12224K)->12049K(12224K) Class: 1100K(1344K)->1100K(1344K)
[2026-01-16T10:25:30.650+0000][gc          ] GC(1214) Pause Young (Normal) (G1 Evacuation Pause) 217M->151M(1024M) 267.255ms
[2026-01-16T10:25:30.654+0000][gc,cpu      ] GC(1214) User=0.23s Sys=0.03s Real=0.27s
[2026-01-16T10:25:34.146+0000][gc,start    ] GC(1215) Pause Young (Normal) (G1 Evacuation Pause)
[2026-01-16T10:25:34.149+0000][gc,task     ] GC(1215) Using 8 workers of 8 for evacuation
[2026-01-16T10:25:34.276+0000][gc,phases   ] GC(1215)   Pre Evacuate Collection Set: 12.8ms
[2026-01-16T10:25:34.279+0000][gc,phases   ] GC(1215)   Merge Heap Roots: 8.1ms
[2026-01-16T10:25:34.280+0000][gc,phases   ] GC(1215)   Evacuate Collection Set: 97.4ms
[2026-01-16T10:25:34.280+0000][gc,phases   ] GC(1215)   Post Evacuate Collection Set: 8.0ms
[2026-01-16T10:25:34.280+0000][gc,phases   ] GC(1215)   Other: 0.4ms
[2026-01-16T10:25:34.281+0000][gc,heap     ] GC(1215) Eden regions: 68->0(47)
[2026-01-16T10:25:34.283+0000][gc,heap     ] GC(1215) Survivor regions: 3->4(9)
[2026-01-16T10:25:34.283+0000][gc,heap     ] GC(1215) Old regions: 102->102
[2026-01-16T10:25:34.283+0000][gc,heap     ] GC(1215) Humongous regions: 47->47
[2026-01-16T10:25:34.284+0000][gc,metaspace] GC(1215) Metaspace: 13149K(13568K)->13149K(13568K) NonClass: 12049K(12224K)->12049K(12224K) Class: 1100K(1344K)->1100K(1344K)
[2026-01-16T10:25:34.290+0000][gc          ] GC(1215) Pause Young (Normal) (G1 Evacuation Pause) 219M->152M(1024M) 143.876ms
[2026-01-16T10:25:34.290+0000][gc,cpu      ] GC(1215) User=0.09s Sys=0.01s Real=0.14s
[2026-01-16T10:25:40.298+0000][gc,start    ] GC(1216) Pause Young (Normal) (G1 Evacuation Pause)
[2026-01-16T10:25:40.301+0000][gc,task     ] GC(1216) Using 8 workers of 8 for evacuation
[2026-01-16T10:25:40.448+0000][gc,phases   ] GC(1216)   Pre Evacuate Collection Set: 19.5ms
[2026-01-16T10:25:40.477+0000][gc,phases   ] GC(1216)   Merge Heap Roots: 1.7ms
[2026-01-16T10:25:40.477+0000][gc,phases   ] GC(1216)   Evacuate Collection Set: 110.7ms
[2026-01-16T10:25:40.477+0000][gc,phases   ] GC(1216)   Post Evacuate Collection Set: 15.0ms
[2026-01-16T10:25:40.477+0000][gc,phases   ] GC(1216)   Other: 0.9ms
[2026-01-16T10:25:40.478+0000][gc,heap     ] GC(1216) Eden regions: 55->0(101)
[2026-01-16T10:25:40.478+0000][gc,heap     ] GC(1216) Survivor regions: 4->3(8)
[2026-01-16T10:25:40.478+0000][gc,heap     ] GC(1216) Old regions: 102->102
[2026-01-16T10:25:40.479+0000][gc,heap     ] GC(1216) Humongous regions: 47->47
[2026-01-16T10:25:40.480+0000][gc,metaspace] GC(1216) Metaspace: 13149K(13568K)->13149K(13568K) NonClass: 12049K(12224K)->12049K(12224K) Class: 1100K(1344K)->1100K(1344K)
[2026-01-16T10:25:40.481+0000][gc          ] GC(1216) Pause Young (Normal) (G1 Evacuation Pause) 207M->151M(1024M) 182.516ms
[2026-01-16T10:25:40.481+0000][gc,cpu      ] GC(1216) User=0.15s Sys=0.02s Real=0.18s
[2026-01-16T10:25:50.802+0000][gc,start    ] GC(1217) Pause Young (Normal) (G1 Evacuation Pause)
[2026-01-16T10:25:50.803+0000][gc,task     ] GC(1217) Using 8 workers of 8 for evacuation
[2026-01-16T10:25:50.975+0000][gc,phases   ] GC(1217)   Pre Evacuate Collection Set: 21.8ms
[2026-01-16T10:25:50.977+0000][gc,phases   ] GC(1217)   Merge Heap Roots: 1.3ms
[2026-01-16T10:25:50.979+0000][gc,phases   ] GC(1217)   Evacuate Collection Set: 113.5ms
[2026-01-16T10:25:50.980+0000][gc,phases   ] GC(1217)   Post Evacuate Collection Set: 33.1ms
[2026-01-16T10:25:50.980+0000][gc,phases   ] GC(1217)   Other: 2.9ms
[2026-01-16T10:25:50.983+0000][gc,heap     ] GC(1217) Eden regions: 124->0(73)
[2026-01-16T10:25:50.983+0000][gc,heap     ] GC(1217) Survivor regions: 3->4(16)
[2026-01-16T10:25:50.985+0000][gc,heap     ] GC(1217) Old regions: 102->102
[2026-01-16T10:25:50.987+0000][gc,heap     ] GC(1217) Humongous regions: 47->47
[2026-01-16T10:25:50.987+0000][gc,metaspace] GC(1217) Metaspace: 13149K(13568K)->13149K(13568K) NonClass: 12049K(12224K)->12049K(12224K) Class: 1100K(1344K)->1100K(1344K)
[2026-01-16T10:25:50.989+0000][gc          ] GC(1217) Pause Young (Normal) (G1 Evacuation Pause) 275M->151M(1024M) 187.220ms
[2026-01-16T10:25:50.992+0000][gc,cpu      ] GC(1217) User=0.20s Sys=0.01s Real=0.19s
[2026-01-16T10:25:59.651+0000][gc,start    ] GC(1218) Pause Young (Normal) (G1 Evacuation Pause)
[2026-01-16T10:25:59.658+0000][gc,task     ] GC(1218) Using 8 workers of 8 for evacuation
[2026-01-16T10:25:59.825+0000][gc,phases   ] GC(1218)   Pre Evacuate Collection Set: 24.8ms
[2026-01-16T10:25:59.828+0000][gc,phases   ] GC(1218)   Merge Heap Roots: 6.8ms
[2026-01-16T10:25:59.830+0000][gc,phases   ] GC(1218)   Evacuate Collection Set: 111.4ms
[2026-01-16T10:25:59.832+0000][gc,phases   ] GC(1218)   Post Evacuate Collection Set: 19.9ms
[2026-01-16T10:25:59.835+0000][gc,phases   ] GC(1218)   Other: 3.9ms
[2026-01-16T10:25:59.840+0000][gc,heap     ] GC(1218) Eden regions: 91->0(191)
[2026-01-16T10:25:59.843+0000][gc,heap     ] GC(1218) Survivor regions: 4->3(12)
[2026-01-16T10:25:59.844+0000][gc,heap     ] GC(1218) Old regions: 102->103
[2026-01-16T10:25:59.844+0000][gc,heap     ] GC(1218) Humongous regions: 47->47
[2026-01-16T10:25:59.844+0000][gc,metaspace] GC(1218) Metaspace: 13149K(13568K)->13149K(13568K) NonClass: 12049K(12224K)->12049K(12224K) Class: 1100K(1344K)->1100K(1344K)
[2026-01-16T10:25:59.846+0000][gc          ] GC(1218) Pause Young (Normal) (G1 Evacuation Pause) 242M->151M(1024M) 195.452ms
[2026-01-16T10:25:59.849+0000][gc,cpu      ] GC(1218) User=0.18s Sys=0.01s Real=0.20s
[2026-01-16T10:26:11.457+0000][gc,start    ] GC(1219) Pause Young (Normal) (G1 Evacuation Pause)
[2026-01-16T10:26:11.458+0000][gc,task     ] GC(1219) Using 8 workers of 8 for evacuation
[2026-01-16T10:26:11.539+0000][gc,phases   ] GC(1219)   Pre Evacuate Collection Set: 14.3ms
[2026-01-16T10:26:11.539+0000][gc,phases   ] GC(1219)   Merge Heap Roots: 3.0ms
[2026-01-16T10:26:11.540+0000][gc,phases   ] GC(1219)   Evacuate Collection Set: 52.9ms
[2026-01-16T10:26:11.540+0000][gc,phases   ] GC(1219)   Post Evacuate Collection Set: 8.9ms
[2026-01-16T10:26:11.540+0000][gc,phases   ] GC(1219)   Other: 2.3ms
[2026-01-16T10:26:11.540+0000][gc,heap     ] GC(1219) Eden regions: 178->0(285)
[2026-01-16T10:26:11.540+0000][gc,heap     ] GC(1219) Survivor regions: 3->3(23)
[2026-01-16T10:26:11.540+0000][gc,heap     ] GC(1219) Old regions: 103->103
[2026-01-16T10:26:11.540+0000][gc,heap     ] GC(1219) Humongous regions: 47->47
[2026-01-16T10:26:11.541+0000][gc,metaspace] GC(1219) Metaspace: 13149K(13568K)->13149K(13568K) NonClass: 12049K(12224K)->12049K(12224K) Class: 1100K(1344K)->1100K(1344K)
[2026-01-16T10:26:11.541+0000][gc          ] GC(1219) Pause Young (Normal) (G1 Evacuation Pause) 329M->152M(1024M) 83.873ms
[2026-01-16T10:26:11.541+0000][gc,cpu      ] GC(1219) User=0.19s Sys=0.01s Real=0.09s
[2026-01-16T10:26:31.744+0000][gc,start    ] GC(1220) Pause Young (Normal) (G1 Evacuation Pause)
[2026-01-16T10:26:31.746+0000][gc,task     ] GC(1220) Using 8 workers of 8 for evacuation
[2026-01-16T10:26:31.968+0000][gc,mmu      ] GC(1220) MMU target violated: 201.0ms (200.0ms/201.0ms)
[2026-01-16T10:26:31.968+0000][gc,phases   ] GC(1220)   Pre Evacuate Collection Set: 34.0ms
[2026-01-16T10:26:31.968+0000][gc,phases   ] GC(1220)   Merge Heap Roots: 7.3ms
[2026-01-16T10:26:31.968+0000][gc,phases   ] GC(1220)   Evacuate Collection Set: 132.0ms
[2026-01-16T10:26:31.969+0000][gc,phases   ] GC(1220)   Post Evacuate Collection Set: 45.8ms
[2026-01-16T10:26:31.969+0000][gc,phases   ] GC(1220)   Other: 3.5ms
[2026-01-16T10:26:31.969+0000][gc,heap     ] GC(1220) Eden regions: 230->0(119)
[2026-01-16T10:26:31.969+0000][gc,heap     ] GC(1220) Survivor regions: 3->4(30)
[2026-01-16T10:26:31.969+0000][gc,heap     ] GC(1220) Old regions: 103->103
[2026-01-16T10:26:31.970+0000][gc,heap     ] GC(1220) Humongous regions: 47->47
[2026-01-16T10:26:31.970+0000][gc,metaspace] GC(1220) Metaspace: 13149K(13568K)->13149K(13568K) NonClass: 12049K(12224K)->12049K(12224K) Class: 1100K(1344K)->1100K(1344K)
[2026-01-16T10:26:31.971+0000][gc          ] GC(1220) Pause Young (Normal) (G1 Evacuation Pause) 382M->152M(1024M) 227.050ms
[2026-01-16T10:26:31.972+0000][gc,cpu      ] GC(1220) User=0.26s Sys=0.02s Real=0.23s
[2026-01-16T10:26:41.254+0000][gc,start    ] GC(1221) Pause Young (Normal) (G1 Evacuation Pause)
[2026-01-16T10:26:41.261+0000][gc,task     ] GC(1221) Using 8 workers of 8 for evacuation
[2026-01-16T10:26:41.570+0000][gc,mmu      ] GC(1221) MMU target violated: 201.0ms (200.0ms/201.0ms)
[2026-01-16T10:26:41.576+0000][gc,phases   ] GC(1221)   Pre Evacuate Collection Set: 27.9ms
[2026-01-16T10:26:41.577+0000][gc,phases   ] GC(1221)   Merge Heap Roots: 6.0ms
[2026-01-16T10:26:41.577+0000][gc,phases   ] GC(1221)   Evacuate Collection Set: 217.0ms
[2026-01-16T10:26:41.577+0000][gc,phases   ] GC(1221)   Post Evacuate Collection Set: 57.3ms
[2026-01-16T10:26:41.577+0000][gc,phases   ] GC(1221)   Other: 7.5ms
[2026-01-16T10:26:41.578+0000][gc,heap     ] GC(1221) Eden regions: 118->0(46)
[2026-01-16T10:26:41.578+0000][gc,heap     ] GC(1221) Survivor regions: 4->5(16)
[2026-01-16T10:26:41.581+0000][gc,heap     ] GC(1221) Old regions: 103->103
[2026-01-16T10:26:41.582+0000][gc,heap     ] GC(1221) Humongous regions: 47->47
[2026-01-16T10:26:41.590+0000][gc,metaspace] GC(1221) Metaspace: 13150K(13568K)->13150K(13568K) NonClass: 12050K(12224K)->12050K(12224K) Class: 1100K(1344K)->1100K(1344K)
[2026-01-16T10:26:41.592+0000][gc          ] GC(1221) Pause Young (Normal) (G1 Evacuation Pause) 270M->154M(1024M) 338.222ms
[2026-01-16T10:26:41.593+0000][gc,cpu      ] GC(1221) User=0.23s Sys=0.03s Real=0.34s
[2026-01-16T10:26:49.816+0000][gc,start    ] GC(1222) Pause Young (Normal) (G1 Evacuation Pause)
[2026-01-16T10:26:49.821+0000][gc,task     ] GC(1222) Using 8 workers of 8 for evacuation
[2026-01-16T10:26:50.068+0000][gc,mmu      ] GC(1222) MMU target violated: 201.0ms (200.0ms/201.0ms)
[2026-01-16T10:26:50.070+0000][gc,phases   ] GC(1222)   Pre Evacuate Collection Set: 19.1ms
[2026-01-16T10:26:50.070+0000][gc,phases   ] GC(1222)   Merge Heap Roots: 3.5ms
[2026-01-16T10:26:50.071+0000][gc,phases   ] GC(1222)   Evacuate Collection Set: 196.6ms
[2026-01-16T10:26:50.071+0000][gc,phases   ] GC(1222)   Post Evacuate Collection Set: 24.4ms
[2026-01-16T10:26:50.071+0000][gc,phases   ] GC(1222)   Other: 7.2ms
[2026-01-16T10:26:50.071+0000][gc,heap     ] GC(1222) Eden regions: 46->0(57)
[2026-01-16T10:26:50.072+0000][gc,heap     ] GC(1222) Survivor regions: 5->4(7)
[2026-01-16T10:26:50.073+0000][gc,heap     ] GC(1222) Old regions: 103->104
[2026-01-16T10:26:50.073+0000][gc,heap     ] GC(1222) Humongous regions: 47->47
[2026-01-16T10:26:50.073+0000][gc,metaspace] GC(1222) Metaspace: 13150K(13568K)->13150K(13568K) NonClass: 12050K(12224K)->12050K(12224K) Class: 1100K(1344K)->1100K(1344K)
[2026-01-16T10:26:50.073+0000][gc          ] GC(1222) Pause Young (Normal) (G1 Evacuation Pause) 200M->153M(1024M) 256.976ms
[2026-01-16T10:26:50.074+0000][gc,cpu      ] GC(1222) User=0.19s Sys=0.02s Real=0.26s
[2026-01-16T10:26:51.784+0000][gc,start    ] GC(1223) Pause Young (Normal) (G1 Evacuation Pause)
[2026-01-16T10:26:51.789+0000][gc,task     ] GC(1223) Using 8 workers of 8 for evacuation
[2026-01-16T10:26:51.874+0000][gc,phases   ] GC(1223)   Pre Evacuate Collection Set: 5.6ms
[2026-01-16T10:26:51.875+0000][gc,phases   ] GC(1223)   Merge Heap Roots: 9.2ms
[2026-01-16T10:26:51.876+0000][gc,phases   ] GC(1223)   Evacuate Collection Set: 63.9ms
[2026-01-16T10:26:51.879+0000][gc,phases   ] GC(1223)   Post Evacuate Collection Set: 6.6ms
[2026-01-16T10:26:51.880+0000][gc,phases   ] GC(1223)   Other: 0.5ms
[2026-01-16T10:26:51.881+0000][gc,heap     ] GC(1223) Eden regions: 47->0(106)
[2026-01-16T10:26:51.881+0000][gc,heap     ] GC(1223) Survivor regions: 4->4(7)
[2026-01-16T10:26:51.881+0000][gc,heap     ] GC(1223) Old regions: 104->104
[2026-01-16T10:26:51.881+0000][gc,heap     ] GC(1223) Humongous regions: 47->47
[2026-01-16T10:26:51.882+0000][gc,metaspace] GC(1223) Metaspace: 13150K(13568K)->13150K(13568K) NonClass: 12050K(12224K)->12050K(12224K) Class: 1100K(1344K)->1100K(1344K)
[2026-01-16T10:26:51.885+0000][gc          ] GC(1223) Pause Young (Normal) (G1 Evacuation Pause) 200M->153M(1024M) 101.040ms
[2026-01-16T10:26:51.885+0000][gc,cpu      ] GC(1223) User=0.12s Sys=0.01s Real=0.10s
[2026-01-16T10:26:59.532+0000][gc,start    ] GC(1224) Pause Young (Normal) (G1 Evacuation Pause)
[2026-01-16T10:26:59.533+0000][gc,task     ] GC(1224) Using 8 workers of 8 for evacuation
[2026-01-16T10:26:59.576+0000][gc,phases   ] GC(1224)   Pre Evacuate Collection Set: 6.2ms
[2026-01-16T10:26:59.577+0000][gc,phases   ] GC(1224)   Merge Heap Roots: 1.0ms
[2026-01-16T10:26:59.577+0000][gc,phases   ] GC(1224)   Evacuate Collection Set: 28.4ms
[2026-01-16T10:26:59.577+0000][gc,phases   ] GC(1224)   Post Evacuate Collection Set: 7.4ms
[2026-01-16T10:26:59.578+0000][gc,phases   ] GC(1224)   Other: 0.7ms
[2026-01-16T10:26:59.578+0000][gc,heap     ] GC(1224) Eden regions: 91->0(275)
[2026-01-16T10:26:59.578+0000][gc,heap     ] GC(1224) Survivor regions: 4->4(12)
[2026-01-16T10:26:59.578+0000][gc,heap     ] GC(1224) Old regions: 104->104
[2026-01-16T10:26:59.578+0000][gc,heap     ] GC(1224) Humongous regions: 47->47
[2026-01-16T10:26:59.578+0000][gc,metaspace] GC(1224) Metaspace: 13150K(13568K)->13150K(13568K) NonClass: 12050K(12224K)->12050K(12224K) Class: 1100K(1344K)->1100K(1344K)
[2026-01-16T10:26:59.579+0000][gc          ] GC(1224) Pause Young (Normal) (G1 Evacuation Pause) 244M->153M(1024M) 46.674ms
[2026-01-16T10:26:59.579+0000][gc,cpu      ] GC(1224) User=0.15s Sys=0.01s Real=0.04s
[2026-01-16T10:27:19.439+0000][gc,start    ] GC(1225) Pause Young (Normal) (G1 Evacuation Pause)
[2026-01-16T10:27:19.440+0000][gc,task     ] GC(1225) Using 8 workers of 8 for evacuation
[2026-01-16T10:27:19.532+0000][gc,phases   ] GC(1225)   Pre Evacuate Collection Set: 7.9ms
[2026-01-16T10:27:19.534+0000][gc,phases   ] GC(1225)   Merge Heap Roots: 1.1ms
[2026-01-16T10:27:19.535+0000][gc,phases   ] GC(1225)   Evacuate Collection Set: 74.8ms
[2026-01-16T10:27:19.535+0000][gc,phases   ] GC(1225)   Post Evacuate Collection Set: 7.5ms
[2026-01-16T10:27:19.536+0000][gc,phases   ] GC(1225)   Other: 0.6ms
[2026-01-16T10:27:19.536+0000][gc,heap     ] GC(1225) Eden regions: 233->0(436)
[2026-01-16T10:27:19.536+0000][gc,heap     ] GC(1225) Survivor regions: 4->4(30)
[2026-01-16T10:27:19.537+0000][gc,heap     ] GC(1225) Old regions: 104->104
[2026-01-16T10:27:19.537+0000][gc,heap     ] GC(1225) Humongous regions: 47->47
[2026-01-16T10:27:19.538+0000][gc,metaspace] GC(1225) Metaspace: 13150K(13568K)->13150K(13568K) NonClass: 12050K(12224K)->12050K(12224K) Class: 1100K(1344K)->1100K(1344K)
[2026-01-16T10:27:19.540+0000][gc          ] GC(1225) Pause Young (Normal) (G1 Evacuation Pause) 386M->154M(1024M) 101.521ms
[2026-01-16T10:27:19.541+0000][gc,cpu      ] GC(1225) User=0.15s Sys=0.00s Real=0.11s
[2026-01-16T10:28:00.078+0000][gc,start    ] GC(1226) Pause Young (Normal) (G1 Evacuation Pause)
[2026-01-16T10:28:00.079+0000][gc,task     ] GC(1226) Using 8 workers of 8 for evacuation
[2026-01-16T10:28:00.186+0000][gc,phases   ] GC(1226)   Pre Evacuate Collection Set: 9.4ms
[2026-01-16T10:28:00.187+0000][gc,phases   ] GC(1226)   Merge Heap Roots: 1.7ms
[2026-01-16T10:28:00.187+0000][gc,phases   ] GC(1226)   Evacuate Collection Set: 84.0ms
[2026-01-16T10:28:00.187+0000][gc,phases   ] GC(1226)   Post Evacuate Collection Set: 9.7ms
[2026-01-16T10:28:00.188+0000][gc,phases   ] GC(1226)   Other: 2.7ms
[2026-01-16T10:28:00.188+0000][gc,heap     ] GC(1226) Eden regions: 470->0(523)
[2026-01-16T10:28:00.188+0000][gc,heap     ] GC(1226) Survivor regions: 4->5(60)
[2026-01-16T10:28:00.189+0000][gc,heap     ] GC(1226) Old regions: 104->104
[2026-01-16T10:28:00.189+0000][gc,heap     ] GC(1226) Humongous regions: 47->47
[2026-01-16T10:28:00.189+0000][gc,metaspace] GC(1226) Metaspace: 13150K(13568K)->13150K(13568K) NonClass: 12050K(12224K)->12050K(12224K) Class: 1100K(1344K)->1100K(1344K)
[2026-01-16T10:28:00.190+0000][gc          ] GC(1226) Pause Young (Normal) (G1 Evacuation Pause) 624M->154M(1024M) 111.517ms
[2026-01-16T10:28:00.190+0000][gc,cpu      ] GC(1226) User=0.34s Sys=0.02s Real=0.11s
[2026-01-16T10:28:49.442+0000][gc,start    ] GC(1227) Pause Young (Normal) (G1 Evacuation Pause)
[2026-01-16T10:28:49.444+0000][gc,task     ] GC(1227) Using 8 workers of 8 for evacuation
[2026-01-16T10:28:49.802+0000][gc,mmu      ] GC(1227) MMU target violated: 201.0ms (200.0ms/201.0ms)
[2026-01-16T10:28:49.805+0000][gc,phases   ] GC(1227)   Pre Evacuate Collection Set: 10.5ms
[2026-01-16T10:28:49.808+0000][gc,phases   ] GC(1227)   Merge Heap Roots: 1.9ms
[2026-01-16T10:28:49.809+0000][gc,phases   ] GC(1227)   Evacuate Collection Set: 199.5ms
[2026-01-16T10:28:49.809+0000][gc,phases   ] GC(1227)   Post Evacuate Collection Set: 140.6ms
[2026-01-16T10:28:49.816+0000][gc,phases   ] GC(1227)   Other: 8.4ms
[2026-01-16T10:28:49.816+0000][gc,heap     ] GC(1227) Eden regions: 559->0(46)
[2026-01-16T10:28:49.817+0000][gc,heap     ] GC(1227) Survivor regions: 5->5(71)
[2026-01-16T10:28:49.817+0000][gc,heap     ] GC(1227) Old regions: 104->104
[2026-01-16T10:28:49.817+0000][gc,heap     ] GC(1227) Humongous regions: 47->47
[2026-01-16T10:28:49.817+0000][gc,metaspace] GC(1227) Metaspace: 13150K(13568K)->13150K(13568K) NonClass: 12050K(12224K)->12050K(12224K) Class: 1100K(1344K)->1100K(1344K)
[2026-01-16T10:28:49.817+0000][gc          ] GC(1227) Pause Young (Normal) (G1 Evacuation Pause) 713M->155M(1024M) 375.808ms
[2026-01-16T10:28:49.819+0000][gc,cpu      ] GC(1227) User=0.62s Sys=0.07s Real=0.38s
[2026-01-16T10:28:51.788+0000][gc,start    ] GC(1228) Pause Young (Normal) (G1 Evacuation Pause)
[2026-01-16T10:28:51.794+0000][gc,task     ] GC(1228) Using 8 workers of 8 for evacuation
[2026-01-16T10:28:51.909+0000][gc,phases   ] GC(1228)   Pre Evacuate Collection Set: 10.5ms
[2026-01-16T10:28:51.910+0000][gc,phases   ] GC(1228)   Merge Heap Roots: 2.5ms
[2026-01-16T10:28:51.913+0000][gc,phases   ] GC(1228)   Evacuate Collection Set: 94.8ms
[2026-01-16T10:28:51.915+0000][gc,phases   ] GC(1228)   Post Evacuate Collection Set: 5.3ms
[2026-01-16T10:28:51.918+0000][gc,phases   ] GC(1228)   Other: 3.3ms
[2026-01-16T10:28:51.920+0000][gc,heap     ] GC(1228) Eden regions: 46->0(56)
[2026-01-16T10:28:51.920+0000][gc,heap     ] GC(1228) Survivor regions: 5->5(7)
[2026-01-16T10:28:51.920+0000][gc,heap     ] GC(1228) Old regions: 104->105
[2026-01-16T10:28:51.920+0000][gc,heap     ] GC(1228) Humongous regions: 47->47
[2026-01-16T10:28:51.921+0000][gc,metaspace] GC(1228) Metaspace: 13150K(13568K)->13150K(13568K) NonClass: 12050K(12224K)->12050K(12224K) Class: 1100K(1344K)->1100K(1344K)
[2026-01-16T10:28:51.921+0000][gc          ] GC(1228) Pause Young (Normal) (G1 Evacuation Pause) 201M->156M(1024M) 133.725ms
[2026-01-16T10:28:51.921+0000][gc,cpu      ] GC(1228) User=0.27s Sys=0.02s Real=0.13s
[2026-01-16T10:28:52.405+0000][gc,start    ] GC(1229) Pause Young (Normal) (G1 Evacuation Pause)
[2026-01-16T10:28:52.405+0000][gc,task     ] GC(1229) Using 8 workers of 8 for evacuation
[2026-01-16T10:28:52.498+0000][gc,phases   ] GC(1229)   Pre Evacuate Collection Set: 0.7ms
[2026-01-16T10:28:52.499+0000][gc,phases   ] GC(1229)   Merge Heap Roots: 0.2ms
[2026-01-16T10:28:52.499+0000][gc,phases   ] GC(1229)   Evacuate Collection Set: 89.0ms
[2026-01-16T10:28:52.500+0000][gc,phases   ] GC(1229)   Post Evacuate Collection Set: 2.5ms
[2026-01-16T10:28:52.502+0000][gc,phases   ] GC(1229)   Other: 0.2ms
[2026-01-16T10:28:52.503+0000][gc,heap     ] GC(1229) Eden regions: 46->0(86)
[2026-01-16T10:28:52.508+0000][gc,heap     ] GC(1229) Survivor regions: 5->5(7)
[2026-01-16T10:28:52.508+0000][gc,heap     ] GC(1229) Old regions: 105->106
[2026-01-16T10:28:52.509+0000][gc,heap     ] GC(1229) Humongous regions: 47->47
[2026-01-16T10:28:52.510+0000][gc,metaspace] GC(1229) Metaspace: 13150K(13568K)->13150K(13568K) NonClass: 12050K(12224K)->12050K(12224K) Class: 1100K(1344K)->1100K(1344K)
[2026-01-16T10:28:52.510+0000][gc          ] GC(1229) Pause Young (Normal) (G1 Evacuation Pause) 202M->157M(1024M) 105.144ms
[2026-01-16T10:28:52.511+0000][gc,cpu      ] GC(1229) User=0.14s Sys=0.02s Real=0.10s
[2026-01-16T10:29:01.068+0000][gc,start    ] GC(1230) Pause Young (Normal) (G1 Evacuation Pause)
[2026-01-16T10:29:01.076+0000][gc,task     ] GC(1230) Using 8 workers of 8 for evacuation
[2026-01-16T10:29:01.263+0000][gc,phases   ] GC(1230)   Pre Evacuate Collection Set: 40.7ms
[2026-01-16T10:29:01.266+0000][gc,phases   ] GC(1230)   Merge Heap Roots: 10.7ms
[2026-01-16T10:29:01.267+0000][gc,phases   ] GC(1230)   Evacuate Collection Set: 120.4ms
[2026-01-16T10:29:01.268+0000][gc,phases   ] GC(1230)   Post Evacuate Collection Set: 13.5ms
[2026-01-16T10:29:01.269+0000][gc,phases   ] GC(1230)   Other: 3.9ms
[2026-01-16T10:29:01.275+0000][gc,heap     ] GC(1230) Eden regions: 89->0(127)
[2026-01-16T10:29:01.292+0000][gc,heap     ] GC(1230) Survivor regions: 5->4(12)
[2026-01-16T10:29:01.292+0000][gc,heap     ] GC(1230) Old regions: 106->106
[2026-01-16T10:29:01.311+0000][gc,heap     ] GC(1230) Humongous regions: 47->47
[2026-01-16T10:29:01.314+0000][gc,metaspace] GC(1230) Metaspace: 13150K(13568K)->13150K(13568K) NonClass: 12050K(12224K)->12050K(12224K) Class: 1100K(1344K)->1100K(1344K)
[2026-01-16T10:29:01.321+0000][gc          ] GC(1230) Pause Young (Normal) (G1 Evacuation Pause) 246M->156M(1024M) 249.079ms
[2026-01-16T10:29:01.322+0000][gc,cpu      ] GC(1230) User=0.21s Sys=0.01s Real=0.25s
[2026-01-16T10:29:19.352+0000][gc,start    ] GC(1231) Pause Young (Normal) (G1 Evacuation Pause)
[2026-01-16T10:29:19.354+0000][gc,task     ] GC(1231) Using 8 workers of 8 for evacuation
[2026-01-16T10:29:19.410+0000][gc,phases   ] GC(1231)   Pre Evacuate Collection Set: 12.2ms
[2026-01-16T10:29:19.410+0000][gc,phases   ] GC(1231)   Merge Heap Roots: 0.8ms
[2026-01-16T10:29:19.410+0000][gc,phases   ] GC(1231)   Evacuate Collection Set: 37.3ms
[2026-01-16T10:29:19.410+0000][gc,phases   ] GC(1231)   Post Evacuate Collection Set: 2.8ms
[2026-01-16T10:29:19.411+0000][gc,phases   ] GC(1231)   Other: 2.7ms
[2026-01-16T10:29:19.412+0000][gc,heap     ] GC(1231) Eden regions: 192->0(280)
[2026-01-16T10:29:19.412+0000][gc,heap     ] GC(1231) Survivor regions: 4->4(25)
[2026-01-16T10:29:19.412+0000][gc,heap     ] GC(1231) Old regions: 106->106
[2026-01-16T10:29:19.412+0000][gc,heap     ] GC(1231) Humongous regions: 47->47
[2026-01-16T10:29:19.412+0000][gc,metaspace] GC(1231) Metaspace: 13150K(13568K)->13150K(13568K) NonClass: 12050K(12224K)->12050K(12224K) Class: 1100K(1344K)->1100K(1344K)
[2026-01-16T10:29:19.413+0000][gc          ] GC(1231) Pause Young (Normal) (G1 Evacuation Pause) 348M->156M(1024M) 60.823ms
[2026-01-16T10:29:19.413+0000][gc,cpu      ] GC(1231) User=0.20s Sys=0.03s Real=0.06s
[2026-01-16T10:29:50.773+0000][gc,start    ] GC(1232) Pause Young (Normal) (G1 Evacuation Pause)
[2026-01-16T10:29:50.804+0000][gc,task     ] GC(1232) Using 8 workers of 8 for evacuation
[2026-01-16T10:29:51.502+0000][gc,mmu      ] GC(1232) MMU target violated: 201.0ms (200.0ms/201.0ms)
[2026-01-16T10:29:51.510+0000][gc,phases   ] GC(1232)   Pre Evacuate Collection Set: 69.4ms
[2026-01-16T10:29:51.518+0000][gc,phases   ] GC(1232)   Merge Heap Roots: 12.7ms
[2026-01-16T10:29:51.521+0000][gc,phases   ] GC(1232)   Evacuate Collection Set: 561.9ms
[2026-01-16T10:29:51.522+0000][gc,phases   ] GC(1232)   Post Evacuate Collection Set: 51.2ms
[2026-01-16T10:29:51.524+0000][gc,phases   ] GC(1232)   Other: 11.0ms
[2026-01-16T10:29:51.525+0000][gc,heap     ] GC(1232) Eden regions: 333->0(47)
[2026-01-16T10:29:51.525+0000][gc,heap     ] GC(1232) Survivor regions: 4->4(43)
[2026-01-16T10:29:51.526+0000][gc,heap     ] GC(1232) Old regions: 106->106
[2026-01-16T10:29:51.526+0000][gc,heap     ] GC(1232) Humongous regions: 47->47
[2026-01-16T10:29:51.529+0000][gc,metaspace] GC(1232) Metaspace: 13150K(13568K)->13150K(13568K) NonClass: 12050K(12224K)->12050K(12224K) Class: 1100K(1344K)->1100K(1344K)
[2026-01-16T10:29:51.533+0000][gc          ] GC(1232) Pause Young (Normal) (G1 Evacuation Pause) 489M->156M(1024M) 767.988ms
[2026-01-16T10:29:51.538+0000][gc,cpu      ] GC(1232) User=0.50s Sys=0.04s Real=0.77s
[2026-01-16T10:29:58.993+0000][gc,start    ] GC(1233) Pause Young (Normal) (G1 Evacuation Pause)
[2026-01-16T10:29:58.995+0000][gc,task     ] GC(1233) Using 8 workers of 8 for evacuation
[2026-01-16T10:29:59.633+0000][gc,mmu      ] GC(1233) MMU target violated: 201.0ms (200.0ms/201.0ms)
[2026-01-16T10:29:59.636+0000][gc,phases   ] GC(1233)   Pre Evacuate Collection Set: 44.4ms
[2026-01-16T10:29:59.636+0000][gc,phases   ] GC(1233)   Merge Heap Roots: 6.6ms
[2026-01-16T10:29:59.637+0000][gc,phases   ] GC(1233)   Evacuate Collection Set: 551.5ms
[2026-01-16T10:29:59.637+0000][gc,phases   ] GC(1233)   Post Evacuate Collection Set: 33.2ms
[2026-01-16T10:29:59.642+0000][gc,phases   ] GC(1233)   Other: 5.5ms
[2026-01-16T10:29:59.643+0000][gc,heap     ] GC(1233) Eden regions: 47->0(46)
[2026-01-16T10:29:59.645+0000][gc,heap     ] GC(1233) Survivor regions: 4->5(7)
[2026-01-16T10:29:59.646+0000][gc,heap     ] GC(1233) Old regions: 106->107
[2026-01-16T10:29:59.647+0000][gc,heap     ] GC(1233) Humongous regions: 47->47
[2026-01-16T10:29:59.648+0000][gc,metaspace] GC(1233) Metaspace: 13150K(13568K)->13150K(13568K) NonClass: 12050K(12224K)->12050K(12224K) Class: 1100K(1344K)->1100K(1344K)
[2026-01-16T10:29:59.650+0000][gc          ] GC(1233) Pause Young (Normal) (G1 Evacuation Pause) 203M->157M(1024M) 656.279ms
[2026-01-16T10:29:59.655+0000][gc,cpu      ] GC(1233) User=0.46s Sys=0.03s Real=0.65s
[2026-01-16T10:30:01.558+0000][gc,start    ] GC(1234) Pause Young (Normal) (G1 Evacuation Pause)
[2026-01-16T10:30:01.564+0000][gc,task     ] GC(1234) Using 8 workers of 8 for evacuation
[2026-01-16T10:30:01.969+0000][gc,mmu      ] GC(1234) MMU target violated: 201.0ms (200.0ms/201.0ms)
[2026-01-16T10:30:01.970+0000][gc,phases   ] GC(1234)   Pre Evacuate Collection Set: 9.9ms
[2026-01-16T10:30:01.972+0000][gc,phases   ] GC(1234)   Merge Heap Roots: 3.2ms
[2026-01-16T10:30:01.972+0000][gc,phases   ] GC(1234)   Evacuate Collection Set: 371.1ms
[2026-01-16T10:30:01.977+0000][gc,phases   ] GC(1234)   Post Evacuate Collection Set: 13.1ms
[2026-01-16T10:30:01.980+0000][gc,phases   ] GC(1234)   Other: 9.0ms
[2026-01-16T10:30:01.980+0000][gc,heap     ] GC(1234) Eden regions: 46->0(47)
[2026-01-16T10:30:01.980+0000][gc,heap     ] GC(1234) Survivor regions: 5->4(7)
[2026-01-16T10:30:01.981+0000][gc,heap     ] GC(1234) Old regions: 107->108
[2026-01-16T10:30:01.981+0000][gc,heap     ] GC(1234) Humongous regions: 47->47
[2026-01-16T10:30:01.981+0000][gc,metaspace] GC(1234) Metaspace: 13151K(13568K)->13151K(13568K) NonClass: 12050K(12224K)->12050K(12224K) Class: 1100K(1344K)->1100K(1344K)
[2026-01-16T10:30:01.983+0000][gc          ] GC(1234) Pause Young (Normal) (G1 Evacuation Pause) 203M->158M(1024M) 424.731ms
[2026-01-16T10:30:01.983+0000][gc,cpu      ] GC(1234) User=0.24s Sys=0.01s Real=0.43s
[2026-01-16T10:30:02.729+0000][gc,start    ] GC(1235) Pause Young (Normal) (G1 Evacuation Pause)
[2026-01-16T10:30:02.730+0000][gc,task     ] GC(1235) Using 8 workers of 8 for evacuation
[2026-01-16T10:30:02.858+0000][gc,phases   ] GC(1235)   Pre Evacuate Collection Set: 3.3ms
[2026-01-16T10:30:02.858+0000][gc,phases   ] GC(1235)   Merge Heap Roots: 0.4ms
[2026-01-16T10:30:02.860+0000][gc,phases   ] GC(1235)   Evacuate Collection Set: 119.8ms
[2026-01-16T10:30:02.862+0000][gc,phases   ] GC(1235)   Post Evacuate Collection Set: 2.6ms
[2026-01-16T10:30:02.863+0000][gc,phases   ] GC(1235)   Other: 1.2ms
[2026-01-16T10:30:02.863+0000][gc,heap     ] GC(1235) Eden regions: 47->0(46)
[2026-01-16T10:30:02.866+0000][gc,heap     ] GC(1235) Survivor regions: 4->5(7)
[2026-01-16T10:30:02.866+0000][gc,heap     ] GC(1235) Old regions: 108->108
[2026-01-16T10:30:02.866+0000][gc,heap     ] GC(1235) Humongous regions: 47->47
[2026-01-16T10:30:02.866+0000][gc,metaspace] GC(1235) Metaspace: 13151K(13568K)->13151K(13568K) NonClass: 12050K(12224K)->12050K(12224K) Class: 1100K(1344K)->1100K(1344K)
[2026-01-16T10:30:02.867+0000][gc          ] GC(1235) Pause Young (Normal) (G1 Evacuation Pause) 205M->158M(1024M) 137.662ms
[2026-01-16T10:30:02.867+0000][gc,cpu      ] GC(1235) User=0.08s Sys=0.01s Real=0.14s
[2026-01-16T10:30:04.104+0000][gc,start    ] GC(1236) Pause Young (Normal) (G1 Evacuation Pause)
[2026-01-16T10:30:04.108+0000][gc,task     ] GC(1236) Using 8 workers of 8 for evacuation
[2026-01-16T10:30:04.546+0000][gc,mmu      ] GC(1236) MMU target violated: 201.0ms (200.0ms/201.0ms)
[2026-01-16T10:30:04.547+0000][gc,phases   ] GC(1236)   Pre Evacuate Collection Set: 31.3ms
[2026-01-16T10:30:04.548+0000][gc,phases   ] GC(1236)   Merge Heap Roots: 11.7ms
[2026-01-16T10:30:04.549+0000][gc,phases   ] GC(1236)   Evacuate Collection Set: 375.1ms
[2026-01-16T10:30:04.551+0000][gc,phases   ] GC(1236)   Post Evacuate Collection Set: 18.2ms
[2026-01-16T10:30:04.553+0000][gc,phases   ] GC(1236)   Other: 4.0ms
[2026-01-16T10:30:04.553+0000][gc,heap     ] GC(1236) Eden regions: 46->0(48)
[2026-01-16T10:30:04.553+0000][gc,heap     ] GC(1236) Survivor regions: 5->3(7)
[2026-01-16T10:30:04.554+0000][gc,heap     ] GC(1236) Old regions: 108->109
[2026-01-16T10:30:04.554+0000][gc,heap     ] GC(1236) Humongous regions: 47->47
[2026-01-16T10:30:04.554+0000][gc,metaspace] GC(1236) Metaspace: 13151K(13568K)->13151K(13568K) NonClass: 12050K(12224K)->12050K(12224K) Class: 1100K(1344K)->1100K(1344K)
[2026-01-16T10:30:04.556+0000][gc          ] GC(1236) Pause Young (Normal) (G1 Evacuation Pause) 204M->158M(1024M) 452.052ms
[2026-01-16T10:30:04.556+0000][gc,cpu      ] GC(1236) User=0.23s Sys=0.01s Real=0.45s
[2026-01-16T10:30:09.663+0000][gc,start    ] GC(1237) Pause Young (Normal) (G1 Evacuation Pause)
[2026-01-16T10:30:09.664+0000][gc,task     ] GC(1237) Using 8 workers of 8 for evacuation
[2026-01-16T10:30:09.919+0000][gc,mmu      ] GC(1237) MMU target violated: 201.0ms (200.0ms/201.0ms)
[2026-01-16T10:30:09.920+0000][gc,phases   ] GC(1237)   Pre Evacuate Collection Set: 53.5ms
[2026-01-16T10:30:09.921+0000][gc,phases   ] GC(1237)   Merge Heap Roots: 13.9ms
[2026-01-16T10:30:09.922+0000][gc,phases   ] GC(1237)   Evacuate Collection Set: 170.6ms
[2026-01-16T10:30:09.923+0000][gc,phases   ] GC(1237)   Post Evacuate Collection Set: 5.6ms
[2026-01-16T10:30:09.924+0000][gc,phases   ] GC(1237)   Other: 11.8ms
[2026-01-16T10:30:09.925+0000][gc,heap     ] GC(1237) Eden regions: 48->0(49)
[2026-01-16T10:30:09.926+0000][gc,heap     ] GC(1237) Survivor regions: 3->2(7)
[2026-01-16T10:30:09.926+0000][gc,heap     ] GC(1237) Old regions: 109->109
[2026-01-16T10:30:09.926+0000][gc,heap     ] GC(1237) Humongous regions: 47->47
[2026-01-16T10:30:09.927+0000][gc,metaspace] GC(1237) Metaspace: 13151K(13568K)->13151K(13568K) NonClass: 12050K(12224K)->12050K(12224K) Class: 1100K(1344K)->1100K(1344K)
[2026-01-16T10:30:09.930+0000][gc          ] GC(1237) Pause Young (Normal) (G1 Evacuation Pause) 206M->157M(1024M) 267.019ms
[2026-01-16T10:30:09.932+0000][gc,cpu      ] GC(1237) User=0.16s Sys=0.03s Real=0.27s
[2026-01-16T10:30:10.841+0000][gc,start    ] GC(1238) Pause Young (Normal) (G1 Evacuation Pause)
[2026-01-16T10:30:10.844+0000][gc,task     ] GC(1238) Using 8 workers of 8 for evacuation
[2026-01-16T10:30:10.877+0000][gc,phases   ] GC(1238)   Pre Evacuate Collection Set: 3.5ms
[2026-01-16T10:30:10.878+0000][gc,phases   ] GC(1238)   Merge Heap Roots: 0.3ms
[2026-01-16T10:30:10.878+0000][gc,phases   ] GC(1238)   Evacuate Collection Set: 25.4ms
[2026-01-16T10:30:10.878+0000][gc,phases   ] GC(1238)   Post Evacuate Collection Set: 2.6ms
[2026-01-16T10:30:10.878+0000][gc,phases   ] GC(1238)   Other: 1.3ms
[2026-01-16T10:30:10.878+0000][gc,heap     ] GC(1238) Eden regions: 49->0(48)
[2026-01-16T10:30:10.878+0000][gc,heap     ] GC(1238) Survivor regions: 2->3(7)
[2026-01-16T10:30:10.878+0000][gc,heap     ] GC(1238) Old regions: 109->109
[2026-01-16T10:30:10.878+0000][gc,heap     ] GC(1238) Humongous regions: 47->47
[2026-01-16T10:30:10.879+0000][gc,metaspace] GC(1238) Metaspace: 13151K(13568K)->13151K(13568K) NonClass: 12050K(12224K)->12050K(12224K) Class: 1100K(1344K)->1100K(1344K)
[2026-01-16T10:30:10.879+0000][gc          ] GC(1238) Pause Young (Normal) (G1 Evacuation Pause) 206M->157M(1024M) 37.436ms
[2026-01-16T10:30:10.879+0000][gc,cpu      ] GC(1238) User=0.06s Sys=0.00s Real=0.04s
[2026-01-16T10:30:11.440+0000][gc,start    ] GC(1239) Pause Young (Normal) (G1 Evacuation Pause)
[2026-01-16T10:30:11.444+0000][gc,task     ] GC(1239) Using 8 workers of 8 for evacuation
[2026-01-16T10:30:11.537+0000][gc,phases   ] GC(1239)   Pre Evacuate Collection Set: 2.6ms
[2026-01-16T10:30:11.540+0000][gc,phases   ] GC(1239)   Merge Heap Roots: 2.2ms
[2026-01-16T10:30:11.541+0000][gc,phases   ] GC(1239)   Evacuate Collection Set: 61.1ms
[2026-01-16T10:30:11.543+0000][gc,phases   ] GC(1239)   Post Evacuate Collection Set: 24.7ms
[2026-01-16T10:30:11.545+0000][gc,phases   ] GC(1239)   Other: 2.7ms
[2026-01-16T10:30:11.560+0000][gc,heap     ] GC(1239) Eden regions: 48->0(48)
[2026-01-16T10:30:11.574+0000][gc,heap     ] GC(1239) Survivor regions: 3->3(7)
[2026-01-16T10:30:11.590+0000][gc,heap     ] GC(1239) Old regions: 109->109
[2026-01-16T10:30:11.592+0000][gc,heap     ] GC(1239) Humongous regions: 47->47
[2026-01-16T10:30:11.592+0000][gc,metaspace] GC(1239) Metaspace: 13151K(13568K)->13151K(13568K) NonClass: 12050K(12224K)->12050K(12224K) Class: 1100K(1344K)->1100K(1344K)
[2026-01-16T10:30:11.592+0000][gc          ] GC(1239) Pause Young (Normal) (G1 Evacuation Pause) 205M->158M(1024M) 152.361ms
[2026-01-16T10:30:11.592+0000][gc,cpu      ] GC(1239) User=0.08s Sys=0.02s Real=0.15s
[2026-01-16T10:30:19.349+0000][gc,start    ] GC(1240) Pause Young (Normal) (G1 Evacuation Pause)
[2026-01-16T10:30:19.350+0000][gc,task     ] GC(1240) Using 8 workers of 8 for evacuation
[2026-01-16T10:30:19.369+0000][gc,phases   ] GC(1240)   Pre Evacuate Collection Set: 1.5ms
[2026-01-16T10:30:19.369+0000][gc,phases   ] GC(1240)   Merge Heap Roots: 0.6ms
[2026-01-16T10:30:19.369+0000][gc,phases   ] GC(1240)   Evacuate Collection Set: 15.2ms
[2026-01-16T10:30:19.369+0000][gc,phases   ] GC(1240)   Post Evacuate Collection Set: 1.3ms
[2026-01-16T10:30:19.369+0000][gc,phases   ] GC(1240)   Other: 0.4ms
[2026-01-16T10:30:19.369+0000][gc,heap     ] GC(1240) Eden regions: 54->0(140)
[2026-01-16T10:30:19.369+0000][gc,heap     ] GC(1240) Survivor regions: 3->3(8)
[2026-01-16T10:30:19.369+0000][gc,heap     ] GC(1240) Old regions: 109->109
[2026-01-16T10:30:19.369+0000][gc,heap     ] GC(1240) Humongous regions: 47->47
[2026-01-16T10:30:19.369+0000][gc,metaspace] GC(1240) Metaspace: 13151K(13568K)->13151K(13568K) NonClass: 12050K(12224K)->12050K(12224K) Class: 1100K(1344K)->1100K(1344K)
[2026-01-16T10:30:19.370+0000][gc          ] GC(1240) Pause Young (Normal) (G1 Evacuation Pause) 212M->157M(1024M) 20.996ms
[2026-01-16T10:30:19.370+0000][gc,cpu      ] GC(1240) User=0.09s Sys=0.01s Real=0.02s
[2026-01-16T10:30:30.590+0000][gc,start    ] GC(1241) Pause Young (Normal) (G1 Evacuation Pause)
[2026-01-16T10:30:30.592+0000][gc,task     ] GC(1241) Using 8 workers of 8 for evacuation
[2026-01-16T10:30:30.628+0000][gc,phases   ] GC(1241)   Pre Evacuate Collection Set: 11.0ms
[2026-01-16T10:30:30.628+0000][gc,phases   ] GC(1241)   Merge Heap Roots: 0.6ms
[2026-01-16T10:30:30.629+0000][gc,phases   ] GC(1241)   Evacuate Collection Set: 18.2ms
[2026-01-16T10:30:30.629+0000][gc,phases   ] GC(1241)   Post Evacuate Collection Set: 1.7ms
[2026-01-16T10:30:30.629+0000][gc,phases   ] GC(1241)   Other: 4.8ms
[2026-01-16T10:30:30.629+0000][gc,heap     ] GC(1241) Eden regions: 172->0(227)
[2026-01-16T10:30:30.629+0000][gc,heap     ] GC(1241) Survivor regions: 3->4(22)
[2026-01-16T10:30:30.629+0000][gc,heap     ] GC(1241) Old regions: 109->109
[2026-01-16T10:30:30.629+0000][gc,heap     ] GC(1241) Humongous regions: 47->47
[2026-01-16T10:30:30.629+0000][gc,metaspace] GC(1241) Metaspace: 13151K(13568K)->13151K(13568K) NonClass: 12050K(12224K)->12050K(12224K) Class: 1100K(1344K)->1100K(1344K)
[2026-01-16T10:30:30.629+0000][gc          ] GC(1241) Pause Young (Normal) (G1 Evacuation Pause) 329M->158M(1024M) 39.738ms
[2026-01-16T10:30:30.629+0000][gc,cpu      ] GC(1241) User=0.11s Sys=0.01s Real=0.04s
[2026-01-16T10:30:59.061+0000][gc,start    ] GC(1242) Pause Young (Normal) (G1 Evacuation Pause)
[2026-01-16T10:30:59.061+0000][gc,task     ] GC(1242) Using 8 workers of 8 for evacuation
[2026-01-16T10:30:59.197+0000][gc,phases   ] GC(1242)   Pre Evacuate Collection Set: 18.1ms
[2026-01-16T10:30:59.198+0000][gc,phases   ] GC(1242)   Merge Heap Roots: 4.1ms
[2026-01-16T10:30:59.200+0000][gc,phases   ] GC(1242)   Evacuate Collection Set: 92.9ms
[2026-01-16T10:30:59.206+0000][gc,phases   ] GC(1242)   Post Evacuate Collection Set: 19.4ms
[2026-01-16T10:30:59.208+0000][gc,phases   ] GC(1242)   Other: 0.5ms
[2026-01-16T10:30:59.209+0000][gc,heap     ] GC(1242) Eden regions: 249->0(363)
[2026-01-16T10:30:59.211+0000][gc,heap     ] GC(1242) Survivor regions: 4->3(32)
[2026-01-16T10:30:59.214+0000][gc,heap     ] GC(1242) Old regions: 109->109
[2026-01-16T10:30:59.215+0000][gc,heap     ] GC(1242) Humongous regions: 47->47
[2026-01-16T10:30:59.215+0000][gc,metaspace] GC(1242) Metaspace: 13151K(13568K)->13151K(13568K) NonClass: 12050K(12224K)->12050K(12224K) Class: 1100K(1344K)->1100K(1344K)
[2026-01-16T10:30:59.216+0000][gc          ] GC(1242) Pause Young (Normal) (G1 Evacuation Pause) 407M->157M(1024M) 155.791ms
[2026-01-16T10:30:59.218+0000][gc,cpu      ] GC(1242) User=0.40s Sys=0.05s Real=0.15s
[2026-01-16T10:31:29.953+0000][gc,start    ] GC(1243) Pause Young (Normal) (G1 Evacuation Pause)
[2026-01-16T10:31:29.960+0000][gc,task     ] GC(1243) Using 8 workers of 8 for evacuation
[2026-01-16T10:31:30.055+0000][gc,phases   ] GC(1243)   Pre Evacuate Collection Set: 3.4ms
[2026-01-16T10:31:30.055+0000][gc,phases   ] GC(1243)   Merge Heap Roots: 2.4ms
[2026-01-16T10:31:30.055+0000][gc,phases   ] GC(1243)   Evacuate Collection Set: 62.8ms
[2026-01-16T10:31:30.056+0000][gc,phases   ] GC(1243)   Post Evacuate Collection Set: 25.5ms
[2026-01-16T10:31:30.056+0000][gc,phases   ] GC(1243)   Other: 1.2ms
[2026-01-16T10:31:30.056+0000][gc,heap     ] GC(1243) Eden regions: 383->0(404)
[2026-01-16T10:31:30.056+0000][gc,heap     ] GC(1243) Survivor regions: 3->4(49)
[2026-01-16T10:31:30.056+0000][gc,heap     ] GC(1243) Old regions: 109->109
[2026-01-16T10:31:30.056+0000][gc,heap     ] GC(1243) Humongous regions: 47->47
[2026-01-16T10:31:30.056+0000][gc,metaspace] GC(1243) Metaspace: 13151K(13568K)->13151K(13568K) NonClass: 12050K(12224K)->12050K(12224K) Class: 1100K(1344K)->1100K(1344K)
[2026-01-16T10:31:30.057+0000][gc          ] GC(1243) Pause Young (Normal) (G1 Evacuation Pause) 540M->159M(1024M) 103.269ms
[2026-01-16T10:31:30.057+0000][gc,cpu      ] GC(1243) User=0.37s Sys=0.02s Real=0.10s
[2026-01-16T10:32:02.681+0000][gc,start    ] GC(1244) Pause Young (Normal) (G1 Evacuation Pause)
[2026-01-16T10:32:02.686+0000][gc,task     ] GC(1244) Using 8 workers of 8 for evacuation
[2026-01-16T10:32:02.892+0000][gc,mmu      ] GC(1244) MMU target violated: 201.0ms (200.0ms/201.0ms)
[2026-01-16T10:32:02.892+0000][gc,phases   ] GC(1244)   Pre Evacuate Collection Set: 22.8ms
[2026-01-16T10:32:02.893+0000][gc,phases   ] GC(1244)   Merge Heap Roots: 4.1ms
[2026-01-16T10:32:02.894+0000][gc,phases   ] GC(1244)   Evacuate Collection Set: 149.3ms
[2026-01-16T10:32:02.895+0000][gc,phases   ] GC(1244)   Post Evacuate Collection Set: 26.2ms
[2026-01-16T10:32:02.895+0000][gc,phases   ] GC(1244)   Other: 3.5ms
[2026-01-16T10:32:02.895+0000][gc,heap     ] GC(1244) Eden regions: 404->0(219)
[2026-01-16T10:32:02.896+0000][gc,heap     ] GC(1244) Survivor regions: 4->5(51)
[2026-01-16T10:32:02.897+0000][gc,heap     ] GC(1244) Old regions: 109->109
[2026-01-16T10:32:02.897+0000][gc,heap     ] GC(1244) Humongous regions: 47->47
[2026-01-16T10:32:02.901+0000][gc,metaspace] GC(1244) Metaspace: 13151K(13568K)->13151K(13568K) NonClass: 12050K(12224K)->12050K(12224K) Class: 1100K(1344K)->1100K(1344K)
[2026-01-16T10:32:02.902+0000][gc          ] GC(1244) Pause Young (Normal) (G1 Evacuation Pause) 563M->160M(1024M) 220.605ms
[2026-01-16T10:32:02.903+0000][gc,cpu      ] GC(1244) User=0.35s Sys=0.03s Real=0.23s
[2026-01-16T10:32:21.336+0000][gc,start    ] GC(1245) Pause Young (Normal) (G1 Evacuation Pause)
[2026-01-16T10:32:21.343+0000][gc,task     ] GC(1245) Using 8 workers of 8 for evacuation
[2026-01-16T10:32:21.440+0000][gc,phases   ] GC(1245)   Pre Evacuate Collection Set: 6.0ms
[2026-01-16T10:32:21.441+0000][gc,phases   ] GC(1245)   Merge Heap Roots: 3.3ms
[2026-01-16T10:32:21.441+0000][gc,phases   ] GC(1245)   Evacuate Collection Set: 68.3ms
[2026-01-16T10:32:21.442+0000][gc,phases   ] GC(1245)   Post Evacuate Collection Set: 16.8ms
[2026-01-16T10:32:21.442+0000][gc,phases   ] GC(1245)   Other: 6.9ms
[2026-01-16T10:32:21.442+0000][gc,heap     ] GC(1245) Eden regions: 221->0(410)
[2026-01-16T10:32:21.442+0000][gc,heap     ] GC(1245) Survivor regions: 5->5(29)
[2026-01-16T10:32:21.443+0000][gc,heap     ] GC(1245) Old regions: 109->109
[2026-01-16T10:32:21.443+0000][gc,heap     ] GC(1245) Humongous regions: 47->47
[2026-01-16T10:32:21.443+0000][gc,metaspace] GC(1245) Metaspace: 13151K(13568K)->13151K(13568K) NonClass: 12050K(12224K)->12050K(12224K) Class: 1100K(1344K)->1100K(1344K)
[2026-01-16T10:32:21.443+0000][gc          ] GC(1245) Pause Young (Normal) (G1 Evacuation Pause) 381M->160M(1024M) 107.134ms
[2026-01-16T10:32:21.444+0000][gc,cpu      ] GC(1245) User=0.19s Sys=0.06s Real=0.10s
[2026-01-16T10:32:50.085+0000][gc,start    ] GC(1246) Pause Young (Normal) (G1 Evacuation Pause)
[2026-01-16T10:32:50.086+0000][gc,task     ] GC(1246) Using 8 workers of 8 for evacuation
[2026-01-16T10:32:50.145+0000][gc,phases   ] GC(1246)   Pre Evacuate Collection Set: 7.0ms
[2026-01-16T10:32:50.145+0000][gc,phases   ] GC(1246)   Merge Heap Roots: 3.9ms
[2026-01-16T10:32:50.145+0000][gc,phases   ] GC(1246)   Evacuate Collection Set: 38.6ms
[2026-01-16T10:32:50.145+0000][gc,phases   ] GC(1246)   Post Evacuate Collection Set: 8.3ms
[2026-01-16T10:32:50.145+0000][gc,phases   ] GC(1246)   Other: 0.8ms
[2026-01-16T10:32:50.145+0000][gc,heap     ] GC(1246) Eden regions: 344->0(609)
[2026-01-16T10:32:50.145+0000][gc,heap     ] GC(1246) Survivor regions: 5->5(44)
[2026-01-16T10:32:50.145+0000][gc,heap     ] GC(1246) Old regions: 109->109
[2026-01-16T10:32:50.145+0000][gc,heap     ] GC(1246) Humongous regions: 47->47
[2026-01-16T10:32:50.146+0000][gc,metaspace] GC(1246) Metaspace: 13151K(13568K)->13151K(13568K) NonClass: 12050K(12224K)->12050K(12224K) Class: 1100K(1344K)->1100K(1344K)
[2026-01-16T10:32:50.146+0000][gc          ] GC(1246) Pause Young (Normal) (G1 Evacuation Pause) 504M->160M(1024M) 60.796ms
[2026-01-16T10:32:50.146+0000][gc,cpu      ] GC(1246) User=0.23s Sys=0.02s Real=0.06s
[2026-01-16T10:33:46.218+0000][gc,start    ] GC(1247) Pause Young (Normal) (G1 Evacuation Pause)
[2026-01-16T10:33:46.220+0000][gc,task     ] GC(1247) Using 8 workers of 8 for evacuation
[2026-01-16T10:33:46.650+0000][gc,mmu      ] GC(1247) MMU target violated: 201.0ms (200.0ms/201.0ms)
[2026-01-16T10:33:46.652+0000][gc,phases   ] GC(1247)   Pre Evacuate Collection Set: 53.5ms
[2026-01-16T10:33:46.653+0000][gc,phases   ] GC(1247)   Merge Heap Roots: 4.6ms
[2026-01-16T10:33:46.656+0000][gc,phases   ] GC(1247)   Evacuate Collection Set: 315.9ms
[2026-01-16T10:33:46.657+0000][gc,phases   ] GC(1247)   Post Evacuate Collection Set: 55.1ms
[2026-01-16T10:33:46.661+0000][gc,phases   ] GC(1247)   Other: 3.6ms
[2026-01-16T10:33:46.671+0000][gc,heap     ] GC(1247) Eden regions: 592->0(45)
[2026-01-16T10:33:46.674+0000][gc,heap     ] GC(1247) Survivor regions: 5->6(75)
[2026-01-16T10:33:46.676+0000][gc,heap     ] GC(1247) Old regions: 109->110
[2026-01-16T10:33:46.677+0000][gc,heap     ] GC(1247) Humongous regions: 47->47
[2026-01-16T10:33:46.679+0000][gc,metaspace] GC(1247) Metaspace: 13151K(13568K)->13151K(13568K) NonClass: 12050K(12224K)->12050K(12224K) Class: 1100K(1344K)->1100K(1344K)
[2026-01-16T10:33:46.689+0000][gc          ] GC(1247) Pause Young (Normal) (G1 Evacuation Pause) 752M->162M(1024M) 470.799ms
[2026-01-16T10:33:46.697+0000][gc,cpu      ] GC(1247) User=0.56s Sys=0.05s Real=0.48s
[2026-01-16T10:33:49.707+0000][gc,start    ] GC(1248) Pause Young (Normal) (G1 Evacuation Pause)
[2026-01-16T10:33:49.708+0000][gc,task     ] GC(1248) Using 8 workers of 8 for evacuation
[2026-01-16T10:33:49.899+0000][gc,phases   ] GC(1248)   Pre Evacuate Collection Set: 20.5ms
[2026-01-16T10:33:49.899+0000][gc,phases   ] GC(1248)   Merge Heap Roots: 2.9ms
[2026-01-16T10:33:49.899+0000][gc,phases   ] GC(1248)   Evacuate Collection Set: 147.2ms
[2026-01-16T10:33:49.901+0000][gc,phases   ] GC(1248)   Post Evacuate Collection Set: 17.4ms
[2026-01-16T10:33:49.901+0000][gc,phases   ] GC(1248)   Other: 3.4ms
[2026-01-16T10:33:49.902+0000][gc,heap     ] GC(1248) Eden regions: 45->0(81)
[2026-01-16T10:33:49.904+0000][gc,heap     ] GC(1248) Survivor regions: 6->3(7)
[2026-01-16T10:33:49.905+0000][gc,heap     ] GC(1248) Old regions: 110->112
[2026-01-16T10:33:49.906+0000][gc,heap     ] GC(1248) Humongous regions: 47->47
[2026-01-16T10:33:49.910+0000][gc,metaspace] GC(1248) Metaspace: 13151K(13568K)->13151K(13568K) NonClass: 12050K(12224K)->12050K(12224K) Class: 1100K(1344K)->1100K(1344K)
[2026-01-16T10:33:49.913+0000][gc          ] GC(1248) Pause Young (Normal) (G1 Evacuation Pause) 207M->161M(1024M) 205.924ms
[2026-01-16T10:33:49.917+0000][gc,cpu      ] GC(1248) User=0.22s Sys=0.04s Real=0.21s
[2026-01-16T10:33:51.894+0000][gc,start    ] GC(1249) Pause Young (Normal) (G1 Evacuation Pause)
[2026-01-16T10:33:51.896+0000][gc,task     ] GC(1249) Using 8 workers of 8 for evacuation
[2026-01-16T10:33:51.943+0000][gc,phases   ] GC(1249)   Pre Evacuate Collection Set: 9.6ms
[2026-01-16T10:33:51.946+0000][gc,phases   ] GC(1249)   Merge Heap Roots: 0.4ms
[2026-01-16T10:33:51.946+0000][gc,phases   ] GC(1249)   Evacuate Collection Set: 26.6ms
[2026-01-16T10:33:51.946+0000][gc,phases   ] GC(1249)   Post Evacuate Collection Set: 9.0ms
[2026-01-16T10:33:51.946+0000][gc,phases   ] GC(1249)   Other: 1.4ms
[2026-01-16T10:33:51.946+0000][gc,heap     ] GC(1249) Eden regions: 93->0(117)
[2026-01-16T10:33:51.947+0000][gc,heap     ] GC(1249) Survivor regions: 3->4(12)
[2026-01-16T10:33:51.947+0000][gc,heap     ] GC(1249) Old regions: 112->112
[2026-01-16T10:33:51.947+0000][gc,heap     ] GC(1249) Humongous regions: 47->47
[2026-01-16T10:33:51.947+0000][gc,metaspace] GC(1249) Metaspace: 13151K(13568K)->13151K(13568K) NonClass: 12050K(12224K)->12050K(12224K) Class: 1100K(1344K)->1100K(1344K)
[2026-01-16T10:33:51.947+0000][gc          ] GC(1249) Pause Young (Normal) (G1 Evacuation Pause) 254M->162M(1024M) 53.552ms
[2026-01-16T10:33:51.948+0000][gc,cpu      ] GC(1249) User=0.14s Sys=0.01s Real=0.05s
[2026-01-16T10:34:09.864+0000][gc,start    ] GC(1250) Pause Young (Normal) (G1 Evacuation Pause)
[2026-01-16T10:34:09.868+0000][gc,task     ] GC(1250) Using 8 workers of 8 for evacuation
[2026-01-16T10:34:09.964+0000][gc,phases   ] GC(1250)   Pre Evacuate Collection Set: 7.9ms
[2026-01-16T10:34:09.965+0000][gc,phases   ] GC(1250)   Merge Heap Roots: 1.1ms
[2026-01-16T10:34:09.965+0000][gc,phases   ] GC(1250)   Evacuate Collection Set: 73.8ms
[2026-01-16T10:34:09.965+0000][gc,phases   ] GC(1250)   Post Evacuate Collection Set: 12.5ms
[2026-01-16T10:34:09.965+0000][gc,phases   ] GC(1250)   Other: 3.9ms
[2026-01-16T10:34:09.966+0000][gc,heap     ] GC(1250) Eden regions: 158->0(202)
[2026-01-16T10:34:09.966+0000][gc,heap     ] GC(1250) Survivor regions: 4->4(21)
[2026-01-16T10:34:09.966+0000][gc,heap     ] GC(1250) Old regions: 112->112
[2026-01-16T10:34:09.966+0000][gc,heap     ] GC(1250) Humongous regions: 47->47
[2026-01-16T10:34:09.967+0000][gc,metaspace] GC(1250) Metaspace: 13151K(13568K)->13151K(13568K) NonClass: 12050K(12224K)->12050K(12224K) Class: 1100K(1344K)->1100K(1344K)
[2026-01-16T10:34:09.967+0000][gc          ] GC(1250) Pause Young (Normal) (G1 Evacuation Pause) 320M->161M(1024M) 102.931ms
[2026-01-16T10:34:09.967+0000][gc,cpu      ] GC(1250) User=0.28s Sys=0.02s Real=0.10s
[2026-01-16T10:34:34.147+0000][gc,start    ] GC(1251) Pause Young (Normal) (G1 Evacuation Pause)
[2026-01-16T10:34:34.162+0000][gc,task     ] GC(1251) Using 8 workers of 8 for evacuation
[2026-01-16T10:34:34.530+0000][gc,mmu      ] GC(1251) MMU target violated: 201.0ms (200.0ms/201.0ms)
[2026-01-16T10:34:34.532+0000][gc,phases   ] GC(1251)   Pre Evacuate Collection Set: 36.7ms
[2026-01-16T10:34:34.533+0000][gc,phases   ] GC(1251)   Merge Heap Roots: 53.8ms
[2026-01-16T10:34:34.533+0000][gc,phases   ] GC(1251)   Evacuate Collection Set: 200.0ms
[2026-01-16T10:34:34.534+0000][gc,phases   ] GC(1251)   Post Evacuate Collection Set: 73.6ms
[2026-01-16T10:34:34.536+0000][gc,phases   ] GC(1251)   Other: 15.5ms
[2026-01-16T10:34:34.536+0000][gc,heap     ] GC(1251) Eden regions: 244->0(47)
[2026-01-16T10:34:34.537+0000][gc,heap     ] GC(1251) Survivor regions: 4->4(31)
[2026-01-16T10:34:34.542+0000][gc,heap     ] GC(1251) Old regions: 112->112
[2026-01-16T10:34:34.542+0000][gc,heap     ] GC(1251) Humongous regions: 47->47
[2026-01-16T10:34:34.542+0000][gc,metaspace] GC(1251) Metaspace: 13151K(13568K)->13151K(13568K) NonClass: 12050K(12224K)->12050K(12224K) Class: 1100K(1344K)->1100K(1344K)
[2026-01-16T10:34:34.544+0000][gc          ] GC(1251) Pause Young (Normal) (G1 Evacuation Pause) 405M->162M(1024M) 397.142ms
[2026-01-16T10:34:34.558+0000][gc,cpu      ] GC(1251) User=0.33s Sys=0.03s Real=0.41s
[2026-01-16T10:34:36.342+0000][gc,start    ] GC(1252) Pause Young (Normal) (G1 Evacuation Pause)
[2026-01-16T10:34:36.344+0000][gc,task     ] GC(1252) Using 8 workers of 8 for evacuation
[2026-01-16T10:34:36.560+0000][gc,mmu      ] GC(1252) MMU target violated: 201.0ms (200.0ms/201.0ms)
[2026-01-16T10:34:36.566+0000][gc,phases   ] GC(1252)   Pre Evacuate Collection Set: 9.4ms
[2026-01-16T10:34:36.567+0000][gc,phases   ] GC(1252)   Merge Heap Roots: 3.4ms
[2026-01-16T10:34:36.567+0000][gc,phases   ] GC(1252)   Evacuate Collection Set: 188.8ms
[2026-01-16T10:34:36.567+0000][gc,phases   ] GC(1252)   Post Evacuate Collection Set: 11.6ms
[2026-01-16T10:34:36.568+0000][gc,phases   ] GC(1252)   Other: 8.5ms
[2026-01-16T10:34:36.569+0000][gc,heap     ] GC(1252) Eden regions: 47->0(46)
[2026-01-16T10:34:36.570+0000][gc,heap     ] GC(1252) Survivor regions: 4->5(7)
[2026-01-16T10:34:36.570+0000][gc,heap     ] GC(1252) Old regions: 112->112
[2026-01-16T10:34:36.570+0000][gc,heap     ] GC(1252) Humongous regions: 47->47
[2026-01-16T10:34:36.571+0000][gc,metaspace] GC(1252) Metaspace: 13151K(13568K)->13151K(13568K) NonClass: 12050K(12224K)->12050K(12224K) Class: 1100K(1344K)->1100K(1344K)
[2026-01-16T10:34:36.572+0000][gc          ] GC(1252) Pause Young (Normal) (G1 Evacuation Pause) 209M->162M(1024M) 230.051ms
[2026-01-16T10:34:36.574+0000][gc,cpu      ] GC(1252) User=0.17s Sys=0.00s Real=0.23s
[2026-01-16T10:34:39.403+0000][gc,start    ] GC(1253) Pause Young (Normal) (G1 Evacuation Pause)
[2026-01-16T10:34:39.405+0000][gc,task     ] GC(1253) Using 8 workers of 8 for evacuation
[2026-01-16T10:34:39.564+0000][gc,phases   ] GC(1253)   Pre Evacuate Collection Set: 12.9ms
[2026-01-16T10:34:39.567+0000][gc,phases   ] GC(1253)   Merge Heap Roots: 0.5ms
[2026-01-16T10:34:39.567+0000][gc,phases   ] GC(1253)   Evacuate Collection Set: 140.1ms
[2026-01-16T10:34:39.568+0000][gc,phases   ] GC(1253)   Post Evacuate Collection Set: 3.6ms
[2026-01-16T10:34:39.568+0000][gc,phases   ] GC(1253)   Other: 3.0ms
[2026-01-16T10:34:39.568+0000][gc,heap     ] GC(1253) Eden regions: 46->0(47)
[2026-01-16T10:34:39.569+0000][gc,heap     ] GC(1253) Survivor regions: 5->4(7)
[2026-01-16T10:34:39.569+0000][gc,heap     ] GC(1253) Old regions: 112->113
[2026-01-16T10:34:39.570+0000][gc,heap     ] GC(1253) Humongous regions: 47->47
[2026-01-16T10:34:39.570+0000][gc,metaspace] GC(1253) Metaspace: 13151K(13568K)->13151K(13568K) NonClass: 12050K(12224K)->12050K(12224K) Class: 1100K(1344K)->1100K(1344K)
[2026-01-16T10:34:39.573+0000][gc          ] GC(1253) Pause Young (Normal) (G1 Evacuation Pause) 208M->162M(1024M) 169.911ms
[2026-01-16T10:34:39.577+0000][gc,cpu      ] GC(1253) User=0.12s Sys=0.01s Real=0.18s
[2026-01-16T10:34:40.806+0000][gc,start    ] GC(1254) Pause Young (Normal) (G1 Evacuation Pause)
[2026-01-16T10:34:40.807+0000][gc,task     ] GC(1254) Using 8 workers of 8 for evacuation
[2026-01-16T10:34:40.943+0000][gc,phases   ] GC(1254)   Pre Evacuate Collection Set: 2.3ms
[2026-01-16T10:34:40.943+0000][gc,phases   ] GC(1254)   Merge Heap Roots: 1.1ms
[2026-01-16T10:34:40.944+0000][gc,phases   ] GC(1254)   Evacuate Collection Set: 123.5ms
[2026-01-16T10:34:40.946+0000][gc,phases   ] GC(1254)   Post Evacuate Collection Set: 5.9ms
[2026-01-16T10:34:40.947+0000][gc,phases   ] GC(1254)   Other: 3.2ms
[2026-01-16T10:34:40.947+0000][gc,heap     ] GC(1254) Eden regions: 61->0(64)
[2026-01-16T10:34:40.948+0000][gc,heap     ] GC(1254) Survivor regions: 4->4(9)
[2026-01-16T10:34:40.948+0000][gc,heap     ] GC(1254) Old regions: 113->113
[2026-01-16T10:34:40.950+0000][gc,heap     ] GC(1254) Humongous regions: 47->47
[2026-01-16T10:34:40.950+0000][gc,metaspace] GC(1254) Metaspace: 13151K(13568K)->13151K(13568K) NonClass: 12050K(12224K)->12050K(12224K) Class: 1100K(1344K)->1100K(1344K)
[2026-01-16T10:34:40.951+0000][gc          ] GC(1254) Pause Young (Normal) (G1 Evacuation Pause) 223M->162M(1024M) 144.862ms
[2026-01-16T10:34:40.951+0000][gc,cpu      ] GC(1254) User=0.11s Sys=0.01s Real=0.14s
[2026-01-16T10:34:50.735+0000][gc,start    ] GC(1255) Pause Young (Normal) (G1 Evacuation Pause)
[2026-01-16T10:34:50.737+0000][gc,task     ] GC(1255) Using 8 workers of 8 for evacuation
[2026-01-16T10:34:50.914+0000][gc,phases   ] GC(1255)   Pre Evacuate Collection Set: 10.6ms
[2026-01-16T10:34:50.914+0000][gc,phases   ] GC(1255)   Merge Heap Roots: 1.7ms
[2026-01-16T10:34:50.914+0000][gc,phases   ] GC(1255)   Evacuate Collection Set: 150.6ms
[2026-01-16T10:34:50.914+0000][gc,phases   ] GC(1255)   Post Evacuate Collection Set: 12.4ms
[2026-01-16T10:34:50.914+0000][gc,phases   ] GC(1255)   Other: 1.9ms
[2026-01-16T10:34:50.914+0000][gc,heap     ] GC(1255) Eden regions: 81->0(83)
[2026-01-16T10:34:50.914+0000][gc,heap     ] GC(1255) Survivor regions: 4->4(11)
[2026-01-16T10:34:50.914+0000][gc,heap     ] GC(1255) Old regions: 113->113
[2026-01-16T10:34:50.914+0000][gc,heap     ] GC(1255) Humongous regions: 47->47
[2026-01-16T10:34:50.915+0000][gc,metaspace] GC(1255) Metaspace: 13151K(13568K)->13151K(13568K) NonClass: 12050K(12224K)->12050K(12224K) Class: 1100K(1344K)->1100K(1344K)
[2026-01-16T10:34:50.915+0000][gc          ] GC(1255) Pause Young (Normal) (G1 Evacuation Pause) 243M->162M(1024M) 179.728ms
[2026-01-16T10:34:50.916+0000][gc,cpu      ] GC(1255) User=0.20s Sys=0.01s Real=0.18s
[2026-01-16T10:35:02.102+0000][gc,start    ] GC(1256) Pause Young (Normal) (G1 Evacuation Pause)
[2026-01-16T10:35:02.118+0000][gc,task     ] GC(1256) Using 8 workers of 8 for evacuation
[2026-01-16T10:35:02.357+0000][gc,mmu      ] GC(1256) MMU target violated: 201.0ms (200.0ms/201.0ms)
[2026-01-16T10:35:02.357+0000][gc,phases   ] GC(1256)   Pre Evacuate Collection Set: 62.9ms
[2026-01-16T10:35:02.358+0000][gc,phases   ] GC(1256)   Merge Heap Roots: 16.4ms
[2026-01-16T10:35:02.358+0000][gc,phases   ] GC(1256)   Evacuate Collection Set: 128.0ms
[2026-01-16T10:35:02.368+0000][gc,phases   ] GC(1256)   Post Evacuate Collection Set: 23.1ms
[2026-01-16T10:35:02.385+0000][gc,phases   ] GC(1256)   Other: 13.3ms
[2026-01-16T10:35:02.401+0000][gc,heap     ] GC(1256) Eden regions: 113->0(47)
[2026-01-16T10:35:02.407+0000][gc,heap     ] GC(1256) Survivor regions: 4->4(15)
[2026-01-16T10:35:02.412+0000][gc,heap     ] GC(1256) Old regions: 113->113
[2026-01-16T10:35:02.415+0000][gc,heap     ] GC(1256) Humongous regions: 47->47
[2026-01-16T10:35:02.421+0000][gc,metaspace] GC(1256) Metaspace: 13151K(13568K)->13151K(13568K) NonClass: 12050K(12224K)->12050K(12224K) Class: 1100K(1344K)->1100K(1344K)
[2026-01-16T10:35:02.422+0000][gc          ] GC(1256) Pause Young (Normal) (G1 Evacuation Pause) 275M->162M(1024M) 320.290ms
[2026-01-16T10:35:02.423+0000][gc,cpu      ] GC(1256) User=0.27s Sys=0.07s Real=0.32s
[2026-01-16T10:35:05.017+0000][gc,start    ] GC(1257) Pause Young (Normal) (G1 Evacuation Pause)
[2026-01-16T10:35:05.029+0000][gc,task     ] GC(1257) Using 8 workers of 8 for evacuation
[2026-01-16T10:35:05.268+0000][gc,mmu      ] GC(1257) MMU target violated: 201.0ms (200.0ms/201.0ms)
[2026-01-16T10:35:05.287+0000][gc,phases   ] GC(1257)   Pre Evacuate Collection Set: 41.4ms
[2026-01-16T10:35:05.290+0000][gc,phases   ] GC(1257)   Merge Heap Roots: 5.1ms
[2026-01-16T10:35:05.290+0000][gc,phases   ] GC(1257)   Evacuate Collection Set: 161.9ms
[2026-01-16T10:35:05.290+0000][gc,phases   ] GC(1257)   Post Evacuate Collection Set: 25.0ms
[2026-01-16T10:35:05.291+0000][gc,phases   ] GC(1257)   Other: 24.9ms
[2026-01-16T10:35:05.292+0000][gc,heap     ] GC(1257) Eden regions: 71->0(46)
[2026-01-16T10:35:05.297+0000][gc,heap     ] GC(1257) Survivor regions: 4->5(10)
[2026-01-16T10:35:05.298+0000][gc,heap     ] GC(1257) Old regions: 113->113
[2026-01-16T10:35:05.298+0000][gc,heap     ] GC(1257) Humongous regions: 47->47
[2026-01-16T10:35:05.299+0000][gc,metaspace] GC(1257) Metaspace: 13151K(13568K)->13151K(13568K) NonClass: 12050K(12224K)->12050K(12224K) Class: 1100K(1344K)->1100K(1344K)
[2026-01-16T10:35:05.299+0000][gc          ] GC(1257) Pause Young (Normal) (G1 Evacuation Pause) 233M->163M(1024M) 282.747ms
[2026-01-16T10:35:05.299+0000][gc,cpu      ] GC(1257) User=0.16s Sys=0.00s Real=0.29s
[2026-01-16T10:35:10.282+0000][gc,start    ] GC(1258) Pause Young (Normal) (G1 Evacuation Pause)
[2026-01-16T10:35:10.283+0000][gc,task     ] GC(1258) Using 8 workers of 8 for evacuation
[2026-01-16T10:35:10.417+0000][gc,phases   ] GC(1258)   Pre Evacuate Collection Set: 10.5ms
[2026-01-16T10:35:10.417+0000][gc,phases   ] GC(1258)   Merge Heap Roots: 1.7ms
[2026-01-16T10:35:10.418+0000][gc,phases   ] GC(1258)   Evacuate Collection Set: 84.2ms
[2026-01-16T10:35:10.418+0000][gc,phases   ] GC(1258)   Post Evacuate Collection Set: 32.5ms
[2026-01-16T10:35:10.418+0000][gc,phases   ] GC(1258)   Other: 5.0ms
[2026-01-16T10:35:10.418+0000][gc,heap     ] GC(1258) Eden regions: 46->0(233)
[2026-01-16T10:35:10.418+0000][gc,heap     ] GC(1258) Survivor regions: 5->3(7)
[2026-01-16T10:35:10.418+0000][gc,heap     ] GC(1258) Old regions: 113->114
[2026-01-16T10:35:10.419+0000][gc,heap     ] GC(1258) Humongous regions: 47->47
[2026-01-16T10:35:10.419+0000][gc,metaspace] GC(1258) Metaspace: 13151K(13568K)->13151K(13568K) NonClass: 12050K(12224K)->12050K(12224K) Class: 1100K(1344K)->1100K(1344K)
[2026-01-16T10:35:10.419+0000][gc          ] GC(1258) Pause Young (Normal) (G1 Evacuation Pause) 209M->162M(1024M) 137.449ms
[2026-01-16T10:35:10.420+0000][gc,cpu      ] GC(1258) User=0.13s Sys=0.01s Real=0.14s
[2026-01-16T10:35:29.497+0000][gc,start    ] GC(1259) Pause Young (Normal) (G1 Evacuation Pause)
[2026-01-16T10:35:29.515+0000][gc,task     ] GC(1259) Using 8 workers of 8 for evacuation
[2026-01-16T10:35:29.709+0000][gc,phases   ] GC(1259)   Pre Evacuate Collection Set: 26.4ms
[2026-01-16T10:35:29.710+0000][gc,phases   ] GC(1259)   Merge Heap Roots: 8.2ms
[2026-01-16T10:35:29.711+0000][gc,phases   ] GC(1259)   Evacuate Collection Set: 114.7ms
[2026-01-16T10:35:29.712+0000][gc,phases   ] GC(1259)   Post Evacuate Collection Set: 38.4ms
[2026-01-16T10:35:29.713+0000][gc,phases   ] GC(1259)   Other: 15.7ms
[2026-01-16T10:35:29.713+0000][gc,heap     ] GC(1259) Eden regions: 199->0(294)
[2026-01-16T10:35:29.714+0000][gc,heap     ] GC(1259) Survivor regions: 3->3(26)
[2026-01-16T10:35:29.716+0000][gc,heap     ] GC(1259) Old regions: 114->114
[2026-01-16T10:35:29.718+0000][gc,heap     ] GC(1259) Humongous regions: 47->47
[2026-01-16T10:35:29.719+0000][gc,metaspace] GC(1259) Metaspace: 13151K(13568K)->13151K(13568K) NonClass: 12050K(12224K)->12050K(12224K) Class: 1100K(1344K)->1100K(1344K)
[2026-01-16T10:35:29.720+0000][gc          ] GC(1259) Pause Young (Normal) (G1 Evacuation Pause) 361M->162M(1024M) 222.944ms
[2026-01-16T10:35:29.720+0000][gc,cpu      ] GC(1259) User=0.14s Sys=0.02s Real=0.22s
[2026-01-16T10:35:59.157+0000][gc,start    ] GC(1260) Pause Young (Normal) (G1 Evacuation Pause)
[2026-01-16T10:35:59.160+0000][gc,task     ] GC(1260) Using 8 workers of 8 for evacuation
[2026-01-16T10:35:59.302+0000][gc,phases   ] GC(1260)   Pre Evacuate Collection Set: 9.9ms
[2026-01-16T10:35:59.303+0000][gc,phases   ] GC(1260)   Merge Heap Roots: 6.0ms
[2026-01-16T10:35:59.304+0000][gc,phases   ] GC(1260)   Evacuate Collection Set: 84.9ms
[2026-01-16T10:35:59.305+0000][gc,phases   ] GC(1260)   Post Evacuate Collection Set: 36.0ms
[2026-01-16T10:35:59.306+0000][gc,phases   ] GC(1260)   Other: 6.0ms
[2026-01-16T10:35:59.307+0000][gc,heap     ] GC(1260) Eden regions: 344->0(389)
[2026-01-16T10:35:59.307+0000][gc,heap     ] GC(1260) Survivor regions: 3->3(44)
[2026-01-16T10:35:59.309+0000][gc,heap     ] GC(1260) Old regions: 114->114
[2026-01-16T10:35:59.311+0000][gc,heap     ] GC(1260) Humongous regions: 47->47
[2026-01-16T10:35:59.312+0000][gc,metaspace] GC(1260) Metaspace: 13151K(13568K)->13151K(13568K) NonClass: 12050K(12224K)->12050K(12224K) Class: 1100K(1344K)->1100K(1344K)
[2026-01-16T10:35:59.312+0000][gc          ] GC(1260) Pause Young (Normal) (G1 Evacuation Pause) 506M->163M(1024M) 155.511ms
[2026-01-16T10:35:59.315+0000][gc,cpu      ] GC(1260) User=0.19s Sys=0.02s Real=0.16s
[2026-01-16T10:36:32.382+0000][gc,start    ] GC(1261) Pause Young (Normal) (G1 Evacuation Pause)
[2026-01-16T10:36:32.388+0000][gc,task     ] GC(1261) Using 8 workers of 8 for evacuation
[2026-01-16T10:36:32.735+0000][gc,mmu      ] GC(1261) MMU target violated: 201.0ms (200.0ms/201.0ms)
[2026-01-16T10:36:32.736+0000][gc,phases   ] GC(1261)   Pre Evacuate Collection Set: 22.8ms
[2026-01-16T10:36:32.737+0000][gc,phases   ] GC(1261)   Merge Heap Roots: 17.7ms
[2026-01-16T10:36:32.738+0000][gc,phases   ] GC(1261)   Evacuate Collection Set: 251.6ms
[2026-01-16T10:36:32.740+0000][gc,phases   ] GC(1261)   Post Evacuate Collection Set: 49.9ms
[2026-01-16T10:36:32.742+0000][gc,phases   ] GC(1261)   Other: 6.7ms
[2026-01-16T10:36:32.743+0000][gc,heap     ] GC(1261) Eden regions: 421->0(46)
[2026-01-16T10:36:32.745+0000][gc,heap     ] GC(1261) Survivor regions: 3->5(53)
[2026-01-16T10:36:32.746+0000][gc,heap     ] GC(1261) Old regions: 114->114
[2026-01-16T10:36:32.747+0000][gc,heap     ] GC(1261) Humongous regions: 47->47
[2026-01-16T10:36:32.748+0000][gc,metaspace] GC(1261) Metaspace: 13151K(13568K)->13151K(13568K) NonClass: 12050K(12224K)->12050K(12224K) Class: 1100K(1344K)->1100K(1344K)
[2026-01-16T10:36:32.752+0000][gc          ] GC(1261) Pause Young (Normal) (G1 Evacuation Pause) 584M->164M(1024M) 369.930ms
[2026-01-16T10:36:32.755+0000][gc,cpu      ] GC(1261) User=0.54s Sys=0.06s Real=0.37s
[2026-01-16T10:36:39.274+0000][gc,start    ] GC(1262) Pause Young (Normal) (G1 Evacuation Pause)
[2026-01-16T10:36:39.274+0000][gc,task     ] GC(1262) Using 8 workers of 8 for evacuation
[2026-01-16T10:36:39.534+0000][gc,mmu      ] GC(1262) MMU target violated: 201.0ms (200.0ms/201.0ms)
[2026-01-16T10:36:39.536+0000][gc,phases   ] GC(1262)   Pre Evacuate Collection Set: 18.4ms
[2026-01-16T10:36:39.537+0000][gc,phases   ] GC(1262)   Merge Heap Roots: 8.6ms
[2026-01-16T10:36:39.537+0000][gc,phases   ] GC(1262)   Evacuate Collection Set: 215.3ms
[2026-01-16T10:36:39.537+0000][gc,phases   ] GC(1262)   Post Evacuate Collection Set: 14.9ms
[2026-01-16T10:36:39.537+0000][gc,phases   ] GC(1262)   Other: 4.9ms
[2026-01-16T10:36:39.538+0000][gc,heap     ] GC(1262) Eden regions: 46->0(54)
[2026-01-16T10:36:39.542+0000][gc,heap     ] GC(1262) Survivor regions: 5->3(7)
[2026-01-16T10:36:39.544+0000][gc,heap     ] GC(1262) Old regions: 114->114
[2026-01-16T10:36:39.544+0000][gc,heap     ] GC(1262) Humongous regions: 47->47
[2026-01-16T10:36:39.544+0000][gc,metaspace] GC(1262) Metaspace: 13151K(13568K)->13151K(13568K) NonClass: 12050K(12224K)->12050K(12224K) Class: 1100K(1344K)->1100K(1344K)
[2026-01-16T10:36:39.546+0000][gc          ] GC(1262) Pause Young (Normal) (G1 Evacuation Pause) 210M->163M(1024M) 272.420ms
[2026-01-16T10:36:39.549+0000][gc,cpu      ] GC(1262) User=0.24s Sys=0.03s Real=0.27s
[2026-01-16T10:36:41.418+0000][gc,start    ] GC(1263) Pause Young (Normal) (G1 Evacuation Pause)
[2026-01-16T10:36:41.424+0000][gc,task     ] GC(1263) Using 8 workers of 8 for evacuation
[2026-01-16T10:36:41.543+0000][gc,phases   ] GC(1263)   Pre Evacuate Collection Set: 20.6ms
[2026-01-16T10:36:41.550+0000][gc,phases   ] GC(1263)   Merge Heap Roots: 4.2ms
[2026-01-16T10:36:41.550+0000][gc,phases   ] GC(1263)   Evacuate Collection Set: 85.5ms
[2026-01-16T10:36:41.551+0000][gc,phases   ] GC(1263)   Post Evacuate Collection Set: 3.9ms
[2026-01-16T10:36:41.551+0000][gc,phases   ] GC(1263)   Other: 5.1ms
[2026-01-16T10:36:41.552+0000][gc,heap     ] GC(1263) Eden regions: 48->0(47)
[2026-01-16T10:36:41.556+0000][gc,heap     ] GC(1263) Survivor regions: 3->4(7)
[2026-01-16T10:36:41.569+0000][gc,heap     ] GC(1263) Old regions: 114->114
[2026-01-16T10:36:41.570+0000][gc,heap     ] GC(1263) Humongous regions: 47->47
[2026-01-16T10:36:41.572+0000][gc,metaspace] GC(1263) Metaspace: 13151K(13568K)->13151K(13568K) NonClass: 12050K(12224K)->12050K(12224K) Class: 1100K(1344K)->1100K(1344K)
[2026-01-16T10:36:41.573+0000][gc          ] GC(1263) Pause Young (Normal) (G1 Evacuation Pause) 211M->164M(1024M) 154.264ms
[2026-01-16T10:36:41.573+0000][gc,cpu      ] GC(1263) User=0.14s Sys=0.00s Real=0.16s
[2026-01-16T10:36:42.687+0000][gc,start    ] GC(1264) Pause Young (Normal) (G1 Evacuation Pause)
[2026-01-16T10:36:42.689+0000][gc,task     ] GC(1264) Using 8 workers of 8 for evacuation
[2026-01-16T10:36:42.790+0000][gc,phases   ] GC(1264)   Pre Evacuate Collection Set: 2.8ms
[2026-01-16T10:36:42.790+0000][gc,phases   ] GC(1264)   Merge Heap Roots: 0.7ms
[2026-01-16T10:36:42.790+0000][gc,phases   ] GC(1264)   Evacuate Collection Set: 96.1ms
[2026-01-16T10:36:42.791+0000][gc,phases   ] GC(1264)   Post Evacuate Collection Set: 1.4ms
[2026-01-16T10:36:42.791+0000][gc,phases   ] GC(1264)   Other: 0.5ms
[2026-01-16T10:36:42.791+0000][gc,heap     ] GC(1264) Eden regions: 61->0(59)
[2026-01-16T10:36:42.792+0000][gc,heap     ] GC(1264) Survivor regions: 4->5(9)
[2026-01-16T10:36:42.792+0000][gc,heap     ] GC(1264) Old regions: 114->114
[2026-01-16T10:36:42.792+0000][gc,heap     ] GC(1264) Humongous regions: 47->47
[2026-01-16T10:36:42.792+0000][gc,metaspace] GC(1264) Metaspace: 13151K(13568K)->13151K(13568K) NonClass: 12050K(12224K)->12050K(12224K) Class: 1100K(1344K)->1100K(1344K)
[2026-01-16T10:36:42.792+0000][gc          ] GC(1264) Pause Young (Normal) (G1 Evacuation Pause) 225M->165M(1024M) 104.951ms
[2026-01-16T10:36:42.792+0000][gc,cpu      ] GC(1264) User=0.10s Sys=0.01s Real=0.11s
[2026-01-16T10:36:50.792+0000][gc,start    ] GC(1265) Pause Young (Normal) (G1 Evacuation Pause)
[2026-01-16T10:36:50.809+0000][gc,task     ] GC(1265) Using 8 workers of 8 for evacuation
[2026-01-16T10:36:50.890+0000][gc,phases   ] GC(1265)   Pre Evacuate Collection Set: 14.4ms
[2026-01-16T10:36:50.891+0000][gc,phases   ] GC(1265)   Merge Heap Roots: 1.9ms
[2026-01-16T10:36:50.891+0000][gc,phases   ] GC(1265)   Evacuate Collection Set: 49.9ms
[2026-01-16T10:36:50.891+0000][gc,phases   ] GC(1265)   Post Evacuate Collection Set: 11.4ms
[2026-01-16T10:36:50.891+0000][gc,phases   ] GC(1265)   Other: 2.5ms
[2026-01-16T10:36:50.891+0000][gc,heap     ] GC(1265) Eden regions: 74->0(170)
[2026-01-16T10:36:50.891+0000][gc,heap     ] GC(1265) Survivor regions: 5->5(10)
[2026-01-16T10:36:50.891+0000][gc,heap     ] GC(1265) Old regions: 114->114
[2026-01-16T10:36:50.891+0000][gc,heap     ] GC(1265) Humongous regions: 47->47
[2026-01-16T10:36:50.891+0000][gc,metaspace] GC(1265) Metaspace: 13151K(13568K)->13151K(13568K) NonClass: 12050K(12224K)->12050K(12224K) Class: 1100K(1344K)->1100K(1344K)
[2026-01-16T10:36:50.891+0000][gc          ] GC(1265) Pause Young (Normal) (G1 Evacuation Pause) 239M->165M(1024M) 99.699ms
[2026-01-16T10:36:50.891+0000][gc,cpu      ] GC(1265) User=0.16s Sys=0.02s Real=0.10s
[2026-01-16T10:37:09.431+0000][gc,start    ] GC(1266) Pause Young (Normal) (G1 Evacuation Pause)
[2026-01-16T10:37:09.432+0000][gc,task     ] GC(1266) Using 8 workers of 8 for evacuation
[2026-01-16T10:37:09.525+0000][gc,phases   ] GC(1266)   Pre Evacuate Collection Set: 16.9ms
[2026-01-16T10:37:09.525+0000][gc,phases   ] GC(1266)   Merge Heap Roots: 2.2ms
[2026-01-16T10:37:09.526+0000][gc,phases   ] GC(1266)   Evacuate Collection Set: 60.7ms
[2026-01-16T10:37:09.526+0000][gc,phases   ] GC(1266)   Post Evacuate Collection Set: 11.8ms
[2026-01-16T10:37:09.526+0000][gc,phases   ] GC(1266)   Other: 1.1ms
[2026-01-16T10:37:09.526+0000][gc,heap     ] GC(1266) Eden regions: 185->0(413)
[2026-01-16T10:37:09.527+0000][gc,heap     ] GC(1266) Survivor regions: 5->4(24)
[2026-01-16T10:37:09.527+0000][gc,heap     ] GC(1266) Old regions: 114->115
[2026-01-16T10:37:09.528+0000][gc,heap     ] GC(1266) Humongous regions: 47->47
[2026-01-16T10:37:09.528+0000][gc,metaspace] GC(1266) Metaspace: 13151K(13568K)->13151K(13568K) NonClass: 12051K(12224K)->12051K(12224K) Class: 1100K(1344K)->1100K(1344K)
[2026-01-16T10:37:09.529+0000][gc          ] GC(1266) Pause Young (Normal) (G1 Evacuation Pause) 350M->164M(1024M) 97.237ms
[2026-01-16T10:37:09.529+0000][gc,cpu      ] GC(1266) User=0.19s Sys=0.02s Real=0.09s
[2026-01-16T10:37:30.448+0000][gc,start    ] GC(1267) Pause Young (Normal) (G1 Evacuation Pause)
[2026-01-16T10:37:30.451+0000][gc,task     ] GC(1267) Using 8 workers of 8 for evacuation
[2026-01-16T10:37:30.506+0000][gc,phases   ] GC(1267)   Pre Evacuate Collection Set: 5.9ms
[2026-01-16T10:37:30.507+0000][gc,phases   ] GC(1267)   Merge Heap Roots: 1.2ms
[2026-01-16T10:37:30.508+0000][gc,phases   ] GC(1267)   Evacuate Collection Set: 35.5ms
[2026-01-16T10:37:30.508+0000][gc,phases   ] GC(1267)   Post Evacuate Collection Set: 12.5ms
[2026-01-16T10:37:30.509+0000][gc,phases   ] GC(1267)   Other: 2.1ms
[2026-01-16T10:37:30.510+0000][gc,heap     ] GC(1267) Eden regions: 274->0(457)
[2026-01-16T10:37:30.510+0000][gc,heap     ] GC(1267) Survivor regions: 4->5(35)
[2026-01-16T10:37:30.510+0000][gc,heap     ] GC(1267) Old regions: 115->115
[2026-01-16T10:37:30.510+0000][gc,heap     ] GC(1267) Humongous regions: 47->47
[2026-01-16T10:37:30.511+0000][gc,metaspace] GC(1267) Metaspace: 13151K(13568K)->13151K(13568K) NonClass: 12051K(12224K)->12051K(12224K) Class: 1100K(1344K)->1100K(1344K)
[2026-01-16T10:37:30.511+0000][gc          ] GC(1267) Pause Young (Normal) (G1 Evacuation Pause) 438M->165M(1024M) 62.608ms
[2026-01-16T10:37:30.511+0000][gc,cpu      ] GC(1267) User=0.27s Sys=0.02s Real=0.07s
[2026-01-16T10:38:18.967+0000][gc,start    ] GC(1268) Pause Young (Normal) (G1 Evacuation Pause)
[2026-01-16T10:38:18.968+0000][gc,task     ] GC(1268) Using 8 workers of 8 for evacuation
[2026-01-16T10:38:19.059+0000][gc,phases   ] GC(1268)   Pre Evacuate Collection Set: 8.4ms
[2026-01-16T10:38:19.059+0000][gc,phases   ] GC(1268)   Merge Heap Roots: 1.2ms
[2026-01-16T10:38:19.059+0000][gc,phases   ] GC(1268)   Evacuate Collection Set: 67.9ms
[2026-01-16T10:38:19.059+0000][gc,phases   ] GC(1268)   Post Evacuate Collection Set: 13.1ms
[2026-01-16T10:38:19.059+0000][gc,phases   ] GC(1268)   Other: 0.7ms
[2026-01-16T10:38:19.059+0000][gc,heap     ] GC(1268) Eden regions: 517->0(609)
[2026-01-16T10:38:19.060+0000][gc,heap     ] GC(1268) Survivor regions: 5->5(66)
[2026-01-16T10:38:19.060+0000][gc,heap     ] GC(1268) Old regions: 115->115
[2026-01-16T10:38:19.060+0000][gc,heap     ] GC(1268) Humongous regions: 47->47
[2026-01-16T10:38:19.060+0000][gc,metaspace] GC(1268) Metaspace: 13151K(13568K)->13151K(13568K) NonClass: 12051K(12224K)->12051K(12224K) Class: 1100K(1344K)->1100K(1344K)
[2026-01-16T10:38:19.060+0000][gc          ] GC(1268) Pause Young (Normal) (G1 Evacuation Pause) 682M->165M(1024M) 93.070ms
[2026-01-16T10:38:19.060+0000][gc,cpu      ] GC(1268) User=0.41s Sys=0.04s Real=0.09s
[2026-01-16T10:39:09.861+0000][gc,start    ] GC(1269) Pause Young (Normal) (G1 Evacuation Pause)
[2026-01-16T10:39:09.863+0000][gc,task     ] GC(1269) Using 8 workers of 8 for evacuation
[2026-01-16T10:39:10.040+0000][gc,phases   ] GC(1269)   Pre Evacuate Collection Set: 8.3ms
[2026-01-16T10:39:10.040+0000][gc,phases   ] GC(1269)   Merge Heap Roots: 2.2ms
[2026-01-16T10:39:10.041+0000][gc,phases   ] GC(1269)   Evacuate Collection Set: 97.5ms
[2026-01-16T10:39:10.041+0000][gc,phases   ] GC(1269)   Post Evacuate Collection Set: 16.3ms
[2026-01-16T10:39:10.041+0000][gc,phases   ] GC(1269)   Other: 52.3ms
[2026-01-16T10:39:10.041+0000][gc,heap     ] GC(1269) Eden regions: 609->0(424)
[2026-01-16T10:39:10.041+0000][gc,heap     ] GC(1269) Survivor regions: 5->6(77)
[2026-01-16T10:39:10.041+0000][gc,heap     ] GC(1269) Old regions: 115->115
[2026-01-16T10:39:10.041+0000][gc,heap     ] GC(1269) Humongous regions: 47->47
[2026-01-16T10:39:10.041+0000][gc,metaspace] GC(1269) Metaspace: 13151K(13568K)->13151K(13568K) NonClass: 12051K(12224K)->12051K(12224K) Class: 1100K(1344K)->1100K(1344K)
[2026-01-16T10:39:10.043+0000][gc          ] GC(1269) Pause Young (Normal) (G1 Evacuation Pause) 774M->167M(1024M) 181.847ms
[2026-01-16T10:39:10.043+0000][gc,cpu      ] GC(1269) User=0.52s Sys=0.06s Real=0.18s
[2026-01-16T10:39:49.453+0000][gc,start    ] GC(1270) Pause Young (Normal) (G1 Evacuation Pause)
[2026-01-16T10:39:49.456+0000][gc,task     ] GC(1270) Using 8 workers of 8 for evacuation
[2026-01-16T10:39:49.545+0000][gc,phases   ] GC(1270)   Pre Evacuate Collection Set: 16.1ms
[2026-01-16T10:39:49.545+0000][gc,phases   ] GC(1270)   Merge Heap Roots: 5.8ms
[2026-01-16T10:39:49.545+0000][gc,phases   ] GC(1270)   Evacuate Collection Set: 59.7ms
[2026-01-16T10:39:49.546+0000][gc,phases   ] GC(1270)   Post Evacuate Collection Set: 5.7ms
[2026-01-16T10:39:49.548+0000][gc,phases   ] GC(1270)   Other: 2.7ms
[2026-01-16T10:39:49.548+0000][gc,heap     ] GC(1270) Eden regions: 470->0(540)
[2026-01-16T10:39:49.548+0000][gc,heap     ] GC(1270) Survivor regions: 6->7(60)
[2026-01-16T10:39:49.549+0000][gc,heap     ] GC(1270) Old regions: 115->115
[2026-01-16T10:39:49.549+0000][gc,heap     ] GC(1270) Humongous regions: 47->47
[2026-01-16T10:39:49.549+0000][gc,metaspace] GC(1270) Metaspace: 13151K(13568K)->13151K(13568K) NonClass: 12051K(12224K)->12051K(12224K) Class: 1100K(1344K)->1100K(1344K)
[2026-01-16T10:39:49.549+0000][gc          ] GC(1270) Pause Young (Normal) (G1 Evacuation Pause) 637M->168M(1024M) 95.490ms
[2026-01-16T10:39:49.549+0000][gc,cpu      ] GC(1270) User=0.31s Sys=0.04s Real=0.10s
[2026-01-16T10:40:30.431+0000][gc,start    ] GC(1271) Pause Young (Normal) (G1 Evacuation Pause)
[2026-01-16T10:40:30.432+0000][gc,task     ] GC(1271) Using 8 workers of 8 for evacuation
[2026-01-16T10:40:30.516+0000][gc,phases   ] GC(1271)   Pre Evacuate Collection Set: 9.6ms
[2026-01-16T10:40:30.516+0000][gc,phases   ] GC(1271)   Merge Heap Roots: 0.6ms
[2026-01-16T10:40:30.516+0000][gc,phases   ] GC(1271)   Evacuate Collection Set: 59.9ms
[2026-01-16T10:40:30.516+0000][gc,phases   ] GC(1271)   Post Evacuate Collection Set: 13.5ms
[2026-01-16T10:40:30.517+0000][gc,phases   ] GC(1271)   Other: 0.9ms
[2026-01-16T10:40:30.517+0000][gc,heap     ] GC(1271) Eden regions: 527->0(606)
[2026-01-16T10:40:30.517+0000][gc,heap     ] GC(1271) Survivor regions: 7->8(67)
[2026-01-16T10:40:30.517+0000][gc,heap     ] GC(1271) Old regions: 115->115
[2026-01-16T10:40:30.517+0000][gc,heap     ] GC(1271) Humongous regions: 47->47
[2026-01-16T10:40:30.517+0000][gc,metaspace] GC(1271) Metaspace: 13151K(13568K)->13151K(13568K) NonClass: 12051K(12224K)->12051K(12224K) Class: 1100K(1344K)->1100K(1344K)
[2026-01-16T10:40:30.517+0000][gc          ] GC(1271) Pause Young (Normal) (G1 Evacuation Pause) 695M->169M(1024M) 86.468ms
[2026-01-16T10:40:30.517+0000][gc,cpu      ] GC(1271) User=0.38s Sys=0.02s Real=0.09s
[2026-01-16T10:41:20.516+0000][gc,start    ] GC(1272) Pause Young (Normal) (G1 Evacuation Pause)
[2026-01-16T10:41:20.517+0000][gc,task     ] GC(1272) Using 8 workers of 8 for evacuation
[2026-01-16T10:41:20.683+0000][gc,phases   ] GC(1272)   Pre Evacuate Collection Set: 17.1ms
[2026-01-16T10:41:20.684+0000][gc,phases   ] GC(1272)   Merge Heap Roots: 2.7ms
[2026-01-16T10:41:20.684+0000][gc,phases   ] GC(1272)   Evacuate Collection Set: 109.9ms
[2026-01-16T10:41:20.684+0000][gc,phases   ] GC(1272)   Post Evacuate Collection Set: 32.1ms
[2026-01-16T10:41:20.686+0000][gc,phases   ] GC(1272)   Other: 3.6ms
[2026-01-16T10:41:20.686+0000][gc,heap     ] GC(1272) Eden regions: 573->0(605)
[2026-01-16T10:41:20.688+0000][gc,heap     ] GC(1272) Survivor regions: 8->8(73)
[2026-01-16T10:41:20.688+0000][gc,heap     ] GC(1272) Old regions: 115->116
[2026-01-16T10:41:20.689+0000][gc,heap     ] GC(1272) Humongous regions: 47->47
[2026-01-16T10:41:20.689+0000][gc,metaspace] GC(1272) Metaspace: 13152K(13568K)->13152K(13568K) NonClass: 12052K(12224K)->12052K(12224K) Class: 1100K(1344K)->1100K(1344K)
[2026-01-16T10:41:20.690+0000][gc          ] GC(1272) Pause Young (Normal) (G1 Evacuation Pause) 742M->169M(1024M) 174.223ms
[2026-01-16T10:41:20.690+0000][gc,cpu      ] GC(1272) User=0.51s Sys=0.06s Real=0.18s
[2026-01-16T10:42:10.712+0000][gc,start    ] GC(1273) Pause Young (Normal) (G1 Evacuation Pause)
[2026-01-16T10:42:10.714+0000][gc,task     ] GC(1273) Using 8 workers of 8 for evacuation
[2026-01-16T10:42:10.846+0000][gc,phases   ] GC(1273)   Pre Evacuate Collection Set: 10.9ms
[2026-01-16T10:42:10.846+0000][gc,phases   ] GC(1273)   Merge Heap Roots: 0.9ms
[2026-01-16T10:42:10.846+0000][gc,phases   ] GC(1273)   Evacuate Collection Set: 103.4ms
[2026-01-16T10:42:10.847+0000][gc,phases   ] GC(1273)   Post Evacuate Collection Set: 16.4ms
[2026-01-16T10:42:10.847+0000][gc,phases   ] GC(1273)   Other: 1.2ms
[2026-01-16T10:42:10.847+0000][gc,heap     ] GC(1273) Eden regions: 606->0(523)
[2026-01-16T10:42:10.848+0000][gc,heap     ] GC(1273) Survivor regions: 8->10(77)
[2026-01-16T10:42:10.848+0000][gc,heap     ] GC(1273) Old regions: 116->116
[2026-01-16T10:42:10.848+0000][gc,heap     ] GC(1273) Humongous regions: 47->47
[2026-01-16T10:42:10.848+0000][gc,metaspace] GC(1273) Metaspace: 13152K(13568K)->13152K(13568K) NonClass: 12052K(12224K)->12052K(12224K) Class: 1100K(1344K)->1100K(1344K)
[2026-01-16T10:42:10.849+0000][gc          ] GC(1273) Pause Young (Normal) (G1 Evacuation Pause) 775M->171M(1024M) 136.473ms
[2026-01-16T10:42:10.849+0000][gc,cpu      ] GC(1273) User=0.50s Sys=0.05s Real=0.14s
[2026-01-16T10:43:00.932+0000][gc,start    ] GC(1274) Pause Young (Normal) (G1 Evacuation Pause)
[2026-01-16T10:43:00.941+0000][gc,task     ] GC(1274) Using 8 workers of 8 for evacuation
[2026-01-16T10:43:01.300+0000][gc,mmu      ] GC(1274) MMU target violated: 201.0ms (200.0ms/201.0ms)
[2026-01-16T10:43:01.302+0000][gc,phases   ] GC(1274)   Pre Evacuate Collection Set: 37.0ms
[2026-01-16T10:43:01.302+0000][gc,phases   ] GC(1274)   Merge Heap Roots: 8.7ms
[2026-01-16T10:43:01.303+0000][gc,phases   ] GC(1274)   Evacuate Collection Set: 264.1ms
[2026-01-16T10:43:01.304+0000][gc,phases   ] GC(1274)   Post Evacuate Collection Set: 48.1ms
[2026-01-16T10:43:01.304+0000][gc,phases   ] GC(1274)   Other: 4.7ms
[2026-01-16T10:43:01.305+0000][gc,heap     ] GC(1274) Eden regions: 506->0(41)
[2026-01-16T10:43:01.309+0000][gc,heap     ] GC(1274) Survivor regions: 10->10(65)
[2026-01-16T10:43:01.310+0000][gc,heap     ] GC(1274) Old regions: 116->116
[2026-01-16T10:43:01.310+0000][gc,heap     ] GC(1274) Humongous regions: 47->47
[2026-01-16T10:43:01.310+0000][gc,metaspace] GC(1274) Metaspace: 13152K(13568K)->13152K(13568K) NonClass: 12052K(12224K)->12052K(12224K) Class: 1100K(1344K)->1100K(1344K)
[2026-01-16T10:43:01.311+0000][gc          ] GC(1274) Pause Young (Normal) (G1 Evacuation Pause) 677M->171M(1024M) 379.019ms
[2026-01-16T10:43:01.311+0000][gc,cpu      ] GC(1274) User=0.59s Sys=0.03s Real=0.38s
[2026-01-16T10:43:03.210+0000][gc,start    ] GC(1275) Pause Young (Normal) (G1 Evacuation Pause)
[2026-01-16T10:43:03.211+0000][gc,task     ] GC(1275) Using 8 workers of 8 for evacuation
[2026-01-16T10:43:03.594+0000][gc,mmu      ] GC(1275) MMU target violated: 201.0ms (200.0ms/201.0ms)
[2026-01-16T10:43:03.594+0000][gc,phases   ] GC(1275)   Pre Evacuate Collection Set: 9.7ms
[2026-01-16T10:43:03.595+0000][gc,phases   ] GC(1275)   Merge Heap Roots: 3.9ms
[2026-01-16T10:43:03.596+0000][gc,phases   ] GC(1275)   Evacuate Collection Set: 364.5ms
[2026-01-16T10:43:03.596+0000][gc,phases   ] GC(1275)   Post Evacuate Collection Set: 1.6ms
[2026-01-16T10:43:03.596+0000][gc,phases   ] GC(1275)   Other: 3.2ms
[2026-01-16T10:43:03.597+0000][gc,heap     ] GC(1275) Eden regions: 41->0(46)
[2026-01-16T10:43:03.597+0000][gc,heap     ] GC(1275) Survivor regions: 10->5(7)
[2026-01-16T10:43:03.597+0000][gc,heap     ] GC(1275) Old regions: 116->121
[2026-01-16T10:43:03.597+0000][gc,heap     ] GC(1275) Humongous regions: 47->47
[2026-01-16T10:43:03.598+0000][gc,metaspace] GC(1275) Metaspace: 13152K(13568K)->13152K(13568K) NonClass: 12052K(12224K)->12052K(12224K) Class: 1100K(1344K)->1100K(1344K)
[2026-01-16T10:43:03.599+0000][gc          ] GC(1275) Pause Young (Normal) (G1 Evacuation Pause) 212M->172M(1024M) 388.336ms
[2026-01-16T10:43:03.600+0000][gc,cpu      ] GC(1275) User=0.32s Sys=0.02s Real=0.39s
[2026-01-16T10:43:11.345+0000][gc,start    ] GC(1276) Pause Young (Normal) (G1 Evacuation Pause)
[2026-01-16T10:43:11.346+0000][gc,task     ] GC(1276) Using 8 workers of 8 for evacuation
[2026-01-16T10:43:11.505+0000][gc,phases   ] GC(1276)   Pre Evacuate Collection Set: 38.6ms
[2026-01-16T10:43:11.506+0000][gc,phases   ] GC(1276)   Merge Heap Roots: 4.0ms
[2026-01-16T10:43:11.507+0000][gc,phases   ] GC(1276)   Evacuate Collection Set: 98.6ms
[2026-01-16T10:43:11.507+0000][gc,phases   ] GC(1276)   Post Evacuate Collection Set: 14.6ms
[2026-01-16T10:43:11.509+0000][gc,phases   ] GC(1276)   Other: 3.0ms
[2026-01-16T10:43:11.512+0000][gc,heap     ] GC(1276) Eden regions: 93->0(108)
[2026-01-16T10:43:11.512+0000][gc,heap     ] GC(1276) Survivor regions: 5->4(13)
[2026-01-16T10:43:11.513+0000][gc,heap     ] GC(1276) Old regions: 121->121
[2026-01-16T10:43:11.513+0000][gc,heap     ] GC(1276) Humongous regions: 47->47
[2026-01-16T10:43:11.514+0000][gc,metaspace] GC(1276) Metaspace: 13152K(13568K)->13152K(13568K) NonClass: 12052K(12224K)->12052K(12224K) Class: 1100K(1344K)->1100K(1344K)
[2026-01-16T10:43:11.514+0000][gc          ] GC(1276) Pause Young (Normal) (G1 Evacuation Pause) 265M->171M(1024M) 169.913ms
[2026-01-16T10:43:11.515+0000][gc,cpu      ] GC(1276) User=0.28s Sys=0.02s Real=0.17s
[2026-01-16T10:43:29.841+0000][gc,start    ] GC(1277) Pause Young (Normal) (G1 Evacuation Pause)
[2026-01-16T10:43:29.854+0000][gc,task     ] GC(1277) Using 8 workers of 8 for evacuation
[2026-01-16T10:43:30.367+0000][gc,mmu      ] GC(1277) MMU target violated: 201.0ms (200.0ms/201.0ms)
[2026-01-16T10:43:30.369+0000][gc,phases   ] GC(1277)   Pre Evacuate Collection Set: 24.4ms
[2026-01-16T10:43:30.369+0000][gc,phases   ] GC(1277)   Merge Heap Roots: 14.8ms
[2026-01-16T10:43:30.370+0000][gc,phases   ] GC(1277)   Evacuate Collection Set: 429.3ms
[2026-01-16T10:43:30.371+0000][gc,phases   ] GC(1277)   Post Evacuate Collection Set: 33.9ms
[2026-01-16T10:43:30.372+0000][gc,phases   ] GC(1277)   Other: 24.1ms
[2026-01-16T10:43:30.375+0000][gc,heap     ] GC(1277) Eden regions: 186->0(47)
[2026-01-16T10:43:30.375+0000][gc,heap     ] GC(1277) Survivor regions: 4->4(24)
[2026-01-16T10:43:30.375+0000][gc,heap     ] GC(1277) Old regions: 121->121
[2026-01-16T10:43:30.391+0000][gc,heap     ] GC(1277) Humongous regions: 47->47
[2026-01-16T10:43:30.402+0000][gc,metaspace] GC(1277) Metaspace: 13152K(13568K)->13152K(13568K) NonClass: 12052K(12224K)->12052K(12224K) Class: 1100K(1344K)->1100K(1344K)
[2026-01-16T10:43:30.429+0000][gc          ] GC(1277) Pause Young (Normal) (G1 Evacuation Pause) 357M->171M(1024M) 589.036ms
[2026-01-16T10:43:30.450+0000][gc,cpu      ] GC(1277) User=0.36s Sys=0.06s Real=0.61s
[2026-01-16T10:43:33.490+0000][gc,start    ] GC(1278) Pause Young (Normal) (G1 Evacuation Pause)
[2026-01-16T10:43:33.494+0000][gc,task     ] GC(1278) Using 8 workers of 8 for evacuation
[2026-01-16T10:43:33.752+0000][gc,mmu      ] GC(1278) MMU target violated: 201.0ms (200.0ms/201.0ms)
[2026-01-16T10:43:33.754+0000][gc,phases   ] GC(1278)   Pre Evacuate Collection Set: 22.1ms
[2026-01-16T10:43:33.755+0000][gc,phases   ] GC(1278)   Merge Heap Roots: 8.7ms
[2026-01-16T10:43:33.755+0000][gc,phases   ] GC(1278)   Evacuate Collection Set: 206.4ms
[2026-01-16T10:43:33.756+0000][gc,phases   ] GC(1278)   Post Evacuate Collection Set: 10.2ms
[2026-01-16T10:43:33.756+0000][gc,phases   ] GC(1278)   Other: 13.0ms
[2026-01-16T10:43:33.757+0000][gc,heap     ] GC(1278) Eden regions: 47->0(46)
[2026-01-16T10:43:33.757+0000][gc,heap     ] GC(1278) Survivor regions: 4->5(7)
[2026-01-16T10:43:33.759+0000][gc,heap     ] GC(1278) Old regions: 121->121
[2026-01-16T10:43:33.759+0000][gc,heap     ] GC(1278) Humongous regions: 47->47
[2026-01-16T10:43:33.760+0000][gc,metaspace] GC(1278) Metaspace: 13152K(13568K)->13152K(13568K) NonClass: 12052K(12224K)->12052K(12224K) Class: 1100K(1344K)->1100K(1344K)
[2026-01-16T10:43:33.760+0000][gc          ] GC(1278) Pause Young (Normal) (G1 Evacuation Pause) 218M->172M(1024M) 270.164ms
[2026-01-16T10:43:33.760+0000][gc,cpu      ] GC(1278) User=0.21s Sys=0.01s Real=0.27s
[2026-01-16T10:43:34.717+0000][gc,start    ] GC(1279) Pause Young (Normal) (G1 Evacuation Pause)
[2026-01-16T10:43:34.717+0000][gc,task     ] GC(1279) Using 8 workers of 8 for evacuation
[2026-01-16T10:43:34.949+0000][gc,mmu      ] GC(1279) MMU target violated: 201.0ms (200.0ms/201.0ms)
[2026-01-16T10:43:34.950+0000][gc,phases   ] GC(1279)   Pre Evacuate Collection Set: 0.9ms
[2026-01-16T10:43:34.961+0000][gc,phases   ] GC(1279)   Merge Heap Roots: 0.4ms
[2026-01-16T10:43:34.973+0000][gc,phases   ] GC(1279)   Evacuate Collection Set: 220.3ms
[2026-01-16T10:43:34.985+0000][gc,phases   ] GC(1279)   Post Evacuate Collection Set: 6.8ms
[2026-01-16T10:43:34.985+0000][gc,phases   ] GC(1279)   Other: 4.9ms
[2026-01-16T10:43:34.985+0000][gc,heap     ] GC(1279) Eden regions: 46->0(47)
[2026-01-16T10:43:34.985+0000][gc,heap     ] GC(1279) Survivor regions: 5->4(7)
[2026-01-16T10:43:34.985+0000][gc,heap     ] GC(1279) Old regions: 121->122
[2026-01-16T10:43:34.987+0000][gc,heap     ] GC(1279) Humongous regions: 47->47
[2026-01-16T10:43:34.987+0000][gc,metaspace] GC(1279) Metaspace: 13152K(13568K)->13152K(13568K) NonClass: 12052K(12224K)->12052K(12224K) Class: 1100K(1344K)->1100K(1344K)
[2026-01-16T10:43:35.029+0000][gc          ] GC(1279) Pause Young (Normal) (G1 Evacuation Pause) 218M->172M(1024M) 275.479ms
[2026-01-16T10:43:35.031+0000][gc,cpu      ] GC(1279) User=0.16s Sys=0.01s Real=0.31s
[2026-01-16T10:43:41.944+0000][gc,start    ] GC(1280) Pause Young (Normal) (G1 Evacuation Pause)
[2026-01-16T10:43:41.944+0000][gc,task     ] GC(1280) Using 8 workers of 8 for evacuation
[2026-01-16T10:43:42.289+0000][gc,mmu      ] GC(1280) MMU target violated: 201.0ms (200.0ms/201.0ms)
[2026-01-16T10:43:42.294+0000][gc,phases   ] GC(1280)   Pre Evacuate Collection Set: 33.3ms
[2026-01-16T10:43:42.302+0000][gc,phases   ] GC(1280)   Merge Heap Roots: 6.1ms
[2026-01-16T10:43:42.303+0000][gc,phases   ] GC(1280)   Evacuate Collection Set: 271.4ms
[2026-01-16T10:43:42.306+0000][gc,phases   ] GC(1280)   Post Evacuate Collection Set: 32.7ms
[2026-01-16T10:43:42.311+0000][gc,phases   ] GC(1280)   Other: 6.3ms
[2026-01-16T10:43:42.311+0000][gc,heap     ] GC(1280) Eden regions: 47->0(48)
[2026-01-16T10:43:42.312+0000][gc,heap     ] GC(1280) Survivor regions: 4->3(7)
[2026-01-16T10:43:42.312+0000][gc,heap     ] GC(1280) Old regions: 122->123
[2026-01-16T10:43:42.312+0000][gc,heap     ] GC(1280) Humongous regions: 47->47
[2026-01-16T10:43:42.313+0000][gc,metaspace] GC(1280) Metaspace: 13152K(13568K)->13152K(13568K) NonClass: 12052K(12224K)->12052K(12224K) Class: 1100K(1344K)->1100K(1344K)
[2026-01-16T10:43:42.314+0000][gc          ] GC(1280) Pause Young (Normal) (G1 Evacuation Pause) 219M->172M(1024M) 370.385ms
[2026-01-16T10:43:42.315+0000][gc,cpu      ] GC(1280) User=0.29s Sys=0.01s Real=0.37s
[2026-01-16T10:43:46.303+0000][gc,start    ] GC(1281) Pause Young (Normal) (G1 Evacuation Pause)
[2026-01-16T10:43:46.305+0000][gc,task     ] GC(1281) Using 8 workers of 8 for evacuation
[2026-01-16T10:43:46.717+0000][gc,mmu      ] GC(1281) MMU target violated: 201.0ms (200.0ms/201.0ms)
[2026-01-16T10:43:46.717+0000][gc,phases   ] GC(1281)   Pre Evacuate Collection Set: 12.5ms
[2026-01-16T10:43:46.718+0000][gc,phases   ] GC(1281)   Merge Heap Roots: 0.9ms
[2026-01-16T10:43:46.718+0000][gc,phases   ] GC(1281)   Evacuate Collection Set: 313.2ms
[2026-01-16T10:43:46.718+0000][gc,phases   ] GC(1281)   Post Evacuate Collection Set: 85.1ms
[2026-01-16T10:43:46.720+0000][gc,phases   ] GC(1281)   Other: 1.3ms
[2026-01-16T10:43:46.720+0000][gc,heap     ] GC(1281) Eden regions: 48->0(48)
[2026-01-16T10:43:46.721+0000][gc,heap     ] GC(1281) Survivor regions: 3->3(7)
[2026-01-16T10:43:46.722+0000][gc,heap     ] GC(1281) Old regions: 123->123
[2026-01-16T10:43:46.726+0000][gc,heap     ] GC(1281) Humongous regions: 47->47
[2026-01-16T10:43:46.736+0000][gc,metaspace] GC(1281) Metaspace: 13152K(13568K)->13152K(13568K) NonClass: 12052K(12224K)->12052K(12224K) Class: 1100K(1344K)->1100K(1344K)
[2026-01-16T10:43:46.740+0000][gc          ] GC(1281) Pause Young (Normal) (G1 Evacuation Pause) 220M->172M(1024M) 437.225ms
[2026-01-16T10:43:46.743+0000][gc,cpu      ] GC(1281) User=0.20s Sys=0.02s Real=0.44s
[2026-01-16T10:43:52.219+0000][gc,start    ] GC(1282) Pause Young (Normal) (G1 Evacuation Pause)
[2026-01-16T10:43:52.244+0000][gc,task     ] GC(1282) Using 8 workers of 8 for evacuation
[2026-01-16T10:43:53.208+0000][gc,mmu      ] GC(1282) MMU target violated: 201.0ms (200.0ms/201.0ms)
[2026-01-16T10:43:53.252+0000][gc,phases   ] GC(1282)   Pre Evacuate Collection Set: 111.3ms
[2026-01-16T10:43:53.255+0000][gc,phases   ] GC(1282)   Merge Heap Roots: 22.9ms
[2026-01-16T10:43:53.256+0000][gc,phases   ] GC(1282)   Evacuate Collection Set: 670.1ms
[2026-01-16T10:43:53.256+0000][gc,phases   ] GC(1282)   Post Evacuate Collection Set: 146.0ms
[2026-01-16T10:43:53.260+0000][gc,phases   ] GC(1282)   Other: 39.6ms
[2026-01-16T10:43:53.261+0000][gc,heap     ] GC(1282) Eden regions: 48->0(47)
[2026-01-16T10:43:53.262+0000][gc,heap     ] GC(1282) Survivor regions: 3->4(7)
[2026-01-16T10:43:53.263+0000][gc,heap     ] GC(1282) Old regions: 123->123
[2026-01-16T10:43:53.265+0000][gc,heap     ] GC(1282) Humongous regions: 47->47
[2026-01-16T10:43:53.268+0000][gc,metaspace] GC(1282) Metaspace: 13152K(13568K)->13152K(13568K) NonClass: 12052K(12224K)->12052K(12224K) Class: 1100K(1344K)->1100K(1344K)
[2026-01-16T10:43:53.271+0000][gc          ] GC(1282) Pause Young (Normal) (G1 Evacuation Pause) 220M->173M(1024M) 1051.789ms
[2026-01-16T10:43:53.272+0000][gc,cpu      ] GC(1282) User=0.44s Sys=0.08s Real=1.05s
[2026-01-16T10:43:59.667+0000][gc,start    ] GC(1283) Pause Young (Normal) (G1 Evacuation Pause)
[2026-01-16T10:43:59.677+0000][gc,task     ] GC(1283) Using 8 workers of 8 for evacuation
[2026-01-16T10:44:00.238+0000][gc,mmu      ] GC(1283) MMU target violated: 201.0ms (200.0ms/201.0ms)
[2026-01-16T10:44:00.257+0000][gc,phases   ] GC(1283)   Pre Evacuate Collection Set: 90.7ms
[2026-01-16T10:44:00.261+0000][gc,phases   ] GC(1283)   Merge Heap Roots: 25.1ms
[2026-01-16T10:44:00.261+0000][gc,phases   ] GC(1283)   Evacuate Collection Set: 398.7ms
[2026-01-16T10:44:00.264+0000][gc,phases   ] GC(1283)   Post Evacuate Collection Set: 38.5ms
[2026-01-16T10:44:00.266+0000][gc,phases   ] GC(1283)   Other: 28.4ms
[2026-01-16T10:44:00.268+0000][gc,heap     ] GC(1283) Eden regions: 47->0(48)
[2026-01-16T10:44:00.273+0000][gc,heap     ] GC(1283) Survivor regions: 4->3(7)
[2026-01-16T10:44:00.277+0000][gc,heap     ] GC(1283) Old regions: 123->123
[2026-01-16T10:44:00.281+0000][gc,heap     ] GC(1283) Humongous regions: 47->47
[2026-01-16T10:44:00.285+0000][gc,metaspace] GC(1283) Metaspace: 13154K(13568K)->13154K(13568K) NonClass: 12053K(12224K)->12053K(12224K) Class: 1100K(1344K)->1100K(1344K)
[2026-01-16T10:44:00.288+0000][gc          ] GC(1283) Pause Young (Normal) (G1 Evacuation Pause) 220M->172M(1024M) 620.949ms
[2026-01-16T10:44:00.290+0000][gc,cpu      ] GC(1283) User=0.48s Sys=0.05s Real=0.63s
[2026-01-16T10:44:03.233+0000][gc,start    ] GC(1284) Pause Young (Normal) (G1 Evacuation Pause)
[2026-01-16T10:44:03.235+0000][gc,task     ] GC(1284) Using 8 workers of 8 for evacuation
[2026-01-16T10:44:03.656+0000][gc,mmu      ] GC(1284) MMU target violated: 201.0ms (200.0ms/201.0ms)
[2026-01-16T10:44:03.659+0000][gc,phases   ] GC(1284)   Pre Evacuate Collection Set: 20.6ms
[2026-01-16T10:44:03.659+0000][gc,phases   ] GC(1284)   Merge Heap Roots: 7.6ms
[2026-01-16T10:44:03.660+0000][gc,phases   ] GC(1284)   Evacuate Collection Set: 252.3ms
[2026-01-16T10:44:03.660+0000][gc,phases   ] GC(1284)   Post Evacuate Collection Set: 130.4ms
[2026-01-16T10:44:03.660+0000][gc,phases   ] GC(1284)   Other: 14.2ms
[2026-01-16T10:44:03.660+0000][gc,heap     ] GC(1284) Eden regions: 48->0(47)
[2026-01-16T10:44:03.662+0000][gc,heap     ] GC(1284) Survivor regions: 3->4(7)
[2026-01-16T10:44:03.664+0000][gc,heap     ] GC(1284) Old regions: 123->123
[2026-01-16T10:44:03.669+0000][gc,heap     ] GC(1284) Humongous regions: 47->47
[2026-01-16T10:44:03.672+0000][gc,metaspace] GC(1284) Metaspace: 13155K(13568K)->13155K(13568K) NonClass: 12054K(12224K)->12054K(12224K) Class: 1100K(1344K)->1100K(1344K)
[2026-01-16T10:44:03.673+0000][gc          ] GC(1284) Pause Young (Normal) (G1 Evacuation Pause) 220M->173M(1024M) 439.829ms
[2026-01-16T10:44:03.675+0000][gc,cpu      ] GC(1284) User=0.19s Sys=0.01s Real=0.44s
[2026-01-16T10:44:05.585+0000][gc,start    ] GC(1285) Pause Young (Normal) (G1 Evacuation Pause)
[2026-01-16T10:44:05.586+0000][gc,task     ] GC(1285) Using 8 workers of 8 for evacuation
[2026-01-16T10:44:05.820+0000][gc,mmu      ] GC(1285) MMU target violated: 201.0ms (200.0ms/201.0ms)
[2026-01-16T10:44:05.823+0000][gc,phases   ] GC(1285)   Pre Evacuate Collection Set: 16.7ms
[2026-01-16T10:44:05.867+0000][gc,phases   ] GC(1285)   Merge Heap Roots: 3.7ms
[2026-01-16T10:44:05.878+0000][gc,phases   ] GC(1285)   Evacuate Collection Set: 204.8ms
[2026-01-16T10:44:05.878+0000][gc,phases   ] GC(1285)   Post Evacuate Collection Set: 4.8ms
[2026-01-16T10:44:05.880+0000][gc,phases   ] GC(1285)   Other: 6.6ms
[2026-01-16T10:44:05.882+0000][gc,heap     ] GC(1285) Eden regions: 47->0(46)
[2026-01-16T10:44:05.887+0000][gc,heap     ] GC(1285) Survivor regions: 4->5(7)
[2026-01-16T10:44:05.895+0000][gc,heap     ] GC(1285) Old regions: 123->123
[2026-01-16T10:44:05.896+0000][gc,heap     ] GC(1285) Humongous regions: 47->47
[2026-01-16T10:44:05.896+0000][gc,metaspace] GC(1285) Metaspace: 13155K(13568K)->13155K(13568K) NonClass: 12054K(12224K)->12054K(12224K) Class: 1100K(1344K)->1100K(1344K)
[2026-01-16T10:44:05.897+0000][gc          ] GC(1285) Pause Young (Normal) (G1 Evacuation Pause) 220M->173M(1024M) 312.482ms
[2026-01-16T10:44:05.898+0000][gc,cpu      ] GC(1285) User=0.21s Sys=0.01s Real=0.31s
[2026-01-16T10:44:06.905+0000][gc,start    ] GC(1286) Pause Young (Normal) (G1 Evacuation Pause)
[2026-01-16T10:44:06.906+0000][gc,task     ] GC(1286) Using 8 workers of 8 for evacuation
[2026-01-16T10:44:07.001+0000][gc,phases   ] GC(1286)   Pre Evacuate Collection Set: 5.0ms
[2026-01-16T10:44:07.003+0000][gc,phases   ] GC(1286)   Merge Heap Roots: 0.4ms
[2026-01-16T10:44:07.003+0000][gc,phases   ] GC(1286)   Evacuate Collection Set: 82.7ms
[2026-01-16T10:44:07.003+0000][gc,phases   ] GC(1286)   Post Evacuate Collection Set: 5.5ms
[2026-01-16T10:44:07.004+0000][gc,phases   ] GC(1286)   Other: 0.6ms
[2026-01-16T10:44:07.004+0000][gc,heap     ] GC(1286) Eden regions: 46->0(48)
[2026-01-16T10:44:07.006+0000][gc,heap     ] GC(1286) Survivor regions: 5->3(7)
[2026-01-16T10:44:07.006+0000][gc,heap     ] GC(1286) Old regions: 123->124
[2026-01-16T10:44:07.006+0000][gc,heap     ] GC(1286) Humongous regions: 47->47
[2026-01-16T10:44:07.007+0000][gc,metaspace] GC(1286) Metaspace: 13155K(13568K)->13155K(13568K) NonClass: 12054K(12224K)->12054K(12224K) Class: 1100K(1344K)->1100K(1344K)
[2026-01-16T10:44:07.008+0000][gc          ] GC(1286) Pause Young (Normal) (G1 Evacuation Pause) 219M->173M(1024M) 102.908ms
[2026-01-16T10:44:07.009+0000][gc,cpu      ] GC(1286) User=0.09s Sys=0.00s Real=0.10s
[2026-01-16T10:44:09.548+0000][gc,start    ] GC(1287) Pause Young (Normal) (G1 Evacuation Pause)
[2026-01-16T10:44:09.558+0000][gc,task     ] GC(1287) Using 8 workers of 8 for evacuation
[2026-01-16T10:44:09.800+0000][gc,mmu      ] GC(1287) MMU target violated: 201.0ms (200.0ms/201.0ms)
[2026-01-16T10:44:09.801+0000][gc,phases   ] GC(1287)   Pre Evacuate Collection Set: 54.5ms
[2026-01-16T10:44:09.801+0000][gc,phases   ] GC(1287)   Merge Heap Roots: 13.2ms
[2026-01-16T10:44:09.801+0000][gc,phases   ] GC(1287)   Evacuate Collection Set: 144.2ms
[2026-01-16T10:44:09.801+0000][gc,phases   ] GC(1287)   Post Evacuate Collection Set: 21.5ms
[2026-01-16T10:44:09.802+0000][gc,phases   ] GC(1287)   Other: 9.6ms
[2026-01-16T10:44:09.803+0000][gc,heap     ] GC(1287) Eden regions: 48->0(49)
[2026-01-16T10:44:09.803+0000][gc,heap     ] GC(1287) Survivor regions: 3->2(7)
[2026-01-16T10:44:09.803+0000][gc,heap     ] GC(1287) Old regions: 124->124
[2026-01-16T10:44:09.804+0000][gc,heap     ] GC(1287) Humongous regions: 47->47
[2026-01-16T10:44:09.804+0000][gc,metaspace] GC(1287) Metaspace: 13157K(13632K)->13157K(13632K) NonClass: 12057K(12288K)->12057K(12288K) Class: 1100K(1344K)->1100K(1344K)
[2026-01-16T10:44:09.805+0000][gc          ] GC(1287) Pause Young (Normal) (G1 Evacuation Pause) 221M->172M(1024M) 256.872ms
[2026-01-16T10:44:09.807+0000][gc,cpu      ] GC(1287) User=0.18s Sys=0.02s Real=0.26s
[2026-01-16T10:44:12.938+0000][gc,start    ] GC(1288) Pause Young (Normal) (G1 Evacuation Pause)
[2026-01-16T10:44:12.940+0000][gc,task     ] GC(1288) Using 8 workers of 8 for evacuation
[2026-01-16T10:44:13.361+0000][gc,mmu      ] GC(1288) MMU target violated: 201.0ms (200.0ms/201.0ms)
[2026-01-16T10:44:13.362+0000][gc,phases   ] GC(1288)   Pre Evacuate Collection Set: 28.9ms
[2026-01-16T10:44:13.363+0000][gc,phases   ] GC(1288)   Merge Heap Roots: 5.0ms
[2026-01-16T10:44:13.364+0000][gc,phases   ] GC(1288)   Evacuate Collection Set: 364.4ms
[2026-01-16T10:44:13.366+0000][gc,phases   ] GC(1288)   Post Evacuate Collection Set: 21.6ms
[2026-01-16T10:44:13.368+0000][gc,phases   ] GC(1288)   Other: 3.0ms
[2026-01-16T10:44:13.371+0000][gc,heap     ] GC(1288) Eden regions: 49->0(48)
[2026-01-16T10:44:13.372+0000][gc,heap     ] GC(1288) Survivor regions: 2->3(7)
[2026-01-16T10:44:13.374+0000][gc,heap     ] GC(1288) Old regions: 124->124
[2026-01-16T10:44:13.374+0000][gc,heap     ] GC(1288) Humongous regions: 47->47
[2026-01-16T10:44:13.374+0000][gc,metaspace] GC(1288) Metaspace: 13157K(13632K)->13157K(13632K) NonClass: 12057K(12288K)->12057K(12288K) Class: 1100K(1344K)->1100K(1344K)
[2026-01-16T10:44:13.376+0000][gc          ] GC(1288) Pause Young (Normal) (G1 Evacuation Pause) 221M->172M(1024M) 438.150ms
[2026-01-16T10:44:13.376+0000][gc,cpu      ] GC(1288) User=0.19s Sys=0.01s Real=0.44s
[2026-01-16T10:44:15.071+0000][gc,start    ] GC(1289) Pause Young (Normal) (G1 Evacuation Pause)
[2026-01-16T10:44:15.073+0000][gc,task     ] GC(1289) Using 8 workers of 8 for evacuation
[2026-01-16T10:44:15.202+0000][gc,phases   ] GC(1289)   Pre Evacuate Collection Set: 7.3ms
[2026-01-16T10:44:15.203+0000][gc,phases   ] GC(1289)   Merge Heap Roots: 2.5ms
[2026-01-16T10:44:15.203+0000][gc,phases   ] GC(1289)   Evacuate Collection Set: 104.1ms
[2026-01-16T10:44:15.204+0000][gc,phases   ] GC(1289)   Post Evacuate Collection Set: 11.6ms
[2026-01-16T10:44:15.205+0000][gc,phases   ] GC(1289)   Other: 4.3ms
[2026-01-16T10:44:15.206+0000][gc,heap     ] GC(1289) Eden regions: 48->0(48)
[2026-01-16T10:44:15.206+0000][gc,heap     ] GC(1289) Survivor regions: 3->3(7)
[2026-01-16T10:44:15.209+0000][gc,heap     ] GC(1289) Old regions: 124->124
[2026-01-16T10:44:15.211+0000][gc,heap     ] GC(1289) Humongous regions: 47->47
[2026-01-16T10:44:15.215+0000][gc,metaspace] GC(1289) Metaspace: 13157K(13632K)->13157K(13632K) NonClass: 12057K(12288K)->12057K(12288K) Class: 1100K(1344K)->1100K(1344K)
[2026-01-16T10:44:15.215+0000][gc          ] GC(1289) Pause Young (Normal) (G1 Evacuation Pause) 220M->173M(1024M) 144.494ms
[2026-01-16T10:44:15.216+0000][gc,cpu      ] GC(1289) User=0.08s Sys=0.01s Real=0.15s
[2026-01-16T10:44:21.058+0000][gc,start    ] GC(1290) Pause Young (Normal) (G1 Evacuation Pause)
[2026-01-16T10:44:21.062+0000][gc,task     ] GC(1290) Using 8 workers of 8 for evacuation
[2026-01-16T10:44:21.351+0000][gc,mmu      ] GC(1290) MMU target violated: 201.0ms (200.0ms/201.0ms)
[2026-01-16T10:44:21.351+0000][gc,phases   ] GC(1290)   Pre Evacuate Collection Set: 57.8ms
[2026-01-16T10:44:21.351+0000][gc,phases   ] GC(1290)   Merge Heap Roots: 4.6ms
[2026-01-16T10:44:21.352+0000][gc,phases   ] GC(1290)   Evacuate Collection Set: 195.8ms
[2026-01-16T10:44:21.352+0000][gc,phases   ] GC(1290)   Post Evacuate Collection Set: 22.0ms
[2026-01-16T10:44:21.353+0000][gc,phases   ] GC(1290)   Other: 9.4ms
[2026-01-16T10:44:21.353+0000][gc,heap     ] GC(1290) Eden regions: 48->0(48)
[2026-01-16T10:44:21.354+0000][gc,heap     ] GC(1290) Survivor regions: 3->3(7)
[2026-01-16T10:44:21.354+0000][gc,heap     ] GC(1290) Old regions: 124->124
[2026-01-16T10:44:21.355+0000][gc,heap     ] GC(1290) Humongous regions: 47->47
[2026-01-16T10:44:21.355+0000][gc,metaspace] GC(1290) Metaspace: 13157K(13632K)->13157K(13632K) NonClass: 12057K(12288K)->12057K(12288K) Class: 1100K(1344K)->1100K(1344K)
[2026-01-16T10:44:21.356+0000][gc          ] GC(1290) Pause Young (Normal) (G1 Evacuation Pause) 221M->172M(1024M) 297.737ms
[2026-01-16T10:44:21.359+0000][gc,cpu      ] GC(1290) User=0.14s Sys=0.02s Real=0.30s
[2026-01-16T10:44:22.751+0000][gc,start    ] GC(1291) Pause Young (Normal) (G1 Evacuation Pause)
[2026-01-16T10:44:22.752+0000][gc,task     ] GC(1291) Using 8 workers of 8 for evacuation
[2026-01-16T10:44:22.870+0000][gc,phases   ] GC(1291)   Pre Evacuate Collection Set: 13.3ms
[2026-01-16T10:44:22.871+0000][gc,phases   ] GC(1291)   Merge Heap Roots: 0.4ms
[2026-01-16T10:44:22.872+0000][gc,phases   ] GC(1291)   Evacuate Collection Set: 98.1ms
[2026-01-16T10:44:22.873+0000][gc,phases   ] GC(1291)   Post Evacuate Collection Set: 3.4ms
[2026-01-16T10:44:22.874+0000][gc,phases   ] GC(1291)   Other: 2.2ms
[2026-01-16T10:44:22.887+0000][gc,heap     ] GC(1291) Eden regions: 48->0(48)
[2026-01-16T10:44:22.888+0000][gc,heap     ] GC(1291) Survivor regions: 3->3(7)
[2026-01-16T10:44:22.888+0000][gc,heap     ] GC(1291) Old regions: 124->124
[2026-01-16T10:44:22.888+0000][gc,heap     ] GC(1291) Humongous regions: 47->47
[2026-01-16T10:44:22.888+0000][gc,metaspace] GC(1291) Metaspace: 13157K(13632K)->13157K(13632K) NonClass: 12057K(12288K)->12057K(12288K) Class: 1100K(1344K)->1100K(1344K)
[2026-01-16T10:44:22.888+0000][gc          ] GC(1291) Pause Young (Normal) (G1 Evacuation Pause) 220M->173M(1024M) 137.394ms
[2026-01-16T10:44:22.888+0000][gc,cpu      ] GC(1291) User=0.07s Sys=0.00s Real=0.13s
[2026-01-16T10:44:29.419+0000][gc,start    ] GC(1292) Pause Young (Normal) (G1 Evacuation Pause)
[2026-01-16T10:44:29.424+0000][gc,task     ] GC(1292) Using 8 workers of 8 for evacuation
[2026-01-16T10:44:29.579+0000][gc,phases   ] GC(1292)   Pre Evacuate Collection Set: 20.3ms
[2026-01-16T10:44:29.580+0000][gc,phases   ] GC(1292)   Merge Heap Roots: 5.0ms
[2026-01-16T10:44:29.580+0000][gc,phases   ] GC(1292)   Evacuate Collection Set: 105.4ms
[2026-01-16T10:44:29.581+0000][gc,phases   ] GC(1292)   Post Evacuate Collection Set: 17.3ms
[2026-01-16T10:44:29.582+0000][gc,phases   ] GC(1292)   Other: 5.3ms
[2026-01-16T10:44:29.582+0000][gc,heap     ] GC(1292) Eden regions: 48->0(81)
[2026-01-16T10:44:29.584+0000][gc,heap     ] GC(1292) Survivor regions: 3->2(7)
[2026-01-16T10:44:29.584+0000][gc,heap     ] GC(1292) Old regions: 124->125
[2026-01-16T10:44:29.584+0000][gc,heap     ] GC(1292) Humongous regions: 47->47
[2026-01-16T10:44:29.584+0000][gc,metaspace] GC(1292) Metaspace: 13157K(13632K)->13157K(13632K) NonClass: 12057K(12288K)->12057K(12288K) Class: 1100K(1344K)->1100K(1344K)
[2026-01-16T10:44:29.584+0000][gc          ] GC(1292) Pause Young (Normal) (G1 Evacuation Pause) 221M->172M(1024M) 165.861ms
[2026-01-16T10:44:29.585+0000][gc,cpu      ] GC(1292) User=0.13s Sys=0.01s Real=0.17s
[2026-01-16T10:44:30.455+0000][gc,start    ] GC(1293) Pause Young (Normal) (G1 Evacuation Pause)
[2026-01-16T10:44:30.456+0000][gc,task     ] GC(1293) Using 8 workers of 8 for evacuation
[2026-01-16T10:44:30.507+0000][gc,phases   ] GC(1293)   Pre Evacuate Collection Set: 0.6ms
[2026-01-16T10:44:30.508+0000][gc,phases   ] GC(1293)   Merge Heap Roots: 0.1ms
[2026-01-16T10:44:30.509+0000][gc,phases   ] GC(1293)   Evacuate Collection Set: 48.5ms
[2026-01-16T10:44:30.509+0000][gc,phases   ] GC(1293)   Post Evacuate Collection Set: 2.1ms
[2026-01-16T10:44:30.509+0000][gc,phases   ] GC(1293)   Other: 0.3ms
[2026-01-16T10:44:30.509+0000][gc,heap     ] GC(1293) Eden regions: 49->0(67)
[2026-01-16T10:44:30.510+0000][gc,heap     ] GC(1293) Survivor regions: 2->3(7)
[2026-01-16T10:44:30.511+0000][gc,heap     ] GC(1293) Old regions: 125->125
[2026-01-16T10:44:30.512+0000][gc,heap     ] GC(1293) Humongous regions: 47->47
[2026-01-16T10:44:30.512+0000][gc,metaspace] GC(1293) Metaspace: 13157K(13632K)->13157K(13632K) NonClass: 12057K(12288K)->12057K(12288K) Class: 1100K(1344K)->1100K(1344K)
[2026-01-16T10:44:30.513+0000][gc          ] GC(1293) Pause Young (Normal) (G1 Evacuation Pause) 221M->173M(1024M) 57.608ms
[2026-01-16T10:44:30.513+0000][gc,cpu      ] GC(1293) User=0.03s Sys=0.00s Real=0.06s
[2026-01-16T10:44:41.085+0000][gc,start    ] GC(1294) Pause Young (Normal) (G1 Evacuation Pause)
[2026-01-16T10:44:41.093+0000][gc,task     ] GC(1294) Using 8 workers of 8 for evacuation
[2026-01-16T10:44:41.258+0000][gc,phases   ] GC(1294)   Pre Evacuate Collection Set: 13.8ms
[2026-01-16T10:44:41.259+0000][gc,phases   ] GC(1294)   Merge Heap Roots: 7.6ms
[2026-01-16T10:44:41.259+0000][gc,phases   ] GC(1294)   Evacuate Collection Set: 110.1ms
[2026-01-16T10:44:41.259+0000][gc,phases   ] GC(1294)   Post Evacuate Collection Set: 19.7ms
[2026-01-16T10:44:41.260+0000][gc,phases   ] GC(1294)   Other: 13.7ms
[2026-01-16T10:44:41.260+0000][gc,heap     ] GC(1294) Eden regions: 76->0(131)
[2026-01-16T10:44:41.260+0000][gc,heap     ] GC(1294) Survivor regions: 3->2(10)
[2026-01-16T10:44:41.260+0000][gc,heap     ] GC(1294) Old regions: 125->125
[2026-01-16T10:44:41.260+0000][gc,heap     ] GC(1294) Humongous regions: 47->47
[2026-01-16T10:44:41.260+0000][gc,metaspace] GC(1294) Metaspace: 13157K(13632K)->13157K(13632K) NonClass: 12057K(12288K)->12057K(12288K) Class: 1100K(1344K)->1100K(1344K)
[2026-01-16T10:44:41.267+0000][gc          ] GC(1294) Pause Young (Normal) (G1 Evacuation Pause) 249M->173M(1024M) 181.348ms
[2026-01-16T10:44:41.269+0000][gc,cpu      ] GC(1294) User=0.19s Sys=0.02s Real=0.18s
[2026-01-16T10:44:54.112+0000][gc,start    ] GC(1295) Pause Young (Normal) (G1 Evacuation Pause)
[2026-01-16T10:44:54.113+0000][gc,task     ] GC(1295) Using 8 workers of 8 for evacuation
[2026-01-16T10:44:54.582+0000][gc,mmu      ] GC(1295) MMU target violated: 201.0ms (200.0ms/201.0ms)
[2026-01-16T10:44:54.583+0000][gc,phases   ] GC(1295)   Pre Evacuate Collection Set: 27.1ms
[2026-01-16T10:44:54.585+0000][gc,phases   ] GC(1295)   Merge Heap Roots: 1.9ms
[2026-01-16T10:44:54.586+0000][gc,phases   ] GC(1295)   Evacuate Collection Set: 301.8ms
[2026-01-16T10:44:54.587+0000][gc,phases   ] GC(1295)   Post Evacuate Collection Set: 128.9ms
[2026-01-16T10:44:54.591+0000][gc,phases   ] GC(1295)   Other: 11.1ms
[2026-01-16T10:44:54.591+0000][gc,heap     ] GC(1295) Eden regions: 144->0(48)
[2026-01-16T10:44:54.594+0000][gc,heap     ] GC(1295) Survivor regions: 2->3(19)
[2026-01-16T10:44:54.595+0000][gc,heap     ] GC(1295) Old regions: 125->125
[2026-01-16T10:44:54.595+0000][gc,heap     ] GC(1295) Humongous regions: 47->47
[2026-01-16T10:44:54.596+0000][gc,metaspace] GC(1295) Metaspace: 13157K(13632K)->13157K(13632K) NonClass: 12057K(12288K)->12057K(12288K) Class: 1100K(1344K)->1100K(1344K)
[2026-01-16T10:44:54.597+0000][gc          ] GC(1295) Pause Young (Normal) (G1 Evacuation Pause) 317M->173M(1024M) 485.345ms
[2026-01-16T10:44:54.598+0000][gc,cpu      ] GC(1295) User=0.32s Sys=0.03s Real=0.48s
[2026-01-16T10:44:57.311+0000][gc,start    ] GC(1296) Pause Young (Normal) (G1 Evacuation Pause)
[2026-01-16T10:44:57.316+0000][gc,task     ] GC(1296) Using 8 workers of 8 for evacuation
[2026-01-16T10:44:57.596+0000][gc,mmu      ] GC(1296) MMU target violated: 201.0ms (200.0ms/201.0ms)
[2026-01-16T10:44:57.597+0000][gc,phases   ] GC(1296)   Pre Evacuate Collection Set: 48.3ms
[2026-01-16T10:44:57.597+0000][gc,phases   ] GC(1296)   Merge Heap Roots: 0.4ms
[2026-01-16T10:44:57.598+0000][gc,phases   ] GC(1296)   Evacuate Collection Set: 210.4ms
[2026-01-16T10:44:57.598+0000][gc,phases   ] GC(1296)   Post Evacuate Collection Set: 17.5ms
[2026-01-16T10:44:57.598+0000][gc,phases   ] GC(1296)   Other: 4.6ms
[2026-01-16T10:44:57.599+0000][gc,heap     ] GC(1296) Eden regions: 48->0(48)
[2026-01-16T10:44:57.609+0000][gc,heap     ] GC(1296) Survivor regions: 3->3(7)
[2026-01-16T10:44:57.611+0000][gc,heap     ] GC(1296) Old regions: 125->125
[2026-01-16T10:44:57.611+0000][gc,heap     ] GC(1296) Humongous regions: 47->47
[2026-01-16T10:44:57.613+0000][gc,metaspace] GC(1296) Metaspace: 13157K(13632K)->13157K(13632K) NonClass: 12057K(12288K)->12057K(12288K) Class: 1100K(1344K)->1100K(1344K)
[2026-01-16T10:44:57.616+0000][gc          ] GC(1296) Pause Young (Normal) (G1 Evacuation Pause) 221M->174M(1024M) 304.859ms
[2026-01-16T10:44:57.623+0000][gc,cpu      ] GC(1296) User=0.14s Sys=0.00s Real=0.31s
[2026-01-16T10:45:00.071+0000][gc,start    ] GC(1297) Pause Young (Normal) (G1 Evacuation Pause)
[2026-01-16T10:45:00.073+0000][gc,task     ] GC(1297) Using 8 workers of 8 for evacuation
[2026-01-16T10:45:00.247+0000][gc,phases   ] GC(1297)   Pre Evacuate Collection Set: 9.2ms
[2026-01-16T10:45:00.258+0000][gc,phases   ] GC(1297)   Merge Heap Roots: 9.1ms
[2026-01-16T10:45:00.258+0000][gc,phases   ] GC(1297)   Evacuate Collection Set: 149.5ms
[2026-01-16T10:45:00.258+0000][gc,phases   ] GC(1297)   Post Evacuate Collection Set: 2.7ms
[2026-01-16T10:45:00.258+0000][gc,phases   ] GC(1297)   Other: 3.3ms
[2026-01-16T10:45:00.258+0000][gc,heap     ] GC(1297) Eden regions: 48->0(49)
[2026-01-16T10:45:00.258+0000][gc,heap     ] GC(1297) Survivor regions: 3->2(7)
[2026-01-16T10:45:00.258+0000][gc,heap     ] GC(1297) Old regions: 125->125
[2026-01-16T10:45:00.258+0000][gc,heap     ] GC(1297) Humongous regions: 47->47
[2026-01-16T10:45:00.258+0000][gc,metaspace] GC(1297) Metaspace: 13157K(13632K)->13157K(13632K) NonClass: 12057K(12288K)->12057K(12288K) Class: 1100K(1344K)->1100K(1344K)
[2026-01-16T10:45:00.258+0000][gc          ] GC(1297) Pause Young (Normal) (G1 Evacuation Pause) 222M->173M(1024M) 188.111ms
[2026-01-16T10:45:00.258+0000][gc,cpu      ] GC(1297) User=0.09s Sys=0.01s Real=0.18s
[2026-01-16T10:45:01.153+0000][gc,start    ] GC(1298) Pause Young (Normal) (G1 Evacuation Pause)
[2026-01-16T10:45:01.154+0000][gc,task     ] GC(1298) Using 8 workers of 8 for evacuation
[2026-01-16T10:45:01.228+0000][gc,phases   ] GC(1298)   Pre Evacuate Collection Set: 1.6ms
[2026-01-16T10:45:01.229+0000][gc,phases   ] GC(1298)   Merge Heap Roots: 0.8ms
[2026-01-16T10:45:01.231+0000][gc,phases   ] GC(1298)   Evacuate Collection Set: 68.9ms
[2026-01-16T10:45:01.232+0000][gc,phases   ] GC(1298)   Post Evacuate Collection Set: 1.5ms
[2026-01-16T10:45:01.232+0000][gc,phases   ] GC(1298)   Other: 1.1ms
[2026-01-16T10:45:01.234+0000][gc,heap     ] GC(1298) Eden regions: 49->0(48)
[2026-01-16T10:45:01.237+0000][gc,heap     ] GC(1298) Survivor regions: 2->3(7)
[2026-01-16T10:45:01.239+0000][gc,heap     ] GC(1298) Old regions: 125->125
[2026-01-16T10:45:01.242+0000][gc,heap     ] GC(1298) Humongous regions: 47->47
[2026-01-16T10:45:01.242+0000][gc,metaspace] GC(1298) Metaspace: 13157K(13632K)->13157K(13632K) NonClass: 12057K(12288K)->12057K(12288K) Class: 1100K(1344K)->1100K(1344K)
[2026-01-16T10:45:01.243+0000][gc          ] GC(1298) Pause Young (Normal) (G1 Evacuation Pause) 222M->173M(1024M) 90.252ms
[2026-01-16T10:45:01.243+0000][gc,cpu      ] GC(1298) User=0.06s Sys=0.01s Real=0.09s
[2026-01-16T10:45:09.421+0000][gc,start    ] GC(1299) Pause Young (Normal) (G1 Evacuation Pause)
[2026-01-16T10:45:09.424+0000][gc,task     ] GC(1299) Using 8 workers of 8 for evacuation
[2026-01-16T10:45:09.552+0000][gc,phases   ] GC(1299)   Pre Evacuate Collection Set: 10.8ms
[2026-01-16T10:45:09.555+0000][gc,phases   ] GC(1299)   Merge Heap Roots: 8.2ms
[2026-01-16T10:45:09.555+0000][gc,phases   ] GC(1299)   Evacuate Collection Set: 88.9ms
[2026-01-16T10:45:09.555+0000][gc,phases   ] GC(1299)   Post Evacuate Collection Set: 17.6ms
[2026-01-16T10:45:09.555+0000][gc,phases   ] GC(1299)   Other: 4.0ms
[2026-01-16T10:45:09.555+0000][gc,heap     ] GC(1299) Eden regions: 48->0(128)
[2026-01-16T10:45:09.557+0000][gc,heap     ] GC(1299) Survivor regions: 3->2(7)
[2026-01-16T10:45:09.558+0000][gc,heap     ] GC(1299) Old regions: 125->125
[2026-01-16T10:45:09.559+0000][gc,heap     ] GC(1299) Humongous regions: 47->47
[2026-01-16T10:45:09.561+0000][gc,metaspace] GC(1299) Metaspace: 13157K(13632K)->13157K(13632K) NonClass: 12057K(12288K)->12057K(12288K) Class: 1100K(1344K)->1100K(1344K)
[2026-01-16T10:45:09.563+0000][gc          ] GC(1299) Pause Young (Normal) (G1 Evacuation Pause) 221M->173M(1024M) 141.989ms
[2026-01-16T10:45:09.564+0000][gc,cpu      ] GC(1299) User=0.13s Sys=0.01s Real=0.14s
[2026-01-16T10:45:19.996+0000][gc,start    ] GC(1300) Pause Young (Normal) (G1 Evacuation Pause)
[2026-01-16T10:45:20.000+0000][gc,task     ] GC(1300) Using 8 workers of 8 for evacuation
[2026-01-16T10:45:20.187+0000][gc,phases   ] GC(1300)   Pre Evacuate Collection Set: 37.7ms
[2026-01-16T10:45:20.188+0000][gc,phases   ] GC(1300)   Merge Heap Roots: 15.3ms
[2026-01-16T10:45:20.188+0000][gc,phases   ] GC(1300)   Evacuate Collection Set: 114.0ms
[2026-01-16T10:45:20.189+0000][gc,phases   ] GC(1300)   Post Evacuate Collection Set: 18.2ms
[2026-01-16T10:45:20.192+0000][gc,phases   ] GC(1300)   Other: 2.8ms
[2026-01-16T10:45:20.192+0000][gc,heap     ] GC(1300) Eden regions: 131->0(139)
[2026-01-16T10:45:20.193+0000][gc,heap     ] GC(1300) Survivor regions: 2->2(17)
[2026-01-16T10:45:20.193+0000][gc,heap     ] GC(1300) Old regions: 125->125
[2026-01-16T10:45:20.193+0000][gc,heap     ] GC(1300) Humongous regions: 47->47
[2026-01-16T10:45:20.194+0000][gc,metaspace] GC(1300) Metaspace: 13157K(13632K)->13157K(13632K) NonClass: 12057K(12288K)->12057K(12288K) Class: 1100K(1344K)->1100K(1344K)
[2026-01-16T10:45:20.195+0000][gc          ] GC(1300) Pause Young (Normal) (G1 Evacuation Pause) 304M->173M(1024M) 198.117ms
[2026-01-16T10:45:20.195+0000][gc,cpu      ] GC(1300) User=0.16s Sys=0.03s Real=0.20s
[2026-01-16T10:45:31.233+0000][gc,start    ] GC(1301) Pause Young (Normal) (G1 Evacuation Pause)
[2026-01-16T10:45:31.238+0000][gc,task     ] GC(1301) Using 8 workers of 8 for evacuation
[2026-01-16T10:45:31.367+0000][gc,phases   ] GC(1301)   Pre Evacuate Collection Set: 13.8ms
[2026-01-16T10:45:31.373+0000][gc,phases   ] GC(1301)   Merge Heap Roots: 4.9ms
[2026-01-16T10:45:31.373+0000][gc,phases   ] GC(1301)   Evacuate Collection Set: 99.4ms
[2026-01-16T10:45:31.373+0000][gc,phases   ] GC(1301)   Post Evacuate Collection Set: 7.6ms
[2026-01-16T10:45:31.373+0000][gc,phases   ] GC(1301)   Other: 4.5ms
[2026-01-16T10:45:31.374+0000][gc,heap     ] GC(1301) Eden regions: 155->0(115)
[2026-01-16T10:45:31.374+0000][gc,heap     ] GC(1301) Survivor regions: 2->3(20)
[2026-01-16T10:45:31.374+0000][gc,heap     ] GC(1301) Old regions: 125->125
[2026-01-16T10:45:31.374+0000][gc,heap     ] GC(1301) Humongous regions: 47->47
[2026-01-16T10:45:31.375+0000][gc,metaspace] GC(1301) Metaspace: 13157K(13632K)->13157K(13632K) NonClass: 12057K(12288K)->12057K(12288K) Class: 1100K(1344K)->1100K(1344K)
[2026-01-16T10:45:31.379+0000][gc          ] GC(1301) Pause Young (Normal) (G1 Evacuation Pause) 328M->174M(1024M) 146.805ms
[2026-01-16T10:45:31.380+0000][gc,cpu      ] GC(1301) User=0.30s Sys=0.03s Real=0.15s
[2026-01-16T10:45:42.124+0000][gc,start    ] GC(1302) Pause Young (Normal) (G1 Evacuation Pause)
[2026-01-16T10:45:42.130+0000][gc,task     ] GC(1302) Using 8 workers of 8 for evacuation
[2026-01-16T10:45:42.395+0000][gc,mmu      ] GC(1302) MMU target violated: 201.0ms (200.0ms/201.0ms)
[2026-01-16T10:45:42.397+0000][gc,phases   ] GC(1302)   Pre Evacuate Collection Set: 44.2ms
[2026-01-16T10:45:42.397+0000][gc,phases   ] GC(1302)   Merge Heap Roots: 3.9ms
[2026-01-16T10:45:42.398+0000][gc,phases   ] GC(1302)   Evacuate Collection Set: 177.8ms
[2026-01-16T10:45:42.398+0000][gc,phases   ] GC(1302)   Post Evacuate Collection Set: 36.4ms
[2026-01-16T10:45:42.403+0000][gc,phases   ] GC(1302)   Other: 6.5ms
[2026-01-16T10:45:42.403+0000][gc,heap     ] GC(1302) Eden regions: 129->0(124)
[2026-01-16T10:45:42.407+0000][gc,heap     ] GC(1302) Survivor regions: 3->3(17)
[2026-01-16T10:45:42.407+0000][gc,heap     ] GC(1302) Old regions: 125->125
[2026-01-16T10:45:42.407+0000][gc,heap     ] GC(1302) Humongous regions: 47->47
[2026-01-16T10:45:42.407+0000][gc,metaspace] GC(1302) Metaspace: 13157K(13632K)->13157K(13632K) NonClass: 12057K(12288K)->12057K(12288K) Class: 1100K(1344K)->1100K(1344K)
[2026-01-16T10:45:42.408+0000][gc          ] GC(1302) Pause Young (Normal) (G1 Evacuation Pause) 303M->174M(1024M) 284.174ms
[2026-01-16T10:45:42.409+0000][gc,cpu      ] GC(1302) User=0.24s Sys=0.07s Real=0.28s
[2026-01-16T10:45:52.648+0000][gc,start    ] GC(1303) Pause Young (Normal) (G1 Evacuation Pause)
[2026-01-16T10:45:52.649+0000][gc,task     ] GC(1303) Using 8 workers of 8 for evacuation
[2026-01-16T10:45:53.178+0000][gc,mmu      ] GC(1303) MMU target violated: 201.0ms (200.0ms/201.0ms)
[2026-01-16T10:45:53.179+0000][gc,phases   ] GC(1303)   Pre Evacuate Collection Set: 50.6ms
[2026-01-16T10:45:53.180+0000][gc,phases   ] GC(1303)   Merge Heap Roots: 2.5ms
[2026-01-16T10:45:53.181+0000][gc,phases   ] GC(1303)   Evacuate Collection Set: 421.5ms
[2026-01-16T10:45:53.187+0000][gc,phases   ] GC(1303)   Post Evacuate Collection Set: 53.0ms
[2026-01-16T10:45:53.188+0000][gc,phases   ] GC(1303)   Other: 2.3ms
[2026-01-16T10:45:53.189+0000][gc,heap     ] GC(1303) Eden regions: 138->0(47)
[2026-01-16T10:45:53.192+0000][gc,heap     ] GC(1303) Survivor regions: 3->4(18)
[2026-01-16T10:45:53.194+0000][gc,heap     ] GC(1303) Old regions: 125->125
[2026-01-16T10:45:53.197+0000][gc,heap     ] GC(1303) Humongous regions: 47->47
[2026-01-16T10:45:53.197+0000][gc,metaspace] GC(1303) Metaspace: 13157K(13632K)->13157K(13632K) NonClass: 12057K(12288K)->12057K(12288K) Class: 1100K(1344K)->1100K(1344K)
[2026-01-16T10:45:53.200+0000][gc          ] GC(1303) Pause Young (Normal) (G1 Evacuation Pause) 312M->175M(1024M) 552.136ms
[2026-01-16T10:45:53.202+0000][gc,cpu      ] GC(1303) User=0.31s Sys=0.02s Real=0.56s
[2026-01-16T10:45:59.794+0000][gc,start    ] GC(1304) Pause Young (Normal) (G1 Evacuation Pause)
[2026-01-16T10:45:59.797+0000][gc,task     ] GC(1304) Using 8 workers of 8 for evacuation
[2026-01-16T10:45:59.914+0000][gc,phases   ] GC(1304)   Pre Evacuate Collection Set: 20.0ms
[2026-01-16T10:45:59.915+0000][gc,phases   ] GC(1304)   Merge Heap Roots: 2.1ms
[2026-01-16T10:45:59.916+0000][gc,phases   ] GC(1304)   Evacuate Collection Set: 83.6ms
[2026-01-16T10:45:59.916+0000][gc,phases   ] GC(1304)   Post Evacuate Collection Set: 10.9ms
[2026-01-16T10:45:59.917+0000][gc,phases   ] GC(1304)   Other: 2.0ms
[2026-01-16T10:45:59.919+0000][gc,heap     ] GC(1304) Eden regions: 47->0(48)
[2026-01-16T10:45:59.919+0000][gc,heap     ] GC(1304) Survivor regions: 4->3(7)
[2026-01-16T10:45:59.920+0000][gc,heap     ] GC(1304) Old regions: 125->126
[2026-01-16T10:45:59.920+0000][gc,heap     ] GC(1304) Humongous regions: 47->47
[2026-01-16T10:45:59.921+0000][gc,metaspace] GC(1304) Metaspace: 13157K(13632K)->13157K(13632K) NonClass: 12057K(12288K)->12057K(12288K) Class: 1100K(1344K)->1100K(1344K)
[2026-01-16T10:45:59.926+0000][gc          ] GC(1304) Pause Young (Normal) (G1 Evacuation Pause) 222M->174M(1024M) 135.800ms
[2026-01-16T10:45:59.927+0000][gc,cpu      ] GC(1304) User=0.13s Sys=0.01s Real=0.13s
[2026-01-16T10:46:00.758+0000][gc,start    ] GC(1305) Pause Young (Normal) (G1 Evacuation Pause)
[2026-01-16T10:46:00.760+0000][gc,task     ] GC(1305) Using 8 workers of 8 for evacuation
[2026-01-16T10:46:00.783+0000][gc,phases   ] GC(1305)   Pre Evacuate Collection Set: 0.5ms
[2026-01-16T10:46:00.783+0000][gc,phases   ] GC(1305)   Merge Heap Roots: 0.1ms
[2026-01-16T10:46:00.783+0000][gc,phases   ] GC(1305)   Evacuate Collection Set: 20.2ms
[2026-01-16T10:46:00.783+0000][gc,phases   ] GC(1305)   Post Evacuate Collection Set: 1.9ms
[2026-01-16T10:46:00.784+0000][gc,phases   ] GC(1305)   Other: 0.4ms
[2026-01-16T10:46:00.784+0000][gc,heap     ] GC(1305) Eden regions: 48->0(51)
[2026-01-16T10:46:00.784+0000][gc,heap     ] GC(1305) Survivor regions: 3->3(7)
[2026-01-16T10:46:00.784+0000][gc,heap     ] GC(1305) Old regions: 126->126
[2026-01-16T10:46:00.784+0000][gc,heap     ] GC(1305) Humongous regions: 47->47
[2026-01-16T10:46:00.784+0000][gc,metaspace] GC(1305) Metaspace: 13157K(13632K)->13157K(13632K) NonClass: 12057K(12288K)->12057K(12288K) Class: 1100K(1344K)->1100K(1344K)
[2026-01-16T10:46:00.786+0000][gc          ] GC(1305) Pause Young (Normal) (G1 Evacuation Pause) 222M->175M(1024M) 27.072ms
[2026-01-16T10:46:00.786+0000][gc,cpu      ] GC(1305) User=0.05s Sys=0.00s Real=0.03s
[2026-01-16T10:46:09.268+0000][gc,start    ] GC(1306) Pause Young (Normal) (G1 Evacuation Pause)
[2026-01-16T10:46:09.269+0000][gc,task     ] GC(1306) Using 8 workers of 8 for evacuation
[2026-01-16T10:46:09.310+0000][gc,phases   ] GC(1306)   Pre Evacuate Collection Set: 8.7ms
[2026-01-16T10:46:09.311+0000][gc,phases   ] GC(1306)   Merge Heap Roots: 0.6ms
[2026-01-16T10:46:09.311+0000][gc,phases   ] GC(1306)   Evacuate Collection Set: 27.4ms
[2026-01-16T10:46:09.311+0000][gc,phases   ] GC(1306)   Post Evacuate Collection Set: 3.7ms
[2026-01-16T10:46:09.311+0000][gc,phases   ] GC(1306)   Other: 1.1ms
[2026-01-16T10:46:09.311+0000][gc,heap     ] GC(1306) Eden regions: 48->0(181)
[2026-01-16T10:46:09.311+0000][gc,heap     ] GC(1306) Survivor regions: 3->3(7)
[2026-01-16T10:46:09.311+0000][gc,heap     ] GC(1306) Old regions: 126->126
[2026-01-16T10:46:09.311+0000][gc,heap     ] GC(1306) Humongous regions: 47->47
[2026-01-16T10:46:09.312+0000][gc,metaspace] GC(1306) Metaspace: 13157K(13632K)->13157K(13632K) NonClass: 12057K(12288K)->12057K(12288K) Class: 1100K(1344K)->1100K(1344K)
[2026-01-16T10:46:09.314+0000][gc          ] GC(1306) Pause Young (Normal) (G1 Evacuation Pause) 223M->174M(1024M) 46.192ms
[2026-01-16T10:46:09.314+0000][gc,cpu      ] GC(1306) User=0.10s Sys=0.01s Real=0.05s
[2026-01-16T10:46:21.232+0000][gc,start    ] GC(1307) Pause Young (Normal) (G1 Evacuation Pause)
[2026-01-16T10:46:21.234+0000][gc,task     ] GC(1307) Using 8 workers of 8 for evacuation
[2026-01-16T10:46:21.371+0000][gc,phases   ] GC(1307)   Pre Evacuate Collection Set: 19.4ms
[2026-01-16T10:46:21.371+0000][gc,phases   ] GC(1307)   Merge Heap Roots: 2.7ms
[2026-01-16T10:46:21.371+0000][gc,phases   ] GC(1307)   Evacuate Collection Set: 102.7ms
[2026-01-16T10:46:21.375+0000][gc,phases   ] GC(1307)   Post Evacuate Collection Set: 6.8ms
[2026-01-16T10:46:21.378+0000][gc,phases   ] GC(1307)   Other: 5.6ms
[2026-01-16T10:46:21.379+0000][gc,heap     ] GC(1307) Eden regions: 189->0(123)
[2026-01-16T10:46:21.380+0000][gc,heap     ] GC(1307) Survivor regions: 3->4(24)
[2026-01-16T10:46:21.381+0000][gc,heap     ] GC(1307) Old regions: 126->126
[2026-01-16T10:46:21.382+0000][gc,heap     ] GC(1307) Humongous regions: 47->47
[2026-01-16T10:46:21.383+0000][gc,metaspace] GC(1307) Metaspace: 13157K(13632K)->13157K(13632K) NonClass: 12057K(12288K)->12057K(12288K) Class: 1100K(1344K)->1100K(1344K)
[2026-01-16T10:46:21.392+0000][gc          ] GC(1307) Pause Young (Normal) (G1 Evacuation Pause) 363M->175M(1024M) 159.655ms
[2026-01-16T10:46:21.392+0000][gc,cpu      ] GC(1307) User=0.17s Sys=0.05s Real=0.16s
[2026-01-16T10:46:30.579+0000][gc,start    ] GC(1308) Pause Young (Normal) (G1 Evacuation Pause)
[2026-01-16T10:46:30.580+0000][gc,task     ] GC(1308) Using 8 workers of 8 for evacuation
[2026-01-16T10:46:30.669+0000][gc,phases   ] GC(1308)   Pre Evacuate Collection Set: 5.6ms
[2026-01-16T10:46:30.670+0000][gc,phases   ] GC(1308)   Merge Heap Roots: 1.0ms
[2026-01-16T10:46:30.670+0000][gc,phases   ] GC(1308)   Evacuate Collection Set: 74.5ms
[2026-01-16T10:46:30.671+0000][gc,phases   ] GC(1308)   Post Evacuate Collection Set: 7.8ms
[2026-01-16T10:46:30.671+0000][gc,phases   ] GC(1308)   Other: 0.8ms
[2026-01-16T10:46:30.671+0000][gc,heap     ] GC(1308) Eden regions: 100->0(202)
[2026-01-16T10:46:30.672+0000][gc,heap     ] GC(1308) Survivor regions: 4->4(13)
[2026-01-16T10:46:30.672+0000][gc,heap     ] GC(1308) Old regions: 126->126
[2026-01-16T10:46:30.673+0000][gc,heap     ] GC(1308) Humongous regions: 47->47
[2026-01-16T10:46:30.673+0000][gc,metaspace] GC(1308) Metaspace: 13163K(13632K)->13163K(13632K) NonClass: 12063K(12288K)->12063K(12288K) Class: 1100K(1344K)->1100K(1344K)
[2026-01-16T10:46:30.674+0000][gc          ] GC(1308) Pause Young (Normal) (G1 Evacuation Pause) 275M->175M(1024M) 95.415ms
[2026-01-16T10:46:30.675+0000][gc,cpu      ] GC(1308) User=0.10s Sys=0.01s Real=0.10s
[2026-01-16T10:46:50.526+0000][gc,start    ] GC(1309) Pause Young (Normal) (G1 Evacuation Pause)
[2026-01-16T10:46:50.529+0000][gc,task     ] GC(1309) Using 8 workers of 8 for evacuation
[2026-01-16T10:46:50.691+0000][gc,phases   ] GC(1309)   Pre Evacuate Collection Set: 49.4ms
[2026-01-16T10:46:50.696+0000][gc,phases   ] GC(1309)   Merge Heap Roots: 2.5ms
[2026-01-16T10:46:50.697+0000][gc,phases   ] GC(1309)   Evacuate Collection Set: 93.9ms
[2026-01-16T10:46:50.697+0000][gc,phases   ] GC(1309)   Post Evacuate Collection Set: 15.5ms
[2026-01-16T10:46:50.697+0000][gc,phases   ] GC(1309)   Other: 0.5ms
[2026-01-16T10:46:50.697+0000][gc,heap     ] GC(1309) Eden regions: 215->0(237)
[2026-01-16T10:46:50.697+0000][gc,heap     ] GC(1309) Survivor regions: 4->4(28)
[2026-01-16T10:46:50.697+0000][gc,heap     ] GC(1309) Old regions: 126->126
[2026-01-16T10:46:50.698+0000][gc,heap     ] GC(1309) Humongous regions: 47->47
[2026-01-16T10:46:50.698+0000][gc,metaspace] GC(1309) Metaspace: 13163K(13632K)->13163K(13632K) NonClass: 12063K(12288K)->12063K(12288K) Class: 1100K(1344K)->1100K(1344K)
[2026-01-16T10:46:50.698+0000][gc          ] GC(1309) Pause Young (Normal) (G1 Evacuation Pause) 390M->175M(1024M) 173.839ms
[2026-01-16T10:46:50.698+0000][gc,cpu      ] GC(1309) User=0.21s Sys=0.04s Real=0.17s
[2026-01-16T10:47:09.801+0000][gc,start    ] GC(1310) Pause Young (Normal) (G1 Evacuation Pause)
[2026-01-16T10:47:09.807+0000][gc,task     ] GC(1310) Using 8 workers of 8 for evacuation
[2026-01-16T10:47:10.108+0000][gc,mmu      ] GC(1310) MMU target violated: 201.0ms (200.0ms/201.0ms)
[2026-01-16T10:47:10.113+0000][gc,phases   ] GC(1310)   Pre Evacuate Collection Set: 70.9ms
[2026-01-16T10:47:10.113+0000][gc,phases   ] GC(1310)   Merge Heap Roots: 9.1ms
[2026-01-16T10:47:10.115+0000][gc,phases   ] GC(1310)   Evacuate Collection Set: 168.3ms
[2026-01-16T10:47:10.115+0000][gc,phases   ] GC(1310)   Post Evacuate Collection Set: 43.6ms
[2026-01-16T10:47:10.116+0000][gc,phases   ] GC(1310)   Other: 13.5ms
[2026-01-16T10:47:10.119+0000][gc,heap     ] GC(1310) Eden regions: 195->0(107)
[2026-01-16T10:47:10.120+0000][gc,heap     ] GC(1310) Survivor regions: 4->3(25)
[2026-01-16T10:47:10.121+0000][gc,heap     ] GC(1310) Old regions: 126->126
[2026-01-16T10:47:10.122+0000][gc,heap     ] GC(1310) Humongous regions: 47->47
[2026-01-16T10:47:10.122+0000][gc,metaspace] GC(1310) Metaspace: 13163K(13632K)->13163K(13632K) NonClass: 12063K(12288K)->12063K(12288K) Class: 1100K(1344K)->1100K(1344K)
[2026-01-16T10:47:10.122+0000][gc          ] GC(1310) Pause Young (Normal) (G1 Evacuation Pause) 370M->175M(1024M) 321.496ms
[2026-01-16T10:47:10.122+0000][gc,cpu      ] GC(1310) User=0.20s Sys=0.02s Real=0.32s
[2026-01-16T10:47:19.594+0000][gc,start    ] GC(1311) Pause Young (Normal) (G1 Evacuation Pause)
[2026-01-16T10:47:19.597+0000][gc,task     ] GC(1311) Using 8 workers of 8 for evacuation
[2026-01-16T10:47:19.744+0000][gc,phases   ] GC(1311)   Pre Evacuate Collection Set: 22.3ms
[2026-01-16T10:47:19.746+0000][gc,phases   ] GC(1311)   Merge Heap Roots: 3.5ms
[2026-01-16T10:47:19.746+0000][gc,phases   ] GC(1311)   Evacuate Collection Set: 103.1ms
[2026-01-16T10:47:19.746+0000][gc,phases   ] GC(1311)   Post Evacuate Collection Set: 14.8ms
[2026-01-16T10:47:19.746+0000][gc,phases   ] GC(1311)   Other: 5.2ms
[2026-01-16T10:47:19.747+0000][gc,heap     ] GC(1311) Eden regions: 138->0(88)
[2026-01-16T10:47:19.748+0000][gc,heap     ] GC(1311) Survivor regions: 3->4(18)
[2026-01-16T10:47:19.748+0000][gc,heap     ] GC(1311) Old regions: 126->126
[2026-01-16T10:47:19.749+0000][gc,heap     ] GC(1311) Humongous regions: 47->47
[2026-01-16T10:47:19.751+0000][gc,metaspace] GC(1311) Metaspace: 13163K(13632K)->13163K(13632K) NonClass: 12063K(12288K)->12063K(12288K) Class: 1100K(1344K)->1100K(1344K)
[2026-01-16T10:47:19.752+0000][gc          ] GC(1311) Pause Young (Normal) (G1 Evacuation Pause) 313M->176M(1024M) 158.707ms
[2026-01-16T10:47:19.753+0000][gc,cpu      ] GC(1311) User=0.19s Sys=0.02s Real=0.16s
[2026-01-16T10:47:29.990+0000][gc,start    ] GC(1312) Pause Young (Normal) (G1 Evacuation Pause)
[2026-01-16T10:47:29.993+0000][gc,task     ] GC(1312) Using 8 workers of 8 for evacuation
[2026-01-16T10:47:30.144+0000][gc,phases   ] GC(1312)   Pre Evacuate Collection Set: 14.2ms
[2026-01-16T10:47:30.144+0000][gc,phases   ] GC(1312)   Merge Heap Roots: 3.6ms
[2026-01-16T10:47:30.145+0000][gc,phases   ] GC(1312)   Evacuate Collection Set: 112.4ms
[2026-01-16T10:47:30.145+0000][gc,phases   ] GC(1312)   Post Evacuate Collection Set: 16.7ms
[2026-01-16T10:47:30.145+0000][gc,phases   ] GC(1312)   Other: 3.6ms
[2026-01-16T10:47:30.146+0000][gc,heap     ] GC(1312) Eden regions: 151->0(161)
[2026-01-16T10:47:30.146+0000][gc,heap     ] GC(1312) Survivor regions: 4->4(20)
[2026-01-16T10:47:30.146+0000][gc,heap     ] GC(1312) Old regions: 126->126
[2026-01-16T10:47:30.146+0000][gc,heap     ] GC(1312) Humongous regions: 47->47
[2026-01-16T10:47:30.147+0000][gc,metaspace] GC(1312) Metaspace: 13163K(13632K)->13163K(13632K) NonClass: 12063K(12288K)->12063K(12288K) Class: 1100K(1344K)->1100K(1344K)
[2026-01-16T10:47:30.148+0000][gc          ] GC(1312) Pause Young (Normal) (G1 Evacuation Pause) 327M->176M(1024M) 158.978ms
[2026-01-16T10:47:30.149+0000][gc,cpu      ] GC(1312) User=0.29s Sys=0.04s Real=0.16s
[2026-01-16T10:47:50.732+0000][gc,start    ] GC(1313) Pause Young (Normal) (G1 Evacuation Pause)
[2026-01-16T10:47:50.735+0000][gc,task     ] GC(1313) Using 8 workers of 8 for evacuation
[2026-01-16T10:47:50.849+0000][gc,phases   ] GC(1313)   Pre Evacuate Collection Set: 14.5ms
[2026-01-16T10:47:50.851+0000][gc,phases   ] GC(1313)   Merge Heap Roots: 8.1ms
[2026-01-16T10:47:50.852+0000][gc,phases   ] GC(1313)   Evacuate Collection Set: 66.0ms
[2026-01-16T10:47:50.852+0000][gc,phases   ] GC(1313)   Post Evacuate Collection Set: 22.5ms
[2026-01-16T10:47:50.852+0000][gc,phases   ] GC(1313)   Other: 3.1ms
[2026-01-16T10:47:50.853+0000][gc,heap     ] GC(1313) Eden regions: 211->0(256)
[2026-01-16T10:47:50.853+0000][gc,heap     ] GC(1313) Survivor regions: 4->4(27)
[2026-01-16T10:47:50.853+0000][gc,heap     ] GC(1313) Old regions: 126->126
[2026-01-16T10:47:50.854+0000][gc,heap     ] GC(1313) Humongous regions: 47->47
[2026-01-16T10:47:50.854+0000][gc,metaspace] GC(1313) Metaspace: 13163K(13632K)->13163K(13632K) NonClass: 12063K(12288K)->12063K(12288K) Class: 1100K(1344K)->1100K(1344K)
[2026-01-16T10:47:50.855+0000][gc          ] GC(1313) Pause Young (Normal) (G1 Evacuation Pause) 387M->176M(1024M) 122.786ms
[2026-01-16T10:47:50.855+0000][gc,cpu      ] GC(1313) User=0.31s Sys=0.04s Real=0.12s
[2026-01-16T10:48:10.977+0000][gc,start    ] GC(1314) Pause Young (Normal) (G1 Evacuation Pause)
[2026-01-16T10:48:10.977+0000][gc,task     ] GC(1314) Using 8 workers of 8 for evacuation
[2026-01-16T10:48:11.052+0000][gc,phases   ] GC(1314)   Pre Evacuate Collection Set: 8.3ms
[2026-01-16T10:48:11.053+0000][gc,phases   ] GC(1314)   Merge Heap Roots: 1.3ms
[2026-01-16T10:48:11.053+0000][gc,phases   ] GC(1314)   Evacuate Collection Set: 61.0ms
[2026-01-16T10:48:11.053+0000][gc,phases   ] GC(1314)   Post Evacuate Collection Set: 3.6ms
[2026-01-16T10:48:11.053+0000][gc,phases   ] GC(1314)   Other: 0.9ms
[2026-01-16T10:48:11.053+0000][gc,heap     ] GC(1314) Eden regions: 265->0(303)
[2026-01-16T10:48:11.053+0000][gc,heap     ] GC(1314) Survivor regions: 4->5(34)
[2026-01-16T10:48:11.053+0000][gc,heap     ] GC(1314) Old regions: 126->127
[2026-01-16T10:48:11.054+0000][gc,heap     ] GC(1314) Humongous regions: 47->47
[2026-01-16T10:48:11.054+0000][gc,metaspace] GC(1314) Metaspace: 13163K(13632K)->13163K(13632K) NonClass: 12063K(12288K)->12063K(12288K) Class: 1100K(1344K)->1100K(1344K)
[2026-01-16T10:48:11.054+0000][gc          ] GC(1314) Pause Young (Normal) (G1 Evacuation Pause) 441M->177M(1024M) 77.701ms
[2026-01-16T10:48:11.054+0000][gc,cpu      ] GC(1314) User=0.31s Sys=0.03s Real=0.07s
[2026-01-16T10:48:30.472+0000][gc,start    ] GC(1315) Pause Young (Normal) (G1 Evacuation Pause)
[2026-01-16T10:48:30.473+0000][gc,task     ] GC(1315) Using 8 workers of 8 for evacuation
[2026-01-16T10:48:30.543+0000][gc,phases   ] GC(1315)   Pre Evacuate Collection Set: 5.5ms
[2026-01-16T10:48:30.544+0000][gc,phases   ] GC(1315)   Merge Heap Roots: 0.6ms
[2026-01-16T10:48:30.544+0000][gc,phases   ] GC(1315)   Evacuate Collection Set: 54.3ms
[2026-01-16T10:48:30.545+0000][gc,phases   ] GC(1315)   Post Evacuate Collection Set: 5.1ms
[2026-01-16T10:48:30.545+0000][gc,phases   ] GC(1315)   Other: 4.1ms
[2026-01-16T10:48:30.545+0000][gc,heap     ] GC(1315) Eden regions: 268->0(453)
[2026-01-16T10:48:30.546+0000][gc,heap     ] GC(1315) Survivor regions: 5->5(35)
[2026-01-16T10:48:30.546+0000][gc,heap     ] GC(1315) Old regions: 127->127
[2026-01-16T10:48:30.546+0000][gc,heap     ] GC(1315) Humongous regions: 47->47
[2026-01-16T10:48:30.547+0000][gc,metaspace] GC(1315) Metaspace: 13163K(13632K)->13163K(13632K) NonClass: 12063K(12288K)->12063K(12288K) Class: 1100K(1344K)->1100K(1344K)
[2026-01-16T10:48:30.547+0000][gc          ] GC(1315) Pause Young (Normal) (G1 Evacuation Pause) 445M->178M(1024M) 74.703ms
[2026-01-16T10:48:30.547+0000][gc,cpu      ] GC(1315) User=0.25s Sys=0.04s Real=0.07s
[2026-01-16T10:49:10.462+0000][gc,start    ] GC(1316) Pause Young (Normal) (G1 Evacuation Pause)
[2026-01-16T10:49:10.463+0000][gc,task     ] GC(1316) Using 8 workers of 8 for evacuation
[2026-01-16T10:49:10.527+0000][gc,phases   ] GC(1316)   Pre Evacuate Collection Set: 4.0ms
[2026-01-16T10:49:10.527+0000][gc,phases   ] GC(1316)   Merge Heap Roots: 0.9ms
[2026-01-16T10:49:10.527+0000][gc,phases   ] GC(1316)   Evacuate Collection Set: 50.9ms
[2026-01-16T10:49:10.527+0000][gc,phases   ] GC(1316)   Post Evacuate Collection Set: 7.4ms
[2026-01-16T10:49:10.528+0000][gc,phases   ] GC(1316)   Other: 0.9ms
[2026-01-16T10:49:10.528+0000][gc,heap     ] GC(1316) Eden regions: 411->0(609)
[2026-01-16T10:49:10.529+0000][gc,heap     ] GC(1316) Survivor regions: 5->5(52)
[2026-01-16T10:49:10.529+0000][gc,heap     ] GC(1316) Old regions: 127->127
[2026-01-16T10:49:10.529+0000][gc,heap     ] GC(1316) Humongous regions: 47->47
[2026-01-16T10:49:10.529+0000][gc,metaspace] GC(1316) Metaspace: 13163K(13632K)->13163K(13632K) NonClass: 12063K(12288K)->12063K(12288K) Class: 1100K(1344K)->1100K(1344K)
[2026-01-16T10:49:10.529+0000][gc          ] GC(1316) Pause Young (Normal) (G1 Evacuation Pause) 589M->178M(1024M) 67.657ms
[2026-01-16T10:49:10.529+0000][gc,cpu      ] GC(1316) User=0.36s Sys=0.01s Real=0.07s
[2026-01-16T10:50:00.831+0000][gc,start    ] GC(1317) Pause Young (Normal) (G1 Evacuation Pause)
[2026-01-16T10:50:00.837+0000][gc,task     ] GC(1317) Using 8 workers of 8 for evacuation
[2026-01-16T10:50:01.021+0000][gc,phases   ] GC(1317)   Pre Evacuate Collection Set: 20.0ms
[2026-01-16T10:50:01.021+0000][gc,phases   ] GC(1317)   Merge Heap Roots: 2.1ms
[2026-01-16T10:50:01.021+0000][gc,phases   ] GC(1317)   Evacuate Collection Set: 107.6ms
[2026-01-16T10:50:01.021+0000][gc,phases   ] GC(1317)   Post Evacuate Collection Set: 40.7ms
[2026-01-16T10:50:01.021+0000][gc,phases   ] GC(1317)   Other: 6.8ms
[2026-01-16T10:50:01.022+0000][gc,heap     ] GC(1317) Eden regions: 609->0(404)
[2026-01-16T10:50:01.022+0000][gc,heap     ] GC(1317) Survivor regions: 5->7(77)
[2026-01-16T10:50:01.022+0000][gc,heap     ] GC(1317) Old regions: 127->127
[2026-01-16T10:50:01.022+0000][gc,heap     ] GC(1317) Humongous regions: 47->47
[2026-01-16T10:50:01.022+0000][gc,metaspace] GC(1317) Metaspace: 13163K(13632K)->13163K(13632K) NonClass: 12063K(12288K)->12063K(12288K) Class: 1100K(1344K)->1100K(1344K)
[2026-01-16T10:50:01.022+0000][gc          ] GC(1317) Pause Young (Normal) (G1 Evacuation Pause) 787M->179M(1024M) 190.488ms
[2026-01-16T10:50:01.022+0000][gc,cpu      ] GC(1317) User=0.45s Sys=0.11s Real=0.19s
[2026-01-16T10:50:30.208+0000][gc,start    ] GC(1318) Pause Young (Normal) (G1 Evacuation Pause)
[2026-01-16T10:50:30.215+0000][gc,task     ] GC(1318) Using 8 workers of 8 for evacuation
[2026-01-16T10:50:30.259+0000][gc,phases   ] GC(1318)   Pre Evacuate Collection Set: 3.2ms
[2026-01-16T10:50:30.259+0000][gc,phases   ] GC(1318)   Merge Heap Roots: 1.4ms
[2026-01-16T10:50:30.259+0000][gc,phases   ] GC(1318)   Evacuate Collection Set: 33.5ms
[2026-01-16T10:50:30.259+0000][gc,phases   ] GC(1318)   Post Evacuate Collection Set: 3.9ms
[2026-01-16T10:50:30.259+0000][gc,phases   ] GC(1318)   Other: 3.8ms
[2026-01-16T10:50:30.259+0000][gc,heap     ] GC(1318) Eden regions: 373->0(606)
[2026-01-16T10:50:30.259+0000][gc,heap     ] GC(1318) Survivor regions: 7->7(48)
[2026-01-16T10:50:30.259+0000][gc,heap     ] GC(1318) Old regions: 127->127
[2026-01-16T10:50:30.259+0000][gc,heap     ] GC(1318) Humongous regions: 47->47
[2026-01-16T10:50:30.259+0000][gc,metaspace] GC(1318) Metaspace: 13163K(13632K)->13163K(13632K) NonClass: 12063K(12288K)->12063K(12288K) Class: 1100K(1344K)->1100K(1344K)
[2026-01-16T10:50:30.259+0000][gc          ] GC(1318) Pause Young (Normal) (G1 Evacuation Pause) 552M->180M(1024M) 52.060ms
[2026-01-16T10:50:30.259+0000][gc,cpu      ] GC(1318) User=0.22s Sys=0.01s Real=0.05s
[2026-01-16T10:51:29.141+0000][gc,start    ] GC(1319) Pause Young (Normal) (G1 Evacuation Pause)
[2026-01-16T10:51:29.143+0000][gc,task     ] GC(1319) Using 8 workers of 8 for evacuation
[2026-01-16T10:51:29.259+0000][gc,phases   ] GC(1319)   Pre Evacuate Collection Set: 14.1ms
[2026-01-16T10:51:29.260+0000][gc,phases   ] GC(1319)   Merge Heap Roots: 5.2ms
[2026-01-16T10:51:29.260+0000][gc,phases   ] GC(1319)   Evacuate Collection Set: 82.7ms
[2026-01-16T10:51:29.260+0000][gc,phases   ] GC(1319)   Post Evacuate Collection Set: 13.7ms
[2026-01-16T10:51:29.260+0000][gc,phases   ] GC(1319)   Other: 1.6ms
[2026-01-16T10:51:29.260+0000][gc,heap     ] GC(1319) Eden regions: 599->0(607)
[2026-01-16T10:51:29.261+0000][gc,heap     ] GC(1319) Survivor regions: 7->7(76)
[2026-01-16T10:51:29.261+0000][gc,heap     ] GC(1319) Old regions: 127->128
[2026-01-16T10:51:29.261+0000][gc,heap     ] GC(1319) Humongous regions: 47->47
[2026-01-16T10:51:29.261+0000][gc,metaspace] GC(1319) Metaspace: 13163K(13632K)->13163K(13632K) NonClass: 12063K(12288K)->12063K(12288K) Class: 1100K(1344K)->1100K(1344K)
[2026-01-16T10:51:29.261+0000][gc          ] GC(1319) Pause Young (Normal) (G1 Evacuation Pause) 779M->180M(1024M) 120.964ms
[2026-01-16T10:51:29.262+0000][gc,cpu      ] GC(1319) User=0.43s Sys=0.05s Real=0.12s
[2026-01-16T10:52:19.318+0000][gc,start    ] GC(1320) Pause Young (Normal) (G1 Evacuation Pause)
[2026-01-16T10:52:19.319+0000][gc,task     ] GC(1320) Using 8 workers of 8 for evacuation
[2026-01-16T10:52:19.412+0000][gc,phases   ] GC(1320)   Pre Evacuate Collection Set: 3.1ms
[2026-01-16T10:52:19.412+0000][gc,phases   ] GC(1320)   Merge Heap Roots: 0.7ms
[2026-01-16T10:52:19.413+0000][gc,phases   ] GC(1320)   Evacuate Collection Set: 79.3ms
[2026-01-16T10:52:19.413+0000][gc,phases   ] GC(1320)   Post Evacuate Collection Set: 10.2ms
[2026-01-16T10:52:19.413+0000][gc,phases   ] GC(1320)   Other: 0.5ms
[2026-01-16T10:52:19.413+0000][gc,heap     ] GC(1320) Eden regions: 607->0(606)
[2026-01-16T10:52:19.413+0000][gc,heap     ] GC(1320) Survivor regions: 7->8(77)
[2026-01-16T10:52:19.413+0000][gc,heap     ] GC(1320) Old regions: 128->128
[2026-01-16T10:52:19.413+0000][gc,heap     ] GC(1320) Humongous regions: 47->47
[2026-01-16T10:52:19.413+0000][gc,metaspace] GC(1320) Metaspace: 13163K(13632K)->13163K(13632K) NonClass: 12063K(12288K)->12063K(12288K) Class: 1100K(1344K)->1100K(1344K)
[2026-01-16T10:52:19.414+0000][gc          ] GC(1320) Pause Young (Normal) (G1 Evacuation Pause) 787M->181M(1024M) 95.549ms
[2026-01-16T10:52:19.414+0000][gc,cpu      ] GC(1320) User=0.47s Sys=0.04s Real=0.10s
[2026-01-16T10:53:10.917+0000][gc,start    ] GC(1321) Pause Young (Normal) (G1 Evacuation Pause)
[2026-01-16T10:53:10.920+0000][gc,task     ] GC(1321) Using 8 workers of 8 for evacuation
[2026-01-16T10:53:11.116+0000][gc,phases   ] GC(1321)   Pre Evacuate Collection Set: 16.6ms
[2026-01-16T10:53:11.117+0000][gc,phases   ] GC(1321)   Merge Heap Roots: 2.6ms
[2026-01-16T10:53:11.117+0000][gc,phases   ] GC(1321)   Evacuate Collection Set: 151.9ms
[2026-01-16T10:53:11.117+0000][gc,phases   ] GC(1321)   Post Evacuate Collection Set: 22.5ms
[2026-01-16T10:53:11.120+0000][gc,phases   ] GC(1321)   Other: 1.8ms
[2026-01-16T10:53:11.120+0000][gc,heap     ] GC(1321) Eden regions: 606->0(504)
[2026-01-16T10:53:11.120+0000][gc,heap     ] GC(1321) Survivor regions: 8->9(77)
[2026-01-16T10:53:11.121+0000][gc,heap     ] GC(1321) Old regions: 128->128
[2026-01-16T10:53:11.121+0000][gc,heap     ] GC(1321) Humongous regions: 47->47
[2026-01-16T10:53:11.121+0000][gc,metaspace] GC(1321) Metaspace: 13163K(13632K)->13163K(13632K) NonClass: 12063K(12288K)->12063K(12288K) Class: 1100K(1344K)->1100K(1344K)
[2026-01-16T10:53:11.121+0000][gc          ] GC(1321) Pause Young (Normal) (G1 Evacuation Pause) 787M->183M(1024M) 204.550ms
[2026-01-16T10:53:11.121+0000][gc,cpu      ] GC(1321) User=0.57s Sys=0.04s Real=0.21s
[2026-01-16T10:53:52.287+0000][gc,start    ] GC(1322) Pause Young (Normal) (G1 Evacuation Pause)
[2026-01-16T10:53:52.290+0000][gc,task     ] GC(1322) Using 8 workers of 8 for evacuation
[2026-01-16T10:53:52.425+0000][gc,phases   ] GC(1322)   Pre Evacuate Collection Set: 8.6ms
[2026-01-16T10:53:52.425+0000][gc,phases   ] GC(1322)   Merge Heap Roots: 2.9ms
[2026-01-16T10:53:52.425+0000][gc,phases   ] GC(1322)   Evacuate Collection Set: 102.4ms
[2026-01-16T10:53:52.425+0000][gc,phases   ] GC(1322)   Post Evacuate Collection Set: 19.7ms
[2026-01-16T10:53:52.426+0000][gc,phases   ] GC(1322)   Other: 1.2ms
[2026-01-16T10:53:52.427+0000][gc,heap     ] GC(1322) Eden regions: 493->0(490)
[2026-01-16T10:53:52.428+0000][gc,heap     ] GC(1322) Survivor regions: 9->10(63)
[2026-01-16T10:53:52.428+0000][gc,heap     ] GC(1322) Old regions: 128->128
[2026-01-16T10:53:52.428+0000][gc,heap     ] GC(1322) Humongous regions: 47->47
[2026-01-16T10:53:52.429+0000][gc,metaspace] GC(1322) Metaspace: 13163K(13632K)->13163K(13632K) NonClass: 12063K(12288K)->12063K(12288K) Class: 1100K(1344K)->1100K(1344K)
[2026-01-16T10:53:52.429+0000][gc          ] GC(1322) Pause Young (Normal) (G1 Evacuation Pause) 676M->184M(1024M) 142.487ms
[2026-01-16T10:53:52.430+0000][gc,cpu      ] GC(1322) User=0.47s Sys=0.02s Real=0.15s
[2026-01-16T10:54:30.470+0000][gc,start    ] GC(1323) Pause Young (Normal) (G1 Evacuation Pause)
[2026-01-16T10:54:30.474+0000][gc,task     ] GC(1323) Using 8 workers of 8 for evacuation
[2026-01-16T10:54:30.639+0000][gc,phases   ] GC(1323)   Pre Evacuate Collection Set: 26.1ms
[2026-01-16T10:54:30.640+0000][gc,phases   ] GC(1323)   Merge Heap Roots: 2.2ms
[2026-01-16T10:54:30.640+0000][gc,phases   ] GC(1323)   Evacuate Collection Set: 114.6ms
[2026-01-16T10:54:30.642+0000][gc,phases   ] GC(1323)   Post Evacuate Collection Set: 18.1ms
[2026-01-16T10:54:30.642+0000][gc,phases   ] GC(1323)   Other: 4.0ms
[2026-01-16T10:54:30.643+0000][gc,heap     ] GC(1323) Eden regions: 473->0(480)
[2026-01-16T10:54:30.643+0000][gc,heap     ] GC(1323) Survivor regions: 10->11(61)
[2026-01-16T10:54:30.643+0000][gc,heap     ] GC(1323) Old regions: 128->128
[2026-01-16T10:54:30.643+0000][gc,heap     ] GC(1323) Humongous regions: 47->47
[2026-01-16T10:54:30.643+0000][gc,metaspace] GC(1323) Metaspace: 13163K(13632K)->13163K(13632K) NonClass: 12063K(12288K)->12063K(12288K) Class: 1100K(1344K)->1100K(1344K)
[2026-01-16T10:54:30.644+0000][gc          ] GC(1323) Pause Young (Normal) (G1 Evacuation Pause) 657M->184M(1024M) 174.480ms
[2026-01-16T10:54:30.644+0000][gc,cpu      ] GC(1323) User=0.41s Sys=0.03s Real=0.18s
[2026-01-16T10:55:12.759+0000][gc,start    ] GC(1324) Pause Young (Normal) (G1 Evacuation Pause)
[2026-01-16T10:55:12.771+0000][gc,task     ] GC(1324) Using 8 workers of 8 for evacuation
[2026-01-16T10:55:13.123+0000][gc,mmu      ] GC(1324) MMU target violated: 201.0ms (200.0ms/201.0ms)
[2026-01-16T10:55:13.123+0000][gc,phases   ] GC(1324)   Pre Evacuate Collection Set: 29.0ms
[2026-01-16T10:55:13.123+0000][gc,phases   ] GC(1324)   Merge Heap Roots: 10.4ms
[2026-01-16T10:55:13.123+0000][gc,phases   ] GC(1324)   Evacuate Collection Set: 272.5ms
[2026-01-16T10:55:13.124+0000][gc,phases   ] GC(1324)   Post Evacuate Collection Set: 33.8ms
[2026-01-16T10:55:13.124+0000][gc,phases   ] GC(1324)   Other: 10.9ms
[2026-01-16T10:55:13.126+0000][gc,heap     ] GC(1324) Eden regions: 485->0(40)
[2026-01-16T10:55:13.126+0000][gc,heap     ] GC(1324) Survivor regions: 11->11(62)
[2026-01-16T10:55:13.127+0000][gc,heap     ] GC(1324) Old regions: 128->128
[2026-01-16T10:55:13.128+0000][gc,heap     ] GC(1324) Humongous regions: 47->47
[2026-01-16T10:55:13.132+0000][gc,metaspace] GC(1324) Metaspace: 13164K(13632K)->13164K(13632K) NonClass: 12064K(12288K)->12064K(12288K) Class: 1100K(1344K)->1100K(1344K)
[2026-01-16T10:55:13.137+0000][gc          ] GC(1324) Pause Young (Normal) (G1 Evacuation Pause) 669M->185M(1024M) 379.956ms
[2026-01-16T10:55:13.139+0000][gc,cpu      ] GC(1324) User=0.60s Sys=0.20s Real=0.38s
[2026-01-16T10:55:19.540+0000][gc,start    ] GC(1325) Pause Young (Normal) (G1 Evacuation Pause)
[2026-01-16T10:55:19.540+0000][gc,task     ] GC(1325) Using 8 workers of 8 for evacuation
[2026-01-16T10:55:19.688+0000][gc,phases   ] GC(1325)   Pre Evacuate Collection Set: 4.5ms
[2026-01-16T10:55:19.691+0000][gc,phases   ] GC(1325)   Merge Heap Roots: 4.8ms
[2026-01-16T10:55:19.692+0000][gc,phases   ] GC(1325)   Evacuate Collection Set: 131.4ms
[2026-01-16T10:55:19.692+0000][gc,phases   ] GC(1325)   Post Evacuate Collection Set: 6.6ms
[2026-01-16T10:55:19.693+0000][gc,phases   ] GC(1325)   Other: 0.5ms
[2026-01-16T10:55:19.693+0000][gc,heap     ] GC(1325) Eden regions: 40->0(511)
[2026-01-16T10:55:19.693+0000][gc,heap     ] GC(1325) Survivor regions: 11->4(7)
[2026-01-16T10:55:19.694+0000][gc,heap     ] GC(1325) Old regions: 128->135
[2026-01-16T10:55:19.694+0000][gc,heap     ] GC(1325) Humongous regions: 47->47
[2026-01-16T10:55:19.696+0000][gc,metaspace] GC(1325) Metaspace: 13164K(13632K)->13164K(13632K) NonClass: 12064K(12288K)->12064K(12288K) Class: 1100K(1344K)->1100K(1344K)
[2026-01-16T10:55:19.697+0000][gc          ] GC(1325) Pause Young (Normal) (G1 Evacuation Pause) 225M->185M(1024M) 157.307ms
[2026-01-16T10:55:19.698+0000][gc,cpu      ] GC(1325) User=0.59s Sys=0.08s Real=0.16s
[2026-01-16T10:56:10.497+0000][gc,start    ] GC(1326) Pause Young (Normal) (G1 Evacuation Pause)
[2026-01-16T10:56:10.504+0000][gc,task     ] GC(1326) Using 8 workers of 8 for evacuation
[2026-01-16T10:56:10.575+0000][gc,phases   ] GC(1326)   Pre Evacuate Collection Set: 7.8ms
[2026-01-16T10:56:10.576+0000][gc,phases   ] GC(1326)   Merge Heap Roots: 4.9ms
[2026-01-16T10:56:10.576+0000][gc,phases   ] GC(1326)   Evacuate Collection Set: 53.1ms
[2026-01-16T10:56:10.576+0000][gc,phases   ] GC(1326)   Post Evacuate Collection Set: 5.2ms
[2026-01-16T10:56:10.576+0000][gc,phases   ] GC(1326)   Other: 5.9ms
[2026-01-16T10:56:10.576+0000][gc,heap     ] GC(1326) Eden regions: 610->0(609)
[2026-01-16T10:56:10.576+0000][gc,heap     ] GC(1326) Survivor regions: 4->5(77)
[2026-01-16T10:56:10.576+0000][gc,heap     ] GC(1326) Old regions: 135->135
[2026-01-16T10:56:10.576+0000][gc,heap     ] GC(1326) Humongous regions: 47->47
[2026-01-16T10:56:10.576+0000][gc,metaspace] GC(1326) Metaspace: 13164K(13632K)->13164K(13632K) NonClass: 12064K(12288K)->12064K(12288K) Class: 1100K(1344K)->1100K(1344K)
[2026-01-16T10:56:10.576+0000][gc          ] GC(1326) Pause Young (Normal) (G1 Evacuation Pause) 795M->186M(1024M) 79.855ms
[2026-01-16T10:56:10.576+0000][gc,cpu      ] GC(1326) User=0.34s Sys=0.02s Real=0.08s
[2026-01-16T10:57:00.374+0000][gc,start    ] GC(1327) Pause Young (Normal) (G1 Evacuation Pause)
[2026-01-16T10:57:00.378+0000][gc,task     ] GC(1327) Using 8 workers of 8 for evacuation
[2026-01-16T10:57:00.471+0000][gc,phases   ] GC(1327)   Pre Evacuate Collection Set: 19.7ms
[2026-01-16T10:57:00.471+0000][gc,phases   ] GC(1327)   Merge Heap Roots: 1.8ms
[2026-01-16T10:57:00.471+0000][gc,phases   ] GC(1327)   Evacuate Collection Set: 49.1ms
[2026-01-16T10:57:00.471+0000][gc,phases   ] GC(1327)   Post Evacuate Collection Set: 21.2ms
[2026-01-16T10:57:00.471+0000][gc,phases   ] GC(1327)   Other: 1.4ms
[2026-01-16T10:57:00.472+0000][gc,heap     ] GC(1327) Eden regions: 609->0(608)
[2026-01-16T10:57:00.472+0000][gc,heap     ] GC(1327) Survivor regions: 5->6(77)
[2026-01-16T10:57:00.472+0000][gc,heap     ] GC(1327) Old regions: 135->135
[2026-01-16T10:57:00.472+0000][gc,heap     ] GC(1327) Humongous regions: 47->47
[2026-01-16T10:57:00.472+0000][gc,metaspace] GC(1327) Metaspace: 13164K(13632K)->13164K(13632K) NonClass: 12064K(12288K)->12064K(12288K) Class: 1100K(1344K)->1100K(1344K)
[2026-01-16T10:57:00.472+0000][gc          ] GC(1327) Pause Young (Normal) (G1 Evacuation Pause) 795M->187M(1024M) 98.700ms
[2026-01-16T10:57:00.472+0000][gc,cpu      ] GC(1327) User=0.33s Sys=0.04s Real=0.10s
[2026-01-16T10:57:59.007+0000][gc,start    ] GC(1328) Pause Young (Normal) (G1 Evacuation Pause)
[2026-01-16T10:57:59.009+0000][gc,task     ] GC(1328) Using 8 workers of 8 for evacuation
[2026-01-16T10:57:59.090+0000][gc,phases   ] GC(1328)   Pre Evacuate Collection Set: 6.1ms
[2026-01-16T10:57:59.090+0000][gc,phases   ] GC(1328)   Merge Heap Roots: 4.2ms
[2026-01-16T10:57:59.090+0000][gc,phases   ] GC(1328)   Evacuate Collection Set: 53.4ms
[2026-01-16T10:57:59.090+0000][gc,phases   ] GC(1328)   Post Evacuate Collection Set: 16.6ms
[2026-01-16T10:57:59.090+0000][gc,phases   ] GC(1328)   Other: 1.2ms
[2026-01-16T10:57:59.090+0000][gc,heap     ] GC(1328) Eden regions: 608->0(608)
[2026-01-16T10:57:59.090+0000][gc,heap     ] GC(1328) Survivor regions: 6->6(77)
[2026-01-16T10:57:59.090+0000][gc,heap     ] GC(1328) Old regions: 135->135
[2026-01-16T10:57:59.090+0000][gc,heap     ] GC(1328) Humongous regions: 47->47
[2026-01-16T10:57:59.090+0000][gc,metaspace] GC(1328) Metaspace: 13164K(13632K)->13164K(13632K) NonClass: 12064K(12288K)->12064K(12288K) Class: 1100K(1344K)->1100K(1344K)
[2026-01-16T10:57:59.090+0000][gc          ] GC(1328) Pause Young (Normal) (G1 Evacuation Pause) 795M->187M(1024M) 82.877ms
[2026-01-16T10:57:59.090+0000][gc,cpu      ] GC(1328) User=0.40s Sys=0.03s Real=0.09s
[2026-01-16T10:58:49.430+0000][gc,start    ] GC(1329) Pause Young (Normal) (G1 Evacuation Pause)
[2026-01-16T10:58:49.432+0000][gc,task     ] GC(1329) Using 8 workers of 8 for evacuation
[2026-01-16T10:58:49.525+0000][gc,phases   ] GC(1329)   Pre Evacuate Collection Set: 20.6ms
[2026-01-16T10:58:49.527+0000][gc,phases   ] GC(1329)   Merge Heap Roots: 1.1ms
[2026-01-16T10:58:49.527+0000][gc,phases   ] GC(1329)   Evacuate Collection Set: 62.9ms
[2026-01-16T10:58:49.529+0000][gc,phases   ] GC(1329)   Post Evacuate Collection Set: 6.9ms
[2026-01-16T10:58:49.531+0000][gc,phases   ] GC(1329)   Other: 1.2ms
[2026-01-16T10:58:49.531+0000][gc,heap     ] GC(1329) Eden regions: 608->0(607)
[2026-01-16T10:58:49.532+0000][gc,heap     ] GC(1329) Survivor regions: 6->7(77)
[2026-01-16T10:58:49.532+0000][gc,heap     ] GC(1329) Old regions: 135->135
[2026-01-16T10:58:49.532+0000][gc,heap     ] GC(1329) Humongous regions: 47->47
[2026-01-16T10:58:49.532+0000][gc,metaspace] GC(1329) Metaspace: 13165K(13632K)->13165K(13632K) NonClass: 12065K(12288K)->12065K(12288K) Class: 1100K(1344K)->1100K(1344K)
[2026-01-16T10:58:49.532+0000][gc          ] GC(1329) Pause Young (Normal) (G1 Evacuation Pause) 795M->188M(1024M) 102.260ms
[2026-01-16T10:58:49.532+0000][gc,cpu      ] GC(1329) User=0.52s Sys=0.03s Real=0.10s
[2026-01-16T10:59:40.618+0000][gc,start    ] GC(1330) Pause Young (Normal) (G1 Evacuation Pause)
[2026-01-16T10:59:40.619+0000][gc,task     ] GC(1330) Using 8 workers of 8 for evacuation
[2026-01-16T10:59:40.793+0000][gc,phases   ] GC(1330)   Pre Evacuate Collection Set: 9.3ms
[2026-01-16T10:59:40.793+0000][gc,phases   ] GC(1330)   Merge Heap Roots: 4.7ms
[2026-01-16T10:59:40.796+0000][gc,phases   ] GC(1330)   Evacuate Collection Set: 134.8ms
[2026-01-16T10:59:40.797+0000][gc,phases   ] GC(1330)   Post Evacuate Collection Set: 23.5ms
[2026-01-16T10:59:40.798+0000][gc,phases   ] GC(1330)   Other: 1.8ms
[2026-01-16T10:59:40.799+0000][gc,heap     ] GC(1330) Eden regions: 607->0(606)
[2026-01-16T10:59:40.799+0000][gc,heap     ] GC(1330) Survivor regions: 7->8(77)
[2026-01-16T10:59:40.800+0000][gc,heap     ] GC(1330) Old regions: 135->135
[2026-01-16T10:59:40.800+0000][gc,heap     ] GC(1330) Humongous regions: 47->47
[2026-01-16T10:59:40.801+0000][gc,metaspace] GC(1330) Metaspace: 13167K(13632K)->13167K(13632K) NonClass: 12067K(12288K)->12067K(12288K) Class: 1100K(1344K)->1100K(1344K)
[2026-01-16T10:59:40.803+0000][gc          ] GC(1330) Pause Young (Normal) (G1 Evacuation Pause) 795M->189M(1024M) 184.710ms
[2026-01-16T10:59:40.803+0000][gc,cpu      ] GC(1330) User=0.46s Sys=0.07s Real=0.19s
[2026-01-16T11:00:37.542+0000][gc,start    ] GC(1331) Pause Young (Normal) (G1 Evacuation Pause)
[2026-01-16T11:00:37.553+0000][gc,task     ] GC(1331) Using 8 workers of 8 for evacuation
[2026-01-16T11:00:38.667+0000][gc,mmu      ] GC(1331) MMU target violated: 201.0ms (200.0ms/201.0ms)
[2026-01-16T11:00:38.670+0000][gc,phases   ] GC(1331)   Pre Evacuate Collection Set: 57.8ms
[2026-01-16T11:00:38.671+0000][gc,phases   ] GC(1331)   Merge Heap Roots: 18.2ms
[2026-01-16T11:00:38.671+0000][gc,phases   ] GC(1331)   Evacuate Collection Set: 957.9ms
[2026-01-16T11:00:38.671+0000][gc,phases   ] GC(1331)   Post Evacuate Collection Set: 73.9ms
[2026-01-16T11:00:38.674+0000][gc,phases   ] GC(1331)   Other: 13.4ms
[2026-01-16T11:00:38.676+0000][gc,heap     ] GC(1331) Eden regions: 606->0(41)
[2026-01-16T11:00:38.678+0000][gc,heap     ] GC(1331) Survivor regions: 8->10(77)
[2026-01-16T11:00:38.678+0000][gc,heap     ] GC(1331) Old regions: 135->135
[2026-01-16T11:00:38.678+0000][gc,heap     ] GC(1331) Humongous regions: 47->47
[2026-01-16T11:00:38.678+0000][gc,metaspace] GC(1331) Metaspace: 13169K(13632K)->13169K(13632K) NonClass: 12069K(12288K)->12069K(12288K) Class: 1100K(1344K)->1100K(1344K)
[2026-01-16T11:00:38.681+0000][gc          ] GC(1331) Pause Young (Normal) (G1 Evacuation Pause) 795M->191M(1024M) 1138.429ms
[2026-01-16T11:00:38.681+0000][gc,cpu      ] GC(1331) User=0.87s Sys=0.07s Real=1.14s
[2026-01-16T11:00:40.488+0000][gc,start    ] GC(1332) Pause Young (Normal) (G1 Evacuation Pause)
[2026-01-16T11:00:40.489+0000][gc,task     ] GC(1332) Using 8 workers of 8 for evacuation
[2026-01-16T11:00:40.820+0000][gc,mmu      ] GC(1332) MMU target violated: 201.0ms (200.0ms/201.0ms)
[2026-01-16T11:00:40.821+0000][gc,phases   ] GC(1332)   Pre Evacuate Collection Set: 13.4ms
[2026-01-16T11:00:40.826+0000][gc,phases   ] GC(1332)   Merge Heap Roots: 0.5ms
[2026-01-16T11:00:40.828+0000][gc,phases   ] GC(1332)   Evacuate Collection Set: 303.3ms
[2026-01-16T11:00:40.833+0000][gc,phases   ] GC(1332)   Post Evacuate Collection Set: 12.7ms
[2026-01-16T11:00:40.834+0000][gc,phases   ] GC(1332)   Other: 2.2ms
[2026-01-16T11:00:40.839+0000][gc,heap     ] GC(1332) Eden regions: 41->0(46)
[2026-01-16T11:00:40.839+0000][gc,heap     ] GC(1332) Survivor regions: 10->5(7)
[2026-01-16T11:00:40.839+0000][gc,heap     ] GC(1332) Old regions: 135->141
[2026-01-16T11:00:40.839+0000][gc,heap     ] GC(1332) Humongous regions: 47->47
[2026-01-16T11:00:40.839+0000][gc,metaspace] GC(1332) Metaspace: 13169K(13632K)->13169K(13632K) NonClass: 12069K(12288K)->12069K(12288K) Class: 1100K(1344K)->1100K(1344K)
[2026-01-16T11:00:40.839+0000][gc          ] GC(1332) Pause Young (Normal) (G1 Evacuation Pause) 232M->191M(1024M) 351.931ms
[2026-01-16T11:00:40.840+0000][gc,cpu      ] GC(1332) User=0.43s Sys=0.05s Real=0.35s
[2026-01-16T11:00:41.789+0000][gc,start    ] GC(1333) Pause Young (Normal) (G1 Evacuation Pause)
[2026-01-16T11:00:41.792+0000][gc,task     ] GC(1333) Using 8 workers of 8 for evacuation
[2026-01-16T11:00:42.052+0000][gc,mmu      ] GC(1333) MMU target violated: 201.0ms (200.0ms/201.0ms)
[2026-01-16T11:00:42.054+0000][gc,phases   ] GC(1333)   Pre Evacuate Collection Set: 1.0ms
[2026-01-16T11:00:42.056+0000][gc,phases   ] GC(1333)   Merge Heap Roots: 0.1ms
[2026-01-16T11:00:42.057+0000][gc,phases   ] GC(1333)   Evacuate Collection Set: 245.8ms
[2026-01-16T11:00:42.057+0000][gc,phases   ] GC(1333)   Post Evacuate Collection Set: 6.6ms
[2026-01-16T11:00:42.057+0000][gc,phases   ] GC(1333)   Other: 2.1ms
[2026-01-16T11:00:42.058+0000][gc,heap     ] GC(1333) Eden regions: 46->0(47)
[2026-01-16T11:00:42.058+0000][gc,heap     ] GC(1333) Survivor regions: 5->4(7)
[2026-01-16T11:00:42.058+0000][gc,heap     ] GC(1333) Old regions: 141->141
[2026-01-16T11:00:42.060+0000][gc,heap     ] GC(1333) Humongous regions: 47->47
[2026-01-16T11:00:42.061+0000][gc,metaspace] GC(1333) Metaspace: 13169K(13632K)->13169K(13632K) NonClass: 12069K(12288K)->12069K(12288K) Class: 1100K(1344K)->1100K(1344K)
[2026-01-16T11:00:42.061+0000][gc          ] GC(1333) Pause Young (Normal) (G1 Evacuation Pause) 237M->190M(1024M) 265.557ms
[2026-01-16T11:00:42.061+0000][gc,cpu      ] GC(1333) User=0.14s Sys=0.02s Real=0.26s
[2026-01-16T11:00:43.221+0000][gc,start    ] GC(1334) Pause Young (Normal) (G1 Evacuation Pause)
[2026-01-16T11:00:43.222+0000][gc,task     ] GC(1334) Using 8 workers of 8 for evacuation
[2026-01-16T11:00:43.333+0000][gc,phases   ] GC(1334)   Pre Evacuate Collection Set: 12.0ms
[2026-01-16T11:00:43.333+0000][gc,phases   ] GC(1334)   Merge Heap Roots: 1.2ms
[2026-01-16T11:00:43.333+0000][gc,phases   ] GC(1334)   Evacuate Collection Set: 74.8ms
[2026-01-16T11:00:43.333+0000][gc,phases   ] GC(1334)   Post Evacuate Collection Set: 22.5ms
[2026-01-16T11:00:43.333+0000][gc,phases   ] GC(1334)   Other: 0.8ms
[2026-01-16T11:00:43.333+0000][gc,heap     ] GC(1334) Eden regions: 47->0(47)
[2026-01-16T11:00:43.333+0000][gc,heap     ] GC(1334) Survivor regions: 4->4(7)
[2026-01-16T11:00:43.334+0000][gc,heap     ] GC(1334) Old regions: 141->141
[2026-01-16T11:00:43.336+0000][gc,heap     ] GC(1334) Humongous regions: 47->47
[2026-01-16T11:00:43.337+0000][gc,metaspace] GC(1334) Metaspace: 13169K(13632K)->13169K(13632K) NonClass: 12069K(12288K)->12069K(12288K) Class: 1100K(1344K)->1100K(1344K)
[2026-01-16T11:00:43.341+0000][gc          ] GC(1334) Pause Young (Normal) (G1 Evacuation Pause) 237M->191M(1024M) 120.389ms
[2026-01-16T11:00:43.342+0000][gc,cpu      ] GC(1334) User=0.08s Sys=0.00s Real=0.12s
[2026-01-16T11:00:50.169+0000][gc,start    ] GC(1335) Pause Young (Normal) (G1 Evacuation Pause)
[2026-01-16T11:00:50.169+0000][gc,task     ] GC(1335) Using 8 workers of 8 for evacuation
[2026-01-16T11:00:50.483+0000][gc,mmu      ] GC(1335) MMU target violated: 201.0ms (200.0ms/201.0ms)
[2026-01-16T11:00:50.484+0000][gc,phases   ] GC(1335)   Pre Evacuate Collection Set: 37.8ms
[2026-01-16T11:00:50.485+0000][gc,phases   ] GC(1335)   Merge Heap Roots: 4.0ms
[2026-01-16T11:00:50.486+0000][gc,phases   ] GC(1335)   Evacuate Collection Set: 247.4ms
[2026-01-16T11:00:50.486+0000][gc,phases   ] GC(1335)   Post Evacuate Collection Set: 21.4ms
[2026-01-16T11:00:50.487+0000][gc,phases   ] GC(1335)   Other: 4.3ms
[2026-01-16T11:00:50.488+0000][gc,heap     ] GC(1335) Eden regions: 47->0(48)
[2026-01-16T11:00:50.489+0000][gc,heap     ] GC(1335) Survivor regions: 4->3(7)
[2026-01-16T11:00:50.489+0000][gc,heap     ] GC(1335) Old regions: 141->141
[2026-01-16T11:00:50.492+0000][gc,heap     ] GC(1335) Humongous regions: 47->47
[2026-01-16T11:00:50.492+0000][gc,metaspace] GC(1335) Metaspace: 13169K(13632K)->13169K(13632K) NonClass: 12069K(12288K)->12069K(12288K) Class: 1100K(1344K)->1100K(1344K)
[2026-01-16T11:00:50.499+0000][gc          ] GC(1335) Pause Young (Normal) (G1 Evacuation Pause) 238M->190M(1024M) 330.545ms
[2026-01-16T11:00:50.500+0000][gc,cpu      ] GC(1335) User=0.19s Sys=0.01s Real=0.33s
[2026-01-16T11:00:51.424+0000][gc,start    ] GC(1336) Pause Young (Normal) (G1 Evacuation Pause)
[2026-01-16T11:00:51.425+0000][gc,task     ] GC(1336) Using 8 workers of 8 for evacuation
[2026-01-16T11:00:51.485+0000][gc,phases   ] GC(1336)   Pre Evacuate Collection Set: 3.8ms
[2026-01-16T11:00:51.489+0000][gc,phases   ] GC(1336)   Merge Heap Roots: 0.7ms
[2026-01-16T11:00:51.489+0000][gc,phases   ] GC(1336)   Evacuate Collection Set: 54.7ms
[2026-01-16T11:00:51.490+0000][gc,phases   ] GC(1336)   Post Evacuate Collection Set: 0.9ms
[2026-01-16T11:00:51.490+0000][gc,phases   ] GC(1336)   Other: 0.4ms
[2026-01-16T11:00:51.491+0000][gc,heap     ] GC(1336) Eden regions: 48->0(47)
[2026-01-16T11:00:51.491+0000][gc,heap     ] GC(1336) Survivor regions: 3->4(7)
[2026-01-16T11:00:51.491+0000][gc,heap     ] GC(1336) Old regions: 141->141
[2026-01-16T11:00:51.491+0000][gc,heap     ] GC(1336) Humongous regions: 47->47
[2026-01-16T11:00:51.491+0000][gc,metaspace] GC(1336) Metaspace: 13169K(13632K)->13169K(13632K) NonClass: 12069K(12288K)->12069K(12288K) Class: 1100K(1344K)->1100K(1344K)
[2026-01-16T11:00:51.492+0000][gc          ] GC(1336) Pause Young (Normal) (G1 Evacuation Pause) 238M->191M(1024M) 67.995ms
[2026-01-16T11:00:51.492+0000][gc,cpu      ] GC(1336) User=0.07s Sys=0.01s Real=0.07s
[2026-01-16T11:00:59.462+0000][gc,start    ] GC(1337) Pause Young (Normal) (G1 Evacuation Pause)
[2026-01-16T11:00:59.467+0000][gc,task     ] GC(1337) Using 8 workers of 8 for evacuation
[2026-01-16T11:00:59.628+0000][gc,phases   ] GC(1337)   Pre Evacuate Collection Set: 36.7ms
[2026-01-16T11:00:59.632+0000][gc,phases   ] GC(1337)   Merge Heap Roots: 8.4ms
[2026-01-16T11:00:59.633+0000][gc,phases   ] GC(1337)   Evacuate Collection Set: 103.5ms
[2026-01-16T11:00:59.633+0000][gc,phases   ] GC(1337)   Post Evacuate Collection Set: 9.5ms
[2026-01-16T11:00:59.634+0000][gc,phases   ] GC(1337)   Other: 6.4ms
[2026-01-16T11:00:59.634+0000][gc,heap     ] GC(1337) Eden regions: 47->0(79)
[2026-01-16T11:00:59.635+0000][gc,heap     ] GC(1337) Survivor regions: 4->3(7)
[2026-01-16T11:00:59.636+0000][gc,heap     ] GC(1337) Old regions: 141->141
[2026-01-16T11:00:59.636+0000][gc,heap     ] GC(1337) Humongous regions: 47->47
[2026-01-16T11:00:59.636+0000][gc,metaspace] GC(1337) Metaspace: 13169K(13632K)->13169K(13632K) NonClass: 12069K(12288K)->12069K(12288K) Class: 1100K(1344K)->1100K(1344K)
[2026-01-16T11:00:59.637+0000][gc          ] GC(1337) Pause Young (Normal) (G1 Evacuation Pause) 238M->190M(1024M) 175.680ms
[2026-01-16T11:00:59.638+0000][gc,cpu      ] GC(1337) User=0.18s Sys=0.01s Real=0.18s
[2026-01-16T11:01:02.845+0000][gc,start    ] GC(1338) Pause Young (Normal) (G1 Evacuation Pause)
[2026-01-16T11:01:02.846+0000][gc,task     ] GC(1338) Using 8 workers of 8 for evacuation
[2026-01-16T11:01:03.093+0000][gc,mmu      ] GC(1338) MMU target violated: 201.0ms (200.0ms/201.0ms)
[2026-01-16T11:01:03.094+0000][gc,phases   ] GC(1338)   Pre Evacuate Collection Set: 14.4ms
[2026-01-16T11:01:03.095+0000][gc,phases   ] GC(1338)   Merge Heap Roots: 1.9ms
[2026-01-16T11:01:03.095+0000][gc,phases   ] GC(1338)   Evacuate Collection Set: 213.5ms
[2026-01-16T11:01:03.096+0000][gc,phases   ] GC(1338)   Post Evacuate Collection Set: 15.8ms
[2026-01-16T11:01:03.096+0000][gc,phases   ] GC(1338)   Other: 2.9ms
[2026-01-16T11:01:03.097+0000][gc,heap     ] GC(1338) Eden regions: 93->0(47)
[2026-01-16T11:01:03.098+0000][gc,heap     ] GC(1338) Survivor regions: 3->4(12)
[2026-01-16T11:01:03.099+0000][gc,heap     ] GC(1338) Old regions: 141->141
[2026-01-16T11:01:03.100+0000][gc,heap     ] GC(1338) Humongous regions: 47->47
[2026-01-16T11:01:03.103+0000][gc,metaspace] GC(1338) Metaspace: 13169K(13632K)->13169K(13632K) NonClass: 12069K(12288K)->12069K(12288K) Class: 1100K(1344K)->1100K(1344K)
[2026-01-16T11:01:03.104+0000][gc          ] GC(1338) Pause Young (Normal) (G1 Evacuation Pause) 283M->191M(1024M) 258.331ms
[2026-01-16T11:01:03.104+0000][gc,cpu      ] GC(1338) User=0.23s Sys=0.01s Real=0.26s
[2026-01-16T11:01:09.932+0000][gc,start    ] GC(1339) Pause Young (Normal) (G1 Evacuation Pause)
[2026-01-16T11:01:09.934+0000][gc,task     ] GC(1339) Using 8 workers of 8 for evacuation
[2026-01-16T11:01:10.045+0000][gc,phases   ] GC(1339)   Pre Evacuate Collection Set: 16.8ms
[2026-01-16T11:01:10.046+0000][gc,phases   ] GC(1339)   Merge Heap Roots: 1.4ms
[2026-01-16T11:01:10.048+0000][gc,phases   ] GC(1339)   Evacuate Collection Set: 81.5ms
[2026-01-16T11:01:10.049+0000][gc,phases   ] GC(1339)   Post Evacuate Collection Set: 10.1ms
[2026-01-16T11:01:10.051+0000][gc,phases   ] GC(1339)   Other: 1.3ms
[2026-01-16T11:01:10.051+0000][gc,heap     ] GC(1339) Eden regions: 47->0(111)
[2026-01-16T11:01:10.052+0000][gc,heap     ] GC(1339) Survivor regions: 4->3(7)
[2026-01-16T11:01:10.052+0000][gc,heap     ] GC(1339) Old regions: 141->142
[2026-01-16T11:01:10.052+0000][gc,heap     ] GC(1339) Humongous regions: 47->47
[2026-01-16T11:01:10.052+0000][gc,metaspace] GC(1339) Metaspace: 13170K(13632K)->13170K(13632K) NonClass: 12070K(12288K)->12070K(12288K) Class: 1100K(1344K)->1100K(1344K)
[2026-01-16T11:01:10.055+0000][gc          ] GC(1339) Pause Young (Normal) (G1 Evacuation Pause) 238M->190M(1024M) 123.241ms
[2026-01-16T11:01:10.055+0000][gc,cpu      ] GC(1339) User=0.19s Sys=0.01s Real=0.13s
[2026-01-16T11:01:10.945+0000][gc,start    ] GC(1340) Pause Young (Normal) (G1 Evacuation Pause)
[2026-01-16T11:01:10.945+0000][gc,task     ] GC(1340) Using 8 workers of 8 for evacuation
[2026-01-16T11:01:10.980+0000][gc,phases   ] GC(1340)   Pre Evacuate Collection Set: 0.8ms
[2026-01-16T11:01:10.981+0000][gc,phases   ] GC(1340)   Merge Heap Roots: 0.3ms
[2026-01-16T11:01:10.982+0000][gc,phases   ] GC(1340)   Evacuate Collection Set: 30.4ms
[2026-01-16T11:01:10.983+0000][gc,phases   ] GC(1340)   Post Evacuate Collection Set: 2.0ms
[2026-01-16T11:01:10.983+0000][gc,phases   ] GC(1340)   Other: 0.5ms
[2026-01-16T11:01:10.984+0000][gc,heap     ] GC(1340) Eden regions: 48->0(152)
[2026-01-16T11:01:10.986+0000][gc,heap     ] GC(1340) Survivor regions: 3->3(7)
[2026-01-16T11:01:10.986+0000][gc,heap     ] GC(1340) Old regions: 142->142
[2026-01-16T11:01:10.986+0000][gc,heap     ] GC(1340) Humongous regions: 47->47
[2026-01-16T11:01:10.986+0000][gc,metaspace] GC(1340) Metaspace: 13170K(13632K)->13170K(13632K) NonClass: 12070K(12288K)->12070K(12288K) Class: 1100K(1344K)->1100K(1344K)
[2026-01-16T11:01:10.987+0000][gc          ] GC(1340) Pause Young (Normal) (G1 Evacuation Pause) 238M->191M(1024M) 41.670ms
[2026-01-16T11:01:10.987+0000][gc,cpu      ] GC(1340) User=0.06s Sys=0.01s Real=0.05s
[2026-01-16T11:01:30.160+0000][gc,start    ] GC(1341) Pause Young (Normal) (G1 Evacuation Pause)
[2026-01-16T11:01:30.162+0000][gc,task     ] GC(1341) Using 8 workers of 8 for evacuation
[2026-01-16T11:01:30.451+0000][gc,mmu      ] GC(1341) MMU target violated: 201.0ms (200.0ms/201.0ms)
[2026-01-16T11:01:30.454+0000][gc,phases   ] GC(1341)   Pre Evacuate Collection Set: 46.9ms
[2026-01-16T11:01:30.458+0000][gc,phases   ] GC(1341)   Merge Heap Roots: 1.0ms
[2026-01-16T11:01:30.466+0000][gc,phases   ] GC(1341)   Evacuate Collection Set: 207.9ms
[2026-01-16T11:01:30.466+0000][gc,phases   ] GC(1341)   Post Evacuate Collection Set: 28.8ms
[2026-01-16T11:01:30.467+0000][gc,phases   ] GC(1341)   Other: 8.2ms
[2026-01-16T11:01:30.470+0000][gc,heap     ] GC(1341) Eden regions: 170->0(77)
[2026-01-16T11:01:30.474+0000][gc,heap     ] GC(1341) Survivor regions: 3->3(22)
[2026-01-16T11:01:30.474+0000][gc,heap     ] GC(1341) Old regions: 142->142
[2026-01-16T11:01:30.475+0000][gc,heap     ] GC(1341) Humongous regions: 47->47
[2026-01-16T11:01:30.475+0000][gc,metaspace] GC(1341) Metaspace: 13170K(13632K)->13170K(13632K) NonClass: 12070K(12288K)->12070K(12288K) Class: 1100K(1344K)->1100K(1344K)
[2026-01-16T11:01:30.475+0000][gc          ] GC(1341) Pause Young (Normal) (G1 Evacuation Pause) 361M->190M(1024M) 317.355ms
[2026-01-16T11:01:30.476+0000][gc,cpu      ] GC(1341) User=0.21s Sys=0.02s Real=0.32s
[2026-01-16T11:01:33.466+0000][gc,start    ] GC(1342) Pause Young (Normal) (G1 Evacuation Pause)
[2026-01-16T11:01:33.468+0000][gc,task     ] GC(1342) Using 8 workers of 8 for evacuation
[2026-01-16T11:01:33.634+0000][gc,phases   ] GC(1342)   Pre Evacuate Collection Set: 10.6ms
[2026-01-16T11:01:33.635+0000][gc,phases   ] GC(1342)   Merge Heap Roots: 4.9ms
[2026-01-16T11:01:33.635+0000][gc,phases   ] GC(1342)   Evacuate Collection Set: 139.0ms
[2026-01-16T11:01:33.636+0000][gc,phases   ] GC(1342)   Post Evacuate Collection Set: 10.2ms
[2026-01-16T11:01:33.636+0000][gc,phases   ] GC(1342)   Other: 1.1ms
[2026-01-16T11:01:33.637+0000][gc,heap     ] GC(1342) Eden regions: 92->0(47)
[2026-01-16T11:01:33.637+0000][gc,heap     ] GC(1342) Survivor regions: 3->4(12)
[2026-01-16T11:01:33.637+0000][gc,heap     ] GC(1342) Old regions: 142->142
[2026-01-16T11:01:33.637+0000][gc,heap     ] GC(1342) Humongous regions: 47->47
[2026-01-16T11:01:33.637+0000][gc,metaspace] GC(1342) Metaspace: 13170K(13632K)->13170K(13632K) NonClass: 12070K(12288K)->12070K(12288K) Class: 1100K(1344K)->1100K(1344K)
[2026-01-16T11:01:33.637+0000][gc          ] GC(1342) Pause Young (Normal) (G1 Evacuation Pause) 282M->192M(1024M) 171.690ms
[2026-01-16T11:01:33.638+0000][gc,cpu      ] GC(1342) User=0.18s Sys=0.00s Real=0.17s
[2026-01-16T11:01:40.832+0000][gc,start    ] GC(1343) Pause Young (Normal) (G1 Evacuation Pause)
[2026-01-16T11:01:40.841+0000][gc,task     ] GC(1343) Using 8 workers of 8 for evacuation
[2026-01-16T11:01:41.082+0000][gc,mmu      ] GC(1343) MMU target violated: 201.0ms (200.0ms/201.0ms)
[2026-01-16T11:01:41.082+0000][gc,phases   ] GC(1343)   Pre Evacuate Collection Set: 43.3ms
[2026-01-16T11:01:41.082+0000][gc,phases   ] GC(1343)   Merge Heap Roots: 10.8ms
[2026-01-16T11:01:41.082+0000][gc,phases   ] GC(1343)   Evacuate Collection Set: 166.4ms
[2026-01-16T11:01:41.082+0000][gc,phases   ] GC(1343)   Post Evacuate Collection Set: 17.5ms
[2026-01-16T11:01:41.083+0000][gc,phases   ] GC(1343)   Other: 3.8ms
[2026-01-16T11:01:41.083+0000][gc,heap     ] GC(1343) Eden regions: 47->0(99)
[2026-01-16T11:01:41.083+0000][gc,heap     ] GC(1343) Survivor regions: 4->3(7)
[2026-01-16T11:01:41.084+0000][gc,heap     ] GC(1343) Old regions: 142->142
[2026-01-16T11:01:41.084+0000][gc,heap     ] GC(1343) Humongous regions: 47->47
[2026-01-16T11:01:41.084+0000][gc,metaspace] GC(1343) Metaspace: 13170K(13632K)->13170K(13632K) NonClass: 12070K(12288K)->12070K(12288K) Class: 1100K(1344K)->1100K(1344K)
[2026-01-16T11:01:41.085+0000][gc          ] GC(1343) Pause Young (Normal) (G1 Evacuation Pause) 239M->191M(1024M) 254.148ms
[2026-01-16T11:01:41.085+0000][gc,cpu      ] GC(1343) User=0.14s Sys=0.02s Real=0.25s
[2026-01-16T11:01:50.464+0000][gc,start    ] GC(1344) Pause Young (Normal) (G1 Evacuation Pause)
[2026-01-16T11:01:50.472+0000][gc,task     ] GC(1344) Using 8 workers of 8 for evacuation
[2026-01-16T11:01:50.666+0000][gc,phases   ] GC(1344)   Pre Evacuate Collection Set: 24.5ms
[2026-01-16T11:01:50.670+0000][gc,phases   ] GC(1344)   Merge Heap Roots: 1.1ms
[2026-01-16T11:01:50.670+0000][gc,phases   ] GC(1344)   Evacuate Collection Set: 133.9ms
[2026-01-16T11:01:50.671+0000][gc,phases   ] GC(1344)   Post Evacuate Collection Set: 31.1ms
[2026-01-16T11:01:50.672+0000][gc,phases   ] GC(1344)   Other: 6.5ms
[2026-01-16T11:01:50.673+0000][gc,heap     ] GC(1344) Eden regions: 107->0(139)
[2026-01-16T11:01:50.674+0000][gc,heap     ] GC(1344) Survivor regions: 3->3(14)
[2026-01-16T11:01:50.674+0000][gc,heap     ] GC(1344) Old regions: 142->142
[2026-01-16T11:01:50.675+0000][gc,heap     ] GC(1344) Humongous regions: 47->47
[2026-01-16T11:01:50.675+0000][gc,metaspace] GC(1344) Metaspace: 13170K(13632K)->13170K(13632K) NonClass: 12070K(12288K)->12070K(12288K) Class: 1100K(1344K)->1100K(1344K)
[2026-01-16T11:01:50.677+0000][gc          ] GC(1344) Pause Young (Normal) (G1 Evacuation Pause) 298M->191M(1024M) 212.901ms
[2026-01-16T11:01:50.677+0000][gc,cpu      ] GC(1344) User=0.11s Sys=0.02s Real=0.21s
[2026-01-16T11:02:01.617+0000][gc,start    ] GC(1345) Pause Young (Normal) (G1 Evacuation Pause)
[2026-01-16T11:02:01.618+0000][gc,task     ] GC(1345) Using 8 workers of 8 for evacuation
[2026-01-16T11:02:01.751+0000][gc,phases   ] GC(1345)   Pre Evacuate Collection Set: 30.0ms
[2026-01-16T11:02:01.751+0000][gc,phases   ] GC(1345)   Merge Heap Roots: 5.0ms
[2026-01-16T11:02:01.751+0000][gc,phases   ] GC(1345)   Evacuate Collection Set: 86.5ms
[2026-01-16T11:02:01.752+0000][gc,phases   ] GC(1345)   Post Evacuate Collection Set: 10.1ms
[2026-01-16T11:02:01.752+0000][gc,phases   ] GC(1345)   Other: 1.5ms
[2026-01-16T11:02:01.752+0000][gc,heap     ] GC(1345) Eden regions: 146->0(148)
[2026-01-16T11:02:01.752+0000][gc,heap     ] GC(1345) Survivor regions: 3->4(19)
[2026-01-16T11:02:01.752+0000][gc,heap     ] GC(1345) Old regions: 142->142
[2026-01-16T11:02:01.752+0000][gc,heap     ] GC(1345) Humongous regions: 47->47
[2026-01-16T11:02:01.753+0000][gc,metaspace] GC(1345) Metaspace: 13170K(13632K)->13170K(13632K) NonClass: 12070K(12288K)->12070K(12288K) Class: 1100K(1344K)->1100K(1344K)
[2026-01-16T11:02:01.753+0000][gc          ] GC(1345) Pause Young (Normal) (G1 Evacuation Pause) 337M->191M(1024M) 136.176ms
[2026-01-16T11:02:01.753+0000][gc,cpu      ] GC(1345) User=0.19s Sys=0.00s Real=0.14s
[2026-01-16T11:02:10.348+0000][gc,start    ] GC(1346) Pause Young (Normal) (G1 Evacuation Pause)
[2026-01-16T11:02:10.351+0000][gc,task     ] GC(1346) Using 8 workers of 8 for evacuation
[2026-01-16T11:02:10.450+0000][gc,phases   ] GC(1346)   Pre Evacuate Collection Set: 20.7ms
[2026-01-16T11:02:10.451+0000][gc,phases   ] GC(1346)   Merge Heap Roots: 2.0ms
[2026-01-16T11:02:10.451+0000][gc,phases   ] GC(1346)   Evacuate Collection Set: 69.8ms
[2026-01-16T11:02:10.451+0000][gc,phases   ] GC(1346)   Post Evacuate Collection Set: 4.7ms
[2026-01-16T11:02:10.452+0000][gc,phases   ] GC(1346)   Other: 2.0ms
[2026-01-16T11:02:10.452+0000][gc,heap     ] GC(1346) Eden regions: 153->0(264)
[2026-01-16T11:02:10.453+0000][gc,heap     ] GC(1346) Survivor regions: 4->4(20)
[2026-01-16T11:02:10.454+0000][gc,heap     ] GC(1346) Old regions: 142->143
[2026-01-16T11:02:10.454+0000][gc,heap     ] GC(1346) Humongous regions: 47->47
[2026-01-16T11:02:10.454+0000][gc,metaspace] GC(1346) Metaspace: 13170K(13632K)->13170K(13632K) NonClass: 12070K(12288K)->12070K(12288K) Class: 1100K(1344K)->1100K(1344K)
[2026-01-16T11:02:10.455+0000][gc          ] GC(1346) Pause Young (Normal) (G1 Evacuation Pause) 344M->192M(1024M) 109.046ms
[2026-01-16T11:02:10.456+0000][gc,cpu      ] GC(1346) User=0.23s Sys=0.03s Real=0.11s
[2026-01-16T11:02:19.926+0000][gc,start    ] GC(1347) Pause Young (Normal) (G1 Evacuation Pause)
[2026-01-16T11:02:19.928+0000][gc,task     ] GC(1347) Using 8 workers of 8 for evacuation
[2026-01-16T11:02:19.985+0000][gc,phases   ] GC(1347)   Pre Evacuate Collection Set: 9.4ms
[2026-01-16T11:02:19.985+0000][gc,phases   ] GC(1347)   Merge Heap Roots: 4.7ms
[2026-01-16T11:02:19.986+0000][gc,phases   ] GC(1347)   Evacuate Collection Set: 39.5ms
[2026-01-16T11:02:19.986+0000][gc,phases   ] GC(1347)   Post Evacuate Collection Set: 3.2ms
[2026-01-16T11:02:19.986+0000][gc,phases   ] GC(1347)   Other: 1.0ms
[2026-01-16T11:02:19.988+0000][gc,heap     ] GC(1347) Eden regions: 94->0(444)
[2026-01-16T11:02:19.988+0000][gc,heap     ] GC(1347) Survivor regions: 4->4(13)
[2026-01-16T11:02:19.989+0000][gc,heap     ] GC(1347) Old regions: 143->143
[2026-01-16T11:02:19.989+0000][gc,heap     ] GC(1347) Humongous regions: 47->47
[2026-01-16T11:02:19.989+0000][gc,metaspace] GC(1347) Metaspace: 13170K(13632K)->13170K(13632K) NonClass: 12070K(12288K)->12070K(12288K) Class: 1100K(1344K)->1100K(1344K)
[2026-01-16T11:02:19.989+0000][gc          ] GC(1347) Pause Young (Normal) (G1 Evacuation Pause) 286M->192M(1024M) 63.748ms
[2026-01-16T11:02:19.989+0000][gc,cpu      ] GC(1347) User=0.13s Sys=0.01s Real=0.06s
[2026-01-16T11:03:09.146+0000][gc,start    ] GC(1348) Pause Young (Normal) (G1 Evacuation Pause)
[2026-01-16T11:03:09.148+0000][gc,task     ] GC(1348) Using 8 workers of 8 for evacuation
[2026-01-16T11:03:09.219+0000][gc,phases   ] GC(1348)   Pre Evacuate Collection Set: 13.3ms
[2026-01-16T11:03:09.219+0000][gc,phases   ] GC(1348)   Merge Heap Roots: 2.4ms
[2026-01-16T11:03:09.219+0000][gc,phases   ] GC(1348)   Evacuate Collection Set: 41.3ms
[2026-01-16T11:03:09.220+0000][gc,phases   ] GC(1348)   Post Evacuate Collection Set: 14.4ms
[2026-01-16T11:03:09.220+0000][gc,phases   ] GC(1348)   Other: 0.4ms
[2026-01-16T11:03:09.220+0000][gc,heap     ] GC(1348) Eden regions: 519->0(610)
[2026-01-16T11:03:09.220+0000][gc,heap     ] GC(1348) Survivor regions: 4->4(66)
[2026-01-16T11:03:09.220+0000][gc,heap     ] GC(1348) Old regions: 143->143
[2026-01-16T11:03:09.220+0000][gc,heap     ] GC(1348) Humongous regions: 47->47
[2026-01-16T11:03:09.220+0000][gc,metaspace] GC(1348) Metaspace: 13170K(13632K)->13170K(13632K) NonClass: 12070K(12288K)->12070K(12288K) Class: 1100K(1344K)->1100K(1344K)
[2026-01-16T11:03:09.221+0000][gc          ] GC(1348) Pause Young (Normal) (G1 Evacuation Pause) 711M->192M(1024M) 74.245ms
[2026-01-16T11:03:09.221+0000][gc,cpu      ] GC(1348) User=0.27s Sys=0.02s Real=0.08s
[2026-01-16T11:04:00.064+0000][gc,start    ] GC(1349) Pause Young (Normal) (G1 Evacuation Pause)
[2026-01-16T11:04:00.066+0000][gc,task     ] GC(1349) Using 8 workers of 8 for evacuation
[2026-01-16T11:04:00.162+0000][gc,phases   ] GC(1349)   Pre Evacuate Collection Set: 7.1ms
[2026-01-16T11:04:00.162+0000][gc,phases   ] GC(1349)   Merge Heap Roots: 5.8ms
[2026-01-16T11:04:00.163+0000][gc,phases   ] GC(1349)   Evacuate Collection Set: 64.2ms
[2026-01-16T11:04:00.163+0000][gc,phases   ] GC(1349)   Post Evacuate Collection Set: 13.2ms
[2026-01-16T11:04:00.163+0000][gc,phases   ] GC(1349)   Other: 3.2ms
[2026-01-16T11:04:00.163+0000][gc,heap     ] GC(1349) Eden regions: 610->0(609)
[2026-01-16T11:04:00.164+0000][gc,heap     ] GC(1349) Survivor regions: 4->5(77)
[2026-01-16T11:04:00.167+0000][gc,heap     ] GC(1349) Old regions: 143->143
[2026-01-16T11:04:00.168+0000][gc,heap     ] GC(1349) Humongous regions: 47->47
[2026-01-16T11:04:00.168+0000][gc,metaspace] GC(1349) Metaspace: 13170K(13632K)->13170K(13632K) NonClass: 12070K(12288K)->12070K(12288K) Class: 1100K(1344K)->1100K(1344K)
[2026-01-16T11:04:00.168+0000][gc          ] GC(1349) Pause Young (Normal) (G1 Evacuation Pause) 802M->194M(1024M) 103.791ms
[2026-01-16T11:04:00.168+0000][gc,cpu      ] GC(1349) User=0.41s Sys=0.06s Real=0.10s
[2026-01-16T11:04:49.926+0000][gc,start    ] GC(1350) Pause Young (Normal) (G1 Evacuation Pause)
[2026-01-16T11:04:49.926+0000][gc,task     ] GC(1350) Using 8 workers of 8 for evacuation
[2026-01-16T11:04:50.028+0000][gc,phases   ] GC(1350)   Pre Evacuate Collection Set: 5.0ms
[2026-01-16T11:04:50.029+0000][gc,phases   ] GC(1350)   Merge Heap Roots: 5.1ms
[2026-01-16T11:04:50.029+0000][gc,phases   ] GC(1350)   Evacuate Collection Set: 61.4ms
[2026-01-16T11:04:50.029+0000][gc,phases   ] GC(1350)   Post Evacuate Collection Set: 28.6ms
[2026-01-16T11:04:50.029+0000][gc,phases   ] GC(1350)   Other: 1.6ms
[2026-01-16T11:04:50.030+0000][gc,heap     ] GC(1350) Eden regions: 609->0(608)
[2026-01-16T11:04:50.030+0000][gc,heap     ] GC(1350) Survivor regions: 5->6(77)
[2026-01-16T11:04:50.030+0000][gc,heap     ] GC(1350) Old regions: 143->143
[2026-01-16T11:04:50.031+0000][gc,heap     ] GC(1350) Humongous regions: 47->47
[2026-01-16T11:04:50.032+0000][gc,metaspace] GC(1350) Metaspace: 13170K(13632K)->13170K(13632K) NonClass: 12070K(12288K)->12070K(12288K) Class: 1100K(1344K)->1100K(1344K)
[2026-01-16T11:04:50.032+0000][gc          ] GC(1350) Pause Young (Normal) (G1 Evacuation Pause) 803M->195M(1024M) 106.713ms
[2026-01-16T11:04:50.033+0000][gc,cpu      ] GC(1350) User=0.35s Sys=0.03s Real=0.11s
[2026-01-16T11:05:40.033+0000][gc,start    ] GC(1351) Pause Young (Normal) (G1 Evacuation Pause)
[2026-01-16T11:05:40.035+0000][gc,task     ] GC(1351) Using 8 workers of 8 for evacuation
[2026-01-16T11:05:40.223+0000][gc,phases   ] GC(1351)   Pre Evacuate Collection Set: 13.0ms
[2026-01-16T11:05:40.225+0000][gc,phases   ] GC(1351)   Merge Heap Roots: 1.7ms
[2026-01-16T11:05:40.225+0000][gc,phases   ] GC(1351)   Evacuate Collection Set: 73.0ms
[2026-01-16T11:05:40.226+0000][gc,phases   ] GC(1351)   Post Evacuate Collection Set: 89.5ms
[2026-01-16T11:05:40.231+0000][gc,phases   ] GC(1351)   Other: 1.4ms
[2026-01-16T11:05:40.231+0000][gc,heap     ] GC(1351) Eden regions: 608->0(524)
[2026-01-16T11:05:40.232+0000][gc,heap     ] GC(1351) Survivor regions: 6->7(77)
[2026-01-16T11:05:40.233+0000][gc,heap     ] GC(1351) Old regions: 143->143
[2026-01-16T11:05:40.233+0000][gc,heap     ] GC(1351) Humongous regions: 47->47
[2026-01-16T11:05:40.236+0000][gc,metaspace] GC(1351) Metaspace: 13174K(13632K)->13174K(13632K) NonClass: 12073K(12288K)->12073K(12288K) Class: 1100K(1344K)->1100K(1344K)
[2026-01-16T11:05:40.238+0000][gc          ] GC(1351) Pause Young (Normal) (G1 Evacuation Pause) 803M->196M(1024M) 204.378ms
[2026-01-16T11:05:40.238+0000][gc,cpu      ] GC(1351) User=0.45s Sys=0.08s Real=0.20s
[2026-01-16T11:06:30.027+0000][gc,start    ] GC(1352) Pause Young (Normal) (G1 Evacuation Pause)
[2026-01-16T11:06:30.028+0000][gc,task     ] GC(1352) Using 8 workers of 8 for evacuation
[2026-01-16T11:06:30.150+0000][gc,phases   ] GC(1352)   Pre Evacuate Collection Set: 8.6ms
[2026-01-16T11:06:30.151+0000][gc,phases   ] GC(1352)   Merge Heap Roots: 1.7ms
[2026-01-16T11:06:30.151+0000][gc,phases   ] GC(1352)   Evacuate Collection Set: 92.2ms
[2026-01-16T11:06:30.152+0000][gc,phases   ] GC(1352)   Post Evacuate Collection Set: 18.7ms
[2026-01-16T11:06:30.152+0000][gc,phases   ] GC(1352)   Other: 0.6ms
[2026-01-16T11:06:30.153+0000][gc,heap     ] GC(1352) Eden regions: 573->0(571)
[2026-01-16T11:06:30.153+0000][gc,heap     ] GC(1352) Survivor regions: 7->8(73)
[2026-01-16T11:06:30.153+0000][gc,heap     ] GC(1352) Old regions: 143->144
[2026-01-16T11:06:30.153+0000][gc,heap     ] GC(1352) Humongous regions: 47->47
[2026-01-16T11:06:30.153+0000][gc,metaspace] GC(1352) Metaspace: 13176K(13632K)->13176K(13632K) NonClass: 12076K(12288K)->12076K(12288K) Class: 1100K(1344K)->1100K(1344K)
[2026-01-16T11:06:30.155+0000][gc          ] GC(1352) Pause Young (Normal) (G1 Evacuation Pause) 769M->197M(1024M) 127.776ms
[2026-01-16T11:06:30.155+0000][gc,cpu      ] GC(1352) User=0.47s Sys=0.08s Real=0.13s
[2026-01-16T11:07:19.467+0000][gc,start    ] GC(1353) Pause Young (Normal) (G1 Evacuation Pause)
[2026-01-16T11:07:19.474+0000][gc,task     ] GC(1353) Using 8 workers of 8 for evacuation
[2026-01-16T11:07:19.562+0000][gc,phases   ] GC(1353)   Pre Evacuate Collection Set: 5.3ms
[2026-01-16T11:07:19.562+0000][gc,phases   ] GC(1353)   Merge Heap Roots: 2.4ms
[2026-01-16T11:07:19.562+0000][gc,phases   ] GC(1353)   Evacuate Collection Set: 66.3ms
[2026-01-16T11:07:19.563+0000][gc,phases   ] GC(1353)   Post Evacuate Collection Set: 12.7ms
[2026-01-16T11:07:19.563+0000][gc,phases   ] GC(1353)   Other: 3.6ms
[2026-01-16T11:07:19.563+0000][gc,heap     ] GC(1353) Eden regions: 523->0(606)
[2026-01-16T11:07:19.563+0000][gc,heap     ] GC(1353) Survivor regions: 8->8(67)
[2026-01-16T11:07:19.563+0000][gc,heap     ] GC(1353) Old regions: 144->144
[2026-01-16T11:07:19.563+0000][gc,heap     ] GC(1353) Humongous regions: 47->47
[2026-01-16T11:07:19.563+0000][gc,metaspace] GC(1353) Metaspace: 13176K(13632K)->13176K(13632K) NonClass: 12076K(12288K)->12076K(12288K) Class: 1100K(1344K)->1100K(1344K)
[2026-01-16T11:07:19.563+0000][gc          ] GC(1353) Pause Young (Normal) (G1 Evacuation Pause) 720M->197M(1024M) 96.287ms
[2026-01-16T11:07:19.563+0000][gc,cpu      ] GC(1353) User=0.28s Sys=0.01s Real=0.09s
[2026-01-16T11:08:11.257+0000][gc,start    ] GC(1354) Pause Young (Normal) (G1 Evacuation Pause)
[2026-01-16T11:08:11.258+0000][gc,task     ] GC(1354) Using 8 workers of 8 for evacuation
[2026-01-16T11:08:11.429+0000][gc,phases   ] GC(1354)   Pre Evacuate Collection Set: 5.0ms
[2026-01-16T11:08:11.429+0000][gc,phases   ] GC(1354)   Merge Heap Roots: 2.9ms
[2026-01-16T11:08:11.429+0000][gc,phases   ] GC(1354)   Evacuate Collection Set: 122.8ms
[2026-01-16T11:08:11.429+0000][gc,phases   ] GC(1354)   Post Evacuate Collection Set: 39.5ms
[2026-01-16T11:08:11.429+0000][gc,phases   ] GC(1354)   Other: 0.9ms
[2026-01-16T11:08:11.429+0000][gc,heap     ] GC(1354) Eden regions: 606->0(605)
[2026-01-16T11:08:11.430+0000][gc,heap     ] GC(1354) Survivor regions: 8->9(77)
[2026-01-16T11:08:11.430+0000][gc,heap     ] GC(1354) Old regions: 144->144
[2026-01-16T11:08:11.430+0000][gc,heap     ] GC(1354) Humongous regions: 47->47
[2026-01-16T11:08:11.430+0000][gc,metaspace] GC(1354) Metaspace: 13176K(13632K)->13176K(13632K) NonClass: 12076K(12288K)->12076K(12288K) Class: 1100K(1344K)->1100K(1344K)
[2026-01-16T11:08:11.430+0000][gc          ] GC(1354) Pause Young (Normal) (G1 Evacuation Pause) 803M->198M(1024M) 173.109ms
[2026-01-16T11:08:11.430+0000][gc,cpu      ] GC(1354) User=0.42s Sys=0.05s Real=0.17s
[2026-01-16T11:09:02.262+0000][gc,start    ] GC(1355) Pause Young (Normal) (G1 Evacuation Pause)
[2026-01-16T11:09:02.264+0000][gc,task     ] GC(1355) Using 8 workers of 8 for evacuation
[2026-01-16T11:09:03.060+0000][gc,mmu      ] GC(1355) MMU target violated: 201.0ms (200.0ms/201.0ms)
[2026-01-16T11:09:03.060+0000][gc,phases   ] GC(1355)   Pre Evacuate Collection Set: 53.0ms
[2026-01-16T11:09:03.060+0000][gc,phases   ] GC(1355)   Merge Heap Roots: 11.9ms
[2026-01-16T11:09:03.060+0000][gc,phases   ] GC(1355)   Evacuate Collection Set: 615.5ms
[2026-01-16T11:09:03.060+0000][gc,phases   ] GC(1355)   Post Evacuate Collection Set: 104.4ms
[2026-01-16T11:09:03.061+0000][gc,phases   ] GC(1355)   Other: 11.9ms
[2026-01-16T11:09:03.061+0000][gc,heap     ] GC(1355) Eden regions: 594->0(41)
[2026-01-16T11:09:03.062+0000][gc,heap     ] GC(1355) Survivor regions: 9->10(76)
[2026-01-16T11:09:03.062+0000][gc,heap     ] GC(1355) Old regions: 144->144
[2026-01-16T11:09:03.063+0000][gc,heap     ] GC(1355) Humongous regions: 47->47
[2026-01-16T11:09:03.063+0000][gc,metaspace] GC(1355) Metaspace: 13176K(13632K)->13176K(13632K) NonClass: 12076K(12288K)->12076K(12288K) Class: 1100K(1344K)->1100K(1344K)
[2026-01-16T11:09:03.063+0000][gc          ] GC(1355) Pause Young (Normal) (G1 Evacuation Pause) 792M->199M(1024M) 800.611ms
[2026-01-16T11:09:03.064+0000][gc,cpu      ] GC(1355) User=0.65s Sys=0.13s Real=0.80s
[2026-01-16T11:09:04.684+0000][gc,start    ] GC(1356) Pause Young (Normal) (G1 Evacuation Pause)
[2026-01-16T11:09:04.685+0000][gc,task     ] GC(1356) Using 8 workers of 8 for evacuation
[2026-01-16T11:09:04.998+0000][gc,mmu      ] GC(1356) MMU target violated: 201.0ms (200.0ms/201.0ms)
[2026-01-16T11:09:04.998+0000][gc,phases   ] GC(1356)   Pre Evacuate Collection Set: 9.7ms
[2026-01-16T11:09:04.998+0000][gc,phases   ] GC(1356)   Merge Heap Roots: 1.0ms
[2026-01-16T11:09:04.998+0000][gc,phases   ] GC(1356)   Evacuate Collection Set: 278.5ms
[2026-01-16T11:09:04.998+0000][gc,phases   ] GC(1356)   Post Evacuate Collection Set: 22.2ms
[2026-01-16T11:09:04.998+0000][gc,phases   ] GC(1356)   Other: 1.9ms
[2026-01-16T11:09:04.998+0000][gc,heap     ] GC(1356) Eden regions: 41->0(46)
[2026-01-16T11:09:04.998+0000][gc,heap     ] GC(1356) Survivor regions: 10->5(7)
[2026-01-16T11:09:04.998+0000][gc,heap     ] GC(1356) Old regions: 144->149
[2026-01-16T11:09:04.998+0000][gc,heap     ] GC(1356) Humongous regions: 47->47
[2026-01-16T11:09:04.998+0000][gc,metaspace] GC(1356) Metaspace: 13176K(13632K)->13176K(13632K) NonClass: 12076K(12288K)->12076K(12288K) Class: 1100K(1344K)->1100K(1344K)
[2026-01-16T11:09:04.998+0000][gc          ] GC(1356) Pause Young (Normal) (G1 Evacuation Pause) 240M->200M(1024M) 314.320ms
[2026-01-16T11:09:04.999+0000][gc,cpu      ] GC(1356) User=0.44s Sys=0.05s Real=0.32s
[2026-01-16T11:09:09.850+0000][gc,start    ] GC(1357) Pause Young (Normal) (G1 Evacuation Pause)
[2026-01-16T11:09:09.852+0000][gc,task     ] GC(1357) Using 8 workers of 8 for evacuation
[2026-01-16T11:09:09.947+0000][gc,phases   ] GC(1357)   Pre Evacuate Collection Set: 18.6ms
[2026-01-16T11:09:09.947+0000][gc,phases   ] GC(1357)   Merge Heap Roots: 5.4ms
[2026-01-16T11:09:09.947+0000][gc,phases   ] GC(1357)   Evacuate Collection Set: 65.6ms
[2026-01-16T11:09:09.948+0000][gc,phases   ] GC(1357)   Post Evacuate Collection Set: 3.7ms
[2026-01-16T11:09:09.948+0000][gc,phases   ] GC(1357)   Other: 1.9ms
[2026-01-16T11:09:09.948+0000][gc,heap     ] GC(1357) Eden regions: 46->0(120)
[2026-01-16T11:09:09.949+0000][gc,heap     ] GC(1357) Survivor regions: 5->3(7)
[2026-01-16T11:09:09.949+0000][gc,heap     ] GC(1357) Old regions: 149->151
[2026-01-16T11:09:09.949+0000][gc,heap     ] GC(1357) Humongous regions: 47->47
[2026-01-16T11:09:09.950+0000][gc,metaspace] GC(1357) Metaspace: 13176K(13632K)->13176K(13632K) NonClass: 12076K(12288K)->12076K(12288K) Class: 1100K(1344K)->1100K(1344K)
[2026-01-16T11:09:09.950+0000][gc          ] GC(1357) Pause Young (Normal) (G1 Evacuation Pause) 246M->199M(1024M) 100.843ms
[2026-01-16T11:09:09.951+0000][gc,cpu      ] GC(1357) User=0.18s Sys=0.01s Real=0.10s
[2026-01-16T11:09:20.079+0000][gc,start    ] GC(1358) Pause Young (Normal) (G1 Evacuation Pause)
[2026-01-16T11:09:20.080+0000][gc,task     ] GC(1358) Using 8 workers of 8 for evacuation
[2026-01-16T11:09:20.125+0000][gc,phases   ] GC(1358)   Pre Evacuate Collection Set: 5.1ms
[2026-01-16T11:09:20.126+0000][gc,phases   ] GC(1358)   Merge Heap Roots: 3.5ms
[2026-01-16T11:09:20.126+0000][gc,phases   ] GC(1358)   Evacuate Collection Set: 28.9ms
[2026-01-16T11:09:20.126+0000][gc,phases   ] GC(1358)   Post Evacuate Collection Set: 6.9ms
[2026-01-16T11:09:20.128+0000][gc,phases   ] GC(1358)   Other: 0.8ms
[2026-01-16T11:09:20.129+0000][gc,heap     ] GC(1358) Eden regions: 118->0(240)
[2026-01-16T11:09:20.129+0000][gc,heap     ] GC(1358) Survivor regions: 3->3(16)
[2026-01-16T11:09:20.129+0000][gc,heap     ] GC(1358) Old regions: 151->151
[2026-01-16T11:09:20.129+0000][gc,heap     ] GC(1358) Humongous regions: 47->47
[2026-01-16T11:09:20.129+0000][gc,metaspace] GC(1358) Metaspace: 13176K(13632K)->13176K(13632K) NonClass: 12076K(12288K)->12076K(12288K) Class: 1100K(1344K)->1100K(1344K)
[2026-01-16T11:09:20.130+0000][gc          ] GC(1358) Pause Young (Normal) (G1 Evacuation Pause) 317M->199M(1024M) 50.227ms
[2026-01-16T11:09:20.130+0000][gc,cpu      ] GC(1358) User=0.14s Sys=0.01s Real=0.05s
[2026-01-16T11:09:40.941+0000][gc,start    ] GC(1359) Pause Young (Normal) (G1 Evacuation Pause)
[2026-01-16T11:09:40.943+0000][gc,task     ] GC(1359) Using 8 workers of 8 for evacuation
[2026-01-16T11:09:41.030+0000][gc,phases   ] GC(1359)   Pre Evacuate Collection Set: 13.6ms
[2026-01-16T11:09:41.030+0000][gc,phases   ] GC(1359)   Merge Heap Roots: 1.4ms
[2026-01-16T11:09:41.030+0000][gc,phases   ] GC(1359)   Evacuate Collection Set: 43.9ms
[2026-01-16T11:09:41.030+0000][gc,phases   ] GC(1359)   Post Evacuate Collection Set: 25.9ms
[2026-01-16T11:09:41.031+0000][gc,phases   ] GC(1359)   Other: 1.6ms
[2026-01-16T11:09:41.031+0000][gc,heap     ] GC(1359) Eden regions: 277->0(288)
[2026-01-16T11:09:41.031+0000][gc,heap     ] GC(1359) Survivor regions: 3->4(35)
[2026-01-16T11:09:41.031+0000][gc,heap     ] GC(1359) Old regions: 151->151
[2026-01-16T11:09:41.031+0000][gc,heap     ] GC(1359) Humongous regions: 47->47
[2026-01-16T11:09:41.032+0000][gc,metaspace] GC(1359) Metaspace: 13176K(13632K)->13176K(13632K) NonClass: 12076K(12288K)->12076K(12288K) Class: 1100K(1344K)->1100K(1344K)
[2026-01-16T11:09:41.032+0000][gc          ] GC(1359) Pause Young (Normal) (G1 Evacuation Pause) 476M->200M(1024M) 90.967ms
[2026-01-16T11:09:41.032+0000][gc,cpu      ] GC(1359) User=0.25s Sys=0.01s Real=0.09s
[2026-01-16T11:10:13.375+0000][gc,start    ] GC(1360) Pause Young (Normal) (G1 Evacuation Pause)
[2026-01-16T11:10:13.386+0000][gc,task     ] GC(1360) Using 8 workers of 8 for evacuation
[2026-01-16T11:10:13.957+0000][gc,mmu      ] GC(1360) MMU target violated: 201.0ms (200.0ms/201.0ms)
[2026-01-16T11:10:13.959+0000][gc,phases   ] GC(1360)   Pre Evacuate Collection Set: 98.1ms
[2026-01-16T11:10:13.962+0000][gc,phases   ] GC(1360)   Merge Heap Roots: 12.9ms
[2026-01-16T11:10:13.962+0000][gc,phases   ] GC(1360)   Evacuate Collection Set: 362.7ms
[2026-01-16T11:10:13.963+0000][gc,phases   ] GC(1360)   Post Evacuate Collection Set: 91.3ms
[2026-01-16T11:10:13.965+0000][gc,phases   ] GC(1360)   Other: 16.3ms
[2026-01-16T11:10:13.967+0000][gc,heap     ] GC(1360) Eden regions: 329->0(47)
[2026-01-16T11:10:13.969+0000][gc,heap     ] GC(1360) Survivor regions: 4->4(42)
[2026-01-16T11:10:13.969+0000][gc,heap     ] GC(1360) Old regions: 151->151
[2026-01-16T11:10:13.969+0000][gc,heap     ] GC(1360) Humongous regions: 47->47
[2026-01-16T11:10:13.972+0000][gc,metaspace] GC(1360) Metaspace: 13176K(13632K)->13176K(13632K) NonClass: 12076K(12288K)->12076K(12288K) Class: 1100K(1344K)->1100K(1344K)
[2026-01-16T11:10:13.974+0000][gc          ] GC(1360) Pause Young (Normal) (G1 Evacuation Pause) 529M->201M(1024M) 599.445ms
[2026-01-16T11:10:13.974+0000][gc,cpu      ] GC(1360) User=0.44s Sys=0.05s Real=0.60s
[2026-01-16T11:10:16.931+0000][gc,start    ] GC(1361) Pause Young (Normal) (G1 Evacuation Pause)
[2026-01-16T11:10:16.935+0000][gc,task     ] GC(1361) Using 8 workers of 8 for evacuation
[2026-01-16T11:10:17.514+0000][gc,mmu      ] GC(1361) MMU target violated: 201.0ms (200.0ms/201.0ms)
[2026-01-16T11:10:17.515+0000][gc,phases   ] GC(1361)   Pre Evacuate Collection Set: 41.2ms
[2026-01-16T11:10:17.517+0000][gc,phases   ] GC(1361)   Merge Heap Roots: 0.7ms
[2026-01-16T11:10:17.519+0000][gc,phases   ] GC(1361)   Evacuate Collection Set: 529.0ms
[2026-01-16T11:10:17.519+0000][gc,phases   ] GC(1361)   Post Evacuate Collection Set: 7.0ms
[2026-01-16T11:10:17.520+0000][gc,phases   ] GC(1361)   Other: 2.2ms
[2026-01-16T11:10:17.520+0000][gc,heap     ] GC(1361) Eden regions: 47->0(47)
[2026-01-16T11:10:17.520+0000][gc,heap     ] GC(1361) Survivor regions: 4->4(7)
[2026-01-16T11:10:17.521+0000][gc,heap     ] GC(1361) Old regions: 151->152
[2026-01-16T11:10:17.521+0000][gc,heap     ] GC(1361) Humongous regions: 47->47
[2026-01-16T11:10:17.522+0000][gc,metaspace] GC(1361) Metaspace: 13176K(13632K)->13176K(13632K) NonClass: 12076K(12288K)->12076K(12288K) Class: 1100K(1344K)->1100K(1344K)
[2026-01-16T11:10:17.524+0000][gc          ] GC(1361) Pause Young (Normal) (G1 Evacuation Pause) 248M->201M(1024M) 599.602ms
[2026-01-16T11:10:17.525+0000][gc,cpu      ] GC(1361) User=0.28s Sys=0.03s Real=0.60s
[2026-01-16T11:10:20.764+0000][gc,start    ] GC(1362) Pause Young (Normal) (G1 Evacuation Pause)
[2026-01-16T11:10:20.765+0000][gc,task     ] GC(1362) Using 8 workers of 8 for evacuation
[2026-01-16T11:10:21.060+0000][gc,mmu      ] GC(1362) MMU target violated: 201.0ms (200.0ms/201.0ms)
[2026-01-16T11:10:21.063+0000][gc,phases   ] GC(1362)   Pre Evacuate Collection Set: 55.9ms
[2026-01-16T11:10:21.063+0000][gc,phases   ] GC(1362)   Merge Heap Roots: 1.1ms
[2026-01-16T11:10:21.063+0000][gc,phases   ] GC(1362)   Evacuate Collection Set: 205.1ms
[2026-01-16T11:10:21.064+0000][gc,phases   ] GC(1362)   Post Evacuate Collection Set: 26.3ms
[2026-01-16T11:10:21.065+0000][gc,phases   ] GC(1362)   Other: 10.0ms
[2026-01-16T11:10:21.065+0000][gc,heap     ] GC(1362) Eden regions: 47->0(47)
[2026-01-16T11:10:21.066+0000][gc,heap     ] GC(1362) Survivor regions: 4->4(7)
[2026-01-16T11:10:21.066+0000][gc,heap     ] GC(1362) Old regions: 152->152
[2026-01-16T11:10:21.066+0000][gc,heap     ] GC(1362) Humongous regions: 47->47
[2026-01-16T11:10:21.067+0000][gc,metaspace] GC(1362) Metaspace: 13176K(13632K)->13176K(13632K) NonClass: 12076K(12288K)->12076K(12288K) Class: 1100K(1344K)->1100K(1344K)
[2026-01-16T11:10:21.073+0000][gc          ] GC(1362) Pause Young (Normal) (G1 Evacuation Pause) 248M->201M(1024M) 309.732ms
[2026-01-16T11:10:21.075+0000][gc,cpu      ] GC(1362) User=0.16s Sys=0.02s Real=0.31s
[2026-01-16T11:10:21.867+0000][gc,start    ] GC(1363) Pause Young (Normal) (G1 Evacuation Pause)
[2026-01-16T11:10:21.867+0000][gc,task     ] GC(1363) Using 8 workers of 8 for evacuation
[2026-01-16T11:10:21.899+0000][gc,phases   ] GC(1363)   Pre Evacuate Collection Set: 0.7ms
[2026-01-16T11:10:21.902+0000][gc,phases   ] GC(1363)   Merge Heap Roots: 0.5ms
[2026-01-16T11:10:21.904+0000][gc,phases   ] GC(1363)   Evacuate Collection Set: 29.3ms
[2026-01-16T11:10:21.904+0000][gc,phases   ] GC(1363)   Post Evacuate Collection Set: 1.1ms
[2026-01-16T11:10:21.907+0000][gc,phases   ] GC(1363)   Other: 0.5ms
[2026-01-16T11:10:21.910+0000][gc,heap     ] GC(1363) Eden regions: 47->0(47)
[2026-01-16T11:10:21.912+0000][gc,heap     ] GC(1363) Survivor regions: 4->4(7)
[2026-01-16T11:10:21.912+0000][gc,heap     ] GC(1363) Old regions: 152->152
[2026-01-16T11:10:21.915+0000][gc,heap     ] GC(1363) Humongous regions: 47->47
[2026-01-16T11:10:21.915+0000][gc,metaspace] GC(1363) Metaspace: 13176K(13632K)->13176K(13632K) NonClass: 12076K(12288K)->12076K(12288K) Class: 1100K(1344K)->1100K(1344K)
[2026-01-16T11:10:21.915+0000][gc          ] GC(1363) Pause Young (Normal) (G1 Evacuation Pause) 248M->201M(1024M) 48.474ms
[2026-01-16T11:10:21.917+0000][gc,cpu      ] GC(1363) User=0.06s Sys=0.00s Real=0.06s
[2026-01-16T11:10:29.071+0000][gc,start    ] GC(1364) Pause Young (Normal) (G1 Evacuation Pause)
[2026-01-16T11:10:29.073+0000][gc,task     ] GC(1364) Using 8 workers of 8 for evacuation
[2026-01-16T11:10:29.122+0000][gc,phases   ] GC(1364)   Pre Evacuate Collection Set: 5.2ms
[2026-01-16T11:10:29.123+0000][gc,phases   ] GC(1364)   Merge Heap Roots: 2.8ms
[2026-01-16T11:10:29.125+0000][gc,phases   ] GC(1364)   Evacuate Collection Set: 27.7ms
[2026-01-16T11:10:29.126+0000][gc,phases   ] GC(1364)   Post Evacuate Collection Set: 13.2ms
[2026-01-16T11:10:29.126+0000][gc,phases   ] GC(1364)   Other: 0.6ms
[2026-01-16T11:10:29.127+0000][gc,heap     ] GC(1364) Eden regions: 47->0(48)
[2026-01-16T11:10:29.128+0000][gc,heap     ] GC(1364) Survivor regions: 4->3(7)
[2026-01-16T11:10:29.128+0000][gc,heap     ] GC(1364) Old regions: 152->152
[2026-01-16T11:10:29.128+0000][gc,heap     ] GC(1364) Humongous regions: 47->47
[2026-01-16T11:10:29.129+0000][gc,metaspace] GC(1364) Metaspace: 13176K(13632K)->13176K(13632K) NonClass: 12076K(12288K)->12076K(12288K) Class: 1100K(1344K)->1100K(1344K)
[2026-01-16T11:10:29.129+0000][gc          ] GC(1364) Pause Young (Normal) (G1 Evacuation Pause) 248M->200M(1024M) 58.560ms
[2026-01-16T11:10:29.129+0000][gc,cpu      ] GC(1364) User=0.14s Sys=0.01s Real=0.06s
[2026-01-16T11:10:29.756+0000][gc,start    ] GC(1365) Pause Young (Normal) (G1 Evacuation Pause)
[2026-01-16T11:10:29.756+0000][gc,task     ] GC(1365) Using 8 workers of 8 for evacuation
[2026-01-16T11:10:29.774+0000][gc,phases   ] GC(1365)   Pre Evacuate Collection Set: 0.3ms
[2026-01-16T11:10:29.774+0000][gc,phases   ] GC(1365)   Merge Heap Roots: 0.1ms
[2026-01-16T11:10:29.775+0000][gc,phases   ] GC(1365)   Evacuate Collection Set: 16.4ms
[2026-01-16T11:10:29.775+0000][gc,phases   ] GC(1365)   Post Evacuate Collection Set: 1.4ms
[2026-01-16T11:10:29.775+0000][gc,phases   ] GC(1365)   Other: 0.1ms
[2026-01-16T11:10:29.775+0000][gc,heap     ] GC(1365) Eden regions: 56->0(74)
[2026-01-16T11:10:29.775+0000][gc,heap     ] GC(1365) Survivor regions: 3->4(8)
[2026-01-16T11:10:29.775+0000][gc,heap     ] GC(1365) Old regions: 152->152
[2026-01-16T11:10:29.775+0000][gc,heap     ] GC(1365) Humongous regions: 47->47
[2026-01-16T11:10:29.775+0000][gc,metaspace] GC(1365) Metaspace: 13176K(13632K)->13176K(13632K) NonClass: 12076K(12288K)->12076K(12288K) Class: 1100K(1344K)->1100K(1344K)
[2026-01-16T11:10:29.775+0000][gc          ] GC(1365) Pause Young (Normal) (G1 Evacuation Pause) 256M->201M(1024M) 19.929ms
[2026-01-16T11:10:29.776+0000][gc,cpu      ] GC(1365) User=0.06s Sys=0.01s Real=0.02s
[2026-01-16T11:10:39.636+0000][gc,start    ] GC(1366) Pause Young (Normal) (G1 Evacuation Pause)
[2026-01-16T11:10:39.639+0000][gc,task     ] GC(1366) Using 8 workers of 8 for evacuation
[2026-01-16T11:10:39.687+0000][gc,phases   ] GC(1366)   Pre Evacuate Collection Set: 2.7ms
[2026-01-16T11:10:39.688+0000][gc,phases   ] GC(1366)   Merge Heap Roots: 2.0ms
[2026-01-16T11:10:39.688+0000][gc,phases   ] GC(1366)   Evacuate Collection Set: 32.1ms
[2026-01-16T11:10:39.688+0000][gc,phases   ] GC(1366)   Post Evacuate Collection Set: 11.3ms
[2026-01-16T11:10:39.689+0000][gc,phases   ] GC(1366)   Other: 0.8ms
[2026-01-16T11:10:39.689+0000][gc,heap     ] GC(1366) Eden regions: 84->0(179)
[2026-01-16T11:10:39.689+0000][gc,heap     ] GC(1366) Survivor regions: 4->4(11)
[2026-01-16T11:10:39.690+0000][gc,heap     ] GC(1366) Old regions: 152->152
[2026-01-16T11:10:39.690+0000][gc,heap     ] GC(1366) Humongous regions: 47->47
[2026-01-16T11:10:39.690+0000][gc,metaspace] GC(1366) Metaspace: 13176K(13632K)->13176K(13632K) NonClass: 12076K(12288K)->12076K(12288K) Class: 1100K(1344K)->1100K(1344K)
[2026-01-16T11:10:39.691+0000][gc          ] GC(1366) Pause Young (Normal) (G1 Evacuation Pause) 285M->201M(1024M) 54.972ms
[2026-01-16T11:10:39.691+0000][gc,cpu      ] GC(1366) User=0.13s Sys=0.00s Real=0.06s
[2026-01-16T11:10:50.813+0000][gc,start    ] GC(1367) Pause Young (Normal) (G1 Evacuation Pause)
[2026-01-16T11:10:50.813+0000][gc,task     ] GC(1367) Using 8 workers of 8 for evacuation
[2026-01-16T11:10:50.851+0000][gc,phases   ] GC(1367)   Pre Evacuate Collection Set: 1.5ms
[2026-01-16T11:10:50.851+0000][gc,phases   ] GC(1367)   Merge Heap Roots: 0.4ms
[2026-01-16T11:10:50.851+0000][gc,phases   ] GC(1367)   Evacuate Collection Set: 33.4ms
[2026-01-16T11:10:50.851+0000][gc,phases   ] GC(1367)   Post Evacuate Collection Set: 1.6ms
[2026-01-16T11:10:50.851+0000][gc,phases   ] GC(1367)   Other: 0.5ms
[2026-01-16T11:10:50.851+0000][gc,heap     ] GC(1367) Eden regions: 190->0(270)
[2026-01-16T11:10:50.851+0000][gc,heap     ] GC(1367) Survivor regions: 4->5(25)
[2026-01-16T11:10:50.851+0000][gc,heap     ] GC(1367) Old regions: 152->152
[2026-01-16T11:10:50.852+0000][gc,heap     ] GC(1367) Humongous regions: 47->47
[2026-01-16T11:10:50.852+0000][gc,metaspace] GC(1367) Metaspace: 13176K(13632K)->13176K(13632K) NonClass: 12076K(12288K)->12076K(12288K) Class: 1100K(1344K)->1100K(1344K)
[2026-01-16T11:10:50.852+0000][gc          ] GC(1367) Pause Young (Normal) (G1 Evacuation Pause) 391M->202M(1024M) 39.448ms
[2026-01-16T11:10:50.852+0000][gc,cpu      ] GC(1367) User=0.23s Sys=0.01s Real=0.04s
[2026-01-16T11:11:19.455+0000][gc,start    ] GC(1368) Pause Young (Normal) (G1 Evacuation Pause)
[2026-01-16T11:11:19.456+0000][gc,task     ] GC(1368) Using 8 workers of 8 for evacuation
[2026-01-16T11:11:19.506+0000][gc,phases   ] GC(1368)   Pre Evacuate Collection Set: 1.8ms
[2026-01-16T11:11:19.507+0000][gc,phases   ] GC(1368)   Merge Heap Roots: 0.5ms
[2026-01-16T11:11:19.507+0000][gc,phases   ] GC(1368)   Evacuate Collection Set: 43.2ms
[2026-01-16T11:11:19.507+0000][gc,phases   ] GC(1368)   Post Evacuate Collection Set: 4.8ms
[2026-01-16T11:11:19.507+0000][gc,phases   ] GC(1368)   Other: 0.3ms
[2026-01-16T11:11:19.507+0000][gc,heap     ] GC(1368) Eden regions: 273->0(576)
[2026-01-16T11:11:19.507+0000][gc,heap     ] GC(1368) Survivor regions: 5->4(35)
[2026-01-16T11:11:19.507+0000][gc,heap     ] GC(1368) Old regions: 152->152
[2026-01-16T11:11:19.507+0000][gc,heap     ] GC(1368) Humongous regions: 47->47
[2026-01-16T11:11:19.507+0000][gc,metaspace] GC(1368) Metaspace: 13176K(13632K)->13176K(13632K) NonClass: 12076K(12288K)->12076K(12288K) Class: 1100K(1344K)->1100K(1344K)
[2026-01-16T11:11:19.508+0000][gc          ] GC(1368) Pause Young (Normal) (G1 Evacuation Pause) 475M->201M(1024M) 52.798ms
[2026-01-16T11:11:19.508+0000][gc,cpu      ] GC(1368) User=0.23s Sys=0.01s Real=0.05s
[2026-01-16T11:12:09.625+0000][gc,start    ] GC(1369) Pause Young (Normal) (G1 Evacuation Pause)
[2026-01-16T11:12:09.626+0000][gc,task     ] GC(1369) Using 8 workers of 8 for evacuation
[2026-01-16T11:12:09.760+0000][gc,phases   ] GC(1369)   Pre Evacuate Collection Set: 15.8ms
[2026-01-16T11:12:09.761+0000][gc,phases   ] GC(1369)   Merge Heap Roots: 4.8ms
[2026-01-16T11:12:09.761+0000][gc,phases   ] GC(1369)   Evacuate Collection Set: 85.4ms
[2026-01-16T11:12:09.761+0000][gc,phases   ] GC(1369)   Post Evacuate Collection Set: 25.7ms
[2026-01-16T11:12:09.761+0000][gc,phases   ] GC(1369)   Other: 2.6ms
[2026-01-16T11:12:09.762+0000][gc,heap     ] GC(1369) Eden regions: 580->0(557)
[2026-01-16T11:12:09.762+0000][gc,heap     ] GC(1369) Survivor regions: 4->5(73)
[2026-01-16T11:12:09.762+0000][gc,heap     ] GC(1369) Old regions: 152->152
[2026-01-16T11:12:09.763+0000][gc,heap     ] GC(1369) Humongous regions: 47->47
[2026-01-16T11:12:09.763+0000][gc,metaspace] GC(1369) Metaspace: 13176K(13632K)->13176K(13632K) NonClass: 12076K(12288K)->12076K(12288K) Class: 1100K(1344K)->1100K(1344K)
[2026-01-16T11:12:09.764+0000][gc          ] GC(1369) Pause Young (Normal) (G1 Evacuation Pause) 781M->202M(1024M) 139.089ms
[2026-01-16T11:12:09.764+0000][gc,cpu      ] GC(1369) User=0.27s Sys=0.02s Real=0.14s
[2026-01-16T11:12:50.188+0000][gc,start    ] GC(1370) Pause Young (Normal) (G1 Evacuation Pause)
[2026-01-16T11:12:50.190+0000][gc,task     ] GC(1370) Using 8 workers of 8 for evacuation
[2026-01-16T11:12:50.245+0000][gc,phases   ] GC(1370)   Pre Evacuate Collection Set: 2.0ms
[2026-01-16T11:12:50.246+0000][gc,phases   ] GC(1370)   Merge Heap Roots: 0.7ms
[2026-01-16T11:12:50.246+0000][gc,phases   ] GC(1370)   Evacuate Collection Set: 47.5ms
[2026-01-16T11:12:50.246+0000][gc,phases   ] GC(1370)   Post Evacuate Collection Set: 4.6ms
[2026-01-16T11:12:50.246+0000][gc,phases   ] GC(1370)   Other: 1.0ms
[2026-01-16T11:12:50.246+0000][gc,heap     ] GC(1370) Eden regions: 552->0(608)
[2026-01-16T11:12:50.246+0000][gc,heap     ] GC(1370) Survivor regions: 5->6(70)
[2026-01-16T11:12:50.246+0000][gc,heap     ] GC(1370) Old regions: 152->152
[2026-01-16T11:12:50.246+0000][gc,heap     ] GC(1370) Humongous regions: 47->47
[2026-01-16T11:12:50.247+0000][gc,metaspace] GC(1370) Metaspace: 13176K(13632K)->13176K(13632K) NonClass: 12076K(12288K)->12076K(12288K) Class: 1100K(1344K)->1100K(1344K)
[2026-01-16T11:12:50.247+0000][gc          ] GC(1370) Pause Young (Normal) (G1 Evacuation Pause) 754M->204M(1024M) 59.240ms
[2026-01-16T11:12:50.247+0000][gc,cpu      ] GC(1370) User=0.27s Sys=0.03s Real=0.06s
[2026-01-16T11:13:20.640+0000][gc,start    ] GC(1371) Pause Young (Normal) (G1 Evacuation Pause)
[2026-01-16T11:13:20.645+0000][gc,task     ] GC(1371) Using 8 workers of 8 for evacuation
[2026-01-16T11:13:20.743+0000][gc,phases   ] GC(1371)   Pre Evacuate Collection Set: 9.3ms
[2026-01-16T11:13:20.743+0000][gc,phases   ] GC(1371)   Merge Heap Roots: 1.2ms
[2026-01-16T11:13:20.743+0000][gc,phases   ] GC(1371)   Evacuate Collection Set: 72.7ms
[2026-01-16T11:13:20.744+0000][gc,phases   ] GC(1371)   Post Evacuate Collection Set: 13.4ms
[2026-01-16T11:13:20.744+0000][gc,phases   ] GC(1371)   Other: 1.4ms
[2026-01-16T11:13:20.744+0000][gc,heap     ] GC(1371) Eden regions: 345->0(608)
[2026-01-16T11:13:20.744+0000][gc,heap     ] GC(1371) Survivor regions: 6->6(44)
[2026-01-16T11:13:20.744+0000][gc,heap     ] GC(1371) Old regions: 152->153
[2026-01-16T11:13:20.745+0000][gc,heap     ] GC(1371) Humongous regions: 47->47
[2026-01-16T11:13:20.745+0000][gc,metaspace] GC(1371) Metaspace: 13176K(13632K)->13176K(13632K) NonClass: 12076K(12288K)->12076K(12288K) Class: 1100K(1344K)->1100K(1344K)
[2026-01-16T11:13:20.746+0000][gc          ] GC(1371) Pause Young (Normal) (G1 Evacuation Pause) 549M->204M(1024M) 105.627ms
[2026-01-16T11:13:20.746+0000][gc,cpu      ] GC(1371) User=0.24s Sys=0.03s Real=0.11s
[2026-01-16T11:14:20.518+0000][gc,start    ] GC(1372) Pause Young (Normal) (G1 Evacuation Pause)
[2026-01-16T11:14:20.528+0000][gc,task     ] GC(1372) Using 8 workers of 8 for evacuation
[2026-01-16T11:14:21.072+0000][gc,mmu      ] GC(1372) MMU target violated: 201.0ms (200.0ms/201.0ms)
[2026-01-16T11:14:21.073+0000][gc,phases   ] GC(1372)   Pre Evacuate Collection Set: 55.7ms
[2026-01-16T11:14:21.073+0000][gc,phases   ] GC(1372)   Merge Heap Roots: 7.3ms
[2026-01-16T11:14:21.073+0000][gc,phases   ] GC(1372)   Evacuate Collection Set: 415.9ms
[2026-01-16T11:14:21.073+0000][gc,phases   ] GC(1372)   Post Evacuate Collection Set: 62.5ms
[2026-01-16T11:14:21.074+0000][gc,phases   ] GC(1372)   Other: 3.6ms
[2026-01-16T11:14:21.077+0000][gc,heap     ] GC(1372) Eden regions: 608->0(42)
[2026-01-16T11:14:21.077+0000][gc,heap     ] GC(1372) Survivor regions: 6->9(77)
[2026-01-16T11:14:21.078+0000][gc,heap     ] GC(1372) Old regions: 153->153
[2026-01-16T11:14:21.079+0000][gc,heap     ] GC(1372) Humongous regions: 47->47
[2026-01-16T11:14:21.080+0000][gc,metaspace] GC(1372) Metaspace: 13176K(13632K)->13176K(13632K) NonClass: 12076K(12288K)->12076K(12288K) Class: 1100K(1344K)->1100K(1344K)
[2026-01-16T11:14:21.080+0000][gc          ] GC(1372) Pause Young (Normal) (G1 Evacuation Pause) 812M->207M(1024M) 562.592ms
[2026-01-16T11:14:21.080+0000][gc,cpu      ] GC(1372) User=0.76s Sys=0.10s Real=0.57s
[2026-01-16T11:14:22.620+0000][gc,start    ] GC(1373) Pause Young (Normal) (G1 Evacuation Pause)
[2026-01-16T11:14:22.622+0000][gc,task     ] GC(1373) Using 8 workers of 8 for evacuation
[2026-01-16T11:14:22.905+0000][gc,mmu      ] GC(1373) MMU target violated: 201.0ms (200.0ms/201.0ms)
[2026-01-16T11:14:22.907+0000][gc,phases   ] GC(1373)   Pre Evacuate Collection Set: 21.5ms
[2026-01-16T11:14:22.908+0000][gc,phases   ] GC(1373)   Merge Heap Roots: 12.2ms
[2026-01-16T11:14:22.908+0000][gc,phases   ] GC(1373)   Evacuate Collection Set: 232.2ms
[2026-01-16T11:14:22.908+0000][gc,phases   ] GC(1373)   Post Evacuate Collection Set: 13.7ms
[2026-01-16T11:14:22.908+0000][gc,phases   ] GC(1373)   Other: 5.5ms
[2026-01-16T11:14:22.909+0000][gc,heap     ] GC(1373) Eden regions: 42->0(92)
[2026-01-16T11:14:22.909+0000][gc,heap     ] GC(1373) Survivor regions: 9->2(7)
[2026-01-16T11:14:22.909+0000][gc,heap     ] GC(1373) Old regions: 153->161
[2026-01-16T11:14:22.909+0000][gc,heap     ] GC(1373) Humongous regions: 47->47
[2026-01-16T11:14:22.909+0000][gc,metaspace] GC(1373) Metaspace: 13176K(13632K)->13176K(13632K) NonClass: 12076K(12288K)->12076K(12288K) Class: 1100K(1344K)->1100K(1344K)
[2026-01-16T11:14:22.910+0000][gc          ] GC(1373) Pause Young (Normal) (G1 Evacuation Pause) 249M->208M(1024M) 289.345ms
[2026-01-16T11:14:22.912+0000][gc,cpu      ] GC(1373) User=0.43s Sys=0.16s Real=0.29s
[2026-01-16T11:14:31.804+0000][gc,start    ] GC(1374) Pause Young (Normal) (G1 Evacuation Pause)
[2026-01-16T11:14:31.807+0000][gc,task     ] GC(1374) Using 8 workers of 8 for evacuation
[2026-01-16T11:14:31.876+0000][gc,phases   ] GC(1374)   Pre Evacuate Collection Set: 3.4ms
[2026-01-16T11:14:31.876+0000][gc,phases   ] GC(1374)   Merge Heap Roots: 0.9ms
[2026-01-16T11:14:31.876+0000][gc,phases   ] GC(1374)   Evacuate Collection Set: 57.1ms
[2026-01-16T11:14:31.876+0000][gc,phases   ] GC(1374)   Post Evacuate Collection Set: 7.1ms
[2026-01-16T11:14:31.877+0000][gc,phases   ] GC(1374)   Other: 0.6ms
[2026-01-16T11:14:31.877+0000][gc,heap     ] GC(1374) Eden regions: 162->0(125)
[2026-01-16T11:14:31.877+0000][gc,heap     ] GC(1374) Survivor regions: 2->3(21)
[2026-01-16T11:14:31.877+0000][gc,heap     ] GC(1374) Old regions: 161->161
[2026-01-16T11:14:31.877+0000][gc,heap     ] GC(1374) Humongous regions: 47->47
[2026-01-16T11:14:31.877+0000][gc,metaspace] GC(1374) Metaspace: 13181K(13632K)->13181K(13632K) NonClass: 12081K(12288K)->12081K(12288K) Class: 1100K(1344K)->1100K(1344K)
[2026-01-16T11:14:31.877+0000][gc          ] GC(1374) Pause Young (Normal) (G1 Evacuation Pause) 370M->210M(1024M) 72.700ms
[2026-01-16T11:14:31.877+0000][gc,cpu      ] GC(1374) User=0.28s Sys=0.02s Real=0.07s
[2026-01-16T11:14:49.875+0000][gc,start    ] GC(1375) Pause Young (Normal) (G1 Evacuation Pause)
[2026-01-16T11:14:49.877+0000][gc,task     ] GC(1375) Using 8 workers of 8 for evacuation
[2026-01-16T11:14:49.938+0000][gc,phases   ] GC(1375)   Pre Evacuate Collection Set: 9.3ms
[2026-01-16T11:14:49.939+0000][gc,phases   ] GC(1375)   Merge Heap Roots: 3.9ms
[2026-01-16T11:14:49.939+0000][gc,phases   ] GC(1375)   Evacuate Collection Set: 43.8ms
[2026-01-16T11:14:49.939+0000][gc,phases   ] GC(1375)   Post Evacuate Collection Set: 3.8ms
[2026-01-16T11:14:49.939+0000][gc,phases   ] GC(1375)   Other: 0.8ms
[2026-01-16T11:14:49.939+0000][gc,heap     ] GC(1375) Eden regions: 163->0(250)
[2026-01-16T11:14:49.940+0000][gc,heap     ] GC(1375) Survivor regions: 3->3(21)
[2026-01-16T11:14:49.940+0000][gc,heap     ] GC(1375) Old regions: 161->161
[2026-01-16T11:14:49.940+0000][gc,heap     ] GC(1375) Humongous regions: 47->47
[2026-01-16T11:14:49.940+0000][gc,metaspace] GC(1375) Metaspace: 13181K(13632K)->13181K(13632K) NonClass: 12081K(12288K)->12081K(12288K) Class: 1100K(1344K)->1100K(1344K)
[2026-01-16T11:14:49.940+0000][gc          ] GC(1375) Pause Young (Normal) (G1 Evacuation Pause) 373M->209M(1024M) 64.883ms
[2026-01-16T11:14:49.941+0000][gc,cpu      ] GC(1375) User=0.19s Sys=0.02s Real=0.07s
[2026-01-16T11:15:11.748+0000][gc,start    ] GC(1376) Pause Young (Normal) (G1 Evacuation Pause)
[2026-01-16T11:15:11.750+0000][gc,task     ] GC(1376) Using 8 workers of 8 for evacuation
[2026-01-16T11:15:11.825+0000][gc,phases   ] GC(1376)   Pre Evacuate Collection Set: 9.1ms
[2026-01-16T11:15:11.825+0000][gc,phases   ] GC(1376)   Merge Heap Roots: 1.9ms
[2026-01-16T11:15:11.825+0000][gc,phases   ] GC(1376)   Evacuate Collection Set: 48.7ms
[2026-01-16T11:15:11.826+0000][gc,phases   ] GC(1376)   Post Evacuate Collection Set: 14.4ms
[2026-01-16T11:15:11.826+0000][gc,phases   ] GC(1376)   Other: 0.9ms
[2026-01-16T11:15:11.826+0000][gc,heap     ] GC(1376) Eden regions: 282->0(335)
[2026-01-16T11:15:11.826+0000][gc,heap     ] GC(1376) Survivor regions: 3->4(36)
[2026-01-16T11:15:11.826+0000][gc,heap     ] GC(1376) Old regions: 161->161
[2026-01-16T11:15:11.826+0000][gc,heap     ] GC(1376) Humongous regions: 47->47
[2026-01-16T11:15:11.826+0000][gc,metaspace] GC(1376) Metaspace: 13192K(13696K)->13192K(13696K) NonClass: 12084K(12288K)->12084K(12288K) Class: 1107K(1408K)->1107K(1408K)
[2026-01-16T11:15:11.826+0000][gc          ] GC(1376) Pause Young (Normal) (G1 Evacuation Pause) 491M->210M(1024M) 78.437ms
[2026-01-16T11:15:11.827+0000][gc,cpu      ] GC(1376) User=0.32s Sys=0.02s Real=0.07s
[2026-01-16T11:15:40.878+0000][gc,start    ] GC(1377) Pause Young (Normal) (G1 Evacuation Pause)
[2026-01-16T11:15:40.882+0000][gc,task     ] GC(1377) Using 8 workers of 8 for evacuation
[2026-01-16T11:15:40.940+0000][gc,phases   ] GC(1377)   Pre Evacuate Collection Set: 4.0ms
[2026-01-16T11:15:40.942+0000][gc,phases   ] GC(1377)   Merge Heap Roots: 0.6ms
[2026-01-16T11:15:40.943+0000][gc,phases   ] GC(1377)   Evacuate Collection Set: 36.1ms
[2026-01-16T11:15:40.943+0000][gc,phases   ] GC(1377)   Post Evacuate Collection Set: 16.3ms
[2026-01-16T11:15:40.943+0000][gc,phases   ] GC(1377)   Other: 2.9ms
[2026-01-16T11:15:40.943+0000][gc,heap     ] GC(1377) Eden regions: 358->0(469)
[2026-01-16T11:15:40.943+0000][gc,heap     ] GC(1377) Survivor regions: 4->5(46)
[2026-01-16T11:15:40.943+0000][gc,heap     ] GC(1377) Old regions: 161->161
[2026-01-16T11:15:40.944+0000][gc,heap     ] GC(1377) Humongous regions: 47->47
[2026-01-16T11:15:40.944+0000][gc,metaspace] GC(1377) Metaspace: 13192K(13696K)->13192K(13696K) NonClass: 12084K(12288K)->12084K(12288K) Class: 1107K(1408K)->1107K(1408K)
[2026-01-16T11:15:40.944+0000][gc          ] GC(1377) Pause Young (Normal) (G1 Evacuation Pause) 568M->211M(1024M) 66.901ms
[2026-01-16T11:15:40.947+0000][gc,cpu      ] GC(1377) User=0.22s Sys=0.02s Real=0.07s
[2026-01-16T11:16:21.533+0000][gc,start    ] GC(1378) Pause Young (Normal) (G1 Evacuation Pause)
[2026-01-16T11:16:21.535+0000][gc,task     ] GC(1378) Using 8 workers of 8 for evacuation
[2026-01-16T11:16:21.584+0000][gc,phases   ] GC(1378)   Pre Evacuate Collection Set: 3.3ms
[2026-01-16T11:16:21.585+0000][gc,phases   ] GC(1378)   Merge Heap Roots: 1.3ms
[2026-01-16T11:16:21.585+0000][gc,phases   ] GC(1378)   Evacuate Collection Set: 30.6ms
[2026-01-16T11:16:21.585+0000][gc,phases   ] GC(1378)   Post Evacuate Collection Set: 12.0ms
[2026-01-16T11:16:21.585+0000][gc,phases   ] GC(1378)   Other: 2.9ms
[2026-01-16T11:16:21.585+0000][gc,heap     ] GC(1378) Eden regions: 488->0(609)
[2026-01-16T11:16:21.585+0000][gc,heap     ] GC(1378) Survivor regions: 5->5(62)
[2026-01-16T11:16:21.585+0000][gc,heap     ] GC(1378) Old regions: 161->161
[2026-01-16T11:16:21.586+0000][gc,heap     ] GC(1378) Humongous regions: 47->47
[2026-01-16T11:16:21.586+0000][gc,metaspace] GC(1378) Metaspace: 13197K(13696K)->13197K(13696K) NonClass: 12089K(12288K)->12089K(12288K) Class: 1107K(1408K)->1107K(1408K)
[2026-01-16T11:16:21.587+0000][gc          ] GC(1378) Pause Young (Normal) (G1 Evacuation Pause) 699M->212M(1024M) 53.362ms
[2026-01-16T11:16:21.587+0000][gc,cpu      ] GC(1378) User=0.20s Sys=0.02s Real=0.05s
[2026-01-16T11:17:19.657+0000][gc,start    ] GC(1379) Pause Young (Normal) (G1 Evacuation Pause)
[2026-01-16T11:17:19.657+0000][gc,task     ] GC(1379) Using 8 workers of 8 for evacuation
[2026-01-16T11:17:19.786+0000][gc,phases   ] GC(1379)   Pre Evacuate Collection Set: 12.0ms
[2026-01-16T11:17:19.786+0000][gc,phases   ] GC(1379)   Merge Heap Roots: 12.9ms
[2026-01-16T11:17:19.787+0000][gc,phases   ] GC(1379)   Evacuate Collection Set: 87.6ms
[2026-01-16T11:17:19.787+0000][gc,phases   ] GC(1379)   Post Evacuate Collection Set: 15.5ms
[2026-01-16T11:17:19.787+0000][gc,phases   ] GC(1379)   Other: 1.0ms
[2026-01-16T11:17:19.787+0000][gc,heap     ] GC(1379) Eden regions: 609->0(608)
[2026-01-16T11:17:19.787+0000][gc,heap     ] GC(1379) Survivor regions: 5->6(77)
[2026-01-16T11:17:19.787+0000][gc,heap     ] GC(1379) Old regions: 161->161
[2026-01-16T11:17:19.787+0000][gc,heap     ] GC(1379) Humongous regions: 47->47
[2026-01-16T11:17:19.787+0000][gc,metaspace] GC(1379) Metaspace: 13197K(13696K)->13197K(13696K) NonClass: 12089K(12288K)->12089K(12288K) Class: 1107K(1408K)->1107K(1408K)
[2026-01-16T11:17:19.788+0000][gc          ] GC(1379) Pause Young (Normal) (G1 Evacuation Pause) 821M->212M(1024M) 130.788ms
[2026-01-16T11:17:19.788+0000][gc,cpu      ] GC(1379) User=0.39s Sys=0.02s Real=0.13s
[2026-01-16T11:18:09.640+0000][gc,start    ] GC(1380) Pause Young (Normal) (G1 Evacuation Pause)
[2026-01-16T11:18:09.641+0000][gc,task     ] GC(1380) Using 8 workers of 8 for evacuation
[2026-01-16T11:18:09.698+0000][gc,phases   ] GC(1380)   Pre Evacuate Collection Set: 3.2ms
[2026-01-16T11:18:09.699+0000][gc,phases   ] GC(1380)   Merge Heap Roots: 1.3ms
[2026-01-16T11:18:09.699+0000][gc,phases   ] GC(1380)   Evacuate Collection Set: 37.8ms
[2026-01-16T11:18:09.699+0000][gc,phases   ] GC(1380)   Post Evacuate Collection Set: 14.6ms
[2026-01-16T11:18:09.699+0000][gc,phases   ] GC(1380)   Other: 0.7ms
[2026-01-16T11:18:09.699+0000][gc,heap     ] GC(1380) Eden regions: 608->0(607)
[2026-01-16T11:18:09.699+0000][gc,heap     ] GC(1380) Survivor regions: 6->7(77)
[2026-01-16T11:18:09.699+0000][gc,heap     ] GC(1380) Old regions: 161->161
[2026-01-16T11:18:09.699+0000][gc,heap     ] GC(1380) Humongous regions: 47->47
[2026-01-16T11:18:09.699+0000][gc,metaspace] GC(1380) Metaspace: 13202K(13696K)->13202K(13696K) NonClass: 12095K(12288K)->12095K(12288K) Class: 1107K(1408K)->1107K(1408K)
[2026-01-16T11:18:09.699+0000][gc          ] GC(1380) Pause Young (Normal) (G1 Evacuation Pause) 820M->213M(1024M) 59.081ms
[2026-01-16T11:18:09.699+0000][gc,cpu      ] GC(1380) User=0.29s Sys=0.01s Real=0.06s
[2026-01-16T11:19:03.076+0000][gc,start    ] GC(1381) Pause Young (Normal) (G1 Evacuation Pause)
[2026-01-16T11:19:03.087+0000][gc,task     ] GC(1381) Using 8 workers of 8 for evacuation
[2026-01-16T11:19:03.364+0000][gc,mmu      ] GC(1381) MMU target violated: 201.0ms (200.0ms/201.0ms)
[2026-01-16T11:19:03.364+0000][gc,phases   ] GC(1381)   Pre Evacuate Collection Set: 18.8ms
[2026-01-16T11:19:03.366+0000][gc,phases   ] GC(1381)   Merge Heap Roots: 3.5ms
[2026-01-16T11:19:03.367+0000][gc,phases   ] GC(1381)   Evacuate Collection Set: 175.1ms
[2026-01-16T11:19:03.369+0000][gc,phases   ] GC(1381)   Post Evacuate Collection Set: 75.2ms
[2026-01-16T11:19:03.375+0000][gc,phases   ] GC(1381)   Other: 4.6ms
[2026-01-16T11:19:03.378+0000][gc,heap     ] GC(1381) Eden regions: 607->0(249)
[2026-01-16T11:19:03.378+0000][gc,heap     ] GC(1381) Survivor regions: 7->8(77)
[2026-01-16T11:19:03.379+0000][gc,heap     ] GC(1381) Old regions: 161->161
[2026-01-16T11:19:03.379+0000][gc,heap     ] GC(1381) Humongous regions: 47->47
[2026-01-16T11:19:03.379+0000][gc,metaspace] GC(1381) Metaspace: 13202K(13696K)->13202K(13696K) NonClass: 12095K(12288K)->12095K(12288K) Class: 1107K(1408K)->1107K(1408K)
[2026-01-16T11:19:03.380+0000][gc          ] GC(1381) Pause Young (Normal) (G1 Evacuation Pause) 820M->214M(1024M) 303.038ms
[2026-01-16T11:19:03.381+0000][gc,cpu      ] GC(1381) User=0.54s Sys=0.09s Real=0.30s
[2026-01-16T11:19:20.696+0000][gc,start    ] GC(1382) Pause Young (Normal) (G1 Evacuation Pause)
[2026-01-16T11:19:20.701+0000][gc,task     ] GC(1382) Using 8 workers of 8 for evacuation
[2026-01-16T11:19:20.816+0000][gc,phases   ] GC(1382)   Pre Evacuate Collection Set: 9.5ms
[2026-01-16T11:19:20.816+0000][gc,phases   ] GC(1382)   Merge Heap Roots: 3.5ms
[2026-01-16T11:19:20.817+0000][gc,phases   ] GC(1382)   Evacuate Collection Set: 88.2ms
[2026-01-16T11:19:20.817+0000][gc,phases   ] GC(1382)   Post Evacuate Collection Set: 10.6ms
[2026-01-16T11:19:20.817+0000][gc,phases   ] GC(1382)   Other: 4.2ms
[2026-01-16T11:19:20.817+0000][gc,heap     ] GC(1382) Eden regions: 254->0(311)
[2026-01-16T11:19:20.817+0000][gc,heap     ] GC(1382) Survivor regions: 8->9(33)
[2026-01-16T11:19:20.817+0000][gc,heap     ] GC(1382) Old regions: 161->161
[2026-01-16T11:19:20.819+0000][gc,heap     ] GC(1382) Humongous regions: 47->47
[2026-01-16T11:19:20.820+0000][gc,metaspace] GC(1382) Metaspace: 13202K(13696K)->13202K(13696K) NonClass: 12095K(12288K)->12095K(12288K) Class: 1107K(1408K)->1107K(1408K)
[2026-01-16T11:19:20.822+0000][gc          ] GC(1382) Pause Young (Normal) (G1 Evacuation Pause) 468M->215M(1024M) 125.773ms
[2026-01-16T11:19:20.822+0000][gc,cpu      ] GC(1382) User=0.28s Sys=0.04s Real=0.12s
[2026-01-16T11:19:50.507+0000][gc,start    ] GC(1383) Pause Young (Normal) (G1 Evacuation Pause)
[2026-01-16T11:19:50.509+0000][gc,task     ] GC(1383) Using 8 workers of 8 for evacuation
[2026-01-16T11:19:50.606+0000][gc,phases   ] GC(1383)   Pre Evacuate Collection Set: 8.9ms
[2026-01-16T11:19:50.607+0000][gc,phases   ] GC(1383)   Merge Heap Roots: 1.3ms
[2026-01-16T11:19:50.607+0000][gc,phases   ] GC(1383)   Evacuate Collection Set: 75.2ms
[2026-01-16T11:19:50.607+0000][gc,phases   ] GC(1383)   Post Evacuate Collection Set: 10.6ms
[2026-01-16T11:19:50.608+0000][gc,phases   ] GC(1383)   Other: 1.9ms
[2026-01-16T11:19:50.608+0000][gc,heap     ] GC(1383) Eden regions: 306->0(498)
[2026-01-16T11:19:50.609+0000][gc,heap     ] GC(1383) Survivor regions: 9->9(40)
[2026-01-16T11:19:50.609+0000][gc,heap     ] GC(1383) Old regions: 161->161
[2026-01-16T11:19:50.609+0000][gc,heap     ] GC(1383) Humongous regions: 47->47
[2026-01-16T11:19:50.610+0000][gc,metaspace] GC(1383) Metaspace: 13202K(13696K)->13202K(13696K) NonClass: 12095K(12288K)->12095K(12288K) Class: 1107K(1408K)->1107K(1408K)
[2026-01-16T11:19:50.612+0000][gc          ] GC(1383) Pause Young (Normal) (G1 Evacuation Pause) 521M->215M(1024M) 104.848ms
[2026-01-16T11:19:50.614+0000][gc,cpu      ] GC(1383) User=0.38s Sys=0.01s Real=0.11s
[2026-01-16T11:20:30.692+0000][gc,start    ] GC(1384) Pause Young (Normal) (G1 Evacuation Pause)
[2026-01-16T11:20:30.695+0000][gc,task     ] GC(1384) Using 8 workers of 8 for evacuation
[2026-01-16T11:20:30.816+0000][gc,phases   ] GC(1384)   Pre Evacuate Collection Set: 8.5ms
[2026-01-16T11:20:30.816+0000][gc,phases   ] GC(1384)   Merge Heap Roots: 1.0ms
[2026-01-16T11:20:30.817+0000][gc,phases   ] GC(1384)   Evacuate Collection Set: 104.1ms
[2026-01-16T11:20:30.817+0000][gc,phases   ] GC(1384)   Post Evacuate Collection Set: 7.3ms
[2026-01-16T11:20:30.818+0000][gc,phases   ] GC(1384)   Other: 2.0ms
[2026-01-16T11:20:30.818+0000][gc,heap     ] GC(1384) Eden regions: 498->0(604)
[2026-01-16T11:20:30.819+0000][gc,heap     ] GC(1384) Survivor regions: 9->10(64)
[2026-01-16T11:20:30.819+0000][gc,heap     ] GC(1384) Old regions: 161->161
[2026-01-16T11:20:30.819+0000][gc,heap     ] GC(1384) Humongous regions: 47->47
[2026-01-16T11:20:30.819+0000][gc,metaspace] GC(1384) Metaspace: 13204K(13696K)->13204K(13696K) NonClass: 12096K(12288K)->12096K(12288K) Class: 1107K(1408K)->1107K(1408K)
[2026-01-16T11:20:30.820+0000][gc          ] GC(1384) Pause Young (Normal) (G1 Evacuation Pause) 713M->217M(1024M) 131.650ms
[2026-01-16T11:20:30.820+0000][gc,cpu      ] GC(1384) User=0.37s Sys=0.08s Real=0.13s
[2026-01-16T11:21:21.528+0000][gc,start    ] GC(1385) Pause Young (Normal) (G1 Evacuation Pause)
[2026-01-16T11:21:21.529+0000][gc,task     ] GC(1385) Using 8 workers of 8 for evacuation
[2026-01-16T11:21:21.691+0000][gc,phases   ] GC(1385)   Pre Evacuate Collection Set: 16.5ms
[2026-01-16T11:21:21.692+0000][gc,phases   ] GC(1385)   Merge Heap Roots: 2.1ms
[2026-01-16T11:21:21.692+0000][gc,phases   ] GC(1385)   Evacuate Collection Set: 124.1ms
[2026-01-16T11:21:21.692+0000][gc,phases   ] GC(1385)   Post Evacuate Collection Set: 17.6ms
[2026-01-16T11:21:21.692+0000][gc,phases   ] GC(1385)   Other: 0.9ms
[2026-01-16T11:21:21.692+0000][gc,heap     ] GC(1385) Eden regions: 604->0(510)
[2026-01-16T11:21:21.692+0000][gc,heap     ] GC(1385) Survivor regions: 10->11(77)
[2026-01-16T11:21:21.692+0000][gc,heap     ] GC(1385) Old regions: 161->161
[2026-01-16T11:21:21.692+0000][gc,heap     ] GC(1385) Humongous regions: 47->47
[2026-01-16T11:21:21.693+0000][gc,metaspace] GC(1385) Metaspace: 13204K(13696K)->13204K(13696K) NonClass: 12096K(12288K)->12096K(12288K) Class: 1107K(1408K)->1107K(1408K)
[2026-01-16T11:21:21.693+0000][gc          ] GC(1385) Pause Young (Normal) (G1 Evacuation Pause) 821M->217M(1024M) 164.479ms
[2026-01-16T11:21:21.693+0000][gc,cpu      ] GC(1385) User=0.61s Sys=0.08s Real=0.17s
[2026-01-16T11:22:09.424+0000][gc,start    ] GC(1386) Pause Young (Normal) (G1 Evacuation Pause)
[2026-01-16T11:22:09.428+0000][gc,task     ] GC(1386) Using 8 workers of 8 for evacuation
[2026-01-16T11:22:09.626+0000][gc,phases   ] GC(1386)   Pre Evacuate Collection Set: 21.1ms
[2026-01-16T11:22:09.631+0000][gc,phases   ] GC(1386)   Merge Heap Roots: 1.3ms
[2026-01-16T11:22:09.632+0000][gc,phases   ] GC(1386)   Evacuate Collection Set: 131.5ms
[2026-01-16T11:22:09.633+0000][gc,phases   ] GC(1386)   Post Evacuate Collection Set: 41.7ms
[2026-01-16T11:22:09.633+0000][gc,phases   ] GC(1386)   Other: 2.8ms
[2026-01-16T11:22:09.633+0000][gc,heap     ] GC(1386) Eden regions: 494->0(467)
[2026-01-16T11:22:09.633+0000][gc,heap     ] GC(1386) Survivor regions: 11->11(64)
[2026-01-16T11:22:09.633+0000][gc,heap     ] GC(1386) Old regions: 161->161
[2026-01-16T11:22:09.633+0000][gc,heap     ] GC(1386) Humongous regions: 47->47
[2026-01-16T11:22:09.636+0000][gc,metaspace] GC(1386) Metaspace: 13204K(13696K)->13204K(13696K) NonClass: 12096K(12288K)->12096K(12288K) Class: 1107K(1408K)->1107K(1408K)
[2026-01-16T11:22:09.644+0000][gc          ] GC(1386) Pause Young (Normal) (G1 Evacuation Pause) 711M->217M(1024M) 220.855ms
[2026-01-16T11:22:09.645+0000][gc,cpu      ] GC(1386) User=0.55s Sys=0.08s Real=0.22s
[2026-01-16T11:22:49.240+0000][gc,start    ] GC(1387) Pause Young (Normal) (G1 Evacuation Pause)
[2026-01-16T11:22:49.249+0000][gc,task     ] GC(1387) Using 8 workers of 8 for evacuation
[2026-01-16T11:22:49.331+0000][gc,phases   ] GC(1387)   Pre Evacuate Collection Set: 3.4ms
[2026-01-16T11:22:49.331+0000][gc,phases   ] GC(1387)   Merge Heap Roots: 0.7ms
[2026-01-16T11:22:49.332+0000][gc,phases   ] GC(1387)   Evacuate Collection Set: 69.9ms
[2026-01-16T11:22:49.332+0000][gc,phases   ] GC(1387)   Post Evacuate Collection Set: 7.2ms
[2026-01-16T11:22:49.332+0000][gc,phases   ] GC(1387)   Other: 2.6ms
[2026-01-16T11:22:49.332+0000][gc,heap     ] GC(1387) Eden regions: 461->0(603)
[2026-01-16T11:22:49.332+0000][gc,heap     ] GC(1387) Survivor regions: 11->11(59)
[2026-01-16T11:22:49.332+0000][gc,heap     ] GC(1387) Old regions: 161->161
[2026-01-16T11:22:49.332+0000][gc,heap     ] GC(1387) Humongous regions: 47->47
[2026-01-16T11:22:49.332+0000][gc,metaspace] GC(1387) Metaspace: 13204K(13696K)->13204K(13696K) NonClass: 12096K(12288K)->12096K(12288K) Class: 1107K(1408K)->1107K(1408K)
[2026-01-16T11:22:49.333+0000][gc          ] GC(1387) Pause Young (Normal) (G1 Evacuation Pause) 678M->218M(1024M) 92.610ms
[2026-01-16T11:22:49.333+0000][gc,cpu      ] GC(1387) User=0.40s Sys=0.04s Real=0.09s
[2026-01-16T11:23:39.747+0000][gc,start    ] GC(1388) Pause Young (Normal) (G1 Evacuation Pause)
[2026-01-16T11:23:39.751+0000][gc,task     ] GC(1388) Using 8 workers of 8 for evacuation
[2026-01-16T11:23:39.900+0000][gc,phases   ] GC(1388)   Pre Evacuate Collection Set: 4.3ms
[2026-01-16T11:23:39.900+0000][gc,phases   ] GC(1388)   Merge Heap Roots: 1.7ms
[2026-01-16T11:23:39.901+0000][gc,phases   ] GC(1388)   Evacuate Collection Set: 126.0ms
[2026-01-16T11:23:39.901+0000][gc,phases   ] GC(1388)   Post Evacuate Collection Set: 16.2ms
[2026-01-16T11:23:39.902+0000][gc,phases   ] GC(1388)   Other: 2.1ms
[2026-01-16T11:23:39.902+0000][gc,heap     ] GC(1388) Eden regions: 603->0(602)
[2026-01-16T11:23:39.902+0000][gc,heap     ] GC(1388) Survivor regions: 11->12(77)
[2026-01-16T11:23:39.902+0000][gc,heap     ] GC(1388) Old regions: 161->161
[2026-01-16T11:23:39.903+0000][gc,heap     ] GC(1388) Humongous regions: 47->47
[2026-01-16T11:23:39.903+0000][gc,metaspace] GC(1388) Metaspace: 13204K(13696K)->13204K(13696K) NonClass: 12096K(12288K)->12096K(12288K) Class: 1107K(1408K)->1107K(1408K)
[2026-01-16T11:23:39.904+0000][gc          ] GC(1388) Pause Young (Normal) (G1 Evacuation Pause) 821M->219M(1024M) 157.313ms
[2026-01-16T11:23:39.904+0000][gc,cpu      ] GC(1388) User=0.61s Sys=0.08s Real=0.15s
[2026-01-16T11:24:29.876+0000][gc,start    ] GC(1389) Pause Young (Normal) (G1 Evacuation Pause)
[2026-01-16T11:24:29.877+0000][gc,task     ] GC(1389) Using 8 workers of 8 for evacuation
[2026-01-16T11:24:30.108+0000][gc,mmu      ] GC(1389) MMU target violated: 201.0ms (200.0ms/201.0ms)
[2026-01-16T11:24:30.108+0000][gc,phases   ] GC(1389)   Pre Evacuate Collection Set: 12.1ms
[2026-01-16T11:24:30.108+0000][gc,phases   ] GC(1389)   Merge Heap Roots: 2.5ms
[2026-01-16T11:24:30.108+0000][gc,phases   ] GC(1389)   Evacuate Collection Set: 183.3ms
[2026-01-16T11:24:30.109+0000][gc,phases   ] GC(1389)   Post Evacuate Collection Set: 31.3ms
[2026-01-16T11:24:30.109+0000][gc,phases   ] GC(1389)   Other: 1.6ms
[2026-01-16T11:24:30.109+0000][gc,heap     ] GC(1389) Eden regions: 602->0(388)
[2026-01-16T11:24:30.109+0000][gc,heap     ] GC(1389) Survivor regions: 12->12(77)
[2026-01-16T11:24:30.109+0000][gc,heap     ] GC(1389) Old regions: 161->162
[2026-01-16T11:24:30.109+0000][gc,heap     ] GC(1389) Humongous regions: 47->47
[2026-01-16T11:24:30.109+0000][gc,metaspace] GC(1389) Metaspace: 13204K(13696K)->13204K(13696K) NonClass: 12096K(12288K)->12096K(12288K) Class: 1107K(1408K)->1107K(1408K)
[2026-01-16T11:24:30.110+0000][gc          ] GC(1389) Pause Young (Normal) (G1 Evacuation Pause) 821M->220M(1024M) 237.041ms
[2026-01-16T11:24:30.110+0000][gc,cpu      ] GC(1389) User=0.81s Sys=0.07s Real=0.24s
[2026-01-16T11:24:51.086+0000][gc,start    ] GC(1390) Pause Young (Normal) (G1 Evacuation Pause)
[2026-01-16T11:24:51.087+0000][gc,task     ] GC(1390) Using 8 workers of 8 for evacuation
[2026-01-16T11:24:51.220+0000][gc,phases   ] GC(1390)   Pre Evacuate Collection Set: 3.2ms
[2026-01-16T11:24:51.221+0000][gc,phases   ] GC(1390)   Merge Heap Roots: 0.8ms
[2026-01-16T11:24:51.222+0000][gc,phases   ] GC(1390)   Evacuate Collection Set: 120.8ms
[2026-01-16T11:24:51.222+0000][gc,phases   ] GC(1390)   Post Evacuate Collection Set: 8.0ms
[2026-01-16T11:24:51.224+0000][gc,phases   ] GC(1390)   Other: 0.5ms
[2026-01-16T11:24:51.224+0000][gc,heap     ] GC(1390) Eden regions: 270->0(338)
[2026-01-16T11:24:51.225+0000][gc,heap     ] GC(1390) Survivor regions: 12->13(36)
[2026-01-16T11:24:51.225+0000][gc,heap     ] GC(1390) Old regions: 162->163
[2026-01-16T11:24:51.225+0000][gc,heap     ] GC(1390) Humongous regions: 47->47
[2026-01-16T11:24:51.225+0000][gc,metaspace] GC(1390) Metaspace: 13204K(13696K)->13204K(13696K) NonClass: 12096K(12288K)->12096K(12288K) Class: 1107K(1408K)->1107K(1408K)
[2026-01-16T11:24:51.226+0000][gc          ] GC(1390) Pause Young (Normal) (G1 Evacuation Pause) 490M->222M(1024M) 139.731ms
[2026-01-16T11:24:51.226+0000][gc,cpu      ] GC(1390) User=0.48s Sys=0.06s Real=0.13s
[2026-01-16T11:24:59.787+0000][gc,start    ] GC(1391) Pause Young (Normal) (G1 Evacuation Pause)
[2026-01-16T11:24:59.792+0000][gc,task     ] GC(1391) Using 8 workers of 8 for evacuation
[2026-01-16T11:24:59.942+0000][gc,phases   ] GC(1391)   Pre Evacuate Collection Set: 3.8ms
[2026-01-16T11:24:59.943+0000][gc,phases   ] GC(1391)   Merge Heap Roots: 1.6ms
[2026-01-16T11:24:59.943+0000][gc,phases   ] GC(1391)   Evacuate Collection Set: 137.9ms
[2026-01-16T11:24:59.944+0000][gc,phases   ] GC(1391)   Post Evacuate Collection Set: 5.8ms
[2026-01-16T11:24:59.944+0000][gc,phases   ] GC(1391)   Other: 1.0ms
[2026-01-16T11:24:59.944+0000][gc,heap     ] GC(1391) Eden regions: 90->0(607)
[2026-01-16T11:24:59.944+0000][gc,heap     ] GC(1391) Survivor regions: 13->7(13)
[2026-01-16T11:24:59.945+0000][gc,heap     ] GC(1391) Old regions: 163->168
[2026-01-16T11:24:59.945+0000][gc,heap     ] GC(1391) Humongous regions: 47->47
[2026-01-16T11:24:59.945+0000][gc,metaspace] GC(1391) Metaspace: 13204K(13696K)->13204K(13696K) NonClass: 12096K(12288K)->12096K(12288K) Class: 1107K(1408K)->1107K(1408K)
[2026-01-16T11:24:59.945+0000][gc          ] GC(1391) Pause Young (Normal) (G1 Evacuation Pause) 312M->221M(1024M) 158.985ms
[2026-01-16T11:24:59.946+0000][gc,cpu      ] GC(1391) User=0.50s Sys=0.04s Real=0.16s
[2026-01-16T11:25:53.438+0000][gc,start    ] GC(1392) Pause Young (Normal) (G1 Evacuation Pause)
[2026-01-16T11:25:53.444+0000][gc,task     ] GC(1392) Using 8 workers of 8 for evacuation
[2026-01-16T11:25:56.806+0000][gc,mmu      ] GC(1392) MMU target violated: 201.0ms (200.0ms/201.0ms)
[2026-01-16T11:25:56.811+0000][gc,phases   ] GC(1392)   Pre Evacuate Collection Set: 320.0ms
[2026-01-16T11:25:56.815+0000][gc,phases   ] GC(1392)   Merge Heap Roots: 58.8ms
[2026-01-16T11:25:56.815+0000][gc,phases   ] GC(1392)   Evacuate Collection Set: 2746.3ms
[2026-01-16T11:25:56.816+0000][gc,phases   ] GC(1392)   Post Evacuate Collection Set: 226.8ms
[2026-01-16T11:25:56.818+0000][gc,phases   ] GC(1392)   Other: 16.3ms
[2026-01-16T11:25:56.820+0000][gc,heap     ] GC(1392) Eden regions: 607->0(42)
[2026-01-16T11:25:56.820+0000][gc,heap     ] GC(1392) Survivor regions: 7->9(77)
[2026-01-16T11:25:56.821+0000][gc,heap     ] GC(1392) Old regions: 168->168
[2026-01-16T11:25:56.821+0000][gc,heap     ] GC(1392) Humongous regions: 47->47
[2026-01-16T11:25:56.821+0000][gc,metaspace] GC(1392) Metaspace: 13204K(13696K)->13204K(13696K) NonClass: 12096K(12288K)->12096K(12288K) Class: 1107K(1408K)->1107K(1408K)
[2026-01-16T11:25:56.822+0000][gc          ] GC(1392) Pause Young (Normal) (G1 Evacuation Pause) 828M->222M(1024M) 3386.636ms
[2026-01-16T11:25:56.825+0000][gc,cpu      ] GC(1392) User=1.48s Sys=0.21s Real=3.39s
[2026-01-16T11:26:01.821+0000][gc,start    ] GC(1393) Pause Young (Normal) (G1 Evacuation Pause)
[2026-01-16T11:26:01.826+0000][gc,task     ] GC(1393) Using 8 workers of 8 for evacuation
[2026-01-16T11:26:02.703+0000][gc,mmu      ] GC(1393) MMU target violated: 201.0ms (200.0ms/201.0ms)
[2026-01-16T11:26:02.705+0000][gc,phases   ] GC(1393)   Pre Evacuate Collection Set: 60.5ms
[2026-01-16T11:26:02.705+0000][gc,phases   ] GC(1393)   Merge Heap Roots: 27.9ms
[2026-01-16T11:26:02.705+0000][gc,phases   ] GC(1393)   Evacuate Collection Set: 747.8ms
[2026-01-16T11:26:02.712+0000][gc,phases   ] GC(1393)   Post Evacuate Collection Set: 36.0ms
[2026-01-16T11:26:02.714+0000][gc,phases   ] GC(1393)   Other: 7.1ms
[2026-01-16T11:26:02.721+0000][gc,heap     ] GC(1393) Eden regions: 42->0(47)
[2026-01-16T11:26:02.723+0000][gc,heap     ] GC(1393) Survivor regions: 9->4(7)
[2026-01-16T11:26:02.728+0000][gc,heap     ] GC(1393) Old regions: 168->172
[2026-01-16T11:26:02.729+0000][gc,heap     ] GC(1393) Humongous regions: 47->47
[2026-01-16T11:26:02.731+0000][gc,metaspace] GC(1393) Metaspace: 13205K(13696K)->13205K(13696K) NonClass: 12098K(12288K)->12098K(12288K) Class: 1107K(1408K)->1107K(1408K)
[2026-01-16T11:26:02.731+0000][gc          ] GC(1393) Pause Young (Normal) (G1 Evacuation Pause) 264M->221M(1024M) 910.195ms
[2026-01-16T11:26:02.732+0000][gc,cpu      ] GC(1393) User=0.57s Sys=0.06s Real=0.91s
[2026-01-16T11:26:06.216+0000][gc,start    ] GC(1394) Pause Young (Normal) (G1 Evacuation Pause)
[2026-01-16T11:26:06.221+0000][gc,task     ] GC(1394) Using 8 workers of 8 for evacuation
[2026-01-16T11:26:06.843+0000][gc,mmu      ] GC(1394) MMU target violated: 201.0ms (200.0ms/201.0ms)
[2026-01-16T11:26:06.849+0000][gc,phases   ] GC(1394)   Pre Evacuate Collection Set: 28.9ms
[2026-01-16T11:26:06.851+0000][gc,phases   ] GC(1394)   Merge Heap Roots: 24.3ms
[2026-01-16T11:26:06.851+0000][gc,phases   ] GC(1394)   Evacuate Collection Set: 530.3ms
[2026-01-16T11:26:06.852+0000][gc,phases   ] GC(1394)   Post Evacuate Collection Set: 36.8ms
[2026-01-16T11:26:06.853+0000][gc,phases   ] GC(1394)   Other: 8.0ms
[2026-01-16T11:26:06.853+0000][gc,heap     ] GC(1394) Eden regions: 47->0(47)
[2026-01-16T11:26:06.854+0000][gc,heap     ] GC(1394) Survivor regions: 4->4(7)
[2026-01-16T11:26:06.854+0000][gc,heap     ] GC(1394) Old regions: 172->172
[2026-01-16T11:26:06.855+0000][gc,heap     ] GC(1394) Humongous regions: 47->47
[2026-01-16T11:26:06.857+0000][gc,metaspace] GC(1394) Metaspace: 13205K(13696K)->13205K(13696K) NonClass: 12098K(12288K)->12098K(12288K) Class: 1107K(1408K)->1107K(1408K)
[2026-01-16T11:26:06.862+0000][gc          ] GC(1394) Pause Young (Normal) (G1 Evacuation Pause) 268M->222M(1024M) 645.764ms
[2026-01-16T11:26:06.863+0000][gc,cpu      ] GC(1394) User=0.30s Sys=0.03s Real=0.65s
[2026-01-16T11:26:10.138+0000][gc,start    ] GC(1395) Pause Young (Normal) (G1 Evacuation Pause)
[2026-01-16T11:26:10.143+0000][gc,task     ] GC(1395) Using 8 workers of 8 for evacuation
[2026-01-16T11:26:10.746+0000][gc,mmu      ] GC(1395) MMU target violated: 201.0ms (200.0ms/201.0ms)
[2026-01-16T11:26:10.748+0000][gc,phases   ] GC(1395)   Pre Evacuate Collection Set: 138.8ms
[2026-01-16T11:26:10.748+0000][gc,phases   ] GC(1395)   Merge Heap Roots: 35.4ms
[2026-01-16T11:26:10.748+0000][gc,phases   ] GC(1395)   Evacuate Collection Set: 410.3ms
[2026-01-16T11:26:10.748+0000][gc,phases   ] GC(1395)   Post Evacuate Collection Set: 11.4ms
[2026-01-16T11:26:10.749+0000][gc,phases   ] GC(1395)   Other: 9.2ms
[2026-01-16T11:26:10.749+0000][gc,heap     ] GC(1395) Eden regions: 47->0(46)
[2026-01-16T11:26:10.749+0000][gc,heap     ] GC(1395) Survivor regions: 4->5(7)
[2026-01-16T11:26:10.750+0000][gc,heap     ] GC(1395) Old regions: 172->172
[2026-01-16T11:26:10.751+0000][gc,heap     ] GC(1395) Humongous regions: 47->47
[2026-01-16T11:26:10.754+0000][gc,metaspace] GC(1395) Metaspace: 13205K(13696K)->13205K(13696K) NonClass: 12098K(12288K)->12098K(12288K) Class: 1107K(1408K)->1107K(1408K)
[2026-01-16T11:26:10.756+0000][gc          ] GC(1395) Pause Young (Normal) (G1 Evacuation Pause) 269M->222M(1024M) 623.142ms
[2026-01-16T11:26:10.760+0000][gc,cpu      ] GC(1395) User=0.28s Sys=0.01s Real=0.63s
[2026-01-16T11:26:12.191+0000][gc,start    ] GC(1396) Pause Young (Normal) (G1 Evacuation Pause)
[2026-01-16T11:26:12.194+0000][gc,task     ] GC(1396) Using 8 workers of 8 for evacuation
[2026-01-16T11:26:12.333+0000][gc,phases   ] GC(1396)   Pre Evacuate Collection Set: 25.9ms
[2026-01-16T11:26:12.336+0000][gc,phases   ] GC(1396)   Merge Heap Roots: 0.7ms
[2026-01-16T11:26:12.336+0000][gc,phases   ] GC(1396)   Evacuate Collection Set: 105.1ms
[2026-01-16T11:26:12.337+0000][gc,phases   ] GC(1396)   Post Evacuate Collection Set: 5.2ms
[2026-01-16T11:26:12.337+0000][gc,phases   ] GC(1396)   Other: 2.7ms
[2026-01-16T11:26:12.337+0000][gc,heap     ] GC(1396) Eden regions: 46->0(48)
[2026-01-16T11:26:12.338+0000][gc,heap     ] GC(1396) Survivor regions: 5->3(7)
[2026-01-16T11:26:12.338+0000][gc,heap     ] GC(1396) Old regions: 172->173
[2026-01-16T11:26:12.338+0000][gc,heap     ] GC(1396) Humongous regions: 47->47
[2026-01-16T11:26:12.338+0000][gc,metaspace] GC(1396) Metaspace: 13205K(13696K)->13205K(13696K) NonClass: 12098K(12288K)->12098K(12288K) Class: 1107K(1408K)->1107K(1408K)
[2026-01-16T11:26:12.339+0000][gc          ] GC(1396) Pause Young (Normal) (G1 Evacuation Pause) 268M->221M(1024M) 147.860ms
[2026-01-16T11:26:12.339+0000][gc,cpu      ] GC(1396) User=0.10s Sys=0.00s Real=0.15s
[2026-01-16T11:26:13.613+0000][gc,start    ] GC(1397) Pause Young (Normal) (G1 Evacuation Pause)
[2026-01-16T11:26:13.614+0000][gc,task     ] GC(1397) Using 8 workers of 8 for evacuation
[2026-01-16T11:26:13.812+0000][gc,phases   ] GC(1397)   Pre Evacuate Collection Set: 1.9ms
[2026-01-16T11:26:13.813+0000][gc,phases   ] GC(1397)   Merge Heap Roots: 0.2ms
[2026-01-16T11:26:13.814+0000][gc,phases   ] GC(1397)   Evacuate Collection Set: 174.4ms
[2026-01-16T11:26:13.814+0000][gc,phases   ] GC(1397)   Post Evacuate Collection Set: 17.3ms
[2026-01-16T11:26:13.815+0000][gc,phases   ] GC(1397)   Other: 4.0ms
[2026-01-16T11:26:13.816+0000][gc,heap     ] GC(1397) Eden regions: 48->0(47)
[2026-01-16T11:26:13.817+0000][gc,heap     ] GC(1397) Survivor regions: 3->4(7)
[2026-01-16T11:26:13.819+0000][gc,heap     ] GC(1397) Old regions: 173->173
[2026-01-16T11:26:13.822+0000][gc,heap     ] GC(1397) Humongous regions: 47->47
[2026-01-16T11:26:13.822+0000][gc,metaspace] GC(1397) Metaspace: 13205K(13696K)->13205K(13696K) NonClass: 12098K(12288K)->12098K(12288K) Class: 1107K(1408K)->1107K(1408K)
[2026-01-16T11:26:13.823+0000][gc          ] GC(1397) Pause Young (Normal) (G1 Evacuation Pause) 269M->222M(1024M) 209.954ms
[2026-01-16T11:26:13.823+0000][gc,cpu      ] GC(1397) User=0.10s Sys=0.01s Real=0.21s
[2026-01-16T11:26:20.245+0000][gc,start    ] GC(1398) Pause Young (Normal) (G1 Evacuation Pause)
[2026-01-16T11:26:20.252+0000][gc,task     ] GC(1398) Using 8 workers of 8 for evacuation
[2026-01-16T11:26:20.670+0000][gc,mmu      ] GC(1398) MMU target violated: 201.0ms (200.0ms/201.0ms)
[2026-01-16T11:26:20.673+0000][gc,phases   ] GC(1398)   Pre Evacuate Collection Set: 30.0ms
[2026-01-16T11:26:20.673+0000][gc,phases   ] GC(1398)   Merge Heap Roots: 12.9ms
[2026-01-16T11:26:20.675+0000][gc,phases   ] GC(1398)   Evacuate Collection Set: 330.8ms
[2026-01-16T11:26:20.675+0000][gc,phases   ] GC(1398)   Post Evacuate Collection Set: 43.8ms
[2026-01-16T11:26:20.676+0000][gc,phases   ] GC(1398)   Other: 3.0ms
[2026-01-16T11:26:20.676+0000][gc,heap     ] GC(1398) Eden regions: 47->0(48)
[2026-01-16T11:26:20.677+0000][gc,heap     ] GC(1398) Survivor regions: 4->3(7)
[2026-01-16T11:26:20.679+0000][gc,heap     ] GC(1398) Old regions: 173->173
[2026-01-16T11:26:20.682+0000][gc,heap     ] GC(1398) Humongous regions: 47->47
[2026-01-16T11:26:20.682+0000][gc,metaspace] GC(1398) Metaspace: 13205K(13696K)->13205K(13696K) NonClass: 12098K(12288K)->12098K(12288K) Class: 1107K(1408K)->1107K(1408K)
[2026-01-16T11:26:20.682+0000][gc          ] GC(1398) Pause Young (Normal) (G1 Evacuation Pause) 269M->221M(1024M) 437.032ms
[2026-01-16T11:26:20.683+0000][gc,cpu      ] GC(1398) User=0.19s Sys=0.01s Real=0.44s
[2026-01-16T11:26:22.751+0000][gc,start    ] GC(1399) Pause Young (Normal) (G1 Evacuation Pause)
[2026-01-16T11:26:22.753+0000][gc,task     ] GC(1399) Using 8 workers of 8 for evacuation
[2026-01-16T11:26:23.031+0000][gc,mmu      ] GC(1399) MMU target violated: 201.0ms (200.0ms/201.0ms)
[2026-01-16T11:26:23.038+0000][gc,phases   ] GC(1399)   Pre Evacuate Collection Set: 27.2ms
[2026-01-16T11:26:23.040+0000][gc,phases   ] GC(1399)   Merge Heap Roots: 5.4ms
[2026-01-16T11:26:23.043+0000][gc,phases   ] GC(1399)   Evacuate Collection Set: 231.4ms
[2026-01-16T11:26:23.048+0000][gc,phases   ] GC(1399)   Post Evacuate Collection Set: 13.1ms
[2026-01-16T11:26:23.052+0000][gc,phases   ] GC(1399)   Other: 8.6ms
[2026-01-16T11:26:23.054+0000][gc,heap     ] GC(1399) Eden regions: 48->0(48)
[2026-01-16T11:26:23.057+0000][gc,heap     ] GC(1399) Survivor regions: 3->3(7)
[2026-01-16T11:26:23.058+0000][gc,heap     ] GC(1399) Old regions: 173->173
[2026-01-16T11:26:23.058+0000][gc,heap     ] GC(1399) Humongous regions: 47->47
[2026-01-16T11:26:23.058+0000][gc,metaspace] GC(1399) Metaspace: 13205K(13696K)->13205K(13696K) NonClass: 12098K(12288K)->12098K(12288K) Class: 1107K(1408K)->1107K(1408K)
[2026-01-16T11:26:23.062+0000][gc          ] GC(1399) Pause Young (Normal) (G1 Evacuation Pause) 269M->222M(1024M) 311.366ms
[2026-01-16T11:26:23.067+0000][gc,cpu      ] GC(1399) User=0.15s Sys=0.03s Real=0.31s
[2026-01-16T11:26:29.118+0000][gc,start    ] GC(1400) Pause Young (Normal) (G1 Evacuation Pause)
[2026-01-16T11:26:29.123+0000][gc,task     ] GC(1400) Using 8 workers of 8 for evacuation
[2026-01-16T11:26:29.174+0000][gc,phases   ] GC(1400)   Pre Evacuate Collection Set: 9.3ms
[2026-01-16T11:26:29.176+0000][gc,phases   ] GC(1400)   Merge Heap Roots: 3.9ms
[2026-01-16T11:26:29.176+0000][gc,phases   ] GC(1400)   Evacuate Collection Set: 27.0ms
[2026-01-16T11:26:29.178+0000][gc,phases   ] GC(1400)   Post Evacuate Collection Set: 10.1ms
[2026-01-16T11:26:29.178+0000][gc,phases   ] GC(1400)   Other: 1.9ms
[2026-01-16T11:26:29.180+0000][gc,heap     ] GC(1400) Eden regions: 48->0(49)
[2026-01-16T11:26:29.182+0000][gc,heap     ] GC(1400) Survivor regions: 3->2(7)
[2026-01-16T11:26:29.183+0000][gc,heap     ] GC(1400) Old regions: 173->173
[2026-01-16T11:26:29.183+0000][gc,heap     ] GC(1400) Humongous regions: 47->47
[2026-01-16T11:26:29.183+0000][gc,metaspace] GC(1400) Metaspace: 13205K(13696K)->13205K(13696K) NonClass: 12098K(12288K)->12098K(12288K) Class: 1107K(1408K)->1107K(1408K)
[2026-01-16T11:26:29.183+0000][gc          ] GC(1400) Pause Young (Normal) (G1 Evacuation Pause) 270M->221M(1024M) 65.624ms
[2026-01-16T11:26:29.183+0000][gc,cpu      ] GC(1400) User=0.14s Sys=0.01s Real=0.07s
[2026-01-16T11:26:30.270+0000][gc,start    ] GC(1401) Pause Young (Normal) (G1 Evacuation Pause)
[2026-01-16T11:26:30.270+0000][gc,task     ] GC(1401) Using 8 workers of 8 for evacuation
[2026-01-16T11:26:30.371+0000][gc,phases   ] GC(1401)   Pre Evacuate Collection Set: 0.7ms
[2026-01-16T11:26:30.371+0000][gc,phases   ] GC(1401)   Merge Heap Roots: 2.8ms
[2026-01-16T11:26:30.372+0000][gc,phases   ] GC(1401)   Evacuate Collection Set: 90.2ms
[2026-01-16T11:26:30.372+0000][gc,phases   ] GC(1401)   Post Evacuate Collection Set: 4.1ms
[2026-01-16T11:26:30.372+0000][gc,phases   ] GC(1401)   Other: 2.5ms
[2026-01-16T11:26:30.373+0000][gc,heap     ] GC(1401) Eden regions: 49->0(48)
[2026-01-16T11:26:30.374+0000][gc,heap     ] GC(1401) Survivor regions: 2->3(7)
[2026-01-16T11:26:30.374+0000][gc,heap     ] GC(1401) Old regions: 173->173
[2026-01-16T11:26:30.374+0000][gc,heap     ] GC(1401) Humongous regions: 47->47
[2026-01-16T11:26:30.374+0000][gc,metaspace] GC(1401) Metaspace: 13205K(13696K)->13205K(13696K) NonClass: 12098K(12288K)->12098K(12288K) Class: 1107K(1408K)->1107K(1408K)
[2026-01-16T11:26:30.374+0000][gc          ] GC(1401) Pause Young (Normal) (G1 Evacuation Pause) 270M->222M(1024M) 104.641ms
[2026-01-16T11:26:30.374+0000][gc,cpu      ] GC(1401) User=0.05s Sys=0.01s Real=0.10s
[2026-01-16T11:26:30.770+0000][gc,start    ] GC(1402) Pause Young (Normal) (G1 Evacuation Pause)
[2026-01-16T11:26:30.770+0000][gc,task     ] GC(1402) Using 8 workers of 8 for evacuation
[2026-01-16T11:26:30.780+0000][gc,phases   ] GC(1402)   Pre Evacuate Collection Set: 1.0ms
[2026-01-16T11:26:30.780+0000][gc,phases   ] GC(1402)   Merge Heap Roots: 0.2ms
[2026-01-16T11:26:30.781+0000][gc,phases   ] GC(1402)   Evacuate Collection Set: 7.5ms
[2026-01-16T11:26:30.781+0000][gc,phases   ] GC(1402)   Post Evacuate Collection Set: 1.0ms
[2026-01-16T11:26:30.781+0000][gc,phases   ] GC(1402)   Other: 0.3ms
[2026-01-16T11:26:30.781+0000][gc,heap     ] GC(1402) Eden regions: 48->0(47)
[2026-01-16T11:26:30.781+0000][gc,heap     ] GC(1402) Survivor regions: 3->4(7)
[2026-01-16T11:26:30.781+0000][gc,heap     ] GC(1402) Old regions: 173->173
[2026-01-16T11:26:30.782+0000][gc,heap     ] GC(1402) Humongous regions: 47->47
[2026-01-16T11:26:30.782+0000][gc,metaspace] GC(1402) Metaspace: 13205K(13696K)->13205K(13696K) NonClass: 12098K(12288K)->12098K(12288K) Class: 1107K(1408K)->1107K(1408K)
[2026-01-16T11:26:30.782+0000][gc          ] GC(1402) Pause Young (Normal) (G1 Evacuation Pause) 270M->222M(1024M) 12.380ms
[2026-01-16T11:26:30.782+0000][gc,cpu      ] GC(1402) User=0.03s Sys=0.00s Real=0.01s
[2026-01-16T11:26:39.665+0000][gc,start    ] GC(1403) Pause Young (Normal) (G1 Evacuation Pause)
[2026-01-16T11:26:39.667+0000][gc,task     ] GC(1403) Using 8 workers of 8 for evacuation
[2026-01-16T11:26:39.806+0000][gc,phases   ] GC(1403)   Pre Evacuate Collection Set: 10.6ms
[2026-01-16T11:26:39.865+0000][gc,phases   ] GC(1403)   Merge Heap Roots: 5.6ms
[2026-01-16T11:26:39.867+0000][gc,phases   ] GC(1403)   Evacuate Collection Set: 86.0ms
[2026-01-16T11:26:39.875+0000][gc,phases   ] GC(1403)   Post Evacuate Collection Set: 35.7ms
[2026-01-16T11:26:39.879+0000][gc,phases   ] GC(1403)   Other: 2.0ms
[2026-01-16T11:26:39.880+0000][gc,heap     ] GC(1403) Eden regions: 47->0(59)
[2026-01-16T11:26:39.880+0000][gc,heap     ] GC(1403) Survivor regions: 4->3(7)
[2026-01-16T11:26:39.880+0000][gc,heap     ] GC(1403) Old regions: 173->173
[2026-01-16T11:26:39.885+0000][gc,heap     ] GC(1403) Humongous regions: 47->47
[2026-01-16T11:26:39.895+0000][gc,metaspace] GC(1403) Metaspace: 13206K(13696K)->13206K(13696K) NonClass: 12098K(12288K)->12098K(12288K) Class: 1107K(1408K)->1107K(1408K)
[2026-01-16T11:26:39.899+0000][gc          ] GC(1403) Pause Young (Normal) (G1 Evacuation Pause) 269M->221M(1024M) 233.764ms
[2026-01-16T11:26:39.899+0000][gc,cpu      ] GC(1403) User=0.17s Sys=0.02s Real=0.24s
[2026-01-16T11:26:40.790+0000][gc,start    ] GC(1404) Pause Young (Normal) (G1 Evacuation Pause)
[2026-01-16T11:26:40.790+0000][gc,task     ] GC(1404) Using 8 workers of 8 for evacuation
[2026-01-16T11:26:40.854+0000][gc,phases   ] GC(1404)   Pre Evacuate Collection Set: 1.2ms
[2026-01-16T11:26:40.854+0000][gc,phases   ] GC(1404)   Merge Heap Roots: 0.5ms
[2026-01-16T11:26:40.855+0000][gc,phases   ] GC(1404)   Evacuate Collection Set: 59.3ms
[2026-01-16T11:26:40.855+0000][gc,phases   ] GC(1404)   Post Evacuate Collection Set: 1.5ms
[2026-01-16T11:26:40.855+0000][gc,phases   ] GC(1404)   Other: 0.4ms
[2026-01-16T11:26:40.855+0000][gc,heap     ] GC(1404) Eden regions: 73->0(93)
[2026-01-16T11:26:40.857+0000][gc,heap     ] GC(1404) Survivor regions: 3->4(10)
[2026-01-16T11:26:40.857+0000][gc,heap     ] GC(1404) Old regions: 173->173
[2026-01-16T11:26:40.857+0000][gc,heap     ] GC(1404) Humongous regions: 47->47
[2026-01-16T11:26:40.859+0000][gc,metaspace] GC(1404) Metaspace: 13206K(13696K)->13206K(13696K) NonClass: 12098K(12288K)->12098K(12288K) Class: 1107K(1408K)->1107K(1408K)
[2026-01-16T11:26:40.859+0000][gc          ] GC(1404) Pause Young (Normal) (G1 Evacuation Pause) 294M->222M(1024M) 69.731ms
[2026-01-16T11:26:40.860+0000][gc,cpu      ] GC(1404) User=0.06s Sys=0.01s Real=0.07s
[2026-01-16T11:26:51.336+0000][gc,start    ] GC(1405) Pause Young (Normal) (G1 Evacuation Pause)
[2026-01-16T11:26:51.338+0000][gc,task     ] GC(1405) Using 8 workers of 8 for evacuation
[2026-01-16T11:26:51.376+0000][gc,phases   ] GC(1405)   Pre Evacuate Collection Set: 9.1ms
[2026-01-16T11:26:51.376+0000][gc,phases   ] GC(1405)   Merge Heap Roots: 1.0ms
[2026-01-16T11:26:51.376+0000][gc,phases   ] GC(1405)   Evacuate Collection Set: 24.7ms
[2026-01-16T11:26:51.376+0000][gc,phases   ] GC(1405)   Post Evacuate Collection Set: 2.8ms
[2026-01-16T11:26:51.376+0000][gc,phases   ] GC(1405)   Other: 0.7ms
[2026-01-16T11:26:51.377+0000][gc,heap     ] GC(1405) Eden regions: 108->0(447)
[2026-01-16T11:26:51.377+0000][gc,heap     ] GC(1405) Survivor regions: 4->3(14)
[2026-01-16T11:26:51.377+0000][gc,heap     ] GC(1405) Old regions: 173->173
[2026-01-16T11:26:51.377+0000][gc,heap     ] GC(1405) Humongous regions: 47->47
[2026-01-16T11:26:51.377+0000][gc,metaspace] GC(1405) Metaspace: 13206K(13696K)->13206K(13696K) NonClass: 12098K(12288K)->12098K(12288K) Class: 1107K(1408K)->1107K(1408K)
[2026-01-16T11:26:51.377+0000][gc          ] GC(1405) Pause Young (Normal) (G1 Evacuation Pause) 330M->222M(1024M) 41.587ms
[2026-01-16T11:26:51.378+0000][gc,cpu      ] GC(1405) User=0.08s Sys=0.00s Real=0.04s
[2026-01-16T11:27:11.914+0000][gc,start    ] GC(1406) Pause Young (Normal) (G1 Evacuation Pause)
[2026-01-16T11:27:11.915+0000][gc,task     ] GC(1406) Using 8 workers of 8 for evacuation
[2026-01-16T11:27:12.013+0000][gc,phases   ] GC(1406)   Pre Evacuate Collection Set: 12.1ms
[2026-01-16T11:27:12.014+0000][gc,phases   ] GC(1406)   Merge Heap Roots: 3.5ms
[2026-01-16T11:27:12.014+0000][gc,phases   ] GC(1406)   Evacuate Collection Set: 60.0ms
[2026-01-16T11:27:12.015+0000][gc,phases   ] GC(1406)   Post Evacuate Collection Set: 19.5ms
[2026-01-16T11:27:12.015+0000][gc,phases   ] GC(1406)   Other: 2.0ms
[2026-01-16T11:27:12.015+0000][gc,heap     ] GC(1406) Eden regions: 194->0(525)
[2026-01-16T11:27:12.015+0000][gc,heap     ] GC(1406) Survivor regions: 3->3(25)
[2026-01-16T11:27:12.016+0000][gc,heap     ] GC(1406) Old regions: 173->173
[2026-01-16T11:27:12.017+0000][gc,heap     ] GC(1406) Humongous regions: 47->47
[2026-01-16T11:27:12.018+0000][gc,metaspace] GC(1406) Metaspace: 13206K(13696K)->13206K(13696K) NonClass: 12098K(12288K)->12098K(12288K) Class: 1107K(1408K)->1107K(1408K)
[2026-01-16T11:27:12.018+0000][gc          ] GC(1406) Pause Young (Normal) (G1 Evacuation Pause) 416M->222M(1024M) 104.613ms
[2026-01-16T11:27:12.020+0000][gc,cpu      ] GC(1406) User=0.20s Sys=0.02s Real=0.11s
[2026-01-16T11:28:01.248+0000][gc,start    ] GC(1407) Pause Young (Normal) (G1 Evacuation Pause)
[2026-01-16T11:28:01.259+0000][gc,task     ] GC(1407) Using 8 workers of 8 for evacuation
[2026-01-16T11:28:01.500+0000][gc,mmu      ] GC(1407) MMU target violated: 201.0ms (200.0ms/201.0ms)
[2026-01-16T11:28:01.500+0000][gc,phases   ] GC(1407)   Pre Evacuate Collection Set: 40.6ms
[2026-01-16T11:28:01.501+0000][gc,phases   ] GC(1407)   Merge Heap Roots: 2.2ms
[2026-01-16T11:28:01.501+0000][gc,phases   ] GC(1407)   Evacuate Collection Set: 132.3ms
[2026-01-16T11:28:01.502+0000][gc,phases   ] GC(1407)   Post Evacuate Collection Set: 63.1ms
[2026-01-16T11:28:01.502+0000][gc,phases   ] GC(1407)   Other: 8.9ms
[2026-01-16T11:28:01.503+0000][gc,heap     ] GC(1407) Eden regions: 553->0(444)
[2026-01-16T11:28:01.503+0000][gc,heap     ] GC(1407) Survivor regions: 3->2(70)
[2026-01-16T11:28:01.503+0000][gc,heap     ] GC(1407) Old regions: 173->175
[2026-01-16T11:28:01.506+0000][gc,heap     ] GC(1407) Humongous regions: 47->47
[2026-01-16T11:28:01.506+0000][gc,metaspace] GC(1407) Metaspace: 13206K(13696K)->13206K(13696K) NonClass: 12098K(12288K)->12098K(12288K) Class: 1107K(1408K)->1107K(1408K)
[2026-01-16T11:28:01.508+0000][gc          ] GC(1407) Pause Young (Normal) (G1 Evacuation Pause) 775M->222M(1024M) 259.851ms
[2026-01-16T11:28:01.510+0000][gc,cpu      ] GC(1407) User=0.28s Sys=0.05s Real=0.27s
[2026-01-16T11:28:51.191+0000][gc,start    ] GC(1408) Pause Young (Normal) (G1 Evacuation Pause)
[2026-01-16T11:28:51.195+0000][gc,task     ] GC(1408) Using 8 workers of 8 for evacuation
[2026-01-16T11:28:51.349+0000][gc,phases   ] GC(1408)   Pre Evacuate Collection Set: 29.3ms
[2026-01-16T11:28:51.349+0000][gc,phases   ] GC(1408)   Merge Heap Roots: 12.1ms
[2026-01-16T11:28:51.349+0000][gc,phases   ] GC(1408)   Evacuate Collection Set: 72.7ms
[2026-01-16T11:28:51.349+0000][gc,phases   ] GC(1408)   Post Evacuate Collection Set: 29.8ms
[2026-01-16T11:28:51.350+0000][gc,phases   ] GC(1408)   Other: 7.8ms
[2026-01-16T11:28:51.352+0000][gc,heap     ] GC(1408) Eden regions: 612->0(565)
[2026-01-16T11:28:51.352+0000][gc,heap     ] GC(1408) Survivor regions: 2->2(77)
[2026-01-16T11:28:51.353+0000][gc,heap     ] GC(1408) Old regions: 175->175
[2026-01-16T11:28:51.353+0000][gc,heap     ] GC(1408) Humongous regions: 47->47
[2026-01-16T11:28:51.353+0000][gc,metaspace] GC(1408) Metaspace: 13206K(13696K)->13206K(13696K) NonClass: 12098K(12288K)->12098K(12288K) Class: 1107K(1408K)->1107K(1408K)
[2026-01-16T11:28:51.357+0000][gc          ] GC(1408) Pause Young (Normal) (G1 Evacuation Pause) 834M->222M(1024M) 165.580ms
[2026-01-16T11:28:51.357+0000][gc,cpu      ] GC(1408) User=0.26s Sys=0.03s Real=0.17s
[2026-01-16T11:29:49.081+0000][gc,start    ] GC(1409) Pause Young (Normal) (G1 Evacuation Pause)
[2026-01-16T11:29:49.084+0000][gc,task     ] GC(1409) Using 8 workers of 8 for evacuation
[2026-01-16T11:29:49.155+0000][gc,phases   ] GC(1409)   Pre Evacuate Collection Set: 10.4ms
[2026-01-16T11:29:49.155+0000][gc,phases   ] GC(1409)   Merge Heap Roots: 3.4ms
[2026-01-16T11:29:49.155+0000][gc,phases   ] GC(1409)   Evacuate Collection Set: 40.3ms
[2026-01-16T11:29:49.155+0000][gc,phases   ] GC(1409)   Post Evacuate Collection Set: 14.9ms
[2026-01-16T11:29:49.155+0000][gc,phases   ] GC(1409)   Other: 3.1ms
[2026-01-16T11:29:49.156+0000][gc,heap     ] GC(1409) Eden regions: 612->0(613)
[2026-01-16T11:29:49.156+0000][gc,heap     ] GC(1409) Survivor regions: 2->1(77)
[2026-01-16T11:29:49.156+0000][gc,heap     ] GC(1409) Old regions: 175->175
[2026-01-16T11:29:49.156+0000][gc,heap     ] GC(1409) Humongous regions: 47->47
[2026-01-16T11:29:49.156+0000][gc,metaspace] GC(1409) Metaspace: 13206K(13696K)->13206K(13696K) NonClass: 12098K(12288K)->12098K(12288K) Class: 1107K(1408K)->1107K(1408K)
[2026-01-16T11:29:49.156+0000][gc          ] GC(1409) Pause Young (Normal) (G1 Evacuation Pause) 834M->222M(1024M) 75.464ms
[2026-01-16T11:29:49.156+0000][gc,cpu      ] GC(1409) User=0.27s Sys=0.02s Real=0.08s
[2026-01-16T11:30:39.481+0000][gc,start    ] GC(1410) Pause Young (Normal) (G1 Evacuation Pause)
[2026-01-16T11:30:39.481+0000][gc,task     ] GC(1410) Using 8 workers of 8 for evacuation
[2026-01-16T11:30:39.523+0000][gc,phases   ] GC(1410)   Pre Evacuate Collection Set: 8.9ms
[2026-01-16T11:30:39.523+0000][gc,phases   ] GC(1410)   Merge Heap Roots: 3.1ms
[2026-01-16T11:30:39.523+0000][gc,phases   ] GC(1410)   Evacuate Collection Set: 12.6ms
[2026-01-16T11:30:39.523+0000][gc,phases   ] GC(1410)   Post Evacuate Collection Set: 17.0ms
[2026-01-16T11:30:39.524+0000][gc,phases   ] GC(1410)   Other: 0.4ms
[2026-01-16T11:30:39.524+0000][gc,heap     ] GC(1410) Eden regions: 613->0(613)
[2026-01-16T11:30:39.524+0000][gc,heap     ] GC(1410) Survivor regions: 1->1(77)
[2026-01-16T11:30:39.524+0000][gc,heap     ] GC(1410) Old regions: 175->175
[2026-01-16T11:30:39.524+0000][gc,heap     ] GC(1410) Humongous regions: 47->47
[2026-01-16T11:30:39.524+0000][gc,metaspace] GC(1410) Metaspace: 13206K(13696K)->13206K(13696K) NonClass: 12098K(12288K)->12098K(12288K) Class: 1107K(1408K)->1107K(1408K)
[2026-01-16T11:30:39.524+0000][gc          ] GC(1410) Pause Young (Normal) (G1 Evacuation Pause) 835M->222M(1024M) 43.639ms
[2026-01-16T11:30:39.524+0000][gc,cpu      ] GC(1410) User=0.17s Sys=0.00s Real=0.04s
[2026-01-16T11:31:30.038+0000][gc,start    ] GC(1411) Pause Young (Normal) (G1 Evacuation Pause)
[2026-01-16T11:31:30.041+0000][gc,task     ] GC(1411) Using 8 workers of 8 for evacuation
[2026-01-16T11:31:30.107+0000][gc,phases   ] GC(1411)   Pre Evacuate Collection Set: 18.7ms
[2026-01-16T11:31:30.107+0000][gc,phases   ] GC(1411)   Merge Heap Roots: 2.8ms
[2026-01-16T11:31:30.107+0000][gc,phases   ] GC(1411)   Evacuate Collection Set: 28.5ms
[2026-01-16T11:31:30.107+0000][gc,phases   ] GC(1411)   Post Evacuate Collection Set: 13.0ms
[2026-01-16T11:31:30.108+0000][gc,phases   ] GC(1411)   Other: 4.1ms
[2026-01-16T11:31:30.108+0000][gc,heap     ] GC(1411) Eden regions: 613->0(612)
[2026-01-16T11:31:30.108+0000][gc,heap     ] GC(1411) Survivor regions: 1->2(77)
[2026-01-16T11:31:30.108+0000][gc,heap     ] GC(1411) Old regions: 175->175
[2026-01-16T11:31:30.109+0000][gc,heap     ] GC(1411) Humongous regions: 47->47
[2026-01-16T11:31:30.109+0000][gc,metaspace] GC(1411) Metaspace: 13206K(13696K)->13206K(13696K) NonClass: 12098K(12288K)->12098K(12288K) Class: 1107K(1408K)->1107K(1408K)
[2026-01-16T11:31:30.109+0000][gc          ] GC(1411) Pause Young (Normal) (G1 Evacuation Pause) 835M->222M(1024M) 71.351ms
[2026-01-16T11:31:30.109+0000][gc,cpu      ] GC(1411) User=0.21s Sys=0.02s Real=0.08s
[2026-01-16T11:32:29.066+0000][gc,start    ] GC(1412) Pause Young (Normal) (G1 Evacuation Pause)
[2026-01-16T11:32:29.069+0000][gc,task     ] GC(1412) Using 8 workers of 8 for evacuation
[2026-01-16T11:32:29.103+0000][gc,phases   ] GC(1412)   Pre Evacuate Collection Set: 3.5ms
[2026-01-16T11:32:29.103+0000][gc,phases   ] GC(1412)   Merge Heap Roots: 1.2ms
[2026-01-16T11:32:29.103+0000][gc,phases   ] GC(1412)   Evacuate Collection Set: 19.4ms
[2026-01-16T11:32:29.104+0000][gc,phases   ] GC(1412)   Post Evacuate Collection Set: 9.1ms
[2026-01-16T11:32:29.104+0000][gc,phases   ] GC(1412)   Other: 0.9ms
[2026-01-16T11:32:29.104+0000][gc,heap     ] GC(1412) Eden regions: 612->0(613)
[2026-01-16T11:32:29.104+0000][gc,heap     ] GC(1412) Survivor regions: 2->1(77)
[2026-01-16T11:32:29.104+0000][gc,heap     ] GC(1412) Old regions: 175->175
[2026-01-16T11:32:29.104+0000][gc,heap     ] GC(1412) Humongous regions: 47->47
[2026-01-16T11:32:29.104+0000][gc,metaspace] GC(1412) Metaspace: 13206K(13696K)->13206K(13696K) NonClass: 12098K(12288K)->12098K(12288K) Class: 1107K(1408K)->1107K(1408K)
[2026-01-16T11:32:29.104+0000][gc          ] GC(1412) Pause Young (Normal) (G1 Evacuation Pause) 834M->222M(1024M) 40.376ms
[2026-01-16T11:32:29.105+0000][gc,cpu      ] GC(1412) User=0.13s Sys=0.00s Real=0.04s
[2026-01-16T11:33:19.442+0000][gc,start    ] GC(1413) Pause Young (Normal) (G1 Evacuation Pause)
[2026-01-16T11:33:19.444+0000][gc,task     ] GC(1413) Using 8 workers of 8 for evacuation
[2026-01-16T11:33:19.471+0000][gc,phases   ] GC(1413)   Pre Evacuate Collection Set: 6.7ms
[2026-01-16T11:33:19.471+0000][gc,phases   ] GC(1413)   Merge Heap Roots: 0.6ms
[2026-01-16T11:33:19.471+0000][gc,phases   ] GC(1413)   Evacuate Collection Set: 14.1ms
[2026-01-16T11:33:19.471+0000][gc,phases   ] GC(1413)   Post Evacuate Collection Set: 3.7ms
[2026-01-16T11:33:19.471+0000][gc,phases   ] GC(1413)   Other: 1.8ms
[2026-01-16T11:33:19.471+0000][gc,heap     ] GC(1413) Eden regions: 613->0(613)
[2026-01-16T11:33:19.471+0000][gc,heap     ] GC(1413) Survivor regions: 1->1(77)
[2026-01-16T11:33:19.471+0000][gc,heap     ] GC(1413) Old regions: 175->175
[2026-01-16T11:33:19.471+0000][gc,heap     ] GC(1413) Humongous regions: 47->47
[2026-01-16T11:33:19.471+0000][gc,metaspace] GC(1413) Metaspace: 13206K(13696K)->13206K(13696K) NonClass: 12098K(12288K)->12098K(12288K) Class: 1107K(1408K)->1107K(1408K)
[2026-01-16T11:33:19.472+0000][gc          ] GC(1413) Pause Young (Normal) (G1 Evacuation Pause) 835M->222M(1024M) 29.557ms
[2026-01-16T11:33:19.472+0000][gc,cpu      ] GC(1413) User=0.10s Sys=0.00s Real=0.03s
[2026-01-16T11:34:16.933+0000][gc,start    ] GC(1414) Pause Young (Normal) (G1 Evacuation Pause)
[2026-01-16T11:34:16.958+0000][gc,task     ] GC(1414) Using 8 workers of 8 for evacuation
[2026-01-16T11:34:18.351+0000][gc,mmu      ] GC(1414) MMU target violated: 201.0ms (200.0ms/201.0ms)
[2026-01-16T11:34:18.356+0000][gc,phases   ] GC(1414)   Pre Evacuate Collection Set: 138.2ms
[2026-01-16T11:34:18.356+0000][gc,phases   ] GC(1414)   Merge Heap Roots: 34.6ms
[2026-01-16T11:34:18.356+0000][gc,phases   ] GC(1414)   Evacuate Collection Set: 1108.8ms
[2026-01-16T11:34:18.358+0000][gc,phases   ] GC(1414)   Post Evacuate Collection Set: 100.8ms
[2026-01-16T11:34:18.360+0000][gc,phases   ] GC(1414)   Other: 25.8ms
[2026-01-16T11:34:18.362+0000][gc,heap     ] GC(1414) Eden regions: 613->0(49)
[2026-01-16T11:34:18.363+0000][gc,heap     ] GC(1414) Survivor regions: 1->2(77)
[2026-01-16T11:34:18.364+0000][gc,heap     ] GC(1414) Old regions: 175->175
[2026-01-16T11:34:18.364+0000][gc,heap     ] GC(1414) Humongous regions: 47->47
[2026-01-16T11:34:18.375+0000][gc,metaspace] GC(1414) Metaspace: 13206K(13696K)->13206K(13696K) NonClass: 12098K(12288K)->12098K(12288K) Class: 1107K(1408K)->1107K(1408K)
[2026-01-16T11:34:18.389+0000][gc          ] GC(1414) Pause Young (Normal) (G1 Evacuation Pause) 835M->222M(1024M) 1455.240ms
[2026-01-16T11:34:18.390+0000][gc,cpu      ] GC(1414) User=0.51s Sys=0.07s Real=1.48s
[2026-01-16T11:34:23.086+0000][gc,start    ] GC(1415) Pause Young (Normal) (G1 Evacuation Pause)
[2026-01-16T11:34:23.096+0000][gc,task     ] GC(1415) Using 8 workers of 8 for evacuation
[2026-01-16T11:34:23.980+0000][gc,mmu      ] GC(1415) MMU target violated: 201.0ms (200.0ms/201.0ms)
[2026-01-16T11:34:23.989+0000][gc,phases   ] GC(1415)   Pre Evacuate Collection Set: 30.0ms
[2026-01-16T11:34:23.994+0000][gc,phases   ] GC(1415)   Merge Heap Roots: 9.4ms
[2026-01-16T11:34:23.997+0000][gc,phases   ] GC(1415)   Evacuate Collection Set: 741.2ms
[2026-01-16T11:34:24.000+0000][gc,phases   ] GC(1415)   Post Evacuate Collection Set: 61.8ms
[2026-01-16T11:34:24.011+0000][gc,phases   ] GC(1415)   Other: 50.8ms
[2026-01-16T11:34:24.014+0000][gc,heap     ] GC(1415) Eden regions: 49->0(48)
[2026-01-16T11:34:24.023+0000][gc,heap     ] GC(1415) Survivor regions: 2->3(7)
[2026-01-16T11:34:24.025+0000][gc,heap     ] GC(1415) Old regions: 175->175
[2026-01-16T11:34:24.026+0000][gc,heap     ] GC(1415) Humongous regions: 47->47
[2026-01-16T11:34:24.027+0000][gc,metaspace] GC(1415) Metaspace: 13206K(13696K)->13206K(13696K) NonClass: 12098K(12288K)->12098K(12288K) Class: 1107K(1408K)->1107K(1408K)
[2026-01-16T11:34:24.028+0000][gc          ] GC(1415) Pause Young (Normal) (G1 Evacuation Pause) 271M->223M(1024M) 942.105ms
[2026-01-16T11:34:24.030+0000][gc,cpu      ] GC(1415) User=0.30s Sys=0.06s Real=0.95s
[2026-01-16T11:34:26.608+0000][gc,start    ] GC(1416) Pause Young (Normal) (G1 Evacuation Pause)
[2026-01-16T11:34:26.616+0000][gc,task     ] GC(1416) Using 8 workers of 8 for evacuation
[2026-01-16T11:34:27.076+0000][gc,mmu      ] GC(1416) MMU target violated: 201.0ms (200.0ms/201.0ms)
[2026-01-16T11:34:27.090+0000][gc,phases   ] GC(1416)   Pre Evacuate Collection Set: 80.8ms
[2026-01-16T11:34:27.091+0000][gc,phases   ] GC(1416)   Merge Heap Roots: 9.5ms
[2026-01-16T11:34:27.094+0000][gc,phases   ] GC(1416)   Evacuate Collection Set: 356.2ms
[2026-01-16T11:34:27.095+0000][gc,phases   ] GC(1416)   Post Evacuate Collection Set: 10.7ms
[2026-01-16T11:34:27.095+0000][gc,phases   ] GC(1416)   Other: 17.7ms
[2026-01-16T11:34:27.095+0000][gc,heap     ] GC(1416) Eden regions: 48->0(49)
[2026-01-16T11:34:27.104+0000][gc,heap     ] GC(1416) Survivor regions: 3->2(7)
[2026-01-16T11:34:27.106+0000][gc,heap     ] GC(1416) Old regions: 175->175
[2026-01-16T11:34:27.106+0000][gc,heap     ] GC(1416) Humongous regions: 47->47
[2026-01-16T11:34:27.106+0000][gc,metaspace] GC(1416) Metaspace: 13206K(13696K)->13206K(13696K) NonClass: 12098K(12288K)->12098K(12288K) Class: 1107K(1408K)->1107K(1408K)
[2026-01-16T11:34:27.107+0000][gc          ] GC(1416) Pause Young (Normal) (G1 Evacuation Pause) 271M->222M(1024M) 498.814ms
[2026-01-16T11:34:27.108+0000][gc,cpu      ] GC(1416) User=0.23s Sys=0.02s Real=0.50s
[2026-01-16T11:34:29.993+0000][gc,start    ] GC(1417) Pause Young (Normal) (G1 Evacuation Pause)
[2026-01-16T11:34:29.993+0000][gc,task     ] GC(1417) Using 8 workers of 8 for evacuation
[2026-01-16T11:34:30.786+0000][gc,mmu      ] GC(1417) MMU target violated: 201.0ms (200.0ms/201.0ms)
[2026-01-16T11:34:30.788+0000][gc,phases   ] GC(1417)   Pre Evacuate Collection Set: 118.4ms
[2026-01-16T11:34:30.789+0000][gc,phases   ] GC(1417)   Merge Heap Roots: 40.2ms
[2026-01-16T11:34:30.793+0000][gc,phases   ] GC(1417)   Evacuate Collection Set: 569.2ms
[2026-01-16T11:34:30.798+0000][gc,phases   ] GC(1417)   Post Evacuate Collection Set: 30.8ms
[2026-01-16T11:34:30.801+0000][gc,phases   ] GC(1417)   Other: 36.4ms
[2026-01-16T11:34:30.802+0000][gc,heap     ] GC(1417) Eden regions: 49->0(48)
[2026-01-16T11:34:30.804+0000][gc,heap     ] GC(1417) Survivor regions: 2->3(7)
[2026-01-16T11:34:30.808+0000][gc,heap     ] GC(1417) Old regions: 175->175
[2026-01-16T11:34:30.810+0000][gc,heap     ] GC(1417) Humongous regions: 47->47
[2026-01-16T11:34:30.810+0000][gc,metaspace] GC(1417) Metaspace: 13206K(13696K)->13206K(13696K) NonClass: 12098K(12288K)->12098K(12288K) Class: 1107K(1408K)->1107K(1408K)
[2026-01-16T11:34:30.811+0000][gc          ] GC(1417) Pause Young (Normal) (G1 Evacuation Pause) 271M->223M(1024M) 818.311ms
[2026-01-16T11:34:30.811+0000][gc,cpu      ] GC(1417) User=0.28s Sys=0.04s Real=0.82s
[2026-01-16T11:34:38.376+0000][gc,start    ] GC(1418) Pause Young (Normal) (G1 Evacuation Pause)
[2026-01-16T11:34:38.383+0000][gc,task     ] GC(1418) Using 8 workers of 8 for evacuation
[2026-01-16T11:34:38.613+0000][gc,mmu      ] GC(1418) MMU target violated: 201.0ms (200.0ms/201.0ms)
[2026-01-16T11:34:38.614+0000][gc,phases   ] GC(1418)   Pre Evacuate Collection Set: 20.1ms
[2026-01-16T11:34:38.614+0000][gc,phases   ] GC(1418)   Merge Heap Roots: 6.3ms
[2026-01-16T11:34:38.614+0000][gc,phases   ] GC(1418)   Evacuate Collection Set: 180.1ms
[2026-01-16T11:34:38.614+0000][gc,phases   ] GC(1418)   Post Evacuate Collection Set: 21.0ms
[2026-01-16T11:34:38.614+0000][gc,phases   ] GC(1418)   Other: 8.0ms
[2026-01-16T11:34:38.614+0000][gc,heap     ] GC(1418) Eden regions: 48->0(49)
[2026-01-16T11:34:38.614+0000][gc,heap     ] GC(1418) Survivor regions: 3->2(7)
[2026-01-16T11:34:38.614+0000][gc,heap     ] GC(1418) Old regions: 175->175
[2026-01-16T11:34:38.614+0000][gc,heap     ] GC(1418) Humongous regions: 47->47
[2026-01-16T11:34:38.615+0000][gc,metaspace] GC(1418) Metaspace: 13206K(13696K)->13206K(13696K) NonClass: 12098K(12288K)->12098K(12288K) Class: 1107K(1408K)->1107K(1408K)
[2026-01-16T11:34:38.615+0000][gc          ] GC(1418) Pause Young (Normal) (G1 Evacuation Pause) 271M->222M(1024M) 239.166ms
[2026-01-16T11:34:38.615+0000][gc,cpu      ] GC(1418) User=0.19s Sys=0.03s Real=0.24s
[2026-01-16T11:34:41.311+0000][gc,start    ] GC(1419) Pause Young (Normal) (G1 Evacuation Pause)
[2026-01-16T11:34:41.313+0000][gc,task     ] GC(1419) Using 8 workers of 8 for evacuation
[2026-01-16T11:34:41.543+0000][gc,mmu      ] GC(1419) MMU target violated: 201.0ms (200.0ms/201.0ms)
[2026-01-16T11:34:41.556+0000][gc,phases   ] GC(1419)   Pre Evacuate Collection Set: 14.8ms
[2026-01-16T11:34:41.557+0000][gc,phases   ] GC(1419)   Merge Heap Roots: 1.6ms
[2026-01-16T11:34:41.558+0000][gc,phases   ] GC(1419)   Evacuate Collection Set: 135.1ms
[2026-01-16T11:34:41.559+0000][gc,phases   ] GC(1419)   Post Evacuate Collection Set: 77.8ms
[2026-01-16T11:34:41.559+0000][gc,phases   ] GC(1419)   Other: 14.2ms
[2026-01-16T11:34:41.560+0000][gc,heap     ] GC(1419) Eden regions: 49->0(48)
[2026-01-16T11:34:41.563+0000][gc,heap     ] GC(1419) Survivor regions: 2->3(7)
[2026-01-16T11:34:41.568+0000][gc,heap     ] GC(1419) Old regions: 175->175
[2026-01-16T11:34:41.568+0000][gc,heap     ] GC(1419) Humongous regions: 47->47
[2026-01-16T11:34:41.568+0000][gc,metaspace] GC(1419) Metaspace: 13206K(13696K)->13206K(13696K) NonClass: 12098K(12288K)->12098K(12288K) Class: 1107K(1408K)->1107K(1408K)
[2026-01-16T11:34:41.568+0000][gc          ] GC(1419) Pause Young (Normal) (G1 Evacuation Pause) 271M->223M(1024M) 257.805ms
[2026-01-16T11:34:41.568+0000][gc,cpu      ] GC(1419) User=0.12s Sys=0.03s Real=0.26s
[2026-01-16T11:34:42.473+0000][gc,start    ] GC(1420) Pause Young (Normal) (G1 Evacuation Pause)
[2026-01-16T11:34:42.481+0000][gc,task     ] GC(1420) Using 8 workers of 8 for evacuation
[2026-01-16T11:34:42.718+0000][gc,mmu      ] GC(1420) MMU target violated: 201.0ms (200.0ms/201.0ms)
[2026-01-16T11:34:42.728+0000][gc,phases   ] GC(1420)   Pre Evacuate Collection Set: 2.6ms
[2026-01-16T11:34:42.728+0000][gc,phases   ] GC(1420)   Merge Heap Roots: 20.2ms
[2026-01-16T11:34:42.736+0000][gc,phases   ] GC(1420)   Evacuate Collection Set: 148.8ms
[2026-01-16T11:34:42.736+0000][gc,phases   ] GC(1420)   Post Evacuate Collection Set: 60.7ms
[2026-01-16T11:34:42.736+0000][gc,phases   ] GC(1420)   Other: 14.7ms
[2026-01-16T11:34:42.736+0000][gc,heap     ] GC(1420) Eden regions: 48->0(48)
[2026-01-16T11:34:42.738+0000][gc,heap     ] GC(1420) Survivor regions: 3->3(7)
[2026-01-16T11:34:42.738+0000][gc,heap     ] GC(1420) Old regions: 175->175
[2026-01-16T11:34:42.738+0000][gc,heap     ] GC(1420) Humongous regions: 47->47
[2026-01-16T11:34:42.738+0000][gc,metaspace] GC(1420) Metaspace: 13206K(13696K)->13206K(13696K) NonClass: 12098K(12288K)->12098K(12288K) Class: 1107K(1408K)->1107K(1408K)
[2026-01-16T11:34:42.738+0000][gc          ] GC(1420) Pause Young (Normal) (G1 Evacuation Pause) 271M->224M(1024M) 265.185ms
[2026-01-16T11:34:42.738+0000][gc,cpu      ] GC(1420) User=0.07s Sys=0.01s Real=0.27s
[2026-01-16T11:34:49.572+0000][gc,start    ] GC(1421) Pause Young (Normal) (G1 Evacuation Pause)
[2026-01-16T11:34:49.576+0000][gc,task     ] GC(1421) Using 8 workers of 8 for evacuation
[2026-01-16T11:34:50.187+0000][gc,mmu      ] GC(1421) MMU target violated: 201.0ms (200.0ms/201.0ms)
[2026-01-16T11:34:50.188+0000][gc,phases   ] GC(1421)   Pre Evacuate Collection Set: 42.3ms
[2026-01-16T11:34:50.189+0000][gc,phases   ] GC(1421)   Merge Heap Roots: 2.3ms
[2026-01-16T11:34:50.190+0000][gc,phases   ] GC(1421)   Evacuate Collection Set: 497.3ms
[2026-01-16T11:34:50.190+0000][gc,phases   ] GC(1421)   Post Evacuate Collection Set: 65.0ms
[2026-01-16T11:34:50.193+0000][gc,phases   ] GC(1421)   Other: 5.6ms
[2026-01-16T11:34:50.195+0000][gc,heap     ] GC(1421) Eden regions: 48->0(48)
[2026-01-16T11:34:50.205+0000][gc,heap     ] GC(1421) Survivor regions: 3->3(7)
[2026-01-16T11:34:50.205+0000][gc,heap     ] GC(1421) Old regions: 175->175
[2026-01-16T11:34:50.205+0000][gc,heap     ] GC(1421) Humongous regions: 47->47
[2026-01-16T11:34:50.208+0000][gc,metaspace] GC(1421) Metaspace: 13206K(13696K)->13206K(13696K) NonClass: 12098K(12288K)->12098K(12288K) Class: 1107K(1408K)->1107K(1408K)
[2026-01-16T11:34:50.208+0000][gc          ] GC(1421) Pause Young (Normal) (G1 Evacuation Pause) 272M->223M(1024M) 636.530ms
[2026-01-16T11:34:50.209+0000][gc,cpu      ] GC(1421) User=0.24s Sys=0.03s Real=0.64s
[2026-01-16T11:34:55.023+0000][gc,start    ] GC(1422) Pause Young (Normal) (G1 Evacuation Pause)
[2026-01-16T11:34:55.024+0000][gc,task     ] GC(1422) Using 8 workers of 8 for evacuation
[2026-01-16T11:34:55.882+0000][gc,mmu      ] GC(1422) MMU target violated: 201.0ms (200.0ms/201.0ms)
[2026-01-16T11:34:55.887+0000][gc,phases   ] GC(1422)   Pre Evacuate Collection Set: 31.6ms
[2026-01-16T11:34:55.889+0000][gc,phases   ] GC(1422)   Merge Heap Roots: 5.5ms
[2026-01-16T11:34:55.889+0000][gc,phases   ] GC(1422)   Evacuate Collection Set: 761.7ms
[2026-01-16T11:34:55.889+0000][gc,phases   ] GC(1422)   Post Evacuate Collection Set: 49.2ms
[2026-01-16T11:34:55.890+0000][gc,phases   ] GC(1422)   Other: 14.9ms
[2026-01-16T11:34:55.890+0000][gc,heap     ] GC(1422) Eden regions: 48->0(48)
[2026-01-16T11:34:55.891+0000][gc,heap     ] GC(1422) Survivor regions: 3->3(7)
[2026-01-16T11:34:55.891+0000][gc,heap     ] GC(1422) Old regions: 175->175
[2026-01-16T11:34:55.891+0000][gc,heap     ] GC(1422) Humongous regions: 47->47
[2026-01-16T11:34:55.893+0000][gc,metaspace] GC(1422) Metaspace: 13207K(13696K)->13207K(13696K) NonClass: 12099K(12288K)->12099K(12288K) Class: 1107K(1408K)->1107K(1408K)
[2026-01-16T11:34:55.899+0000][gc          ] GC(1422) Pause Young (Normal) (G1 Evacuation Pause) 271M->224M(1024M) 875.968ms
[2026-01-16T11:34:55.900+0000][gc,cpu      ] GC(1422) User=0.40s Sys=0.02s Real=0.88s
[2026-01-16T11:35:02.074+0000][gc,start    ] GC(1423) Pause Young (Normal) (G1 Evacuation Pause)
[2026-01-16T11:35:02.076+0000][gc,task     ] GC(1423) Using 8 workers of 8 for evacuation
[2026-01-16T11:35:03.024+0000][gc,mmu      ] GC(1423) MMU target violated: 201.0ms (200.0ms/201.0ms)
[2026-01-16T11:35:03.025+0000][gc,phases   ] GC(1423)   Pre Evacuate Collection Set: 100.3ms
[2026-01-16T11:35:03.026+0000][gc,phases   ] GC(1423)   Merge Heap Roots: 12.7ms
[2026-01-16T11:35:03.026+0000][gc,phases   ] GC(1423)   Evacuate Collection Set: 781.9ms
[2026-01-16T11:35:03.027+0000][gc,phases   ] GC(1423)   Post Evacuate Collection Set: 40.6ms
[2026-01-16T11:35:03.032+0000][gc,phases   ] GC(1423)   Other: 15.0ms
[2026-01-16T11:35:03.035+0000][gc,heap     ] GC(1423) Eden regions: 48->0(47)
[2026-01-16T11:35:03.035+0000][gc,heap     ] GC(1423) Survivor regions: 3->4(7)
[2026-01-16T11:35:03.036+0000][gc,heap     ] GC(1423) Old regions: 175->175
[2026-01-16T11:35:03.038+0000][gc,heap     ] GC(1423) Humongous regions: 56->56
[2026-01-16T11:35:03.049+0000][gc,metaspace] GC(1423) Metaspace: 13209K(13696K)->13209K(13696K) NonClass: 12102K(12288K)->12102K(12288K) Class: 1107K(1408K)->1107K(1408K)
[2026-01-16T11:35:03.051+0000][gc          ] GC(1423) Pause Young (Normal) (G1 Evacuation Pause) 281M->234M(1024M) 977.234ms
[2026-01-16T11:35:03.052+0000][gc,cpu      ] GC(1423) User=0.46s Sys=0.03s Real=0.98s
[2026-01-16T11:35:06.646+0000][gc,start    ] GC(1424) Pause Young (Normal) (G1 Evacuation Pause)
[2026-01-16T11:35:06.647+0000][gc,task     ] GC(1424) Using 8 workers of 8 for evacuation
[2026-01-16T11:35:07.452+0000][gc,mmu      ] GC(1424) MMU target violated: 201.0ms (200.0ms/201.0ms)
[2026-01-16T11:35:07.460+0000][gc,phases   ] GC(1424)   Pre Evacuate Collection Set: 71.5ms
[2026-01-16T11:35:07.460+0000][gc,phases   ] GC(1424)   Merge Heap Roots: 5.3ms
[2026-01-16T11:35:07.461+0000][gc,phases   ] GC(1424)   Evacuate Collection Set: 648.1ms
[2026-01-16T11:35:07.461+0000][gc,phases   ] GC(1424)   Post Evacuate Collection Set: 71.8ms
[2026-01-16T11:35:07.462+0000][gc,phases   ] GC(1424)   Other: 16.1ms
[2026-01-16T11:35:07.463+0000][gc,heap     ] GC(1424) Eden regions: 47->0(48)
[2026-01-16T11:35:07.463+0000][gc,heap     ] GC(1424) Survivor regions: 4->3(7)
[2026-01-16T11:35:07.465+0000][gc,heap     ] GC(1424) Old regions: 175->175
[2026-01-16T11:35:07.465+0000][gc,heap     ] GC(1424) Humongous regions: 56->47
[2026-01-16T11:35:07.467+0000][gc,metaspace] GC(1424) Metaspace: 13209K(13696K)->13209K(13696K) NonClass: 12102K(12288K)->12102K(12288K) Class: 1107K(1408K)->1107K(1408K)
[2026-01-16T11:35:07.473+0000][gc          ] GC(1424) Pause Young (Normal) (G1 Evacuation Pause) 281M->224M(1024M) 827.773ms
[2026-01-16T11:35:07.475+0000][gc,cpu      ] GC(1424) User=0.34s Sys=0.03s Real=0.83s
[2026-01-16T11:35:10.987+0000][gc,start    ] GC(1425) Pause Young (Normal) (G1 Evacuation Pause)
[2026-01-16T11:35:10.999+0000][gc,task     ] GC(1425) Using 8 workers of 8 for evacuation
[2026-01-16T11:35:11.434+0000][gc,mmu      ] GC(1425) MMU target violated: 201.0ms (200.0ms/201.0ms)
[2026-01-16T11:35:11.436+0000][gc,phases   ] GC(1425)   Pre Evacuate Collection Set: 135.9ms
[2026-01-16T11:35:11.436+0000][gc,phases   ] GC(1425)   Merge Heap Roots: 45.3ms
[2026-01-16T11:35:11.437+0000][gc,phases   ] GC(1425)   Evacuate Collection Set: 230.1ms
[2026-01-16T11:35:11.439+0000][gc,phases   ] GC(1425)   Post Evacuate Collection Set: 7.7ms
[2026-01-16T11:35:11.440+0000][gc,phases   ] GC(1425)   Other: 18.4ms
[2026-01-16T11:35:11.442+0000][gc,heap     ] GC(1425) Eden regions: 48->0(47)
[2026-01-16T11:35:11.445+0000][gc,heap     ] GC(1425) Survivor regions: 3->4(7)
[2026-01-16T11:35:11.445+0000][gc,heap     ] GC(1425) Old regions: 175->175
[2026-01-16T11:35:11.445+0000][gc,heap     ] GC(1425) Humongous regions: 47->47
[2026-01-16T11:35:11.448+0000][gc,metaspace] GC(1425) Metaspace: 13209K(13696K)->13209K(13696K) NonClass: 12102K(12288K)->12102K(12288K) Class: 1107K(1408K)->1107K(1408K)
[2026-01-16T11:35:11.450+0000][gc          ] GC(1425) Pause Young (Normal) (G1 Evacuation Pause) 272M->224M(1024M) 464.145ms
[2026-01-16T11:35:11.451+0000][gc,cpu      ] GC(1425) User=0.23s Sys=0.01s Real=0.46s
[2026-01-16T11:35:13.510+0000][gc,start    ] GC(1426) Pause Young (Normal) (G1 Evacuation Pause)
[2026-01-16T11:35:13.515+0000][gc,task     ] GC(1426) Using 8 workers of 8 for evacuation
[2026-01-16T11:35:13.688+0000][gc,phases   ] GC(1426)   Pre Evacuate Collection Set: 31.8ms
[2026-01-16T11:35:13.689+0000][gc,phases   ] GC(1426)   Merge Heap Roots: 5.7ms
[2026-01-16T11:35:13.690+0000][gc,phases   ] GC(1426)   Evacuate Collection Set: 121.3ms
[2026-01-16T11:35:13.690+0000][gc,phases   ] GC(1426)   Post Evacuate Collection Set: 13.6ms
[2026-01-16T11:35:13.692+0000][gc,phases   ] GC(1426)   Other: 1.4ms
[2026-01-16T11:35:13.693+0000][gc,heap     ] GC(1426) Eden regions: 47->0(48)
[2026-01-16T11:35:13.694+0000][gc,heap     ] GC(1426) Survivor regions: 4->3(7)
[2026-01-16T11:35:13.695+0000][gc,heap     ] GC(1426) Old regions: 175->175
[2026-01-16T11:35:13.696+0000][gc,heap     ] GC(1426) Humongous regions: 47->47
[2026-01-16T11:35:13.696+0000][gc,metaspace] GC(1426) Metaspace: 13209K(13696K)->13209K(13696K) NonClass: 12102K(12288K)->12102K(12288K) Class: 1107K(1408K)->1107K(1408K)
[2026-01-16T11:35:13.697+0000][gc          ] GC(1426) Pause Young (Normal) (G1 Evacuation Pause) 271M->224M(1024M) 186.835ms
[2026-01-16T11:35:13.697+0000][gc,cpu      ] GC(1426) User=0.10s Sys=0.00s Real=0.18s
[2026-01-16T11:35:15.420+0000][gc,start    ] GC(1427) Pause Young (Normal) (G1 Evacuation Pause)
[2026-01-16T11:35:15.421+0000][gc,task     ] GC(1427) Using 8 workers of 8 for evacuation
[2026-01-16T11:35:15.688+0000][gc,mmu      ] GC(1427) MMU target violated: 201.0ms (200.0ms/201.0ms)
[2026-01-16T11:35:15.690+0000][gc,phases   ] GC(1427)   Pre Evacuate Collection Set: 20.3ms
[2026-01-16T11:35:15.692+0000][gc,phases   ] GC(1427)   Merge Heap Roots: 27.0ms
[2026-01-16T11:35:15.692+0000][gc,phases   ] GC(1427)   Evacuate Collection Set: 168.8ms
[2026-01-16T11:35:15.693+0000][gc,phases   ] GC(1427)   Post Evacuate Collection Set: 50.9ms
[2026-01-16T11:35:15.695+0000][gc,phases   ] GC(1427)   Other: 2.1ms
[2026-01-16T11:35:15.706+0000][gc,heap     ] GC(1427) Eden regions: 48->0(47)
[2026-01-16T11:35:15.719+0000][gc,heap     ] GC(1427) Survivor regions: 3->4(7)
[2026-01-16T11:35:15.719+0000][gc,heap     ] GC(1427) Old regions: 175->175
[2026-01-16T11:35:15.719+0000][gc,heap     ] GC(1427) Humongous regions: 56->56
[2026-01-16T11:35:15.723+0000][gc,metaspace] GC(1427) Metaspace: 13209K(13696K)->13209K(13696K) NonClass: 12102K(12288K)->12102K(12288K) Class: 1107K(1408K)->1107K(1408K)
[2026-01-16T11:35:15.726+0000][gc          ] GC(1427) Pause Young (Normal) (G1 Evacuation Pause) 281M->233M(1024M) 306.360ms
[2026-01-16T11:35:15.727+0000][gc,cpu      ] GC(1427) User=0.17s Sys=0.01s Real=0.30s
[2026-01-16T11:35:16.604+0000][gc,start    ] GC(1428) Pause Young (Normal) (G1 Evacuation Pause)
[2026-01-16T11:35:16.604+0000][gc,task     ] GC(1428) Using 8 workers of 8 for evacuation
[2026-01-16T11:35:16.683+0000][gc,phases   ] GC(1428)   Pre Evacuate Collection Set: 1.1ms
[2026-01-16T11:35:16.683+0000][gc,phases   ] GC(1428)   Merge Heap Roots: 0.2ms
[2026-01-16T11:35:16.683+0000][gc,phases   ] GC(1428)   Evacuate Collection Set: 75.5ms
[2026-01-16T11:35:16.683+0000][gc,phases   ] GC(1428)   Post Evacuate Collection Set: 1.1ms
[2026-01-16T11:35:16.683+0000][gc,phases   ] GC(1428)   Other: 0.5ms
[2026-01-16T11:35:16.683+0000][gc,heap     ] GC(1428) Eden regions: 47->0(47)
[2026-01-16T11:35:16.683+0000][gc,heap     ] GC(1428) Survivor regions: 4->4(7)
[2026-01-16T11:35:16.683+0000][gc,heap     ] GC(1428) Old regions: 175->175
[2026-01-16T11:35:16.683+0000][gc,heap     ] GC(1428) Humongous regions: 56->56
[2026-01-16T11:35:16.683+0000][gc,metaspace] GC(1428) Metaspace: 13209K(13696K)->13209K(13696K) NonClass: 12102K(12288K)->12102K(12288K) Class: 1107K(1408K)->1107K(1408K)
[2026-01-16T11:35:16.683+0000][gc          ] GC(1428) Pause Young (Normal) (G1 Evacuation Pause) 280M->233M(1024M) 79.381ms
[2026-01-16T11:35:16.683+0000][gc,cpu      ] GC(1428) User=0.05s Sys=0.01s Real=0.08s
[2026-01-16T11:35:17.628+0000][gc,start    ] GC(1429) Pause Young (Normal) (G1 Evacuation Pause)
[2026-01-16T11:35:17.629+0000][gc,task     ] GC(1429) Using 8 workers of 8 for evacuation
[2026-01-16T11:35:17.699+0000][gc,phases   ] GC(1429)   Pre Evacuate Collection Set: 6.9ms
[2026-01-16T11:35:17.700+0000][gc,phases   ] GC(1429)   Merge Heap Roots: 0.8ms
[2026-01-16T11:35:17.700+0000][gc,phases   ] GC(1429)   Evacuate Collection Set: 54.3ms
[2026-01-16T11:35:17.701+0000][gc,phases   ] GC(1429)   Post Evacuate Collection Set: 7.6ms
[2026-01-16T11:35:17.701+0000][gc,phases   ] GC(1429)   Other: 0.3ms
[2026-01-16T11:35:17.702+0000][gc,heap     ] GC(1429) Eden regions: 47->0(48)
[2026-01-16T11:35:17.705+0000][gc,heap     ] GC(1429) Survivor regions: 4->3(7)
[2026-01-16T11:35:17.706+0000][gc,heap     ] GC(1429) Old regions: 175->175
[2026-01-16T11:35:17.707+0000][gc,heap     ] GC(1429) Humongous regions: 56->56
[2026-01-16T11:35:17.708+0000][gc,metaspace] GC(1429) Metaspace: 13209K(13696K)->13209K(13696K) NonClass: 12102K(12288K)->12102K(12288K) Class: 1107K(1408K)->1107K(1408K)
[2026-01-16T11:35:17.708+0000][gc          ] GC(1429) Pause Young (Normal) (G1 Evacuation Pause) 280M->233M(1024M) 79.411ms
[2026-01-16T11:35:17.708+0000][gc,cpu      ] GC(1429) User=0.06s Sys=0.01s Real=0.08s
[2026-01-16T11:35:21.421+0000][gc,start    ] GC(1430) Pause Young (Normal) (G1 Evacuation Pause)
[2026-01-16T11:35:21.454+0000][gc,task     ] GC(1430) Using 8 workers of 8 for evacuation
[2026-01-16T11:35:21.851+0000][gc,mmu      ] GC(1430) MMU target violated: 201.0ms (200.0ms/201.0ms)
[2026-01-16T11:35:21.852+0000][gc,phases   ] GC(1430)   Pre Evacuate Collection Set: 47.9ms
[2026-01-16T11:35:21.853+0000][gc,phases   ] GC(1430)   Merge Heap Roots: 25.0ms
[2026-01-16T11:35:21.853+0000][gc,phases   ] GC(1430)   Evacuate Collection Set: 265.6ms
[2026-01-16T11:35:21.854+0000][gc,phases   ] GC(1430)   Post Evacuate Collection Set: 57.4ms
[2026-01-16T11:35:21.854+0000][gc,phases   ] GC(1430)   Other: 28.1ms
[2026-01-16T11:35:21.855+0000][gc,heap     ] GC(1430) Eden regions: 48->0(49)
[2026-01-16T11:35:21.855+0000][gc,heap     ] GC(1430) Survivor regions: 3->2(7)
[2026-01-16T11:35:21.857+0000][gc,heap     ] GC(1430) Old regions: 175->175
[2026-01-16T11:35:21.858+0000][gc,heap     ] GC(1430) Humongous regions: 56->56
[2026-01-16T11:35:21.858+0000][gc,metaspace] GC(1430) Metaspace: 13209K(13696K)->13209K(13696K) NonClass: 12102K(12288K)->12102K(12288K) Class: 1107K(1408K)->1107K(1408K)
[2026-01-16T11:35:21.860+0000][gc          ] GC(1430) Pause Young (Normal) (G1 Evacuation Pause) 281M->232M(1024M) 439.209ms
[2026-01-16T11:35:21.860+0000][gc,cpu      ] GC(1430) User=0.18s Sys=0.01s Real=0.44s
[2026-01-16T11:35:24.937+0000][gc,start    ] GC(1431) Pause Young (Normal) (G1 Evacuation Pause)
[2026-01-16T11:35:24.940+0000][gc,task     ] GC(1431) Using 8 workers of 8 for evacuation
[2026-01-16T11:35:25.089+0000][gc,phases   ] GC(1431)   Pre Evacuate Collection Set: 53.6ms
[2026-01-16T11:35:25.093+0000][gc,phases   ] GC(1431)   Merge Heap Roots: 6.2ms
[2026-01-16T11:35:25.093+0000][gc,phases   ] GC(1431)   Evacuate Collection Set: 86.6ms
[2026-01-16T11:35:25.093+0000][gc,phases   ] GC(1431)   Post Evacuate Collection Set: 1.9ms
[2026-01-16T11:35:25.093+0000][gc,phases   ] GC(1431)   Other: 0.4ms
[2026-01-16T11:35:25.096+0000][gc,heap     ] GC(1431) Eden regions: 49->0(48)
[2026-01-16T11:35:25.096+0000][gc,heap     ] GC(1431) Survivor regions: 2->3(7)
[2026-01-16T11:35:25.097+0000][gc,heap     ] GC(1431) Old regions: 175->175
[2026-01-16T11:35:25.097+0000][gc,heap     ] GC(1431) Humongous regions: 56->56
[2026-01-16T11:35:25.098+0000][gc,metaspace] GC(1431) Metaspace: 13209K(13696K)->13209K(13696K) NonClass: 12102K(12288K)->12102K(12288K) Class: 1107K(1408K)->1107K(1408K)
[2026-01-16T11:35:25.099+0000][gc          ] GC(1431) Pause Young (Normal) (G1 Evacuation Pause) 281M->233M(1024M) 161.741ms
[2026-01-16T11:35:25.102+0000][gc,cpu      ] GC(1431) User=0.14s Sys=0.02s Real=0.17s
[2026-01-16T11:35:30.640+0000][gc,start    ] GC(1432) Pause Young (Normal) (G1 Evacuation Pause)
[2026-01-16T11:35:30.646+0000][gc,task     ] GC(1432) Using 8 workers of 8 for evacuation
[2026-01-16T11:35:30.889+0000][gc,mmu      ] GC(1432) MMU target violated: 201.0ms (200.0ms/201.0ms)
[2026-01-16T11:35:30.889+0000][gc,phases   ] GC(1432)   Pre Evacuate Collection Set: 30.8ms
[2026-01-16T11:35:30.890+0000][gc,phases   ] GC(1432)   Merge Heap Roots: 5.7ms
[2026-01-16T11:35:30.891+0000][gc,phases   ] GC(1432)   Evacuate Collection Set: 191.0ms
[2026-01-16T11:35:30.891+0000][gc,phases   ] GC(1432)   Post Evacuate Collection Set: 12.5ms
[2026-01-16T11:35:30.891+0000][gc,phases   ] GC(1432)   Other: 5.3ms
[2026-01-16T11:35:30.891+0000][gc,heap     ] GC(1432) Eden regions: 48->0(49)
[2026-01-16T11:35:30.892+0000][gc,heap     ] GC(1432) Survivor regions: 3->2(7)
[2026-01-16T11:35:30.892+0000][gc,heap     ] GC(1432) Old regions: 175->175
[2026-01-16T11:35:30.892+0000][gc,heap     ] GC(1432) Humongous regions: 56->56
[2026-01-16T11:35:30.892+0000][gc,metaspace] GC(1432) Metaspace: 13209K(13696K)->13209K(13696K) NonClass: 12102K(12288K)->12102K(12288K) Class: 1107K(1408K)->1107K(1408K)
[2026-01-16T11:35:30.893+0000][gc          ] GC(1432) Pause Young (Normal) (G1 Evacuation Pause) 281M->232M(1024M) 253.295ms
[2026-01-16T11:35:30.894+0000][gc,cpu      ] GC(1432) User=0.14s Sys=0.01s Real=0.25s
[2026-01-16T11:35:32.973+0000][gc,start    ] GC(1433) Pause Young (Normal) (G1 Evacuation Pause)
[2026-01-16T11:35:32.976+0000][gc,task     ] GC(1433) Using 8 workers of 8 for evacuation
[2026-01-16T11:35:33.195+0000][gc,mmu      ] GC(1433) MMU target violated: 201.0ms (200.0ms/201.0ms)
[2026-01-16T11:35:33.197+0000][gc,phases   ] GC(1433)   Pre Evacuate Collection Set: 10.4ms
[2026-01-16T11:35:33.199+0000][gc,phases   ] GC(1433)   Merge Heap Roots: 1.1ms
[2026-01-16T11:35:33.200+0000][gc,phases   ] GC(1433)   Evacuate Collection Set: 193.9ms
[2026-01-16T11:35:33.200+0000][gc,phases   ] GC(1433)   Post Evacuate Collection Set: 11.8ms
[2026-01-16T11:35:33.202+0000][gc,phases   ] GC(1433)   Other: 4.6ms
[2026-01-16T11:35:33.202+0000][gc,heap     ] GC(1433) Eden regions: 58->0(49)
[2026-01-16T11:35:33.202+0000][gc,heap     ] GC(1433) Survivor regions: 2->2(8)
[2026-01-16T11:35:33.202+0000][gc,heap     ] GC(1433) Old regions: 175->176
[2026-01-16T11:35:33.203+0000][gc,heap     ] GC(1433) Humongous regions: 56->56
[2026-01-16T11:35:33.203+0000][gc,metaspace] GC(1433) Metaspace: 13209K(13696K)->13209K(13696K) NonClass: 12102K(12288K)->12102K(12288K) Class: 1107K(1408K)->1107K(1408K)
[2026-01-16T11:35:33.203+0000][gc          ] GC(1433) Pause Young (Normal) (G1 Evacuation Pause) 290M->232M(1024M) 229.959ms
[2026-01-16T11:35:33.203+0000][gc,cpu      ] GC(1433) User=0.13s Sys=0.01s Real=0.23s
[2026-01-16T11:35:39.614+0000][gc,start    ] GC(1434) Pause Young (Normal) (G1 Evacuation Pause)
[2026-01-16T11:35:39.616+0000][gc,task     ] GC(1434) Using 8 workers of 8 for evacuation
[2026-01-16T11:35:39.727+0000][gc,phases   ] GC(1434)   Pre Evacuate Collection Set: 14.2ms
[2026-01-16T11:35:39.727+0000][gc,phases   ] GC(1434)   Merge Heap Roots: 3.0ms
[2026-01-16T11:35:39.728+0000][gc,phases   ] GC(1434)   Evacuate Collection Set: 73.3ms
[2026-01-16T11:35:39.728+0000][gc,phases   ] GC(1434)   Post Evacuate Collection Set: 20.2ms
[2026-01-16T11:35:39.728+0000][gc,phases   ] GC(1434)   Other: 0.6ms
[2026-01-16T11:35:39.728+0000][gc,heap     ] GC(1434) Eden regions: 49->0(143)
[2026-01-16T11:35:39.728+0000][gc,heap     ] GC(1434) Survivor regions: 2->1(7)
[2026-01-16T11:35:39.728+0000][gc,heap     ] GC(1434) Old regions: 176->176
[2026-01-16T11:35:39.731+0000][gc,heap     ] GC(1434) Humongous regions: 56->56
[2026-01-16T11:35:39.731+0000][gc,metaspace] GC(1434) Metaspace: 13209K(13696K)->13209K(13696K) NonClass: 12102K(12288K)->12102K(12288K) Class: 1107K(1408K)->1107K(1408K)
[2026-01-16T11:35:39.731+0000][gc          ] GC(1434) Pause Young (Normal) (G1 Evacuation Pause) 281M->232M(1024M) 117.610ms
[2026-01-16T11:35:39.732+0000][gc,cpu      ] GC(1434) User=0.13s Sys=0.00s Real=0.12s
[2026-01-16T11:35:51.025+0000][gc,start    ] GC(1435) Pause Young (Normal) (G1 Evacuation Pause)
[2026-01-16T11:35:51.026+0000][gc,task     ] GC(1435) Using 8 workers of 8 for evacuation
[2026-01-16T11:35:51.095+0000][gc,phases   ] GC(1435)   Pre Evacuate Collection Set: 28.7ms
[2026-01-16T11:35:51.097+0000][gc,phases   ] GC(1435)   Merge Heap Roots: 1.1ms
[2026-01-16T11:35:51.098+0000][gc,phases   ] GC(1435)   Evacuate Collection Set: 31.9ms
[2026-01-16T11:35:51.098+0000][gc,phases   ] GC(1435)   Post Evacuate Collection Set: 6.1ms
[2026-01-16T11:35:51.098+0000][gc,phases   ] GC(1435)   Other: 1.2ms
[2026-01-16T11:35:51.098+0000][gc,heap     ] GC(1435) Eden regions: 151->0(168)
[2026-01-16T11:35:51.098+0000][gc,heap     ] GC(1435) Survivor regions: 1->2(19)
[2026-01-16T11:35:51.098+0000][gc,heap     ] GC(1435) Old regions: 176->176
[2026-01-16T11:35:51.098+0000][gc,heap     ] GC(1435) Humongous regions: 56->56
[2026-01-16T11:35:51.098+0000][gc,metaspace] GC(1435) Metaspace: 13209K(13696K)->13209K(13696K) NonClass: 12102K(12288K)->12102K(12288K) Class: 1107K(1408K)->1107K(1408K)
[2026-01-16T11:35:51.099+0000][gc          ] GC(1435) Pause Young (Normal) (G1 Evacuation Pause) 383M->232M(1024M) 73.334ms
[2026-01-16T11:35:51.099+0000][gc,cpu      ] GC(1435) User=0.12s Sys=0.01s Real=0.08s
[2026-01-16T11:36:03.036+0000][gc,start    ] GC(1436) Pause Young (Normal) (G1 Evacuation Pause)
[2026-01-16T11:36:03.037+0000][gc,task     ] GC(1436) Using 8 workers of 8 for evacuation
[2026-01-16T11:36:03.309+0000][gc,mmu      ] GC(1436) MMU target violated: 201.0ms (200.0ms/201.0ms)
[2026-01-16T11:36:03.313+0000][gc,phases   ] GC(1436)   Pre Evacuate Collection Set: 41.3ms
[2026-01-16T11:36:03.314+0000][gc,phases   ] GC(1436)   Merge Heap Roots: 13.8ms
[2026-01-16T11:36:03.314+0000][gc,phases   ] GC(1436)   Evacuate Collection Set: 189.6ms
[2026-01-16T11:36:03.314+0000][gc,phases   ] GC(1436)   Post Evacuate Collection Set: 21.9ms
[2026-01-16T11:36:03.315+0000][gc,phases   ] GC(1436)   Other: 9.8ms
[2026-01-16T11:36:03.315+0000][gc,heap     ] GC(1436) Eden regions: 181->0(132)
[2026-01-16T11:36:03.315+0000][gc,heap     ] GC(1436) Survivor regions: 2->2(23)
[2026-01-16T11:36:03.317+0000][gc,heap     ] GC(1436) Old regions: 176->176
[2026-01-16T11:36:03.318+0000][gc,heap     ] GC(1436) Humongous regions: 56->56
[2026-01-16T11:36:03.318+0000][gc,metaspace] GC(1436) Metaspace: 13209K(13696K)->13209K(13696K) NonClass: 12102K(12288K)->12102K(12288K) Class: 1107K(1408K)->1107K(1408K)
[2026-01-16T11:36:03.318+0000][gc          ] GC(1436) Pause Young (Normal) (G1 Evacuation Pause) 413M->233M(1024M) 282.672ms
[2026-01-16T11:36:03.319+0000][gc,cpu      ] GC(1436) User=0.21s Sys=0.03s Real=0.28s
[2026-01-16T11:36:19.900+0000][gc,start    ] GC(1437) Pause Young (Normal) (G1 Evacuation Pause)
[2026-01-16T11:36:19.904+0000][gc,task     ] GC(1437) Using 8 workers of 8 for evacuation
[2026-01-16T11:36:19.997+0000][gc,phases   ] GC(1437)   Pre Evacuate Collection Set: 25.6ms
[2026-01-16T11:36:19.997+0000][gc,phases   ] GC(1437)   Merge Heap Roots: 6.1ms
[2026-01-16T11:36:19.998+0000][gc,phases   ] GC(1437)   Evacuate Collection Set: 53.0ms
[2026-01-16T11:36:19.999+0000][gc,phases   ] GC(1437)   Post Evacuate Collection Set: 6.0ms
[2026-01-16T11:36:19.999+0000][gc,phases   ] GC(1437)   Other: 2.8ms
[2026-01-16T11:36:19.999+0000][gc,heap     ] GC(1437) Eden regions: 145->0(342)
[2026-01-16T11:36:20.000+0000][gc,heap     ] GC(1437) Survivor regions: 2->1(19)
[2026-01-16T11:36:20.000+0000][gc,heap     ] GC(1437) Old regions: 176->176
[2026-01-16T11:36:20.000+0000][gc,heap     ] GC(1437) Humongous regions: 56->56
[2026-01-16T11:36:20.000+0000][gc,metaspace] GC(1437) Metaspace: 13209K(13696K)->13209K(13696K) NonClass: 12102K(12288K)->12102K(12288K) Class: 1107K(1408K)->1107K(1408K)
[2026-01-16T11:36:20.001+0000][gc          ] GC(1437) Pause Young (Normal) (G1 Evacuation Pause) 378M->232M(1024M) 100.465ms
[2026-01-16T11:36:20.001+0000][gc,cpu      ] GC(1437) User=0.13s Sys=0.01s Real=0.10s
[2026-01-16T11:36:55.425+0000][gc,start    ] GC(1438) Pause Young (Normal) (G1 Evacuation Pause)
[2026-01-16T11:36:55.438+0000][gc,task     ] GC(1438) Using 8 workers of 8 for evacuation
[2026-01-16T11:36:56.026+0000][gc,mmu      ] GC(1438) MMU target violated: 201.0ms (200.0ms/201.0ms)
[2026-01-16T11:36:56.027+0000][gc,phases   ] GC(1438)   Pre Evacuate Collection Set: 91.8ms
[2026-01-16T11:36:56.027+0000][gc,phases   ] GC(1438)   Merge Heap Roots: 10.8ms
[2026-01-16T11:36:56.047+0000][gc,phases   ] GC(1438)   Evacuate Collection Set: 359.4ms
[2026-01-16T11:36:56.062+0000][gc,phases   ] GC(1438)   Post Evacuate Collection Set: 118.5ms
[2026-01-16T11:36:56.064+0000][gc,phases   ] GC(1438)   Other: 19.2ms
[2026-01-16T11:36:56.069+0000][gc,heap     ] GC(1438) Eden regions: 366->0(50)
[2026-01-16T11:36:56.071+0000][gc,heap     ] GC(1438) Survivor regions: 1->1(46)
[2026-01-16T11:36:56.074+0000][gc,heap     ] GC(1438) Old regions: 176->176
[2026-01-16T11:36:56.076+0000][gc,heap     ] GC(1438) Humongous regions: 56->56
[2026-01-16T11:36:56.083+0000][gc,metaspace] GC(1438) Metaspace: 13209K(13696K)->13209K(13696K) NonClass: 12102K(12288K)->12102K(12288K) Class: 1107K(1408K)->1107K(1408K)
[2026-01-16T11:36:56.101+0000][gc          ] GC(1438) Pause Young (Normal) (G1 Evacuation Pause) 598M->232M(1024M) 675.705ms
[2026-01-16T11:36:56.103+0000][gc,cpu      ] GC(1438) User=0.33s Sys=0.04s Real=0.68s
[2026-01-16T11:36:58.589+0000][gc,start    ] GC(1439) Pause Young (Normal) (G1 Evacuation Pause)
[2026-01-16T11:36:58.589+0000][gc,task     ] GC(1439) Using 8 workers of 8 for evacuation
[2026-01-16T11:36:58.698+0000][gc,phases   ] GC(1439)   Pre Evacuate Collection Set: 8.8ms
[2026-01-16T11:36:58.699+0000][gc,phases   ] GC(1439)   Merge Heap Roots: 2.0ms
[2026-01-16T11:36:58.699+0000][gc,phases   ] GC(1439)   Evacuate Collection Set: 77.0ms
[2026-01-16T11:36:58.700+0000][gc,phases   ] GC(1439)   Post Evacuate Collection Set: 18.5ms
[2026-01-16T11:36:58.700+0000][gc,phases   ] GC(1439)   Other: 2.6ms
[2026-01-16T11:36:58.707+0000][gc,heap     ] GC(1439) Eden regions: 50->0(49)
[2026-01-16T11:36:58.711+0000][gc,heap     ] GC(1439) Survivor regions: 1->2(7)
[2026-01-16T11:36:58.713+0000][gc,heap     ] GC(1439) Old regions: 176->176
[2026-01-16T11:36:58.714+0000][gc,heap     ] GC(1439) Humongous regions: 56->56
[2026-01-16T11:36:58.714+0000][gc,metaspace] GC(1439) Metaspace: 13209K(13696K)->13209K(13696K) NonClass: 12102K(12288K)->12102K(12288K) Class: 1107K(1408K)->1107K(1408K)
[2026-01-16T11:36:58.715+0000][gc          ] GC(1439) Pause Young (Normal) (G1 Evacuation Pause) 282M->233M(1024M) 125.709ms
[2026-01-16T11:36:58.715+0000][gc,cpu      ] GC(1439) User=0.12s Sys=0.01s Real=0.13s
[2026-01-16T11:36:59.759+0000][gc,start    ] GC(1440) Pause Young (Normal) (G1 Evacuation Pause)
[2026-01-16T11:36:59.761+0000][gc,task     ] GC(1440) Using 8 workers of 8 for evacuation
[2026-01-16T11:36:59.794+0000][gc,phases   ] GC(1440)   Pre Evacuate Collection Set: 4.7ms
[2026-01-16T11:36:59.795+0000][gc,phases   ] GC(1440)   Merge Heap Roots: 0.3ms
[2026-01-16T11:36:59.795+0000][gc,phases   ] GC(1440)   Evacuate Collection Set: 23.6ms
[2026-01-16T11:36:59.796+0000][gc,phases   ] GC(1440)   Post Evacuate Collection Set: 3.8ms
[2026-01-16T11:36:59.796+0000][gc,phases   ] GC(1440)   Other: 0.9ms
[2026-01-16T11:36:59.796+0000][gc,heap     ] GC(1440) Eden regions: 49->0(66)
[2026-01-16T11:36:59.796+0000][gc,heap     ] GC(1440) Survivor regions: 2->1(7)
[2026-01-16T11:36:59.797+0000][gc,heap     ] GC(1440) Old regions: 176->176
[2026-01-16T11:36:59.797+0000][gc,heap     ] GC(1440) Humongous regions: 56->56
[2026-01-16T11:36:59.797+0000][gc,metaspace] GC(1440) Metaspace: 13209K(13696K)->13209K(13696K) NonClass: 12102K(12288K)->12102K(12288K) Class: 1107K(1408K)->1107K(1408K)
[2026-01-16T11:36:59.798+0000][gc          ] GC(1440) Pause Young (Normal) (G1 Evacuation Pause) 282M->232M(1024M) 39.473ms
[2026-01-16T11:36:59.798+0000][gc,cpu      ] GC(1440) User=0.03s Sys=0.01s Real=0.04s
[2026-01-16T11:37:09.816+0000][gc,start    ] GC(1441) Pause Young (Normal) (G1 Evacuation Pause)
[2026-01-16T11:37:09.818+0000][gc,task     ] GC(1441) Using 8 workers of 8 for evacuation
[2026-01-16T11:37:09.864+0000][gc,phases   ] GC(1441)   Pre Evacuate Collection Set: 9.9ms
[2026-01-16T11:37:09.864+0000][gc,phases   ] GC(1441)   Merge Heap Roots: 1.5ms
[2026-01-16T11:37:09.864+0000][gc,phases   ] GC(1441)   Evacuate Collection Set: 28.6ms
[2026-01-16T11:37:09.865+0000][gc,phases   ] GC(1441)   Post Evacuate Collection Set: 4.4ms
[2026-01-16T11:37:09.865+0000][gc,phases   ] GC(1441)   Other: 2.3ms
[2026-01-16T11:37:09.865+0000][gc,heap     ] GC(1441) Eden regions: 102->0(374)
[2026-01-16T11:37:09.865+0000][gc,heap     ] GC(1441) Survivor regions: 1->1(13)
[2026-01-16T11:37:09.865+0000][gc,heap     ] GC(1441) Old regions: 176->176
[2026-01-16T11:37:09.866+0000][gc,heap     ] GC(1441) Humongous regions: 56->56
[2026-01-16T11:37:09.866+0000][gc,metaspace] GC(1441) Metaspace: 13209K(13696K)->13209K(13696K) NonClass: 12102K(12288K)->12102K(12288K) Class: 1107K(1408K)->1107K(1408K)
[2026-01-16T11:37:09.866+0000][gc          ] GC(1441) Pause Young (Normal) (G1 Evacuation Pause) 334M->232M(1024M) 50.206ms
[2026-01-16T11:37:09.866+0000][gc,cpu      ] GC(1441) User=0.06s Sys=0.01s Real=0.05s
[2026-01-16T11:37:42.604+0000][gc,start    ] GC(1442) Pause Young (Normal) (G1 Evacuation Pause)
[2026-01-16T11:37:42.609+0000][gc,task     ] GC(1442) Using 8 workers of 8 for evacuation
[2026-01-16T11:37:42.752+0000][gc,phases   ] GC(1442)   Pre Evacuate Collection Set: 16.8ms
[2026-01-16T11:37:42.752+0000][gc,phases   ] GC(1442)   Merge Heap Roots: 10.1ms
[2026-01-16T11:37:42.753+0000][gc,phases   ] GC(1442)   Evacuate Collection Set: 102.2ms
[2026-01-16T11:37:42.753+0000][gc,phases   ] GC(1442)   Post Evacuate Collection Set: 12.1ms
[2026-01-16T11:37:42.754+0000][gc,phases   ] GC(1442)   Other: 1.2ms
[2026-01-16T11:37:42.754+0000][gc,heap     ] GC(1442) Eden regions: 409->0(386)
[2026-01-16T11:37:42.754+0000][gc,heap     ] GC(1442) Survivor regions: 1->2(52)
[2026-01-16T11:37:42.754+0000][gc,heap     ] GC(1442) Old regions: 176->176
[2026-01-16T11:37:42.755+0000][gc,heap     ] GC(1442) Humongous regions: 56->56
[2026-01-16T11:37:42.755+0000][gc,metaspace] GC(1442) Metaspace: 13209K(13696K)->13209K(13696K) NonClass: 12102K(12288K)->12102K(12288K) Class: 1107K(1408K)->1107K(1408K)
[2026-01-16T11:37:42.755+0000][gc          ] GC(1442) Pause Young (Normal) (G1 Evacuation Pause) 641M->233M(1024M) 151.044ms
[2026-01-16T11:37:42.756+0000][gc,cpu      ] GC(1442) User=0.18s Sys=0.02s Real=0.15s
[2026-01-16T11:38:20.278+0000][gc,start    ] GC(1443) Pause Young (Normal) (G1 Evacuation Pause)
[2026-01-16T11:38:20.280+0000][gc,task     ] GC(1443) Using 8 workers of 8 for evacuation
[2026-01-16T11:38:20.391+0000][gc,phases   ] GC(1443)   Pre Evacuate Collection Set: 31.0ms
[2026-01-16T11:38:20.391+0000][gc,phases   ] GC(1443)   Merge Heap Roots: 5.0ms
[2026-01-16T11:38:20.391+0000][gc,phases   ] GC(1443)   Evacuate Collection Set: 47.6ms
[2026-01-16T11:38:20.392+0000][gc,phases   ] GC(1443)   Post Evacuate Collection Set: 24.1ms
[2026-01-16T11:38:20.393+0000][gc,phases   ] GC(1443)   Other: 3.8ms
[2026-01-16T11:38:20.394+0000][gc,heap     ] GC(1443) Eden regions: 422->0(613)
[2026-01-16T11:38:20.395+0000][gc,heap     ] GC(1443) Survivor regions: 2->1(53)
[2026-01-16T11:38:20.395+0000][gc,heap     ] GC(1443) Old regions: 176->176
[2026-01-16T11:38:20.398+0000][gc,heap     ] GC(1443) Humongous regions: 56->56
[2026-01-16T11:38:20.403+0000][gc,metaspace] GC(1443) Metaspace: 13209K(13696K)->13209K(13696K) NonClass: 12102K(12288K)->12102K(12288K) Class: 1107K(1408K)->1107K(1408K)
[2026-01-16T11:38:20.405+0000][gc          ] GC(1443) Pause Young (Normal) (G1 Evacuation Pause) 655M->232M(1024M) 128.194ms
[2026-01-16T11:38:20.405+0000][gc,cpu      ] GC(1443) User=0.19s Sys=0.02s Real=0.13s
[2026-01-16T11:39:13.327+0000][gc,start    ] GC(1444) Pause Young (Normal) (G1 Evacuation Pause)
[2026-01-16T11:39:13.329+0000][gc,task     ] GC(1444) Using 8 workers of 8 for evacuation
[2026-01-16T11:39:13.511+0000][gc,phases   ] GC(1444)   Pre Evacuate Collection Set: 48.1ms
[2026-01-16T11:39:13.512+0000][gc,phases   ] GC(1444)   Merge Heap Roots: 1.7ms
[2026-01-16T11:39:13.513+0000][gc,phases   ] GC(1444)   Evacuate Collection Set: 76.2ms
[2026-01-16T11:39:13.513+0000][gc,phases   ] GC(1444)   Post Evacuate Collection Set: 52.7ms
[2026-01-16T11:39:13.513+0000][gc,phases   ] GC(1444)   Other: 3.5ms
[2026-01-16T11:39:13.516+0000][gc,heap     ] GC(1444) Eden regions: 613->0(562)
[2026-01-16T11:39:13.516+0000][gc,heap     ] GC(1444) Survivor regions: 1->2(77)
[2026-01-16T11:39:13.516+0000][gc,heap     ] GC(1444) Old regions: 176->176
[2026-01-16T11:39:13.517+0000][gc,heap     ] GC(1444) Humongous regions: 56->56
[2026-01-16T11:39:13.517+0000][gc,metaspace] GC(1444) Metaspace: 13210K(13696K)->13210K(13696K) NonClass: 12102K(12288K)->12102K(12288K) Class: 1107K(1408K)->1107K(1408K)
[2026-01-16T11:39:13.519+0000][gc          ] GC(1444) Pause Young (Normal) (G1 Evacuation Pause) 845M->233M(1024M) 194.912ms
[2026-01-16T11:39:13.521+0000][gc,cpu      ] GC(1444) User=0.23s Sys=0.01s Real=0.19s
[2026-01-16T11:40:03.776+0000][gc,start    ] GC(1445) Pause Young (Normal) (G1 Evacuation Pause)
[2026-01-16T11:40:03.779+0000][gc,task     ] GC(1445) Using 8 workers of 8 for evacuation
[2026-01-16T11:40:04.048+0000][gc,mmu      ] GC(1445) MMU target violated: 201.0ms (200.0ms/201.0ms)
[2026-01-16T11:40:04.065+0000][gc,phases   ] GC(1445)   Pre Evacuate Collection Set: 51.3ms
[2026-01-16T11:40:04.067+0000][gc,phases   ] GC(1445)   Merge Heap Roots: 5.7ms
[2026-01-16T11:40:04.069+0000][gc,phases   ] GC(1445)   Evacuate Collection Set: 183.7ms
[2026-01-16T11:40:04.071+0000][gc,phases   ] GC(1445)   Post Evacuate Collection Set: 28.4ms
[2026-01-16T11:40:04.074+0000][gc,phases   ] GC(1445)   Other: 17.7ms
[2026-01-16T11:40:04.076+0000][gc,heap     ] GC(1445) Eden regions: 599->0(101)
[2026-01-16T11:40:04.078+0000][gc,heap     ] GC(1445) Survivor regions: 2->2(76)
[2026-01-16T11:40:04.080+0000][gc,heap     ] GC(1445) Old regions: 176->176
[2026-01-16T11:40:04.081+0000][gc,heap     ] GC(1445) Humongous regions: 56->56
[2026-01-16T11:40:04.081+0000][gc,metaspace] GC(1445) Metaspace: 13210K(13696K)->13210K(13696K) NonClass: 12102K(12288K)->12102K(12288K) Class: 1107K(1408K)->1107K(1408K)
[2026-01-16T11:40:04.082+0000][gc          ] GC(1445) Pause Young (Normal) (G1 Evacuation Pause) 832M->233M(1024M) 305.453ms
[2026-01-16T11:40:04.083+0000][gc,cpu      ] GC(1445) User=0.27s Sys=0.01s Real=0.31s
[2026-01-16T11:40:30.334+0000][gc,start    ] GC(1446) Pause Young (Normal) (G1 Evacuation Pause)
[2026-01-16T11:40:30.339+0000][gc,task     ] GC(1446) Using 8 workers of 8 for evacuation
[2026-01-16T11:40:30.429+0000][gc,phases   ] GC(1446)   Pre Evacuate Collection Set: 22.8ms
[2026-01-16T11:40:30.429+0000][gc,phases   ] GC(1446)   Merge Heap Roots: 8.0ms
[2026-01-16T11:40:30.430+0000][gc,phases   ] GC(1446)   Evacuate Collection Set: 45.7ms
[2026-01-16T11:40:30.430+0000][gc,phases   ] GC(1446)   Post Evacuate Collection Set: 9.3ms
[2026-01-16T11:40:30.430+0000][gc,phases   ] GC(1446)   Other: 4.3ms
[2026-01-16T11:40:30.430+0000][gc,heap     ] GC(1446) Eden regions: 300->0(612)
[2026-01-16T11:40:30.431+0000][gc,heap     ] GC(1446) Survivor regions: 2->2(38)
[2026-01-16T11:40:30.431+0000][gc,heap     ] GC(1446) Old regions: 176->176
[2026-01-16T11:40:30.431+0000][gc,heap     ] GC(1446) Humongous regions: 56->56
[2026-01-16T11:40:30.432+0000][gc,metaspace] GC(1446) Metaspace: 13213K(13696K)->13213K(13696K) NonClass: 12105K(12288K)->12105K(12288K) Class: 1107K(1408K)->1107K(1408K)
[2026-01-16T11:40:30.433+0000][gc          ] GC(1446) Pause Young (Normal) (G1 Evacuation Pause) 533M->233M(1024M) 98.759ms
[2026-01-16T11:40:30.434+0000][gc,cpu      ] GC(1446) User=0.19s Sys=0.03s Real=0.10s
[2026-01-16T11:41:21.067+0000][gc,start    ] GC(1447) Pause Young (Normal) (G1 Evacuation Pause)
[2026-01-16T11:41:21.068+0000][gc,task     ] GC(1447) Using 8 workers of 8 for evacuation
[2026-01-16T11:41:21.106+0000][gc,phases   ] GC(1447)   Pre Evacuate Collection Set: 6.0ms
[2026-01-16T11:41:21.106+0000][gc,phases   ] GC(1447)   Merge Heap Roots: 4.0ms
[2026-01-16T11:41:21.106+0000][gc,phases   ] GC(1447)   Evacuate Collection Set: 19.5ms
[2026-01-16T11:41:21.106+0000][gc,phases   ] GC(1447)   Post Evacuate Collection Set: 8.0ms
[2026-01-16T11:41:21.108+0000][gc,phases   ] GC(1447)   Other: 0.7ms
[2026-01-16T11:41:21.108+0000][gc,heap     ] GC(1447) Eden regions: 612->0(612)
[2026-01-16T11:41:21.108+0000][gc,heap     ] GC(1447) Survivor regions: 2->2(77)
[2026-01-16T11:41:21.108+0000][gc,heap     ] GC(1447) Old regions: 176->176
[2026-01-16T11:41:21.108+0000][gc,heap     ] GC(1447) Humongous regions: 56->56
[2026-01-16T11:41:21.108+0000][gc,metaspace] GC(1447) Metaspace: 13214K(13696K)->13214K(13696K) NonClass: 12106K(12288K)->12106K(12288K) Class: 1107K(1408K)->1107K(1408K)
[2026-01-16T11:41:21.109+0000][gc          ] GC(1447) Pause Young (Normal) (G1 Evacuation Pause) 845M->233M(1024M) 41.267ms
[2026-01-16T11:41:21.109+0000][gc,cpu      ] GC(1447) User=0.18s Sys=0.00s Real=0.04s
[2026-01-16T11:42:19.598+0000][gc,start    ] GC(1448) Pause Young (Normal) (G1 Evacuation Pause)
[2026-01-16T11:42:19.600+0000][gc,task     ] GC(1448) Using 8 workers of 8 for evacuation
[2026-01-16T11:42:19.656+0000][gc,phases   ] GC(1448)   Pre Evacuate Collection Set: 9.2ms
[2026-01-16T11:42:19.656+0000][gc,phases   ] GC(1448)   Merge Heap Roots: 14.9ms
[2026-01-16T11:42:19.656+0000][gc,phases   ] GC(1448)   Evacuate Collection Set: 13.1ms
[2026-01-16T11:42:19.656+0000][gc,phases   ] GC(1448)   Post Evacuate Collection Set: 17.8ms
[2026-01-16T11:42:19.656+0000][gc,phases   ] GC(1448)   Other: 0.9ms
[2026-01-16T11:42:19.656+0000][gc,heap     ] GC(1448) Eden regions: 612->0(613)
[2026-01-16T11:42:19.656+0000][gc,heap     ] GC(1448) Survivor regions: 2->1(77)
[2026-01-16T11:42:19.657+0000][gc,heap     ] GC(1448) Old regions: 176->177
[2026-01-16T11:42:19.657+0000][gc,heap     ] GC(1448) Humongous regions: 56->56
[2026-01-16T11:42:19.657+0000][gc,metaspace] GC(1448) Metaspace: 13215K(13696K)->13215K(13696K) NonClass: 12107K(12288K)->12107K(12288K) Class: 1107K(1408K)->1107K(1408K)
[2026-01-16T11:42:19.657+0000][gc          ] GC(1448) Pause Young (Normal) (G1 Evacuation Pause) 845M->232M(1024M) 58.640ms
[2026-01-16T11:42:19.657+0000][gc,cpu      ] GC(1448) User=0.14s Sys=0.00s Real=0.06s
[2026-01-16T11:43:09.979+0000][gc,start    ] GC(1449) Pause Young (Normal) (G1 Evacuation Pause)
[2026-01-16T11:43:09.982+0000][gc,task     ] GC(1449) Using 8 workers of 8 for evacuation
[2026-01-16T11:43:10.034+0000][gc,phases   ] GC(1449)   Pre Evacuate Collection Set: 11.6ms
[2026-01-16T11:43:10.034+0000][gc,phases   ] GC(1449)   Merge Heap Roots: 13.4ms
[2026-01-16T11:43:10.034+0000][gc,phases   ] GC(1449)   Evacuate Collection Set: 16.1ms
[2026-01-16T11:43:10.034+0000][gc,phases   ] GC(1449)   Post Evacuate Collection Set: 9.1ms
[2026-01-16T11:43:10.034+0000][gc,phases   ] GC(1449)   Other: 1.8ms
[2026-01-16T11:43:10.034+0000][gc,heap     ] GC(1449) Eden regions: 613->0(612)
[2026-01-16T11:43:10.034+0000][gc,heap     ] GC(1449) Survivor regions: 1->2(77)
[2026-01-16T11:43:10.034+0000][gc,heap     ] GC(1449) Old regions: 177->177
[2026-01-16T11:43:10.034+0000][gc,heap     ] GC(1449) Humongous regions: 56->56
[2026-01-16T11:43:10.034+0000][gc,metaspace] GC(1449) Metaspace: 13215K(13696K)->13215K(13696K) NonClass: 12107K(12288K)->12107K(12288K) Class: 1107K(1408K)->1107K(1408K)
[2026-01-16T11:43:10.035+0000][gc          ] GC(1449) Pause Young (Normal) (G1 Evacuation Pause) 845M->233M(1024M) 56.684ms
[2026-01-16T11:43:10.035+0000][gc,cpu      ] GC(1449) User=0.16s Sys=0.01s Real=0.06s
[2026-01-16T11:44:01.251+0000][gc,start    ] GC(1450) Pause Young (Normal) (G1 Evacuation Pause)
[2026-01-16T11:44:01.262+0000][gc,task     ] GC(1450) Using 8 workers of 8 for evacuation
[2026-01-16T11:44:01.318+0000][gc,phases   ] GC(1450)   Pre Evacuate Collection Set: 9.5ms
[2026-01-16T11:44:01.318+0000][gc,phases   ] GC(1450)   Merge Heap Roots: 1.7ms
[2026-01-16T11:44:01.318+0000][gc,phases   ] GC(1450)   Evacuate Collection Set: 23.0ms
[2026-01-16T11:44:01.318+0000][gc,phases   ] GC(1450)   Post Evacuate Collection Set: 18.3ms
[2026-01-16T11:44:01.320+0000][gc,phases   ] GC(1450)   Other: 2.6ms
[2026-01-16T11:44:01.320+0000][gc,heap     ] GC(1450) Eden regions: 612->0(612)
[2026-01-16T11:44:01.320+0000][gc,heap     ] GC(1450) Survivor regions: 2->2(77)
[2026-01-16T11:44:01.320+0000][gc,heap     ] GC(1450) Old regions: 177->177
[2026-01-16T11:44:01.320+0000][gc,heap     ] GC(1450) Humongous regions: 56->56
[2026-01-16T11:44:01.320+0000][gc,metaspace] GC(1450) Metaspace: 13215K(13696K)->13215K(13696K) NonClass: 12107K(12288K)->12107K(12288K) Class: 1107K(1408K)->1107K(1408K)
[2026-01-16T11:44:01.320+0000][gc          ] GC(1450) Pause Young (Normal) (G1 Evacuation Pause) 845M->233M(1024M) 71.004ms
[2026-01-16T11:44:01.321+0000][gc,cpu      ] GC(1450) User=0.18s Sys=0.01s Real=0.07s
[2026-01-16T11:45:00.755+0000][gc,start    ] GC(1451) Pause Young (Normal) (G1 Evacuation Pause)
[2026-01-16T11:45:00.756+0000][gc,task     ] GC(1451) Using 8 workers of 8 for evacuation
[2026-01-16T11:45:01.038+0000][gc,mmu      ] GC(1451) MMU target violated: 201.0ms (200.0ms/201.0ms)
[2026-01-16T11:45:01.038+0000][gc,phases   ] GC(1451)   Pre Evacuate Collection Set: 54.8ms
[2026-01-16T11:45:01.038+0000][gc,phases   ] GC(1451)   Merge Heap Roots: 4.0ms
[2026-01-16T11:45:01.039+0000][gc,phases   ] GC(1451)   Evacuate Collection Set: 152.2ms
[2026-01-16T11:45:01.039+0000][gc,phases   ] GC(1451)   Post Evacuate Collection Set: 67.7ms
[2026-01-16T11:45:01.040+0000][gc,phases   ] GC(1451)   Other: 3.7ms
[2026-01-16T11:45:01.040+0000][gc,heap     ] GC(1451) Eden regions: 612->0(613)
[2026-01-16T11:45:01.041+0000][gc,heap     ] GC(1451) Survivor regions: 2->1(77)
[2026-01-16T11:45:01.041+0000][gc,heap     ] GC(1451) Old regions: 177->177
[2026-01-16T11:45:01.041+0000][gc,heap     ] GC(1451) Humongous regions: 56->56
[2026-01-16T11:45:01.043+0000][gc,metaspace] GC(1451) Metaspace: 13215K(13696K)->13215K(13696K) NonClass: 12107K(12288K)->12107K(12288K) Class: 1107K(1408K)->1107K(1408K)
[2026-01-16T11:45:01.046+0000][gc          ] GC(1451) Pause Young (Normal) (G1 Evacuation Pause) 845M->232M(1024M) 291.087ms
[2026-01-16T11:45:01.046+0000][gc,cpu      ] GC(1451) User=0.28s Sys=0.02s Real=0.30s
[2026-01-16T11:45:51.577+0000][gc,start    ] GC(1452) Pause Young (Normal) (G1 Evacuation Pause)
[2026-01-16T11:45:51.579+0000][gc,task     ] GC(1452) Using 8 workers of 8 for evacuation
[2026-01-16T11:45:51.711+0000][gc,phases   ] GC(1452)   Pre Evacuate Collection Set: 20.7ms
[2026-01-16T11:45:51.715+0000][gc,phases   ] GC(1452)   Merge Heap Roots: 2.1ms
[2026-01-16T11:45:51.715+0000][gc,phases   ] GC(1452)   Evacuate Collection Set: 77.1ms
[2026-01-16T11:45:51.717+0000][gc,phases   ] GC(1452)   Post Evacuate Collection Set: 29.7ms
[2026-01-16T11:45:51.721+0000][gc,phases   ] GC(1452)   Other: 1.8ms
[2026-01-16T11:45:51.724+0000][gc,heap     ] GC(1452) Eden regions: 613->0(612)
[2026-01-16T11:45:51.726+0000][gc,heap     ] GC(1452) Survivor regions: 1->2(77)
[2026-01-16T11:45:51.728+0000][gc,heap     ] GC(1452) Old regions: 177->177
[2026-01-16T11:45:51.730+0000][gc,heap     ] GC(1452) Humongous regions: 56->56
[2026-01-16T11:45:51.731+0000][gc,metaspace] GC(1452) Metaspace: 13215K(13696K)->13215K(13696K) NonClass: 12107K(12288K)->12107K(12288K) Class: 1107K(1408K)->1107K(1408K)
[2026-01-16T11:45:51.731+0000][gc          ] GC(1452) Pause Young (Normal) (G1 Evacuation Pause) 845M->233M(1024M) 154.720ms
[2026-01-16T11:45:51.732+0000][gc,cpu      ] GC(1452) User=0.22s Sys=0.03s Real=0.16s
[2026-01-16T11:46:43.909+0000][gc,start    ] GC(1453) Pause Young (Normal) (G1 Evacuation Pause)
[2026-01-16T11:46:43.914+0000][gc,task     ] GC(1453) Using 8 workers of 8 for evacuation
[2026-01-16T11:46:44.067+0000][gc,phases   ] GC(1453)   Pre Evacuate Collection Set: 29.8ms
[2026-01-16T11:46:44.067+0000][gc,phases   ] GC(1453)   Merge Heap Roots: 1.7ms
[2026-01-16T11:46:44.069+0000][gc,phases   ] GC(1453)   Evacuate Collection Set: 83.9ms
[2026-01-16T11:46:44.069+0000][gc,phases   ] GC(1453)   Post Evacuate Collection Set: 35.7ms
[2026-01-16T11:46:44.070+0000][gc,phases   ] GC(1453)   Other: 2.0ms
[2026-01-16T11:46:44.071+0000][gc,heap     ] GC(1453) Eden regions: 612->0(612)
[2026-01-16T11:46:44.072+0000][gc,heap     ] GC(1453) Survivor regions: 2->2(77)
[2026-01-16T11:46:44.072+0000][gc,heap     ] GC(1453) Old regions: 177->177
[2026-01-16T11:46:44.073+0000][gc,heap     ] GC(1453) Humongous regions: 56->56
[2026-01-16T11:46:44.074+0000][gc,metaspace] GC(1453) Metaspace: 13215K(13696K)->13215K(13696K) NonClass: 12107K(12288K)->12107K(12288K) Class: 1107K(1408K)->1107K(1408K)
[2026-01-16T11:46:44.074+0000][gc          ] GC(1453) Pause Young (Normal) (G1 Evacuation Pause) 845M->233M(1024M) 171.544ms
[2026-01-16T11:46:44.077+0000][gc,cpu      ] GC(1453) User=0.25s Sys=0.02s Real=0.18s
[2026-01-16T11:47:39.889+0000][gc,start    ] GC(1454) Pause Young (Normal) (G1 Evacuation Pause)
[2026-01-16T11:47:39.891+0000][gc,task     ] GC(1454) Using 8 workers of 8 for evacuation
[2026-01-16T11:47:39.993+0000][gc,phases   ] GC(1454)   Pre Evacuate Collection Set: 23.5ms
[2026-01-16T11:47:39.993+0000][gc,phases   ] GC(1454)   Merge Heap Roots: 3.3ms
[2026-01-16T11:47:39.994+0000][gc,phases   ] GC(1454)   Evacuate Collection Set: 51.8ms
[2026-01-16T11:47:39.994+0000][gc,phases   ] GC(1454)   Post Evacuate Collection Set: 19.9ms
[2026-01-16T11:47:39.995+0000][gc,phases   ] GC(1454)   Other: 2.8ms
[2026-01-16T11:47:39.995+0000][gc,heap     ] GC(1454) Eden regions: 612->0(613)
[2026-01-16T11:47:39.996+0000][gc,heap     ] GC(1454) Survivor regions: 2->1(77)
[2026-01-16T11:47:39.997+0000][gc,heap     ] GC(1454) Old regions: 177->177
[2026-01-16T11:47:39.997+0000][gc,heap     ] GC(1454) Humongous regions: 56->56
[2026-01-16T11:47:39.998+0000][gc,metaspace] GC(1454) Metaspace: 13215K(13696K)->13215K(13696K) NonClass: 12107K(12288K)->12107K(12288K) Class: 1107K(1408K)->1107K(1408K)
[2026-01-16T11:47:39.998+0000][gc          ] GC(1454) Pause Young (Normal) (G1 Evacuation Pause) 845M->232M(1024M) 111.303ms
[2026-01-16T11:47:39.999+0000][gc,cpu      ] GC(1454) User=0.17s Sys=0.01s Real=0.11s
[2026-01-16T11:48:30.142+0000][gc,start    ] GC(1455) Pause Young (Normal) (G1 Evacuation Pause)
[2026-01-16T11:48:30.145+0000][gc,task     ] GC(1455) Using 8 workers of 8 for evacuation
[2026-01-16T11:48:30.197+0000][gc,phases   ] GC(1455)   Pre Evacuate Collection Set: 3.6ms
[2026-01-16T11:48:30.197+0000][gc,phases   ] GC(1455)   Merge Heap Roots: 1.2ms
[2026-01-16T11:48:30.198+0000][gc,phases   ] GC(1455)   Evacuate Collection Set: 30.1ms
[2026-01-16T11:48:30.198+0000][gc,phases   ] GC(1455)   Post Evacuate Collection Set: 15.8ms
[2026-01-16T11:48:30.199+0000][gc,phases   ] GC(1455)   Other: 1.1ms
[2026-01-16T11:48:30.199+0000][gc,heap     ] GC(1455) Eden regions: 613->0(612)
[2026-01-16T11:48:30.199+0000][gc,heap     ] GC(1455) Survivor regions: 1->2(77)
[2026-01-16T11:48:30.199+0000][gc,heap     ] GC(1455) Old regions: 177->177
[2026-01-16T11:48:30.200+0000][gc,heap     ] GC(1455) Humongous regions: 56->56
[2026-01-16T11:48:30.200+0000][gc,metaspace] GC(1455) Metaspace: 13215K(13696K)->13215K(13696K) NonClass: 12107K(12288K)->12107K(12288K) Class: 1107K(1408K)->1107K(1408K)
[2026-01-16T11:48:30.201+0000][gc          ] GC(1455) Pause Young (Normal) (G1 Evacuation Pause) 845M->233M(1024M) 58.216ms
[2026-01-16T11:48:30.201+0000][gc,cpu      ] GC(1455) User=0.17s Sys=0.01s Real=0.06s
[2026-01-16T11:49:20.394+0000][gc,start    ] GC(1456) Pause Young (Normal) (G1 Evacuation Pause)
[2026-01-16T11:49:20.396+0000][gc,task     ] GC(1456) Using 8 workers of 8 for evacuation
[2026-01-16T11:49:20.438+0000][gc,phases   ] GC(1456)   Pre Evacuate Collection Set: 6.4ms
[2026-01-16T11:49:20.438+0000][gc,phases   ] GC(1456)   Merge Heap Roots: 5.2ms
[2026-01-16T11:49:20.438+0000][gc,phases   ] GC(1456)   Evacuate Collection Set: 21.9ms
[2026-01-16T11:49:20.438+0000][gc,phases   ] GC(1456)   Post Evacuate Collection Set: 6.8ms
[2026-01-16T11:49:20.438+0000][gc,phases   ] GC(1456)   Other: 1.2ms
[2026-01-16T11:49:20.439+0000][gc,heap     ] GC(1456) Eden regions: 612->0(612)
[2026-01-16T11:49:20.439+0000][gc,heap     ] GC(1456) Survivor regions: 2->2(77)
[2026-01-16T11:49:20.439+0000][gc,heap     ] GC(1456) Old regions: 177->177
[2026-01-16T11:49:20.439+0000][gc,heap     ] GC(1456) Humongous regions: 56->56
[2026-01-16T11:49:20.439+0000][gc,metaspace] GC(1456) Metaspace: 13215K(13696K)->13215K(13696K) NonClass: 12107K(12288K)->12107K(12288K) Class: 1107K(1408K)->1107K(1408K)
[2026-01-16T11:49:20.440+0000][gc          ] GC(1456) Pause Young (Normal) (G1 Evacuation Pause) 845M->233M(1024M) 45.085ms
[2026-01-16T11:49:20.441+0000][gc,cpu      ] GC(1456) User=0.16s Sys=0.02s Real=0.05s
[2026-01-16T11:50:20.041+0000][gc,start    ] GC(1457) Pause Young (Normal) (G1 Evacuation Pause)
[2026-01-16T11:50:20.057+0000][gc,task     ] GC(1457) Using 8 workers of 8 for evacuation
[2026-01-16T11:50:20.187+0000][gc,phases   ] GC(1457)   Pre Evacuate Collection Set: 12.0ms
[2026-01-16T11:50:20.187+0000][gc,phases   ] GC(1457)   Merge Heap Roots: 8.3ms
[2026-01-16T11:50:20.188+0000][gc,phases   ] GC(1457)   Evacuate Collection Set: 94.7ms
[2026-01-16T11:50:20.188+0000][gc,phases   ] GC(1457)   Post Evacuate Collection Set: 13.0ms
[2026-01-16T11:50:20.188+0000][gc,phases   ] GC(1457)   Other: 11.8ms
[2026-01-16T11:50:20.188+0000][gc,heap     ] GC(1457) Eden regions: 612->0(613)
[2026-01-16T11:50:20.188+0000][gc,heap     ] GC(1457) Survivor regions: 2->1(77)
[2026-01-16T11:50:20.188+0000][gc,heap     ] GC(1457) Old regions: 177->177
[2026-01-16T11:50:20.188+0000][gc,heap     ] GC(1457) Humongous regions: 56->56
[2026-01-16T11:50:20.188+0000][gc,metaspace] GC(1457) Metaspace: 13215K(13696K)->13215K(13696K) NonClass: 12108K(12288K)->12108K(12288K) Class: 1107K(1408K)->1107K(1408K)
[2026-01-16T11:50:20.189+0000][gc          ] GC(1457) Pause Young (Normal) (G1 Evacuation Pause) 845M->232M(1024M) 148.147ms
[2026-01-16T11:50:20.189+0000][gc,cpu      ] GC(1457) User=0.23s Sys=0.02s Real=0.15s
[2026-01-16T11:51:10.475+0000][gc,start    ] GC(1458) Pause Young (Normal) (G1 Evacuation Pause)
[2026-01-16T11:51:10.482+0000][gc,task     ] GC(1458) Using 8 workers of 8 for evacuation
[2026-01-16T11:51:10.565+0000][gc,phases   ] GC(1458)   Pre Evacuate Collection Set: 8.1ms
[2026-01-16T11:51:10.565+0000][gc,phases   ] GC(1458)   Merge Heap Roots: 15.8ms
[2026-01-16T11:51:10.566+0000][gc,phases   ] GC(1458)   Evacuate Collection Set: 45.6ms
[2026-01-16T11:51:10.566+0000][gc,phases   ] GC(1458)   Post Evacuate Collection Set: 12.7ms
[2026-01-16T11:51:10.567+0000][gc,phases   ] GC(1458)   Other: 1.2ms
[2026-01-16T11:51:10.567+0000][gc,heap     ] GC(1458) Eden regions: 613->0(612)
[2026-01-16T11:51:10.567+0000][gc,heap     ] GC(1458) Survivor regions: 1->2(77)
[2026-01-16T11:51:10.567+0000][gc,heap     ] GC(1458) Old regions: 177->177
[2026-01-16T11:51:10.567+0000][gc,heap     ] GC(1458) Humongous regions: 56->56
[2026-01-16T11:51:10.567+0000][gc,metaspace] GC(1458) Metaspace: 13215K(13696K)->13215K(13696K) NonClass: 12108K(12288K)->12108K(12288K) Class: 1107K(1408K)->1107K(1408K)
[2026-01-16T11:51:10.568+0000][gc          ] GC(1458) Pause Young (Normal) (G1 Evacuation Pause) 845M->233M(1024M) 93.551ms
[2026-01-16T11:51:10.568+0000][gc,cpu      ] GC(1458) User=0.23s Sys=0.04s Real=0.09s
[2026-01-16T11:52:00.475+0000][gc,start    ] GC(1459) Pause Young (Normal) (G1 Evacuation Pause)
[2026-01-16T11:52:00.476+0000][gc,task     ] GC(1459) Using 8 workers of 8 for evacuation
[2026-01-16T11:52:00.528+0000][gc,phases   ] GC(1459)   Pre Evacuate Collection Set: 13.6ms
[2026-01-16T11:52:00.529+0000][gc,phases   ] GC(1459)   Merge Heap Roots: 0.9ms
[2026-01-16T11:52:00.530+0000][gc,phases   ] GC(1459)   Evacuate Collection Set: 22.1ms
[2026-01-16T11:52:00.531+0000][gc,phases   ] GC(1459)   Post Evacuate Collection Set: 15.0ms
[2026-01-16T11:52:00.531+0000][gc,phases   ] GC(1459)   Other: 1.0ms
[2026-01-16T11:52:00.531+0000][gc,heap     ] GC(1459) Eden regions: 612->0(612)
[2026-01-16T11:52:00.533+0000][gc,heap     ] GC(1459) Survivor regions: 2->2(77)
[2026-01-16T11:52:00.534+0000][gc,heap     ] GC(1459) Old regions: 177->177
[2026-01-16T11:52:00.534+0000][gc,heap     ] GC(1459) Humongous regions: 56->56
[2026-01-16T11:52:00.534+0000][gc,metaspace] GC(1459) Metaspace: 13215K(13696K)->13215K(13696K) NonClass: 12108K(12288K)->12108K(12288K) Class: 1107K(1408K)->1107K(1408K)
[2026-01-16T11:52:00.534+0000][gc          ] GC(1459) Pause Young (Normal) (G1 Evacuation Pause) 845M->233M(1024M) 59.010ms
[2026-01-16T11:52:00.534+0000][gc,cpu      ] GC(1459) User=0.19s Sys=0.02s Real=0.06s
[2026-01-16T11:52:59.542+0000][gc,start    ] GC(1460) Pause Young (Normal) (G1 Evacuation Pause)
[2026-01-16T11:52:59.546+0000][gc,task     ] GC(1460) Using 8 workers of 8 for evacuation
[2026-01-16T11:52:59.652+0000][gc,phases   ] GC(1460)   Pre Evacuate Collection Set: 20.2ms
[2026-01-16T11:52:59.652+0000][gc,phases   ] GC(1460)   Merge Heap Roots: 1.2ms
[2026-01-16T11:52:59.653+0000][gc,phases   ] GC(1460)   Evacuate Collection Set: 55.3ms
[2026-01-16T11:52:59.653+0000][gc,phases   ] GC(1460)   Post Evacuate Collection Set: 27.4ms
[2026-01-16T11:52:59.654+0000][gc,phases   ] GC(1460)   Other: 2.8ms
[2026-01-16T11:52:59.654+0000][gc,heap     ] GC(1460) Eden regions: 612->0(613)
[2026-01-16T11:52:59.654+0000][gc,heap     ] GC(1460) Survivor regions: 2->1(77)
[2026-01-16T11:52:59.654+0000][gc,heap     ] GC(1460) Old regions: 177->177
[2026-01-16T11:52:59.655+0000][gc,heap     ] GC(1460) Humongous regions: 56->56
[2026-01-16T11:52:59.655+0000][gc,metaspace] GC(1460) Metaspace: 13215K(13696K)->13215K(13696K) NonClass: 12108K(12288K)->12108K(12288K) Class: 1107K(1408K)->1107K(1408K)
[2026-01-16T11:52:59.656+0000][gc          ] GC(1460) Pause Young (Normal) (G1 Evacuation Pause) 845M->233M(1024M) 113.920ms
[2026-01-16T11:52:59.656+0000][gc,cpu      ] GC(1460) User=0.14s Sys=0.02s Real=0.12s
[2026-01-16T11:53:51.961+0000][gc,start    ] GC(1461) Pause Young (Normal) (G1 Evacuation Pause)
[2026-01-16T11:53:51.972+0000][gc,task     ] GC(1461) Using 8 workers of 8 for evacuation
[2026-01-16T11:53:52.248+0000][gc,mmu      ] GC(1461) MMU target violated: 201.0ms (200.0ms/201.0ms)
[2026-01-16T11:53:52.249+0000][gc,phases   ] GC(1461)   Pre Evacuate Collection Set: 40.0ms
[2026-01-16T11:53:52.249+0000][gc,phases   ] GC(1461)   Merge Heap Roots: 3.5ms
[2026-01-16T11:53:52.249+0000][gc,phases   ] GC(1461)   Evacuate Collection Set: 187.3ms
[2026-01-16T11:53:52.249+0000][gc,phases   ] GC(1461)   Post Evacuate Collection Set: 43.2ms
[2026-01-16T11:53:52.250+0000][gc,phases   ] GC(1461)   Other: 10.0ms
[2026-01-16T11:53:52.250+0000][gc,heap     ] GC(1461) Eden regions: 613->0(612)
[2026-01-16T11:53:52.250+0000][gc,heap     ] GC(1461) Survivor regions: 1->2(77)
[2026-01-16T11:53:52.250+0000][gc,heap     ] GC(1461) Old regions: 177->177
[2026-01-16T11:53:52.250+0000][gc,heap     ] GC(1461) Humongous regions: 56->56
[2026-01-16T11:53:52.251+0000][gc,metaspace] GC(1461) Metaspace: 13215K(13696K)->13215K(13696K) NonClass: 12108K(12288K)->12108K(12288K) Class: 1107K(1408K)->1107K(1408K)
[2026-01-16T11:53:52.251+0000][gc          ] GC(1461) Pause Young (Normal) (G1 Evacuation Pause) 846M->234M(1024M) 290.142ms
[2026-01-16T11:53:52.251+0000][gc,cpu      ] GC(1461) User=0.44s Sys=0.08s Real=0.29s
[2026-01-16T11:54:45.007+0000][gc,start    ] GC(1462) Pause Young (Normal) (G1 Evacuation Pause)
[2026-01-16T11:54:45.015+0000][gc,task     ] GC(1462) Using 8 workers of 8 for evacuation
[2026-01-16T11:54:45.622+0000][gc,mmu      ] GC(1462) MMU target violated: 201.0ms (200.0ms/201.0ms)
[2026-01-16T11:54:45.624+0000][gc,phases   ] GC(1462)   Pre Evacuate Collection Set: 75.6ms
[2026-01-16T11:54:45.628+0000][gc,phases   ] GC(1462)   Merge Heap Roots: 18.1ms
[2026-01-16T11:54:45.628+0000][gc,phases   ] GC(1462)   Evacuate Collection Set: 310.5ms
[2026-01-16T11:54:45.629+0000][gc,phases   ] GC(1462)   Post Evacuate Collection Set: 177.3ms
[2026-01-16T11:54:45.635+0000][gc,phases   ] GC(1462)   Other: 26.9ms
[2026-01-16T11:54:45.640+0000][gc,heap     ] GC(1462) Eden regions: 612->0(49)
[2026-01-16T11:54:45.641+0000][gc,heap     ] GC(1462) Survivor regions: 2->2(77)
[2026-01-16T11:54:45.641+0000][gc,heap     ] GC(1462) Old regions: 177->177
[2026-01-16T11:54:45.642+0000][gc,heap     ] GC(1462) Humongous regions: 56->56
[2026-01-16T11:54:45.643+0000][gc,metaspace] GC(1462) Metaspace: 13215K(13696K)->13215K(13696K) NonClass: 12108K(12288K)->12108K(12288K) Class: 1107K(1408K)->1107K(1408K)
[2026-01-16T11:54:45.646+0000][gc          ] GC(1462) Pause Young (Normal) (G1 Evacuation Pause) 846M->234M(1024M) 653.241ms
[2026-01-16T11:54:45.651+0000][gc,cpu      ] GC(1462) User=0.64s Sys=0.06s Real=0.66s
[2026-01-16T11:54:51.056+0000][gc,start    ] GC(1463) Pause Young (Normal) (G1 Evacuation Pause)
[2026-01-16T11:54:51.060+0000][gc,task     ] GC(1463) Using 8 workers of 8 for evacuation
[2026-01-16T11:54:51.164+0000][gc,phases   ] GC(1463)   Pre Evacuate Collection Set: 10.4ms
[2026-01-16T11:54:51.164+0000][gc,phases   ] GC(1463)   Merge Heap Roots: 2.3ms
[2026-01-16T11:54:51.164+0000][gc,phases   ] GC(1463)   Evacuate Collection Set: 78.1ms
[2026-01-16T11:54:51.165+0000][gc,phases   ] GC(1463)   Post Evacuate Collection Set: 11.5ms
[2026-01-16T11:54:51.165+0000][gc,phases   ] GC(1463)   Other: 2.9ms
[2026-01-16T11:54:51.165+0000][gc,heap     ] GC(1463) Eden regions: 49->0(49)
[2026-01-16T11:54:51.165+0000][gc,heap     ] GC(1463) Survivor regions: 2->2(7)
[2026-01-16T11:54:51.165+0000][gc,heap     ] GC(1463) Old regions: 177->177
[2026-01-16T11:54:51.166+0000][gc,heap     ] GC(1463) Humongous regions: 56->56
[2026-01-16T11:54:51.166+0000][gc,metaspace] GC(1463) Metaspace: 13215K(13696K)->13215K(13696K) NonClass: 12108K(12288K)->12108K(12288K) Class: 1107K(1408K)->1107K(1408K)
[2026-01-16T11:54:51.166+0000][gc          ] GC(1463) Pause Young (Normal) (G1 Evacuation Pause) 283M->233M(1024M) 110.272ms
[2026-01-16T11:54:51.166+0000][gc,cpu      ] GC(1463) User=0.12s Sys=0.00s Real=0.11s
[2026-01-16T11:54:52.008+0000][gc,start    ] GC(1464) Pause Young (Normal) (G1 Evacuation Pause)
[2026-01-16T11:54:52.010+0000][gc,task     ] GC(1464) Using 8 workers of 8 for evacuation
[2026-01-16T11:54:52.028+0000][gc,phases   ] GC(1464)   Pre Evacuate Collection Set: 0.4ms
[2026-01-16T11:54:52.029+0000][gc,phases   ] GC(1464)   Merge Heap Roots: 1.0ms
[2026-01-16T11:54:52.030+0000][gc,phases   ] GC(1464)   Evacuate Collection Set: 11.1ms
[2026-01-16T11:54:52.030+0000][gc,phases   ] GC(1464)   Post Evacuate Collection Set: 3.7ms
[2026-01-16T11:54:52.030+0000][gc,phases   ] GC(1464)   Other: 2.6ms
[2026-01-16T11:54:52.030+0000][gc,heap     ] GC(1464) Eden regions: 49->0(49)
[2026-01-16T11:54:52.030+0000][gc,heap     ] GC(1464) Survivor regions: 2->2(7)
[2026-01-16T11:54:52.030+0000][gc,heap     ] GC(1464) Old regions: 177->177
[2026-01-16T11:54:52.030+0000][gc,heap     ] GC(1464) Humongous regions: 56->56
[2026-01-16T11:54:52.030+0000][gc,metaspace] GC(1464) Metaspace: 13215K(13696K)->13215K(13696K) NonClass: 12108K(12288K)->12108K(12288K) Class: 1107K(1408K)->1107K(1408K)
[2026-01-16T11:54:52.030+0000][gc          ] GC(1464) Pause Young (Normal) (G1 Evacuation Pause) 282M->233M(1024M) 21.751ms
[2026-01-16T11:54:52.030+0000][gc,cpu      ] GC(1464) User=0.02s Sys=0.00s Real=0.02s
[2026-01-16T11:54:59.684+0000][gc,start    ] GC(1465) Pause Young (Normal) (G1 Evacuation Pause)
[2026-01-16T11:54:59.697+0000][gc,task     ] GC(1465) Using 8 workers of 8 for evacuation
[2026-01-16T11:54:59.892+0000][gc,phases   ] GC(1465)   Pre Evacuate Collection Set: 23.6ms
[2026-01-16T11:54:59.895+0000][gc,phases   ] GC(1465)   Merge Heap Roots: 0.8ms
[2026-01-16T11:54:59.895+0000][gc,phases   ] GC(1465)   Evacuate Collection Set: 156.9ms
[2026-01-16T11:54:59.895+0000][gc,phases   ] GC(1465)   Post Evacuate Collection Set: 13.1ms
[2026-01-16T11:54:59.896+0000][gc,phases   ] GC(1465)   Other: 4.1ms
[2026-01-16T11:54:59.896+0000][gc,heap     ] GC(1465) Eden regions: 49->0(142)
[2026-01-16T11:54:59.897+0000][gc,heap     ] GC(1465) Survivor regions: 2->1(7)
[2026-01-16T11:54:59.900+0000][gc,heap     ] GC(1465) Old regions: 177->177
[2026-01-16T11:54:59.902+0000][gc,heap     ] GC(1465) Humongous regions: 56->56
[2026-01-16T11:54:59.902+0000][gc,metaspace] GC(1465) Metaspace: 13215K(13696K)->13215K(13696K) NonClass: 12108K(12288K)->12108K(12288K) Class: 1107K(1408K)->1107K(1408K)
[2026-01-16T11:54:59.905+0000][gc          ] GC(1465) Pause Young (Normal) (G1 Evacuation Pause) 282M->233M(1024M) 221.179ms
[2026-01-16T11:54:59.906+0000][gc,cpu      ] GC(1465) User=0.13s Sys=0.03s Real=0.22s
[2026-01-16T11:55:11.178+0000][gc,start    ] GC(1466) Pause Young (Normal) (G1 Evacuation Pause)
[2026-01-16T11:55:11.178+0000][gc,task     ] GC(1466) Using 8 workers of 8 for evacuation
[2026-01-16T11:55:11.338+0000][gc,phases   ] GC(1466)   Pre Evacuate Collection Set: 32.9ms
[2026-01-16T11:55:11.340+0000][gc,phases   ] GC(1466)   Merge Heap Roots: 13.4ms
[2026-01-16T11:55:11.340+0000][gc,phases   ] GC(1466)   Evacuate Collection Set: 69.2ms
[2026-01-16T11:55:11.341+0000][gc,phases   ] GC(1466)   Post Evacuate Collection Set: 40.4ms
[2026-01-16T11:55:11.341+0000][gc,phases   ] GC(1466)   Other: 3.5ms
[2026-01-16T11:55:11.341+0000][gc,heap     ] GC(1466) Eden regions: 123->0(224)
[2026-01-16T11:55:11.342+0000][gc,heap     ] GC(1466) Survivor regions: 1->1(16)
[2026-01-16T11:55:11.342+0000][gc,heap     ] GC(1466) Old regions: 177->177
[2026-01-16T11:55:11.342+0000][gc,heap     ] GC(1466) Humongous regions: 56->56
[2026-01-16T11:55:11.342+0000][gc,metaspace] GC(1466) Metaspace: 13215K(13696K)->13215K(13696K) NonClass: 12108K(12288K)->12108K(12288K) Class: 1107K(1408K)->1107K(1408K)
[2026-01-16T11:55:11.345+0000][gc          ] GC(1466) Pause Young (Normal) (G1 Evacuation Pause) 356M->233M(1024M) 167.352ms
[2026-01-16T11:55:11.346+0000][gc,cpu      ] GC(1466) User=0.18s Sys=0.02s Real=0.17s
[2026-01-16T11:55:27.826+0000][gc,start    ] GC(1467) Pause Young (Normal) (G1 Evacuation Pause)
[2026-01-16T11:55:27.827+0000][gc,task     ] GC(1467) Using 8 workers of 8 for evacuation
[2026-01-16T11:55:28.684+0000][gc,mmu      ] GC(1467) MMU target violated: 201.0ms (200.0ms/201.0ms)
[2026-01-16T11:55:28.684+0000][gc,phases   ] GC(1467)   Pre Evacuate Collection Set: 185.2ms
[2026-01-16T11:55:28.685+0000][gc,phases   ] GC(1467)   Merge Heap Roots: 13.7ms
[2026-01-16T11:55:28.685+0000][gc,phases   ] GC(1467)   Evacuate Collection Set: 628.0ms
[2026-01-16T11:55:28.685+0000][gc,phases   ] GC(1467)   Post Evacuate Collection Set: 25.8ms
[2026-01-16T11:55:28.685+0000][gc,phases   ] GC(1467)   Other: 4.8ms
[2026-01-16T11:55:28.685+0000][gc,heap     ] GC(1467) Eden regions: 195->0(49)
[2026-01-16T11:55:28.686+0000][gc,heap     ] GC(1467) Survivor regions: 1->2(25)
[2026-01-16T11:55:28.686+0000][gc,heap     ] GC(1467) Old regions: 177->177
[2026-01-16T11:55:28.686+0000][gc,heap     ] GC(1467) Humongous regions: 56->56
[2026-01-16T11:55:28.686+0000][gc,metaspace] GC(1467) Metaspace: 13215K(13696K)->13215K(13696K) NonClass: 12108K(12288K)->12108K(12288K) Class: 1107K(1408K)->1107K(1408K)
[2026-01-16T11:55:28.692+0000][gc          ] GC(1467) Pause Young (Normal) (G1 Evacuation Pause) 428M->234M(1024M) 866.477ms
[2026-01-16T11:55:28.693+0000][gc,cpu      ] GC(1467) User=0.48s Sys=0.05s Real=0.87s
[2026-01-16T11:55:33.762+0000][gc,start    ] GC(1468) Pause Young (Normal) (G1 Evacuation Pause)
[2026-01-16T11:55:33.784+0000][gc,task     ] GC(1468) Using 8 workers of 8 for evacuation
[2026-01-16T11:55:33.975+0000][gc,phases   ] GC(1468)   Pre Evacuate Collection Set: 28.0ms
[2026-01-16T11:55:33.977+0000][gc,phases   ] GC(1468)   Merge Heap Roots: 5.6ms
[2026-01-16T11:55:33.979+0000][gc,phases   ] GC(1468)   Evacuate Collection Set: 91.2ms
[2026-01-16T11:55:33.979+0000][gc,phases   ] GC(1468)   Post Evacuate Collection Set: 60.9ms
[2026-01-16T11:55:33.980+0000][gc,phases   ] GC(1468)   Other: 19.7ms
[2026-01-16T11:55:33.980+0000][gc,heap     ] GC(1468) Eden regions: 49->0(50)
[2026-01-16T11:55:33.980+0000][gc,heap     ] GC(1468) Survivor regions: 2->1(7)
[2026-01-16T11:55:33.981+0000][gc,heap     ] GC(1468) Old regions: 177->177
[2026-01-16T11:55:33.982+0000][gc,heap     ] GC(1468) Humongous regions: 56->56
[2026-01-16T11:55:33.983+0000][gc,metaspace] GC(1468) Metaspace: 13215K(13696K)->13215K(13696K) NonClass: 12108K(12288K)->12108K(12288K) Class: 1107K(1408K)->1107K(1408K)
[2026-01-16T11:55:33.984+0000][gc          ] GC(1468) Pause Young (Normal) (G1 Evacuation Pause) 283M->233M(1024M) 222.365ms
[2026-01-16T11:55:33.984+0000][gc,cpu      ] GC(1468) User=0.20s Sys=0.02s Real=0.22s
[2026-01-16T11:55:35.463+0000][gc,start    ] GC(1469) Pause Young (Normal) (G1 Evacuation Pause)
[2026-01-16T11:55:35.473+0000][gc,task     ] GC(1469) Using 8 workers of 8 for evacuation
[2026-01-16T11:55:35.603+0000][gc,phases   ] GC(1469)   Pre Evacuate Collection Set: 2.2ms
[2026-01-16T11:55:35.604+0000][gc,phases   ] GC(1469)   Merge Heap Roots: 0.4ms
[2026-01-16T11:55:35.605+0000][gc,phases   ] GC(1469)   Evacuate Collection Set: 121.4ms
[2026-01-16T11:55:35.605+0000][gc,phases   ] GC(1469)   Post Evacuate Collection Set: 5.4ms
[2026-01-16T11:55:35.605+0000][gc,phases   ] GC(1469)   Other: 1.2ms
[2026-01-16T11:55:35.605+0000][gc,heap     ] GC(1469) Eden regions: 50->0(49)
[2026-01-16T11:55:35.606+0000][gc,heap     ] GC(1469) Survivor regions: 1->2(7)
[2026-01-16T11:55:35.606+0000][gc,heap     ] GC(1469) Old regions: 177->177
[2026-01-16T11:55:35.606+0000][gc,heap     ] GC(1469) Humongous regions: 56->56
[2026-01-16T11:55:35.606+0000][gc,metaspace] GC(1469) Metaspace: 13215K(13696K)->13215K(13696K) NonClass: 12108K(12288K)->12108K(12288K) Class: 1107K(1408K)->1107K(1408K)
[2026-01-16T11:55:35.607+0000][gc          ] GC(1469) Pause Young (Normal) (G1 Evacuation Pause) 283M->234M(1024M) 143.652ms
[2026-01-16T11:55:35.607+0000][gc,cpu      ] GC(1469) User=0.08s Sys=0.01s Real=0.15s
[2026-01-16T11:55:40.432+0000][gc,start    ] GC(1470) Pause Young (Normal) (G1 Evacuation Pause)
[2026-01-16T11:55:40.433+0000][gc,task     ] GC(1470) Using 8 workers of 8 for evacuation
[2026-01-16T11:55:40.550+0000][gc,phases   ] GC(1470)   Pre Evacuate Collection Set: 21.5ms
[2026-01-16T11:55:40.552+0000][gc,phases   ] GC(1470)   Merge Heap Roots: 8.4ms
[2026-01-16T11:55:40.553+0000][gc,phases   ] GC(1470)   Evacuate Collection Set: 79.5ms
[2026-01-16T11:55:40.553+0000][gc,phases   ] GC(1470)   Post Evacuate Collection Set: 6.3ms
[2026-01-16T11:55:40.553+0000][gc,phases   ] GC(1470)   Other: 1.4ms
[2026-01-16T11:55:40.554+0000][gc,heap     ] GC(1470) Eden regions: 49->0(50)
[2026-01-16T11:55:40.554+0000][gc,heap     ] GC(1470) Survivor regions: 2->1(7)
[2026-01-16T11:55:40.554+0000][gc,heap     ] GC(1470) Old regions: 177->177
[2026-01-16T11:55:40.555+0000][gc,heap     ] GC(1470) Humongous regions: 56->56
[2026-01-16T11:55:40.555+0000][gc,metaspace] GC(1470) Metaspace: 13215K(13696K)->13215K(13696K) NonClass: 12108K(12288K)->12108K(12288K) Class: 1107K(1408K)->1107K(1408K)
[2026-01-16T11:55:40.555+0000][gc          ] GC(1470) Pause Young (Normal) (G1 Evacuation Pause) 283M->233M(1024M) 124.833ms
[2026-01-16T11:55:40.557+0000][gc,cpu      ] GC(1470) User=0.09s Sys=0.01s Real=0.13s
[2026-01-16T11:55:42.349+0000][gc,start    ] GC(1471) Pause Young (Normal) (G1 Evacuation Pause)
[2026-01-16T11:55:42.352+0000][gc,task     ] GC(1471) Using 8 workers of 8 for evacuation
[2026-01-16T11:55:42.452+0000][gc,phases   ] GC(1471)   Pre Evacuate Collection Set: 8.3ms
[2026-01-16T11:55:42.454+0000][gc,phases   ] GC(1471)   Merge Heap Roots: 3.8ms
[2026-01-16T11:55:42.454+0000][gc,phases   ] GC(1471)   Evacuate Collection Set: 66.8ms
[2026-01-16T11:55:42.454+0000][gc,phases   ] GC(1471)   Post Evacuate Collection Set: 17.2ms
[2026-01-16T11:55:42.455+0000][gc,phases   ] GC(1471)   Other: 4.3ms
[2026-01-16T11:55:42.455+0000][gc,heap     ] GC(1471) Eden regions: 50->0(49)
[2026-01-16T11:55:42.455+0000][gc,heap     ] GC(1471) Survivor regions: 1->2(7)
[2026-01-16T11:55:42.456+0000][gc,heap     ] GC(1471) Old regions: 177->177
[2026-01-16T11:55:42.456+0000][gc,heap     ] GC(1471) Humongous regions: 56->56
[2026-01-16T11:55:42.456+0000][gc,metaspace] GC(1471) Metaspace: 13215K(13696K)->13215K(13696K) NonClass: 12108K(12288K)->12108K(12288K) Class: 1107K(1408K)->1107K(1408K)
[2026-01-16T11:55:42.459+0000][gc          ] GC(1471) Pause Young (Normal) (G1 Evacuation Pause) 283M->233M(1024M) 109.312ms
[2026-01-16T11:55:42.460+0000][gc,cpu      ] GC(1471) User=0.10s Sys=0.01s Real=0.11s
[2026-01-16T11:55:49.978+0000][gc,start    ] GC(1472) Pause Young (Normal) (G1 Evacuation Pause)
[2026-01-16T11:55:49.980+0000][gc,task     ] GC(1472) Using 8 workers of 8 for evacuation
[2026-01-16T11:55:50.347+0000][gc,mmu      ] GC(1472) MMU target violated: 201.0ms (200.0ms/201.0ms)
[2026-01-16T11:55:50.348+0000][gc,phases   ] GC(1472)   Pre Evacuate Collection Set: 115.9ms
[2026-01-16T11:55:50.352+0000][gc,phases   ] GC(1472)   Merge Heap Roots: 11.7ms
[2026-01-16T11:55:50.352+0000][gc,phases   ] GC(1472)   Evacuate Collection Set: 223.0ms
[2026-01-16T11:55:50.353+0000][gc,phases   ] GC(1472)   Post Evacuate Collection Set: 15.1ms
[2026-01-16T11:55:50.355+0000][gc,phases   ] GC(1472)   Other: 4.4ms
[2026-01-16T11:55:50.356+0000][gc,heap     ] GC(1472) Eden regions: 51->0(50)
[2026-01-16T11:55:50.357+0000][gc,heap     ] GC(1472) Survivor regions: 2->1(7)
[2026-01-16T11:55:50.360+0000][gc,heap     ] GC(1472) Old regions: 177->177
[2026-01-16T11:55:50.363+0000][gc,heap     ] GC(1472) Humongous regions: 56->56
[2026-01-16T11:55:50.363+0000][gc,metaspace] GC(1472) Metaspace: 13215K(13696K)->13215K(13696K) NonClass: 12108K(12288K)->12108K(12288K) Class: 1107K(1408K)->1107K(1408K)
[2026-01-16T11:55:50.364+0000][gc          ] GC(1472) Pause Young (Normal) (G1 Evacuation Pause) 284M->233M(1024M) 386.996ms
[2026-01-16T11:55:50.365+0000][gc,cpu      ] GC(1472) User=0.13s Sys=0.01s Real=0.39s
[2026-01-16T11:55:51.813+0000][gc,start    ] GC(1473) Pause Young (Normal) (G1 Evacuation Pause)
[2026-01-16T11:55:51.815+0000][gc,task     ] GC(1473) Using 8 workers of 8 for evacuation
[2026-01-16T11:55:51.874+0000][gc,phases   ] GC(1473)   Pre Evacuate Collection Set: 23.7ms
[2026-01-16T11:55:51.876+0000][gc,phases   ] GC(1473)   Merge Heap Roots: 0.6ms
[2026-01-16T11:55:51.878+0000][gc,phases   ] GC(1473)   Evacuate Collection Set: 24.9ms
[2026-01-16T11:55:51.879+0000][gc,phases   ] GC(1473)   Post Evacuate Collection Set: 5.5ms
[2026-01-16T11:55:51.880+0000][gc,phases   ] GC(1473)   Other: 4.9ms
[2026-01-16T11:55:51.880+0000][gc,heap     ] GC(1473) Eden regions: 50->0(49)
[2026-01-16T11:55:51.880+0000][gc,heap     ] GC(1473) Survivor regions: 1->2(7)
[2026-01-16T11:55:51.881+0000][gc,heap     ] GC(1473) Old regions: 177->177
[2026-01-16T11:55:51.881+0000][gc,heap     ] GC(1473) Humongous regions: 56->56
[2026-01-16T11:55:51.882+0000][gc,metaspace] GC(1473) Metaspace: 13215K(13696K)->13215K(13696K) NonClass: 12108K(12288K)->12108K(12288K) Class: 1107K(1408K)->1107K(1408K)
[2026-01-16T11:55:51.882+0000][gc          ] GC(1473) Pause Young (Normal) (G1 Evacuation Pause) 283M->233M(1024M) 68.565ms
[2026-01-16T11:55:51.882+0000][gc,cpu      ] GC(1473) User=0.07s Sys=0.01s Real=0.07s
[2026-01-16T11:55:52.344+0000][gc,start    ] GC(1474) Pause Young (Normal) (G1 Evacuation Pause)
[2026-01-16T11:55:52.355+0000][gc,task     ] GC(1474) Using 8 workers of 8 for evacuation
[2026-01-16T11:55:52.416+0000][gc,phases   ] GC(1474)   Pre Evacuate Collection Set: 1.5ms
[2026-01-16T11:55:52.420+0000][gc,phases   ] GC(1474)   Merge Heap Roots: 1.1ms
[2026-01-16T11:55:52.424+0000][gc,phases   ] GC(1474)   Evacuate Collection Set: 40.6ms
[2026-01-16T11:55:52.427+0000][gc,phases   ] GC(1474)   Post Evacuate Collection Set: 2.5ms
[2026-01-16T11:55:52.429+0000][gc,phases   ] GC(1474)   Other: 15.1ms
[2026-01-16T11:55:52.433+0000][gc,heap     ] GC(1474) Eden regions: 49->0(52)
[2026-01-16T11:55:52.435+0000][gc,heap     ] GC(1474) Survivor regions: 2->2(7)
[2026-01-16T11:55:52.435+0000][gc,heap     ] GC(1474) Old regions: 177->177
[2026-01-16T11:55:52.435+0000][gc,heap     ] GC(1474) Humongous regions: 56->56
[2026-01-16T11:55:52.435+0000][gc,metaspace] GC(1474) Metaspace: 13215K(13696K)->13215K(13696K) NonClass: 12108K(12288K)->12108K(12288K) Class: 1107K(1408K)->1107K(1408K)
[2026-01-16T11:55:52.443+0000][gc          ] GC(1474) Pause Young (Normal) (G1 Evacuation Pause) 282M->234M(1024M) 99.496ms
[2026-01-16T11:55:52.446+0000][gc,cpu      ] GC(1474) User=0.07s Sys=0.02s Real=0.10s
[2026-01-16T11:56:01.849+0000][gc,start    ] GC(1475) Pause Young (Normal) (G1 Evacuation Pause)
[2026-01-16T11:56:01.861+0000][gc,task     ] GC(1475) Using 8 workers of 8 for evacuation
[2026-01-16T11:56:02.106+0000][gc,mmu      ] GC(1475) MMU target violated: 201.0ms (200.0ms/201.0ms)
[2026-01-16T11:56:02.108+0000][gc,phases   ] GC(1475)   Pre Evacuate Collection Set: 41.3ms
[2026-01-16T11:56:02.108+0000][gc,phases   ] GC(1475)   Merge Heap Roots: 7.2ms
[2026-01-16T11:56:02.109+0000][gc,phases   ] GC(1475)   Evacuate Collection Set: 170.0ms
[2026-01-16T11:56:02.109+0000][gc,phases   ] GC(1475)   Post Evacuate Collection Set: 17.0ms
[2026-01-16T11:56:02.110+0000][gc,phases   ] GC(1475)   Other: 22.5ms
[2026-01-16T11:56:02.112+0000][gc,heap     ] GC(1475) Eden regions: 67->0(64)
[2026-01-16T11:56:02.112+0000][gc,heap     ] GC(1475) Survivor regions: 2->2(9)
[2026-01-16T11:56:02.112+0000][gc,heap     ] GC(1475) Old regions: 177->177
[2026-01-16T11:56:02.113+0000][gc,heap     ] GC(1475) Humongous regions: 56->56
[2026-01-16T11:56:02.113+0000][gc,metaspace] GC(1475) Metaspace: 13215K(13696K)->13215K(13696K) NonClass: 12108K(12288K)->12108K(12288K) Class: 1107K(1408K)->1107K(1408K)
[2026-01-16T11:56:02.115+0000][gc          ] GC(1475) Pause Young (Normal) (G1 Evacuation Pause) 301M->233M(1024M) 266.303ms
[2026-01-16T11:56:02.117+0000][gc,cpu      ] GC(1475) User=0.18s Sys=0.01s Real=0.27s
[2026-01-16T11:56:10.363+0000][gc,start    ] GC(1476) Pause Young (Normal) (G1 Evacuation Pause)
[2026-01-16T11:56:10.368+0000][gc,task     ] GC(1476) Using 8 workers of 8 for evacuation
[2026-01-16T11:56:10.582+0000][gc,mmu      ] GC(1476) MMU target violated: 201.0ms (200.0ms/201.0ms)
[2026-01-16T11:56:10.588+0000][gc,phases   ] GC(1476)   Pre Evacuate Collection Set: 45.0ms
[2026-01-16T11:56:10.591+0000][gc,phases   ] GC(1476)   Merge Heap Roots: 0.9ms
[2026-01-16T11:56:10.592+0000][gc,phases   ] GC(1476)   Evacuate Collection Set: 133.4ms
[2026-01-16T11:56:10.593+0000][gc,phases   ] GC(1476)   Post Evacuate Collection Set: 29.7ms
[2026-01-16T11:56:10.597+0000][gc,phases   ] GC(1476)   Other: 11.4ms
[2026-01-16T11:56:10.599+0000][gc,heap     ] GC(1476) Eden regions: 78->0(168)
[2026-01-16T11:56:10.599+0000][gc,heap     ] GC(1476) Survivor regions: 2->1(10)
[2026-01-16T11:56:10.599+0000][gc,heap     ] GC(1476) Old regions: 177->177
[2026-01-16T11:56:10.600+0000][gc,heap     ] GC(1476) Humongous regions: 56->56
[2026-01-16T11:56:10.600+0000][gc,metaspace] GC(1476) Metaspace: 13216K(13696K)->13216K(13696K) NonClass: 12108K(12288K)->12108K(12288K) Class: 1107K(1408K)->1107K(1408K)
[2026-01-16T11:56:10.600+0000][gc          ] GC(1476) Pause Young (Normal) (G1 Evacuation Pause) 311M->233M(1024M) 236.557ms
[2026-01-16T11:56:10.600+0000][gc,cpu      ] GC(1476) User=0.10s Sys=0.01s Real=0.23s
[2026-01-16T11:56:21.498+0000][gc,start    ] GC(1477) Pause Young (Normal) (G1 Evacuation Pause)
[2026-01-16T11:56:21.498+0000][gc,task     ] GC(1477) Using 8 workers of 8 for evacuation
[2026-01-16T11:56:21.542+0000][gc,phases   ] GC(1477)   Pre Evacuate Collection Set: 7.7ms
[2026-01-16T11:56:21.542+0000][gc,phases   ] GC(1477)   Merge Heap Roots: 4.6ms
[2026-01-16T11:56:21.542+0000][gc,phases   ] GC(1477)   Evacuate Collection Set: 28.8ms
[2026-01-16T11:56:21.542+0000][gc,phases   ] GC(1477)   Post Evacuate Collection Set: 1.7ms
[2026-01-16T11:56:21.543+0000][gc,phases   ] GC(1477)   Other: 0.8ms
[2026-01-16T11:56:21.543+0000][gc,heap     ] GC(1477) Eden regions: 162->0(240)
[2026-01-16T11:56:21.544+0000][gc,heap     ] GC(1477) Survivor regions: 1->2(21)
[2026-01-16T11:56:21.544+0000][gc,heap     ] GC(1477) Old regions: 177->177
[2026-01-16T11:56:21.544+0000][gc,heap     ] GC(1477) Humongous regions: 56->56
[2026-01-16T11:56:21.544+0000][gc,metaspace] GC(1477) Metaspace: 13216K(13696K)->13216K(13696K) NonClass: 12108K(12288K)->12108K(12288K) Class: 1107K(1408K)->1107K(1408K)
[2026-01-16T11:56:21.545+0000][gc          ] GC(1477) Pause Young (Normal) (G1 Evacuation Pause) 395M->233M(1024M) 47.412ms
[2026-01-16T11:56:21.545+0000][gc,cpu      ] GC(1477) User=0.14s Sys=0.01s Real=0.05s
[2026-01-16T11:56:49.255+0000][gc,start    ] GC(1478) Pause Young (Normal) (G1 Evacuation Pause)
[2026-01-16T11:56:49.260+0000][gc,task     ] GC(1478) Using 8 workers of 8 for evacuation
[2026-01-16T11:56:49.482+0000][gc,mmu      ] GC(1478) MMU target violated: 201.0ms (200.0ms/201.0ms)
[2026-01-16T11:56:49.482+0000][gc,phases   ] GC(1478)   Pre Evacuate Collection Set: 36.5ms
[2026-01-16T11:56:49.483+0000][gc,phases   ] GC(1478)   Merge Heap Roots: 9.8ms
[2026-01-16T11:56:49.483+0000][gc,phases   ] GC(1478)   Evacuate Collection Set: 157.9ms
[2026-01-16T11:56:49.483+0000][gc,phases   ] GC(1478)   Post Evacuate Collection Set: 17.0ms
[2026-01-16T11:56:49.489+0000][gc,phases   ] GC(1478)   Other: 4.1ms
[2026-01-16T11:56:49.499+0000][gc,heap     ] GC(1478) Eden regions: 281->0(340)
