[2025-12-24T14:06:57.276+0000][gc,init] CardTable entry size: 512
[2025-12-24T14:06:57.277+0000][gc     ] Using G1
[2025-12-24T14:06:57.301+0000][gc,init] Version: 21.0.4+7-LTS (release)
[2025-12-24T14:06:57.301+0000][gc,init] CPUs: 8 total, 8 available
[2025-12-24T14:06:57.302+0000][gc,init] Memory: 13709M
[2025-12-24T14:06:57.302+0000][gc,init] Large Page Support: Disabled
[2025-12-24T14:06:57.302+0000][gc,init] NUMA Support: Disabled
[2025-12-24T14:06:57.302+0000][gc,init] Compressed Oops: Enabled (32-bit)
[2025-12-24T14:06:57.303+0000][gc,init] Heap Region Size: 1M
[2025-12-24T14:06:57.303+0000][gc,init] Heap Min Capacity: 1G
[2025-12-24T14:06:57.303+0000][gc,init] Heap Initial Capacity: 1G
[2025-12-24T14:06:57.303+0000][gc,init] Heap Max Capacity: 1G
[2025-12-24T14:06:57.303+0000][gc,init] Pre-touch: Disabled
[2025-12-24T14:06:57.303+0000][gc,init] Parallel Workers: 8
[2025-12-24T14:06:57.304+0000][gc,init] Concurrent Workers: 2
[2025-12-24T14:06:57.304+0000][gc,init] Concurrent Refinement Workers: 8
[2025-12-24T14:06:57.304+0000][gc,init] Periodic GC: Disabled
[2025-12-24T14:06:57.390+0000][gc,metaspace] CDS archive(s) mapped at: [0x0000002800000000-0x0000002800bd0000-0x00000028036b0000), size 57344000, SharedBaseAddress: 0x0000002800000000, ArchiveRelocationMode: 1.
[2025-12-24T14:06:57.390+0000][gc,metaspace] Compressed class space mapped at: 0x0000002804000000-0x0000002844000000, reserved size: 1073741824
[2025-12-24T14:06:57.390+0000][gc,metaspace] Narrow klass base: 0x0000002800000000, Narrow klass shift: 0, Narrow klass range: 0x100000000
[2025-12-24T14:07:03.880+0000][gc,start    ] GC(0) Pause Young (Normal) (G1 Evacuation Pause)
[2025-12-24T14:07:03.889+0000][gc,task     ] GC(0) Using 8 workers of 8 for evacuation
[2025-12-24T14:07:04.025+0000][gc,phases   ] GC(0)   Pre Evacuate Collection Set: 5.8ms
[2025-12-24T14:07:04.028+0000][gc,phases   ] GC(0)   Merge Heap Roots: 0.2ms
[2025-12-24T14:07:04.029+0000][gc,phases   ] GC(0)   Evacuate Collection Set: 123.5ms
[2025-12-24T14:07:04.031+0000][gc,phases   ] GC(0)   Post Evacuate Collection Set: 6.0ms
[2025-12-24T14:07:04.032+0000][gc,phases   ] GC(0)   Other: 8.1ms
[2025-12-24T14:07:04.032+0000][gc,heap     ] GC(0) Eden regions: 51->0(44)
[2025-12-24T14:07:04.032+0000][gc,heap     ] GC(0) Survivor regions: 0->7(7)
[2025-12-24T14:07:04.032+0000][gc,heap     ] GC(0) Old regions: 1->6
[2025-12-24T14:07:04.035+0000][gc,heap     ] GC(0) Humongous regions: 0->0
[2025-12-24T14:07:04.036+0000][gc,metaspace] GC(0) Metaspace: 5400K(5568K)->5400K(5568K) NonClass: 4771K(4864K)->4771K(4864K) Class: 628K(704K)->628K(704K)
[2025-12-24T14:07:04.036+0000][gc          ] GC(0) Pause Young (Normal) (G1 Evacuation Pause) 51M->12M(1024M) 155.965ms
[2025-12-24T14:07:04.043+0000][gc,cpu      ] GC(0) User=0.08s Sys=0.07s Real=0.16s
[2025-12-24T14:07:08.707+0000][gc,start    ] GC(1) Pause Young (Normal) (G1 Evacuation Pause)
[2025-12-24T14:07:08.708+0000][gc,task     ] GC(1) Using 8 workers of 8 for evacuation
[2025-12-24T14:07:08.733+0000][gc,phases   ] GC(1)   Pre Evacuate Collection Set: 4.1ms
[2025-12-24T14:07:08.734+0000][gc,phases   ] GC(1)   Merge Heap Roots: 0.4ms
[2025-12-24T14:07:08.734+0000][gc,phases   ] GC(1)   Evacuate Collection Set: 20.1ms
[2025-12-24T14:07:08.734+0000][gc,phases   ] GC(1)   Post Evacuate Collection Set: 1.0ms
[2025-12-24T14:07:08.734+0000][gc,phases   ] GC(1)   Other: 0.2ms
[2025-12-24T14:07:08.734+0000][gc,heap     ] GC(1) Eden regions: 44->0(48)
[2025-12-24T14:07:08.734+0000][gc,heap     ] GC(1) Survivor regions: 7->3(7)
[2025-12-24T14:07:08.734+0000][gc,heap     ] GC(1) Old regions: 6->14
[2025-12-24T14:07:08.734+0000][gc,heap     ] GC(1) Humongous regions: 11->11
[2025-12-24T14:07:08.734+0000][gc,metaspace] GC(1) Metaspace: 6975K(7232K)->6975K(7232K) NonClass: 6205K(6336K)->6205K(6336K) Class: 769K(896K)->769K(896K)
[2025-12-24T14:07:08.734+0000][gc          ] GC(1) Pause Young (Normal) (G1 Evacuation Pause) 67M->27M(1024M) 26.825ms
[2025-12-24T14:07:08.734+0000][gc,cpu      ] GC(1) User=0.09s Sys=0.05s Real=0.03s
[2025-12-24T14:07:09.100+0000][gc,start    ] GC(2) Pause Young (Normal) (G1 Evacuation Pause)
[2025-12-24T14:07:09.103+0000][gc,task     ] GC(2) Using 8 workers of 8 for evacuation
[2025-12-24T14:07:09.110+0000][gc,phases   ] GC(2)   Pre Evacuate Collection Set: 0.3ms
[2025-12-24T14:07:09.111+0000][gc,phases   ] GC(2)   Merge Heap Roots: 0.7ms
[2025-12-24T14:07:09.111+0000][gc,phases   ] GC(2)   Evacuate Collection Set: 5.4ms
[2025-12-24T14:07:09.111+0000][gc,phases   ] GC(2)   Post Evacuate Collection Set: 0.5ms
[2025-12-24T14:07:09.111+0000][gc,phases   ] GC(2)   Other: 0.3ms
[2025-12-24T14:07:09.111+0000][gc,heap     ] GC(2) Eden regions: 48->0(114)
[2025-12-24T14:07:09.111+0000][gc,heap     ] GC(2) Survivor regions: 3->3(7)
[2025-12-24T14:07:09.111+0000][gc,heap     ] GC(2) Old regions: 14->14
[2025-12-24T14:07:09.112+0000][gc,heap     ] GC(2) Humongous regions: 11->11
[2025-12-24T14:07:09.112+0000][gc,metaspace] GC(2) Metaspace: 7216K(7488K)->7216K(7488K) NonClass: 6409K(6528K)->6409K(6528K) Class: 807K(960K)->807K(960K)
[2025-12-24T14:07:09.112+0000][gc          ] GC(2) Pause Young (Normal) (G1 Evacuation Pause) 75M->27M(1024M) 11.356ms
[2025-12-24T14:07:09.112+0000][gc,cpu      ] GC(2) User=0.01s Sys=0.00s Real=0.02s
[2025-12-24T14:07:18.753+0000][gc,start    ] GC(3) Pause Young (Normal) (G1 Evacuation Pause)
[2025-12-24T14:07:18.753+0000][gc,task     ] GC(3) Using 8 workers of 8 for evacuation
[2025-12-24T14:07:18.771+0000][gc,phases   ] GC(3)   Pre Evacuate Collection Set: 0.7ms
[2025-12-24T14:07:18.772+0000][gc,phases   ] GC(3)   Merge Heap Roots: 0.1ms
[2025-12-24T14:07:18.772+0000][gc,phases   ] GC(3)   Evacuate Collection Set: 16.2ms
[2025-12-24T14:07:18.772+0000][gc,phases   ] GC(3)   Post Evacuate Collection Set: 0.8ms
[2025-12-24T14:07:18.772+0000][gc,phases   ] GC(3)   Other: 0.2ms
[2025-12-24T14:07:18.772+0000][gc,heap     ] GC(3) Eden regions: 115->0(609)
[2025-12-24T14:07:18.772+0000][gc,heap     ] GC(3) Survivor regions: 3->5(15)
[2025-12-24T14:07:18.772+0000][gc,heap     ] GC(3) Old regions: 14->14
[2025-12-24T14:07:18.772+0000][gc,heap     ] GC(3) Humongous regions: 11->11
[2025-12-24T14:07:18.772+0000][gc,metaspace] GC(3) Metaspace: 9008K(9344K)->9008K(9344K) NonClass: 8030K(8192K)->8030K(8192K) Class: 977K(1152K)->977K(1152K)
[2025-12-24T14:07:18.772+0000][gc          ] GC(3) Pause Young (Normal) (G1 Evacuation Pause) 142M->29M(1024M) 19.003ms
[2025-12-24T14:07:18.772+0000][gc,cpu      ] GC(3) User=0.05s Sys=0.02s Real=0.02s
[2025-12-24T14:08:18.538+0000][gc,start    ] GC(4) Pause Young (Normal) (G1 Evacuation Pause)
[2025-12-24T14:08:18.538+0000][gc,task     ] GC(4) Using 8 workers of 8 for evacuation
[2025-12-24T14:08:18.555+0000][gc,phases   ] GC(4)   Pre Evacuate Collection Set: 1.8ms
[2025-12-24T14:08:18.555+0000][gc,phases   ] GC(4)   Merge Heap Roots: 0.2ms
[2025-12-24T14:08:18.556+0000][gc,phases   ] GC(4)   Evacuate Collection Set: 13.7ms
[2025-12-24T14:08:18.556+0000][gc,phases   ] GC(4)   Post Evacuate Collection Set: 1.0ms
[2025-12-24T14:08:18.556+0000][gc,phases   ] GC(4)   Other: 0.3ms
[2025-12-24T14:08:18.556+0000][gc,heap     ] GC(4) Eden regions: 609->0(608)
[2025-12-24T14:08:18.556+0000][gc,heap     ] GC(4) Survivor regions: 5->6(77)
[2025-12-24T14:08:18.556+0000][gc,heap     ] GC(4) Old regions: 14->14
[2025-12-24T14:08:18.556+0000][gc,heap     ] GC(4) Humongous regions: 11->11
[2025-12-24T14:08:18.556+0000][gc,metaspace] GC(4) Metaspace: 9776K(10112K)->9776K(10112K) NonClass: 8788K(8960K)->8788K(8960K) Class: 988K(1152K)->988K(1152K)
[2025-12-24T14:08:18.556+0000][gc          ] GC(4) Pause Young (Normal) (G1 Evacuation Pause) 638M->29M(1024M) 18.015ms
[2025-12-24T14:08:18.556+0000][gc,cpu      ] GC(4) User=0.04s Sys=0.03s Real=0.02s
[2025-12-24T14:09:08.659+0000][gc,start    ] GC(5) Pause Young (Normal) (G1 Evacuation Pause)
[2025-12-24T14:09:08.661+0000][gc,task     ] GC(5) Using 8 workers of 8 for evacuation
[2025-12-24T14:09:08.679+0000][gc,phases   ] GC(5)   Pre Evacuate Collection Set: 1.0ms
[2025-12-24T14:09:08.679+0000][gc,phases   ] GC(5)   Merge Heap Roots: 0.2ms
[2025-12-24T14:09:08.679+0000][gc,phases   ] GC(5)   Evacuate Collection Set: 15.4ms
[2025-12-24T14:09:08.679+0000][gc,phases   ] GC(5)   Post Evacuate Collection Set: 1.3ms
[2025-12-24T14:09:08.679+0000][gc,phases   ] GC(5)   Other: 0.2ms
[2025-12-24T14:09:08.679+0000][gc,heap     ] GC(5) Eden regions: 608->0(607)
[2025-12-24T14:09:08.679+0000][gc,heap     ] GC(5) Survivor regions: 6->7(77)
[2025-12-24T14:09:08.679+0000][gc,heap     ] GC(5) Old regions: 14->14
[2025-12-24T14:09:08.679+0000][gc,heap     ] GC(5) Humongous regions: 11->11
[2025-12-24T14:09:08.679+0000][gc,metaspace] GC(5) Metaspace: 10121K(10432K)->10121K(10432K) NonClass: 9129K(9280K)->9129K(9280K) Class: 991K(1152K)->991K(1152K)
[2025-12-24T14:09:08.680+0000][gc          ] GC(5) Pause Young (Normal) (G1 Evacuation Pause) 637M->30M(1024M) 20.069ms
[2025-12-24T14:09:08.680+0000][gc,cpu      ] GC(5) User=0.12s Sys=0.00s Real=0.02s
[2025-12-24T14:10:07.975+0000][gc,start    ] GC(6) Pause Young (Normal) (G1 Evacuation Pause)
[2025-12-24T14:10:07.977+0000][gc,task     ] GC(6) Using 8 workers of 8 for evacuation
[2025-12-24T14:10:08.012+0000][gc,phases   ] GC(6)   Pre Evacuate Collection Set: 3.2ms
[2025-12-24T14:10:08.013+0000][gc,phases   ] GC(6)   Merge Heap Roots: 0.6ms
[2025-12-24T14:10:08.013+0000][gc,phases   ] GC(6)   Evacuate Collection Set: 28.7ms
[2025-12-24T14:10:08.013+0000][gc,phases   ] GC(6)   Post Evacuate Collection Set: 2.5ms
[2025-12-24T14:10:08.013+0000][gc,phases   ] GC(6)   Other: 0.7ms
[2025-12-24T14:10:08.013+0000][gc,heap     ] GC(6) Eden regions: 607->0(607)
[2025-12-24T14:10:08.013+0000][gc,heap     ] GC(6) Survivor regions: 7->7(77)
[2025-12-24T14:10:08.013+0000][gc,heap     ] GC(6) Old regions: 14->14
[2025-12-24T14:10:08.013+0000][gc,heap     ] GC(6) Humongous regions: 11->11
[2025-12-24T14:10:08.013+0000][gc,metaspace] GC(6) Metaspace: 10278K(10624K)->10278K(10624K) NonClass: 9279K(9472K)->9279K(9472K) Class: 999K(1152K)->999K(1152K)
[2025-12-24T14:10:08.013+0000][gc          ] GC(6) Pause Young (Normal) (G1 Evacuation Pause) 637M->30M(1024M) 38.256ms
[2025-12-24T14:10:08.013+0000][gc,cpu      ] GC(6) User=0.23s Sys=0.00s Real=0.03s
[2025-12-24T14:10:58.631+0000][gc,start    ] GC(7) Pause Young (Normal) (G1 Evacuation Pause)
[2025-12-24T14:10:58.631+0000][gc,task     ] GC(7) Using 8 workers of 8 for evacuation
[2025-12-24T14:10:58.642+0000][gc,phases   ] GC(7)   Pre Evacuate Collection Set: 1.0ms
[2025-12-24T14:10:58.642+0000][gc,phases   ] GC(7)   Merge Heap Roots: 0.2ms
[2025-12-24T14:10:58.642+0000][gc,phases   ] GC(7)   Evacuate Collection Set: 8.0ms
[2025-12-24T14:10:58.642+0000][gc,phases   ] GC(7)   Post Evacuate Collection Set: 1.4ms
[2025-12-24T14:10:58.642+0000][gc,phases   ] GC(7)   Other: 0.3ms
[2025-12-24T14:10:58.642+0000][gc,heap     ] GC(7) Eden regions: 607->0(606)
[2025-12-24T14:10:58.642+0000][gc,heap     ] GC(7) Survivor regions: 7->8(77)
[2025-12-24T14:10:58.643+0000][gc,heap     ] GC(7) Old regions: 14->14
[2025-12-24T14:10:58.643+0000][gc,heap     ] GC(7) Humongous regions: 11->11
[2025-12-24T14:10:58.643+0000][gc,metaspace] GC(7) Metaspace: 10429K(10688K)->10429K(10688K) NonClass: 9428K(9536K)->9428K(9536K) Class: 1000K(1152K)->1000K(1152K)
[2025-12-24T14:10:58.643+0000][gc          ] GC(7) Pause Young (Normal) (G1 Evacuation Pause) 637M->32M(1024M) 12.113ms
[2025-12-24T14:10:58.643+0000][gc,cpu      ] GC(7) User=0.07s Sys=0.00s Real=0.01s
[2025-12-24T14:11:48.774+0000][gc,start    ] GC(8) Pause Young (Normal) (G1 Evacuation Pause)
[2025-12-24T14:11:48.774+0000][gc,task     ] GC(8) Using 8 workers of 8 for evacuation
[2025-12-24T14:11:48.798+0000][gc,phases   ] GC(8)   Pre Evacuate Collection Set: 0.9ms
[2025-12-24T14:11:48.799+0000][gc,phases   ] GC(8)   Merge Heap Roots: 0.2ms
[2025-12-24T14:11:48.799+0000][gc,phases   ] GC(8)   Evacuate Collection Set: 20.3ms
[2025-12-24T14:11:48.799+0000][gc,phases   ] GC(8)   Post Evacuate Collection Set: 1.8ms
[2025-12-24T14:11:48.799+0000][gc,phases   ] GC(8)   Other: 0.2ms
[2025-12-24T14:11:48.799+0000][gc,heap     ] GC(8) Eden regions: 606->0(604)
[2025-12-24T14:11:48.799+0000][gc,heap     ] GC(8) Survivor regions: 8->10(77)
[2025-12-24T14:11:48.799+0000][gc,heap     ] GC(8) Old regions: 14->14
[2025-12-24T14:11:48.799+0000][gc,heap     ] GC(8) Humongous regions: 11->11
[2025-12-24T14:11:48.799+0000][gc,metaspace] GC(8) Metaspace: 10593K(10880K)->10593K(10880K) NonClass: 9589K(9728K)->9589K(9728K) Class: 1003K(1152K)->1003K(1152K)
[2025-12-24T14:11:48.799+0000][gc          ] GC(8) Pause Young (Normal) (G1 Evacuation Pause) 638M->34M(1024M) 25.425ms
[2025-12-24T14:11:48.799+0000][gc,cpu      ] GC(8) User=0.14s Sys=0.00s Real=0.02s
[2025-12-24T14:12:48.576+0000][gc,start    ] GC(9) Pause Young (Normal) (G1 Evacuation Pause)
[2025-12-24T14:12:48.577+0000][gc,task     ] GC(9) Using 8 workers of 8 for evacuation
[2025-12-24T14:12:48.592+0000][gc,phases   ] GC(9)   Pre Evacuate Collection Set: 1.1ms
[2025-12-24T14:12:48.592+0000][gc,phases   ] GC(9)   Merge Heap Roots: 0.2ms
[2025-12-24T14:12:48.592+0000][gc,phases   ] GC(9)   Evacuate Collection Set: 12.1ms
[2025-12-24T14:12:48.592+0000][gc,phases   ] GC(9)   Post Evacuate Collection Set: 1.7ms
[2025-12-24T14:12:48.592+0000][gc,phases   ] GC(9)   Other: 0.4ms
[2025-12-24T14:12:48.593+0000][gc,heap     ] GC(9) Eden regions: 604->0(604)
[2025-12-24T14:12:48.593+0000][gc,heap     ] GC(9) Survivor regions: 10->10(77)
[2025-12-24T14:12:48.593+0000][gc,heap     ] GC(9) Old regions: 14->14
[2025-12-24T14:12:48.593+0000][gc,heap     ] GC(9) Humongous regions: 11->11
[2025-12-24T14:12:48.593+0000][gc,metaspace] GC(9) Metaspace: 10690K(11072K)->10690K(11072K) NonClass: 9684K(9856K)->9684K(9856K) Class: 1005K(1216K)->1005K(1216K)
[2025-12-24T14:12:48.593+0000][gc          ] GC(9) Pause Young (Normal) (G1 Evacuation Pause) 638M->34M(1024M) 16.476ms
[2025-12-24T14:12:48.593+0000][gc,cpu      ] GC(9) User=0.10s Sys=0.00s Real=0.02s
[2025-12-24T14:13:38.707+0000][gc,start    ] GC(10) Pause Young (Normal) (G1 Evacuation Pause)
[2025-12-24T14:13:38.708+0000][gc,task     ] GC(10) Using 8 workers of 8 for evacuation
[2025-12-24T14:13:38.720+0000][gc,phases   ] GC(10)   Pre Evacuate Collection Set: 1.1ms
[2025-12-24T14:13:38.720+0000][gc,phases   ] GC(10)   Merge Heap Roots: 0.2ms
[2025-12-24T14:13:38.720+0000][gc,phases   ] GC(10)   Evacuate Collection Set: 9.4ms
[2025-12-24T14:13:38.720+0000][gc,phases   ] GC(10)   Post Evacuate Collection Set: 1.4ms
[2025-12-24T14:13:38.720+0000][gc,phases   ] GC(10)   Other: 0.2ms
[2025-12-24T14:13:38.720+0000][gc,heap     ] GC(10) Eden regions: 604->0(602)
[2025-12-24T14:13:38.720+0000][gc,heap     ] GC(10) Survivor regions: 10->12(77)
[2025-12-24T14:13:38.721+0000][gc,heap     ] GC(10) Old regions: 14->14
[2025-12-24T14:13:38.721+0000][gc,heap     ] GC(10) Humongous regions: 11->11
[2025-12-24T14:13:38.721+0000][gc,metaspace] GC(10) Metaspace: 10722K(11136K)->10722K(11136K) NonClass: 9716K(9920K)->9716K(9920K) Class: 1005K(1216K)->1005K(1216K)
[2025-12-24T14:13:38.721+0000][gc          ] GC(10) Pause Young (Normal) (G1 Evacuation Pause) 638M->35M(1024M) 13.442ms
[2025-12-24T14:13:38.721+0000][gc,cpu      ] GC(10) User=0.08s Sys=0.00s Real=0.02s
[2025-12-24T14:14:38.520+0000][gc,start    ] GC(11) Pause Young (Normal) (G1 Evacuation Pause)
[2025-12-24T14:14:38.521+0000][gc,task     ] GC(11) Using 8 workers of 8 for evacuation
[2025-12-24T14:14:38.541+0000][gc,phases   ] GC(11)   Pre Evacuate Collection Set: 1.6ms
[2025-12-24T14:14:38.541+0000][gc,phases   ] GC(11)   Merge Heap Roots: 0.2ms
[2025-12-24T14:14:38.541+0000][gc,phases   ] GC(11)   Evacuate Collection Set: 17.3ms
[2025-12-24T14:14:38.541+0000][gc,phases   ] GC(11)   Post Evacuate Collection Set: 1.3ms
[2025-12-24T14:14:38.541+0000][gc,phases   ] GC(11)   Other: 0.2ms
[2025-12-24T14:14:38.541+0000][gc,heap     ] GC(11) Eden regions: 602->0(602)
[2025-12-24T14:14:38.541+0000][gc,heap     ] GC(11) Survivor regions: 12->12(77)
[2025-12-24T14:14:38.542+0000][gc,heap     ] GC(11) Old regions: 14->14
[2025-12-24T14:14:38.542+0000][gc,heap     ] GC(11) Humongous regions: 11->11
[2025-12-24T14:14:38.542+0000][gc,metaspace] GC(11) Metaspace: 10754K(11136K)->10754K(11136K) NonClass: 9746K(9920K)->9746K(9920K) Class: 1007K(1216K)->1007K(1216K)
[2025-12-24T14:14:38.542+0000][gc          ] GC(11) Pause Young (Normal) (G1 Evacuation Pause) 637M->35M(1024M) 21.559ms
[2025-12-24T14:14:38.542+0000][gc,cpu      ] GC(11) User=0.13s Sys=0.00s Real=0.02s
[2025-12-24T14:15:28.652+0000][gc,start    ] GC(12) Pause Young (Normal) (G1 Evacuation Pause)
[2025-12-24T14:15:28.653+0000][gc,task     ] GC(12) Using 8 workers of 8 for evacuation
[2025-12-24T14:15:28.674+0000][gc,phases   ] GC(12)   Pre Evacuate Collection Set: 1.0ms
[2025-12-24T14:15:28.674+0000][gc,phases   ] GC(12)   Merge Heap Roots: 0.2ms
[2025-12-24T14:15:28.674+0000][gc,phases   ] GC(12)   Evacuate Collection Set: 16.7ms
[2025-12-24T14:15:28.674+0000][gc,phases   ] GC(12)   Post Evacuate Collection Set: 2.2ms
[2025-12-24T14:15:28.674+0000][gc,phases   ] GC(12)   Other: 0.2ms
[2025-12-24T14:15:28.674+0000][gc,heap     ] GC(12) Eden regions: 602->0(600)
[2025-12-24T14:15:28.674+0000][gc,heap     ] GC(12) Survivor regions: 12->14(77)
[2025-12-24T14:15:28.674+0000][gc,heap     ] GC(12) Old regions: 14->14
[2025-12-24T14:15:28.674+0000][gc,heap     ] GC(12) Humongous regions: 11->11
[2025-12-24T14:15:28.674+0000][gc,metaspace] GC(12) Metaspace: 10788K(11136K)->10788K(11136K) NonClass: 9780K(9920K)->9780K(9920K) Class: 1007K(1216K)->1007K(1216K)
[2025-12-24T14:15:28.674+0000][gc          ] GC(12) Pause Young (Normal) (G1 Evacuation Pause) 637M->37M(1024M) 22.309ms
[2025-12-24T14:15:28.675+0000][gc,cpu      ] GC(12) User=0.15s Sys=0.00s Real=0.02s
[2025-12-24T14:16:24.866+0000][gc,start    ] GC(13) Pause Young (Normal) (G1 Evacuation Pause)
[2025-12-24T14:16:24.867+0000][gc,task     ] GC(13) Using 8 workers of 8 for evacuation
[2025-12-24T14:16:24.894+0000][gc,phases   ] GC(13)   Pre Evacuate Collection Set: 2.8ms
[2025-12-24T14:16:24.895+0000][gc,phases   ] GC(13)   Merge Heap Roots: 0.4ms
[2025-12-24T14:16:24.895+0000][gc,phases   ] GC(13)   Evacuate Collection Set: 21.1ms
[2025-12-24T14:16:24.895+0000][gc,phases   ] GC(13)   Post Evacuate Collection Set: 2.1ms
[2025-12-24T14:16:24.895+0000][gc,phases   ] GC(13)   Other: 0.6ms
[2025-12-24T14:16:24.895+0000][gc,heap     ] GC(13) Eden regions: 600->0(600)
[2025-12-24T14:16:24.895+0000][gc,heap     ] GC(13) Survivor regions: 14->14(77)
[2025-12-24T14:16:24.895+0000][gc,heap     ] GC(13) Old regions: 14->14
[2025-12-24T14:16:24.896+0000][gc,heap     ] GC(13) Humongous regions: 11->11
[2025-12-24T14:16:24.896+0000][gc,metaspace] GC(13) Metaspace: 10815K(11200K)->10815K(11200K) NonClass: 9807K(9984K)->9807K(9984K) Class: 1007K(1216K)->1007K(1216K)
[2025-12-24T14:16:24.896+0000][gc          ] GC(13) Pause Young (Normal) (G1 Evacuation Pause) 637M->37M(1024M) 29.562ms
[2025-12-24T14:16:24.896+0000][gc,cpu      ] GC(13) User=0.17s Sys=0.00s Real=0.03s
[2025-12-24T14:17:18.609+0000][gc,start    ] GC(14) Pause Young (Normal) (G1 Evacuation Pause)
[2025-12-24T14:17:18.610+0000][gc,task     ] GC(14) Using 8 workers of 8 for evacuation
[2025-12-24T14:17:18.648+0000][gc,phases   ] GC(14)   Pre Evacuate Collection Set: 2.1ms
[2025-12-24T14:17:18.648+0000][gc,phases   ] GC(14)   Merge Heap Roots: 0.3ms
[2025-12-24T14:17:18.648+0000][gc,phases   ] GC(14)   Evacuate Collection Set: 31.1ms
[2025-12-24T14:17:18.648+0000][gc,phases   ] GC(14)   Post Evacuate Collection Set: 3.8ms
[2025-12-24T14:17:18.648+0000][gc,phases   ] GC(14)   Other: 0.6ms
[2025-12-24T14:17:18.648+0000][gc,heap     ] GC(14) Eden regions: 600->0(599)
[2025-12-24T14:17:18.649+0000][gc,heap     ] GC(14) Survivor regions: 14->15(77)
[2025-12-24T14:17:18.649+0000][gc,heap     ] GC(14) Old regions: 14->14
[2025-12-24T14:17:18.649+0000][gc,heap     ] GC(14) Humongous regions: 11->11
[2025-12-24T14:17:18.649+0000][gc,metaspace] GC(14) Metaspace: 10835K(11200K)->10835K(11200K) NonClass: 9826K(9984K)->9826K(9984K) Class: 1008K(1216K)->1008K(1216K)
[2025-12-24T14:17:18.649+0000][gc          ] GC(14) Pause Young (Normal) (G1 Evacuation Pause) 637M->39M(1024M) 40.667ms
[2025-12-24T14:17:18.650+0000][gc,cpu      ] GC(14) User=0.19s Sys=0.01s Real=0.04s
[2025-12-24T14:18:12.116+0000][gc,start    ] GC(15) Pause Young (Normal) (G1 Evacuation Pause)
[2025-12-24T14:18:12.119+0000][gc,task     ] GC(15) Using 8 workers of 8 for evacuation
[2025-12-24T14:18:12.177+0000][gc,phases   ] GC(15)   Pre Evacuate Collection Set: 9.9ms
[2025-12-24T14:18:12.178+0000][gc,phases   ] GC(15)   Merge Heap Roots: 0.8ms
[2025-12-24T14:18:12.178+0000][gc,phases   ] GC(15)   Evacuate Collection Set: 44.8ms
[2025-12-24T14:18:12.178+0000][gc,phases   ] GC(15)   Post Evacuate Collection Set: 2.1ms
[2025-12-24T14:18:12.178+0000][gc,phases   ] GC(15)   Other: 0.6ms
[2025-12-24T14:18:12.178+0000][gc,heap     ] GC(15) Eden regions: 599->0(598)
[2025-12-24T14:18:12.178+0000][gc,heap     ] GC(15) Survivor regions: 15->16(77)
[2025-12-24T14:18:12.178+0000][gc,heap     ] GC(15) Old regions: 14->14
[2025-12-24T14:18:12.178+0000][gc,heap     ] GC(15) Humongous regions: 11->2
[2025-12-24T14:18:12.178+0000][gc,metaspace] GC(15) Metaspace: 11000K(11392K)->11000K(11392K) NonClass: 9976K(10176K)->9976K(10176K) Class: 1023K(1216K)->1023K(1216K)
[2025-12-24T14:18:12.178+0000][gc          ] GC(15) Pause Young (Normal) (G1 Evacuation Pause) 638M->30M(1024M) 62.478ms
[2025-12-24T14:18:12.178+0000][gc,cpu      ] GC(15) User=0.26s Sys=0.02s Real=0.06s
[2025-12-24T14:19:11.542+0000][gc,start    ] GC(16) Pause Young (Normal) (G1 Evacuation Pause)
[2025-12-24T14:19:11.542+0000][gc,task     ] GC(16) Using 8 workers of 8 for evacuation
[2025-12-24T14:19:11.576+0000][gc,phases   ] GC(16)   Pre Evacuate Collection Set: 2.2ms
[2025-12-24T14:19:11.577+0000][gc,phases   ] GC(16)   Merge Heap Roots: 0.4ms
[2025-12-24T14:19:11.577+0000][gc,phases   ] GC(16)   Evacuate Collection Set: 29.1ms
[2025-12-24T14:19:11.577+0000][gc,phases   ] GC(16)   Post Evacuate Collection Set: 2.0ms
[2025-12-24T14:19:11.577+0000][gc,phases   ] GC(16)   Other: 0.3ms
[2025-12-24T14:19:11.577+0000][gc,heap     ] GC(16) Eden regions: 598->0(600)
[2025-12-24T14:19:11.577+0000][gc,heap     ] GC(16) Survivor regions: 16->14(77)
[2025-12-24T14:19:11.577+0000][gc,heap     ] GC(16) Old regions: 14->15
[2025-12-24T14:19:11.577+0000][gc,heap     ] GC(16) Humongous regions: 2->2
[2025-12-24T14:19:11.577+0000][gc,metaspace] GC(16) Metaspace: 11020K(11392K)->11020K(11392K) NonClass: 9996K(10176K)->9996K(10176K) Class: 1023K(1216K)->1023K(1216K)
[2025-12-24T14:19:11.577+0000][gc          ] GC(16) Pause Young (Normal) (G1 Evacuation Pause) 628M->30M(1024M) 34.974ms
[2025-12-24T14:19:11.577+0000][gc,cpu      ] GC(16) User=0.22s Sys=0.00s Real=0.04s
[2025-12-24T14:20:01.621+0000][gc,start    ] GC(17) Pause Young (Normal) (G1 Evacuation Pause)
[2025-12-24T14:20:01.622+0000][gc,task     ] GC(17) Using 8 workers of 8 for evacuation
[2025-12-24T14:20:01.641+0000][gc,phases   ] GC(17)   Pre Evacuate Collection Set: 1.0ms
[2025-12-24T14:20:01.641+0000][gc,phases   ] GC(17)   Merge Heap Roots: 0.2ms
[2025-12-24T14:20:01.641+0000][gc,phases   ] GC(17)   Evacuate Collection Set: 14.8ms
[2025-12-24T14:20:01.641+0000][gc,phases   ] GC(17)   Post Evacuate Collection Set: 2.6ms
[2025-12-24T14:20:01.642+0000][gc,phases   ] GC(17)   Other: 0.6ms
[2025-12-24T14:20:01.642+0000][gc,heap     ] GC(17) Eden regions: 600->0(600)
[2025-12-24T14:20:01.642+0000][gc,heap     ] GC(17) Survivor regions: 14->14(77)
[2025-12-24T14:20:01.642+0000][gc,heap     ] GC(17) Old regions: 15->16
[2025-12-24T14:20:01.642+0000][gc,heap     ] GC(17) Humongous regions: 2->2
[2025-12-24T14:20:01.642+0000][gc,metaspace] GC(17) Metaspace: 11114K(11520K)->11114K(11520K) NonClass: 10091K(10304K)->10091K(10304K) Class: 1023K(1216K)->1023K(1216K)
[2025-12-24T14:20:01.642+0000][gc          ] GC(17) Pause Young (Normal) (G1 Evacuation Pause) 630M->31M(1024M) 21.291ms
[2025-12-24T14:20:01.642+0000][gc,cpu      ] GC(17) User=0.13s Sys=0.01s Real=0.02s
[2025-12-24T14:21:01.397+0000][gc,start    ] GC(18) Pause Young (Normal) (G1 Evacuation Pause)
[2025-12-24T14:21:01.397+0000][gc,task     ] GC(18) Using 8 workers of 8 for evacuation
[2025-12-24T14:21:01.423+0000][gc,phases   ] GC(18)   Pre Evacuate Collection Set: 1.2ms
[2025-12-24T14:21:01.423+0000][gc,phases   ] GC(18)   Merge Heap Roots: 0.2ms
[2025-12-24T14:21:01.423+0000][gc,phases   ] GC(18)   Evacuate Collection Set: 22.7ms
[2025-12-24T14:21:01.423+0000][gc,phases   ] GC(18)   Post Evacuate Collection Set: 1.3ms
[2025-12-24T14:21:01.423+0000][gc,phases   ] GC(18)   Other: 0.3ms
[2025-12-24T14:21:01.424+0000][gc,heap     ] GC(18) Eden regions: 600->0(603)
[2025-12-24T14:21:01.424+0000][gc,heap     ] GC(18) Survivor regions: 14->11(77)
[2025-12-24T14:21:01.424+0000][gc,heap     ] GC(18) Old regions: 16->17
[2025-12-24T14:21:01.424+0000][gc,heap     ] GC(18) Humongous regions: 2->2
[2025-12-24T14:21:01.424+0000][gc,metaspace] GC(18) Metaspace: 11174K(11520K)->11174K(11520K) NonClass: 10150K(10304K)->10150K(10304K) Class: 1023K(1216K)->1023K(1216K)
[2025-12-24T14:21:01.424+0000][gc          ] GC(18) Pause Young (Normal) (G1 Evacuation Pause) 631M->29M(1024M) 26.909ms
[2025-12-24T14:21:01.424+0000][gc,cpu      ] GC(18) User=0.18s Sys=0.00s Real=0.03s
[2025-12-24T14:21:51.666+0000][gc,start    ] GC(19) Pause Young (Normal) (G1 Evacuation Pause)
[2025-12-24T14:21:51.668+0000][gc,task     ] GC(19) Using 8 workers of 8 for evacuation
[2025-12-24T14:21:51.692+0000][gc,phases   ] GC(19)   Pre Evacuate Collection Set: 1.3ms
[2025-12-24T14:21:51.692+0000][gc,phases   ] GC(19)   Merge Heap Roots: 0.2ms
[2025-12-24T14:21:51.692+0000][gc,phases   ] GC(19)   Evacuate Collection Set: 21.0ms
[2025-12-24T14:21:51.692+0000][gc,phases   ] GC(19)   Post Evacuate Collection Set: 1.3ms
[2025-12-24T14:21:51.692+0000][gc,phases   ] GC(19)   Other: 0.2ms
[2025-12-24T14:21:51.692+0000][gc,heap     ] GC(19) Eden regions: 603->0(603)
[2025-12-24T14:21:51.692+0000][gc,heap     ] GC(19) Survivor regions: 11->11(77)
[2025-12-24T14:21:51.692+0000][gc,heap     ] GC(19) Old regions: 17->18
[2025-12-24T14:21:51.692+0000][gc,heap     ] GC(19) Humongous regions: 2->2
[2025-12-24T14:21:51.692+0000][gc,metaspace] GC(19) Metaspace: 11241K(11584K)->11241K(11584K) NonClass: 10217K(10368K)->10217K(10368K) Class: 1024K(1216K)->1024K(1216K)
[2025-12-24T14:21:51.692+0000][gc          ] GC(19) Pause Young (Normal) (G1 Evacuation Pause) 632M->30M(1024M) 26.727ms
[2025-12-24T14:21:51.693+0000][gc,cpu      ] GC(19) User=0.16s Sys=0.01s Real=0.03s
[2025-12-24T14:22:42.103+0000][gc,start    ] GC(20) Pause Young (Normal) (G1 Evacuation Pause)
[2025-12-24T14:22:42.104+0000][gc,task     ] GC(20) Using 8 workers of 8 for evacuation
[2025-12-24T14:22:42.125+0000][gc,phases   ] GC(20)   Pre Evacuate Collection Set: 4.7ms
[2025-12-24T14:22:42.125+0000][gc,phases   ] GC(20)   Merge Heap Roots: 0.3ms
[2025-12-24T14:22:42.125+0000][gc,phases   ] GC(20)   Evacuate Collection Set: 14.2ms
[2025-12-24T14:22:42.125+0000][gc,phases   ] GC(20)   Post Evacuate Collection Set: 1.3ms
[2025-12-24T14:22:42.125+0000][gc,phases   ] GC(20)   Other: 0.9ms
[2025-12-24T14:22:42.125+0000][gc,heap     ] GC(20) Eden regions: 603->0(604)
[2025-12-24T14:22:42.125+0000][gc,heap     ] GC(20) Survivor regions: 11->10(77)
[2025-12-24T14:22:42.125+0000][gc,heap     ] GC(20) Old regions: 18->19
[2025-12-24T14:22:42.126+0000][gc,heap     ] GC(20) Humongous regions: 2->2
[2025-12-24T14:22:42.126+0000][gc,metaspace] GC(20) Metaspace: 11246K(11584K)->11246K(11584K) NonClass: 10222K(10368K)->10222K(10368K) Class: 1024K(1216K)->1024K(1216K)
[2025-12-24T14:22:42.126+0000][gc          ] GC(20) Pause Young (Normal) (G1 Evacuation Pause) 633M->30M(1024M) 22.730ms
[2025-12-24T14:22:42.126+0000][gc,cpu      ] GC(20) User=0.08s Sys=0.00s Real=0.03s
[2025-12-24T14:23:41.562+0000][gc,start    ] GC(21) Pause Young (Normal) (G1 Evacuation Pause)
[2025-12-24T14:23:41.563+0000][gc,task     ] GC(21) Using 8 workers of 8 for evacuation
[2025-12-24T14:23:41.581+0000][gc,phases   ] GC(21)   Pre Evacuate Collection Set: 1.1ms
[2025-12-24T14:23:41.581+0000][gc,phases   ] GC(21)   Merge Heap Roots: 0.2ms
[2025-12-24T14:23:41.581+0000][gc,phases   ] GC(21)   Evacuate Collection Set: 15.2ms
[2025-12-24T14:23:41.581+0000][gc,phases   ] GC(21)   Post Evacuate Collection Set: 1.3ms
[2025-12-24T14:23:41.581+0000][gc,phases   ] GC(21)   Other: 0.2ms
[2025-12-24T14:23:41.581+0000][gc,heap     ] GC(21) Eden regions: 604->0(604)
[2025-12-24T14:23:41.582+0000][gc,heap     ] GC(21) Survivor regions: 10->10(77)
[2025-12-24T14:23:41.582+0000][gc,heap     ] GC(21) Old regions: 19->20
[2025-12-24T14:23:41.582+0000][gc,heap     ] GC(21) Humongous regions: 2->2
[2025-12-24T14:23:41.582+0000][gc,metaspace] GC(21) Metaspace: 11265K(11648K)->11265K(11648K) NonClass: 10241K(10432K)->10241K(10432K) Class: 1024K(1216K)->1024K(1216K)
[2025-12-24T14:23:41.582+0000][gc          ] GC(21) Pause Young (Normal) (G1 Evacuation Pause) 634M->30M(1024M) 20.332ms
[2025-12-24T14:23:41.582+0000][gc,cpu      ] GC(21) User=0.13s Sys=0.00s Real=0.02s
[2025-12-24T14:24:31.718+0000][gc,start    ] GC(22) Pause Young (Normal) (G1 Evacuation Pause)
[2025-12-24T14:24:31.722+0000][gc,task     ] GC(22) Using 8 workers of 8 for evacuation
[2025-12-24T14:24:31.737+0000][gc,phases   ] GC(22)   Pre Evacuate Collection Set: 1.4ms
[2025-12-24T14:24:31.737+0000][gc,phases   ] GC(22)   Merge Heap Roots: 0.3ms
[2025-12-24T14:24:31.737+0000][gc,phases   ] GC(22)   Evacuate Collection Set: 11.8ms
[2025-12-24T14:24:31.738+0000][gc,phases   ] GC(22)   Post Evacuate Collection Set: 1.3ms
[2025-12-24T14:24:31.738+0000][gc,phases   ] GC(22)   Other: 0.3ms
[2025-12-24T14:24:31.738+0000][gc,heap     ] GC(22) Eden regions: 604->0(605)
[2025-12-24T14:24:31.738+0000][gc,heap     ] GC(22) Survivor regions: 10->9(77)
[2025-12-24T14:24:31.738+0000][gc,heap     ] GC(22) Old regions: 20->21
[2025-12-24T14:24:31.738+0000][gc,heap     ] GC(22) Humongous regions: 2->2
[2025-12-24T14:24:31.738+0000][gc,metaspace] GC(22) Metaspace: 11290K(11648K)->11290K(11648K) NonClass: 10265K(10432K)->10265K(10432K) Class: 1024K(1216K)->1024K(1216K)
[2025-12-24T14:24:31.738+0000][gc          ] GC(22) Pause Young (Normal) (G1 Evacuation Pause) 634M->31M(1024M) 20.082ms
[2025-12-24T14:24:31.738+0000][gc,cpu      ] GC(22) User=0.08s Sys=0.00s Real=0.02s
[2025-12-24T14:25:31.534+0000][gc,start    ] GC(23) Pause Young (Normal) (G1 Evacuation Pause)
[2025-12-24T14:25:31.535+0000][gc,task     ] GC(23) Using 8 workers of 8 for evacuation
[2025-12-24T14:25:31.552+0000][gc,phases   ] GC(23)   Pre Evacuate Collection Set: 2.4ms
[2025-12-24T14:25:31.552+0000][gc,phases   ] GC(23)   Merge Heap Roots: 0.9ms
[2025-12-24T14:25:31.552+0000][gc,phases   ] GC(23)   Evacuate Collection Set: 11.9ms
[2025-12-24T14:25:31.552+0000][gc,phases   ] GC(23)   Post Evacuate Collection Set: 1.1ms
[2025-12-24T14:25:31.552+0000][gc,phases   ] GC(23)   Other: 0.2ms
[2025-12-24T14:25:31.552+0000][gc,heap     ] GC(23) Eden regions: 605->0(606)
[2025-12-24T14:25:31.552+0000][gc,heap     ] GC(23) Survivor regions: 9->8(77)
[2025-12-24T14:25:31.552+0000][gc,heap     ] GC(23) Old regions: 21->22
[2025-12-24T14:25:31.552+0000][gc,heap     ] GC(23) Humongous regions: 2->2
[2025-12-24T14:25:31.552+0000][gc,metaspace] GC(23) Metaspace: 11301K(11648K)->11301K(11648K) NonClass: 10277K(10432K)->10277K(10432K) Class: 1024K(1216K)->1024K(1216K)
[2025-12-24T14:25:31.553+0000][gc          ] GC(23) Pause Young (Normal) (G1 Evacuation Pause) 636M->30M(1024M) 18.914ms
[2025-12-24T14:25:31.553+0000][gc,cpu      ] GC(23) User=0.11s Sys=0.00s Real=0.02s
[2025-12-24T14:26:21.865+0000][gc,start    ] GC(24) Pause Young (Normal) (G1 Evacuation Pause)
[2025-12-24T14:26:21.870+0000][gc,task     ] GC(24) Using 8 workers of 8 for evacuation
[2025-12-24T14:26:21.941+0000][gc,phases   ] GC(24)   Pre Evacuate Collection Set: 2.1ms
[2025-12-24T14:26:21.942+0000][gc,phases   ] GC(24)   Merge Heap Roots: 0.5ms
[2025-12-24T14:26:21.942+0000][gc,phases   ] GC(24)   Evacuate Collection Set: 62.9ms
[2025-12-24T14:26:21.942+0000][gc,phases   ] GC(24)   Post Evacuate Collection Set: 5.4ms
[2025-12-24T14:26:21.942+0000][gc,phases   ] GC(24)   Other: 0.6ms
[2025-12-24T14:26:21.942+0000][gc,heap     ] GC(24) Eden regions: 606->0(606)
[2025-12-24T14:26:21.943+0000][gc,heap     ] GC(24) Survivor regions: 8->8(77)
[2025-12-24T14:26:21.943+0000][gc,heap     ] GC(24) Old regions: 22->23
[2025-12-24T14:26:21.943+0000][gc,heap     ] GC(24) Humongous regions: 2->2
[2025-12-24T14:26:21.944+0000][gc,metaspace] GC(24) Metaspace: 11319K(11648K)->11319K(11648K) NonClass: 10294K(10432K)->10294K(10432K) Class: 1024K(1216K)->1024K(1216K)
[2025-12-24T14:26:21.944+0000][gc          ] GC(24) Pause Young (Normal) (G1 Evacuation Pause) 636M->31M(1024M) 78.692ms
[2025-12-24T14:26:21.944+0000][gc,cpu      ] GC(24) User=0.28s Sys=0.02s Real=0.08s
[2025-12-24T14:27:21.425+0000][gc,start    ] GC(25) Pause Young (Normal) (G1 Evacuation Pause)
[2025-12-24T14:27:21.427+0000][gc,task     ] GC(25) Using 8 workers of 8 for evacuation
[2025-12-24T14:27:21.446+0000][gc,phases   ] GC(25)   Pre Evacuate Collection Set: 3.9ms
[2025-12-24T14:27:21.446+0000][gc,phases   ] GC(25)   Merge Heap Roots: 1.4ms
[2025-12-24T14:27:21.446+0000][gc,phases   ] GC(25)   Evacuate Collection Set: 10.5ms
[2025-12-24T14:27:21.446+0000][gc,phases   ] GC(25)   Post Evacuate Collection Set: 1.7ms
[2025-12-24T14:27:21.446+0000][gc,phases   ] GC(25)   Other: 1.2ms
[2025-12-24T14:27:21.446+0000][gc,heap     ] GC(25) Eden regions: 606->0(608)
[2025-12-24T14:27:21.446+0000][gc,heap     ] GC(25) Survivor regions: 8->6(77)
[2025-12-24T14:27:21.446+0000][gc,heap     ] GC(25) Old regions: 23->24
[2025-12-24T14:27:21.446+0000][gc,heap     ] GC(25) Humongous regions: 11->11
[2025-12-24T14:27:21.446+0000][gc,metaspace] GC(25) Metaspace: 11349K(11712K)->11349K(11712K) NonClass: 10323K(10496K)->10323K(10496K) Class: 1026K(1216K)->1026K(1216K)
[2025-12-24T14:27:21.446+0000][gc          ] GC(25) Pause Young (Normal) (G1 Evacuation Pause) 646M->40M(1024M) 20.968ms
[2025-12-24T14:27:21.446+0000][gc,cpu      ] GC(25) User=0.11s Sys=0.00s Real=0.03s
[2025-12-24T14:28:11.693+0000][gc,start    ] GC(26) Pause Young (Normal) (G1 Evacuation Pause)
[2025-12-24T14:28:11.694+0000][gc,task     ] GC(26) Using 8 workers of 8 for evacuation
[2025-12-24T14:28:11.708+0000][gc,phases   ] GC(26)   Pre Evacuate Collection Set: 1.3ms
[2025-12-24T14:28:11.708+0000][gc,phases   ] GC(26)   Merge Heap Roots: 0.2ms
[2025-12-24T14:28:11.708+0000][gc,phases   ] GC(26)   Evacuate Collection Set: 11.6ms
[2025-12-24T14:28:11.709+0000][gc,phases   ] GC(26)   Post Evacuate Collection Set: 1.2ms
[2025-12-24T14:28:11.709+0000][gc,phases   ] GC(26)   Other: 0.3ms
[2025-12-24T14:28:11.709+0000][gc,heap     ] GC(26) Eden regions: 608->0(608)
[2025-12-24T14:28:11.709+0000][gc,heap     ] GC(26) Survivor regions: 6->6(77)
[2025-12-24T14:28:11.709+0000][gc,heap     ] GC(26) Old regions: 24->25
[2025-12-24T14:28:11.709+0000][gc,heap     ] GC(26) Humongous regions: 11->11
[2025-12-24T14:28:11.709+0000][gc,metaspace] GC(26) Metaspace: 11376K(11776K)->11376K(11776K) NonClass: 10350K(10560K)->10350K(10560K) Class: 1026K(1216K)->1026K(1216K)
[2025-12-24T14:28:11.709+0000][gc          ] GC(26) Pause Young (Normal) (G1 Evacuation Pause) 648M->41M(1024M) 15.835ms
[2025-12-24T14:28:11.709+0000][gc,cpu      ] GC(26) User=0.09s Sys=0.01s Real=0.02s
[2025-12-24T14:29:11.497+0000][gc,start    ] GC(27) Pause Young (Normal) (G1 Evacuation Pause)
[2025-12-24T14:29:11.497+0000][gc,task     ] GC(27) Using 8 workers of 8 for evacuation
[2025-12-24T14:29:11.521+0000][gc,phases   ] GC(27)   Pre Evacuate Collection Set: 2.1ms
[2025-12-24T14:29:11.521+0000][gc,phases   ] GC(27)   Merge Heap Roots: 1.8ms
[2025-12-24T14:29:11.521+0000][gc,phases   ] GC(27)   Evacuate Collection Set: 17.0ms
[2025-12-24T14:29:11.521+0000][gc,phases   ] GC(27)   Post Evacuate Collection Set: 2.3ms
[2025-12-24T14:29:11.521+0000][gc,phases   ] GC(27)   Other: 0.6ms
[2025-12-24T14:29:11.521+0000][gc,heap     ] GC(27) Eden regions: 608->0(608)
[2025-12-24T14:29:11.521+0000][gc,heap     ] GC(27) Survivor regions: 6->6(77)
[2025-12-24T14:29:11.521+0000][gc,heap     ] GC(27) Old regions: 25->26
[2025-12-24T14:29:11.521+0000][gc,heap     ] GC(27) Humongous regions: 11->11
[2025-12-24T14:29:11.521+0000][gc,metaspace] GC(27) Metaspace: 11593K(12032K)->11593K(12032K) NonClass: 10532K(10752K)->10532K(10752K) Class: 1061K(1280K)->1061K(1280K)
[2025-12-24T14:29:11.521+0000][gc          ] GC(27) Pause Young (Normal) (G1 Evacuation Pause) 649M->41M(1024M) 24.942ms
[2025-12-24T14:29:11.522+0000][gc,cpu      ] GC(27) User=0.13s Sys=0.01s Real=0.02s
[2025-12-24T14:30:01.721+0000][gc,start    ] GC(28) Pause Young (Normal) (G1 Evacuation Pause)
[2025-12-24T14:30:01.722+0000][gc,task     ] GC(28) Using 8 workers of 8 for evacuation
[2025-12-24T14:30:01.764+0000][gc,phases   ] GC(28)   Pre Evacuate Collection Set: 3.1ms
[2025-12-24T14:30:01.764+0000][gc,phases   ] GC(28)   Merge Heap Roots: 1.6ms
[2025-12-24T14:30:01.764+0000][gc,phases   ] GC(28)   Evacuate Collection Set: 35.7ms
[2025-12-24T14:30:01.766+0000][gc,phases   ] GC(28)   Post Evacuate Collection Set: 1.6ms
[2025-12-24T14:30:01.766+0000][gc,phases   ] GC(28)   Other: 0.4ms
[2025-12-24T14:30:01.767+0000][gc,heap     ] GC(28) Eden regions: 608->0(607)
[2025-12-24T14:30:01.768+0000][gc,heap     ] GC(28) Survivor regions: 6->7(77)
[2025-12-24T14:30:01.768+0000][gc,heap     ] GC(28) Old regions: 26->27
[2025-12-24T14:30:01.768+0000][gc,heap     ] GC(28) Humongous regions: 11->11
[2025-12-24T14:30:01.768+0000][gc,metaspace] GC(28) Metaspace: 11594K(12032K)->11594K(12032K) NonClass: 10533K(10752K)->10533K(10752K) Class: 1061K(1280K)->1061K(1280K)
[2025-12-24T14:30:01.768+0000][gc          ] GC(28) Pause Young (Normal) (G1 Evacuation Pause) 649M->43M(1024M) 46.835ms
[2025-12-24T14:30:01.768+0000][gc,cpu      ] GC(28) User=0.20s Sys=0.08s Real=0.04s
[2025-12-24T14:31:01.347+0000][gc,start    ] GC(29) Pause Young (Normal) (G1 Evacuation Pause)
[2025-12-24T14:31:01.347+0000][gc,task     ] GC(29) Using 8 workers of 8 for evacuation
[2025-12-24T14:31:01.371+0000][gc,phases   ] GC(29)   Pre Evacuate Collection Set: 1.3ms
[2025-12-24T14:31:01.371+0000][gc,phases   ] GC(29)   Merge Heap Roots: 0.4ms
[2025-12-24T14:31:01.371+0000][gc,phases   ] GC(29)   Evacuate Collection Set: 18.9ms
[2025-12-24T14:31:01.371+0000][gc,phases   ] GC(29)   Post Evacuate Collection Set: 2.1ms
[2025-12-24T14:31:01.371+0000][gc,phases   ] GC(29)   Other: 0.5ms
[2025-12-24T14:31:01.371+0000][gc,heap     ] GC(29) Eden regions: 607->0(608)
[2025-12-24T14:31:01.372+0000][gc,heap     ] GC(29) Survivor regions: 7->6(77)
[2025-12-24T14:31:01.372+0000][gc,heap     ] GC(29) Old regions: 27->28
[2025-12-24T14:31:01.372+0000][gc,heap     ] GC(29) Humongous regions: 11->11
[2025-12-24T14:31:01.372+0000][gc,metaspace] GC(29) Metaspace: 11595K(12032K)->11595K(12032K) NonClass: 10533K(10752K)->10533K(10752K) Class: 1061K(1280K)->1061K(1280K)
[2025-12-24T14:31:01.372+0000][gc          ] GC(29) Pause Young (Normal) (G1 Evacuation Pause) 650M->43M(1024M) 25.082ms
[2025-12-24T14:31:01.372+0000][gc,cpu      ] GC(29) User=0.16s Sys=0.00s Real=0.02s
[2025-12-24T14:31:51.529+0000][gc,start    ] GC(30) Pause Young (Normal) (G1 Evacuation Pause)
[2025-12-24T14:31:51.529+0000][gc,task     ] GC(30) Using 8 workers of 8 for evacuation
[2025-12-24T14:31:51.538+0000][gc,phases   ] GC(30)   Pre Evacuate Collection Set: 1.0ms
[2025-12-24T14:31:51.538+0000][gc,phases   ] GC(30)   Merge Heap Roots: 0.3ms
[2025-12-24T14:31:51.538+0000][gc,phases   ] GC(30)   Evacuate Collection Set: 6.4ms
[2025-12-24T14:31:51.538+0000][gc,phases   ] GC(30)   Post Evacuate Collection Set: 1.0ms
[2025-12-24T14:31:51.538+0000][gc,phases   ] GC(30)   Other: 0.1ms
[2025-12-24T14:31:51.539+0000][gc,heap     ] GC(30) Eden regions: 608->0(607)
[2025-12-24T14:31:51.539+0000][gc,heap     ] GC(30) Survivor regions: 6->7(77)
[2025-12-24T14:31:51.539+0000][gc,heap     ] GC(30) Old regions: 28->28
[2025-12-24T14:31:51.539+0000][gc,heap     ] GC(30) Humongous regions: 11->11
[2025-12-24T14:31:51.539+0000][gc,metaspace] GC(30) Metaspace: 11596K(12032K)->11596K(12032K) NonClass: 10534K(10752K)->10534K(10752K) Class: 1061K(1280K)->1061K(1280K)
[2025-12-24T14:31:51.539+0000][gc          ] GC(30) Pause Young (Normal) (G1 Evacuation Pause) 651M->45M(1024M) 9.784ms
[2025-12-24T14:31:51.539+0000][gc,cpu      ] GC(30) User=0.06s Sys=0.00s Real=0.01s
[2025-12-24T14:32:41.639+0000][gc,start    ] GC(31) Pause Young (Normal) (G1 Evacuation Pause)
[2025-12-24T14:32:41.639+0000][gc,task     ] GC(31) Using 8 workers of 8 for evacuation
[2025-12-24T14:32:41.649+0000][gc,phases   ] GC(31)   Pre Evacuate Collection Set: 1.0ms
[2025-12-24T14:32:41.649+0000][gc,phases   ] GC(31)   Merge Heap Roots: 0.2ms
[2025-12-24T14:32:41.649+0000][gc,phases   ] GC(31)   Evacuate Collection Set: 6.9ms
[2025-12-24T14:32:41.649+0000][gc,phases   ] GC(31)   Post Evacuate Collection Set: 1.2ms
[2025-12-24T14:32:41.649+0000][gc,phases   ] GC(31)   Other: 0.3ms
[2025-12-24T14:32:41.649+0000][gc,heap     ] GC(31) Eden regions: 607->0(605)
[2025-12-24T14:32:41.649+0000][gc,heap     ] GC(31) Survivor regions: 7->9(77)
[2025-12-24T14:32:41.649+0000][gc,heap     ] GC(31) Old regions: 28->28
[2025-12-24T14:32:41.649+0000][gc,heap     ] GC(31) Humongous regions: 11->11
[2025-12-24T14:32:41.649+0000][gc,metaspace] GC(31) Metaspace: 11598K(12032K)->11598K(12032K) NonClass: 10536K(10752K)->10536K(10752K) Class: 1061K(1280K)->1061K(1280K)
[2025-12-24T14:32:41.649+0000][gc          ] GC(31) Pause Young (Normal) (G1 Evacuation Pause) 652M->46M(1024M) 10.560ms
[2025-12-24T14:32:41.649+0000][gc,cpu      ] GC(31) User=0.06s Sys=0.00s Real=0.01s
[2025-12-24T14:33:41.452+0000][gc,start    ] GC(32) Pause Young (Normal) (G1 Evacuation Pause)
[2025-12-24T14:33:41.453+0000][gc,task     ] GC(32) Using 8 workers of 8 for evacuation
[2025-12-24T14:33:41.477+0000][gc,phases   ] GC(32)   Pre Evacuate Collection Set: 1.3ms
[2025-12-24T14:33:41.477+0000][gc,phases   ] GC(32)   Merge Heap Roots: 0.2ms
[2025-12-24T14:33:41.477+0000][gc,phases   ] GC(32)   Evacuate Collection Set: 20.1ms
[2025-12-24T14:33:41.477+0000][gc,phases   ] GC(32)   Post Evacuate Collection Set: 2.0ms
[2025-12-24T14:33:41.477+0000][gc,phases   ] GC(32)   Other: 0.2ms
[2025-12-24T14:33:41.477+0000][gc,heap     ] GC(32) Eden regions: 605->0(605)
[2025-12-24T14:33:41.477+0000][gc,heap     ] GC(32) Survivor regions: 9->9(77)
[2025-12-24T14:33:41.477+0000][gc,heap     ] GC(32) Old regions: 28->28
[2025-12-24T14:33:41.477+0000][gc,heap     ] GC(32) Humongous regions: 11->11
[2025-12-24T14:33:41.477+0000][gc,metaspace] GC(32) Metaspace: 11604K(12032K)->11604K(12032K) NonClass: 10542K(10752K)->10542K(10752K) Class: 1061K(1280K)->1061K(1280K)
[2025-12-24T14:33:41.478+0000][gc          ] GC(32) Pause Young (Normal) (G1 Evacuation Pause) 651M->47M(1024M) 25.126ms
[2025-12-24T14:33:41.478+0000][gc,cpu      ] GC(32) User=0.17s Sys=0.00s Real=0.03s
[2025-12-24T14:34:31.560+0000][gc,start    ] GC(33) Pause Young (Normal) (G1 Evacuation Pause)
[2025-12-24T14:34:31.561+0000][gc,task     ] GC(33) Using 8 workers of 8 for evacuation
[2025-12-24T14:34:31.582+0000][gc,phases   ] GC(33)   Pre Evacuate Collection Set: 1.1ms
[2025-12-24T14:34:31.583+0000][gc,phases   ] GC(33)   Merge Heap Roots: 0.3ms
[2025-12-24T14:34:31.583+0000][gc,phases   ] GC(33)   Evacuate Collection Set: 18.7ms
[2025-12-24T14:34:31.583+0000][gc,phases   ] GC(33)   Post Evacuate Collection Set: 1.1ms
[2025-12-24T14:34:31.583+0000][gc,phases   ] GC(33)   Other: 0.2ms
[2025-12-24T14:34:31.583+0000][gc,heap     ] GC(33) Eden regions: 605->0(603)
[2025-12-24T14:34:31.583+0000][gc,heap     ] GC(33) Survivor regions: 9->11(77)
[2025-12-24T14:34:31.583+0000][gc,heap     ] GC(33) Old regions: 28->28
[2025-12-24T14:34:31.583+0000][gc,heap     ] GC(33) Humongous regions: 11->11
[2025-12-24T14:34:31.583+0000][gc,metaspace] GC(33) Metaspace: 11606K(12032K)->11606K(12032K) NonClass: 10544K(10752K)->10544K(10752K) Class: 1061K(1280K)->1061K(1280K)
[2025-12-24T14:34:31.583+0000][gc          ] GC(33) Pause Young (Normal) (G1 Evacuation Pause) 652M->49M(1024M) 23.165ms
[2025-12-24T14:34:31.583+0000][gc,cpu      ] GC(33) User=0.15s Sys=0.00s Real=0.02s
[2025-12-24T14:35:31.322+0000][gc,start    ] GC(34) Pause Young (Normal) (G1 Evacuation Pause)
[2025-12-24T14:35:31.323+0000][gc,task     ] GC(34) Using 8 workers of 8 for evacuation
[2025-12-24T14:35:31.338+0000][gc,phases   ] GC(34)   Pre Evacuate Collection Set: 1.1ms
[2025-12-24T14:35:31.338+0000][gc,phases   ] GC(34)   Merge Heap Roots: 0.3ms
[2025-12-24T14:35:31.338+0000][gc,phases   ] GC(34)   Evacuate Collection Set: 11.3ms
[2025-12-24T14:35:31.339+0000][gc,phases   ] GC(34)   Post Evacuate Collection Set: 2.3ms
[2025-12-24T14:35:31.339+0000][gc,phases   ] GC(34)   Other: 0.4ms
[2025-12-24T14:35:31.339+0000][gc,heap     ] GC(34) Eden regions: 603->0(603)
[2025-12-24T14:35:31.339+0000][gc,heap     ] GC(34) Survivor regions: 11->11(77)
[2025-12-24T14:35:31.339+0000][gc,heap     ] GC(34) Old regions: 28->28
[2025-12-24T14:35:31.339+0000][gc,heap     ] GC(34) Humongous regions: 11->11
[2025-12-24T14:35:31.339+0000][gc,metaspace] GC(34) Metaspace: 11620K(12032K)->11620K(12032K) NonClass: 10559K(10752K)->10559K(10752K) Class: 1061K(1280K)->1061K(1280K)
[2025-12-24T14:35:31.339+0000][gc          ] GC(34) Pause Young (Normal) (G1 Evacuation Pause) 652M->49M(1024M) 17.376ms
[2025-12-24T14:35:31.340+0000][gc,cpu      ] GC(34) User=0.10s Sys=0.00s Real=0.02s
[2025-12-24T14:36:21.509+0000][gc,start    ] GC(35) Pause Young (Normal) (G1 Evacuation Pause)
[2025-12-24T14:36:21.510+0000][gc,task     ] GC(35) Using 8 workers of 8 for evacuation
[2025-12-24T14:36:21.532+0000][gc,phases   ] GC(35)   Pre Evacuate Collection Set: 1.1ms
[2025-12-24T14:36:21.532+0000][gc,phases   ] GC(35)   Merge Heap Roots: 0.3ms
[2025-12-24T14:36:21.532+0000][gc,phases   ] GC(35)   Evacuate Collection Set: 17.2ms
[2025-12-24T14:36:21.532+0000][gc,phases   ] GC(35)   Post Evacuate Collection Set: 3.4ms
[2025-12-24T14:36:21.532+0000][gc,phases   ] GC(35)   Other: 0.3ms
[2025-12-24T14:36:21.532+0000][gc,heap     ] GC(35) Eden regions: 603->0(602)
[2025-12-24T14:36:21.533+0000][gc,heap     ] GC(35) Survivor regions: 11->12(77)
[2025-12-24T14:36:21.533+0000][gc,heap     ] GC(35) Old regions: 28->28
[2025-12-24T14:36:21.533+0000][gc,heap     ] GC(35) Humongous regions: 11->11
[2025-12-24T14:36:21.533+0000][gc,metaspace] GC(35) Metaspace: 11632K(12032K)->11632K(12032K) NonClass: 10570K(10752K)->10570K(10752K) Class: 1061K(1280K)->1061K(1280K)
[2025-12-24T14:36:21.533+0000][gc          ] GC(35) Pause Young (Normal) (G1 Evacuation Pause) 652M->50M(1024M) 23.851ms
[2025-12-24T14:36:21.533+0000][gc,cpu      ] GC(35) User=0.14s Sys=0.00s Real=0.03s
[2025-12-24T14:37:11.744+0000][gc,start    ] GC(36) Pause Young (Normal) (G1 Evacuation Pause)
[2025-12-24T14:37:11.744+0000][gc,task     ] GC(36) Using 8 workers of 8 for evacuation
[2025-12-24T14:37:11.774+0000][gc,phases   ] GC(36)   Pre Evacuate Collection Set: 1.5ms
[2025-12-24T14:37:11.774+0000][gc,phases   ] GC(36)   Merge Heap Roots: 0.2ms
[2025-12-24T14:37:11.774+0000][gc,phases   ] GC(36)   Evacuate Collection Set: 26.3ms
[2025-12-24T14:37:11.774+0000][gc,phases   ] GC(36)   Post Evacuate Collection Set: 1.2ms
[2025-12-24T14:37:11.774+0000][gc,phases   ] GC(36)   Other: 0.2ms
[2025-12-24T14:37:11.774+0000][gc,heap     ] GC(36) Eden regions: 602->0(600)
[2025-12-24T14:37:11.774+0000][gc,heap     ] GC(36) Survivor regions: 12->14(77)
[2025-12-24T14:37:11.774+0000][gc,heap     ] GC(36) Old regions: 28->28
[2025-12-24T14:37:11.774+0000][gc,heap     ] GC(36) Humongous regions: 11->11
[2025-12-24T14:37:11.774+0000][gc,metaspace] GC(36) Metaspace: 11639K(12032K)->11639K(12032K) NonClass: 10577K(10752K)->10577K(10752K) Class: 1061K(1280K)->1061K(1280K)
[2025-12-24T14:37:11.774+0000][gc          ] GC(36) Pause Young (Normal) (G1 Evacuation Pause) 652M->52M(1024M) 30.535ms
[2025-12-24T14:37:11.774+0000][gc,cpu      ] GC(36) User=0.19s Sys=0.00s Real=0.03s
[2025-12-24T14:38:11.413+0000][gc,start    ] GC(37) Pause Young (Normal) (G1 Evacuation Pause)
[2025-12-24T14:38:11.414+0000][gc,task     ] GC(37) Using 8 workers of 8 for evacuation
[2025-12-24T14:38:11.490+0000][gc,phases   ] GC(37)   Pre Evacuate Collection Set: 8.3ms
[2025-12-24T14:38:11.490+0000][gc,phases   ] GC(37)   Merge Heap Roots: 0.6ms
[2025-12-24T14:38:11.490+0000][gc,phases   ] GC(37)   Evacuate Collection Set: 61.5ms
[2025-12-24T14:38:11.491+0000][gc,phases   ] GC(37)   Post Evacuate Collection Set: 4.4ms
[2025-12-24T14:38:11.491+0000][gc,phases   ] GC(37)   Other: 0.8ms
[2025-12-24T14:38:11.491+0000][gc,heap     ] GC(37) Eden regions: 600->0(600)
[2025-12-24T14:38:11.492+0000][gc,heap     ] GC(37) Survivor regions: 14->14(77)
[2025-12-24T14:38:11.492+0000][gc,heap     ] GC(37) Old regions: 28->28
[2025-12-24T14:38:11.493+0000][gc,heap     ] GC(37) Humongous regions: 11->11
[2025-12-24T14:38:11.493+0000][gc,metaspace] GC(37) Metaspace: 11640K(12032K)->11640K(12032K) NonClass: 10579K(10752K)->10579K(10752K) Class: 1061K(1280K)->1061K(1280K)
[2025-12-24T14:38:11.494+0000][gc          ] GC(37) Pause Young (Normal) (G1 Evacuation Pause) 652M->52M(1024M) 80.789ms
[2025-12-24T14:38:11.494+0000][gc,cpu      ] GC(37) User=0.50s Sys=0.02s Real=0.08s
[2025-12-24T14:39:01.510+0000][gc,start    ] GC(38) Pause Young (Normal) (G1 Evacuation Pause)
[2025-12-24T14:39:01.511+0000][gc,task     ] GC(38) Using 8 workers of 8 for evacuation
[2025-12-24T14:39:01.544+0000][gc,phases   ] GC(38)   Pre Evacuate Collection Set: 1.6ms
[2025-12-24T14:39:01.544+0000][gc,phases   ] GC(38)   Merge Heap Roots: 0.8ms
[2025-12-24T14:39:01.544+0000][gc,phases   ] GC(38)   Evacuate Collection Set: 28.3ms
[2025-12-24T14:39:01.544+0000][gc,phases   ] GC(38)   Post Evacuate Collection Set: 2.0ms
[2025-12-24T14:39:01.544+0000][gc,phases   ] GC(38)   Other: 0.4ms
[2025-12-24T14:39:01.544+0000][gc,heap     ] GC(38) Eden regions: 600->0(598)
[2025-12-24T14:39:01.545+0000][gc,heap     ] GC(38) Survivor regions: 14->16(77)
[2025-12-24T14:39:01.545+0000][gc,heap     ] GC(38) Old regions: 28->28
[2025-12-24T14:39:01.545+0000][gc,heap     ] GC(38) Humongous regions: 11->11
[2025-12-24T14:39:01.545+0000][gc,metaspace] GC(38) Metaspace: 11671K(12032K)->11671K(12032K) NonClass: 10610K(10752K)->10610K(10752K) Class: 1061K(1280K)->1061K(1280K)
[2025-12-24T14:39:01.545+0000][gc          ] GC(38) Pause Young (Normal) (G1 Evacuation Pause) 652M->54M(1024M) 34.310ms
[2025-12-24T14:39:01.545+0000][gc,cpu      ] GC(38) User=0.23s Sys=0.02s Real=0.04s
[2025-12-24T14:39:51.621+0000][gc,start    ] GC(39) Pause Young (Normal) (G1 Evacuation Pause)
[2025-12-24T14:39:51.621+0000][gc,task     ] GC(39) Using 8 workers of 8 for evacuation
[2025-12-24T14:39:51.642+0000][gc,phases   ] GC(39)   Pre Evacuate Collection Set: 1.1ms
[2025-12-24T14:39:51.643+0000][gc,phases   ] GC(39)   Merge Heap Roots: 0.3ms
[2025-12-24T14:39:51.643+0000][gc,phases   ] GC(39)   Evacuate Collection Set: 18.5ms
[2025-12-24T14:39:51.643+0000][gc,phases   ] GC(39)   Post Evacuate Collection Set: 1.1ms
[2025-12-24T14:39:51.643+0000][gc,phases   ] GC(39)   Other: 0.3ms
[2025-12-24T14:39:51.643+0000][gc,heap     ] GC(39) Eden regions: 598->0(597)
[2025-12-24T14:39:51.643+0000][gc,heap     ] GC(39) Survivor regions: 16->17(77)
[2025-12-24T14:39:51.643+0000][gc,heap     ] GC(39) Old regions: 28->29
[2025-12-24T14:39:51.643+0000][gc,heap     ] GC(39) Humongous regions: 11->11
[2025-12-24T14:39:51.643+0000][gc,metaspace] GC(39) Metaspace: 11697K(12096K)->11697K(12096K) NonClass: 10635K(10816K)->10635K(10816K) Class: 1061K(1280K)->1061K(1280K)
[2025-12-24T14:39:51.643+0000][gc          ] GC(39) Pause Young (Normal) (G1 Evacuation Pause) 652M->55M(1024M) 22.486ms
[2025-12-24T14:39:51.643+0000][gc,cpu      ] GC(39) User=0.15s Sys=0.00s Real=0.02s
[2025-12-24T14:40:51.366+0000][gc,start    ] GC(40) Pause Young (Normal) (G1 Evacuation Pause)
[2025-12-24T14:40:51.366+0000][gc,task     ] GC(40) Using 8 workers of 8 for evacuation
[2025-12-24T14:40:51.380+0000][gc,phases   ] GC(40)   Pre Evacuate Collection Set: 1.0ms
[2025-12-24T14:40:51.381+0000][gc,phases   ] GC(40)   Merge Heap Roots: 0.2ms
[2025-12-24T14:40:51.381+0000][gc,phases   ] GC(40)   Evacuate Collection Set: 12.0ms
[2025-12-24T14:40:51.381+0000][gc,phases   ] GC(40)   Post Evacuate Collection Set: 0.9ms
[2025-12-24T14:40:51.381+0000][gc,phases   ] GC(40)   Other: 0.3ms
[2025-12-24T14:40:51.381+0000][gc,heap     ] GC(40) Eden regions: 597->0(598)
[2025-12-24T14:40:51.381+0000][gc,heap     ] GC(40) Survivor regions: 17->16(77)
[2025-12-24T14:40:51.381+0000][gc,heap     ] GC(40) Old regions: 29->29
[2025-12-24T14:40:51.381+0000][gc,heap     ] GC(40) Humongous regions: 11->11
[2025-12-24T14:40:51.381+0000][gc,metaspace] GC(40) Metaspace: 11707K(12096K)->11707K(12096K) NonClass: 10645K(10816K)->10645K(10816K) Class: 1061K(1280K)->1061K(1280K)
[2025-12-24T14:40:51.381+0000][gc          ] GC(40) Pause Young (Normal) (G1 Evacuation Pause) 652M->55M(1024M) 15.493ms
[2025-12-24T14:40:51.381+0000][gc,cpu      ] GC(40) User=0.11s Sys=0.00s Real=0.02s
[2025-12-24T14:41:41.489+0000][gc,start    ] GC(41) Pause Young (Normal) (G1 Evacuation Pause)
[2025-12-24T14:41:41.490+0000][gc,task     ] GC(41) Using 8 workers of 8 for evacuation
[2025-12-24T14:41:41.517+0000][gc,phases   ] GC(41)   Pre Evacuate Collection Set: 1.0ms
[2025-12-24T14:41:41.517+0000][gc,phases   ] GC(41)   Merge Heap Roots: 0.2ms
[2025-12-24T14:41:41.517+0000][gc,phases   ] GC(41)   Evacuate Collection Set: 24.0ms
[2025-12-24T14:41:41.517+0000][gc,phases   ] GC(41)   Post Evacuate Collection Set: 1.8ms
[2025-12-24T14:41:41.517+0000][gc,phases   ] GC(41)   Other: 0.3ms
[2025-12-24T14:41:41.518+0000][gc,heap     ] GC(41) Eden regions: 598->0(598)
[2025-12-24T14:41:41.518+0000][gc,heap     ] GC(41) Survivor regions: 16->16(77)
[2025-12-24T14:41:41.518+0000][gc,heap     ] GC(41) Old regions: 29->30
[2025-12-24T14:41:41.518+0000][gc,heap     ] GC(41) Humongous regions: 11->11
[2025-12-24T14:41:41.518+0000][gc,metaspace] GC(41) Metaspace: 11735K(12160K)->11735K(12160K) NonClass: 10674K(10880K)->10674K(10880K) Class: 1061K(1280K)->1061K(1280K)
[2025-12-24T14:41:41.518+0000][gc          ] GC(41) Pause Young (Normal) (G1 Evacuation Pause) 653M->56M(1024M) 29.578ms
[2025-12-24T14:41:41.518+0000][gc,cpu      ] GC(41) User=0.16s Sys=0.00s Real=0.03s
[2025-12-24T14:42:31.596+0000][gc,start    ] GC(42) Pause Young (Normal) (G1 Evacuation Pause)
[2025-12-24T14:42:31.597+0000][gc,task     ] GC(42) Using 8 workers of 8 for evacuation
[2025-12-24T14:42:31.625+0000][gc,phases   ] GC(42)   Pre Evacuate Collection Set: 3.1ms
[2025-12-24T14:42:31.625+0000][gc,phases   ] GC(42)   Merge Heap Roots: 0.6ms
[2025-12-24T14:42:31.625+0000][gc,phases   ] GC(42)   Evacuate Collection Set: 22.6ms
[2025-12-24T14:42:31.625+0000][gc,phases   ] GC(42)   Post Evacuate Collection Set: 1.3ms
[2025-12-24T14:42:31.625+0000][gc,phases   ] GC(42)   Other: 0.5ms
[2025-12-24T14:42:31.625+0000][gc,heap     ] GC(42) Eden regions: 598->0(597)
[2025-12-24T14:42:31.625+0000][gc,heap     ] GC(42) Survivor regions: 16->17(77)
[2025-12-24T14:42:31.626+0000][gc,heap     ] GC(42) Old regions: 30->31
[2025-12-24T14:42:31.626+0000][gc,heap     ] GC(42) Humongous regions: 11->11
[2025-12-24T14:42:31.626+0000][gc,metaspace] GC(42) Metaspace: 11748K(12160K)->11748K(12160K) NonClass: 10686K(10880K)->10686K(10880K) Class: 1061K(1280K)->1061K(1280K)
[2025-12-24T14:42:31.626+0000][gc          ] GC(42) Pause Young (Normal) (G1 Evacuation Pause) 654M->57M(1024M) 29.389ms
[2025-12-24T14:42:31.626+0000][gc,cpu      ] GC(42) User=0.18s Sys=0.01s Real=0.03s
[2025-12-24T14:43:31.352+0000][gc,start    ] GC(43) Pause Young (Normal) (G1 Evacuation Pause)
[2025-12-24T14:43:31.353+0000][gc,task     ] GC(43) Using 8 workers of 8 for evacuation
[2025-12-24T14:43:31.385+0000][gc,phases   ] GC(43)   Pre Evacuate Collection Set: 1.2ms
[2025-12-24T14:43:31.385+0000][gc,phases   ] GC(43)   Merge Heap Roots: 0.3ms
[2025-12-24T14:43:31.385+0000][gc,phases   ] GC(43)   Evacuate Collection Set: 26.9ms
[2025-12-24T14:43:31.386+0000][gc,phases   ] GC(43)   Post Evacuate Collection Set: 3.5ms
[2025-12-24T14:43:31.386+0000][gc,phases   ] GC(43)   Other: 0.5ms
[2025-12-24T14:43:31.386+0000][gc,heap     ] GC(43) Eden regions: 597->0(598)
[2025-12-24T14:43:31.386+0000][gc,heap     ] GC(43) Survivor regions: 17->16(77)
[2025-12-24T14:43:31.386+0000][gc,heap     ] GC(43) Old regions: 31->32
[2025-12-24T14:43:31.386+0000][gc,heap     ] GC(43) Humongous regions: 11->11
[2025-12-24T14:43:31.386+0000][gc,metaspace] GC(43) Metaspace: 11758K(12160K)->11758K(12160K) NonClass: 10696K(10880K)->10696K(10880K) Class: 1061K(1280K)->1061K(1280K)
[2025-12-24T14:43:31.386+0000][gc          ] GC(43) Pause Young (Normal) (G1 Evacuation Pause) 654M->58M(1024M) 33.613ms
[2025-12-24T14:43:31.386+0000][gc,cpu      ] GC(43) User=0.20s Sys=0.00s Real=0.04s
[2025-12-24T14:44:21.513+0000][gc,start    ] GC(44) Pause Young (Normal) (G1 Evacuation Pause)
[2025-12-24T14:44:21.514+0000][gc,task     ] GC(44) Using 8 workers of 8 for evacuation
[2025-12-24T14:44:21.541+0000][gc,phases   ] GC(44)   Pre Evacuate Collection Set: 1.0ms
[2025-12-24T14:44:21.541+0000][gc,phases   ] GC(44)   Merge Heap Roots: 0.3ms
[2025-12-24T14:44:21.541+0000][gc,phases   ] GC(44)   Evacuate Collection Set: 22.3ms
[2025-12-24T14:44:21.542+0000][gc,phases   ] GC(44)   Post Evacuate Collection Set: 3.2ms
[2025-12-24T14:44:21.542+0000][gc,phases   ] GC(44)   Other: 0.2ms
[2025-12-24T14:44:21.542+0000][gc,heap     ] GC(44) Eden regions: 598->0(597)
[2025-12-24T14:44:21.542+0000][gc,heap     ] GC(44) Survivor regions: 16->17(77)
[2025-12-24T14:44:21.542+0000][gc,heap     ] GC(44) Old regions: 32->33
[2025-12-24T14:44:21.542+0000][gc,heap     ] GC(44) Humongous regions: 11->11
[2025-12-24T14:44:21.543+0000][gc,metaspace] GC(44) Metaspace: 11761K(12160K)->11761K(12160K) NonClass: 10700K(10880K)->10700K(10880K) Class: 1061K(1280K)->1061K(1280K)
[2025-12-24T14:44:21.544+0000][gc          ] GC(44) Pause Young (Normal) (G1 Evacuation Pause) 656M->60M(1024M) 30.621ms
[2025-12-24T14:44:21.544+0000][gc,cpu      ] GC(44) User=0.19s Sys=0.00s Real=0.04s
[2025-12-24T14:45:11.613+0000][gc,start    ] GC(45) Pause Young (Normal) (G1 Evacuation Pause)
[2025-12-24T14:45:11.613+0000][gc,task     ] GC(45) Using 8 workers of 8 for evacuation
[2025-12-24T14:45:11.638+0000][gc,phases   ] GC(45)   Pre Evacuate Collection Set: 1.0ms
[2025-12-24T14:45:11.638+0000][gc,phases   ] GC(45)   Merge Heap Roots: 0.3ms
[2025-12-24T14:45:11.638+0000][gc,phases   ] GC(45)   Evacuate Collection Set: 21.8ms
[2025-12-24T14:45:11.638+0000][gc,phases   ] GC(45)   Post Evacuate Collection Set: 1.5ms
[2025-12-24T14:45:11.638+0000][gc,phases   ] GC(45)   Other: 0.2ms
[2025-12-24T14:45:11.638+0000][gc,heap     ] GC(45) Eden regions: 597->0(597)
[2025-12-24T14:45:11.639+0000][gc,heap     ] GC(45) Survivor regions: 17->17(77)
[2025-12-24T14:45:11.639+0000][gc,heap     ] GC(45) Old regions: 33->34
[2025-12-24T14:45:11.639+0000][gc,heap     ] GC(45) Humongous regions: 11->11
[2025-12-24T14:45:11.639+0000][gc,metaspace] GC(45) Metaspace: 11767K(12160K)->11767K(12160K) NonClass: 10706K(10880K)->10706K(10880K) Class: 1061K(1280K)->1061K(1280K)
[2025-12-24T14:45:11.639+0000][gc          ] GC(45) Pause Young (Normal) (G1 Evacuation Pause) 657M->61M(1024M) 26.287ms
[2025-12-24T14:45:11.639+0000][gc,cpu      ] GC(45) User=0.16s Sys=0.00s Real=0.02s
[2025-12-24T14:46:11.314+0000][gc,start    ] GC(46) Pause Young (Normal) (G1 Evacuation Pause)
[2025-12-24T14:46:11.314+0000][gc,task     ] GC(46) Using 8 workers of 8 for evacuation
[2025-12-24T14:46:11.338+0000][gc,phases   ] GC(46)   Pre Evacuate Collection Set: 1.4ms
[2025-12-24T14:46:11.338+0000][gc,phases   ] GC(46)   Merge Heap Roots: 0.7ms
[2025-12-24T14:46:11.338+0000][gc,phases   ] GC(46)   Evacuate Collection Set: 19.4ms
[2025-12-24T14:46:11.338+0000][gc,phases   ] GC(46)   Post Evacuate Collection Set: 2.0ms
[2025-12-24T14:46:11.338+0000][gc,phases   ] GC(46)   Other: 0.4ms
[2025-12-24T14:46:11.339+0000][gc,heap     ] GC(46) Eden regions: 597->0(598)
[2025-12-24T14:46:11.339+0000][gc,heap     ] GC(46) Survivor regions: 17->16(77)
[2025-12-24T14:46:11.339+0000][gc,heap     ] GC(46) Old regions: 34->35
[2025-12-24T14:46:11.339+0000][gc,heap     ] GC(46) Humongous regions: 11->11
[2025-12-24T14:46:11.339+0000][gc,metaspace] GC(46) Metaspace: 11783K(12160K)->11783K(12160K) NonClass: 10721K(10880K)->10721K(10880K) Class: 1061K(1280K)->1061K(1280K)
[2025-12-24T14:46:11.339+0000][gc          ] GC(46) Pause Young (Normal) (G1 Evacuation Pause) 658M->61M(1024M) 25.254ms
[2025-12-24T14:46:11.339+0000][gc,cpu      ] GC(46) User=0.17s Sys=0.00s Real=0.03s
[2025-12-24T14:47:01.481+0000][gc,start    ] GC(47) Pause Young (Normal) (G1 Evacuation Pause)
[2025-12-24T14:47:01.482+0000][gc,task     ] GC(47) Using 8 workers of 8 for evacuation
[2025-12-24T14:47:01.508+0000][gc,phases   ] GC(47)   Pre Evacuate Collection Set: 1.1ms
[2025-12-24T14:47:01.508+0000][gc,phases   ] GC(47)   Merge Heap Roots: 0.3ms
[2025-12-24T14:47:01.508+0000][gc,phases   ] GC(47)   Evacuate Collection Set: 20.3ms
[2025-12-24T14:47:01.508+0000][gc,phases   ] GC(47)   Post Evacuate Collection Set: 2.9ms
[2025-12-24T14:47:01.508+0000][gc,phases   ] GC(47)   Other: 0.4ms
[2025-12-24T14:47:01.508+0000][gc,heap     ] GC(47) Eden regions: 598->0(597)
[2025-12-24T14:47:01.508+0000][gc,heap     ] GC(47) Survivor regions: 16->17(77)
[2025-12-24T14:47:01.508+0000][gc,heap     ] GC(47) Old regions: 35->36
[2025-12-24T14:47:01.508+0000][gc,heap     ] GC(47) Humongous regions: 11->11
[2025-12-24T14:47:01.508+0000][gc,metaspace] GC(47) Metaspace: 11787K(12160K)->11787K(12160K) NonClass: 10725K(10880K)->10725K(10880K) Class: 1061K(1280K)->1061K(1280K)
[2025-12-24T14:47:01.509+0000][gc          ] GC(47) Pause Young (Normal) (G1 Evacuation Pause) 659M->63M(1024M) 27.280ms
[2025-12-24T14:47:01.509+0000][gc,cpu      ] GC(47) User=0.16s Sys=0.01s Real=0.03s
[2025-12-24T14:47:51.596+0000][gc,start    ] GC(48) Pause Young (Normal) (G1 Evacuation Pause)
[2025-12-24T14:47:51.598+0000][gc,task     ] GC(48) Using 8 workers of 8 for evacuation
[2025-12-24T14:47:51.624+0000][gc,phases   ] GC(48)   Pre Evacuate Collection Set: 1.0ms
[2025-12-24T14:47:51.624+0000][gc,phases   ] GC(48)   Merge Heap Roots: 0.3ms
[2025-12-24T14:47:51.624+0000][gc,phases   ] GC(48)   Evacuate Collection Set: 23.6ms
[2025-12-24T14:47:51.624+0000][gc,phases   ] GC(48)   Post Evacuate Collection Set: 1.1ms
[2025-12-24T14:47:51.624+0000][gc,phases   ] GC(48)   Other: 0.2ms
[2025-12-24T14:47:51.624+0000][gc,heap     ] GC(48) Eden regions: 597->0(597)
[2025-12-24T14:47:51.624+0000][gc,heap     ] GC(48) Survivor regions: 17->17(77)
[2025-12-24T14:47:51.624+0000][gc,heap     ] GC(48) Old regions: 36->37
[2025-12-24T14:47:51.624+0000][gc,heap     ] GC(48) Humongous regions: 11->11
[2025-12-24T14:47:51.624+0000][gc,metaspace] GC(48) Metaspace: 11797K(12224K)->11797K(12224K) NonClass: 10735K(10944K)->10735K(10944K) Class: 1061K(1280K)->1061K(1280K)
[2025-12-24T14:47:51.625+0000][gc          ] GC(48) Pause Young (Normal) (G1 Evacuation Pause) 660M->64M(1024M) 28.114ms
[2025-12-24T14:47:51.625+0000][gc,cpu      ] GC(48) User=0.15s Sys=0.00s Real=0.02s
[2025-12-24T14:48:51.340+0000][gc,start    ] GC(49) Pause Young (Normal) (G1 Evacuation Pause)
[2025-12-24T14:48:51.340+0000][gc,task     ] GC(49) Using 8 workers of 8 for evacuation
[2025-12-24T14:48:51.379+0000][gc,phases   ] GC(49)   Pre Evacuate Collection Set: 1.2ms
[2025-12-24T14:48:51.379+0000][gc,phases   ] GC(49)   Merge Heap Roots: 0.3ms
[2025-12-24T14:48:51.379+0000][gc,phases   ] GC(49)   Evacuate Collection Set: 34.8ms
[2025-12-24T14:48:51.379+0000][gc,phases   ] GC(49)   Post Evacuate Collection Set: 1.8ms
[2025-12-24T14:48:51.380+0000][gc,phases   ] GC(49)   Other: 0.4ms
[2025-12-24T14:48:51.380+0000][gc,heap     ] GC(49) Eden regions: 597->0(598)
[2025-12-24T14:48:51.380+0000][gc,heap     ] GC(49) Survivor regions: 17->16(77)
[2025-12-24T14:48:51.380+0000][gc,heap     ] GC(49) Old regions: 37->38
[2025-12-24T14:48:51.380+0000][gc,heap     ] GC(49) Humongous regions: 11->11
[2025-12-24T14:48:51.380+0000][gc,metaspace] GC(49) Metaspace: 11815K(12224K)->11815K(12224K) NonClass: 10753K(10944K)->10753K(10944K) Class: 1061K(1280K)->1061K(1280K)
[2025-12-24T14:48:51.380+0000][gc          ] GC(49) Pause Young (Normal) (G1 Evacuation Pause) 661M->64M(1024M) 40.409ms
[2025-12-24T14:48:51.381+0000][gc,cpu      ] GC(49) User=0.27s Sys=0.01s Real=0.04s
[2025-12-24T14:49:41.461+0000][gc,start    ] GC(50) Pause Young (Normal) (G1 Evacuation Pause)
[2025-12-24T14:49:41.462+0000][gc,task     ] GC(50) Using 8 workers of 8 for evacuation
[2025-12-24T14:49:41.493+0000][gc,phases   ] GC(50)   Pre Evacuate Collection Set: 4.1ms
[2025-12-24T14:49:41.494+0000][gc,phases   ] GC(50)   Merge Heap Roots: 0.9ms
[2025-12-24T14:49:41.494+0000][gc,phases   ] GC(50)   Evacuate Collection Set: 24.8ms
[2025-12-24T14:49:41.494+0000][gc,phases   ] GC(50)   Post Evacuate Collection Set: 1.0ms
[2025-12-24T14:49:41.494+0000][gc,phases   ] GC(50)   Other: 1.2ms
[2025-12-24T14:49:41.494+0000][gc,heap     ] GC(50) Eden regions: 598->0(597)
[2025-12-24T14:49:41.494+0000][gc,heap     ] GC(50) Survivor regions: 16->17(77)
[2025-12-24T14:49:41.494+0000][gc,heap     ] GC(50) Old regions: 38->39
[2025-12-24T14:49:41.494+0000][gc,heap     ] GC(50) Humongous regions: 11->11
[2025-12-24T14:49:41.494+0000][gc,metaspace] GC(50) Metaspace: 11909K(12288K)->11909K(12288K) NonClass: 10847K(11008K)->10847K(11008K) Class: 1061K(1280K)->1061K(1280K)
[2025-12-24T14:49:41.494+0000][gc          ] GC(50) Pause Young (Normal) (G1 Evacuation Pause) 662M->66M(1024M) 33.134ms
[2025-12-24T14:49:41.494+0000][gc,cpu      ] GC(50) User=0.19s Sys=0.00s Real=0.03s
[2025-12-24T14:50:31.554+0000][gc,start    ] GC(51) Pause Young (Normal) (G1 Evacuation Pause)
[2025-12-24T14:50:31.554+0000][gc,task     ] GC(51) Using 8 workers of 8 for evacuation
[2025-12-24T14:50:31.574+0000][gc,phases   ] GC(51)   Pre Evacuate Collection Set: 0.9ms
[2025-12-24T14:50:31.575+0000][gc,phases   ] GC(51)   Merge Heap Roots: 0.3ms
[2025-12-24T14:50:31.575+0000][gc,phases   ] GC(51)   Evacuate Collection Set: 17.9ms
[2025-12-24T14:50:31.575+0000][gc,phases   ] GC(51)   Post Evacuate Collection Set: 1.0ms
[2025-12-24T14:50:31.575+0000][gc,phases   ] GC(51)   Other: 0.2ms
[2025-12-24T14:50:31.575+0000][gc,heap     ] GC(51) Eden regions: 597->0(597)
[2025-12-24T14:50:31.575+0000][gc,heap     ] GC(51) Survivor regions: 17->17(77)
[2025-12-24T14:50:31.575+0000][gc,heap     ] GC(51) Old regions: 39->40
[2025-12-24T14:50:31.575+0000][gc,heap     ] GC(51) Humongous regions: 11->11
[2025-12-24T14:50:31.575+0000][gc,metaspace] GC(51) Metaspace: 11972K(12416K)->11972K(12416K) NonClass: 10911K(11136K)->10911K(11136K) Class: 1061K(1280K)->1061K(1280K)
[2025-12-24T14:50:31.575+0000][gc          ] GC(51) Pause Young (Normal) (G1 Evacuation Pause) 663M->67M(1024M) 21.307ms
[2025-12-24T14:50:31.575+0000][gc,cpu      ] GC(51) User=0.15s Sys=0.00s Real=0.02s
[2025-12-24T14:51:31.409+0000][gc,start    ] GC(52) Pause Young (Normal) (G1 Evacuation Pause)
[2025-12-24T14:51:31.417+0000][gc,task     ] GC(52) Using 8 workers of 8 for evacuation
[2025-12-24T14:51:31.469+0000][gc,phases   ] GC(52)   Pre Evacuate Collection Set: 1.7ms
[2025-12-24T14:51:31.469+0000][gc,phases   ] GC(52)   Merge Heap Roots: 0.4ms
[2025-12-24T14:51:31.469+0000][gc,phases   ] GC(52)   Evacuate Collection Set: 46.9ms
[2025-12-24T14:51:31.469+0000][gc,phases   ] GC(52)   Post Evacuate Collection Set: 2.7ms
[2025-12-24T14:51:31.469+0000][gc,phases   ] GC(52)   Other: 3.4ms
[2025-12-24T14:51:31.469+0000][gc,heap     ] GC(52) Eden regions: 597->0(598)
[2025-12-24T14:51:31.469+0000][gc,heap     ] GC(52) Survivor regions: 17->16(77)
[2025-12-24T14:51:31.469+0000][gc,heap     ] GC(52) Old regions: 40->41
[2025-12-24T14:51:31.470+0000][gc,heap     ] GC(52) Humongous regions: 11->11
[2025-12-24T14:51:31.470+0000][gc,metaspace] GC(52) Metaspace: 11975K(12416K)->11975K(12416K) NonClass: 10913K(11136K)->10913K(11136K) Class: 1062K(1280K)->1062K(1280K)
[2025-12-24T14:51:31.470+0000][gc          ] GC(52) Pause Young (Normal) (G1 Evacuation Pause) 664M->67M(1024M) 60.647ms
[2025-12-24T14:51:31.470+0000][gc,cpu      ] GC(52) User=0.38s Sys=0.01s Real=0.06s
[2025-12-24T14:53:48.400+0000][gc,start    ] GC(53) Pause Young (Normal) (G1 Evacuation Pause)
[2025-12-24T14:53:48.401+0000][gc,task     ] GC(53) Using 8 workers of 8 for evacuation
[2025-12-24T14:53:48.428+0000][gc,phases   ] GC(53)   Pre Evacuate Collection Set: 1.0ms
[2025-12-24T14:53:48.428+0000][gc,phases   ] GC(53)   Merge Heap Roots: 0.3ms
[2025-12-24T14:53:48.428+0000][gc,phases   ] GC(53)   Evacuate Collection Set: 24.1ms
[2025-12-24T14:53:48.428+0000][gc,phases   ] GC(53)   Post Evacuate Collection Set: 1.2ms
[2025-12-24T14:53:48.428+0000][gc,phases   ] GC(53)   Other: 0.3ms
[2025-12-24T14:53:48.428+0000][gc,heap     ] GC(53) Eden regions: 598->0(598)
[2025-12-24T14:53:48.428+0000][gc,heap     ] GC(53) Survivor regions: 16->16(77)
[2025-12-24T14:53:48.428+0000][gc,heap     ] GC(53) Old regions: 41->42
[2025-12-24T14:53:48.428+0000][gc,heap     ] GC(53) Humongous regions: 11->11
[2025-12-24T14:53:48.428+0000][gc,metaspace] GC(53) Metaspace: 11996K(12416K)->11996K(12416K) NonClass: 10934K(11136K)->10934K(11136K) Class: 1062K(1280K)->1062K(1280K)
[2025-12-24T14:53:48.428+0000][gc          ] GC(53) Pause Young (Normal) (G1 Evacuation Pause) 665M->68M(1024M) 28.887ms
[2025-12-24T14:53:48.429+0000][gc,cpu      ] GC(53) User=0.20s Sys=0.00s Real=0.03s
[2025-12-24T14:54:38.911+0000][gc,start    ] GC(54) Pause Young (Normal) (G1 Evacuation Pause)
[2025-12-24T14:54:38.913+0000][gc,task     ] GC(54) Using 8 workers of 8 for evacuation
[2025-12-24T14:54:38.945+0000][gc,phases   ] GC(54)   Pre Evacuate Collection Set: 2.3ms
[2025-12-24T14:54:38.945+0000][gc,phases   ] GC(54)   Merge Heap Roots: 1.3ms
[2025-12-24T14:54:38.945+0000][gc,phases   ] GC(54)   Evacuate Collection Set: 26.3ms
[2025-12-24T14:54:38.945+0000][gc,phases   ] GC(54)   Post Evacuate Collection Set: 1.6ms
[2025-12-24T14:54:38.946+0000][gc,phases   ] GC(54)   Other: 0.7ms
[2025-12-24T14:54:38.946+0000][gc,heap     ] GC(54) Eden regions: 598->0(599)
[2025-12-24T14:54:38.946+0000][gc,heap     ] GC(54) Survivor regions: 16->15(77)
[2025-12-24T14:54:38.946+0000][gc,heap     ] GC(54) Old regions: 42->43
[2025-12-24T14:54:38.946+0000][gc,heap     ] GC(54) Humongous regions: 11->11
[2025-12-24T14:54:38.946+0000][gc,metaspace] GC(54) Metaspace: 11996K(12416K)->11996K(12416K) NonClass: 10934K(11136K)->10934K(11136K) Class: 1062K(1280K)->1062K(1280K)
[2025-12-24T14:54:38.946+0000][gc          ] GC(54) Pause Young (Normal) (G1 Evacuation Pause) 666M->68M(1024M) 34.645ms
[2025-12-24T14:54:38.946+0000][gc,cpu      ] GC(54) User=0.20s Sys=0.01s Real=0.04s
[2025-12-24T14:55:38.300+0000][gc,start    ] GC(55) Pause Young (Normal) (G1 Evacuation Pause)
[2025-12-24T14:55:38.301+0000][gc,task     ] GC(55) Using 8 workers of 8 for evacuation
[2025-12-24T14:55:38.381+0000][gc,phases   ] GC(55)   Pre Evacuate Collection Set: 1.3ms
[2025-12-24T14:55:38.381+0000][gc,phases   ] GC(55)   Merge Heap Roots: 0.5ms
[2025-12-24T14:55:38.381+0000][gc,phases   ] GC(55)   Evacuate Collection Set: 76.1ms
[2025-12-24T14:55:38.381+0000][gc,phases   ] GC(55)   Post Evacuate Collection Set: 1.9ms
[2025-12-24T14:55:38.381+0000][gc,phases   ] GC(55)   Other: 0.2ms
[2025-12-24T14:55:38.381+0000][gc,heap     ] GC(55) Eden regions: 599->0(600)
[2025-12-24T14:55:38.382+0000][gc,heap     ] GC(55) Survivor regions: 15->14(77)
[2025-12-24T14:55:38.382+0000][gc,heap     ] GC(55) Old regions: 43->45
[2025-12-24T14:55:38.382+0000][gc,heap     ] GC(55) Humongous regions: 11->11
[2025-12-24T14:55:38.382+0000][gc,metaspace] GC(55) Metaspace: 11996K(12416K)->11996K(12416K) NonClass: 10934K(11136K)->10934K(11136K) Class: 1062K(1280K)->1062K(1280K)
[2025-12-24T14:55:38.382+0000][gc          ] GC(55) Pause Young (Normal) (G1 Evacuation Pause) 667M->68M(1024M) 81.973ms
[2025-12-24T14:55:38.382+0000][gc,cpu      ] GC(55) User=0.40s Sys=0.07s Real=0.09s
[2025-12-24T14:56:28.453+0000][gc,start    ] GC(56) Pause Young (Normal) (G1 Evacuation Pause)
[2025-12-24T14:56:28.454+0000][gc,task     ] GC(56) Using 8 workers of 8 for evacuation
[2025-12-24T14:56:28.480+0000][gc,phases   ] GC(56)   Pre Evacuate Collection Set: 1.1ms
[2025-12-24T14:56:28.481+0000][gc,phases   ] GC(56)   Merge Heap Roots: 0.4ms
[2025-12-24T14:56:28.481+0000][gc,phases   ] GC(56)   Evacuate Collection Set: 22.7ms
[2025-12-24T14:56:28.481+0000][gc,phases   ] GC(56)   Post Evacuate Collection Set: 2.1ms
[2025-12-24T14:56:28.481+0000][gc,phases   ] GC(56)   Other: 0.4ms
[2025-12-24T14:56:28.481+0000][gc,heap     ] GC(56) Eden regions: 600->0(600)
[2025-12-24T14:56:28.481+0000][gc,heap     ] GC(56) Survivor regions: 14->14(77)
[2025-12-24T14:56:28.481+0000][gc,heap     ] GC(56) Old regions: 45->46
[2025-12-24T14:56:28.481+0000][gc,heap     ] GC(56) Humongous regions: 11->11
[2025-12-24T14:56:28.481+0000][gc,metaspace] GC(56) Metaspace: 11996K(12416K)->11996K(12416K) NonClass: 10934K(11136K)->10934K(11136K) Class: 1062K(1280K)->1062K(1280K)
[2025-12-24T14:56:28.482+0000][gc          ] GC(56) Pause Young (Normal) (G1 Evacuation Pause) 668M->69M(1024M) 28.726ms
[2025-12-24T14:56:28.482+0000][gc,cpu      ] GC(56) User=0.19s Sys=0.01s Real=0.03s
[2025-12-24T14:57:18.626+0000][gc,start    ] GC(57) Pause Young (Normal) (G1 Evacuation Pause)
[2025-12-24T14:57:18.626+0000][gc,task     ] GC(57) Using 8 workers of 8 for evacuation
[2025-12-24T14:57:18.661+0000][gc,phases   ] GC(57)   Pre Evacuate Collection Set: 3.0ms
[2025-12-24T14:57:18.662+0000][gc,phases   ] GC(57)   Merge Heap Roots: 5.4ms
[2025-12-24T14:57:18.662+0000][gc,phases   ] GC(57)   Evacuate Collection Set: 25.0ms
[2025-12-24T14:57:18.662+0000][gc,phases   ] GC(57)   Post Evacuate Collection Set: 1.7ms
[2025-12-24T14:57:18.662+0000][gc,phases   ] GC(57)   Other: 0.3ms
[2025-12-24T14:57:18.662+0000][gc,heap     ] GC(57) Eden regions: 600->0(602)
[2025-12-24T14:57:18.662+0000][gc,heap     ] GC(57) Survivor regions: 14->12(77)
[2025-12-24T14:57:18.662+0000][gc,heap     ] GC(57) Old regions: 46->47
[2025-12-24T14:57:18.662+0000][gc,heap     ] GC(57) Humongous regions: 11->11
[2025-12-24T14:57:18.662+0000][gc,metaspace] GC(57) Metaspace: 12007K(12416K)->12007K(12416K) NonClass: 10945K(11136K)->10945K(11136K) Class: 1062K(1280K)->1062K(1280K)
[2025-12-24T14:57:18.663+0000][gc          ] GC(57) Pause Young (Normal) (G1 Evacuation Pause) 669M->68M(1024M) 37.034ms
[2025-12-24T14:57:18.663+0000][gc,cpu      ] GC(57) User=0.20s Sys=0.00s Real=0.03s
[2025-12-24T14:58:18.399+0000][gc,start    ] GC(58) Pause Young (Normal) (G1 Evacuation Pause)
[2025-12-24T14:58:18.400+0000][gc,task     ] GC(58) Using 8 workers of 8 for evacuation
[2025-12-24T14:58:18.426+0000][gc,phases   ] GC(58)   Pre Evacuate Collection Set: 1.5ms
[2025-12-24T14:58:18.426+0000][gc,phases   ] GC(58)   Merge Heap Roots: 0.6ms
[2025-12-24T14:58:18.426+0000][gc,phases   ] GC(58)   Evacuate Collection Set: 20.8ms
[2025-12-24T14:58:18.426+0000][gc,phases   ] GC(58)   Post Evacuate Collection Set: 2.7ms
[2025-12-24T14:58:18.426+0000][gc,phases   ] GC(58)   Other: 0.6ms
[2025-12-24T14:58:18.426+0000][gc,heap     ] GC(58) Eden regions: 602->0(603)
[2025-12-24T14:58:18.426+0000][gc,heap     ] GC(58) Survivor regions: 12->11(77)
[2025-12-24T14:58:18.426+0000][gc,heap     ] GC(58) Old regions: 47->48
[2025-12-24T14:58:18.426+0000][gc,heap     ] GC(58) Humongous regions: 11->11
[2025-12-24T14:58:18.426+0000][gc,metaspace] GC(58) Metaspace: 12007K(12416K)->12007K(12416K) NonClass: 10945K(11136K)->10945K(11136K) Class: 1062K(1280K)->1062K(1280K)
[2025-12-24T14:58:18.426+0000][gc          ] GC(58) Pause Young (Normal) (G1 Evacuation Pause) 670M->69M(1024M) 27.774ms
[2025-12-24T14:58:18.426+0000][gc,cpu      ] GC(58) User=0.17s Sys=0.00s Real=0.03s
[2025-12-24T14:59:08.586+0000][gc,start    ] GC(59) Pause Young (Normal) (G1 Evacuation Pause)
[2025-12-24T14:59:08.587+0000][gc,task     ] GC(59) Using 8 workers of 8 for evacuation
[2025-12-24T14:59:08.613+0000][gc,phases   ] GC(59)   Pre Evacuate Collection Set: 1.2ms
[2025-12-24T14:59:08.613+0000][gc,phases   ] GC(59)   Merge Heap Roots: 0.4ms
[2025-12-24T14:59:08.613+0000][gc,phases   ] GC(59)   Evacuate Collection Set: 22.6ms
[2025-12-24T14:59:08.613+0000][gc,phases   ] GC(59)   Post Evacuate Collection Set: 1.4ms
[2025-12-24T14:59:08.613+0000][gc,phases   ] GC(59)   Other: 0.4ms
[2025-12-24T14:59:08.613+0000][gc,heap     ] GC(59) Eden regions: 603->0(603)
[2025-12-24T14:59:08.613+0000][gc,heap     ] GC(59) Survivor regions: 11->11(77)
[2025-12-24T14:59:08.613+0000][gc,heap     ] GC(59) Old regions: 48->49
[2025-12-24T14:59:08.613+0000][gc,heap     ] GC(59) Humongous regions: 11->11
[2025-12-24T14:59:08.613+0000][gc,metaspace] GC(59) Metaspace: 12007K(12416K)->12007K(12416K) NonClass: 10945K(11136K)->10945K(11136K) Class: 1062K(1280K)->1062K(1280K)
[2025-12-24T14:59:08.613+0000][gc          ] GC(59) Pause Young (Normal) (G1 Evacuation Pause) 672M->69M(1024M) 27.345ms
[2025-12-24T14:59:08.613+0000][gc,cpu      ] GC(59) User=0.16s Sys=0.01s Real=0.03s
[2025-12-24T15:00:08.339+0000][gc,start    ] GC(60) Pause Young (Normal) (G1 Evacuation Pause)
[2025-12-24T15:00:08.339+0000][gc,task     ] GC(60) Using 8 workers of 8 for evacuation
[2025-12-24T15:00:08.353+0000][gc,phases   ] GC(60)   Pre Evacuate Collection Set: 1.2ms
[2025-12-24T15:00:08.354+0000][gc,phases   ] GC(60)   Merge Heap Roots: 0.4ms
[2025-12-24T15:00:08.354+0000][gc,phases   ] GC(60)   Evacuate Collection Set: 11.3ms
[2025-12-24T15:00:08.354+0000][gc,phases   ] GC(60)   Post Evacuate Collection Set: 1.1ms
[2025-12-24T15:00:08.354+0000][gc,phases   ] GC(60)   Other: 0.2ms
[2025-12-24T15:00:08.354+0000][gc,heap     ] GC(60) Eden regions: 603->0(605)
[2025-12-24T15:00:08.354+0000][gc,heap     ] GC(60) Survivor regions: 11->9(77)
[2025-12-24T15:00:08.354+0000][gc,heap     ] GC(60) Old regions: 49->50
[2025-12-24T15:00:08.354+0000][gc,heap     ] GC(60) Humongous regions: 11->11
[2025-12-24T15:00:08.354+0000][gc,metaspace] GC(60) Metaspace: 12011K(12416K)->12011K(12416K) NonClass: 10949K(11136K)->10949K(11136K) Class: 1062K(1280K)->1062K(1280K)
[2025-12-24T15:00:08.354+0000][gc          ] GC(60) Pause Young (Normal) (G1 Evacuation Pause) 672M->68M(1024M) 15.614ms
[2025-12-24T15:00:08.354+0000][gc,cpu      ] GC(60) User=0.08s Sys=0.01s Real=0.02s
[2025-12-24T15:00:58.533+0000][gc,start    ] GC(61) Pause Young (Normal) (G1 Evacuation Pause)
[2025-12-24T15:00:58.534+0000][gc,task     ] GC(61) Using 8 workers of 8 for evacuation
[2025-12-24T15:00:58.555+0000][gc,phases   ] GC(61)   Pre Evacuate Collection Set: 1.1ms
[2025-12-24T15:00:58.556+0000][gc,phases   ] GC(61)   Merge Heap Roots: 0.4ms
[2025-12-24T15:00:58.556+0000][gc,phases   ] GC(61)   Evacuate Collection Set: 18.7ms
[2025-12-24T15:00:58.556+0000][gc,phases   ] GC(61)   Post Evacuate Collection Set: 1.2ms
[2025-12-24T15:00:58.556+0000][gc,phases   ] GC(61)   Other: 0.4ms
[2025-12-24T15:00:58.556+0000][gc,heap     ] GC(61) Eden regions: 605->0(605)
[2025-12-24T15:00:58.556+0000][gc,heap     ] GC(61) Survivor regions: 9->9(77)
[2025-12-24T15:00:58.556+0000][gc,heap     ] GC(61) Old regions: 50->51
[2025-12-24T15:00:58.556+0000][gc,heap     ] GC(61) Humongous regions: 11->11
[2025-12-24T15:00:58.556+0000][gc,metaspace] GC(61) Metaspace: 12011K(12416K)->12011K(12416K) NonClass: 10949K(11136K)->10949K(11136K) Class: 1062K(1280K)->1062K(1280K)
[2025-12-24T15:00:58.556+0000][gc          ] GC(61) Pause Young (Normal) (G1 Evacuation Pause) 673M->69M(1024M) 23.624ms
[2025-12-24T15:00:58.556+0000][gc,cpu      ] GC(61) User=0.12s Sys=0.00s Real=0.02s
[2025-12-24T15:01:58.316+0000][gc,start    ] GC(62) Pause Young (Normal) (G1 Evacuation Pause)
[2025-12-24T15:01:58.317+0000][gc,task     ] GC(62) Using 8 workers of 8 for evacuation
[2025-12-24T15:01:58.334+0000][gc,phases   ] GC(62)   Pre Evacuate Collection Set: 1.0ms
[2025-12-24T15:01:58.334+0000][gc,phases   ] GC(62)   Merge Heap Roots: 0.3ms
[2025-12-24T15:01:58.334+0000][gc,phases   ] GC(62)   Evacuate Collection Set: 14.5ms
[2025-12-24T15:01:58.334+0000][gc,phases   ] GC(62)   Post Evacuate Collection Set: 1.1ms
[2025-12-24T15:01:58.334+0000][gc,phases   ] GC(62)   Other: 0.3ms
[2025-12-24T15:01:58.334+0000][gc,heap     ] GC(62) Eden regions: 605->0(607)
[2025-12-24T15:01:58.335+0000][gc,heap     ] GC(62) Survivor regions: 9->7(77)
[2025-12-24T15:01:58.335+0000][gc,heap     ] GC(62) Old regions: 51->52
[2025-12-24T15:01:58.335+0000][gc,heap     ] GC(62) Humongous regions: 11->11
[2025-12-24T15:01:58.335+0000][gc,metaspace] GC(62) Metaspace: 12019K(12416K)->12019K(12416K) NonClass: 10957K(11136K)->10957K(11136K) Class: 1062K(1280K)->1062K(1280K)
[2025-12-24T15:01:58.335+0000][gc          ] GC(62) Pause Young (Normal) (G1 Evacuation Pause) 674M->68M(1024M) 18.669ms
[2025-12-24T15:01:58.335+0000][gc,cpu      ] GC(62) User=0.12s Sys=0.00s Real=0.02s
[2025-12-24T15:02:48.854+0000][gc,start    ] GC(63) Pause Young (Normal) (G1 Evacuation Pause)
[2025-12-24T15:02:48.854+0000][gc,task     ] GC(63) Using 8 workers of 8 for evacuation
[2025-12-24T15:02:48.890+0000][gc,phases   ] GC(63)   Pre Evacuate Collection Set: 4.0ms
[2025-12-24T15:02:48.890+0000][gc,phases   ] GC(63)   Merge Heap Roots: 1.2ms
[2025-12-24T15:02:48.892+0000][gc,phases   ] GC(63)   Evacuate Collection Set: 25.4ms
[2025-12-24T15:02:48.892+0000][gc,phases   ] GC(63)   Post Evacuate Collection Set: 4.3ms
[2025-12-24T15:02:48.893+0000][gc,phases   ] GC(63)   Other: 0.7ms
[2025-12-24T15:02:48.893+0000][gc,heap     ] GC(63) Eden regions: 607->0(607)
[2025-12-24T15:02:48.893+0000][gc,heap     ] GC(63) Survivor regions: 7->7(77)
[2025-12-24T15:02:48.893+0000][gc,heap     ] GC(63) Old regions: 52->53
[2025-12-24T15:02:48.893+0000][gc,heap     ] GC(63) Humongous regions: 11->11
[2025-12-24T15:02:48.893+0000][gc,metaspace] GC(63) Metaspace: 12019K(12416K)->12019K(12416K) NonClass: 10957K(11136K)->10957K(11136K) Class: 1062K(1280K)->1062K(1280K)
[2025-12-24T15:02:48.894+0000][gc          ] GC(63) Pause Young (Normal) (G1 Evacuation Pause) 675M->69M(1024M) 40.748ms
[2025-12-24T15:02:48.894+0000][gc,cpu      ] GC(63) User=0.14s Sys=0.06s Real=0.04s
[2025-12-24T15:03:48.458+0000][gc,start    ] GC(64) Pause Young (Normal) (G1 Evacuation Pause)
[2025-12-24T15:03:48.460+0000][gc,task     ] GC(64) Using 8 workers of 8 for evacuation
[2025-12-24T15:03:48.489+0000][gc,phases   ] GC(64)   Pre Evacuate Collection Set: 3.4ms
[2025-12-24T15:03:48.490+0000][gc,phases   ] GC(64)   Merge Heap Roots: 3.2ms
[2025-12-24T15:03:48.490+0000][gc,phases   ] GC(64)   Evacuate Collection Set: 18.3ms
[2025-12-24T15:03:48.490+0000][gc,phases   ] GC(64)   Post Evacuate Collection Set: 1.7ms
[2025-12-24T15:03:48.490+0000][gc,phases   ] GC(64)   Other: 3.6ms
[2025-12-24T15:03:48.490+0000][gc,heap     ] GC(64) Eden regions: 607->0(609)
[2025-12-24T15:03:48.490+0000][gc,heap     ] GC(64) Survivor regions: 7->5(77)
[2025-12-24T15:03:48.490+0000][gc,heap     ] GC(64) Old regions: 53->54
[2025-12-24T15:03:48.490+0000][gc,heap     ] GC(64) Humongous regions: 11->11
[2025-12-24T15:03:48.490+0000][gc,metaspace] GC(64) Metaspace: 12021K(12416K)->12021K(12416K) NonClass: 10959K(11136K)->10959K(11136K) Class: 1062K(1280K)->1062K(1280K)
[2025-12-24T15:03:48.491+0000][gc          ] GC(64) Pause Young (Normal) (G1 Evacuation Pause) 676M->68M(1024M) 32.310ms
[2025-12-24T15:03:48.491+0000][gc,cpu      ] GC(64) User=0.17s Sys=0.02s Real=0.04s
[2025-12-24T15:04:38.446+0000][gc,start    ] GC(65) Pause Young (Normal) (G1 Evacuation Pause)
[2025-12-24T15:04:38.447+0000][gc,task     ] GC(65) Using 8 workers of 8 for evacuation
[2025-12-24T15:04:38.463+0000][gc,phases   ] GC(65)   Pre Evacuate Collection Set: 1.0ms
[2025-12-24T15:04:38.463+0000][gc,phases   ] GC(65)   Merge Heap Roots: 0.4ms
[2025-12-24T15:04:38.463+0000][gc,phases   ] GC(65)   Evacuate Collection Set: 12.6ms
[2025-12-24T15:04:38.464+0000][gc,phases   ] GC(65)   Post Evacuate Collection Set: 1.6ms
[2025-12-24T15:04:38.464+0000][gc,phases   ] GC(65)   Other: 0.4ms
[2025-12-24T15:04:38.464+0000][gc,heap     ] GC(65) Eden regions: 609->0(609)
[2025-12-24T15:04:38.464+0000][gc,heap     ] GC(65) Survivor regions: 5->5(77)
[2025-12-24T15:04:38.464+0000][gc,heap     ] GC(65) Old regions: 54->55
[2025-12-24T15:04:38.464+0000][gc,heap     ] GC(65) Humongous regions: 11->11
[2025-12-24T15:04:38.464+0000][gc,metaspace] GC(65) Metaspace: 12026K(12416K)->12026K(12416K) NonClass: 10963K(11136K)->10963K(11136K) Class: 1062K(1280K)->1062K(1280K)
[2025-12-24T15:04:38.464+0000][gc          ] GC(65) Pause Young (Normal) (G1 Evacuation Pause) 677M->69M(1024M) 17.971ms
[2025-12-24T15:04:38.464+0000][gc,cpu      ] GC(65) User=0.11s Sys=0.00s Real=0.02s
[2025-12-24T15:05:38.255+0000][gc,start    ] GC(66) Pause Young (Normal) (G1 Evacuation Pause)
[2025-12-24T15:05:38.256+0000][gc,task     ] GC(66) Using 8 workers of 8 for evacuation
[2025-12-24T15:05:38.265+0000][gc,phases   ] GC(66)   Pre Evacuate Collection Set: 1.2ms
[2025-12-24T15:05:38.265+0000][gc,phases   ] GC(66)   Merge Heap Roots: 0.4ms
[2025-12-24T15:05:38.265+0000][gc,phases   ] GC(66)   Evacuate Collection Set: 6.4ms
[2025-12-24T15:05:38.265+0000][gc,phases   ] GC(66)   Post Evacuate Collection Set: 1.1ms
[2025-12-24T15:05:38.265+0000][gc,phases   ] GC(66)   Other: 0.2ms
[2025-12-24T15:05:38.265+0000][gc,heap     ] GC(66) Eden regions: 609->0(611)
[2025-12-24T15:05:38.265+0000][gc,heap     ] GC(66) Survivor regions: 5->3(77)
[2025-12-24T15:05:38.265+0000][gc,heap     ] GC(66) Old regions: 55->56
[2025-12-24T15:05:38.265+0000][gc,heap     ] GC(66) Humongous regions: 11->11
[2025-12-24T15:05:38.266+0000][gc,metaspace] GC(66) Metaspace: 12036K(12416K)->12036K(12416K) NonClass: 10974K(11136K)->10974K(11136K) Class: 1062K(1280K)->1062K(1280K)
[2025-12-24T15:05:38.266+0000][gc          ] GC(66) Pause Young (Normal) (G1 Evacuation Pause) 678M->68M(1024M) 10.488ms
[2025-12-24T15:05:38.266+0000][gc,cpu      ] GC(66) User=0.05s Sys=0.00s Real=0.02s
[2025-12-24T15:06:28.431+0000][gc,start    ] GC(67) Pause Young (Normal) (G1 Evacuation Pause)
[2025-12-24T15:06:28.431+0000][gc,task     ] GC(67) Using 8 workers of 8 for evacuation
[2025-12-24T15:06:28.441+0000][gc,phases   ] GC(67)   Pre Evacuate Collection Set: 1.0ms
[2025-12-24T15:06:28.442+0000][gc,phases   ] GC(67)   Merge Heap Roots: 0.3ms
[2025-12-24T15:06:28.442+0000][gc,phases   ] GC(67)   Evacuate Collection Set: 6.9ms
[2025-12-24T15:06:28.442+0000][gc,phases   ] GC(67)   Post Evacuate Collection Set: 1.5ms
[2025-12-24T15:06:28.442+0000][gc,phases   ] GC(67)   Other: 0.2ms
[2025-12-24T15:06:28.442+0000][gc,heap     ] GC(67) Eden regions: 611->0(612)
[2025-12-24T15:06:28.442+0000][gc,heap     ] GC(67) Survivor regions: 3->2(77)
[2025-12-24T15:06:28.442+0000][gc,heap     ] GC(67) Old regions: 56->57
[2025-12-24T15:06:28.442+0000][gc,heap     ] GC(67) Humongous regions: 11->11
[2025-12-24T15:06:28.442+0000][gc,metaspace] GC(67) Metaspace: 12036K(12416K)->12036K(12416K) NonClass: 10974K(11136K)->10974K(11136K) Class: 1062K(1280K)->1062K(1280K)
[2025-12-24T15:06:28.442+0000][gc          ] GC(67) Pause Young (Normal) (G1 Evacuation Pause) 679M->69M(1024M) 11.263ms
[2025-12-24T15:06:28.442+0000][gc,cpu      ] GC(67) User=0.05s Sys=0.00s Real=0.01s
[2025-12-24T15:07:28.267+0000][gc,start    ] GC(68) Pause Young (Normal) (G1 Evacuation Pause)
[2025-12-24T15:07:28.268+0000][gc,task     ] GC(68) Using 8 workers of 8 for evacuation
[2025-12-24T15:07:28.278+0000][gc,phases   ] GC(68)   Pre Evacuate Collection Set: 1.1ms
[2025-12-24T15:07:28.278+0000][gc,phases   ] GC(68)   Merge Heap Roots: 0.3ms
[2025-12-24T15:07:28.278+0000][gc,phases   ] GC(68)   Evacuate Collection Set: 6.3ms
[2025-12-24T15:07:28.278+0000][gc,phases   ] GC(68)   Post Evacuate Collection Set: 1.3ms
[2025-12-24T15:07:28.278+0000][gc,phases   ] GC(68)   Other: 0.5ms
[2025-12-24T15:07:28.278+0000][gc,heap     ] GC(68) Eden regions: 612->0(613)
[2025-12-24T15:07:28.278+0000][gc,heap     ] GC(68) Survivor regions: 2->1(77)
[2025-12-24T15:07:28.278+0000][gc,heap     ] GC(68) Old regions: 57->58
[2025-12-24T15:07:28.278+0000][gc,heap     ] GC(68) Humongous regions: 11->11
[2025-12-24T15:07:28.278+0000][gc,metaspace] GC(68) Metaspace: 12038K(12416K)->12038K(12416K) NonClass: 10975K(11136K)->10975K(11136K) Class: 1062K(1280K)->1062K(1280K)
[2025-12-24T15:07:28.279+0000][gc          ] GC(68) Pause Young (Normal) (G1 Evacuation Pause) 681M->68M(1024M) 11.499ms
[2025-12-24T15:07:28.279+0000][gc,cpu      ] GC(68) User=0.05s Sys=0.00s Real=0.01s
[2025-12-24T15:08:18.456+0000][gc,start    ] GC(69) Pause Young (Normal) (G1 Evacuation Pause)
[2025-12-24T15:08:18.456+0000][gc,task     ] GC(69) Using 8 workers of 8 for evacuation
[2025-12-24T15:08:18.472+0000][gc,phases   ] GC(69)   Pre Evacuate Collection Set: 1.1ms
[2025-12-24T15:08:18.472+0000][gc,phases   ] GC(69)   Merge Heap Roots: 0.2ms
[2025-12-24T15:08:18.472+0000][gc,phases   ] GC(69)   Evacuate Collection Set: 11.8ms
[2025-12-24T15:08:18.473+0000][gc,phases   ] GC(69)   Post Evacuate Collection Set: 2.4ms
[2025-12-24T15:08:18.473+0000][gc,phases   ] GC(69)   Other: 0.3ms
[2025-12-24T15:08:18.473+0000][gc,heap     ] GC(69) Eden regions: 613->0(612)
[2025-12-24T15:08:18.473+0000][gc,heap     ] GC(69) Survivor regions: 1->2(77)
[2025-12-24T15:08:18.473+0000][gc,heap     ] GC(69) Old regions: 58->58
[2025-12-24T15:08:18.473+0000][gc,heap     ] GC(69) Humongous regions: 11->11
[2025-12-24T15:08:18.473+0000][gc,metaspace] GC(69) Metaspace: 12042K(12416K)->12042K(12416K) NonClass: 10980K(11136K)->10980K(11136K) Class: 1062K(1280K)->1062K(1280K)
[2025-12-24T15:08:18.473+0000][gc          ] GC(69) Pause Young (Normal) (G1 Evacuation Pause) 681M->69M(1024M) 17.056ms
[2025-12-24T15:08:18.473+0000][gc,cpu      ] GC(69) User=0.09s Sys=0.01s Real=0.02s
[2025-12-24T15:09:18.285+0000][gc,start    ] GC(70) Pause Young (Normal) (G1 Evacuation Pause)
[2025-12-24T15:09:18.286+0000][gc,task     ] GC(70) Using 8 workers of 8 for evacuation
[2025-12-24T15:09:18.302+0000][gc,phases   ] GC(70)   Pre Evacuate Collection Set: 1.0ms
[2025-12-24T15:09:18.303+0000][gc,phases   ] GC(70)   Merge Heap Roots: 0.2ms
[2025-12-24T15:09:18.303+0000][gc,phases   ] GC(70)   Evacuate Collection Set: 10.1ms
[2025-12-24T15:09:18.303+0000][gc,phases   ] GC(70)   Post Evacuate Collection Set: 4.5ms
[2025-12-24T15:09:18.303+0000][gc,phases   ] GC(70)   Other: 0.4ms
[2025-12-24T15:09:18.304+0000][gc,heap     ] GC(70) Eden regions: 612->0(612)
[2025-12-24T15:09:18.304+0000][gc,heap     ] GC(70) Survivor regions: 2->2(77)
[2025-12-24T15:09:18.304+0000][gc,heap     ] GC(70) Old regions: 58->58
[2025-12-24T15:09:18.304+0000][gc,heap     ] GC(70) Humongous regions: 29->29
[2025-12-24T15:09:18.308+0000][gc,metaspace] GC(70) Metaspace: 12144K(12544K)->12144K(12544K) NonClass: 11064K(11264K)->11064K(11264K) Class: 1080K(1280K)->1080K(1280K)
[2025-12-24T15:09:18.308+0000][gc          ] GC(70) Pause Young (Normal) (G1 Evacuation Pause) 699M->87M(1024M) 22.701ms
[2025-12-24T15:09:18.308+0000][gc,cpu      ] GC(70) User=0.03s Sys=0.01s Real=0.02s
[2025-12-24T15:10:08.479+0000][gc,start    ] GC(71) Pause Young (Normal) (G1 Evacuation Pause)
[2025-12-24T15:10:08.480+0000][gc,task     ] GC(71) Using 8 workers of 8 for evacuation
[2025-12-24T15:10:08.500+0000][gc,phases   ] GC(71)   Pre Evacuate Collection Set: 1.3ms
[2025-12-24T15:10:08.500+0000][gc,phases   ] GC(71)   Merge Heap Roots: 0.4ms
[2025-12-24T15:10:08.500+0000][gc,phases   ] GC(71)   Evacuate Collection Set: 15.2ms
[2025-12-24T15:10:08.500+0000][gc,phases   ] GC(71)   Post Evacuate Collection Set: 2.5ms
[2025-12-24T15:10:08.500+0000][gc,phases   ] GC(71)   Other: 0.6ms
[2025-12-24T15:10:08.500+0000][gc,heap     ] GC(71) Eden regions: 612->0(612)
[2025-12-24T15:10:08.500+0000][gc,heap     ] GC(71) Survivor regions: 2->2(77)
[2025-12-24T15:10:08.501+0000][gc,heap     ] GC(71) Old regions: 58->58
[2025-12-24T15:10:08.501+0000][gc,heap     ] GC(71) Humongous regions: 29->29
[2025-12-24T15:10:08.501+0000][gc,metaspace] GC(71) Metaspace: 12168K(12544K)->12168K(12544K) NonClass: 11080K(11264K)->11080K(11264K) Class: 1088K(1280K)->1088K(1280K)
[2025-12-24T15:10:08.501+0000][gc          ] GC(71) Pause Young (Normal) (G1 Evacuation Pause) 699M->88M(1024M) 21.641ms
[2025-12-24T15:10:08.501+0000][gc,cpu      ] GC(71) User=0.12s Sys=0.00s Real=0.03s
[2025-12-24T15:11:08.291+0000][gc,start    ] GC(72) Pause Young (Normal) (G1 Evacuation Pause)
[2025-12-24T15:11:08.291+0000][gc,task     ] GC(72) Using 8 workers of 8 for evacuation
[2025-12-24T15:11:08.308+0000][gc,phases   ] GC(72)   Pre Evacuate Collection Set: 1.4ms
[2025-12-24T15:11:08.308+0000][gc,phases   ] GC(72)   Merge Heap Roots: 1.2ms
[2025-12-24T15:11:08.308+0000][gc,phases   ] GC(72)   Evacuate Collection Set: 10.5ms
[2025-12-24T15:11:08.308+0000][gc,phases   ] GC(72)   Post Evacuate Collection Set: 3.2ms
[2025-12-24T15:11:08.308+0000][gc,phases   ] GC(72)   Other: 0.6ms
[2025-12-24T15:11:08.308+0000][gc,heap     ] GC(72) Eden regions: 612->0(612)
[2025-12-24T15:11:08.309+0000][gc,heap     ] GC(72) Survivor regions: 2->2(77)
[2025-12-24T15:11:08.309+0000][gc,heap     ] GC(72) Old regions: 58->58
[2025-12-24T15:11:08.309+0000][gc,heap     ] GC(72) Humongous regions: 29->29
[2025-12-24T15:11:08.309+0000][gc,metaspace] GC(72) Metaspace: 12169K(12544K)->12169K(12544K) NonClass: 11081K(11264K)->11081K(11264K) Class: 1088K(1280K)->1088K(1280K)
[2025-12-24T15:11:08.309+0000][gc          ] GC(72) Pause Young (Normal) (G1 Evacuation Pause) 700M->87M(1024M) 18.234ms
[2025-12-24T15:11:08.309+0000][gc,cpu      ] GC(72) User=0.09s Sys=0.01s Real=0.02s
[2025-12-24T15:11:58.498+0000][gc,start    ] GC(73) Pause Young (Normal) (G1 Evacuation Pause)
[2025-12-24T15:11:58.498+0000][gc,task     ] GC(73) Using 8 workers of 8 for evacuation
[2025-12-24T15:11:58.507+0000][gc,phases   ] GC(73)   Pre Evacuate Collection Set: 1.0ms
[2025-12-24T15:11:58.507+0000][gc,phases   ] GC(73)   Merge Heap Roots: 0.2ms
[2025-12-24T15:11:58.507+0000][gc,phases   ] GC(73)   Evacuate Collection Set: 5.3ms
[2025-12-24T15:11:58.507+0000][gc,phases   ] GC(73)   Post Evacuate Collection Set: 1.9ms
[2025-12-24T15:11:58.507+0000][gc,phases   ] GC(73)   Other: 0.2ms
[2025-12-24T15:11:58.507+0000][gc,heap     ] GC(73) Eden regions: 612->0(612)
[2025-12-24T15:11:58.507+0000][gc,heap     ] GC(73) Survivor regions: 2->2(77)
[2025-12-24T15:11:58.508+0000][gc,heap     ] GC(73) Old regions: 58->58
[2025-12-24T15:11:58.508+0000][gc,heap     ] GC(73) Humongous regions: 29->29
[2025-12-24T15:11:58.508+0000][gc,metaspace] GC(73) Metaspace: 12171K(12544K)->12171K(12544K) NonClass: 11083K(11264K)->11083K(11264K) Class: 1088K(1280K)->1088K(1280K)
[2025-12-24T15:11:58.508+0000][gc          ] GC(73) Pause Young (Normal) (G1 Evacuation Pause) 699M->88M(1024M) 9.884ms
[2025-12-24T15:11:58.508+0000][gc,cpu      ] GC(73) User=0.05s Sys=0.00s Real=0.01s
[2025-12-24T15:12:58.347+0000][gc,start    ] GC(74) Pause Young (Normal) (G1 Evacuation Pause)
[2025-12-24T15:12:58.347+0000][gc,task     ] GC(74) Using 8 workers of 8 for evacuation
[2025-12-24T15:12:58.356+0000][gc,phases   ] GC(74)   Pre Evacuate Collection Set: 1.0ms
[2025-12-24T15:12:58.356+0000][gc,phases   ] GC(74)   Merge Heap Roots: 0.2ms
[2025-12-24T15:12:58.356+0000][gc,phases   ] GC(74)   Evacuate Collection Set: 6.1ms
[2025-12-24T15:12:58.357+0000][gc,phases   ] GC(74)   Post Evacuate Collection Set: 1.3ms
[2025-12-24T15:12:58.357+0000][gc,phases   ] GC(74)   Other: 0.4ms
[2025-12-24T15:12:58.357+0000][gc,heap     ] GC(74) Eden regions: 612->0(612)
[2025-12-24T15:12:58.357+0000][gc,heap     ] GC(74) Survivor regions: 2->2(77)
[2025-12-24T15:12:58.357+0000][gc,heap     ] GC(74) Old regions: 58->58
[2025-12-24T15:12:58.357+0000][gc,heap     ] GC(74) Humongous regions: 29->29
[2025-12-24T15:12:58.357+0000][gc,metaspace] GC(74) Metaspace: 12271K(12608K)->12271K(12608K) NonClass: 11183K(11328K)->11183K(11328K) Class: 1088K(1280K)->1088K(1280K)
[2025-12-24T15:12:58.357+0000][gc          ] GC(74) Pause Young (Normal) (G1 Evacuation Pause) 700M->87M(1024M) 10.348ms
[2025-12-24T15:12:58.357+0000][gc,cpu      ] GC(74) User=0.04s Sys=0.00s Real=0.01s
[2025-12-24T15:13:48.490+0000][gc,start    ] GC(75) Pause Young (Normal) (G1 Evacuation Pause)
[2025-12-24T15:13:48.491+0000][gc,task     ] GC(75) Using 8 workers of 8 for evacuation
[2025-12-24T15:13:48.505+0000][gc,phases   ] GC(75)   Pre Evacuate Collection Set: 1.0ms
[2025-12-24T15:13:48.505+0000][gc,phases   ] GC(75)   Merge Heap Roots: 0.2ms
[2025-12-24T15:13:48.505+0000][gc,phases   ] GC(75)   Evacuate Collection Set: 9.4ms
[2025-12-24T15:13:48.505+0000][gc,phases   ] GC(75)   Post Evacuate Collection Set: 3.4ms
[2025-12-24T15:13:48.505+0000][gc,phases   ] GC(75)   Other: 0.4ms
[2025-12-24T15:13:48.505+0000][gc,heap     ] GC(75) Eden regions: 612->0(612)
[2025-12-24T15:13:48.505+0000][gc,heap     ] GC(75) Survivor regions: 2->2(77)
[2025-12-24T15:13:48.505+0000][gc,heap     ] GC(75) Old regions: 58->58
[2025-12-24T15:13:48.506+0000][gc,heap     ] GC(75) Humongous regions: 29->29
[2025-12-24T15:13:48.506+0000][gc,metaspace] GC(75) Metaspace: 12271K(12608K)->12271K(12608K) NonClass: 11183K(11328K)->11183K(11328K) Class: 1088K(1280K)->1088K(1280K)
[2025-12-24T15:13:48.506+0000][gc          ] GC(75) Pause Young (Normal) (G1 Evacuation Pause) 699M->88M(1024M) 15.885ms
[2025-12-24T15:13:48.506+0000][gc,cpu      ] GC(75) User=0.09s Sys=0.00s Real=0.02s
[2025-12-24T15:14:48.346+0000][gc,start    ] GC(76) Pause Young (Normal) (G1 Evacuation Pause)
[2025-12-24T15:14:48.348+0000][gc,task     ] GC(76) Using 8 workers of 8 for evacuation
[2025-12-24T15:14:48.360+0000][gc,phases   ] GC(76)   Pre Evacuate Collection Set: 2.7ms
[2025-12-24T15:14:48.360+0000][gc,phases   ] GC(76)   Merge Heap Roots: 0.6ms
[2025-12-24T15:14:48.360+0000][gc,phases   ] GC(76)   Evacuate Collection Set: 5.5ms
[2025-12-24T15:14:48.360+0000][gc,phases   ] GC(76)   Post Evacuate Collection Set: 1.4ms
[2025-12-24T15:14:48.360+0000][gc,phases   ] GC(76)   Other: 2.0ms
[2025-12-24T15:14:48.360+0000][gc,heap     ] GC(76) Eden regions: 612->0(612)
[2025-12-24T15:14:48.360+0000][gc,heap     ] GC(76) Survivor regions: 2->2(77)
[2025-12-24T15:14:48.360+0000][gc,heap     ] GC(76) Old regions: 58->58
[2025-12-24T15:14:48.360+0000][gc,heap     ] GC(76) Humongous regions: 29->29
[2025-12-24T15:14:48.361+0000][gc,metaspace] GC(76) Metaspace: 12271K(12608K)->12271K(12608K) NonClass: 11183K(11328K)->11183K(11328K) Class: 1088K(1280K)->1088K(1280K)
[2025-12-24T15:14:48.361+0000][gc          ] GC(76) Pause Young (Normal) (G1 Evacuation Pause) 700M->87M(1024M) 14.509ms
[2025-12-24T15:14:48.361+0000][gc,cpu      ] GC(76) User=0.05s Sys=0.00s Real=0.02s
[2025-12-24T15:15:38.618+0000][gc,start    ] GC(77) Pause Young (Normal) (G1 Evacuation Pause)
[2025-12-24T15:15:38.619+0000][gc,task     ] GC(77) Using 8 workers of 8 for evacuation
[2025-12-24T15:15:38.632+0000][gc,phases   ] GC(77)   Pre Evacuate Collection Set: 1.0ms
[2025-12-24T15:15:38.632+0000][gc,phases   ] GC(77)   Merge Heap Roots: 0.2ms
[2025-12-24T15:15:38.632+0000][gc,phases   ] GC(77)   Evacuate Collection Set: 9.0ms
[2025-12-24T15:15:38.632+0000][gc,phases   ] GC(77)   Post Evacuate Collection Set: 2.5ms
[2025-12-24T15:15:38.632+0000][gc,phases   ] GC(77)   Other: 0.2ms
[2025-12-24T15:15:38.632+0000][gc,heap     ] GC(77) Eden regions: 612->0(612)
[2025-12-24T15:15:38.632+0000][gc,heap     ] GC(77) Survivor regions: 2->2(77)
[2025-12-24T15:15:38.632+0000][gc,heap     ] GC(77) Old regions: 58->58
[2025-12-24T15:15:38.632+0000][gc,heap     ] GC(77) Humongous regions: 29->29
[2025-12-24T15:15:38.633+0000][gc,metaspace] GC(77) Metaspace: 12271K(12608K)->12271K(12608K) NonClass: 11183K(11328K)->11183K(11328K) Class: 1088K(1280K)->1088K(1280K)
[2025-12-24T15:15:38.633+0000][gc          ] GC(77) Pause Young (Normal) (G1 Evacuation Pause) 699M->88M(1024M) 14.164ms
[2025-12-24T15:15:38.633+0000][gc,cpu      ] GC(77) User=0.08s Sys=0.00s Real=0.01s
[2025-12-24T15:16:38.323+0000][gc,start    ] GC(78) Pause Young (Normal) (G1 Evacuation Pause)
[2025-12-24T15:16:38.323+0000][gc,task     ] GC(78) Using 8 workers of 8 for evacuation
[2025-12-24T15:16:38.338+0000][gc,phases   ] GC(78)   Pre Evacuate Collection Set: 2.8ms
[2025-12-24T15:16:38.338+0000][gc,phases   ] GC(78)   Merge Heap Roots: 1.0ms
[2025-12-24T15:16:38.338+0000][gc,phases   ] GC(78)   Evacuate Collection Set: 9.4ms
[2025-12-24T15:16:38.338+0000][gc,phases   ] GC(78)   Post Evacuate Collection Set: 1.3ms
[2025-12-24T15:16:38.338+0000][gc,phases   ] GC(78)   Other: 0.2ms
[2025-12-24T15:16:38.339+0000][gc,heap     ] GC(78) Eden regions: 612->0(612)
[2025-12-24T15:16:38.339+0000][gc,heap     ] GC(78) Survivor regions: 2->2(77)
[2025-12-24T15:16:38.339+0000][gc,heap     ] GC(78) Old regions: 58->58
[2025-12-24T15:16:38.339+0000][gc,heap     ] GC(78) Humongous regions: 29->29
[2025-12-24T15:16:38.339+0000][gc,metaspace] GC(78) Metaspace: 12271K(12608K)->12271K(12608K) NonClass: 11183K(11328K)->11183K(11328K) Class: 1088K(1280K)->1088K(1280K)
[2025-12-24T15:16:38.339+0000][gc          ] GC(78) Pause Young (Normal) (G1 Evacuation Pause) 700M->87M(1024M) 15.783ms
[2025-12-24T15:16:38.339+0000][gc,cpu      ] GC(78) User=0.10s Sys=0.00s Real=0.02s
[2025-12-24T15:17:28.504+0000][gc,start    ] GC(79) Pause Young (Normal) (G1 Evacuation Pause)
[2025-12-24T15:17:28.504+0000][gc,task     ] GC(79) Using 8 workers of 8 for evacuation
[2025-12-24T15:17:28.519+0000][gc,phases   ] GC(79)   Pre Evacuate Collection Set: 1.0ms
[2025-12-24T15:17:28.519+0000][gc,phases   ] GC(79)   Merge Heap Roots: 0.2ms
[2025-12-24T15:17:28.519+0000][gc,phases   ] GC(79)   Evacuate Collection Set: 10.7ms
[2025-12-24T15:17:28.519+0000][gc,phases   ] GC(79)   Post Evacuate Collection Set: 2.5ms
[2025-12-24T15:17:28.519+0000][gc,phases   ] GC(79)   Other: 0.3ms
[2025-12-24T15:17:28.520+0000][gc,heap     ] GC(79) Eden regions: 612->0(612)
[2025-12-24T15:17:28.520+0000][gc,heap     ] GC(79) Survivor regions: 2->2(77)
[2025-12-24T15:17:28.520+0000][gc,heap     ] GC(79) Old regions: 58->58
[2025-12-24T15:17:28.520+0000][gc,heap     ] GC(79) Humongous regions: 29->29
[2025-12-24T15:17:28.520+0000][gc,metaspace] GC(79) Metaspace: 12271K(12608K)->12271K(12608K) NonClass: 11183K(11328K)->11183K(11328K) Class: 1088K(1280K)->1088K(1280K)
[2025-12-24T15:17:28.520+0000][gc          ] GC(79) Pause Young (Normal) (G1 Evacuation Pause) 699M->88M(1024M) 16.066ms
[2025-12-24T15:17:28.520+0000][gc,cpu      ] GC(79) User=0.08s Sys=0.00s Real=0.01s
[2025-12-24T15:18:28.347+0000][gc,start    ] GC(80) Pause Young (Normal) (G1 Evacuation Pause)
[2025-12-24T15:18:28.348+0000][gc,task     ] GC(80) Using 8 workers of 8 for evacuation
[2025-12-24T15:18:28.353+0000][gc,phases   ] GC(80)   Pre Evacuate Collection Set: 0.9ms
[2025-12-24T15:18:28.353+0000][gc,phases   ] GC(80)   Merge Heap Roots: 0.2ms
[2025-12-24T15:18:28.353+0000][gc,phases   ] GC(80)   Evacuate Collection Set: 2.6ms
[2025-12-24T15:18:28.353+0000][gc,phases   ] GC(80)   Post Evacuate Collection Set: 1.5ms
[2025-12-24T15:18:28.353+0000][gc,phases   ] GC(80)   Other: 0.2ms
[2025-12-24T15:18:28.353+0000][gc,heap     ] GC(80) Eden regions: 612->0(612)
[2025-12-24T15:18:28.354+0000][gc,heap     ] GC(80) Survivor regions: 2->2(77)
[2025-12-24T15:18:28.354+0000][gc,heap     ] GC(80) Old regions: 58->58
[2025-12-24T15:18:28.354+0000][gc,heap     ] GC(80) Humongous regions: 29->29
[2025-12-24T15:18:28.354+0000][gc,metaspace] GC(80) Metaspace: 12277K(12608K)->12277K(12608K) NonClass: 11188K(11328K)->11188K(11328K) Class: 1088K(1280K)->1088K(1280K)
[2025-12-24T15:18:28.354+0000][gc          ] GC(80) Pause Young (Normal) (G1 Evacuation Pause) 700M->87M(1024M) 6.543ms
[2025-12-24T15:18:28.354+0000][gc,cpu      ] GC(80) User=0.03s Sys=0.00s Real=0.01s
[2025-12-24T15:19:18.528+0000][gc,start    ] GC(81) Pause Young (Normal) (G1 Evacuation Pause)
[2025-12-24T15:19:18.529+0000][gc,task     ] GC(81) Using 8 workers of 8 for evacuation
[2025-12-24T15:19:18.539+0000][gc,phases   ] GC(81)   Pre Evacuate Collection Set: 4.6ms
[2025-12-24T15:19:18.539+0000][gc,phases   ] GC(81)   Merge Heap Roots: 0.3ms
[2025-12-24T15:19:18.539+0000][gc,phases   ] GC(81)   Evacuate Collection Set: 4.1ms
[2025-12-24T15:19:18.539+0000][gc,phases   ] GC(81)   Post Evacuate Collection Set: 1.3ms
[2025-12-24T15:19:18.540+0000][gc,phases   ] GC(81)   Other: 0.3ms
[2025-12-24T15:19:18.540+0000][gc,heap     ] GC(81) Eden regions: 612->0(612)
[2025-12-24T15:19:18.540+0000][gc,heap     ] GC(81) Survivor regions: 2->2(77)
[2025-12-24T15:19:18.540+0000][gc,heap     ] GC(81) Old regions: 58->58
[2025-12-24T15:19:18.540+0000][gc,heap     ] GC(81) Humongous regions: 29->29
[2025-12-24T15:19:18.540+0000][gc,metaspace] GC(81) Metaspace: 12277K(12608K)->12277K(12608K) NonClass: 11188K(11328K)->11188K(11328K) Class: 1088K(1280K)->1088K(1280K)
[2025-12-24T15:19:18.540+0000][gc          ] GC(81) Pause Young (Normal) (G1 Evacuation Pause) 699M->88M(1024M) 12.429ms
[2025-12-24T15:19:18.540+0000][gc,cpu      ] GC(81) User=0.06s Sys=0.00s Real=0.02s
[2025-12-24T15:20:18.343+0000][gc,start    ] GC(82) Pause Young (Normal) (G1 Evacuation Pause)
[2025-12-24T15:20:18.344+0000][gc,task     ] GC(82) Using 8 workers of 8 for evacuation
[2025-12-24T15:20:18.358+0000][gc,phases   ] GC(82)   Pre Evacuate Collection Set: 1.8ms
[2025-12-24T15:20:18.358+0000][gc,phases   ] GC(82)   Merge Heap Roots: 1.5ms
[2025-12-24T15:20:18.358+0000][gc,phases   ] GC(82)   Evacuate Collection Set: 4.8ms
[2025-12-24T15:20:18.358+0000][gc,phases   ] GC(82)   Post Evacuate Collection Set: 5.0ms
[2025-12-24T15:20:18.358+0000][gc,phases   ] GC(82)   Other: 0.5ms
[2025-12-24T15:20:18.358+0000][gc,heap     ] GC(82) Eden regions: 612->0(612)
[2025-12-24T15:20:18.358+0000][gc,heap     ] GC(82) Survivor regions: 2->2(77)
[2025-12-24T15:20:18.358+0000][gc,heap     ] GC(82) Old regions: 58->58
[2025-12-24T15:20:18.358+0000][gc,heap     ] GC(82) Humongous regions: 29->29
[2025-12-24T15:20:18.358+0000][gc,metaspace] GC(82) Metaspace: 12278K(12608K)->12278K(12608K) NonClass: 11189K(11328K)->11189K(11328K) Class: 1088K(1280K)->1088K(1280K)
[2025-12-24T15:20:18.358+0000][gc          ] GC(82) Pause Young (Normal) (G1 Evacuation Pause) 700M->87M(1024M) 14.912ms
[2025-12-24T15:20:18.358+0000][gc,cpu      ] GC(82) User=0.07s Sys=0.01s Real=0.02s
[2025-12-24T15:21:08.510+0000][gc,start    ] GC(83) Pause Young (Normal) (G1 Evacuation Pause)
[2025-12-24T15:21:08.510+0000][gc,task     ] GC(83) Using 8 workers of 8 for evacuation
[2025-12-24T15:21:08.526+0000][gc,phases   ] GC(83)   Pre Evacuate Collection Set: 2.5ms
[2025-12-24T15:21:08.526+0000][gc,phases   ] GC(83)   Merge Heap Roots: 1.1ms
[2025-12-24T15:21:08.526+0000][gc,phases   ] GC(83)   Evacuate Collection Set: 8.8ms
[2025-12-24T15:21:08.526+0000][gc,phases   ] GC(83)   Post Evacuate Collection Set: 3.0ms
[2025-12-24T15:21:08.526+0000][gc,phases   ] GC(83)   Other: 0.2ms
[2025-12-24T15:21:08.526+0000][gc,heap     ] GC(83) Eden regions: 612->0(612)
[2025-12-24T15:21:08.526+0000][gc,heap     ] GC(83) Survivor regions: 2->2(77)
[2025-12-24T15:21:08.526+0000][gc,heap     ] GC(83) Old regions: 58->58
[2025-12-24T15:21:08.526+0000][gc,heap     ] GC(83) Humongous regions: 29->29
[2025-12-24T15:21:08.526+0000][gc,metaspace] GC(83) Metaspace: 12278K(12608K)->12278K(12608K) NonClass: 11189K(11328K)->11189K(11328K) Class: 1088K(1280K)->1088K(1280K)
[2025-12-24T15:21:08.526+0000][gc          ] GC(83) Pause Young (Normal) (G1 Evacuation Pause) 699M->88M(1024M) 16.816ms
[2025-12-24T15:21:08.526+0000][gc,cpu      ] GC(83) User=0.08s Sys=0.00s Real=0.02s
[2025-12-24T15:22:08.343+0000][gc,start    ] GC(84) Pause Young (Normal) (G1 Evacuation Pause)
[2025-12-24T15:22:08.344+0000][gc,task     ] GC(84) Using 8 workers of 8 for evacuation
[2025-12-24T15:22:08.354+0000][gc,phases   ] GC(84)   Pre Evacuate Collection Set: 1.3ms
[2025-12-24T15:22:08.354+0000][gc,phases   ] GC(84)   Merge Heap Roots: 0.2ms
[2025-12-24T15:22:08.354+0000][gc,phases   ] GC(84)   Evacuate Collection Set: 6.4ms
[2025-12-24T15:22:08.354+0000][gc,phases   ] GC(84)   Post Evacuate Collection Set: 1.2ms
[2025-12-24T15:22:08.354+0000][gc,phases   ] GC(84)   Other: 0.4ms
[2025-12-24T15:22:08.354+0000][gc,heap     ] GC(84) Eden regions: 612->0(612)
[2025-12-24T15:22:08.354+0000][gc,heap     ] GC(84) Survivor regions: 2->2(77)
[2025-12-24T15:22:08.354+0000][gc,heap     ] GC(84) Old regions: 58->58
[2025-12-24T15:22:08.354+0000][gc,heap     ] GC(84) Humongous regions: 29->29
[2025-12-24T15:22:08.354+0000][gc,metaspace] GC(84) Metaspace: 12278K(12608K)->12278K(12608K) NonClass: 11189K(11328K)->11189K(11328K) Class: 1088K(1280K)->1088K(1280K)
[2025-12-24T15:22:08.354+0000][gc          ] GC(84) Pause Young (Normal) (G1 Evacuation Pause) 700M->87M(1024M) 11.037ms
[2025-12-24T15:22:08.354+0000][gc,cpu      ] GC(84) User=0.06s Sys=0.00s Real=0.01s
[2025-12-24T15:22:58.487+0000][gc,start    ] GC(85) Pause Young (Normal) (G1 Evacuation Pause)
[2025-12-24T15:22:58.488+0000][gc,task     ] GC(85) Using 8 workers of 8 for evacuation
[2025-12-24T15:22:58.495+0000][gc,phases   ] GC(85)   Pre Evacuate Collection Set: 1.2ms
[2025-12-24T15:22:58.495+0000][gc,phases   ] GC(85)   Merge Heap Roots: 0.2ms
[2025-12-24T15:22:58.495+0000][gc,phases   ] GC(85)   Evacuate Collection Set: 3.6ms
[2025-12-24T15:22:58.495+0000][gc,phases   ] GC(85)   Post Evacuate Collection Set: 1.5ms
[2025-12-24T15:22:58.495+0000][gc,phases   ] GC(85)   Other: 0.2ms
[2025-12-24T15:22:58.495+0000][gc,heap     ] GC(85) Eden regions: 612->0(612)
[2025-12-24T15:22:58.495+0000][gc,heap     ] GC(85) Survivor regions: 2->2(77)
[2025-12-24T15:22:58.495+0000][gc,heap     ] GC(85) Old regions: 58->58
[2025-12-24T15:22:58.495+0000][gc,heap     ] GC(85) Humongous regions: 29->29
[2025-12-24T15:22:58.495+0000][gc,metaspace] GC(85) Metaspace: 12279K(12608K)->12279K(12608K) NonClass: 11190K(11328K)->11190K(11328K) Class: 1088K(1280K)->1088K(1280K)
[2025-12-24T15:22:58.495+0000][gc          ] GC(85) Pause Young (Normal) (G1 Evacuation Pause) 699M->88M(1024M) 7.916ms
[2025-12-24T15:22:58.495+0000][gc,cpu      ] GC(85) User=0.03s Sys=0.00s Real=0.00s
[2025-12-24T15:23:58.313+0000][gc,start    ] GC(86) Pause Young (Normal) (G1 Evacuation Pause)
[2025-12-24T15:23:58.314+0000][gc,task     ] GC(86) Using 8 workers of 8 for evacuation
[2025-12-24T15:23:58.324+0000][gc,phases   ] GC(86)   Pre Evacuate Collection Set: 1.4ms
[2025-12-24T15:23:58.324+0000][gc,phases   ] GC(86)   Merge Heap Roots: 0.2ms
[2025-12-24T15:23:58.324+0000][gc,phases   ] GC(86)   Evacuate Collection Set: 7.0ms
[2025-12-24T15:23:58.324+0000][gc,phases   ] GC(86)   Post Evacuate Collection Set: 1.5ms
[2025-12-24T15:23:58.325+0000][gc,phases   ] GC(86)   Other: 0.2ms
[2025-12-24T15:23:58.325+0000][gc,heap     ] GC(86) Eden regions: 612->0(613)
[2025-12-24T15:23:58.325+0000][gc,heap     ] GC(86) Survivor regions: 2->1(77)
[2025-12-24T15:23:58.325+0000][gc,heap     ] GC(86) Old regions: 58->58
[2025-12-24T15:23:58.325+0000][gc,heap     ] GC(86) Humongous regions: 29->29
[2025-12-24T15:23:58.325+0000][gc,metaspace] GC(86) Metaspace: 12281K(12672K)->12281K(12672K) NonClass: 11193K(11392K)->11193K(11392K) Class: 1088K(1280K)->1088K(1280K)
[2025-12-24T15:23:58.325+0000][gc          ] GC(86) Pause Young (Normal) (G1 Evacuation Pause) 700M->87M(1024M) 11.792ms
[2025-12-24T15:23:58.325+0000][gc,cpu      ] GC(86) User=0.05s Sys=0.00s Real=0.01s
[2025-12-24T15:24:48.489+0000][gc,start    ] GC(87) Pause Young (Normal) (G1 Evacuation Pause)
[2025-12-24T15:24:48.490+0000][gc,task     ] GC(87) Using 8 workers of 8 for evacuation
[2025-12-24T15:24:48.495+0000][gc,phases   ] GC(87)   Pre Evacuate Collection Set: 1.0ms
[2025-12-24T15:24:48.495+0000][gc,phases   ] GC(87)   Merge Heap Roots: 0.2ms
[2025-12-24T15:24:48.496+0000][gc,phases   ] GC(87)   Evacuate Collection Set: 2.8ms
[2025-12-24T15:24:48.496+0000][gc,phases   ] GC(87)   Post Evacuate Collection Set: 1.2ms
[2025-12-24T15:24:48.496+0000][gc,phases   ] GC(87)   Other: 0.3ms
[2025-12-24T15:24:48.496+0000][gc,heap     ] GC(87) Eden regions: 613->0(612)
[2025-12-24T15:24:48.496+0000][gc,heap     ] GC(87) Survivor regions: 1->2(77)
[2025-12-24T15:24:48.496+0000][gc,heap     ] GC(87) Old regions: 58->58
[2025-12-24T15:24:48.496+0000][gc,heap     ] GC(87) Humongous regions: 29->29
[2025-12-24T15:24:48.496+0000][gc,metaspace] GC(87) Metaspace: 12281K(12672K)->12281K(12672K) NonClass: 11193K(11392K)->11193K(11392K) Class: 1088K(1280K)->1088K(1280K)
[2025-12-24T15:24:48.496+0000][gc          ] GC(87) Pause Young (Normal) (G1 Evacuation Pause) 700M->88M(1024M) 6.673ms
[2025-12-24T15:24:48.496+0000][gc,cpu      ] GC(87) User=0.02s Sys=0.00s Real=0.01s
[2025-12-24T15:25:48.321+0000][gc,start    ] GC(88) Pause Young (Normal) (G1 Evacuation Pause)
[2025-12-24T15:25:48.321+0000][gc,task     ] GC(88) Using 8 workers of 8 for evacuation
[2025-12-24T15:25:48.326+0000][gc,phases   ] GC(88)   Pre Evacuate Collection Set: 1.0ms
[2025-12-24T15:25:48.326+0000][gc,phases   ] GC(88)   Merge Heap Roots: 0.2ms
[2025-12-24T15:25:48.326+0000][gc,phases   ] GC(88)   Evacuate Collection Set: 2.4ms
[2025-12-24T15:25:48.326+0000][gc,phases   ] GC(88)   Post Evacuate Collection Set: 1.1ms
[2025-12-24T15:25:48.326+0000][gc,phases   ] GC(88)   Other: 0.2ms
[2025-12-24T15:25:48.326+0000][gc,heap     ] GC(88) Eden regions: 612->0(612)
[2025-12-24T15:25:48.326+0000][gc,heap     ] GC(88) Survivor regions: 2->2(77)
[2025-12-24T15:25:48.326+0000][gc,heap     ] GC(88) Old regions: 58->58
[2025-12-24T15:25:48.326+0000][gc,heap     ] GC(88) Humongous regions: 29->29
[2025-12-24T15:25:48.326+0000][gc,metaspace] GC(88) Metaspace: 12282K(12672K)->12282K(12672K) NonClass: 11193K(11392K)->11193K(11392K) Class: 1088K(1280K)->1088K(1280K)
[2025-12-24T15:25:48.326+0000][gc          ] GC(88) Pause Young (Normal) (G1 Evacuation Pause) 700M->87M(1024M) 5.846ms
[2025-12-24T15:25:48.327+0000][gc,cpu      ] GC(88) User=0.02s Sys=0.00s Real=0.00s
[2025-12-24T15:26:38.489+0000][gc,start    ] GC(89) Pause Young (Normal) (G1 Evacuation Pause)
[2025-12-24T15:26:38.490+0000][gc,task     ] GC(89) Using 8 workers of 8 for evacuation
[2025-12-24T15:26:38.499+0000][gc,phases   ] GC(89)   Pre Evacuate Collection Set: 1.1ms
[2025-12-24T15:26:38.499+0000][gc,phases   ] GC(89)   Merge Heap Roots: 0.2ms
[2025-12-24T15:26:38.499+0000][gc,phases   ] GC(89)   Evacuate Collection Set: 6.2ms
[2025-12-24T15:26:38.499+0000][gc,phases   ] GC(89)   Post Evacuate Collection Set: 1.3ms
[2025-12-24T15:26:38.499+0000][gc,phases   ] GC(89)   Other: 0.2ms
[2025-12-24T15:26:38.499+0000][gc,heap     ] GC(89) Eden regions: 612->0(612)
[2025-12-24T15:26:38.499+0000][gc,heap     ] GC(89) Survivor regions: 2->2(77)
[2025-12-24T15:26:38.499+0000][gc,heap     ] GC(89) Old regions: 58->58
[2025-12-24T15:26:38.499+0000][gc,heap     ] GC(89) Humongous regions: 29->29
[2025-12-24T15:26:38.499+0000][gc,metaspace] GC(89) Metaspace: 12282K(12672K)->12282K(12672K) NonClass: 11193K(11392K)->11193K(11392K) Class: 1088K(1280K)->1088K(1280K)
[2025-12-24T15:26:38.500+0000][gc          ] GC(89) Pause Young (Normal) (G1 Evacuation Pause) 699M->88M(1024M) 10.836ms
[2025-12-24T15:26:38.500+0000][gc,cpu      ] GC(89) User=0.05s Sys=0.01s Real=0.01s
[2025-12-24T15:27:38.397+0000][gc,start    ] GC(90) Pause Young (Normal) (G1 Evacuation Pause)
[2025-12-24T15:27:38.398+0000][gc,task     ] GC(90) Using 8 workers of 8 for evacuation
[2025-12-24T15:27:38.411+0000][gc,phases   ] GC(90)   Pre Evacuate Collection Set: 1.3ms
[2025-12-24T15:27:38.412+0000][gc,phases   ] GC(90)   Merge Heap Roots: 0.2ms
[2025-12-24T15:27:38.413+0000][gc,phases   ] GC(90)   Evacuate Collection Set: 8.5ms
[2025-12-24T15:27:38.414+0000][gc,phases   ] GC(90)   Post Evacuate Collection Set: 2.6ms
[2025-12-24T15:27:38.414+0000][gc,phases   ] GC(90)   Other: 0.8ms
[2025-12-24T15:27:38.414+0000][gc,heap     ] GC(90) Eden regions: 612->0(612)
[2025-12-24T15:27:38.414+0000][gc,heap     ] GC(90) Survivor regions: 2->2(77)
[2025-12-24T15:27:38.415+0000][gc,heap     ] GC(90) Old regions: 58->58
[2025-12-24T15:27:38.415+0000][gc,heap     ] GC(90) Humongous regions: 29->29
[2025-12-24T15:27:38.415+0000][gc,metaspace] GC(90) Metaspace: 12283K(12672K)->12283K(12672K) NonClass: 11194K(11392K)->11194K(11392K) Class: 1088K(1280K)->1088K(1280K)
[2025-12-24T15:27:38.415+0000][gc          ] GC(90) Pause Young (Normal) (G1 Evacuation Pause) 700M->88M(1024M) 17.668ms
[2025-12-24T15:27:38.415+0000][gc,cpu      ] GC(90) User=0.06s Sys=0.01s Real=0.02s
[2025-12-24T15:28:38.098+0000][gc,start    ] GC(91) Pause Young (Normal) (G1 Evacuation Pause)
[2025-12-24T15:28:38.099+0000][gc,task     ] GC(91) Using 8 workers of 8 for evacuation
[2025-12-24T15:28:38.108+0000][gc,phases   ] GC(91)   Pre Evacuate Collection Set: 1.0ms
[2025-12-24T15:28:38.108+0000][gc,phases   ] GC(91)   Merge Heap Roots: 0.9ms
[2025-12-24T15:28:38.108+0000][gc,phases   ] GC(91)   Evacuate Collection Set: 3.3ms
[2025-12-24T15:28:38.108+0000][gc,phases   ] GC(91)   Post Evacuate Collection Set: 2.1ms
[2025-12-24T15:28:38.108+0000][gc,phases   ] GC(91)   Other: 2.0ms
[2025-12-24T15:28:38.108+0000][gc,heap     ] GC(91) Eden regions: 612->0(613)
[2025-12-24T15:28:38.108+0000][gc,heap     ] GC(91) Survivor regions: 2->1(77)
[2025-12-24T15:28:38.108+0000][gc,heap     ] GC(91) Old regions: 58->58
[2025-12-24T15:28:38.108+0000][gc,heap     ] GC(91) Humongous regions: 29->29
[2025-12-24T15:28:38.108+0000][gc,metaspace] GC(91) Metaspace: 12283K(12672K)->12283K(12672K) NonClass: 11194K(11392K)->11194K(11392K) Class: 1088K(1280K)->1088K(1280K)
[2025-12-24T15:28:38.109+0000][gc          ] GC(91) Pause Young (Normal) (G1 Evacuation Pause) 700M->87M(1024M) 10.573ms
[2025-12-24T15:28:38.109+0000][gc,cpu      ] GC(91) User=0.03s Sys=0.00s Real=0.01s
[2025-12-24T15:29:28.316+0000][gc,start    ] GC(92) Pause Young (Normal) (G1 Evacuation Pause)
[2025-12-24T15:29:28.317+0000][gc,task     ] GC(92) Using 8 workers of 8 for evacuation
[2025-12-24T15:29:28.322+0000][gc,phases   ] GC(92)   Pre Evacuate Collection Set: 1.1ms
[2025-12-24T15:29:28.322+0000][gc,phases   ] GC(92)   Merge Heap Roots: 0.2ms
[2025-12-24T15:29:28.322+0000][gc,phases   ] GC(92)   Evacuate Collection Set: 2.6ms
[2025-12-24T15:29:28.322+0000][gc,phases   ] GC(92)   Post Evacuate Collection Set: 1.0ms
[2025-12-24T15:29:28.322+0000][gc,phases   ] GC(92)   Other: 0.2ms
[2025-12-24T15:29:28.322+0000][gc,heap     ] GC(92) Eden regions: 613->0(612)
[2025-12-24T15:29:28.322+0000][gc,heap     ] GC(92) Survivor regions: 1->2(77)
[2025-12-24T15:29:28.322+0000][gc,heap     ] GC(92) Old regions: 58->58
[2025-12-24T15:29:28.322+0000][gc,heap     ] GC(92) Humongous regions: 29->29
[2025-12-24T15:29:28.322+0000][gc,metaspace] GC(92) Metaspace: 12285K(12672K)->12285K(12672K) NonClass: 11196K(11392K)->11196K(11392K) Class: 1088K(1280K)->1088K(1280K)
[2025-12-24T15:29:28.322+0000][gc          ] GC(92) Pause Young (Normal) (G1 Evacuation Pause) 700M->88M(1024M) 6.170ms
[2025-12-24T15:29:28.322+0000][gc,cpu      ] GC(92) User=0.03s Sys=0.00s Real=0.01s
[2025-12-24T15:30:28.115+0000][gc,start    ] GC(93) Pause Young (Normal) (G1 Evacuation Pause)
[2025-12-24T15:30:28.116+0000][gc,task     ] GC(93) Using 8 workers of 8 for evacuation
[2025-12-24T15:30:28.124+0000][gc,phases   ] GC(93)   Pre Evacuate Collection Set: 1.7ms
[2025-12-24T15:30:28.124+0000][gc,phases   ] GC(93)   Merge Heap Roots: 0.9ms
[2025-12-24T15:30:28.124+0000][gc,phases   ] GC(93)   Evacuate Collection Set: 3.8ms
[2025-12-24T15:30:28.124+0000][gc,phases   ] GC(93)   Post Evacuate Collection Set: 1.7ms
[2025-12-24T15:30:28.124+0000][gc,phases   ] GC(93)   Other: 0.3ms
[2025-12-24T15:30:28.124+0000][gc,heap     ] GC(93) Eden regions: 612->0(613)
[2025-12-24T15:30:28.124+0000][gc,heap     ] GC(93) Survivor regions: 2->1(77)
[2025-12-24T15:30:28.124+0000][gc,heap     ] GC(93) Old regions: 58->58
[2025-12-24T15:30:28.124+0000][gc,heap     ] GC(93) Humongous regions: 29->29
[2025-12-24T15:30:28.124+0000][gc,metaspace] GC(93) Metaspace: 12285K(12672K)->12285K(12672K) NonClass: 11196K(11392K)->11196K(11392K) Class: 1088K(1280K)->1088K(1280K)
[2025-12-24T15:30:28.125+0000][gc          ] GC(93) Pause Young (Normal) (G1 Evacuation Pause) 700M->87M(1024M) 9.538ms
[2025-12-24T15:30:28.125+0000][gc,cpu      ] GC(93) User=0.04s Sys=0.00s Real=0.01s
[2025-12-24T15:31:18.365+0000][gc,start    ] GC(94) Pause Young (Normal) (G1 Evacuation Pause)
[2025-12-24T15:31:18.365+0000][gc,task     ] GC(94) Using 8 workers of 8 for evacuation
[2025-12-24T15:31:18.376+0000][gc,phases   ] GC(94)   Pre Evacuate Collection Set: 1.0ms
[2025-12-24T15:31:18.376+0000][gc,phases   ] GC(94)   Merge Heap Roots: 0.2ms
[2025-12-24T15:31:18.376+0000][gc,phases   ] GC(94)   Evacuate Collection Set: 6.5ms
[2025-12-24T15:31:18.376+0000][gc,phases   ] GC(94)   Post Evacuate Collection Set: 2.0ms
[2025-12-24T15:31:18.376+0000][gc,phases   ] GC(94)   Other: 0.4ms
[2025-12-24T15:31:18.376+0000][gc,heap     ] GC(94) Eden regions: 613->0(612)
[2025-12-24T15:31:18.376+0000][gc,heap     ] GC(94) Survivor regions: 1->2(77)
[2025-12-24T15:31:18.376+0000][gc,heap     ] GC(94) Old regions: 58->58
[2025-12-24T15:31:18.376+0000][gc,heap     ] GC(94) Humongous regions: 29->29
[2025-12-24T15:31:18.376+0000][gc,metaspace] GC(94) Metaspace: 12285K(12672K)->12285K(12672K) NonClass: 11196K(11392K)->11196K(11392K) Class: 1088K(1280K)->1088K(1280K)
[2025-12-24T15:31:18.377+0000][gc          ] GC(94) Pause Young (Normal) (G1 Evacuation Pause) 700M->88M(1024M) 11.630ms
[2025-12-24T15:31:18.377+0000][gc,cpu      ] GC(94) User=0.04s Sys=0.00s Real=0.01s
[2025-12-24T15:32:18.147+0000][gc,start    ] GC(95) Pause Young (Normal) (G1 Evacuation Pause)
[2025-12-24T15:32:18.148+0000][gc,task     ] GC(95) Using 8 workers of 8 for evacuation
[2025-12-24T15:32:18.154+0000][gc,phases   ] GC(95)   Pre Evacuate Collection Set: 1.3ms
[2025-12-24T15:32:18.155+0000][gc,phases   ] GC(95)   Merge Heap Roots: 0.5ms
[2025-12-24T15:32:18.155+0000][gc,phases   ] GC(95)   Evacuate Collection Set: 2.8ms
[2025-12-24T15:32:18.155+0000][gc,phases   ] GC(95)   Post Evacuate Collection Set: 1.2ms
[2025-12-24T15:32:18.155+0000][gc,phases   ] GC(95)   Other: 0.6ms
[2025-12-24T15:32:18.155+0000][gc,heap     ] GC(95) Eden regions: 612->0(613)
[2025-12-24T15:32:18.155+0000][gc,heap     ] GC(95) Survivor regions: 2->1(77)
[2025-12-24T15:32:18.155+0000][gc,heap     ] GC(95) Old regions: 58->58
[2025-12-24T15:32:18.155+0000][gc,heap     ] GC(95) Humongous regions: 29->29
[2025-12-24T15:32:18.155+0000][gc,metaspace] GC(95) Metaspace: 12285K(12672K)->12285K(12672K) NonClass: 11196K(11392K)->11196K(11392K) Class: 1088K(1280K)->1088K(1280K)
[2025-12-24T15:32:18.155+0000][gc          ] GC(95) Pause Young (Normal) (G1 Evacuation Pause) 700M->87M(1024M) 8.654ms
[2025-12-24T15:32:18.155+0000][gc,cpu      ] GC(95) User=0.03s Sys=0.00s Real=0.01s
[2025-12-24T15:33:08.341+0000][gc,start    ] GC(96) Pause Young (Normal) (G1 Evacuation Pause)
[2025-12-24T15:33:08.341+0000][gc,task     ] GC(96) Using 8 workers of 8 for evacuation
[2025-12-24T15:33:08.349+0000][gc,phases   ] GC(96)   Pre Evacuate Collection Set: 2.1ms
[2025-12-24T15:33:08.349+0000][gc,phases   ] GC(96)   Merge Heap Roots: 0.4ms
[2025-12-24T15:33:08.349+0000][gc,phases   ] GC(96)   Evacuate Collection Set: 3.2ms
[2025-12-24T15:33:08.349+0000][gc,phases   ] GC(96)   Post Evacuate Collection Set: 1.0ms
[2025-12-24T15:33:08.349+0000][gc,phases   ] GC(96)   Other: 0.5ms
[2025-12-24T15:33:08.349+0000][gc,heap     ] GC(96) Eden regions: 613->0(612)
[2025-12-24T15:33:08.349+0000][gc,heap     ] GC(96) Survivor regions: 1->2(77)
[2025-12-24T15:33:08.349+0000][gc,heap     ] GC(96) Old regions: 58->58
[2025-12-24T15:33:08.349+0000][gc,heap     ] GC(96) Humongous regions: 29->29
[2025-12-24T15:33:08.349+0000][gc,metaspace] GC(96) Metaspace: 12285K(12672K)->12285K(12672K) NonClass: 11196K(11392K)->11196K(11392K) Class: 1088K(1280K)->1088K(1280K)
[2025-12-24T15:33:08.349+0000][gc          ] GC(96) Pause Young (Normal) (G1 Evacuation Pause) 700M->88M(1024M) 8.469ms
[2025-12-24T15:33:08.349+0000][gc,cpu      ] GC(96) User=0.04s Sys=0.00s Real=0.01s
[2025-12-24T15:34:08.173+0000][gc,start    ] GC(97) Pause Young (Normal) (G1 Evacuation Pause)
[2025-12-24T15:34:08.174+0000][gc,task     ] GC(97) Using 8 workers of 8 for evacuation
[2025-12-24T15:34:08.186+0000][gc,phases   ] GC(97)   Pre Evacuate Collection Set: 1.8ms
[2025-12-24T15:34:08.186+0000][gc,phases   ] GC(97)   Merge Heap Roots: 0.4ms
[2025-12-24T15:34:08.186+0000][gc,phases   ] GC(97)   Evacuate Collection Set: 7.8ms
[2025-12-24T15:34:08.186+0000][gc,phases   ] GC(97)   Post Evacuate Collection Set: 1.6ms
[2025-12-24T15:34:08.186+0000][gc,phases   ] GC(97)   Other: 0.8ms
[2025-12-24T15:34:08.186+0000][gc,heap     ] GC(97) Eden regions: 612->0(613)
[2025-12-24T15:34:08.186+0000][gc,heap     ] GC(97) Survivor regions: 2->1(77)
[2025-12-24T15:34:08.187+0000][gc,heap     ] GC(97) Old regions: 58->59
[2025-12-24T15:34:08.187+0000][gc,heap     ] GC(97) Humongous regions: 29->29
[2025-12-24T15:34:08.187+0000][gc,metaspace] GC(97) Metaspace: 12380K(12736K)->12380K(12736K) NonClass: 11292K(11456K)->11292K(11456K) Class: 1088K(1280K)->1088K(1280K)
[2025-12-24T15:34:08.187+0000][gc          ] GC(97) Pause Young (Normal) (G1 Evacuation Pause) 700M->87M(1024M) 13.948ms
[2025-12-24T15:34:08.187+0000][gc,cpu      ] GC(97) User=0.06s Sys=0.01s Real=0.02s
[2025-12-24T15:34:58.419+0000][gc,start    ] GC(98) Pause Young (Normal) (G1 Evacuation Pause)
[2025-12-24T15:34:58.419+0000][gc,task     ] GC(98) Using 8 workers of 8 for evacuation
[2025-12-24T15:34:58.428+0000][gc,phases   ] GC(98)   Pre Evacuate Collection Set: 1.3ms
[2025-12-24T15:34:58.428+0000][gc,phases   ] GC(98)   Merge Heap Roots: 0.5ms
[2025-12-24T15:34:58.428+0000][gc,phases   ] GC(98)   Evacuate Collection Set: 6.0ms
[2025-12-24T15:34:58.428+0000][gc,phases   ] GC(98)   Post Evacuate Collection Set: 1.0ms
[2025-12-24T15:34:58.428+0000][gc,phases   ] GC(98)   Other: 0.2ms
[2025-12-24T15:34:58.428+0000][gc,heap     ] GC(98) Eden regions: 613->0(612)
[2025-12-24T15:34:58.428+0000][gc,heap     ] GC(98) Survivor regions: 1->2(77)
[2025-12-24T15:34:58.428+0000][gc,heap     ] GC(98) Old regions: 59->59
[2025-12-24T15:34:58.429+0000][gc,heap     ] GC(98) Humongous regions: 29->29
[2025-12-24T15:34:58.429+0000][gc,metaspace] GC(98) Metaspace: 12380K(12736K)->12380K(12736K) NonClass: 11292K(11456K)->11292K(11456K) Class: 1088K(1280K)->1088K(1280K)
[2025-12-24T15:34:58.429+0000][gc          ] GC(98) Pause Young (Normal) (G1 Evacuation Pause) 700M->88M(1024M) 10.064ms
[2025-12-24T15:34:58.429+0000][gc,cpu      ] GC(98) User=0.06s Sys=0.00s Real=0.01s
[2025-12-24T15:35:58.220+0000][gc,start    ] GC(99) Pause Young (Normal) (G1 Evacuation Pause)
[2025-12-24T15:35:58.222+0000][gc,task     ] GC(99) Using 8 workers of 8 for evacuation
[2025-12-24T15:35:58.240+0000][gc,phases   ] GC(99)   Pre Evacuate Collection Set: 2.2ms
[2025-12-24T15:35:58.240+0000][gc,phases   ] GC(99)   Merge Heap Roots: 1.6ms
[2025-12-24T15:35:58.240+0000][gc,phases   ] GC(99)   Evacuate Collection Set: 11.4ms
[2025-12-24T15:35:58.241+0000][gc,phases   ] GC(99)   Post Evacuate Collection Set: 1.6ms
[2025-12-24T15:35:58.241+0000][gc,phases   ] GC(99)   Other: 2.3ms
[2025-12-24T15:35:58.241+0000][gc,heap     ] GC(99) Eden regions: 612->0(613)
[2025-12-24T15:35:58.241+0000][gc,heap     ] GC(99) Survivor regions: 2->1(77)
[2025-12-24T15:35:58.241+0000][gc,heap     ] GC(99) Old regions: 59->59
[2025-12-24T15:35:58.241+0000][gc,heap     ] GC(99) Humongous regions: 29->29
[2025-12-24T15:35:58.241+0000][gc,metaspace] GC(99) Metaspace: 12382K(12736K)->12382K(12736K) NonClass: 11293K(11456K)->11293K(11456K) Class: 1088K(1280K)->1088K(1280K)
[2025-12-24T15:35:58.241+0000][gc          ] GC(99) Pause Young (Normal) (G1 Evacuation Pause) 700M->87M(1024M) 21.897ms
[2025-12-24T15:35:58.241+0000][gc,cpu      ] GC(99) User=0.06s Sys=0.05s Real=0.02s
[2025-12-24T15:36:48.378+0000][gc,start    ] GC(100) Pause Young (Normal) (G1 Evacuation Pause)
[2025-12-24T15:36:48.379+0000][gc,task     ] GC(100) Using 8 workers of 8 for evacuation
[2025-12-24T15:36:48.391+0000][gc,phases   ] GC(100)   Pre Evacuate Collection Set: 2.8ms
[2025-12-24T15:36:48.391+0000][gc,phases   ] GC(100)   Merge Heap Roots: 0.6ms
[2025-12-24T15:36:48.391+0000][gc,phases   ] GC(100)   Evacuate Collection Set: 7.3ms
[2025-12-24T15:36:48.391+0000][gc,phases   ] GC(100)   Post Evacuate Collection Set: 1.1ms
[2025-12-24T15:36:48.391+0000][gc,phases   ] GC(100)   Other: 0.6ms
[2025-12-24T15:36:48.391+0000][gc,heap     ] GC(100) Eden regions: 613->0(612)
[2025-12-24T15:36:48.391+0000][gc,heap     ] GC(100) Survivor regions: 1->2(77)
[2025-12-24T15:36:48.391+0000][gc,heap     ] GC(100) Old regions: 59->59
[2025-12-24T15:36:48.391+0000][gc,heap     ] GC(100) Humongous regions: 29->29
[2025-12-24T15:36:48.391+0000][gc,metaspace] GC(100) Metaspace: 12384K(12736K)->12384K(12736K) NonClass: 11296K(11456K)->11296K(11456K) Class: 1088K(1280K)->1088K(1280K)
[2025-12-24T15:36:48.392+0000][gc          ] GC(100) Pause Young (Normal) (G1 Evacuation Pause) 700M->88M(1024M) 13.430ms
[2025-12-24T15:36:48.392+0000][gc,cpu      ] GC(100) User=0.07s Sys=0.00s Real=0.01s
[2025-12-24T15:37:48.352+0000][gc,start    ] GC(101) Pause Young (Normal) (G1 Evacuation Pause)
[2025-12-24T15:37:48.352+0000][gc,task     ] GC(101) Using 8 workers of 8 for evacuation
[2025-12-24T15:37:48.357+0000][gc,phases   ] GC(101)   Pre Evacuate Collection Set: 1.0ms
[2025-12-24T15:37:48.358+0000][gc,phases   ] GC(101)   Merge Heap Roots: 0.2ms
[2025-12-24T15:37:48.358+0000][gc,phases   ] GC(101)   Evacuate Collection Set: 2.8ms
[2025-12-24T15:37:48.358+0000][gc,phases   ] GC(101)   Post Evacuate Collection Set: 1.2ms
[2025-12-24T15:37:48.358+0000][gc,phases   ] GC(101)   Other: 0.2ms
[2025-12-24T15:37:48.358+0000][gc,heap     ] GC(101) Eden regions: 612->0(613)
[2025-12-24T15:37:48.358+0000][gc,heap     ] GC(101) Survivor regions: 2->1(77)
[2025-12-24T15:37:48.358+0000][gc,heap     ] GC(101) Old regions: 59->59
[2025-12-24T15:37:48.358+0000][gc,heap     ] GC(101) Humongous regions: 29->29
[2025-12-24T15:37:48.358+0000][gc,metaspace] GC(101) Metaspace: 12384K(12736K)->12384K(12736K) NonClass: 11296K(11456K)->11296K(11456K) Class: 1088K(1280K)->1088K(1280K)
[2025-12-24T15:37:48.358+0000][gc          ] GC(101) Pause Young (Normal) (G1 Evacuation Pause) 700M->87M(1024M) 6.753ms
[2025-12-24T15:37:48.358+0000][gc,cpu      ] GC(101) User=0.03s Sys=0.00s Real=0.01s
[2025-12-24T15:38:38.528+0000][gc,start    ] GC(102) Pause Young (Normal) (G1 Evacuation Pause)
[2025-12-24T15:38:38.529+0000][gc,task     ] GC(102) Using 8 workers of 8 for evacuation
[2025-12-24T15:38:38.538+0000][gc,phases   ] GC(102)   Pre Evacuate Collection Set: 1.0ms
[2025-12-24T15:38:38.538+0000][gc,phases   ] GC(102)   Merge Heap Roots: 0.2ms
[2025-12-24T15:38:38.538+0000][gc,phases   ] GC(102)   Evacuate Collection Set: 3.3ms
[2025-12-24T15:38:38.538+0000][gc,phases   ] GC(102)   Post Evacuate Collection Set: 3.5ms
[2025-12-24T15:38:38.538+0000][gc,phases   ] GC(102)   Other: 0.7ms
[2025-12-24T15:38:38.538+0000][gc,heap     ] GC(102) Eden regions: 613->0(612)
[2025-12-24T15:38:38.539+0000][gc,heap     ] GC(102) Survivor regions: 1->2(77)
[2025-12-24T15:38:38.539+0000][gc,heap     ] GC(102) Old regions: 59->59
[2025-12-24T15:38:38.539+0000][gc,heap     ] GC(102) Humongous regions: 29->29
[2025-12-24T15:38:38.539+0000][gc,metaspace] GC(102) Metaspace: 12384K(12736K)->12384K(12736K) NonClass: 11296K(11456K)->11296K(11456K) Class: 1088K(1280K)->1088K(1280K)
[2025-12-24T15:38:38.539+0000][gc          ] GC(102) Pause Young (Normal) (G1 Evacuation Pause) 700M->88M(1024M) 10.635ms
[2025-12-24T15:38:38.539+0000][gc,cpu      ] GC(102) User=0.03s Sys=0.00s Real=0.01s
[2025-12-24T15:39:38.346+0000][gc,start    ] GC(103) Pause Young (Normal) (G1 Evacuation Pause)
[2025-12-24T15:39:38.347+0000][gc,task     ] GC(103) Using 8 workers of 8 for evacuation
[2025-12-24T15:39:38.365+0000][gc,phases   ] GC(103)   Pre Evacuate Collection Set: 4.4ms
[2025-12-24T15:39:38.365+0000][gc,phases   ] GC(103)   Merge Heap Roots: 0.3ms
[2025-12-24T15:39:38.365+0000][gc,phases   ] GC(103)   Evacuate Collection Set: 11.8ms
[2025-12-24T15:39:38.365+0000][gc,phases   ] GC(103)   Post Evacuate Collection Set: 1.2ms
[2025-12-24T15:39:38.365+0000][gc,phases   ] GC(103)   Other: 0.3ms
[2025-12-24T15:39:38.365+0000][gc,heap     ] GC(103) Eden regions: 612->0(612)
[2025-12-24T15:39:38.365+0000][gc,heap     ] GC(103) Survivor regions: 2->2(77)
[2025-12-24T15:39:38.365+0000][gc,heap     ] GC(103) Old regions: 59->59
[2025-12-24T15:39:38.365+0000][gc,heap     ] GC(103) Humongous regions: 29->29
[2025-12-24T15:39:38.365+0000][gc,metaspace] GC(103) Metaspace: 12384K(12736K)->12384K(12736K) NonClass: 11296K(11456K)->11296K(11456K) Class: 1088K(1280K)->1088K(1280K)
[2025-12-24T15:39:38.365+0000][gc          ] GC(103) Pause Young (Normal) (G1 Evacuation Pause) 700M->88M(1024M) 19.258ms
[2025-12-24T15:39:38.365+0000][gc,cpu      ] GC(103) User=0.11s Sys=0.00s Real=0.02s
[2025-12-24T15:40:28.568+0000][gc,start    ] GC(104) Pause Young (Normal) (G1 Evacuation Pause)
[2025-12-24T15:40:28.568+0000][gc,task     ] GC(104) Using 8 workers of 8 for evacuation
[2025-12-24T15:40:28.578+0000][gc,phases   ] GC(104)   Pre Evacuate Collection Set: 2.2ms
[2025-12-24T15:40:28.578+0000][gc,phases   ] GC(104)   Merge Heap Roots: 0.5ms
[2025-12-24T15:40:28.579+0000][gc,phases   ] GC(104)   Evacuate Collection Set: 5.7ms
[2025-12-24T15:40:28.579+0000][gc,phases   ] GC(104)   Post Evacuate Collection Set: 1.4ms
[2025-12-24T15:40:28.579+0000][gc,phases   ] GC(104)   Other: 0.3ms
[2025-12-24T15:40:28.579+0000][gc,heap     ] GC(104) Eden regions: 612->0(612)
[2025-12-24T15:40:28.579+0000][gc,heap     ] GC(104) Survivor regions: 2->2(77)
[2025-12-24T15:40:28.579+0000][gc,heap     ] GC(104) Old regions: 59->59
[2025-12-24T15:40:28.579+0000][gc,heap     ] GC(104) Humongous regions: 29->29
[2025-12-24T15:40:28.579+0000][gc,metaspace] GC(104) Metaspace: 12385K(12736K)->12385K(12736K) NonClass: 11296K(11456K)->11296K(11456K) Class: 1088K(1280K)->1088K(1280K)
[2025-12-24T15:40:28.579+0000][gc          ] GC(104) Pause Young (Normal) (G1 Evacuation Pause) 700M->88M(1024M) 11.486ms
[2025-12-24T15:40:28.579+0000][gc,cpu      ] GC(104) User=0.04s Sys=0.00s Real=0.01s
[2025-12-24T15:41:28.364+0000][gc,start    ] GC(105) Pause Young (Normal) (G1 Evacuation Pause)
[2025-12-24T15:41:28.365+0000][gc,task     ] GC(105) Using 8 workers of 8 for evacuation
[2025-12-24T15:41:28.372+0000][gc,phases   ] GC(105)   Pre Evacuate Collection Set: 1.3ms
[2025-12-24T15:41:28.372+0000][gc,phases   ] GC(105)   Merge Heap Roots: 0.2ms
[2025-12-24T15:41:28.372+0000][gc,phases   ] GC(105)   Evacuate Collection Set: 3.9ms
[2025-12-24T15:41:28.372+0000][gc,phases   ] GC(105)   Post Evacuate Collection Set: 1.5ms
[2025-12-24T15:41:28.372+0000][gc,phases   ] GC(105)   Other: 0.3ms
[2025-12-24T15:41:28.372+0000][gc,heap     ] GC(105) Eden regions: 612->0(612)
[2025-12-24T15:41:28.372+0000][gc,heap     ] GC(105) Survivor regions: 2->2(77)
[2025-12-24T15:41:28.372+0000][gc,heap     ] GC(105) Old regions: 59->59
[2025-12-24T15:41:28.372+0000][gc,heap     ] GC(105) Humongous regions: 29->29
[2025-12-24T15:41:28.372+0000][gc,metaspace] GC(105) Metaspace: 12385K(12736K)->12385K(12736K) NonClass: 11296K(11456K)->11296K(11456K) Class: 1088K(1280K)->1088K(1280K)
[2025-12-24T15:41:28.373+0000][gc          ] GC(105) Pause Young (Normal) (G1 Evacuation Pause) 700M->88M(1024M) 8.634ms
[2025-12-24T15:41:28.373+0000][gc,cpu      ] GC(105) User=0.03s Sys=0.01s Real=0.01s
[2025-12-24T15:42:18.504+0000][gc,start    ] GC(106) Pause Young (Normal) (G1 Evacuation Pause)
[2025-12-24T15:42:18.505+0000][gc,task     ] GC(106) Using 8 workers of 8 for evacuation
[2025-12-24T15:42:18.512+0000][gc,phases   ] GC(106)   Pre Evacuate Collection Set: 1.2ms
[2025-12-24T15:42:18.512+0000][gc,phases   ] GC(106)   Merge Heap Roots: 0.3ms
[2025-12-24T15:42:18.512+0000][gc,phases   ] GC(106)   Evacuate Collection Set: 3.7ms
[2025-12-24T15:42:18.512+0000][gc,phases   ] GC(106)   Post Evacuate Collection Set: 1.2ms
[2025-12-24T15:42:18.512+0000][gc,phases   ] GC(106)   Other: 0.4ms
[2025-12-24T15:42:18.512+0000][gc,heap     ] GC(106) Eden regions: 612->0(612)
[2025-12-24T15:42:18.512+0000][gc,heap     ] GC(106) Survivor regions: 2->2(77)
[2025-12-24T15:42:18.512+0000][gc,heap     ] GC(106) Old regions: 59->59
[2025-12-24T15:42:18.512+0000][gc,heap     ] GC(106) Humongous regions: 29->29
[2025-12-24T15:42:18.512+0000][gc,metaspace] GC(106) Metaspace: 12385K(12736K)->12385K(12736K) NonClass: 11296K(11456K)->11296K(11456K) Class: 1088K(1280K)->1088K(1280K)
[2025-12-24T15:42:18.513+0000][gc          ] GC(106) Pause Young (Normal) (G1 Evacuation Pause) 700M->88M(1024M) 8.623ms
[2025-12-24T15:42:18.513+0000][gc,cpu      ] GC(106) User=0.03s Sys=0.00s Real=0.01s
[2025-12-24T15:43:18.380+0000][gc,start    ] GC(107) Pause Young (Normal) (G1 Evacuation Pause)
[2025-12-24T15:43:18.381+0000][gc,task     ] GC(107) Using 8 workers of 8 for evacuation
[2025-12-24T15:43:18.396+0000][gc,phases   ] GC(107)   Pre Evacuate Collection Set: 1.0ms
[2025-12-24T15:43:18.396+0000][gc,phases   ] GC(107)   Merge Heap Roots: 0.2ms
[2025-12-24T15:43:18.396+0000][gc,phases   ] GC(107)   Evacuate Collection Set: 11.8ms
[2025-12-24T15:43:18.396+0000][gc,phases   ] GC(107)   Post Evacuate Collection Set: 1.7ms
[2025-12-24T15:43:18.396+0000][gc,phases   ] GC(107)   Other: 0.2ms
[2025-12-24T15:43:18.396+0000][gc,heap     ] GC(107) Eden regions: 612->0(612)
[2025-12-24T15:43:18.396+0000][gc,heap     ] GC(107) Survivor regions: 2->2(77)
[2025-12-24T15:43:18.396+0000][gc,heap     ] GC(107) Old regions: 59->59
[2025-12-24T15:43:18.396+0000][gc,heap     ] GC(107) Humongous regions: 29->29
[2025-12-24T15:43:18.396+0000][gc,metaspace] GC(107) Metaspace: 12385K(12736K)->12385K(12736K) NonClass: 11296K(11456K)->11296K(11456K) Class: 1088K(1280K)->1088K(1280K)
[2025-12-24T15:43:18.396+0000][gc          ] GC(107) Pause Young (Normal) (G1 Evacuation Pause) 700M->88M(1024M) 16.101ms
[2025-12-24T15:43:18.397+0000][gc,cpu      ] GC(107) User=0.09s Sys=0.00s Real=0.01s
[2025-12-24T15:44:08.598+0000][gc,start    ] GC(108) Pause Young (Normal) (G1 Evacuation Pause)
[2025-12-24T15:44:08.599+0000][gc,task     ] GC(108) Using 8 workers of 8 for evacuation
[2025-12-24T15:44:08.610+0000][gc,phases   ] GC(108)   Pre Evacuate Collection Set: 2.7ms
[2025-12-24T15:44:08.611+0000][gc,phases   ] GC(108)   Merge Heap Roots: 0.2ms
[2025-12-24T15:44:08.611+0000][gc,phases   ] GC(108)   Evacuate Collection Set: 6.0ms
[2025-12-24T15:44:08.611+0000][gc,phases   ] GC(108)   Post Evacuate Collection Set: 1.4ms
[2025-12-24T15:44:08.611+0000][gc,phases   ] GC(108)   Other: 0.7ms
[2025-12-24T15:44:08.611+0000][gc,heap     ] GC(108) Eden regions: 612->0(612)
[2025-12-24T15:44:08.611+0000][gc,heap     ] GC(108) Survivor regions: 2->2(77)
[2025-12-24T15:44:08.611+0000][gc,heap     ] GC(108) Old regions: 59->59
[2025-12-24T15:44:08.611+0000][gc,heap     ] GC(108) Humongous regions: 29->29
[2025-12-24T15:44:08.611+0000][gc,metaspace] GC(108) Metaspace: 12388K(12736K)->12388K(12736K) NonClass: 11300K(11456K)->11300K(11456K) Class: 1088K(1280K)->1088K(1280K)
[2025-12-24T15:44:08.611+0000][gc          ] GC(108) Pause Young (Normal) (G1 Evacuation Pause) 700M->89M(1024M) 12.721ms
[2025-12-24T15:44:08.611+0000][gc,cpu      ] GC(108) User=0.06s Sys=0.00s Real=0.01s
[2025-12-24T15:45:08.439+0000][gc,start    ] GC(109) Pause Young (Normal) (G1 Evacuation Pause)
[2025-12-24T15:45:08.440+0000][gc,task     ] GC(109) Using 8 workers of 8 for evacuation
[2025-12-24T15:45:08.450+0000][gc,phases   ] GC(109)   Pre Evacuate Collection Set: 1.3ms
[2025-12-24T15:45:08.450+0000][gc,phases   ] GC(109)   Merge Heap Roots: 0.2ms
[2025-12-24T15:45:08.450+0000][gc,phases   ] GC(109)   Evacuate Collection Set: 6.3ms
[2025-12-24T15:45:08.450+0000][gc,phases   ] GC(109)   Post Evacuate Collection Set: 1.3ms
[2025-12-24T15:45:08.450+0000][gc,phases   ] GC(109)   Other: 0.4ms
[2025-12-24T15:45:08.451+0000][gc,heap     ] GC(109) Eden regions: 612->0(612)
[2025-12-24T15:45:08.451+0000][gc,heap     ] GC(109) Survivor regions: 2->2(77)
[2025-12-24T15:45:08.451+0000][gc,heap     ] GC(109) Old regions: 59->59
[2025-12-24T15:45:08.451+0000][gc,heap     ] GC(109) Humongous regions: 29->29
[2025-12-24T15:45:08.451+0000][gc,metaspace] GC(109) Metaspace: 12388K(12736K)->12388K(12736K) NonClass: 11300K(11456K)->11300K(11456K) Class: 1088K(1280K)->1088K(1280K)
[2025-12-24T15:45:08.451+0000][gc          ] GC(109) Pause Young (Normal) (G1 Evacuation Pause) 701M->88M(1024M) 11.482ms
[2025-12-24T15:45:08.451+0000][gc,cpu      ] GC(109) User=0.06s Sys=0.00s Real=0.01s
[2025-12-24T15:45:58.560+0000][gc,start    ] GC(110) Pause Young (Normal) (G1 Evacuation Pause)
[2025-12-24T15:45:58.561+0000][gc,task     ] GC(110) Using 8 workers of 8 for evacuation
[2025-12-24T15:45:58.571+0000][gc,phases   ] GC(110)   Pre Evacuate Collection Set: 1.2ms
[2025-12-24T15:45:58.571+0000][gc,phases   ] GC(110)   Merge Heap Roots: 0.2ms
[2025-12-24T15:45:58.571+0000][gc,phases   ] GC(110)   Evacuate Collection Set: 5.9ms
[2025-12-24T15:45:58.571+0000][gc,phases   ] GC(110)   Post Evacuate Collection Set: 2.3ms
[2025-12-24T15:45:58.571+0000][gc,phases   ] GC(110)   Other: 0.3ms
[2025-12-24T15:45:58.571+0000][gc,heap     ] GC(110) Eden regions: 612->0(612)
[2025-12-24T15:45:58.571+0000][gc,heap     ] GC(110) Survivor regions: 2->2(77)
[2025-12-24T15:45:58.571+0000][gc,heap     ] GC(110) Old regions: 59->59
[2025-12-24T15:45:58.571+0000][gc,heap     ] GC(110) Humongous regions: 29->29
[2025-12-24T15:45:58.571+0000][gc,metaspace] GC(110) Metaspace: 12388K(12736K)->12388K(12736K) NonClass: 11300K(11456K)->11300K(11456K) Class: 1088K(1280K)->1088K(1280K)
[2025-12-24T15:45:58.571+0000][gc          ] GC(110) Pause Young (Normal) (G1 Evacuation Pause) 700M->89M(1024M) 11.259ms
[2025-12-24T15:45:58.571+0000][gc,cpu      ] GC(110) User=0.05s Sys=0.01s Real=0.01s
[2025-12-24T15:46:58.381+0000][gc,start    ] GC(111) Pause Young (Normal) (G1 Evacuation Pause)
[2025-12-24T15:46:58.381+0000][gc,task     ] GC(111) Using 8 workers of 8 for evacuation
[2025-12-24T15:46:58.390+0000][gc,phases   ] GC(111)   Pre Evacuate Collection Set: 1.0ms
[2025-12-24T15:46:58.390+0000][gc,phases   ] GC(111)   Merge Heap Roots: 0.8ms
[2025-12-24T15:46:58.390+0000][gc,phases   ] GC(111)   Evacuate Collection Set: 5.5ms
[2025-12-24T15:46:58.390+0000][gc,phases   ] GC(111)   Post Evacuate Collection Set: 1.4ms
[2025-12-24T15:46:58.391+0000][gc,phases   ] GC(111)   Other: 0.2ms
[2025-12-24T15:46:58.391+0000][gc,heap     ] GC(111) Eden regions: 612->0(612)
[2025-12-24T15:46:58.391+0000][gc,heap     ] GC(111) Survivor regions: 2->2(77)
[2025-12-24T15:46:58.391+0000][gc,heap     ] GC(111) Old regions: 59->59
[2025-12-24T15:46:58.391+0000][gc,heap     ] GC(111) Humongous regions: 29->29
[2025-12-24T15:46:58.391+0000][gc,metaspace] GC(111) Metaspace: 12388K(12736K)->12388K(12736K) NonClass: 11300K(11456K)->11300K(11456K) Class: 1088K(1280K)->1088K(1280K)
[2025-12-24T15:46:58.391+0000][gc          ] GC(111) Pause Young (Normal) (G1 Evacuation Pause) 701M->88M(1024M) 10.202ms
[2025-12-24T15:46:58.391+0000][gc,cpu      ] GC(111) User=0.05s Sys=0.01s Real=0.02s
[2025-12-24T15:47:48.558+0000][gc,start    ] GC(112) Pause Young (Normal) (G1 Evacuation Pause)
[2025-12-24T15:47:48.560+0000][gc,task     ] GC(112) Using 8 workers of 8 for evacuation
[2025-12-24T15:47:48.571+0000][gc,phases   ] GC(112)   Pre Evacuate Collection Set: 3.3ms
[2025-12-24T15:47:48.572+0000][gc,phases   ] GC(112)   Merge Heap Roots: 0.2ms
[2025-12-24T15:47:48.572+0000][gc,phases   ] GC(112)   Evacuate Collection Set: 3.4ms
[2025-12-24T15:47:48.572+0000][gc,phases   ] GC(112)   Post Evacuate Collection Set: 3.4ms
[2025-12-24T15:47:48.572+0000][gc,phases   ] GC(112)   Other: 1.7ms
[2025-12-24T15:47:48.572+0000][gc,heap     ] GC(112) Eden regions: 612->0(612)
[2025-12-24T15:47:48.572+0000][gc,heap     ] GC(112) Survivor regions: 2->2(77)
[2025-12-24T15:47:48.572+0000][gc,heap     ] GC(112) Old regions: 59->59
[2025-12-24T15:47:48.572+0000][gc,heap     ] GC(112) Humongous regions: 29->29
[2025-12-24T15:47:48.574+0000][gc,metaspace] GC(112) Metaspace: 12388K(12736K)->12388K(12736K) NonClass: 11300K(11456K)->11300K(11456K) Class: 1088K(1280K)->1088K(1280K)
[2025-12-24T15:47:48.574+0000][gc          ] GC(112) Pause Young (Normal) (G1 Evacuation Pause) 700M->89M(1024M) 16.460ms
[2025-12-24T15:47:48.574+0000][gc,cpu      ] GC(112) User=0.04s Sys=0.00s Real=0.02s
[2025-12-24T15:48:48.465+0000][gc,start    ] GC(113) Pause Young (Normal) (G1 Evacuation Pause)
[2025-12-24T15:48:48.466+0000][gc,task     ] GC(113) Using 8 workers of 8 for evacuation
[2025-12-24T15:48:48.474+0000][gc,phases   ] GC(113)   Pre Evacuate Collection Set: 1.0ms
[2025-12-24T15:48:48.474+0000][gc,phases   ] GC(113)   Merge Heap Roots: 0.2ms
[2025-12-24T15:48:48.474+0000][gc,phases   ] GC(113)   Evacuate Collection Set: 4.7ms
[2025-12-24T15:48:48.474+0000][gc,phases   ] GC(113)   Post Evacuate Collection Set: 1.4ms
[2025-12-24T15:48:48.474+0000][gc,phases   ] GC(113)   Other: 0.4ms
[2025-12-24T15:48:48.474+0000][gc,heap     ] GC(113) Eden regions: 612->0(612)
[2025-12-24T15:48:48.474+0000][gc,heap     ] GC(113) Survivor regions: 2->2(77)
[2025-12-24T15:48:48.474+0000][gc,heap     ] GC(113) Old regions: 59->59
[2025-12-24T15:48:48.474+0000][gc,heap     ] GC(113) Humongous regions: 29->29
[2025-12-24T15:48:48.474+0000][gc,metaspace] GC(113) Metaspace: 12388K(12736K)->12388K(12736K) NonClass: 11300K(11456K)->11300K(11456K) Class: 1088K(1280K)->1088K(1280K)
[2025-12-24T15:48:48.474+0000][gc          ] GC(113) Pause Young (Normal) (G1 Evacuation Pause) 701M->88M(1024M) 9.125ms
[2025-12-24T15:48:48.474+0000][gc,cpu      ] GC(113) User=0.05s Sys=0.00s Real=0.01s
[2025-12-24T15:49:38.775+0000][gc,start    ] GC(114) Pause Young (Normal) (G1 Evacuation Pause)
[2025-12-24T15:49:38.775+0000][gc,task     ] GC(114) Using 8 workers of 8 for evacuation
[2025-12-24T15:49:38.791+0000][gc,phases   ] GC(114)   Pre Evacuate Collection Set: 1.1ms
[2025-12-24T15:49:38.791+0000][gc,phases   ] GC(114)   Merge Heap Roots: 0.3ms
[2025-12-24T15:49:38.791+0000][gc,phases   ] GC(114)   Evacuate Collection Set: 10.1ms
[2025-12-24T15:49:38.791+0000][gc,phases   ] GC(114)   Post Evacuate Collection Set: 3.6ms
[2025-12-24T15:49:38.791+0000][gc,phases   ] GC(114)   Other: 0.7ms
[2025-12-24T15:49:38.792+0000][gc,heap     ] GC(114) Eden regions: 612->0(612)
[2025-12-24T15:49:38.792+0000][gc,heap     ] GC(114) Survivor regions: 2->2(77)
[2025-12-24T15:49:38.792+0000][gc,heap     ] GC(114) Old regions: 59->59
[2025-12-24T15:49:38.792+0000][gc,heap     ] GC(114) Humongous regions: 29->29
[2025-12-24T15:49:38.792+0000][gc,metaspace] GC(114) Metaspace: 12388K(12736K)->12388K(12736K) NonClass: 11300K(11456K)->11300K(11456K) Class: 1088K(1280K)->1088K(1280K)
[2025-12-24T15:49:38.792+0000][gc          ] GC(114) Pause Young (Normal) (G1 Evacuation Pause) 700M->89M(1024M) 17.424ms
[2025-12-24T15:49:38.792+0000][gc,cpu      ] GC(114) User=0.09s Sys=0.00s Real=0.02s
[2025-12-24T15:50:38.374+0000][gc,start    ] GC(115) Pause Young (Normal) (G1 Evacuation Pause)
[2025-12-24T15:50:38.375+0000][gc,task     ] GC(115) Using 8 workers of 8 for evacuation
[2025-12-24T15:50:38.380+0000][gc,phases   ] GC(115)   Pre Evacuate Collection Set: 0.9ms
[2025-12-24T15:50:38.380+0000][gc,phases   ] GC(115)   Merge Heap Roots: 0.2ms
[2025-12-24T15:50:38.380+0000][gc,phases   ] GC(115)   Evacuate Collection Set: 3.1ms
[2025-12-24T15:50:38.380+0000][gc,phases   ] GC(115)   Post Evacuate Collection Set: 1.0ms
[2025-12-24T15:50:38.380+0000][gc,phases   ] GC(115)   Other: 0.4ms
[2025-12-24T15:50:38.380+0000][gc,heap     ] GC(115) Eden regions: 612->0(612)
[2025-12-24T15:50:38.381+0000][gc,heap     ] GC(115) Survivor regions: 2->2(77)
[2025-12-24T15:50:38.381+0000][gc,heap     ] GC(115) Old regions: 59->59
[2025-12-24T15:50:38.381+0000][gc,heap     ] GC(115) Humongous regions: 29->29
[2025-12-24T15:50:38.381+0000][gc,metaspace] GC(115) Metaspace: 12388K(12736K)->12388K(12736K) NonClass: 11300K(11456K)->11300K(11456K) Class: 1088K(1280K)->1088K(1280K)
[2025-12-24T15:50:38.381+0000][gc          ] GC(115) Pause Young (Normal) (G1 Evacuation Pause) 701M->88M(1024M) 6.994ms
[2025-12-24T15:50:38.381+0000][gc,cpu      ] GC(115) User=0.02s Sys=0.00s Real=0.00s
[2025-12-24T15:51:28.742+0000][gc,start    ] GC(116) Pause Young (Normal) (G1 Evacuation Pause)
[2025-12-24T15:51:28.743+0000][gc,task     ] GC(116) Using 8 workers of 8 for evacuation
[2025-12-24T15:51:28.751+0000][gc,phases   ] GC(116)   Pre Evacuate Collection Set: 1.1ms
[2025-12-24T15:51:28.751+0000][gc,phases   ] GC(116)   Merge Heap Roots: 0.2ms
[2025-12-24T15:51:28.751+0000][gc,phases   ] GC(116)   Evacuate Collection Set: 2.2ms
[2025-12-24T15:51:28.751+0000][gc,phases   ] GC(116)   Post Evacuate Collection Set: 4.2ms
[2025-12-24T15:51:28.751+0000][gc,phases   ] GC(116)   Other: 0.2ms
[2025-12-24T15:51:28.751+0000][gc,heap     ] GC(116) Eden regions: 612->0(613)
[2025-12-24T15:51:28.751+0000][gc,heap     ] GC(116) Survivor regions: 2->1(77)
[2025-12-24T15:51:28.751+0000][gc,heap     ] GC(116) Old regions: 59->59
[2025-12-24T15:51:28.751+0000][gc,heap     ] GC(116) Humongous regions: 29->29
[2025-12-24T15:51:28.751+0000][gc,metaspace] GC(116) Metaspace: 12388K(12736K)->12388K(12736K) NonClass: 11300K(11456K)->11300K(11456K) Class: 1088K(1280K)->1088K(1280K)
[2025-12-24T15:51:28.751+0000][gc          ] GC(116) Pause Young (Normal) (G1 Evacuation Pause) 700M->88M(1024M) 9.133ms
[2025-12-24T15:51:28.752+0000][gc,cpu      ] GC(116) User=0.03s Sys=0.00s Real=0.00s
[2025-12-24T15:52:28.412+0000][gc,start    ] GC(117) Pause Young (Normal) (G1 Evacuation Pause)
[2025-12-24T15:52:28.412+0000][gc,task     ] GC(117) Using 8 workers of 8 for evacuation
[2025-12-24T15:52:28.425+0000][gc,phases   ] GC(117)   Pre Evacuate Collection Set: 2.8ms
[2025-12-24T15:52:28.425+0000][gc,phases   ] GC(117)   Merge Heap Roots: 0.5ms
[2025-12-24T15:52:28.425+0000][gc,phases   ] GC(117)   Evacuate Collection Set: 7.7ms
[2025-12-24T15:52:28.425+0000][gc,phases   ] GC(117)   Post Evacuate Collection Set: 1.2ms
[2025-12-24T15:52:28.425+0000][gc,phases   ] GC(117)   Other: 0.4ms
[2025-12-24T15:52:28.425+0000][gc,heap     ] GC(117) Eden regions: 613->0(612)
[2025-12-24T15:52:28.425+0000][gc,heap     ] GC(117) Survivor regions: 1->2(77)
[2025-12-24T15:52:28.425+0000][gc,heap     ] GC(117) Old regions: 59->59
[2025-12-24T15:52:28.425+0000][gc,heap     ] GC(117) Humongous regions: 29->29
[2025-12-24T15:52:28.425+0000][gc,metaspace] GC(117) Metaspace: 12388K(12736K)->12388K(12736K) NonClass: 11300K(11456K)->11300K(11456K) Class: 1088K(1280K)->1088K(1280K)
[2025-12-24T15:52:28.426+0000][gc          ] GC(117) Pause Young (Normal) (G1 Evacuation Pause) 701M->88M(1024M) 13.791ms
[2025-12-24T15:52:28.426+0000][gc,cpu      ] GC(117) User=0.08s Sys=0.00s Real=0.01s
[2025-12-24T15:53:28.257+0000][gc,start    ] GC(118) Pause Young (Normal) (G1 Evacuation Pause)
[2025-12-24T15:53:28.258+0000][gc,task     ] GC(118) Using 8 workers of 8 for evacuation
[2025-12-24T15:53:28.268+0000][gc,phases   ] GC(118)   Pre Evacuate Collection Set: 1.5ms
[2025-12-24T15:53:28.268+0000][gc,phases   ] GC(118)   Merge Heap Roots: 0.8ms
[2025-12-24T15:53:28.268+0000][gc,phases   ] GC(118)   Evacuate Collection Set: 4.5ms
[2025-12-24T15:53:28.268+0000][gc,phases   ] GC(118)   Post Evacuate Collection Set: 2.1ms
[2025-12-24T15:53:28.268+0000][gc,phases   ] GC(118)   Other: 0.7ms
[2025-12-24T15:53:28.268+0000][gc,heap     ] GC(118) Eden regions: 612->0(613)
[2025-12-24T15:53:28.268+0000][gc,heap     ] GC(118) Survivor regions: 2->1(77)
[2025-12-24T15:53:28.268+0000][gc,heap     ] GC(118) Old regions: 59->59
[2025-12-24T15:53:28.268+0000][gc,heap     ] GC(118) Humongous regions: 29->29
[2025-12-24T15:53:28.268+0000][gc,metaspace] GC(118) Metaspace: 12388K(12736K)->12388K(12736K) NonClass: 11300K(11456K)->11300K(11456K) Class: 1088K(1280K)->1088K(1280K)
[2025-12-24T15:53:28.268+0000][gc          ] GC(118) Pause Young (Normal) (G1 Evacuation Pause) 700M->88M(1024M) 10.970ms
[2025-12-24T15:53:28.268+0000][gc,cpu      ] GC(118) User=0.05s Sys=0.01s Real=0.01s
[2025-12-24T15:54:18.442+0000][gc,start    ] GC(119) Pause Young (Normal) (G1 Evacuation Pause)
[2025-12-24T15:54:18.443+0000][gc,task     ] GC(119) Using 8 workers of 8 for evacuation
[2025-12-24T15:54:18.452+0000][gc,phases   ] GC(119)   Pre Evacuate Collection Set: 1.2ms
[2025-12-24T15:54:18.452+0000][gc,phases   ] GC(119)   Merge Heap Roots: 0.2ms
[2025-12-24T15:54:18.452+0000][gc,phases   ] GC(119)   Evacuate Collection Set: 5.4ms
[2025-12-24T15:54:18.452+0000][gc,phases   ] GC(119)   Post Evacuate Collection Set: 1.5ms
[2025-12-24T15:54:18.452+0000][gc,phases   ] GC(119)   Other: 0.4ms
[2025-12-24T15:54:18.452+0000][gc,heap     ] GC(119) Eden regions: 613->0(612)
[2025-12-24T15:54:18.452+0000][gc,heap     ] GC(119) Survivor regions: 1->2(77)
[2025-12-24T15:54:18.452+0000][gc,heap     ] GC(119) Old regions: 59->59
[2025-12-24T15:54:18.452+0000][gc,heap     ] GC(119) Humongous regions: 29->29
[2025-12-24T15:54:18.452+0000][gc,metaspace] GC(119) Metaspace: 12388K(12736K)->12388K(12736K) NonClass: 11300K(11456K)->11300K(11456K) Class: 1088K(1280K)->1088K(1280K)
[2025-12-24T15:54:18.453+0000][gc          ] GC(119) Pause Young (Normal) (G1 Evacuation Pause) 701M->88M(1024M) 10.200ms
[2025-12-24T15:54:18.453+0000][gc,cpu      ] GC(119) User=0.05s Sys=0.00s Real=0.01s
[2025-12-24T15:55:18.262+0000][gc,start    ] GC(120) Pause Young (Normal) (G1 Evacuation Pause)
[2025-12-24T15:55:18.263+0000][gc,task     ] GC(120) Using 8 workers of 8 for evacuation
[2025-12-24T15:55:18.272+0000][gc,phases   ] GC(120)   Pre Evacuate Collection Set: 0.9ms
[2025-12-24T15:55:18.272+0000][gc,phases   ] GC(120)   Merge Heap Roots: 0.2ms
[2025-12-24T15:55:18.272+0000][gc,phases   ] GC(120)   Evacuate Collection Set: 6.4ms
[2025-12-24T15:55:18.272+0000][gc,phases   ] GC(120)   Post Evacuate Collection Set: 1.3ms
[2025-12-24T15:55:18.272+0000][gc,phases   ] GC(120)   Other: 0.2ms
[2025-12-24T15:55:18.272+0000][gc,heap     ] GC(120) Eden regions: 612->0(613)
[2025-12-24T15:55:18.272+0000][gc,heap     ] GC(120) Survivor regions: 2->1(77)
[2025-12-24T15:55:18.272+0000][gc,heap     ] GC(120) Old regions: 59->59
[2025-12-24T15:55:18.273+0000][gc,heap     ] GC(120) Humongous regions: 29->29
[2025-12-24T15:55:18.273+0000][gc,metaspace] GC(120) Metaspace: 12425K(12800K)->12425K(12800K) NonClass: 11337K(11520K)->11337K(11520K) Class: 1088K(1280K)->1088K(1280K)
[2025-12-24T15:55:18.273+0000][gc          ] GC(120) Pause Young (Normal) (G1 Evacuation Pause) 700M->88M(1024M) 10.394ms
[2025-12-24T15:55:18.273+0000][gc,cpu      ] GC(120) User=0.07s Sys=0.00s Real=0.01s
[2025-12-24T15:56:08.450+0000][gc,start    ] GC(121) Pause Young (Normal) (G1 Evacuation Pause)
[2025-12-24T15:56:08.451+0000][gc,task     ] GC(121) Using 8 workers of 8 for evacuation
[2025-12-24T15:56:08.456+0000][gc,phases   ] GC(121)   Pre Evacuate Collection Set: 1.1ms
[2025-12-24T15:56:08.456+0000][gc,phases   ] GC(121)   Merge Heap Roots: 0.2ms
[2025-12-24T15:56:08.456+0000][gc,phases   ] GC(121)   Evacuate Collection Set: 2.8ms
[2025-12-24T15:56:08.457+0000][gc,phases   ] GC(121)   Post Evacuate Collection Set: 1.0ms
[2025-12-24T15:56:08.457+0000][gc,phases   ] GC(121)   Other: 0.3ms
[2025-12-24T15:56:08.457+0000][gc,heap     ] GC(121) Eden regions: 613->0(612)
[2025-12-24T15:56:08.457+0000][gc,heap     ] GC(121) Survivor regions: 1->2(77)
[2025-12-24T15:56:08.457+0000][gc,heap     ] GC(121) Old regions: 59->59
[2025-12-24T15:56:08.457+0000][gc,heap     ] GC(121) Humongous regions: 29->29
[2025-12-24T15:56:08.457+0000][gc,metaspace] GC(121) Metaspace: 12425K(12800K)->12425K(12800K) NonClass: 11337K(11520K)->11337K(11520K) Class: 1088K(1280K)->1088K(1280K)
[2025-12-24T15:56:08.457+0000][gc          ] GC(121) Pause Young (Normal) (G1 Evacuation Pause) 701M->89M(1024M) 6.539ms
[2025-12-24T15:56:08.457+0000][gc,cpu      ] GC(121) User=0.03s Sys=0.00s Real=0.01s
[2025-12-24T15:57:08.264+0000][gc,start    ] GC(122) Pause Young (Normal) (G1 Evacuation Pause)
[2025-12-24T15:57:08.265+0000][gc,task     ] GC(122) Using 8 workers of 8 for evacuation
[2025-12-24T15:57:08.269+0000][gc,phases   ] GC(122)   Pre Evacuate Collection Set: 0.9ms
[2025-12-24T15:57:08.270+0000][gc,phases   ] GC(122)   Merge Heap Roots: 0.2ms
[2025-12-24T15:57:08.270+0000][gc,phases   ] GC(122)   Evacuate Collection Set: 2.2ms
[2025-12-24T15:57:08.270+0000][gc,phases   ] GC(122)   Post Evacuate Collection Set: 1.0ms
[2025-12-24T15:57:08.270+0000][gc,phases   ] GC(122)   Other: 0.3ms
[2025-12-24T15:57:08.270+0000][gc,heap     ] GC(122) Eden regions: 612->0(613)
[2025-12-24T15:57:08.270+0000][gc,heap     ] GC(122) Survivor regions: 2->1(77)
[2025-12-24T15:57:08.270+0000][gc,heap     ] GC(122) Old regions: 59->59
[2025-12-24T15:57:08.270+0000][gc,heap     ] GC(122) Humongous regions: 29->29
[2025-12-24T15:57:08.270+0000][gc,metaspace] GC(122) Metaspace: 12428K(12800K)->12428K(12800K) NonClass: 11339K(11520K)->11339K(11520K) Class: 1088K(1280K)->1088K(1280K)
[2025-12-24T15:57:08.270+0000][gc          ] GC(122) Pause Young (Normal) (G1 Evacuation Pause) 701M->88M(1024M) 6.052ms
[2025-12-24T15:57:08.270+0000][gc,cpu      ] GC(122) User=0.03s Sys=0.00s Real=0.00s
[2025-12-24T15:57:58.485+0000][gc,start    ] GC(123) Pause Young (Normal) (G1 Evacuation Pause)
[2025-12-24T15:57:58.485+0000][gc,task     ] GC(123) Using 8 workers of 8 for evacuation
[2025-12-24T15:57:58.497+0000][gc,phases   ] GC(123)   Pre Evacuate Collection Set: 1.8ms
[2025-12-24T15:57:58.497+0000][gc,phases   ] GC(123)   Merge Heap Roots: 0.4ms
[2025-12-24T15:57:58.498+0000][gc,phases   ] GC(123)   Evacuate Collection Set: 8.4ms
[2025-12-24T15:57:58.498+0000][gc,phases   ] GC(123)   Post Evacuate Collection Set: 1.1ms
[2025-12-24T15:57:58.498+0000][gc,phases   ] GC(123)   Other: 0.3ms
[2025-12-24T15:57:58.498+0000][gc,heap     ] GC(123) Eden regions: 613->0(612)
[2025-12-24T15:57:58.498+0000][gc,heap     ] GC(123) Survivor regions: 1->2(77)
[2025-12-24T15:57:58.498+0000][gc,heap     ] GC(123) Old regions: 59->59
[2025-12-24T15:57:58.498+0000][gc,heap     ] GC(123) Humongous regions: 29->29
[2025-12-24T15:57:58.498+0000][gc,metaspace] GC(123) Metaspace: 12428K(12800K)->12428K(12800K) NonClass: 11339K(11520K)->11339K(11520K) Class: 1088K(1280K)->1088K(1280K)
[2025-12-24T15:57:58.498+0000][gc          ] GC(123) Pause Young (Normal) (G1 Evacuation Pause) 701M->89M(1024M) 12.930ms
[2025-12-24T15:57:58.498+0000][gc,cpu      ] GC(123) User=0.07s Sys=0.00s Real=0.01s
[2025-12-24T15:58:58.340+0000][gc,start    ] GC(124) Pause Young (Normal) (G1 Evacuation Pause)
[2025-12-24T15:58:58.341+0000][gc,task     ] GC(124) Using 8 workers of 8 for evacuation
[2025-12-24T15:58:58.353+0000][gc,phases   ] GC(124)   Pre Evacuate Collection Set: 3.6ms
[2025-12-24T15:58:58.353+0000][gc,phases   ] GC(124)   Merge Heap Roots: 0.4ms
[2025-12-24T15:58:58.353+0000][gc,phases   ] GC(124)   Evacuate Collection Set: 6.5ms
[2025-12-24T15:58:58.353+0000][gc,phases   ] GC(124)   Post Evacuate Collection Set: 1.5ms
[2025-12-24T15:58:58.353+0000][gc,phases   ] GC(124)   Other: 0.4ms
[2025-12-24T15:58:58.353+0000][gc,heap     ] GC(124) Eden regions: 612->0(613)
[2025-12-24T15:58:58.354+0000][gc,heap     ] GC(124) Survivor regions: 2->1(77)
[2025-12-24T15:58:58.354+0000][gc,heap     ] GC(124) Old regions: 59->59
[2025-12-24T15:58:58.354+0000][gc,heap     ] GC(124) Humongous regions: 29->29
[2025-12-24T15:58:58.354+0000][gc,metaspace] GC(124) Metaspace: 12428K(12800K)->12428K(12800K) NonClass: 11339K(11520K)->11339K(11520K) Class: 1088K(1280K)->1088K(1280K)
[2025-12-24T15:58:58.354+0000][gc          ] GC(124) Pause Young (Normal) (G1 Evacuation Pause) 701M->88M(1024M) 13.773ms
[2025-12-24T15:58:58.354+0000][gc,cpu      ] GC(124) User=0.09s Sys=0.00s Real=0.01s
[2025-12-24T15:59:48.549+0000][gc,start    ] GC(125) Pause Young (Normal) (G1 Evacuation Pause)
[2025-12-24T15:59:48.549+0000][gc,task     ] GC(125) Using 8 workers of 8 for evacuation
[2025-12-24T15:59:48.559+0000][gc,phases   ] GC(125)   Pre Evacuate Collection Set: 1.0ms
[2025-12-24T15:59:48.559+0000][gc,phases   ] GC(125)   Merge Heap Roots: 0.2ms
[2025-12-24T15:59:48.560+0000][gc,phases   ] GC(125)   Evacuate Collection Set: 7.2ms
[2025-12-24T15:59:48.560+0000][gc,phases   ] GC(125)   Post Evacuate Collection Set: 1.2ms
[2025-12-24T15:59:48.560+0000][gc,phases   ] GC(125)   Other: 0.3ms
[2025-12-24T15:59:48.560+0000][gc,heap     ] GC(125) Eden regions: 613->0(612)
[2025-12-24T15:59:48.560+0000][gc,heap     ] GC(125) Survivor regions: 1->2(77)
[2025-12-24T15:59:48.560+0000][gc,heap     ] GC(125) Old regions: 59->59
[2025-12-24T15:59:48.560+0000][gc,heap     ] GC(125) Humongous regions: 29->29
[2025-12-24T15:59:48.560+0000][gc,metaspace] GC(125) Metaspace: 12428K(12800K)->12428K(12800K) NonClass: 11339K(11520K)->11339K(11520K) Class: 1088K(1280K)->1088K(1280K)
[2025-12-24T15:59:48.560+0000][gc          ] GC(125) Pause Young (Normal) (G1 Evacuation Pause) 701M->89M(1024M) 11.243ms
[2025-12-24T15:59:48.560+0000][gc,cpu      ] GC(125) User=0.06s Sys=0.00s Real=0.02s
[2025-12-24T16:00:48.347+0000][gc,start    ] GC(126) Pause Young (Normal) (G1 Evacuation Pause)
[2025-12-24T16:00:48.348+0000][gc,task     ] GC(126) Using 8 workers of 8 for evacuation
[2025-12-24T16:00:48.363+0000][gc,phases   ] GC(126)   Pre Evacuate Collection Set: 1.0ms
[2025-12-24T16:00:48.364+0000][gc,phases   ] GC(126)   Merge Heap Roots: 0.2ms
[2025-12-24T16:00:48.364+0000][gc,phases   ] GC(126)   Evacuate Collection Set: 11.2ms
[2025-12-24T16:00:48.364+0000][gc,phases   ] GC(126)   Post Evacuate Collection Set: 2.2ms
[2025-12-24T16:00:48.364+0000][gc,phases   ] GC(126)   Other: 0.5ms
[2025-12-24T16:00:48.364+0000][gc,heap     ] GC(126) Eden regions: 612->0(613)
[2025-12-24T16:00:48.364+0000][gc,heap     ] GC(126) Survivor regions: 2->1(77)
[2025-12-24T16:00:48.364+0000][gc,heap     ] GC(126) Old regions: 59->59
[2025-12-24T16:00:48.364+0000][gc,heap     ] GC(126) Humongous regions: 29->29
[2025-12-24T16:00:48.364+0000][gc,metaspace] GC(126) Metaspace: 12428K(12800K)->12428K(12800K) NonClass: 11339K(11520K)->11339K(11520K) Class: 1088K(1280K)->1088K(1280K)
[2025-12-24T16:00:48.364+0000][gc          ] GC(126) Pause Young (Normal) (G1 Evacuation Pause) 701M->88M(1024M) 17.111ms
[2025-12-24T16:00:48.364+0000][gc,cpu      ] GC(126) User=0.10s Sys=0.00s Real=0.01s
[2025-12-24T16:01:38.513+0000][gc,start    ] GC(127) Pause Young (Normal) (G1 Evacuation Pause)
[2025-12-24T16:01:38.513+0000][gc,task     ] GC(127) Using 8 workers of 8 for evacuation
[2025-12-24T16:01:38.519+0000][gc,phases   ] GC(127)   Pre Evacuate Collection Set: 1.0ms
[2025-12-24T16:01:38.519+0000][gc,phases   ] GC(127)   Merge Heap Roots: 0.2ms
[2025-12-24T16:01:38.519+0000][gc,phases   ] GC(127)   Evacuate Collection Set: 2.9ms
[2025-12-24T16:01:38.519+0000][gc,phases   ] GC(127)   Post Evacuate Collection Set: 1.0ms
[2025-12-24T16:01:38.519+0000][gc,phases   ] GC(127)   Other: 0.4ms
[2025-12-24T16:01:38.519+0000][gc,heap     ] GC(127) Eden regions: 613->0(612)
[2025-12-24T16:01:38.519+0000][gc,heap     ] GC(127) Survivor regions: 1->2(77)
[2025-12-24T16:01:38.519+0000][gc,heap     ] GC(127) Old regions: 59->59
[2025-12-24T16:01:38.519+0000][gc,heap     ] GC(127) Humongous regions: 29->29
[2025-12-24T16:01:38.519+0000][gc,metaspace] GC(127) Metaspace: 12428K(12800K)->12428K(12800K) NonClass: 11339K(11520K)->11339K(11520K) Class: 1088K(1280K)->1088K(1280K)
[2025-12-24T16:01:38.519+0000][gc          ] GC(127) Pause Young (Normal) (G1 Evacuation Pause) 701M->89M(1024M) 6.590ms
[2025-12-24T16:01:38.519+0000][gc,cpu      ] GC(127) User=0.03s Sys=0.00s Real=0.01s
[2025-12-24T16:02:38.335+0000][gc,start    ] GC(128) Pause Young (Normal) (G1 Evacuation Pause)
[2025-12-24T16:02:38.336+0000][gc,task     ] GC(128) Using 8 workers of 8 for evacuation
[2025-12-24T16:02:38.352+0000][gc,phases   ] GC(128)   Pre Evacuate Collection Set: 5.7ms
[2025-12-24T16:02:38.352+0000][gc,phases   ] GC(128)   Merge Heap Roots: 0.5ms
[2025-12-24T16:02:38.353+0000][gc,phases   ] GC(128)   Evacuate Collection Set: 7.4ms
[2025-12-24T16:02:38.353+0000][gc,phases   ] GC(128)   Post Evacuate Collection Set: 1.9ms
[2025-12-24T16:02:38.353+0000][gc,phases   ] GC(128)   Other: 0.9ms
[2025-12-24T16:02:38.353+0000][gc,heap     ] GC(128) Eden regions: 612->0(612)
[2025-12-24T16:02:38.353+0000][gc,heap     ] GC(128) Survivor regions: 2->2(77)
[2025-12-24T16:02:38.353+0000][gc,heap     ] GC(128) Old regions: 59->59
[2025-12-24T16:02:38.353+0000][gc,heap     ] GC(128) Humongous regions: 29->29
[2025-12-24T16:02:38.353+0000][gc,metaspace] GC(128) Metaspace: 12433K(12800K)->12433K(12800K) NonClass: 11344K(11520K)->11344K(11520K) Class: 1088K(1280K)->1088K(1280K)
[2025-12-24T16:02:38.354+0000][gc          ] GC(128) Pause Young (Normal) (G1 Evacuation Pause) 701M->88M(1024M) 19.203ms
[2025-12-24T16:02:38.354+0000][gc,cpu      ] GC(128) User=0.05s Sys=0.00s Real=0.01s
[2025-12-24T16:03:28.523+0000][gc,start    ] GC(129) Pause Young (Normal) (G1 Evacuation Pause)
[2025-12-24T16:03:28.524+0000][gc,task     ] GC(129) Using 8 workers of 8 for evacuation
[2025-12-24T16:03:28.531+0000][gc,phases   ] GC(129)   Pre Evacuate Collection Set: 1.1ms
[2025-12-24T16:03:28.531+0000][gc,phases   ] GC(129)   Merge Heap Roots: 0.3ms
[2025-12-24T16:03:28.531+0000][gc,phases   ] GC(129)   Evacuate Collection Set: 3.8ms
[2025-12-24T16:03:28.531+0000][gc,phases   ] GC(129)   Post Evacuate Collection Set: 1.6ms
[2025-12-24T16:03:28.531+0000][gc,phases   ] GC(129)   Other: 0.4ms
[2025-12-24T16:03:28.531+0000][gc,heap     ] GC(129) Eden regions: 612->0(612)
[2025-12-24T16:03:28.531+0000][gc,heap     ] GC(129) Survivor regions: 2->2(77)
[2025-12-24T16:03:28.531+0000][gc,heap     ] GC(129) Old regions: 59->59
[2025-12-24T16:03:28.531+0000][gc,heap     ] GC(129) Humongous regions: 29->29
[2025-12-24T16:03:28.531+0000][gc,metaspace] GC(129) Metaspace: 12433K(12800K)->12433K(12800K) NonClass: 11344K(11520K)->11344K(11520K) Class: 1088K(1280K)->1088K(1280K)
[2025-12-24T16:03:28.532+0000][gc          ] GC(129) Pause Young (Normal) (G1 Evacuation Pause) 700M->89M(1024M) 8.998ms
[2025-12-24T16:03:28.532+0000][gc,cpu      ] GC(129) User=0.05s Sys=0.00s Real=0.00s
[2025-12-24T16:04:28.718+0000][gc,start    ] GC(130) Pause Young (Normal) (G1 Evacuation Pause)
[2025-12-24T16:04:28.720+0000][gc,task     ] GC(130) Using 8 workers of 8 for evacuation
[2025-12-24T16:04:28.733+0000][gc,phases   ] GC(130)   Pre Evacuate Collection Set: 1.3ms
[2025-12-24T16:04:28.733+0000][gc,phases   ] GC(130)   Merge Heap Roots: 0.2ms
[2025-12-24T16:04:28.733+0000][gc,phases   ] GC(130)   Evacuate Collection Set: 7.1ms
[2025-12-24T16:04:28.733+0000][gc,phases   ] GC(130)   Post Evacuate Collection Set: 3.1ms
[2025-12-24T16:04:28.733+0000][gc,phases   ] GC(130)   Other: 1.4ms
[2025-12-24T16:04:28.733+0000][gc,heap     ] GC(130) Eden regions: 612->0(612)
[2025-12-24T16:04:28.733+0000][gc,heap     ] GC(130) Survivor regions: 2->2(77)
[2025-12-24T16:04:28.733+0000][gc,heap     ] GC(130) Old regions: 59->59
[2025-12-24T16:04:28.733+0000][gc,heap     ] GC(130) Humongous regions: 29->29
[2025-12-24T16:04:28.733+0000][gc,metaspace] GC(130) Metaspace: 12433K(12800K)->12433K(12800K) NonClass: 11344K(11520K)->11344K(11520K) Class: 1088K(1280K)->1088K(1280K)
[2025-12-24T16:04:28.734+0000][gc          ] GC(130) Pause Young (Normal) (G1 Evacuation Pause) 701M->89M(1024M) 15.309ms
[2025-12-24T16:04:28.734+0000][gc,cpu      ] GC(130) User=0.05s Sys=0.00s Real=0.02s
[2025-12-24T16:18:38.431+0000][gc,start    ] GC(131) Pause Young (Normal) (G1 Evacuation Pause)
[2025-12-24T16:18:38.432+0000][gc,task     ] GC(131) Using 8 workers of 8 for evacuation
[2025-12-24T16:18:38.453+0000][gc,phases   ] GC(131)   Pre Evacuate Collection Set: 1.3ms
[2025-12-24T16:18:38.453+0000][gc,phases   ] GC(131)   Merge Heap Roots: 0.3ms
[2025-12-24T16:18:38.453+0000][gc,phases   ] GC(131)   Evacuate Collection Set: 17.4ms
[2025-12-24T16:18:38.453+0000][gc,phases   ] GC(131)   Post Evacuate Collection Set: 1.4ms
[2025-12-24T16:18:38.453+0000][gc,phases   ] GC(131)   Other: 0.5ms
[2025-12-24T16:18:38.453+0000][gc,heap     ] GC(131) Eden regions: 612->0(609)
[2025-12-24T16:18:38.453+0000][gc,heap     ] GC(131) Survivor regions: 2->5(77)
[2025-12-24T16:18:38.453+0000][gc,heap     ] GC(131) Old regions: 59->60
[2025-12-24T16:18:38.453+0000][gc,heap     ] GC(131) Humongous regions: 31->31
[2025-12-24T16:18:38.453+0000][gc,metaspace] GC(131) Metaspace: 12452K(12800K)->12452K(12800K) NonClass: 11358K(11520K)->11358K(11520K) Class: 1093K(1280K)->1093K(1280K)
[2025-12-24T16:18:38.454+0000][gc          ] GC(131) Pause Young (Normal) (G1 Evacuation Pause) 703M->94M(1024M) 22.463ms
[2025-12-24T16:18:38.454+0000][gc,cpu      ] GC(131) User=0.15s Sys=0.00s Real=0.02s
[2025-12-24T16:19:38.160+0000][gc,start    ] GC(132) Pause Young (Normal) (G1 Evacuation Pause)
[2025-12-24T16:19:38.161+0000][gc,task     ] GC(132) Using 8 workers of 8 for evacuation
[2025-12-24T16:19:38.182+0000][gc,phases   ] GC(132)   Pre Evacuate Collection Set: 1.4ms
[2025-12-24T16:19:38.182+0000][gc,phases   ] GC(132)   Merge Heap Roots: 0.3ms
[2025-12-24T16:19:38.182+0000][gc,phases   ] GC(132)   Evacuate Collection Set: 17.7ms
[2025-12-24T16:19:38.182+0000][gc,phases   ] GC(132)   Post Evacuate Collection Set: 1.4ms
[2025-12-24T16:19:38.182+0000][gc,phases   ] GC(132)   Other: 0.3ms
[2025-12-24T16:19:38.182+0000][gc,heap     ] GC(132) Eden regions: 609->0(610)
[2025-12-24T16:19:38.183+0000][gc,heap     ] GC(132) Survivor regions: 5->4(77)
[2025-12-24T16:19:38.183+0000][gc,heap     ] GC(132) Old regions: 60->60
[2025-12-24T16:19:38.183+0000][gc,heap     ] GC(132) Humongous regions: 31->31
[2025-12-24T16:19:38.183+0000][gc,metaspace] GC(132) Metaspace: 12452K(12800K)->12452K(12800K) NonClass: 11358K(11520K)->11358K(11520K) Class: 1093K(1280K)->1093K(1280K)
[2025-12-24T16:19:38.183+0000][gc          ] GC(132) Pause Young (Normal) (G1 Evacuation Pause) 703M->93M(1024M) 22.614ms
[2025-12-24T16:19:38.183+0000][gc,cpu      ] GC(132) User=0.15s Sys=0.00s Real=0.02s
[2025-12-24T16:20:28.173+0000][gc,start    ] GC(133) Pause Young (Normal) (G1 Evacuation Pause)
[2025-12-24T16:20:28.174+0000][gc,task     ] GC(133) Using 8 workers of 8 for evacuation
[2025-12-24T16:20:28.198+0000][gc,phases   ] GC(133)   Pre Evacuate Collection Set: 3.0ms
[2025-12-24T16:20:28.198+0000][gc,phases   ] GC(133)   Merge Heap Roots: 1.2ms
[2025-12-24T16:20:28.198+0000][gc,phases   ] GC(133)   Evacuate Collection Set: 15.9ms
[2025-12-24T16:20:28.198+0000][gc,phases   ] GC(133)   Post Evacuate Collection Set: 1.7ms
[2025-12-24T16:20:28.198+0000][gc,phases   ] GC(133)   Other: 1.6ms
[2025-12-24T16:20:28.198+0000][gc,heap     ] GC(133) Eden regions: 610->0(610)
[2025-12-24T16:20:28.199+0000][gc,heap     ] GC(133) Survivor regions: 4->4(77)
[2025-12-24T16:20:28.199+0000][gc,heap     ] GC(133) Old regions: 60->60
[2025-12-24T16:20:28.199+0000][gc,heap     ] GC(133) Humongous regions: 31->31
[2025-12-24T16:20:28.199+0000][gc,metaspace] GC(133) Metaspace: 12452K(12800K)->12452K(12800K) NonClass: 11359K(11520K)->11359K(11520K) Class: 1093K(1280K)->1093K(1280K)
[2025-12-24T16:20:28.201+0000][gc          ] GC(133) Pause Young (Normal) (G1 Evacuation Pause) 703M->93M(1024M) 28.572ms
[2025-12-24T16:20:28.201+0000][gc,cpu      ] GC(133) User=0.09s Sys=0.01s Real=0.03s
[2025-12-24T16:21:18.322+0000][gc,start    ] GC(134) Pause Young (Normal) (G1 Evacuation Pause)
[2025-12-24T16:21:18.323+0000][gc,task     ] GC(134) Using 8 workers of 8 for evacuation
[2025-12-24T16:21:18.339+0000][gc,phases   ] GC(134)   Pre Evacuate Collection Set: 1.1ms
[2025-12-24T16:21:18.339+0000][gc,phases   ] GC(134)   Merge Heap Roots: 0.3ms
[2025-12-24T16:21:18.339+0000][gc,phases   ] GC(134)   Evacuate Collection Set: 11.0ms
[2025-12-24T16:21:18.339+0000][gc,phases   ] GC(134)   Post Evacuate Collection Set: 2.9ms
[2025-12-24T16:21:18.340+0000][gc,phases   ] GC(134)   Other: 0.6ms
[2025-12-24T16:21:18.340+0000][gc,heap     ] GC(134) Eden regions: 610->0(609)
[2025-12-24T16:21:18.340+0000][gc,heap     ] GC(134) Survivor regions: 4->5(77)
[2025-12-24T16:21:18.340+0000][gc,heap     ] GC(134) Old regions: 60->60
[2025-12-24T16:21:18.340+0000][gc,heap     ] GC(134) Humongous regions: 31->31
[2025-12-24T16:21:18.340+0000][gc,metaspace] GC(134) Metaspace: 12452K(12800K)->12452K(12800K) NonClass: 11359K(11520K)->11359K(11520K) Class: 1093K(1280K)->1093K(1280K)
[2025-12-24T16:21:18.340+0000][gc          ] GC(134) Pause Young (Normal) (G1 Evacuation Pause) 703M->94M(1024M) 17.508ms
[2025-12-24T16:21:18.340+0000][gc,cpu      ] GC(134) User=0.09s Sys=0.00s Real=0.02s
[2025-12-24T16:22:18.074+0000][gc,start    ] GC(135) Pause Young (Normal) (G1 Evacuation Pause)
[2025-12-24T16:22:18.074+0000][gc,task     ] GC(135) Using 8 workers of 8 for evacuation
[2025-12-24T16:22:18.090+0000][gc,phases   ] GC(135)   Pre Evacuate Collection Set: 0.9ms
[2025-12-24T16:22:18.090+0000][gc,phases   ] GC(135)   Merge Heap Roots: 0.2ms
[2025-12-24T16:22:18.090+0000][gc,phases   ] GC(135)   Evacuate Collection Set: 13.0ms
[2025-12-24T16:22:18.090+0000][gc,phases   ] GC(135)   Post Evacuate Collection Set: 1.2ms
[2025-12-24T16:22:18.090+0000][gc,phases   ] GC(135)   Other: 0.2ms
[2025-12-24T16:22:18.090+0000][gc,heap     ] GC(135) Eden regions: 609->0(610)
[2025-12-24T16:22:18.090+0000][gc,heap     ] GC(135) Survivor regions: 5->4(77)
[2025-12-24T16:22:18.090+0000][gc,heap     ] GC(135) Old regions: 60->60
[2025-12-24T16:22:18.090+0000][gc,heap     ] GC(135) Humongous regions: 31->31
[2025-12-24T16:22:18.090+0000][gc,metaspace] GC(135) Metaspace: 12513K(12864K)->12513K(12864K) NonClass: 11406K(11520K)->11406K(11520K) Class: 1106K(1344K)->1106K(1344K)
[2025-12-24T16:22:18.090+0000][gc          ] GC(135) Pause Young (Normal) (G1 Evacuation Pause) 703M->94M(1024M) 16.650ms
[2025-12-24T16:22:18.090+0000][gc,cpu      ] GC(135) User=0.11s Sys=0.00s Real=0.01s
[2025-12-24T16:23:08.253+0000][gc,start    ] GC(136) Pause Young (Normal) (G1 Evacuation Pause)
[2025-12-24T16:23:08.255+0000][gc,task     ] GC(136) Using 8 workers of 8 for evacuation
[2025-12-24T16:23:08.280+0000][gc,phases   ] GC(136)   Pre Evacuate Collection Set: 4.8ms
[2025-12-24T16:23:08.280+0000][gc,phases   ] GC(136)   Merge Heap Roots: 0.8ms
[2025-12-24T16:23:08.280+0000][gc,phases   ] GC(136)   Evacuate Collection Set: 15.6ms
[2025-12-24T16:23:08.280+0000][gc,phases   ] GC(136)   Post Evacuate Collection Set: 1.0ms
[2025-12-24T16:23:08.280+0000][gc,phases   ] GC(136)   Other: 3.0ms
[2025-12-24T16:23:08.280+0000][gc,heap     ] GC(136) Eden regions: 610->0(609)
[2025-12-24T16:23:08.280+0000][gc,heap     ] GC(136) Survivor regions: 4->5(77)
[2025-12-24T16:23:08.280+0000][gc,heap     ] GC(136) Old regions: 60->60
[2025-12-24T16:23:08.280+0000][gc,heap     ] GC(136) Humongous regions: 31->31
[2025-12-24T16:23:08.280+0000][gc,metaspace] GC(136) Metaspace: 12513K(12864K)->12513K(12864K) NonClass: 11406K(11520K)->11406K(11520K) Class: 1106K(1344K)->1106K(1344K)
[2025-12-24T16:23:08.280+0000][gc          ] GC(136) Pause Young (Normal) (G1 Evacuation Pause) 704M->94M(1024M) 26.750ms
[2025-12-24T16:23:08.280+0000][gc,cpu      ] GC(136) User=0.08s Sys=0.00s Real=0.02s
[2025-12-24T16:24:08.005+0000][gc,start    ] GC(137) Pause Young (Normal) (G1 Evacuation Pause)
[2025-12-24T16:24:08.007+0000][gc,task     ] GC(137) Using 8 workers of 8 for evacuation
[2025-12-24T16:24:08.038+0000][gc,phases   ] GC(137)   Pre Evacuate Collection Set: 3.2ms
[2025-12-24T16:24:08.038+0000][gc,phases   ] GC(137)   Merge Heap Roots: 0.8ms
[2025-12-24T16:24:08.039+0000][gc,phases   ] GC(137)   Evacuate Collection Set: 23.0ms
[2025-12-24T16:24:08.039+0000][gc,phases   ] GC(137)   Post Evacuate Collection Set: 2.9ms
[2025-12-24T16:24:08.039+0000][gc,phases   ] GC(137)   Other: 1.3ms
[2025-12-24T16:24:08.039+0000][gc,heap     ] GC(137) Eden regions: 609->0(610)
[2025-12-24T16:24:08.039+0000][gc,heap     ] GC(137) Survivor regions: 5->4(77)
[2025-12-24T16:24:08.039+0000][gc,heap     ] GC(137) Old regions: 60->60
[2025-12-24T16:24:08.039+0000][gc,heap     ] GC(137) Humongous regions: 31->31
[2025-12-24T16:24:08.040+0000][gc,metaspace] GC(137) Metaspace: 12518K(12864K)->12518K(12864K) NonClass: 11411K(11520K)->11411K(11520K) Class: 1106K(1344K)->1106K(1344K)
[2025-12-24T16:24:08.040+0000][gc          ] GC(137) Pause Young (Normal) (G1 Evacuation Pause) 703M->93M(1024M) 35.273ms
[2025-12-24T16:24:08.040+0000][gc,cpu      ] GC(137) User=0.09s Sys=0.01s Real=0.04s
[2025-12-24T16:24:58.157+0000][gc,start    ] GC(138) Pause Young (Normal) (G1 Evacuation Pause)
[2025-12-24T16:24:58.157+0000][gc,task     ] GC(138) Using 8 workers of 8 for evacuation
[2025-12-24T16:24:58.179+0000][gc,phases   ] GC(138)   Pre Evacuate Collection Set: 1.0ms
[2025-12-24T16:24:58.179+0000][gc,phases   ] GC(138)   Merge Heap Roots: 0.3ms
[2025-12-24T16:24:58.179+0000][gc,phases   ] GC(138)   Evacuate Collection Set: 18.9ms
[2025-12-24T16:24:58.179+0000][gc,phases   ] GC(138)   Post Evacuate Collection Set: 1.3ms
[2025-12-24T16:24:58.179+0000][gc,phases   ] GC(138)   Other: 0.3ms
[2025-12-24T16:24:58.180+0000][gc,heap     ] GC(138) Eden regions: 610->0(609)
[2025-12-24T16:24:58.180+0000][gc,heap     ] GC(138) Survivor regions: 4->5(77)
[2025-12-24T16:24:58.180+0000][gc,heap     ] GC(138) Old regions: 60->60
[2025-12-24T16:24:58.180+0000][gc,heap     ] GC(138) Humongous regions: 31->31
[2025-12-24T16:24:58.180+0000][gc,metaspace] GC(138) Metaspace: 12519K(12928K)->12519K(12928K) NonClass: 11412K(11584K)->11412K(11584K) Class: 1106K(1344K)->1106K(1344K)
[2025-12-24T16:24:58.180+0000][gc          ] GC(138) Pause Young (Normal) (G1 Evacuation Pause) 703M->94M(1024M) 23.213ms
[2025-12-24T16:24:58.180+0000][gc,cpu      ] GC(138) User=0.16s Sys=0.01s Real=0.02s
[2025-12-24T16:25:48.434+0000][gc,start    ] GC(139) Pause Young (Normal) (G1 Evacuation Pause)
[2025-12-24T16:25:48.434+0000][gc,task     ] GC(139) Using 8 workers of 8 for evacuation
[2025-12-24T16:25:48.455+0000][gc,phases   ] GC(139)   Pre Evacuate Collection Set: 2.5ms
[2025-12-24T16:25:48.455+0000][gc,phases   ] GC(139)   Merge Heap Roots: 1.0ms
[2025-12-24T16:25:48.455+0000][gc,phases   ] GC(139)   Evacuate Collection Set: 14.8ms
[2025-12-24T16:25:48.455+0000][gc,phases   ] GC(139)   Post Evacuate Collection Set: 1.4ms
[2025-12-24T16:25:48.455+0000][gc,phases   ] GC(139)   Other: 0.6ms
[2025-12-24T16:25:48.455+0000][gc,heap     ] GC(139) Eden regions: 609->0(609)
[2025-12-24T16:25:48.455+0000][gc,heap     ] GC(139) Survivor regions: 5->5(77)
[2025-12-24T16:25:48.455+0000][gc,heap     ] GC(139) Old regions: 60->60
[2025-12-24T16:25:48.455+0000][gc,heap     ] GC(139) Humongous regions: 31->31
[2025-12-24T16:25:48.455+0000][gc,metaspace] GC(139) Metaspace: 12519K(12928K)->12519K(12928K) NonClass: 11412K(11584K)->11412K(11584K) Class: 1106K(1344K)->1106K(1344K)
[2025-12-24T16:25:48.455+0000][gc          ] GC(139) Pause Young (Normal) (G1 Evacuation Pause) 703M->95M(1024M) 21.667ms
[2025-12-24T16:25:48.456+0000][gc,cpu      ] GC(139) User=0.12s Sys=0.00s Real=0.02s
[2025-12-24T16:26:48.044+0000][gc,start    ] GC(140) Pause Young (Normal) (G1 Evacuation Pause)
[2025-12-24T16:26:48.045+0000][gc,task     ] GC(140) Using 8 workers of 8 for evacuation
[2025-12-24T16:26:48.061+0000][gc,phases   ] GC(140)   Pre Evacuate Collection Set: 1.8ms
[2025-12-24T16:26:48.061+0000][gc,phases   ] GC(140)   Merge Heap Roots: 0.7ms
[2025-12-24T16:26:48.061+0000][gc,phases   ] GC(140)   Evacuate Collection Set: 12.4ms
[2025-12-24T16:26:48.061+0000][gc,phases   ] GC(140)   Post Evacuate Collection Set: 1.3ms
[2025-12-24T16:26:48.062+0000][gc,phases   ] GC(140)   Other: 0.4ms
[2025-12-24T16:26:48.062+0000][gc,heap     ] GC(140) Eden regions: 609->0(610)
[2025-12-24T16:26:48.062+0000][gc,heap     ] GC(140) Survivor regions: 5->4(77)
[2025-12-24T16:26:48.062+0000][gc,heap     ] GC(140) Old regions: 60->60
[2025-12-24T16:26:48.062+0000][gc,heap     ] GC(140) Humongous regions: 31->31
[2025-12-24T16:26:48.062+0000][gc,metaspace] GC(140) Metaspace: 12519K(12928K)->12519K(12928K) NonClass: 11412K(11584K)->11412K(11584K) Class: 1106K(1344K)->1106K(1344K)
[2025-12-24T16:26:48.062+0000][gc          ] GC(140) Pause Young (Normal) (G1 Evacuation Pause) 704M->93M(1024M) 17.744ms
[2025-12-24T16:26:48.062+0000][gc,cpu      ] GC(140) User=0.11s Sys=0.00s Real=0.02s
[2025-12-24T16:27:38.218+0000][gc,start    ] GC(141) Pause Young (Normal) (G1 Evacuation Pause)
[2025-12-24T16:27:38.219+0000][gc,task     ] GC(141) Using 8 workers of 8 for evacuation
[2025-12-24T16:27:38.232+0000][gc,phases   ] GC(141)   Pre Evacuate Collection Set: 1.1ms
[2025-12-24T16:27:38.232+0000][gc,phases   ] GC(141)   Merge Heap Roots: 0.3ms
[2025-12-24T16:27:38.232+0000][gc,phases   ] GC(141)   Evacuate Collection Set: 10.1ms
[2025-12-24T16:27:38.232+0000][gc,phases   ] GC(141)   Post Evacuate Collection Set: 1.3ms
[2025-12-24T16:27:38.232+0000][gc,phases   ] GC(141)   Other: 0.2ms
[2025-12-24T16:27:38.232+0000][gc,heap     ] GC(141) Eden regions: 610->0(609)
[2025-12-24T16:27:38.233+0000][gc,heap     ] GC(141) Survivor regions: 4->5(77)
[2025-12-24T16:27:38.233+0000][gc,heap     ] GC(141) Old regions: 60->60
[2025-12-24T16:27:38.233+0000][gc,heap     ] GC(141) Humongous regions: 31->31
[2025-12-24T16:27:38.233+0000][gc,metaspace] GC(141) Metaspace: 12519K(12928K)->12519K(12928K) NonClass: 11412K(11584K)->11412K(11584K) Class: 1106K(1344K)->1106K(1344K)
[2025-12-24T16:27:38.233+0000][gc          ] GC(141) Pause Young (Normal) (G1 Evacuation Pause) 703M->94M(1024M) 15.120ms
[2025-12-24T16:27:38.233+0000][gc,cpu      ] GC(141) User=0.09s Sys=0.00s Real=0.02s
[2025-12-24T16:28:37.998+0000][gc,start    ] GC(142) Pause Young (Normal) (G1 Evacuation Pause)
[2025-12-24T16:28:37.999+0000][gc,task     ] GC(142) Using 8 workers of 8 for evacuation
[2025-12-24T16:28:38.022+0000][gc,phases   ] GC(142)   Pre Evacuate Collection Set: 1.3ms
[2025-12-24T16:28:38.022+0000][gc,phases   ] GC(142)   Merge Heap Roots: 0.3ms
[2025-12-24T16:28:38.022+0000][gc,phases   ] GC(142)   Evacuate Collection Set: 19.2ms
[2025-12-24T16:28:38.022+0000][gc,phases   ] GC(142)   Post Evacuate Collection Set: 1.6ms
[2025-12-24T16:28:38.022+0000][gc,phases   ] GC(142)   Other: 0.3ms
[2025-12-24T16:28:38.022+0000][gc,heap     ] GC(142) Eden regions: 609->0(610)
[2025-12-24T16:28:38.022+0000][gc,heap     ] GC(142) Survivor regions: 5->4(77)
[2025-12-24T16:28:38.022+0000][gc,heap     ] GC(142) Old regions: 60->60
[2025-12-24T16:28:38.022+0000][gc,heap     ] GC(142) Humongous regions: 31->31
[2025-12-24T16:28:38.022+0000][gc,metaspace] GC(142) Metaspace: 12520K(12928K)->12520K(12928K) NonClass: 11412K(11584K)->11412K(11584K) Class: 1107K(1344K)->1107K(1344K)
[2025-12-24T16:28:38.022+0000][gc          ] GC(142) Pause Young (Normal) (G1 Evacuation Pause) 703M->93M(1024M) 23.982ms
[2025-12-24T16:28:38.022+0000][gc,cpu      ] GC(142) User=0.15s Sys=0.01s Real=0.02s
[2025-12-24T16:46:29.146+0000][gc,start    ] GC(143) Pause Young (Normal) (G1 Evacuation Pause)
[2025-12-24T16:46:29.147+0000][gc,task     ] GC(143) Using 8 workers of 8 for evacuation
[2025-12-24T16:46:29.169+0000][gc,phases   ] GC(143)   Pre Evacuate Collection Set: 1.1ms
[2025-12-24T16:46:29.169+0000][gc,phases   ] GC(143)   Merge Heap Roots: 0.2ms
[2025-12-24T16:46:29.169+0000][gc,phases   ] GC(143)   Evacuate Collection Set: 19.2ms
[2025-12-24T16:46:29.169+0000][gc,phases   ] GC(143)   Post Evacuate Collection Set: 1.4ms
[2025-12-24T16:46:29.169+0000][gc,phases   ] GC(143)   Other: 0.2ms
[2025-12-24T16:46:29.169+0000][gc,heap     ] GC(143) Eden regions: 610->0(610)
[2025-12-24T16:46:29.169+0000][gc,heap     ] GC(143) Survivor regions: 4->4(77)
[2025-12-24T16:46:29.169+0000][gc,heap     ] GC(143) Old regions: 60->60
[2025-12-24T16:46:29.169+0000][gc,heap     ] GC(143) Humongous regions: 31->31
[2025-12-24T16:46:29.170+0000][gc,metaspace] GC(143) Metaspace: 12532K(12928K)->12532K(12928K) NonClass: 11425K(11584K)->11425K(11584K) Class: 1107K(1344K)->1107K(1344K)
[2025-12-24T16:46:29.170+0000][gc          ] GC(143) Pause Young (Normal) (G1 Evacuation Pause) 703M->94M(1024M) 23.681ms
[2025-12-24T16:46:29.170+0000][gc,cpu      ] GC(143) User=0.13s Sys=0.00s Real=0.02s
[2025-12-24T16:47:19.302+0000][gc,start    ] GC(144) Pause Young (Normal) (G1 Evacuation Pause)
[2025-12-24T16:47:19.303+0000][gc,task     ] GC(144) Using 8 workers of 8 for evacuation
[2025-12-24T16:47:19.327+0000][gc,phases   ] GC(144)   Pre Evacuate Collection Set: 5.4ms
[2025-12-24T16:47:19.327+0000][gc,phases   ] GC(144)   Merge Heap Roots: 0.7ms
[2025-12-24T16:47:19.327+0000][gc,phases   ] GC(144)   Evacuate Collection Set: 14.7ms
[2025-12-24T16:47:19.328+0000][gc,phases   ] GC(144)   Post Evacuate Collection Set: 2.4ms
[2025-12-24T16:47:19.328+0000][gc,phases   ] GC(144)   Other: 0.6ms
[2025-12-24T16:47:19.328+0000][gc,heap     ] GC(144) Eden regions: 610->0(609)
[2025-12-24T16:47:19.328+0000][gc,heap     ] GC(144) Survivor regions: 4->5(77)
[2025-12-24T16:47:19.328+0000][gc,heap     ] GC(144) Old regions: 60->60
[2025-12-24T16:47:19.328+0000][gc,heap     ] GC(144) Humongous regions: 31->31
[2025-12-24T16:47:19.328+0000][gc,metaspace] GC(144) Metaspace: 12532K(12928K)->12532K(12928K) NonClass: 11425K(11584K)->11425K(11584K) Class: 1107K(1344K)->1107K(1344K)
[2025-12-24T16:47:19.328+0000][gc          ] GC(144) Pause Young (Normal) (G1 Evacuation Pause) 704M->95M(1024M) 26.220ms
[2025-12-24T16:47:19.328+0000][gc,cpu      ] GC(144) User=0.13s Sys=0.00s Real=0.02s
[2025-12-24T16:48:19.127+0000][gc,start    ] GC(145) Pause Young (Normal) (G1 Evacuation Pause)
[2025-12-24T16:48:19.128+0000][gc,task     ] GC(145) Using 8 workers of 8 for evacuation
[2025-12-24T16:48:19.143+0000][gc,phases   ] GC(145)   Pre Evacuate Collection Set: 1.1ms
[2025-12-24T16:48:19.144+0000][gc,phases   ] GC(145)   Merge Heap Roots: 0.6ms
[2025-12-24T16:48:19.144+0000][gc,phases   ] GC(145)   Evacuate Collection Set: 12.2ms
[2025-12-24T16:48:19.144+0000][gc,phases   ] GC(145)   Post Evacuate Collection Set: 1.2ms
[2025-12-24T16:48:19.144+0000][gc,phases   ] GC(145)   Other: 0.3ms
[2025-12-24T16:48:19.144+0000][gc,heap     ] GC(145) Eden regions: 609->0(610)
[2025-12-24T16:48:19.144+0000][gc,heap     ] GC(145) Survivor regions: 5->4(77)
[2025-12-24T16:48:19.144+0000][gc,heap     ] GC(145) Old regions: 60->60
[2025-12-24T16:48:19.144+0000][gc,heap     ] GC(145) Humongous regions: 31->31
[2025-12-24T16:48:19.144+0000][gc,metaspace] GC(145) Metaspace: 12532K(12928K)->12532K(12928K) NonClass: 11425K(11584K)->11425K(11584K) Class: 1107K(1344K)->1107K(1344K)
[2025-12-24T16:48:19.144+0000][gc          ] GC(145) Pause Young (Normal) (G1 Evacuation Pause) 704M->94M(1024M) 17.348ms
[2025-12-24T16:48:19.144+0000][gc,cpu      ] GC(145) User=0.10s Sys=0.00s Real=0.01s
[2025-12-24T16:49:09.313+0000][gc,start    ] GC(146) Pause Young (Normal) (G1 Evacuation Pause)
[2025-12-24T16:49:09.315+0000][gc,task     ] GC(146) Using 8 workers of 8 for evacuation
[2025-12-24T16:49:09.333+0000][gc,phases   ] GC(146)   Pre Evacuate Collection Set: 1.1ms
[2025-12-24T16:49:09.333+0000][gc,phases   ] GC(146)   Merge Heap Roots: 0.3ms
[2025-12-24T16:49:09.333+0000][gc,phases   ] GC(146)   Evacuate Collection Set: 15.2ms
[2025-12-24T16:49:09.334+0000][gc,phases   ] GC(146)   Post Evacuate Collection Set: 1.4ms
[2025-12-24T16:49:09.334+0000][gc,phases   ] GC(146)   Other: 0.4ms
[2025-12-24T16:49:09.334+0000][gc,heap     ] GC(146) Eden regions: 610->0(610)
[2025-12-24T16:49:09.334+0000][gc,heap     ] GC(146) Survivor regions: 4->4(77)
[2025-12-24T16:49:09.334+0000][gc,heap     ] GC(146) Old regions: 60->61
[2025-12-24T16:49:09.334+0000][gc,heap     ] GC(146) Humongous regions: 31->31
[2025-12-24T16:49:09.334+0000][gc,metaspace] GC(146) Metaspace: 12532K(12928K)->12532K(12928K) NonClass: 11425K(11584K)->11425K(11584K) Class: 1107K(1344K)->1107K(1344K)
[2025-12-24T16:49:09.335+0000][gc          ] GC(146) Pause Young (Normal) (G1 Evacuation Pause) 704M->94M(1024M) 21.098ms
[2025-12-24T16:49:09.335+0000][gc,cpu      ] GC(146) User=0.09s Sys=0.01s Real=0.03s
[2025-12-24T16:50:09.117+0000][gc,start    ] GC(147) Pause Young (Normal) (G1 Evacuation Pause)
[2025-12-24T16:50:09.118+0000][gc,task     ] GC(147) Using 8 workers of 8 for evacuation
[2025-12-24T16:50:09.125+0000][gc,phases   ] GC(147)   Pre Evacuate Collection Set: 0.9ms
[2025-12-24T16:50:09.125+0000][gc,phases   ] GC(147)   Merge Heap Roots: 0.2ms
[2025-12-24T16:50:09.125+0000][gc,phases   ] GC(147)   Evacuate Collection Set: 4.2ms
[2025-12-24T16:50:09.125+0000][gc,phases   ] GC(147)   Post Evacuate Collection Set: 1.1ms
[2025-12-24T16:50:09.125+0000][gc,phases   ] GC(147)   Other: 0.2ms
[2025-12-24T16:50:09.125+0000][gc,heap     ] GC(147) Eden regions: 610->0(611)
[2025-12-24T16:50:09.125+0000][gc,heap     ] GC(147) Survivor regions: 4->3(77)
[2025-12-24T16:50:09.125+0000][gc,heap     ] GC(147) Old regions: 61->61
[2025-12-24T16:50:09.125+0000][gc,heap     ] GC(147) Humongous regions: 31->31
[2025-12-24T16:50:09.125+0000][gc,metaspace] GC(147) Metaspace: 12532K(12928K)->12532K(12928K) NonClass: 11425K(11584K)->11425K(11584K) Class: 1107K(1344K)->1107K(1344K)
[2025-12-24T16:50:09.125+0000][gc          ] GC(147) Pause Young (Normal) (G1 Evacuation Pause) 704M->94M(1024M) 8.438ms
[2025-12-24T16:50:09.126+0000][gc,cpu      ] GC(147) User=0.04s Sys=0.00s Real=0.01s
[2025-12-24T16:50:59.301+0000][gc,start    ] GC(148) Pause Young (Normal) (G1 Evacuation Pause)
[2025-12-24T16:50:59.303+0000][gc,task     ] GC(148) Using 8 workers of 8 for evacuation
[2025-12-24T16:50:59.315+0000][gc,phases   ] GC(148)   Pre Evacuate Collection Set: 1.3ms
[2025-12-24T16:50:59.315+0000][gc,phases   ] GC(148)   Merge Heap Roots: 0.3ms
[2025-12-24T16:50:59.315+0000][gc,phases   ] GC(148)   Evacuate Collection Set: 8.1ms
[2025-12-24T16:50:59.315+0000][gc,phases   ] GC(148)   Post Evacuate Collection Set: 2.2ms
[2025-12-24T16:50:59.315+0000][gc,phases   ] GC(148)   Other: 0.2ms
[2025-12-24T16:50:59.315+0000][gc,heap     ] GC(148) Eden regions: 611->0(610)
[2025-12-24T16:50:59.315+0000][gc,heap     ] GC(148) Survivor regions: 3->4(77)
[2025-12-24T16:50:59.315+0000][gc,heap     ] GC(148) Old regions: 61->61
[2025-12-24T16:50:59.315+0000][gc,heap     ] GC(148) Humongous regions: 31->31
[2025-12-24T16:50:59.315+0000][gc,metaspace] GC(148) Metaspace: 12532K(12928K)->12532K(12928K) NonClass: 11425K(11584K)->11425K(11584K) Class: 1107K(1344K)->1107K(1344K)
[2025-12-24T16:50:59.315+0000][gc          ] GC(148) Pause Young (Normal) (G1 Evacuation Pause) 705M->95M(1024M) 14.210ms
[2025-12-24T16:50:59.316+0000][gc,cpu      ] GC(148) User=0.07s Sys=0.00s Real=0.01s
[2025-12-24T16:51:59.109+0000][gc,start    ] GC(149) Pause Young (Normal) (G1 Evacuation Pause)
[2025-12-24T16:51:59.110+0000][gc,task     ] GC(149) Using 8 workers of 8 for evacuation
[2025-12-24T16:51:59.122+0000][gc,phases   ] GC(149)   Pre Evacuate Collection Set: 1.0ms
[2025-12-24T16:51:59.122+0000][gc,phases   ] GC(149)   Merge Heap Roots: 0.2ms
[2025-12-24T16:51:59.122+0000][gc,phases   ] GC(149)   Evacuate Collection Set: 9.1ms
[2025-12-24T16:51:59.122+0000][gc,phases   ] GC(149)   Post Evacuate Collection Set: 1.0ms
[2025-12-24T16:51:59.122+0000][gc,phases   ] GC(149)   Other: 0.3ms
[2025-12-24T16:51:59.122+0000][gc,heap     ] GC(149) Eden regions: 610->0(611)
[2025-12-24T16:51:59.122+0000][gc,heap     ] GC(149) Survivor regions: 4->3(77)
[2025-12-24T16:51:59.122+0000][gc,heap     ] GC(149) Old regions: 61->61
[2025-12-24T16:51:59.122+0000][gc,heap     ] GC(149) Humongous regions: 31->31
[2025-12-24T16:51:59.122+0000][gc,metaspace] GC(149) Metaspace: 12533K(12928K)->12533K(12928K) NonClass: 11425K(11584K)->11425K(11584K) Class: 1107K(1344K)->1107K(1344K)
[2025-12-24T16:51:59.122+0000][gc          ] GC(149) Pause Young (Normal) (G1 Evacuation Pause) 705M->94M(1024M) 13.650ms
[2025-12-24T16:51:59.123+0000][gc,cpu      ] GC(149) User=0.07s Sys=0.00s Real=0.01s
[2025-12-24T16:52:49.274+0000][gc,start    ] GC(150) Pause Young (Normal) (G1 Evacuation Pause)
[2025-12-24T16:52:49.275+0000][gc,task     ] GC(150) Using 8 workers of 8 for evacuation
[2025-12-24T16:52:49.287+0000][gc,phases   ] GC(150)   Pre Evacuate Collection Set: 1.1ms
[2025-12-24T16:52:49.287+0000][gc,phases   ] GC(150)   Merge Heap Roots: 0.2ms
[2025-12-24T16:52:49.287+0000][gc,phases   ] GC(150)   Evacuate Collection Set: 8.1ms
[2025-12-24T16:52:49.287+0000][gc,phases   ] GC(150)   Post Evacuate Collection Set: 2.8ms
[2025-12-24T16:52:49.287+0000][gc,phases   ] GC(150)   Other: 0.2ms
[2025-12-24T16:52:49.287+0000][gc,heap     ] GC(150) Eden regions: 611->0(610)
[2025-12-24T16:52:49.287+0000][gc,heap     ] GC(150) Survivor regions: 3->4(77)
[2025-12-24T16:52:49.287+0000][gc,heap     ] GC(150) Old regions: 61->61
[2025-12-24T16:52:49.287+0000][gc,heap     ] GC(150) Humongous regions: 31->31
[2025-12-24T16:52:49.287+0000][gc,metaspace] GC(150) Metaspace: 12533K(12928K)->12533K(12928K) NonClass: 11425K(11584K)->11425K(11584K) Class: 1107K(1344K)->1107K(1344K)
[2025-12-24T16:52:49.287+0000][gc          ] GC(150) Pause Young (Normal) (G1 Evacuation Pause) 705M->95M(1024M) 13.204ms
[2025-12-24T16:52:49.287+0000][gc,cpu      ] GC(150) User=0.06s Sys=0.00s Real=0.02s
[2025-12-24T16:53:49.096+0000][gc,start    ] GC(151) Pause Young (Normal) (G1 Evacuation Pause)
[2025-12-24T16:53:49.096+0000][gc,task     ] GC(151) Using 8 workers of 8 for evacuation
[2025-12-24T16:53:49.115+0000][gc,phases   ] GC(151)   Pre Evacuate Collection Set: 6.3ms
[2025-12-24T16:53:49.116+0000][gc,phases   ] GC(151)   Merge Heap Roots: 0.5ms
[2025-12-24T16:53:49.116+0000][gc,phases   ] GC(151)   Evacuate Collection Set: 10.6ms
[2025-12-24T16:53:49.116+0000][gc,phases   ] GC(151)   Post Evacuate Collection Set: 1.3ms
[2025-12-24T16:53:49.116+0000][gc,phases   ] GC(151)   Other: 0.2ms
[2025-12-24T16:53:49.116+0000][gc,heap     ] GC(151) Eden regions: 610->0(611)
[2025-12-24T16:53:49.116+0000][gc,heap     ] GC(151) Survivor regions: 4->3(77)
[2025-12-24T16:53:49.116+0000][gc,heap     ] GC(151) Old regions: 61->61
[2025-12-24T16:53:49.116+0000][gc,heap     ] GC(151) Humongous regions: 31->31
[2025-12-24T16:53:49.116+0000][gc,metaspace] GC(151) Metaspace: 12533K(12928K)->12533K(12928K) NonClass: 11426K(11584K)->11426K(11584K) Class: 1107K(1344K)->1107K(1344K)
[2025-12-24T16:53:49.116+0000][gc          ] GC(151) Pause Young (Normal) (G1 Evacuation Pause) 705M->94M(1024M) 20.497ms
[2025-12-24T16:53:49.116+0000][gc,cpu      ] GC(151) User=0.10s Sys=0.00s Real=0.02s
[2025-12-24T16:54:39.282+0000][gc,start    ] GC(152) Pause Young (Normal) (G1 Evacuation Pause)
[2025-12-24T16:54:39.283+0000][gc,task     ] GC(152) Using 8 workers of 8 for evacuation
[2025-12-24T16:54:39.294+0000][gc,phases   ] GC(152)   Pre Evacuate Collection Set: 1.1ms
[2025-12-24T16:54:39.295+0000][gc,phases   ] GC(152)   Merge Heap Roots: 0.1ms
[2025-12-24T16:54:39.295+0000][gc,phases   ] GC(152)   Evacuate Collection Set: 6.1ms
[2025-12-24T16:54:39.295+0000][gc,phases   ] GC(152)   Post Evacuate Collection Set: 3.7ms
[2025-12-24T16:54:39.295+0000][gc,phases   ] GC(152)   Other: 0.3ms
[2025-12-24T16:54:39.295+0000][gc,heap     ] GC(152) Eden regions: 611->0(610)
[2025-12-24T16:54:39.295+0000][gc,heap     ] GC(152) Survivor regions: 3->4(77)
[2025-12-24T16:54:39.295+0000][gc,heap     ] GC(152) Old regions: 61->61
[2025-12-24T16:54:39.295+0000][gc,heap     ] GC(152) Humongous regions: 31->31
[2025-12-24T16:54:39.295+0000][gc,metaspace] GC(152) Metaspace: 12533K(12928K)->12533K(12928K) NonClass: 11426K(11584K)->11426K(11584K) Class: 1107K(1344K)->1107K(1344K)
[2025-12-24T16:54:39.295+0000][gc          ] GC(152) Pause Young (Normal) (G1 Evacuation Pause) 705M->95M(1024M) 12.945ms
[2025-12-24T16:54:39.295+0000][gc,cpu      ] GC(152) User=0.06s Sys=0.00s Real=0.01s
[2025-12-24T16:55:39.105+0000][gc,start    ] GC(153) Pause Young (Normal) (G1 Evacuation Pause)
[2025-12-24T16:55:39.106+0000][gc,task     ] GC(153) Using 8 workers of 8 for evacuation
[2025-12-24T16:55:39.124+0000][gc,phases   ] GC(153)   Pre Evacuate Collection Set: 1.3ms
[2025-12-24T16:55:39.124+0000][gc,phases   ] GC(153)   Merge Heap Roots: 0.5ms
[2025-12-24T16:55:39.124+0000][gc,phases   ] GC(153)   Evacuate Collection Set: 13.5ms
[2025-12-24T16:55:39.124+0000][gc,phases   ] GC(153)   Post Evacuate Collection Set: 2.8ms
[2025-12-24T16:55:39.124+0000][gc,phases   ] GC(153)   Other: 0.3ms
[2025-12-24T16:55:39.124+0000][gc,heap     ] GC(153) Eden regions: 610->0(611)
[2025-12-24T16:55:39.124+0000][gc,heap     ] GC(153) Survivor regions: 4->3(77)
[2025-12-24T16:55:39.125+0000][gc,heap     ] GC(153) Old regions: 61->61
[2025-12-24T16:55:39.125+0000][gc,heap     ] GC(153) Humongous regions: 31->31
[2025-12-24T16:55:39.125+0000][gc,metaspace] GC(153) Metaspace: 12533K(12928K)->12533K(12928K) NonClass: 11426K(11584K)->11426K(11584K) Class: 1107K(1344K)->1107K(1344K)
[2025-12-24T16:55:39.125+0000][gc          ] GC(153) Pause Young (Normal) (G1 Evacuation Pause) 705M->94M(1024M) 19.822ms
[2025-12-24T16:55:39.125+0000][gc,cpu      ] GC(153) User=0.10s Sys=0.00s Real=0.02s
[2025-12-24T16:56:29.231+0000][gc,start    ] GC(154) Pause Young (Normal) (G1 Evacuation Pause)
[2025-12-24T16:56:29.231+0000][gc,task     ] GC(154) Using 8 workers of 8 for evacuation
[2025-12-24T16:56:29.240+0000][gc,phases   ] GC(154)   Pre Evacuate Collection Set: 1.0ms
[2025-12-24T16:56:29.240+0000][gc,phases   ] GC(154)   Merge Heap Roots: 0.2ms
[2025-12-24T16:56:29.240+0000][gc,phases   ] GC(154)   Evacuate Collection Set: 3.8ms
[2025-12-24T16:56:29.241+0000][gc,phases   ] GC(154)   Post Evacuate Collection Set: 2.8ms
[2025-12-24T16:56:29.241+0000][gc,phases   ] GC(154)   Other: 0.6ms
[2025-12-24T16:56:29.241+0000][gc,heap     ] GC(154) Eden regions: 611->0(611)
[2025-12-24T16:56:29.241+0000][gc,heap     ] GC(154) Survivor regions: 3->3(77)
[2025-12-24T16:56:29.241+0000][gc,heap     ] GC(154) Old regions: 61->61
[2025-12-24T16:56:29.241+0000][gc,heap     ] GC(154) Humongous regions: 31->31
[2025-12-24T16:56:29.241+0000][gc,metaspace] GC(154) Metaspace: 12536K(12928K)->12536K(12928K) NonClass: 11429K(11584K)->11429K(11584K) Class: 1107K(1344K)->1107K(1344K)
[2025-12-24T16:56:29.242+0000][gc          ] GC(154) Pause Young (Normal) (G1 Evacuation Pause) 705M->94M(1024M) 10.991ms
[2025-12-24T16:56:29.242+0000][gc,cpu      ] GC(154) User=0.04s Sys=0.00s Real=0.01s
[2025-12-24T16:57:29.058+0000][gc,start    ] GC(155) Pause Young (Normal) (G1 Evacuation Pause)
[2025-12-24T16:57:29.058+0000][gc,task     ] GC(155) Using 8 workers of 8 for evacuation
[2025-12-24T16:57:29.067+0000][gc,phases   ] GC(155)   Pre Evacuate Collection Set: 2.7ms
[2025-12-24T16:57:29.067+0000][gc,phases   ] GC(155)   Merge Heap Roots: 0.5ms
[2025-12-24T16:57:29.067+0000][gc,phases   ] GC(155)   Evacuate Collection Set: 3.8ms
[2025-12-24T16:57:29.067+0000][gc,phases   ] GC(155)   Post Evacuate Collection Set: 1.2ms
[2025-12-24T16:57:29.067+0000][gc,phases   ] GC(155)   Other: 0.5ms
[2025-12-24T16:57:29.067+0000][gc,heap     ] GC(155) Eden regions: 611->0(611)
[2025-12-24T16:57:29.068+0000][gc,heap     ] GC(155) Survivor regions: 3->3(77)
[2025-12-24T16:57:29.068+0000][gc,heap     ] GC(155) Old regions: 61->62
[2025-12-24T16:57:29.068+0000][gc,heap     ] GC(155) Humongous regions: 31->31
[2025-12-24T16:57:29.068+0000][gc,metaspace] GC(155) Metaspace: 12536K(12928K)->12536K(12928K) NonClass: 11429K(11584K)->11429K(11584K) Class: 1107K(1344K)->1107K(1344K)
[2025-12-24T16:57:29.068+0000][gc          ] GC(155) Pause Young (Normal) (G1 Evacuation Pause) 705M->94M(1024M) 10.258ms
[2025-12-24T16:57:29.069+0000][gc,cpu      ] GC(155) User=0.05s Sys=0.00s Real=0.01s
[2025-12-24T16:58:19.238+0000][gc,start    ] GC(156) Pause Young (Normal) (G1 Evacuation Pause)
[2025-12-24T16:58:19.238+0000][gc,task     ] GC(156) Using 8 workers of 8 for evacuation
[2025-12-24T16:58:19.250+0000][gc,phases   ] GC(156)   Pre Evacuate Collection Set: 1.0ms
[2025-12-24T16:58:19.250+0000][gc,phases   ] GC(156)   Merge Heap Roots: 0.2ms
[2025-12-24T16:58:19.250+0000][gc,phases   ] GC(156)   Evacuate Collection Set: 7.3ms
[2025-12-24T16:58:19.250+0000][gc,phases   ] GC(156)   Post Evacuate Collection Set: 2.6ms
[2025-12-24T16:58:19.250+0000][gc,phases   ] GC(156)   Other: 0.3ms
[2025-12-24T16:58:19.250+0000][gc,heap     ] GC(156) Eden regions: 611->0(611)
[2025-12-24T16:58:19.250+0000][gc,heap     ] GC(156) Survivor regions: 3->3(77)
[2025-12-24T16:58:19.250+0000][gc,heap     ] GC(156) Old regions: 62->62
[2025-12-24T16:58:19.250+0000][gc,heap     ] GC(156) Humongous regions: 31->31
[2025-12-24T16:58:19.251+0000][gc,metaspace] GC(156) Metaspace: 12536K(12928K)->12536K(12928K) NonClass: 11429K(11584K)->11429K(11584K) Class: 1107K(1344K)->1107K(1344K)
[2025-12-24T16:58:19.251+0000][gc          ] GC(156) Pause Young (Normal) (G1 Evacuation Pause) 705M->94M(1024M) 13.024ms
[2025-12-24T16:58:19.251+0000][gc,cpu      ] GC(156) User=0.07s Sys=0.00s Real=0.02s
[2025-12-24T16:59:19.034+0000][gc,start    ] GC(157) Pause Young (Normal) (G1 Evacuation Pause)
[2025-12-24T16:59:19.034+0000][gc,task     ] GC(157) Using 8 workers of 8 for evacuation
[2025-12-24T16:59:19.043+0000][gc,phases   ] GC(157)   Pre Evacuate Collection Set: 1.6ms
[2025-12-24T16:59:19.044+0000][gc,phases   ] GC(157)   Merge Heap Roots: 0.2ms
[2025-12-24T16:59:19.044+0000][gc,phases   ] GC(157)   Evacuate Collection Set: 5.5ms
[2025-12-24T16:59:19.044+0000][gc,phases   ] GC(157)   Post Evacuate Collection Set: 1.5ms
[2025-12-24T16:59:19.044+0000][gc,phases   ] GC(157)   Other: 0.4ms
[2025-12-24T16:59:19.044+0000][gc,heap     ] GC(157) Eden regions: 611->0(612)
[2025-12-24T16:59:19.044+0000][gc,heap     ] GC(157) Survivor regions: 3->2(77)
[2025-12-24T16:59:19.044+0000][gc,heap     ] GC(157) Old regions: 62->62
[2025-12-24T16:59:19.044+0000][gc,heap     ] GC(157) Humongous regions: 31->31
[2025-12-24T16:59:19.044+0000][gc,metaspace] GC(157) Metaspace: 12536K(12928K)->12536K(12928K) NonClass: 11429K(11584K)->11429K(11584K) Class: 1107K(1344K)->1107K(1344K)
[2025-12-24T16:59:19.044+0000][gc          ] GC(157) Pause Young (Normal) (G1 Evacuation Pause) 705M->94M(1024M) 10.373ms
[2025-12-24T16:59:19.044+0000][gc,cpu      ] GC(157) User=0.05s Sys=0.00s Real=0.01s
[2025-12-24T17:00:09.246+0000][gc,start    ] GC(158) Pause Young (Normal) (G1 Evacuation Pause)
[2025-12-24T17:00:09.247+0000][gc,task     ] GC(158) Using 8 workers of 8 for evacuation
[2025-12-24T17:00:09.254+0000][gc,phases   ] GC(158)   Pre Evacuate Collection Set: 1.3ms
[2025-12-24T17:00:09.255+0000][gc,phases   ] GC(158)   Merge Heap Roots: 0.2ms
[2025-12-24T17:00:09.255+0000][gc,phases   ] GC(158)   Evacuate Collection Set: 4.5ms
[2025-12-24T17:00:09.255+0000][gc,phases   ] GC(158)   Post Evacuate Collection Set: 1.2ms
[2025-12-24T17:00:09.255+0000][gc,phases   ] GC(158)   Other: 0.4ms
[2025-12-24T17:00:09.255+0000][gc,heap     ] GC(158) Eden regions: 612->0(612)
[2025-12-24T17:00:09.255+0000][gc,heap     ] GC(158) Survivor regions: 2->2(77)
[2025-12-24T17:00:09.255+0000][gc,heap     ] GC(158) Old regions: 62->63
[2025-12-24T17:00:09.255+0000][gc,heap     ] GC(158) Humongous regions: 31->31
[2025-12-24T17:00:09.255+0000][gc,metaspace] GC(158) Metaspace: 12536K(12928K)->12536K(12928K) NonClass: 11429K(11584K)->11429K(11584K) Class: 1107K(1344K)->1107K(1344K)
[2025-12-24T17:00:09.255+0000][gc          ] GC(158) Pause Young (Normal) (G1 Evacuation Pause) 706M->94M(1024M) 8.861ms
[2025-12-24T17:00:09.255+0000][gc,cpu      ] GC(158) User=0.03s Sys=0.01s Real=0.00s
[2025-12-24T17:01:09.056+0000][gc,start    ] GC(159) Pause Young (Normal) (G1 Evacuation Pause)
[2025-12-24T17:01:09.056+0000][gc,task     ] GC(159) Using 8 workers of 8 for evacuation
[2025-12-24T17:01:09.067+0000][gc,phases   ] GC(159)   Pre Evacuate Collection Set: 1.0ms
[2025-12-24T17:01:09.067+0000][gc,phases   ] GC(159)   Merge Heap Roots: 0.2ms
[2025-12-24T17:01:09.068+0000][gc,phases   ] GC(159)   Evacuate Collection Set: 8.1ms
[2025-12-24T17:01:09.068+0000][gc,phases   ] GC(159)   Post Evacuate Collection Set: 1.4ms
[2025-12-24T17:01:09.068+0000][gc,phases   ] GC(159)   Other: 0.3ms
[2025-12-24T17:01:09.068+0000][gc,heap     ] GC(159) Eden regions: 612->0(613)
[2025-12-24T17:01:09.068+0000][gc,heap     ] GC(159) Survivor regions: 2->1(77)
[2025-12-24T17:01:09.068+0000][gc,heap     ] GC(159) Old regions: 63->63
[2025-12-24T17:01:09.068+0000][gc,heap     ] GC(159) Humongous regions: 31->31
[2025-12-24T17:01:09.068+0000][gc,metaspace] GC(159) Metaspace: 12538K(12928K)->12538K(12928K) NonClass: 11431K(11584K)->11431K(11584K) Class: 1107K(1344K)->1107K(1344K)
[2025-12-24T17:01:09.068+0000][gc          ] GC(159) Pause Young (Normal) (G1 Evacuation Pause) 706M->94M(1024M) 12.189ms
[2025-12-24T17:01:09.068+0000][gc,cpu      ] GC(159) User=0.07s Sys=0.00s Real=0.01s
[2025-12-24T17:01:59.227+0000][gc,start    ] GC(160) Pause Young (Normal) (G1 Evacuation Pause)
[2025-12-24T17:01:59.229+0000][gc,task     ] GC(160) Using 8 workers of 8 for evacuation
[2025-12-24T17:01:59.235+0000][gc,phases   ] GC(160)   Pre Evacuate Collection Set: 1.1ms
[2025-12-24T17:01:59.235+0000][gc,phases   ] GC(160)   Merge Heap Roots: 0.2ms
[2025-12-24T17:01:59.235+0000][gc,phases   ] GC(160)   Evacuate Collection Set: 3.4ms
[2025-12-24T17:01:59.236+0000][gc,phases   ] GC(160)   Post Evacuate Collection Set: 1.5ms
[2025-12-24T17:01:59.236+0000][gc,phases   ] GC(160)   Other: 0.3ms
[2025-12-24T17:01:59.236+0000][gc,heap     ] GC(160) Eden regions: 613->0(612)
[2025-12-24T17:01:59.236+0000][gc,heap     ] GC(160) Survivor regions: 1->2(77)
[2025-12-24T17:01:59.236+0000][gc,heap     ] GC(160) Old regions: 63->63
[2025-12-24T17:01:59.236+0000][gc,heap     ] GC(160) Humongous regions: 31->31
[2025-12-24T17:01:59.236+0000][gc,metaspace] GC(160) Metaspace: 12538K(12928K)->12538K(12928K) NonClass: 11431K(11584K)->11431K(11584K) Class: 1107K(1344K)->1107K(1344K)
[2025-12-24T17:01:59.236+0000][gc          ] GC(160) Pause Young (Normal) (G1 Evacuation Pause) 707M->95M(1024M) 8.634ms
[2025-12-24T17:01:59.236+0000][gc,cpu      ] GC(160) User=0.04s Sys=0.00s Real=0.01s
[2025-12-24T17:02:59.062+0000][gc,start    ] GC(161) Pause Young (Normal) (G1 Evacuation Pause)
[2025-12-24T17:02:59.063+0000][gc,task     ] GC(161) Using 8 workers of 8 for evacuation
[2025-12-24T17:02:59.069+0000][gc,phases   ] GC(161)   Pre Evacuate Collection Set: 1.1ms
[2025-12-24T17:02:59.069+0000][gc,phases   ] GC(161)   Merge Heap Roots: 0.2ms
[2025-12-24T17:02:59.069+0000][gc,phases   ] GC(161)   Evacuate Collection Set: 2.7ms
[2025-12-24T17:02:59.069+0000][gc,phases   ] GC(161)   Post Evacuate Collection Set: 1.1ms
[2025-12-24T17:02:59.069+0000][gc,phases   ] GC(161)   Other: 0.2ms
[2025-12-24T17:02:59.069+0000][gc,heap     ] GC(161) Eden regions: 612->0(613)
[2025-12-24T17:02:59.069+0000][gc,heap     ] GC(161) Survivor regions: 2->1(77)
[2025-12-24T17:02:59.069+0000][gc,heap     ] GC(161) Old regions: 63->63
[2025-12-24T17:02:59.069+0000][gc,heap     ] GC(161) Humongous regions: 31->31
[2025-12-24T17:02:59.069+0000][gc,metaspace] GC(161) Metaspace: 12538K(12928K)->12538K(12928K) NonClass: 11431K(11584K)->11431K(11584K) Class: 1107K(1344K)->1107K(1344K)
[2025-12-24T17:02:59.069+0000][gc          ] GC(161) Pause Young (Normal) (G1 Evacuation Pause) 707M->94M(1024M) 7.292ms
[2025-12-24T17:02:59.070+0000][gc,cpu      ] GC(161) User=0.02s Sys=0.00s Real=0.01s
[2025-12-24T17:03:49.210+0000][gc,start    ] GC(162) Pause Young (Normal) (G1 Evacuation Pause)
[2025-12-24T17:03:49.210+0000][gc,task     ] GC(162) Using 8 workers of 8 for evacuation
[2025-12-24T17:03:49.215+0000][gc,phases   ] GC(162)   Pre Evacuate Collection Set: 0.9ms
[2025-12-24T17:03:49.216+0000][gc,phases   ] GC(162)   Merge Heap Roots: 0.2ms
[2025-12-24T17:03:49.216+0000][gc,phases   ] GC(162)   Evacuate Collection Set: 2.7ms
[2025-12-24T17:03:49.216+0000][gc,phases   ] GC(162)   Post Evacuate Collection Set: 1.1ms
[2025-12-24T17:03:49.216+0000][gc,phases   ] GC(162)   Other: 0.2ms
[2025-12-24T17:03:49.216+0000][gc,heap     ] GC(162) Eden regions: 613->0(612)
[2025-12-24T17:03:49.216+0000][gc,heap     ] GC(162) Survivor regions: 1->2(77)
[2025-12-24T17:03:49.216+0000][gc,heap     ] GC(162) Old regions: 63->63
[2025-12-24T17:03:49.216+0000][gc,heap     ] GC(162) Humongous regions: 31->31
[2025-12-24T17:03:49.216+0000][gc,metaspace] GC(162) Metaspace: 12538K(12928K)->12538K(12928K) NonClass: 11431K(11584K)->11431K(11584K) Class: 1107K(1344K)->1107K(1344K)
[2025-12-24T17:03:49.216+0000][gc          ] GC(162) Pause Young (Normal) (G1 Evacuation Pause) 707M->95M(1024M) 6.517ms
[2025-12-24T17:03:49.216+0000][gc,cpu      ] GC(162) User=0.03s Sys=0.00s Real=0.00s
[2025-12-24T17:04:49.043+0000][gc,start    ] GC(163) Pause Young (Normal) (G1 Evacuation Pause)
[2025-12-24T17:04:49.043+0000][gc,task     ] GC(163) Using 8 workers of 8 for evacuation
[2025-12-24T17:04:49.054+0000][gc,phases   ] GC(163)   Pre Evacuate Collection Set: 1.0ms
[2025-12-24T17:04:49.054+0000][gc,phases   ] GC(163)   Merge Heap Roots: 0.2ms
[2025-12-24T17:04:49.054+0000][gc,phases   ] GC(163)   Evacuate Collection Set: 5.9ms
[2025-12-24T17:04:49.054+0000][gc,phases   ] GC(163)   Post Evacuate Collection Set: 2.4ms
[2025-12-24T17:04:49.054+0000][gc,phases   ] GC(163)   Other: 0.6ms
[2025-12-24T17:04:49.054+0000][gc,heap     ] GC(163) Eden regions: 612->0(613)
[2025-12-24T17:04:49.054+0000][gc,heap     ] GC(163) Survivor regions: 2->1(77)
[2025-12-24T17:04:49.054+0000][gc,heap     ] GC(163) Old regions: 63->63
[2025-12-24T17:04:49.054+0000][gc,heap     ] GC(163) Humongous regions: 31->31
[2025-12-24T17:04:49.054+0000][gc,metaspace] GC(163) Metaspace: 12538K(12928K)->12538K(12928K) NonClass: 11431K(11584K)->11431K(11584K) Class: 1107K(1344K)->1107K(1344K)
[2025-12-24T17:04:49.055+0000][gc          ] GC(163) Pause Young (Normal) (G1 Evacuation Pause) 707M->94M(1024M) 11.813ms
[2025-12-24T17:04:49.055+0000][gc,cpu      ] GC(163) User=0.06s Sys=0.00s Real=0.01s
[2025-12-24T17:05:39.242+0000][gc,start    ] GC(164) Pause Young (Normal) (G1 Evacuation Pause)
[2025-12-24T17:05:39.242+0000][gc,task     ] GC(164) Using 8 workers of 8 for evacuation
[2025-12-24T17:05:39.249+0000][gc,phases   ] GC(164)   Pre Evacuate Collection Set: 1.1ms
[2025-12-24T17:05:39.249+0000][gc,phases   ] GC(164)   Merge Heap Roots: 0.2ms
[2025-12-24T17:05:39.249+0000][gc,phases   ] GC(164)   Evacuate Collection Set: 3.9ms
[2025-12-24T17:05:39.249+0000][gc,phases   ] GC(164)   Post Evacuate Collection Set: 1.2ms
[2025-12-24T17:05:39.249+0000][gc,phases   ] GC(164)   Other: 0.3ms
[2025-12-24T17:05:39.249+0000][gc,heap     ] GC(164) Eden regions: 613->0(612)
[2025-12-24T17:05:39.249+0000][gc,heap     ] GC(164) Survivor regions: 1->2(77)
[2025-12-24T17:05:39.249+0000][gc,heap     ] GC(164) Old regions: 63->63
[2025-12-24T17:05:39.249+0000][gc,heap     ] GC(164) Humongous regions: 31->31
[2025-12-24T17:05:39.249+0000][gc,metaspace] GC(164) Metaspace: 12538K(12928K)->12538K(12928K) NonClass: 11431K(11584K)->11431K(11584K) Class: 1107K(1344K)->1107K(1344K)
[2025-12-24T17:05:39.249+0000][gc          ] GC(164) Pause Young (Normal) (G1 Evacuation Pause) 707M->95M(1024M) 7.747ms
[2025-12-24T17:05:39.249+0000][gc,cpu      ] GC(164) User=0.04s Sys=0.01s Real=0.01s
[2025-12-24T17:06:39.067+0000][gc,start    ] GC(165) Pause Young (Normal) (G1 Evacuation Pause)
[2025-12-24T17:06:39.068+0000][gc,task     ] GC(165) Using 8 workers of 8 for evacuation
[2025-12-24T17:06:39.084+0000][gc,phases   ] GC(165)   Pre Evacuate Collection Set: 1.0ms
[2025-12-24T17:06:39.084+0000][gc,phases   ] GC(165)   Merge Heap Roots: 0.2ms
[2025-12-24T17:06:39.084+0000][gc,phases   ] GC(165)   Evacuate Collection Set: 12.3ms
[2025-12-24T17:06:39.085+0000][gc,phases   ] GC(165)   Post Evacuate Collection Set: 3.0ms
[2025-12-24T17:06:39.085+0000][gc,phases   ] GC(165)   Other: 0.2ms
[2025-12-24T17:06:39.085+0000][gc,heap     ] GC(165) Eden regions: 612->0(613)
[2025-12-24T17:06:39.085+0000][gc,heap     ] GC(165) Survivor regions: 2->1(77)
[2025-12-24T17:06:39.085+0000][gc,heap     ] GC(165) Old regions: 63->63
[2025-12-24T17:06:39.085+0000][gc,heap     ] GC(165) Humongous regions: 31->31
[2025-12-24T17:06:39.085+0000][gc,metaspace] GC(165) Metaspace: 12538K(12928K)->12538K(12928K) NonClass: 11431K(11584K)->11431K(11584K) Class: 1107K(1344K)->1107K(1344K)
[2025-12-24T17:06:39.085+0000][gc          ] GC(165) Pause Young (Normal) (G1 Evacuation Pause) 707M->94M(1024M) 17.920ms
[2025-12-24T17:06:39.085+0000][gc,cpu      ] GC(165) User=0.12s Sys=0.00s Real=0.02s
[2025-12-24T17:07:29.222+0000][gc,start    ] GC(166) Pause Young (Normal) (G1 Evacuation Pause)
[2025-12-24T17:07:29.222+0000][gc,task     ] GC(166) Using 8 workers of 8 for evacuation
[2025-12-24T17:07:29.236+0000][gc,phases   ] GC(166)   Pre Evacuate Collection Set: 2.1ms
[2025-12-24T17:07:29.236+0000][gc,phases   ] GC(166)   Merge Heap Roots: 0.8ms
[2025-12-24T17:07:29.236+0000][gc,phases   ] GC(166)   Evacuate Collection Set: 7.4ms
[2025-12-24T17:07:29.236+0000][gc,phases   ] GC(166)   Post Evacuate Collection Set: 2.9ms
[2025-12-24T17:07:29.236+0000][gc,phases   ] GC(166)   Other: 0.6ms
[2025-12-24T17:07:29.236+0000][gc,heap     ] GC(166) Eden regions: 613->0(612)
[2025-12-24T17:07:29.237+0000][gc,heap     ] GC(166) Survivor regions: 1->2(77)
[2025-12-24T17:07:29.237+0000][gc,heap     ] GC(166) Old regions: 63->63
[2025-12-24T17:07:29.237+0000][gc,heap     ] GC(166) Humongous regions: 31->31
[2025-12-24T17:07:29.237+0000][gc,metaspace] GC(166) Metaspace: 12538K(12928K)->12538K(12928K) NonClass: 11431K(11584K)->11431K(11584K) Class: 1107K(1344K)->1107K(1344K)
[2025-12-24T17:07:29.237+0000][gc          ] GC(166) Pause Young (Normal) (G1 Evacuation Pause) 707M->95M(1024M) 15.346ms
[2025-12-24T17:07:29.237+0000][gc,cpu      ] GC(166) User=0.08s Sys=0.00s Real=0.01s
[2025-12-24T17:08:29.025+0000][gc,start    ] GC(167) Pause Young (Normal) (G1 Evacuation Pause)
[2025-12-24T17:08:29.025+0000][gc,task     ] GC(167) Using 8 workers of 8 for evacuation
[2025-12-24T17:08:29.031+0000][gc,phases   ] GC(167)   Pre Evacuate Collection Set: 1.2ms
[2025-12-24T17:08:29.031+0000][gc,phases   ] GC(167)   Merge Heap Roots: 0.4ms
[2025-12-24T17:08:29.031+0000][gc,phases   ] GC(167)   Evacuate Collection Set: 3.0ms
[2025-12-24T17:08:29.032+0000][gc,phases   ] GC(167)   Post Evacuate Collection Set: 1.1ms
[2025-12-24T17:08:29.032+0000][gc,phases   ] GC(167)   Other: 0.3ms
[2025-12-24T17:08:29.032+0000][gc,heap     ] GC(167) Eden regions: 612->0(613)
[2025-12-24T17:08:29.032+0000][gc,heap     ] GC(167) Survivor regions: 2->1(77)
[2025-12-24T17:08:29.032+0000][gc,heap     ] GC(167) Old regions: 63->63
[2025-12-24T17:08:29.032+0000][gc,heap     ] GC(167) Humongous regions: 31->31
[2025-12-24T17:08:29.032+0000][gc,metaspace] GC(167) Metaspace: 12538K(12928K)->12538K(12928K) NonClass: 11431K(11584K)->11431K(11584K) Class: 1107K(1344K)->1107K(1344K)
[2025-12-24T17:08:29.032+0000][gc          ] GC(167) Pause Young (Normal) (G1 Evacuation Pause) 707M->94M(1024M) 7.245ms
[2025-12-24T17:08:29.032+0000][gc,cpu      ] GC(167) User=0.02s Sys=0.01s Real=0.01s
[2025-12-24T17:09:19.216+0000][gc,start    ] GC(168) Pause Young (Normal) (G1 Evacuation Pause)
[2025-12-24T17:09:19.217+0000][gc,task     ] GC(168) Using 8 workers of 8 for evacuation
[2025-12-24T17:09:19.225+0000][gc,phases   ] GC(168)   Pre Evacuate Collection Set: 1.0ms
[2025-12-24T17:09:19.225+0000][gc,phases   ] GC(168)   Merge Heap Roots: 0.2ms
[2025-12-24T17:09:19.225+0000][gc,phases   ] GC(168)   Evacuate Collection Set: 4.9ms
[2025-12-24T17:09:19.225+0000][gc,phases   ] GC(168)   Post Evacuate Collection Set: 1.9ms
[2025-12-24T17:09:19.226+0000][gc,phases   ] GC(168)   Other: 0.2ms
[2025-12-24T17:09:19.226+0000][gc,heap     ] GC(168) Eden regions: 613->0(612)
[2025-12-24T17:09:19.226+0000][gc,heap     ] GC(168) Survivor regions: 1->2(77)
[2025-12-24T17:09:19.226+0000][gc,heap     ] GC(168) Old regions: 63->63
[2025-12-24T17:09:19.226+0000][gc,heap     ] GC(168) Humongous regions: 31->31
[2025-12-24T17:09:19.226+0000][gc,metaspace] GC(168) Metaspace: 12538K(12928K)->12538K(12928K) NonClass: 11431K(11584K)->11431K(11584K) Class: 1107K(1344K)->1107K(1344K)
[2025-12-24T17:09:19.226+0000][gc          ] GC(168) Pause Young (Normal) (G1 Evacuation Pause) 707M->95M(1024M) 10.339ms
[2025-12-24T17:09:19.226+0000][gc,cpu      ] GC(168) User=0.05s Sys=0.00s Real=0.01s
[2025-12-24T17:10:19.051+0000][gc,start    ] GC(169) Pause Young (Normal) (G1 Evacuation Pause)
[2025-12-24T17:10:19.052+0000][gc,task     ] GC(169) Using 8 workers of 8 for evacuation
[2025-12-24T17:10:19.056+0000][gc,phases   ] GC(169)   Pre Evacuate Collection Set: 1.0ms
[2025-12-24T17:10:19.056+0000][gc,phases   ] GC(169)   Merge Heap Roots: 0.2ms
[2025-12-24T17:10:19.057+0000][gc,phases   ] GC(169)   Evacuate Collection Set: 2.4ms
[2025-12-24T17:10:19.057+0000][gc,phases   ] GC(169)   Post Evacuate Collection Set: 1.0ms
[2025-12-24T17:10:19.057+0000][gc,phases   ] GC(169)   Other: 0.3ms
[2025-12-24T17:10:19.057+0000][gc,heap     ] GC(169) Eden regions: 612->0(612)
[2025-12-24T17:10:19.057+0000][gc,heap     ] GC(169) Survivor regions: 2->2(77)
[2025-12-24T17:10:19.057+0000][gc,heap     ] GC(169) Old regions: 63->63
[2025-12-24T17:10:19.057+0000][gc,heap     ] GC(169) Humongous regions: 31->31
[2025-12-24T17:10:19.057+0000][gc,metaspace] GC(169) Metaspace: 12540K(12928K)->12540K(12928K) NonClass: 11433K(11584K)->11433K(11584K) Class: 1107K(1344K)->1107K(1344K)
[2025-12-24T17:10:19.057+0000][gc          ] GC(169) Pause Young (Normal) (G1 Evacuation Pause) 707M->94M(1024M) 6.182ms
[2025-12-24T17:10:19.057+0000][gc,cpu      ] GC(169) User=0.03s Sys=0.00s Real=0.01s
[2025-12-24T17:11:09.191+0000][gc,start    ] GC(170) Pause Young (Normal) (G1 Evacuation Pause)
[2025-12-24T17:11:09.191+0000][gc,task     ] GC(170) Using 8 workers of 8 for evacuation
[2025-12-24T17:11:09.207+0000][gc,phases   ] GC(170)   Pre Evacuate Collection Set: 1.4ms
[2025-12-24T17:11:09.207+0000][gc,phases   ] GC(170)   Merge Heap Roots: 0.4ms
[2025-12-24T17:11:09.208+0000][gc,phases   ] GC(170)   Evacuate Collection Set: 11.4ms
[2025-12-24T17:11:09.208+0000][gc,phases   ] GC(170)   Post Evacuate Collection Set: 2.0ms
[2025-12-24T17:11:09.208+0000][gc,phases   ] GC(170)   Other: 0.6ms
[2025-12-24T17:11:09.208+0000][gc,heap     ] GC(170) Eden regions: 612->0(612)
[2025-12-24T17:11:09.208+0000][gc,heap     ] GC(170) Survivor regions: 2->2(77)
[2025-12-24T17:11:09.208+0000][gc,heap     ] GC(170) Old regions: 63->63
[2025-12-24T17:11:09.208+0000][gc,heap     ] GC(170) Humongous regions: 31->31
[2025-12-24T17:11:09.208+0000][gc,metaspace] GC(170) Metaspace: 12540K(12928K)->12540K(12928K) NonClass: 11433K(11584K)->11433K(11584K) Class: 1107K(1344K)->1107K(1344K)
[2025-12-24T17:11:09.208+0000][gc          ] GC(170) Pause Young (Normal) (G1 Evacuation Pause) 706M->95M(1024M) 17.170ms
[2025-12-24T17:11:09.208+0000][gc,cpu      ] GC(170) User=0.09s Sys=0.00s Real=0.02s
[2025-12-24T17:12:09.073+0000][gc,start    ] GC(171) Pause Young (Normal) (G1 Evacuation Pause)
[2025-12-24T17:12:09.074+0000][gc,task     ] GC(171) Using 8 workers of 8 for evacuation
[2025-12-24T17:12:09.084+0000][gc,phases   ] GC(171)   Pre Evacuate Collection Set: 1.0ms
[2025-12-24T17:12:09.084+0000][gc,phases   ] GC(171)   Merge Heap Roots: 0.2ms
[2025-12-24T17:12:09.084+0000][gc,phases   ] GC(171)   Evacuate Collection Set: 5.9ms
[2025-12-24T17:12:09.084+0000][gc,phases   ] GC(171)   Post Evacuate Collection Set: 3.0ms
[2025-12-24T17:12:09.084+0000][gc,phases   ] GC(171)   Other: 0.2ms
[2025-12-24T17:12:09.084+0000][gc,heap     ] GC(171) Eden regions: 612->0(613)
[2025-12-24T17:12:09.085+0000][gc,heap     ] GC(171) Survivor regions: 2->1(77)
[2025-12-24T17:12:09.085+0000][gc,heap     ] GC(171) Old regions: 63->63
[2025-12-24T17:12:09.085+0000][gc,heap     ] GC(171) Humongous regions: 31->31
[2025-12-24T17:12:09.085+0000][gc,metaspace] GC(171) Metaspace: 12542K(12928K)->12542K(12928K) NonClass: 11435K(11584K)->11435K(11584K) Class: 1107K(1344K)->1107K(1344K)
[2025-12-24T17:12:09.085+0000][gc          ] GC(171) Pause Young (Normal) (G1 Evacuation Pause) 707M->94M(1024M) 11.956ms
[2025-12-24T17:12:09.085+0000][gc,cpu      ] GC(171) User=0.05s Sys=0.01s Real=0.01s
[2025-12-24T17:12:59.234+0000][gc,start    ] GC(172) Pause Young (Normal) (G1 Evacuation Pause)
[2025-12-24T17:12:59.234+0000][gc,task     ] GC(172) Using 8 workers of 8 for evacuation
[2025-12-24T17:12:59.243+0000][gc,phases   ] GC(172)   Pre Evacuate Collection Set: 1.0ms
[2025-12-24T17:12:59.244+0000][gc,phases   ] GC(172)   Merge Heap Roots: 0.2ms
[2025-12-24T17:12:59.244+0000][gc,phases   ] GC(172)   Evacuate Collection Set: 6.5ms
[2025-12-24T17:12:59.244+0000][gc,phases   ] GC(172)   Post Evacuate Collection Set: 1.3ms
[2025-12-24T17:12:59.244+0000][gc,phases   ] GC(172)   Other: 0.3ms
[2025-12-24T17:12:59.244+0000][gc,heap     ] GC(172) Eden regions: 613->0(612)
[2025-12-24T17:12:59.244+0000][gc,heap     ] GC(172) Survivor regions: 1->2(77)
[2025-12-24T17:12:59.244+0000][gc,heap     ] GC(172) Old regions: 63->63
[2025-12-24T17:12:59.244+0000][gc,heap     ] GC(172) Humongous regions: 31->31
[2025-12-24T17:12:59.244+0000][gc,metaspace] GC(172) Metaspace: 12542K(12928K)->12542K(12928K) NonClass: 11435K(11584K)->11435K(11584K) Class: 1107K(1344K)->1107K(1344K)
[2025-12-24T17:12:59.244+0000][gc          ] GC(172) Pause Young (Normal) (G1 Evacuation Pause) 707M->95M(1024M) 10.758ms
[2025-12-24T17:12:59.244+0000][gc,cpu      ] GC(172) User=0.05s Sys=0.01s Real=0.01s
[2025-12-24T17:13:59.029+0000][gc,start    ] GC(173) Pause Young (Normal) (G1 Evacuation Pause)
[2025-12-24T17:13:59.030+0000][gc,task     ] GC(173) Using 8 workers of 8 for evacuation
[2025-12-24T17:13:59.038+0000][gc,phases   ] GC(173)   Pre Evacuate Collection Set: 1.3ms
[2025-12-24T17:13:59.038+0000][gc,phases   ] GC(173)   Merge Heap Roots: 0.2ms
[2025-12-24T17:13:59.038+0000][gc,phases   ] GC(173)   Evacuate Collection Set: 4.0ms
[2025-12-24T17:13:59.038+0000][gc,phases   ] GC(173)   Post Evacuate Collection Set: 1.8ms
[2025-12-24T17:13:59.038+0000][gc,phases   ] GC(173)   Other: 0.4ms
[2025-12-24T17:13:59.038+0000][gc,heap     ] GC(173) Eden regions: 612->0(612)
[2025-12-24T17:13:59.038+0000][gc,heap     ] GC(173) Survivor regions: 2->2(77)
[2025-12-24T17:13:59.038+0000][gc,heap     ] GC(173) Old regions: 63->63
[2025-12-24T17:13:59.038+0000][gc,heap     ] GC(173) Humongous regions: 31->31
[2025-12-24T17:13:59.038+0000][gc,metaspace] GC(173) Metaspace: 12542K(12928K)->12542K(12928K) NonClass: 11435K(11584K)->11435K(11584K) Class: 1107K(1344K)->1107K(1344K)
[2025-12-24T17:13:59.039+0000][gc          ] GC(173) Pause Young (Normal) (G1 Evacuation Pause) 707M->94M(1024M) 9.288ms
[2025-12-24T17:13:59.039+0000][gc,cpu      ] GC(173) User=0.04s Sys=0.00s Real=0.01s
[2025-12-24T17:14:49.253+0000][gc,start    ] GC(174) Pause Young (Normal) (G1 Evacuation Pause)
[2025-12-24T17:14:49.254+0000][gc,task     ] GC(174) Using 8 workers of 8 for evacuation
[2025-12-24T17:14:49.267+0000][gc,phases   ] GC(174)   Pre Evacuate Collection Set: 4.3ms
[2025-12-24T17:14:49.267+0000][gc,phases   ] GC(174)   Merge Heap Roots: 0.2ms
[2025-12-24T17:14:49.267+0000][gc,phases   ] GC(174)   Evacuate Collection Set: 3.7ms
[2025-12-24T17:14:49.267+0000][gc,phases   ] GC(174)   Post Evacuate Collection Set: 4.7ms
[2025-12-24T17:14:49.267+0000][gc,phases   ] GC(174)   Other: 0.3ms
[2025-12-24T17:14:49.267+0000][gc,heap     ] GC(174) Eden regions: 612->0(612)
[2025-12-24T17:14:49.268+0000][gc,heap     ] GC(174) Survivor regions: 2->2(77)
[2025-12-24T17:14:49.268+0000][gc,heap     ] GC(174) Old regions: 63->63
[2025-12-24T17:14:49.268+0000][gc,heap     ] GC(174) Humongous regions: 31->31
[2025-12-24T17:14:49.268+0000][gc,metaspace] GC(174) Metaspace: 12543K(12928K)->12543K(12928K) NonClass: 11436K(11584K)->11436K(11584K) Class: 1107K(1344K)->1107K(1344K)
[2025-12-24T17:14:49.268+0000][gc          ] GC(174) Pause Young (Normal) (G1 Evacuation Pause) 706M->95M(1024M) 14.888ms
[2025-12-24T17:14:49.268+0000][gc,cpu      ] GC(174) User=0.06s Sys=0.00s Real=0.02s
[2025-12-24T17:15:49.067+0000][gc,start    ] GC(175) Pause Young (Normal) (G1 Evacuation Pause)
[2025-12-24T17:15:49.068+0000][gc,task     ] GC(175) Using 8 workers of 8 for evacuation
[2025-12-24T17:15:49.075+0000][gc,phases   ] GC(175)   Pre Evacuate Collection Set: 1.6ms
[2025-12-24T17:15:49.075+0000][gc,phases   ] GC(175)   Merge Heap Roots: 0.3ms
[2025-12-24T17:15:49.075+0000][gc,phases   ] GC(175)   Evacuate Collection Set: 3.8ms
[2025-12-24T17:15:49.075+0000][gc,phases   ] GC(175)   Post Evacuate Collection Set: 1.1ms
[2025-12-24T17:15:49.075+0000][gc,phases   ] GC(175)   Other: 0.5ms
[2025-12-24T17:15:49.075+0000][gc,heap     ] GC(175) Eden regions: 612->0(613)
[2025-12-24T17:15:49.075+0000][gc,heap     ] GC(175) Survivor regions: 2->1(77)
[2025-12-24T17:15:49.076+0000][gc,heap     ] GC(175) Old regions: 63->63
[2025-12-24T17:15:49.076+0000][gc,heap     ] GC(175) Humongous regions: 31->31
[2025-12-24T17:15:49.076+0000][gc,metaspace] GC(175) Metaspace: 12543K(12928K)->12543K(12928K) NonClass: 11436K(11584K)->11436K(11584K) Class: 1107K(1344K)->1107K(1344K)
[2025-12-24T17:15:49.076+0000][gc          ] GC(175) Pause Young (Normal) (G1 Evacuation Pause) 707M->94M(1024M) 8.992ms
[2025-12-24T17:15:49.076+0000][gc,cpu      ] GC(175) User=0.03s Sys=0.00s Real=0.01s
[2025-12-24T17:16:39.224+0000][gc,start    ] GC(176) Pause Young (Normal) (G1 Evacuation Pause)
[2025-12-24T17:16:39.225+0000][gc,task     ] GC(176) Using 8 workers of 8 for evacuation
[2025-12-24T17:16:39.231+0000][gc,phases   ] GC(176)   Pre Evacuate Collection Set: 1.0ms
[2025-12-24T17:16:39.231+0000][gc,phases   ] GC(176)   Merge Heap Roots: 0.3ms
[2025-12-24T17:16:39.231+0000][gc,phases   ] GC(176)   Evacuate Collection Set: 3.2ms
[2025-12-24T17:16:39.231+0000][gc,phases   ] GC(176)   Post Evacuate Collection Set: 1.2ms
[2025-12-24T17:16:39.231+0000][gc,phases   ] GC(176)   Other: 0.2ms
[2025-12-24T17:16:39.231+0000][gc,heap     ] GC(176) Eden regions: 613->0(612)
[2025-12-24T17:16:39.231+0000][gc,heap     ] GC(176) Survivor regions: 1->2(77)
[2025-12-24T17:16:39.231+0000][gc,heap     ] GC(176) Old regions: 63->63
[2025-12-24T17:16:39.231+0000][gc,heap     ] GC(176) Humongous regions: 31->31
[2025-12-24T17:16:39.231+0000][gc,metaspace] GC(176) Metaspace: 12543K(12928K)->12543K(12928K) NonClass: 11436K(11584K)->11436K(11584K) Class: 1107K(1344K)->1107K(1344K)
[2025-12-24T17:16:39.232+0000][gc          ] GC(176) Pause Young (Normal) (G1 Evacuation Pause) 707M->95M(1024M) 7.104ms
[2025-12-24T17:16:39.232+0000][gc,cpu      ] GC(176) User=0.03s Sys=0.00s Real=0.01s
[2025-12-24T17:17:39.038+0000][gc,start    ] GC(177) Pause Young (Normal) (G1 Evacuation Pause)
[2025-12-24T17:17:39.039+0000][gc,task     ] GC(177) Using 8 workers of 8 for evacuation
[2025-12-24T17:17:39.044+0000][gc,phases   ] GC(177)   Pre Evacuate Collection Set: 1.1ms
[2025-12-24T17:17:39.044+0000][gc,phases   ] GC(177)   Merge Heap Roots: 0.2ms
[2025-12-24T17:17:39.044+0000][gc,phases   ] GC(177)   Evacuate Collection Set: 3.1ms
[2025-12-24T17:17:39.044+0000][gc,phases   ] GC(177)   Post Evacuate Collection Set: 1.2ms
[2025-12-24T17:17:39.044+0000][gc,phases   ] GC(177)   Other: 0.2ms
[2025-12-24T17:17:39.044+0000][gc,heap     ] GC(177) Eden regions: 612->0(612)
[2025-12-24T17:17:39.044+0000][gc,heap     ] GC(177) Survivor regions: 2->2(77)
[2025-12-24T17:17:39.044+0000][gc,heap     ] GC(177) Old regions: 63->63
[2025-12-24T17:17:39.045+0000][gc,heap     ] GC(177) Humongous regions: 31->31
[2025-12-24T17:17:39.045+0000][gc,metaspace] GC(177) Metaspace: 12543K(12928K)->12543K(12928K) NonClass: 11436K(11584K)->11436K(11584K) Class: 1107K(1344K)->1107K(1344K)
[2025-12-24T17:17:39.045+0000][gc          ] GC(177) Pause Young (Normal) (G1 Evacuation Pause) 707M->94M(1024M) 6.597ms
[2025-12-24T17:17:39.045+0000][gc,cpu      ] GC(177) User=0.04s Sys=0.00s Real=0.01s
[2025-12-24T17:18:29.519+0000][gc,start    ] GC(178) Pause Young (Normal) (G1 Evacuation Pause)
[2025-12-24T17:18:29.521+0000][gc,task     ] GC(178) Using 8 workers of 8 for evacuation
[2025-12-24T17:18:29.545+0000][gc,phases   ] GC(178)   Pre Evacuate Collection Set: 3.9ms
[2025-12-24T17:18:29.546+0000][gc,phases   ] GC(178)   Merge Heap Roots: 0.4ms
[2025-12-24T17:18:29.547+0000][gc,phases   ] GC(178)   Evacuate Collection Set: 9.6ms
[2025-12-24T17:18:29.548+0000][gc,phases   ] GC(178)   Post Evacuate Collection Set: 9.1ms
[2025-12-24T17:18:29.548+0000][gc,phases   ] GC(178)   Other: 1.5ms
[2025-12-24T17:18:29.549+0000][gc,heap     ] GC(178) Eden regions: 612->0(612)
[2025-12-24T17:18:29.550+0000][gc,heap     ] GC(178) Survivor regions: 2->2(77)
[2025-12-24T17:18:29.550+0000][gc,heap     ] GC(178) Old regions: 63->63
[2025-12-24T17:18:29.550+0000][gc,heap     ] GC(178) Humongous regions: 31->31
[2025-12-24T17:18:29.550+0000][gc,metaspace] GC(178) Metaspace: 12543K(12928K)->12543K(12928K) NonClass: 11436K(11584K)->11436K(11584K) Class: 1107K(1344K)->1107K(1344K)
[2025-12-24T17:18:29.551+0000][gc          ] GC(178) Pause Young (Normal) (G1 Evacuation Pause) 706M->95M(1024M) 32.144ms
[2025-12-24T17:18:29.551+0000][gc,cpu      ] GC(178) User=0.06s Sys=0.01s Real=0.04s
[2025-12-24T17:19:29.012+0000][gc,start    ] GC(179) Pause Young (Normal) (G1 Evacuation Pause)
[2025-12-24T17:19:29.013+0000][gc,task     ] GC(179) Using 8 workers of 8 for evacuation
[2025-12-24T17:19:29.022+0000][gc,phases   ] GC(179)   Pre Evacuate Collection Set: 1.1ms
[2025-12-24T17:19:29.023+0000][gc,phases   ] GC(179)   Merge Heap Roots: 0.2ms
[2025-12-24T17:19:29.023+0000][gc,phases   ] GC(179)   Evacuate Collection Set: 6.6ms
[2025-12-24T17:19:29.023+0000][gc,phases   ] GC(179)   Post Evacuate Collection Set: 1.2ms
[2025-12-24T17:19:29.023+0000][gc,phases   ] GC(179)   Other: 0.3ms
[2025-12-24T17:19:29.023+0000][gc,heap     ] GC(179) Eden regions: 612->0(612)
[2025-12-24T17:19:29.023+0000][gc,heap     ] GC(179) Survivor regions: 2->2(77)
[2025-12-24T17:19:29.023+0000][gc,heap     ] GC(179) Old regions: 63->63
[2025-12-24T17:19:29.023+0000][gc,heap     ] GC(179) Humongous regions: 31->31
[2025-12-24T17:19:29.023+0000][gc,metaspace] GC(179) Metaspace: 12543K(12928K)->12543K(12928K) NonClass: 11436K(11584K)->11436K(11584K) Class: 1107K(1344K)->1107K(1344K)
[2025-12-24T17:19:29.023+0000][gc          ] GC(179) Pause Young (Normal) (G1 Evacuation Pause) 707M->94M(1024M) 10.847ms
[2025-12-24T17:19:29.023+0000][gc,cpu      ] GC(179) User=0.05s Sys=0.00s Real=0.01s
[2025-12-24T17:20:19.188+0000][gc,start    ] GC(180) Pause Young (Normal) (G1 Evacuation Pause)
[2025-12-24T17:20:19.189+0000][gc,task     ] GC(180) Using 8 workers of 8 for evacuation
[2025-12-24T17:20:19.199+0000][gc,phases   ] GC(180)   Pre Evacuate Collection Set: 1.0ms
[2025-12-24T17:20:19.199+0000][gc,phases   ] GC(180)   Merge Heap Roots: 0.2ms
[2025-12-24T17:20:19.199+0000][gc,phases   ] GC(180)   Evacuate Collection Set: 6.6ms
[2025-12-24T17:20:19.199+0000][gc,phases   ] GC(180)   Post Evacuate Collection Set: 1.3ms
[2025-12-24T17:20:19.199+0000][gc,phases   ] GC(180)   Other: 0.4ms
[2025-12-24T17:20:19.199+0000][gc,heap     ] GC(180) Eden regions: 612->0(612)
[2025-12-24T17:20:19.199+0000][gc,heap     ] GC(180) Survivor regions: 2->2(77)
[2025-12-24T17:20:19.199+0000][gc,heap     ] GC(180) Old regions: 63->63
[2025-12-24T17:20:19.199+0000][gc,heap     ] GC(180) Humongous regions: 31->31
[2025-12-24T17:20:19.199+0000][gc,metaspace] GC(180) Metaspace: 12543K(12928K)->12543K(12928K) NonClass: 11436K(11584K)->11436K(11584K) Class: 1107K(1344K)->1107K(1344K)
[2025-12-24T17:20:19.199+0000][gc          ] GC(180) Pause Young (Normal) (G1 Evacuation Pause) 706M->95M(1024M) 11.116ms
[2025-12-24T17:20:19.200+0000][gc,cpu      ] GC(180) User=0.06s Sys=0.01s Real=0.01s
[2025-12-24T17:21:19.003+0000][gc,start    ] GC(181) Pause Young (Normal) (G1 Evacuation Pause)
[2025-12-24T17:21:19.005+0000][gc,task     ] GC(181) Using 8 workers of 8 for evacuation
[2025-12-24T17:21:19.015+0000][gc,phases   ] GC(181)   Pre Evacuate Collection Set: 1.6ms
[2025-12-24T17:21:19.015+0000][gc,phases   ] GC(181)   Merge Heap Roots: 0.3ms
[2025-12-24T17:21:19.015+0000][gc,phases   ] GC(181)   Evacuate Collection Set: 5.6ms
[2025-12-24T17:21:19.015+0000][gc,phases   ] GC(181)   Post Evacuate Collection Set: 2.2ms
[2025-12-24T17:21:19.015+0000][gc,phases   ] GC(181)   Other: 0.3ms
[2025-12-24T17:21:19.015+0000][gc,heap     ] GC(181) Eden regions: 612->0(613)
[2025-12-24T17:21:19.015+0000][gc,heap     ] GC(181) Survivor regions: 2->1(77)
[2025-12-24T17:21:19.015+0000][gc,heap     ] GC(181) Old regions: 63->64
[2025-12-24T17:21:19.015+0000][gc,heap     ] GC(181) Humongous regions: 31->31
[2025-12-24T17:21:19.015+0000][gc,metaspace] GC(181) Metaspace: 12543K(12928K)->12543K(12928K) NonClass: 11436K(11584K)->11436K(11584K) Class: 1107K(1344K)->1107K(1344K)
[2025-12-24T17:21:19.016+0000][gc          ] GC(181) Pause Young (Normal) (G1 Evacuation Pause) 707M->94M(1024M) 12.448ms
[2025-12-24T17:21:19.016+0000][gc,cpu      ] GC(181) User=0.05s Sys=0.01s Real=0.02s
[2025-12-24T17:22:09.336+0000][gc,start    ] GC(182) Pause Young (Normal) (G1 Evacuation Pause)
[2025-12-24T17:22:09.337+0000][gc,task     ] GC(182) Using 8 workers of 8 for evacuation
[2025-12-24T17:22:09.354+0000][gc,phases   ] GC(182)   Pre Evacuate Collection Set: 3.8ms
[2025-12-24T17:22:09.354+0000][gc,phases   ] GC(182)   Merge Heap Roots: 2.1ms
[2025-12-24T17:22:09.354+0000][gc,phases   ] GC(182)   Evacuate Collection Set: 9.0ms
[2025-12-24T17:22:09.354+0000][gc,phases   ] GC(182)   Post Evacuate Collection Set: 1.4ms
[2025-12-24T17:22:09.354+0000][gc,phases   ] GC(182)   Other: 0.8ms
[2025-12-24T17:22:09.354+0000][gc,heap     ] GC(182) Eden regions: 613->0(612)
[2025-12-24T17:22:09.354+0000][gc,heap     ] GC(182) Survivor regions: 1->2(77)
[2025-12-24T17:22:09.354+0000][gc,heap     ] GC(182) Old regions: 64->64
[2025-12-24T17:22:09.354+0000][gc,heap     ] GC(182) Humongous regions: 31->31
[2025-12-24T17:22:09.354+0000][gc,metaspace] GC(182) Metaspace: 12543K(12928K)->12543K(12928K) NonClass: 11436K(11584K)->11436K(11584K) Class: 1107K(1344K)->1107K(1344K)
[2025-12-24T17:22:09.354+0000][gc          ] GC(182) Pause Young (Normal) (G1 Evacuation Pause) 707M->95M(1024M) 18.101ms
[2025-12-24T17:22:09.354+0000][gc,cpu      ] GC(182) User=0.09s Sys=0.00s Real=0.02s
[2025-12-24T17:23:08.987+0000][gc,start    ] GC(183) Pause Young (Normal) (G1 Evacuation Pause)
[2025-12-24T17:23:08.988+0000][gc,task     ] GC(183) Using 8 workers of 8 for evacuation
[2025-12-24T17:23:09.002+0000][gc,phases   ] GC(183)   Pre Evacuate Collection Set: 1.1ms
[2025-12-24T17:23:09.002+0000][gc,phases   ] GC(183)   Merge Heap Roots: 0.5ms
[2025-12-24T17:23:09.002+0000][gc,phases   ] GC(183)   Evacuate Collection Set: 9.4ms
[2025-12-24T17:23:09.002+0000][gc,phases   ] GC(183)   Post Evacuate Collection Set: 2.8ms
[2025-12-24T17:23:09.002+0000][gc,phases   ] GC(183)   Other: 0.3ms
[2025-12-24T17:23:09.002+0000][gc,heap     ] GC(183) Eden regions: 612->0(612)
[2025-12-24T17:23:09.002+0000][gc,heap     ] GC(183) Survivor regions: 2->2(77)
[2025-12-24T17:23:09.002+0000][gc,heap     ] GC(183) Old regions: 64->64
[2025-12-24T17:23:09.002+0000][gc,heap     ] GC(183) Humongous regions: 31->31
[2025-12-24T17:23:09.002+0000][gc,metaspace] GC(183) Metaspace: 12545K(12928K)->12545K(12928K) NonClass: 11438K(11584K)->11438K(11584K) Class: 1107K(1344K)->1107K(1344K)
[2025-12-24T17:23:09.003+0000][gc          ] GC(183) Pause Young (Normal) (G1 Evacuation Pause) 707M->95M(1024M) 15.046ms
[2025-12-24T17:23:09.003+0000][gc,cpu      ] GC(183) User=0.09s Sys=0.00s Real=0.02s
[2025-12-24T17:23:59.200+0000][gc,start    ] GC(184) Pause Young (Normal) (G1 Evacuation Pause)
[2025-12-24T17:23:59.201+0000][gc,task     ] GC(184) Using 8 workers of 8 for evacuation
[2025-12-24T17:23:59.218+0000][gc,phases   ] GC(184)   Pre Evacuate Collection Set: 1.2ms
[2025-12-24T17:23:59.218+0000][gc,phases   ] GC(184)   Merge Heap Roots: 1.9ms
[2025-12-24T17:23:59.218+0000][gc,phases   ] GC(184)   Evacuate Collection Set: 12.5ms
[2025-12-24T17:23:59.218+0000][gc,phases   ] GC(184)   Post Evacuate Collection Set: 1.6ms
[2025-12-24T17:23:59.218+0000][gc,phases   ] GC(184)   Other: 0.4ms
[2025-12-24T17:23:59.219+0000][gc,heap     ] GC(184) Eden regions: 612->0(612)
[2025-12-24T17:23:59.219+0000][gc,heap     ] GC(184) Survivor regions: 2->2(77)
[2025-12-24T17:23:59.219+0000][gc,heap     ] GC(184) Old regions: 64->64
[2025-12-24T17:23:59.219+0000][gc,heap     ] GC(184) Humongous regions: 31->31
[2025-12-24T17:23:59.219+0000][gc,metaspace] GC(184) Metaspace: 12547K(12928K)->12547K(12928K) NonClass: 11440K(11584K)->11440K(11584K) Class: 1107K(1344K)->1107K(1344K)
[2025-12-24T17:23:59.219+0000][gc          ] GC(184) Pause Young (Normal) (G1 Evacuation Pause) 707M->95M(1024M) 19.132ms
[2025-12-24T17:23:59.219+0000][gc,cpu      ] GC(184) User=0.11s Sys=0.00s Real=0.02s
[2025-12-24T17:24:59.029+0000][gc,start    ] GC(185) Pause Young (Normal) (G1 Evacuation Pause)
[2025-12-24T17:24:59.029+0000][gc,task     ] GC(185) Using 8 workers of 8 for evacuation
[2025-12-24T17:24:59.047+0000][gc,phases   ] GC(185)   Pre Evacuate Collection Set: 3.4ms
[2025-12-24T17:24:59.047+0000][gc,phases   ] GC(185)   Merge Heap Roots: 0.3ms
[2025-12-24T17:24:59.047+0000][gc,phases   ] GC(185)   Evacuate Collection Set: 11.8ms
[2025-12-24T17:24:59.047+0000][gc,phases   ] GC(185)   Post Evacuate Collection Set: 1.7ms
[2025-12-24T17:24:59.047+0000][gc,phases   ] GC(185)   Other: 0.3ms
[2025-12-24T17:24:59.047+0000][gc,heap     ] GC(185) Eden regions: 612->0(612)
[2025-12-24T17:24:59.047+0000][gc,heap     ] GC(185) Survivor regions: 2->2(77)
[2025-12-24T17:24:59.047+0000][gc,heap     ] GC(185) Old regions: 64->64
[2025-12-24T17:24:59.047+0000][gc,heap     ] GC(185) Humongous regions: 31->31
[2025-12-24T17:24:59.047+0000][gc,metaspace] GC(185) Metaspace: 12549K(12928K)->12549K(12928K) NonClass: 11442K(11584K)->11442K(11584K) Class: 1107K(1344K)->1107K(1344K)
[2025-12-24T17:24:59.048+0000][gc          ] GC(185) Pause Young (Normal) (G1 Evacuation Pause) 707M->95M(1024M) 18.837ms
[2025-12-24T17:24:59.048+0000][gc,cpu      ] GC(185) User=0.09s Sys=0.01s Real=0.02s
[2025-12-24T17:25:49.181+0000][gc,start    ] GC(186) Pause Young (Normal) (G1 Evacuation Pause)
[2025-12-24T17:25:49.182+0000][gc,task     ] GC(186) Using 8 workers of 8 for evacuation
[2025-12-24T17:25:49.191+0000][gc,phases   ] GC(186)   Pre Evacuate Collection Set: 1.1ms
[2025-12-24T17:25:49.191+0000][gc,phases   ] GC(186)   Merge Heap Roots: 0.2ms
[2025-12-24T17:25:49.191+0000][gc,phases   ] GC(186)   Evacuate Collection Set: 2.9ms
[2025-12-24T17:25:49.191+0000][gc,phases   ] GC(186)   Post Evacuate Collection Set: 4.1ms
[2025-12-24T17:25:49.191+0000][gc,phases   ] GC(186)   Other: 0.2ms
[2025-12-24T17:25:49.191+0000][gc,heap     ] GC(186) Eden regions: 612->0(612)
[2025-12-24T17:25:49.191+0000][gc,heap     ] GC(186) Survivor regions: 2->2(77)
[2025-12-24T17:25:49.191+0000][gc,heap     ] GC(186) Old regions: 64->64
[2025-12-24T17:25:49.191+0000][gc,heap     ] GC(186) Humongous regions: 31->31
[2025-12-24T17:25:49.191+0000][gc,metaspace] GC(186) Metaspace: 12550K(12928K)->12550K(12928K) NonClass: 11443K(11584K)->11443K(11584K) Class: 1107K(1344K)->1107K(1344K)
[2025-12-24T17:25:49.191+0000][gc          ] GC(186) Pause Young (Normal) (G1 Evacuation Pause) 707M->95M(1024M) 9.856ms
[2025-12-24T17:25:49.191+0000][gc,cpu      ] GC(186) User=0.03s Sys=0.00s Real=0.01s
[2025-12-24T17:26:48.992+0000][gc,start    ] GC(187) Pause Young (Normal) (G1 Evacuation Pause)
[2025-12-24T17:26:48.993+0000][gc,task     ] GC(187) Using 8 workers of 8 for evacuation
[2025-12-24T17:26:48.998+0000][gc,phases   ] GC(187)   Pre Evacuate Collection Set: 1.1ms
[2025-12-24T17:26:48.998+0000][gc,phases   ] GC(187)   Merge Heap Roots: 0.2ms
[2025-12-24T17:26:48.998+0000][gc,phases   ] GC(187)   Evacuate Collection Set: 2.9ms
[2025-12-24T17:26:48.998+0000][gc,phases   ] GC(187)   Post Evacuate Collection Set: 1.0ms
[2025-12-24T17:26:48.998+0000][gc,phases   ] GC(187)   Other: 0.2ms
[2025-12-24T17:26:48.998+0000][gc,heap     ] GC(187) Eden regions: 612->0(612)
[2025-12-24T17:26:48.999+0000][gc,heap     ] GC(187) Survivor regions: 2->2(77)
[2025-12-24T17:26:48.999+0000][gc,heap     ] GC(187) Old regions: 64->64
[2025-12-24T17:26:48.999+0000][gc,heap     ] GC(187) Humongous regions: 31->31
[2025-12-24T17:26:48.999+0000][gc,metaspace] GC(187) Metaspace: 12551K(12928K)->12551K(12928K) NonClass: 11443K(11584K)->11443K(11584K) Class: 1107K(1344K)->1107K(1344K)
[2025-12-24T17:26:48.999+0000][gc          ] GC(187) Pause Young (Normal) (G1 Evacuation Pause) 707M->95M(1024M) 6.567ms
[2025-12-24T17:26:48.999+0000][gc,cpu      ] GC(187) User=0.03s Sys=0.00s Real=0.00s
[2025-12-24T17:27:39.208+0000][gc,start    ] GC(188) Pause Young (Normal) (G1 Evacuation Pause)
[2025-12-24T17:27:39.209+0000][gc,task     ] GC(188) Using 8 workers of 8 for evacuation
[2025-12-24T17:27:39.233+0000][gc,phases   ] GC(188)   Pre Evacuate Collection Set: 3.9ms
[2025-12-24T17:27:39.233+0000][gc,phases   ] GC(188)   Merge Heap Roots: 1.4ms
[2025-12-24T17:27:39.233+0000][gc,phases   ] GC(188)   Evacuate Collection Set: 13.9ms
[2025-12-24T17:27:39.233+0000][gc,phases   ] GC(188)   Post Evacuate Collection Set: 4.0ms
[2025-12-24T17:27:39.233+0000][gc,phases   ] GC(188)   Other: 1.0ms
[2025-12-24T17:27:39.233+0000][gc,heap     ] GC(188) Eden regions: 612->0(612)
[2025-12-24T17:27:39.233+0000][gc,heap     ] GC(188) Survivor regions: 2->2(77)
[2025-12-24T17:27:39.233+0000][gc,heap     ] GC(188) Old regions: 64->64
[2025-12-24T17:27:39.233+0000][gc,heap     ] GC(188) Humongous regions: 31->31
[2025-12-24T17:27:39.234+0000][gc,metaspace] GC(188) Metaspace: 12551K(12928K)->12551K(12928K) NonClass: 11443K(11584K)->11443K(11584K) Class: 1107K(1344K)->1107K(1344K)
[2025-12-24T17:27:39.234+0000][gc          ] GC(188) Pause Young (Normal) (G1 Evacuation Pause) 707M->95M(1024M) 25.710ms
[2025-12-24T17:27:39.234+0000][gc,cpu      ] GC(188) User=0.12s Sys=0.01s Real=0.03s
[2025-12-24T17:28:38.979+0000][gc,start    ] GC(189) Pause Young (Normal) (G1 Evacuation Pause)
[2025-12-24T17:28:38.979+0000][gc,task     ] GC(189) Using 8 workers of 8 for evacuation
[2025-12-24T17:28:38.991+0000][gc,phases   ] GC(189)   Pre Evacuate Collection Set: 1.1ms
[2025-12-24T17:28:38.992+0000][gc,phases   ] GC(189)   Merge Heap Roots: 0.2ms
[2025-12-24T17:28:38.992+0000][gc,phases   ] GC(189)   Evacuate Collection Set: 7.2ms
[2025-12-24T17:28:38.992+0000][gc,phases   ] GC(189)   Post Evacuate Collection Set: 3.2ms
[2025-12-24T17:28:38.993+0000][gc,phases   ] GC(189)   Other: 0.3ms
[2025-12-24T17:28:38.993+0000][gc,heap     ] GC(189) Eden regions: 612->0(612)
[2025-12-24T17:28:38.993+0000][gc,heap     ] GC(189) Survivor regions: 2->2(77)
[2025-12-24T17:28:38.993+0000][gc,heap     ] GC(189) Old regions: 64->64
[2025-12-24T17:28:38.993+0000][gc,heap     ] GC(189) Humongous regions: 31->31
[2025-12-24T17:28:38.993+0000][gc,metaspace] GC(189) Metaspace: 12551K(12928K)->12551K(12928K) NonClass: 11443K(11584K)->11443K(11584K) Class: 1107K(1344K)->1107K(1344K)
[2025-12-24T17:28:38.993+0000][gc          ] GC(189) Pause Young (Normal) (G1 Evacuation Pause) 707M->95M(1024M) 14.391ms
[2025-12-24T17:28:38.993+0000][gc,cpu      ] GC(189) User=0.08s Sys=0.00s Real=0.01s
[2025-12-24T17:29:29.184+0000][gc,start    ] GC(190) Pause Young (Normal) (G1 Evacuation Pause)
[2025-12-24T17:29:29.186+0000][gc,task     ] GC(190) Using 8 workers of 8 for evacuation
[2025-12-24T17:29:29.193+0000][gc,phases   ] GC(190)   Pre Evacuate Collection Set: 1.0ms
[2025-12-24T17:29:29.193+0000][gc,phases   ] GC(190)   Merge Heap Roots: 0.2ms
[2025-12-24T17:29:29.194+0000][gc,phases   ] GC(190)   Evacuate Collection Set: 2.8ms
[2025-12-24T17:29:29.194+0000][gc,phases   ] GC(190)   Post Evacuate Collection Set: 3.5ms
[2025-12-24T17:29:29.194+0000][gc,phases   ] GC(190)   Other: 0.2ms
[2025-12-24T17:29:29.194+0000][gc,heap     ] GC(190) Eden regions: 612->0(612)
[2025-12-24T17:29:29.194+0000][gc,heap     ] GC(190) Survivor regions: 2->2(77)
[2025-12-24T17:29:29.194+0000][gc,heap     ] GC(190) Old regions: 64->64
[2025-12-24T17:29:29.194+0000][gc,heap     ] GC(190) Humongous regions: 31->31
[2025-12-24T17:29:29.194+0000][gc,metaspace] GC(190) Metaspace: 12551K(12928K)->12551K(12928K) NonClass: 11443K(11584K)->11443K(11584K) Class: 1107K(1344K)->1107K(1344K)
[2025-12-24T17:29:29.194+0000][gc          ] GC(190) Pause Young (Normal) (G1 Evacuation Pause) 707M->95M(1024M) 10.517ms
[2025-12-24T17:29:29.195+0000][gc,cpu      ] GC(190) User=0.04s Sys=0.00s Real=0.01s
[2025-12-24T17:30:29.148+0000][gc,start    ] GC(191) Pause Young (Normal) (G1 Evacuation Pause)
[2025-12-24T17:30:29.148+0000][gc,task     ] GC(191) Using 8 workers of 8 for evacuation
[2025-12-24T17:30:29.162+0000][gc,phases   ] GC(191)   Pre Evacuate Collection Set: 1.1ms
[2025-12-24T17:30:29.162+0000][gc,phases   ] GC(191)   Merge Heap Roots: 0.2ms
[2025-12-24T17:30:29.162+0000][gc,phases   ] GC(191)   Evacuate Collection Set: 9.9ms
[2025-12-24T17:30:29.162+0000][gc,phases   ] GC(191)   Post Evacuate Collection Set: 1.7ms
[2025-12-24T17:30:29.162+0000][gc,phases   ] GC(191)   Other: 0.4ms
[2025-12-24T17:30:29.162+0000][gc,heap     ] GC(191) Eden regions: 612->0(613)
[2025-12-24T17:30:29.162+0000][gc,heap     ] GC(191) Survivor regions: 2->1(77)
[2025-12-24T17:30:29.162+0000][gc,heap     ] GC(191) Old regions: 64->64
[2025-12-24T17:30:29.162+0000][gc,heap     ] GC(191) Humongous regions: 31->31
[2025-12-24T17:30:29.162+0000][gc,metaspace] GC(191) Metaspace: 12551K(12928K)->12551K(12928K) NonClass: 11443K(11584K)->11443K(11584K) Class: 1107K(1344K)->1107K(1344K)
[2025-12-24T17:30:29.162+0000][gc          ] GC(191) Pause Young (Normal) (G1 Evacuation Pause) 707M->95M(1024M) 14.629ms
[2025-12-24T17:30:29.162+0000][gc,cpu      ] GC(191) User=0.08s Sys=0.00s Real=0.01s
[2025-12-24T17:31:19.176+0000][gc,start    ] GC(192) Pause Young (Normal) (G1 Evacuation Pause)
[2025-12-24T17:31:19.179+0000][gc,task     ] GC(192) Using 8 workers of 8 for evacuation
[2025-12-24T17:31:19.190+0000][gc,phases   ] GC(192)   Pre Evacuate Collection Set: 4.0ms
[2025-12-24T17:31:19.190+0000][gc,phases   ] GC(192)   Merge Heap Roots: 0.3ms
[2025-12-24T17:31:19.191+0000][gc,phases   ] GC(192)   Evacuate Collection Set: 4.9ms
[2025-12-24T17:31:19.191+0000][gc,phases   ] GC(192)   Post Evacuate Collection Set: 2.1ms
[2025-12-24T17:31:19.191+0000][gc,phases   ] GC(192)   Other: 1.0ms
[2025-12-24T17:31:19.191+0000][gc,heap     ] GC(192) Eden regions: 613->0(612)
[2025-12-24T17:31:19.191+0000][gc,heap     ] GC(192) Survivor regions: 1->2(77)
[2025-12-24T17:31:19.191+0000][gc,heap     ] GC(192) Old regions: 64->64
[2025-12-24T17:31:19.192+0000][gc,heap     ] GC(192) Humongous regions: 31->31
[2025-12-24T17:31:19.192+0000][gc,metaspace] GC(192) Metaspace: 12553K(12928K)->12553K(12928K) NonClass: 11446K(11584K)->11446K(11584K) Class: 1107K(1344K)->1107K(1344K)
[2025-12-24T17:31:19.192+0000][gc          ] GC(192) Pause Young (Normal) (G1 Evacuation Pause) 708M->96M(1024M) 15.715ms
[2025-12-24T17:31:19.192+0000][gc,cpu      ] GC(192) User=0.05s Sys=0.00s Real=0.02s
[2025-12-24T17:32:18.922+0000][gc,start    ] GC(193) Pause Young (Normal) (G1 Evacuation Pause)
[2025-12-24T17:32:18.923+0000][gc,task     ] GC(193) Using 8 workers of 8 for evacuation
[2025-12-24T17:32:18.929+0000][gc,phases   ] GC(193)   Pre Evacuate Collection Set: 1.1ms
[2025-12-24T17:32:18.929+0000][gc,phases   ] GC(193)   Merge Heap Roots: 0.2ms
[2025-12-24T17:32:18.929+0000][gc,phases   ] GC(193)   Evacuate Collection Set: 3.1ms
[2025-12-24T17:32:18.929+0000][gc,phases   ] GC(193)   Post Evacuate Collection Set: 1.2ms
[2025-12-24T17:32:18.929+0000][gc,phases   ] GC(193)   Other: 0.2ms
[2025-12-24T17:32:18.929+0000][gc,heap     ] GC(193) Eden regions: 612->0(613)
[2025-12-24T17:32:18.929+0000][gc,heap     ] GC(193) Survivor regions: 2->1(77)
[2025-12-24T17:32:18.929+0000][gc,heap     ] GC(193) Old regions: 64->64
[2025-12-24T17:32:18.929+0000][gc,heap     ] GC(193) Humongous regions: 31->31
[2025-12-24T17:32:18.929+0000][gc,metaspace] GC(193) Metaspace: 12553K(12928K)->12553K(12928K) NonClass: 11446K(11584K)->11446K(11584K) Class: 1107K(1344K)->1107K(1344K)
[2025-12-24T17:32:18.929+0000][gc          ] GC(193) Pause Young (Normal) (G1 Evacuation Pause) 708M->95M(1024M) 6.974ms
[2025-12-24T17:32:18.929+0000][gc,cpu      ] GC(193) User=0.03s Sys=0.00s Real=0.01s
[2025-12-24T17:33:09.039+0000][gc,start    ] GC(194) Pause Young (Normal) (G1 Evacuation Pause)
[2025-12-24T17:33:09.039+0000][gc,task     ] GC(194) Using 8 workers of 8 for evacuation
[2025-12-24T17:33:09.046+0000][gc,phases   ] GC(194)   Pre Evacuate Collection Set: 1.1ms
[2025-12-24T17:33:09.046+0000][gc,phases   ] GC(194)   Merge Heap Roots: 0.2ms
[2025-12-24T17:33:09.046+0000][gc,phases   ] GC(194)   Evacuate Collection Set: 3.3ms
[2025-12-24T17:33:09.046+0000][gc,phases   ] GC(194)   Post Evacuate Collection Set: 1.5ms
[2025-12-24T17:33:09.046+0000][gc,phases   ] GC(194)   Other: 0.3ms
[2025-12-24T17:33:09.046+0000][gc,heap     ] GC(194) Eden regions: 613->0(612)
[2025-12-24T17:33:09.046+0000][gc,heap     ] GC(194) Survivor regions: 1->2(77)
[2025-12-24T17:33:09.046+0000][gc,heap     ] GC(194) Old regions: 64->64
[2025-12-24T17:33:09.046+0000][gc,heap     ] GC(194) Humongous regions: 31->31
[2025-12-24T17:33:09.046+0000][gc,metaspace] GC(194) Metaspace: 12553K(12928K)->12553K(12928K) NonClass: 11446K(11584K)->11446K(11584K) Class: 1107K(1344K)->1107K(1344K)
[2025-12-24T17:33:09.046+0000][gc          ] GC(194) Pause Young (Normal) (G1 Evacuation Pause) 708M->96M(1024M) 7.594ms
[2025-12-24T17:33:09.047+0000][gc,cpu      ] GC(194) User=0.04s Sys=0.00s Real=0.01s
[2025-12-24T17:34:08.912+0000][gc,start    ] GC(195) Pause Young (Normal) (G1 Evacuation Pause)
[2025-12-24T17:34:08.912+0000][gc,task     ] GC(195) Using 8 workers of 8 for evacuation
[2025-12-24T17:34:08.929+0000][gc,phases   ] GC(195)   Pre Evacuate Collection Set: 1.4ms
[2025-12-24T17:34:08.929+0000][gc,phases   ] GC(195)   Merge Heap Roots: 0.3ms
[2025-12-24T17:34:08.930+0000][gc,phases   ] GC(195)   Evacuate Collection Set: 9.5ms
[2025-12-24T17:34:08.930+0000][gc,phases   ] GC(195)   Post Evacuate Collection Set: 5.6ms
[2025-12-24T17:34:08.930+0000][gc,phases   ] GC(195)   Other: 0.2ms
[2025-12-24T17:34:08.930+0000][gc,heap     ] GC(195) Eden regions: 612->0(612)
[2025-12-24T17:34:08.930+0000][gc,heap     ] GC(195) Survivor regions: 2->2(77)
[2025-12-24T17:34:08.930+0000][gc,heap     ] GC(195) Old regions: 64->64
[2025-12-24T17:34:08.930+0000][gc,heap     ] GC(195) Humongous regions: 31->31
[2025-12-24T17:34:08.930+0000][gc,metaspace] GC(195) Metaspace: 12553K(12928K)->12553K(12928K) NonClass: 11446K(11584K)->11446K(11584K) Class: 1107K(1344K)->1107K(1344K)
[2025-12-24T17:34:08.930+0000][gc          ] GC(195) Pause Young (Normal) (G1 Evacuation Pause) 708M->95M(1024M) 18.647ms
[2025-12-24T17:34:08.930+0000][gc,cpu      ] GC(195) User=0.09s Sys=0.00s Real=0.02s
[2025-12-24T17:34:59.400+0000][gc,start    ] GC(196) Pause Young (Normal) (G1 Evacuation Pause)
[2025-12-24T17:34:59.401+0000][gc,task     ] GC(196) Using 8 workers of 8 for evacuation
[2025-12-24T17:34:59.423+0000][gc,phases   ] GC(196)   Pre Evacuate Collection Set: 1.2ms
[2025-12-24T17:34:59.426+0000][gc,phases   ] GC(196)   Merge Heap Roots: 0.4ms
[2025-12-24T17:34:59.427+0000][gc,phases   ] GC(196)   Evacuate Collection Set: 15.5ms
[2025-12-24T17:34:59.427+0000][gc,phases   ] GC(196)   Post Evacuate Collection Set: 5.3ms
[2025-12-24T17:34:59.428+0000][gc,phases   ] GC(196)   Other: 0.5ms
[2025-12-24T17:34:59.428+0000][gc,heap     ] GC(196) Eden regions: 612->0(612)
[2025-12-24T17:34:59.428+0000][gc,heap     ] GC(196) Survivor regions: 2->2(77)
[2025-12-24T17:34:59.428+0000][gc,heap     ] GC(196) Old regions: 64->64
[2025-12-24T17:34:59.429+0000][gc,heap     ] GC(196) Humongous regions: 31->31
[2025-12-24T17:34:59.429+0000][gc,metaspace] GC(196) Metaspace: 12563K(12928K)->12563K(12928K) NonClass: 11456K(11584K)->11456K(11584K) Class: 1107K(1344K)->1107K(1344K)
[2025-12-24T17:34:59.429+0000][gc          ] GC(196) Pause Young (Normal) (G1 Evacuation Pause) 707M->96M(1024M) 29.062ms
[2025-12-24T17:34:59.429+0000][gc,cpu      ] GC(196) User=0.06s Sys=0.00s Real=0.03s
[2025-12-24T17:35:58.555+0000][gc,start    ] GC(197) Pause Young (Normal) (G1 Evacuation Pause)
[2025-12-24T17:35:58.556+0000][gc,task     ] GC(197) Using 8 workers of 8 for evacuation
[2025-12-24T17:35:58.572+0000][gc,phases   ] GC(197)   Pre Evacuate Collection Set: 1.8ms
[2025-12-24T17:35:58.572+0000][gc,phases   ] GC(197)   Merge Heap Roots: 0.3ms
[2025-12-24T17:35:58.572+0000][gc,phases   ] GC(197)   Evacuate Collection Set: 11.6ms
[2025-12-24T17:35:58.572+0000][gc,phases   ] GC(197)   Post Evacuate Collection Set: 1.9ms
[2025-12-24T17:35:58.572+0000][gc,phases   ] GC(197)   Other: 0.5ms
[2025-12-24T17:35:58.572+0000][gc,heap     ] GC(197) Eden regions: 612->0(610)
[2025-12-24T17:35:58.572+0000][gc,heap     ] GC(197) Survivor regions: 2->4(77)
[2025-12-24T17:35:58.572+0000][gc,heap     ] GC(197) Old regions: 64->64
[2025-12-24T17:35:58.572+0000][gc,heap     ] GC(197) Humongous regions: 31->31
[2025-12-24T17:35:58.573+0000][gc,metaspace] GC(197) Metaspace: 12563K(12928K)->12563K(12928K) NonClass: 11456K(11584K)->11456K(11584K) Class: 1107K(1344K)->1107K(1344K)
[2025-12-24T17:35:58.573+0000][gc          ] GC(197) Pause Young (Normal) (G1 Evacuation Pause) 708M->98M(1024M) 17.701ms
[2025-12-24T17:35:58.573+0000][gc,cpu      ] GC(197) User=0.10s Sys=0.01s Real=0.02s
[2025-12-24T17:36:48.997+0000][gc,start    ] GC(198) Pause Young (Normal) (G1 Evacuation Pause)
[2025-12-24T17:36:48.998+0000][gc,task     ] GC(198) Using 8 workers of 8 for evacuation
[2025-12-24T17:36:49.013+0000][gc,phases   ] GC(198)   Pre Evacuate Collection Set: 1.5ms
[2025-12-24T17:36:49.013+0000][gc,phases   ] GC(198)   Merge Heap Roots: 0.3ms
[2025-12-24T17:36:49.014+0000][gc,phases   ] GC(198)   Evacuate Collection Set: 11.4ms
[2025-12-24T17:36:49.014+0000][gc,phases   ] GC(198)   Post Evacuate Collection Set: 1.9ms
[2025-12-24T17:36:49.014+0000][gc,phases   ] GC(198)   Other: 0.4ms
[2025-12-24T17:36:49.014+0000][gc,heap     ] GC(198) Eden regions: 610->0(609)
[2025-12-24T17:36:49.014+0000][gc,heap     ] GC(198) Survivor regions: 4->5(77)
[2025-12-24T17:36:49.014+0000][gc,heap     ] GC(198) Old regions: 64->64
[2025-12-24T17:36:49.014+0000][gc,heap     ] GC(198) Humongous regions: 31->31
[2025-12-24T17:36:49.015+0000][gc,metaspace] GC(198) Metaspace: 12563K(12928K)->12563K(12928K) NonClass: 11456K(11584K)->11456K(11584K) Class: 1107K(1344K)->1107K(1344K)
[2025-12-24T17:36:49.015+0000][gc          ] GC(198) Pause Young (Normal) (G1 Evacuation Pause) 708M->99M(1024M) 17.541ms
[2025-12-24T17:36:49.015+0000][gc,cpu      ] GC(198) User=0.09s Sys=0.01s Real=0.02s
[2025-12-24T17:37:39.177+0000][gc,start    ] GC(199) Pause Young (Normal) (G1 Evacuation Pause)
[2025-12-24T17:37:39.178+0000][gc,task     ] GC(199) Using 8 workers of 8 for evacuation
[2025-12-24T17:37:39.199+0000][gc,phases   ] GC(199)   Pre Evacuate Collection Set: 4.8ms
[2025-12-24T17:37:39.200+0000][gc,phases   ] GC(199)   Merge Heap Roots: 0.9ms
[2025-12-24T17:37:39.200+0000][gc,phases   ] GC(199)   Evacuate Collection Set: 14.5ms
[2025-12-24T17:37:39.200+0000][gc,phases   ] GC(199)   Post Evacuate Collection Set: 1.3ms
[2025-12-24T17:37:39.200+0000][gc,phases   ] GC(199)   Other: 0.2ms
[2025-12-24T17:37:39.200+0000][gc,heap     ] GC(199) Eden regions: 609->0(609)
[2025-12-24T17:37:39.200+0000][gc,heap     ] GC(199) Survivor regions: 5->5(77)
[2025-12-24T17:37:39.200+0000][gc,heap     ] GC(199) Old regions: 64->64
[2025-12-24T17:37:39.200+0000][gc,heap     ] GC(199) Humongous regions: 31->31
[2025-12-24T17:37:39.200+0000][gc,metaspace] GC(199) Metaspace: 12564K(12928K)->12564K(12928K) NonClass: 11457K(11584K)->11457K(11584K) Class: 1107K(1344K)->1107K(1344K)
[2025-12-24T17:37:39.200+0000][gc          ] GC(199) Pause Young (Normal) (G1 Evacuation Pause) 708M->99M(1024M) 23.071ms
[2025-12-24T17:37:39.200+0000][gc,cpu      ] GC(199) User=0.11s Sys=0.01s Real=0.03s
[2025-12-24T17:38:38.931+0000][gc,start    ] GC(200) Pause Young (Normal) (G1 Evacuation Pause)
[2025-12-24T17:38:38.932+0000][gc,task     ] GC(200) Using 8 workers of 8 for evacuation
[2025-12-24T17:38:38.950+0000][gc,phases   ] GC(200)   Pre Evacuate Collection Set: 1.4ms
[2025-12-24T17:38:38.950+0000][gc,phases   ] GC(200)   Merge Heap Roots: 0.3ms
[2025-12-24T17:38:38.950+0000][gc,phases   ] GC(200)   Evacuate Collection Set: 12.3ms
[2025-12-24T17:38:38.950+0000][gc,phases   ] GC(200)   Post Evacuate Collection Set: 3.7ms
[2025-12-24T17:38:38.950+0000][gc,phases   ] GC(200)   Other: 0.2ms
[2025-12-24T17:38:38.951+0000][gc,heap     ] GC(200) Eden regions: 609->0(609)
[2025-12-24T17:38:38.951+0000][gc,heap     ] GC(200) Survivor regions: 5->5(77)
[2025-12-24T17:38:38.951+0000][gc,heap     ] GC(200) Old regions: 64->64
[2025-12-24T17:38:38.951+0000][gc,heap     ] GC(200) Humongous regions: 31->31
[2025-12-24T17:38:38.951+0000][gc,metaspace] GC(200) Metaspace: 12564K(12928K)->12564K(12928K) NonClass: 11457K(11584K)->11457K(11584K) Class: 1107K(1344K)->1107K(1344K)
[2025-12-24T17:38:38.951+0000][gc          ] GC(200) Pause Young (Normal) (G1 Evacuation Pause) 708M->98M(1024M) 19.834ms
[2025-12-24T17:38:38.951+0000][gc,cpu      ] GC(200) User=0.11s Sys=0.00s Real=0.02s
[2025-12-24T17:39:29.052+0000][gc,start    ] GC(201) Pause Young (Normal) (G1 Evacuation Pause)
[2025-12-24T17:39:29.053+0000][gc,task     ] GC(201) Using 8 workers of 8 for evacuation
[2025-12-24T17:39:29.075+0000][gc,phases   ] GC(201)   Pre Evacuate Collection Set: 1.1ms
[2025-12-24T17:39:29.075+0000][gc,phases   ] GC(201)   Merge Heap Roots: 0.3ms
[2025-12-24T17:39:29.075+0000][gc,phases   ] GC(201)   Evacuate Collection Set: 19.4ms
[2025-12-24T17:39:29.075+0000][gc,phases   ] GC(201)   Post Evacuate Collection Set: 1.6ms
[2025-12-24T17:39:29.075+0000][gc,phases   ] GC(201)   Other: 0.3ms
[2025-12-24T17:39:29.076+0000][gc,heap     ] GC(201) Eden regions: 609->0(609)
[2025-12-24T17:39:29.076+0000][gc,heap     ] GC(201) Survivor regions: 5->5(77)
[2025-12-24T17:39:29.076+0000][gc,heap     ] GC(201) Old regions: 64->64
[2025-12-24T17:39:29.076+0000][gc,heap     ] GC(201) Humongous regions: 31->31
[2025-12-24T17:39:29.076+0000][gc,metaspace] GC(201) Metaspace: 12574K(12928K)->12574K(12928K) NonClass: 11462K(11584K)->11462K(11584K) Class: 1112K(1344K)->1112K(1344K)
[2025-12-24T17:39:29.076+0000][gc          ] GC(201) Pause Young (Normal) (G1 Evacuation Pause) 707M->99M(1024M) 23.960ms
[2025-12-24T17:39:29.076+0000][gc,cpu      ] GC(201) User=0.16s Sys=0.01s Real=0.03s
[2025-12-24T17:40:28.815+0000][gc,start    ] GC(202) Pause Young (Normal) (G1 Evacuation Pause)
[2025-12-24T17:40:28.815+0000][gc,task     ] GC(202) Using 8 workers of 8 for evacuation
[2025-12-24T17:40:28.994+0000][gc,phases   ] GC(202)   Pre Evacuate Collection Set: 1.9ms
[2025-12-24T17:40:28.995+0000][gc,phases   ] GC(202)   Merge Heap Roots: 0.3ms
[2025-12-24T17:40:29.002+0000][gc,phases   ] GC(202)   Evacuate Collection Set: 152.3ms
[2025-12-24T17:40:29.003+0000][gc,phases   ] GC(202)   Post Evacuate Collection Set: 22.9ms
[2025-12-24T17:40:29.003+0000][gc,phases   ] GC(202)   Other: 0.4ms
[2025-12-24T17:40:29.003+0000][gc,heap     ] GC(202) Eden regions: 609->0(610)
[2025-12-24T17:40:29.004+0000][gc,heap     ] GC(202) Survivor regions: 5->4(77)
[2025-12-24T17:40:29.004+0000][gc,heap     ] GC(202) Old regions: 64->64
[2025-12-24T17:40:29.005+0000][gc,heap     ] GC(202) Humongous regions: 31->31
[2025-12-24T17:40:29.006+0000][gc,metaspace] GC(202) Metaspace: 12581K(12928K)->12581K(12928K) NonClass: 11469K(11584K)->11469K(11584K) Class: 1112K(1344K)->1112K(1344K)
[2025-12-24T17:40:29.012+0000][gc          ] GC(202) Pause Young (Normal) (G1 Evacuation Pause) 708M->98M(1024M) 197.963ms
[2025-12-24T17:40:29.013+0000][gc,cpu      ] GC(202) User=1.04s Sys=0.10s Real=0.20s
[2025-12-24T17:41:18.981+0000][gc,start    ] GC(203) Pause Young (Normal) (G1 Evacuation Pause)
[2025-12-24T17:41:18.982+0000][gc,task     ] GC(203) Using 8 workers of 8 for evacuation
[2025-12-24T17:41:19.010+0000][gc,phases   ] GC(203)   Pre Evacuate Collection Set: 2.2ms
[2025-12-24T17:41:19.010+0000][gc,phases   ] GC(203)   Merge Heap Roots: 0.3ms
[2025-12-24T17:41:19.010+0000][gc,phases   ] GC(203)   Evacuate Collection Set: 19.7ms
[2025-12-24T17:41:19.010+0000][gc,phases   ] GC(203)   Post Evacuate Collection Set: 4.3ms
[2025-12-24T17:41:19.010+0000][gc,phases   ] GC(203)   Other: 0.9ms
[2025-12-24T17:41:19.010+0000][gc,heap     ] GC(203) Eden regions: 610->0(609)
[2025-12-24T17:41:19.010+0000][gc,heap     ] GC(203) Survivor regions: 4->5(77)
[2025-12-24T17:41:19.010+0000][gc,heap     ] GC(203) Old regions: 64->64
[2025-12-24T17:41:19.011+0000][gc,heap     ] GC(203) Humongous regions: 31->31
[2025-12-24T17:41:19.011+0000][gc,metaspace] GC(203) Metaspace: 12586K(12992K)->12586K(12992K) NonClass: 11474K(11648K)->11474K(11648K) Class: 1112K(1344K)->1112K(1344K)
[2025-12-24T17:41:19.011+0000][gc          ] GC(203) Pause Young (Normal) (G1 Evacuation Pause) 708M->99M(1024M) 29.958ms
[2025-12-24T17:41:19.011+0000][gc,cpu      ] GC(203) User=0.17s Sys=0.01s Real=0.03s
[2025-12-24T17:42:09.127+0000][gc,start    ] GC(204) Pause Young (Normal) (G1 Evacuation Pause)
[2025-12-24T17:42:09.128+0000][gc,task     ] GC(204) Using 8 workers of 8 for evacuation
[2025-12-24T17:42:09.142+0000][gc,phases   ] GC(204)   Pre Evacuate Collection Set: 1.1ms
[2025-12-24T17:42:09.142+0000][gc,phases   ] GC(204)   Merge Heap Roots: 0.3ms
[2025-12-24T17:42:09.143+0000][gc,phases   ] GC(204)   Evacuate Collection Set: 11.2ms
[2025-12-24T17:42:09.143+0000][gc,phases   ] GC(204)   Post Evacuate Collection Set: 1.4ms
[2025-12-24T17:42:09.143+0000][gc,phases   ] GC(204)   Other: 0.3ms
[2025-12-24T17:42:09.143+0000][gc,heap     ] GC(204) Eden regions: 609->0(608)
[2025-12-24T17:42:09.143+0000][gc,heap     ] GC(204) Survivor regions: 5->6(77)
[2025-12-24T17:42:09.143+0000][gc,heap     ] GC(204) Old regions: 64->64
[2025-12-24T17:42:09.143+0000][gc,heap     ] GC(204) Humongous regions: 31->31
[2025-12-24T17:42:09.143+0000][gc,metaspace] GC(204) Metaspace: 12590K(12992K)->12590K(12992K) NonClass: 11478K(11648K)->11478K(11648K) Class: 1112K(1344K)->1112K(1344K)
[2025-12-24T17:42:09.143+0000][gc          ] GC(204) Pause Young (Normal) (G1 Evacuation Pause) 708M->99M(1024M) 15.980ms
[2025-12-24T17:42:09.143+0000][gc,cpu      ] GC(204) User=0.08s Sys=0.00s Real=0.01s
[2025-12-24T17:43:08.921+0000][gc,start    ] GC(205) Pause Young (Normal) (G1 Evacuation Pause)
[2025-12-24T17:43:08.922+0000][gc,task     ] GC(205) Using 8 workers of 8 for evacuation
[2025-12-24T17:43:08.934+0000][gc,phases   ] GC(205)   Pre Evacuate Collection Set: 1.3ms
[2025-12-24T17:43:08.934+0000][gc,phases   ] GC(205)   Merge Heap Roots: 0.5ms
[2025-12-24T17:43:08.934+0000][gc,phases   ] GC(205)   Evacuate Collection Set: 8.5ms
[2025-12-24T17:43:08.934+0000][gc,phases   ] GC(205)   Post Evacuate Collection Set: 1.3ms
[2025-12-24T17:43:08.934+0000][gc,phases   ] GC(205)   Other: 0.3ms
[2025-12-24T17:43:08.934+0000][gc,heap     ] GC(205) Eden regions: 608->0(609)
[2025-12-24T17:43:08.934+0000][gc,heap     ] GC(205) Survivor regions: 6->5(77)
[2025-12-24T17:43:08.934+0000][gc,heap     ] GC(205) Old regions: 64->64
[2025-12-24T17:43:08.934+0000][gc,heap     ] GC(205) Humongous regions: 31->31
[2025-12-24T17:43:08.935+0000][gc,metaspace] GC(205) Metaspace: 12593K(12992K)->12593K(12992K) NonClass: 11481K(11648K)->11481K(11648K) Class: 1112K(1344K)->1112K(1344K)
[2025-12-24T17:43:08.935+0000][gc          ] GC(205) Pause Young (Normal) (G1 Evacuation Pause) 707M->98M(1024M) 13.219ms
[2025-12-24T17:43:08.935+0000][gc,cpu      ] GC(205) User=0.08s Sys=0.00s Real=0.02s
[2025-12-24T17:43:59.040+0000][gc,start    ] GC(206) Pause Young (Normal) (G1 Evacuation Pause)
[2025-12-24T17:43:59.041+0000][gc,task     ] GC(206) Using 8 workers of 8 for evacuation
[2025-12-24T17:43:59.055+0000][gc,phases   ] GC(206)   Pre Evacuate Collection Set: 1.8ms
[2025-12-24T17:43:59.056+0000][gc,phases   ] GC(206)   Merge Heap Roots: 0.4ms
[2025-12-24T17:43:59.056+0000][gc,phases   ] GC(206)   Evacuate Collection Set: 9.6ms
[2025-12-24T17:43:59.056+0000][gc,phases   ] GC(206)   Post Evacuate Collection Set: 2.0ms
[2025-12-24T17:43:59.056+0000][gc,phases   ] GC(206)   Other: 0.8ms
[2025-12-24T17:43:59.056+0000][gc,heap     ] GC(206) Eden regions: 609->0(609)
[2025-12-24T17:43:59.056+0000][gc,heap     ] GC(206) Survivor regions: 5->5(77)
[2025-12-24T17:43:59.056+0000][gc,heap     ] GC(206) Old regions: 64->64
[2025-12-24T17:43:59.056+0000][gc,heap     ] GC(206) Humongous regions: 31->31
[2025-12-24T17:43:59.056+0000][gc,metaspace] GC(206) Metaspace: 12593K(12992K)->12593K(12992K) NonClass: 11481K(11648K)->11481K(11648K) Class: 1112K(1344K)->1112K(1344K)
[2025-12-24T17:43:59.056+0000][gc          ] GC(206) Pause Young (Normal) (G1 Evacuation Pause) 707M->99M(1024M) 16.956ms
[2025-12-24T17:43:59.057+0000][gc,cpu      ] GC(206) User=0.09s Sys=0.00s Real=0.01s
[2025-12-24T17:44:58.784+0000][gc,start    ] GC(207) Pause Young (Normal) (G1 Evacuation Pause)
[2025-12-24T17:44:58.784+0000][gc,task     ] GC(207) Using 8 workers of 8 for evacuation
[2025-12-24T17:44:58.793+0000][gc,phases   ] GC(207)   Pre Evacuate Collection Set: 1.2ms
[2025-12-24T17:44:58.793+0000][gc,phases   ] GC(207)   Merge Heap Roots: 0.3ms
[2025-12-24T17:44:58.793+0000][gc,phases   ] GC(207)   Evacuate Collection Set: 5.6ms
[2025-12-24T17:44:58.793+0000][gc,phases   ] GC(207)   Post Evacuate Collection Set: 1.4ms
[2025-12-24T17:44:58.793+0000][gc,phases   ] GC(207)   Other: 0.3ms
[2025-12-24T17:44:58.793+0000][gc,heap     ] GC(207) Eden regions: 609->0(610)
[2025-12-24T17:44:58.794+0000][gc,heap     ] GC(207) Survivor regions: 5->4(77)
[2025-12-24T17:44:58.794+0000][gc,heap     ] GC(207) Old regions: 64->64
[2025-12-24T17:44:58.794+0000][gc,heap     ] GC(207) Humongous regions: 31->31
[2025-12-24T17:44:58.794+0000][gc,metaspace] GC(207) Metaspace: 12595K(12992K)->12595K(12992K) NonClass: 11483K(11648K)->11483K(11648K) Class: 1112K(1344K)->1112K(1344K)
[2025-12-24T17:44:58.794+0000][gc          ] GC(207) Pause Young (Normal) (G1 Evacuation Pause) 708M->98M(1024M) 9.986ms
[2025-12-24T17:44:58.794+0000][gc,cpu      ] GC(207) User=0.05s Sys=0.01s Real=0.01s
[2025-12-24T17:45:48.967+0000][gc,start    ] GC(208) Pause Young (Normal) (G1 Evacuation Pause)
[2025-12-24T17:45:48.967+0000][gc,task     ] GC(208) Using 8 workers of 8 for evacuation
[2025-12-24T17:45:48.985+0000][gc,phases   ] GC(208)   Pre Evacuate Collection Set: 1.4ms
[2025-12-24T17:45:48.985+0000][gc,phases   ] GC(208)   Merge Heap Roots: 0.3ms
[2025-12-24T17:45:48.985+0000][gc,phases   ] GC(208)   Evacuate Collection Set: 14.2ms
[2025-12-24T17:45:48.985+0000][gc,phases   ] GC(208)   Post Evacuate Collection Set: 1.6ms
[2025-12-24T17:45:48.985+0000][gc,phases   ] GC(208)   Other: 0.2ms
[2025-12-24T17:45:48.985+0000][gc,heap     ] GC(208) Eden regions: 610->0(609)
[2025-12-24T17:45:48.985+0000][gc,heap     ] GC(208) Survivor regions: 4->5(77)
[2025-12-24T17:45:48.985+0000][gc,heap     ] GC(208) Old regions: 64->64
[2025-12-24T17:45:48.985+0000][gc,heap     ] GC(208) Humongous regions: 31->31
[2025-12-24T17:45:48.985+0000][gc,metaspace] GC(208) Metaspace: 12595K(12992K)->12595K(12992K) NonClass: 11483K(11648K)->11483K(11648K) Class: 1112K(1344K)->1112K(1344K)
[2025-12-24T17:45:48.985+0000][gc          ] GC(208) Pause Young (Normal) (G1 Evacuation Pause) 708M->99M(1024M) 18.693ms
[2025-12-24T17:45:48.985+0000][gc,cpu      ] GC(208) User=0.13s Sys=0.00s Real=0.02s
[2025-12-24T17:46:39.152+0000][gc,start    ] GC(209) Pause Young (Normal) (G1 Evacuation Pause)
[2025-12-24T17:46:39.153+0000][gc,task     ] GC(209) Using 8 workers of 8 for evacuation
[2025-12-24T17:46:39.180+0000][gc,phases   ] GC(209)   Pre Evacuate Collection Set: 3.4ms
[2025-12-24T17:46:39.180+0000][gc,phases   ] GC(209)   Merge Heap Roots: 1.1ms
[2025-12-24T17:46:39.181+0000][gc,phases   ] GC(209)   Evacuate Collection Set: 19.6ms
[2025-12-24T17:46:39.181+0000][gc,phases   ] GC(209)   Post Evacuate Collection Set: 2.7ms
[2025-12-24T17:46:39.181+0000][gc,phases   ] GC(209)   Other: 0.5ms
[2025-12-24T17:46:39.181+0000][gc,heap     ] GC(209) Eden regions: 609->0(609)
[2025-12-24T17:46:39.181+0000][gc,heap     ] GC(209) Survivor regions: 5->5(77)
[2025-12-24T17:46:39.181+0000][gc,heap     ] GC(209) Old regions: 64->64
[2025-12-24T17:46:39.181+0000][gc,heap     ] GC(209) Humongous regions: 31->31
[2025-12-24T17:46:39.182+0000][gc,metaspace] GC(209) Metaspace: 12596K(12992K)->12596K(12992K) NonClass: 11484K(11648K)->11484K(11648K) Class: 1112K(1344K)->1112K(1344K)
[2025-12-24T17:46:39.182+0000][gc          ] GC(209) Pause Young (Normal) (G1 Evacuation Pause) 708M->99M(1024M) 30.338ms
[2025-12-24T17:46:39.182+0000][gc,cpu      ] GC(209) User=0.08s Sys=0.00s Real=0.03s
[2025-12-24T17:47:38.906+0000][gc,start    ] GC(210) Pause Young (Normal) (G1 Evacuation Pause)
[2025-12-24T17:47:38.906+0000][gc,task     ] GC(210) Using 8 workers of 8 for evacuation
[2025-12-24T17:47:38.930+0000][gc,phases   ] GC(210)   Pre Evacuate Collection Set: 1.8ms
[2025-12-24T17:47:38.930+0000][gc,phases   ] GC(210)   Merge Heap Roots: 0.5ms
[2025-12-24T17:47:38.930+0000][gc,phases   ] GC(210)   Evacuate Collection Set: 18.8ms
[2025-12-24T17:47:38.930+0000][gc,phases   ] GC(210)   Post Evacuate Collection Set: 2.0ms
[2025-12-24T17:47:38.931+0000][gc,phases   ] GC(210)   Other: 0.5ms
[2025-12-24T17:47:38.931+0000][gc,heap     ] GC(210) Eden regions: 609->0(609)
[2025-12-24T17:47:38.931+0000][gc,heap     ] GC(210) Survivor regions: 5->5(77)
[2025-12-24T17:47:38.931+0000][gc,heap     ] GC(210) Old regions: 64->64
[2025-12-24T17:47:38.931+0000][gc,heap     ] GC(210) Humongous regions: 31->31
[2025-12-24T17:47:38.931+0000][gc,metaspace] GC(210) Metaspace: 12596K(12992K)->12596K(12992K) NonClass: 11484K(11648K)->11484K(11648K) Class: 1112K(1344K)->1112K(1344K)
[2025-12-24T17:47:38.932+0000][gc          ] GC(210) Pause Young (Normal) (G1 Evacuation Pause) 708M->99M(1024M) 25.809ms
[2025-12-24T17:47:38.932+0000][gc,cpu      ] GC(210) User=0.15s Sys=0.00s Real=0.02s
[2025-12-24T17:48:29.003+0000][gc,start    ] GC(211) Pause Young (Normal) (G1 Evacuation Pause)
[2025-12-24T17:48:29.004+0000][gc,task     ] GC(211) Using 8 workers of 8 for evacuation
[2025-12-24T17:48:29.019+0000][gc,phases   ] GC(211)   Pre Evacuate Collection Set: 1.2ms
[2025-12-24T17:48:29.019+0000][gc,phases   ] GC(211)   Merge Heap Roots: 0.4ms
[2025-12-24T17:48:29.019+0000][gc,phases   ] GC(211)   Evacuate Collection Set: 11.0ms
[2025-12-24T17:48:29.019+0000][gc,phases   ] GC(211)   Post Evacuate Collection Set: 1.5ms
[2025-12-24T17:48:29.019+0000][gc,phases   ] GC(211)   Other: 0.3ms
[2025-12-24T17:48:29.019+0000][gc,heap     ] GC(211) Eden regions: 609->0(609)
[2025-12-24T17:48:29.019+0000][gc,heap     ] GC(211) Survivor regions: 5->5(77)
[2025-12-24T17:48:29.019+0000][gc,heap     ] GC(211) Old regions: 64->65
[2025-12-24T17:48:29.019+0000][gc,heap     ] GC(211) Humongous regions: 31->31
[2025-12-24T17:48:29.019+0000][gc,metaspace] GC(211) Metaspace: 12596K(12992K)->12596K(12992K) NonClass: 11484K(11648K)->11484K(11648K) Class: 1112K(1344K)->1112K(1344K)
[2025-12-24T17:48:29.020+0000][gc          ] GC(211) Pause Young (Normal) (G1 Evacuation Pause) 708M->99M(1024M) 16.649ms
[2025-12-24T17:48:29.020+0000][gc,cpu      ] GC(211) User=0.09s Sys=0.01s Real=0.01s
[2025-12-24T17:49:28.776+0000][gc,start    ] GC(212) Pause Young (Normal) (G1 Evacuation Pause)
[2025-12-24T17:49:28.778+0000][gc,task     ] GC(212) Using 8 workers of 8 for evacuation
[2025-12-24T17:49:28.791+0000][gc,phases   ] GC(212)   Pre Evacuate Collection Set: 2.9ms
[2025-12-24T17:49:28.791+0000][gc,phases   ] GC(212)   Merge Heap Roots: 0.8ms
[2025-12-24T17:49:28.791+0000][gc,phases   ] GC(212)   Evacuate Collection Set: 5.2ms
[2025-12-24T17:49:28.791+0000][gc,phases   ] GC(212)   Post Evacuate Collection Set: 3.1ms
[2025-12-24T17:49:28.791+0000][gc,phases   ] GC(212)   Other: 0.4ms
[2025-12-24T17:49:28.791+0000][gc,heap     ] GC(212) Eden regions: 609->0(611)
[2025-12-24T17:49:28.791+0000][gc,heap     ] GC(212) Survivor regions: 5->3(77)
[2025-12-24T17:49:28.791+0000][gc,heap     ] GC(212) Old regions: 65->66
[2025-12-24T17:49:28.791+0000][gc,heap     ] GC(212) Humongous regions: 31->31
[2025-12-24T17:49:28.791+0000][gc,metaspace] GC(212) Metaspace: 12597K(12992K)->12597K(12992K) NonClass: 11484K(11648K)->11484K(11648K) Class: 1112K(1344K)->1112K(1344K)
[2025-12-24T17:49:28.791+0000][gc          ] GC(212) Pause Young (Normal) (G1 Evacuation Pause) 708M->98M(1024M) 15.425ms
[2025-12-24T17:49:28.791+0000][gc,cpu      ] GC(212) User=0.06s Sys=0.00s Real=0.02s
[2025-12-24T17:50:18.933+0000][gc,start    ] GC(213) Pause Young (Normal) (G1 Evacuation Pause)
[2025-12-24T17:50:18.934+0000][gc,task     ] GC(213) Using 8 workers of 8 for evacuation
[2025-12-24T17:50:18.946+0000][gc,phases   ] GC(213)   Pre Evacuate Collection Set: 2.0ms
[2025-12-24T17:50:18.946+0000][gc,phases   ] GC(213)   Merge Heap Roots: 0.3ms
[2025-12-24T17:50:18.946+0000][gc,phases   ] GC(213)   Evacuate Collection Set: 6.4ms
[2025-12-24T17:50:18.946+0000][gc,phases   ] GC(213)   Post Evacuate Collection Set: 2.9ms
[2025-12-24T17:50:18.946+0000][gc,phases   ] GC(213)   Other: 0.4ms
[2025-12-24T17:50:18.946+0000][gc,heap     ] GC(213) Eden regions: 611->0(610)
[2025-12-24T17:50:18.946+0000][gc,heap     ] GC(213) Survivor regions: 3->4(77)
[2025-12-24T17:50:18.946+0000][gc,heap     ] GC(213) Old regions: 66->66
[2025-12-24T17:50:18.946+0000][gc,heap     ] GC(213) Humongous regions: 31->31
[2025-12-24T17:50:18.946+0000][gc,metaspace] GC(213) Metaspace: 12597K(12992K)->12597K(12992K) NonClass: 11484K(11648K)->11484K(11648K) Class: 1112K(1344K)->1112K(1344K)
[2025-12-24T17:50:18.947+0000][gc          ] GC(213) Pause Young (Normal) (G1 Evacuation Pause) 709M->99M(1024M) 13.837ms
[2025-12-24T17:50:18.947+0000][gc,cpu      ] GC(213) User=0.07s Sys=0.00s Real=0.02s
[2025-12-24T17:51:09.108+0000][gc,start    ] GC(214) Pause Young (Normal) (G1 Evacuation Pause)
[2025-12-24T17:51:09.109+0000][gc,task     ] GC(214) Using 8 workers of 8 for evacuation
[2025-12-24T17:51:09.119+0000][gc,phases   ] GC(214)   Pre Evacuate Collection Set: 1.3ms
[2025-12-24T17:51:09.119+0000][gc,phases   ] GC(214)   Merge Heap Roots: 0.2ms
[2025-12-24T17:51:09.119+0000][gc,phases   ] GC(214)   Evacuate Collection Set: 5.1ms
[2025-12-24T17:51:09.119+0000][gc,phases   ] GC(214)   Post Evacuate Collection Set: 3.1ms
[2025-12-24T17:51:09.119+0000][gc,phases   ] GC(214)   Other: 0.3ms
[2025-12-24T17:51:09.120+0000][gc,heap     ] GC(214) Eden regions: 610->0(610)
[2025-12-24T17:51:09.120+0000][gc,heap     ] GC(214) Survivor regions: 4->4(77)
[2025-12-24T17:51:09.120+0000][gc,heap     ] GC(214) Old regions: 66->66
[2025-12-24T17:51:09.120+0000][gc,heap     ] GC(214) Humongous regions: 31->31
[2025-12-24T17:51:09.120+0000][gc,metaspace] GC(214) Metaspace: 12597K(12992K)->12597K(12992K) NonClass: 11484K(11648K)->11484K(11648K) Class: 1112K(1344K)->1112K(1344K)
[2025-12-24T17:51:09.121+0000][gc          ] GC(214) Pause Young (Normal) (G1 Evacuation Pause) 709M->99M(1024M) 12.656ms
[2025-12-24T17:51:09.121+0000][gc,cpu      ] GC(214) User=0.05s Sys=0.00s Real=0.01s
[2025-12-24T17:52:08.854+0000][gc,start    ] GC(215) Pause Young (Normal) (G1 Evacuation Pause)
[2025-12-24T17:52:08.855+0000][gc,task     ] GC(215) Using 8 workers of 8 for evacuation
[2025-12-24T17:52:08.871+0000][gc,phases   ] GC(215)   Pre Evacuate Collection Set: 1.0ms
[2025-12-24T17:52:08.871+0000][gc,phases   ] GC(215)   Merge Heap Roots: 0.2ms
[2025-12-24T17:52:08.871+0000][gc,phases   ] GC(215)   Evacuate Collection Set: 12.6ms
[2025-12-24T17:52:08.871+0000][gc,phases   ] GC(215)   Post Evacuate Collection Set: 2.2ms
[2025-12-24T17:52:08.872+0000][gc,phases   ] GC(215)   Other: 0.2ms
[2025-12-24T17:52:08.872+0000][gc,heap     ] GC(215) Eden regions: 610->0(611)
[2025-12-24T17:52:08.872+0000][gc,heap     ] GC(215) Survivor regions: 4->3(77)
[2025-12-24T17:52:08.872+0000][gc,heap     ] GC(215) Old regions: 66->66
[2025-12-24T17:52:08.872+0000][gc,heap     ] GC(215) Humongous regions: 31->31
[2025-12-24T17:52:08.872+0000][gc,metaspace] GC(215) Metaspace: 12597K(12992K)->12597K(12992K) NonClass: 11484K(11648K)->11484K(11648K) Class: 1112K(1344K)->1112K(1344K)
[2025-12-24T17:52:08.872+0000][gc          ] GC(215) Pause Young (Normal) (G1 Evacuation Pause) 709M->99M(1024M) 17.451ms
[2025-12-24T17:52:08.872+0000][gc,cpu      ] GC(215) User=0.11s Sys=0.00s Real=0.02s
[2025-12-24T17:52:59.011+0000][gc,start    ] GC(216) Pause Young (Normal) (G1 Evacuation Pause)
[2025-12-24T17:52:59.011+0000][gc,task     ] GC(216) Using 8 workers of 8 for evacuation
[2025-12-24T17:52:59.030+0000][gc,phases   ] GC(216)   Pre Evacuate Collection Set: 2.2ms
[2025-12-24T17:52:59.030+0000][gc,phases   ] GC(216)   Merge Heap Roots: 0.3ms
[2025-12-24T17:52:59.030+0000][gc,phases   ] GC(216)   Evacuate Collection Set: 13.7ms
[2025-12-24T17:52:59.030+0000][gc,phases   ] GC(216)   Post Evacuate Collection Set: 1.8ms
[2025-12-24T17:52:59.030+0000][gc,phases   ] GC(216)   Other: 0.4ms
[2025-12-24T17:52:59.030+0000][gc,heap     ] GC(216) Eden regions: 611->0(610)
[2025-12-24T17:52:59.030+0000][gc,heap     ] GC(216) Survivor regions: 3->4(77)
[2025-12-24T17:52:59.030+0000][gc,heap     ] GC(216) Old regions: 66->66
[2025-12-24T17:52:59.030+0000][gc,heap     ] GC(216) Humongous regions: 31->31
[2025-12-24T17:52:59.031+0000][gc,metaspace] GC(216) Metaspace: 12597K(12992K)->12597K(12992K) NonClass: 11485K(11648K)->11485K(11648K) Class: 1112K(1344K)->1112K(1344K)
[2025-12-24T17:52:59.031+0000][gc          ] GC(216) Pause Young (Normal) (G1 Evacuation Pause) 710M->99M(1024M) 19.872ms
[2025-12-24T17:52:59.031+0000][gc,cpu      ] GC(216) User=0.12s Sys=0.01s Real=0.02s
[2025-12-24T17:53:58.818+0000][gc,start    ] GC(217) Pause Young (Normal) (G1 Evacuation Pause)
[2025-12-24T17:53:58.821+0000][gc,task     ] GC(217) Using 8 workers of 8 for evacuation
[2025-12-24T17:53:58.830+0000][gc,phases   ] GC(217)   Pre Evacuate Collection Set: 2.2ms
[2025-12-24T17:53:58.830+0000][gc,phases   ] GC(217)   Merge Heap Roots: 0.3ms
[2025-12-24T17:53:58.830+0000][gc,phases   ] GC(217)   Evacuate Collection Set: 5.3ms
[2025-12-24T17:53:58.830+0000][gc,phases   ] GC(217)   Post Evacuate Collection Set: 1.3ms
[2025-12-24T17:53:58.830+0000][gc,phases   ] GC(217)   Other: 0.8ms
[2025-12-24T17:53:58.830+0000][gc,heap     ] GC(217) Eden regions: 610->0(611)
[2025-12-24T17:53:58.831+0000][gc,heap     ] GC(217) Survivor regions: 4->3(77)
[2025-12-24T17:53:58.831+0000][gc,heap     ] GC(217) Old regions: 66->66
[2025-12-24T17:53:58.831+0000][gc,heap     ] GC(217) Humongous regions: 31->31
[2025-12-24T17:53:58.831+0000][gc,metaspace] GC(217) Metaspace: 12598K(12992K)->12598K(12992K) NonClass: 11486K(11648K)->11486K(11648K) Class: 1112K(1344K)->1112K(1344K)
[2025-12-24T17:53:58.831+0000][gc          ] GC(217) Pause Young (Normal) (G1 Evacuation Pause) 709M->99M(1024M) 12.791ms
[2025-12-24T17:53:58.831+0000][gc,cpu      ] GC(217) User=0.05s Sys=0.00s Real=0.01s
[2025-12-24T17:54:48.936+0000][gc,start    ] GC(218) Pause Young (Normal) (G1 Evacuation Pause)
[2025-12-24T17:54:48.936+0000][gc,task     ] GC(218) Using 8 workers of 8 for evacuation
[2025-12-24T17:54:48.943+0000][gc,phases   ] GC(218)   Pre Evacuate Collection Set: 1.1ms
[2025-12-24T17:54:48.943+0000][gc,phases   ] GC(218)   Merge Heap Roots: 0.2ms
[2025-12-24T17:54:48.943+0000][gc,phases   ] GC(218)   Evacuate Collection Set: 3.8ms
[2025-12-24T17:54:48.943+0000][gc,phases   ] GC(218)   Post Evacuate Collection Set: 1.1ms
[2025-12-24T17:54:48.943+0000][gc,phases   ] GC(218)   Other: 0.3ms
[2025-12-24T17:54:48.943+0000][gc,heap     ] GC(218) Eden regions: 611->0(610)
[2025-12-24T17:54:48.943+0000][gc,heap     ] GC(218) Survivor regions: 3->4(77)
[2025-12-24T17:54:48.943+0000][gc,heap     ] GC(218) Old regions: 66->66
[2025-12-24T17:54:48.943+0000][gc,heap     ] GC(218) Humongous regions: 31->31
[2025-12-24T17:54:48.943+0000][gc,metaspace] GC(218) Metaspace: 12598K(12992K)->12598K(12992K) NonClass: 11486K(11648K)->11486K(11648K) Class: 1112K(1344K)->1112K(1344K)
[2025-12-24T17:54:48.944+0000][gc          ] GC(218) Pause Young (Normal) (G1 Evacuation Pause) 710M->99M(1024M) 7.825ms
[2025-12-24T17:54:48.944+0000][gc,cpu      ] GC(218) User=0.04s Sys=0.00s Real=0.01s
[2025-12-24T17:55:39.117+0000][gc,start    ] GC(219) Pause Young (Normal) (G1 Evacuation Pause)
[2025-12-24T17:55:39.117+0000][gc,task     ] GC(219) Using 8 workers of 8 for evacuation
[2025-12-24T17:55:39.135+0000][gc,phases   ] GC(219)   Pre Evacuate Collection Set: 1.1ms
[2025-12-24T17:55:39.135+0000][gc,phases   ] GC(219)   Merge Heap Roots: 0.2ms
[2025-12-24T17:55:39.135+0000][gc,phases   ] GC(219)   Evacuate Collection Set: 14.3ms
[2025-12-24T17:55:39.135+0000][gc,phases   ] GC(219)   Post Evacuate Collection Set: 1.5ms
[2025-12-24T17:55:39.135+0000][gc,phases   ] GC(219)   Other: 0.3ms
[2025-12-24T17:55:39.135+0000][gc,heap     ] GC(219) Eden regions: 610->0(611)
[2025-12-24T17:55:39.135+0000][gc,heap     ] GC(219) Survivor regions: 4->3(77)
[2025-12-24T17:55:39.135+0000][gc,heap     ] GC(219) Old regions: 66->66
[2025-12-24T17:55:39.135+0000][gc,heap     ] GC(219) Humongous regions: 31->31
[2025-12-24T17:55:39.135+0000][gc,metaspace] GC(219) Metaspace: 12598K(12992K)->12598K(12992K) NonClass: 11486K(11648K)->11486K(11648K) Class: 1112K(1344K)->1112K(1344K)
[2025-12-24T17:55:39.135+0000][gc          ] GC(219) Pause Young (Normal) (G1 Evacuation Pause) 709M->98M(1024M) 18.630ms
[2025-12-24T17:55:39.136+0000][gc,cpu      ] GC(219) User=0.07s Sys=0.00s Real=0.02s
[2025-12-24T17:56:38.866+0000][gc,start    ] GC(220) Pause Young (Normal) (G1 Evacuation Pause)
[2025-12-24T17:56:38.867+0000][gc,task     ] GC(220) Using 8 workers of 8 for evacuation
[2025-12-24T17:56:38.886+0000][gc,phases   ] GC(220)   Pre Evacuate Collection Set: 1.2ms
[2025-12-24T17:56:38.887+0000][gc,phases   ] GC(220)   Merge Heap Roots: 0.2ms
[2025-12-24T17:56:38.887+0000][gc,phases   ] GC(220)   Evacuate Collection Set: 16.1ms
[2025-12-24T17:56:38.887+0000][gc,phases   ] GC(220)   Post Evacuate Collection Set: 1.5ms
[2025-12-24T17:56:38.887+0000][gc,phases   ] GC(220)   Other: 0.4ms
[2025-12-24T17:56:38.887+0000][gc,heap     ] GC(220) Eden regions: 611->0(610)
[2025-12-24T17:56:38.887+0000][gc,heap     ] GC(220) Survivor regions: 3->4(77)
[2025-12-24T17:56:38.887+0000][gc,heap     ] GC(220) Old regions: 66->66
[2025-12-24T17:56:38.887+0000][gc,heap     ] GC(220) Humongous regions: 31->31
[2025-12-24T17:56:38.887+0000][gc,metaspace] GC(220) Metaspace: 12598K(12992K)->12598K(12992K) NonClass: 11486K(11648K)->11486K(11648K) Class: 1112K(1344K)->1112K(1344K)
[2025-12-24T17:56:38.887+0000][gc          ] GC(220) Pause Young (Normal) (G1 Evacuation Pause) 709M->99M(1024M) 20.788ms
[2025-12-24T17:56:38.887+0000][gc,cpu      ] GC(220) User=0.11s Sys=0.01s Real=0.02s
[2025-12-24T17:57:29.013+0000][gc,start    ] GC(221) Pause Young (Normal) (G1 Evacuation Pause)
[2025-12-24T17:57:29.013+0000][gc,task     ] GC(221) Using 8 workers of 8 for evacuation
[2025-12-24T17:57:29.024+0000][gc,phases   ] GC(221)   Pre Evacuate Collection Set: 1.2ms
[2025-12-24T17:57:29.024+0000][gc,phases   ] GC(221)   Merge Heap Roots: 0.2ms
[2025-12-24T17:57:29.024+0000][gc,phases   ] GC(221)   Evacuate Collection Set: 7.7ms
[2025-12-24T17:57:29.024+0000][gc,phases   ] GC(221)   Post Evacuate Collection Set: 1.0ms
[2025-12-24T17:57:29.024+0000][gc,phases   ] GC(221)   Other: 0.3ms
[2025-12-24T17:57:29.024+0000][gc,heap     ] GC(221) Eden regions: 610->0(610)
[2025-12-24T17:57:29.024+0000][gc,heap     ] GC(221) Survivor regions: 4->4(77)
[2025-12-24T17:57:29.024+0000][gc,heap     ] GC(221) Old regions: 66->66
[2025-12-24T17:57:29.024+0000][gc,heap     ] GC(221) Humongous regions: 31->31
[2025-12-24T17:57:29.024+0000][gc,metaspace] GC(221) Metaspace: 12598K(12992K)->12598K(12992K) NonClass: 11486K(11648K)->11486K(11648K) Class: 1112K(1344K)->1112K(1344K)
[2025-12-24T17:57:29.024+0000][gc          ] GC(221) Pause Young (Normal) (G1 Evacuation Pause) 709M->100M(1024M) 11.535ms
[2025-12-24T17:57:29.025+0000][gc,cpu      ] GC(221) User=0.06s Sys=0.00s Real=0.01s
[2025-12-24T17:58:28.816+0000][gc,start    ] GC(222) Pause Young (Normal) (G1 Evacuation Pause)
[2025-12-24T17:58:28.817+0000][gc,task     ] GC(222) Using 8 workers of 8 for evacuation
[2025-12-24T17:58:28.831+0000][gc,phases   ] GC(222)   Pre Evacuate Collection Set: 1.9ms
[2025-12-24T17:58:28.831+0000][gc,phases   ] GC(222)   Merge Heap Roots: 0.2ms
[2025-12-24T17:58:28.831+0000][gc,phases   ] GC(222)   Evacuate Collection Set: 9.0ms
[2025-12-24T17:58:28.831+0000][gc,phases   ] GC(222)   Post Evacuate Collection Set: 2.3ms
[2025-12-24T17:58:28.831+0000][gc,phases   ] GC(222)   Other: 0.3ms
[2025-12-24T17:58:28.831+0000][gc,heap     ] GC(222) Eden regions: 610->0(611)
[2025-12-24T17:58:28.831+0000][gc,heap     ] GC(222) Survivor regions: 4->3(77)
[2025-12-24T17:58:28.831+0000][gc,heap     ] GC(222) Old regions: 66->66
[2025-12-24T17:58:28.831+0000][gc,heap     ] GC(222) Humongous regions: 31->31
[2025-12-24T17:58:28.831+0000][gc,metaspace] GC(222) Metaspace: 12598K(12992K)->12598K(12992K) NonClass: 11486K(11648K)->11486K(11648K) Class: 1112K(1344K)->1112K(1344K)
[2025-12-24T17:58:28.832+0000][gc          ] GC(222) Pause Young (Normal) (G1 Evacuation Pause) 710M->99M(1024M) 15.461ms
[2025-12-24T17:58:28.832+0000][gc,cpu      ] GC(222) User=0.09s Sys=0.00s Real=0.02s
[2025-12-24T17:59:18.932+0000][gc,start    ] GC(223) Pause Young (Normal) (G1 Evacuation Pause)
[2025-12-24T17:59:18.932+0000][gc,task     ] GC(223) Using 8 workers of 8 for evacuation
[2025-12-24T17:59:18.940+0000][gc,phases   ] GC(223)   Pre Evacuate Collection Set: 1.0ms
[2025-12-24T17:59:18.940+0000][gc,phases   ] GC(223)   Merge Heap Roots: 0.2ms
[2025-12-24T17:59:18.941+0000][gc,phases   ] GC(223)   Evacuate Collection Set: 4.1ms
[2025-12-24T17:59:18.941+0000][gc,phases   ] GC(223)   Post Evacuate Collection Set: 2.7ms
[2025-12-24T17:59:18.941+0000][gc,phases   ] GC(223)   Other: 0.3ms
[2025-12-24T17:59:18.941+0000][gc,heap     ] GC(223) Eden regions: 611->0(610)
[2025-12-24T17:59:18.941+0000][gc,heap     ] GC(223) Survivor regions: 3->4(77)
[2025-12-24T17:59:18.941+0000][gc,heap     ] GC(223) Old regions: 66->66
[2025-12-24T17:59:18.941+0000][gc,heap     ] GC(223) Humongous regions: 31->31
[2025-12-24T17:59:18.941+0000][gc,metaspace] GC(223) Metaspace: 12598K(12992K)->12598K(12992K) NonClass: 11486K(11648K)->11486K(11648K) Class: 1112K(1344K)->1112K(1344K)
[2025-12-24T17:59:18.941+0000][gc          ] GC(223) Pause Young (Normal) (G1 Evacuation Pause) 710M->100M(1024M) 9.462ms
[2025-12-24T17:59:18.941+0000][gc,cpu      ] GC(223) User=0.05s Sys=0.00s Real=0.01s
[2025-12-24T18:00:18.723+0000][gc,start    ] GC(224) Pause Young (Normal) (G1 Evacuation Pause)
[2025-12-24T18:00:18.725+0000][gc,task     ] GC(224) Using 8 workers of 8 for evacuation
[2025-12-24T18:00:18.748+0000][gc,phases   ] GC(224)   Pre Evacuate Collection Set: 2.1ms
[2025-12-24T18:00:18.748+0000][gc,phases   ] GC(224)   Merge Heap Roots: 1.2ms
[2025-12-24T18:00:18.748+0000][gc,phases   ] GC(224)   Evacuate Collection Set: 12.6ms
[2025-12-24T18:00:18.748+0000][gc,phases   ] GC(224)   Post Evacuate Collection Set: 6.2ms
[2025-12-24T18:00:18.748+0000][gc,phases   ] GC(224)   Other: 0.6ms
[2025-12-24T18:00:18.748+0000][gc,heap     ] GC(224) Eden regions: 610->0(611)
[2025-12-24T18:00:18.748+0000][gc,heap     ] GC(224) Survivor regions: 4->3(77)
[2025-12-24T18:00:18.749+0000][gc,heap     ] GC(224) Old regions: 66->66
[2025-12-24T18:00:18.749+0000][gc,heap     ] GC(224) Humongous regions: 31->31
[2025-12-24T18:00:18.749+0000][gc,metaspace] GC(224) Metaspace: 12598K(12992K)->12598K(12992K) NonClass: 11486K(11648K)->11486K(11648K) Class: 1112K(1344K)->1112K(1344K)
[2025-12-24T18:00:18.749+0000][gc          ] GC(224) Pause Young (Normal) (G1 Evacuation Pause) 710M->99M(1024M) 25.621ms
[2025-12-24T18:00:18.749+0000][gc,cpu      ] GC(224) User=0.12s Sys=0.00s Real=0.02s
[2025-12-24T18:01:08.888+0000][gc,start    ] GC(225) Pause Young (Normal) (G1 Evacuation Pause)
[2025-12-24T18:01:08.889+0000][gc,task     ] GC(225) Using 8 workers of 8 for evacuation
[2025-12-24T18:01:08.902+0000][gc,phases   ] GC(225)   Pre Evacuate Collection Set: 1.0ms
[2025-12-24T18:01:08.902+0000][gc,phases   ] GC(225)   Merge Heap Roots: 0.2ms
[2025-12-24T18:01:08.902+0000][gc,phases   ] GC(225)   Evacuate Collection Set: 9.3ms
[2025-12-24T18:01:08.902+0000][gc,phases   ] GC(225)   Post Evacuate Collection Set: 2.6ms
[2025-12-24T18:01:08.902+0000][gc,phases   ] GC(225)   Other: 0.3ms
[2025-12-24T18:01:08.902+0000][gc,heap     ] GC(225) Eden regions: 611->0(610)
[2025-12-24T18:01:08.902+0000][gc,heap     ] GC(225) Survivor regions: 3->4(77)
[2025-12-24T18:01:08.902+0000][gc,heap     ] GC(225) Old regions: 66->66
[2025-12-24T18:01:08.902+0000][gc,heap     ] GC(225) Humongous regions: 31->31
[2025-12-24T18:01:08.903+0000][gc,metaspace] GC(225) Metaspace: 12598K(12992K)->12598K(12992K) NonClass: 11486K(11648K)->11486K(11648K) Class: 1112K(1344K)->1112K(1344K)
[2025-12-24T18:01:08.903+0000][gc          ] GC(225) Pause Young (Normal) (G1 Evacuation Pause) 710M->99M(1024M) 14.985ms
[2025-12-24T18:01:08.903+0000][gc,cpu      ] GC(225) User=0.08s Sys=0.01s Real=0.02s
[2025-12-24T18:01:59.009+0000][gc,start    ] GC(226) Pause Young (Normal) (G1 Evacuation Pause)
[2025-12-24T18:01:59.010+0000][gc,task     ] GC(226) Using 8 workers of 8 for evacuation
[2025-12-24T18:01:59.023+0000][gc,phases   ] GC(226)   Pre Evacuate Collection Set: 1.3ms
[2025-12-24T18:01:59.024+0000][gc,phases   ] GC(226)   Merge Heap Roots: 0.2ms
[2025-12-24T18:01:59.024+0000][gc,phases   ] GC(226)   Evacuate Collection Set: 9.6ms
[2025-12-24T18:01:59.024+0000][gc,phases   ] GC(226)   Post Evacuate Collection Set: 2.5ms
[2025-12-24T18:01:59.024+0000][gc,phases   ] GC(226)   Other: 0.4ms
[2025-12-24T18:01:59.024+0000][gc,heap     ] GC(226) Eden regions: 610->0(610)
[2025-12-24T18:01:59.024+0000][gc,heap     ] GC(226) Survivor regions: 4->4(77)
[2025-12-24T18:01:59.024+0000][gc,heap     ] GC(226) Old regions: 66->66
[2025-12-24T18:01:59.024+0000][gc,heap     ] GC(226) Humongous regions: 31->31
[2025-12-24T18:01:59.024+0000][gc,metaspace] GC(226) Metaspace: 12598K(12992K)->12598K(12992K) NonClass: 11486K(11648K)->11486K(11648K) Class: 1112K(1344K)->1112K(1344K)
[2025-12-24T18:01:59.024+0000][gc          ] GC(226) Pause Young (Normal) (G1 Evacuation Pause) 709M->100M(1024M) 15.216ms
[2025-12-24T18:01:59.024+0000][gc,cpu      ] GC(226) User=0.09s Sys=0.00s Real=0.01s
[2025-12-24T18:02:58.883+0000][gc,start    ] GC(227) Pause Young (Normal) (G1 Evacuation Pause)
[2025-12-24T18:02:58.884+0000][gc,task     ] GC(227) Using 8 workers of 8 for evacuation
[2025-12-24T18:02:58.897+0000][gc,phases   ] GC(227)   Pre Evacuate Collection Set: 2.0ms
[2025-12-24T18:02:58.897+0000][gc,phases   ] GC(227)   Merge Heap Roots: 0.2ms
[2025-12-24T18:02:58.897+0000][gc,phases   ] GC(227)   Evacuate Collection Set: 9.7ms
[2025-12-24T18:02:58.897+0000][gc,phases   ] GC(227)   Post Evacuate Collection Set: 1.4ms
[2025-12-24T18:02:58.897+0000][gc,phases   ] GC(227)   Other: 0.6ms
[2025-12-24T18:02:58.897+0000][gc,heap     ] GC(227) Eden regions: 610->0(610)
[2025-12-24T18:02:58.897+0000][gc,heap     ] GC(227) Survivor regions: 4->4(77)
[2025-12-24T18:02:58.897+0000][gc,heap     ] GC(227) Old regions: 66->66
[2025-12-24T18:02:58.897+0000][gc,heap     ] GC(227) Humongous regions: 31->31
[2025-12-24T18:02:58.898+0000][gc,metaspace] GC(227) Metaspace: 12598K(12992K)->12598K(12992K) NonClass: 11486K(11648K)->11486K(11648K) Class: 1112K(1344K)->1112K(1344K)
[2025-12-24T18:02:58.898+0000][gc          ] GC(227) Pause Young (Normal) (G1 Evacuation Pause) 710M->100M(1024M) 15.071ms
[2025-12-24T18:02:58.898+0000][gc,cpu      ] GC(227) User=0.08s Sys=0.01s Real=0.01s
[2025-12-24T18:03:48.939+0000][gc,start    ] GC(228) Pause Young (Normal) (G1 Evacuation Pause)
[2025-12-24T18:03:48.939+0000][gc,task     ] GC(228) Using 8 workers of 8 for evacuation
[2025-12-24T18:03:48.951+0000][gc,phases   ] GC(228)   Pre Evacuate Collection Set: 1.1ms
[2025-12-24T18:03:48.952+0000][gc,phases   ] GC(228)   Merge Heap Roots: 0.3ms
[2025-12-24T18:03:48.952+0000][gc,phases   ] GC(228)   Evacuate Collection Set: 7.1ms
[2025-12-24T18:03:48.952+0000][gc,phases   ] GC(228)   Post Evacuate Collection Set: 3.5ms
[2025-12-24T18:03:48.952+0000][gc,phases   ] GC(228)   Other: 0.4ms
[2025-12-24T18:03:48.952+0000][gc,heap     ] GC(228) Eden regions: 610->0(610)
[2025-12-24T18:03:48.952+0000][gc,heap     ] GC(228) Survivor regions: 4->4(77)
[2025-12-24T18:03:48.952+0000][gc,heap     ] GC(228) Old regions: 66->67
[2025-12-24T18:03:48.952+0000][gc,heap     ] GC(228) Humongous regions: 31->31
[2025-12-24T18:03:48.952+0000][gc,metaspace] GC(228) Metaspace: 12599K(12992K)->12599K(12992K) NonClass: 11487K(11648K)->11487K(11648K) Class: 1112K(1344K)->1112K(1344K)
[2025-12-24T18:03:48.952+0000][gc          ] GC(228) Pause Young (Normal) (G1 Evacuation Pause) 710M->100M(1024M) 13.710ms
[2025-12-24T18:03:48.952+0000][gc,cpu      ] GC(228) User=0.06s Sys=0.02s Real=0.01s
[2025-12-24T18:04:48.696+0000][gc,start    ] GC(229) Pause Young (Normal) (G1 Evacuation Pause)
[2025-12-24T18:04:48.697+0000][gc,task     ] GC(229) Using 8 workers of 8 for evacuation
[2025-12-24T18:04:48.708+0000][gc,phases   ] GC(229)   Pre Evacuate Collection Set: 1.6ms
[2025-12-24T18:04:48.708+0000][gc,phases   ] GC(229)   Merge Heap Roots: 0.3ms
[2025-12-24T18:04:48.708+0000][gc,phases   ] GC(229)   Evacuate Collection Set: 4.6ms
[2025-12-24T18:04:48.708+0000][gc,phases   ] GC(229)   Post Evacuate Collection Set: 3.6ms
[2025-12-24T18:04:48.708+0000][gc,phases   ] GC(229)   Other: 0.5ms
[2025-12-24T18:04:48.708+0000][gc,heap     ] GC(229) Eden regions: 610->0(611)
[2025-12-24T18:04:48.709+0000][gc,heap     ] GC(229) Survivor regions: 4->3(77)
[2025-12-24T18:04:48.709+0000][gc,heap     ] GC(229) Old regions: 67->67
[2025-12-24T18:04:48.709+0000][gc,heap     ] GC(229) Humongous regions: 31->31
[2025-12-24T18:04:48.709+0000][gc,metaspace] GC(229) Metaspace: 12602K(12992K)->12602K(12992K) NonClass: 11490K(11648K)->11490K(11648K) Class: 1112K(1344K)->1112K(1344K)
[2025-12-24T18:04:48.709+0000][gc          ] GC(229) Pause Young (Normal) (G1 Evacuation Pause) 710M->99M(1024M) 12.749ms
[2025-12-24T18:04:48.709+0000][gc,cpu      ] GC(229) User=0.06s Sys=0.00s Real=0.01s
[2025-12-24T18:05:38.856+0000][gc,start    ] GC(230) Pause Young (Normal) (G1 Evacuation Pause)
[2025-12-24T18:05:38.856+0000][gc,task     ] GC(230) Using 8 workers of 8 for evacuation
[2025-12-24T18:05:38.864+0000][gc,phases   ] GC(230)   Pre Evacuate Collection Set: 1.2ms
[2025-12-24T18:05:38.864+0000][gc,phases   ] GC(230)   Merge Heap Roots: 0.2ms
[2025-12-24T18:05:38.864+0000][gc,phases   ] GC(230)   Evacuate Collection Set: 4.7ms
[2025-12-24T18:05:38.864+0000][gc,phases   ] GC(230)   Post Evacuate Collection Set: 1.1ms
[2025-12-24T18:05:38.864+0000][gc,phases   ] GC(230)   Other: 0.2ms
[2025-12-24T18:05:38.864+0000][gc,heap     ] GC(230) Eden regions: 611->0(610)
[2025-12-24T18:05:38.864+0000][gc,heap     ] GC(230) Survivor regions: 3->4(77)
[2025-12-24T18:05:38.864+0000][gc,heap     ] GC(230) Old regions: 67->67
[2025-12-24T18:05:38.864+0000][gc,heap     ] GC(230) Humongous regions: 31->31
[2025-12-24T18:05:38.864+0000][gc,metaspace] GC(230) Metaspace: 12602K(12992K)->12602K(12992K) NonClass: 11490K(11648K)->11490K(11648K) Class: 1112K(1344K)->1112K(1344K)
[2025-12-24T18:05:38.864+0000][gc          ] GC(230) Pause Young (Normal) (G1 Evacuation Pause) 710M->100M(1024M) 8.387ms
[2025-12-24T18:05:38.864+0000][gc,cpu      ] GC(230) User=0.04s Sys=0.00s Real=0.01s
[2025-12-24T18:06:28.986+0000][gc,start    ] GC(231) Pause Young (Normal) (G1 Evacuation Pause)
[2025-12-24T18:06:28.988+0000][gc,task     ] GC(231) Using 8 workers of 8 for evacuation
[2025-12-24T18:06:29.002+0000][gc,phases   ] GC(231)   Pre Evacuate Collection Set: 2.7ms
[2025-12-24T18:06:29.002+0000][gc,phases   ] GC(231)   Merge Heap Roots: 0.6ms
[2025-12-24T18:06:29.002+0000][gc,phases   ] GC(231)   Evacuate Collection Set: 8.9ms
[2025-12-24T18:06:29.002+0000][gc,phases   ] GC(231)   Post Evacuate Collection Set: 1.8ms
[2025-12-24T18:06:29.002+0000][gc,phases   ] GC(231)   Other: 0.4ms
[2025-12-24T18:06:29.003+0000][gc,heap     ] GC(231) Eden regions: 610->0(610)
[2025-12-24T18:06:29.003+0000][gc,heap     ] GC(231) Survivor regions: 4->4(77)
[2025-12-24T18:06:29.003+0000][gc,heap     ] GC(231) Old regions: 67->67
[2025-12-24T18:06:29.003+0000][gc,heap     ] GC(231) Humongous regions: 31->31
[2025-12-24T18:06:29.003+0000][gc,metaspace] GC(231) Metaspace: 12603K(12992K)->12603K(12992K) NonClass: 11490K(11648K)->11490K(11648K) Class: 1112K(1344K)->1112K(1344K)
[2025-12-24T18:06:29.003+0000][gc          ] GC(231) Pause Young (Normal) (G1 Evacuation Pause) 710M->101M(1024M) 16.428ms
[2025-12-24T18:06:29.003+0000][gc,cpu      ] GC(231) User=0.09s Sys=0.00s Real=0.02s
[2025-12-24T18:07:28.778+0000][gc,start    ] GC(232) Pause Young (Normal) (G1 Evacuation Pause)
[2025-12-24T18:07:28.779+0000][gc,task     ] GC(232) Using 8 workers of 8 for evacuation
[2025-12-24T18:07:28.789+0000][gc,phases   ] GC(232)   Pre Evacuate Collection Set: 1.2ms
[2025-12-24T18:07:28.789+0000][gc,phases   ] GC(232)   Merge Heap Roots: 0.2ms
[2025-12-24T18:07:28.789+0000][gc,phases   ] GC(232)   Evacuate Collection Set: 6.7ms
[2025-12-24T18:07:28.789+0000][gc,phases   ] GC(232)   Post Evacuate Collection Set: 1.3ms
[2025-12-24T18:07:28.789+0000][gc,phases   ] GC(232)   Other: 0.3ms
[2025-12-24T18:07:28.789+0000][gc,heap     ] GC(232) Eden regions: 610->0(610)
[2025-12-24T18:07:28.789+0000][gc,heap     ] GC(232) Survivor regions: 4->4(77)
[2025-12-24T18:07:28.789+0000][gc,heap     ] GC(232) Old regions: 67->67
[2025-12-24T18:07:28.789+0000][gc,heap     ] GC(232) Humongous regions: 31->31
[2025-12-24T18:07:28.789+0000][gc,metaspace] GC(232) Metaspace: 12603K(12992K)->12603K(12992K) NonClass: 11490K(11648K)->11490K(11648K) Class: 1112K(1344K)->1112K(1344K)
[2025-12-24T18:07:28.789+0000][gc          ] GC(232) Pause Young (Normal) (G1 Evacuation Pause) 711M->100M(1024M) 11.790ms
[2025-12-24T18:07:28.790+0000][gc,cpu      ] GC(232) User=0.05s Sys=0.00s Real=0.01s
[2025-12-24T18:08:18.930+0000][gc,start    ] GC(233) Pause Young (Normal) (G1 Evacuation Pause)
[2025-12-24T18:08:18.930+0000][gc,task     ] GC(233) Using 8 workers of 8 for evacuation
[2025-12-24T18:08:18.943+0000][gc,phases   ] GC(233)   Pre Evacuate Collection Set: 1.0ms
[2025-12-24T18:08:18.943+0000][gc,phases   ] GC(233)   Merge Heap Roots: 0.2ms
[2025-12-24T18:08:18.943+0000][gc,phases   ] GC(233)   Evacuate Collection Set: 8.0ms
[2025-12-24T18:08:18.943+0000][gc,phases   ] GC(233)   Post Evacuate Collection Set: 2.7ms
[2025-12-24T18:08:18.943+0000][gc,phases   ] GC(233)   Other: 0.4ms
[2025-12-24T18:08:18.943+0000][gc,heap     ] GC(233) Eden regions: 610->0(610)
[2025-12-24T18:08:18.943+0000][gc,heap     ] GC(233) Survivor regions: 4->4(77)
[2025-12-24T18:08:18.944+0000][gc,heap     ] GC(233) Old regions: 67->67
[2025-12-24T18:08:18.944+0000][gc,heap     ] GC(233) Humongous regions: 31->31
[2025-12-24T18:08:18.944+0000][gc,metaspace] GC(233) Metaspace: 12603K(12992K)->12603K(12992K) NonClass: 11490K(11648K)->11490K(11648K) Class: 1112K(1344K)->1112K(1344K)
[2025-12-24T18:08:18.944+0000][gc          ] GC(233) Pause Young (Normal) (G1 Evacuation Pause) 710M->100M(1024M) 14.436ms
[2025-12-24T18:08:18.944+0000][gc,cpu      ] GC(233) User=0.07s Sys=0.00s Real=0.02s
[2025-12-24T18:09:18.712+0000][gc,start    ] GC(234) Pause Young (Normal) (G1 Evacuation Pause)
[2025-12-24T18:09:18.713+0000][gc,task     ] GC(234) Using 8 workers of 8 for evacuation
[2025-12-24T18:09:18.726+0000][gc,phases   ] GC(234)   Pre Evacuate Collection Set: 1.4ms
[2025-12-24T18:09:18.726+0000][gc,phases   ] GC(234)   Merge Heap Roots: 0.4ms
[2025-12-24T18:09:18.726+0000][gc,phases   ] GC(234)   Evacuate Collection Set: 9.6ms
[2025-12-24T18:09:18.726+0000][gc,phases   ] GC(234)   Post Evacuate Collection Set: 1.5ms
[2025-12-24T18:09:18.726+0000][gc,phases   ] GC(234)   Other: 0.5ms
[2025-12-24T18:09:18.726+0000][gc,heap     ] GC(234) Eden regions: 610->0(611)
[2025-12-24T18:09:18.726+0000][gc,heap     ] GC(234) Survivor regions: 4->3(77)
[2025-12-24T18:09:18.726+0000][gc,heap     ] GC(234) Old regions: 67->67
[2025-12-24T18:09:18.726+0000][gc,heap     ] GC(234) Humongous regions: 31->31
[2025-12-24T18:09:18.726+0000][gc,metaspace] GC(234) Metaspace: 12603K(12992K)->12603K(12992K) NonClass: 11490K(11648K)->11490K(11648K) Class: 1112K(1344K)->1112K(1344K)
[2025-12-24T18:09:18.727+0000][gc          ] GC(234) Pause Young (Normal) (G1 Evacuation Pause) 710M->100M(1024M) 14.704ms
[2025-12-24T18:09:18.727+0000][gc,cpu      ] GC(234) User=0.09s Sys=0.00s Real=0.01s
[2025-12-24T18:10:08.965+0000][gc,start    ] GC(235) Pause Young (Normal) (G1 Evacuation Pause)
[2025-12-24T18:10:08.965+0000][gc,task     ] GC(235) Using 8 workers of 8 for evacuation
[2025-12-24T18:10:08.977+0000][gc,phases   ] GC(235)   Pre Evacuate Collection Set: 1.0ms
[2025-12-24T18:10:08.977+0000][gc,phases   ] GC(235)   Merge Heap Roots: 0.2ms
[2025-12-24T18:10:08.977+0000][gc,phases   ] GC(235)   Evacuate Collection Set: 9.4ms
[2025-12-24T18:10:08.977+0000][gc,phases   ] GC(235)   Post Evacuate Collection Set: 1.0ms
[2025-12-24T18:10:08.977+0000][gc,phases   ] GC(235)   Other: 0.2ms
[2025-12-24T18:10:08.978+0000][gc,heap     ] GC(235) Eden regions: 611->0(610)
[2025-12-24T18:10:08.978+0000][gc,heap     ] GC(235) Survivor regions: 3->4(77)
[2025-12-24T18:10:08.978+0000][gc,heap     ] GC(235) Old regions: 67->67
[2025-12-24T18:10:08.978+0000][gc,heap     ] GC(235) Humongous regions: 31->31
[2025-12-24T18:10:08.978+0000][gc,metaspace] GC(235) Metaspace: 12603K(12992K)->12603K(12992K) NonClass: 11490K(11648K)->11490K(11648K) Class: 1112K(1344K)->1112K(1344K)
[2025-12-24T18:10:08.978+0000][gc          ] GC(235) Pause Young (Normal) (G1 Evacuation Pause) 711M->101M(1024M) 12.971ms
[2025-12-24T18:10:08.978+0000][gc,cpu      ] GC(235) User=0.08s Sys=0.00s Real=0.02s
[2025-12-24T18:10:58.996+0000][gc,start    ] GC(236) Pause Young (Normal) (G1 Evacuation Pause)
[2025-12-24T18:10:58.997+0000][gc,task     ] GC(236) Using 8 workers of 8 for evacuation
[2025-12-24T18:10:59.012+0000][gc,phases   ] GC(236)   Pre Evacuate Collection Set: 3.2ms
[2025-12-24T18:10:59.012+0000][gc,phases   ] GC(236)   Merge Heap Roots: 0.6ms
[2025-12-24T18:10:59.012+0000][gc,phases   ] GC(236)   Evacuate Collection Set: 5.9ms
[2025-12-24T18:10:59.012+0000][gc,phases   ] GC(236)   Post Evacuate Collection Set: 4.6ms
[2025-12-24T18:10:59.013+0000][gc,phases   ] GC(236)   Other: 1.1ms
[2025-12-24T18:10:59.013+0000][gc,heap     ] GC(236) Eden regions: 610->0(610)
[2025-12-24T18:10:59.013+0000][gc,heap     ] GC(236) Survivor regions: 4->4(77)
[2025-12-24T18:10:59.013+0000][gc,heap     ] GC(236) Old regions: 67->67
[2025-12-24T18:10:59.013+0000][gc,heap     ] GC(236) Humongous regions: 31->31
[2025-12-24T18:10:59.013+0000][gc,metaspace] GC(236) Metaspace: 12603K(12992K)->12603K(12992K) NonClass: 11490K(11648K)->11490K(11648K) Class: 1112K(1344K)->1112K(1344K)
[2025-12-24T18:10:59.013+0000][gc          ] GC(236) Pause Young (Normal) (G1 Evacuation Pause) 711M->101M(1024M) 17.289ms
[2025-12-24T18:10:59.013+0000][gc,cpu      ] GC(236) User=0.07s Sys=0.00s Real=0.01s
[2025-12-24T18:11:58.754+0000][gc,start    ] GC(237) Pause Young (Normal) (G1 Evacuation Pause)
[2025-12-24T18:11:58.755+0000][gc,task     ] GC(237) Using 8 workers of 8 for evacuation
[2025-12-24T18:11:58.762+0000][gc,phases   ] GC(237)   Pre Evacuate Collection Set: 1.0ms
[2025-12-24T18:11:58.763+0000][gc,phases   ] GC(237)   Merge Heap Roots: 0.2ms
[2025-12-24T18:11:58.763+0000][gc,phases   ] GC(237)   Evacuate Collection Set: 5.0ms
[2025-12-24T18:11:58.763+0000][gc,phases   ] GC(237)   Post Evacuate Collection Set: 1.1ms
[2025-12-24T18:11:58.763+0000][gc,phases   ] GC(237)   Other: 0.3ms
[2025-12-24T18:11:58.763+0000][gc,heap     ] GC(237) Eden regions: 610->0(610)
[2025-12-24T18:11:58.763+0000][gc,heap     ] GC(237) Survivor regions: 4->4(77)
[2025-12-24T18:11:58.763+0000][gc,heap     ] GC(237) Old regions: 67->67
[2025-12-24T18:11:58.763+0000][gc,heap     ] GC(237) Humongous regions: 31->31
[2025-12-24T18:11:58.763+0000][gc,metaspace] GC(237) Metaspace: 12603K(12992K)->12603K(12992K) NonClass: 11490K(11648K)->11490K(11648K) Class: 1112K(1344K)->1112K(1344K)
[2025-12-24T18:11:58.763+0000][gc          ] GC(237) Pause Young (Normal) (G1 Evacuation Pause) 711M->100M(1024M) 8.944ms
[2025-12-24T18:11:58.763+0000][gc,cpu      ] GC(237) User=0.05s Sys=0.00s Real=0.01s
[2025-12-24T18:12:48.926+0000][gc,start    ] GC(238) Pause Young (Normal) (G1 Evacuation Pause)
[2025-12-24T18:12:48.927+0000][gc,task     ] GC(238) Using 8 workers of 8 for evacuation
[2025-12-24T18:12:48.937+0000][gc,phases   ] GC(238)   Pre Evacuate Collection Set: 1.0ms
[2025-12-24T18:12:48.937+0000][gc,phases   ] GC(238)   Merge Heap Roots: 0.2ms
[2025-12-24T18:12:48.937+0000][gc,phases   ] GC(238)   Evacuate Collection Set: 7.4ms
[2025-12-24T18:12:48.937+0000][gc,phases   ] GC(238)   Post Evacuate Collection Set: 1.1ms
[2025-12-24T18:12:48.937+0000][gc,phases   ] GC(238)   Other: 0.3ms
[2025-12-24T18:12:48.937+0000][gc,heap     ] GC(238) Eden regions: 610->0(610)
[2025-12-24T18:12:48.937+0000][gc,heap     ] GC(238) Survivor regions: 4->4(77)
[2025-12-24T18:12:48.937+0000][gc,heap     ] GC(238) Old regions: 67->67
[2025-12-24T18:12:48.937+0000][gc,heap     ] GC(238) Humongous regions: 31->31
[2025-12-24T18:12:48.937+0000][gc,metaspace] GC(238) Metaspace: 12603K(12992K)->12603K(12992K) NonClass: 11490K(11648K)->11490K(11648K) Class: 1112K(1344K)->1112K(1344K)
[2025-12-24T18:12:48.937+0000][gc          ] GC(238) Pause Young (Normal) (G1 Evacuation Pause) 710M->101M(1024M) 11.108ms
[2025-12-24T18:12:48.937+0000][gc,cpu      ] GC(238) User=0.06s Sys=0.00s Real=0.02s
[2025-12-24T18:13:48.698+0000][gc,start    ] GC(239) Pause Young (Normal) (G1 Evacuation Pause)
[2025-12-24T18:13:48.699+0000][gc,task     ] GC(239) Using 8 workers of 8 for evacuation
[2025-12-24T18:13:48.716+0000][gc,phases   ] GC(239)   Pre Evacuate Collection Set: 3.0ms
[2025-12-24T18:13:48.717+0000][gc,phases   ] GC(239)   Merge Heap Roots: 1.1ms
[2025-12-24T18:13:48.717+0000][gc,phases   ] GC(239)   Evacuate Collection Set: 11.7ms
[2025-12-24T18:13:48.717+0000][gc,phases   ] GC(239)   Post Evacuate Collection Set: 1.2ms
[2025-12-24T18:13:48.717+0000][gc,phases   ] GC(239)   Other: 0.3ms
[2025-12-24T18:13:48.717+0000][gc,heap     ] GC(239) Eden regions: 610->0(611)
[2025-12-24T18:13:48.717+0000][gc,heap     ] GC(239) Survivor regions: 4->3(77)
[2025-12-24T18:13:48.717+0000][gc,heap     ] GC(239) Old regions: 67->67
[2025-12-24T18:13:48.717+0000][gc,heap     ] GC(239) Humongous regions: 31->31
[2025-12-24T18:13:48.717+0000][gc,metaspace] GC(239) Metaspace: 12603K(12992K)->12603K(12992K) NonClass: 11490K(11648K)->11490K(11648K) Class: 1112K(1344K)->1112K(1344K)
[2025-12-24T18:13:48.717+0000][gc          ] GC(239) Pause Young (Normal) (G1 Evacuation Pause) 711M->100M(1024M) 18.833ms
[2025-12-24T18:13:48.717+0000][gc,cpu      ] GC(239) User=0.12s Sys=0.00s Real=0.02s
[2025-12-24T18:14:38.832+0000][gc,start    ] GC(240) Pause Young (Normal) (G1 Evacuation Pause)
[2025-12-24T18:14:38.833+0000][gc,task     ] GC(240) Using 8 workers of 8 for evacuation
[2025-12-24T18:14:38.841+0000][gc,phases   ] GC(240)   Pre Evacuate Collection Set: 1.4ms
[2025-12-24T18:14:38.841+0000][gc,phases   ] GC(240)   Merge Heap Roots: 0.2ms
[2025-12-24T18:14:38.841+0000][gc,phases   ] GC(240)   Evacuate Collection Set: 4.6ms
[2025-12-24T18:14:38.841+0000][gc,phases   ] GC(240)   Post Evacuate Collection Set: 1.8ms
[2025-12-24T18:14:38.841+0000][gc,phases   ] GC(240)   Other: 0.2ms
[2025-12-24T18:14:38.841+0000][gc,heap     ] GC(240) Eden regions: 611->0(610)
[2025-12-24T18:14:38.841+0000][gc,heap     ] GC(240) Survivor regions: 3->4(77)
[2025-12-24T18:14:38.841+0000][gc,heap     ] GC(240) Old regions: 67->67
[2025-12-24T18:14:38.841+0000][gc,heap     ] GC(240) Humongous regions: 31->31
[2025-12-24T18:14:38.841+0000][gc,metaspace] GC(240) Metaspace: 12603K(12992K)->12603K(12992K) NonClass: 11491K(11648K)->11491K(11648K) Class: 1112K(1344K)->1112K(1344K)
[2025-12-24T18:14:38.842+0000][gc          ] GC(240) Pause Young (Normal) (G1 Evacuation Pause) 711M->101M(1024M) 9.605ms
[2025-12-24T18:14:38.842+0000][gc,cpu      ] GC(240) User=0.05s Sys=0.00s Real=0.01s
[2025-12-24T18:15:28.997+0000][gc,start    ] GC(241) Pause Young (Normal) (G1 Evacuation Pause)
[2025-12-24T18:15:28.998+0000][gc,task     ] GC(241) Using 8 workers of 8 for evacuation
[2025-12-24T18:15:29.008+0000][gc,phases   ] GC(241)   Pre Evacuate Collection Set: 1.2ms
[2025-12-24T18:15:29.009+0000][gc,phases   ] GC(241)   Merge Heap Roots: 0.3ms
[2025-12-24T18:15:29.009+0000][gc,phases   ] GC(241)   Evacuate Collection Set: 7.4ms
[2025-12-24T18:15:29.009+0000][gc,phases   ] GC(241)   Post Evacuate Collection Set: 1.4ms
[2025-12-24T18:15:29.009+0000][gc,phases   ] GC(241)   Other: 0.3ms
[2025-12-24T18:15:29.009+0000][gc,heap     ] GC(241) Eden regions: 610->0(610)
[2025-12-24T18:15:29.009+0000][gc,heap     ] GC(241) Survivor regions: 4->4(77)
[2025-12-24T18:15:29.009+0000][gc,heap     ] GC(241) Old regions: 67->67
[2025-12-24T18:15:29.009+0000][gc,heap     ] GC(241) Humongous regions: 31->31
[2025-12-24T18:15:29.009+0000][gc,metaspace] GC(241) Metaspace: 12605K(12992K)->12605K(12992K) NonClass: 11493K(11648K)->11493K(11648K) Class: 1112K(1344K)->1112K(1344K)
[2025-12-24T18:15:29.010+0000][gc          ] GC(241) Pause Young (Normal) (G1 Evacuation Pause) 711M->101M(1024M) 12.613ms
[2025-12-24T18:15:29.010+0000][gc,cpu      ] GC(241) User=0.06s Sys=0.00s Real=0.02s
[2025-12-24T18:16:28.773+0000][gc,start    ] GC(242) Pause Young (Normal) (G1 Evacuation Pause)
[2025-12-24T18:16:28.774+0000][gc,task     ] GC(242) Using 8 workers of 8 for evacuation
[2025-12-24T18:16:28.788+0000][gc,phases   ] GC(242)   Pre Evacuate Collection Set: 2.7ms
[2025-12-24T18:16:28.788+0000][gc,phases   ] GC(242)   Merge Heap Roots: 0.4ms
[2025-12-24T18:16:28.788+0000][gc,phases   ] GC(242)   Evacuate Collection Set: 8.7ms
[2025-12-24T18:16:28.788+0000][gc,phases   ] GC(242)   Post Evacuate Collection Set: 1.2ms
[2025-12-24T18:16:28.788+0000][gc,phases   ] GC(242)   Other: 0.7ms
[2025-12-24T18:16:28.788+0000][gc,heap     ] GC(242) Eden regions: 610->0(610)
[2025-12-24T18:16:28.788+0000][gc,heap     ] GC(242) Survivor regions: 4->4(77)
[2025-12-24T18:16:28.788+0000][gc,heap     ] GC(242) Old regions: 67->67
[2025-12-24T18:16:28.788+0000][gc,heap     ] GC(242) Humongous regions: 31->31
[2025-12-24T18:16:28.788+0000][gc,metaspace] GC(242) Metaspace: 12605K(12992K)->12605K(12992K) NonClass: 11493K(11648K)->11493K(11648K) Class: 1112K(1344K)->1112K(1344K)
[2025-12-24T18:16:28.788+0000][gc          ] GC(242) Pause Young (Normal) (G1 Evacuation Pause) 711M->101M(1024M) 14.782ms
[2025-12-24T18:16:28.788+0000][gc,cpu      ] GC(242) User=0.08s Sys=0.00s Real=0.01s
[2025-12-24T18:17:18.948+0000][gc,start    ] GC(243) Pause Young (Normal) (G1 Evacuation Pause)
[2025-12-24T18:17:18.949+0000][gc,task     ] GC(243) Using 8 workers of 8 for evacuation
[2025-12-24T18:17:18.958+0000][gc,phases   ] GC(243)   Pre Evacuate Collection Set: 1.0ms
[2025-12-24T18:17:18.959+0000][gc,phases   ] GC(243)   Merge Heap Roots: 0.2ms
[2025-12-24T18:17:18.959+0000][gc,phases   ] GC(243)   Evacuate Collection Set: 6.3ms
[2025-12-24T18:17:18.959+0000][gc,phases   ] GC(243)   Post Evacuate Collection Set: 2.1ms
[2025-12-24T18:17:18.959+0000][gc,phases   ] GC(243)   Other: 0.3ms
[2025-12-24T18:17:18.959+0000][gc,heap     ] GC(243) Eden regions: 610->0(610)
[2025-12-24T18:17:18.959+0000][gc,heap     ] GC(243) Survivor regions: 4->4(77)
[2025-12-24T18:17:18.959+0000][gc,heap     ] GC(243) Old regions: 67->68
[2025-12-24T18:17:18.959+0000][gc,heap     ] GC(243) Humongous regions: 31->31
[2025-12-24T18:17:18.959+0000][gc,metaspace] GC(243) Metaspace: 12605K(12992K)->12605K(12992K) NonClass: 11493K(11648K)->11493K(11648K) Class: 1112K(1344K)->1112K(1344K)
[2025-12-24T18:17:18.959+0000][gc          ] GC(243) Pause Young (Normal) (G1 Evacuation Pause) 711M->101M(1024M) 11.060ms
[2025-12-24T18:17:18.959+0000][gc,cpu      ] GC(243) User=0.06s Sys=0.01s Real=0.01s
[2025-12-24T18:18:18.703+0000][gc,start    ] GC(244) Pause Young (Normal) (G1 Evacuation Pause)
[2025-12-24T18:18:18.704+0000][gc,task     ] GC(244) Using 8 workers of 8 for evacuation
[2025-12-24T18:18:18.711+0000][gc,phases   ] GC(244)   Pre Evacuate Collection Set: 1.1ms
[2025-12-24T18:18:18.711+0000][gc,phases   ] GC(244)   Merge Heap Roots: 0.2ms
[2025-12-24T18:18:18.711+0000][gc,phases   ] GC(244)   Evacuate Collection Set: 4.3ms
[2025-12-24T18:18:18.711+0000][gc,phases   ] GC(244)   Post Evacuate Collection Set: 1.2ms
[2025-12-24T18:18:18.711+0000][gc,phases   ] GC(244)   Other: 0.3ms
[2025-12-24T18:18:18.711+0000][gc,heap     ] GC(244) Eden regions: 610->0(611)
[2025-12-24T18:18:18.711+0000][gc,heap     ] GC(244) Survivor regions: 4->3(77)
[2025-12-24T18:18:18.711+0000][gc,heap     ] GC(244) Old regions: 68->68
[2025-12-24T18:18:18.711+0000][gc,heap     ] GC(244) Humongous regions: 31->31
[2025-12-24T18:18:18.711+0000][gc,metaspace] GC(244) Metaspace: 12605K(12992K)->12605K(12992K) NonClass: 11493K(11648K)->11493K(11648K) Class: 1112K(1344K)->1112K(1344K)
[2025-12-24T18:18:18.711+0000][gc          ] GC(244) Pause Young (Normal) (G1 Evacuation Pause) 711M->100M(1024M) 8.418ms
[2025-12-24T18:18:18.712+0000][gc,cpu      ] GC(244) User=0.04s Sys=0.01s Real=0.01s
[2025-12-24T18:19:08.977+0000][gc,start    ] GC(245) Pause Young (Normal) (G1 Evacuation Pause)
[2025-12-24T18:19:08.979+0000][gc,task     ] GC(245) Using 8 workers of 8 for evacuation
[2025-12-24T18:19:08.998+0000][gc,phases   ] GC(245)   Pre Evacuate Collection Set: 4.0ms
[2025-12-24T18:19:08.998+0000][gc,phases   ] GC(245)   Merge Heap Roots: 0.4ms
[2025-12-24T18:19:08.998+0000][gc,phases   ] GC(245)   Evacuate Collection Set: 10.0ms
[2025-12-24T18:19:08.998+0000][gc,phases   ] GC(245)   Post Evacuate Collection Set: 3.8ms
[2025-12-24T18:19:08.998+0000][gc,phases   ] GC(245)   Other: 1.0ms
[2025-12-24T18:19:08.999+0000][gc,heap     ] GC(245) Eden regions: 611->0(610)
[2025-12-24T18:19:08.999+0000][gc,heap     ] GC(245) Survivor regions: 3->4(77)
[2025-12-24T18:19:08.999+0000][gc,heap     ] GC(245) Old regions: 68->68
[2025-12-24T18:19:08.999+0000][gc,heap     ] GC(245) Humongous regions: 31->31
[2025-12-24T18:19:08.999+0000][gc,metaspace] GC(245) Metaspace: 12605K(12992K)->12605K(12992K) NonClass: 11493K(11648K)->11493K(11648K) Class: 1112K(1344K)->1112K(1344K)
[2025-12-24T18:19:09.000+0000][gc          ] GC(245) Pause Young (Normal) (G1 Evacuation Pause) 711M->101M(1024M) 23.159ms
[2025-12-24T18:19:09.000+0000][gc,cpu      ] GC(245) User=0.08s Sys=0.01s Real=0.03s
[2025-12-24T18:19:59.035+0000][gc,start    ] GC(246) Pause Young (Normal) (G1 Evacuation Pause)
[2025-12-24T18:19:59.036+0000][gc,task     ] GC(246) Using 8 workers of 8 for evacuation
[2025-12-24T18:19:59.052+0000][gc,phases   ] GC(246)   Pre Evacuate Collection Set: 1.7ms
[2025-12-24T18:19:59.052+0000][gc,phases   ] GC(246)   Merge Heap Roots: 0.6ms
[2025-12-24T18:19:59.052+0000][gc,phases   ] GC(246)   Evacuate Collection Set: 11.2ms
[2025-12-24T18:19:59.052+0000][gc,phases   ] GC(246)   Post Evacuate Collection Set: 2.7ms
[2025-12-24T18:19:59.053+0000][gc,phases   ] GC(246)   Other: 0.6ms
[2025-12-24T18:19:59.053+0000][gc,heap     ] GC(246) Eden regions: 610->0(610)
[2025-12-24T18:19:59.053+0000][gc,heap     ] GC(246) Survivor regions: 4->4(77)
[2025-12-24T18:19:59.053+0000][gc,heap     ] GC(246) Old regions: 68->68
[2025-12-24T18:19:59.053+0000][gc,heap     ] GC(246) Humongous regions: 31->31
[2025-12-24T18:19:59.053+0000][gc,metaspace] GC(246) Metaspace: 12605K(12992K)->12605K(12992K) NonClass: 11493K(11648K)->11493K(11648K) Class: 1112K(1344K)->1112K(1344K)
[2025-12-24T18:19:59.053+0000][gc          ] GC(246) Pause Young (Normal) (G1 Evacuation Pause) 711M->102M(1024M) 17.890ms
[2025-12-24T18:19:59.053+0000][gc,cpu      ] GC(246) User=0.08s Sys=0.01s Real=0.01s
[2025-12-24T18:20:58.795+0000][gc,start    ] GC(247) Pause Young (Normal) (G1 Evacuation Pause)
[2025-12-24T18:20:58.796+0000][gc,task     ] GC(247) Using 8 workers of 8 for evacuation
[2025-12-24T18:20:58.814+0000][gc,phases   ] GC(247)   Pre Evacuate Collection Set: 3.6ms
[2025-12-24T18:20:58.814+0000][gc,phases   ] GC(247)   Merge Heap Roots: 1.1ms
[2025-12-24T18:20:58.815+0000][gc,phases   ] GC(247)   Evacuate Collection Set: 11.6ms
[2025-12-24T18:20:58.815+0000][gc,phases   ] GC(247)   Post Evacuate Collection Set: 1.5ms
[2025-12-24T18:20:58.815+0000][gc,phases   ] GC(247)   Other: 1.0ms
[2025-12-24T18:20:58.815+0000][gc,heap     ] GC(247) Eden regions: 610->0(610)
[2025-12-24T18:20:58.815+0000][gc,heap     ] GC(247) Survivor regions: 4->4(77)
[2025-12-24T18:20:58.815+0000][gc,heap     ] GC(247) Old regions: 68->68
[2025-12-24T18:20:58.815+0000][gc,heap     ] GC(247) Humongous regions: 31->31
[2025-12-24T18:20:58.815+0000][gc,metaspace] GC(247) Metaspace: 12605K(12992K)->12605K(12992K) NonClass: 11493K(11648K)->11493K(11648K) Class: 1112K(1344K)->1112K(1344K)
[2025-12-24T18:20:58.815+0000][gc          ] GC(247) Pause Young (Normal) (G1 Evacuation Pause) 712M->101M(1024M) 20.348ms
[2025-12-24T18:20:58.815+0000][gc,cpu      ] GC(247) User=0.11s Sys=0.00s Real=0.02s
[2025-12-24T18:21:48.922+0000][gc,start    ] GC(248) Pause Young (Normal) (G1 Evacuation Pause)
[2025-12-24T18:21:48.923+0000][gc,task     ] GC(248) Using 8 workers of 8 for evacuation
[2025-12-24T18:21:48.937+0000][gc,phases   ] GC(248)   Pre Evacuate Collection Set: 1.0ms
[2025-12-24T18:21:48.937+0000][gc,phases   ] GC(248)   Merge Heap Roots: 0.2ms
[2025-12-24T18:21:48.937+0000][gc,phases   ] GC(248)   Evacuate Collection Set: 11.6ms
[2025-12-24T18:21:48.937+0000][gc,phases   ] GC(248)   Post Evacuate Collection Set: 1.1ms
[2025-12-24T18:21:48.937+0000][gc,phases   ] GC(248)   Other: 0.3ms
[2025-12-24T18:21:48.937+0000][gc,heap     ] GC(248) Eden regions: 610->0(610)
[2025-12-24T18:21:48.937+0000][gc,heap     ] GC(248) Survivor regions: 4->4(77)
[2025-12-24T18:21:48.937+0000][gc,heap     ] GC(248) Old regions: 68->68
[2025-12-24T18:21:48.937+0000][gc,heap     ] GC(248) Humongous regions: 31->31
[2025-12-24T18:21:48.937+0000][gc,metaspace] GC(248) Metaspace: 12605K(12992K)->12605K(12992K) NonClass: 11493K(11648K)->11493K(11648K) Class: 1112K(1344K)->1112K(1344K)
[2025-12-24T18:21:48.937+0000][gc          ] GC(248) Pause Young (Normal) (G1 Evacuation Pause) 711M->102M(1024M) 14.948ms
[2025-12-24T18:21:48.937+0000][gc,cpu      ] GC(248) User=0.10s Sys=0.01s Real=0.02s
[2025-12-24T18:22:48.692+0000][gc,start    ] GC(249) Pause Young (Normal) (G1 Evacuation Pause)
[2025-12-24T18:22:48.692+0000][gc,task     ] GC(249) Using 8 workers of 8 for evacuation
[2025-12-24T18:22:48.705+0000][gc,phases   ] GC(249)   Pre Evacuate Collection Set: 1.0ms
[2025-12-24T18:22:48.705+0000][gc,phases   ] GC(249)   Merge Heap Roots: 0.2ms
[2025-12-24T18:22:48.705+0000][gc,phases   ] GC(249)   Evacuate Collection Set: 9.5ms
[2025-12-24T18:22:48.705+0000][gc,phases   ] GC(249)   Post Evacuate Collection Set: 1.9ms
[2025-12-24T18:22:48.705+0000][gc,phases   ] GC(249)   Other: 0.2ms
[2025-12-24T18:22:48.705+0000][gc,heap     ] GC(249) Eden regions: 610->0(611)
[2025-12-24T18:22:48.706+0000][gc,heap     ] GC(249) Survivor regions: 4->3(77)
[2025-12-24T18:22:48.706+0000][gc,heap     ] GC(249) Old regions: 68->68
[2025-12-24T18:22:48.706+0000][gc,heap     ] GC(249) Humongous regions: 31->31
[2025-12-24T18:22:48.706+0000][gc,metaspace] GC(249) Metaspace: 12605K(12992K)->12605K(12992K) NonClass: 11493K(11648K)->11493K(11648K) Class: 1112K(1344K)->1112K(1344K)
[2025-12-24T18:22:48.706+0000][gc          ] GC(249) Pause Young (Normal) (G1 Evacuation Pause) 712M->101M(1024M) 13.868ms
[2025-12-24T18:22:48.706+0000][gc,cpu      ] GC(249) User=0.09s Sys=0.01s Real=0.02s
[2025-12-24T18:23:38.859+0000][gc,start    ] GC(250) Pause Young (Normal) (G1 Evacuation Pause)
[2025-12-24T18:23:38.859+0000][gc,task     ] GC(250) Using 8 workers of 8 for evacuation
[2025-12-24T18:23:38.873+0000][gc,phases   ] GC(250)   Pre Evacuate Collection Set: 1.2ms
[2025-12-24T18:23:38.873+0000][gc,phases   ] GC(250)   Merge Heap Roots: 0.3ms
[2025-12-24T18:23:38.873+0000][gc,phases   ] GC(250)   Evacuate Collection Set: 10.1ms
[2025-12-24T18:23:38.873+0000][gc,phases   ] GC(250)   Post Evacuate Collection Set: 1.6ms
[2025-12-24T18:23:38.873+0000][gc,phases   ] GC(250)   Other: 0.4ms
[2025-12-24T18:23:38.873+0000][gc,heap     ] GC(250) Eden regions: 611->0(610)
[2025-12-24T18:23:38.873+0000][gc,heap     ] GC(250) Survivor regions: 3->4(77)
[2025-12-24T18:23:38.873+0000][gc,heap     ] GC(250) Old regions: 68->68
[2025-12-24T18:23:38.873+0000][gc,heap     ] GC(250) Humongous regions: 31->31
[2025-12-24T18:23:38.873+0000][gc,metaspace] GC(250) Metaspace: 12605K(12992K)->12605K(12992K) NonClass: 11493K(11648K)->11493K(11648K) Class: 1112K(1344K)->1112K(1344K)
[2025-12-24T18:23:38.874+0000][gc          ] GC(250) Pause Young (Normal) (G1 Evacuation Pause) 712M->101M(1024M) 14.834ms
[2025-12-24T18:23:38.874+0000][gc,cpu      ] GC(250) User=0.08s Sys=0.00s Real=0.02s
[2025-12-24T18:24:38.593+0000][gc,start    ] GC(251) Pause Young (Normal) (G1 Evacuation Pause)
[2025-12-24T18:24:38.594+0000][gc,task     ] GC(251) Using 8 workers of 8 for evacuation
[2025-12-24T18:24:38.616+0000][gc,phases   ] GC(251)   Pre Evacuate Collection Set: 2.4ms
[2025-12-24T18:24:38.616+0000][gc,phases   ] GC(251)   Merge Heap Roots: 0.4ms
[2025-12-24T18:24:38.616+0000][gc,phases   ] GC(251)   Evacuate Collection Set: 15.9ms
[2025-12-24T18:24:38.616+0000][gc,phases   ] GC(251)   Post Evacuate Collection Set: 2.6ms
[2025-12-24T18:24:38.616+0000][gc,phases   ] GC(251)   Other: 0.6ms
[2025-12-24T18:24:38.617+0000][gc,heap     ] GC(251) Eden regions: 610->0(611)
[2025-12-24T18:24:38.617+0000][gc,heap     ] GC(251) Survivor regions: 4->3(77)
[2025-12-24T18:24:38.617+0000][gc,heap     ] GC(251) Old regions: 68->68
[2025-12-24T18:24:38.617+0000][gc,heap     ] GC(251) Humongous regions: 31->31
[2025-12-24T18:24:38.617+0000][gc,metaspace] GC(251) Metaspace: 12605K(12992K)->12605K(12992K) NonClass: 11493K(11648K)->11493K(11648K) Class: 1112K(1344K)->1112K(1344K)
[2025-12-24T18:24:38.618+0000][gc          ] GC(251) Pause Young (Normal) (G1 Evacuation Pause) 711M->101M(1024M) 24.805ms
[2025-12-24T18:24:38.618+0000][gc,cpu      ] GC(251) User=0.14s Sys=0.01s Real=0.02s
[2025-12-24T18:25:28.841+0000][gc,start    ] GC(252) Pause Young (Normal) (G1 Evacuation Pause)
[2025-12-24T18:25:28.842+0000][gc,task     ] GC(252) Using 8 workers of 8 for evacuation
[2025-12-24T18:25:28.853+0000][gc,phases   ] GC(252)   Pre Evacuate Collection Set: 1.1ms
[2025-12-24T18:25:28.853+0000][gc,phases   ] GC(252)   Merge Heap Roots: 0.2ms
[2025-12-24T18:25:28.853+0000][gc,phases   ] GC(252)   Evacuate Collection Set: 8.2ms
[2025-12-24T18:25:28.853+0000][gc,phases   ] GC(252)   Post Evacuate Collection Set: 1.5ms
[2025-12-24T18:25:28.854+0000][gc,phases   ] GC(252)   Other: 0.4ms
[2025-12-24T18:25:28.854+0000][gc,heap     ] GC(252) Eden regions: 611->0(610)
[2025-12-24T18:25:28.854+0000][gc,heap     ] GC(252) Survivor regions: 3->4(77)
[2025-12-24T18:25:28.854+0000][gc,heap     ] GC(252) Old regions: 68->68
[2025-12-24T18:25:28.854+0000][gc,heap     ] GC(252) Humongous regions: 31->31
[2025-12-24T18:25:28.854+0000][gc,metaspace] GC(252) Metaspace: 12606K(13056K)->12606K(13056K) NonClass: 11494K(11712K)->11494K(11712K) Class: 1112K(1344K)->1112K(1344K)
[2025-12-24T18:25:28.854+0000][gc          ] GC(252) Pause Young (Normal) (G1 Evacuation Pause) 712M->101M(1024M) 13.235ms
[2025-12-24T18:25:28.854+0000][gc,cpu      ] GC(252) User=0.07s Sys=0.00s Real=0.01s
[2025-12-24T18:26:18.915+0000][gc,start    ] GC(253) Pause Young (Normal) (G1 Evacuation Pause)
[2025-12-24T18:26:18.916+0000][gc,task     ] GC(253) Using 8 workers of 8 for evacuation
[2025-12-24T18:26:18.925+0000][gc,phases   ] GC(253)   Pre Evacuate Collection Set: 0.9ms
[2025-12-24T18:26:18.925+0000][gc,phases   ] GC(253)   Merge Heap Roots: 0.2ms
[2025-12-24T18:26:18.925+0000][gc,phases   ] GC(253)   Evacuate Collection Set: 4.1ms
[2025-12-24T18:26:18.925+0000][gc,phases   ] GC(253)   Post Evacuate Collection Set: 2.5ms
[2025-12-24T18:26:18.925+0000][gc,phases   ] GC(253)   Other: 0.4ms
[2025-12-24T18:26:18.925+0000][gc,heap     ] GC(253) Eden regions: 610->0(610)
[2025-12-24T18:26:18.925+0000][gc,heap     ] GC(253) Survivor regions: 4->4(77)
[2025-12-24T18:26:18.925+0000][gc,heap     ] GC(253) Old regions: 68->68
[2025-12-24T18:26:18.925+0000][gc,heap     ] GC(253) Humongous regions: 31->31
[2025-12-24T18:26:18.925+0000][gc,metaspace] GC(253) Metaspace: 12607K(13056K)->12607K(13056K) NonClass: 11495K(11712K)->11495K(11712K) Class: 1112K(1344K)->1112K(1344K)
[2025-12-24T18:26:18.927+0000][gc          ] GC(253) Pause Young (Normal) (G1 Evacuation Pause) 711M->102M(1024M) 12.156ms
[2025-12-24T18:26:18.927+0000][gc,cpu      ] GC(253) User=0.05s Sys=0.00s Real=0.01s
[2025-12-24T18:27:18.702+0000][gc,start    ] GC(254) Pause Young (Normal) (G1 Evacuation Pause)
[2025-12-24T18:27:18.702+0000][gc,task     ] GC(254) Using 8 workers of 8 for evacuation
[2025-12-24T18:27:18.712+0000][gc,phases   ] GC(254)   Pre Evacuate Collection Set: 1.4ms
[2025-12-24T18:27:18.712+0000][gc,phases   ] GC(254)   Merge Heap Roots: 0.2ms
[2025-12-24T18:27:18.713+0000][gc,phases   ] GC(254)   Evacuate Collection Set: 6.2ms
[2025-12-24T18:27:18.713+0000][gc,phases   ] GC(254)   Post Evacuate Collection Set: 2.0ms
[2025-12-24T18:27:18.713+0000][gc,phases   ] GC(254)   Other: 0.3ms
[2025-12-24T18:27:18.713+0000][gc,heap     ] GC(254) Eden regions: 610->0(611)
[2025-12-24T18:27:18.713+0000][gc,heap     ] GC(254) Survivor regions: 4->3(77)
[2025-12-24T18:27:18.713+0000][gc,heap     ] GC(254) Old regions: 68->68
[2025-12-24T18:27:18.713+0000][gc,heap     ] GC(254) Humongous regions: 31->31
[2025-12-24T18:27:18.713+0000][gc,metaspace] GC(254) Metaspace: 12607K(13056K)->12607K(13056K) NonClass: 11495K(11712K)->11495K(11712K) Class: 1112K(1344K)->1112K(1344K)
[2025-12-24T18:27:18.713+0000][gc          ] GC(254) Pause Young (Normal) (G1 Evacuation Pause) 712M->101M(1024M) 11.402ms
[2025-12-24T18:27:18.713+0000][gc,cpu      ] GC(254) User=0.06s Sys=0.01s Real=0.01s
[2025-12-24T18:28:08.883+0000][gc,start    ] GC(255) Pause Young (Normal) (G1 Evacuation Pause)
[2025-12-24T18:28:08.883+0000][gc,task     ] GC(255) Using 8 workers of 8 for evacuation
[2025-12-24T18:28:08.892+0000][gc,phases   ] GC(255)   Pre Evacuate Collection Set: 1.1ms
[2025-12-24T18:28:08.892+0000][gc,phases   ] GC(255)   Merge Heap Roots: 0.2ms
[2025-12-24T18:28:08.892+0000][gc,phases   ] GC(255)   Evacuate Collection Set: 5.4ms
[2025-12-24T18:28:08.892+0000][gc,phases   ] GC(255)   Post Evacuate Collection Set: 1.6ms
[2025-12-24T18:28:08.892+0000][gc,phases   ] GC(255)   Other: 0.3ms
[2025-12-24T18:28:08.892+0000][gc,heap     ] GC(255) Eden regions: 611->0(610)
[2025-12-24T18:28:08.892+0000][gc,heap     ] GC(255) Survivor regions: 3->4(77)
[2025-12-24T18:28:08.892+0000][gc,heap     ] GC(255) Old regions: 68->68
[2025-12-24T18:28:08.893+0000][gc,heap     ] GC(255) Humongous regions: 31->31
[2025-12-24T18:28:08.893+0000][gc,metaspace] GC(255) Metaspace: 12608K(13056K)->12608K(13056K) NonClass: 11496K(11712K)->11496K(11712K) Class: 1112K(1344K)->1112K(1344K)
[2025-12-24T18:28:08.893+0000][gc          ] GC(255) Pause Young (Normal) (G1 Evacuation Pause) 712M->102M(1024M) 10.108ms
[2025-12-24T18:28:08.893+0000][gc,cpu      ] GC(255) User=0.05s Sys=0.00s Real=0.01s
[2025-12-24T18:29:08.605+0000][gc,start    ] GC(256) Pause Young (Normal) (G1 Evacuation Pause)
[2025-12-24T18:29:08.606+0000][gc,task     ] GC(256) Using 8 workers of 8 for evacuation
[2025-12-24T18:29:08.619+0000][gc,phases   ] GC(256)   Pre Evacuate Collection Set: 1.6ms
[2025-12-24T18:29:08.620+0000][gc,phases   ] GC(256)   Merge Heap Roots: 0.3ms
[2025-12-24T18:29:08.620+0000][gc,phases   ] GC(256)   Evacuate Collection Set: 9.5ms
[2025-12-24T18:29:08.620+0000][gc,phases   ] GC(256)   Post Evacuate Collection Set: 1.8ms
[2025-12-24T18:29:08.620+0000][gc,phases   ] GC(256)   Other: 0.4ms
[2025-12-24T18:29:08.620+0000][gc,heap     ] GC(256) Eden regions: 610->0(611)
[2025-12-24T18:29:08.620+0000][gc,heap     ] GC(256) Survivor regions: 4->3(77)
[2025-12-24T18:29:08.620+0000][gc,heap     ] GC(256) Old regions: 68->68
[2025-12-24T18:29:08.620+0000][gc,heap     ] GC(256) Humongous regions: 31->31
[2025-12-24T18:29:08.620+0000][gc,metaspace] GC(256) Metaspace: 12612K(13056K)->12612K(13056K) NonClass: 11500K(11712K)->11500K(11712K) Class: 1112K(1344K)->1112K(1344K)
[2025-12-24T18:29:08.620+0000][gc          ] GC(256) Pause Young (Normal) (G1 Evacuation Pause) 712M->101M(1024M) 15.326ms
[2025-12-24T18:29:08.620+0000][gc,cpu      ] GC(256) User=0.08s Sys=0.00s Real=0.01s
[2025-12-24T18:29:58.804+0000][gc,start    ] GC(257) Pause Young (Normal) (G1 Evacuation Pause)
[2025-12-24T18:29:58.805+0000][gc,task     ] GC(257) Using 8 workers of 8 for evacuation
[2025-12-24T18:29:58.816+0000][gc,phases   ] GC(257)   Pre Evacuate Collection Set: 1.4ms
[2025-12-24T18:29:58.816+0000][gc,phases   ] GC(257)   Merge Heap Roots: 0.2ms
[2025-12-24T18:29:58.816+0000][gc,phases   ] GC(257)   Evacuate Collection Set: 7.9ms
[2025-12-24T18:29:58.816+0000][gc,phases   ] GC(257)   Post Evacuate Collection Set: 1.3ms
[2025-12-24T18:29:58.816+0000][gc,phases   ] GC(257)   Other: 0.3ms
[2025-12-24T18:29:58.816+0000][gc,heap     ] GC(257) Eden regions: 611->0(610)
[2025-12-24T18:29:58.816+0000][gc,heap     ] GC(257) Survivor regions: 3->4(77)
[2025-12-24T18:29:58.816+0000][gc,heap     ] GC(257) Old regions: 68->69
[2025-12-24T18:29:58.816+0000][gc,heap     ] GC(257) Humongous regions: 31->31
[2025-12-24T18:29:58.817+0000][gc,metaspace] GC(257) Metaspace: 12612K(13056K)->12612K(13056K) NonClass: 11500K(11712K)->11500K(11712K) Class: 1112K(1344K)->1112K(1344K)
[2025-12-24T18:29:58.817+0000][gc          ] GC(257) Pause Young (Normal) (G1 Evacuation Pause) 712M->102M(1024M) 12.387ms
[2025-12-24T18:29:58.817+0000][gc,cpu      ] GC(257) User=0.07s Sys=0.01s Real=0.01s
[2025-12-24T18:30:48.886+0000][gc,start    ] GC(258) Pause Young (Normal) (G1 Evacuation Pause)
[2025-12-24T18:30:48.887+0000][gc,task     ] GC(258) Using 8 workers of 8 for evacuation
[2025-12-24T18:30:48.905+0000][gc,phases   ] GC(258)   Pre Evacuate Collection Set: 2.7ms
[2025-12-24T18:30:48.905+0000][gc,phases   ] GC(258)   Merge Heap Roots: 0.5ms
[2025-12-24T18:30:48.905+0000][gc,phases   ] GC(258)   Evacuate Collection Set: 12.6ms
[2025-12-24T18:30:48.906+0000][gc,phases   ] GC(258)   Post Evacuate Collection Set: 1.6ms
[2025-12-24T18:30:48.906+0000][gc,phases   ] GC(258)   Other: 0.3ms
[2025-12-24T18:30:48.906+0000][gc,heap     ] GC(258) Eden regions: 610->0(610)
[2025-12-24T18:30:48.906+0000][gc,heap     ] GC(258) Survivor regions: 4->4(77)
[2025-12-24T18:30:48.906+0000][gc,heap     ] GC(258) Old regions: 69->69
[2025-12-24T18:30:48.906+0000][gc,heap     ] GC(258) Humongous regions: 31->31
[2025-12-24T18:30:48.906+0000][gc,metaspace] GC(258) Metaspace: 12612K(13056K)->12612K(13056K) NonClass: 11500K(11712K)->11500K(11712K) Class: 1112K(1344K)->1112K(1344K)
[2025-12-24T18:30:48.906+0000][gc          ] GC(258) Pause Young (Normal) (G1 Evacuation Pause) 712M->103M(1024M) 19.597ms
[2025-12-24T18:30:48.906+0000][gc,cpu      ] GC(258) User=0.11s Sys=0.00s Real=0.01s
[2025-12-24T18:31:48.691+0000][gc,start    ] GC(259) Pause Young (Normal) (G1 Evacuation Pause)
[2025-12-24T18:31:48.692+0000][gc,task     ] GC(259) Using 8 workers of 8 for evacuation
[2025-12-24T18:31:48.705+0000][gc,phases   ] GC(259)   Pre Evacuate Collection Set: 1.0ms
[2025-12-24T18:31:48.705+0000][gc,phases   ] GC(259)   Merge Heap Roots: 0.2ms
[2025-12-24T18:31:48.705+0000][gc,phases   ] GC(259)   Evacuate Collection Set: 10.0ms
[2025-12-24T18:31:48.705+0000][gc,phases   ] GC(259)   Post Evacuate Collection Set: 1.5ms
[2025-12-24T18:31:48.705+0000][gc,phases   ] GC(259)   Other: 0.3ms
[2025-12-24T18:31:48.705+0000][gc,heap     ] GC(259) Eden regions: 610->0(611)
[2025-12-24T18:31:48.705+0000][gc,heap     ] GC(259) Survivor regions: 4->3(77)
[2025-12-24T18:31:48.705+0000][gc,heap     ] GC(259) Old regions: 69->69
[2025-12-24T18:31:48.706+0000][gc,heap     ] GC(259) Humongous regions: 31->31
[2025-12-24T18:31:48.706+0000][gc,metaspace] GC(259) Metaspace: 12612K(13056K)->12612K(13056K) NonClass: 11500K(11712K)->11500K(11712K) Class: 1112K(1344K)->1112K(1344K)
[2025-12-24T18:31:48.706+0000][gc          ] GC(259) Pause Young (Normal) (G1 Evacuation Pause) 713M->102M(1024M) 14.374ms
[2025-12-24T18:31:48.706+0000][gc,cpu      ] GC(259) User=0.08s Sys=0.00s Real=0.02s
[2025-12-24T18:32:38.793+0000][gc,start    ] GC(260) Pause Young (Normal) (G1 Evacuation Pause)
[2025-12-24T18:32:38.794+0000][gc,task     ] GC(260) Using 8 workers of 8 for evacuation
[2025-12-24T18:32:38.808+0000][gc,phases   ] GC(260)   Pre Evacuate Collection Set: 1.6ms
[2025-12-24T18:32:38.808+0000][gc,phases   ] GC(260)   Merge Heap Roots: 0.2ms
[2025-12-24T18:32:38.808+0000][gc,phases   ] GC(260)   Evacuate Collection Set: 9.6ms
[2025-12-24T18:32:38.808+0000][gc,phases   ] GC(260)   Post Evacuate Collection Set: 2.0ms
[2025-12-24T18:32:38.808+0000][gc,phases   ] GC(260)   Other: 0.5ms
[2025-12-24T18:32:38.808+0000][gc,heap     ] GC(260) Eden regions: 611->0(610)
[2025-12-24T18:32:38.808+0000][gc,heap     ] GC(260) Survivor regions: 3->4(77)
[2025-12-24T18:32:38.808+0000][gc,heap     ] GC(260) Old regions: 69->69
[2025-12-24T18:32:38.808+0000][gc,heap     ] GC(260) Humongous regions: 31->31
[2025-12-24T18:32:38.808+0000][gc,metaspace] GC(260) Metaspace: 12612K(13056K)->12612K(13056K) NonClass: 11500K(11712K)->11500K(11712K) Class: 1112K(1344K)->1112K(1344K)
[2025-12-24T18:32:38.808+0000][gc          ] GC(260) Pause Young (Normal) (G1 Evacuation Pause) 713M->102M(1024M) 15.295ms
[2025-12-24T18:32:38.808+0000][gc,cpu      ] GC(260) User=0.09s Sys=0.00s Real=0.01s
[2025-12-24T18:33:38.621+0000][gc,start    ] GC(261) Pause Young (Normal) (G1 Evacuation Pause)
[2025-12-24T18:33:38.622+0000][gc,task     ] GC(261) Using 8 workers of 8 for evacuation
[2025-12-24T18:33:38.634+0000][gc,phases   ] GC(261)   Pre Evacuate Collection Set: 1.4ms
[2025-12-24T18:33:38.634+0000][gc,phases   ] GC(261)   Merge Heap Roots: 0.3ms
[2025-12-24T18:33:38.634+0000][gc,phases   ] GC(261)   Evacuate Collection Set: 7.9ms
[2025-12-24T18:33:38.634+0000][gc,phases   ] GC(261)   Post Evacuate Collection Set: 1.6ms
[2025-12-24T18:33:38.634+0000][gc,phases   ] GC(261)   Other: 0.4ms
[2025-12-24T18:33:38.634+0000][gc,heap     ] GC(261) Eden regions: 610->0(611)
[2025-12-24T18:33:38.634+0000][gc,heap     ] GC(261) Survivor regions: 4->3(77)
[2025-12-24T18:33:38.634+0000][gc,heap     ] GC(261) Old regions: 69->69
[2025-12-24T18:33:38.634+0000][gc,heap     ] GC(261) Humongous regions: 31->31
[2025-12-24T18:33:38.634+0000][gc,metaspace] GC(261) Metaspace: 12612K(13056K)->12612K(13056K) NonClass: 11500K(11712K)->11500K(11712K) Class: 1112K(1344K)->1112K(1344K)
[2025-12-24T18:33:38.635+0000][gc          ] GC(261) Pause Young (Normal) (G1 Evacuation Pause) 712M->102M(1024M) 13.472ms
[2025-12-24T18:33:38.635+0000][gc,cpu      ] GC(261) User=0.07s Sys=0.00s Real=0.01s
[2025-12-24T18:34:28.825+0000][gc,start    ] GC(262) Pause Young (Normal) (G1 Evacuation Pause)
[2025-12-24T18:34:28.826+0000][gc,task     ] GC(262) Using 8 workers of 8 for evacuation
[2025-12-24T18:34:28.836+0000][gc,phases   ] GC(262)   Pre Evacuate Collection Set: 1.1ms
[2025-12-24T18:34:28.836+0000][gc,phases   ] GC(262)   Merge Heap Roots: 0.2ms
[2025-12-24T18:34:28.836+0000][gc,phases   ] GC(262)   Evacuate Collection Set: 7.0ms
[2025-12-24T18:34:28.836+0000][gc,phases   ] GC(262)   Post Evacuate Collection Set: 1.7ms
[2025-12-24T18:34:28.836+0000][gc,phases   ] GC(262)   Other: 0.2ms
[2025-12-24T18:34:28.836+0000][gc,heap     ] GC(262) Eden regions: 611->0(610)
[2025-12-24T18:34:28.836+0000][gc,heap     ] GC(262) Survivor regions: 3->4(77)
[2025-12-24T18:34:28.836+0000][gc,heap     ] GC(262) Old regions: 69->69
[2025-12-24T18:34:28.836+0000][gc,heap     ] GC(262) Humongous regions: 31->31
[2025-12-24T18:34:28.837+0000][gc,metaspace] GC(262) Metaspace: 12612K(13056K)->12612K(13056K) NonClass: 11500K(11712K)->11500K(11712K) Class: 1112K(1344K)->1112K(1344K)
[2025-12-24T18:34:28.837+0000][gc          ] GC(262) Pause Young (Normal) (G1 Evacuation Pause) 713M->102M(1024M) 11.434ms
[2025-12-24T18:34:28.837+0000][gc,cpu      ] GC(262) User=0.07s Sys=0.01s Real=0.01s
[2025-12-24T18:35:18.949+0000][gc,start    ] GC(263) Pause Young (Normal) (G1 Evacuation Pause)
[2025-12-24T18:35:18.949+0000][gc,task     ] GC(263) Using 8 workers of 8 for evacuation
[2025-12-24T18:35:18.971+0000][gc,phases   ] GC(263)   Pre Evacuate Collection Set: 1.5ms
[2025-12-24T18:35:18.972+0000][gc,phases   ] GC(263)   Merge Heap Roots: 0.5ms
[2025-12-24T18:35:18.972+0000][gc,phases   ] GC(263)   Evacuate Collection Set: 18.2ms
[2025-12-24T18:35:18.972+0000][gc,phases   ] GC(263)   Post Evacuate Collection Set: 1.6ms
[2025-12-24T18:35:18.972+0000][gc,phases   ] GC(263)   Other: 0.4ms
[2025-12-24T18:35:18.972+0000][gc,heap     ] GC(263) Eden regions: 610->0(609)
[2025-12-24T18:35:18.972+0000][gc,heap     ] GC(263) Survivor regions: 4->5(77)
[2025-12-24T18:35:18.972+0000][gc,heap     ] GC(263) Old regions: 69->69
[2025-12-24T18:35:18.972+0000][gc,heap     ] GC(263) Humongous regions: 31->31
[2025-12-24T18:35:18.972+0000][gc,metaspace] GC(263) Metaspace: 12613K(13056K)->12613K(13056K) NonClass: 11501K(11712K)->11501K(11712K) Class: 1112K(1344K)->1112K(1344K)
[2025-12-24T18:35:18.972+0000][gc          ] GC(263) Pause Young (Normal) (G1 Evacuation Pause) 712M->104M(1024M) 23.399ms
[2025-12-24T18:35:18.972+0000][gc,cpu      ] GC(263) User=0.12s Sys=0.00s Real=0.02s
[2025-12-24T18:36:18.708+0000][gc,start    ] GC(264) Pause Young (Normal) (G1 Evacuation Pause)
[2025-12-24T18:36:18.709+0000][gc,task     ] GC(264) Using 8 workers of 8 for evacuation
[2025-12-24T18:36:18.732+0000][gc,phases   ] GC(264)   Pre Evacuate Collection Set: 2.0ms
[2025-12-24T18:36:18.732+0000][gc,phases   ] GC(264)   Merge Heap Roots: 0.4ms
[2025-12-24T18:36:18.732+0000][gc,phases   ] GC(264)   Evacuate Collection Set: 18.6ms
[2025-12-24T18:36:18.733+0000][gc,phases   ] GC(264)   Post Evacuate Collection Set: 2.2ms
[2025-12-24T18:36:18.733+0000][gc,phases   ] GC(264)   Other: 0.8ms
[2025-12-24T18:36:18.733+0000][gc,heap     ] GC(264) Eden regions: 609->0(610)
[2025-12-24T18:36:18.733+0000][gc,heap     ] GC(264) Survivor regions: 5->4(77)
[2025-12-24T18:36:18.733+0000][gc,heap     ] GC(264) Old regions: 69->69
[2025-12-24T18:36:18.733+0000][gc,heap     ] GC(264) Humongous regions: 31->31
[2025-12-24T18:36:18.733+0000][gc,metaspace] GC(264) Metaspace: 12653K(13056K)->12653K(13056K) NonClass: 11535K(11712K)->11535K(11712K) Class: 1118K(1344K)->1118K(1344K)
[2025-12-24T18:36:18.733+0000][gc          ] GC(264) Pause Young (Normal) (G1 Evacuation Pause) 713M->103M(1024M) 25.463ms
[2025-12-24T18:36:18.733+0000][gc,cpu      ] GC(264) User=0.16s Sys=0.00s Real=0.03s
[2025-12-24T18:37:08.835+0000][gc,start    ] GC(265) Pause Young (Normal) (G1 Evacuation Pause)
[2025-12-24T18:37:08.837+0000][gc,task     ] GC(265) Using 8 workers of 8 for evacuation
[2025-12-24T18:37:08.845+0000][gc,phases   ] GC(265)   Pre Evacuate Collection Set: 1.0ms
[2025-12-24T18:37:08.845+0000][gc,phases   ] GC(265)   Merge Heap Roots: 0.2ms
[2025-12-24T18:37:08.845+0000][gc,phases   ] GC(265)   Evacuate Collection Set: 5.6ms
[2025-12-24T18:37:08.845+0000][gc,phases   ] GC(265)   Post Evacuate Collection Set: 1.1ms
[2025-12-24T18:37:08.845+0000][gc,phases   ] GC(265)   Other: 0.2ms
[2025-12-24T18:37:08.845+0000][gc,heap     ] GC(265) Eden regions: 610->0(609)
[2025-12-24T18:37:08.845+0000][gc,heap     ] GC(265) Survivor regions: 4->5(77)
[2025-12-24T18:37:08.845+0000][gc,heap     ] GC(265) Old regions: 69->69
[2025-12-24T18:37:08.845+0000][gc,heap     ] GC(265) Humongous regions: 31->31
[2025-12-24T18:37:08.845+0000][gc,metaspace] GC(265) Metaspace: 12656K(13056K)->12656K(13056K) NonClass: 11537K(11712K)->11537K(11712K) Class: 1118K(1344K)->1118K(1344K)
[2025-12-24T18:37:08.845+0000][gc          ] GC(265) Pause Young (Normal) (G1 Evacuation Pause) 713M->103M(1024M) 10.017ms
[2025-12-24T18:37:08.845+0000][gc,cpu      ] GC(265) User=0.05s Sys=0.00s Real=0.01s
[2025-12-24T18:38:08.662+0000][gc,start    ] GC(266) Pause Young (Normal) (G1 Evacuation Pause)
[2025-12-24T18:38:08.662+0000][gc,task     ] GC(266) Using 8 workers of 8 for evacuation
[2025-12-24T18:38:08.672+0000][gc,phases   ] GC(266)   Pre Evacuate Collection Set: 1.3ms
[2025-12-24T18:38:08.673+0000][gc,phases   ] GC(266)   Merge Heap Roots: 0.3ms
[2025-12-24T18:38:08.673+0000][gc,phases   ] GC(266)   Evacuate Collection Set: 6.9ms
[2025-12-24T18:38:08.673+0000][gc,phases   ] GC(266)   Post Evacuate Collection Set: 1.2ms
[2025-12-24T18:38:08.673+0000][gc,phases   ] GC(266)   Other: 0.3ms
[2025-12-24T18:38:08.673+0000][gc,heap     ] GC(266) Eden regions: 609->0(610)
[2025-12-24T18:38:08.673+0000][gc,heap     ] GC(266) Survivor regions: 5->4(77)
[2025-12-24T18:38:08.673+0000][gc,heap     ] GC(266) Old regions: 69->69
[2025-12-24T18:38:08.673+0000][gc,heap     ] GC(266) Humongous regions: 31->31
[2025-12-24T18:38:08.673+0000][gc,metaspace] GC(266) Metaspace: 12656K(13056K)->12656K(13056K) NonClass: 11537K(11712K)->11537K(11712K) Class: 1118K(1344K)->1118K(1344K)
[2025-12-24T18:38:08.673+0000][gc          ] GC(266) Pause Young (Normal) (G1 Evacuation Pause) 712M->103M(1024M) 11.206ms
[2025-12-24T18:38:08.673+0000][gc,cpu      ] GC(266) User=0.07s Sys=0.00s Real=0.01s
[2025-12-24T18:38:58.824+0000][gc,start    ] GC(267) Pause Young (Normal) (G1 Evacuation Pause)
[2025-12-24T18:38:58.825+0000][gc,task     ] GC(267) Using 8 workers of 8 for evacuation
[2025-12-24T18:38:58.846+0000][gc,phases   ] GC(267)   Pre Evacuate Collection Set: 1.3ms
[2025-12-24T18:38:58.846+0000][gc,phases   ] GC(267)   Merge Heap Roots: 0.2ms
[2025-12-24T18:38:58.846+0000][gc,phases   ] GC(267)   Evacuate Collection Set: 13.8ms
[2025-12-24T18:38:58.846+0000][gc,phases   ] GC(267)   Post Evacuate Collection Set: 5.1ms
[2025-12-24T18:38:58.847+0000][gc,phases   ] GC(267)   Other: 0.6ms
[2025-12-24T18:38:58.847+0000][gc,heap     ] GC(267) Eden regions: 610->0(609)
[2025-12-24T18:38:58.847+0000][gc,heap     ] GC(267) Survivor regions: 4->5(77)
[2025-12-24T18:38:58.847+0000][gc,heap     ] GC(267) Old regions: 69->69
[2025-12-24T18:38:58.847+0000][gc,heap     ] GC(267) Humongous regions: 40->40
[2025-12-24T18:38:58.847+0000][gc,metaspace] GC(267) Metaspace: 12671K(13056K)->12671K(13056K) NonClass: 11552K(11712K)->11552K(11712K) Class: 1118K(1344K)->1118K(1344K)
[2025-12-24T18:38:58.847+0000][gc          ] GC(267) Pause Young (Normal) (G1 Evacuation Pause) 722M->113M(1024M) 23.348ms
[2025-12-24T18:38:58.847+0000][gc,cpu      ] GC(267) User=0.13s Sys=0.01s Real=0.02s
[2025-12-24T18:39:58.601+0000][gc,start    ] GC(268) Pause Young (Normal) (G1 Evacuation Pause)
[2025-12-24T18:39:58.601+0000][gc,task     ] GC(268) Using 8 workers of 8 for evacuation
[2025-12-24T18:39:58.621+0000][gc,phases   ] GC(268)   Pre Evacuate Collection Set: 1.3ms
[2025-12-24T18:39:58.621+0000][gc,phases   ] GC(268)   Merge Heap Roots: 0.2ms
[2025-12-24T18:39:58.621+0000][gc,phases   ] GC(268)   Evacuate Collection Set: 16.1ms
[2025-12-24T18:39:58.621+0000][gc,phases   ] GC(268)   Post Evacuate Collection Set: 1.8ms
[2025-12-24T18:39:58.621+0000][gc,phases   ] GC(268)   Other: 0.3ms
[2025-12-24T18:39:58.621+0000][gc,heap     ] GC(268) Eden regions: 609->0(610)
[2025-12-24T18:39:58.621+0000][gc,heap     ] GC(268) Survivor regions: 5->4(77)
[2025-12-24T18:39:58.621+0000][gc,heap     ] GC(268) Old regions: 69->69
[2025-12-24T18:39:58.621+0000][gc,heap     ] GC(268) Humongous regions: 40->40
[2025-12-24T18:39:58.621+0000][gc,metaspace] GC(268) Metaspace: 12680K(13056K)->12680K(13056K) NonClass: 11557K(11712K)->11557K(11712K) Class: 1123K(1344K)->1123K(1344K)
[2025-12-24T18:39:58.622+0000][gc          ] GC(268) Pause Young (Normal) (G1 Evacuation Pause) 722M->112M(1024M) 20.929ms
[2025-12-24T18:39:58.622+0000][gc,cpu      ] GC(268) User=0.12s Sys=0.00s Real=0.02s
[2025-12-24T18:40:48.773+0000][gc,start    ] GC(269) Pause Young (Normal) (G1 Evacuation Pause)
[2025-12-24T18:40:48.774+0000][gc,task     ] GC(269) Using 8 workers of 8 for evacuation
[2025-12-24T18:40:48.787+0000][gc,phases   ] GC(269)   Pre Evacuate Collection Set: 1.1ms
[2025-12-24T18:40:48.787+0000][gc,phases   ] GC(269)   Merge Heap Roots: 0.3ms
[2025-12-24T18:40:48.787+0000][gc,phases   ] GC(269)   Evacuate Collection Set: 9.7ms
[2025-12-24T18:40:48.787+0000][gc,phases   ] GC(269)   Post Evacuate Collection Set: 1.1ms
[2025-12-24T18:40:48.787+0000][gc,phases   ] GC(269)   Other: 0.3ms
[2025-12-24T18:40:48.787+0000][gc,heap     ] GC(269) Eden regions: 610->0(610)
[2025-12-24T18:40:48.787+0000][gc,heap     ] GC(269) Survivor regions: 4->4(77)
[2025-12-24T18:40:48.787+0000][gc,heap     ] GC(269) Old regions: 69->69
[2025-12-24T18:40:48.787+0000][gc,heap     ] GC(269) Humongous regions: 40->40
[2025-12-24T18:40:48.787+0000][gc,metaspace] GC(269) Metaspace: 12682K(13056K)->12682K(13056K) NonClass: 11558K(11712K)->11558K(11712K) Class: 1123K(1344K)->1123K(1344K)
[2025-12-24T18:40:48.787+0000][gc          ] GC(269) Pause Young (Normal) (G1 Evacuation Pause) 722M->112M(1024M) 14.410ms
[2025-12-24T18:40:48.787+0000][gc,cpu      ] GC(269) User=0.08s Sys=0.00s Real=0.02s
[2025-12-24T18:41:48.588+0000][gc,start    ] GC(270) Pause Young (Normal) (G1 Evacuation Pause)
[2025-12-24T18:41:48.589+0000][gc,task     ] GC(270) Using 8 workers of 8 for evacuation
[2025-12-24T18:41:48.612+0000][gc,phases   ] GC(270)   Pre Evacuate Collection Set: 2.2ms
[2025-12-24T18:41:48.612+0000][gc,phases   ] GC(270)   Merge Heap Roots: 0.3ms
[2025-12-24T18:41:48.612+0000][gc,phases   ] GC(270)   Evacuate Collection Set: 18.0ms
[2025-12-24T18:41:48.612+0000][gc,phases   ] GC(270)   Post Evacuate Collection Set: 1.8ms
[2025-12-24T18:41:48.613+0000][gc,phases   ] GC(270)   Other: 0.5ms
[2025-12-24T18:41:48.613+0000][gc,heap     ] GC(270) Eden regions: 610->0(610)
[2025-12-24T18:41:48.613+0000][gc,heap     ] GC(270) Survivor regions: 4->4(77)
[2025-12-24T18:41:48.613+0000][gc,heap     ] GC(270) Old regions: 69->69
[2025-12-24T18:41:48.613+0000][gc,heap     ] GC(270) Humongous regions: 40->40
[2025-12-24T18:41:48.613+0000][gc,metaspace] GC(270) Metaspace: 12684K(13056K)->12684K(13056K) NonClass: 11561K(11712K)->11561K(11712K) Class: 1123K(1344K)->1123K(1344K)
[2025-12-24T18:41:48.613+0000][gc          ] GC(270) Pause Young (Normal) (G1 Evacuation Pause) 722M->112M(1024M) 24.651ms
[2025-12-24T18:41:48.613+0000][gc,cpu      ] GC(270) User=0.14s Sys=0.00s Real=0.03s
[2025-12-24T18:42:38.749+0000][gc,start    ] GC(271) Pause Young (Normal) (G1 Evacuation Pause)
[2025-12-24T18:42:38.750+0000][gc,task     ] GC(271) Using 8 workers of 8 for evacuation
[2025-12-24T18:42:38.757+0000][gc,phases   ] GC(271)   Pre Evacuate Collection Set: 1.1ms
[2025-12-24T18:42:38.758+0000][gc,phases   ] GC(271)   Merge Heap Roots: 0.2ms
[2025-12-24T18:42:38.758+0000][gc,phases   ] GC(271)   Evacuate Collection Set: 5.1ms
[2025-12-24T18:42:38.758+0000][gc,phases   ] GC(271)   Post Evacuate Collection Set: 1.1ms
[2025-12-24T18:42:38.758+0000][gc,phases   ] GC(271)   Other: 0.3ms
[2025-12-24T18:42:38.758+0000][gc,heap     ] GC(271) Eden regions: 610->0(610)
[2025-12-24T18:42:38.758+0000][gc,heap     ] GC(271) Survivor regions: 4->4(77)
[2025-12-24T18:42:38.758+0000][gc,heap     ] GC(271) Old regions: 69->70
[2025-12-24T18:42:38.758+0000][gc,heap     ] GC(271) Humongous regions: 40->40
[2025-12-24T18:42:38.758+0000][gc,metaspace] GC(271) Metaspace: 12684K(13056K)->12684K(13056K) NonClass: 11561K(11712K)->11561K(11712K) Class: 1123K(1344K)->1123K(1344K)
[2025-12-24T18:42:38.758+0000][gc          ] GC(271) Pause Young (Normal) (G1 Evacuation Pause) 722M->112M(1024M) 9.166ms
[2025-12-24T18:42:38.758+0000][gc,cpu      ] GC(271) User=0.04s Sys=0.00s Real=0.01s
[2025-12-24T18:42:58.605+0000][gc,start    ] GC(272) Pause Young (Concurrent Start) (CodeCache GC Threshold)
[2025-12-24T18:42:58.606+0000][gc,task     ] GC(272) Using 8 workers of 8 for evacuation
[2025-12-24T18:42:58.623+0000][gc,phases   ] GC(272)   Pre Evacuate Collection Set: 5.8ms
[2025-12-24T18:42:58.623+0000][gc,phases   ] GC(272)   Merge Heap Roots: 0.2ms
[2025-12-24T18:42:58.623+0000][gc,phases   ] GC(272)   Evacuate Collection Set: 9.6ms
[2025-12-24T18:42:58.623+0000][gc,phases   ] GC(272)   Post Evacuate Collection Set: 0.9ms
[2025-12-24T18:42:58.623+0000][gc,phases   ] GC(272)   Other: 0.6ms
[2025-12-24T18:42:58.623+0000][gc,heap     ] GC(272) Eden regions: 179->0(610)
[2025-12-24T18:42:58.623+0000][gc,heap     ] GC(272) Survivor regions: 4->4(77)
[2025-12-24T18:42:58.623+0000][gc,heap     ] GC(272) Old regions: 70->70
[2025-12-24T18:42:58.623+0000][gc,heap     ] GC(272) Humongous regions: 40->40
[2025-12-24T18:42:58.623+0000][gc,metaspace] GC(272) Metaspace: 12684K(13056K)->12684K(13056K) NonClass: 11561K(11712K)->11561K(11712K) Class: 1123K(1344K)->1123K(1344K)
[2025-12-24T18:42:58.623+0000][gc          ] GC(272) Pause Young (Concurrent Start) (CodeCache GC Threshold) 291M->112M(1024M) 18.252ms
[2025-12-24T18:42:58.624+0000][gc,cpu      ] GC(272) User=0.08s Sys=0.00s Real=0.02s
[2025-12-24T18:42:58.624+0000][gc          ] GC(273) Concurrent Mark Cycle
[2025-12-24T18:42:58.627+0000][gc,marking  ] GC(273) Concurrent Scan Root Regions
[2025-12-24T18:42:58.632+0000][gc,marking  ] GC(273) Concurrent Scan Root Regions 4.966ms
[2025-12-24T18:42:58.632+0000][gc,marking  ] GC(273) Concurrent Mark
[2025-12-24T18:42:58.632+0000][gc,marking  ] GC(273) Concurrent Mark From Roots
[2025-12-24T18:42:58.632+0000][gc,task     ] GC(273) Using 2 workers of 2 for marking
[2025-12-24T18:42:58.732+0000][gc,marking  ] GC(273) Concurrent Mark From Roots 99.766ms
[2025-12-24T18:42:58.732+0000][gc,marking  ] GC(273) Concurrent Preclean
[2025-12-24T18:42:58.733+0000][gc,marking  ] GC(273) Concurrent Preclean 0.251ms
[2025-12-24T18:42:58.733+0000][gc,start    ] GC(273) Pause Remark
[2025-12-24T18:42:58.864+0000][gc          ] GC(273) Pause Remark 139M->126M(1024M) 131.115ms
[2025-12-24T18:42:58.865+0000][gc,cpu      ] GC(273) User=0.88s Sys=0.00s Real=0.13s
[2025-12-24T18:42:58.865+0000][gc,marking  ] GC(273) Concurrent Mark 232.905ms
[2025-12-24T18:42:58.866+0000][gc,marking  ] GC(273) Concurrent Rebuild Remembered Sets and Scrub Regions
[2025-12-24T18:42:58.888+0000][gc,marking  ] GC(273) Concurrent Rebuild Remembered Sets and Scrub Regions 22.729ms
[2025-12-24T18:42:58.889+0000][gc,start    ] GC(273) Pause Cleanup
[2025-12-24T18:42:58.890+0000][gc          ] GC(273) Pause Cleanup 131M->131M(1024M) 0.475ms
[2025-12-24T18:42:58.890+0000][gc,cpu      ] GC(273) User=0.00s Sys=0.00s Real=0.00s
[2025-12-24T18:42:58.890+0000][gc,marking  ] GC(273) Concurrent Clear Claimed Marks
[2025-12-24T18:42:58.891+0000][gc,marking  ] GC(273) Concurrent Clear Claimed Marks 0.540ms
[2025-12-24T18:42:58.891+0000][gc,marking  ] GC(273) Concurrent Cleanup for Next Mark
[2025-12-24T18:42:58.893+0000][gc,marking  ] GC(273) Concurrent Cleanup for Next Mark 1.841ms
[2025-12-24T18:42:58.893+0000][gc          ] GC(273) Concurrent Mark Cycle 268.425ms
[2025-12-24T18:43:48.804+0000][gc,start    ] GC(274) Pause Young (Prepare Mixed) (G1 Evacuation Pause)
[2025-12-24T18:43:48.805+0000][gc,task     ] GC(274) Using 8 workers of 8 for evacuation
[2025-12-24T18:43:48.819+0000][gc,phases   ] GC(274)   Pre Evacuate Collection Set: 1.1ms
[2025-12-24T18:43:48.819+0000][gc,phases   ] GC(274)   Merge Heap Roots: 0.4ms
[2025-12-24T18:43:48.819+0000][gc,phases   ] GC(274)   Evacuate Collection Set: 10.5ms
[2025-12-24T18:43:48.819+0000][gc,phases   ] GC(274)   Post Evacuate Collection Set: 1.3ms
[2025-12-24T18:43:48.819+0000][gc,phases   ] GC(274)   Other: 0.2ms
[2025-12-24T18:43:48.819+0000][gc,heap     ] GC(274) Eden regions: 610->0(610)
[2025-12-24T18:43:48.819+0000][gc,heap     ] GC(274) Survivor regions: 4->4(77)
[2025-12-24T18:43:48.819+0000][gc,heap     ] GC(274) Old regions: 66->66
[2025-12-24T18:43:48.819+0000][gc,heap     ] GC(274) Humongous regions: 31->31
[2025-12-24T18:43:48.819+0000][gc,metaspace] GC(274) Metaspace: 12578K(13056K)->12578K(13056K) NonClass: 11482K(11712K)->11482K(11712K) Class: 1095K(1344K)->1095K(1344K)
[2025-12-24T18:43:48.819+0000][gc          ] GC(274) Pause Young (Prepare Mixed) (G1 Evacuation Pause) 709M->99M(1024M) 14.987ms
[2025-12-24T18:43:48.820+0000][gc,cpu      ] GC(274) User=0.09s Sys=0.01s Real=0.02s
[2025-12-24T18:44:38.883+0000][gc,start    ] GC(275) Pause Young (Mixed) (G1 Evacuation Pause)
[2025-12-24T18:44:38.885+0000][gc,task     ] GC(275) Using 8 workers of 8 for evacuation
[2025-12-24T18:44:38.902+0000][gc,phases   ] GC(275)   Pre Evacuate Collection Set: 3.8ms
[2025-12-24T18:44:38.902+0000][gc,phases   ] GC(275)   Merge Heap Roots: 0.9ms
[2025-12-24T18:44:38.902+0000][gc,phases   ] GC(275)   Evacuate Collection Set: 10.3ms
[2025-12-24T18:44:38.902+0000][gc,phases   ] GC(275)   Post Evacuate Collection Set: 1.6ms
[2025-12-24T18:44:38.902+0000][gc,phases   ] GC(275)   Other: 0.5ms
[2025-12-24T18:44:38.902+0000][gc,heap     ] GC(275) Eden regions: 610->0(609)
[2025-12-24T18:44:38.902+0000][gc,heap     ] GC(275) Survivor regions: 4->5(77)
[2025-12-24T18:44:38.902+0000][gc,heap     ] GC(275) Old regions: 66->59
[2025-12-24T18:44:38.902+0000][gc,heap     ] GC(275) Humongous regions: 31->31
[2025-12-24T18:44:38.902+0000][gc,metaspace] GC(275) Metaspace: 12580K(13056K)->12580K(13056K) NonClass: 11484K(11712K)->11484K(11712K) Class: 1095K(1344K)->1095K(1344K)
[2025-12-24T18:44:38.903+0000][gc          ] GC(275) Pause Young (Mixed) (G1 Evacuation Pause) 709M->93M(1024M) 19.349ms
[2025-12-24T18:44:38.903+0000][gc,cpu      ] GC(275) User=0.08s Sys=0.00s Real=0.02s
[2025-12-24T18:45:38.666+0000][gc,start    ] GC(276) Pause Young (Normal) (G1 Evacuation Pause)
[2025-12-24T18:45:38.667+0000][gc,task     ] GC(276) Using 8 workers of 8 for evacuation
[2025-12-24T18:45:38.687+0000][gc,phases   ] GC(276)   Pre Evacuate Collection Set: 1.2ms
[2025-12-24T18:45:38.687+0000][gc,phases   ] GC(276)   Merge Heap Roots: 0.4ms
[2025-12-24T18:45:38.687+0000][gc,phases   ] GC(276)   Evacuate Collection Set: 16.6ms
[2025-12-24T18:45:38.687+0000][gc,phases   ] GC(276)   Post Evacuate Collection Set: 1.5ms
[2025-12-24T18:45:38.687+0000][gc,phases   ] GC(276)   Other: 0.2ms
[2025-12-24T18:45:38.687+0000][gc,heap     ] GC(276) Eden regions: 609->0(610)
[2025-12-24T18:45:38.687+0000][gc,heap     ] GC(276) Survivor regions: 5->4(77)
[2025-12-24T18:45:38.687+0000][gc,heap     ] GC(276) Old regions: 59->59
[2025-12-24T18:45:38.687+0000][gc,heap     ] GC(276) Humongous regions: 31->31
[2025-12-24T18:45:38.687+0000][gc,metaspace] GC(276) Metaspace: 12580K(13056K)->12580K(13056K) NonClass: 11485K(11712K)->11485K(11712K) Class: 1095K(1344K)->1095K(1344K)
[2025-12-24T18:45:38.688+0000][gc          ] GC(276) Pause Young (Normal) (G1 Evacuation Pause) 702M->92M(1024M) 21.232ms
[2025-12-24T18:45:38.688+0000][gc,cpu      ] GC(276) User=0.13s Sys=0.00s Real=0.02s
[2025-12-24T18:46:29.005+0000][gc,start    ] GC(277) Pause Young (Normal) (G1 Evacuation Pause)
[2025-12-24T18:46:29.006+0000][gc,task     ] GC(277) Using 8 workers of 8 for evacuation
[2025-12-24T18:46:29.029+0000][gc,phases   ] GC(277)   Pre Evacuate Collection Set: 5.3ms
[2025-12-24T18:46:29.030+0000][gc,phases   ] GC(277)   Merge Heap Roots: 0.8ms
[2025-12-24T18:46:29.030+0000][gc,phases   ] GC(277)   Evacuate Collection Set: 15.6ms
[2025-12-24T18:46:29.030+0000][gc,phases   ] GC(277)   Post Evacuate Collection Set: 1.4ms
[2025-12-24T18:46:29.030+0000][gc,phases   ] GC(277)   Other: 0.6ms
[2025-12-24T18:46:29.030+0000][gc,heap     ] GC(277) Eden regions: 610->0(610)
[2025-12-24T18:46:29.030+0000][gc,heap     ] GC(277) Survivor regions: 4->4(77)
[2025-12-24T18:46:29.030+0000][gc,heap     ] GC(277) Old regions: 59->59
[2025-12-24T18:46:29.030+0000][gc,heap     ] GC(277) Humongous regions: 31->31
[2025-12-24T18:46:29.030+0000][gc,metaspace] GC(277) Metaspace: 12584K(13056K)->12584K(13056K) NonClass: 11489K(11712K)->11489K(11712K) Class: 1095K(1344K)->1095K(1344K)
[2025-12-24T18:46:29.030+0000][gc          ] GC(277) Pause Young (Normal) (G1 Evacuation Pause) 702M->93M(1024M) 25.078ms
[2025-12-24T18:46:29.030+0000][gc,cpu      ] GC(277) User=0.12s Sys=0.00s Real=0.03s
[2025-12-24T18:47:28.541+0000][gc,start    ] GC(278) Pause Young (Normal) (G1 Evacuation Pause)
[2025-12-24T18:47:28.542+0000][gc,task     ] GC(278) Using 8 workers of 8 for evacuation
[2025-12-24T18:47:28.550+0000][gc,phases   ] GC(278)   Pre Evacuate Collection Set: 1.4ms
[2025-12-24T18:47:28.550+0000][gc,phases   ] GC(278)   Merge Heap Roots: 0.3ms
[2025-12-24T18:47:28.551+0000][gc,phases   ] GC(278)   Evacuate Collection Set: 5.5ms
[2025-12-24T18:47:28.551+0000][gc,phases   ] GC(278)   Post Evacuate Collection Set: 1.4ms
[2025-12-24T18:47:28.551+0000][gc,phases   ] GC(278)   Other: 0.3ms
[2025-12-24T18:47:28.551+0000][gc,heap     ] GC(278) Eden regions: 610->0(611)
[2025-12-24T18:47:28.551+0000][gc,heap     ] GC(278) Survivor regions: 4->3(77)
[2025-12-24T18:47:28.551+0000][gc,heap     ] GC(278) Old regions: 59->59
[2025-12-24T18:47:28.551+0000][gc,heap     ] GC(278) Humongous regions: 31->31
[2025-12-24T18:47:28.551+0000][gc,metaspace] GC(278) Metaspace: 12584K(13056K)->12584K(13056K) NonClass: 11489K(11712K)->11489K(11712K) Class: 1095K(1344K)->1095K(1344K)
[2025-12-24T18:47:28.551+0000][gc          ] GC(278) Pause Young (Normal) (G1 Evacuation Pause) 703M->92M(1024M) 10.256ms
[2025-12-24T18:47:28.551+0000][gc,cpu      ] GC(278) User=0.05s Sys=0.00s Real=0.01s
[2025-12-24T18:48:18.717+0000][gc,start    ] GC(279) Pause Young (Normal) (G1 Evacuation Pause)
[2025-12-24T18:48:18.718+0000][gc,task     ] GC(279) Using 8 workers of 8 for evacuation
[2025-12-24T18:48:18.733+0000][gc,phases   ] GC(279)   Pre Evacuate Collection Set: 3.6ms
[2025-12-24T18:48:18.733+0000][gc,phases   ] GC(279)   Merge Heap Roots: 0.9ms
[2025-12-24T18:48:18.733+0000][gc,phases   ] GC(279)   Evacuate Collection Set: 8.6ms
[2025-12-24T18:48:18.733+0000][gc,phases   ] GC(279)   Post Evacuate Collection Set: 1.2ms
[2025-12-24T18:48:18.733+0000][gc,phases   ] GC(279)   Other: 1.1ms
[2025-12-24T18:48:18.733+0000][gc,heap     ] GC(279) Eden regions: 611->0(612)
[2025-12-24T18:48:18.733+0000][gc,heap     ] GC(279) Survivor regions: 3->2(77)
[2025-12-24T18:48:18.733+0000][gc,heap     ] GC(279) Old regions: 59->61
[2025-12-24T18:48:18.733+0000][gc,heap     ] GC(279) Humongous regions: 31->31
[2025-12-24T18:48:18.733+0000][gc,metaspace] GC(279) Metaspace: 12584K(13056K)->12584K(13056K) NonClass: 11489K(11712K)->11489K(11712K) Class: 1095K(1344K)->1095K(1344K)
[2025-12-24T18:48:18.734+0000][gc          ] GC(279) Pause Young (Normal) (G1 Evacuation Pause) 703M->92M(1024M) 16.476ms
[2025-12-24T18:48:18.734+0000][gc,cpu      ] GC(279) User=0.09s Sys=0.00s Real=0.02s
[2025-12-24T18:49:08.755+0000][gc,start    ] GC(280) Pause Young (Normal) (G1 Evacuation Pause)
[2025-12-24T18:49:08.756+0000][gc,task     ] GC(280) Using 8 workers of 8 for evacuation
[2025-12-24T18:49:08.770+0000][gc,phases   ] GC(280)   Pre Evacuate Collection Set: 2.4ms
[2025-12-24T18:49:08.771+0000][gc,phases   ] GC(280)   Merge Heap Roots: 0.4ms
[2025-12-24T18:49:08.771+0000][gc,phases   ] GC(280)   Evacuate Collection Set: 8.1ms
[2025-12-24T18:49:08.771+0000][gc,phases   ] GC(280)   Post Evacuate Collection Set: 2.8ms
[2025-12-24T18:49:08.771+0000][gc,phases   ] GC(280)   Other: 0.6ms
[2025-12-24T18:49:08.771+0000][gc,heap     ] GC(280) Eden regions: 612->0(612)
[2025-12-24T18:49:08.771+0000][gc,heap     ] GC(280) Survivor regions: 2->2(77)
[2025-12-24T18:49:08.772+0000][gc,heap     ] GC(280) Old regions: 61->61
[2025-12-24T18:49:08.772+0000][gc,heap     ] GC(280) Humongous regions: 31->31
[2025-12-24T18:49:08.772+0000][gc,metaspace] GC(280) Metaspace: 12584K(13056K)->12584K(13056K) NonClass: 11489K(11712K)->11489K(11712K) Class: 1095K(1344K)->1095K(1344K)
[2025-12-24T18:49:08.772+0000][gc          ] GC(280) Pause Young (Normal) (G1 Evacuation Pause) 704M->93M(1024M) 16.946ms
[2025-12-24T18:49:08.772+0000][gc,cpu      ] GC(280) User=0.06s Sys=0.00s Real=0.02s
[2025-12-24T18:50:08.529+0000][gc,start    ] GC(281) Pause Young (Normal) (G1 Evacuation Pause)
[2025-12-24T18:50:08.530+0000][gc,task     ] GC(281) Using 8 workers of 8 for evacuation
[2025-12-24T18:50:08.547+0000][gc,phases   ] GC(281)   Pre Evacuate Collection Set: 6.1ms
[2025-12-24T18:50:08.547+0000][gc,phases   ] GC(281)   Merge Heap Roots: 0.5ms
[2025-12-24T18:50:08.547+0000][gc,phases   ] GC(281)   Evacuate Collection Set: 7.0ms
[2025-12-24T18:50:08.547+0000][gc,phases   ] GC(281)   Post Evacuate Collection Set: 1.8ms
[2025-12-24T18:50:08.547+0000][gc,phases   ] GC(281)   Other: 1.6ms
[2025-12-24T18:50:08.547+0000][gc,heap     ] GC(281) Eden regions: 612->0(613)
[2025-12-24T18:50:08.547+0000][gc,heap     ] GC(281) Survivor regions: 2->1(77)
[2025-12-24T18:50:08.547+0000][gc,heap     ] GC(281) Old regions: 61->61
[2025-12-24T18:50:08.548+0000][gc,heap     ] GC(281) Humongous regions: 31->31
[2025-12-24T18:50:08.548+0000][gc,metaspace] GC(281) Metaspace: 12584K(13056K)->12584K(13056K) NonClass: 11489K(11712K)->11489K(11712K) Class: 1095K(1344K)->1095K(1344K)
[2025-12-24T18:50:08.548+0000][gc          ] GC(281) Pause Young (Normal) (G1 Evacuation Pause) 705M->92M(1024M) 19.163ms
[2025-12-24T18:50:08.548+0000][gc,cpu      ] GC(281) User=0.07s Sys=0.00s Real=0.02s
[2025-12-24T18:50:58.720+0000][gc,start    ] GC(282) Pause Young (Normal) (G1 Evacuation Pause)
[2025-12-24T18:50:58.720+0000][gc,task     ] GC(282) Using 8 workers of 8 for evacuation
[2025-12-24T18:50:58.733+0000][gc,phases   ] GC(282)   Pre Evacuate Collection Set: 1.1ms
[2025-12-24T18:50:58.733+0000][gc,phases   ] GC(282)   Merge Heap Roots: 1.0ms
[2025-12-24T18:50:58.733+0000][gc,phases   ] GC(282)   Evacuate Collection Set: 8.8ms
[2025-12-24T18:50:58.733+0000][gc,phases   ] GC(282)   Post Evacuate Collection Set: 1.3ms
[2025-12-24T18:50:58.733+0000][gc,phases   ] GC(282)   Other: 0.3ms
[2025-12-24T18:50:58.733+0000][gc,heap     ] GC(282) Eden regions: 613->0(612)
[2025-12-24T18:50:58.733+0000][gc,heap     ] GC(282) Survivor regions: 1->2(77)
[2025-12-24T18:50:58.733+0000][gc,heap     ] GC(282) Old regions: 61->61
[2025-12-24T18:50:58.733+0000][gc,heap     ] GC(282) Humongous regions: 31->31
[2025-12-24T18:50:58.733+0000][gc,metaspace] GC(282) Metaspace: 12584K(13056K)->12584K(13056K) NonClass: 11489K(11712K)->11489K(11712K) Class: 1095K(1344K)->1095K(1344K)
[2025-12-24T18:50:58.734+0000][gc          ] GC(282) Pause Young (Normal) (G1 Evacuation Pause) 705M->93M(1024M) 13.850ms
[2025-12-24T18:50:58.734+0000][gc,cpu      ] GC(282) User=0.08s Sys=0.00s Real=0.02s
[2025-12-24T18:51:58.433+0000][gc,start    ] GC(283) Pause Young (Normal) (G1 Evacuation Pause)
[2025-12-24T18:51:58.434+0000][gc,task     ] GC(283) Using 8 workers of 8 for evacuation
[2025-12-24T18:51:58.451+0000][gc,phases   ] GC(283)   Pre Evacuate Collection Set: 2.5ms
[2025-12-24T18:51:58.451+0000][gc,phases   ] GC(283)   Merge Heap Roots: 0.6ms
[2025-12-24T18:51:58.451+0000][gc,phases   ] GC(283)   Evacuate Collection Set: 10.3ms
[2025-12-24T18:51:58.451+0000][gc,phases   ] GC(283)   Post Evacuate Collection Set: 2.9ms
[2025-12-24T18:51:58.451+0000][gc,phases   ] GC(283)   Other: 0.5ms
[2025-12-24T18:51:58.451+0000][gc,heap     ] GC(283) Eden regions: 612->0(613)
[2025-12-24T18:51:58.451+0000][gc,heap     ] GC(283) Survivor regions: 2->1(77)
[2025-12-24T18:51:58.451+0000][gc,heap     ] GC(283) Old regions: 61->61
[2025-12-24T18:51:58.451+0000][gc,heap     ] GC(283) Humongous regions: 31->31
[2025-12-24T18:51:58.451+0000][gc,metaspace] GC(283) Metaspace: 12584K(13056K)->12584K(13056K) NonClass: 11489K(11712K)->11489K(11712K) Class: 1095K(1344K)->1095K(1344K)
[2025-12-24T18:51:58.452+0000][gc          ] GC(283) Pause Young (Normal) (G1 Evacuation Pause) 705M->92M(1024M) 18.747ms
[2025-12-24T18:51:58.452+0000][gc,cpu      ] GC(283) User=0.11s Sys=0.00s Real=0.02s
[2025-12-24T18:52:48.696+0000][gc,start    ] GC(284) Pause Young (Normal) (G1 Evacuation Pause)
[2025-12-24T18:52:48.696+0000][gc,task     ] GC(284) Using 8 workers of 8 for evacuation
[2025-12-24T18:52:48.707+0000][gc,phases   ] GC(284)   Pre Evacuate Collection Set: 1.2ms
[2025-12-24T18:52:48.707+0000][gc,phases   ] GC(284)   Merge Heap Roots: 0.2ms
[2025-12-24T18:52:48.707+0000][gc,phases   ] GC(284)   Evacuate Collection Set: 7.1ms
[2025-12-24T18:52:48.707+0000][gc,phases   ] GC(284)   Post Evacuate Collection Set: 1.6ms
[2025-12-24T18:52:48.707+0000][gc,phases   ] GC(284)   Other: 0.4ms
[2025-12-24T18:52:48.707+0000][gc,heap     ] GC(284) Eden regions: 613->0(612)
[2025-12-24T18:52:48.707+0000][gc,heap     ] GC(284) Survivor regions: 1->2(77)
[2025-12-24T18:52:48.707+0000][gc,heap     ] GC(284) Old regions: 61->61
[2025-12-24T18:52:48.707+0000][gc,heap     ] GC(284) Humongous regions: 31->31
[2025-12-24T18:52:48.708+0000][gc,metaspace] GC(284) Metaspace: 12585K(13056K)->12585K(13056K) NonClass: 11490K(11712K)->11490K(11712K) Class: 1095K(1344K)->1095K(1344K)
[2025-12-24T18:52:48.708+0000][gc          ] GC(284) Pause Young (Normal) (G1 Evacuation Pause) 705M->92M(1024M) 12.102ms
[2025-12-24T18:52:48.708+0000][gc,cpu      ] GC(284) User=0.06s Sys=0.01s Real=0.01s
[2025-12-24T18:53:38.752+0000][gc,start    ] GC(285) Pause Young (Normal) (G1 Evacuation Pause)
[2025-12-24T18:53:38.753+0000][gc,task     ] GC(285) Using 8 workers of 8 for evacuation
[2025-12-24T18:53:38.770+0000][gc,phases   ] GC(285)   Pre Evacuate Collection Set: 4.0ms
[2025-12-24T18:53:38.770+0000][gc,phases   ] GC(285)   Merge Heap Roots: 0.8ms
[2025-12-24T18:53:38.770+0000][gc,phases   ] GC(285)   Evacuate Collection Set: 9.7ms
[2025-12-24T18:53:38.770+0000][gc,phases   ] GC(285)   Post Evacuate Collection Set: 2.3ms
[2025-12-24T18:53:38.770+0000][gc,phases   ] GC(285)   Other: 0.3ms
[2025-12-24T18:53:38.770+0000][gc,heap     ] GC(285) Eden regions: 612->0(612)
[2025-12-24T18:53:38.770+0000][gc,heap     ] GC(285) Survivor regions: 2->2(77)
[2025-12-24T18:53:38.770+0000][gc,heap     ] GC(285) Old regions: 61->61
[2025-12-24T18:53:38.770+0000][gc,heap     ] GC(285) Humongous regions: 31->31
[2025-12-24T18:53:38.770+0000][gc,metaspace] GC(285) Metaspace: 12585K(13056K)->12585K(13056K) NonClass: 11490K(11712K)->11490K(11712K) Class: 1095K(1344K)->1095K(1344K)
[2025-12-24T18:53:38.770+0000][gc          ] GC(285) Pause Young (Normal) (G1 Evacuation Pause) 704M->93M(1024M) 18.652ms
[2025-12-24T18:53:38.770+0000][gc,cpu      ] GC(285) User=0.09s Sys=0.00s Real=0.02s
[2025-12-24T18:54:38.569+0000][gc,start    ] GC(286) Pause Young (Normal) (G1 Evacuation Pause)
[2025-12-24T18:54:38.569+0000][gc,task     ] GC(286) Using 8 workers of 8 for evacuation
[2025-12-24T18:54:38.581+0000][gc,phases   ] GC(286)   Pre Evacuate Collection Set: 1.1ms
[2025-12-24T18:54:38.582+0000][gc,phases   ] GC(286)   Merge Heap Roots: 0.3ms
[2025-12-24T18:54:38.582+0000][gc,phases   ] GC(286)   Evacuate Collection Set: 6.8ms
[2025-12-24T18:54:38.582+0000][gc,phases   ] GC(286)   Post Evacuate Collection Set: 3.6ms
[2025-12-24T18:54:38.582+0000][gc,phases   ] GC(286)   Other: 0.4ms
[2025-12-24T18:54:38.582+0000][gc,heap     ] GC(286) Eden regions: 612->0(613)
[2025-12-24T18:54:38.582+0000][gc,heap     ] GC(286) Survivor regions: 2->1(77)
[2025-12-24T18:54:38.582+0000][gc,heap     ] GC(286) Old regions: 61->61
[2025-12-24T18:54:38.582+0000][gc,heap     ] GC(286) Humongous regions: 31->31
[2025-12-24T18:54:38.582+0000][gc,metaspace] GC(286) Metaspace: 12591K(13056K)->12591K(13056K) NonClass: 11496K(11712K)->11496K(11712K) Class: 1095K(1344K)->1095K(1344K)
[2025-12-24T18:54:38.582+0000][gc          ] GC(286) Pause Young (Normal) (G1 Evacuation Pause) 705M->92M(1024M) 13.561ms
[2025-12-24T18:54:38.582+0000][gc,cpu      ] GC(286) User=0.07s Sys=0.00s Real=0.01s
[2025-12-24T18:55:28.704+0000][gc,start    ] GC(287) Pause Young (Normal) (G1 Evacuation Pause)
[2025-12-24T18:55:28.704+0000][gc,task     ] GC(287) Using 8 workers of 8 for evacuation
[2025-12-24T18:55:28.714+0000][gc,phases   ] GC(287)   Pre Evacuate Collection Set: 1.0ms
[2025-12-24T18:55:28.714+0000][gc,phases   ] GC(287)   Merge Heap Roots: 0.2ms
[2025-12-24T18:55:28.714+0000][gc,phases   ] GC(287)   Evacuate Collection Set: 6.8ms
[2025-12-24T18:55:28.714+0000][gc,phases   ] GC(287)   Post Evacuate Collection Set: 1.1ms
[2025-12-24T18:55:28.714+0000][gc,phases   ] GC(287)   Other: 0.4ms
[2025-12-24T18:55:28.714+0000][gc,heap     ] GC(287) Eden regions: 613->0(612)
[2025-12-24T18:55:28.714+0000][gc,heap     ] GC(287) Survivor regions: 1->2(77)
[2025-12-24T18:55:28.714+0000][gc,heap     ] GC(287) Old regions: 61->61
[2025-12-24T18:55:28.714+0000][gc,heap     ] GC(287) Humongous regions: 31->31
[2025-12-24T18:55:28.714+0000][gc,metaspace] GC(287) Metaspace: 12591K(13056K)->12591K(13056K) NonClass: 11496K(11712K)->11496K(11712K) Class: 1095K(1344K)->1095K(1344K)
[2025-12-24T18:55:28.714+0000][gc          ] GC(287) Pause Young (Normal) (G1 Evacuation Pause) 705M->93M(1024M) 10.364ms
[2025-12-24T18:55:28.714+0000][gc,cpu      ] GC(287) User=0.06s Sys=0.00s Real=0.01s
[2025-12-24T18:56:28.426+0000][gc,start    ] GC(288) Pause Young (Normal) (G1 Evacuation Pause)
[2025-12-24T18:56:28.426+0000][gc,task     ] GC(288) Using 8 workers of 8 for evacuation
[2025-12-24T18:56:28.433+0000][gc,phases   ] GC(288)   Pre Evacuate Collection Set: 1.1ms
[2025-12-24T18:56:28.433+0000][gc,phases   ] GC(288)   Merge Heap Roots: 0.2ms
[2025-12-24T18:56:28.433+0000][gc,phases   ] GC(288)   Evacuate Collection Set: 2.8ms
[2025-12-24T18:56:28.433+0000][gc,phases   ] GC(288)   Post Evacuate Collection Set: 2.7ms
[2025-12-24T18:56:28.433+0000][gc,phases   ] GC(288)   Other: 0.2ms
[2025-12-24T18:56:28.433+0000][gc,heap     ] GC(288) Eden regions: 612->0(613)
[2025-12-24T18:56:28.433+0000][gc,heap     ] GC(288) Survivor regions: 2->1(77)
[2025-12-24T18:56:28.433+0000][gc,heap     ] GC(288) Old regions: 61->61
[2025-12-24T18:56:28.433+0000][gc,heap     ] GC(288) Humongous regions: 31->31
[2025-12-24T18:56:28.433+0000][gc,metaspace] GC(288) Metaspace: 12591K(13056K)->12591K(13056K) NonClass: 11496K(11712K)->11496K(11712K) Class: 1095K(1344K)->1095K(1344K)
[2025-12-24T18:56:28.434+0000][gc          ] GC(288) Pause Young (Normal) (G1 Evacuation Pause) 705M->92M(1024M) 8.035ms
[2025-12-24T18:56:28.434+0000][gc,cpu      ] GC(288) User=0.04s Sys=0.00s Real=0.01s
[2025-12-24T18:57:18.592+0000][gc,start    ] GC(289) Pause Young (Normal) (G1 Evacuation Pause)
[2025-12-24T18:57:18.592+0000][gc,task     ] GC(289) Using 8 workers of 8 for evacuation
[2025-12-24T18:57:18.601+0000][gc,phases   ] GC(289)   Pre Evacuate Collection Set: 1.0ms
[2025-12-24T18:57:18.601+0000][gc,phases   ] GC(289)   Merge Heap Roots: 0.3ms
[2025-12-24T18:57:18.601+0000][gc,phases   ] GC(289)   Evacuate Collection Set: 4.9ms
[2025-12-24T18:57:18.602+0000][gc,phases   ] GC(289)   Post Evacuate Collection Set: 2.4ms
[2025-12-24T18:57:18.602+0000][gc,phases   ] GC(289)   Other: 0.4ms
[2025-12-24T18:57:18.602+0000][gc,heap     ] GC(289) Eden regions: 613->0(612)
[2025-12-24T18:57:18.602+0000][gc,heap     ] GC(289) Survivor regions: 1->2(77)
[2025-12-24T18:57:18.602+0000][gc,heap     ] GC(289) Old regions: 61->61
[2025-12-24T18:57:18.602+0000][gc,heap     ] GC(289) Humongous regions: 31->31
[2025-12-24T18:57:18.602+0000][gc,metaspace] GC(289) Metaspace: 12591K(13056K)->12591K(13056K) NonClass: 11496K(11712K)->11496K(11712K) Class: 1095K(1344K)->1095K(1344K)
[2025-12-24T18:57:18.602+0000][gc          ] GC(289) Pause Young (Normal) (G1 Evacuation Pause) 705M->93M(1024M) 10.108ms
[2025-12-24T18:57:18.602+0000][gc,cpu      ] GC(289) User=0.04s Sys=0.00s Real=0.01s
[2025-12-24T18:58:09.018+0000][gc,start    ] GC(290) Pause Young (Normal) (G1 Evacuation Pause)
[2025-12-24T18:58:09.018+0000][gc,task     ] GC(290) Using 8 workers of 8 for evacuation
[2025-12-24T18:58:09.026+0000][gc,phases   ] GC(290)   Pre Evacuate Collection Set: 1.3ms
[2025-12-24T18:58:09.026+0000][gc,phases   ] GC(290)   Merge Heap Roots: 0.2ms
[2025-12-24T18:58:09.026+0000][gc,phases   ] GC(290)   Evacuate Collection Set: 4.7ms
[2025-12-24T18:58:09.026+0000][gc,phases   ] GC(290)   Post Evacuate Collection Set: 1.6ms
[2025-12-24T18:58:09.027+0000][gc,phases   ] GC(290)   Other: 0.4ms
[2025-12-24T18:58:09.027+0000][gc,heap     ] GC(290) Eden regions: 612->0(612)
[2025-12-24T18:58:09.027+0000][gc,heap     ] GC(290) Survivor regions: 2->2(77)
[2025-12-24T18:58:09.027+0000][gc,heap     ] GC(290) Old regions: 61->61
[2025-12-24T18:58:09.027+0000][gc,heap     ] GC(290) Humongous regions: 31->31
[2025-12-24T18:58:09.027+0000][gc,metaspace] GC(290) Metaspace: 12591K(13056K)->12591K(13056K) NonClass: 11496K(11712K)->11496K(11712K) Class: 1095K(1344K)->1095K(1344K)
[2025-12-24T18:58:09.027+0000][gc          ] GC(290) Pause Young (Normal) (G1 Evacuation Pause) 705M->93M(1024M) 9.399ms
[2025-12-24T18:58:09.027+0000][gc,cpu      ] GC(290) User=0.04s Sys=0.00s Real=0.01s
[2025-12-24T18:59:08.534+0000][gc,start    ] GC(291) Pause Young (Normal) (G1 Evacuation Pause)
[2025-12-24T18:59:08.535+0000][gc,task     ] GC(291) Using 8 workers of 8 for evacuation
[2025-12-24T18:59:08.550+0000][gc,phases   ] GC(291)   Pre Evacuate Collection Set: 1.2ms
[2025-12-24T18:59:08.551+0000][gc,phases   ] GC(291)   Merge Heap Roots: 1.2ms
[2025-12-24T18:59:08.551+0000][gc,phases   ] GC(291)   Evacuate Collection Set: 8.1ms
[2025-12-24T18:59:08.551+0000][gc,phases   ] GC(291)   Post Evacuate Collection Set: 3.3ms
[2025-12-24T18:59:08.551+0000][gc,phases   ] GC(291)   Other: 1.2ms
[2025-12-24T18:59:08.551+0000][gc,heap     ] GC(291) Eden regions: 612->0(612)
[2025-12-24T18:59:08.551+0000][gc,heap     ] GC(291) Survivor regions: 2->2(77)
[2025-12-24T18:59:08.551+0000][gc,heap     ] GC(291) Old regions: 61->61
[2025-12-24T18:59:08.551+0000][gc,heap     ] GC(291) Humongous regions: 31->31
[2025-12-24T18:59:08.551+0000][gc,metaspace] GC(291) Metaspace: 12591K(13056K)->12591K(13056K) NonClass: 11496K(11712K)->11496K(11712K) Class: 1095K(1344K)->1095K(1344K)
[2025-12-24T18:59:08.551+0000][gc          ] GC(291) Pause Young (Normal) (G1 Evacuation Pause) 705M->92M(1024M) 16.805ms
[2025-12-24T18:59:08.551+0000][gc,cpu      ] GC(291) User=0.08s Sys=0.00s Real=0.01s
[2025-12-24T18:59:58.979+0000][gc,start    ] GC(292) Pause Young (Normal) (G1 Evacuation Pause)
[2025-12-24T18:59:58.980+0000][gc,task     ] GC(292) Using 8 workers of 8 for evacuation
[2025-12-24T18:59:58.988+0000][gc,phases   ] GC(292)   Pre Evacuate Collection Set: 1.4ms
[2025-12-24T18:59:58.988+0000][gc,phases   ] GC(292)   Merge Heap Roots: 0.4ms
[2025-12-24T18:59:58.989+0000][gc,phases   ] GC(292)   Evacuate Collection Set: 4.9ms
[2025-12-24T18:59:58.990+0000][gc,phases   ] GC(292)   Post Evacuate Collection Set: 1.6ms
[2025-12-24T18:59:58.990+0000][gc,phases   ] GC(292)   Other: 0.2ms
[2025-12-24T18:59:58.990+0000][gc,heap     ] GC(292) Eden regions: 612->0(612)
[2025-12-24T18:59:58.990+0000][gc,heap     ] GC(292) Survivor regions: 2->2(77)
[2025-12-24T18:59:58.990+0000][gc,heap     ] GC(292) Old regions: 61->61
[2025-12-24T18:59:58.990+0000][gc,heap     ] GC(292) Humongous regions: 31->31
[2025-12-24T18:59:58.990+0000][gc,metaspace] GC(292) Metaspace: 12591K(13056K)->12591K(13056K) NonClass: 11496K(11712K)->11496K(11712K) Class: 1095K(1344K)->1095K(1344K)
[2025-12-24T18:59:58.990+0000][gc          ] GC(292) Pause Young (Normal) (G1 Evacuation Pause) 704M->93M(1024M) 11.404ms
[2025-12-24T18:59:58.990+0000][gc,cpu      ] GC(292) User=0.03s Sys=0.00s Real=0.02s
[2025-12-24T19:00:58.430+0000][gc,start    ] GC(293) Pause Young (Normal) (G1 Evacuation Pause)
[2025-12-24T19:00:58.431+0000][gc,task     ] GC(293) Using 8 workers of 8 for evacuation
[2025-12-24T19:00:58.445+0000][gc,phases   ] GC(293)   Pre Evacuate Collection Set: 3.1ms
[2025-12-24T19:00:58.445+0000][gc,phases   ] GC(293)   Merge Heap Roots: 0.7ms
[2025-12-24T19:00:58.445+0000][gc,phases   ] GC(293)   Evacuate Collection Set: 6.2ms
[2025-12-24T19:00:58.445+0000][gc,phases   ] GC(293)   Post Evacuate Collection Set: 3.4ms
[2025-12-24T19:00:58.445+0000][gc,phases   ] GC(293)   Other: 0.6ms
[2025-12-24T19:00:58.445+0000][gc,heap     ] GC(293) Eden regions: 612->0(613)
[2025-12-24T19:00:58.445+0000][gc,heap     ] GC(293) Survivor regions: 2->1(77)
[2025-12-24T19:00:58.445+0000][gc,heap     ] GC(293) Old regions: 61->61
[2025-12-24T19:00:58.445+0000][gc,heap     ] GC(293) Humongous regions: 31->31
[2025-12-24T19:00:58.445+0000][gc,metaspace] GC(293) Metaspace: 12591K(13056K)->12591K(13056K) NonClass: 11496K(11712K)->11496K(11712K) Class: 1095K(1344K)->1095K(1344K)
[2025-12-24T19:00:58.445+0000][gc          ] GC(293) Pause Young (Normal) (G1 Evacuation Pause) 705M->92M(1024M) 15.421ms
[2025-12-24T19:00:58.445+0000][gc,cpu      ] GC(293) User=0.07s Sys=0.00s Real=0.02s
[2025-12-24T19:01:48.601+0000][gc,start    ] GC(294) Pause Young (Normal) (G1 Evacuation Pause)
[2025-12-24T19:01:48.602+0000][gc,task     ] GC(294) Using 8 workers of 8 for evacuation
[2025-12-24T19:01:48.621+0000][gc,phases   ] GC(294)   Pre Evacuate Collection Set: 1.2ms
[2025-12-24T19:01:48.621+0000][gc,phases   ] GC(294)   Merge Heap Roots: 0.2ms
[2025-12-24T19:01:48.621+0000][gc,phases   ] GC(294)   Evacuate Collection Set: 13.3ms
[2025-12-24T19:01:48.621+0000][gc,phases   ] GC(294)   Post Evacuate Collection Set: 4.1ms
[2025-12-24T19:01:48.621+0000][gc,phases   ] GC(294)   Other: 0.4ms
[2025-12-24T19:01:48.621+0000][gc,heap     ] GC(294) Eden regions: 613->0(612)
[2025-12-24T19:01:48.621+0000][gc,heap     ] GC(294) Survivor regions: 1->2(77)
[2025-12-24T19:01:48.621+0000][gc,heap     ] GC(294) Old regions: 61->61
[2025-12-24T19:01:48.621+0000][gc,heap     ] GC(294) Humongous regions: 31->31
[2025-12-24T19:01:48.621+0000][gc,metaspace] GC(294) Metaspace: 12591K(13056K)->12591K(13056K) NonClass: 11496K(11712K)->11496K(11712K) Class: 1095K(1344K)->1095K(1344K)
[2025-12-24T19:01:48.622+0000][gc          ] GC(294) Pause Young (Normal) (G1 Evacuation Pause) 705M->93M(1024M) 20.865ms
[2025-12-24T19:01:48.622+0000][gc,cpu      ] GC(294) User=0.11s Sys=0.01s Real=0.02s
[2025-12-24T19:02:38.730+0000][gc,start    ] GC(295) Pause Young (Normal) (G1 Evacuation Pause)
[2025-12-24T19:02:38.732+0000][gc,task     ] GC(295) Using 8 workers of 8 for evacuation
[2025-12-24T19:02:38.739+0000][gc,phases   ] GC(295)   Pre Evacuate Collection Set: 2.2ms
[2025-12-24T19:02:38.739+0000][gc,phases   ] GC(295)   Merge Heap Roots: 0.3ms
[2025-12-24T19:02:38.739+0000][gc,phases   ] GC(295)   Evacuate Collection Set: 3.7ms
[2025-12-24T19:02:38.740+0000][gc,phases   ] GC(295)   Post Evacuate Collection Set: 1.2ms
[2025-12-24T19:02:38.740+0000][gc,phases   ] GC(295)   Other: 0.3ms
[2025-12-24T19:02:38.740+0000][gc,heap     ] GC(295) Eden regions: 612->0(612)
[2025-12-24T19:02:38.740+0000][gc,heap     ] GC(295) Survivor regions: 2->2(77)
[2025-12-24T19:02:38.740+0000][gc,heap     ] GC(295) Old regions: 61->61
[2025-12-24T19:02:38.740+0000][gc,heap     ] GC(295) Humongous regions: 31->31
[2025-12-24T19:02:38.740+0000][gc,metaspace] GC(295) Metaspace: 12591K(13056K)->12591K(13056K) NonClass: 11496K(11712K)->11496K(11712K) Class: 1095K(1344K)->1095K(1344K)
[2025-12-24T19:02:38.740+0000][gc          ] GC(295) Pause Young (Normal) (G1 Evacuation Pause) 705M->93M(1024M) 9.669ms
[2025-12-24T19:02:38.740+0000][gc,cpu      ] GC(295) User=0.03s Sys=0.00s Real=0.00s
[2025-12-24T19:03:38.524+0000][gc,start    ] GC(296) Pause Young (Normal) (G1 Evacuation Pause)
[2025-12-24T19:03:38.524+0000][gc,task     ] GC(296) Using 8 workers of 8 for evacuation
[2025-12-24T19:03:38.538+0000][gc,phases   ] GC(296)   Pre Evacuate Collection Set: 1.3ms
[2025-12-24T19:03:38.538+0000][gc,phases   ] GC(296)   Merge Heap Roots: 0.2ms
[2025-12-24T19:03:38.538+0000][gc,phases   ] GC(296)   Evacuate Collection Set: 8.9ms
[2025-12-24T19:03:38.538+0000][gc,phases   ] GC(296)   Post Evacuate Collection Set: 2.7ms
[2025-12-24T19:03:38.538+0000][gc,phases   ] GC(296)   Other: 0.2ms
[2025-12-24T19:03:38.538+0000][gc,heap     ] GC(296) Eden regions: 612->0(612)
[2025-12-24T19:03:38.538+0000][gc,heap     ] GC(296) Survivor regions: 2->2(77)
[2025-12-24T19:03:38.538+0000][gc,heap     ] GC(296) Old regions: 61->61
[2025-12-24T19:03:38.538+0000][gc,heap     ] GC(296) Humongous regions: 31->31
[2025-12-24T19:03:38.538+0000][gc,metaspace] GC(296) Metaspace: 12591K(13056K)->12591K(13056K) NonClass: 11496K(11712K)->11496K(11712K) Class: 1095K(1344K)->1095K(1344K)
[2025-12-24T19:03:38.539+0000][gc          ] GC(296) Pause Young (Normal) (G1 Evacuation Pause) 705M->93M(1024M) 14.734ms
[2025-12-24T19:03:38.539+0000][gc,cpu      ] GC(296) User=0.08s Sys=0.00s Real=0.02s
[2025-12-24T19:04:28.684+0000][gc,start    ] GC(297) Pause Young (Normal) (G1 Evacuation Pause)
[2025-12-24T19:04:28.685+0000][gc,task     ] GC(297) Using 8 workers of 8 for evacuation
[2025-12-24T19:04:28.697+0000][gc,phases   ] GC(297)   Pre Evacuate Collection Set: 1.5ms
[2025-12-24T19:04:28.697+0000][gc,phases   ] GC(297)   Merge Heap Roots: 0.5ms
[2025-12-24T19:04:28.697+0000][gc,phases   ] GC(297)   Evacuate Collection Set: 8.3ms
[2025-12-24T19:04:28.697+0000][gc,phases   ] GC(297)   Post Evacuate Collection Set: 2.1ms
[2025-12-24T19:04:28.698+0000][gc,phases   ] GC(297)   Other: 0.3ms
[2025-12-24T19:04:28.698+0000][gc,heap     ] GC(297) Eden regions: 612->0(612)
[2025-12-24T19:04:28.698+0000][gc,heap     ] GC(297) Survivor regions: 2->2(77)
[2025-12-24T19:04:28.698+0000][gc,heap     ] GC(297) Old regions: 61->62
[2025-12-24T19:04:28.698+0000][gc,heap     ] GC(297) Humongous regions: 31->31
[2025-12-24T19:04:28.698+0000][gc,metaspace] GC(297) Metaspace: 12592K(13056K)->12592K(13056K) NonClass: 11496K(11712K)->11496K(11712K) Class: 1095K(1344K)->1095K(1344K)
[2025-12-24T19:04:28.698+0000][gc          ] GC(297) Pause Young (Normal) (G1 Evacuation Pause) 705M->93M(1024M) 13.808ms
[2025-12-24T19:04:28.698+0000][gc,cpu      ] GC(297) User=0.07s Sys=0.00s Real=0.01s
[2025-12-24T19:05:28.465+0000][gc,start    ] GC(298) Pause Young (Normal) (G1 Evacuation Pause)
[2025-12-24T19:05:28.467+0000][gc,task     ] GC(298) Using 8 workers of 8 for evacuation
[2025-12-24T19:05:28.474+0000][gc,phases   ] GC(298)   Pre Evacuate Collection Set: 2.2ms
[2025-12-24T19:05:28.474+0000][gc,phases   ] GC(298)   Merge Heap Roots: 0.2ms
[2025-12-24T19:05:28.474+0000][gc,phases   ] GC(298)   Evacuate Collection Set: 3.0ms
[2025-12-24T19:05:28.474+0000][gc,phases   ] GC(298)   Post Evacuate Collection Set: 1.1ms
[2025-12-24T19:05:28.474+0000][gc,phases   ] GC(298)   Other: 0.7ms
[2025-12-24T19:05:28.474+0000][gc,heap     ] GC(298) Eden regions: 612->0(613)
[2025-12-24T19:05:28.474+0000][gc,heap     ] GC(298) Survivor regions: 2->1(77)
[2025-12-24T19:05:28.474+0000][gc,heap     ] GC(298) Old regions: 62->62
[2025-12-24T19:05:28.474+0000][gc,heap     ] GC(298) Humongous regions: 31->31
[2025-12-24T19:05:28.474+0000][gc,metaspace] GC(298) Metaspace: 12592K(13056K)->12592K(13056K) NonClass: 11496K(11712K)->11496K(11712K) Class: 1095K(1344K)->1095K(1344K)
[2025-12-24T19:05:28.474+0000][gc          ] GC(298) Pause Young (Normal) (G1 Evacuation Pause) 705M->92M(1024M) 9.611ms
[2025-12-24T19:05:28.474+0000][gc,cpu      ] GC(298) User=0.03s Sys=0.00s Real=0.01s
[2025-12-24T19:06:18.598+0000][gc,start    ] GC(299) Pause Young (Normal) (G1 Evacuation Pause)
[2025-12-24T19:06:18.600+0000][gc,task     ] GC(299) Using 8 workers of 8 for evacuation
[2025-12-24T19:06:18.614+0000][gc,phases   ] GC(299)   Pre Evacuate Collection Set: 3.5ms
[2025-12-24T19:06:18.614+0000][gc,phases   ] GC(299)   Merge Heap Roots: 0.5ms
[2025-12-24T19:06:18.614+0000][gc,phases   ] GC(299)   Evacuate Collection Set: 8.1ms
[2025-12-24T19:06:18.614+0000][gc,phases   ] GC(299)   Post Evacuate Collection Set: 1.3ms
[2025-12-24T19:06:18.614+0000][gc,phases   ] GC(299)   Other: 1.6ms
[2025-12-24T19:06:18.614+0000][gc,heap     ] GC(299) Eden regions: 613->0(612)
[2025-12-24T19:06:18.614+0000][gc,heap     ] GC(299) Survivor regions: 1->2(77)
[2025-12-24T19:06:18.614+0000][gc,heap     ] GC(299) Old regions: 62->62
[2025-12-24T19:06:18.615+0000][gc,heap     ] GC(299) Humongous regions: 31->31
[2025-12-24T19:06:18.615+0000][gc,metaspace] GC(299) Metaspace: 12592K(13056K)->12592K(13056K) NonClass: 11496K(11712K)->11496K(11712K) Class: 1095K(1344K)->1095K(1344K)
[2025-12-24T19:06:18.615+0000][gc          ] GC(299) Pause Young (Normal) (G1 Evacuation Pause) 705M->93M(1024M) 17.793ms
[2025-12-24T19:06:18.615+0000][gc,cpu      ] GC(299) User=0.08s Sys=0.01s Real=0.02s
[2025-12-24T19:07:08.760+0000][gc,start    ] GC(300) Pause Young (Normal) (G1 Evacuation Pause)
[2025-12-24T19:07:08.761+0000][gc,task     ] GC(300) Using 8 workers of 8 for evacuation
[2025-12-24T19:07:08.769+0000][gc,phases   ] GC(300)   Pre Evacuate Collection Set: 2.1ms
[2025-12-24T19:07:08.770+0000][gc,phases   ] GC(300)   Merge Heap Roots: 0.9ms
[2025-12-24T19:07:08.770+0000][gc,phases   ] GC(300)   Evacuate Collection Set: 3.5ms
[2025-12-24T19:07:08.770+0000][gc,phases   ] GC(300)   Post Evacuate Collection Set: 1.7ms
[2025-12-24T19:07:08.770+0000][gc,phases   ] GC(300)   Other: 0.5ms
[2025-12-24T19:07:08.770+0000][gc,heap     ] GC(300) Eden regions: 612->0(612)
[2025-12-24T19:07:08.770+0000][gc,heap     ] GC(300) Survivor regions: 2->2(77)
[2025-12-24T19:07:08.770+0000][gc,heap     ] GC(300) Old regions: 62->62
[2025-12-24T19:07:08.770+0000][gc,heap     ] GC(300) Humongous regions: 31->31
[2025-12-24T19:07:08.770+0000][gc,metaspace] GC(300) Metaspace: 12592K(13056K)->12592K(13056K) NonClass: 11496K(11712K)->11496K(11712K) Class: 1095K(1344K)->1095K(1344K)
[2025-12-24T19:07:08.770+0000][gc          ] GC(300) Pause Young (Normal) (G1 Evacuation Pause) 705M->93M(1024M) 10.224ms
[2025-12-24T19:07:08.770+0000][gc,cpu      ] GC(300) User=0.04s Sys=0.00s Real=0.01s
[2025-12-24T19:08:08.500+0000][gc,start    ] GC(301) Pause Young (Normal) (G1 Evacuation Pause)
[2025-12-24T19:08:08.501+0000][gc,task     ] GC(301) Using 8 workers of 8 for evacuation
[2025-12-24T19:08:08.507+0000][gc,phases   ] GC(301)   Pre Evacuate Collection Set: 1.1ms
[2025-12-24T19:08:08.507+0000][gc,phases   ] GC(301)   Merge Heap Roots: 0.2ms
[2025-12-24T19:08:08.507+0000][gc,phases   ] GC(301)   Evacuate Collection Set: 3.1ms
[2025-12-24T19:08:08.507+0000][gc,phases   ] GC(301)   Post Evacuate Collection Set: 1.1ms
[2025-12-24T19:08:08.507+0000][gc,phases   ] GC(301)   Other: 0.3ms
[2025-12-24T19:08:08.507+0000][gc,heap     ] GC(301) Eden regions: 612->0(612)
[2025-12-24T19:08:08.507+0000][gc,heap     ] GC(301) Survivor regions: 2->2(77)
[2025-12-24T19:08:08.507+0000][gc,heap     ] GC(301) Old regions: 62->62
[2025-12-24T19:08:08.507+0000][gc,heap     ] GC(301) Humongous regions: 31->31
[2025-12-24T19:08:08.507+0000][gc,metaspace] GC(301) Metaspace: 12592K(13056K)->12592K(13056K) NonClass: 11496K(11712K)->11496K(11712K) Class: 1095K(1344K)->1095K(1344K)
[2025-12-24T19:08:08.507+0000][gc          ] GC(301) Pause Young (Normal) (G1 Evacuation Pause) 705M->93M(1024M) 6.816ms
[2025-12-24T19:08:08.507+0000][gc,cpu      ] GC(301) User=0.03s Sys=0.00s Real=0.01s
[2025-12-24T19:08:58.658+0000][gc,start    ] GC(302) Pause Young (Normal) (G1 Evacuation Pause)
[2025-12-24T19:08:58.659+0000][gc,task     ] GC(302) Using 8 workers of 8 for evacuation
[2025-12-24T19:08:58.674+0000][gc,phases   ] GC(302)   Pre Evacuate Collection Set: 1.2ms
[2025-12-24T19:08:58.675+0000][gc,phases   ] GC(302)   Merge Heap Roots: 0.4ms
[2025-12-24T19:08:58.675+0000][gc,phases   ] GC(302)   Evacuate Collection Set: 9.6ms
[2025-12-24T19:08:58.675+0000][gc,phases   ] GC(302)   Post Evacuate Collection Set: 3.0ms
[2025-12-24T19:08:58.675+0000][gc,phases   ] GC(302)   Other: 0.8ms
[2025-12-24T19:08:58.675+0000][gc,heap     ] GC(302) Eden regions: 612->0(612)
[2025-12-24T19:08:58.675+0000][gc,heap     ] GC(302) Survivor regions: 2->2(77)
[2025-12-24T19:08:58.675+0000][gc,heap     ] GC(302) Old regions: 62->62
[2025-12-24T19:08:58.675+0000][gc,heap     ] GC(302) Humongous regions: 31->31
[2025-12-24T19:08:58.675+0000][gc,metaspace] GC(302) Metaspace: 12592K(13056K)->12592K(13056K) NonClass: 11496K(11712K)->11496K(11712K) Class: 1095K(1344K)->1095K(1344K)
[2025-12-24T19:08:58.676+0000][gc          ] GC(302) Pause Young (Normal) (G1 Evacuation Pause) 705M->93M(1024M) 17.091ms
[2025-12-24T19:08:58.676+0000][gc,cpu      ] GC(302) User=0.08s Sys=0.00s Real=0.02s
[2025-12-24T19:09:58.476+0000][gc,start    ] GC(303) Pause Young (Normal) (G1 Evacuation Pause)
[2025-12-24T19:09:58.476+0000][gc,task     ] GC(303) Using 8 workers of 8 for evacuation
[2025-12-24T19:09:58.490+0000][gc,phases   ] GC(303)   Pre Evacuate Collection Set: 1.4ms
[2025-12-24T19:09:58.490+0000][gc,phases   ] GC(303)   Merge Heap Roots: 0.6ms
[2025-12-24T19:09:58.490+0000][gc,phases   ] GC(303)   Evacuate Collection Set: 9.9ms
[2025-12-24T19:09:58.490+0000][gc,phases   ] GC(303)   Post Evacuate Collection Set: 1.3ms
[2025-12-24T19:09:58.490+0000][gc,phases   ] GC(303)   Other: 0.4ms
[2025-12-24T19:09:58.490+0000][gc,heap     ] GC(303) Eden regions: 612->0(613)
[2025-12-24T19:09:58.490+0000][gc,heap     ] GC(303) Survivor regions: 2->1(77)
[2025-12-24T19:09:58.490+0000][gc,heap     ] GC(303) Old regions: 62->62
[2025-12-24T19:09:58.490+0000][gc,heap     ] GC(303) Humongous regions: 31->31
[2025-12-24T19:09:58.491+0000][gc,metaspace] GC(303) Metaspace: 12592K(13056K)->12592K(13056K) NonClass: 11496K(11712K)->11496K(11712K) Class: 1095K(1344K)->1095K(1344K)
[2025-12-24T19:09:58.491+0000][gc          ] GC(303) Pause Young (Normal) (G1 Evacuation Pause) 705M->93M(1024M) 15.237ms
[2025-12-24T19:09:58.491+0000][gc,cpu      ] GC(303) User=0.07s Sys=0.00s Real=0.02s
[2025-12-24T19:10:48.612+0000][gc,start    ] GC(304) Pause Young (Normal) (G1 Evacuation Pause)
[2025-12-24T19:10:48.612+0000][gc,task     ] GC(304) Using 8 workers of 8 for evacuation
[2025-12-24T19:10:48.621+0000][gc,phases   ] GC(304)   Pre Evacuate Collection Set: 1.9ms
[2025-12-24T19:10:48.621+0000][gc,phases   ] GC(304)   Merge Heap Roots: 1.8ms
[2025-12-24T19:10:48.621+0000][gc,phases   ] GC(304)   Evacuate Collection Set: 3.5ms
[2025-12-24T19:10:48.621+0000][gc,phases   ] GC(304)   Post Evacuate Collection Set: 1.2ms
[2025-12-24T19:10:48.621+0000][gc,phases   ] GC(304)   Other: 0.2ms
[2025-12-24T19:10:48.621+0000][gc,heap     ] GC(304) Eden regions: 613->0(612)
[2025-12-24T19:10:48.621+0000][gc,heap     ] GC(304) Survivor regions: 1->2(77)
[2025-12-24T19:10:48.621+0000][gc,heap     ] GC(304) Old regions: 62->62
[2025-12-24T19:10:48.621+0000][gc,heap     ] GC(304) Humongous regions: 31->31
[2025-12-24T19:10:48.621+0000][gc,metaspace] GC(304) Metaspace: 12592K(13056K)->12592K(13056K) NonClass: 11496K(11712K)->11496K(11712K) Class: 1095K(1344K)->1095K(1344K)
[2025-12-24T19:10:48.621+0000][gc          ] GC(304) Pause Young (Normal) (G1 Evacuation Pause) 706M->93M(1024M) 9.663ms
[2025-12-24T19:10:48.621+0000][gc,cpu      ] GC(304) User=0.04s Sys=0.01s Real=0.01s
[2025-12-24T19:11:38.999+0000][gc,start    ] GC(305) Pause Young (Normal) (G1 Evacuation Pause)
[2025-12-24T19:11:39.000+0000][gc,task     ] GC(305) Using 8 workers of 8 for evacuation
[2025-12-24T19:11:39.011+0000][gc,phases   ] GC(305)   Pre Evacuate Collection Set: 1.1ms
[2025-12-24T19:11:39.012+0000][gc,phases   ] GC(305)   Merge Heap Roots: 0.3ms
[2025-12-24T19:11:39.012+0000][gc,phases   ] GC(305)   Evacuate Collection Set: 6.5ms
[2025-12-24T19:11:39.012+0000][gc,phases   ] GC(305)   Post Evacuate Collection Set: 3.2ms
[2025-12-24T19:11:39.012+0000][gc,phases   ] GC(305)   Other: 0.3ms
[2025-12-24T19:11:39.012+0000][gc,heap     ] GC(305) Eden regions: 612->0(613)
[2025-12-24T19:11:39.012+0000][gc,heap     ] GC(305) Survivor regions: 2->1(77)
[2025-12-24T19:11:39.012+0000][gc,heap     ] GC(305) Old regions: 62->62
[2025-12-24T19:11:39.012+0000][gc,heap     ] GC(305) Humongous regions: 31->31
[2025-12-24T19:11:39.012+0000][gc,metaspace] GC(305) Metaspace: 12592K(13056K)->12592K(13056K) NonClass: 11496K(11712K)->11496K(11712K) Class: 1095K(1344K)->1095K(1344K)
[2025-12-24T19:11:39.012+0000][gc          ] GC(305) Pause Young (Normal) (G1 Evacuation Pause) 705M->92M(1024M) 12.927ms
[2025-12-24T19:11:39.012+0000][gc,cpu      ] GC(305) User=0.05s Sys=0.00s Real=0.02s
[2025-12-24T19:12:38.543+0000][gc,start    ] GC(306) Pause Young (Normal) (G1 Evacuation Pause)
[2025-12-24T19:12:38.544+0000][gc,task     ] GC(306) Using 8 workers of 8 for evacuation
[2025-12-24T19:12:38.558+0000][gc,phases   ] GC(306)   Pre Evacuate Collection Set: 1.0ms
[2025-12-24T19:12:38.558+0000][gc,phases   ] GC(306)   Merge Heap Roots: 0.2ms
[2025-12-24T19:12:38.559+0000][gc,phases   ] GC(306)   Evacuate Collection Set: 8.5ms
[2025-12-24T19:12:38.559+0000][gc,phases   ] GC(306)   Post Evacuate Collection Set: 3.1ms
[2025-12-24T19:12:38.559+0000][gc,phases   ] GC(306)   Other: 1.0ms
[2025-12-24T19:12:38.559+0000][gc,heap     ] GC(306) Eden regions: 613->0(612)
[2025-12-24T19:12:38.559+0000][gc,heap     ] GC(306) Survivor regions: 1->2(77)
[2025-12-24T19:12:38.559+0000][gc,heap     ] GC(306) Old regions: 62->62
[2025-12-24T19:12:38.559+0000][gc,heap     ] GC(306) Humongous regions: 31->31
[2025-12-24T19:12:38.559+0000][gc,metaspace] GC(306) Metaspace: 12592K(13056K)->12592K(13056K) NonClass: 11496K(11712K)->11496K(11712K) Class: 1095K(1344K)->1095K(1344K)
[2025-12-24T19:12:38.559+0000][gc          ] GC(306) Pause Young (Normal) (G1 Evacuation Pause) 705M->93M(1024M) 16.315ms
[2025-12-24T19:12:38.559+0000][gc,cpu      ] GC(306) User=0.08s Sys=0.00s Real=0.02s
[2025-12-24T19:13:28.660+0000][gc,start    ] GC(307) Pause Young (Normal) (G1 Evacuation Pause)
[2025-12-24T19:13:28.661+0000][gc,task     ] GC(307) Using 8 workers of 8 for evacuation
[2025-12-24T19:13:28.669+0000][gc,phases   ] GC(307)   Pre Evacuate Collection Set: 1.2ms
[2025-12-24T19:13:28.669+0000][gc,phases   ] GC(307)   Merge Heap Roots: 0.2ms
[2025-12-24T19:13:28.669+0000][gc,phases   ] GC(307)   Evacuate Collection Set: 5.5ms
[2025-12-24T19:13:28.669+0000][gc,phases   ] GC(307)   Post Evacuate Collection Set: 1.1ms
[2025-12-24T19:13:28.669+0000][gc,phases   ] GC(307)   Other: 0.4ms
[2025-12-24T19:13:28.669+0000][gc,heap     ] GC(307) Eden regions: 612->0(612)
[2025-12-24T19:13:28.669+0000][gc,heap     ] GC(307) Survivor regions: 2->2(77)
[2025-12-24T19:13:28.669+0000][gc,heap     ] GC(307) Old regions: 62->62
[2025-12-24T19:13:28.669+0000][gc,heap     ] GC(307) Humongous regions: 31->31
[2025-12-24T19:13:28.670+0000][gc,metaspace] GC(307) Metaspace: 12592K(13056K)->12592K(13056K) NonClass: 11496K(11712K)->11496K(11712K) Class: 1095K(1344K)->1095K(1344K)
[2025-12-24T19:13:28.670+0000][gc          ] GC(307) Pause Young (Normal) (G1 Evacuation Pause) 705M->94M(1024M) 9.737ms
[2025-12-24T19:13:28.670+0000][gc,cpu      ] GC(307) User=0.05s Sys=0.00s Real=0.01s
[2025-12-24T19:14:28.479+0000][gc,start    ] GC(308) Pause Young (Normal) (G1 Evacuation Pause)
[2025-12-24T19:14:28.480+0000][gc,task     ] GC(308) Using 8 workers of 8 for evacuation
[2025-12-24T19:14:28.497+0000][gc,phases   ] GC(308)   Pre Evacuate Collection Set: 1.6ms
[2025-12-24T19:14:28.498+0000][gc,phases   ] GC(308)   Merge Heap Roots: 0.3ms
[2025-12-24T19:14:28.498+0000][gc,phases   ] GC(308)   Evacuate Collection Set: 11.2ms
[2025-12-24T19:14:28.543+0000][gc,phases   ] GC(308)   Post Evacuate Collection Set: 3.5ms
[2025-12-24T19:14:28.545+0000][gc,phases   ] GC(308)   Other: 0.8ms
[2025-12-24T19:14:28.549+0000][gc,heap     ] GC(308) Eden regions: 612->0(613)
[2025-12-24T19:14:28.550+0000][gc,heap     ] GC(308) Survivor regions: 2->1(77)
[2025-12-24T19:14:28.550+0000][gc,heap     ] GC(308) Old regions: 62->62
[2025-12-24T19:14:28.551+0000][gc,heap     ] GC(308) Humongous regions: 31->31
[2025-12-24T19:14:28.551+0000][gc,metaspace] GC(308) Metaspace: 12592K(13056K)->12592K(13056K) NonClass: 11496K(11712K)->11496K(11712K) Class: 1095K(1344K)->1095K(1344K)
[2025-12-24T19:14:28.552+0000][gc          ] GC(308) Pause Young (Normal) (G1 Evacuation Pause) 706M->93M(1024M) 72.622ms
[2025-12-24T19:14:28.552+0000][gc,cpu      ] GC(308) User=0.10s Sys=0.01s Real=0.07s
[2025-12-24T19:15:18.566+0000][gc,start    ] GC(309) Pause Young (Normal) (G1 Evacuation Pause)
[2025-12-24T19:15:18.567+0000][gc,task     ] GC(309) Using 8 workers of 8 for evacuation
[2025-12-24T19:15:18.585+0000][gc,phases   ] GC(309)   Pre Evacuate Collection Set: 6.1ms
[2025-12-24T19:15:18.585+0000][gc,phases   ] GC(309)   Merge Heap Roots: 0.7ms
[2025-12-24T19:15:18.585+0000][gc,phases   ] GC(309)   Evacuate Collection Set: 8.6ms
[2025-12-24T19:15:18.585+0000][gc,phases   ] GC(309)   Post Evacuate Collection Set: 1.7ms
[2025-12-24T19:15:18.585+0000][gc,phases   ] GC(309)   Other: 0.8ms
[2025-12-24T19:15:18.585+0000][gc,heap     ] GC(309) Eden regions: 613->0(612)
[2025-12-24T19:15:18.585+0000][gc,heap     ] GC(309) Survivor regions: 1->2(77)
[2025-12-24T19:15:18.585+0000][gc,heap     ] GC(309) Old regions: 62->62
[2025-12-24T19:15:18.585+0000][gc,heap     ] GC(309) Humongous regions: 31->31
[2025-12-24T19:15:18.585+0000][gc,metaspace] GC(309) Metaspace: 12592K(13056K)->12592K(13056K) NonClass: 11496K(11712K)->11496K(11712K) Class: 1095K(1344K)->1095K(1344K)
[2025-12-24T19:15:18.585+0000][gc          ] GC(309) Pause Young (Normal) (G1 Evacuation Pause) 706M->93M(1024M) 18.952ms
[2025-12-24T19:15:18.585+0000][gc,cpu      ] GC(309) User=0.08s Sys=0.00s Real=0.02s
[2025-12-24T19:16:18.342+0000][gc,start    ] GC(310) Pause Young (Normal) (G1 Evacuation Pause)
[2025-12-24T19:16:18.343+0000][gc,task     ] GC(310) Using 8 workers of 8 for evacuation
[2025-12-24T19:16:18.368+0000][gc,phases   ] GC(310)   Pre Evacuate Collection Set: 2.4ms
[2025-12-24T19:16:18.369+0000][gc,phases   ] GC(310)   Merge Heap Roots: 0.4ms
[2025-12-24T19:16:18.369+0000][gc,phases   ] GC(310)   Evacuate Collection Set: 19.2ms
[2025-12-24T19:16:18.369+0000][gc,phases   ] GC(310)   Post Evacuate Collection Set: 2.8ms
[2025-12-24T19:16:18.369+0000][gc,phases   ] GC(310)   Other: 0.5ms
[2025-12-24T19:16:18.369+0000][gc,heap     ] GC(310) Eden regions: 612->0(613)
[2025-12-24T19:16:18.370+0000][gc,heap     ] GC(310) Survivor regions: 2->1(77)
[2025-12-24T19:16:18.370+0000][gc,heap     ] GC(310) Old regions: 62->62
[2025-12-24T19:16:18.370+0000][gc,heap     ] GC(310) Humongous regions: 31->31
[2025-12-24T19:16:18.370+0000][gc,metaspace] GC(310) Metaspace: 12593K(13056K)->12593K(13056K) NonClass: 11498K(11712K)->11498K(11712K) Class: 1095K(1344K)->1095K(1344K)
[2025-12-24T19:16:18.371+0000][gc          ] GC(310) Pause Young (Normal) (G1 Evacuation Pause) 705M->93M(1024M) 28.317ms
[2025-12-24T19:16:18.371+0000][gc,cpu      ] GC(310) User=0.16s Sys=0.01s Real=0.03s
[2025-12-24T19:17:08.530+0000][gc,start    ] GC(311) Pause Young (Normal) (G1 Evacuation Pause)
[2025-12-24T19:17:08.531+0000][gc,task     ] GC(311) Using 8 workers of 8 for evacuation
[2025-12-24T19:17:08.537+0000][gc,phases   ] GC(311)   Pre Evacuate Collection Set: 1.0ms
[2025-12-24T19:17:08.537+0000][gc,phases   ] GC(311)   Merge Heap Roots: 0.2ms
[2025-12-24T19:17:08.537+0000][gc,phases   ] GC(311)   Evacuate Collection Set: 3.7ms
[2025-12-24T19:17:08.537+0000][gc,phases   ] GC(311)   Post Evacuate Collection Set: 1.1ms
[2025-12-24T19:17:08.537+0000][gc,phases   ] GC(311)   Other: 0.5ms
[2025-12-24T19:17:08.538+0000][gc,heap     ] GC(311) Eden regions: 613->0(612)
[2025-12-24T19:17:08.538+0000][gc,heap     ] GC(311) Survivor regions: 1->2(77)
[2025-12-24T19:17:08.538+0000][gc,heap     ] GC(311) Old regions: 62->62
[2025-12-24T19:17:08.538+0000][gc,heap     ] GC(311) Humongous regions: 31->31
[2025-12-24T19:17:08.538+0000][gc,metaspace] GC(311) Metaspace: 12593K(13056K)->12593K(13056K) NonClass: 11498K(11712K)->11498K(11712K) Class: 1095K(1344K)->1095K(1344K)
[2025-12-24T19:17:08.538+0000][gc          ] GC(311) Pause Young (Normal) (G1 Evacuation Pause) 706M->93M(1024M) 8.016ms
[2025-12-24T19:17:08.538+0000][gc,cpu      ] GC(311) User=0.03s Sys=0.00s Real=0.01s
[2025-12-24T19:17:58.644+0000][gc,start    ] GC(312) Pause Young (Normal) (G1 Evacuation Pause)
[2025-12-24T19:17:58.645+0000][gc,task     ] GC(312) Using 8 workers of 8 for evacuation
[2025-12-24T19:17:58.661+0000][gc,phases   ] GC(312)   Pre Evacuate Collection Set: 2.1ms
[2025-12-24T19:17:58.661+0000][gc,phases   ] GC(312)   Merge Heap Roots: 0.9ms
[2025-12-24T19:17:58.661+0000][gc,phases   ] GC(312)   Evacuate Collection Set: 10.9ms
[2025-12-24T19:17:58.661+0000][gc,phases   ] GC(312)   Post Evacuate Collection Set: 1.6ms
[2025-12-24T19:17:58.661+0000][gc,phases   ] GC(312)   Other: 0.5ms
[2025-12-24T19:17:58.661+0000][gc,heap     ] GC(312) Eden regions: 612->0(612)
[2025-12-24T19:17:58.661+0000][gc,heap     ] GC(312) Survivor regions: 2->2(77)
[2025-12-24T19:17:58.661+0000][gc,heap     ] GC(312) Old regions: 62->62
[2025-12-24T19:17:58.661+0000][gc,heap     ] GC(312) Humongous regions: 31->31
[2025-12-24T19:17:58.661+0000][gc,metaspace] GC(312) Metaspace: 12593K(13056K)->12593K(13056K) NonClass: 11498K(11712K)->11498K(11712K) Class: 1095K(1344K)->1095K(1344K)
[2025-12-24T19:17:58.661+0000][gc          ] GC(312) Pause Young (Normal) (G1 Evacuation Pause) 705M->94M(1024M) 17.226ms
[2025-12-24T19:17:58.662+0000][gc,cpu      ] GC(312) User=0.08s Sys=0.00s Real=0.01s
[2025-12-24T19:18:58.436+0000][gc,start    ] GC(313) Pause Young (Normal) (G1 Evacuation Pause)
[2025-12-24T19:18:58.436+0000][gc,task     ] GC(313) Using 8 workers of 8 for evacuation
[2025-12-24T19:18:58.452+0000][gc,phases   ] GC(313)   Pre Evacuate Collection Set: 2.6ms
[2025-12-24T19:18:58.452+0000][gc,phases   ] GC(313)   Merge Heap Roots: 0.7ms
[2025-12-24T19:18:58.452+0000][gc,phases   ] GC(313)   Evacuate Collection Set: 10.3ms
[2025-12-24T19:18:58.452+0000][gc,phases   ] GC(313)   Post Evacuate Collection Set: 1.6ms
[2025-12-24T19:18:58.452+0000][gc,phases   ] GC(313)   Other: 0.3ms
[2025-12-24T19:18:58.452+0000][gc,heap     ] GC(313) Eden regions: 612->0(613)
[2025-12-24T19:18:58.452+0000][gc,heap     ] GC(313) Survivor regions: 2->1(77)
[2025-12-24T19:18:58.453+0000][gc,heap     ] GC(313) Old regions: 62->62
[2025-12-24T19:18:58.453+0000][gc,heap     ] GC(313) Humongous regions: 31->31
[2025-12-24T19:18:58.453+0000][gc,metaspace] GC(313) Metaspace: 12593K(13056K)->12593K(13056K) NonClass: 11498K(11712K)->11498K(11712K) Class: 1095K(1344K)->1095K(1344K)
[2025-12-24T19:18:58.453+0000][gc          ] GC(313) Pause Young (Normal) (G1 Evacuation Pause) 706M->93M(1024M) 16.873ms
[2025-12-24T19:18:58.453+0000][gc,cpu      ] GC(313) User=0.08s Sys=0.00s Real=0.02s
[2025-12-24T19:19:48.573+0000][gc,start    ] GC(314) Pause Young (Normal) (G1 Evacuation Pause)
[2025-12-24T19:19:48.574+0000][gc,task     ] GC(314) Using 8 workers of 8 for evacuation
[2025-12-24T19:19:48.580+0000][gc,phases   ] GC(314)   Pre Evacuate Collection Set: 1.1ms
[2025-12-24T19:19:48.580+0000][gc,phases   ] GC(314)   Merge Heap Roots: 0.2ms
[2025-12-24T19:19:48.580+0000][gc,phases   ] GC(314)   Evacuate Collection Set: 2.9ms
[2025-12-24T19:19:48.580+0000][gc,phases   ] GC(314)   Post Evacuate Collection Set: 1.0ms
[2025-12-24T19:19:48.580+0000][gc,phases   ] GC(314)   Other: 0.2ms
[2025-12-24T19:19:48.580+0000][gc,heap     ] GC(314) Eden regions: 613->0(612)
[2025-12-24T19:19:48.580+0000][gc,heap     ] GC(314) Survivor regions: 1->2(77)
[2025-12-24T19:19:48.580+0000][gc,heap     ] GC(314) Old regions: 62->62
[2025-12-24T19:19:48.580+0000][gc,heap     ] GC(314) Humongous regions: 31->31
[2025-12-24T19:19:48.580+0000][gc,metaspace] GC(314) Metaspace: 12593K(13056K)->12593K(13056K) NonClass: 11498K(11712K)->11498K(11712K) Class: 1095K(1344K)->1095K(1344K)
[2025-12-24T19:19:48.580+0000][gc          ] GC(314) Pause Young (Normal) (G1 Evacuation Pause) 706M->94M(1024M) 7.370ms
[2025-12-24T19:19:48.581+0000][gc,cpu      ] GC(314) User=0.03s Sys=0.00s Real=0.01s
[2025-12-24T19:20:48.348+0000][gc,start    ] GC(315) Pause Young (Normal) (G1 Evacuation Pause)
[2025-12-24T19:20:48.348+0000][gc,task     ] GC(315) Using 8 workers of 8 for evacuation
[2025-12-24T19:20:48.357+0000][gc,phases   ] GC(315)   Pre Evacuate Collection Set: 1.6ms
[2025-12-24T19:20:48.358+0000][gc,phases   ] GC(315)   Merge Heap Roots: 0.4ms
[2025-12-24T19:20:48.358+0000][gc,phases   ] GC(315)   Evacuate Collection Set: 4.5ms
[2025-12-24T19:20:48.358+0000][gc,phases   ] GC(315)   Post Evacuate Collection Set: 2.1ms
[2025-12-24T19:20:48.358+0000][gc,phases   ] GC(315)   Other: 0.5ms
[2025-12-24T19:20:48.358+0000][gc,heap     ] GC(315) Eden regions: 612->0(613)
[2025-12-24T19:20:48.358+0000][gc,heap     ] GC(315) Survivor regions: 2->1(77)
[2025-12-24T19:20:48.358+0000][gc,heap     ] GC(315) Old regions: 62->62
[2025-12-24T19:20:48.358+0000][gc,heap     ] GC(315) Humongous regions: 31->31
[2025-12-24T19:20:48.358+0000][gc,metaspace] GC(315) Metaspace: 12593K(13056K)->12593K(13056K) NonClass: 11498K(11712K)->11498K(11712K) Class: 1095K(1344K)->1095K(1344K)
[2025-12-24T19:20:48.359+0000][gc          ] GC(315) Pause Young (Normal) (G1 Evacuation Pause) 706M->93M(1024M) 11.039ms
[2025-12-24T19:20:48.359+0000][gc,cpu      ] GC(315) User=0.04s Sys=0.00s Real=0.01s
[2025-12-24T19:21:38.526+0000][gc,start    ] GC(316) Pause Young (Normal) (G1 Evacuation Pause)
[2025-12-24T19:21:38.526+0000][gc,task     ] GC(316) Using 8 workers of 8 for evacuation
[2025-12-24T19:21:38.536+0000][gc,phases   ] GC(316)   Pre Evacuate Collection Set: 1.0ms
[2025-12-24T19:21:38.536+0000][gc,phases   ] GC(316)   Merge Heap Roots: 0.2ms
[2025-12-24T19:21:38.536+0000][gc,phases   ] GC(316)   Evacuate Collection Set: 6.9ms
[2025-12-24T19:21:38.536+0000][gc,phases   ] GC(316)   Post Evacuate Collection Set: 1.3ms
[2025-12-24T19:21:38.536+0000][gc,phases   ] GC(316)   Other: 0.2ms
[2025-12-24T19:21:38.536+0000][gc,heap     ] GC(316) Eden regions: 613->0(612)
[2025-12-24T19:21:38.536+0000][gc,heap     ] GC(316) Survivor regions: 1->2(77)
[2025-12-24T19:21:38.536+0000][gc,heap     ] GC(316) Old regions: 62->62
[2025-12-24T19:21:38.536+0000][gc,heap     ] GC(316) Humongous regions: 31->31
[2025-12-24T19:21:38.537+0000][gc,metaspace] GC(316) Metaspace: 12593K(13056K)->12593K(13056K) NonClass: 11498K(11712K)->11498K(11712K) Class: 1095K(1344K)->1095K(1344K)
[2025-12-24T19:21:38.537+0000][gc          ] GC(316) Pause Young (Normal) (G1 Evacuation Pause) 706M->93M(1024M) 10.796ms
[2025-12-24T19:21:38.537+0000][gc,cpu      ] GC(316) User=0.05s Sys=0.00s Real=0.01s
[2025-12-24T19:22:28.736+0000][gc,start    ] GC(317) Pause Young (Normal) (G1 Evacuation Pause)
[2025-12-24T19:22:28.736+0000][gc,task     ] GC(317) Using 8 workers of 8 for evacuation
[2025-12-24T19:22:28.750+0000][gc,phases   ] GC(317)   Pre Evacuate Collection Set: 1.3ms
[2025-12-24T19:22:28.751+0000][gc,phases   ] GC(317)   Merge Heap Roots: 0.2ms
[2025-12-24T19:22:28.751+0000][gc,phases   ] GC(317)   Evacuate Collection Set: 10.8ms
[2025-12-24T19:22:28.751+0000][gc,phases   ] GC(317)   Post Evacuate Collection Set: 1.6ms
[2025-12-24T19:22:28.751+0000][gc,phases   ] GC(317)   Other: 0.2ms
[2025-12-24T19:22:28.751+0000][gc,heap     ] GC(317) Eden regions: 612->0(612)
[2025-12-24T19:22:28.751+0000][gc,heap     ] GC(317) Survivor regions: 2->2(77)
[2025-12-24T19:22:28.751+0000][gc,heap     ] GC(317) Old regions: 62->62
[2025-12-24T19:22:28.751+0000][gc,heap     ] GC(317) Humongous regions: 31->31
[2025-12-24T19:22:28.751+0000][gc,metaspace] GC(317) Metaspace: 12593K(13056K)->12593K(13056K) NonClass: 11498K(11712K)->11498K(11712K) Class: 1095K(1344K)->1095K(1344K)
[2025-12-24T19:22:28.751+0000][gc          ] GC(317) Pause Young (Normal) (G1 Evacuation Pause) 705M->94M(1024M) 15.164ms
[2025-12-24T19:22:28.751+0000][gc,cpu      ] GC(317) User=0.09s Sys=0.00s Real=0.02s
[2025-12-24T21:41:28.051+0000][gc,start    ] GC(318) Pause Young (Normal) (G1 Evacuation Pause)
[2025-12-24T21:41:28.051+0000][gc,task     ] GC(318) Using 8 workers of 8 for evacuation
[2025-12-24T21:41:28.062+0000][gc,phases   ] GC(318)   Pre Evacuate Collection Set: 1.4ms
[2025-12-24T21:41:28.063+0000][gc,phases   ] GC(318)   Merge Heap Roots: 0.2ms
[2025-12-24T21:41:28.063+0000][gc,phases   ] GC(318)   Evacuate Collection Set: 7.8ms
[2025-12-24T21:41:28.063+0000][gc,phases   ] GC(318)   Post Evacuate Collection Set: 1.6ms
[2025-12-24T21:41:28.063+0000][gc,phases   ] GC(318)   Other: 0.2ms
[2025-12-24T21:41:28.063+0000][gc,heap     ] GC(318) Eden regions: 612->0(612)
[2025-12-24T21:41:28.063+0000][gc,heap     ] GC(318) Survivor regions: 2->2(77)
[2025-12-24T21:41:28.063+0000][gc,heap     ] GC(318) Old regions: 62->62
[2025-12-24T21:41:28.063+0000][gc,heap     ] GC(318) Humongous regions: 31->31
[2025-12-24T21:41:28.063+0000][gc,metaspace] GC(318) Metaspace: 12609K(13056K)->12609K(13056K) NonClass: 11514K(11712K)->11514K(11712K) Class: 1095K(1344K)->1095K(1344K)
[2025-12-24T21:41:28.063+0000][gc          ] GC(318) Pause Young (Normal) (G1 Evacuation Pause) 706M->94M(1024M) 12.196ms
[2025-12-24T21:41:28.063+0000][gc,cpu      ] GC(318) User=0.07s Sys=0.00s Real=0.01s
[2025-12-24T23:41:45.556+0000][gc,start    ] GC(319) Pause Young (Normal) (G1 Evacuation Pause)
[2025-12-24T23:41:45.558+0000][gc,task     ] GC(319) Using 8 workers of 8 for evacuation
[2025-12-24T23:41:45.581+0000][gc,phases   ] GC(319)   Pre Evacuate Collection Set: 3.9ms
[2025-12-24T23:41:45.581+0000][gc,phases   ] GC(319)   Merge Heap Roots: 1.5ms
[2025-12-24T23:41:45.582+0000][gc,phases   ] GC(319)   Evacuate Collection Set: 12.9ms
[2025-12-24T23:41:45.600+0000][gc,phases   ] GC(319)   Post Evacuate Collection Set: 4.4ms
[2025-12-24T23:41:45.600+0000][gc,phases   ] GC(319)   Other: 0.8ms
[2025-12-24T23:41:45.600+0000][gc,heap     ] GC(319) Eden regions: 612->0(611)
[2025-12-24T23:41:45.600+0000][gc,heap     ] GC(319) Survivor regions: 2->3(77)
[2025-12-24T23:41:45.600+0000][gc,heap     ] GC(319) Old regions: 62->62
[2025-12-24T23:41:45.600+0000][gc,heap     ] GC(319) Humongous regions: 31->31
[2025-12-24T23:41:45.600+0000][gc,metaspace] GC(319) Metaspace: 12610K(13056K)->12610K(13056K) NonClass: 11515K(11712K)->11515K(11712K) Class: 1095K(1344K)->1095K(1344K)
[2025-12-24T23:41:45.601+0000][gc          ] GC(319) Pause Young (Normal) (G1 Evacuation Pause) 706M->94M(1024M) 44.966ms
[2025-12-24T23:41:45.601+0000][gc,cpu      ] GC(319) User=0.08s Sys=0.01s Real=0.05s
[2025-12-25T00:44:39.466+0000][gc,start    ] GC(320) Pause Young (Normal) (G1 Evacuation Pause)
[2025-12-25T00:44:39.467+0000][gc,task     ] GC(320) Using 8 workers of 8 for evacuation
[2025-12-25T00:44:39.478+0000][gc,phases   ] GC(320)   Pre Evacuate Collection Set: 1.5ms
[2025-12-25T00:44:39.478+0000][gc,phases   ] GC(320)   Merge Heap Roots: 0.8ms
[2025-12-25T00:44:39.478+0000][gc,phases   ] GC(320)   Evacuate Collection Set: 7.2ms
[2025-12-25T00:44:39.479+0000][gc,phases   ] GC(320)   Post Evacuate Collection Set: 1.8ms
[2025-12-25T00:44:39.479+0000][gc,phases   ] GC(320)   Other: 0.3ms
[2025-12-25T00:44:39.479+0000][gc,heap     ] GC(320) Eden regions: 611->0(611)
[2025-12-25T00:44:39.479+0000][gc,heap     ] GC(320) Survivor regions: 3->3(77)
[2025-12-25T00:44:39.479+0000][gc,heap     ] GC(320) Old regions: 62->62
[2025-12-25T00:44:39.479+0000][gc,heap     ] GC(320) Humongous regions: 31->31
[2025-12-25T00:44:39.479+0000][gc,metaspace] GC(320) Metaspace: 12620K(13056K)->12620K(13056K) NonClass: 11522K(11712K)->11522K(11712K) Class: 1097K(1344K)->1097K(1344K)
[2025-12-25T00:44:39.479+0000][gc          ] GC(320) Pause Young (Normal) (G1 Evacuation Pause) 705M->95M(1024M) 12.970ms
[2025-12-25T00:44:39.479+0000][gc,cpu      ] GC(320) User=0.06s Sys=0.00s Real=0.01s
[2025-12-25T01:20:51.698+0000][gc,start    ] GC(321) Pause Young (Normal) (G1 Evacuation Pause)
[2025-12-25T01:20:51.699+0000][gc,task     ] GC(321) Using 8 workers of 8 for evacuation
[2025-12-25T01:20:51.710+0000][gc,phases   ] GC(321)   Pre Evacuate Collection Set: 1.2ms
[2025-12-25T01:20:51.710+0000][gc,phases   ] GC(321)   Merge Heap Roots: 0.2ms
[2025-12-25T01:20:51.711+0000][gc,phases   ] GC(321)   Evacuate Collection Set: 8.9ms
[2025-12-25T01:20:51.711+0000][gc,phases   ] GC(321)   Post Evacuate Collection Set: 1.2ms
[2025-12-25T01:20:51.711+0000][gc,phases   ] GC(321)   Other: 0.4ms
[2025-12-25T01:20:51.711+0000][gc,heap     ] GC(321) Eden regions: 611->0(611)
[2025-12-25T01:20:51.711+0000][gc,heap     ] GC(321) Survivor regions: 3->3(77)
[2025-12-25T01:20:51.711+0000][gc,heap     ] GC(321) Old regions: 62->62
[2025-12-25T01:20:51.711+0000][gc,heap     ] GC(321) Humongous regions: 31->31
[2025-12-25T01:20:51.711+0000][gc,metaspace] GC(321) Metaspace: 12620K(13056K)->12620K(13056K) NonClass: 11522K(11712K)->11522K(11712K) Class: 1097K(1344K)->1097K(1344K)
[2025-12-25T01:20:51.711+0000][gc          ] GC(321) Pause Young (Normal) (G1 Evacuation Pause) 706M->95M(1024M) 13.020ms
[2025-12-25T01:20:51.711+0000][gc,cpu      ] GC(321) User=0.08s Sys=0.00s Real=0.01s
[2025-12-25T01:21:41.827+0000][gc,start    ] GC(322) Pause Young (Normal) (G1 Evacuation Pause)
[2025-12-25T01:21:41.828+0000][gc,task     ] GC(322) Using 8 workers of 8 for evacuation
[2025-12-25T01:21:41.848+0000][gc,phases   ] GC(322)   Pre Evacuate Collection Set: 2.2ms
[2025-12-25T01:21:41.848+0000][gc,phases   ] GC(322)   Merge Heap Roots: 0.3ms
[2025-12-25T01:21:41.848+0000][gc,phases   ] GC(322)   Evacuate Collection Set: 14.3ms
[2025-12-25T01:21:41.848+0000][gc,phases   ] GC(322)   Post Evacuate Collection Set: 3.0ms
[2025-12-25T01:21:41.848+0000][gc,phases   ] GC(322)   Other: 0.6ms
[2025-12-25T01:21:41.849+0000][gc,heap     ] GC(322) Eden regions: 611->0(609)
[2025-12-25T01:21:41.849+0000][gc,heap     ] GC(322) Survivor regions: 3->5(77)
[2025-12-25T01:21:41.849+0000][gc,heap     ] GC(322) Old regions: 62->62
[2025-12-25T01:21:41.849+0000][gc,heap     ] GC(322) Humongous regions: 31->31
[2025-12-25T01:21:41.849+0000][gc,metaspace] GC(322) Metaspace: 12620K(13056K)->12620K(13056K) NonClass: 11522K(11712K)->11522K(11712K) Class: 1097K(1344K)->1097K(1344K)
[2025-12-25T01:21:41.849+0000][gc          ] GC(322) Pause Young (Normal) (G1 Evacuation Pause) 706M->97M(1024M) 22.499ms
[2025-12-25T01:21:41.849+0000][gc,cpu      ] GC(322) User=0.13s Sys=0.01s Real=0.03s
[2025-12-25T01:22:31.919+0000][gc,start    ] GC(323) Pause Young (Normal) (G1 Evacuation Pause)
[2025-12-25T01:22:31.919+0000][gc,task     ] GC(323) Using 8 workers of 8 for evacuation
[2025-12-25T01:22:31.941+0000][gc,phases   ] GC(323)   Pre Evacuate Collection Set: 1.3ms
[2025-12-25T01:22:31.941+0000][gc,phases   ] GC(323)   Merge Heap Roots: 2.2ms
[2025-12-25T01:22:31.941+0000][gc,phases   ] GC(323)   Evacuate Collection Set: 16.5ms
[2025-12-25T01:22:31.941+0000][gc,phases   ] GC(323)   Post Evacuate Collection Set: 1.6ms
[2025-12-25T01:22:31.942+0000][gc,phases   ] GC(323)   Other: 0.4ms
[2025-12-25T01:22:31.942+0000][gc,heap     ] GC(323) Eden regions: 609->0(608)
[2025-12-25T01:22:31.942+0000][gc,heap     ] GC(323) Survivor regions: 5->6(77)
[2025-12-25T01:22:31.942+0000][gc,heap     ] GC(323) Old regions: 62->62
[2025-12-25T01:22:31.942+0000][gc,heap     ] GC(323) Humongous regions: 31->31
[2025-12-25T01:22:31.942+0000][gc,metaspace] GC(323) Metaspace: 12620K(13056K)->12620K(13056K) NonClass: 11523K(11712K)->11523K(11712K) Class: 1097K(1344K)->1097K(1344K)
[2025-12-25T01:22:31.942+0000][gc          ] GC(323) Pause Young (Normal) (G1 Evacuation Pause) 706M->98M(1024M) 23.282ms
[2025-12-25T01:22:31.942+0000][gc,cpu      ] GC(323) User=0.12s Sys=0.00s Real=0.02s
[2025-12-25T01:23:31.659+0000][gc,start    ] GC(324) Pause Young (Normal) (G1 Evacuation Pause)
[2025-12-25T01:23:31.660+0000][gc,task     ] GC(324) Using 8 workers of 8 for evacuation
[2025-12-25T01:23:31.674+0000][gc,phases   ] GC(324)   Pre Evacuate Collection Set: 1.3ms
[2025-12-25T01:23:31.674+0000][gc,phases   ] GC(324)   Merge Heap Roots: 0.3ms
[2025-12-25T01:23:31.674+0000][gc,phases   ] GC(324)   Evacuate Collection Set: 10.2ms
[2025-12-25T01:23:31.674+0000][gc,phases   ] GC(324)   Post Evacuate Collection Set: 1.7ms
[2025-12-25T01:23:31.674+0000][gc,phases   ] GC(324)   Other: 0.4ms
[2025-12-25T01:23:31.674+0000][gc,heap     ] GC(324) Eden regions: 608->0(608)
[2025-12-25T01:23:31.674+0000][gc,heap     ] GC(324) Survivor regions: 6->6(77)
[2025-12-25T01:23:31.674+0000][gc,heap     ] GC(324) Old regions: 62->62
[2025-12-25T01:23:31.674+0000][gc,heap     ] GC(324) Humongous regions: 31->31
[2025-12-25T01:23:31.674+0000][gc,metaspace] GC(324) Metaspace: 12620K(13056K)->12620K(13056K) NonClass: 11523K(11712K)->11523K(11712K) Class: 1097K(1344K)->1097K(1344K)
[2025-12-25T01:23:31.675+0000][gc          ] GC(324) Pause Young (Normal) (G1 Evacuation Pause) 706M->98M(1024M) 15.278ms
[2025-12-25T01:23:31.675+0000][gc,cpu      ] GC(324) User=0.09s Sys=0.01s Real=0.02s
[2025-12-25T01:24:21.724+0000][gc,start    ] GC(325) Pause Young (Normal) (G1 Evacuation Pause)
[2025-12-25T01:24:21.725+0000][gc,task     ] GC(325) Using 8 workers of 8 for evacuation
[2025-12-25T01:24:21.746+0000][gc,phases   ] GC(325)   Pre Evacuate Collection Set: 1.0ms
[2025-12-25T01:24:21.746+0000][gc,phases   ] GC(325)   Merge Heap Roots: 0.2ms
[2025-12-25T01:24:21.746+0000][gc,phases   ] GC(325)   Evacuate Collection Set: 18.8ms
[2025-12-25T01:24:21.746+0000][gc,phases   ] GC(325)   Post Evacuate Collection Set: 1.2ms
[2025-12-25T01:24:21.746+0000][gc,phases   ] GC(325)   Other: 0.3ms
[2025-12-25T01:24:21.746+0000][gc,heap     ] GC(325) Eden regions: 608->0(606)
[2025-12-25T01:24:21.746+0000][gc,heap     ] GC(325) Survivor regions: 6->8(77)
[2025-12-25T01:24:21.746+0000][gc,heap     ] GC(325) Old regions: 62->62
[2025-12-25T01:24:21.746+0000][gc,heap     ] GC(325) Humongous regions: 31->31
[2025-12-25T01:24:21.747+0000][gc,metaspace] GC(325) Metaspace: 12620K(13056K)->12620K(13056K) NonClass: 11523K(11712K)->11523K(11712K) Class: 1097K(1344K)->1097K(1344K)
[2025-12-25T01:24:21.747+0000][gc          ] GC(325) Pause Young (Normal) (G1 Evacuation Pause) 706M->100M(1024M) 22.679ms
[2025-12-25T01:24:21.747+0000][gc,cpu      ] GC(325) User=0.13s Sys=0.00s Real=0.02s
[2025-12-25T01:25:11.817+0000][gc,start    ] GC(326) Pause Young (Normal) (G1 Evacuation Pause)
[2025-12-25T01:25:11.818+0000][gc,task     ] GC(326) Using 8 workers of 8 for evacuation
[2025-12-25T01:25:11.838+0000][gc,phases   ] GC(326)   Pre Evacuate Collection Set: 2.1ms
[2025-12-25T01:25:11.838+0000][gc,phases   ] GC(326)   Merge Heap Roots: 1.2ms
[2025-12-25T01:25:11.838+0000][gc,phases   ] GC(326)   Evacuate Collection Set: 14.5ms
[2025-12-25T01:25:11.838+0000][gc,phases   ] GC(326)   Post Evacuate Collection Set: 1.3ms
[2025-12-25T01:25:11.838+0000][gc,phases   ] GC(326)   Other: 0.8ms
[2025-12-25T01:25:11.838+0000][gc,heap     ] GC(326) Eden regions: 606->0(605)
[2025-12-25T01:25:11.838+0000][gc,heap     ] GC(326) Survivor regions: 8->9(77)
[2025-12-25T01:25:11.838+0000][gc,heap     ] GC(326) Old regions: 62->62
[2025-12-25T01:25:11.838+0000][gc,heap     ] GC(326) Humongous regions: 31->31
[2025-12-25T01:25:11.838+0000][gc,metaspace] GC(326) Metaspace: 12620K(13056K)->12620K(13056K) NonClass: 11523K(11712K)->11523K(11712K) Class: 1097K(1344K)->1097K(1344K)
[2025-12-25T01:25:11.838+0000][gc          ] GC(326) Pause Young (Normal) (G1 Evacuation Pause) 706M->101M(1024M) 21.121ms
[2025-12-25T01:25:11.838+0000][gc,cpu      ] GC(326) User=0.13s Sys=0.00s Real=0.02s
[2025-12-25T01:26:01.931+0000][gc,start    ] GC(327) Pause Young (Normal) (G1 Evacuation Pause)
[2025-12-25T01:26:01.932+0000][gc,task     ] GC(327) Using 8 workers of 8 for evacuation
[2025-12-25T01:26:01.956+0000][gc,phases   ] GC(327)   Pre Evacuate Collection Set: 1.3ms
[2025-12-25T01:26:01.956+0000][gc,phases   ] GC(327)   Merge Heap Roots: 0.2ms
[2025-12-25T01:26:01.956+0000][gc,phases   ] GC(327)   Evacuate Collection Set: 18.0ms
[2025-12-25T01:26:01.956+0000][gc,phases   ] GC(327)   Post Evacuate Collection Set: 4.3ms
[2025-12-25T01:26:01.957+0000][gc,phases   ] GC(327)   Other: 0.3ms
[2025-12-25T01:26:01.957+0000][gc,heap     ] GC(327) Eden regions: 605->0(604)
[2025-12-25T01:26:01.957+0000][gc,heap     ] GC(327) Survivor regions: 9->10(77)
[2025-12-25T01:26:01.957+0000][gc,heap     ] GC(327) Old regions: 62->62
[2025-12-25T01:26:01.957+0000][gc,heap     ] GC(327) Humongous regions: 31->31
[2025-12-25T01:26:01.957+0000][gc,metaspace] GC(327) Metaspace: 12620K(13056K)->12620K(13056K) NonClass: 11523K(11712K)->11523K(11712K) Class: 1097K(1344K)->1097K(1344K)
[2025-12-25T01:26:01.957+0000][gc          ] GC(327) Pause Young (Normal) (G1 Evacuation Pause) 706M->102M(1024M) 25.561ms
[2025-12-25T01:26:01.957+0000][gc,cpu      ] GC(327) User=0.14s Sys=0.00s Real=0.03s
[2025-12-25T01:27:01.653+0000][gc,start    ] GC(328) Pause Young (Normal) (G1 Evacuation Pause)
[2025-12-25T01:27:01.654+0000][gc,task     ] GC(328) Using 8 workers of 8 for evacuation
[2025-12-25T01:27:01.665+0000][gc,phases   ] GC(328)   Pre Evacuate Collection Set: 1.6ms
[2025-12-25T01:27:01.665+0000][gc,phases   ] GC(328)   Merge Heap Roots: 0.2ms
[2025-12-25T01:27:01.665+0000][gc,phases   ] GC(328)   Evacuate Collection Set: 8.4ms
[2025-12-25T01:27:01.665+0000][gc,phases   ] GC(328)   Post Evacuate Collection Set: 1.1ms
[2025-12-25T01:27:01.666+0000][gc,phases   ] GC(328)   Other: 0.3ms
[2025-12-25T01:27:01.666+0000][gc,heap     ] GC(328) Eden regions: 604->0(604)
[2025-12-25T01:27:01.666+0000][gc,heap     ] GC(328) Survivor regions: 10->10(77)
[2025-12-25T01:27:01.666+0000][gc,heap     ] GC(328) Old regions: 62->62
[2025-12-25T01:27:01.666+0000][gc,heap     ] GC(328) Humongous regions: 31->31
[2025-12-25T01:27:01.666+0000][gc,metaspace] GC(328) Metaspace: 12620K(13056K)->12620K(13056K) NonClass: 11523K(11712K)->11523K(11712K) Class: 1097K(1344K)->1097K(1344K)
[2025-12-25T01:27:01.666+0000][gc          ] GC(328) Pause Young (Normal) (G1 Evacuation Pause) 706M->102M(1024M) 13.008ms
[2025-12-25T01:27:01.666+0000][gc,cpu      ] GC(328) User=0.07s Sys=0.01s Real=0.01s
[2025-12-25T01:27:51.747+0000][gc,start    ] GC(329) Pause Young (Normal) (G1 Evacuation Pause)
[2025-12-25T01:27:51.748+0000][gc,task     ] GC(329) Using 8 workers of 8 for evacuation
[2025-12-25T01:27:51.770+0000][gc,phases   ] GC(329)   Pre Evacuate Collection Set: 1.1ms
[2025-12-25T01:27:51.770+0000][gc,phases   ] GC(329)   Merge Heap Roots: 0.2ms
[2025-12-25T01:27:51.770+0000][gc,phases   ] GC(329)   Evacuate Collection Set: 18.1ms
[2025-12-25T01:27:51.770+0000][gc,phases   ] GC(329)   Post Evacuate Collection Set: 1.8ms
[2025-12-25T01:27:51.770+0000][gc,phases   ] GC(329)   Other: 0.4ms
[2025-12-25T01:27:51.770+0000][gc,heap     ] GC(329) Eden regions: 604->0(603)
[2025-12-25T01:27:51.770+0000][gc,heap     ] GC(329) Survivor regions: 10->11(77)
[2025-12-25T01:27:51.770+0000][gc,heap     ] GC(329) Old regions: 62->62
[2025-12-25T01:27:51.770+0000][gc,heap     ] GC(329) Humongous regions: 31->31
[2025-12-25T01:27:51.770+0000][gc,metaspace] GC(329) Metaspace: 12620K(13056K)->12620K(13056K) NonClass: 11523K(11712K)->11523K(11712K) Class: 1097K(1344K)->1097K(1344K)
[2025-12-25T01:27:51.770+0000][gc          ] GC(329) Pause Young (Normal) (G1 Evacuation Pause) 706M->103M(1024M) 23.526ms
[2025-12-25T01:27:51.770+0000][gc,cpu      ] GC(329) User=0.15s Sys=0.00s Real=0.03s
[2025-12-25T01:28:41.859+0000][gc,start    ] GC(330) Pause Young (Normal) (G1 Evacuation Pause)
[2025-12-25T01:28:41.859+0000][gc,task     ] GC(330) Using 8 workers of 8 for evacuation
[2025-12-25T01:28:41.878+0000][gc,phases   ] GC(330)   Pre Evacuate Collection Set: 1.2ms
[2025-12-25T01:28:41.878+0000][gc,phases   ] GC(330)   Merge Heap Roots: 0.2ms
[2025-12-25T01:28:41.878+0000][gc,phases   ] GC(330)   Evacuate Collection Set: 14.8ms
[2025-12-25T01:28:41.879+0000][gc,phases   ] GC(330)   Post Evacuate Collection Set: 2.2ms
[2025-12-25T01:28:41.879+0000][gc,phases   ] GC(330)   Other: 0.3ms
[2025-12-25T01:28:41.879+0000][gc,heap     ] GC(330) Eden regions: 603->0(601)
[2025-12-25T01:28:41.879+0000][gc,heap     ] GC(330) Survivor regions: 11->13(77)
[2025-12-25T01:28:41.879+0000][gc,heap     ] GC(330) Old regions: 62->63
[2025-12-25T01:28:41.879+0000][gc,heap     ] GC(330) Humongous regions: 31->31
[2025-12-25T01:28:41.879+0000][gc,metaspace] GC(330) Metaspace: 12620K(13056K)->12620K(13056K) NonClass: 11523K(11712K)->11523K(11712K) Class: 1097K(1344K)->1097K(1344K)
[2025-12-25T01:28:41.879+0000][gc          ] GC(330) Pause Young (Normal) (G1 Evacuation Pause) 706M->105M(1024M) 20.441ms
[2025-12-25T01:28:41.879+0000][gc,cpu      ] GC(330) User=0.11s Sys=0.00s Real=0.02s
[2025-12-25T01:29:31.913+0000][gc,start    ] GC(331) Pause Young (Normal) (G1 Evacuation Pause)
[2025-12-25T01:29:31.914+0000][gc,task     ] GC(331) Using 8 workers of 8 for evacuation
[2025-12-25T01:29:31.936+0000][gc,phases   ] GC(331)   Pre Evacuate Collection Set: 1.2ms
[2025-12-25T01:29:31.937+0000][gc,phases   ] GC(331)   Merge Heap Roots: 0.3ms
[2025-12-25T01:29:31.937+0000][gc,phases   ] GC(331)   Evacuate Collection Set: 17.8ms
[2025-12-25T01:29:31.937+0000][gc,phases   ] GC(331)   Post Evacuate Collection Set: 3.2ms
[2025-12-25T01:29:31.937+0000][gc,phases   ] GC(331)   Other: 0.4ms
[2025-12-25T01:29:31.937+0000][gc,heap     ] GC(331) Eden regions: 601->0(600)
[2025-12-25T01:29:31.937+0000][gc,heap     ] GC(331) Survivor regions: 13->14(77)
[2025-12-25T01:29:31.937+0000][gc,heap     ] GC(331) Old regions: 63->63
[2025-12-25T01:29:31.937+0000][gc,heap     ] GC(331) Humongous regions: 31->31
[2025-12-25T01:29:31.937+0000][gc,metaspace] GC(331) Metaspace: 12620K(13056K)->12620K(13056K) NonClass: 11523K(11712K)->11523K(11712K) Class: 1097K(1344K)->1097K(1344K)
[2025-12-25T01:29:31.937+0000][gc          ] GC(331) Pause Young (Normal) (G1 Evacuation Pause) 706M->107M(1024M) 23.857ms
[2025-12-25T01:29:31.937+0000][gc,cpu      ] GC(331) User=0.13s Sys=0.00s Real=0.02s
[2025-12-25T01:30:31.607+0000][gc,start    ] GC(332) Pause Young (Normal) (G1 Evacuation Pause)
[2025-12-25T01:30:31.607+0000][gc,task     ] GC(332) Using 8 workers of 8 for evacuation
[2025-12-25T01:30:31.639+0000][gc,phases   ] GC(332)   Pre Evacuate Collection Set: 2.6ms
[2025-12-25T01:30:31.639+0000][gc,phases   ] GC(332)   Merge Heap Roots: 2.2ms
[2025-12-25T01:30:31.639+0000][gc,phases   ] GC(332)   Evacuate Collection Set: 23.3ms
[2025-12-25T01:30:31.639+0000][gc,phases   ] GC(332)   Post Evacuate Collection Set: 2.6ms
[2025-12-25T01:30:31.639+0000][gc,phases   ] GC(332)   Other: 0.8ms
[2025-12-25T01:30:31.639+0000][gc,heap     ] GC(332) Eden regions: 600->0(598)
[2025-12-25T01:30:31.639+0000][gc,heap     ] GC(332) Survivor regions: 14->16(77)
[2025-12-25T01:30:31.639+0000][gc,heap     ] GC(332) Old regions: 63->63
[2025-12-25T01:30:31.639+0000][gc,heap     ] GC(332) Humongous regions: 31->31
[2025-12-25T01:30:31.639+0000][gc,metaspace] GC(332) Metaspace: 12620K(13056K)->12620K(13056K) NonClass: 11523K(11712K)->11523K(11712K) Class: 1097K(1344K)->1097K(1344K)
[2025-12-25T01:30:31.639+0000][gc          ] GC(332) Pause Young (Normal) (G1 Evacuation Pause) 707M->108M(1024M) 32.860ms
[2025-12-25T01:30:31.640+0000][gc,cpu      ] GC(332) User=0.22s Sys=0.00s Real=0.04s
[2025-12-25T01:31:21.679+0000][gc,start    ] GC(333) Pause Young (Normal) (G1 Evacuation Pause)
[2025-12-25T01:31:21.680+0000][gc,task     ] GC(333) Using 8 workers of 8 for evacuation
[2025-12-25T01:31:21.702+0000][gc,phases   ] GC(333)   Pre Evacuate Collection Set: 1.1ms
[2025-12-25T01:31:21.702+0000][gc,phases   ] GC(333)   Merge Heap Roots: 0.4ms
[2025-12-25T01:31:21.702+0000][gc,phases   ] GC(333)   Evacuate Collection Set: 19.0ms
[2025-12-25T01:31:21.702+0000][gc,phases   ] GC(333)   Post Evacuate Collection Set: 1.2ms
[2025-12-25T01:31:21.702+0000][gc,phases   ] GC(333)   Other: 0.3ms
[2025-12-25T01:31:21.702+0000][gc,heap     ] GC(333) Eden regions: 598->0(598)
[2025-12-25T01:31:21.702+0000][gc,heap     ] GC(333) Survivor regions: 16->16(77)
[2025-12-25T01:31:21.702+0000][gc,heap     ] GC(333) Old regions: 63->63
[2025-12-25T01:31:21.702+0000][gc,heap     ] GC(333) Humongous regions: 31->31
[2025-12-25T01:31:21.702+0000][gc,metaspace] GC(333) Metaspace: 12626K(13056K)->12626K(13056K) NonClass: 11529K(11712K)->11529K(11712K) Class: 1097K(1344K)->1097K(1344K)
[2025-12-25T01:31:21.702+0000][gc          ] GC(333) Pause Young (Normal) (G1 Evacuation Pause) 706M->108M(1024M) 23.133ms
[2025-12-25T01:31:21.702+0000][gc,cpu      ] GC(333) User=0.16s Sys=0.00s Real=0.02s
[2025-12-25T01:32:11.774+0000][gc,start    ] GC(334) Pause Young (Normal) (G1 Evacuation Pause)
[2025-12-25T01:32:11.775+0000][gc,task     ] GC(334) Using 8 workers of 8 for evacuation
[2025-12-25T01:32:11.794+0000][gc,phases   ] GC(334)   Pre Evacuate Collection Set: 1.0ms
[2025-12-25T01:32:11.794+0000][gc,phases   ] GC(334)   Merge Heap Roots: 0.2ms
[2025-12-25T01:32:11.795+0000][gc,phases   ] GC(334)   Evacuate Collection Set: 16.7ms
[2025-12-25T01:32:11.795+0000][gc,phases   ] GC(334)   Post Evacuate Collection Set: 1.2ms
[2025-12-25T01:32:11.795+0000][gc,phases   ] GC(334)   Other: 0.3ms
[2025-12-25T01:32:11.795+0000][gc,heap     ] GC(334) Eden regions: 598->0(598)
[2025-12-25T01:32:11.795+0000][gc,heap     ] GC(334) Survivor regions: 16->16(77)
[2025-12-25T01:32:11.795+0000][gc,heap     ] GC(334) Old regions: 63->63
[2025-12-25T01:32:11.795+0000][gc,heap     ] GC(334) Humongous regions: 31->31
[2025-12-25T01:32:11.795+0000][gc,metaspace] GC(334) Metaspace: 12626K(13056K)->12626K(13056K) NonClass: 11529K(11712K)->11529K(11712K) Class: 1097K(1344K)->1097K(1344K)
[2025-12-25T01:32:11.795+0000][gc          ] GC(334) Pause Young (Normal) (G1 Evacuation Pause) 706M->109M(1024M) 20.842ms
[2025-12-25T01:32:11.795+0000][gc,cpu      ] GC(334) User=0.14s Sys=0.00s Real=0.02s
[2025-12-25T01:33:01.862+0000][gc,start    ] GC(335) Pause Young (Normal) (G1 Evacuation Pause)
[2025-12-25T01:33:01.863+0000][gc,task     ] GC(335) Using 8 workers of 8 for evacuation
[2025-12-25T01:33:01.895+0000][gc,phases   ] GC(335)   Pre Evacuate Collection Set: 1.9ms
[2025-12-25T01:33:01.895+0000][gc,phases   ] GC(335)   Merge Heap Roots: 1.1ms
[2025-12-25T01:33:01.895+0000][gc,phases   ] GC(335)   Evacuate Collection Set: 24.8ms
[2025-12-25T01:33:01.895+0000][gc,phases   ] GC(335)   Post Evacuate Collection Set: 3.6ms
[2025-12-25T01:33:01.895+0000][gc,phases   ] GC(335)   Other: 0.5ms
[2025-12-25T01:33:01.895+0000][gc,heap     ] GC(335) Eden regions: 598->0(598)
[2025-12-25T01:33:01.895+0000][gc,heap     ] GC(335) Survivor regions: 16->16(77)
[2025-12-25T01:33:01.895+0000][gc,heap     ] GC(335) Old regions: 63->63
[2025-12-25T01:33:01.895+0000][gc,heap     ] GC(335) Humongous regions: 31->31
[2025-12-25T01:33:01.895+0000][gc,metaspace] GC(335) Metaspace: 12626K(13056K)->12626K(13056K) NonClass: 11529K(11712K)->11529K(11712K) Class: 1097K(1344K)->1097K(1344K)
[2025-12-25T01:33:01.895+0000][gc          ] GC(335) Pause Young (Normal) (G1 Evacuation Pause) 707M->109M(1024M) 33.800ms
[2025-12-25T01:33:01.895+0000][gc,cpu      ] GC(335) User=0.20s Sys=0.01s Real=0.03s
[2025-12-25T01:34:01.586+0000][gc,start    ] GC(336) Pause Young (Normal) (G1 Evacuation Pause)
[2025-12-25T01:34:01.587+0000][gc,task     ] GC(336) Using 8 workers of 8 for evacuation
[2025-12-25T01:34:01.611+0000][gc,phases   ] GC(336)   Pre Evacuate Collection Set: 1.3ms
[2025-12-25T01:34:01.611+0000][gc,phases   ] GC(336)   Merge Heap Roots: 0.3ms
[2025-12-25T01:34:01.611+0000][gc,phases   ] GC(336)   Evacuate Collection Set: 20.8ms
[2025-12-25T01:34:01.611+0000][gc,phases   ] GC(336)   Post Evacuate Collection Set: 1.2ms
[2025-12-25T01:34:01.611+0000][gc,phases   ] GC(336)   Other: 0.3ms
[2025-12-25T01:34:01.611+0000][gc,heap     ] GC(336) Eden regions: 598->0(600)
[2025-12-25T01:34:01.611+0000][gc,heap     ] GC(336) Survivor regions: 16->14(77)
[2025-12-25T01:34:01.611+0000][gc,heap     ] GC(336) Old regions: 63->64
[2025-12-25T01:34:01.611+0000][gc,heap     ] GC(336) Humongous regions: 40->40
[2025-12-25T01:34:01.612+0000][gc,metaspace] GC(336) Metaspace: 12631K(13056K)->12631K(13056K) NonClass: 11531K(11712K)->11531K(11712K) Class: 1099K(1344K)->1099K(1344K)
[2025-12-25T01:34:01.612+0000][gc          ] GC(336) Pause Young (Normal) (G1 Evacuation Pause) 716M->117M(1024M) 25.277ms
[2025-12-25T01:34:01.612+0000][gc,cpu      ] GC(336) User=0.17s Sys=0.00s Real=0.02s
[2025-12-25T01:34:51.686+0000][gc,start    ] GC(337) Pause Young (Normal) (G1 Evacuation Pause)
[2025-12-25T01:34:51.686+0000][gc,task     ] GC(337) Using 8 workers of 8 for evacuation
[2025-12-25T01:34:51.712+0000][gc,phases   ] GC(337)   Pre Evacuate Collection Set: 1.2ms
[2025-12-25T01:34:51.712+0000][gc,phases   ] GC(337)   Merge Heap Roots: 0.2ms
[2025-12-25T01:34:51.712+0000][gc,phases   ] GC(337)   Evacuate Collection Set: 22.7ms
[2025-12-25T01:34:51.712+0000][gc,phases   ] GC(337)   Post Evacuate Collection Set: 1.1ms
[2025-12-25T01:34:51.712+0000][gc,phases   ] GC(337)   Other: 0.3ms
[2025-12-25T01:34:51.712+0000][gc,heap     ] GC(337) Eden regions: 600->0(600)
[2025-12-25T01:34:51.712+0000][gc,heap     ] GC(337) Survivor regions: 14->14(77)
[2025-12-25T01:34:51.712+0000][gc,heap     ] GC(337) Old regions: 64->65
[2025-12-25T01:34:51.712+0000][gc,heap     ] GC(337) Humongous regions: 40->40
[2025-12-25T01:34:51.712+0000][gc,metaspace] GC(337) Metaspace: 12631K(13056K)->12631K(13056K) NonClass: 11531K(11712K)->11531K(11712K) Class: 1099K(1344K)->1099K(1344K)
[2025-12-25T01:34:51.712+0000][gc          ] GC(337) Pause Young (Normal) (G1 Evacuation Pause) 717M->118M(1024M) 26.491ms
[2025-12-25T01:34:51.712+0000][gc,cpu      ] GC(337) User=0.18s Sys=0.00s Real=0.02s
[2025-12-25T01:35:41.808+0000][gc,start    ] GC(338) Pause Young (Normal) (G1 Evacuation Pause)
[2025-12-25T01:35:41.810+0000][gc,task     ] GC(338) Using 8 workers of 8 for evacuation
[2025-12-25T01:35:41.832+0000][gc,phases   ] GC(338)   Pre Evacuate Collection Set: 1.2ms
[2025-12-25T01:35:41.832+0000][gc,phases   ] GC(338)   Merge Heap Roots: 0.4ms
[2025-12-25T01:35:41.832+0000][gc,phases   ] GC(338)   Evacuate Collection Set: 18.2ms
[2025-12-25T01:35:41.832+0000][gc,phases   ] GC(338)   Post Evacuate Collection Set: 2.4ms
[2025-12-25T01:35:41.832+0000][gc,phases   ] GC(338)   Other: 0.2ms
[2025-12-25T01:35:41.832+0000][gc,heap     ] GC(338) Eden regions: 600->0(601)
[2025-12-25T01:35:41.832+0000][gc,heap     ] GC(338) Survivor regions: 14->13(77)
[2025-12-25T01:35:41.833+0000][gc,heap     ] GC(338) Old regions: 65->66
[2025-12-25T01:35:41.833+0000][gc,heap     ] GC(338) Humongous regions: 40->40
[2025-12-25T01:35:41.833+0000][gc,metaspace] GC(338) Metaspace: 12631K(13056K)->12631K(13056K) NonClass: 11531K(11712K)->11531K(11712K) Class: 1099K(1344K)->1099K(1344K)
[2025-12-25T01:35:41.833+0000][gc          ] GC(338) Pause Young (Normal) (G1 Evacuation Pause) 718M->118M(1024M) 24.620ms
[2025-12-25T01:35:41.833+0000][gc,cpu      ] GC(338) User=0.15s Sys=0.00s Real=0.02s
[2025-12-25T01:36:31.871+0000][gc,start    ] GC(339) Pause Young (Normal) (G1 Evacuation Pause)
[2025-12-25T01:36:31.872+0000][gc,task     ] GC(339) Using 8 workers of 8 for evacuation
[2025-12-25T01:36:31.896+0000][gc,phases   ] GC(339)   Pre Evacuate Collection Set: 1.5ms
[2025-12-25T01:36:31.896+0000][gc,phases   ] GC(339)   Merge Heap Roots: 0.4ms
[2025-12-25T01:36:31.896+0000][gc,phases   ] GC(339)   Evacuate Collection Set: 20.8ms
[2025-12-25T01:36:31.896+0000][gc,phases   ] GC(339)   Post Evacuate Collection Set: 1.3ms
[2025-12-25T01:36:31.897+0000][gc,phases   ] GC(339)   Other: 0.3ms
[2025-12-25T01:36:31.897+0000][gc,heap     ] GC(339) Eden regions: 601->0(602)
[2025-12-25T01:36:31.897+0000][gc,heap     ] GC(339) Survivor regions: 13->12(77)
[2025-12-25T01:36:31.897+0000][gc,heap     ] GC(339) Old regions: 66->67
[2025-12-25T01:36:31.897+0000][gc,heap     ] GC(339) Humongous regions: 40->40
[2025-12-25T01:36:31.897+0000][gc,metaspace] GC(339) Metaspace: 12631K(13056K)->12631K(13056K) NonClass: 11531K(11712K)->11531K(11712K) Class: 1099K(1344K)->1099K(1344K)
[2025-12-25T01:36:31.897+0000][gc          ] GC(339) Pause Young (Normal) (G1 Evacuation Pause) 719M->118M(1024M) 25.543ms
[2025-12-25T01:36:31.897+0000][gc,cpu      ] GC(339) User=0.13s Sys=0.00s Real=0.03s
[2025-12-25T01:37:31.651+0000][gc,start    ] GC(340) Pause Young (Normal) (G1 Evacuation Pause)
[2025-12-25T01:37:31.653+0000][gc,task     ] GC(340) Using 8 workers of 8 for evacuation
[2025-12-25T01:37:31.670+0000][gc,phases   ] GC(340)   Pre Evacuate Collection Set: 1.1ms
[2025-12-25T01:37:31.670+0000][gc,phases   ] GC(340)   Merge Heap Roots: 0.3ms
[2025-12-25T01:37:31.670+0000][gc,phases   ] GC(340)   Evacuate Collection Set: 14.7ms
[2025-12-25T01:37:31.670+0000][gc,phases   ] GC(340)   Post Evacuate Collection Set: 1.0ms
[2025-12-25T01:37:31.670+0000][gc,phases   ] GC(340)   Other: 0.2ms
[2025-12-25T01:37:31.670+0000][gc,heap     ] GC(340) Eden regions: 602->0(604)
[2025-12-25T01:37:31.670+0000][gc,heap     ] GC(340) Survivor regions: 12->10(77)
[2025-12-25T01:37:31.670+0000][gc,heap     ] GC(340) Old regions: 67->69
[2025-12-25T01:37:31.670+0000][gc,heap     ] GC(340) Humongous regions: 40->40
[2025-12-25T01:37:31.670+0000][gc,metaspace] GC(340) Metaspace: 12633K(13056K)->12633K(13056K) NonClass: 11533K(11712K)->11533K(11712K) Class: 1099K(1344K)->1099K(1344K)
[2025-12-25T01:37:31.671+0000][gc          ] GC(340) Pause Young (Normal) (G1 Evacuation Pause) 720M->117M(1024M) 19.192ms
[2025-12-25T01:37:31.671+0000][gc,cpu      ] GC(340) User=0.13s Sys=0.00s Real=0.02s
[2025-12-25T01:38:21.692+0000][gc,start    ] GC(341) Pause Young (Normal) (G1 Evacuation Pause)
[2025-12-25T01:38:21.692+0000][gc,task     ] GC(341) Using 8 workers of 8 for evacuation
[2025-12-25T01:38:21.725+0000][gc,phases   ] GC(341)   Pre Evacuate Collection Set: 2.8ms
[2025-12-25T01:38:21.725+0000][gc,phases   ] GC(341)   Merge Heap Roots: 2.9ms
[2025-12-25T01:38:21.725+0000][gc,phases   ] GC(341)   Evacuate Collection Set: 23.5ms
[2025-12-25T01:38:21.725+0000][gc,phases   ] GC(341)   Post Evacuate Collection Set: 2.3ms
[2025-12-25T01:38:21.725+0000][gc,phases   ] GC(341)   Other: 1.0ms
[2025-12-25T01:38:21.725+0000][gc,heap     ] GC(341) Eden regions: 604->0(604)
[2025-12-25T01:38:21.725+0000][gc,heap     ] GC(341) Survivor regions: 10->10(77)
[2025-12-25T01:38:21.725+0000][gc,heap     ] GC(341) Old regions: 69->69
[2025-12-25T01:38:21.725+0000][gc,heap     ] GC(341) Humongous regions: 40->40
[2025-12-25T01:38:21.725+0000][gc,metaspace] GC(341) Metaspace: 12633K(13056K)->12633K(13056K) NonClass: 11533K(11712K)->11533K(11712K) Class: 1099K(1344K)->1099K(1344K)
[2025-12-25T01:38:21.726+0000][gc          ] GC(341) Pause Young (Normal) (G1 Evacuation Pause) 721M->118M(1024M) 34.071ms
[2025-12-25T01:38:21.726+0000][gc,cpu      ] GC(341) User=0.22s Sys=0.00s Real=0.04s
[2025-12-25T01:39:11.832+0000][gc,start    ] GC(342) Pause Young (Normal) (G1 Evacuation Pause)
[2025-12-25T01:39:11.833+0000][gc,task     ] GC(342) Using 8 workers of 8 for evacuation
[2025-12-25T01:39:11.855+0000][gc,phases   ] GC(342)   Pre Evacuate Collection Set: 1.9ms
[2025-12-25T01:39:11.855+0000][gc,phases   ] GC(342)   Merge Heap Roots: 0.5ms
[2025-12-25T01:39:11.855+0000][gc,phases   ] GC(342)   Evacuate Collection Set: 17.0ms
[2025-12-25T01:39:11.855+0000][gc,phases   ] GC(342)   Post Evacuate Collection Set: 1.7ms
[2025-12-25T01:39:11.855+0000][gc,phases   ] GC(342)   Other: 0.3ms
[2025-12-25T01:39:11.855+0000][gc,heap     ] GC(342) Eden regions: 604->0(605)
[2025-12-25T01:39:11.855+0000][gc,heap     ] GC(342) Survivor regions: 10->9(77)
[2025-12-25T01:39:11.855+0000][gc,heap     ] GC(342) Old regions: 69->70
[2025-12-25T01:39:11.855+0000][gc,heap     ] GC(342) Humongous regions: 40->40
[2025-12-25T01:39:11.855+0000][gc,metaspace] GC(342) Metaspace: 12633K(13056K)->12633K(13056K) NonClass: 11533K(11712K)->11533K(11712K) Class: 1099K(1344K)->1099K(1344K)
[2025-12-25T01:39:11.855+0000][gc          ] GC(342) Pause Young (Normal) (G1 Evacuation Pause) 722M->118M(1024M) 22.925ms
[2025-12-25T01:39:11.855+0000][gc,cpu      ] GC(342) User=0.12s Sys=0.00s Real=0.03s
[2025-12-25T01:55:10.812+0000][gc,start    ] GC(343) Pause Young (Normal) (G1 Evacuation Pause)
[2025-12-25T01:55:10.813+0000][gc,task     ] GC(343) Using 8 workers of 8 for evacuation
[2025-12-25T01:55:10.841+0000][gc,phases   ] GC(343)   Pre Evacuate Collection Set: 1.2ms
[2025-12-25T01:55:10.841+0000][gc,phases   ] GC(343)   Merge Heap Roots: 0.3ms
[2025-12-25T01:55:10.841+0000][gc,phases   ] GC(343)   Evacuate Collection Set: 24.0ms
[2025-12-25T01:55:10.841+0000][gc,phases   ] GC(343)   Post Evacuate Collection Set: 1.6ms
[2025-12-25T01:55:10.841+0000][gc,phases   ] GC(343)   Other: 0.4ms
[2025-12-25T01:55:10.841+0000][gc,heap     ] GC(343) Eden regions: 605->0(606)
[2025-12-25T01:55:10.841+0000][gc,heap     ] GC(343) Survivor regions: 9->8(77)
[2025-12-25T01:55:10.841+0000][gc,heap     ] GC(343) Old regions: 70->72
[2025-12-25T01:55:10.841+0000][gc,heap     ] GC(343) Humongous regions: 40->40
[2025-12-25T01:55:10.841+0000][gc,metaspace] GC(343) Metaspace: 12643K(13120K)->12643K(13120K) NonClass: 11543K(11776K)->11543K(11776K) Class: 1099K(1344K)->1099K(1344K)
[2025-12-25T01:55:10.841+0000][gc          ] GC(343) Pause Young (Normal) (G1 Evacuation Pause) 723M->118M(1024M) 28.998ms
[2025-12-25T01:55:10.841+0000][gc,cpu      ] GC(343) User=0.18s Sys=0.00s Real=0.02s
[2025-12-25T01:56:00.934+0000][gc,start    ] GC(344) Pause Young (Normal) (G1 Evacuation Pause)
[2025-12-25T01:56:00.935+0000][gc,task     ] GC(344) Using 8 workers of 8 for evacuation
[2025-12-25T01:56:00.957+0000][gc,phases   ] GC(344)   Pre Evacuate Collection Set: 1.6ms
[2025-12-25T01:56:00.957+0000][gc,phases   ] GC(344)   Merge Heap Roots: 0.3ms
[2025-12-25T01:56:00.957+0000][gc,phases   ] GC(344)   Evacuate Collection Set: 18.0ms
[2025-12-25T01:56:00.957+0000][gc,phases   ] GC(344)   Post Evacuate Collection Set: 1.3ms
[2025-12-25T01:56:00.957+0000][gc,phases   ] GC(344)   Other: 0.3ms
[2025-12-25T01:56:00.957+0000][gc,heap     ] GC(344) Eden regions: 606->0(607)
[2025-12-25T01:56:00.957+0000][gc,heap     ] GC(344) Survivor regions: 8->7(77)
[2025-12-25T01:56:00.957+0000][gc,heap     ] GC(344) Old regions: 72->73
[2025-12-25T01:56:00.957+0000][gc,heap     ] GC(344) Humongous regions: 40->40
[2025-12-25T01:56:00.957+0000][gc,metaspace] GC(344) Metaspace: 12643K(13120K)->12643K(13120K) NonClass: 11543K(11776K)->11543K(11776K) Class: 1099K(1344K)->1099K(1344K)
[2025-12-25T01:56:00.957+0000][gc          ] GC(344) Pause Young (Normal) (G1 Evacuation Pause) 724M->118M(1024M) 22.989ms
[2025-12-25T01:56:00.957+0000][gc,cpu      ] GC(344) User=0.16s Sys=0.01s Real=0.03s
[2025-12-25T01:56:51.099+0000][gc,start    ] GC(345) Pause Young (Normal) (G1 Evacuation Pause)
[2025-12-25T01:56:51.099+0000][gc,task     ] GC(345) Using 8 workers of 8 for evacuation
[2025-12-25T01:56:51.130+0000][gc,phases   ] GC(345)   Pre Evacuate Collection Set: 1.7ms
[2025-12-25T01:56:51.130+0000][gc,phases   ] GC(345)   Merge Heap Roots: 1.3ms
[2025-12-25T01:56:51.130+0000][gc,phases   ] GC(345)   Evacuate Collection Set: 25.8ms
[2025-12-25T01:56:51.130+0000][gc,phases   ] GC(345)   Post Evacuate Collection Set: 1.7ms
[2025-12-25T01:56:51.131+0000][gc,phases   ] GC(345)   Other: 0.4ms
[2025-12-25T01:56:51.131+0000][gc,heap     ] GC(345) Eden regions: 607->0(607)
[2025-12-25T01:56:51.131+0000][gc,heap     ] GC(345) Survivor regions: 7->7(77)
[2025-12-25T01:56:51.131+0000][gc,heap     ] GC(345) Old regions: 73->74
[2025-12-25T01:56:51.131+0000][gc,heap     ] GC(345) Humongous regions: 40->40
[2025-12-25T01:56:51.131+0000][gc,metaspace] GC(345) Metaspace: 12643K(13120K)->12643K(13120K) NonClass: 11543K(11776K)->11543K(11776K) Class: 1099K(1344K)->1099K(1344K)
[2025-12-25T01:56:51.131+0000][gc          ] GC(345) Pause Young (Normal) (G1 Evacuation Pause) 725M->119M(1024M) 32.443ms
[2025-12-25T01:56:51.131+0000][gc,cpu      ] GC(345) User=0.19s Sys=0.00s Real=0.03s
[2025-12-25T01:57:50.802+0000][gc,start    ] GC(346) Pause Young (Normal) (G1 Evacuation Pause)
[2025-12-25T01:57:50.803+0000][gc,task     ] GC(346) Using 8 workers of 8 for evacuation
[2025-12-25T01:57:50.826+0000][gc,phases   ] GC(346)   Pre Evacuate Collection Set: 1.1ms
[2025-12-25T01:57:50.826+0000][gc,phases   ] GC(346)   Merge Heap Roots: 0.4ms
[2025-12-25T01:57:50.827+0000][gc,phases   ] GC(346)   Evacuate Collection Set: 20.1ms
[2025-12-25T01:57:50.827+0000][gc,phases   ] GC(346)   Post Evacuate Collection Set: 1.4ms
[2025-12-25T01:57:50.827+0000][gc,phases   ] GC(346)   Other: 0.7ms
[2025-12-25T01:57:50.827+0000][gc,heap     ] GC(346) Eden regions: 607->0(609)
[2025-12-25T01:57:50.827+0000][gc,heap     ] GC(346) Survivor regions: 7->5(77)
[2025-12-25T01:57:50.827+0000][gc,heap     ] GC(346) Old regions: 74->75
[2025-12-25T01:57:50.827+0000][gc,heap     ] GC(346) Humongous regions: 40->40
[2025-12-25T01:57:50.827+0000][gc,metaspace] GC(346) Metaspace: 12646K(13120K)->12646K(13120K) NonClass: 11546K(11776K)->11546K(11776K) Class: 1099K(1344K)->1099K(1344K)
[2025-12-25T01:57:50.827+0000][gc          ] GC(346) Pause Young (Normal) (G1 Evacuation Pause) 726M->118M(1024M) 25.084ms
[2025-12-25T01:57:50.827+0000][gc,cpu      ] GC(346) User=0.17s Sys=0.00s Real=0.02s
[2025-12-25T01:58:41.176+0000][gc,start    ] GC(347) Pause Young (Normal) (G1 Evacuation Pause)
[2025-12-25T01:58:41.177+0000][gc,task     ] GC(347) Using 8 workers of 8 for evacuation
[2025-12-25T01:58:41.250+0000][gc,phases   ] GC(347)   Pre Evacuate Collection Set: 6.0ms
[2025-12-25T01:58:41.251+0000][gc,phases   ] GC(347)   Merge Heap Roots: 0.7ms
[2025-12-25T01:58:41.251+0000][gc,phases   ] GC(347)   Evacuate Collection Set: 58.6ms
[2025-12-25T01:58:41.251+0000][gc,phases   ] GC(347)   Post Evacuate Collection Set: 7.6ms
[2025-12-25T01:58:41.251+0000][gc,phases   ] GC(347)   Other: 0.9ms
[2025-12-25T01:58:41.252+0000][gc,heap     ] GC(347) Eden regions: 609->0(611)
[2025-12-25T01:58:41.252+0000][gc,heap     ] GC(347) Survivor regions: 5->3(77)
[2025-12-25T01:58:41.252+0000][gc,heap     ] GC(347) Old regions: 75->77
[2025-12-25T01:58:41.252+0000][gc,heap     ] GC(347) Humongous regions: 40->40
[2025-12-25T01:58:41.252+0000][gc,metaspace] GC(347) Metaspace: 12646K(13120K)->12646K(13120K) NonClass: 11546K(11776K)->11546K(11776K) Class: 1099K(1344K)->1099K(1344K)
[2025-12-25T01:58:41.252+0000][gc          ] GC(347) Pause Young (Normal) (G1 Evacuation Pause) 727M->118M(1024M) 76.817ms
[2025-12-25T01:58:41.252+0000][gc,cpu      ] GC(347) User=0.44s Sys=0.01s Real=0.08s
[2025-12-25T01:59:40.714+0000][gc,start    ] GC(348) Pause Young (Normal) (G1 Evacuation Pause)
[2025-12-25T01:59:40.715+0000][gc,task     ] GC(348) Using 8 workers of 8 for evacuation
[2025-12-25T01:59:40.737+0000][gc,phases   ] GC(348)   Pre Evacuate Collection Set: 5.7ms
[2025-12-25T01:59:40.737+0000][gc,phases   ] GC(348)   Merge Heap Roots: 0.4ms
[2025-12-25T01:59:40.738+0000][gc,phases   ] GC(348)   Evacuate Collection Set: 13.6ms
[2025-12-25T01:59:40.738+0000][gc,phases   ] GC(348)   Post Evacuate Collection Set: 2.2ms
[2025-12-25T01:59:40.738+0000][gc,phases   ] GC(348)   Other: 0.6ms
[2025-12-25T01:59:40.738+0000][gc,heap     ] GC(348) Eden regions: 611->0(613)
[2025-12-25T01:59:40.738+0000][gc,heap     ] GC(348) Survivor regions: 3->1(77)
[2025-12-25T01:59:40.738+0000][gc,heap     ] GC(348) Old regions: 77->78
[2025-12-25T01:59:40.738+0000][gc,heap     ] GC(348) Humongous regions: 40->40
[2025-12-25T01:59:40.738+0000][gc,metaspace] GC(348) Metaspace: 12646K(13120K)->12646K(13120K) NonClass: 11546K(11776K)->11546K(11776K) Class: 1099K(1344K)->1099K(1344K)
[2025-12-25T01:59:40.738+0000][gc          ] GC(348) Pause Young (Normal) (G1 Evacuation Pause) 729M->118M(1024M) 23.876ms
[2025-12-25T01:59:40.738+0000][gc,cpu      ] GC(348) User=0.15s Sys=0.01s Real=0.02s
[2025-12-25T02:00:31.023+0000][gc,start    ] GC(349) Pause Young (Normal) (G1 Evacuation Pause)
[2025-12-25T02:00:31.023+0000][gc,task     ] GC(349) Using 8 workers of 8 for evacuation
[2025-12-25T02:00:31.042+0000][gc,phases   ] GC(349)   Pre Evacuate Collection Set: 1.2ms
[2025-12-25T02:00:31.042+0000][gc,phases   ] GC(349)   Merge Heap Roots: 0.2ms
[2025-12-25T02:00:31.042+0000][gc,phases   ] GC(349)   Evacuate Collection Set: 15.3ms
[2025-12-25T02:00:31.042+0000][gc,phases   ] GC(349)   Post Evacuate Collection Set: 1.8ms
[2025-12-25T02:00:31.042+0000][gc,phases   ] GC(349)   Other: 0.4ms
[2025-12-25T02:00:31.042+0000][gc,heap     ] GC(349) Eden regions: 613->0(612)
[2025-12-25T02:00:31.043+0000][gc,heap     ] GC(349) Survivor regions: 1->2(77)
[2025-12-25T02:00:31.043+0000][gc,heap     ] GC(349) Old regions: 78->78
[2025-12-25T02:00:31.043+0000][gc,heap     ] GC(349) Humongous regions: 40->40
[2025-12-25T02:00:31.043+0000][gc,metaspace] GC(349) Metaspace: 12646K(13120K)->12646K(13120K) NonClass: 11546K(11776K)->11546K(11776K) Class: 1099K(1344K)->1099K(1344K)
[2025-12-25T02:00:31.043+0000][gc          ] GC(349) Pause Young (Normal) (G1 Evacuation Pause) 731M->118M(1024M) 20.299ms
[2025-12-25T02:00:31.043+0000][gc,cpu      ] GC(349) User=0.10s Sys=0.03s Real=0.02s
[2025-12-25T02:01:21.012+0000][gc,start    ] GC(350) Pause Young (Normal) (G1 Evacuation Pause)
[2025-12-25T02:01:21.014+0000][gc,task     ] GC(350) Using 8 workers of 8 for evacuation
[2025-12-25T02:01:21.025+0000][gc,phases   ] GC(350)   Pre Evacuate Collection Set: 1.3ms
[2025-12-25T02:01:21.025+0000][gc,phases   ] GC(350)   Merge Heap Roots: 0.2ms
[2025-12-25T02:01:21.025+0000][gc,phases   ] GC(350)   Evacuate Collection Set: 7.0ms
[2025-12-25T02:01:21.025+0000][gc,phases   ] GC(350)   Post Evacuate Collection Set: 1.7ms
[2025-12-25T02:01:21.025+0000][gc,phases   ] GC(350)   Other: 0.2ms
[2025-12-25T02:01:21.025+0000][gc,heap     ] GC(350) Eden regions: 612->0(612)
[2025-12-25T02:01:21.025+0000][gc,heap     ] GC(350) Survivor regions: 2->2(77)
[2025-12-25T02:01:21.025+0000][gc,heap     ] GC(350) Old regions: 78->78
[2025-12-25T02:01:21.025+0000][gc,heap     ] GC(350) Humongous regions: 40->40
[2025-12-25T02:01:21.025+0000][gc,metaspace] GC(350) Metaspace: 12648K(13120K)->12648K(13120K) NonClass: 11548K(11776K)->11548K(11776K) Class: 1099K(1344K)->1099K(1344K)
[2025-12-25T02:01:21.025+0000][gc          ] GC(350) Pause Young (Normal) (G1 Evacuation Pause) 730M->119M(1024M) 13.886ms
[2025-12-25T02:01:21.025+0000][gc,cpu      ] GC(350) User=0.06s Sys=0.01s Real=0.02s
[2025-12-25T02:02:20.791+0000][gc,start    ] GC(351) Pause Young (Normal) (G1 Evacuation Pause)
[2025-12-25T02:02:20.794+0000][gc,task     ] GC(351) Using 8 workers of 8 for evacuation
[2025-12-25T02:02:20.810+0000][gc,phases   ] GC(351)   Pre Evacuate Collection Set: 3.9ms
[2025-12-25T02:02:20.810+0000][gc,phases   ] GC(351)   Merge Heap Roots: 0.8ms
[2025-12-25T02:02:20.810+0000][gc,phases   ] GC(351)   Evacuate Collection Set: 8.5ms
[2025-12-25T02:02:20.810+0000][gc,phases   ] GC(351)   Post Evacuate Collection Set: 1.8ms
[2025-12-25T02:02:20.810+0000][gc,phases   ] GC(351)   Other: 1.7ms
[2025-12-25T02:02:20.810+0000][gc,heap     ] GC(351) Eden regions: 612->0(613)
[2025-12-25T02:02:20.811+0000][gc,heap     ] GC(351) Survivor regions: 2->1(77)
[2025-12-25T02:02:20.811+0000][gc,heap     ] GC(351) Old regions: 78->78
[2025-12-25T02:02:20.811+0000][gc,heap     ] GC(351) Humongous regions: 40->40
[2025-12-25T02:02:20.811+0000][gc,metaspace] GC(351) Metaspace: 12648K(13120K)->12648K(13120K) NonClass: 11548K(11776K)->11548K(11776K) Class: 1099K(1344K)->1099K(1344K)
[2025-12-25T02:02:20.811+0000][gc          ] GC(351) Pause Young (Normal) (G1 Evacuation Pause) 731M->118M(1024M) 20.148ms
[2025-12-25T02:02:20.811+0000][gc,cpu      ] GC(351) User=0.08s Sys=0.00s Real=0.02s
[2025-12-25T02:03:10.933+0000][gc,start    ] GC(352) Pause Young (Normal) (G1 Evacuation Pause)
[2025-12-25T02:03:10.934+0000][gc,task     ] GC(352) Using 8 workers of 8 for evacuation
[2025-12-25T02:03:10.943+0000][gc,phases   ] GC(352)   Pre Evacuate Collection Set: 1.1ms
[2025-12-25T02:03:10.943+0000][gc,phases   ] GC(352)   Merge Heap Roots: 0.2ms
[2025-12-25T02:03:10.943+0000][gc,phases   ] GC(352)   Evacuate Collection Set: 6.1ms
[2025-12-25T02:03:10.943+0000][gc,phases   ] GC(352)   Post Evacuate Collection Set: 1.1ms
[2025-12-25T02:03:10.943+0000][gc,phases   ] GC(352)   Other: 0.3ms
[2025-12-25T02:03:10.943+0000][gc,heap     ] GC(352) Eden regions: 613->0(612)
[2025-12-25T02:03:10.943+0000][gc,heap     ] GC(352) Survivor regions: 1->2(77)
[2025-12-25T02:03:10.943+0000][gc,heap     ] GC(352) Old regions: 78->78
[2025-12-25T02:03:10.943+0000][gc,heap     ] GC(352) Humongous regions: 40->40
[2025-12-25T02:03:10.943+0000][gc,metaspace] GC(352) Metaspace: 12648K(13120K)->12648K(13120K) NonClass: 11548K(11776K)->11548K(11776K) Class: 1099K(1344K)->1099K(1344K)
[2025-12-25T02:03:10.943+0000][gc          ] GC(352) Pause Young (Normal) (G1 Evacuation Pause) 731M->119M(1024M) 10.715ms
[2025-12-25T02:03:10.943+0000][gc,cpu      ] GC(352) User=0.06s Sys=0.00s Real=0.01s
[2025-12-25T02:04:10.717+0000][gc,start    ] GC(353) Pause Young (Normal) (G1 Evacuation Pause)
[2025-12-25T02:04:10.718+0000][gc,task     ] GC(353) Using 8 workers of 8 for evacuation
[2025-12-25T02:04:10.735+0000][gc,phases   ] GC(353)   Pre Evacuate Collection Set: 2.4ms
[2025-12-25T02:04:10.735+0000][gc,phases   ] GC(353)   Merge Heap Roots: 0.3ms
[2025-12-25T02:04:10.736+0000][gc,phases   ] GC(353)   Evacuate Collection Set: 11.9ms
[2025-12-25T02:04:10.736+0000][gc,phases   ] GC(353)   Post Evacuate Collection Set: 2.4ms
[2025-12-25T02:04:10.736+0000][gc,phases   ] GC(353)   Other: 0.5ms
[2025-12-25T02:04:10.736+0000][gc,heap     ] GC(353) Eden regions: 612->0(613)
[2025-12-25T02:04:10.736+0000][gc,heap     ] GC(353) Survivor regions: 2->1(77)
[2025-12-25T02:04:10.736+0000][gc,heap     ] GC(353) Old regions: 78->78
[2025-12-25T02:04:10.736+0000][gc,heap     ] GC(353) Humongous regions: 40->40
[2025-12-25T02:04:10.736+0000][gc,metaspace] GC(353) Metaspace: 12648K(13120K)->12648K(13120K) NonClass: 11548K(11776K)->11548K(11776K) Class: 1099K(1344K)->1099K(1344K)
[2025-12-25T02:04:10.737+0000][gc          ] GC(353) Pause Young (Normal) (G1 Evacuation Pause) 731M->118M(1024M) 19.456ms
[2025-12-25T02:04:10.737+0000][gc,cpu      ] GC(353) User=0.06s Sys=0.05s Real=0.02s
[2025-12-25T02:05:00.925+0000][gc,start    ] GC(354) Pause Young (Normal) (G1 Evacuation Pause)
[2025-12-25T02:05:00.927+0000][gc,task     ] GC(354) Using 8 workers of 8 for evacuation
[2025-12-25T02:05:00.939+0000][gc,phases   ] GC(354)   Pre Evacuate Collection Set: 1.3ms
[2025-12-25T02:05:00.939+0000][gc,phases   ] GC(354)   Merge Heap Roots: 0.3ms
[2025-12-25T02:05:00.939+0000][gc,phases   ] GC(354)   Evacuate Collection Set: 8.2ms
[2025-12-25T02:05:00.939+0000][gc,phases   ] GC(354)   Post Evacuate Collection Set: 1.8ms
[2025-12-25T02:05:00.939+0000][gc,phases   ] GC(354)   Other: 0.5ms
[2025-12-25T02:05:00.939+0000][gc,heap     ] GC(354) Eden regions: 613->0(612)
[2025-12-25T02:05:00.939+0000][gc,heap     ] GC(354) Survivor regions: 1->2(77)
[2025-12-25T02:05:00.939+0000][gc,heap     ] GC(354) Old regions: 78->78
[2025-12-25T02:05:00.939+0000][gc,heap     ] GC(354) Humongous regions: 40->40
[2025-12-25T02:05:00.940+0000][gc,metaspace] GC(354) Metaspace: 12648K(13120K)->12648K(13120K) NonClass: 11548K(11776K)->11548K(11776K) Class: 1099K(1344K)->1099K(1344K)
[2025-12-25T02:05:00.940+0000][gc          ] GC(354) Pause Young (Normal) (G1 Evacuation Pause) 731M->118M(1024M) 14.308ms
[2025-12-25T02:05:00.940+0000][gc,cpu      ] GC(354) User=0.05s Sys=0.01s Real=0.01s
[2025-12-25T02:05:51.083+0000][gc,start    ] GC(355) Pause Young (Normal) (G1 Evacuation Pause)
[2025-12-25T02:05:51.083+0000][gc,task     ] GC(355) Using 8 workers of 8 for evacuation
[2025-12-25T02:05:51.094+0000][gc,phases   ] GC(355)   Pre Evacuate Collection Set: 1.2ms
[2025-12-25T02:05:51.094+0000][gc,phases   ] GC(355)   Merge Heap Roots: 0.4ms
[2025-12-25T02:05:51.094+0000][gc,phases   ] GC(355)   Evacuate Collection Set: 7.7ms
[2025-12-25T02:05:51.094+0000][gc,phases   ] GC(355)   Post Evacuate Collection Set: 1.5ms
[2025-12-25T02:05:51.094+0000][gc,phases   ] GC(355)   Other: 0.3ms
[2025-12-25T02:05:51.095+0000][gc,heap     ] GC(355) Eden regions: 612->0(612)
[2025-12-25T02:05:51.095+0000][gc,heap     ] GC(355) Survivor regions: 2->2(77)
[2025-12-25T02:05:51.095+0000][gc,heap     ] GC(355) Old regions: 78->78
[2025-12-25T02:05:51.095+0000][gc,heap     ] GC(355) Humongous regions: 40->40
[2025-12-25T02:05:51.095+0000][gc,metaspace] GC(355) Metaspace: 12648K(13120K)->12648K(13120K) NonClass: 11548K(11776K)->11548K(11776K) Class: 1099K(1344K)->1099K(1344K)
[2025-12-25T02:05:51.095+0000][gc          ] GC(355) Pause Young (Normal) (G1 Evacuation Pause) 730M->119M(1024M) 12.383ms
[2025-12-25T02:05:51.095+0000][gc,cpu      ] GC(355) User=0.06s Sys=0.00s Real=0.01s
[2025-12-25T02:06:50.786+0000][gc,start    ] GC(356) Pause Young (Normal) (G1 Evacuation Pause)
[2025-12-25T02:06:50.787+0000][gc,task     ] GC(356) Using 8 workers of 8 for evacuation
[2025-12-25T02:06:50.800+0000][gc,phases   ] GC(356)   Pre Evacuate Collection Set: 5.7ms
[2025-12-25T02:06:50.800+0000][gc,phases   ] GC(356)   Merge Heap Roots: 0.2ms
[2025-12-25T02:06:50.800+0000][gc,phases   ] GC(356)   Evacuate Collection Set: 3.7ms
[2025-12-25T02:06:50.801+0000][gc,phases   ] GC(356)   Post Evacuate Collection Set: 3.6ms
[2025-12-25T02:06:50.801+0000][gc,phases   ] GC(356)   Other: 0.2ms
[2025-12-25T02:06:50.801+0000][gc,heap     ] GC(356) Eden regions: 612->0(613)
[2025-12-25T02:06:50.801+0000][gc,heap     ] GC(356) Survivor regions: 2->1(77)
[2025-12-25T02:06:50.801+0000][gc,heap     ] GC(356) Old regions: 78->78
[2025-12-25T02:06:50.801+0000][gc,heap     ] GC(356) Humongous regions: 40->40
[2025-12-25T02:06:50.801+0000][gc,metaspace] GC(356) Metaspace: 12648K(13120K)->12648K(13120K) NonClass: 11548K(11776K)->11548K(11776K) Class: 1099K(1344K)->1099K(1344K)
[2025-12-25T02:06:50.801+0000][gc          ] GC(356) Pause Young (Normal) (G1 Evacuation Pause) 731M->118M(1024M) 14.598ms
[2025-12-25T02:06:50.801+0000][gc,cpu      ] GC(356) User=0.07s Sys=0.00s Real=0.01s
[2025-12-25T02:07:41.038+0000][gc,start    ] GC(357) Pause Young (Normal) (G1 Evacuation Pause)
[2025-12-25T02:07:41.038+0000][gc,task     ] GC(357) Using 8 workers of 8 for evacuation
[2025-12-25T02:07:41.045+0000][gc,phases   ] GC(357)   Pre Evacuate Collection Set: 1.3ms
[2025-12-25T02:07:41.045+0000][gc,phases   ] GC(357)   Merge Heap Roots: 0.2ms
[2025-12-25T02:07:41.045+0000][gc,phases   ] GC(357)   Evacuate Collection Set: 3.7ms
[2025-12-25T02:07:41.046+0000][gc,phases   ] GC(357)   Post Evacuate Collection Set: 1.5ms
[2025-12-25T02:07:41.046+0000][gc,phases   ] GC(357)   Other: 0.4ms
[2025-12-25T02:07:41.046+0000][gc,heap     ] GC(357) Eden regions: 613->0(612)
[2025-12-25T02:07:41.046+0000][gc,heap     ] GC(357) Survivor regions: 1->2(77)
[2025-12-25T02:07:41.046+0000][gc,heap     ] GC(357) Old regions: 78->78
[2025-12-25T02:07:41.046+0000][gc,heap     ] GC(357) Humongous regions: 40->40
[2025-12-25T02:07:41.046+0000][gc,metaspace] GC(357) Metaspace: 12648K(13120K)->12648K(13120K) NonClass: 11548K(11776K)->11548K(11776K) Class: 1099K(1344K)->1099K(1344K)
[2025-12-25T02:07:41.046+0000][gc          ] GC(357) Pause Young (Normal) (G1 Evacuation Pause) 731M->119M(1024M) 8.344ms
[2025-12-25T02:07:41.046+0000][gc,cpu      ] GC(357) User=0.03s Sys=0.00s Real=0.01s
[2025-12-25T02:08:31.184+0000][gc,start    ] GC(358) Pause Young (Normal) (G1 Evacuation Pause)
[2025-12-25T02:08:31.185+0000][gc,task     ] GC(358) Using 8 workers of 8 for evacuation
[2025-12-25T02:08:31.194+0000][gc,phases   ] GC(358)   Pre Evacuate Collection Set: 1.3ms
[2025-12-25T02:08:31.194+0000][gc,phases   ] GC(358)   Merge Heap Roots: 0.2ms
[2025-12-25T02:08:31.194+0000][gc,phases   ] GC(358)   Evacuate Collection Set: 5.7ms
[2025-12-25T02:08:31.194+0000][gc,phases   ] GC(358)   Post Evacuate Collection Set: 1.3ms
[2025-12-25T02:08:31.194+0000][gc,phases   ] GC(358)   Other: 0.6ms
[2025-12-25T02:08:31.194+0000][gc,heap     ] GC(358) Eden regions: 612->0(613)
[2025-12-25T02:08:31.194+0000][gc,heap     ] GC(358) Survivor regions: 2->1(77)
[2025-12-25T02:08:31.194+0000][gc,heap     ] GC(358) Old regions: 78->78
[2025-12-25T02:08:31.194+0000][gc,heap     ] GC(358) Humongous regions: 40->40
[2025-12-25T02:08:31.194+0000][gc,metaspace] GC(358) Metaspace: 12648K(13120K)->12648K(13120K) NonClass: 11548K(11776K)->11548K(11776K) Class: 1099K(1344K)->1099K(1344K)
[2025-12-25T02:08:31.194+0000][gc          ] GC(358) Pause Young (Normal) (G1 Evacuation Pause) 731M->118M(1024M) 10.436ms
[2025-12-25T02:08:31.194+0000][gc,cpu      ] GC(358) User=0.04s Sys=0.00s Real=0.01s
[2025-12-25T02:09:30.880+0000][gc,start    ] GC(359) Pause Young (Normal) (G1 Evacuation Pause)
[2025-12-25T02:09:30.881+0000][gc,task     ] GC(359) Using 8 workers of 8 for evacuation
[2025-12-25T02:09:30.896+0000][gc,phases   ] GC(359)   Pre Evacuate Collection Set: 3.9ms
[2025-12-25T02:09:30.896+0000][gc,phases   ] GC(359)   Merge Heap Roots: 0.9ms
[2025-12-25T02:09:30.896+0000][gc,phases   ] GC(359)   Evacuate Collection Set: 7.9ms
[2025-12-25T02:09:30.896+0000][gc,phases   ] GC(359)   Post Evacuate Collection Set: 1.5ms
[2025-12-25T02:09:30.896+0000][gc,phases   ] GC(359)   Other: 1.2ms
[2025-12-25T02:09:30.896+0000][gc,heap     ] GC(359) Eden regions: 613->0(612)
[2025-12-25T02:09:30.896+0000][gc,heap     ] GC(359) Survivor regions: 1->2(77)
[2025-12-25T02:09:30.897+0000][gc,heap     ] GC(359) Old regions: 78->78
[2025-12-25T02:09:30.897+0000][gc,heap     ] GC(359) Humongous regions: 40->40
[2025-12-25T02:09:30.897+0000][gc,metaspace] GC(359) Metaspace: 12648K(13120K)->12648K(13120K) NonClass: 11548K(11776K)->11548K(11776K) Class: 1099K(1344K)->1099K(1344K)
[2025-12-25T02:09:30.897+0000][gc          ] GC(359) Pause Young (Normal) (G1 Evacuation Pause) 731M->118M(1024M) 16.506ms
[2025-12-25T02:09:30.897+0000][gc,cpu      ] GC(359) User=0.09s Sys=0.00s Real=0.01s
[2025-12-25T02:10:21.040+0000][gc,start    ] GC(360) Pause Young (Normal) (G1 Evacuation Pause)
[2025-12-25T02:10:21.041+0000][gc,task     ] GC(360) Using 8 workers of 8 for evacuation
[2025-12-25T02:10:21.057+0000][gc,phases   ] GC(360)   Pre Evacuate Collection Set: 1.5ms
[2025-12-25T02:10:21.057+0000][gc,phases   ] GC(360)   Merge Heap Roots: 0.2ms
[2025-12-25T02:10:21.057+0000][gc,phases   ] GC(360)   Evacuate Collection Set: 12.0ms
[2025-12-25T02:10:21.057+0000][gc,phases   ] GC(360)   Post Evacuate Collection Set: 2.0ms
[2025-12-25T02:10:21.058+0000][gc,phases   ] GC(360)   Other: 0.5ms
[2025-12-25T02:10:21.058+0000][gc,heap     ] GC(360) Eden regions: 612->0(612)
[2025-12-25T02:10:21.058+0000][gc,heap     ] GC(360) Survivor regions: 2->2(77)
[2025-12-25T02:10:21.058+0000][gc,heap     ] GC(360) Old regions: 78->78
[2025-12-25T02:10:21.058+0000][gc,heap     ] GC(360) Humongous regions: 40->40
[2025-12-25T02:10:21.058+0000][gc,metaspace] GC(360) Metaspace: 12648K(13120K)->12648K(13120K) NonClass: 11548K(11776K)->11548K(11776K) Class: 1099K(1344K)->1099K(1344K)
[2025-12-25T02:10:21.058+0000][gc          ] GC(360) Pause Young (Normal) (G1 Evacuation Pause) 730M->119M(1024M) 17.846ms
[2025-12-25T02:10:21.058+0000][gc,cpu      ] GC(360) User=0.08s Sys=0.00s Real=0.02s
[2025-12-25T02:11:20.794+0000][gc,start    ] GC(361) Pause Young (Normal) (G1 Evacuation Pause)
[2025-12-25T02:11:20.794+0000][gc,task     ] GC(361) Using 8 workers of 8 for evacuation
[2025-12-25T02:11:20.804+0000][gc,phases   ] GC(361)   Pre Evacuate Collection Set: 1.1ms
[2025-12-25T02:11:20.804+0000][gc,phases   ] GC(361)   Merge Heap Roots: 0.2ms
[2025-12-25T02:11:20.804+0000][gc,phases   ] GC(361)   Evacuate Collection Set: 6.6ms
[2025-12-25T02:11:20.804+0000][gc,phases   ] GC(361)   Post Evacuate Collection Set: 1.4ms
[2025-12-25T02:11:20.804+0000][gc,phases   ] GC(361)   Other: 0.3ms
[2025-12-25T02:11:20.804+0000][gc,heap     ] GC(361) Eden regions: 612->0(613)
[2025-12-25T02:11:20.804+0000][gc,heap     ] GC(361) Survivor regions: 2->1(77)
[2025-12-25T02:11:20.804+0000][gc,heap     ] GC(361) Old regions: 78->78
[2025-12-25T02:11:20.804+0000][gc,heap     ] GC(361) Humongous regions: 40->40
[2025-12-25T02:11:20.805+0000][gc,metaspace] GC(361) Metaspace: 12648K(13120K)->12648K(13120K) NonClass: 11548K(11776K)->11548K(11776K) Class: 1099K(1344K)->1099K(1344K)
[2025-12-25T02:11:20.805+0000][gc          ] GC(361) Pause Young (Normal) (G1 Evacuation Pause) 731M->118M(1024M) 10.758ms
[2025-12-25T02:11:20.805+0000][gc,cpu      ] GC(361) User=0.04s Sys=0.01s Real=0.01s
[2025-12-25T02:12:10.947+0000][gc,start    ] GC(362) Pause Young (Normal) (G1 Evacuation Pause)
[2025-12-25T02:12:10.947+0000][gc,task     ] GC(362) Using 8 workers of 8 for evacuation
[2025-12-25T02:12:10.964+0000][gc,phases   ] GC(362)   Pre Evacuate Collection Set: 1.2ms
[2025-12-25T02:12:10.964+0000][gc,phases   ] GC(362)   Merge Heap Roots: 0.2ms
[2025-12-25T02:12:10.964+0000][gc,phases   ] GC(362)   Evacuate Collection Set: 11.8ms
[2025-12-25T02:12:10.964+0000][gc,phases   ] GC(362)   Post Evacuate Collection Set: 3.1ms
[2025-12-25T02:12:10.964+0000][gc,phases   ] GC(362)   Other: 0.5ms
[2025-12-25T02:12:10.964+0000][gc,heap     ] GC(362) Eden regions: 613->0(612)
[2025-12-25T02:12:10.964+0000][gc,heap     ] GC(362) Survivor regions: 1->2(77)
[2025-12-25T02:12:10.964+0000][gc,heap     ] GC(362) Old regions: 78->78
[2025-12-25T02:12:10.965+0000][gc,heap     ] GC(362) Humongous regions: 40->40
[2025-12-25T02:12:10.965+0000][gc,metaspace] GC(362) Metaspace: 12648K(13120K)->12648K(13120K) NonClass: 11548K(11776K)->11548K(11776K) Class: 1099K(1344K)->1099K(1344K)
[2025-12-25T02:12:10.965+0000][gc          ] GC(362) Pause Young (Normal) (G1 Evacuation Pause) 731M->119M(1024M) 18.089ms
[2025-12-25T02:12:10.965+0000][gc,cpu      ] GC(362) User=0.08s Sys=0.00s Real=0.02s
[2025-12-25T02:13:01.048+0000][gc,start    ] GC(363) Pause Young (Normal) (G1 Evacuation Pause)
[2025-12-25T02:13:01.049+0000][gc,task     ] GC(363) Using 8 workers of 8 for evacuation
[2025-12-25T02:13:01.058+0000][gc,phases   ] GC(363)   Pre Evacuate Collection Set: 1.4ms
[2025-12-25T02:13:01.058+0000][gc,phases   ] GC(363)   Merge Heap Roots: 0.3ms
[2025-12-25T02:13:01.058+0000][gc,phases   ] GC(363)   Evacuate Collection Set: 4.8ms
[2025-12-25T02:13:01.058+0000][gc,phases   ] GC(363)   Post Evacuate Collection Set: 2.5ms
[2025-12-25T02:13:01.058+0000][gc,phases   ] GC(363)   Other: 0.2ms
[2025-12-25T02:13:01.058+0000][gc,heap     ] GC(363) Eden regions: 612->0(612)
[2025-12-25T02:13:01.058+0000][gc,heap     ] GC(363) Survivor regions: 2->2(77)
[2025-12-25T02:13:01.058+0000][gc,heap     ] GC(363) Old regions: 78->78
[2025-12-25T02:13:01.058+0000][gc,heap     ] GC(363) Humongous regions: 40->40
[2025-12-25T02:13:01.059+0000][gc,metaspace] GC(363) Metaspace: 12650K(13120K)->12650K(13120K) NonClass: 11550K(11776K)->11550K(11776K) Class: 1099K(1344K)->1099K(1344K)
[2025-12-25T02:13:01.059+0000][gc          ] GC(363) Pause Young (Normal) (G1 Evacuation Pause) 731M->119M(1024M) 10.467ms
[2025-12-25T02:13:01.059+0000][gc,cpu      ] GC(363) User=0.04s Sys=0.00s Real=0.01s
[2025-12-25T02:14:00.844+0000][gc,start    ] GC(364) Pause Young (Normal) (G1 Evacuation Pause)
[2025-12-25T02:14:00.844+0000][gc,task     ] GC(364) Using 8 workers of 8 for evacuation
[2025-12-25T02:14:00.852+0000][gc,phases   ] GC(364)   Pre Evacuate Collection Set: 1.4ms
[2025-12-25T02:14:00.853+0000][gc,phases   ] GC(364)   Merge Heap Roots: 0.2ms
[2025-12-25T02:14:00.853+0000][gc,phases   ] GC(364)   Evacuate Collection Set: 4.1ms
[2025-12-25T02:14:00.853+0000][gc,phases   ] GC(364)   Post Evacuate Collection Set: 2.1ms
[2025-12-25T02:14:00.853+0000][gc,phases   ] GC(364)   Other: 0.2ms
[2025-12-25T02:14:00.853+0000][gc,heap     ] GC(364) Eden regions: 612->0(612)
[2025-12-25T02:14:00.853+0000][gc,heap     ] GC(364) Survivor regions: 2->2(77)
[2025-12-25T02:14:00.853+0000][gc,heap     ] GC(364) Old regions: 78->78
[2025-12-25T02:14:00.853+0000][gc,heap     ] GC(364) Humongous regions: 40->40
[2025-12-25T02:14:00.853+0000][gc,metaspace] GC(364) Metaspace: 12650K(13120K)->12650K(13120K) NonClass: 11550K(11776K)->11550K(11776K) Class: 1099K(1344K)->1099K(1344K)
[2025-12-25T02:14:00.853+0000][gc          ] GC(364) Pause Young (Normal) (G1 Evacuation Pause) 731M->119M(1024M) 9.441ms
[2025-12-25T02:14:00.853+0000][gc,cpu      ] GC(364) User=0.05s Sys=0.00s Real=0.01s
[2025-12-25T02:14:51.044+0000][gc,start    ] GC(365) Pause Young (Normal) (G1 Evacuation Pause)
[2025-12-25T02:14:51.045+0000][gc,task     ] GC(365) Using 8 workers of 8 for evacuation
[2025-12-25T02:14:51.052+0000][gc,phases   ] GC(365)   Pre Evacuate Collection Set: 1.2ms
[2025-12-25T02:14:51.053+0000][gc,phases   ] GC(365)   Merge Heap Roots: 0.3ms
[2025-12-25T02:14:51.053+0000][gc,phases   ] GC(365)   Evacuate Collection Set: 4.4ms
[2025-12-25T02:14:51.053+0000][gc,phases   ] GC(365)   Post Evacuate Collection Set: 1.4ms
[2025-12-25T02:14:51.053+0000][gc,phases   ] GC(365)   Other: 0.4ms
[2025-12-25T02:14:51.053+0000][gc,heap     ] GC(365) Eden regions: 612->0(612)
[2025-12-25T02:14:51.053+0000][gc,heap     ] GC(365) Survivor regions: 2->2(77)
[2025-12-25T02:14:51.053+0000][gc,heap     ] GC(365) Old regions: 78->78
[2025-12-25T02:14:51.053+0000][gc,heap     ] GC(365) Humongous regions: 40->40
[2025-12-25T02:14:51.053+0000][gc,metaspace] GC(365) Metaspace: 12650K(13120K)->12650K(13120K) NonClass: 11550K(11776K)->11550K(11776K) Class: 1099K(1344K)->1099K(1344K)
[2025-12-25T02:14:51.053+0000][gc          ] GC(365) Pause Young (Normal) (G1 Evacuation Pause) 731M->119M(1024M) 9.537ms
[2025-12-25T02:14:51.053+0000][gc,cpu      ] GC(365) User=0.04s Sys=0.00s Real=0.01s
[2025-12-25T02:15:50.786+0000][gc,start    ] GC(366) Pause Young (Normal) (G1 Evacuation Pause)
[2025-12-25T02:15:50.786+0000][gc,task     ] GC(366) Using 8 workers of 8 for evacuation
[2025-12-25T02:15:50.795+0000][gc,phases   ] GC(366)   Pre Evacuate Collection Set: 1.3ms
[2025-12-25T02:15:50.795+0000][gc,phases   ] GC(366)   Merge Heap Roots: 0.2ms
[2025-12-25T02:15:50.795+0000][gc,phases   ] GC(366)   Evacuate Collection Set: 4.4ms
[2025-12-25T02:15:50.795+0000][gc,phases   ] GC(366)   Post Evacuate Collection Set: 2.1ms
[2025-12-25T02:15:50.795+0000][gc,phases   ] GC(366)   Other: 0.2ms
[2025-12-25T02:15:50.795+0000][gc,heap     ] GC(366) Eden regions: 612->0(613)
[2025-12-25T02:15:50.795+0000][gc,heap     ] GC(366) Survivor regions: 2->1(77)
[2025-12-25T02:15:50.795+0000][gc,heap     ] GC(366) Old regions: 78->78
[2025-12-25T02:15:50.795+0000][gc,heap     ] GC(366) Humongous regions: 40->40
[2025-12-25T02:15:50.795+0000][gc,metaspace] GC(366) Metaspace: 12657K(13120K)->12657K(13120K) NonClass: 11557K(11776K)->11557K(11776K) Class: 1099K(1344K)->1099K(1344K)
[2025-12-25T02:15:50.795+0000][gc          ] GC(366) Pause Young (Normal) (G1 Evacuation Pause) 731M->118M(1024M) 9.807ms
[2025-12-25T02:15:50.796+0000][gc,cpu      ] GC(366) User=0.05s Sys=0.00s Real=0.01s
[2025-12-25T02:16:40.963+0000][gc,start    ] GC(367) Pause Young (Normal) (G1 Evacuation Pause)
[2025-12-25T02:16:40.964+0000][gc,task     ] GC(367) Using 8 workers of 8 for evacuation
[2025-12-25T02:16:40.981+0000][gc,phases   ] GC(367)   Pre Evacuate Collection Set: 2.2ms
[2025-12-25T02:16:40.981+0000][gc,phases   ] GC(367)   Merge Heap Roots: 0.5ms
[2025-12-25T02:16:40.981+0000][gc,phases   ] GC(367)   Evacuate Collection Set: 11.7ms
[2025-12-25T02:16:40.981+0000][gc,phases   ] GC(367)   Post Evacuate Collection Set: 1.8ms
[2025-12-25T02:16:40.981+0000][gc,phases   ] GC(367)   Other: 0.6ms
[2025-12-25T02:16:40.981+0000][gc,heap     ] GC(367) Eden regions: 613->0(612)
[2025-12-25T02:16:40.981+0000][gc,heap     ] GC(367) Survivor regions: 1->2(77)
[2025-12-25T02:16:40.981+0000][gc,heap     ] GC(367) Old regions: 78->78
[2025-12-25T02:16:40.981+0000][gc,heap     ] GC(367) Humongous regions: 40->40
[2025-12-25T02:16:40.981+0000][gc,metaspace] GC(367) Metaspace: 12657K(13120K)->12657K(13120K) NonClass: 11557K(11776K)->11557K(11776K) Class: 1099K(1344K)->1099K(1344K)
[2025-12-25T02:16:40.981+0000][gc          ] GC(367) Pause Young (Normal) (G1 Evacuation Pause) 731M->119M(1024M) 17.694ms
[2025-12-25T02:16:40.981+0000][gc,cpu      ] GC(367) User=0.11s Sys=0.00s Real=0.02s
[2025-12-25T02:17:31.052+0000][gc,start    ] GC(368) Pause Young (Normal) (G1 Evacuation Pause)
[2025-12-25T02:17:31.053+0000][gc,task     ] GC(368) Using 8 workers of 8 for evacuation
[2025-12-25T02:17:31.067+0000][gc,phases   ] GC(368)   Pre Evacuate Collection Set: 1.0ms
[2025-12-25T02:17:31.067+0000][gc,phases   ] GC(368)   Merge Heap Roots: 0.2ms
[2025-12-25T02:17:31.067+0000][gc,phases   ] GC(368)   Evacuate Collection Set: 9.4ms
[2025-12-25T02:17:31.068+0000][gc,phases   ] GC(368)   Post Evacuate Collection Set: 3.5ms
[2025-12-25T02:17:31.068+0000][gc,phases   ] GC(368)   Other: 0.2ms
[2025-12-25T02:17:31.068+0000][gc,heap     ] GC(368) Eden regions: 612->0(612)
[2025-12-25T02:17:31.068+0000][gc,heap     ] GC(368) Survivor regions: 2->2(77)
[2025-12-25T02:17:31.068+0000][gc,heap     ] GC(368) Old regions: 78->79
[2025-12-25T02:17:31.068+0000][gc,heap     ] GC(368) Humongous regions: 40->40
[2025-12-25T02:17:31.068+0000][gc,metaspace] GC(368) Metaspace: 12657K(13120K)->12657K(13120K) NonClass: 11557K(11776K)->11557K(11776K) Class: 1099K(1344K)->1099K(1344K)
[2025-12-25T02:17:31.069+0000][gc          ] GC(368) Pause Young (Normal) (G1 Evacuation Pause) 731M->119M(1024M) 16.046ms
[2025-12-25T02:17:31.069+0000][gc,cpu      ] GC(368) User=0.09s Sys=0.00s Real=0.02s
[2025-12-25T02:18:30.877+0000][gc,start    ] GC(369) Pause Young (Normal) (G1 Evacuation Pause)
[2025-12-25T02:18:30.877+0000][gc,task     ] GC(369) Using 8 workers of 8 for evacuation
[2025-12-25T02:18:30.893+0000][gc,phases   ] GC(369)   Pre Evacuate Collection Set: 3.6ms
[2025-12-25T02:18:30.893+0000][gc,phases   ] GC(369)   Merge Heap Roots: 0.3ms
[2025-12-25T02:18:30.893+0000][gc,phases   ] GC(369)   Evacuate Collection Set: 10.5ms
[2025-12-25T02:18:30.893+0000][gc,phases   ] GC(369)   Post Evacuate Collection Set: 1.3ms
[2025-12-25T02:18:30.893+0000][gc,phases   ] GC(369)   Other: 0.4ms
[2025-12-25T02:18:30.893+0000][gc,heap     ] GC(369) Eden regions: 612->0(612)
[2025-12-25T02:18:30.894+0000][gc,heap     ] GC(369) Survivor regions: 2->2(77)
[2025-12-25T02:18:30.894+0000][gc,heap     ] GC(369) Old regions: 79->79
[2025-12-25T02:18:30.894+0000][gc,heap     ] GC(369) Humongous regions: 40->40
[2025-12-25T02:18:30.894+0000][gc,metaspace] GC(369) Metaspace: 12657K(13120K)->12657K(13120K) NonClass: 11557K(11776K)->11557K(11776K) Class: 1099K(1344K)->1099K(1344K)
[2025-12-25T02:18:30.894+0000][gc          ] GC(369) Pause Young (Normal) (G1 Evacuation Pause) 731M->119M(1024M) 16.981ms
[2025-12-25T02:18:30.894+0000][gc,cpu      ] GC(369) User=0.10s Sys=0.00s Real=0.02s
[2025-12-25T02:19:21.048+0000][gc,start    ] GC(370) Pause Young (Normal) (G1 Evacuation Pause)
[2025-12-25T02:19:21.049+0000][gc,task     ] GC(370) Using 8 workers of 8 for evacuation
[2025-12-25T02:19:21.056+0000][gc,phases   ] GC(370)   Pre Evacuate Collection Set: 1.2ms
[2025-12-25T02:19:21.056+0000][gc,phases   ] GC(370)   Merge Heap Roots: 0.2ms
[2025-12-25T02:19:21.056+0000][gc,phases   ] GC(370)   Evacuate Collection Set: 3.9ms
[2025-12-25T02:19:21.056+0000][gc,phases   ] GC(370)   Post Evacuate Collection Set: 1.3ms
[2025-12-25T02:19:21.057+0000][gc,phases   ] GC(370)   Other: 0.6ms
[2025-12-25T02:19:21.057+0000][gc,heap     ] GC(370) Eden regions: 612->0(612)
[2025-12-25T02:19:21.057+0000][gc,heap     ] GC(370) Survivor regions: 2->2(77)
[2025-12-25T02:19:21.057+0000][gc,heap     ] GC(370) Old regions: 79->79
[2025-12-25T02:19:21.057+0000][gc,heap     ] GC(370) Humongous regions: 40->40
[2025-12-25T02:19:21.057+0000][gc,metaspace] GC(370) Metaspace: 12657K(13120K)->12657K(13120K) NonClass: 11557K(11776K)->11557K(11776K) Class: 1099K(1344K)->1099K(1344K)
[2025-12-25T02:19:21.057+0000][gc          ] GC(370) Pause Young (Normal) (G1 Evacuation Pause) 731M->119M(1024M) 8.480ms
[2025-12-25T02:19:21.057+0000][gc,cpu      ] GC(370) User=0.03s Sys=0.00s Real=0.01s
[2025-12-25T02:20:20.782+0000][gc,start    ] GC(371) Pause Young (Normal) (G1 Evacuation Pause)
[2025-12-25T02:20:20.782+0000][gc,task     ] GC(371) Using 8 workers of 8 for evacuation
[2025-12-25T02:20:20.798+0000][gc,phases   ] GC(371)   Pre Evacuate Collection Set: 3.5ms
[2025-12-25T02:20:20.798+0000][gc,phases   ] GC(371)   Merge Heap Roots: 0.3ms
[2025-12-25T02:20:20.798+0000][gc,phases   ] GC(371)   Evacuate Collection Set: 6.5ms
[2025-12-25T02:20:20.798+0000][gc,phases   ] GC(371)   Post Evacuate Collection Set: 4.8ms
[2025-12-25T02:20:20.798+0000][gc,phases   ] GC(371)   Other: 0.4ms
[2025-12-25T02:20:20.799+0000][gc,heap     ] GC(371) Eden regions: 612->0(613)
[2025-12-25T02:20:20.799+0000][gc,heap     ] GC(371) Survivor regions: 2->1(77)
[2025-12-25T02:20:20.799+0000][gc,heap     ] GC(371) Old regions: 79->79
[2025-12-25T02:20:20.799+0000][gc,heap     ] GC(371) Humongous regions: 40->40
[2025-12-25T02:20:20.799+0000][gc,metaspace] GC(371) Metaspace: 12657K(13120K)->12657K(13120K) NonClass: 11557K(11776K)->11557K(11776K) Class: 1099K(1344K)->1099K(1344K)
[2025-12-25T02:20:20.799+0000][gc          ] GC(371) Pause Young (Normal) (G1 Evacuation Pause) 731M->118M(1024M) 17.412ms
[2025-12-25T02:20:20.799+0000][gc,cpu      ] GC(371) User=0.08s Sys=0.00s Real=0.01s
[2025-12-25T02:21:10.915+0000][gc,start    ] GC(372) Pause Young (Normal) (G1 Evacuation Pause)
[2025-12-25T02:21:10.916+0000][gc,task     ] GC(372) Using 8 workers of 8 for evacuation
[2025-12-25T02:21:10.922+0000][gc,phases   ] GC(372)   Pre Evacuate Collection Set: 1.0ms
[2025-12-25T02:21:10.922+0000][gc,phases   ] GC(372)   Merge Heap Roots: 0.2ms
[2025-12-25T02:21:10.922+0000][gc,phases   ] GC(372)   Evacuate Collection Set: 4.1ms
[2025-12-25T02:21:10.922+0000][gc,phases   ] GC(372)   Post Evacuate Collection Set: 1.0ms
[2025-12-25T02:21:10.922+0000][gc,phases   ] GC(372)   Other: 0.2ms
[2025-12-25T02:21:10.922+0000][gc,heap     ] GC(372) Eden regions: 613->0(612)
[2025-12-25T02:21:10.923+0000][gc,heap     ] GC(372) Survivor regions: 1->2(77)
[2025-12-25T02:21:10.923+0000][gc,heap     ] GC(372) Old regions: 79->79
[2025-12-25T02:21:10.923+0000][gc,heap     ] GC(372) Humongous regions: 40->40
[2025-12-25T02:21:10.923+0000][gc,metaspace] GC(372) Metaspace: 12657K(13120K)->12657K(13120K) NonClass: 11557K(11776K)->11557K(11776K) Class: 1099K(1344K)->1099K(1344K)
[2025-12-25T02:21:10.923+0000][gc          ] GC(372) Pause Young (Normal) (G1 Evacuation Pause) 731M->119M(1024M) 7.731ms
[2025-12-25T02:21:10.923+0000][gc,cpu      ] GC(372) User=0.03s Sys=0.00s Real=0.01s
[2025-12-25T02:22:01.127+0000][gc,start    ] GC(373) Pause Young (Normal) (G1 Evacuation Pause)
[2025-12-25T02:22:01.127+0000][gc,task     ] GC(373) Using 8 workers of 8 for evacuation
[2025-12-25T02:22:01.141+0000][gc,phases   ] GC(373)   Pre Evacuate Collection Set: 1.3ms
[2025-12-25T02:22:01.142+0000][gc,phases   ] GC(373)   Merge Heap Roots: 0.3ms
[2025-12-25T02:22:01.142+0000][gc,phases   ] GC(373)   Evacuate Collection Set: 9.8ms
[2025-12-25T02:22:01.142+0000][gc,phases   ] GC(373)   Post Evacuate Collection Set: 2.2ms
[2025-12-25T02:22:01.142+0000][gc,phases   ] GC(373)   Other: 0.3ms
[2025-12-25T02:22:01.142+0000][gc,heap     ] GC(373) Eden regions: 612->0(612)
[2025-12-25T02:22:01.142+0000][gc,heap     ] GC(373) Survivor regions: 2->2(77)
[2025-12-25T02:22:01.142+0000][gc,heap     ] GC(373) Old regions: 79->79
[2025-12-25T02:22:01.142+0000][gc,heap     ] GC(373) Humongous regions: 40->40
[2025-12-25T02:22:01.142+0000][gc,metaspace] GC(373) Metaspace: 12657K(13120K)->12657K(13120K) NonClass: 11557K(11776K)->11557K(11776K) Class: 1099K(1344K)->1099K(1344K)
[2025-12-25T02:22:01.142+0000][gc          ] GC(373) Pause Young (Normal) (G1 Evacuation Pause) 731M->120M(1024M) 15.253ms
[2025-12-25T02:22:01.142+0000][gc,cpu      ] GC(373) User=0.05s Sys=0.00s Real=0.02s
[2025-12-25T02:23:00.855+0000][gc,start    ] GC(374) Pause Young (Normal) (G1 Evacuation Pause)
[2025-12-25T02:23:00.856+0000][gc,task     ] GC(374) Using 8 workers of 8 for evacuation
[2025-12-25T02:23:00.861+0000][gc,phases   ] GC(374)   Pre Evacuate Collection Set: 1.1ms
[2025-12-25T02:23:00.861+0000][gc,phases   ] GC(374)   Merge Heap Roots: 0.2ms
[2025-12-25T02:23:00.861+0000][gc,phases   ] GC(374)   Evacuate Collection Set: 2.8ms
[2025-12-25T02:23:00.861+0000][gc,phases   ] GC(374)   Post Evacuate Collection Set: 1.2ms
[2025-12-25T02:23:00.861+0000][gc,phases   ] GC(374)   Other: 0.3ms
[2025-12-25T02:23:00.861+0000][gc,heap     ] GC(374) Eden regions: 612->0(612)
[2025-12-25T02:23:00.861+0000][gc,heap     ] GC(374) Survivor regions: 2->2(77)
[2025-12-25T02:23:00.861+0000][gc,heap     ] GC(374) Old regions: 79->79
[2025-12-25T02:23:00.862+0000][gc,heap     ] GC(374) Humongous regions: 40->40
[2025-12-25T02:23:00.862+0000][gc,metaspace] GC(374) Metaspace: 12657K(13120K)->12657K(13120K) NonClass: 11557K(11776K)->11557K(11776K) Class: 1099K(1344K)->1099K(1344K)
[2025-12-25T02:23:00.862+0000][gc          ] GC(374) Pause Young (Normal) (G1 Evacuation Pause) 732M->119M(1024M) 6.660ms
[2025-12-25T02:23:00.862+0000][gc,cpu      ] GC(374) User=0.03s Sys=0.00s Real=0.01s
[2025-12-25T02:23:51.040+0000][gc,start    ] GC(375) Pause Young (Normal) (G1 Evacuation Pause)
[2025-12-25T02:23:51.043+0000][gc,task     ] GC(375) Using 8 workers of 8 for evacuation
[2025-12-25T02:23:51.056+0000][gc,phases   ] GC(375)   Pre Evacuate Collection Set: 1.4ms
[2025-12-25T02:23:51.056+0000][gc,phases   ] GC(375)   Merge Heap Roots: 0.6ms
[2025-12-25T02:23:51.056+0000][gc,phases   ] GC(375)   Evacuate Collection Set: 9.5ms
[2025-12-25T02:23:51.056+0000][gc,phases   ] GC(375)   Post Evacuate Collection Set: 1.9ms
[2025-12-25T02:23:51.057+0000][gc,phases   ] GC(375)   Other: 0.3ms
[2025-12-25T02:23:51.057+0000][gc,heap     ] GC(375) Eden regions: 612->0(612)
[2025-12-25T02:23:51.057+0000][gc,heap     ] GC(375) Survivor regions: 2->2(77)
[2025-12-25T02:23:51.057+0000][gc,heap     ] GC(375) Old regions: 79->79
[2025-12-25T02:23:51.057+0000][gc,heap     ] GC(375) Humongous regions: 40->40
[2025-12-25T02:23:51.057+0000][gc,metaspace] GC(375) Metaspace: 12657K(13120K)->12657K(13120K) NonClass: 11557K(11776K)->11557K(11776K) Class: 1099K(1344K)->1099K(1344K)
[2025-12-25T02:23:51.057+0000][gc          ] GC(375) Pause Young (Normal) (G1 Evacuation Pause) 731M->119M(1024M) 16.985ms
[2025-12-25T02:23:51.057+0000][gc,cpu      ] GC(375) User=0.04s Sys=0.00s Real=0.02s
[2025-12-25T02:24:50.805+0000][gc,start    ] GC(376) Pause Young (Normal) (G1 Evacuation Pause)
[2025-12-25T02:24:50.807+0000][gc,task     ] GC(376) Using 8 workers of 8 for evacuation
[2025-12-25T02:24:50.815+0000][gc,phases   ] GC(376)   Pre Evacuate Collection Set: 1.7ms
[2025-12-25T02:24:50.815+0000][gc,phases   ] GC(376)   Merge Heap Roots: 0.2ms
[2025-12-25T02:24:50.815+0000][gc,phases   ] GC(376)   Evacuate Collection Set: 4.5ms
[2025-12-25T02:24:50.815+0000][gc,phases   ] GC(376)   Post Evacuate Collection Set: 1.2ms
[2025-12-25T02:24:50.815+0000][gc,phases   ] GC(376)   Other: 1.0ms
[2025-12-25T02:24:50.815+0000][gc,heap     ] GC(376) Eden regions: 612->0(613)
[2025-12-25T02:24:50.815+0000][gc,heap     ] GC(376) Survivor regions: 2->1(77)
[2025-12-25T02:24:50.815+0000][gc,heap     ] GC(376) Old regions: 79->79
[2025-12-25T02:24:50.815+0000][gc,heap     ] GC(376) Humongous regions: 40->40
[2025-12-25T02:24:50.816+0000][gc,metaspace] GC(376) Metaspace: 12657K(13120K)->12657K(13120K) NonClass: 11557K(11776K)->11557K(11776K) Class: 1099K(1344K)->1099K(1344K)
[2025-12-25T02:24:50.816+0000][gc          ] GC(376) Pause Young (Normal) (G1 Evacuation Pause) 731M->119M(1024M) 10.932ms
[2025-12-25T02:24:50.816+0000][gc,cpu      ] GC(376) User=0.05s Sys=0.00s Real=0.01s
[2025-12-25T02:25:40.760+0000][gc,start    ] GC(377) Pause Young (Normal) (G1 Evacuation Pause)
[2025-12-25T02:25:40.763+0000][gc,task     ] GC(377) Using 8 workers of 8 for evacuation
[2025-12-25T02:25:40.779+0000][gc,phases   ] GC(377)   Pre Evacuate Collection Set: 1.2ms
[2025-12-25T02:25:40.780+0000][gc,phases   ] GC(377)   Merge Heap Roots: 0.3ms
[2025-12-25T02:25:40.780+0000][gc,phases   ] GC(377)   Evacuate Collection Set: 13.1ms
[2025-12-25T02:25:40.780+0000][gc,phases   ] GC(377)   Post Evacuate Collection Set: 1.3ms
[2025-12-25T02:25:40.780+0000][gc,phases   ] GC(377)   Other: 0.7ms
[2025-12-25T02:25:40.780+0000][gc,heap     ] GC(377) Eden regions: 613->0(612)
[2025-12-25T02:25:40.780+0000][gc,heap     ] GC(377) Survivor regions: 1->2(77)
[2025-12-25T02:25:40.780+0000][gc,heap     ] GC(377) Old regions: 79->79
[2025-12-25T02:25:40.780+0000][gc,heap     ] GC(377) Humongous regions: 40->40
[2025-12-25T02:25:40.780+0000][gc,metaspace] GC(377) Metaspace: 12657K(13120K)->12657K(13120K) NonClass: 11557K(11776K)->11557K(11776K) Class: 1099K(1344K)->1099K(1344K)
[2025-12-25T02:25:40.780+0000][gc          ] GC(377) Pause Young (Normal) (G1 Evacuation Pause) 732M->119M(1024M) 19.920ms
[2025-12-25T02:25:40.780+0000][gc,cpu      ] GC(377) User=0.08s Sys=0.00s Real=0.02s
[2025-12-25T02:26:30.948+0000][gc,start    ] GC(378) Pause Young (Normal) (G1 Evacuation Pause)
[2025-12-25T02:26:30.949+0000][gc,task     ] GC(378) Using 8 workers of 8 for evacuation
[2025-12-25T02:26:30.960+0000][gc,phases   ] GC(378)   Pre Evacuate Collection Set: 2.5ms
[2025-12-25T02:26:30.960+0000][gc,phases   ] GC(378)   Merge Heap Roots: 0.3ms
[2025-12-25T02:26:30.960+0000][gc,phases   ] GC(378)   Evacuate Collection Set: 7.3ms
[2025-12-25T02:26:30.960+0000][gc,phases   ] GC(378)   Post Evacuate Collection Set: 1.2ms
[2025-12-25T02:26:30.960+0000][gc,phases   ] GC(378)   Other: 0.3ms
[2025-12-25T02:26:30.960+0000][gc,heap     ] GC(378) Eden regions: 612->0(612)
[2025-12-25T02:26:30.961+0000][gc,heap     ] GC(378) Survivor regions: 2->2(77)
[2025-12-25T02:26:30.961+0000][gc,heap     ] GC(378) Old regions: 79->79
[2025-12-25T02:26:30.961+0000][gc,heap     ] GC(378) Humongous regions: 40->40
[2025-12-25T02:26:30.961+0000][gc,metaspace] GC(378) Metaspace: 12657K(13120K)->12657K(13120K) NonClass: 11557K(11776K)->11557K(11776K) Class: 1099K(1344K)->1099K(1344K)
[2025-12-25T02:26:30.961+0000][gc          ] GC(378) Pause Young (Normal) (G1 Evacuation Pause) 731M->120M(1024M) 12.634ms
[2025-12-25T02:26:30.961+0000][gc,cpu      ] GC(378) User=0.05s Sys=0.00s Real=0.01s
[2025-12-25T02:27:30.628+0000][gc,start    ] GC(379) Pause Young (Normal) (G1 Evacuation Pause)
[2025-12-25T02:27:30.629+0000][gc,task     ] GC(379) Using 8 workers of 8 for evacuation
[2025-12-25T02:27:30.634+0000][gc,phases   ] GC(379)   Pre Evacuate Collection Set: 1.6ms
[2025-12-25T02:27:30.635+0000][gc,phases   ] GC(379)   Merge Heap Roots: 0.2ms
[2025-12-25T02:27:30.635+0000][gc,phases   ] GC(379)   Evacuate Collection Set: 2.7ms
[2025-12-25T02:27:30.635+0000][gc,phases   ] GC(379)   Post Evacuate Collection Set: 1.0ms
[2025-12-25T02:27:30.635+0000][gc,phases   ] GC(379)   Other: 0.3ms
[2025-12-25T02:27:30.635+0000][gc,heap     ] GC(379) Eden regions: 612->0(612)
[2025-12-25T02:27:30.635+0000][gc,heap     ] GC(379) Survivor regions: 2->2(77)
[2025-12-25T02:27:30.635+0000][gc,heap     ] GC(379) Old regions: 79->79
[2025-12-25T02:27:30.635+0000][gc,heap     ] GC(379) Humongous regions: 40->40
[2025-12-25T02:27:30.635+0000][gc,metaspace] GC(379) Metaspace: 12657K(13120K)->12657K(13120K) NonClass: 11557K(11776K)->11557K(11776K) Class: 1099K(1344K)->1099K(1344K)
[2025-12-25T02:27:30.635+0000][gc          ] GC(379) Pause Young (Normal) (G1 Evacuation Pause) 732M->119M(1024M) 6.734ms
[2025-12-25T02:27:30.635+0000][gc,cpu      ] GC(379) User=0.03s Sys=0.01s Real=0.01s
[2025-12-25T02:28:20.801+0000][gc,start    ] GC(380) Pause Young (Normal) (G1 Evacuation Pause)
[2025-12-25T02:28:20.802+0000][gc,task     ] GC(380) Using 8 workers of 8 for evacuation
[2025-12-25T02:28:20.814+0000][gc,phases   ] GC(380)   Pre Evacuate Collection Set: 1.1ms
[2025-12-25T02:28:20.814+0000][gc,phases   ] GC(380)   Merge Heap Roots: 0.2ms
[2025-12-25T02:28:20.814+0000][gc,phases   ] GC(380)   Evacuate Collection Set: 7.5ms
[2025-12-25T02:28:20.814+0000][gc,phases   ] GC(380)   Post Evacuate Collection Set: 2.3ms
[2025-12-25T02:28:20.814+0000][gc,phases   ] GC(380)   Other: 0.3ms
[2025-12-25T02:28:20.814+0000][gc,heap     ] GC(380) Eden regions: 612->0(612)
[2025-12-25T02:28:20.814+0000][gc,heap     ] GC(380) Survivor regions: 2->2(77)
[2025-12-25T02:28:20.814+0000][gc,heap     ] GC(380) Old regions: 79->79
[2025-12-25T02:28:20.814+0000][gc,heap     ] GC(380) Humongous regions: 40->40
[2025-12-25T02:28:20.814+0000][gc,metaspace] GC(380) Metaspace: 12660K(13120K)->12660K(13120K) NonClass: 11560K(11776K)->11560K(11776K) Class: 1099K(1344K)->1099K(1344K)
[2025-12-25T02:28:20.814+0000][gc          ] GC(380) Pause Young (Normal) (G1 Evacuation Pause) 731M->120M(1024M) 13.161ms
[2025-12-25T02:28:20.815+0000][gc,cpu      ] GC(380) User=0.08s Sys=0.00s Real=0.01s
[2025-12-25T02:29:20.563+0000][gc,start    ] GC(381) Pause Young (Normal) (G1 Evacuation Pause)
[2025-12-25T02:29:20.563+0000][gc,task     ] GC(381) Using 8 workers of 8 for evacuation
[2025-12-25T02:29:20.575+0000][gc,phases   ] GC(381)   Pre Evacuate Collection Set: 1.7ms
[2025-12-25T02:29:20.575+0000][gc,phases   ] GC(381)   Merge Heap Roots: 0.2ms
[2025-12-25T02:29:20.575+0000][gc,phases   ] GC(381)   Evacuate Collection Set: 5.4ms
[2025-12-25T02:29:20.575+0000][gc,phases   ] GC(381)   Post Evacuate Collection Set: 3.5ms
[2025-12-25T02:29:20.575+0000][gc,phases   ] GC(381)   Other: 0.3ms
[2025-12-25T02:29:20.575+0000][gc,heap     ] GC(381) Eden regions: 612->0(613)
[2025-12-25T02:29:20.575+0000][gc,heap     ] GC(381) Survivor regions: 2->1(77)
[2025-12-25T02:29:20.575+0000][gc,heap     ] GC(381) Old regions: 79->79
[2025-12-25T02:29:20.575+0000][gc,heap     ] GC(381) Humongous regions: 40->40
[2025-12-25T02:29:20.575+0000][gc,metaspace] GC(381) Metaspace: 12660K(13120K)->12660K(13120K) NonClass: 11560K(11776K)->11560K(11776K) Class: 1099K(1344K)->1099K(1344K)
[2025-12-25T02:29:20.575+0000][gc          ] GC(381) Pause Young (Normal) (G1 Evacuation Pause) 732M->119M(1024M) 12.494ms
[2025-12-25T02:29:20.575+0000][gc,cpu      ] GC(381) User=0.06s Sys=0.01s Real=0.01s
[2025-12-25T02:30:10.722+0000][gc,start    ] GC(382) Pause Young (Normal) (G1 Evacuation Pause)
[2025-12-25T02:30:10.723+0000][gc,task     ] GC(382) Using 8 workers of 8 for evacuation
[2025-12-25T02:30:10.736+0000][gc,phases   ] GC(382)   Pre Evacuate Collection Set: 3.3ms
[2025-12-25T02:30:10.736+0000][gc,phases   ] GC(382)   Merge Heap Roots: 0.2ms
[2025-12-25T02:30:10.736+0000][gc,phases   ] GC(382)   Evacuate Collection Set: 8.5ms
[2025-12-25T02:30:10.737+0000][gc,phases   ] GC(382)   Post Evacuate Collection Set: 1.2ms
[2025-12-25T02:30:10.737+0000][gc,phases   ] GC(382)   Other: 0.3ms
[2025-12-25T02:30:10.737+0000][gc,heap     ] GC(382) Eden regions: 613->0(612)
[2025-12-25T02:30:10.737+0000][gc,heap     ] GC(382) Survivor regions: 1->2(77)
[2025-12-25T02:30:10.737+0000][gc,heap     ] GC(382) Old regions: 79->79
[2025-12-25T02:30:10.737+0000][gc,heap     ] GC(382) Humongous regions: 40->40
[2025-12-25T02:30:10.737+0000][gc,metaspace] GC(382) Metaspace: 12662K(13120K)->12662K(13120K) NonClass: 11562K(11776K)->11562K(11776K) Class: 1099K(1344K)->1099K(1344K)
[2025-12-25T02:30:10.737+0000][gc          ] GC(382) Pause Young (Normal) (G1 Evacuation Pause) 732M->119M(1024M) 14.571ms
[2025-12-25T02:30:10.737+0000][gc,cpu      ] GC(382) User=0.05s Sys=0.03s Real=0.02s
[2025-12-25T02:31:00.890+0000][gc,start    ] GC(383) Pause Young (Normal) (G1 Evacuation Pause)
[2025-12-25T02:31:00.890+0000][gc,task     ] GC(383) Using 8 workers of 8 for evacuation
[2025-12-25T02:31:00.917+0000][gc,phases   ] GC(383)   Pre Evacuate Collection Set: 1.2ms
[2025-12-25T02:31:00.917+0000][gc,phases   ] GC(383)   Merge Heap Roots: 0.2ms
[2025-12-25T02:31:00.917+0000][gc,phases   ] GC(383)   Evacuate Collection Set: 23.8ms
[2025-12-25T02:31:00.918+0000][gc,phases   ] GC(383)   Post Evacuate Collection Set: 1.8ms
[2025-12-25T02:31:00.918+0000][gc,phases   ] GC(383)   Other: 0.2ms
[2025-12-25T02:31:00.918+0000][gc,heap     ] GC(383) Eden regions: 612->0(612)
[2025-12-25T02:31:00.918+0000][gc,heap     ] GC(383) Survivor regions: 2->2(77)
[2025-12-25T02:31:00.918+0000][gc,heap     ] GC(383) Old regions: 79->79
[2025-12-25T02:31:00.918+0000][gc,heap     ] GC(383) Humongous regions: 40->40
[2025-12-25T02:31:00.918+0000][gc,metaspace] GC(383) Metaspace: 12665K(13120K)->12665K(13120K) NonClass: 11565K(11776K)->11565K(11776K) Class: 1099K(1344K)->1099K(1344K)
[2025-12-25T02:31:00.918+0000][gc          ] GC(383) Pause Young (Normal) (G1 Evacuation Pause) 731M->120M(1024M) 28.764ms
[2025-12-25T02:31:00.918+0000][gc,cpu      ] GC(383) User=0.07s Sys=0.08s Real=0.03s
[2025-12-25T02:32:00.658+0000][gc,start    ] GC(384) Pause Young (Normal) (G1 Evacuation Pause)
[2025-12-25T02:32:00.659+0000][gc,task     ] GC(384) Using 8 workers of 8 for evacuation
[2025-12-25T02:32:00.666+0000][gc,phases   ] GC(384)   Pre Evacuate Collection Set: 1.1ms
[2025-12-25T02:32:00.666+0000][gc,phases   ] GC(384)   Merge Heap Roots: 0.2ms
[2025-12-25T02:32:00.666+0000][gc,phases   ] GC(384)   Evacuate Collection Set: 4.0ms
[2025-12-25T02:32:00.666+0000][gc,phases   ] GC(384)   Post Evacuate Collection Set: 1.2ms
[2025-12-25T02:32:00.666+0000][gc,phases   ] GC(384)   Other: 0.2ms
[2025-12-25T02:32:00.666+0000][gc,heap     ] GC(384) Eden regions: 612->0(612)
[2025-12-25T02:32:00.666+0000][gc,heap     ] GC(384) Survivor regions: 2->2(77)
[2025-12-25T02:32:00.666+0000][gc,heap     ] GC(384) Old regions: 79->79
[2025-12-25T02:32:00.666+0000][gc,heap     ] GC(384) Humongous regions: 40->40
[2025-12-25T02:32:00.666+0000][gc,metaspace] GC(384) Metaspace: 12665K(13120K)->12665K(13120K) NonClass: 11565K(11776K)->11565K(11776K) Class: 1099K(1344K)->1099K(1344K)
[2025-12-25T02:32:00.667+0000][gc          ] GC(384) Pause Young (Normal) (G1 Evacuation Pause) 732M->119M(1024M) 8.884ms
[2025-12-25T02:32:00.667+0000][gc,cpu      ] GC(384) User=0.04s Sys=0.00s Real=0.01s
[2025-12-25T02:32:50.817+0000][gc,start    ] GC(385) Pause Young (Normal) (G1 Evacuation Pause)
[2025-12-25T02:32:50.818+0000][gc,task     ] GC(385) Using 8 workers of 8 for evacuation
[2025-12-25T02:32:50.829+0000][gc,phases   ] GC(385)   Pre Evacuate Collection Set: 1.4ms
[2025-12-25T02:32:50.829+0000][gc,phases   ] GC(385)   Merge Heap Roots: 0.4ms
[2025-12-25T02:32:50.829+0000][gc,phases   ] GC(385)   Evacuate Collection Set: 3.6ms
[2025-12-25T02:32:50.829+0000][gc,phases   ] GC(385)   Post Evacuate Collection Set: 4.5ms
[2025-12-25T02:32:50.829+0000][gc,phases   ] GC(385)   Other: 1.1ms
[2025-12-25T02:32:50.830+0000][gc,heap     ] GC(385) Eden regions: 612->0(612)
[2025-12-25T02:32:50.830+0000][gc,heap     ] GC(385) Survivor regions: 2->2(77)
[2025-12-25T02:32:50.830+0000][gc,heap     ] GC(385) Old regions: 79->79
[2025-12-25T02:32:50.830+0000][gc,heap     ] GC(385) Humongous regions: 40->40
[2025-12-25T02:32:50.830+0000][gc,metaspace] GC(385) Metaspace: 12665K(13120K)->12665K(13120K) NonClass: 11565K(11776K)->11565K(11776K) Class: 1099K(1344K)->1099K(1344K)
[2025-12-25T02:32:50.830+0000][gc          ] GC(385) Pause Young (Normal) (G1 Evacuation Pause) 731M->120M(1024M) 13.374ms
[2025-12-25T02:32:50.831+0000][gc,cpu      ] GC(385) User=0.05s Sys=0.00s Real=0.02s
[2025-12-25T02:33:50.532+0000][gc,start    ] GC(386) Pause Young (Normal) (G1 Evacuation Pause)
[2025-12-25T02:33:50.533+0000][gc,task     ] GC(386) Using 8 workers of 8 for evacuation
[2025-12-25T02:33:50.549+0000][gc,phases   ] GC(386)   Pre Evacuate Collection Set: 4.1ms
[2025-12-25T02:33:50.550+0000][gc,phases   ] GC(386)   Merge Heap Roots: 0.8ms
[2025-12-25T02:33:50.550+0000][gc,phases   ] GC(386)   Evacuate Collection Set: 6.2ms
[2025-12-25T02:33:50.550+0000][gc,phases   ] GC(386)   Post Evacuate Collection Set: 4.3ms
[2025-12-25T02:33:50.550+0000][gc,phases   ] GC(386)   Other: 0.7ms
[2025-12-25T02:33:50.550+0000][gc,heap     ] GC(386) Eden regions: 612->0(613)
[2025-12-25T02:33:50.550+0000][gc,heap     ] GC(386) Survivor regions: 2->1(77)
[2025-12-25T02:33:50.550+0000][gc,heap     ] GC(386) Old regions: 79->79
[2025-12-25T02:33:50.550+0000][gc,heap     ] GC(386) Humongous regions: 40->40
[2025-12-25T02:33:50.550+0000][gc,metaspace] GC(386) Metaspace: 12665K(13120K)->12665K(13120K) NonClass: 11565K(11776K)->11565K(11776K) Class: 1099K(1344K)->1099K(1344K)
[2025-12-25T02:33:50.551+0000][gc          ] GC(386) Pause Young (Normal) (G1 Evacuation Pause) 732M->119M(1024M) 18.269ms
[2025-12-25T02:33:50.551+0000][gc,cpu      ] GC(386) User=0.06s Sys=0.01s Real=0.01s
[2025-12-25T02:34:40.714+0000][gc,start    ] GC(387) Pause Young (Normal) (G1 Evacuation Pause)
[2025-12-25T02:34:40.714+0000][gc,task     ] GC(387) Using 8 workers of 8 for evacuation
[2025-12-25T02:34:40.725+0000][gc,phases   ] GC(387)   Pre Evacuate Collection Set: 1.1ms
[2025-12-25T02:34:40.726+0000][gc,phases   ] GC(387)   Merge Heap Roots: 0.2ms
[2025-12-25T02:34:40.726+0000][gc,phases   ] GC(387)   Evacuate Collection Set: 8.2ms
[2025-12-25T02:34:40.726+0000][gc,phases   ] GC(387)   Post Evacuate Collection Set: 1.4ms
[2025-12-25T02:34:40.726+0000][gc,phases   ] GC(387)   Other: 0.2ms
[2025-12-25T02:34:40.726+0000][gc,heap     ] GC(387) Eden regions: 613->0(612)
[2025-12-25T02:34:40.726+0000][gc,heap     ] GC(387) Survivor regions: 1->2(77)
[2025-12-25T02:34:40.726+0000][gc,heap     ] GC(387) Old regions: 79->79
[2025-12-25T02:34:40.726+0000][gc,heap     ] GC(387) Humongous regions: 40->40
[2025-12-25T02:34:40.726+0000][gc,metaspace] GC(387) Metaspace: 12665K(13120K)->12665K(13120K) NonClass: 11565K(11776K)->11565K(11776K) Class: 1099K(1344K)->1099K(1344K)
[2025-12-25T02:34:40.726+0000][gc          ] GC(387) Pause Young (Normal) (G1 Evacuation Pause) 732M->119M(1024M) 12.325ms
[2025-12-25T02:34:40.726+0000][gc,cpu      ] GC(387) User=0.07s Sys=0.00s Real=0.01s
[2025-12-25T02:35:30.874+0000][gc,start    ] GC(388) Pause Young (Normal) (G1 Evacuation Pause)
[2025-12-25T02:35:30.875+0000][gc,task     ] GC(388) Using 8 workers of 8 for evacuation
[2025-12-25T02:35:30.884+0000][gc,phases   ] GC(388)   Pre Evacuate Collection Set: 1.3ms
[2025-12-25T02:35:30.884+0000][gc,phases   ] GC(388)   Merge Heap Roots: 0.2ms
[2025-12-25T02:35:30.884+0000][gc,phases   ] GC(388)   Evacuate Collection Set: 4.3ms
[2025-12-25T02:35:30.884+0000][gc,phases   ] GC(388)   Post Evacuate Collection Set: 2.4ms
[2025-12-25T02:35:30.884+0000][gc,phases   ] GC(388)   Other: 0.5ms
[2025-12-25T02:35:30.884+0000][gc,heap     ] GC(388) Eden regions: 612->0(612)
[2025-12-25T02:35:30.884+0000][gc,heap     ] GC(388) Survivor regions: 2->2(77)
[2025-12-25T02:35:30.884+0000][gc,heap     ] GC(388) Old regions: 79->79
[2025-12-25T02:35:30.884+0000][gc,heap     ] GC(388) Humongous regions: 40->40
[2025-12-25T02:35:30.885+0000][gc,metaspace] GC(388) Metaspace: 12665K(13120K)->12665K(13120K) NonClass: 11565K(11776K)->11565K(11776K) Class: 1099K(1344K)->1099K(1344K)
[2025-12-25T02:35:30.885+0000][gc          ] GC(388) Pause Young (Normal) (G1 Evacuation Pause) 731M->120M(1024M) 10.465ms
[2025-12-25T02:35:30.885+0000][gc,cpu      ] GC(388) User=0.04s Sys=0.00s Real=0.01s
[2025-12-25T02:36:30.616+0000][gc,start    ] GC(389) Pause Young (Normal) (G1 Evacuation Pause)
[2025-12-25T02:36:30.617+0000][gc,task     ] GC(389) Using 8 workers of 8 for evacuation
[2025-12-25T02:36:30.631+0000][gc,phases   ] GC(389)   Pre Evacuate Collection Set: 2.0ms
[2025-12-25T02:36:30.631+0000][gc,phases   ] GC(389)   Merge Heap Roots: 0.2ms
[2025-12-25T02:36:30.631+0000][gc,phases   ] GC(389)   Evacuate Collection Set: 9.4ms
[2025-12-25T02:36:30.631+0000][gc,phases   ] GC(389)   Post Evacuate Collection Set: 2.1ms
[2025-12-25T02:36:30.631+0000][gc,phases   ] GC(389)   Other: 0.4ms
[2025-12-25T02:36:30.631+0000][gc,heap     ] GC(389) Eden regions: 612->0(612)
[2025-12-25T02:36:30.631+0000][gc,heap     ] GC(389) Survivor regions: 2->2(77)
[2025-12-25T02:36:30.631+0000][gc,heap     ] GC(389) Old regions: 79->79
[2025-12-25T02:36:30.632+0000][gc,heap     ] GC(389) Humongous regions: 40->40
[2025-12-25T02:36:30.632+0000][gc,metaspace] GC(389) Metaspace: 12665K(13120K)->12665K(13120K) NonClass: 11565K(11776K)->11565K(11776K) Class: 1099K(1344K)->1099K(1344K)
[2025-12-25T02:36:30.632+0000][gc          ] GC(389) Pause Young (Normal) (G1 Evacuation Pause) 732M->119M(1024M) 15.408ms
[2025-12-25T02:36:30.632+0000][gc,cpu      ] GC(389) User=0.08s Sys=0.01s Real=0.02s
[2025-12-25T02:37:20.813+0000][gc,start    ] GC(390) Pause Young (Normal) (G1 Evacuation Pause)
[2025-12-25T02:37:20.814+0000][gc,task     ] GC(390) Using 8 workers of 8 for evacuation
[2025-12-25T02:37:20.834+0000][gc,phases   ] GC(390)   Pre Evacuate Collection Set: 2.3ms
[2025-12-25T02:37:20.834+0000][gc,phases   ] GC(390)   Merge Heap Roots: 0.5ms
[2025-12-25T02:37:20.835+0000][gc,phases   ] GC(390)   Evacuate Collection Set: 12.2ms
[2025-12-25T02:37:20.835+0000][gc,phases   ] GC(390)   Post Evacuate Collection Set: 3.8ms
[2025-12-25T02:37:20.835+0000][gc,phases   ] GC(390)   Other: 1.5ms
[2025-12-25T02:37:20.835+0000][gc,heap     ] GC(390) Eden regions: 612->0(612)
[2025-12-25T02:37:20.835+0000][gc,heap     ] GC(390) Survivor regions: 2->2(77)
[2025-12-25T02:37:20.835+0000][gc,heap     ] GC(390) Old regions: 79->79
[2025-12-25T02:37:20.835+0000][gc,heap     ] GC(390) Humongous regions: 40->40
[2025-12-25T02:37:20.835+0000][gc,metaspace] GC(390) Metaspace: 12668K(13120K)->12668K(13120K) NonClass: 11568K(11776K)->11568K(11776K) Class: 1099K(1344K)->1099K(1344K)
[2025-12-25T02:37:20.836+0000][gc          ] GC(390) Pause Young (Normal) (G1 Evacuation Pause) 731M->120M(1024M) 22.166ms
[2025-12-25T02:37:20.836+0000][gc,cpu      ] GC(390) User=0.12s Sys=0.00s Real=0.02s
[2025-12-25T02:38:20.519+0000][gc,start    ] GC(391) Pause Young (Normal) (G1 Evacuation Pause)
[2025-12-25T02:38:20.521+0000][gc,task     ] GC(391) Using 8 workers of 8 for evacuation
[2025-12-25T02:38:20.530+0000][gc,phases   ] GC(391)   Pre Evacuate Collection Set: 1.4ms
[2025-12-25T02:38:20.530+0000][gc,phases   ] GC(391)   Merge Heap Roots: 0.2ms
[2025-12-25T02:38:20.531+0000][gc,phases   ] GC(391)   Evacuate Collection Set: 5.0ms
[2025-12-25T02:38:20.531+0000][gc,phases   ] GC(391)   Post Evacuate Collection Set: 1.7ms
[2025-12-25T02:38:20.531+0000][gc,phases   ] GC(391)   Other: 0.5ms
[2025-12-25T02:38:20.531+0000][gc,heap     ] GC(391) Eden regions: 612->0(613)
[2025-12-25T02:38:20.531+0000][gc,heap     ] GC(391) Survivor regions: 2->1(77)
[2025-12-25T02:38:20.531+0000][gc,heap     ] GC(391) Old regions: 79->79
[2025-12-25T02:38:20.531+0000][gc,heap     ] GC(391) Humongous regions: 40->40
[2025-12-25T02:38:20.532+0000][gc,metaspace] GC(391) Metaspace: 12668K(13120K)->12668K(13120K) NonClass: 11568K(11776K)->11568K(11776K) Class: 1099K(1344K)->1099K(1344K)
[2025-12-25T02:38:20.532+0000][gc          ] GC(391) Pause Young (Normal) (G1 Evacuation Pause) 732M->119M(1024M) 12.908ms
[2025-12-25T02:38:20.532+0000][gc,cpu      ] GC(391) User=0.03s Sys=0.01s Real=0.01s
[2025-12-25T02:39:10.748+0000][gc,start    ] GC(392) Pause Young (Normal) (G1 Evacuation Pause)
[2025-12-25T02:39:10.749+0000][gc,task     ] GC(392) Using 8 workers of 8 for evacuation
[2025-12-25T02:39:10.757+0000][gc,phases   ] GC(392)   Pre Evacuate Collection Set: 1.2ms
[2025-12-25T02:39:10.757+0000][gc,phases   ] GC(392)   Merge Heap Roots: 0.2ms
[2025-12-25T02:39:10.757+0000][gc,phases   ] GC(392)   Evacuate Collection Set: 4.6ms
[2025-12-25T02:39:10.757+0000][gc,phases   ] GC(392)   Post Evacuate Collection Set: 1.5ms
[2025-12-25T02:39:10.757+0000][gc,phases   ] GC(392)   Other: 0.3ms
[2025-12-25T02:39:10.757+0000][gc,heap     ] GC(392) Eden regions: 613->0(612)
[2025-12-25T02:39:10.757+0000][gc,heap     ] GC(392) Survivor regions: 1->2(77)
[2025-12-25T02:39:10.757+0000][gc,heap     ] GC(392) Old regions: 79->79
[2025-12-25T02:39:10.757+0000][gc,heap     ] GC(392) Humongous regions: 40->40
[2025-12-25T02:39:10.757+0000][gc,metaspace] GC(392) Metaspace: 12669K(13120K)->12669K(13120K) NonClass: 11570K(11776K)->11570K(11776K) Class: 1099K(1344K)->1099K(1344K)
[2025-12-25T02:39:10.758+0000][gc          ] GC(392) Pause Young (Normal) (G1 Evacuation Pause) 732M->119M(1024M) 9.145ms
[2025-12-25T02:39:10.758+0000][gc,cpu      ] GC(392) User=0.04s Sys=0.00s Real=0.01s
[2025-12-25T02:40:00.774+0000][gc,start    ] GC(393) Pause Young (Normal) (G1 Evacuation Pause)
[2025-12-25T02:40:00.774+0000][gc,task     ] GC(393) Using 8 workers of 8 for evacuation
[2025-12-25T02:40:00.798+0000][gc,phases   ] GC(393)   Pre Evacuate Collection Set: 1.8ms
[2025-12-25T02:40:00.799+0000][gc,phases   ] GC(393)   Merge Heap Roots: 0.2ms
[2025-12-25T02:40:00.799+0000][gc,phases   ] GC(393)   Evacuate Collection Set: 19.4ms
[2025-12-25T02:40:00.799+0000][gc,phases   ] GC(393)   Post Evacuate Collection Set: 2.3ms
[2025-12-25T02:40:00.799+0000][gc,phases   ] GC(393)   Other: 0.3ms
[2025-12-25T02:40:00.799+0000][gc,heap     ] GC(393) Eden regions: 612->0(612)
[2025-12-25T02:40:00.799+0000][gc,heap     ] GC(393) Survivor regions: 2->2(77)
[2025-12-25T02:40:00.799+0000][gc,heap     ] GC(393) Old regions: 79->79
[2025-12-25T02:40:00.799+0000][gc,heap     ] GC(393) Humongous regions: 40->40
[2025-12-25T02:40:00.799+0000][gc,metaspace] GC(393) Metaspace: 12671K(13120K)->12671K(13120K) NonClass: 11571K(11776K)->11571K(11776K) Class: 1099K(1344K)->1099K(1344K)
[2025-12-25T02:40:00.799+0000][gc          ] GC(393) Pause Young (Normal) (G1 Evacuation Pause) 731M->120M(1024M) 25.325ms
[2025-12-25T02:40:00.799+0000][gc,cpu      ] GC(393) User=0.08s Sys=0.07s Real=0.02s
[2025-12-25T02:41:00.522+0000][gc,start    ] GC(394) Pause Young (Normal) (G1 Evacuation Pause)
[2025-12-25T02:41:00.522+0000][gc,task     ] GC(394) Using 8 workers of 8 for evacuation
[2025-12-25T02:41:00.533+0000][gc,phases   ] GC(394)   Pre Evacuate Collection Set: 1.3ms
[2025-12-25T02:41:00.533+0000][gc,phases   ] GC(394)   Merge Heap Roots: 0.6ms
[2025-12-25T02:41:00.534+0000][gc,phases   ] GC(394)   Evacuate Collection Set: 7.2ms
[2025-12-25T02:41:00.534+0000][gc,phases   ] GC(394)   Post Evacuate Collection Set: 1.3ms
[2025-12-25T02:41:00.534+0000][gc,phases   ] GC(394)   Other: 0.6ms
[2025-12-25T02:41:00.534+0000][gc,heap     ] GC(394) Eden regions: 612->0(613)
[2025-12-25T02:41:00.534+0000][gc,heap     ] GC(394) Survivor regions: 2->1(77)
[2025-12-25T02:41:00.534+0000][gc,heap     ] GC(394) Old regions: 79->79
[2025-12-25T02:41:00.534+0000][gc,heap     ] GC(394) Humongous regions: 40->40
[2025-12-25T02:41:00.534+0000][gc,metaspace] GC(394) Metaspace: 12671K(13120K)->12671K(13120K) NonClass: 11571K(11776K)->11571K(11776K) Class: 1099K(1344K)->1099K(1344K)
[2025-12-25T02:41:00.534+0000][gc          ] GC(394) Pause Young (Normal) (G1 Evacuation Pause) 732M->119M(1024M) 12.308ms
[2025-12-25T02:41:00.534+0000][gc,cpu      ] GC(394) User=0.05s Sys=0.00s Real=0.01s
[2025-12-25T02:41:50.890+0000][gc,start    ] GC(395) Pause Young (Normal) (G1 Evacuation Pause)
[2025-12-25T02:41:50.891+0000][gc,task     ] GC(395) Using 8 workers of 8 for evacuation
[2025-12-25T02:41:50.908+0000][gc,phases   ] GC(395)   Pre Evacuate Collection Set: 1.3ms
[2025-12-25T02:41:50.912+0000][gc,phases   ] GC(395)   Merge Heap Roots: 0.2ms
[2025-12-25T02:41:50.914+0000][gc,phases   ] GC(395)   Evacuate Collection Set: 13.8ms
[2025-12-25T02:41:50.920+0000][gc,phases   ] GC(395)   Post Evacuate Collection Set: 1.8ms
[2025-12-25T02:41:50.922+0000][gc,phases   ] GC(395)   Other: 0.2ms
[2025-12-25T02:41:50.924+0000][gc,heap     ] GC(395) Eden regions: 613->0(612)
[2025-12-25T02:41:50.930+0000][gc,heap     ] GC(395) Survivor regions: 1->2(77)
[2025-12-25T02:41:50.932+0000][gc,heap     ] GC(395) Old regions: 79->79
[2025-12-25T02:41:50.934+0000][gc,heap     ] GC(395) Humongous regions: 40->40
[2025-12-25T02:41:50.935+0000][gc,metaspace] GC(395) Metaspace: 12671K(13120K)->12671K(13120K) NonClass: 11571K(11776K)->11571K(11776K) Class: 1099K(1344K)->1099K(1344K)
[2025-12-25T02:41:50.935+0000][gc          ] GC(395) Pause Young (Normal) (G1 Evacuation Pause) 732M->120M(1024M) 44.793ms
[2025-12-25T02:41:50.935+0000][gc,cpu      ] GC(395) User=0.09s Sys=0.00s Real=0.04s
[2025-12-25T02:42:50.402+0000][gc,start    ] GC(396) Pause Young (Normal) (G1 Evacuation Pause)
[2025-12-25T02:42:50.403+0000][gc,task     ] GC(396) Using 8 workers of 8 for evacuation
[2025-12-25T02:42:50.415+0000][gc,phases   ] GC(396)   Pre Evacuate Collection Set: 1.7ms
[2025-12-25T02:42:50.415+0000][gc,phases   ] GC(396)   Merge Heap Roots: 0.3ms
[2025-12-25T02:42:50.415+0000][gc,phases   ] GC(396)   Evacuate Collection Set: 6.4ms
[2025-12-25T02:42:50.415+0000][gc,phases   ] GC(396)   Post Evacuate Collection Set: 2.3ms
[2025-12-25T02:42:50.415+0000][gc,phases   ] GC(396)   Other: 0.8ms
[2025-12-25T02:42:50.415+0000][gc,heap     ] GC(396) Eden regions: 612->0(613)
[2025-12-25T02:42:50.415+0000][gc,heap     ] GC(396) Survivor regions: 2->1(77)
[2025-12-25T02:42:50.415+0000][gc,heap     ] GC(396) Old regions: 79->79
[2025-12-25T02:42:50.415+0000][gc,heap     ] GC(396) Humongous regions: 40->40
[2025-12-25T02:42:50.415+0000][gc,metaspace] GC(396) Metaspace: 12671K(13120K)->12671K(13120K) NonClass: 11571K(11776K)->11571K(11776K) Class: 1099K(1344K)->1099K(1344K)
[2025-12-25T02:42:50.416+0000][gc          ] GC(396) Pause Young (Normal) (G1 Evacuation Pause) 732M->119M(1024M) 13.652ms
[2025-12-25T02:42:50.416+0000][gc,cpu      ] GC(396) User=0.07s Sys=0.00s Real=0.02s
[2025-12-25T02:43:40.901+0000][gc,start    ] GC(397) Pause Young (Normal) (G1 Evacuation Pause)
[2025-12-25T02:43:40.902+0000][gc,task     ] GC(397) Using 8 workers of 8 for evacuation
[2025-12-25T02:43:40.922+0000][gc,phases   ] GC(397)   Pre Evacuate Collection Set: 4.8ms
[2025-12-25T02:43:40.922+0000][gc,phases   ] GC(397)   Merge Heap Roots: 0.5ms
[2025-12-25T02:43:40.922+0000][gc,phases   ] GC(397)   Evacuate Collection Set: 11.0ms
[2025-12-25T02:43:40.922+0000][gc,phases   ] GC(397)   Post Evacuate Collection Set: 2.2ms
[2025-12-25T02:43:40.923+0000][gc,phases   ] GC(397)   Other: 1.9ms
[2025-12-25T02:43:40.923+0000][gc,heap     ] GC(397) Eden regions: 613->0(612)
[2025-12-25T02:43:40.923+0000][gc,heap     ] GC(397) Survivor regions: 1->2(77)
[2025-12-25T02:43:40.923+0000][gc,heap     ] GC(397) Old regions: 79->79
[2025-12-25T02:43:40.923+0000][gc,heap     ] GC(397) Humongous regions: 40->40
[2025-12-25T02:43:40.923+0000][gc,metaspace] GC(397) Metaspace: 12671K(13120K)->12671K(13120K) NonClass: 11571K(11776K)->11571K(11776K) Class: 1099K(1344K)->1099K(1344K)
[2025-12-25T02:43:40.923+0000][gc          ] GC(397) Pause Young (Normal) (G1 Evacuation Pause) 732M->120M(1024M) 22.501ms
[2025-12-25T02:43:40.924+0000][gc,cpu      ] GC(397) User=0.09s Sys=0.00s Real=0.03s
[2025-12-25T02:44:30.793+0000][gc,start    ] GC(398) Pause Young (Normal) (G1 Evacuation Pause)
[2025-12-25T02:44:30.794+0000][gc,task     ] GC(398) Using 8 workers of 8 for evacuation
[2025-12-25T02:44:30.823+0000][gc,phases   ] GC(398)   Pre Evacuate Collection Set: 4.1ms
[2025-12-25T02:44:30.823+0000][gc,phases   ] GC(398)   Merge Heap Roots: 0.7ms
[2025-12-25T02:44:30.823+0000][gc,phases   ] GC(398)   Evacuate Collection Set: 15.3ms
[2025-12-25T02:44:30.823+0000][gc,phases   ] GC(398)   Post Evacuate Collection Set: 8.6ms
[2025-12-25T02:44:30.823+0000][gc,phases   ] GC(398)   Other: 0.3ms
[2025-12-25T02:44:30.823+0000][gc,heap     ] GC(398) Eden regions: 612->0(612)
[2025-12-25T02:44:30.823+0000][gc,heap     ] GC(398) Survivor regions: 2->2(77)
[2025-12-25T02:44:30.823+0000][gc,heap     ] GC(398) Old regions: 79->79
[2025-12-25T02:44:30.823+0000][gc,heap     ] GC(398) Humongous regions: 40->40
[2025-12-25T02:44:30.823+0000][gc,metaspace] GC(398) Metaspace: 12671K(13120K)->12671K(13120K) NonClass: 11571K(11776K)->11571K(11776K) Class: 1099K(1344K)->1099K(1344K)
[2025-12-25T02:44:30.823+0000][gc          ] GC(398) Pause Young (Normal) (G1 Evacuation Pause) 732M->120M(1024M) 30.011ms
[2025-12-25T02:44:30.824+0000][gc,cpu      ] GC(398) User=0.14s Sys=0.01s Real=0.03s
[2025-12-25T02:45:30.473+0000][gc,start    ] GC(399) Pause Young (Normal) (G1 Evacuation Pause)
[2025-12-25T02:45:30.473+0000][gc,task     ] GC(399) Using 8 workers of 8 for evacuation
[2025-12-25T02:45:30.485+0000][gc,phases   ] GC(399)   Pre Evacuate Collection Set: 1.9ms
[2025-12-25T02:45:30.485+0000][gc,phases   ] GC(399)   Merge Heap Roots: 0.3ms
[2025-12-25T02:45:30.485+0000][gc,phases   ] GC(399)   Evacuate Collection Set: 8.1ms
[2025-12-25T02:45:30.485+0000][gc,phases   ] GC(399)   Post Evacuate Collection Set: 1.4ms
[2025-12-25T02:45:30.485+0000][gc,phases   ] GC(399)   Other: 0.3ms
[2025-12-25T02:45:30.485+0000][gc,heap     ] GC(399) Eden regions: 612->0(613)
[2025-12-25T02:45:30.485+0000][gc,heap     ] GC(399) Survivor regions: 2->1(77)
[2025-12-25T02:45:30.486+0000][gc,heap     ] GC(399) Old regions: 79->80
[2025-12-25T02:45:30.486+0000][gc,heap     ] GC(399) Humongous regions: 40->40
[2025-12-25T02:45:30.486+0000][gc,metaspace] GC(399) Metaspace: 12671K(13120K)->12671K(13120K) NonClass: 11571K(11776K)->11571K(11776K) Class: 1099K(1344K)->1099K(1344K)
[2025-12-25T02:45:30.486+0000][gc          ] GC(399) Pause Young (Normal) (G1 Evacuation Pause) 732M->119M(1024M) 13.322ms
[2025-12-25T02:45:30.486+0000][gc,cpu      ] GC(399) User=0.06s Sys=0.01s Real=0.01s
[2025-12-25T02:46:20.633+0000][gc,start    ] GC(400) Pause Young (Normal) (G1 Evacuation Pause)
[2025-12-25T02:46:20.634+0000][gc,task     ] GC(400) Using 8 workers of 8 for evacuation
[2025-12-25T02:46:20.641+0000][gc,phases   ] GC(400)   Pre Evacuate Collection Set: 1.6ms
[2025-12-25T02:46:20.641+0000][gc,phases   ] GC(400)   Merge Heap Roots: 0.2ms
[2025-12-25T02:46:20.641+0000][gc,phases   ] GC(400)   Evacuate Collection Set: 3.3ms
[2025-12-25T02:46:20.641+0000][gc,phases   ] GC(400)   Post Evacuate Collection Set: 1.2ms
[2025-12-25T02:46:20.641+0000][gc,phases   ] GC(400)   Other: 0.7ms
[2025-12-25T02:46:20.641+0000][gc,heap     ] GC(400) Eden regions: 613->0(612)
[2025-12-25T02:46:20.641+0000][gc,heap     ] GC(400) Survivor regions: 1->2(77)
[2025-12-25T02:46:20.641+0000][gc,heap     ] GC(400) Old regions: 80->80
[2025-12-25T02:46:20.642+0000][gc,heap     ] GC(400) Humongous regions: 40->40
[2025-12-25T02:46:20.642+0000][gc,metaspace] GC(400) Metaspace: 12671K(13120K)->12671K(13120K) NonClass: 11571K(11776K)->11571K(11776K) Class: 1099K(1344K)->1099K(1344K)
[2025-12-25T02:46:20.642+0000][gc          ] GC(400) Pause Young (Normal) (G1 Evacuation Pause) 732M->120M(1024M) 8.711ms
[2025-12-25T02:46:20.642+0000][gc,cpu      ] GC(400) User=0.04s Sys=0.00s Real=0.00s
[2025-12-25T02:47:10.764+0000][gc,start    ] GC(401) Pause Young (Normal) (G1 Evacuation Pause)
[2025-12-25T02:47:10.765+0000][gc,task     ] GC(401) Using 8 workers of 8 for evacuation
[2025-12-25T02:47:10.771+0000][gc,phases   ] GC(401)   Pre Evacuate Collection Set: 1.0ms
[2025-12-25T02:47:10.771+0000][gc,phases   ] GC(401)   Merge Heap Roots: 0.2ms
[2025-12-25T02:47:10.771+0000][gc,phases   ] GC(401)   Evacuate Collection Set: 3.4ms
[2025-12-25T02:47:10.771+0000][gc,phases   ] GC(401)   Post Evacuate Collection Set: 1.3ms
[2025-12-25T02:47:10.771+0000][gc,phases   ] GC(401)   Other: 0.3ms
[2025-12-25T02:47:10.771+0000][gc,heap     ] GC(401) Eden regions: 612->0(612)
[2025-12-25T02:47:10.771+0000][gc,heap     ] GC(401) Survivor regions: 2->2(77)
[2025-12-25T02:47:10.771+0000][gc,heap     ] GC(401) Old regions: 80->80
[2025-12-25T02:47:10.771+0000][gc,heap     ] GC(401) Humongous regions: 40->40
[2025-12-25T02:47:10.772+0000][gc,metaspace] GC(401) Metaspace: 12671K(13120K)->12671K(13120K) NonClass: 11571K(11776K)->11571K(11776K) Class: 1099K(1344K)->1099K(1344K)
[2025-12-25T02:47:10.772+0000][gc          ] GC(401) Pause Young (Normal) (G1 Evacuation Pause) 732M->120M(1024M) 7.662ms
[2025-12-25T02:47:10.772+0000][gc,cpu      ] GC(401) User=0.03s Sys=0.00s Real=0.00s
[2025-12-25T02:48:10.634+0000][gc,start    ] GC(402) Pause Young (Normal) (G1 Evacuation Pause)
[2025-12-25T02:48:10.634+0000][gc,task     ] GC(402) Using 8 workers of 8 for evacuation
[2025-12-25T02:48:10.640+0000][gc,phases   ] GC(402)   Pre Evacuate Collection Set: 1.0ms
[2025-12-25T02:48:10.640+0000][gc,phases   ] GC(402)   Merge Heap Roots: 0.2ms
[2025-12-25T02:48:10.640+0000][gc,phases   ] GC(402)   Evacuate Collection Set: 3.3ms
[2025-12-25T02:48:10.640+0000][gc,phases   ] GC(402)   Post Evacuate Collection Set: 1.0ms
[2025-12-25T02:48:10.640+0000][gc,phases   ] GC(402)   Other: 0.2ms
[2025-12-25T02:48:10.640+0000][gc,heap     ] GC(402) Eden regions: 612->0(612)
[2025-12-25T02:48:10.640+0000][gc,heap     ] GC(402) Survivor regions: 2->2(77)
[2025-12-25T02:48:10.640+0000][gc,heap     ] GC(402) Old regions: 80->80
[2025-12-25T02:48:10.640+0000][gc,heap     ] GC(402) Humongous regions: 40->40
[2025-12-25T02:48:10.640+0000][gc,metaspace] GC(402) Metaspace: 12671K(13120K)->12671K(13120K) NonClass: 11571K(11776K)->11571K(11776K) Class: 1099K(1344K)->1099K(1344K)
[2025-12-25T02:48:10.641+0000][gc          ] GC(402) Pause Young (Normal) (G1 Evacuation Pause) 732M->120M(1024M) 6.930ms
[2025-12-25T02:48:10.641+0000][gc,cpu      ] GC(402) User=0.02s Sys=0.01s Real=0.01s
[2025-12-25T02:49:00.704+0000][gc,start    ] GC(403) Pause Young (Normal) (G1 Evacuation Pause)
[2025-12-25T02:49:00.705+0000][gc,task     ] GC(403) Using 8 workers of 8 for evacuation
[2025-12-25T02:49:00.712+0000][gc,phases   ] GC(403)   Pre Evacuate Collection Set: 1.3ms
[2025-12-25T02:49:00.712+0000][gc,phases   ] GC(403)   Merge Heap Roots: 0.2ms
[2025-12-25T02:49:00.712+0000][gc,phases   ] GC(403)   Evacuate Collection Set: 4.1ms
[2025-12-25T02:49:00.712+0000][gc,phases   ] GC(403)   Post Evacuate Collection Set: 1.2ms
[2025-12-25T02:49:00.712+0000][gc,phases   ] GC(403)   Other: 0.3ms
[2025-12-25T02:49:00.713+0000][gc,heap     ] GC(403) Eden regions: 612->0(612)
[2025-12-25T02:49:00.713+0000][gc,heap     ] GC(403) Survivor regions: 2->2(77)
[2025-12-25T02:49:00.713+0000][gc,heap     ] GC(403) Old regions: 80->80
[2025-12-25T02:49:00.713+0000][gc,heap     ] GC(403) Humongous regions: 40->40
[2025-12-25T02:49:00.713+0000][gc,metaspace] GC(403) Metaspace: 12673K(13120K)->12673K(13120K) NonClass: 11573K(11776K)->11573K(11776K) Class: 1099K(1344K)->1099K(1344K)
[2025-12-25T02:49:00.713+0000][gc          ] GC(403) Pause Young (Normal) (G1 Evacuation Pause) 732M->121M(1024M) 8.401ms
[2025-12-25T02:49:00.713+0000][gc,cpu      ] GC(403) User=0.03s Sys=0.00s Real=0.01s
[2025-12-25T02:50:00.485+0000][gc,start    ] GC(404) Pause Young (Normal) (G1 Evacuation Pause)
[2025-12-25T02:50:00.495+0000][gc,task     ] GC(404) Using 8 workers of 8 for evacuation
[2025-12-25T02:50:00.577+0000][gc,phases   ] GC(404)   Pre Evacuate Collection Set: 22.8ms
[2025-12-25T02:50:00.578+0000][gc,phases   ] GC(404)   Merge Heap Roots: 3.9ms
[2025-12-25T02:50:00.578+0000][gc,phases   ] GC(404)   Evacuate Collection Set: 22.0ms
[2025-12-25T02:50:00.578+0000][gc,phases   ] GC(404)   Post Evacuate Collection Set: 30.5ms
[2025-12-25T02:50:00.578+0000][gc,phases   ] GC(404)   Other: 5.8ms
[2025-12-25T02:50:00.579+0000][gc,heap     ] GC(404) Eden regions: 612->0(612)
[2025-12-25T02:50:00.580+0000][gc,heap     ] GC(404) Survivor regions: 2->2(77)
[2025-12-25T02:50:00.581+0000][gc,heap     ] GC(404) Old regions: 80->80
[2025-12-25T02:50:00.581+0000][gc,heap     ] GC(404) Humongous regions: 40->40
[2025-12-25T02:50:00.581+0000][gc,metaspace] GC(404) Metaspace: 12673K(13120K)->12673K(13120K) NonClass: 11573K(11776K)->11573K(11776K) Class: 1099K(1344K)->1099K(1344K)
[2025-12-25T02:50:00.583+0000][gc          ] GC(404) Pause Young (Normal) (G1 Evacuation Pause) 733M->120M(1024M) 96.901ms
[2025-12-25T02:50:00.583+0000][gc,cpu      ] GC(404) User=0.38s Sys=0.04s Real=0.09s
[2025-12-25T02:50:50.648+0000][gc,start    ] GC(405) Pause Young (Normal) (G1 Evacuation Pause)
[2025-12-25T02:50:50.649+0000][gc,task     ] GC(405) Using 8 workers of 8 for evacuation
[2025-12-25T02:50:50.659+0000][gc,phases   ] GC(405)   Pre Evacuate Collection Set: 1.5ms
[2025-12-25T02:50:50.659+0000][gc,phases   ] GC(405)   Merge Heap Roots: 0.2ms
[2025-12-25T02:50:50.659+0000][gc,phases   ] GC(405)   Evacuate Collection Set: 6.5ms
[2025-12-25T02:50:50.659+0000][gc,phases   ] GC(405)   Post Evacuate Collection Set: 1.6ms
[2025-12-25T02:50:50.659+0000][gc,phases   ] GC(405)   Other: 0.9ms
[2025-12-25T02:50:50.659+0000][gc,heap     ] GC(405) Eden regions: 612->0(612)
[2025-12-25T02:50:50.659+0000][gc,heap     ] GC(405) Survivor regions: 2->2(77)
[2025-12-25T02:50:50.659+0000][gc,heap     ] GC(405) Old regions: 80->80
[2025-12-25T02:50:50.659+0000][gc,heap     ] GC(405) Humongous regions: 40->40
[2025-12-25T02:50:50.659+0000][gc,metaspace] GC(405) Metaspace: 12673K(13120K)->12673K(13120K) NonClass: 11573K(11776K)->11573K(11776K) Class: 1099K(1344K)->1099K(1344K)
[2025-12-25T02:50:50.660+0000][gc          ] GC(405) Pause Young (Normal) (G1 Evacuation Pause) 732M->120M(1024M) 11.610ms
[2025-12-25T02:50:50.660+0000][gc,cpu      ] GC(405) User=0.07s Sys=0.00s Real=0.01s
[2025-12-25T02:51:40.770+0000][gc,start    ] GC(406) Pause Young (Normal) (G1 Evacuation Pause)
[2025-12-25T02:51:40.771+0000][gc,task     ] GC(406) Using 8 workers of 8 for evacuation
[2025-12-25T02:51:40.779+0000][gc,phases   ] GC(406)   Pre Evacuate Collection Set: 1.5ms
[2025-12-25T02:51:40.779+0000][gc,phases   ] GC(406)   Merge Heap Roots: 0.2ms
[2025-12-25T02:51:40.779+0000][gc,phases   ] GC(406)   Evacuate Collection Set: 4.5ms
[2025-12-25T02:51:40.779+0000][gc,phases   ] GC(406)   Post Evacuate Collection Set: 1.5ms
[2025-12-25T02:51:40.779+0000][gc,phases   ] GC(406)   Other: 0.5ms
[2025-12-25T02:51:40.779+0000][gc,heap     ] GC(406) Eden regions: 612->0(611)
[2025-12-25T02:51:40.779+0000][gc,heap     ] GC(406) Survivor regions: 2->3(77)
[2025-12-25T02:51:40.780+0000][gc,heap     ] GC(406) Old regions: 80->80
[2025-12-25T02:51:40.780+0000][gc,heap     ] GC(406) Humongous regions: 40->40
[2025-12-25T02:51:40.780+0000][gc,metaspace] GC(406) Metaspace: 12673K(13120K)->12673K(13120K) NonClass: 11573K(11776K)->11573K(11776K) Class: 1099K(1344K)->1099K(1344K)
[2025-12-25T02:51:40.780+0000][gc          ] GC(406) Pause Young (Normal) (G1 Evacuation Pause) 732M->121M(1024M) 9.997ms
[2025-12-25T02:51:40.780+0000][gc,cpu      ] GC(406) User=0.04s Sys=0.01s Real=0.01s
[2025-12-25T02:52:40.512+0000][gc,start    ] GC(407) Pause Young (Normal) (G1 Evacuation Pause)
[2025-12-25T02:52:40.514+0000][gc,task     ] GC(407) Using 8 workers of 8 for evacuation
[2025-12-25T02:52:40.528+0000][gc,phases   ] GC(407)   Pre Evacuate Collection Set: 3.1ms
[2025-12-25T02:52:40.528+0000][gc,phases   ] GC(407)   Merge Heap Roots: 0.2ms
[2025-12-25T02:52:40.528+0000][gc,phases   ] GC(407)   Evacuate Collection Set: 8.8ms
[2025-12-25T02:52:40.528+0000][gc,phases   ] GC(407)   Post Evacuate Collection Set: 1.4ms
[2025-12-25T02:52:40.528+0000][gc,phases   ] GC(407)   Other: 0.7ms
[2025-12-25T02:52:40.528+0000][gc,heap     ] GC(407) Eden regions: 611->0(612)
[2025-12-25T02:52:40.528+0000][gc,heap     ] GC(407) Survivor regions: 3->2(77)
[2025-12-25T02:52:40.528+0000][gc,heap     ] GC(407) Old regions: 80->80
[2025-12-25T02:52:40.528+0000][gc,heap     ] GC(407) Humongous regions: 40->40
[2025-12-25T02:52:40.528+0000][gc,metaspace] GC(407) Metaspace: 12673K(13120K)->12673K(13120K) NonClass: 11573K(11776K)->11573K(11776K) Class: 1099K(1344K)->1099K(1344K)
[2025-12-25T02:52:40.529+0000][gc          ] GC(407) Pause Young (Normal) (G1 Evacuation Pause) 732M->120M(1024M) 16.152ms
[2025-12-25T02:52:40.529+0000][gc,cpu      ] GC(407) User=0.08s Sys=0.00s Real=0.02s
[2025-12-25T02:53:30.675+0000][gc,start    ] GC(408) Pause Young (Normal) (G1 Evacuation Pause)
[2025-12-25T02:53:30.675+0000][gc,task     ] GC(408) Using 8 workers of 8 for evacuation
[2025-12-25T02:53:30.690+0000][gc,phases   ] GC(408)   Pre Evacuate Collection Set: 1.1ms
[2025-12-25T02:53:30.690+0000][gc,phases   ] GC(408)   Merge Heap Roots: 0.2ms
[2025-12-25T02:53:30.690+0000][gc,phases   ] GC(408)   Evacuate Collection Set: 8.7ms
[2025-12-25T02:53:30.690+0000][gc,phases   ] GC(408)   Post Evacuate Collection Set: 3.6ms
[2025-12-25T02:53:30.690+0000][gc,phases   ] GC(408)   Other: 0.5ms
[2025-12-25T02:53:30.690+0000][gc,heap     ] GC(408) Eden regions: 612->0(612)
[2025-12-25T02:53:30.690+0000][gc,heap     ] GC(408) Survivor regions: 2->2(77)
[2025-12-25T02:53:30.690+0000][gc,heap     ] GC(408) Old regions: 80->80
[2025-12-25T02:53:30.690+0000][gc,heap     ] GC(408) Humongous regions: 40->40
[2025-12-25T02:53:30.690+0000][gc,metaspace] GC(408) Metaspace: 12673K(13120K)->12673K(13120K) NonClass: 11573K(11776K)->11573K(11776K) Class: 1099K(1344K)->1099K(1344K)
[2025-12-25T02:53:30.691+0000][gc          ] GC(408) Pause Young (Normal) (G1 Evacuation Pause) 732M->121M(1024M) 15.829ms
[2025-12-25T02:53:30.691+0000][gc,cpu      ] GC(408) User=0.08s Sys=0.00s Real=0.02s
[2025-12-25T02:54:30.436+0000][gc,start    ] GC(409) Pause Young (Normal) (G1 Evacuation Pause)
[2025-12-25T02:54:30.436+0000][gc,task     ] GC(409) Using 8 workers of 8 for evacuation
[2025-12-25T02:54:30.446+0000][gc,phases   ] GC(409)   Pre Evacuate Collection Set: 1.5ms
[2025-12-25T02:54:30.446+0000][gc,phases   ] GC(409)   Merge Heap Roots: 0.3ms
[2025-12-25T02:54:30.446+0000][gc,phases   ] GC(409)   Evacuate Collection Set: 6.6ms
[2025-12-25T02:54:30.446+0000][gc,phases   ] GC(409)   Post Evacuate Collection Set: 1.3ms
[2025-12-25T02:54:30.446+0000][gc,phases   ] GC(409)   Other: 0.3ms
[2025-12-25T02:54:30.446+0000][gc,heap     ] GC(409) Eden regions: 612->0(613)
[2025-12-25T02:54:30.446+0000][gc,heap     ] GC(409) Survivor regions: 2->1(77)
[2025-12-25T02:54:30.446+0000][gc,heap     ] GC(409) Old regions: 80->80
[2025-12-25T02:54:30.446+0000][gc,heap     ] GC(409) Humongous regions: 40->40
[2025-12-25T02:54:30.446+0000][gc,metaspace] GC(409) Metaspace: 12673K(13120K)->12673K(13120K) NonClass: 11573K(11776K)->11573K(11776K) Class: 1099K(1344K)->1099K(1344K)
[2025-12-25T02:54:30.447+0000][gc          ] GC(409) Pause Young (Normal) (G1 Evacuation Pause) 733M->120M(1024M) 11.022ms
[2025-12-25T02:54:30.447+0000][gc,cpu      ] GC(409) User=0.06s Sys=0.00s Real=0.01s
[2025-12-25T02:55:20.600+0000][gc,start    ] GC(410) Pause Young (Normal) (G1 Evacuation Pause)
[2025-12-25T02:55:20.602+0000][gc,task     ] GC(410) Using 8 workers of 8 for evacuation
[2025-12-25T02:55:20.610+0000][gc,phases   ] GC(410)   Pre Evacuate Collection Set: 1.3ms
[2025-12-25T02:55:20.610+0000][gc,phases   ] GC(410)   Merge Heap Roots: 0.2ms
[2025-12-25T02:55:20.610+0000][gc,phases   ] GC(410)   Evacuate Collection Set: 3.9ms
[2025-12-25T02:55:20.610+0000][gc,phases   ] GC(410)   Post Evacuate Collection Set: 2.0ms
[2025-12-25T02:55:20.610+0000][gc,phases   ] GC(410)   Other: 1.1ms
[2025-12-25T02:55:20.610+0000][gc,heap     ] GC(410) Eden regions: 613->0(612)
[2025-12-25T02:55:20.610+0000][gc,heap     ] GC(410) Survivor regions: 1->2(77)
[2025-12-25T02:55:20.610+0000][gc,heap     ] GC(410) Old regions: 80->80
[2025-12-25T02:55:20.610+0000][gc,heap     ] GC(410) Humongous regions: 40->40
[2025-12-25T02:55:20.610+0000][gc,metaspace] GC(410) Metaspace: 12673K(13120K)->12673K(13120K) NonClass: 11573K(11776K)->11573K(11776K) Class: 1099K(1344K)->1099K(1344K)
[2025-12-25T02:55:20.610+0000][gc          ] GC(410) Pause Young (Normal) (G1 Evacuation Pause) 733M->120M(1024M) 10.575ms
[2025-12-25T02:55:20.611+0000][gc,cpu      ] GC(410) User=0.04s Sys=0.00s Real=0.01s
[2025-12-25T02:56:10.721+0000][gc,start    ] GC(411) Pause Young (Normal) (G1 Evacuation Pause)
[2025-12-25T02:56:10.722+0000][gc,task     ] GC(411) Using 8 workers of 8 for evacuation
[2025-12-25T02:56:10.740+0000][gc,phases   ] GC(411)   Pre Evacuate Collection Set: 1.1ms
[2025-12-25T02:56:10.740+0000][gc,phases   ] GC(411)   Merge Heap Roots: 0.3ms
[2025-12-25T02:56:10.740+0000][gc,phases   ] GC(411)   Evacuate Collection Set: 14.6ms
[2025-12-25T02:56:10.740+0000][gc,phases   ] GC(411)   Post Evacuate Collection Set: 2.2ms
[2025-12-25T02:56:10.740+0000][gc,phases   ] GC(411)   Other: 0.3ms
[2025-12-25T02:56:10.740+0000][gc,heap     ] GC(411) Eden regions: 612->0(612)
[2025-12-25T02:56:10.740+0000][gc,heap     ] GC(411) Survivor regions: 2->2(77)
[2025-12-25T02:56:10.740+0000][gc,heap     ] GC(411) Old regions: 80->80
[2025-12-25T02:56:10.740+0000][gc,heap     ] GC(411) Humongous regions: 40->40
[2025-12-25T02:56:10.740+0000][gc,metaspace] GC(411) Metaspace: 12673K(13120K)->12673K(13120K) NonClass: 11573K(11776K)->11573K(11776K) Class: 1099K(1344K)->1099K(1344K)
[2025-12-25T02:56:10.740+0000][gc          ] GC(411) Pause Young (Normal) (G1 Evacuation Pause) 732M->121M(1024M) 19.597ms
[2025-12-25T02:56:10.741+0000][gc,cpu      ] GC(411) User=0.07s Sys=0.01s Real=0.02s
[2025-12-25T02:57:10.578+0000][gc,start    ] GC(412) Pause Young (Normal) (G1 Evacuation Pause)
[2025-12-25T02:57:10.578+0000][gc,task     ] GC(412) Using 8 workers of 8 for evacuation
[2025-12-25T02:57:10.596+0000][gc,phases   ] GC(412)   Pre Evacuate Collection Set: 3.3ms
[2025-12-25T02:57:10.596+0000][gc,phases   ] GC(412)   Merge Heap Roots: 1.1ms
[2025-12-25T02:57:10.596+0000][gc,phases   ] GC(412)   Evacuate Collection Set: 10.5ms
[2025-12-25T02:57:10.596+0000][gc,phases   ] GC(412)   Post Evacuate Collection Set: 2.5ms
[2025-12-25T02:57:10.596+0000][gc,phases   ] GC(412)   Other: 0.3ms
[2025-12-25T02:57:10.596+0000][gc,heap     ] GC(412) Eden regions: 612->0(612)
[2025-12-25T02:57:10.596+0000][gc,heap     ] GC(412) Survivor regions: 2->2(77)
[2025-12-25T02:57:10.596+0000][gc,heap     ] GC(412) Old regions: 80->80
[2025-12-25T02:57:10.596+0000][gc,heap     ] GC(412) Humongous regions: 40->40
[2025-12-25T02:57:10.597+0000][gc,metaspace] GC(412) Metaspace: 12673K(13120K)->12673K(13120K) NonClass: 11573K(11776K)->11573K(11776K) Class: 1099K(1344K)->1099K(1344K)
[2025-12-25T02:57:10.597+0000][gc          ] GC(412) Pause Young (Normal) (G1 Evacuation Pause) 733M->120M(1024M) 19.106ms
[2025-12-25T02:57:10.597+0000][gc,cpu      ] GC(412) User=0.10s Sys=0.00s Real=0.02s
[2025-12-25T02:58:00.936+0000][gc,start    ] GC(413) Pause Young (Normal) (G1 Evacuation Pause)
[2025-12-25T02:58:00.937+0000][gc,task     ] GC(413) Using 8 workers of 8 for evacuation
[2025-12-25T02:58:00.949+0000][gc,phases   ] GC(413)   Pre Evacuate Collection Set: 1.2ms
[2025-12-25T02:58:00.950+0000][gc,phases   ] GC(413)   Merge Heap Roots: 0.3ms
[2025-12-25T02:58:00.950+0000][gc,phases   ] GC(413)   Evacuate Collection Set: 9.2ms
[2025-12-25T02:58:00.950+0000][gc,phases   ] GC(413)   Post Evacuate Collection Set: 1.5ms
[2025-12-25T02:58:00.950+0000][gc,phases   ] GC(413)   Other: 0.4ms
[2025-12-25T02:58:00.950+0000][gc,heap     ] GC(413) Eden regions: 612->0(612)
[2025-12-25T02:58:00.950+0000][gc,heap     ] GC(413) Survivor regions: 2->2(77)
[2025-12-25T02:58:00.950+0000][gc,heap     ] GC(413) Old regions: 80->80
[2025-12-25T02:58:00.950+0000][gc,heap     ] GC(413) Humongous regions: 40->40
[2025-12-25T02:58:00.950+0000][gc,metaspace] GC(413) Metaspace: 12673K(13120K)->12673K(13120K) NonClass: 11573K(11776K)->11573K(11776K) Class: 1099K(1344K)->1099K(1344K)
[2025-12-25T02:58:00.950+0000][gc          ] GC(413) Pause Young (Normal) (G1 Evacuation Pause) 732M->120M(1024M) 14.038ms
[2025-12-25T02:58:00.950+0000][gc,cpu      ] GC(413) User=0.05s Sys=0.01s Real=0.01s
[2025-12-25T02:59:00.434+0000][gc,start    ] GC(414) Pause Young (Normal) (G1 Evacuation Pause)
[2025-12-25T02:59:00.435+0000][gc,task     ] GC(414) Using 8 workers of 8 for evacuation
[2025-12-25T02:59:00.450+0000][gc,phases   ] GC(414)   Pre Evacuate Collection Set: 2.8ms
[2025-12-25T02:59:00.450+0000][gc,phases   ] GC(414)   Merge Heap Roots: 0.4ms
[2025-12-25T02:59:00.450+0000][gc,phases   ] GC(414)   Evacuate Collection Set: 9.0ms
[2025-12-25T02:59:00.450+0000][gc,phases   ] GC(414)   Post Evacuate Collection Set: 2.0ms
[2025-12-25T02:59:00.450+0000][gc,phases   ] GC(414)   Other: 0.6ms
[2025-12-25T02:59:00.450+0000][gc,heap     ] GC(414) Eden regions: 612->0(613)
[2025-12-25T02:59:00.450+0000][gc,heap     ] GC(414) Survivor regions: 2->1(77)
[2025-12-25T02:59:00.450+0000][gc,heap     ] GC(414) Old regions: 80->80
[2025-12-25T02:59:00.451+0000][gc,heap     ] GC(414) Humongous regions: 40->40
[2025-12-25T02:59:00.451+0000][gc,metaspace] GC(414) Metaspace: 12673K(13120K)->12673K(13120K) NonClass: 11573K(11776K)->11573K(11776K) Class: 1099K(1344K)->1099K(1344K)
[2025-12-25T02:59:00.451+0000][gc          ] GC(414) Pause Young (Normal) (G1 Evacuation Pause) 732M->120M(1024M) 16.581ms
[2025-12-25T02:59:00.451+0000][gc,cpu      ] GC(414) User=0.08s Sys=0.00s Real=0.01s
[2025-12-25T02:59:50.653+0000][gc,start    ] GC(415) Pause Young (Normal) (G1 Evacuation Pause)
[2025-12-25T02:59:50.653+0000][gc,task     ] GC(415) Using 8 workers of 8 for evacuation
[2025-12-25T02:59:50.659+0000][gc,phases   ] GC(415)   Pre Evacuate Collection Set: 1.0ms
[2025-12-25T02:59:50.659+0000][gc,phases   ] GC(415)   Merge Heap Roots: 0.2ms
[2025-12-25T02:59:50.659+0000][gc,phases   ] GC(415)   Evacuate Collection Set: 3.2ms
[2025-12-25T02:59:50.659+0000][gc,phases   ] GC(415)   Post Evacuate Collection Set: 1.0ms
[2025-12-25T02:59:50.659+0000][gc,phases   ] GC(415)   Other: 0.2ms
[2025-12-25T02:59:50.659+0000][gc,heap     ] GC(415) Eden regions: 613->0(612)
[2025-12-25T02:59:50.659+0000][gc,heap     ] GC(415) Survivor regions: 1->2(77)
[2025-12-25T02:59:50.659+0000][gc,heap     ] GC(415) Old regions: 80->80
[2025-12-25T02:59:50.659+0000][gc,heap     ] GC(415) Humongous regions: 40->40
[2025-12-25T02:59:50.660+0000][gc,metaspace] GC(415) Metaspace: 12673K(13120K)->12673K(13120K) NonClass: 11573K(11776K)->11573K(11776K) Class: 1099K(1344K)->1099K(1344K)
[2025-12-25T02:59:50.660+0000][gc          ] GC(415) Pause Young (Normal) (G1 Evacuation Pause) 733M->120M(1024M) 6.753ms
[2025-12-25T02:59:50.660+0000][gc,cpu      ] GC(415) User=0.03s Sys=0.00s Real=0.00s
[2025-12-25T03:00:40.707+0000][gc,start    ] GC(416) Pause Young (Normal) (G1 Evacuation Pause)
[2025-12-25T03:00:40.707+0000][gc,task     ] GC(416) Using 8 workers of 8 for evacuation
[2025-12-25T03:00:40.725+0000][gc,phases   ] GC(416)   Pre Evacuate Collection Set: 3.1ms
[2025-12-25T03:00:40.725+0000][gc,phases   ] GC(416)   Merge Heap Roots: 1.1ms
[2025-12-25T03:00:40.725+0000][gc,phases   ] GC(416)   Evacuate Collection Set: 10.1ms
[2025-12-25T03:00:40.726+0000][gc,phases   ] GC(416)   Post Evacuate Collection Set: 1.8ms
[2025-12-25T03:00:40.726+0000][gc,phases   ] GC(416)   Other: 1.5ms
[2025-12-25T03:00:40.726+0000][gc,heap     ] GC(416) Eden regions: 612->0(612)
[2025-12-25T03:00:40.726+0000][gc,heap     ] GC(416) Survivor regions: 2->2(77)
[2025-12-25T03:00:40.726+0000][gc,heap     ] GC(416) Old regions: 80->80
[2025-12-25T03:00:40.726+0000][gc,heap     ] GC(416) Humongous regions: 40->40
[2025-12-25T03:00:40.726+0000][gc,metaspace] GC(416) Metaspace: 12674K(13120K)->12674K(13120K) NonClass: 11574K(11776K)->11574K(11776K) Class: 1099K(1344K)->1099K(1344K)
[2025-12-25T03:00:40.726+0000][gc          ] GC(416) Pause Young (Normal) (G1 Evacuation Pause) 732M->121M(1024M) 19.506ms
[2025-12-25T03:00:40.726+0000][gc,cpu      ] GC(416) User=0.07s Sys=0.00s Real=0.02s
[2025-12-25T03:01:40.522+0000][gc,start    ] GC(417) Pause Young (Normal) (G1 Evacuation Pause)
[2025-12-25T03:01:40.523+0000][gc,task     ] GC(417) Using 8 workers of 8 for evacuation
[2025-12-25T03:01:40.541+0000][gc,phases   ] GC(417)   Pre Evacuate Collection Set: 2.6ms
[2025-12-25T03:01:40.541+0000][gc,phases   ] GC(417)   Merge Heap Roots: 0.4ms
[2025-12-25T03:01:40.541+0000][gc,phases   ] GC(417)   Evacuate Collection Set: 13.0ms
[2025-12-25T03:01:40.541+0000][gc,phases   ] GC(417)   Post Evacuate Collection Set: 2.1ms
[2025-12-25T03:01:40.542+0000][gc,phases   ] GC(417)   Other: 0.6ms
[2025-12-25T03:01:40.542+0000][gc,heap     ] GC(417) Eden regions: 612->0(613)
[2025-12-25T03:01:40.542+0000][gc,heap     ] GC(417) Survivor regions: 2->1(77)
[2025-12-25T03:01:40.542+0000][gc,heap     ] GC(417) Old regions: 80->80
[2025-12-25T03:01:40.542+0000][gc,heap     ] GC(417) Humongous regions: 40->40
[2025-12-25T03:01:40.542+0000][gc,metaspace] GC(417) Metaspace: 12695K(13120K)->12695K(13120K) NonClass: 11595K(11776K)->11595K(11776K) Class: 1099K(1344K)->1099K(1344K)
[2025-12-25T03:01:40.542+0000][gc          ] GC(417) Pause Young (Normal) (G1 Evacuation Pause) 733M->120M(1024M) 20.209ms
[2025-12-25T03:01:40.542+0000][gc,cpu      ] GC(417) User=0.11s Sys=0.01s Real=0.02s
[2025-12-25T03:02:30.631+0000][gc,start    ] GC(418) Pause Young (Normal) (G1 Evacuation Pause)
[2025-12-25T03:02:30.632+0000][gc,task     ] GC(418) Using 8 workers of 8 for evacuation
[2025-12-25T03:02:30.645+0000][gc,phases   ] GC(418)   Pre Evacuate Collection Set: 1.3ms
[2025-12-25T03:02:30.645+0000][gc,phases   ] GC(418)   Merge Heap Roots: 0.2ms
[2025-12-25T03:02:30.645+0000][gc,phases   ] GC(418)   Evacuate Collection Set: 9.6ms
[2025-12-25T03:02:30.645+0000][gc,phases   ] GC(418)   Post Evacuate Collection Set: 2.1ms
[2025-12-25T03:02:30.646+0000][gc,phases   ] GC(418)   Other: 0.3ms
[2025-12-25T03:02:30.646+0000][gc,heap     ] GC(418) Eden regions: 613->0(612)
[2025-12-25T03:02:30.646+0000][gc,heap     ] GC(418) Survivor regions: 1->2(77)
[2025-12-25T03:02:30.646+0000][gc,heap     ] GC(418) Old regions: 80->80
[2025-12-25T03:02:30.646+0000][gc,heap     ] GC(418) Humongous regions: 40->40
[2025-12-25T03:02:30.646+0000][gc,metaspace] GC(418) Metaspace: 12695K(13120K)->12695K(13120K) NonClass: 11595K(11776K)->11595K(11776K) Class: 1099K(1344K)->1099K(1344K)
[2025-12-25T03:02:30.646+0000][gc          ] GC(418) Pause Young (Normal) (G1 Evacuation Pause) 733M->120M(1024M) 14.510ms
[2025-12-25T03:02:30.646+0000][gc,cpu      ] GC(418) User=0.08s Sys=0.00s Real=0.02s
[2025-12-25T03:03:30.394+0000][gc,start    ] GC(419) Pause Young (Normal) (G1 Evacuation Pause)
[2025-12-25T03:03:30.395+0000][gc,task     ] GC(419) Using 8 workers of 8 for evacuation
[2025-12-25T03:03:30.408+0000][gc,phases   ] GC(419)   Pre Evacuate Collection Set: 1.4ms
[2025-12-25T03:03:30.408+0000][gc,phases   ] GC(419)   Merge Heap Roots: 0.2ms
[2025-12-25T03:03:30.408+0000][gc,phases   ] GC(419)   Evacuate Collection Set: 8.9ms
[2025-12-25T03:03:30.409+0000][gc,phases   ] GC(419)   Post Evacuate Collection Set: 2.4ms
[2025-12-25T03:03:30.409+0000][gc,phases   ] GC(419)   Other: 0.6ms
[2025-12-25T03:03:30.409+0000][gc,heap     ] GC(419) Eden regions: 612->0(613)
[2025-12-25T03:03:30.409+0000][gc,heap     ] GC(419) Survivor regions: 2->1(77)
[2025-12-25T03:03:30.409+0000][gc,heap     ] GC(419) Old regions: 80->80
[2025-12-25T03:03:30.409+0000][gc,heap     ] GC(419) Humongous regions: 40->40
[2025-12-25T03:03:30.409+0000][gc,metaspace] GC(419) Metaspace: 12695K(13120K)->12695K(13120K) NonClass: 11595K(11776K)->11595K(11776K) Class: 1099K(1344K)->1099K(1344K)
[2025-12-25T03:03:30.409+0000][gc          ] GC(419) Pause Young (Normal) (G1 Evacuation Pause) 732M->120M(1024M) 14.882ms
[2025-12-25T03:03:30.409+0000][gc,cpu      ] GC(419) User=0.08s Sys=0.00s Real=0.01s
[2025-12-25T03:04:20.557+0000][gc,start    ] GC(420) Pause Young (Normal) (G1 Evacuation Pause)
[2025-12-25T03:04:20.557+0000][gc,task     ] GC(420) Using 8 workers of 8 for evacuation
[2025-12-25T03:04:20.571+0000][gc,phases   ] GC(420)   Pre Evacuate Collection Set: 1.4ms
[2025-12-25T03:04:20.571+0000][gc,phases   ] GC(420)   Merge Heap Roots: 0.2ms
[2025-12-25T03:04:20.571+0000][gc,phases   ] GC(420)   Evacuate Collection Set: 9.3ms
[2025-12-25T03:04:20.571+0000][gc,phases   ] GC(420)   Post Evacuate Collection Set: 2.6ms
[2025-12-25T03:04:20.571+0000][gc,phases   ] GC(420)   Other: 0.2ms
[2025-12-25T03:04:20.572+0000][gc,heap     ] GC(420) Eden regions: 613->0(612)
[2025-12-25T03:04:20.572+0000][gc,heap     ] GC(420) Survivor regions: 1->2(77)
[2025-12-25T03:04:20.572+0000][gc,heap     ] GC(420) Old regions: 80->80
[2025-12-25T03:04:20.572+0000][gc,heap     ] GC(420) Humongous regions: 40->40
[2025-12-25T03:04:20.572+0000][gc,metaspace] GC(420) Metaspace: 12695K(13120K)->12695K(13120K) NonClass: 11595K(11776K)->11595K(11776K) Class: 1099K(1344K)->1099K(1344K)
[2025-12-25T03:04:20.572+0000][gc          ] GC(420) Pause Young (Normal) (G1 Evacuation Pause) 733M->120M(1024M) 15.228ms
[2025-12-25T03:04:20.572+0000][gc,cpu      ] GC(420) User=0.09s Sys=0.00s Real=0.02s
[2025-12-25T03:05:10.771+0000][gc,start    ] GC(421) Pause Young (Normal) (G1 Evacuation Pause)
[2025-12-25T03:05:10.772+0000][gc,task     ] GC(421) Using 8 workers of 8 for evacuation
[2025-12-25T03:05:10.785+0000][gc,phases   ] GC(421)   Pre Evacuate Collection Set: 1.1ms
[2025-12-25T03:05:10.785+0000][gc,phases   ] GC(421)   Merge Heap Roots: 0.2ms
[2025-12-25T03:05:10.785+0000][gc,phases   ] GC(421)   Evacuate Collection Set: 5.4ms
[2025-12-25T03:05:10.785+0000][gc,phases   ] GC(421)   Post Evacuate Collection Set: 5.7ms
[2025-12-25T03:05:10.785+0000][gc,phases   ] GC(421)   Other: 0.6ms
[2025-12-25T03:05:10.786+0000][gc,heap     ] GC(421) Eden regions: 612->0(612)
[2025-12-25T03:05:10.786+0000][gc,heap     ] GC(421) Survivor regions: 2->2(77)
[2025-12-25T03:05:10.786+0000][gc,heap     ] GC(421) Old regions: 80->80
[2025-12-25T03:05:10.786+0000][gc,heap     ] GC(421) Humongous regions: 40->40
[2025-12-25T03:05:10.786+0000][gc,metaspace] GC(421) Metaspace: 12695K(13120K)->12695K(13120K) NonClass: 11595K(11776K)->11595K(11776K) Class: 1099K(1344K)->1099K(1344K)
[2025-12-25T03:05:10.786+0000][gc          ] GC(421) Pause Young (Normal) (G1 Evacuation Pause) 732M->121M(1024M) 14.736ms
[2025-12-25T03:05:10.786+0000][gc,cpu      ] GC(421) User=0.05s Sys=0.00s Real=0.01s
[2025-12-25T03:06:10.465+0000][gc,start    ] GC(422) Pause Young (Normal) (G1 Evacuation Pause)
[2025-12-25T03:06:10.465+0000][gc,task     ] GC(422) Using 8 workers of 8 for evacuation
[2025-12-25T03:06:10.475+0000][gc,phases   ] GC(422)   Pre Evacuate Collection Set: 1.4ms
[2025-12-25T03:06:10.476+0000][gc,phases   ] GC(422)   Merge Heap Roots: 0.2ms
[2025-12-25T03:06:10.476+0000][gc,phases   ] GC(422)   Evacuate Collection Set: 5.8ms
[2025-12-25T03:06:10.476+0000][gc,phases   ] GC(422)   Post Evacuate Collection Set: 2.5ms
[2025-12-25T03:06:10.476+0000][gc,phases   ] GC(422)   Other: 0.3ms
[2025-12-25T03:06:10.476+0000][gc,heap     ] GC(422) Eden regions: 612->0(613)
[2025-12-25T03:06:10.476+0000][gc,heap     ] GC(422) Survivor regions: 2->1(77)
[2025-12-25T03:06:10.476+0000][gc,heap     ] GC(422) Old regions: 80->80
[2025-12-25T03:06:10.476+0000][gc,heap     ] GC(422) Humongous regions: 40->40
[2025-12-25T03:06:10.476+0000][gc,metaspace] GC(422) Metaspace: 12695K(13120K)->12695K(13120K) NonClass: 11595K(11776K)->11595K(11776K) Class: 1099K(1344K)->1099K(1344K)
[2025-12-25T03:06:10.476+0000][gc          ] GC(422) Pause Young (Normal) (G1 Evacuation Pause) 733M->120M(1024M) 11.802ms
[2025-12-25T03:06:10.477+0000][gc,cpu      ] GC(422) User=0.06s Sys=0.00s Real=0.01s
[2025-12-25T03:07:00.616+0000][gc,start    ] GC(423) Pause Young (Normal) (G1 Evacuation Pause)
[2025-12-25T03:07:00.618+0000][gc,task     ] GC(423) Using 8 workers of 8 for evacuation
[2025-12-25T03:07:00.628+0000][gc,phases   ] GC(423)   Pre Evacuate Collection Set: 3.6ms
[2025-12-25T03:07:00.628+0000][gc,phases   ] GC(423)   Merge Heap Roots: 0.5ms
[2025-12-25T03:07:00.628+0000][gc,phases   ] GC(423)   Evacuate Collection Set: 4.2ms
[2025-12-25T03:07:00.628+0000][gc,phases   ] GC(423)   Post Evacuate Collection Set: 1.2ms
[2025-12-25T03:07:00.628+0000][gc,phases   ] GC(423)   Other: 1.1ms
[2025-12-25T03:07:00.628+0000][gc,heap     ] GC(423) Eden regions: 613->0(612)
[2025-12-25T03:07:00.628+0000][gc,heap     ] GC(423) Survivor regions: 1->2(77)
[2025-12-25T03:07:00.628+0000][gc,heap     ] GC(423) Old regions: 80->80
[2025-12-25T03:07:00.628+0000][gc,heap     ] GC(423) Humongous regions: 40->40
[2025-12-25T03:07:00.628+0000][gc,metaspace] GC(423) Metaspace: 12695K(13120K)->12695K(13120K) NonClass: 11595K(11776K)->11595K(11776K) Class: 1099K(1344K)->1099K(1344K)
[2025-12-25T03:07:00.629+0000][gc          ] GC(423) Pause Young (Normal) (G1 Evacuation Pause) 733M->121M(1024M) 12.749ms
[2025-12-25T03:07:00.629+0000][gc,cpu      ] GC(423) User=0.05s Sys=0.00s Real=0.01s
[2025-12-25T03:08:00.361+0000][gc,start    ] GC(424) Pause Young (Normal) (G1 Evacuation Pause)
[2025-12-25T03:08:00.362+0000][gc,task     ] GC(424) Using 8 workers of 8 for evacuation
[2025-12-25T03:08:00.371+0000][gc,phases   ] GC(424)   Pre Evacuate Collection Set: 1.3ms
[2025-12-25T03:08:00.372+0000][gc,phases   ] GC(424)   Merge Heap Roots: 0.3ms
[2025-12-25T03:08:00.372+0000][gc,phases   ] GC(424)   Evacuate Collection Set: 6.1ms
[2025-12-25T03:08:00.372+0000][gc,phases   ] GC(424)   Post Evacuate Collection Set: 1.5ms
[2025-12-25T03:08:00.372+0000][gc,phases   ] GC(424)   Other: 0.4ms
[2025-12-25T03:08:00.372+0000][gc,heap     ] GC(424) Eden regions: 612->0(613)
[2025-12-25T03:08:00.372+0000][gc,heap     ] GC(424) Survivor regions: 2->1(77)
[2025-12-25T03:08:00.372+0000][gc,heap     ] GC(424) Old regions: 80->80
[2025-12-25T03:08:00.372+0000][gc,heap     ] GC(424) Humongous regions: 40->40
[2025-12-25T03:08:00.372+0000][gc,metaspace] GC(424) Metaspace: 12695K(13120K)->12695K(13120K) NonClass: 11595K(11776K)->11595K(11776K) Class: 1099K(1344K)->1099K(1344K)
[2025-12-25T03:08:00.372+0000][gc          ] GC(424) Pause Young (Normal) (G1 Evacuation Pause) 733M->120M(1024M) 10.804ms
[2025-12-25T03:08:00.372+0000][gc,cpu      ] GC(424) User=0.05s Sys=0.01s Real=0.01s
[2025-12-25T03:08:50.561+0000][gc,start    ] GC(425) Pause Young (Normal) (G1 Evacuation Pause)
[2025-12-25T03:08:50.561+0000][gc,task     ] GC(425) Using 8 workers of 8 for evacuation
[2025-12-25T03:08:50.569+0000][gc,phases   ] GC(425)   Pre Evacuate Collection Set: 2.7ms
[2025-12-25T03:08:50.569+0000][gc,phases   ] GC(425)   Merge Heap Roots: 0.2ms
[2025-12-25T03:08:50.569+0000][gc,phases   ] GC(425)   Evacuate Collection Set: 3.4ms
[2025-12-25T03:08:50.569+0000][gc,phases   ] GC(425)   Post Evacuate Collection Set: 1.3ms
[2025-12-25T03:08:50.569+0000][gc,phases   ] GC(425)   Other: 0.3ms
[2025-12-25T03:08:50.569+0000][gc,heap     ] GC(425) Eden regions: 613->0(612)
[2025-12-25T03:08:50.569+0000][gc,heap     ] GC(425) Survivor regions: 1->2(77)
[2025-12-25T03:08:50.569+0000][gc,heap     ] GC(425) Old regions: 80->80
[2025-12-25T03:08:50.569+0000][gc,heap     ] GC(425) Humongous regions: 40->40
[2025-12-25T03:08:50.570+0000][gc,metaspace] GC(425) Metaspace: 12695K(13120K)->12695K(13120K) NonClass: 11595K(11776K)->11595K(11776K) Class: 1099K(1344K)->1099K(1344K)
[2025-12-25T03:08:50.570+0000][gc          ] GC(425) Pause Young (Normal) (G1 Evacuation Pause) 733M->120M(1024M) 9.220ms
[2025-12-25T03:08:50.570+0000][gc,cpu      ] GC(425) User=0.04s Sys=0.00s Real=0.01s
[2025-12-25T03:09:40.950+0000][gc,start    ] GC(426) Pause Young (Normal) (G1 Evacuation Pause)
[2025-12-25T03:09:40.950+0000][gc,task     ] GC(426) Using 8 workers of 8 for evacuation
[2025-12-25T03:09:40.967+0000][gc,phases   ] GC(426)   Pre Evacuate Collection Set: 1.5ms
[2025-12-25T03:09:40.967+0000][gc,phases   ] GC(426)   Merge Heap Roots: 0.2ms
[2025-12-25T03:09:40.968+0000][gc,phases   ] GC(426)   Evacuate Collection Set: 13.2ms
[2025-12-25T03:09:40.968+0000][gc,phases   ] GC(426)   Post Evacuate Collection Set: 1.7ms
[2025-12-25T03:09:40.968+0000][gc,phases   ] GC(426)   Other: 0.4ms
[2025-12-25T03:09:40.968+0000][gc,heap     ] GC(426) Eden regions: 612->0(612)
[2025-12-25T03:09:40.968+0000][gc,heap     ] GC(426) Survivor regions: 2->2(77)
[2025-12-25T03:09:40.968+0000][gc,heap     ] GC(426) Old regions: 80->80
[2025-12-25T03:09:40.968+0000][gc,heap     ] GC(426) Humongous regions: 40->40
[2025-12-25T03:09:40.968+0000][gc,metaspace] GC(426) Metaspace: 12696K(13120K)->12696K(13120K) NonClass: 11596K(11776K)->11596K(11776K) Class: 1099K(1344K)->1099K(1344K)
[2025-12-25T03:09:40.968+0000][gc          ] GC(426) Pause Young (Normal) (G1 Evacuation Pause) 732M->121M(1024M) 18.510ms
[2025-12-25T03:09:40.968+0000][gc,cpu      ] GC(426) User=0.09s Sys=0.00s Real=0.02s
[2025-12-25T03:10:40.423+0000][gc,start    ] GC(427) Pause Young (Normal) (G1 Evacuation Pause)
[2025-12-25T03:10:40.424+0000][gc,task     ] GC(427) Using 8 workers of 8 for evacuation
[2025-12-25T03:10:40.441+0000][gc,phases   ] GC(427)   Pre Evacuate Collection Set: 1.3ms
[2025-12-25T03:10:40.441+0000][gc,phases   ] GC(427)   Merge Heap Roots: 0.2ms
[2025-12-25T03:10:40.441+0000][gc,phases   ] GC(427)   Evacuate Collection Set: 9.6ms
[2025-12-25T03:10:40.441+0000][gc,phases   ] GC(427)   Post Evacuate Collection Set: 5.6ms
[2025-12-25T03:10:40.441+0000][gc,phases   ] GC(427)   Other: 0.4ms
[2025-12-25T03:10:40.441+0000][gc,heap     ] GC(427) Eden regions: 612->0(613)
[2025-12-25T03:10:40.441+0000][gc,heap     ] GC(427) Survivor regions: 2->1(77)
[2025-12-25T03:10:40.441+0000][gc,heap     ] GC(427) Old regions: 80->80
[2025-12-25T03:10:40.441+0000][gc,heap     ] GC(427) Humongous regions: 40->40
[2025-12-25T03:10:40.441+0000][gc,metaspace] GC(427) Metaspace: 12696K(13120K)->12696K(13120K) NonClass: 11596K(11776K)->11596K(11776K) Class: 1099K(1344K)->1099K(1344K)
[2025-12-25T03:10:40.441+0000][gc          ] GC(427) Pause Young (Normal) (G1 Evacuation Pause) 733M->120M(1024M) 18.501ms
[2025-12-25T03:10:40.442+0000][gc,cpu      ] GC(427) User=0.10s Sys=0.00s Real=0.02s
[2025-12-25T03:11:30.572+0000][gc,start    ] GC(428) Pause Young (Normal) (G1 Evacuation Pause)
[2025-12-25T03:11:30.573+0000][gc,task     ] GC(428) Using 8 workers of 8 for evacuation
[2025-12-25T03:11:30.586+0000][gc,phases   ] GC(428)   Pre Evacuate Collection Set: 4.6ms
[2025-12-25T03:11:30.586+0000][gc,phases   ] GC(428)   Merge Heap Roots: 0.3ms
[2025-12-25T03:11:30.586+0000][gc,phases   ] GC(428)   Evacuate Collection Set: 4.1ms
[2025-12-25T03:11:30.586+0000][gc,phases   ] GC(428)   Post Evacuate Collection Set: 1.3ms
[2025-12-25T03:11:30.586+0000][gc,phases   ] GC(428)   Other: 2.6ms
[2025-12-25T03:11:30.586+0000][gc,heap     ] GC(428) Eden regions: 613->0(612)
[2025-12-25T03:11:30.586+0000][gc,heap     ] GC(428) Survivor regions: 1->2(77)
[2025-12-25T03:11:30.587+0000][gc,heap     ] GC(428) Old regions: 80->80
[2025-12-25T03:11:30.587+0000][gc,heap     ] GC(428) Humongous regions: 40->40
[2025-12-25T03:11:30.587+0000][gc,metaspace] GC(428) Metaspace: 12696K(13120K)->12696K(13120K) NonClass: 11596K(11776K)->11596K(11776K) Class: 1099K(1344K)->1099K(1344K)
[2025-12-25T03:11:30.587+0000][gc          ] GC(428) Pause Young (Normal) (G1 Evacuation Pause) 733M->121M(1024M) 14.774ms
[2025-12-25T03:11:30.587+0000][gc,cpu      ] GC(428) User=0.05s Sys=0.01s Real=0.01s
[2025-12-25T03:12:30.332+0000][gc,start    ] GC(429) Pause Young (Normal) (G1 Evacuation Pause)
[2025-12-25T03:12:30.333+0000][gc,task     ] GC(429) Using 8 workers of 8 for evacuation
[2025-12-25T03:12:30.349+0000][gc,phases   ] GC(429)   Pre Evacuate Collection Set: 2.2ms
[2025-12-25T03:12:30.349+0000][gc,phases   ] GC(429)   Merge Heap Roots: 0.4ms
[2025-12-25T03:12:30.349+0000][gc,phases   ] GC(429)   Evacuate Collection Set: 6.2ms
[2025-12-25T03:12:30.349+0000][gc,phases   ] GC(429)   Post Evacuate Collection Set: 4.3ms
[2025-12-25T03:12:30.349+0000][gc,phases   ] GC(429)   Other: 0.4ms
[2025-12-25T03:12:30.350+0000][gc,heap     ] GC(429) Eden regions: 612->0(613)
[2025-12-25T03:12:30.350+0000][gc,heap     ] GC(429) Survivor regions: 2->1(77)
[2025-12-25T03:12:30.350+0000][gc,heap     ] GC(429) Old regions: 80->80
[2025-12-25T03:12:30.350+0000][gc,heap     ] GC(429) Humongous regions: 40->40
[2025-12-25T03:12:30.350+0000][gc,metaspace] GC(429) Metaspace: 12696K(13120K)->12696K(13120K) NonClass: 11596K(11776K)->11596K(11776K) Class: 1099K(1344K)->1099K(1344K)
[2025-12-25T03:12:30.350+0000][gc          ] GC(429) Pause Young (Normal) (G1 Evacuation Pause) 733M->120M(1024M) 17.987ms
[2025-12-25T03:12:30.350+0000][gc,cpu      ] GC(429) User=0.07s Sys=0.00s Real=0.02s
[2025-12-25T03:13:20.484+0000][gc,start    ] GC(430) Pause Young (Normal) (G1 Evacuation Pause)
[2025-12-25T03:13:20.484+0000][gc,task     ] GC(430) Using 8 workers of 8 for evacuation
[2025-12-25T03:13:20.491+0000][gc,phases   ] GC(430)   Pre Evacuate Collection Set: 1.1ms
[2025-12-25T03:13:20.491+0000][gc,phases   ] GC(430)   Merge Heap Roots: 0.2ms
[2025-12-25T03:13:20.491+0000][gc,phases   ] GC(430)   Evacuate Collection Set: 3.5ms
[2025-12-25T03:13:20.491+0000][gc,phases   ] GC(430)   Post Evacuate Collection Set: 1.6ms
[2025-12-25T03:13:20.491+0000][gc,phases   ] GC(430)   Other: 0.2ms
[2025-12-25T03:13:20.491+0000][gc,heap     ] GC(430) Eden regions: 613->0(612)
[2025-12-25T03:13:20.491+0000][gc,heap     ] GC(430) Survivor regions: 1->2(77)
[2025-12-25T03:13:20.491+0000][gc,heap     ] GC(430) Old regions: 80->80
[2025-12-25T03:13:20.491+0000][gc,heap     ] GC(430) Humongous regions: 40->40
[2025-12-25T03:13:20.491+0000][gc,metaspace] GC(430) Metaspace: 12696K(13120K)->12696K(13120K) NonClass: 11596K(11776K)->11596K(11776K) Class: 1099K(1344K)->1099K(1344K)
[2025-12-25T03:13:20.491+0000][gc          ] GC(430) Pause Young (Normal) (G1 Evacuation Pause) 733M->121M(1024M) 7.412ms
[2025-12-25T03:13:20.491+0000][gc,cpu      ] GC(430) User=0.04s Sys=0.00s Real=0.00s
[2025-12-25T03:14:10.589+0000][gc,start    ] GC(431) Pause Young (Normal) (G1 Evacuation Pause)
[2025-12-25T03:14:10.589+0000][gc,task     ] GC(431) Using 8 workers of 8 for evacuation
[2025-12-25T03:14:10.606+0000][gc,phases   ] GC(431)   Pre Evacuate Collection Set: 3.8ms
[2025-12-25T03:14:10.606+0000][gc,phases   ] GC(431)   Merge Heap Roots: 0.5ms
[2025-12-25T03:14:10.606+0000][gc,phases   ] GC(431)   Evacuate Collection Set: 9.1ms
[2025-12-25T03:14:10.606+0000][gc,phases   ] GC(431)   Post Evacuate Collection Set: 1.9ms
[2025-12-25T03:14:10.606+0000][gc,phases   ] GC(431)   Other: 1.1ms
[2025-12-25T03:14:10.606+0000][gc,heap     ] GC(431) Eden regions: 612->0(612)
[2025-12-25T03:14:10.606+0000][gc,heap     ] GC(431) Survivor regions: 2->2(77)
[2025-12-25T03:14:10.606+0000][gc,heap     ] GC(431) Old regions: 80->80
[2025-12-25T03:14:10.606+0000][gc,heap     ] GC(431) Humongous regions: 40->40
[2025-12-25T03:14:10.606+0000][gc,metaspace] GC(431) Metaspace: 12696K(13120K)->12696K(13120K) NonClass: 11596K(11776K)->11596K(11776K) Class: 1099K(1344K)->1099K(1344K)
[2025-12-25T03:14:10.606+0000][gc          ] GC(431) Pause Young (Normal) (G1 Evacuation Pause) 733M->121M(1024M) 17.646ms
[2025-12-25T03:14:10.607+0000][gc,cpu      ] GC(431) User=0.10s Sys=0.00s Real=0.02s
[2025-12-25T03:15:10.407+0000][gc,start    ] GC(432) Pause Young (Normal) (G1 Evacuation Pause)
[2025-12-25T03:15:10.408+0000][gc,task     ] GC(432) Using 8 workers of 8 for evacuation
[2025-12-25T03:15:10.417+0000][gc,phases   ] GC(432)   Pre Evacuate Collection Set: 1.1ms
[2025-12-25T03:15:10.418+0000][gc,phases   ] GC(432)   Merge Heap Roots: 0.3ms
[2025-12-25T03:15:10.418+0000][gc,phases   ] GC(432)   Evacuate Collection Set: 6.4ms
[2025-12-25T03:15:10.418+0000][gc,phases   ] GC(432)   Post Evacuate Collection Set: 1.6ms
[2025-12-25T03:15:10.418+0000][gc,phases   ] GC(432)   Other: 0.3ms
[2025-12-25T03:15:10.418+0000][gc,heap     ] GC(432) Eden regions: 612->0(613)
[2025-12-25T03:15:10.418+0000][gc,heap     ] GC(432) Survivor regions: 2->1(77)
[2025-12-25T03:15:10.418+0000][gc,heap     ] GC(432) Old regions: 80->80
[2025-12-25T03:15:10.418+0000][gc,heap     ] GC(432) Humongous regions: 40->40
[2025-12-25T03:15:10.418+0000][gc,metaspace] GC(432) Metaspace: 12696K(13120K)->12696K(13120K) NonClass: 11596K(11776K)->11596K(11776K) Class: 1099K(1344K)->1099K(1344K)
[2025-12-25T03:15:10.418+0000][gc          ] GC(432) Pause Young (Normal) (G1 Evacuation Pause) 733M->120M(1024M) 11.022ms
[2025-12-25T03:15:10.418+0000][gc,cpu      ] GC(432) User=0.05s Sys=0.00s Real=0.01s
[2025-12-25T03:16:00.543+0000][gc,start    ] GC(433) Pause Young (Normal) (G1 Evacuation Pause)
[2025-12-25T03:16:00.544+0000][gc,task     ] GC(433) Using 8 workers of 8 for evacuation
[2025-12-25T03:16:00.549+0000][gc,phases   ] GC(433)   Pre Evacuate Collection Set: 1.1ms
[2025-12-25T03:16:00.550+0000][gc,phases   ] GC(433)   Merge Heap Roots: 0.2ms
[2025-12-25T03:16:00.550+0000][gc,phases   ] GC(433)   Evacuate Collection Set: 3.3ms
[2025-12-25T03:16:00.550+0000][gc,phases   ] GC(433)   Post Evacuate Collection Set: 1.0ms
[2025-12-25T03:16:00.550+0000][gc,phases   ] GC(433)   Other: 0.2ms
[2025-12-25T03:16:00.550+0000][gc,heap     ] GC(433) Eden regions: 613->0(612)
[2025-12-25T03:16:00.550+0000][gc,heap     ] GC(433) Survivor regions: 1->2(77)
[2025-12-25T03:16:00.550+0000][gc,heap     ] GC(433) Old regions: 80->80
[2025-12-25T03:16:00.550+0000][gc,heap     ] GC(433) Humongous regions: 40->40
[2025-12-25T03:16:00.550+0000][gc,metaspace] GC(433) Metaspace: 12696K(13120K)->12696K(13120K) NonClass: 11596K(11776K)->11596K(11776K) Class: 1099K(1344K)->1099K(1344K)
[2025-12-25T03:16:00.550+0000][gc          ] GC(433) Pause Young (Normal) (G1 Evacuation Pause) 733M->121M(1024M) 6.928ms
[2025-12-25T03:16:00.550+0000][gc,cpu      ] GC(433) User=0.03s Sys=0.00s Real=0.01s
[2025-12-25T03:17:00.298+0000][gc,start    ] GC(434) Pause Young (Normal) (G1 Evacuation Pause)
[2025-12-25T03:17:00.299+0000][gc,task     ] GC(434) Using 8 workers of 8 for evacuation
[2025-12-25T03:17:00.308+0000][gc,phases   ] GC(434)   Pre Evacuate Collection Set: 2.2ms
[2025-12-25T03:17:00.308+0000][gc,phases   ] GC(434)   Merge Heap Roots: 0.3ms
[2025-12-25T03:17:00.308+0000][gc,phases   ] GC(434)   Evacuate Collection Set: 5.0ms
[2025-12-25T03:17:00.308+0000][gc,phases   ] GC(434)   Post Evacuate Collection Set: 1.6ms
[2025-12-25T03:17:00.308+0000][gc,phases   ] GC(434)   Other: 0.3ms
[2025-12-25T03:17:00.308+0000][gc,heap     ] GC(434) Eden regions: 612->0(613)
[2025-12-25T03:17:00.309+0000][gc,heap     ] GC(434) Survivor regions: 2->1(77)
[2025-12-25T03:17:00.309+0000][gc,heap     ] GC(434) Old regions: 80->80
[2025-12-25T03:17:00.309+0000][gc,heap     ] GC(434) Humongous regions: 40->40
[2025-12-25T03:17:00.309+0000][gc,metaspace] GC(434) Metaspace: 12696K(13120K)->12696K(13120K) NonClass: 11596K(11776K)->11596K(11776K) Class: 1099K(1344K)->1099K(1344K)
[2025-12-25T03:17:00.309+0000][gc          ] GC(434) Pause Young (Normal) (G1 Evacuation Pause) 733M->120M(1024M) 11.152ms
[2025-12-25T03:17:00.309+0000][gc,cpu      ] GC(434) User=0.05s Sys=0.00s Real=0.01s
[2025-12-25T03:17:50.477+0000][gc,start    ] GC(435) Pause Young (Normal) (G1 Evacuation Pause)
[2025-12-25T03:17:50.478+0000][gc,task     ] GC(435) Using 8 workers of 8 for evacuation
[2025-12-25T03:17:50.484+0000][gc,phases   ] GC(435)   Pre Evacuate Collection Set: 1.2ms
[2025-12-25T03:17:50.484+0000][gc,phases   ] GC(435)   Merge Heap Roots: 0.2ms
[2025-12-25T03:17:50.485+0000][gc,phases   ] GC(435)   Evacuate Collection Set: 3.1ms
[2025-12-25T03:17:50.485+0000][gc,phases   ] GC(435)   Post Evacuate Collection Set: 1.4ms
[2025-12-25T03:17:50.485+0000][gc,phases   ] GC(435)   Other: 0.5ms
[2025-12-25T03:17:50.485+0000][gc,heap     ] GC(435) Eden regions: 613->0(612)
[2025-12-25T03:17:50.485+0000][gc,heap     ] GC(435) Survivor regions: 1->2(77)
[2025-12-25T03:17:50.485+0000][gc,heap     ] GC(435) Old regions: 80->80
[2025-12-25T03:17:50.485+0000][gc,heap     ] GC(435) Humongous regions: 40->40
[2025-12-25T03:17:50.485+0000][gc,metaspace] GC(435) Metaspace: 12696K(13120K)->12696K(13120K) NonClass: 11596K(11776K)->11596K(11776K) Class: 1099K(1344K)->1099K(1344K)
[2025-12-25T03:17:50.485+0000][gc          ] GC(435) Pause Young (Normal) (G1 Evacuation Pause) 733M->121M(1024M) 8.251ms
[2025-12-25T03:17:50.486+0000][gc,cpu      ] GC(435) User=0.04s Sys=0.00s Real=0.01s
[2025-12-25T03:18:40.631+0000][gc,start    ] GC(436) Pause Young (Normal) (G1 Evacuation Pause)
[2025-12-25T03:18:40.632+0000][gc,task     ] GC(436) Using 8 workers of 8 for evacuation
[2025-12-25T03:18:40.646+0000][gc,phases   ] GC(436)   Pre Evacuate Collection Set: 3.5ms
[2025-12-25T03:18:40.646+0000][gc,phases   ] GC(436)   Merge Heap Roots: 0.6ms
[2025-12-25T03:18:40.646+0000][gc,phases   ] GC(436)   Evacuate Collection Set: 7.4ms
[2025-12-25T03:18:40.646+0000][gc,phases   ] GC(436)   Post Evacuate Collection Set: 1.7ms
[2025-12-25T03:18:40.646+0000][gc,phases   ] GC(436)   Other: 0.6ms
[2025-12-25T03:18:40.646+0000][gc,heap     ] GC(436) Eden regions: 612->0(612)
[2025-12-25T03:18:40.646+0000][gc,heap     ] GC(436) Survivor regions: 2->2(77)
[2025-12-25T03:18:40.646+0000][gc,heap     ] GC(436) Old regions: 80->80
[2025-12-25T03:18:40.646+0000][gc,heap     ] GC(436) Humongous regions: 40->40
[2025-12-25T03:18:40.647+0000][gc,metaspace] GC(436) Metaspace: 12696K(13120K)->12696K(13120K) NonClass: 11596K(11776K)->11596K(11776K) Class: 1099K(1344K)->1099K(1344K)
[2025-12-25T03:18:40.647+0000][gc          ] GC(436) Pause Young (Normal) (G1 Evacuation Pause) 733M->121M(1024M) 16.063ms
[2025-12-25T03:18:40.647+0000][gc,cpu      ] GC(436) User=0.07s Sys=0.01s Real=0.01s
[2025-12-25T03:19:40.389+0000][gc,start    ] GC(437) Pause Young (Normal) (G1 Evacuation Pause)
[2025-12-25T03:19:40.389+0000][gc,task     ] GC(437) Using 8 workers of 8 for evacuation
[2025-12-25T03:19:40.406+0000][gc,phases   ] GC(437)   Pre Evacuate Collection Set: 3.8ms
[2025-12-25T03:19:40.406+0000][gc,phases   ] GC(437)   Merge Heap Roots: 0.4ms
[2025-12-25T03:19:40.407+0000][gc,phases   ] GC(437)   Evacuate Collection Set: 8.5ms
[2025-12-25T03:19:40.407+0000][gc,phases   ] GC(437)   Post Evacuate Collection Set: 3.6ms
[2025-12-25T03:19:40.407+0000][gc,phases   ] GC(437)   Other: 0.7ms
[2025-12-25T03:19:40.407+0000][gc,heap     ] GC(437) Eden regions: 612->0(613)
[2025-12-25T03:19:40.407+0000][gc,heap     ] GC(437) Survivor regions: 2->1(77)
[2025-12-25T03:19:40.407+0000][gc,heap     ] GC(437) Old regions: 80->81
[2025-12-25T03:19:40.407+0000][gc,heap     ] GC(437) Humongous regions: 40->40
[2025-12-25T03:19:40.407+0000][gc,metaspace] GC(437) Metaspace: 12696K(13120K)->12696K(13120K) NonClass: 11596K(11776K)->11596K(11776K) Class: 1099K(1344K)->1099K(1344K)
[2025-12-25T03:19:40.407+0000][gc          ] GC(437) Pause Young (Normal) (G1 Evacuation Pause) 733M->120M(1024M) 18.299ms
[2025-12-25T03:19:40.407+0000][gc,cpu      ] GC(437) User=0.10s Sys=0.00s Real=0.02s
[2025-12-25T03:20:30.523+0000][gc,start    ] GC(438) Pause Young (Normal) (G1 Evacuation Pause)
[2025-12-25T03:20:30.524+0000][gc,task     ] GC(438) Using 8 workers of 8 for evacuation
[2025-12-25T03:20:30.542+0000][gc,phases   ] GC(438)   Pre Evacuate Collection Set: 1.3ms
[2025-12-25T03:20:30.542+0000][gc,phases   ] GC(438)   Merge Heap Roots: 0.2ms
[2025-12-25T03:20:30.542+0000][gc,phases   ] GC(438)   Evacuate Collection Set: 11.7ms
[2025-12-25T03:20:30.542+0000][gc,phases   ] GC(438)   Post Evacuate Collection Set: 4.4ms
[2025-12-25T03:20:30.542+0000][gc,phases   ] GC(438)   Other: 0.5ms
[2025-12-25T03:20:30.542+0000][gc,heap     ] GC(438) Eden regions: 613->0(612)
[2025-12-25T03:20:30.542+0000][gc,heap     ] GC(438) Survivor regions: 1->2(77)
[2025-12-25T03:20:30.542+0000][gc,heap     ] GC(438) Old regions: 81->81
[2025-12-25T03:20:30.542+0000][gc,heap     ] GC(438) Humongous regions: 40->40
[2025-12-25T03:20:30.542+0000][gc,metaspace] GC(438) Metaspace: 12696K(13120K)->12696K(13120K) NonClass: 11596K(11776K)->11596K(11776K) Class: 1099K(1344K)->1099K(1344K)
[2025-12-25T03:20:30.542+0000][gc          ] GC(438) Pause Young (Normal) (G1 Evacuation Pause) 733M->121M(1024M) 19.448ms
[2025-12-25T03:20:30.542+0000][gc,cpu      ] GC(438) User=0.11s Sys=0.00s Real=0.02s
[2025-12-25T03:21:20.668+0000][gc,start    ] GC(439) Pause Young (Normal) (G1 Evacuation Pause)
[2025-12-25T03:21:20.669+0000][gc,task     ] GC(439) Using 8 workers of 8 for evacuation
[2025-12-25T03:21:20.689+0000][gc,phases   ] GC(439)   Pre Evacuate Collection Set: 6.7ms
[2025-12-25T03:21:20.689+0000][gc,phases   ] GC(439)   Merge Heap Roots: 1.2ms
[2025-12-25T03:21:20.689+0000][gc,phases   ] GC(439)   Evacuate Collection Set: 8.5ms
[2025-12-25T03:21:20.689+0000][gc,phases   ] GC(439)   Post Evacuate Collection Set: 2.3ms
[2025-12-25T03:21:20.689+0000][gc,phases   ] GC(439)   Other: 1.3ms
[2025-12-25T03:21:20.690+0000][gc,heap     ] GC(439) Eden regions: 612->0(613)
[2025-12-25T03:21:20.690+0000][gc,heap     ] GC(439) Survivor regions: 2->1(77)
[2025-12-25T03:21:20.690+0000][gc,heap     ] GC(439) Old regions: 81->81
[2025-12-25T03:21:20.690+0000][gc,heap     ] GC(439) Humongous regions: 40->40
[2025-12-25T03:21:20.690+0000][gc,metaspace] GC(439) Metaspace: 12696K(13120K)->12696K(13120K) NonClass: 11596K(11776K)->11596K(11776K) Class: 1099K(1344K)->1099K(1344K)
[2025-12-25T03:21:20.691+0000][gc          ] GC(439) Pause Young (Normal) (G1 Evacuation Pause) 733M->120M(1024M) 22.575ms
[2025-12-25T03:21:20.691+0000][gc,cpu      ] GC(439) User=0.07s Sys=0.00s Real=0.02s
[2025-12-25T03:22:20.453+0000][gc,start    ] GC(440) Pause Young (Normal) (G1 Evacuation Pause)
[2025-12-25T03:22:20.454+0000][gc,task     ] GC(440) Using 8 workers of 8 for evacuation
[2025-12-25T03:22:20.462+0000][gc,phases   ] GC(440)   Pre Evacuate Collection Set: 1.0ms
[2025-12-25T03:22:20.462+0000][gc,phases   ] GC(440)   Merge Heap Roots: 0.2ms
[2025-12-25T03:22:20.462+0000][gc,phases   ] GC(440)   Evacuate Collection Set: 6.0ms
[2025-12-25T03:22:20.462+0000][gc,phases   ] GC(440)   Post Evacuate Collection Set: 1.1ms
[2025-12-25T03:22:20.463+0000][gc,phases   ] GC(440)   Other: 0.3ms
[2025-12-25T03:22:20.463+0000][gc,heap     ] GC(440) Eden regions: 613->0(612)
[2025-12-25T03:22:20.463+0000][gc,heap     ] GC(440) Survivor regions: 1->2(77)
[2025-12-25T03:22:20.463+0000][gc,heap     ] GC(440) Old regions: 81->81
[2025-12-25T03:22:20.463+0000][gc,heap     ] GC(440) Humongous regions: 40->40
[2025-12-25T03:22:20.463+0000][gc,metaspace] GC(440) Metaspace: 12696K(13120K)->12696K(13120K) NonClass: 11596K(11776K)->11596K(11776K) Class: 1099K(1344K)->1099K(1344K)
[2025-12-25T03:22:20.463+0000][gc          ] GC(440) Pause Young (Normal) (G1 Evacuation Pause) 733M->121M(1024M) 9.903ms
[2025-12-25T03:22:20.463+0000][gc,cpu      ] GC(440) User=0.05s Sys=0.00s Real=0.01s
[2025-12-25T03:23:10.632+0000][gc,start    ] GC(441) Pause Young (Normal) (G1 Evacuation Pause)
[2025-12-25T03:23:10.633+0000][gc,task     ] GC(441) Using 8 workers of 8 for evacuation
[2025-12-25T03:23:10.641+0000][gc,phases   ] GC(441)   Pre Evacuate Collection Set: 2.5ms
[2025-12-25T03:23:10.641+0000][gc,phases   ] GC(441)   Merge Heap Roots: 0.2ms
[2025-12-25T03:23:10.641+0000][gc,phases   ] GC(441)   Evacuate Collection Set: 3.6ms
[2025-12-25T03:23:10.641+0000][gc,phases   ] GC(441)   Post Evacuate Collection Set: 1.5ms
[2025-12-25T03:23:10.641+0000][gc,phases   ] GC(441)   Other: 0.4ms
[2025-12-25T03:23:10.641+0000][gc,heap     ] GC(441) Eden regions: 612->0(612)
[2025-12-25T03:23:10.641+0000][gc,heap     ] GC(441) Survivor regions: 2->2(77)
[2025-12-25T03:23:10.642+0000][gc,heap     ] GC(441) Old regions: 81->81
[2025-12-25T03:23:10.642+0000][gc,heap     ] GC(441) Humongous regions: 40->40
[2025-12-25T03:23:10.642+0000][gc,metaspace] GC(441) Metaspace: 12696K(13120K)->12696K(13120K) NonClass: 11596K(11776K)->11596K(11776K) Class: 1099K(1344K)->1099K(1344K)
[2025-12-25T03:23:10.642+0000][gc          ] GC(441) Pause Young (Normal) (G1 Evacuation Pause) 733M->121M(1024M) 10.276ms
[2025-12-25T03:23:10.642+0000][gc,cpu      ] GC(441) User=0.03s Sys=0.00s Real=0.01s
[2025-12-25T03:24:10.348+0000][gc,start    ] GC(442) Pause Young (Normal) (G1 Evacuation Pause)
[2025-12-25T03:24:10.348+0000][gc,task     ] GC(442) Using 8 workers of 8 for evacuation
[2025-12-25T03:24:10.364+0000][gc,phases   ] GC(442)   Pre Evacuate Collection Set: 2.2ms
[2025-12-25T03:24:10.364+0000][gc,phases   ] GC(442)   Merge Heap Roots: 1.0ms
[2025-12-25T03:24:10.365+0000][gc,phases   ] GC(442)   Evacuate Collection Set: 10.4ms
[2025-12-25T03:24:10.365+0000][gc,phases   ] GC(442)   Post Evacuate Collection Set: 1.9ms
[2025-12-25T03:24:10.365+0000][gc,phases   ] GC(442)   Other: 0.8ms
[2025-12-25T03:24:10.365+0000][gc,heap     ] GC(442) Eden regions: 612->0(613)
[2025-12-25T03:24:10.365+0000][gc,heap     ] GC(442) Survivor regions: 2->1(77)
[2025-12-25T03:24:10.365+0000][gc,heap     ] GC(442) Old regions: 81->81
[2025-12-25T03:24:10.365+0000][gc,heap     ] GC(442) Humongous regions: 40->40
[2025-12-25T03:24:10.365+0000][gc,metaspace] GC(442) Metaspace: 12697K(13120K)->12697K(13120K) NonClass: 11597K(11776K)->11597K(11776K) Class: 1099K(1344K)->1099K(1344K)
[2025-12-25T03:24:10.365+0000][gc          ] GC(442) Pause Young (Normal) (G1 Evacuation Pause) 733M->121M(1024M) 17.552ms
[2025-12-25T03:24:10.365+0000][gc,cpu      ] GC(442) User=0.09s Sys=0.00s Real=0.02s
[2025-12-25T03:25:00.590+0000][gc,start    ] GC(443) Pause Young (Normal) (G1 Evacuation Pause)
[2025-12-25T03:25:00.591+0000][gc,task     ] GC(443) Using 8 workers of 8 for evacuation
[2025-12-25T03:25:00.597+0000][gc,phases   ] GC(443)   Pre Evacuate Collection Set: 1.1ms
[2025-12-25T03:25:00.597+0000][gc,phases   ] GC(443)   Merge Heap Roots: 0.2ms
[2025-12-25T03:25:00.597+0000][gc,phases   ] GC(443)   Evacuate Collection Set: 3.3ms
[2025-12-25T03:25:00.597+0000][gc,phases   ] GC(443)   Post Evacuate Collection Set: 1.1ms
[2025-12-25T03:25:00.597+0000][gc,phases   ] GC(443)   Other: 0.3ms
[2025-12-25T03:25:00.597+0000][gc,heap     ] GC(443) Eden regions: 613->0(612)
[2025-12-25T03:25:00.597+0000][gc,heap     ] GC(443) Survivor regions: 1->2(77)
[2025-12-25T03:25:00.597+0000][gc,heap     ] GC(443) Old regions: 81->81
[2025-12-25T03:25:00.597+0000][gc,heap     ] GC(443) Humongous regions: 40->40
[2025-12-25T03:25:00.597+0000][gc,metaspace] GC(443) Metaspace: 12699K(13120K)->12699K(13120K) NonClass: 11599K(11776K)->11599K(11776K) Class: 1099K(1344K)->1099K(1344K)
[2025-12-25T03:25:00.597+0000][gc          ] GC(443) Pause Young (Normal) (G1 Evacuation Pause) 734M->121M(1024M) 7.189ms
[2025-12-25T03:25:00.597+0000][gc,cpu      ] GC(443) User=0.04s Sys=0.00s Real=0.01s
[2025-12-25T03:25:50.599+0000][gc,start    ] GC(444) Pause Young (Normal) (G1 Evacuation Pause)
[2025-12-25T03:25:50.599+0000][gc,task     ] GC(444) Using 8 workers of 8 for evacuation
[2025-12-25T03:25:50.614+0000][gc,phases   ] GC(444)   Pre Evacuate Collection Set: 1.0ms
[2025-12-25T03:25:50.614+0000][gc,phases   ] GC(444)   Merge Heap Roots: 0.2ms
[2025-12-25T03:25:50.614+0000][gc,phases   ] GC(444)   Evacuate Collection Set: 10.6ms
[2025-12-25T03:25:50.614+0000][gc,phases   ] GC(444)   Post Evacuate Collection Set: 2.5ms
[2025-12-25T03:25:50.614+0000][gc,phases   ] GC(444)   Other: 0.2ms
[2025-12-25T03:25:50.614+0000][gc,heap     ] GC(444) Eden regions: 612->0(612)
[2025-12-25T03:25:50.614+0000][gc,heap     ] GC(444) Survivor regions: 2->2(77)
[2025-12-25T03:25:50.615+0000][gc,heap     ] GC(444) Old regions: 81->81
[2025-12-25T03:25:50.615+0000][gc,heap     ] GC(444) Humongous regions: 40->40
[2025-12-25T03:25:50.615+0000][gc,metaspace] GC(444) Metaspace: 12699K(13120K)->12699K(13120K) NonClass: 11599K(11776K)->11599K(11776K) Class: 1099K(1344K)->1099K(1344K)
[2025-12-25T03:25:50.615+0000][gc          ] GC(444) Pause Young (Normal) (G1 Evacuation Pause) 733M->122M(1024M) 15.949ms
[2025-12-25T03:25:50.615+0000][gc,cpu      ] GC(444) User=0.08s Sys=0.00s Real=0.01s
[2025-12-25T03:26:50.441+0000][gc,start    ] GC(445) Pause Young (Normal) (G1 Evacuation Pause)
[2025-12-25T03:26:50.442+0000][gc,task     ] GC(445) Using 8 workers of 8 for evacuation
[2025-12-25T03:26:50.456+0000][gc,phases   ] GC(445)   Pre Evacuate Collection Set: 1.4ms
[2025-12-25T03:26:50.457+0000][gc,phases   ] GC(445)   Merge Heap Roots: 0.2ms
[2025-12-25T03:26:50.457+0000][gc,phases   ] GC(445)   Evacuate Collection Set: 10.7ms
[2025-12-25T03:26:50.457+0000][gc,phases   ] GC(445)   Post Evacuate Collection Set: 1.6ms
[2025-12-25T03:26:50.457+0000][gc,phases   ] GC(445)   Other: 0.4ms
[2025-12-25T03:26:50.457+0000][gc,heap     ] GC(445) Eden regions: 612->0(612)
[2025-12-25T03:26:50.457+0000][gc,heap     ] GC(445) Survivor regions: 2->2(77)
[2025-12-25T03:26:50.457+0000][gc,heap     ] GC(445) Old regions: 81->81
[2025-12-25T03:26:50.457+0000][gc,heap     ] GC(445) Humongous regions: 40->40
[2025-12-25T03:26:50.457+0000][gc,metaspace] GC(445) Metaspace: 12699K(13120K)->12699K(13120K) NonClass: 11599K(11776K)->11599K(11776K) Class: 1099K(1344K)->1099K(1344K)
[2025-12-25T03:26:50.457+0000][gc          ] GC(445) Pause Young (Normal) (G1 Evacuation Pause) 734M->121M(1024M) 15.721ms
[2025-12-25T03:26:50.457+0000][gc,cpu      ] GC(445) User=0.09s Sys=0.00s Real=0.02s
[2025-12-25T03:27:40.660+0000][gc,start    ] GC(446) Pause Young (Normal) (G1 Evacuation Pause)
[2025-12-25T03:27:40.661+0000][gc,task     ] GC(446) Using 8 workers of 8 for evacuation
[2025-12-25T03:27:40.682+0000][gc,phases   ] GC(446)   Pre Evacuate Collection Set: 1.5ms
[2025-12-25T03:27:40.682+0000][gc,phases   ] GC(446)   Merge Heap Roots: 0.2ms
[2025-12-25T03:27:40.682+0000][gc,phases   ] GC(446)   Evacuate Collection Set: 14.1ms
[2025-12-25T03:27:40.682+0000][gc,phases   ] GC(446)   Post Evacuate Collection Set: 4.6ms
[2025-12-25T03:27:40.682+0000][gc,phases   ] GC(446)   Other: 0.3ms
[2025-12-25T03:27:40.682+0000][gc,heap     ] GC(446) Eden regions: 612->0(612)
[2025-12-25T03:27:40.682+0000][gc,heap     ] GC(446) Survivor regions: 2->2(77)
[2025-12-25T03:27:40.682+0000][gc,heap     ] GC(446) Old regions: 81->81
[2025-12-25T03:27:40.682+0000][gc,heap     ] GC(446) Humongous regions: 40->40
[2025-12-25T03:27:40.682+0000][gc,metaspace] GC(446) Metaspace: 12699K(13120K)->12699K(13120K) NonClass: 11599K(11776K)->11599K(11776K) Class: 1099K(1344K)->1099K(1344K)
[2025-12-25T03:27:40.682+0000][gc          ] GC(446) Pause Young (Normal) (G1 Evacuation Pause) 733M->122M(1024M) 22.988ms
[2025-12-25T03:27:40.683+0000][gc,cpu      ] GC(446) User=0.12s Sys=0.00s Real=0.02s
[2025-12-25T03:28:40.322+0000][gc,start    ] GC(447) Pause Young (Normal) (G1 Evacuation Pause)
[2025-12-25T03:28:40.323+0000][gc,task     ] GC(447) Using 8 workers of 8 for evacuation
[2025-12-25T03:28:40.335+0000][gc,phases   ] GC(447)   Pre Evacuate Collection Set: 1.2ms
[2025-12-25T03:28:40.336+0000][gc,phases   ] GC(447)   Merge Heap Roots: 0.2ms
[2025-12-25T03:28:40.336+0000][gc,phases   ] GC(447)   Evacuate Collection Set: 7.6ms
[2025-12-25T03:28:40.336+0000][gc,phases   ] GC(447)   Post Evacuate Collection Set: 2.7ms
[2025-12-25T03:28:40.337+0000][gc,phases   ] GC(447)   Other: 0.6ms
[2025-12-25T03:28:40.337+0000][gc,heap     ] GC(447) Eden regions: 612->0(613)
[2025-12-25T03:28:40.337+0000][gc,heap     ] GC(447) Survivor regions: 2->1(77)
[2025-12-25T03:28:40.337+0000][gc,heap     ] GC(447) Old regions: 81->81
[2025-12-25T03:28:40.337+0000][gc,heap     ] GC(447) Humongous regions: 40->40
[2025-12-25T03:28:40.337+0000][gc,metaspace] GC(447) Metaspace: 12699K(13120K)->12699K(13120K) NonClass: 11599K(11776K)->11599K(11776K) Class: 1099K(1344K)->1099K(1344K)
[2025-12-25T03:28:40.337+0000][gc          ] GC(447) Pause Young (Normal) (G1 Evacuation Pause) 734M->121M(1024M) 15.228ms
[2025-12-25T03:28:40.338+0000][gc,cpu      ] GC(447) User=0.07s Sys=0.00s Real=0.02s
[2025-12-25T03:29:30.480+0000][gc,start    ] GC(448) Pause Young (Normal) (G1 Evacuation Pause)
[2025-12-25T03:29:30.480+0000][gc,task     ] GC(448) Using 8 workers of 8 for evacuation
[2025-12-25T03:29:30.498+0000][gc,phases   ] GC(448)   Pre Evacuate Collection Set: 3.1ms
[2025-12-25T03:29:30.498+0000][gc,phases   ] GC(448)   Merge Heap Roots: 0.6ms
[2025-12-25T03:29:30.498+0000][gc,phases   ] GC(448)   Evacuate Collection Set: 10.2ms
[2025-12-25T03:29:30.498+0000][gc,phases   ] GC(448)   Post Evacuate Collection Set: 3.4ms
[2025-12-25T03:29:30.498+0000][gc,phases   ] GC(448)   Other: 0.3ms
[2025-12-25T03:29:30.498+0000][gc,heap     ] GC(448) Eden regions: 613->0(612)
[2025-12-25T03:29:30.498+0000][gc,heap     ] GC(448) Survivor regions: 1->2(77)
[2025-12-25T03:29:30.498+0000][gc,heap     ] GC(448) Old regions: 81->81
[2025-12-25T03:29:30.498+0000][gc,heap     ] GC(448) Humongous regions: 40->40
[2025-12-25T03:29:30.498+0000][gc,metaspace] GC(448) Metaspace: 12699K(13120K)->12699K(13120K) NonClass: 11599K(11776K)->11599K(11776K) Class: 1099K(1344K)->1099K(1344K)
[2025-12-25T03:29:30.498+0000][gc          ] GC(448) Pause Young (Normal) (G1 Evacuation Pause) 734M->121M(1024M) 18.677ms
[2025-12-25T03:29:30.498+0000][gc,cpu      ] GC(448) User=0.11s Sys=0.00s Real=0.02s
[2025-12-25T03:30:20.622+0000][gc,start    ] GC(449) Pause Young (Normal) (G1 Evacuation Pause)
[2025-12-25T03:30:20.623+0000][gc,task     ] GC(449) Using 8 workers of 8 for evacuation
[2025-12-25T03:30:20.633+0000][gc,phases   ] GC(449)   Pre Evacuate Collection Set: 1.0ms
[2025-12-25T03:30:20.633+0000][gc,phases   ] GC(449)   Merge Heap Roots: 0.2ms
[2025-12-25T03:30:20.633+0000][gc,phases   ] GC(449)   Evacuate Collection Set: 7.3ms
[2025-12-25T03:30:20.633+0000][gc,phases   ] GC(449)   Post Evacuate Collection Set: 1.2ms
[2025-12-25T03:30:20.633+0000][gc,phases   ] GC(449)   Other: 0.4ms
[2025-12-25T03:30:20.633+0000][gc,heap     ] GC(449) Eden regions: 612->0(612)
[2025-12-25T03:30:20.633+0000][gc,heap     ] GC(449) Survivor regions: 2->2(77)
[2025-12-25T03:30:20.633+0000][gc,heap     ] GC(449) Old regions: 81->81
[2025-12-25T03:30:20.633+0000][gc,heap     ] GC(449) Humongous regions: 40->40
[2025-12-25T03:30:20.633+0000][gc,metaspace] GC(449) Metaspace: 12699K(13120K)->12699K(13120K) NonClass: 11599K(11776K)->11599K(11776K) Class: 1099K(1344K)->1099K(1344K)
[2025-12-25T03:30:20.633+0000][gc          ] GC(449) Pause Young (Normal) (G1 Evacuation Pause) 733M->122M(1024M) 11.184ms
[2025-12-25T03:30:20.634+0000][gc,cpu      ] GC(449) User=0.04s Sys=0.00s Real=0.01s
[2025-12-25T03:31:20.388+0000][gc,start    ] GC(450) Pause Young (Normal) (G1 Evacuation Pause)
[2025-12-25T03:31:20.388+0000][gc,task     ] GC(450) Using 8 workers of 8 for evacuation
[2025-12-25T03:31:20.404+0000][gc,phases   ] GC(450)   Pre Evacuate Collection Set: 3.3ms
[2025-12-25T03:31:20.404+0000][gc,phases   ] GC(450)   Merge Heap Roots: 0.8ms
[2025-12-25T03:31:20.404+0000][gc,phases   ] GC(450)   Evacuate Collection Set: 9.0ms
[2025-12-25T03:31:20.404+0000][gc,phases   ] GC(450)   Post Evacuate Collection Set: 1.7ms
[2025-12-25T03:31:20.404+0000][gc,phases   ] GC(450)   Other: 0.7ms
[2025-12-25T03:31:20.404+0000][gc,heap     ] GC(450) Eden regions: 612->0(612)
[2025-12-25T03:31:20.404+0000][gc,heap     ] GC(450) Survivor regions: 2->2(77)
[2025-12-25T03:31:20.404+0000][gc,heap     ] GC(450) Old regions: 81->81
[2025-12-25T03:31:20.404+0000][gc,heap     ] GC(450) Humongous regions: 40->40
[2025-12-25T03:31:20.404+0000][gc,metaspace] GC(450) Metaspace: 12699K(13120K)->12699K(13120K) NonClass: 11599K(11776K)->11599K(11776K) Class: 1099K(1344K)->1099K(1344K)
[2025-12-25T03:31:20.404+0000][gc          ] GC(450) Pause Young (Normal) (G1 Evacuation Pause) 734M->121M(1024M) 16.833ms
[2025-12-25T03:31:20.405+0000][gc,cpu      ] GC(450) User=0.08s Sys=0.00s Real=0.02s
[2025-12-25T03:32:10.497+0000][gc,start    ] GC(451) Pause Young (Normal) (G1 Evacuation Pause)
[2025-12-25T03:32:10.498+0000][gc,task     ] GC(451) Using 8 workers of 8 for evacuation
[2025-12-25T03:32:10.513+0000][gc,phases   ] GC(451)   Pre Evacuate Collection Set: 1.1ms
[2025-12-25T03:32:10.513+0000][gc,phases   ] GC(451)   Merge Heap Roots: 0.2ms
[2025-12-25T03:32:10.513+0000][gc,phases   ] GC(451)   Evacuate Collection Set: 10.2ms
[2025-12-25T03:32:10.513+0000][gc,phases   ] GC(451)   Post Evacuate Collection Set: 3.0ms
[2025-12-25T03:32:10.513+0000][gc,phases   ] GC(451)   Other: 0.8ms
[2025-12-25T03:32:10.513+0000][gc,heap     ] GC(451) Eden regions: 612->0(612)
[2025-12-25T03:32:10.513+0000][gc,heap     ] GC(451) Survivor regions: 2->2(77)
[2025-12-25T03:32:10.513+0000][gc,heap     ] GC(451) Old regions: 81->81
[2025-12-25T03:32:10.513+0000][gc,heap     ] GC(451) Humongous regions: 40->40
[2025-12-25T03:32:10.513+0000][gc,metaspace] GC(451) Metaspace: 12699K(13120K)->12699K(13120K) NonClass: 11599K(11776K)->11599K(11776K) Class: 1099K(1344K)->1099K(1344K)
[2025-12-25T03:32:10.514+0000][gc          ] GC(451) Pause Young (Normal) (G1 Evacuation Pause) 733M->122M(1024M) 16.867ms
[2025-12-25T03:32:10.514+0000][gc,cpu      ] GC(451) User=0.08s Sys=0.01s Real=0.01s
[2025-12-25T03:33:10.311+0000][gc,start    ] GC(452) Pause Young (Normal) (G1 Evacuation Pause)
[2025-12-25T03:33:10.312+0000][gc,task     ] GC(452) Using 8 workers of 8 for evacuation
[2025-12-25T03:33:10.333+0000][gc,phases   ] GC(452)   Pre Evacuate Collection Set: 5.1ms
[2025-12-25T03:33:10.333+0000][gc,phases   ] GC(452)   Merge Heap Roots: 0.7ms
[2025-12-25T03:33:10.333+0000][gc,phases   ] GC(452)   Evacuate Collection Set: 11.3ms
[2025-12-25T03:33:10.333+0000][gc,phases   ] GC(452)   Post Evacuate Collection Set: 3.1ms
[2025-12-25T03:33:10.333+0000][gc,phases   ] GC(452)   Other: 0.9ms
[2025-12-25T03:33:10.333+0000][gc,heap     ] GC(452) Eden regions: 612->0(613)
[2025-12-25T03:33:10.333+0000][gc,heap     ] GC(452) Survivor regions: 2->1(77)
[2025-12-25T03:33:10.333+0000][gc,heap     ] GC(452) Old regions: 81->81
[2025-12-25T03:33:10.333+0000][gc,heap     ] GC(452) Humongous regions: 40->40
[2025-12-25T03:33:10.333+0000][gc,metaspace] GC(452) Metaspace: 12699K(13120K)->12699K(13120K) NonClass: 11599K(11776K)->11599K(11776K) Class: 1099K(1344K)->1099K(1344K)
[2025-12-25T03:33:10.334+0000][gc          ] GC(452) Pause Young (Normal) (G1 Evacuation Pause) 734M->121M(1024M) 23.073ms
[2025-12-25T03:33:10.334+0000][gc,cpu      ] GC(452) User=0.10s Sys=0.00s Real=0.03s
[2025-12-25T03:34:00.454+0000][gc,start    ] GC(453) Pause Young (Normal) (G1 Evacuation Pause)
[2025-12-25T03:34:00.454+0000][gc,task     ] GC(453) Using 8 workers of 8 for evacuation
[2025-12-25T03:34:00.462+0000][gc,phases   ] GC(453)   Pre Evacuate Collection Set: 1.6ms
[2025-12-25T03:34:00.462+0000][gc,phases   ] GC(453)   Merge Heap Roots: 0.2ms
[2025-12-25T03:34:00.462+0000][gc,phases   ] GC(453)   Evacuate Collection Set: 4.3ms
[2025-12-25T03:34:00.462+0000][gc,phases   ] GC(453)   Post Evacuate Collection Set: 1.1ms
[2025-12-25T03:34:00.462+0000][gc,phases   ] GC(453)   Other: 0.2ms
[2025-12-25T03:34:00.462+0000][gc,heap     ] GC(453) Eden regions: 613->0(612)
[2025-12-25T03:34:00.462+0000][gc,heap     ] GC(453) Survivor regions: 1->2(77)
[2025-12-25T03:34:00.462+0000][gc,heap     ] GC(453) Old regions: 81->81
[2025-12-25T03:34:00.462+0000][gc,heap     ] GC(453) Humongous regions: 40->40
[2025-12-25T03:34:00.462+0000][gc,metaspace] GC(453) Metaspace: 12700K(13120K)->12700K(13120K) NonClass: 11600K(11776K)->11600K(11776K) Class: 1099K(1344K)->1099K(1344K)
[2025-12-25T03:34:00.463+0000][gc          ] GC(453) Pause Young (Normal) (G1 Evacuation Pause) 734M->121M(1024M) 8.681ms
[2025-12-25T03:34:00.463+0000][gc,cpu      ] GC(453) User=0.04s Sys=0.00s Real=0.01s
[2025-12-25T03:34:50.573+0000][gc,start    ] GC(454) Pause Young (Normal) (G1 Evacuation Pause)
[2025-12-25T03:34:50.574+0000][gc,task     ] GC(454) Using 8 workers of 8 for evacuation
[2025-12-25T03:34:50.592+0000][gc,phases   ] GC(454)   Pre Evacuate Collection Set: 1.2ms
[2025-12-25T03:34:50.592+0000][gc,phases   ] GC(454)   Merge Heap Roots: 0.2ms
[2025-12-25T03:34:50.592+0000][gc,phases   ] GC(454)   Evacuate Collection Set: 12.7ms
[2025-12-25T03:34:50.592+0000][gc,phases   ] GC(454)   Post Evacuate Collection Set: 3.3ms
[2025-12-25T03:34:50.592+0000][gc,phases   ] GC(454)   Other: 0.6ms
[2025-12-25T03:34:50.592+0000][gc,heap     ] GC(454) Eden regions: 612->0(612)
[2025-12-25T03:34:50.592+0000][gc,heap     ] GC(454) Survivor regions: 2->2(77)
[2025-12-25T03:34:50.592+0000][gc,heap     ] GC(454) Old regions: 81->81
[2025-12-25T03:34:50.593+0000][gc,heap     ] GC(454) Humongous regions: 40->40
[2025-12-25T03:34:50.593+0000][gc,metaspace] GC(454) Metaspace: 12700K(13120K)->12700K(13120K) NonClass: 11600K(11776K)->11600K(11776K) Class: 1099K(1344K)->1099K(1344K)
[2025-12-25T03:34:50.593+0000][gc          ] GC(454) Pause Young (Normal) (G1 Evacuation Pause) 733M->122M(1024M) 19.697ms
[2025-12-25T03:34:50.593+0000][gc,cpu      ] GC(454) User=0.10s Sys=0.00s Real=0.02s
[2025-12-25T03:35:50.384+0000][gc,start    ] GC(455) Pause Young (Normal) (G1 Evacuation Pause)
[2025-12-25T03:35:50.385+0000][gc,task     ] GC(455) Using 8 workers of 8 for evacuation
[2025-12-25T03:35:50.398+0000][gc,phases   ] GC(455)   Pre Evacuate Collection Set: 3.7ms
[2025-12-25T03:35:50.398+0000][gc,phases   ] GC(455)   Merge Heap Roots: 1.1ms
[2025-12-25T03:35:50.398+0000][gc,phases   ] GC(455)   Evacuate Collection Set: 4.9ms
[2025-12-25T03:35:50.398+0000][gc,phases   ] GC(455)   Post Evacuate Collection Set: 1.7ms
[2025-12-25T03:35:50.399+0000][gc,phases   ] GC(455)   Other: 1.9ms
[2025-12-25T03:35:50.399+0000][gc,heap     ] GC(455) Eden regions: 612->0(612)
[2025-12-25T03:35:50.399+0000][gc,heap     ] GC(455) Survivor regions: 2->2(77)
[2025-12-25T03:35:50.399+0000][gc,heap     ] GC(455) Old regions: 81->81
[2025-12-25T03:35:50.399+0000][gc,heap     ] GC(455) Humongous regions: 40->40
[2025-12-25T03:35:50.399+0000][gc,metaspace] GC(455) Metaspace: 12700K(13120K)->12700K(13120K) NonClass: 11600K(11776K)->11600K(11776K) Class: 1099K(1344K)->1099K(1344K)
[2025-12-25T03:35:50.399+0000][gc          ] GC(455) Pause Young (Normal) (G1 Evacuation Pause) 734M->121M(1024M) 15.792ms
[2025-12-25T03:35:50.399+0000][gc,cpu      ] GC(455) User=0.06s Sys=0.01s Real=0.02s
[2025-12-25T03:36:40.509+0000][gc,start    ] GC(456) Pause Young (Normal) (G1 Evacuation Pause)
[2025-12-25T03:36:40.509+0000][gc,task     ] GC(456) Using 8 workers of 8 for evacuation
[2025-12-25T03:36:40.516+0000][gc,phases   ] GC(456)   Pre Evacuate Collection Set: 1.0ms
[2025-12-25T03:36:40.516+0000][gc,phases   ] GC(456)   Merge Heap Roots: 0.3ms
[2025-12-25T03:36:40.516+0000][gc,phases   ] GC(456)   Evacuate Collection Set: 4.1ms
[2025-12-25T03:36:40.516+0000][gc,phases   ] GC(456)   Post Evacuate Collection Set: 1.2ms
[2025-12-25T03:36:40.517+0000][gc,phases   ] GC(456)   Other: 0.3ms
[2025-12-25T03:36:40.517+0000][gc,heap     ] GC(456) Eden regions: 612->0(612)
[2025-12-25T03:36:40.517+0000][gc,heap     ] GC(456) Survivor regions: 2->2(77)
[2025-12-25T03:36:40.517+0000][gc,heap     ] GC(456) Old regions: 81->81
[2025-12-25T03:36:40.517+0000][gc,heap     ] GC(456) Humongous regions: 40->40
[2025-12-25T03:36:40.517+0000][gc,metaspace] GC(456) Metaspace: 12700K(13120K)->12700K(13120K) NonClass: 11600K(11776K)->11600K(11776K) Class: 1099K(1344K)->1099K(1344K)
[2025-12-25T03:36:40.517+0000][gc          ] GC(456) Pause Young (Normal) (G1 Evacuation Pause) 733M->122M(1024M) 7.812ms
[2025-12-25T03:36:40.517+0000][gc,cpu      ] GC(456) User=0.03s Sys=0.00s Real=0.01s
[2025-12-25T03:37:40.262+0000][gc,start    ] GC(457) Pause Young (Normal) (G1 Evacuation Pause)
[2025-12-25T03:37:40.264+0000][gc,task     ] GC(457) Using 8 workers of 8 for evacuation
[2025-12-25T03:37:40.279+0000][gc,phases   ] GC(457)   Pre Evacuate Collection Set: 5.8ms
[2025-12-25T03:37:40.279+0000][gc,phases   ] GC(457)   Merge Heap Roots: 0.3ms
[2025-12-25T03:37:40.279+0000][gc,phases   ] GC(457)   Evacuate Collection Set: 7.0ms
[2025-12-25T03:37:40.279+0000][gc,phases   ] GC(457)   Post Evacuate Collection Set: 1.4ms
[2025-12-25T03:37:40.279+0000][gc,phases   ] GC(457)   Other: 0.9ms
[2025-12-25T03:37:40.280+0000][gc,heap     ] GC(457) Eden regions: 612->0(613)
[2025-12-25T03:37:40.280+0000][gc,heap     ] GC(457) Survivor regions: 2->1(77)
[2025-12-25T03:37:40.280+0000][gc,heap     ] GC(457) Old regions: 81->81
[2025-12-25T03:37:40.280+0000][gc,heap     ] GC(457) Humongous regions: 40->40
[2025-12-25T03:37:40.280+0000][gc,metaspace] GC(457) Metaspace: 12700K(13120K)->12700K(13120K) NonClass: 11600K(11776K)->11600K(11776K) Class: 1099K(1344K)->1099K(1344K)
[2025-12-25T03:37:40.280+0000][gc          ] GC(457) Pause Young (Normal) (G1 Evacuation Pause) 734M->121M(1024M) 18.069ms
[2025-12-25T03:37:40.280+0000][gc,cpu      ] GC(457) User=0.08s Sys=0.00s Real=0.02s
[2025-12-25T03:38:30.447+0000][gc,start    ] GC(458) Pause Young (Normal) (G1 Evacuation Pause)
[2025-12-25T03:38:30.447+0000][gc,task     ] GC(458) Using 8 workers of 8 for evacuation
[2025-12-25T03:38:30.464+0000][gc,phases   ] GC(458)   Pre Evacuate Collection Set: 3.0ms
[2025-12-25T03:38:30.464+0000][gc,phases   ] GC(458)   Merge Heap Roots: 0.8ms
[2025-12-25T03:38:30.464+0000][gc,phases   ] GC(458)   Evacuate Collection Set: 10.1ms
[2025-12-25T03:38:30.464+0000][gc,phases   ] GC(458)   Post Evacuate Collection Set: 2.1ms
[2025-12-25T03:38:30.464+0000][gc,phases   ] GC(458)   Other: 0.5ms
[2025-12-25T03:38:30.464+0000][gc,heap     ] GC(458) Eden regions: 613->0(612)
[2025-12-25T03:38:30.464+0000][gc,heap     ] GC(458) Survivor regions: 1->2(77)
[2025-12-25T03:38:30.464+0000][gc,heap     ] GC(458) Old regions: 81->81
[2025-12-25T03:38:30.464+0000][gc,heap     ] GC(458) Humongous regions: 40->40
[2025-12-25T03:38:30.464+0000][gc,metaspace] GC(458) Metaspace: 12700K(13120K)->12700K(13120K) NonClass: 11600K(11776K)->11600K(11776K) Class: 1099K(1344K)->1099K(1344K)
[2025-12-25T03:38:30.465+0000][gc          ] GC(458) Pause Young (Normal) (G1 Evacuation Pause) 734M->122M(1024M) 18.126ms
[2025-12-25T03:38:30.465+0000][gc,cpu      ] GC(458) User=0.10s Sys=0.01s Real=0.02s
[2025-12-25T03:39:20.562+0000][gc,start    ] GC(459) Pause Young (Normal) (G1 Evacuation Pause)
[2025-12-25T03:39:20.563+0000][gc,task     ] GC(459) Using 8 workers of 8 for evacuation
[2025-12-25T03:39:20.580+0000][gc,phases   ] GC(459)   Pre Evacuate Collection Set: 6.2ms
[2025-12-25T03:39:20.581+0000][gc,phases   ] GC(459)   Merge Heap Roots: 1.6ms
[2025-12-25T03:39:20.583+0000][gc,phases   ] GC(459)   Evacuate Collection Set: 6.6ms
[2025-12-25T03:39:20.585+0000][gc,phases   ] GC(459)   Post Evacuate Collection Set: 1.4ms
[2025-12-25T03:39:20.587+0000][gc,phases   ] GC(459)   Other: 0.7ms
[2025-12-25T03:39:20.589+0000][gc,heap     ] GC(459) Eden regions: 612->0(612)
[2025-12-25T03:39:20.592+0000][gc,heap     ] GC(459) Survivor regions: 2->2(77)
[2025-12-25T03:39:20.594+0000][gc,heap     ] GC(459) Old regions: 81->81
[2025-12-25T03:39:20.596+0000][gc,heap     ] GC(459) Humongous regions: 40->40
[2025-12-25T03:39:20.598+0000][gc,metaspace] GC(459) Metaspace: 12700K(13120K)->12700K(13120K) NonClass: 11600K(11776K)->11600K(11776K) Class: 1099K(1344K)->1099K(1344K)
[2025-12-25T03:39:20.600+0000][gc          ] GC(459) Pause Young (Normal) (G1 Evacuation Pause) 734M->122M(1024M) 38.193ms
[2025-12-25T03:39:20.601+0000][gc,cpu      ] GC(459) User=0.09s Sys=0.00s Real=0.04s
[2025-12-25T03:40:20.321+0000][gc,start    ] GC(460) Pause Young (Normal) (G1 Evacuation Pause)
[2025-12-25T03:40:20.322+0000][gc,task     ] GC(460) Using 8 workers of 8 for evacuation
[2025-12-25T03:40:20.332+0000][gc,phases   ] GC(460)   Pre Evacuate Collection Set: 1.4ms
[2025-12-25T03:40:20.332+0000][gc,phases   ] GC(460)   Merge Heap Roots: 0.2ms
[2025-12-25T03:40:20.332+0000][gc,phases   ] GC(460)   Evacuate Collection Set: 7.2ms
[2025-12-25T03:40:20.332+0000][gc,phases   ] GC(460)   Post Evacuate Collection Set: 1.3ms
[2025-12-25T03:40:20.333+0000][gc,phases   ] GC(460)   Other: 0.3ms
[2025-12-25T03:40:20.333+0000][gc,heap     ] GC(460) Eden regions: 612->0(613)
[2025-12-25T03:40:20.333+0000][gc,heap     ] GC(460) Survivor regions: 2->1(77)
[2025-12-25T03:40:20.333+0000][gc,heap     ] GC(460) Old regions: 81->81
[2025-12-25T03:40:20.333+0000][gc,heap     ] GC(460) Humongous regions: 40->40
[2025-12-25T03:40:20.333+0000][gc,metaspace] GC(460) Metaspace: 12700K(13120K)->12700K(13120K) NonClass: 11600K(11776K)->11600K(11776K) Class: 1099K(1344K)->1099K(1344K)
[2025-12-25T03:40:20.333+0000][gc          ] GC(460) Pause Young (Normal) (G1 Evacuation Pause) 734M->121M(1024M) 11.595ms
[2025-12-25T03:40:20.333+0000][gc,cpu      ] GC(460) User=0.04s Sys=0.01s Real=0.02s
[2025-12-25T03:41:10.534+0000][gc,start    ] GC(461) Pause Young (Normal) (G1 Evacuation Pause)
[2025-12-25T03:41:10.534+0000][gc,task     ] GC(461) Using 8 workers of 8 for evacuation
[2025-12-25T03:41:10.552+0000][gc,phases   ] GC(461)   Pre Evacuate Collection Set: 2.0ms
[2025-12-25T03:41:10.552+0000][gc,phases   ] GC(461)   Merge Heap Roots: 1.1ms
[2025-12-25T03:41:10.552+0000][gc,phases   ] GC(461)   Evacuate Collection Set: 12.0ms
[2025-12-25T03:41:10.552+0000][gc,phases   ] GC(461)   Post Evacuate Collection Set: 2.1ms
[2025-12-25T03:41:10.553+0000][gc,phases   ] GC(461)   Other: 0.7ms
[2025-12-25T03:41:10.553+0000][gc,heap     ] GC(461) Eden regions: 613->0(612)
[2025-12-25T03:41:10.553+0000][gc,heap     ] GC(461) Survivor regions: 1->2(77)
[2025-12-25T03:41:10.553+0000][gc,heap     ] GC(461) Old regions: 81->81
[2025-12-25T03:41:10.553+0000][gc,heap     ] GC(461) Humongous regions: 40->40
[2025-12-25T03:41:10.553+0000][gc,metaspace] GC(461) Metaspace: 12700K(13120K)->12700K(13120K) NonClass: 11600K(11776K)->11600K(11776K) Class: 1099K(1344K)->1099K(1344K)
[2025-12-25T03:41:10.553+0000][gc          ] GC(461) Pause Young (Normal) (G1 Evacuation Pause) 734M->122M(1024M) 18.910ms
[2025-12-25T03:41:10.553+0000][gc,cpu      ] GC(461) User=0.11s Sys=0.01s Real=0.02s
[2025-12-25T03:42:10.287+0000][gc,start    ] GC(462) Pause Young (Normal) (G1 Evacuation Pause)
[2025-12-25T03:42:10.288+0000][gc,task     ] GC(462) Using 8 workers of 8 for evacuation
[2025-12-25T03:42:10.298+0000][gc,phases   ] GC(462)   Pre Evacuate Collection Set: 1.5ms
[2025-12-25T03:42:10.298+0000][gc,phases   ] GC(462)   Merge Heap Roots: 0.6ms
[2025-12-25T03:42:10.298+0000][gc,phases   ] GC(462)   Evacuate Collection Set: 4.0ms
[2025-12-25T03:42:10.298+0000][gc,phases   ] GC(462)   Post Evacuate Collection Set: 3.2ms
[2025-12-25T03:42:10.298+0000][gc,phases   ] GC(462)   Other: 0.4ms
[2025-12-25T03:42:10.298+0000][gc,heap     ] GC(462) Eden regions: 612->0(613)
[2025-12-25T03:42:10.298+0000][gc,heap     ] GC(462) Survivor regions: 2->1(77)
[2025-12-25T03:42:10.298+0000][gc,heap     ] GC(462) Old regions: 81->81
[2025-12-25T03:42:10.298+0000][gc,heap     ] GC(462) Humongous regions: 40->40
[2025-12-25T03:42:10.298+0000][gc,metaspace] GC(462) Metaspace: 12700K(13120K)->12700K(13120K) NonClass: 11600K(11776K)->11600K(11776K) Class: 1099K(1344K)->1099K(1344K)
[2025-12-25T03:42:10.299+0000][gc          ] GC(462) Pause Young (Normal) (G1 Evacuation Pause) 734M->121M(1024M) 11.597ms
[2025-12-25T03:42:10.299+0000][gc,cpu      ] GC(462) User=0.05s Sys=0.01s Real=0.01s
[2025-12-25T03:43:00.457+0000][gc,start    ] GC(463) Pause Young (Normal) (G1 Evacuation Pause)
[2025-12-25T03:43:00.457+0000][gc,task     ] GC(463) Using 8 workers of 8 for evacuation
[2025-12-25T03:43:00.474+0000][gc,phases   ] GC(463)   Pre Evacuate Collection Set: 2.7ms
[2025-12-25T03:43:00.474+0000][gc,phases   ] GC(463)   Merge Heap Roots: 1.3ms
[2025-12-25T03:43:00.474+0000][gc,phases   ] GC(463)   Evacuate Collection Set: 10.0ms
[2025-12-25T03:43:00.474+0000][gc,phases   ] GC(463)   Post Evacuate Collection Set: 1.7ms
[2025-12-25T03:43:00.474+0000][gc,phases   ] GC(463)   Other: 0.7ms
[2025-12-25T03:43:00.474+0000][gc,heap     ] GC(463) Eden regions: 613->0(612)
[2025-12-25T03:43:00.474+0000][gc,heap     ] GC(463) Survivor regions: 1->2(77)
[2025-12-25T03:43:00.474+0000][gc,heap     ] GC(463) Old regions: 81->81
[2025-12-25T03:43:00.474+0000][gc,heap     ] GC(463) Humongous regions: 40->40
[2025-12-25T03:43:00.474+0000][gc,metaspace] GC(463) Metaspace: 12700K(13120K)->12700K(13120K) NonClass: 11600K(11776K)->11600K(11776K) Class: 1099K(1344K)->1099K(1344K)
[2025-12-25T03:43:00.475+0000][gc          ] GC(463) Pause Young (Normal) (G1 Evacuation Pause) 734M->122M(1024M) 17.629ms
[2025-12-25T03:43:00.475+0000][gc,cpu      ] GC(463) User=0.09s Sys=0.00s Real=0.02s
[2025-12-25T03:43:50.627+0000][gc,start    ] GC(464) Pause Young (Normal) (G1 Evacuation Pause)
[2025-12-25T03:43:50.628+0000][gc,task     ] GC(464) Using 8 workers of 8 for evacuation
[2025-12-25T03:43:50.643+0000][gc,phases   ] GC(464)   Pre Evacuate Collection Set: 2.0ms
[2025-12-25T03:43:50.643+0000][gc,phases   ] GC(464)   Merge Heap Roots: 0.8ms
[2025-12-25T03:43:50.643+0000][gc,phases   ] GC(464)   Evacuate Collection Set: 10.2ms
[2025-12-25T03:43:50.643+0000][gc,phases   ] GC(464)   Post Evacuate Collection Set: 1.5ms
[2025-12-25T03:43:50.644+0000][gc,phases   ] GC(464)   Other: 1.2ms
[2025-12-25T03:43:50.644+0000][gc,heap     ] GC(464) Eden regions: 612->0(612)
[2025-12-25T03:43:50.644+0000][gc,heap     ] GC(464) Survivor regions: 2->2(77)
[2025-12-25T03:43:50.644+0000][gc,heap     ] GC(464) Old regions: 81->81
[2025-12-25T03:43:50.644+0000][gc,heap     ] GC(464) Humongous regions: 40->40
[2025-12-25T03:43:50.644+0000][gc,metaspace] GC(464) Metaspace: 12700K(13120K)->12700K(13120K) NonClass: 11600K(11776K)->11600K(11776K) Class: 1099K(1344K)->1099K(1344K)
[2025-12-25T03:43:50.644+0000][gc          ] GC(464) Pause Young (Normal) (G1 Evacuation Pause) 734M->122M(1024M) 17.006ms
[2025-12-25T03:43:50.644+0000][gc,cpu      ] GC(464) User=0.07s Sys=0.00s Real=0.01s
[2025-12-25T03:44:50.379+0000][gc,start    ] GC(465) Pause Young (Normal) (G1 Evacuation Pause)
[2025-12-25T03:44:50.379+0000][gc,task     ] GC(465) Using 8 workers of 8 for evacuation
[2025-12-25T03:44:50.387+0000][gc,phases   ] GC(465)   Pre Evacuate Collection Set: 1.7ms
[2025-12-25T03:44:50.387+0000][gc,phases   ] GC(465)   Merge Heap Roots: 0.2ms
[2025-12-25T03:44:50.387+0000][gc,phases   ] GC(465)   Evacuate Collection Set: 4.1ms
[2025-12-25T03:44:50.387+0000][gc,phases   ] GC(465)   Post Evacuate Collection Set: 1.5ms
[2025-12-25T03:44:50.387+0000][gc,phases   ] GC(465)   Other: 0.3ms
[2025-12-25T03:44:50.387+0000][gc,heap     ] GC(465) Eden regions: 612->0(612)
[2025-12-25T03:44:50.388+0000][gc,heap     ] GC(465) Survivor regions: 2->2(77)
[2025-12-25T03:44:50.388+0000][gc,heap     ] GC(465) Old regions: 81->81
[2025-12-25T03:44:50.388+0000][gc,heap     ] GC(465) Humongous regions: 40->40
[2025-12-25T03:44:50.388+0000][gc,metaspace] GC(465) Metaspace: 12700K(13120K)->12700K(13120K) NonClass: 11600K(11776K)->11600K(11776K) Class: 1099K(1344K)->1099K(1344K)
[2025-12-25T03:44:50.388+0000][gc          ] GC(465) Pause Young (Normal) (G1 Evacuation Pause) 734M->121M(1024M) 9.101ms
[2025-12-25T03:44:50.388+0000][gc,cpu      ] GC(465) User=0.04s Sys=0.00s Real=0.01s
[2025-12-25T03:45:40.507+0000][gc,start    ] GC(466) Pause Young (Normal) (G1 Evacuation Pause)
[2025-12-25T03:45:40.507+0000][gc,task     ] GC(466) Using 8 workers of 8 for evacuation
[2025-12-25T03:45:40.513+0000][gc,phases   ] GC(466)   Pre Evacuate Collection Set: 1.1ms
[2025-12-25T03:45:40.513+0000][gc,phases   ] GC(466)   Merge Heap Roots: 0.2ms
[2025-12-25T03:45:40.513+0000][gc,phases   ] GC(466)   Evacuate Collection Set: 3.4ms
[2025-12-25T03:45:40.513+0000][gc,phases   ] GC(466)   Post Evacuate Collection Set: 1.2ms
[2025-12-25T03:45:40.513+0000][gc,phases   ] GC(466)   Other: 0.2ms
[2025-12-25T03:45:40.513+0000][gc,heap     ] GC(466) Eden regions: 612->0(612)
[2025-12-25T03:45:40.513+0000][gc,heap     ] GC(466) Survivor regions: 2->2(77)
[2025-12-25T03:45:40.514+0000][gc,heap     ] GC(466) Old regions: 81->81
[2025-12-25T03:45:40.514+0000][gc,heap     ] GC(466) Humongous regions: 40->40
[2025-12-25T03:45:40.514+0000][gc,metaspace] GC(466) Metaspace: 12700K(13120K)->12700K(13120K) NonClass: 11600K(11776K)->11600K(11776K) Class: 1099K(1344K)->1099K(1344K)
[2025-12-25T03:45:40.514+0000][gc          ] GC(466) Pause Young (Normal) (G1 Evacuation Pause) 733M->122M(1024M) 7.037ms
[2025-12-25T03:45:40.514+0000][gc,cpu      ] GC(466) User=0.02s Sys=0.00s Real=0.01s
[2025-12-25T03:46:40.267+0000][gc,start    ] GC(467) Pause Young (Normal) (G1 Evacuation Pause)
[2025-12-25T03:46:40.269+0000][gc,task     ] GC(467) Using 8 workers of 8 for evacuation
[2025-12-25T03:46:40.299+0000][gc,phases   ] GC(467)   Pre Evacuate Collection Set: 7.5ms
[2025-12-25T03:46:40.299+0000][gc,phases   ] GC(467)   Merge Heap Roots: 1.1ms
[2025-12-25T03:46:40.299+0000][gc,phases   ] GC(467)   Evacuate Collection Set: 15.5ms
[2025-12-25T03:46:40.299+0000][gc,phases   ] GC(467)   Post Evacuate Collection Set: 4.2ms
[2025-12-25T03:46:40.299+0000][gc,phases   ] GC(467)   Other: 2.2ms
[2025-12-25T03:46:40.299+0000][gc,heap     ] GC(467) Eden regions: 612->0(613)
[2025-12-25T03:46:40.299+0000][gc,heap     ] GC(467) Survivor regions: 2->1(77)
[2025-12-25T03:46:40.299+0000][gc,heap     ] GC(467) Old regions: 81->82
[2025-12-25T03:46:40.299+0000][gc,heap     ] GC(467) Humongous regions: 40->40
[2025-12-25T03:46:40.299+0000][gc,metaspace] GC(467) Metaspace: 12700K(13120K)->12700K(13120K) NonClass: 11600K(11776K)->11600K(11776K) Class: 1099K(1344K)->1099K(1344K)
[2025-12-25T03:46:40.299+0000][gc          ] GC(467) Pause Young (Normal) (G1 Evacuation Pause) 734M->121M(1024M) 32.448ms
[2025-12-25T03:46:40.299+0000][gc,cpu      ] GC(467) User=0.12s Sys=0.02s Real=0.04s
[2025-12-25T03:47:30.427+0000][gc,start    ] GC(468) Pause Young (Normal) (G1 Evacuation Pause)
[2025-12-25T03:47:30.428+0000][gc,task     ] GC(468) Using 8 workers of 8 for evacuation
[2025-12-25T03:47:30.478+0000][gc,phases   ] GC(468)   Pre Evacuate Collection Set: 2.6ms
[2025-12-25T03:47:30.479+0000][gc,phases   ] GC(468)   Merge Heap Roots: 0.5ms
[2025-12-25T03:47:30.479+0000][gc,phases   ] GC(468)   Evacuate Collection Set: 37.4ms
[2025-12-25T03:47:30.479+0000][gc,phases   ] GC(468)   Post Evacuate Collection Set: 5.0ms
[2025-12-25T03:47:30.479+0000][gc,phases   ] GC(468)   Other: 3.2ms
[2025-12-25T03:47:30.479+0000][gc,heap     ] GC(468) Eden regions: 613->0(610)
[2025-12-25T03:47:30.479+0000][gc,heap     ] GC(468) Survivor regions: 1->4(77)
[2025-12-25T03:47:30.479+0000][gc,heap     ] GC(468) Old regions: 82->82
[2025-12-25T03:47:30.479+0000][gc,heap     ] GC(468) Humongous regions: 40->40
[2025-12-25T03:47:30.479+0000][gc,metaspace] GC(468) Metaspace: 12702K(13120K)->12702K(13120K) NonClass: 11602K(11776K)->11602K(11776K) Class: 1099K(1344K)->1099K(1344K)
[2025-12-25T03:47:30.479+0000][gc          ] GC(468) Pause Young (Normal) (G1 Evacuation Pause) 734M->124M(1024M) 52.162ms
[2025-12-25T03:47:30.479+0000][gc,cpu      ] GC(468) User=0.26s Sys=0.00s Real=0.05s
[2025-12-25T03:48:20.659+0000][gc,start    ] GC(469) Pause Young (Normal) (G1 Evacuation Pause)
[2025-12-25T03:48:20.660+0000][gc,task     ] GC(469) Using 8 workers of 8 for evacuation
[2025-12-25T03:48:20.685+0000][gc,phases   ] GC(469)   Pre Evacuate Collection Set: 7.4ms
[2025-12-25T03:48:20.685+0000][gc,phases   ] GC(469)   Merge Heap Roots: 0.6ms
[2025-12-25T03:48:20.685+0000][gc,phases   ] GC(469)   Evacuate Collection Set: 14.4ms
[2025-12-25T03:48:20.685+0000][gc,phases   ] GC(469)   Post Evacuate Collection Set: 1.7ms
[2025-12-25T03:48:20.685+0000][gc,phases   ] GC(469)   Other: 0.7ms
[2025-12-25T03:48:20.686+0000][gc,heap     ] GC(469) Eden regions: 610->0(609)
[2025-12-25T03:48:20.686+0000][gc,heap     ] GC(469) Survivor regions: 4->5(77)
[2025-12-25T03:48:20.686+0000][gc,heap     ] GC(469) Old regions: 82->82
[2025-12-25T03:48:20.686+0000][gc,heap     ] GC(469) Humongous regions: 40->40
[2025-12-25T03:48:20.686+0000][gc,metaspace] GC(469) Metaspace: 12702K(13120K)->12702K(13120K) NonClass: 11602K(11776K)->11602K(11776K) Class: 1099K(1344K)->1099K(1344K)
[2025-12-25T03:48:20.686+0000][gc          ] GC(469) Pause Young (Normal) (G1 Evacuation Pause) 734M->125M(1024M) 26.614ms
[2025-12-25T03:48:20.686+0000][gc,cpu      ] GC(469) User=0.12s Sys=0.00s Real=0.03s
[2025-12-25T03:49:10.713+0000][gc,start    ] GC(470) Pause Young (Normal) (G1 Evacuation Pause)
[2025-12-25T03:49:10.714+0000][gc,task     ] GC(470) Using 8 workers of 8 for evacuation
[2025-12-25T03:49:10.741+0000][gc,phases   ] GC(470)   Pre Evacuate Collection Set: 1.6ms
[2025-12-25T03:49:10.741+0000][gc,phases   ] GC(470)   Merge Heap Roots: 0.7ms
[2025-12-25T03:49:10.741+0000][gc,phases   ] GC(470)   Evacuate Collection Set: 21.4ms
[2025-12-25T03:49:10.742+0000][gc,phases   ] GC(470)   Post Evacuate Collection Set: 2.8ms
[2025-12-25T03:49:10.742+0000][gc,phases   ] GC(470)   Other: 0.6ms
[2025-12-25T03:49:10.742+0000][gc,heap     ] GC(470) Eden regions: 609->0(609)
[2025-12-25T03:49:10.742+0000][gc,heap     ] GC(470) Survivor regions: 5->5(77)
[2025-12-25T03:49:10.742+0000][gc,heap     ] GC(470) Old regions: 82->82
[2025-12-25T03:49:10.742+0000][gc,heap     ] GC(470) Humongous regions: 40->40
[2025-12-25T03:49:10.742+0000][gc,metaspace] GC(470) Metaspace: 12705K(13120K)->12705K(13120K) NonClass: 11605K(11776K)->11605K(11776K) Class: 1099K(1344K)->1099K(1344K)
[2025-12-25T03:49:10.742+0000][gc          ] GC(470) Pause Young (Normal) (G1 Evacuation Pause) 734M->126M(1024M) 29.148ms
[2025-12-25T03:49:10.742+0000][gc,cpu      ] GC(470) User=0.12s Sys=0.00s Real=0.03s
[2025-12-25T03:50:10.404+0000][gc,start    ] GC(471) Pause Young (Normal) (G1 Evacuation Pause)
[2025-12-25T03:50:10.405+0000][gc,task     ] GC(471) Using 8 workers of 8 for evacuation
[2025-12-25T03:50:10.427+0000][gc,phases   ] GC(471)   Pre Evacuate Collection Set: 1.7ms
[2025-12-25T03:50:10.427+0000][gc,phases   ] GC(471)   Merge Heap Roots: 0.2ms
[2025-12-25T03:50:10.427+0000][gc,phases   ] GC(471)   Evacuate Collection Set: 18.1ms
[2025-12-25T03:50:10.427+0000][gc,phases   ] GC(471)   Post Evacuate Collection Set: 1.9ms
[2025-12-25T03:50:10.427+0000][gc,phases   ] GC(471)   Other: 0.4ms
[2025-12-25T03:50:10.427+0000][gc,heap     ] GC(471) Eden regions: 609->0(610)
[2025-12-25T03:50:10.427+0000][gc,heap     ] GC(471) Survivor regions: 5->4(77)
[2025-12-25T03:50:10.427+0000][gc,heap     ] GC(471) Old regions: 82->82
[2025-12-25T03:50:10.427+0000][gc,heap     ] GC(471) Humongous regions: 40->40
[2025-12-25T03:50:10.428+0000][gc,metaspace] GC(471) Metaspace: 12705K(13120K)->12705K(13120K) NonClass: 11605K(11776K)->11605K(11776K) Class: 1099K(1344K)->1099K(1344K)
[2025-12-25T03:50:10.428+0000][gc          ] GC(471) Pause Young (Normal) (G1 Evacuation Pause) 735M->125M(1024M) 23.760ms
[2025-12-25T03:50:10.428+0000][gc,cpu      ] GC(471) User=0.12s Sys=0.01s Real=0.02s
[2025-12-25T03:51:00.510+0000][gc,start    ] GC(472) Pause Young (Normal) (G1 Evacuation Pause)
[2025-12-25T03:51:00.510+0000][gc,task     ] GC(472) Using 8 workers of 8 for evacuation
[2025-12-25T03:51:00.534+0000][gc,phases   ] GC(472)   Pre Evacuate Collection Set: 2.0ms
[2025-12-25T03:51:00.534+0000][gc,phases   ] GC(472)   Merge Heap Roots: 1.2ms
[2025-12-25T03:51:00.534+0000][gc,phases   ] GC(472)   Evacuate Collection Set: 17.5ms
[2025-12-25T03:51:00.534+0000][gc,phases   ] GC(472)   Post Evacuate Collection Set: 2.5ms
[2025-12-25T03:51:00.534+0000][gc,phases   ] GC(472)   Other: 0.6ms
[2025-12-25T03:51:00.534+0000][gc,heap     ] GC(472) Eden regions: 610->0(609)
[2025-12-25T03:51:00.534+0000][gc,heap     ] GC(472) Survivor regions: 4->5(77)
[2025-12-25T03:51:00.534+0000][gc,heap     ] GC(472) Old regions: 82->82
[2025-12-25T03:51:00.535+0000][gc,heap     ] GC(472) Humongous regions: 40->40
[2025-12-25T03:51:00.535+0000][gc,metaspace] GC(472) Metaspace: 12705K(13120K)->12705K(13120K) NonClass: 11605K(11776K)->11605K(11776K) Class: 1099K(1344K)->1099K(1344K)
[2025-12-25T03:51:00.535+0000][gc          ] GC(472) Pause Young (Normal) (G1 Evacuation Pause) 735M->125M(1024M) 24.812ms
[2025-12-25T03:51:00.535+0000][gc,cpu      ] GC(472) User=0.15s Sys=0.00s Real=0.02s
[2025-12-25T03:51:50.598+0000][gc,start    ] GC(473) Pause Young (Normal) (G1 Evacuation Pause)
[2025-12-25T03:51:50.600+0000][gc,task     ] GC(473) Using 8 workers of 8 for evacuation
[2025-12-25T03:51:50.616+0000][gc,phases   ] GC(473)   Pre Evacuate Collection Set: 3.8ms
[2025-12-25T03:51:50.616+0000][gc,phases   ] GC(473)   Merge Heap Roots: 0.3ms
[2025-12-25T03:51:50.616+0000][gc,phases   ] GC(473)   Evacuate Collection Set: 10.3ms
[2025-12-25T03:51:50.616+0000][gc,phases   ] GC(473)   Post Evacuate Collection Set: 1.2ms
[2025-12-25T03:51:50.616+0000][gc,phases   ] GC(473)   Other: 1.0ms
[2025-12-25T03:51:50.616+0000][gc,heap     ] GC(473) Eden regions: 609->0(609)
[2025-12-25T03:51:50.616+0000][gc,heap     ] GC(473) Survivor regions: 5->5(77)
[2025-12-25T03:51:50.616+0000][gc,heap     ] GC(473) Old regions: 82->82
[2025-12-25T03:51:50.616+0000][gc,heap     ] GC(473) Humongous regions: 40->40
[2025-12-25T03:51:50.616+0000][gc,metaspace] GC(473) Metaspace: 12705K(13120K)->12705K(13120K) NonClass: 11605K(11776K)->11605K(11776K) Class: 1099K(1344K)->1099K(1344K)
[2025-12-25T03:51:50.616+0000][gc          ] GC(473) Pause Young (Normal) (G1 Evacuation Pause) 734M->125M(1024M) 19.030ms
[2025-12-25T03:51:50.617+0000][gc,cpu      ] GC(473) User=0.08s Sys=0.00s Real=0.02s
[2025-12-25T03:52:50.303+0000][gc,start    ] GC(474) Pause Young (Normal) (G1 Evacuation Pause)
[2025-12-25T03:52:50.304+0000][gc,task     ] GC(474) Using 8 workers of 8 for evacuation
[2025-12-25T03:52:50.322+0000][gc,phases   ] GC(474)   Pre Evacuate Collection Set: 1.1ms
[2025-12-25T03:52:50.322+0000][gc,phases   ] GC(474)   Merge Heap Roots: 0.9ms
[2025-12-25T03:52:50.322+0000][gc,phases   ] GC(474)   Evacuate Collection Set: 14.5ms
[2025-12-25T03:52:50.322+0000][gc,phases   ] GC(474)   Post Evacuate Collection Set: 1.6ms
[2025-12-25T03:52:50.322+0000][gc,phases   ] GC(474)   Other: 0.4ms
[2025-12-25T03:52:50.322+0000][gc,heap     ] GC(474) Eden regions: 609->0(610)
[2025-12-25T03:52:50.322+0000][gc,heap     ] GC(474) Survivor regions: 5->4(77)
[2025-12-25T03:52:50.322+0000][gc,heap     ] GC(474) Old regions: 82->82
[2025-12-25T03:52:50.323+0000][gc,heap     ] GC(474) Humongous regions: 40->40
[2025-12-25T03:52:50.323+0000][gc,metaspace] GC(474) Metaspace: 12705K(13120K)->12705K(13120K) NonClass: 11605K(11776K)->11605K(11776K) Class: 1099K(1344K)->1099K(1344K)
[2025-12-25T03:52:50.323+0000][gc          ] GC(474) Pause Young (Normal) (G1 Evacuation Pause) 734M->124M(1024M) 19.733ms
[2025-12-25T03:52:50.323+0000][gc,cpu      ] GC(474) User=0.11s Sys=0.00s Real=0.02s
[2025-12-25T03:53:40.398+0000][gc,start    ] GC(475) Pause Young (Normal) (G1 Evacuation Pause)
[2025-12-25T03:53:40.398+0000][gc,task     ] GC(475) Using 8 workers of 8 for evacuation
[2025-12-25T03:53:40.414+0000][gc,phases   ] GC(475)   Pre Evacuate Collection Set: 1.3ms
[2025-12-25T03:53:40.415+0000][gc,phases   ] GC(475)   Merge Heap Roots: 0.2ms
[2025-12-25T03:53:40.415+0000][gc,phases   ] GC(475)   Evacuate Collection Set: 13.0ms
[2025-12-25T03:53:40.415+0000][gc,phases   ] GC(475)   Post Evacuate Collection Set: 1.5ms
[2025-12-25T03:53:40.415+0000][gc,phases   ] GC(475)   Other: 0.3ms
[2025-12-25T03:53:40.415+0000][gc,heap     ] GC(475) Eden regions: 610->0(610)
[2025-12-25T03:53:40.415+0000][gc,heap     ] GC(475) Survivor regions: 4->4(77)
[2025-12-25T03:53:40.415+0000][gc,heap     ] GC(475) Old regions: 82->82
[2025-12-25T03:53:40.415+0000][gc,heap     ] GC(475) Humongous regions: 40->40
[2025-12-25T03:53:40.415+0000][gc,metaspace] GC(475) Metaspace: 12705K(13120K)->12705K(13120K) NonClass: 11605K(11776K)->11605K(11776K) Class: 1099K(1344K)->1099K(1344K)
[2025-12-25T03:53:40.415+0000][gc          ] GC(475) Pause Young (Normal) (G1 Evacuation Pause) 734M->125M(1024M) 17.231ms
[2025-12-25T03:53:40.415+0000][gc,cpu      ] GC(475) User=0.11s Sys=0.00s Real=0.02s
[2025-12-25T03:54:30.516+0000][gc,start    ] GC(476) Pause Young (Normal) (G1 Evacuation Pause)
[2025-12-25T03:54:30.517+0000][gc,task     ] GC(476) Using 8 workers of 8 for evacuation
[2025-12-25T03:54:30.534+0000][gc,phases   ] GC(476)   Pre Evacuate Collection Set: 3.7ms
[2025-12-25T03:54:30.534+0000][gc,phases   ] GC(476)   Merge Heap Roots: 0.3ms
[2025-12-25T03:54:30.534+0000][gc,phases   ] GC(476)   Evacuate Collection Set: 10.5ms
[2025-12-25T03:54:30.534+0000][gc,phases   ] GC(476)   Post Evacuate Collection Set: 2.0ms
[2025-12-25T03:54:30.534+0000][gc,phases   ] GC(476)   Other: 0.8ms
[2025-12-25T03:54:30.534+0000][gc,heap     ] GC(476) Eden regions: 610->0(609)
[2025-12-25T03:54:30.534+0000][gc,heap     ] GC(476) Survivor regions: 4->5(77)
[2025-12-25T03:54:30.534+0000][gc,heap     ] GC(476) Old regions: 82->82
[2025-12-25T03:54:30.534+0000][gc,heap     ] GC(476) Humongous regions: 40->40
[2025-12-25T03:54:30.534+0000][gc,metaspace] GC(476) Metaspace: 12705K(13120K)->12705K(13120K) NonClass: 11605K(11776K)->11605K(11776K) Class: 1099K(1344K)->1099K(1344K)
[2025-12-25T03:54:30.535+0000][gc          ] GC(476) Pause Young (Normal) (G1 Evacuation Pause) 735M->125M(1024M) 18.623ms
[2025-12-25T03:54:30.535+0000][gc,cpu      ] GC(476) User=0.08s Sys=0.01s Real=0.02s
[2025-12-25T03:55:30.246+0000][gc,start    ] GC(477) Pause Young (Normal) (G1 Evacuation Pause)
[2025-12-25T03:55:30.246+0000][gc,task     ] GC(477) Using 8 workers of 8 for evacuation
[2025-12-25T03:55:30.263+0000][gc,phases   ] GC(477)   Pre Evacuate Collection Set: 1.9ms
[2025-12-25T03:55:30.263+0000][gc,phases   ] GC(477)   Merge Heap Roots: 0.4ms
[2025-12-25T03:55:30.263+0000][gc,phases   ] GC(477)   Evacuate Collection Set: 10.1ms
[2025-12-25T03:55:30.263+0000][gc,phases   ] GC(477)   Post Evacuate Collection Set: 3.6ms
[2025-12-25T03:55:30.263+0000][gc,phases   ] GC(477)   Other: 0.4ms
[2025-12-25T03:55:30.263+0000][gc,heap     ] GC(477) Eden regions: 609->0(610)
[2025-12-25T03:55:30.263+0000][gc,heap     ] GC(477) Survivor regions: 5->4(77)
[2025-12-25T03:55:30.263+0000][gc,heap     ] GC(477) Old regions: 82->82
[2025-12-25T03:55:30.263+0000][gc,heap     ] GC(477) Humongous regions: 40->40
[2025-12-25T03:55:30.263+0000][gc,metaspace] GC(477) Metaspace: 12705K(13120K)->12705K(13120K) NonClass: 11605K(11776K)->11605K(11776K) Class: 1099K(1344K)->1099K(1344K)
[2025-12-25T03:55:30.263+0000][gc          ] GC(477) Pause Young (Normal) (G1 Evacuation Pause) 734M->124M(1024M) 17.597ms
[2025-12-25T03:55:30.263+0000][gc,cpu      ] GC(477) User=0.10s Sys=0.01s Real=0.01s
[2025-12-25T03:56:20.656+0000][gc,start    ] GC(478) Pause Young (Normal) (G1 Evacuation Pause)
[2025-12-25T03:56:20.656+0000][gc,task     ] GC(478) Using 8 workers of 8 for evacuation
[2025-12-25T03:56:20.672+0000][gc,phases   ] GC(478)   Pre Evacuate Collection Set: 1.0ms
[2025-12-25T03:56:20.672+0000][gc,phases   ] GC(478)   Merge Heap Roots: 0.2ms
[2025-12-25T03:56:20.672+0000][gc,phases   ] GC(478)   Evacuate Collection Set: 12.2ms
[2025-12-25T03:56:20.672+0000][gc,phases   ] GC(478)   Post Evacuate Collection Set: 1.7ms
[2025-12-25T03:56:20.672+0000][gc,phases   ] GC(478)   Other: 0.4ms
[2025-12-25T03:56:20.672+0000][gc,heap     ] GC(478) Eden regions: 610->0(610)
[2025-12-25T03:56:20.672+0000][gc,heap     ] GC(478) Survivor regions: 4->4(77)
[2025-12-25T03:56:20.672+0000][gc,heap     ] GC(478) Old regions: 82->82
[2025-12-25T03:56:20.672+0000][gc,heap     ] GC(478) Humongous regions: 40->40
[2025-12-25T03:56:20.672+0000][gc,metaspace] GC(478) Metaspace: 12705K(13120K)->12705K(13120K) NonClass: 11605K(11776K)->11605K(11776K) Class: 1099K(1344K)->1099K(1344K)
[2025-12-25T03:56:20.672+0000][gc          ] GC(478) Pause Young (Normal) (G1 Evacuation Pause) 734M->125M(1024M) 16.789ms
[2025-12-25T03:56:20.673+0000][gc,cpu      ] GC(478) User=0.09s Sys=0.00s Real=0.02s
[2025-12-25T03:57:10.764+0000][gc,start    ] GC(479) Pause Young (Normal) (G1 Evacuation Pause)
[2025-12-25T03:57:10.765+0000][gc,task     ] GC(479) Using 8 workers of 8 for evacuation
[2025-12-25T03:57:10.791+0000][gc,phases   ] GC(479)   Pre Evacuate Collection Set: 1.1ms
[2025-12-25T03:57:10.791+0000][gc,phases   ] GC(479)   Merge Heap Roots: 0.2ms
[2025-12-25T03:57:10.791+0000][gc,phases   ] GC(479)   Evacuate Collection Set: 23.3ms
[2025-12-25T03:57:10.791+0000][gc,phases   ] GC(479)   Post Evacuate Collection Set: 1.1ms
[2025-12-25T03:57:10.791+0000][gc,phases   ] GC(479)   Other: 0.3ms
[2025-12-25T03:57:10.791+0000][gc,heap     ] GC(479) Eden regions: 610->0(609)
[2025-12-25T03:57:10.791+0000][gc,heap     ] GC(479) Survivor regions: 4->5(77)
[2025-12-25T03:57:10.791+0000][gc,heap     ] GC(479) Old regions: 82->82
[2025-12-25T03:57:10.791+0000][gc,heap     ] GC(479) Humongous regions: 40->40
[2025-12-25T03:57:10.791+0000][gc,metaspace] GC(479) Metaspace: 12705K(13120K)->12705K(13120K) NonClass: 11605K(11776K)->11605K(11776K) Class: 1099K(1344K)->1099K(1344K)
[2025-12-25T03:57:10.792+0000][gc          ] GC(479) Pause Young (Normal) (G1 Evacuation Pause) 735M->125M(1024M) 27.237ms
[2025-12-25T03:57:10.792+0000][gc,cpu      ] GC(479) User=0.13s Sys=0.06s Real=0.03s
[2025-12-25T03:58:00.924+0000][gc,start    ] GC(480) Pause Young (Normal) (G1 Evacuation Pause)
[2025-12-25T03:58:00.926+0000][gc,task     ] GC(480) Using 8 workers of 8 for evacuation
[2025-12-25T03:58:00.966+0000][gc,phases   ] GC(480)   Pre Evacuate Collection Set: 13.5ms
[2025-12-25T03:58:00.966+0000][gc,phases   ] GC(480)   Merge Heap Roots: 0.6ms
[2025-12-25T03:58:00.966+0000][gc,phases   ] GC(480)   Evacuate Collection Set: 18.5ms
[2025-12-25T03:58:00.966+0000][gc,phases   ] GC(480)   Post Evacuate Collection Set: 5.1ms
[2025-12-25T03:58:00.966+0000][gc,phases   ] GC(480)   Other: 1.4ms
[2025-12-25T03:58:00.966+0000][gc,heap     ] GC(480) Eden regions: 609->0(609)
[2025-12-25T03:58:00.966+0000][gc,heap     ] GC(480) Survivor regions: 5->5(77)
[2025-12-25T03:58:00.966+0000][gc,heap     ] GC(480) Old regions: 82->82
[2025-12-25T03:58:00.966+0000][gc,heap     ] GC(480) Humongous regions: 40->40
[2025-12-25T03:58:00.966+0000][gc,metaspace] GC(480) Metaspace: 12707K(13120K)->12707K(13120K) NonClass: 11607K(11776K)->11607K(11776K) Class: 1099K(1344K)->1099K(1344K)
[2025-12-25T03:58:00.967+0000][gc          ] GC(480) Pause Young (Normal) (G1 Evacuation Pause) 734M->125M(1024M) 42.745ms
[2025-12-25T03:58:00.967+0000][gc,cpu      ] GC(480) User=0.13s Sys=0.01s Real=0.05s
[2025-12-25T03:59:00.620+0000][gc,start    ] GC(481) Pause Young (Normal) (G1 Evacuation Pause)
[2025-12-25T03:59:00.621+0000][gc,task     ] GC(481) Using 8 workers of 8 for evacuation
[2025-12-25T03:59:00.634+0000][gc,phases   ] GC(481)   Pre Evacuate Collection Set: 1.0ms
[2025-12-25T03:59:00.634+0000][gc,phases   ] GC(481)   Merge Heap Roots: 0.5ms
[2025-12-25T03:59:00.635+0000][gc,phases   ] GC(481)   Evacuate Collection Set: 9.8ms
[2025-12-25T03:59:00.635+0000][gc,phases   ] GC(481)   Post Evacuate Collection Set: 1.4ms
[2025-12-25T03:59:00.635+0000][gc,phases   ] GC(481)   Other: 0.7ms
[2025-12-25T03:59:00.635+0000][gc,heap     ] GC(481) Eden regions: 609->0(610)
[2025-12-25T03:59:00.635+0000][gc,heap     ] GC(481) Survivor regions: 5->4(77)
[2025-12-25T03:59:00.635+0000][gc,heap     ] GC(481) Old regions: 82->82
[2025-12-25T03:59:00.635+0000][gc,heap     ] GC(481) Humongous regions: 40->40
[2025-12-25T03:59:00.635+0000][gc,metaspace] GC(481) Metaspace: 12707K(13120K)->12707K(13120K) NonClass: 11607K(11776K)->11607K(11776K) Class: 1099K(1344K)->1099K(1344K)
[2025-12-25T03:59:00.635+0000][gc          ] GC(481) Pause Young (Normal) (G1 Evacuation Pause) 734M->125M(1024M) 14.915ms
[2025-12-25T03:59:00.635+0000][gc,cpu      ] GC(481) User=0.08s Sys=0.01s Real=0.01s
[2025-12-25T03:59:50.716+0000][gc,start    ] GC(482) Pause Young (Normal) (G1 Evacuation Pause)
[2025-12-25T03:59:50.716+0000][gc,task     ] GC(482) Using 8 workers of 8 for evacuation
[2025-12-25T03:59:50.741+0000][gc,phases   ] GC(482)   Pre Evacuate Collection Set: 1.1ms
[2025-12-25T03:59:50.741+0000][gc,phases   ] GC(482)   Merge Heap Roots: 0.2ms
[2025-12-25T03:59:50.741+0000][gc,phases   ] GC(482)   Evacuate Collection Set: 17.9ms
[2025-12-25T03:59:50.741+0000][gc,phases   ] GC(482)   Post Evacuate Collection Set: 4.9ms
[2025-12-25T03:59:50.741+0000][gc,phases   ] GC(482)   Other: 0.4ms
[2025-12-25T03:59:50.742+0000][gc,heap     ] GC(482) Eden regions: 610->0(610)
[2025-12-25T03:59:50.742+0000][gc,heap     ] GC(482) Survivor regions: 4->4(77)
[2025-12-25T03:59:50.742+0000][gc,heap     ] GC(482) Old regions: 82->82
[2025-12-25T03:59:50.742+0000][gc,heap     ] GC(482) Humongous regions: 40->40
[2025-12-25T03:59:50.742+0000][gc,metaspace] GC(482) Metaspace: 12707K(13120K)->12707K(13120K) NonClass: 11607K(11776K)->11607K(11776K) Class: 1099K(1344K)->1099K(1344K)
[2025-12-25T03:59:50.742+0000][gc          ] GC(482) Pause Young (Normal) (G1 Evacuation Pause) 735M->125M(1024M) 26.671ms
[2025-12-25T03:59:50.743+0000][gc,cpu      ] GC(482) User=0.15s Sys=0.00s Real=0.03s
[2025-12-25T04:00:40.860+0000][gc,start    ] GC(483) Pause Young (Normal) (G1 Evacuation Pause)
[2025-12-25T04:00:40.860+0000][gc,task     ] GC(483) Using 8 workers of 8 for evacuation
[2025-12-25T04:00:40.878+0000][gc,phases   ] GC(483)   Pre Evacuate Collection Set: 1.5ms
[2025-12-25T04:00:40.879+0000][gc,phases   ] GC(483)   Merge Heap Roots: 0.3ms
[2025-12-25T04:00:40.879+0000][gc,phases   ] GC(483)   Evacuate Collection Set: 13.5ms
[2025-12-25T04:00:40.879+0000][gc,phases   ] GC(483)   Post Evacuate Collection Set: 2.4ms
[2025-12-25T04:00:40.879+0000][gc,phases   ] GC(483)   Other: 0.6ms
[2025-12-25T04:00:40.879+0000][gc,heap     ] GC(483) Eden regions: 610->0(610)
[2025-12-25T04:00:40.879+0000][gc,heap     ] GC(483) Survivor regions: 4->4(77)
[2025-12-25T04:00:40.879+0000][gc,heap     ] GC(483) Old regions: 82->83
[2025-12-25T04:00:40.879+0000][gc,heap     ] GC(483) Humongous regions: 40->40
[2025-12-25T04:00:40.879+0000][gc,metaspace] GC(483) Metaspace: 12707K(13120K)->12707K(13120K) NonClass: 11607K(11776K)->11607K(11776K) Class: 1099K(1344K)->1099K(1344K)
[2025-12-25T04:00:40.879+0000][gc          ] GC(483) Pause Young (Normal) (G1 Evacuation Pause) 735M->125M(1024M) 19.903ms
[2025-12-25T04:00:40.880+0000][gc,cpu      ] GC(483) User=0.08s Sys=0.00s Real=0.02s
[2025-12-25T04:01:40.565+0000][gc,start    ] GC(484) Pause Young (Normal) (G1 Evacuation Pause)
[2025-12-25T04:01:40.565+0000][gc,task     ] GC(484) Using 8 workers of 8 for evacuation
[2025-12-25T04:01:40.580+0000][gc,phases   ] GC(484)   Pre Evacuate Collection Set: 3.4ms
[2025-12-25T04:01:40.580+0000][gc,phases   ] GC(484)   Merge Heap Roots: 0.6ms
[2025-12-25T04:01:40.580+0000][gc,phases   ] GC(484)   Evacuate Collection Set: 7.9ms
[2025-12-25T04:01:40.580+0000][gc,phases   ] GC(484)   Post Evacuate Collection Set: 1.5ms
[2025-12-25T04:01:40.580+0000][gc,phases   ] GC(484)   Other: 1.0ms
[2025-12-25T04:01:40.580+0000][gc,heap     ] GC(484) Eden regions: 610->0(611)
[2025-12-25T04:01:40.580+0000][gc,heap     ] GC(484) Survivor regions: 4->3(77)
[2025-12-25T04:01:40.580+0000][gc,heap     ] GC(484) Old regions: 83->83
[2025-12-25T04:01:40.580+0000][gc,heap     ] GC(484) Humongous regions: 40->40
[2025-12-25T04:01:40.580+0000][gc,metaspace] GC(484) Metaspace: 12707K(13120K)->12707K(13120K) NonClass: 11607K(11776K)->11607K(11776K) Class: 1099K(1344K)->1099K(1344K)
[2025-12-25T04:01:40.580+0000][gc          ] GC(484) Pause Young (Normal) (G1 Evacuation Pause) 735M->124M(1024M) 15.433ms
[2025-12-25T04:01:40.580+0000][gc,cpu      ] GC(484) User=0.06s Sys=0.00s Real=0.01s
[2025-12-25T04:02:30.680+0000][gc,start    ] GC(485) Pause Young (Normal) (G1 Evacuation Pause)
[2025-12-25T04:02:30.681+0000][gc,task     ] GC(485) Using 8 workers of 8 for evacuation
[2025-12-25T04:02:30.696+0000][gc,phases   ] GC(485)   Pre Evacuate Collection Set: 1.1ms
[2025-12-25T04:02:30.696+0000][gc,phases   ] GC(485)   Merge Heap Roots: 0.3ms
[2025-12-25T04:02:30.696+0000][gc,phases   ] GC(485)   Evacuate Collection Set: 8.8ms
[2025-12-25T04:02:30.696+0000][gc,phases   ] GC(485)   Post Evacuate Collection Set: 4.5ms
[2025-12-25T04:02:30.696+0000][gc,phases   ] GC(485)   Other: 0.4ms
[2025-12-25T04:02:30.696+0000][gc,heap     ] GC(485) Eden regions: 611->0(611)
[2025-12-25T04:02:30.696+0000][gc,heap     ] GC(485) Survivor regions: 3->3(77)
[2025-12-25T04:02:30.696+0000][gc,heap     ] GC(485) Old regions: 83->83
[2025-12-25T04:02:30.696+0000][gc,heap     ] GC(485) Humongous regions: 40->40
[2025-12-25T04:02:30.696+0000][gc,metaspace] GC(485) Metaspace: 12707K(13120K)->12707K(13120K) NonClass: 11607K(11776K)->11607K(11776K) Class: 1099K(1344K)->1099K(1344K)
[2025-12-25T04:02:30.696+0000][gc          ] GC(485) Pause Young (Normal) (G1 Evacuation Pause) 735M->125M(1024M) 16.247ms
[2025-12-25T04:02:30.697+0000][gc,cpu      ] GC(485) User=0.08s Sys=0.01s Real=0.02s
[2025-12-25T04:03:20.803+0000][gc,start    ] GC(486) Pause Young (Normal) (G1 Evacuation Pause)
[2025-12-25T04:03:20.804+0000][gc,task     ] GC(486) Using 8 workers of 8 for evacuation
[2025-12-25T04:03:20.817+0000][gc,phases   ] GC(486)   Pre Evacuate Collection Set: 2.9ms
[2025-12-25T04:03:20.817+0000][gc,phases   ] GC(486)   Merge Heap Roots: 0.7ms
[2025-12-25T04:03:20.817+0000][gc,phases   ] GC(486)   Evacuate Collection Set: 7.5ms
[2025-12-25T04:03:20.817+0000][gc,phases   ] GC(486)   Post Evacuate Collection Set: 1.1ms
[2025-12-25T04:03:20.817+0000][gc,phases   ] GC(486)   Other: 0.4ms
[2025-12-25T04:03:20.817+0000][gc,heap     ] GC(486) Eden regions: 611->0(610)
[2025-12-25T04:03:20.817+0000][gc,heap     ] GC(486) Survivor regions: 3->4(77)
[2025-12-25T04:03:20.817+0000][gc,heap     ] GC(486) Old regions: 83->83
[2025-12-25T04:03:20.817+0000][gc,heap     ] GC(486) Humongous regions: 40->40
[2025-12-25T04:03:20.817+0000][gc,metaspace] GC(486) Metaspace: 12707K(13120K)->12707K(13120K) NonClass: 11607K(11776K)->11607K(11776K) Class: 1099K(1344K)->1099K(1344K)
[2025-12-25T04:03:20.817+0000][gc          ] GC(486) Pause Young (Normal) (G1 Evacuation Pause) 736M->126M(1024M) 14.225ms
[2025-12-25T04:03:20.817+0000][gc,cpu      ] GC(486) User=0.06s Sys=0.00s Real=0.02s
[2025-12-25T04:04:20.524+0000][gc,start    ] GC(487) Pause Young (Normal) (G1 Evacuation Pause)
[2025-12-25T04:04:20.525+0000][gc,task     ] GC(487) Using 8 workers of 8 for evacuation
[2025-12-25T04:04:20.540+0000][gc,phases   ] GC(487)   Pre Evacuate Collection Set: 1.6ms
[2025-12-25T04:04:20.540+0000][gc,phases   ] GC(487)   Merge Heap Roots: 0.5ms
[2025-12-25T04:04:20.540+0000][gc,phases   ] GC(487)   Evacuate Collection Set: 9.7ms
[2025-12-25T04:04:20.540+0000][gc,phases   ] GC(487)   Post Evacuate Collection Set: 2.6ms
[2025-12-25T04:04:20.540+0000][gc,phases   ] GC(487)   Other: 0.6ms
[2025-12-25T04:04:20.540+0000][gc,heap     ] GC(487) Eden regions: 610->0(611)
[2025-12-25T04:04:20.540+0000][gc,heap     ] GC(487) Survivor regions: 4->3(77)
[2025-12-25T04:04:20.540+0000][gc,heap     ] GC(487) Old regions: 83->83
[2025-12-25T04:04:20.540+0000][gc,heap     ] GC(487) Humongous regions: 40->40
[2025-12-25T04:04:20.540+0000][gc,metaspace] GC(487) Metaspace: 12707K(13120K)->12707K(13120K) NonClass: 11607K(11776K)->11607K(11776K) Class: 1099K(1344K)->1099K(1344K)
[2025-12-25T04:04:20.541+0000][gc          ] GC(487) Pause Young (Normal) (G1 Evacuation Pause) 736M->124M(1024M) 16.655ms
[2025-12-25T04:04:20.541+0000][gc,cpu      ] GC(487) User=0.09s Sys=0.00s Real=0.02s
[2025-12-25T04:05:10.751+0000][gc,start    ] GC(488) Pause Young (Normal) (G1 Evacuation Pause)
[2025-12-25T04:05:10.751+0000][gc,task     ] GC(488) Using 8 workers of 8 for evacuation
[2025-12-25T04:05:10.777+0000][gc,phases   ] GC(488)   Pre Evacuate Collection Set: 1.4ms
[2025-12-25T04:05:10.777+0000][gc,phases   ] GC(488)   Merge Heap Roots: 0.2ms
[2025-12-25T04:05:10.777+0000][gc,phases   ] GC(488)   Evacuate Collection Set: 12.5ms
[2025-12-25T04:05:10.777+0000][gc,phases   ] GC(488)   Post Evacuate Collection Set: 10.5ms
[2025-12-25T04:05:10.778+0000][gc,phases   ] GC(488)   Other: 0.5ms
[2025-12-25T04:05:10.778+0000][gc,heap     ] GC(488) Eden regions: 611->0(611)
[2025-12-25T04:05:10.779+0000][gc,heap     ] GC(488) Survivor regions: 3->3(77)
[2025-12-25T04:05:10.779+0000][gc,heap     ] GC(488) Old regions: 83->83
[2025-12-25T04:05:10.779+0000][gc,heap     ] GC(488) Humongous regions: 40->40
[2025-12-25T04:05:10.779+0000][gc,metaspace] GC(488) Metaspace: 12714K(13120K)->12714K(13120K) NonClass: 11615K(11776K)->11615K(11776K) Class: 1099K(1344K)->1099K(1344K)
[2025-12-25T04:05:10.780+0000][gc          ] GC(488) Pause Young (Normal) (G1 Evacuation Pause) 735M->125M(1024M) 29.116ms
[2025-12-25T04:05:10.781+0000][gc,cpu      ] GC(488) User=0.10s Sys=0.00s Real=0.03s
[2025-12-25T04:06:00.776+0000][gc,start    ] GC(489) Pause Young (Normal) (G1 Evacuation Pause)
[2025-12-25T04:06:00.777+0000][gc,task     ] GC(489) Using 8 workers of 8 for evacuation
[2025-12-25T04:06:00.798+0000][gc,phases   ] GC(489)   Pre Evacuate Collection Set: 1.9ms
[2025-12-25T04:06:00.798+0000][gc,phases   ] GC(489)   Merge Heap Roots: 0.9ms
[2025-12-25T04:06:00.798+0000][gc,phases   ] GC(489)   Evacuate Collection Set: 13.2ms
[2025-12-25T04:06:00.798+0000][gc,phases   ] GC(489)   Post Evacuate Collection Set: 4.0ms
[2025-12-25T04:06:00.798+0000][gc,phases   ] GC(489)   Other: 1.1ms
[2025-12-25T04:06:00.798+0000][gc,heap     ] GC(489) Eden regions: 611->0(610)
[2025-12-25T04:06:00.798+0000][gc,heap     ] GC(489) Survivor regions: 3->4(77)
[2025-12-25T04:06:00.798+0000][gc,heap     ] GC(489) Old regions: 83->83
[2025-12-25T04:06:00.798+0000][gc,heap     ] GC(489) Humongous regions: 40->40
[2025-12-25T04:06:00.798+0000][gc,metaspace] GC(489) Metaspace: 12714K(13120K)->12714K(13120K) NonClass: 11615K(11776K)->11615K(11776K) Class: 1099K(1344K)->1099K(1344K)
[2025-12-25T04:06:00.798+0000][gc          ] GC(489) Pause Young (Normal) (G1 Evacuation Pause) 736M->126M(1024M) 22.346ms
[2025-12-25T04:06:00.799+0000][gc,cpu      ] GC(489) User=0.10s Sys=0.01s Real=0.02s
[2025-12-25T04:06:50.975+0000][gc,start    ] GC(490) Pause Young (Normal) (G1 Evacuation Pause)
[2025-12-25T04:06:50.976+0000][gc,task     ] GC(490) Using 8 workers of 8 for evacuation
[2025-12-25T04:06:51.000+0000][gc,phases   ] GC(490)   Pre Evacuate Collection Set: 2.4ms
[2025-12-25T04:06:51.001+0000][gc,phases   ] GC(490)   Merge Heap Roots: 2.2ms
[2025-12-25T04:06:51.001+0000][gc,phases   ] GC(490)   Evacuate Collection Set: 12.3ms
[2025-12-25T04:06:51.001+0000][gc,phases   ] GC(490)   Post Evacuate Collection Set: 5.3ms
[2025-12-25T04:06:51.002+0000][gc,phases   ] GC(490)   Other: 2.2ms
[2025-12-25T04:06:51.002+0000][gc,heap     ] GC(490) Eden regions: 610->0(610)
[2025-12-25T04:06:51.002+0000][gc,heap     ] GC(490) Survivor regions: 4->4(77)
[2025-12-25T04:06:51.002+0000][gc,heap     ] GC(490) Old regions: 83->83
[2025-12-25T04:06:51.002+0000][gc,heap     ] GC(490) Humongous regions: 40->40
[2025-12-25T04:06:51.003+0000][gc,metaspace] GC(490) Metaspace: 12714K(13120K)->12714K(13120K) NonClass: 11615K(11776K)->11615K(11776K) Class: 1099K(1344K)->1099K(1344K)
[2025-12-25T04:06:51.003+0000][gc          ] GC(490) Pause Young (Normal) (G1 Evacuation Pause) 736M->126M(1024M) 27.274ms
[2025-12-25T04:06:51.003+0000][gc,cpu      ] GC(490) User=0.10s Sys=0.01s Real=0.03s
[2025-12-25T04:07:50.632+0000][gc,start    ] GC(491) Pause Young (Normal) (G1 Evacuation Pause)
[2025-12-25T04:07:50.633+0000][gc,task     ] GC(491) Using 8 workers of 8 for evacuation
[2025-12-25T04:07:50.644+0000][gc,phases   ] GC(491)   Pre Evacuate Collection Set: 3.5ms
[2025-12-25T04:07:50.644+0000][gc,phases   ] GC(491)   Merge Heap Roots: 0.4ms
[2025-12-25T04:07:50.644+0000][gc,phases   ] GC(491)   Evacuate Collection Set: 4.8ms
[2025-12-25T04:07:50.644+0000][gc,phases   ] GC(491)   Post Evacuate Collection Set: 1.6ms
[2025-12-25T04:07:50.644+0000][gc,phases   ] GC(491)   Other: 0.9ms
[2025-12-25T04:07:50.644+0000][gc,heap     ] GC(491) Eden regions: 610->0(611)
[2025-12-25T04:07:50.644+0000][gc,heap     ] GC(491) Survivor regions: 4->3(77)
[2025-12-25T04:07:50.645+0000][gc,heap     ] GC(491) Old regions: 83->83
[2025-12-25T04:07:50.645+0000][gc,heap     ] GC(491) Humongous regions: 40->40
[2025-12-25T04:07:50.645+0000][gc,metaspace] GC(491) Metaspace: 12714K(13120K)->12714K(13120K) NonClass: 11615K(11776K)->11615K(11776K) Class: 1099K(1344K)->1099K(1344K)
[2025-12-25T04:07:50.645+0000][gc          ] GC(491) Pause Young (Normal) (G1 Evacuation Pause) 736M->125M(1024M) 13.277ms
[2025-12-25T04:07:50.645+0000][gc,cpu      ] GC(491) User=0.05s Sys=0.00s Real=0.02s
[2025-12-25T04:08:40.813+0000][gc,start    ] GC(492) Pause Young (Normal) (G1 Evacuation Pause)
[2025-12-25T04:08:40.814+0000][gc,task     ] GC(492) Using 8 workers of 8 for evacuation
[2025-12-25T04:08:40.824+0000][gc,phases   ] GC(492)   Pre Evacuate Collection Set: 2.7ms
[2025-12-25T04:08:40.824+0000][gc,phases   ] GC(492)   Merge Heap Roots: 0.3ms
[2025-12-25T04:08:40.825+0000][gc,phases   ] GC(492)   Evacuate Collection Set: 5.1ms
[2025-12-25T04:08:40.825+0000][gc,phases   ] GC(492)   Post Evacuate Collection Set: 1.2ms
[2025-12-25T04:08:40.825+0000][gc,phases   ] GC(492)   Other: 1.2ms
[2025-12-25T04:08:40.825+0000][gc,heap     ] GC(492) Eden regions: 611->0(610)
[2025-12-25T04:08:40.825+0000][gc,heap     ] GC(492) Survivor regions: 3->4(77)
[2025-12-25T04:08:40.825+0000][gc,heap     ] GC(492) Old regions: 83->83
[2025-12-25T04:08:40.825+0000][gc,heap     ] GC(492) Humongous regions: 40->40
[2025-12-25T04:08:40.825+0000][gc,metaspace] GC(492) Metaspace: 12716K(13120K)->12716K(13120K) NonClass: 11616K(11776K)->11616K(11776K) Class: 1099K(1344K)->1099K(1344K)
[2025-12-25T04:08:40.825+0000][gc          ] GC(492) Pause Young (Normal) (G1 Evacuation Pause) 736M->126M(1024M) 12.056ms
[2025-12-25T04:08:40.825+0000][gc,cpu      ] GC(492) User=0.05s Sys=0.00s Real=0.01s
[2025-12-25T04:09:30.884+0000][gc,start    ] GC(493) Pause Young (Normal) (G1 Evacuation Pause)
[2025-12-25T04:09:30.885+0000][gc,task     ] GC(493) Using 8 workers of 8 for evacuation
[2025-12-25T04:09:30.894+0000][gc,phases   ] GC(493)   Pre Evacuate Collection Set: 1.0ms
[2025-12-25T04:09:30.894+0000][gc,phases   ] GC(493)   Merge Heap Roots: 0.2ms
[2025-12-25T04:09:30.894+0000][gc,phases   ] GC(493)   Evacuate Collection Set: 5.1ms
[2025-12-25T04:09:30.894+0000][gc,phases   ] GC(493)   Post Evacuate Collection Set: 1.9ms
[2025-12-25T04:09:30.894+0000][gc,phases   ] GC(493)   Other: 0.7ms
[2025-12-25T04:09:30.895+0000][gc,heap     ] GC(493) Eden regions: 610->0(610)
[2025-12-25T04:09:30.895+0000][gc,heap     ] GC(493) Survivor regions: 4->4(77)
[2025-12-25T04:09:30.895+0000][gc,heap     ] GC(493) Old regions: 83->83
[2025-12-25T04:09:30.895+0000][gc,heap     ] GC(493) Humongous regions: 40->40
[2025-12-25T04:09:30.895+0000][gc,metaspace] GC(493) Metaspace: 12717K(13120K)->12717K(13120K) NonClass: 11617K(11776K)->11617K(11776K) Class: 1099K(1344K)->1099K(1344K)
[2025-12-25T04:09:30.895+0000][gc          ] GC(493) Pause Young (Normal) (G1 Evacuation Pause) 736M->126M(1024M) 11.056ms
[2025-12-25T04:09:30.896+0000][gc,cpu      ] GC(493) User=0.04s Sys=0.00s Real=0.01s
[2025-12-25T04:10:30.577+0000][gc,start    ] GC(494) Pause Young (Normal) (G1 Evacuation Pause)
[2025-12-25T04:10:30.577+0000][gc,task     ] GC(494) Using 8 workers of 8 for evacuation
[2025-12-25T04:10:30.588+0000][gc,phases   ] GC(494)   Pre Evacuate Collection Set: 1.3ms
[2025-12-25T04:10:30.588+0000][gc,phases   ] GC(494)   Merge Heap Roots: 0.2ms
[2025-12-25T04:10:30.588+0000][gc,phases   ] GC(494)   Evacuate Collection Set: 7.5ms
[2025-12-25T04:10:30.588+0000][gc,phases   ] GC(494)   Post Evacuate Collection Set: 1.1ms
[2025-12-25T04:10:30.588+0000][gc,phases   ] GC(494)   Other: 0.3ms
[2025-12-25T04:10:30.588+0000][gc,heap     ] GC(494) Eden regions: 610->0(611)
[2025-12-25T04:10:30.588+0000][gc,heap     ] GC(494) Survivor regions: 4->3(77)
[2025-12-25T04:10:30.588+0000][gc,heap     ] GC(494) Old regions: 83->83
[2025-12-25T04:10:30.588+0000][gc,heap     ] GC(494) Humongous regions: 40->40
[2025-12-25T04:10:30.588+0000][gc,metaspace] GC(494) Metaspace: 12717K(13120K)->12717K(13120K) NonClass: 11617K(11776K)->11617K(11776K) Class: 1099K(1344K)->1099K(1344K)
[2025-12-25T04:10:30.588+0000][gc          ] GC(494) Pause Young (Normal) (G1 Evacuation Pause) 736M->125M(1024M) 11.543ms
[2025-12-25T04:10:30.588+0000][gc,cpu      ] GC(494) User=0.06s Sys=0.00s Real=0.01s
[2025-12-25T04:11:20.782+0000][gc,start    ] GC(495) Pause Young (Normal) (G1 Evacuation Pause)
[2025-12-25T04:11:20.783+0000][gc,task     ] GC(495) Using 8 workers of 8 for evacuation
[2025-12-25T04:11:20.798+0000][gc,phases   ] GC(495)   Pre Evacuate Collection Set: 2.9ms
[2025-12-25T04:11:20.798+0000][gc,phases   ] GC(495)   Merge Heap Roots: 0.9ms
[2025-12-25T04:11:20.798+0000][gc,phases   ] GC(495)   Evacuate Collection Set: 9.6ms
[2025-12-25T04:11:20.798+0000][gc,phases   ] GC(495)   Post Evacuate Collection Set: 1.2ms
[2025-12-25T04:11:20.798+0000][gc,phases   ] GC(495)   Other: 0.6ms
[2025-12-25T04:11:20.799+0000][gc,heap     ] GC(495) Eden regions: 611->0(610)
[2025-12-25T04:11:20.799+0000][gc,heap     ] GC(495) Survivor regions: 3->4(77)
[2025-12-25T04:11:20.799+0000][gc,heap     ] GC(495) Old regions: 83->83
[2025-12-25T04:11:20.799+0000][gc,heap     ] GC(495) Humongous regions: 40->40
[2025-12-25T04:11:20.799+0000][gc,metaspace] GC(495) Metaspace: 12717K(13120K)->12717K(13120K) NonClass: 11617K(11776K)->11617K(11776K) Class: 1099K(1344K)->1099K(1344K)
[2025-12-25T04:11:20.799+0000][gc          ] GC(495) Pause Young (Normal) (G1 Evacuation Pause) 736M->126M(1024M) 16.531ms
[2025-12-25T04:11:20.799+0000][gc,cpu      ] GC(495) User=0.09s Sys=0.00s Real=0.02s
[2025-12-25T04:12:10.986+0000][gc,start    ] GC(496) Pause Young (Normal) (G1 Evacuation Pause)
[2025-12-25T04:12:10.994+0000][gc,task     ] GC(496) Using 8 workers of 8 for evacuation
[2025-12-25T04:12:11.029+0000][gc,phases   ] GC(496)   Pre Evacuate Collection Set: 6.8ms
[2025-12-25T04:12:11.029+0000][gc,phases   ] GC(496)   Merge Heap Roots: 0.4ms
[2025-12-25T04:12:11.029+0000][gc,phases   ] GC(496)   Evacuate Collection Set: 20.7ms
[2025-12-25T04:12:11.030+0000][gc,phases   ] GC(496)   Post Evacuate Collection Set: 4.1ms
[2025-12-25T04:12:11.030+0000][gc,phases   ] GC(496)   Other: 4.0ms
[2025-12-25T04:12:11.030+0000][gc,heap     ] GC(496) Eden regions: 610->0(610)
[2025-12-25T04:12:11.030+0000][gc,heap     ] GC(496) Survivor regions: 4->4(77)
[2025-12-25T04:12:11.030+0000][gc,heap     ] GC(496) Old regions: 83->83
[2025-12-25T04:12:11.031+0000][gc,heap     ] GC(496) Humongous regions: 40->40
[2025-12-25T04:12:11.031+0000][gc,metaspace] GC(496) Metaspace: 12717K(13120K)->12717K(13120K) NonClass: 11617K(11776K)->11617K(11776K) Class: 1099K(1344K)->1099K(1344K)
[2025-12-25T04:12:11.031+0000][gc          ] GC(496) Pause Young (Normal) (G1 Evacuation Pause) 736M->126M(1024M) 45.442ms
[2025-12-25T04:12:11.031+0000][gc,cpu      ] GC(496) User=0.07s Sys=0.01s Real=0.05s
[2025-12-25T04:13:10.664+0000][gc,start    ] GC(497) Pause Young (Normal) (G1 Evacuation Pause)
[2025-12-25T04:13:10.664+0000][gc,task     ] GC(497) Using 8 workers of 8 for evacuation
[2025-12-25T04:13:10.679+0000][gc,phases   ] GC(497)   Pre Evacuate Collection Set: 1.4ms
[2025-12-25T04:13:10.679+0000][gc,phases   ] GC(497)   Merge Heap Roots: 0.2ms
[2025-12-25T04:13:10.680+0000][gc,phases   ] GC(497)   Evacuate Collection Set: 11.0ms
[2025-12-25T04:13:10.680+0000][gc,phases   ] GC(497)   Post Evacuate Collection Set: 1.9ms
[2025-12-25T04:13:10.680+0000][gc,phases   ] GC(497)   Other: 0.5ms
[2025-12-25T04:13:10.680+0000][gc,heap     ] GC(497) Eden regions: 610->0(611)
[2025-12-25T04:13:10.680+0000][gc,heap     ] GC(497) Survivor regions: 4->3(77)
[2025-12-25T04:13:10.680+0000][gc,heap     ] GC(497) Old regions: 83->84
[2025-12-25T04:13:10.680+0000][gc,heap     ] GC(497) Humongous regions: 40->40
[2025-12-25T04:13:10.680+0000][gc,metaspace] GC(497) Metaspace: 12717K(13120K)->12717K(13120K) NonClass: 11617K(11776K)->11617K(11776K) Class: 1099K(1344K)->1099K(1344K)
[2025-12-25T04:13:10.680+0000][gc          ] GC(497) Pause Young (Normal) (G1 Evacuation Pause) 736M->125M(1024M) 16.364ms
[2025-12-25T04:13:10.680+0000][gc,cpu      ] GC(497) User=0.07s Sys=0.01s Real=0.02s
[2025-12-25T04:14:00.767+0000][gc,start    ] GC(498) Pause Young (Normal) (G1 Evacuation Pause)
[2025-12-25T04:14:00.768+0000][gc,task     ] GC(498) Using 8 workers of 8 for evacuation
[2025-12-25T04:14:00.778+0000][gc,phases   ] GC(498)   Pre Evacuate Collection Set: 1.4ms
[2025-12-25T04:14:00.779+0000][gc,phases   ] GC(498)   Merge Heap Roots: 0.2ms
[2025-12-25T04:14:00.779+0000][gc,phases   ] GC(498)   Evacuate Collection Set: 5.3ms
[2025-12-25T04:14:00.779+0000][gc,phases   ] GC(498)   Post Evacuate Collection Set: 3.7ms
[2025-12-25T04:14:00.779+0000][gc,phases   ] GC(498)   Other: 0.2ms
[2025-12-25T04:14:00.779+0000][gc,heap     ] GC(498) Eden regions: 611->0(610)
[2025-12-25T04:14:00.779+0000][gc,heap     ] GC(498) Survivor regions: 3->4(77)
[2025-12-25T04:14:00.779+0000][gc,heap     ] GC(498) Old regions: 84->84
[2025-12-25T04:14:00.779+0000][gc,heap     ] GC(498) Humongous regions: 40->40
[2025-12-25T04:14:00.779+0000][gc,metaspace] GC(498) Metaspace: 12717K(13120K)->12717K(13120K) NonClass: 11617K(11776K)->11617K(11776K) Class: 1099K(1344K)->1099K(1344K)
[2025-12-25T04:14:00.779+0000][gc          ] GC(498) Pause Young (Normal) (G1 Evacuation Pause) 736M->126M(1024M) 11.698ms
[2025-12-25T04:14:00.779+0000][gc,cpu      ] GC(498) User=0.06s Sys=0.00s Real=0.01s
[2025-12-25T04:14:50.889+0000][gc,start    ] GC(499) Pause Young (Normal) (G1 Evacuation Pause)
[2025-12-25T04:14:50.889+0000][gc,task     ] GC(499) Using 8 workers of 8 for evacuation
[2025-12-25T04:14:50.906+0000][gc,phases   ] GC(499)   Pre Evacuate Collection Set: 2.4ms
[2025-12-25T04:14:50.907+0000][gc,phases   ] GC(499)   Merge Heap Roots: 0.3ms
[2025-12-25T04:14:50.907+0000][gc,phases   ] GC(499)   Evacuate Collection Set: 12.6ms
[2025-12-25T04:14:50.907+0000][gc,phases   ] GC(499)   Post Evacuate Collection Set: 1.6ms
[2025-12-25T04:14:50.907+0000][gc,phases   ] GC(499)   Other: 0.3ms
[2025-12-25T04:14:50.907+0000][gc,heap     ] GC(499) Eden regions: 610->0(610)
[2025-12-25T04:14:50.907+0000][gc,heap     ] GC(499) Survivor regions: 4->4(77)
[2025-12-25T04:14:50.907+0000][gc,heap     ] GC(499) Old regions: 84->84
[2025-12-25T04:14:50.907+0000][gc,heap     ] GC(499) Humongous regions: 40->40
[2025-12-25T04:14:50.907+0000][gc,metaspace] GC(499) Metaspace: 12717K(13120K)->12717K(13120K) NonClass: 11617K(11776K)->11617K(11776K) Class: 1099K(1344K)->1099K(1344K)
[2025-12-25T04:14:50.907+0000][gc          ] GC(499) Pause Young (Normal) (G1 Evacuation Pause) 736M->126M(1024M) 18.324ms
[2025-12-25T04:14:50.907+0000][gc,cpu      ] GC(499) User=0.11s Sys=0.01s Real=0.02s
[2025-12-25T04:15:50.353+0000][gc,start    ] GC(500) Pause Young (Normal) (G1 Evacuation Pause)
[2025-12-25T04:15:50.356+0000][gc,task     ] GC(500) Using 8 workers of 8 for evacuation
[2025-12-25T04:15:50.377+0000][gc,phases   ] GC(500)   Pre Evacuate Collection Set: 3.2ms
[2025-12-25T04:15:50.378+0000][gc,phases   ] GC(500)   Merge Heap Roots: 0.4ms
[2025-12-25T04:15:50.378+0000][gc,phases   ] GC(500)   Evacuate Collection Set: 14.2ms
[2025-12-25T04:15:50.378+0000][gc,phases   ] GC(500)   Post Evacuate Collection Set: 2.3ms
[2025-12-25T04:15:50.378+0000][gc,phases   ] GC(500)   Other: 1.3ms
[2025-12-25T04:15:50.378+0000][gc,heap     ] GC(500) Eden regions: 610->0(611)
[2025-12-25T04:15:50.378+0000][gc,heap     ] GC(500) Survivor regions: 4->3(77)
[2025-12-25T04:15:50.379+0000][gc,heap     ] GC(500) Old regions: 84->84
[2025-12-25T04:15:50.379+0000][gc,heap     ] GC(500) Humongous regions: 40->40
[2025-12-25T04:15:50.379+0000][gc,metaspace] GC(500) Metaspace: 12717K(13120K)->12717K(13120K) NonClass: 11617K(11776K)->11617K(11776K) Class: 1099K(1344K)->1099K(1344K)
[2025-12-25T04:15:50.379+0000][gc          ] GC(500) Pause Young (Normal) (G1 Evacuation Pause) 736M->125M(1024M) 26.057ms
[2025-12-25T04:15:50.379+0000][gc,cpu      ] GC(500) User=0.13s Sys=0.01s Real=0.03s
[2025-12-25T04:16:40.779+0000][gc,start    ] GC(501) Pause Young (Normal) (G1 Evacuation Pause)
[2025-12-25T04:16:40.779+0000][gc,task     ] GC(501) Using 8 workers of 8 for evacuation
[2025-12-25T04:16:40.799+0000][gc,phases   ] GC(501)   Pre Evacuate Collection Set: 1.1ms
[2025-12-25T04:16:40.799+0000][gc,phases   ] GC(501)   Merge Heap Roots: 0.3ms
[2025-12-25T04:16:40.799+0000][gc,phases   ] GC(501)   Evacuate Collection Set: 6.6ms
[2025-12-25T04:16:40.799+0000][gc,phases   ] GC(501)   Post Evacuate Collection Set: 11.3ms
[2025-12-25T04:16:40.801+0000][gc,phases   ] GC(501)   Other: 0.4ms
[2025-12-25T04:16:40.801+0000][gc,heap     ] GC(501) Eden regions: 611->0(610)
[2025-12-25T04:16:40.801+0000][gc,heap     ] GC(501) Survivor regions: 3->4(77)
[2025-12-25T04:16:40.801+0000][gc,heap     ] GC(501) Old regions: 84->84
[2025-12-25T04:16:40.801+0000][gc,heap     ] GC(501) Humongous regions: 40->40
[2025-12-25T04:16:40.803+0000][gc,metaspace] GC(501) Metaspace: 12717K(13120K)->12717K(13120K) NonClass: 11617K(11776K)->11617K(11776K) Class: 1099K(1344K)->1099K(1344K)
[2025-12-25T04:16:40.804+0000][gc          ] GC(501) Pause Young (Normal) (G1 Evacuation Pause) 736M->126M(1024M) 25.102ms
[2025-12-25T04:16:40.804+0000][gc,cpu      ] GC(501) User=0.11s Sys=0.01s Real=0.02s
[2025-12-25T04:17:30.810+0000][gc,start    ] GC(502) Pause Young (Normal) (G1 Evacuation Pause)
[2025-12-25T04:17:30.811+0000][gc,task     ] GC(502) Using 8 workers of 8 for evacuation
[2025-12-25T04:17:30.825+0000][gc,phases   ] GC(502)   Pre Evacuate Collection Set: 1.0ms
[2025-12-25T04:17:30.825+0000][gc,phases   ] GC(502)   Merge Heap Roots: 0.3ms
[2025-12-25T04:17:30.825+0000][gc,phases   ] GC(502)   Evacuate Collection Set: 8.5ms
[2025-12-25T04:17:30.825+0000][gc,phases   ] GC(502)   Post Evacuate Collection Set: 3.9ms
[2025-12-25T04:17:30.825+0000][gc,phases   ] GC(502)   Other: 0.4ms
[2025-12-25T04:17:30.825+0000][gc,heap     ] GC(502) Eden regions: 610->0(610)
[2025-12-25T04:17:30.825+0000][gc,heap     ] GC(502) Survivor regions: 4->4(77)
[2025-12-25T04:17:30.825+0000][gc,heap     ] GC(502) Old regions: 84->84
[2025-12-25T04:17:30.825+0000][gc,heap     ] GC(502) Humongous regions: 40->40
[2025-12-25T04:17:30.826+0000][gc,metaspace] GC(502) Metaspace: 12717K(13120K)->12717K(13120K) NonClass: 11617K(11776K)->11617K(11776K) Class: 1099K(1344K)->1099K(1344K)
[2025-12-25T04:17:30.826+0000][gc          ] GC(502) Pause Young (Normal) (G1 Evacuation Pause) 736M->127M(1024M) 15.447ms
[2025-12-25T04:17:30.826+0000][gc,cpu      ] GC(502) User=0.08s Sys=0.00s Real=0.01s
[2025-12-25T04:18:21.026+0000][gc,start    ] GC(503) Pause Young (Normal) (G1 Evacuation Pause)
[2025-12-25T04:18:21.027+0000][gc,task     ] GC(503) Using 8 workers of 8 for evacuation
[2025-12-25T04:18:21.054+0000][gc,phases   ] GC(503)   Pre Evacuate Collection Set: 2.7ms
[2025-12-25T04:18:21.056+0000][gc,phases   ] GC(503)   Merge Heap Roots: 0.3ms
[2025-12-25T04:18:21.056+0000][gc,phases   ] GC(503)   Evacuate Collection Set: 17.6ms
[2025-12-25T04:18:21.058+0000][gc,phases   ] GC(503)   Post Evacuate Collection Set: 6.4ms
[2025-12-25T04:18:21.058+0000][gc,phases   ] GC(503)   Other: 0.5ms
[2025-12-25T04:18:21.058+0000][gc,heap     ] GC(503) Eden regions: 610->0(609)
[2025-12-25T04:18:21.059+0000][gc,heap     ] GC(503) Survivor regions: 4->5(77)
[2025-12-25T04:18:21.059+0000][gc,heap     ] GC(503) Old regions: 84->84
[2025-12-25T04:18:21.059+0000][gc,heap     ] GC(503) Humongous regions: 40->40
[2025-12-25T04:18:21.059+0000][gc,metaspace] GC(503) Metaspace: 12717K(13120K)->12717K(13120K) NonClass: 11617K(11776K)->11617K(11776K) Class: 1099K(1344K)->1099K(1344K)
[2025-12-25T04:18:21.059+0000][gc          ] GC(503) Pause Young (Normal) (G1 Evacuation Pause) 737M->127M(1024M) 32.541ms
[2025-12-25T04:18:21.059+0000][gc,cpu      ] GC(503) User=0.13s Sys=0.01s Real=0.03s
[2025-12-25T04:19:20.689+0000][gc,start    ] GC(504) Pause Young (Normal) (G1 Evacuation Pause)
[2025-12-25T04:19:20.690+0000][gc,task     ] GC(504) Using 8 workers of 8 for evacuation
[2025-12-25T04:19:20.703+0000][gc,phases   ] GC(504)   Pre Evacuate Collection Set: 2.0ms
[2025-12-25T04:19:20.704+0000][gc,phases   ] GC(504)   Merge Heap Roots: 0.4ms
[2025-12-25T04:19:20.704+0000][gc,phases   ] GC(504)   Evacuate Collection Set: 8.2ms
[2025-12-25T04:19:20.704+0000][gc,phases   ] GC(504)   Post Evacuate Collection Set: 2.7ms
[2025-12-25T04:19:20.704+0000][gc,phases   ] GC(504)   Other: 0.4ms
[2025-12-25T04:19:20.704+0000][gc,heap     ] GC(504) Eden regions: 609->0(610)
[2025-12-25T04:19:20.704+0000][gc,heap     ] GC(504) Survivor regions: 5->4(77)
[2025-12-25T04:19:20.704+0000][gc,heap     ] GC(504) Old regions: 84->84
[2025-12-25T04:19:20.704+0000][gc,heap     ] GC(504) Humongous regions: 40->40
[2025-12-25T04:19:20.704+0000][gc,metaspace] GC(504) Metaspace: 12717K(13120K)->12717K(13120K) NonClass: 11617K(11776K)->11617K(11776K) Class: 1099K(1344K)->1099K(1344K)
[2025-12-25T04:19:20.704+0000][gc          ] GC(504) Pause Young (Normal) (G1 Evacuation Pause) 736M->126M(1024M) 15.458ms
[2025-12-25T04:19:20.704+0000][gc,cpu      ] GC(504) User=0.07s Sys=0.00s Real=0.02s
[2025-12-25T04:20:10.780+0000][gc,start    ] GC(505) Pause Young (Normal) (G1 Evacuation Pause)
[2025-12-25T04:20:10.780+0000][gc,task     ] GC(505) Using 8 workers of 8 for evacuation
[2025-12-25T04:20:10.797+0000][gc,phases   ] GC(505)   Pre Evacuate Collection Set: 1.1ms
[2025-12-25T04:20:10.797+0000][gc,phases   ] GC(505)   Merge Heap Roots: 0.2ms
[2025-12-25T04:20:10.797+0000][gc,phases   ] GC(505)   Evacuate Collection Set: 13.7ms
[2025-12-25T04:20:10.797+0000][gc,phases   ] GC(505)   Post Evacuate Collection Set: 1.4ms
[2025-12-25T04:20:10.797+0000][gc,phases   ] GC(505)   Other: 0.3ms
[2025-12-25T04:20:10.797+0000][gc,heap     ] GC(505) Eden regions: 610->0(610)
[2025-12-25T04:20:10.797+0000][gc,heap     ] GC(505) Survivor regions: 4->4(77)
[2025-12-25T04:20:10.797+0000][gc,heap     ] GC(505) Old regions: 84->84
[2025-12-25T04:20:10.797+0000][gc,heap     ] GC(505) Humongous regions: 40->40
[2025-12-25T04:20:10.797+0000][gc,metaspace] GC(505) Metaspace: 12717K(13120K)->12717K(13120K) NonClass: 11617K(11776K)->11617K(11776K) Class: 1099K(1344K)->1099K(1344K)
[2025-12-25T04:20:10.797+0000][gc          ] GC(505) Pause Young (Normal) (G1 Evacuation Pause) 736M->127M(1024M) 17.775ms
[2025-12-25T04:20:10.797+0000][gc,cpu      ] GC(505) User=0.11s Sys=0.00s Real=0.02s
[2025-12-25T04:21:00.930+0000][gc,start    ] GC(506) Pause Young (Normal) (G1 Evacuation Pause)
[2025-12-25T04:21:00.931+0000][gc,task     ] GC(506) Using 8 workers of 8 for evacuation
[2025-12-25T04:21:00.945+0000][gc,phases   ] GC(506)   Pre Evacuate Collection Set: 2.7ms
[2025-12-25T04:21:00.945+0000][gc,phases   ] GC(506)   Merge Heap Roots: 0.3ms
[2025-12-25T04:21:00.945+0000][gc,phases   ] GC(506)   Evacuate Collection Set: 8.3ms
[2025-12-25T04:21:00.946+0000][gc,phases   ] GC(506)   Post Evacuate Collection Set: 2.5ms
[2025-12-25T04:21:00.946+0000][gc,phases   ] GC(506)   Other: 0.4ms
[2025-12-25T04:21:00.946+0000][gc,heap     ] GC(506) Eden regions: 610->0(609)
[2025-12-25T04:21:00.946+0000][gc,heap     ] GC(506) Survivor regions: 4->5(77)
[2025-12-25T04:21:00.946+0000][gc,heap     ] GC(506) Old regions: 84->84
[2025-12-25T04:21:00.946+0000][gc,heap     ] GC(506) Humongous regions: 40->40
[2025-12-25T04:21:00.946+0000][gc,metaspace] GC(506) Metaspace: 12717K(13120K)->12717K(13120K) NonClass: 11617K(11776K)->11617K(11776K) Class: 1099K(1344K)->1099K(1344K)
[2025-12-25T04:21:00.946+0000][gc          ] GC(506) Pause Young (Normal) (G1 Evacuation Pause) 737M->127M(1024M) 15.974ms
[2025-12-25T04:21:00.946+0000][gc,cpu      ] GC(506) User=0.07s Sys=0.00s Real=0.01s
[2025-12-25T04:22:00.620+0000][gc,start    ] GC(507) Pause Young (Normal) (G1 Evacuation Pause)
[2025-12-25T04:22:00.621+0000][gc,task     ] GC(507) Using 8 workers of 8 for evacuation
[2025-12-25T04:22:00.631+0000][gc,phases   ] GC(507)   Pre Evacuate Collection Set: 2.6ms
[2025-12-25T04:22:00.631+0000][gc,phases   ] GC(507)   Merge Heap Roots: 0.4ms
[2025-12-25T04:22:00.631+0000][gc,phases   ] GC(507)   Evacuate Collection Set: 5.6ms
[2025-12-25T04:22:00.631+0000][gc,phases   ] GC(507)   Post Evacuate Collection Set: 1.4ms
[2025-12-25T04:22:00.631+0000][gc,phases   ] GC(507)   Other: 0.5ms
[2025-12-25T04:22:00.631+0000][gc,heap     ] GC(507) Eden regions: 609->0(610)
[2025-12-25T04:22:00.632+0000][gc,heap     ] GC(507) Survivor regions: 5->4(77)
[2025-12-25T04:22:00.632+0000][gc,heap     ] GC(507) Old regions: 84->84
[2025-12-25T04:22:00.632+0000][gc,heap     ] GC(507) Humongous regions: 40->40
[2025-12-25T04:22:00.632+0000][gc,metaspace] GC(507) Metaspace: 12717K(13120K)->12717K(13120K) NonClass: 11617K(11776K)->11617K(11776K) Class: 1099K(1344K)->1099K(1344K)
[2025-12-25T04:22:00.632+0000][gc          ] GC(507) Pause Young (Normal) (G1 Evacuation Pause) 736M->126M(1024M) 11.947ms
[2025-12-25T04:22:00.632+0000][gc,cpu      ] GC(507) User=0.05s Sys=0.00s Real=0.01s
[2025-12-25T04:22:50.748+0000][gc,start    ] GC(508) Pause Young (Normal) (G1 Evacuation Pause)
[2025-12-25T04:22:50.749+0000][gc,task     ] GC(508) Using 8 workers of 8 for evacuation
[2025-12-25T04:22:50.766+0000][gc,phases   ] GC(508)   Pre Evacuate Collection Set: 4.7ms
[2025-12-25T04:22:50.766+0000][gc,phases   ] GC(508)   Merge Heap Roots: 0.6ms
[2025-12-25T04:22:50.766+0000][gc,phases   ] GC(508)   Evacuate Collection Set: 9.6ms
[2025-12-25T04:22:50.766+0000][gc,phases   ] GC(508)   Post Evacuate Collection Set: 1.5ms
[2025-12-25T04:22:50.766+0000][gc,phases   ] GC(508)   Other: 0.9ms
[2025-12-25T04:22:50.766+0000][gc,heap     ] GC(508) Eden regions: 610->0(610)
[2025-12-25T04:22:50.766+0000][gc,heap     ] GC(508) Survivor regions: 4->4(77)
[2025-12-25T04:22:50.766+0000][gc,heap     ] GC(508) Old regions: 84->84
[2025-12-25T04:22:50.767+0000][gc,heap     ] GC(508) Humongous regions: 40->40
[2025-12-25T04:22:50.767+0000][gc,metaspace] GC(508) Metaspace: 12717K(13120K)->12717K(13120K) NonClass: 11617K(11776K)->11617K(11776K) Class: 1099K(1344K)->1099K(1344K)
[2025-12-25T04:22:50.767+0000][gc          ] GC(508) Pause Young (Normal) (G1 Evacuation Pause) 736M->127M(1024M) 19.073ms
[2025-12-25T04:22:50.767+0000][gc,cpu      ] GC(508) User=0.09s Sys=0.01s Real=0.02s
[2025-12-25T04:23:40.867+0000][gc,start    ] GC(509) Pause Young (Normal) (G1 Evacuation Pause)
[2025-12-25T04:23:40.868+0000][gc,task     ] GC(509) Using 8 workers of 8 for evacuation
[2025-12-25T04:23:40.886+0000][gc,phases   ] GC(509)   Pre Evacuate Collection Set: 3.7ms
[2025-12-25T04:23:40.886+0000][gc,phases   ] GC(509)   Merge Heap Roots: 1.1ms
[2025-12-25T04:23:40.886+0000][gc,phases   ] GC(509)   Evacuate Collection Set: 11.0ms
[2025-12-25T04:23:40.886+0000][gc,phases   ] GC(509)   Post Evacuate Collection Set: 1.5ms
[2025-12-25T04:23:40.886+0000][gc,phases   ] GC(509)   Other: 0.8ms
[2025-12-25T04:23:40.886+0000][gc,heap     ] GC(509) Eden regions: 610->0(609)
[2025-12-25T04:23:40.886+0000][gc,heap     ] GC(509) Survivor regions: 4->5(77)
[2025-12-25T04:23:40.886+0000][gc,heap     ] GC(509) Old regions: 84->84
[2025-12-25T04:23:40.886+0000][gc,heap     ] GC(509) Humongous regions: 40->40
[2025-12-25T04:23:40.886+0000][gc,metaspace] GC(509) Metaspace: 12717K(13120K)->12717K(13120K) NonClass: 11617K(11776K)->11617K(11776K) Class: 1099K(1344K)->1099K(1344K)
[2025-12-25T04:23:40.886+0000][gc          ] GC(509) Pause Young (Normal) (G1 Evacuation Pause) 737M->128M(1024M) 19.042ms
[2025-12-25T04:23:40.886+0000][gc,cpu      ] GC(509) User=0.11s Sys=0.00s Real=0.02s
[2025-12-25T04:24:40.580+0000][gc,start    ] GC(510) Pause Young (Normal) (G1 Evacuation Pause)
[2025-12-25T04:24:40.581+0000][gc,task     ] GC(510) Using 8 workers of 8 for evacuation
[2025-12-25T04:24:40.598+0000][gc,phases   ] GC(510)   Pre Evacuate Collection Set: 2.4ms
[2025-12-25T04:24:40.598+0000][gc,phases   ] GC(510)   Merge Heap Roots: 0.8ms
[2025-12-25T04:24:40.598+0000][gc,phases   ] GC(510)   Evacuate Collection Set: 11.2ms
[2025-12-25T04:24:40.598+0000][gc,phases   ] GC(510)   Post Evacuate Collection Set: 2.0ms
[2025-12-25T04:24:40.599+0000][gc,phases   ] GC(510)   Other: 0.9ms
[2025-12-25T04:24:40.599+0000][gc,heap     ] GC(510) Eden regions: 609->0(610)
[2025-12-25T04:24:40.599+0000][gc,heap     ] GC(510) Survivor regions: 5->4(77)
[2025-12-25T04:24:40.599+0000][gc,heap     ] GC(510) Old regions: 84->85
[2025-12-25T04:24:40.599+0000][gc,heap     ] GC(510) Humongous regions: 40->40
[2025-12-25T04:24:40.599+0000][gc,metaspace] GC(510) Metaspace: 12717K(13120K)->12717K(13120K) NonClass: 11617K(11776K)->11617K(11776K) Class: 1099K(1344K)->1099K(1344K)
[2025-12-25T04:24:40.599+0000][gc          ] GC(510) Pause Young (Normal) (G1 Evacuation Pause) 737M->127M(1024M) 19.008ms
[2025-12-25T04:24:40.599+0000][gc,cpu      ] GC(510) User=0.10s Sys=0.01s Real=0.02s
[2025-12-25T04:25:30.742+0000][gc,start    ] GC(511) Pause Young (Normal) (G1 Evacuation Pause)
[2025-12-25T04:25:30.743+0000][gc,task     ] GC(511) Using 8 workers of 8 for evacuation
[2025-12-25T04:25:30.764+0000][gc,phases   ] GC(511)   Pre Evacuate Collection Set: 5.8ms
[2025-12-25T04:25:30.764+0000][gc,phases   ] GC(511)   Merge Heap Roots: 0.3ms
[2025-12-25T04:25:30.764+0000][gc,phases   ] GC(511)   Evacuate Collection Set: 12.1ms
[2025-12-25T04:25:30.764+0000][gc,phases   ] GC(511)   Post Evacuate Collection Set: 2.1ms
[2025-12-25T04:25:30.764+0000][gc,phases   ] GC(511)   Other: 0.6ms
[2025-12-25T04:25:30.764+0000][gc,heap     ] GC(511) Eden regions: 610->0(610)
[2025-12-25T04:25:30.764+0000][gc,heap     ] GC(511) Survivor regions: 4->4(77)
[2025-12-25T04:25:30.764+0000][gc,heap     ] GC(511) Old regions: 85->85
[2025-12-25T04:25:30.764+0000][gc,heap     ] GC(511) Humongous regions: 40->40
[2025-12-25T04:25:30.764+0000][gc,metaspace] GC(511) Metaspace: 12727K(13120K)->12727K(13120K) NonClass: 11627K(11776K)->11627K(11776K) Class: 1099K(1344K)->1099K(1344K)
[2025-12-25T04:25:30.764+0000][gc          ] GC(511) Pause Young (Normal) (G1 Evacuation Pause) 737M->127M(1024M) 22.271ms
[2025-12-25T04:25:30.764+0000][gc,cpu      ] GC(511) User=0.13s Sys=0.00s Real=0.02s
[2025-12-25T04:26:20.827+0000][gc,start    ] GC(512) Pause Young (Normal) (G1 Evacuation Pause)
[2025-12-25T04:26:20.827+0000][gc,task     ] GC(512) Using 8 workers of 8 for evacuation
[2025-12-25T04:26:20.845+0000][gc,phases   ] GC(512)   Pre Evacuate Collection Set: 1.1ms
[2025-12-25T04:26:20.845+0000][gc,phases   ] GC(512)   Merge Heap Roots: 0.2ms
[2025-12-25T04:26:20.845+0000][gc,phases   ] GC(512)   Evacuate Collection Set: 14.7ms
[2025-12-25T04:26:20.845+0000][gc,phases   ] GC(512)   Post Evacuate Collection Set: 1.4ms
[2025-12-25T04:26:20.845+0000][gc,phases   ] GC(512)   Other: 0.5ms
[2025-12-25T04:26:20.846+0000][gc,heap     ] GC(512) Eden regions: 610->0(609)
[2025-12-25T04:26:20.846+0000][gc,heap     ] GC(512) Survivor regions: 4->5(77)
[2025-12-25T04:26:20.846+0000][gc,heap     ] GC(512) Old regions: 85->85
[2025-12-25T04:26:20.846+0000][gc,heap     ] GC(512) Humongous regions: 40->40
[2025-12-25T04:26:20.846+0000][gc,metaspace] GC(512) Metaspace: 12727K(13120K)->12727K(13120K) NonClass: 11627K(11776K)->11627K(11776K) Class: 1099K(1344K)->1099K(1344K)
[2025-12-25T04:26:20.846+0000][gc          ] GC(512) Pause Young (Normal) (G1 Evacuation Pause) 737M->128M(1024M) 19.536ms
[2025-12-25T04:26:20.846+0000][gc,cpu      ] GC(512) User=0.08s Sys=0.04s Real=0.02s
[2025-12-25T04:27:11.020+0000][gc,start    ] GC(513) Pause Young (Normal) (G1 Evacuation Pause)
[2025-12-25T04:27:11.021+0000][gc,task     ] GC(513) Using 8 workers of 8 for evacuation
[2025-12-25T04:27:11.039+0000][gc,phases   ] GC(513)   Pre Evacuate Collection Set: 2.0ms
[2025-12-25T04:27:11.039+0000][gc,phases   ] GC(513)   Merge Heap Roots: 0.4ms
[2025-12-25T04:27:11.039+0000][gc,phases   ] GC(513)   Evacuate Collection Set: 12.8ms
[2025-12-25T04:27:11.039+0000][gc,phases   ] GC(513)   Post Evacuate Collection Set: 2.0ms
[2025-12-25T04:27:11.040+0000][gc,phases   ] GC(513)   Other: 0.5ms
[2025-12-25T04:27:11.040+0000][gc,heap     ] GC(513) Eden regions: 609->0(609)
[2025-12-25T04:27:11.040+0000][gc,heap     ] GC(513) Survivor regions: 5->5(77)
[2025-12-25T04:27:11.040+0000][gc,heap     ] GC(513) Old regions: 85->85
[2025-12-25T04:27:11.040+0000][gc,heap     ] GC(513) Humongous regions: 40->40
[2025-12-25T04:27:11.040+0000][gc,metaspace] GC(513) Metaspace: 12727K(13120K)->12727K(13120K) NonClass: 11627K(11776K)->11627K(11776K) Class: 1099K(1344K)->1099K(1344K)
[2025-12-25T04:27:11.040+0000][gc          ] GC(513) Pause Young (Normal) (G1 Evacuation Pause) 737M->128M(1024M) 19.760ms
[2025-12-25T04:27:11.040+0000][gc,cpu      ] GC(513) User=0.09s Sys=0.00s Real=0.02s
[2025-12-25T04:28:10.672+0000][gc,start    ] GC(514) Pause Young (Normal) (G1 Evacuation Pause)
[2025-12-25T04:28:10.673+0000][gc,task     ] GC(514) Using 8 workers of 8 for evacuation
[2025-12-25T04:28:10.702+0000][gc,phases   ] GC(514)   Pre Evacuate Collection Set: 3.5ms
[2025-12-25T04:28:10.702+0000][gc,phases   ] GC(514)   Merge Heap Roots: 0.8ms
[2025-12-25T04:28:10.702+0000][gc,phases   ] GC(514)   Evacuate Collection Set: 18.8ms
[2025-12-25T04:28:10.702+0000][gc,phases   ] GC(514)   Post Evacuate Collection Set: 3.9ms
[2025-12-25T04:28:10.702+0000][gc,phases   ] GC(514)   Other: 1.5ms
[2025-12-25T04:28:10.702+0000][gc,heap     ] GC(514) Eden regions: 609->0(610)
[2025-12-25T04:28:10.702+0000][gc,heap     ] GC(514) Survivor regions: 5->4(77)
[2025-12-25T04:28:10.702+0000][gc,heap     ] GC(514) Old regions: 85->85
[2025-12-25T04:28:10.702+0000][gc,heap     ] GC(514) Humongous regions: 40->40
[2025-12-25T04:28:10.702+0000][gc,metaspace] GC(514) Metaspace: 12727K(13120K)->12727K(13120K) NonClass: 11627K(11776K)->11627K(11776K) Class: 1099K(1344K)->1099K(1344K)
[2025-12-25T04:28:10.703+0000][gc          ] GC(514) Pause Young (Normal) (G1 Evacuation Pause) 737M->128M(1024M) 30.782ms
[2025-12-25T04:28:10.703+0000][gc,cpu      ] GC(514) User=0.08s Sys=0.11s Real=0.03s
[2025-12-25T04:29:00.785+0000][gc,start    ] GC(515) Pause Young (Normal) (G1 Evacuation Pause)
[2025-12-25T04:29:00.785+0000][gc,task     ] GC(515) Using 8 workers of 8 for evacuation
[2025-12-25T04:29:00.809+0000][gc,phases   ] GC(515)   Pre Evacuate Collection Set: 1.4ms
[2025-12-25T04:29:00.809+0000][gc,phases   ] GC(515)   Merge Heap Roots: 0.2ms
[2025-12-25T04:29:00.809+0000][gc,phases   ] GC(515)   Evacuate Collection Set: 20.5ms
[2025-12-25T04:29:00.809+0000][gc,phases   ] GC(515)   Post Evacuate Collection Set: 1.2ms
[2025-12-25T04:29:00.809+0000][gc,phases   ] GC(515)   Other: 0.3ms
[2025-12-25T04:29:00.809+0000][gc,heap     ] GC(515) Eden regions: 610->0(609)
[2025-12-25T04:29:00.809+0000][gc,heap     ] GC(515) Survivor regions: 4->5(77)
[2025-12-25T04:29:00.809+0000][gc,heap     ] GC(515) Old regions: 85->85
[2025-12-25T04:29:00.809+0000][gc,heap     ] GC(515) Humongous regions: 40->40
[2025-12-25T04:29:00.809+0000][gc,metaspace] GC(515) Metaspace: 12727K(13120K)->12727K(13120K) NonClass: 11627K(11776K)->11627K(11776K) Class: 1099K(1344K)->1099K(1344K)
[2025-12-25T04:29:00.809+0000][gc          ] GC(515) Pause Young (Normal) (G1 Evacuation Pause) 738M->129M(1024M) 24.679ms
[2025-12-25T04:29:00.809+0000][gc,cpu      ] GC(515) User=0.16s Sys=0.01s Real=0.03s
[2025-12-25T04:29:50.910+0000][gc,start    ] GC(516) Pause Young (Normal) (G1 Evacuation Pause)
[2025-12-25T04:29:50.910+0000][gc,task     ] GC(516) Using 8 workers of 8 for evacuation
[2025-12-25T04:29:50.919+0000][gc,phases   ] GC(516)   Pre Evacuate Collection Set: 1.1ms
[2025-12-25T04:29:50.920+0000][gc,phases   ] GC(516)   Merge Heap Roots: 0.6ms
[2025-12-25T04:29:50.920+0000][gc,phases   ] GC(516)   Evacuate Collection Set: 5.6ms
[2025-12-25T04:29:50.920+0000][gc,phases   ] GC(516)   Post Evacuate Collection Set: 1.4ms
[2025-12-25T04:29:50.920+0000][gc,phases   ] GC(516)   Other: 0.4ms
[2025-12-25T04:29:50.920+0000][gc,heap     ] GC(516) Eden regions: 609->0(609)
[2025-12-25T04:29:50.920+0000][gc,heap     ] GC(516) Survivor regions: 5->5(77)
[2025-12-25T04:29:50.920+0000][gc,heap     ] GC(516) Old regions: 85->85
[2025-12-25T04:29:50.920+0000][gc,heap     ] GC(516) Humongous regions: 40->40
[2025-12-25T04:29:50.920+0000][gc,metaspace] GC(516) Metaspace: 12727K(13120K)->12727K(13120K) NonClass: 11627K(11776K)->11627K(11776K) Class: 1099K(1344K)->1099K(1344K)
[2025-12-25T04:29:50.920+0000][gc          ] GC(516) Pause Young (Normal) (G1 Evacuation Pause) 738M->129M(1024M) 10.120ms
[2025-12-25T04:29:50.920+0000][gc,cpu      ] GC(516) User=0.05s Sys=0.00s Real=0.01s
[2025-12-25T04:30:50.623+0000][gc,start    ] GC(517) Pause Young (Normal) (G1 Evacuation Pause)
[2025-12-25T04:30:50.624+0000][gc,task     ] GC(517) Using 8 workers of 8 for evacuation
[2025-12-25T04:30:50.633+0000][gc,phases   ] GC(517)   Pre Evacuate Collection Set: 1.7ms
[2025-12-25T04:30:50.633+0000][gc,phases   ] GC(517)   Merge Heap Roots: 0.2ms
[2025-12-25T04:30:50.633+0000][gc,phases   ] GC(517)   Evacuate Collection Set: 5.8ms
[2025-12-25T04:30:50.634+0000][gc,phases   ] GC(517)   Post Evacuate Collection Set: 1.5ms
[2025-12-25T04:30:50.634+0000][gc,phases   ] GC(517)   Other: 0.4ms
[2025-12-25T04:30:50.634+0000][gc,heap     ] GC(517) Eden regions: 609->0(609)
[2025-12-25T04:30:50.634+0000][gc,heap     ] GC(517) Survivor regions: 5->5(77)
[2025-12-25T04:30:50.634+0000][gc,heap     ] GC(517) Old regions: 85->85
[2025-12-25T04:30:50.634+0000][gc,heap     ] GC(517) Humongous regions: 40->40
[2025-12-25T04:30:50.634+0000][gc,metaspace] GC(517) Metaspace: 12727K(13120K)->12727K(13120K) NonClass: 11627K(11776K)->11627K(11776K) Class: 1099K(1344K)->1099K(1344K)
[2025-12-25T04:30:50.634+0000][gc          ] GC(517) Pause Young (Normal) (G1 Evacuation Pause) 738M->128M(1024M) 10.882ms
[2025-12-25T04:30:50.634+0000][gc,cpu      ] GC(517) User=0.06s Sys=0.00s Real=0.01s
[2025-12-25T04:31:40.759+0000][gc,start    ] GC(518) Pause Young (Normal) (G1 Evacuation Pause)
[2025-12-25T04:31:40.760+0000][gc,task     ] GC(518) Using 8 workers of 8 for evacuation
[2025-12-25T04:31:40.772+0000][gc,phases   ] GC(518)   Pre Evacuate Collection Set: 2.1ms
[2025-12-25T04:31:40.772+0000][gc,phases   ] GC(518)   Merge Heap Roots: 0.5ms
[2025-12-25T04:31:40.772+0000][gc,phases   ] GC(518)   Evacuate Collection Set: 7.5ms
[2025-12-25T04:31:40.772+0000][gc,phases   ] GC(518)   Post Evacuate Collection Set: 1.6ms
[2025-12-25T04:31:40.772+0000][gc,phases   ] GC(518)   Other: 0.8ms
[2025-12-25T04:31:40.772+0000][gc,heap     ] GC(518) Eden regions: 609->0(609)
[2025-12-25T04:31:40.772+0000][gc,heap     ] GC(518) Survivor regions: 5->5(77)
[2025-12-25T04:31:40.772+0000][gc,heap     ] GC(518) Old regions: 85->85
[2025-12-25T04:31:40.772+0000][gc,heap     ] GC(518) Humongous regions: 40->40
[2025-12-25T04:31:40.772+0000][gc,metaspace] GC(518) Metaspace: 12727K(13120K)->12727K(13120K) NonClass: 11627K(11776K)->11627K(11776K) Class: 1099K(1344K)->1099K(1344K)
[2025-12-25T04:31:40.772+0000][gc          ] GC(518) Pause Young (Normal) (G1 Evacuation Pause) 737M->129M(1024M) 13.843ms
[2025-12-25T04:31:40.773+0000][gc,cpu      ] GC(518) User=0.07s Sys=0.00s Real=0.02s
[2025-12-25T04:32:30.861+0000][gc,start    ] GC(519) Pause Young (Normal) (G1 Evacuation Pause)
[2025-12-25T04:32:30.862+0000][gc,task     ] GC(519) Using 8 workers of 8 for evacuation
[2025-12-25T04:32:30.883+0000][gc,phases   ] GC(519)   Pre Evacuate Collection Set: 2.0ms
[2025-12-25T04:32:30.884+0000][gc,phases   ] GC(519)   Merge Heap Roots: 0.4ms
[2025-12-25T04:32:30.884+0000][gc,phases   ] GC(519)   Evacuate Collection Set: 16.5ms
[2025-12-25T04:32:30.884+0000][gc,phases   ] GC(519)   Post Evacuate Collection Set: 2.1ms
[2025-12-25T04:32:30.884+0000][gc,phases   ] GC(519)   Other: 0.5ms
[2025-12-25T04:32:30.884+0000][gc,heap     ] GC(519) Eden regions: 609->0(608)
[2025-12-25T04:32:30.884+0000][gc,heap     ] GC(519) Survivor regions: 5->6(77)
[2025-12-25T04:32:30.884+0000][gc,heap     ] GC(519) Old regions: 85->85
[2025-12-25T04:32:30.884+0000][gc,heap     ] GC(519) Humongous regions: 40->40
[2025-12-25T04:32:30.884+0000][gc,metaspace] GC(519) Metaspace: 12727K(13120K)->12727K(13120K) NonClass: 11627K(11776K)->11627K(11776K) Class: 1099K(1344K)->1099K(1344K)
[2025-12-25T04:32:30.884+0000][gc          ] GC(519) Pause Young (Normal) (G1 Evacuation Pause) 738M->130M(1024M) 22.775ms
[2025-12-25T04:32:30.884+0000][gc,cpu      ] GC(519) User=0.15s Sys=0.00s Real=0.02s
[2025-12-25T04:33:21.037+0000][gc,start    ] GC(520) Pause Young (Normal) (G1 Evacuation Pause)
[2025-12-25T04:33:21.037+0000][gc,task     ] GC(520) Using 8 workers of 8 for evacuation
[2025-12-25T04:33:21.057+0000][gc,phases   ] GC(520)   Pre Evacuate Collection Set: 4.0ms
[2025-12-25T04:33:21.057+0000][gc,phases   ] GC(520)   Merge Heap Roots: 0.4ms
[2025-12-25T04:33:21.057+0000][gc,phases   ] GC(520)   Evacuate Collection Set: 12.6ms
[2025-12-25T04:33:21.057+0000][gc,phases   ] GC(520)   Post Evacuate Collection Set: 2.0ms
[2025-12-25T04:33:21.058+0000][gc,phases   ] GC(520)   Other: 0.6ms
[2025-12-25T04:33:21.058+0000][gc,heap     ] GC(520) Eden regions: 608->0(608)
[2025-12-25T04:33:21.058+0000][gc,heap     ] GC(520) Survivor regions: 6->6(77)
[2025-12-25T04:33:21.058+0000][gc,heap     ] GC(520) Old regions: 85->86
[2025-12-25T04:33:21.058+0000][gc,heap     ] GC(520) Humongous regions: 40->40
[2025-12-25T04:33:21.058+0000][gc,metaspace] GC(520) Metaspace: 12727K(13120K)->12727K(13120K) NonClass: 11627K(11776K)->11627K(11776K) Class: 1099K(1344K)->1099K(1344K)
[2025-12-25T04:33:21.058+0000][gc          ] GC(520) Pause Young (Normal) (G1 Evacuation Pause) 738M->130M(1024M) 21.351ms
[2025-12-25T04:33:21.058+0000][gc,cpu      ] GC(520) User=0.09s Sys=0.02s Real=0.02s
[2025-12-25T04:34:20.755+0000][gc,start    ] GC(521) Pause Young (Normal) (G1 Evacuation Pause)
[2025-12-25T04:34:20.756+0000][gc,task     ] GC(521) Using 8 workers of 8 for evacuation
[2025-12-25T04:34:20.767+0000][gc,phases   ] GC(521)   Pre Evacuate Collection Set: 2.0ms
[2025-12-25T04:34:20.768+0000][gc,phases   ] GC(521)   Merge Heap Roots: 0.3ms
[2025-12-25T04:34:20.768+0000][gc,phases   ] GC(521)   Evacuate Collection Set: 7.5ms
[2025-12-25T04:34:20.768+0000][gc,phases   ] GC(521)   Post Evacuate Collection Set: 1.4ms
[2025-12-25T04:34:20.768+0000][gc,phases   ] GC(521)   Other: 0.7ms
[2025-12-25T04:34:20.768+0000][gc,heap     ] GC(521) Eden regions: 608->0(609)
[2025-12-25T04:34:20.768+0000][gc,heap     ] GC(521) Survivor regions: 6->5(77)
[2025-12-25T04:34:20.768+0000][gc,heap     ] GC(521) Old regions: 86->86
[2025-12-25T04:34:20.768+0000][gc,heap     ] GC(521) Humongous regions: 40->40
[2025-12-25T04:34:20.768+0000][gc,metaspace] GC(521) Metaspace: 12727K(13120K)->12727K(13120K) NonClass: 11627K(11776K)->11627K(11776K) Class: 1099K(1344K)->1099K(1344K)
[2025-12-25T04:34:20.768+0000][gc          ] GC(521) Pause Young (Normal) (G1 Evacuation Pause) 738M->129M(1024M) 13.607ms
[2025-12-25T04:34:20.768+0000][gc,cpu      ] GC(521) User=0.06s Sys=0.00s Real=0.01s
[2025-12-25T04:35:11.381+0000][gc,start    ] GC(522) Pause Young (Normal) (G1 Evacuation Pause)
[2025-12-25T04:35:11.383+0000][gc,task     ] GC(522) Using 8 workers of 8 for evacuation
[2025-12-25T04:35:11.415+0000][gc,phases   ] GC(522)   Pre Evacuate Collection Set: 4.3ms
[2025-12-25T04:35:11.415+0000][gc,phases   ] GC(522)   Merge Heap Roots: 0.4ms
[2025-12-25T04:35:11.415+0000][gc,phases   ] GC(522)   Evacuate Collection Set: 22.5ms
[2025-12-25T04:35:11.416+0000][gc,phases   ] GC(522)   Post Evacuate Collection Set: 3.3ms
[2025-12-25T04:35:11.416+0000][gc,phases   ] GC(522)   Other: 1.6ms
[2025-12-25T04:35:11.416+0000][gc,heap     ] GC(522) Eden regions: 609->0(608)
[2025-12-25T04:35:11.416+0000][gc,heap     ] GC(522) Survivor regions: 5->6(77)
[2025-12-25T04:35:11.416+0000][gc,heap     ] GC(522) Old regions: 86->86
[2025-12-25T04:35:11.416+0000][gc,heap     ] GC(522) Humongous regions: 40->40
[2025-12-25T04:35:11.416+0000][gc,metaspace] GC(522) Metaspace: 12727K(13120K)->12727K(13120K) NonClass: 11627K(11776K)->11627K(11776K) Class: 1099K(1344K)->1099K(1344K)
[2025-12-25T04:35:11.416+0000][gc          ] GC(522) Pause Young (Normal) (G1 Evacuation Pause) 738M->130M(1024M) 34.958ms
[2025-12-25T04:35:11.416+0000][gc,cpu      ] GC(522) User=0.17s Sys=0.01s Real=0.03s
[2025-12-25T04:36:01.034+0000][gc,start    ] GC(523) Pause Young (Normal) (G1 Evacuation Pause)
[2025-12-25T04:36:01.034+0000][gc,task     ] GC(523) Using 8 workers of 8 for evacuation
[2025-12-25T04:36:01.051+0000][gc,phases   ] GC(523)   Pre Evacuate Collection Set: 1.3ms
[2025-12-25T04:36:01.051+0000][gc,phases   ] GC(523)   Merge Heap Roots: 0.3ms
[2025-12-25T04:36:01.051+0000][gc,phases   ] GC(523)   Evacuate Collection Set: 14.0ms
[2025-12-25T04:36:01.052+0000][gc,phases   ] GC(523)   Post Evacuate Collection Set: 1.4ms
[2025-12-25T04:36:01.052+0000][gc,phases   ] GC(523)   Other: 0.3ms
[2025-12-25T04:36:01.052+0000][gc,heap     ] GC(523) Eden regions: 608->0(607)
[2025-12-25T04:36:01.052+0000][gc,heap     ] GC(523) Survivor regions: 6->7(77)
[2025-12-25T04:36:01.052+0000][gc,heap     ] GC(523) Old regions: 86->86
[2025-12-25T04:36:01.052+0000][gc,heap     ] GC(523) Humongous regions: 40->40
[2025-12-25T04:36:01.052+0000][gc,metaspace] GC(523) Metaspace: 12727K(13120K)->12727K(13120K) NonClass: 11627K(11776K)->11627K(11776K) Class: 1099K(1344K)->1099K(1344K)
[2025-12-25T04:36:01.052+0000][gc          ] GC(523) Pause Young (Normal) (G1 Evacuation Pause) 738M->131M(1024M) 18.441ms
[2025-12-25T04:36:01.052+0000][gc,cpu      ] GC(523) User=0.10s Sys=0.00s Real=0.02s
[2025-12-25T04:37:00.654+0000][gc,start    ] GC(524) Pause Young (Normal) (G1 Evacuation Pause)
[2025-12-25T04:37:00.655+0000][gc,task     ] GC(524) Using 8 workers of 8 for evacuation
[2025-12-25T04:37:00.667+0000][gc,phases   ] GC(524)   Pre Evacuate Collection Set: 1.1ms
[2025-12-25T04:37:00.667+0000][gc,phases   ] GC(524)   Merge Heap Roots: 0.3ms
[2025-12-25T04:37:00.667+0000][gc,phases   ] GC(524)   Evacuate Collection Set: 8.8ms
[2025-12-25T04:37:00.667+0000][gc,phases   ] GC(524)   Post Evacuate Collection Set: 1.2ms
[2025-12-25T04:37:00.667+0000][gc,phases   ] GC(524)   Other: 0.4ms
[2025-12-25T04:37:00.667+0000][gc,heap     ] GC(524) Eden regions: 607->0(609)
[2025-12-25T04:37:00.667+0000][gc,heap     ] GC(524) Survivor regions: 7->5(77)
[2025-12-25T04:37:00.667+0000][gc,heap     ] GC(524) Old regions: 86->86
[2025-12-25T04:37:00.667+0000][gc,heap     ] GC(524) Humongous regions: 40->40
[2025-12-25T04:37:00.667+0000][gc,metaspace] GC(524) Metaspace: 12727K(13120K)->12727K(13120K) NonClass: 11627K(11776K)->11627K(11776K) Class: 1099K(1344K)->1099K(1344K)
[2025-12-25T04:37:00.667+0000][gc          ] GC(524) Pause Young (Normal) (G1 Evacuation Pause) 738M->130M(1024M) 13.106ms
[2025-12-25T04:37:00.667+0000][gc,cpu      ] GC(524) User=0.08s Sys=0.00s Real=0.01s
[2025-12-25T04:37:50.764+0000][gc,start    ] GC(525) Pause Young (Normal) (G1 Evacuation Pause)
[2025-12-25T04:37:50.767+0000][gc,task     ] GC(525) Using 8 workers of 8 for evacuation
[2025-12-25T04:37:50.783+0000][gc,phases   ] GC(525)   Pre Evacuate Collection Set: 1.0ms
[2025-12-25T04:37:50.783+0000][gc,phases   ] GC(525)   Merge Heap Roots: 0.3ms
[2025-12-25T04:37:50.783+0000][gc,phases   ] GC(525)   Evacuate Collection Set: 12.8ms
[2025-12-25T04:37:50.783+0000][gc,phases   ] GC(525)   Post Evacuate Collection Set: 1.4ms
[2025-12-25T04:37:50.783+0000][gc,phases   ] GC(525)   Other: 0.3ms
[2025-12-25T04:37:50.783+0000][gc,heap     ] GC(525) Eden regions: 609->0(608)
[2025-12-25T04:37:50.783+0000][gc,heap     ] GC(525) Survivor regions: 5->6(77)
[2025-12-25T04:37:50.783+0000][gc,heap     ] GC(525) Old regions: 86->86
[2025-12-25T04:37:50.783+0000][gc,heap     ] GC(525) Humongous regions: 40->40
[2025-12-25T04:37:50.783+0000][gc,metaspace] GC(525) Metaspace: 12727K(13120K)->12727K(13120K) NonClass: 11627K(11776K)->11627K(11776K) Class: 1099K(1344K)->1099K(1344K)
[2025-12-25T04:37:50.783+0000][gc          ] GC(525) Pause Young (Normal) (G1 Evacuation Pause) 739M->131M(1024M) 18.994ms
[2025-12-25T04:37:50.783+0000][gc,cpu      ] GC(525) User=0.11s Sys=0.00s Real=0.02s
[2025-12-25T04:38:40.870+0000][gc,start    ] GC(526) Pause Young (Normal) (G1 Evacuation Pause)
[2025-12-25T04:38:40.871+0000][gc,task     ] GC(526) Using 8 workers of 8 for evacuation
[2025-12-25T04:38:40.883+0000][gc,phases   ] GC(526)   Pre Evacuate Collection Set: 1.3ms
[2025-12-25T04:38:40.883+0000][gc,phases   ] GC(526)   Merge Heap Roots: 0.3ms
[2025-12-25T04:38:40.883+0000][gc,phases   ] GC(526)   Evacuate Collection Set: 9.1ms
[2025-12-25T04:38:40.883+0000][gc,phases   ] GC(526)   Post Evacuate Collection Set: 1.1ms
[2025-12-25T04:38:40.883+0000][gc,phases   ] GC(526)   Other: 0.3ms
[2025-12-25T04:38:40.883+0000][gc,heap     ] GC(526) Eden regions: 608->0(608)
[2025-12-25T04:38:40.883+0000][gc,heap     ] GC(526) Survivor regions: 6->6(77)
[2025-12-25T04:38:40.883+0000][gc,heap     ] GC(526) Old regions: 86->87
[2025-12-25T04:38:40.883+0000][gc,heap     ] GC(526) Humongous regions: 40->40
[2025-12-25T04:38:40.883+0000][gc,metaspace] GC(526) Metaspace: 12727K(13120K)->12727K(13120K) NonClass: 11627K(11776K)->11627K(11776K) Class: 1099K(1344K)->1099K(1344K)
[2025-12-25T04:38:40.883+0000][gc          ] GC(526) Pause Young (Normal) (G1 Evacuation Pause) 739M->132M(1024M) 13.359ms
[2025-12-25T04:38:40.883+0000][gc,cpu      ] GC(526) User=0.08s Sys=0.00s Real=0.02s
[2025-12-25T04:39:37.937+0000][gc,start    ] GC(527) Pause Young (Normal) (G1 Evacuation Pause)
[2025-12-25T04:39:37.939+0000][gc,task     ] GC(527) Using 8 workers of 8 for evacuation
[2025-12-25T04:39:37.953+0000][gc,phases   ] GC(527)   Pre Evacuate Collection Set: 1.6ms
[2025-12-25T04:39:37.953+0000][gc,phases   ] GC(527)   Merge Heap Roots: 0.3ms
[2025-12-25T04:39:37.953+0000][gc,phases   ] GC(527)   Evacuate Collection Set: 7.6ms
[2025-12-25T04:39:37.953+0000][gc,phases   ] GC(527)   Post Evacuate Collection Set: 3.8ms
[2025-12-25T04:39:37.953+0000][gc,phases   ] GC(527)   Other: 1.0ms
[2025-12-25T04:39:37.954+0000][gc,heap     ] GC(527) Eden regions: 608->0(608)
[2025-12-25T04:39:37.954+0000][gc,heap     ] GC(527) Survivor regions: 6->6(77)
[2025-12-25T04:39:37.954+0000][gc,heap     ] GC(527) Old regions: 87->87
[2025-12-25T04:39:37.954+0000][gc,heap     ] GC(527) Humongous regions: 40->40
[2025-12-25T04:39:37.954+0000][gc,metaspace] GC(527) Metaspace: 12728K(13120K)->12728K(13120K) NonClass: 11628K(11776K)->11628K(11776K) Class: 1099K(1344K)->1099K(1344K)
[2025-12-25T04:39:37.954+0000][gc          ] GC(527) Pause Young (Normal) (G1 Evacuation Pause) 740M->131M(1024M) 16.595ms
[2025-12-25T04:39:37.954+0000][gc,cpu      ] GC(527) User=0.07s Sys=0.01s Real=0.02s
[2025-12-25T04:40:30.714+0000][gc,start    ] GC(528) Pause Young (Normal) (G1 Evacuation Pause)
[2025-12-25T04:40:30.716+0000][gc,task     ] GC(528) Using 8 workers of 8 for evacuation
[2025-12-25T04:40:30.734+0000][gc,phases   ] GC(528)   Pre Evacuate Collection Set: 3.2ms
[2025-12-25T04:40:30.734+0000][gc,phases   ] GC(528)   Merge Heap Roots: 0.3ms
[2025-12-25T04:40:30.734+0000][gc,phases   ] GC(528)   Evacuate Collection Set: 10.7ms
[2025-12-25T04:40:30.734+0000][gc,phases   ] GC(528)   Post Evacuate Collection Set: 2.9ms
[2025-12-25T04:40:30.734+0000][gc,phases   ] GC(528)   Other: 1.1ms
[2025-12-25T04:40:30.734+0000][gc,heap     ] GC(528) Eden regions: 608->0(608)
[2025-12-25T04:40:30.734+0000][gc,heap     ] GC(528) Survivor regions: 6->6(77)
[2025-12-25T04:40:30.734+0000][gc,heap     ] GC(528) Old regions: 87->87
[2025-12-25T04:40:30.734+0000][gc,heap     ] GC(528) Humongous regions: 40->40
[2025-12-25T04:40:30.734+0000][gc,metaspace] GC(528) Metaspace: 12728K(13120K)->12728K(13120K) NonClass: 11628K(11776K)->11628K(11776K) Class: 1099K(1344K)->1099K(1344K)
[2025-12-25T04:40:30.735+0000][gc          ] GC(528) Pause Young (Normal) (G1 Evacuation Pause) 739M->132M(1024M) 20.969ms
[2025-12-25T04:40:30.735+0000][gc,cpu      ] GC(528) User=0.09s Sys=0.01s Real=0.02s
[2025-12-25T04:41:20.892+0000][gc,start    ] GC(529) Pause Young (Normal) (G1 Evacuation Pause)
[2025-12-25T04:41:20.893+0000][gc,task     ] GC(529) Using 8 workers of 8 for evacuation
[2025-12-25T04:41:20.910+0000][gc,phases   ] GC(529)   Pre Evacuate Collection Set: 1.1ms
[2025-12-25T04:41:20.911+0000][gc,phases   ] GC(529)   Merge Heap Roots: 0.3ms
[2025-12-25T04:41:20.911+0000][gc,phases   ] GC(529)   Evacuate Collection Set: 14.1ms
[2025-12-25T04:41:20.911+0000][gc,phases   ] GC(529)   Post Evacuate Collection Set: 1.2ms
[2025-12-25T04:41:20.911+0000][gc,phases   ] GC(529)   Other: 0.7ms
[2025-12-25T04:41:20.911+0000][gc,heap     ] GC(529) Eden regions: 608->0(607)
[2025-12-25T04:41:20.911+0000][gc,heap     ] GC(529) Survivor regions: 6->7(77)
[2025-12-25T04:41:20.911+0000][gc,heap     ] GC(529) Old regions: 87->87
[2025-12-25T04:41:20.911+0000][gc,heap     ] GC(529) Humongous regions: 40->40
[2025-12-25T04:41:20.911+0000][gc,metaspace] GC(529) Metaspace: 12728K(13120K)->12728K(13120K) NonClass: 11628K(11776K)->11628K(11776K) Class: 1099K(1344K)->1099K(1344K)
[2025-12-25T04:41:20.911+0000][gc          ] GC(529) Pause Young (Normal) (G1 Evacuation Pause) 740M->133M(1024M) 18.679ms
[2025-12-25T04:41:20.911+0000][gc,cpu      ] GC(529) User=0.12s Sys=0.00s Real=0.02s
[2025-12-25T04:42:10.919+0000][gc,start    ] GC(530) Pause Young (Normal) (G1 Evacuation Pause)
[2025-12-25T04:42:10.920+0000][gc,task     ] GC(530) Using 8 workers of 8 for evacuation
[2025-12-25T04:42:10.936+0000][gc,phases   ] GC(530)   Pre Evacuate Collection Set: 1.8ms
[2025-12-25T04:42:10.936+0000][gc,phases   ] GC(530)   Merge Heap Roots: 0.4ms
[2025-12-25T04:42:10.936+0000][gc,phases   ] GC(530)   Evacuate Collection Set: 11.1ms
[2025-12-25T04:42:10.936+0000][gc,phases   ] GC(530)   Post Evacuate Collection Set: 2.1ms
[2025-12-25T04:42:10.936+0000][gc,phases   ] GC(530)   Other: 0.5ms
[2025-12-25T04:42:10.936+0000][gc,heap     ] GC(530) Eden regions: 607->0(607)
[2025-12-25T04:42:10.936+0000][gc,heap     ] GC(530) Survivor regions: 7->7(77)
[2025-12-25T04:42:10.936+0000][gc,heap     ] GC(530) Old regions: 87->87
[2025-12-25T04:42:10.936+0000][gc,heap     ] GC(530) Humongous regions: 40->40
[2025-12-25T04:42:10.936+0000][gc,metaspace] GC(530) Metaspace: 12728K(13120K)->12728K(13120K) NonClass: 11628K(11776K)->11628K(11776K) Class: 1099K(1344K)->1099K(1344K)
[2025-12-25T04:42:10.936+0000][gc          ] GC(530) Pause Young (Normal) (G1 Evacuation Pause) 740M->133M(1024M) 17.116ms
[2025-12-25T04:42:10.936+0000][gc,cpu      ] GC(530) User=0.08s Sys=0.00s Real=0.02s
[2025-12-25T04:43:10.637+0000][gc,start    ] GC(531) Pause Young (Normal) (G1 Evacuation Pause)
[2025-12-25T04:43:10.638+0000][gc,task     ] GC(531) Using 8 workers of 8 for evacuation
[2025-12-25T04:43:10.664+0000][gc,phases   ] GC(531)   Pre Evacuate Collection Set: 1.3ms
[2025-12-25T04:43:10.665+0000][gc,phases   ] GC(531)   Merge Heap Roots: 0.6ms
[2025-12-25T04:43:10.665+0000][gc,phases   ] GC(531)   Evacuate Collection Set: 19.9ms
[2025-12-25T04:43:10.665+0000][gc,phases   ] GC(531)   Post Evacuate Collection Set: 3.0ms
[2025-12-25T04:43:10.665+0000][gc,phases   ] GC(531)   Other: 1.2ms
[2025-12-25T04:43:10.665+0000][gc,heap     ] GC(531) Eden regions: 607->0(608)
[2025-12-25T04:43:10.665+0000][gc,heap     ] GC(531) Survivor regions: 7->6(77)
[2025-12-25T04:43:10.665+0000][gc,heap     ] GC(531) Old regions: 87->88
[2025-12-25T04:43:10.665+0000][gc,heap     ] GC(531) Humongous regions: 40->40
[2025-12-25T04:43:10.665+0000][gc,metaspace] GC(531) Metaspace: 12728K(13120K)->12728K(13120K) NonClass: 11628K(11776K)->11628K(11776K) Class: 1099K(1344K)->1099K(1344K)
[2025-12-25T04:43:10.665+0000][gc          ] GC(531) Pause Young (Normal) (G1 Evacuation Pause) 740M->133M(1024M) 27.761ms
[2025-12-25T04:43:10.665+0000][gc,cpu      ] GC(531) User=0.16s Sys=0.02s Real=0.03s
[2025-12-25T04:44:00.748+0000][gc,start    ] GC(532) Pause Young (Normal) (G1 Evacuation Pause)
[2025-12-25T04:44:00.749+0000][gc,task     ] GC(532) Using 8 workers of 8 for evacuation
[2025-12-25T04:44:00.762+0000][gc,phases   ] GC(532)   Pre Evacuate Collection Set: 1.1ms
[2025-12-25T04:44:00.762+0000][gc,phases   ] GC(532)   Merge Heap Roots: 0.2ms
[2025-12-25T04:44:00.762+0000][gc,phases   ] GC(532)   Evacuate Collection Set: 9.9ms
[2025-12-25T04:44:00.762+0000][gc,phases   ] GC(532)   Post Evacuate Collection Set: 1.1ms
[2025-12-25T04:44:00.762+0000][gc,phases   ] GC(532)   Other: 0.4ms
[2025-12-25T04:44:00.762+0000][gc,heap     ] GC(532) Eden regions: 608->0(608)
[2025-12-25T04:44:00.762+0000][gc,heap     ] GC(532) Survivor regions: 6->6(77)
[2025-12-25T04:44:00.762+0000][gc,heap     ] GC(532) Old regions: 88->88
[2025-12-25T04:44:00.762+0000][gc,heap     ] GC(532) Humongous regions: 40->40
[2025-12-25T04:44:00.762+0000][gc,metaspace] GC(532) Metaspace: 12728K(13120K)->12728K(13120K) NonClass: 11628K(11776K)->11628K(11776K) Class: 1099K(1344K)->1099K(1344K)
[2025-12-25T04:44:00.762+0000][gc          ] GC(532) Pause Young (Normal) (G1 Evacuation Pause) 741M->133M(1024M) 13.681ms
[2025-12-25T04:44:00.762+0000][gc,cpu      ] GC(532) User=0.08s Sys=0.00s Real=0.02s
[2025-12-25T04:44:50.829+0000][gc,start    ] GC(533) Pause Young (Normal) (G1 Evacuation Pause)
[2025-12-25T04:44:50.829+0000][gc,task     ] GC(533) Using 8 workers of 8 for evacuation
[2025-12-25T04:44:50.848+0000][gc,phases   ] GC(533)   Pre Evacuate Collection Set: 1.3ms
[2025-12-25T04:44:50.849+0000][gc,phases   ] GC(533)   Merge Heap Roots: 0.2ms
[2025-12-25T04:44:50.849+0000][gc,phases   ] GC(533)   Evacuate Collection Set: 15.7ms
[2025-12-25T04:44:50.849+0000][gc,phases   ] GC(533)   Post Evacuate Collection Set: 1.6ms
[2025-12-25T04:44:50.849+0000][gc,phases   ] GC(533)   Other: 0.6ms
[2025-12-25T04:44:50.849+0000][gc,heap     ] GC(533) Eden regions: 608->0(607)
[2025-12-25T04:44:50.849+0000][gc,heap     ] GC(533) Survivor regions: 6->7(77)
[2025-12-25T04:44:50.849+0000][gc,heap     ] GC(533) Old regions: 88->88
[2025-12-25T04:44:50.849+0000][gc,heap     ] GC(533) Humongous regions: 40->40
[2025-12-25T04:44:50.849+0000][gc,metaspace] GC(533) Metaspace: 12728K(13120K)->12728K(13120K) NonClass: 11628K(11776K)->11628K(11776K) Class: 1099K(1344K)->1099K(1344K)
[2025-12-25T04:44:50.849+0000][gc          ] GC(533) Pause Young (Normal) (G1 Evacuation Pause) 741M->134M(1024M) 20.401ms
[2025-12-25T04:44:50.849+0000][gc,cpu      ] GC(533) User=0.13s Sys=0.00s Real=0.02s
[2025-12-25T04:45:40.923+0000][gc,start    ] GC(534) Pause Young (Normal) (G1 Evacuation Pause)
[2025-12-25T04:45:40.924+0000][gc,task     ] GC(534) Using 8 workers of 8 for evacuation
[2025-12-25T04:45:40.949+0000][gc,phases   ] GC(534)   Pre Evacuate Collection Set: 3.2ms
[2025-12-25T04:45:40.950+0000][gc,phases   ] GC(534)   Merge Heap Roots: 0.5ms
[2025-12-25T04:45:40.950+0000][gc,phases   ] GC(534)   Evacuate Collection Set: 19.5ms
[2025-12-25T04:45:40.950+0000][gc,phases   ] GC(534)   Post Evacuate Collection Set: 1.5ms
[2025-12-25T04:45:40.950+0000][gc,phases   ] GC(534)   Other: 0.3ms
[2025-12-25T04:45:40.950+0000][gc,heap     ] GC(534) Eden regions: 607->0(607)
[2025-12-25T04:45:40.950+0000][gc,heap     ] GC(534) Survivor regions: 7->7(77)
[2025-12-25T04:45:40.950+0000][gc,heap     ] GC(534) Old regions: 88->89
[2025-12-25T04:45:40.950+0000][gc,heap     ] GC(534) Humongous regions: 40->40
[2025-12-25T04:45:40.950+0000][gc,metaspace] GC(534) Metaspace: 12728K(13120K)->12728K(13120K) NonClass: 11628K(11776K)->11628K(11776K) Class: 1099K(1344K)->1099K(1344K)
[2025-12-25T04:45:40.950+0000][gc          ] GC(534) Pause Young (Normal) (G1 Evacuation Pause) 741M->134M(1024M) 26.694ms
[2025-12-25T04:45:40.950+0000][gc,cpu      ] GC(534) User=0.13s Sys=0.00s Real=0.02s
[2025-12-25T04:46:40.711+0000][gc,start    ] GC(535) Pause Young (Normal) (G1 Evacuation Pause)
[2025-12-25T04:46:40.712+0000][gc,task     ] GC(535) Using 8 workers of 8 for evacuation
[2025-12-25T04:46:40.729+0000][gc,phases   ] GC(535)   Pre Evacuate Collection Set: 1.0ms
[2025-12-25T04:46:40.729+0000][gc,phases   ] GC(535)   Merge Heap Roots: 0.2ms
[2025-12-25T04:46:40.729+0000][gc,phases   ] GC(535)   Evacuate Collection Set: 14.3ms
[2025-12-25T04:46:40.729+0000][gc,phases   ] GC(535)   Post Evacuate Collection Set: 1.2ms
[2025-12-25T04:46:40.729+0000][gc,phases   ] GC(535)   Other: 0.3ms
[2025-12-25T04:46:40.729+0000][gc,heap     ] GC(535) Eden regions: 607->0(608)
[2025-12-25T04:46:40.729+0000][gc,heap     ] GC(535) Survivor regions: 7->6(77)
[2025-12-25T04:46:40.729+0000][gc,heap     ] GC(535) Old regions: 89->89
[2025-12-25T04:46:40.729+0000][gc,heap     ] GC(535) Humongous regions: 40->40
[2025-12-25T04:46:40.729+0000][gc,metaspace] GC(535) Metaspace: 12728K(13120K)->12728K(13120K) NonClass: 11628K(11776K)->11628K(11776K) Class: 1099K(1344K)->1099K(1344K)
[2025-12-25T04:46:40.729+0000][gc          ] GC(535) Pause Young (Normal) (G1 Evacuation Pause) 741M->134M(1024M) 18.362ms
[2025-12-25T04:46:40.729+0000][gc,cpu      ] GC(535) User=0.12s Sys=0.00s Real=0.02s
[2025-12-25T04:47:34.049+0000][gc,start    ] GC(536) Pause Young (Normal) (G1 Evacuation Pause)
[2025-12-25T04:47:34.050+0000][gc,task     ] GC(536) Using 8 workers of 8 for evacuation
[2025-12-25T04:47:34.241+0000][gc,phases   ] GC(536)   Pre Evacuate Collection Set: 2.2ms
[2025-12-25T04:47:34.242+0000][gc,phases   ] GC(536)   Merge Heap Roots: 0.4ms
[2025-12-25T04:47:34.243+0000][gc,phases   ] GC(536)   Evacuate Collection Set: 133.9ms
[2025-12-25T04:47:34.247+0000][gc,phases   ] GC(536)   Post Evacuate Collection Set: 53.4ms
[2025-12-25T04:47:34.247+0000][gc,phases   ] GC(536)   Other: 1.3ms
[2025-12-25T04:47:34.271+0000][gc,heap     ] GC(536) Eden regions: 608->0(606)
[2025-12-25T04:47:34.278+0000][gc,heap     ] GC(536) Survivor regions: 6->8(77)
[2025-12-25T04:47:34.278+0000][gc,heap     ] GC(536) Old regions: 89->89
[2025-12-25T04:47:34.278+0000][gc,heap     ] GC(536) Humongous regions: 40->40
[2025-12-25T04:47:34.278+0000][gc,metaspace] GC(536) Metaspace: 12728K(13120K)->12728K(13120K) NonClass: 11628K(11776K)->11628K(11776K) Class: 1099K(1344K)->1099K(1344K)
[2025-12-25T04:47:34.278+0000][gc          ] GC(536) Pause Young (Normal) (G1 Evacuation Pause) 742M->135M(1024M) 228.905ms
[2025-12-25T04:47:34.278+0000][gc,cpu      ] GC(536) User=0.51s Sys=0.03s Real=0.23s
[2025-12-25T04:48:20.913+0000][gc,start    ] GC(537) Pause Young (Normal) (G1 Evacuation Pause)
[2025-12-25T04:48:20.914+0000][gc,task     ] GC(537) Using 8 workers of 8 for evacuation
[2025-12-25T04:48:20.930+0000][gc,phases   ] GC(537)   Pre Evacuate Collection Set: 1.4ms
[2025-12-25T04:48:20.930+0000][gc,phases   ] GC(537)   Merge Heap Roots: 0.3ms
[2025-12-25T04:48:20.930+0000][gc,phases   ] GC(537)   Evacuate Collection Set: 11.2ms
[2025-12-25T04:48:20.930+0000][gc,phases   ] GC(537)   Post Evacuate Collection Set: 2.3ms
[2025-12-25T04:48:20.930+0000][gc,phases   ] GC(537)   Other: 0.4ms
[2025-12-25T04:48:20.930+0000][gc,heap     ] GC(537) Eden regions: 606->0(606)
[2025-12-25T04:48:20.930+0000][gc,heap     ] GC(537) Survivor regions: 8->8(77)
[2025-12-25T04:48:20.930+0000][gc,heap     ] GC(537) Old regions: 89->89
[2025-12-25T04:48:20.930+0000][gc,heap     ] GC(537) Humongous regions: 40->40
[2025-12-25T04:48:20.930+0000][gc,metaspace] GC(537) Metaspace: 12728K(13120K)->12728K(13120K) NonClass: 11628K(11776K)->11628K(11776K) Class: 1099K(1344K)->1099K(1344K)
[2025-12-25T04:48:20.931+0000][gc          ] GC(537) Pause Young (Normal) (G1 Evacuation Pause) 741M->135M(1024M) 17.769ms
[2025-12-25T04:48:20.931+0000][gc,cpu      ] GC(537) User=0.08s Sys=0.00s Real=0.02s
[2025-12-25T04:49:20.586+0000][gc,start    ] GC(538) Pause Young (Normal) (G1 Evacuation Pause)
[2025-12-25T04:49:20.587+0000][gc,task     ] GC(538) Using 8 workers of 8 for evacuation
[2025-12-25T04:49:20.615+0000][gc,phases   ] GC(538)   Pre Evacuate Collection Set: 2.2ms
[2025-12-25T04:49:20.615+0000][gc,phases   ] GC(538)   Merge Heap Roots: 0.4ms
[2025-12-25T04:49:20.615+0000][gc,phases   ] GC(538)   Evacuate Collection Set: 23.0ms
[2025-12-25T04:49:20.615+0000][gc,phases   ] GC(538)   Post Evacuate Collection Set: 1.2ms
[2025-12-25T04:49:20.615+0000][gc,phases   ] GC(538)   Other: 1.0ms
[2025-12-25T04:49:20.615+0000][gc,heap     ] GC(538) Eden regions: 606->0(607)
[2025-12-25T04:49:20.615+0000][gc,heap     ] GC(538) Survivor regions: 8->7(77)
[2025-12-25T04:49:20.615+0000][gc,heap     ] GC(538) Old regions: 89->90
[2025-12-25T04:49:20.615+0000][gc,heap     ] GC(538) Humongous regions: 40->40
[2025-12-25T04:49:20.615+0000][gc,metaspace] GC(538) Metaspace: 12729K(13120K)->12729K(13120K) NonClass: 11629K(11776K)->11629K(11776K) Class: 1099K(1344K)->1099K(1344K)
[2025-12-25T04:49:20.615+0000][gc          ] GC(538) Pause Young (Normal) (G1 Evacuation Pause) 741M->135M(1024M) 29.372ms
[2025-12-25T04:49:20.616+0000][gc,cpu      ] GC(538) User=0.17s Sys=0.02s Real=0.03s
[2025-12-25T04:50:10.777+0000][gc,start    ] GC(539) Pause Young (Normal) (G1 Evacuation Pause)
[2025-12-25T04:50:10.777+0000][gc,task     ] GC(539) Using 8 workers of 8 for evacuation
[2025-12-25T04:50:10.799+0000][gc,phases   ] GC(539)   Pre Evacuate Collection Set: 1.0ms
[2025-12-25T04:50:10.799+0000][gc,phases   ] GC(539)   Merge Heap Roots: 0.3ms
[2025-12-25T04:50:10.799+0000][gc,phases   ] GC(539)   Evacuate Collection Set: 19.0ms
[2025-12-25T04:50:10.799+0000][gc,phases   ] GC(539)   Post Evacuate Collection Set: 1.3ms
[2025-12-25T04:50:10.799+0000][gc,phases   ] GC(539)   Other: 0.4ms
[2025-12-25T04:50:10.799+0000][gc,heap     ] GC(539) Eden regions: 607->0(607)
[2025-12-25T04:50:10.799+0000][gc,heap     ] GC(539) Survivor regions: 7->7(77)
[2025-12-25T04:50:10.800+0000][gc,heap     ] GC(539) Old regions: 90->90
[2025-12-25T04:50:10.800+0000][gc,heap     ] GC(539) Humongous regions: 40->40
[2025-12-25T04:50:10.800+0000][gc,metaspace] GC(539) Metaspace: 12729K(13120K)->12729K(13120K) NonClass: 11629K(11776K)->11629K(11776K) Class: 1099K(1344K)->1099K(1344K)
[2025-12-25T04:50:10.800+0000][gc          ] GC(539) Pause Young (Normal) (G1 Evacuation Pause) 742M->135M(1024M) 23.145ms
[2025-12-25T04:50:10.800+0000][gc,cpu      ] GC(539) User=0.16s Sys=0.00s Real=0.02s
[2025-12-25T04:51:00.817+0000][gc,start    ] GC(540) Pause Young (Normal) (G1 Evacuation Pause)
[2025-12-25T04:51:00.818+0000][gc,task     ] GC(540) Using 8 workers of 8 for evacuation
[2025-12-25T04:51:00.835+0000][gc,phases   ] GC(540)   Pre Evacuate Collection Set: 1.1ms
[2025-12-25T04:51:00.835+0000][gc,phases   ] GC(540)   Merge Heap Roots: 0.3ms
[2025-12-25T04:51:00.835+0000][gc,phases   ] GC(540)   Evacuate Collection Set: 14.3ms
[2025-12-25T04:51:00.835+0000][gc,phases   ] GC(540)   Post Evacuate Collection Set: 1.1ms
[2025-12-25T04:51:00.835+0000][gc,phases   ] GC(540)   Other: 0.7ms
[2025-12-25T04:51:00.836+0000][gc,heap     ] GC(540) Eden regions: 607->0(607)
[2025-12-25T04:51:00.836+0000][gc,heap     ] GC(540) Survivor regions: 7->7(77)
[2025-12-25T04:51:00.836+0000][gc,heap     ] GC(540) Old regions: 90->90
[2025-12-25T04:51:00.836+0000][gc,heap     ] GC(540) Humongous regions: 40->40
[2025-12-25T04:51:00.836+0000][gc,metaspace] GC(540) Metaspace: 12729K(13120K)->12729K(13120K) NonClass: 11629K(11776K)->11629K(11776K) Class: 1099K(1344K)->1099K(1344K)
[2025-12-25T04:51:00.836+0000][gc          ] GC(540) Pause Young (Normal) (G1 Evacuation Pause) 742M->136M(1024M) 18.750ms
[2025-12-25T04:51:00.836+0000][gc,cpu      ] GC(540) User=0.12s Sys=0.00s Real=0.02s
[2025-12-25T04:51:50.877+0000][gc,start    ] GC(541) Pause Young (Normal) (G1 Evacuation Pause)
[2025-12-25T04:51:50.877+0000][gc,task     ] GC(541) Using 8 workers of 8 for evacuation
[2025-12-25T04:51:50.892+0000][gc,phases   ] GC(541)   Pre Evacuate Collection Set: 1.0ms
[2025-12-25T04:51:50.892+0000][gc,phases   ] GC(541)   Merge Heap Roots: 0.3ms
[2025-12-25T04:51:50.892+0000][gc,phases   ] GC(541)   Evacuate Collection Set: 12.1ms
[2025-12-25T04:51:50.892+0000][gc,phases   ] GC(541)   Post Evacuate Collection Set: 1.1ms
[2025-12-25T04:51:50.892+0000][gc,phases   ] GC(541)   Other: 0.3ms
[2025-12-25T04:51:50.892+0000][gc,heap     ] GC(541) Eden regions: 607->0(607)
[2025-12-25T04:51:50.892+0000][gc,heap     ] GC(541) Survivor regions: 7->7(77)
[2025-12-25T04:51:50.892+0000][gc,heap     ] GC(541) Old regions: 90->91
[2025-12-25T04:51:50.892+0000][gc,heap     ] GC(541) Humongous regions: 40->40
[2025-12-25T04:51:50.892+0000][gc,metaspace] GC(541) Metaspace: 12729K(13120K)->12729K(13120K) NonClass: 11629K(11776K)->11629K(11776K) Class: 1099K(1344K)->1099K(1344K)
[2025-12-25T04:51:50.893+0000][gc          ] GC(541) Pause Young (Normal) (G1 Evacuation Pause) 743M->136M(1024M) 15.945ms
[2025-12-25T04:51:50.893+0000][gc,cpu      ] GC(541) User=0.10s Sys=0.00s Real=0.02s
[2025-12-25T04:52:50.629+0000][gc,start    ] GC(542) Pause Young (Normal) (G1 Evacuation Pause)
[2025-12-25T04:52:50.629+0000][gc,task     ] GC(542) Using 8 workers of 8 for evacuation
[2025-12-25T04:52:50.646+0000][gc,phases   ] GC(542)   Pre Evacuate Collection Set: 1.2ms
[2025-12-25T04:52:50.646+0000][gc,phases   ] GC(542)   Merge Heap Roots: 0.3ms
[2025-12-25T04:52:50.646+0000][gc,phases   ] GC(542)   Evacuate Collection Set: 14.0ms
[2025-12-25T04:52:50.646+0000][gc,phases   ] GC(542)   Post Evacuate Collection Set: 1.3ms
[2025-12-25T04:52:50.646+0000][gc,phases   ] GC(542)   Other: 0.3ms
[2025-12-25T04:52:50.647+0000][gc,heap     ] GC(542) Eden regions: 607->0(608)
[2025-12-25T04:52:50.647+0000][gc,heap     ] GC(542) Survivor regions: 7->6(77)
[2025-12-25T04:52:50.647+0000][gc,heap     ] GC(542) Old regions: 91->91
[2025-12-25T04:52:50.647+0000][gc,heap     ] GC(542) Humongous regions: 40->40
[2025-12-25T04:52:50.647+0000][gc,metaspace] GC(542) Metaspace: 12729K(13120K)->12729K(13120K) NonClass: 11629K(11776K)->11629K(11776K) Class: 1099K(1344K)->1099K(1344K)
[2025-12-25T04:52:50.647+0000][gc          ] GC(542) Pause Young (Normal) (G1 Evacuation Pause) 743M->135M(1024M) 18.452ms
[2025-12-25T04:52:50.647+0000][gc,cpu      ] GC(542) User=0.10s Sys=0.00s Real=0.02s
[2025-12-25T04:53:40.715+0000][gc,start    ] GC(543) Pause Young (Normal) (G1 Evacuation Pause)
[2025-12-25T04:53:40.715+0000][gc,task     ] GC(543) Using 8 workers of 8 for evacuation
[2025-12-25T04:53:40.727+0000][gc,phases   ] GC(543)   Pre Evacuate Collection Set: 1.1ms
[2025-12-25T04:53:40.727+0000][gc,phases   ] GC(543)   Merge Heap Roots: 0.2ms
[2025-12-25T04:53:40.727+0000][gc,phases   ] GC(543)   Evacuate Collection Set: 6.7ms
[2025-12-25T04:53:40.727+0000][gc,phases   ] GC(543)   Post Evacuate Collection Set: 2.7ms
[2025-12-25T04:53:40.727+0000][gc,phases   ] GC(543)   Other: 0.4ms
[2025-12-25T04:53:40.727+0000][gc,heap     ] GC(543) Eden regions: 608->0(608)
[2025-12-25T04:53:40.727+0000][gc,heap     ] GC(543) Survivor regions: 6->6(77)
[2025-12-25T04:53:40.727+0000][gc,heap     ] GC(543) Old regions: 91->91
[2025-12-25T04:53:40.727+0000][gc,heap     ] GC(543) Humongous regions: 40->40
[2025-12-25T04:53:40.728+0000][gc,metaspace] GC(543) Metaspace: 12729K(13120K)->12729K(13120K) NonClass: 11629K(11776K)->11629K(11776K) Class: 1099K(1344K)->1099K(1344K)
[2025-12-25T04:53:40.728+0000][gc          ] GC(543) Pause Young (Normal) (G1 Evacuation Pause) 743M->135M(1024M) 12.619ms
[2025-12-25T04:53:40.728+0000][gc,cpu      ] GC(543) User=0.07s Sys=0.00s Real=0.01s
[2025-12-25T04:54:33.910+0000][gc,start    ] GC(544) Pause Young (Normal) (G1 Evacuation Pause)
[2025-12-25T04:54:33.911+0000][gc,task     ] GC(544) Using 8 workers of 8 for evacuation
[2025-12-25T04:54:33.924+0000][gc,phases   ] GC(544)   Pre Evacuate Collection Set: 1.7ms
[2025-12-25T04:54:33.924+0000][gc,phases   ] GC(544)   Merge Heap Roots: 0.3ms
[2025-12-25T04:54:33.924+0000][gc,phases   ] GC(544)   Evacuate Collection Set: 9.7ms
[2025-12-25T04:54:33.924+0000][gc,phases   ] GC(544)   Post Evacuate Collection Set: 1.2ms
[2025-12-25T04:54:33.924+0000][gc,phases   ] GC(544)   Other: 0.4ms
[2025-12-25T04:54:33.925+0000][gc,heap     ] GC(544) Eden regions: 608->0(608)
[2025-12-25T04:54:33.925+0000][gc,heap     ] GC(544) Survivor regions: 6->6(77)
[2025-12-25T04:54:33.925+0000][gc,heap     ] GC(544) Old regions: 91->91
[2025-12-25T04:54:33.925+0000][gc,heap     ] GC(544) Humongous regions: 40->40
[2025-12-25T04:54:33.925+0000][gc,metaspace] GC(544) Metaspace: 12735K(13120K)->12735K(13120K) NonClass: 11635K(11776K)->11635K(11776K) Class: 1099K(1344K)->1099K(1344K)
[2025-12-25T04:54:33.925+0000][gc          ] GC(544) Pause Young (Normal) (G1 Evacuation Pause) 743M->136M(1024M) 14.260ms
[2025-12-25T04:54:33.925+0000][gc,cpu      ] GC(544) User=0.08s Sys=0.00s Real=0.01s
[2025-12-25T05:10:31.680+0000][gc,start    ] GC(545) Pause Young (Normal) (G1 Evacuation Pause)
[2025-12-25T05:10:31.681+0000][gc,task     ] GC(545) Using 8 workers of 8 for evacuation
[2025-12-25T05:10:31.710+0000][gc,phases   ] GC(545)   Pre Evacuate Collection Set: 2.2ms
[2025-12-25T05:10:31.710+0000][gc,phases   ] GC(545)   Merge Heap Roots: 0.4ms
[2025-12-25T05:10:31.710+0000][gc,phases   ] GC(545)   Evacuate Collection Set: 24.1ms
[2025-12-25T05:10:31.710+0000][gc,phases   ] GC(545)   Post Evacuate Collection Set: 1.7ms
[2025-12-25T05:10:31.710+0000][gc,phases   ] GC(545)   Other: 0.5ms
[2025-12-25T05:10:31.710+0000][gc,heap     ] GC(545) Eden regions: 608->0(609)
[2025-12-25T05:10:31.710+0000][gc,heap     ] GC(545) Survivor regions: 6->5(77)
[2025-12-25T05:10:31.710+0000][gc,heap     ] GC(545) Old regions: 91->92
[2025-12-25T05:10:31.710+0000][gc,heap     ] GC(545) Humongous regions: 40->40
[2025-12-25T05:10:31.710+0000][gc,metaspace] GC(545) Metaspace: 12738K(13120K)->12738K(13120K) NonClass: 11638K(11776K)->11638K(11776K) Class: 1099K(1344K)->1099K(1344K)
[2025-12-25T05:10:31.711+0000][gc          ] GC(545) Pause Young (Normal) (G1 Evacuation Pause) 744M->135M(1024M) 30.731ms
[2025-12-25T05:10:31.711+0000][gc,cpu      ] GC(545) User=0.17s Sys=0.01s Real=0.03s
[2025-12-25T05:11:22.490+0000][gc,start    ] GC(546) Pause Young (Normal) (G1 Evacuation Pause)
[2025-12-25T05:11:22.491+0000][gc,task     ] GC(546) Using 8 workers of 8 for evacuation
[2025-12-25T05:11:22.565+0000][gc,phases   ] GC(546)   Pre Evacuate Collection Set: 8.5ms
[2025-12-25T05:11:22.567+0000][gc,phases   ] GC(546)   Merge Heap Roots: 1.3ms
[2025-12-25T05:11:22.567+0000][gc,phases   ] GC(546)   Evacuate Collection Set: 45.6ms
[2025-12-25T05:11:22.568+0000][gc,phases   ] GC(546)   Post Evacuate Collection Set: 16.3ms
[2025-12-25T05:11:22.570+0000][gc,phases   ] GC(546)   Other: 2.2ms
[2025-12-25T05:11:22.571+0000][gc,heap     ] GC(546) Eden regions: 609->0(609)
[2025-12-25T05:11:22.572+0000][gc,heap     ] GC(546) Survivor regions: 5->5(77)
[2025-12-25T05:11:22.573+0000][gc,heap     ] GC(546) Old regions: 92->92
[2025-12-25T05:11:22.573+0000][gc,heap     ] GC(546) Humongous regions: 40->40
[2025-12-25T05:11:22.574+0000][gc,metaspace] GC(546) Metaspace: 12738K(13120K)->12738K(13120K) NonClass: 11638K(11776K)->11638K(11776K) Class: 1099K(1344K)->1099K(1344K)
[2025-12-25T05:11:22.575+0000][gc          ] GC(546) Pause Young (Normal) (G1 Evacuation Pause) 744M->135M(1024M) 85.426ms
[2025-12-25T05:11:22.576+0000][gc,cpu      ] GC(546) User=0.29s Sys=0.01s Real=0.09s
[2025-12-25T05:27:10.263+0000][gc,start    ] GC(547) Pause Young (Normal) (G1 Evacuation Pause)
[2025-12-25T05:27:10.263+0000][gc,task     ] GC(547) Using 8 workers of 8 for evacuation
[2025-12-25T05:27:10.278+0000][gc,phases   ] GC(547)   Pre Evacuate Collection Set: 1.2ms
[2025-12-25T05:27:10.278+0000][gc,phases   ] GC(547)   Merge Heap Roots: 0.4ms
[2025-12-25T05:27:10.278+0000][gc,phases   ] GC(547)   Evacuate Collection Set: 11.0ms
[2025-12-25T05:27:10.279+0000][gc,phases   ] GC(547)   Post Evacuate Collection Set: 1.3ms
[2025-12-25T05:27:10.279+0000][gc,phases   ] GC(547)   Other: 0.3ms
[2025-12-25T05:27:10.279+0000][gc,heap     ] GC(547) Eden regions: 609->0(609)
[2025-12-25T05:27:10.279+0000][gc,heap     ] GC(547) Survivor regions: 5->5(77)
[2025-12-25T05:27:10.279+0000][gc,heap     ] GC(547) Old regions: 92->92
[2025-12-25T05:27:10.279+0000][gc,heap     ] GC(547) Humongous regions: 40->40
[2025-12-25T05:27:10.279+0000][gc,metaspace] GC(547) Metaspace: 12742K(13120K)->12742K(13120K) NonClass: 11642K(11776K)->11642K(11776K) Class: 1099K(1344K)->1099K(1344K)
[2025-12-25T05:27:10.279+0000][gc          ] GC(547) Pause Young (Normal) (G1 Evacuation Pause) 744M->136M(1024M) 16.438ms
[2025-12-25T05:27:10.279+0000][gc,cpu      ] GC(547) User=0.09s Sys=0.00s Real=0.01s
[2025-12-25T05:28:09.954+0000][gc,start    ] GC(548) Pause Young (Normal) (G1 Evacuation Pause)
[2025-12-25T05:28:09.955+0000][gc,task     ] GC(548) Using 8 workers of 8 for evacuation
[2025-12-25T05:28:09.975+0000][gc,phases   ] GC(548)   Pre Evacuate Collection Set: 1.2ms
[2025-12-25T05:28:09.975+0000][gc,phases   ] GC(548)   Merge Heap Roots: 0.2ms
[2025-12-25T05:28:09.975+0000][gc,phases   ] GC(548)   Evacuate Collection Set: 17.1ms
[2025-12-25T05:28:09.975+0000][gc,phases   ] GC(548)   Post Evacuate Collection Set: 1.3ms
[2025-12-25T05:28:09.975+0000][gc,phases   ] GC(548)   Other: 0.3ms
[2025-12-25T05:28:09.975+0000][gc,heap     ] GC(548) Eden regions: 609->0(610)
[2025-12-25T05:28:09.975+0000][gc,heap     ] GC(548) Survivor regions: 5->4(77)
[2025-12-25T05:28:09.975+0000][gc,heap     ] GC(548) Old regions: 92->93
[2025-12-25T05:28:09.975+0000][gc,heap     ] GC(548) Humongous regions: 40->40
[2025-12-25T05:28:09.975+0000][gc,metaspace] GC(548) Metaspace: 12742K(13120K)->12742K(13120K) NonClass: 11642K(11776K)->11642K(11776K) Class: 1099K(1344K)->1099K(1344K)
[2025-12-25T05:28:09.976+0000][gc          ] GC(548) Pause Young (Normal) (G1 Evacuation Pause) 745M->135M(1024M) 21.431ms
[2025-12-25T05:28:09.976+0000][gc,cpu      ] GC(548) User=0.15s Sys=0.00s Real=0.02s
[2025-12-25T05:29:00.105+0000][gc,start    ] GC(549) Pause Young (Normal) (G1 Evacuation Pause)
[2025-12-25T05:29:00.105+0000][gc,task     ] GC(549) Using 8 workers of 8 for evacuation
[2025-12-25T05:29:00.118+0000][gc,phases   ] GC(549)   Pre Evacuate Collection Set: 1.4ms
[2025-12-25T05:29:00.118+0000][gc,phases   ] GC(549)   Merge Heap Roots: 0.3ms
[2025-12-25T05:29:00.118+0000][gc,phases   ] GC(549)   Evacuate Collection Set: 9.3ms
[2025-12-25T05:29:00.118+0000][gc,phases   ] GC(549)   Post Evacuate Collection Set: 1.2ms
[2025-12-25T05:29:00.118+0000][gc,phases   ] GC(549)   Other: 0.4ms
[2025-12-25T05:29:00.118+0000][gc,heap     ] GC(549) Eden regions: 610->0(610)
[2025-12-25T05:29:00.118+0000][gc,heap     ] GC(549) Survivor regions: 4->4(77)
[2025-12-25T05:29:00.118+0000][gc,heap     ] GC(549) Old regions: 93->93
[2025-12-25T05:29:00.118+0000][gc,heap     ] GC(549) Humongous regions: 40->40
[2025-12-25T05:29:00.119+0000][gc,metaspace] GC(549) Metaspace: 12742K(13120K)->12742K(13120K) NonClass: 11642K(11776K)->11642K(11776K) Class: 1099K(1344K)->1099K(1344K)
[2025-12-25T05:29:00.119+0000][gc          ] GC(549) Pause Young (Normal) (G1 Evacuation Pause) 745M->136M(1024M) 13.824ms
[2025-12-25T05:29:00.119+0000][gc,cpu      ] GC(549) User=0.07s Sys=0.00s Real=0.01s
[2025-12-25T05:29:50.222+0000][gc,start    ] GC(550) Pause Young (Normal) (G1 Evacuation Pause)
[2025-12-25T05:29:50.223+0000][gc,task     ] GC(550) Using 8 workers of 8 for evacuation
[2025-12-25T05:29:50.236+0000][gc,phases   ] GC(550)   Pre Evacuate Collection Set: 1.4ms
[2025-12-25T05:29:50.236+0000][gc,phases   ] GC(550)   Merge Heap Roots: 0.2ms
[2025-12-25T05:29:50.236+0000][gc,phases   ] GC(550)   Evacuate Collection Set: 9.7ms
[2025-12-25T05:29:50.236+0000][gc,phases   ] GC(550)   Post Evacuate Collection Set: 1.3ms
[2025-12-25T05:29:50.236+0000][gc,phases   ] GC(550)   Other: 0.3ms
[2025-12-25T05:29:50.236+0000][gc,heap     ] GC(550) Eden regions: 610->0(610)
[2025-12-25T05:29:50.236+0000][gc,heap     ] GC(550) Survivor regions: 4->4(77)
[2025-12-25T05:29:50.236+0000][gc,heap     ] GC(550) Old regions: 93->93
[2025-12-25T05:29:50.237+0000][gc,heap     ] GC(550) Humongous regions: 40->40
[2025-12-25T05:29:50.237+0000][gc,metaspace] GC(550) Metaspace: 12742K(13120K)->12742K(13120K) NonClass: 11642K(11776K)->11642K(11776K) Class: 1099K(1344K)->1099K(1344K)
[2025-12-25T05:29:50.237+0000][gc          ] GC(550) Pause Young (Normal) (G1 Evacuation Pause) 746M->136M(1024M) 14.576ms
[2025-12-25T05:29:50.237+0000][gc,cpu      ] GC(550) User=0.08s Sys=0.00s Real=0.01s
[2025-12-25T05:30:50.029+0000][gc,start    ] GC(551) Pause Young (Normal) (G1 Evacuation Pause)
[2025-12-25T05:30:50.030+0000][gc,task     ] GC(551) Using 8 workers of 8 for evacuation
[2025-12-25T05:30:50.050+0000][gc,phases   ] GC(551)   Pre Evacuate Collection Set: 1.2ms
[2025-12-25T05:30:50.050+0000][gc,phases   ] GC(551)   Merge Heap Roots: 0.4ms
[2025-12-25T05:30:50.050+0000][gc,phases   ] GC(551)   Evacuate Collection Set: 15.9ms
[2025-12-25T05:30:50.050+0000][gc,phases   ] GC(551)   Post Evacuate Collection Set: 2.1ms
[2025-12-25T05:30:50.050+0000][gc,phases   ] GC(551)   Other: 0.3ms
[2025-12-25T05:30:50.050+0000][gc,heap     ] GC(551) Eden regions: 610->0(611)
[2025-12-25T05:30:50.050+0000][gc,heap     ] GC(551) Survivor regions: 4->3(77)
[2025-12-25T05:30:50.050+0000][gc,heap     ] GC(551) Old regions: 93->94
[2025-12-25T05:30:50.050+0000][gc,heap     ] GC(551) Humongous regions: 40->40
[2025-12-25T05:30:50.050+0000][gc,metaspace] GC(551) Metaspace: 12742K(13120K)->12742K(13120K) NonClass: 11642K(11776K)->11642K(11776K) Class: 1099K(1344K)->1099K(1344K)
[2025-12-25T05:30:50.050+0000][gc          ] GC(551) Pause Young (Normal) (G1 Evacuation Pause) 746M->135M(1024M) 21.063ms
[2025-12-25T05:30:50.050+0000][gc,cpu      ] GC(551) User=0.11s Sys=0.01s Real=0.02s
[2025-12-25T05:31:40.184+0000][gc,start    ] GC(552) Pause Young (Normal) (G1 Evacuation Pause)
[2025-12-25T05:31:40.185+0000][gc,task     ] GC(552) Using 8 workers of 8 for evacuation
[2025-12-25T05:31:40.195+0000][gc,phases   ] GC(552)   Pre Evacuate Collection Set: 1.0ms
[2025-12-25T05:31:40.195+0000][gc,phases   ] GC(552)   Merge Heap Roots: 0.2ms
[2025-12-25T05:31:40.195+0000][gc,phases   ] GC(552)   Evacuate Collection Set: 7.1ms
[2025-12-25T05:31:40.195+0000][gc,phases   ] GC(552)   Post Evacuate Collection Set: 1.5ms
[2025-12-25T05:31:40.195+0000][gc,phases   ] GC(552)   Other: 0.2ms
[2025-12-25T05:31:40.195+0000][gc,heap     ] GC(552) Eden regions: 611->0(611)
[2025-12-25T05:31:40.195+0000][gc,heap     ] GC(552) Survivor regions: 3->3(77)
[2025-12-25T05:31:40.195+0000][gc,heap     ] GC(552) Old regions: 94->94
[2025-12-25T05:31:40.195+0000][gc,heap     ] GC(552) Humongous regions: 40->40
[2025-12-25T05:31:40.195+0000][gc,metaspace] GC(552) Metaspace: 12742K(13120K)->12742K(13120K) NonClass: 11642K(11776K)->11642K(11776K) Class: 1099K(1344K)->1099K(1344K)
[2025-12-25T05:31:40.196+0000][gc          ] GC(552) Pause Young (Normal) (G1 Evacuation Pause) 746M->136M(1024M) 11.218ms
[2025-12-25T05:31:40.196+0000][gc,cpu      ] GC(552) User=0.07s Sys=0.00s Real=0.01s
[2025-12-25T05:32:30.282+0000][gc,start    ] GC(553) Pause Young (Normal) (G1 Evacuation Pause)
[2025-12-25T05:32:30.283+0000][gc,task     ] GC(553) Using 8 workers of 8 for evacuation
[2025-12-25T05:32:30.293+0000][gc,phases   ] GC(553)   Pre Evacuate Collection Set: 1.6ms
[2025-12-25T05:32:30.293+0000][gc,phases   ] GC(553)   Merge Heap Roots: 0.2ms
[2025-12-25T05:32:30.294+0000][gc,phases   ] GC(553)   Evacuate Collection Set: 7.0ms
[2025-12-25T05:32:30.294+0000][gc,phases   ] GC(553)   Post Evacuate Collection Set: 1.4ms
[2025-12-25T05:32:30.294+0000][gc,phases   ] GC(553)   Other: 0.2ms
[2025-12-25T05:32:30.294+0000][gc,heap     ] GC(553) Eden regions: 611->0(611)
[2025-12-25T05:32:30.294+0000][gc,heap     ] GC(553) Survivor regions: 3->3(77)
[2025-12-25T05:32:30.294+0000][gc,heap     ] GC(553) Old regions: 94->94
[2025-12-25T05:32:30.294+0000][gc,heap     ] GC(553) Humongous regions: 40->40
[2025-12-25T05:32:30.294+0000][gc,metaspace] GC(553) Metaspace: 12742K(13120K)->12742K(13120K) NonClass: 11642K(11776K)->11642K(11776K) Class: 1099K(1344K)->1099K(1344K)
[2025-12-25T05:32:30.294+0000][gc          ] GC(553) Pause Young (Normal) (G1 Evacuation Pause) 747M->136M(1024M) 11.582ms
[2025-12-25T05:32:30.294+0000][gc,cpu      ] GC(553) User=0.04s Sys=0.00s Real=0.02s
[2025-12-25T05:33:30.098+0000][gc,start    ] GC(554) Pause Young (Normal) (G1 Evacuation Pause)
[2025-12-25T05:33:30.098+0000][gc,task     ] GC(554) Using 8 workers of 8 for evacuation
[2025-12-25T05:33:30.114+0000][gc,phases   ] GC(554)   Pre Evacuate Collection Set: 1.1ms
[2025-12-25T05:33:30.114+0000][gc,phases   ] GC(554)   Merge Heap Roots: 0.2ms
[2025-12-25T05:33:30.114+0000][gc,phases   ] GC(554)   Evacuate Collection Set: 11.2ms
[2025-12-25T05:33:30.114+0000][gc,phases   ] GC(554)   Post Evacuate Collection Set: 2.7ms
[2025-12-25T05:33:30.114+0000][gc,phases   ] GC(554)   Other: 0.2ms
[2025-12-25T05:33:30.114+0000][gc,heap     ] GC(554) Eden regions: 611->0(611)
[2025-12-25T05:33:30.114+0000][gc,heap     ] GC(554) Survivor regions: 3->3(77)
[2025-12-25T05:33:30.114+0000][gc,heap     ] GC(554) Old regions: 94->94
[2025-12-25T05:33:30.114+0000][gc,heap     ] GC(554) Humongous regions: 40->40
[2025-12-25T05:33:30.114+0000][gc,metaspace] GC(554) Metaspace: 12742K(13120K)->12742K(13120K) NonClass: 11642K(11776K)->11642K(11776K) Class: 1099K(1344K)->1099K(1344K)
[2025-12-25T05:33:30.114+0000][gc          ] GC(554) Pause Young (Normal) (G1 Evacuation Pause) 747M->136M(1024M) 16.472ms
[2025-12-25T05:33:30.115+0000][gc,cpu      ] GC(554) User=0.09s Sys=0.01s Real=0.02s
[2025-12-25T05:34:20.280+0000][gc,start    ] GC(555) Pause Young (Normal) (G1 Evacuation Pause)
[2025-12-25T05:34:20.280+0000][gc,task     ] GC(555) Using 8 workers of 8 for evacuation
[2025-12-25T05:34:20.289+0000][gc,phases   ] GC(555)   Pre Evacuate Collection Set: 1.2ms
[2025-12-25T05:34:20.289+0000][gc,phases   ] GC(555)   Merge Heap Roots: 0.2ms
[2025-12-25T05:34:20.289+0000][gc,phases   ] GC(555)   Evacuate Collection Set: 6.0ms
[2025-12-25T05:34:20.289+0000][gc,phases   ] GC(555)   Post Evacuate Collection Set: 1.2ms
[2025-12-25T05:34:20.289+0000][gc,phases   ] GC(555)   Other: 0.2ms
[2025-12-25T05:34:20.290+0000][gc,heap     ] GC(555) Eden regions: 611->0(611)
[2025-12-25T05:34:20.290+0000][gc,heap     ] GC(555) Survivor regions: 3->3(77)
[2025-12-25T05:34:20.290+0000][gc,heap     ] GC(555) Old regions: 94->94
[2025-12-25T05:34:20.290+0000][gc,heap     ] GC(555) Humongous regions: 40->40
[2025-12-25T05:34:20.290+0000][gc,metaspace] GC(555) Metaspace: 12742K(13120K)->12742K(13120K) NonClass: 11642K(11776K)->11642K(11776K) Class: 1099K(1344K)->1099K(1344K)
[2025-12-25T05:34:20.290+0000][gc          ] GC(555) Pause Young (Normal) (G1 Evacuation Pause) 747M->136M(1024M) 10.155ms
[2025-12-25T05:34:20.290+0000][gc,cpu      ] GC(555) User=0.05s Sys=0.00s Real=0.01s
[2025-12-25T05:35:20.024+0000][gc,start    ] GC(556) Pause Young (Normal) (G1 Evacuation Pause)
[2025-12-25T05:35:20.025+0000][gc,task     ] GC(556) Using 8 workers of 8 for evacuation
[2025-12-25T05:35:20.048+0000][gc,phases   ] GC(556)   Pre Evacuate Collection Set: 2.7ms
[2025-12-25T05:35:20.049+0000][gc,phases   ] GC(556)   Merge Heap Roots: 1.8ms
[2025-12-25T05:35:20.049+0000][gc,phases   ] GC(556)   Evacuate Collection Set: 16.3ms
[2025-12-25T05:35:20.049+0000][gc,phases   ] GC(556)   Post Evacuate Collection Set: 2.3ms
[2025-12-25T05:35:20.049+0000][gc,phases   ] GC(556)   Other: 0.6ms
[2025-12-25T05:35:20.049+0000][gc,heap     ] GC(556) Eden regions: 611->0(611)
[2025-12-25T05:35:20.049+0000][gc,heap     ] GC(556) Survivor regions: 3->3(77)
[2025-12-25T05:35:20.049+0000][gc,heap     ] GC(556) Old regions: 94->94
[2025-12-25T05:35:20.049+0000][gc,heap     ] GC(556) Humongous regions: 40->40
[2025-12-25T05:35:20.049+0000][gc,metaspace] GC(556) Metaspace: 12742K(13120K)->12742K(13120K) NonClass: 11642K(11776K)->11642K(11776K) Class: 1099K(1344K)->1099K(1344K)
[2025-12-25T05:35:20.049+0000][gc          ] GC(556) Pause Young (Normal) (G1 Evacuation Pause) 747M->135M(1024M) 25.337ms
[2025-12-25T05:35:20.049+0000][gc,cpu      ] GC(556) User=0.13s Sys=0.02s Real=0.03s
[2025-12-25T05:36:10.146+0000][gc,start    ] GC(557) Pause Young (Normal) (G1 Evacuation Pause)
[2025-12-25T05:36:10.148+0000][gc,task     ] GC(557) Using 8 workers of 8 for evacuation
[2025-12-25T05:36:10.172+0000][gc,phases   ] GC(557)   Pre Evacuate Collection Set: 5.1ms
[2025-12-25T05:36:10.172+0000][gc,phases   ] GC(557)   Merge Heap Roots: 0.6ms
[2025-12-25T05:36:10.172+0000][gc,phases   ] GC(557)   Evacuate Collection Set: 9.3ms
[2025-12-25T05:36:10.172+0000][gc,phases   ] GC(557)   Post Evacuate Collection Set: 7.4ms
[2025-12-25T05:36:10.172+0000][gc,phases   ] GC(557)   Other: 2.1ms
[2025-12-25T05:36:10.172+0000][gc,heap     ] GC(557) Eden regions: 611->0(611)
[2025-12-25T05:36:10.172+0000][gc,heap     ] GC(557) Survivor regions: 3->3(77)
[2025-12-25T05:36:10.172+0000][gc,heap     ] GC(557) Old regions: 94->94
[2025-12-25T05:36:10.172+0000][gc,heap     ] GC(557) Humongous regions: 40->40
[2025-12-25T05:36:10.173+0000][gc,metaspace] GC(557) Metaspace: 12742K(13120K)->12742K(13120K) NonClass: 11642K(11776K)->11642K(11776K) Class: 1099K(1344K)->1099K(1344K)
[2025-12-25T05:36:10.173+0000][gc          ] GC(557) Pause Young (Normal) (G1 Evacuation Pause) 746M->136M(1024M) 26.344ms
[2025-12-25T05:36:10.173+0000][gc,cpu      ] GC(557) User=0.10s Sys=0.01s Real=0.02s
[2025-12-25T05:37:00.272+0000][gc,start    ] GC(558) Pause Young (Normal) (G1 Evacuation Pause)
[2025-12-25T05:37:00.272+0000][gc,task     ] GC(558) Using 8 workers of 8 for evacuation
[2025-12-25T05:37:00.283+0000][gc,phases   ] GC(558)   Pre Evacuate Collection Set: 1.1ms
[2025-12-25T05:37:00.283+0000][gc,phases   ] GC(558)   Merge Heap Roots: 0.2ms
[2025-12-25T05:37:00.283+0000][gc,phases   ] GC(558)   Evacuate Collection Set: 8.0ms
[2025-12-25T05:37:00.283+0000][gc,phases   ] GC(558)   Post Evacuate Collection Set: 1.2ms
[2025-12-25T05:37:00.283+0000][gc,phases   ] GC(558)   Other: 0.2ms
[2025-12-25T05:37:00.283+0000][gc,heap     ] GC(558) Eden regions: 611->0(611)
[2025-12-25T05:37:00.283+0000][gc,heap     ] GC(558) Survivor regions: 3->3(77)
[2025-12-25T05:37:00.283+0000][gc,heap     ] GC(558) Old regions: 94->95
[2025-12-25T05:37:00.283+0000][gc,heap     ] GC(558) Humongous regions: 40->40
[2025-12-25T05:37:00.283+0000][gc,metaspace] GC(558) Metaspace: 12742K(13120K)->12742K(13120K) NonClass: 11642K(11776K)->11642K(11776K) Class: 1099K(1344K)->1099K(1344K)
[2025-12-25T05:37:00.283+0000][gc          ] GC(558) Pause Young (Normal) (G1 Evacuation Pause) 747M->136M(1024M) 11.975ms
[2025-12-25T05:37:00.284+0000][gc,cpu      ] GC(558) User=0.06s Sys=0.00s Real=0.01s
[2025-12-25T05:38:00.018+0000][gc,start    ] GC(559) Pause Young (Normal) (G1 Evacuation Pause)
[2025-12-25T05:38:00.018+0000][gc,task     ] GC(559) Using 8 workers of 8 for evacuation
[2025-12-25T05:38:00.026+0000][gc,phases   ] GC(559)   Pre Evacuate Collection Set: 1.4ms
[2025-12-25T05:38:00.026+0000][gc,phases   ] GC(559)   Merge Heap Roots: 0.2ms
[2025-12-25T05:38:00.026+0000][gc,phases   ] GC(559)   Evacuate Collection Set: 4.6ms
[2025-12-25T05:38:00.026+0000][gc,phases   ] GC(559)   Post Evacuate Collection Set: 1.1ms
[2025-12-25T05:38:00.026+0000][gc,phases   ] GC(559)   Other: 0.3ms
[2025-12-25T05:38:00.026+0000][gc,heap     ] GC(559) Eden regions: 611->0(613)
[2025-12-25T05:38:00.026+0000][gc,heap     ] GC(559) Survivor regions: 3->1(77)
[2025-12-25T05:38:00.027+0000][gc,heap     ] GC(559) Old regions: 95->95
[2025-12-25T05:38:00.027+0000][gc,heap     ] GC(559) Humongous regions: 40->40
[2025-12-25T05:38:00.027+0000][gc,metaspace] GC(559) Metaspace: 12742K(13120K)->12742K(13120K) NonClass: 11642K(11776K)->11642K(11776K) Class: 1099K(1344K)->1099K(1344K)
[2025-12-25T05:38:00.027+0000][gc          ] GC(559) Pause Young (Normal) (G1 Evacuation Pause) 747M->135M(1024M) 8.746ms
[2025-12-25T05:38:00.027+0000][gc,cpu      ] GC(559) User=0.03s Sys=0.00s Real=0.01s
[2025-12-25T05:38:50.202+0000][gc,start    ] GC(560) Pause Young (Normal) (G1 Evacuation Pause)
[2025-12-25T05:38:50.202+0000][gc,task     ] GC(560) Using 8 workers of 8 for evacuation
[2025-12-25T05:38:50.217+0000][gc,phases   ] GC(560)   Pre Evacuate Collection Set: 1.1ms
[2025-12-25T05:38:50.217+0000][gc,phases   ] GC(560)   Merge Heap Roots: 0.2ms
[2025-12-25T05:38:50.217+0000][gc,phases   ] GC(560)   Evacuate Collection Set: 9.6ms
[2025-12-25T05:38:50.217+0000][gc,phases   ] GC(560)   Post Evacuate Collection Set: 2.9ms
[2025-12-25T05:38:50.217+0000][gc,phases   ] GC(560)   Other: 0.2ms
[2025-12-25T05:38:50.217+0000][gc,heap     ] GC(560) Eden regions: 613->0(612)
[2025-12-25T05:38:50.217+0000][gc,heap     ] GC(560) Survivor regions: 1->2(77)
[2025-12-25T05:38:50.217+0000][gc,heap     ] GC(560) Old regions: 95->96
[2025-12-25T05:38:50.217+0000][gc,heap     ] GC(560) Humongous regions: 40->40
[2025-12-25T05:38:50.217+0000][gc,metaspace] GC(560) Metaspace: 12749K(13120K)->12749K(13120K) NonClass: 11649K(11776K)->11649K(11776K) Class: 1099K(1344K)->1099K(1344K)
[2025-12-25T05:38:50.218+0000][gc          ] GC(560) Pause Young (Normal) (G1 Evacuation Pause) 748M->136M(1024M) 15.520ms
[2025-12-25T05:38:50.218+0000][gc,cpu      ] GC(560) User=0.06s Sys=0.02s Real=0.01s
[2025-12-25T05:39:49.932+0000][gc,start    ] GC(561) Pause Young (Normal) (G1 Evacuation Pause)
[2025-12-25T05:39:49.933+0000][gc,task     ] GC(561) Using 8 workers of 8 for evacuation
[2025-12-25T05:39:49.951+0000][gc,phases   ] GC(561)   Pre Evacuate Collection Set: 2.3ms
[2025-12-25T05:39:49.951+0000][gc,phases   ] GC(561)   Merge Heap Roots: 0.4ms
[2025-12-25T05:39:49.952+0000][gc,phases   ] GC(561)   Evacuate Collection Set: 11.6ms
[2025-12-25T05:39:49.952+0000][gc,phases   ] GC(561)   Post Evacuate Collection Set: 3.7ms
[2025-12-25T05:39:49.952+0000][gc,phases   ] GC(561)   Other: 0.6ms
[2025-12-25T05:39:49.952+0000][gc,heap     ] GC(561) Eden regions: 612->0(613)
[2025-12-25T05:39:49.952+0000][gc,heap     ] GC(561) Survivor regions: 2->1(77)
[2025-12-25T05:39:49.952+0000][gc,heap     ] GC(561) Old regions: 96->96
[2025-12-25T05:39:49.952+0000][gc,heap     ] GC(561) Humongous regions: 40->40
[2025-12-25T05:39:49.952+0000][gc,metaspace] GC(561) Metaspace: 12749K(13120K)->12749K(13120K) NonClass: 11649K(11776K)->11649K(11776K) Class: 1099K(1344K)->1099K(1344K)
[2025-12-25T05:39:49.952+0000][gc          ] GC(561) Pause Young (Normal) (G1 Evacuation Pause) 748M->135M(1024M) 20.752ms
[2025-12-25T05:39:49.953+0000][gc,cpu      ] GC(561) User=0.10s Sys=0.00s Real=0.02s
[2025-12-25T05:40:40.100+0000][gc,start    ] GC(562) Pause Young (Normal) (G1 Evacuation Pause)
[2025-12-25T05:40:40.100+0000][gc,task     ] GC(562) Using 8 workers of 8 for evacuation
[2025-12-25T05:40:40.110+0000][gc,phases   ] GC(562)   Pre Evacuate Collection Set: 1.3ms
[2025-12-25T05:40:40.110+0000][gc,phases   ] GC(562)   Merge Heap Roots: 0.2ms
[2025-12-25T05:40:40.110+0000][gc,phases   ] GC(562)   Evacuate Collection Set: 3.7ms
[2025-12-25T05:40:40.110+0000][gc,phases   ] GC(562)   Post Evacuate Collection Set: 4.2ms
[2025-12-25T05:40:40.110+0000][gc,phases   ] GC(562)   Other: 0.2ms
[2025-12-25T05:40:40.110+0000][gc,heap     ] GC(562) Eden regions: 613->0(612)
[2025-12-25T05:40:40.111+0000][gc,heap     ] GC(562) Survivor regions: 1->2(77)
[2025-12-25T05:40:40.111+0000][gc,heap     ] GC(562) Old regions: 96->96
[2025-12-25T05:40:40.111+0000][gc,heap     ] GC(562) Humongous regions: 40->40
[2025-12-25T05:40:40.111+0000][gc,metaspace] GC(562) Metaspace: 12749K(13120K)->12749K(13120K) NonClass: 11649K(11776K)->11649K(11776K) Class: 1099K(1344K)->1099K(1344K)
[2025-12-25T05:40:40.111+0000][gc          ] GC(562) Pause Young (Normal) (G1 Evacuation Pause) 748M->136M(1024M) 10.798ms
[2025-12-25T05:40:40.111+0000][gc,cpu      ] GC(562) User=0.03s Sys=0.01s Real=0.01s
[2025-12-25T05:41:30.259+0000][gc,start    ] GC(563) Pause Young (Normal) (G1 Evacuation Pause)
[2025-12-25T05:41:30.259+0000][gc,task     ] GC(563) Using 8 workers of 8 for evacuation
[2025-12-25T05:41:30.276+0000][gc,phases   ] GC(563)   Pre Evacuate Collection Set: 3.1ms
[2025-12-25T05:41:30.276+0000][gc,phases   ] GC(563)   Merge Heap Roots: 0.5ms
[2025-12-25T05:41:30.276+0000][gc,phases   ] GC(563)   Evacuate Collection Set: 10.2ms
[2025-12-25T05:41:30.276+0000][gc,phases   ] GC(563)   Post Evacuate Collection Set: 1.6ms
[2025-12-25T05:41:30.276+0000][gc,phases   ] GC(563)   Other: 0.7ms
[2025-12-25T05:41:30.276+0000][gc,heap     ] GC(563) Eden regions: 612->0(612)
[2025-12-25T05:41:30.276+0000][gc,heap     ] GC(563) Survivor regions: 2->2(77)
[2025-12-25T05:41:30.276+0000][gc,heap     ] GC(563) Old regions: 96->96
[2025-12-25T05:41:30.276+0000][gc,heap     ] GC(563) Humongous regions: 40->40
[2025-12-25T05:41:30.276+0000][gc,metaspace] GC(563) Metaspace: 12749K(13120K)->12749K(13120K) NonClass: 11649K(11776K)->11649K(11776K) Class: 1099K(1344K)->1099K(1344K)
[2025-12-25T05:41:30.277+0000][gc          ] GC(563) Pause Young (Normal) (G1 Evacuation Pause) 748M->136M(1024M) 17.683ms
[2025-12-25T05:41:30.277+0000][gc,cpu      ] GC(563) User=0.07s Sys=0.01s Real=0.02s
[2025-12-25T05:42:29.961+0000][gc,start    ] GC(564) Pause Young (Normal) (G1 Evacuation Pause)
[2025-12-25T05:42:29.962+0000][gc,task     ] GC(564) Using 8 workers of 8 for evacuation
[2025-12-25T05:42:29.970+0000][gc,phases   ] GC(564)   Pre Evacuate Collection Set: 1.3ms
[2025-12-25T05:42:29.970+0000][gc,phases   ] GC(564)   Merge Heap Roots: 0.2ms
[2025-12-25T05:42:29.970+0000][gc,phases   ] GC(564)   Evacuate Collection Set: 3.2ms
[2025-12-25T05:42:29.970+0000][gc,phases   ] GC(564)   Post Evacuate Collection Set: 2.0ms
[2025-12-25T05:42:29.970+0000][gc,phases   ] GC(564)   Other: 0.8ms
[2025-12-25T05:42:29.971+0000][gc,heap     ] GC(564) Eden regions: 612->0(613)
[2025-12-25T05:42:29.971+0000][gc,heap     ] GC(564) Survivor regions: 2->1(77)
[2025-12-25T05:42:29.971+0000][gc,heap     ] GC(564) Old regions: 96->96
[2025-12-25T05:42:29.971+0000][gc,heap     ] GC(564) Humongous regions: 40->40
[2025-12-25T05:42:29.971+0000][gc,metaspace] GC(564) Metaspace: 12749K(13120K)->12749K(13120K) NonClass: 11649K(11776K)->11649K(11776K) Class: 1099K(1344K)->1099K(1344K)
[2025-12-25T05:42:29.971+0000][gc          ] GC(564) Pause Young (Normal) (G1 Evacuation Pause) 748M->136M(1024M) 9.666ms
[2025-12-25T05:42:29.971+0000][gc,cpu      ] GC(564) User=0.04s Sys=0.00s Real=0.01s
[2025-12-25T05:43:20.073+0000][gc,start    ] GC(565) Pause Young (Normal) (G1 Evacuation Pause)
[2025-12-25T05:43:20.074+0000][gc,task     ] GC(565) Using 8 workers of 8 for evacuation
[2025-12-25T05:43:20.080+0000][gc,phases   ] GC(565)   Pre Evacuate Collection Set: 1.2ms
[2025-12-25T05:43:20.080+0000][gc,phases   ] GC(565)   Merge Heap Roots: 0.2ms
[2025-12-25T05:43:20.080+0000][gc,phases   ] GC(565)   Evacuate Collection Set: 3.2ms
[2025-12-25T05:43:20.080+0000][gc,phases   ] GC(565)   Post Evacuate Collection Set: 1.1ms
[2025-12-25T05:43:20.080+0000][gc,phases   ] GC(565)   Other: 0.2ms
[2025-12-25T05:43:20.080+0000][gc,heap     ] GC(565) Eden regions: 613->0(612)
[2025-12-25T05:43:20.080+0000][gc,heap     ] GC(565) Survivor regions: 1->2(77)
[2025-12-25T05:43:20.080+0000][gc,heap     ] GC(565) Old regions: 96->96
[2025-12-25T05:43:20.080+0000][gc,heap     ] GC(565) Humongous regions: 40->40
[2025-12-25T05:43:20.080+0000][gc,metaspace] GC(565) Metaspace: 12749K(13120K)->12749K(13120K) NonClass: 11649K(11776K)->11649K(11776K) Class: 1099K(1344K)->1099K(1344K)
[2025-12-25T05:43:20.080+0000][gc          ] GC(565) Pause Young (Normal) (G1 Evacuation Pause) 749M->136M(1024M) 7.114ms
[2025-12-25T05:43:20.080+0000][gc,cpu      ] GC(565) User=0.03s Sys=0.00s Real=0.01s
[2025-12-25T05:44:17.310+0000][gc,start    ] GC(566) Pause Young (Normal) (G1 Evacuation Pause)
[2025-12-25T05:44:17.311+0000][gc,task     ] GC(566) Using 8 workers of 8 for evacuation
[2025-12-25T05:44:17.325+0000][gc,phases   ] GC(566)   Pre Evacuate Collection Set: 1.2ms
[2025-12-25T05:44:17.325+0000][gc,phases   ] GC(566)   Merge Heap Roots: 0.2ms
[2025-12-25T05:44:17.325+0000][gc,phases   ] GC(566)   Evacuate Collection Set: 8.7ms
[2025-12-25T05:44:17.325+0000][gc,phases   ] GC(566)   Post Evacuate Collection Set: 3.4ms
[2025-12-25T05:44:17.325+0000][gc,phases   ] GC(566)   Other: 0.2ms
[2025-12-25T05:44:17.325+0000][gc,heap     ] GC(566) Eden regions: 612->0(613)
[2025-12-25T05:44:17.325+0000][gc,heap     ] GC(566) Survivor regions: 2->1(77)
[2025-12-25T05:44:17.325+0000][gc,heap     ] GC(566) Old regions: 96->96
[2025-12-25T05:44:17.325+0000][gc,heap     ] GC(566) Humongous regions: 40->40
[2025-12-25T05:44:17.325+0000][gc,metaspace] GC(566) Metaspace: 12751K(13120K)->12751K(13120K) NonClass: 11651K(11776K)->11651K(11776K) Class: 1099K(1344K)->1099K(1344K)
[2025-12-25T05:44:17.325+0000][gc          ] GC(566) Pause Young (Normal) (G1 Evacuation Pause) 748M->135M(1024M) 15.044ms
[2025-12-25T05:44:17.325+0000][gc,cpu      ] GC(566) User=0.07s Sys=0.00s Real=0.01s
[2025-12-25T05:45:10.039+0000][gc,start    ] GC(567) Pause Young (Normal) (G1 Evacuation Pause)
[2025-12-25T05:45:10.040+0000][gc,task     ] GC(567) Using 8 workers of 8 for evacuation
[2025-12-25T05:45:10.047+0000][gc,phases   ] GC(567)   Pre Evacuate Collection Set: 1.4ms
[2025-12-25T05:45:10.047+0000][gc,phases   ] GC(567)   Merge Heap Roots: 0.3ms
[2025-12-25T05:45:10.047+0000][gc,phases   ] GC(567)   Evacuate Collection Set: 3.8ms
[2025-12-25T05:45:10.047+0000][gc,phases   ] GC(567)   Post Evacuate Collection Set: 1.4ms
[2025-12-25T05:45:10.047+0000][gc,phases   ] GC(567)   Other: 0.4ms
[2025-12-25T05:45:10.047+0000][gc,heap     ] GC(567) Eden regions: 613->0(613)
[2025-12-25T05:45:10.047+0000][gc,heap     ] GC(567) Survivor regions: 1->1(77)
[2025-12-25T05:45:10.047+0000][gc,heap     ] GC(567) Old regions: 96->96
[2025-12-25T05:45:10.047+0000][gc,heap     ] GC(567) Humongous regions: 40->40
[2025-12-25T05:45:10.047+0000][gc,metaspace] GC(567) Metaspace: 12751K(13120K)->12751K(13120K) NonClass: 11651K(11776K)->11651K(11776K) Class: 1099K(1344K)->1099K(1344K)
[2025-12-25T05:45:10.047+0000][gc          ] GC(567) Pause Young (Normal) (G1 Evacuation Pause) 748M->136M(1024M) 8.351ms
[2025-12-25T05:45:10.047+0000][gc,cpu      ] GC(567) User=0.03s Sys=0.00s Real=0.01s
[2025-12-25T05:46:00.134+0000][gc,start    ] GC(568) Pause Young (Normal) (G1 Evacuation Pause)
[2025-12-25T05:46:00.134+0000][gc,task     ] GC(568) Using 8 workers of 8 for evacuation
[2025-12-25T05:46:00.141+0000][gc,phases   ] GC(568)   Pre Evacuate Collection Set: 1.2ms
[2025-12-25T05:46:00.141+0000][gc,phases   ] GC(568)   Merge Heap Roots: 0.3ms
[2025-12-25T05:46:00.141+0000][gc,phases   ] GC(568)   Evacuate Collection Set: 3.5ms
[2025-12-25T05:46:00.141+0000][gc,phases   ] GC(568)   Post Evacuate Collection Set: 1.2ms
[2025-12-25T05:46:00.141+0000][gc,phases   ] GC(568)   Other: 0.6ms
[2025-12-25T05:46:00.141+0000][gc,heap     ] GC(568) Eden regions: 613->0(612)
[2025-12-25T05:46:00.141+0000][gc,heap     ] GC(568) Survivor regions: 1->2(77)
[2025-12-25T05:46:00.141+0000][gc,heap     ] GC(568) Old regions: 96->96
[2025-12-25T05:46:00.141+0000][gc,heap     ] GC(568) Humongous regions: 40->40
[2025-12-25T05:46:00.141+0000][gc,metaspace] GC(568) Metaspace: 12751K(13120K)->12751K(13120K) NonClass: 11651K(11776K)->11651K(11776K) Class: 1099K(1344K)->1099K(1344K)
[2025-12-25T05:46:00.141+0000][gc          ] GC(568) Pause Young (Normal) (G1 Evacuation Pause) 749M->136M(1024M) 7.696ms
[2025-12-25T05:46:00.141+0000][gc,cpu      ] GC(568) User=0.03s Sys=0.01s Real=0.00s
[2025-12-25T05:46:59.908+0000][gc,start    ] GC(569) Pause Young (Normal) (G1 Evacuation Pause)
[2025-12-25T05:46:59.909+0000][gc,task     ] GC(569) Using 8 workers of 8 for evacuation
[2025-12-25T05:46:59.914+0000][gc,phases   ] GC(569)   Pre Evacuate Collection Set: 1.1ms
[2025-12-25T05:46:59.915+0000][gc,phases   ] GC(569)   Merge Heap Roots: 0.2ms
[2025-12-25T05:46:59.915+0000][gc,phases   ] GC(569)   Evacuate Collection Set: 3.0ms
[2025-12-25T05:46:59.915+0000][gc,phases   ] GC(569)   Post Evacuate Collection Set: 1.3ms
[2025-12-25T05:46:59.915+0000][gc,phases   ] GC(569)   Other: 0.4ms
[2025-12-25T05:46:59.915+0000][gc,heap     ] GC(569) Eden regions: 612->0(613)
[2025-12-25T05:46:59.915+0000][gc,heap     ] GC(569) Survivor regions: 2->1(77)
[2025-12-25T05:46:59.915+0000][gc,heap     ] GC(569) Old regions: 96->96
[2025-12-25T05:46:59.915+0000][gc,heap     ] GC(569) Humongous regions: 40->40
[2025-12-25T05:46:59.915+0000][gc,metaspace] GC(569) Metaspace: 12751K(13120K)->12751K(13120K) NonClass: 11651K(11776K)->11651K(11776K) Class: 1099K(1344K)->1099K(1344K)
[2025-12-25T05:46:59.915+0000][gc          ] GC(569) Pause Young (Normal) (G1 Evacuation Pause) 748M->135M(1024M) 7.264ms
[2025-12-25T05:46:59.915+0000][gc,cpu      ] GC(569) User=0.03s Sys=0.00s Real=0.01s
[2025-12-25T05:47:50.047+0000][gc,start    ] GC(570) Pause Young (Normal) (G1 Evacuation Pause)
[2025-12-25T05:47:50.047+0000][gc,task     ] GC(570) Using 8 workers of 8 for evacuation
[2025-12-25T05:47:50.057+0000][gc,phases   ] GC(570)   Pre Evacuate Collection Set: 2.2ms
[2025-12-25T05:47:50.057+0000][gc,phases   ] GC(570)   Merge Heap Roots: 0.3ms
[2025-12-25T05:47:50.057+0000][gc,phases   ] GC(570)   Evacuate Collection Set: 4.1ms
[2025-12-25T05:47:50.057+0000][gc,phases   ] GC(570)   Post Evacuate Collection Set: 2.3ms
[2025-12-25T05:47:50.057+0000][gc,phases   ] GC(570)   Other: 0.5ms
[2025-12-25T05:47:50.057+0000][gc,heap     ] GC(570) Eden regions: 613->0(612)
[2025-12-25T05:47:50.057+0000][gc,heap     ] GC(570) Survivor regions: 1->2(77)
[2025-12-25T05:47:50.057+0000][gc,heap     ] GC(570) Old regions: 96->96
[2025-12-25T05:47:50.057+0000][gc,heap     ] GC(570) Humongous regions: 40->40
[2025-12-25T05:47:50.057+0000][gc,metaspace] GC(570) Metaspace: 12751K(13120K)->12751K(13120K) NonClass: 11651K(11776K)->11651K(11776K) Class: 1099K(1344K)->1099K(1344K)
[2025-12-25T05:47:50.057+0000][gc          ] GC(570) Pause Young (Normal) (G1 Evacuation Pause) 748M->136M(1024M) 10.667ms
[2025-12-25T05:47:50.057+0000][gc,cpu      ] GC(570) User=0.04s Sys=0.01s Real=0.01s
[2025-12-25T05:48:40.184+0000][gc,start    ] GC(571) Pause Young (Normal) (G1 Evacuation Pause)
[2025-12-25T05:48:40.185+0000][gc,task     ] GC(571) Using 8 workers of 8 for evacuation
[2025-12-25T05:48:40.194+0000][gc,phases   ] GC(571)   Pre Evacuate Collection Set: 1.2ms
[2025-12-25T05:48:40.194+0000][gc,phases   ] GC(571)   Merge Heap Roots: 0.3ms
[2025-12-25T05:48:40.194+0000][gc,phases   ] GC(571)   Evacuate Collection Set: 3.2ms
[2025-12-25T05:48:40.194+0000][gc,phases   ] GC(571)   Post Evacuate Collection Set: 3.9ms
[2025-12-25T05:48:40.194+0000][gc,phases   ] GC(571)   Other: 0.4ms
[2025-12-25T05:48:40.194+0000][gc,heap     ] GC(571) Eden regions: 612->0(612)
[2025-12-25T05:48:40.195+0000][gc,heap     ] GC(571) Survivor regions: 2->2(77)
[2025-12-25T05:48:40.195+0000][gc,heap     ] GC(571) Old regions: 96->96
[2025-12-25T05:48:40.195+0000][gc,heap     ] GC(571) Humongous regions: 40->40
[2025-12-25T05:48:40.195+0000][gc,metaspace] GC(571) Metaspace: 12752K(13120K)->12752K(13120K) NonClass: 11652K(11776K)->11652K(11776K) Class: 1099K(1344K)->1099K(1344K)
[2025-12-25T05:48:40.195+0000][gc          ] GC(571) Pause Young (Normal) (G1 Evacuation Pause) 748M->136M(1024M) 10.689ms
[2025-12-25T05:48:40.195+0000][gc,cpu      ] GC(571) User=0.03s Sys=0.00s Real=0.01s
[2025-12-25T05:49:39.971+0000][gc,start    ] GC(572) Pause Young (Normal) (G1 Evacuation Pause)
[2025-12-25T05:49:39.972+0000][gc,task     ] GC(572) Using 8 workers of 8 for evacuation
[2025-12-25T05:49:39.978+0000][gc,phases   ] GC(572)   Pre Evacuate Collection Set: 1.4ms
[2025-12-25T05:49:39.978+0000][gc,phases   ] GC(572)   Merge Heap Roots: 0.2ms
[2025-12-25T05:49:39.978+0000][gc,phases   ] GC(572)   Evacuate Collection Set: 2.5ms
[2025-12-25T05:49:39.978+0000][gc,phases   ] GC(572)   Post Evacuate Collection Set: 1.0ms
[2025-12-25T05:49:39.978+0000][gc,phases   ] GC(572)   Other: 0.9ms
[2025-12-25T05:49:39.978+0000][gc,heap     ] GC(572) Eden regions: 612->0(612)
[2025-12-25T05:49:39.978+0000][gc,heap     ] GC(572) Survivor regions: 2->2(77)
[2025-12-25T05:49:39.978+0000][gc,heap     ] GC(572) Old regions: 96->96
[2025-12-25T05:49:39.978+0000][gc,heap     ] GC(572) Humongous regions: 40->40
[2025-12-25T05:49:39.978+0000][gc,metaspace] GC(572) Metaspace: 12752K(13120K)->12752K(13120K) NonClass: 11652K(11776K)->11652K(11776K) Class: 1099K(1344K)->1099K(1344K)
[2025-12-25T05:49:39.978+0000][gc          ] GC(572) Pause Young (Normal) (G1 Evacuation Pause) 748M->136M(1024M) 7.656ms
[2025-12-25T05:49:39.978+0000][gc,cpu      ] GC(572) User=0.03s Sys=0.00s Real=0.01s
[2025-12-25T05:50:30.048+0000][gc,start    ] GC(573) Pause Young (Normal) (G1 Evacuation Pause)
[2025-12-25T05:50:30.048+0000][gc,task     ] GC(573) Using 8 workers of 8 for evacuation
[2025-12-25T05:50:30.062+0000][gc,phases   ] GC(573)   Pre Evacuate Collection Set: 3.3ms
[2025-12-25T05:50:30.062+0000][gc,phases   ] GC(573)   Merge Heap Roots: 0.4ms
[2025-12-25T05:50:30.062+0000][gc,phases   ] GC(573)   Evacuate Collection Set: 7.9ms
[2025-12-25T05:50:30.063+0000][gc,phases   ] GC(573)   Post Evacuate Collection Set: 2.4ms
[2025-12-25T05:50:30.063+0000][gc,phases   ] GC(573)   Other: 0.3ms
[2025-12-25T05:50:30.063+0000][gc,heap     ] GC(573) Eden regions: 612->0(612)
[2025-12-25T05:50:30.063+0000][gc,heap     ] GC(573) Survivor regions: 2->2(77)
[2025-12-25T05:50:30.063+0000][gc,heap     ] GC(573) Old regions: 96->96
[2025-12-25T05:50:30.063+0000][gc,heap     ] GC(573) Humongous regions: 40->40
[2025-12-25T05:50:30.063+0000][gc,metaspace] GC(573) Metaspace: 12753K(13120K)->12753K(13120K) NonClass: 11653K(11776K)->11653K(11776K) Class: 1099K(1344K)->1099K(1344K)
[2025-12-25T05:50:30.063+0000][gc          ] GC(573) Pause Young (Normal) (G1 Evacuation Pause) 748M->137M(1024M) 15.296ms
[2025-12-25T05:50:30.063+0000][gc,cpu      ] GC(573) User=0.09s Sys=0.00s Real=0.02s
[2025-12-25T05:51:29.860+0000][gc,start    ] GC(574) Pause Young (Normal) (G1 Evacuation Pause)
[2025-12-25T05:51:29.860+0000][gc,task     ] GC(574) Using 8 workers of 8 for evacuation
[2025-12-25T05:51:29.874+0000][gc,phases   ] GC(574)   Pre Evacuate Collection Set: 1.0ms
[2025-12-25T05:51:29.874+0000][gc,phases   ] GC(574)   Merge Heap Roots: 0.2ms
[2025-12-25T05:51:29.874+0000][gc,phases   ] GC(574)   Evacuate Collection Set: 10.1ms
[2025-12-25T05:51:29.874+0000][gc,phases   ] GC(574)   Post Evacuate Collection Set: 2.3ms
[2025-12-25T05:51:29.874+0000][gc,phases   ] GC(574)   Other: 0.2ms
[2025-12-25T05:51:29.875+0000][gc,heap     ] GC(574) Eden regions: 612->0(613)
[2025-12-25T05:51:29.875+0000][gc,heap     ] GC(574) Survivor regions: 2->1(77)
[2025-12-25T05:51:29.875+0000][gc,heap     ] GC(574) Old regions: 96->96
[2025-12-25T05:51:29.875+0000][gc,heap     ] GC(574) Humongous regions: 40->40
[2025-12-25T05:51:29.875+0000][gc,metaspace] GC(574) Metaspace: 12753K(13120K)->12753K(13120K) NonClass: 11653K(11776K)->11653K(11776K) Class: 1099K(1344K)->1099K(1344K)
[2025-12-25T05:51:29.875+0000][gc          ] GC(574) Pause Young (Normal) (G1 Evacuation Pause) 749M->136M(1024M) 15.046ms
[2025-12-25T05:51:29.875+0000][gc,cpu      ] GC(574) User=0.09s Sys=0.00s Real=0.01s
[2025-12-25T05:52:19.994+0000][gc,start    ] GC(575) Pause Young (Normal) (G1 Evacuation Pause)
[2025-12-25T05:52:19.995+0000][gc,task     ] GC(575) Using 8 workers of 8 for evacuation
[2025-12-25T05:52:20.009+0000][gc,phases   ] GC(575)   Pre Evacuate Collection Set: 1.9ms
[2025-12-25T05:52:20.010+0000][gc,phases   ] GC(575)   Merge Heap Roots: 0.5ms
[2025-12-25T05:52:20.010+0000][gc,phases   ] GC(575)   Evacuate Collection Set: 9.6ms
[2025-12-25T05:52:20.010+0000][gc,phases   ] GC(575)   Post Evacuate Collection Set: 1.6ms
[2025-12-25T05:52:20.010+0000][gc,phases   ] GC(575)   Other: 0.9ms
[2025-12-25T05:52:20.010+0000][gc,heap     ] GC(575) Eden regions: 613->0(612)
[2025-12-25T05:52:20.010+0000][gc,heap     ] GC(575) Survivor regions: 1->2(77)
[2025-12-25T05:52:20.010+0000][gc,heap     ] GC(575) Old regions: 96->96
[2025-12-25T05:52:20.010+0000][gc,heap     ] GC(575) Humongous regions: 40->40
[2025-12-25T05:52:20.010+0000][gc,metaspace] GC(575) Metaspace: 12753K(13120K)->12753K(13120K) NonClass: 11653K(11776K)->11653K(11776K) Class: 1099K(1344K)->1099K(1344K)
[2025-12-25T05:52:20.010+0000][gc          ] GC(575) Pause Young (Normal) (G1 Evacuation Pause) 749M->136M(1024M) 15.695ms
[2025-12-25T05:52:20.010+0000][gc,cpu      ] GC(575) User=0.07s Sys=0.00s Real=0.02s
[2025-12-25T05:53:10.155+0000][gc,start    ] GC(576) Pause Young (Normal) (G1 Evacuation Pause)
[2025-12-25T05:53:10.156+0000][gc,task     ] GC(576) Using 8 workers of 8 for evacuation
[2025-12-25T05:53:10.164+0000][gc,phases   ] GC(576)   Pre Evacuate Collection Set: 1.0ms
[2025-12-25T05:53:10.165+0000][gc,phases   ] GC(576)   Merge Heap Roots: 0.2ms
[2025-12-25T05:53:10.165+0000][gc,phases   ] GC(576)   Evacuate Collection Set: 5.8ms
[2025-12-25T05:53:10.165+0000][gc,phases   ] GC(576)   Post Evacuate Collection Set: 1.4ms
[2025-12-25T05:53:10.165+0000][gc,phases   ] GC(576)   Other: 0.2ms
[2025-12-25T05:53:10.165+0000][gc,heap     ] GC(576) Eden regions: 612->0(612)
[2025-12-25T05:53:10.165+0000][gc,heap     ] GC(576) Survivor regions: 2->2(77)
[2025-12-25T05:53:10.165+0000][gc,heap     ] GC(576) Old regions: 96->96
[2025-12-25T05:53:10.165+0000][gc,heap     ] GC(576) Humongous regions: 40->40
[2025-12-25T05:53:10.165+0000][gc,metaspace] GC(576) Metaspace: 12753K(13120K)->12753K(13120K) NonClass: 11653K(11776K)->11653K(11776K) Class: 1099K(1344K)->1099K(1344K)
[2025-12-25T05:53:10.165+0000][gc          ] GC(576) Pause Young (Normal) (G1 Evacuation Pause) 748M->137M(1024M) 9.472ms
[2025-12-25T05:53:10.165+0000][gc,cpu      ] GC(576) User=0.04s Sys=0.00s Real=0.01s
[2025-12-25T05:54:09.965+0000][gc,start    ] GC(577) Pause Young (Normal) (G1 Evacuation Pause)
[2025-12-25T05:54:09.965+0000][gc,task     ] GC(577) Using 8 workers of 8 for evacuation
[2025-12-25T05:54:09.988+0000][gc,phases   ] GC(577)   Pre Evacuate Collection Set: 1.0ms
[2025-12-25T05:54:09.988+0000][gc,phases   ] GC(577)   Merge Heap Roots: 0.2ms
[2025-12-25T05:54:09.988+0000][gc,phases   ] GC(577)   Evacuate Collection Set: 19.7ms
[2025-12-25T05:54:09.989+0000][gc,phases   ] GC(577)   Post Evacuate Collection Set: 1.9ms
[2025-12-25T05:54:09.989+0000][gc,phases   ] GC(577)   Other: 0.2ms
[2025-12-25T05:54:09.989+0000][gc,heap     ] GC(577) Eden regions: 612->0(612)
[2025-12-25T05:54:09.989+0000][gc,heap     ] GC(577) Survivor regions: 2->2(77)
[2025-12-25T05:54:09.989+0000][gc,heap     ] GC(577) Old regions: 96->96
[2025-12-25T05:54:09.989+0000][gc,heap     ] GC(577) Humongous regions: 40->40
[2025-12-25T05:54:09.989+0000][gc,metaspace] GC(577) Metaspace: 12753K(13120K)->12753K(13120K) NonClass: 11653K(11776K)->11653K(11776K) Class: 1099K(1344K)->1099K(1344K)
[2025-12-25T05:54:09.989+0000][gc          ] GC(577) Pause Young (Normal) (G1 Evacuation Pause) 749M->136M(1024M) 24.434ms
[2025-12-25T05:54:09.989+0000][gc,cpu      ] GC(577) User=0.07s Sys=0.08s Real=0.02s
[2025-12-25T05:55:00.077+0000][gc,start    ] GC(578) Pause Young (Normal) (G1 Evacuation Pause)
[2025-12-25T05:55:00.077+0000][gc,task     ] GC(578) Using 8 workers of 8 for evacuation
[2025-12-25T05:55:00.090+0000][gc,phases   ] GC(578)   Pre Evacuate Collection Set: 1.1ms
[2025-12-25T05:55:00.090+0000][gc,phases   ] GC(578)   Merge Heap Roots: 0.2ms
[2025-12-25T05:55:00.090+0000][gc,phases   ] GC(578)   Evacuate Collection Set: 8.2ms
[2025-12-25T05:55:00.090+0000][gc,phases   ] GC(578)   Post Evacuate Collection Set: 2.6ms
[2025-12-25T05:55:00.090+0000][gc,phases   ] GC(578)   Other: 0.4ms
[2025-12-25T05:55:00.090+0000][gc,heap     ] GC(578) Eden regions: 612->0(612)
[2025-12-25T05:55:00.090+0000][gc,heap     ] GC(578) Survivor regions: 2->2(77)
[2025-12-25T05:55:00.090+0000][gc,heap     ] GC(578) Old regions: 96->96
[2025-12-25T05:55:00.090+0000][gc,heap     ] GC(578) Humongous regions: 40->40
[2025-12-25T05:55:00.090+0000][gc,metaspace] GC(578) Metaspace: 12753K(13120K)->12753K(13120K) NonClass: 11653K(11776K)->11653K(11776K) Class: 1099K(1344K)->1099K(1344K)
[2025-12-25T05:55:00.091+0000][gc          ] GC(578) Pause Young (Normal) (G1 Evacuation Pause) 748M->137M(1024M) 13.950ms
[2025-12-25T05:55:00.091+0000][gc,cpu      ] GC(578) User=0.06s Sys=0.01s Real=0.02s
[2025-12-25T05:55:59.855+0000][gc,start    ] GC(579) Pause Young (Normal) (G1 Evacuation Pause)
[2025-12-25T05:55:59.855+0000][gc,task     ] GC(579) Using 8 workers of 8 for evacuation
[2025-12-25T05:55:59.865+0000][gc,phases   ] GC(579)   Pre Evacuate Collection Set: 1.4ms
[2025-12-25T05:55:59.865+0000][gc,phases   ] GC(579)   Merge Heap Roots: 0.3ms
[2025-12-25T05:55:59.865+0000][gc,phases   ] GC(579)   Evacuate Collection Set: 4.1ms
[2025-12-25T05:55:59.865+0000][gc,phases   ] GC(579)   Post Evacuate Collection Set: 3.9ms
[2025-12-25T05:55:59.866+0000][gc,phases   ] GC(579)   Other: 0.3ms
[2025-12-25T05:55:59.866+0000][gc,heap     ] GC(579) Eden regions: 612->0(613)
[2025-12-25T05:55:59.866+0000][gc,heap     ] GC(579) Survivor regions: 2->1(77)
[2025-12-25T05:55:59.866+0000][gc,heap     ] GC(579) Old regions: 96->96
[2025-12-25T05:55:59.866+0000][gc,heap     ] GC(579) Humongous regions: 40->40
[2025-12-25T05:55:59.866+0000][gc,metaspace] GC(579) Metaspace: 12753K(13120K)->12753K(13120K) NonClass: 11653K(11776K)->11653K(11776K) Class: 1099K(1344K)->1099K(1344K)
[2025-12-25T05:55:59.866+0000][gc          ] GC(579) Pause Young (Normal) (G1 Evacuation Pause) 749M->136M(1024M) 11.450ms
[2025-12-25T05:55:59.866+0000][gc,cpu      ] GC(579) User=0.05s Sys=0.00s Real=0.01s
[2025-12-25T05:56:50.365+0000][gc,start    ] GC(580) Pause Young (Normal) (G1 Evacuation Pause)
[2025-12-25T05:56:50.367+0000][gc,task     ] GC(580) Using 8 workers of 8 for evacuation
[2025-12-25T05:56:50.391+0000][gc,phases   ] GC(580)   Pre Evacuate Collection Set: 2.5ms
[2025-12-25T05:56:50.392+0000][gc,phases   ] GC(580)   Merge Heap Roots: 0.4ms
[2025-12-25T05:56:50.392+0000][gc,phases   ] GC(580)   Evacuate Collection Set: 11.9ms
[2025-12-25T05:56:50.392+0000][gc,phases   ] GC(580)   Post Evacuate Collection Set: 9.0ms
[2025-12-25T05:56:50.392+0000][gc,phases   ] GC(580)   Other: 0.8ms
[2025-12-25T05:56:50.392+0000][gc,heap     ] GC(580) Eden regions: 613->0(612)
[2025-12-25T05:56:50.392+0000][gc,heap     ] GC(580) Survivor regions: 1->2(77)
[2025-12-25T05:56:50.392+0000][gc,heap     ] GC(580) Old regions: 96->96
[2025-12-25T05:56:50.392+0000][gc,heap     ] GC(580) Humongous regions: 40->40
[2025-12-25T05:56:50.393+0000][gc,metaspace] GC(580) Metaspace: 12753K(13120K)->12753K(13120K) NonClass: 11653K(11776K)->11653K(11776K) Class: 1099K(1344K)->1099K(1344K)
[2025-12-25T05:56:50.393+0000][gc          ] GC(580) Pause Young (Normal) (G1 Evacuation Pause) 749M->136M(1024M) 27.678ms
[2025-12-25T05:56:50.393+0000][gc,cpu      ] GC(580) User=0.09s Sys=0.01s Real=0.02s
[2025-12-25T05:57:41.262+0000][gc,start    ] GC(581) Pause Young (Normal) (G1 Evacuation Pause)
[2025-12-25T05:57:41.281+0000][gc,task     ] GC(581) Using 8 workers of 8 for evacuation
[2025-12-25T05:57:41.315+0000][gc,phases   ] GC(581)   Pre Evacuate Collection Set: 3.3ms
[2025-12-25T05:57:41.316+0000][gc,phases   ] GC(581)   Merge Heap Roots: 0.8ms
[2025-12-25T05:57:41.316+0000][gc,phases   ] GC(581)   Evacuate Collection Set: 23.9ms
[2025-12-25T05:57:41.316+0000][gc,phases   ] GC(581)   Post Evacuate Collection Set: 5.2ms
[2025-12-25T05:57:41.318+0000][gc,phases   ] GC(581)   Other: 0.8ms
[2025-12-25T05:57:41.318+0000][gc,heap     ] GC(581) Eden regions: 612->0(612)
[2025-12-25T05:57:41.318+0000][gc,heap     ] GC(581) Survivor regions: 2->2(77)
[2025-12-25T05:57:41.319+0000][gc,heap     ] GC(581) Old regions: 96->96
[2025-12-25T05:57:41.319+0000][gc,heap     ] GC(581) Humongous regions: 40->40
[2025-12-25T05:57:41.319+0000][gc,metaspace] GC(581) Metaspace: 12753K(13120K)->12753K(13120K) NonClass: 11653K(11776K)->11653K(11776K) Class: 1099K(1344K)->1099K(1344K)
[2025-12-25T05:57:41.319+0000][gc          ] GC(581) Pause Young (Normal) (G1 Evacuation Pause) 748M->137M(1024M) 57.143ms
[2025-12-25T05:57:41.320+0000][gc,cpu      ] GC(581) User=0.14s Sys=0.02s Real=0.06s
[2025-12-25T05:58:40.117+0000][gc,start    ] GC(582) Pause Young (Normal) (G1 Evacuation Pause)
[2025-12-25T05:58:40.118+0000][gc,task     ] GC(582) Using 8 workers of 8 for evacuation
[2025-12-25T05:58:40.137+0000][gc,phases   ] GC(582)   Pre Evacuate Collection Set: 2.5ms
[2025-12-25T05:58:40.138+0000][gc,phases   ] GC(582)   Merge Heap Roots: 1.7ms
[2025-12-25T05:58:40.138+0000][gc,phases   ] GC(582)   Evacuate Collection Set: 9.5ms
[2025-12-25T05:58:40.138+0000][gc,phases   ] GC(582)   Post Evacuate Collection Set: 3.7ms
[2025-12-25T05:58:40.138+0000][gc,phases   ] GC(582)   Other: 0.7ms
[2025-12-25T05:58:40.139+0000][gc,heap     ] GC(582) Eden regions: 612->0(612)
[2025-12-25T05:58:40.139+0000][gc,heap     ] GC(582) Survivor regions: 2->2(77)
[2025-12-25T05:58:40.139+0000][gc,heap     ] GC(582) Old regions: 96->96
[2025-12-25T05:58:40.140+0000][gc,heap     ] GC(582) Humongous regions: 40->40
[2025-12-25T05:58:40.140+0000][gc,metaspace] GC(582) Metaspace: 12753K(13120K)->12753K(13120K) NonClass: 11653K(11776K)->11653K(11776K) Class: 1099K(1344K)->1099K(1344K)
[2025-12-25T05:58:40.140+0000][gc          ] GC(582) Pause Young (Normal) (G1 Evacuation Pause) 749M->136M(1024M) 22.546ms
[2025-12-25T05:58:40.140+0000][gc,cpu      ] GC(582) User=0.07s Sys=0.00s Real=0.02s
[2025-12-25T05:59:30.621+0000][gc,start    ] GC(583) Pause Young (Normal) (G1 Evacuation Pause)
[2025-12-25T05:59:30.622+0000][gc,task     ] GC(583) Using 8 workers of 8 for evacuation
[2025-12-25T05:59:30.639+0000][gc,phases   ] GC(583)   Pre Evacuate Collection Set: 2.6ms
[2025-12-25T05:59:30.639+0000][gc,phases   ] GC(583)   Merge Heap Roots: 0.3ms
[2025-12-25T05:59:30.639+0000][gc,phases   ] GC(583)   Evacuate Collection Set: 9.6ms
[2025-12-25T05:59:30.639+0000][gc,phases   ] GC(583)   Post Evacuate Collection Set: 3.0ms
[2025-12-25T05:59:30.640+0000][gc,phases   ] GC(583)   Other: 1.0ms
[2025-12-25T05:59:30.640+0000][gc,heap     ] GC(583) Eden regions: 612->0(612)
[2025-12-25T05:59:30.640+0000][gc,heap     ] GC(583) Survivor regions: 2->2(77)
[2025-12-25T05:59:30.640+0000][gc,heap     ] GC(583) Old regions: 96->96
[2025-12-25T05:59:30.640+0000][gc,heap     ] GC(583) Humongous regions: 40->40
[2025-12-25T05:59:30.640+0000][gc,metaspace] GC(583) Metaspace: 12753K(13120K)->12753K(13120K) NonClass: 11653K(11776K)->11653K(11776K) Class: 1099K(1344K)->1099K(1344K)
[2025-12-25T05:59:30.640+0000][gc          ] GC(583) Pause Young (Normal) (G1 Evacuation Pause) 748M->137M(1024M) 19.137ms
[2025-12-25T05:59:30.641+0000][gc,cpu      ] GC(583) User=0.07s Sys=0.01s Real=0.02s
[2025-12-25T06:00:29.864+0000][gc,start    ] GC(584) Pause Young (Normal) (G1 Evacuation Pause)
[2025-12-25T06:00:29.865+0000][gc,task     ] GC(584) Using 8 workers of 8 for evacuation
[2025-12-25T06:00:29.885+0000][gc,phases   ] GC(584)   Pre Evacuate Collection Set: 3.8ms
[2025-12-25T06:00:29.885+0000][gc,phases   ] GC(584)   Merge Heap Roots: 0.5ms
[2025-12-25T06:00:29.885+0000][gc,phases   ] GC(584)   Evacuate Collection Set: 11.9ms
[2025-12-25T06:00:29.885+0000][gc,phases   ] GC(584)   Post Evacuate Collection Set: 2.5ms
[2025-12-25T06:00:29.885+0000][gc,phases   ] GC(584)   Other: 0.8ms
[2025-12-25T06:00:29.885+0000][gc,heap     ] GC(584) Eden regions: 612->0(613)
[2025-12-25T06:00:29.885+0000][gc,heap     ] GC(584) Survivor regions: 2->1(77)
[2025-12-25T06:00:29.886+0000][gc,heap     ] GC(584) Old regions: 96->96
[2025-12-25T06:00:29.886+0000][gc,heap     ] GC(584) Humongous regions: 40->40
[2025-12-25T06:00:29.886+0000][gc,metaspace] GC(584) Metaspace: 12753K(13120K)->12753K(13120K) NonClass: 11653K(11776K)->11653K(11776K) Class: 1099K(1344K)->1099K(1344K)
[2025-12-25T06:00:29.886+0000][gc          ] GC(584) Pause Young (Normal) (G1 Evacuation Pause) 749M->136M(1024M) 22.195ms
[2025-12-25T06:00:29.887+0000][gc,cpu      ] GC(584) User=0.08s Sys=0.00s Real=0.02s
[2025-12-25T06:01:20.232+0000][gc,start    ] GC(585) Pause Young (Normal) (G1 Evacuation Pause)
[2025-12-25T06:01:20.233+0000][gc,task     ] GC(585) Using 8 workers of 8 for evacuation
[2025-12-25T06:01:20.246+0000][gc,phases   ] GC(585)   Pre Evacuate Collection Set: 2.1ms
[2025-12-25T06:01:20.246+0000][gc,phases   ] GC(585)   Merge Heap Roots: 0.4ms
[2025-12-25T06:01:20.246+0000][gc,phases   ] GC(585)   Evacuate Collection Set: 7.7ms
[2025-12-25T06:01:20.246+0000][gc,phases   ] GC(585)   Post Evacuate Collection Set: 1.9ms
[2025-12-25T06:01:20.246+0000][gc,phases   ] GC(585)   Other: 0.4ms
[2025-12-25T06:01:20.246+0000][gc,heap     ] GC(585) Eden regions: 613->0(612)
[2025-12-25T06:01:20.247+0000][gc,heap     ] GC(585) Survivor regions: 1->2(77)
[2025-12-25T06:01:20.247+0000][gc,heap     ] GC(585) Old regions: 96->96
[2025-12-25T06:01:20.247+0000][gc,heap     ] GC(585) Humongous regions: 40->40
[2025-12-25T06:01:20.247+0000][gc,metaspace] GC(585) Metaspace: 12753K(13120K)->12753K(13120K) NonClass: 11653K(11776K)->11653K(11776K) Class: 1099K(1344K)->1099K(1344K)
[2025-12-25T06:01:20.247+0000][gc          ] GC(585) Pause Young (Normal) (G1 Evacuation Pause) 749M->136M(1024M) 15.363ms
[2025-12-25T06:01:20.247+0000][gc,cpu      ] GC(585) User=0.06s Sys=0.00s Real=0.01s
[2025-12-25T06:02:11.049+0000][gc,start    ] GC(586) Pause Young (Normal) (G1 Evacuation Pause)
[2025-12-25T06:02:11.050+0000][gc,task     ] GC(586) Using 8 workers of 8 for evacuation
[2025-12-25T06:02:11.072+0000][gc,phases   ] GC(586)   Pre Evacuate Collection Set: 2.1ms
[2025-12-25T06:02:11.072+0000][gc,phases   ] GC(586)   Merge Heap Roots: 0.4ms
[2025-12-25T06:02:11.073+0000][gc,phases   ] GC(586)   Evacuate Collection Set: 16.0ms
[2025-12-25T06:02:11.073+0000][gc,phases   ] GC(586)   Post Evacuate Collection Set: 3.1ms
[2025-12-25T06:02:11.074+0000][gc,phases   ] GC(586)   Other: 0.8ms
[2025-12-25T06:02:11.074+0000][gc,heap     ] GC(586) Eden regions: 612->0(612)
[2025-12-25T06:02:11.074+0000][gc,heap     ] GC(586) Survivor regions: 2->2(77)
[2025-12-25T06:02:11.074+0000][gc,heap     ] GC(586) Old regions: 96->96
[2025-12-25T06:02:11.074+0000][gc,heap     ] GC(586) Humongous regions: 40->40
[2025-12-25T06:02:11.074+0000][gc,metaspace] GC(586) Metaspace: 12753K(13120K)->12753K(13120K) NonClass: 11653K(11776K)->11653K(11776K) Class: 1099K(1344K)->1099K(1344K)
[2025-12-25T06:02:11.075+0000][gc          ] GC(586) Pause Young (Normal) (G1 Evacuation Pause) 748M->137M(1024M) 26.014ms
[2025-12-25T06:02:11.075+0000][gc,cpu      ] GC(586) User=0.09s Sys=0.01s Real=0.02s
[2025-12-25T06:03:10.027+0000][gc,start    ] GC(587) Pause Young (Normal) (G1 Evacuation Pause)
[2025-12-25T06:03:10.028+0000][gc,task     ] GC(587) Using 8 workers of 8 for evacuation
[2025-12-25T06:03:10.042+0000][gc,phases   ] GC(587)   Pre Evacuate Collection Set: 3.0ms
[2025-12-25T06:03:10.043+0000][gc,phases   ] GC(587)   Merge Heap Roots: 0.3ms
[2025-12-25T06:03:10.043+0000][gc,phases   ] GC(587)   Evacuate Collection Set: 5.1ms
[2025-12-25T06:03:10.043+0000][gc,phases   ] GC(587)   Post Evacuate Collection Set: 2.0ms
[2025-12-25T06:03:10.043+0000][gc,phases   ] GC(587)   Other: 3.7ms
[2025-12-25T06:03:10.043+0000][gc,heap     ] GC(587) Eden regions: 612->0(613)
[2025-12-25T06:03:10.043+0000][gc,heap     ] GC(587) Survivor regions: 2->1(77)
[2025-12-25T06:03:10.043+0000][gc,heap     ] GC(587) Old regions: 96->96
[2025-12-25T06:03:10.043+0000][gc,heap     ] GC(587) Humongous regions: 40->40
[2025-12-25T06:03:10.044+0000][gc,metaspace] GC(587) Metaspace: 12753K(13120K)->12753K(13120K) NonClass: 11653K(11776K)->11653K(11776K) Class: 1099K(1344K)->1099K(1344K)
[2025-12-25T06:03:10.044+0000][gc          ] GC(587) Pause Young (Normal) (G1 Evacuation Pause) 749M->136M(1024M) 16.447ms
[2025-12-25T06:03:10.044+0000][gc,cpu      ] GC(587) User=0.06s Sys=0.00s Real=0.02s
[2025-12-25T06:04:00.094+0000][gc,start    ] GC(588) Pause Young (Normal) (G1 Evacuation Pause)
[2025-12-25T06:04:00.094+0000][gc,task     ] GC(588) Using 8 workers of 8 for evacuation
[2025-12-25T06:04:00.106+0000][gc,phases   ] GC(588)   Pre Evacuate Collection Set: 1.4ms
[2025-12-25T06:04:00.106+0000][gc,phases   ] GC(588)   Merge Heap Roots: 0.9ms
[2025-12-25T06:04:00.106+0000][gc,phases   ] GC(588)   Evacuate Collection Set: 7.6ms
[2025-12-25T06:04:00.106+0000][gc,phases   ] GC(588)   Post Evacuate Collection Set: 1.0ms
[2025-12-25T06:04:00.106+0000][gc,phases   ] GC(588)   Other: 0.3ms
[2025-12-25T06:04:00.106+0000][gc,heap     ] GC(588) Eden regions: 613->0(612)
[2025-12-25T06:04:00.106+0000][gc,heap     ] GC(588) Survivor regions: 1->2(77)
[2025-12-25T06:04:00.106+0000][gc,heap     ] GC(588) Old regions: 96->96
[2025-12-25T06:04:00.106+0000][gc,heap     ] GC(588) Humongous regions: 40->40
[2025-12-25T06:04:00.106+0000][gc,metaspace] GC(588) Metaspace: 12753K(13120K)->12753K(13120K) NonClass: 11653K(11776K)->11653K(11776K) Class: 1099K(1344K)->1099K(1344K)
[2025-12-25T06:04:00.106+0000][gc          ] GC(588) Pause Young (Normal) (G1 Evacuation Pause) 749M->137M(1024M) 12.199ms
[2025-12-25T06:04:00.106+0000][gc,cpu      ] GC(588) User=0.07s Sys=0.00s Real=0.01s
[2025-12-25T06:04:58.358+0000][gc,start    ] GC(589) Pause Young (Normal) (G1 Evacuation Pause)
[2025-12-25T06:04:58.358+0000][gc,task     ] GC(589) Using 8 workers of 8 for evacuation
[2025-12-25T06:04:58.370+0000][gc,phases   ] GC(589)   Pre Evacuate Collection Set: 1.7ms
[2025-12-25T06:04:58.370+0000][gc,phases   ] GC(589)   Merge Heap Roots: 0.3ms
[2025-12-25T06:04:58.370+0000][gc,phases   ] GC(589)   Evacuate Collection Set: 5.7ms
[2025-12-25T06:04:58.370+0000][gc,phases   ] GC(589)   Post Evacuate Collection Set: 3.8ms
[2025-12-25T06:04:58.370+0000][gc,phases   ] GC(589)   Other: 0.4ms
[2025-12-25T06:04:58.370+0000][gc,heap     ] GC(589) Eden regions: 612->0(613)
[2025-12-25T06:04:58.370+0000][gc,heap     ] GC(589) Survivor regions: 2->1(77)
[2025-12-25T06:04:58.370+0000][gc,heap     ] GC(589) Old regions: 96->96
[2025-12-25T06:04:58.370+0000][gc,heap     ] GC(589) Humongous regions: 40->40
[2025-12-25T06:04:58.371+0000][gc,metaspace] GC(589) Metaspace: 12753K(13120K)->12753K(13120K) NonClass: 11653K(11776K)->11653K(11776K) Class: 1099K(1344K)->1099K(1344K)
[2025-12-25T06:04:58.371+0000][gc          ] GC(589) Pause Young (Normal) (G1 Evacuation Pause) 749M->136M(1024M) 13.192ms
[2025-12-25T06:04:58.371+0000][gc,cpu      ] GC(589) User=0.05s Sys=0.00s Real=0.02s
[2025-12-25T06:05:50.051+0000][gc,start    ] GC(590) Pause Young (Normal) (G1 Evacuation Pause)
[2025-12-25T06:05:50.052+0000][gc,task     ] GC(590) Using 8 workers of 8 for evacuation
[2025-12-25T06:05:50.058+0000][gc,phases   ] GC(590)   Pre Evacuate Collection Set: 1.4ms
[2025-12-25T06:05:50.059+0000][gc,phases   ] GC(590)   Merge Heap Roots: 0.2ms
[2025-12-25T06:05:50.059+0000][gc,phases   ] GC(590)   Evacuate Collection Set: 3.4ms
[2025-12-25T06:05:50.059+0000][gc,phases   ] GC(590)   Post Evacuate Collection Set: 1.3ms
[2025-12-25T06:05:50.059+0000][gc,phases   ] GC(590)   Other: 0.3ms
[2025-12-25T06:05:50.059+0000][gc,heap     ] GC(590) Eden regions: 613->0(612)
[2025-12-25T06:05:50.059+0000][gc,heap     ] GC(590) Survivor regions: 1->2(77)
[2025-12-25T06:05:50.059+0000][gc,heap     ] GC(590) Old regions: 96->96
[2025-12-25T06:05:50.059+0000][gc,heap     ] GC(590) Humongous regions: 40->40
[2025-12-25T06:05:50.059+0000][gc,metaspace] GC(590) Metaspace: 12753K(13120K)->12753K(13120K) NonClass: 11653K(11776K)->11653K(11776K) Class: 1099K(1344K)->1099K(1344K)
[2025-12-25T06:05:50.060+0000][gc          ] GC(590) Pause Young (Normal) (G1 Evacuation Pause) 749M->136M(1024M) 8.531ms
[2025-12-25T06:05:50.060+0000][gc,cpu      ] GC(590) User=0.03s Sys=0.00s Real=0.01s
[2025-12-25T06:06:40.501+0000][gc,start    ] GC(591) Pause Young (Normal) (G1 Evacuation Pause)
[2025-12-25T06:06:40.504+0000][gc,task     ] GC(591) Using 8 workers of 8 for evacuation
[2025-12-25T06:06:40.536+0000][gc,phases   ] GC(591)   Pre Evacuate Collection Set: 3.6ms
[2025-12-25T06:06:40.536+0000][gc,phases   ] GC(591)   Merge Heap Roots: 0.7ms
[2025-12-25T06:06:40.537+0000][gc,phases   ] GC(591)   Evacuate Collection Set: 21.8ms
[2025-12-25T06:06:40.537+0000][gc,phases   ] GC(591)   Post Evacuate Collection Set: 5.1ms
[2025-12-25T06:06:40.537+0000][gc,phases   ] GC(591)   Other: 1.4ms
[2025-12-25T06:06:40.538+0000][gc,heap     ] GC(591) Eden regions: 612->0(612)
[2025-12-25T06:06:40.539+0000][gc,heap     ] GC(591) Survivor regions: 2->2(77)
[2025-12-25T06:06:40.539+0000][gc,heap     ] GC(591) Old regions: 96->96
[2025-12-25T06:06:40.539+0000][gc,heap     ] GC(591) Humongous regions: 40->40
[2025-12-25T06:06:40.539+0000][gc,metaspace] GC(591) Metaspace: 12753K(13120K)->12753K(13120K) NonClass: 11653K(11776K)->11653K(11776K) Class: 1099K(1344K)->1099K(1344K)
[2025-12-25T06:06:40.540+0000][gc          ] GC(591) Pause Young (Normal) (G1 Evacuation Pause) 748M->137M(1024M) 38.408ms
[2025-12-25T06:06:40.540+0000][gc,cpu      ] GC(591) User=0.08s Sys=0.01s Real=0.04s
[2025-12-25T06:07:39.957+0000][gc,start    ] GC(592) Pause Young (Normal) (G1 Evacuation Pause)
[2025-12-25T06:07:39.958+0000][gc,task     ] GC(592) Using 8 workers of 8 for evacuation
[2025-12-25T06:07:39.971+0000][gc,phases   ] GC(592)   Pre Evacuate Collection Set: 2.6ms
[2025-12-25T06:07:39.971+0000][gc,phases   ] GC(592)   Merge Heap Roots: 0.6ms
[2025-12-25T06:07:39.971+0000][gc,phases   ] GC(592)   Evacuate Collection Set: 6.1ms
[2025-12-25T06:07:39.972+0000][gc,phases   ] GC(592)   Post Evacuate Collection Set: 3.3ms
[2025-12-25T06:07:39.972+0000][gc,phases   ] GC(592)   Other: 0.9ms
[2025-12-25T06:07:39.972+0000][gc,heap     ] GC(592) Eden regions: 612->0(613)
[2025-12-25T06:07:39.972+0000][gc,heap     ] GC(592) Survivor regions: 2->1(77)
[2025-12-25T06:07:39.972+0000][gc,heap     ] GC(592) Old regions: 96->96
[2025-12-25T06:07:39.972+0000][gc,heap     ] GC(592) Humongous regions: 40->40
[2025-12-25T06:07:39.972+0000][gc,metaspace] GC(592) Metaspace: 12753K(13120K)->12753K(13120K) NonClass: 11653K(11776K)->11653K(11776K) Class: 1099K(1344K)->1099K(1344K)
[2025-12-25T06:07:39.972+0000][gc          ] GC(592) Pause Young (Normal) (G1 Evacuation Pause) 749M->136M(1024M) 15.571ms
[2025-12-25T06:07:39.972+0000][gc,cpu      ] GC(592) User=0.06s Sys=0.01s Real=0.01s
[2025-12-25T06:08:30.158+0000][gc,start    ] GC(593) Pause Young (Normal) (G1 Evacuation Pause)
[2025-12-25T06:08:30.159+0000][gc,task     ] GC(593) Using 8 workers of 8 for evacuation
[2025-12-25T06:08:30.173+0000][gc,phases   ] GC(593)   Pre Evacuate Collection Set: 1.4ms
[2025-12-25T06:08:30.174+0000][gc,phases   ] GC(593)   Merge Heap Roots: 0.3ms
[2025-12-25T06:08:30.174+0000][gc,phases   ] GC(593)   Evacuate Collection Set: 10.5ms
[2025-12-25T06:08:30.174+0000][gc,phases   ] GC(593)   Post Evacuate Collection Set: 2.4ms
[2025-12-25T06:08:30.174+0000][gc,phases   ] GC(593)   Other: 0.3ms
[2025-12-25T06:08:30.174+0000][gc,heap     ] GC(593) Eden regions: 613->0(612)
[2025-12-25T06:08:30.174+0000][gc,heap     ] GC(593) Survivor regions: 1->2(77)
[2025-12-25T06:08:30.174+0000][gc,heap     ] GC(593) Old regions: 96->96
[2025-12-25T06:08:30.174+0000][gc,heap     ] GC(593) Humongous regions: 40->40
[2025-12-25T06:08:30.174+0000][gc,metaspace] GC(593) Metaspace: 12753K(13120K)->12753K(13120K) NonClass: 11653K(11776K)->11653K(11776K) Class: 1099K(1344K)->1099K(1344K)
[2025-12-25T06:08:30.174+0000][gc          ] GC(593) Pause Young (Normal) (G1 Evacuation Pause) 749M->137M(1024M) 16.193ms
[2025-12-25T06:08:30.174+0000][gc,cpu      ] GC(593) User=0.09s Sys=0.00s Real=0.02s
[2025-12-25T06:09:20.224+0000][gc,start    ] GC(594) Pause Young (Normal) (G1 Evacuation Pause)
[2025-12-25T06:09:20.225+0000][gc,task     ] GC(594) Using 8 workers of 8 for evacuation
[2025-12-25T06:09:20.236+0000][gc,phases   ] GC(594)   Pre Evacuate Collection Set: 1.3ms
[2025-12-25T06:09:20.236+0000][gc,phases   ] GC(594)   Merge Heap Roots: 0.2ms
[2025-12-25T06:09:20.236+0000][gc,phases   ] GC(594)   Evacuate Collection Set: 8.2ms
[2025-12-25T06:09:20.236+0000][gc,phases   ] GC(594)   Post Evacuate Collection Set: 1.1ms
[2025-12-25T06:09:20.236+0000][gc,phases   ] GC(594)   Other: 0.4ms
[2025-12-25T06:09:20.236+0000][gc,heap     ] GC(594) Eden regions: 612->0(612)
[2025-12-25T06:09:20.236+0000][gc,heap     ] GC(594) Survivor regions: 2->2(77)
[2025-12-25T06:09:20.236+0000][gc,heap     ] GC(594) Old regions: 96->96
[2025-12-25T06:09:20.236+0000][gc,heap     ] GC(594) Humongous regions: 40->40
[2025-12-25T06:09:20.236+0000][gc,metaspace] GC(594) Metaspace: 12753K(13120K)->12753K(13120K) NonClass: 11653K(11776K)->11653K(11776K) Class: 1099K(1344K)->1099K(1344K)
[2025-12-25T06:09:20.236+0000][gc          ] GC(594) Pause Young (Normal) (G1 Evacuation Pause) 749M->137M(1024M) 12.310ms
[2025-12-25T06:09:20.236+0000][gc,cpu      ] GC(594) User=0.06s Sys=0.00s Real=0.01s
[2025-12-25T06:10:20.212+0000][gc,start    ] GC(595) Pause Young (Normal) (G1 Evacuation Pause)
[2025-12-25T06:10:20.215+0000][gc,task     ] GC(595) Using 8 workers of 8 for evacuation
[2025-12-25T06:10:20.230+0000][gc,phases   ] GC(595)   Pre Evacuate Collection Set: 3.6ms
[2025-12-25T06:10:20.230+0000][gc,phases   ] GC(595)   Merge Heap Roots: 0.5ms
[2025-12-25T06:10:20.230+0000][gc,phases   ] GC(595)   Evacuate Collection Set: 6.4ms
[2025-12-25T06:10:20.230+0000][gc,phases   ] GC(595)   Post Evacuate Collection Set: 3.3ms
[2025-12-25T06:10:20.230+0000][gc,phases   ] GC(595)   Other: 1.5ms
[2025-12-25T06:10:20.231+0000][gc,heap     ] GC(595) Eden regions: 612->0(612)
[2025-12-25T06:10:20.231+0000][gc,heap     ] GC(595) Survivor regions: 2->2(77)
[2025-12-25T06:10:20.231+0000][gc,heap     ] GC(595) Old regions: 96->96
[2025-12-25T06:10:20.231+0000][gc,heap     ] GC(595) Humongous regions: 40->40
[2025-12-25T06:10:20.232+0000][gc,metaspace] GC(595) Metaspace: 12753K(13120K)->12753K(13120K) NonClass: 11653K(11776K)->11653K(11776K) Class: 1099K(1344K)->1099K(1344K)
[2025-12-25T06:10:20.232+0000][gc          ] GC(595) Pause Young (Normal) (G1 Evacuation Pause) 749M->137M(1024M) 20.206ms
[2025-12-25T06:10:20.232+0000][gc,cpu      ] GC(595) User=0.06s Sys=0.00s Real=0.02s
[2025-12-25T06:11:10.137+0000][gc,start    ] GC(596) Pause Young (Normal) (G1 Evacuation Pause)
[2025-12-25T06:11:10.137+0000][gc,task     ] GC(596) Using 8 workers of 8 for evacuation
[2025-12-25T06:11:10.145+0000][gc,phases   ] GC(596)   Pre Evacuate Collection Set: 1.1ms
[2025-12-25T06:11:10.145+0000][gc,phases   ] GC(596)   Merge Heap Roots: 0.2ms
[2025-12-25T06:11:10.145+0000][gc,phases   ] GC(596)   Evacuate Collection Set: 4.4ms
[2025-12-25T06:11:10.145+0000][gc,phases   ] GC(596)   Post Evacuate Collection Set: 1.7ms
[2025-12-25T06:11:10.145+0000][gc,phases   ] GC(596)   Other: 0.2ms
[2025-12-25T06:11:10.145+0000][gc,heap     ] GC(596) Eden regions: 612->0(612)
[2025-12-25T06:11:10.145+0000][gc,heap     ] GC(596) Survivor regions: 2->2(77)
[2025-12-25T06:11:10.145+0000][gc,heap     ] GC(596) Old regions: 96->96
[2025-12-25T06:11:10.145+0000][gc,heap     ] GC(596) Humongous regions: 40->40
[2025-12-25T06:11:10.145+0000][gc,metaspace] GC(596) Metaspace: 12753K(13120K)->12753K(13120K) NonClass: 11653K(11776K)->11653K(11776K) Class: 1099K(1344K)->1099K(1344K)
[2025-12-25T06:11:10.145+0000][gc          ] GC(596) Pause Young (Normal) (G1 Evacuation Pause) 749M->137M(1024M) 8.821ms
[2025-12-25T06:11:10.146+0000][gc,cpu      ] GC(596) User=0.03s Sys=0.01s Real=0.01s
[2025-12-25T06:12:09.904+0000][gc,start    ] GC(597) Pause Young (Normal) (G1 Evacuation Pause)
[2025-12-25T06:12:09.904+0000][gc,task     ] GC(597) Using 8 workers of 8 for evacuation
[2025-12-25T06:12:09.915+0000][gc,phases   ] GC(597)   Pre Evacuate Collection Set: 2.8ms
[2025-12-25T06:12:09.915+0000][gc,phases   ] GC(597)   Merge Heap Roots: 0.4ms
[2025-12-25T06:12:09.915+0000][gc,phases   ] GC(597)   Evacuate Collection Set: 3.2ms
[2025-12-25T06:12:09.915+0000][gc,phases   ] GC(597)   Post Evacuate Collection Set: 3.5ms
[2025-12-25T06:12:09.915+0000][gc,phases   ] GC(597)   Other: 0.4ms
[2025-12-25T06:12:09.915+0000][gc,heap     ] GC(597) Eden regions: 612->0(613)
[2025-12-25T06:12:09.915+0000][gc,heap     ] GC(597) Survivor regions: 2->1(77)
[2025-12-25T06:12:09.915+0000][gc,heap     ] GC(597) Old regions: 96->97
[2025-12-25T06:12:09.915+0000][gc,heap     ] GC(597) Humongous regions: 40->40
[2025-12-25T06:12:09.915+0000][gc,metaspace] GC(597) Metaspace: 12753K(13120K)->12753K(13120K) NonClass: 11653K(11776K)->11653K(11776K) Class: 1099K(1344K)->1099K(1344K)
[2025-12-25T06:12:09.916+0000][gc          ] GC(597) Pause Young (Normal) (G1 Evacuation Pause) 749M->136M(1024M) 11.612ms
[2025-12-25T06:12:09.916+0000][gc,cpu      ] GC(597) User=0.04s Sys=0.00s Real=0.01s
[2025-12-25T06:13:00.167+0000][gc,start    ] GC(598) Pause Young (Normal) (G1 Evacuation Pause)
[2025-12-25T06:13:00.169+0000][gc,task     ] GC(598) Using 8 workers of 8 for evacuation
[2025-12-25T06:13:00.187+0000][gc,phases   ] GC(598)   Pre Evacuate Collection Set: 3.4ms
[2025-12-25T06:13:00.187+0000][gc,phases   ] GC(598)   Merge Heap Roots: 0.2ms
[2025-12-25T06:13:00.188+0000][gc,phases   ] GC(598)   Evacuate Collection Set: 9.8ms
[2025-12-25T06:13:00.188+0000][gc,phases   ] GC(598)   Post Evacuate Collection Set: 3.5ms
[2025-12-25T06:13:00.188+0000][gc,phases   ] GC(598)   Other: 1.4ms
[2025-12-25T06:13:00.188+0000][gc,heap     ] GC(598) Eden regions: 613->0(612)
[2025-12-25T06:13:00.188+0000][gc,heap     ] GC(598) Survivor regions: 1->2(77)
[2025-12-25T06:13:00.188+0000][gc,heap     ] GC(598) Old regions: 97->97
[2025-12-25T06:13:00.189+0000][gc,heap     ] GC(598) Humongous regions: 40->40
[2025-12-25T06:13:00.189+0000][gc,metaspace] GC(598) Metaspace: 12753K(13120K)->12753K(13120K) NonClass: 11653K(11776K)->11653K(11776K) Class: 1099K(1344K)->1099K(1344K)
[2025-12-25T06:13:00.189+0000][gc          ] GC(598) Pause Young (Normal) (G1 Evacuation Pause) 749M->137M(1024M) 22.265ms
[2025-12-25T06:13:00.189+0000][gc,cpu      ] GC(598) User=0.05s Sys=0.01s Real=0.02s
[2025-12-25T06:13:50.393+0000][gc,start    ] GC(599) Pause Young (Normal) (G1 Evacuation Pause)
[2025-12-25T06:13:50.393+0000][gc,task     ] GC(599) Using 8 workers of 8 for evacuation
[2025-12-25T06:13:50.404+0000][gc,phases   ] GC(599)   Pre Evacuate Collection Set: 1.9ms
[2025-12-25T06:13:50.404+0000][gc,phases   ] GC(599)   Merge Heap Roots: 0.3ms
[2025-12-25T06:13:50.404+0000][gc,phases   ] GC(599)   Evacuate Collection Set: 6.1ms
[2025-12-25T06:13:50.404+0000][gc,phases   ] GC(599)   Post Evacuate Collection Set: 1.7ms
[2025-12-25T06:13:50.404+0000][gc,phases   ] GC(599)   Other: 0.3ms
[2025-12-25T06:13:50.404+0000][gc,heap     ] GC(599) Eden regions: 612->0(612)
[2025-12-25T06:13:50.404+0000][gc,heap     ] GC(599) Survivor regions: 2->2(77)
[2025-12-25T06:13:50.404+0000][gc,heap     ] GC(599) Old regions: 97->97
[2025-12-25T06:13:50.404+0000][gc,heap     ] GC(599) Humongous regions: 40->40
[2025-12-25T06:13:50.404+0000][gc,metaspace] GC(599) Metaspace: 12753K(13120K)->12753K(13120K) NonClass: 11653K(11776K)->11653K(11776K) Class: 1099K(1344K)->1099K(1344K)
[2025-12-25T06:13:50.405+0000][gc          ] GC(599) Pause Young (Normal) (G1 Evacuation Pause) 749M->137M(1024M) 11.795ms
[2025-12-25T06:13:50.405+0000][gc,cpu      ] GC(599) User=0.04s Sys=0.00s Real=0.02s
[2025-12-25T06:14:50.023+0000][gc,start    ] GC(600) Pause Young (Normal) (G1 Evacuation Pause)
[2025-12-25T06:14:50.023+0000][gc,task     ] GC(600) Using 8 workers of 8 for evacuation
[2025-12-25T06:14:50.030+0000][gc,phases   ] GC(600)   Pre Evacuate Collection Set: 1.0ms
[2025-12-25T06:14:50.030+0000][gc,phases   ] GC(600)   Merge Heap Roots: 0.2ms
[2025-12-25T06:14:50.030+0000][gc,phases   ] GC(600)   Evacuate Collection Set: 2.7ms
[2025-12-25T06:14:50.030+0000][gc,phases   ] GC(600)   Post Evacuate Collection Set: 2.5ms
[2025-12-25T06:14:50.030+0000][gc,phases   ] GC(600)   Other: 0.2ms
[2025-12-25T06:14:50.030+0000][gc,heap     ] GC(600) Eden regions: 612->0(612)
[2025-12-25T06:14:50.030+0000][gc,heap     ] GC(600) Survivor regions: 2->2(77)
[2025-12-25T06:14:50.030+0000][gc,heap     ] GC(600) Old regions: 97->97
[2025-12-25T06:14:50.030+0000][gc,heap     ] GC(600) Humongous regions: 40->40
[2025-12-25T06:14:50.031+0000][gc,metaspace] GC(600) Metaspace: 12753K(13120K)->12753K(13120K) NonClass: 11653K(11776K)->11653K(11776K) Class: 1099K(1344K)->1099K(1344K)
[2025-12-25T06:14:50.031+0000][gc          ] GC(600) Pause Young (Normal) (G1 Evacuation Pause) 749M->137M(1024M) 7.988ms
[2025-12-25T06:14:50.031+0000][gc,cpu      ] GC(600) User=0.03s Sys=0.00s Real=0.00s
[2025-12-25T06:15:40.262+0000][gc,start    ] GC(601) Pause Young (Normal) (G1 Evacuation Pause)
[2025-12-25T06:15:40.263+0000][gc,task     ] GC(601) Using 8 workers of 8 for evacuation
[2025-12-25T06:15:40.275+0000][gc,phases   ] GC(601)   Pre Evacuate Collection Set: 4.1ms
[2025-12-25T06:15:40.275+0000][gc,phases   ] GC(601)   Merge Heap Roots: 0.5ms
[2025-12-25T06:15:40.275+0000][gc,phases   ] GC(601)   Evacuate Collection Set: 4.1ms
[2025-12-25T06:15:40.276+0000][gc,phases   ] GC(601)   Post Evacuate Collection Set: 3.1ms
[2025-12-25T06:15:40.276+0000][gc,phases   ] GC(601)   Other: 0.8ms
[2025-12-25T06:15:40.276+0000][gc,heap     ] GC(601) Eden regions: 612->0(612)
[2025-12-25T06:15:40.276+0000][gc,heap     ] GC(601) Survivor regions: 2->2(77)
[2025-12-25T06:15:40.276+0000][gc,heap     ] GC(601) Old regions: 97->97
[2025-12-25T06:15:40.276+0000][gc,heap     ] GC(601) Humongous regions: 40->40
[2025-12-25T06:15:40.276+0000][gc,metaspace] GC(601) Metaspace: 12753K(13120K)->12753K(13120K) NonClass: 11653K(11776K)->11653K(11776K) Class: 1099K(1344K)->1099K(1344K)
[2025-12-25T06:15:40.277+0000][gc          ] GC(601) Pause Young (Normal) (G1 Evacuation Pause) 749M->137M(1024M) 14.812ms
[2025-12-25T06:15:40.277+0000][gc,cpu      ] GC(601) User=0.06s Sys=0.01s Real=0.01s
[2025-12-25T06:16:39.947+0000][gc,start    ] GC(602) Pause Young (Normal) (G1 Evacuation Pause)
[2025-12-25T06:16:39.947+0000][gc,task     ] GC(602) Using 8 workers of 8 for evacuation
[2025-12-25T06:16:39.963+0000][gc,phases   ] GC(602)   Pre Evacuate Collection Set: 1.4ms
[2025-12-25T06:16:39.963+0000][gc,phases   ] GC(602)   Merge Heap Roots: 0.2ms
[2025-12-25T06:16:39.963+0000][gc,phases   ] GC(602)   Evacuate Collection Set: 11.1ms
[2025-12-25T06:16:39.963+0000][gc,phases   ] GC(602)   Post Evacuate Collection Set: 2.9ms
[2025-12-25T06:16:39.963+0000][gc,phases   ] GC(602)   Other: 0.3ms
[2025-12-25T06:16:39.963+0000][gc,heap     ] GC(602) Eden regions: 612->0(613)
[2025-12-25T06:16:39.963+0000][gc,heap     ] GC(602) Survivor regions: 2->1(77)
[2025-12-25T06:16:39.963+0000][gc,heap     ] GC(602) Old regions: 97->97
[2025-12-25T06:16:39.963+0000][gc,heap     ] GC(602) Humongous regions: 40->40
[2025-12-25T06:16:39.964+0000][gc,metaspace] GC(602) Metaspace: 12753K(13120K)->12753K(13120K) NonClass: 11653K(11776K)->11653K(11776K) Class: 1099K(1344K)->1099K(1344K)
[2025-12-25T06:16:39.964+0000][gc          ] GC(602) Pause Young (Normal) (G1 Evacuation Pause) 749M->136M(1024M) 17.132ms
[2025-12-25T06:16:39.964+0000][gc,cpu      ] GC(602) User=0.10s Sys=0.01s Real=0.02s
[2025-12-25T06:17:30.125+0000][gc,start    ] GC(603) Pause Young (Normal) (G1 Evacuation Pause)
[2025-12-25T06:17:30.125+0000][gc,task     ] GC(603) Using 8 workers of 8 for evacuation
[2025-12-25T06:17:30.133+0000][gc,phases   ] GC(603)   Pre Evacuate Collection Set: 1.1ms
[2025-12-25T06:17:30.133+0000][gc,phases   ] GC(603)   Merge Heap Roots: 0.2ms
[2025-12-25T06:17:30.133+0000][gc,phases   ] GC(603)   Evacuate Collection Set: 3.2ms
[2025-12-25T06:17:30.133+0000][gc,phases   ] GC(603)   Post Evacuate Collection Set: 2.7ms
[2025-12-25T06:17:30.133+0000][gc,phases   ] GC(603)   Other: 0.2ms
[2025-12-25T06:17:30.133+0000][gc,heap     ] GC(603) Eden regions: 613->0(612)
[2025-12-25T06:17:30.133+0000][gc,heap     ] GC(603) Survivor regions: 1->2(77)
[2025-12-25T06:17:30.133+0000][gc,heap     ] GC(603) Old regions: 97->97
[2025-12-25T06:17:30.133+0000][gc,heap     ] GC(603) Humongous regions: 40->40
[2025-12-25T06:17:30.133+0000][gc,metaspace] GC(603) Metaspace: 12753K(13120K)->12753K(13120K) NonClass: 11653K(11776K)->11653K(11776K) Class: 1099K(1344K)->1099K(1344K)
[2025-12-25T06:17:30.133+0000][gc          ] GC(603) Pause Young (Normal) (G1 Evacuation Pause) 749M->137M(1024M) 8.428ms
[2025-12-25T06:17:30.133+0000][gc,cpu      ] GC(603) User=0.04s Sys=0.01s Real=0.01s
[2025-12-25T06:18:20.284+0000][gc,start    ] GC(604) Pause Young (Normal) (G1 Evacuation Pause)
[2025-12-25T06:18:20.286+0000][gc,task     ] GC(604) Using 8 workers of 8 for evacuation
[2025-12-25T06:18:20.293+0000][gc,phases   ] GC(604)   Pre Evacuate Collection Set: 1.8ms
[2025-12-25T06:18:20.293+0000][gc,phases   ] GC(604)   Merge Heap Roots: 0.2ms
[2025-12-25T06:18:20.293+0000][gc,phases   ] GC(604)   Evacuate Collection Set: 3.3ms
[2025-12-25T06:18:20.293+0000][gc,phases   ] GC(604)   Post Evacuate Collection Set: 1.2ms
[2025-12-25T06:18:20.294+0000][gc,phases   ] GC(604)   Other: 1.1ms
[2025-12-25T06:18:20.294+0000][gc,heap     ] GC(604) Eden regions: 612->0(612)
[2025-12-25T06:18:20.294+0000][gc,heap     ] GC(604) Survivor regions: 2->2(77)
[2025-12-25T06:18:20.294+0000][gc,heap     ] GC(604) Old regions: 97->97
[2025-12-25T06:18:20.294+0000][gc,heap     ] GC(604) Humongous regions: 40->40
[2025-12-25T06:18:20.294+0000][gc,metaspace] GC(604) Metaspace: 12753K(13120K)->12753K(13120K) NonClass: 11653K(11776K)->11653K(11776K) Class: 1099K(1344K)->1099K(1344K)
[2025-12-25T06:18:20.294+0000][gc          ] GC(604) Pause Young (Normal) (G1 Evacuation Pause) 749M->138M(1024M) 10.064ms
[2025-12-25T06:18:20.294+0000][gc,cpu      ] GC(604) User=0.03s Sys=0.00s Real=0.01s
[2025-12-25T06:19:19.986+0000][gc,start    ] GC(605) Pause Young (Normal) (G1 Evacuation Pause)
[2025-12-25T06:19:19.987+0000][gc,task     ] GC(605) Using 8 workers of 8 for evacuation
[2025-12-25T06:19:19.992+0000][gc,phases   ] GC(605)   Pre Evacuate Collection Set: 1.1ms
[2025-12-25T06:19:19.993+0000][gc,phases   ] GC(605)   Merge Heap Roots: 0.2ms
[2025-12-25T06:19:19.993+0000][gc,phases   ] GC(605)   Evacuate Collection Set: 3.3ms
[2025-12-25T06:19:19.993+0000][gc,phases   ] GC(605)   Post Evacuate Collection Set: 1.0ms
[2025-12-25T06:19:19.993+0000][gc,phases   ] GC(605)   Other: 0.2ms
[2025-12-25T06:19:19.993+0000][gc,heap     ] GC(605) Eden regions: 612->0(612)
[2025-12-25T06:19:19.993+0000][gc,heap     ] GC(605) Survivor regions: 2->2(77)
[2025-12-25T06:19:19.993+0000][gc,heap     ] GC(605) Old regions: 97->97
[2025-12-25T06:19:19.993+0000][gc,heap     ] GC(605) Humongous regions: 49->49
[2025-12-25T06:19:19.993+0000][gc,metaspace] GC(605) Metaspace: 12753K(13120K)->12753K(13120K) NonClass: 11653K(11776K)->11653K(11776K) Class: 1099K(1344K)->1099K(1344K)
[2025-12-25T06:19:19.993+0000][gc          ] GC(605) Pause Young (Normal) (G1 Evacuation Pause) 759M->146M(1024M) 6.903ms
[2025-12-25T06:19:19.993+0000][gc,cpu      ] GC(605) User=0.02s Sys=0.01s Real=0.00s
[2025-12-25T06:20:10.150+0000][gc,start    ] GC(606) Pause Young (Normal) (G1 Evacuation Pause)
[2025-12-25T06:20:10.150+0000][gc,task     ] GC(606) Using 8 workers of 8 for evacuation
[2025-12-25T06:20:10.158+0000][gc,phases   ] GC(606)   Pre Evacuate Collection Set: 2.9ms
[2025-12-25T06:20:10.158+0000][gc,phases   ] GC(606)   Merge Heap Roots: 0.4ms
[2025-12-25T06:20:10.158+0000][gc,phases   ] GC(606)   Evacuate Collection Set: 3.5ms
[2025-12-25T06:20:10.158+0000][gc,phases   ] GC(606)   Post Evacuate Collection Set: 1.0ms
[2025-12-25T06:20:10.158+0000][gc,phases   ] GC(606)   Other: 0.2ms
[2025-12-25T06:20:10.158+0000][gc,heap     ] GC(606) Eden regions: 612->0(612)
[2025-12-25T06:20:10.158+0000][gc,heap     ] GC(606) Survivor regions: 2->2(77)
[2025-12-25T06:20:10.158+0000][gc,heap     ] GC(606) Old regions: 97->97
[2025-12-25T06:20:10.158+0000][gc,heap     ] GC(606) Humongous regions: 49->49
[2025-12-25T06:20:10.158+0000][gc,metaspace] GC(606) Metaspace: 12753K(13120K)->12753K(13120K) NonClass: 11653K(11776K)->11653K(11776K) Class: 1099K(1344K)->1099K(1344K)
[2025-12-25T06:20:10.159+0000][gc          ] GC(606) Pause Young (Normal) (G1 Evacuation Pause) 758M->147M(1024M) 8.843ms
[2025-12-25T06:20:10.159+0000][gc,cpu      ] GC(606) User=0.05s Sys=0.00s Real=0.01s
[2025-12-25T06:21:09.923+0000][gc,start    ] GC(607) Pause Young (Normal) (G1 Evacuation Pause)
[2025-12-25T06:21:09.924+0000][gc,task     ] GC(607) Using 8 workers of 8 for evacuation
[2025-12-25T06:21:09.947+0000][gc,phases   ] GC(607)   Pre Evacuate Collection Set: 4.7ms
[2025-12-25T06:21:09.947+0000][gc,phases   ] GC(607)   Merge Heap Roots: 1.4ms
[2025-12-25T06:21:09.947+0000][gc,phases   ] GC(607)   Evacuate Collection Set: 13.5ms
[2025-12-25T06:21:09.947+0000][gc,phases   ] GC(607)   Post Evacuate Collection Set: 1.7ms
[2025-12-25T06:21:09.947+0000][gc,phases   ] GC(607)   Other: 1.5ms
[2025-12-25T06:21:09.947+0000][gc,heap     ] GC(607) Eden regions: 612->0(613)
[2025-12-25T06:21:09.947+0000][gc,heap     ] GC(607) Survivor regions: 2->1(77)
[2025-12-25T06:21:09.947+0000][gc,heap     ] GC(607) Old regions: 97->97
[2025-12-25T06:21:09.947+0000][gc,heap     ] GC(607) Humongous regions: 49->49
[2025-12-25T06:21:09.948+0000][gc,metaspace] GC(607) Metaspace: 12753K(13120K)->12753K(13120K) NonClass: 11653K(11776K)->11653K(11776K) Class: 1099K(1344K)->1099K(1344K)
[2025-12-25T06:21:09.948+0000][gc          ] GC(607) Pause Young (Normal) (G1 Evacuation Pause) 759M->146M(1024M) 24.488ms
[2025-12-25T06:21:09.948+0000][gc,cpu      ] GC(607) User=0.13s Sys=0.00s Real=0.03s
[2025-12-25T06:22:00.100+0000][gc,start    ] GC(608) Pause Young (Normal) (G1 Evacuation Pause)
[2025-12-25T06:22:00.101+0000][gc,task     ] GC(608) Using 8 workers of 8 for evacuation
[2025-12-25T06:22:00.110+0000][gc,phases   ] GC(608)   Pre Evacuate Collection Set: 1.3ms
[2025-12-25T06:22:00.110+0000][gc,phases   ] GC(608)   Merge Heap Roots: 0.2ms
[2025-12-25T06:22:00.110+0000][gc,phases   ] GC(608)   Evacuate Collection Set: 4.8ms
[2025-12-25T06:22:00.110+0000][gc,phases   ] GC(608)   Post Evacuate Collection Set: 1.9ms
[2025-12-25T06:22:00.110+0000][gc,phases   ] GC(608)   Other: 1.5ms
[2025-12-25T06:22:00.110+0000][gc,heap     ] GC(608) Eden regions: 613->0(612)
[2025-12-25T06:22:00.111+0000][gc,heap     ] GC(608) Survivor regions: 1->2(77)
[2025-12-25T06:22:00.111+0000][gc,heap     ] GC(608) Old regions: 97->97
[2025-12-25T06:22:00.111+0000][gc,heap     ] GC(608) Humongous regions: 49->49
[2025-12-25T06:22:00.111+0000][gc,metaspace] GC(608) Metaspace: 12753K(13120K)->12753K(13120K) NonClass: 11653K(11776K)->11653K(11776K) Class: 1099K(1344K)->1099K(1344K)
[2025-12-25T06:22:00.111+0000][gc          ] GC(608) Pause Young (Normal) (G1 Evacuation Pause) 759M->146M(1024M) 10.629ms
[2025-12-25T06:22:00.111+0000][gc,cpu      ] GC(608) User=0.05s Sys=0.00s Real=0.01s
[2025-12-25T06:22:50.238+0000][gc,start    ] GC(609) Pause Young (Normal) (G1 Evacuation Pause)
[2025-12-25T06:22:50.238+0000][gc,task     ] GC(609) Using 8 workers of 8 for evacuation
[2025-12-25T06:22:50.253+0000][gc,phases   ] GC(609)   Pre Evacuate Collection Set: 2.5ms
[2025-12-25T06:22:50.253+0000][gc,phases   ] GC(609)   Merge Heap Roots: 0.7ms
[2025-12-25T06:22:50.253+0000][gc,phases   ] GC(609)   Evacuate Collection Set: 9.5ms
[2025-12-25T06:22:50.253+0000][gc,phases   ] GC(609)   Post Evacuate Collection Set: 1.7ms
[2025-12-25T06:22:50.253+0000][gc,phases   ] GC(609)   Other: 0.4ms
[2025-12-25T06:22:50.254+0000][gc,heap     ] GC(609) Eden regions: 612->0(612)
[2025-12-25T06:22:50.254+0000][gc,heap     ] GC(609) Survivor regions: 2->2(77)
[2025-12-25T06:22:50.254+0000][gc,heap     ] GC(609) Old regions: 97->97
[2025-12-25T06:22:50.254+0000][gc,heap     ] GC(609) Humongous regions: 49->49
[2025-12-25T06:22:50.254+0000][gc,metaspace] GC(609) Metaspace: 12753K(13120K)->12753K(13120K) NonClass: 11653K(11776K)->11653K(11776K) Class: 1099K(1344K)->1099K(1344K)
[2025-12-25T06:22:50.254+0000][gc          ] GC(609) Pause Young (Normal) (G1 Evacuation Pause) 758M->147M(1024M) 16.487ms
[2025-12-25T06:22:50.254+0000][gc,cpu      ] GC(609) User=0.07s Sys=0.00s Real=0.02s
[2025-12-25T06:23:50.009+0000][gc,start    ] GC(610) Pause Young (Normal) (G1 Evacuation Pause)
[2025-12-25T06:23:50.010+0000][gc,task     ] GC(610) Using 8 workers of 8 for evacuation
[2025-12-25T06:23:50.017+0000][gc,phases   ] GC(610)   Pre Evacuate Collection Set: 1.5ms
[2025-12-25T06:23:50.017+0000][gc,phases   ] GC(610)   Merge Heap Roots: 0.5ms
[2025-12-25T06:23:50.017+0000][gc,phases   ] GC(610)   Evacuate Collection Set: 3.8ms
[2025-12-25T06:23:50.018+0000][gc,phases   ] GC(610)   Post Evacuate Collection Set: 1.6ms
[2025-12-25T06:23:50.018+0000][gc,phases   ] GC(610)   Other: 0.3ms
[2025-12-25T06:23:50.018+0000][gc,heap     ] GC(610) Eden regions: 612->0(612)
[2025-12-25T06:23:50.018+0000][gc,heap     ] GC(610) Survivor regions: 2->2(77)
[2025-12-25T06:23:50.018+0000][gc,heap     ] GC(610) Old regions: 97->97
[2025-12-25T06:23:50.018+0000][gc,heap     ] GC(610) Humongous regions: 49->49
[2025-12-25T06:23:50.018+0000][gc,metaspace] GC(610) Metaspace: 12753K(13120K)->12753K(13120K) NonClass: 11653K(11776K)->11653K(11776K) Class: 1099K(1344K)->1099K(1344K)
[2025-12-25T06:23:50.018+0000][gc          ] GC(610) Pause Young (Normal) (G1 Evacuation Pause) 759M->146M(1024M) 8.938ms
[2025-12-25T06:23:50.018+0000][gc,cpu      ] GC(610) User=0.04s Sys=0.00s Real=0.01s
[2025-12-25T06:24:40.132+0000][gc,start    ] GC(611) Pause Young (Normal) (G1 Evacuation Pause)
[2025-12-25T06:24:40.133+0000][gc,task     ] GC(611) Using 8 workers of 8 for evacuation
[2025-12-25T06:24:40.146+0000][gc,phases   ] GC(611)   Pre Evacuate Collection Set: 1.7ms
[2025-12-25T06:24:40.146+0000][gc,phases   ] GC(611)   Merge Heap Roots: 0.5ms
[2025-12-25T06:24:40.146+0000][gc,phases   ] GC(611)   Evacuate Collection Set: 9.6ms
[2025-12-25T06:24:40.146+0000][gc,phases   ] GC(611)   Post Evacuate Collection Set: 1.2ms
[2025-12-25T06:24:40.146+0000][gc,phases   ] GC(611)   Other: 0.2ms
[2025-12-25T06:24:40.146+0000][gc,heap     ] GC(611) Eden regions: 612->0(612)
[2025-12-25T06:24:40.147+0000][gc,heap     ] GC(611) Survivor regions: 2->2(77)
[2025-12-25T06:24:40.147+0000][gc,heap     ] GC(611) Old regions: 97->97
[2025-12-25T06:24:40.147+0000][gc,heap     ] GC(611) Humongous regions: 49->49
[2025-12-25T06:24:40.147+0000][gc,metaspace] GC(611) Metaspace: 12753K(13120K)->12753K(13120K) NonClass: 11653K(11776K)->11653K(11776K) Class: 1099K(1344K)->1099K(1344K)
[2025-12-25T06:24:40.147+0000][gc          ] GC(611) Pause Young (Normal) (G1 Evacuation Pause) 758M->147M(1024M) 14.530ms
[2025-12-25T06:24:40.147+0000][gc,cpu      ] GC(611) User=0.09s Sys=0.01s Real=0.01s
[2025-12-25T06:25:39.887+0000][gc,start    ] GC(612) Pause Young (Normal) (G1 Evacuation Pause)
[2025-12-25T06:25:39.888+0000][gc,task     ] GC(612) Using 8 workers of 8 for evacuation
[2025-12-25T06:25:39.915+0000][gc,phases   ] GC(612)   Pre Evacuate Collection Set: 2.6ms
[2025-12-25T06:25:39.915+0000][gc,phases   ] GC(612)   Merge Heap Roots: 0.5ms
[2025-12-25T06:25:39.916+0000][gc,phases   ] GC(612)   Evacuate Collection Set: 21.7ms
[2025-12-25T06:25:39.916+0000][gc,phases   ] GC(612)   Post Evacuate Collection Set: 2.3ms
[2025-12-25T06:25:39.916+0000][gc,phases   ] GC(612)   Other: 0.7ms
[2025-12-25T06:25:39.916+0000][gc,heap     ] GC(612) Eden regions: 612->0(613)
[2025-12-25T06:25:39.916+0000][gc,heap     ] GC(612) Survivor regions: 2->1(77)
[2025-12-25T06:25:39.916+0000][gc,heap     ] GC(612) Old regions: 97->97
[2025-12-25T06:25:39.916+0000][gc,heap     ] GC(612) Humongous regions: 49->49
[2025-12-25T06:25:39.916+0000][gc,metaspace] GC(612) Metaspace: 12753K(13120K)->12753K(13120K) NonClass: 11653K(11776K)->11653K(11776K) Class: 1099K(1344K)->1099K(1344K)
[2025-12-25T06:25:39.917+0000][gc          ] GC(612) Pause Young (Normal) (G1 Evacuation Pause) 759M->146M(1024M) 30.066ms
[2025-12-25T06:25:39.917+0000][gc,cpu      ] GC(612) User=0.12s Sys=0.07s Real=0.03s
[2025-12-25T06:26:30.090+0000][gc,start    ] GC(613) Pause Young (Normal) (G1 Evacuation Pause)
[2025-12-25T06:26:30.090+0000][gc,task     ] GC(613) Using 8 workers of 8 for evacuation
[2025-12-25T06:26:30.101+0000][gc,phases   ] GC(613)   Pre Evacuate Collection Set: 1.1ms
[2025-12-25T06:26:30.101+0000][gc,phases   ] GC(613)   Merge Heap Roots: 0.2ms
[2025-12-25T06:26:30.101+0000][gc,phases   ] GC(613)   Evacuate Collection Set: 6.5ms
[2025-12-25T06:26:30.101+0000][gc,phases   ] GC(613)   Post Evacuate Collection Set: 2.9ms
[2025-12-25T06:26:30.101+0000][gc,phases   ] GC(613)   Other: 0.2ms
[2025-12-25T06:26:30.101+0000][gc,heap     ] GC(613) Eden regions: 613->0(612)
[2025-12-25T06:26:30.101+0000][gc,heap     ] GC(613) Survivor regions: 1->2(77)
[2025-12-25T06:26:30.101+0000][gc,heap     ] GC(613) Old regions: 97->97
[2025-12-25T06:26:30.101+0000][gc,heap     ] GC(613) Humongous regions: 49->49
[2025-12-25T06:26:30.101+0000][gc,metaspace] GC(613) Metaspace: 12753K(13120K)->12753K(13120K) NonClass: 11653K(11776K)->11653K(11776K) Class: 1099K(1344K)->1099K(1344K)
[2025-12-25T06:26:30.101+0000][gc          ] GC(613) Pause Young (Normal) (G1 Evacuation Pause) 759M->146M(1024M) 11.875ms
[2025-12-25T06:26:30.102+0000][gc,cpu      ] GC(613) User=0.06s Sys=0.00s Real=0.01s
[2025-12-25T06:27:20.203+0000][gc,start    ] GC(614) Pause Young (Normal) (G1 Evacuation Pause)
[2025-12-25T06:27:20.203+0000][gc,task     ] GC(614) Using 8 workers of 8 for evacuation
[2025-12-25T06:27:20.216+0000][gc,phases   ] GC(614)   Pre Evacuate Collection Set: 1.1ms
[2025-12-25T06:27:20.216+0000][gc,phases   ] GC(614)   Merge Heap Roots: 0.2ms
[2025-12-25T06:27:20.216+0000][gc,phases   ] GC(614)   Evacuate Collection Set: 8.5ms
[2025-12-25T06:27:20.216+0000][gc,phases   ] GC(614)   Post Evacuate Collection Set: 2.7ms
[2025-12-25T06:27:20.216+0000][gc,phases   ] GC(614)   Other: 0.2ms
[2025-12-25T06:27:20.216+0000][gc,heap     ] GC(614) Eden regions: 612->0(612)
[2025-12-25T06:27:20.216+0000][gc,heap     ] GC(614) Survivor regions: 2->2(77)
[2025-12-25T06:27:20.216+0000][gc,heap     ] GC(614) Old regions: 97->97
[2025-12-25T06:27:20.216+0000][gc,heap     ] GC(614) Humongous regions: 49->49
[2025-12-25T06:27:20.216+0000][gc,metaspace] GC(614) Metaspace: 12753K(13120K)->12753K(13120K) NonClass: 11653K(11776K)->11653K(11776K) Class: 1099K(1344K)->1099K(1344K)
[2025-12-25T06:27:20.216+0000][gc          ] GC(614) Pause Young (Normal) (G1 Evacuation Pause) 758M->147M(1024M) 13.728ms
[2025-12-25T06:27:20.216+0000][gc,cpu      ] GC(614) User=0.08s Sys=0.00s Real=0.02s
[2025-12-25T06:28:19.954+0000][gc,start    ] GC(615) Pause Young (Normal) (G1 Evacuation Pause)
[2025-12-25T06:28:19.955+0000][gc,task     ] GC(615) Using 8 workers of 8 for evacuation
[2025-12-25T06:28:19.963+0000][gc,phases   ] GC(615)   Pre Evacuate Collection Set: 1.4ms
[2025-12-25T06:28:19.963+0000][gc,phases   ] GC(615)   Merge Heap Roots: 0.2ms
[2025-12-25T06:28:19.963+0000][gc,phases   ] GC(615)   Evacuate Collection Set: 4.0ms
[2025-12-25T06:28:19.963+0000][gc,phases   ] GC(615)   Post Evacuate Collection Set: 2.2ms
[2025-12-25T06:28:19.963+0000][gc,phases   ] GC(615)   Other: 0.3ms
[2025-12-25T06:28:19.963+0000][gc,heap     ] GC(615) Eden regions: 612->0(613)
[2025-12-25T06:28:19.963+0000][gc,heap     ] GC(615) Survivor regions: 2->1(77)
[2025-12-25T06:28:19.963+0000][gc,heap     ] GC(615) Old regions: 97->97
[2025-12-25T06:28:19.963+0000][gc,heap     ] GC(615) Humongous regions: 49->49
[2025-12-25T06:28:19.964+0000][gc,metaspace] GC(615) Metaspace: 12753K(13120K)->12753K(13120K) NonClass: 11653K(11776K)->11653K(11776K) Class: 1099K(1344K)->1099K(1344K)
[2025-12-25T06:28:19.967+0000][gc          ] GC(615) Pause Young (Normal) (G1 Evacuation Pause) 759M->146M(1024M) 13.683ms
[2025-12-25T06:28:19.967+0000][gc,cpu      ] GC(615) User=0.04s Sys=0.01s Real=0.02s
[2025-12-25T06:29:10.168+0000][gc,start    ] GC(616) Pause Young (Normal) (G1 Evacuation Pause)
[2025-12-25T06:29:10.169+0000][gc,task     ] GC(616) Using 8 workers of 8 for evacuation
[2025-12-25T06:29:10.176+0000][gc,phases   ] GC(616)   Pre Evacuate Collection Set: 1.2ms
[2025-12-25T06:29:10.176+0000][gc,phases   ] GC(616)   Merge Heap Roots: 0.2ms
[2025-12-25T06:29:10.176+0000][gc,phases   ] GC(616)   Evacuate Collection Set: 2.9ms
[2025-12-25T06:29:10.176+0000][gc,phases   ] GC(616)   Post Evacuate Collection Set: 2.5ms
[2025-12-25T06:29:10.176+0000][gc,phases   ] GC(616)   Other: 0.6ms
[2025-12-25T06:29:10.177+0000][gc,heap     ] GC(616) Eden regions: 613->0(612)
[2025-12-25T06:29:10.177+0000][gc,heap     ] GC(616) Survivor regions: 1->2(77)
[2025-12-25T06:29:10.177+0000][gc,heap     ] GC(616) Old regions: 97->97
[2025-12-25T06:29:10.177+0000][gc,heap     ] GC(616) Humongous regions: 49->49
[2025-12-25T06:29:10.177+0000][gc,metaspace] GC(616) Metaspace: 12753K(13120K)->12753K(13120K) NonClass: 11653K(11776K)->11653K(11776K) Class: 1099K(1344K)->1099K(1344K)
[2025-12-25T06:29:10.177+0000][gc          ] GC(616) Pause Young (Normal) (G1 Evacuation Pause) 759M->146M(1024M) 9.066ms
[2025-12-25T06:29:10.178+0000][gc,cpu      ] GC(616) User=0.04s Sys=0.00s Real=0.01s
[2025-12-25T06:30:00.284+0000][gc,start    ] GC(617) Pause Young (Normal) (G1 Evacuation Pause)
[2025-12-25T06:30:00.285+0000][gc,task     ] GC(617) Using 8 workers of 8 for evacuation
[2025-12-25T06:30:00.294+0000][gc,phases   ] GC(617)   Pre Evacuate Collection Set: 1.1ms
[2025-12-25T06:30:00.294+0000][gc,phases   ] GC(617)   Merge Heap Roots: 0.2ms
[2025-12-25T06:30:00.294+0000][gc,phases   ] GC(617)   Evacuate Collection Set: 6.7ms
[2025-12-25T06:30:00.294+0000][gc,phases   ] GC(617)   Post Evacuate Collection Set: 1.1ms
[2025-12-25T06:30:00.294+0000][gc,phases   ] GC(617)   Other: 0.5ms
[2025-12-25T06:30:00.295+0000][gc,heap     ] GC(617) Eden regions: 612->0(612)
[2025-12-25T06:30:00.295+0000][gc,heap     ] GC(617) Survivor regions: 2->2(77)
[2025-12-25T06:30:00.295+0000][gc,heap     ] GC(617) Old regions: 97->97
[2025-12-25T06:30:00.295+0000][gc,heap     ] GC(617) Humongous regions: 49->49
[2025-12-25T06:30:00.295+0000][gc,metaspace] GC(617) Metaspace: 12753K(13120K)->12753K(13120K) NonClass: 11653K(11776K)->11653K(11776K) Class: 1099K(1344K)->1099K(1344K)
[2025-12-25T06:30:00.295+0000][gc          ] GC(617) Pause Young (Normal) (G1 Evacuation Pause) 758M->147M(1024M) 10.805ms
[2025-12-25T06:30:00.295+0000][gc,cpu      ] GC(617) User=0.05s Sys=0.00s Real=0.01s
[2025-12-25T06:31:00.152+0000][gc,start    ] GC(618) Pause Young (Normal) (G1 Evacuation Pause)
[2025-12-25T06:31:00.153+0000][gc,task     ] GC(618) Using 8 workers of 8 for evacuation
[2025-12-25T06:31:00.165+0000][gc,phases   ] GC(618)   Pre Evacuate Collection Set: 5.3ms
[2025-12-25T06:31:00.165+0000][gc,phases   ] GC(618)   Merge Heap Roots: 0.3ms
[2025-12-25T06:31:00.166+0000][gc,phases   ] GC(618)   Evacuate Collection Set: 4.1ms
[2025-12-25T06:31:00.166+0000][gc,phases   ] GC(618)   Post Evacuate Collection Set: 1.8ms
[2025-12-25T06:31:00.166+0000][gc,phases   ] GC(618)   Other: 0.5ms
[2025-12-25T06:31:00.166+0000][gc,heap     ] GC(618) Eden regions: 612->0(612)
[2025-12-25T06:31:00.166+0000][gc,heap     ] GC(618) Survivor regions: 2->2(77)
[2025-12-25T06:31:00.166+0000][gc,heap     ] GC(618) Old regions: 97->97
[2025-12-25T06:31:00.166+0000][gc,heap     ] GC(618) Humongous regions: 49->49
[2025-12-25T06:31:00.166+0000][gc,metaspace] GC(618) Metaspace: 12753K(13120K)->12753K(13120K) NonClass: 11653K(11776K)->11653K(11776K) Class: 1099K(1344K)->1099K(1344K)
[2025-12-25T06:31:00.167+0000][gc          ] GC(618) Pause Young (Normal) (G1 Evacuation Pause) 759M->146M(1024M) 14.167ms
[2025-12-25T06:31:00.167+0000][gc,cpu      ] GC(618) User=0.06s Sys=0.00s Real=0.02s
[2025-12-25T06:31:50.197+0000][gc,start    ] GC(619) Pause Young (Normal) (G1 Evacuation Pause)
[2025-12-25T06:31:50.197+0000][gc,task     ] GC(619) Using 8 workers of 8 for evacuation
[2025-12-25T06:31:50.206+0000][gc,phases   ] GC(619)   Pre Evacuate Collection Set: 1.5ms
[2025-12-25T06:31:50.206+0000][gc,phases   ] GC(619)   Merge Heap Roots: 0.8ms
[2025-12-25T06:31:50.206+0000][gc,phases   ] GC(619)   Evacuate Collection Set: 4.1ms
[2025-12-25T06:31:50.206+0000][gc,phases   ] GC(619)   Post Evacuate Collection Set: 1.4ms
[2025-12-25T06:31:50.206+0000][gc,phases   ] GC(619)   Other: 0.8ms
[2025-12-25T06:31:50.206+0000][gc,heap     ] GC(619) Eden regions: 612->0(612)
[2025-12-25T06:31:50.206+0000][gc,heap     ] GC(619) Survivor regions: 2->2(77)
[2025-12-25T06:31:50.206+0000][gc,heap     ] GC(619) Old regions: 97->97
[2025-12-25T06:31:50.206+0000][gc,heap     ] GC(619) Humongous regions: 49->49
[2025-12-25T06:31:50.206+0000][gc,metaspace] GC(619) Metaspace: 12754K(13120K)->12754K(13120K) NonClass: 11654K(11776K)->11654K(11776K) Class: 1099K(1344K)->1099K(1344K)
[2025-12-25T06:31:50.207+0000][gc          ] GC(619) Pause Young (Normal) (G1 Evacuation Pause) 758M->147M(1024M) 9.774ms
[2025-12-25T06:31:50.207+0000][gc,cpu      ] GC(619) User=0.04s Sys=0.00s Real=0.01s
[2025-12-25T06:32:49.982+0000][gc,start    ] GC(620) Pause Young (Normal) (G1 Evacuation Pause)
[2025-12-25T06:32:49.983+0000][gc,task     ] GC(620) Using 8 workers of 8 for evacuation
[2025-12-25T06:32:49.990+0000][gc,phases   ] GC(620)   Pre Evacuate Collection Set: 1.3ms
[2025-12-25T06:32:49.990+0000][gc,phases   ] GC(620)   Merge Heap Roots: 0.2ms
[2025-12-25T06:32:49.990+0000][gc,phases   ] GC(620)   Evacuate Collection Set: 3.5ms
[2025-12-25T06:32:49.990+0000][gc,phases   ] GC(620)   Post Evacuate Collection Set: 1.5ms
[2025-12-25T06:32:49.990+0000][gc,phases   ] GC(620)   Other: 0.2ms
[2025-12-25T06:32:49.990+0000][gc,heap     ] GC(620) Eden regions: 612->0(613)
[2025-12-25T06:32:49.991+0000][gc,heap     ] GC(620) Survivor regions: 2->1(77)
[2025-12-25T06:32:49.991+0000][gc,heap     ] GC(620) Old regions: 97->97
[2025-12-25T06:32:49.991+0000][gc,heap     ] GC(620) Humongous regions: 49->49
[2025-12-25T06:32:49.991+0000][gc,metaspace] GC(620) Metaspace: 12754K(13120K)->12754K(13120K) NonClass: 11654K(11776K)->11654K(11776K) Class: 1099K(1344K)->1099K(1344K)
[2025-12-25T06:32:49.991+0000][gc          ] GC(620) Pause Young (Normal) (G1 Evacuation Pause) 759M->146M(1024M) 8.639ms
[2025-12-25T06:32:49.991+0000][gc,cpu      ] GC(620) User=0.04s Sys=0.00s Real=0.01s
[2025-12-25T06:33:40.131+0000][gc,start    ] GC(621) Pause Young (Normal) (G1 Evacuation Pause)
[2025-12-25T06:33:40.132+0000][gc,task     ] GC(621) Using 8 workers of 8 for evacuation
[2025-12-25T06:33:40.139+0000][gc,phases   ] GC(621)   Pre Evacuate Collection Set: 1.5ms
[2025-12-25T06:33:40.139+0000][gc,phases   ] GC(621)   Merge Heap Roots: 0.2ms
[2025-12-25T06:33:40.139+0000][gc,phases   ] GC(621)   Evacuate Collection Set: 3.4ms
[2025-12-25T06:33:40.139+0000][gc,phases   ] GC(621)   Post Evacuate Collection Set: 1.4ms
[2025-12-25T06:33:40.139+0000][gc,phases   ] GC(621)   Other: 0.4ms
[2025-12-25T06:33:40.139+0000][gc,heap     ] GC(621) Eden regions: 613->0(612)
[2025-12-25T06:33:40.139+0000][gc,heap     ] GC(621) Survivor regions: 1->2(77)
[2025-12-25T06:33:40.139+0000][gc,heap     ] GC(621) Old regions: 97->97
[2025-12-25T06:33:40.139+0000][gc,heap     ] GC(621) Humongous regions: 49->49
[2025-12-25T06:33:40.139+0000][gc,metaspace] GC(621) Metaspace: 12757K(13120K)->12757K(13120K) NonClass: 11657K(11776K)->11657K(11776K) Class: 1099K(1344K)->1099K(1344K)
[2025-12-25T06:33:40.139+0000][gc          ] GC(621) Pause Young (Normal) (G1 Evacuation Pause) 759M->146M(1024M) 8.601ms
[2025-12-25T06:33:40.139+0000][gc,cpu      ] GC(621) User=0.03s Sys=0.01s Real=0.01s
[2025-12-25T06:34:30.278+0000][gc,start    ] GC(622) Pause Young (Normal) (G1 Evacuation Pause)
[2025-12-25T06:34:30.280+0000][gc,task     ] GC(622) Using 8 workers of 8 for evacuation
[2025-12-25T06:34:30.290+0000][gc,phases   ] GC(622)   Pre Evacuate Collection Set: 3.5ms
[2025-12-25T06:34:30.291+0000][gc,phases   ] GC(622)   Merge Heap Roots: 0.3ms
[2025-12-25T06:34:30.291+0000][gc,phases   ] GC(622)   Evacuate Collection Set: 3.7ms
[2025-12-25T06:34:30.291+0000][gc,phases   ] GC(622)   Post Evacuate Collection Set: 1.4ms
[2025-12-25T06:34:30.291+0000][gc,phases   ] GC(622)   Other: 1.8ms
[2025-12-25T06:34:30.291+0000][gc,heap     ] GC(622) Eden regions: 612->0(612)
[2025-12-25T06:34:30.291+0000][gc,heap     ] GC(622) Survivor regions: 2->2(77)
[2025-12-25T06:34:30.291+0000][gc,heap     ] GC(622) Old regions: 97->97
[2025-12-25T06:34:30.291+0000][gc,heap     ] GC(622) Humongous regions: 49->49
[2025-12-25T06:34:30.291+0000][gc,metaspace] GC(622) Metaspace: 12757K(13120K)->12757K(13120K) NonClass: 11657K(11776K)->11657K(11776K) Class: 1099K(1344K)->1099K(1344K)
[2025-12-25T06:34:30.291+0000][gc          ] GC(622) Pause Young (Normal) (G1 Evacuation Pause) 758M->147M(1024M) 13.178ms
[2025-12-25T06:34:30.291+0000][gc,cpu      ] GC(622) User=0.04s Sys=0.01s Real=0.01s
[2025-12-25T06:35:30.045+0000][gc,start    ] GC(623) Pause Young (Normal) (G1 Evacuation Pause)
[2025-12-25T06:35:30.045+0000][gc,task     ] GC(623) Using 8 workers of 8 for evacuation
[2025-12-25T06:35:30.051+0000][gc,phases   ] GC(623)   Pre Evacuate Collection Set: 1.2ms
[2025-12-25T06:35:30.051+0000][gc,phases   ] GC(623)   Merge Heap Roots: 0.2ms
[2025-12-25T06:35:30.051+0000][gc,phases   ] GC(623)   Evacuate Collection Set: 2.6ms
[2025-12-25T06:35:30.051+0000][gc,phases   ] GC(623)   Post Evacuate Collection Set: 1.1ms
[2025-12-25T06:35:30.051+0000][gc,phases   ] GC(623)   Other: 0.2ms
[2025-12-25T06:35:30.051+0000][gc,heap     ] GC(623) Eden regions: 612->0(613)
[2025-12-25T06:35:30.051+0000][gc,heap     ] GC(623) Survivor regions: 2->1(77)
[2025-12-25T06:35:30.051+0000][gc,heap     ] GC(623) Old regions: 97->97
[2025-12-25T06:35:30.051+0000][gc,heap     ] GC(623) Humongous regions: 49->49
[2025-12-25T06:35:30.051+0000][gc,metaspace] GC(623) Metaspace: 12757K(13120K)->12757K(13120K) NonClass: 11657K(11776K)->11657K(11776K) Class: 1099K(1344K)->1099K(1344K)
[2025-12-25T06:35:30.051+0000][gc          ] GC(623) Pause Young (Normal) (G1 Evacuation Pause) 759M->146M(1024M) 6.205ms
[2025-12-25T06:35:30.051+0000][gc,cpu      ] GC(623) User=0.03s Sys=0.00s Real=0.00s
[2025-12-25T06:36:20.180+0000][gc,start    ] GC(624) Pause Young (Normal) (G1 Evacuation Pause)
[2025-12-25T06:36:20.181+0000][gc,task     ] GC(624) Using 8 workers of 8 for evacuation
[2025-12-25T06:36:20.189+0000][gc,phases   ] GC(624)   Pre Evacuate Collection Set: 1.2ms
[2025-12-25T06:36:20.189+0000][gc,phases   ] GC(624)   Merge Heap Roots: 0.2ms
[2025-12-25T06:36:20.189+0000][gc,phases   ] GC(624)   Evacuate Collection Set: 4.8ms
[2025-12-25T06:36:20.190+0000][gc,phases   ] GC(624)   Post Evacuate Collection Set: 1.9ms
[2025-12-25T06:36:20.190+0000][gc,phases   ] GC(624)   Other: 0.5ms
[2025-12-25T06:36:20.190+0000][gc,heap     ] GC(624) Eden regions: 613->0(612)
[2025-12-25T06:36:20.190+0000][gc,heap     ] GC(624) Survivor regions: 1->2(77)
[2025-12-25T06:36:20.190+0000][gc,heap     ] GC(624) Old regions: 97->97
[2025-12-25T06:36:20.190+0000][gc,heap     ] GC(624) Humongous regions: 49->49
[2025-12-25T06:36:20.190+0000][gc,metaspace] GC(624) Metaspace: 12757K(13120K)->12757K(13120K) NonClass: 11657K(11776K)->11657K(11776K) Class: 1099K(1344K)->1099K(1344K)
[2025-12-25T06:36:20.190+0000][gc          ] GC(624) Pause Young (Normal) (G1 Evacuation Pause) 759M->147M(1024M) 10.171ms
[2025-12-25T06:36:20.190+0000][gc,cpu      ] GC(624) User=0.05s Sys=0.00s Real=0.01s
[2025-12-25T06:37:19.960+0000][gc,start    ] GC(625) Pause Young (Normal) (G1 Evacuation Pause)
[2025-12-25T06:37:19.961+0000][gc,task     ] GC(625) Using 8 workers of 8 for evacuation
[2025-12-25T06:37:19.971+0000][gc,phases   ] GC(625)   Pre Evacuate Collection Set: 1.7ms
[2025-12-25T06:37:19.971+0000][gc,phases   ] GC(625)   Merge Heap Roots: 0.3ms
[2025-12-25T06:37:19.971+0000][gc,phases   ] GC(625)   Evacuate Collection Set: 3.4ms
[2025-12-25T06:37:19.971+0000][gc,phases   ] GC(625)   Post Evacuate Collection Set: 4.1ms
[2025-12-25T06:37:19.971+0000][gc,phases   ] GC(625)   Other: 0.5ms
[2025-12-25T06:37:19.971+0000][gc,heap     ] GC(625) Eden regions: 612->0(613)
[2025-12-25T06:37:19.971+0000][gc,heap     ] GC(625) Survivor regions: 2->1(77)
[2025-12-25T06:37:19.971+0000][gc,heap     ] GC(625) Old regions: 97->97
[2025-12-25T06:37:19.972+0000][gc,heap     ] GC(625) Humongous regions: 49->49
[2025-12-25T06:37:19.972+0000][gc,metaspace] GC(625) Metaspace: 12757K(13120K)->12757K(13120K) NonClass: 11657K(11776K)->11657K(11776K) Class: 1099K(1344K)->1099K(1344K)
[2025-12-25T06:37:19.972+0000][gc          ] GC(625) Pause Young (Normal) (G1 Evacuation Pause) 759M->146M(1024M) 11.589ms
[2025-12-25T06:37:19.972+0000][gc,cpu      ] GC(625) User=0.04s Sys=0.01s Real=0.01s
[2025-12-25T06:38:10.111+0000][gc,start    ] GC(626) Pause Young (Normal) (G1 Evacuation Pause)
[2025-12-25T06:38:10.112+0000][gc,task     ] GC(626) Using 8 workers of 8 for evacuation
[2025-12-25T06:38:10.121+0000][gc,phases   ] GC(626)   Pre Evacuate Collection Set: 1.2ms
[2025-12-25T06:38:10.121+0000][gc,phases   ] GC(626)   Merge Heap Roots: 0.2ms
[2025-12-25T06:38:10.122+0000][gc,phases   ] GC(626)   Evacuate Collection Set: 6.1ms
[2025-12-25T06:38:10.122+0000][gc,phases   ] GC(626)   Post Evacuate Collection Set: 1.9ms
[2025-12-25T06:38:10.122+0000][gc,phases   ] GC(626)   Other: 0.2ms
[2025-12-25T06:38:10.122+0000][gc,heap     ] GC(626) Eden regions: 613->0(612)
[2025-12-25T06:38:10.122+0000][gc,heap     ] GC(626) Survivor regions: 1->2(77)
[2025-12-25T06:38:10.122+0000][gc,heap     ] GC(626) Old regions: 97->97
[2025-12-25T06:38:10.122+0000][gc,heap     ] GC(626) Humongous regions: 49->49
[2025-12-25T06:38:10.122+0000][gc,metaspace] GC(626) Metaspace: 12757K(13120K)->12757K(13120K) NonClass: 11657K(11776K)->11657K(11776K) Class: 1099K(1344K)->1099K(1344K)
[2025-12-25T06:38:10.122+0000][gc          ] GC(626) Pause Young (Normal) (G1 Evacuation Pause) 759M->146M(1024M) 10.790ms
[2025-12-25T06:38:10.122+0000][gc,cpu      ] GC(626) User=0.05s Sys=0.00s Real=0.01s
[2025-12-25T06:39:00.258+0000][gc,start    ] GC(627) Pause Young (Normal) (G1 Evacuation Pause)
[2025-12-25T06:39:00.259+0000][gc,task     ] GC(627) Using 8 workers of 8 for evacuation
[2025-12-25T06:39:00.265+0000][gc,phases   ] GC(627)   Pre Evacuate Collection Set: 1.2ms
[2025-12-25T06:39:00.265+0000][gc,phases   ] GC(627)   Merge Heap Roots: 0.2ms
[2025-12-25T06:39:00.265+0000][gc,phases   ] GC(627)   Evacuate Collection Set: 3.0ms
[2025-12-25T06:39:00.265+0000][gc,phases   ] GC(627)   Post Evacuate Collection Set: 1.3ms
[2025-12-25T06:39:00.266+0000][gc,phases   ] GC(627)   Other: 0.4ms
[2025-12-25T06:39:00.266+0000][gc,heap     ] GC(627) Eden regions: 612->0(612)
[2025-12-25T06:39:00.266+0000][gc,heap     ] GC(627) Survivor regions: 2->2(77)
[2025-12-25T06:39:00.266+0000][gc,heap     ] GC(627) Old regions: 97->97
[2025-12-25T06:39:00.266+0000][gc,heap     ] GC(627) Humongous regions: 49->49
[2025-12-25T06:39:00.266+0000][gc,metaspace] GC(627) Metaspace: 12757K(13120K)->12757K(13120K) NonClass: 11657K(11776K)->11657K(11776K) Class: 1099K(1344K)->1099K(1344K)
[2025-12-25T06:39:00.266+0000][gc          ] GC(627) Pause Young (Normal) (G1 Evacuation Pause) 758M->147M(1024M) 7.694ms
[2025-12-25T06:39:00.266+0000][gc,cpu      ] GC(627) User=0.04s Sys=0.00s Real=0.01s
[2025-12-25T06:40:00.041+0000][gc,start    ] GC(628) Pause Young (Normal) (G1 Evacuation Pause)
[2025-12-25T06:40:00.041+0000][gc,task     ] GC(628) Using 8 workers of 8 for evacuation
[2025-12-25T06:40:00.053+0000][gc,phases   ] GC(628)   Pre Evacuate Collection Set: 2.8ms
[2025-12-25T06:40:00.053+0000][gc,phases   ] GC(628)   Merge Heap Roots: 0.4ms
[2025-12-25T06:40:00.053+0000][gc,phases   ] GC(628)   Evacuate Collection Set: 5.7ms
[2025-12-25T06:40:00.053+0000][gc,phases   ] GC(628)   Post Evacuate Collection Set: 2.3ms
[2025-12-25T06:40:00.053+0000][gc,phases   ] GC(628)   Other: 0.3ms
[2025-12-25T06:40:00.053+0000][gc,heap     ] GC(628) Eden regions: 612->0(613)
[2025-12-25T06:40:00.053+0000][gc,heap     ] GC(628) Survivor regions: 2->1(77)
[2025-12-25T06:40:00.053+0000][gc,heap     ] GC(628) Old regions: 97->97
[2025-12-25T06:40:00.053+0000][gc,heap     ] GC(628) Humongous regions: 49->49
[2025-12-25T06:40:00.053+0000][gc,metaspace] GC(628) Metaspace: 12757K(13120K)->12757K(13120K) NonClass: 11657K(11776K)->11657K(11776K) Class: 1099K(1344K)->1099K(1344K)
[2025-12-25T06:40:00.054+0000][gc          ] GC(628) Pause Young (Normal) (G1 Evacuation Pause) 759M->146M(1024M) 12.869ms
[2025-12-25T06:40:00.054+0000][gc,cpu      ] GC(628) User=0.06s Sys=0.00s Real=0.01s
[2025-12-25T06:40:50.127+0000][gc,start    ] GC(629) Pause Young (Normal) (G1 Evacuation Pause)
[2025-12-25T06:40:50.128+0000][gc,task     ] GC(629) Using 8 workers of 8 for evacuation
[2025-12-25T06:40:50.135+0000][gc,phases   ] GC(629)   Pre Evacuate Collection Set: 1.3ms
[2025-12-25T06:40:50.135+0000][gc,phases   ] GC(629)   Merge Heap Roots: 0.2ms
[2025-12-25T06:40:50.136+0000][gc,phases   ] GC(629)   Evacuate Collection Set: 4.0ms
[2025-12-25T06:40:50.136+0000][gc,phases   ] GC(629)   Post Evacuate Collection Set: 1.7ms
[2025-12-25T06:40:50.136+0000][gc,phases   ] GC(629)   Other: 0.3ms
[2025-12-25T06:40:50.136+0000][gc,heap     ] GC(629) Eden regions: 613->0(612)
[2025-12-25T06:40:50.136+0000][gc,heap     ] GC(629) Survivor regions: 1->2(77)
[2025-12-25T06:40:50.136+0000][gc,heap     ] GC(629) Old regions: 97->97
[2025-12-25T06:40:50.136+0000][gc,heap     ] GC(629) Humongous regions: 49->49
[2025-12-25T06:40:50.136+0000][gc,metaspace] GC(629) Metaspace: 12757K(13120K)->12757K(13120K) NonClass: 11657K(11776K)->11657K(11776K) Class: 1099K(1344K)->1099K(1344K)
[2025-12-25T06:40:50.136+0000][gc          ] GC(629) Pause Young (Normal) (G1 Evacuation Pause) 759M->147M(1024M) 9.014ms
[2025-12-25T06:40:50.136+0000][gc,cpu      ] GC(629) User=0.04s Sys=0.00s Real=0.01s
[2025-12-25T06:41:49.912+0000][gc,start    ] GC(630) Pause Young (Normal) (G1 Evacuation Pause)
[2025-12-25T06:41:49.913+0000][gc,task     ] GC(630) Using 8 workers of 8 for evacuation
[2025-12-25T06:41:49.925+0000][gc,phases   ] GC(630)   Pre Evacuate Collection Set: 2.2ms
[2025-12-25T06:41:49.925+0000][gc,phases   ] GC(630)   Merge Heap Roots: 0.5ms
[2025-12-25T06:41:49.925+0000][gc,phases   ] GC(630)   Evacuate Collection Set: 6.6ms
[2025-12-25T06:41:49.925+0000][gc,phases   ] GC(630)   Post Evacuate Collection Set: 1.6ms
[2025-12-25T06:41:49.925+0000][gc,phases   ] GC(630)   Other: 1.1ms
[2025-12-25T06:41:49.925+0000][gc,heap     ] GC(630) Eden regions: 612->0(613)
[2025-12-25T06:41:49.925+0000][gc,heap     ] GC(630) Survivor regions: 2->1(77)
[2025-12-25T06:41:49.925+0000][gc,heap     ] GC(630) Old regions: 97->97
[2025-12-25T06:41:49.925+0000][gc,heap     ] GC(630) Humongous regions: 49->49
[2025-12-25T06:41:49.925+0000][gc,metaspace] GC(630) Metaspace: 12757K(13120K)->12757K(13120K) NonClass: 11657K(11776K)->11657K(11776K) Class: 1099K(1344K)->1099K(1344K)
[2025-12-25T06:41:49.926+0000][gc          ] GC(630) Pause Young (Normal) (G1 Evacuation Pause) 759M->146M(1024M) 13.407ms
[2025-12-25T06:41:49.926+0000][gc,cpu      ] GC(630) User=0.06s Sys=0.00s Real=0.01s
[2025-12-25T06:42:40.073+0000][gc,start    ] GC(631) Pause Young (Normal) (G1 Evacuation Pause)
[2025-12-25T06:42:40.075+0000][gc,task     ] GC(631) Using 8 workers of 8 for evacuation
[2025-12-25T06:42:40.084+0000][gc,phases   ] GC(631)   Pre Evacuate Collection Set: 1.4ms
[2025-12-25T06:42:40.084+0000][gc,phases   ] GC(631)   Merge Heap Roots: 0.3ms
[2025-12-25T06:42:40.084+0000][gc,phases   ] GC(631)   Evacuate Collection Set: 4.5ms
[2025-12-25T06:42:40.084+0000][gc,phases   ] GC(631)   Post Evacuate Collection Set: 2.9ms
[2025-12-25T06:42:40.085+0000][gc,phases   ] GC(631)   Other: 0.6ms
[2025-12-25T06:42:40.085+0000][gc,heap     ] GC(631) Eden regions: 613->0(612)
[2025-12-25T06:42:40.085+0000][gc,heap     ] GC(631) Survivor regions: 1->2(77)
[2025-12-25T06:42:40.085+0000][gc,heap     ] GC(631) Old regions: 97->97
[2025-12-25T06:42:40.085+0000][gc,heap     ] GC(631) Humongous regions: 49->49
[2025-12-25T06:42:40.085+0000][gc,metaspace] GC(631) Metaspace: 12757K(13120K)->12757K(13120K) NonClass: 11657K(11776K)->11657K(11776K) Class: 1099K(1344K)->1099K(1344K)
[2025-12-25T06:42:40.085+0000][gc          ] GC(631) Pause Young (Normal) (G1 Evacuation Pause) 759M->146M(1024M) 12.198ms
[2025-12-25T06:42:40.085+0000][gc,cpu      ] GC(631) User=0.05s Sys=0.00s Real=0.01s
[2025-12-25T06:43:31.151+0000][gc,start    ] GC(632) Pause Young (Normal) (G1 Evacuation Pause)
[2025-12-25T06:43:31.156+0000][gc,task     ] GC(632) Using 8 workers of 8 for evacuation
[2025-12-25T06:43:31.198+0000][gc,phases   ] GC(632)   Pre Evacuate Collection Set: 9.4ms
[2025-12-25T06:43:31.199+0000][gc,phases   ] GC(632)   Merge Heap Roots: 0.8ms
[2025-12-25T06:43:31.199+0000][gc,phases   ] GC(632)   Evacuate Collection Set: 20.8ms
[2025-12-25T06:43:31.199+0000][gc,phases   ] GC(632)   Post Evacuate Collection Set: 6.2ms
[2025-12-25T06:43:31.200+0000][gc,phases   ] GC(632)   Other: 4.8ms
[2025-12-25T06:43:31.201+0000][gc,heap     ] GC(632) Eden regions: 612->0(612)
[2025-12-25T06:43:31.201+0000][gc,heap     ] GC(632) Survivor regions: 2->2(77)
[2025-12-25T06:43:31.201+0000][gc,heap     ] GC(632) Old regions: 97->97
[2025-12-25T06:43:31.201+0000][gc,heap     ] GC(632) Humongous regions: 49->49
[2025-12-25T06:43:31.201+0000][gc,metaspace] GC(632) Metaspace: 12757K(13120K)->12757K(13120K) NonClass: 11657K(11776K)->11657K(11776K) Class: 1099K(1344K)->1099K(1344K)
[2025-12-25T06:43:31.202+0000][gc          ] GC(632) Pause Young (Normal) (G1 Evacuation Pause) 758M->147M(1024M) 50.266ms
[2025-12-25T06:43:31.207+0000][gc,cpu      ] GC(632) User=0.13s Sys=0.02s Real=0.06s
[2025-12-25T06:44:30.313+0000][gc,start    ] GC(633) Pause Young (Normal) (G1 Evacuation Pause)
[2025-12-25T06:44:30.315+0000][gc,task     ] GC(633) Using 8 workers of 8 for evacuation
[2025-12-25T06:44:30.339+0000][gc,phases   ] GC(633)   Pre Evacuate Collection Set: 4.2ms
[2025-12-25T06:44:30.340+0000][gc,phases   ] GC(633)   Merge Heap Roots: 0.9ms
[2025-12-25T06:44:30.340+0000][gc,phases   ] GC(633)   Evacuate Collection Set: 13.2ms
[2025-12-25T06:44:30.340+0000][gc,phases   ] GC(633)   Post Evacuate Collection Set: 4.1ms
[2025-12-25T06:44:30.340+0000][gc,phases   ] GC(633)   Other: 2.0ms
[2025-12-25T06:44:30.340+0000][gc,heap     ] GC(633) Eden regions: 612->0(613)
[2025-12-25T06:44:30.341+0000][gc,heap     ] GC(633) Survivor regions: 2->1(77)
[2025-12-25T06:44:30.341+0000][gc,heap     ] GC(633) Old regions: 97->97
[2025-12-25T06:44:30.341+0000][gc,heap     ] GC(633) Humongous regions: 49->49
[2025-12-25T06:44:30.341+0000][gc,metaspace] GC(633) Metaspace: 12757K(13120K)->12757K(13120K) NonClass: 11657K(11776K)->11657K(11776K) Class: 1099K(1344K)->1099K(1344K)
[2025-12-25T06:44:30.341+0000][gc          ] GC(633) Pause Young (Normal) (G1 Evacuation Pause) 759M->146M(1024M) 27.929ms
[2025-12-25T06:44:30.342+0000][gc,cpu      ] GC(633) User=0.08s Sys=0.02s Real=0.03s
[2025-12-25T06:45:20.092+0000][gc,start    ] GC(634) Pause Young (Normal) (G1 Evacuation Pause)
[2025-12-25T06:45:20.092+0000][gc,task     ] GC(634) Using 8 workers of 8 for evacuation
[2025-12-25T06:45:20.098+0000][gc,phases   ] GC(634)   Pre Evacuate Collection Set: 1.2ms
[2025-12-25T06:45:20.098+0000][gc,phases   ] GC(634)   Merge Heap Roots: 0.2ms
[2025-12-25T06:45:20.098+0000][gc,phases   ] GC(634)   Evacuate Collection Set: 3.3ms
[2025-12-25T06:45:20.098+0000][gc,phases   ] GC(634)   Post Evacuate Collection Set: 1.1ms
[2025-12-25T06:45:20.098+0000][gc,phases   ] GC(634)   Other: 0.2ms
[2025-12-25T06:45:20.098+0000][gc,heap     ] GC(634) Eden regions: 613->0(612)
[2025-12-25T06:45:20.098+0000][gc,heap     ] GC(634) Survivor regions: 1->2(77)
[2025-12-25T06:45:20.099+0000][gc,heap     ] GC(634) Old regions: 97->97
[2025-12-25T06:45:20.099+0000][gc,heap     ] GC(634) Humongous regions: 49->49
[2025-12-25T06:45:20.099+0000][gc,metaspace] GC(634) Metaspace: 12757K(13120K)->12757K(13120K) NonClass: 11657K(11776K)->11657K(11776K) Class: 1099K(1344K)->1099K(1344K)
[2025-12-25T06:45:20.099+0000][gc          ] GC(634) Pause Young (Normal) (G1 Evacuation Pause) 759M->147M(1024M) 6.982ms
[2025-12-25T06:45:20.099+0000][gc,cpu      ] GC(634) User=0.03s Sys=0.00s Real=0.00s
[2025-12-25T06:46:10.254+0000][gc,start    ] GC(635) Pause Young (Normal) (G1 Evacuation Pause)
[2025-12-25T06:46:10.255+0000][gc,task     ] GC(635) Using 8 workers of 8 for evacuation
[2025-12-25T06:46:10.263+0000][gc,phases   ] GC(635)   Pre Evacuate Collection Set: 1.1ms
[2025-12-25T06:46:10.263+0000][gc,phases   ] GC(635)   Merge Heap Roots: 0.3ms
[2025-12-25T06:46:10.263+0000][gc,phases   ] GC(635)   Evacuate Collection Set: 5.3ms
[2025-12-25T06:46:10.263+0000][gc,phases   ] GC(635)   Post Evacuate Collection Set: 1.2ms
[2025-12-25T06:46:10.263+0000][gc,phases   ] GC(635)   Other: 0.2ms
[2025-12-25T06:46:10.263+0000][gc,heap     ] GC(635) Eden regions: 612->0(612)
[2025-12-25T06:46:10.263+0000][gc,heap     ] GC(635) Survivor regions: 2->2(77)
[2025-12-25T06:46:10.263+0000][gc,heap     ] GC(635) Old regions: 97->97
[2025-12-25T06:46:10.263+0000][gc,heap     ] GC(635) Humongous regions: 49->49
[2025-12-25T06:46:10.263+0000][gc,metaspace] GC(635) Metaspace: 12757K(13120K)->12757K(13120K) NonClass: 11657K(11776K)->11657K(11776K) Class: 1099K(1344K)->1099K(1344K)
[2025-12-25T06:46:10.263+0000][gc          ] GC(635) Pause Young (Normal) (G1 Evacuation Pause) 759M->147M(1024M) 9.064ms
[2025-12-25T06:46:10.263+0000][gc,cpu      ] GC(635) User=0.04s Sys=0.00s Real=0.01s
[2025-12-25T06:47:10.074+0000][gc,start    ] GC(636) Pause Young (Normal) (G1 Evacuation Pause)
[2025-12-25T06:47:10.075+0000][gc,task     ] GC(636) Using 8 workers of 8 for evacuation
[2025-12-25T06:47:10.084+0000][gc,phases   ] GC(636)   Pre Evacuate Collection Set: 2.8ms
[2025-12-25T06:47:10.084+0000][gc,phases   ] GC(636)   Merge Heap Roots: 0.5ms
[2025-12-25T06:47:10.084+0000][gc,phases   ] GC(636)   Evacuate Collection Set: 3.0ms
[2025-12-25T06:47:10.084+0000][gc,phases   ] GC(636)   Post Evacuate Collection Set: 1.1ms
[2025-12-25T06:47:10.084+0000][gc,phases   ] GC(636)   Other: 1.7ms
[2025-12-25T06:47:10.084+0000][gc,heap     ] GC(636) Eden regions: 612->0(612)
[2025-12-25T06:47:10.085+0000][gc,heap     ] GC(636) Survivor regions: 2->2(77)
[2025-12-25T06:47:10.085+0000][gc,heap     ] GC(636) Old regions: 97->98
[2025-12-25T06:47:10.085+0000][gc,heap     ] GC(636) Humongous regions: 49->49
[2025-12-25T06:47:10.085+0000][gc,metaspace] GC(636) Metaspace: 12757K(13120K)->12757K(13120K) NonClass: 11657K(11776K)->11657K(11776K) Class: 1099K(1344K)->1099K(1344K)
[2025-12-25T06:47:10.085+0000][gc          ] GC(636) Pause Young (Normal) (G1 Evacuation Pause) 759M->147M(1024M) 10.665ms
[2025-12-25T06:47:10.085+0000][gc,cpu      ] GC(636) User=0.03s Sys=0.01s Real=0.01s
[2025-12-25T06:48:00.211+0000][gc,start    ] GC(637) Pause Young (Normal) (G1 Evacuation Pause)
[2025-12-25T06:48:00.212+0000][gc,task     ] GC(637) Using 8 workers of 8 for evacuation
[2025-12-25T06:48:00.219+0000][gc,phases   ] GC(637)   Pre Evacuate Collection Set: 1.1ms
[2025-12-25T06:48:00.219+0000][gc,phases   ] GC(637)   Merge Heap Roots: 0.2ms
[2025-12-25T06:48:00.219+0000][gc,phases   ] GC(637)   Evacuate Collection Set: 4.8ms
[2025-12-25T06:48:00.219+0000][gc,phases   ] GC(637)   Post Evacuate Collection Set: 1.4ms
[2025-12-25T06:48:00.220+0000][gc,phases   ] GC(637)   Other: 0.2ms
[2025-12-25T06:48:00.220+0000][gc,heap     ] GC(637) Eden regions: 612->0(612)
[2025-12-25T06:48:00.220+0000][gc,heap     ] GC(637) Survivor regions: 2->2(77)
[2025-12-25T06:48:00.220+0000][gc,heap     ] GC(637) Old regions: 98->98
[2025-12-25T06:48:00.220+0000][gc,heap     ] GC(637) Humongous regions: 49->49
[2025-12-25T06:48:00.220+0000][gc,metaspace] GC(637) Metaspace: 12757K(13120K)->12757K(13120K) NonClass: 11657K(11776K)->11657K(11776K) Class: 1099K(1344K)->1099K(1344K)
[2025-12-25T06:48:00.220+0000][gc          ] GC(637) Pause Young (Normal) (G1 Evacuation Pause) 759M->147M(1024M) 8.825ms
[2025-12-25T06:48:00.220+0000][gc,cpu      ] GC(637) User=0.04s Sys=0.00s Real=0.01s
[2025-12-25T06:48:59.977+0000][gc,start    ] GC(638) Pause Young (Normal) (G1 Evacuation Pause)
[2025-12-25T06:48:59.979+0000][gc,task     ] GC(638) Using 8 workers of 8 for evacuation
[2025-12-25T06:48:59.998+0000][gc,phases   ] GC(638)   Pre Evacuate Collection Set: 6.1ms
[2025-12-25T06:49:00.000+0000][gc,phases   ] GC(638)   Merge Heap Roots: 0.4ms
[2025-12-25T06:49:00.001+0000][gc,phases   ] GC(638)   Evacuate Collection Set: 4.3ms
[2025-12-25T06:49:00.002+0000][gc,phases   ] GC(638)   Post Evacuate Collection Set: 7.9ms
[2025-12-25T06:49:00.003+0000][gc,phases   ] GC(638)   Other: 0.8ms
[2025-12-25T06:49:00.004+0000][gc,heap     ] GC(638) Eden regions: 612->0(613)
[2025-12-25T06:49:00.010+0000][gc,heap     ] GC(638) Survivor regions: 2->1(77)
[2025-12-25T06:49:00.010+0000][gc,heap     ] GC(638) Old regions: 98->98
[2025-12-25T06:49:00.011+0000][gc,heap     ] GC(638) Humongous regions: 49->49
[2025-12-25T06:49:00.011+0000][gc,metaspace] GC(638) Metaspace: 12757K(13120K)->12757K(13120K) NonClass: 11657K(11776K)->11657K(11776K) Class: 1099K(1344K)->1099K(1344K)
[2025-12-25T06:49:00.012+0000][gc          ] GC(638) Pause Young (Normal) (G1 Evacuation Pause) 759M->146M(1024M) 35.049ms
[2025-12-25T06:49:00.012+0000][gc,cpu      ] GC(638) User=0.05s Sys=0.01s Real=0.03s
[2025-12-25T06:49:50.146+0000][gc,start    ] GC(639) Pause Young (Normal) (G1 Evacuation Pause)
[2025-12-25T06:49:50.147+0000][gc,task     ] GC(639) Using 8 workers of 8 for evacuation
[2025-12-25T06:49:50.162+0000][gc,phases   ] GC(639)   Pre Evacuate Collection Set: 1.4ms
[2025-12-25T06:49:50.162+0000][gc,phases   ] GC(639)   Merge Heap Roots: 0.5ms
[2025-12-25T06:49:50.162+0000][gc,phases   ] GC(639)   Evacuate Collection Set: 8.8ms
[2025-12-25T06:49:50.163+0000][gc,phases   ] GC(639)   Post Evacuate Collection Set: 3.4ms
[2025-12-25T06:49:50.163+0000][gc,phases   ] GC(639)   Other: 0.2ms
[2025-12-25T06:49:50.163+0000][gc,heap     ] GC(639) Eden regions: 613->0(612)
[2025-12-25T06:49:50.163+0000][gc,heap     ] GC(639) Survivor regions: 1->2(77)
[2025-12-25T06:49:50.163+0000][gc,heap     ] GC(639) Old regions: 98->98
[2025-12-25T06:49:50.163+0000][gc,heap     ] GC(639) Humongous regions: 49->49
[2025-12-25T06:49:50.163+0000][gc,metaspace] GC(639) Metaspace: 12757K(13120K)->12757K(13120K) NonClass: 11657K(11776K)->11657K(11776K) Class: 1099K(1344K)->1099K(1344K)
[2025-12-25T06:49:50.163+0000][gc          ] GC(639) Pause Young (Normal) (G1 Evacuation Pause) 759M->147M(1024M) 16.725ms
[2025-12-25T06:49:50.163+0000][gc,cpu      ] GC(639) User=0.08s Sys=0.00s Real=0.01s
[2025-12-25T06:50:40.251+0000][gc,start    ] GC(640) Pause Young (Normal) (G1 Evacuation Pause)
[2025-12-25T06:50:40.252+0000][gc,task     ] GC(640) Using 8 workers of 8 for evacuation
[2025-12-25T06:50:40.262+0000][gc,phases   ] GC(640)   Pre Evacuate Collection Set: 2.7ms
[2025-12-25T06:50:40.262+0000][gc,phases   ] GC(640)   Merge Heap Roots: 2.4ms
[2025-12-25T06:50:40.262+0000][gc,phases   ] GC(640)   Evacuate Collection Set: 3.2ms
[2025-12-25T06:50:40.262+0000][gc,phases   ] GC(640)   Post Evacuate Collection Set: 1.3ms
[2025-12-25T06:50:40.262+0000][gc,phases   ] GC(640)   Other: 0.5ms
[2025-12-25T06:50:40.262+0000][gc,heap     ] GC(640) Eden regions: 612->0(612)
[2025-12-25T06:50:40.262+0000][gc,heap     ] GC(640) Survivor regions: 2->2(77)
[2025-12-25T06:50:40.262+0000][gc,heap     ] GC(640) Old regions: 98->98
[2025-12-25T06:50:40.262+0000][gc,heap     ] GC(640) Humongous regions: 49->49
[2025-12-25T06:50:40.262+0000][gc,metaspace] GC(640) Metaspace: 12757K(13120K)->12757K(13120K) NonClass: 11657K(11776K)->11657K(11776K) Class: 1099K(1344K)->1099K(1344K)
[2025-12-25T06:50:40.263+0000][gc          ] GC(640) Pause Young (Normal) (G1 Evacuation Pause) 759M->147M(1024M) 11.148ms
[2025-12-25T06:50:40.263+0000][gc,cpu      ] GC(640) User=0.04s Sys=0.00s Real=0.02s
[2025-12-25T06:51:40.024+0000][gc,start    ] GC(641) Pause Young (Normal) (G1 Evacuation Pause)
[2025-12-25T06:51:40.025+0000][gc,task     ] GC(641) Using 8 workers of 8 for evacuation
[2025-12-25T06:51:40.034+0000][gc,phases   ] GC(641)   Pre Evacuate Collection Set: 1.3ms
[2025-12-25T06:51:40.034+0000][gc,phases   ] GC(641)   Merge Heap Roots: 0.2ms
[2025-12-25T06:51:40.034+0000][gc,phases   ] GC(641)   Evacuate Collection Set: 2.5ms
[2025-12-25T06:51:40.034+0000][gc,phases   ] GC(641)   Post Evacuate Collection Set: 4.9ms
[2025-12-25T06:51:40.034+0000][gc,phases   ] GC(641)   Other: 0.2ms
[2025-12-25T06:51:40.034+0000][gc,heap     ] GC(641) Eden regions: 612->0(612)
[2025-12-25T06:51:40.034+0000][gc,heap     ] GC(641) Survivor regions: 2->2(77)
[2025-12-25T06:51:40.034+0000][gc,heap     ] GC(641) Old regions: 98->98
[2025-12-25T06:51:40.034+0000][gc,heap     ] GC(641) Humongous regions: 49->49
[2025-12-25T06:51:40.034+0000][gc,metaspace] GC(641) Metaspace: 12757K(13120K)->12757K(13120K) NonClass: 11657K(11776K)->11657K(11776K) Class: 1099K(1344K)->1099K(1344K)
[2025-12-25T06:51:40.034+0000][gc          ] GC(641) Pause Young (Normal) (G1 Evacuation Pause) 759M->147M(1024M) 10.216ms
[2025-12-25T06:51:40.034+0000][gc,cpu      ] GC(641) User=0.04s Sys=0.01s Real=0.01s
[2025-12-25T06:52:30.176+0000][gc,start    ] GC(642) Pause Young (Normal) (G1 Evacuation Pause)
[2025-12-25T06:52:30.176+0000][gc,task     ] GC(642) Using 8 workers of 8 for evacuation
[2025-12-25T06:52:30.184+0000][gc,phases   ] GC(642)   Pre Evacuate Collection Set: 1.1ms
[2025-12-25T06:52:30.184+0000][gc,phases   ] GC(642)   Merge Heap Roots: 0.2ms
[2025-12-25T06:52:30.184+0000][gc,phases   ] GC(642)   Evacuate Collection Set: 5.0ms
[2025-12-25T06:52:30.184+0000][gc,phases   ] GC(642)   Post Evacuate Collection Set: 1.3ms
[2025-12-25T06:52:30.184+0000][gc,phases   ] GC(642)   Other: 0.3ms
[2025-12-25T06:52:30.184+0000][gc,heap     ] GC(642) Eden regions: 612->0(612)
[2025-12-25T06:52:30.184+0000][gc,heap     ] GC(642) Survivor regions: 2->2(77)
[2025-12-25T06:52:30.184+0000][gc,heap     ] GC(642) Old regions: 98->98
[2025-12-25T06:52:30.184+0000][gc,heap     ] GC(642) Humongous regions: 49->49
[2025-12-25T06:52:30.184+0000][gc,metaspace] GC(642) Metaspace: 12757K(13120K)->12757K(13120K) NonClass: 11657K(11776K)->11657K(11776K) Class: 1099K(1344K)->1099K(1344K)
[2025-12-25T06:52:30.185+0000][gc          ] GC(642) Pause Young (Normal) (G1 Evacuation Pause) 759M->147M(1024M) 8.760ms
[2025-12-25T06:52:30.185+0000][gc,cpu      ] GC(642) User=0.04s Sys=0.00s Real=0.01s
[2025-12-25T06:53:29.952+0000][gc,start    ] GC(643) Pause Young (Normal) (G1 Evacuation Pause)
[2025-12-25T06:53:29.953+0000][gc,task     ] GC(643) Using 8 workers of 8 for evacuation
[2025-12-25T06:53:29.961+0000][gc,phases   ] GC(643)   Pre Evacuate Collection Set: 1.3ms
[2025-12-25T06:53:29.962+0000][gc,phases   ] GC(643)   Merge Heap Roots: 0.2ms
[2025-12-25T06:53:29.962+0000][gc,phases   ] GC(643)   Evacuate Collection Set: 4.6ms
[2025-12-25T06:53:29.962+0000][gc,phases   ] GC(643)   Post Evacuate Collection Set: 2.1ms
[2025-12-25T06:53:29.962+0000][gc,phases   ] GC(643)   Other: 0.2ms
[2025-12-25T06:53:29.962+0000][gc,heap     ] GC(643) Eden regions: 612->0(613)
[2025-12-25T06:53:29.962+0000][gc,heap     ] GC(643) Survivor regions: 2->1(77)
[2025-12-25T06:53:29.962+0000][gc,heap     ] GC(643) Old regions: 98->98
[2025-12-25T06:53:29.962+0000][gc,heap     ] GC(643) Humongous regions: 49->49
[2025-12-25T06:53:29.962+0000][gc,metaspace] GC(643) Metaspace: 12757K(13120K)->12757K(13120K) NonClass: 11657K(11776K)->11657K(11776K) Class: 1099K(1344K)->1099K(1344K)
[2025-12-25T06:53:29.962+0000][gc          ] GC(643) Pause Young (Normal) (G1 Evacuation Pause) 759M->146M(1024M) 10.559ms
[2025-12-25T06:53:29.962+0000][gc,cpu      ] GC(643) User=0.04s Sys=0.00s Real=0.01s
[2025-12-25T06:54:20.098+0000][gc,start    ] GC(644) Pause Young (Normal) (G1 Evacuation Pause)
[2025-12-25T06:54:20.098+0000][gc,task     ] GC(644) Using 8 workers of 8 for evacuation
[2025-12-25T06:54:20.105+0000][gc,phases   ] GC(644)   Pre Evacuate Collection Set: 1.1ms
[2025-12-25T06:54:20.105+0000][gc,phases   ] GC(644)   Merge Heap Roots: 0.2ms
[2025-12-25T06:54:20.105+0000][gc,phases   ] GC(644)   Evacuate Collection Set: 3.7ms
[2025-12-25T06:54:20.105+0000][gc,phases   ] GC(644)   Post Evacuate Collection Set: 1.7ms
[2025-12-25T06:54:20.105+0000][gc,phases   ] GC(644)   Other: 0.2ms
[2025-12-25T06:54:20.105+0000][gc,heap     ] GC(644) Eden regions: 613->0(612)
[2025-12-25T06:54:20.105+0000][gc,heap     ] GC(644) Survivor regions: 1->2(77)
[2025-12-25T06:54:20.106+0000][gc,heap     ] GC(644) Old regions: 98->98
[2025-12-25T06:54:20.106+0000][gc,heap     ] GC(644) Humongous regions: 49->49
[2025-12-25T06:54:20.106+0000][gc,metaspace] GC(644) Metaspace: 12757K(13120K)->12757K(13120K) NonClass: 11657K(11776K)->11657K(11776K) Class: 1099K(1344K)->1099K(1344K)
[2025-12-25T06:54:20.106+0000][gc          ] GC(644) Pause Young (Normal) (G1 Evacuation Pause) 759M->147M(1024M) 8.316ms
[2025-12-25T06:54:20.106+0000][gc,cpu      ] GC(644) User=0.03s Sys=0.00s Real=0.01s
[2025-12-25T06:55:10.256+0000][gc,start    ] GC(645) Pause Young (Normal) (G1 Evacuation Pause)
[2025-12-25T06:55:10.257+0000][gc,task     ] GC(645) Using 8 workers of 8 for evacuation
[2025-12-25T06:55:10.270+0000][gc,phases   ] GC(645)   Pre Evacuate Collection Set: 1.4ms
[2025-12-25T06:55:10.271+0000][gc,phases   ] GC(645)   Merge Heap Roots: 0.2ms
[2025-12-25T06:55:10.271+0000][gc,phases   ] GC(645)   Evacuate Collection Set: 8.9ms
[2025-12-25T06:55:10.271+0000][gc,phases   ] GC(645)   Post Evacuate Collection Set: 2.9ms
[2025-12-25T06:55:10.271+0000][gc,phases   ] GC(645)   Other: 0.4ms
[2025-12-25T06:55:10.271+0000][gc,heap     ] GC(645) Eden regions: 612->0(612)
[2025-12-25T06:55:10.271+0000][gc,heap     ] GC(645) Survivor regions: 2->2(77)
[2025-12-25T06:55:10.271+0000][gc,heap     ] GC(645) Old regions: 98->98
[2025-12-25T06:55:10.271+0000][gc,heap     ] GC(645) Humongous regions: 49->49
[2025-12-25T06:55:10.271+0000][gc,metaspace] GC(645) Metaspace: 12757K(13120K)->12757K(13120K) NonClass: 11657K(11776K)->11657K(11776K) Class: 1099K(1344K)->1099K(1344K)
[2025-12-25T06:55:10.271+0000][gc          ] GC(645) Pause Young (Normal) (G1 Evacuation Pause) 759M->148M(1024M) 15.114ms
[2025-12-25T06:55:10.271+0000][gc,cpu      ] GC(645) User=0.07s Sys=0.00s Real=0.02s
[2025-12-25T06:56:09.997+0000][gc,start    ] GC(646) Pause Young (Normal) (G1 Evacuation Pause)
[2025-12-25T06:56:09.997+0000][gc,task     ] GC(646) Using 8 workers of 8 for evacuation
[2025-12-25T06:56:10.009+0000][gc,phases   ] GC(646)   Pre Evacuate Collection Set: 1.3ms
[2025-12-25T06:56:10.009+0000][gc,phases   ] GC(646)   Merge Heap Roots: 0.2ms
[2025-12-25T06:56:10.009+0000][gc,phases   ] GC(646)   Evacuate Collection Set: 6.3ms
[2025-12-25T06:56:10.009+0000][gc,phases   ] GC(646)   Post Evacuate Collection Set: 3.4ms
[2025-12-25T06:56:10.009+0000][gc,phases   ] GC(646)   Other: 0.2ms
[2025-12-25T06:56:10.009+0000][gc,heap     ] GC(646) Eden regions: 612->0(612)
[2025-12-25T06:56:10.009+0000][gc,heap     ] GC(646) Survivor regions: 2->2(77)
[2025-12-25T06:56:10.009+0000][gc,heap     ] GC(646) Old regions: 98->98
[2025-12-25T06:56:10.009+0000][gc,heap     ] GC(646) Humongous regions: 49->49
[2025-12-25T06:56:10.009+0000][gc,metaspace] GC(646) Metaspace: 12757K(13120K)->12757K(13120K) NonClass: 11657K(11776K)->11657K(11776K) Class: 1099K(1344K)->1099K(1344K)
[2025-12-25T06:56:10.009+0000][gc          ] GC(646) Pause Young (Normal) (G1 Evacuation Pause) 760M->147M(1024M) 12.637ms
[2025-12-25T06:56:10.009+0000][gc,cpu      ] GC(646) User=0.06s Sys=0.01s Real=0.02s
[2025-12-25T06:57:00.159+0000][gc,start    ] GC(647) Pause Young (Normal) (G1 Evacuation Pause)
[2025-12-25T06:57:00.159+0000][gc,task     ] GC(647) Using 8 workers of 8 for evacuation
[2025-12-25T06:57:00.175+0000][gc,phases   ] GC(647)   Pre Evacuate Collection Set: 4.2ms
[2025-12-25T06:57:00.176+0000][gc,phases   ] GC(647)   Merge Heap Roots: 0.8ms
[2025-12-25T06:57:00.176+0000][gc,phases   ] GC(647)   Evacuate Collection Set: 9.3ms
[2025-12-25T06:57:00.176+0000][gc,phases   ] GC(647)   Post Evacuate Collection Set: 1.7ms
[2025-12-25T06:57:00.176+0000][gc,phases   ] GC(647)   Other: 0.4ms
[2025-12-25T06:57:00.176+0000][gc,heap     ] GC(647) Eden regions: 612->0(612)
[2025-12-25T06:57:00.176+0000][gc,heap     ] GC(647) Survivor regions: 2->2(77)
[2025-12-25T06:57:00.176+0000][gc,heap     ] GC(647) Old regions: 98->98
[2025-12-25T06:57:00.176+0000][gc,heap     ] GC(647) Humongous regions: 49->49
[2025-12-25T06:57:00.176+0000][gc,metaspace] GC(647) Metaspace: 12757K(13120K)->12757K(13120K) NonClass: 11657K(11776K)->11657K(11776K) Class: 1099K(1344K)->1099K(1344K)
[2025-12-25T06:57:00.176+0000][gc          ] GC(647) Pause Young (Normal) (G1 Evacuation Pause) 759M->147M(1024M) 17.651ms
[2025-12-25T06:57:00.176+0000][gc,cpu      ] GC(647) User=0.08s Sys=0.01s Real=0.02s
[2025-12-25T06:57:59.866+0000][gc,start    ] GC(648) Pause Young (Normal) (G1 Evacuation Pause)
[2025-12-25T06:57:59.867+0000][gc,task     ] GC(648) Using 8 workers of 8 for evacuation
[2025-12-25T06:57:59.885+0000][gc,phases   ] GC(648)   Pre Evacuate Collection Set: 1.9ms
[2025-12-25T06:57:59.885+0000][gc,phases   ] GC(648)   Merge Heap Roots: 0.3ms
[2025-12-25T06:57:59.885+0000][gc,phases   ] GC(648)   Evacuate Collection Set: 11.0ms
[2025-12-25T06:57:59.885+0000][gc,phases   ] GC(648)   Post Evacuate Collection Set: 4.3ms
[2025-12-25T06:57:59.885+0000][gc,phases   ] GC(648)   Other: 0.4ms
[2025-12-25T06:57:59.885+0000][gc,heap     ] GC(648) Eden regions: 612->0(613)
[2025-12-25T06:57:59.885+0000][gc,heap     ] GC(648) Survivor regions: 2->1(77)
[2025-12-25T06:57:59.885+0000][gc,heap     ] GC(648) Old regions: 98->98
[2025-12-25T06:57:59.886+0000][gc,heap     ] GC(648) Humongous regions: 49->49
[2025-12-25T06:57:59.886+0000][gc,metaspace] GC(648) Metaspace: 12757K(13120K)->12757K(13120K) NonClass: 11657K(11776K)->11657K(11776K) Class: 1099K(1344K)->1099K(1344K)
[2025-12-25T06:57:59.886+0000][gc          ] GC(648) Pause Young (Normal) (G1 Evacuation Pause) 759M->147M(1024M) 19.477ms
[2025-12-25T06:57:59.886+0000][gc,cpu      ] GC(648) User=0.11s Sys=0.00s Real=0.02s
[2025-12-25T06:58:50.068+0000][gc,start    ] GC(649) Pause Young (Normal) (G1 Evacuation Pause)
[2025-12-25T06:58:50.069+0000][gc,task     ] GC(649) Using 8 workers of 8 for evacuation
[2025-12-25T06:58:50.075+0000][gc,phases   ] GC(649)   Pre Evacuate Collection Set: 1.2ms
[2025-12-25T06:58:50.075+0000][gc,phases   ] GC(649)   Merge Heap Roots: 0.2ms
[2025-12-25T06:58:50.076+0000][gc,phases   ] GC(649)   Evacuate Collection Set: 3.3ms
[2025-12-25T06:58:50.076+0000][gc,phases   ] GC(649)   Post Evacuate Collection Set: 1.3ms
[2025-12-25T06:58:50.076+0000][gc,phases   ] GC(649)   Other: 0.2ms
[2025-12-25T06:58:50.076+0000][gc,heap     ] GC(649) Eden regions: 613->0(612)
[2025-12-25T06:58:50.076+0000][gc,heap     ] GC(649) Survivor regions: 1->2(77)
[2025-12-25T06:58:50.076+0000][gc,heap     ] GC(649) Old regions: 98->98
[2025-12-25T06:58:50.076+0000][gc,heap     ] GC(649) Humongous regions: 49->49
[2025-12-25T06:58:50.076+0000][gc,metaspace] GC(649) Metaspace: 12757K(13120K)->12757K(13120K) NonClass: 11657K(11776K)->11657K(11776K) Class: 1099K(1344K)->1099K(1344K)
[2025-12-25T06:58:50.076+0000][gc          ] GC(649) Pause Young (Normal) (G1 Evacuation Pause) 760M->147M(1024M) 8.017ms
[2025-12-25T06:58:50.076+0000][gc,cpu      ] GC(649) User=0.03s Sys=0.00s Real=0.01s
[2025-12-25T06:59:40.198+0000][gc,start    ] GC(650) Pause Young (Normal) (G1 Evacuation Pause)
[2025-12-25T06:59:40.199+0000][gc,task     ] GC(650) Using 8 workers of 8 for evacuation
[2025-12-25T06:59:40.216+0000][gc,phases   ] GC(650)   Pre Evacuate Collection Set: 5.3ms
[2025-12-25T06:59:40.216+0000][gc,phases   ] GC(650)   Merge Heap Roots: 0.6ms
[2025-12-25T06:59:40.216+0000][gc,phases   ] GC(650)   Evacuate Collection Set: 8.7ms
[2025-12-25T06:59:40.216+0000][gc,phases   ] GC(650)   Post Evacuate Collection Set: 1.7ms
[2025-12-25T06:59:40.216+0000][gc,phases   ] GC(650)   Other: 0.7ms
[2025-12-25T06:59:40.216+0000][gc,heap     ] GC(650) Eden regions: 612->0(612)
[2025-12-25T06:59:40.216+0000][gc,heap     ] GC(650) Survivor regions: 2->2(77)
[2025-12-25T06:59:40.217+0000][gc,heap     ] GC(650) Old regions: 98->98
[2025-12-25T06:59:40.217+0000][gc,heap     ] GC(650) Humongous regions: 49->49
[2025-12-25T06:59:40.217+0000][gc,metaspace] GC(650) Metaspace: 12757K(13120K)->12757K(13120K) NonClass: 11657K(11776K)->11657K(11776K) Class: 1099K(1344K)->1099K(1344K)
[2025-12-25T06:59:40.217+0000][gc          ] GC(650) Pause Young (Normal) (G1 Evacuation Pause) 759M->148M(1024M) 18.505ms
[2025-12-25T06:59:40.217+0000][gc,cpu      ] GC(650) User=0.08s Sys=0.01s Real=0.02s
[2025-12-25T07:00:39.961+0000][gc,start    ] GC(651) Pause Young (Normal) (G1 Evacuation Pause)
[2025-12-25T07:00:39.961+0000][gc,task     ] GC(651) Using 8 workers of 8 for evacuation
[2025-12-25T07:00:39.968+0000][gc,phases   ] GC(651)   Pre Evacuate Collection Set: 1.3ms
[2025-12-25T07:00:39.968+0000][gc,phases   ] GC(651)   Merge Heap Roots: 0.2ms
[2025-12-25T07:00:39.968+0000][gc,phases   ] GC(651)   Evacuate Collection Set: 3.3ms
[2025-12-25T07:00:39.968+0000][gc,phases   ] GC(651)   Post Evacuate Collection Set: 1.2ms
[2025-12-25T07:00:39.968+0000][gc,phases   ] GC(651)   Other: 0.3ms
[2025-12-25T07:00:39.968+0000][gc,heap     ] GC(651) Eden regions: 612->0(613)
[2025-12-25T07:00:39.968+0000][gc,heap     ] GC(651) Survivor regions: 2->1(77)
[2025-12-25T07:00:39.968+0000][gc,heap     ] GC(651) Old regions: 98->98
[2025-12-25T07:00:39.968+0000][gc,heap     ] GC(651) Humongous regions: 49->49
[2025-12-25T07:00:39.968+0000][gc,metaspace] GC(651) Metaspace: 12757K(13120K)->12757K(13120K) NonClass: 11657K(11776K)->11657K(11776K) Class: 1099K(1344K)->1099K(1344K)
[2025-12-25T07:00:39.968+0000][gc          ] GC(651) Pause Young (Normal) (G1 Evacuation Pause) 760M->147M(1024M) 7.526ms
[2025-12-25T07:00:39.968+0000][gc,cpu      ] GC(651) User=0.04s Sys=0.01s Real=0.01s
[2025-12-25T07:01:30.100+0000][gc,start    ] GC(652) Pause Young (Normal) (G1 Evacuation Pause)
[2025-12-25T07:01:30.100+0000][gc,task     ] GC(652) Using 8 workers of 8 for evacuation
[2025-12-25T07:01:30.111+0000][gc,phases   ] GC(652)   Pre Evacuate Collection Set: 1.1ms
[2025-12-25T07:01:30.111+0000][gc,phases   ] GC(652)   Merge Heap Roots: 0.2ms
[2025-12-25T07:01:30.111+0000][gc,phases   ] GC(652)   Evacuate Collection Set: 7.4ms
[2025-12-25T07:01:30.111+0000][gc,phases   ] GC(652)   Post Evacuate Collection Set: 1.1ms
[2025-12-25T07:01:30.111+0000][gc,phases   ] GC(652)   Other: 0.4ms
[2025-12-25T07:01:30.111+0000][gc,heap     ] GC(652) Eden regions: 613->0(612)
[2025-12-25T07:01:30.111+0000][gc,heap     ] GC(652) Survivor regions: 1->2(77)
[2025-12-25T07:01:30.111+0000][gc,heap     ] GC(652) Old regions: 98->98
[2025-12-25T07:01:30.111+0000][gc,heap     ] GC(652) Humongous regions: 49->49
[2025-12-25T07:01:30.111+0000][gc,metaspace] GC(652) Metaspace: 12757K(13120K)->12757K(13120K) NonClass: 11657K(11776K)->11657K(11776K) Class: 1099K(1344K)->1099K(1344K)
[2025-12-25T07:01:30.111+0000][gc          ] GC(652) Pause Young (Normal) (G1 Evacuation Pause) 760M->147M(1024M) 11.291ms
[2025-12-25T07:01:30.111+0000][gc,cpu      ] GC(652) User=0.06s Sys=0.00s Real=0.01s
[2025-12-25T07:02:29.858+0000][gc,start    ] GC(653) Pause Young (Normal) (G1 Evacuation Pause)
[2025-12-25T07:02:29.860+0000][gc,task     ] GC(653) Using 8 workers of 8 for evacuation
[2025-12-25T07:02:29.876+0000][gc,phases   ] GC(653)   Pre Evacuate Collection Set: 5.0ms
[2025-12-25T07:02:29.876+0000][gc,phases   ] GC(653)   Merge Heap Roots: 0.4ms
[2025-12-25T07:02:29.877+0000][gc,phases   ] GC(653)   Evacuate Collection Set: 5.5ms
[2025-12-25T07:02:29.877+0000][gc,phases   ] GC(653)   Post Evacuate Collection Set: 5.1ms
[2025-12-25T07:02:29.877+0000][gc,phases   ] GC(653)   Other: 0.4ms
[2025-12-25T07:02:29.877+0000][gc,heap     ] GC(653) Eden regions: 612->0(613)
[2025-12-25T07:02:29.877+0000][gc,heap     ] GC(653) Survivor regions: 2->1(77)
[2025-12-25T07:02:29.877+0000][gc,heap     ] GC(653) Old regions: 98->98
[2025-12-25T07:02:29.877+0000][gc,heap     ] GC(653) Humongous regions: 49->49
[2025-12-25T07:02:29.877+0000][gc,metaspace] GC(653) Metaspace: 12757K(13120K)->12757K(13120K) NonClass: 11657K(11776K)->11657K(11776K) Class: 1099K(1344K)->1099K(1344K)
[2025-12-25T07:02:29.878+0000][gc          ] GC(653) Pause Young (Normal) (G1 Evacuation Pause) 759M->147M(1024M) 19.352ms
[2025-12-25T07:02:29.878+0000][gc,cpu      ] GC(653) User=0.09s Sys=0.00s Real=0.02s
[2025-12-25T07:03:20.059+0000][gc,start    ] GC(654) Pause Young (Normal) (G1 Evacuation Pause)
[2025-12-25T07:03:20.061+0000][gc,task     ] GC(654) Using 8 workers of 8 for evacuation
[2025-12-25T07:03:20.077+0000][gc,phases   ] GC(654)   Pre Evacuate Collection Set: 4.5ms
[2025-12-25T07:03:20.077+0000][gc,phases   ] GC(654)   Merge Heap Roots: 1.0ms
[2025-12-25T07:03:20.077+0000][gc,phases   ] GC(654)   Evacuate Collection Set: 8.0ms
[2025-12-25T07:03:20.077+0000][gc,phases   ] GC(654)   Post Evacuate Collection Set: 1.5ms
[2025-12-25T07:03:20.077+0000][gc,phases   ] GC(654)   Other: 1.7ms
[2025-12-25T07:03:20.077+0000][gc,heap     ] GC(654) Eden regions: 613->0(612)
[2025-12-25T07:03:20.077+0000][gc,heap     ] GC(654) Survivor regions: 1->2(77)
[2025-12-25T07:03:20.077+0000][gc,heap     ] GC(654) Old regions: 98->98
[2025-12-25T07:03:20.077+0000][gc,heap     ] GC(654) Humongous regions: 49->49
[2025-12-25T07:03:20.078+0000][gc,metaspace] GC(654) Metaspace: 12757K(13120K)->12757K(13120K) NonClass: 11657K(11776K)->11657K(11776K) Class: 1099K(1344K)->1099K(1344K)
[2025-12-25T07:03:20.078+0000][gc          ] GC(654) Pause Young (Normal) (G1 Evacuation Pause) 760M->147M(1024M) 18.922ms
[2025-12-25T07:03:20.078+0000][gc,cpu      ] GC(654) User=0.06s Sys=0.01s Real=0.02s
[2025-12-25T07:04:10.167+0000][gc,start    ] GC(655) Pause Young (Normal) (G1 Evacuation Pause)
[2025-12-25T07:04:10.168+0000][gc,task     ] GC(655) Using 8 workers of 8 for evacuation
[2025-12-25T07:04:10.183+0000][gc,phases   ] GC(655)   Pre Evacuate Collection Set: 3.4ms
[2025-12-25T07:04:10.183+0000][gc,phases   ] GC(655)   Merge Heap Roots: 0.4ms
[2025-12-25T07:04:10.184+0000][gc,phases   ] GC(655)   Evacuate Collection Set: 10.1ms
[2025-12-25T07:04:10.184+0000][gc,phases   ] GC(655)   Post Evacuate Collection Set: 1.2ms
[2025-12-25T07:04:10.184+0000][gc,phases   ] GC(655)   Other: 0.4ms
[2025-12-25T07:04:10.184+0000][gc,heap     ] GC(655) Eden regions: 612->0(612)
[2025-12-25T07:04:10.184+0000][gc,heap     ] GC(655) Survivor regions: 2->2(77)
[2025-12-25T07:04:10.184+0000][gc,heap     ] GC(655) Old regions: 98->98
[2025-12-25T07:04:10.184+0000][gc,heap     ] GC(655) Humongous regions: 49->49
[2025-12-25T07:04:10.184+0000][gc,metaspace] GC(655) Metaspace: 12757K(13120K)->12757K(13120K) NonClass: 11657K(11776K)->11657K(11776K) Class: 1099K(1344K)->1099K(1344K)
[2025-12-25T07:04:10.184+0000][gc          ] GC(655) Pause Young (Normal) (G1 Evacuation Pause) 759M->148M(1024M) 17.180ms
[2025-12-25T07:04:10.184+0000][gc,cpu      ] GC(655) User=0.09s Sys=0.00s Real=0.02s
[2025-12-25T07:05:09.952+0000][gc,start    ] GC(656) Pause Young (Normal) (G1 Evacuation Pause)
[2025-12-25T07:05:09.953+0000][gc,task     ] GC(656) Using 8 workers of 8 for evacuation
[2025-12-25T07:05:09.961+0000][gc,phases   ] GC(656)   Pre Evacuate Collection Set: 1.2ms
[2025-12-25T07:05:09.962+0000][gc,phases   ] GC(656)   Merge Heap Roots: 0.2ms
[2025-12-25T07:05:09.962+0000][gc,phases   ] GC(656)   Evacuate Collection Set: 5.5ms
[2025-12-25T07:05:09.962+0000][gc,phases   ] GC(656)   Post Evacuate Collection Set: 1.8ms
[2025-12-25T07:05:09.962+0000][gc,phases   ] GC(656)   Other: 0.2ms
[2025-12-25T07:05:09.962+0000][gc,heap     ] GC(656) Eden regions: 612->0(613)
[2025-12-25T07:05:09.962+0000][gc,heap     ] GC(656) Survivor regions: 2->1(77)
[2025-12-25T07:05:09.962+0000][gc,heap     ] GC(656) Old regions: 98->98
[2025-12-25T07:05:09.962+0000][gc,heap     ] GC(656) Humongous regions: 49->49
[2025-12-25T07:05:09.962+0000][gc,metaspace] GC(656) Metaspace: 12757K(13120K)->12757K(13120K) NonClass: 11657K(11776K)->11657K(11776K) Class: 1099K(1344K)->1099K(1344K)
[2025-12-25T07:05:09.962+0000][gc          ] GC(656) Pause Young (Normal) (G1 Evacuation Pause) 760M->147M(1024M) 10.196ms
[2025-12-25T07:05:09.962+0000][gc,cpu      ] GC(656) User=0.06s Sys=0.00s Real=0.01s
[2025-12-25T07:06:00.070+0000][gc,start    ] GC(657) Pause Young (Normal) (G1 Evacuation Pause)
[2025-12-25T07:06:00.070+0000][gc,task     ] GC(657) Using 8 workers of 8 for evacuation
[2025-12-25T07:06:00.078+0000][gc,phases   ] GC(657)   Pre Evacuate Collection Set: 1.4ms
[2025-12-25T07:06:00.079+0000][gc,phases   ] GC(657)   Merge Heap Roots: 0.5ms
[2025-12-25T07:06:00.079+0000][gc,phases   ] GC(657)   Evacuate Collection Set: 4.9ms
[2025-12-25T07:06:00.079+0000][gc,phases   ] GC(657)   Post Evacuate Collection Set: 0.9ms
[2025-12-25T07:06:00.079+0000][gc,phases   ] GC(657)   Other: 0.5ms
[2025-12-25T07:06:00.079+0000][gc,heap     ] GC(657) Eden regions: 613->0(612)
[2025-12-25T07:06:00.079+0000][gc,heap     ] GC(657) Survivor regions: 1->2(77)
[2025-12-25T07:06:00.079+0000][gc,heap     ] GC(657) Old regions: 98->98
[2025-12-25T07:06:00.079+0000][gc,heap     ] GC(657) Humongous regions: 49->49
[2025-12-25T07:06:00.079+0000][gc,metaspace] GC(657) Metaspace: 12757K(13120K)->12757K(13120K) NonClass: 11657K(11776K)->11657K(11776K) Class: 1099K(1344K)->1099K(1344K)
[2025-12-25T07:06:00.079+0000][gc          ] GC(657) Pause Young (Normal) (G1 Evacuation Pause) 760M->148M(1024M) 9.221ms
[2025-12-25T07:06:00.079+0000][gc,cpu      ] GC(657) User=0.04s Sys=0.00s Real=0.01s
[2025-12-25T07:06:57.844+0000][gc,start    ] GC(658) Pause Young (Normal) (G1 Evacuation Pause)
[2025-12-25T07:06:57.845+0000][gc,task     ] GC(658) Using 8 workers of 8 for evacuation
[2025-12-25T07:06:57.862+0000][gc,phases   ] GC(658)   Pre Evacuate Collection Set: 3.8ms
[2025-12-25T07:06:57.862+0000][gc,phases   ] GC(658)   Merge Heap Roots: 0.7ms
[2025-12-25T07:06:57.862+0000][gc,phases   ] GC(658)   Evacuate Collection Set: 8.7ms
[2025-12-25T07:06:57.862+0000][gc,phases   ] GC(658)   Post Evacuate Collection Set: 2.8ms
[2025-12-25T07:06:57.862+0000][gc,phases   ] GC(658)   Other: 0.8ms
[2025-12-25T07:06:57.863+0000][gc,heap     ] GC(658) Eden regions: 612->0(613)
[2025-12-25T07:06:57.863+0000][gc,heap     ] GC(658) Survivor regions: 2->1(77)
[2025-12-25T07:06:57.863+0000][gc,heap     ] GC(658) Old regions: 98->98
[2025-12-25T07:06:57.863+0000][gc,heap     ] GC(658) Humongous regions: 49->49
[2025-12-25T07:06:57.863+0000][gc,metaspace] GC(658) Metaspace: 12757K(13120K)->12757K(13120K) NonClass: 11657K(11776K)->11657K(11776K) Class: 1099K(1344K)->1099K(1344K)
[2025-12-25T07:06:57.863+0000][gc          ] GC(658) Pause Young (Normal) (G1 Evacuation Pause) 760M->147M(1024M) 18.989ms
[2025-12-25T07:06:57.863+0000][gc,cpu      ] GC(658) User=0.08s Sys=0.01s Real=0.02s
[2025-12-25T07:07:50.002+0000][gc,start    ] GC(659) Pause Young (Normal) (G1 Evacuation Pause)
[2025-12-25T07:07:50.004+0000][gc,task     ] GC(659) Using 8 workers of 8 for evacuation
[2025-12-25T07:07:50.017+0000][gc,phases   ] GC(659)   Pre Evacuate Collection Set: 5.2ms
[2025-12-25T07:07:50.018+0000][gc,phases   ] GC(659)   Merge Heap Roots: 0.5ms
[2025-12-25T07:07:50.018+0000][gc,phases   ] GC(659)   Evacuate Collection Set: 6.2ms
[2025-12-25T07:07:50.018+0000][gc,phases   ] GC(659)   Post Evacuate Collection Set: 1.4ms
[2025-12-25T07:07:50.018+0000][gc,phases   ] GC(659)   Other: 0.8ms
[2025-12-25T07:07:50.018+0000][gc,heap     ] GC(659) Eden regions: 613->0(612)
[2025-12-25T07:07:50.018+0000][gc,heap     ] GC(659) Survivor regions: 1->2(77)
[2025-12-25T07:07:50.018+0000][gc,heap     ] GC(659) Old regions: 98->98
[2025-12-25T07:07:50.018+0000][gc,heap     ] GC(659) Humongous regions: 49->49
[2025-12-25T07:07:50.018+0000][gc,metaspace] GC(659) Metaspace: 12757K(13120K)->12757K(13120K) NonClass: 11657K(11776K)->11657K(11776K) Class: 1099K(1344K)->1099K(1344K)
[2025-12-25T07:07:50.018+0000][gc          ] GC(659) Pause Young (Normal) (G1 Evacuation Pause) 760M->147M(1024M) 16.193ms
[2025-12-25T07:07:50.018+0000][gc,cpu      ] GC(659) User=0.06s Sys=0.01s Real=0.02s
[2025-12-25T07:08:40.162+0000][gc,start    ] GC(660) Pause Young (Normal) (G1 Evacuation Pause)
[2025-12-25T07:08:40.163+0000][gc,task     ] GC(660) Using 8 workers of 8 for evacuation
[2025-12-25T07:08:40.173+0000][gc,phases   ] GC(660)   Pre Evacuate Collection Set: 1.2ms
[2025-12-25T07:08:40.173+0000][gc,phases   ] GC(660)   Merge Heap Roots: 0.3ms
[2025-12-25T07:08:40.173+0000][gc,phases   ] GC(660)   Evacuate Collection Set: 6.9ms
[2025-12-25T07:08:40.173+0000][gc,phases   ] GC(660)   Post Evacuate Collection Set: 1.2ms
[2025-12-25T07:08:40.173+0000][gc,phases   ] GC(660)   Other: 0.3ms
[2025-12-25T07:08:40.173+0000][gc,heap     ] GC(660) Eden regions: 612->0(612)
[2025-12-25T07:08:40.173+0000][gc,heap     ] GC(660) Survivor regions: 2->2(77)
[2025-12-25T07:08:40.173+0000][gc,heap     ] GC(660) Old regions: 98->98
[2025-12-25T07:08:40.173+0000][gc,heap     ] GC(660) Humongous regions: 49->49
[2025-12-25T07:08:40.173+0000][gc,metaspace] GC(660) Metaspace: 12757K(13120K)->12757K(13120K) NonClass: 11657K(11776K)->11657K(11776K) Class: 1099K(1344K)->1099K(1344K)
[2025-12-25T07:08:40.173+0000][gc          ] GC(660) Pause Young (Normal) (G1 Evacuation Pause) 759M->148M(1024M) 11.305ms
[2025-12-25T07:08:40.173+0000][gc,cpu      ] GC(660) User=0.06s Sys=0.00s Real=0.01s
[2025-12-25T07:09:39.945+0000][gc,start    ] GC(661) Pause Young (Normal) (G1 Evacuation Pause)
[2025-12-25T07:09:39.947+0000][gc,task     ] GC(661) Using 8 workers of 8 for evacuation
[2025-12-25T07:09:39.977+0000][gc,phases   ] GC(661)   Pre Evacuate Collection Set: 5.1ms
[2025-12-25T07:09:39.977+0000][gc,phases   ] GC(661)   Merge Heap Roots: 0.8ms
[2025-12-25T07:09:39.977+0000][gc,phases   ] GC(661)   Evacuate Collection Set: 20.0ms
[2025-12-25T07:09:39.977+0000][gc,phases   ] GC(661)   Post Evacuate Collection Set: 4.0ms
[2025-12-25T07:09:39.978+0000][gc,phases   ] GC(661)   Other: 0.5ms
[2025-12-25T07:09:39.978+0000][gc,heap     ] GC(661) Eden regions: 612->0(613)
[2025-12-25T07:09:39.978+0000][gc,heap     ] GC(661) Survivor regions: 2->1(77)
[2025-12-25T07:09:39.978+0000][gc,heap     ] GC(661) Old regions: 98->98
[2025-12-25T07:09:39.978+0000][gc,heap     ] GC(661) Humongous regions: 49->49
[2025-12-25T07:09:39.978+0000][gc,metaspace] GC(661) Metaspace: 12757K(13120K)->12757K(13120K) NonClass: 11657K(11776K)->11657K(11776K) Class: 1099K(1344K)->1099K(1344K)
[2025-12-25T07:09:39.978+0000][gc          ] GC(661) Pause Young (Normal) (G1 Evacuation Pause) 760M->147M(1024M) 32.593ms
[2025-12-25T07:09:39.978+0000][gc,cpu      ] GC(661) User=0.14s Sys=0.06s Real=0.03s
[2025-12-25T07:10:30.068+0000][gc,start    ] GC(662) Pause Young (Normal) (G1 Evacuation Pause)
[2025-12-25T07:10:30.069+0000][gc,task     ] GC(662) Using 8 workers of 8 for evacuation
[2025-12-25T07:10:30.076+0000][gc,phases   ] GC(662)   Pre Evacuate Collection Set: 1.3ms
[2025-12-25T07:10:30.076+0000][gc,phases   ] GC(662)   Merge Heap Roots: 0.2ms
[2025-12-25T07:10:30.076+0000][gc,phases   ] GC(662)   Evacuate Collection Set: 3.9ms
[2025-12-25T07:10:30.076+0000][gc,phases   ] GC(662)   Post Evacuate Collection Set: 1.0ms
[2025-12-25T07:10:30.076+0000][gc,phases   ] GC(662)   Other: 0.3ms
[2025-12-25T07:10:30.076+0000][gc,heap     ] GC(662) Eden regions: 613->0(612)
[2025-12-25T07:10:30.076+0000][gc,heap     ] GC(662) Survivor regions: 1->2(77)
[2025-12-25T07:10:30.076+0000][gc,heap     ] GC(662) Old regions: 98->98
[2025-12-25T07:10:30.076+0000][gc,heap     ] GC(662) Humongous regions: 49->49
[2025-12-25T07:10:30.076+0000][gc,metaspace] GC(662) Metaspace: 12757K(13120K)->12757K(13120K) NonClass: 11657K(11776K)->11657K(11776K) Class: 1099K(1344K)->1099K(1344K)
[2025-12-25T07:10:30.076+0000][gc          ] GC(662) Pause Young (Normal) (G1 Evacuation Pause) 760M->148M(1024M) 7.946ms
[2025-12-25T07:10:30.076+0000][gc,cpu      ] GC(662) User=0.03s Sys=0.00s Real=0.01s
[2025-12-25T07:11:20.174+0000][gc,start    ] GC(663) Pause Young (Normal) (G1 Evacuation Pause)
[2025-12-25T07:11:20.175+0000][gc,task     ] GC(663) Using 8 workers of 8 for evacuation
[2025-12-25T07:11:20.183+0000][gc,phases   ] GC(663)   Pre Evacuate Collection Set: 1.6ms
[2025-12-25T07:11:20.183+0000][gc,phases   ] GC(663)   Merge Heap Roots: 1.2ms
[2025-12-25T07:11:20.183+0000][gc,phases   ] GC(663)   Evacuate Collection Set: 3.8ms
[2025-12-25T07:11:20.183+0000][gc,phases   ] GC(663)   Post Evacuate Collection Set: 1.2ms
[2025-12-25T07:11:20.183+0000][gc,phases   ] GC(663)   Other: 0.3ms
[2025-12-25T07:11:20.183+0000][gc,heap     ] GC(663) Eden regions: 612->0(612)
[2025-12-25T07:11:20.183+0000][gc,heap     ] GC(663) Survivor regions: 2->2(77)
[2025-12-25T07:11:20.184+0000][gc,heap     ] GC(663) Old regions: 98->98
[2025-12-25T07:11:20.184+0000][gc,heap     ] GC(663) Humongous regions: 49->49
[2025-12-25T07:11:20.184+0000][gc,metaspace] GC(663) Metaspace: 12757K(13120K)->12757K(13120K) NonClass: 11657K(11776K)->11657K(11776K) Class: 1099K(1344K)->1099K(1344K)
[2025-12-25T07:11:20.184+0000][gc          ] GC(663) Pause Young (Normal) (G1 Evacuation Pause) 760M->148M(1024M) 9.313ms
[2025-12-25T07:11:20.184+0000][gc,cpu      ] GC(663) User=0.05s Sys=0.00s Real=0.01s
[2025-12-25T07:12:19.988+0000][gc,start    ] GC(664) Pause Young (Normal) (G1 Evacuation Pause)
[2025-12-25T07:12:19.988+0000][gc,task     ] GC(664) Using 8 workers of 8 for evacuation
[2025-12-25T07:12:20.004+0000][gc,phases   ] GC(664)   Pre Evacuate Collection Set: 3.0ms
[2025-12-25T07:12:20.005+0000][gc,phases   ] GC(664)   Merge Heap Roots: 0.6ms
[2025-12-25T07:12:20.005+0000][gc,phases   ] GC(664)   Evacuate Collection Set: 10.7ms
[2025-12-25T07:12:20.005+0000][gc,phases   ] GC(664)   Post Evacuate Collection Set: 1.5ms
[2025-12-25T07:12:20.005+0000][gc,phases   ] GC(664)   Other: 0.3ms
[2025-12-25T07:12:20.005+0000][gc,heap     ] GC(664) Eden regions: 612->0(612)
[2025-12-25T07:12:20.005+0000][gc,heap     ] GC(664) Survivor regions: 2->2(77)
[2025-12-25T07:12:20.005+0000][gc,heap     ] GC(664) Old regions: 98->98
[2025-12-25T07:12:20.005+0000][gc,heap     ] GC(664) Humongous regions: 49->49
[2025-12-25T07:12:20.005+0000][gc,metaspace] GC(664) Metaspace: 12757K(13120K)->12757K(13120K) NonClass: 11657K(11776K)->11657K(11776K) Class: 1099K(1344K)->1099K(1344K)
[2025-12-25T07:12:20.005+0000][gc          ] GC(664) Pause Young (Normal) (G1 Evacuation Pause) 760M->147M(1024M) 17.355ms
[2025-12-25T07:12:20.005+0000][gc,cpu      ] GC(664) User=0.09s Sys=0.00s Real=0.02s
[2025-12-25T07:13:10.119+0000][gc,start    ] GC(665) Pause Young (Normal) (G1 Evacuation Pause)
[2025-12-25T07:13:10.119+0000][gc,task     ] GC(665) Using 8 workers of 8 for evacuation
[2025-12-25T07:13:10.128+0000][gc,phases   ] GC(665)   Pre Evacuate Collection Set: 4.1ms
[2025-12-25T07:13:10.128+0000][gc,phases   ] GC(665)   Merge Heap Roots: 0.2ms
[2025-12-25T07:13:10.128+0000][gc,phases   ] GC(665)   Evacuate Collection Set: 3.1ms
[2025-12-25T07:13:10.128+0000][gc,phases   ] GC(665)   Post Evacuate Collection Set: 1.1ms
[2025-12-25T07:13:10.128+0000][gc,phases   ] GC(665)   Other: 0.2ms
[2025-12-25T07:13:10.128+0000][gc,heap     ] GC(665) Eden regions: 612->0(612)
[2025-12-25T07:13:10.129+0000][gc,heap     ] GC(665) Survivor regions: 2->2(77)
[2025-12-25T07:13:10.129+0000][gc,heap     ] GC(665) Old regions: 98->98
[2025-12-25T07:13:10.129+0000][gc,heap     ] GC(665) Humongous regions: 49->49
[2025-12-25T07:13:10.129+0000][gc,metaspace] GC(665) Metaspace: 12757K(13120K)->12757K(13120K) NonClass: 11657K(11776K)->11657K(11776K) Class: 1099K(1344K)->1099K(1344K)
[2025-12-25T07:13:10.129+0000][gc          ] GC(665) Pause Young (Normal) (G1 Evacuation Pause) 759M->148M(1024M) 9.810ms
[2025-12-25T07:13:10.129+0000][gc,cpu      ] GC(665) User=0.05s Sys=0.00s Real=0.01s
[2025-12-25T07:14:09.893+0000][gc,start    ] GC(666) Pause Young (Normal) (G1 Evacuation Pause)
[2025-12-25T07:14:09.893+0000][gc,task     ] GC(666) Using 8 workers of 8 for evacuation
[2025-12-25T07:14:09.903+0000][gc,phases   ] GC(666)   Pre Evacuate Collection Set: 1.4ms
[2025-12-25T07:14:09.903+0000][gc,phases   ] GC(666)   Merge Heap Roots: 0.3ms
[2025-12-25T07:14:09.903+0000][gc,phases   ] GC(666)   Evacuate Collection Set: 5.0ms
[2025-12-25T07:14:09.903+0000][gc,phases   ] GC(666)   Post Evacuate Collection Set: 3.0ms
[2025-12-25T07:14:09.903+0000][gc,phases   ] GC(666)   Other: 0.3ms
[2025-12-25T07:14:09.904+0000][gc,heap     ] GC(666) Eden regions: 612->0(613)
[2025-12-25T07:14:09.904+0000][gc,heap     ] GC(666) Survivor regions: 2->1(77)
[2025-12-25T07:14:09.904+0000][gc,heap     ] GC(666) Old regions: 98->98
[2025-12-25T07:14:09.904+0000][gc,heap     ] GC(666) Humongous regions: 49->49
[2025-12-25T07:14:09.904+0000][gc,metaspace] GC(666) Metaspace: 12757K(13120K)->12757K(13120K) NonClass: 11657K(11776K)->11657K(11776K) Class: 1099K(1344K)->1099K(1344K)
[2025-12-25T07:14:09.904+0000][gc          ] GC(666) Pause Young (Normal) (G1 Evacuation Pause) 760M->147M(1024M) 11.406ms
[2025-12-25T07:14:09.904+0000][gc,cpu      ] GC(666) User=0.05s Sys=0.01s Real=0.01s
[2025-12-25T07:15:00.056+0000][gc,start    ] GC(667) Pause Young (Normal) (G1 Evacuation Pause)
[2025-12-25T07:15:00.058+0000][gc,task     ] GC(667) Using 8 workers of 8 for evacuation
[2025-12-25T07:15:00.068+0000][gc,phases   ] GC(667)   Pre Evacuate Collection Set: 3.3ms
[2025-12-25T07:15:00.068+0000][gc,phases   ] GC(667)   Merge Heap Roots: 0.4ms
[2025-12-25T07:15:00.068+0000][gc,phases   ] GC(667)   Evacuate Collection Set: 4.4ms
[2025-12-25T07:15:00.068+0000][gc,phases   ] GC(667)   Post Evacuate Collection Set: 1.3ms
[2025-12-25T07:15:00.068+0000][gc,phases   ] GC(667)   Other: 0.9ms
[2025-12-25T07:15:00.068+0000][gc,heap     ] GC(667) Eden regions: 613->0(612)
[2025-12-25T07:15:00.068+0000][gc,heap     ] GC(667) Survivor regions: 1->2(77)
[2025-12-25T07:15:00.068+0000][gc,heap     ] GC(667) Old regions: 98->98
[2025-12-25T07:15:00.068+0000][gc,heap     ] GC(667) Humongous regions: 49->49
[2025-12-25T07:15:00.068+0000][gc,metaspace] GC(667) Metaspace: 12757K(13120K)->12757K(13120K) NonClass: 11657K(11776K)->11657K(11776K) Class: 1099K(1344K)->1099K(1344K)
[2025-12-25T07:15:00.068+0000][gc          ] GC(667) Pause Young (Normal) (G1 Evacuation Pause) 760M->148M(1024M) 11.666ms
[2025-12-25T07:15:00.068+0000][gc,cpu      ] GC(667) User=0.05s Sys=0.00s Real=0.01s
[2025-12-25T07:15:50.205+0000][gc,start    ] GC(668) Pause Young (Normal) (G1 Evacuation Pause)
[2025-12-25T07:15:50.206+0000][gc,task     ] GC(668) Using 8 workers of 8 for evacuation
[2025-12-25T07:15:50.216+0000][gc,phases   ] GC(668)   Pre Evacuate Collection Set: 3.5ms
[2025-12-25T07:15:50.216+0000][gc,phases   ] GC(668)   Merge Heap Roots: 0.2ms
[2025-12-25T07:15:50.216+0000][gc,phases   ] GC(668)   Evacuate Collection Set: 3.9ms
[2025-12-25T07:15:50.216+0000][gc,phases   ] GC(668)   Post Evacuate Collection Set: 1.4ms
[2025-12-25T07:15:50.216+0000][gc,phases   ] GC(668)   Other: 0.6ms
[2025-12-25T07:15:50.216+0000][gc,heap     ] GC(668) Eden regions: 612->0(612)
[2025-12-25T07:15:50.216+0000][gc,heap     ] GC(668) Survivor regions: 2->2(77)
[2025-12-25T07:15:50.216+0000][gc,heap     ] GC(668) Old regions: 98->98
[2025-12-25T07:15:50.216+0000][gc,heap     ] GC(668) Humongous regions: 49->49
[2025-12-25T07:15:50.216+0000][gc,metaspace] GC(668) Metaspace: 12757K(13120K)->12757K(13120K) NonClass: 11657K(11776K)->11657K(11776K) Class: 1099K(1344K)->1099K(1344K)
[2025-12-25T07:15:50.217+0000][gc          ] GC(668) Pause Young (Normal) (G1 Evacuation Pause) 760M->148M(1024M) 11.151ms
[2025-12-25T07:15:50.217+0000][gc,cpu      ] GC(668) User=0.04s Sys=0.01s Real=0.01s
[2025-12-25T07:16:49.984+0000][gc,start    ] GC(669) Pause Young (Normal) (G1 Evacuation Pause)
[2025-12-25T07:16:49.984+0000][gc,task     ] GC(669) Using 8 workers of 8 for evacuation
[2025-12-25T07:16:49.997+0000][gc,phases   ] GC(669)   Pre Evacuate Collection Set: 1.0ms
[2025-12-25T07:16:49.997+0000][gc,phases   ] GC(669)   Merge Heap Roots: 0.2ms
[2025-12-25T07:16:49.997+0000][gc,phases   ] GC(669)   Evacuate Collection Set: 8.1ms
[2025-12-25T07:16:49.997+0000][gc,phases   ] GC(669)   Post Evacuate Collection Set: 2.9ms
[2025-12-25T07:16:49.997+0000][gc,phases   ] GC(669)   Other: 0.2ms
[2025-12-25T07:16:49.997+0000][gc,heap     ] GC(669) Eden regions: 612->0(612)
[2025-12-25T07:16:49.997+0000][gc,heap     ] GC(669) Survivor regions: 2->2(77)
[2025-12-25T07:16:49.997+0000][gc,heap     ] GC(669) Old regions: 98->99
[2025-12-25T07:16:49.997+0000][gc,heap     ] GC(669) Humongous regions: 49->49
[2025-12-25T07:16:49.997+0000][gc,metaspace] GC(669) Metaspace: 12757K(13120K)->12757K(13120K) NonClass: 11657K(11776K)->11657K(11776K) Class: 1099K(1344K)->1099K(1344K)
[2025-12-25T07:16:49.997+0000][gc          ] GC(669) Pause Young (Normal) (G1 Evacuation Pause) 760M->148M(1024M) 13.509ms
[2025-12-25T07:16:49.997+0000][gc,cpu      ] GC(669) User=0.07s Sys=0.01s Real=0.02s
[2025-12-25T07:17:40.144+0000][gc,start    ] GC(670) Pause Young (Normal) (G1 Evacuation Pause)
[2025-12-25T07:17:40.145+0000][gc,task     ] GC(670) Using 8 workers of 8 for evacuation
[2025-12-25T07:17:40.157+0000][gc,phases   ] GC(670)   Pre Evacuate Collection Set: 1.4ms
[2025-12-25T07:17:40.158+0000][gc,phases   ] GC(670)   Merge Heap Roots: 0.2ms
[2025-12-25T07:17:40.158+0000][gc,phases   ] GC(670)   Evacuate Collection Set: 8.0ms
[2025-12-25T07:17:40.158+0000][gc,phases   ] GC(670)   Post Evacuate Collection Set: 2.5ms
[2025-12-25T07:17:40.158+0000][gc,phases   ] GC(670)   Other: 0.5ms
[2025-12-25T07:17:40.158+0000][gc,heap     ] GC(670) Eden regions: 612->0(612)
[2025-12-25T07:17:40.158+0000][gc,heap     ] GC(670) Survivor regions: 2->2(77)
[2025-12-25T07:17:40.158+0000][gc,heap     ] GC(670) Old regions: 99->99
[2025-12-25T07:17:40.158+0000][gc,heap     ] GC(670) Humongous regions: 49->49
[2025-12-25T07:17:40.158+0000][gc,metaspace] GC(670) Metaspace: 12757K(13120K)->12757K(13120K) NonClass: 11657K(11776K)->11657K(11776K) Class: 1099K(1344K)->1099K(1344K)
[2025-12-25T07:17:40.158+0000][gc          ] GC(670) Pause Young (Normal) (G1 Evacuation Pause) 760M->148M(1024M) 14.203ms
[2025-12-25T07:17:40.158+0000][gc,cpu      ] GC(670) User=0.07s Sys=0.00s Real=0.02s
[2025-12-25T07:18:39.874+0000][gc,start    ] GC(671) Pause Young (Normal) (G1 Evacuation Pause)
[2025-12-25T07:18:39.874+0000][gc,task     ] GC(671) Using 8 workers of 8 for evacuation
[2025-12-25T07:18:39.881+0000][gc,phases   ] GC(671)   Pre Evacuate Collection Set: 1.7ms
[2025-12-25T07:18:39.881+0000][gc,phases   ] GC(671)   Merge Heap Roots: 0.3ms
[2025-12-25T07:18:39.881+0000][gc,phases   ] GC(671)   Evacuate Collection Set: 3.1ms
[2025-12-25T07:18:39.881+0000][gc,phases   ] GC(671)   Post Evacuate Collection Set: 1.3ms
[2025-12-25T07:18:39.881+0000][gc,phases   ] GC(671)   Other: 0.2ms
[2025-12-25T07:18:39.881+0000][gc,heap     ] GC(671) Eden regions: 612->0(613)
[2025-12-25T07:18:39.881+0000][gc,heap     ] GC(671) Survivor regions: 2->1(77)
[2025-12-25T07:18:39.881+0000][gc,heap     ] GC(671) Old regions: 99->99
[2025-12-25T07:18:39.881+0000][gc,heap     ] GC(671) Humongous regions: 49->49
[2025-12-25T07:18:39.881+0000][gc,metaspace] GC(671) Metaspace: 12758K(13120K)->12758K(13120K) NonClass: 11658K(11776K)->11658K(11776K) Class: 1099K(1344K)->1099K(1344K)
[2025-12-25T07:18:39.882+0000][gc          ] GC(671) Pause Young (Normal) (G1 Evacuation Pause) 760M->147M(1024M) 7.689ms
[2025-12-25T07:18:39.882+0000][gc,cpu      ] GC(671) User=0.04s Sys=0.00s Real=0.00s
[2025-12-25T07:19:30.054+0000][gc,start    ] GC(672) Pause Young (Normal) (G1 Evacuation Pause)
[2025-12-25T07:19:30.054+0000][gc,task     ] GC(672) Using 8 workers of 8 for evacuation
[2025-12-25T07:19:30.061+0000][gc,phases   ] GC(672)   Pre Evacuate Collection Set: 1.0ms
[2025-12-25T07:19:30.061+0000][gc,phases   ] GC(672)   Merge Heap Roots: 0.2ms
[2025-12-25T07:19:30.062+0000][gc,phases   ] GC(672)   Evacuate Collection Set: 4.3ms
[2025-12-25T07:19:30.062+0000][gc,phases   ] GC(672)   Post Evacuate Collection Set: 1.3ms
[2025-12-25T07:19:30.062+0000][gc,phases   ] GC(672)   Other: 0.3ms
[2025-12-25T07:19:30.062+0000][gc,heap     ] GC(672) Eden regions: 613->0(612)
[2025-12-25T07:19:30.062+0000][gc,heap     ] GC(672) Survivor regions: 1->2(77)
[2025-12-25T07:19:30.062+0000][gc,heap     ] GC(672) Old regions: 99->99
[2025-12-25T07:19:30.062+0000][gc,heap     ] GC(672) Humongous regions: 49->49
[2025-12-25T07:19:30.062+0000][gc,metaspace] GC(672) Metaspace: 12758K(13120K)->12758K(13120K) NonClass: 11658K(11776K)->11658K(11776K) Class: 1099K(1344K)->1099K(1344K)
[2025-12-25T07:19:30.062+0000][gc          ] GC(672) Pause Young (Normal) (G1 Evacuation Pause) 760M->148M(1024M) 8.230ms
[2025-12-25T07:19:30.062+0000][gc,cpu      ] GC(672) User=0.04s Sys=0.01s Real=0.00s
[2025-12-25T07:20:20.183+0000][gc,start    ] GC(673) Pause Young (Normal) (G1 Evacuation Pause)
[2025-12-25T07:20:20.183+0000][gc,task     ] GC(673) Using 8 workers of 8 for evacuation
[2025-12-25T07:20:20.194+0000][gc,phases   ] GC(673)   Pre Evacuate Collection Set: 1.1ms
[2025-12-25T07:20:20.194+0000][gc,phases   ] GC(673)   Merge Heap Roots: 0.7ms
[2025-12-25T07:20:20.194+0000][gc,phases   ] GC(673)   Evacuate Collection Set: 4.6ms
[2025-12-25T07:20:20.194+0000][gc,phases   ] GC(673)   Post Evacuate Collection Set: 3.7ms
[2025-12-25T07:20:20.194+0000][gc,phases   ] GC(673)   Other: 0.3ms
[2025-12-25T07:20:20.194+0000][gc,heap     ] GC(673) Eden regions: 612->0(611)
[2025-12-25T07:20:20.194+0000][gc,heap     ] GC(673) Survivor regions: 2->3(77)
[2025-12-25T07:20:20.194+0000][gc,heap     ] GC(673) Old regions: 99->99
[2025-12-25T07:20:20.194+0000][gc,heap     ] GC(673) Humongous regions: 49->49
[2025-12-25T07:20:20.194+0000][gc,metaspace] GC(673) Metaspace: 12758K(13120K)->12758K(13120K) NonClass: 11658K(11776K)->11658K(11776K) Class: 1099K(1344K)->1099K(1344K)
[2025-12-25T07:20:20.194+0000][gc          ] GC(673) Pause Young (Normal) (G1 Evacuation Pause) 760M->149M(1024M) 11.606ms
[2025-12-25T07:20:20.194+0000][gc,cpu      ] GC(673) User=0.05s Sys=0.00s Real=0.01s
[2025-12-25T07:21:19.962+0000][gc,start    ] GC(674) Pause Young (Normal) (G1 Evacuation Pause)
[2025-12-25T07:21:19.964+0000][gc,task     ] GC(674) Using 8 workers of 8 for evacuation
[2025-12-25T07:21:19.981+0000][gc,phases   ] GC(674)   Pre Evacuate Collection Set: 5.3ms
[2025-12-25T07:21:19.981+0000][gc,phases   ] GC(674)   Merge Heap Roots: 0.7ms
[2025-12-25T07:21:19.981+0000][gc,phases   ] GC(674)   Evacuate Collection Set: 9.1ms
[2025-12-25T07:21:19.981+0000][gc,phases   ] GC(674)   Post Evacuate Collection Set: 1.8ms
[2025-12-25T07:21:19.981+0000][gc,phases   ] GC(674)   Other: 0.8ms
[2025-12-25T07:21:19.981+0000][gc,heap     ] GC(674) Eden regions: 611->0(612)
[2025-12-25T07:21:19.981+0000][gc,heap     ] GC(674) Survivor regions: 3->2(77)
[2025-12-25T07:21:19.981+0000][gc,heap     ] GC(674) Old regions: 99->99
[2025-12-25T07:21:19.981+0000][gc,heap     ] GC(674) Humongous regions: 49->49
[2025-12-25T07:21:19.982+0000][gc,metaspace] GC(674) Metaspace: 12758K(13120K)->12758K(13120K) NonClass: 11658K(11776K)->11658K(11776K) Class: 1099K(1344K)->1099K(1344K)
[2025-12-25T07:21:19.982+0000][gc          ] GC(674) Pause Young (Normal) (G1 Evacuation Pause) 760M->148M(1024M) 20.070ms
[2025-12-25T07:21:19.982+0000][gc,cpu      ] GC(674) User=0.09s Sys=0.00s Real=0.02s
[2025-12-25T07:22:10.103+0000][gc,start    ] GC(675) Pause Young (Normal) (G1 Evacuation Pause)
[2025-12-25T07:22:10.103+0000][gc,task     ] GC(675) Using 8 workers of 8 for evacuation
[2025-12-25T07:22:10.109+0000][gc,phases   ] GC(675)   Pre Evacuate Collection Set: 1.1ms
[2025-12-25T07:22:10.109+0000][gc,phases   ] GC(675)   Merge Heap Roots: 0.2ms
[2025-12-25T07:22:10.109+0000][gc,phases   ] GC(675)   Evacuate Collection Set: 3.0ms
[2025-12-25T07:22:10.109+0000][gc,phases   ] GC(675)   Post Evacuate Collection Set: 1.0ms
[2025-12-25T07:22:10.109+0000][gc,phases   ] GC(675)   Other: 0.5ms
[2025-12-25T07:22:10.109+0000][gc,heap     ] GC(675) Eden regions: 612->0(612)
[2025-12-25T07:22:10.109+0000][gc,heap     ] GC(675) Survivor regions: 2->2(77)
[2025-12-25T07:22:10.109+0000][gc,heap     ] GC(675) Old regions: 99->99
[2025-12-25T07:22:10.109+0000][gc,heap     ] GC(675) Humongous regions: 49->49
[2025-12-25T07:22:10.109+0000][gc,metaspace] GC(675) Metaspace: 12758K(13120K)->12758K(13120K) NonClass: 11658K(11776K)->11658K(11776K) Class: 1099K(1344K)->1099K(1344K)
[2025-12-25T07:22:10.109+0000][gc          ] GC(675) Pause Young (Normal) (G1 Evacuation Pause) 760M->148M(1024M) 6.581ms
[2025-12-25T07:22:10.109+0000][gc,cpu      ] GC(675) User=0.03s Sys=0.00s Real=0.00s
[2025-12-25T07:23:00.238+0000][gc,start    ] GC(676) Pause Young (Normal) (G1 Evacuation Pause)
[2025-12-25T07:23:00.239+0000][gc,task     ] GC(676) Using 8 workers of 8 for evacuation
[2025-12-25T07:23:00.250+0000][gc,phases   ] GC(676)   Pre Evacuate Collection Set: 1.3ms
[2025-12-25T07:23:00.250+0000][gc,phases   ] GC(676)   Merge Heap Roots: 0.2ms
[2025-12-25T07:23:00.250+0000][gc,phases   ] GC(676)   Evacuate Collection Set: 7.8ms
[2025-12-25T07:23:00.250+0000][gc,phases   ] GC(676)   Post Evacuate Collection Set: 1.4ms
[2025-12-25T07:23:00.250+0000][gc,phases   ] GC(676)   Other: 0.3ms
[2025-12-25T07:23:00.250+0000][gc,heap     ] GC(676) Eden regions: 612->0(612)
[2025-12-25T07:23:00.250+0000][gc,heap     ] GC(676) Survivor regions: 2->2(77)
[2025-12-25T07:23:00.250+0000][gc,heap     ] GC(676) Old regions: 99->99
[2025-12-25T07:23:00.250+0000][gc,heap     ] GC(676) Humongous regions: 49->49
[2025-12-25T07:23:00.251+0000][gc,metaspace] GC(676) Metaspace: 12758K(13120K)->12758K(13120K) NonClass: 11658K(11776K)->11658K(11776K) Class: 1099K(1344K)->1099K(1344K)
[2025-12-25T07:23:00.251+0000][gc          ] GC(676) Pause Young (Normal) (G1 Evacuation Pause) 760M->149M(1024M) 12.899ms
[2025-12-25T07:23:00.251+0000][gc,cpu      ] GC(676) User=0.05s Sys=0.01s Real=0.02s
[2025-12-25T07:24:00.039+0000][gc,start    ] GC(677) Pause Young (Normal) (G1 Evacuation Pause)
[2025-12-25T07:24:00.039+0000][gc,task     ] GC(677) Using 8 workers of 8 for evacuation
[2025-12-25T07:24:00.045+0000][gc,phases   ] GC(677)   Pre Evacuate Collection Set: 1.1ms
[2025-12-25T07:24:00.045+0000][gc,phases   ] GC(677)   Merge Heap Roots: 0.2ms
[2025-12-25T07:24:00.045+0000][gc,phases   ] GC(677)   Evacuate Collection Set: 3.0ms
[2025-12-25T07:24:00.045+0000][gc,phases   ] GC(677)   Post Evacuate Collection Set: 1.2ms
[2025-12-25T07:24:00.045+0000][gc,phases   ] GC(677)   Other: 0.2ms
[2025-12-25T07:24:00.045+0000][gc,heap     ] GC(677) Eden regions: 612->0(612)
[2025-12-25T07:24:00.045+0000][gc,heap     ] GC(677) Survivor regions: 2->2(77)
[2025-12-25T07:24:00.045+0000][gc,heap     ] GC(677) Old regions: 99->99
[2025-12-25T07:24:00.045+0000][gc,heap     ] GC(677) Humongous regions: 49->49
[2025-12-25T07:24:00.046+0000][gc,metaspace] GC(677) Metaspace: 12758K(13120K)->12758K(13120K) NonClass: 11658K(11776K)->11658K(11776K) Class: 1099K(1344K)->1099K(1344K)
[2025-12-25T07:24:00.046+0000][gc          ] GC(677) Pause Young (Normal) (G1 Evacuation Pause) 761M->148M(1024M) 6.832ms
[2025-12-25T07:24:00.050+0000][gc,cpu      ] GC(677) User=0.03s Sys=0.00s Real=0.01s
[2025-12-25T07:24:50.158+0000][gc,start    ] GC(678) Pause Young (Normal) (G1 Evacuation Pause)
[2025-12-25T07:24:50.159+0000][gc,task     ] GC(678) Using 8 workers of 8 for evacuation
[2025-12-25T07:24:50.164+0000][gc,phases   ] GC(678)   Pre Evacuate Collection Set: 1.1ms
[2025-12-25T07:24:50.165+0000][gc,phases   ] GC(678)   Merge Heap Roots: 0.2ms
[2025-12-25T07:24:50.165+0000][gc,phases   ] GC(678)   Evacuate Collection Set: 3.2ms
[2025-12-25T07:24:50.165+0000][gc,phases   ] GC(678)   Post Evacuate Collection Set: 1.2ms
[2025-12-25T07:24:50.165+0000][gc,phases   ] GC(678)   Other: 0.2ms
[2025-12-25T07:24:50.165+0000][gc,heap     ] GC(678) Eden regions: 612->0(612)
[2025-12-25T07:24:50.165+0000][gc,heap     ] GC(678) Survivor regions: 2->2(77)
[2025-12-25T07:24:50.165+0000][gc,heap     ] GC(678) Old regions: 99->99
[2025-12-25T07:24:50.165+0000][gc,heap     ] GC(678) Humongous regions: 49->49
[2025-12-25T07:24:50.165+0000][gc,metaspace] GC(678) Metaspace: 12758K(13120K)->12758K(13120K) NonClass: 11658K(11776K)->11658K(11776K) Class: 1099K(1344K)->1099K(1344K)
[2025-12-25T07:24:50.165+0000][gc          ] GC(678) Pause Young (Normal) (G1 Evacuation Pause) 760M->148M(1024M) 7.226ms
[2025-12-25T07:24:50.165+0000][gc,cpu      ] GC(678) User=0.03s Sys=0.00s Real=0.00s
[2025-12-25T07:25:49.936+0000][gc,start    ] GC(679) Pause Young (Normal) (G1 Evacuation Pause)
[2025-12-25T07:25:49.937+0000][gc,task     ] GC(679) Using 8 workers of 8 for evacuation
[2025-12-25T07:25:49.943+0000][gc,phases   ] GC(679)   Pre Evacuate Collection Set: 1.2ms
[2025-12-25T07:25:49.943+0000][gc,phases   ] GC(679)   Merge Heap Roots: 0.2ms
[2025-12-25T07:25:49.943+0000][gc,phases   ] GC(679)   Evacuate Collection Set: 3.1ms
[2025-12-25T07:25:49.943+0000][gc,phases   ] GC(679)   Post Evacuate Collection Set: 1.2ms
[2025-12-25T07:25:49.943+0000][gc,phases   ] GC(679)   Other: 0.3ms
[2025-12-25T07:25:49.943+0000][gc,heap     ] GC(679) Eden regions: 612->0(613)
[2025-12-25T07:25:49.943+0000][gc,heap     ] GC(679) Survivor regions: 2->1(77)
[2025-12-25T07:25:49.943+0000][gc,heap     ] GC(679) Old regions: 99->99
[2025-12-25T07:25:49.943+0000][gc,heap     ] GC(679) Humongous regions: 49->49
[2025-12-25T07:25:49.943+0000][gc,metaspace] GC(679) Metaspace: 12758K(13120K)->12758K(13120K) NonClass: 11658K(11776K)->11658K(11776K) Class: 1099K(1344K)->1099K(1344K)
[2025-12-25T07:25:49.944+0000][gc          ] GC(679) Pause Young (Normal) (G1 Evacuation Pause) 760M->148M(1024M) 7.957ms
[2025-12-25T07:25:49.944+0000][gc,cpu      ] GC(679) User=0.03s Sys=0.00s Real=0.01s
[2025-12-25T07:26:40.052+0000][gc,start    ] GC(680) Pause Young (Normal) (G1 Evacuation Pause)
[2025-12-25T07:26:40.053+0000][gc,task     ] GC(680) Using 8 workers of 8 for evacuation
[2025-12-25T07:26:40.061+0000][gc,phases   ] GC(680)   Pre Evacuate Collection Set: 1.1ms
[2025-12-25T07:26:40.061+0000][gc,phases   ] GC(680)   Merge Heap Roots: 0.2ms
[2025-12-25T07:26:40.061+0000][gc,phases   ] GC(680)   Evacuate Collection Set: 5.5ms
[2025-12-25T07:26:40.062+0000][gc,phases   ] GC(680)   Post Evacuate Collection Set: 1.3ms
[2025-12-25T07:26:40.062+0000][gc,phases   ] GC(680)   Other: 0.3ms
[2025-12-25T07:26:40.062+0000][gc,heap     ] GC(680) Eden regions: 613->0(612)
[2025-12-25T07:26:40.062+0000][gc,heap     ] GC(680) Survivor regions: 1->2(77)
[2025-12-25T07:26:40.062+0000][gc,heap     ] GC(680) Old regions: 99->99
[2025-12-25T07:26:40.062+0000][gc,heap     ] GC(680) Humongous regions: 49->49
[2025-12-25T07:26:40.062+0000][gc,metaspace] GC(680) Metaspace: 12758K(13120K)->12758K(13120K) NonClass: 11658K(11776K)->11658K(11776K) Class: 1099K(1344K)->1099K(1344K)
[2025-12-25T07:26:40.062+0000][gc          ] GC(680) Pause Young (Normal) (G1 Evacuation Pause) 761M->148M(1024M) 9.625ms
[2025-12-25T07:26:40.062+0000][gc,cpu      ] GC(680) User=0.05s Sys=0.00s Real=0.01s
[2025-12-25T07:27:30.240+0000][gc,start    ] GC(681) Pause Young (Normal) (G1 Evacuation Pause)
[2025-12-25T07:27:30.242+0000][gc,task     ] GC(681) Using 8 workers of 8 for evacuation
[2025-12-25T07:27:30.262+0000][gc,phases   ] GC(681)   Pre Evacuate Collection Set: 6.6ms
[2025-12-25T07:27:30.263+0000][gc,phases   ] GC(681)   Merge Heap Roots: 0.9ms
[2025-12-25T07:27:30.264+0000][gc,phases   ] GC(681)   Evacuate Collection Set: 8.5ms
[2025-12-25T07:27:30.265+0000][gc,phases   ] GC(681)   Post Evacuate Collection Set: 2.8ms
[2025-12-25T07:27:30.265+0000][gc,phases   ] GC(681)   Other: 0.7ms
[2025-12-25T07:27:30.265+0000][gc,heap     ] GC(681) Eden regions: 612->0(612)
[2025-12-25T07:27:30.266+0000][gc,heap     ] GC(681) Survivor regions: 2->2(77)
[2025-12-25T07:27:30.266+0000][gc,heap     ] GC(681) Old regions: 99->99
[2025-12-25T07:27:30.266+0000][gc,heap     ] GC(681) Humongous regions: 49->49
[2025-12-25T07:27:30.266+0000][gc,metaspace] GC(681) Metaspace: 12758K(13120K)->12758K(13120K) NonClass: 11658K(11776K)->11658K(11776K) Class: 1099K(1344K)->1099K(1344K)
[2025-12-25T07:27:30.266+0000][gc          ] GC(681) Pause Young (Normal) (G1 Evacuation Pause) 760M->149M(1024M) 26.008ms
[2025-12-25T07:27:30.267+0000][gc,cpu      ] GC(681) User=0.06s Sys=0.01s Real=0.03s
[2025-12-25T07:28:30.003+0000][gc,start    ] GC(682) Pause Young (Normal) (G1 Evacuation Pause)
[2025-12-25T07:28:30.004+0000][gc,task     ] GC(682) Using 8 workers of 8 for evacuation
[2025-12-25T07:28:30.010+0000][gc,phases   ] GC(682)   Pre Evacuate Collection Set: 1.2ms
[2025-12-25T07:28:30.010+0000][gc,phases   ] GC(682)   Merge Heap Roots: 0.2ms
[2025-12-25T07:28:30.010+0000][gc,phases   ] GC(682)   Evacuate Collection Set: 2.9ms
[2025-12-25T07:28:30.010+0000][gc,phases   ] GC(682)   Post Evacuate Collection Set: 1.1ms
[2025-12-25T07:28:30.010+0000][gc,phases   ] GC(682)   Other: 0.2ms
[2025-12-25T07:28:30.010+0000][gc,heap     ] GC(682) Eden regions: 612->0(612)
[2025-12-25T07:28:30.011+0000][gc,heap     ] GC(682) Survivor regions: 2->2(77)
[2025-12-25T07:28:30.011+0000][gc,heap     ] GC(682) Old regions: 99->99
[2025-12-25T07:28:30.011+0000][gc,heap     ] GC(682) Humongous regions: 49->49
[2025-12-25T07:28:30.011+0000][gc,metaspace] GC(682) Metaspace: 12758K(13120K)->12758K(13120K) NonClass: 11658K(11776K)->11658K(11776K) Class: 1099K(1344K)->1099K(1344K)
[2025-12-25T07:28:30.011+0000][gc          ] GC(682) Pause Young (Normal) (G1 Evacuation Pause) 761M->148M(1024M) 7.776ms
[2025-12-25T07:28:30.011+0000][gc,cpu      ] GC(682) User=0.03s Sys=0.00s Real=0.01s
[2025-12-25T07:29:20.124+0000][gc,start    ] GC(683) Pause Young (Normal) (G1 Evacuation Pause)
[2025-12-25T07:29:20.125+0000][gc,task     ] GC(683) Using 8 workers of 8 for evacuation
[2025-12-25T07:29:20.133+0000][gc,phases   ] GC(683)   Pre Evacuate Collection Set: 1.3ms
[2025-12-25T07:29:20.133+0000][gc,phases   ] GC(683)   Merge Heap Roots: 0.2ms
[2025-12-25T07:29:20.133+0000][gc,phases   ] GC(683)   Evacuate Collection Set: 4.1ms
[2025-12-25T07:29:20.133+0000][gc,phases   ] GC(683)   Post Evacuate Collection Set: 1.8ms
[2025-12-25T07:29:20.133+0000][gc,phases   ] GC(683)   Other: 0.6ms
[2025-12-25T07:29:20.133+0000][gc,heap     ] GC(683) Eden regions: 612->0(612)
[2025-12-25T07:29:20.133+0000][gc,heap     ] GC(683) Survivor regions: 2->2(77)
[2025-12-25T07:29:20.133+0000][gc,heap     ] GC(683) Old regions: 99->99
[2025-12-25T07:29:20.133+0000][gc,heap     ] GC(683) Humongous regions: 49->49
[2025-12-25T07:29:20.133+0000][gc,metaspace] GC(683) Metaspace: 12758K(13120K)->12758K(13120K) NonClass: 11658K(11776K)->11658K(11776K) Class: 1099K(1344K)->1099K(1344K)
[2025-12-25T07:29:20.134+0000][gc          ] GC(683) Pause Young (Normal) (G1 Evacuation Pause) 760M->148M(1024M) 9.393ms
[2025-12-25T07:29:20.134+0000][gc,cpu      ] GC(683) User=0.04s Sys=0.00s Real=0.00s
[2025-12-25T07:30:19.891+0000][gc,start    ] GC(684) Pause Young (Normal) (G1 Evacuation Pause)
[2025-12-25T07:30:19.892+0000][gc,task     ] GC(684) Using 8 workers of 8 for evacuation
[2025-12-25T07:30:19.899+0000][gc,phases   ] GC(684)   Pre Evacuate Collection Set: 1.2ms
[2025-12-25T07:30:19.899+0000][gc,phases   ] GC(684)   Merge Heap Roots: 0.2ms
[2025-12-25T07:30:19.899+0000][gc,phases   ] GC(684)   Evacuate Collection Set: 3.0ms
[2025-12-25T07:30:19.899+0000][gc,phases   ] GC(684)   Post Evacuate Collection Set: 2.2ms
[2025-12-25T07:30:19.899+0000][gc,phases   ] GC(684)   Other: 0.3ms
[2025-12-25T07:30:19.899+0000][gc,heap     ] GC(684) Eden regions: 612->0(613)
[2025-12-25T07:30:19.899+0000][gc,heap     ] GC(684) Survivor regions: 2->1(77)
[2025-12-25T07:30:19.899+0000][gc,heap     ] GC(684) Old regions: 99->99
[2025-12-25T07:30:19.899+0000][gc,heap     ] GC(684) Humongous regions: 49->49
[2025-12-25T07:30:19.899+0000][gc,metaspace] GC(684) Metaspace: 12758K(13120K)->12758K(13120K) NonClass: 11658K(11776K)->11658K(11776K) Class: 1099K(1344K)->1099K(1344K)
[2025-12-25T07:30:19.900+0000][gc          ] GC(684) Pause Young (Normal) (G1 Evacuation Pause) 760M->148M(1024M) 8.992ms
[2025-12-25T07:30:19.900+0000][gc,cpu      ] GC(684) User=0.03s Sys=0.00s Real=0.01s
[2025-12-25T07:31:09.894+0000][gc,start    ] GC(685) Pause Young (Normal) (G1 Evacuation Pause)
[2025-12-25T07:31:09.894+0000][gc,task     ] GC(685) Using 8 workers of 8 for evacuation
[2025-12-25T07:31:09.908+0000][gc,phases   ] GC(685)   Pre Evacuate Collection Set: 1.2ms
[2025-12-25T07:31:09.908+0000][gc,phases   ] GC(685)   Merge Heap Roots: 1.5ms
[2025-12-25T07:31:09.908+0000][gc,phases   ] GC(685)   Evacuate Collection Set: 9.1ms
[2025-12-25T07:31:09.908+0000][gc,phases   ] GC(685)   Post Evacuate Collection Set: 1.3ms
[2025-12-25T07:31:09.908+0000][gc,phases   ] GC(685)   Other: 0.6ms
[2025-12-25T07:31:09.908+0000][gc,heap     ] GC(685) Eden regions: 613->0(612)
[2025-12-25T07:31:09.908+0000][gc,heap     ] GC(685) Survivor regions: 1->2(77)
[2025-12-25T07:31:09.908+0000][gc,heap     ] GC(685) Old regions: 99->99
[2025-12-25T07:31:09.909+0000][gc,heap     ] GC(685) Humongous regions: 49->49
[2025-12-25T07:31:09.909+0000][gc,metaspace] GC(685) Metaspace: 12758K(13120K)->12758K(13120K) NonClass: 11658K(11776K)->11658K(11776K) Class: 1099K(1344K)->1099K(1344K)
[2025-12-25T07:31:09.909+0000][gc          ] GC(685) Pause Young (Normal) (G1 Evacuation Pause) 761M->148M(1024M) 15.033ms
[2025-12-25T07:31:09.909+0000][gc,cpu      ] GC(685) User=0.07s Sys=0.00s Real=0.01s
[2025-12-25T07:32:00.025+0000][gc,start    ] GC(686) Pause Young (Normal) (G1 Evacuation Pause)
[2025-12-25T07:32:00.025+0000][gc,task     ] GC(686) Using 8 workers of 8 for evacuation
[2025-12-25T07:32:00.031+0000][gc,phases   ] GC(686)   Pre Evacuate Collection Set: 1.6ms
[2025-12-25T07:32:00.032+0000][gc,phases   ] GC(686)   Merge Heap Roots: 0.2ms
[2025-12-25T07:32:00.032+0000][gc,phases   ] GC(686)   Evacuate Collection Set: 3.1ms
[2025-12-25T07:32:00.032+0000][gc,phases   ] GC(686)   Post Evacuate Collection Set: 0.9ms
[2025-12-25T07:32:00.032+0000][gc,phases   ] GC(686)   Other: 0.4ms
[2025-12-25T07:32:00.032+0000][gc,heap     ] GC(686) Eden regions: 612->0(612)
[2025-12-25T07:32:00.032+0000][gc,heap     ] GC(686) Survivor regions: 2->2(77)
[2025-12-25T07:32:00.032+0000][gc,heap     ] GC(686) Old regions: 99->99
[2025-12-25T07:32:00.032+0000][gc,heap     ] GC(686) Humongous regions: 49->49
[2025-12-25T07:32:00.032+0000][gc,metaspace] GC(686) Metaspace: 12758K(13120K)->12758K(13120K) NonClass: 11658K(11776K)->11658K(11776K) Class: 1099K(1344K)->1099K(1344K)
[2025-12-25T07:32:00.032+0000][gc          ] GC(686) Pause Young (Normal) (G1 Evacuation Pause) 760M->149M(1024M) 7.226ms
[2025-12-25T07:32:00.032+0000][gc,cpu      ] GC(686) User=0.03s Sys=0.00s Real=0.01s
[2025-12-25T07:32:59.816+0000][gc,start    ] GC(687) Pause Young (Normal) (G1 Evacuation Pause)
[2025-12-25T07:32:59.816+0000][gc,task     ] GC(687) Using 8 workers of 8 for evacuation
[2025-12-25T07:32:59.821+0000][gc,phases   ] GC(687)   Pre Evacuate Collection Set: 1.1ms
[2025-12-25T07:32:59.821+0000][gc,phases   ] GC(687)   Merge Heap Roots: 0.2ms
[2025-12-25T07:32:59.821+0000][gc,phases   ] GC(687)   Evacuate Collection Set: 2.4ms
[2025-12-25T07:32:59.821+0000][gc,phases   ] GC(687)   Post Evacuate Collection Set: 1.1ms
[2025-12-25T07:32:59.821+0000][gc,phases   ] GC(687)   Other: 0.2ms
[2025-12-25T07:32:59.821+0000][gc,heap     ] GC(687) Eden regions: 612->0(613)
[2025-12-25T07:32:59.821+0000][gc,heap     ] GC(687) Survivor regions: 2->1(77)
[2025-12-25T07:32:59.821+0000][gc,heap     ] GC(687) Old regions: 99->99
[2025-12-25T07:32:59.821+0000][gc,heap     ] GC(687) Humongous regions: 49->49
[2025-12-25T07:32:59.821+0000][gc,metaspace] GC(687) Metaspace: 12758K(13120K)->12758K(13120K) NonClass: 11658K(11776K)->11658K(11776K) Class: 1099K(1344K)->1099K(1344K)
[2025-12-25T07:32:59.822+0000][gc          ] GC(687) Pause Young (Normal) (G1 Evacuation Pause) 761M->148M(1024M) 5.951ms
[2025-12-25T07:32:59.822+0000][gc,cpu      ] GC(687) User=0.02s Sys=0.01s Real=0.01s
[2025-12-25T07:33:49.939+0000][gc,start    ] GC(688) Pause Young (Normal) (G1 Evacuation Pause)
[2025-12-25T07:33:49.940+0000][gc,task     ] GC(688) Using 8 workers of 8 for evacuation
[2025-12-25T07:33:49.949+0000][gc,phases   ] GC(688)   Pre Evacuate Collection Set: 1.2ms
[2025-12-25T07:33:49.950+0000][gc,phases   ] GC(688)   Merge Heap Roots: 0.3ms
[2025-12-25T07:33:49.950+0000][gc,phases   ] GC(688)   Evacuate Collection Set: 6.3ms
[2025-12-25T07:33:49.950+0000][gc,phases   ] GC(688)   Post Evacuate Collection Set: 1.4ms
[2025-12-25T07:33:49.950+0000][gc,phases   ] GC(688)   Other: 0.4ms
[2025-12-25T07:33:49.950+0000][gc,heap     ] GC(688) Eden regions: 613->0(612)
[2025-12-25T07:33:49.950+0000][gc,heap     ] GC(688) Survivor regions: 1->2(77)
[2025-12-25T07:33:49.950+0000][gc,heap     ] GC(688) Old regions: 99->99
[2025-12-25T07:33:49.950+0000][gc,heap     ] GC(688) Humongous regions: 49->49
[2025-12-25T07:33:49.950+0000][gc,metaspace] GC(688) Metaspace: 12758K(13120K)->12758K(13120K) NonClass: 11658K(11776K)->11658K(11776K) Class: 1099K(1344K)->1099K(1344K)
[2025-12-25T07:33:49.950+0000][gc          ] GC(688) Pause Young (Normal) (G1 Evacuation Pause) 761M->148M(1024M) 11.056ms
[2025-12-25T07:33:49.950+0000][gc,cpu      ] GC(688) User=0.06s Sys=0.00s Real=0.01s
[2025-12-25T07:34:49.703+0000][gc,start    ] GC(689) Pause Young (Normal) (G1 Evacuation Pause)
[2025-12-25T07:34:49.703+0000][gc,task     ] GC(689) Using 8 workers of 8 for evacuation
[2025-12-25T07:34:49.714+0000][gc,phases   ] GC(689)   Pre Evacuate Collection Set: 2.2ms
[2025-12-25T07:34:49.714+0000][gc,phases   ] GC(689)   Merge Heap Roots: 0.4ms
[2025-12-25T07:34:49.715+0000][gc,phases   ] GC(689)   Evacuate Collection Set: 5.0ms
[2025-12-25T07:34:49.715+0000][gc,phases   ] GC(689)   Post Evacuate Collection Set: 2.6ms
[2025-12-25T07:34:49.715+0000][gc,phases   ] GC(689)   Other: 0.4ms
[2025-12-25T07:34:49.715+0000][gc,heap     ] GC(689) Eden regions: 612->0(613)
[2025-12-25T07:34:49.715+0000][gc,heap     ] GC(689) Survivor regions: 2->1(77)
[2025-12-25T07:34:49.715+0000][gc,heap     ] GC(689) Old regions: 99->99
[2025-12-25T07:34:49.715+0000][gc,heap     ] GC(689) Humongous regions: 49->49
[2025-12-25T07:34:49.715+0000][gc,metaspace] GC(689) Metaspace: 12758K(13120K)->12758K(13120K) NonClass: 11658K(11776K)->11658K(11776K) Class: 1099K(1344K)->1099K(1344K)
[2025-12-25T07:34:49.715+0000][gc          ] GC(689) Pause Young (Normal) (G1 Evacuation Pause) 760M->148M(1024M) 12.758ms
[2025-12-25T07:34:49.715+0000][gc,cpu      ] GC(689) User=0.04s Sys=0.00s Real=0.02s
[2025-12-25T07:35:39.838+0000][gc,start    ] GC(690) Pause Young (Normal) (G1 Evacuation Pause)
[2025-12-25T07:35:39.840+0000][gc,task     ] GC(690) Using 8 workers of 8 for evacuation
[2025-12-25T07:35:39.845+0000][gc,phases   ] GC(690)   Pre Evacuate Collection Set: 1.1ms
[2025-12-25T07:35:39.845+0000][gc,phases   ] GC(690)   Merge Heap Roots: 0.2ms
[2025-12-25T07:35:39.845+0000][gc,phases   ] GC(690)   Evacuate Collection Set: 2.8ms
[2025-12-25T07:35:39.846+0000][gc,phases   ] GC(690)   Post Evacuate Collection Set: 1.1ms
[2025-12-25T07:35:39.846+0000][gc,phases   ] GC(690)   Other: 0.6ms
[2025-12-25T07:35:39.846+0000][gc,heap     ] GC(690) Eden regions: 613->0(612)
[2025-12-25T07:35:39.846+0000][gc,heap     ] GC(690) Survivor regions: 1->2(77)
[2025-12-25T07:35:39.846+0000][gc,heap     ] GC(690) Old regions: 99->99
[2025-12-25T07:35:39.846+0000][gc,heap     ] GC(690) Humongous regions: 49->49
[2025-12-25T07:35:39.846+0000][gc,metaspace] GC(690) Metaspace: 12758K(13120K)->12758K(13120K) NonClass: 11658K(11776K)->11658K(11776K) Class: 1099K(1344K)->1099K(1344K)
[2025-12-25T07:35:39.846+0000][gc          ] GC(690) Pause Young (Normal) (G1 Evacuation Pause) 761M->148M(1024M) 7.670ms
[2025-12-25T07:35:39.846+0000][gc,cpu      ] GC(690) User=0.03s Sys=0.00s Real=0.01s
[2025-12-25T07:36:30.001+0000][gc,start    ] GC(691) Pause Young (Normal) (G1 Evacuation Pause)
[2025-12-25T07:36:30.001+0000][gc,task     ] GC(691) Using 8 workers of 8 for evacuation
[2025-12-25T07:36:30.008+0000][gc,phases   ] GC(691)   Pre Evacuate Collection Set: 1.1ms
[2025-12-25T07:36:30.008+0000][gc,phases   ] GC(691)   Merge Heap Roots: 0.2ms
[2025-12-25T07:36:30.008+0000][gc,phases   ] GC(691)   Evacuate Collection Set: 3.6ms
[2025-12-25T07:36:30.008+0000][gc,phases   ] GC(691)   Post Evacuate Collection Set: 1.4ms
[2025-12-25T07:36:30.008+0000][gc,phases   ] GC(691)   Other: 0.2ms
[2025-12-25T07:36:30.008+0000][gc,heap     ] GC(691) Eden regions: 612->0(612)
[2025-12-25T07:36:30.008+0000][gc,heap     ] GC(691) Survivor regions: 2->2(77)
[2025-12-25T07:36:30.009+0000][gc,heap     ] GC(691) Old regions: 99->99
[2025-12-25T07:36:30.009+0000][gc,heap     ] GC(691) Humongous regions: 49->49
[2025-12-25T07:36:30.009+0000][gc,metaspace] GC(691) Metaspace: 12758K(13120K)->12758K(13120K) NonClass: 11658K(11776K)->11658K(11776K) Class: 1099K(1344K)->1099K(1344K)
[2025-12-25T07:36:30.009+0000][gc          ] GC(691) Pause Young (Normal) (G1 Evacuation Pause) 760M->149M(1024M) 7.841ms
[2025-12-25T07:36:30.009+0000][gc,cpu      ] GC(691) User=0.03s Sys=0.00s Real=0.00s
[2025-12-25T07:37:29.767+0000][gc,start    ] GC(692) Pause Young (Normal) (G1 Evacuation Pause)
[2025-12-25T07:37:29.767+0000][gc,task     ] GC(692) Using 8 workers of 8 for evacuation
[2025-12-25T07:37:29.777+0000][gc,phases   ] GC(692)   Pre Evacuate Collection Set: 1.4ms
[2025-12-25T07:37:29.777+0000][gc,phases   ] GC(692)   Merge Heap Roots: 0.4ms
[2025-12-25T07:37:29.777+0000][gc,phases   ] GC(692)   Evacuate Collection Set: 6.2ms
[2025-12-25T07:37:29.777+0000][gc,phases   ] GC(692)   Post Evacuate Collection Set: 1.3ms
[2025-12-25T07:37:29.777+0000][gc,phases   ] GC(692)   Other: 0.4ms
[2025-12-25T07:37:29.777+0000][gc,heap     ] GC(692) Eden regions: 612->0(613)
[2025-12-25T07:37:29.777+0000][gc,heap     ] GC(692) Survivor regions: 2->1(77)
[2025-12-25T07:37:29.777+0000][gc,heap     ] GC(692) Old regions: 99->99
[2025-12-25T07:37:29.777+0000][gc,heap     ] GC(692) Humongous regions: 49->49
[2025-12-25T07:37:29.777+0000][gc,metaspace] GC(692) Metaspace: 12758K(13120K)->12758K(13120K) NonClass: 11658K(11776K)->11658K(11776K) Class: 1099K(1344K)->1099K(1344K)
[2025-12-25T07:37:29.778+0000][gc          ] GC(692) Pause Young (Normal) (G1 Evacuation Pause) 761M->148M(1024M) 11.334ms
[2025-12-25T07:37:29.778+0000][gc,cpu      ] GC(692) User=0.06s Sys=0.01s Real=0.01s
[2025-12-25T07:38:19.824+0000][gc,start    ] GC(693) Pause Young (Normal) (G1 Evacuation Pause)
[2025-12-25T07:38:19.824+0000][gc,task     ] GC(693) Using 8 workers of 8 for evacuation
[2025-12-25T07:38:19.832+0000][gc,phases   ] GC(693)   Pre Evacuate Collection Set: 1.3ms
[2025-12-25T07:38:19.833+0000][gc,phases   ] GC(693)   Merge Heap Roots: 0.2ms
[2025-12-25T07:38:19.833+0000][gc,phases   ] GC(693)   Evacuate Collection Set: 5.2ms
[2025-12-25T07:38:19.833+0000][gc,phases   ] GC(693)   Post Evacuate Collection Set: 1.4ms
[2025-12-25T07:38:19.833+0000][gc,phases   ] GC(693)   Other: 0.2ms
[2025-12-25T07:38:19.833+0000][gc,heap     ] GC(693) Eden regions: 613->0(612)
[2025-12-25T07:38:19.833+0000][gc,heap     ] GC(693) Survivor regions: 1->2(77)
[2025-12-25T07:38:19.833+0000][gc,heap     ] GC(693) Old regions: 99->99
[2025-12-25T07:38:19.833+0000][gc,heap     ] GC(693) Humongous regions: 49->49
[2025-12-25T07:38:19.833+0000][gc,metaspace] GC(693) Metaspace: 12758K(13120K)->12758K(13120K) NonClass: 11658K(11776K)->11658K(11776K) Class: 1099K(1344K)->1099K(1344K)
[2025-12-25T07:38:19.833+0000][gc          ] GC(693) Pause Young (Normal) (G1 Evacuation Pause) 761M->149M(1024M) 9.456ms
[2025-12-25T07:38:19.833+0000][gc,cpu      ] GC(693) User=0.04s Sys=0.00s Real=0.01s
[2025-12-25T07:39:13.772+0000][gc,start    ] GC(694) Pause Young (Normal) (G1 Evacuation Pause)
[2025-12-25T07:39:13.772+0000][gc,task     ] GC(694) Using 8 workers of 8 for evacuation
[2025-12-25T07:39:13.779+0000][gc,phases   ] GC(694)   Pre Evacuate Collection Set: 2.2ms
[2025-12-25T07:39:13.780+0000][gc,phases   ] GC(694)   Merge Heap Roots: 0.4ms
[2025-12-25T07:39:13.780+0000][gc,phases   ] GC(694)   Evacuate Collection Set: 3.2ms
[2025-12-25T07:39:13.780+0000][gc,phases   ] GC(694)   Post Evacuate Collection Set: 1.2ms
[2025-12-25T07:39:13.780+0000][gc,phases   ] GC(694)   Other: 0.2ms
[2025-12-25T07:39:13.780+0000][gc,heap     ] GC(694) Eden regions: 612->0(613)
[2025-12-25T07:39:13.780+0000][gc,heap     ] GC(694) Survivor regions: 2->1(77)
[2025-12-25T07:39:13.780+0000][gc,heap     ] GC(694) Old regions: 99->99
[2025-12-25T07:39:13.780+0000][gc,heap     ] GC(694) Humongous regions: 49->49
[2025-12-25T07:39:13.780+0000][gc,metaspace] GC(694) Metaspace: 12758K(13120K)->12758K(13120K) NonClass: 11658K(11776K)->11658K(11776K) Class: 1099K(1344K)->1099K(1344K)
[2025-12-25T07:39:13.780+0000][gc          ] GC(694) Pause Young (Normal) (G1 Evacuation Pause) 761M->148M(1024M) 8.367ms
[2025-12-25T07:39:13.780+0000][gc,cpu      ] GC(694) User=0.03s Sys=0.01s Real=0.01s
[2025-12-25T07:40:09.747+0000][gc,start    ] GC(695) Pause Young (Normal) (G1 Evacuation Pause)
[2025-12-25T07:40:09.748+0000][gc,task     ] GC(695) Using 8 workers of 8 for evacuation
[2025-12-25T07:40:09.754+0000][gc,phases   ] GC(695)   Pre Evacuate Collection Set: 1.1ms
[2025-12-25T07:40:09.754+0000][gc,phases   ] GC(695)   Merge Heap Roots: 0.2ms
[2025-12-25T07:40:09.754+0000][gc,phases   ] GC(695)   Evacuate Collection Set: 2.7ms
[2025-12-25T07:40:09.754+0000][gc,phases   ] GC(695)   Post Evacuate Collection Set: 1.1ms
[2025-12-25T07:40:09.754+0000][gc,phases   ] GC(695)   Other: 0.5ms
[2025-12-25T07:40:09.754+0000][gc,heap     ] GC(695) Eden regions: 613->0(612)
[2025-12-25T07:40:09.754+0000][gc,heap     ] GC(695) Survivor regions: 1->2(77)
[2025-12-25T07:40:09.754+0000][gc,heap     ] GC(695) Old regions: 99->99
[2025-12-25T07:40:09.754+0000][gc,heap     ] GC(695) Humongous regions: 49->49
[2025-12-25T07:40:09.754+0000][gc,metaspace] GC(695) Metaspace: 12758K(13120K)->12758K(13120K) NonClass: 11658K(11776K)->11658K(11776K) Class: 1099K(1344K)->1099K(1344K)
[2025-12-25T07:40:09.754+0000][gc          ] GC(695) Pause Young (Normal) (G1 Evacuation Pause) 761M->148M(1024M) 6.843ms
[2025-12-25T07:40:09.754+0000][gc,cpu      ] GC(695) User=0.02s Sys=0.00s Real=0.00s
[2025-12-25T07:40:59.901+0000][gc,start    ] GC(696) Pause Young (Normal) (G1 Evacuation Pause)
[2025-12-25T07:40:59.902+0000][gc,task     ] GC(696) Using 8 workers of 8 for evacuation
[2025-12-25T07:40:59.925+0000][gc,phases   ] GC(696)   Pre Evacuate Collection Set: 2.4ms
[2025-12-25T07:40:59.925+0000][gc,phases   ] GC(696)   Merge Heap Roots: 0.4ms
[2025-12-25T07:40:59.925+0000][gc,phases   ] GC(696)   Evacuate Collection Set: 18.2ms
[2025-12-25T07:40:59.925+0000][gc,phases   ] GC(696)   Post Evacuate Collection Set: 1.9ms
[2025-12-25T07:40:59.925+0000][gc,phases   ] GC(696)   Other: 0.6ms
[2025-12-25T07:40:59.926+0000][gc,heap     ] GC(696) Eden regions: 612->0(612)
[2025-12-25T07:40:59.926+0000][gc,heap     ] GC(696) Survivor regions: 2->2(77)
[2025-12-25T07:40:59.926+0000][gc,heap     ] GC(696) Old regions: 99->99
[2025-12-25T07:40:59.926+0000][gc,heap     ] GC(696) Humongous regions: 49->49
[2025-12-25T07:40:59.926+0000][gc,metaspace] GC(696) Metaspace: 12758K(13120K)->12758K(13120K) NonClass: 11658K(11776K)->11658K(11776K) Class: 1099K(1344K)->1099K(1344K)
[2025-12-25T07:40:59.926+0000][gc          ] GC(696) Pause Young (Normal) (G1 Evacuation Pause) 760M->149M(1024M) 25.016ms
[2025-12-25T07:40:59.926+0000][gc,cpu      ] GC(696) User=0.12s Sys=0.01s Real=0.03s
[2025-12-25T07:41:59.655+0000][gc,start    ] GC(697) Pause Young (Normal) (G1 Evacuation Pause)
[2025-12-25T07:41:59.656+0000][gc,task     ] GC(697) Using 8 workers of 8 for evacuation
[2025-12-25T07:41:59.670+0000][gc,phases   ] GC(697)   Pre Evacuate Collection Set: 2.9ms
[2025-12-25T07:41:59.671+0000][gc,phases   ] GC(697)   Merge Heap Roots: 0.3ms
[2025-12-25T07:41:59.672+0000][gc,phases   ] GC(697)   Evacuate Collection Set: 6.9ms
[2025-12-25T07:41:59.672+0000][gc,phases   ] GC(697)   Post Evacuate Collection Set: 3.2ms
[2025-12-25T07:41:59.672+0000][gc,phases   ] GC(697)   Other: 1.1ms
[2025-12-25T07:41:59.672+0000][gc,heap     ] GC(697) Eden regions: 612->0(613)
[2025-12-25T07:41:59.673+0000][gc,heap     ] GC(697) Survivor regions: 2->1(77)
[2025-12-25T07:41:59.673+0000][gc,heap     ] GC(697) Old regions: 99->99
[2025-12-25T07:41:59.673+0000][gc,heap     ] GC(697) Humongous regions: 49->49
[2025-12-25T07:41:59.673+0000][gc,metaspace] GC(697) Metaspace: 12758K(13120K)->12758K(13120K) NonClass: 11658K(11776K)->11658K(11776K) Class: 1099K(1344K)->1099K(1344K)
[2025-12-25T07:41:59.674+0000][gc          ] GC(697) Pause Young (Normal) (G1 Evacuation Pause) 761M->148M(1024M) 18.563ms
[2025-12-25T07:41:59.674+0000][gc,cpu      ] GC(697) User=0.03s Sys=0.01s Real=0.02s
[2025-12-25T07:42:49.773+0000][gc,start    ] GC(698) Pause Young (Normal) (G1 Evacuation Pause)
[2025-12-25T07:42:49.774+0000][gc,task     ] GC(698) Using 8 workers of 8 for evacuation
[2025-12-25T07:42:49.784+0000][gc,phases   ] GC(698)   Pre Evacuate Collection Set: 1.1ms
[2025-12-25T07:42:49.784+0000][gc,phases   ] GC(698)   Merge Heap Roots: 0.2ms
[2025-12-25T07:42:49.784+0000][gc,phases   ] GC(698)   Evacuate Collection Set: 7.8ms
[2025-12-25T07:42:49.784+0000][gc,phases   ] GC(698)   Post Evacuate Collection Set: 1.1ms
[2025-12-25T07:42:49.784+0000][gc,phases   ] GC(698)   Other: 0.3ms
[2025-12-25T07:42:49.784+0000][gc,heap     ] GC(698) Eden regions: 613->0(612)
[2025-12-25T07:42:49.784+0000][gc,heap     ] GC(698) Survivor regions: 1->2(77)
[2025-12-25T07:42:49.785+0000][gc,heap     ] GC(698) Old regions: 99->99
[2025-12-25T07:42:49.785+0000][gc,heap     ] GC(698) Humongous regions: 49->49
[2025-12-25T07:42:49.785+0000][gc,metaspace] GC(698) Metaspace: 12758K(13120K)->12758K(13120K) NonClass: 11658K(11776K)->11658K(11776K) Class: 1099K(1344K)->1099K(1344K)
[2025-12-25T07:42:49.785+0000][gc          ] GC(698) Pause Young (Normal) (G1 Evacuation Pause) 761M->149M(1024M) 11.739ms
[2025-12-25T07:42:49.785+0000][gc,cpu      ] GC(698) User=0.06s Sys=0.00s Real=0.01s
[2025-12-25T07:43:39.954+0000][gc,start    ] GC(699) Pause Young (Normal) (G1 Evacuation Pause)
[2025-12-25T07:43:39.955+0000][gc,task     ] GC(699) Using 8 workers of 8 for evacuation
[2025-12-25T07:43:39.965+0000][gc,phases   ] GC(699)   Pre Evacuate Collection Set: 1.3ms
[2025-12-25T07:43:39.965+0000][gc,phases   ] GC(699)   Merge Heap Roots: 0.3ms
[2025-12-25T07:43:39.965+0000][gc,phases   ] GC(699)   Evacuate Collection Set: 3.0ms
[2025-12-25T07:43:39.965+0000][gc,phases   ] GC(699)   Post Evacuate Collection Set: 4.7ms
[2025-12-25T07:43:39.965+0000][gc,phases   ] GC(699)   Other: 0.3ms
[2025-12-25T07:43:39.965+0000][gc,heap     ] GC(699) Eden regions: 612->0(612)
[2025-12-25T07:43:39.965+0000][gc,heap     ] GC(699) Survivor regions: 2->2(77)
[2025-12-25T07:43:39.965+0000][gc,heap     ] GC(699) Old regions: 99->99
[2025-12-25T07:43:39.965+0000][gc,heap     ] GC(699) Humongous regions: 49->49
[2025-12-25T07:43:39.965+0000][gc,metaspace] GC(699) Metaspace: 12758K(13120K)->12758K(13120K) NonClass: 11658K(11776K)->11658K(11776K) Class: 1099K(1344K)->1099K(1344K)
[2025-12-25T07:43:39.966+0000][gc          ] GC(699) Pause Young (Normal) (G1 Evacuation Pause) 761M->149M(1024M) 11.683ms
[2025-12-25T07:43:39.966+0000][gc,cpu      ] GC(699) User=0.03s Sys=0.00s Real=0.02s
[2025-12-25T07:44:39.685+0000][gc,start    ] GC(700) Pause Young (Normal) (G1 Evacuation Pause)
[2025-12-25T07:44:39.687+0000][gc,task     ] GC(700) Using 8 workers of 8 for evacuation
[2025-12-25T07:44:39.693+0000][gc,phases   ] GC(700)   Pre Evacuate Collection Set: 1.2ms
[2025-12-25T07:44:39.693+0000][gc,phases   ] GC(700)   Merge Heap Roots: 0.2ms
[2025-12-25T07:44:39.693+0000][gc,phases   ] GC(700)   Evacuate Collection Set: 2.8ms
[2025-12-25T07:44:39.693+0000][gc,phases   ] GC(700)   Post Evacuate Collection Set: 1.2ms
[2025-12-25T07:44:39.693+0000][gc,phases   ] GC(700)   Other: 0.4ms
[2025-12-25T07:44:39.693+0000][gc,heap     ] GC(700) Eden regions: 612->0(612)
[2025-12-25T07:44:39.693+0000][gc,heap     ] GC(700) Survivor regions: 2->2(77)
[2025-12-25T07:44:39.693+0000][gc,heap     ] GC(700) Old regions: 99->99
[2025-12-25T07:44:39.694+0000][gc,heap     ] GC(700) Humongous regions: 49->49
[2025-12-25T07:44:39.694+0000][gc,metaspace] GC(700) Metaspace: 12758K(13120K)->12758K(13120K) NonClass: 11658K(11776K)->11658K(11776K) Class: 1099K(1344K)->1099K(1344K)
[2025-12-25T07:44:39.694+0000][gc          ] GC(700) Pause Young (Normal) (G1 Evacuation Pause) 761M->148M(1024M) 8.835ms
[2025-12-25T07:44:39.694+0000][gc,cpu      ] GC(700) User=0.03s Sys=0.01s Real=0.01s
[2025-12-25T07:45:29.828+0000][gc,start    ] GC(701) Pause Young (Normal) (G1 Evacuation Pause)
[2025-12-25T07:45:29.829+0000][gc,task     ] GC(701) Using 8 workers of 8 for evacuation
[2025-12-25T07:45:29.844+0000][gc,phases   ] GC(701)   Pre Evacuate Collection Set: 3.2ms
[2025-12-25T07:45:29.844+0000][gc,phases   ] GC(701)   Merge Heap Roots: 0.8ms
[2025-12-25T07:45:29.844+0000][gc,phases   ] GC(701)   Evacuate Collection Set: 9.4ms
[2025-12-25T07:45:29.844+0000][gc,phases   ] GC(701)   Post Evacuate Collection Set: 1.3ms
[2025-12-25T07:45:29.844+0000][gc,phases   ] GC(701)   Other: 0.3ms
[2025-12-25T07:45:29.844+0000][gc,heap     ] GC(701) Eden regions: 612->0(612)
[2025-12-25T07:45:29.844+0000][gc,heap     ] GC(701) Survivor regions: 2->2(77)
[2025-12-25T07:45:29.844+0000][gc,heap     ] GC(701) Old regions: 99->99
[2025-12-25T07:45:29.845+0000][gc,heap     ] GC(701) Humongous regions: 49->49
[2025-12-25T07:45:29.845+0000][gc,metaspace] GC(701) Metaspace: 12758K(13120K)->12758K(13120K) NonClass: 11658K(11776K)->11658K(11776K) Class: 1099K(1344K)->1099K(1344K)
[2025-12-25T07:45:29.845+0000][gc          ] GC(701) Pause Young (Normal) (G1 Evacuation Pause) 760M->149M(1024M) 16.843ms
[2025-12-25T07:45:29.845+0000][gc,cpu      ] GC(701) User=0.09s Sys=0.00s Real=0.02s
[2025-12-25T07:46:29.623+0000][gc,start    ] GC(702) Pause Young (Normal) (G1 Evacuation Pause)
[2025-12-25T07:46:29.623+0000][gc,task     ] GC(702) Using 8 workers of 8 for evacuation
[2025-12-25T07:46:29.637+0000][gc,phases   ] GC(702)   Pre Evacuate Collection Set: 2.7ms
[2025-12-25T07:46:29.637+0000][gc,phases   ] GC(702)   Merge Heap Roots: 0.5ms
[2025-12-25T07:46:29.637+0000][gc,phases   ] GC(702)   Evacuate Collection Set: 8.0ms
[2025-12-25T07:46:29.637+0000][gc,phases   ] GC(702)   Post Evacuate Collection Set: 2.0ms
[2025-12-25T07:46:29.637+0000][gc,phases   ] GC(702)   Other: 0.3ms
[2025-12-25T07:46:29.637+0000][gc,heap     ] GC(702) Eden regions: 612->0(613)
[2025-12-25T07:46:29.637+0000][gc,heap     ] GC(702) Survivor regions: 2->1(77)
[2025-12-25T07:46:29.637+0000][gc,heap     ] GC(702) Old regions: 99->99
[2025-12-25T07:46:29.637+0000][gc,heap     ] GC(702) Humongous regions: 49->49
[2025-12-25T07:46:29.637+0000][gc,metaspace] GC(702) Metaspace: 12771K(13120K)->12771K(13120K) NonClass: 11671K(11776K)->11671K(11776K) Class: 1099K(1344K)->1099K(1344K)
[2025-12-25T07:46:29.638+0000][gc          ] GC(702) Pause Young (Normal) (G1 Evacuation Pause) 761M->148M(1024M) 14.935ms
[2025-12-25T07:46:29.638+0000][gc,cpu      ] GC(702) User=0.07s Sys=0.01s Real=0.02s
[2025-12-25T07:47:19.741+0000][gc,start    ] GC(703) Pause Young (Normal) (G1 Evacuation Pause)
[2025-12-25T07:47:19.743+0000][gc,task     ] GC(703) Using 8 workers of 8 for evacuation
[2025-12-25T07:47:19.749+0000][gc,phases   ] GC(703)   Pre Evacuate Collection Set: 1.2ms
[2025-12-25T07:47:19.749+0000][gc,phases   ] GC(703)   Merge Heap Roots: 0.3ms
[2025-12-25T07:47:19.749+0000][gc,phases   ] GC(703)   Evacuate Collection Set: 3.4ms
[2025-12-25T07:47:19.749+0000][gc,phases   ] GC(703)   Post Evacuate Collection Set: 1.3ms
[2025-12-25T07:47:19.749+0000][gc,phases   ] GC(703)   Other: 0.3ms
[2025-12-25T07:47:19.749+0000][gc,heap     ] GC(703) Eden regions: 613->0(612)
[2025-12-25T07:47:19.749+0000][gc,heap     ] GC(703) Survivor regions: 1->2(77)
[2025-12-25T07:47:19.750+0000][gc,heap     ] GC(703) Old regions: 99->99
[2025-12-25T07:47:19.750+0000][gc,heap     ] GC(703) Humongous regions: 49->49
[2025-12-25T07:47:19.750+0000][gc,metaspace] GC(703) Metaspace: 12771K(13120K)->12771K(13120K) NonClass: 11671K(11776K)->11671K(11776K) Class: 1099K(1344K)->1099K(1344K)
[2025-12-25T07:47:19.750+0000][gc          ] GC(703) Pause Young (Normal) (G1 Evacuation Pause) 761M->149M(1024M) 8.398ms
[2025-12-25T07:47:19.750+0000][gc,cpu      ] GC(703) User=0.03s Sys=0.00s Real=0.01s
[2025-12-25T07:48:09.922+0000][gc,start    ] GC(704) Pause Young (Normal) (G1 Evacuation Pause)
[2025-12-25T07:48:09.923+0000][gc,task     ] GC(704) Using 8 workers of 8 for evacuation
[2025-12-25T07:48:09.935+0000][gc,phases   ] GC(704)   Pre Evacuate Collection Set: 1.4ms
[2025-12-25T07:48:09.935+0000][gc,phases   ] GC(704)   Merge Heap Roots: 0.3ms
[2025-12-25T07:48:09.935+0000][gc,phases   ] GC(704)   Evacuate Collection Set: 4.1ms
[2025-12-25T07:48:09.935+0000][gc,phases   ] GC(704)   Post Evacuate Collection Set: 5.9ms
[2025-12-25T07:48:09.935+0000][gc,phases   ] GC(704)   Other: 0.2ms
[2025-12-25T07:48:09.935+0000][gc,heap     ] GC(704) Eden regions: 612->0(612)
[2025-12-25T07:48:09.935+0000][gc,heap     ] GC(704) Survivor regions: 2->2(77)
[2025-12-25T07:48:09.935+0000][gc,heap     ] GC(704) Old regions: 99->99
[2025-12-25T07:48:09.935+0000][gc,heap     ] GC(704) Humongous regions: 49->49
[2025-12-25T07:48:09.935+0000][gc,metaspace] GC(704) Metaspace: 12771K(13120K)->12771K(13120K) NonClass: 11671K(11776K)->11671K(11776K) Class: 1099K(1344K)->1099K(1344K)
[2025-12-25T07:48:09.935+0000][gc          ] GC(704) Pause Young (Normal) (G1 Evacuation Pause) 761M->149M(1024M) 13.000ms
[2025-12-25T07:48:09.935+0000][gc,cpu      ] GC(704) User=0.04s Sys=0.01s Real=0.01s
[2025-12-25T07:49:09.671+0000][gc,start    ] GC(705) Pause Young (Normal) (G1 Evacuation Pause)
[2025-12-25T07:49:09.672+0000][gc,task     ] GC(705) Using 8 workers of 8 for evacuation
[2025-12-25T07:49:09.684+0000][gc,phases   ] GC(705)   Pre Evacuate Collection Set: 3.8ms
[2025-12-25T07:49:09.684+0000][gc,phases   ] GC(705)   Merge Heap Roots: 0.6ms
[2025-12-25T07:49:09.684+0000][gc,phases   ] GC(705)   Evacuate Collection Set: 4.6ms
[2025-12-25T07:49:09.684+0000][gc,phases   ] GC(705)   Post Evacuate Collection Set: 1.9ms
[2025-12-25T07:49:09.684+0000][gc,phases   ] GC(705)   Other: 1.2ms
[2025-12-25T07:49:09.684+0000][gc,heap     ] GC(705) Eden regions: 612->0(612)
[2025-12-25T07:49:09.685+0000][gc,heap     ] GC(705) Survivor regions: 2->2(77)
[2025-12-25T07:49:09.685+0000][gc,heap     ] GC(705) Old regions: 99->99
[2025-12-25T07:49:09.685+0000][gc,heap     ] GC(705) Humongous regions: 49->49
[2025-12-25T07:49:09.685+0000][gc,metaspace] GC(705) Metaspace: 12771K(13120K)->12771K(13120K) NonClass: 11671K(11776K)->11671K(11776K) Class: 1099K(1344K)->1099K(1344K)
[2025-12-25T07:49:09.685+0000][gc          ] GC(705) Pause Young (Normal) (G1 Evacuation Pause) 761M->149M(1024M) 14.097ms
[2025-12-25T07:49:09.685+0000][gc,cpu      ] GC(705) User=0.05s Sys=0.00s Real=0.01s
[2025-12-25T07:59:00.075+0000][gc,start    ] GC(706) Pause Young (Normal) (G1 Evacuation Pause)
[2025-12-25T07:59:00.076+0000][gc,task     ] GC(706) Using 8 workers of 8 for evacuation
[2025-12-25T07:59:00.090+0000][gc,phases   ] GC(706)   Pre Evacuate Collection Set: 2.0ms
[2025-12-25T07:59:00.090+0000][gc,phases   ] GC(706)   Merge Heap Roots: 0.4ms
[2025-12-25T07:59:00.090+0000][gc,phases   ] GC(706)   Evacuate Collection Set: 8.7ms
[2025-12-25T07:59:00.090+0000][gc,phases   ] GC(706)   Post Evacuate Collection Set: 2.5ms
[2025-12-25T07:59:00.090+0000][gc,phases   ] GC(706)   Other: 0.3ms
[2025-12-25T07:59:00.090+0000][gc,heap     ] GC(706) Eden regions: 612->0(610)
[2025-12-25T07:59:00.090+0000][gc,heap     ] GC(706) Survivor regions: 2->4(77)
[2025-12-25T07:59:00.090+0000][gc,heap     ] GC(706) Old regions: 99->99
[2025-12-25T07:59:00.091+0000][gc,heap     ] GC(706) Humongous regions: 49->49
[2025-12-25T07:59:00.091+0000][gc,metaspace] GC(706) Metaspace: 12776K(13184K)->12776K(13184K) NonClass: 11676K(11840K)->11676K(11840K) Class: 1099K(1344K)->1099K(1344K)
[2025-12-25T07:59:00.091+0000][gc          ] GC(706) Pause Young (Normal) (G1 Evacuation Pause) 761M->151M(1024M) 15.512ms
[2025-12-25T07:59:00.091+0000][gc,cpu      ] GC(706) User=0.08s Sys=0.00s Real=0.02s
