[2025-12-24T11:34:28.953+0000][gc,init] CardTable entry size: 512
[2025-12-24T11:34:28.953+0000][gc     ] Using G1
[2025-12-24T11:34:28.959+0000][gc,init] Version: 21.0.4+7-LTS (release)
[2025-12-24T11:34:28.960+0000][gc,init] CPUs: 8 total, 8 available
[2025-12-24T11:34:28.960+0000][gc,init] Memory: 13709M
[2025-12-24T11:34:28.961+0000][gc,init] Large Page Support: Disabled
[2025-12-24T11:34:28.961+0000][gc,init] NUMA Support: Disabled
[2025-12-24T11:34:28.961+0000][gc,init] Compressed Oops: Enabled (32-bit)
[2025-12-24T11:34:28.961+0000][gc,init] Heap Region Size: 1M
[2025-12-24T11:34:28.962+0000][gc,init] Heap Min Capacity: 1G
[2025-12-24T11:34:28.962+0000][gc,init] Heap Initial Capacity: 1G
[2025-12-24T11:34:28.962+0000][gc,init] Heap Max Capacity: 1G
[2025-12-24T11:34:28.962+0000][gc,init] Pre-touch: Disabled
[2025-12-24T11:34:28.962+0000][gc,init] Parallel Workers: 8
[2025-12-24T11:34:28.963+0000][gc,init] Concurrent Workers: 2
[2025-12-24T11:34:28.963+0000][gc,init] Concurrent Refinement Workers: 8
[2025-12-24T11:34:28.963+0000][gc,init] Periodic GC: Disabled
[2025-12-24T11:34:29.049+0000][gc,metaspace] CDS archive(s) mapped at: [0x0000005800000000-0x0000005800bd0000-0x00000058036b0000), size 57344000, SharedBaseAddress: 0x0000005800000000, ArchiveRelocationMode: 1.
[2025-12-24T11:34:29.053+0000][gc,metaspace] Compressed class space mapped at: 0x0000005804000000-0x0000005844000000, reserved size: 1073741824
[2025-12-24T11:34:29.054+0000][gc,metaspace] Narrow klass base: 0x0000005800000000, Narrow klass shift: 0, Narrow klass range: 0x100000000
[2025-12-24T11:34:33.776+0000][gc,start    ] GC(0) Pause Young (Normal) (G1 Evacuation Pause)
[2025-12-24T11:34:33.782+0000][gc,task     ] GC(0) Using 8 workers of 8 for evacuation
[2025-12-24T11:34:33.930+0000][gc,phases   ] GC(0)   Pre Evacuate Collection Set: 1.3ms
[2025-12-24T11:34:33.931+0000][gc,phases   ] GC(0)   Merge Heap Roots: 0.1ms
[2025-12-24T11:34:33.931+0000][gc,phases   ] GC(0)   Evacuate Collection Set: 143.9ms
[2025-12-24T11:34:33.931+0000][gc,phases   ] GC(0)   Post Evacuate Collection Set: 2.6ms
[2025-12-24T11:34:33.931+0000][gc,phases   ] GC(0)   Other: 4.6ms
[2025-12-24T11:34:33.931+0000][gc,heap     ] GC(0) Eden regions: 51->0(44)
[2025-12-24T11:34:33.931+0000][gc,heap     ] GC(0) Survivor regions: 0->7(7)
[2025-12-24T11:34:33.931+0000][gc,heap     ] GC(0) Old regions: 1->6
[2025-12-24T11:34:33.931+0000][gc,heap     ] GC(0) Humongous regions: 0->0
[2025-12-24T11:34:33.931+0000][gc,metaspace] GC(0) Metaspace: 5263K(5440K)->5263K(5440K) NonClass: 4647K(4736K)->4647K(4736K) Class: 616K(704K)->616K(704K)
[2025-12-24T11:34:33.932+0000][gc          ] GC(0) Pause Young (Normal) (G1 Evacuation Pause) 51M->12M(1024M) 155.652ms
[2025-12-24T11:34:33.936+0000][gc,cpu      ] GC(0) User=0.09s Sys=0.09s Real=0.16s
[2025-12-24T11:34:40.259+0000][gc,start    ] GC(1) Pause Young (Normal) (G1 Evacuation Pause)
[2025-12-24T11:34:40.260+0000][gc,task     ] GC(1) Using 8 workers of 8 for evacuation
[2025-12-24T11:34:40.283+0000][gc,phases   ] GC(1)   Pre Evacuate Collection Set: 1.5ms
[2025-12-24T11:34:40.283+0000][gc,phases   ] GC(1)   Merge Heap Roots: 0.1ms
[2025-12-24T11:34:40.283+0000][gc,phases   ] GC(1)   Evacuate Collection Set: 20.8ms
[2025-12-24T11:34:40.283+0000][gc,phases   ] GC(1)   Post Evacuate Collection Set: 0.6ms
[2025-12-24T11:34:40.283+0000][gc,phases   ] GC(1)   Other: 0.3ms
[2025-12-24T11:34:40.283+0000][gc,heap     ] GC(1) Eden regions: 44->0(48)
[2025-12-24T11:34:40.283+0000][gc,heap     ] GC(1) Survivor regions: 7->3(7)
[2025-12-24T11:34:40.283+0000][gc,heap     ] GC(1) Old regions: 6->14
[2025-12-24T11:34:40.283+0000][gc,heap     ] GC(1) Humongous regions: 2->2
[2025-12-24T11:34:40.284+0000][gc,metaspace] GC(1) Metaspace: 6534K(6784K)->6534K(6784K) NonClass: 5783K(5888K)->5783K(5888K) Class: 751K(896K)->751K(896K)
[2025-12-24T11:34:40.284+0000][gc          ] GC(1) Pause Young (Normal) (G1 Evacuation Pause) 58M->18M(1024M) 24.288ms
[2025-12-24T11:34:40.284+0000][gc,cpu      ] GC(1) User=0.05s Sys=0.07s Real=0.02s
[2025-12-24T11:34:40.702+0000][gc,start    ] GC(2) Pause Young (Normal) (G1 Evacuation Pause)
[2025-12-24T11:34:40.703+0000][gc,task     ] GC(2) Using 8 workers of 8 for evacuation
[2025-12-24T11:34:40.717+0000][gc,phases   ] GC(2)   Pre Evacuate Collection Set: 1.1ms
[2025-12-24T11:34:40.718+0000][gc,phases   ] GC(2)   Merge Heap Roots: 0.1ms
[2025-12-24T11:34:40.718+0000][gc,phases   ] GC(2)   Evacuate Collection Set: 8.6ms
[2025-12-24T11:34:40.718+0000][gc,phases   ] GC(2)   Post Evacuate Collection Set: 1.0ms
[2025-12-24T11:34:40.718+0000][gc,phases   ] GC(2)   Other: 2.9ms
[2025-12-24T11:34:40.718+0000][gc,heap     ] GC(2) Eden regions: 53->0(531)
[2025-12-24T11:34:40.719+0000][gc,heap     ] GC(2) Survivor regions: 3->4(7)
[2025-12-24T11:34:40.719+0000][gc,heap     ] GC(2) Old regions: 14->14
[2025-12-24T11:34:40.719+0000][gc,heap     ] GC(2) Humongous regions: 2->2
[2025-12-24T11:34:40.719+0000][gc,metaspace] GC(2) Metaspace: 7680K(7936K)->7680K(7936K) NonClass: 6777K(6912K)->6777K(6912K) Class: 902K(1024K)->902K(1024K)
[2025-12-24T11:34:40.719+0000][gc          ] GC(2) Pause Young (Normal) (G1 Evacuation Pause) 71M->19M(1024M) 16.947ms
[2025-12-24T11:34:40.719+0000][gc,cpu      ] GC(2) User=0.03s Sys=0.00s Real=0.02s
[2025-12-24T11:35:40.062+0000][gc,start    ] GC(3) Pause Young (Normal) (G1 Evacuation Pause)
[2025-12-24T11:35:40.062+0000][gc,task     ] GC(3) Using 8 workers of 8 for evacuation
[2025-12-24T11:35:40.069+0000][gc,phases   ] GC(3)   Pre Evacuate Collection Set: 1.0ms
[2025-12-24T11:35:40.069+0000][gc,phases   ] GC(3)   Merge Heap Roots: 0.1ms
[2025-12-24T11:35:40.069+0000][gc,phases   ] GC(3)   Evacuate Collection Set: 4.2ms
[2025-12-24T11:35:40.069+0000][gc,phases   ] GC(3)   Post Evacuate Collection Set: 0.9ms
[2025-12-24T11:35:40.069+0000][gc,phases   ] GC(3)   Other: 0.2ms
[2025-12-24T11:35:40.069+0000][gc,heap     ] GC(3) Eden regions: 575->0(610)
[2025-12-24T11:35:40.069+0000][gc,heap     ] GC(3) Survivor regions: 4->4(73)
[2025-12-24T11:35:40.069+0000][gc,heap     ] GC(3) Old regions: 14->14
[2025-12-24T11:35:40.069+0000][gc,heap     ] GC(3) Humongous regions: 2->2
[2025-12-24T11:35:40.069+0000][gc,metaspace] GC(3) Metaspace: 8967K(9280K)->8967K(9280K) NonClass: 8008K(8192K)->8008K(8192K) Class: 958K(1088K)->958K(1088K)
[2025-12-24T11:35:40.069+0000][gc          ] GC(3) Pause Young (Normal) (G1 Evacuation Pause) 594M->19M(1024M) 7.533ms
[2025-12-24T11:35:40.069+0000][gc,cpu      ] GC(3) User=0.04s Sys=0.00s Real=0.01s
[2025-12-24T11:36:30.313+0000][gc,start    ] GC(4) Pause Young (Normal) (G1 Evacuation Pause)
[2025-12-24T11:36:30.314+0000][gc,task     ] GC(4) Using 8 workers of 8 for evacuation
[2025-12-24T11:36:30.328+0000][gc,phases   ] GC(4)   Pre Evacuate Collection Set: 0.9ms
[2025-12-24T11:36:30.328+0000][gc,phases   ] GC(4)   Merge Heap Roots: 0.2ms
[2025-12-24T11:36:30.328+0000][gc,phases   ] GC(4)   Evacuate Collection Set: 11.5ms
[2025-12-24T11:36:30.328+0000][gc,phases   ] GC(4)   Post Evacuate Collection Set: 1.3ms
[2025-12-24T11:36:30.328+0000][gc,phases   ] GC(4)   Other: 0.2ms
[2025-12-24T11:36:30.328+0000][gc,heap     ] GC(4) Eden regions: 610->0(609)
[2025-12-24T11:36:30.328+0000][gc,heap     ] GC(4) Survivor regions: 4->5(77)
[2025-12-24T11:36:30.328+0000][gc,heap     ] GC(4) Old regions: 14->14
[2025-12-24T11:36:30.328+0000][gc,heap     ] GC(4) Humongous regions: 2->2
[2025-12-24T11:36:30.328+0000][gc,metaspace] GC(4) Metaspace: 9276K(9600K)->9276K(9600K) NonClass: 8312K(8448K)->8312K(8448K) Class: 963K(1152K)->963K(1152K)
[2025-12-24T11:36:30.328+0000][gc          ] GC(4) Pause Young (Normal) (G1 Evacuation Pause) 629M->20M(1024M) 15.102ms
[2025-12-24T11:36:30.328+0000][gc,cpu      ] GC(4) User=0.06s Sys=0.02s Real=0.01s
[2025-12-24T11:37:30.201+0000][gc,start    ] GC(5) Pause Young (Normal) (G1 Evacuation Pause)
[2025-12-24T11:37:30.202+0000][gc,task     ] GC(5) Using 8 workers of 8 for evacuation
[2025-12-24T11:37:30.209+0000][gc,phases   ] GC(5)   Pre Evacuate Collection Set: 1.1ms
[2025-12-24T11:37:30.209+0000][gc,phases   ] GC(5)   Merge Heap Roots: 0.2ms
[2025-12-24T11:37:30.209+0000][gc,phases   ] GC(5)   Evacuate Collection Set: 4.6ms
[2025-12-24T11:37:30.209+0000][gc,phases   ] GC(5)   Post Evacuate Collection Set: 1.1ms
[2025-12-24T11:37:30.209+0000][gc,phases   ] GC(5)   Other: 0.2ms
[2025-12-24T11:37:30.210+0000][gc,heap     ] GC(5) Eden regions: 609->0(609)
[2025-12-24T11:37:30.210+0000][gc,heap     ] GC(5) Survivor regions: 5->5(77)
[2025-12-24T11:37:30.210+0000][gc,heap     ] GC(5) Old regions: 14->14
[2025-12-24T11:37:30.210+0000][gc,heap     ] GC(5) Humongous regions: 2->2
[2025-12-24T11:37:30.210+0000][gc,metaspace] GC(5) Metaspace: 9561K(9856K)->9561K(9856K) NonClass: 8590K(8704K)->8590K(8704K) Class: 971K(1152K)->971K(1152K)
[2025-12-24T11:37:30.210+0000][gc          ] GC(5) Pause Young (Normal) (G1 Evacuation Pause) 629M->20M(1024M) 9.244ms
[2025-12-24T11:37:30.210+0000][gc,cpu      ] GC(5) User=0.05s Sys=0.00s Real=0.00s
[2025-12-24T11:38:30.157+0000][gc,start    ] GC(6) Pause Young (Normal) (G1 Evacuation Pause)
[2025-12-24T11:38:30.159+0000][gc,task     ] GC(6) Using 8 workers of 8 for evacuation
[2025-12-24T11:38:30.166+0000][gc,phases   ] GC(6)   Pre Evacuate Collection Set: 1.2ms
[2025-12-24T11:38:30.166+0000][gc,phases   ] GC(6)   Merge Heap Roots: 0.2ms
[2025-12-24T11:38:30.166+0000][gc,phases   ] GC(6)   Evacuate Collection Set: 4.9ms
[2025-12-24T11:38:30.167+0000][gc,phases   ] GC(6)   Post Evacuate Collection Set: 1.2ms
[2025-12-24T11:38:30.167+0000][gc,phases   ] GC(6)   Other: 0.2ms
[2025-12-24T11:38:30.167+0000][gc,heap     ] GC(6) Eden regions: 609->0(610)
[2025-12-24T11:38:30.167+0000][gc,heap     ] GC(6) Survivor regions: 5->4(77)
[2025-12-24T11:38:30.167+0000][gc,heap     ] GC(6) Old regions: 14->14
[2025-12-24T11:38:30.167+0000][gc,heap     ] GC(6) Humongous regions: 2->2
[2025-12-24T11:38:30.167+0000][gc,metaspace] GC(6) Metaspace: 9732K(10048K)->9732K(10048K) NonClass: 8759K(8896K)->8759K(8896K) Class: 972K(1152K)->972K(1152K)
[2025-12-24T11:38:30.167+0000][gc          ] GC(6) Pause Young (Normal) (G1 Evacuation Pause) 629M->19M(1024M) 9.513ms
[2025-12-24T11:38:30.167+0000][gc,cpu      ] GC(6) User=0.05s Sys=0.00s Real=0.01s
[2025-12-24T11:39:30.083+0000][gc,start    ] GC(7) Pause Young (Normal) (G1 Evacuation Pause)
[2025-12-24T11:39:30.084+0000][gc,task     ] GC(7) Using 8 workers of 8 for evacuation
[2025-12-24T11:39:30.098+0000][gc,phases   ] GC(7)   Pre Evacuate Collection Set: 1.2ms
[2025-12-24T11:39:30.098+0000][gc,phases   ] GC(7)   Merge Heap Roots: 0.1ms
[2025-12-24T11:39:30.098+0000][gc,phases   ] GC(7)   Evacuate Collection Set: 11.3ms
[2025-12-24T11:39:30.098+0000][gc,phases   ] GC(7)   Post Evacuate Collection Set: 1.3ms
[2025-12-24T11:39:30.098+0000][gc,phases   ] GC(7)   Other: 0.2ms
[2025-12-24T11:39:30.098+0000][gc,heap     ] GC(7) Eden regions: 610->0(610)
[2025-12-24T11:39:30.098+0000][gc,heap     ] GC(7) Survivor regions: 4->4(77)
[2025-12-24T11:39:30.098+0000][gc,heap     ] GC(7) Old regions: 14->14
[2025-12-24T11:39:30.099+0000][gc,heap     ] GC(7) Humongous regions: 2->2
[2025-12-24T11:39:30.099+0000][gc,metaspace] GC(7) Metaspace: 9924K(10304K)->9924K(10304K) NonClass: 8950K(9152K)->8950K(9152K) Class: 974K(1152K)->974K(1152K)
[2025-12-24T11:39:30.099+0000][gc          ] GC(7) Pause Young (Normal) (G1 Evacuation Pause) 629M->19M(1024M) 16.058ms
[2025-12-24T11:39:30.099+0000][gc,cpu      ] GC(7) User=0.07s Sys=0.00s Real=0.02s
[2025-12-24T11:40:29.996+0000][gc,start    ] GC(8) Pause Young (Normal) (G1 Evacuation Pause)
[2025-12-24T11:40:29.997+0000][gc,task     ] GC(8) Using 8 workers of 8 for evacuation
[2025-12-24T11:40:30.018+0000][gc,phases   ] GC(8)   Pre Evacuate Collection Set: 2.4ms
[2025-12-24T11:40:30.018+0000][gc,phases   ] GC(8)   Merge Heap Roots: 0.3ms
[2025-12-24T11:40:30.019+0000][gc,phases   ] GC(8)   Evacuate Collection Set: 13.7ms
[2025-12-24T11:40:30.019+0000][gc,phases   ] GC(8)   Post Evacuate Collection Set: 4.1ms
[2025-12-24T11:40:30.019+0000][gc,phases   ] GC(8)   Other: 0.7ms
[2025-12-24T11:40:30.019+0000][gc,heap     ] GC(8) Eden regions: 610->0(610)
[2025-12-24T11:40:30.019+0000][gc,heap     ] GC(8) Survivor regions: 4->4(77)
[2025-12-24T11:40:30.019+0000][gc,heap     ] GC(8) Old regions: 14->14
[2025-12-24T11:40:30.020+0000][gc,heap     ] GC(8) Humongous regions: 2->2
[2025-12-24T11:40:30.020+0000][gc,metaspace] GC(8) Metaspace: 10003K(10304K)->10003K(10304K) NonClass: 9026K(9152K)->9026K(9152K) Class: 976K(1152K)->976K(1152K)
[2025-12-24T11:40:30.020+0000][gc          ] GC(8) Pause Young (Normal) (G1 Evacuation Pause) 629M->19M(1024M) 24.096ms
[2025-12-24T11:40:30.021+0000][gc,cpu      ] GC(8) User=0.11s Sys=0.01s Real=0.02s
[2025-12-24T11:41:20.305+0000][gc,start    ] GC(9) Pause Young (Normal) (G1 Evacuation Pause)
[2025-12-24T11:41:20.306+0000][gc,task     ] GC(9) Using 8 workers of 8 for evacuation
[2025-12-24T11:41:20.320+0000][gc,phases   ] GC(9)   Pre Evacuate Collection Set: 2.0ms
[2025-12-24T11:41:20.320+0000][gc,phases   ] GC(9)   Merge Heap Roots: 0.4ms
[2025-12-24T11:41:20.320+0000][gc,phases   ] GC(9)   Evacuate Collection Set: 10.4ms
[2025-12-24T11:41:20.320+0000][gc,phases   ] GC(9)   Post Evacuate Collection Set: 1.6ms
[2025-12-24T11:41:20.320+0000][gc,phases   ] GC(9)   Other: 0.3ms
[2025-12-24T11:41:20.321+0000][gc,heap     ] GC(9) Eden regions: 610->0(609)
[2025-12-24T11:41:20.321+0000][gc,heap     ] GC(9) Survivor regions: 4->5(77)
[2025-12-24T11:41:20.321+0000][gc,heap     ] GC(9) Old regions: 14->14
[2025-12-24T11:41:20.321+0000][gc,heap     ] GC(9) Humongous regions: 2->2
[2025-12-24T11:41:20.321+0000][gc,metaspace] GC(9) Metaspace: 10046K(10368K)->10046K(10368K) NonClass: 9069K(9216K)->9069K(9216K) Class: 976K(1152K)->976K(1152K)
[2025-12-24T11:41:20.321+0000][gc          ] GC(9) Pause Young (Normal) (G1 Evacuation Pause) 629M->20M(1024M) 15.911ms
[2025-12-24T11:41:20.321+0000][gc,cpu      ] GC(9) User=0.10s Sys=0.00s Real=0.02s
[2025-12-24T11:42:20.223+0000][gc,start    ] GC(10) Pause Young (Normal) (G1 Evacuation Pause)
[2025-12-24T11:42:20.223+0000][gc,task     ] GC(10) Using 8 workers of 8 for evacuation
[2025-12-24T11:42:20.239+0000][gc,phases   ] GC(10)   Pre Evacuate Collection Set: 3.2ms
[2025-12-24T11:42:20.239+0000][gc,phases   ] GC(10)   Merge Heap Roots: 0.5ms
[2025-12-24T11:42:20.239+0000][gc,phases   ] GC(10)   Evacuate Collection Set: 10.3ms
[2025-12-24T11:42:20.239+0000][gc,phases   ] GC(10)   Post Evacuate Collection Set: 1.2ms
[2025-12-24T11:42:20.239+0000][gc,phases   ] GC(10)   Other: 0.2ms
[2025-12-24T11:42:20.239+0000][gc,heap     ] GC(10) Eden regions: 609->0(609)
[2025-12-24T11:42:20.239+0000][gc,heap     ] GC(10) Survivor regions: 5->5(77)
[2025-12-24T11:42:20.239+0000][gc,heap     ] GC(10) Old regions: 14->14
[2025-12-24T11:42:20.240+0000][gc,heap     ] GC(10) Humongous regions: 2->2
[2025-12-24T11:42:20.240+0000][gc,metaspace] GC(10) Metaspace: 10077K(10432K)->10077K(10432K) NonClass: 9098K(9280K)->9098K(9280K) Class: 978K(1152K)->978K(1152K)
[2025-12-24T11:42:20.240+0000][gc          ] GC(10) Pause Young (Normal) (G1 Evacuation Pause) 629M->20M(1024M) 16.644ms
[2025-12-24T11:42:20.240+0000][gc,cpu      ] GC(10) User=0.11s Sys=0.00s Real=0.02s
[2025-12-24T11:43:20.158+0000][gc,start    ] GC(11) Pause Young (Normal) (G1 Evacuation Pause)
[2025-12-24T11:43:20.159+0000][gc,task     ] GC(11) Using 8 workers of 8 for evacuation
[2025-12-24T11:43:20.177+0000][gc,phases   ] GC(11)   Pre Evacuate Collection Set: 1.0ms
[2025-12-24T11:43:20.177+0000][gc,phases   ] GC(11)   Merge Heap Roots: 0.2ms
[2025-12-24T11:43:20.177+0000][gc,phases   ] GC(11)   Evacuate Collection Set: 15.4ms
[2025-12-24T11:43:20.177+0000][gc,phases   ] GC(11)   Post Evacuate Collection Set: 1.1ms
[2025-12-24T11:43:20.177+0000][gc,phases   ] GC(11)   Other: 0.2ms
[2025-12-24T11:43:20.177+0000][gc,heap     ] GC(11) Eden regions: 609->0(609)
[2025-12-24T11:43:20.177+0000][gc,heap     ] GC(11) Survivor regions: 5->5(77)
[2025-12-24T11:43:20.177+0000][gc,heap     ] GC(11) Old regions: 14->14
[2025-12-24T11:43:20.177+0000][gc,heap     ] GC(11) Humongous regions: 2->2
[2025-12-24T11:43:20.177+0000][gc,metaspace] GC(11) Metaspace: 10110K(10432K)->10110K(10432K) NonClass: 9132K(9280K)->9132K(9280K) Class: 978K(1152K)->978K(1152K)
[2025-12-24T11:43:20.177+0000][gc          ] GC(11) Pause Young (Normal) (G1 Evacuation Pause) 629M->20M(1024M) 19.647ms
[2025-12-24T11:43:20.178+0000][gc,cpu      ] GC(11) User=0.10s Sys=0.01s Real=0.02s
[2025-12-24T11:44:20.139+0000][gc,start    ] GC(12) Pause Young (Normal) (G1 Evacuation Pause)
[2025-12-24T11:44:20.139+0000][gc,task     ] GC(12) Using 8 workers of 8 for evacuation
[2025-12-24T11:44:20.157+0000][gc,phases   ] GC(12)   Pre Evacuate Collection Set: 1.1ms
[2025-12-24T11:44:20.157+0000][gc,phases   ] GC(12)   Merge Heap Roots: 0.2ms
[2025-12-24T11:44:20.157+0000][gc,phases   ] GC(12)   Evacuate Collection Set: 14.7ms
[2025-12-24T11:44:20.157+0000][gc,phases   ] GC(12)   Post Evacuate Collection Set: 1.7ms
[2025-12-24T11:44:20.157+0000][gc,phases   ] GC(12)   Other: 0.2ms
[2025-12-24T11:44:20.157+0000][gc,heap     ] GC(12) Eden regions: 609->0(609)
[2025-12-24T11:44:20.157+0000][gc,heap     ] GC(12) Survivor regions: 5->5(77)
[2025-12-24T11:44:20.157+0000][gc,heap     ] GC(12) Old regions: 14->14
[2025-12-24T11:44:20.157+0000][gc,heap     ] GC(12) Humongous regions: 2->2
[2025-12-24T11:44:20.157+0000][gc,metaspace] GC(12) Metaspace: 10125K(10432K)->10125K(10432K) NonClass: 9147K(9280K)->9147K(9280K) Class: 978K(1152K)->978K(1152K)
[2025-12-24T11:44:20.157+0000][gc          ] GC(12) Pause Young (Normal) (G1 Evacuation Pause) 629M->20M(1024M) 18.984ms
[2025-12-24T11:44:20.158+0000][gc,cpu      ] GC(12) User=0.12s Sys=0.01s Real=0.02s
[2025-12-24T11:45:20.058+0000][gc,start    ] GC(13) Pause Young (Normal) (G1 Evacuation Pause)
[2025-12-24T11:45:20.058+0000][gc,task     ] GC(13) Using 8 workers of 8 for evacuation
[2025-12-24T11:45:20.066+0000][gc,phases   ] GC(13)   Pre Evacuate Collection Set: 1.1ms
[2025-12-24T11:45:20.066+0000][gc,phases   ] GC(13)   Merge Heap Roots: 0.2ms
[2025-12-24T11:45:20.066+0000][gc,phases   ] GC(13)   Evacuate Collection Set: 5.3ms
[2025-12-24T11:45:20.066+0000][gc,phases   ] GC(13)   Post Evacuate Collection Set: 1.2ms
[2025-12-24T11:45:20.066+0000][gc,phases   ] GC(13)   Other: 0.1ms
[2025-12-24T11:45:20.066+0000][gc,heap     ] GC(13) Eden regions: 609->0(609)
[2025-12-24T11:45:20.066+0000][gc,heap     ] GC(13) Survivor regions: 5->5(77)
[2025-12-24T11:45:20.066+0000][gc,heap     ] GC(13) Old regions: 14->14
[2025-12-24T11:45:20.066+0000][gc,heap     ] GC(13) Humongous regions: 2->2
[2025-12-24T11:45:20.067+0000][gc,metaspace] GC(13) Metaspace: 10229K(10560K)->10229K(10560K) NonClass: 9240K(9408K)->9240K(9408K) Class: 989K(1152K)->989K(1152K)
[2025-12-24T11:45:20.067+0000][gc          ] GC(13) Pause Young (Normal) (G1 Evacuation Pause) 629M->20M(1024M) 8.989ms
[2025-12-24T11:45:20.067+0000][gc,cpu      ] GC(13) User=0.05s Sys=0.00s Real=0.01s
[2025-12-24T11:46:19.984+0000][gc,start    ] GC(14) Pause Young (Normal) (G1 Evacuation Pause)
[2025-12-24T11:46:19.985+0000][gc,task     ] GC(14) Using 8 workers of 8 for evacuation
[2025-12-24T11:46:20.001+0000][gc,phases   ] GC(14)   Pre Evacuate Collection Set: 1.9ms
[2025-12-24T11:46:20.002+0000][gc,phases   ] GC(14)   Merge Heap Roots: 0.3ms
[2025-12-24T11:46:20.002+0000][gc,phases   ] GC(14)   Evacuate Collection Set: 11.2ms
[2025-12-24T11:46:20.002+0000][gc,phases   ] GC(14)   Post Evacuate Collection Set: 2.3ms
[2025-12-24T11:46:20.002+0000][gc,phases   ] GC(14)   Other: 0.5ms
[2025-12-24T11:46:20.002+0000][gc,heap     ] GC(14) Eden regions: 609->0(610)
[2025-12-24T11:46:20.002+0000][gc,heap     ] GC(14) Survivor regions: 5->4(77)
[2025-12-24T11:46:20.002+0000][gc,heap     ] GC(14) Old regions: 14->14
[2025-12-24T11:46:20.003+0000][gc,heap     ] GC(14) Humongous regions: 2->2
[2025-12-24T11:46:20.003+0000][gc,metaspace] GC(14) Metaspace: 10242K(10560K)->10242K(10560K) NonClass: 9252K(9408K)->9252K(9408K) Class: 990K(1152K)->990K(1152K)
[2025-12-24T11:46:20.003+0000][gc          ] GC(14) Pause Young (Normal) (G1 Evacuation Pause) 629M->19M(1024M) 18.866ms
[2025-12-24T11:46:20.003+0000][gc,cpu      ] GC(14) User=0.11s Sys=0.01s Real=0.02s
[2025-12-24T11:47:10.275+0000][gc,start    ] GC(15) Pause Young (Normal) (G1 Evacuation Pause)
[2025-12-24T11:47:10.275+0000][gc,task     ] GC(15) Using 8 workers of 8 for evacuation
[2025-12-24T11:47:10.288+0000][gc,phases   ] GC(15)   Pre Evacuate Collection Set: 1.2ms
[2025-12-24T11:47:10.289+0000][gc,phases   ] GC(15)   Merge Heap Roots: 0.2ms
[2025-12-24T11:47:10.289+0000][gc,phases   ] GC(15)   Evacuate Collection Set: 10.5ms
[2025-12-24T11:47:10.289+0000][gc,phases   ] GC(15)   Post Evacuate Collection Set: 1.1ms
[2025-12-24T11:47:10.289+0000][gc,phases   ] GC(15)   Other: 0.3ms
[2025-12-24T11:47:10.289+0000][gc,heap     ] GC(15) Eden regions: 610->0(609)
[2025-12-24T11:47:10.289+0000][gc,heap     ] GC(15) Survivor regions: 4->5(77)
[2025-12-24T11:47:10.289+0000][gc,heap     ] GC(15) Old regions: 14->14
[2025-12-24T11:47:10.289+0000][gc,heap     ] GC(15) Humongous regions: 2->2
[2025-12-24T11:47:10.289+0000][gc,metaspace] GC(15) Metaspace: 10248K(10560K)->10248K(10560K) NonClass: 9258K(9408K)->9258K(9408K) Class: 990K(1152K)->990K(1152K)
[2025-12-24T11:47:10.289+0000][gc          ] GC(15) Pause Young (Normal) (G1 Evacuation Pause) 629M->20M(1024M) 14.421ms
[2025-12-24T11:47:10.289+0000][gc,cpu      ] GC(15) User=0.09s Sys=0.01s Real=0.01s
[2025-12-24T11:48:10.227+0000][gc,start    ] GC(16) Pause Young (Normal) (G1 Evacuation Pause)
[2025-12-24T11:48:10.228+0000][gc,task     ] GC(16) Using 8 workers of 8 for evacuation
[2025-12-24T11:48:10.246+0000][gc,phases   ] GC(16)   Pre Evacuate Collection Set: 1.9ms
[2025-12-24T11:48:10.246+0000][gc,phases   ] GC(16)   Merge Heap Roots: 1.5ms
[2025-12-24T11:48:10.246+0000][gc,phases   ] GC(16)   Evacuate Collection Set: 13.4ms
[2025-12-24T11:48:10.246+0000][gc,phases   ] GC(16)   Post Evacuate Collection Set: 1.1ms
[2025-12-24T11:48:10.246+0000][gc,phases   ] GC(16)   Other: 0.2ms
[2025-12-24T11:48:10.246+0000][gc,heap     ] GC(16) Eden regions: 609->0(610)
[2025-12-24T11:48:10.246+0000][gc,heap     ] GC(16) Survivor regions: 5->4(77)
[2025-12-24T11:48:10.246+0000][gc,heap     ] GC(16) Old regions: 14->16
[2025-12-24T11:48:10.246+0000][gc,heap     ] GC(16) Humongous regions: 2->2
[2025-12-24T11:48:10.246+0000][gc,metaspace] GC(16) Metaspace: 10270K(10560K)->10270K(10560K) NonClass: 9279K(9408K)->9279K(9408K) Class: 990K(1152K)->990K(1152K)
[2025-12-24T11:48:10.247+0000][gc          ] GC(16) Pause Young (Normal) (G1 Evacuation Pause) 629M->20M(1024M) 19.116ms
[2025-12-24T11:48:10.247+0000][gc,cpu      ] GC(16) User=0.12s Sys=0.00s Real=0.02s
[2025-12-24T11:49:10.134+0000][gc,start    ] GC(17) Pause Young (Normal) (G1 Evacuation Pause)
[2025-12-24T11:49:10.134+0000][gc,task     ] GC(17) Using 8 workers of 8 for evacuation
[2025-12-24T11:49:10.150+0000][gc,phases   ] GC(17)   Pre Evacuate Collection Set: 1.3ms
[2025-12-24T11:49:10.150+0000][gc,phases   ] GC(17)   Merge Heap Roots: 0.2ms
[2025-12-24T11:49:10.151+0000][gc,phases   ] GC(17)   Evacuate Collection Set: 12.9ms
[2025-12-24T11:49:10.151+0000][gc,phases   ] GC(17)   Post Evacuate Collection Set: 1.2ms
[2025-12-24T11:49:10.151+0000][gc,phases   ] GC(17)   Other: 0.2ms
[2025-12-24T11:49:10.151+0000][gc,heap     ] GC(17) Eden regions: 610->0(611)
[2025-12-24T11:49:10.151+0000][gc,heap     ] GC(17) Survivor regions: 4->3(77)
[2025-12-24T11:49:10.151+0000][gc,heap     ] GC(17) Old regions: 16->17
[2025-12-24T11:49:10.151+0000][gc,heap     ] GC(17) Humongous regions: 2->2
[2025-12-24T11:49:10.151+0000][gc,metaspace] GC(17) Metaspace: 10316K(10624K)->10316K(10624K) NonClass: 9326K(9472K)->9326K(9472K) Class: 990K(1152K)->990K(1152K)
[2025-12-24T11:49:10.151+0000][gc          ] GC(17) Pause Young (Normal) (G1 Evacuation Pause) 630M->20M(1024M) 17.091ms
[2025-12-24T11:49:10.151+0000][gc,cpu      ] GC(17) User=0.11s Sys=0.01s Real=0.01s
[2025-12-24T11:50:10.148+0000][gc,start    ] GC(18) Pause Young (Normal) (G1 Evacuation Pause)
[2025-12-24T11:50:10.148+0000][gc,task     ] GC(18) Using 8 workers of 8 for evacuation
[2025-12-24T11:50:10.157+0000][gc,phases   ] GC(18)   Pre Evacuate Collection Set: 1.0ms
[2025-12-24T11:50:10.157+0000][gc,phases   ] GC(18)   Merge Heap Roots: 0.1ms
[2025-12-24T11:50:10.158+0000][gc,phases   ] GC(18)   Evacuate Collection Set: 6.8ms
[2025-12-24T11:50:10.158+0000][gc,phases   ] GC(18)   Post Evacuate Collection Set: 1.1ms
[2025-12-24T11:50:10.158+0000][gc,phases   ] GC(18)   Other: 0.2ms
[2025-12-24T11:50:10.158+0000][gc,heap     ] GC(18) Eden regions: 611->0(612)
[2025-12-24T11:50:10.158+0000][gc,heap     ] GC(18) Survivor regions: 3->2(77)
[2025-12-24T11:50:10.158+0000][gc,heap     ] GC(18) Old regions: 17->18
[2025-12-24T11:50:10.158+0000][gc,heap     ] GC(18) Humongous regions: 2->2
[2025-12-24T11:50:10.158+0000][gc,metaspace] GC(18) Metaspace: 10324K(10624K)->10324K(10624K) NonClass: 9333K(9472K)->9333K(9472K) Class: 991K(1152K)->991K(1152K)
[2025-12-24T11:50:10.158+0000][gc          ] GC(18) Pause Young (Normal) (G1 Evacuation Pause) 631M->20M(1024M) 10.419ms
[2025-12-24T11:50:10.158+0000][gc,cpu      ] GC(18) User=0.06s Sys=0.00s Real=0.01s
[2025-12-24T11:51:10.112+0000][gc,start    ] GC(19) Pause Young (Normal) (G1 Evacuation Pause)
[2025-12-24T11:51:10.113+0000][gc,task     ] GC(19) Using 8 workers of 8 for evacuation
[2025-12-24T11:51:10.118+0000][gc,phases   ] GC(19)   Pre Evacuate Collection Set: 1.0ms
[2025-12-24T11:51:10.118+0000][gc,phases   ] GC(19)   Merge Heap Roots: 0.1ms
[2025-12-24T11:51:10.118+0000][gc,phases   ] GC(19)   Evacuate Collection Set: 2.6ms
[2025-12-24T11:51:10.118+0000][gc,phases   ] GC(19)   Post Evacuate Collection Set: 1.0ms
[2025-12-24T11:51:10.118+0000][gc,phases   ] GC(19)   Other: 0.1ms
[2025-12-24T11:51:10.118+0000][gc,heap     ] GC(19) Eden regions: 612->0(613)
[2025-12-24T11:51:10.118+0000][gc,heap     ] GC(19) Survivor regions: 2->1(77)
[2025-12-24T11:51:10.118+0000][gc,heap     ] GC(19) Old regions: 18->18
[2025-12-24T11:51:10.118+0000][gc,heap     ] GC(19) Humongous regions: 2->2
[2025-12-24T11:51:10.118+0000][gc,metaspace] GC(19) Metaspace: 10350K(10688K)->10350K(10688K) NonClass: 9359K(9536K)->9359K(9536K) Class: 991K(1152K)->991K(1152K)
[2025-12-24T11:51:10.118+0000][gc          ] GC(19) Pause Young (Normal) (G1 Evacuation Pause) 632M->20M(1024M) 5.809ms
[2025-12-24T11:51:10.118+0000][gc,cpu      ] GC(19) User=0.03s Sys=0.00s Real=0.01s
[2025-12-24T11:52:10.041+0000][gc,start    ] GC(20) Pause Young (Normal) (G1 Evacuation Pause)
[2025-12-24T11:52:10.041+0000][gc,task     ] GC(20) Using 8 workers of 8 for evacuation
[2025-12-24T11:52:10.045+0000][gc,phases   ] GC(20)   Pre Evacuate Collection Set: 1.0ms
[2025-12-24T11:52:10.046+0000][gc,phases   ] GC(20)   Merge Heap Roots: 0.2ms
[2025-12-24T11:52:10.046+0000][gc,phases   ] GC(20)   Evacuate Collection Set: 1.8ms
[2025-12-24T11:52:10.046+0000][gc,phases   ] GC(20)   Post Evacuate Collection Set: 1.0ms
[2025-12-24T11:52:10.046+0000][gc,phases   ] GC(20)   Other: 0.1ms
[2025-12-24T11:52:10.046+0000][gc,heap     ] GC(20) Eden regions: 613->0(613)
[2025-12-24T11:52:10.046+0000][gc,heap     ] GC(20) Survivor regions: 1->1(77)
[2025-12-24T11:52:10.046+0000][gc,heap     ] GC(20) Old regions: 18->18
[2025-12-24T11:52:10.046+0000][gc,heap     ] GC(20) Humongous regions: 2->2
[2025-12-24T11:52:10.046+0000][gc,metaspace] GC(20) Metaspace: 10381K(10752K)->10381K(10752K) NonClass: 9389K(9600K)->9389K(9600K) Class: 991K(1152K)->991K(1152K)
[2025-12-24T11:52:10.046+0000][gc          ] GC(20) Pause Young (Normal) (G1 Evacuation Pause) 633M->19M(1024M) 4.856ms
[2025-12-24T11:52:10.046+0000][gc,cpu      ] GC(20) User=0.02s Sys=0.00s Real=0.00s
[2025-12-24T11:53:10.008+0000][gc,start    ] GC(21) Pause Young (Normal) (G1 Evacuation Pause)
[2025-12-24T11:53:10.009+0000][gc,task     ] GC(21) Using 8 workers of 8 for evacuation
[2025-12-24T11:53:10.016+0000][gc,phases   ] GC(21)   Pre Evacuate Collection Set: 1.8ms
[2025-12-24T11:53:10.016+0000][gc,phases   ] GC(21)   Merge Heap Roots: 0.3ms
[2025-12-24T11:53:10.016+0000][gc,phases   ] GC(21)   Evacuate Collection Set: 3.2ms
[2025-12-24T11:53:10.016+0000][gc,phases   ] GC(21)   Post Evacuate Collection Set: 1.5ms
[2025-12-24T11:53:10.017+0000][gc,phases   ] GC(21)   Other: 0.3ms
[2025-12-24T11:53:10.017+0000][gc,heap     ] GC(21) Eden regions: 613->0(613)
[2025-12-24T11:53:10.017+0000][gc,heap     ] GC(21) Survivor regions: 1->1(77)
[2025-12-24T11:53:10.017+0000][gc,heap     ] GC(21) Old regions: 18->18
[2025-12-24T11:53:10.017+0000][gc,heap     ] GC(21) Humongous regions: 2->2
[2025-12-24T11:53:10.017+0000][gc,metaspace] GC(21) Metaspace: 10389K(10752K)->10389K(10752K) NonClass: 9397K(9600K)->9397K(9600K) Class: 991K(1152K)->991K(1152K)
[2025-12-24T11:53:10.017+0000][gc          ] GC(21) Pause Young (Normal) (G1 Evacuation Pause) 632M->19M(1024M) 8.994ms
[2025-12-24T11:53:10.017+0000][gc,cpu      ] GC(21) User=0.03s Sys=0.01s Real=0.01s
[2025-12-24T11:54:00.346+0000][gc,start    ] GC(22) Pause Young (Normal) (G1 Evacuation Pause)
[2025-12-24T11:54:00.347+0000][gc,task     ] GC(22) Using 8 workers of 8 for evacuation
[2025-12-24T11:54:00.352+0000][gc,phases   ] GC(22)   Pre Evacuate Collection Set: 1.3ms
[2025-12-24T11:54:00.352+0000][gc,phases   ] GC(22)   Merge Heap Roots: 0.2ms
[2025-12-24T11:54:00.352+0000][gc,phases   ] GC(22)   Evacuate Collection Set: 2.4ms
[2025-12-24T11:54:00.352+0000][gc,phases   ] GC(22)   Post Evacuate Collection Set: 1.0ms
[2025-12-24T11:54:00.352+0000][gc,phases   ] GC(22)   Other: 0.2ms
[2025-12-24T11:54:00.352+0000][gc,heap     ] GC(22) Eden regions: 613->0(612)
[2025-12-24T11:54:00.353+0000][gc,heap     ] GC(22) Survivor regions: 1->2(77)
[2025-12-24T11:54:00.353+0000][gc,heap     ] GC(22) Old regions: 18->18
[2025-12-24T11:54:00.353+0000][gc,heap     ] GC(22) Humongous regions: 2->2
[2025-12-24T11:54:00.353+0000][gc,metaspace] GC(22) Metaspace: 10402K(10752K)->10402K(10752K) NonClass: 9410K(9600K)->9410K(9600K) Class: 991K(1152K)->991K(1152K)
[2025-12-24T11:54:00.353+0000][gc          ] GC(22) Pause Young (Normal) (G1 Evacuation Pause) 632M->20M(1024M) 6.344ms
[2025-12-24T11:54:00.353+0000][gc,cpu      ] GC(22) User=0.03s Sys=0.00s Real=0.01s
[2025-12-24T11:55:00.281+0000][gc,start    ] GC(23) Pause Young (Normal) (G1 Evacuation Pause)
[2025-12-24T11:55:00.282+0000][gc,task     ] GC(23) Using 8 workers of 8 for evacuation
[2025-12-24T11:55:00.287+0000][gc,phases   ] GC(23)   Pre Evacuate Collection Set: 1.3ms
[2025-12-24T11:55:00.287+0000][gc,phases   ] GC(23)   Merge Heap Roots: 0.2ms
[2025-12-24T11:55:00.287+0000][gc,phases   ] GC(23)   Evacuate Collection Set: 2.2ms
[2025-12-24T11:55:00.287+0000][gc,phases   ] GC(23)   Post Evacuate Collection Set: 1.0ms
[2025-12-24T11:55:00.287+0000][gc,phases   ] GC(23)   Other: 0.3ms
[2025-12-24T11:55:00.287+0000][gc,heap     ] GC(23) Eden regions: 612->0(612)
[2025-12-24T11:55:00.287+0000][gc,heap     ] GC(23) Survivor regions: 2->2(77)
[2025-12-24T11:55:00.287+0000][gc,heap     ] GC(23) Old regions: 18->18
[2025-12-24T11:55:00.287+0000][gc,heap     ] GC(23) Humongous regions: 2->2
[2025-12-24T11:55:00.288+0000][gc,metaspace] GC(23) Metaspace: 10428K(10752K)->10428K(10752K) NonClass: 9436K(9600K)->9436K(9600K) Class: 991K(1152K)->991K(1152K)
[2025-12-24T11:55:00.288+0000][gc          ] GC(23) Pause Young (Normal) (G1 Evacuation Pause) 632M->21M(1024M) 6.184ms
[2025-12-24T11:55:00.288+0000][gc,cpu      ] GC(23) User=0.03s Sys=0.00s Real=0.01s
[2025-12-24T11:56:00.266+0000][gc,start    ] GC(24) Pause Young (Normal) (G1 Evacuation Pause)
[2025-12-24T11:56:00.267+0000][gc,task     ] GC(24) Using 8 workers of 8 for evacuation
[2025-12-24T11:56:00.275+0000][gc,phases   ] GC(24)   Pre Evacuate Collection Set: 1.2ms
[2025-12-24T11:56:00.275+0000][gc,phases   ] GC(24)   Merge Heap Roots: 0.1ms
[2025-12-24T11:56:00.275+0000][gc,phases   ] GC(24)   Evacuate Collection Set: 4.8ms
[2025-12-24T11:56:00.275+0000][gc,phases   ] GC(24)   Post Evacuate Collection Set: 1.2ms
[2025-12-24T11:56:00.275+0000][gc,phases   ] GC(24)   Other: 0.3ms
[2025-12-24T11:56:00.275+0000][gc,heap     ] GC(24) Eden regions: 612->0(612)
[2025-12-24T11:56:00.275+0000][gc,heap     ] GC(24) Survivor regions: 2->2(77)
[2025-12-24T11:56:00.275+0000][gc,heap     ] GC(24) Old regions: 18->18
[2025-12-24T11:56:00.275+0000][gc,heap     ] GC(24) Humongous regions: 2->2
[2025-12-24T11:56:00.275+0000][gc,metaspace] GC(24) Metaspace: 10686K(11072K)->10686K(11072K) NonClass: 9658K(9856K)->9658K(9856K) Class: 1027K(1216K)->1027K(1216K)
[2025-12-24T11:56:00.275+0000][gc          ] GC(24) Pause Young (Normal) (G1 Evacuation Pause) 633M->20M(1024M) 9.133ms
[2025-12-24T11:56:00.276+0000][gc,cpu      ] GC(24) User=0.05s Sys=0.00s Real=0.01s
[2025-12-24T11:57:00.208+0000][gc,start    ] GC(25) Pause Young (Normal) (G1 Evacuation Pause)
[2025-12-24T11:57:00.208+0000][gc,task     ] GC(25) Using 8 workers of 8 for evacuation
[2025-12-24T11:57:00.214+0000][gc,phases   ] GC(25)   Pre Evacuate Collection Set: 1.3ms
[2025-12-24T11:57:00.214+0000][gc,phases   ] GC(25)   Merge Heap Roots: 0.2ms
[2025-12-24T11:57:00.214+0000][gc,phases   ] GC(25)   Evacuate Collection Set: 2.4ms
[2025-12-24T11:57:00.214+0000][gc,phases   ] GC(25)   Post Evacuate Collection Set: 1.1ms
[2025-12-24T11:57:00.214+0000][gc,phases   ] GC(25)   Other: 0.2ms
[2025-12-24T11:57:00.214+0000][gc,heap     ] GC(25) Eden regions: 612->0(612)
[2025-12-24T11:57:00.214+0000][gc,heap     ] GC(25) Survivor regions: 2->2(77)
[2025-12-24T11:57:00.214+0000][gc,heap     ] GC(25) Old regions: 18->18
[2025-12-24T11:57:00.214+0000][gc,heap     ] GC(25) Humongous regions: 2->2
[2025-12-24T11:57:00.214+0000][gc,metaspace] GC(25) Metaspace: 10691K(11072K)->10691K(11072K) NonClass: 9664K(9856K)->9664K(9856K) Class: 1027K(1216K)->1027K(1216K)
[2025-12-24T11:57:00.214+0000][gc          ] GC(25) Pause Young (Normal) (G1 Evacuation Pause) 632M->20M(1024M) 6.272ms
[2025-12-24T11:57:00.214+0000][gc,cpu      ] GC(25) User=0.03s Sys=0.00s Real=0.01s
[2025-12-24T11:58:00.168+0000][gc,start    ] GC(26) Pause Young (Normal) (G1 Evacuation Pause)
[2025-12-24T11:58:00.168+0000][gc,task     ] GC(26) Using 8 workers of 8 for evacuation
[2025-12-24T11:58:00.179+0000][gc,phases   ] GC(26)   Pre Evacuate Collection Set: 5.5ms
[2025-12-24T11:58:00.179+0000][gc,phases   ] GC(26)   Merge Heap Roots: 0.9ms
[2025-12-24T11:58:00.179+0000][gc,phases   ] GC(26)   Evacuate Collection Set: 2.6ms
[2025-12-24T11:58:00.179+0000][gc,phases   ] GC(26)   Post Evacuate Collection Set: 1.3ms
[2025-12-24T11:58:00.179+0000][gc,phases   ] GC(26)   Other: 0.5ms
[2025-12-24T11:58:00.179+0000][gc,heap     ] GC(26) Eden regions: 612->0(612)
[2025-12-24T11:58:00.179+0000][gc,heap     ] GC(26) Survivor regions: 2->2(77)
[2025-12-24T11:58:00.180+0000][gc,heap     ] GC(26) Old regions: 18->18
[2025-12-24T11:58:00.180+0000][gc,heap     ] GC(26) Humongous regions: 2->2
[2025-12-24T11:58:00.180+0000][gc,metaspace] GC(26) Metaspace: 10692K(11072K)->10692K(11072K) NonClass: 9664K(9856K)->9664K(9856K) Class: 1027K(1216K)->1027K(1216K)
[2025-12-24T11:58:00.180+0000][gc          ] GC(26) Pause Young (Normal) (G1 Evacuation Pause) 632M->20M(1024M) 12.123ms
[2025-12-24T11:58:00.180+0000][gc,cpu      ] GC(26) User=0.05s Sys=0.00s Real=0.01s
[2025-12-24T11:59:00.133+0000][gc,start    ] GC(27) Pause Young (Normal) (G1 Evacuation Pause)
[2025-12-24T11:59:00.133+0000][gc,task     ] GC(27) Using 8 workers of 8 for evacuation
[2025-12-24T11:59:00.143+0000][gc,phases   ] GC(27)   Pre Evacuate Collection Set: 3.8ms
[2025-12-24T11:59:00.143+0000][gc,phases   ] GC(27)   Merge Heap Roots: 0.7ms
[2025-12-24T11:59:00.143+0000][gc,phases   ] GC(27)   Evacuate Collection Set: 3.4ms
[2025-12-24T11:59:00.143+0000][gc,phases   ] GC(27)   Post Evacuate Collection Set: 1.3ms
[2025-12-24T11:59:00.143+0000][gc,phases   ] GC(27)   Other: 0.3ms
[2025-12-24T11:59:00.143+0000][gc,heap     ] GC(27) Eden regions: 612->0(613)
[2025-12-24T11:59:00.143+0000][gc,heap     ] GC(27) Survivor regions: 2->1(77)
[2025-12-24T11:59:00.143+0000][gc,heap     ] GC(27) Old regions: 18->18
[2025-12-24T11:59:00.143+0000][gc,heap     ] GC(27) Humongous regions: 2->2
[2025-12-24T11:59:00.143+0000][gc,metaspace] GC(27) Metaspace: 10692K(11072K)->10692K(11072K) NonClass: 9664K(9856K)->9664K(9856K) Class: 1027K(1216K)->1027K(1216K)
[2025-12-24T11:59:00.143+0000][gc          ] GC(27) Pause Young (Normal) (G1 Evacuation Pause) 632M->20M(1024M) 10.457ms
[2025-12-24T11:59:00.143+0000][gc,cpu      ] GC(27) User=0.05s Sys=0.00s Real=0.01s
[2025-12-24T12:00:00.107+0000][gc,start    ] GC(28) Pause Young (Normal) (G1 Evacuation Pause)
[2025-12-24T12:00:00.107+0000][gc,task     ] GC(28) Using 8 workers of 8 for evacuation
[2025-12-24T12:00:00.113+0000][gc,phases   ] GC(28)   Pre Evacuate Collection Set: 1.1ms
[2025-12-24T12:00:00.113+0000][gc,phases   ] GC(28)   Merge Heap Roots: 0.1ms
[2025-12-24T12:00:00.113+0000][gc,phases   ] GC(28)   Evacuate Collection Set: 3.3ms
[2025-12-24T12:00:00.113+0000][gc,phases   ] GC(28)   Post Evacuate Collection Set: 0.9ms
[2025-12-24T12:00:00.113+0000][gc,phases   ] GC(28)   Other: 0.2ms
[2025-12-24T12:00:00.113+0000][gc,heap     ] GC(28) Eden regions: 613->0(613)
[2025-12-24T12:00:00.113+0000][gc,heap     ] GC(28) Survivor regions: 1->1(77)
[2025-12-24T12:00:00.113+0000][gc,heap     ] GC(28) Old regions: 18->18
[2025-12-24T12:00:00.113+0000][gc,heap     ] GC(28) Humongous regions: 2->2
[2025-12-24T12:00:00.113+0000][gc,metaspace] GC(28) Metaspace: 10692K(11072K)->10692K(11072K) NonClass: 9664K(9856K)->9664K(9856K) Class: 1027K(1216K)->1027K(1216K)
[2025-12-24T12:00:00.113+0000][gc          ] GC(28) Pause Young (Normal) (G1 Evacuation Pause) 633M->20M(1024M) 6.639ms
[2025-12-24T12:00:00.113+0000][gc,cpu      ] GC(28) User=0.04s Sys=0.00s Real=0.01s
[2025-12-24T12:01:00.034+0000][gc,start    ] GC(29) Pause Young (Normal) (G1 Evacuation Pause)
[2025-12-24T12:01:00.035+0000][gc,task     ] GC(29) Using 8 workers of 8 for evacuation
[2025-12-24T12:01:00.050+0000][gc,phases   ] GC(29)   Pre Evacuate Collection Set: 2.0ms
[2025-12-24T12:01:00.051+0000][gc,phases   ] GC(29)   Merge Heap Roots: 0.4ms
[2025-12-24T12:01:00.051+0000][gc,phases   ] GC(29)   Evacuate Collection Set: 10.5ms
[2025-12-24T12:01:00.051+0000][gc,phases   ] GC(29)   Post Evacuate Collection Set: 2.6ms
[2025-12-24T12:01:00.051+0000][gc,phases   ] GC(29)   Other: 0.4ms
[2025-12-24T12:01:00.051+0000][gc,heap     ] GC(29) Eden regions: 613->0(613)
[2025-12-24T12:01:00.051+0000][gc,heap     ] GC(29) Survivor regions: 1->1(77)
[2025-12-24T12:01:00.051+0000][gc,heap     ] GC(29) Old regions: 18->18
[2025-12-24T12:01:00.051+0000][gc,heap     ] GC(29) Humongous regions: 2->2
[2025-12-24T12:01:00.052+0000][gc,metaspace] GC(29) Metaspace: 10692K(11072K)->10692K(11072K) NonClass: 9665K(9856K)->9665K(9856K) Class: 1027K(1216K)->1027K(1216K)
[2025-12-24T12:01:00.052+0000][gc          ] GC(29) Pause Young (Normal) (G1 Evacuation Pause) 633M->19M(1024M) 17.643ms
[2025-12-24T12:01:00.052+0000][gc,cpu      ] GC(29) User=0.10s Sys=0.00s Real=0.02s
[2025-12-24T12:01:50.301+0000][gc,start    ] GC(30) Pause Young (Normal) (G1 Evacuation Pause)
[2025-12-24T12:01:50.302+0000][gc,task     ] GC(30) Using 8 workers of 8 for evacuation
[2025-12-24T12:01:50.306+0000][gc,phases   ] GC(30)   Pre Evacuate Collection Set: 1.0ms
[2025-12-24T12:01:50.307+0000][gc,phases   ] GC(30)   Merge Heap Roots: 0.2ms
[2025-12-24T12:01:50.307+0000][gc,phases   ] GC(30)   Evacuate Collection Set: 1.9ms
[2025-12-24T12:01:50.307+0000][gc,phases   ] GC(30)   Post Evacuate Collection Set: 1.1ms
[2025-12-24T12:01:50.307+0000][gc,phases   ] GC(30)   Other: 0.1ms
[2025-12-24T12:01:50.307+0000][gc,heap     ] GC(30) Eden regions: 613->0(612)
[2025-12-24T12:01:50.307+0000][gc,heap     ] GC(30) Survivor regions: 1->2(77)
[2025-12-24T12:01:50.307+0000][gc,heap     ] GC(30) Old regions: 18->18
[2025-12-24T12:01:50.307+0000][gc,heap     ] GC(30) Humongous regions: 2->2
[2025-12-24T12:01:50.307+0000][gc,metaspace] GC(30) Metaspace: 10695K(11072K)->10695K(11072K) NonClass: 9667K(9856K)->9667K(9856K) Class: 1027K(1216K)->1027K(1216K)
[2025-12-24T12:01:50.307+0000][gc          ] GC(30) Pause Young (Normal) (G1 Evacuation Pause) 632M->21M(1024M) 5.964ms
[2025-12-24T12:01:50.307+0000][gc,cpu      ] GC(30) User=0.02s Sys=0.00s Real=0.01s
[2025-12-24T12:02:50.277+0000][gc,start    ] GC(31) Pause Young (Normal) (G1 Evacuation Pause)
[2025-12-24T12:02:50.278+0000][gc,task     ] GC(31) Using 8 workers of 8 for evacuation
[2025-12-24T12:02:50.284+0000][gc,phases   ] GC(31)   Pre Evacuate Collection Set: 3.4ms
[2025-12-24T12:02:50.285+0000][gc,phases   ] GC(31)   Merge Heap Roots: 0.1ms
[2025-12-24T12:02:50.285+0000][gc,phases   ] GC(31)   Evacuate Collection Set: 1.9ms
[2025-12-24T12:02:50.285+0000][gc,phases   ] GC(31)   Post Evacuate Collection Set: 1.2ms
[2025-12-24T12:02:50.285+0000][gc,phases   ] GC(31)   Other: 0.2ms
[2025-12-24T12:02:50.285+0000][gc,heap     ] GC(31) Eden regions: 612->0(612)
[2025-12-24T12:02:50.285+0000][gc,heap     ] GC(31) Survivor regions: 2->2(77)
[2025-12-24T12:02:50.285+0000][gc,heap     ] GC(31) Old regions: 18->18
[2025-12-24T12:02:50.285+0000][gc,heap     ] GC(31) Humongous regions: 2->2
[2025-12-24T12:02:50.285+0000][gc,metaspace] GC(31) Metaspace: 10695K(11072K)->10695K(11072K) NonClass: 9667K(9856K)->9667K(9856K) Class: 1027K(1216K)->1027K(1216K)
[2025-12-24T12:02:50.285+0000][gc          ] GC(31) Pause Young (Normal) (G1 Evacuation Pause) 633M->21M(1024M) 8.158ms
[2025-12-24T12:02:50.285+0000][gc,cpu      ] GC(31) User=0.05s Sys=0.00s Real=0.01s
[2025-12-24T12:03:50.241+0000][gc,start    ] GC(32) Pause Young (Normal) (G1 Evacuation Pause)
[2025-12-24T12:03:50.242+0000][gc,task     ] GC(32) Using 8 workers of 8 for evacuation
[2025-12-24T12:03:50.246+0000][gc,phases   ] GC(32)   Pre Evacuate Collection Set: 1.2ms
[2025-12-24T12:03:50.246+0000][gc,phases   ] GC(32)   Merge Heap Roots: 0.2ms
[2025-12-24T12:03:50.246+0000][gc,phases   ] GC(32)   Evacuate Collection Set: 1.8ms
[2025-12-24T12:03:50.246+0000][gc,phases   ] GC(32)   Post Evacuate Collection Set: 0.9ms
[2025-12-24T12:03:50.246+0000][gc,phases   ] GC(32)   Other: 0.2ms
[2025-12-24T12:03:50.246+0000][gc,heap     ] GC(32) Eden regions: 612->0(612)
[2025-12-24T12:03:50.246+0000][gc,heap     ] GC(32) Survivor regions: 2->2(77)
[2025-12-24T12:03:50.246+0000][gc,heap     ] GC(32) Old regions: 18->18
[2025-12-24T12:03:50.246+0000][gc,heap     ] GC(32) Humongous regions: 2->2
[2025-12-24T12:03:50.246+0000][gc,metaspace] GC(32) Metaspace: 10708K(11136K)->10708K(11136K) NonClass: 9681K(9920K)->9681K(9920K) Class: 1027K(1216K)->1027K(1216K)
[2025-12-24T12:03:50.246+0000][gc          ] GC(32) Pause Young (Normal) (G1 Evacuation Pause) 633M->21M(1024M) 5.020ms
[2025-12-24T12:03:50.246+0000][gc,cpu      ] GC(32) User=0.02s Sys=0.00s Real=0.01s
[2025-12-24T12:04:50.215+0000][gc,start    ] GC(33) Pause Young (Normal) (G1 Evacuation Pause)
[2025-12-24T12:04:50.216+0000][gc,task     ] GC(33) Using 8 workers of 8 for evacuation
[2025-12-24T12:04:50.223+0000][gc,phases   ] GC(33)   Pre Evacuate Collection Set: 1.3ms
[2025-12-24T12:04:50.223+0000][gc,phases   ] GC(33)   Merge Heap Roots: 0.1ms
[2025-12-24T12:04:50.223+0000][gc,phases   ] GC(33)   Evacuate Collection Set: 2.5ms
[2025-12-24T12:04:50.223+0000][gc,phases   ] GC(33)   Post Evacuate Collection Set: 2.7ms
[2025-12-24T12:04:50.223+0000][gc,phases   ] GC(33)   Other: 0.2ms
[2025-12-24T12:04:50.223+0000][gc,heap     ] GC(33) Eden regions: 612->0(612)
[2025-12-24T12:04:50.223+0000][gc,heap     ] GC(33) Survivor regions: 2->2(77)
[2025-12-24T12:04:50.223+0000][gc,heap     ] GC(33) Old regions: 18->18
[2025-12-24T12:04:50.223+0000][gc,heap     ] GC(33) Humongous regions: 2->2
[2025-12-24T12:04:50.223+0000][gc,metaspace] GC(33) Metaspace: 10710K(11136K)->10710K(11136K) NonClass: 9683K(9920K)->9683K(9920K) Class: 1027K(1216K)->1027K(1216K)
[2025-12-24T12:04:50.223+0000][gc          ] GC(33) Pause Young (Normal) (G1 Evacuation Pause) 633M->20M(1024M) 7.948ms
[2025-12-24T12:04:50.223+0000][gc,cpu      ] GC(33) User=0.03s Sys=0.00s Real=0.01s
[2025-12-24T12:05:50.171+0000][gc,start    ] GC(34) Pause Young (Normal) (G1 Evacuation Pause)
[2025-12-24T12:05:50.173+0000][gc,task     ] GC(34) Using 8 workers of 8 for evacuation
[2025-12-24T12:05:50.184+0000][gc,phases   ] GC(34)   Pre Evacuate Collection Set: 1.2ms
[2025-12-24T12:05:50.184+0000][gc,phases   ] GC(34)   Merge Heap Roots: 0.2ms
[2025-12-24T12:05:50.184+0000][gc,phases   ] GC(34)   Evacuate Collection Set: 7.0ms
[2025-12-24T12:05:50.184+0000][gc,phases   ] GC(34)   Post Evacuate Collection Set: 2.4ms
[2025-12-24T12:05:50.184+0000][gc,phases   ] GC(34)   Other: 0.2ms
[2025-12-24T12:05:50.184+0000][gc,heap     ] GC(34) Eden regions: 612->0(612)
[2025-12-24T12:05:50.184+0000][gc,heap     ] GC(34) Survivor regions: 2->2(77)
[2025-12-24T12:05:50.184+0000][gc,heap     ] GC(34) Old regions: 18->18
[2025-12-24T12:05:50.184+0000][gc,heap     ] GC(34) Humongous regions: 2->2
[2025-12-24T12:05:50.184+0000][gc,metaspace] GC(34) Metaspace: 10713K(11136K)->10713K(11136K) NonClass: 9685K(9920K)->9685K(9920K) Class: 1027K(1216K)->1027K(1216K)
[2025-12-24T12:05:50.184+0000][gc          ] GC(34) Pause Young (Normal) (G1 Evacuation Pause) 632M->20M(1024M) 13.041ms
[2025-12-24T12:05:50.185+0000][gc,cpu      ] GC(34) User=0.08s Sys=0.00s Real=0.01s
[2025-12-24T12:06:50.130+0000][gc,start    ] GC(35) Pause Young (Normal) (G1 Evacuation Pause)
[2025-12-24T12:06:50.130+0000][gc,task     ] GC(35) Using 8 workers of 8 for evacuation
[2025-12-24T12:06:50.143+0000][gc,phases   ] GC(35)   Pre Evacuate Collection Set: 5.4ms
[2025-12-24T12:06:50.143+0000][gc,phases   ] GC(35)   Merge Heap Roots: 0.5ms
[2025-12-24T12:06:50.143+0000][gc,phases   ] GC(35)   Evacuate Collection Set: 4.2ms
[2025-12-24T12:06:50.143+0000][gc,phases   ] GC(35)   Post Evacuate Collection Set: 1.3ms
[2025-12-24T12:06:50.143+0000][gc,phases   ] GC(35)   Other: 0.8ms
[2025-12-24T12:06:50.143+0000][gc,heap     ] GC(35) Eden regions: 612->0(612)
[2025-12-24T12:06:50.143+0000][gc,heap     ] GC(35) Survivor regions: 2->2(77)
[2025-12-24T12:06:50.143+0000][gc,heap     ] GC(35) Old regions: 18->18
[2025-12-24T12:06:50.143+0000][gc,heap     ] GC(35) Humongous regions: 2->2
[2025-12-24T12:06:50.143+0000][gc,metaspace] GC(35) Metaspace: 10758K(11136K)->10758K(11136K) NonClass: 9731K(9920K)->9731K(9920K) Class: 1027K(1216K)->1027K(1216K)
[2025-12-24T12:06:50.143+0000][gc          ] GC(35) Pause Young (Normal) (G1 Evacuation Pause) 632M->20M(1024M) 13.530ms
[2025-12-24T12:06:50.143+0000][gc,cpu      ] GC(35) User=0.06s Sys=0.00s Real=0.01s
[2025-12-24T12:07:50.053+0000][gc,start    ] GC(36) Pause Young (Normal) (G1 Evacuation Pause)
[2025-12-24T12:07:50.053+0000][gc,task     ] GC(36) Using 8 workers of 8 for evacuation
[2025-12-24T12:07:50.058+0000][gc,phases   ] GC(36)   Pre Evacuate Collection Set: 1.1ms
[2025-12-24T12:07:50.058+0000][gc,phases   ] GC(36)   Merge Heap Roots: 0.2ms
[2025-12-24T12:07:50.058+0000][gc,phases   ] GC(36)   Evacuate Collection Set: 1.9ms
[2025-12-24T12:07:50.058+0000][gc,phases   ] GC(36)   Post Evacuate Collection Set: 1.1ms
[2025-12-24T12:07:50.058+0000][gc,phases   ] GC(36)   Other: 0.2ms
[2025-12-24T12:07:50.058+0000][gc,heap     ] GC(36) Eden regions: 612->0(613)
[2025-12-24T12:07:50.058+0000][gc,heap     ] GC(36) Survivor regions: 2->1(77)
[2025-12-24T12:07:50.058+0000][gc,heap     ] GC(36) Old regions: 18->18
[2025-12-24T12:07:50.059+0000][gc,heap     ] GC(36) Humongous regions: 2->2
[2025-12-24T12:07:50.059+0000][gc,metaspace] GC(36) Metaspace: 10760K(11136K)->10760K(11136K) NonClass: 9733K(9920K)->9733K(9920K) Class: 1027K(1216K)->1027K(1216K)
[2025-12-24T12:07:50.059+0000][gc          ] GC(36) Pause Young (Normal) (G1 Evacuation Pause) 632M->20M(1024M) 5.916ms
[2025-12-24T12:07:50.059+0000][gc,cpu      ] GC(36) User=0.02s Sys=0.00s Real=0.00s
[2025-12-24T12:08:50.016+0000][gc,start    ] GC(37) Pause Young (Normal) (G1 Evacuation Pause)
[2025-12-24T12:08:50.017+0000][gc,task     ] GC(37) Using 8 workers of 8 for evacuation
[2025-12-24T12:08:50.032+0000][gc,phases   ] GC(37)   Pre Evacuate Collection Set: 4.8ms
[2025-12-24T12:08:50.032+0000][gc,phases   ] GC(37)   Merge Heap Roots: 0.7ms
[2025-12-24T12:08:50.032+0000][gc,phases   ] GC(37)   Evacuate Collection Set: 7.2ms
[2025-12-24T12:08:50.032+0000][gc,phases   ] GC(37)   Post Evacuate Collection Set: 1.4ms
[2025-12-24T12:08:50.032+0000][gc,phases   ] GC(37)   Other: 0.7ms
[2025-12-24T12:08:50.032+0000][gc,heap     ] GC(37) Eden regions: 613->0(613)
[2025-12-24T12:08:50.032+0000][gc,heap     ] GC(37) Survivor regions: 1->1(77)
[2025-12-24T12:08:50.033+0000][gc,heap     ] GC(37) Old regions: 18->18
[2025-12-24T12:08:50.033+0000][gc,heap     ] GC(37) Humongous regions: 2->2
[2025-12-24T12:08:50.033+0000][gc,metaspace] GC(37) Metaspace: 10789K(11136K)->10789K(11136K) NonClass: 9762K(9920K)->9762K(9920K) Class: 1027K(1216K)->1027K(1216K)
[2025-12-24T12:08:50.033+0000][gc          ] GC(37) Pause Young (Normal) (G1 Evacuation Pause) 633M->20M(1024M) 16.484ms
[2025-12-24T12:08:50.033+0000][gc,cpu      ] GC(37) User=0.09s Sys=0.01s Real=0.02s
[2025-12-24T12:09:40.317+0000][gc,start    ] GC(38) Pause Young (Normal) (G1 Evacuation Pause)
[2025-12-24T12:09:40.318+0000][gc,task     ] GC(38) Using 8 workers of 8 for evacuation
[2025-12-24T12:09:40.323+0000][gc,phases   ] GC(38)   Pre Evacuate Collection Set: 1.2ms
[2025-12-24T12:09:40.323+0000][gc,phases   ] GC(38)   Merge Heap Roots: 0.2ms
[2025-12-24T12:09:40.323+0000][gc,phases   ] GC(38)   Evacuate Collection Set: 1.9ms
[2025-12-24T12:09:40.323+0000][gc,phases   ] GC(38)   Post Evacuate Collection Set: 1.0ms
[2025-12-24T12:09:40.323+0000][gc,phases   ] GC(38)   Other: 0.5ms
[2025-12-24T12:09:40.323+0000][gc,heap     ] GC(38) Eden regions: 613->0(612)
[2025-12-24T12:09:40.323+0000][gc,heap     ] GC(38) Survivor regions: 1->2(77)
[2025-12-24T12:09:40.323+0000][gc,heap     ] GC(38) Old regions: 18->18
[2025-12-24T12:09:40.323+0000][gc,heap     ] GC(38) Humongous regions: 2->2
[2025-12-24T12:09:40.323+0000][gc,metaspace] GC(38) Metaspace: 10792K(11136K)->10792K(11136K) NonClass: 9765K(9920K)->9765K(9920K) Class: 1027K(1216K)->1027K(1216K)
[2025-12-24T12:09:40.323+0000][gc          ] GC(38) Pause Young (Normal) (G1 Evacuation Pause) 633M->21M(1024M) 5.761ms
[2025-12-24T12:09:40.323+0000][gc,cpu      ] GC(38) User=0.03s Sys=0.00s Real=0.01s
[2025-12-24T12:10:40.275+0000][gc,start    ] GC(39) Pause Young (Normal) (G1 Evacuation Pause)
[2025-12-24T12:10:40.276+0000][gc,task     ] GC(39) Using 8 workers of 8 for evacuation
[2025-12-24T12:10:40.282+0000][gc,phases   ] GC(39)   Pre Evacuate Collection Set: 1.4ms
[2025-12-24T12:10:40.282+0000][gc,phases   ] GC(39)   Merge Heap Roots: 0.2ms
[2025-12-24T12:10:40.282+0000][gc,phases   ] GC(39)   Evacuate Collection Set: 2.7ms
[2025-12-24T12:10:40.282+0000][gc,phases   ] GC(39)   Post Evacuate Collection Set: 1.3ms
[2025-12-24T12:10:40.282+0000][gc,phases   ] GC(39)   Other: 0.3ms
[2025-12-24T12:10:40.282+0000][gc,heap     ] GC(39) Eden regions: 612->0(612)
[2025-12-24T12:10:40.282+0000][gc,heap     ] GC(39) Survivor regions: 2->2(77)
[2025-12-24T12:10:40.282+0000][gc,heap     ] GC(39) Old regions: 18->18
[2025-12-24T12:10:40.282+0000][gc,heap     ] GC(39) Humongous regions: 2->2
[2025-12-24T12:10:40.282+0000][gc,metaspace] GC(39) Metaspace: 10807K(11200K)->10807K(11200K) NonClass: 9780K(9984K)->9780K(9984K) Class: 1027K(1216K)->1027K(1216K)
[2025-12-24T12:10:40.283+0000][gc          ] GC(39) Pause Young (Normal) (G1 Evacuation Pause) 633M->21M(1024M) 7.820ms
[2025-12-24T12:10:40.283+0000][gc,cpu      ] GC(39) User=0.03s Sys=0.00s Real=0.00s
[2025-12-24T12:11:40.254+0000][gc,start    ] GC(40) Pause Young (Normal) (G1 Evacuation Pause)
[2025-12-24T12:11:40.254+0000][gc,task     ] GC(40) Using 8 workers of 8 for evacuation
[2025-12-24T12:11:40.259+0000][gc,phases   ] GC(40)   Pre Evacuate Collection Set: 1.1ms
[2025-12-24T12:11:40.259+0000][gc,phases   ] GC(40)   Merge Heap Roots: 0.2ms
[2025-12-24T12:11:40.259+0000][gc,phases   ] GC(40)   Evacuate Collection Set: 2.1ms
[2025-12-24T12:11:40.259+0000][gc,phases   ] GC(40)   Post Evacuate Collection Set: 1.0ms
[2025-12-24T12:11:40.259+0000][gc,phases   ] GC(40)   Other: 0.2ms
[2025-12-24T12:11:40.259+0000][gc,heap     ] GC(40) Eden regions: 612->0(612)
[2025-12-24T12:11:40.259+0000][gc,heap     ] GC(40) Survivor regions: 2->2(77)
[2025-12-24T12:11:40.260+0000][gc,heap     ] GC(40) Old regions: 18->18
[2025-12-24T12:11:40.260+0000][gc,heap     ] GC(40) Humongous regions: 2->2
[2025-12-24T12:11:40.260+0000][gc,metaspace] GC(40) Metaspace: 10807K(11200K)->10807K(11200K) NonClass: 9780K(9984K)->9780K(9984K) Class: 1027K(1216K)->1027K(1216K)
[2025-12-24T12:11:40.260+0000][gc          ] GC(40) Pause Young (Normal) (G1 Evacuation Pause) 633M->21M(1024M) 5.653ms
[2025-12-24T12:11:40.260+0000][gc,cpu      ] GC(40) User=0.03s Sys=0.00s Real=0.00s
[2025-12-24T12:12:40.167+0000][gc,start    ] GC(41) Pause Young (Normal) (G1 Evacuation Pause)
[2025-12-24T12:12:40.168+0000][gc,task     ] GC(41) Using 8 workers of 8 for evacuation
[2025-12-24T12:12:40.172+0000][gc,phases   ] GC(41)   Pre Evacuate Collection Set: 1.0ms
[2025-12-24T12:12:40.172+0000][gc,phases   ] GC(41)   Merge Heap Roots: 0.1ms
[2025-12-24T12:12:40.173+0000][gc,phases   ] GC(41)   Evacuate Collection Set: 2.3ms
[2025-12-24T12:12:40.173+0000][gc,phases   ] GC(41)   Post Evacuate Collection Set: 0.9ms
[2025-12-24T12:12:40.173+0000][gc,phases   ] GC(41)   Other: 0.2ms
[2025-12-24T12:12:40.173+0000][gc,heap     ] GC(41) Eden regions: 612->0(612)
[2025-12-24T12:12:40.173+0000][gc,heap     ] GC(41) Survivor regions: 2->2(77)
[2025-12-24T12:12:40.173+0000][gc,heap     ] GC(41) Old regions: 18->18
[2025-12-24T12:12:40.173+0000][gc,heap     ] GC(41) Humongous regions: 2->2
[2025-12-24T12:12:40.173+0000][gc,metaspace] GC(41) Metaspace: 10831K(11200K)->10831K(11200K) NonClass: 9803K(9984K)->9803K(9984K) Class: 1027K(1216K)->1027K(1216K)
[2025-12-24T12:12:40.173+0000][gc          ] GC(41) Pause Young (Normal) (G1 Evacuation Pause) 633M->21M(1024M) 5.858ms
[2025-12-24T12:12:40.173+0000][gc,cpu      ] GC(41) User=0.02s Sys=0.00s Real=0.00s
[2025-12-24T12:13:40.179+0000][gc,start    ] GC(42) Pause Young (Normal) (G1 Evacuation Pause)
[2025-12-24T12:13:40.180+0000][gc,task     ] GC(42) Using 8 workers of 8 for evacuation
[2025-12-24T12:13:40.185+0000][gc,phases   ] GC(42)   Pre Evacuate Collection Set: 1.2ms
[2025-12-24T12:13:40.185+0000][gc,phases   ] GC(42)   Merge Heap Roots: 0.2ms
[2025-12-24T12:13:40.185+0000][gc,phases   ] GC(42)   Evacuate Collection Set: 2.1ms
[2025-12-24T12:13:40.185+0000][gc,phases   ] GC(42)   Post Evacuate Collection Set: 1.1ms
[2025-12-24T12:13:40.185+0000][gc,phases   ] GC(42)   Other: 0.2ms
[2025-12-24T12:13:40.185+0000][gc,heap     ] GC(42) Eden regions: 612->0(612)
[2025-12-24T12:13:40.185+0000][gc,heap     ] GC(42) Survivor regions: 2->2(77)
[2025-12-24T12:13:40.185+0000][gc,heap     ] GC(42) Old regions: 18->18
[2025-12-24T12:13:40.185+0000][gc,heap     ] GC(42) Humongous regions: 2->2
[2025-12-24T12:13:40.185+0000][gc,metaspace] GC(42) Metaspace: 10838K(11200K)->10838K(11200K) NonClass: 9810K(9984K)->9810K(9984K) Class: 1027K(1216K)->1027K(1216K)
[2025-12-24T12:13:40.185+0000][gc          ] GC(42) Pause Young (Normal) (G1 Evacuation Pause) 633M->20M(1024M) 5.914ms
[2025-12-24T12:13:40.185+0000][gc,cpu      ] GC(42) User=0.03s Sys=0.00s Real=0.00s
[2025-12-24T12:14:40.116+0000][gc,start    ] GC(43) Pause Young (Normal) (G1 Evacuation Pause)
[2025-12-24T12:14:40.118+0000][gc,task     ] GC(43) Using 8 workers of 8 for evacuation
[2025-12-24T12:14:40.127+0000][gc,phases   ] GC(43)   Pre Evacuate Collection Set: 2.6ms
[2025-12-24T12:14:40.127+0000][gc,phases   ] GC(43)   Merge Heap Roots: 0.8ms
[2025-12-24T12:14:40.127+0000][gc,phases   ] GC(43)   Evacuate Collection Set: 4.3ms
[2025-12-24T12:14:40.127+0000][gc,phases   ] GC(43)   Post Evacuate Collection Set: 1.7ms
[2025-12-24T12:14:40.127+0000][gc,phases   ] GC(43)   Other: 0.2ms
[2025-12-24T12:14:40.128+0000][gc,heap     ] GC(43) Eden regions: 612->0(612)
[2025-12-24T12:14:40.128+0000][gc,heap     ] GC(43) Survivor regions: 2->2(77)
[2025-12-24T12:14:40.128+0000][gc,heap     ] GC(43) Old regions: 18->18
[2025-12-24T12:14:40.128+0000][gc,heap     ] GC(43) Humongous regions: 2->2
[2025-12-24T12:14:40.128+0000][gc,metaspace] GC(43) Metaspace: 10845K(11264K)->10845K(11264K) NonClass: 9818K(10048K)->9818K(10048K) Class: 1027K(1216K)->1027K(1216K)
[2025-12-24T12:14:40.128+0000][gc          ] GC(43) Pause Young (Normal) (G1 Evacuation Pause) 632M->20M(1024M) 11.382ms
[2025-12-24T12:14:40.128+0000][gc,cpu      ] GC(43) User=0.06s Sys=0.00s Real=0.02s
[2025-12-24T12:15:40.066+0000][gc,start    ] GC(44) Pause Young (Normal) (G1 Evacuation Pause)
[2025-12-24T12:15:40.067+0000][gc,task     ] GC(44) Using 8 workers of 8 for evacuation
[2025-12-24T12:15:40.072+0000][gc,phases   ] GC(44)   Pre Evacuate Collection Set: 1.3ms
[2025-12-24T12:15:40.072+0000][gc,phases   ] GC(44)   Merge Heap Roots: 0.2ms
[2025-12-24T12:15:40.072+0000][gc,phases   ] GC(44)   Evacuate Collection Set: 1.8ms
[2025-12-24T12:15:40.072+0000][gc,phases   ] GC(44)   Post Evacuate Collection Set: 1.0ms
[2025-12-24T12:15:40.072+0000][gc,phases   ] GC(44)   Other: 0.2ms
[2025-12-24T12:15:40.072+0000][gc,heap     ] GC(44) Eden regions: 612->0(613)
[2025-12-24T12:15:40.072+0000][gc,heap     ] GC(44) Survivor regions: 2->1(77)
[2025-12-24T12:15:40.072+0000][gc,heap     ] GC(44) Old regions: 18->18
[2025-12-24T12:15:40.072+0000][gc,heap     ] GC(44) Humongous regions: 2->2
[2025-12-24T12:15:40.072+0000][gc,metaspace] GC(44) Metaspace: 10856K(11264K)->10856K(11264K) NonClass: 9829K(10048K)->9829K(10048K) Class: 1027K(1216K)->1027K(1216K)
[2025-12-24T12:15:40.072+0000][gc          ] GC(44) Pause Young (Normal) (G1 Evacuation Pause) 632M->20M(1024M) 5.819ms
[2025-12-24T12:15:40.072+0000][gc,cpu      ] GC(44) User=0.03s Sys=0.00s Real=0.01s
[2025-12-24T12:16:40.022+0000][gc,start    ] GC(45) Pause Young (Normal) (G1 Evacuation Pause)
[2025-12-24T12:16:40.023+0000][gc,task     ] GC(45) Using 8 workers of 8 for evacuation
[2025-12-24T12:16:40.032+0000][gc,phases   ] GC(45)   Pre Evacuate Collection Set: 1.5ms
[2025-12-24T12:16:40.032+0000][gc,phases   ] GC(45)   Merge Heap Roots: 0.2ms
[2025-12-24T12:16:40.032+0000][gc,phases   ] GC(45)   Evacuate Collection Set: 4.1ms
[2025-12-24T12:16:40.032+0000][gc,phases   ] GC(45)   Post Evacuate Collection Set: 2.2ms
[2025-12-24T12:16:40.032+0000][gc,phases   ] GC(45)   Other: 0.4ms
[2025-12-24T12:16:40.032+0000][gc,heap     ] GC(45) Eden regions: 613->0(613)
[2025-12-24T12:16:40.032+0000][gc,heap     ] GC(45) Survivor regions: 1->1(77)
[2025-12-24T12:16:40.032+0000][gc,heap     ] GC(45) Old regions: 18->18
[2025-12-24T12:16:40.032+0000][gc,heap     ] GC(45) Humongous regions: 2->2
[2025-12-24T12:16:40.032+0000][gc,metaspace] GC(45) Metaspace: 10887K(11264K)->10887K(11264K) NonClass: 9860K(10048K)->9860K(10048K) Class: 1027K(1216K)->1027K(1216K)
[2025-12-24T12:16:40.032+0000][gc          ] GC(45) Pause Young (Normal) (G1 Evacuation Pause) 633M->20M(1024M) 9.825ms
[2025-12-24T12:16:40.032+0000][gc,cpu      ] GC(45) User=0.05s Sys=0.00s Real=0.01s
[2025-12-24T12:17:30.258+0000][gc,start    ] GC(46) Pause Young (Normal) (G1 Evacuation Pause)
[2025-12-24T12:17:30.259+0000][gc,task     ] GC(46) Using 8 workers of 8 for evacuation
[2025-12-24T12:17:30.264+0000][gc,phases   ] GC(46)   Pre Evacuate Collection Set: 1.1ms
[2025-12-24T12:17:30.264+0000][gc,phases   ] GC(46)   Merge Heap Roots: 0.2ms
[2025-12-24T12:17:30.264+0000][gc,phases   ] GC(46)   Evacuate Collection Set: 2.2ms
[2025-12-24T12:17:30.264+0000][gc,phases   ] GC(46)   Post Evacuate Collection Set: 1.0ms
[2025-12-24T12:17:30.264+0000][gc,phases   ] GC(46)   Other: 0.2ms
[2025-12-24T12:17:30.264+0000][gc,heap     ] GC(46) Eden regions: 613->0(612)
[2025-12-24T12:17:30.264+0000][gc,heap     ] GC(46) Survivor regions: 1->2(77)
[2025-12-24T12:17:30.264+0000][gc,heap     ] GC(46) Old regions: 18->18
[2025-12-24T12:17:30.264+0000][gc,heap     ] GC(46) Humongous regions: 2->2
[2025-12-24T12:17:30.264+0000][gc,metaspace] GC(46) Metaspace: 11038K(11392K)->11038K(11392K) NonClass: 10010K(10176K)->10010K(10176K) Class: 1027K(1216K)->1027K(1216K)
[2025-12-24T12:17:30.264+0000][gc          ] GC(46) Pause Young (Normal) (G1 Evacuation Pause) 633M->21M(1024M) 6.518ms
[2025-12-24T12:17:30.264+0000][gc,cpu      ] GC(46) User=0.03s Sys=0.00s Real=0.01s
[2025-12-24T12:18:30.264+0000][gc,start    ] GC(47) Pause Young (Normal) (G1 Evacuation Pause)
[2025-12-24T12:18:30.265+0000][gc,task     ] GC(47) Using 8 workers of 8 for evacuation
[2025-12-24T12:18:30.270+0000][gc,phases   ] GC(47)   Pre Evacuate Collection Set: 1.1ms
[2025-12-24T12:18:30.270+0000][gc,phases   ] GC(47)   Merge Heap Roots: 0.2ms
[2025-12-24T12:18:30.270+0000][gc,phases   ] GC(47)   Evacuate Collection Set: 2.3ms
[2025-12-24T12:18:30.271+0000][gc,phases   ] GC(47)   Post Evacuate Collection Set: 1.1ms
[2025-12-24T12:18:30.271+0000][gc,phases   ] GC(47)   Other: 0.1ms
[2025-12-24T12:18:30.271+0000][gc,heap     ] GC(47) Eden regions: 612->0(612)
[2025-12-24T12:18:30.271+0000][gc,heap     ] GC(47) Survivor regions: 2->2(77)
[2025-12-24T12:18:30.271+0000][gc,heap     ] GC(47) Old regions: 18->18
[2025-12-24T12:18:30.271+0000][gc,heap     ] GC(47) Humongous regions: 2->2
[2025-12-24T12:18:30.271+0000][gc,metaspace] GC(47) Metaspace: 11038K(11392K)->11038K(11392K) NonClass: 10010K(10176K)->10010K(10176K) Class: 1027K(1216K)->1027K(1216K)
[2025-12-24T12:18:30.271+0000][gc          ] GC(47) Pause Young (Normal) (G1 Evacuation Pause) 633M->21M(1024M) 6.814ms
[2025-12-24T12:18:30.271+0000][gc,cpu      ] GC(47) User=0.02s Sys=0.01s Real=0.01s
[2025-12-24T12:19:30.237+0000][gc,start    ] GC(48) Pause Young (Normal) (G1 Evacuation Pause)
[2025-12-24T12:19:30.239+0000][gc,task     ] GC(48) Using 8 workers of 8 for evacuation
[2025-12-24T12:19:30.245+0000][gc,phases   ] GC(48)   Pre Evacuate Collection Set: 1.1ms
[2025-12-24T12:19:30.245+0000][gc,phases   ] GC(48)   Merge Heap Roots: 0.2ms
[2025-12-24T12:19:30.246+0000][gc,phases   ] GC(48)   Evacuate Collection Set: 2.2ms
[2025-12-24T12:19:30.246+0000][gc,phases   ] GC(48)   Post Evacuate Collection Set: 3.1ms
[2025-12-24T12:19:30.246+0000][gc,phases   ] GC(48)   Other: 0.2ms
[2025-12-24T12:19:30.246+0000][gc,heap     ] GC(48) Eden regions: 612->0(612)
[2025-12-24T12:19:30.246+0000][gc,heap     ] GC(48) Survivor regions: 2->2(77)
[2025-12-24T12:19:30.246+0000][gc,heap     ] GC(48) Old regions: 18->18
[2025-12-24T12:19:30.246+0000][gc,heap     ] GC(48) Humongous regions: 2->2
[2025-12-24T12:19:30.246+0000][gc,metaspace] GC(48) Metaspace: 11038K(11392K)->11038K(11392K) NonClass: 10010K(10176K)->10010K(10176K) Class: 1027K(1216K)->1027K(1216K)
[2025-12-24T12:19:30.246+0000][gc          ] GC(48) Pause Young (Normal) (G1 Evacuation Pause) 633M->21M(1024M) 9.279ms
[2025-12-24T12:19:30.246+0000][gc,cpu      ] GC(48) User=0.04s Sys=0.00s Real=0.01s
[2025-12-24T12:20:30.197+0000][gc,start    ] GC(49) Pause Young (Normal) (G1 Evacuation Pause)
[2025-12-24T12:20:30.198+0000][gc,task     ] GC(49) Using 8 workers of 8 for evacuation
[2025-12-24T12:20:30.203+0000][gc,phases   ] GC(49)   Pre Evacuate Collection Set: 1.3ms
[2025-12-24T12:20:30.203+0000][gc,phases   ] GC(49)   Merge Heap Roots: 0.2ms
[2025-12-24T12:20:30.203+0000][gc,phases   ] GC(49)   Evacuate Collection Set: 2.5ms
[2025-12-24T12:20:30.203+0000][gc,phases   ] GC(49)   Post Evacuate Collection Set: 1.1ms
[2025-12-24T12:20:30.203+0000][gc,phases   ] GC(49)   Other: 0.2ms
[2025-12-24T12:20:30.203+0000][gc,heap     ] GC(49) Eden regions: 612->0(612)
[2025-12-24T12:20:30.203+0000][gc,heap     ] GC(49) Survivor regions: 2->2(77)
[2025-12-24T12:20:30.203+0000][gc,heap     ] GC(49) Old regions: 18->18
[2025-12-24T12:20:30.203+0000][gc,heap     ] GC(49) Humongous regions: 2->2
[2025-12-24T12:20:30.204+0000][gc,metaspace] GC(49) Metaspace: 11044K(11392K)->11044K(11392K) NonClass: 10016K(10176K)->10016K(10176K) Class: 1027K(1216K)->1027K(1216K)
[2025-12-24T12:20:30.204+0000][gc          ] GC(49) Pause Young (Normal) (G1 Evacuation Pause) 633M->21M(1024M) 6.370ms
[2025-12-24T12:20:30.204+0000][gc,cpu      ] GC(49) User=0.03s Sys=0.00s Real=0.00s
[2025-12-24T12:21:30.145+0000][gc,start    ] GC(50) Pause Young (Normal) (G1 Evacuation Pause)
[2025-12-24T12:21:30.145+0000][gc,task     ] GC(50) Using 8 workers of 8 for evacuation
[2025-12-24T12:21:30.154+0000][gc,phases   ] GC(50)   Pre Evacuate Collection Set: 1.3ms
[2025-12-24T12:21:30.155+0000][gc,phases   ] GC(50)   Merge Heap Roots: 0.2ms
[2025-12-24T12:21:30.155+0000][gc,phases   ] GC(50)   Evacuate Collection Set: 5.3ms
[2025-12-24T12:21:30.155+0000][gc,phases   ] GC(50)   Post Evacuate Collection Set: 2.0ms
[2025-12-24T12:21:30.155+0000][gc,phases   ] GC(50)   Other: 0.2ms
[2025-12-24T12:21:30.155+0000][gc,heap     ] GC(50) Eden regions: 612->0(612)
[2025-12-24T12:21:30.155+0000][gc,heap     ] GC(50) Survivor regions: 2->2(77)
[2025-12-24T12:21:30.155+0000][gc,heap     ] GC(50) Old regions: 18->18
[2025-12-24T12:21:30.155+0000][gc,heap     ] GC(50) Humongous regions: 2->2
[2025-12-24T12:21:30.155+0000][gc,metaspace] GC(50) Metaspace: 11044K(11392K)->11044K(11392K) NonClass: 10016K(10176K)->10016K(10176K) Class: 1027K(1216K)->1027K(1216K)
[2025-12-24T12:21:30.155+0000][gc          ] GC(50) Pause Young (Normal) (G1 Evacuation Pause) 633M->21M(1024M) 10.519ms
[2025-12-24T12:21:30.155+0000][gc,cpu      ] GC(50) User=0.06s Sys=0.00s Real=0.01s
[2025-12-24T12:22:30.118+0000][gc,start    ] GC(51) Pause Young (Normal) (G1 Evacuation Pause)
[2025-12-24T12:22:30.118+0000][gc,task     ] GC(51) Using 8 workers of 8 for evacuation
[2025-12-24T12:22:30.127+0000][gc,phases   ] GC(51)   Pre Evacuate Collection Set: 1.3ms
[2025-12-24T12:22:30.127+0000][gc,phases   ] GC(51)   Merge Heap Roots: 0.2ms
[2025-12-24T12:22:30.127+0000][gc,phases   ] GC(51)   Evacuate Collection Set: 3.5ms
[2025-12-24T12:22:30.127+0000][gc,phases   ] GC(51)   Post Evacuate Collection Set: 3.4ms
[2025-12-24T12:22:30.127+0000][gc,phases   ] GC(51)   Other: 0.2ms
[2025-12-24T12:22:30.127+0000][gc,heap     ] GC(51) Eden regions: 612->0(612)
[2025-12-24T12:22:30.127+0000][gc,heap     ] GC(51) Survivor regions: 2->2(77)
[2025-12-24T12:22:30.127+0000][gc,heap     ] GC(51) Old regions: 18->18
[2025-12-24T12:22:30.127+0000][gc,heap     ] GC(51) Humongous regions: 2->2
[2025-12-24T12:22:30.127+0000][gc,metaspace] GC(51) Metaspace: 11045K(11392K)->11045K(11392K) NonClass: 10018K(10176K)->10018K(10176K) Class: 1027K(1216K)->1027K(1216K)
[2025-12-24T12:22:30.127+0000][gc          ] GC(51) Pause Young (Normal) (G1 Evacuation Pause) 633M->21M(1024M) 9.511ms
[2025-12-24T12:22:30.127+0000][gc,cpu      ] GC(51) User=0.04s Sys=0.01s Real=0.01s
[2025-12-24T12:23:30.072+0000][gc,start    ] GC(52) Pause Young (Normal) (G1 Evacuation Pause)
[2025-12-24T12:23:30.072+0000][gc,task     ] GC(52) Using 8 workers of 8 for evacuation
[2025-12-24T12:23:30.077+0000][gc,phases   ] GC(52)   Pre Evacuate Collection Set: 1.2ms
[2025-12-24T12:23:30.077+0000][gc,phases   ] GC(52)   Merge Heap Roots: 0.2ms
[2025-12-24T12:23:30.078+0000][gc,phases   ] GC(52)   Evacuate Collection Set: 2.1ms
[2025-12-24T12:23:30.078+0000][gc,phases   ] GC(52)   Post Evacuate Collection Set: 1.5ms
[2025-12-24T12:23:30.078+0000][gc,phases   ] GC(52)   Other: 0.2ms
[2025-12-24T12:23:30.078+0000][gc,heap     ] GC(52) Eden regions: 612->0(613)
[2025-12-24T12:23:30.078+0000][gc,heap     ] GC(52) Survivor regions: 2->1(77)
[2025-12-24T12:23:30.078+0000][gc,heap     ] GC(52) Old regions: 18->18
[2025-12-24T12:23:30.078+0000][gc,heap     ] GC(52) Humongous regions: 2->2
[2025-12-24T12:23:30.078+0000][gc,metaspace] GC(52) Metaspace: 11058K(11456K)->11058K(11456K) NonClass: 10030K(10240K)->10030K(10240K) Class: 1027K(1216K)->1027K(1216K)
[2025-12-24T12:23:30.078+0000][gc          ] GC(52) Pause Young (Normal) (G1 Evacuation Pause) 633M->20M(1024M) 6.460ms
[2025-12-24T12:23:30.078+0000][gc,cpu      ] GC(52) User=0.03s Sys=0.00s Real=0.00s
[2025-12-24T12:25:41.696+0000][gc,start    ] GC(53) Pause Young (Normal) (G1 Evacuation Pause)
[2025-12-24T12:25:41.702+0000][gc,task     ] GC(53) Using 8 workers of 8 for evacuation
[2025-12-24T12:25:41.761+0000][gc,phases   ] GC(53)   Pre Evacuate Collection Set: 9.5ms
[2025-12-24T12:25:41.762+0000][gc,phases   ] GC(53)   Merge Heap Roots: 3.4ms
[2025-12-24T12:25:41.762+0000][gc,phases   ] GC(53)   Evacuate Collection Set: 28.7ms
[2025-12-24T12:25:41.764+0000][gc,phases   ] GC(53)   Post Evacuate Collection Set: 15.9ms
[2025-12-24T12:25:41.766+0000][gc,phases   ] GC(53)   Other: 1.9ms
[2025-12-24T12:25:41.768+0000][gc,heap     ] GC(53) Eden regions: 613->0(612)
[2025-12-24T12:25:41.769+0000][gc,heap     ] GC(53) Survivor regions: 1->2(77)
[2025-12-24T12:25:41.771+0000][gc,heap     ] GC(53) Old regions: 18->19
[2025-12-24T12:25:41.771+0000][gc,heap     ] GC(53) Humongous regions: 11->11
[2025-12-24T12:25:41.772+0000][gc,metaspace] GC(53) Metaspace: 11451K(11776K)->11451K(11776K) NonClass: 10409K(10560K)->10409K(10560K) Class: 1041K(1216K)->1041K(1216K)
[2025-12-24T12:25:41.772+0000][gc          ] GC(53) Pause Young (Normal) (G1 Evacuation Pause) 642M->30M(1024M) 76.747ms
[2025-12-24T12:25:41.773+0000][gc,cpu      ] GC(53) User=0.15s Sys=0.03s Real=0.08s
[2025-12-24T12:30:44.884+0000][gc,start    ] GC(54) Pause Young (Normal) (G1 Evacuation Pause)
[2025-12-24T12:30:44.886+0000][gc,task     ] GC(54) Using 8 workers of 8 for evacuation
[2025-12-24T12:30:44.897+0000][gc,phases   ] GC(54)   Pre Evacuate Collection Set: 1.2ms
[2025-12-24T12:30:44.897+0000][gc,phases   ] GC(54)   Merge Heap Roots: 0.2ms
[2025-12-24T12:30:44.897+0000][gc,phases   ] GC(54)   Evacuate Collection Set: 7.2ms
[2025-12-24T12:30:44.897+0000][gc,phases   ] GC(54)   Post Evacuate Collection Set: 1.6ms
[2025-12-24T12:30:44.897+0000][gc,phases   ] GC(54)   Other: 0.8ms
[2025-12-24T12:30:44.897+0000][gc,heap     ] GC(54) Eden regions: 612->0(611)
[2025-12-24T12:30:44.897+0000][gc,heap     ] GC(54) Survivor regions: 2->3(77)
[2025-12-24T12:30:44.897+0000][gc,heap     ] GC(54) Old regions: 19->19
[2025-12-24T12:30:44.897+0000][gc,heap     ] GC(54) Humongous regions: 11->2
[2025-12-24T12:30:44.897+0000][gc,metaspace] GC(54) Metaspace: 11649K(12032K)->11649K(12032K) NonClass: 10604K(10816K)->10604K(10816K) Class: 1045K(1216K)->1045K(1216K)
[2025-12-24T12:30:44.898+0000][gc          ] GC(54) Pause Young (Normal) (G1 Evacuation Pause) 642M->22M(1024M) 13.289ms
[2025-12-24T12:30:44.898+0000][gc,cpu      ] GC(54) User=0.06s Sys=0.00s Real=0.01s
[2025-12-24T12:31:47.502+0000][gc,start    ] GC(55) Pause Young (Normal) (G1 Evacuation Pause)
[2025-12-24T12:31:47.503+0000][gc,task     ] GC(55) Using 8 workers of 8 for evacuation
[2025-12-24T12:31:47.511+0000][gc,phases   ] GC(55)   Pre Evacuate Collection Set: 1.3ms
[2025-12-24T12:31:47.511+0000][gc,phases   ] GC(55)   Merge Heap Roots: 0.2ms
[2025-12-24T12:31:47.511+0000][gc,phases   ] GC(55)   Evacuate Collection Set: 4.0ms
[2025-12-24T12:31:47.511+0000][gc,phases   ] GC(55)   Post Evacuate Collection Set: 1.9ms
[2025-12-24T12:31:47.511+0000][gc,phases   ] GC(55)   Other: 0.4ms
[2025-12-24T12:31:47.511+0000][gc,heap     ] GC(55) Eden regions: 611->0(611)
[2025-12-24T12:31:47.511+0000][gc,heap     ] GC(55) Survivor regions: 3->3(77)
[2025-12-24T12:31:47.511+0000][gc,heap     ] GC(55) Old regions: 19->19
[2025-12-24T12:31:47.511+0000][gc,heap     ] GC(55) Humongous regions: 2->2
[2025-12-24T12:31:47.512+0000][gc,metaspace] GC(55) Metaspace: 11657K(12032K)->11657K(12032K) NonClass: 10612K(10816K)->10612K(10816K) Class: 1045K(1216K)->1045K(1216K)
[2025-12-24T12:31:47.512+0000][gc          ] GC(55) Pause Young (Normal) (G1 Evacuation Pause) 633M->22M(1024M) 10.129ms
[2025-12-24T12:31:47.512+0000][gc,cpu      ] GC(55) User=0.04s Sys=0.00s Real=0.01s
[2025-12-24T12:36:00.578+0000][gc,start    ] GC(56) Pause Young (Normal) (G1 Evacuation Pause)
[2025-12-24T12:36:00.579+0000][gc,task     ] GC(56) Using 8 workers of 8 for evacuation
[2025-12-24T12:36:00.589+0000][gc,phases   ] GC(56)   Pre Evacuate Collection Set: 1.5ms
[2025-12-24T12:36:00.589+0000][gc,phases   ] GC(56)   Merge Heap Roots: 0.2ms
[2025-12-24T12:36:00.589+0000][gc,phases   ] GC(56)   Evacuate Collection Set: 5.7ms
[2025-12-24T12:36:00.589+0000][gc,phases   ] GC(56)   Post Evacuate Collection Set: 1.4ms
[2025-12-24T12:36:00.589+0000][gc,phases   ] GC(56)   Other: 0.3ms
[2025-12-24T12:36:00.589+0000][gc,heap     ] GC(56) Eden regions: 611->0(610)
[2025-12-24T12:36:00.589+0000][gc,heap     ] GC(56) Survivor regions: 3->4(77)
[2025-12-24T12:36:00.589+0000][gc,heap     ] GC(56) Old regions: 19->19
[2025-12-24T12:36:00.589+0000][gc,heap     ] GC(56) Humongous regions: 11->11
[2025-12-24T12:36:00.589+0000][gc,metaspace] GC(56) Metaspace: 11702K(12096K)->11702K(12096K) NonClass: 10656K(10880K)->10656K(10880K) Class: 1045K(1216K)->1045K(1216K)
[2025-12-24T12:36:00.589+0000][gc          ] GC(56) Pause Young (Normal) (G1 Evacuation Pause) 642M->32M(1024M) 10.815ms
[2025-12-24T12:36:00.589+0000][gc,cpu      ] GC(56) User=0.05s Sys=0.00s Real=0.01s
[2025-12-24T12:41:31.777+0000][gc,start    ] GC(57) Pause Young (Normal) (G1 Evacuation Pause)
[2025-12-24T12:41:31.778+0000][gc,task     ] GC(57) Using 8 workers of 8 for evacuation
[2025-12-24T12:41:31.790+0000][gc,phases   ] GC(57)   Pre Evacuate Collection Set: 2.9ms
[2025-12-24T12:41:31.790+0000][gc,phases   ] GC(57)   Merge Heap Roots: 0.4ms
[2025-12-24T12:41:31.790+0000][gc,phases   ] GC(57)   Evacuate Collection Set: 6.5ms
[2025-12-24T12:41:31.790+0000][gc,phases   ] GC(57)   Post Evacuate Collection Set: 1.3ms
[2025-12-24T12:41:31.790+0000][gc,phases   ] GC(57)   Other: 0.3ms
[2025-12-24T12:41:31.790+0000][gc,heap     ] GC(57) Eden regions: 610->0(610)
[2025-12-24T12:41:31.790+0000][gc,heap     ] GC(57) Survivor regions: 4->4(77)
[2025-12-24T12:41:31.790+0000][gc,heap     ] GC(57) Old regions: 19->19
[2025-12-24T12:41:31.790+0000][gc,heap     ] GC(57) Humongous regions: 11->2
[2025-12-24T12:41:31.790+0000][gc,metaspace] GC(57) Metaspace: 11722K(12096K)->11722K(12096K) NonClass: 10676K(10880K)->10676K(10880K) Class: 1045K(1216K)->1045K(1216K)
[2025-12-24T12:41:31.790+0000][gc          ] GC(57) Pause Young (Normal) (G1 Evacuation Pause) 642M->23M(1024M) 13.364ms
[2025-12-24T12:41:31.790+0000][gc,cpu      ] GC(57) User=0.06s Sys=0.01s Real=0.01s
[2025-12-24T12:42:31.658+0000][gc,start    ] GC(58) Pause Young (Normal) (G1 Evacuation Pause)
[2025-12-24T12:42:31.659+0000][gc,task     ] GC(58) Using 8 workers of 8 for evacuation
[2025-12-24T12:42:31.675+0000][gc,phases   ] GC(58)   Pre Evacuate Collection Set: 1.3ms
[2025-12-24T12:42:31.675+0000][gc,phases   ] GC(58)   Merge Heap Roots: 0.2ms
[2025-12-24T12:42:31.675+0000][gc,phases   ] GC(58)   Evacuate Collection Set: 13.3ms
[2025-12-24T12:42:31.675+0000][gc,phases   ] GC(58)   Post Evacuate Collection Set: 1.4ms
[2025-12-24T12:42:31.675+0000][gc,phases   ] GC(58)   Other: 0.2ms
[2025-12-24T12:42:31.676+0000][gc,heap     ] GC(58) Eden regions: 610->0(611)
[2025-12-24T12:42:31.676+0000][gc,heap     ] GC(58) Survivor regions: 4->3(77)
[2025-12-24T12:42:31.676+0000][gc,heap     ] GC(58) Old regions: 19->19
[2025-12-24T12:42:31.676+0000][gc,heap     ] GC(58) Humongous regions: 2->2
[2025-12-24T12:42:31.676+0000][gc,metaspace] GC(58) Metaspace: 11724K(12096K)->11724K(12096K) NonClass: 10678K(10880K)->10678K(10880K) Class: 1046K(1216K)->1046K(1216K)
[2025-12-24T12:42:31.676+0000][gc          ] GC(58) Pause Young (Normal) (G1 Evacuation Pause) 633M->22M(1024M) 17.964ms
[2025-12-24T12:42:31.676+0000][gc,cpu      ] GC(58) User=0.11s Sys=0.00s Real=0.02s
[2025-12-24T12:43:21.836+0000][gc,start    ] GC(59) Pause Young (Normal) (G1 Evacuation Pause)
[2025-12-24T12:43:21.838+0000][gc,task     ] GC(59) Using 8 workers of 8 for evacuation
[2025-12-24T12:43:21.851+0000][gc,phases   ] GC(59)   Pre Evacuate Collection Set: 2.8ms
[2025-12-24T12:43:21.851+0000][gc,phases   ] GC(59)   Merge Heap Roots: 0.3ms
[2025-12-24T12:43:21.851+0000][gc,phases   ] GC(59)   Evacuate Collection Set: 8.8ms
[2025-12-24T12:43:21.851+0000][gc,phases   ] GC(59)   Post Evacuate Collection Set: 1.0ms
[2025-12-24T12:43:21.851+0000][gc,phases   ] GC(59)   Other: 0.3ms
[2025-12-24T12:43:21.851+0000][gc,heap     ] GC(59) Eden regions: 611->0(610)
[2025-12-24T12:43:21.851+0000][gc,heap     ] GC(59) Survivor regions: 3->4(77)
[2025-12-24T12:43:21.851+0000][gc,heap     ] GC(59) Old regions: 19->19
[2025-12-24T12:43:21.851+0000][gc,heap     ] GC(59) Humongous regions: 2->2
[2025-12-24T12:43:21.851+0000][gc,metaspace] GC(59) Metaspace: 11729K(12096K)->11729K(12096K) NonClass: 10683K(10880K)->10683K(10880K) Class: 1046K(1216K)->1046K(1216K)
[2025-12-24T12:43:21.851+0000][gc          ] GC(59) Pause Young (Normal) (G1 Evacuation Pause) 633M->24M(1024M) 15.345ms
[2025-12-24T12:43:21.851+0000][gc,cpu      ] GC(59) User=0.09s Sys=0.00s Real=0.01s
[2025-12-24T12:44:21.690+0000][gc,start    ] GC(60) Pause Young (Normal) (G1 Evacuation Pause)
[2025-12-24T12:44:21.692+0000][gc,task     ] GC(60) Using 8 workers of 8 for evacuation
[2025-12-24T12:44:21.701+0000][gc,phases   ] GC(60)   Pre Evacuate Collection Set: 1.1ms
[2025-12-24T12:44:21.701+0000][gc,phases   ] GC(60)   Merge Heap Roots: 0.2ms
[2025-12-24T12:44:21.701+0000][gc,phases   ] GC(60)   Evacuate Collection Set: 4.7ms
[2025-12-24T12:44:21.702+0000][gc,phases   ] GC(60)   Post Evacuate Collection Set: 3.3ms
[2025-12-24T12:44:21.702+0000][gc,phases   ] GC(60)   Other: 0.2ms
[2025-12-24T12:44:21.702+0000][gc,heap     ] GC(60) Eden regions: 610->0(610)
[2025-12-24T12:44:21.702+0000][gc,heap     ] GC(60) Survivor regions: 4->4(77)
[2025-12-24T12:44:21.702+0000][gc,heap     ] GC(60) Old regions: 19->19
[2025-12-24T12:44:21.702+0000][gc,heap     ] GC(60) Humongous regions: 2->2
[2025-12-24T12:44:21.702+0000][gc,metaspace] GC(60) Metaspace: 11729K(12096K)->11729K(12096K) NonClass: 10683K(10880K)->10683K(10880K) Class: 1046K(1216K)->1046K(1216K)
[2025-12-24T12:44:21.702+0000][gc          ] GC(60) Pause Young (Normal) (G1 Evacuation Pause) 634M->23M(1024M) 11.857ms
[2025-12-24T12:44:21.702+0000][gc,cpu      ] GC(60) User=0.06s Sys=0.00s Real=0.02s
[2025-12-24T12:45:11.896+0000][gc,start    ] GC(61) Pause Young (Normal) (G1 Evacuation Pause)
[2025-12-24T12:45:11.897+0000][gc,task     ] GC(61) Using 8 workers of 8 for evacuation
[2025-12-24T12:45:11.905+0000][gc,phases   ] GC(61)   Pre Evacuate Collection Set: 1.3ms
[2025-12-24T12:45:11.905+0000][gc,phases   ] GC(61)   Merge Heap Roots: 0.2ms
[2025-12-24T12:45:11.905+0000][gc,phases   ] GC(61)   Evacuate Collection Set: 5.1ms
[2025-12-24T12:45:11.905+0000][gc,phases   ] GC(61)   Post Evacuate Collection Set: 1.9ms
[2025-12-24T12:45:11.906+0000][gc,phases   ] GC(61)   Other: 0.2ms
[2025-12-24T12:45:11.906+0000][gc,heap     ] GC(61) Eden regions: 610->0(610)
[2025-12-24T12:45:11.906+0000][gc,heap     ] GC(61) Survivor regions: 4->4(77)
[2025-12-24T12:45:11.906+0000][gc,heap     ] GC(61) Old regions: 19->19
[2025-12-24T12:45:11.906+0000][gc,heap     ] GC(61) Humongous regions: 2->2
[2025-12-24T12:45:11.906+0000][gc,metaspace] GC(61) Metaspace: 11741K(12096K)->11741K(12096K) NonClass: 10694K(10880K)->10694K(10880K) Class: 1046K(1216K)->1046K(1216K)
[2025-12-24T12:45:11.906+0000][gc          ] GC(61) Pause Young (Normal) (G1 Evacuation Pause) 633M->23M(1024M) 9.812ms
[2025-12-24T12:45:11.906+0000][gc,cpu      ] GC(61) User=0.05s Sys=0.00s Real=0.01s
[2025-12-24T12:46:11.823+0000][gc,start    ] GC(62) Pause Young (Normal) (G1 Evacuation Pause)
[2025-12-24T12:46:11.823+0000][gc,task     ] GC(62) Using 8 workers of 8 for evacuation
[2025-12-24T12:46:11.838+0000][gc,phases   ] GC(62)   Pre Evacuate Collection Set: 1.0ms
[2025-12-24T12:46:11.838+0000][gc,phases   ] GC(62)   Merge Heap Roots: 0.2ms
[2025-12-24T12:46:11.838+0000][gc,phases   ] GC(62)   Evacuate Collection Set: 11.0ms
[2025-12-24T12:46:11.838+0000][gc,phases   ] GC(62)   Post Evacuate Collection Set: 2.0ms
[2025-12-24T12:46:11.838+0000][gc,phases   ] GC(62)   Other: 0.2ms
[2025-12-24T12:46:11.838+0000][gc,heap     ] GC(62) Eden regions: 610->0(610)
[2025-12-24T12:46:11.838+0000][gc,heap     ] GC(62) Survivor regions: 4->4(77)
[2025-12-24T12:46:11.838+0000][gc,heap     ] GC(62) Old regions: 19->19
[2025-12-24T12:46:11.838+0000][gc,heap     ] GC(62) Humongous regions: 2->2
[2025-12-24T12:46:11.838+0000][gc,metaspace] GC(62) Metaspace: 11741K(12096K)->11741K(12096K) NonClass: 10695K(10880K)->10695K(10880K) Class: 1046K(1216K)->1046K(1216K)
[2025-12-24T12:46:11.838+0000][gc          ] GC(62) Pause Young (Normal) (G1 Evacuation Pause) 633M->23M(1024M) 15.574ms
[2025-12-24T12:46:11.838+0000][gc,cpu      ] GC(62) User=0.09s Sys=0.01s Real=0.01s
[2025-12-24T12:47:11.645+0000][gc,start    ] GC(63) Pause Young (Normal) (G1 Evacuation Pause)
[2025-12-24T12:47:11.646+0000][gc,task     ] GC(63) Using 8 workers of 8 for evacuation
[2025-12-24T12:47:11.661+0000][gc,phases   ] GC(63)   Pre Evacuate Collection Set: 5.6ms
[2025-12-24T12:47:11.661+0000][gc,phases   ] GC(63)   Merge Heap Roots: 0.4ms
[2025-12-24T12:47:11.661+0000][gc,phases   ] GC(63)   Evacuate Collection Set: 5.9ms
[2025-12-24T12:47:11.661+0000][gc,phases   ] GC(63)   Post Evacuate Collection Set: 1.8ms
[2025-12-24T12:47:11.661+0000][gc,phases   ] GC(63)   Other: 1.0ms
[2025-12-24T12:47:11.661+0000][gc,heap     ] GC(63) Eden regions: 610->0(611)
[2025-12-24T12:47:11.662+0000][gc,heap     ] GC(63) Survivor regions: 4->3(77)
[2025-12-24T12:47:11.662+0000][gc,heap     ] GC(63) Old regions: 19->19
[2025-12-24T12:47:11.662+0000][gc,heap     ] GC(63) Humongous regions: 2->2
[2025-12-24T12:47:11.662+0000][gc,metaspace] GC(63) Metaspace: 11746K(12096K)->11746K(12096K) NonClass: 10699K(10880K)->10699K(10880K) Class: 1046K(1216K)->1046K(1216K)
[2025-12-24T12:47:11.662+0000][gc          ] GC(63) Pause Young (Normal) (G1 Evacuation Pause) 633M->22M(1024M) 17.101ms
[2025-12-24T12:47:11.662+0000][gc,cpu      ] GC(63) User=0.08s Sys=0.01s Real=0.02s
[2025-12-24T12:48:01.875+0000][gc,start    ] GC(64) Pause Young (Normal) (G1 Evacuation Pause)
[2025-12-24T12:48:01.876+0000][gc,task     ] GC(64) Using 8 workers of 8 for evacuation
[2025-12-24T12:48:01.886+0000][gc,phases   ] GC(64)   Pre Evacuate Collection Set: 1.2ms
[2025-12-24T12:48:01.886+0000][gc,phases   ] GC(64)   Merge Heap Roots: 0.2ms
[2025-12-24T12:48:01.886+0000][gc,phases   ] GC(64)   Evacuate Collection Set: 7.3ms
[2025-12-24T12:48:01.886+0000][gc,phases   ] GC(64)   Post Evacuate Collection Set: 1.0ms
[2025-12-24T12:48:01.886+0000][gc,phases   ] GC(64)   Other: 0.2ms
[2025-12-24T12:48:01.886+0000][gc,heap     ] GC(64) Eden regions: 611->0(610)
[2025-12-24T12:48:01.886+0000][gc,heap     ] GC(64) Survivor regions: 3->4(77)
[2025-12-24T12:48:01.887+0000][gc,heap     ] GC(64) Old regions: 19->19
[2025-12-24T12:48:01.887+0000][gc,heap     ] GC(64) Humongous regions: 20->20
[2025-12-24T12:48:01.887+0000][gc,metaspace] GC(64) Metaspace: 11862K(12352K)->11862K(12352K) NonClass: 10797K(11008K)->10797K(11008K) Class: 1064K(1344K)->1064K(1344K)
[2025-12-24T12:48:01.887+0000][gc          ] GC(64) Pause Young (Normal) (G1 Evacuation Pause) 651M->42M(1024M) 11.785ms
[2025-12-24T12:48:01.887+0000][gc,cpu      ] GC(64) User=0.06s Sys=0.01s Real=0.01s
[2025-12-24T12:49:01.727+0000][gc,start    ] GC(65) Pause Young (Normal) (G1 Evacuation Pause)
[2025-12-24T12:49:01.727+0000][gc,task     ] GC(65) Using 8 workers of 8 for evacuation
[2025-12-24T12:49:01.740+0000][gc,phases   ] GC(65)   Pre Evacuate Collection Set: 1.0ms
[2025-12-24T12:49:01.740+0000][gc,phases   ] GC(65)   Merge Heap Roots: 0.2ms
[2025-12-24T12:49:01.741+0000][gc,phases   ] GC(65)   Evacuate Collection Set: 9.5ms
[2025-12-24T12:49:01.741+0000][gc,phases   ] GC(65)   Post Evacuate Collection Set: 2.2ms
[2025-12-24T12:49:01.741+0000][gc,phases   ] GC(65)   Other: 0.3ms
[2025-12-24T12:49:01.741+0000][gc,heap     ] GC(65) Eden regions: 610->0(610)
[2025-12-24T12:49:01.741+0000][gc,heap     ] GC(65) Survivor regions: 4->4(77)
[2025-12-24T12:49:01.741+0000][gc,heap     ] GC(65) Old regions: 19->19
[2025-12-24T12:49:01.741+0000][gc,heap     ] GC(65) Humongous regions: 20->20
[2025-12-24T12:49:01.741+0000][gc,metaspace] GC(65) Metaspace: 11881K(12352K)->11881K(12352K) NonClass: 10809K(11008K)->10809K(11008K) Class: 1072K(1344K)->1072K(1344K)
[2025-12-24T12:49:01.741+0000][gc          ] GC(65) Pause Young (Normal) (G1 Evacuation Pause) 652M->41M(1024M) 14.614ms
[2025-12-24T12:49:01.741+0000][gc,cpu      ] GC(65) User=0.07s Sys=0.00s Real=0.01s
[2025-12-24T12:50:01.578+0000][gc,start    ] GC(66) Pause Young (Normal) (G1 Evacuation Pause)
[2025-12-24T12:50:01.579+0000][gc,task     ] GC(66) Using 8 workers of 8 for evacuation
[2025-12-24T12:50:01.590+0000][gc,phases   ] GC(66)   Pre Evacuate Collection Set: 0.9ms
[2025-12-24T12:50:01.590+0000][gc,phases   ] GC(66)   Merge Heap Roots: 0.2ms
[2025-12-24T12:50:01.590+0000][gc,phases   ] GC(66)   Evacuate Collection Set: 7.0ms
[2025-12-24T12:50:01.590+0000][gc,phases   ] GC(66)   Post Evacuate Collection Set: 2.1ms
[2025-12-24T12:50:01.590+0000][gc,phases   ] GC(66)   Other: 0.6ms
[2025-12-24T12:50:01.590+0000][gc,heap     ] GC(66) Eden regions: 610->0(611)
[2025-12-24T12:50:01.591+0000][gc,heap     ] GC(66) Survivor regions: 4->3(77)
[2025-12-24T12:50:01.591+0000][gc,heap     ] GC(66) Old regions: 19->19
[2025-12-24T12:50:01.591+0000][gc,heap     ] GC(66) Humongous regions: 20->20
[2025-12-24T12:50:01.591+0000][gc,metaspace] GC(66) Metaspace: 11883K(12352K)->11883K(12352K) NonClass: 10811K(11008K)->10811K(11008K) Class: 1072K(1344K)->1072K(1344K)
[2025-12-24T12:50:01.591+0000][gc          ] GC(66) Pause Young (Normal) (G1 Evacuation Pause) 651M->41M(1024M) 12.585ms
[2025-12-24T12:50:01.591+0000][gc,cpu      ] GC(66) User=0.06s Sys=0.00s Real=0.01s
[2025-12-24T12:50:51.804+0000][gc,start    ] GC(67) Pause Young (Normal) (G1 Evacuation Pause)
[2025-12-24T12:50:51.805+0000][gc,task     ] GC(67) Using 8 workers of 8 for evacuation
[2025-12-24T12:50:51.821+0000][gc,phases   ] GC(67)   Pre Evacuate Collection Set: 0.9ms
[2025-12-24T12:50:51.821+0000][gc,phases   ] GC(67)   Merge Heap Roots: 0.2ms
[2025-12-24T12:50:51.821+0000][gc,phases   ] GC(67)   Evacuate Collection Set: 12.6ms
[2025-12-24T12:50:51.821+0000][gc,phases   ] GC(67)   Post Evacuate Collection Set: 1.8ms
[2025-12-24T12:50:51.821+0000][gc,phases   ] GC(67)   Other: 0.2ms
[2025-12-24T12:50:51.821+0000][gc,heap     ] GC(67) Eden regions: 611->0(610)
[2025-12-24T12:50:51.821+0000][gc,heap     ] GC(67) Survivor regions: 3->4(77)
[2025-12-24T12:50:51.821+0000][gc,heap     ] GC(67) Old regions: 19->19
[2025-12-24T12:50:51.821+0000][gc,heap     ] GC(67) Humongous regions: 20->20
[2025-12-24T12:50:51.821+0000][gc,metaspace] GC(67) Metaspace: 11884K(12352K)->11884K(12352K) NonClass: 10812K(11008K)->10812K(11008K) Class: 1072K(1344K)->1072K(1344K)
[2025-12-24T12:50:51.822+0000][gc          ] GC(67) Pause Young (Normal) (G1 Evacuation Pause) 652M->42M(1024M) 17.664ms
[2025-12-24T12:50:51.822+0000][gc,cpu      ] GC(67) User=0.09s Sys=0.00s Real=0.02s
[2025-12-24T12:51:51.669+0000][gc,start    ] GC(68) Pause Young (Normal) (G1 Evacuation Pause)
[2025-12-24T12:51:51.669+0000][gc,task     ] GC(68) Using 8 workers of 8 for evacuation
[2025-12-24T12:51:51.675+0000][gc,phases   ] GC(68)   Pre Evacuate Collection Set: 1.0ms
[2025-12-24T12:51:51.676+0000][gc,phases   ] GC(68)   Merge Heap Roots: 0.2ms
[2025-12-24T12:51:51.676+0000][gc,phases   ] GC(68)   Evacuate Collection Set: 3.8ms
[2025-12-24T12:51:51.676+0000][gc,phases   ] GC(68)   Post Evacuate Collection Set: 0.9ms
[2025-12-24T12:51:51.676+0000][gc,phases   ] GC(68)   Other: 0.2ms
[2025-12-24T12:51:51.676+0000][gc,heap     ] GC(68) Eden regions: 610->0(611)
[2025-12-24T12:51:51.676+0000][gc,heap     ] GC(68) Survivor regions: 4->3(77)
[2025-12-24T12:51:51.676+0000][gc,heap     ] GC(68) Old regions: 19->19
[2025-12-24T12:51:51.676+0000][gc,heap     ] GC(68) Humongous regions: 20->20
[2025-12-24T12:51:51.676+0000][gc,metaspace] GC(68) Metaspace: 11942K(12416K)->11942K(12416K) NonClass: 10869K(11072K)->10869K(11072K) Class: 1072K(1344K)->1072K(1344K)
[2025-12-24T12:51:51.676+0000][gc          ] GC(68) Pause Young (Normal) (G1 Evacuation Pause) 652M->41M(1024M) 7.400ms
[2025-12-24T12:51:51.676+0000][gc,cpu      ] GC(68) User=0.04s Sys=0.01s Real=0.01s
[2025-12-24T12:52:41.846+0000][gc,start    ] GC(69) Pause Young (Normal) (G1 Evacuation Pause)
[2025-12-24T12:52:41.848+0000][gc,task     ] GC(69) Using 8 workers of 8 for evacuation
[2025-12-24T12:52:41.863+0000][gc,phases   ] GC(69)   Pre Evacuate Collection Set: 0.9ms
[2025-12-24T12:52:41.864+0000][gc,phases   ] GC(69)   Merge Heap Roots: 0.2ms
[2025-12-24T12:52:41.864+0000][gc,phases   ] GC(69)   Evacuate Collection Set: 10.4ms
[2025-12-24T12:52:41.864+0000][gc,phases   ] GC(69)   Post Evacuate Collection Set: 3.4ms
[2025-12-24T12:52:41.864+0000][gc,phases   ] GC(69)   Other: 0.3ms
[2025-12-24T12:52:41.864+0000][gc,heap     ] GC(69) Eden regions: 611->0(611)
[2025-12-24T12:52:41.864+0000][gc,heap     ] GC(69) Survivor regions: 3->3(77)
[2025-12-24T12:52:41.864+0000][gc,heap     ] GC(69) Old regions: 19->20
[2025-12-24T12:52:41.864+0000][gc,heap     ] GC(69) Humongous regions: 20->20
[2025-12-24T12:52:41.864+0000][gc,metaspace] GC(69) Metaspace: 11977K(12416K)->11977K(12416K) NonClass: 10905K(11072K)->10905K(11072K) Class: 1072K(1344K)->1072K(1344K)
[2025-12-24T12:52:41.864+0000][gc          ] GC(69) Pause Young (Normal) (G1 Evacuation Pause) 652M->42M(1024M) 17.859ms
[2025-12-24T12:52:41.864+0000][gc,cpu      ] GC(69) User=0.05s Sys=0.03s Real=0.02s
[2025-12-24T12:53:41.762+0000][gc,start    ] GC(70) Pause Young (Normal) (G1 Evacuation Pause)
[2025-12-24T12:53:41.763+0000][gc,task     ] GC(70) Using 8 workers of 8 for evacuation
[2025-12-24T12:53:41.771+0000][gc,phases   ] GC(70)   Pre Evacuate Collection Set: 3.6ms
[2025-12-24T12:53:41.771+0000][gc,phases   ] GC(70)   Merge Heap Roots: 0.2ms
[2025-12-24T12:53:41.771+0000][gc,phases   ] GC(70)   Evacuate Collection Set: 3.2ms
[2025-12-24T12:53:41.772+0000][gc,phases   ] GC(70)   Post Evacuate Collection Set: 1.0ms
[2025-12-24T12:53:41.772+0000][gc,phases   ] GC(70)   Other: 0.4ms
[2025-12-24T12:53:41.772+0000][gc,heap     ] GC(70) Eden regions: 611->0(611)
[2025-12-24T12:53:41.772+0000][gc,heap     ] GC(70) Survivor regions: 3->3(77)
[2025-12-24T12:53:41.772+0000][gc,heap     ] GC(70) Old regions: 20->20
[2025-12-24T12:53:41.772+0000][gc,heap     ] GC(70) Humongous regions: 20->20
[2025-12-24T12:53:41.772+0000][gc,metaspace] GC(70) Metaspace: 11977K(12416K)->11977K(12416K) NonClass: 10905K(11072K)->10905K(11072K) Class: 1072K(1344K)->1072K(1344K)
[2025-12-24T12:53:41.772+0000][gc          ] GC(70) Pause Young (Normal) (G1 Evacuation Pause) 653M->41M(1024M) 9.646ms
[2025-12-24T12:53:41.772+0000][gc,cpu      ] GC(70) User=0.06s Sys=0.00s Real=0.01s
[2025-12-24T12:54:41.616+0000][gc,start    ] GC(71) Pause Young (Normal) (G1 Evacuation Pause)
[2025-12-24T12:54:41.617+0000][gc,task     ] GC(71) Using 8 workers of 8 for evacuation
[2025-12-24T12:54:41.629+0000][gc,phases   ] GC(71)   Pre Evacuate Collection Set: 3.7ms
[2025-12-24T12:54:41.629+0000][gc,phases   ] GC(71)   Merge Heap Roots: 0.7ms
[2025-12-24T12:54:41.629+0000][gc,phases   ] GC(71)   Evacuate Collection Set: 4.0ms
[2025-12-24T12:54:41.629+0000][gc,phases   ] GC(71)   Post Evacuate Collection Set: 2.5ms
[2025-12-24T12:54:41.629+0000][gc,phases   ] GC(71)   Other: 0.7ms
[2025-12-24T12:54:41.629+0000][gc,heap     ] GC(71) Eden regions: 611->0(612)
[2025-12-24T12:54:41.629+0000][gc,heap     ] GC(71) Survivor regions: 3->2(77)
[2025-12-24T12:54:41.630+0000][gc,heap     ] GC(71) Old regions: 20->21
[2025-12-24T12:54:41.630+0000][gc,heap     ] GC(71) Humongous regions: 20->20
[2025-12-24T12:54:41.630+0000][gc,metaspace] GC(71) Metaspace: 11978K(12416K)->11978K(12416K) NonClass: 10905K(11072K)->10905K(11072K) Class: 1072K(1344K)->1072K(1344K)
[2025-12-24T12:54:41.630+0000][gc          ] GC(71) Pause Young (Normal) (G1 Evacuation Pause) 652M->41M(1024M) 14.628ms
[2025-12-24T12:54:41.630+0000][gc,cpu      ] GC(71) User=0.06s Sys=0.01s Real=0.01s
[2025-12-24T12:55:31.808+0000][gc,start    ] GC(72) Pause Young (Normal) (G1 Evacuation Pause)
[2025-12-24T12:55:31.809+0000][gc,task     ] GC(72) Using 8 workers of 8 for evacuation
[2025-12-24T12:55:31.816+0000][gc,phases   ] GC(72)   Pre Evacuate Collection Set: 0.9ms
[2025-12-24T12:55:31.816+0000][gc,phases   ] GC(72)   Merge Heap Roots: 0.1ms
[2025-12-24T12:55:31.816+0000][gc,phases   ] GC(72)   Evacuate Collection Set: 3.3ms
[2025-12-24T12:55:31.816+0000][gc,phases   ] GC(72)   Post Evacuate Collection Set: 2.1ms
[2025-12-24T12:55:31.816+0000][gc,phases   ] GC(72)   Other: 0.2ms
[2025-12-24T12:55:31.816+0000][gc,heap     ] GC(72) Eden regions: 612->0(612)
[2025-12-24T12:55:31.816+0000][gc,heap     ] GC(72) Survivor regions: 2->2(77)
[2025-12-24T12:55:31.816+0000][gc,heap     ] GC(72) Old regions: 21->21
[2025-12-24T12:55:31.816+0000][gc,heap     ] GC(72) Humongous regions: 20->20
[2025-12-24T12:55:31.816+0000][gc,metaspace] GC(72) Metaspace: 11978K(12416K)->11978K(12416K) NonClass: 10905K(11072K)->10905K(11072K) Class: 1072K(1344K)->1072K(1344K)
[2025-12-24T12:55:31.816+0000][gc          ] GC(72) Pause Young (Normal) (G1 Evacuation Pause) 653M->42M(1024M) 7.981ms
[2025-12-24T12:55:31.816+0000][gc,cpu      ] GC(72) User=0.03s Sys=0.00s Real=0.01s
[2025-12-24T12:56:31.664+0000][gc,start    ] GC(73) Pause Young (Normal) (G1 Evacuation Pause)
[2025-12-24T12:56:31.665+0000][gc,task     ] GC(73) Using 8 workers of 8 for evacuation
[2025-12-24T12:56:31.670+0000][gc,phases   ] GC(73)   Pre Evacuate Collection Set: 0.9ms
[2025-12-24T12:56:31.670+0000][gc,phases   ] GC(73)   Merge Heap Roots: 0.2ms
[2025-12-24T12:56:31.670+0000][gc,phases   ] GC(73)   Evacuate Collection Set: 2.8ms
[2025-12-24T12:56:31.670+0000][gc,phases   ] GC(73)   Post Evacuate Collection Set: 0.9ms
[2025-12-24T12:56:31.670+0000][gc,phases   ] GC(73)   Other: 0.1ms
[2025-12-24T12:56:31.671+0000][gc,heap     ] GC(73) Eden regions: 612->0(612)
[2025-12-24T12:56:31.671+0000][gc,heap     ] GC(73) Survivor regions: 2->2(77)
[2025-12-24T12:56:31.671+0000][gc,heap     ] GC(73) Old regions: 21->21
[2025-12-24T12:56:31.671+0000][gc,heap     ] GC(73) Humongous regions: 20->20
[2025-12-24T12:56:31.671+0000][gc,metaspace] GC(73) Metaspace: 11981K(12416K)->11981K(12416K) NonClass: 10909K(11072K)->10909K(11072K) Class: 1072K(1344K)->1072K(1344K)
[2025-12-24T12:56:31.671+0000][gc          ] GC(73) Pause Young (Normal) (G1 Evacuation Pause) 654M->41M(1024M) 7.172ms
[2025-12-24T12:56:31.671+0000][gc,cpu      ] GC(73) User=0.02s Sys=0.00s Real=0.01s
[2025-12-24T12:57:31.526+0000][gc,start    ] GC(74) Pause Young (Normal) (G1 Evacuation Pause)
[2025-12-24T12:57:31.527+0000][gc,task     ] GC(74) Using 8 workers of 8 for evacuation
[2025-12-24T12:57:31.532+0000][gc,phases   ] GC(74)   Pre Evacuate Collection Set: 1.2ms
[2025-12-24T12:57:31.533+0000][gc,phases   ] GC(74)   Merge Heap Roots: 0.2ms
[2025-12-24T12:57:31.533+0000][gc,phases   ] GC(74)   Evacuate Collection Set: 2.5ms
[2025-12-24T12:57:31.533+0000][gc,phases   ] GC(74)   Post Evacuate Collection Set: 1.0ms
[2025-12-24T12:57:31.533+0000][gc,phases   ] GC(74)   Other: 0.2ms
[2025-12-24T12:57:31.533+0000][gc,heap     ] GC(74) Eden regions: 612->0(613)
[2025-12-24T12:57:31.533+0000][gc,heap     ] GC(74) Survivor regions: 2->1(77)
[2025-12-24T12:57:31.533+0000][gc,heap     ] GC(74) Old regions: 21->21
[2025-12-24T12:57:31.533+0000][gc,heap     ] GC(74) Humongous regions: 20->20
[2025-12-24T12:57:31.533+0000][gc,metaspace] GC(74) Metaspace: 11981K(12416K)->11981K(12416K) NonClass: 10909K(11072K)->10909K(11072K) Class: 1072K(1344K)->1072K(1344K)
[2025-12-24T12:57:31.533+0000][gc          ] GC(74) Pause Young (Normal) (G1 Evacuation Pause) 653M->41M(1024M) 7.547ms
[2025-12-24T12:57:31.533+0000][gc,cpu      ] GC(74) User=0.02s Sys=0.00s Real=0.01s
[2025-12-24T12:58:21.739+0000][gc,start    ] GC(75) Pause Young (Normal) (G1 Evacuation Pause)
[2025-12-24T12:58:21.740+0000][gc,task     ] GC(75) Using 8 workers of 8 for evacuation
[2025-12-24T12:58:21.744+0000][gc,phases   ] GC(75)   Pre Evacuate Collection Set: 0.9ms
[2025-12-24T12:58:21.745+0000][gc,phases   ] GC(75)   Merge Heap Roots: 0.2ms
[2025-12-24T12:58:21.745+0000][gc,phases   ] GC(75)   Evacuate Collection Set: 2.3ms
[2025-12-24T12:58:21.745+0000][gc,phases   ] GC(75)   Post Evacuate Collection Set: 0.8ms
[2025-12-24T12:58:21.745+0000][gc,phases   ] GC(75)   Other: 0.2ms
[2025-12-24T12:58:21.745+0000][gc,heap     ] GC(75) Eden regions: 613->0(612)
[2025-12-24T12:58:21.745+0000][gc,heap     ] GC(75) Survivor regions: 1->2(77)
[2025-12-24T12:58:21.745+0000][gc,heap     ] GC(75) Old regions: 21->21
[2025-12-24T12:58:21.745+0000][gc,heap     ] GC(75) Humongous regions: 20->20
[2025-12-24T12:58:21.745+0000][gc,metaspace] GC(75) Metaspace: 11981K(12416K)->11981K(12416K) NonClass: 10909K(11072K)->10909K(11072K) Class: 1072K(1344K)->1072K(1344K)
[2025-12-24T12:58:21.745+0000][gc          ] GC(75) Pause Young (Normal) (G1 Evacuation Pause) 654M->41M(1024M) 5.494ms
[2025-12-24T12:58:21.745+0000][gc,cpu      ] GC(75) User=0.02s Sys=0.01s Real=0.00s
[2025-12-24T12:59:21.613+0000][gc,start    ] GC(76) Pause Young (Normal) (G1 Evacuation Pause)
[2025-12-24T12:59:21.614+0000][gc,task     ] GC(76) Using 8 workers of 8 for evacuation
[2025-12-24T12:59:21.618+0000][gc,phases   ] GC(76)   Pre Evacuate Collection Set: 0.9ms
[2025-12-24T12:59:21.618+0000][gc,phases   ] GC(76)   Merge Heap Roots: 0.2ms
[2025-12-24T12:59:21.618+0000][gc,phases   ] GC(76)   Evacuate Collection Set: 2.1ms
[2025-12-24T12:59:21.618+0000][gc,phases   ] GC(76)   Post Evacuate Collection Set: 0.8ms
[2025-12-24T12:59:21.618+0000][gc,phases   ] GC(76)   Other: 0.1ms
[2025-12-24T12:59:21.618+0000][gc,heap     ] GC(76) Eden regions: 612->0(613)
[2025-12-24T12:59:21.618+0000][gc,heap     ] GC(76) Survivor regions: 2->1(77)
[2025-12-24T12:59:21.619+0000][gc,heap     ] GC(76) Old regions: 21->21
[2025-12-24T12:59:21.619+0000][gc,heap     ] GC(76) Humongous regions: 20->20
[2025-12-24T12:59:21.619+0000][gc,metaspace] GC(76) Metaspace: 11981K(12416K)->11981K(12416K) NonClass: 10909K(11072K)->10909K(11072K) Class: 1072K(1344K)->1072K(1344K)
[2025-12-24T12:59:21.619+0000][gc          ] GC(76) Pause Young (Normal) (G1 Evacuation Pause) 653M->41M(1024M) 5.235ms
[2025-12-24T12:59:21.619+0000][gc,cpu      ] GC(76) User=0.02s Sys=0.01s Real=0.01s
[2025-12-24T13:00:11.829+0000][gc,start    ] GC(77) Pause Young (Normal) (G1 Evacuation Pause)
[2025-12-24T13:00:11.831+0000][gc,task     ] GC(77) Using 8 workers of 8 for evacuation
[2025-12-24T13:00:11.843+0000][gc,phases   ] GC(77)   Pre Evacuate Collection Set: 2.3ms
[2025-12-24T13:00:11.843+0000][gc,phases   ] GC(77)   Merge Heap Roots: 0.6ms
[2025-12-24T13:00:11.843+0000][gc,phases   ] GC(77)   Evacuate Collection Set: 7.2ms
[2025-12-24T13:00:11.843+0000][gc,phases   ] GC(77)   Post Evacuate Collection Set: 1.3ms
[2025-12-24T13:00:11.843+0000][gc,phases   ] GC(77)   Other: 0.4ms
[2025-12-24T13:00:11.843+0000][gc,heap     ] GC(77) Eden regions: 613->0(612)
[2025-12-24T13:00:11.843+0000][gc,heap     ] GC(77) Survivor regions: 1->2(77)
[2025-12-24T13:00:11.843+0000][gc,heap     ] GC(77) Old regions: 21->21
[2025-12-24T13:00:11.843+0000][gc,heap     ] GC(77) Humongous regions: 20->20
[2025-12-24T13:00:11.843+0000][gc,metaspace] GC(77) Metaspace: 11981K(12416K)->11981K(12416K) NonClass: 10909K(11072K)->10909K(11072K) Class: 1072K(1344K)->1072K(1344K)
[2025-12-24T13:00:11.843+0000][gc          ] GC(77) Pause Young (Normal) (G1 Evacuation Pause) 654M->42M(1024M) 13.904ms
[2025-12-24T13:00:11.843+0000][gc,cpu      ] GC(77) User=0.07s Sys=0.01s Real=0.01s
[2025-12-24T13:01:11.709+0000][gc,start    ] GC(78) Pause Young (Normal) (G1 Evacuation Pause)
[2025-12-24T13:01:11.710+0000][gc,task     ] GC(78) Using 8 workers of 8 for evacuation
[2025-12-24T13:01:11.714+0000][gc,phases   ] GC(78)   Pre Evacuate Collection Set: 0.9ms
[2025-12-24T13:01:11.714+0000][gc,phases   ] GC(78)   Merge Heap Roots: 0.2ms
[2025-12-24T13:01:11.715+0000][gc,phases   ] GC(78)   Evacuate Collection Set: 2.3ms
[2025-12-24T13:01:11.715+0000][gc,phases   ] GC(78)   Post Evacuate Collection Set: 0.8ms
[2025-12-24T13:01:11.715+0000][gc,phases   ] GC(78)   Other: 0.2ms
[2025-12-24T13:01:11.715+0000][gc,heap     ] GC(78) Eden regions: 612->0(612)
[2025-12-24T13:01:11.715+0000][gc,heap     ] GC(78) Survivor regions: 2->2(77)
[2025-12-24T13:01:11.715+0000][gc,heap     ] GC(78) Old regions: 21->21
[2025-12-24T13:01:11.715+0000][gc,heap     ] GC(78) Humongous regions: 20->20
[2025-12-24T13:01:11.715+0000][gc,metaspace] GC(78) Metaspace: 11981K(12416K)->11981K(12416K) NonClass: 10909K(11072K)->10909K(11072K) Class: 1072K(1344K)->1072K(1344K)
[2025-12-24T13:01:11.715+0000][gc          ] GC(78) Pause Young (Normal) (G1 Evacuation Pause) 654M->41M(1024M) 5.400ms
[2025-12-24T13:01:11.715+0000][gc,cpu      ] GC(78) User=0.02s Sys=0.00s Real=0.00s
[2025-12-24T13:02:11.582+0000][gc,start    ] GC(79) Pause Young (Normal) (G1 Evacuation Pause)
[2025-12-24T13:02:11.583+0000][gc,task     ] GC(79) Using 8 workers of 8 for evacuation
[2025-12-24T13:02:11.589+0000][gc,phases   ] GC(79)   Pre Evacuate Collection Set: 0.9ms
[2025-12-24T13:02:11.589+0000][gc,phases   ] GC(79)   Merge Heap Roots: 0.2ms
[2025-12-24T13:02:11.589+0000][gc,phases   ] GC(79)   Evacuate Collection Set: 3.4ms
[2025-12-24T13:02:11.589+0000][gc,phases   ] GC(79)   Post Evacuate Collection Set: 1.4ms
[2025-12-24T13:02:11.589+0000][gc,phases   ] GC(79)   Other: 0.2ms
[2025-12-24T13:02:11.589+0000][gc,heap     ] GC(79) Eden regions: 612->0(613)
[2025-12-24T13:02:11.589+0000][gc,heap     ] GC(79) Survivor regions: 2->1(77)
[2025-12-24T13:02:11.589+0000][gc,heap     ] GC(79) Old regions: 21->21
[2025-12-24T13:02:11.589+0000][gc,heap     ] GC(79) Humongous regions: 20->20
[2025-12-24T13:02:11.589+0000][gc,metaspace] GC(79) Metaspace: 11983K(12416K)->11983K(12416K) NonClass: 10910K(11072K)->10910K(11072K) Class: 1072K(1344K)->1072K(1344K)
[2025-12-24T13:02:11.589+0000][gc          ] GC(79) Pause Young (Normal) (G1 Evacuation Pause) 653M->41M(1024M) 7.519ms
[2025-12-24T13:02:11.589+0000][gc,cpu      ] GC(79) User=0.04s Sys=0.01s Real=0.01s
[2025-12-24T13:03:01.801+0000][gc,start    ] GC(80) Pause Young (Normal) (G1 Evacuation Pause)
[2025-12-24T13:03:01.802+0000][gc,task     ] GC(80) Using 8 workers of 8 for evacuation
[2025-12-24T13:03:01.806+0000][gc,phases   ] GC(80)   Pre Evacuate Collection Set: 1.0ms
[2025-12-24T13:03:01.806+0000][gc,phases   ] GC(80)   Merge Heap Roots: 0.2ms
[2025-12-24T13:03:01.806+0000][gc,phases   ] GC(80)   Evacuate Collection Set: 2.1ms
[2025-12-24T13:03:01.806+0000][gc,phases   ] GC(80)   Post Evacuate Collection Set: 0.9ms
[2025-12-24T13:03:01.806+0000][gc,phases   ] GC(80)   Other: 0.2ms
[2025-12-24T13:03:01.806+0000][gc,heap     ] GC(80) Eden regions: 613->0(612)
[2025-12-24T13:03:01.806+0000][gc,heap     ] GC(80) Survivor regions: 1->2(77)
[2025-12-24T13:03:01.806+0000][gc,heap     ] GC(80) Old regions: 21->21
[2025-12-24T13:03:01.806+0000][gc,heap     ] GC(80) Humongous regions: 20->20
[2025-12-24T13:03:01.807+0000][gc,metaspace] GC(80) Metaspace: 11988K(12416K)->11988K(12416K) NonClass: 10916K(11072K)->10916K(11072K) Class: 1072K(1344K)->1072K(1344K)
[2025-12-24T13:03:01.807+0000][gc          ] GC(80) Pause Young (Normal) (G1 Evacuation Pause) 654M->42M(1024M) 5.511ms
[2025-12-24T13:03:01.807+0000][gc,cpu      ] GC(80) User=0.02s Sys=0.00s Real=0.01s
[2025-12-24T13:04:01.685+0000][gc,start    ] GC(81) Pause Young (Normal) (G1 Evacuation Pause)
[2025-12-24T13:04:01.687+0000][gc,task     ] GC(81) Using 8 workers of 8 for evacuation
[2025-12-24T13:04:01.692+0000][gc,phases   ] GC(81)   Pre Evacuate Collection Set: 1.2ms
[2025-12-24T13:04:01.692+0000][gc,phases   ] GC(81)   Merge Heap Roots: 0.2ms
[2025-12-24T13:04:01.693+0000][gc,phases   ] GC(81)   Evacuate Collection Set: 2.5ms
[2025-12-24T13:04:01.693+0000][gc,phases   ] GC(81)   Post Evacuate Collection Set: 1.0ms
[2025-12-24T13:04:01.693+0000][gc,phases   ] GC(81)   Other: 0.3ms
[2025-12-24T13:04:01.693+0000][gc,heap     ] GC(81) Eden regions: 612->0(612)
[2025-12-24T13:04:01.693+0000][gc,heap     ] GC(81) Survivor regions: 2->2(77)
[2025-12-24T13:04:01.693+0000][gc,heap     ] GC(81) Old regions: 21->21
[2025-12-24T13:04:01.693+0000][gc,heap     ] GC(81) Humongous regions: 20->20
[2025-12-24T13:04:01.693+0000][gc,metaspace] GC(81) Metaspace: 11988K(12416K)->11988K(12416K) NonClass: 10916K(11072K)->10916K(11072K) Class: 1072K(1344K)->1072K(1344K)
[2025-12-24T13:04:01.693+0000][gc          ] GC(81) Pause Young (Normal) (G1 Evacuation Pause) 654M->41M(1024M) 7.581ms
[2025-12-24T13:04:01.693+0000][gc,cpu      ] GC(81) User=0.03s Sys=0.00s Real=0.01s
[2025-12-24T13:05:01.554+0000][gc,start    ] GC(82) Pause Young (Normal) (G1 Evacuation Pause)
[2025-12-24T13:05:01.555+0000][gc,task     ] GC(82) Using 8 workers of 8 for evacuation
[2025-12-24T13:05:01.561+0000][gc,phases   ] GC(82)   Pre Evacuate Collection Set: 1.3ms
[2025-12-24T13:05:01.561+0000][gc,phases   ] GC(82)   Merge Heap Roots: 0.2ms
[2025-12-24T13:05:01.562+0000][gc,phases   ] GC(82)   Evacuate Collection Set: 3.2ms
[2025-12-24T13:05:01.562+0000][gc,phases   ] GC(82)   Post Evacuate Collection Set: 1.3ms
[2025-12-24T13:05:01.562+0000][gc,phases   ] GC(82)   Other: 0.3ms
[2025-12-24T13:05:01.562+0000][gc,heap     ] GC(82) Eden regions: 612->0(613)
[2025-12-24T13:05:01.562+0000][gc,heap     ] GC(82) Survivor regions: 2->1(77)
[2025-12-24T13:05:01.562+0000][gc,heap     ] GC(82) Old regions: 21->21
[2025-12-24T13:05:01.562+0000][gc,heap     ] GC(82) Humongous regions: 20->20
[2025-12-24T13:05:01.562+0000][gc,metaspace] GC(82) Metaspace: 11991K(12416K)->11991K(12416K) NonClass: 10918K(11072K)->10918K(11072K) Class: 1072K(1344K)->1072K(1344K)
[2025-12-24T13:05:01.562+0000][gc          ] GC(82) Pause Young (Normal) (G1 Evacuation Pause) 653M->41M(1024M) 7.821ms
[2025-12-24T13:05:01.562+0000][gc,cpu      ] GC(82) User=0.03s Sys=0.00s Real=0.01s
[2025-12-24T13:05:51.885+0000][gc,start    ] GC(83) Pause Young (Normal) (G1 Evacuation Pause)
[2025-12-24T13:05:51.886+0000][gc,task     ] GC(83) Using 8 workers of 8 for evacuation
[2025-12-24T13:05:51.894+0000][gc,phases   ] GC(83)   Pre Evacuate Collection Set: 1.0ms
[2025-12-24T13:05:51.894+0000][gc,phases   ] GC(83)   Merge Heap Roots: 0.2ms
[2025-12-24T13:05:51.894+0000][gc,phases   ] GC(83)   Evacuate Collection Set: 5.0ms
[2025-12-24T13:05:51.894+0000][gc,phases   ] GC(83)   Post Evacuate Collection Set: 1.0ms
[2025-12-24T13:05:51.894+0000][gc,phases   ] GC(83)   Other: 0.2ms
[2025-12-24T13:05:51.894+0000][gc,heap     ] GC(83) Eden regions: 613->0(612)
[2025-12-24T13:05:51.894+0000][gc,heap     ] GC(83) Survivor regions: 1->2(77)
[2025-12-24T13:05:51.894+0000][gc,heap     ] GC(83) Old regions: 21->21
[2025-12-24T13:05:51.894+0000][gc,heap     ] GC(83) Humongous regions: 20->20
[2025-12-24T13:05:51.894+0000][gc,metaspace] GC(83) Metaspace: 11991K(12416K)->11991K(12416K) NonClass: 10918K(11072K)->10918K(11072K) Class: 1072K(1344K)->1072K(1344K)
[2025-12-24T13:05:51.894+0000][gc          ] GC(83) Pause Young (Normal) (G1 Evacuation Pause) 654M->42M(1024M) 9.675ms
[2025-12-24T13:05:51.895+0000][gc,cpu      ] GC(83) User=0.04s Sys=0.01s Real=0.00s
[2025-12-24T13:06:51.700+0000][gc,start    ] GC(84) Pause Young (Normal) (G1 Evacuation Pause)
[2025-12-24T13:06:51.701+0000][gc,task     ] GC(84) Using 8 workers of 8 for evacuation
[2025-12-24T13:06:51.705+0000][gc,phases   ] GC(84)   Pre Evacuate Collection Set: 0.9ms
[2025-12-24T13:06:51.706+0000][gc,phases   ] GC(84)   Merge Heap Roots: 0.1ms
[2025-12-24T13:06:51.706+0000][gc,phases   ] GC(84)   Evacuate Collection Set: 1.9ms
[2025-12-24T13:06:51.706+0000][gc,phases   ] GC(84)   Post Evacuate Collection Set: 1.0ms
[2025-12-24T13:06:51.706+0000][gc,phases   ] GC(84)   Other: 0.2ms
[2025-12-24T13:06:51.706+0000][gc,heap     ] GC(84) Eden regions: 612->0(613)
[2025-12-24T13:06:51.706+0000][gc,heap     ] GC(84) Survivor regions: 2->1(77)
[2025-12-24T13:06:51.706+0000][gc,heap     ] GC(84) Old regions: 21->21
[2025-12-24T13:06:51.706+0000][gc,heap     ] GC(84) Humongous regions: 20->20
[2025-12-24T13:06:51.706+0000][gc,metaspace] GC(84) Metaspace: 11991K(12416K)->11991K(12416K) NonClass: 10919K(11072K)->10919K(11072K) Class: 1072K(1344K)->1072K(1344K)
[2025-12-24T13:06:51.706+0000][gc          ] GC(84) Pause Young (Normal) (G1 Evacuation Pause) 654M->41M(1024M) 6.595ms
[2025-12-24T13:06:51.706+0000][gc,cpu      ] GC(84) User=0.02s Sys=0.00s Real=0.01s
[2025-12-24T13:07:41.913+0000][gc,start    ] GC(85) Pause Young (Normal) (G1 Evacuation Pause)
[2025-12-24T13:07:41.915+0000][gc,task     ] GC(85) Using 8 workers of 8 for evacuation
[2025-12-24T13:07:41.920+0000][gc,phases   ] GC(85)   Pre Evacuate Collection Set: 1.0ms
[2025-12-24T13:07:41.920+0000][gc,phases   ] GC(85)   Merge Heap Roots: 0.1ms
[2025-12-24T13:07:41.920+0000][gc,phases   ] GC(85)   Evacuate Collection Set: 2.0ms
[2025-12-24T13:07:41.920+0000][gc,phases   ] GC(85)   Post Evacuate Collection Set: 1.6ms
[2025-12-24T13:07:41.920+0000][gc,phases   ] GC(85)   Other: 0.2ms
[2025-12-24T13:07:41.920+0000][gc,heap     ] GC(85) Eden regions: 613->0(612)
[2025-12-24T13:07:41.920+0000][gc,heap     ] GC(85) Survivor regions: 1->2(77)
[2025-12-24T13:07:41.920+0000][gc,heap     ] GC(85) Old regions: 21->21
[2025-12-24T13:07:41.920+0000][gc,heap     ] GC(85) Humongous regions: 20->20
[2025-12-24T13:07:41.920+0000][gc,metaspace] GC(85) Metaspace: 11992K(12416K)->11992K(12416K) NonClass: 10920K(11072K)->10920K(11072K) Class: 1072K(1344K)->1072K(1344K)
[2025-12-24T13:07:41.920+0000][gc          ] GC(85) Pause Young (Normal) (G1 Evacuation Pause) 654M->42M(1024M) 7.274ms
[2025-12-24T13:07:41.920+0000][gc,cpu      ] GC(85) User=0.02s Sys=0.00s Real=0.01s
[2025-12-24T13:08:41.878+0000][gc,start    ] GC(86) Pause Young (Normal) (G1 Evacuation Pause)
[2025-12-24T13:08:41.879+0000][gc,task     ] GC(86) Using 8 workers of 8 for evacuation
[2025-12-24T13:08:41.888+0000][gc,phases   ] GC(86)   Pre Evacuate Collection Set: 4.3ms
[2025-12-24T13:08:41.888+0000][gc,phases   ] GC(86)   Merge Heap Roots: 0.2ms
[2025-12-24T13:08:41.888+0000][gc,phases   ] GC(86)   Evacuate Collection Set: 2.8ms
[2025-12-24T13:08:41.888+0000][gc,phases   ] GC(86)   Post Evacuate Collection Set: 1.0ms
[2025-12-24T13:08:41.888+0000][gc,phases   ] GC(86)   Other: 0.4ms
[2025-12-24T13:08:41.889+0000][gc,heap     ] GC(86) Eden regions: 612->0(612)
[2025-12-24T13:08:41.889+0000][gc,heap     ] GC(86) Survivor regions: 2->2(77)
[2025-12-24T13:08:41.889+0000][gc,heap     ] GC(86) Old regions: 21->21
[2025-12-24T13:08:41.889+0000][gc,heap     ] GC(86) Humongous regions: 20->20
[2025-12-24T13:08:41.889+0000][gc,metaspace] GC(86) Metaspace: 11995K(12416K)->11995K(12416K) NonClass: 10923K(11072K)->10923K(11072K) Class: 1072K(1344K)->1072K(1344K)
[2025-12-24T13:08:41.889+0000][gc          ] GC(86) Pause Young (Normal) (G1 Evacuation Pause) 654M->42M(1024M) 10.388ms
[2025-12-24T13:08:41.889+0000][gc,cpu      ] GC(86) User=0.05s Sys=0.00s Real=0.01s
[2025-12-24T13:09:41.663+0000][gc,start    ] GC(87) Pause Young (Normal) (G1 Evacuation Pause)
[2025-12-24T13:09:41.663+0000][gc,task     ] GC(87) Using 8 workers of 8 for evacuation
[2025-12-24T13:09:41.668+0000][gc,phases   ] GC(87)   Pre Evacuate Collection Set: 1.1ms
[2025-12-24T13:09:41.668+0000][gc,phases   ] GC(87)   Merge Heap Roots: 0.2ms
[2025-12-24T13:09:41.668+0000][gc,phases   ] GC(87)   Evacuate Collection Set: 2.3ms
[2025-12-24T13:09:41.668+0000][gc,phases   ] GC(87)   Post Evacuate Collection Set: 1.0ms
[2025-12-24T13:09:41.669+0000][gc,phases   ] GC(87)   Other: 0.3ms
[2025-12-24T13:09:41.669+0000][gc,heap     ] GC(87) Eden regions: 612->0(613)
[2025-12-24T13:09:41.669+0000][gc,heap     ] GC(87) Survivor regions: 2->1(77)
[2025-12-24T13:09:41.669+0000][gc,heap     ] GC(87) Old regions: 21->21
[2025-12-24T13:09:41.669+0000][gc,heap     ] GC(87) Humongous regions: 20->20
[2025-12-24T13:09:41.669+0000][gc,metaspace] GC(87) Metaspace: 11997K(12416K)->11997K(12416K) NonClass: 10925K(11072K)->10925K(11072K) Class: 1072K(1344K)->1072K(1344K)
[2025-12-24T13:09:41.669+0000][gc          ] GC(87) Pause Young (Normal) (G1 Evacuation Pause) 654M->41M(1024M) 6.271ms
[2025-12-24T13:09:41.669+0000][gc,cpu      ] GC(87) User=0.02s Sys=0.00s Real=0.01s
[2025-12-24T13:10:31.869+0000][gc,start    ] GC(88) Pause Young (Normal) (G1 Evacuation Pause)
[2025-12-24T13:10:31.871+0000][gc,task     ] GC(88) Using 8 workers of 8 for evacuation
[2025-12-24T13:10:31.875+0000][gc,phases   ] GC(88)   Pre Evacuate Collection Set: 0.9ms
[2025-12-24T13:10:31.875+0000][gc,phases   ] GC(88)   Merge Heap Roots: 0.2ms
[2025-12-24T13:10:31.875+0000][gc,phases   ] GC(88)   Evacuate Collection Set: 2.4ms
[2025-12-24T13:10:31.875+0000][gc,phases   ] GC(88)   Post Evacuate Collection Set: 0.9ms
[2025-12-24T13:10:31.875+0000][gc,phases   ] GC(88)   Other: 0.2ms
[2025-12-24T13:10:31.876+0000][gc,heap     ] GC(88) Eden regions: 613->0(612)
[2025-12-24T13:10:31.876+0000][gc,heap     ] GC(88) Survivor regions: 1->2(77)
[2025-12-24T13:10:31.876+0000][gc,heap     ] GC(88) Old regions: 21->21
[2025-12-24T13:10:31.876+0000][gc,heap     ] GC(88) Humongous regions: 20->20
[2025-12-24T13:10:31.876+0000][gc,metaspace] GC(88) Metaspace: 11997K(12416K)->11997K(12416K) NonClass: 10925K(11072K)->10925K(11072K) Class: 1072K(1344K)->1072K(1344K)
[2025-12-24T13:10:31.876+0000][gc          ] GC(88) Pause Young (Normal) (G1 Evacuation Pause) 654M->42M(1024M) 6.790ms
[2025-12-24T13:10:31.876+0000][gc,cpu      ] GC(88) User=0.02s Sys=0.01s Real=0.01s
[2025-12-24T13:11:31.561+0000][gc,start    ] GC(89) Pause Young (Normal) (G1 Evacuation Pause)
[2025-12-24T13:11:31.565+0000][gc,task     ] GC(89) Using 8 workers of 8 for evacuation
[2025-12-24T13:11:31.597+0000][gc,phases   ] GC(89)   Pre Evacuate Collection Set: 24.4ms
[2025-12-24T13:11:31.597+0000][gc,phases   ] GC(89)   Merge Heap Roots: 1.5ms
[2025-12-24T13:11:31.597+0000][gc,phases   ] GC(89)   Evacuate Collection Set: 2.8ms
[2025-12-24T13:11:31.597+0000][gc,phases   ] GC(89)   Post Evacuate Collection Set: 2.0ms
[2025-12-24T13:11:31.597+0000][gc,phases   ] GC(89)   Other: 0.6ms
[2025-12-24T13:11:31.597+0000][gc,heap     ] GC(89) Eden regions: 612->0(612)
[2025-12-24T13:11:31.597+0000][gc,heap     ] GC(89) Survivor regions: 2->2(77)
[2025-12-24T13:11:31.598+0000][gc,heap     ] GC(89) Old regions: 21->21
[2025-12-24T13:11:31.598+0000][gc,heap     ] GC(89) Humongous regions: 20->20
[2025-12-24T13:11:31.598+0000][gc,metaspace] GC(89) Metaspace: 11997K(12416K)->11997K(12416K) NonClass: 10925K(11072K)->10925K(11072K) Class: 1072K(1344K)->1072K(1344K)
[2025-12-24T13:11:31.598+0000][gc          ] GC(89) Pause Young (Normal) (G1 Evacuation Pause) 654M->42M(1024M) 36.590ms
[2025-12-24T13:11:31.598+0000][gc,cpu      ] GC(89) User=0.11s Sys=0.02s Real=0.03s
[2025-12-24T13:12:31.414+0000][gc,start    ] GC(90) Pause Young (Normal) (G1 Evacuation Pause)
[2025-12-24T13:12:31.415+0000][gc,task     ] GC(90) Using 8 workers of 8 for evacuation
[2025-12-24T13:12:31.421+0000][gc,phases   ] GC(90)   Pre Evacuate Collection Set: 1.0ms
[2025-12-24T13:12:31.421+0000][gc,phases   ] GC(90)   Merge Heap Roots: 0.2ms
[2025-12-24T13:12:31.421+0000][gc,phases   ] GC(90)   Evacuate Collection Set: 3.3ms
[2025-12-24T13:12:31.421+0000][gc,phases   ] GC(90)   Post Evacuate Collection Set: 1.1ms
[2025-12-24T13:12:31.421+0000][gc,phases   ] GC(90)   Other: 0.3ms
[2025-12-24T13:12:31.421+0000][gc,heap     ] GC(90) Eden regions: 612->0(613)
[2025-12-24T13:12:31.421+0000][gc,heap     ] GC(90) Survivor regions: 2->1(77)
[2025-12-24T13:12:31.421+0000][gc,heap     ] GC(90) Old regions: 21->21
[2025-12-24T13:12:31.421+0000][gc,heap     ] GC(90) Humongous regions: 20->20
[2025-12-24T13:12:31.421+0000][gc,metaspace] GC(90) Metaspace: 11997K(12416K)->11997K(12416K) NonClass: 10925K(11072K)->10925K(11072K) Class: 1072K(1344K)->1072K(1344K)
[2025-12-24T13:12:31.422+0000][gc          ] GC(90) Pause Young (Normal) (G1 Evacuation Pause) 654M->41M(1024M) 7.382ms
[2025-12-24T13:12:31.422+0000][gc,cpu      ] GC(90) User=0.03s Sys=0.00s Real=0.01s
[2025-12-24T13:13:21.675+0000][gc,start    ] GC(91) Pause Young (Normal) (G1 Evacuation Pause)
[2025-12-24T13:13:21.675+0000][gc,task     ] GC(91) Using 8 workers of 8 for evacuation
[2025-12-24T13:13:21.682+0000][gc,phases   ] GC(91)   Pre Evacuate Collection Set: 1.2ms
[2025-12-24T13:13:21.682+0000][gc,phases   ] GC(91)   Merge Heap Roots: 0.2ms
[2025-12-24T13:13:21.682+0000][gc,phases   ] GC(91)   Evacuate Collection Set: 3.5ms
[2025-12-24T13:13:21.682+0000][gc,phases   ] GC(91)   Post Evacuate Collection Set: 1.4ms
[2025-12-24T13:13:21.682+0000][gc,phases   ] GC(91)   Other: 0.2ms
[2025-12-24T13:13:21.682+0000][gc,heap     ] GC(91) Eden regions: 613->0(612)
[2025-12-24T13:13:21.682+0000][gc,heap     ] GC(91) Survivor regions: 1->2(77)
[2025-12-24T13:13:21.682+0000][gc,heap     ] GC(91) Old regions: 21->21
[2025-12-24T13:13:21.682+0000][gc,heap     ] GC(91) Humongous regions: 20->20
[2025-12-24T13:13:21.683+0000][gc,metaspace] GC(91) Metaspace: 12106K(12544K)->12106K(12544K) NonClass: 11034K(11200K)->11034K(11200K) Class: 1072K(1344K)->1072K(1344K)
[2025-12-24T13:13:21.683+0000][gc          ] GC(91) Pause Young (Normal) (G1 Evacuation Pause) 654M->42M(1024M) 7.577ms
[2025-12-24T13:13:21.683+0000][gc,cpu      ] GC(91) User=0.03s Sys=0.01s Real=0.01s
[2025-12-24T13:14:21.516+0000][gc,start    ] GC(92) Pause Young (Normal) (G1 Evacuation Pause)
[2025-12-24T13:14:21.517+0000][gc,task     ] GC(92) Using 8 workers of 8 for evacuation
[2025-12-24T13:14:21.522+0000][gc,phases   ] GC(92)   Pre Evacuate Collection Set: 1.0ms
[2025-12-24T13:14:21.522+0000][gc,phases   ] GC(92)   Merge Heap Roots: 0.2ms
[2025-12-24T13:14:21.522+0000][gc,phases   ] GC(92)   Evacuate Collection Set: 2.7ms
[2025-12-24T13:14:21.522+0000][gc,phases   ] GC(92)   Post Evacuate Collection Set: 1.2ms
[2025-12-24T13:14:21.522+0000][gc,phases   ] GC(92)   Other: 0.2ms
[2025-12-24T13:14:21.522+0000][gc,heap     ] GC(92) Eden regions: 612->0(612)
[2025-12-24T13:14:21.522+0000][gc,heap     ] GC(92) Survivor regions: 2->2(77)
[2025-12-24T13:14:21.522+0000][gc,heap     ] GC(92) Old regions: 21->21
[2025-12-24T13:14:21.522+0000][gc,heap     ] GC(92) Humongous regions: 20->20
[2025-12-24T13:14:21.523+0000][gc,metaspace] GC(92) Metaspace: 12106K(12544K)->12106K(12544K) NonClass: 11034K(11200K)->11034K(11200K) Class: 1072K(1344K)->1072K(1344K)
[2025-12-24T13:14:21.523+0000][gc          ] GC(92) Pause Young (Normal) (G1 Evacuation Pause) 654M->41M(1024M) 7.069ms
[2025-12-24T13:14:21.524+0000][gc,cpu      ] GC(92) User=0.03s Sys=0.00s Real=0.00s
[2025-12-24T13:15:11.710+0000][gc,start    ] GC(93) Pause Young (Normal) (G1 Evacuation Pause)
[2025-12-24T13:15:11.711+0000][gc,task     ] GC(93) Using 8 workers of 8 for evacuation
[2025-12-24T13:15:11.715+0000][gc,phases   ] GC(93)   Pre Evacuate Collection Set: 0.9ms
[2025-12-24T13:15:11.716+0000][gc,phases   ] GC(93)   Merge Heap Roots: 0.1ms
[2025-12-24T13:15:11.716+0000][gc,phases   ] GC(93)   Evacuate Collection Set: 2.1ms
[2025-12-24T13:15:11.716+0000][gc,phases   ] GC(93)   Post Evacuate Collection Set: 0.9ms
[2025-12-24T13:15:11.716+0000][gc,phases   ] GC(93)   Other: 0.2ms
[2025-12-24T13:15:11.716+0000][gc,heap     ] GC(93) Eden regions: 612->0(612)
[2025-12-24T13:15:11.716+0000][gc,heap     ] GC(93) Survivor regions: 2->2(77)
[2025-12-24T13:15:11.716+0000][gc,heap     ] GC(93) Old regions: 21->21
[2025-12-24T13:15:11.716+0000][gc,heap     ] GC(93) Humongous regions: 20->20
[2025-12-24T13:15:11.716+0000][gc,metaspace] GC(93) Metaspace: 12110K(12544K)->12110K(12544K) NonClass: 11038K(11200K)->11038K(11200K) Class: 1072K(1344K)->1072K(1344K)
[2025-12-24T13:15:11.716+0000][gc          ] GC(93) Pause Young (Normal) (G1 Evacuation Pause) 653M->42M(1024M) 6.185ms
[2025-12-24T13:15:11.716+0000][gc,cpu      ] GC(93) User=0.02s Sys=0.00s Real=0.01s
[2025-12-24T13:16:11.608+0000][gc,start    ] GC(94) Pause Young (Normal) (G1 Evacuation Pause)
[2025-12-24T13:16:11.609+0000][gc,task     ] GC(94) Using 8 workers of 8 for evacuation
[2025-12-24T13:16:11.616+0000][gc,phases   ] GC(94)   Pre Evacuate Collection Set: 1.5ms
[2025-12-24T13:16:11.616+0000][gc,phases   ] GC(94)   Merge Heap Roots: 0.2ms
[2025-12-24T13:16:11.616+0000][gc,phases   ] GC(94)   Evacuate Collection Set: 3.7ms
[2025-12-24T13:16:11.616+0000][gc,phases   ] GC(94)   Post Evacuate Collection Set: 1.0ms
[2025-12-24T13:16:11.616+0000][gc,phases   ] GC(94)   Other: 0.6ms
[2025-12-24T13:16:11.616+0000][gc,heap     ] GC(94) Eden regions: 612->0(612)
[2025-12-24T13:16:11.616+0000][gc,heap     ] GC(94) Survivor regions: 2->2(77)
[2025-12-24T13:16:11.617+0000][gc,heap     ] GC(94) Old regions: 21->21
[2025-12-24T13:16:11.617+0000][gc,heap     ] GC(94) Humongous regions: 20->20
[2025-12-24T13:16:11.617+0000][gc,metaspace] GC(94) Metaspace: 12110K(12544K)->12110K(12544K) NonClass: 11038K(11200K)->11038K(11200K) Class: 1072K(1344K)->1072K(1344K)
[2025-12-24T13:16:11.617+0000][gc          ] GC(94) Pause Young (Normal) (G1 Evacuation Pause) 654M->42M(1024M) 8.938ms
[2025-12-24T13:16:11.617+0000][gc,cpu      ] GC(94) User=0.02s Sys=0.00s Real=0.01s
[2025-12-24T13:17:11.461+0000][gc,start    ] GC(95) Pause Young (Normal) (G1 Evacuation Pause)
[2025-12-24T13:17:11.462+0000][gc,task     ] GC(95) Using 8 workers of 8 for evacuation
[2025-12-24T13:17:11.468+0000][gc,phases   ] GC(95)   Pre Evacuate Collection Set: 0.9ms
[2025-12-24T13:17:11.468+0000][gc,phases   ] GC(95)   Merge Heap Roots: 0.2ms
[2025-12-24T13:17:11.468+0000][gc,phases   ] GC(95)   Evacuate Collection Set: 2.5ms
[2025-12-24T13:17:11.468+0000][gc,phases   ] GC(95)   Post Evacuate Collection Set: 2.0ms
[2025-12-24T13:17:11.468+0000][gc,phases   ] GC(95)   Other: 0.2ms
[2025-12-24T13:17:11.468+0000][gc,heap     ] GC(95) Eden regions: 612->0(613)
[2025-12-24T13:17:11.468+0000][gc,heap     ] GC(95) Survivor regions: 2->1(77)
[2025-12-24T13:17:11.468+0000][gc,heap     ] GC(95) Old regions: 21->21
[2025-12-24T13:17:11.468+0000][gc,heap     ] GC(95) Humongous regions: 20->20
[2025-12-24T13:17:11.468+0000][gc,metaspace] GC(95) Metaspace: 12110K(12544K)->12110K(12544K) NonClass: 11038K(11200K)->11038K(11200K) Class: 1072K(1344K)->1072K(1344K)
[2025-12-24T13:17:11.468+0000][gc          ] GC(95) Pause Young (Normal) (G1 Evacuation Pause) 654M->41M(1024M) 6.880ms
[2025-12-24T13:17:11.468+0000][gc,cpu      ] GC(95) User=0.03s Sys=0.00s Real=0.00s
[2025-12-24T13:18:01.697+0000][gc,start    ] GC(96) Pause Young (Normal) (G1 Evacuation Pause)
[2025-12-24T13:18:01.698+0000][gc,task     ] GC(96) Using 8 workers of 8 for evacuation
[2025-12-24T13:18:01.703+0000][gc,phases   ] GC(96)   Pre Evacuate Collection Set: 1.0ms
[2025-12-24T13:18:01.704+0000][gc,phases   ] GC(96)   Merge Heap Roots: 0.2ms
[2025-12-24T13:18:01.704+0000][gc,phases   ] GC(96)   Evacuate Collection Set: 3.3ms
[2025-12-24T13:18:01.704+0000][gc,phases   ] GC(96)   Post Evacuate Collection Set: 0.9ms
[2025-12-24T13:18:01.704+0000][gc,phases   ] GC(96)   Other: 0.2ms
[2025-12-24T13:18:01.704+0000][gc,heap     ] GC(96) Eden regions: 613->0(612)
[2025-12-24T13:18:01.704+0000][gc,heap     ] GC(96) Survivor regions: 1->2(77)
[2025-12-24T13:18:01.704+0000][gc,heap     ] GC(96) Old regions: 21->22
[2025-12-24T13:18:01.704+0000][gc,heap     ] GC(96) Humongous regions: 20->20
[2025-12-24T13:18:01.704+0000][gc,metaspace] GC(96) Metaspace: 12110K(12544K)->12110K(12544K) NonClass: 11038K(11200K)->11038K(11200K) Class: 1072K(1344K)->1072K(1344K)
[2025-12-24T13:18:01.704+0000][gc          ] GC(96) Pause Young (Normal) (G1 Evacuation Pause) 654M->42M(1024M) 6.819ms
[2025-12-24T13:18:01.704+0000][gc,cpu      ] GC(96) User=0.03s Sys=0.00s Real=0.00s
[2025-12-24T13:19:01.538+0000][gc,start    ] GC(97) Pause Young (Normal) (G1 Evacuation Pause)
[2025-12-24T13:19:01.539+0000][gc,task     ] GC(97) Using 8 workers of 8 for evacuation
[2025-12-24T13:19:01.552+0000][gc,phases   ] GC(97)   Pre Evacuate Collection Set: 3.1ms
[2025-12-24T13:19:01.552+0000][gc,phases   ] GC(97)   Merge Heap Roots: 0.7ms
[2025-12-24T13:19:01.552+0000][gc,phases   ] GC(97)   Evacuate Collection Set: 6.8ms
[2025-12-24T13:19:01.552+0000][gc,phases   ] GC(97)   Post Evacuate Collection Set: 1.4ms
[2025-12-24T13:19:01.552+0000][gc,phases   ] GC(97)   Other: 0.5ms
[2025-12-24T13:19:01.552+0000][gc,heap     ] GC(97) Eden regions: 612->0(612)
[2025-12-24T13:19:01.552+0000][gc,heap     ] GC(97) Survivor regions: 2->2(77)
[2025-12-24T13:19:01.552+0000][gc,heap     ] GC(97) Old regions: 22->22
[2025-12-24T13:19:01.552+0000][gc,heap     ] GC(97) Humongous regions: 20->20
[2025-12-24T13:19:01.552+0000][gc,metaspace] GC(97) Metaspace: 12110K(12544K)->12110K(12544K) NonClass: 11038K(11200K)->11038K(11200K) Class: 1072K(1344K)->1072K(1344K)
[2025-12-24T13:19:01.552+0000][gc          ] GC(97) Pause Young (Normal) (G1 Evacuation Pause) 654M->42M(1024M) 14.935ms
[2025-12-24T13:19:01.553+0000][gc,cpu      ] GC(97) User=0.07s Sys=0.00s Real=0.01s
[2025-12-24T13:20:01.434+0000][gc,start    ] GC(98) Pause Young (Normal) (G1 Evacuation Pause)
[2025-12-24T13:20:01.435+0000][gc,task     ] GC(98) Using 8 workers of 8 for evacuation
[2025-12-24T13:20:01.443+0000][gc,phases   ] GC(98)   Pre Evacuate Collection Set: 1.1ms
[2025-12-24T13:20:01.443+0000][gc,phases   ] GC(98)   Merge Heap Roots: 1.4ms
[2025-12-24T13:20:01.443+0000][gc,phases   ] GC(98)   Evacuate Collection Set: 3.6ms
[2025-12-24T13:20:01.443+0000][gc,phases   ] GC(98)   Post Evacuate Collection Set: 1.9ms
[2025-12-24T13:20:01.443+0000][gc,phases   ] GC(98)   Other: 0.3ms
[2025-12-24T13:20:01.443+0000][gc,heap     ] GC(98) Eden regions: 612->0(613)
[2025-12-24T13:20:01.443+0000][gc,heap     ] GC(98) Survivor regions: 2->1(77)
[2025-12-24T13:20:01.444+0000][gc,heap     ] GC(98) Old regions: 22->22
[2025-12-24T13:20:01.444+0000][gc,heap     ] GC(98) Humongous regions: 20->20
[2025-12-24T13:20:01.444+0000][gc,metaspace] GC(98) Metaspace: 12110K(12544K)->12110K(12544K) NonClass: 11038K(11200K)->11038K(11200K) Class: 1072K(1344K)->1072K(1344K)
[2025-12-24T13:20:01.444+0000][gc          ] GC(98) Pause Young (Normal) (G1 Evacuation Pause) 654M->41M(1024M) 9.917ms
[2025-12-24T13:20:01.444+0000][gc,cpu      ] GC(98) User=0.04s Sys=0.00s Real=0.01s
[2025-12-24T13:20:51.612+0000][gc,start    ] GC(99) Pause Young (Normal) (G1 Evacuation Pause)
[2025-12-24T13:20:51.613+0000][gc,task     ] GC(99) Using 8 workers of 8 for evacuation
[2025-12-24T13:20:51.620+0000][gc,phases   ] GC(99)   Pre Evacuate Collection Set: 1.1ms
[2025-12-24T13:20:51.620+0000][gc,phases   ] GC(99)   Merge Heap Roots: 0.2ms
[2025-12-24T13:20:51.620+0000][gc,phases   ] GC(99)   Evacuate Collection Set: 3.7ms
[2025-12-24T13:20:51.620+0000][gc,phases   ] GC(99)   Post Evacuate Collection Set: 1.2ms
[2025-12-24T13:20:51.620+0000][gc,phases   ] GC(99)   Other: 0.2ms
[2025-12-24T13:20:51.620+0000][gc,heap     ] GC(99) Eden regions: 613->0(612)
[2025-12-24T13:20:51.620+0000][gc,heap     ] GC(99) Survivor regions: 1->2(77)
[2025-12-24T13:20:51.620+0000][gc,heap     ] GC(99) Old regions: 22->22
[2025-12-24T13:20:51.620+0000][gc,heap     ] GC(99) Humongous regions: 20->20
[2025-12-24T13:20:51.620+0000][gc,metaspace] GC(99) Metaspace: 12110K(12544K)->12110K(12544K) NonClass: 11038K(11200K)->11038K(11200K) Class: 1072K(1344K)->1072K(1344K)
[2025-12-24T13:20:51.620+0000][gc          ] GC(99) Pause Young (Normal) (G1 Evacuation Pause) 654M->42M(1024M) 8.197ms
[2025-12-24T13:20:51.620+0000][gc,cpu      ] GC(99) User=0.04s Sys=0.00s Real=0.00s
[2025-12-24T13:21:51.539+0000][gc,start    ] GC(100) Pause Young (Normal) (G1 Evacuation Pause)
[2025-12-24T13:21:51.539+0000][gc,task     ] GC(100) Using 8 workers of 8 for evacuation
[2025-12-24T13:21:51.547+0000][gc,phases   ] GC(100)   Pre Evacuate Collection Set: 3.2ms
[2025-12-24T13:21:51.547+0000][gc,phases   ] GC(100)   Merge Heap Roots: 0.2ms
[2025-12-24T13:21:51.547+0000][gc,phases   ] GC(100)   Evacuate Collection Set: 2.7ms
[2025-12-24T13:21:51.547+0000][gc,phases   ] GC(100)   Post Evacuate Collection Set: 1.1ms
[2025-12-24T13:21:51.547+0000][gc,phases   ] GC(100)   Other: 0.3ms
[2025-12-24T13:21:51.547+0000][gc,heap     ] GC(100) Eden regions: 612->0(612)
[2025-12-24T13:21:51.547+0000][gc,heap     ] GC(100) Survivor regions: 2->2(77)
[2025-12-24T13:21:51.547+0000][gc,heap     ] GC(100) Old regions: 22->22
[2025-12-24T13:21:51.547+0000][gc,heap     ] GC(100) Humongous regions: 20->20
[2025-12-24T13:21:51.547+0000][gc,metaspace] GC(100) Metaspace: 12110K(12544K)->12110K(12544K) NonClass: 11038K(11200K)->11038K(11200K) Class: 1072K(1344K)->1072K(1344K)
[2025-12-24T13:21:51.548+0000][gc          ] GC(100) Pause Young (Normal) (G1 Evacuation Pause) 654M->42M(1024M) 8.816ms
[2025-12-24T13:21:51.548+0000][gc,cpu      ] GC(100) User=0.05s Sys=0.00s Real=0.01s
[2025-12-24T13:22:51.339+0000][gc,start    ] GC(101) Pause Young (Normal) (G1 Evacuation Pause)
[2025-12-24T13:22:51.341+0000][gc,task     ] GC(101) Using 8 workers of 8 for evacuation
[2025-12-24T13:22:51.352+0000][gc,phases   ] GC(101)   Pre Evacuate Collection Set: 2.4ms
[2025-12-24T13:22:51.353+0000][gc,phases   ] GC(101)   Merge Heap Roots: 0.3ms
[2025-12-24T13:22:51.353+0000][gc,phases   ] GC(101)   Evacuate Collection Set: 6.9ms
[2025-12-24T13:22:51.353+0000][gc,phases   ] GC(101)   Post Evacuate Collection Set: 1.9ms
[2025-12-24T13:22:51.353+0000][gc,phases   ] GC(101)   Other: 0.4ms
[2025-12-24T13:22:51.353+0000][gc,heap     ] GC(101) Eden regions: 612->0(613)
[2025-12-24T13:22:51.353+0000][gc,heap     ] GC(101) Survivor regions: 2->1(77)
[2025-12-24T13:22:51.353+0000][gc,heap     ] GC(101) Old regions: 22->22
[2025-12-24T13:22:51.354+0000][gc,heap     ] GC(101) Humongous regions: 20->20
[2025-12-24T13:22:51.354+0000][gc,metaspace] GC(101) Metaspace: 12110K(12544K)->12110K(12544K) NonClass: 11038K(11200K)->11038K(11200K) Class: 1072K(1344K)->1072K(1344K)
[2025-12-24T13:22:51.354+0000][gc          ] GC(101) Pause Young (Normal) (G1 Evacuation Pause) 654M->41M(1024M) 15.073ms
[2025-12-24T13:22:51.354+0000][gc,cpu      ] GC(101) User=0.07s Sys=0.00s Real=0.01s
[2025-12-24T13:23:41.589+0000][gc,start    ] GC(102) Pause Young (Normal) (G1 Evacuation Pause)
[2025-12-24T13:23:41.592+0000][gc,task     ] GC(102) Using 8 workers of 8 for evacuation
[2025-12-24T13:23:41.596+0000][gc,phases   ] GC(102)   Pre Evacuate Collection Set: 0.9ms
[2025-12-24T13:23:41.596+0000][gc,phases   ] GC(102)   Merge Heap Roots: 0.2ms
[2025-12-24T13:23:41.596+0000][gc,phases   ] GC(102)   Evacuate Collection Set: 2.3ms
[2025-12-24T13:23:41.596+0000][gc,phases   ] GC(102)   Post Evacuate Collection Set: 1.1ms
[2025-12-24T13:23:41.596+0000][gc,phases   ] GC(102)   Other: 0.2ms
[2025-12-24T13:23:41.596+0000][gc,heap     ] GC(102) Eden regions: 613->0(612)
[2025-12-24T13:23:41.596+0000][gc,heap     ] GC(102) Survivor regions: 1->2(77)
[2025-12-24T13:23:41.596+0000][gc,heap     ] GC(102) Old regions: 22->22
[2025-12-24T13:23:41.597+0000][gc,heap     ] GC(102) Humongous regions: 20->20
[2025-12-24T13:23:41.597+0000][gc,metaspace] GC(102) Metaspace: 12112K(12544K)->12112K(12544K) NonClass: 11040K(11200K)->11040K(11200K) Class: 1072K(1344K)->1072K(1344K)
[2025-12-24T13:23:41.597+0000][gc          ] GC(102) Pause Young (Normal) (G1 Evacuation Pause) 654M->42M(1024M) 7.315ms
[2025-12-24T13:23:41.597+0000][gc,cpu      ] GC(102) User=0.02s Sys=0.00s Real=0.01s
[2025-12-24T13:24:41.432+0000][gc,start    ] GC(103) Pause Young (Normal) (G1 Evacuation Pause)
[2025-12-24T13:24:41.433+0000][gc,task     ] GC(103) Using 8 workers of 8 for evacuation
[2025-12-24T13:24:41.438+0000][gc,phases   ] GC(103)   Pre Evacuate Collection Set: 1.1ms
[2025-12-24T13:24:41.438+0000][gc,phases   ] GC(103)   Merge Heap Roots: 0.2ms
[2025-12-24T13:24:41.438+0000][gc,phases   ] GC(103)   Evacuate Collection Set: 2.4ms
[2025-12-24T13:24:41.438+0000][gc,phases   ] GC(103)   Post Evacuate Collection Set: 0.9ms
[2025-12-24T13:24:41.438+0000][gc,phases   ] GC(103)   Other: 0.3ms
[2025-12-24T13:24:41.438+0000][gc,heap     ] GC(103) Eden regions: 612->0(612)
[2025-12-24T13:24:41.438+0000][gc,heap     ] GC(103) Survivor regions: 2->2(77)
[2025-12-24T13:24:41.438+0000][gc,heap     ] GC(103) Old regions: 22->22
[2025-12-24T13:24:41.438+0000][gc,heap     ] GC(103) Humongous regions: 20->20
[2025-12-24T13:24:41.438+0000][gc,metaspace] GC(103) Metaspace: 12112K(12544K)->12112K(12544K) NonClass: 11040K(11200K)->11040K(11200K) Class: 1072K(1344K)->1072K(1344K)
[2025-12-24T13:24:41.439+0000][gc          ] GC(103) Pause Young (Normal) (G1 Evacuation Pause) 654M->42M(1024M) 6.408ms
[2025-12-24T13:24:41.439+0000][gc,cpu      ] GC(103) User=0.03s Sys=0.00s Real=0.01s
[2025-12-24T13:25:31.700+0000][gc,start    ] GC(104) Pause Young (Normal) (G1 Evacuation Pause)
[2025-12-24T13:25:31.701+0000][gc,task     ] GC(104) Using 8 workers of 8 for evacuation
[2025-12-24T13:25:31.714+0000][gc,phases   ] GC(104)   Pre Evacuate Collection Set: 2.0ms
[2025-12-24T13:25:31.714+0000][gc,phases   ] GC(104)   Merge Heap Roots: 0.4ms
[2025-12-24T13:25:31.714+0000][gc,phases   ] GC(104)   Evacuate Collection Set: 9.4ms
[2025-12-24T13:25:31.714+0000][gc,phases   ] GC(104)   Post Evacuate Collection Set: 1.0ms
[2025-12-24T13:25:31.714+0000][gc,phases   ] GC(104)   Other: 0.3ms
[2025-12-24T13:25:31.714+0000][gc,heap     ] GC(104) Eden regions: 612->0(612)
[2025-12-24T13:25:31.715+0000][gc,heap     ] GC(104) Survivor regions: 2->2(77)
[2025-12-24T13:25:31.715+0000][gc,heap     ] GC(104) Old regions: 22->22
[2025-12-24T13:25:31.715+0000][gc,heap     ] GC(104) Humongous regions: 20->20
[2025-12-24T13:25:31.715+0000][gc,metaspace] GC(104) Metaspace: 12112K(12544K)->12112K(12544K) NonClass: 11040K(11200K)->11040K(11200K) Class: 1072K(1344K)->1072K(1344K)
[2025-12-24T13:25:31.715+0000][gc          ] GC(104) Pause Young (Normal) (G1 Evacuation Pause) 654M->43M(1024M) 14.440ms
[2025-12-24T13:25:31.715+0000][gc,cpu      ] GC(104) User=0.09s Sys=0.00s Real=0.02s
[2025-12-24T13:26:31.517+0000][gc,start    ] GC(105) Pause Young (Normal) (G1 Evacuation Pause)
[2025-12-24T13:26:31.519+0000][gc,task     ] GC(105) Using 8 workers of 8 for evacuation
[2025-12-24T13:26:31.524+0000][gc,phases   ] GC(105)   Pre Evacuate Collection Set: 1.4ms
[2025-12-24T13:26:31.524+0000][gc,phases   ] GC(105)   Merge Heap Roots: 0.2ms
[2025-12-24T13:26:31.524+0000][gc,phases   ] GC(105)   Evacuate Collection Set: 2.1ms
[2025-12-24T13:26:31.524+0000][gc,phases   ] GC(105)   Post Evacuate Collection Set: 1.0ms
[2025-12-24T13:26:31.524+0000][gc,phases   ] GC(105)   Other: 0.3ms
[2025-12-24T13:26:31.524+0000][gc,heap     ] GC(105) Eden regions: 612->0(612)
[2025-12-24T13:26:31.524+0000][gc,heap     ] GC(105) Survivor regions: 2->2(77)
[2025-12-24T13:26:31.524+0000][gc,heap     ] GC(105) Old regions: 22->22
[2025-12-24T13:26:31.525+0000][gc,heap     ] GC(105) Humongous regions: 20->20
[2025-12-24T13:26:31.525+0000][gc,metaspace] GC(105) Metaspace: 12112K(12544K)->12112K(12544K) NonClass: 11040K(11200K)->11040K(11200K) Class: 1072K(1344K)->1072K(1344K)
[2025-12-24T13:26:31.525+0000][gc          ] GC(105) Pause Young (Normal) (G1 Evacuation Pause) 655M->42M(1024M) 7.393ms
[2025-12-24T13:26:31.525+0000][gc,cpu      ] GC(105) User=0.02s Sys=0.00s Real=0.01s
[2025-12-24T13:27:31.399+0000][gc,start    ] GC(106) Pause Young (Normal) (G1 Evacuation Pause)
[2025-12-24T13:27:31.400+0000][gc,task     ] GC(106) Using 8 workers of 8 for evacuation
[2025-12-24T13:27:31.412+0000][gc,phases   ] GC(106)   Pre Evacuate Collection Set: 1.0ms
[2025-12-24T13:27:31.413+0000][gc,phases   ] GC(106)   Merge Heap Roots: 0.2ms
[2025-12-24T13:27:31.413+0000][gc,phases   ] GC(106)   Evacuate Collection Set: 6.9ms
[2025-12-24T13:27:31.413+0000][gc,phases   ] GC(106)   Post Evacuate Collection Set: 3.0ms
[2025-12-24T13:27:31.413+0000][gc,phases   ] GC(106)   Other: 0.7ms
[2025-12-24T13:27:31.413+0000][gc,heap     ] GC(106) Eden regions: 612->0(613)
[2025-12-24T13:27:31.413+0000][gc,heap     ] GC(106) Survivor regions: 2->1(77)
[2025-12-24T13:27:31.413+0000][gc,heap     ] GC(106) Old regions: 22->22
[2025-12-24T13:27:31.413+0000][gc,heap     ] GC(106) Humongous regions: 20->20
[2025-12-24T13:27:31.414+0000][gc,metaspace] GC(106) Metaspace: 12112K(12544K)->12112K(12544K) NonClass: 11040K(11200K)->11040K(11200K) Class: 1072K(1344K)->1072K(1344K)
[2025-12-24T13:27:31.414+0000][gc          ] GC(106) Pause Young (Normal) (G1 Evacuation Pause) 654M->42M(1024M) 14.807ms
[2025-12-24T13:27:31.414+0000][gc,cpu      ] GC(106) User=0.06s Sys=0.01s Real=0.01s
[2025-12-24T13:28:21.583+0000][gc,start    ] GC(107) Pause Young (Normal) (G1 Evacuation Pause)
[2025-12-24T13:28:21.585+0000][gc,task     ] GC(107) Using 8 workers of 8 for evacuation
[2025-12-24T13:28:21.591+0000][gc,phases   ] GC(107)   Pre Evacuate Collection Set: 2.7ms
[2025-12-24T13:28:21.591+0000][gc,phases   ] GC(107)   Merge Heap Roots: 0.2ms
[2025-12-24T13:28:21.591+0000][gc,phases   ] GC(107)   Evacuate Collection Set: 2.6ms
[2025-12-24T13:28:21.591+0000][gc,phases   ] GC(107)   Post Evacuate Collection Set: 1.0ms
[2025-12-24T13:28:21.592+0000][gc,phases   ] GC(107)   Other: 0.2ms
[2025-12-24T13:28:21.592+0000][gc,heap     ] GC(107) Eden regions: 613->0(612)
[2025-12-24T13:28:21.592+0000][gc,heap     ] GC(107) Survivor regions: 1->2(77)
[2025-12-24T13:28:21.592+0000][gc,heap     ] GC(107) Old regions: 22->22
[2025-12-24T13:28:21.592+0000][gc,heap     ] GC(107) Humongous regions: 20->20
[2025-12-24T13:28:21.592+0000][gc,metaspace] GC(107) Metaspace: 12112K(12544K)->12112K(12544K) NonClass: 11040K(11200K)->11040K(11200K) Class: 1072K(1344K)->1072K(1344K)
[2025-12-24T13:28:21.592+0000][gc          ] GC(107) Pause Young (Normal) (G1 Evacuation Pause) 655M->43M(1024M) 8.512ms
[2025-12-24T13:28:21.592+0000][gc,cpu      ] GC(107) User=0.03s Sys=0.00s Real=0.01s
[2025-12-24T13:29:21.472+0000][gc,start    ] GC(108) Pause Young (Normal) (G1 Evacuation Pause)
[2025-12-24T13:29:21.473+0000][gc,task     ] GC(108) Using 8 workers of 8 for evacuation
[2025-12-24T13:29:21.483+0000][gc,phases   ] GC(108)   Pre Evacuate Collection Set: 1.0ms
[2025-12-24T13:29:21.483+0000][gc,phases   ] GC(108)   Merge Heap Roots: 0.2ms
[2025-12-24T13:29:21.483+0000][gc,phases   ] GC(108)   Evacuate Collection Set: 3.2ms
[2025-12-24T13:29:21.483+0000][gc,phases   ] GC(108)   Post Evacuate Collection Set: 5.1ms
[2025-12-24T13:29:21.483+0000][gc,phases   ] GC(108)   Other: 0.4ms
[2025-12-24T13:29:21.483+0000][gc,heap     ] GC(108) Eden regions: 612->0(612)
[2025-12-24T13:29:21.483+0000][gc,heap     ] GC(108) Survivor regions: 2->2(77)
[2025-12-24T13:29:21.483+0000][gc,heap     ] GC(108) Old regions: 22->22
[2025-12-24T13:29:21.483+0000][gc,heap     ] GC(108) Humongous regions: 20->20
[2025-12-24T13:29:21.483+0000][gc,metaspace] GC(108) Metaspace: 12112K(12544K)->12112K(12544K) NonClass: 11040K(11200K)->11040K(11200K) Class: 1072K(1344K)->1072K(1344K)
[2025-12-24T13:29:21.484+0000][gc          ] GC(108) Pause Young (Normal) (G1 Evacuation Pause) 655M->42M(1024M) 11.894ms
[2025-12-24T13:29:21.484+0000][gc,cpu      ] GC(108) User=0.04s Sys=0.01s Real=0.02s
[2025-12-24T13:30:21.330+0000][gc,start    ] GC(109) Pause Young (Normal) (G1 Evacuation Pause)
[2025-12-24T13:30:21.331+0000][gc,task     ] GC(109) Using 8 workers of 8 for evacuation
[2025-12-24T13:30:21.338+0000][gc,phases   ] GC(109)   Pre Evacuate Collection Set: 1.4ms
[2025-12-24T13:30:21.338+0000][gc,phases   ] GC(109)   Merge Heap Roots: 0.2ms
[2025-12-24T13:30:21.338+0000][gc,phases   ] GC(109)   Evacuate Collection Set: 3.0ms
[2025-12-24T13:30:21.338+0000][gc,phases   ] GC(109)   Post Evacuate Collection Set: 1.3ms
[2025-12-24T13:30:21.338+0000][gc,phases   ] GC(109)   Other: 0.4ms
[2025-12-24T13:30:21.338+0000][gc,heap     ] GC(109) Eden regions: 612->0(613)
[2025-12-24T13:30:21.338+0000][gc,heap     ] GC(109) Survivor regions: 2->1(77)
[2025-12-24T13:30:21.339+0000][gc,heap     ] GC(109) Old regions: 22->22
[2025-12-24T13:30:21.339+0000][gc,heap     ] GC(109) Humongous regions: 20->20
[2025-12-24T13:30:21.339+0000][gc,metaspace] GC(109) Metaspace: 12112K(12544K)->12112K(12544K) NonClass: 11040K(11200K)->11040K(11200K) Class: 1072K(1344K)->1072K(1344K)
[2025-12-24T13:30:21.339+0000][gc          ] GC(109) Pause Young (Normal) (G1 Evacuation Pause) 654M->41M(1024M) 9.006ms
[2025-12-24T13:30:21.339+0000][gc,cpu      ] GC(109) User=0.04s Sys=0.00s Real=0.01s
[2025-12-24T13:31:11.546+0000][gc,start    ] GC(110) Pause Young (Normal) (G1 Evacuation Pause)
[2025-12-24T13:31:11.547+0000][gc,task     ] GC(110) Using 8 workers of 8 for evacuation
[2025-12-24T13:31:11.554+0000][gc,phases   ] GC(110)   Pre Evacuate Collection Set: 2.1ms
[2025-12-24T13:31:11.554+0000][gc,phases   ] GC(110)   Merge Heap Roots: 0.6ms
[2025-12-24T13:31:11.554+0000][gc,phases   ] GC(110)   Evacuate Collection Set: 3.3ms
[2025-12-24T13:31:11.554+0000][gc,phases   ] GC(110)   Post Evacuate Collection Set: 1.0ms
[2025-12-24T13:31:11.554+0000][gc,phases   ] GC(110)   Other: 0.2ms
[2025-12-24T13:31:11.554+0000][gc,heap     ] GC(110) Eden regions: 613->0(612)
[2025-12-24T13:31:11.554+0000][gc,heap     ] GC(110) Survivor regions: 1->2(77)
[2025-12-24T13:31:11.554+0000][gc,heap     ] GC(110) Old regions: 22->22
[2025-12-24T13:31:11.554+0000][gc,heap     ] GC(110) Humongous regions: 20->20
[2025-12-24T13:31:11.554+0000][gc,metaspace] GC(110) Metaspace: 12112K(12544K)->12112K(12544K) NonClass: 11040K(11200K)->11040K(11200K) Class: 1072K(1344K)->1072K(1344K)
[2025-12-24T13:31:11.554+0000][gc          ] GC(110) Pause Young (Normal) (G1 Evacuation Pause) 654M->42M(1024M) 8.434ms
[2025-12-24T13:31:11.554+0000][gc,cpu      ] GC(110) User=0.04s Sys=0.00s Real=0.01s
[2025-12-24T13:32:11.436+0000][gc,start    ] GC(111) Pause Young (Normal) (G1 Evacuation Pause)
[2025-12-24T13:32:11.438+0000][gc,task     ] GC(111) Using 8 workers of 8 for evacuation
[2025-12-24T13:32:11.449+0000][gc,phases   ] GC(111)   Pre Evacuate Collection Set: 0.9ms
[2025-12-24T13:32:11.450+0000][gc,phases   ] GC(111)   Merge Heap Roots: 0.2ms
[2025-12-24T13:32:11.450+0000][gc,phases   ] GC(111)   Evacuate Collection Set: 8.6ms
[2025-12-24T13:32:11.450+0000][gc,phases   ] GC(111)   Post Evacuate Collection Set: 1.6ms
[2025-12-24T13:32:11.450+0000][gc,phases   ] GC(111)   Other: 0.2ms
[2025-12-24T13:32:11.450+0000][gc,heap     ] GC(111) Eden regions: 612->0(612)
[2025-12-24T13:32:11.450+0000][gc,heap     ] GC(111) Survivor regions: 2->2(77)
[2025-12-24T13:32:11.450+0000][gc,heap     ] GC(111) Old regions: 22->22
[2025-12-24T13:32:11.450+0000][gc,heap     ] GC(111) Humongous regions: 20->20
[2025-12-24T13:32:11.450+0000][gc,metaspace] GC(111) Metaspace: 12112K(12544K)->12112K(12544K) NonClass: 11040K(11200K)->11040K(11200K) Class: 1072K(1344K)->1072K(1344K)
[2025-12-24T13:32:11.450+0000][gc          ] GC(111) Pause Young (Normal) (G1 Evacuation Pause) 654M->42M(1024M) 14.117ms
[2025-12-24T13:32:11.450+0000][gc,cpu      ] GC(111) User=0.08s Sys=0.01s Real=0.02s
[2025-12-24T13:33:01.658+0000][gc,start    ] GC(112) Pause Young (Normal) (G1 Evacuation Pause)
[2025-12-24T13:33:01.660+0000][gc,task     ] GC(112) Using 8 workers of 8 for evacuation
[2025-12-24T13:33:01.670+0000][gc,phases   ] GC(112)   Pre Evacuate Collection Set: 1.1ms
[2025-12-24T13:33:01.670+0000][gc,phases   ] GC(112)   Merge Heap Roots: 0.2ms
[2025-12-24T13:33:01.670+0000][gc,phases   ] GC(112)   Evacuate Collection Set: 3.9ms
[2025-12-24T13:33:01.670+0000][gc,phases   ] GC(112)   Post Evacuate Collection Set: 4.8ms
[2025-12-24T13:33:01.670+0000][gc,phases   ] GC(112)   Other: 0.2ms
[2025-12-24T13:33:01.670+0000][gc,heap     ] GC(112) Eden regions: 612->0(612)
[2025-12-24T13:33:01.670+0000][gc,heap     ] GC(112) Survivor regions: 2->2(77)
[2025-12-24T13:33:01.670+0000][gc,heap     ] GC(112) Old regions: 22->22
[2025-12-24T13:33:01.670+0000][gc,heap     ] GC(112) Humongous regions: 20->20
[2025-12-24T13:33:01.670+0000][gc,metaspace] GC(112) Metaspace: 12112K(12544K)->12112K(12544K) NonClass: 11040K(11200K)->11040K(11200K) Class: 1072K(1344K)->1072K(1344K)
[2025-12-24T13:33:01.670+0000][gc          ] GC(112) Pause Young (Normal) (G1 Evacuation Pause) 654M->43M(1024M) 12.039ms
[2025-12-24T13:33:01.670+0000][gc,cpu      ] GC(112) User=0.05s Sys=0.00s Real=0.01s
[2025-12-24T13:34:01.519+0000][gc,start    ] GC(113) Pause Young (Normal) (G1 Evacuation Pause)
[2025-12-24T13:34:01.521+0000][gc,task     ] GC(113) Using 8 workers of 8 for evacuation
[2025-12-24T13:34:01.530+0000][gc,phases   ] GC(113)   Pre Evacuate Collection Set: 1.0ms
[2025-12-24T13:34:01.530+0000][gc,phases   ] GC(113)   Merge Heap Roots: 0.2ms
[2025-12-24T13:34:01.531+0000][gc,phases   ] GC(113)   Evacuate Collection Set: 5.6ms
[2025-12-24T13:34:01.531+0000][gc,phases   ] GC(113)   Post Evacuate Collection Set: 2.5ms
[2025-12-24T13:34:01.531+0000][gc,phases   ] GC(113)   Other: 0.2ms
[2025-12-24T13:34:01.531+0000][gc,heap     ] GC(113) Eden regions: 612->0(612)
[2025-12-24T13:34:01.531+0000][gc,heap     ] GC(113) Survivor regions: 2->2(77)
[2025-12-24T13:34:01.531+0000][gc,heap     ] GC(113) Old regions: 22->22
[2025-12-24T13:34:01.531+0000][gc,heap     ] GC(113) Humongous regions: 20->20
[2025-12-24T13:34:01.531+0000][gc,metaspace] GC(113) Metaspace: 12112K(12544K)->12112K(12544K) NonClass: 11040K(11200K)->11040K(11200K) Class: 1072K(1344K)->1072K(1344K)
[2025-12-24T13:34:01.531+0000][gc          ] GC(113) Pause Young (Normal) (G1 Evacuation Pause) 655M->42M(1024M) 11.749ms
[2025-12-24T13:34:01.531+0000][gc,cpu      ] GC(113) User=0.06s Sys=0.00s Real=0.01s
[2025-12-24T13:35:01.415+0000][gc,start    ] GC(114) Pause Young (Normal) (G1 Evacuation Pause)
[2025-12-24T13:35:01.417+0000][gc,task     ] GC(114) Using 8 workers of 8 for evacuation
[2025-12-24T13:35:01.421+0000][gc,phases   ] GC(114)   Pre Evacuate Collection Set: 1.0ms
[2025-12-24T13:35:01.421+0000][gc,phases   ] GC(114)   Merge Heap Roots: 0.2ms
[2025-12-24T13:35:01.421+0000][gc,phases   ] GC(114)   Evacuate Collection Set: 2.0ms
[2025-12-24T13:35:01.421+0000][gc,phases   ] GC(114)   Post Evacuate Collection Set: 1.0ms
[2025-12-24T13:35:01.421+0000][gc,phases   ] GC(114)   Other: 0.3ms
[2025-12-24T13:35:01.421+0000][gc,heap     ] GC(114) Eden regions: 612->0(613)
[2025-12-24T13:35:01.421+0000][gc,heap     ] GC(114) Survivor regions: 2->1(77)
[2025-12-24T13:35:01.421+0000][gc,heap     ] GC(114) Old regions: 22->22
[2025-12-24T13:35:01.422+0000][gc,heap     ] GC(114) Humongous regions: 20->20
[2025-12-24T13:35:01.422+0000][gc,metaspace] GC(114) Metaspace: 12143K(12544K)->12143K(12544K) NonClass: 11071K(11200K)->11071K(11200K) Class: 1072K(1344K)->1072K(1344K)
[2025-12-24T13:35:01.422+0000][gc          ] GC(114) Pause Young (Normal) (G1 Evacuation Pause) 654M->42M(1024M) 6.958ms
[2025-12-24T13:35:01.422+0000][gc,cpu      ] GC(114) User=0.02s Sys=0.00s Real=0.01s
[2025-12-24T13:35:51.601+0000][gc,start    ] GC(115) Pause Young (Normal) (G1 Evacuation Pause)
[2025-12-24T13:35:51.602+0000][gc,task     ] GC(115) Using 8 workers of 8 for evacuation
[2025-12-24T13:35:51.610+0000][gc,phases   ] GC(115)   Pre Evacuate Collection Set: 1.0ms
[2025-12-24T13:35:51.611+0000][gc,phases   ] GC(115)   Merge Heap Roots: 0.2ms
[2025-12-24T13:35:51.611+0000][gc,phases   ] GC(115)   Evacuate Collection Set: 6.0ms
[2025-12-24T13:35:51.611+0000][gc,phases   ] GC(115)   Post Evacuate Collection Set: 0.9ms
[2025-12-24T13:35:51.611+0000][gc,phases   ] GC(115)   Other: 0.3ms
[2025-12-24T13:35:51.611+0000][gc,heap     ] GC(115) Eden regions: 613->0(612)
[2025-12-24T13:35:51.611+0000][gc,heap     ] GC(115) Survivor regions: 1->2(77)
[2025-12-24T13:35:51.611+0000][gc,heap     ] GC(115) Old regions: 22->22
[2025-12-24T13:35:51.611+0000][gc,heap     ] GC(115) Humongous regions: 20->20
[2025-12-24T13:35:51.611+0000][gc,metaspace] GC(115) Metaspace: 12143K(12544K)->12143K(12544K) NonClass: 11071K(11200K)->11071K(11200K) Class: 1072K(1344K)->1072K(1344K)
[2025-12-24T13:35:51.611+0000][gc          ] GC(115) Pause Young (Normal) (G1 Evacuation Pause) 655M->43M(1024M) 10.318ms
[2025-12-24T13:35:51.611+0000][gc,cpu      ] GC(115) User=0.05s Sys=0.00s Real=0.01s
[2025-12-24T13:36:51.507+0000][gc,start    ] GC(116) Pause Young (Normal) (G1 Evacuation Pause)
[2025-12-24T13:36:51.509+0000][gc,task     ] GC(116) Using 8 workers of 8 for evacuation
[2025-12-24T13:36:51.516+0000][gc,phases   ] GC(116)   Pre Evacuate Collection Set: 1.0ms
[2025-12-24T13:36:51.516+0000][gc,phases   ] GC(116)   Merge Heap Roots: 0.2ms
[2025-12-24T13:36:51.516+0000][gc,phases   ] GC(116)   Evacuate Collection Set: 4.5ms
[2025-12-24T13:36:51.517+0000][gc,phases   ] GC(116)   Post Evacuate Collection Set: 1.8ms
[2025-12-24T13:36:51.517+0000][gc,phases   ] GC(116)   Other: 0.2ms
[2025-12-24T13:36:51.517+0000][gc,heap     ] GC(116) Eden regions: 612->0(612)
[2025-12-24T13:36:51.517+0000][gc,heap     ] GC(116) Survivor regions: 2->2(77)
[2025-12-24T13:36:51.517+0000][gc,heap     ] GC(116) Old regions: 22->22
[2025-12-24T13:36:51.517+0000][gc,heap     ] GC(116) Humongous regions: 20->20
[2025-12-24T13:36:51.517+0000][gc,metaspace] GC(116) Metaspace: 12143K(12544K)->12143K(12544K) NonClass: 11071K(11200K)->11071K(11200K) Class: 1072K(1344K)->1072K(1344K)
[2025-12-24T13:36:51.517+0000][gc          ] GC(116) Pause Young (Normal) (G1 Evacuation Pause) 655M->42M(1024M) 9.924ms
[2025-12-24T13:36:51.517+0000][gc,cpu      ] GC(116) User=0.04s Sys=0.01s Real=0.01s
[2025-12-24T13:37:51.345+0000][gc,start    ] GC(117) Pause Young (Normal) (G1 Evacuation Pause)
[2025-12-24T13:37:51.346+0000][gc,task     ] GC(117) Using 8 workers of 8 for evacuation
[2025-12-24T13:37:51.359+0000][gc,phases   ] GC(117)   Pre Evacuate Collection Set: 1.2ms
[2025-12-24T13:37:51.359+0000][gc,phases   ] GC(117)   Merge Heap Roots: 0.2ms
[2025-12-24T13:37:51.359+0000][gc,phases   ] GC(117)   Evacuate Collection Set: 9.5ms
[2025-12-24T13:37:51.359+0000][gc,phases   ] GC(117)   Post Evacuate Collection Set: 1.4ms
[2025-12-24T13:37:51.359+0000][gc,phases   ] GC(117)   Other: 0.4ms
[2025-12-24T13:37:51.359+0000][gc,heap     ] GC(117) Eden regions: 612->0(613)
[2025-12-24T13:37:51.359+0000][gc,heap     ] GC(117) Survivor regions: 2->1(77)
[2025-12-24T13:37:51.359+0000][gc,heap     ] GC(117) Old regions: 22->22
[2025-12-24T13:37:51.359+0000][gc,heap     ] GC(117) Humongous regions: 20->20
[2025-12-24T13:37:51.359+0000][gc,metaspace] GC(117) Metaspace: 12143K(12544K)->12143K(12544K) NonClass: 11071K(11200K)->11071K(11200K) Class: 1072K(1344K)->1072K(1344K)
[2025-12-24T13:37:51.359+0000][gc          ] GC(117) Pause Young (Normal) (G1 Evacuation Pause) 654M->42M(1024M) 14.176ms
[2025-12-24T13:37:51.360+0000][gc,cpu      ] GC(117) User=0.07s Sys=0.01s Real=0.02s
[2025-12-24T13:52:45.951+0000][gc,start    ] GC(118) Pause Young (Normal) (G1 Evacuation Pause)
[2025-12-24T13:52:45.951+0000][gc,task     ] GC(118) Using 8 workers of 8 for evacuation
[2025-12-24T13:52:45.959+0000][gc,phases   ] GC(118)   Pre Evacuate Collection Set: 1.6ms
[2025-12-24T13:52:45.959+0000][gc,phases   ] GC(118)   Merge Heap Roots: 0.1ms
[2025-12-24T13:52:45.959+0000][gc,phases   ] GC(118)   Evacuate Collection Set: 4.9ms
[2025-12-24T13:52:45.959+0000][gc,phases   ] GC(118)   Post Evacuate Collection Set: 1.0ms
[2025-12-24T13:52:45.960+0000][gc,phases   ] GC(118)   Other: 0.3ms
[2025-12-24T13:52:45.960+0000][gc,heap     ] GC(118) Eden regions: 613->0(610)
[2025-12-24T13:52:45.960+0000][gc,heap     ] GC(118) Survivor regions: 1->4(77)
[2025-12-24T13:52:45.960+0000][gc,heap     ] GC(118) Old regions: 22->22
[2025-12-24T13:52:45.960+0000][gc,heap     ] GC(118) Humongous regions: 22->22
[2025-12-24T13:52:45.960+0000][gc,metaspace] GC(118) Metaspace: 12147K(12544K)->12147K(12544K) NonClass: 11074K(11200K)->11074K(11200K) Class: 1072K(1344K)->1072K(1344K)
[2025-12-24T13:52:45.960+0000][gc          ] GC(118) Pause Young (Normal) (G1 Evacuation Pause) 657M->46M(1024M) 9.298ms
[2025-12-24T13:52:45.960+0000][gc,cpu      ] GC(118) User=0.05s Sys=0.00s Real=0.01s
[2025-12-24T13:53:45.724+0000][gc,start    ] GC(119) Pause Young (Normal) (G1 Evacuation Pause)
[2025-12-24T13:53:45.725+0000][gc,task     ] GC(119) Using 8 workers of 8 for evacuation
[2025-12-24T13:53:45.731+0000][gc,phases   ] GC(119)   Pre Evacuate Collection Set: 0.9ms
[2025-12-24T13:53:45.731+0000][gc,phases   ] GC(119)   Merge Heap Roots: 0.2ms
[2025-12-24T13:53:45.731+0000][gc,phases   ] GC(119)   Evacuate Collection Set: 3.2ms
[2025-12-24T13:53:45.731+0000][gc,phases   ] GC(119)   Post Evacuate Collection Set: 1.1ms
[2025-12-24T13:53:45.731+0000][gc,phases   ] GC(119)   Other: 0.2ms
[2025-12-24T13:53:45.731+0000][gc,heap     ] GC(119) Eden regions: 610->0(611)
[2025-12-24T13:53:45.731+0000][gc,heap     ] GC(119) Survivor regions: 4->3(77)
[2025-12-24T13:53:45.731+0000][gc,heap     ] GC(119) Old regions: 22->22
[2025-12-24T13:53:45.731+0000][gc,heap     ] GC(119) Humongous regions: 22->22
[2025-12-24T13:53:45.731+0000][gc,metaspace] GC(119) Metaspace: 12147K(12544K)->12147K(12544K) NonClass: 11074K(11200K)->11074K(11200K) Class: 1072K(1344K)->1072K(1344K)
[2025-12-24T13:53:45.731+0000][gc          ] GC(119) Pause Young (Normal) (G1 Evacuation Pause) 656M->46M(1024M) 6.501ms
[2025-12-24T13:53:45.731+0000][gc,cpu      ] GC(119) User=0.03s Sys=0.00s Real=0.01s
[2025-12-24T13:54:35.928+0000][gc,start    ] GC(120) Pause Young (Normal) (G1 Evacuation Pause)
[2025-12-24T13:54:35.929+0000][gc,task     ] GC(120) Using 8 workers of 8 for evacuation
[2025-12-24T13:54:35.935+0000][gc,phases   ] GC(120)   Pre Evacuate Collection Set: 0.9ms
[2025-12-24T13:54:35.935+0000][gc,phases   ] GC(120)   Merge Heap Roots: 0.2ms
[2025-12-24T13:54:35.935+0000][gc,phases   ] GC(120)   Evacuate Collection Set: 3.8ms
[2025-12-24T13:54:35.936+0000][gc,phases   ] GC(120)   Post Evacuate Collection Set: 0.9ms
[2025-12-24T13:54:35.936+0000][gc,phases   ] GC(120)   Other: 0.2ms
[2025-12-24T13:54:35.936+0000][gc,heap     ] GC(120) Eden regions: 611->0(610)
[2025-12-24T13:54:35.936+0000][gc,heap     ] GC(120) Survivor regions: 3->4(77)
[2025-12-24T13:54:35.936+0000][gc,heap     ] GC(120) Old regions: 22->22
[2025-12-24T13:54:35.936+0000][gc,heap     ] GC(120) Humongous regions: 22->22
[2025-12-24T13:54:35.936+0000][gc,metaspace] GC(120) Metaspace: 12147K(12544K)->12147K(12544K) NonClass: 11074K(11200K)->11074K(11200K) Class: 1072K(1344K)->1072K(1344K)
[2025-12-24T13:54:35.936+0000][gc          ] GC(120) Pause Young (Normal) (G1 Evacuation Pause) 657M->47M(1024M) 7.783ms
[2025-12-24T13:54:35.936+0000][gc,cpu      ] GC(120) User=0.04s Sys=0.00s Real=0.00s
[2025-12-24T13:55:35.808+0000][gc,start    ] GC(121) Pause Young (Normal) (G1 Evacuation Pause)
[2025-12-24T13:55:35.809+0000][gc,task     ] GC(121) Using 8 workers of 8 for evacuation
[2025-12-24T13:55:35.815+0000][gc,phases   ] GC(121)   Pre Evacuate Collection Set: 0.9ms
[2025-12-24T13:55:35.815+0000][gc,phases   ] GC(121)   Merge Heap Roots: 0.2ms
[2025-12-24T13:55:35.815+0000][gc,phases   ] GC(121)   Evacuate Collection Set: 3.7ms
[2025-12-24T13:55:35.815+0000][gc,phases   ] GC(121)   Post Evacuate Collection Set: 0.9ms
[2025-12-24T13:55:35.816+0000][gc,phases   ] GC(121)   Other: 0.2ms
[2025-12-24T13:55:35.816+0000][gc,heap     ] GC(121) Eden regions: 610->0(611)
[2025-12-24T13:55:35.816+0000][gc,heap     ] GC(121) Survivor regions: 4->3(77)
[2025-12-24T13:55:35.816+0000][gc,heap     ] GC(121) Old regions: 22->22
[2025-12-24T13:55:35.816+0000][gc,heap     ] GC(121) Humongous regions: 22->22
[2025-12-24T13:55:35.816+0000][gc,metaspace] GC(121) Metaspace: 12147K(12544K)->12147K(12544K) NonClass: 11074K(11200K)->11074K(11200K) Class: 1072K(1344K)->1072K(1344K)
[2025-12-24T13:55:35.816+0000][gc          ] GC(121) Pause Young (Normal) (G1 Evacuation Pause) 657M->46M(1024M) 7.783ms
[2025-12-24T13:55:35.816+0000][gc,cpu      ] GC(121) User=0.03s Sys=0.01s Real=0.01s
[2025-12-24T13:56:35.646+0000][gc,start    ] GC(122) Pause Young (Normal) (G1 Evacuation Pause)
[2025-12-24T13:56:35.647+0000][gc,task     ] GC(122) Using 8 workers of 8 for evacuation
[2025-12-24T13:56:35.656+0000][gc,phases   ] GC(122)   Pre Evacuate Collection Set: 2.1ms
[2025-12-24T13:56:35.656+0000][gc,phases   ] GC(122)   Merge Heap Roots: 0.4ms
[2025-12-24T13:56:35.656+0000][gc,phases   ] GC(122)   Evacuate Collection Set: 4.7ms
[2025-12-24T13:56:35.656+0000][gc,phases   ] GC(122)   Post Evacuate Collection Set: 1.4ms
[2025-12-24T13:56:35.657+0000][gc,phases   ] GC(122)   Other: 0.5ms
[2025-12-24T13:56:35.657+0000][gc,heap     ] GC(122) Eden regions: 611->0(611)
[2025-12-24T13:56:35.657+0000][gc,heap     ] GC(122) Survivor regions: 3->3(77)
[2025-12-24T13:56:35.657+0000][gc,heap     ] GC(122) Old regions: 22->22
[2025-12-24T13:56:35.657+0000][gc,heap     ] GC(122) Humongous regions: 22->22
[2025-12-24T13:56:35.657+0000][gc,metaspace] GC(122) Metaspace: 12147K(12544K)->12147K(12544K) NonClass: 11074K(11200K)->11074K(11200K) Class: 1072K(1344K)->1072K(1344K)
[2025-12-24T13:56:35.658+0000][gc          ] GC(122) Pause Young (Normal) (G1 Evacuation Pause) 657M->46M(1024M) 11.301ms
[2025-12-24T13:56:35.658+0000][gc,cpu      ] GC(122) User=0.05s Sys=0.00s Real=0.01s
[2025-12-24T13:57:25.960+0000][gc,start    ] GC(123) Pause Young (Normal) (G1 Evacuation Pause)
[2025-12-24T13:57:25.961+0000][gc,task     ] GC(123) Using 8 workers of 8 for evacuation
[2025-12-24T13:57:25.974+0000][gc,phases   ] GC(123)   Pre Evacuate Collection Set: 1.1ms
[2025-12-24T13:57:25.974+0000][gc,phases   ] GC(123)   Merge Heap Roots: 0.2ms
[2025-12-24T13:57:25.975+0000][gc,phases   ] GC(123)   Evacuate Collection Set: 10.6ms
[2025-12-24T13:57:25.975+0000][gc,phases   ] GC(123)   Post Evacuate Collection Set: 1.0ms
[2025-12-24T13:57:25.975+0000][gc,phases   ] GC(123)   Other: 0.3ms
[2025-12-24T13:57:25.975+0000][gc,heap     ] GC(123) Eden regions: 611->0(610)
[2025-12-24T13:57:25.975+0000][gc,heap     ] GC(123) Survivor regions: 3->4(77)
[2025-12-24T13:57:25.975+0000][gc,heap     ] GC(123) Old regions: 22->22
[2025-12-24T13:57:25.975+0000][gc,heap     ] GC(123) Humongous regions: 22->22
[2025-12-24T13:57:25.975+0000][gc,metaspace] GC(123) Metaspace: 12147K(12544K)->12147K(12544K) NonClass: 11074K(11200K)->11074K(11200K) Class: 1072K(1344K)->1072K(1344K)
[2025-12-24T13:57:25.975+0000][gc          ] GC(123) Pause Young (Normal) (G1 Evacuation Pause) 657M->47M(1024M) 15.061ms
[2025-12-24T13:57:25.975+0000][gc,cpu      ] GC(123) User=0.08s Sys=0.00s Real=0.02s
[2025-12-24T13:58:25.799+0000][gc,start    ] GC(124) Pause Young (Normal) (G1 Evacuation Pause)
[2025-12-24T13:58:25.800+0000][gc,task     ] GC(124) Using 8 workers of 8 for evacuation
[2025-12-24T13:58:25.811+0000][gc,phases   ] GC(124)   Pre Evacuate Collection Set: 0.9ms
[2025-12-24T13:58:25.812+0000][gc,phases   ] GC(124)   Merge Heap Roots: 0.2ms
[2025-12-24T13:58:25.812+0000][gc,phases   ] GC(124)   Evacuate Collection Set: 8.6ms
[2025-12-24T13:58:25.812+0000][gc,phases   ] GC(124)   Post Evacuate Collection Set: 1.1ms
[2025-12-24T13:58:25.812+0000][gc,phases   ] GC(124)   Other: 0.2ms
[2025-12-24T13:58:25.812+0000][gc,heap     ] GC(124) Eden regions: 610->0(611)
[2025-12-24T13:58:25.812+0000][gc,heap     ] GC(124) Survivor regions: 4->3(77)
[2025-12-24T13:58:25.812+0000][gc,heap     ] GC(124) Old regions: 22->22
[2025-12-24T13:58:25.812+0000][gc,heap     ] GC(124) Humongous regions: 22->22
[2025-12-24T13:58:25.812+0000][gc,metaspace] GC(124) Metaspace: 12147K(12544K)->12147K(12544K) NonClass: 11074K(11200K)->11074K(11200K) Class: 1072K(1344K)->1072K(1344K)
[2025-12-24T13:58:25.812+0000][gc          ] GC(124) Pause Young (Normal) (G1 Evacuation Pause) 657M->46M(1024M) 13.336ms
[2025-12-24T13:58:25.812+0000][gc,cpu      ] GC(124) User=0.07s Sys=0.00s Real=0.02s
[2025-12-24T13:59:25.589+0000][gc,start    ] GC(125) Pause Young (Normal) (G1 Evacuation Pause)
[2025-12-24T13:59:25.590+0000][gc,task     ] GC(125) Using 8 workers of 8 for evacuation
[2025-12-24T13:59:25.601+0000][gc,phases   ] GC(125)   Pre Evacuate Collection Set: 1.9ms
[2025-12-24T13:59:25.601+0000][gc,phases   ] GC(125)   Merge Heap Roots: 0.4ms
[2025-12-24T13:59:25.602+0000][gc,phases   ] GC(125)   Evacuate Collection Set: 6.5ms
[2025-12-24T13:59:25.602+0000][gc,phases   ] GC(125)   Post Evacuate Collection Set: 1.8ms
[2025-12-24T13:59:25.602+0000][gc,phases   ] GC(125)   Other: 0.4ms
[2025-12-24T13:59:25.602+0000][gc,heap     ] GC(125) Eden regions: 611->0(611)
[2025-12-24T13:59:25.602+0000][gc,heap     ] GC(125) Survivor regions: 3->3(77)
[2025-12-24T13:59:25.602+0000][gc,heap     ] GC(125) Old regions: 22->22
[2025-12-24T13:59:25.602+0000][gc,heap     ] GC(125) Humongous regions: 22->22
[2025-12-24T13:59:25.602+0000][gc,metaspace] GC(125) Metaspace: 12147K(12544K)->12147K(12544K) NonClass: 11074K(11200K)->11074K(11200K) Class: 1072K(1344K)->1072K(1344K)
[2025-12-24T13:59:25.603+0000][gc          ] GC(125) Pause Young (Normal) (G1 Evacuation Pause) 657M->46M(1024M) 13.300ms
[2025-12-24T13:59:25.603+0000][gc,cpu      ] GC(125) User=0.07s Sys=0.00s Real=0.01s
[2025-12-24T14:00:15.831+0000][gc,start    ] GC(126) Pause Young (Normal) (G1 Evacuation Pause)
[2025-12-24T14:00:15.832+0000][gc,task     ] GC(126) Using 8 workers of 8 for evacuation
[2025-12-24T14:00:15.838+0000][gc,phases   ] GC(126)   Pre Evacuate Collection Set: 1.0ms
[2025-12-24T14:00:15.838+0000][gc,phases   ] GC(126)   Merge Heap Roots: 0.2ms
[2025-12-24T14:00:15.838+0000][gc,phases   ] GC(126)   Evacuate Collection Set: 4.0ms
[2025-12-24T14:00:15.838+0000][gc,phases   ] GC(126)   Post Evacuate Collection Set: 1.0ms
[2025-12-24T14:00:15.838+0000][gc,phases   ] GC(126)   Other: 0.2ms
[2025-12-24T14:00:15.839+0000][gc,heap     ] GC(126) Eden regions: 611->0(610)
[2025-12-24T14:00:15.839+0000][gc,heap     ] GC(126) Survivor regions: 3->4(77)
[2025-12-24T14:00:15.839+0000][gc,heap     ] GC(126) Old regions: 22->22
[2025-12-24T14:00:15.839+0000][gc,heap     ] GC(126) Humongous regions: 22->22
[2025-12-24T14:00:15.839+0000][gc,metaspace] GC(126) Metaspace: 12147K(12544K)->12147K(12544K) NonClass: 11074K(11200K)->11074K(11200K) Class: 1072K(1344K)->1072K(1344K)
[2025-12-24T14:00:15.839+0000][gc          ] GC(126) Pause Young (Normal) (G1 Evacuation Pause) 657M->47M(1024M) 7.633ms
[2025-12-24T14:00:15.839+0000][gc,cpu      ] GC(126) User=0.04s Sys=0.00s Real=0.01s
[2025-12-24T14:01:15.694+0000][gc,start    ] GC(127) Pause Young (Normal) (G1 Evacuation Pause)
[2025-12-24T14:01:15.695+0000][gc,task     ] GC(127) Using 8 workers of 8 for evacuation
[2025-12-24T14:01:15.702+0000][gc,phases   ] GC(127)   Pre Evacuate Collection Set: 1.2ms
[2025-12-24T14:01:15.702+0000][gc,phases   ] GC(127)   Merge Heap Roots: 0.2ms
[2025-12-24T14:01:15.702+0000][gc,phases   ] GC(127)   Evacuate Collection Set: 4.1ms
[2025-12-24T14:01:15.702+0000][gc,phases   ] GC(127)   Post Evacuate Collection Set: 1.1ms
[2025-12-24T14:01:15.702+0000][gc,phases   ] GC(127)   Other: 0.3ms
[2025-12-24T14:01:15.702+0000][gc,heap     ] GC(127) Eden regions: 610->0(611)
[2025-12-24T14:01:15.702+0000][gc,heap     ] GC(127) Survivor regions: 4->3(77)
[2025-12-24T14:01:15.702+0000][gc,heap     ] GC(127) Old regions: 22->22
[2025-12-24T14:01:15.702+0000][gc,heap     ] GC(127) Humongous regions: 22->22
[2025-12-24T14:01:15.702+0000][gc,metaspace] GC(127) Metaspace: 12147K(12544K)->12147K(12544K) NonClass: 11074K(11200K)->11074K(11200K) Class: 1072K(1344K)->1072K(1344K)
[2025-12-24T14:01:15.702+0000][gc          ] GC(127) Pause Young (Normal) (G1 Evacuation Pause) 657M->46M(1024M) 7.931ms
[2025-12-24T14:01:15.702+0000][gc,cpu      ] GC(127) User=0.04s Sys=0.00s Real=0.01s
[2025-12-24T14:02:28.858+0000][gc,start    ] GC(128) Pause Young (Normal) (G1 Evacuation Pause)
[2025-12-24T14:02:28.859+0000][gc,task     ] GC(128) Using 8 workers of 8 for evacuation
[2025-12-24T14:02:28.874+0000][gc,phases   ] GC(128)   Pre Evacuate Collection Set: 1.9ms
[2025-12-24T14:02:28.874+0000][gc,phases   ] GC(128)   Merge Heap Roots: 0.4ms
[2025-12-24T14:02:28.875+0000][gc,phases   ] GC(128)   Evacuate Collection Set: 10.7ms
[2025-12-24T14:02:28.875+0000][gc,phases   ] GC(128)   Post Evacuate Collection Set: 1.5ms
[2025-12-24T14:02:28.875+0000][gc,phases   ] GC(128)   Other: 0.6ms
[2025-12-24T14:02:28.875+0000][gc,heap     ] GC(128) Eden regions: 611->0(610)
[2025-12-24T14:02:28.875+0000][gc,heap     ] GC(128) Survivor regions: 3->4(77)
[2025-12-24T14:02:28.876+0000][gc,heap     ] GC(128) Old regions: 22->22
[2025-12-24T14:02:28.876+0000][gc,heap     ] GC(128) Humongous regions: 22->22
[2025-12-24T14:02:28.877+0000][gc,metaspace] GC(128) Metaspace: 12217K(12672K)->12217K(12672K) NonClass: 11142K(11328K)->11142K(11328K) Class: 1075K(1344K)->1075K(1344K)
[2025-12-24T14:02:28.877+0000][gc          ] GC(128) Pause Young (Normal) (G1 Evacuation Pause) 657M->47M(1024M) 18.893ms
[2025-12-24T14:02:28.878+0000][gc,cpu      ] GC(128) User=0.06s Sys=0.01s Real=0.02s
[2025-12-24T14:03:28.427+0000][gc,start    ] GC(129) Pause Young (Normal) (G1 Evacuation Pause)
[2025-12-24T14:03:28.427+0000][gc,task     ] GC(129) Using 8 workers of 8 for evacuation
[2025-12-24T14:03:28.439+0000][gc,phases   ] GC(129)   Pre Evacuate Collection Set: 1.1ms
[2025-12-24T14:03:28.439+0000][gc,phases   ] GC(129)   Merge Heap Roots: 0.3ms
[2025-12-24T14:03:28.439+0000][gc,phases   ] GC(129)   Evacuate Collection Set: 8.1ms
[2025-12-24T14:03:28.439+0000][gc,phases   ] GC(129)   Post Evacuate Collection Set: 1.5ms
[2025-12-24T14:03:28.439+0000][gc,phases   ] GC(129)   Other: 0.2ms
[2025-12-24T14:03:28.439+0000][gc,heap     ] GC(129) Eden regions: 610->0(610)
[2025-12-24T14:03:28.439+0000][gc,heap     ] GC(129) Survivor regions: 4->4(77)
[2025-12-24T14:03:28.439+0000][gc,heap     ] GC(129) Old regions: 22->22
[2025-12-24T14:03:28.439+0000][gc,heap     ] GC(129) Humongous regions: 22->22
[2025-12-24T14:03:28.439+0000][gc,metaspace] GC(129) Metaspace: 12311K(12736K)->12311K(12736K) NonClass: 11222K(11392K)->11222K(11392K) Class: 1089K(1344K)->1089K(1344K)
[2025-12-24T14:03:28.439+0000][gc          ] GC(129) Pause Young (Normal) (G1 Evacuation Pause) 657M->47M(1024M) 12.702ms
[2025-12-24T14:03:28.439+0000][gc,cpu      ] GC(129) User=0.07s Sys=0.01s Real=0.02s
[2025-12-24T14:04:18.599+0000][gc,start    ] GC(130) Pause Young (Normal) (G1 Evacuation Pause)
[2025-12-24T14:04:18.600+0000][gc,task     ] GC(130) Using 8 workers of 8 for evacuation
[2025-12-24T14:04:18.611+0000][gc,phases   ] GC(130)   Pre Evacuate Collection Set: 0.9ms
[2025-12-24T14:04:18.611+0000][gc,phases   ] GC(130)   Merge Heap Roots: 0.2ms
[2025-12-24T14:04:18.611+0000][gc,phases   ] GC(130)   Evacuate Collection Set: 8.3ms
[2025-12-24T14:04:18.611+0000][gc,phases   ] GC(130)   Post Evacuate Collection Set: 1.0ms
[2025-12-24T14:04:18.611+0000][gc,phases   ] GC(130)   Other: 0.2ms
[2025-12-24T14:04:18.611+0000][gc,heap     ] GC(130) Eden regions: 610->0(609)
[2025-12-24T14:04:18.611+0000][gc,heap     ] GC(130) Survivor regions: 4->5(77)
[2025-12-24T14:04:18.611+0000][gc,heap     ] GC(130) Old regions: 22->23
[2025-12-24T14:04:18.611+0000][gc,heap     ] GC(130) Humongous regions: 22->22
[2025-12-24T14:04:18.611+0000][gc,metaspace] GC(130) Metaspace: 12345K(12800K)->12345K(12800K) NonClass: 11256K(11456K)->11256K(11456K) Class: 1089K(1344K)->1089K(1344K)
[2025-12-24T14:04:18.612+0000][gc          ] GC(130) Pause Young (Normal) (G1 Evacuation Pause) 657M->48M(1024M) 12.136ms
[2025-12-24T14:04:18.612+0000][gc,cpu      ] GC(130) User=0.07s Sys=0.00s Real=0.01s
