[2025-12-25T12:01:47.976+0000][gc,init] CardTable entry size: 512
[2025-12-25T12:01:47.980+0000][gc     ] Using G1
[2025-12-25T12:01:48.015+0000][gc,init] Version: 21.0.4+7-LTS (release)
[2025-12-25T12:01:48.020+0000][gc,init] CPUs: 8 total, 8 available
[2025-12-25T12:01:48.022+0000][gc,init] Memory: 13709M
[2025-12-25T12:01:48.028+0000][gc,init] Large Page Support: Disabled
[2025-12-25T12:01:48.037+0000][gc,init] NUMA Support: Disabled
[2025-12-25T12:01:48.073+0000][gc,init] Compressed Oops: Enabled (32-bit)
[2025-12-25T12:01:48.074+0000][gc,init] Heap Region Size: 1M
[2025-12-25T12:01:48.075+0000][gc,init] Heap Min Capacity: 1G
[2025-12-25T12:01:48.077+0000][gc,init] Heap Initial Capacity: 1G
[2025-12-25T12:01:48.077+0000][gc,init] Heap Max Capacity: 1G
[2025-12-25T12:01:48.077+0000][gc,init] Pre-touch: Disabled
[2025-12-25T12:01:48.078+0000][gc,init] Parallel Workers: 8
[2025-12-25T12:01:48.078+0000][gc,init] Concurrent Workers: 2
[2025-12-25T12:01:48.079+0000][gc,init] Concurrent Refinement Workers: 8
[2025-12-25T12:01:48.081+0000][gc,init] Periodic GC: Disabled
[2025-12-25T12:01:48.217+0000][gc,metaspace] CDS archive(s) mapped at: [0x0000009800000000-0x0000009800bd0000-0x00000098036b0000), size 57344000, SharedBaseAddress: 0x0000009800000000, ArchiveRelocationMode: 1.
[2025-12-25T12:01:48.218+0000][gc,metaspace] Compressed class space mapped at: 0x0000009804000000-0x0000009844000000, reserved size: 1073741824
[2025-12-25T12:01:48.229+0000][gc,metaspace] Narrow klass base: 0x0000009800000000, Narrow klass shift: 0, Narrow klass range: 0x100000000
[2025-12-25T12:01:59.858+0000][gc,start    ] GC(0) Pause Young (Normal) (G1 Evacuation Pause)
[2025-12-25T12:01:59.950+0000][gc,task     ] GC(0) Using 8 workers of 8 for evacuation
[2025-12-25T12:02:00.633+0000][gc,mmu      ] GC(0) MMU target violated: 201.0ms (200.0ms/201.0ms)
[2025-12-25T12:02:00.633+0000][gc,phases   ] GC(0)   Pre Evacuate Collection Set: 44.4ms
[2025-12-25T12:02:00.634+0000][gc,phases   ] GC(0)   Merge Heap Roots: 106.9ms
[2025-12-25T12:02:00.635+0000][gc,phases   ] GC(0)   Evacuate Collection Set: 509.1ms
[2025-12-25T12:02:00.637+0000][gc,phases   ] GC(0)   Post Evacuate Collection Set: 19.3ms
[2025-12-25T12:02:00.638+0000][gc,phases   ] GC(0)   Other: 88.6ms
[2025-12-25T12:02:00.641+0000][gc,heap     ] GC(0) Eden regions: 51->0(44)
[2025-12-25T12:02:00.642+0000][gc,heap     ] GC(0) Survivor regions: 0->7(7)
[2025-12-25T12:02:00.645+0000][gc,heap     ] GC(0) Old regions: 1->5
[2025-12-25T12:02:00.646+0000][gc,heap     ] GC(0) Humongous regions: 2->2
[2025-12-25T12:02:00.647+0000][gc,metaspace] GC(0) Metaspace: 5275K(5568K)->5275K(5568K) NonClass: 4648K(4800K)->4648K(4800K) Class: 626K(768K)->626K(768K)
[2025-12-25T12:02:00.649+0000][gc          ] GC(0) Pause Young (Normal) (G1 Evacuation Pause) 53M->13M(1024M) 790.603ms
[2025-12-25T12:02:00.649+0000][gc,cpu      ] GC(0) User=0.15s Sys=0.02s Real=0.79s
[2025-12-25T12:02:02.251+0000][gc,start    ] GC(1) Pause Young (Normal) (G1 Evacuation Pause)
[2025-12-25T12:02:02.257+0000][gc,task     ] GC(1) Using 8 workers of 8 for evacuation
[2025-12-25T12:02:02.324+0000][gc,phases   ] GC(1)   Pre Evacuate Collection Set: 2.9ms
[2025-12-25T12:02:02.324+0000][gc,phases   ] GC(1)   Merge Heap Roots: 0.1ms
[2025-12-25T12:02:02.324+0000][gc,phases   ] GC(1)   Evacuate Collection Set: 59.8ms
[2025-12-25T12:02:02.324+0000][gc,phases   ] GC(1)   Post Evacuate Collection Set: 0.9ms
[2025-12-25T12:02:02.325+0000][gc,phases   ] GC(1)   Other: 2.8ms
[2025-12-25T12:02:02.325+0000][gc,heap     ] GC(1) Eden regions: 44->0(49)
[2025-12-25T12:02:02.325+0000][gc,heap     ] GC(1) Survivor regions: 7->2(7)
[2025-12-25T12:02:02.325+0000][gc,heap     ] GC(1) Old regions: 5->12
[2025-12-25T12:02:02.325+0000][gc,heap     ] GC(1) Humongous regions: 2->2
[2025-12-25T12:02:02.325+0000][gc,metaspace] GC(1) Metaspace: 5739K(6016K)->5739K(6016K) NonClass: 5054K(5184K)->5054K(5184K) Class: 684K(832K)->684K(832K)
[2025-12-25T12:02:02.325+0000][gc          ] GC(1) Pause Young (Normal) (G1 Evacuation Pause) 57M->14M(1024M) 74.182ms
[2025-12-25T12:02:02.325+0000][gc,cpu      ] GC(1) User=0.04s Sys=0.01s Real=0.08s
[2025-12-25T12:02:06.429+0000][gc,start    ] GC(2) Pause Young (Normal) (G1 Evacuation Pause)
[2025-12-25T12:02:06.437+0000][gc,task     ] GC(2) Using 8 workers of 8 for evacuation
[2025-12-25T12:02:06.539+0000][gc,phases   ] GC(2)   Pre Evacuate Collection Set: 1.9ms
[2025-12-25T12:02:06.549+0000][gc,phases   ] GC(2)   Merge Heap Roots: 0.2ms
[2025-12-25T12:02:06.551+0000][gc,phases   ] GC(2)   Evacuate Collection Set: 73.6ms
[2025-12-25T12:02:06.555+0000][gc,phases   ] GC(2)   Post Evacuate Collection Set: 16.8ms
[2025-12-25T12:02:06.563+0000][gc,phases   ] GC(2)   Other: 10.2ms
[2025-12-25T12:02:06.564+0000][gc,heap     ] GC(2) Eden regions: 49->0(44)
[2025-12-25T12:02:06.591+0000][gc,heap     ] GC(2) Survivor regions: 2->7(7)
[2025-12-25T12:02:06.593+0000][gc,heap     ] GC(2) Old regions: 12->12
[2025-12-25T12:02:06.593+0000][gc,heap     ] GC(2) Humongous regions: 131->131
[2025-12-25T12:02:06.593+0000][gc,metaspace] GC(2) Metaspace: 8163K(8448K)->8163K(8448K) NonClass: 7153K(7296K)->7153K(7296K) Class: 1009K(1152K)->1009K(1152K)
[2025-12-25T12:02:06.594+0000][gc          ] GC(2) Pause Young (Normal) (G1 Evacuation Pause) 192M->149M(1024M) 164.444ms
[2025-12-25T12:02:06.594+0000][gc,cpu      ] GC(2) User=0.12s Sys=0.02s Real=0.17s
[2025-12-25T12:02:08.028+0000][gc,start    ] GC(3) Pause Young (Normal) (G1 Evacuation Pause)
[2025-12-25T12:02:08.028+0000][gc,task     ] GC(3) Using 8 workers of 8 for evacuation
[2025-12-25T12:02:08.066+0000][gc,phases   ] GC(3)   Pre Evacuate Collection Set: 1.1ms
[2025-12-25T12:02:08.066+0000][gc,phases   ] GC(3)   Merge Heap Roots: 0.2ms
[2025-12-25T12:02:08.066+0000][gc,phases   ] GC(3)   Evacuate Collection Set: 33.1ms
[2025-12-25T12:02:08.066+0000][gc,phases   ] GC(3)   Post Evacuate Collection Set: 2.7ms
[2025-12-25T12:02:08.068+0000][gc,phases   ] GC(3)   Other: 0.4ms
[2025-12-25T12:02:08.070+0000][gc,heap     ] GC(3) Eden regions: 44->0(89)
[2025-12-25T12:02:08.071+0000][gc,heap     ] GC(3) Survivor regions: 7->2(7)
[2025-12-25T12:02:08.071+0000][gc,heap     ] GC(3) Old regions: 12->19
[2025-12-25T12:02:08.074+0000][gc,heap     ] GC(3) Humongous regions: 131->131
[2025-12-25T12:02:08.076+0000][gc,metaspace] GC(3) Metaspace: 8446K(8704K)->8446K(8704K) NonClass: 7397K(7552K)->7397K(7552K) Class: 1049K(1152K)->1049K(1152K)
[2025-12-25T12:02:08.078+0000][gc          ] GC(3) Pause Young (Normal) (G1 Evacuation Pause) 193M->150M(1024M) 50.133ms
[2025-12-25T12:02:08.089+0000][gc,cpu      ] GC(3) User=0.02s Sys=0.01s Real=0.06s
[2025-12-25T12:02:09.030+0000][gc,start    ] GC(4) Pause Young (Normal) (G1 Evacuation Pause)
[2025-12-25T12:02:09.032+0000][gc,task     ] GC(4) Using 8 workers of 8 for evacuation
[2025-12-25T12:02:09.077+0000][gc,phases   ] GC(4)   Pre Evacuate Collection Set: 3.4ms
[2025-12-25T12:02:09.079+0000][gc,phases   ] GC(4)   Merge Heap Roots: 0.6ms
[2025-12-25T12:02:09.079+0000][gc,phases   ] GC(4)   Evacuate Collection Set: 40.5ms
[2025-12-25T12:02:09.079+0000][gc,phases   ] GC(4)   Post Evacuate Collection Set: 0.5ms
[2025-12-25T12:02:09.079+0000][gc,phases   ] GC(4)   Other: 0.6ms
[2025-12-25T12:02:09.080+0000][gc,heap     ] GC(4) Eden regions: 89->0(369)
[2025-12-25T12:02:09.080+0000][gc,heap     ] GC(4) Survivor regions: 2->3(12)
[2025-12-25T12:02:09.081+0000][gc,heap     ] GC(4) Old regions: 19->19
[2025-12-25T12:02:09.081+0000][gc,heap     ] GC(4) Humongous regions: 131->131
[2025-12-25T12:02:09.082+0000][gc,metaspace] GC(4) Metaspace: 8755K(9024K)->8755K(9024K) NonClass: 7640K(7808K)->7640K(7808K) Class: 1115K(1216K)->1115K(1216K)
[2025-12-25T12:02:09.083+0000][gc          ] GC(4) Pause Young (Normal) (G1 Evacuation Pause) 239M->152M(1024M) 52.845ms
[2025-12-25T12:02:09.083+0000][gc,cpu      ] GC(4) User=0.07s Sys=0.02s Real=0.06s
[2025-12-25T12:02:35.711+0000][gc,start    ] GC(5) Pause Young (Normal) (G1 Evacuation Pause)
[2025-12-25T12:02:35.714+0000][gc,task     ] GC(5) Using 8 workers of 8 for evacuation
[2025-12-25T12:02:35.790+0000][gc,phases   ] GC(5)   Pre Evacuate Collection Set: 3.7ms
[2025-12-25T12:02:35.791+0000][gc,phases   ] GC(5)   Merge Heap Roots: 0.7ms
[2025-12-25T12:02:35.792+0000][gc,phases   ] GC(5)   Evacuate Collection Set: 63.6ms
[2025-12-25T12:02:35.792+0000][gc,phases   ] GC(5)   Post Evacuate Collection Set: 6.5ms
[2025-12-25T12:02:35.793+0000][gc,phases   ] GC(5)   Other: 1.4ms
[2025-12-25T12:02:35.794+0000][gc,heap     ] GC(5) Eden regions: 363->0(470)
[2025-12-25T12:02:35.795+0000][gc,heap     ] GC(5) Survivor regions: 3->6(46)
[2025-12-25T12:02:35.795+0000][gc,heap     ] GC(5) Old regions: 19->19
[2025-12-25T12:02:35.795+0000][gc,heap     ] GC(5) Humongous regions: 131->131
[2025-12-25T12:02:35.795+0000][gc,metaspace] GC(5) Metaspace: 10977K(11264K)->10977K(11264K) NonClass: 9572K(9728K)->9572K(9728K) Class: 1405K(1536K)->1405K(1536K)
[2025-12-25T12:02:35.796+0000][gc          ] GC(5) Pause Young (Normal) (G1 Evacuation Pause) 515M->155M(1024M) 84.292ms
[2025-12-25T12:02:35.796+0000][gc,cpu      ] GC(5) User=0.20s Sys=0.05s Real=0.08s
[2025-12-25T12:02:56.383+0000][gc,start    ] GC(6) Pause Young (Normal) (G1 Evacuation Pause)
[2025-12-25T12:02:56.384+0000][gc,task     ] GC(6) Using 8 workers of 8 for evacuation
[2025-12-25T12:02:56.411+0000][gc,phases   ] GC(6)   Pre Evacuate Collection Set: 10.9ms
[2025-12-25T12:02:56.411+0000][gc,phases   ] GC(6)   Merge Heap Roots: 0.3ms
[2025-12-25T12:02:56.411+0000][gc,phases   ] GC(6)   Evacuate Collection Set: 11.3ms
[2025-12-25T12:02:56.412+0000][gc,phases   ] GC(6)   Post Evacuate Collection Set: 3.7ms
[2025-12-25T12:02:56.412+0000][gc,phases   ] GC(6)   Other: 0.2ms
[2025-12-25T12:02:56.412+0000][gc,heap     ] GC(6) Eden regions: 459->0(606)
[2025-12-25T12:02:56.412+0000][gc,heap     ] GC(6) Survivor regions: 6->8(59)
[2025-12-25T12:02:56.412+0000][gc,heap     ] GC(6) Old regions: 19->19
[2025-12-25T12:02:56.412+0000][gc,heap     ] GC(6) Humongous regions: 131->131
[2025-12-25T12:02:56.413+0000][gc,metaspace] GC(6) Metaspace: 11311K(11584K)->11311K(11584K) NonClass: 9896K(10048K)->9896K(10048K) Class: 1414K(1536K)->1414K(1536K)
[2025-12-25T12:02:56.413+0000][gc          ] GC(6) Pause Young (Normal) (G1 Evacuation Pause) 614M->157M(1024M) 29.722ms
[2025-12-25T12:02:56.413+0000][gc,cpu      ] GC(6) User=0.05s Sys=0.03s Real=0.03s
[2025-12-25T12:03:36.054+0000][gc,start    ] GC(7) Pause Young (Normal) (G1 Evacuation Pause)
[2025-12-25T12:03:36.055+0000][gc,task     ] GC(7) Using 8 workers of 8 for evacuation
[2025-12-25T12:03:36.077+0000][gc,phases   ] GC(7)   Pre Evacuate Collection Set: 10.1ms
[2025-12-25T12:03:36.077+0000][gc,phases   ] GC(7)   Merge Heap Roots: 0.4ms
[2025-12-25T12:03:36.077+0000][gc,phases   ] GC(7)   Evacuate Collection Set: 9.1ms
[2025-12-25T12:03:36.077+0000][gc,phases   ] GC(7)   Post Evacuate Collection Set: 1.7ms
[2025-12-25T12:03:36.077+0000][gc,phases   ] GC(7)   Other: 0.4ms
[2025-12-25T12:03:36.077+0000][gc,heap     ] GC(7) Eden regions: 606->0(606)
[2025-12-25T12:03:36.077+0000][gc,heap     ] GC(7) Survivor regions: 8->8(77)
[2025-12-25T12:03:36.077+0000][gc,heap     ] GC(7) Old regions: 19->19
[2025-12-25T12:03:36.077+0000][gc,heap     ] GC(7) Humongous regions: 131->131
[2025-12-25T12:03:36.077+0000][gc,metaspace] GC(7) Metaspace: 11724K(12032K)->11724K(12032K) NonClass: 10307K(10496K)->10307K(10496K) Class: 1417K(1536K)->1417K(1536K)
[2025-12-25T12:03:36.078+0000][gc          ] GC(7) Pause Young (Normal) (G1 Evacuation Pause) 763M->157M(1024M) 23.610ms
[2025-12-25T12:03:36.078+0000][gc,cpu      ] GC(7) User=0.09s Sys=0.01s Real=0.02s
[2025-12-25T12:04:06.186+0000][gc,start    ] GC(8) Pause Young (Normal) (G1 Evacuation Pause)
[2025-12-25T12:04:06.188+0000][gc,task     ] GC(8) Using 8 workers of 8 for evacuation
[2025-12-25T12:04:06.205+0000][gc,phases   ] GC(8)   Pre Evacuate Collection Set: 2.3ms
[2025-12-25T12:04:06.205+0000][gc,phases   ] GC(8)   Merge Heap Roots: 0.2ms
[2025-12-25T12:04:06.205+0000][gc,phases   ] GC(8)   Evacuate Collection Set: 10.4ms
[2025-12-25T12:04:06.205+0000][gc,phases   ] GC(8)   Post Evacuate Collection Set: 3.7ms
[2025-12-25T12:04:06.205+0000][gc,phases   ] GC(8)   Other: 0.3ms
[2025-12-25T12:04:06.205+0000][gc,heap     ] GC(8) Eden regions: 606->0(604)
[2025-12-25T12:04:06.205+0000][gc,heap     ] GC(8) Survivor regions: 8->10(77)
[2025-12-25T12:04:06.205+0000][gc,heap     ] GC(8) Old regions: 19->19
[2025-12-25T12:04:06.205+0000][gc,heap     ] GC(8) Humongous regions: 131->131
[2025-12-25T12:04:06.206+0000][gc,metaspace] GC(8) Metaspace: 12054K(12352K)->12054K(12352K) NonClass: 10635K(10816K)->10635K(10816K) Class: 1418K(1536K)->1418K(1536K)
[2025-12-25T12:04:06.206+0000][gc          ] GC(8) Pause Young (Normal) (G1 Evacuation Pause) 763M->159M(1024M) 19.487ms
[2025-12-25T12:04:06.206+0000][gc,cpu      ] GC(8) User=0.07s Sys=0.01s Real=0.02s
[2025-12-25T12:04:45.911+0000][gc,start    ] GC(9) Pause Young (Normal) (G1 Evacuation Pause)
[2025-12-25T12:04:45.912+0000][gc,task     ] GC(9) Using 8 workers of 8 for evacuation
[2025-12-25T12:04:45.928+0000][gc,phases   ] GC(9)   Pre Evacuate Collection Set: 1.2ms
[2025-12-25T12:04:45.928+0000][gc,phases   ] GC(9)   Merge Heap Roots: 0.2ms
[2025-12-25T12:04:45.928+0000][gc,phases   ] GC(9)   Evacuate Collection Set: 13.1ms
[2025-12-25T12:04:45.928+0000][gc,phases   ] GC(9)   Post Evacuate Collection Set: 1.3ms
[2025-12-25T12:04:45.928+0000][gc,phases   ] GC(9)   Other: 0.3ms
[2025-12-25T12:04:45.928+0000][gc,heap     ] GC(9) Eden regions: 604->0(604)
[2025-12-25T12:04:45.928+0000][gc,heap     ] GC(9) Survivor regions: 10->10(77)
[2025-12-25T12:04:45.928+0000][gc,heap     ] GC(9) Old regions: 19->19
[2025-12-25T12:04:45.929+0000][gc,heap     ] GC(9) Humongous regions: 131->131
[2025-12-25T12:04:45.929+0000][gc,metaspace] GC(9) Metaspace: 12504K(12800K)->12504K(12800K) NonClass: 11077K(11200K)->11077K(11200K) Class: 1426K(1600K)->1426K(1600K)
[2025-12-25T12:04:45.929+0000][gc          ] GC(9) Pause Young (Normal) (G1 Evacuation Pause) 763M->159M(1024M) 17.617ms
[2025-12-25T12:04:45.929+0000][gc,cpu      ] GC(9) User=0.09s Sys=0.01s Real=0.02s
[2025-12-25T12:05:16.193+0000][gc,start    ] GC(10) Pause Young (Normal) (G1 Evacuation Pause)
[2025-12-25T12:05:16.195+0000][gc,task     ] GC(10) Using 8 workers of 8 for evacuation
[2025-12-25T12:05:16.217+0000][gc,phases   ] GC(10)   Pre Evacuate Collection Set: 2.3ms
[2025-12-25T12:05:16.217+0000][gc,phases   ] GC(10)   Merge Heap Roots: 0.6ms
[2025-12-25T12:05:16.217+0000][gc,phases   ] GC(10)   Evacuate Collection Set: 17.6ms
[2025-12-25T12:05:16.217+0000][gc,phases   ] GC(10)   Post Evacuate Collection Set: 1.2ms
[2025-12-25T12:05:16.217+0000][gc,phases   ] GC(10)   Other: 0.2ms
[2025-12-25T12:05:16.217+0000][gc,heap     ] GC(10) Eden regions: 604->0(603)
[2025-12-25T12:05:16.217+0000][gc,heap     ] GC(10) Survivor regions: 10->11(77)
[2025-12-25T12:05:16.217+0000][gc,heap     ] GC(10) Old regions: 19->19
[2025-12-25T12:05:16.217+0000][gc,heap     ] GC(10) Humongous regions: 131->131
[2025-12-25T12:05:16.217+0000][gc,metaspace] GC(10) Metaspace: 12653K(12992K)->12653K(12992K) NonClass: 11226K(11392K)->11226K(11392K) Class: 1427K(1600K)->1427K(1600K)
[2025-12-25T12:05:16.217+0000][gc          ] GC(10) Pause Young (Normal) (G1 Evacuation Pause) 763M->160M(1024M) 24.270ms
[2025-12-25T12:05:16.217+0000][gc,cpu      ] GC(10) User=0.15s Sys=0.00s Real=0.02s
[2025-12-25T12:05:55.976+0000][gc,start    ] GC(11) Pause Young (Normal) (G1 Evacuation Pause)
[2025-12-25T12:05:55.978+0000][gc,task     ] GC(11) Using 8 workers of 8 for evacuation
[2025-12-25T12:05:56.000+0000][gc,phases   ] GC(11)   Pre Evacuate Collection Set: 1.0ms
[2025-12-25T12:05:56.001+0000][gc,phases   ] GC(11)   Merge Heap Roots: 0.2ms
[2025-12-25T12:05:56.001+0000][gc,phases   ] GC(11)   Evacuate Collection Set: 20.5ms
[2025-12-25T12:05:56.001+0000][gc,phases   ] GC(11)   Post Evacuate Collection Set: 1.1ms
[2025-12-25T12:05:56.001+0000][gc,phases   ] GC(11)   Other: 0.2ms
[2025-12-25T12:05:56.001+0000][gc,heap     ] GC(11) Eden regions: 603->0(602)
[2025-12-25T12:05:56.001+0000][gc,heap     ] GC(11) Survivor regions: 11->12(77)
[2025-12-25T12:05:56.001+0000][gc,heap     ] GC(11) Old regions: 19->19
[2025-12-25T12:05:56.001+0000][gc,heap     ] GC(11) Humongous regions: 131->131
[2025-12-25T12:05:56.001+0000][gc,metaspace] GC(11) Metaspace: 12692K(13056K)->12692K(13056K) NonClass: 11263K(11456K)->11263K(11456K) Class: 1428K(1600K)->1428K(1600K)
[2025-12-25T12:05:56.001+0000][gc          ] GC(11) Pause Young (Normal) (G1 Evacuation Pause) 763M->160M(1024M) 25.156ms
[2025-12-25T12:05:56.002+0000][gc,cpu      ] GC(11) User=0.16s Sys=0.00s Real=0.03s
[2025-12-25T12:06:35.789+0000][gc,start    ] GC(12) Pause Young (Normal) (G1 Evacuation Pause)
[2025-12-25T12:06:35.789+0000][gc,task     ] GC(12) Using 8 workers of 8 for evacuation
[2025-12-25T12:06:35.842+0000][gc,phases   ] GC(12)   Pre Evacuate Collection Set: 2.8ms
[2025-12-25T12:06:35.842+0000][gc,phases   ] GC(12)   Merge Heap Roots: 1.1ms
[2025-12-25T12:06:35.842+0000][gc,phases   ] GC(12)   Evacuate Collection Set: 44.3ms
[2025-12-25T12:06:35.842+0000][gc,phases   ] GC(12)   Post Evacuate Collection Set: 3.8ms
[2025-12-25T12:06:35.843+0000][gc,phases   ] GC(12)   Other: 0.7ms
[2025-12-25T12:06:35.843+0000][gc,heap     ] GC(12) Eden regions: 602->0(603)
[2025-12-25T12:06:35.843+0000][gc,heap     ] GC(12) Survivor regions: 12->11(77)
[2025-12-25T12:06:35.843+0000][gc,heap     ] GC(12) Old regions: 19->19
[2025-12-25T12:06:35.843+0000][gc,heap     ] GC(12) Humongous regions: 131->131
[2025-12-25T12:06:35.843+0000][gc,metaspace] GC(12) Metaspace: 12790K(13120K)->12790K(13120K) NonClass: 11360K(11520K)->11360K(11520K) Class: 1430K(1600K)->1430K(1600K)
[2025-12-25T12:06:35.843+0000][gc          ] GC(12) Pause Young (Normal) (G1 Evacuation Pause) 762M->160M(1024M) 54.521ms
[2025-12-25T12:06:35.843+0000][gc,cpu      ] GC(12) User=0.12s Sys=0.00s Real=0.05s
[2025-12-25T12:07:06.056+0000][gc,start    ] GC(13) Pause Young (Normal) (G1 Evacuation Pause)
[2025-12-25T12:07:06.057+0000][gc,task     ] GC(13) Using 8 workers of 8 for evacuation
[2025-12-25T12:07:06.068+0000][gc,phases   ] GC(13)   Pre Evacuate Collection Set: 1.2ms
[2025-12-25T12:07:06.068+0000][gc,phases   ] GC(13)   Merge Heap Roots: 0.2ms
[2025-12-25T12:07:06.068+0000][gc,phases   ] GC(13)   Evacuate Collection Set: 8.4ms
[2025-12-25T12:07:06.068+0000][gc,phases   ] GC(13)   Post Evacuate Collection Set: 1.3ms
[2025-12-25T12:07:06.068+0000][gc,phases   ] GC(13)   Other: 0.2ms
[2025-12-25T12:07:06.068+0000][gc,heap     ] GC(13) Eden regions: 603->0(605)
[2025-12-25T12:07:06.068+0000][gc,heap     ] GC(13) Survivor regions: 11->9(77)
[2025-12-25T12:07:06.068+0000][gc,heap     ] GC(13) Old regions: 19->19
[2025-12-25T12:07:06.068+0000][gc,heap     ] GC(13) Humongous regions: 131->131
[2025-12-25T12:07:06.068+0000][gc,metaspace] GC(13) Metaspace: 12836K(13184K)->12836K(13184K) NonClass: 11402K(11584K)->11402K(11584K) Class: 1434K(1600K)->1434K(1600K)
[2025-12-25T12:07:06.069+0000][gc          ] GC(13) Pause Young (Normal) (G1 Evacuation Pause) 763M->158M(1024M) 12.822ms
[2025-12-25T12:07:06.069+0000][gc,cpu      ] GC(13) User=0.07s Sys=0.00s Real=0.02s
[2025-12-25T12:07:45.836+0000][gc,start    ] GC(14) Pause Young (Normal) (G1 Evacuation Pause)
[2025-12-25T12:07:45.836+0000][gc,task     ] GC(14) Using 8 workers of 8 for evacuation
[2025-12-25T12:07:45.862+0000][gc,phases   ] GC(14)   Pre Evacuate Collection Set: 5.6ms
[2025-12-25T12:07:45.862+0000][gc,phases   ] GC(14)   Merge Heap Roots: 0.4ms
[2025-12-25T12:07:45.862+0000][gc,phases   ] GC(14)   Evacuate Collection Set: 18.0ms
[2025-12-25T12:07:45.863+0000][gc,phases   ] GC(14)   Post Evacuate Collection Set: 1.7ms
[2025-12-25T12:07:45.863+0000][gc,phases   ] GC(14)   Other: 0.4ms
[2025-12-25T12:07:45.863+0000][gc,heap     ] GC(14) Eden regions: 605->0(605)
[2025-12-25T12:07:45.863+0000][gc,heap     ] GC(14) Survivor regions: 9->9(77)
[2025-12-25T12:07:45.863+0000][gc,heap     ] GC(14) Old regions: 19->19
[2025-12-25T12:07:45.863+0000][gc,heap     ] GC(14) Humongous regions: 131->131
[2025-12-25T12:07:45.863+0000][gc,metaspace] GC(14) Metaspace: 12863K(13184K)->12863K(13184K) NonClass: 11428K(11584K)->11428K(11584K) Class: 1434K(1600K)->1434K(1600K)
[2025-12-25T12:07:45.863+0000][gc          ] GC(14) Pause Young (Normal) (G1 Evacuation Pause) 763M->157M(1024M) 27.331ms
[2025-12-25T12:07:45.863+0000][gc,cpu      ] GC(14) User=0.15s Sys=0.00s Real=0.02s
[2025-12-25T12:08:16.157+0000][gc,start    ] GC(15) Pause Young (Normal) (G1 Evacuation Pause)
[2025-12-25T12:08:16.157+0000][gc,task     ] GC(15) Using 8 workers of 8 for evacuation
[2025-12-25T12:08:16.177+0000][gc,phases   ] GC(15)   Pre Evacuate Collection Set: 1.1ms
[2025-12-25T12:08:16.178+0000][gc,phases   ] GC(15)   Merge Heap Roots: 1.1ms
[2025-12-25T12:08:16.178+0000][gc,phases   ] GC(15)   Evacuate Collection Set: 16.4ms
[2025-12-25T12:08:16.178+0000][gc,phases   ] GC(15)   Post Evacuate Collection Set: 1.4ms
[2025-12-25T12:08:16.178+0000][gc,phases   ] GC(15)   Other: 0.2ms
[2025-12-25T12:08:16.178+0000][gc,heap     ] GC(15) Eden regions: 605->0(603)
[2025-12-25T12:08:16.178+0000][gc,heap     ] GC(15) Survivor regions: 9->11(77)
[2025-12-25T12:08:16.178+0000][gc,heap     ] GC(15) Old regions: 19->19
[2025-12-25T12:08:16.178+0000][gc,heap     ] GC(15) Humongous regions: 131->131
[2025-12-25T12:08:16.178+0000][gc,metaspace] GC(15) Metaspace: 12881K(13248K)->12881K(13248K) NonClass: 11447K(11648K)->11447K(11648K) Class: 1434K(1600K)->1434K(1600K)
[2025-12-25T12:08:16.178+0000][gc          ] GC(15) Pause Young (Normal) (G1 Evacuation Pause) 762M->160M(1024M) 21.503ms
[2025-12-25T12:08:16.178+0000][gc,cpu      ] GC(15) User=0.12s Sys=0.00s Real=0.02s
[2025-12-25T12:08:55.857+0000][gc,start    ] GC(16) Pause Young (Normal) (G1 Evacuation Pause)
[2025-12-25T12:08:55.858+0000][gc,task     ] GC(16) Using 8 workers of 8 for evacuation
[2025-12-25T12:08:55.871+0000][gc,phases   ] GC(16)   Pre Evacuate Collection Set: 1.2ms
[2025-12-25T12:08:55.871+0000][gc,phases   ] GC(16)   Merge Heap Roots: 0.3ms
[2025-12-25T12:08:55.871+0000][gc,phases   ] GC(16)   Evacuate Collection Set: 10.7ms
[2025-12-25T12:08:55.871+0000][gc,phases   ] GC(16)   Post Evacuate Collection Set: 1.4ms
[2025-12-25T12:08:55.871+0000][gc,phases   ] GC(16)   Other: 0.1ms
[2025-12-25T12:08:55.871+0000][gc,heap     ] GC(16) Eden regions: 603->0(604)
[2025-12-25T12:08:55.872+0000][gc,heap     ] GC(16) Survivor regions: 11->10(77)
[2025-12-25T12:08:55.872+0000][gc,heap     ] GC(16) Old regions: 19->19
[2025-12-25T12:08:55.872+0000][gc,heap     ] GC(16) Humongous regions: 131->131
[2025-12-25T12:08:55.872+0000][gc,metaspace] GC(16) Metaspace: 12907K(13248K)->12907K(13248K) NonClass: 11473K(11648K)->11473K(11648K) Class: 1434K(1600K)->1434K(1600K)
[2025-12-25T12:08:55.872+0000][gc          ] GC(16) Pause Young (Normal) (G1 Evacuation Pause) 763M->159M(1024M) 14.745ms
[2025-12-25T12:08:55.872+0000][gc,cpu      ] GC(16) User=0.08s Sys=0.01s Real=0.02s
[2025-12-25T12:09:26.160+0000][gc,start    ] GC(17) Pause Young (Normal) (G1 Evacuation Pause)
[2025-12-25T12:09:26.160+0000][gc,task     ] GC(17) Using 8 workers of 8 for evacuation
[2025-12-25T12:09:26.177+0000][gc,phases   ] GC(17)   Pre Evacuate Collection Set: 0.9ms
[2025-12-25T12:09:26.177+0000][gc,phases   ] GC(17)   Merge Heap Roots: 0.2ms
[2025-12-25T12:09:26.177+0000][gc,phases   ] GC(17)   Evacuate Collection Set: 13.8ms
[2025-12-25T12:09:26.177+0000][gc,phases   ] GC(17)   Post Evacuate Collection Set: 1.4ms
[2025-12-25T12:09:26.177+0000][gc,phases   ] GC(17)   Other: 0.2ms
[2025-12-25T12:09:26.177+0000][gc,heap     ] GC(17) Eden regions: 604->0(602)
[2025-12-25T12:09:26.177+0000][gc,heap     ] GC(17) Survivor regions: 10->12(77)
[2025-12-25T12:09:26.177+0000][gc,heap     ] GC(17) Old regions: 19->19
[2025-12-25T12:09:26.178+0000][gc,heap     ] GC(17) Humongous regions: 131->131
[2025-12-25T12:09:26.178+0000][gc,metaspace] GC(17) Metaspace: 12944K(13248K)->12944K(13248K) NonClass: 11508K(11648K)->11508K(11648K) Class: 1436K(1600K)->1436K(1600K)
[2025-12-25T12:09:26.178+0000][gc          ] GC(17) Pause Young (Normal) (G1 Evacuation Pause) 763M->161M(1024M) 17.547ms
[2025-12-25T12:09:26.178+0000][gc,cpu      ] GC(17) User=0.11s Sys=0.00s Real=0.01s
[2025-12-25T12:10:05.883+0000][gc,start    ] GC(18) Pause Young (Normal) (G1 Evacuation Pause)
[2025-12-25T12:10:05.884+0000][gc,task     ] GC(18) Using 8 workers of 8 for evacuation
[2025-12-25T12:10:05.908+0000][gc,phases   ] GC(18)   Pre Evacuate Collection Set: 1.0ms
[2025-12-25T12:10:05.908+0000][gc,phases   ] GC(18)   Merge Heap Roots: 0.2ms
[2025-12-25T12:10:05.908+0000][gc,phases   ] GC(18)   Evacuate Collection Set: 21.1ms
[2025-12-25T12:10:05.908+0000][gc,phases   ] GC(18)   Post Evacuate Collection Set: 1.4ms
[2025-12-25T12:10:05.908+0000][gc,phases   ] GC(18)   Other: 0.3ms
[2025-12-25T12:10:05.908+0000][gc,heap     ] GC(18) Eden regions: 602->0(603)
[2025-12-25T12:10:05.908+0000][gc,heap     ] GC(18) Survivor regions: 12->11(77)
[2025-12-25T12:10:05.908+0000][gc,heap     ] GC(18) Old regions: 19->20
[2025-12-25T12:10:05.908+0000][gc,heap     ] GC(18) Humongous regions: 131->131
[2025-12-25T12:10:05.908+0000][gc,metaspace] GC(18) Metaspace: 12967K(13312K)->12967K(13312K) NonClass: 11531K(11712K)->11531K(11712K) Class: 1436K(1600K)->1436K(1600K)
[2025-12-25T12:10:05.908+0000][gc          ] GC(18) Pause Young (Normal) (G1 Evacuation Pause) 763M->160M(1024M) 25.141ms
[2025-12-25T12:10:05.908+0000][gc,cpu      ] GC(18) User=0.17s Sys=0.01s Real=0.03s
[2025-12-25T12:10:36.147+0000][gc,start    ] GC(19) Pause Young (Normal) (G1 Evacuation Pause)
[2025-12-25T12:10:36.149+0000][gc,task     ] GC(19) Using 8 workers of 8 for evacuation
[2025-12-25T12:10:36.161+0000][gc,phases   ] GC(19)   Pre Evacuate Collection Set: 1.5ms
[2025-12-25T12:10:36.161+0000][gc,phases   ] GC(19)   Merge Heap Roots: 0.2ms
[2025-12-25T12:10:36.161+0000][gc,phases   ] GC(19)   Evacuate Collection Set: 9.2ms
[2025-12-25T12:10:36.161+0000][gc,phases   ] GC(19)   Post Evacuate Collection Set: 1.3ms
[2025-12-25T12:10:36.161+0000][gc,phases   ] GC(19)   Other: 0.4ms
[2025-12-25T12:10:36.162+0000][gc,heap     ] GC(19) Eden regions: 603->0(603)
[2025-12-25T12:10:36.162+0000][gc,heap     ] GC(19) Survivor regions: 11->11(77)
[2025-12-25T12:10:36.162+0000][gc,heap     ] GC(19) Old regions: 20->22
[2025-12-25T12:10:36.162+0000][gc,heap     ] GC(19) Humongous regions: 131->131
[2025-12-25T12:10:36.162+0000][gc,metaspace] GC(19) Metaspace: 13006K(13312K)->13006K(13312K) NonClass: 11570K(11712K)->11570K(11712K) Class: 1436K(1600K)->1436K(1600K)
[2025-12-25T12:10:36.162+0000][gc          ] GC(19) Pause Young (Normal) (G1 Evacuation Pause) 763M->163M(1024M) 14.581ms
[2025-12-25T12:10:36.162+0000][gc,cpu      ] GC(19) User=0.08s Sys=0.01s Real=0.01s
[2025-12-25T12:11:15.976+0000][gc,start    ] GC(20) Pause Young (Normal) (G1 Evacuation Pause)
[2025-12-25T12:11:15.976+0000][gc,task     ] GC(20) Using 8 workers of 8 for evacuation
[2025-12-25T12:11:15.992+0000][gc,phases   ] GC(20)   Pre Evacuate Collection Set: 1.1ms
[2025-12-25T12:11:15.992+0000][gc,phases   ] GC(20)   Merge Heap Roots: 0.2ms
[2025-12-25T12:11:15.992+0000][gc,phases   ] GC(20)   Evacuate Collection Set: 12.4ms
[2025-12-25T12:11:15.992+0000][gc,phases   ] GC(20)   Post Evacuate Collection Set: 2.0ms
[2025-12-25T12:11:15.992+0000][gc,phases   ] GC(20)   Other: 0.3ms
[2025-12-25T12:11:15.993+0000][gc,heap     ] GC(20) Eden regions: 603->0(610)
[2025-12-25T12:11:15.993+0000][gc,heap     ] GC(20) Survivor regions: 11->4(77)
[2025-12-25T12:11:15.993+0000][gc,heap     ] GC(20) Old regions: 22->24
[2025-12-25T12:11:15.993+0000][gc,heap     ] GC(20) Humongous regions: 131->131
[2025-12-25T12:11:15.993+0000][gc,metaspace] GC(20) Metaspace: 13027K(13376K)->13027K(13376K) NonClass: 11591K(11776K)->11591K(11776K) Class: 1436K(1600K)->1436K(1600K)
[2025-12-25T12:11:15.993+0000][gc          ] GC(20) Pause Young (Normal) (G1 Evacuation Pause) 766M->158M(1024M) 17.427ms
[2025-12-25T12:11:15.993+0000][gc,cpu      ] GC(20) User=0.10s Sys=0.01s Real=0.02s
[2025-12-25T12:11:55.716+0000][gc,start    ] GC(21) Pause Young (Normal) (G1 Evacuation Pause)
[2025-12-25T12:11:55.716+0000][gc,task     ] GC(21) Using 8 workers of 8 for evacuation
[2025-12-25T12:11:55.726+0000][gc,phases   ] GC(21)   Pre Evacuate Collection Set: 1.3ms
[2025-12-25T12:11:55.726+0000][gc,phases   ] GC(21)   Merge Heap Roots: 0.2ms
[2025-12-25T12:11:55.726+0000][gc,phases   ] GC(21)   Evacuate Collection Set: 6.7ms
[2025-12-25T12:11:55.726+0000][gc,phases   ] GC(21)   Post Evacuate Collection Set: 1.4ms
[2025-12-25T12:11:55.726+0000][gc,phases   ] GC(21)   Other: 0.3ms
[2025-12-25T12:11:55.726+0000][gc,heap     ] GC(21) Eden regions: 610->0(610)
[2025-12-25T12:11:55.727+0000][gc,heap     ] GC(21) Survivor regions: 4->4(77)
[2025-12-25T12:11:55.727+0000][gc,heap     ] GC(21) Old regions: 24->24
[2025-12-25T12:11:55.727+0000][gc,heap     ] GC(21) Humongous regions: 131->131
[2025-12-25T12:11:55.727+0000][gc,metaspace] GC(21) Metaspace: 13031K(13376K)->13031K(13376K) NonClass: 11595K(11776K)->11595K(11776K) Class: 1436K(1600K)->1436K(1600K)
[2025-12-25T12:11:55.727+0000][gc          ] GC(21) Pause Young (Normal) (G1 Evacuation Pause) 768M->157M(1024M) 11.057ms
[2025-12-25T12:11:55.727+0000][gc,cpu      ] GC(21) User=0.05s Sys=0.00s Real=0.01s
[2025-12-25T12:12:26.087+0000][gc,start    ] GC(22) Pause Young (Normal) (G1 Evacuation Pause)
[2025-12-25T12:12:26.088+0000][gc,task     ] GC(22) Using 8 workers of 8 for evacuation
[2025-12-25T12:12:26.096+0000][gc,phases   ] GC(22)   Pre Evacuate Collection Set: 1.1ms
[2025-12-25T12:12:26.096+0000][gc,phases   ] GC(22)   Merge Heap Roots: 0.2ms
[2025-12-25T12:12:26.096+0000][gc,phases   ] GC(22)   Evacuate Collection Set: 5.0ms
[2025-12-25T12:12:26.096+0000][gc,phases   ] GC(22)   Post Evacuate Collection Set: 1.2ms
[2025-12-25T12:12:26.096+0000][gc,phases   ] GC(22)   Other: 0.2ms
[2025-12-25T12:12:26.096+0000][gc,heap     ] GC(22) Eden regions: 610->0(609)
[2025-12-25T12:12:26.096+0000][gc,heap     ] GC(22) Survivor regions: 4->5(77)
[2025-12-25T12:12:26.096+0000][gc,heap     ] GC(22) Old regions: 24->24
[2025-12-25T12:12:26.096+0000][gc,heap     ] GC(22) Humongous regions: 131->131
[2025-12-25T12:12:26.096+0000][gc,metaspace] GC(22) Metaspace: 13083K(13440K)->13083K(13440K) NonClass: 11640K(11840K)->11640K(11840K) Class: 1443K(1600K)->1443K(1600K)
[2025-12-25T12:12:26.096+0000][gc          ] GC(22) Pause Young (Normal) (G1 Evacuation Pause) 767M->159M(1024M) 8.896ms
[2025-12-25T12:12:26.096+0000][gc,cpu      ] GC(22) User=0.04s Sys=0.00s Real=0.01s
[2025-12-25T12:13:05.807+0000][gc,start    ] GC(23) Pause Young (Normal) (G1 Evacuation Pause)
[2025-12-25T12:13:05.808+0000][gc,task     ] GC(23) Using 8 workers of 8 for evacuation
[2025-12-25T12:13:05.825+0000][gc,phases   ] GC(23)   Pre Evacuate Collection Set: 1.0ms
[2025-12-25T12:13:05.825+0000][gc,phases   ] GC(23)   Merge Heap Roots: 0.2ms
[2025-12-25T12:13:05.825+0000][gc,phases   ] GC(23)   Evacuate Collection Set: 14.1ms
[2025-12-25T12:13:05.825+0000][gc,phases   ] GC(23)   Post Evacuate Collection Set: 1.7ms
[2025-12-25T12:13:05.825+0000][gc,phases   ] GC(23)   Other: 0.2ms
[2025-12-25T12:13:05.825+0000][gc,heap     ] GC(23) Eden regions: 609->0(609)
[2025-12-25T12:13:05.825+0000][gc,heap     ] GC(23) Survivor regions: 5->5(77)
[2025-12-25T12:13:05.825+0000][gc,heap     ] GC(23) Old regions: 24->24
[2025-12-25T12:13:05.825+0000][gc,heap     ] GC(23) Humongous regions: 131->131
[2025-12-25T12:13:05.825+0000][gc,metaspace] GC(23) Metaspace: 13114K(13440K)->13114K(13440K) NonClass: 11671K(11840K)->11671K(11840K) Class: 1443K(1600K)->1443K(1600K)
[2025-12-25T12:13:05.826+0000][gc          ] GC(23) Pause Young (Normal) (G1 Evacuation Pause) 768M->159M(1024M) 18.403ms
[2025-12-25T12:13:05.826+0000][gc,cpu      ] GC(23) User=0.11s Sys=0.00s Real=0.02s
[2025-12-25T12:13:36.229+0000][gc,start    ] GC(24) Pause Young (Normal) (G1 Evacuation Pause)
[2025-12-25T12:13:36.230+0000][gc,task     ] GC(24) Using 8 workers of 8 for evacuation
[2025-12-25T12:13:36.246+0000][gc,phases   ] GC(24)   Pre Evacuate Collection Set: 1.0ms
[2025-12-25T12:13:36.246+0000][gc,phases   ] GC(24)   Merge Heap Roots: 0.1ms
[2025-12-25T12:13:36.246+0000][gc,phases   ] GC(24)   Evacuate Collection Set: 12.0ms
[2025-12-25T12:13:36.246+0000][gc,phases   ] GC(24)   Post Evacuate Collection Set: 2.7ms
[2025-12-25T12:13:36.246+0000][gc,phases   ] GC(24)   Other: 0.3ms
[2025-12-25T12:13:36.246+0000][gc,heap     ] GC(24) Eden regions: 609->0(607)
[2025-12-25T12:13:36.246+0000][gc,heap     ] GC(24) Survivor regions: 5->7(77)
[2025-12-25T12:13:36.246+0000][gc,heap     ] GC(24) Old regions: 24->24
[2025-12-25T12:13:36.246+0000][gc,heap     ] GC(24) Humongous regions: 131->131
[2025-12-25T12:13:36.247+0000][gc,metaspace] GC(24) Metaspace: 13122K(13440K)->13122K(13440K) NonClass: 11679K(11840K)->11679K(11840K) Class: 1443K(1600K)->1443K(1600K)
[2025-12-25T12:13:36.247+0000][gc          ] GC(24) Pause Young (Normal) (G1 Evacuation Pause) 768M->161M(1024M) 17.463ms
[2025-12-25T12:13:36.247+0000][gc,cpu      ] GC(24) User=0.10s Sys=0.00s Real=0.02s
[2025-12-25T12:14:16.104+0000][gc,start    ] GC(25) Pause Young (Normal) (G1 Evacuation Pause)
[2025-12-25T12:14:16.105+0000][gc,task     ] GC(25) Using 8 workers of 8 for evacuation
[2025-12-25T12:14:16.123+0000][gc,phases   ] GC(25)   Pre Evacuate Collection Set: 1.1ms
[2025-12-25T12:14:16.123+0000][gc,phases   ] GC(25)   Merge Heap Roots: 0.2ms
[2025-12-25T12:14:16.123+0000][gc,phases   ] GC(25)   Evacuate Collection Set: 15.5ms
[2025-12-25T12:14:16.123+0000][gc,phases   ] GC(25)   Post Evacuate Collection Set: 1.2ms
[2025-12-25T12:14:16.123+0000][gc,phases   ] GC(25)   Other: 0.2ms
[2025-12-25T12:14:16.124+0000][gc,heap     ] GC(25) Eden regions: 607->0(607)
[2025-12-25T12:14:16.124+0000][gc,heap     ] GC(25) Survivor regions: 7->7(77)
[2025-12-25T12:14:16.124+0000][gc,heap     ] GC(25) Old regions: 24->24
[2025-12-25T12:14:16.124+0000][gc,heap     ] GC(25) Humongous regions: 131->131
[2025-12-25T12:14:16.124+0000][gc,metaspace] GC(25) Metaspace: 13140K(13440K)->13140K(13440K) NonClass: 11697K(11840K)->11697K(11840K) Class: 1443K(1600K)->1443K(1600K)
[2025-12-25T12:14:16.124+0000][gc          ] GC(25) Pause Young (Normal) (G1 Evacuation Pause) 768M->161M(1024M) 20.082ms
[2025-12-25T12:14:16.124+0000][gc,cpu      ] GC(25) User=0.12s Sys=0.00s Real=0.02s
[2025-12-25T12:14:55.754+0000][gc,start    ] GC(26) Pause Young (Normal) (G1 Evacuation Pause)
[2025-12-25T12:14:55.754+0000][gc,task     ] GC(26) Using 8 workers of 8 for evacuation
[2025-12-25T12:14:55.777+0000][gc,phases   ] GC(26)   Pre Evacuate Collection Set: 3.7ms
[2025-12-25T12:14:55.777+0000][gc,phases   ] GC(26)   Merge Heap Roots: 0.5ms
[2025-12-25T12:14:55.777+0000][gc,phases   ] GC(26)   Evacuate Collection Set: 12.8ms
[2025-12-25T12:14:55.777+0000][gc,phases   ] GC(26)   Post Evacuate Collection Set: 4.9ms
[2025-12-25T12:14:55.777+0000][gc,phases   ] GC(26)   Other: 0.5ms
[2025-12-25T12:14:55.777+0000][gc,heap     ] GC(26) Eden regions: 607->0(607)
[2025-12-25T12:14:55.777+0000][gc,heap     ] GC(26) Survivor regions: 7->7(77)
[2025-12-25T12:14:55.777+0000][gc,heap     ] GC(26) Old regions: 24->24
[2025-12-25T12:14:55.778+0000][gc,heap     ] GC(26) Humongous regions: 131->131
[2025-12-25T12:14:55.778+0000][gc,metaspace] GC(26) Metaspace: 13180K(13504K)->13180K(13504K) NonClass: 11737K(11904K)->11737K(11904K) Class: 1443K(1600K)->1443K(1600K)
[2025-12-25T12:14:55.778+0000][gc          ] GC(26) Pause Young (Normal) (G1 Evacuation Pause) 768M->161M(1024M) 24.152ms
[2025-12-25T12:14:55.778+0000][gc,cpu      ] GC(26) User=0.12s Sys=0.00s Real=0.02s
[2025-12-25T12:15:26.099+0000][gc,start    ] GC(27) Pause Young (Normal) (G1 Evacuation Pause)
[2025-12-25T12:15:26.100+0000][gc,task     ] GC(27) Using 8 workers of 8 for evacuation
[2025-12-25T12:15:26.110+0000][gc,phases   ] GC(27)   Pre Evacuate Collection Set: 2.8ms
[2025-12-25T12:15:26.110+0000][gc,phases   ] GC(27)   Merge Heap Roots: 1.4ms
[2025-12-25T12:15:26.110+0000][gc,phases   ] GC(27)   Evacuate Collection Set: 3.9ms
[2025-12-25T12:15:26.110+0000][gc,phases   ] GC(27)   Post Evacuate Collection Set: 1.4ms
[2025-12-25T12:15:26.110+0000][gc,phases   ] GC(27)   Other: 0.7ms
[2025-12-25T12:15:26.110+0000][gc,heap     ] GC(27) Eden regions: 607->0(609)
[2025-12-25T12:15:26.110+0000][gc,heap     ] GC(27) Survivor regions: 7->5(77)
[2025-12-25T12:15:26.110+0000][gc,heap     ] GC(27) Old regions: 24->24
[2025-12-25T12:15:26.110+0000][gc,heap     ] GC(27) Humongous regions: 131->131
[2025-12-25T12:15:26.110+0000][gc,metaspace] GC(27) Metaspace: 13214K(13568K)->13214K(13568K) NonClass: 11771K(11968K)->11771K(11968K) Class: 1443K(1600K)->1443K(1600K)
[2025-12-25T12:15:26.110+0000][gc          ] GC(27) Pause Young (Normal) (G1 Evacuation Pause) 768M->159M(1024M) 10.966ms
[2025-12-25T12:15:26.110+0000][gc,cpu      ] GC(27) User=0.05s Sys=0.00s Real=0.01s
[2025-12-25T12:16:05.923+0000][gc,start    ] GC(28) Pause Young (Normal) (G1 Evacuation Pause)
[2025-12-25T12:16:05.925+0000][gc,task     ] GC(28) Using 8 workers of 8 for evacuation
[2025-12-25T12:16:05.957+0000][gc,phases   ] GC(28)   Pre Evacuate Collection Set: 6.2ms
[2025-12-25T12:16:05.958+0000][gc,phases   ] GC(28)   Merge Heap Roots: 1.4ms
[2025-12-25T12:16:05.958+0000][gc,phases   ] GC(28)   Evacuate Collection Set: 16.6ms
[2025-12-25T12:16:05.959+0000][gc,phases   ] GC(28)   Post Evacuate Collection Set: 7.1ms
[2025-12-25T12:16:05.959+0000][gc,phases   ] GC(28)   Other: 0.8ms
[2025-12-25T12:16:05.959+0000][gc,heap     ] GC(28) Eden regions: 609->0(609)
[2025-12-25T12:16:05.959+0000][gc,heap     ] GC(28) Survivor regions: 5->5(77)
[2025-12-25T12:16:05.959+0000][gc,heap     ] GC(28) Old regions: 24->24
[2025-12-25T12:16:05.960+0000][gc,heap     ] GC(28) Humongous regions: 131->131
[2025-12-25T12:16:05.960+0000][gc,metaspace] GC(28) Metaspace: 13246K(13568K)->13246K(13568K) NonClass: 11803K(11968K)->11803K(11968K) Class: 1443K(1600K)->1443K(1600K)
[2025-12-25T12:16:05.960+0000][gc          ] GC(28) Pause Young (Normal) (G1 Evacuation Pause) 768M->159M(1024M) 36.725ms
[2025-12-25T12:16:05.960+0000][gc,cpu      ] GC(28) User=0.06s Sys=0.00s Real=0.04s
[2025-12-25T12:16:36.269+0000][gc,start    ] GC(29) Pause Young (Normal) (G1 Evacuation Pause)
[2025-12-25T12:16:36.269+0000][gc,task     ] GC(29) Using 8 workers of 8 for evacuation
[2025-12-25T12:16:36.287+0000][gc,phases   ] GC(29)   Pre Evacuate Collection Set: 1.0ms
[2025-12-25T12:16:36.287+0000][gc,phases   ] GC(29)   Merge Heap Roots: 0.2ms
[2025-12-25T12:16:36.287+0000][gc,phases   ] GC(29)   Evacuate Collection Set: 14.9ms
[2025-12-25T12:16:36.288+0000][gc,phases   ] GC(29)   Post Evacuate Collection Set: 1.6ms
[2025-12-25T12:16:36.288+0000][gc,phases   ] GC(29)   Other: 0.2ms
[2025-12-25T12:16:36.288+0000][gc,heap     ] GC(29) Eden regions: 609->0(607)
[2025-12-25T12:16:36.288+0000][gc,heap     ] GC(29) Survivor regions: 5->7(77)
[2025-12-25T12:16:36.288+0000][gc,heap     ] GC(29) Old regions: 24->24
[2025-12-25T12:16:36.288+0000][gc,heap     ] GC(29) Humongous regions: 131->131
[2025-12-25T12:16:36.288+0000][gc,metaspace] GC(29) Metaspace: 13261K(13568K)->13261K(13568K) NonClass: 11818K(11968K)->11818K(11968K) Class: 1443K(1600K)->1443K(1600K)
[2025-12-25T12:16:36.288+0000][gc          ] GC(29) Pause Young (Normal) (G1 Evacuation Pause) 768M->161M(1024M) 19.020ms
[2025-12-25T12:16:36.288+0000][gc,cpu      ] GC(29) User=0.13s Sys=0.00s Real=0.02s
[2025-12-25T12:17:15.954+0000][gc,start    ] GC(30) Pause Young (Normal) (G1 Evacuation Pause)
[2025-12-25T12:17:15.955+0000][gc,task     ] GC(30) Using 8 workers of 8 for evacuation
[2025-12-25T12:17:15.971+0000][gc,phases   ] GC(30)   Pre Evacuate Collection Set: 1.3ms
[2025-12-25T12:17:15.971+0000][gc,phases   ] GC(30)   Merge Heap Roots: 0.2ms
[2025-12-25T12:17:15.971+0000][gc,phases   ] GC(30)   Evacuate Collection Set: 12.7ms
[2025-12-25T12:17:15.971+0000][gc,phases   ] GC(30)   Post Evacuate Collection Set: 1.6ms
[2025-12-25T12:17:15.971+0000][gc,phases   ] GC(30)   Other: 0.2ms
[2025-12-25T12:17:15.971+0000][gc,heap     ] GC(30) Eden regions: 607->0(607)
[2025-12-25T12:17:15.971+0000][gc,heap     ] GC(30) Survivor regions: 7->7(77)
[2025-12-25T12:17:15.971+0000][gc,heap     ] GC(30) Old regions: 24->25
[2025-12-25T12:17:15.971+0000][gc,heap     ] GC(30) Humongous regions: 131->131
[2025-12-25T12:17:15.971+0000][gc,metaspace] GC(30) Metaspace: 13548K(13888K)->13548K(13888K) NonClass: 12037K(12224K)->12037K(12224K) Class: 1510K(1664K)->1510K(1664K)
[2025-12-25T12:17:15.972+0000][gc          ] GC(30) Pause Young (Normal) (G1 Evacuation Pause) 768M->161M(1024M) 17.329ms
[2025-12-25T12:17:15.972+0000][gc,cpu      ] GC(30) User=0.11s Sys=0.01s Real=0.02s
[2025-12-25T12:17:46.301+0000][gc,start    ] GC(31) Pause Young (Normal) (G1 Evacuation Pause)
[2025-12-25T12:17:46.302+0000][gc,task     ] GC(31) Using 8 workers of 8 for evacuation
[2025-12-25T12:17:46.313+0000][gc,phases   ] GC(31)   Pre Evacuate Collection Set: 1.1ms
[2025-12-25T12:17:46.313+0000][gc,phases   ] GC(31)   Merge Heap Roots: 0.2ms
[2025-12-25T12:17:46.313+0000][gc,phases   ] GC(31)   Evacuate Collection Set: 7.9ms
[2025-12-25T12:17:46.313+0000][gc,phases   ] GC(31)   Post Evacuate Collection Set: 1.7ms
[2025-12-25T12:17:46.313+0000][gc,phases   ] GC(31)   Other: 0.2ms
[2025-12-25T12:17:46.313+0000][gc,heap     ] GC(31) Eden regions: 607->0(605)
[2025-12-25T12:17:46.313+0000][gc,heap     ] GC(31) Survivor regions: 7->9(77)
[2025-12-25T12:17:46.313+0000][gc,heap     ] GC(31) Old regions: 25->25
[2025-12-25T12:17:46.313+0000][gc,heap     ] GC(31) Humongous regions: 131->131
[2025-12-25T12:17:46.313+0000][gc,metaspace] GC(31) Metaspace: 13571K(13888K)->13571K(13888K) NonClass: 12060K(12224K)->12060K(12224K) Class: 1510K(1664K)->1510K(1664K)
[2025-12-25T12:17:46.314+0000][gc          ] GC(31) Pause Young (Normal) (G1 Evacuation Pause) 768M->163M(1024M) 12.036ms
[2025-12-25T12:17:46.314+0000][gc,cpu      ] GC(31) User=0.08s Sys=0.00s Real=0.02s
[2025-12-25T12:18:26.005+0000][gc,start    ] GC(32) Pause Young (Normal) (G1 Evacuation Pause)
[2025-12-25T12:18:26.005+0000][gc,task     ] GC(32) Using 8 workers of 8 for evacuation
[2025-12-25T12:18:26.027+0000][gc,phases   ] GC(32)   Pre Evacuate Collection Set: 1.8ms
[2025-12-25T12:18:26.027+0000][gc,phases   ] GC(32)   Merge Heap Roots: 0.1ms
[2025-12-25T12:18:26.027+0000][gc,phases   ] GC(32)   Evacuate Collection Set: 18.3ms
[2025-12-25T12:18:26.028+0000][gc,phases   ] GC(32)   Post Evacuate Collection Set: 1.4ms
[2025-12-25T12:18:26.028+0000][gc,phases   ] GC(32)   Other: 0.2ms
[2025-12-25T12:18:26.028+0000][gc,heap     ] GC(32) Eden regions: 605->0(605)
[2025-12-25T12:18:26.028+0000][gc,heap     ] GC(32) Survivor regions: 9->9(77)
[2025-12-25T12:18:26.028+0000][gc,heap     ] GC(32) Old regions: 25->25
[2025-12-25T12:18:26.028+0000][gc,heap     ] GC(32) Humongous regions: 131->131
[2025-12-25T12:18:26.028+0000][gc,metaspace] GC(32) Metaspace: 13583K(13888K)->13583K(13888K) NonClass: 12073K(12224K)->12073K(12224K) Class: 1510K(1664K)->1510K(1664K)
[2025-12-25T12:18:26.028+0000][gc          ] GC(32) Pause Young (Normal) (G1 Evacuation Pause) 768M->163M(1024M) 22.753ms
[2025-12-25T12:18:26.028+0000][gc,cpu      ] GC(32) User=0.14s Sys=0.01s Real=0.02s
[2025-12-25T12:18:56.371+0000][gc,start    ] GC(33) Pause Young (Normal) (G1 Evacuation Pause)
[2025-12-25T12:18:56.373+0000][gc,task     ] GC(33) Using 8 workers of 8 for evacuation
[2025-12-25T12:18:56.391+0000][gc,phases   ] GC(33)   Pre Evacuate Collection Set: 3.3ms
[2025-12-25T12:18:56.391+0000][gc,phases   ] GC(33)   Merge Heap Roots: 0.4ms
[2025-12-25T12:18:56.392+0000][gc,phases   ] GC(33)   Evacuate Collection Set: 11.7ms
[2025-12-25T12:18:56.392+0000][gc,phases   ] GC(33)   Post Evacuate Collection Set: 2.5ms
[2025-12-25T12:18:56.392+0000][gc,phases   ] GC(33)   Other: 0.4ms
[2025-12-25T12:18:56.392+0000][gc,heap     ] GC(33) Eden regions: 605->0(604)
[2025-12-25T12:18:56.392+0000][gc,heap     ] GC(33) Survivor regions: 9->10(77)
[2025-12-25T12:18:56.392+0000][gc,heap     ] GC(33) Old regions: 25->25
[2025-12-25T12:18:56.392+0000][gc,heap     ] GC(33) Humongous regions: 131->131
[2025-12-25T12:18:56.392+0000][gc,metaspace] GC(33) Metaspace: 13602K(13952K)->13602K(13952K) NonClass: 12091K(12288K)->12091K(12288K) Class: 1510K(1664K)->1510K(1664K)
[2025-12-25T12:18:56.392+0000][gc          ] GC(33) Pause Young (Normal) (G1 Evacuation Pause) 768M->165M(1024M) 20.684ms
[2025-12-25T12:18:56.392+0000][gc,cpu      ] GC(33) User=0.11s Sys=0.01s Real=0.02s
[2025-12-25T12:19:36.005+0000][gc,start    ] GC(34) Pause Young (Normal) (G1 Evacuation Pause)
[2025-12-25T12:19:36.005+0000][gc,task     ] GC(34) Using 8 workers of 8 for evacuation
[2025-12-25T12:19:36.021+0000][gc,phases   ] GC(34)   Pre Evacuate Collection Set: 2.5ms
[2025-12-25T12:19:36.021+0000][gc,phases   ] GC(34)   Merge Heap Roots: 2.1ms
[2025-12-25T12:19:36.021+0000][gc,phases   ] GC(34)   Evacuate Collection Set: 7.3ms
[2025-12-25T12:19:36.021+0000][gc,phases   ] GC(34)   Post Evacuate Collection Set: 3.4ms
[2025-12-25T12:19:36.022+0000][gc,phases   ] GC(34)   Other: 0.3ms
[2025-12-25T12:19:36.022+0000][gc,heap     ] GC(34) Eden regions: 604->0(608)
[2025-12-25T12:19:36.022+0000][gc,heap     ] GC(34) Survivor regions: 10->6(77)
[2025-12-25T12:19:36.022+0000][gc,heap     ] GC(34) Old regions: 25->25
[2025-12-25T12:19:36.022+0000][gc,heap     ] GC(34) Humongous regions: 131->131
[2025-12-25T12:19:36.022+0000][gc,metaspace] GC(34) Metaspace: 13627K(13952K)->13627K(13952K) NonClass: 12116K(12288K)->12116K(12288K) Class: 1511K(1664K)->1511K(1664K)
[2025-12-25T12:19:36.022+0000][gc          ] GC(34) Pause Young (Normal) (G1 Evacuation Pause) 769M->160M(1024M) 17.326ms
[2025-12-25T12:19:36.022+0000][gc,cpu      ] GC(34) User=0.09s Sys=0.00s Real=0.02s
[2025-12-25T12:20:13.898+0000][gc,start    ] GC(35) Pause Young (Normal) (G1 Evacuation Pause)
[2025-12-25T12:20:13.900+0000][gc,task     ] GC(35) Using 8 workers of 8 for evacuation
[2025-12-25T12:20:13.914+0000][gc,phases   ] GC(35)   Pre Evacuate Collection Set: 1.7ms
[2025-12-25T12:20:13.914+0000][gc,phases   ] GC(35)   Merge Heap Roots: 0.3ms
[2025-12-25T12:20:13.914+0000][gc,phases   ] GC(35)   Evacuate Collection Set: 8.5ms
[2025-12-25T12:20:13.914+0000][gc,phases   ] GC(35)   Post Evacuate Collection Set: 1.5ms
[2025-12-25T12:20:13.914+0000][gc,phases   ] GC(35)   Other: 1.6ms
[2025-12-25T12:20:13.914+0000][gc,heap     ] GC(35) Eden regions: 608->0(609)
[2025-12-25T12:20:13.914+0000][gc,heap     ] GC(35) Survivor regions: 6->5(77)
[2025-12-25T12:20:13.914+0000][gc,heap     ] GC(35) Old regions: 25->25
[2025-12-25T12:20:13.914+0000][gc,heap     ] GC(35) Humongous regions: 131->131
[2025-12-25T12:20:13.914+0000][gc,metaspace] GC(35) Metaspace: 13631K(13952K)->13631K(13952K) NonClass: 12120K(12288K)->12120K(12288K) Class: 1511K(1664K)->1511K(1664K)
[2025-12-25T12:20:13.914+0000][gc          ] GC(35) Pause Young (Normal) (G1 Evacuation Pause) 768M->160M(1024M) 16.263ms
[2025-12-25T12:20:13.915+0000][gc,cpu      ] GC(35) User=0.08s Sys=0.00s Real=0.02s
[2025-12-25T12:20:46.310+0000][gc,start    ] GC(36) Pause Young (Normal) (G1 Evacuation Pause)
[2025-12-25T12:20:46.311+0000][gc,task     ] GC(36) Using 8 workers of 8 for evacuation
[2025-12-25T12:20:46.330+0000][gc,phases   ] GC(36)   Pre Evacuate Collection Set: 4.0ms
[2025-12-25T12:20:46.330+0000][gc,phases   ] GC(36)   Merge Heap Roots: 0.4ms
[2025-12-25T12:20:46.330+0000][gc,phases   ] GC(36)   Evacuate Collection Set: 12.4ms
[2025-12-25T12:20:46.330+0000][gc,phases   ] GC(36)   Post Evacuate Collection Set: 2.3ms
[2025-12-25T12:20:46.330+0000][gc,phases   ] GC(36)   Other: 0.4ms
[2025-12-25T12:20:46.331+0000][gc,heap     ] GC(36) Eden regions: 609->0(607)
[2025-12-25T12:20:46.331+0000][gc,heap     ] GC(36) Survivor regions: 5->7(77)
[2025-12-25T12:20:46.331+0000][gc,heap     ] GC(36) Old regions: 25->25
[2025-12-25T12:20:46.331+0000][gc,heap     ] GC(36) Humongous regions: 131->131
[2025-12-25T12:20:46.331+0000][gc,metaspace] GC(36) Metaspace: 13636K(13952K)->13636K(13952K) NonClass: 12124K(12288K)->12124K(12288K) Class: 1511K(1664K)->1511K(1664K)
[2025-12-25T12:20:46.331+0000][gc          ] GC(36) Pause Young (Normal) (G1 Evacuation Pause) 769M->162M(1024M) 21.005ms
[2025-12-25T12:20:46.331+0000][gc,cpu      ] GC(36) User=0.10s Sys=0.01s Real=0.02s
[2025-12-25T12:21:25.882+0000][gc,start    ] GC(37) Pause Young (Normal) (G1 Evacuation Pause)
[2025-12-25T12:21:25.884+0000][gc,task     ] GC(37) Using 8 workers of 8 for evacuation
[2025-12-25T12:21:25.936+0000][gc,phases   ] GC(37)   Pre Evacuate Collection Set: 5.9ms
[2025-12-25T12:21:25.937+0000][gc,phases   ] GC(37)   Merge Heap Roots: 1.3ms
[2025-12-25T12:21:25.937+0000][gc,phases   ] GC(37)   Evacuate Collection Set: 30.3ms
[2025-12-25T12:21:25.937+0000][gc,phases   ] GC(37)   Post Evacuate Collection Set: 10.0ms
[2025-12-25T12:21:25.938+0000][gc,phases   ] GC(37)   Other: 1.9ms
[2025-12-25T12:21:25.938+0000][gc,heap     ] GC(37) Eden regions: 607->0(607)
[2025-12-25T12:21:25.938+0000][gc,heap     ] GC(37) Survivor regions: 7->7(77)
[2025-12-25T12:21:25.938+0000][gc,heap     ] GC(37) Old regions: 25->26
[2025-12-25T12:21:25.938+0000][gc,heap     ] GC(37) Humongous regions: 131->131
[2025-12-25T12:21:25.939+0000][gc,metaspace] GC(37) Metaspace: 13648K(13952K)->13648K(13952K) NonClass: 12137K(12288K)->12137K(12288K) Class: 1511K(1664K)->1511K(1664K)
[2025-12-25T12:21:25.939+0000][gc          ] GC(37) Pause Young (Normal) (G1 Evacuation Pause) 769M->162M(1024M) 57.583ms
[2025-12-25T12:21:25.940+0000][gc,cpu      ] GC(37) User=0.24s Sys=0.02s Real=0.06s
[2025-12-25T12:21:56.166+0000][gc,start    ] GC(38) Pause Young (Normal) (G1 Evacuation Pause)
[2025-12-25T12:21:56.166+0000][gc,task     ] GC(38) Using 8 workers of 8 for evacuation
[2025-12-25T12:21:56.182+0000][gc,phases   ] GC(38)   Pre Evacuate Collection Set: 2.3ms
[2025-12-25T12:21:56.182+0000][gc,phases   ] GC(38)   Merge Heap Roots: 0.4ms
[2025-12-25T12:21:56.182+0000][gc,phases   ] GC(38)   Evacuate Collection Set: 11.1ms
[2025-12-25T12:21:56.182+0000][gc,phases   ] GC(38)   Post Evacuate Collection Set: 1.3ms
[2025-12-25T12:21:56.182+0000][gc,phases   ] GC(38)   Other: 0.2ms
[2025-12-25T12:21:56.182+0000][gc,heap     ] GC(38) Eden regions: 607->0(605)
[2025-12-25T12:21:56.182+0000][gc,heap     ] GC(38) Survivor regions: 7->9(77)
[2025-12-25T12:21:56.182+0000][gc,heap     ] GC(38) Old regions: 26->26
[2025-12-25T12:21:56.182+0000][gc,heap     ] GC(38) Humongous regions: 131->131
[2025-12-25T12:21:56.182+0000][gc,metaspace] GC(38) Metaspace: 13658K(14016K)->13658K(14016K) NonClass: 12145K(12352K)->12145K(12352K) Class: 1512K(1664K)->1512K(1664K)
[2025-12-25T12:21:56.182+0000][gc          ] GC(38) Pause Young (Normal) (G1 Evacuation Pause) 769M->164M(1024M) 16.534ms
[2025-12-25T12:21:56.182+0000][gc,cpu      ] GC(38) User=0.10s Sys=0.01s Real=0.02s
[2025-12-25T12:22:35.986+0000][gc,start    ] GC(39) Pause Young (Normal) (G1 Evacuation Pause)
[2025-12-25T12:22:35.987+0000][gc,task     ] GC(39) Using 8 workers of 8 for evacuation
[2025-12-25T12:22:36.033+0000][gc,phases   ] GC(39)   Pre Evacuate Collection Set: 5.7ms
[2025-12-25T12:22:36.033+0000][gc,phases   ] GC(39)   Merge Heap Roots: 0.4ms
[2025-12-25T12:22:36.034+0000][gc,phases   ] GC(39)   Evacuate Collection Set: 32.9ms
[2025-12-25T12:22:36.034+0000][gc,phases   ] GC(39)   Post Evacuate Collection Set: 5.2ms
[2025-12-25T12:22:36.034+0000][gc,phases   ] GC(39)   Other: 1.3ms
[2025-12-25T12:22:36.034+0000][gc,heap     ] GC(39) Eden regions: 605->0(606)
[2025-12-25T12:22:36.034+0000][gc,heap     ] GC(39) Survivor regions: 9->8(77)
[2025-12-25T12:22:36.034+0000][gc,heap     ] GC(39) Old regions: 26->26
[2025-12-25T12:22:36.035+0000][gc,heap     ] GC(39) Humongous regions: 131->131
[2025-12-25T12:22:36.035+0000][gc,metaspace] GC(39) Metaspace: 13661K(14016K)->13661K(14016K) NonClass: 12149K(12352K)->12149K(12352K) Class: 1512K(1664K)->1512K(1664K)
[2025-12-25T12:22:36.036+0000][gc          ] GC(39) Pause Young (Normal) (G1 Evacuation Pause) 769M->164M(1024M) 49.760ms
[2025-12-25T12:22:36.036+0000][gc,cpu      ] GC(39) User=0.19s Sys=0.01s Real=0.05s
[2025-12-25T12:23:06.599+0000][gc,start    ] GC(40) Pause Young (Normal) (G1 Evacuation Pause)
[2025-12-25T12:23:06.600+0000][gc,task     ] GC(40) Using 8 workers of 8 for evacuation
[2025-12-25T12:23:06.625+0000][gc,phases   ] GC(40)   Pre Evacuate Collection Set: 1.5ms
[2025-12-25T12:23:06.626+0000][gc,phases   ] GC(40)   Merge Heap Roots: 0.3ms
[2025-12-25T12:23:06.626+0000][gc,phases   ] GC(40)   Evacuate Collection Set: 21.7ms
[2025-12-25T12:23:06.626+0000][gc,phases   ] GC(40)   Post Evacuate Collection Set: 1.7ms
[2025-12-25T12:23:06.626+0000][gc,phases   ] GC(40)   Other: 0.4ms
[2025-12-25T12:23:06.626+0000][gc,heap     ] GC(40) Eden regions: 606->0(604)
[2025-12-25T12:23:06.626+0000][gc,heap     ] GC(40) Survivor regions: 8->10(77)
[2025-12-25T12:23:06.626+0000][gc,heap     ] GC(40) Old regions: 26->26
[2025-12-25T12:23:06.626+0000][gc,heap     ] GC(40) Humongous regions: 131->131
[2025-12-25T12:23:06.626+0000][gc,metaspace] GC(40) Metaspace: 13849K(14272K)->13849K(14272K) NonClass: 12308K(12544K)->12308K(12544K) Class: 1541K(1728K)->1541K(1728K)
[2025-12-25T12:23:06.626+0000][gc          ] GC(40) Pause Young (Normal) (G1 Evacuation Pause) 770M->166M(1024M) 27.238ms
[2025-12-25T12:23:06.626+0000][gc,cpu      ] GC(40) User=0.18s Sys=0.01s Real=0.03s
[2025-12-25T12:23:45.900+0000][gc,start    ] GC(41) Pause Young (Normal) (G1 Evacuation Pause)
[2025-12-25T12:23:45.901+0000][gc,task     ] GC(41) Using 8 workers of 8 for evacuation
[2025-12-25T12:23:45.917+0000][gc,phases   ] GC(41)   Pre Evacuate Collection Set: 1.4ms
[2025-12-25T12:23:45.917+0000][gc,phases   ] GC(41)   Merge Heap Roots: 0.4ms
[2025-12-25T12:23:45.917+0000][gc,phases   ] GC(41)   Evacuate Collection Set: 12.0ms
[2025-12-25T12:23:45.917+0000][gc,phases   ] GC(41)   Post Evacuate Collection Set: 2.4ms
[2025-12-25T12:23:45.918+0000][gc,phases   ] GC(41)   Other: 0.2ms
[2025-12-25T12:23:45.918+0000][gc,heap     ] GC(41) Eden regions: 604->0(608)
[2025-12-25T12:23:45.918+0000][gc,heap     ] GC(41) Survivor regions: 10->6(77)
[2025-12-25T12:23:45.919+0000][gc,heap     ] GC(41) Old regions: 26->26
[2025-12-25T12:23:45.919+0000][gc,heap     ] GC(41) Humongous regions: 131->131
[2025-12-25T12:23:45.919+0000][gc,metaspace] GC(41) Metaspace: 13916K(14272K)->13916K(14272K) NonClass: 12368K(12544K)->12368K(12544K) Class: 1548K(1728K)->1548K(1728K)
[2025-12-25T12:23:45.920+0000][gc          ] GC(41) Pause Young (Normal) (G1 Evacuation Pause) 770M->162M(1024M) 19.383ms
[2025-12-25T12:23:45.920+0000][gc,cpu      ] GC(41) User=0.09s Sys=0.01s Real=0.02s
[2025-12-25T12:24:16.240+0000][gc,start    ] GC(42) Pause Young (Normal) (G1 Evacuation Pause)
[2025-12-25T12:24:16.241+0000][gc,task     ] GC(42) Using 8 workers of 8 for evacuation
[2025-12-25T12:24:16.258+0000][gc,phases   ] GC(42)   Pre Evacuate Collection Set: 1.1ms
[2025-12-25T12:24:16.258+0000][gc,phases   ] GC(42)   Merge Heap Roots: 0.2ms
[2025-12-25T12:24:16.258+0000][gc,phases   ] GC(42)   Evacuate Collection Set: 13.1ms
[2025-12-25T12:24:16.258+0000][gc,phases   ] GC(42)   Post Evacuate Collection Set: 1.8ms
[2025-12-25T12:24:16.258+0000][gc,phases   ] GC(42)   Other: 0.3ms
[2025-12-25T12:24:16.258+0000][gc,heap     ] GC(42) Eden regions: 608->0(607)
[2025-12-25T12:24:16.258+0000][gc,heap     ] GC(42) Survivor regions: 6->7(77)
[2025-12-25T12:24:16.258+0000][gc,heap     ] GC(42) Old regions: 26->27
[2025-12-25T12:24:16.258+0000][gc,heap     ] GC(42) Humongous regions: 131->131
[2025-12-25T12:24:16.258+0000][gc,metaspace] GC(42) Metaspace: 13921K(14272K)->13921K(14272K) NonClass: 12373K(12544K)->12373K(12544K) Class: 1548K(1728K)->1548K(1728K)
[2025-12-25T12:24:16.259+0000][gc          ] GC(42) Pause Young (Normal) (G1 Evacuation Pause) 770M->164M(1024M) 18.193ms
[2025-12-25T12:24:16.259+0000][gc,cpu      ] GC(42) User=0.12s Sys=0.00s Real=0.02s
[2025-12-25T12:24:55.938+0000][gc,start    ] GC(43) Pause Young (Normal) (G1 Evacuation Pause)
[2025-12-25T12:24:55.938+0000][gc,task     ] GC(43) Using 8 workers of 8 for evacuation
[2025-12-25T12:24:55.963+0000][gc,phases   ] GC(43)   Pre Evacuate Collection Set: 1.3ms
[2025-12-25T12:24:55.963+0000][gc,phases   ] GC(43)   Merge Heap Roots: 0.2ms
[2025-12-25T12:24:55.963+0000][gc,phases   ] GC(43)   Evacuate Collection Set: 20.9ms
[2025-12-25T12:24:55.963+0000][gc,phases   ] GC(43)   Post Evacuate Collection Set: 1.7ms
[2025-12-25T12:24:55.963+0000][gc,phases   ] GC(43)   Other: 0.2ms
[2025-12-25T12:24:55.963+0000][gc,heap     ] GC(43) Eden regions: 607->0(607)
[2025-12-25T12:24:55.963+0000][gc,heap     ] GC(43) Survivor regions: 7->7(77)
[2025-12-25T12:24:55.963+0000][gc,heap     ] GC(43) Old regions: 27->27
[2025-12-25T12:24:55.963+0000][gc,heap     ] GC(43) Humongous regions: 131->131
[2025-12-25T12:24:55.963+0000][gc,metaspace] GC(43) Metaspace: 13938K(14272K)->13938K(14272K) NonClass: 12389K(12544K)->12389K(12544K) Class: 1548K(1728K)->1548K(1728K)
[2025-12-25T12:24:55.963+0000][gc          ] GC(43) Pause Young (Normal) (G1 Evacuation Pause) 771M->163M(1024M) 25.387ms
[2025-12-25T12:24:55.963+0000][gc,cpu      ] GC(43) User=0.14s Sys=0.00s Real=0.02s
[2025-12-25T12:25:26.204+0000][gc,start    ] GC(44) Pause Young (Normal) (G1 Evacuation Pause)
[2025-12-25T12:25:26.205+0000][gc,task     ] GC(44) Using 8 workers of 8 for evacuation
[2025-12-25T12:25:26.215+0000][gc,phases   ] GC(44)   Pre Evacuate Collection Set: 1.0ms
[2025-12-25T12:25:26.216+0000][gc,phases   ] GC(44)   Merge Heap Roots: 0.2ms
[2025-12-25T12:25:26.216+0000][gc,phases   ] GC(44)   Evacuate Collection Set: 8.1ms
[2025-12-25T12:25:26.216+0000][gc,phases   ] GC(44)   Post Evacuate Collection Set: 1.1ms
[2025-12-25T12:25:26.216+0000][gc,phases   ] GC(44)   Other: 0.2ms
[2025-12-25T12:25:26.216+0000][gc,heap     ] GC(44) Eden regions: 607->0(605)
[2025-12-25T12:25:26.216+0000][gc,heap     ] GC(44) Survivor regions: 7->9(77)
[2025-12-25T12:25:26.216+0000][gc,heap     ] GC(44) Old regions: 27->27
[2025-12-25T12:25:26.216+0000][gc,heap     ] GC(44) Humongous regions: 131->131
[2025-12-25T12:25:26.216+0000][gc,metaspace] GC(44) Metaspace: 13943K(14336K)->13943K(14336K) NonClass: 12395K(12608K)->12395K(12608K) Class: 1548K(1728K)->1548K(1728K)
[2025-12-25T12:25:26.216+0000][gc          ] GC(44) Pause Young (Normal) (G1 Evacuation Pause) 770M->165M(1024M) 12.276ms
[2025-12-25T12:25:26.216+0000][gc,cpu      ] GC(44) User=0.06s Sys=0.00s Real=0.01s
[2025-12-25T12:26:05.979+0000][gc,start    ] GC(45) Pause Young (Normal) (G1 Evacuation Pause)
[2025-12-25T12:26:05.979+0000][gc,task     ] GC(45) Using 8 workers of 8 for evacuation
[2025-12-25T12:26:06.003+0000][gc,phases   ] GC(45)   Pre Evacuate Collection Set: 2.0ms
[2025-12-25T12:26:06.003+0000][gc,phases   ] GC(45)   Merge Heap Roots: 1.1ms
[2025-12-25T12:26:06.003+0000][gc,phases   ] GC(45)   Evacuate Collection Set: 17.6ms
[2025-12-25T12:26:06.003+0000][gc,phases   ] GC(45)   Post Evacuate Collection Set: 2.4ms
[2025-12-25T12:26:06.003+0000][gc,phases   ] GC(45)   Other: 0.5ms
[2025-12-25T12:26:06.003+0000][gc,heap     ] GC(45) Eden regions: 605->0(606)
[2025-12-25T12:26:06.003+0000][gc,heap     ] GC(45) Survivor regions: 9->8(77)
[2025-12-25T12:26:06.004+0000][gc,heap     ] GC(45) Old regions: 27->27
[2025-12-25T12:26:06.004+0000][gc,heap     ] GC(45) Humongous regions: 131->131
[2025-12-25T12:26:06.004+0000][gc,metaspace] GC(45) Metaspace: 13950K(14336K)->13950K(14336K) NonClass: 12401K(12608K)->12401K(12608K) Class: 1548K(1728K)->1548K(1728K)
[2025-12-25T12:26:06.004+0000][gc          ] GC(45) Pause Young (Normal) (G1 Evacuation Pause) 770M->165M(1024M) 24.888ms
[2025-12-25T12:26:06.004+0000][gc,cpu      ] GC(45) User=0.15s Sys=0.00s Real=0.03s
[2025-12-25T12:26:36.461+0000][gc,start    ] GC(46) Pause Young (Normal) (G1 Evacuation Pause)
[2025-12-25T12:26:36.462+0000][gc,task     ] GC(46) Using 8 workers of 8 for evacuation
[2025-12-25T12:26:36.499+0000][gc,phases   ] GC(46)   Pre Evacuate Collection Set: 4.1ms
[2025-12-25T12:26:36.499+0000][gc,phases   ] GC(46)   Merge Heap Roots: 0.7ms
[2025-12-25T12:26:36.500+0000][gc,phases   ] GC(46)   Evacuate Collection Set: 25.2ms
[2025-12-25T12:26:36.500+0000][gc,phases   ] GC(46)   Post Evacuate Collection Set: 4.1ms
[2025-12-25T12:26:36.500+0000][gc,phases   ] GC(46)   Other: 2.4ms
[2025-12-25T12:26:36.500+0000][gc,heap     ] GC(46) Eden regions: 606->0(604)
[2025-12-25T12:26:36.500+0000][gc,heap     ] GC(46) Survivor regions: 8->10(77)
[2025-12-25T12:26:36.500+0000][gc,heap     ] GC(46) Old regions: 27->28
[2025-12-25T12:26:36.500+0000][gc,heap     ] GC(46) Humongous regions: 131->131
[2025-12-25T12:26:36.500+0000][gc,metaspace] GC(46) Metaspace: 13953K(14336K)->13953K(14336K) NonClass: 12404K(12608K)->12404K(12608K) Class: 1548K(1728K)->1548K(1728K)
[2025-12-25T12:26:36.500+0000][gc          ] GC(46) Pause Young (Normal) (G1 Evacuation Pause) 771M->167M(1024M) 39.196ms
[2025-12-25T12:26:36.500+0000][gc,cpu      ] GC(46) User=0.19s Sys=0.00s Real=0.03s
[2025-12-25T12:27:16.140+0000][gc,start    ] GC(47) Pause Young (Normal) (G1 Evacuation Pause)
[2025-12-25T12:27:16.140+0000][gc,task     ] GC(47) Using 8 workers of 8 for evacuation
[2025-12-25T12:27:16.171+0000][gc,phases   ] GC(47)   Pre Evacuate Collection Set: 1.5ms
[2025-12-25T12:27:16.171+0000][gc,phases   ] GC(47)   Merge Heap Roots: 0.4ms
[2025-12-25T12:27:16.171+0000][gc,phases   ] GC(47)   Evacuate Collection Set: 26.1ms
[2025-12-25T12:27:16.171+0000][gc,phases   ] GC(47)   Post Evacuate Collection Set: 2.6ms
[2025-12-25T12:27:16.172+0000][gc,phases   ] GC(47)   Other: 0.3ms
[2025-12-25T12:27:16.172+0000][gc,heap     ] GC(47) Eden regions: 604->0(604)
[2025-12-25T12:27:16.172+0000][gc,heap     ] GC(47) Survivor regions: 10->10(77)
[2025-12-25T12:27:16.172+0000][gc,heap     ] GC(47) Old regions: 28->28
[2025-12-25T12:27:16.172+0000][gc,heap     ] GC(47) Humongous regions: 131->131
[2025-12-25T12:27:16.172+0000][gc,metaspace] GC(47) Metaspace: 13953K(14336K)->13953K(14336K) NonClass: 12404K(12608K)->12404K(12608K) Class: 1548K(1728K)->1548K(1728K)
[2025-12-25T12:27:16.172+0000][gc          ] GC(47) Pause Young (Normal) (G1 Evacuation Pause) 771M->167M(1024M) 32.619ms
[2025-12-25T12:27:16.172+0000][gc,cpu      ] GC(47) User=0.19s Sys=0.00s Real=0.03s
[2025-12-25T12:27:51.465+0000][gc,start    ] GC(48) Pause Young (Normal) (G1 Evacuation Pause)
[2025-12-25T12:27:51.473+0000][gc,task     ] GC(48) Using 8 workers of 8 for evacuation
[2025-12-25T12:27:51.554+0000][gc,phases   ] GC(48)   Pre Evacuate Collection Set: 13.2ms
[2025-12-25T12:27:51.555+0000][gc,phases   ] GC(48)   Merge Heap Roots: 2.3ms
[2025-12-25T12:27:51.555+0000][gc,phases   ] GC(48)   Evacuate Collection Set: 56.6ms
[2025-12-25T12:27:51.555+0000][gc,phases   ] GC(48)   Post Evacuate Collection Set: 8.0ms
[2025-12-25T12:27:51.555+0000][gc,phases   ] GC(48)   Other: 0.9ms
[2025-12-25T12:27:51.556+0000][gc,heap     ] GC(48) Eden regions: 604->0(609)
[2025-12-25T12:27:51.556+0000][gc,heap     ] GC(48) Survivor regions: 10->5(77)
[2025-12-25T12:27:51.556+0000][gc,heap     ] GC(48) Old regions: 28->28
[2025-12-25T12:27:51.556+0000][gc,heap     ] GC(48) Humongous regions: 131->131
[2025-12-25T12:27:51.556+0000][gc,metaspace] GC(48) Metaspace: 13955K(14336K)->13955K(14336K) NonClass: 12406K(12608K)->12406K(12608K) Class: 1548K(1728K)->1548K(1728K)
[2025-12-25T12:27:51.557+0000][gc          ] GC(48) Pause Young (Normal) (G1 Evacuation Pause) 771M->163M(1024M) 91.456ms
[2025-12-25T12:27:51.557+0000][gc,cpu      ] GC(48) User=0.35s Sys=0.04s Real=0.09s
[2025-12-25T12:28:26.137+0000][gc,start    ] GC(49) Pause Young (Normal) (G1 Evacuation Pause)
[2025-12-25T12:28:26.138+0000][gc,task     ] GC(49) Using 8 workers of 8 for evacuation
[2025-12-25T12:28:26.158+0000][gc,phases   ] GC(49)   Pre Evacuate Collection Set: 1.3ms
[2025-12-25T12:28:26.158+0000][gc,phases   ] GC(49)   Merge Heap Roots: 0.2ms
[2025-12-25T12:28:26.158+0000][gc,phases   ] GC(49)   Evacuate Collection Set: 16.9ms
[2025-12-25T12:28:26.158+0000][gc,phases   ] GC(49)   Post Evacuate Collection Set: 1.5ms
[2025-12-25T12:28:26.158+0000][gc,phases   ] GC(49)   Other: 0.2ms
[2025-12-25T12:28:26.159+0000][gc,heap     ] GC(49) Eden regions: 609->0(607)
[2025-12-25T12:28:26.159+0000][gc,heap     ] GC(49) Survivor regions: 5->7(77)
[2025-12-25T12:28:26.159+0000][gc,heap     ] GC(49) Old regions: 28->28
[2025-12-25T12:28:26.159+0000][gc,heap     ] GC(49) Humongous regions: 131->131
[2025-12-25T12:28:26.159+0000][gc,metaspace] GC(49) Metaspace: 13966K(14400K)->13966K(14400K) NonClass: 12417K(12672K)->12417K(12672K) Class: 1548K(1728K)->1548K(1728K)
[2025-12-25T12:28:26.159+0000][gc          ] GC(49) Pause Young (Normal) (G1 Evacuation Pause) 772M->164M(1024M) 21.944ms
[2025-12-25T12:28:26.159+0000][gc,cpu      ] GC(49) User=0.14s Sys=0.00s Real=0.03s
[2025-12-25T12:29:05.812+0000][gc,start    ] GC(50) Pause Young (Normal) (G1 Evacuation Pause)
[2025-12-25T12:29:05.815+0000][gc,task     ] GC(50) Using 8 workers of 8 for evacuation
[2025-12-25T12:29:05.842+0000][gc,phases   ] GC(50)   Pre Evacuate Collection Set: 8.0ms
[2025-12-25T12:29:05.842+0000][gc,phases   ] GC(50)   Merge Heap Roots: 1.2ms
[2025-12-25T12:29:05.843+0000][gc,phases   ] GC(50)   Evacuate Collection Set: 15.6ms
[2025-12-25T12:29:05.843+0000][gc,phases   ] GC(50)   Post Evacuate Collection Set: 1.9ms
[2025-12-25T12:29:05.843+0000][gc,phases   ] GC(50)   Other: 1.0ms
[2025-12-25T12:29:05.843+0000][gc,heap     ] GC(50) Eden regions: 607->0(608)
[2025-12-25T12:29:05.843+0000][gc,heap     ] GC(50) Survivor regions: 7->6(77)
[2025-12-25T12:29:05.843+0000][gc,heap     ] GC(50) Old regions: 28->29
[2025-12-25T12:29:05.843+0000][gc,heap     ] GC(50) Humongous regions: 131->131
[2025-12-25T12:29:05.843+0000][gc,metaspace] GC(50) Metaspace: 13966K(14400K)->13966K(14400K) NonClass: 12417K(12672K)->12417K(12672K) Class: 1548K(1728K)->1548K(1728K)
[2025-12-25T12:29:05.843+0000][gc          ] GC(50) Pause Young (Normal) (G1 Evacuation Pause) 771M->164M(1024M) 31.311ms
[2025-12-25T12:29:05.843+0000][gc,cpu      ] GC(50) User=0.12s Sys=0.01s Real=0.03s
[2025-12-25T12:29:36.135+0000][gc,start    ] GC(51) Pause Young (Normal) (G1 Evacuation Pause)
[2025-12-25T12:29:36.136+0000][gc,task     ] GC(51) Using 8 workers of 8 for evacuation
[2025-12-25T12:29:36.153+0000][gc,phases   ] GC(51)   Pre Evacuate Collection Set: 1.5ms
[2025-12-25T12:29:36.153+0000][gc,phases   ] GC(51)   Merge Heap Roots: 0.2ms
[2025-12-25T12:29:36.153+0000][gc,phases   ] GC(51)   Evacuate Collection Set: 13.9ms
[2025-12-25T12:29:36.153+0000][gc,phases   ] GC(51)   Post Evacuate Collection Set: 1.2ms
[2025-12-25T12:29:36.153+0000][gc,phases   ] GC(51)   Other: 0.2ms
[2025-12-25T12:29:36.153+0000][gc,heap     ] GC(51) Eden regions: 608->0(606)
[2025-12-25T12:29:36.153+0000][gc,heap     ] GC(51) Survivor regions: 6->8(77)
[2025-12-25T12:29:36.153+0000][gc,heap     ] GC(51) Old regions: 29->29
[2025-12-25T12:29:36.153+0000][gc,heap     ] GC(51) Humongous regions: 131->131
[2025-12-25T12:29:36.153+0000][gc,metaspace] GC(51) Metaspace: 13967K(14400K)->13967K(14400K) NonClass: 12418K(12672K)->12418K(12672K) Class: 1548K(1728K)->1548K(1728K)
[2025-12-25T12:29:36.154+0000][gc          ] GC(51) Pause Young (Normal) (G1 Evacuation Pause) 772M->167M(1024M) 18.121ms
[2025-12-25T12:29:36.154+0000][gc,cpu      ] GC(51) User=0.11s Sys=0.01s Real=0.02s
[2025-12-25T12:30:15.887+0000][gc,start    ] GC(52) Pause Young (Normal) (G1 Evacuation Pause)
[2025-12-25T12:30:15.889+0000][gc,task     ] GC(52) Using 8 workers of 8 for evacuation
[2025-12-25T12:30:15.916+0000][gc,phases   ] GC(52)   Pre Evacuate Collection Set: 5.2ms
[2025-12-25T12:30:15.917+0000][gc,phases   ] GC(52)   Merge Heap Roots: 0.3ms
[2025-12-25T12:30:15.917+0000][gc,phases   ] GC(52)   Evacuate Collection Set: 19.2ms
[2025-12-25T12:30:15.917+0000][gc,phases   ] GC(52)   Post Evacuate Collection Set: 2.1ms
[2025-12-25T12:30:15.917+0000][gc,phases   ] GC(52)   Other: 0.6ms
[2025-12-25T12:30:15.917+0000][gc,heap     ] GC(52) Eden regions: 606->0(607)
[2025-12-25T12:30:15.917+0000][gc,heap     ] GC(52) Survivor regions: 8->7(77)
[2025-12-25T12:30:15.917+0000][gc,heap     ] GC(52) Old regions: 29->29
[2025-12-25T12:30:15.917+0000][gc,heap     ] GC(52) Humongous regions: 131->131
[2025-12-25T12:30:15.917+0000][gc,metaspace] GC(52) Metaspace: 13967K(14400K)->13967K(14400K) NonClass: 12419K(12672K)->12419K(12672K) Class: 1548K(1728K)->1548K(1728K)
[2025-12-25T12:30:15.917+0000][gc          ] GC(52) Pause Young (Normal) (G1 Evacuation Pause) 773M->166M(1024M) 29.436ms
[2025-12-25T12:30:15.917+0000][gc,cpu      ] GC(52) User=0.15s Sys=0.01s Real=0.03s
[2025-12-25T12:30:46.384+0000][gc,start    ] GC(53) Pause Young (Normal) (G1 Evacuation Pause)
[2025-12-25T12:30:46.385+0000][gc,task     ] GC(53) Using 8 workers of 8 for evacuation
[2025-12-25T12:30:46.402+0000][gc,phases   ] GC(53)   Pre Evacuate Collection Set: 1.4ms
[2025-12-25T12:30:46.403+0000][gc,phases   ] GC(53)   Merge Heap Roots: 0.3ms
[2025-12-25T12:30:46.403+0000][gc,phases   ] GC(53)   Evacuate Collection Set: 12.4ms
[2025-12-25T12:30:46.403+0000][gc,phases   ] GC(53)   Post Evacuate Collection Set: 3.3ms
[2025-12-25T12:30:46.403+0000][gc,phases   ] GC(53)   Other: 0.2ms
[2025-12-25T12:30:46.403+0000][gc,heap     ] GC(53) Eden regions: 607->0(604)
[2025-12-25T12:30:46.403+0000][gc,heap     ] GC(53) Survivor regions: 7->10(77)
[2025-12-25T12:30:46.403+0000][gc,heap     ] GC(53) Old regions: 29->29
[2025-12-25T12:30:46.403+0000][gc,heap     ] GC(53) Humongous regions: 131->131
[2025-12-25T12:30:46.403+0000][gc,metaspace] GC(53) Metaspace: 13971K(14400K)->13971K(14400K) NonClass: 12422K(12672K)->12422K(12672K) Class: 1548K(1728K)->1548K(1728K)
[2025-12-25T12:30:46.403+0000][gc          ] GC(53) Pause Young (Normal) (G1 Evacuation Pause) 773M->169M(1024M) 18.856ms
[2025-12-25T12:30:46.403+0000][gc,cpu      ] GC(53) User=0.09s Sys=0.01s Real=0.02s
[2025-12-25T12:31:25.944+0000][gc,start    ] GC(54) Pause Young (Normal) (G1 Evacuation Pause)
[2025-12-25T12:31:25.944+0000][gc,task     ] GC(54) Using 8 workers of 8 for evacuation
[2025-12-25T12:31:25.968+0000][gc,phases   ] GC(54)   Pre Evacuate Collection Set: 5.0ms
[2025-12-25T12:31:25.969+0000][gc,phases   ] GC(54)   Merge Heap Roots: 1.0ms
[2025-12-25T12:31:25.969+0000][gc,phases   ] GC(54)   Evacuate Collection Set: 16.0ms
[2025-12-25T12:31:25.969+0000][gc,phases   ] GC(54)   Post Evacuate Collection Set: 1.4ms
[2025-12-25T12:31:25.969+0000][gc,phases   ] GC(54)   Other: 0.5ms
[2025-12-25T12:31:25.969+0000][gc,heap     ] GC(54) Eden regions: 604->0(605)
[2025-12-25T12:31:25.969+0000][gc,heap     ] GC(54) Survivor regions: 10->9(77)
[2025-12-25T12:31:25.970+0000][gc,heap     ] GC(54) Old regions: 29->30
[2025-12-25T12:31:25.970+0000][gc,heap     ] GC(54) Humongous regions: 131->131
[2025-12-25T12:31:25.970+0000][gc,metaspace] GC(54) Metaspace: 13972K(14400K)->13972K(14400K) NonClass: 12424K(12672K)->12424K(12672K) Class: 1548K(1728K)->1548K(1728K)
[2025-12-25T12:31:25.970+0000][gc          ] GC(54) Pause Young (Normal) (G1 Evacuation Pause) 773M->168M(1024M) 26.156ms
[2025-12-25T12:31:25.970+0000][gc,cpu      ] GC(54) User=0.16s Sys=0.00s Real=0.03s
[2025-12-25T12:31:56.218+0000][gc,start    ] GC(55) Pause Young (Normal) (G1 Evacuation Pause)
[2025-12-25T12:31:56.218+0000][gc,task     ] GC(55) Using 8 workers of 8 for evacuation
[2025-12-25T12:31:56.231+0000][gc,phases   ] GC(55)   Pre Evacuate Collection Set: 1.3ms
[2025-12-25T12:31:56.231+0000][gc,phases   ] GC(55)   Merge Heap Roots: 0.2ms
[2025-12-25T12:31:56.231+0000][gc,phases   ] GC(55)   Evacuate Collection Set: 9.0ms
[2025-12-25T12:31:56.231+0000][gc,phases   ] GC(55)   Post Evacuate Collection Set: 1.7ms
[2025-12-25T12:31:56.231+0000][gc,phases   ] GC(55)   Other: 0.3ms
[2025-12-25T12:31:56.231+0000][gc,heap     ] GC(55) Eden regions: 605->0(607)
[2025-12-25T12:31:56.231+0000][gc,heap     ] GC(55) Survivor regions: 9->7(77)
[2025-12-25T12:31:56.231+0000][gc,heap     ] GC(55) Old regions: 30->30
[2025-12-25T12:31:56.232+0000][gc,heap     ] GC(55) Humongous regions: 131->131
[2025-12-25T12:31:56.232+0000][gc,metaspace] GC(55) Metaspace: 13976K(14400K)->13976K(14400K) NonClass: 12427K(12672K)->12427K(12672K) Class: 1548K(1728K)->1548K(1728K)
[2025-12-25T12:31:56.232+0000][gc          ] GC(55) Pause Young (Normal) (G1 Evacuation Pause) 773M->166M(1024M) 13.798ms
[2025-12-25T12:31:56.232+0000][gc,cpu      ] GC(55) User=0.07s Sys=0.00s Real=0.01s
[2025-12-25T12:32:35.927+0000][gc,start    ] GC(56) Pause Young (Normal) (G1 Evacuation Pause)
[2025-12-25T12:32:35.927+0000][gc,task     ] GC(56) Using 8 workers of 8 for evacuation
[2025-12-25T12:32:35.942+0000][gc,phases   ] GC(56)   Pre Evacuate Collection Set: 1.3ms
[2025-12-25T12:32:35.942+0000][gc,phases   ] GC(56)   Merge Heap Roots: 0.3ms
[2025-12-25T12:32:35.942+0000][gc,phases   ] GC(56)   Evacuate Collection Set: 11.4ms
[2025-12-25T12:32:35.942+0000][gc,phases   ] GC(56)   Post Evacuate Collection Set: 1.8ms
[2025-12-25T12:32:35.942+0000][gc,phases   ] GC(56)   Other: 0.3ms
[2025-12-25T12:32:35.942+0000][gc,heap     ] GC(56) Eden regions: 607->0(608)
[2025-12-25T12:32:35.943+0000][gc,heap     ] GC(56) Survivor regions: 7->6(77)
[2025-12-25T12:32:35.943+0000][gc,heap     ] GC(56) Old regions: 30->30
[2025-12-25T12:32:35.943+0000][gc,heap     ] GC(56) Humongous regions: 131->131
[2025-12-25T12:32:35.943+0000][gc,metaspace] GC(56) Metaspace: 13979K(14400K)->13979K(14400K) NonClass: 12430K(12672K)->12430K(12672K) Class: 1548K(1728K)->1548K(1728K)
[2025-12-25T12:32:35.943+0000][gc          ] GC(56) Pause Young (Normal) (G1 Evacuation Pause) 773M->166M(1024M) 16.232ms
[2025-12-25T12:32:35.943+0000][gc,cpu      ] GC(56) User=0.08s Sys=0.01s Real=0.01s
[2025-12-25T12:33:06.228+0000][gc,start    ] GC(57) Pause Young (Normal) (G1 Evacuation Pause)
[2025-12-25T12:33:06.228+0000][gc,task     ] GC(57) Using 8 workers of 8 for evacuation
[2025-12-25T12:33:06.240+0000][gc,phases   ] GC(57)   Pre Evacuate Collection Set: 1.2ms
[2025-12-25T12:33:06.240+0000][gc,phases   ] GC(57)   Merge Heap Roots: 0.2ms
[2025-12-25T12:33:06.240+0000][gc,phases   ] GC(57)   Evacuate Collection Set: 7.6ms
[2025-12-25T12:33:06.240+0000][gc,phases   ] GC(57)   Post Evacuate Collection Set: 2.2ms
[2025-12-25T12:33:06.240+0000][gc,phases   ] GC(57)   Other: 0.3ms
[2025-12-25T12:33:06.240+0000][gc,heap     ] GC(57) Eden regions: 608->0(606)
[2025-12-25T12:33:06.241+0000][gc,heap     ] GC(57) Survivor regions: 6->8(77)
[2025-12-25T12:33:06.241+0000][gc,heap     ] GC(57) Old regions: 30->30
[2025-12-25T12:33:06.241+0000][gc,heap     ] GC(57) Humongous regions: 131->131
[2025-12-25T12:33:06.241+0000][gc,metaspace] GC(57) Metaspace: 13983K(14400K)->13983K(14400K) NonClass: 12435K(12672K)->12435K(12672K) Class: 1548K(1728K)->1548K(1728K)
[2025-12-25T12:33:06.241+0000][gc          ] GC(57) Pause Young (Normal) (G1 Evacuation Pause) 774M->167M(1024M) 12.848ms
[2025-12-25T12:33:06.241+0000][gc,cpu      ] GC(57) User=0.07s Sys=0.00s Real=0.01s
[2025-12-25T12:33:46.141+0000][gc,start    ] GC(58) Pause Young (Normal) (G1 Evacuation Pause)
[2025-12-25T12:33:46.141+0000][gc,task     ] GC(58) Using 8 workers of 8 for evacuation
[2025-12-25T12:33:46.161+0000][gc,phases   ] GC(58)   Pre Evacuate Collection Set: 2.1ms
[2025-12-25T12:33:46.161+0000][gc,phases   ] GC(58)   Merge Heap Roots: 0.2ms
[2025-12-25T12:33:46.161+0000][gc,phases   ] GC(58)   Evacuate Collection Set: 15.7ms
[2025-12-25T12:33:46.161+0000][gc,phases   ] GC(58)   Post Evacuate Collection Set: 1.8ms
[2025-12-25T12:33:46.162+0000][gc,phases   ] GC(58)   Other: 0.2ms
[2025-12-25T12:33:46.162+0000][gc,heap     ] GC(58) Eden regions: 606->0(607)
[2025-12-25T12:33:46.162+0000][gc,heap     ] GC(58) Survivor regions: 8->7(77)
[2025-12-25T12:33:46.162+0000][gc,heap     ] GC(58) Old regions: 30->31
[2025-12-25T12:33:46.162+0000][gc,heap     ] GC(58) Humongous regions: 131->131
[2025-12-25T12:33:46.162+0000][gc,metaspace] GC(58) Metaspace: 14009K(14400K)->14009K(14400K) NonClass: 12461K(12672K)->12461K(12672K) Class: 1548K(1728K)->1548K(1728K)
[2025-12-25T12:33:46.162+0000][gc          ] GC(58) Pause Young (Normal) (G1 Evacuation Pause) 773M->167M(1024M) 21.529ms
[2025-12-25T12:33:46.162+0000][gc,cpu      ] GC(58) User=0.10s Sys=0.00s Real=0.02s
[2025-12-25T12:46:38.266+0000][gc,start    ] GC(59) Pause Young (Normal) (G1 Evacuation Pause)
[2025-12-25T12:46:38.267+0000][gc,task     ] GC(59) Using 8 workers of 8 for evacuation
[2025-12-25T12:46:38.302+0000][gc,phases   ] GC(59)   Pre Evacuate Collection Set: 4.0ms
[2025-12-25T12:46:38.302+0000][gc,phases   ] GC(59)   Merge Heap Roots: 0.3ms
[2025-12-25T12:46:38.302+0000][gc,phases   ] GC(59)   Evacuate Collection Set: 27.9ms
[2025-12-25T12:46:38.302+0000][gc,phases   ] GC(59)   Post Evacuate Collection Set: 1.9ms
[2025-12-25T12:46:38.302+0000][gc,phases   ] GC(59)   Other: 0.5ms
[2025-12-25T12:46:38.302+0000][gc,heap     ] GC(59) Eden regions: 607->0(605)
[2025-12-25T12:46:38.302+0000][gc,heap     ] GC(59) Survivor regions: 7->9(77)
[2025-12-25T12:46:38.302+0000][gc,heap     ] GC(59) Old regions: 31->31
[2025-12-25T12:46:38.302+0000][gc,heap     ] GC(59) Humongous regions: 133->133
[2025-12-25T12:46:38.302+0000][gc,metaspace] GC(59) Metaspace: 14047K(14400K)->14047K(14400K) NonClass: 12495K(12672K)->12495K(12672K) Class: 1551K(1728K)->1551K(1728K)
[2025-12-25T12:46:38.303+0000][gc          ] GC(59) Pause Young (Normal) (G1 Evacuation Pause) 776M->171M(1024M) 37.415ms
[2025-12-25T12:46:38.303+0000][gc,cpu      ] GC(59) User=0.17s Sys=0.01s Real=0.04s
[2025-12-25T12:47:17.797+0000][gc,start    ] GC(60) Pause Young (Normal) (G1 Evacuation Pause)
[2025-12-25T12:47:17.798+0000][gc,task     ] GC(60) Using 8 workers of 8 for evacuation
[2025-12-25T12:47:17.814+0000][gc,phases   ] GC(60)   Pre Evacuate Collection Set: 1.4ms
[2025-12-25T12:47:17.815+0000][gc,phases   ] GC(60)   Merge Heap Roots: 0.2ms
[2025-12-25T12:47:17.815+0000][gc,phases   ] GC(60)   Evacuate Collection Set: 13.6ms
[2025-12-25T12:47:17.815+0000][gc,phases   ] GC(60)   Post Evacuate Collection Set: 1.2ms
[2025-12-25T12:47:17.815+0000][gc,phases   ] GC(60)   Other: 0.3ms
[2025-12-25T12:47:17.815+0000][gc,heap     ] GC(60) Eden regions: 605->0(605)
[2025-12-25T12:47:17.815+0000][gc,heap     ] GC(60) Survivor regions: 9->9(77)
[2025-12-25T12:47:17.815+0000][gc,heap     ] GC(60) Old regions: 31->31
[2025-12-25T12:47:17.815+0000][gc,heap     ] GC(60) Humongous regions: 133->133
[2025-12-25T12:47:17.815+0000][gc,metaspace] GC(60) Metaspace: 14067K(14400K)->14067K(14400K) NonClass: 12515K(12672K)->12515K(12672K) Class: 1551K(1728K)->1551K(1728K)
[2025-12-25T12:47:17.815+0000][gc          ] GC(60) Pause Young (Normal) (G1 Evacuation Pause) 776M->172M(1024M) 17.974ms
[2025-12-25T12:47:17.815+0000][gc,cpu      ] GC(60) User=0.12s Sys=0.00s Real=0.02s
[2025-12-25T12:47:57.402+0000][gc,start    ] GC(61) Pause Young (Normal) (G1 Evacuation Pause)
[2025-12-25T12:47:57.402+0000][gc,task     ] GC(61) Using 8 workers of 8 for evacuation
[2025-12-25T12:47:57.427+0000][gc,phases   ] GC(61)   Pre Evacuate Collection Set: 1.5ms
[2025-12-25T12:47:57.427+0000][gc,phases   ] GC(61)   Merge Heap Roots: 0.3ms
[2025-12-25T12:47:57.427+0000][gc,phases   ] GC(61)   Evacuate Collection Set: 17.1ms
[2025-12-25T12:47:57.427+0000][gc,phases   ] GC(61)   Post Evacuate Collection Set: 5.1ms
[2025-12-25T12:47:57.427+0000][gc,phases   ] GC(61)   Other: 0.3ms
[2025-12-25T12:47:57.427+0000][gc,heap     ] GC(61) Eden regions: 605->0(606)
[2025-12-25T12:47:57.427+0000][gc,heap     ] GC(61) Survivor regions: 9->8(77)
[2025-12-25T12:47:57.427+0000][gc,heap     ] GC(61) Old regions: 31->31
[2025-12-25T12:47:57.427+0000][gc,heap     ] GC(61) Humongous regions: 133->133
[2025-12-25T12:47:57.427+0000][gc,metaspace] GC(61) Metaspace: 14069K(14400K)->14069K(14400K) NonClass: 12517K(12672K)->12517K(12672K) Class: 1551K(1728K)->1551K(1728K)
[2025-12-25T12:47:57.427+0000][gc          ] GC(61) Pause Young (Normal) (G1 Evacuation Pause) 777M->171M(1024M) 25.538ms
[2025-12-25T12:47:57.427+0000][gc,cpu      ] GC(61) User=0.14s Sys=0.01s Real=0.02s
[2025-12-25T12:48:27.721+0000][gc,start    ] GC(62) Pause Young (Normal) (G1 Evacuation Pause)
[2025-12-25T12:48:27.722+0000][gc,task     ] GC(62) Using 8 workers of 8 for evacuation
[2025-12-25T12:48:27.741+0000][gc,phases   ] GC(62)   Pre Evacuate Collection Set: 1.2ms
[2025-12-25T12:48:27.741+0000][gc,phases   ] GC(62)   Merge Heap Roots: 0.2ms
[2025-12-25T12:48:27.741+0000][gc,phases   ] GC(62)   Evacuate Collection Set: 16.1ms
[2025-12-25T12:48:27.741+0000][gc,phases   ] GC(62)   Post Evacuate Collection Set: 1.4ms
[2025-12-25T12:48:27.741+0000][gc,phases   ] GC(62)   Other: 0.3ms
[2025-12-25T12:48:27.741+0000][gc,heap     ] GC(62) Eden regions: 606->0(608)
[2025-12-25T12:48:27.741+0000][gc,heap     ] GC(62) Survivor regions: 8->6(77)
[2025-12-25T12:48:27.741+0000][gc,heap     ] GC(62) Old regions: 31->31
[2025-12-25T12:48:27.741+0000][gc,heap     ] GC(62) Humongous regions: 133->133
[2025-12-25T12:48:27.741+0000][gc,metaspace] GC(62) Metaspace: 14097K(14464K)->14097K(14464K) NonClass: 12545K(12736K)->12545K(12736K) Class: 1551K(1728K)->1551K(1728K)
[2025-12-25T12:48:27.742+0000][gc          ] GC(62) Pause Young (Normal) (G1 Evacuation Pause) 777M->169M(1024M) 20.566ms
[2025-12-25T12:48:27.742+0000][gc,cpu      ] GC(62) User=0.12s Sys=0.00s Real=0.02s
[2025-12-25T12:49:07.455+0000][gc,start    ] GC(63) Pause Young (Normal) (G1 Evacuation Pause)
[2025-12-25T12:49:07.455+0000][gc,task     ] GC(63) Using 8 workers of 8 for evacuation
[2025-12-25T12:49:07.478+0000][gc,phases   ] GC(63)   Pre Evacuate Collection Set: 2.2ms
[2025-12-25T12:49:07.478+0000][gc,phases   ] GC(63)   Merge Heap Roots: 0.5ms
[2025-12-25T12:49:07.478+0000][gc,phases   ] GC(63)   Evacuate Collection Set: 17.7ms
[2025-12-25T12:49:07.478+0000][gc,phases   ] GC(63)   Post Evacuate Collection Set: 2.0ms
[2025-12-25T12:49:07.478+0000][gc,phases   ] GC(63)   Other: 0.3ms
[2025-12-25T12:49:07.478+0000][gc,heap     ] GC(63) Eden regions: 608->0(609)
[2025-12-25T12:49:07.478+0000][gc,heap     ] GC(63) Survivor regions: 6->5(77)
[2025-12-25T12:49:07.479+0000][gc,heap     ] GC(63) Old regions: 31->32
[2025-12-25T12:49:07.479+0000][gc,heap     ] GC(63) Humongous regions: 133->133
[2025-12-25T12:49:07.479+0000][gc,metaspace] GC(63) Metaspace: 14101K(14464K)->14101K(14464K) NonClass: 12549K(12736K)->12549K(12736K) Class: 1551K(1728K)->1551K(1728K)
[2025-12-25T12:49:07.479+0000][gc          ] GC(63) Pause Young (Normal) (G1 Evacuation Pause) 777M->169M(1024M) 23.996ms
[2025-12-25T12:49:07.479+0000][gc,cpu      ] GC(63) User=0.10s Sys=0.01s Real=0.03s
[2025-12-25T12:49:38.189+0000][gc,start    ] GC(64) Pause Young (Normal) (G1 Evacuation Pause)
[2025-12-25T12:49:38.190+0000][gc,task     ] GC(64) Using 8 workers of 8 for evacuation
[2025-12-25T12:49:38.206+0000][gc,phases   ] GC(64)   Pre Evacuate Collection Set: 2.1ms
[2025-12-25T12:49:38.206+0000][gc,phases   ] GC(64)   Merge Heap Roots: 0.3ms
[2025-12-25T12:49:38.207+0000][gc,phases   ] GC(64)   Evacuate Collection Set: 12.0ms
[2025-12-25T12:49:38.207+0000][gc,phases   ] GC(64)   Post Evacuate Collection Set: 1.6ms
[2025-12-25T12:49:38.207+0000][gc,phases   ] GC(64)   Other: 0.3ms
[2025-12-25T12:49:38.207+0000][gc,heap     ] GC(64) Eden regions: 609->0(607)
[2025-12-25T12:49:38.207+0000][gc,heap     ] GC(64) Survivor regions: 5->7(77)
[2025-12-25T12:49:38.207+0000][gc,heap     ] GC(64) Old regions: 32->32
[2025-12-25T12:49:38.207+0000][gc,heap     ] GC(64) Humongous regions: 133->133
[2025-12-25T12:49:38.207+0000][gc,metaspace] GC(64) Metaspace: 14104K(14528K)->14104K(14528K) NonClass: 12551K(12800K)->12551K(12800K) Class: 1552K(1728K)->1552K(1728K)
[2025-12-25T12:49:38.207+0000][gc          ] GC(64) Pause Young (Normal) (G1 Evacuation Pause) 778M->171M(1024M) 18.433ms
[2025-12-25T12:49:38.207+0000][gc,cpu      ] GC(64) User=0.10s Sys=0.00s Real=0.02s
[2025-12-25T12:50:17.719+0000][gc,start    ] GC(65) Pause Young (Normal) (G1 Evacuation Pause)
[2025-12-25T12:50:17.720+0000][gc,task     ] GC(65) Using 8 workers of 8 for evacuation
[2025-12-25T12:50:17.757+0000][gc,phases   ] GC(65)   Pre Evacuate Collection Set: 2.1ms
[2025-12-25T12:50:17.757+0000][gc,phases   ] GC(65)   Merge Heap Roots: 0.4ms
[2025-12-25T12:50:17.757+0000][gc,phases   ] GC(65)   Evacuate Collection Set: 31.3ms
[2025-12-25T12:50:17.757+0000][gc,phases   ] GC(65)   Post Evacuate Collection Set: 2.4ms
[2025-12-25T12:50:17.757+0000][gc,phases   ] GC(65)   Other: 0.4ms
[2025-12-25T12:50:17.757+0000][gc,heap     ] GC(65) Eden regions: 607->0(607)
[2025-12-25T12:50:17.757+0000][gc,heap     ] GC(65) Survivor regions: 7->7(77)
[2025-12-25T12:50:17.757+0000][gc,heap     ] GC(65) Old regions: 32->32
[2025-12-25T12:50:17.758+0000][gc,heap     ] GC(65) Humongous regions: 133->133
[2025-12-25T12:50:17.758+0000][gc,metaspace] GC(65) Metaspace: 14109K(14528K)->14109K(14528K) NonClass: 12557K(12800K)->12557K(12800K) Class: 1552K(1728K)->1552K(1728K)
[2025-12-25T12:50:17.758+0000][gc          ] GC(65) Pause Young (Normal) (G1 Evacuation Pause) 778M->171M(1024M) 38.355ms
[2025-12-25T12:50:17.758+0000][gc,cpu      ] GC(65) User=0.18s Sys=0.00s Real=0.04s
[2025-12-25T12:50:48.076+0000][gc,start    ] GC(66) Pause Young (Normal) (G1 Evacuation Pause)
[2025-12-25T12:50:48.078+0000][gc,task     ] GC(66) Using 8 workers of 8 for evacuation
[2025-12-25T12:50:48.101+0000][gc,phases   ] GC(66)   Pre Evacuate Collection Set: 3.6ms
[2025-12-25T12:50:48.102+0000][gc,phases   ] GC(66)   Merge Heap Roots: 0.3ms
[2025-12-25T12:50:48.102+0000][gc,phases   ] GC(66)   Evacuate Collection Set: 16.7ms
[2025-12-25T12:50:48.102+0000][gc,phases   ] GC(66)   Post Evacuate Collection Set: 2.1ms
[2025-12-25T12:50:48.102+0000][gc,phases   ] GC(66)   Other: 0.6ms
[2025-12-25T12:50:48.102+0000][gc,heap     ] GC(66) Eden regions: 607->0(605)
[2025-12-25T12:50:48.102+0000][gc,heap     ] GC(66) Survivor regions: 7->9(77)
[2025-12-25T12:50:48.102+0000][gc,heap     ] GC(66) Old regions: 32->32
[2025-12-25T12:50:48.102+0000][gc,heap     ] GC(66) Humongous regions: 133->133
[2025-12-25T12:50:48.102+0000][gc,metaspace] GC(66) Metaspace: 14110K(14528K)->14110K(14528K) NonClass: 12558K(12800K)->12558K(12800K) Class: 1552K(1728K)->1552K(1728K)
[2025-12-25T12:50:48.102+0000][gc          ] GC(66) Pause Young (Normal) (G1 Evacuation Pause) 778M->173M(1024M) 25.930ms
[2025-12-25T12:50:48.103+0000][gc,cpu      ] GC(66) User=0.12s Sys=0.00s Real=0.02s
[2025-12-25T12:51:27.608+0000][gc,start    ] GC(67) Pause Young (Normal) (G1 Evacuation Pause)
[2025-12-25T12:51:27.608+0000][gc,task     ] GC(67) Using 8 workers of 8 for evacuation
[2025-12-25T12:51:27.641+0000][gc,phases   ] GC(67)   Pre Evacuate Collection Set: 3.6ms
[2025-12-25T12:51:27.641+0000][gc,phases   ] GC(67)   Merge Heap Roots: 1.7ms
[2025-12-25T12:51:27.642+0000][gc,phases   ] GC(67)   Evacuate Collection Set: 23.9ms
[2025-12-25T12:51:27.642+0000][gc,phases   ] GC(67)   Post Evacuate Collection Set: 3.5ms
[2025-12-25T12:51:27.642+0000][gc,phases   ] GC(67)   Other: 0.3ms
[2025-12-25T12:51:27.642+0000][gc,heap     ] GC(67) Eden regions: 605->0(606)
[2025-12-25T12:51:27.642+0000][gc,heap     ] GC(67) Survivor regions: 9->8(77)
[2025-12-25T12:51:27.642+0000][gc,heap     ] GC(67) Old regions: 32->33
[2025-12-25T12:51:27.642+0000][gc,heap     ] GC(67) Humongous regions: 133->133
[2025-12-25T12:51:27.642+0000][gc,metaspace] GC(67) Metaspace: 14124K(14528K)->14124K(14528K) NonClass: 12572K(12800K)->12572K(12800K) Class: 1552K(1728K)->1552K(1728K)
[2025-12-25T12:51:27.642+0000][gc          ] GC(67) Pause Young (Normal) (G1 Evacuation Pause) 778M->173M(1024M) 34.168ms
[2025-12-25T12:51:27.642+0000][gc,cpu      ] GC(67) User=0.19s Sys=0.01s Real=0.03s
[2025-12-25T12:51:58.228+0000][gc,start    ] GC(68) Pause Young (Normal) (G1 Evacuation Pause)
[2025-12-25T12:51:58.228+0000][gc,task     ] GC(68) Using 8 workers of 8 for evacuation
[2025-12-25T12:51:58.267+0000][gc,phases   ] GC(68)   Pre Evacuate Collection Set: 1.3ms
[2025-12-25T12:51:58.267+0000][gc,phases   ] GC(68)   Merge Heap Roots: 0.3ms
[2025-12-25T12:51:58.267+0000][gc,phases   ] GC(68)   Evacuate Collection Set: 35.4ms
[2025-12-25T12:51:58.267+0000][gc,phases   ] GC(68)   Post Evacuate Collection Set: 1.8ms
[2025-12-25T12:51:58.267+0000][gc,phases   ] GC(68)   Other: 0.3ms
[2025-12-25T12:51:58.267+0000][gc,heap     ] GC(68) Eden regions: 606->0(604)
[2025-12-25T12:51:58.267+0000][gc,heap     ] GC(68) Survivor regions: 8->10(77)
[2025-12-25T12:51:58.268+0000][gc,heap     ] GC(68) Old regions: 33->33
[2025-12-25T12:51:58.268+0000][gc,heap     ] GC(68) Humongous regions: 133->133
[2025-12-25T12:51:58.268+0000][gc,metaspace] GC(68) Metaspace: 14125K(14528K)->14125K(14528K) NonClass: 12573K(12800K)->12573K(12800K) Class: 1552K(1728K)->1552K(1728K)
[2025-12-25T12:51:58.268+0000][gc          ] GC(68) Pause Young (Normal) (G1 Evacuation Pause) 779M->175M(1024M) 40.143ms
[2025-12-25T12:51:58.268+0000][gc,cpu      ] GC(68) User=0.27s Sys=0.01s Real=0.04s
[2025-12-25T12:52:37.639+0000][gc,start    ] GC(69) Pause Young (Normal) (G1 Evacuation Pause)
[2025-12-25T12:52:37.640+0000][gc,task     ] GC(69) Using 8 workers of 8 for evacuation
[2025-12-25T12:52:37.655+0000][gc,phases   ] GC(69)   Pre Evacuate Collection Set: 1.8ms
[2025-12-25T12:52:37.655+0000][gc,phases   ] GC(69)   Merge Heap Roots: 0.2ms
[2025-12-25T12:52:37.655+0000][gc,phases   ] GC(69)   Evacuate Collection Set: 10.7ms
[2025-12-25T12:52:37.655+0000][gc,phases   ] GC(69)   Post Evacuate Collection Set: 2.0ms
[2025-12-25T12:52:37.655+0000][gc,phases   ] GC(69)   Other: 0.2ms
[2025-12-25T12:52:37.655+0000][gc,heap     ] GC(69) Eden regions: 604->0(604)
[2025-12-25T12:52:37.655+0000][gc,heap     ] GC(69) Survivor regions: 10->10(77)
[2025-12-25T12:52:37.655+0000][gc,heap     ] GC(69) Old regions: 33->33
[2025-12-25T12:52:37.655+0000][gc,heap     ] GC(69) Humongous regions: 133->133
[2025-12-25T12:52:37.655+0000][gc,metaspace] GC(69) Metaspace: 14133K(14528K)->14133K(14528K) NonClass: 12580K(12800K)->12580K(12800K) Class: 1552K(1728K)->1552K(1728K)
[2025-12-25T12:52:37.655+0000][gc          ] GC(69) Pause Young (Normal) (G1 Evacuation Pause) 779M->175M(1024M) 16.148ms
[2025-12-25T12:52:37.655+0000][gc,cpu      ] GC(69) User=0.08s Sys=0.01s Real=0.02s
[2025-12-25T12:53:08.007+0000][gc,start    ] GC(70) Pause Young (Normal) (G1 Evacuation Pause)
[2025-12-25T12:53:08.008+0000][gc,task     ] GC(70) Using 8 workers of 8 for evacuation
[2025-12-25T12:53:08.029+0000][gc,phases   ] GC(70)   Pre Evacuate Collection Set: 1.4ms
[2025-12-25T12:53:08.029+0000][gc,phases   ] GC(70)   Merge Heap Roots: 2.6ms
[2025-12-25T12:53:08.029+0000][gc,phases   ] GC(70)   Evacuate Collection Set: 14.0ms
[2025-12-25T12:53:08.029+0000][gc,phases   ] GC(70)   Post Evacuate Collection Set: 2.5ms
[2025-12-25T12:53:08.030+0000][gc,phases   ] GC(70)   Other: 0.4ms
[2025-12-25T12:53:08.030+0000][gc,heap     ] GC(70) Eden regions: 604->0(607)
[2025-12-25T12:53:08.030+0000][gc,heap     ] GC(70) Survivor regions: 10->7(77)
[2025-12-25T12:53:08.030+0000][gc,heap     ] GC(70) Old regions: 33->33
[2025-12-25T12:53:08.030+0000][gc,heap     ] GC(70) Humongous regions: 133->133
[2025-12-25T12:53:08.031+0000][gc,metaspace] GC(70) Metaspace: 14137K(14528K)->14137K(14528K) NonClass: 12585K(12800K)->12585K(12800K) Class: 1552K(1728K)->1552K(1728K)
[2025-12-25T12:53:08.031+0000][gc          ] GC(70) Pause Young (Normal) (G1 Evacuation Pause) 779M->172M(1024M) 24.639ms
[2025-12-25T12:53:08.031+0000][gc,cpu      ] GC(70) User=0.13s Sys=0.00s Real=0.02s
[2025-12-25T12:53:48.041+0000][gc,start    ] GC(71) Pause Young (Normal) (G1 Evacuation Pause)
[2025-12-25T12:53:48.042+0000][gc,task     ] GC(71) Using 8 workers of 8 for evacuation
[2025-12-25T12:53:48.065+0000][gc,phases   ] GC(71)   Pre Evacuate Collection Set: 1.6ms
[2025-12-25T12:53:48.065+0000][gc,phases   ] GC(71)   Merge Heap Roots: 0.3ms
[2025-12-25T12:53:48.065+0000][gc,phases   ] GC(71)   Evacuate Collection Set: 19.0ms
[2025-12-25T12:53:48.065+0000][gc,phases   ] GC(71)   Post Evacuate Collection Set: 1.8ms
[2025-12-25T12:53:48.065+0000][gc,phases   ] GC(71)   Other: 0.3ms
[2025-12-25T12:53:48.065+0000][gc,heap     ] GC(71) Eden regions: 607->0(607)
[2025-12-25T12:53:48.065+0000][gc,heap     ] GC(71) Survivor regions: 7->7(77)
[2025-12-25T12:53:48.065+0000][gc,heap     ] GC(71) Old regions: 33->34
[2025-12-25T12:53:48.065+0000][gc,heap     ] GC(71) Humongous regions: 133->133
[2025-12-25T12:53:48.065+0000][gc,metaspace] GC(71) Metaspace: 14139K(14528K)->14139K(14528K) NonClass: 12586K(12800K)->12586K(12800K) Class: 1552K(1728K)->1552K(1728K)
[2025-12-25T12:53:48.065+0000][gc          ] GC(71) Pause Young (Normal) (G1 Evacuation Pause) 779M->172M(1024M) 24.519ms
[2025-12-25T12:53:48.066+0000][gc,cpu      ] GC(71) User=0.14s Sys=0.01s Real=0.03s
[2025-12-25T12:54:18.187+0000][gc,start    ] GC(72) Pause Young (Normal) (G1 Evacuation Pause)
[2025-12-25T12:54:18.188+0000][gc,task     ] GC(72) Using 8 workers of 8 for evacuation
[2025-12-25T12:54:18.214+0000][gc,phases   ] GC(72)   Pre Evacuate Collection Set: 1.7ms
[2025-12-25T12:54:18.215+0000][gc,phases   ] GC(72)   Merge Heap Roots: 0.2ms
[2025-12-25T12:54:18.222+0000][gc,phases   ] GC(72)   Evacuate Collection Set: 21.2ms
[2025-12-25T12:54:18.227+0000][gc,phases   ] GC(72)   Post Evacuate Collection Set: 2.9ms
[2025-12-25T12:54:18.231+0000][gc,phases   ] GC(72)   Other: 0.6ms
[2025-12-25T12:54:18.233+0000][gc,heap     ] GC(72) Eden regions: 607->0(606)
[2025-12-25T12:54:18.233+0000][gc,heap     ] GC(72) Survivor regions: 7->8(77)
[2025-12-25T12:54:18.234+0000][gc,heap     ] GC(72) Old regions: 34->34
[2025-12-25T12:54:18.234+0000][gc,heap     ] GC(72) Humongous regions: 133->133
[2025-12-25T12:54:18.236+0000][gc,metaspace] GC(72) Metaspace: 14141K(14528K)->14141K(14528K) NonClass: 12589K(12800K)->12589K(12800K) Class: 1552K(1728K)->1552K(1728K)
[2025-12-25T12:54:18.237+0000][gc          ] GC(72) Pause Young (Normal) (G1 Evacuation Pause) 779M->174M(1024M) 50.585ms
[2025-12-25T12:54:18.239+0000][gc,cpu      ] GC(72) User=0.16s Sys=0.00s Real=0.05s
[2025-12-25T12:54:57.780+0000][gc,start    ] GC(73) Pause Young (Normal) (G1 Evacuation Pause)
[2025-12-25T12:54:57.784+0000][gc,task     ] GC(73) Using 8 workers of 8 for evacuation
[2025-12-25T12:54:57.813+0000][gc,phases   ] GC(73)   Pre Evacuate Collection Set: 3.9ms
[2025-12-25T12:54:57.813+0000][gc,phases   ] GC(73)   Merge Heap Roots: 1.3ms
[2025-12-25T12:54:57.813+0000][gc,phases   ] GC(73)   Evacuate Collection Set: 18.4ms
[2025-12-25T12:54:57.813+0000][gc,phases   ] GC(73)   Post Evacuate Collection Set: 4.4ms
[2025-12-25T12:54:57.813+0000][gc,phases   ] GC(73)   Other: 0.6ms
[2025-12-25T12:54:57.813+0000][gc,heap     ] GC(73) Eden regions: 606->0(606)
[2025-12-25T12:54:57.813+0000][gc,heap     ] GC(73) Survivor regions: 8->8(77)
[2025-12-25T12:54:57.813+0000][gc,heap     ] GC(73) Old regions: 34->34
[2025-12-25T12:54:57.813+0000][gc,heap     ] GC(73) Humongous regions: 133->133
[2025-12-25T12:54:57.813+0000][gc,metaspace] GC(73) Metaspace: 14145K(14528K)->14145K(14528K) NonClass: 12593K(12800K)->12593K(12800K) Class: 1552K(1728K)->1552K(1728K)
[2025-12-25T12:54:57.813+0000][gc          ] GC(73) Pause Young (Normal) (G1 Evacuation Pause) 780M->174M(1024M) 33.067ms
[2025-12-25T12:54:57.814+0000][gc,cpu      ] GC(73) User=0.19s Sys=0.01s Real=0.03s
