[2025-12-24T11:34:28.527+0000][gc,init] CardTable entry size: 512
[2025-12-24T11:34:28.529+0000][gc     ] Using G1
[2025-12-24T11:34:28.546+0000][gc,init] Version: 21.0.4+7-LTS (release)
[2025-12-24T11:34:28.546+0000][gc,init] CPUs: 8 total, 8 available
[2025-12-24T11:34:28.547+0000][gc,init] Memory: 13709M
[2025-12-24T11:34:28.548+0000][gc,init] Large Page Support: Disabled
[2025-12-24T11:34:28.548+0000][gc,init] NUMA Support: Disabled
[2025-12-24T11:34:28.549+0000][gc,init] Compressed Oops: Enabled (32-bit)
[2025-12-24T11:34:28.549+0000][gc,init] Heap Region Size: 1M
[2025-12-24T11:34:28.549+0000][gc,init] Heap Min Capacity: 1G
[2025-12-24T11:34:28.549+0000][gc,init] Heap Initial Capacity: 1G
[2025-12-24T11:34:28.549+0000][gc,init] Heap Max Capacity: 1G
[2025-12-24T11:34:28.549+0000][gc,init] Pre-touch: Disabled
[2025-12-24T11:34:28.552+0000][gc,init] Parallel Workers: 8
[2025-12-24T11:34:28.553+0000][gc,init] Concurrent Workers: 2
[2025-12-24T11:34:28.554+0000][gc,init] Concurrent Refinement Workers: 8
[2025-12-24T11:34:28.554+0000][gc,init] Periodic GC: Disabled
[2025-12-24T11:34:28.753+0000][gc,metaspace] CDS archive(s) mapped at: [0x0000003000000000-0x0000003000bd0000-0x00000030036b0000), size 57344000, SharedBaseAddress: 0x0000003000000000, ArchiveRelocationMode: 1.
[2025-12-24T11:34:28.757+0000][gc,metaspace] Compressed class space mapped at: 0x0000003004000000-0x0000003044000000, reserved size: 1073741824
[2025-12-24T11:34:28.762+0000][gc,metaspace] Narrow klass base: 0x0000003000000000, Narrow klass shift: 0, Narrow klass range: 0x100000000
[2025-12-24T11:34:34.114+0000][gc,start    ] GC(0) Pause Young (Normal) (G1 Evacuation Pause)
[2025-12-24T11:34:34.117+0000][gc,task     ] GC(0) Using 8 workers of 8 for evacuation
[2025-12-24T11:34:34.253+0000][gc,phases   ] GC(0)   Pre Evacuate Collection Set: 2.1ms
[2025-12-24T11:34:34.253+0000][gc,phases   ] GC(0)   Merge Heap Roots: 0.1ms
[2025-12-24T11:34:34.257+0000][gc,phases   ] GC(0)   Evacuate Collection Set: 128.8ms
[2025-12-24T11:34:34.257+0000][gc,phases   ] GC(0)   Post Evacuate Collection Set: 4.4ms
[2025-12-24T11:34:34.258+0000][gc,phases   ] GC(0)   Other: 3.6ms
[2025-12-24T11:34:34.258+0000][gc,heap     ] GC(0) Eden regions: 51->0(44)
[2025-12-24T11:34:34.258+0000][gc,heap     ] GC(0) Survivor regions: 0->7(7)
[2025-12-24T11:34:34.259+0000][gc,heap     ] GC(0) Old regions: 1->7
[2025-12-24T11:34:34.259+0000][gc,heap     ] GC(0) Humongous regions: 0->0
[2025-12-24T11:34:34.259+0000][gc,metaspace] GC(0) Metaspace: 5256K(5440K)->5256K(5440K) NonClass: 4665K(4736K)->4665K(4736K) Class: 590K(704K)->590K(704K)
[2025-12-24T11:34:34.260+0000][gc          ] GC(0) Pause Young (Normal) (G1 Evacuation Pause) 51M->13M(1024M) 146.019ms
[2025-12-24T11:34:34.261+0000][gc,cpu      ] GC(0) User=0.05s Sys=0.05s Real=0.15s
[2025-12-24T11:34:38.792+0000][gc,start    ] GC(1) Pause Young (Normal) (G1 Evacuation Pause)
[2025-12-24T11:34:38.792+0000][gc,task     ] GC(1) Using 8 workers of 8 for evacuation
[2025-12-24T11:34:38.810+0000][gc,phases   ] GC(1)   Pre Evacuate Collection Set: 1.0ms
[2025-12-24T11:34:38.811+0000][gc,phases   ] GC(1)   Merge Heap Roots: 0.1ms
[2025-12-24T11:34:38.811+0000][gc,phases   ] GC(1)   Evacuate Collection Set: 16.5ms
[2025-12-24T11:34:38.811+0000][gc,phases   ] GC(1)   Post Evacuate Collection Set: 0.8ms
[2025-12-24T11:34:38.811+0000][gc,phases   ] GC(1)   Other: 0.2ms
[2025-12-24T11:34:38.811+0000][gc,heap     ] GC(1) Eden regions: 44->0(47)
[2025-12-24T11:34:38.811+0000][gc,heap     ] GC(1) Survivor regions: 7->4(7)
[2025-12-24T11:34:38.811+0000][gc,heap     ] GC(1) Old regions: 7->14
[2025-12-24T11:34:38.811+0000][gc,heap     ] GC(1) Humongous regions: 131->131
[2025-12-24T11:34:38.811+0000][gc,metaspace] GC(1) Metaspace: 7106K(7424K)->7106K(7424K) NonClass: 6213K(6400K)->6213K(6400K) Class: 893K(1024K)->893K(1024K)
[2025-12-24T11:34:38.811+0000][gc          ] GC(1) Pause Young (Normal) (G1 Evacuation Pause) 188M->148M(1024M) 19.477ms
[2025-12-24T11:34:38.811+0000][gc,cpu      ] GC(1) User=0.08s Sys=0.02s Real=0.02s
[2025-12-24T11:34:39.100+0000][gc,start    ] GC(2) Pause Young (Normal) (G1 Evacuation Pause)
[2025-12-24T11:34:39.100+0000][gc,task     ] GC(2) Using 8 workers of 8 for evacuation
[2025-12-24T11:34:39.105+0000][gc,phases   ] GC(2)   Pre Evacuate Collection Set: 0.4ms
[2025-12-24T11:34:39.106+0000][gc,phases   ] GC(2)   Merge Heap Roots: 0.1ms
[2025-12-24T11:34:39.106+0000][gc,phases   ] GC(2)   Evacuate Collection Set: 4.0ms
[2025-12-24T11:34:39.106+0000][gc,phases   ] GC(2)   Post Evacuate Collection Set: 0.4ms
[2025-12-24T11:34:39.106+0000][gc,phases   ] GC(2)   Other: 0.1ms
[2025-12-24T11:34:39.106+0000][gc,heap     ] GC(2) Eden regions: 47->0(114)
[2025-12-24T11:34:39.106+0000][gc,heap     ] GC(2) Survivor regions: 4->5(7)
[2025-12-24T11:34:39.106+0000][gc,heap     ] GC(2) Old regions: 14->14
[2025-12-24T11:34:39.106+0000][gc,heap     ] GC(2) Humongous regions: 131->131
[2025-12-24T11:34:39.106+0000][gc,metaspace] GC(2) Metaspace: 7386K(7680K)->7386K(7680K) NonClass: 6448K(6592K)->6448K(6592K) Class: 938K(1088K)->938K(1088K)
[2025-12-24T11:34:39.106+0000][gc          ] GC(2) Pause Young (Normal) (G1 Evacuation Pause) 195M->149M(1024M) 5.976ms
[2025-12-24T11:34:39.106+0000][gc,cpu      ] GC(2) User=0.01s Sys=0.00s Real=0.00s
[2025-12-24T11:34:41.205+0000][gc,start    ] GC(3) Pause Young (Normal) (G1 Evacuation Pause)
[2025-12-24T11:34:41.205+0000][gc,task     ] GC(3) Using 8 workers of 8 for evacuation
[2025-12-24T11:34:41.221+0000][gc,phases   ] GC(3)   Pre Evacuate Collection Set: 0.5ms
[2025-12-24T11:34:41.221+0000][gc,phases   ] GC(3)   Merge Heap Roots: 0.1ms
[2025-12-24T11:34:41.221+0000][gc,phases   ] GC(3)   Evacuate Collection Set: 13.5ms
[2025-12-24T11:34:41.221+0000][gc,phases   ] GC(3)   Post Evacuate Collection Set: 1.3ms
[2025-12-24T11:34:41.222+0000][gc,phases   ] GC(3)   Other: 0.5ms
[2025-12-24T11:34:41.222+0000][gc,heap     ] GC(3) Eden regions: 115->0(607)
[2025-12-24T11:34:41.222+0000][gc,heap     ] GC(3) Survivor regions: 5->7(15)
[2025-12-24T11:34:41.222+0000][gc,heap     ] GC(3) Old regions: 14->14
[2025-12-24T11:34:41.222+0000][gc,heap     ] GC(3) Humongous regions: 131->131
[2025-12-24T11:34:41.223+0000][gc,metaspace] GC(3) Metaspace: 10615K(10880K)->10615K(10880K) NonClass: 9172K(9280K)->9172K(9280K) Class: 1442K(1600K)->1442K(1600K)
[2025-12-24T11:34:41.223+0000][gc          ] GC(3) Pause Young (Normal) (G1 Evacuation Pause) 264M->151M(1024M) 18.037ms
[2025-12-24T11:34:41.223+0000][gc,cpu      ] GC(3) User=0.02s Sys=0.00s Real=0.02s
[2025-12-24T11:35:18.845+0000][gc,start    ] GC(4) Pause Young (Normal) (G1 Evacuation Pause)
[2025-12-24T11:35:18.846+0000][gc,task     ] GC(4) Using 8 workers of 8 for evacuation
[2025-12-24T11:35:18.863+0000][gc,phases   ] GC(4)   Pre Evacuate Collection Set: 1.9ms
[2025-12-24T11:35:18.863+0000][gc,phases   ] GC(4)   Merge Heap Roots: 0.2ms
[2025-12-24T11:35:18.863+0000][gc,phases   ] GC(4)   Evacuate Collection Set: 13.4ms
[2025-12-24T11:35:18.863+0000][gc,phases   ] GC(4)   Post Evacuate Collection Set: 1.6ms
[2025-12-24T11:35:18.863+0000][gc,phases   ] GC(4)   Other: 0.3ms
[2025-12-24T11:35:18.864+0000][gc,heap     ] GC(4) Eden regions: 607->0(603)
[2025-12-24T11:35:18.864+0000][gc,heap     ] GC(4) Survivor regions: 7->11(77)
[2025-12-24T11:35:18.864+0000][gc,heap     ] GC(4) Old regions: 14->14
[2025-12-24T11:35:18.864+0000][gc,heap     ] GC(4) Humongous regions: 131->131
[2025-12-24T11:35:18.864+0000][gc,metaspace] GC(4) Metaspace: 12060K(12352K)->12060K(12352K) NonClass: 10492K(10624K)->10492K(10624K) Class: 1568K(1728K)->1568K(1728K)
[2025-12-24T11:35:18.864+0000][gc          ] GC(4) Pause Young (Normal) (G1 Evacuation Pause) 758M->155M(1024M) 18.459ms
[2025-12-24T11:35:18.864+0000][gc,cpu      ] GC(4) User=0.08s Sys=0.03s Real=0.01s
[2025-12-24T11:35:49.108+0000][gc,start    ] GC(5) Pause Young (Normal) (G1 Evacuation Pause)
[2025-12-24T11:35:49.109+0000][gc,task     ] GC(5) Using 8 workers of 8 for evacuation
[2025-12-24T11:35:49.139+0000][gc,phases   ] GC(5)   Pre Evacuate Collection Set: 4.5ms
[2025-12-24T11:35:49.139+0000][gc,phases   ] GC(5)   Merge Heap Roots: 0.4ms
[2025-12-24T11:35:49.139+0000][gc,phases   ] GC(5)   Evacuate Collection Set: 20.0ms
[2025-12-24T11:35:49.139+0000][gc,phases   ] GC(5)   Post Evacuate Collection Set: 4.2ms
[2025-12-24T11:35:49.139+0000][gc,phases   ] GC(5)   Other: 0.3ms
[2025-12-24T11:35:49.139+0000][gc,heap     ] GC(5) Eden regions: 603->0(601)
[2025-12-24T11:35:49.139+0000][gc,heap     ] GC(5) Survivor regions: 11->13(77)
[2025-12-24T11:35:49.140+0000][gc,heap     ] GC(5) Old regions: 14->14
[2025-12-24T11:35:49.140+0000][gc,heap     ] GC(5) Humongous regions: 131->131
[2025-12-24T11:35:49.140+0000][gc,metaspace] GC(5) Metaspace: 12487K(12800K)->12487K(12800K) NonClass: 10914K(11072K)->10914K(11072K) Class: 1572K(1728K)->1572K(1728K)
[2025-12-24T11:35:49.140+0000][gc          ] GC(5) Pause Young (Normal) (G1 Evacuation Pause) 758M->157M(1024M) 31.898ms
[2025-12-24T11:35:49.140+0000][gc,cpu      ] GC(5) User=0.12s Sys=0.01s Real=0.04s
[2025-12-24T11:36:28.742+0000][gc,start    ] GC(6) Pause Young (Normal) (G1 Evacuation Pause)
[2025-12-24T11:36:28.742+0000][gc,task     ] GC(6) Using 8 workers of 8 for evacuation
[2025-12-24T11:36:28.761+0000][gc,phases   ] GC(6)   Pre Evacuate Collection Set: 2.7ms
[2025-12-24T11:36:28.761+0000][gc,phases   ] GC(6)   Merge Heap Roots: 0.3ms
[2025-12-24T11:36:28.761+0000][gc,phases   ] GC(6)   Evacuate Collection Set: 13.8ms
[2025-12-24T11:36:28.761+0000][gc,phases   ] GC(6)   Post Evacuate Collection Set: 1.4ms
[2025-12-24T11:36:28.761+0000][gc,phases   ] GC(6)   Other: 0.2ms
[2025-12-24T11:36:28.761+0000][gc,heap     ] GC(6) Eden regions: 601->0(602)
[2025-12-24T11:36:28.761+0000][gc,heap     ] GC(6) Survivor regions: 13->12(77)
[2025-12-24T11:36:28.761+0000][gc,heap     ] GC(6) Old regions: 14->14
[2025-12-24T11:36:28.761+0000][gc,heap     ] GC(6) Humongous regions: 131->131
[2025-12-24T11:36:28.761+0000][gc,metaspace] GC(6) Metaspace: 12953K(13248K)->12953K(13248K) NonClass: 11377K(11520K)->11377K(11520K) Class: 1575K(1728K)->1575K(1728K)
[2025-12-24T11:36:28.761+0000][gc          ] GC(6) Pause Young (Normal) (G1 Evacuation Pause) 758M->156M(1024M) 19.602ms
[2025-12-24T11:36:28.761+0000][gc,cpu      ] GC(6) User=0.12s Sys=0.00s Real=0.02s
[2025-12-24T11:36:59.000+0000][gc,start    ] GC(7) Pause Young (Normal) (G1 Evacuation Pause)
[2025-12-24T11:36:59.001+0000][gc,task     ] GC(7) Using 8 workers of 8 for evacuation
[2025-12-24T11:36:59.025+0000][gc,phases   ] GC(7)   Pre Evacuate Collection Set: 1.4ms
[2025-12-24T11:36:59.025+0000][gc,phases   ] GC(7)   Merge Heap Roots: 0.2ms
[2025-12-24T11:36:59.025+0000][gc,phases   ] GC(7)   Evacuate Collection Set: 20.6ms
[2025-12-24T11:36:59.025+0000][gc,phases   ] GC(7)   Post Evacuate Collection Set: 1.7ms
[2025-12-24T11:36:59.025+0000][gc,phases   ] GC(7)   Other: 0.3ms
[2025-12-24T11:36:59.025+0000][gc,heap     ] GC(7) Eden regions: 602->0(599)
[2025-12-24T11:36:59.025+0000][gc,heap     ] GC(7) Survivor regions: 12->15(77)
[2025-12-24T11:36:59.025+0000][gc,heap     ] GC(7) Old regions: 14->14
[2025-12-24T11:36:59.025+0000][gc,heap     ] GC(7) Humongous regions: 131->131
[2025-12-24T11:36:59.025+0000][gc,metaspace] GC(7) Metaspace: 13175K(13504K)->13175K(13504K) NonClass: 11599K(11776K)->11599K(11776K) Class: 1575K(1728K)->1575K(1728K)
[2025-12-24T11:36:59.025+0000][gc          ] GC(7) Pause Young (Normal) (G1 Evacuation Pause) 758M->159M(1024M) 25.363ms
[2025-12-24T11:36:59.025+0000][gc,cpu      ] GC(7) User=0.12s Sys=0.02s Real=0.02s
[2025-12-24T11:37:38.636+0000][gc,start    ] GC(8) Pause Young (Normal) (G1 Evacuation Pause)
[2025-12-24T11:37:38.637+0000][gc,task     ] GC(8) Using 8 workers of 8 for evacuation
[2025-12-24T11:37:38.648+0000][gc,phases   ] GC(8)   Pre Evacuate Collection Set: 1.4ms
[2025-12-24T11:37:38.649+0000][gc,phases   ] GC(8)   Merge Heap Roots: 0.2ms
[2025-12-24T11:37:38.649+0000][gc,phases   ] GC(8)   Evacuate Collection Set: 8.6ms
[2025-12-24T11:37:38.649+0000][gc,phases   ] GC(8)   Post Evacuate Collection Set: 1.3ms
[2025-12-24T11:37:38.649+0000][gc,phases   ] GC(8)   Other: 0.2ms
[2025-12-24T11:37:38.649+0000][gc,heap     ] GC(8) Eden regions: 599->0(604)
[2025-12-24T11:37:38.649+0000][gc,heap     ] GC(8) Survivor regions: 15->10(77)
[2025-12-24T11:37:38.649+0000][gc,heap     ] GC(8) Old regions: 14->14
[2025-12-24T11:37:38.649+0000][gc,heap     ] GC(8) Humongous regions: 131->131
[2025-12-24T11:37:38.649+0000][gc,metaspace] GC(8) Metaspace: 13334K(13632K)->13334K(13632K) NonClass: 11746K(11904K)->11746K(11904K) Class: 1587K(1728K)->1587K(1728K)
[2025-12-24T11:37:38.649+0000][gc          ] GC(8) Pause Young (Normal) (G1 Evacuation Pause) 758M->154M(1024M) 13.514ms
[2025-12-24T11:37:38.649+0000][gc,cpu      ] GC(8) User=0.08s Sys=0.00s Real=0.01s
[2025-12-24T11:38:08.881+0000][gc,start    ] GC(9) Pause Young (Normal) (G1 Evacuation Pause)
[2025-12-24T11:38:08.882+0000][gc,task     ] GC(9) Using 8 workers of 8 for evacuation
[2025-12-24T11:38:08.897+0000][gc,phases   ] GC(9)   Pre Evacuate Collection Set: 1.3ms
[2025-12-24T11:38:08.897+0000][gc,phases   ] GC(9)   Merge Heap Roots: 0.2ms
[2025-12-24T11:38:08.897+0000][gc,phases   ] GC(9)   Evacuate Collection Set: 11.8ms
[2025-12-24T11:38:08.897+0000][gc,phases   ] GC(9)   Post Evacuate Collection Set: 1.4ms
[2025-12-24T11:38:08.898+0000][gc,phases   ] GC(9)   Other: 0.3ms
[2025-12-24T11:38:08.898+0000][gc,heap     ] GC(9) Eden regions: 604->0(602)
[2025-12-24T11:38:08.898+0000][gc,heap     ] GC(9) Survivor regions: 10->12(77)
[2025-12-24T11:38:08.898+0000][gc,heap     ] GC(9) Old regions: 14->14
[2025-12-24T11:38:08.898+0000][gc,heap     ] GC(9) Humongous regions: 131->131
[2025-12-24T11:38:08.898+0000][gc,metaspace] GC(9) Metaspace: 13416K(13760K)->13416K(13760K) NonClass: 11827K(12032K)->11827K(12032K) Class: 1589K(1728K)->1589K(1728K)
[2025-12-24T11:38:08.898+0000][gc          ] GC(9) Pause Young (Normal) (G1 Evacuation Pause) 758M->156M(1024M) 17.122ms
[2025-12-24T11:38:08.898+0000][gc,cpu      ] GC(9) User=0.10s Sys=0.00s Real=0.02s
[2025-12-24T11:38:39.090+0000][gc,start    ] GC(10) Pause Young (Normal) (G1 Evacuation Pause)
[2025-12-24T11:38:39.094+0000][gc,task     ] GC(10) Using 8 workers of 8 for evacuation
[2025-12-24T11:38:39.113+0000][gc,phases   ] GC(10)   Pre Evacuate Collection Set: 1.3ms
[2025-12-24T11:38:39.113+0000][gc,phases   ] GC(10)   Merge Heap Roots: 0.2ms
[2025-12-24T11:38:39.113+0000][gc,phases   ] GC(10)   Evacuate Collection Set: 16.2ms
[2025-12-24T11:38:39.113+0000][gc,phases   ] GC(10)   Post Evacuate Collection Set: 1.2ms
[2025-12-24T11:38:39.113+0000][gc,phases   ] GC(10)   Other: 0.2ms
[2025-12-24T11:38:39.113+0000][gc,heap     ] GC(10) Eden regions: 602->0(600)
[2025-12-24T11:38:39.113+0000][gc,heap     ] GC(10) Survivor regions: 12->14(77)
[2025-12-24T11:38:39.113+0000][gc,heap     ] GC(10) Old regions: 14->14
[2025-12-24T11:38:39.113+0000][gc,heap     ] GC(10) Humongous regions: 131->131
[2025-12-24T11:38:39.113+0000][gc,metaspace] GC(10) Metaspace: 13462K(13760K)->13462K(13760K) NonClass: 11873K(12032K)->11873K(12032K) Class: 1589K(1728K)->1589K(1728K)
[2025-12-24T11:38:39.114+0000][gc          ] GC(10) Pause Young (Normal) (G1 Evacuation Pause) 758M->158M(1024M) 23.470ms
[2025-12-24T11:38:39.114+0000][gc,cpu      ] GC(10) User=0.13s Sys=0.00s Real=0.03s
[2025-12-24T11:39:18.786+0000][gc,start    ] GC(11) Pause Young (Normal) (G1 Evacuation Pause)
[2025-12-24T11:39:18.788+0000][gc,task     ] GC(11) Using 8 workers of 8 for evacuation
[2025-12-24T11:39:18.810+0000][gc,phases   ] GC(11)   Pre Evacuate Collection Set: 3.5ms
[2025-12-24T11:39:18.810+0000][gc,phases   ] GC(11)   Merge Heap Roots: 0.3ms
[2025-12-24T11:39:18.810+0000][gc,phases   ] GC(11)   Evacuate Collection Set: 16.6ms
[2025-12-24T11:39:18.810+0000][gc,phases   ] GC(11)   Post Evacuate Collection Set: 1.4ms
[2025-12-24T11:39:18.810+0000][gc,phases   ] GC(11)   Other: 0.2ms
[2025-12-24T11:39:18.810+0000][gc,heap     ] GC(11) Eden regions: 600->0(601)
[2025-12-24T11:39:18.810+0000][gc,heap     ] GC(11) Survivor regions: 14->13(77)
[2025-12-24T11:39:18.810+0000][gc,heap     ] GC(11) Old regions: 14->14
[2025-12-24T11:39:18.810+0000][gc,heap     ] GC(11) Humongous regions: 131->131
[2025-12-24T11:39:18.811+0000][gc,metaspace] GC(11) Metaspace: 13523K(13888K)->13523K(13888K) NonClass: 11933K(12096K)->11933K(12096K) Class: 1590K(1792K)->1590K(1792K)
[2025-12-24T11:39:18.811+0000][gc          ] GC(11) Pause Young (Normal) (G1 Evacuation Pause) 758M->157M(1024M) 24.608ms
[2025-12-24T11:39:18.811+0000][gc,cpu      ] GC(11) User=0.15s Sys=0.01s Real=0.02s
[2025-12-24T11:39:49.029+0000][gc,start    ] GC(12) Pause Young (Normal) (G1 Evacuation Pause)
[2025-12-24T11:39:49.031+0000][gc,task     ] GC(12) Using 8 workers of 8 for evacuation
[2025-12-24T11:39:49.052+0000][gc,phases   ] GC(12)   Pre Evacuate Collection Set: 5.2ms
[2025-12-24T11:39:49.052+0000][gc,phases   ] GC(12)   Merge Heap Roots: 0.2ms
[2025-12-24T11:39:49.052+0000][gc,phases   ] GC(12)   Evacuate Collection Set: 13.9ms
[2025-12-24T11:39:49.052+0000][gc,phases   ] GC(12)   Post Evacuate Collection Set: 1.4ms
[2025-12-24T11:39:49.052+0000][gc,phases   ] GC(12)   Other: 0.3ms
[2025-12-24T11:39:49.052+0000][gc,heap     ] GC(12) Eden regions: 601->0(599)
[2025-12-24T11:39:49.052+0000][gc,heap     ] GC(12) Survivor regions: 13->15(77)
[2025-12-24T11:39:49.052+0000][gc,heap     ] GC(12) Old regions: 14->14
[2025-12-24T11:39:49.052+0000][gc,heap     ] GC(12) Humongous regions: 131->131
[2025-12-24T11:39:49.052+0000][gc,metaspace] GC(12) Metaspace: 13565K(13888K)->13565K(13888K) NonClass: 11972K(12096K)->11972K(12096K) Class: 1592K(1792K)->1592K(1792K)
[2025-12-24T11:39:49.052+0000][gc          ] GC(12) Pause Young (Normal) (G1 Evacuation Pause) 758M->159M(1024M) 22.769ms
[2025-12-24T11:39:49.052+0000][gc,cpu      ] GC(12) User=0.15s Sys=0.01s Real=0.02s
[2025-12-24T11:40:28.686+0000][gc,start    ] GC(13) Pause Young (Normal) (G1 Evacuation Pause)
[2025-12-24T11:40:28.686+0000][gc,task     ] GC(13) Using 8 workers of 8 for evacuation
[2025-12-24T11:40:28.747+0000][gc,phases   ] GC(13)   Pre Evacuate Collection Set: 1.9ms
[2025-12-24T11:40:28.747+0000][gc,phases   ] GC(13)   Merge Heap Roots: 0.3ms
[2025-12-24T11:40:28.748+0000][gc,phases   ] GC(13)   Evacuate Collection Set: 56.6ms
[2025-12-24T11:40:28.748+0000][gc,phases   ] GC(13)   Post Evacuate Collection Set: 1.9ms
[2025-12-24T11:40:28.748+0000][gc,phases   ] GC(13)   Other: 0.2ms
[2025-12-24T11:40:28.748+0000][gc,heap     ] GC(13) Eden regions: 599->0(603)
[2025-12-24T11:40:28.748+0000][gc,heap     ] GC(13) Survivor regions: 15->11(77)
[2025-12-24T11:40:28.748+0000][gc,heap     ] GC(13) Old regions: 14->14
[2025-12-24T11:40:28.748+0000][gc,heap     ] GC(13) Humongous regions: 131->131
[2025-12-24T11:40:28.748+0000][gc,metaspace] GC(13) Metaspace: 13587K(14016K)->13587K(14016K) NonClass: 11995K(12224K)->11995K(12224K) Class: 1592K(1792K)->1592K(1792K)
[2025-12-24T11:40:28.748+0000][gc          ] GC(13) Pause Young (Normal) (G1 Evacuation Pause) 758M->155M(1024M) 62.161ms
[2025-12-24T11:40:28.748+0000][gc,cpu      ] GC(13) User=0.26s Sys=0.16s Real=0.06s
[2025-12-24T11:40:58.984+0000][gc,start    ] GC(14) Pause Young (Normal) (G1 Evacuation Pause)
[2025-12-24T11:40:58.986+0000][gc,task     ] GC(14) Using 8 workers of 8 for evacuation
[2025-12-24T11:40:59.007+0000][gc,phases   ] GC(14)   Pre Evacuate Collection Set: 3.3ms
[2025-12-24T11:40:59.007+0000][gc,phases   ] GC(14)   Merge Heap Roots: 0.2ms
[2025-12-24T11:40:59.007+0000][gc,phases   ] GC(14)   Evacuate Collection Set: 15.6ms
[2025-12-24T11:40:59.007+0000][gc,phases   ] GC(14)   Post Evacuate Collection Set: 1.7ms
[2025-12-24T11:40:59.008+0000][gc,phases   ] GC(14)   Other: 0.7ms
[2025-12-24T11:40:59.008+0000][gc,heap     ] GC(14) Eden regions: 603->0(601)
[2025-12-24T11:40:59.008+0000][gc,heap     ] GC(14) Survivor regions: 11->13(77)
[2025-12-24T11:40:59.008+0000][gc,heap     ] GC(14) Old regions: 14->14
[2025-12-24T11:40:59.008+0000][gc,heap     ] GC(14) Humongous regions: 131->131
[2025-12-24T11:40:59.008+0000][gc,metaspace] GC(14) Metaspace: 13807K(14080K)->13807K(14080K) NonClass: 12164K(12288K)->12164K(12288K) Class: 1642K(1792K)->1642K(1792K)
[2025-12-24T11:40:59.008+0000][gc          ] GC(14) Pause Young (Normal) (G1 Evacuation Pause) 758M->157M(1024M) 23.697ms
[2025-12-24T11:40:59.008+0000][gc,cpu      ] GC(14) User=0.13s Sys=0.01s Real=0.03s
[2025-12-24T11:41:37.598+0000][gc,start    ] GC(15) Pause Young (Normal) (G1 Evacuation Pause)
[2025-12-24T11:41:37.599+0000][gc,task     ] GC(15) Using 8 workers of 8 for evacuation
[2025-12-24T11:41:37.643+0000][gc,phases   ] GC(15)   Pre Evacuate Collection Set: 3.4ms
[2025-12-24T11:41:37.644+0000][gc,phases   ] GC(15)   Merge Heap Roots: 0.5ms
[2025-12-24T11:41:37.644+0000][gc,phases   ] GC(15)   Evacuate Collection Set: 37.0ms
[2025-12-24T11:41:37.644+0000][gc,phases   ] GC(15)   Post Evacuate Collection Set: 3.3ms
[2025-12-24T11:41:37.644+0000][gc,phases   ] GC(15)   Other: 0.6ms
[2025-12-24T11:41:37.644+0000][gc,heap     ] GC(15) Eden regions: 601->0(602)
[2025-12-24T11:41:37.644+0000][gc,heap     ] GC(15) Survivor regions: 13->12(77)
[2025-12-24T11:41:37.644+0000][gc,heap     ] GC(15) Old regions: 14->14
[2025-12-24T11:41:37.644+0000][gc,heap     ] GC(15) Humongous regions: 131->131
[2025-12-24T11:41:37.644+0000][gc,metaspace] GC(15) Metaspace: 13831K(14144K)->13831K(14144K) NonClass: 12188K(12352K)->12188K(12352K) Class: 1642K(1792K)->1642K(1792K)
[2025-12-24T11:41:37.644+0000][gc          ] GC(15) Pause Young (Normal) (G1 Evacuation Pause) 758M->156M(1024M) 46.525ms
[2025-12-24T11:41:37.644+0000][gc,cpu      ] GC(15) User=0.29s Sys=0.01s Real=0.04s
[2025-12-24T11:42:08.814+0000][gc,start    ] GC(16) Pause Young (Normal) (G1 Evacuation Pause)
[2025-12-24T11:42:08.814+0000][gc,task     ] GC(16) Using 8 workers of 8 for evacuation
[2025-12-24T11:42:08.833+0000][gc,phases   ] GC(16)   Pre Evacuate Collection Set: 2.5ms
[2025-12-24T11:42:08.833+0000][gc,phases   ] GC(16)   Merge Heap Roots: 0.2ms
[2025-12-24T11:42:08.834+0000][gc,phases   ] GC(16)   Evacuate Collection Set: 14.5ms
[2025-12-24T11:42:08.834+0000][gc,phases   ] GC(16)   Post Evacuate Collection Set: 1.3ms
[2025-12-24T11:42:08.834+0000][gc,phases   ] GC(16)   Other: 0.7ms
[2025-12-24T11:42:08.834+0000][gc,heap     ] GC(16) Eden regions: 602->0(603)
[2025-12-24T11:42:08.834+0000][gc,heap     ] GC(16) Survivor regions: 12->11(77)
[2025-12-24T11:42:08.834+0000][gc,heap     ] GC(16) Old regions: 14->17
[2025-12-24T11:42:08.834+0000][gc,heap     ] GC(16) Humongous regions: 131->131
[2025-12-24T11:42:08.834+0000][gc,metaspace] GC(16) Metaspace: 13870K(14208K)->13870K(14208K) NonClass: 12225K(12416K)->12225K(12416K) Class: 1645K(1792K)->1645K(1792K)
[2025-12-24T11:42:08.834+0000][gc          ] GC(16) Pause Young (Normal) (G1 Evacuation Pause) 758M->158M(1024M) 20.388ms
[2025-12-24T11:42:08.834+0000][gc,cpu      ] GC(16) User=0.12s Sys=0.01s Real=0.02s
[2025-12-24T11:42:39.008+0000][gc,start    ] GC(17) Pause Young (Normal) (G1 Evacuation Pause)
[2025-12-24T11:42:39.008+0000][gc,task     ] GC(17) Using 8 workers of 8 for evacuation
[2025-12-24T11:42:39.027+0000][gc,phases   ] GC(17)   Pre Evacuate Collection Set: 2.0ms
[2025-12-24T11:42:39.027+0000][gc,phases   ] GC(17)   Merge Heap Roots: 0.2ms
[2025-12-24T11:42:39.028+0000][gc,phases   ] GC(17)   Evacuate Collection Set: 15.4ms
[2025-12-24T11:42:39.028+0000][gc,phases   ] GC(17)   Post Evacuate Collection Set: 1.3ms
[2025-12-24T11:42:39.028+0000][gc,phases   ] GC(17)   Other: 0.2ms
[2025-12-24T11:42:39.028+0000][gc,heap     ] GC(17) Eden regions: 603->0(602)
[2025-12-24T11:42:39.028+0000][gc,heap     ] GC(17) Survivor regions: 11->12(77)
[2025-12-24T11:42:39.028+0000][gc,heap     ] GC(17) Old regions: 17->18
[2025-12-24T11:42:39.028+0000][gc,heap     ] GC(17) Humongous regions: 131->131
[2025-12-24T11:42:39.028+0000][gc,metaspace] GC(17) Metaspace: 13895K(14208K)->13895K(14208K) NonClass: 12250K(12416K)->12250K(12416K) Class: 1645K(1792K)->1645K(1792K)
[2025-12-24T11:42:39.028+0000][gc          ] GC(17) Pause Young (Normal) (G1 Evacuation Pause) 761M->160M(1024M) 20.132ms
[2025-12-24T11:42:39.028+0000][gc,cpu      ] GC(17) User=0.11s Sys=0.00s Real=0.02s
[2025-12-24T11:43:18.711+0000][gc,start    ] GC(18) Pause Young (Normal) (G1 Evacuation Pause)
[2025-12-24T11:43:18.713+0000][gc,task     ] GC(18) Using 8 workers of 8 for evacuation
[2025-12-24T11:43:18.742+0000][gc,phases   ] GC(18)   Pre Evacuate Collection Set: 1.7ms
[2025-12-24T11:43:18.742+0000][gc,phases   ] GC(18)   Merge Heap Roots: 0.2ms
[2025-12-24T11:43:18.742+0000][gc,phases   ] GC(18)   Evacuate Collection Set: 25.7ms
[2025-12-24T11:43:18.742+0000][gc,phases   ] GC(18)   Post Evacuate Collection Set: 1.4ms
[2025-12-24T11:43:18.742+0000][gc,phases   ] GC(18)   Other: 0.3ms
[2025-12-24T11:43:18.742+0000][gc,heap     ] GC(18) Eden regions: 602->0(609)
[2025-12-24T11:43:18.742+0000][gc,heap     ] GC(18) Survivor regions: 12->5(77)
[2025-12-24T11:43:18.742+0000][gc,heap     ] GC(18) Old regions: 18->21
[2025-12-24T11:43:18.743+0000][gc,heap     ] GC(18) Humongous regions: 131->131
[2025-12-24T11:43:18.743+0000][gc,metaspace] GC(18) Metaspace: 13930K(14208K)->13930K(14208K) NonClass: 12285K(12416K)->12285K(12416K) Class: 1645K(1792K)->1645K(1792K)
[2025-12-24T11:43:18.743+0000][gc          ] GC(18) Pause Young (Normal) (G1 Evacuation Pause) 762M->156M(1024M) 31.262ms
[2025-12-24T11:43:18.743+0000][gc,cpu      ] GC(18) User=0.16s Sys=0.03s Real=0.03s
[2025-12-24T11:43:48.956+0000][gc,start    ] GC(19) Pause Young (Normal) (G1 Evacuation Pause)
[2025-12-24T11:43:48.957+0000][gc,task     ] GC(19) Using 8 workers of 8 for evacuation
[2025-12-24T11:43:48.966+0000][gc,phases   ] GC(19)   Pre Evacuate Collection Set: 1.3ms
[2025-12-24T11:43:48.966+0000][gc,phases   ] GC(19)   Merge Heap Roots: 0.1ms
[2025-12-24T11:43:48.966+0000][gc,phases   ] GC(19)   Evacuate Collection Set: 6.7ms
[2025-12-24T11:43:48.966+0000][gc,phases   ] GC(19)   Post Evacuate Collection Set: 1.1ms
[2025-12-24T11:43:48.966+0000][gc,phases   ] GC(19)   Other: 0.2ms
[2025-12-24T11:43:48.966+0000][gc,heap     ] GC(19) Eden regions: 609->0(609)
[2025-12-24T11:43:48.966+0000][gc,heap     ] GC(19) Survivor regions: 5->5(77)
[2025-12-24T11:43:48.966+0000][gc,heap     ] GC(19) Old regions: 21->22
[2025-12-24T11:43:48.967+0000][gc,heap     ] GC(19) Humongous regions: 131->131
[2025-12-24T11:43:48.967+0000][gc,metaspace] GC(19) Metaspace: 13951K(14272K)->13951K(14272K) NonClass: 12306K(12480K)->12306K(12480K) Class: 1645K(1792K)->1645K(1792K)
[2025-12-24T11:43:48.967+0000][gc          ] GC(19) Pause Young (Normal) (G1 Evacuation Pause) 765M->157M(1024M) 10.461ms
[2025-12-24T11:43:48.967+0000][gc,cpu      ] GC(19) User=0.06s Sys=0.00s Real=0.01s
[2025-12-24T11:44:28.622+0000][gc,start    ] GC(20) Pause Young (Normal) (G1 Evacuation Pause)
[2025-12-24T11:44:28.623+0000][gc,task     ] GC(20) Using 8 workers of 8 for evacuation
[2025-12-24T11:44:28.644+0000][gc,phases   ] GC(20)   Pre Evacuate Collection Set: 3.2ms
[2025-12-24T11:44:28.645+0000][gc,phases   ] GC(20)   Merge Heap Roots: 1.8ms
[2025-12-24T11:44:28.645+0000][gc,phases   ] GC(20)   Evacuate Collection Set: 14.0ms
[2025-12-24T11:44:28.645+0000][gc,phases   ] GC(20)   Post Evacuate Collection Set: 1.5ms
[2025-12-24T11:44:28.645+0000][gc,phases   ] GC(20)   Other: 0.9ms
[2025-12-24T11:44:28.645+0000][gc,heap     ] GC(20) Eden regions: 609->0(609)
[2025-12-24T11:44:28.645+0000][gc,heap     ] GC(20) Survivor regions: 5->5(77)
[2025-12-24T11:44:28.645+0000][gc,heap     ] GC(20) Old regions: 22->22
[2025-12-24T11:44:28.645+0000][gc,heap     ] GC(20) Humongous regions: 131->131
[2025-12-24T11:44:28.645+0000][gc,metaspace] GC(20) Metaspace: 13957K(14336K)->13957K(14336K) NonClass: 12312K(12544K)->12312K(12544K) Class: 1645K(1792K)->1645K(1792K)
[2025-12-24T11:44:28.645+0000][gc          ] GC(20) Pause Young (Normal) (G1 Evacuation Pause) 766M->157M(1024M) 22.913ms
[2025-12-24T11:44:28.645+0000][gc,cpu      ] GC(20) User=0.14s Sys=0.00s Real=0.02s
[2025-12-24T11:44:58.850+0000][gc,start    ] GC(21) Pause Young (Normal) (G1 Evacuation Pause)
[2025-12-24T11:44:58.851+0000][gc,task     ] GC(21) Using 8 workers of 8 for evacuation
[2025-12-24T11:44:58.865+0000][gc,phases   ] GC(21)   Pre Evacuate Collection Set: 2.9ms
[2025-12-24T11:44:58.866+0000][gc,phases   ] GC(21)   Merge Heap Roots: 0.4ms
[2025-12-24T11:44:58.866+0000][gc,phases   ] GC(21)   Evacuate Collection Set: 9.6ms
[2025-12-24T11:44:58.866+0000][gc,phases   ] GC(21)   Post Evacuate Collection Set: 1.4ms
[2025-12-24T11:44:58.866+0000][gc,phases   ] GC(21)   Other: 0.5ms
[2025-12-24T11:44:58.866+0000][gc,heap     ] GC(21) Eden regions: 609->0(608)
[2025-12-24T11:44:58.866+0000][gc,heap     ] GC(21) Survivor regions: 5->6(77)
[2025-12-24T11:44:58.866+0000][gc,heap     ] GC(21) Old regions: 22->23
[2025-12-24T11:44:58.866+0000][gc,heap     ] GC(21) Humongous regions: 131->131
[2025-12-24T11:44:58.866+0000][gc,metaspace] GC(21) Metaspace: 14016K(14336K)->14016K(14336K) NonClass: 12359K(12544K)->12359K(12544K) Class: 1656K(1792K)->1656K(1792K)
[2025-12-24T11:44:58.866+0000][gc          ] GC(21) Pause Young (Normal) (G1 Evacuation Pause) 766M->159M(1024M) 15.891ms
[2025-12-24T11:44:58.866+0000][gc,cpu      ] GC(21) User=0.10s Sys=0.00s Real=0.02s
[2025-12-24T11:45:29.108+0000][gc,start    ] GC(22) Pause Young (Normal) (G1 Evacuation Pause)
[2025-12-24T11:45:29.109+0000][gc,task     ] GC(22) Using 8 workers of 8 for evacuation
[2025-12-24T11:45:29.120+0000][gc,phases   ] GC(22)   Pre Evacuate Collection Set: 1.3ms
[2025-12-24T11:45:29.120+0000][gc,phases   ] GC(22)   Merge Heap Roots: 0.1ms
[2025-12-24T11:45:29.120+0000][gc,phases   ] GC(22)   Evacuate Collection Set: 6.2ms
[2025-12-24T11:45:29.120+0000][gc,phases   ] GC(22)   Post Evacuate Collection Set: 2.7ms
[2025-12-24T11:45:29.120+0000][gc,phases   ] GC(22)   Other: 0.8ms
[2025-12-24T11:45:29.120+0000][gc,heap     ] GC(22) Eden regions: 608->0(605)
[2025-12-24T11:45:29.120+0000][gc,heap     ] GC(22) Survivor regions: 6->9(77)
[2025-12-24T11:45:29.120+0000][gc,heap     ] GC(22) Old regions: 23->23
[2025-12-24T11:45:29.120+0000][gc,heap     ] GC(22) Humongous regions: 131->131
[2025-12-24T11:45:29.120+0000][gc,metaspace] GC(22) Metaspace: 14081K(14464K)->14081K(14464K) NonClass: 12420K(12608K)->12420K(12608K) Class: 1661K(1856K)->1661K(1856K)
[2025-12-24T11:45:29.120+0000][gc          ] GC(22) Pause Young (Normal) (G1 Evacuation Pause) 767M->161M(1024M) 12.464ms
[2025-12-24T11:45:29.121+0000][gc,cpu      ] GC(22) User=0.06s Sys=0.00s Real=0.02s
[2025-12-24T11:46:08.750+0000][gc,start    ] GC(23) Pause Young (Normal) (G1 Evacuation Pause)
[2025-12-24T11:46:08.752+0000][gc,task     ] GC(23) Using 8 workers of 8 for evacuation
[2025-12-24T11:46:08.759+0000][gc,phases   ] GC(23)   Pre Evacuate Collection Set: 1.5ms
[2025-12-24T11:46:08.759+0000][gc,phases   ] GC(23)   Merge Heap Roots: 0.2ms
[2025-12-24T11:46:08.759+0000][gc,phases   ] GC(23)   Evacuate Collection Set: 3.9ms
[2025-12-24T11:46:08.759+0000][gc,phases   ] GC(23)   Post Evacuate Collection Set: 1.2ms
[2025-12-24T11:46:08.759+0000][gc,phases   ] GC(23)   Other: 0.3ms
[2025-12-24T11:46:08.759+0000][gc,heap     ] GC(23) Eden regions: 605->0(609)
[2025-12-24T11:46:08.759+0000][gc,heap     ] GC(23) Survivor regions: 9->5(77)
[2025-12-24T11:46:08.759+0000][gc,heap     ] GC(23) Old regions: 23->23
[2025-12-24T11:46:08.759+0000][gc,heap     ] GC(23) Humongous regions: 131->131
[2025-12-24T11:46:08.759+0000][gc,metaspace] GC(23) Metaspace: 14090K(14464K)->14090K(14464K) NonClass: 12428K(12608K)->12428K(12608K) Class: 1661K(1856K)->1661K(1856K)
[2025-12-24T11:46:08.760+0000][gc          ] GC(23) Pause Young (Normal) (G1 Evacuation Pause) 766M->157M(1024M) 9.046ms
[2025-12-24T11:46:08.760+0000][gc,cpu      ] GC(23) User=0.04s Sys=0.00s Real=0.01s
[2025-12-24T11:46:38.985+0000][gc,start    ] GC(24) Pause Young (Normal) (G1 Evacuation Pause)
[2025-12-24T11:46:38.986+0000][gc,task     ] GC(24) Using 8 workers of 8 for evacuation
[2025-12-24T11:46:39.000+0000][gc,phases   ] GC(24)   Pre Evacuate Collection Set: 1.2ms
[2025-12-24T11:46:39.000+0000][gc,phases   ] GC(24)   Merge Heap Roots: 0.1ms
[2025-12-24T11:46:39.000+0000][gc,phases   ] GC(24)   Evacuate Collection Set: 11.0ms
[2025-12-24T11:46:39.000+0000][gc,phases   ] GC(24)   Post Evacuate Collection Set: 1.5ms
[2025-12-24T11:46:39.000+0000][gc,phases   ] GC(24)   Other: 0.2ms
[2025-12-24T11:46:39.000+0000][gc,heap     ] GC(24) Eden regions: 609->0(607)
[2025-12-24T11:46:39.000+0000][gc,heap     ] GC(24) Survivor regions: 5->7(77)
[2025-12-24T11:46:39.000+0000][gc,heap     ] GC(24) Old regions: 23->23
[2025-12-24T11:46:39.000+0000][gc,heap     ] GC(24) Humongous regions: 131->131
[2025-12-24T11:46:39.000+0000][gc,metaspace] GC(24) Metaspace: 14104K(14464K)->14104K(14464K) NonClass: 12443K(12608K)->12443K(12608K) Class: 1661K(1856K)->1661K(1856K)
[2025-12-24T11:46:39.000+0000][gc          ] GC(24) Pause Young (Normal) (G1 Evacuation Pause) 766M->159M(1024M) 15.219ms
[2025-12-24T11:46:39.000+0000][gc,cpu      ] GC(24) User=0.10s Sys=0.00s Real=0.01s
[2025-12-24T11:47:18.690+0000][gc,start    ] GC(25) Pause Young (Normal) (G1 Evacuation Pause)
[2025-12-24T11:47:18.691+0000][gc,task     ] GC(25) Using 8 workers of 8 for evacuation
[2025-12-24T11:47:18.712+0000][gc,phases   ] GC(25)   Pre Evacuate Collection Set: 2.6ms
[2025-12-24T11:47:18.712+0000][gc,phases   ] GC(25)   Merge Heap Roots: 0.3ms
[2025-12-24T11:47:18.712+0000][gc,phases   ] GC(25)   Evacuate Collection Set: 16.9ms
[2025-12-24T11:47:18.712+0000][gc,phases   ] GC(25)   Post Evacuate Collection Set: 1.5ms
[2025-12-24T11:47:18.713+0000][gc,phases   ] GC(25)   Other: 0.3ms
[2025-12-24T11:47:18.713+0000][gc,heap     ] GC(25) Eden regions: 607->0(608)
[2025-12-24T11:47:18.713+0000][gc,heap     ] GC(25) Survivor regions: 7->6(77)
[2025-12-24T11:47:18.713+0000][gc,heap     ] GC(25) Old regions: 23->23
[2025-12-24T11:47:18.713+0000][gc,heap     ] GC(25) Humongous regions: 131->131
[2025-12-24T11:47:18.713+0000][gc,metaspace] GC(25) Metaspace: 14152K(14528K)->14152K(14528K) NonClass: 12491K(12672K)->12491K(12672K) Class: 1661K(1856K)->1661K(1856K)
[2025-12-24T11:47:18.713+0000][gc          ] GC(25) Pause Young (Normal) (G1 Evacuation Pause) 766M->159M(1024M) 23.361ms
[2025-12-24T11:47:18.713+0000][gc,cpu      ] GC(25) User=0.08s Sys=0.07s Real=0.03s
[2025-12-24T11:47:48.913+0000][gc,start    ] GC(26) Pause Young (Normal) (G1 Evacuation Pause)
[2025-12-24T11:47:48.914+0000][gc,task     ] GC(26) Using 8 workers of 8 for evacuation
[2025-12-24T11:47:48.926+0000][gc,phases   ] GC(26)   Pre Evacuate Collection Set: 1.5ms
[2025-12-24T11:47:48.926+0000][gc,phases   ] GC(26)   Merge Heap Roots: 0.2ms
[2025-12-24T11:47:48.926+0000][gc,phases   ] GC(26)   Evacuate Collection Set: 8.8ms
[2025-12-24T11:47:48.926+0000][gc,phases   ] GC(26)   Post Evacuate Collection Set: 1.4ms
[2025-12-24T11:47:48.926+0000][gc,phases   ] GC(26)   Other: 0.3ms
[2025-12-24T11:47:48.927+0000][gc,heap     ] GC(26) Eden regions: 608->0(606)
[2025-12-24T11:47:48.927+0000][gc,heap     ] GC(26) Survivor regions: 6->8(77)
[2025-12-24T11:47:48.927+0000][gc,heap     ] GC(26) Old regions: 23->23
[2025-12-24T11:47:48.927+0000][gc,heap     ] GC(26) Humongous regions: 131->131
[2025-12-24T11:47:48.927+0000][gc,metaspace] GC(26) Metaspace: 14197K(14592K)->14197K(14592K) NonClass: 12535K(12736K)->12535K(12736K) Class: 1661K(1856K)->1661K(1856K)
[2025-12-24T11:47:48.927+0000][gc          ] GC(26) Pause Young (Normal) (G1 Evacuation Pause) 767M->160M(1024M) 13.552ms
[2025-12-24T11:47:48.927+0000][gc,cpu      ] GC(26) User=0.08s Sys=0.00s Real=0.01s
[2025-12-24T11:48:26.000+0000][gc,start    ] GC(27) Pause Young (Normal) (G1 Evacuation Pause)
[2025-12-24T11:48:26.000+0000][gc,task     ] GC(27) Using 8 workers of 8 for evacuation
[2025-12-24T11:48:26.027+0000][gc,phases   ] GC(27)   Pre Evacuate Collection Set: 6.1ms
[2025-12-24T11:48:26.027+0000][gc,phases   ] GC(27)   Merge Heap Roots: 1.6ms
[2025-12-24T11:48:26.027+0000][gc,phases   ] GC(27)   Evacuate Collection Set: 13.2ms
[2025-12-24T11:48:26.027+0000][gc,phases   ] GC(27)   Post Evacuate Collection Set: 2.5ms
[2025-12-24T11:48:26.027+0000][gc,phases   ] GC(27)   Other: 2.5ms
[2025-12-24T11:48:26.028+0000][gc,heap     ] GC(27) Eden regions: 606->0(607)
[2025-12-24T11:48:26.028+0000][gc,heap     ] GC(27) Survivor regions: 8->7(77)
[2025-12-24T11:48:26.028+0000][gc,heap     ] GC(27) Old regions: 23->23
[2025-12-24T11:48:26.028+0000][gc,heap     ] GC(27) Humongous regions: 131->131
[2025-12-24T11:48:26.029+0000][gc,metaspace] GC(27) Metaspace: 14216K(14592K)->14216K(14592K) NonClass: 12555K(12736K)->12555K(12736K) Class: 1661K(1856K)->1661K(1856K)
[2025-12-24T11:48:26.030+0000][gc          ] GC(27) Pause Young (Normal) (G1 Evacuation Pause) 766M->160M(1024M) 29.964ms
[2025-12-24T11:48:26.030+0000][gc,cpu      ] GC(27) User=0.13s Sys=0.00s Real=0.03s
[2025-12-24T11:48:58.908+0000][gc,start    ] GC(28) Pause Young (Normal) (G1 Evacuation Pause)
[2025-12-24T11:48:58.909+0000][gc,task     ] GC(28) Using 8 workers of 8 for evacuation
[2025-12-24T11:48:58.932+0000][gc,phases   ] GC(28)   Pre Evacuate Collection Set: 4.7ms
[2025-12-24T11:48:58.932+0000][gc,phases   ] GC(28)   Merge Heap Roots: 0.5ms
[2025-12-24T11:48:58.932+0000][gc,phases   ] GC(28)   Evacuate Collection Set: 13.2ms
[2025-12-24T11:48:58.932+0000][gc,phases   ] GC(28)   Post Evacuate Collection Set: 3.8ms
[2025-12-24T11:48:58.933+0000][gc,phases   ] GC(28)   Other: 0.4ms
[2025-12-24T11:48:58.933+0000][gc,heap     ] GC(28) Eden regions: 607->0(608)
[2025-12-24T11:48:58.933+0000][gc,heap     ] GC(28) Survivor regions: 7->6(77)
[2025-12-24T11:48:58.933+0000][gc,heap     ] GC(28) Old regions: 23->23
[2025-12-24T11:48:58.933+0000][gc,heap     ] GC(28) Humongous regions: 131->131
[2025-12-24T11:48:58.934+0000][gc,metaspace] GC(28) Metaspace: 14251K(14656K)->14251K(14656K) NonClass: 12590K(12800K)->12590K(12800K) Class: 1661K(1856K)->1661K(1856K)
[2025-12-24T11:48:58.934+0000][gc          ] GC(28) Pause Young (Normal) (G1 Evacuation Pause) 767M->159M(1024M) 25.401ms
[2025-12-24T11:48:58.934+0000][gc,cpu      ] GC(28) User=0.08s Sys=0.00s Real=0.03s
[2025-12-24T11:49:29.017+0000][gc,start    ] GC(29) Pause Young (Normal) (G1 Evacuation Pause)
[2025-12-24T11:49:29.017+0000][gc,task     ] GC(29) Using 8 workers of 8 for evacuation
[2025-12-24T11:49:29.030+0000][gc,phases   ] GC(29)   Pre Evacuate Collection Set: 1.8ms
[2025-12-24T11:49:29.030+0000][gc,phases   ] GC(29)   Merge Heap Roots: 0.9ms
[2025-12-24T11:49:29.030+0000][gc,phases   ] GC(29)   Evacuate Collection Set: 8.2ms
[2025-12-24T11:49:29.030+0000][gc,phases   ] GC(29)   Post Evacuate Collection Set: 1.3ms
[2025-12-24T11:49:29.030+0000][gc,phases   ] GC(29)   Other: 0.3ms
[2025-12-24T11:49:29.030+0000][gc,heap     ] GC(29) Eden regions: 608->0(606)
[2025-12-24T11:49:29.030+0000][gc,heap     ] GC(29) Survivor regions: 6->8(77)
[2025-12-24T11:49:29.030+0000][gc,heap     ] GC(29) Old regions: 23->23
[2025-12-24T11:49:29.030+0000][gc,heap     ] GC(29) Humongous regions: 131->131
[2025-12-24T11:49:29.030+0000][gc,metaspace] GC(29) Metaspace: 14258K(14656K)->14258K(14656K) NonClass: 12597K(12800K)->12597K(12800K) Class: 1661K(1856K)->1661K(1856K)
[2025-12-24T11:49:29.030+0000][gc          ] GC(29) Pause Young (Normal) (G1 Evacuation Pause) 767M->161M(1024M) 13.517ms
[2025-12-24T11:49:29.030+0000][gc,cpu      ] GC(29) User=0.07s Sys=0.00s Real=0.01s
[2025-12-24T11:50:08.736+0000][gc,start    ] GC(30) Pause Young (Normal) (G1 Evacuation Pause)
[2025-12-24T11:50:08.736+0000][gc,task     ] GC(30) Using 8 workers of 8 for evacuation
[2025-12-24T11:50:08.745+0000][gc,phases   ] GC(30)   Pre Evacuate Collection Set: 1.4ms
[2025-12-24T11:50:08.745+0000][gc,phases   ] GC(30)   Merge Heap Roots: 0.2ms
[2025-12-24T11:50:08.745+0000][gc,phases   ] GC(30)   Evacuate Collection Set: 5.9ms
[2025-12-24T11:50:08.745+0000][gc,phases   ] GC(30)   Post Evacuate Collection Set: 1.2ms
[2025-12-24T11:50:08.745+0000][gc,phases   ] GC(30)   Other: 0.2ms
[2025-12-24T11:50:08.745+0000][gc,heap     ] GC(30) Eden regions: 606->0(607)
[2025-12-24T11:50:08.745+0000][gc,heap     ] GC(30) Survivor regions: 8->7(77)
[2025-12-24T11:50:08.745+0000][gc,heap     ] GC(30) Old regions: 23->23
[2025-12-24T11:50:08.745+0000][gc,heap     ] GC(30) Humongous regions: 131->131
[2025-12-24T11:50:08.745+0000][gc,metaspace] GC(30) Metaspace: 14269K(14656K)->14269K(14656K) NonClass: 12608K(12800K)->12608K(12800K) Class: 1661K(1856K)->1661K(1856K)
[2025-12-24T11:50:08.746+0000][gc          ] GC(30) Pause Young (Normal) (G1 Evacuation Pause) 767M->160M(1024M) 9.751ms
[2025-12-24T11:50:08.746+0000][gc,cpu      ] GC(30) User=0.05s Sys=0.00s Real=0.01s
[2025-12-24T11:50:38.938+0000][gc,start    ] GC(31) Pause Young (Normal) (G1 Evacuation Pause)
[2025-12-24T11:50:38.938+0000][gc,task     ] GC(31) Using 8 workers of 8 for evacuation
[2025-12-24T11:50:38.953+0000][gc,phases   ] GC(31)   Pre Evacuate Collection Set: 1.4ms
[2025-12-24T11:50:38.953+0000][gc,phases   ] GC(31)   Merge Heap Roots: 0.8ms
[2025-12-24T11:50:38.953+0000][gc,phases   ] GC(31)   Evacuate Collection Set: 10.8ms
[2025-12-24T11:50:38.953+0000][gc,phases   ] GC(31)   Post Evacuate Collection Set: 1.3ms
[2025-12-24T11:50:38.953+0000][gc,phases   ] GC(31)   Other: 0.2ms
[2025-12-24T11:50:38.953+0000][gc,heap     ] GC(31) Eden regions: 607->0(605)
[2025-12-24T11:50:38.953+0000][gc,heap     ] GC(31) Survivor regions: 7->9(77)
[2025-12-24T11:50:38.953+0000][gc,heap     ] GC(31) Old regions: 23->24
[2025-12-24T11:50:38.953+0000][gc,heap     ] GC(31) Humongous regions: 131->131
[2025-12-24T11:50:38.953+0000][gc,metaspace] GC(31) Metaspace: 14289K(14656K)->14289K(14656K) NonClass: 12627K(12800K)->12627K(12800K) Class: 1661K(1856K)->1661K(1856K)
[2025-12-24T11:50:38.953+0000][gc          ] GC(31) Pause Young (Normal) (G1 Evacuation Pause) 767M->162M(1024M) 15.376ms
[2025-12-24T11:50:38.953+0000][gc,cpu      ] GC(31) User=0.10s Sys=0.00s Real=0.01s
[2025-12-24T11:51:18.648+0000][gc,start    ] GC(32) Pause Young (Normal) (G1 Evacuation Pause)
[2025-12-24T11:51:18.648+0000][gc,task     ] GC(32) Using 8 workers of 8 for evacuation
[2025-12-24T11:51:18.665+0000][gc,phases   ] GC(32)   Pre Evacuate Collection Set: 1.9ms
[2025-12-24T11:51:18.665+0000][gc,phases   ] GC(32)   Merge Heap Roots: 0.2ms
[2025-12-24T11:51:18.665+0000][gc,phases   ] GC(32)   Evacuate Collection Set: 12.8ms
[2025-12-24T11:51:18.665+0000][gc,phases   ] GC(32)   Post Evacuate Collection Set: 1.5ms
[2025-12-24T11:51:18.665+0000][gc,phases   ] GC(32)   Other: 0.3ms
[2025-12-24T11:51:18.665+0000][gc,heap     ] GC(32) Eden regions: 605->0(606)
[2025-12-24T11:51:18.665+0000][gc,heap     ] GC(32) Survivor regions: 9->8(77)
[2025-12-24T11:51:18.665+0000][gc,heap     ] GC(32) Old regions: 24->24
[2025-12-24T11:51:18.665+0000][gc,heap     ] GC(32) Humongous regions: 131->131
[2025-12-24T11:51:18.665+0000][gc,metaspace] GC(32) Metaspace: 14305K(14656K)->14305K(14656K) NonClass: 12644K(12800K)->12644K(12800K) Class: 1661K(1856K)->1661K(1856K)
[2025-12-24T11:51:18.666+0000][gc          ] GC(32) Pause Young (Normal) (G1 Evacuation Pause) 767M->162M(1024M) 17.671ms
[2025-12-24T11:51:18.666+0000][gc,cpu      ] GC(32) User=0.12s Sys=0.00s Real=0.01s
[2025-12-24T11:51:48.853+0000][gc,start    ] GC(33) Pause Young (Normal) (G1 Evacuation Pause)
[2025-12-24T11:51:48.853+0000][gc,task     ] GC(33) Using 8 workers of 8 for evacuation
[2025-12-24T11:51:48.860+0000][gc,phases   ] GC(33)   Pre Evacuate Collection Set: 1.2ms
[2025-12-24T11:51:48.861+0000][gc,phases   ] GC(33)   Merge Heap Roots: 0.2ms
[2025-12-24T11:51:48.861+0000][gc,phases   ] GC(33)   Evacuate Collection Set: 4.4ms
[2025-12-24T11:51:48.861+0000][gc,phases   ] GC(33)   Post Evacuate Collection Set: 1.1ms
[2025-12-24T11:51:48.861+0000][gc,phases   ] GC(33)   Other: 0.1ms
[2025-12-24T11:51:48.861+0000][gc,heap     ] GC(33) Eden regions: 606->0(607)
[2025-12-24T11:51:48.861+0000][gc,heap     ] GC(33) Survivor regions: 8->7(77)
[2025-12-24T11:51:48.861+0000][gc,heap     ] GC(33) Old regions: 24->24
[2025-12-24T11:51:48.861+0000][gc,heap     ] GC(33) Humongous regions: 131->131
[2025-12-24T11:51:48.861+0000][gc,metaspace] GC(33) Metaspace: 14335K(14656K)->14335K(14656K) NonClass: 12673K(12800K)->12673K(12800K) Class: 1661K(1856K)->1661K(1856K)
[2025-12-24T11:51:48.861+0000][gc          ] GC(33) Pause Young (Normal) (G1 Evacuation Pause) 768M->160M(1024M) 8.146ms
[2025-12-24T11:51:48.861+0000][gc,cpu      ] GC(33) User=0.04s Sys=0.00s Real=0.01s
[2025-12-24T11:52:19.115+0000][gc,start    ] GC(34) Pause Young (Normal) (G1 Evacuation Pause)
[2025-12-24T11:52:19.116+0000][gc,task     ] GC(34) Using 8 workers of 8 for evacuation
[2025-12-24T11:52:19.130+0000][gc,phases   ] GC(34)   Pre Evacuate Collection Set: 1.2ms
[2025-12-24T11:52:19.130+0000][gc,phases   ] GC(34)   Merge Heap Roots: 0.2ms
[2025-12-24T11:52:19.130+0000][gc,phases   ] GC(34)   Evacuate Collection Set: 11.2ms
[2025-12-24T11:52:19.130+0000][gc,phases   ] GC(34)   Post Evacuate Collection Set: 1.4ms
[2025-12-24T11:52:19.130+0000][gc,phases   ] GC(34)   Other: 0.2ms
[2025-12-24T11:52:19.130+0000][gc,heap     ] GC(34) Eden regions: 607->0(606)
[2025-12-24T11:52:19.130+0000][gc,heap     ] GC(34) Survivor regions: 7->8(77)
[2025-12-24T11:52:19.130+0000][gc,heap     ] GC(34) Old regions: 24->24
[2025-12-24T11:52:19.131+0000][gc,heap     ] GC(34) Humongous regions: 131->131
[2025-12-24T11:52:19.131+0000][gc,metaspace] GC(34) Metaspace: 14345K(14720K)->14345K(14720K) NonClass: 12683K(12864K)->12683K(12864K) Class: 1662K(1856K)->1662K(1856K)
[2025-12-24T11:52:19.131+0000][gc          ] GC(34) Pause Young (Normal) (G1 Evacuation Pause) 767M->162M(1024M) 15.416ms
[2025-12-24T11:52:19.131+0000][gc,cpu      ] GC(34) User=0.10s Sys=0.00s Real=0.02s
[2025-12-24T11:52:58.774+0000][gc,start    ] GC(35) Pause Young (Normal) (G1 Evacuation Pause)
[2025-12-24T11:52:58.774+0000][gc,task     ] GC(35) Using 8 workers of 8 for evacuation
[2025-12-24T11:52:58.788+0000][gc,phases   ] GC(35)   Pre Evacuate Collection Set: 1.3ms
[2025-12-24T11:52:58.788+0000][gc,phases   ] GC(35)   Merge Heap Roots: 0.2ms
[2025-12-24T11:52:58.788+0000][gc,phases   ] GC(35)   Evacuate Collection Set: 10.0ms
[2025-12-24T11:52:58.788+0000][gc,phases   ] GC(35)   Post Evacuate Collection Set: 1.9ms
[2025-12-24T11:52:58.788+0000][gc,phases   ] GC(35)   Other: 0.2ms
[2025-12-24T11:52:58.788+0000][gc,heap     ] GC(35) Eden regions: 606->0(606)
[2025-12-24T11:52:58.788+0000][gc,heap     ] GC(35) Survivor regions: 8->8(77)
[2025-12-24T11:52:58.788+0000][gc,heap     ] GC(35) Old regions: 24->24
[2025-12-24T11:52:58.788+0000][gc,heap     ] GC(35) Humongous regions: 131->131
[2025-12-24T11:52:58.788+0000][gc,metaspace] GC(35) Metaspace: 14357K(14784K)->14357K(14784K) NonClass: 12695K(12928K)->12695K(12928K) Class: 1662K(1856K)->1662K(1856K)
[2025-12-24T11:52:58.789+0000][gc          ] GC(35) Pause Young (Normal) (G1 Evacuation Pause) 768M->162M(1024M) 14.930ms
[2025-12-24T11:52:58.789+0000][gc,cpu      ] GC(35) User=0.08s Sys=0.01s Real=0.01s
[2025-12-24T11:53:28.987+0000][gc,start    ] GC(36) Pause Young (Normal) (G1 Evacuation Pause)
[2025-12-24T11:53:28.987+0000][gc,task     ] GC(36) Using 8 workers of 8 for evacuation
[2025-12-24T11:53:29.000+0000][gc,phases   ] GC(36)   Pre Evacuate Collection Set: 1.4ms
[2025-12-24T11:53:29.000+0000][gc,phases   ] GC(36)   Merge Heap Roots: 0.2ms
[2025-12-24T11:53:29.000+0000][gc,phases   ] GC(36)   Evacuate Collection Set: 8.8ms
[2025-12-24T11:53:29.000+0000][gc,phases   ] GC(36)   Post Evacuate Collection Set: 2.0ms
[2025-12-24T11:53:29.000+0000][gc,phases   ] GC(36)   Other: 0.2ms
[2025-12-24T11:53:29.000+0000][gc,heap     ] GC(36) Eden regions: 606->0(604)
[2025-12-24T11:53:29.000+0000][gc,heap     ] GC(36) Survivor regions: 8->10(77)
[2025-12-24T11:53:29.000+0000][gc,heap     ] GC(36) Old regions: 24->25
[2025-12-24T11:53:29.000+0000][gc,heap     ] GC(36) Humongous regions: 131->131
[2025-12-24T11:53:29.000+0000][gc,metaspace] GC(36) Metaspace: 14362K(14784K)->14362K(14784K) NonClass: 12700K(12928K)->12700K(12928K) Class: 1662K(1856K)->1662K(1856K)
[2025-12-24T11:53:29.000+0000][gc          ] GC(36) Pause Young (Normal) (G1 Evacuation Pause) 768M->164M(1024M) 13.723ms
[2025-12-24T11:53:29.001+0000][gc,cpu      ] GC(36) User=0.07s Sys=0.01s Real=0.02s
[2025-12-24T11:54:08.674+0000][gc,start    ] GC(37) Pause Young (Normal) (G1 Evacuation Pause)
[2025-12-24T11:54:08.674+0000][gc,task     ] GC(37) Using 8 workers of 8 for evacuation
[2025-12-24T11:54:08.688+0000][gc,phases   ] GC(37)   Pre Evacuate Collection Set: 1.5ms
[2025-12-24T11:54:08.688+0000][gc,phases   ] GC(37)   Merge Heap Roots: 0.3ms
[2025-12-24T11:54:08.688+0000][gc,phases   ] GC(37)   Evacuate Collection Set: 10.4ms
[2025-12-24T11:54:08.688+0000][gc,phases   ] GC(37)   Post Evacuate Collection Set: 1.1ms
[2025-12-24T11:54:08.688+0000][gc,phases   ] GC(37)   Other: 0.1ms
[2025-12-24T11:54:08.688+0000][gc,heap     ] GC(37) Eden regions: 604->0(605)
[2025-12-24T11:54:08.688+0000][gc,heap     ] GC(37) Survivor regions: 10->9(77)
[2025-12-24T11:54:08.688+0000][gc,heap     ] GC(37) Old regions: 25->25
[2025-12-24T11:54:08.688+0000][gc,heap     ] GC(37) Humongous regions: 131->131
[2025-12-24T11:54:08.688+0000][gc,metaspace] GC(37) Metaspace: 14380K(14784K)->14380K(14784K) NonClass: 12717K(12928K)->12717K(12928K) Class: 1662K(1856K)->1662K(1856K)
[2025-12-24T11:54:08.688+0000][gc          ] GC(37) Pause Young (Normal) (G1 Evacuation Pause) 768M->164M(1024M) 14.311ms
[2025-12-24T11:54:08.688+0000][gc,cpu      ] GC(37) User=0.09s Sys=0.00s Real=0.01s
[2025-12-24T11:54:38.902+0000][gc,start    ] GC(38) Pause Young (Normal) (G1 Evacuation Pause)
[2025-12-24T11:54:38.903+0000][gc,task     ] GC(38) Using 8 workers of 8 for evacuation
[2025-12-24T11:54:38.918+0000][gc,phases   ] GC(38)   Pre Evacuate Collection Set: 4.0ms
[2025-12-24T11:54:38.918+0000][gc,phases   ] GC(38)   Merge Heap Roots: 0.2ms
[2025-12-24T11:54:38.919+0000][gc,phases   ] GC(38)   Evacuate Collection Set: 6.5ms
[2025-12-24T11:54:38.919+0000][gc,phases   ] GC(38)   Post Evacuate Collection Set: 4.1ms
[2025-12-24T11:54:38.919+0000][gc,phases   ] GC(38)   Other: 0.4ms
[2025-12-24T11:54:38.919+0000][gc,heap     ] GC(38) Eden regions: 605->0(606)
[2025-12-24T11:54:38.919+0000][gc,heap     ] GC(38) Survivor regions: 9->8(77)
[2025-12-24T11:54:38.919+0000][gc,heap     ] GC(38) Old regions: 25->25
[2025-12-24T11:54:38.919+0000][gc,heap     ] GC(38) Humongous regions: 131->131
[2025-12-24T11:54:38.919+0000][gc,metaspace] GC(38) Metaspace: 14380K(14784K)->14380K(14784K) NonClass: 12718K(12928K)->12718K(12928K) Class: 1662K(1856K)->1662K(1856K)
[2025-12-24T11:54:38.919+0000][gc          ] GC(38) Pause Young (Normal) (G1 Evacuation Pause) 769M->162M(1024M) 19.824ms
[2025-12-24T11:54:38.919+0000][gc,cpu      ] GC(38) User=0.06s Sys=0.01s Real=0.02s
[2025-12-24T11:55:09.139+0000][gc,start    ] GC(39) Pause Young (Normal) (G1 Evacuation Pause)
[2025-12-24T11:55:09.140+0000][gc,task     ] GC(39) Using 8 workers of 8 for evacuation
[2025-12-24T11:55:09.153+0000][gc,phases   ] GC(39)   Pre Evacuate Collection Set: 1.5ms
[2025-12-24T11:55:09.154+0000][gc,phases   ] GC(39)   Merge Heap Roots: 0.2ms
[2025-12-24T11:55:09.154+0000][gc,phases   ] GC(39)   Evacuate Collection Set: 10.7ms
[2025-12-24T11:55:09.154+0000][gc,phases   ] GC(39)   Post Evacuate Collection Set: 1.1ms
[2025-12-24T11:55:09.154+0000][gc,phases   ] GC(39)   Other: 0.2ms
[2025-12-24T11:55:09.154+0000][gc,heap     ] GC(39) Eden regions: 606->0(605)
[2025-12-24T11:55:09.154+0000][gc,heap     ] GC(39) Survivor regions: 8->9(77)
[2025-12-24T11:55:09.154+0000][gc,heap     ] GC(39) Old regions: 25->25
[2025-12-24T11:55:09.154+0000][gc,heap     ] GC(39) Humongous regions: 131->131
[2025-12-24T11:55:09.154+0000][gc,metaspace] GC(39) Metaspace: 14385K(14784K)->14385K(14784K) NonClass: 12722K(12928K)->12722K(12928K) Class: 1662K(1856K)->1662K(1856K)
[2025-12-24T11:55:09.154+0000][gc          ] GC(39) Pause Young (Normal) (G1 Evacuation Pause) 768M->164M(1024M) 14.888ms
[2025-12-24T11:55:09.154+0000][gc,cpu      ] GC(39) User=0.09s Sys=0.01s Real=0.02s
[2025-12-24T11:55:48.811+0000][gc,start    ] GC(40) Pause Young (Normal) (G1 Evacuation Pause)
[2025-12-24T11:55:48.812+0000][gc,task     ] GC(40) Using 8 workers of 8 for evacuation
[2025-12-24T11:55:48.831+0000][gc,phases   ] GC(40)   Pre Evacuate Collection Set: 1.4ms
[2025-12-24T11:55:48.831+0000][gc,phases   ] GC(40)   Merge Heap Roots: 0.2ms
[2025-12-24T11:55:48.831+0000][gc,phases   ] GC(40)   Evacuate Collection Set: 16.7ms
[2025-12-24T11:55:48.831+0000][gc,phases   ] GC(40)   Post Evacuate Collection Set: 1.1ms
[2025-12-24T11:55:48.832+0000][gc,phases   ] GC(40)   Other: 0.3ms
[2025-12-24T11:55:48.832+0000][gc,heap     ] GC(40) Eden regions: 605->0(606)
[2025-12-24T11:55:48.832+0000][gc,heap     ] GC(40) Survivor regions: 9->8(77)
[2025-12-24T11:55:48.832+0000][gc,heap     ] GC(40) Old regions: 25->26
[2025-12-24T11:55:48.832+0000][gc,heap     ] GC(40) Humongous regions: 131->131
[2025-12-24T11:55:48.832+0000][gc,metaspace] GC(40) Metaspace: 14516K(14848K)->14516K(14848K) NonClass: 12836K(12992K)->12836K(12992K) Class: 1680K(1856K)->1680K(1856K)
[2025-12-24T11:55:48.832+0000][gc          ] GC(40) Pause Young (Normal) (G1 Evacuation Pause) 769M->164M(1024M) 20.911ms
[2025-12-24T11:55:48.832+0000][gc,cpu      ] GC(40) User=0.15s Sys=0.00s Real=0.02s
[2025-12-24T11:56:19.060+0000][gc,start    ] GC(41) Pause Young (Normal) (G1 Evacuation Pause)
[2025-12-24T11:56:19.061+0000][gc,task     ] GC(41) Using 8 workers of 8 for evacuation
[2025-12-24T11:56:19.076+0000][gc,phases   ] GC(41)   Pre Evacuate Collection Set: 1.6ms
[2025-12-24T11:56:19.076+0000][gc,phases   ] GC(41)   Merge Heap Roots: 0.5ms
[2025-12-24T11:56:19.076+0000][gc,phases   ] GC(41)   Evacuate Collection Set: 11.2ms
[2025-12-24T11:56:19.076+0000][gc,phases   ] GC(41)   Post Evacuate Collection Set: 1.3ms
[2025-12-24T11:56:19.076+0000][gc,phases   ] GC(41)   Other: 0.3ms
[2025-12-24T11:56:19.076+0000][gc,heap     ] GC(41) Eden regions: 606->0(604)
[2025-12-24T11:56:19.076+0000][gc,heap     ] GC(41) Survivor regions: 8->10(77)
[2025-12-24T11:56:19.076+0000][gc,heap     ] GC(41) Old regions: 26->26
[2025-12-24T11:56:19.076+0000][gc,heap     ] GC(41) Humongous regions: 131->131
[2025-12-24T11:56:19.076+0000][gc,metaspace] GC(41) Metaspace: 14636K(15104K)->14636K(15104K) NonClass: 12938K(13184K)->12938K(13184K) Class: 1697K(1920K)->1697K(1920K)
[2025-12-24T11:56:19.076+0000][gc          ] GC(41) Pause Young (Normal) (G1 Evacuation Pause) 770M->166M(1024M) 15.968ms
[2025-12-24T11:56:19.076+0000][gc,cpu      ] GC(41) User=0.09s Sys=0.00s Real=0.02s
[2025-12-24T11:56:58.696+0000][gc,start    ] GC(42) Pause Young (Normal) (G1 Evacuation Pause)
[2025-12-24T11:56:58.697+0000][gc,task     ] GC(42) Using 8 workers of 8 for evacuation
[2025-12-24T11:56:58.709+0000][gc,phases   ] GC(42)   Pre Evacuate Collection Set: 1.6ms
[2025-12-24T11:56:58.709+0000][gc,phases   ] GC(42)   Merge Heap Roots: 0.2ms
[2025-12-24T11:56:58.710+0000][gc,phases   ] GC(42)   Evacuate Collection Set: 9.1ms
[2025-12-24T11:56:58.710+0000][gc,phases   ] GC(42)   Post Evacuate Collection Set: 1.5ms
[2025-12-24T11:56:58.710+0000][gc,phases   ] GC(42)   Other: 0.2ms
[2025-12-24T11:56:58.710+0000][gc,heap     ] GC(42) Eden regions: 604->0(605)
[2025-12-24T11:56:58.710+0000][gc,heap     ] GC(42) Survivor regions: 10->9(77)
[2025-12-24T11:56:58.710+0000][gc,heap     ] GC(42) Old regions: 26->26
[2025-12-24T11:56:58.710+0000][gc,heap     ] GC(42) Humongous regions: 131->131
[2025-12-24T11:56:58.710+0000][gc,metaspace] GC(42) Metaspace: 14643K(15104K)->14643K(15104K) NonClass: 12945K(13184K)->12945K(13184K) Class: 1697K(1920K)->1697K(1920K)
[2025-12-24T11:56:58.710+0000][gc          ] GC(42) Pause Young (Normal) (G1 Evacuation Pause) 770M->165M(1024M) 14.038ms
[2025-12-24T11:56:58.710+0000][gc,cpu      ] GC(42) User=0.08s Sys=0.01s Real=0.01s
[2025-12-24T11:57:28.925+0000][gc,start    ] GC(43) Pause Young (Normal) (G1 Evacuation Pause)
[2025-12-24T11:57:28.925+0000][gc,task     ] GC(43) Using 8 workers of 8 for evacuation
[2025-12-24T11:57:28.939+0000][gc,phases   ] GC(43)   Pre Evacuate Collection Set: 1.4ms
[2025-12-24T11:57:28.939+0000][gc,phases   ] GC(43)   Merge Heap Roots: 0.3ms
[2025-12-24T11:57:28.939+0000][gc,phases   ] GC(43)   Evacuate Collection Set: 10.2ms
[2025-12-24T11:57:28.939+0000][gc,phases   ] GC(43)   Post Evacuate Collection Set: 2.0ms
[2025-12-24T11:57:28.939+0000][gc,phases   ] GC(43)   Other: 0.2ms
[2025-12-24T11:57:28.939+0000][gc,heap     ] GC(43) Eden regions: 605->0(606)
[2025-12-24T11:57:28.939+0000][gc,heap     ] GC(43) Survivor regions: 9->8(77)
[2025-12-24T11:57:28.940+0000][gc,heap     ] GC(43) Old regions: 26->27
[2025-12-24T11:57:28.940+0000][gc,heap     ] GC(43) Humongous regions: 131->131
[2025-12-24T11:57:28.940+0000][gc,metaspace] GC(43) Metaspace: 14665K(15104K)->14665K(15104K) NonClass: 12966K(13184K)->12966K(13184K) Class: 1698K(1920K)->1698K(1920K)
[2025-12-24T11:57:28.940+0000][gc          ] GC(43) Pause Young (Normal) (G1 Evacuation Pause) 770M->164M(1024M) 15.490ms
[2025-12-24T11:57:28.940+0000][gc,cpu      ] GC(43) User=0.10s Sys=0.01s Real=0.02s
[2025-12-24T11:58:02.262+0000][gc,start    ] GC(44) Pause Young (Normal) (G1 Evacuation Pause)
[2025-12-24T11:58:02.263+0000][gc,task     ] GC(44) Using 8 workers of 8 for evacuation
[2025-12-24T11:58:02.275+0000][gc,phases   ] GC(44)   Pre Evacuate Collection Set: 2.4ms
[2025-12-24T11:58:02.276+0000][gc,phases   ] GC(44)   Merge Heap Roots: 0.4ms
[2025-12-24T11:58:02.276+0000][gc,phases   ] GC(44)   Evacuate Collection Set: 8.6ms
[2025-12-24T11:58:02.276+0000][gc,phases   ] GC(44)   Post Evacuate Collection Set: 1.1ms
[2025-12-24T11:58:02.276+0000][gc,phases   ] GC(44)   Other: 0.4ms
[2025-12-24T11:58:02.276+0000][gc,heap     ] GC(44) Eden regions: 606->0(607)
[2025-12-24T11:58:02.276+0000][gc,heap     ] GC(44) Survivor regions: 8->7(77)
[2025-12-24T11:58:02.276+0000][gc,heap     ] GC(44) Old regions: 27->27
[2025-12-24T11:58:02.276+0000][gc,heap     ] GC(44) Humongous regions: 131->131
[2025-12-24T11:58:02.276+0000][gc,metaspace] GC(44) Metaspace: 14666K(15104K)->14666K(15104K) NonClass: 12968K(13184K)->12968K(13184K) Class: 1698K(1920K)->1698K(1920K)
[2025-12-24T11:58:02.276+0000][gc          ] GC(44) Pause Young (Normal) (G1 Evacuation Pause) 770M->163M(1024M) 14.438ms
[2025-12-24T11:58:02.276+0000][gc,cpu      ] GC(44) User=0.08s Sys=0.00s Real=0.02s
[2025-12-24T11:58:38.839+0000][gc,start    ] GC(45) Pause Young (Normal) (G1 Evacuation Pause)
[2025-12-24T11:58:38.840+0000][gc,task     ] GC(45) Using 8 workers of 8 for evacuation
[2025-12-24T11:58:38.855+0000][gc,phases   ] GC(45)   Pre Evacuate Collection Set: 1.7ms
[2025-12-24T11:58:38.855+0000][gc,phases   ] GC(45)   Merge Heap Roots: 0.2ms
[2025-12-24T11:58:38.855+0000][gc,phases   ] GC(45)   Evacuate Collection Set: 11.0ms
[2025-12-24T11:58:38.855+0000][gc,phases   ] GC(45)   Post Evacuate Collection Set: 1.2ms
[2025-12-24T11:58:38.855+0000][gc,phases   ] GC(45)   Other: 0.3ms
[2025-12-24T11:58:38.855+0000][gc,heap     ] GC(45) Eden regions: 607->0(605)
[2025-12-24T11:58:38.855+0000][gc,heap     ] GC(45) Survivor regions: 7->9(77)
[2025-12-24T11:58:38.855+0000][gc,heap     ] GC(45) Old regions: 27->27
[2025-12-24T11:58:38.855+0000][gc,heap     ] GC(45) Humongous regions: 131->131
[2025-12-24T11:58:38.855+0000][gc,metaspace] GC(45) Metaspace: 14671K(15104K)->14671K(15104K) NonClass: 12972K(13184K)->12972K(13184K) Class: 1698K(1920K)->1698K(1920K)
[2025-12-24T11:58:38.855+0000][gc          ] GC(45) Pause Young (Normal) (G1 Evacuation Pause) 770M->165M(1024M) 15.795ms
[2025-12-24T11:58:38.855+0000][gc,cpu      ] GC(45) User=0.10s Sys=0.00s Real=0.01s
[2025-12-24T11:59:09.045+0000][gc,start    ] GC(46) Pause Young (Normal) (G1 Evacuation Pause)
[2025-12-24T11:59:09.045+0000][gc,task     ] GC(46) Using 8 workers of 8 for evacuation
[2025-12-24T11:59:09.057+0000][gc,phases   ] GC(46)   Pre Evacuate Collection Set: 1.8ms
[2025-12-24T11:59:09.057+0000][gc,phases   ] GC(46)   Merge Heap Roots: 0.2ms
[2025-12-24T11:59:09.057+0000][gc,phases   ] GC(46)   Evacuate Collection Set: 7.7ms
[2025-12-24T11:59:09.057+0000][gc,phases   ] GC(46)   Post Evacuate Collection Set: 1.2ms
[2025-12-24T11:59:09.057+0000][gc,phases   ] GC(46)   Other: 0.2ms
[2025-12-24T11:59:09.057+0000][gc,heap     ] GC(46) Eden regions: 605->0(604)
[2025-12-24T11:59:09.057+0000][gc,heap     ] GC(46) Survivor regions: 9->10(77)
[2025-12-24T11:59:09.057+0000][gc,heap     ] GC(46) Old regions: 27->28
[2025-12-24T11:59:09.057+0000][gc,heap     ] GC(46) Humongous regions: 131->131
[2025-12-24T11:59:09.057+0000][gc,metaspace] GC(46) Metaspace: 14673K(15104K)->14673K(15104K) NonClass: 12975K(13184K)->12975K(13184K) Class: 1698K(1920K)->1698K(1920K)
[2025-12-24T11:59:09.057+0000][gc          ] GC(46) Pause Young (Normal) (G1 Evacuation Pause) 770M->168M(1024M) 12.161ms
[2025-12-24T11:59:09.057+0000][gc,cpu      ] GC(46) User=0.08s Sys=0.00s Real=0.01s
[2025-12-24T11:59:48.740+0000][gc,start    ] GC(47) Pause Young (Normal) (G1 Evacuation Pause)
[2025-12-24T11:59:48.741+0000][gc,task     ] GC(47) Using 8 workers of 8 for evacuation
[2025-12-24T11:59:48.757+0000][gc,phases   ] GC(47)   Pre Evacuate Collection Set: 1.3ms
[2025-12-24T11:59:48.757+0000][gc,phases   ] GC(47)   Merge Heap Roots: 0.2ms
[2025-12-24T11:59:48.757+0000][gc,phases   ] GC(47)   Evacuate Collection Set: 12.1ms
[2025-12-24T11:59:48.757+0000][gc,phases   ] GC(47)   Post Evacuate Collection Set: 1.7ms
[2025-12-24T11:59:48.757+0000][gc,phases   ] GC(47)   Other: 0.4ms
[2025-12-24T11:59:48.758+0000][gc,heap     ] GC(47) Eden regions: 604->0(604)
[2025-12-24T11:59:48.758+0000][gc,heap     ] GC(47) Survivor regions: 10->10(77)
[2025-12-24T11:59:48.758+0000][gc,heap     ] GC(47) Old regions: 28->28
[2025-12-24T11:59:48.758+0000][gc,heap     ] GC(47) Humongous regions: 131->131
[2025-12-24T11:59:48.758+0000][gc,metaspace] GC(47) Metaspace: 14673K(15104K)->14673K(15104K) NonClass: 12975K(13184K)->12975K(13184K) Class: 1698K(1920K)->1698K(1920K)
[2025-12-24T11:59:48.758+0000][gc          ] GC(47) Pause Young (Normal) (G1 Evacuation Pause) 772M->167M(1024M) 17.733ms
[2025-12-24T11:59:48.758+0000][gc,cpu      ] GC(47) User=0.09s Sys=0.00s Real=0.02s
[2025-12-24T12:00:18.953+0000][gc,start    ] GC(48) Pause Young (Normal) (G1 Evacuation Pause)
[2025-12-24T12:00:18.953+0000][gc,task     ] GC(48) Using 8 workers of 8 for evacuation
[2025-12-24T12:00:18.973+0000][gc,phases   ] GC(48)   Pre Evacuate Collection Set: 5.4ms
[2025-12-24T12:00:18.973+0000][gc,phases   ] GC(48)   Merge Heap Roots: 0.8ms
[2025-12-24T12:00:18.973+0000][gc,phases   ] GC(48)   Evacuate Collection Set: 11.3ms
[2025-12-24T12:00:18.973+0000][gc,phases   ] GC(48)   Post Evacuate Collection Set: 1.3ms
[2025-12-24T12:00:18.973+0000][gc,phases   ] GC(48)   Other: 0.4ms
[2025-12-24T12:00:18.973+0000][gc,heap     ] GC(48) Eden regions: 604->0(606)
[2025-12-24T12:00:18.973+0000][gc,heap     ] GC(48) Survivor regions: 10->8(77)
[2025-12-24T12:00:18.973+0000][gc,heap     ] GC(48) Old regions: 28->28
[2025-12-24T12:00:18.973+0000][gc,heap     ] GC(48) Humongous regions: 131->131
[2025-12-24T12:00:18.973+0000][gc,metaspace] GC(48) Metaspace: 14679K(15104K)->14679K(15104K) NonClass: 12980K(13184K)->12980K(13184K) Class: 1698K(1920K)->1698K(1920K)
[2025-12-24T12:00:18.973+0000][gc          ] GC(48) Pause Young (Normal) (G1 Evacuation Pause) 771M->166M(1024M) 20.472ms
[2025-12-24T12:00:18.973+0000][gc,cpu      ] GC(48) User=0.11s Sys=0.00s Real=0.02s
[2025-12-24T12:00:58.588+0000][gc,start    ] GC(49) Pause Young (Normal) (G1 Evacuation Pause)
[2025-12-24T12:00:58.590+0000][gc,task     ] GC(49) Using 8 workers of 8 for evacuation
[2025-12-24T12:00:58.615+0000][gc,phases   ] GC(49)   Pre Evacuate Collection Set: 1.9ms
[2025-12-24T12:00:58.615+0000][gc,phases   ] GC(49)   Merge Heap Roots: 0.4ms
[2025-12-24T12:00:58.615+0000][gc,phases   ] GC(49)   Evacuate Collection Set: 20.8ms
[2025-12-24T12:00:58.615+0000][gc,phases   ] GC(49)   Post Evacuate Collection Set: 1.7ms
[2025-12-24T12:00:58.615+0000][gc,phases   ] GC(49)   Other: 0.4ms
[2025-12-24T12:00:58.615+0000][gc,heap     ] GC(49) Eden regions: 606->0(607)
[2025-12-24T12:00:58.616+0000][gc,heap     ] GC(49) Survivor regions: 8->7(77)
[2025-12-24T12:00:58.616+0000][gc,heap     ] GC(49) Old regions: 28->29
[2025-12-24T12:00:58.616+0000][gc,heap     ] GC(49) Humongous regions: 131->131
[2025-12-24T12:00:58.616+0000][gc,metaspace] GC(49) Metaspace: 14691K(15104K)->14691K(15104K) NonClass: 12992K(13184K)->12992K(13184K) Class: 1698K(1920K)->1698K(1920K)
[2025-12-24T12:00:58.616+0000][gc          ] GC(49) Pause Young (Normal) (G1 Evacuation Pause) 772M->165M(1024M) 28.121ms
[2025-12-24T12:00:58.616+0000][gc,cpu      ] GC(49) User=0.15s Sys=0.02s Real=0.03s
[2025-12-24T12:01:28.810+0000][gc,start    ] GC(50) Pause Young (Normal) (G1 Evacuation Pause)
[2025-12-24T12:01:28.811+0000][gc,task     ] GC(50) Using 8 workers of 8 for evacuation
[2025-12-24T12:01:28.827+0000][gc,phases   ] GC(50)   Pre Evacuate Collection Set: 1.2ms
[2025-12-24T12:01:28.827+0000][gc,phases   ] GC(50)   Merge Heap Roots: 0.3ms
[2025-12-24T12:01:28.827+0000][gc,phases   ] GC(50)   Evacuate Collection Set: 11.2ms
[2025-12-24T12:01:28.827+0000][gc,phases   ] GC(50)   Post Evacuate Collection Set: 2.8ms
[2025-12-24T12:01:28.827+0000][gc,phases   ] GC(50)   Other: 0.5ms
[2025-12-24T12:01:28.828+0000][gc,heap     ] GC(50) Eden regions: 607->0(605)
[2025-12-24T12:01:28.828+0000][gc,heap     ] GC(50) Survivor regions: 7->9(77)
[2025-12-24T12:01:28.828+0000][gc,heap     ] GC(50) Old regions: 29->29
[2025-12-24T12:01:28.828+0000][gc,heap     ] GC(50) Humongous regions: 131->131
[2025-12-24T12:01:28.828+0000][gc,metaspace] GC(50) Metaspace: 14694K(15104K)->14694K(15104K) NonClass: 12996K(13184K)->12996K(13184K) Class: 1698K(1920K)->1698K(1920K)
[2025-12-24T12:01:28.828+0000][gc          ] GC(50) Pause Young (Normal) (G1 Evacuation Pause) 772M->168M(1024M) 17.835ms
[2025-12-24T12:01:28.828+0000][gc,cpu      ] GC(50) User=0.10s Sys=0.01s Real=0.02s
[2025-12-24T12:01:59.072+0000][gc,start    ] GC(51) Pause Young (Normal) (G1 Evacuation Pause)
[2025-12-24T12:01:59.072+0000][gc,task     ] GC(51) Using 8 workers of 8 for evacuation
[2025-12-24T12:01:59.085+0000][gc,phases   ] GC(51)   Pre Evacuate Collection Set: 2.0ms
[2025-12-24T12:01:59.085+0000][gc,phases   ] GC(51)   Merge Heap Roots: 0.3ms
[2025-12-24T12:01:59.085+0000][gc,phases   ] GC(51)   Evacuate Collection Set: 9.1ms
[2025-12-24T12:01:59.085+0000][gc,phases   ] GC(51)   Post Evacuate Collection Set: 1.4ms
[2025-12-24T12:01:59.086+0000][gc,phases   ] GC(51)   Other: 0.2ms
[2025-12-24T12:01:59.086+0000][gc,heap     ] GC(51) Eden regions: 605->0(603)
[2025-12-24T12:01:59.086+0000][gc,heap     ] GC(51) Survivor regions: 9->11(77)
[2025-12-24T12:01:59.086+0000][gc,heap     ] GC(51) Old regions: 29->29
[2025-12-24T12:01:59.086+0000][gc,heap     ] GC(51) Humongous regions: 131->131
[2025-12-24T12:01:59.086+0000][gc,metaspace] GC(51) Metaspace: 14696K(15168K)->14696K(15168K) NonClass: 12998K(13248K)->12998K(13248K) Class: 1698K(1920K)->1698K(1920K)
[2025-12-24T12:01:59.086+0000][gc          ] GC(51) Pause Young (Normal) (G1 Evacuation Pause) 773M->170M(1024M) 14.060ms
[2025-12-24T12:01:59.086+0000][gc,cpu      ] GC(51) User=0.07s Sys=0.00s Real=0.02s
[2025-12-24T12:02:38.722+0000][gc,start    ] GC(52) Pause Young (Normal) (G1 Evacuation Pause)
[2025-12-24T12:02:38.724+0000][gc,task     ] GC(52) Using 8 workers of 8 for evacuation
[2025-12-24T12:02:38.736+0000][gc,phases   ] GC(52)   Pre Evacuate Collection Set: 1.0ms
[2025-12-24T12:02:38.736+0000][gc,phases   ] GC(52)   Merge Heap Roots: 0.2ms
[2025-12-24T12:02:38.736+0000][gc,phases   ] GC(52)   Evacuate Collection Set: 9.6ms
[2025-12-24T12:02:38.736+0000][gc,phases   ] GC(52)   Post Evacuate Collection Set: 1.1ms
[2025-12-24T12:02:38.736+0000][gc,phases   ] GC(52)   Other: 0.2ms
[2025-12-24T12:02:38.736+0000][gc,heap     ] GC(52) Eden regions: 603->0(604)
[2025-12-24T12:02:38.736+0000][gc,heap     ] GC(52) Survivor regions: 11->10(77)
[2025-12-24T12:02:38.736+0000][gc,heap     ] GC(52) Old regions: 29->30
[2025-12-24T12:02:38.736+0000][gc,heap     ] GC(52) Humongous regions: 131->131
[2025-12-24T12:02:38.736+0000][gc,metaspace] GC(52) Metaspace: 14696K(15168K)->14696K(15168K) NonClass: 12998K(13248K)->12998K(13248K) Class: 1698K(1920K)->1698K(1920K)
[2025-12-24T12:02:38.736+0000][gc          ] GC(52) Pause Young (Normal) (G1 Evacuation Pause) 773M->169M(1024M) 14.375ms
[2025-12-24T12:02:38.737+0000][gc,cpu      ] GC(52) User=0.07s Sys=0.00s Real=0.02s
[2025-12-24T12:03:08.922+0000][gc,start    ] GC(53) Pause Young (Normal) (G1 Evacuation Pause)
[2025-12-24T12:03:08.923+0000][gc,task     ] GC(53) Using 8 workers of 8 for evacuation
[2025-12-24T12:03:08.940+0000][gc,phases   ] GC(53)   Pre Evacuate Collection Set: 2.1ms
[2025-12-24T12:03:08.940+0000][gc,phases   ] GC(53)   Merge Heap Roots: 0.3ms
[2025-12-24T12:03:08.940+0000][gc,phases   ] GC(53)   Evacuate Collection Set: 13.1ms
[2025-12-24T12:03:08.940+0000][gc,phases   ] GC(53)   Post Evacuate Collection Set: 1.2ms
[2025-12-24T12:03:08.940+0000][gc,phases   ] GC(53)   Other: 0.3ms
[2025-12-24T12:03:08.940+0000][gc,heap     ] GC(53) Eden regions: 604->0(606)
[2025-12-24T12:03:08.940+0000][gc,heap     ] GC(53) Survivor regions: 10->8(77)
[2025-12-24T12:03:08.941+0000][gc,heap     ] GC(53) Old regions: 30->30
[2025-12-24T12:03:08.941+0000][gc,heap     ] GC(53) Humongous regions: 131->131
[2025-12-24T12:03:08.941+0000][gc,metaspace] GC(53) Metaspace: 14700K(15168K)->14700K(15168K) NonClass: 13002K(13248K)->13002K(13248K) Class: 1698K(1920K)->1698K(1920K)
[2025-12-24T12:03:08.941+0000][gc          ] GC(53) Pause Young (Normal) (G1 Evacuation Pause) 773M->168M(1024M) 18.868ms
[2025-12-24T12:03:08.941+0000][gc,cpu      ] GC(53) User=0.11s Sys=0.00s Real=0.02s
[2025-12-24T12:03:48.601+0000][gc,start    ] GC(54) Pause Young (Normal) (G1 Evacuation Pause)
[2025-12-24T12:03:48.602+0000][gc,task     ] GC(54) Using 8 workers of 8 for evacuation
[2025-12-24T12:03:48.628+0000][gc,phases   ] GC(54)   Pre Evacuate Collection Set: 1.4ms
[2025-12-24T12:03:48.628+0000][gc,phases   ] GC(54)   Merge Heap Roots: 0.3ms
[2025-12-24T12:03:48.629+0000][gc,phases   ] GC(54)   Evacuate Collection Set: 23.2ms
[2025-12-24T12:03:48.629+0000][gc,phases   ] GC(54)   Post Evacuate Collection Set: 1.1ms
[2025-12-24T12:03:48.629+0000][gc,phases   ] GC(54)   Other: 0.3ms
[2025-12-24T12:03:48.629+0000][gc,heap     ] GC(54) Eden regions: 606->0(607)
[2025-12-24T12:03:48.629+0000][gc,heap     ] GC(54) Survivor regions: 8->7(77)
[2025-12-24T12:03:48.629+0000][gc,heap     ] GC(54) Old regions: 30->30
[2025-12-24T12:03:48.629+0000][gc,heap     ] GC(54) Humongous regions: 131->131
[2025-12-24T12:03:48.629+0000][gc,metaspace] GC(54) Metaspace: 14702K(15168K)->14702K(15168K) NonClass: 13004K(13248K)->13004K(13248K) Class: 1698K(1920K)->1698K(1920K)
[2025-12-24T12:03:48.629+0000][gc          ] GC(54) Pause Young (Normal) (G1 Evacuation Pause) 774M->167M(1024M) 27.769ms
[2025-12-24T12:03:48.629+0000][gc,cpu      ] GC(54) User=0.16s Sys=0.03s Real=0.03s
[2025-12-24T12:04:18.852+0000][gc,start    ] GC(55) Pause Young (Normal) (G1 Evacuation Pause)
[2025-12-24T12:04:18.853+0000][gc,task     ] GC(55) Using 8 workers of 8 for evacuation
[2025-12-24T12:04:18.872+0000][gc,phases   ] GC(55)   Pre Evacuate Collection Set: 1.2ms
[2025-12-24T12:04:18.872+0000][gc,phases   ] GC(55)   Merge Heap Roots: 0.2ms
[2025-12-24T12:04:18.872+0000][gc,phases   ] GC(55)   Evacuate Collection Set: 16.4ms
[2025-12-24T12:04:18.872+0000][gc,phases   ] GC(55)   Post Evacuate Collection Set: 1.0ms
[2025-12-24T12:04:18.872+0000][gc,phases   ] GC(55)   Other: 0.3ms
[2025-12-24T12:04:18.873+0000][gc,heap     ] GC(55) Eden regions: 607->0(605)
[2025-12-24T12:04:18.873+0000][gc,heap     ] GC(55) Survivor regions: 7->9(77)
[2025-12-24T12:04:18.873+0000][gc,heap     ] GC(55) Old regions: 30->31
[2025-12-24T12:04:18.873+0000][gc,heap     ] GC(55) Humongous regions: 131->131
[2025-12-24T12:04:18.873+0000][gc,metaspace] GC(55) Metaspace: 14702K(15168K)->14702K(15168K) NonClass: 13004K(13248K)->13004K(13248K) Class: 1698K(1920K)->1698K(1920K)
[2025-12-24T12:04:18.873+0000][gc          ] GC(55) Pause Young (Normal) (G1 Evacuation Pause) 774M->169M(1024M) 20.594ms
[2025-12-24T12:04:18.873+0000][gc,cpu      ] GC(55) User=0.13s Sys=0.02s Real=0.02s
[2025-12-24T12:04:49.141+0000][gc,start    ] GC(56) Pause Young (Normal) (G1 Evacuation Pause)
[2025-12-24T12:04:49.142+0000][gc,task     ] GC(56) Using 8 workers of 8 for evacuation
[2025-12-24T12:04:49.157+0000][gc,phases   ] GC(56)   Pre Evacuate Collection Set: 1.0ms
[2025-12-24T12:04:49.157+0000][gc,phases   ] GC(56)   Merge Heap Roots: 0.3ms
[2025-12-24T12:04:49.157+0000][gc,phases   ] GC(56)   Evacuate Collection Set: 12.1ms
[2025-12-24T12:04:49.157+0000][gc,phases   ] GC(56)   Post Evacuate Collection Set: 1.1ms
[2025-12-24T12:04:49.157+0000][gc,phases   ] GC(56)   Other: 0.3ms
[2025-12-24T12:04:49.157+0000][gc,heap     ] GC(56) Eden regions: 605->0(603)
[2025-12-24T12:04:49.157+0000][gc,heap     ] GC(56) Survivor regions: 9->11(77)
[2025-12-24T12:04:49.157+0000][gc,heap     ] GC(56) Old regions: 31->31
[2025-12-24T12:04:49.157+0000][gc,heap     ] GC(56) Humongous regions: 131->131
[2025-12-24T12:04:49.157+0000][gc,metaspace] GC(56) Metaspace: 14708K(15168K)->14708K(15168K) NonClass: 13010K(13248K)->13010K(13248K) Class: 1698K(1920K)->1698K(1920K)
[2025-12-24T12:04:49.157+0000][gc          ] GC(56) Pause Young (Normal) (G1 Evacuation Pause) 774M->172M(1024M) 16.043ms
[2025-12-24T12:04:49.158+0000][gc,cpu      ] GC(56) User=0.09s Sys=0.00s Real=0.02s
[2025-12-24T12:05:28.727+0000][gc,start    ] GC(57) Pause Young (Normal) (G1 Evacuation Pause)
[2025-12-24T12:05:28.729+0000][gc,task     ] GC(57) Using 8 workers of 8 for evacuation
[2025-12-24T12:05:28.740+0000][gc,phases   ] GC(57)   Pre Evacuate Collection Set: 3.4ms
[2025-12-24T12:05:28.740+0000][gc,phases   ] GC(57)   Merge Heap Roots: 0.2ms
[2025-12-24T12:05:28.740+0000][gc,phases   ] GC(57)   Evacuate Collection Set: 6.2ms
[2025-12-24T12:05:28.740+0000][gc,phases   ] GC(57)   Post Evacuate Collection Set: 1.0ms
[2025-12-24T12:05:28.740+0000][gc,phases   ] GC(57)   Other: 0.9ms
[2025-12-24T12:05:28.740+0000][gc,heap     ] GC(57) Eden regions: 603->0(607)
[2025-12-24T12:05:28.740+0000][gc,heap     ] GC(57) Survivor regions: 11->7(77)
[2025-12-24T12:05:28.740+0000][gc,heap     ] GC(57) Old regions: 31->31
[2025-12-24T12:05:28.740+0000][gc,heap     ] GC(57) Humongous regions: 131->131
[2025-12-24T12:05:28.740+0000][gc,metaspace] GC(57) Metaspace: 14711K(15168K)->14711K(15168K) NonClass: 13013K(13248K)->13013K(13248K) Class: 1698K(1920K)->1698K(1920K)
[2025-12-24T12:05:28.741+0000][gc          ] GC(57) Pause Young (Normal) (G1 Evacuation Pause) 775M->168M(1024M) 13.786ms
[2025-12-24T12:05:28.741+0000][gc,cpu      ] GC(57) User=0.05s Sys=0.00s Real=0.02s
[2025-12-24T12:05:58.951+0000][gc,start    ] GC(58) Pause Young (Normal) (G1 Evacuation Pause)
[2025-12-24T12:05:58.951+0000][gc,task     ] GC(58) Using 8 workers of 8 for evacuation
[2025-12-24T12:05:58.964+0000][gc,phases   ] GC(58)   Pre Evacuate Collection Set: 1.4ms
[2025-12-24T12:05:58.964+0000][gc,phases   ] GC(58)   Merge Heap Roots: 0.3ms
[2025-12-24T12:05:58.964+0000][gc,phases   ] GC(58)   Evacuate Collection Set: 10.2ms
[2025-12-24T12:05:58.964+0000][gc,phases   ] GC(58)   Post Evacuate Collection Set: 0.9ms
[2025-12-24T12:05:58.964+0000][gc,phases   ] GC(58)   Other: 0.2ms
[2025-12-24T12:05:58.964+0000][gc,heap     ] GC(58) Eden regions: 607->0(606)
[2025-12-24T12:05:58.964+0000][gc,heap     ] GC(58) Survivor regions: 7->8(77)
[2025-12-24T12:05:58.964+0000][gc,heap     ] GC(58) Old regions: 31->32
[2025-12-24T12:05:58.965+0000][gc,heap     ] GC(58) Humongous regions: 131->131
[2025-12-24T12:05:58.965+0000][gc,metaspace] GC(58) Metaspace: 14722K(15168K)->14722K(15168K) NonClass: 13024K(13248K)->13024K(13248K) Class: 1698K(1920K)->1698K(1920K)
[2025-12-24T12:05:58.965+0000][gc          ] GC(58) Pause Young (Normal) (G1 Evacuation Pause) 775M->170M(1024M) 14.114ms
[2025-12-24T12:05:58.965+0000][gc,cpu      ] GC(58) User=0.08s Sys=0.01s Real=0.01s
[2025-12-24T12:06:38.627+0000][gc,start    ] GC(59) Pause Young (Normal) (G1 Evacuation Pause)
[2025-12-24T12:06:38.628+0000][gc,task     ] GC(59) Using 8 workers of 8 for evacuation
[2025-12-24T12:06:38.643+0000][gc,phases   ] GC(59)   Pre Evacuate Collection Set: 1.1ms
[2025-12-24T12:06:38.643+0000][gc,phases   ] GC(59)   Merge Heap Roots: 0.3ms
[2025-12-24T12:06:38.643+0000][gc,phases   ] GC(59)   Evacuate Collection Set: 11.5ms
[2025-12-24T12:06:38.643+0000][gc,phases   ] GC(59)   Post Evacuate Collection Set: 1.2ms
[2025-12-24T12:06:38.643+0000][gc,phases   ] GC(59)   Other: 0.2ms
[2025-12-24T12:06:38.643+0000][gc,heap     ] GC(59) Eden regions: 606->0(607)
[2025-12-24T12:06:38.643+0000][gc,heap     ] GC(59) Survivor regions: 8->7(77)
[2025-12-24T12:06:38.643+0000][gc,heap     ] GC(59) Old regions: 32->32
[2025-12-24T12:06:38.643+0000][gc,heap     ] GC(59) Humongous regions: 131->131
[2025-12-24T12:06:38.643+0000][gc,metaspace] GC(59) Metaspace: 14771K(15168K)->14771K(15168K) NonClass: 13072K(13248K)->13072K(13248K) Class: 1698K(1920K)->1698K(1920K)
[2025-12-24T12:06:38.643+0000][gc          ] GC(59) Pause Young (Normal) (G1 Evacuation Pause) 776M->169M(1024M) 16.166ms
[2025-12-24T12:06:38.643+0000][gc,cpu      ] GC(59) User=0.10s Sys=0.00s Real=0.02s
[2025-12-24T12:07:08.831+0000][gc,start    ] GC(60) Pause Young (Normal) (G1 Evacuation Pause)
[2025-12-24T12:07:08.832+0000][gc,task     ] GC(60) Using 8 workers of 8 for evacuation
[2025-12-24T12:07:08.840+0000][gc,phases   ] GC(60)   Pre Evacuate Collection Set: 0.8ms
[2025-12-24T12:07:08.840+0000][gc,phases   ] GC(60)   Merge Heap Roots: 0.2ms
[2025-12-24T12:07:08.840+0000][gc,phases   ] GC(60)   Evacuate Collection Set: 6.2ms
[2025-12-24T12:07:08.841+0000][gc,phases   ] GC(60)   Post Evacuate Collection Set: 1.0ms
[2025-12-24T12:07:08.841+0000][gc,phases   ] GC(60)   Other: 0.2ms
[2025-12-24T12:07:08.841+0000][gc,heap     ] GC(60) Eden regions: 607->0(605)
[2025-12-24T12:07:08.841+0000][gc,heap     ] GC(60) Survivor regions: 7->9(77)
[2025-12-24T12:07:08.841+0000][gc,heap     ] GC(60) Old regions: 32->32
[2025-12-24T12:07:08.841+0000][gc,heap     ] GC(60) Humongous regions: 131->131
[2025-12-24T12:07:08.841+0000][gc,metaspace] GC(60) Metaspace: 14781K(15232K)->14781K(15232K) NonClass: 13083K(13312K)->13083K(13312K) Class: 1698K(1920K)->1698K(1920K)
[2025-12-24T12:07:08.841+0000][gc          ] GC(60) Pause Young (Normal) (G1 Evacuation Pause) 776M->171M(1024M) 9.645ms
[2025-12-24T12:07:08.841+0000][gc,cpu      ] GC(60) User=0.05s Sys=0.00s Real=0.01s
[2025-12-24T12:07:39.072+0000][gc,start    ] GC(61) Pause Young (Normal) (G1 Evacuation Pause)
[2025-12-24T12:07:39.072+0000][gc,task     ] GC(61) Using 8 workers of 8 for evacuation
[2025-12-24T12:07:39.085+0000][gc,phases   ] GC(61)   Pre Evacuate Collection Set: 2.1ms
[2025-12-24T12:07:39.085+0000][gc,phases   ] GC(61)   Merge Heap Roots: 0.5ms
[2025-12-24T12:07:39.085+0000][gc,phases   ] GC(61)   Evacuate Collection Set: 9.3ms
[2025-12-24T12:07:39.085+0000][gc,phases   ] GC(61)   Post Evacuate Collection Set: 0.8ms
[2025-12-24T12:07:39.085+0000][gc,phases   ] GC(61)   Other: 0.2ms
[2025-12-24T12:07:39.085+0000][gc,heap     ] GC(61) Eden regions: 605->0(603)
[2025-12-24T12:07:39.085+0000][gc,heap     ] GC(61) Survivor regions: 9->11(77)
[2025-12-24T12:07:39.085+0000][gc,heap     ] GC(61) Old regions: 32->33
[2025-12-24T12:07:39.085+0000][gc,heap     ] GC(61) Humongous regions: 131->131
[2025-12-24T12:07:39.085+0000][gc,metaspace] GC(61) Metaspace: 14781K(15232K)->14781K(15232K) NonClass: 13083K(13312K)->13083K(13312K) Class: 1698K(1920K)->1698K(1920K)
[2025-12-24T12:07:39.085+0000][gc          ] GC(61) Pause Young (Normal) (G1 Evacuation Pause) 776M->174M(1024M) 13.651ms
[2025-12-24T12:07:39.086+0000][gc,cpu      ] GC(61) User=0.07s Sys=0.00s Real=0.01s
[2025-12-24T12:08:18.761+0000][gc,start    ] GC(62) Pause Young (Normal) (G1 Evacuation Pause)
[2025-12-24T12:08:18.762+0000][gc,task     ] GC(62) Using 8 workers of 8 for evacuation
[2025-12-24T12:08:18.776+0000][gc,phases   ] GC(62)   Pre Evacuate Collection Set: 1.7ms
[2025-12-24T12:08:18.777+0000][gc,phases   ] GC(62)   Merge Heap Roots: 0.4ms
[2025-12-24T12:08:18.777+0000][gc,phases   ] GC(62)   Evacuate Collection Set: 11.2ms
[2025-12-24T12:08:18.777+0000][gc,phases   ] GC(62)   Post Evacuate Collection Set: 1.0ms
[2025-12-24T12:08:18.777+0000][gc,phases   ] GC(62)   Other: 0.2ms
[2025-12-24T12:08:18.777+0000][gc,heap     ] GC(62) Eden regions: 603->0(607)
[2025-12-24T12:08:18.777+0000][gc,heap     ] GC(62) Survivor regions: 11->7(77)
[2025-12-24T12:08:18.777+0000][gc,heap     ] GC(62) Old regions: 33->33
[2025-12-24T12:08:18.777+0000][gc,heap     ] GC(62) Humongous regions: 131->131
[2025-12-24T12:08:18.777+0000][gc,metaspace] GC(62) Metaspace: 14786K(15232K)->14786K(15232K) NonClass: 13087K(13312K)->13087K(13312K) Class: 1698K(1920K)->1698K(1920K)
[2025-12-24T12:08:18.777+0000][gc          ] GC(62) Pause Young (Normal) (G1 Evacuation Pause) 777M->170M(1024M) 15.793ms
[2025-12-24T12:08:18.777+0000][gc,cpu      ] GC(62) User=0.10s Sys=0.01s Real=0.01s
[2025-12-24T12:08:49.050+0000][gc,start    ] GC(63) Pause Young (Normal) (G1 Evacuation Pause)
[2025-12-24T12:08:49.050+0000][gc,task     ] GC(63) Using 8 workers of 8 for evacuation
[2025-12-24T12:08:49.063+0000][gc,phases   ] GC(63)   Pre Evacuate Collection Set: 1.2ms
[2025-12-24T12:08:49.063+0000][gc,phases   ] GC(63)   Merge Heap Roots: 0.2ms
[2025-12-24T12:08:49.063+0000][gc,phases   ] GC(63)   Evacuate Collection Set: 10.1ms
[2025-12-24T12:08:49.064+0000][gc,phases   ] GC(63)   Post Evacuate Collection Set: 1.4ms
[2025-12-24T12:08:49.064+0000][gc,phases   ] GC(63)   Other: 0.2ms
[2025-12-24T12:08:49.064+0000][gc,heap     ] GC(63) Eden regions: 607->0(606)
[2025-12-24T12:08:49.064+0000][gc,heap     ] GC(63) Survivor regions: 7->8(77)
[2025-12-24T12:08:49.065+0000][gc,heap     ] GC(63) Old regions: 33->33
[2025-12-24T12:08:49.065+0000][gc,heap     ] GC(63) Humongous regions: 131->131
[2025-12-24T12:08:49.065+0000][gc,metaspace] GC(63) Metaspace: 14814K(15232K)->14814K(15232K) NonClass: 13116K(13312K)->13116K(13312K) Class: 1698K(1920K)->1698K(1920K)
[2025-12-24T12:08:49.065+0000][gc          ] GC(63) Pause Young (Normal) (G1 Evacuation Pause) 777M->171M(1024M) 15.092ms
[2025-12-24T12:08:49.065+0000][gc,cpu      ] GC(63) User=0.06s Sys=0.01s Real=0.02s
[2025-12-24T12:09:28.662+0000][gc,start    ] GC(64) Pause Young (Normal) (G1 Evacuation Pause)
[2025-12-24T12:09:28.663+0000][gc,task     ] GC(64) Using 8 workers of 8 for evacuation
[2025-12-24T12:09:28.672+0000][gc,phases   ] GC(64)   Pre Evacuate Collection Set: 1.1ms
[2025-12-24T12:09:28.672+0000][gc,phases   ] GC(64)   Merge Heap Roots: 0.2ms
[2025-12-24T12:09:28.672+0000][gc,phases   ] GC(64)   Evacuate Collection Set: 7.0ms
[2025-12-24T12:09:28.672+0000][gc,phases   ] GC(64)   Post Evacuate Collection Set: 1.0ms
[2025-12-24T12:09:28.672+0000][gc,phases   ] GC(64)   Other: 0.2ms
[2025-12-24T12:09:28.672+0000][gc,heap     ] GC(64) Eden regions: 606->0(607)
[2025-12-24T12:09:28.673+0000][gc,heap     ] GC(64) Survivor regions: 8->7(77)
[2025-12-24T12:09:28.673+0000][gc,heap     ] GC(64) Old regions: 33->34
[2025-12-24T12:09:28.673+0000][gc,heap     ] GC(64) Humongous regions: 131->131
[2025-12-24T12:09:28.673+0000][gc,metaspace] GC(64) Metaspace: 14816K(15232K)->14816K(15232K) NonClass: 13118K(13312K)->13118K(13312K) Class: 1698K(1920K)->1698K(1920K)
[2025-12-24T12:09:28.673+0000][gc          ] GC(64) Pause Young (Normal) (G1 Evacuation Pause) 777M->171M(1024M) 10.505ms
[2025-12-24T12:09:28.673+0000][gc,cpu      ] GC(64) User=0.06s Sys=0.00s Real=0.01s
[2025-12-24T12:09:58.847+0000][gc,start    ] GC(65) Pause Young (Normal) (G1 Evacuation Pause)
[2025-12-24T12:09:58.847+0000][gc,task     ] GC(65) Using 8 workers of 8 for evacuation
[2025-12-24T12:09:58.863+0000][gc,phases   ] GC(65)   Pre Evacuate Collection Set: 1.0ms
[2025-12-24T12:09:58.863+0000][gc,phases   ] GC(65)   Merge Heap Roots: 0.2ms
[2025-12-24T12:09:58.863+0000][gc,phases   ] GC(65)   Evacuate Collection Set: 13.5ms
[2025-12-24T12:09:58.863+0000][gc,phases   ] GC(65)   Post Evacuate Collection Set: 1.0ms
[2025-12-24T12:09:58.863+0000][gc,phases   ] GC(65)   Other: 0.2ms
[2025-12-24T12:09:58.863+0000][gc,heap     ] GC(65) Eden regions: 607->0(605)
[2025-12-24T12:09:58.863+0000][gc,heap     ] GC(65) Survivor regions: 7->9(77)
[2025-12-24T12:09:58.864+0000][gc,heap     ] GC(65) Old regions: 34->34
[2025-12-24T12:09:58.864+0000][gc,heap     ] GC(65) Humongous regions: 131->131
[2025-12-24T12:09:58.864+0000][gc,metaspace] GC(65) Metaspace: 14819K(15232K)->14819K(15232K) NonClass: 13120K(13312K)->13120K(13312K) Class: 1698K(1920K)->1698K(1920K)
[2025-12-24T12:09:58.864+0000][gc          ] GC(65) Pause Young (Normal) (G1 Evacuation Pause) 778M->173M(1024M) 17.037ms
[2025-12-24T12:09:58.864+0000][gc,cpu      ] GC(65) User=0.10s Sys=0.00s Real=0.02s
[2025-12-24T12:10:29.093+0000][gc,start    ] GC(66) Pause Young (Normal) (G1 Evacuation Pause)
[2025-12-24T12:10:29.094+0000][gc,task     ] GC(66) Using 8 workers of 8 for evacuation
[2025-12-24T12:10:29.105+0000][gc,phases   ] GC(66)   Pre Evacuate Collection Set: 0.9ms
[2025-12-24T12:10:29.105+0000][gc,phases   ] GC(66)   Merge Heap Roots: 0.2ms
[2025-12-24T12:10:29.105+0000][gc,phases   ] GC(66)   Evacuate Collection Set: 9.4ms
[2025-12-24T12:10:29.106+0000][gc,phases   ] GC(66)   Post Evacuate Collection Set: 1.0ms
[2025-12-24T12:10:29.106+0000][gc,phases   ] GC(66)   Other: 0.2ms
[2025-12-24T12:10:29.106+0000][gc,heap     ] GC(66) Eden regions: 605->0(603)
[2025-12-24T12:10:29.106+0000][gc,heap     ] GC(66) Survivor regions: 9->11(77)
[2025-12-24T12:10:29.106+0000][gc,heap     ] GC(66) Old regions: 34->34
[2025-12-24T12:10:29.106+0000][gc,heap     ] GC(66) Humongous regions: 131->131
[2025-12-24T12:10:29.106+0000][gc,metaspace] GC(66) Metaspace: 14825K(15232K)->14825K(15232K) NonClass: 13126K(13312K)->13126K(13312K) Class: 1698K(1920K)->1698K(1920K)
[2025-12-24T12:10:29.106+0000][gc          ] GC(66) Pause Young (Normal) (G1 Evacuation Pause) 778M->175M(1024M) 12.930ms
[2025-12-24T12:10:29.106+0000][gc,cpu      ] GC(66) User=0.08s Sys=0.01s Real=0.01s
[2025-12-24T12:11:08.761+0000][gc,start    ] GC(67) Pause Young (Normal) (G1 Evacuation Pause)
[2025-12-24T12:11:08.762+0000][gc,task     ] GC(67) Using 8 workers of 8 for evacuation
[2025-12-24T12:11:08.771+0000][gc,phases   ] GC(67)   Pre Evacuate Collection Set: 1.0ms
[2025-12-24T12:11:08.771+0000][gc,phases   ] GC(67)   Merge Heap Roots: 0.2ms
[2025-12-24T12:11:08.771+0000][gc,phases   ] GC(67)   Evacuate Collection Set: 7.2ms
[2025-12-24T12:11:08.772+0000][gc,phases   ] GC(67)   Post Evacuate Collection Set: 1.1ms
[2025-12-24T12:11:08.772+0000][gc,phases   ] GC(67)   Other: 0.2ms
[2025-12-24T12:11:08.772+0000][gc,heap     ] GC(67) Eden regions: 603->0(607)
[2025-12-24T12:11:08.772+0000][gc,heap     ] GC(67) Survivor regions: 11->7(77)
[2025-12-24T12:11:08.772+0000][gc,heap     ] GC(67) Old regions: 34->35
[2025-12-24T12:11:08.772+0000][gc,heap     ] GC(67) Humongous regions: 131->131
[2025-12-24T12:11:08.772+0000][gc,metaspace] GC(67) Metaspace: 14835K(15232K)->14835K(15232K) NonClass: 13136K(13312K)->13136K(13312K) Class: 1698K(1920K)->1698K(1920K)
[2025-12-24T12:11:08.772+0000][gc          ] GC(67) Pause Young (Normal) (G1 Evacuation Pause) 778M->171M(1024M) 10.879ms
[2025-12-24T12:11:08.772+0000][gc,cpu      ] GC(67) User=0.05s Sys=0.01s Real=0.01s
[2025-12-24T12:11:39.028+0000][gc,start    ] GC(68) Pause Young (Normal) (G1 Evacuation Pause)
[2025-12-24T12:11:39.030+0000][gc,task     ] GC(68) Using 8 workers of 8 for evacuation
[2025-12-24T12:11:39.040+0000][gc,phases   ] GC(68)   Pre Evacuate Collection Set: 1.1ms
[2025-12-24T12:11:39.040+0000][gc,phases   ] GC(68)   Merge Heap Roots: 0.2ms
[2025-12-24T12:11:39.040+0000][gc,phases   ] GC(68)   Evacuate Collection Set: 7.7ms
[2025-12-24T12:11:39.040+0000][gc,phases   ] GC(68)   Post Evacuate Collection Set: 1.1ms
[2025-12-24T12:11:39.040+0000][gc,phases   ] GC(68)   Other: 0.3ms
[2025-12-24T12:11:39.041+0000][gc,heap     ] GC(68) Eden regions: 607->0(606)
[2025-12-24T12:11:39.041+0000][gc,heap     ] GC(68) Survivor regions: 7->8(77)
[2025-12-24T12:11:39.041+0000][gc,heap     ] GC(68) Old regions: 35->35
[2025-12-24T12:11:39.041+0000][gc,heap     ] GC(68) Humongous regions: 131->131
[2025-12-24T12:11:39.041+0000][gc,metaspace] GC(68) Metaspace: 14835K(15232K)->14835K(15232K) NonClass: 13136K(13312K)->13136K(13312K) Class: 1698K(1920K)->1698K(1920K)
[2025-12-24T12:11:39.041+0000][gc          ] GC(68) Pause Young (Normal) (G1 Evacuation Pause) 778M->173M(1024M) 12.421ms
[2025-12-24T12:11:39.041+0000][gc,cpu      ] GC(68) User=0.06s Sys=0.00s Real=0.01s
[2025-12-24T12:12:18.654+0000][gc,start    ] GC(69) Pause Young (Normal) (G1 Evacuation Pause)
[2025-12-24T12:12:18.655+0000][gc,task     ] GC(69) Using 8 workers of 8 for evacuation
[2025-12-24T12:12:18.665+0000][gc,phases   ] GC(69)   Pre Evacuate Collection Set: 1.1ms
[2025-12-24T12:12:18.665+0000][gc,phases   ] GC(69)   Merge Heap Roots: 0.2ms
[2025-12-24T12:12:18.665+0000][gc,phases   ] GC(69)   Evacuate Collection Set: 7.2ms
[2025-12-24T12:12:18.665+0000][gc,phases   ] GC(69)   Post Evacuate Collection Set: 1.1ms
[2025-12-24T12:12:18.665+0000][gc,phases   ] GC(69)   Other: 0.2ms
[2025-12-24T12:12:18.665+0000][gc,heap     ] GC(69) Eden regions: 606->0(606)
[2025-12-24T12:12:18.665+0000][gc,heap     ] GC(69) Survivor regions: 8->8(77)
[2025-12-24T12:12:18.665+0000][gc,heap     ] GC(69) Old regions: 35->35
[2025-12-24T12:12:18.665+0000][gc,heap     ] GC(69) Humongous regions: 131->131
[2025-12-24T12:12:18.665+0000][gc,metaspace] GC(69) Metaspace: 14842K(15296K)->14842K(15296K) NonClass: 13143K(13376K)->13143K(13376K) Class: 1698K(1920K)->1698K(1920K)
[2025-12-24T12:12:18.665+0000][gc          ] GC(69) Pause Young (Normal) (G1 Evacuation Pause) 779M->173M(1024M) 11.220ms
[2025-12-24T12:12:18.665+0000][gc,cpu      ] GC(69) User=0.06s Sys=0.00s Real=0.02s
[2025-12-24T12:12:48.888+0000][gc,start    ] GC(70) Pause Young (Normal) (G1 Evacuation Pause)
[2025-12-24T12:12:48.889+0000][gc,task     ] GC(70) Using 8 workers of 8 for evacuation
[2025-12-24T12:12:48.908+0000][gc,phases   ] GC(70)   Pre Evacuate Collection Set: 0.9ms
[2025-12-24T12:12:48.908+0000][gc,phases   ] GC(70)   Merge Heap Roots: 0.2ms
[2025-12-24T12:12:48.908+0000][gc,phases   ] GC(70)   Evacuate Collection Set: 16.8ms
[2025-12-24T12:12:48.908+0000][gc,phases   ] GC(70)   Post Evacuate Collection Set: 1.0ms
[2025-12-24T12:12:48.908+0000][gc,phases   ] GC(70)   Other: 0.2ms
[2025-12-24T12:12:48.908+0000][gc,heap     ] GC(70) Eden regions: 606->0(604)
[2025-12-24T12:12:48.908+0000][gc,heap     ] GC(70) Survivor regions: 8->10(77)
[2025-12-24T12:12:48.908+0000][gc,heap     ] GC(70) Old regions: 35->36
[2025-12-24T12:12:48.909+0000][gc,heap     ] GC(70) Humongous regions: 131->131
[2025-12-24T12:12:48.909+0000][gc,metaspace] GC(70) Metaspace: 14845K(15296K)->14845K(15296K) NonClass: 13147K(13376K)->13147K(13376K) Class: 1698K(1920K)->1698K(1920K)
[2025-12-24T12:12:48.909+0000][gc          ] GC(70) Pause Young (Normal) (G1 Evacuation Pause) 779M->175M(1024M) 20.185ms
[2025-12-24T12:12:48.909+0000][gc,cpu      ] GC(70) User=0.13s Sys=0.00s Real=0.02s
[2025-12-24T12:13:19.118+0000][gc,start    ] GC(71) Pause Young (Normal) (G1 Evacuation Pause)
[2025-12-24T12:13:19.118+0000][gc,task     ] GC(71) Using 8 workers of 8 for evacuation
[2025-12-24T12:13:19.136+0000][gc,phases   ] GC(71)   Pre Evacuate Collection Set: 1.0ms
[2025-12-24T12:13:19.136+0000][gc,phases   ] GC(71)   Merge Heap Roots: 0.2ms
[2025-12-24T12:13:19.136+0000][gc,phases   ] GC(71)   Evacuate Collection Set: 14.5ms
[2025-12-24T12:13:19.136+0000][gc,phases   ] GC(71)   Post Evacuate Collection Set: 1.2ms
[2025-12-24T12:13:19.136+0000][gc,phases   ] GC(71)   Other: 0.3ms
[2025-12-24T12:13:19.136+0000][gc,heap     ] GC(71) Eden regions: 604->0(603)
[2025-12-24T12:13:19.136+0000][gc,heap     ] GC(71) Survivor regions: 10->11(77)
[2025-12-24T12:13:19.136+0000][gc,heap     ] GC(71) Old regions: 36->36
[2025-12-24T12:13:19.136+0000][gc,heap     ] GC(71) Humongous regions: 131->131
[2025-12-24T12:13:19.136+0000][gc,metaspace] GC(71) Metaspace: 14854K(15296K)->14854K(15296K) NonClass: 13155K(13376K)->13155K(13376K) Class: 1698K(1920K)->1698K(1920K)
[2025-12-24T12:13:19.136+0000][gc          ] GC(71) Pause Young (Normal) (G1 Evacuation Pause) 779M->177M(1024M) 18.607ms
[2025-12-24T12:13:19.136+0000][gc,cpu      ] GC(71) User=0.12s Sys=0.00s Real=0.02s
[2025-12-24T12:13:58.749+0000][gc,start    ] GC(72) Pause Young (Normal) (G1 Evacuation Pause)
[2025-12-24T12:13:58.750+0000][gc,task     ] GC(72) Using 8 workers of 8 for evacuation
[2025-12-24T12:13:58.759+0000][gc,phases   ] GC(72)   Pre Evacuate Collection Set: 1.2ms
[2025-12-24T12:13:58.759+0000][gc,phases   ] GC(72)   Merge Heap Roots: 0.2ms
[2025-12-24T12:13:58.759+0000][gc,phases   ] GC(72)   Evacuate Collection Set: 6.1ms
[2025-12-24T12:13:58.759+0000][gc,phases   ] GC(72)   Post Evacuate Collection Set: 1.1ms
[2025-12-24T12:13:58.759+0000][gc,phases   ] GC(72)   Other: 0.2ms
[2025-12-24T12:13:58.759+0000][gc,heap     ] GC(72) Eden regions: 603->0(607)
[2025-12-24T12:13:58.759+0000][gc,heap     ] GC(72) Survivor regions: 11->7(77)
[2025-12-24T12:13:58.759+0000][gc,heap     ] GC(72) Old regions: 36->36
[2025-12-24T12:13:58.759+0000][gc,heap     ] GC(72) Humongous regions: 131->131
[2025-12-24T12:13:58.759+0000][gc,metaspace] GC(72) Metaspace: 14858K(15296K)->14858K(15296K) NonClass: 13159K(13376K)->13159K(13376K) Class: 1698K(1920K)->1698K(1920K)
[2025-12-24T12:13:58.759+0000][gc          ] GC(72) Pause Young (Normal) (G1 Evacuation Pause) 780M->173M(1024M) 10.530ms
[2025-12-24T12:13:58.759+0000][gc,cpu      ] GC(72) User=0.05s Sys=0.00s Real=0.01s
[2025-12-24T12:14:28.980+0000][gc,start    ] GC(73) Pause Young (Normal) (G1 Evacuation Pause)
[2025-12-24T12:14:28.981+0000][gc,task     ] GC(73) Using 8 workers of 8 for evacuation
[2025-12-24T12:14:28.995+0000][gc,phases   ] GC(73)   Pre Evacuate Collection Set: 0.9ms
[2025-12-24T12:14:28.996+0000][gc,phases   ] GC(73)   Merge Heap Roots: 0.3ms
[2025-12-24T12:14:28.996+0000][gc,phases   ] GC(73)   Evacuate Collection Set: 12.4ms
[2025-12-24T12:14:28.996+0000][gc,phases   ] GC(73)   Post Evacuate Collection Set: 1.0ms
[2025-12-24T12:14:28.996+0000][gc,phases   ] GC(73)   Other: 0.3ms
[2025-12-24T12:14:28.996+0000][gc,heap     ] GC(73) Eden regions: 607->0(605)
[2025-12-24T12:14:28.996+0000][gc,heap     ] GC(73) Survivor regions: 7->9(77)
[2025-12-24T12:14:28.996+0000][gc,heap     ] GC(73) Old regions: 36->37
[2025-12-24T12:14:28.996+0000][gc,heap     ] GC(73) Humongous regions: 131->131
[2025-12-24T12:14:28.996+0000][gc,metaspace] GC(73) Metaspace: 14859K(15296K)->14859K(15296K) NonClass: 13160K(13376K)->13160K(13376K) Class: 1698K(1920K)->1698K(1920K)
[2025-12-24T12:14:28.996+0000][gc          ] GC(73) Pause Young (Normal) (G1 Evacuation Pause) 780M->175M(1024M) 16.038ms
[2025-12-24T12:14:28.996+0000][gc,cpu      ] GC(73) User=0.08s Sys=0.01s Real=0.02s
[2025-12-24T12:15:08.650+0000][gc,start    ] GC(74) Pause Young (Normal) (G1 Evacuation Pause)
[2025-12-24T12:15:08.650+0000][gc,task     ] GC(74) Using 8 workers of 8 for evacuation
[2025-12-24T12:15:08.658+0000][gc,phases   ] GC(74)   Pre Evacuate Collection Set: 1.1ms
[2025-12-24T12:15:08.658+0000][gc,phases   ] GC(74)   Merge Heap Roots: 0.2ms
[2025-12-24T12:15:08.659+0000][gc,phases   ] GC(74)   Evacuate Collection Set: 5.8ms
[2025-12-24T12:15:08.659+0000][gc,phases   ] GC(74)   Post Evacuate Collection Set: 0.9ms
[2025-12-24T12:15:08.659+0000][gc,phases   ] GC(74)   Other: 0.2ms
[2025-12-24T12:15:08.659+0000][gc,heap     ] GC(74) Eden regions: 605->0(606)
[2025-12-24T12:15:08.659+0000][gc,heap     ] GC(74) Survivor regions: 9->8(77)
[2025-12-24T12:15:08.659+0000][gc,heap     ] GC(74) Old regions: 37->37
[2025-12-24T12:15:08.659+0000][gc,heap     ] GC(74) Humongous regions: 131->131
[2025-12-24T12:15:08.659+0000][gc,metaspace] GC(74) Metaspace: 14863K(15296K)->14863K(15296K) NonClass: 13164K(13376K)->13164K(13376K) Class: 1698K(1920K)->1698K(1920K)
[2025-12-24T12:15:08.659+0000][gc          ] GC(74) Pause Young (Normal) (G1 Evacuation Pause) 780M->174M(1024M) 9.303ms
[2025-12-24T12:15:08.659+0000][gc,cpu      ] GC(74) User=0.05s Sys=0.00s Real=0.01s
[2025-12-24T12:15:38.915+0000][gc,start    ] GC(75) Pause Young (Normal) (G1 Evacuation Pause)
[2025-12-24T12:15:38.916+0000][gc,task     ] GC(75) Using 8 workers of 8 for evacuation
[2025-12-24T12:15:38.930+0000][gc,phases   ] GC(75)   Pre Evacuate Collection Set: 0.9ms
[2025-12-24T12:15:38.930+0000][gc,phases   ] GC(75)   Merge Heap Roots: 0.3ms
[2025-12-24T12:15:38.930+0000][gc,phases   ] GC(75)   Evacuate Collection Set: 11.4ms
[2025-12-24T12:15:38.931+0000][gc,phases   ] GC(75)   Post Evacuate Collection Set: 1.6ms
[2025-12-24T12:15:38.931+0000][gc,phases   ] GC(75)   Other: 0.3ms
[2025-12-24T12:15:38.931+0000][gc,heap     ] GC(75) Eden regions: 606->0(605)
[2025-12-24T12:15:38.931+0000][gc,heap     ] GC(75) Survivor regions: 8->9(77)
[2025-12-24T12:15:38.931+0000][gc,heap     ] GC(75) Old regions: 37->37
[2025-12-24T12:15:38.931+0000][gc,heap     ] GC(75) Humongous regions: 131->131
[2025-12-24T12:15:38.931+0000][gc,metaspace] GC(75) Metaspace: 14864K(15296K)->14864K(15296K) NonClass: 13166K(13376K)->13166K(13376K) Class: 1698K(1920K)->1698K(1920K)
[2025-12-24T12:15:38.931+0000][gc          ] GC(75) Pause Young (Normal) (G1 Evacuation Pause) 780M->176M(1024M) 16.157ms
[2025-12-24T12:15:38.931+0000][gc,cpu      ] GC(75) User=0.10s Sys=0.01s Real=0.02s
[2025-12-24T12:16:09.070+0000][gc,start    ] GC(76) Pause Young (Normal) (G1 Evacuation Pause)
[2025-12-24T12:16:09.071+0000][gc,task     ] GC(76) Using 8 workers of 8 for evacuation
[2025-12-24T12:16:09.080+0000][gc,phases   ] GC(76)   Pre Evacuate Collection Set: 1.0ms
[2025-12-24T12:16:09.080+0000][gc,phases   ] GC(76)   Merge Heap Roots: 0.2ms
[2025-12-24T12:16:09.080+0000][gc,phases   ] GC(76)   Evacuate Collection Set: 7.1ms
[2025-12-24T12:16:09.080+0000][gc,phases   ] GC(76)   Post Evacuate Collection Set: 0.9ms
[2025-12-24T12:16:09.080+0000][gc,phases   ] GC(76)   Other: 0.2ms
[2025-12-24T12:16:09.080+0000][gc,heap     ] GC(76) Eden regions: 605->0(603)
[2025-12-24T12:16:09.081+0000][gc,heap     ] GC(76) Survivor regions: 9->11(77)
[2025-12-24T12:16:09.081+0000][gc,heap     ] GC(76) Old regions: 37->38
[2025-12-24T12:16:09.081+0000][gc,heap     ] GC(76) Humongous regions: 131->131
[2025-12-24T12:16:09.081+0000][gc,metaspace] GC(76) Metaspace: 14879K(15296K)->14879K(15296K) NonClass: 13180K(13376K)->13180K(13376K) Class: 1698K(1920K)->1698K(1920K)
[2025-12-24T12:16:09.081+0000][gc          ] GC(76) Pause Young (Normal) (G1 Evacuation Pause) 781M->178M(1024M) 10.508ms
[2025-12-24T12:16:09.081+0000][gc,cpu      ] GC(76) User=0.07s Sys=0.00s Real=0.01s
[2025-12-24T12:16:48.778+0000][gc,start    ] GC(77) Pause Young (Normal) (G1 Evacuation Pause)
[2025-12-24T12:16:48.779+0000][gc,task     ] GC(77) Using 8 workers of 8 for evacuation
[2025-12-24T12:16:48.795+0000][gc,phases   ] GC(77)   Pre Evacuate Collection Set: 2.8ms
[2025-12-24T12:16:48.795+0000][gc,phases   ] GC(77)   Merge Heap Roots: 0.5ms
[2025-12-24T12:16:48.795+0000][gc,phases   ] GC(77)   Evacuate Collection Set: 10.9ms
[2025-12-24T12:16:48.795+0000][gc,phases   ] GC(77)   Post Evacuate Collection Set: 1.1ms
[2025-12-24T12:16:48.795+0000][gc,phases   ] GC(77)   Other: 0.5ms
[2025-12-24T12:16:48.795+0000][gc,heap     ] GC(77) Eden regions: 603->0(607)
[2025-12-24T12:16:48.795+0000][gc,heap     ] GC(77) Survivor regions: 11->7(77)
[2025-12-24T12:16:48.795+0000][gc,heap     ] GC(77) Old regions: 38->38
[2025-12-24T12:16:48.795+0000][gc,heap     ] GC(77) Humongous regions: 131->131
[2025-12-24T12:16:48.795+0000][gc,metaspace] GC(77) Metaspace: 14890K(15296K)->14890K(15296K) NonClass: 13191K(13376K)->13191K(13376K) Class: 1698K(1920K)->1698K(1920K)
[2025-12-24T12:16:48.795+0000][gc          ] GC(77) Pause Young (Normal) (G1 Evacuation Pause) 781M->175M(1024M) 16.920ms
[2025-12-24T12:16:48.795+0000][gc,cpu      ] GC(77) User=0.11s Sys=0.00s Real=0.02s
[2025-12-24T12:17:19.012+0000][gc,start    ] GC(78) Pause Young (Normal) (G1 Evacuation Pause)
[2025-12-24T12:17:19.012+0000][gc,task     ] GC(78) Using 8 workers of 8 for evacuation
[2025-12-24T12:17:19.027+0000][gc,phases   ] GC(78)   Pre Evacuate Collection Set: 1.3ms
[2025-12-24T12:17:19.027+0000][gc,phases   ] GC(78)   Merge Heap Roots: 0.4ms
[2025-12-24T12:17:19.027+0000][gc,phases   ] GC(78)   Evacuate Collection Set: 11.5ms
[2025-12-24T12:17:19.027+0000][gc,phases   ] GC(78)   Post Evacuate Collection Set: 1.1ms
[2025-12-24T12:17:19.027+0000][gc,phases   ] GC(78)   Other: 0.4ms
[2025-12-24T12:17:19.027+0000][gc,heap     ] GC(78) Eden regions: 607->0(606)
[2025-12-24T12:17:19.027+0000][gc,heap     ] GC(78) Survivor regions: 7->8(77)
[2025-12-24T12:17:19.028+0000][gc,heap     ] GC(78) Old regions: 38->38
[2025-12-24T12:17:19.028+0000][gc,heap     ] GC(78) Humongous regions: 131->131
[2025-12-24T12:17:19.028+0000][gc,metaspace] GC(78) Metaspace: 15068K(15488K)->15068K(15488K) NonClass: 13369K(13568K)->13369K(13568K) Class: 1698K(1920K)->1698K(1920K)
[2025-12-24T12:17:19.028+0000][gc          ] GC(78) Pause Young (Normal) (G1 Evacuation Pause) 782M->176M(1024M) 15.959ms
[2025-12-24T12:17:19.028+0000][gc,cpu      ] GC(78) User=0.10s Sys=0.00s Real=0.02s
[2025-12-24T12:17:58.631+0000][gc,start    ] GC(79) Pause Young (Normal) (G1 Evacuation Pause)
[2025-12-24T12:17:58.632+0000][gc,task     ] GC(79) Using 8 workers of 8 for evacuation
[2025-12-24T12:17:58.647+0000][gc,phases   ] GC(79)   Pre Evacuate Collection Set: 2.9ms
[2025-12-24T12:17:58.647+0000][gc,phases   ] GC(79)   Merge Heap Roots: 0.2ms
[2025-12-24T12:17:58.647+0000][gc,phases   ] GC(79)   Evacuate Collection Set: 11.2ms
[2025-12-24T12:17:58.648+0000][gc,phases   ] GC(79)   Post Evacuate Collection Set: 1.0ms
[2025-12-24T12:17:58.648+0000][gc,phases   ] GC(79)   Other: 0.4ms
[2025-12-24T12:17:58.648+0000][gc,heap     ] GC(79) Eden regions: 606->0(606)
[2025-12-24T12:17:58.648+0000][gc,heap     ] GC(79) Survivor regions: 8->8(77)
[2025-12-24T12:17:58.648+0000][gc,heap     ] GC(79) Old regions: 38->39
[2025-12-24T12:17:58.648+0000][gc,heap     ] GC(79) Humongous regions: 131->131
[2025-12-24T12:17:58.648+0000][gc,metaspace] GC(79) Metaspace: 15071K(15488K)->15071K(15488K) NonClass: 13372K(13568K)->13372K(13568K) Class: 1698K(1920K)->1698K(1920K)
[2025-12-24T12:17:58.648+0000][gc          ] GC(79) Pause Young (Normal) (G1 Evacuation Pause) 782M->176M(1024M) 17.157ms
[2025-12-24T12:17:58.648+0000][gc,cpu      ] GC(79) User=0.10s Sys=0.01s Real=0.02s
[2025-12-24T12:18:28.832+0000][gc,start    ] GC(80) Pause Young (Normal) (G1 Evacuation Pause)
[2025-12-24T12:18:28.833+0000][gc,task     ] GC(80) Using 8 workers of 8 for evacuation
[2025-12-24T12:18:28.845+0000][gc,phases   ] GC(80)   Pre Evacuate Collection Set: 1.1ms
[2025-12-24T12:18:28.845+0000][gc,phases   ] GC(80)   Merge Heap Roots: 0.3ms
[2025-12-24T12:18:28.845+0000][gc,phases   ] GC(80)   Evacuate Collection Set: 9.0ms
[2025-12-24T12:18:28.845+0000][gc,phases   ] GC(80)   Post Evacuate Collection Set: 1.1ms
[2025-12-24T12:18:28.845+0000][gc,phases   ] GC(80)   Other: 0.2ms
[2025-12-24T12:18:28.845+0000][gc,heap     ] GC(80) Eden regions: 606->0(605)
[2025-12-24T12:18:28.845+0000][gc,heap     ] GC(80) Survivor regions: 8->9(77)
[2025-12-24T12:18:28.845+0000][gc,heap     ] GC(80) Old regions: 39->39
[2025-12-24T12:18:28.845+0000][gc,heap     ] GC(80) Humongous regions: 131->131
[2025-12-24T12:18:28.845+0000][gc,metaspace] GC(80) Metaspace: 15076K(15488K)->15076K(15488K) NonClass: 13377K(13568K)->13377K(13568K) Class: 1698K(1920K)->1698K(1920K)
[2025-12-24T12:18:28.845+0000][gc          ] GC(80) Pause Young (Normal) (G1 Evacuation Pause) 782M->178M(1024M) 13.460ms
[2025-12-24T12:18:28.845+0000][gc,cpu      ] GC(80) User=0.08s Sys=0.00s Real=0.01s
[2025-12-24T12:18:59.115+0000][gc,start    ] GC(81) Pause Young (Normal) (G1 Evacuation Pause)
[2025-12-24T12:18:59.115+0000][gc,task     ] GC(81) Using 8 workers of 8 for evacuation
[2025-12-24T12:18:59.128+0000][gc,phases   ] GC(81)   Pre Evacuate Collection Set: 1.0ms
[2025-12-24T12:18:59.128+0000][gc,phases   ] GC(81)   Merge Heap Roots: 0.3ms
[2025-12-24T12:18:59.128+0000][gc,phases   ] GC(81)   Evacuate Collection Set: 9.8ms
[2025-12-24T12:18:59.128+0000][gc,phases   ] GC(81)   Post Evacuate Collection Set: 1.1ms
[2025-12-24T12:18:59.128+0000][gc,phases   ] GC(81)   Other: 0.3ms
[2025-12-24T12:18:59.128+0000][gc,heap     ] GC(81) Eden regions: 605->0(603)
[2025-12-24T12:18:59.128+0000][gc,heap     ] GC(81) Survivor regions: 9->11(77)
[2025-12-24T12:18:59.128+0000][gc,heap     ] GC(81) Old regions: 39->39
[2025-12-24T12:18:59.128+0000][gc,heap     ] GC(81) Humongous regions: 131->131
[2025-12-24T12:18:59.128+0000][gc,metaspace] GC(81) Metaspace: 15076K(15488K)->15076K(15488K) NonClass: 13377K(13568K)->13377K(13568K) Class: 1698K(1920K)->1698K(1920K)
[2025-12-24T12:18:59.128+0000][gc          ] GC(81) Pause Young (Normal) (G1 Evacuation Pause) 783M->180M(1024M) 13.767ms
[2025-12-24T12:18:59.128+0000][gc,cpu      ] GC(81) User=0.08s Sys=0.00s Real=0.01s
[2025-12-24T12:19:38.727+0000][gc,start    ] GC(82) Pause Young (Normal) (G1 Evacuation Pause)
[2025-12-24T12:19:38.727+0000][gc,task     ] GC(82) Using 8 workers of 8 for evacuation
[2025-12-24T12:19:38.737+0000][gc,phases   ] GC(82)   Pre Evacuate Collection Set: 1.2ms
[2025-12-24T12:19:38.738+0000][gc,phases   ] GC(82)   Merge Heap Roots: 0.3ms
[2025-12-24T12:19:38.738+0000][gc,phases   ] GC(82)   Evacuate Collection Set: 7.3ms
[2025-12-24T12:19:38.738+0000][gc,phases   ] GC(82)   Post Evacuate Collection Set: 1.2ms
[2025-12-24T12:19:38.738+0000][gc,phases   ] GC(82)   Other: 0.3ms
[2025-12-24T12:19:38.738+0000][gc,heap     ] GC(82) Eden regions: 603->0(607)
[2025-12-24T12:19:38.738+0000][gc,heap     ] GC(82) Survivor regions: 11->7(77)
[2025-12-24T12:19:38.738+0000][gc,heap     ] GC(82) Old regions: 39->40
[2025-12-24T12:19:38.738+0000][gc,heap     ] GC(82) Humongous regions: 131->131
[2025-12-24T12:19:38.738+0000][gc,metaspace] GC(82) Metaspace: 15078K(15488K)->15078K(15488K) NonClass: 13379K(13568K)->13379K(13568K) Class: 1698K(1920K)->1698K(1920K)
[2025-12-24T12:19:38.738+0000][gc          ] GC(82) Pause Young (Normal) (G1 Evacuation Pause) 783M->177M(1024M) 11.560ms
[2025-12-24T12:19:38.738+0000][gc,cpu      ] GC(82) User=0.07s Sys=0.00s Real=0.02s
[2025-12-24T12:20:08.962+0000][gc,start    ] GC(83) Pause Young (Normal) (G1 Evacuation Pause)
[2025-12-24T12:20:08.962+0000][gc,task     ] GC(83) Using 8 workers of 8 for evacuation
[2025-12-24T12:20:08.976+0000][gc,phases   ] GC(83)   Pre Evacuate Collection Set: 2.7ms
[2025-12-24T12:20:08.976+0000][gc,phases   ] GC(83)   Merge Heap Roots: 0.3ms
[2025-12-24T12:20:08.976+0000][gc,phases   ] GC(83)   Evacuate Collection Set: 8.9ms
[2025-12-24T12:20:08.976+0000][gc,phases   ] GC(83)   Post Evacuate Collection Set: 1.2ms
[2025-12-24T12:20:08.976+0000][gc,phases   ] GC(83)   Other: 0.3ms
[2025-12-24T12:20:08.976+0000][gc,heap     ] GC(83) Eden regions: 607->0(605)
[2025-12-24T12:20:08.976+0000][gc,heap     ] GC(83) Survivor regions: 7->9(77)
[2025-12-24T12:20:08.976+0000][gc,heap     ] GC(83) Old regions: 40->40
[2025-12-24T12:20:08.976+0000][gc,heap     ] GC(83) Humongous regions: 131->131
[2025-12-24T12:20:08.976+0000][gc,metaspace] GC(83) Metaspace: 15078K(15488K)->15078K(15488K) NonClass: 13379K(13568K)->13379K(13568K) Class: 1698K(1920K)->1698K(1920K)
[2025-12-24T12:20:08.977+0000][gc          ] GC(83) Pause Young (Normal) (G1 Evacuation Pause) 784M->178M(1024M) 14.808ms
[2025-12-24T12:20:08.977+0000][gc,cpu      ] GC(83) User=0.09s Sys=0.00s Real=0.01s
[2025-12-24T12:20:48.620+0000][gc,start    ] GC(84) Pause Young (Normal) (G1 Evacuation Pause)
[2025-12-24T12:20:48.620+0000][gc,task     ] GC(84) Using 8 workers of 8 for evacuation
[2025-12-24T12:20:48.637+0000][gc,phases   ] GC(84)   Pre Evacuate Collection Set: 1.3ms
[2025-12-24T12:20:48.637+0000][gc,phases   ] GC(84)   Merge Heap Roots: 0.3ms
[2025-12-24T12:20:48.637+0000][gc,phases   ] GC(84)   Evacuate Collection Set: 14.0ms
[2025-12-24T12:20:48.638+0000][gc,phases   ] GC(84)   Post Evacuate Collection Set: 1.1ms
[2025-12-24T12:20:48.638+0000][gc,phases   ] GC(84)   Other: 0.3ms
[2025-12-24T12:20:48.638+0000][gc,heap     ] GC(84) Eden regions: 605->0(606)
[2025-12-24T12:20:48.638+0000][gc,heap     ] GC(84) Survivor regions: 9->8(77)
[2025-12-24T12:20:48.638+0000][gc,heap     ] GC(84) Old regions: 40->41
[2025-12-24T12:20:48.638+0000][gc,heap     ] GC(84) Humongous regions: 131->131
[2025-12-24T12:20:48.638+0000][gc,metaspace] GC(84) Metaspace: 15078K(15488K)->15078K(15488K) NonClass: 13379K(13568K)->13379K(13568K) Class: 1698K(1920K)->1698K(1920K)
[2025-12-24T12:20:48.638+0000][gc          ] GC(84) Pause Young (Normal) (G1 Evacuation Pause) 783M->178M(1024M) 18.183ms
[2025-12-24T12:20:48.638+0000][gc,cpu      ] GC(84) User=0.12s Sys=0.00s Real=0.02s
[2025-12-24T12:21:18.850+0000][gc,start    ] GC(85) Pause Young (Normal) (G1 Evacuation Pause)
[2025-12-24T12:21:18.851+0000][gc,task     ] GC(85) Using 8 workers of 8 for evacuation
[2025-12-24T12:21:18.868+0000][gc,phases   ] GC(85)   Pre Evacuate Collection Set: 1.7ms
[2025-12-24T12:21:18.868+0000][gc,phases   ] GC(85)   Merge Heap Roots: 0.5ms
[2025-12-24T12:21:18.868+0000][gc,phases   ] GC(85)   Evacuate Collection Set: 13.5ms
[2025-12-24T12:21:18.869+0000][gc,phases   ] GC(85)   Post Evacuate Collection Set: 1.1ms
[2025-12-24T12:21:18.869+0000][gc,phases   ] GC(85)   Other: 0.4ms
[2025-12-24T12:21:18.869+0000][gc,heap     ] GC(85) Eden regions: 606->0(605)
[2025-12-24T12:21:18.869+0000][gc,heap     ] GC(85) Survivor regions: 8->9(77)
[2025-12-24T12:21:18.869+0000][gc,heap     ] GC(85) Old regions: 41->41
[2025-12-24T12:21:18.869+0000][gc,heap     ] GC(85) Humongous regions: 131->131
[2025-12-24T12:21:18.869+0000][gc,metaspace] GC(85) Metaspace: 15079K(15488K)->15079K(15488K) NonClass: 13380K(13568K)->13380K(13568K) Class: 1698K(1920K)->1698K(1920K)
[2025-12-24T12:21:18.869+0000][gc          ] GC(85) Pause Young (Normal) (G1 Evacuation Pause) 784M->180M(1024M) 18.602ms
[2025-12-24T12:21:18.869+0000][gc,cpu      ] GC(85) User=0.12s Sys=0.00s Real=0.02s
[2025-12-24T12:21:49.056+0000][gc,start    ] GC(86) Pause Young (Normal) (G1 Evacuation Pause)
[2025-12-24T12:21:49.057+0000][gc,task     ] GC(86) Using 8 workers of 8 for evacuation
[2025-12-24T12:21:49.075+0000][gc,phases   ] GC(86)   Pre Evacuate Collection Set: 4.0ms
[2025-12-24T12:21:49.075+0000][gc,phases   ] GC(86)   Merge Heap Roots: 1.0ms
[2025-12-24T12:21:49.075+0000][gc,phases   ] GC(86)   Evacuate Collection Set: 11.6ms
[2025-12-24T12:21:49.075+0000][gc,phases   ] GC(86)   Post Evacuate Collection Set: 1.0ms
[2025-12-24T12:21:49.075+0000][gc,phases   ] GC(86)   Other: 0.3ms
[2025-12-24T12:21:49.075+0000][gc,heap     ] GC(86) Eden regions: 605->0(603)
[2025-12-24T12:21:49.075+0000][gc,heap     ] GC(86) Survivor regions: 9->11(77)
[2025-12-24T12:21:49.075+0000][gc,heap     ] GC(86) Old regions: 41->41
[2025-12-24T12:21:49.075+0000][gc,heap     ] GC(86) Humongous regions: 131->131
[2025-12-24T12:21:49.075+0000][gc,metaspace] GC(86) Metaspace: 15084K(15552K)->15084K(15552K) NonClass: 13385K(13632K)->13385K(13632K) Class: 1698K(1920K)->1698K(1920K)
[2025-12-24T12:21:49.075+0000][gc          ] GC(86) Pause Young (Normal) (G1 Evacuation Pause) 785M->182M(1024M) 19.690ms
[2025-12-24T12:21:49.075+0000][gc,cpu      ] GC(86) User=0.12s Sys=0.00s Real=0.02s
[2025-12-24T12:22:28.702+0000][gc,start    ] GC(87) Pause Young (Normal) (G1 Evacuation Pause)
[2025-12-24T12:22:28.703+0000][gc,task     ] GC(87) Using 8 workers of 8 for evacuation
[2025-12-24T12:22:28.714+0000][gc,phases   ] GC(87)   Pre Evacuate Collection Set: 1.1ms
[2025-12-24T12:22:28.714+0000][gc,phases   ] GC(87)   Merge Heap Roots: 0.2ms
[2025-12-24T12:22:28.714+0000][gc,phases   ] GC(87)   Evacuate Collection Set: 8.6ms
[2025-12-24T12:22:28.714+0000][gc,phases   ] GC(87)   Post Evacuate Collection Set: 1.1ms
[2025-12-24T12:22:28.714+0000][gc,phases   ] GC(87)   Other: 0.2ms
[2025-12-24T12:22:28.714+0000][gc,heap     ] GC(87) Eden regions: 603->0(607)
[2025-12-24T12:22:28.714+0000][gc,heap     ] GC(87) Survivor regions: 11->7(77)
[2025-12-24T12:22:28.715+0000][gc,heap     ] GC(87) Old regions: 41->42
[2025-12-24T12:22:28.715+0000][gc,heap     ] GC(87) Humongous regions: 131->131
[2025-12-24T12:22:28.715+0000][gc,metaspace] GC(87) Metaspace: 15084K(15552K)->15084K(15552K) NonClass: 13385K(13632K)->13385K(13632K) Class: 1698K(1920K)->1698K(1920K)
[2025-12-24T12:22:28.715+0000][gc          ] GC(87) Pause Young (Normal) (G1 Evacuation Pause) 785M->178M(1024M) 12.566ms
[2025-12-24T12:22:28.715+0000][gc,cpu      ] GC(87) User=0.07s Sys=0.01s Real=0.01s
[2025-12-24T12:22:58.924+0000][gc,start    ] GC(88) Pause Young (Normal) (G1 Evacuation Pause)
[2025-12-24T12:22:58.925+0000][gc,task     ] GC(88) Using 8 workers of 8 for evacuation
[2025-12-24T12:22:58.942+0000][gc,phases   ] GC(88)   Pre Evacuate Collection Set: 0.9ms
[2025-12-24T12:22:58.942+0000][gc,phases   ] GC(88)   Merge Heap Roots: 0.2ms
[2025-12-24T12:22:58.942+0000][gc,phases   ] GC(88)   Evacuate Collection Set: 14.5ms
[2025-12-24T12:22:58.942+0000][gc,phases   ] GC(88)   Post Evacuate Collection Set: 0.9ms
[2025-12-24T12:22:58.942+0000][gc,phases   ] GC(88)   Other: 0.2ms
[2025-12-24T12:22:58.942+0000][gc,heap     ] GC(88) Eden regions: 607->0(606)
[2025-12-24T12:22:58.942+0000][gc,heap     ] GC(88) Survivor regions: 7->8(77)
[2025-12-24T12:22:58.942+0000][gc,heap     ] GC(88) Old regions: 42->42
[2025-12-24T12:22:58.942+0000][gc,heap     ] GC(88) Humongous regions: 131->131
[2025-12-24T12:22:58.942+0000][gc,metaspace] GC(88) Metaspace: 15084K(15552K)->15084K(15552K) NonClass: 13385K(13632K)->13385K(13632K) Class: 1698K(1920K)->1698K(1920K)
[2025-12-24T12:22:58.942+0000][gc          ] GC(88) Pause Young (Normal) (G1 Evacuation Pause) 785M->179M(1024M) 17.860ms
[2025-12-24T12:22:58.942+0000][gc,cpu      ] GC(88) User=0.10s Sys=0.00s Real=0.02s
[2025-12-24T12:23:38.583+0000][gc,start    ] GC(89) Pause Young (Normal) (G1 Evacuation Pause)
[2025-12-24T12:23:38.584+0000][gc,task     ] GC(89) Using 8 workers of 8 for evacuation
[2025-12-24T12:23:38.606+0000][gc,phases   ] GC(89)   Pre Evacuate Collection Set: 1.6ms
[2025-12-24T12:23:38.606+0000][gc,phases   ] GC(89)   Merge Heap Roots: 0.4ms
[2025-12-24T12:23:38.606+0000][gc,phases   ] GC(89)   Evacuate Collection Set: 18.0ms
[2025-12-24T12:23:38.606+0000][gc,phases   ] GC(89)   Post Evacuate Collection Set: 1.3ms
[2025-12-24T12:23:38.606+0000][gc,phases   ] GC(89)   Other: 0.4ms
[2025-12-24T12:23:38.607+0000][gc,heap     ] GC(89) Eden regions: 606->0(606)
[2025-12-24T12:23:38.607+0000][gc,heap     ] GC(89) Survivor regions: 8->8(77)
[2025-12-24T12:23:38.607+0000][gc,heap     ] GC(89) Old regions: 42->42
[2025-12-24T12:23:38.607+0000][gc,heap     ] GC(89) Humongous regions: 131->131
[2025-12-24T12:23:38.607+0000][gc,metaspace] GC(89) Metaspace: 15095K(15552K)->15095K(15552K) NonClass: 13396K(13632K)->13396K(13632K) Class: 1698K(1920K)->1698K(1920K)
[2025-12-24T12:23:38.607+0000][gc          ] GC(89) Pause Young (Normal) (G1 Evacuation Pause) 785M->180M(1024M) 23.502ms
[2025-12-24T12:23:38.607+0000][gc,cpu      ] GC(89) User=0.14s Sys=0.01s Real=0.02s
[2025-12-24T12:25:21.747+0000][gc,start    ] GC(90) Pause Young (Normal) (G1 Evacuation Pause)
[2025-12-24T12:25:21.748+0000][gc,task     ] GC(90) Using 8 workers of 8 for evacuation
[2025-12-24T12:25:21.872+0000][gc,phases   ] GC(90)   Pre Evacuate Collection Set: 4.8ms
[2025-12-24T12:25:21.875+0000][gc,phases   ] GC(90)   Merge Heap Roots: 1.6ms
[2025-12-24T12:25:21.882+0000][gc,phases   ] GC(90)   Evacuate Collection Set: 98.5ms
[2025-12-24T12:25:21.884+0000][gc,phases   ] GC(90)   Post Evacuate Collection Set: 18.0ms
[2025-12-24T12:25:21.885+0000][gc,phases   ] GC(90)   Other: 1.1ms
[2025-12-24T12:25:21.888+0000][gc,heap     ] GC(90) Eden regions: 606->0(605)
[2025-12-24T12:25:21.894+0000][gc,heap     ] GC(90) Survivor regions: 8->9(77)
[2025-12-24T12:25:21.897+0000][gc,heap     ] GC(90) Old regions: 42->43
[2025-12-24T12:25:21.899+0000][gc,heap     ] GC(90) Humongous regions: 131->131
[2025-12-24T12:25:21.900+0000][gc,metaspace] GC(90) Metaspace: 15110K(15552K)->15110K(15552K) NonClass: 13409K(13632K)->13409K(13632K) Class: 1701K(1920K)->1701K(1920K)
[2025-12-24T12:25:21.901+0000][gc          ] GC(90) Pause Young (Normal) (G1 Evacuation Pause) 786M->182M(1024M) 154.014ms
[2025-12-24T12:25:21.901+0000][gc,cpu      ] GC(90) User=0.35s Sys=0.06s Real=0.16s
[2025-12-24T12:25:52.515+0000][gc,start    ] GC(91) Pause Young (Normal) (G1 Evacuation Pause)
[2025-12-24T12:25:52.517+0000][gc,task     ] GC(91) Using 8 workers of 8 for evacuation
[2025-12-24T12:25:52.576+0000][gc,phases   ] GC(91)   Pre Evacuate Collection Set: 3.5ms
[2025-12-24T12:25:52.577+0000][gc,phases   ] GC(91)   Merge Heap Roots: 1.1ms
[2025-12-24T12:25:52.578+0000][gc,phases   ] GC(91)   Evacuate Collection Set: 50.2ms
[2025-12-24T12:25:52.578+0000][gc,phases   ] GC(91)   Post Evacuate Collection Set: 4.2ms
[2025-12-24T12:25:52.579+0000][gc,phases   ] GC(91)   Other: 0.6ms
[2025-12-24T12:25:52.579+0000][gc,heap     ] GC(91) Eden regions: 605->0(603)
[2025-12-24T12:25:52.579+0000][gc,heap     ] GC(91) Survivor regions: 9->11(77)
[2025-12-24T12:25:52.580+0000][gc,heap     ] GC(91) Old regions: 43->43
[2025-12-24T12:25:52.580+0000][gc,heap     ] GC(91) Humongous regions: 131->131
[2025-12-24T12:25:52.581+0000][gc,metaspace] GC(91) Metaspace: 15116K(15552K)->15116K(15552K) NonClass: 13414K(13632K)->13414K(13632K) Class: 1701K(1920K)->1701K(1920K)
[2025-12-24T12:25:52.581+0000][gc          ] GC(91) Pause Young (Normal) (G1 Evacuation Pause) 787M->183M(1024M) 65.842ms
[2025-12-24T12:25:52.582+0000][gc,cpu      ] GC(91) User=0.34s Sys=0.01s Real=0.07s
[2025-12-24T12:30:43.318+0000][gc,start    ] GC(92) Pause Young (Normal) (G1 Evacuation Pause)
[2025-12-24T12:30:43.319+0000][gc,task     ] GC(92) Using 8 workers of 8 for evacuation
[2025-12-24T12:30:43.327+0000][gc,phases   ] GC(92)   Pre Evacuate Collection Set: 0.9ms
[2025-12-24T12:30:43.327+0000][gc,phases   ] GC(92)   Merge Heap Roots: 0.2ms
[2025-12-24T12:30:43.327+0000][gc,phases   ] GC(92)   Evacuate Collection Set: 6.1ms
[2025-12-24T12:30:43.327+0000][gc,phases   ] GC(92)   Post Evacuate Collection Set: 1.0ms
[2025-12-24T12:30:43.327+0000][gc,phases   ] GC(92)   Other: 0.2ms
[2025-12-24T12:30:43.327+0000][gc,heap     ] GC(92) Eden regions: 603->0(607)
[2025-12-24T12:30:43.327+0000][gc,heap     ] GC(92) Survivor regions: 11->7(77)
[2025-12-24T12:30:43.328+0000][gc,heap     ] GC(92) Old regions: 43->43
[2025-12-24T12:30:43.328+0000][gc,heap     ] GC(92) Humongous regions: 131->131
[2025-12-24T12:30:43.328+0000][gc,metaspace] GC(92) Metaspace: 15117K(15552K)->15117K(15552K) NonClass: 13416K(13632K)->13416K(13632K) Class: 1701K(1920K)->1701K(1920K)
[2025-12-24T12:30:43.328+0000][gc          ] GC(92) Pause Young (Normal) (G1 Evacuation Pause) 786M->180M(1024M) 9.613ms
[2025-12-24T12:30:43.328+0000][gc,cpu      ] GC(92) User=0.06s Sys=0.00s Real=0.01s
[2025-12-24T12:31:16.261+0000][gc,start    ] GC(93) Pause Young (Normal) (G1 Evacuation Pause)
[2025-12-24T12:31:16.262+0000][gc,task     ] GC(93) Using 8 workers of 8 for evacuation
[2025-12-24T12:31:16.278+0000][gc,phases   ] GC(93)   Pre Evacuate Collection Set: 0.9ms
[2025-12-24T12:31:16.278+0000][gc,phases   ] GC(93)   Merge Heap Roots: 0.3ms
[2025-12-24T12:31:16.278+0000][gc,phases   ] GC(93)   Evacuate Collection Set: 13.3ms
[2025-12-24T12:31:16.278+0000][gc,phases   ] GC(93)   Post Evacuate Collection Set: 0.9ms
[2025-12-24T12:31:16.278+0000][gc,phases   ] GC(93)   Other: 0.3ms
[2025-12-24T12:31:16.278+0000][gc,heap     ] GC(93) Eden regions: 607->0(606)
[2025-12-24T12:31:16.278+0000][gc,heap     ] GC(93) Survivor regions: 7->8(77)
[2025-12-24T12:31:16.278+0000][gc,heap     ] GC(93) Old regions: 43->44
[2025-12-24T12:31:16.278+0000][gc,heap     ] GC(93) Humongous regions: 131->131
[2025-12-24T12:31:16.278+0000][gc,metaspace] GC(93) Metaspace: 15118K(15552K)->15118K(15552K) NonClass: 13417K(13632K)->13417K(13632K) Class: 1701K(1920K)->1701K(1920K)
[2025-12-24T12:31:16.278+0000][gc          ] GC(93) Pause Young (Normal) (G1 Evacuation Pause) 787M->182M(1024M) 17.601ms
[2025-12-24T12:31:16.279+0000][gc,cpu      ] GC(93) User=0.10s Sys=0.00s Real=0.02s
[2025-12-24T12:31:52.709+0000][gc,start    ] GC(94) Pause Young (Normal) (G1 Evacuation Pause)
[2025-12-24T12:31:52.709+0000][gc,task     ] GC(94) Using 8 workers of 8 for evacuation
[2025-12-24T12:31:52.727+0000][gc,phases   ] GC(94)   Pre Evacuate Collection Set: 2.7ms
[2025-12-24T12:31:52.727+0000][gc,phases   ] GC(94)   Merge Heap Roots: 1.0ms
[2025-12-24T12:31:52.727+0000][gc,phases   ] GC(94)   Evacuate Collection Set: 12.6ms
[2025-12-24T12:31:52.727+0000][gc,phases   ] GC(94)   Post Evacuate Collection Set: 1.1ms
[2025-12-24T12:31:52.727+0000][gc,phases   ] GC(94)   Other: 0.7ms
[2025-12-24T12:31:52.728+0000][gc,heap     ] GC(94) Eden regions: 606->0(606)
[2025-12-24T12:31:52.728+0000][gc,heap     ] GC(94) Survivor regions: 8->8(77)
[2025-12-24T12:31:52.728+0000][gc,heap     ] GC(94) Old regions: 44->44
[2025-12-24T12:31:52.728+0000][gc,heap     ] GC(94) Humongous regions: 131->131
[2025-12-24T12:31:52.728+0000][gc,metaspace] GC(94) Metaspace: 15121K(15552K)->15121K(15552K) NonClass: 13419K(13632K)->13419K(13632K) Class: 1702K(1920K)->1702K(1920K)
[2025-12-24T12:31:52.728+0000][gc          ] GC(94) Pause Young (Normal) (G1 Evacuation Pause) 788M->181M(1024M) 19.285ms
[2025-12-24T12:31:52.728+0000][gc,cpu      ] GC(94) User=0.08s Sys=0.01s Real=0.02s
[2025-12-24T12:35:49.009+0000][gc,start    ] GC(95) Pause Young (Normal) (G1 Evacuation Pause)
[2025-12-24T12:35:49.009+0000][gc,task     ] GC(95) Using 8 workers of 8 for evacuation
[2025-12-24T12:35:49.029+0000][gc,phases   ] GC(95)   Pre Evacuate Collection Set: 1.0ms
[2025-12-24T12:35:49.030+0000][gc,phases   ] GC(95)   Merge Heap Roots: 0.3ms
[2025-12-24T12:35:49.030+0000][gc,phases   ] GC(95)   Evacuate Collection Set: 17.5ms
[2025-12-24T12:35:49.030+0000][gc,phases   ] GC(95)   Post Evacuate Collection Set: 1.0ms
[2025-12-24T12:35:49.030+0000][gc,phases   ] GC(95)   Other: 0.3ms
[2025-12-24T12:35:49.030+0000][gc,heap     ] GC(95) Eden regions: 606->0(604)
[2025-12-24T12:35:49.030+0000][gc,heap     ] GC(95) Survivor regions: 8->10(77)
[2025-12-24T12:35:49.030+0000][gc,heap     ] GC(95) Old regions: 44->44
[2025-12-24T12:35:49.030+0000][gc,heap     ] GC(95) Humongous regions: 131->131
[2025-12-24T12:35:49.030+0000][gc,metaspace] GC(95) Metaspace: 15168K(15616K)->15168K(15616K) NonClass: 13454K(13632K)->13454K(13632K) Class: 1713K(1984K)->1713K(1984K)
[2025-12-24T12:35:49.030+0000][gc          ] GC(95) Pause Young (Normal) (G1 Evacuation Pause) 787M->183M(1024M) 21.131ms
[2025-12-24T12:35:49.030+0000][gc,cpu      ] GC(95) User=0.13s Sys=0.00s Real=0.02s
[2025-12-24T12:36:19.340+0000][gc,start    ] GC(96) Pause Young (Normal) (G1 Evacuation Pause)
[2025-12-24T12:36:19.341+0000][gc,task     ] GC(96) Using 8 workers of 8 for evacuation
[2025-12-24T12:36:19.360+0000][gc,phases   ] GC(96)   Pre Evacuate Collection Set: 1.1ms
[2025-12-24T12:36:19.360+0000][gc,phases   ] GC(96)   Merge Heap Roots: 0.3ms
[2025-12-24T12:36:19.360+0000][gc,phases   ] GC(96)   Evacuate Collection Set: 16.1ms
[2025-12-24T12:36:19.360+0000][gc,phases   ] GC(96)   Post Evacuate Collection Set: 1.2ms
[2025-12-24T12:36:19.360+0000][gc,phases   ] GC(96)   Other: 0.3ms
[2025-12-24T12:36:19.360+0000][gc,heap     ] GC(96) Eden regions: 604->0(603)
[2025-12-24T12:36:19.360+0000][gc,heap     ] GC(96) Survivor regions: 10->11(77)
[2025-12-24T12:36:19.360+0000][gc,heap     ] GC(96) Old regions: 44->45
[2025-12-24T12:36:19.360+0000][gc,heap     ] GC(96) Humongous regions: 131->131
[2025-12-24T12:36:19.360+0000][gc,metaspace] GC(96) Metaspace: 15173K(15616K)->15173K(15616K) NonClass: 13460K(13632K)->13460K(13632K) Class: 1713K(1984K)->1713K(1984K)
[2025-12-24T12:36:19.360+0000][gc          ] GC(96) Pause Young (Normal) (G1 Evacuation Pause) 787M->185M(1024M) 20.046ms
[2025-12-24T12:36:19.360+0000][gc,cpu      ] GC(96) User=0.13s Sys=0.00s Real=0.02s
[2025-12-24T12:41:30.258+0000][gc,start    ] GC(97) Pause Young (Normal) (G1 Evacuation Pause)
[2025-12-24T12:41:30.258+0000][gc,task     ] GC(97) Using 8 workers of 8 for evacuation
[2025-12-24T12:41:30.268+0000][gc,phases   ] GC(97)   Pre Evacuate Collection Set: 1.1ms
[2025-12-24T12:41:30.269+0000][gc,phases   ] GC(97)   Merge Heap Roots: 0.2ms
[2025-12-24T12:41:30.269+0000][gc,phases   ] GC(97)   Evacuate Collection Set: 6.2ms
[2025-12-24T12:41:30.269+0000][gc,phases   ] GC(97)   Post Evacuate Collection Set: 2.5ms
[2025-12-24T12:41:30.269+0000][gc,phases   ] GC(97)   Other: 0.2ms
[2025-12-24T12:41:30.269+0000][gc,heap     ] GC(97) Eden regions: 603->0(607)
[2025-12-24T12:41:30.269+0000][gc,heap     ] GC(97) Survivor regions: 11->7(77)
[2025-12-24T12:41:30.269+0000][gc,heap     ] GC(97) Old regions: 45->45
[2025-12-24T12:41:30.269+0000][gc,heap     ] GC(97) Humongous regions: 131->131
[2025-12-24T12:41:30.269+0000][gc,metaspace] GC(97) Metaspace: 15189K(15680K)->15189K(15680K) NonClass: 13473K(13696K)->13473K(13696K) Class: 1715K(1984K)->1715K(1984K)
[2025-12-24T12:41:30.269+0000][gc          ] GC(97) Pause Young (Normal) (G1 Evacuation Pause) 788M->181M(1024M) 11.400ms
[2025-12-24T12:41:30.269+0000][gc,cpu      ] GC(97) User=0.05s Sys=0.00s Real=0.01s
[2025-12-24T12:42:00.502+0000][gc,start    ] GC(98) Pause Young (Normal) (G1 Evacuation Pause)
[2025-12-24T12:42:00.502+0000][gc,task     ] GC(98) Using 8 workers of 8 for evacuation
[2025-12-24T12:42:00.520+0000][gc,phases   ] GC(98)   Pre Evacuate Collection Set: 2.0ms
[2025-12-24T12:42:00.520+0000][gc,phases   ] GC(98)   Merge Heap Roots: 0.5ms
[2025-12-24T12:42:00.521+0000][gc,phases   ] GC(98)   Evacuate Collection Set: 14.5ms
[2025-12-24T12:42:00.521+0000][gc,phases   ] GC(98)   Post Evacuate Collection Set: 0.9ms
[2025-12-24T12:42:00.521+0000][gc,phases   ] GC(98)   Other: 0.2ms
[2025-12-24T12:42:00.521+0000][gc,heap     ] GC(98) Eden regions: 607->0(606)
[2025-12-24T12:42:00.521+0000][gc,heap     ] GC(98) Survivor regions: 7->8(77)
[2025-12-24T12:42:00.521+0000][gc,heap     ] GC(98) Old regions: 45->45
[2025-12-24T12:42:00.521+0000][gc,heap     ] GC(98) Humongous regions: 131->131
[2025-12-24T12:42:00.521+0000][gc,metaspace] GC(98) Metaspace: 15189K(15680K)->15189K(15680K) NonClass: 13473K(13696K)->13473K(13696K) Class: 1715K(1984K)->1715K(1984K)
[2025-12-24T12:42:00.521+0000][gc          ] GC(98) Pause Young (Normal) (G1 Evacuation Pause) 788M->183M(1024M) 19.138ms
[2025-12-24T12:42:00.521+0000][gc,cpu      ] GC(98) User=0.13s Sys=0.00s Real=0.01s
[2025-12-24T12:42:30.739+0000][gc,start    ] GC(99) Pause Young (Normal) (G1 Evacuation Pause)
[2025-12-24T12:42:30.740+0000][gc,task     ] GC(99) Using 8 workers of 8 for evacuation
[2025-12-24T12:42:30.757+0000][gc,phases   ] GC(99)   Pre Evacuate Collection Set: 1.1ms
[2025-12-24T12:42:30.757+0000][gc,phases   ] GC(99)   Merge Heap Roots: 0.2ms
[2025-12-24T12:42:30.757+0000][gc,phases   ] GC(99)   Evacuate Collection Set: 14.1ms
[2025-12-24T12:42:30.757+0000][gc,phases   ] GC(99)   Post Evacuate Collection Set: 1.4ms
[2025-12-24T12:42:30.757+0000][gc,phases   ] GC(99)   Other: 0.3ms
[2025-12-24T12:42:30.757+0000][gc,heap     ] GC(99) Eden regions: 606->0(605)
[2025-12-24T12:42:30.758+0000][gc,heap     ] GC(99) Survivor regions: 8->9(77)
[2025-12-24T12:42:30.758+0000][gc,heap     ] GC(99) Old regions: 45->46
[2025-12-24T12:42:30.758+0000][gc,heap     ] GC(99) Humongous regions: 131->131
[2025-12-24T12:42:30.758+0000][gc,metaspace] GC(99) Metaspace: 15189K(15680K)->15189K(15680K) NonClass: 13473K(13696K)->13473K(13696K) Class: 1715K(1984K)->1715K(1984K)
[2025-12-24T12:42:30.758+0000][gc          ] GC(99) Pause Young (Normal) (G1 Evacuation Pause) 789M->185M(1024M) 18.557ms
[2025-12-24T12:42:30.758+0000][gc,cpu      ] GC(99) User=0.11s Sys=0.00s Real=0.02s
[2025-12-24T12:43:10.358+0000][gc,start    ] GC(100) Pause Young (Normal) (G1 Evacuation Pause)
[2025-12-24T12:43:10.359+0000][gc,task     ] GC(100) Using 8 workers of 8 for evacuation
[2025-12-24T12:43:10.375+0000][gc,phases   ] GC(100)   Pre Evacuate Collection Set: 1.7ms
[2025-12-24T12:43:10.375+0000][gc,phases   ] GC(100)   Merge Heap Roots: 1.0ms
[2025-12-24T12:43:10.375+0000][gc,phases   ] GC(100)   Evacuate Collection Set: 11.8ms
[2025-12-24T12:43:10.375+0000][gc,phases   ] GC(100)   Post Evacuate Collection Set: 1.3ms
[2025-12-24T12:43:10.375+0000][gc,phases   ] GC(100)   Other: 0.5ms
[2025-12-24T12:43:10.376+0000][gc,heap     ] GC(100) Eden regions: 605->0(605)
[2025-12-24T12:43:10.376+0000][gc,heap     ] GC(100) Survivor regions: 9->9(77)
[2025-12-24T12:43:10.376+0000][gc,heap     ] GC(100) Old regions: 46->46
[2025-12-24T12:43:10.376+0000][gc,heap     ] GC(100) Humongous regions: 131->131
[2025-12-24T12:43:10.376+0000][gc,metaspace] GC(100) Metaspace: 15189K(15680K)->15189K(15680K) NonClass: 13473K(13696K)->13473K(13696K) Class: 1715K(1984K)->1715K(1984K)
[2025-12-24T12:43:10.376+0000][gc          ] GC(100) Pause Young (Normal) (G1 Evacuation Pause) 790M->185M(1024M) 17.766ms
[2025-12-24T12:43:10.376+0000][gc,cpu      ] GC(100) User=0.10s Sys=0.00s Real=0.02s
[2025-12-24T12:43:40.714+0000][gc,start    ] GC(101) Pause Young (Normal) (G1 Evacuation Pause)
[2025-12-24T12:43:40.715+0000][gc,task     ] GC(101) Using 8 workers of 8 for evacuation
[2025-12-24T12:43:40.736+0000][gc,phases   ] GC(101)   Pre Evacuate Collection Set: 1.2ms
[2025-12-24T12:43:40.736+0000][gc,phases   ] GC(101)   Merge Heap Roots: 0.8ms
[2025-12-24T12:43:40.736+0000][gc,phases   ] GC(101)   Evacuate Collection Set: 17.1ms
[2025-12-24T12:43:40.736+0000][gc,phases   ] GC(101)   Post Evacuate Collection Set: 1.4ms
[2025-12-24T12:43:40.736+0000][gc,phases   ] GC(101)   Other: 0.3ms
[2025-12-24T12:43:40.737+0000][gc,heap     ] GC(101) Eden regions: 605->0(603)
[2025-12-24T12:43:40.737+0000][gc,heap     ] GC(101) Survivor regions: 9->11(77)
[2025-12-24T12:43:40.737+0000][gc,heap     ] GC(101) Old regions: 46->46
[2025-12-24T12:43:40.737+0000][gc,heap     ] GC(101) Humongous regions: 131->131
[2025-12-24T12:43:40.737+0000][gc,metaspace] GC(101) Metaspace: 15193K(15744K)->15193K(15744K) NonClass: 13477K(13760K)->13477K(13760K) Class: 1715K(1984K)->1715K(1984K)
[2025-12-24T12:43:40.737+0000][gc          ] GC(101) Pause Young (Normal) (G1 Evacuation Pause) 790M->187M(1024M) 22.838ms
[2025-12-24T12:43:40.737+0000][gc,cpu      ] GC(101) User=0.15s Sys=0.00s Real=0.02s
[2025-12-24T12:44:20.209+0000][gc,start    ] GC(102) Pause Young (Normal) (G1 Evacuation Pause)
[2025-12-24T12:44:20.210+0000][gc,task     ] GC(102) Using 8 workers of 8 for evacuation
[2025-12-24T12:44:20.225+0000][gc,phases   ] GC(102)   Pre Evacuate Collection Set: 1.1ms
[2025-12-24T12:44:20.226+0000][gc,phases   ] GC(102)   Merge Heap Roots: 0.3ms
[2025-12-24T12:44:20.226+0000][gc,phases   ] GC(102)   Evacuate Collection Set: 12.7ms
[2025-12-24T12:44:20.226+0000][gc,phases   ] GC(102)   Post Evacuate Collection Set: 1.0ms
[2025-12-24T12:44:20.226+0000][gc,phases   ] GC(102)   Other: 0.3ms
[2025-12-24T12:44:20.226+0000][gc,heap     ] GC(102) Eden regions: 603->0(607)
[2025-12-24T12:44:20.226+0000][gc,heap     ] GC(102) Survivor regions: 11->7(77)
[2025-12-24T12:44:20.226+0000][gc,heap     ] GC(102) Old regions: 46->47
[2025-12-24T12:44:20.226+0000][gc,heap     ] GC(102) Humongous regions: 131->131
[2025-12-24T12:44:20.226+0000][gc,metaspace] GC(102) Metaspace: 15194K(15744K)->15194K(15744K) NonClass: 13479K(13760K)->13479K(13760K) Class: 1715K(1984K)->1715K(1984K)
[2025-12-24T12:44:20.226+0000][gc          ] GC(102) Pause Young (Normal) (G1 Evacuation Pause) 790M->183M(1024M) 16.755ms
[2025-12-24T12:44:20.226+0000][gc,cpu      ] GC(102) User=0.10s Sys=0.01s Real=0.02s
[2025-12-24T12:44:42.095+0000][gc,start    ] GC(103) Pause Young (Concurrent Start) (CodeCache GC Threshold)
[2025-12-24T12:44:42.096+0000][gc,task     ] GC(103) Using 8 workers of 8 for evacuation
[2025-12-24T12:44:42.138+0000][gc,phases   ] GC(103)   Pre Evacuate Collection Set: 7.1ms
[2025-12-24T12:44:42.140+0000][gc,phases   ] GC(103)   Merge Heap Roots: 1.0ms
[2025-12-24T12:44:42.141+0000][gc,phases   ] GC(103)   Evacuate Collection Set: 24.5ms
[2025-12-24T12:44:42.145+0000][gc,phases   ] GC(103)   Post Evacuate Collection Set: 8.3ms
[2025-12-24T12:44:42.146+0000][gc,phases   ] GC(103)   Other: 1.3ms
[2025-12-24T12:44:42.148+0000][gc,heap     ] GC(103) Eden regions: 518->0(607)
[2025-12-24T12:44:42.148+0000][gc,heap     ] GC(103) Survivor regions: 7->7(77)
[2025-12-24T12:44:42.148+0000][gc,heap     ] GC(103) Old regions: 47->47
[2025-12-24T12:44:42.149+0000][gc,heap     ] GC(103) Humongous regions: 131->131
[2025-12-24T12:44:42.149+0000][gc,metaspace] GC(103) Metaspace: 15203K(15744K)->15203K(15744K) NonClass: 13488K(13760K)->13488K(13760K) Class: 1715K(1984K)->1715K(1984K)
[2025-12-24T12:44:42.150+0000][gc          ] GC(103) Pause Young (Concurrent Start) (CodeCache GC Threshold) 700M->183M(1024M) 54.863ms
[2025-12-24T12:44:42.150+0000][gc,cpu      ] GC(103) User=0.13s Sys=0.01s Real=0.05s
[2025-12-24T12:44:42.150+0000][gc          ] GC(104) Concurrent Mark Cycle
[2025-12-24T12:44:42.152+0000][gc,marking  ] GC(104) Concurrent Scan Root Regions
[2025-12-24T12:44:42.159+0000][gc,marking  ] GC(104) Concurrent Scan Root Regions 7.398ms
[2025-12-24T12:44:42.160+0000][gc,marking  ] GC(104) Concurrent Mark
[2025-12-24T12:44:42.161+0000][gc,marking  ] GC(104) Concurrent Mark From Roots
[2025-12-24T12:44:42.162+0000][gc,task     ] GC(104) Using 2 workers of 2 for marking
[2025-12-24T12:44:42.299+0000][gc,marking  ] GC(104) Concurrent Mark From Roots 137.609ms
[2025-12-24T12:44:42.299+0000][gc,marking  ] GC(104) Concurrent Preclean
[2025-12-24T12:44:42.300+0000][gc,marking  ] GC(104) Concurrent Preclean 0.365ms
[2025-12-24T12:44:42.301+0000][gc,start    ] GC(104) Pause Remark
[2025-12-24T12:44:42.432+0000][gc          ] GC(104) Pause Remark 184M->184M(1024M) 131.760ms
[2025-12-24T12:44:42.433+0000][gc,cpu      ] GC(104) User=0.60s Sys=0.03s Real=0.14s
[2025-12-24T12:44:42.435+0000][gc,marking  ] GC(104) Concurrent Mark 275.349ms
[2025-12-24T12:44:42.436+0000][gc,marking  ] GC(104) Concurrent Rebuild Remembered Sets and Scrub Regions
[2025-12-24T12:44:42.483+0000][gc,marking  ] GC(104) Concurrent Rebuild Remembered Sets and Scrub Regions 47.742ms
[2025-12-24T12:44:42.484+0000][gc,start    ] GC(104) Pause Cleanup
[2025-12-24T12:44:42.485+0000][gc          ] GC(104) Pause Cleanup 184M->184M(1024M) 0.630ms
[2025-12-24T12:44:42.485+0000][gc,cpu      ] GC(104) User=0.01s Sys=0.00s Real=0.00s
[2025-12-24T12:44:42.485+0000][gc,marking  ] GC(104) Concurrent Clear Claimed Marks
[2025-12-24T12:44:42.486+0000][gc,marking  ] GC(104) Concurrent Clear Claimed Marks 0.472ms
[2025-12-24T12:44:42.486+0000][gc,marking  ] GC(104) Concurrent Cleanup for Next Mark
[2025-12-24T12:44:42.508+0000][gc,marking  ] GC(104) Concurrent Cleanup for Next Mark 21.665ms
[2025-12-24T12:44:42.510+0000][gc          ] GC(104) Concurrent Mark Cycle 359.274ms
[2025-12-24T12:45:20.370+0000][gc,start    ] GC(105) Pause Young (Prepare Mixed) (G1 Evacuation Pause)
[2025-12-24T12:45:20.371+0000][gc,task     ] GC(105) Using 8 workers of 8 for evacuation
[2025-12-24T12:45:20.390+0000][gc,phases   ] GC(105)   Pre Evacuate Collection Set: 1.1ms
[2025-12-24T12:45:20.390+0000][gc,phases   ] GC(105)   Merge Heap Roots: 0.7ms
[2025-12-24T12:45:20.390+0000][gc,phases   ] GC(105)   Evacuate Collection Set: 15.5ms
[2025-12-24T12:45:20.390+0000][gc,phases   ] GC(105)   Post Evacuate Collection Set: 1.2ms
[2025-12-24T12:45:20.390+0000][gc,phases   ] GC(105)   Other: 0.2ms
[2025-12-24T12:45:20.390+0000][gc,heap     ] GC(105) Eden regions: 607->0(606)
[2025-12-24T12:45:20.390+0000][gc,heap     ] GC(105) Survivor regions: 7->8(77)
[2025-12-24T12:45:20.390+0000][gc,heap     ] GC(105) Old regions: 47->47
[2025-12-24T12:45:20.390+0000][gc,heap     ] GC(105) Humongous regions: 131->131
[2025-12-24T12:45:20.390+0000][gc,metaspace] GC(105) Metaspace: 15146K(15744K)->15146K(15744K) NonClass: 13454K(13760K)->13454K(13760K) Class: 1691K(1984K)->1691K(1984K)
[2025-12-24T12:45:20.390+0000][gc          ] GC(105) Pause Young (Prepare Mixed) (G1 Evacuation Pause) 790M->185M(1024M) 20.015ms
[2025-12-24T12:45:20.391+0000][gc,cpu      ] GC(105) User=0.13s Sys=0.01s Real=0.02s
[2025-12-24T12:45:50.604+0000][gc,start    ] GC(106) Pause Young (Mixed) (G1 Evacuation Pause)
[2025-12-24T12:45:50.604+0000][gc,task     ] GC(106) Using 8 workers of 8 for evacuation
[2025-12-24T12:45:50.619+0000][gc,phases   ] GC(106)   Pre Evacuate Collection Set: 1.1ms
[2025-12-24T12:45:50.619+0000][gc,phases   ] GC(106)   Merge Heap Roots: 0.3ms
[2025-12-24T12:45:50.619+0000][gc,phases   ] GC(106)   Evacuate Collection Set: 11.6ms
[2025-12-24T12:45:50.619+0000][gc,phases   ] GC(106)   Post Evacuate Collection Set: 1.2ms
[2025-12-24T12:45:50.619+0000][gc,phases   ] GC(106)   Other: 0.2ms
[2025-12-24T12:45:50.619+0000][gc,heap     ] GC(106) Eden regions: 606->0(604)
[2025-12-24T12:45:50.619+0000][gc,heap     ] GC(106) Survivor regions: 8->10(77)
[2025-12-24T12:45:50.619+0000][gc,heap     ] GC(106) Old regions: 47->44
[2025-12-24T12:45:50.619+0000][gc,heap     ] GC(106) Humongous regions: 131->131
[2025-12-24T12:45:50.619+0000][gc,metaspace] GC(106) Metaspace: 15146K(15744K)->15146K(15744K) NonClass: 13454K(13760K)->13454K(13760K) Class: 1691K(1984K)->1691K(1984K)
[2025-12-24T12:45:50.619+0000][gc          ] GC(106) Pause Young (Mixed) (G1 Evacuation Pause) 791M->183M(1024M) 15.599ms
[2025-12-24T12:45:50.619+0000][gc,cpu      ] GC(106) User=0.08s Sys=0.00s Real=0.01s
[2025-12-24T12:46:30.239+0000][gc,start    ] GC(107) Pause Young (Normal) (G1 Evacuation Pause)
[2025-12-24T12:46:30.240+0000][gc,task     ] GC(107) Using 8 workers of 8 for evacuation
[2025-12-24T12:46:30.258+0000][gc,phases   ] GC(107)   Pre Evacuate Collection Set: 2.8ms
[2025-12-24T12:46:30.258+0000][gc,phases   ] GC(107)   Merge Heap Roots: 0.5ms
[2025-12-24T12:46:30.258+0000][gc,phases   ] GC(107)   Evacuate Collection Set: 12.5ms
[2025-12-24T12:46:30.258+0000][gc,phases   ] GC(107)   Post Evacuate Collection Set: 1.3ms
[2025-12-24T12:46:30.258+0000][gc,phases   ] GC(107)   Other: 0.7ms
[2025-12-24T12:46:30.258+0000][gc,heap     ] GC(107) Eden regions: 604->0(605)
[2025-12-24T12:46:30.258+0000][gc,heap     ] GC(107) Survivor regions: 10->9(77)
[2025-12-24T12:46:30.258+0000][gc,heap     ] GC(107) Old regions: 44->44
[2025-12-24T12:46:30.258+0000][gc,heap     ] GC(107) Humongous regions: 131->131
[2025-12-24T12:46:30.259+0000][gc,metaspace] GC(107) Metaspace: 15147K(15744K)->15147K(15744K) NonClass: 13455K(13760K)->13455K(13760K) Class: 1691K(1984K)->1691K(1984K)
[2025-12-24T12:46:30.259+0000][gc          ] GC(107) Pause Young (Normal) (G1 Evacuation Pause) 787M->183M(1024M) 19.219ms
[2025-12-24T12:46:30.259+0000][gc,cpu      ] GC(107) User=0.12s Sys=0.00s Real=0.02s
[2025-12-24T12:47:00.433+0000][gc,start    ] GC(108) Pause Young (Normal) (G1 Evacuation Pause)
[2025-12-24T12:47:00.434+0000][gc,task     ] GC(108) Using 8 workers of 8 for evacuation
[2025-12-24T12:47:00.450+0000][gc,phases   ] GC(108)   Pre Evacuate Collection Set: 3.0ms
[2025-12-24T12:47:00.450+0000][gc,phases   ] GC(108)   Merge Heap Roots: 0.3ms
[2025-12-24T12:47:00.450+0000][gc,phases   ] GC(108)   Evacuate Collection Set: 10.9ms
[2025-12-24T12:47:00.450+0000][gc,phases   ] GC(108)   Post Evacuate Collection Set: 1.5ms
[2025-12-24T12:47:00.450+0000][gc,phases   ] GC(108)   Other: 0.5ms
[2025-12-24T12:47:00.450+0000][gc,heap     ] GC(108) Eden regions: 605->0(607)
[2025-12-24T12:47:00.450+0000][gc,heap     ] GC(108) Survivor regions: 9->7(77)
[2025-12-24T12:47:00.450+0000][gc,heap     ] GC(108) Old regions: 44->45
[2025-12-24T12:47:00.450+0000][gc,heap     ] GC(108) Humongous regions: 131->131
[2025-12-24T12:47:00.450+0000][gc,metaspace] GC(108) Metaspace: 15147K(15744K)->15147K(15744K) NonClass: 13455K(13760K)->13455K(13760K) Class: 1691K(1984K)->1691K(1984K)
[2025-12-24T12:47:00.450+0000][gc          ] GC(108) Pause Young (Normal) (G1 Evacuation Pause) 788M->181M(1024M) 17.337ms
[2025-12-24T12:47:00.450+0000][gc,cpu      ] GC(108) User=0.10s Sys=0.00s Real=0.01s
[2025-12-24T12:47:30.603+0000][gc,start    ] GC(109) Pause Young (Normal) (G1 Evacuation Pause)
[2025-12-24T12:47:30.604+0000][gc,task     ] GC(109) Using 8 workers of 8 for evacuation
[2025-12-24T12:47:30.618+0000][gc,phases   ] GC(109)   Pre Evacuate Collection Set: 1.0ms
[2025-12-24T12:47:30.618+0000][gc,phases   ] GC(109)   Merge Heap Roots: 0.3ms
[2025-12-24T12:47:30.618+0000][gc,phases   ] GC(109)   Evacuate Collection Set: 10.5ms
[2025-12-24T12:47:30.618+0000][gc,phases   ] GC(109)   Post Evacuate Collection Set: 1.6ms
[2025-12-24T12:47:30.618+0000][gc,phases   ] GC(109)   Other: 0.2ms
[2025-12-24T12:47:30.618+0000][gc,heap     ] GC(109) Eden regions: 607->0(606)
[2025-12-24T12:47:30.618+0000][gc,heap     ] GC(109) Survivor regions: 7->8(77)
[2025-12-24T12:47:30.618+0000][gc,heap     ] GC(109) Old regions: 45->45
[2025-12-24T12:47:30.618+0000][gc,heap     ] GC(109) Humongous regions: 131->131
[2025-12-24T12:47:30.619+0000][gc,metaspace] GC(109) Metaspace: 15148K(15744K)->15148K(15744K) NonClass: 13456K(13760K)->13456K(13760K) Class: 1691K(1984K)->1691K(1984K)
[2025-12-24T12:47:30.619+0000][gc          ] GC(109) Pause Young (Normal) (G1 Evacuation Pause) 788M->183M(1024M) 15.618ms
[2025-12-24T12:47:30.619+0000][gc,cpu      ] GC(109) User=0.10s Sys=0.00s Real=0.01s
[2025-12-24T12:48:10.242+0000][gc,start    ] GC(110) Pause Young (Normal) (G1 Evacuation Pause)
[2025-12-24T12:48:10.242+0000][gc,task     ] GC(110) Using 8 workers of 8 for evacuation
[2025-12-24T12:48:10.260+0000][gc,phases   ] GC(110)   Pre Evacuate Collection Set: 1.1ms
[2025-12-24T12:48:10.260+0000][gc,phases   ] GC(110)   Merge Heap Roots: 0.3ms
[2025-12-24T12:48:10.260+0000][gc,phases   ] GC(110)   Evacuate Collection Set: 15.4ms
[2025-12-24T12:48:10.261+0000][gc,phases   ] GC(110)   Post Evacuate Collection Set: 1.0ms
[2025-12-24T12:48:10.261+0000][gc,phases   ] GC(110)   Other: 0.2ms
[2025-12-24T12:48:10.261+0000][gc,heap     ] GC(110) Eden regions: 606->0(602)
[2025-12-24T12:48:10.261+0000][gc,heap     ] GC(110) Survivor regions: 8->12(77)
[2025-12-24T12:48:10.261+0000][gc,heap     ] GC(110) Old regions: 45->45
[2025-12-24T12:48:10.261+0000][gc,heap     ] GC(110) Humongous regions: 149->149
[2025-12-24T12:48:10.261+0000][gc,metaspace] GC(110) Metaspace: 15256K(15744K)->15256K(15744K) NonClass: 13548K(13760K)->13548K(13760K) Class: 1707K(1984K)->1707K(1984K)
[2025-12-24T12:48:10.261+0000][gc          ] GC(110) Pause Young (Normal) (G1 Evacuation Pause) 807M->204M(1024M) 19.451ms
[2025-12-24T12:48:10.261+0000][gc,cpu      ] GC(110) User=0.13s Sys=0.00s Real=0.02s
[2025-12-24T12:48:40.423+0000][gc,start    ] GC(111) Pause Young (Normal) (G1 Evacuation Pause)
[2025-12-24T12:48:40.424+0000][gc,task     ] GC(111) Using 8 workers of 8 for evacuation
[2025-12-24T12:48:40.452+0000][gc,phases   ] GC(111)   Pre Evacuate Collection Set: 1.0ms
[2025-12-24T12:48:40.452+0000][gc,phases   ] GC(111)   Merge Heap Roots: 0.2ms
[2025-12-24T12:48:40.452+0000][gc,phases   ] GC(111)   Evacuate Collection Set: 25.8ms
[2025-12-24T12:48:40.452+0000][gc,phases   ] GC(111)   Post Evacuate Collection Set: 1.2ms
[2025-12-24T12:48:40.452+0000][gc,phases   ] GC(111)   Other: 0.3ms
[2025-12-24T12:48:40.452+0000][gc,heap     ] GC(111) Eden regions: 602->0(601)
[2025-12-24T12:48:40.452+0000][gc,heap     ] GC(111) Survivor regions: 12->13(77)
[2025-12-24T12:48:40.453+0000][gc,heap     ] GC(111) Old regions: 45->46
[2025-12-24T12:48:40.453+0000][gc,heap     ] GC(111) Humongous regions: 149->149
[2025-12-24T12:48:40.453+0000][gc,metaspace] GC(111) Metaspace: 15256K(15744K)->15256K(15744K) NonClass: 13548K(13760K)->13548K(13760K) Class: 1707K(1984K)->1707K(1984K)
[2025-12-24T12:48:40.453+0000][gc          ] GC(111) Pause Young (Normal) (G1 Evacuation Pause) 806M->206M(1024M) 29.862ms
[2025-12-24T12:48:40.453+0000][gc,cpu      ] GC(111) User=0.19s Sys=0.00s Real=0.03s
[2025-12-24T12:49:10.644+0000][gc,start    ] GC(112) Pause Young (Normal) (G1 Evacuation Pause)
[2025-12-24T12:49:10.645+0000][gc,task     ] GC(112) Using 8 workers of 8 for evacuation
[2025-12-24T12:49:10.678+0000][gc,phases   ] GC(112)   Pre Evacuate Collection Set: 1.1ms
[2025-12-24T12:49:10.678+0000][gc,phases   ] GC(112)   Merge Heap Roots: 0.2ms
[2025-12-24T12:49:10.678+0000][gc,phases   ] GC(112)   Evacuate Collection Set: 28.3ms
[2025-12-24T12:49:10.678+0000][gc,phases   ] GC(112)   Post Evacuate Collection Set: 2.9ms
[2025-12-24T12:49:10.678+0000][gc,phases   ] GC(112)   Other: 0.3ms
[2025-12-24T12:49:10.678+0000][gc,heap     ] GC(112) Eden regions: 601->0(600)
[2025-12-24T12:49:10.678+0000][gc,heap     ] GC(112) Survivor regions: 13->14(77)
[2025-12-24T12:49:10.678+0000][gc,heap     ] GC(112) Old regions: 46->46
[2025-12-24T12:49:10.678+0000][gc,heap     ] GC(112) Humongous regions: 149->149
[2025-12-24T12:49:10.678+0000][gc,metaspace] GC(112) Metaspace: 15271K(15744K)->15271K(15744K) NonClass: 13558K(13760K)->13558K(13760K) Class: 1713K(1984K)->1713K(1984K)
[2025-12-24T12:49:10.679+0000][gc          ] GC(112) Pause Young (Normal) (G1 Evacuation Pause) 807M->208M(1024M) 34.026ms
[2025-12-24T12:49:10.679+0000][gc,cpu      ] GC(112) User=0.21s Sys=0.00s Real=0.03s
[2025-12-24T12:49:50.248+0000][gc,start    ] GC(113) Pause Young (Normal) (G1 Evacuation Pause)
[2025-12-24T12:49:50.248+0000][gc,task     ] GC(113) Using 8 workers of 8 for evacuation
[2025-12-24T12:49:50.273+0000][gc,phases   ] GC(113)   Pre Evacuate Collection Set: 1.2ms
[2025-12-24T12:49:50.273+0000][gc,phases   ] GC(113)   Merge Heap Roots: 0.3ms
[2025-12-24T12:49:50.273+0000][gc,phases   ] GC(113)   Evacuate Collection Set: 21.5ms
[2025-12-24T12:49:50.273+0000][gc,phases   ] GC(113)   Post Evacuate Collection Set: 1.0ms
[2025-12-24T12:49:50.273+0000][gc,phases   ] GC(113)   Other: 0.2ms
[2025-12-24T12:49:50.273+0000][gc,heap     ] GC(113) Eden regions: 600->0(605)
[2025-12-24T12:49:50.273+0000][gc,heap     ] GC(113) Survivor regions: 14->9(77)
[2025-12-24T12:49:50.273+0000][gc,heap     ] GC(113) Old regions: 46->46
[2025-12-24T12:49:50.273+0000][gc,heap     ] GC(113) Humongous regions: 149->149
[2025-12-24T12:49:50.273+0000][gc,metaspace] GC(113) Metaspace: 15271K(15744K)->15271K(15744K) NonClass: 13558K(13760K)->13558K(13760K) Class: 1713K(1984K)->1713K(1984K)
[2025-12-24T12:49:50.273+0000][gc          ] GC(113) Pause Young (Normal) (G1 Evacuation Pause) 808M->203M(1024M) 25.521ms
[2025-12-24T12:49:50.273+0000][gc,cpu      ] GC(113) User=0.17s Sys=0.00s Real=0.03s
[2025-12-24T12:50:20.443+0000][gc,start    ] GC(114) Pause Young (Normal) (G1 Evacuation Pause)
[2025-12-24T12:50:20.443+0000][gc,task     ] GC(114) Using 8 workers of 8 for evacuation
[2025-12-24T12:50:20.466+0000][gc,phases   ] GC(114)   Pre Evacuate Collection Set: 1.1ms
[2025-12-24T12:50:20.466+0000][gc,phases   ] GC(114)   Merge Heap Roots: 0.2ms
[2025-12-24T12:50:20.466+0000][gc,phases   ] GC(114)   Evacuate Collection Set: 18.1ms
[2025-12-24T12:50:20.466+0000][gc,phases   ] GC(114)   Post Evacuate Collection Set: 3.1ms
[2025-12-24T12:50:20.466+0000][gc,phases   ] GC(114)   Other: 0.2ms
[2025-12-24T12:50:20.466+0000][gc,heap     ] GC(114) Eden regions: 605->0(603)
[2025-12-24T12:50:20.466+0000][gc,heap     ] GC(114) Survivor regions: 9->11(77)
[2025-12-24T12:50:20.466+0000][gc,heap     ] GC(114) Old regions: 46->47
[2025-12-24T12:50:20.466+0000][gc,heap     ] GC(114) Humongous regions: 149->149
[2025-12-24T12:50:20.466+0000][gc,metaspace] GC(114) Metaspace: 15275K(15744K)->15275K(15744K) NonClass: 13562K(13760K)->13562K(13760K) Class: 1713K(1984K)->1713K(1984K)
[2025-12-24T12:50:20.466+0000][gc          ] GC(114) Pause Young (Normal) (G1 Evacuation Pause) 808M->205M(1024M) 23.980ms
[2025-12-24T12:50:20.467+0000][gc,cpu      ] GC(114) User=0.15s Sys=0.01s Real=0.02s
[2025-12-24T12:50:50.649+0000][gc,start    ] GC(115) Pause Young (Normal) (G1 Evacuation Pause)
[2025-12-24T12:50:50.650+0000][gc,task     ] GC(115) Using 8 workers of 8 for evacuation
[2025-12-24T12:50:50.685+0000][gc,phases   ] GC(115)   Pre Evacuate Collection Set: 3.1ms
[2025-12-24T12:50:50.685+0000][gc,phases   ] GC(115)   Merge Heap Roots: 1.3ms
[2025-12-24T12:50:50.685+0000][gc,phases   ] GC(115)   Evacuate Collection Set: 27.9ms
[2025-12-24T12:50:50.685+0000][gc,phases   ] GC(115)   Post Evacuate Collection Set: 2.2ms
[2025-12-24T12:50:50.686+0000][gc,phases   ] GC(115)   Other: 0.7ms
[2025-12-24T12:50:50.686+0000][gc,heap     ] GC(115) Eden regions: 603->0(603)
[2025-12-24T12:50:50.686+0000][gc,heap     ] GC(115) Survivor regions: 11->11(77)
[2025-12-24T12:50:50.686+0000][gc,heap     ] GC(115) Old regions: 47->47
[2025-12-24T12:50:50.686+0000][gc,heap     ] GC(115) Humongous regions: 149->149
[2025-12-24T12:50:50.686+0000][gc,metaspace] GC(115) Metaspace: 15277K(15744K)->15277K(15744K) NonClass: 13564K(13760K)->13564K(13760K) Class: 1713K(1984K)->1713K(1984K)
[2025-12-24T12:50:50.686+0000][gc          ] GC(115) Pause Young (Normal) (G1 Evacuation Pause) 808M->206M(1024M) 36.671ms
[2025-12-24T12:50:50.686+0000][gc,cpu      ] GC(115) User=0.23s Sys=0.01s Real=0.04s
[2025-12-24T12:51:30.312+0000][gc,start    ] GC(116) Pause Young (Normal) (G1 Evacuation Pause)
[2025-12-24T12:51:30.312+0000][gc,task     ] GC(116) Using 8 workers of 8 for evacuation
[2025-12-24T12:51:30.343+0000][gc,phases   ] GC(116)   Pre Evacuate Collection Set: 2.4ms
[2025-12-24T12:51:30.343+0000][gc,phases   ] GC(116)   Merge Heap Roots: 0.3ms
[2025-12-24T12:51:30.343+0000][gc,phases   ] GC(116)   Evacuate Collection Set: 25.3ms
[2025-12-24T12:51:30.343+0000][gc,phases   ] GC(116)   Post Evacuate Collection Set: 2.1ms
[2025-12-24T12:51:30.343+0000][gc,phases   ] GC(116)   Other: 0.4ms
[2025-12-24T12:51:30.343+0000][gc,heap     ] GC(116) Eden regions: 603->0(604)
[2025-12-24T12:51:30.343+0000][gc,heap     ] GC(116) Survivor regions: 11->10(77)
[2025-12-24T12:51:30.343+0000][gc,heap     ] GC(116) Old regions: 47->47
[2025-12-24T12:51:30.343+0000][gc,heap     ] GC(116) Humongous regions: 149->149
[2025-12-24T12:51:30.343+0000][gc,metaspace] GC(116) Metaspace: 15281K(15744K)->15281K(15744K) NonClass: 13567K(13760K)->13567K(13760K) Class: 1713K(1984K)->1713K(1984K)
[2025-12-24T12:51:30.344+0000][gc          ] GC(116) Pause Young (Normal) (G1 Evacuation Pause) 809M->205M(1024M) 31.877ms
[2025-12-24T12:51:30.344+0000][gc,cpu      ] GC(116) User=0.21s Sys=0.00s Real=0.03s
[2025-12-24T12:52:00.549+0000][gc,start    ] GC(117) Pause Young (Normal) (G1 Evacuation Pause)
[2025-12-24T12:52:00.549+0000][gc,task     ] GC(117) Using 8 workers of 8 for evacuation
[2025-12-24T12:52:00.582+0000][gc,phases   ] GC(117)   Pre Evacuate Collection Set: 5.3ms
[2025-12-24T12:52:00.582+0000][gc,phases   ] GC(117)   Merge Heap Roots: 0.5ms
[2025-12-24T12:52:00.582+0000][gc,phases   ] GC(117)   Evacuate Collection Set: 25.4ms
[2025-12-24T12:52:00.582+0000][gc,phases   ] GC(117)   Post Evacuate Collection Set: 1.0ms
[2025-12-24T12:52:00.582+0000][gc,phases   ] GC(117)   Other: 0.2ms
[2025-12-24T12:52:00.582+0000][gc,heap     ] GC(117) Eden regions: 604->0(603)
[2025-12-24T12:52:00.582+0000][gc,heap     ] GC(117) Survivor regions: 10->11(77)
[2025-12-24T12:52:00.582+0000][gc,heap     ] GC(117) Old regions: 47->48
[2025-12-24T12:52:00.582+0000][gc,heap     ] GC(117) Humongous regions: 149->149
[2025-12-24T12:52:00.582+0000][gc,metaspace] GC(117) Metaspace: 15389K(15808K)->15389K(15808K) NonClass: 13676K(13824K)->13676K(13824K) Class: 1713K(1984K)->1713K(1984K)
[2025-12-24T12:52:00.582+0000][gc          ] GC(117) Pause Young (Normal) (G1 Evacuation Pause) 809M->207M(1024M) 33.459ms
[2025-12-24T12:52:00.582+0000][gc,cpu      ] GC(117) User=0.22s Sys=0.00s Real=0.04s
[2025-12-24T12:52:30.639+0000][gc,start    ] GC(118) Pause Young (Normal) (G1 Evacuation Pause)
[2025-12-24T12:52:30.639+0000][gc,task     ] GC(118) Using 8 workers of 8 for evacuation
[2025-12-24T12:52:30.658+0000][gc,phases   ] GC(118)   Pre Evacuate Collection Set: 0.9ms
[2025-12-24T12:52:30.658+0000][gc,phases   ] GC(118)   Merge Heap Roots: 0.2ms
[2025-12-24T12:52:30.658+0000][gc,phases   ] GC(118)   Evacuate Collection Set: 16.1ms
[2025-12-24T12:52:30.658+0000][gc,phases   ] GC(118)   Post Evacuate Collection Set: 1.1ms
[2025-12-24T12:52:30.658+0000][gc,phases   ] GC(118)   Other: 0.2ms
[2025-12-24T12:52:30.658+0000][gc,heap     ] GC(118) Eden regions: 603->0(604)
[2025-12-24T12:52:30.658+0000][gc,heap     ] GC(118) Survivor regions: 11->10(77)
[2025-12-24T12:52:30.658+0000][gc,heap     ] GC(118) Old regions: 48->48
[2025-12-24T12:52:30.658+0000][gc,heap     ] GC(118) Humongous regions: 149->149
[2025-12-24T12:52:30.658+0000][gc,metaspace] GC(118) Metaspace: 15391K(15808K)->15391K(15808K) NonClass: 13677K(13824K)->13677K(13824K) Class: 1713K(1984K)->1713K(1984K)
[2025-12-24T12:52:30.659+0000][gc          ] GC(118) Pause Young (Normal) (G1 Evacuation Pause) 810M->205M(1024M) 19.773ms
[2025-12-24T12:52:30.659+0000][gc,cpu      ] GC(118) User=0.13s Sys=0.00s Real=0.02s
[2025-12-24T12:53:10.282+0000][gc,start    ] GC(119) Pause Young (Normal) (G1 Evacuation Pause)
[2025-12-24T12:53:10.283+0000][gc,task     ] GC(119) Using 8 workers of 8 for evacuation
[2025-12-24T12:53:10.305+0000][gc,phases   ] GC(119)   Pre Evacuate Collection Set: 1.2ms
[2025-12-24T12:53:10.305+0000][gc,phases   ] GC(119)   Merge Heap Roots: 0.3ms
[2025-12-24T12:53:10.305+0000][gc,phases   ] GC(119)   Evacuate Collection Set: 19.4ms
[2025-12-24T12:53:10.305+0000][gc,phases   ] GC(119)   Post Evacuate Collection Set: 1.2ms
[2025-12-24T12:53:10.305+0000][gc,phases   ] GC(119)   Other: 0.2ms
[2025-12-24T12:53:10.305+0000][gc,heap     ] GC(119) Eden regions: 604->0(606)
[2025-12-24T12:53:10.305+0000][gc,heap     ] GC(119) Survivor regions: 10->8(77)
[2025-12-24T12:53:10.305+0000][gc,heap     ] GC(119) Old regions: 48->48
[2025-12-24T12:53:10.305+0000][gc,heap     ] GC(119) Humongous regions: 149->149
[2025-12-24T12:53:10.306+0000][gc,metaspace] GC(119) Metaspace: 15391K(15808K)->15391K(15808K) NonClass: 13677K(13824K)->13677K(13824K) Class: 1713K(1984K)->1713K(1984K)
[2025-12-24T12:53:10.306+0000][gc          ] GC(119) Pause Young (Normal) (G1 Evacuation Pause) 809M->204M(1024M) 24.024ms
[2025-12-24T12:53:10.306+0000][gc,cpu      ] GC(119) User=0.15s Sys=0.02s Real=0.02s
[2025-12-24T12:53:40.483+0000][gc,start    ] GC(120) Pause Young (Normal) (G1 Evacuation Pause)
[2025-12-24T12:53:40.485+0000][gc,task     ] GC(120) Using 8 workers of 8 for evacuation
[2025-12-24T12:53:40.506+0000][gc,phases   ] GC(120)   Pre Evacuate Collection Set: 1.1ms
[2025-12-24T12:53:40.507+0000][gc,phases   ] GC(120)   Merge Heap Roots: 0.2ms
[2025-12-24T12:53:40.507+0000][gc,phases   ] GC(120)   Evacuate Collection Set: 19.3ms
[2025-12-24T12:53:40.507+0000][gc,phases   ] GC(120)   Post Evacuate Collection Set: 1.1ms
[2025-12-24T12:53:40.507+0000][gc,phases   ] GC(120)   Other: 0.2ms
[2025-12-24T12:53:40.507+0000][gc,heap     ] GC(120) Eden regions: 606->0(605)
[2025-12-24T12:53:40.507+0000][gc,heap     ] GC(120) Survivor regions: 8->9(77)
[2025-12-24T12:53:40.507+0000][gc,heap     ] GC(120) Old regions: 48->49
[2025-12-24T12:53:40.507+0000][gc,heap     ] GC(120) Humongous regions: 149->149
[2025-12-24T12:53:40.507+0000][gc,metaspace] GC(120) Metaspace: 15391K(15808K)->15391K(15808K) NonClass: 13677K(13824K)->13677K(13824K) Class: 1713K(1984K)->1713K(1984K)
[2025-12-24T12:53:40.507+0000][gc          ] GC(120) Pause Young (Normal) (G1 Evacuation Pause) 810M->205M(1024M) 23.820ms
[2025-12-24T12:53:40.507+0000][gc,cpu      ] GC(120) User=0.16s Sys=0.00s Real=0.02s
[2025-12-24T12:54:10.694+0000][gc,start    ] GC(121) Pause Young (Normal) (G1 Evacuation Pause)
[2025-12-24T12:54:10.695+0000][gc,task     ] GC(121) Using 8 workers of 8 for evacuation
[2025-12-24T12:54:10.722+0000][gc,phases   ] GC(121)   Pre Evacuate Collection Set: 1.0ms
[2025-12-24T12:54:10.723+0000][gc,phases   ] GC(121)   Merge Heap Roots: 0.3ms
[2025-12-24T12:54:10.723+0000][gc,phases   ] GC(121)   Evacuate Collection Set: 24.9ms
[2025-12-24T12:54:10.723+0000][gc,phases   ] GC(121)   Post Evacuate Collection Set: 0.9ms
[2025-12-24T12:54:10.723+0000][gc,phases   ] GC(121)   Other: 0.2ms
[2025-12-24T12:54:10.723+0000][gc,heap     ] GC(121) Eden regions: 605->0(604)
[2025-12-24T12:54:10.723+0000][gc,heap     ] GC(121) Survivor regions: 9->10(77)
[2025-12-24T12:54:10.723+0000][gc,heap     ] GC(121) Old regions: 49->49
[2025-12-24T12:54:10.723+0000][gc,heap     ] GC(121) Humongous regions: 149->149
[2025-12-24T12:54:10.723+0000][gc,metaspace] GC(121) Metaspace: 15391K(15808K)->15391K(15808K) NonClass: 13677K(13824K)->13677K(13824K) Class: 1713K(1984K)->1713K(1984K)
[2025-12-24T12:54:10.723+0000][gc          ] GC(121) Pause Young (Normal) (G1 Evacuation Pause) 810M->207M(1024M) 29.057ms
[2025-12-24T12:54:10.723+0000][gc,cpu      ] GC(121) User=0.20s Sys=0.00s Real=0.03s
[2025-12-24T12:54:50.312+0000][gc,start    ] GC(122) Pause Young (Normal) (G1 Evacuation Pause)
[2025-12-24T12:54:50.313+0000][gc,task     ] GC(122) Using 8 workers of 8 for evacuation
[2025-12-24T12:54:50.337+0000][gc,phases   ] GC(122)   Pre Evacuate Collection Set: 1.2ms
[2025-12-24T12:54:50.337+0000][gc,phases   ] GC(122)   Merge Heap Roots: 0.3ms
[2025-12-24T12:54:50.337+0000][gc,phases   ] GC(122)   Evacuate Collection Set: 20.9ms
[2025-12-24T12:54:50.337+0000][gc,phases   ] GC(122)   Post Evacuate Collection Set: 1.1ms
[2025-12-24T12:54:50.337+0000][gc,phases   ] GC(122)   Other: 0.2ms
[2025-12-24T12:54:50.337+0000][gc,heap     ] GC(122) Eden regions: 604->0(605)
[2025-12-24T12:54:50.337+0000][gc,heap     ] GC(122) Survivor regions: 10->9(77)
[2025-12-24T12:54:50.337+0000][gc,heap     ] GC(122) Old regions: 49->49
[2025-12-24T12:54:50.337+0000][gc,heap     ] GC(122) Humongous regions: 149->149
[2025-12-24T12:54:50.337+0000][gc,metaspace] GC(122) Metaspace: 15391K(15808K)->15391K(15808K) NonClass: 13677K(13824K)->13677K(13824K) Class: 1713K(1984K)->1713K(1984K)
[2025-12-24T12:54:50.337+0000][gc          ] GC(122) Pause Young (Normal) (G1 Evacuation Pause) 811M->206M(1024M) 25.166ms
[2025-12-24T12:54:50.338+0000][gc,cpu      ] GC(122) User=0.16s Sys=0.00s Real=0.02s
[2025-12-24T12:55:20.495+0000][gc,start    ] GC(123) Pause Young (Normal) (G1 Evacuation Pause)
[2025-12-24T12:55:20.496+0000][gc,task     ] GC(123) Using 8 workers of 8 for evacuation
[2025-12-24T12:55:20.509+0000][gc,phases   ] GC(123)   Pre Evacuate Collection Set: 1.2ms
[2025-12-24T12:55:20.510+0000][gc,phases   ] GC(123)   Merge Heap Roots: 0.3ms
[2025-12-24T12:55:20.510+0000][gc,phases   ] GC(123)   Evacuate Collection Set: 10.7ms
[2025-12-24T12:55:20.510+0000][gc,phases   ] GC(123)   Post Evacuate Collection Set: 1.1ms
[2025-12-24T12:55:20.510+0000][gc,phases   ] GC(123)   Other: 0.2ms
[2025-12-24T12:55:20.510+0000][gc,heap     ] GC(123) Eden regions: 605->0(606)
[2025-12-24T12:55:20.510+0000][gc,heap     ] GC(123) Survivor regions: 9->8(77)
[2025-12-24T12:55:20.510+0000][gc,heap     ] GC(123) Old regions: 49->50
[2025-12-24T12:55:20.510+0000][gc,heap     ] GC(123) Humongous regions: 149->149
[2025-12-24T12:55:20.511+0000][gc,metaspace] GC(123) Metaspace: 15391K(15808K)->15391K(15808K) NonClass: 13677K(13824K)->13677K(13824K) Class: 1713K(1984K)->1713K(1984K)
[2025-12-24T12:55:20.511+0000][gc          ] GC(123) Pause Young (Normal) (G1 Evacuation Pause) 811M->205M(1024M) 15.876ms
[2025-12-24T12:55:20.511+0000][gc,cpu      ] GC(123) User=0.09s Sys=0.00s Real=0.02s
[2025-12-24T12:55:50.705+0000][gc,start    ] GC(124) Pause Young (Normal) (G1 Evacuation Pause)
[2025-12-24T12:55:50.706+0000][gc,task     ] GC(124) Using 8 workers of 8 for evacuation
[2025-12-24T12:55:50.726+0000][gc,phases   ] GC(124)   Pre Evacuate Collection Set: 1.0ms
[2025-12-24T12:55:50.727+0000][gc,phases   ] GC(124)   Merge Heap Roots: 0.3ms
[2025-12-24T12:55:50.727+0000][gc,phases   ] GC(124)   Evacuate Collection Set: 17.8ms
[2025-12-24T12:55:50.727+0000][gc,phases   ] GC(124)   Post Evacuate Collection Set: 1.3ms
[2025-12-24T12:55:50.727+0000][gc,phases   ] GC(124)   Other: 0.3ms
[2025-12-24T12:55:50.727+0000][gc,heap     ] GC(124) Eden regions: 606->0(606)
[2025-12-24T12:55:50.727+0000][gc,heap     ] GC(124) Survivor regions: 8->8(77)
[2025-12-24T12:55:50.727+0000][gc,heap     ] GC(124) Old regions: 50->50
[2025-12-24T12:55:50.727+0000][gc,heap     ] GC(124) Humongous regions: 149->149
[2025-12-24T12:55:50.727+0000][gc,metaspace] GC(124) Metaspace: 15391K(15808K)->15391K(15808K) NonClass: 13677K(13824K)->13677K(13824K) Class: 1713K(1984K)->1713K(1984K)
[2025-12-24T12:55:50.727+0000][gc          ] GC(124) Pause Young (Normal) (G1 Evacuation Pause) 811M->206M(1024M) 22.513ms
[2025-12-24T12:55:50.727+0000][gc,cpu      ] GC(124) User=0.14s Sys=0.00s Real=0.02s
[2025-12-24T12:56:30.321+0000][gc,start    ] GC(125) Pause Young (Normal) (G1 Evacuation Pause)
[2025-12-24T12:56:30.321+0000][gc,task     ] GC(125) Using 8 workers of 8 for evacuation
[2025-12-24T12:56:30.335+0000][gc,phases   ] GC(125)   Pre Evacuate Collection Set: 1.0ms
[2025-12-24T12:56:30.335+0000][gc,phases   ] GC(125)   Merge Heap Roots: 0.3ms
[2025-12-24T12:56:30.335+0000][gc,phases   ] GC(125)   Evacuate Collection Set: 11.3ms
[2025-12-24T12:56:30.335+0000][gc,phases   ] GC(125)   Post Evacuate Collection Set: 1.0ms
[2025-12-24T12:56:30.335+0000][gc,phases   ] GC(125)   Other: 0.2ms
[2025-12-24T12:56:30.335+0000][gc,heap     ] GC(125) Eden regions: 606->0(609)
[2025-12-24T12:56:30.335+0000][gc,heap     ] GC(125) Survivor regions: 8->5(77)
[2025-12-24T12:56:30.336+0000][gc,heap     ] GC(125) Old regions: 50->52
[2025-12-24T12:56:30.336+0000][gc,heap     ] GC(125) Humongous regions: 149->149
[2025-12-24T12:56:30.336+0000][gc,metaspace] GC(125) Metaspace: 15391K(15808K)->15391K(15808K) NonClass: 13677K(13824K)->13677K(13824K) Class: 1713K(1984K)->1713K(1984K)
[2025-12-24T12:56:30.336+0000][gc          ] GC(125) Pause Young (Normal) (G1 Evacuation Pause) 812M->205M(1024M) 14.917ms
[2025-12-24T12:56:30.336+0000][gc,cpu      ] GC(125) User=0.10s Sys=0.00s Real=0.01s
[2025-12-24T12:57:00.519+0000][gc,start    ] GC(126) Pause Young (Normal) (G1 Evacuation Pause)
[2025-12-24T12:57:00.520+0000][gc,task     ] GC(126) Using 8 workers of 8 for evacuation
[2025-12-24T12:57:00.532+0000][gc,phases   ] GC(126)   Pre Evacuate Collection Set: 2.8ms
[2025-12-24T12:57:00.532+0000][gc,phases   ] GC(126)   Merge Heap Roots: 0.2ms
[2025-12-24T12:57:00.532+0000][gc,phases   ] GC(126)   Evacuate Collection Set: 7.4ms
[2025-12-24T12:57:00.532+0000][gc,phases   ] GC(126)   Post Evacuate Collection Set: 1.4ms
[2025-12-24T12:57:00.532+0000][gc,phases   ] GC(126)   Other: 0.2ms
[2025-12-24T12:57:00.532+0000][gc,heap     ] GC(126) Eden regions: 609->0(607)
[2025-12-24T12:57:00.532+0000][gc,heap     ] GC(126) Survivor regions: 5->7(77)
[2025-12-24T12:57:00.532+0000][gc,heap     ] GC(126) Old regions: 52->52
[2025-12-24T12:57:00.532+0000][gc,heap     ] GC(126) Humongous regions: 149->149
[2025-12-24T12:57:00.532+0000][gc,metaspace] GC(126) Metaspace: 15391K(15808K)->15391K(15808K) NonClass: 13677K(13824K)->13677K(13824K) Class: 1713K(1984K)->1713K(1984K)
[2025-12-24T12:57:00.532+0000][gc          ] GC(126) Pause Young (Normal) (G1 Evacuation Pause) 814M->207M(1024M) 13.561ms
[2025-12-24T12:57:00.532+0000][gc,cpu      ] GC(126) User=0.07s Sys=0.00s Real=0.02s
[2025-12-24T12:57:40.180+0000][gc,start    ] GC(127) Pause Young (Normal) (G1 Evacuation Pause)
[2025-12-24T12:57:40.182+0000][gc,task     ] GC(127) Using 8 workers of 8 for evacuation
[2025-12-24T12:57:40.199+0000][gc,phases   ] GC(127)   Pre Evacuate Collection Set: 1.3ms
[2025-12-24T12:57:40.200+0000][gc,phases   ] GC(127)   Merge Heap Roots: 0.2ms
[2025-12-24T12:57:40.200+0000][gc,phases   ] GC(127)   Evacuate Collection Set: 14.7ms
[2025-12-24T12:57:40.200+0000][gc,phases   ] GC(127)   Post Evacuate Collection Set: 1.3ms
[2025-12-24T12:57:40.200+0000][gc,phases   ] GC(127)   Other: 0.2ms
[2025-12-24T12:57:40.200+0000][gc,heap     ] GC(127) Eden regions: 607->0(608)
[2025-12-24T12:57:40.200+0000][gc,heap     ] GC(127) Survivor regions: 7->6(77)
[2025-12-24T12:57:40.200+0000][gc,heap     ] GC(127) Old regions: 52->53
[2025-12-24T12:57:40.200+0000][gc,heap     ] GC(127) Humongous regions: 149->149
[2025-12-24T12:57:40.200+0000][gc,metaspace] GC(127) Metaspace: 15396K(15808K)->15396K(15808K) NonClass: 13682K(13824K)->13682K(13824K) Class: 1713K(1984K)->1713K(1984K)
[2025-12-24T12:57:40.200+0000][gc          ] GC(127) Pause Young (Normal) (G1 Evacuation Pause) 814M->206M(1024M) 19.710ms
[2025-12-24T12:57:40.200+0000][gc,cpu      ] GC(127) User=0.11s Sys=0.01s Real=0.02s
[2025-12-24T12:58:10.383+0000][gc,start    ] GC(128) Pause Young (Normal) (G1 Evacuation Pause)
[2025-12-24T12:58:10.384+0000][gc,task     ] GC(128) Using 8 workers of 8 for evacuation
[2025-12-24T12:58:10.394+0000][gc,phases   ] GC(128)   Pre Evacuate Collection Set: 1.6ms
[2025-12-24T12:58:10.395+0000][gc,phases   ] GC(128)   Merge Heap Roots: 0.4ms
[2025-12-24T12:58:10.395+0000][gc,phases   ] GC(128)   Evacuate Collection Set: 7.2ms
[2025-12-24T12:58:10.395+0000][gc,phases   ] GC(128)   Post Evacuate Collection Set: 1.0ms
[2025-12-24T12:58:10.395+0000][gc,phases   ] GC(128)   Other: 0.3ms
[2025-12-24T12:58:10.395+0000][gc,heap     ] GC(128) Eden regions: 608->0(609)
[2025-12-24T12:58:10.395+0000][gc,heap     ] GC(128) Survivor regions: 6->5(77)
[2025-12-24T12:58:10.395+0000][gc,heap     ] GC(128) Old regions: 53->53
[2025-12-24T12:58:10.395+0000][gc,heap     ] GC(128) Humongous regions: 149->149
[2025-12-24T12:58:10.395+0000][gc,metaspace] GC(128) Metaspace: 15396K(15808K)->15396K(15808K) NonClass: 13682K(13824K)->13682K(13824K) Class: 1713K(1984K)->1713K(1984K)
[2025-12-24T12:58:10.395+0000][gc          ] GC(128) Pause Young (Normal) (G1 Evacuation Pause) 814M->205M(1024M) 12.156ms
[2025-12-24T12:58:10.395+0000][gc,cpu      ] GC(128) User=0.07s Sys=0.00s Real=0.01s
[2025-12-24T12:58:40.603+0000][gc,start    ] GC(129) Pause Young (Normal) (G1 Evacuation Pause)
[2025-12-24T12:58:40.604+0000][gc,task     ] GC(129) Using 8 workers of 8 for evacuation
[2025-12-24T12:58:40.613+0000][gc,phases   ] GC(129)   Pre Evacuate Collection Set: 1.0ms
[2025-12-24T12:58:40.613+0000][gc,phases   ] GC(129)   Merge Heap Roots: 0.2ms
[2025-12-24T12:58:40.613+0000][gc,phases   ] GC(129)   Evacuate Collection Set: 5.9ms
[2025-12-24T12:58:40.613+0000][gc,phases   ] GC(129)   Post Evacuate Collection Set: 1.3ms
[2025-12-24T12:58:40.613+0000][gc,phases   ] GC(129)   Other: 0.2ms
[2025-12-24T12:58:40.613+0000][gc,heap     ] GC(129) Eden regions: 609->0(608)
[2025-12-24T12:58:40.613+0000][gc,heap     ] GC(129) Survivor regions: 5->6(77)
[2025-12-24T12:58:40.614+0000][gc,heap     ] GC(129) Old regions: 53->53
[2025-12-24T12:58:40.614+0000][gc,heap     ] GC(129) Humongous regions: 149->149
[2025-12-24T12:58:40.614+0000][gc,metaspace] GC(129) Metaspace: 15396K(15808K)->15396K(15808K) NonClass: 13682K(13824K)->13682K(13824K) Class: 1713K(1984K)->1713K(1984K)
[2025-12-24T12:58:40.614+0000][gc          ] GC(129) Pause Young (Normal) (G1 Evacuation Pause) 814M->207M(1024M) 10.628ms
[2025-12-24T12:58:40.614+0000][gc,cpu      ] GC(129) User=0.05s Sys=0.00s Real=0.01s
[2025-12-24T12:59:20.245+0000][gc,start    ] GC(130) Pause Young (Normal) (G1 Evacuation Pause)
[2025-12-24T12:59:20.246+0000][gc,task     ] GC(130) Using 8 workers of 8 for evacuation
[2025-12-24T12:59:20.258+0000][gc,phases   ] GC(130)   Pre Evacuate Collection Set: 1.4ms
[2025-12-24T12:59:20.258+0000][gc,phases   ] GC(130)   Merge Heap Roots: 0.4ms
[2025-12-24T12:59:20.258+0000][gc,phases   ] GC(130)   Evacuate Collection Set: 8.9ms
[2025-12-24T12:59:20.258+0000][gc,phases   ] GC(130)   Post Evacuate Collection Set: 1.0ms
[2025-12-24T12:59:20.258+0000][gc,phases   ] GC(130)   Other: 0.2ms
[2025-12-24T12:59:20.258+0000][gc,heap     ] GC(130) Eden regions: 608->0(608)
[2025-12-24T12:59:20.258+0000][gc,heap     ] GC(130) Survivor regions: 6->6(77)
[2025-12-24T12:59:20.258+0000][gc,heap     ] GC(130) Old regions: 53->53
[2025-12-24T12:59:20.258+0000][gc,heap     ] GC(130) Humongous regions: 149->149
[2025-12-24T12:59:20.258+0000][gc,metaspace] GC(130) Metaspace: 15396K(15808K)->15396K(15808K) NonClass: 13682K(13824K)->13682K(13824K) Class: 1713K(1984K)->1713K(1984K)
[2025-12-24T12:59:20.258+0000][gc          ] GC(130) Pause Young (Normal) (G1 Evacuation Pause) 815M->206M(1024M) 13.675ms
[2025-12-24T12:59:20.258+0000][gc,cpu      ] GC(130) User=0.08s Sys=0.00s Real=0.02s
[2025-12-24T12:59:50.452+0000][gc,start    ] GC(131) Pause Young (Normal) (G1 Evacuation Pause)
[2025-12-24T12:59:50.452+0000][gc,task     ] GC(131) Using 8 workers of 8 for evacuation
[2025-12-24T12:59:50.464+0000][gc,phases   ] GC(131)   Pre Evacuate Collection Set: 2.1ms
[2025-12-24T12:59:50.464+0000][gc,phases   ] GC(131)   Merge Heap Roots: 0.9ms
[2025-12-24T12:59:50.464+0000][gc,phases   ] GC(131)   Evacuate Collection Set: 7.6ms
[2025-12-24T12:59:50.464+0000][gc,phases   ] GC(131)   Post Evacuate Collection Set: 1.1ms
[2025-12-24T12:59:50.464+0000][gc,phases   ] GC(131)   Other: 0.2ms
[2025-12-24T12:59:50.464+0000][gc,heap     ] GC(131) Eden regions: 608->0(606)
[2025-12-24T12:59:50.464+0000][gc,heap     ] GC(131) Survivor regions: 6->8(77)
[2025-12-24T12:59:50.464+0000][gc,heap     ] GC(131) Old regions: 53->53
[2025-12-24T12:59:50.464+0000][gc,heap     ] GC(131) Humongous regions: 149->149
[2025-12-24T12:59:50.465+0000][gc,metaspace] GC(131) Metaspace: 15396K(15808K)->15396K(15808K) NonClass: 13682K(13824K)->13682K(13824K) Class: 1713K(1984K)->1713K(1984K)
[2025-12-24T12:59:50.465+0000][gc          ] GC(131) Pause Young (Normal) (G1 Evacuation Pause) 814M->208M(1024M) 13.078ms
[2025-12-24T12:59:50.465+0000][gc,cpu      ] GC(131) User=0.06s Sys=0.01s Real=0.01s
[2025-12-24T13:00:20.665+0000][gc,start    ] GC(132) Pause Young (Normal) (G1 Evacuation Pause)
[2025-12-24T13:00:20.665+0000][gc,task     ] GC(132) Using 8 workers of 8 for evacuation
[2025-12-24T13:00:20.678+0000][gc,phases   ] GC(132)   Pre Evacuate Collection Set: 1.2ms
[2025-12-24T13:00:20.678+0000][gc,phases   ] GC(132)   Merge Heap Roots: 0.2ms
[2025-12-24T13:00:20.678+0000][gc,phases   ] GC(132)   Evacuate Collection Set: 10.1ms
[2025-12-24T13:00:20.678+0000][gc,phases   ] GC(132)   Post Evacuate Collection Set: 1.2ms
[2025-12-24T13:00:20.678+0000][gc,phases   ] GC(132)   Other: 0.2ms
[2025-12-24T13:00:20.678+0000][gc,heap     ] GC(132) Eden regions: 606->0(604)
[2025-12-24T13:00:20.678+0000][gc,heap     ] GC(132) Survivor regions: 8->10(77)
[2025-12-24T13:00:20.678+0000][gc,heap     ] GC(132) Old regions: 53->53
[2025-12-24T13:00:20.678+0000][gc,heap     ] GC(132) Humongous regions: 149->149
[2025-12-24T13:00:20.678+0000][gc,metaspace] GC(132) Metaspace: 15396K(15808K)->15396K(15808K) NonClass: 13682K(13824K)->13682K(13824K) Class: 1713K(1984K)->1713K(1984K)
[2025-12-24T13:00:20.679+0000][gc          ] GC(132) Pause Young (Normal) (G1 Evacuation Pause) 814M->210M(1024M) 13.939ms
[2025-12-24T13:00:20.679+0000][gc,cpu      ] GC(132) User=0.07s Sys=0.00s Real=0.02s
[2025-12-24T13:01:00.292+0000][gc,start    ] GC(133) Pause Young (Normal) (G1 Evacuation Pause)
[2025-12-24T13:01:00.292+0000][gc,task     ] GC(133) Using 8 workers of 8 for evacuation
[2025-12-24T13:01:00.303+0000][gc,phases   ] GC(133)   Pre Evacuate Collection Set: 1.3ms
[2025-12-24T13:01:00.303+0000][gc,phases   ] GC(133)   Merge Heap Roots: 0.2ms
[2025-12-24T13:01:00.303+0000][gc,phases   ] GC(133)   Evacuate Collection Set: 7.3ms
[2025-12-24T13:01:00.303+0000][gc,phases   ] GC(133)   Post Evacuate Collection Set: 1.7ms
[2025-12-24T13:01:00.303+0000][gc,phases   ] GC(133)   Other: 0.2ms
[2025-12-24T13:01:00.303+0000][gc,heap     ] GC(133) Eden regions: 604->0(609)
[2025-12-24T13:01:00.303+0000][gc,heap     ] GC(133) Survivor regions: 10->5(77)
[2025-12-24T13:01:00.303+0000][gc,heap     ] GC(133) Old regions: 53->53
[2025-12-24T13:01:00.303+0000][gc,heap     ] GC(133) Humongous regions: 149->149
[2025-12-24T13:01:00.304+0000][gc,metaspace] GC(133) Metaspace: 15396K(15808K)->15396K(15808K) NonClass: 13682K(13824K)->13682K(13824K) Class: 1713K(1984K)->1713K(1984K)
[2025-12-24T13:01:00.304+0000][gc          ] GC(133) Pause Young (Normal) (G1 Evacuation Pause) 814M->206M(1024M) 12.101ms
[2025-12-24T13:01:00.304+0000][gc,cpu      ] GC(133) User=0.06s Sys=0.00s Real=0.01s
[2025-12-24T13:01:30.515+0000][gc,start    ] GC(134) Pause Young (Normal) (G1 Evacuation Pause)
[2025-12-24T13:01:30.516+0000][gc,task     ] GC(134) Using 8 workers of 8 for evacuation
[2025-12-24T13:01:30.524+0000][gc,phases   ] GC(134)   Pre Evacuate Collection Set: 1.2ms
[2025-12-24T13:01:30.524+0000][gc,phases   ] GC(134)   Merge Heap Roots: 0.2ms
[2025-12-24T13:01:30.524+0000][gc,phases   ] GC(134)   Evacuate Collection Set: 5.1ms
[2025-12-24T13:01:30.524+0000][gc,phases   ] GC(134)   Post Evacuate Collection Set: 1.2ms
[2025-12-24T13:01:30.524+0000][gc,phases   ] GC(134)   Other: 0.2ms
[2025-12-24T13:01:30.524+0000][gc,heap     ] GC(134) Eden regions: 609->0(607)
[2025-12-24T13:01:30.524+0000][gc,heap     ] GC(134) Survivor regions: 5->7(77)
[2025-12-24T13:01:30.524+0000][gc,heap     ] GC(134) Old regions: 53->53
[2025-12-24T13:01:30.525+0000][gc,heap     ] GC(134) Humongous regions: 149->149
[2025-12-24T13:01:30.525+0000][gc,metaspace] GC(134) Metaspace: 15396K(15808K)->15396K(15808K) NonClass: 13682K(13824K)->13682K(13824K) Class: 1713K(1984K)->1713K(1984K)
[2025-12-24T13:01:30.525+0000][gc          ] GC(134) Pause Young (Normal) (G1 Evacuation Pause) 815M->208M(1024M) 9.890ms
[2025-12-24T13:01:30.525+0000][gc,cpu      ] GC(134) User=0.04s Sys=0.00s Real=0.01s
[2025-12-24T13:02:10.116+0000][gc,start    ] GC(135) Pause Young (Normal) (G1 Evacuation Pause)
[2025-12-24T13:02:10.117+0000][gc,task     ] GC(135) Using 8 workers of 8 for evacuation
[2025-12-24T13:02:10.132+0000][gc,phases   ] GC(135)   Pre Evacuate Collection Set: 2.3ms
[2025-12-24T13:02:10.133+0000][gc,phases   ] GC(135)   Merge Heap Roots: 0.5ms
[2025-12-24T13:02:10.133+0000][gc,phases   ] GC(135)   Evacuate Collection Set: 10.2ms
[2025-12-24T13:02:10.133+0000][gc,phases   ] GC(135)   Post Evacuate Collection Set: 1.7ms
[2025-12-24T13:02:10.133+0000][gc,phases   ] GC(135)   Other: 0.5ms
[2025-12-24T13:02:10.133+0000][gc,heap     ] GC(135) Eden regions: 607->0(607)
[2025-12-24T13:02:10.133+0000][gc,heap     ] GC(135) Survivor regions: 7->7(77)
[2025-12-24T13:02:10.134+0000][gc,heap     ] GC(135) Old regions: 53->53
[2025-12-24T13:02:10.134+0000][gc,heap     ] GC(135) Humongous regions: 149->149
[2025-12-24T13:02:10.134+0000][gc,metaspace] GC(135) Metaspace: 15396K(15808K)->15396K(15808K) NonClass: 13682K(13824K)->13682K(13824K) Class: 1713K(1984K)->1713K(1984K)
[2025-12-24T13:02:10.134+0000][gc          ] GC(135) Pause Young (Normal) (G1 Evacuation Pause) 815M->207M(1024M) 17.596ms
[2025-12-24T13:02:10.134+0000][gc,cpu      ] GC(135) User=0.08s Sys=0.00s Real=0.01s
[2025-12-24T13:02:40.354+0000][gc,start    ] GC(136) Pause Young (Normal) (G1 Evacuation Pause)
[2025-12-24T13:02:40.355+0000][gc,task     ] GC(136) Using 8 workers of 8 for evacuation
[2025-12-24T13:02:40.365+0000][gc,phases   ] GC(136)   Pre Evacuate Collection Set: 1.1ms
[2025-12-24T13:02:40.365+0000][gc,phases   ] GC(136)   Merge Heap Roots: 0.2ms
[2025-12-24T13:02:40.365+0000][gc,phases   ] GC(136)   Evacuate Collection Set: 6.2ms
[2025-12-24T13:02:40.365+0000][gc,phases   ] GC(136)   Post Evacuate Collection Set: 2.4ms
[2025-12-24T13:02:40.365+0000][gc,phases   ] GC(136)   Other: 0.2ms
[2025-12-24T13:02:40.365+0000][gc,heap     ] GC(136) Eden regions: 607->0(605)
[2025-12-24T13:02:40.365+0000][gc,heap     ] GC(136) Survivor regions: 7->9(77)
[2025-12-24T13:02:40.366+0000][gc,heap     ] GC(136) Old regions: 53->53
[2025-12-24T13:02:40.366+0000][gc,heap     ] GC(136) Humongous regions: 149->149
[2025-12-24T13:02:40.366+0000][gc,metaspace] GC(136) Metaspace: 15396K(15808K)->15396K(15808K) NonClass: 13682K(13824K)->13682K(13824K) Class: 1713K(1984K)->1713K(1984K)
[2025-12-24T13:02:40.366+0000][gc          ] GC(136) Pause Young (Normal) (G1 Evacuation Pause) 814M->210M(1024M) 11.917ms
[2025-12-24T13:02:40.366+0000][gc,cpu      ] GC(136) User=0.05s Sys=0.00s Real=0.01s
[2025-12-24T13:03:10.516+0000][gc,start    ] GC(137) Pause Young (Normal) (G1 Evacuation Pause)
[2025-12-24T13:03:10.517+0000][gc,task     ] GC(137) Using 8 workers of 8 for evacuation
[2025-12-24T13:03:10.535+0000][gc,phases   ] GC(137)   Pre Evacuate Collection Set: 1.2ms
[2025-12-24T13:03:10.535+0000][gc,phases   ] GC(137)   Merge Heap Roots: 0.2ms
[2025-12-24T13:03:10.535+0000][gc,phases   ] GC(137)   Evacuate Collection Set: 15.3ms
[2025-12-24T13:03:10.535+0000][gc,phases   ] GC(137)   Post Evacuate Collection Set: 1.1ms
[2025-12-24T13:03:10.535+0000][gc,phases   ] GC(137)   Other: 0.3ms
[2025-12-24T13:03:10.535+0000][gc,heap     ] GC(137) Eden regions: 605->0(604)
[2025-12-24T13:03:10.535+0000][gc,heap     ] GC(137) Survivor regions: 9->10(77)
[2025-12-24T13:03:10.535+0000][gc,heap     ] GC(137) Old regions: 53->54
[2025-12-24T13:03:10.535+0000][gc,heap     ] GC(137) Humongous regions: 149->149
[2025-12-24T13:03:10.535+0000][gc,metaspace] GC(137) Metaspace: 15396K(15808K)->15396K(15808K) NonClass: 13682K(13824K)->13682K(13824K) Class: 1713K(1984K)->1713K(1984K)
[2025-12-24T13:03:10.536+0000][gc          ] GC(137) Pause Young (Normal) (G1 Evacuation Pause) 815M->211M(1024M) 19.360ms
[2025-12-24T13:03:10.536+0000][gc,cpu      ] GC(137) User=0.13s Sys=0.00s Real=0.01s
[2025-12-24T13:03:50.175+0000][gc,start    ] GC(138) Pause Young (Normal) (G1 Evacuation Pause)
[2025-12-24T13:03:50.176+0000][gc,task     ] GC(138) Using 8 workers of 8 for evacuation
[2025-12-24T13:03:50.184+0000][gc,phases   ] GC(138)   Pre Evacuate Collection Set: 1.2ms
[2025-12-24T13:03:50.184+0000][gc,phases   ] GC(138)   Merge Heap Roots: 0.3ms
[2025-12-24T13:03:50.184+0000][gc,phases   ] GC(138)   Evacuate Collection Set: 5.5ms
[2025-12-24T13:03:50.185+0000][gc,phases   ] GC(138)   Post Evacuate Collection Set: 1.2ms
[2025-12-24T13:03:50.185+0000][gc,phases   ] GC(138)   Other: 0.4ms
[2025-12-24T13:03:50.185+0000][gc,heap     ] GC(138) Eden regions: 604->0(608)
[2025-12-24T13:03:50.185+0000][gc,heap     ] GC(138) Survivor regions: 10->6(77)
[2025-12-24T13:03:50.185+0000][gc,heap     ] GC(138) Old regions: 54->54
[2025-12-24T13:03:50.185+0000][gc,heap     ] GC(138) Humongous regions: 149->149
[2025-12-24T13:03:50.185+0000][gc,metaspace] GC(138) Metaspace: 15396K(15808K)->15396K(15808K) NonClass: 13682K(13824K)->13682K(13824K) Class: 1713K(1984K)->1713K(1984K)
[2025-12-24T13:03:50.185+0000][gc          ] GC(138) Pause Young (Normal) (G1 Evacuation Pause) 815M->207M(1024M) 9.730ms
[2025-12-24T13:03:50.185+0000][gc,cpu      ] GC(138) User=0.05s Sys=0.01s Real=0.01s
[2025-12-24T13:04:20.388+0000][gc,start    ] GC(139) Pause Young (Normal) (G1 Evacuation Pause)
[2025-12-24T13:04:20.389+0000][gc,task     ] GC(139) Using 8 workers of 8 for evacuation
[2025-12-24T13:04:20.402+0000][gc,phases   ] GC(139)   Pre Evacuate Collection Set: 1.1ms
[2025-12-24T13:04:20.402+0000][gc,phases   ] GC(139)   Merge Heap Roots: 0.2ms
[2025-12-24T13:04:20.402+0000][gc,phases   ] GC(139)   Evacuate Collection Set: 9.9ms
[2025-12-24T13:04:20.402+0000][gc,phases   ] GC(139)   Post Evacuate Collection Set: 1.1ms
[2025-12-24T13:04:20.402+0000][gc,phases   ] GC(139)   Other: 0.3ms
[2025-12-24T13:04:20.402+0000][gc,heap     ] GC(139) Eden regions: 608->0(607)
[2025-12-24T13:04:20.402+0000][gc,heap     ] GC(139) Survivor regions: 6->7(77)
[2025-12-24T13:04:20.402+0000][gc,heap     ] GC(139) Old regions: 54->54
[2025-12-24T13:04:20.402+0000][gc,heap     ] GC(139) Humongous regions: 149->149
[2025-12-24T13:04:20.402+0000][gc,metaspace] GC(139) Metaspace: 15396K(15808K)->15396K(15808K) NonClass: 13682K(13824K)->13682K(13824K) Class: 1713K(1984K)->1713K(1984K)
[2025-12-24T13:04:20.402+0000][gc          ] GC(139) Pause Young (Normal) (G1 Evacuation Pause) 815M->209M(1024M) 14.320ms
[2025-12-24T13:04:20.402+0000][gc,cpu      ] GC(139) User=0.08s Sys=0.00s Real=0.01s
[2025-12-24T13:04:50.612+0000][gc,start    ] GC(140) Pause Young (Normal) (G1 Evacuation Pause)
[2025-12-24T13:04:50.613+0000][gc,task     ] GC(140) Using 8 workers of 8 for evacuation
[2025-12-24T13:04:50.622+0000][gc,phases   ] GC(140)   Pre Evacuate Collection Set: 1.1ms
[2025-12-24T13:04:50.622+0000][gc,phases   ] GC(140)   Merge Heap Roots: 0.3ms
[2025-12-24T13:04:50.622+0000][gc,phases   ] GC(140)   Evacuate Collection Set: 6.3ms
[2025-12-24T13:04:50.622+0000][gc,phases   ] GC(140)   Post Evacuate Collection Set: 1.1ms
[2025-12-24T13:04:50.622+0000][gc,phases   ] GC(140)   Other: 0.2ms
[2025-12-24T13:04:50.622+0000][gc,heap     ] GC(140) Eden regions: 607->0(605)
[2025-12-24T13:04:50.622+0000][gc,heap     ] GC(140) Survivor regions: 7->9(77)
[2025-12-24T13:04:50.622+0000][gc,heap     ] GC(140) Old regions: 54->54
[2025-12-24T13:04:50.622+0000][gc,heap     ] GC(140) Humongous regions: 149->149
[2025-12-24T13:04:50.622+0000][gc,metaspace] GC(140) Metaspace: 15397K(15808K)->15397K(15808K) NonClass: 13683K(13824K)->13683K(13824K) Class: 1713K(1984K)->1713K(1984K)
[2025-12-24T13:04:50.622+0000][gc          ] GC(140) Pause Young (Normal) (G1 Evacuation Pause) 816M->211M(1024M) 10.184ms
[2025-12-24T13:04:50.622+0000][gc,cpu      ] GC(140) User=0.06s Sys=0.00s Real=0.01s
[2025-12-24T13:05:30.232+0000][gc,start    ] GC(141) Pause Young (Normal) (G1 Evacuation Pause)
[2025-12-24T13:05:30.233+0000][gc,task     ] GC(141) Using 8 workers of 8 for evacuation
[2025-12-24T13:05:30.250+0000][gc,phases   ] GC(141)   Pre Evacuate Collection Set: 1.2ms
[2025-12-24T13:05:30.250+0000][gc,phases   ] GC(141)   Merge Heap Roots: 0.2ms
[2025-12-24T13:05:30.250+0000][gc,phases   ] GC(141)   Evacuate Collection Set: 14.5ms
[2025-12-24T13:05:30.251+0000][gc,phases   ] GC(141)   Post Evacuate Collection Set: 1.0ms
[2025-12-24T13:05:30.251+0000][gc,phases   ] GC(141)   Other: 0.2ms
[2025-12-24T13:05:30.251+0000][gc,heap     ] GC(141) Eden regions: 605->0(606)
[2025-12-24T13:05:30.251+0000][gc,heap     ] GC(141) Survivor regions: 9->8(77)
[2025-12-24T13:05:30.251+0000][gc,heap     ] GC(141) Old regions: 54->54
[2025-12-24T13:05:30.251+0000][gc,heap     ] GC(141) Humongous regions: 149->149
[2025-12-24T13:05:30.251+0000][gc,metaspace] GC(141) Metaspace: 15397K(15808K)->15397K(15808K) NonClass: 13683K(13824K)->13683K(13824K) Class: 1713K(1984K)->1713K(1984K)
[2025-12-24T13:05:30.251+0000][gc          ] GC(141) Pause Young (Normal) (G1 Evacuation Pause) 816M->210M(1024M) 18.989ms
[2025-12-24T13:05:30.251+0000][gc,cpu      ] GC(141) User=0.10s Sys=0.02s Real=0.02s
[2025-12-24T13:06:00.468+0000][gc,start    ] GC(142) Pause Young (Normal) (G1 Evacuation Pause)
[2025-12-24T13:06:00.468+0000][gc,task     ] GC(142) Using 8 workers of 8 for evacuation
[2025-12-24T13:06:00.490+0000][gc,phases   ] GC(142)   Pre Evacuate Collection Set: 2.7ms
[2025-12-24T13:06:00.490+0000][gc,phases   ] GC(142)   Merge Heap Roots: 0.7ms
[2025-12-24T13:06:00.490+0000][gc,phases   ] GC(142)   Evacuate Collection Set: 17.0ms
[2025-12-24T13:06:00.490+0000][gc,phases   ] GC(142)   Post Evacuate Collection Set: 0.9ms
[2025-12-24T13:06:00.490+0000][gc,phases   ] GC(142)   Other: 0.2ms
[2025-12-24T13:06:00.490+0000][gc,heap     ] GC(142) Eden regions: 606->0(604)
[2025-12-24T13:06:00.490+0000][gc,heap     ] GC(142) Survivor regions: 8->10(77)
[2025-12-24T13:06:00.490+0000][gc,heap     ] GC(142) Old regions: 54->55
[2025-12-24T13:06:00.490+0000][gc,heap     ] GC(142) Humongous regions: 149->149
[2025-12-24T13:06:00.490+0000][gc,metaspace] GC(142) Metaspace: 15397K(15808K)->15397K(15808K) NonClass: 13684K(13824K)->13684K(13824K) Class: 1713K(1984K)->1713K(1984K)
[2025-12-24T13:06:00.490+0000][gc          ] GC(142) Pause Young (Normal) (G1 Evacuation Pause) 816M->212M(1024M) 22.540ms
[2025-12-24T13:06:00.490+0000][gc,cpu      ] GC(142) User=0.10s Sys=0.01s Real=0.02s
[2025-12-24T13:06:30.686+0000][gc,start    ] GC(143) Pause Young (Normal) (G1 Evacuation Pause)
[2025-12-24T13:06:30.690+0000][gc,task     ] GC(143) Using 8 workers of 8 for evacuation
[2025-12-24T13:06:30.700+0000][gc,phases   ] GC(143)   Pre Evacuate Collection Set: 1.5ms
[2025-12-24T13:06:30.700+0000][gc,phases   ] GC(143)   Merge Heap Roots: 0.2ms
[2025-12-24T13:06:30.700+0000][gc,phases   ] GC(143)   Evacuate Collection Set: 7.7ms
[2025-12-24T13:06:30.701+0000][gc,phases   ] GC(143)   Post Evacuate Collection Set: 1.0ms
[2025-12-24T13:06:30.701+0000][gc,phases   ] GC(143)   Other: 0.3ms
[2025-12-24T13:06:30.701+0000][gc,heap     ] GC(143) Eden regions: 604->0(606)
[2025-12-24T13:06:30.701+0000][gc,heap     ] GC(143) Survivor regions: 10->8(77)
[2025-12-24T13:06:30.701+0000][gc,heap     ] GC(143) Old regions: 55->55
[2025-12-24T13:06:30.701+0000][gc,heap     ] GC(143) Humongous regions: 149->149
[2025-12-24T13:06:30.701+0000][gc,metaspace] GC(143) Metaspace: 15398K(15808K)->15398K(15808K) NonClass: 13684K(13824K)->13684K(13824K) Class: 1713K(1984K)->1713K(1984K)
[2025-12-24T13:06:30.701+0000][gc          ] GC(143) Pause Young (Normal) (G1 Evacuation Pause) 816M->211M(1024M) 14.842ms
[2025-12-24T13:06:30.701+0000][gc,cpu      ] GC(143) User=0.07s Sys=0.00s Real=0.01s
[2025-12-24T13:07:10.265+0000][gc,start    ] GC(144) Pause Young (Normal) (G1 Evacuation Pause)
[2025-12-24T13:07:10.266+0000][gc,task     ] GC(144) Using 8 workers of 8 for evacuation
[2025-12-24T13:07:10.275+0000][gc,phases   ] GC(144)   Pre Evacuate Collection Set: 1.1ms
[2025-12-24T13:07:10.275+0000][gc,phases   ] GC(144)   Merge Heap Roots: 0.3ms
[2025-12-24T13:07:10.275+0000][gc,phases   ] GC(144)   Evacuate Collection Set: 6.2ms
[2025-12-24T13:07:10.275+0000][gc,phases   ] GC(144)   Post Evacuate Collection Set: 1.2ms
[2025-12-24T13:07:10.275+0000][gc,phases   ] GC(144)   Other: 0.2ms
[2025-12-24T13:07:10.275+0000][gc,heap     ] GC(144) Eden regions: 606->0(607)
[2025-12-24T13:07:10.275+0000][gc,heap     ] GC(144) Survivor regions: 8->7(77)
[2025-12-24T13:07:10.275+0000][gc,heap     ] GC(144) Old regions: 55->55
[2025-12-24T13:07:10.276+0000][gc,heap     ] GC(144) Humongous regions: 149->149
[2025-12-24T13:07:10.276+0000][gc,metaspace] GC(144) Metaspace: 15398K(15808K)->15398K(15808K) NonClass: 13684K(13824K)->13684K(13824K) Class: 1713K(1984K)->1713K(1984K)
[2025-12-24T13:07:10.276+0000][gc          ] GC(144) Pause Young (Normal) (G1 Evacuation Pause) 817M->210M(1024M) 10.657ms
[2025-12-24T13:07:10.276+0000][gc,cpu      ] GC(144) User=0.04s Sys=0.01s Real=0.01s
[2025-12-24T13:07:40.456+0000][gc,start    ] GC(145) Pause Young (Normal) (G1 Evacuation Pause)
[2025-12-24T13:07:40.456+0000][gc,task     ] GC(145) Using 8 workers of 8 for evacuation
[2025-12-24T13:07:40.467+0000][gc,phases   ] GC(145)   Pre Evacuate Collection Set: 1.0ms
[2025-12-24T13:07:40.468+0000][gc,phases   ] GC(145)   Merge Heap Roots: 0.3ms
[2025-12-24T13:07:40.468+0000][gc,phases   ] GC(145)   Evacuate Collection Set: 9.0ms
[2025-12-24T13:07:40.468+0000][gc,phases   ] GC(145)   Post Evacuate Collection Set: 1.1ms
[2025-12-24T13:07:40.468+0000][gc,phases   ] GC(145)   Other: 0.2ms
[2025-12-24T13:07:40.468+0000][gc,heap     ] GC(145) Eden regions: 607->0(605)
[2025-12-24T13:07:40.468+0000][gc,heap     ] GC(145) Survivor regions: 7->9(77)
[2025-12-24T13:07:40.468+0000][gc,heap     ] GC(145) Old regions: 55->56
[2025-12-24T13:07:40.468+0000][gc,heap     ] GC(145) Humongous regions: 149->149
[2025-12-24T13:07:40.468+0000][gc,metaspace] GC(145) Metaspace: 15398K(15808K)->15398K(15808K) NonClass: 13684K(13824K)->13684K(13824K) Class: 1713K(1984K)->1713K(1984K)
[2025-12-24T13:07:40.468+0000][gc          ] GC(145) Pause Young (Normal) (G1 Evacuation Pause) 817M->212M(1024M) 12.750ms
[2025-12-24T13:07:40.468+0000][gc,cpu      ] GC(145) User=0.07s Sys=0.00s Real=0.01s
[2025-12-24T13:08:10.673+0000][gc,start    ] GC(146) Pause Young (Normal) (G1 Evacuation Pause)
[2025-12-24T13:08:10.675+0000][gc,task     ] GC(146) Using 8 workers of 8 for evacuation
[2025-12-24T13:08:10.683+0000][gc,phases   ] GC(146)   Pre Evacuate Collection Set: 0.9ms
[2025-12-24T13:08:10.683+0000][gc,phases   ] GC(146)   Merge Heap Roots: 0.2ms
[2025-12-24T13:08:10.683+0000][gc,phases   ] GC(146)   Evacuate Collection Set: 6.3ms
[2025-12-24T13:08:10.683+0000][gc,phases   ] GC(146)   Post Evacuate Collection Set: 0.9ms
[2025-12-24T13:08:10.683+0000][gc,phases   ] GC(146)   Other: 0.2ms
[2025-12-24T13:08:10.683+0000][gc,heap     ] GC(146) Eden regions: 605->0(604)
[2025-12-24T13:08:10.683+0000][gc,heap     ] GC(146) Survivor regions: 9->10(77)
[2025-12-24T13:08:10.683+0000][gc,heap     ] GC(146) Old regions: 56->56
[2025-12-24T13:08:10.683+0000][gc,heap     ] GC(146) Humongous regions: 149->149
[2025-12-24T13:08:10.684+0000][gc,metaspace] GC(146) Metaspace: 15398K(15808K)->15398K(15808K) NonClass: 13685K(13824K)->13685K(13824K) Class: 1713K(1984K)->1713K(1984K)
[2025-12-24T13:08:10.684+0000][gc          ] GC(146) Pause Young (Normal) (G1 Evacuation Pause) 817M->213M(1024M) 10.961ms
[2025-12-24T13:08:10.684+0000][gc,cpu      ] GC(146) User=0.06s Sys=0.00s Real=0.01s
[2025-12-24T13:08:50.309+0000][gc,start    ] GC(147) Pause Young (Normal) (G1 Evacuation Pause)
[2025-12-24T13:08:50.310+0000][gc,task     ] GC(147) Using 8 workers of 8 for evacuation
[2025-12-24T13:08:50.327+0000][gc,phases   ] GC(147)   Pre Evacuate Collection Set: 3.7ms
[2025-12-24T13:08:50.327+0000][gc,phases   ] GC(147)   Merge Heap Roots: 0.3ms
[2025-12-24T13:08:50.327+0000][gc,phases   ] GC(147)   Evacuate Collection Set: 10.6ms
[2025-12-24T13:08:50.327+0000][gc,phases   ] GC(147)   Post Evacuate Collection Set: 1.3ms
[2025-12-24T13:08:50.327+0000][gc,phases   ] GC(147)   Other: 0.5ms
[2025-12-24T13:08:50.327+0000][gc,heap     ] GC(147) Eden regions: 604->0(605)
[2025-12-24T13:08:50.327+0000][gc,heap     ] GC(147) Survivor regions: 10->9(77)
[2025-12-24T13:08:50.327+0000][gc,heap     ] GC(147) Old regions: 56->56
[2025-12-24T13:08:50.327+0000][gc,heap     ] GC(147) Humongous regions: 149->149
[2025-12-24T13:08:50.327+0000][gc,metaspace] GC(147) Metaspace: 15398K(15808K)->15398K(15808K) NonClass: 13685K(13824K)->13685K(13824K) Class: 1713K(1984K)->1713K(1984K)
[2025-12-24T13:08:50.327+0000][gc          ] GC(147) Pause Young (Normal) (G1 Evacuation Pause) 817M->213M(1024M) 18.616ms
[2025-12-24T13:08:50.328+0000][gc,cpu      ] GC(147) User=0.10s Sys=0.01s Real=0.02s
[2025-12-24T13:09:20.499+0000][gc,start    ] GC(148) Pause Young (Normal) (G1 Evacuation Pause)
[2025-12-24T13:09:20.500+0000][gc,task     ] GC(148) Using 8 workers of 8 for evacuation
[2025-12-24T13:09:20.514+0000][gc,phases   ] GC(148)   Pre Evacuate Collection Set: 1.1ms
[2025-12-24T13:09:20.514+0000][gc,phases   ] GC(148)   Merge Heap Roots: 0.3ms
[2025-12-24T13:09:20.514+0000][gc,phases   ] GC(148)   Evacuate Collection Set: 11.2ms
[2025-12-24T13:09:20.514+0000][gc,phases   ] GC(148)   Post Evacuate Collection Set: 1.0ms
[2025-12-24T13:09:20.514+0000][gc,phases   ] GC(148)   Other: 0.1ms
[2025-12-24T13:09:20.514+0000][gc,heap     ] GC(148) Eden regions: 605->0(606)
[2025-12-24T13:09:20.514+0000][gc,heap     ] GC(148) Survivor regions: 9->8(77)
[2025-12-24T13:09:20.514+0000][gc,heap     ] GC(148) Old regions: 56->57
[2025-12-24T13:09:20.514+0000][gc,heap     ] GC(148) Humongous regions: 149->149
[2025-12-24T13:09:20.514+0000][gc,metaspace] GC(148) Metaspace: 15398K(15808K)->15398K(15808K) NonClass: 13685K(13824K)->13685K(13824K) Class: 1713K(1984K)->1713K(1984K)
[2025-12-24T13:09:20.514+0000][gc          ] GC(148) Pause Young (Normal) (G1 Evacuation Pause) 818M->212M(1024M) 15.242ms
[2025-12-24T13:09:20.514+0000][gc,cpu      ] GC(148) User=0.08s Sys=0.00s Real=0.02s
[2025-12-24T13:09:57.959+0000][gc,start    ] GC(149) Pause Young (Normal) (G1 Evacuation Pause)
[2025-12-24T13:09:57.959+0000][gc,task     ] GC(149) Using 8 workers of 8 for evacuation
[2025-12-24T13:09:57.973+0000][gc,phases   ] GC(149)   Pre Evacuate Collection Set: 1.4ms
[2025-12-24T13:09:57.974+0000][gc,phases   ] GC(149)   Merge Heap Roots: 0.5ms
[2025-12-24T13:09:57.974+0000][gc,phases   ] GC(149)   Evacuate Collection Set: 10.8ms
[2025-12-24T13:09:57.974+0000][gc,phases   ] GC(149)   Post Evacuate Collection Set: 1.2ms
[2025-12-24T13:09:57.974+0000][gc,phases   ] GC(149)   Other: 0.3ms
[2025-12-24T13:09:57.974+0000][gc,heap     ] GC(149) Eden regions: 606->0(607)
[2025-12-24T13:09:57.974+0000][gc,heap     ] GC(149) Survivor regions: 8->7(77)
[2025-12-24T13:09:57.974+0000][gc,heap     ] GC(149) Old regions: 57->57
[2025-12-24T13:09:57.974+0000][gc,heap     ] GC(149) Humongous regions: 149->149
[2025-12-24T13:09:57.974+0000][gc,metaspace] GC(149) Metaspace: 15399K(15808K)->15399K(15808K) NonClass: 13686K(13824K)->13686K(13824K) Class: 1713K(1984K)->1713K(1984K)
[2025-12-24T13:09:57.974+0000][gc          ] GC(149) Pause Young (Normal) (G1 Evacuation Pause) 818M->211M(1024M) 15.343ms
[2025-12-24T13:09:57.974+0000][gc,cpu      ] GC(149) User=0.07s Sys=0.00s Real=0.02s
[2025-12-24T13:10:30.335+0000][gc,start    ] GC(150) Pause Young (Normal) (G1 Evacuation Pause)
[2025-12-24T13:10:30.337+0000][gc,task     ] GC(150) Using 8 workers of 8 for evacuation
[2025-12-24T13:10:30.351+0000][gc,phases   ] GC(150)   Pre Evacuate Collection Set: 1.2ms
[2025-12-24T13:10:30.351+0000][gc,phases   ] GC(150)   Merge Heap Roots: 0.3ms
[2025-12-24T13:10:30.351+0000][gc,phases   ] GC(150)   Evacuate Collection Set: 11.4ms
[2025-12-24T13:10:30.351+0000][gc,phases   ] GC(150)   Post Evacuate Collection Set: 1.0ms
[2025-12-24T13:10:30.351+0000][gc,phases   ] GC(150)   Other: 0.2ms
[2025-12-24T13:10:30.351+0000][gc,heap     ] GC(150) Eden regions: 607->0(606)
[2025-12-24T13:10:30.351+0000][gc,heap     ] GC(150) Survivor regions: 7->8(77)
[2025-12-24T13:10:30.351+0000][gc,heap     ] GC(150) Old regions: 57->57
[2025-12-24T13:10:30.351+0000][gc,heap     ] GC(150) Humongous regions: 149->149
[2025-12-24T13:10:30.351+0000][gc,metaspace] GC(150) Metaspace: 15400K(15808K)->15400K(15808K) NonClass: 13686K(13824K)->13686K(13824K) Class: 1713K(1984K)->1713K(1984K)
[2025-12-24T13:10:30.351+0000][gc          ] GC(150) Pause Young (Normal) (G1 Evacuation Pause) 818M->213M(1024M) 15.913ms
[2025-12-24T13:10:30.351+0000][gc,cpu      ] GC(150) User=0.09s Sys=0.00s Real=0.01s
[2025-12-24T13:11:00.389+0000][gc,start    ] GC(151) Pause Young (Normal) (G1 Evacuation Pause)
[2025-12-24T13:11:00.390+0000][gc,task     ] GC(151) Using 8 workers of 8 for evacuation
[2025-12-24T13:11:00.403+0000][gc,phases   ] GC(151)   Pre Evacuate Collection Set: 3.2ms
[2025-12-24T13:11:00.403+0000][gc,phases   ] GC(151)   Merge Heap Roots: 0.3ms
[2025-12-24T13:11:00.403+0000][gc,phases   ] GC(151)   Evacuate Collection Set: 8.1ms
[2025-12-24T13:11:00.403+0000][gc,phases   ] GC(151)   Post Evacuate Collection Set: 1.0ms
[2025-12-24T13:11:00.403+0000][gc,phases   ] GC(151)   Other: 0.3ms
[2025-12-24T13:11:00.403+0000][gc,heap     ] GC(151) Eden regions: 606->0(604)
[2025-12-24T13:11:00.403+0000][gc,heap     ] GC(151) Survivor regions: 8->10(77)
[2025-12-24T13:11:00.403+0000][gc,heap     ] GC(151) Old regions: 57->58
[2025-12-24T13:11:00.403+0000][gc,heap     ] GC(151) Humongous regions: 149->149
[2025-12-24T13:11:00.403+0000][gc,metaspace] GC(151) Metaspace: 15400K(15808K)->15400K(15808K) NonClass: 13686K(13824K)->13686K(13824K) Class: 1713K(1984K)->1713K(1984K)
[2025-12-24T13:11:00.404+0000][gc          ] GC(151) Pause Young (Normal) (G1 Evacuation Pause) 819M->215M(1024M) 14.410ms
[2025-12-24T13:11:00.404+0000][gc,cpu      ] GC(151) User=0.08s Sys=0.00s Real=0.02s
[2025-12-24T13:11:40.005+0000][gc,start    ] GC(152) Pause Young (Normal) (G1 Evacuation Pause)
[2025-12-24T13:11:40.006+0000][gc,task     ] GC(152) Using 8 workers of 8 for evacuation
[2025-12-24T13:11:40.022+0000][gc,phases   ] GC(152)   Pre Evacuate Collection Set: 1.1ms
[2025-12-24T13:11:40.023+0000][gc,phases   ] GC(152)   Merge Heap Roots: 0.9ms
[2025-12-24T13:11:40.023+0000][gc,phases   ] GC(152)   Evacuate Collection Set: 13.2ms
[2025-12-24T13:11:40.023+0000][gc,phases   ] GC(152)   Post Evacuate Collection Set: 1.2ms
[2025-12-24T13:11:40.023+0000][gc,phases   ] GC(152)   Other: 0.2ms
[2025-12-24T13:11:40.023+0000][gc,heap     ] GC(152) Eden regions: 604->0(605)
[2025-12-24T13:11:40.023+0000][gc,heap     ] GC(152) Survivor regions: 10->9(77)
[2025-12-24T13:11:40.023+0000][gc,heap     ] GC(152) Old regions: 58->58
[2025-12-24T13:11:40.023+0000][gc,heap     ] GC(152) Humongous regions: 149->149
[2025-12-24T13:11:40.023+0000][gc,metaspace] GC(152) Metaspace: 15400K(15808K)->15400K(15808K) NonClass: 13686K(13824K)->13686K(13824K) Class: 1713K(1984K)->1713K(1984K)
[2025-12-24T13:11:40.023+0000][gc          ] GC(152) Pause Young (Normal) (G1 Evacuation Pause) 819M->214M(1024M) 17.981ms
[2025-12-24T13:11:40.023+0000][gc,cpu      ] GC(152) User=0.11s Sys=0.00s Real=0.02s
[2025-12-24T13:12:10.180+0000][gc,start    ] GC(153) Pause Young (Normal) (G1 Evacuation Pause)
[2025-12-24T13:12:10.182+0000][gc,task     ] GC(153) Using 8 workers of 8 for evacuation
[2025-12-24T13:12:10.199+0000][gc,phases   ] GC(153)   Pre Evacuate Collection Set: 3.4ms
[2025-12-24T13:12:10.200+0000][gc,phases   ] GC(153)   Merge Heap Roots: 0.7ms
[2025-12-24T13:12:10.200+0000][gc,phases   ] GC(153)   Evacuate Collection Set: 12.2ms
[2025-12-24T13:12:10.200+0000][gc,phases   ] GC(153)   Post Evacuate Collection Set: 1.0ms
[2025-12-24T13:12:10.200+0000][gc,phases   ] GC(153)   Other: 1.4ms
[2025-12-24T13:12:10.200+0000][gc,heap     ] GC(153) Eden regions: 605->0(607)
[2025-12-24T13:12:10.200+0000][gc,heap     ] GC(153) Survivor regions: 9->7(77)
[2025-12-24T13:12:10.200+0000][gc,heap     ] GC(153) Old regions: 58->58
[2025-12-24T13:12:10.200+0000][gc,heap     ] GC(153) Humongous regions: 149->149
[2025-12-24T13:12:10.200+0000][gc,metaspace] GC(153) Metaspace: 15400K(15808K)->15400K(15808K) NonClass: 13686K(13824K)->13686K(13824K) Class: 1713K(1984K)->1713K(1984K)
[2025-12-24T13:12:10.200+0000][gc          ] GC(153) Pause Young (Normal) (G1 Evacuation Pause) 819M->213M(1024M) 20.571ms
[2025-12-24T13:12:10.200+0000][gc,cpu      ] GC(153) User=0.12s Sys=0.00s Real=0.02s
[2025-12-24T13:12:40.418+0000][gc,start    ] GC(154) Pause Young (Normal) (G1 Evacuation Pause)
[2025-12-24T13:12:40.419+0000][gc,task     ] GC(154) Using 8 workers of 8 for evacuation
[2025-12-24T13:12:40.436+0000][gc,phases   ] GC(154)   Pre Evacuate Collection Set: 1.1ms
[2025-12-24T13:12:40.436+0000][gc,phases   ] GC(154)   Merge Heap Roots: 0.3ms
[2025-12-24T13:12:40.436+0000][gc,phases   ] GC(154)   Evacuate Collection Set: 14.2ms
[2025-12-24T13:12:40.436+0000][gc,phases   ] GC(154)   Post Evacuate Collection Set: 1.2ms
[2025-12-24T13:12:40.436+0000][gc,phases   ] GC(154)   Other: 0.2ms
[2025-12-24T13:12:40.436+0000][gc,heap     ] GC(154) Eden regions: 607->0(606)
[2025-12-24T13:12:40.436+0000][gc,heap     ] GC(154) Survivor regions: 7->8(77)
[2025-12-24T13:12:40.436+0000][gc,heap     ] GC(154) Old regions: 58->59
[2025-12-24T13:12:40.436+0000][gc,heap     ] GC(154) Humongous regions: 149->149
[2025-12-24T13:12:40.436+0000][gc,metaspace] GC(154) Metaspace: 15400K(15808K)->15400K(15808K) NonClass: 13686K(13824K)->13686K(13824K) Class: 1713K(1984K)->1713K(1984K)
[2025-12-24T13:12:40.437+0000][gc          ] GC(154) Pause Young (Normal) (G1 Evacuation Pause) 820M->215M(1024M) 18.209ms
[2025-12-24T13:12:40.437+0000][gc,cpu      ] GC(154) User=0.12s Sys=0.00s Real=0.01s
[2025-12-24T13:13:20.033+0000][gc,start    ] GC(155) Pause Young (Normal) (G1 Evacuation Pause)
[2025-12-24T13:13:20.033+0000][gc,task     ] GC(155) Using 8 workers of 8 for evacuation
[2025-12-24T13:13:20.047+0000][gc,phases   ] GC(155)   Pre Evacuate Collection Set: 1.5ms
[2025-12-24T13:13:20.047+0000][gc,phases   ] GC(155)   Merge Heap Roots: 0.3ms
[2025-12-24T13:13:20.047+0000][gc,phases   ] GC(155)   Evacuate Collection Set: 10.2ms
[2025-12-24T13:13:20.047+0000][gc,phases   ] GC(155)   Post Evacuate Collection Set: 1.2ms
[2025-12-24T13:13:20.047+0000][gc,phases   ] GC(155)   Other: 0.3ms
[2025-12-24T13:13:20.047+0000][gc,heap     ] GC(155) Eden regions: 606->0(606)
[2025-12-24T13:13:20.047+0000][gc,heap     ] GC(155) Survivor regions: 8->8(77)
[2025-12-24T13:13:20.047+0000][gc,heap     ] GC(155) Old regions: 59->59
[2025-12-24T13:13:20.047+0000][gc,heap     ] GC(155) Humongous regions: 149->149
[2025-12-24T13:13:20.047+0000][gc,metaspace] GC(155) Metaspace: 15523K(15936K)->15523K(15936K) NonClass: 13809K(13952K)->13809K(13952K) Class: 1713K(1984K)->1713K(1984K)
[2025-12-24T13:13:20.047+0000][gc          ] GC(155) Pause Young (Normal) (G1 Evacuation Pause) 821M->214M(1024M) 14.747ms
[2025-12-24T13:13:20.047+0000][gc,cpu      ] GC(155) User=0.09s Sys=0.00s Real=0.02s
[2025-12-24T13:13:50.242+0000][gc,start    ] GC(156) Pause Young (Normal) (G1 Evacuation Pause)
[2025-12-24T13:13:50.243+0000][gc,task     ] GC(156) Using 8 workers of 8 for evacuation
[2025-12-24T13:13:50.259+0000][gc,phases   ] GC(156)   Pre Evacuate Collection Set: 1.1ms
[2025-12-24T13:13:50.259+0000][gc,phases   ] GC(156)   Merge Heap Roots: 0.2ms
[2025-12-24T13:13:50.259+0000][gc,phases   ] GC(156)   Evacuate Collection Set: 13.9ms
[2025-12-24T13:13:50.259+0000][gc,phases   ] GC(156)   Post Evacuate Collection Set: 1.1ms
[2025-12-24T13:13:50.259+0000][gc,phases   ] GC(156)   Other: 0.2ms
[2025-12-24T13:13:50.259+0000][gc,heap     ] GC(156) Eden regions: 606->0(605)
[2025-12-24T13:13:50.259+0000][gc,heap     ] GC(156) Survivor regions: 8->9(77)
[2025-12-24T13:13:50.260+0000][gc,heap     ] GC(156) Old regions: 59->59
[2025-12-24T13:13:50.260+0000][gc,heap     ] GC(156) Humongous regions: 149->149
[2025-12-24T13:13:50.260+0000][gc,metaspace] GC(156) Metaspace: 15523K(15936K)->15523K(15936K) NonClass: 13809K(13952K)->13809K(13952K) Class: 1713K(1984K)->1713K(1984K)
[2025-12-24T13:13:50.260+0000][gc          ] GC(156) Pause Young (Normal) (G1 Evacuation Pause) 820M->216M(1024M) 17.514ms
[2025-12-24T13:13:50.260+0000][gc,cpu      ] GC(156) User=0.10s Sys=0.00s Real=0.02s
[2025-12-24T13:14:20.447+0000][gc,start    ] GC(157) Pause Young (Normal) (G1 Evacuation Pause)
[2025-12-24T13:14:20.447+0000][gc,task     ] GC(157) Using 8 workers of 8 for evacuation
[2025-12-24T13:14:20.459+0000][gc,phases   ] GC(157)   Pre Evacuate Collection Set: 3.0ms
[2025-12-24T13:14:20.459+0000][gc,phases   ] GC(157)   Merge Heap Roots: 0.2ms
[2025-12-24T13:14:20.459+0000][gc,phases   ] GC(157)   Evacuate Collection Set: 7.6ms
[2025-12-24T13:14:20.459+0000][gc,phases   ] GC(157)   Post Evacuate Collection Set: 0.9ms
[2025-12-24T13:14:20.459+0000][gc,phases   ] GC(157)   Other: 0.2ms
[2025-12-24T13:14:20.459+0000][gc,heap     ] GC(157) Eden regions: 605->0(603)
[2025-12-24T13:14:20.459+0000][gc,heap     ] GC(157) Survivor regions: 9->11(77)
[2025-12-24T13:14:20.459+0000][gc,heap     ] GC(157) Old regions: 59->60
[2025-12-24T13:14:20.459+0000][gc,heap     ] GC(157) Humongous regions: 149->149
[2025-12-24T13:14:20.459+0000][gc,metaspace] GC(157) Metaspace: 15523K(15936K)->15523K(15936K) NonClass: 13809K(13952K)->13809K(13952K) Class: 1713K(1984K)->1713K(1984K)
[2025-12-24T13:14:20.459+0000][gc          ] GC(157) Pause Young (Normal) (G1 Evacuation Pause) 821M->218M(1024M) 12.986ms
[2025-12-24T13:14:20.460+0000][gc,cpu      ] GC(157) User=0.09s Sys=0.00s Real=0.01s
[2025-12-24T13:15:00.071+0000][gc,start    ] GC(158) Pause Young (Normal) (G1 Evacuation Pause)
[2025-12-24T13:15:00.072+0000][gc,task     ] GC(158) Using 8 workers of 8 for evacuation
[2025-12-24T13:15:00.085+0000][gc,phases   ] GC(158)   Pre Evacuate Collection Set: 1.2ms
[2025-12-24T13:15:00.085+0000][gc,phases   ] GC(158)   Merge Heap Roots: 1.1ms
[2025-12-24T13:15:00.085+0000][gc,phases   ] GC(158)   Evacuate Collection Set: 9.7ms
[2025-12-24T13:15:00.085+0000][gc,phases   ] GC(158)   Post Evacuate Collection Set: 1.0ms
[2025-12-24T13:15:00.085+0000][gc,phases   ] GC(158)   Other: 0.2ms
[2025-12-24T13:15:00.085+0000][gc,heap     ] GC(158) Eden regions: 603->0(607)
[2025-12-24T13:15:00.086+0000][gc,heap     ] GC(158) Survivor regions: 11->7(77)
[2025-12-24T13:15:00.086+0000][gc,heap     ] GC(158) Old regions: 60->60
[2025-12-24T13:15:00.086+0000][gc,heap     ] GC(158) Humongous regions: 149->149
[2025-12-24T13:15:00.086+0000][gc,metaspace] GC(158) Metaspace: 15526K(15936K)->15526K(15936K) NonClass: 13812K(13952K)->13812K(13952K) Class: 1713K(1984K)->1713K(1984K)
[2025-12-24T13:15:00.086+0000][gc          ] GC(158) Pause Young (Normal) (G1 Evacuation Pause) 821M->214M(1024M) 14.940ms
[2025-12-24T13:15:00.086+0000][gc,cpu      ] GC(158) User=0.07s Sys=0.00s Real=0.02s
[2025-12-24T13:15:30.288+0000][gc,start    ] GC(159) Pause Young (Normal) (G1 Evacuation Pause)
[2025-12-24T13:15:30.289+0000][gc,task     ] GC(159) Using 8 workers of 8 for evacuation
[2025-12-24T13:15:30.308+0000][gc,phases   ] GC(159)   Pre Evacuate Collection Set: 1.0ms
[2025-12-24T13:15:30.308+0000][gc,phases   ] GC(159)   Merge Heap Roots: 0.2ms
[2025-12-24T13:15:30.308+0000][gc,phases   ] GC(159)   Evacuate Collection Set: 16.7ms
[2025-12-24T13:15:30.308+0000][gc,phases   ] GC(159)   Post Evacuate Collection Set: 1.2ms
[2025-12-24T13:15:30.308+0000][gc,phases   ] GC(159)   Other: 0.2ms
[2025-12-24T13:15:30.309+0000][gc,heap     ] GC(159) Eden regions: 607->0(606)
[2025-12-24T13:15:30.309+0000][gc,heap     ] GC(159) Survivor regions: 7->8(77)
[2025-12-24T13:15:30.309+0000][gc,heap     ] GC(159) Old regions: 60->60
[2025-12-24T13:15:30.309+0000][gc,heap     ] GC(159) Humongous regions: 149->149
[2025-12-24T13:15:30.309+0000][gc,metaspace] GC(159) Metaspace: 15526K(15936K)->15526K(15936K) NonClass: 13812K(13952K)->13812K(13952K) Class: 1713K(1984K)->1713K(1984K)
[2025-12-24T13:15:30.309+0000][gc          ] GC(159) Pause Young (Normal) (G1 Evacuation Pause) 821M->216M(1024M) 20.507ms
[2025-12-24T13:15:30.309+0000][gc,cpu      ] GC(159) User=0.14s Sys=0.00s Real=0.02s
[2025-12-24T13:16:00.500+0000][gc,start    ] GC(160) Pause Young (Normal) (G1 Evacuation Pause)
[2025-12-24T13:16:00.501+0000][gc,task     ] GC(160) Using 8 workers of 8 for evacuation
[2025-12-24T13:16:00.516+0000][gc,phases   ] GC(160)   Pre Evacuate Collection Set: 1.0ms
[2025-12-24T13:16:00.516+0000][gc,phases   ] GC(160)   Merge Heap Roots: 0.3ms
[2025-12-24T13:16:00.516+0000][gc,phases   ] GC(160)   Evacuate Collection Set: 11.9ms
[2025-12-24T13:16:00.516+0000][gc,phases   ] GC(160)   Post Evacuate Collection Set: 1.2ms
[2025-12-24T13:16:00.516+0000][gc,phases   ] GC(160)   Other: 0.3ms
[2025-12-24T13:16:00.516+0000][gc,heap     ] GC(160) Eden regions: 606->0(604)
[2025-12-24T13:16:00.516+0000][gc,heap     ] GC(160) Survivor regions: 8->10(77)
[2025-12-24T13:16:00.516+0000][gc,heap     ] GC(160) Old regions: 60->61
[2025-12-24T13:16:00.516+0000][gc,heap     ] GC(160) Humongous regions: 149->149
[2025-12-24T13:16:00.516+0000][gc,metaspace] GC(160) Metaspace: 15526K(15936K)->15526K(15936K) NonClass: 13812K(13952K)->13812K(13952K) Class: 1713K(1984K)->1713K(1984K)
[2025-12-24T13:16:00.516+0000][gc          ] GC(160) Pause Young (Normal) (G1 Evacuation Pause) 822M->218M(1024M) 16.536ms
[2025-12-24T13:16:00.516+0000][gc,cpu      ] GC(160) User=0.06s Sys=0.01s Real=0.02s
[2025-12-24T13:16:40.104+0000][gc,start    ] GC(161) Pause Young (Normal) (G1 Evacuation Pause)
[2025-12-24T13:16:40.105+0000][gc,task     ] GC(161) Using 8 workers of 8 for evacuation
[2025-12-24T13:16:40.120+0000][gc,phases   ] GC(161)   Pre Evacuate Collection Set: 6.3ms
[2025-12-24T13:16:40.120+0000][gc,phases   ] GC(161)   Merge Heap Roots: 0.2ms
[2025-12-24T13:16:40.120+0000][gc,phases   ] GC(161)   Evacuate Collection Set: 7.5ms
[2025-12-24T13:16:40.120+0000][gc,phases   ] GC(161)   Post Evacuate Collection Set: 1.0ms
[2025-12-24T13:16:40.120+0000][gc,phases   ] GC(161)   Other: 0.2ms
[2025-12-24T13:16:40.120+0000][gc,heap     ] GC(161) Eden regions: 604->0(605)
[2025-12-24T13:16:40.120+0000][gc,heap     ] GC(161) Survivor regions: 10->9(77)
[2025-12-24T13:16:40.120+0000][gc,heap     ] GC(161) Old regions: 61->61
[2025-12-24T13:16:40.120+0000][gc,heap     ] GC(161) Humongous regions: 149->149
[2025-12-24T13:16:40.120+0000][gc,metaspace] GC(161) Metaspace: 15526K(15936K)->15526K(15936K) NonClass: 13812K(13952K)->13812K(13952K) Class: 1713K(1984K)->1713K(1984K)
[2025-12-24T13:16:40.120+0000][gc          ] GC(161) Pause Young (Normal) (G1 Evacuation Pause) 822M->217M(1024M) 16.758ms
[2025-12-24T13:16:40.121+0000][gc,cpu      ] GC(161) User=0.09s Sys=0.00s Real=0.02s
[2025-12-24T13:17:10.339+0000][gc,start    ] GC(162) Pause Young (Normal) (G1 Evacuation Pause)
[2025-12-24T13:17:10.340+0000][gc,task     ] GC(162) Using 8 workers of 8 for evacuation
[2025-12-24T13:17:10.355+0000][gc,phases   ] GC(162)   Pre Evacuate Collection Set: 1.1ms
[2025-12-24T13:17:10.355+0000][gc,phases   ] GC(162)   Merge Heap Roots: 0.4ms
[2025-12-24T13:17:10.355+0000][gc,phases   ] GC(162)   Evacuate Collection Set: 12.4ms
[2025-12-24T13:17:10.355+0000][gc,phases   ] GC(162)   Post Evacuate Collection Set: 1.0ms
[2025-12-24T13:17:10.355+0000][gc,phases   ] GC(162)   Other: 0.2ms
[2025-12-24T13:17:10.355+0000][gc,heap     ] GC(162) Eden regions: 605->0(604)
[2025-12-24T13:17:10.355+0000][gc,heap     ] GC(162) Survivor regions: 9->10(77)
[2025-12-24T13:17:10.355+0000][gc,heap     ] GC(162) Old regions: 61->61
[2025-12-24T13:17:10.356+0000][gc,heap     ] GC(162) Humongous regions: 149->149
[2025-12-24T13:17:10.356+0000][gc,metaspace] GC(162) Metaspace: 15526K(15936K)->15526K(15936K) NonClass: 13812K(13952K)->13812K(13952K) Class: 1713K(1984K)->1713K(1984K)
[2025-12-24T13:17:10.356+0000][gc          ] GC(162) Pause Young (Normal) (G1 Evacuation Pause) 822M->219M(1024M) 16.847ms
[2025-12-24T13:17:10.356+0000][gc,cpu      ] GC(162) User=0.10s Sys=0.00s Real=0.01s
[2025-12-24T13:17:42.381+0000][gc,start    ] GC(163) Pause Young (Normal) (G1 Evacuation Pause)
[2025-12-24T13:17:42.384+0000][gc,task     ] GC(163) Using 8 workers of 8 for evacuation
[2025-12-24T13:17:42.402+0000][gc,phases   ] GC(163)   Pre Evacuate Collection Set: 3.1ms
[2025-12-24T13:17:42.403+0000][gc,phases   ] GC(163)   Merge Heap Roots: 0.7ms
[2025-12-24T13:17:42.403+0000][gc,phases   ] GC(163)   Evacuate Collection Set: 12.1ms
[2025-12-24T13:17:42.403+0000][gc,phases   ] GC(163)   Post Evacuate Collection Set: 1.8ms
[2025-12-24T13:17:42.403+0000][gc,phases   ] GC(163)   Other: 0.8ms
[2025-12-24T13:17:42.403+0000][gc,heap     ] GC(163) Eden regions: 604->0(608)
[2025-12-24T13:17:42.403+0000][gc,heap     ] GC(163) Survivor regions: 10->6(77)
[2025-12-24T13:17:42.404+0000][gc,heap     ] GC(163) Old regions: 61->62
[2025-12-24T13:17:42.404+0000][gc,heap     ] GC(163) Humongous regions: 149->149
[2025-12-24T13:17:42.404+0000][gc,metaspace] GC(163) Metaspace: 15526K(15936K)->15526K(15936K) NonClass: 13812K(13952K)->13812K(13952K) Class: 1713K(1984K)->1713K(1984K)
[2025-12-24T13:17:42.404+0000][gc          ] GC(163) Pause Young (Normal) (G1 Evacuation Pause) 823M->215M(1024M) 22.997ms
[2025-12-24T13:17:42.404+0000][gc,cpu      ] GC(163) User=0.10s Sys=0.01s Real=0.02s
[2025-12-24T13:18:20.123+0000][gc,start    ] GC(164) Pause Young (Normal) (G1 Evacuation Pause)
[2025-12-24T13:18:20.124+0000][gc,task     ] GC(164) Using 8 workers of 8 for evacuation
[2025-12-24T13:18:20.135+0000][gc,phases   ] GC(164)   Pre Evacuate Collection Set: 1.1ms
[2025-12-24T13:18:20.135+0000][gc,phases   ] GC(164)   Merge Heap Roots: 0.3ms
[2025-12-24T13:18:20.135+0000][gc,phases   ] GC(164)   Evacuate Collection Set: 7.9ms
[2025-12-24T13:18:20.135+0000][gc,phases   ] GC(164)   Post Evacuate Collection Set: 1.9ms
[2025-12-24T13:18:20.136+0000][gc,phases   ] GC(164)   Other: 0.2ms
[2025-12-24T13:18:20.136+0000][gc,heap     ] GC(164) Eden regions: 608->0(606)
[2025-12-24T13:18:20.136+0000][gc,heap     ] GC(164) Survivor regions: 6->8(77)
[2025-12-24T13:18:20.136+0000][gc,heap     ] GC(164) Old regions: 62->62
[2025-12-24T13:18:20.136+0000][gc,heap     ] GC(164) Humongous regions: 149->149
[2025-12-24T13:18:20.136+0000][gc,metaspace] GC(164) Metaspace: 15526K(15936K)->15526K(15936K) NonClass: 13812K(13952K)->13812K(13952K) Class: 1713K(1984K)->1713K(1984K)
[2025-12-24T13:18:20.136+0000][gc          ] GC(164) Pause Young (Normal) (G1 Evacuation Pause) 823M->217M(1024M) 12.760ms
[2025-12-24T13:18:20.136+0000][gc,cpu      ] GC(164) User=0.06s Sys=0.01s Real=0.01s
[2025-12-24T13:18:50.340+0000][gc,start    ] GC(165) Pause Young (Normal) (G1 Evacuation Pause)
[2025-12-24T13:18:50.341+0000][gc,task     ] GC(165) Using 8 workers of 8 for evacuation
[2025-12-24T13:18:50.362+0000][gc,phases   ] GC(165)   Pre Evacuate Collection Set: 1.1ms
[2025-12-24T13:18:50.362+0000][gc,phases   ] GC(165)   Merge Heap Roots: 0.4ms
[2025-12-24T13:18:50.363+0000][gc,phases   ] GC(165)   Evacuate Collection Set: 17.9ms
[2025-12-24T13:18:50.363+0000][gc,phases   ] GC(165)   Post Evacuate Collection Set: 1.5ms
[2025-12-24T13:18:50.363+0000][gc,phases   ] GC(165)   Other: 0.3ms
[2025-12-24T13:18:50.363+0000][gc,heap     ] GC(165) Eden regions: 606->0(605)
[2025-12-24T13:18:50.363+0000][gc,heap     ] GC(165) Survivor regions: 8->9(77)
[2025-12-24T13:18:50.363+0000][gc,heap     ] GC(165) Old regions: 62->62
[2025-12-24T13:18:50.363+0000][gc,heap     ] GC(165) Humongous regions: 149->149
[2025-12-24T13:18:50.363+0000][gc,metaspace] GC(165) Metaspace: 15526K(15936K)->15526K(15936K) NonClass: 13812K(13952K)->13812K(13952K) Class: 1713K(1984K)->1713K(1984K)
[2025-12-24T13:18:50.363+0000][gc          ] GC(165) Pause Young (Normal) (G1 Evacuation Pause) 823M->219M(1024M) 22.966ms
[2025-12-24T13:18:50.363+0000][gc,cpu      ] GC(165) User=0.09s Sys=0.05s Real=0.02s
[2025-12-24T13:19:30.005+0000][gc,start    ] GC(166) Pause Young (Normal) (G1 Evacuation Pause)
[2025-12-24T13:19:30.007+0000][gc,task     ] GC(166) Using 8 workers of 8 for evacuation
[2025-12-24T13:19:30.034+0000][gc,phases   ] GC(166)   Pre Evacuate Collection Set: 1.9ms
[2025-12-24T13:19:30.034+0000][gc,phases   ] GC(166)   Merge Heap Roots: 0.4ms
[2025-12-24T13:19:30.034+0000][gc,phases   ] GC(166)   Evacuate Collection Set: 22.6ms
[2025-12-24T13:19:30.034+0000][gc,phases   ] GC(166)   Post Evacuate Collection Set: 1.1ms
[2025-12-24T13:19:30.034+0000][gc,phases   ] GC(166)   Other: 0.9ms
[2025-12-24T13:19:30.034+0000][gc,heap     ] GC(166) Eden regions: 605->0(605)
[2025-12-24T13:19:30.034+0000][gc,heap     ] GC(166) Survivor regions: 9->9(77)
[2025-12-24T13:19:30.034+0000][gc,heap     ] GC(166) Old regions: 62->63
[2025-12-24T13:19:30.034+0000][gc,heap     ] GC(166) Humongous regions: 149->149
[2025-12-24T13:19:30.034+0000][gc,metaspace] GC(166) Metaspace: 15526K(15936K)->15526K(15936K) NonClass: 13812K(13952K)->13812K(13952K) Class: 1713K(1984K)->1713K(1984K)
[2025-12-24T13:19:30.035+0000][gc          ] GC(166) Pause Young (Normal) (G1 Evacuation Pause) 824M->219M(1024M) 29.884ms
[2025-12-24T13:19:30.035+0000][gc,cpu      ] GC(166) User=0.13s Sys=0.01s Real=0.03s
[2025-12-24T13:20:00.226+0000][gc,start    ] GC(167) Pause Young (Normal) (G1 Evacuation Pause)
[2025-12-24T13:20:00.227+0000][gc,task     ] GC(167) Using 8 workers of 8 for evacuation
[2025-12-24T13:20:00.248+0000][gc,phases   ] GC(167)   Pre Evacuate Collection Set: 1.1ms
[2025-12-24T13:20:00.248+0000][gc,phases   ] GC(167)   Merge Heap Roots: 0.2ms
[2025-12-24T13:20:00.248+0000][gc,phases   ] GC(167)   Evacuate Collection Set: 18.1ms
[2025-12-24T13:20:00.248+0000][gc,phases   ] GC(167)   Post Evacuate Collection Set: 1.1ms
[2025-12-24T13:20:00.248+0000][gc,phases   ] GC(167)   Other: 0.2ms
[2025-12-24T13:20:00.248+0000][gc,heap     ] GC(167) Eden regions: 605->0(604)
[2025-12-24T13:20:00.248+0000][gc,heap     ] GC(167) Survivor regions: 9->10(77)
[2025-12-24T13:20:00.248+0000][gc,heap     ] GC(167) Old regions: 63->63
[2025-12-24T13:20:00.248+0000][gc,heap     ] GC(167) Humongous regions: 149->149
[2025-12-24T13:20:00.248+0000][gc,metaspace] GC(167) Metaspace: 15526K(15936K)->15526K(15936K) NonClass: 13813K(13952K)->13813K(13952K) Class: 1713K(1984K)->1713K(1984K)
[2025-12-24T13:20:00.248+0000][gc          ] GC(167) Pause Young (Normal) (G1 Evacuation Pause) 824M->220M(1024M) 22.131ms
[2025-12-24T13:20:00.249+0000][gc,cpu      ] GC(167) User=0.15s Sys=0.00s Real=0.02s
[2025-12-24T13:20:30.391+0000][gc,start    ] GC(168) Pause Young (Normal) (G1 Evacuation Pause)
[2025-12-24T13:20:30.392+0000][gc,task     ] GC(168) Using 8 workers of 8 for evacuation
[2025-12-24T13:20:30.403+0000][gc,phases   ] GC(168)   Pre Evacuate Collection Set: 1.3ms
[2025-12-24T13:20:30.403+0000][gc,phases   ] GC(168)   Merge Heap Roots: 0.5ms
[2025-12-24T13:20:30.403+0000][gc,phases   ] GC(168)   Evacuate Collection Set: 6.8ms
[2025-12-24T13:20:30.403+0000][gc,phases   ] GC(168)   Post Evacuate Collection Set: 1.9ms
[2025-12-24T13:20:30.403+0000][gc,phases   ] GC(168)   Other: 0.2ms
[2025-12-24T13:20:30.403+0000][gc,heap     ] GC(168) Eden regions: 604->0(606)
[2025-12-24T13:20:30.403+0000][gc,heap     ] GC(168) Survivor regions: 10->8(77)
[2025-12-24T13:20:30.403+0000][gc,heap     ] GC(168) Old regions: 63->63
[2025-12-24T13:20:30.403+0000][gc,heap     ] GC(168) Humongous regions: 149->149
[2025-12-24T13:20:30.403+0000][gc,metaspace] GC(168) Metaspace: 15527K(15936K)->15527K(15936K) NonClass: 13813K(13952K)->13813K(13952K) Class: 1713K(1984K)->1713K(1984K)
[2025-12-24T13:20:30.403+0000][gc          ] GC(168) Pause Young (Normal) (G1 Evacuation Pause) 824M->219M(1024M) 11.830ms
[2025-12-24T13:20:30.403+0000][gc,cpu      ] GC(168) User=0.06s Sys=0.01s Real=0.02s
[2025-12-24T13:21:10.017+0000][gc,start    ] GC(169) Pause Young (Normal) (G1 Evacuation Pause)
[2025-12-24T13:21:10.017+0000][gc,task     ] GC(169) Using 8 workers of 8 for evacuation
[2025-12-24T13:21:10.037+0000][gc,phases   ] GC(169)   Pre Evacuate Collection Set: 1.2ms
[2025-12-24T13:21:10.037+0000][gc,phases   ] GC(169)   Merge Heap Roots: 0.3ms
[2025-12-24T13:21:10.038+0000][gc,phases   ] GC(169)   Evacuate Collection Set: 15.8ms
[2025-12-24T13:21:10.038+0000][gc,phases   ] GC(169)   Post Evacuate Collection Set: 1.8ms
[2025-12-24T13:21:10.038+0000][gc,phases   ] GC(169)   Other: 0.6ms
[2025-12-24T13:21:10.038+0000][gc,heap     ] GC(169) Eden regions: 606->0(607)
[2025-12-24T13:21:10.038+0000][gc,heap     ] GC(169) Survivor regions: 8->7(77)
[2025-12-24T13:21:10.038+0000][gc,heap     ] GC(169) Old regions: 63->64
[2025-12-24T13:21:10.038+0000][gc,heap     ] GC(169) Humongous regions: 149->149
[2025-12-24T13:21:10.038+0000][gc,metaspace] GC(169) Metaspace: 15535K(15936K)->15535K(15936K) NonClass: 13821K(13952K)->13821K(13952K) Class: 1713K(1984K)->1713K(1984K)
[2025-12-24T13:21:10.039+0000][gc          ] GC(169) Pause Young (Normal) (G1 Evacuation Pause) 825M->219M(1024M) 21.962ms
[2025-12-24T13:21:10.039+0000][gc,cpu      ] GC(169) User=0.11s Sys=0.01s Real=0.02s
[2025-12-24T13:21:40.249+0000][gc,start    ] GC(170) Pause Young (Normal) (G1 Evacuation Pause)
[2025-12-24T13:21:40.251+0000][gc,task     ] GC(170) Using 8 workers of 8 for evacuation
[2025-12-24T13:21:40.270+0000][gc,phases   ] GC(170)   Pre Evacuate Collection Set: 1.1ms
[2025-12-24T13:21:40.270+0000][gc,phases   ] GC(170)   Merge Heap Roots: 0.3ms
[2025-12-24T13:21:40.270+0000][gc,phases   ] GC(170)   Evacuate Collection Set: 16.7ms
[2025-12-24T13:21:40.270+0000][gc,phases   ] GC(170)   Post Evacuate Collection Set: 1.1ms
[2025-12-24T13:21:40.270+0000][gc,phases   ] GC(170)   Other: 0.3ms
[2025-12-24T13:21:40.271+0000][gc,heap     ] GC(170) Eden regions: 607->0(606)
[2025-12-24T13:21:40.271+0000][gc,heap     ] GC(170) Survivor regions: 7->8(77)
[2025-12-24T13:21:40.271+0000][gc,heap     ] GC(170) Old regions: 64->64
[2025-12-24T13:21:40.271+0000][gc,heap     ] GC(170) Humongous regions: 149->149
[2025-12-24T13:21:40.271+0000][gc,metaspace] GC(170) Metaspace: 15537K(15936K)->15537K(15936K) NonClass: 13824K(13952K)->13824K(13952K) Class: 1713K(1984K)->1713K(1984K)
[2025-12-24T13:21:40.271+0000][gc          ] GC(170) Pause Young (Normal) (G1 Evacuation Pause) 826M->220M(1024M) 21.521ms
[2025-12-24T13:21:40.271+0000][gc,cpu      ] GC(170) User=0.14s Sys=0.00s Real=0.03s
[2025-12-24T13:22:10.555+0000][gc,start    ] GC(171) Pause Young (Normal) (G1 Evacuation Pause)
[2025-12-24T13:22:10.555+0000][gc,task     ] GC(171) Using 8 workers of 8 for evacuation
[2025-12-24T13:22:10.571+0000][gc,phases   ] GC(171)   Pre Evacuate Collection Set: 1.0ms
[2025-12-24T13:22:10.572+0000][gc,phases   ] GC(171)   Merge Heap Roots: 0.2ms
[2025-12-24T13:22:10.572+0000][gc,phases   ] GC(171)   Evacuate Collection Set: 13.9ms
[2025-12-24T13:22:10.572+0000][gc,phases   ] GC(171)   Post Evacuate Collection Set: 1.0ms
[2025-12-24T13:22:10.572+0000][gc,phases   ] GC(171)   Other: 0.2ms
[2025-12-24T13:22:10.572+0000][gc,heap     ] GC(171) Eden regions: 606->0(603)
[2025-12-24T13:22:10.572+0000][gc,heap     ] GC(171) Survivor regions: 8->11(77)
[2025-12-24T13:22:10.572+0000][gc,heap     ] GC(171) Old regions: 64->64
[2025-12-24T13:22:10.572+0000][gc,heap     ] GC(171) Humongous regions: 149->149
[2025-12-24T13:22:10.572+0000][gc,metaspace] GC(171) Metaspace: 15537K(15936K)->15537K(15936K) NonClass: 13824K(13952K)->13824K(13952K) Class: 1713K(1984K)->1713K(1984K)
[2025-12-24T13:22:10.572+0000][gc          ] GC(171) Pause Young (Normal) (G1 Evacuation Pause) 826M->222M(1024M) 17.220ms
[2025-12-24T13:22:10.572+0000][gc,cpu      ] GC(171) User=0.11s Sys=0.00s Real=0.02s
[2025-12-24T13:22:50.064+0000][gc,start    ] GC(172) Pause Young (Normal) (G1 Evacuation Pause)
[2025-12-24T13:22:50.065+0000][gc,task     ] GC(172) Using 8 workers of 8 for evacuation
[2025-12-24T13:22:50.083+0000][gc,phases   ] GC(172)   Pre Evacuate Collection Set: 1.3ms
[2025-12-24T13:22:50.083+0000][gc,phases   ] GC(172)   Merge Heap Roots: 0.2ms
[2025-12-24T13:22:50.083+0000][gc,phases   ] GC(172)   Evacuate Collection Set: 15.3ms
[2025-12-24T13:22:50.083+0000][gc,phases   ] GC(172)   Post Evacuate Collection Set: 1.2ms
[2025-12-24T13:22:50.083+0000][gc,phases   ] GC(172)   Other: 0.3ms
[2025-12-24T13:22:50.083+0000][gc,heap     ] GC(172) Eden regions: 603->0(604)
[2025-12-24T13:22:50.083+0000][gc,heap     ] GC(172) Survivor regions: 11->10(77)
[2025-12-24T13:22:50.083+0000][gc,heap     ] GC(172) Old regions: 64->65
[2025-12-24T13:22:50.084+0000][gc,heap     ] GC(172) Humongous regions: 149->149
[2025-12-24T13:22:50.084+0000][gc,metaspace] GC(172) Metaspace: 15537K(15936K)->15537K(15936K) NonClass: 13824K(13952K)->13824K(13952K) Class: 1713K(1984K)->1713K(1984K)
[2025-12-24T13:22:50.084+0000][gc          ] GC(172) Pause Young (Normal) (G1 Evacuation Pause) 825M->222M(1024M) 19.749ms
[2025-12-24T13:22:50.084+0000][gc,cpu      ] GC(172) User=0.11s Sys=0.00s Real=0.02s
[2025-12-24T13:23:20.251+0000][gc,start    ] GC(173) Pause Young (Normal) (G1 Evacuation Pause)
[2025-12-24T13:23:20.251+0000][gc,task     ] GC(173) Using 8 workers of 8 for evacuation
[2025-12-24T13:23:20.262+0000][gc,phases   ] GC(173)   Pre Evacuate Collection Set: 1.9ms
[2025-12-24T13:23:20.262+0000][gc,phases   ] GC(173)   Merge Heap Roots: 0.4ms
[2025-12-24T13:23:20.263+0000][gc,phases   ] GC(173)   Evacuate Collection Set: 6.7ms
[2025-12-24T13:23:20.263+0000][gc,phases   ] GC(173)   Post Evacuate Collection Set: 1.9ms
[2025-12-24T13:23:20.263+0000][gc,phases   ] GC(173)   Other: 0.2ms
[2025-12-24T13:23:20.263+0000][gc,heap     ] GC(173) Eden regions: 604->0(606)
[2025-12-24T13:23:20.263+0000][gc,heap     ] GC(173) Survivor regions: 10->8(77)
[2025-12-24T13:23:20.263+0000][gc,heap     ] GC(173) Old regions: 65->65
[2025-12-24T13:23:20.263+0000][gc,heap     ] GC(173) Humongous regions: 149->149
[2025-12-24T13:23:20.263+0000][gc,metaspace] GC(173) Metaspace: 15538K(15936K)->15538K(15936K) NonClass: 13824K(13952K)->13824K(13952K) Class: 1713K(1984K)->1713K(1984K)
[2025-12-24T13:23:20.263+0000][gc          ] GC(173) Pause Young (Normal) (G1 Evacuation Pause) 826M->220M(1024M) 12.307ms
[2025-12-24T13:23:20.263+0000][gc,cpu      ] GC(173) User=0.07s Sys=0.00s Real=0.01s
[2025-12-24T13:23:50.467+0000][gc,start    ] GC(174) Pause Young (Normal) (G1 Evacuation Pause)
[2025-12-24T13:23:50.468+0000][gc,task     ] GC(174) Using 8 workers of 8 for evacuation
[2025-12-24T13:23:50.481+0000][gc,phases   ] GC(174)   Pre Evacuate Collection Set: 1.0ms
[2025-12-24T13:23:50.481+0000][gc,phases   ] GC(174)   Merge Heap Roots: 0.3ms
[2025-12-24T13:23:50.481+0000][gc,phases   ] GC(174)   Evacuate Collection Set: 9.8ms
[2025-12-24T13:23:50.481+0000][gc,phases   ] GC(174)   Post Evacuate Collection Set: 1.0ms
[2025-12-24T13:23:50.481+0000][gc,phases   ] GC(174)   Other: 0.2ms
[2025-12-24T13:23:50.481+0000][gc,heap     ] GC(174) Eden regions: 606->0(605)
[2025-12-24T13:23:50.481+0000][gc,heap     ] GC(174) Survivor regions: 8->9(77)
[2025-12-24T13:23:50.481+0000][gc,heap     ] GC(174) Old regions: 65->65
[2025-12-24T13:23:50.481+0000][gc,heap     ] GC(174) Humongous regions: 149->149
[2025-12-24T13:23:50.481+0000][gc,metaspace] GC(174) Metaspace: 15549K(15936K)->15549K(15936K) NonClass: 13835K(13952K)->13835K(13952K) Class: 1713K(1984K)->1713K(1984K)
[2025-12-24T13:23:50.481+0000][gc          ] GC(174) Pause Young (Normal) (G1 Evacuation Pause) 826M->222M(1024M) 14.253ms
[2025-12-24T13:23:50.481+0000][gc,cpu      ] GC(174) User=0.07s Sys=0.00s Real=0.01s
[2025-12-24T13:24:30.079+0000][gc,start    ] GC(175) Pause Young (Normal) (G1 Evacuation Pause)
[2025-12-24T13:24:30.079+0000][gc,task     ] GC(175) Using 8 workers of 8 for evacuation
[2025-12-24T13:24:30.097+0000][gc,phases   ] GC(175)   Pre Evacuate Collection Set: 1.2ms
[2025-12-24T13:24:30.098+0000][gc,phases   ] GC(175)   Merge Heap Roots: 0.2ms
[2025-12-24T13:24:30.098+0000][gc,phases   ] GC(175)   Evacuate Collection Set: 15.2ms
[2025-12-24T13:24:30.098+0000][gc,phases   ] GC(175)   Post Evacuate Collection Set: 1.2ms
[2025-12-24T13:24:30.098+0000][gc,phases   ] GC(175)   Other: 0.4ms
[2025-12-24T13:24:30.098+0000][gc,heap     ] GC(175) Eden regions: 605->0(606)
[2025-12-24T13:24:30.098+0000][gc,heap     ] GC(175) Survivor regions: 9->8(77)
[2025-12-24T13:24:30.098+0000][gc,heap     ] GC(175) Old regions: 65->66
[2025-12-24T13:24:30.098+0000][gc,heap     ] GC(175) Humongous regions: 149->149
[2025-12-24T13:24:30.098+0000][gc,metaspace] GC(175) Metaspace: 15549K(15936K)->15549K(15936K) NonClass: 13835K(13952K)->13835K(13952K) Class: 1713K(1984K)->1713K(1984K)
[2025-12-24T13:24:30.098+0000][gc          ] GC(175) Pause Young (Normal) (G1 Evacuation Pause) 827M->222M(1024M) 19.757ms
[2025-12-24T13:24:30.098+0000][gc,cpu      ] GC(175) User=0.10s Sys=0.00s Real=0.02s
[2025-12-24T13:25:00.302+0000][gc,start    ] GC(176) Pause Young (Normal) (G1 Evacuation Pause)
[2025-12-24T13:25:00.302+0000][gc,task     ] GC(176) Using 8 workers of 8 for evacuation
[2025-12-24T13:25:00.317+0000][gc,phases   ] GC(176)   Pre Evacuate Collection Set: 2.4ms
[2025-12-24T13:25:00.317+0000][gc,phases   ] GC(176)   Merge Heap Roots: 0.5ms
[2025-12-24T13:25:00.317+0000][gc,phases   ] GC(176)   Evacuate Collection Set: 10.4ms
[2025-12-24T13:25:00.317+0000][gc,phases   ] GC(176)   Post Evacuate Collection Set: 1.0ms
[2025-12-24T13:25:00.317+0000][gc,phases   ] GC(176)   Other: 0.4ms
[2025-12-24T13:25:00.317+0000][gc,heap     ] GC(176) Eden regions: 606->0(604)
[2025-12-24T13:25:00.317+0000][gc,heap     ] GC(176) Survivor regions: 8->10(77)
[2025-12-24T13:25:00.317+0000][gc,heap     ] GC(176) Old regions: 66->66
[2025-12-24T13:25:00.317+0000][gc,heap     ] GC(176) Humongous regions: 149->149
[2025-12-24T13:25:00.317+0000][gc,metaspace] GC(176) Metaspace: 15550K(15936K)->15550K(15936K) NonClass: 13836K(13952K)->13836K(13952K) Class: 1713K(1984K)->1713K(1984K)
[2025-12-24T13:25:00.318+0000][gc          ] GC(176) Pause Young (Normal) (G1 Evacuation Pause) 828M->223M(1024M) 15.989ms
[2025-12-24T13:25:00.318+0000][gc,cpu      ] GC(176) User=0.09s Sys=0.00s Real=0.02s
[2025-12-24T13:25:30.483+0000][gc,start    ] GC(177) Pause Young (Normal) (G1 Evacuation Pause)
[2025-12-24T13:25:30.484+0000][gc,task     ] GC(177) Using 8 workers of 8 for evacuation
[2025-12-24T13:25:30.503+0000][gc,phases   ] GC(177)   Pre Evacuate Collection Set: 1.1ms
[2025-12-24T13:25:30.503+0000][gc,phases   ] GC(177)   Merge Heap Roots: 0.3ms
[2025-12-24T13:25:30.503+0000][gc,phases   ] GC(177)   Evacuate Collection Set: 15.8ms
[2025-12-24T13:25:30.503+0000][gc,phases   ] GC(177)   Post Evacuate Collection Set: 1.0ms
[2025-12-24T13:25:30.503+0000][gc,phases   ] GC(177)   Other: 0.3ms
[2025-12-24T13:25:30.503+0000][gc,heap     ] GC(177) Eden regions: 604->0(604)
[2025-12-24T13:25:30.503+0000][gc,heap     ] GC(177) Survivor regions: 10->10(77)
[2025-12-24T13:25:30.503+0000][gc,heap     ] GC(177) Old regions: 66->66
[2025-12-24T13:25:30.503+0000][gc,heap     ] GC(177) Humongous regions: 149->149
[2025-12-24T13:25:30.503+0000][gc,metaspace] GC(177) Metaspace: 15550K(15936K)->15550K(15936K) NonClass: 13836K(13952K)->13836K(13952K) Class: 1713K(1984K)->1713K(1984K)
[2025-12-24T13:25:30.503+0000][gc          ] GC(177) Pause Young (Normal) (G1 Evacuation Pause) 827M->224M(1024M) 20.383ms
[2025-12-24T13:25:30.503+0000][gc,cpu      ] GC(177) User=0.10s Sys=0.03s Real=0.02s
[2025-12-24T13:26:10.143+0000][gc,start    ] GC(178) Pause Young (Normal) (G1 Evacuation Pause)
[2025-12-24T13:26:10.144+0000][gc,task     ] GC(178) Using 8 workers of 8 for evacuation
[2025-12-24T13:26:10.164+0000][gc,phases   ] GC(178)   Pre Evacuate Collection Set: 1.1ms
[2025-12-24T13:26:10.164+0000][gc,phases   ] GC(178)   Merge Heap Roots: 0.2ms
[2025-12-24T13:26:10.164+0000][gc,phases   ] GC(178)   Evacuate Collection Set: 17.1ms
[2025-12-24T13:26:10.164+0000][gc,phases   ] GC(178)   Post Evacuate Collection Set: 0.9ms
[2025-12-24T13:26:10.164+0000][gc,phases   ] GC(178)   Other: 0.2ms
[2025-12-24T13:26:10.164+0000][gc,heap     ] GC(178) Eden regions: 604->0(607)
[2025-12-24T13:26:10.164+0000][gc,heap     ] GC(178) Survivor regions: 10->7(77)
[2025-12-24T13:26:10.164+0000][gc,heap     ] GC(178) Old regions: 66->67
[2025-12-24T13:26:10.164+0000][gc,heap     ] GC(178) Humongous regions: 149->149
[2025-12-24T13:26:10.164+0000][gc,metaspace] GC(178) Metaspace: 15551K(15936K)->15551K(15936K) NonClass: 13838K(13952K)->13838K(13952K) Class: 1713K(1984K)->1713K(1984K)
[2025-12-24T13:26:10.164+0000][gc          ] GC(178) Pause Young (Normal) (G1 Evacuation Pause) 828M->222M(1024M) 21.418ms
[2025-12-24T13:26:10.164+0000][gc,cpu      ] GC(178) User=0.11s Sys=0.02s Real=0.02s
[2025-12-24T13:26:40.452+0000][gc,start    ] GC(179) Pause Young (Normal) (G1 Evacuation Pause)
[2025-12-24T13:26:40.453+0000][gc,task     ] GC(179) Using 8 workers of 8 for evacuation
[2025-12-24T13:26:40.468+0000][gc,phases   ] GC(179)   Pre Evacuate Collection Set: 1.1ms
[2025-12-24T13:26:40.468+0000][gc,phases   ] GC(179)   Merge Heap Roots: 0.3ms
[2025-12-24T13:26:40.468+0000][gc,phases   ] GC(179)   Evacuate Collection Set: 11.9ms
[2025-12-24T13:26:40.468+0000][gc,phases   ] GC(179)   Post Evacuate Collection Set: 1.1ms
[2025-12-24T13:26:40.468+0000][gc,phases   ] GC(179)   Other: 0.3ms
[2025-12-24T13:26:40.468+0000][gc,heap     ] GC(179) Eden regions: 607->0(605)
[2025-12-24T13:26:40.468+0000][gc,heap     ] GC(179) Survivor regions: 7->9(77)
[2025-12-24T13:26:40.469+0000][gc,heap     ] GC(179) Old regions: 67->67
[2025-12-24T13:26:40.469+0000][gc,heap     ] GC(179) Humongous regions: 149->149
[2025-12-24T13:26:40.469+0000][gc,metaspace] GC(179) Metaspace: 15551K(15936K)->15551K(15936K) NonClass: 13838K(13952K)->13838K(13952K) Class: 1713K(1984K)->1713K(1984K)
[2025-12-24T13:26:40.469+0000][gc          ] GC(179) Pause Young (Normal) (G1 Evacuation Pause) 829M->223M(1024M) 16.606ms
[2025-12-24T13:26:40.469+0000][gc,cpu      ] GC(179) User=0.09s Sys=0.00s Real=0.01s
[2025-12-24T13:27:19.969+0000][gc,start    ] GC(180) Pause Young (Normal) (G1 Evacuation Pause)
[2025-12-24T13:27:19.970+0000][gc,task     ] GC(180) Using 8 workers of 8 for evacuation
[2025-12-24T13:27:19.998+0000][gc,phases   ] GC(180)   Pre Evacuate Collection Set: 1.7ms
[2025-12-24T13:27:19.998+0000][gc,phases   ] GC(180)   Merge Heap Roots: 0.3ms
[2025-12-24T13:27:19.998+0000][gc,phases   ] GC(180)   Evacuate Collection Set: 23.6ms
[2025-12-24T13:27:19.998+0000][gc,phases   ] GC(180)   Post Evacuate Collection Set: 1.8ms
[2025-12-24T13:27:19.998+0000][gc,phases   ] GC(180)   Other: 0.3ms
[2025-12-24T13:27:19.999+0000][gc,heap     ] GC(180) Eden regions: 605->0(606)
[2025-12-24T13:27:19.999+0000][gc,heap     ] GC(180) Survivor regions: 9->8(77)
[2025-12-24T13:27:19.999+0000][gc,heap     ] GC(180) Old regions: 67->67
[2025-12-24T13:27:19.999+0000][gc,heap     ] GC(180) Humongous regions: 149->149
[2025-12-24T13:27:19.999+0000][gc,metaspace] GC(180) Metaspace: 15551K(15936K)->15551K(15936K) NonClass: 13838K(13952K)->13838K(13952K) Class: 1713K(1984K)->1713K(1984K)
[2025-12-24T13:27:19.999+0000][gc          ] GC(180) Pause Young (Normal) (G1 Evacuation Pause) 828M->223M(1024M) 30.888ms
[2025-12-24T13:27:20.000+0000][gc,cpu      ] GC(180) User=0.17s Sys=0.01s Real=0.03s
[2025-12-24T13:27:50.298+0000][gc,start    ] GC(181) Pause Young (Normal) (G1 Evacuation Pause)
[2025-12-24T13:27:50.299+0000][gc,task     ] GC(181) Using 8 workers of 8 for evacuation
[2025-12-24T13:27:50.318+0000][gc,phases   ] GC(181)   Pre Evacuate Collection Set: 2.0ms
[2025-12-24T13:27:50.318+0000][gc,phases   ] GC(181)   Merge Heap Roots: 0.5ms
[2025-12-24T13:27:50.318+0000][gc,phases   ] GC(181)   Evacuate Collection Set: 11.6ms
[2025-12-24T13:27:50.318+0000][gc,phases   ] GC(181)   Post Evacuate Collection Set: 4.2ms
[2025-12-24T13:27:50.318+0000][gc,phases   ] GC(181)   Other: 0.3ms
[2025-12-24T13:27:50.318+0000][gc,heap     ] GC(181) Eden regions: 606->0(605)
[2025-12-24T13:27:50.318+0000][gc,heap     ] GC(181) Survivor regions: 8->9(77)
[2025-12-24T13:27:50.318+0000][gc,heap     ] GC(181) Old regions: 67->68
[2025-12-24T13:27:50.318+0000][gc,heap     ] GC(181) Humongous regions: 149->149
[2025-12-24T13:27:50.318+0000][gc,metaspace] GC(181) Metaspace: 15551K(15936K)->15551K(15936K) NonClass: 13838K(13952K)->13838K(13952K) Class: 1713K(1984K)->1713K(1984K)
[2025-12-24T13:27:50.318+0000][gc          ] GC(181) Pause Young (Normal) (G1 Evacuation Pause) 829M->224M(1024M) 20.057ms
[2025-12-24T13:27:50.319+0000][gc,cpu      ] GC(181) User=0.09s Sys=0.00s Real=0.02s
[2025-12-24T13:28:20.365+0000][gc,start    ] GC(182) Pause Young (Normal) (G1 Evacuation Pause)
[2025-12-24T13:28:20.367+0000][gc,task     ] GC(182) Using 8 workers of 8 for evacuation
[2025-12-24T13:28:20.383+0000][gc,phases   ] GC(182)   Pre Evacuate Collection Set: 1.5ms
[2025-12-24T13:28:20.383+0000][gc,phases   ] GC(182)   Merge Heap Roots: 0.8ms
[2025-12-24T13:28:20.383+0000][gc,phases   ] GC(182)   Evacuate Collection Set: 12.3ms
[2025-12-24T13:28:20.383+0000][gc,phases   ] GC(182)   Post Evacuate Collection Set: 1.6ms
[2025-12-24T13:28:20.383+0000][gc,phases   ] GC(182)   Other: 0.2ms
[2025-12-24T13:28:20.383+0000][gc,heap     ] GC(182) Eden regions: 605->0(603)
[2025-12-24T13:28:20.383+0000][gc,heap     ] GC(182) Survivor regions: 9->11(77)
[2025-12-24T13:28:20.383+0000][gc,heap     ] GC(182) Old regions: 68->68
[2025-12-24T13:28:20.384+0000][gc,heap     ] GC(182) Humongous regions: 149->149
[2025-12-24T13:28:20.384+0000][gc,metaspace] GC(182) Metaspace: 15551K(15936K)->15551K(15936K) NonClass: 13838K(13952K)->13838K(13952K) Class: 1713K(1984K)->1713K(1984K)
[2025-12-24T13:28:20.384+0000][gc          ] GC(182) Pause Young (Normal) (G1 Evacuation Pause) 829M->226M(1024M) 18.403ms
[2025-12-24T13:28:20.384+0000][gc,cpu      ] GC(182) User=0.11s Sys=0.00s Real=0.01s
[2025-12-24T13:28:59.989+0000][gc,start    ] GC(183) Pause Young (Normal) (G1 Evacuation Pause)
[2025-12-24T13:28:59.990+0000][gc,task     ] GC(183) Using 8 workers of 8 for evacuation
[2025-12-24T13:29:00.018+0000][gc,phases   ] GC(183)   Pre Evacuate Collection Set: 6.2ms
[2025-12-24T13:29:00.018+0000][gc,phases   ] GC(183)   Merge Heap Roots: 1.2ms
[2025-12-24T13:29:00.018+0000][gc,phases   ] GC(183)   Evacuate Collection Set: 19.7ms
[2025-12-24T13:29:00.018+0000][gc,phases   ] GC(183)   Post Evacuate Collection Set: 1.0ms
[2025-12-24T13:29:00.018+0000][gc,phases   ] GC(183)   Other: 0.6ms
[2025-12-24T13:29:00.018+0000][gc,heap     ] GC(183) Eden regions: 603->0(607)
[2025-12-24T13:29:00.018+0000][gc,heap     ] GC(183) Survivor regions: 11->7(77)
[2025-12-24T13:29:00.019+0000][gc,heap     ] GC(183) Old regions: 68->68
[2025-12-24T13:29:00.019+0000][gc,heap     ] GC(183) Humongous regions: 149->149
[2025-12-24T13:29:00.019+0000][gc,metaspace] GC(183) Metaspace: 15552K(15936K)->15552K(15936K) NonClass: 13838K(13952K)->13838K(13952K) Class: 1713K(1984K)->1713K(1984K)
[2025-12-24T13:29:00.019+0000][gc          ] GC(183) Pause Young (Normal) (G1 Evacuation Pause) 829M->223M(1024M) 29.954ms
[2025-12-24T13:29:00.019+0000][gc,cpu      ] GC(183) User=0.14s Sys=0.00s Real=0.03s
[2025-12-24T13:29:30.197+0000][gc,start    ] GC(184) Pause Young (Normal) (G1 Evacuation Pause)
[2025-12-24T13:29:30.198+0000][gc,task     ] GC(184) Using 8 workers of 8 for evacuation
[2025-12-24T13:29:30.224+0000][gc,phases   ] GC(184)   Pre Evacuate Collection Set: 1.2ms
[2025-12-24T13:29:30.224+0000][gc,phases   ] GC(184)   Merge Heap Roots: 0.2ms
[2025-12-24T13:29:30.224+0000][gc,phases   ] GC(184)   Evacuate Collection Set: 22.0ms
[2025-12-24T13:29:30.224+0000][gc,phases   ] GC(184)   Post Evacuate Collection Set: 2.2ms
[2025-12-24T13:29:30.225+0000][gc,phases   ] GC(184)   Other: 0.4ms
[2025-12-24T13:29:30.225+0000][gc,heap     ] GC(184) Eden regions: 607->0(606)
[2025-12-24T13:29:30.225+0000][gc,heap     ] GC(184) Survivor regions: 7->8(77)
[2025-12-24T13:29:30.225+0000][gc,heap     ] GC(184) Old regions: 68->69
[2025-12-24T13:29:30.226+0000][gc,heap     ] GC(184) Humongous regions: 149->149
[2025-12-24T13:29:30.226+0000][gc,metaspace] GC(184) Metaspace: 15552K(15936K)->15552K(15936K) NonClass: 13838K(13952K)->13838K(13952K) Class: 1713K(1984K)->1713K(1984K)
[2025-12-24T13:29:30.226+0000][gc          ] GC(184) Pause Young (Normal) (G1 Evacuation Pause) 830M->225M(1024M) 29.233ms
[2025-12-24T13:29:30.226+0000][gc,cpu      ] GC(184) User=0.11s Sys=0.00s Real=0.03s
[2025-12-24T13:30:00.414+0000][gc,start    ] GC(185) Pause Young (Normal) (G1 Evacuation Pause)
[2025-12-24T13:30:00.415+0000][gc,task     ] GC(185) Using 8 workers of 8 for evacuation
[2025-12-24T13:30:00.429+0000][gc,phases   ] GC(185)   Pre Evacuate Collection Set: 1.1ms
[2025-12-24T13:30:00.430+0000][gc,phases   ] GC(185)   Merge Heap Roots: 0.3ms
[2025-12-24T13:30:00.430+0000][gc,phases   ] GC(185)   Evacuate Collection Set: 12.2ms
[2025-12-24T13:30:00.430+0000][gc,phases   ] GC(185)   Post Evacuate Collection Set: 1.0ms
[2025-12-24T13:30:00.430+0000][gc,phases   ] GC(185)   Other: 0.2ms
[2025-12-24T13:30:00.430+0000][gc,heap     ] GC(185) Eden regions: 606->0(604)
[2025-12-24T13:30:00.430+0000][gc,heap     ] GC(185) Survivor regions: 8->10(77)
[2025-12-24T13:30:00.430+0000][gc,heap     ] GC(185) Old regions: 69->69
[2025-12-24T13:30:00.430+0000][gc,heap     ] GC(185) Humongous regions: 149->149
[2025-12-24T13:30:00.430+0000][gc,metaspace] GC(185) Metaspace: 15552K(15936K)->15552K(15936K) NonClass: 13838K(13952K)->13838K(13952K) Class: 1713K(1984K)->1713K(1984K)
[2025-12-24T13:30:00.430+0000][gc          ] GC(185) Pause Young (Normal) (G1 Evacuation Pause) 831M->226M(1024M) 16.030ms
[2025-12-24T13:30:00.430+0000][gc,cpu      ] GC(185) User=0.10s Sys=0.00s Real=0.01s
[2025-12-24T13:30:40.054+0000][gc,start    ] GC(186) Pause Young (Normal) (G1 Evacuation Pause)
[2025-12-24T13:30:40.054+0000][gc,task     ] GC(186) Using 8 workers of 8 for evacuation
[2025-12-24T13:30:40.072+0000][gc,phases   ] GC(186)   Pre Evacuate Collection Set: 2.3ms
[2025-12-24T13:30:40.072+0000][gc,phases   ] GC(186)   Merge Heap Roots: 0.6ms
[2025-12-24T13:30:40.072+0000][gc,phases   ] GC(186)   Evacuate Collection Set: 13.1ms
[2025-12-24T13:30:40.072+0000][gc,phases   ] GC(186)   Post Evacuate Collection Set: 1.2ms
[2025-12-24T13:30:40.072+0000][gc,phases   ] GC(186)   Other: 0.3ms
[2025-12-24T13:30:40.072+0000][gc,heap     ] GC(186) Eden regions: 604->0(605)
[2025-12-24T13:30:40.072+0000][gc,heap     ] GC(186) Survivor regions: 10->9(77)
[2025-12-24T13:30:40.072+0000][gc,heap     ] GC(186) Old regions: 69->69
[2025-12-24T13:30:40.072+0000][gc,heap     ] GC(186) Humongous regions: 149->149
[2025-12-24T13:30:40.072+0000][gc,metaspace] GC(186) Metaspace: 15552K(15936K)->15552K(15936K) NonClass: 13838K(13952K)->13838K(13952K) Class: 1713K(1984K)->1713K(1984K)
[2025-12-24T13:30:40.072+0000][gc          ] GC(186) Pause Young (Normal) (G1 Evacuation Pause) 830M->226M(1024M) 18.736ms
[2025-12-24T13:30:40.073+0000][gc,cpu      ] GC(186) User=0.11s Sys=0.01s Real=0.02s
[2025-12-24T13:31:10.262+0000][gc,start    ] GC(187) Pause Young (Normal) (G1 Evacuation Pause)
[2025-12-24T13:31:10.263+0000][gc,task     ] GC(187) Using 8 workers of 8 for evacuation
[2025-12-24T13:31:10.282+0000][gc,phases   ] GC(187)   Pre Evacuate Collection Set: 1.1ms
[2025-12-24T13:31:10.282+0000][gc,phases   ] GC(187)   Merge Heap Roots: 0.7ms
[2025-12-24T13:31:10.282+0000][gc,phases   ] GC(187)   Evacuate Collection Set: 16.2ms
[2025-12-24T13:31:10.282+0000][gc,phases   ] GC(187)   Post Evacuate Collection Set: 1.2ms
[2025-12-24T13:31:10.282+0000][gc,phases   ] GC(187)   Other: 0.3ms
[2025-12-24T13:31:10.283+0000][gc,heap     ] GC(187) Eden regions: 605->0(604)
[2025-12-24T13:31:10.283+0000][gc,heap     ] GC(187) Survivor regions: 9->10(77)
[2025-12-24T13:31:10.283+0000][gc,heap     ] GC(187) Old regions: 69->70
[2025-12-24T13:31:10.283+0000][gc,heap     ] GC(187) Humongous regions: 149->149
[2025-12-24T13:31:10.283+0000][gc,metaspace] GC(187) Metaspace: 15552K(15936K)->15552K(15936K) NonClass: 13838K(13952K)->13838K(13952K) Class: 1713K(1984K)->1713K(1984K)
[2025-12-24T13:31:10.283+0000][gc          ] GC(187) Pause Young (Normal) (G1 Evacuation Pause) 831M->228M(1024M) 20.771ms
[2025-12-24T13:31:10.283+0000][gc,cpu      ] GC(187) User=0.12s Sys=0.01s Real=0.02s
[2025-12-24T13:31:40.645+0000][gc,start    ] GC(188) Pause Young (Normal) (G1 Evacuation Pause)
[2025-12-24T13:31:40.646+0000][gc,task     ] GC(188) Using 8 workers of 8 for evacuation
[2025-12-24T13:31:40.660+0000][gc,phases   ] GC(188)   Pre Evacuate Collection Set: 1.2ms
[2025-12-24T13:31:40.660+0000][gc,phases   ] GC(188)   Merge Heap Roots: 0.4ms
[2025-12-24T13:31:40.660+0000][gc,phases   ] GC(188)   Evacuate Collection Set: 10.7ms
[2025-12-24T13:31:40.660+0000][gc,phases   ] GC(188)   Post Evacuate Collection Set: 1.4ms
[2025-12-24T13:31:40.660+0000][gc,phases   ] GC(188)   Other: 0.4ms
[2025-12-24T13:31:40.661+0000][gc,heap     ] GC(188) Eden regions: 604->0(606)
[2025-12-24T13:31:40.661+0000][gc,heap     ] GC(188) Survivor regions: 10->8(77)
[2025-12-24T13:31:40.661+0000][gc,heap     ] GC(188) Old regions: 70->70
[2025-12-24T13:31:40.661+0000][gc,heap     ] GC(188) Humongous regions: 149->149
[2025-12-24T13:31:40.661+0000][gc,metaspace] GC(188) Metaspace: 15552K(15936K)->15552K(15936K) NonClass: 13838K(13952K)->13838K(13952K) Class: 1713K(1984K)->1713K(1984K)
[2025-12-24T13:31:40.661+0000][gc          ] GC(188) Pause Young (Normal) (G1 Evacuation Pause) 832M->226M(1024M) 16.484ms
[2025-12-24T13:31:40.661+0000][gc,cpu      ] GC(188) User=0.08s Sys=0.01s Real=0.02s
[2025-12-24T13:32:20.116+0000][gc,start    ] GC(189) Pause Young (Normal) (G1 Evacuation Pause)
[2025-12-24T13:32:20.117+0000][gc,task     ] GC(189) Using 8 workers of 8 for evacuation
[2025-12-24T13:32:20.131+0000][gc,phases   ] GC(189)   Pre Evacuate Collection Set: 1.1ms
[2025-12-24T13:32:20.131+0000][gc,phases   ] GC(189)   Merge Heap Roots: 0.3ms
[2025-12-24T13:32:20.131+0000][gc,phases   ] GC(189)   Evacuate Collection Set: 9.5ms
[2025-12-24T13:32:20.131+0000][gc,phases   ] GC(189)   Post Evacuate Collection Set: 2.1ms
[2025-12-24T13:32:20.131+0000][gc,phases   ] GC(189)   Other: 0.4ms
[2025-12-24T13:32:20.131+0000][gc,heap     ] GC(189) Eden regions: 606->0(606)
[2025-12-24T13:32:20.131+0000][gc,heap     ] GC(189) Survivor regions: 8->8(77)
[2025-12-24T13:32:20.131+0000][gc,heap     ] GC(189) Old regions: 70->70
[2025-12-24T13:32:20.131+0000][gc,heap     ] GC(189) Humongous regions: 149->149
[2025-12-24T13:32:20.131+0000][gc,metaspace] GC(189) Metaspace: 15552K(15936K)->15552K(15936K) NonClass: 13838K(13952K)->13838K(13952K) Class: 1713K(1984K)->1713K(1984K)
[2025-12-24T13:32:20.132+0000][gc          ] GC(189) Pause Young (Normal) (G1 Evacuation Pause) 832M->226M(1024M) 15.635ms
[2025-12-24T13:32:20.132+0000][gc,cpu      ] GC(189) User=0.08s Sys=0.01s Real=0.02s
[2025-12-24T13:32:50.307+0000][gc,start    ] GC(190) Pause Young (Normal) (G1 Evacuation Pause)
[2025-12-24T13:32:50.308+0000][gc,task     ] GC(190) Using 8 workers of 8 for evacuation
[2025-12-24T13:32:50.323+0000][gc,phases   ] GC(190)   Pre Evacuate Collection Set: 1.1ms
[2025-12-24T13:32:50.323+0000][gc,phases   ] GC(190)   Merge Heap Roots: 1.2ms
[2025-12-24T13:32:50.323+0000][gc,phases   ] GC(190)   Evacuate Collection Set: 11.6ms
[2025-12-24T13:32:50.323+0000][gc,phases   ] GC(190)   Post Evacuate Collection Set: 1.0ms
[2025-12-24T13:32:50.323+0000][gc,phases   ] GC(190)   Other: 0.3ms
[2025-12-24T13:32:50.323+0000][gc,heap     ] GC(190) Eden regions: 606->0(605)
[2025-12-24T13:32:50.323+0000][gc,heap     ] GC(190) Survivor regions: 8->9(77)
[2025-12-24T13:32:50.323+0000][gc,heap     ] GC(190) Old regions: 70->71
[2025-12-24T13:32:50.323+0000][gc,heap     ] GC(190) Humongous regions: 149->149
[2025-12-24T13:32:50.323+0000][gc,metaspace] GC(190) Metaspace: 15552K(15936K)->15552K(15936K) NonClass: 13838K(13952K)->13838K(13952K) Class: 1713K(1984K)->1713K(1984K)
[2025-12-24T13:32:50.323+0000][gc          ] GC(190) Pause Young (Normal) (G1 Evacuation Pause) 832M->227M(1024M) 16.376ms
[2025-12-24T13:32:50.324+0000][gc,cpu      ] GC(190) User=0.10s Sys=0.00s Real=0.01s
[2025-12-24T13:33:20.448+0000][gc,start    ] GC(191) Pause Young (Normal) (G1 Evacuation Pause)
[2025-12-24T13:33:20.449+0000][gc,task     ] GC(191) Using 8 workers of 8 for evacuation
[2025-12-24T13:33:20.460+0000][gc,phases   ] GC(191)   Pre Evacuate Collection Set: 1.1ms
[2025-12-24T13:33:20.460+0000][gc,phases   ] GC(191)   Merge Heap Roots: 0.3ms
[2025-12-24T13:33:20.460+0000][gc,phases   ] GC(191)   Evacuate Collection Set: 8.6ms
[2025-12-24T13:33:20.460+0000][gc,phases   ] GC(191)   Post Evacuate Collection Set: 0.9ms
[2025-12-24T13:33:20.460+0000][gc,phases   ] GC(191)   Other: 0.5ms
[2025-12-24T13:33:20.460+0000][gc,heap     ] GC(191) Eden regions: 605->0(604)
[2025-12-24T13:33:20.461+0000][gc,heap     ] GC(191) Survivor regions: 9->10(77)
[2025-12-24T13:33:20.461+0000][gc,heap     ] GC(191) Old regions: 71->71
[2025-12-24T13:33:20.461+0000][gc,heap     ] GC(191) Humongous regions: 149->149
[2025-12-24T13:33:20.461+0000][gc,metaspace] GC(191) Metaspace: 15555K(16000K)->15555K(16000K) NonClass: 13841K(14016K)->13841K(14016K) Class: 1713K(1984K)->1713K(1984K)
[2025-12-24T13:33:20.461+0000][gc          ] GC(191) Pause Young (Normal) (G1 Evacuation Pause) 832M->229M(1024M) 13.193ms
[2025-12-24T13:33:20.461+0000][gc,cpu      ] GC(191) User=0.08s Sys=0.00s Real=0.01s
[2025-12-24T13:34:00.078+0000][gc,start    ] GC(192) Pause Young (Normal) (G1 Evacuation Pause)
[2025-12-24T13:34:00.079+0000][gc,task     ] GC(192) Using 8 workers of 8 for evacuation
[2025-12-24T13:34:00.090+0000][gc,phases   ] GC(192)   Pre Evacuate Collection Set: 1.2ms
[2025-12-24T13:34:00.090+0000][gc,phases   ] GC(192)   Merge Heap Roots: 0.3ms
[2025-12-24T13:34:00.091+0000][gc,phases   ] GC(192)   Evacuate Collection Set: 8.2ms
[2025-12-24T13:34:00.091+0000][gc,phases   ] GC(192)   Post Evacuate Collection Set: 1.3ms
[2025-12-24T13:34:00.091+0000][gc,phases   ] GC(192)   Other: 0.3ms
[2025-12-24T13:34:00.091+0000][gc,heap     ] GC(192) Eden regions: 604->0(604)
[2025-12-24T13:34:00.091+0000][gc,heap     ] GC(192) Survivor regions: 10->10(77)
[2025-12-24T13:34:00.091+0000][gc,heap     ] GC(192) Old regions: 71->71
[2025-12-24T13:34:00.091+0000][gc,heap     ] GC(192) Humongous regions: 149->149
[2025-12-24T13:34:00.091+0000][gc,metaspace] GC(192) Metaspace: 15555K(16000K)->15555K(16000K) NonClass: 13841K(14016K)->13841K(14016K) Class: 1713K(1984K)->1713K(1984K)
[2025-12-24T13:34:00.091+0000][gc          ] GC(192) Pause Young (Normal) (G1 Evacuation Pause) 833M->229M(1024M) 13.551ms
[2025-12-24T13:34:00.091+0000][gc,cpu      ] GC(192) User=0.07s Sys=0.00s Real=0.01s
[2025-12-24T13:34:30.297+0000][gc,start    ] GC(193) Pause Young (Normal) (G1 Evacuation Pause)
[2025-12-24T13:34:30.298+0000][gc,task     ] GC(193) Using 8 workers of 8 for evacuation
[2025-12-24T13:34:30.313+0000][gc,phases   ] GC(193)   Pre Evacuate Collection Set: 1.4ms
[2025-12-24T13:34:30.313+0000][gc,phases   ] GC(193)   Merge Heap Roots: 0.2ms
[2025-12-24T13:34:30.313+0000][gc,phases   ] GC(193)   Evacuate Collection Set: 9.6ms
[2025-12-24T13:34:30.313+0000][gc,phases   ] GC(193)   Post Evacuate Collection Set: 2.8ms
[2025-12-24T13:34:30.313+0000][gc,phases   ] GC(193)   Other: 0.2ms
[2025-12-24T13:34:30.313+0000][gc,heap     ] GC(193) Eden regions: 604->0(606)
[2025-12-24T13:34:30.313+0000][gc,heap     ] GC(193) Survivor regions: 10->8(77)
[2025-12-24T13:34:30.314+0000][gc,heap     ] GC(193) Old regions: 71->72
[2025-12-24T13:34:30.314+0000][gc,heap     ] GC(193) Humongous regions: 149->149
[2025-12-24T13:34:30.314+0000][gc,metaspace] GC(193) Metaspace: 15584K(16000K)->15584K(16000K) NonClass: 13870K(14016K)->13870K(14016K) Class: 1713K(1984K)->1713K(1984K)
[2025-12-24T13:34:30.314+0000][gc          ] GC(193) Pause Young (Normal) (G1 Evacuation Pause) 833M->227M(1024M) 16.771ms
[2025-12-24T13:34:30.314+0000][gc,cpu      ] GC(193) User=0.08s Sys=0.00s Real=0.02s
[2025-12-24T13:35:09.884+0000][gc,start    ] GC(194) Pause Young (Normal) (G1 Evacuation Pause)
[2025-12-24T13:35:09.886+0000][gc,task     ] GC(194) Using 8 workers of 8 for evacuation
[2025-12-24T13:35:09.908+0000][gc,phases   ] GC(194)   Pre Evacuate Collection Set: 2.7ms
[2025-12-24T13:35:09.908+0000][gc,phases   ] GC(194)   Merge Heap Roots: 0.7ms
[2025-12-24T13:35:09.908+0000][gc,phases   ] GC(194)   Evacuate Collection Set: 16.2ms
[2025-12-24T13:35:09.908+0000][gc,phases   ] GC(194)   Post Evacuate Collection Set: 1.7ms
[2025-12-24T13:35:09.908+0000][gc,phases   ] GC(194)   Other: 0.4ms
[2025-12-24T13:35:09.908+0000][gc,heap     ] GC(194) Eden regions: 606->0(607)
[2025-12-24T13:35:09.908+0000][gc,heap     ] GC(194) Survivor regions: 8->7(77)
[2025-12-24T13:35:09.909+0000][gc,heap     ] GC(194) Old regions: 72->72
[2025-12-24T13:35:09.909+0000][gc,heap     ] GC(194) Humongous regions: 149->149
[2025-12-24T13:35:09.909+0000][gc,metaspace] GC(194) Metaspace: 15584K(16000K)->15584K(16000K) NonClass: 13870K(14016K)->13870K(14016K) Class: 1713K(1984K)->1713K(1984K)
[2025-12-24T13:35:09.909+0000][gc          ] GC(194) Pause Young (Normal) (G1 Evacuation Pause) 833M->227M(1024M) 24.837ms
[2025-12-24T13:35:09.909+0000][gc,cpu      ] GC(194) User=0.14s Sys=0.00s Real=0.02s
[2025-12-24T13:35:40.127+0000][gc,start    ] GC(195) Pause Young (Normal) (G1 Evacuation Pause)
[2025-12-24T13:35:40.129+0000][gc,task     ] GC(195) Using 8 workers of 8 for evacuation
[2025-12-24T13:35:40.149+0000][gc,phases   ] GC(195)   Pre Evacuate Collection Set: 1.1ms
[2025-12-24T13:35:40.149+0000][gc,phases   ] GC(195)   Merge Heap Roots: 0.3ms
[2025-12-24T13:35:40.149+0000][gc,phases   ] GC(195)   Evacuate Collection Set: 17.6ms
[2025-12-24T13:35:40.149+0000][gc,phases   ] GC(195)   Post Evacuate Collection Set: 1.3ms
[2025-12-24T13:35:40.150+0000][gc,phases   ] GC(195)   Other: 0.3ms
[2025-12-24T13:35:40.150+0000][gc,heap     ] GC(195) Eden regions: 607->0(606)
[2025-12-24T13:35:40.150+0000][gc,heap     ] GC(195) Survivor regions: 7->8(77)
[2025-12-24T13:35:40.150+0000][gc,heap     ] GC(195) Old regions: 72->73
[2025-12-24T13:35:40.150+0000][gc,heap     ] GC(195) Humongous regions: 149->149
[2025-12-24T13:35:40.150+0000][gc,metaspace] GC(195) Metaspace: 15584K(16000K)->15584K(16000K) NonClass: 13870K(14016K)->13870K(14016K) Class: 1713K(1984K)->1713K(1984K)
[2025-12-24T13:35:40.150+0000][gc          ] GC(195) Pause Young (Normal) (G1 Evacuation Pause) 834M->229M(1024M) 22.791ms
[2025-12-24T13:35:40.150+0000][gc,cpu      ] GC(195) User=0.13s Sys=0.00s Real=0.03s
[2025-12-24T13:36:10.320+0000][gc,start    ] GC(196) Pause Young (Normal) (G1 Evacuation Pause)
[2025-12-24T13:36:10.320+0000][gc,task     ] GC(196) Using 8 workers of 8 for evacuation
[2025-12-24T13:36:10.335+0000][gc,phases   ] GC(196)   Pre Evacuate Collection Set: 1.0ms
[2025-12-24T13:36:10.335+0000][gc,phases   ] GC(196)   Merge Heap Roots: 0.3ms
[2025-12-24T13:36:10.335+0000][gc,phases   ] GC(196)   Evacuate Collection Set: 11.9ms
[2025-12-24T13:36:10.335+0000][gc,phases   ] GC(196)   Post Evacuate Collection Set: 1.0ms
[2025-12-24T13:36:10.335+0000][gc,phases   ] GC(196)   Other: 0.3ms
[2025-12-24T13:36:10.335+0000][gc,heap     ] GC(196) Eden regions: 606->0(604)
[2025-12-24T13:36:10.335+0000][gc,heap     ] GC(196) Survivor regions: 8->10(77)
[2025-12-24T13:36:10.335+0000][gc,heap     ] GC(196) Old regions: 73->73
[2025-12-24T13:36:10.335+0000][gc,heap     ] GC(196) Humongous regions: 149->149
[2025-12-24T13:36:10.335+0000][gc,metaspace] GC(196) Metaspace: 15584K(16000K)->15584K(16000K) NonClass: 13870K(14016K)->13870K(14016K) Class: 1713K(1984K)->1713K(1984K)
[2025-12-24T13:36:10.336+0000][gc          ] GC(196) Pause Young (Normal) (G1 Evacuation Pause) 835M->231M(1024M) 15.892ms
[2025-12-24T13:36:10.336+0000][gc,cpu      ] GC(196) User=0.08s Sys=0.00s Real=0.01s
[2025-12-24T13:36:49.958+0000][gc,start    ] GC(197) Pause Young (Normal) (G1 Evacuation Pause)
[2025-12-24T13:36:49.959+0000][gc,task     ] GC(197) Using 8 workers of 8 for evacuation
[2025-12-24T13:36:49.973+0000][gc,phases   ] GC(197)   Pre Evacuate Collection Set: 1.1ms
[2025-12-24T13:36:49.973+0000][gc,phases   ] GC(197)   Merge Heap Roots: 0.5ms
[2025-12-24T13:36:49.973+0000][gc,phases   ] GC(197)   Evacuate Collection Set: 11.1ms
[2025-12-24T13:36:49.973+0000][gc,phases   ] GC(197)   Post Evacuate Collection Set: 1.4ms
[2025-12-24T13:36:49.973+0000][gc,phases   ] GC(197)   Other: 0.2ms
[2025-12-24T13:36:49.973+0000][gc,heap     ] GC(197) Eden regions: 604->0(605)
[2025-12-24T13:36:49.973+0000][gc,heap     ] GC(197) Survivor regions: 10->9(77)
[2025-12-24T13:36:49.973+0000][gc,heap     ] GC(197) Old regions: 73->73
[2025-12-24T13:36:49.973+0000][gc,heap     ] GC(197) Humongous regions: 149->149
[2025-12-24T13:36:49.974+0000][gc,metaspace] GC(197) Metaspace: 15584K(16000K)->15584K(16000K) NonClass: 13870K(14016K)->13870K(14016K) Class: 1713K(1984K)->1713K(1984K)
[2025-12-24T13:36:49.974+0000][gc          ] GC(197) Pause Young (Normal) (G1 Evacuation Pause) 835M->230M(1024M) 15.248ms
[2025-12-24T13:36:49.974+0000][gc,cpu      ] GC(197) User=0.10s Sys=0.00s Real=0.01s
[2025-12-24T13:37:20.158+0000][gc,start    ] GC(198) Pause Young (Normal) (G1 Evacuation Pause)
[2025-12-24T13:37:20.159+0000][gc,task     ] GC(198) Using 8 workers of 8 for evacuation
[2025-12-24T13:37:20.172+0000][gc,phases   ] GC(198)   Pre Evacuate Collection Set: 1.1ms
[2025-12-24T13:37:20.172+0000][gc,phases   ] GC(198)   Merge Heap Roots: 0.2ms
[2025-12-24T13:37:20.172+0000][gc,phases   ] GC(198)   Evacuate Collection Set: 9.8ms
[2025-12-24T13:37:20.172+0000][gc,phases   ] GC(198)   Post Evacuate Collection Set: 1.1ms
[2025-12-24T13:37:20.172+0000][gc,phases   ] GC(198)   Other: 0.2ms
[2025-12-24T13:37:20.172+0000][gc,heap     ] GC(198) Eden regions: 605->0(607)
[2025-12-24T13:37:20.172+0000][gc,heap     ] GC(198) Survivor regions: 9->7(77)
[2025-12-24T13:37:20.172+0000][gc,heap     ] GC(198) Old regions: 73->74
[2025-12-24T13:37:20.172+0000][gc,heap     ] GC(198) Humongous regions: 149->149
[2025-12-24T13:37:20.173+0000][gc,metaspace] GC(198) Metaspace: 15584K(16000K)->15584K(16000K) NonClass: 13870K(14016K)->13870K(14016K) Class: 1713K(1984K)->1713K(1984K)
[2025-12-24T13:37:20.173+0000][gc          ] GC(198) Pause Young (Normal) (G1 Evacuation Pause) 835M->229M(1024M) 14.421ms
[2025-12-24T13:37:20.173+0000][gc,cpu      ] GC(198) User=0.08s Sys=0.00s Real=0.01s
[2025-12-24T13:37:50.337+0000][gc,start    ] GC(199) Pause Young (Normal) (G1 Evacuation Pause)
[2025-12-24T13:37:50.337+0000][gc,task     ] GC(199) Using 8 workers of 8 for evacuation
[2025-12-24T13:37:50.349+0000][gc,phases   ] GC(199)   Pre Evacuate Collection Set: 1.1ms
[2025-12-24T13:37:50.349+0000][gc,phases   ] GC(199)   Merge Heap Roots: 0.3ms
[2025-12-24T13:37:50.349+0000][gc,phases   ] GC(199)   Evacuate Collection Set: 8.7ms
[2025-12-24T13:37:50.349+0000][gc,phases   ] GC(199)   Post Evacuate Collection Set: 1.2ms
[2025-12-24T13:37:50.349+0000][gc,phases   ] GC(199)   Other: 0.2ms
[2025-12-24T13:37:50.349+0000][gc,heap     ] GC(199) Eden regions: 607->0(605)
[2025-12-24T13:37:50.349+0000][gc,heap     ] GC(199) Survivor regions: 7->9(77)
[2025-12-24T13:37:50.349+0000][gc,heap     ] GC(199) Old regions: 74->74
[2025-12-24T13:37:50.349+0000][gc,heap     ] GC(199) Humongous regions: 149->149
[2025-12-24T13:37:50.349+0000][gc,metaspace] GC(199) Metaspace: 15584K(16000K)->15584K(16000K) NonClass: 13871K(14016K)->13871K(14016K) Class: 1713K(1984K)->1713K(1984K)
[2025-12-24T13:37:50.349+0000][gc          ] GC(199) Pause Young (Normal) (G1 Evacuation Pause) 836M->230M(1024M) 12.743ms
[2025-12-24T13:37:50.349+0000][gc,cpu      ] GC(199) User=0.07s Sys=0.00s Real=0.01s
[2025-12-24T13:52:34.305+0000][gc,start    ] GC(200) Pause Young (Normal) (G1 Evacuation Pause)
[2025-12-24T13:52:34.306+0000][gc,task     ] GC(200) Using 8 workers of 8 for evacuation
[2025-12-24T13:52:34.323+0000][gc,phases   ] GC(200)   Pre Evacuate Collection Set: 1.4ms
[2025-12-24T13:52:34.323+0000][gc,phases   ] GC(200)   Merge Heap Roots: 0.2ms
[2025-12-24T13:52:34.323+0000][gc,phases   ] GC(200)   Evacuate Collection Set: 11.9ms
[2025-12-24T13:52:34.324+0000][gc,phases   ] GC(200)   Post Evacuate Collection Set: 3.5ms
[2025-12-24T13:52:34.324+0000][gc,phases   ] GC(200)   Other: 0.4ms
[2025-12-24T13:52:34.324+0000][gc,heap     ] GC(200) Eden regions: 605->0(606)
[2025-12-24T13:52:34.324+0000][gc,heap     ] GC(200) Survivor regions: 9->8(77)
[2025-12-24T13:52:34.324+0000][gc,heap     ] GC(200) Old regions: 74->74
[2025-12-24T13:52:34.324+0000][gc,heap     ] GC(200) Humongous regions: 151->151
[2025-12-24T13:52:34.324+0000][gc,metaspace] GC(200) Metaspace: 15648K(16064K)->15648K(16064K) NonClass: 13916K(14080K)->13916K(14080K) Class: 1731K(1984K)->1731K(1984K)
[2025-12-24T13:52:34.324+0000][gc          ] GC(200) Pause Young (Normal) (G1 Evacuation Pause) 837M->232M(1024M) 19.457ms
[2025-12-24T13:52:34.325+0000][gc,cpu      ] GC(200) User=0.08s Sys=0.00s Real=0.02s
[2025-12-24T13:53:04.444+0000][gc,start    ] GC(201) Pause Young (Normal) (G1 Evacuation Pause)
[2025-12-24T13:53:04.444+0000][gc,task     ] GC(201) Using 8 workers of 8 for evacuation
[2025-12-24T13:53:04.461+0000][gc,phases   ] GC(201)   Pre Evacuate Collection Set: 1.8ms
[2025-12-24T13:53:04.461+0000][gc,phases   ] GC(201)   Merge Heap Roots: 0.4ms
[2025-12-24T13:53:04.461+0000][gc,phases   ] GC(201)   Evacuate Collection Set: 13.1ms
[2025-12-24T13:53:04.461+0000][gc,phases   ] GC(201)   Post Evacuate Collection Set: 1.3ms
[2025-12-24T13:53:04.461+0000][gc,phases   ] GC(201)   Other: 0.2ms
[2025-12-24T13:53:04.462+0000][gc,heap     ] GC(201) Eden regions: 606->0(605)
[2025-12-24T13:53:04.462+0000][gc,heap     ] GC(201) Survivor regions: 8->9(77)
[2025-12-24T13:53:04.462+0000][gc,heap     ] GC(201) Old regions: 74->75
[2025-12-24T13:53:04.462+0000][gc,heap     ] GC(201) Humongous regions: 151->151
[2025-12-24T13:53:04.462+0000][gc,metaspace] GC(201) Metaspace: 15650K(16064K)->15650K(16064K) NonClass: 13919K(14080K)->13919K(14080K) Class: 1731K(1984K)->1731K(1984K)
[2025-12-24T13:53:04.462+0000][gc          ] GC(201) Pause Young (Normal) (G1 Evacuation Pause) 838M->233M(1024M) 18.038ms
[2025-12-24T13:53:04.462+0000][gc,cpu      ] GC(201) User=0.10s Sys=0.01s Real=0.02s
[2025-12-24T13:53:34.657+0000][gc,start    ] GC(202) Pause Young (Normal) (G1 Evacuation Pause)
[2025-12-24T13:53:34.658+0000][gc,task     ] GC(202) Using 8 workers of 8 for evacuation
[2025-12-24T13:53:34.672+0000][gc,phases   ] GC(202)   Pre Evacuate Collection Set: 1.4ms
[2025-12-24T13:53:34.672+0000][gc,phases   ] GC(202)   Merge Heap Roots: 0.7ms
[2025-12-24T13:53:34.672+0000][gc,phases   ] GC(202)   Evacuate Collection Set: 10.1ms
[2025-12-24T13:53:34.672+0000][gc,phases   ] GC(202)   Post Evacuate Collection Set: 0.8ms
[2025-12-24T13:53:34.672+0000][gc,phases   ] GC(202)   Other: 0.4ms
[2025-12-24T13:53:34.672+0000][gc,heap     ] GC(202) Eden regions: 605->0(603)
[2025-12-24T13:53:34.672+0000][gc,heap     ] GC(202) Survivor regions: 9->11(77)
[2025-12-24T13:53:34.672+0000][gc,heap     ] GC(202) Old regions: 75->75
[2025-12-24T13:53:34.672+0000][gc,heap     ] GC(202) Humongous regions: 151->151
[2025-12-24T13:53:34.672+0000][gc,metaspace] GC(202) Metaspace: 15650K(16064K)->15650K(16064K) NonClass: 13919K(14080K)->13919K(14080K) Class: 1731K(1984K)->1731K(1984K)
[2025-12-24T13:53:34.672+0000][gc          ] GC(202) Pause Young (Normal) (G1 Evacuation Pause) 838M->236M(1024M) 15.308ms
[2025-12-24T13:53:34.672+0000][gc,cpu      ] GC(202) User=0.05s Sys=0.00s Real=0.02s
[2025-12-24T13:54:14.293+0000][gc,start    ] GC(203) Pause Young (Normal) (G1 Evacuation Pause)
[2025-12-24T13:54:14.293+0000][gc,task     ] GC(203) Using 8 workers of 8 for evacuation
[2025-12-24T13:54:14.308+0000][gc,phases   ] GC(203)   Pre Evacuate Collection Set: 1.1ms
[2025-12-24T13:54:14.308+0000][gc,phases   ] GC(203)   Merge Heap Roots: 0.3ms
[2025-12-24T13:54:14.308+0000][gc,phases   ] GC(203)   Evacuate Collection Set: 11.9ms
[2025-12-24T13:54:14.308+0000][gc,phases   ] GC(203)   Post Evacuate Collection Set: 1.0ms
[2025-12-24T13:54:14.308+0000][gc,phases   ] GC(203)   Other: 0.2ms
[2025-12-24T13:54:14.308+0000][gc,heap     ] GC(203) Eden regions: 603->0(607)
[2025-12-24T13:54:14.308+0000][gc,heap     ] GC(203) Survivor regions: 11->7(77)
[2025-12-24T13:54:14.308+0000][gc,heap     ] GC(203) Old regions: 75->75
[2025-12-24T13:54:14.308+0000][gc,heap     ] GC(203) Humongous regions: 151->151
[2025-12-24T13:54:14.308+0000][gc,metaspace] GC(203) Metaspace: 15650K(16064K)->15650K(16064K) NonClass: 13919K(14080K)->13919K(14080K) Class: 1731K(1984K)->1731K(1984K)
[2025-12-24T13:54:14.309+0000][gc          ] GC(203) Pause Young (Normal) (G1 Evacuation Pause) 839M->232M(1024M) 15.654ms
[2025-12-24T13:54:14.309+0000][gc,cpu      ] GC(203) User=0.10s Sys=0.00s Real=0.02s
[2025-12-24T13:54:44.492+0000][gc,start    ] GC(204) Pause Young (Normal) (G1 Evacuation Pause)
[2025-12-24T13:54:44.493+0000][gc,task     ] GC(204) Using 8 workers of 8 for evacuation
[2025-12-24T13:54:44.508+0000][gc,phases   ] GC(204)   Pre Evacuate Collection Set: 1.2ms
[2025-12-24T13:54:44.508+0000][gc,phases   ] GC(204)   Merge Heap Roots: 0.2ms
[2025-12-24T13:54:44.508+0000][gc,phases   ] GC(204)   Evacuate Collection Set: 11.8ms
[2025-12-24T13:54:44.508+0000][gc,phases   ] GC(204)   Post Evacuate Collection Set: 1.3ms
[2025-12-24T13:54:44.508+0000][gc,phases   ] GC(204)   Other: 0.2ms
[2025-12-24T13:54:44.508+0000][gc,heap     ] GC(204) Eden regions: 607->0(606)
[2025-12-24T13:54:44.508+0000][gc,heap     ] GC(204) Survivor regions: 7->8(77)
[2025-12-24T13:54:44.508+0000][gc,heap     ] GC(204) Old regions: 75->76
[2025-12-24T13:54:44.508+0000][gc,heap     ] GC(204) Humongous regions: 151->151
[2025-12-24T13:54:44.508+0000][gc,metaspace] GC(204) Metaspace: 15650K(16064K)->15650K(16064K) NonClass: 13919K(14080K)->13919K(14080K) Class: 1731K(1984K)->1731K(1984K)
[2025-12-24T13:54:44.509+0000][gc          ] GC(204) Pause Young (Normal) (G1 Evacuation Pause) 839M->233M(1024M) 16.337ms
[2025-12-24T13:54:44.509+0000][gc,cpu      ] GC(204) User=0.09s Sys=0.01s Real=0.02s
[2025-12-24T13:55:14.680+0000][gc,start    ] GC(205) Pause Young (Normal) (G1 Evacuation Pause)
[2025-12-24T13:55:14.681+0000][gc,task     ] GC(205) Using 8 workers of 8 for evacuation
[2025-12-24T13:55:14.697+0000][gc,phases   ] GC(205)   Pre Evacuate Collection Set: 1.1ms
[2025-12-24T13:55:14.697+0000][gc,phases   ] GC(205)   Merge Heap Roots: 0.3ms
[2025-12-24T13:55:14.697+0000][gc,phases   ] GC(205)   Evacuate Collection Set: 12.4ms
[2025-12-24T13:55:14.697+0000][gc,phases   ] GC(205)   Post Evacuate Collection Set: 1.7ms
[2025-12-24T13:55:14.698+0000][gc,phases   ] GC(205)   Other: 0.3ms
[2025-12-24T13:55:14.698+0000][gc,heap     ] GC(205) Eden regions: 606->0(604)
[2025-12-24T13:55:14.698+0000][gc,heap     ] GC(205) Survivor regions: 8->10(77)
[2025-12-24T13:55:14.698+0000][gc,heap     ] GC(205) Old regions: 76->76
[2025-12-24T13:55:14.698+0000][gc,heap     ] GC(205) Humongous regions: 151->151
[2025-12-24T13:55:14.698+0000][gc,metaspace] GC(205) Metaspace: 15650K(16064K)->15650K(16064K) NonClass: 13919K(14080K)->13919K(14080K) Class: 1731K(1984K)->1731K(1984K)
[2025-12-24T13:55:14.698+0000][gc          ] GC(205) Pause Young (Normal) (G1 Evacuation Pause) 839M->235M(1024M) 17.375ms
[2025-12-24T13:55:14.698+0000][gc,cpu      ] GC(205) User=0.10s Sys=0.00s Real=0.02s
[2025-12-24T13:55:54.291+0000][gc,start    ] GC(206) Pause Young (Normal) (G1 Evacuation Pause)
[2025-12-24T13:55:54.292+0000][gc,task     ] GC(206) Using 8 workers of 8 for evacuation
[2025-12-24T13:55:54.302+0000][gc,phases   ] GC(206)   Pre Evacuate Collection Set: 1.0ms
[2025-12-24T13:55:54.302+0000][gc,phases   ] GC(206)   Merge Heap Roots: 0.3ms
[2025-12-24T13:55:54.302+0000][gc,phases   ] GC(206)   Evacuate Collection Set: 7.6ms
[2025-12-24T13:55:54.302+0000][gc,phases   ] GC(206)   Post Evacuate Collection Set: 1.1ms
[2025-12-24T13:55:54.302+0000][gc,phases   ] GC(206)   Other: 0.1ms
[2025-12-24T13:55:54.302+0000][gc,heap     ] GC(206) Eden regions: 604->0(606)
[2025-12-24T13:55:54.302+0000][gc,heap     ] GC(206) Survivor regions: 10->8(77)
[2025-12-24T13:55:54.302+0000][gc,heap     ] GC(206) Old regions: 76->76
[2025-12-24T13:55:54.302+0000][gc,heap     ] GC(206) Humongous regions: 151->151
[2025-12-24T13:55:54.302+0000][gc,metaspace] GC(206) Metaspace: 15650K(16064K)->15650K(16064K) NonClass: 13919K(14080K)->13919K(14080K) Class: 1731K(1984K)->1731K(1984K)
[2025-12-24T13:55:54.303+0000][gc          ] GC(206) Pause Young (Normal) (G1 Evacuation Pause) 839M->234M(1024M) 11.614ms
[2025-12-24T13:55:54.303+0000][gc,cpu      ] GC(206) User=0.07s Sys=0.00s Real=0.01s
[2025-12-24T13:56:24.585+0000][gc,start    ] GC(207) Pause Young (Normal) (G1 Evacuation Pause)
[2025-12-24T13:56:24.586+0000][gc,task     ] GC(207) Using 8 workers of 8 for evacuation
[2025-12-24T13:56:24.599+0000][gc,phases   ] GC(207)   Pre Evacuate Collection Set: 1.2ms
[2025-12-24T13:56:24.599+0000][gc,phases   ] GC(207)   Merge Heap Roots: 0.3ms
[2025-12-24T13:56:24.599+0000][gc,phases   ] GC(207)   Evacuate Collection Set: 10.0ms
[2025-12-24T13:56:24.599+0000][gc,phases   ] GC(207)   Post Evacuate Collection Set: 1.2ms
[2025-12-24T13:56:24.599+0000][gc,phases   ] GC(207)   Other: 0.2ms
[2025-12-24T13:56:24.599+0000][gc,heap     ] GC(207) Eden regions: 606->0(603)
[2025-12-24T13:56:24.600+0000][gc,heap     ] GC(207) Survivor regions: 8->11(77)
[2025-12-24T13:56:24.600+0000][gc,heap     ] GC(207) Old regions: 76->77
[2025-12-24T13:56:24.600+0000][gc,heap     ] GC(207) Humongous regions: 151->151
[2025-12-24T13:56:24.600+0000][gc,metaspace] GC(207) Metaspace: 15650K(16064K)->15650K(16064K) NonClass: 13919K(14080K)->13919K(14080K) Class: 1731K(1984K)->1731K(1984K)
[2025-12-24T13:56:24.600+0000][gc          ] GC(207) Pause Young (Normal) (G1 Evacuation Pause) 840M->237M(1024M) 14.365ms
[2025-12-24T13:56:24.600+0000][gc,cpu      ] GC(207) User=0.07s Sys=0.00s Real=0.01s
[2025-12-24T13:56:54.757+0000][gc,start    ] GC(208) Pause Young (Normal) (G1 Evacuation Pause)
[2025-12-24T13:56:54.758+0000][gc,task     ] GC(208) Using 8 workers of 8 for evacuation
[2025-12-24T13:56:54.773+0000][gc,phases   ] GC(208)   Pre Evacuate Collection Set: 1.1ms
[2025-12-24T13:56:54.773+0000][gc,phases   ] GC(208)   Merge Heap Roots: 0.3ms
[2025-12-24T13:56:54.773+0000][gc,phases   ] GC(208)   Evacuate Collection Set: 10.3ms
[2025-12-24T13:56:54.773+0000][gc,phases   ] GC(208)   Post Evacuate Collection Set: 2.9ms
[2025-12-24T13:56:54.774+0000][gc,phases   ] GC(208)   Other: 0.2ms
[2025-12-24T13:56:54.774+0000][gc,heap     ] GC(208) Eden regions: 603->0(606)
[2025-12-24T13:56:54.774+0000][gc,heap     ] GC(208) Survivor regions: 11->8(77)
[2025-12-24T13:56:54.774+0000][gc,heap     ] GC(208) Old regions: 77->77
[2025-12-24T13:56:54.774+0000][gc,heap     ] GC(208) Humongous regions: 151->151
[2025-12-24T13:56:54.774+0000][gc,metaspace] GC(208) Metaspace: 15651K(16064K)->15651K(16064K) NonClass: 13920K(14080K)->13920K(14080K) Class: 1731K(1984K)->1731K(1984K)
[2025-12-24T13:56:54.774+0000][gc          ] GC(208) Pause Young (Normal) (G1 Evacuation Pause) 840M->235M(1024M) 17.124ms
[2025-12-24T13:56:54.774+0000][gc,cpu      ] GC(208) User=0.09s Sys=0.01s Real=0.02s
[2025-12-24T13:57:34.325+0000][gc,start    ] GC(209) Pause Young (Normal) (G1 Evacuation Pause)
[2025-12-24T13:57:34.325+0000][gc,task     ] GC(209) Using 8 workers of 8 for evacuation
[2025-12-24T13:57:34.335+0000][gc,phases   ] GC(209)   Pre Evacuate Collection Set: 1.1ms
[2025-12-24T13:57:34.336+0000][gc,phases   ] GC(209)   Merge Heap Roots: 0.3ms
[2025-12-24T13:57:34.336+0000][gc,phases   ] GC(209)   Evacuate Collection Set: 7.6ms
[2025-12-24T13:57:34.336+0000][gc,phases   ] GC(209)   Post Evacuate Collection Set: 1.0ms
[2025-12-24T13:57:34.336+0000][gc,phases   ] GC(209)   Other: 0.2ms
[2025-12-24T13:57:34.336+0000][gc,heap     ] GC(209) Eden regions: 606->0(607)
[2025-12-24T13:57:34.336+0000][gc,heap     ] GC(209) Survivor regions: 8->7(77)
[2025-12-24T13:57:34.336+0000][gc,heap     ] GC(209) Old regions: 77->77
[2025-12-24T13:57:34.336+0000][gc,heap     ] GC(209) Humongous regions: 151->151
[2025-12-24T13:57:34.336+0000][gc,metaspace] GC(209) Metaspace: 15651K(16064K)->15651K(16064K) NonClass: 13920K(14080K)->13920K(14080K) Class: 1731K(1984K)->1731K(1984K)
[2025-12-24T13:57:34.336+0000][gc          ] GC(209) Pause Young (Normal) (G1 Evacuation Pause) 841M->234M(1024M) 11.721ms
[2025-12-24T13:57:34.337+0000][gc,cpu      ] GC(209) User=0.05s Sys=0.01s Real=0.01s
[2025-12-24T13:58:04.582+0000][gc,start    ] GC(210) Pause Young (Normal) (G1 Evacuation Pause)
[2025-12-24T13:58:04.583+0000][gc,task     ] GC(210) Using 8 workers of 8 for evacuation
[2025-12-24T13:58:04.596+0000][gc,phases   ] GC(210)   Pre Evacuate Collection Set: 1.1ms
[2025-12-24T13:58:04.596+0000][gc,phases   ] GC(210)   Merge Heap Roots: 0.3ms
[2025-12-24T13:58:04.596+0000][gc,phases   ] GC(210)   Evacuate Collection Set: 10.2ms
[2025-12-24T13:58:04.596+0000][gc,phases   ] GC(210)   Post Evacuate Collection Set: 1.0ms
[2025-12-24T13:58:04.596+0000][gc,phases   ] GC(210)   Other: 0.2ms
[2025-12-24T13:58:04.596+0000][gc,heap     ] GC(210) Eden regions: 607->0(605)
[2025-12-24T13:58:04.596+0000][gc,heap     ] GC(210) Survivor regions: 7->9(77)
[2025-12-24T13:58:04.596+0000][gc,heap     ] GC(210) Old regions: 77->78
[2025-12-24T13:58:04.596+0000][gc,heap     ] GC(210) Humongous regions: 151->151
[2025-12-24T13:58:04.596+0000][gc,metaspace] GC(210) Metaspace: 15651K(16064K)->15651K(16064K) NonClass: 13920K(14080K)->13920K(14080K) Class: 1731K(1984K)->1731K(1984K)
[2025-12-24T13:58:04.596+0000][gc          ] GC(210) Pause Young (Normal) (G1 Evacuation Pause) 841M->236M(1024M) 13.980ms
[2025-12-24T13:58:04.596+0000][gc,cpu      ] GC(210) User=0.09s Sys=0.00s Real=0.01s
[2025-12-24T13:58:34.724+0000][gc,start    ] GC(211) Pause Young (Normal) (G1 Evacuation Pause)
[2025-12-24T13:58:34.724+0000][gc,task     ] GC(211) Using 8 workers of 8 for evacuation
[2025-12-24T13:58:34.736+0000][gc,phases   ] GC(211)   Pre Evacuate Collection Set: 1.3ms
[2025-12-24T13:58:34.737+0000][gc,phases   ] GC(211)   Merge Heap Roots: 0.3ms
[2025-12-24T13:58:34.737+0000][gc,phases   ] GC(211)   Evacuate Collection Set: 9.1ms
[2025-12-24T13:58:34.737+0000][gc,phases   ] GC(211)   Post Evacuate Collection Set: 1.3ms
[2025-12-24T13:58:34.737+0000][gc,phases   ] GC(211)   Other: 0.4ms
[2025-12-24T13:58:34.737+0000][gc,heap     ] GC(211) Eden regions: 605->0(604)
[2025-12-24T13:58:34.737+0000][gc,heap     ] GC(211) Survivor regions: 9->10(77)
[2025-12-24T13:58:34.737+0000][gc,heap     ] GC(211) Old regions: 78->78
[2025-12-24T13:58:34.737+0000][gc,heap     ] GC(211) Humongous regions: 151->151
[2025-12-24T13:58:34.737+0000][gc,metaspace] GC(211) Metaspace: 15651K(16064K)->15651K(16064K) NonClass: 13920K(14080K)->13920K(14080K) Class: 1731K(1984K)->1731K(1984K)
[2025-12-24T13:58:34.737+0000][gc          ] GC(211) Pause Young (Normal) (G1 Evacuation Pause) 841M->238M(1024M) 13.515ms
[2025-12-24T13:58:34.737+0000][gc,cpu      ] GC(211) User=0.07s Sys=0.00s Real=0.01s
[2025-12-24T13:59:14.337+0000][gc,start    ] GC(212) Pause Young (Normal) (G1 Evacuation Pause)
[2025-12-24T13:59:14.338+0000][gc,task     ] GC(212) Using 8 workers of 8 for evacuation
[2025-12-24T13:59:14.349+0000][gc,phases   ] GC(212)   Pre Evacuate Collection Set: 1.2ms
[2025-12-24T13:59:14.349+0000][gc,phases   ] GC(212)   Merge Heap Roots: 0.3ms
[2025-12-24T13:59:14.349+0000][gc,phases   ] GC(212)   Evacuate Collection Set: 8.5ms
[2025-12-24T13:59:14.350+0000][gc,phases   ] GC(212)   Post Evacuate Collection Set: 1.0ms
[2025-12-24T13:59:14.350+0000][gc,phases   ] GC(212)   Other: 0.2ms
[2025-12-24T13:59:14.350+0000][gc,heap     ] GC(212) Eden regions: 604->0(605)
[2025-12-24T13:59:14.350+0000][gc,heap     ] GC(212) Survivor regions: 10->9(77)
[2025-12-24T13:59:14.350+0000][gc,heap     ] GC(212) Old regions: 78->78
[2025-12-24T13:59:14.350+0000][gc,heap     ] GC(212) Humongous regions: 151->151
[2025-12-24T13:59:14.350+0000][gc,metaspace] GC(212) Metaspace: 15651K(16064K)->15651K(16064K) NonClass: 13920K(14080K)->13920K(14080K) Class: 1731K(1984K)->1731K(1984K)
[2025-12-24T13:59:14.350+0000][gc          ] GC(212) Pause Young (Normal) (G1 Evacuation Pause) 842M->237M(1024M) 12.931ms
[2025-12-24T13:59:14.350+0000][gc,cpu      ] GC(212) User=0.07s Sys=0.01s Real=0.02s
[2025-12-24T13:59:44.556+0000][gc,start    ] GC(213) Pause Young (Normal) (G1 Evacuation Pause)
[2025-12-24T13:59:44.557+0000][gc,task     ] GC(213) Using 8 workers of 8 for evacuation
[2025-12-24T13:59:44.571+0000][gc,phases   ] GC(213)   Pre Evacuate Collection Set: 1.0ms
[2025-12-24T13:59:44.571+0000][gc,phases   ] GC(213)   Merge Heap Roots: 0.3ms
[2025-12-24T13:59:44.571+0000][gc,phases   ] GC(213)   Evacuate Collection Set: 11.2ms
[2025-12-24T13:59:44.571+0000][gc,phases   ] GC(213)   Post Evacuate Collection Set: 1.0ms
[2025-12-24T13:59:44.571+0000][gc,phases   ] GC(213)   Other: 0.3ms
[2025-12-24T13:59:44.571+0000][gc,heap     ] GC(213) Eden regions: 605->0(606)
[2025-12-24T13:59:44.571+0000][gc,heap     ] GC(213) Survivor regions: 9->8(77)
[2025-12-24T13:59:44.571+0000][gc,heap     ] GC(213) Old regions: 78->79
[2025-12-24T13:59:44.571+0000][gc,heap     ] GC(213) Humongous regions: 151->151
[2025-12-24T13:59:44.571+0000][gc,metaspace] GC(213) Metaspace: 15651K(16064K)->15651K(16064K) NonClass: 13920K(14080K)->13920K(14080K) Class: 1731K(1984K)->1731K(1984K)
[2025-12-24T13:59:44.571+0000][gc          ] GC(213) Pause Young (Normal) (G1 Evacuation Pause) 842M->236M(1024M) 14.957ms
[2025-12-24T13:59:44.571+0000][gc,cpu      ] GC(213) User=0.09s Sys=0.01s Real=0.02s
[2025-12-24T14:00:14.735+0000][gc,start    ] GC(214) Pause Young (Normal) (G1 Evacuation Pause)
[2025-12-24T14:00:14.736+0000][gc,task     ] GC(214) Using 8 workers of 8 for evacuation
[2025-12-24T14:00:14.764+0000][gc,phases   ] GC(214)   Pre Evacuate Collection Set: 1.0ms
[2025-12-24T14:00:14.764+0000][gc,phases   ] GC(214)   Merge Heap Roots: 0.3ms
[2025-12-24T14:00:14.764+0000][gc,phases   ] GC(214)   Evacuate Collection Set: 25.5ms
[2025-12-24T14:00:14.764+0000][gc,phases   ] GC(214)   Post Evacuate Collection Set: 1.1ms
[2025-12-24T14:00:14.764+0000][gc,phases   ] GC(214)   Other: 0.2ms
[2025-12-24T14:00:14.764+0000][gc,heap     ] GC(214) Eden regions: 606->0(605)
[2025-12-24T14:00:14.764+0000][gc,heap     ] GC(214) Survivor regions: 8->9(77)
[2025-12-24T14:00:14.764+0000][gc,heap     ] GC(214) Old regions: 79->79
[2025-12-24T14:00:14.764+0000][gc,heap     ] GC(214) Humongous regions: 151->151
[2025-12-24T14:00:14.765+0000][gc,metaspace] GC(214) Metaspace: 15651K(16064K)->15651K(16064K) NonClass: 13920K(14080K)->13920K(14080K) Class: 1731K(1984K)->1731K(1984K)
[2025-12-24T14:00:14.765+0000][gc          ] GC(214) Pause Young (Normal) (G1 Evacuation Pause) 842M->237M(1024M) 29.999ms
[2025-12-24T14:00:14.765+0000][gc,cpu      ] GC(214) User=0.14s Sys=0.07s Real=0.03s
[2025-12-24T14:00:54.347+0000][gc,start    ] GC(215) Pause Young (Normal) (G1 Evacuation Pause)
[2025-12-24T14:00:54.348+0000][gc,task     ] GC(215) Using 8 workers of 8 for evacuation
[2025-12-24T14:00:54.367+0000][gc,phases   ] GC(215)   Pre Evacuate Collection Set: 1.4ms
[2025-12-24T14:00:54.367+0000][gc,phases   ] GC(215)   Merge Heap Roots: 0.2ms
[2025-12-24T14:00:54.367+0000][gc,phases   ] GC(215)   Evacuate Collection Set: 15.7ms
[2025-12-24T14:00:54.367+0000][gc,phases   ] GC(215)   Post Evacuate Collection Set: 1.0ms
[2025-12-24T14:00:54.367+0000][gc,phases   ] GC(215)   Other: 0.2ms
[2025-12-24T14:00:54.367+0000][gc,heap     ] GC(215) Eden regions: 605->0(606)
[2025-12-24T14:00:54.367+0000][gc,heap     ] GC(215) Survivor regions: 9->8(77)
[2025-12-24T14:00:54.367+0000][gc,heap     ] GC(215) Old regions: 79->79
[2025-12-24T14:00:54.367+0000][gc,heap     ] GC(215) Humongous regions: 151->151
[2025-12-24T14:00:54.367+0000][gc,metaspace] GC(215) Metaspace: 15652K(16064K)->15652K(16064K) NonClass: 13921K(14080K)->13921K(14080K) Class: 1731K(1984K)->1731K(1984K)
[2025-12-24T14:00:54.367+0000][gc          ] GC(215) Pause Young (Normal) (G1 Evacuation Pause) 842M->237M(1024M) 20.285ms
[2025-12-24T14:00:54.367+0000][gc,cpu      ] GC(215) User=0.08s Sys=0.05s Real=0.02s
[2025-12-24T14:01:24.560+0000][gc,start    ] GC(216) Pause Young (Normal) (G1 Evacuation Pause)
[2025-12-24T14:01:24.560+0000][gc,task     ] GC(216) Using 8 workers of 8 for evacuation
[2025-12-24T14:01:24.578+0000][gc,phases   ] GC(216)   Pre Evacuate Collection Set: 1.2ms
[2025-12-24T14:01:24.578+0000][gc,phases   ] GC(216)   Merge Heap Roots: 0.3ms
[2025-12-24T14:01:24.578+0000][gc,phases   ] GC(216)   Evacuate Collection Set: 12.8ms
[2025-12-24T14:01:24.578+0000][gc,phases   ] GC(216)   Post Evacuate Collection Set: 3.1ms
[2025-12-24T14:01:24.578+0000][gc,phases   ] GC(216)   Other: 0.3ms
[2025-12-24T14:01:24.579+0000][gc,heap     ] GC(216) Eden regions: 606->0(604)
[2025-12-24T14:01:24.579+0000][gc,heap     ] GC(216) Survivor regions: 8->10(77)
[2025-12-24T14:01:24.579+0000][gc,heap     ] GC(216) Old regions: 79->80
[2025-12-24T14:01:24.579+0000][gc,heap     ] GC(216) Humongous regions: 151->151
[2025-12-24T14:01:24.579+0000][gc,metaspace] GC(216) Metaspace: 15653K(16064K)->15653K(16064K) NonClass: 13922K(14080K)->13922K(14080K) Class: 1731K(1984K)->1731K(1984K)
[2025-12-24T14:01:24.579+0000][gc          ] GC(216) Pause Young (Normal) (G1 Evacuation Pause) 843M->239M(1024M) 19.262ms
[2025-12-24T14:01:24.579+0000][gc,cpu      ] GC(216) User=0.11s Sys=0.00s Real=0.02s
[2025-12-24T14:02:17.458+0000][gc,start    ] GC(217) Pause Young (Normal) (G1 Evacuation Pause)
[2025-12-24T14:02:17.459+0000][gc,task     ] GC(217) Using 8 workers of 8 for evacuation
[2025-12-24T14:02:17.480+0000][gc,phases   ] GC(217)   Pre Evacuate Collection Set: 1.1ms
[2025-12-24T14:02:17.480+0000][gc,phases   ] GC(217)   Merge Heap Roots: 0.3ms
[2025-12-24T14:02:17.480+0000][gc,phases   ] GC(217)   Evacuate Collection Set: 18.2ms
[2025-12-24T14:02:17.480+0000][gc,phases   ] GC(217)   Post Evacuate Collection Set: 1.3ms
[2025-12-24T14:02:17.480+0000][gc,phases   ] GC(217)   Other: 0.1ms
[2025-12-24T14:02:17.480+0000][gc,heap     ] GC(217) Eden regions: 604->0(603)
[2025-12-24T14:02:17.480+0000][gc,heap     ] GC(217) Survivor regions: 10->11(77)
[2025-12-24T14:02:17.480+0000][gc,heap     ] GC(217) Old regions: 80->80
[2025-12-24T14:02:17.480+0000][gc,heap     ] GC(217) Humongous regions: 151->151
[2025-12-24T14:02:17.480+0000][gc,metaspace] GC(217) Metaspace: 15658K(16064K)->15658K(16064K) NonClass: 13926K(14080K)->13926K(14080K) Class: 1731K(1984K)->1731K(1984K)
[2025-12-24T14:02:17.480+0000][gc          ] GC(217) Pause Young (Normal) (G1 Evacuation Pause) 843M->240M(1024M) 22.015ms
[2025-12-24T14:02:17.480+0000][gc,cpu      ] GC(217) User=0.15s Sys=0.00s Real=0.02s
[2025-12-24T14:02:57.059+0000][gc,start    ] GC(218) Pause Young (Normal) (G1 Evacuation Pause)
[2025-12-24T14:02:57.059+0000][gc,task     ] GC(218) Using 8 workers of 8 for evacuation
[2025-12-24T14:02:57.077+0000][gc,phases   ] GC(218)   Pre Evacuate Collection Set: 1.2ms
[2025-12-24T14:02:57.077+0000][gc,phases   ] GC(218)   Merge Heap Roots: 0.3ms
[2025-12-24T14:02:57.077+0000][gc,phases   ] GC(218)   Evacuate Collection Set: 15.0ms
[2025-12-24T14:02:57.077+0000][gc,phases   ] GC(218)   Post Evacuate Collection Set: 1.1ms
[2025-12-24T14:02:57.077+0000][gc,phases   ] GC(218)   Other: 0.2ms
[2025-12-24T14:02:57.077+0000][gc,heap     ] GC(218) Eden regions: 603->0(604)
[2025-12-24T14:02:57.077+0000][gc,heap     ] GC(218) Survivor regions: 11->10(77)
[2025-12-24T14:02:57.077+0000][gc,heap     ] GC(218) Old regions: 80->81
[2025-12-24T14:02:57.077+0000][gc,heap     ] GC(218) Humongous regions: 151->151
[2025-12-24T14:02:57.077+0000][gc,metaspace] GC(218) Metaspace: 15715K(16128K)->15715K(16128K) NonClass: 13970K(14080K)->13970K(14080K) Class: 1744K(2048K)->1744K(2048K)
[2025-12-24T14:02:57.077+0000][gc          ] GC(218) Pause Young (Normal) (G1 Evacuation Pause) 843M->240M(1024M) 18.968ms
[2025-12-24T14:02:57.078+0000][gc,cpu      ] GC(218) User=0.11s Sys=0.01s Real=0.02s
[2025-12-24T14:03:27.255+0000][gc,start    ] GC(219) Pause Young (Normal) (G1 Evacuation Pause)
[2025-12-24T14:03:27.256+0000][gc,task     ] GC(219) Using 8 workers of 8 for evacuation
[2025-12-24T14:03:27.283+0000][gc,phases   ] GC(219)   Pre Evacuate Collection Set: 1.1ms
[2025-12-24T14:03:27.283+0000][gc,phases   ] GC(219)   Merge Heap Roots: 0.3ms
[2025-12-24T14:03:27.283+0000][gc,phases   ] GC(219)   Evacuate Collection Set: 25.0ms
[2025-12-24T14:03:27.283+0000][gc,phases   ] GC(219)   Post Evacuate Collection Set: 0.8ms
[2025-12-24T14:03:27.284+0000][gc,phases   ] GC(219)   Other: 0.2ms
[2025-12-24T14:03:27.284+0000][gc,heap     ] GC(219) Eden regions: 604->0(603)
[2025-12-24T14:03:27.284+0000][gc,heap     ] GC(219) Survivor regions: 10->11(77)
[2025-12-24T14:03:27.284+0000][gc,heap     ] GC(219) Old regions: 81->81
[2025-12-24T14:03:27.284+0000][gc,heap     ] GC(219) Humongous regions: 151->151
[2025-12-24T14:03:27.284+0000][gc,metaspace] GC(219) Metaspace: 15715K(16128K)->15715K(16128K) NonClass: 13970K(14080K)->13970K(14080K) Class: 1744K(2048K)->1744K(2048K)
[2025-12-24T14:03:27.284+0000][gc          ] GC(219) Pause Young (Normal) (G1 Evacuation Pause) 844M->242M(1024M) 29.181ms
[2025-12-24T14:03:27.284+0000][gc,cpu      ] GC(219) User=0.18s Sys=0.01s Real=0.03s
[2025-12-24T14:03:57.446+0000][gc,start    ] GC(220) Pause Young (Normal) (G1 Evacuation Pause)
[2025-12-24T14:03:57.447+0000][gc,task     ] GC(220) Using 8 workers of 8 for evacuation
[2025-12-24T14:03:57.468+0000][gc,phases   ] GC(220)   Pre Evacuate Collection Set: 1.1ms
[2025-12-24T14:03:57.468+0000][gc,phases   ] GC(220)   Merge Heap Roots: 0.3ms
[2025-12-24T14:03:57.469+0000][gc,phases   ] GC(220)   Evacuate Collection Set: 18.5ms
[2025-12-24T14:03:57.469+0000][gc,phases   ] GC(220)   Post Evacuate Collection Set: 1.1ms
[2025-12-24T14:03:57.469+0000][gc,phases   ] GC(220)   Other: 0.3ms
[2025-12-24T14:03:57.469+0000][gc,heap     ] GC(220) Eden regions: 603->0(602)
[2025-12-24T14:03:57.469+0000][gc,heap     ] GC(220) Survivor regions: 11->12(77)
[2025-12-24T14:03:57.469+0000][gc,heap     ] GC(220) Old regions: 81->81
[2025-12-24T14:03:57.469+0000][gc,heap     ] GC(220) Humongous regions: 151->151
[2025-12-24T14:03:57.469+0000][gc,metaspace] GC(220) Metaspace: 15715K(16128K)->15715K(16128K) NonClass: 13970K(14080K)->13970K(14080K) Class: 1744K(2048K)->1744K(2048K)
[2025-12-24T14:03:57.469+0000][gc          ] GC(220) Pause Young (Normal) (G1 Evacuation Pause) 845M->243M(1024M) 22.685ms
[2025-12-24T14:03:57.469+0000][gc,cpu      ] GC(220) User=0.14s Sys=0.00s Real=0.02s
[2025-12-24T14:04:37.072+0000][gc,start    ] GC(221) Pause Young (Normal) (G1 Evacuation Pause)
[2025-12-24T14:04:37.074+0000][gc,task     ] GC(221) Using 8 workers of 8 for evacuation
[2025-12-24T14:04:37.102+0000][gc,phases   ] GC(221)   Pre Evacuate Collection Set: 1.4ms
[2025-12-24T14:04:37.103+0000][gc,phases   ] GC(221)   Merge Heap Roots: 0.3ms
[2025-12-24T14:04:37.103+0000][gc,phases   ] GC(221)   Evacuate Collection Set: 25.5ms
[2025-12-24T14:04:37.103+0000][gc,phases   ] GC(221)   Post Evacuate Collection Set: 1.4ms
[2025-12-24T14:04:37.103+0000][gc,phases   ] GC(221)   Other: 0.3ms
[2025-12-24T14:04:37.103+0000][gc,heap     ] GC(221) Eden regions: 602->0(603)
[2025-12-24T14:04:37.103+0000][gc,heap     ] GC(221) Survivor regions: 12->11(77)
[2025-12-24T14:04:37.103+0000][gc,heap     ] GC(221) Old regions: 81->82
[2025-12-24T14:04:37.103+0000][gc,heap     ] GC(221) Humongous regions: 151->151
[2025-12-24T14:04:37.103+0000][gc,metaspace] GC(221) Metaspace: 15720K(16128K)->15720K(16128K) NonClass: 13976K(14080K)->13976K(14080K) Class: 1744K(2048K)->1744K(2048K)
[2025-12-24T14:04:37.103+0000][gc          ] GC(221) Pause Young (Normal) (G1 Evacuation Pause) 845M->242M(1024M) 31.058ms
[2025-12-24T14:04:37.103+0000][gc,cpu      ] GC(221) User=0.19s Sys=0.00s Real=0.03s
