[2025-12-24T09:10:29.928+0000][gc,init] CardTable entry size: 512
[2025-12-24T09:10:29.929+0000][gc     ] Using G1
[2025-12-24T09:10:29.941+0000][gc,init] Version: 21.0.4+7-LTS (release)
[2025-12-24T09:10:29.942+0000][gc,init] CPUs: 8 total, 8 available
[2025-12-24T09:10:29.943+0000][gc,init] Memory: 13709M
[2025-12-24T09:10:29.943+0000][gc,init] Large Page Support: Disabled
[2025-12-24T09:10:29.945+0000][gc,init] NUMA Support: Disabled
[2025-12-24T09:10:29.945+0000][gc,init] Compressed Oops: Enabled (32-bit)
[2025-12-24T09:10:29.946+0000][gc,init] Heap Region Size: 1M
[2025-12-24T09:10:29.947+0000][gc,init] Heap Min Capacity: 1G
[2025-12-24T09:10:29.948+0000][gc,init] Heap Initial Capacity: 1G
[2025-12-24T09:10:29.961+0000][gc,init] Heap Max Capacity: 1G
[2025-12-24T09:10:29.962+0000][gc,init] Pre-touch: Disabled
[2025-12-24T09:10:29.962+0000][gc,init] Parallel Workers: 8
[2025-12-24T09:10:29.962+0000][gc,init] Concurrent Workers: 2
[2025-12-24T09:10:29.962+0000][gc,init] Concurrent Refinement Workers: 8
[2025-12-24T09:10:29.963+0000][gc,init] Periodic GC: Disabled
[2025-12-24T09:10:30.009+0000][gc,metaspace] CDS archive(s) mapped at: [0x0000003000000000-0x0000003000bd0000-0x00000030036b0000), size 57344000, SharedBaseAddress: 0x0000003000000000, ArchiveRelocationMode: 1.
[2025-12-24T09:10:30.011+0000][gc,metaspace] Compressed class space mapped at: 0x0000003004000000-0x0000003044000000, reserved size: 1073741824
[2025-12-24T09:10:30.012+0000][gc,metaspace] Narrow klass base: 0x0000003000000000, Narrow klass shift: 0, Narrow klass range: 0x100000000
[2025-12-24T09:10:34.062+0000][gc,start    ] GC(0) Pause Young (Normal) (G1 Evacuation Pause)
[2025-12-24T09:10:34.063+0000][gc,task     ] GC(0) Using 8 workers of 8 for evacuation
[2025-12-24T09:10:34.111+0000][gc,phases   ] GC(0)   Pre Evacuate Collection Set: 0.7ms
[2025-12-24T09:10:34.112+0000][gc,phases   ] GC(0)   Merge Heap Roots: 0.1ms
[2025-12-24T09:10:34.113+0000][gc,phases   ] GC(0)   Evacuate Collection Set: 40.8ms
[2025-12-24T09:10:34.113+0000][gc,phases   ] GC(0)   Post Evacuate Collection Set: 5.9ms
[2025-12-24T09:10:34.116+0000][gc,phases   ] GC(0)   Other: 1.1ms
[2025-12-24T09:10:34.120+0000][gc,heap     ] GC(0) Eden regions: 51->0(44)
[2025-12-24T09:10:34.122+0000][gc,heap     ] GC(0) Survivor regions: 0->7(7)
[2025-12-24T09:10:34.123+0000][gc,heap     ] GC(0) Old regions: 1->7
[2025-12-24T09:10:34.123+0000][gc,heap     ] GC(0) Humongous regions: 0->0
[2025-12-24T09:10:34.124+0000][gc,metaspace] GC(0) Metaspace: 5165K(5376K)->5165K(5376K) NonClass: 4566K(4672K)->4566K(4672K) Class: 599K(704K)->599K(704K)
[2025-12-24T09:10:34.124+0000][gc          ] GC(0) Pause Young (Normal) (G1 Evacuation Pause) 51M->13M(1024M) 61.777ms
[2025-12-24T09:10:34.124+0000][gc,cpu      ] GC(0) User=0.05s Sys=0.02s Real=0.06s
[2025-12-24T09:11:08.136+0000][gc,start    ] GC(1) Pause Young (Normal) (G1 Evacuation Pause)
[2025-12-24T09:11:08.138+0000][gc,task     ] GC(1) Using 8 workers of 8 for evacuation
[2025-12-24T09:11:08.168+0000][gc,phases   ] GC(1)   Pre Evacuate Collection Set: 3.1ms
[2025-12-24T09:11:08.168+0000][gc,phases   ] GC(1)   Merge Heap Roots: 0.3ms
[2025-12-24T09:11:08.168+0000][gc,phases   ] GC(1)   Evacuate Collection Set: 24.0ms
[2025-12-24T09:11:08.168+0000][gc,phases   ] GC(1)   Post Evacuate Collection Set: 1.9ms
[2025-12-24T09:11:08.168+0000][gc,phases   ] GC(1)   Other: 0.5ms
[2025-12-24T09:11:08.169+0000][gc,heap     ] GC(1) Eden regions: 44->0(46)
[2025-12-24T09:11:08.169+0000][gc,heap     ] GC(1) Survivor regions: 7->5(7)
[2025-12-24T09:11:08.169+0000][gc,heap     ] GC(1) Old regions: 7->15
[2025-12-24T09:11:08.169+0000][gc,heap     ] GC(1) Humongous regions: 129->129
[2025-12-24T09:11:08.169+0000][gc,metaspace] GC(1) Metaspace: 8734K(9024K)->8734K(9024K) NonClass: 7614K(7744K)->7614K(7744K) Class: 1120K(1280K)->1120K(1280K)
[2025-12-24T09:11:08.169+0000][gc          ] GC(1) Pause Young (Normal) (G1 Evacuation Pause) 186M->148M(1024M) 32.443ms
[2025-12-24T09:11:08.169+0000][gc,cpu      ] GC(1) User=0.13s Sys=0.02s Real=0.03s
[2025-12-24T09:13:24.507+0000][gc,start    ] GC(2) Pause Young (Normal) (G1 Evacuation Pause)
[2025-12-24T09:13:24.508+0000][gc,task     ] GC(2) Using 8 workers of 8 for evacuation
[2025-12-24T09:13:24.531+0000][gc,phases   ] GC(2)   Pre Evacuate Collection Set: 1.6ms
[2025-12-24T09:13:24.531+0000][gc,phases   ] GC(2)   Merge Heap Roots: 0.2ms
[2025-12-24T09:13:24.531+0000][gc,phases   ] GC(2)   Evacuate Collection Set: 19.4ms
[2025-12-24T09:13:24.531+0000][gc,phases   ] GC(2)   Post Evacuate Collection Set: 1.1ms
[2025-12-24T09:13:24.531+0000][gc,phases   ] GC(2)   Other: 0.4ms
[2025-12-24T09:13:24.531+0000][gc,heap     ] GC(2) Eden regions: 49->0(111)
[2025-12-24T09:13:24.531+0000][gc,heap     ] GC(2) Survivor regions: 5->4(7)
[2025-12-24T09:13:24.532+0000][gc,heap     ] GC(2) Old regions: 15->20
[2025-12-24T09:13:24.532+0000][gc,heap     ] GC(2) Humongous regions: 129->129
[2025-12-24T09:13:24.532+0000][gc,metaspace] GC(2) Metaspace: 9994K(10240K)->9994K(10240K) NonClass: 8846K(8960K)->8846K(8960K) Class: 1147K(1280K)->1147K(1280K)
[2025-12-24T09:13:24.532+0000][gc          ] GC(2) Pause Young (Normal) (G1 Evacuation Pause) 197M->151M(1024M) 24.482ms
[2025-12-24T09:13:24.532+0000][gc,cpu      ] GC(2) User=0.16s Sys=0.00s Real=0.02s
[2025-12-24T09:19:55.248+0000][gc,start    ] GC(3) Pause Young (Normal) (G1 Evacuation Pause)
[2025-12-24T09:19:55.251+0000][gc,task     ] GC(3) Using 8 workers of 8 for evacuation
[2025-12-24T09:19:55.281+0000][gc,phases   ] GC(3)   Pre Evacuate Collection Set: 2.8ms
[2025-12-24T09:19:55.281+0000][gc,phases   ] GC(3)   Merge Heap Roots: 0.3ms
[2025-12-24T09:19:55.281+0000][gc,phases   ] GC(3)   Evacuate Collection Set: 24.9ms
[2025-12-24T09:19:55.281+0000][gc,phases   ] GC(3)   Post Evacuate Collection Set: 1.0ms
[2025-12-24T09:19:55.281+0000][gc,phases   ] GC(3)   Other: 0.9ms
[2025-12-24T09:19:55.281+0000][gc,heap     ] GC(3) Eden regions: 122->0(609)
[2025-12-24T09:19:55.281+0000][gc,heap     ] GC(3) Survivor regions: 4->5(16)
[2025-12-24T09:19:55.281+0000][gc,heap     ] GC(3) Old regions: 20->20
[2025-12-24T09:19:55.281+0000][gc,heap     ] GC(3) Humongous regions: 129->129
[2025-12-24T09:19:55.282+0000][gc,metaspace] GC(3) Metaspace: 10308K(10560K)->10308K(10560K) NonClass: 9153K(9280K)->9153K(9280K) Class: 1154K(1280K)->1154K(1280K)
[2025-12-24T09:19:55.282+0000][gc          ] GC(3) Pause Young (Normal) (G1 Evacuation Pause) 273M->153M(1024M) 33.702ms
[2025-12-24T09:19:55.282+0000][gc,cpu      ] GC(3) User=0.20s Sys=0.00s Real=0.04s
[2025-12-24T09:55:33.032+0000][gc,start    ] GC(4) Pause Young (Normal) (G1 Evacuation Pause)
[2025-12-24T09:55:33.034+0000][gc,task     ] GC(4) Using 8 workers of 8 for evacuation
[2025-12-24T09:55:33.125+0000][gc,phases   ] GC(4)   Pre Evacuate Collection Set: 3.1ms
[2025-12-24T09:55:33.125+0000][gc,phases   ] GC(4)   Merge Heap Roots: 0.3ms
[2025-12-24T09:55:33.125+0000][gc,phases   ] GC(4)   Evacuate Collection Set: 85.3ms
[2025-12-24T09:55:33.125+0000][gc,phases   ] GC(4)   Post Evacuate Collection Set: 1.2ms
[2025-12-24T09:55:33.125+0000][gc,phases   ] GC(4)   Other: 1.1ms
[2025-12-24T09:55:33.125+0000][gc,heap     ] GC(4) Eden regions: 609->0(436)
[2025-12-24T09:55:33.125+0000][gc,heap     ] GC(4) Survivor regions: 5->21(77)
[2025-12-24T09:55:33.125+0000][gc,heap     ] GC(4) Old regions: 20->20
[2025-12-24T09:55:33.125+0000][gc,heap     ] GC(4) Humongous regions: 129->129
[2025-12-24T09:55:33.125+0000][gc,metaspace] GC(4) Metaspace: 10516K(10752K)->10516K(10752K) NonClass: 9360K(9472K)->9360K(9472K) Class: 1156K(1280K)->1156K(1280K)
[2025-12-24T09:55:33.125+0000][gc          ] GC(4) Pause Young (Normal) (G1 Evacuation Pause) 762M->169M(1024M) 93.804ms
[2025-12-24T09:55:33.125+0000][gc,cpu      ] GC(4) User=0.66s Sys=0.02s Real=0.10s
