[2025-12-25T12:57:36.680+0000][gc,init] CardTable entry size: 512
[2025-12-25T12:57:36.681+0000][gc     ] Using G1
[2025-12-25T12:57:36.698+0000][gc,init] Version: 21.0.4+7-LTS (release)
[2025-12-25T12:57:36.699+0000][gc,init] CPUs: 8 total, 8 available
[2025-12-25T12:57:36.700+0000][gc,init] Memory: 13709M
[2025-12-25T12:57:36.701+0000][gc,init] Large Page Support: Disabled
[2025-12-25T12:57:36.702+0000][gc,init] NUMA Support: Disabled
[2025-12-25T12:57:36.702+0000][gc,init] Compressed Oops: Enabled (32-bit)
[2025-12-25T12:57:36.702+0000][gc,init] Heap Region Size: 1M
[2025-12-25T12:57:36.702+0000][gc,init] Heap Min Capacity: 1G
[2025-12-25T12:57:36.703+0000][gc,init] Heap Initial Capacity: 1G
[2025-12-25T12:57:36.703+0000][gc,init] Heap Max Capacity: 1G
[2025-12-25T12:57:36.703+0000][gc,init] Pre-touch: Disabled
[2025-12-25T12:57:36.703+0000][gc,init] Parallel Workers: 8
[2025-12-25T12:57:36.703+0000][gc,init] Concurrent Workers: 2
[2025-12-25T12:57:36.703+0000][gc,init] Concurrent Refinement Workers: 8
[2025-12-25T12:57:36.706+0000][gc,init] Periodic GC: Disabled
[2025-12-25T12:57:36.973+0000][gc,metaspace] CDS archive(s) mapped at: [0x0000007000000000-0x0000007000bd0000-0x00000070036b0000), size 57344000, SharedBaseAddress: 0x0000007000000000, ArchiveRelocationMode: 1.
[2025-12-25T12:57:36.973+0000][gc,metaspace] Compressed class space mapped at: 0x0000007004000000-0x0000007044000000, reserved size: 1073741824
[2025-12-25T12:57:36.977+0000][gc,metaspace] Narrow klass base: 0x0000007000000000, Narrow klass shift: 0, Narrow klass range: 0x100000000
[2025-12-25T12:57:44.670+0000][gc,start    ] GC(0) Pause Young (Normal) (G1 Evacuation Pause)
[2025-12-25T12:57:44.695+0000][gc,task     ] GC(0) Using 8 workers of 8 for evacuation
[2025-12-25T12:57:44.910+0000][gc,mmu      ] GC(0) MMU target violated: 201.0ms (200.0ms/201.0ms)
[2025-12-25T12:57:44.912+0000][gc,phases   ] GC(0)   Pre Evacuate Collection Set: 4.5ms
[2025-12-25T12:57:44.912+0000][gc,phases   ] GC(0)   Merge Heap Roots: 0.1ms
[2025-12-25T12:57:44.912+0000][gc,phases   ] GC(0)   Evacuate Collection Set: 199.9ms
[2025-12-25T12:57:44.912+0000][gc,phases   ] GC(0)   Post Evacuate Collection Set: 9.0ms
[2025-12-25T12:57:44.912+0000][gc,phases   ] GC(0)   Other: 23.1ms
[2025-12-25T12:57:44.916+0000][gc,heap     ] GC(0) Eden regions: 51->0(44)
[2025-12-25T12:57:44.917+0000][gc,heap     ] GC(0) Survivor regions: 0->7(7)
[2025-12-25T12:57:44.917+0000][gc,heap     ] GC(0) Old regions: 1->7
[2025-12-25T12:57:44.917+0000][gc,heap     ] GC(0) Humongous regions: 0->0
[2025-12-25T12:57:44.920+0000][gc,metaspace] GC(0) Metaspace: 5272K(5504K)->5272K(5504K) NonClass: 4680K(4800K)->4680K(4800K) Class: 591K(704K)->591K(704K)
[2025-12-25T12:57:44.921+0000][gc          ] GC(0) Pause Young (Normal) (G1 Evacuation Pause) 51M->13M(1024M) 251.302ms
[2025-12-25T12:57:44.921+0000][gc,cpu      ] GC(0) User=0.10s Sys=0.10s Real=0.25s
[2025-12-25T12:57:48.916+0000][gc,start    ] GC(1) Pause Young (Normal) (G1 Evacuation Pause)
[2025-12-25T12:57:48.917+0000][gc,task     ] GC(1) Using 8 workers of 8 for evacuation
[2025-12-25T12:57:49.148+0000][gc,mmu      ] GC(1) MMU target violated: 201.0ms (200.0ms/201.0ms)
[2025-12-25T12:57:49.149+0000][gc,phases   ] GC(1)   Pre Evacuate Collection Set: 1.7ms
[2025-12-25T12:57:49.149+0000][gc,phases   ] GC(1)   Merge Heap Roots: 0.4ms
[2025-12-25T12:57:49.150+0000][gc,phases   ] GC(1)   Evacuate Collection Set: 228.0ms
[2025-12-25T12:57:49.150+0000][gc,phases   ] GC(1)   Post Evacuate Collection Set: 1.3ms
[2025-12-25T12:57:49.154+0000][gc,phases   ] GC(1)   Other: 0.9ms
[2025-12-25T12:57:49.157+0000][gc,heap     ] GC(1) Eden regions: 44->0(47)
[2025-12-25T12:57:49.159+0000][gc,heap     ] GC(1) Survivor regions: 7->4(7)
[2025-12-25T12:57:49.162+0000][gc,heap     ] GC(1) Old regions: 7->15
[2025-12-25T12:57:49.163+0000][gc,heap     ] GC(1) Humongous regions: 131->131
[2025-12-25T12:57:49.167+0000][gc,metaspace] GC(1) Metaspace: 6761K(7040K)->6761K(7040K) NonClass: 5940K(6080K)->5940K(6080K) Class: 821K(960K)->821K(960K)
[2025-12-25T12:57:49.168+0000][gc          ] GC(1) Pause Young (Normal) (G1 Evacuation Pause) 188M->148M(1024M) 251.985ms
[2025-12-25T12:57:49.174+0000][gc,cpu      ] GC(1) User=0.10s Sys=0.12s Real=0.25s
[2025-12-25T12:57:49.948+0000][gc,start    ] GC(2) Pause Young (Normal) (G1 Evacuation Pause)
[2025-12-25T12:57:49.949+0000][gc,task     ] GC(2) Using 8 workers of 8 for evacuation
[2025-12-25T12:57:49.995+0000][gc,phases   ] GC(2)   Pre Evacuate Collection Set: 2.1ms
[2025-12-25T12:57:49.995+0000][gc,phases   ] GC(2)   Merge Heap Roots: 0.1ms
[2025-12-25T12:57:50.003+0000][gc,phases   ] GC(2)   Evacuate Collection Set: 33.6ms
[2025-12-25T12:57:50.007+0000][gc,phases   ] GC(2)   Post Evacuate Collection Set: 9.6ms
[2025-12-25T12:57:50.018+0000][gc,phases   ] GC(2)   Other: 0.5ms
[2025-12-25T12:57:50.019+0000][gc,heap     ] GC(2) Eden regions: 47->0(50)
[2025-12-25T12:57:50.020+0000][gc,heap     ] GC(2) Survivor regions: 4->5(7)
[2025-12-25T12:57:50.020+0000][gc,heap     ] GC(2) Old regions: 15->15
[2025-12-25T12:57:50.020+0000][gc,heap     ] GC(2) Humongous regions: 131->131
[2025-12-25T12:57:50.020+0000][gc,metaspace] GC(2) Metaspace: 7085K(7360K)->7085K(7360K) NonClass: 6213K(6336K)->6213K(6336K) Class: 871K(1024K)->871K(1024K)
[2025-12-25T12:57:50.020+0000][gc          ] GC(2) Pause Young (Normal) (G1 Evacuation Pause) 195M->149M(1024M) 72.407ms
[2025-12-25T12:57:50.020+0000][gc,cpu      ] GC(2) User=0.02s Sys=0.01s Real=0.07s
[2025-12-25T12:57:50.777+0000][gc,start    ] GC(3) Pause Young (Normal) (G1 Evacuation Pause)
[2025-12-25T12:57:50.777+0000][gc,task     ] GC(3) Using 8 workers of 8 for evacuation
[2025-12-25T12:57:50.811+0000][gc,phases   ] GC(3)   Pre Evacuate Collection Set: 0.4ms
[2025-12-25T12:57:50.812+0000][gc,phases   ] GC(3)   Merge Heap Roots: 1.5ms
[2025-12-25T12:57:50.812+0000][gc,phases   ] GC(3)   Evacuate Collection Set: 29.1ms
[2025-12-25T12:57:50.812+0000][gc,phases   ] GC(3)   Post Evacuate Collection Set: 0.4ms
[2025-12-25T12:57:50.812+0000][gc,phases   ] GC(3)   Other: 2.6ms
[2025-12-25T12:57:50.812+0000][gc,heap     ] GC(3) Eden regions: 55->0(454)
[2025-12-25T12:57:50.812+0000][gc,heap     ] GC(3) Survivor regions: 5->5(8)
[2025-12-25T12:57:50.812+0000][gc,heap     ] GC(3) Old regions: 15->15
[2025-12-25T12:57:50.812+0000][gc,heap     ] GC(3) Humongous regions: 131->131
[2025-12-25T12:57:50.812+0000][gc,metaspace] GC(3) Metaspace: 7214K(7488K)->7214K(7488K) NonClass: 6323K(6464K)->6323K(6464K) Class: 890K(1024K)->890K(1024K)
[2025-12-25T12:57:50.812+0000][gc          ] GC(3) Pause Young (Normal) (G1 Evacuation Pause) 204M->150M(1024M) 35.959ms
[2025-12-25T12:57:50.813+0000][gc,cpu      ] GC(3) User=0.02s Sys=0.01s Real=0.03s
[2025-12-25T12:58:17.359+0000][gc,start    ] GC(4) Pause Young (Normal) (G1 Evacuation Pause)
[2025-12-25T12:58:17.360+0000][gc,task     ] GC(4) Using 8 workers of 8 for evacuation
[2025-12-25T12:58:17.415+0000][gc,phases   ] GC(4)   Pre Evacuate Collection Set: 1.6ms
[2025-12-25T12:58:17.415+0000][gc,phases   ] GC(4)   Merge Heap Roots: 0.3ms
[2025-12-25T12:58:17.415+0000][gc,phases   ] GC(4)   Evacuate Collection Set: 50.8ms
[2025-12-25T12:58:17.416+0000][gc,phases   ] GC(4)   Post Evacuate Collection Set: 2.3ms
[2025-12-25T12:58:17.416+0000][gc,phases   ] GC(4)   Other: 0.2ms
[2025-12-25T12:58:17.416+0000][gc,heap     ] GC(4) Eden regions: 492->0(484)
[2025-12-25T12:58:17.416+0000][gc,heap     ] GC(4) Survivor regions: 5->10(63)
[2025-12-25T12:58:17.416+0000][gc,heap     ] GC(4) Old regions: 15->15
[2025-12-25T12:58:17.416+0000][gc,heap     ] GC(4) Humongous regions: 131->131
[2025-12-25T12:58:17.416+0000][gc,metaspace] GC(4) Metaspace: 11173K(11456K)->11173K(11456K) NonClass: 9745K(9856K)->9745K(9856K) Class: 1427K(1600K)->1427K(1600K)
[2025-12-25T12:58:17.416+0000][gc          ] GC(4) Pause Young (Normal) (G1 Evacuation Pause) 642M->155M(1024M) 56.804ms
[2025-12-25T12:58:17.416+0000][gc,cpu      ] GC(4) User=0.13s Sys=0.09s Real=0.06s
[2025-12-25T12:58:46.893+0000][gc,start    ] GC(5) Pause Young (Normal) (G1 Evacuation Pause)
[2025-12-25T12:58:46.894+0000][gc,task     ] GC(5) Using 8 workers of 8 for evacuation
[2025-12-25T12:58:46.917+0000][gc,phases   ] GC(5)   Pre Evacuate Collection Set: 1.2ms
[2025-12-25T12:58:46.918+0000][gc,phases   ] GC(5)   Merge Heap Roots: 0.2ms
[2025-12-25T12:58:46.918+0000][gc,phases   ] GC(5)   Evacuate Collection Set: 19.7ms
[2025-12-25T12:58:46.918+0000][gc,phases   ] GC(5)   Post Evacuate Collection Set: 2.4ms
[2025-12-25T12:58:46.918+0000][gc,phases   ] GC(5)   Other: 0.2ms
[2025-12-25T12:58:46.918+0000][gc,heap     ] GC(5) Eden regions: 485->0(604)
[2025-12-25T12:58:46.918+0000][gc,heap     ] GC(5) Survivor regions: 10->10(62)
[2025-12-25T12:58:46.918+0000][gc,heap     ] GC(5) Old regions: 15->15
[2025-12-25T12:58:46.919+0000][gc,heap     ] GC(5) Humongous regions: 131->131
[2025-12-25T12:58:46.919+0000][gc,metaspace] GC(5) Metaspace: 11581K(11968K)->11581K(11968K) NonClass: 10147K(10368K)->10147K(10368K) Class: 1434K(1600K)->1434K(1600K)
[2025-12-25T12:58:46.919+0000][gc          ] GC(5) Pause Young (Normal) (G1 Evacuation Pause) 640M->155M(1024M) 25.601ms
[2025-12-25T12:58:46.919+0000][gc,cpu      ] GC(5) User=0.14s Sys=0.00s Real=0.03s
[2025-12-25T12:59:17.252+0000][gc,start    ] GC(6) Pause Young (Normal) (G1 Evacuation Pause)
[2025-12-25T12:59:17.252+0000][gc,task     ] GC(6) Using 8 workers of 8 for evacuation
[2025-12-25T12:59:17.275+0000][gc,phases   ] GC(6)   Pre Evacuate Collection Set: 1.5ms
[2025-12-25T12:59:17.275+0000][gc,phases   ] GC(6)   Merge Heap Roots: 0.3ms
[2025-12-25T12:59:17.276+0000][gc,phases   ] GC(6)   Evacuate Collection Set: 18.0ms
[2025-12-25T12:59:17.276+0000][gc,phases   ] GC(6)   Post Evacuate Collection Set: 3.1ms
[2025-12-25T12:59:17.276+0000][gc,phases   ] GC(6)   Other: 0.4ms
[2025-12-25T12:59:17.276+0000][gc,heap     ] GC(6) Eden regions: 604->0(601)
[2025-12-25T12:59:17.276+0000][gc,heap     ] GC(6) Survivor regions: 10->13(77)
[2025-12-25T12:59:17.276+0000][gc,heap     ] GC(6) Old regions: 15->15
[2025-12-25T12:59:17.276+0000][gc,heap     ] GC(6) Humongous regions: 131->131
[2025-12-25T12:59:17.276+0000][gc,metaspace] GC(6) Metaspace: 11896K(12224K)->11896K(12224K) NonClass: 10459K(10624K)->10459K(10624K) Class: 1436K(1600K)->1436K(1600K)
[2025-12-25T12:59:17.276+0000][gc          ] GC(6) Pause Young (Normal) (G1 Evacuation Pause) 759M->157M(1024M) 24.470ms
[2025-12-25T12:59:17.276+0000][gc,cpu      ] GC(6) User=0.10s Sys=0.05s Real=0.02s
[2025-12-25T12:59:57.421+0000][gc,start    ] GC(7) Pause Young (Normal) (G1 Evacuation Pause)
[2025-12-25T12:59:57.424+0000][gc,task     ] GC(7) Using 8 workers of 8 for evacuation
[2025-12-25T12:59:57.491+0000][gc,phases   ] GC(7)   Pre Evacuate Collection Set: 9.0ms
[2025-12-25T12:59:57.492+0000][gc,phases   ] GC(7)   Merge Heap Roots: 2.8ms
[2025-12-25T12:59:57.492+0000][gc,phases   ] GC(7)   Evacuate Collection Set: 47.4ms
[2025-12-25T12:59:57.492+0000][gc,phases   ] GC(7)   Post Evacuate Collection Set: 5.1ms
[2025-12-25T12:59:57.492+0000][gc,phases   ] GC(7)   Other: 3.4ms
[2025-12-25T12:59:57.492+0000][gc,heap     ] GC(7) Eden regions: 601->0(602)
[2025-12-25T12:59:57.492+0000][gc,heap     ] GC(7) Survivor regions: 13->12(77)
[2025-12-25T12:59:57.492+0000][gc,heap     ] GC(7) Old regions: 15->15
[2025-12-25T12:59:57.493+0000][gc,heap     ] GC(7) Humongous regions: 131->131
[2025-12-25T12:59:57.493+0000][gc,metaspace] GC(7) Metaspace: 12257K(12608K)->12257K(12608K) NonClass: 10819K(11008K)->10819K(11008K) Class: 1437K(1600K)->1437K(1600K)
[2025-12-25T12:59:57.493+0000][gc          ] GC(7) Pause Young (Normal) (G1 Evacuation Pause) 758M->157M(1024M) 72.713ms
[2025-12-25T12:59:57.493+0000][gc,cpu      ] GC(7) User=0.32s Sys=0.02s Real=0.08s
[2025-12-25T13:11:31.629+0000][gc,start    ] GC(8) Pause Young (Normal) (G1 Evacuation Pause)
[2025-12-25T13:11:31.630+0000][gc,task     ] GC(8) Using 8 workers of 8 for evacuation
[2025-12-25T13:11:31.656+0000][gc,phases   ] GC(8)   Pre Evacuate Collection Set: 1.6ms
[2025-12-25T13:11:31.656+0000][gc,phases   ] GC(8)   Merge Heap Roots: 0.2ms
[2025-12-25T13:11:31.656+0000][gc,phases   ] GC(8)   Evacuate Collection Set: 19.1ms
[2025-12-25T13:11:31.656+0000][gc,phases   ] GC(8)   Post Evacuate Collection Set: 5.2ms
[2025-12-25T13:11:31.657+0000][gc,phases   ] GC(8)   Other: 0.2ms
[2025-12-25T13:11:31.657+0000][gc,heap     ] GC(8) Eden regions: 602->0(600)
[2025-12-25T13:11:31.657+0000][gc,heap     ] GC(8) Survivor regions: 12->14(77)
[2025-12-25T13:11:31.657+0000][gc,heap     ] GC(8) Old regions: 15->15
[2025-12-25T13:11:31.657+0000][gc,heap     ] GC(8) Humongous regions: 133->133
[2025-12-25T13:11:31.657+0000][gc,metaspace] GC(8) Metaspace: 12626K(12928K)->12626K(12928K) NonClass: 11177K(11328K)->11177K(11328K) Class: 1449K(1600K)->1449K(1600K)
[2025-12-25T13:11:31.657+0000][gc          ] GC(8) Pause Young (Normal) (G1 Evacuation Pause) 761M->160M(1024M) 27.765ms
[2025-12-25T13:11:31.657+0000][gc,cpu      ] GC(8) User=0.14s Sys=0.00s Real=0.03s
[2025-12-25T13:12:11.121+0000][gc,start    ] GC(9) Pause Young (Normal) (G1 Evacuation Pause)
[2025-12-25T13:12:11.122+0000][gc,task     ] GC(9) Using 8 workers of 8 for evacuation
[2025-12-25T13:12:11.150+0000][gc,phases   ] GC(9)   Pre Evacuate Collection Set: 1.2ms
[2025-12-25T13:12:11.150+0000][gc,phases   ] GC(9)   Merge Heap Roots: 0.2ms
[2025-12-25T13:12:11.150+0000][gc,phases   ] GC(9)   Evacuate Collection Set: 25.1ms
[2025-12-25T13:12:11.150+0000][gc,phases   ] GC(9)   Post Evacuate Collection Set: 1.5ms
[2025-12-25T13:12:11.150+0000][gc,phases   ] GC(9)   Other: 0.3ms
[2025-12-25T13:12:11.150+0000][gc,heap     ] GC(9) Eden regions: 600->0(600)
[2025-12-25T13:12:11.150+0000][gc,heap     ] GC(9) Survivor regions: 14->14(77)
[2025-12-25T13:12:11.151+0000][gc,heap     ] GC(9) Old regions: 15->15
[2025-12-25T13:12:11.151+0000][gc,heap     ] GC(9) Humongous regions: 133->133
[2025-12-25T13:12:11.151+0000][gc,metaspace] GC(9) Metaspace: 12818K(13120K)->12818K(13120K) NonClass: 11368K(11520K)->11368K(11520K) Class: 1449K(1600K)->1449K(1600K)
[2025-12-25T13:12:11.151+0000][gc          ] GC(9) Pause Young (Normal) (G1 Evacuation Pause) 760M->160M(1024M) 29.992ms
[2025-12-25T13:12:11.151+0000][gc,cpu      ] GC(9) User=0.20s Sys=0.01s Real=0.03s
[2025-12-25T13:12:48.846+0000][gc,start    ] GC(10) Pause Young (Normal) (G1 Evacuation Pause)
[2025-12-25T13:12:48.848+0000][gc,task     ] GC(10) Using 8 workers of 8 for evacuation
[2025-12-25T13:12:48.881+0000][gc,phases   ] GC(10)   Pre Evacuate Collection Set: 3.5ms
[2025-12-25T13:12:48.882+0000][gc,phases   ] GC(10)   Merge Heap Roots: 0.3ms
[2025-12-25T13:12:48.882+0000][gc,phases   ] GC(10)   Evacuate Collection Set: 25.6ms
[2025-12-25T13:12:48.882+0000][gc,phases   ] GC(10)   Post Evacuate Collection Set: 3.7ms
[2025-12-25T13:12:48.882+0000][gc,phases   ] GC(10)   Other: 0.8ms
[2025-12-25T13:12:48.882+0000][gc,heap     ] GC(10) Eden regions: 600->0(601)
[2025-12-25T13:12:48.882+0000][gc,heap     ] GC(10) Survivor regions: 14->13(77)
[2025-12-25T13:12:48.882+0000][gc,heap     ] GC(10) Old regions: 15->15
[2025-12-25T13:12:48.883+0000][gc,heap     ] GC(10) Humongous regions: 133->133
[2025-12-25T13:12:48.883+0000][gc,metaspace] GC(10) Metaspace: 12861K(13184K)->12861K(13184K) NonClass: 11410K(11584K)->11410K(11584K) Class: 1451K(1600K)->1451K(1600K)
[2025-12-25T13:12:48.883+0000][gc          ] GC(10) Pause Young (Normal) (G1 Evacuation Pause) 760M->160M(1024M) 36.667ms
[2025-12-25T13:12:48.883+0000][gc,cpu      ] GC(10) User=0.16s Sys=0.00s Real=0.03s
[2025-12-25T13:13:22.759+0000][gc,start    ] GC(11) Pause Young (Normal) (G1 Evacuation Pause)
[2025-12-25T13:13:22.760+0000][gc,task     ] GC(11) Using 8 workers of 8 for evacuation
[2025-12-25T13:13:22.825+0000][gc,phases   ] GC(11)   Pre Evacuate Collection Set: 7.4ms
[2025-12-25T13:13:22.826+0000][gc,phases   ] GC(11)   Merge Heap Roots: 1.1ms
[2025-12-25T13:13:22.826+0000][gc,phases   ] GC(11)   Evacuate Collection Set: 52.3ms
[2025-12-25T13:13:22.826+0000][gc,phases   ] GC(11)   Post Evacuate Collection Set: 3.5ms
[2025-12-25T13:13:22.826+0000][gc,phases   ] GC(11)   Other: 0.7ms
[2025-12-25T13:13:22.826+0000][gc,heap     ] GC(11) Eden regions: 601->0(603)
[2025-12-25T13:13:22.827+0000][gc,heap     ] GC(11) Survivor regions: 13->11(77)
[2025-12-25T13:13:22.827+0000][gc,heap     ] GC(11) Old regions: 15->15
[2025-12-25T13:13:22.828+0000][gc,heap     ] GC(11) Humongous regions: 133->133
[2025-12-25T13:13:22.828+0000][gc,metaspace] GC(11) Metaspace: 12951K(13248K)->12951K(13248K) NonClass: 11495K(11648K)->11495K(11648K) Class: 1455K(1600K)->1455K(1600K)
[2025-12-25T13:13:22.828+0000][gc          ] GC(11) Pause Young (Normal) (G1 Evacuation Pause) 761M->157M(1024M) 69.748ms
[2025-12-25T13:13:22.829+0000][gc,cpu      ] GC(11) User=0.22s Sys=0.02s Real=0.07s
[2025-12-25T13:18:11.121+0000][gc,start    ] GC(12) Pause Young (Normal) (G1 Evacuation Pause)
[2025-12-25T13:18:11.122+0000][gc,task     ] GC(12) Using 8 workers of 8 for evacuation
[2025-12-25T13:18:11.148+0000][gc,phases   ] GC(12)   Pre Evacuate Collection Set: 1.4ms
[2025-12-25T13:18:11.148+0000][gc,phases   ] GC(12)   Merge Heap Roots: 0.2ms
[2025-12-25T13:18:11.149+0000][gc,phases   ] GC(12)   Evacuate Collection Set: 22.6ms
[2025-12-25T13:18:11.149+0000][gc,phases   ] GC(12)   Post Evacuate Collection Set: 1.8ms
[2025-12-25T13:18:11.149+0000][gc,phases   ] GC(12)   Other: 0.2ms
[2025-12-25T13:18:11.149+0000][gc,heap     ] GC(12) Eden regions: 603->0(604)
[2025-12-25T13:18:11.149+0000][gc,heap     ] GC(12) Survivor regions: 11->10(77)
[2025-12-25T13:18:11.150+0000][gc,heap     ] GC(12) Old regions: 15->15
[2025-12-25T13:18:11.150+0000][gc,heap     ] GC(12) Humongous regions: 133->133
[2025-12-25T13:18:11.151+0000][gc,metaspace] GC(12) Metaspace: 12991K(13312K)->12991K(13312K) NonClass: 11533K(11712K)->11533K(11712K) Class: 1458K(1600K)->1458K(1600K)
[2025-12-25T13:18:11.151+0000][gc          ] GC(12) Pause Young (Normal) (G1 Evacuation Pause) 760M->157M(1024M) 29.563ms
[2025-12-25T13:18:11.151+0000][gc,cpu      ] GC(12) User=0.14s Sys=0.00s Real=0.02s
[2025-12-25T13:18:41.682+0000][gc,start    ] GC(13) Pause Young (Normal) (G1 Evacuation Pause)
[2025-12-25T13:18:41.683+0000][gc,task     ] GC(13) Using 8 workers of 8 for evacuation
[2025-12-25T13:18:41.713+0000][gc,phases   ] GC(13)   Pre Evacuate Collection Set: 1.4ms
[2025-12-25T13:18:41.713+0000][gc,phases   ] GC(13)   Merge Heap Roots: 0.2ms
[2025-12-25T13:18:41.713+0000][gc,phases   ] GC(13)   Evacuate Collection Set: 26.1ms
[2025-12-25T13:18:41.713+0000][gc,phases   ] GC(13)   Post Evacuate Collection Set: 1.8ms
[2025-12-25T13:18:41.713+0000][gc,phases   ] GC(13)   Other: 0.2ms
[2025-12-25T13:18:41.713+0000][gc,heap     ] GC(13) Eden regions: 604->0(602)
[2025-12-25T13:18:41.713+0000][gc,heap     ] GC(13) Survivor regions: 10->12(77)
[2025-12-25T13:18:41.713+0000][gc,heap     ] GC(13) Old regions: 15->15
[2025-12-25T13:18:41.713+0000][gc,heap     ] GC(13) Humongous regions: 133->133
[2025-12-25T13:18:41.713+0000][gc,metaspace] GC(13) Metaspace: 13023K(13312K)->13023K(13312K) NonClass: 11565K(11712K)->11565K(11712K) Class: 1458K(1600K)->1458K(1600K)
[2025-12-25T13:18:41.713+0000][gc          ] GC(13) Pause Young (Normal) (G1 Evacuation Pause) 761M->159M(1024M) 30.934ms
[2025-12-25T13:18:41.713+0000][gc,cpu      ] GC(13) User=0.17s Sys=0.00s Real=0.03s
[2025-12-25T13:19:21.136+0000][gc,start    ] GC(14) Pause Young (Normal) (G1 Evacuation Pause)
[2025-12-25T13:19:21.137+0000][gc,task     ] GC(14) Using 8 workers of 8 for evacuation
[2025-12-25T13:19:21.173+0000][gc,phases   ] GC(14)   Pre Evacuate Collection Set: 1.9ms
[2025-12-25T13:19:21.174+0000][gc,phases   ] GC(14)   Merge Heap Roots: 0.3ms
[2025-12-25T13:19:21.175+0000][gc,phases   ] GC(14)   Evacuate Collection Set: 29.4ms
[2025-12-25T13:19:21.175+0000][gc,phases   ] GC(14)   Post Evacuate Collection Set: 4.3ms
[2025-12-25T13:19:21.177+0000][gc,phases   ] GC(14)   Other: 0.5ms
[2025-12-25T13:19:21.177+0000][gc,heap     ] GC(14) Eden regions: 602->0(602)
[2025-12-25T13:19:21.177+0000][gc,heap     ] GC(14) Survivor regions: 12->12(77)
[2025-12-25T13:19:21.177+0000][gc,heap     ] GC(14) Old regions: 15->15
[2025-12-25T13:19:21.177+0000][gc,heap     ] GC(14) Humongous regions: 133->133
[2025-12-25T13:19:21.177+0000][gc,metaspace] GC(14) Metaspace: 13048K(13376K)->13048K(13376K) NonClass: 11590K(11776K)->11590K(11776K) Class: 1458K(1600K)->1458K(1600K)
[2025-12-25T13:19:21.177+0000][gc          ] GC(14) Pause Young (Normal) (G1 Evacuation Pause) 761M->158M(1024M) 41.295ms
[2025-12-25T13:19:21.177+0000][gc,cpu      ] GC(14) User=0.18s Sys=0.00s Real=0.04s
[2025-12-25T13:19:51.501+0000][gc,start    ] GC(15) Pause Young (Normal) (G1 Evacuation Pause)
[2025-12-25T13:19:51.501+0000][gc,task     ] GC(15) Using 8 workers of 8 for evacuation
[2025-12-25T13:19:51.526+0000][gc,phases   ] GC(15)   Pre Evacuate Collection Set: 2.7ms
[2025-12-25T13:19:51.526+0000][gc,phases   ] GC(15)   Merge Heap Roots: 0.7ms
[2025-12-25T13:19:51.526+0000][gc,phases   ] GC(15)   Evacuate Collection Set: 19.2ms
[2025-12-25T13:19:51.526+0000][gc,phases   ] GC(15)   Post Evacuate Collection Set: 1.8ms
[2025-12-25T13:19:51.526+0000][gc,phases   ] GC(15)   Other: 0.7ms
[2025-12-25T13:19:51.526+0000][gc,heap     ] GC(15) Eden regions: 602->0(600)
[2025-12-25T13:19:51.526+0000][gc,heap     ] GC(15) Survivor regions: 12->14(77)
[2025-12-25T13:19:51.527+0000][gc,heap     ] GC(15) Old regions: 15->15
[2025-12-25T13:19:51.527+0000][gc,heap     ] GC(15) Humongous regions: 133->133
[2025-12-25T13:19:51.527+0000][gc,metaspace] GC(15) Metaspace: 13063K(13376K)->13063K(13376K) NonClass: 11605K(11776K)->11605K(11776K) Class: 1458K(1600K)->1458K(1600K)
[2025-12-25T13:19:51.527+0000][gc          ] GC(15) Pause Young (Normal) (G1 Evacuation Pause) 760M->160M(1024M) 26.173ms
[2025-12-25T13:19:51.527+0000][gc,cpu      ] GC(15) User=0.17s Sys=0.00s Real=0.02s
[2025-12-25T13:20:31.184+0000][gc,start    ] GC(16) Pause Young (Normal) (G1 Evacuation Pause)
[2025-12-25T13:20:31.185+0000][gc,task     ] GC(16) Using 8 workers of 8 for evacuation
[2025-12-25T13:20:31.220+0000][gc,phases   ] GC(16)   Pre Evacuate Collection Set: 2.3ms
[2025-12-25T13:20:31.220+0000][gc,phases   ] GC(16)   Merge Heap Roots: 0.3ms
[2025-12-25T13:20:31.220+0000][gc,phases   ] GC(16)   Evacuate Collection Set: 28.6ms
[2025-12-25T13:20:31.220+0000][gc,phases   ] GC(16)   Post Evacuate Collection Set: 3.2ms
[2025-12-25T13:20:31.220+0000][gc,phases   ] GC(16)   Other: 0.3ms
[2025-12-25T13:20:31.220+0000][gc,heap     ] GC(16) Eden regions: 600->0(604)
[2025-12-25T13:20:31.221+0000][gc,heap     ] GC(16) Survivor regions: 14->10(77)
[2025-12-25T13:20:31.221+0000][gc,heap     ] GC(16) Old regions: 15->18
[2025-12-25T13:20:31.221+0000][gc,heap     ] GC(16) Humongous regions: 133->133
[2025-12-25T13:20:31.221+0000][gc,metaspace] GC(16) Metaspace: 13101K(13440K)->13101K(13440K) NonClass: 11641K(11840K)->11641K(11840K) Class: 1459K(1600K)->1459K(1600K)
[2025-12-25T13:20:31.221+0000][gc          ] GC(16) Pause Young (Normal) (G1 Evacuation Pause) 760M->160M(1024M) 36.712ms
[2025-12-25T13:20:31.221+0000][gc,cpu      ] GC(16) User=0.20s Sys=0.02s Real=0.04s
[2025-12-25T13:21:01.588+0000][gc,start    ] GC(17) Pause Young (Normal) (G1 Evacuation Pause)
[2025-12-25T13:21:01.589+0000][gc,task     ] GC(17) Using 8 workers of 8 for evacuation
[2025-12-25T13:21:01.608+0000][gc,phases   ] GC(17)   Pre Evacuate Collection Set: 1.4ms
[2025-12-25T13:21:01.608+0000][gc,phases   ] GC(17)   Merge Heap Roots: 0.2ms
[2025-12-25T13:21:01.608+0000][gc,phases   ] GC(17)   Evacuate Collection Set: 15.3ms
[2025-12-25T13:21:01.608+0000][gc,phases   ] GC(17)   Post Evacuate Collection Set: 1.6ms
[2025-12-25T13:21:01.608+0000][gc,phases   ] GC(17)   Other: 0.3ms
[2025-12-25T13:21:01.608+0000][gc,heap     ] GC(17) Eden regions: 604->0(602)
[2025-12-25T13:21:01.608+0000][gc,heap     ] GC(17) Survivor regions: 10->12(77)
[2025-12-25T13:21:01.608+0000][gc,heap     ] GC(17) Old regions: 18->18
[2025-12-25T13:21:01.608+0000][gc,heap     ] GC(17) Humongous regions: 133->133
[2025-12-25T13:21:01.608+0000][gc,metaspace] GC(17) Metaspace: 13117K(13440K)->13117K(13440K) NonClass: 11658K(11840K)->11658K(11840K) Class: 1459K(1600K)->1459K(1600K)
[2025-12-25T13:21:01.608+0000][gc          ] GC(17) Pause Young (Normal) (G1 Evacuation Pause) 764M->162M(1024M) 19.936ms
[2025-12-25T13:21:01.608+0000][gc,cpu      ] GC(17) User=0.12s Sys=0.00s Real=0.02s
[2025-12-25T13:21:41.225+0000][gc,start    ] GC(18) Pause Young (Normal) (G1 Evacuation Pause)
[2025-12-25T13:21:41.225+0000][gc,task     ] GC(18) Using 8 workers of 8 for evacuation
[2025-12-25T13:21:41.253+0000][gc,phases   ] GC(18)   Pre Evacuate Collection Set: 4.1ms
[2025-12-25T13:21:41.254+0000][gc,phases   ] GC(18)   Merge Heap Roots: 0.5ms
[2025-12-25T13:21:41.254+0000][gc,phases   ] GC(18)   Evacuate Collection Set: 19.8ms
[2025-12-25T13:21:41.256+0000][gc,phases   ] GC(18)   Post Evacuate Collection Set: 2.5ms
[2025-12-25T13:21:41.256+0000][gc,phases   ] GC(18)   Other: 0.9ms
[2025-12-25T13:21:41.256+0000][gc,heap     ] GC(18) Eden regions: 602->0(606)
[2025-12-25T13:21:41.256+0000][gc,heap     ] GC(18) Survivor regions: 12->8(77)
[2025-12-25T13:21:41.256+0000][gc,heap     ] GC(18) Old regions: 18->18
[2025-12-25T13:21:41.256+0000][gc,heap     ] GC(18) Humongous regions: 133->133
[2025-12-25T13:21:41.257+0000][gc,metaspace] GC(18) Metaspace: 13176K(13504K)->13176K(13504K) NonClass: 11717K(11904K)->11717K(11904K) Class: 1459K(1600K)->1459K(1600K)
[2025-12-25T13:21:41.257+0000][gc          ] GC(18) Pause Young (Normal) (G1 Evacuation Pause) 764M->158M(1024M) 32.221ms
[2025-12-25T13:21:41.257+0000][gc,cpu      ] GC(18) User=0.13s Sys=0.01s Real=0.03s
[2025-12-25T13:22:11.655+0000][gc,start    ] GC(19) Pause Young (Normal) (G1 Evacuation Pause)
[2025-12-25T13:22:11.655+0000][gc,task     ] GC(19) Using 8 workers of 8 for evacuation
[2025-12-25T13:22:11.668+0000][gc,phases   ] GC(19)   Pre Evacuate Collection Set: 1.3ms
[2025-12-25T13:22:11.668+0000][gc,phases   ] GC(19)   Merge Heap Roots: 0.2ms
[2025-12-25T13:22:11.668+0000][gc,phases   ] GC(19)   Evacuate Collection Set: 9.4ms
[2025-12-25T13:22:11.668+0000][gc,phases   ] GC(19)   Post Evacuate Collection Set: 1.4ms
[2025-12-25T13:22:11.668+0000][gc,phases   ] GC(19)   Other: 0.4ms
[2025-12-25T13:22:11.668+0000][gc,heap     ] GC(19) Eden regions: 606->0(609)
[2025-12-25T13:22:11.668+0000][gc,heap     ] GC(19) Survivor regions: 8->5(77)
[2025-12-25T13:22:11.668+0000][gc,heap     ] GC(19) Old regions: 18->22
[2025-12-25T13:22:11.668+0000][gc,heap     ] GC(19) Humongous regions: 133->133
[2025-12-25T13:22:11.668+0000][gc,metaspace] GC(19) Metaspace: 13207K(13504K)->13207K(13504K) NonClass: 11743K(11904K)->11743K(11904K) Class: 1463K(1600K)->1463K(1600K)
[2025-12-25T13:22:11.668+0000][gc          ] GC(19) Pause Young (Normal) (G1 Evacuation Pause) 764M->159M(1024M) 13.806ms
[2025-12-25T13:22:11.669+0000][gc,cpu      ] GC(19) User=0.07s Sys=0.01s Real=0.01s
[2025-12-25T13:22:51.487+0000][gc,start    ] GC(20) Pause Young (Normal) (G1 Evacuation Pause)
[2025-12-25T13:22:51.488+0000][gc,task     ] GC(20) Using 8 workers of 8 for evacuation
[2025-12-25T13:22:51.511+0000][gc,phases   ] GC(20)   Pre Evacuate Collection Set: 2.5ms
[2025-12-25T13:22:51.511+0000][gc,phases   ] GC(20)   Merge Heap Roots: 0.4ms
[2025-12-25T13:22:51.511+0000][gc,phases   ] GC(20)   Evacuate Collection Set: 17.8ms
[2025-12-25T13:22:51.511+0000][gc,phases   ] GC(20)   Post Evacuate Collection Set: 1.7ms
[2025-12-25T13:22:51.511+0000][gc,phases   ] GC(20)   Other: 0.3ms
[2025-12-25T13:22:51.511+0000][gc,heap     ] GC(20) Eden regions: 609->0(609)
[2025-12-25T13:22:51.511+0000][gc,heap     ] GC(20) Survivor regions: 5->5(77)
[2025-12-25T13:22:51.511+0000][gc,heap     ] GC(20) Old regions: 22->23
[2025-12-25T13:22:51.512+0000][gc,heap     ] GC(20) Humongous regions: 133->133
[2025-12-25T13:22:51.512+0000][gc,metaspace] GC(20) Metaspace: 13212K(13504K)->13212K(13504K) NonClass: 11748K(11904K)->11748K(11904K) Class: 1463K(1600K)->1463K(1600K)
[2025-12-25T13:22:51.512+0000][gc          ] GC(20) Pause Young (Normal) (G1 Evacuation Pause) 768M->159M(1024M) 24.776ms
[2025-12-25T13:22:51.512+0000][gc,cpu      ] GC(20) User=0.09s Sys=0.01s Real=0.03s
[2025-12-25T13:27:21.830+0000][gc,start    ] GC(21) Pause Young (Normal) (G1 Evacuation Pause)
[2025-12-25T13:27:21.831+0000][gc,task     ] GC(21) Using 8 workers of 8 for evacuation
[2025-12-25T13:27:21.855+0000][gc,phases   ] GC(21)   Pre Evacuate Collection Set: 3.0ms
[2025-12-25T13:27:21.855+0000][gc,phases   ] GC(21)   Merge Heap Roots: 0.3ms
[2025-12-25T13:27:21.856+0000][gc,phases   ] GC(21)   Evacuate Collection Set: 17.1ms
[2025-12-25T13:27:21.856+0000][gc,phases   ] GC(21)   Post Evacuate Collection Set: 3.0ms
[2025-12-25T13:27:21.856+0000][gc,phases   ] GC(21)   Other: 0.5ms
[2025-12-25T13:27:21.856+0000][gc,heap     ] GC(21) Eden regions: 609->0(610)
[2025-12-25T13:27:21.856+0000][gc,heap     ] GC(21) Survivor regions: 5->4(77)
[2025-12-25T13:27:21.856+0000][gc,heap     ] GC(21) Old regions: 23->23
[2025-12-25T13:27:21.857+0000][gc,heap     ] GC(21) Humongous regions: 133->133
[2025-12-25T13:27:21.857+0000][gc,metaspace] GC(21) Metaspace: 13299K(13568K)->13299K(13568K) NonClass: 11821K(11968K)->11821K(11968K) Class: 1477K(1600K)->1477K(1600K)
[2025-12-25T13:27:21.857+0000][gc          ] GC(21) Pause Young (Normal) (G1 Evacuation Pause) 768M->158M(1024M) 27.156ms
[2025-12-25T13:27:21.857+0000][gc,cpu      ] GC(21) User=0.09s Sys=0.00s Real=0.03s
[2025-12-25T13:27:58.170+0000][gc,start    ] GC(22) Pause Young (Normal) (G1 Evacuation Pause)
[2025-12-25T13:27:58.171+0000][gc,task     ] GC(22) Using 8 workers of 8 for evacuation
[2025-12-25T13:27:58.231+0000][gc,phases   ] GC(22)   Pre Evacuate Collection Set: 9.5ms
[2025-12-25T13:27:58.232+0000][gc,phases   ] GC(22)   Merge Heap Roots: 0.8ms
[2025-12-25T13:27:58.235+0000][gc,phases   ] GC(22)   Evacuate Collection Set: 33.7ms
[2025-12-25T13:27:58.235+0000][gc,phases   ] GC(22)   Post Evacuate Collection Set: 14.1ms
[2025-12-25T13:27:58.236+0000][gc,phases   ] GC(22)   Other: 2.5ms
[2025-12-25T13:27:58.236+0000][gc,heap     ] GC(22) Eden regions: 610->0(608)
[2025-12-25T13:27:58.236+0000][gc,heap     ] GC(22) Survivor regions: 4->6(77)
[2025-12-25T13:27:58.238+0000][gc,heap     ] GC(22) Old regions: 23->23
[2025-12-25T13:27:58.239+0000][gc,heap     ] GC(22) Humongous regions: 133->133
[2025-12-25T13:27:58.241+0000][gc,metaspace] GC(22) Metaspace: 13364K(13696K)->13364K(13696K) NonClass: 11882K(12032K)->11882K(12032K) Class: 1482K(1664K)->1482K(1664K)
[2025-12-25T13:27:58.241+0000][gc          ] GC(22) Pause Young (Normal) (G1 Evacuation Pause) 768M->161M(1024M) 71.683ms
[2025-12-25T13:27:58.241+0000][gc,cpu      ] GC(22) User=0.16s Sys=0.02s Real=0.07s
[2025-12-25T13:28:37.740+0000][gc,start    ] GC(23) Pause Young (Normal) (G1 Evacuation Pause)
[2025-12-25T13:28:37.741+0000][gc,task     ] GC(23) Using 8 workers of 8 for evacuation
[2025-12-25T13:28:37.752+0000][gc,phases   ] GC(23)   Pre Evacuate Collection Set: 1.4ms
[2025-12-25T13:28:37.752+0000][gc,phases   ] GC(23)   Merge Heap Roots: 0.2ms
[2025-12-25T13:28:37.752+0000][gc,phases   ] GC(23)   Evacuate Collection Set: 7.6ms
[2025-12-25T13:28:37.752+0000][gc,phases   ] GC(23)   Post Evacuate Collection Set: 1.5ms
[2025-12-25T13:28:37.752+0000][gc,phases   ] GC(23)   Other: 0.2ms
[2025-12-25T13:28:37.752+0000][gc,heap     ] GC(23) Eden regions: 608->0(609)
[2025-12-25T13:28:37.752+0000][gc,heap     ] GC(23) Survivor regions: 6->5(77)
[2025-12-25T13:28:37.752+0000][gc,heap     ] GC(23) Old regions: 23->23
[2025-12-25T13:28:37.752+0000][gc,heap     ] GC(23) Humongous regions: 133->133
[2025-12-25T13:28:37.752+0000][gc,metaspace] GC(23) Metaspace: 13368K(13696K)->13368K(13696K) NonClass: 11884K(12032K)->11884K(12032K) Class: 1483K(1664K)->1483K(1664K)
[2025-12-25T13:28:37.753+0000][gc          ] GC(23) Pause Young (Normal) (G1 Evacuation Pause) 769M->160M(1024M) 12.236ms
[2025-12-25T13:28:37.753+0000][gc,cpu      ] GC(23) User=0.06s Sys=0.01s Real=0.02s
[2025-12-25T13:29:08.147+0000][gc,start    ] GC(24) Pause Young (Normal) (G1 Evacuation Pause)
[2025-12-25T13:29:08.148+0000][gc,task     ] GC(24) Using 8 workers of 8 for evacuation
[2025-12-25T13:29:08.175+0000][gc,phases   ] GC(24)   Pre Evacuate Collection Set: 1.8ms
[2025-12-25T13:29:08.175+0000][gc,phases   ] GC(24)   Merge Heap Roots: 0.5ms
[2025-12-25T13:29:08.175+0000][gc,phases   ] GC(24)   Evacuate Collection Set: 22.9ms
[2025-12-25T13:29:08.175+0000][gc,phases   ] GC(24)   Post Evacuate Collection Set: 1.7ms
[2025-12-25T13:29:08.175+0000][gc,phases   ] GC(24)   Other: 0.3ms
[2025-12-25T13:29:08.175+0000][gc,heap     ] GC(24) Eden regions: 609->0(607)
[2025-12-25T13:29:08.175+0000][gc,heap     ] GC(24) Survivor regions: 5->7(77)
[2025-12-25T13:29:08.175+0000][gc,heap     ] GC(24) Old regions: 23->23
[2025-12-25T13:29:08.175+0000][gc,heap     ] GC(24) Humongous regions: 133->133
[2025-12-25T13:29:08.175+0000][gc,metaspace] GC(24) Metaspace: 13392K(13760K)->13392K(13760K) NonClass: 11909K(12096K)->11909K(12096K) Class: 1483K(1664K)->1483K(1664K)
[2025-12-25T13:29:08.176+0000][gc          ] GC(24) Pause Young (Normal) (G1 Evacuation Pause) 769M->162M(1024M) 28.455ms
[2025-12-25T13:29:08.176+0000][gc,cpu      ] GC(24) User=0.17s Sys=0.01s Real=0.03s
[2025-12-25T13:29:47.845+0000][gc,start    ] GC(25) Pause Young (Normal) (G1 Evacuation Pause)
[2025-12-25T13:29:47.846+0000][gc,task     ] GC(25) Using 8 workers of 8 for evacuation
[2025-12-25T13:29:47.861+0000][gc,phases   ] GC(25)   Pre Evacuate Collection Set: 1.6ms
[2025-12-25T13:29:47.861+0000][gc,phases   ] GC(25)   Merge Heap Roots: 0.3ms
[2025-12-25T13:29:47.861+0000][gc,phases   ] GC(25)   Evacuate Collection Set: 11.8ms
[2025-12-25T13:29:47.861+0000][gc,phases   ] GC(25)   Post Evacuate Collection Set: 1.5ms
[2025-12-25T13:29:47.862+0000][gc,phases   ] GC(25)   Other: 0.2ms
[2025-12-25T13:29:47.862+0000][gc,heap     ] GC(25) Eden regions: 607->0(607)
[2025-12-25T13:29:47.862+0000][gc,heap     ] GC(25) Survivor regions: 7->7(77)
[2025-12-25T13:29:47.862+0000][gc,heap     ] GC(25) Old regions: 23->23
[2025-12-25T13:29:47.862+0000][gc,heap     ] GC(25) Humongous regions: 133->133
[2025-12-25T13:29:47.862+0000][gc,metaspace] GC(25) Metaspace: 13435K(13824K)->13435K(13824K) NonClass: 11952K(12160K)->11952K(12160K) Class: 1483K(1664K)->1483K(1664K)
[2025-12-25T13:29:47.862+0000][gc          ] GC(25) Pause Young (Normal) (G1 Evacuation Pause) 769M->161M(1024M) 16.754ms
[2025-12-25T13:29:47.862+0000][gc,cpu      ] GC(25) User=0.09s Sys=0.00s Real=0.01s
[2025-12-25T13:30:18.182+0000][gc,start    ] GC(26) Pause Young (Normal) (G1 Evacuation Pause)
[2025-12-25T13:30:18.183+0000][gc,task     ] GC(26) Using 8 workers of 8 for evacuation
[2025-12-25T13:30:18.190+0000][gc,phases   ] GC(26)   Pre Evacuate Collection Set: 1.4ms
[2025-12-25T13:30:18.190+0000][gc,phases   ] GC(26)   Merge Heap Roots: 0.2ms
[2025-12-25T13:30:18.190+0000][gc,phases   ] GC(26)   Evacuate Collection Set: 3.8ms
[2025-12-25T13:30:18.190+0000][gc,phases   ] GC(26)   Post Evacuate Collection Set: 1.2ms
[2025-12-25T13:30:18.190+0000][gc,phases   ] GC(26)   Other: 0.2ms
[2025-12-25T13:30:18.190+0000][gc,heap     ] GC(26) Eden regions: 607->0(609)
[2025-12-25T13:30:18.190+0000][gc,heap     ] GC(26) Survivor regions: 7->5(77)
[2025-12-25T13:30:18.190+0000][gc,heap     ] GC(26) Old regions: 23->23
[2025-12-25T13:30:18.190+0000][gc,heap     ] GC(26) Humongous regions: 133->133
[2025-12-25T13:30:18.190+0000][gc,metaspace] GC(26) Metaspace: 13445K(13824K)->13445K(13824K) NonClass: 11962K(12160K)->11962K(12160K) Class: 1483K(1664K)->1483K(1664K)
[2025-12-25T13:30:18.190+0000][gc          ] GC(26) Pause Young (Normal) (G1 Evacuation Pause) 768M->160M(1024M) 7.980ms
[2025-12-25T13:30:18.190+0000][gc,cpu      ] GC(26) User=0.04s Sys=0.00s Real=0.01s
[2025-12-25T13:30:58.692+0000][gc,start    ] GC(27) Pause Young (Normal) (G1 Evacuation Pause)
[2025-12-25T13:30:58.712+0000][gc,task     ] GC(27) Using 8 workers of 8 for evacuation
[2025-12-25T13:30:58.883+0000][gc,phases   ] GC(27)   Pre Evacuate Collection Set: 67.1ms
[2025-12-25T13:30:58.884+0000][gc,phases   ] GC(27)   Merge Heap Roots: 1.8ms
[2025-12-25T13:30:58.884+0000][gc,phases   ] GC(27)   Evacuate Collection Set: 80.6ms
[2025-12-25T13:30:58.885+0000][gc,phases   ] GC(27)   Post Evacuate Collection Set: 20.1ms
[2025-12-25T13:30:58.885+0000][gc,phases   ] GC(27)   Other: 3.1ms
[2025-12-25T13:30:58.885+0000][gc,heap     ] GC(27) Eden regions: 609->0(609)
[2025-12-25T13:30:58.886+0000][gc,heap     ] GC(27) Survivor regions: 5->5(77)
[2025-12-25T13:30:58.886+0000][gc,heap     ] GC(27) Old regions: 23->23
[2025-12-25T13:30:58.887+0000][gc,heap     ] GC(27) Humongous regions: 133->133
[2025-12-25T13:30:58.888+0000][gc,metaspace] GC(27) Metaspace: 13571K(14016K)->13571K(14016K) NonClass: 12067K(12288K)->12067K(12288K) Class: 1504K(1728K)->1504K(1728K)
[2025-12-25T13:30:58.909+0000][gc          ] GC(27) Pause Young (Normal) (G1 Evacuation Pause) 769M->159M(1024M) 217.046ms
[2025-12-25T13:30:58.911+0000][gc,cpu      ] GC(27) User=0.33s Sys=0.05s Real=0.22s
[2025-12-25T13:31:29.031+0000][gc,start    ] GC(28) Pause Young (Normal) (G1 Evacuation Pause)
[2025-12-25T13:31:29.033+0000][gc,task     ] GC(28) Using 8 workers of 8 for evacuation
[2025-12-25T13:31:29.076+0000][gc,phases   ] GC(28)   Pre Evacuate Collection Set: 11.5ms
[2025-12-25T13:31:29.076+0000][gc,phases   ] GC(28)   Merge Heap Roots: 4.9ms
[2025-12-25T13:31:29.077+0000][gc,phases   ] GC(28)   Evacuate Collection Set: 20.6ms
[2025-12-25T13:31:29.077+0000][gc,phases   ] GC(28)   Post Evacuate Collection Set: 3.0ms
[2025-12-25T13:31:29.077+0000][gc,phases   ] GC(28)   Other: 3.1ms
[2025-12-25T13:31:29.077+0000][gc,heap     ] GC(28) Eden regions: 609->0(608)
[2025-12-25T13:31:29.077+0000][gc,heap     ] GC(28) Survivor regions: 5->6(77)
[2025-12-25T13:31:29.077+0000][gc,heap     ] GC(28) Old regions: 23->23
[2025-12-25T13:31:29.077+0000][gc,heap     ] GC(28) Humongous regions: 133->133
[2025-12-25T13:31:29.078+0000][gc,metaspace] GC(28) Metaspace: 13607K(14016K)->13607K(14016K) NonClass: 12102K(12288K)->12102K(12288K) Class: 1504K(1728K)->1504K(1728K)
[2025-12-25T13:31:29.078+0000][gc          ] GC(28) Pause Young (Normal) (G1 Evacuation Pause) 768M->161M(1024M) 47.230ms
[2025-12-25T13:31:29.078+0000][gc,cpu      ] GC(28) User=0.18s Sys=0.01s Real=0.05s
[2025-12-25T13:32:07.963+0000][gc,start    ] GC(29) Pause Young (Normal) (G1 Evacuation Pause)
[2025-12-25T13:32:07.964+0000][gc,task     ] GC(29) Using 8 workers of 8 for evacuation
[2025-12-25T13:32:07.982+0000][gc,phases   ] GC(29)   Pre Evacuate Collection Set: 1.6ms
[2025-12-25T13:32:07.982+0000][gc,phases   ] GC(29)   Merge Heap Roots: 0.2ms
[2025-12-25T13:32:07.982+0000][gc,phases   ] GC(29)   Evacuate Collection Set: 11.6ms
[2025-12-25T13:32:07.982+0000][gc,phases   ] GC(29)   Post Evacuate Collection Set: 3.1ms
[2025-12-25T13:32:07.982+0000][gc,phases   ] GC(29)   Other: 0.7ms
[2025-12-25T13:32:07.982+0000][gc,heap     ] GC(29) Eden regions: 608->0(608)
[2025-12-25T13:32:07.982+0000][gc,heap     ] GC(29) Survivor regions: 6->6(77)
[2025-12-25T13:32:07.982+0000][gc,heap     ] GC(29) Old regions: 23->23
[2025-12-25T13:32:07.982+0000][gc,heap     ] GC(29) Humongous regions: 133->133
[2025-12-25T13:32:07.982+0000][gc,metaspace] GC(29) Metaspace: 13609K(14016K)->13609K(14016K) NonClass: 12105K(12288K)->12105K(12288K) Class: 1504K(1728K)->1504K(1728K)
[2025-12-25T13:32:07.982+0000][gc          ] GC(29) Pause Young (Normal) (G1 Evacuation Pause) 769M->161M(1024M) 19.023ms
[2025-12-25T13:32:07.983+0000][gc,cpu      ] GC(29) User=0.08s Sys=0.00s Real=0.02s
[2025-12-25T13:32:47.841+0000][gc,start    ] GC(30) Pause Young (Normal) (G1 Evacuation Pause)
[2025-12-25T13:32:47.842+0000][gc,task     ] GC(30) Using 8 workers of 8 for evacuation
[2025-12-25T13:32:47.862+0000][gc,phases   ] GC(30)   Pre Evacuate Collection Set: 3.6ms
[2025-12-25T13:32:47.862+0000][gc,phases   ] GC(30)   Merge Heap Roots: 0.2ms
[2025-12-25T13:32:47.862+0000][gc,phases   ] GC(30)   Evacuate Collection Set: 8.3ms
[2025-12-25T13:32:47.862+0000][gc,phases   ] GC(30)   Post Evacuate Collection Set: 6.4ms
[2025-12-25T13:32:47.863+0000][gc,phases   ] GC(30)   Other: 1.4ms
[2025-12-25T13:32:47.864+0000][gc,heap     ] GC(30) Eden regions: 608->0(608)
[2025-12-25T13:32:47.864+0000][gc,heap     ] GC(30) Survivor regions: 6->6(77)
[2025-12-25T13:32:47.864+0000][gc,heap     ] GC(30) Old regions: 23->23
[2025-12-25T13:32:47.864+0000][gc,heap     ] GC(30) Humongous regions: 133->133
[2025-12-25T13:32:47.864+0000][gc,metaspace] GC(30) Metaspace: 13620K(14016K)->13620K(14016K) NonClass: 12115K(12288K)->12115K(12288K) Class: 1504K(1728K)->1504K(1728K)
[2025-12-25T13:32:47.865+0000][gc          ] GC(30) Pause Young (Normal) (G1 Evacuation Pause) 769M->160M(1024M) 23.358ms
[2025-12-25T13:32:47.865+0000][gc,cpu      ] GC(30) User=0.09s Sys=0.00s Real=0.02s
[2025-12-25T13:33:18.231+0000][gc,start    ] GC(31) Pause Young (Normal) (G1 Evacuation Pause)
[2025-12-25T13:33:18.232+0000][gc,task     ] GC(31) Using 8 workers of 8 for evacuation
[2025-12-25T13:33:18.271+0000][gc,phases   ] GC(31)   Pre Evacuate Collection Set: 2.0ms
[2025-12-25T13:33:18.272+0000][gc,phases   ] GC(31)   Merge Heap Roots: 0.2ms
[2025-12-25T13:33:18.272+0000][gc,phases   ] GC(31)   Evacuate Collection Set: 34.7ms
[2025-12-25T13:33:18.272+0000][gc,phases   ] GC(31)   Post Evacuate Collection Set: 2.0ms
[2025-12-25T13:33:18.272+0000][gc,phases   ] GC(31)   Other: 0.6ms
[2025-12-25T13:33:18.272+0000][gc,heap     ] GC(31) Eden regions: 608->0(606)
[2025-12-25T13:33:18.272+0000][gc,heap     ] GC(31) Survivor regions: 6->8(77)
[2025-12-25T13:33:18.272+0000][gc,heap     ] GC(31) Old regions: 23->23
[2025-12-25T13:33:18.272+0000][gc,heap     ] GC(31) Humongous regions: 133->133
[2025-12-25T13:33:18.272+0000][gc,metaspace] GC(31) Metaspace: 13626K(14016K)->13626K(14016K) NonClass: 12122K(12288K)->12122K(12288K) Class: 1504K(1728K)->1504K(1728K)
[2025-12-25T13:33:18.273+0000][gc          ] GC(31) Pause Young (Normal) (G1 Evacuation Pause) 768M->162M(1024M) 41.441ms
[2025-12-25T13:33:18.273+0000][gc,cpu      ] GC(31) User=0.26s Sys=0.00s Real=0.04s
[2025-12-25T13:33:57.904+0000][gc,start    ] GC(32) Pause Young (Normal) (G1 Evacuation Pause)
[2025-12-25T13:33:57.905+0000][gc,task     ] GC(32) Using 8 workers of 8 for evacuation
[2025-12-25T13:33:57.920+0000][gc,phases   ] GC(32)   Pre Evacuate Collection Set: 1.7ms
[2025-12-25T13:33:57.920+0000][gc,phases   ] GC(32)   Merge Heap Roots: 0.3ms
[2025-12-25T13:33:57.920+0000][gc,phases   ] GC(32)   Evacuate Collection Set: 10.6ms
[2025-12-25T13:33:57.920+0000][gc,phases   ] GC(32)   Post Evacuate Collection Set: 2.0ms
[2025-12-25T13:33:57.920+0000][gc,phases   ] GC(32)   Other: 0.3ms
[2025-12-25T13:33:57.920+0000][gc,heap     ] GC(32) Eden regions: 606->0(607)
[2025-12-25T13:33:57.920+0000][gc,heap     ] GC(32) Survivor regions: 8->7(77)
[2025-12-25T13:33:57.920+0000][gc,heap     ] GC(32) Old regions: 23->23
[2025-12-25T13:33:57.920+0000][gc,heap     ] GC(32) Humongous regions: 133->133
[2025-12-25T13:33:57.920+0000][gc,metaspace] GC(32) Metaspace: 13648K(14016K)->13648K(14016K) NonClass: 12143K(12288K)->12143K(12288K) Class: 1504K(1728K)->1504K(1728K)
[2025-12-25T13:33:57.921+0000][gc          ] GC(32) Pause Young (Normal) (G1 Evacuation Pause) 768M->162M(1024M) 16.300ms
[2025-12-25T13:33:57.921+0000][gc,cpu      ] GC(32) User=0.07s Sys=0.00s Real=0.02s
[2025-12-25T13:34:28.338+0000][gc,start    ] GC(33) Pause Young (Normal) (G1 Evacuation Pause)
[2025-12-25T13:34:28.339+0000][gc,task     ] GC(33) Using 8 workers of 8 for evacuation
[2025-12-25T13:34:28.362+0000][gc,phases   ] GC(33)   Pre Evacuate Collection Set: 3.2ms
[2025-12-25T13:34:28.362+0000][gc,phases   ] GC(33)   Merge Heap Roots: 0.7ms
[2025-12-25T13:34:28.362+0000][gc,phases   ] GC(33)   Evacuate Collection Set: 11.5ms
[2025-12-25T13:34:28.362+0000][gc,phases   ] GC(33)   Post Evacuate Collection Set: 7.0ms
[2025-12-25T13:34:28.362+0000][gc,phases   ] GC(33)   Other: 0.3ms
[2025-12-25T13:34:28.362+0000][gc,heap     ] GC(33) Eden regions: 607->0(609)
[2025-12-25T13:34:28.362+0000][gc,heap     ] GC(33) Survivor regions: 7->5(77)
[2025-12-25T13:34:28.362+0000][gc,heap     ] GC(33) Old regions: 23->23
[2025-12-25T13:34:28.363+0000][gc,heap     ] GC(33) Humongous regions: 133->133
[2025-12-25T13:34:28.363+0000][gc,metaspace] GC(33) Metaspace: 13665K(14080K)->13665K(14080K) NonClass: 12160K(12352K)->12160K(12352K) Class: 1505K(1728K)->1505K(1728K)
[2025-12-25T13:34:28.363+0000][gc          ] GC(33) Pause Young (Normal) (G1 Evacuation Pause) 769M->160M(1024M) 24.817ms
[2025-12-25T13:34:28.363+0000][gc,cpu      ] GC(33) User=0.11s Sys=0.00s Real=0.02s
[2025-12-25T13:35:07.994+0000][gc,start    ] GC(34) Pause Young (Normal) (G1 Evacuation Pause)
[2025-12-25T13:35:07.996+0000][gc,task     ] GC(34) Using 8 workers of 8 for evacuation
[2025-12-25T13:35:08.017+0000][gc,phases   ] GC(34)   Pre Evacuate Collection Set: 5.1ms
[2025-12-25T13:35:08.017+0000][gc,phases   ] GC(34)   Merge Heap Roots: 0.3ms
[2025-12-25T13:35:08.017+0000][gc,phases   ] GC(34)   Evacuate Collection Set: 14.4ms
[2025-12-25T13:35:08.017+0000][gc,phases   ] GC(34)   Post Evacuate Collection Set: 1.3ms
[2025-12-25T13:35:08.018+0000][gc,phases   ] GC(34)   Other: 1.1ms
[2025-12-25T13:35:08.018+0000][gc,heap     ] GC(34) Eden regions: 609->0(609)
[2025-12-25T13:35:08.018+0000][gc,heap     ] GC(34) Survivor regions: 5->5(77)
[2025-12-25T13:35:08.018+0000][gc,heap     ] GC(34) Old regions: 23->23
[2025-12-25T13:35:08.018+0000][gc,heap     ] GC(34) Humongous regions: 133->133
[2025-12-25T13:35:08.018+0000][gc,metaspace] GC(34) Metaspace: 13669K(14080K)->13669K(14080K) NonClass: 12164K(12352K)->12164K(12352K) Class: 1505K(1728K)->1505K(1728K)
[2025-12-25T13:35:08.018+0000][gc          ] GC(34) Pause Young (Normal) (G1 Evacuation Pause) 769M->160M(1024M) 23.536ms
[2025-12-25T13:35:08.018+0000][gc,cpu      ] GC(34) User=0.12s Sys=0.01s Real=0.02s
[2025-12-25T13:35:39.256+0000][gc,start    ] GC(35) Pause Young (Normal) (G1 Evacuation Pause)
[2025-12-25T13:35:39.257+0000][gc,task     ] GC(35) Using 8 workers of 8 for evacuation
[2025-12-25T13:35:39.290+0000][gc,phases   ] GC(35)   Pre Evacuate Collection Set: 4.5ms
[2025-12-25T13:35:39.290+0000][gc,phases   ] GC(35)   Merge Heap Roots: 0.2ms
[2025-12-25T13:35:39.290+0000][gc,phases   ] GC(35)   Evacuate Collection Set: 22.6ms
[2025-12-25T13:35:39.290+0000][gc,phases   ] GC(35)   Post Evacuate Collection Set: 4.4ms
[2025-12-25T13:35:39.291+0000][gc,phases   ] GC(35)   Other: 0.8ms
[2025-12-25T13:35:39.291+0000][gc,heap     ] GC(35) Eden regions: 609->0(607)
[2025-12-25T13:35:39.291+0000][gc,heap     ] GC(35) Survivor regions: 5->7(77)
[2025-12-25T13:35:39.291+0000][gc,heap     ] GC(35) Old regions: 23->23
[2025-12-25T13:35:39.291+0000][gc,heap     ] GC(35) Humongous regions: 133->133
[2025-12-25T13:35:39.291+0000][gc,metaspace] GC(35) Metaspace: 13680K(14080K)->13680K(14080K) NonClass: 12175K(12352K)->12175K(12352K) Class: 1505K(1728K)->1505K(1728K)
[2025-12-25T13:35:39.291+0000][gc          ] GC(35) Pause Young (Normal) (G1 Evacuation Pause) 769M->162M(1024M) 34.647ms
[2025-12-25T13:35:39.291+0000][gc,cpu      ] GC(35) User=0.14s Sys=0.00s Real=0.04s
[2025-12-25T13:36:18.069+0000][gc,start    ] GC(36) Pause Young (Normal) (G1 Evacuation Pause)
[2025-12-25T13:36:18.071+0000][gc,task     ] GC(36) Using 8 workers of 8 for evacuation
[2025-12-25T13:36:18.092+0000][gc,phases   ] GC(36)   Pre Evacuate Collection Set: 3.3ms
[2025-12-25T13:36:18.092+0000][gc,phases   ] GC(36)   Merge Heap Roots: 0.4ms
[2025-12-25T13:36:18.092+0000][gc,phases   ] GC(36)   Evacuate Collection Set: 11.9ms
[2025-12-25T13:36:18.092+0000][gc,phases   ] GC(36)   Post Evacuate Collection Set: 4.6ms
[2025-12-25T13:36:18.092+0000][gc,phases   ] GC(36)   Other: 0.5ms
[2025-12-25T13:36:18.092+0000][gc,heap     ] GC(36) Eden regions: 607->0(608)
[2025-12-25T13:36:18.092+0000][gc,heap     ] GC(36) Survivor regions: 7->6(77)
[2025-12-25T13:36:18.092+0000][gc,heap     ] GC(36) Old regions: 23->23
[2025-12-25T13:36:18.092+0000][gc,heap     ] GC(36) Humongous regions: 133->133
[2025-12-25T13:36:18.092+0000][gc,metaspace] GC(36) Metaspace: 13689K(14080K)->13689K(14080K) NonClass: 12184K(12352K)->12184K(12352K) Class: 1505K(1728K)->1505K(1728K)
[2025-12-25T13:36:18.092+0000][gc          ] GC(36) Pause Young (Normal) (G1 Evacuation Pause) 769M->161M(1024M) 23.688ms
[2025-12-25T13:36:18.093+0000][gc,cpu      ] GC(36) User=0.10s Sys=0.00s Real=0.03s
[2025-12-25T13:36:48.985+0000][gc,start    ] GC(37) Pause Young (Normal) (G1 Evacuation Pause)
[2025-12-25T13:36:48.988+0000][gc,task     ] GC(37) Using 8 workers of 8 for evacuation
[2025-12-25T13:36:49.047+0000][gc,phases   ] GC(37)   Pre Evacuate Collection Set: 7.3ms
[2025-12-25T13:36:49.047+0000][gc,phases   ] GC(37)   Merge Heap Roots: 3.8ms
[2025-12-25T13:36:49.047+0000][gc,phases   ] GC(37)   Evacuate Collection Set: 40.6ms
[2025-12-25T13:36:49.047+0000][gc,phases   ] GC(37)   Post Evacuate Collection Set: 6.5ms
[2025-12-25T13:36:49.047+0000][gc,phases   ] GC(37)   Other: 0.7ms
[2025-12-25T13:36:49.047+0000][gc,heap     ] GC(37) Eden regions: 608->0(606)
[2025-12-25T13:36:49.047+0000][gc,heap     ] GC(37) Survivor regions: 6->8(77)
[2025-12-25T13:36:49.047+0000][gc,heap     ] GC(37) Old regions: 23->24
[2025-12-25T13:36:49.048+0000][gc,heap     ] GC(37) Humongous regions: 133->133
[2025-12-25T13:36:49.048+0000][gc,metaspace] GC(37) Metaspace: 13689K(14080K)->13689K(14080K) NonClass: 12184K(12352K)->12184K(12352K) Class: 1505K(1728K)->1505K(1728K)
[2025-12-25T13:36:49.048+0000][gc          ] GC(37) Pause Young (Normal) (G1 Evacuation Pause) 769M->163M(1024M) 62.486ms
[2025-12-25T13:36:49.048+0000][gc,cpu      ] GC(37) User=0.12s Sys=0.01s Real=0.06s
[2025-12-25T13:37:28.124+0000][gc,start    ] GC(38) Pause Young (Normal) (G1 Evacuation Pause)
[2025-12-25T13:37:28.127+0000][gc,task     ] GC(38) Using 8 workers of 8 for evacuation
[2025-12-25T13:37:28.148+0000][gc,phases   ] GC(38)   Pre Evacuate Collection Set: 6.1ms
[2025-12-25T13:37:28.148+0000][gc,phases   ] GC(38)   Merge Heap Roots: 0.7ms
[2025-12-25T13:37:28.148+0000][gc,phases   ] GC(38)   Evacuate Collection Set: 11.0ms
[2025-12-25T13:37:28.148+0000][gc,phases   ] GC(38)   Post Evacuate Collection Set: 2.1ms
[2025-12-25T13:37:28.148+0000][gc,phases   ] GC(38)   Other: 0.9ms
[2025-12-25T13:37:28.148+0000][gc,heap     ] GC(38) Eden regions: 606->0(607)
[2025-12-25T13:37:28.148+0000][gc,heap     ] GC(38) Survivor regions: 8->7(77)
[2025-12-25T13:37:28.148+0000][gc,heap     ] GC(38) Old regions: 24->24
[2025-12-25T13:37:28.148+0000][gc,heap     ] GC(38) Humongous regions: 133->133
[2025-12-25T13:37:28.148+0000][gc,metaspace] GC(38) Metaspace: 13693K(14080K)->13693K(14080K) NonClass: 12188K(12352K)->12188K(12352K) Class: 1505K(1728K)->1505K(1728K)
[2025-12-25T13:37:28.148+0000][gc          ] GC(38) Pause Young (Normal) (G1 Evacuation Pause) 769M->163M(1024M) 24.731ms
[2025-12-25T13:37:28.149+0000][gc,cpu      ] GC(38) User=0.12s Sys=0.00s Real=0.02s
[2025-12-25T13:38:07.798+0000][gc,start    ] GC(39) Pause Young (Normal) (G1 Evacuation Pause)
[2025-12-25T13:38:07.801+0000][gc,task     ] GC(39) Using 8 workers of 8 for evacuation
[2025-12-25T13:38:07.825+0000][gc,phases   ] GC(39)   Pre Evacuate Collection Set: 3.9ms
[2025-12-25T13:38:07.826+0000][gc,phases   ] GC(39)   Merge Heap Roots: 0.2ms
[2025-12-25T13:38:07.826+0000][gc,phases   ] GC(39)   Evacuate Collection Set: 15.7ms
[2025-12-25T13:38:07.826+0000][gc,phases   ] GC(39)   Post Evacuate Collection Set: 3.7ms
[2025-12-25T13:38:07.826+0000][gc,phases   ] GC(39)   Other: 0.4ms
[2025-12-25T13:38:07.826+0000][gc,heap     ] GC(39) Eden regions: 607->0(606)
[2025-12-25T13:38:07.827+0000][gc,heap     ] GC(39) Survivor regions: 7->8(77)
[2025-12-25T13:38:07.827+0000][gc,heap     ] GC(39) Old regions: 24->24
[2025-12-25T13:38:07.827+0000][gc,heap     ] GC(39) Humongous regions: 133->133
[2025-12-25T13:38:07.827+0000][gc,metaspace] GC(39) Metaspace: 13761K(14144K)->13761K(14144K) NonClass: 12256K(12416K)->12256K(12416K) Class: 1505K(1728K)->1505K(1728K)
[2025-12-25T13:38:07.827+0000][gc          ] GC(39) Pause Young (Normal) (G1 Evacuation Pause) 770M->163M(1024M) 29.106ms
[2025-12-25T13:38:07.827+0000][gc,cpu      ] GC(39) User=0.13s Sys=0.01s Real=0.03s
[2025-12-25T13:38:38.435+0000][gc,start    ] GC(40) Pause Young (Normal) (G1 Evacuation Pause)
[2025-12-25T13:38:38.436+0000][gc,task     ] GC(40) Using 8 workers of 8 for evacuation
[2025-12-25T13:38:38.460+0000][gc,phases   ] GC(40)   Pre Evacuate Collection Set: 2.5ms
[2025-12-25T13:38:38.460+0000][gc,phases   ] GC(40)   Merge Heap Roots: 1.0ms
[2025-12-25T13:38:38.460+0000][gc,phases   ] GC(40)   Evacuate Collection Set: 18.7ms
[2025-12-25T13:38:38.460+0000][gc,phases   ] GC(40)   Post Evacuate Collection Set: 1.7ms
[2025-12-25T13:38:38.460+0000][gc,phases   ] GC(40)   Other: 0.8ms
[2025-12-25T13:38:38.461+0000][gc,heap     ] GC(40) Eden regions: 606->0(608)
[2025-12-25T13:38:38.461+0000][gc,heap     ] GC(40) Survivor regions: 8->6(77)
[2025-12-25T13:38:38.461+0000][gc,heap     ] GC(40) Old regions: 24->24
[2025-12-25T13:38:38.461+0000][gc,heap     ] GC(40) Humongous regions: 133->133
[2025-12-25T13:38:38.461+0000][gc,metaspace] GC(40) Metaspace: 13988K(14400K)->13988K(14400K) NonClass: 12448K(12608K)->12448K(12608K) Class: 1540K(1792K)->1540K(1792K)
[2025-12-25T13:38:38.461+0000][gc          ] GC(40) Pause Young (Normal) (G1 Evacuation Pause) 769M->161M(1024M) 25.941ms
[2025-12-25T13:38:38.461+0000][gc,cpu      ] GC(40) User=0.17s Sys=0.00s Real=0.03s
[2025-12-25T13:39:18.024+0000][gc,start    ] GC(41) Pause Young (Normal) (G1 Evacuation Pause)
[2025-12-25T13:39:18.025+0000][gc,task     ] GC(41) Using 8 workers of 8 for evacuation
[2025-12-25T13:39:18.050+0000][gc,phases   ] GC(41)   Pre Evacuate Collection Set: 5.4ms
[2025-12-25T13:39:18.050+0000][gc,phases   ] GC(41)   Merge Heap Roots: 0.8ms
[2025-12-25T13:39:18.050+0000][gc,phases   ] GC(41)   Evacuate Collection Set: 16.1ms
[2025-12-25T13:39:18.050+0000][gc,phases   ] GC(41)   Post Evacuate Collection Set: 1.8ms
[2025-12-25T13:39:18.050+0000][gc,phases   ] GC(41)   Other: 0.6ms
[2025-12-25T13:39:18.050+0000][gc,heap     ] GC(41) Eden regions: 608->0(609)
[2025-12-25T13:39:18.050+0000][gc,heap     ] GC(41) Survivor regions: 6->5(77)
[2025-12-25T13:39:18.050+0000][gc,heap     ] GC(41) Old regions: 24->24
[2025-12-25T13:39:18.050+0000][gc,heap     ] GC(41) Humongous regions: 133->133
[2025-12-25T13:39:18.050+0000][gc,metaspace] GC(41) Metaspace: 13989K(14400K)->13989K(14400K) NonClass: 12448K(12608K)->12448K(12608K) Class: 1540K(1792K)->1540K(1792K)
[2025-12-25T13:39:18.050+0000][gc          ] GC(41) Pause Young (Normal) (G1 Evacuation Pause) 769M->160M(1024M) 26.557ms
[2025-12-25T13:39:18.051+0000][gc,cpu      ] GC(41) User=0.11s Sys=0.00s Real=0.03s
[2025-12-25T13:39:48.364+0000][gc,start    ] GC(42) Pause Young (Normal) (G1 Evacuation Pause)
[2025-12-25T13:39:48.364+0000][gc,task     ] GC(42) Using 8 workers of 8 for evacuation
[2025-12-25T13:39:48.378+0000][gc,phases   ] GC(42)   Pre Evacuate Collection Set: 1.5ms
[2025-12-25T13:39:48.378+0000][gc,phases   ] GC(42)   Merge Heap Roots: 0.2ms
[2025-12-25T13:39:48.378+0000][gc,phases   ] GC(42)   Evacuate Collection Set: 7.0ms
[2025-12-25T13:39:48.378+0000][gc,phases   ] GC(42)   Post Evacuate Collection Set: 4.5ms
[2025-12-25T13:39:48.378+0000][gc,phases   ] GC(42)   Other: 0.2ms
[2025-12-25T13:39:48.378+0000][gc,heap     ] GC(42) Eden regions: 609->0(607)
[2025-12-25T13:39:48.378+0000][gc,heap     ] GC(42) Survivor regions: 5->7(77)
[2025-12-25T13:39:48.378+0000][gc,heap     ] GC(42) Old regions: 24->24
[2025-12-25T13:39:48.378+0000][gc,heap     ] GC(42) Humongous regions: 133->133
[2025-12-25T13:39:48.378+0000][gc,metaspace] GC(42) Metaspace: 13991K(14400K)->13991K(14400K) NonClass: 12450K(12608K)->12450K(12608K) Class: 1540K(1792K)->1540K(1792K)
[2025-12-25T13:39:48.378+0000][gc          ] GC(42) Pause Young (Normal) (G1 Evacuation Pause) 769M->162M(1024M) 14.366ms
[2025-12-25T13:39:48.378+0000][gc,cpu      ] GC(42) User=0.07s Sys=0.00s Real=0.02s
[2025-12-25T13:40:27.935+0000][gc,start    ] GC(43) Pause Young (Normal) (G1 Evacuation Pause)
[2025-12-25T13:40:27.936+0000][gc,task     ] GC(43) Using 8 workers of 8 for evacuation
[2025-12-25T13:40:27.960+0000][gc,phases   ] GC(43)   Pre Evacuate Collection Set: 6.6ms
[2025-12-25T13:40:27.961+0000][gc,phases   ] GC(43)   Merge Heap Roots: 1.1ms
[2025-12-25T13:40:27.961+0000][gc,phases   ] GC(43)   Evacuate Collection Set: 14.6ms
[2025-12-25T13:40:27.961+0000][gc,phases   ] GC(43)   Post Evacuate Collection Set: 1.8ms
[2025-12-25T13:40:27.961+0000][gc,phases   ] GC(43)   Other: 0.4ms
[2025-12-25T13:40:27.961+0000][gc,heap     ] GC(43) Eden regions: 607->0(608)
[2025-12-25T13:40:27.961+0000][gc,heap     ] GC(43) Survivor regions: 7->6(77)
[2025-12-25T13:40:27.961+0000][gc,heap     ] GC(43) Old regions: 24->24
[2025-12-25T13:40:27.961+0000][gc,heap     ] GC(43) Humongous regions: 133->133
[2025-12-25T13:40:27.962+0000][gc,metaspace] GC(43) Metaspace: 13997K(14400K)->13997K(14400K) NonClass: 12456K(12608K)->12456K(12608K) Class: 1541K(1792K)->1541K(1792K)
[2025-12-25T13:40:27.962+0000][gc          ] GC(43) Pause Young (Normal) (G1 Evacuation Pause) 769M->162M(1024M) 26.822ms
[2025-12-25T13:40:27.962+0000][gc,cpu      ] GC(43) User=0.10s Sys=0.00s Real=0.02s
[2025-12-25T13:40:58.364+0000][gc,start    ] GC(44) Pause Young (Normal) (G1 Evacuation Pause)
[2025-12-25T13:40:58.365+0000][gc,task     ] GC(44) Using 8 workers of 8 for evacuation
[2025-12-25T13:40:58.390+0000][gc,phases   ] GC(44)   Pre Evacuate Collection Set: 2.5ms
[2025-12-25T13:40:58.391+0000][gc,phases   ] GC(44)   Merge Heap Roots: 3.9ms
[2025-12-25T13:40:58.391+0000][gc,phases   ] GC(44)   Evacuate Collection Set: 17.1ms
[2025-12-25T13:40:58.391+0000][gc,phases   ] GC(44)   Post Evacuate Collection Set: 1.7ms
[2025-12-25T13:40:58.391+0000][gc,phases   ] GC(44)   Other: 0.5ms
[2025-12-25T13:40:58.391+0000][gc,heap     ] GC(44) Eden regions: 608->0(606)
[2025-12-25T13:40:58.391+0000][gc,heap     ] GC(44) Survivor regions: 6->8(77)
[2025-12-25T13:40:58.391+0000][gc,heap     ] GC(44) Old regions: 24->24
[2025-12-25T13:40:58.391+0000][gc,heap     ] GC(44) Humongous regions: 133->133
[2025-12-25T13:40:58.391+0000][gc,metaspace] GC(44) Metaspace: 13998K(14400K)->13998K(14400K) NonClass: 12456K(12608K)->12456K(12608K) Class: 1541K(1792K)->1541K(1792K)
[2025-12-25T13:40:58.391+0000][gc          ] GC(44) Pause Young (Normal) (G1 Evacuation Pause) 770M->164M(1024M) 27.228ms
[2025-12-25T13:40:58.391+0000][gc,cpu      ] GC(44) User=0.16s Sys=0.00s Real=0.02s
[2025-12-25T13:41:37.991+0000][gc,start    ] GC(45) Pause Young (Normal) (G1 Evacuation Pause)
[2025-12-25T13:41:37.991+0000][gc,task     ] GC(45) Using 8 workers of 8 for evacuation
[2025-12-25T13:41:38.014+0000][gc,phases   ] GC(45)   Pre Evacuate Collection Set: 3.8ms
[2025-12-25T13:41:38.014+0000][gc,phases   ] GC(45)   Merge Heap Roots: 1.4ms
[2025-12-25T13:41:38.014+0000][gc,phases   ] GC(45)   Evacuate Collection Set: 15.3ms
[2025-12-25T13:41:38.014+0000][gc,phases   ] GC(45)   Post Evacuate Collection Set: 1.6ms
[2025-12-25T13:41:38.015+0000][gc,phases   ] GC(45)   Other: 0.4ms
[2025-12-25T13:41:38.015+0000][gc,heap     ] GC(45) Eden regions: 606->0(606)
[2025-12-25T13:41:38.015+0000][gc,heap     ] GC(45) Survivor regions: 8->8(77)
[2025-12-25T13:41:38.015+0000][gc,heap     ] GC(45) Old regions: 24->25
[2025-12-25T13:41:38.015+0000][gc,heap     ] GC(45) Humongous regions: 133->133
[2025-12-25T13:41:38.015+0000][gc,metaspace] GC(45) Metaspace: 14003K(14400K)->14003K(14400K) NonClass: 12462K(12608K)->12462K(12608K) Class: 1541K(1792K)->1541K(1792K)
[2025-12-25T13:41:38.015+0000][gc          ] GC(45) Pause Young (Normal) (G1 Evacuation Pause) 770M->164M(1024M) 24.164ms
[2025-12-25T13:41:38.015+0000][gc,cpu      ] GC(45) User=0.12s Sys=0.02s Real=0.03s
[2025-12-25T13:42:08.332+0000][gc,start    ] GC(46) Pause Young (Normal) (G1 Evacuation Pause)
[2025-12-25T13:42:08.334+0000][gc,task     ] GC(46) Using 8 workers of 8 for evacuation
[2025-12-25T13:42:08.350+0000][gc,phases   ] GC(46)   Pre Evacuate Collection Set: 1.6ms
[2025-12-25T13:42:08.350+0000][gc,phases   ] GC(46)   Merge Heap Roots: 0.2ms
[2025-12-25T13:42:08.350+0000][gc,phases   ] GC(46)   Evacuate Collection Set: 11.5ms
[2025-12-25T13:42:08.350+0000][gc,phases   ] GC(46)   Post Evacuate Collection Set: 1.8ms
[2025-12-25T13:42:08.350+0000][gc,phases   ] GC(46)   Other: 0.3ms
[2025-12-25T13:42:08.350+0000][gc,heap     ] GC(46) Eden regions: 606->0(604)
[2025-12-25T13:42:08.350+0000][gc,heap     ] GC(46) Survivor regions: 8->10(77)
[2025-12-25T13:42:08.350+0000][gc,heap     ] GC(46) Old regions: 25->25
[2025-12-25T13:42:08.350+0000][gc,heap     ] GC(46) Humongous regions: 133->133
[2025-12-25T13:42:08.350+0000][gc,metaspace] GC(46) Metaspace: 14005K(14400K)->14005K(14400K) NonClass: 12464K(12608K)->12464K(12608K) Class: 1541K(1792K)->1541K(1792K)
[2025-12-25T13:42:08.350+0000][gc          ] GC(46) Pause Young (Normal) (G1 Evacuation Pause) 770M->166M(1024M) 18.623ms
[2025-12-25T13:42:08.350+0000][gc,cpu      ] GC(46) User=0.09s Sys=0.00s Real=0.02s
[2025-12-25T13:42:48.023+0000][gc,start    ] GC(47) Pause Young (Normal) (G1 Evacuation Pause)
[2025-12-25T13:42:48.023+0000][gc,task     ] GC(47) Using 8 workers of 8 for evacuation
[2025-12-25T13:42:48.045+0000][gc,phases   ] GC(47)   Pre Evacuate Collection Set: 1.5ms
[2025-12-25T13:42:48.045+0000][gc,phases   ] GC(47)   Merge Heap Roots: 0.3ms
[2025-12-25T13:42:48.045+0000][gc,phases   ] GC(47)   Evacuate Collection Set: 17.0ms
[2025-12-25T13:42:48.045+0000][gc,phases   ] GC(47)   Post Evacuate Collection Set: 2.6ms
[2025-12-25T13:42:48.045+0000][gc,phases   ] GC(47)   Other: 0.2ms
[2025-12-25T13:42:48.045+0000][gc,heap     ] GC(47) Eden regions: 604->0(608)
[2025-12-25T13:42:48.045+0000][gc,heap     ] GC(47) Survivor regions: 10->6(77)
[2025-12-25T13:42:48.045+0000][gc,heap     ] GC(47) Old regions: 25->25
[2025-12-25T13:42:48.045+0000][gc,heap     ] GC(47) Humongous regions: 133->133
[2025-12-25T13:42:48.046+0000][gc,metaspace] GC(47) Metaspace: 14009K(14400K)->14009K(14400K) NonClass: 12468K(12608K)->12468K(12608K) Class: 1541K(1792K)->1541K(1792K)
[2025-12-25T13:42:48.046+0000][gc          ] GC(47) Pause Young (Normal) (G1 Evacuation Pause) 770M->162M(1024M) 22.797ms
[2025-12-25T13:42:48.046+0000][gc,cpu      ] GC(47) User=0.12s Sys=0.01s Real=0.02s
[2025-12-25T13:43:18.839+0000][gc,start    ] GC(48) Pause Young (Normal) (G1 Evacuation Pause)
[2025-12-25T13:43:18.842+0000][gc,task     ] GC(48) Using 8 workers of 8 for evacuation
[2025-12-25T13:43:18.876+0000][gc,phases   ] GC(48)   Pre Evacuate Collection Set: 4.3ms
[2025-12-25T13:43:18.876+0000][gc,phases   ] GC(48)   Merge Heap Roots: 0.7ms
[2025-12-25T13:43:18.876+0000][gc,phases   ] GC(48)   Evacuate Collection Set: 25.5ms
[2025-12-25T13:43:18.876+0000][gc,phases   ] GC(48)   Post Evacuate Collection Set: 2.5ms
[2025-12-25T13:43:18.876+0000][gc,phases   ] GC(48)   Other: 1.0ms
[2025-12-25T13:43:18.876+0000][gc,heap     ] GC(48) Eden regions: 608->0(607)
[2025-12-25T13:43:18.876+0000][gc,heap     ] GC(48) Survivor regions: 6->7(77)
[2025-12-25T13:43:18.876+0000][gc,heap     ] GC(48) Old regions: 25->25
[2025-12-25T13:43:18.876+0000][gc,heap     ] GC(48) Humongous regions: 133->133
[2025-12-25T13:43:18.876+0000][gc,metaspace] GC(48) Metaspace: 14016K(14464K)->14016K(14464K) NonClass: 12475K(12672K)->12475K(12672K) Class: 1541K(1792K)->1541K(1792K)
[2025-12-25T13:43:18.876+0000][gc          ] GC(48) Pause Young (Normal) (G1 Evacuation Pause) 770M->164M(1024M) 36.775ms
[2025-12-25T13:43:18.876+0000][gc,cpu      ] GC(48) User=0.18s Sys=0.00s Real=0.03s
[2025-12-25T13:43:58.170+0000][gc,start    ] GC(49) Pause Young (Normal) (G1 Evacuation Pause)
[2025-12-25T13:43:58.171+0000][gc,task     ] GC(49) Using 8 workers of 8 for evacuation
[2025-12-25T13:43:58.192+0000][gc,phases   ] GC(49)   Pre Evacuate Collection Set: 4.0ms
[2025-12-25T13:43:58.192+0000][gc,phases   ] GC(49)   Merge Heap Roots: 0.3ms
[2025-12-25T13:43:58.192+0000][gc,phases   ] GC(49)   Evacuate Collection Set: 13.8ms
[2025-12-25T13:43:58.192+0000][gc,phases   ] GC(49)   Post Evacuate Collection Set: 1.5ms
[2025-12-25T13:43:58.192+0000][gc,phases   ] GC(49)   Other: 1.0ms
[2025-12-25T13:43:58.192+0000][gc,heap     ] GC(49) Eden regions: 607->0(607)
[2025-12-25T13:43:58.192+0000][gc,heap     ] GC(49) Survivor regions: 7->7(77)
[2025-12-25T13:43:58.192+0000][gc,heap     ] GC(49) Old regions: 25->25
[2025-12-25T13:43:58.192+0000][gc,heap     ] GC(49) Humongous regions: 133->133
[2025-12-25T13:43:58.192+0000][gc,metaspace] GC(49) Metaspace: 14017K(14464K)->14017K(14464K) NonClass: 12476K(12672K)->12476K(12672K) Class: 1541K(1792K)->1541K(1792K)
[2025-12-25T13:43:58.192+0000][gc          ] GC(49) Pause Young (Normal) (G1 Evacuation Pause) 771M->163M(1024M) 22.658ms
[2025-12-25T13:43:58.193+0000][gc,cpu      ] GC(49) User=0.12s Sys=0.00s Real=0.02s
[2025-12-25T13:44:37.807+0000][gc,start    ] GC(50) Pause Young (Normal) (G1 Evacuation Pause)
[2025-12-25T13:44:37.807+0000][gc,task     ] GC(50) Using 8 workers of 8 for evacuation
[2025-12-25T13:44:37.836+0000][gc,phases   ] GC(50)   Pre Evacuate Collection Set: 6.8ms
[2025-12-25T13:44:37.836+0000][gc,phases   ] GC(50)   Merge Heap Roots: 0.5ms
[2025-12-25T13:44:37.836+0000][gc,phases   ] GC(50)   Evacuate Collection Set: 18.5ms
[2025-12-25T13:44:37.836+0000][gc,phases   ] GC(50)   Post Evacuate Collection Set: 1.9ms
[2025-12-25T13:44:37.836+0000][gc,phases   ] GC(50)   Other: 0.4ms
[2025-12-25T13:44:37.836+0000][gc,heap     ] GC(50) Eden regions: 607->0(608)
[2025-12-25T13:44:37.836+0000][gc,heap     ] GC(50) Survivor regions: 7->6(77)
[2025-12-25T13:44:37.836+0000][gc,heap     ] GC(50) Old regions: 25->25
[2025-12-25T13:44:37.836+0000][gc,heap     ] GC(50) Humongous regions: 133->133
[2025-12-25T13:44:37.836+0000][gc,metaspace] GC(50) Metaspace: 14020K(14464K)->14020K(14464K) NonClass: 12479K(12672K)->12479K(12672K) Class: 1541K(1792K)->1541K(1792K)
[2025-12-25T13:44:37.836+0000][gc          ] GC(50) Pause Young (Normal) (G1 Evacuation Pause) 770M->163M(1024M) 29.419ms
[2025-12-25T13:44:37.836+0000][gc,cpu      ] GC(50) User=0.14s Sys=0.00s Real=0.03s
[2025-12-25T13:45:08.171+0000][gc,start    ] GC(51) Pause Young (Normal) (G1 Evacuation Pause)
[2025-12-25T13:45:08.172+0000][gc,task     ] GC(51) Using 8 workers of 8 for evacuation
[2025-12-25T13:45:08.204+0000][gc,phases   ] GC(51)   Pre Evacuate Collection Set: 3.8ms
[2025-12-25T13:45:08.204+0000][gc,phases   ] GC(51)   Merge Heap Roots: 1.5ms
[2025-12-25T13:45:08.204+0000][gc,phases   ] GC(51)   Evacuate Collection Set: 24.5ms
[2025-12-25T13:45:08.204+0000][gc,phases   ] GC(51)   Post Evacuate Collection Set: 1.3ms
[2025-12-25T13:45:08.204+0000][gc,phases   ] GC(51)   Other: 0.5ms
[2025-12-25T13:45:08.204+0000][gc,heap     ] GC(51) Eden regions: 608->0(606)
[2025-12-25T13:45:08.204+0000][gc,heap     ] GC(51) Survivor regions: 6->8(77)
[2025-12-25T13:45:08.204+0000][gc,heap     ] GC(51) Old regions: 25->26
[2025-12-25T13:45:08.204+0000][gc,heap     ] GC(51) Humongous regions: 133->133
[2025-12-25T13:45:08.204+0000][gc,metaspace] GC(51) Metaspace: 14025K(14464K)->14025K(14464K) NonClass: 12484K(12672K)->12484K(12672K) Class: 1541K(1792K)->1541K(1792K)
[2025-12-25T13:45:08.204+0000][gc          ] GC(51) Pause Young (Normal) (G1 Evacuation Pause) 771M->165M(1024M) 32.819ms
[2025-12-25T13:45:08.204+0000][gc,cpu      ] GC(51) User=0.18s Sys=0.00s Real=0.03s
[2025-12-25T13:45:47.856+0000][gc,start    ] GC(52) Pause Young (Normal) (G1 Evacuation Pause)
[2025-12-25T13:45:47.857+0000][gc,task     ] GC(52) Using 8 workers of 8 for evacuation
[2025-12-25T13:45:47.886+0000][gc,phases   ] GC(52)   Pre Evacuate Collection Set: 3.5ms
[2025-12-25T13:45:47.886+0000][gc,phases   ] GC(52)   Merge Heap Roots: 0.8ms
[2025-12-25T13:45:47.886+0000][gc,phases   ] GC(52)   Evacuate Collection Set: 22.1ms
[2025-12-25T13:45:47.886+0000][gc,phases   ] GC(52)   Post Evacuate Collection Set: 2.2ms
[2025-12-25T13:45:47.886+0000][gc,phases   ] GC(52)   Other: 0.3ms
[2025-12-25T13:45:47.886+0000][gc,heap     ] GC(52) Eden regions: 606->0(606)
[2025-12-25T13:45:47.886+0000][gc,heap     ] GC(52) Survivor regions: 8->8(77)
[2025-12-25T13:45:47.886+0000][gc,heap     ] GC(52) Old regions: 26->26
[2025-12-25T13:45:47.886+0000][gc,heap     ] GC(52) Humongous regions: 133->133
[2025-12-25T13:45:47.886+0000][gc,metaspace] GC(52) Metaspace: 14036K(14528K)->14036K(14528K) NonClass: 12495K(12736K)->12495K(12736K) Class: 1541K(1792K)->1541K(1792K)
[2025-12-25T13:45:47.886+0000][gc          ] GC(52) Pause Young (Normal) (G1 Evacuation Pause) 771M->165M(1024M) 30.752ms
[2025-12-25T13:45:47.886+0000][gc,cpu      ] GC(52) User=0.12s Sys=0.00s Real=0.04s
[2025-12-25T13:46:18.213+0000][gc,start    ] GC(53) Pause Young (Normal) (G1 Evacuation Pause)
[2025-12-25T13:46:18.214+0000][gc,task     ] GC(53) Using 8 workers of 8 for evacuation
[2025-12-25T13:46:18.235+0000][gc,phases   ] GC(53)   Pre Evacuate Collection Set: 1.0ms
[2025-12-25T13:46:18.235+0000][gc,phases   ] GC(53)   Merge Heap Roots: 0.2ms
[2025-12-25T13:46:18.235+0000][gc,phases   ] GC(53)   Evacuate Collection Set: 18.3ms
[2025-12-25T13:46:18.235+0000][gc,phases   ] GC(53)   Post Evacuate Collection Set: 1.1ms
[2025-12-25T13:46:18.235+0000][gc,phases   ] GC(53)   Other: 0.2ms
[2025-12-25T13:46:18.235+0000][gc,heap     ] GC(53) Eden regions: 606->0(604)
[2025-12-25T13:46:18.235+0000][gc,heap     ] GC(53) Survivor regions: 8->10(77)
[2025-12-25T13:46:18.235+0000][gc,heap     ] GC(53) Old regions: 26->26
[2025-12-25T13:46:18.235+0000][gc,heap     ] GC(53) Humongous regions: 133->133
[2025-12-25T13:46:18.235+0000][gc,metaspace] GC(53) Metaspace: 14037K(14528K)->14037K(14528K) NonClass: 12495K(12736K)->12495K(12736K) Class: 1541K(1792K)->1541K(1792K)
[2025-12-25T13:46:18.235+0000][gc          ] GC(53) Pause Young (Normal) (G1 Evacuation Pause) 771M->167M(1024M) 22.015ms
[2025-12-25T13:46:18.235+0000][gc,cpu      ] GC(53) User=0.15s Sys=0.00s Real=0.02s
[2025-12-25T13:46:58.003+0000][gc,start    ] GC(54) Pause Young (Normal) (G1 Evacuation Pause)
[2025-12-25T13:46:58.011+0000][gc,task     ] GC(54) Using 8 workers of 8 for evacuation
[2025-12-25T13:46:58.041+0000][gc,phases   ] GC(54)   Pre Evacuate Collection Set: 7.1ms
[2025-12-25T13:46:58.041+0000][gc,phases   ] GC(54)   Merge Heap Roots: 0.3ms
[2025-12-25T13:46:58.041+0000][gc,phases   ] GC(54)   Evacuate Collection Set: 20.0ms
[2025-12-25T13:46:58.041+0000][gc,phases   ] GC(54)   Post Evacuate Collection Set: 1.4ms
[2025-12-25T13:46:58.042+0000][gc,phases   ] GC(54)   Other: 2.9ms
[2025-12-25T13:46:58.044+0000][gc,heap     ] GC(54) Eden regions: 604->0(608)
[2025-12-25T13:46:58.046+0000][gc,heap     ] GC(54) Survivor regions: 10->6(77)
[2025-12-25T13:46:58.049+0000][gc,heap     ] GC(54) Old regions: 26->26
[2025-12-25T13:46:58.051+0000][gc,heap     ] GC(54) Humongous regions: 133->133
[2025-12-25T13:46:58.052+0000][gc,metaspace] GC(54) Metaspace: 14040K(14528K)->14040K(14528K) NonClass: 12498K(12736K)->12498K(12736K) Class: 1541K(1792K)->1541K(1792K)
[2025-12-25T13:46:58.052+0000][gc          ] GC(54) Pause Young (Normal) (G1 Evacuation Pause) 771M->164M(1024M) 48.737ms
[2025-12-25T13:46:58.054+0000][gc,cpu      ] GC(54) User=0.08s Sys=0.01s Real=0.05s
[2025-12-25T13:49:34.295+0000][gc,start    ] GC(55) Pause Young (Normal) (G1 Evacuation Pause)
[2025-12-25T13:49:34.297+0000][gc,task     ] GC(55) Using 8 workers of 8 for evacuation
[2025-12-25T13:49:34.319+0000][gc,phases   ] GC(55)   Pre Evacuate Collection Set: 3.3ms
[2025-12-25T13:49:34.319+0000][gc,phases   ] GC(55)   Merge Heap Roots: 1.9ms
[2025-12-25T13:49:34.319+0000][gc,phases   ] GC(55)   Evacuate Collection Set: 14.2ms
[2025-12-25T13:49:34.319+0000][gc,phases   ] GC(55)   Post Evacuate Collection Set: 2.2ms
[2025-12-25T13:49:34.319+0000][gc,phases   ] GC(55)   Other: 0.7ms
[2025-12-25T13:49:34.320+0000][gc,heap     ] GC(55) Eden regions: 608->0(607)
[2025-12-25T13:49:34.320+0000][gc,heap     ] GC(55) Survivor regions: 6->7(77)
[2025-12-25T13:49:34.320+0000][gc,heap     ] GC(55) Old regions: 26->26
[2025-12-25T13:49:34.320+0000][gc,heap     ] GC(55) Humongous regions: 133->133
[2025-12-25T13:49:34.320+0000][gc,metaspace] GC(55) Metaspace: 14053K(14528K)->14053K(14528K) NonClass: 12511K(12736K)->12511K(12736K) Class: 1541K(1792K)->1541K(1792K)
[2025-12-25T13:49:34.320+0000][gc          ] GC(55) Pause Young (Normal) (G1 Evacuation Pause) 772M->165M(1024M) 24.488ms
[2025-12-25T13:49:34.320+0000][gc,cpu      ] GC(55) User=0.13s Sys=0.00s Real=0.02s
[2025-12-25T13:50:13.905+0000][gc,start    ] GC(56) Pause Young (Normal) (G1 Evacuation Pause)
[2025-12-25T13:50:13.905+0000][gc,task     ] GC(56) Using 8 workers of 8 for evacuation
[2025-12-25T13:50:13.927+0000][gc,phases   ] GC(56)   Pre Evacuate Collection Set: 2.5ms
[2025-12-25T13:50:13.927+0000][gc,phases   ] GC(56)   Merge Heap Roots: 0.2ms
[2025-12-25T13:50:13.928+0000][gc,phases   ] GC(56)   Evacuate Collection Set: 17.7ms
[2025-12-25T13:50:13.928+0000][gc,phases   ] GC(56)   Post Evacuate Collection Set: 1.5ms
[2025-12-25T13:50:13.928+0000][gc,phases   ] GC(56)   Other: 0.2ms
[2025-12-25T13:50:13.928+0000][gc,heap     ] GC(56) Eden regions: 607->0(607)
[2025-12-25T13:50:13.928+0000][gc,heap     ] GC(56) Survivor regions: 7->7(77)
[2025-12-25T13:50:13.928+0000][gc,heap     ] GC(56) Old regions: 26->27
[2025-12-25T13:50:13.928+0000][gc,heap     ] GC(56) Humongous regions: 133->133
[2025-12-25T13:50:13.928+0000][gc,metaspace] GC(56) Metaspace: 14058K(14528K)->14058K(14528K) NonClass: 12517K(12736K)->12517K(12736K) Class: 1541K(1792K)->1541K(1792K)
[2025-12-25T13:50:13.928+0000][gc          ] GC(56) Pause Young (Normal) (G1 Evacuation Pause) 772M->165M(1024M) 23.256ms
[2025-12-25T13:50:13.928+0000][gc,cpu      ] GC(56) User=0.12s Sys=0.01s Real=0.02s
[2025-12-25T13:50:44.218+0000][gc,start    ] GC(57) Pause Young (Normal) (G1 Evacuation Pause)
[2025-12-25T13:50:44.219+0000][gc,task     ] GC(57) Using 8 workers of 8 for evacuation
[2025-12-25T13:50:44.233+0000][gc,phases   ] GC(57)   Pre Evacuate Collection Set: 1.5ms
[2025-12-25T13:50:44.233+0000][gc,phases   ] GC(57)   Merge Heap Roots: 0.2ms
[2025-12-25T13:50:44.233+0000][gc,phases   ] GC(57)   Evacuate Collection Set: 11.3ms
[2025-12-25T13:50:44.233+0000][gc,phases   ] GC(57)   Post Evacuate Collection Set: 1.1ms
[2025-12-25T13:50:44.233+0000][gc,phases   ] GC(57)   Other: 0.3ms
[2025-12-25T13:50:44.233+0000][gc,heap     ] GC(57) Eden regions: 607->0(606)
[2025-12-25T13:50:44.233+0000][gc,heap     ] GC(57) Survivor regions: 7->8(77)
[2025-12-25T13:50:44.233+0000][gc,heap     ] GC(57) Old regions: 27->27
[2025-12-25T13:50:44.233+0000][gc,heap     ] GC(57) Humongous regions: 133->133
[2025-12-25T13:50:44.233+0000][gc,metaspace] GC(57) Metaspace: 14067K(14528K)->14067K(14528K) NonClass: 12525K(12736K)->12525K(12736K) Class: 1541K(1792K)->1541K(1792K)
[2025-12-25T13:50:44.233+0000][gc          ] GC(57) Pause Young (Normal) (G1 Evacuation Pause) 772M->167M(1024M) 15.460ms
[2025-12-25T13:50:44.234+0000][gc,cpu      ] GC(57) User=0.10s Sys=0.00s Real=0.01s
[2025-12-25T13:51:24.095+0000][gc,start    ] GC(58) Pause Young (Normal) (G1 Evacuation Pause)
[2025-12-25T13:51:24.097+0000][gc,task     ] GC(58) Using 8 workers of 8 for evacuation
[2025-12-25T13:51:24.125+0000][gc,phases   ] GC(58)   Pre Evacuate Collection Set: 4.6ms
[2025-12-25T13:51:24.125+0000][gc,phases   ] GC(58)   Merge Heap Roots: 0.2ms
[2025-12-25T13:51:24.125+0000][gc,phases   ] GC(58)   Evacuate Collection Set: 21.6ms
[2025-12-25T13:51:24.125+0000][gc,phases   ] GC(58)   Post Evacuate Collection Set: 1.6ms
[2025-12-25T13:51:24.125+0000][gc,phases   ] GC(58)   Other: 0.3ms
[2025-12-25T13:51:24.126+0000][gc,heap     ] GC(58) Eden regions: 606->0(606)
[2025-12-25T13:51:24.126+0000][gc,heap     ] GC(58) Survivor regions: 8->8(77)
[2025-12-25T13:51:24.126+0000][gc,heap     ] GC(58) Old regions: 27->27
[2025-12-25T13:51:24.126+0000][gc,heap     ] GC(58) Humongous regions: 133->133
[2025-12-25T13:51:24.126+0000][gc,metaspace] GC(58) Metaspace: 14103K(14528K)->14103K(14528K) NonClass: 12561K(12736K)->12561K(12736K) Class: 1541K(1792K)->1541K(1792K)
[2025-12-25T13:51:24.126+0000][gc          ] GC(58) Pause Young (Normal) (G1 Evacuation Pause) 773M->167M(1024M) 30.710ms
[2025-12-25T13:51:24.126+0000][gc,cpu      ] GC(58) User=0.15s Sys=0.01s Real=0.03s
[2025-12-25T13:51:54.627+0000][gc,start    ] GC(59) Pause Young (Normal) (G1 Evacuation Pause)
[2025-12-25T13:51:54.631+0000][gc,task     ] GC(59) Using 8 workers of 8 for evacuation
[2025-12-25T13:51:54.650+0000][gc,phases   ] GC(59)   Pre Evacuate Collection Set: 4.0ms
[2025-12-25T13:51:54.650+0000][gc,phases   ] GC(59)   Merge Heap Roots: 0.2ms
[2025-12-25T13:51:54.650+0000][gc,phases   ] GC(59)   Evacuate Collection Set: 12.6ms
[2025-12-25T13:51:54.650+0000][gc,phases   ] GC(59)   Post Evacuate Collection Set: 1.7ms
[2025-12-25T13:51:54.650+0000][gc,phases   ] GC(59)   Other: 0.2ms
[2025-12-25T13:51:54.650+0000][gc,heap     ] GC(59) Eden regions: 606->0(605)
[2025-12-25T13:51:54.650+0000][gc,heap     ] GC(59) Survivor regions: 8->9(77)
[2025-12-25T13:51:54.650+0000][gc,heap     ] GC(59) Old regions: 27->27
[2025-12-25T13:51:54.651+0000][gc,heap     ] GC(59) Humongous regions: 133->133
[2025-12-25T13:51:54.651+0000][gc,metaspace] GC(59) Metaspace: 14111K(14528K)->14111K(14528K) NonClass: 12570K(12736K)->12570K(12736K) Class: 1541K(1792K)->1541K(1792K)
[2025-12-25T13:51:54.651+0000][gc          ] GC(59) Pause Young (Normal) (G1 Evacuation Pause) 773M->168M(1024M) 23.825ms
[2025-12-25T13:51:54.651+0000][gc,cpu      ] GC(59) User=0.10s Sys=0.00s Real=0.02s
[2025-12-25T13:52:34.048+0000][gc,start    ] GC(60) Pause Young (Normal) (G1 Evacuation Pause)
[2025-12-25T13:52:34.049+0000][gc,task     ] GC(60) Using 8 workers of 8 for evacuation
[2025-12-25T13:52:34.070+0000][gc,phases   ] GC(60)   Pre Evacuate Collection Set: 1.7ms
[2025-12-25T13:52:34.070+0000][gc,phases   ] GC(60)   Merge Heap Roots: 0.9ms
[2025-12-25T13:52:34.070+0000][gc,phases   ] GC(60)   Evacuate Collection Set: 17.3ms
[2025-12-25T13:52:34.070+0000][gc,phases   ] GC(60)   Post Evacuate Collection Set: 1.4ms
[2025-12-25T13:52:34.071+0000][gc,phases   ] GC(60)   Other: 0.2ms
[2025-12-25T13:52:34.071+0000][gc,heap     ] GC(60) Eden regions: 605->0(605)
[2025-12-25T13:52:34.071+0000][gc,heap     ] GC(60) Survivor regions: 9->9(77)
[2025-12-25T13:52:34.071+0000][gc,heap     ] GC(60) Old regions: 27->28
[2025-12-25T13:52:34.071+0000][gc,heap     ] GC(60) Humongous regions: 133->133
[2025-12-25T13:52:34.071+0000][gc,metaspace] GC(60) Metaspace: 14113K(14528K)->14113K(14528K) NonClass: 12571K(12736K)->12571K(12736K) Class: 1541K(1792K)->1541K(1792K)
[2025-12-25T13:52:34.071+0000][gc          ] GC(60) Pause Young (Normal) (G1 Evacuation Pause) 773M->168M(1024M) 22.907ms
[2025-12-25T13:52:34.071+0000][gc,cpu      ] GC(60) User=0.15s Sys=0.00s Real=0.03s
[2025-12-25T13:53:13.690+0000][gc,start    ] GC(61) Pause Young (Normal) (G1 Evacuation Pause)
[2025-12-25T13:53:13.692+0000][gc,task     ] GC(61) Using 8 workers of 8 for evacuation
[2025-12-25T13:53:13.701+0000][gc,phases   ] GC(61)   Pre Evacuate Collection Set: 1.2ms
[2025-12-25T13:53:13.701+0000][gc,phases   ] GC(61)   Merge Heap Roots: 0.2ms
[2025-12-25T13:53:13.701+0000][gc,phases   ] GC(61)   Evacuate Collection Set: 6.8ms
[2025-12-25T13:53:13.701+0000][gc,phases   ] GC(61)   Post Evacuate Collection Set: 1.1ms
[2025-12-25T13:53:13.701+0000][gc,phases   ] GC(61)   Other: 0.2ms
[2025-12-25T13:53:13.702+0000][gc,heap     ] GC(61) Eden regions: 605->0(609)
[2025-12-25T13:53:13.702+0000][gc,heap     ] GC(61) Survivor regions: 9->5(77)
[2025-12-25T13:53:13.702+0000][gc,heap     ] GC(61) Old regions: 28->28
[2025-12-25T13:53:13.702+0000][gc,heap     ] GC(61) Humongous regions: 133->133
[2025-12-25T13:53:13.702+0000][gc,metaspace] GC(61) Metaspace: 14141K(14656K)->14141K(14656K) NonClass: 12599K(12864K)->12599K(12864K) Class: 1541K(1792K)->1541K(1792K)
[2025-12-25T13:53:13.702+0000][gc          ] GC(61) Pause Young (Normal) (G1 Evacuation Pause) 773M->164M(1024M) 11.889ms
[2025-12-25T13:53:13.702+0000][gc,cpu      ] GC(61) User=0.05s Sys=0.00s Real=0.02s
[2025-12-25T13:53:44.056+0000][gc,start    ] GC(62) Pause Young (Normal) (G1 Evacuation Pause)
[2025-12-25T13:53:44.057+0000][gc,task     ] GC(62) Using 8 workers of 8 for evacuation
[2025-12-25T13:53:44.074+0000][gc,phases   ] GC(62)   Pre Evacuate Collection Set: 2.1ms
[2025-12-25T13:53:44.074+0000][gc,phases   ] GC(62)   Merge Heap Roots: 0.3ms
[2025-12-25T13:53:44.074+0000][gc,phases   ] GC(62)   Evacuate Collection Set: 12.7ms
[2025-12-25T13:53:44.074+0000][gc,phases   ] GC(62)   Post Evacuate Collection Set: 1.2ms
[2025-12-25T13:53:44.074+0000][gc,phases   ] GC(62)   Other: 0.3ms
[2025-12-25T13:53:44.074+0000][gc,heap     ] GC(62) Eden regions: 609->0(607)
[2025-12-25T13:53:44.074+0000][gc,heap     ] GC(62) Survivor regions: 5->7(77)
[2025-12-25T13:53:44.074+0000][gc,heap     ] GC(62) Old regions: 28->28
[2025-12-25T13:53:44.075+0000][gc,heap     ] GC(62) Humongous regions: 133->133
[2025-12-25T13:53:44.075+0000][gc,metaspace] GC(62) Metaspace: 14141K(14656K)->14141K(14656K) NonClass: 12600K(12864K)->12600K(12864K) Class: 1541K(1792K)->1541K(1792K)
[2025-12-25T13:53:44.075+0000][gc          ] GC(62) Pause Young (Normal) (G1 Evacuation Pause) 773M->166M(1024M) 18.342ms
[2025-12-25T13:53:44.075+0000][gc,cpu      ] GC(62) User=0.07s Sys=0.00s Real=0.02s
[2025-12-25T13:54:23.759+0000][gc,start    ] GC(63) Pause Young (Normal) (G1 Evacuation Pause)
[2025-12-25T13:54:23.759+0000][gc,task     ] GC(63) Using 8 workers of 8 for evacuation
[2025-12-25T13:54:23.783+0000][gc,phases   ] GC(63)   Pre Evacuate Collection Set: 1.2ms
[2025-12-25T13:54:23.784+0000][gc,phases   ] GC(63)   Merge Heap Roots: 0.2ms
[2025-12-25T13:54:23.784+0000][gc,phases   ] GC(63)   Evacuate Collection Set: 20.6ms
[2025-12-25T13:54:23.784+0000][gc,phases   ] GC(63)   Post Evacuate Collection Set: 1.8ms
[2025-12-25T13:54:23.784+0000][gc,phases   ] GC(63)   Other: 0.2ms
[2025-12-25T13:54:23.784+0000][gc,heap     ] GC(63) Eden regions: 607->0(608)
[2025-12-25T13:54:23.784+0000][gc,heap     ] GC(63) Survivor regions: 7->6(77)
[2025-12-25T13:54:23.784+0000][gc,heap     ] GC(63) Old regions: 28->28
[2025-12-25T13:54:23.784+0000][gc,heap     ] GC(63) Humongous regions: 133->133
[2025-12-25T13:54:23.784+0000][gc,metaspace] GC(63) Metaspace: 14147K(14656K)->14147K(14656K) NonClass: 12606K(12864K)->12606K(12864K) Class: 1541K(1792K)->1541K(1792K)
[2025-12-25T13:54:23.784+0000][gc          ] GC(63) Pause Young (Normal) (G1 Evacuation Pause) 773M->166M(1024M) 25.879ms
[2025-12-25T13:54:23.785+0000][gc,cpu      ] GC(63) User=0.13s Sys=0.00s Real=0.02s
[2025-12-25T13:54:54.236+0000][gc,start    ] GC(64) Pause Young (Normal) (G1 Evacuation Pause)
[2025-12-25T13:54:54.237+0000][gc,task     ] GC(64) Using 8 workers of 8 for evacuation
[2025-12-25T13:54:54.267+0000][gc,phases   ] GC(64)   Pre Evacuate Collection Set: 10.2ms
[2025-12-25T13:54:54.267+0000][gc,phases   ] GC(64)   Merge Heap Roots: 0.5ms
[2025-12-25T13:54:54.267+0000][gc,phases   ] GC(64)   Evacuate Collection Set: 17.6ms
[2025-12-25T13:54:54.267+0000][gc,phases   ] GC(64)   Post Evacuate Collection Set: 1.4ms
[2025-12-25T13:54:54.268+0000][gc,phases   ] GC(64)   Other: 0.7ms
[2025-12-25T13:54:54.268+0000][gc,heap     ] GC(64) Eden regions: 608->0(606)
[2025-12-25T13:54:54.268+0000][gc,heap     ] GC(64) Survivor regions: 6->8(77)
[2025-12-25T13:54:54.268+0000][gc,heap     ] GC(64) Old regions: 28->28
[2025-12-25T13:54:54.268+0000][gc,heap     ] GC(64) Humongous regions: 133->133
[2025-12-25T13:54:54.268+0000][gc,metaspace] GC(64) Metaspace: 14149K(14656K)->14149K(14656K) NonClass: 12607K(12864K)->12607K(12864K) Class: 1542K(1792K)->1542K(1792K)
[2025-12-25T13:54:54.268+0000][gc          ] GC(64) Pause Young (Normal) (G1 Evacuation Pause) 774M->168M(1024M) 32.035ms
[2025-12-25T13:54:54.268+0000][gc,cpu      ] GC(64) User=0.17s Sys=0.01s Real=0.03s
[2025-12-25T13:55:34.046+0000][gc,start    ] GC(65) Pause Young (Normal) (G1 Evacuation Pause)
[2025-12-25T13:55:34.046+0000][gc,task     ] GC(65) Using 8 workers of 8 for evacuation
[2025-12-25T13:55:34.085+0000][gc,phases   ] GC(65)   Pre Evacuate Collection Set: 6.5ms
[2025-12-25T13:55:34.086+0000][gc,phases   ] GC(65)   Merge Heap Roots: 2.4ms
[2025-12-25T13:55:34.086+0000][gc,phases   ] GC(65)   Evacuate Collection Set: 25.2ms
[2025-12-25T13:55:34.086+0000][gc,phases   ] GC(65)   Post Evacuate Collection Set: 3.3ms
[2025-12-25T13:55:34.086+0000][gc,phases   ] GC(65)   Other: 1.0ms
[2025-12-25T13:55:34.086+0000][gc,heap     ] GC(65) Eden regions: 606->0(607)
[2025-12-25T13:55:34.086+0000][gc,heap     ] GC(65) Survivor regions: 8->7(77)
[2025-12-25T13:55:34.086+0000][gc,heap     ] GC(65) Old regions: 28->29
[2025-12-25T13:55:34.087+0000][gc,heap     ] GC(65) Humongous regions: 133->133
[2025-12-25T13:55:34.087+0000][gc,metaspace] GC(65) Metaspace: 14150K(14656K)->14150K(14656K) NonClass: 12607K(12864K)->12607K(12864K) Class: 1542K(1792K)->1542K(1792K)
[2025-12-25T13:55:34.087+0000][gc          ] GC(65) Pause Young (Normal) (G1 Evacuation Pause) 774M->167M(1024M) 41.197ms
[2025-12-25T13:55:34.087+0000][gc,cpu      ] GC(65) User=0.20s Sys=0.02s Real=0.05s
[2025-12-25T13:56:04.369+0000][gc,start    ] GC(66) Pause Young (Normal) (G1 Evacuation Pause)
[2025-12-25T13:56:04.370+0000][gc,task     ] GC(66) Using 8 workers of 8 for evacuation
[2025-12-25T13:56:04.415+0000][gc,phases   ] GC(66)   Pre Evacuate Collection Set: 1.6ms
[2025-12-25T13:56:04.415+0000][gc,phases   ] GC(66)   Merge Heap Roots: 0.4ms
[2025-12-25T13:56:04.415+0000][gc,phases   ] GC(66)   Evacuate Collection Set: 36.1ms
[2025-12-25T13:56:04.415+0000][gc,phases   ] GC(66)   Post Evacuate Collection Set: 7.0ms
[2025-12-25T13:56:04.415+0000][gc,phases   ] GC(66)   Other: 0.2ms
[2025-12-25T13:56:04.415+0000][gc,heap     ] GC(66) Eden regions: 607->0(605)
[2025-12-25T13:56:04.416+0000][gc,heap     ] GC(66) Survivor regions: 7->9(77)
[2025-12-25T13:56:04.416+0000][gc,heap     ] GC(66) Old regions: 29->29
[2025-12-25T13:56:04.416+0000][gc,heap     ] GC(66) Humongous regions: 133->133
[2025-12-25T13:56:04.416+0000][gc,metaspace] GC(66) Metaspace: 14159K(14656K)->14159K(14656K) NonClass: 12617K(12864K)->12617K(12864K) Class: 1542K(1792K)->1542K(1792K)
[2025-12-25T13:56:04.416+0000][gc          ] GC(66) Pause Young (Normal) (G1 Evacuation Pause) 774M->170M(1024M) 47.101ms
[2025-12-25T13:56:04.417+0000][gc,cpu      ] GC(66) User=0.20s Sys=0.00s Real=0.05s
[2025-12-25T13:56:43.996+0000][gc,start    ] GC(67) Pause Young (Normal) (G1 Evacuation Pause)
[2025-12-25T13:56:43.998+0000][gc,task     ] GC(67) Using 8 workers of 8 for evacuation
[2025-12-25T13:56:44.037+0000][gc,phases   ] GC(67)   Pre Evacuate Collection Set: 2.8ms
[2025-12-25T13:56:44.037+0000][gc,phases   ] GC(67)   Merge Heap Roots: 1.0ms
[2025-12-25T13:56:44.037+0000][gc,phases   ] GC(67)   Evacuate Collection Set: 26.1ms
[2025-12-25T13:56:44.037+0000][gc,phases   ] GC(67)   Post Evacuate Collection Set: 8.8ms
[2025-12-25T13:56:44.037+0000][gc,phases   ] GC(67)   Other: 0.4ms
[2025-12-25T13:56:44.037+0000][gc,heap     ] GC(67) Eden regions: 605->0(605)
[2025-12-25T13:56:44.037+0000][gc,heap     ] GC(67) Survivor regions: 9->9(77)
[2025-12-25T13:56:44.038+0000][gc,heap     ] GC(67) Old regions: 29->29
[2025-12-25T13:56:44.038+0000][gc,heap     ] GC(67) Humongous regions: 133->133
[2025-12-25T13:56:44.038+0000][gc,metaspace] GC(67) Metaspace: 14160K(14656K)->14160K(14656K) NonClass: 12618K(12864K)->12618K(12864K) Class: 1542K(1792K)->1542K(1792K)
[2025-12-25T13:56:44.038+0000][gc          ] GC(67) Pause Young (Normal) (G1 Evacuation Pause) 775M->169M(1024M) 42.348ms
[2025-12-25T13:56:44.038+0000][gc,cpu      ] GC(67) User=0.23s Sys=0.01s Real=0.04s
[2025-12-25T13:57:14.342+0000][gc,start    ] GC(68) Pause Young (Normal) (G1 Evacuation Pause)
[2025-12-25T13:57:14.343+0000][gc,task     ] GC(68) Using 8 workers of 8 for evacuation
[2025-12-25T13:57:14.362+0000][gc,phases   ] GC(68)   Pre Evacuate Collection Set: 1.5ms
[2025-12-25T13:57:14.362+0000][gc,phases   ] GC(68)   Merge Heap Roots: 0.3ms
[2025-12-25T13:57:14.362+0000][gc,phases   ] GC(68)   Evacuate Collection Set: 15.9ms
[2025-12-25T13:57:14.362+0000][gc,phases   ] GC(68)   Post Evacuate Collection Set: 1.2ms
[2025-12-25T13:57:14.362+0000][gc,phases   ] GC(68)   Other: 0.3ms
[2025-12-25T13:57:14.362+0000][gc,heap     ] GC(68) Eden regions: 605->0(603)
[2025-12-25T13:57:14.362+0000][gc,heap     ] GC(68) Survivor regions: 9->11(77)
[2025-12-25T13:57:14.362+0000][gc,heap     ] GC(68) Old regions: 29->29
[2025-12-25T13:57:14.362+0000][gc,heap     ] GC(68) Humongous regions: 133->133
[2025-12-25T13:57:14.362+0000][gc,metaspace] GC(68) Metaspace: 14165K(14656K)->14165K(14656K) NonClass: 12623K(12864K)->12623K(12864K) Class: 1542K(1792K)->1542K(1792K)
[2025-12-25T13:57:14.362+0000][gc          ] GC(68) Pause Young (Normal) (G1 Evacuation Pause) 774M->172M(1024M) 20.789ms
[2025-12-25T13:57:14.363+0000][gc,cpu      ] GC(68) User=0.13s Sys=0.00s Real=0.02s
[2025-12-25T13:57:53.959+0000][gc,start    ] GC(69) Pause Young (Normal) (G1 Evacuation Pause)
[2025-12-25T13:57:53.960+0000][gc,task     ] GC(69) Using 8 workers of 8 for evacuation
[2025-12-25T13:57:53.974+0000][gc,phases   ] GC(69)   Pre Evacuate Collection Set: 1.5ms
[2025-12-25T13:57:53.974+0000][gc,phases   ] GC(69)   Merge Heap Roots: 0.4ms
[2025-12-25T13:57:53.974+0000][gc,phases   ] GC(69)   Evacuate Collection Set: 9.8ms
[2025-12-25T13:57:53.974+0000][gc,phases   ] GC(69)   Post Evacuate Collection Set: 2.2ms
[2025-12-25T13:57:53.974+0000][gc,phases   ] GC(69)   Other: 0.2ms
[2025-12-25T13:57:53.974+0000][gc,heap     ] GC(69) Eden regions: 603->0(608)
[2025-12-25T13:57:53.974+0000][gc,heap     ] GC(69) Survivor regions: 11->6(77)
[2025-12-25T13:57:53.974+0000][gc,heap     ] GC(69) Old regions: 29->30
[2025-12-25T13:57:53.974+0000][gc,heap     ] GC(69) Humongous regions: 133->133
[2025-12-25T13:57:53.975+0000][gc,metaspace] GC(69) Metaspace: 14175K(14656K)->14175K(14656K) NonClass: 12633K(12864K)->12633K(12864K) Class: 1542K(1792K)->1542K(1792K)
[2025-12-25T13:57:53.975+0000][gc          ] GC(69) Pause Young (Normal) (G1 Evacuation Pause) 775M->167M(1024M) 15.614ms
[2025-12-25T13:57:53.975+0000][gc,cpu      ] GC(69) User=0.08s Sys=0.00s Real=0.02s
[2025-12-25T13:58:24.326+0000][gc,start    ] GC(70) Pause Young (Normal) (G1 Evacuation Pause)
[2025-12-25T13:58:24.327+0000][gc,task     ] GC(70) Using 8 workers of 8 for evacuation
[2025-12-25T13:58:24.434+0000][gc,phases   ] GC(70)   Pre Evacuate Collection Set: 1.1ms
[2025-12-25T13:58:24.436+0000][gc,phases   ] GC(70)   Merge Heap Roots: 0.3ms
[2025-12-25T13:58:24.436+0000][gc,phases   ] GC(70)   Evacuate Collection Set: 95.7ms
[2025-12-25T13:58:24.437+0000][gc,phases   ] GC(70)   Post Evacuate Collection Set: 9.8ms
[2025-12-25T13:58:24.437+0000][gc,phases   ] GC(70)   Other: 0.2ms
[2025-12-25T13:58:24.437+0000][gc,heap     ] GC(70) Eden regions: 608->0(607)
[2025-12-25T13:58:24.437+0000][gc,heap     ] GC(70) Survivor regions: 6->7(77)
[2025-12-25T13:58:24.437+0000][gc,heap     ] GC(70) Old regions: 30->30
[2025-12-25T13:58:24.438+0000][gc,heap     ] GC(70) Humongous regions: 133->133
[2025-12-25T13:58:24.438+0000][gc,metaspace] GC(70) Metaspace: 14176K(14656K)->14176K(14656K) NonClass: 12634K(12864K)->12634K(12864K) Class: 1542K(1792K)->1542K(1792K)
[2025-12-25T13:58:24.438+0000][gc          ] GC(70) Pause Young (Normal) (G1 Evacuation Pause) 775M->169M(1024M) 111.709ms
[2025-12-25T13:58:24.438+0000][gc,cpu      ] GC(70) User=0.58s Sys=0.05s Real=0.11s
[2025-12-25T13:59:04.039+0000][gc,start    ] GC(71) Pause Young (Normal) (G1 Evacuation Pause)
[2025-12-25T13:59:04.039+0000][gc,task     ] GC(71) Using 8 workers of 8 for evacuation
[2025-12-25T13:59:04.061+0000][gc,phases   ] GC(71)   Pre Evacuate Collection Set: 1.5ms
[2025-12-25T13:59:04.061+0000][gc,phases   ] GC(71)   Merge Heap Roots: 0.2ms
[2025-12-25T13:59:04.061+0000][gc,phases   ] GC(71)   Evacuate Collection Set: 17.9ms
[2025-12-25T13:59:04.061+0000][gc,phases   ] GC(71)   Post Evacuate Collection Set: 2.0ms
[2025-12-25T13:59:04.061+0000][gc,phases   ] GC(71)   Other: 0.2ms
[2025-12-25T13:59:04.061+0000][gc,heap     ] GC(71) Eden regions: 607->0(607)
[2025-12-25T13:59:04.062+0000][gc,heap     ] GC(71) Survivor regions: 7->7(77)
[2025-12-25T13:59:04.062+0000][gc,heap     ] GC(71) Old regions: 30->30
[2025-12-25T13:59:04.062+0000][gc,heap     ] GC(71) Humongous regions: 133->133
[2025-12-25T13:59:04.062+0000][gc,metaspace] GC(71) Metaspace: 14177K(14656K)->14177K(14656K) NonClass: 12635K(12864K)->12635K(12864K) Class: 1542K(1792K)->1542K(1792K)
[2025-12-25T13:59:04.062+0000][gc          ] GC(71) Pause Young (Normal) (G1 Evacuation Pause) 776M->169M(1024M) 23.067ms
[2025-12-25T13:59:04.062+0000][gc,cpu      ] GC(71) User=0.12s Sys=0.01s Real=0.03s
[2025-12-25T13:59:43.705+0000][gc,start    ] GC(72) Pause Young (Normal) (G1 Evacuation Pause)
[2025-12-25T13:59:43.706+0000][gc,task     ] GC(72) Using 8 workers of 8 for evacuation
[2025-12-25T13:59:43.727+0000][gc,phases   ] GC(72)   Pre Evacuate Collection Set: 1.5ms
[2025-12-25T13:59:43.728+0000][gc,phases   ] GC(72)   Merge Heap Roots: 0.4ms
[2025-12-25T13:59:43.728+0000][gc,phases   ] GC(72)   Evacuate Collection Set: 16.5ms
[2025-12-25T13:59:43.728+0000][gc,phases   ] GC(72)   Post Evacuate Collection Set: 3.1ms
[2025-12-25T13:59:43.728+0000][gc,phases   ] GC(72)   Other: 0.4ms
[2025-12-25T13:59:43.728+0000][gc,heap     ] GC(72) Eden regions: 607->0(607)
[2025-12-25T13:59:43.729+0000][gc,heap     ] GC(72) Survivor regions: 7->7(77)
[2025-12-25T13:59:43.729+0000][gc,heap     ] GC(72) Old regions: 30->30
[2025-12-25T13:59:43.729+0000][gc,heap     ] GC(72) Humongous regions: 133->133
[2025-12-25T13:59:43.729+0000][gc,metaspace] GC(72) Metaspace: 14192K(14656K)->14192K(14656K) NonClass: 12649K(12864K)->12649K(12864K) Class: 1542K(1792K)->1542K(1792K)
[2025-12-25T13:59:43.729+0000][gc          ] GC(72) Pause Young (Normal) (G1 Evacuation Pause) 776M->169M(1024M) 24.120ms
[2025-12-25T13:59:43.729+0000][gc,cpu      ] GC(72) User=0.11s Sys=0.00s Real=0.02s
[2025-12-25T14:00:14.157+0000][gc,start    ] GC(73) Pause Young (Normal) (G1 Evacuation Pause)
[2025-12-25T14:00:14.159+0000][gc,task     ] GC(73) Using 8 workers of 8 for evacuation
[2025-12-25T14:00:14.229+0000][gc,phases   ] GC(73)   Pre Evacuate Collection Set: 1.7ms
[2025-12-25T14:00:14.230+0000][gc,phases   ] GC(73)   Merge Heap Roots: 0.3ms
[2025-12-25T14:00:14.230+0000][gc,phases   ] GC(73)   Evacuate Collection Set: 66.7ms
[2025-12-25T14:00:14.230+0000][gc,phases   ] GC(73)   Post Evacuate Collection Set: 1.9ms
[2025-12-25T14:00:14.230+0000][gc,phases   ] GC(73)   Other: 0.2ms
[2025-12-25T14:00:14.230+0000][gc,heap     ] GC(73) Eden regions: 607->0(605)
[2025-12-25T14:00:14.230+0000][gc,heap     ] GC(73) Survivor regions: 7->9(77)
[2025-12-25T14:00:14.230+0000][gc,heap     ] GC(73) Old regions: 30->31
[2025-12-25T14:00:14.230+0000][gc,heap     ] GC(73) Humongous regions: 133->133
[2025-12-25T14:00:14.230+0000][gc,metaspace] GC(73) Metaspace: 14195K(14656K)->14195K(14656K) NonClass: 12652K(12864K)->12652K(12864K) Class: 1542K(1792K)->1542K(1792K)
[2025-12-25T14:00:14.230+0000][gc          ] GC(73) Pause Young (Normal) (G1 Evacuation Pause) 776M->171M(1024M) 73.709ms
[2025-12-25T14:00:14.230+0000][gc,cpu      ] GC(73) User=0.19s Sys=0.10s Real=0.08s
[2025-12-25T14:00:53.828+0000][gc,start    ] GC(74) Pause Young (Normal) (G1 Evacuation Pause)
[2025-12-25T14:00:53.829+0000][gc,task     ] GC(74) Using 8 workers of 8 for evacuation
[2025-12-25T14:00:53.866+0000][gc,phases   ] GC(74)   Pre Evacuate Collection Set: 2.0ms
[2025-12-25T14:00:53.867+0000][gc,phases   ] GC(74)   Merge Heap Roots: 1.1ms
[2025-12-25T14:00:53.867+0000][gc,phases   ] GC(74)   Evacuate Collection Set: 31.3ms
[2025-12-25T14:00:53.867+0000][gc,phases   ] GC(74)   Post Evacuate Collection Set: 1.8ms
[2025-12-25T14:00:53.867+0000][gc,phases   ] GC(74)   Other: 0.5ms
[2025-12-25T14:00:53.867+0000][gc,heap     ] GC(74) Eden regions: 605->0(606)
[2025-12-25T14:00:53.867+0000][gc,heap     ] GC(74) Survivor regions: 9->8(77)
[2025-12-25T14:00:53.868+0000][gc,heap     ] GC(74) Old regions: 31->31
[2025-12-25T14:00:53.868+0000][gc,heap     ] GC(74) Humongous regions: 133->133
[2025-12-25T14:00:53.868+0000][gc,metaspace] GC(74) Metaspace: 14200K(14656K)->14200K(14656K) NonClass: 12658K(12864K)->12658K(12864K) Class: 1542K(1792K)->1542K(1792K)
[2025-12-25T14:00:53.868+0000][gc          ] GC(74) Pause Young (Normal) (G1 Evacuation Pause) 776M->171M(1024M) 39.502ms
[2025-12-25T14:00:53.868+0000][gc,cpu      ] GC(74) User=0.20s Sys=0.00s Real=0.04s
[2025-12-25T14:01:24.348+0000][gc,start    ] GC(75) Pause Young (Normal) (G1 Evacuation Pause)
[2025-12-25T14:01:24.349+0000][gc,task     ] GC(75) Using 8 workers of 8 for evacuation
[2025-12-25T14:01:24.370+0000][gc,phases   ] GC(75)   Pre Evacuate Collection Set: 1.7ms
[2025-12-25T14:01:24.370+0000][gc,phases   ] GC(75)   Merge Heap Roots: 0.2ms
[2025-12-25T14:01:24.370+0000][gc,phases   ] GC(75)   Evacuate Collection Set: 17.6ms
[2025-12-25T14:01:24.370+0000][gc,phases   ] GC(75)   Post Evacuate Collection Set: 1.3ms
[2025-12-25T14:01:24.370+0000][gc,phases   ] GC(75)   Other: 0.2ms
[2025-12-25T14:01:24.370+0000][gc,heap     ] GC(75) Eden regions: 606->0(604)
[2025-12-25T14:01:24.370+0000][gc,heap     ] GC(75) Survivor regions: 8->10(77)
[2025-12-25T14:01:24.370+0000][gc,heap     ] GC(75) Old regions: 31->31
[2025-12-25T14:01:24.371+0000][gc,heap     ] GC(75) Humongous regions: 133->133
[2025-12-25T14:01:24.371+0000][gc,metaspace] GC(75) Metaspace: 14218K(14656K)->14218K(14656K) NonClass: 12676K(12864K)->12676K(12864K) Class: 1542K(1792K)->1542K(1792K)
[2025-12-25T14:01:24.371+0000][gc          ] GC(75) Pause Young (Normal) (G1 Evacuation Pause) 777M->173M(1024M) 22.450ms
[2025-12-25T14:01:24.371+0000][gc,cpu      ] GC(75) User=0.13s Sys=0.02s Real=0.02s
[2025-12-25T14:02:03.865+0000][gc,start    ] GC(76) Pause Young (Normal) (G1 Evacuation Pause)
[2025-12-25T14:02:03.865+0000][gc,task     ] GC(76) Using 8 workers of 8 for evacuation
[2025-12-25T14:02:03.891+0000][gc,phases   ] GC(76)   Pre Evacuate Collection Set: 3.4ms
[2025-12-25T14:02:03.891+0000][gc,phases   ] GC(76)   Merge Heap Roots: 0.7ms
[2025-12-25T14:02:03.891+0000][gc,phases   ] GC(76)   Evacuate Collection Set: 19.5ms
[2025-12-25T14:02:03.891+0000][gc,phases   ] GC(76)   Post Evacuate Collection Set: 1.6ms
[2025-12-25T14:02:03.891+0000][gc,phases   ] GC(76)   Other: 0.7ms
[2025-12-25T14:02:03.891+0000][gc,heap     ] GC(76) Eden regions: 604->0(609)
[2025-12-25T14:02:03.891+0000][gc,heap     ] GC(76) Survivor regions: 10->5(77)
[2025-12-25T14:02:03.891+0000][gc,heap     ] GC(76) Old regions: 31->31
[2025-12-25T14:02:03.891+0000][gc,heap     ] GC(76) Humongous regions: 133->133
[2025-12-25T14:02:03.891+0000][gc,metaspace] GC(76) Metaspace: 14353K(14784K)->14353K(14784K) NonClass: 12811K(12992K)->12811K(12992K) Class: 1542K(1792K)->1542K(1792K)
[2025-12-25T14:02:03.892+0000][gc          ] GC(76) Pause Young (Normal) (G1 Evacuation Pause) 777M->168M(1024M) 27.063ms
[2025-12-25T14:02:03.892+0000][gc,cpu      ] GC(76) User=0.11s Sys=0.00s Real=0.03s
[2025-12-25T14:02:34.580+0000][gc,start    ] GC(77) Pause Young (Normal) (G1 Evacuation Pause)
[2025-12-25T14:02:34.581+0000][gc,task     ] GC(77) Using 8 workers of 8 for evacuation
[2025-12-25T14:02:34.601+0000][gc,phases   ] GC(77)   Pre Evacuate Collection Set: 2.1ms
[2025-12-25T14:02:34.601+0000][gc,phases   ] GC(77)   Merge Heap Roots: 0.3ms
[2025-12-25T14:02:34.601+0000][gc,phases   ] GC(77)   Evacuate Collection Set: 16.0ms
[2025-12-25T14:02:34.601+0000][gc,phases   ] GC(77)   Post Evacuate Collection Set: 1.2ms
[2025-12-25T14:02:34.601+0000][gc,phases   ] GC(77)   Other: 0.2ms
[2025-12-25T14:02:34.601+0000][gc,heap     ] GC(77) Eden regions: 609->0(607)
[2025-12-25T14:02:34.601+0000][gc,heap     ] GC(77) Survivor regions: 5->7(77)
[2025-12-25T14:02:34.601+0000][gc,heap     ] GC(77) Old regions: 31->32
[2025-12-25T14:02:34.602+0000][gc,heap     ] GC(77) Humongous regions: 133->133
[2025-12-25T14:02:34.602+0000][gc,metaspace] GC(77) Metaspace: 14354K(14784K)->14354K(14784K) NonClass: 12812K(12992K)->12812K(12992K) Class: 1542K(1792K)->1542K(1792K)
[2025-12-25T14:02:34.602+0000][gc          ] GC(77) Pause Young (Normal) (G1 Evacuation Pause) 777M->171M(1024M) 21.827ms
[2025-12-25T14:02:34.602+0000][gc,cpu      ] GC(77) User=0.12s Sys=0.01s Real=0.02s
[2025-12-25T14:03:14.170+0000][gc,start    ] GC(78) Pause Young (Normal) (G1 Evacuation Pause)
[2025-12-25T14:03:14.170+0000][gc,task     ] GC(78) Using 8 workers of 8 for evacuation
[2025-12-25T14:03:14.187+0000][gc,phases   ] GC(78)   Pre Evacuate Collection Set: 1.4ms
[2025-12-25T14:03:14.187+0000][gc,phases   ] GC(78)   Merge Heap Roots: 0.2ms
[2025-12-25T14:03:14.187+0000][gc,phases   ] GC(78)   Evacuate Collection Set: 13.5ms
[2025-12-25T14:03:14.187+0000][gc,phases   ] GC(78)   Post Evacuate Collection Set: 1.3ms
[2025-12-25T14:03:14.187+0000][gc,phases   ] GC(78)   Other: 0.2ms
[2025-12-25T14:03:14.187+0000][gc,heap     ] GC(78) Eden regions: 607->0(607)
[2025-12-25T14:03:14.187+0000][gc,heap     ] GC(78) Survivor regions: 7->7(77)
[2025-12-25T14:03:14.187+0000][gc,heap     ] GC(78) Old regions: 32->32
[2025-12-25T14:03:14.188+0000][gc,heap     ] GC(78) Humongous regions: 133->133
[2025-12-25T14:03:14.188+0000][gc,metaspace] GC(78) Metaspace: 14354K(14784K)->14354K(14784K) NonClass: 12812K(12992K)->12812K(12992K) Class: 1542K(1792K)->1542K(1792K)
[2025-12-25T14:03:14.188+0000][gc          ] GC(78) Pause Young (Normal) (G1 Evacuation Pause) 778M->170M(1024M) 18.068ms
[2025-12-25T14:03:14.188+0000][gc,cpu      ] GC(78) User=0.09s Sys=0.01s Real=0.02s
[2025-12-25T14:03:45.381+0000][gc,start    ] GC(79) Pause Young (Normal) (G1 Evacuation Pause)
[2025-12-25T14:03:45.387+0000][gc,task     ] GC(79) Using 8 workers of 8 for evacuation
[2025-12-25T14:03:45.491+0000][gc,phases   ] GC(79)   Pre Evacuate Collection Set: 9.1ms
[2025-12-25T14:03:45.492+0000][gc,phases   ] GC(79)   Merge Heap Roots: 0.9ms
[2025-12-25T14:03:45.492+0000][gc,phases   ] GC(79)   Evacuate Collection Set: 82.8ms
[2025-12-25T14:03:45.492+0000][gc,phases   ] GC(79)   Post Evacuate Collection Set: 9.8ms
[2025-12-25T14:03:45.492+0000][gc,phases   ] GC(79)   Other: 2.0ms
[2025-12-25T14:03:45.492+0000][gc,heap     ] GC(79) Eden regions: 607->0(605)
[2025-12-25T14:03:45.492+0000][gc,heap     ] GC(79) Survivor regions: 7->9(77)
[2025-12-25T14:03:45.492+0000][gc,heap     ] GC(79) Old regions: 32->32
[2025-12-25T14:03:45.493+0000][gc,heap     ] GC(79) Humongous regions: 133->133
[2025-12-25T14:03:45.493+0000][gc,metaspace] GC(79) Metaspace: 14354K(14784K)->14354K(14784K) NonClass: 12812K(12992K)->12812K(12992K) Class: 1542K(1792K)->1542K(1792K)
[2025-12-25T14:03:45.493+0000][gc          ] GC(79) Pause Young (Normal) (G1 Evacuation Pause) 777M->172M(1024M) 112.238ms
[2025-12-25T14:03:45.493+0000][gc,cpu      ] GC(79) User=0.27s Sys=0.01s Real=0.11s
[2025-12-25T14:04:25.895+0000][gc,start    ] GC(80) Pause Young (Normal) (G1 Evacuation Pause)
[2025-12-25T14:04:25.897+0000][gc,task     ] GC(80) Using 8 workers of 8 for evacuation
[2025-12-25T14:04:25.974+0000][gc,phases   ] GC(80)   Pre Evacuate Collection Set: 10.6ms
[2025-12-25T14:04:25.974+0000][gc,phases   ] GC(80)   Merge Heap Roots: 1.2ms
[2025-12-25T14:04:25.974+0000][gc,phases   ] GC(80)   Evacuate Collection Set: 50.9ms
[2025-12-25T14:04:25.975+0000][gc,phases   ] GC(80)   Post Evacuate Collection Set: 13.0ms
[2025-12-25T14:04:25.975+0000][gc,phases   ] GC(80)   Other: 1.3ms
[2025-12-25T14:04:25.975+0000][gc,heap     ] GC(80) Eden regions: 605->0(606)
[2025-12-25T14:04:25.975+0000][gc,heap     ] GC(80) Survivor regions: 9->8(77)
[2025-12-25T14:04:25.975+0000][gc,heap     ] GC(80) Old regions: 32->32
[2025-12-25T14:04:25.975+0000][gc,heap     ] GC(80) Humongous regions: 133->133
[2025-12-25T14:04:25.976+0000][gc,metaspace] GC(80) Metaspace: 14360K(14784K)->14360K(14784K) NonClass: 12818K(12992K)->12818K(12992K) Class: 1542K(1792K)->1542K(1792K)
[2025-12-25T14:04:25.976+0000][gc          ] GC(80) Pause Young (Normal) (G1 Evacuation Pause) 777M->172M(1024M) 80.957ms
[2025-12-25T14:04:25.976+0000][gc,cpu      ] GC(80) User=0.29s Sys=0.01s Real=0.08s
[2025-12-25T14:05:00.860+0000][gc,start    ] GC(81) Pause Young (Normal) (G1 Evacuation Pause)
[2025-12-25T14:05:00.869+0000][gc,task     ] GC(81) Using 8 workers of 8 for evacuation
[2025-12-25T14:05:01.528+0000][gc,mmu      ] GC(81) MMU target violated: 201.0ms (200.0ms/201.0ms)
[2025-12-25T14:05:01.532+0000][gc,phases   ] GC(81)   Pre Evacuate Collection Set: 108.8ms
[2025-12-25T14:05:01.532+0000][gc,phases   ] GC(81)   Merge Heap Roots: 18.4ms
[2025-12-25T14:05:01.533+0000][gc,phases   ] GC(81)   Evacuate Collection Set: 448.3ms
[2025-12-25T14:05:01.533+0000][gc,phases   ] GC(81)   Post Evacuate Collection Set: 58.6ms
[2025-12-25T14:05:01.534+0000][gc,phases   ] GC(81)   Other: 30.6ms
[2025-12-25T14:05:01.535+0000][gc,heap     ] GC(81) Eden regions: 606->0(41)
[2025-12-25T14:05:01.543+0000][gc,heap     ] GC(81) Survivor regions: 8->10(77)
[2025-12-25T14:05:01.543+0000][gc,heap     ] GC(81) Old regions: 32->32
[2025-12-25T14:05:01.543+0000][gc,heap     ] GC(81) Humongous regions: 133->133
[2025-12-25T14:05:01.543+0000][gc,metaspace] GC(81) Metaspace: 14360K(14784K)->14360K(14784K) NonClass: 12818K(12992K)->12818K(12992K) Class: 1542K(1792K)->1542K(1792K)
[2025-12-25T14:05:01.543+0000][gc          ] GC(81) Pause Young (Normal) (G1 Evacuation Pause) 778M->174M(1024M) 683.883ms
[2025-12-25T14:05:01.544+0000][gc,cpu      ] GC(81) User=1.11s Sys=0.08s Real=0.68s
[2025-12-25T14:05:04.855+0000][gc,start    ] GC(82) Pause Young (Normal) (G1 Evacuation Pause)
[2025-12-25T14:05:04.856+0000][gc,task     ] GC(82) Using 8 workers of 8 for evacuation
[2025-12-25T14:05:04.997+0000][gc,phases   ] GC(82)   Pre Evacuate Collection Set: 5.8ms
[2025-12-25T14:05:04.998+0000][gc,phases   ] GC(82)   Merge Heap Roots: 0.6ms
[2025-12-25T14:05:04.998+0000][gc,phases   ] GC(82)   Evacuate Collection Set: 127.1ms
[2025-12-25T14:05:04.998+0000][gc,phases   ] GC(82)   Post Evacuate Collection Set: 7.4ms
[2025-12-25T14:05:05.000+0000][gc,phases   ] GC(82)   Other: 0.4ms
[2025-12-25T14:05:05.002+0000][gc,heap     ] GC(82) Eden regions: 41->0(158)
[2025-12-25T14:05:05.003+0000][gc,heap     ] GC(82) Survivor regions: 10->3(7)
[2025-12-25T14:05:05.003+0000][gc,heap     ] GC(82) Old regions: 32->39
[2025-12-25T14:05:05.003+0000][gc,heap     ] GC(82) Humongous regions: 133->133
[2025-12-25T14:05:05.004+0000][gc,metaspace] GC(82) Metaspace: 14361K(14784K)->14361K(14784K) NonClass: 12819K(12992K)->12819K(12992K) Class: 1542K(1792K)->1542K(1792K)
[2025-12-25T14:05:05.004+0000][gc          ] GC(82) Pause Young (Normal) (G1 Evacuation Pause) 215M->173M(1024M) 149.310ms
[2025-12-25T14:05:05.004+0000][gc,cpu      ] GC(82) User=0.28s Sys=0.13s Real=0.15s
[2025-12-25T14:05:23.941+0000][gc,start    ] GC(83) Pause Young (Normal) (G1 Evacuation Pause)
[2025-12-25T14:05:23.941+0000][gc,task     ] GC(83) Using 8 workers of 8 for evacuation
[2025-12-25T14:05:23.956+0000][gc,phases   ] GC(83)   Pre Evacuate Collection Set: 2.0ms
[2025-12-25T14:05:23.956+0000][gc,phases   ] GC(83)   Merge Heap Roots: 3.0ms
[2025-12-25T14:05:23.956+0000][gc,phases   ] GC(83)   Evacuate Collection Set: 7.6ms
[2025-12-25T14:05:23.957+0000][gc,phases   ] GC(83)   Post Evacuate Collection Set: 1.9ms
[2025-12-25T14:05:23.957+0000][gc,phases   ] GC(83)   Other: 0.5ms
[2025-12-25T14:05:23.957+0000][gc,heap     ] GC(83) Eden regions: 311->0(459)
[2025-12-25T14:05:23.957+0000][gc,heap     ] GC(83) Survivor regions: 3->3(40)
[2025-12-25T14:05:23.957+0000][gc,heap     ] GC(83) Old regions: 39->39
[2025-12-25T14:05:23.957+0000][gc,heap     ] GC(83) Humongous regions: 133->133
[2025-12-25T14:05:23.957+0000][gc,metaspace] GC(83) Metaspace: 14361K(14784K)->14361K(14784K) NonClass: 12819K(12992K)->12819K(12992K) Class: 1542K(1792K)->1542K(1792K)
[2025-12-25T14:05:23.957+0000][gc          ] GC(83) Pause Young (Normal) (G1 Evacuation Pause) 484M->173M(1024M) 16.690ms
[2025-12-25T14:05:23.958+0000][gc,cpu      ] GC(83) User=0.07s Sys=0.00s Real=0.01s
[2025-12-25T14:05:54.551+0000][gc,start    ] GC(84) Pause Young (Normal) (G1 Evacuation Pause)
[2025-12-25T14:05:54.551+0000][gc,task     ] GC(84) Using 8 workers of 8 for evacuation
[2025-12-25T14:05:54.565+0000][gc,phases   ] GC(84)   Pre Evacuate Collection Set: 1.1ms
[2025-12-25T14:05:54.566+0000][gc,phases   ] GC(84)   Merge Heap Roots: 0.2ms
[2025-12-25T14:05:54.566+0000][gc,phases   ] GC(84)   Evacuate Collection Set: 9.3ms
[2025-12-25T14:05:54.566+0000][gc,phases   ] GC(84)   Post Evacuate Collection Set: 2.8ms
[2025-12-25T14:05:54.566+0000][gc,phases   ] GC(84)   Other: 0.4ms
[2025-12-25T14:05:54.566+0000][gc,heap     ] GC(84) Eden regions: 605->0(611)
[2025-12-25T14:05:54.566+0000][gc,heap     ] GC(84) Survivor regions: 3->3(76)
[2025-12-25T14:05:54.566+0000][gc,heap     ] GC(84) Old regions: 39->39
[2025-12-25T14:05:54.566+0000][gc,heap     ] GC(84) Humongous regions: 133->133
[2025-12-25T14:05:54.566+0000][gc,metaspace] GC(84) Metaspace: 14361K(14784K)->14361K(14784K) NonClass: 12819K(12992K)->12819K(12992K) Class: 1542K(1792K)->1542K(1792K)
[2025-12-25T14:05:54.566+0000][gc          ] GC(84) Pause Young (Normal) (G1 Evacuation Pause) 778M->173M(1024M) 15.322ms
[2025-12-25T14:05:54.566+0000][gc,cpu      ] GC(84) User=0.09s Sys=0.00s Real=0.01s
[2025-12-25T14:06:34.024+0000][gc,start    ] GC(85) Pause Young (Normal) (G1 Evacuation Pause)
[2025-12-25T14:06:34.025+0000][gc,task     ] GC(85) Using 8 workers of 8 for evacuation
[2025-12-25T14:06:34.053+0000][gc,phases   ] GC(85)   Pre Evacuate Collection Set: 3.6ms
[2025-12-25T14:06:34.054+0000][gc,phases   ] GC(85)   Merge Heap Roots: 0.7ms
[2025-12-25T14:06:34.054+0000][gc,phases   ] GC(85)   Evacuate Collection Set: 17.9ms
[2025-12-25T14:06:34.054+0000][gc,phases   ] GC(85)   Post Evacuate Collection Set: 4.8ms
[2025-12-25T14:06:34.054+0000][gc,phases   ] GC(85)   Other: 1.0ms
[2025-12-25T14:06:34.054+0000][gc,heap     ] GC(85) Eden regions: 611->0(611)
[2025-12-25T14:06:34.055+0000][gc,heap     ] GC(85) Survivor regions: 3->3(77)
[2025-12-25T14:06:34.055+0000][gc,heap     ] GC(85) Old regions: 39->39
[2025-12-25T14:06:34.055+0000][gc,heap     ] GC(85) Humongous regions: 133->133
[2025-12-25T14:06:34.055+0000][gc,metaspace] GC(85) Metaspace: 14362K(14784K)->14362K(14784K) NonClass: 12820K(12992K)->12820K(12992K) Class: 1542K(1792K)->1542K(1792K)
[2025-12-25T14:06:34.055+0000][gc          ] GC(85) Pause Young (Normal) (G1 Evacuation Pause) 784M->173M(1024M) 30.786ms
[2025-12-25T14:06:34.055+0000][gc,cpu      ] GC(85) User=0.10s Sys=0.00s Real=0.03s
[2025-12-25T14:07:04.540+0000][gc,start    ] GC(86) Pause Young (Normal) (G1 Evacuation Pause)
[2025-12-25T14:07:04.541+0000][gc,task     ] GC(86) Using 8 workers of 8 for evacuation
[2025-12-25T14:07:04.551+0000][gc,phases   ] GC(86)   Pre Evacuate Collection Set: 1.4ms
[2025-12-25T14:07:04.551+0000][gc,phases   ] GC(86)   Merge Heap Roots: 0.3ms
[2025-12-25T14:07:04.551+0000][gc,phases   ] GC(86)   Evacuate Collection Set: 6.4ms
[2025-12-25T14:07:04.551+0000][gc,phases   ] GC(86)   Post Evacuate Collection Set: 1.5ms
[2025-12-25T14:07:04.551+0000][gc,phases   ] GC(86)   Other: 0.4ms
[2025-12-25T14:07:04.551+0000][gc,heap     ] GC(86) Eden regions: 611->0(609)
[2025-12-25T14:07:04.551+0000][gc,heap     ] GC(86) Survivor regions: 3->5(77)
[2025-12-25T14:07:04.551+0000][gc,heap     ] GC(86) Old regions: 39->39
[2025-12-25T14:07:04.551+0000][gc,heap     ] GC(86) Humongous regions: 133->133
[2025-12-25T14:07:04.551+0000][gc,metaspace] GC(86) Metaspace: 14365K(14848K)->14365K(14848K) NonClass: 12823K(13056K)->12823K(13056K) Class: 1542K(1792K)->1542K(1792K)
[2025-12-25T14:07:04.551+0000][gc          ] GC(86) Pause Young (Normal) (G1 Evacuation Pause) 784M->175M(1024M) 11.300ms
[2025-12-25T14:07:04.552+0000][gc,cpu      ] GC(86) User=0.06s Sys=0.01s Real=0.01s
[2025-12-25T14:07:44.100+0000][gc,start    ] GC(87) Pause Young (Normal) (G1 Evacuation Pause)
[2025-12-25T14:07:44.101+0000][gc,task     ] GC(87) Using 8 workers of 8 for evacuation
[2025-12-25T14:07:44.118+0000][gc,phases   ] GC(87)   Pre Evacuate Collection Set: 2.3ms
[2025-12-25T14:07:44.118+0000][gc,phases   ] GC(87)   Merge Heap Roots: 0.4ms
[2025-12-25T14:07:44.119+0000][gc,phases   ] GC(87)   Evacuate Collection Set: 12.2ms
[2025-12-25T14:07:44.119+0000][gc,phases   ] GC(87)   Post Evacuate Collection Set: 2.4ms
[2025-12-25T14:07:44.119+0000][gc,phases   ] GC(87)   Other: 0.3ms
[2025-12-25T14:07:44.119+0000][gc,heap     ] GC(87) Eden regions: 609->0(609)
[2025-12-25T14:07:44.119+0000][gc,heap     ] GC(87) Survivor regions: 5->5(77)
[2025-12-25T14:07:44.119+0000][gc,heap     ] GC(87) Old regions: 39->39
[2025-12-25T14:07:44.119+0000][gc,heap     ] GC(87) Humongous regions: 133->133
[2025-12-25T14:07:44.119+0000][gc,metaspace] GC(87) Metaspace: 14369K(14848K)->14369K(14848K) NonClass: 12826K(13056K)->12826K(13056K) Class: 1542K(1792K)->1542K(1792K)
[2025-12-25T14:07:44.119+0000][gc          ] GC(87) Pause Young (Normal) (G1 Evacuation Pause) 784M->175M(1024M) 19.457ms
[2025-12-25T14:07:44.119+0000][gc,cpu      ] GC(87) User=0.09s Sys=0.00s Real=0.02s
[2025-12-25T14:08:15.686+0000][gc,start    ] GC(88) Pause Young (Normal) (G1 Evacuation Pause)
[2025-12-25T14:08:15.688+0000][gc,task     ] GC(88) Using 8 workers of 8 for evacuation
[2025-12-25T14:08:15.742+0000][gc,phases   ] GC(88)   Pre Evacuate Collection Set: 5.2ms
[2025-12-25T14:08:15.744+0000][gc,phases   ] GC(88)   Merge Heap Roots: 1.7ms
[2025-12-25T14:08:15.744+0000][gc,phases   ] GC(88)   Evacuate Collection Set: 44.0ms
[2025-12-25T14:08:15.744+0000][gc,phases   ] GC(88)   Post Evacuate Collection Set: 3.0ms
[2025-12-25T14:08:15.745+0000][gc,phases   ] GC(88)   Other: 0.6ms
[2025-12-25T14:08:15.745+0000][gc,heap     ] GC(88) Eden regions: 609->0(607)
[2025-12-25T14:08:15.745+0000][gc,heap     ] GC(88) Survivor regions: 5->7(77)
[2025-12-25T14:08:15.745+0000][gc,heap     ] GC(88) Old regions: 39->39
[2025-12-25T14:08:15.745+0000][gc,heap     ] GC(88) Humongous regions: 133->133
[2025-12-25T14:08:15.745+0000][gc,metaspace] GC(88) Metaspace: 14380K(14848K)->14380K(14848K) NonClass: 12838K(13056K)->12838K(13056K) Class: 1542K(1792K)->1542K(1792K)
[2025-12-25T14:08:15.746+0000][gc          ] GC(88) Pause Young (Normal) (G1 Evacuation Pause) 784M->178M(1024M) 59.298ms
[2025-12-25T14:08:15.746+0000][gc,cpu      ] GC(88) User=0.23s Sys=0.01s Real=0.06s
[2025-12-25T14:08:54.243+0000][gc,start    ] GC(89) Pause Young (Normal) (G1 Evacuation Pause)
[2025-12-25T14:08:54.244+0000][gc,task     ] GC(89) Using 8 workers of 8 for evacuation
[2025-12-25T14:08:54.266+0000][gc,phases   ] GC(89)   Pre Evacuate Collection Set: 1.9ms
[2025-12-25T14:08:54.266+0000][gc,phases   ] GC(89)   Merge Heap Roots: 0.3ms
[2025-12-25T14:08:54.266+0000][gc,phases   ] GC(89)   Evacuate Collection Set: 16.1ms
[2025-12-25T14:08:54.267+0000][gc,phases   ] GC(89)   Post Evacuate Collection Set: 3.3ms
[2025-12-25T14:08:54.267+0000][gc,phases   ] GC(89)   Other: 0.3ms
[2025-12-25T14:08:54.267+0000][gc,heap     ] GC(89) Eden regions: 607->0(607)
[2025-12-25T14:08:54.267+0000][gc,heap     ] GC(89) Survivor regions: 7->7(77)
[2025-12-25T14:08:54.267+0000][gc,heap     ] GC(89) Old regions: 39->39
[2025-12-25T14:08:54.267+0000][gc,heap     ] GC(89) Humongous regions: 133->133
[2025-12-25T14:08:54.267+0000][gc,metaspace] GC(89) Metaspace: 14386K(14848K)->14386K(14848K) NonClass: 12844K(13056K)->12844K(13056K) Class: 1542K(1792K)->1542K(1792K)
[2025-12-25T14:08:54.267+0000][gc          ] GC(89) Pause Young (Normal) (G1 Evacuation Pause) 785M->177M(1024M) 23.931ms
[2025-12-25T14:08:54.267+0000][gc,cpu      ] GC(89) User=0.10s Sys=0.00s Real=0.03s
[2025-12-25T14:09:27.534+0000][gc,start    ] GC(90) Pause Young (Normal) (G1 Evacuation Pause)
[2025-12-25T14:09:27.537+0000][gc,task     ] GC(90) Using 8 workers of 8 for evacuation
[2025-12-25T14:09:27.569+0000][gc,phases   ] GC(90)   Pre Evacuate Collection Set: 4.7ms
[2025-12-25T14:09:27.569+0000][gc,phases   ] GC(90)   Merge Heap Roots: 0.8ms
[2025-12-25T14:09:27.569+0000][gc,phases   ] GC(90)   Evacuate Collection Set: 22.7ms
[2025-12-25T14:09:27.570+0000][gc,phases   ] GC(90)   Post Evacuate Collection Set: 2.6ms
[2025-12-25T14:09:27.570+0000][gc,phases   ] GC(90)   Other: 1.2ms
[2025-12-25T14:09:27.570+0000][gc,heap     ] GC(90) Eden regions: 607->0(605)
[2025-12-25T14:09:27.570+0000][gc,heap     ] GC(90) Survivor regions: 7->9(77)
[2025-12-25T14:09:27.570+0000][gc,heap     ] GC(90) Old regions: 39->39
[2025-12-25T14:09:27.570+0000][gc,heap     ] GC(90) Humongous regions: 133->133
[2025-12-25T14:09:27.570+0000][gc,metaspace] GC(90) Metaspace: 14386K(14848K)->14386K(14848K) NonClass: 12844K(13056K)->12844K(13056K) Class: 1542K(1792K)->1542K(1792K)
[2025-12-25T14:09:27.571+0000][gc          ] GC(90) Pause Young (Normal) (G1 Evacuation Pause) 784M->179M(1024M) 37.149ms
[2025-12-25T14:09:27.571+0000][gc,cpu      ] GC(90) User=0.15s Sys=0.00s Real=0.04s
[2025-12-25T14:10:04.504+0000][gc,start    ] GC(91) Pause Young (Normal) (G1 Evacuation Pause)
[2025-12-25T14:10:04.506+0000][gc,task     ] GC(91) Using 8 workers of 8 for evacuation
[2025-12-25T14:10:04.519+0000][gc,phases   ] GC(91)   Pre Evacuate Collection Set: 3.5ms
[2025-12-25T14:10:04.519+0000][gc,phases   ] GC(91)   Merge Heap Roots: 0.3ms
[2025-12-25T14:10:04.519+0000][gc,phases   ] GC(91)   Evacuate Collection Set: 7.1ms
[2025-12-25T14:10:04.519+0000][gc,phases   ] GC(91)   Post Evacuate Collection Set: 1.8ms
[2025-12-25T14:10:04.519+0000][gc,phases   ] GC(91)   Other: 0.8ms
[2025-12-25T14:10:04.519+0000][gc,heap     ] GC(91) Eden regions: 605->0(609)
[2025-12-25T14:10:04.519+0000][gc,heap     ] GC(91) Survivor regions: 9->5(77)
[2025-12-25T14:10:04.519+0000][gc,heap     ] GC(91) Old regions: 39->39
[2025-12-25T14:10:04.519+0000][gc,heap     ] GC(91) Humongous regions: 133->133
[2025-12-25T14:10:04.520+0000][gc,metaspace] GC(91) Metaspace: 14386K(14848K)->14386K(14848K) NonClass: 12844K(13056K)->12844K(13056K) Class: 1542K(1792K)->1542K(1792K)
[2025-12-25T14:10:04.520+0000][gc          ] GC(91) Pause Young (Normal) (G1 Evacuation Pause) 784M->175M(1024M) 16.060ms
[2025-12-25T14:10:04.520+0000][gc,cpu      ] GC(91) User=0.07s Sys=0.00s Real=0.02s
[2025-12-25T14:10:43.962+0000][gc,start    ] GC(92) Pause Young (Normal) (G1 Evacuation Pause)
[2025-12-25T14:10:43.962+0000][gc,task     ] GC(92) Using 8 workers of 8 for evacuation
[2025-12-25T14:10:43.981+0000][gc,phases   ] GC(92)   Pre Evacuate Collection Set: 1.9ms
[2025-12-25T14:10:43.981+0000][gc,phases   ] GC(92)   Merge Heap Roots: 0.6ms
[2025-12-25T14:10:43.981+0000][gc,phases   ] GC(92)   Evacuate Collection Set: 12.3ms
[2025-12-25T14:10:43.981+0000][gc,phases   ] GC(92)   Post Evacuate Collection Set: 3.0ms
[2025-12-25T14:10:43.982+0000][gc,phases   ] GC(92)   Other: 0.8ms
[2025-12-25T14:10:43.982+0000][gc,heap     ] GC(92) Eden regions: 609->0(610)
[2025-12-25T14:10:43.982+0000][gc,heap     ] GC(92) Survivor regions: 5->4(77)
[2025-12-25T14:10:43.982+0000][gc,heap     ] GC(92) Old regions: 39->39
[2025-12-25T14:10:43.982+0000][gc,heap     ] GC(92) Humongous regions: 133->133
[2025-12-25T14:10:43.982+0000][gc,metaspace] GC(92) Metaspace: 14387K(14848K)->14387K(14848K) NonClass: 12844K(13056K)->12844K(13056K) Class: 1542K(1792K)->1542K(1792K)
[2025-12-25T14:10:43.982+0000][gc          ] GC(92) Pause Young (Normal) (G1 Evacuation Pause) 784M->175M(1024M) 20.611ms
[2025-12-25T14:10:43.982+0000][gc,cpu      ] GC(92) User=0.11s Sys=0.00s Real=0.02s
[2025-12-25T14:11:14.486+0000][gc,start    ] GC(93) Pause Young (Normal) (G1 Evacuation Pause)
[2025-12-25T14:11:14.487+0000][gc,task     ] GC(93) Using 8 workers of 8 for evacuation
[2025-12-25T14:11:14.501+0000][gc,phases   ] GC(93)   Pre Evacuate Collection Set: 1.9ms
[2025-12-25T14:11:14.501+0000][gc,phases   ] GC(93)   Merge Heap Roots: 0.3ms
[2025-12-25T14:11:14.502+0000][gc,phases   ] GC(93)   Evacuate Collection Set: 9.3ms
[2025-12-25T14:11:14.502+0000][gc,phases   ] GC(93)   Post Evacuate Collection Set: 1.8ms
[2025-12-25T14:11:14.502+0000][gc,phases   ] GC(93)   Other: 0.6ms
[2025-12-25T14:11:14.502+0000][gc,heap     ] GC(93) Eden regions: 610->0(607)
[2025-12-25T14:11:14.502+0000][gc,heap     ] GC(93) Survivor regions: 4->7(77)
[2025-12-25T14:11:14.502+0000][gc,heap     ] GC(93) Old regions: 39->39
[2025-12-25T14:11:14.502+0000][gc,heap     ] GC(93) Humongous regions: 133->133
[2025-12-25T14:11:14.502+0000][gc,metaspace] GC(93) Metaspace: 14387K(14848K)->14387K(14848K) NonClass: 12844K(13056K)->12844K(13056K) Class: 1542K(1792K)->1542K(1792K)
[2025-12-25T14:11:14.503+0000][gc          ] GC(93) Pause Young (Normal) (G1 Evacuation Pause) 785M->177M(1024M) 16.330ms
[2025-12-25T14:11:14.503+0000][gc,cpu      ] GC(93) User=0.07s Sys=0.01s Real=0.02s
[2025-12-25T14:11:54.094+0000][gc,start    ] GC(94) Pause Young (Normal) (G1 Evacuation Pause)
[2025-12-25T14:11:54.095+0000][gc,task     ] GC(94) Using 8 workers of 8 for evacuation
[2025-12-25T14:11:54.110+0000][gc,phases   ] GC(94)   Pre Evacuate Collection Set: 3.0ms
[2025-12-25T14:11:54.110+0000][gc,phases   ] GC(94)   Merge Heap Roots: 0.4ms
[2025-12-25T14:11:54.110+0000][gc,phases   ] GC(94)   Evacuate Collection Set: 9.2ms
[2025-12-25T14:11:54.110+0000][gc,phases   ] GC(94)   Post Evacuate Collection Set: 1.6ms
[2025-12-25T14:11:54.110+0000][gc,phases   ] GC(94)   Other: 0.4ms
[2025-12-25T14:11:54.110+0000][gc,heap     ] GC(94) Eden regions: 607->0(608)
[2025-12-25T14:11:54.110+0000][gc,heap     ] GC(94) Survivor regions: 7->6(77)
[2025-12-25T14:11:54.110+0000][gc,heap     ] GC(94) Old regions: 39->39
[2025-12-25T14:11:54.110+0000][gc,heap     ] GC(94) Humongous regions: 133->133
[2025-12-25T14:11:54.110+0000][gc,metaspace] GC(94) Metaspace: 14395K(14848K)->14395K(14848K) NonClass: 12852K(13056K)->12852K(13056K) Class: 1542K(1792K)->1542K(1792K)
[2025-12-25T14:11:54.110+0000][gc          ] GC(94) Pause Young (Normal) (G1 Evacuation Pause) 784M->177M(1024M) 16.047ms
[2025-12-25T14:11:54.110+0000][gc,cpu      ] GC(94) User=0.08s Sys=0.00s Real=0.01s
[2025-12-25T14:12:24.588+0000][gc,start    ] GC(95) Pause Young (Normal) (G1 Evacuation Pause)
[2025-12-25T14:12:24.590+0000][gc,task     ] GC(95) Using 8 workers of 8 for evacuation
[2025-12-25T14:12:24.609+0000][gc,phases   ] GC(95)   Pre Evacuate Collection Set: 4.1ms
[2025-12-25T14:12:24.609+0000][gc,phases   ] GC(95)   Merge Heap Roots: 0.4ms
[2025-12-25T14:12:24.609+0000][gc,phases   ] GC(95)   Evacuate Collection Set: 11.6ms
[2025-12-25T14:12:24.609+0000][gc,phases   ] GC(95)   Post Evacuate Collection Set: 2.0ms
[2025-12-25T14:12:24.609+0000][gc,phases   ] GC(95)   Other: 1.0ms
[2025-12-25T14:12:24.610+0000][gc,heap     ] GC(95) Eden regions: 608->0(606)
[2025-12-25T14:12:24.610+0000][gc,heap     ] GC(95) Survivor regions: 6->8(77)
[2025-12-25T14:12:24.610+0000][gc,heap     ] GC(95) Old regions: 39->39
[2025-12-25T14:12:24.610+0000][gc,heap     ] GC(95) Humongous regions: 133->133
[2025-12-25T14:12:24.610+0000][gc,metaspace] GC(95) Metaspace: 14402K(14848K)->14402K(14848K) NonClass: 12860K(13056K)->12860K(13056K) Class: 1542K(1792K)->1542K(1792K)
[2025-12-25T14:12:24.610+0000][gc          ] GC(95) Pause Young (Normal) (G1 Evacuation Pause) 785M->178M(1024M) 21.738ms
[2025-12-25T14:12:24.610+0000][gc,cpu      ] GC(95) User=0.12s Sys=0.00s Real=0.02s
[2025-12-25T14:13:04.107+0000][gc,start    ] GC(96) Pause Young (Normal) (G1 Evacuation Pause)
[2025-12-25T14:13:04.108+0000][gc,task     ] GC(96) Using 8 workers of 8 for evacuation
[2025-12-25T14:13:04.124+0000][gc,phases   ] GC(96)   Pre Evacuate Collection Set: 1.2ms
[2025-12-25T14:13:04.124+0000][gc,phases   ] GC(96)   Merge Heap Roots: 0.2ms
[2025-12-25T14:13:04.124+0000][gc,phases   ] GC(96)   Evacuate Collection Set: 12.9ms
[2025-12-25T14:13:04.124+0000][gc,phases   ] GC(96)   Post Evacuate Collection Set: 1.3ms
[2025-12-25T14:13:04.124+0000][gc,phases   ] GC(96)   Other: 0.2ms
[2025-12-25T14:13:04.124+0000][gc,heap     ] GC(96) Eden regions: 606->0(606)
[2025-12-25T14:13:04.124+0000][gc,heap     ] GC(96) Survivor regions: 8->8(77)
[2025-12-25T14:13:04.124+0000][gc,heap     ] GC(96) Old regions: 39->39
[2025-12-25T14:13:04.124+0000][gc,heap     ] GC(96) Humongous regions: 133->133
[2025-12-25T14:13:04.124+0000][gc,metaspace] GC(96) Metaspace: 14402K(14848K)->14402K(14848K) NonClass: 12860K(13056K)->12860K(13056K) Class: 1542K(1792K)->1542K(1792K)
[2025-12-25T14:13:04.124+0000][gc          ] GC(96) Pause Young (Normal) (G1 Evacuation Pause) 784M->178M(1024M) 17.108ms
[2025-12-25T14:13:04.124+0000][gc,cpu      ] GC(96) User=0.09s Sys=0.01s Real=0.02s
[2025-12-25T14:13:34.428+0000][gc,start    ] GC(97) Pause Young (Normal) (G1 Evacuation Pause)
[2025-12-25T14:13:34.428+0000][gc,task     ] GC(97) Using 8 workers of 8 for evacuation
[2025-12-25T14:13:34.448+0000][gc,phases   ] GC(97)   Pre Evacuate Collection Set: 1.2ms
[2025-12-25T14:13:34.449+0000][gc,phases   ] GC(97)   Merge Heap Roots: 0.2ms
[2025-12-25T14:13:34.449+0000][gc,phases   ] GC(97)   Evacuate Collection Set: 17.3ms
[2025-12-25T14:13:34.451+0000][gc,phases   ] GC(97)   Post Evacuate Collection Set: 1.0ms
[2025-12-25T14:13:34.451+0000][gc,phases   ] GC(97)   Other: 0.2ms
[2025-12-25T14:13:34.451+0000][gc,heap     ] GC(97) Eden regions: 606->0(604)
[2025-12-25T14:13:34.455+0000][gc,heap     ] GC(97) Survivor regions: 8->10(77)
[2025-12-25T14:13:34.455+0000][gc,heap     ] GC(97) Old regions: 39->39
[2025-12-25T14:13:34.455+0000][gc,heap     ] GC(97) Humongous regions: 133->133
[2025-12-25T14:13:34.456+0000][gc,metaspace] GC(97) Metaspace: 14402K(14848K)->14402K(14848K) NonClass: 12860K(13056K)->12860K(13056K) Class: 1542K(1792K)->1542K(1792K)
[2025-12-25T14:13:34.456+0000][gc          ] GC(97) Pause Young (Normal) (G1 Evacuation Pause) 784M->180M(1024M) 27.897ms
[2025-12-25T14:13:34.460+0000][gc,cpu      ] GC(97) User=0.15s Sys=0.00s Real=0.03s
[2025-12-25T14:14:14.151+0000][gc,start    ] GC(98) Pause Young (Normal) (G1 Evacuation Pause)
[2025-12-25T14:14:14.152+0000][gc,task     ] GC(98) Using 8 workers of 8 for evacuation
[2025-12-25T14:14:14.160+0000][gc,phases   ] GC(98)   Pre Evacuate Collection Set: 1.2ms
[2025-12-25T14:14:14.161+0000][gc,phases   ] GC(98)   Merge Heap Roots: 0.2ms
[2025-12-25T14:14:14.161+0000][gc,phases   ] GC(98)   Evacuate Collection Set: 5.5ms
[2025-12-25T14:14:14.161+0000][gc,phases   ] GC(98)   Post Evacuate Collection Set: 1.1ms
[2025-12-25T14:14:14.161+0000][gc,phases   ] GC(98)   Other: 0.4ms
[2025-12-25T14:14:14.161+0000][gc,heap     ] GC(98) Eden regions: 604->0(608)
[2025-12-25T14:14:14.161+0000][gc,heap     ] GC(98) Survivor regions: 10->6(77)
[2025-12-25T14:14:14.161+0000][gc,heap     ] GC(98) Old regions: 39->39
[2025-12-25T14:14:14.161+0000][gc,heap     ] GC(98) Humongous regions: 133->133
[2025-12-25T14:14:14.161+0000][gc,metaspace] GC(98) Metaspace: 14404K(14848K)->14404K(14848K) NonClass: 12862K(13056K)->12862K(13056K) Class: 1542K(1792K)->1542K(1792K)
[2025-12-25T14:14:14.161+0000][gc          ] GC(98) Pause Young (Normal) (G1 Evacuation Pause) 784M->176M(1024M) 9.766ms
[2025-12-25T14:14:14.161+0000][gc,cpu      ] GC(98) User=0.05s Sys=0.00s Real=0.01s
[2025-12-25T14:14:44.473+0000][gc,start    ] GC(99) Pause Young (Normal) (G1 Evacuation Pause)
[2025-12-25T14:14:44.474+0000][gc,task     ] GC(99) Using 8 workers of 8 for evacuation
[2025-12-25T14:14:44.493+0000][gc,phases   ] GC(99)   Pre Evacuate Collection Set: 1.1ms
[2025-12-25T14:14:44.493+0000][gc,phases   ] GC(99)   Merge Heap Roots: 0.2ms
[2025-12-25T14:14:44.493+0000][gc,phases   ] GC(99)   Evacuate Collection Set: 16.6ms
[2025-12-25T14:14:44.493+0000][gc,phases   ] GC(99)   Post Evacuate Collection Set: 1.1ms
[2025-12-25T14:14:44.493+0000][gc,phases   ] GC(99)   Other: 0.3ms
[2025-12-25T14:14:44.493+0000][gc,heap     ] GC(99) Eden regions: 608->0(607)
[2025-12-25T14:14:44.493+0000][gc,heap     ] GC(99) Survivor regions: 6->7(77)
[2025-12-25T14:14:44.493+0000][gc,heap     ] GC(99) Old regions: 39->39
[2025-12-25T14:14:44.493+0000][gc,heap     ] GC(99) Humongous regions: 133->133
[2025-12-25T14:14:44.493+0000][gc,metaspace] GC(99) Metaspace: 14409K(14848K)->14409K(14848K) NonClass: 12866K(13056K)->12866K(13056K) Class: 1542K(1792K)->1542K(1792K)
[2025-12-25T14:14:44.493+0000][gc          ] GC(99) Pause Young (Normal) (G1 Evacuation Pause) 784M->178M(1024M) 20.484ms
[2025-12-25T14:14:44.493+0000][gc,cpu      ] GC(99) User=0.12s Sys=0.01s Real=0.02s
[2025-12-25T14:15:24.308+0000][gc,start    ] GC(100) Pause Young (Normal) (G1 Evacuation Pause)
[2025-12-25T14:15:24.309+0000][gc,task     ] GC(100) Using 8 workers of 8 for evacuation
[2025-12-25T14:15:24.331+0000][gc,phases   ] GC(100)   Pre Evacuate Collection Set: 2.6ms
[2025-12-25T14:15:24.331+0000][gc,phases   ] GC(100)   Merge Heap Roots: 0.2ms
[2025-12-25T14:15:24.331+0000][gc,phases   ] GC(100)   Evacuate Collection Set: 17.0ms
[2025-12-25T14:15:24.331+0000][gc,phases   ] GC(100)   Post Evacuate Collection Set: 2.2ms
[2025-12-25T14:15:24.332+0000][gc,phases   ] GC(100)   Other: 0.5ms
[2025-12-25T14:15:24.332+0000][gc,heap     ] GC(100) Eden regions: 607->0(607)
[2025-12-25T14:15:24.332+0000][gc,heap     ] GC(100) Survivor regions: 7->7(77)
[2025-12-25T14:15:24.332+0000][gc,heap     ] GC(100) Old regions: 39->40
[2025-12-25T14:15:24.332+0000][gc,heap     ] GC(100) Humongous regions: 133->133
[2025-12-25T14:15:24.332+0000][gc,metaspace] GC(100) Metaspace: 14411K(14848K)->14411K(14848K) NonClass: 12869K(13056K)->12869K(13056K) Class: 1542K(1792K)->1542K(1792K)
[2025-12-25T14:15:24.332+0000][gc          ] GC(100) Pause Young (Normal) (G1 Evacuation Pause) 785M->178M(1024M) 24.109ms
[2025-12-25T14:15:24.332+0000][gc,cpu      ] GC(100) User=0.15s Sys=0.00s Real=0.02s
[2025-12-25T14:15:54.622+0000][gc,start    ] GC(101) Pause Young (Normal) (G1 Evacuation Pause)
[2025-12-25T14:15:54.625+0000][gc,task     ] GC(101) Using 8 workers of 8 for evacuation
[2025-12-25T14:15:54.640+0000][gc,phases   ] GC(101)   Pre Evacuate Collection Set: 5.2ms
[2025-12-25T14:15:54.640+0000][gc,phases   ] GC(101)   Merge Heap Roots: 0.7ms
[2025-12-25T14:15:54.641+0000][gc,phases   ] GC(101)   Evacuate Collection Set: 8.1ms
[2025-12-25T14:15:54.641+0000][gc,phases   ] GC(101)   Post Evacuate Collection Set: 1.3ms
[2025-12-25T14:15:54.641+0000][gc,phases   ] GC(101)   Other: 1.0ms
[2025-12-25T14:15:54.641+0000][gc,heap     ] GC(101) Eden regions: 607->0(608)
[2025-12-25T14:15:54.641+0000][gc,heap     ] GC(101) Survivor regions: 7->6(77)
[2025-12-25T14:15:54.641+0000][gc,heap     ] GC(101) Old regions: 40->40
[2025-12-25T14:15:54.641+0000][gc,heap     ] GC(101) Humongous regions: 133->133
[2025-12-25T14:15:54.641+0000][gc,metaspace] GC(101) Metaspace: 14414K(14848K)->14414K(14848K) NonClass: 12871K(13056K)->12871K(13056K) Class: 1542K(1792K)->1542K(1792K)
[2025-12-25T14:15:54.641+0000][gc          ] GC(101) Pause Young (Normal) (G1 Evacuation Pause) 785M->178M(1024M) 19.038ms
[2025-12-25T14:15:54.641+0000][gc,cpu      ] GC(101) User=0.09s Sys=0.00s Real=0.02s
[2025-12-25T14:16:34.303+0000][gc,start    ] GC(102) Pause Young (Normal) (G1 Evacuation Pause)
[2025-12-25T14:16:34.303+0000][gc,task     ] GC(102) Using 8 workers of 8 for evacuation
[2025-12-25T14:16:34.319+0000][gc,phases   ] GC(102)   Pre Evacuate Collection Set: 1.5ms
[2025-12-25T14:16:34.319+0000][gc,phases   ] GC(102)   Merge Heap Roots: 0.3ms
[2025-12-25T14:16:34.319+0000][gc,phases   ] GC(102)   Evacuate Collection Set: 11.6ms
[2025-12-25T14:16:34.319+0000][gc,phases   ] GC(102)   Post Evacuate Collection Set: 2.2ms
[2025-12-25T14:16:34.319+0000][gc,phases   ] GC(102)   Other: 0.2ms
[2025-12-25T14:16:34.320+0000][gc,heap     ] GC(102) Eden regions: 608->0(606)
[2025-12-25T14:16:34.320+0000][gc,heap     ] GC(102) Survivor regions: 6->8(77)
[2025-12-25T14:16:34.320+0000][gc,heap     ] GC(102) Old regions: 40->40
[2025-12-25T14:16:34.320+0000][gc,heap     ] GC(102) Humongous regions: 133->133
[2025-12-25T14:16:34.320+0000][gc,metaspace] GC(102) Metaspace: 14414K(14848K)->14414K(14848K) NonClass: 12871K(13056K)->12871K(13056K) Class: 1542K(1792K)->1542K(1792K)
[2025-12-25T14:16:34.320+0000][gc          ] GC(102) Pause Young (Normal) (G1 Evacuation Pause) 786M->180M(1024M) 17.211ms
[2025-12-25T14:16:34.320+0000][gc,cpu      ] GC(102) User=0.10s Sys=0.00s Real=0.01s
[2025-12-25T14:17:14.015+0000][gc,start    ] GC(103) Pause Young (Normal) (G1 Evacuation Pause)
[2025-12-25T14:17:14.015+0000][gc,task     ] GC(103) Using 8 workers of 8 for evacuation
[2025-12-25T14:17:14.036+0000][gc,phases   ] GC(103)   Pre Evacuate Collection Set: 2.0ms
[2025-12-25T14:17:14.036+0000][gc,phases   ] GC(103)   Merge Heap Roots: 0.6ms
[2025-12-25T14:17:14.036+0000][gc,phases   ] GC(103)   Evacuate Collection Set: 15.5ms
[2025-12-25T14:17:14.036+0000][gc,phases   ] GC(103)   Post Evacuate Collection Set: 2.5ms
[2025-12-25T14:17:14.036+0000][gc,phases   ] GC(103)   Other: 0.2ms
[2025-12-25T14:17:14.036+0000][gc,heap     ] GC(103) Eden regions: 606->0(606)
[2025-12-25T14:17:14.036+0000][gc,heap     ] GC(103) Survivor regions: 8->8(77)
[2025-12-25T14:17:14.036+0000][gc,heap     ] GC(103) Old regions: 40->40
[2025-12-25T14:17:14.036+0000][gc,heap     ] GC(103) Humongous regions: 133->133
[2025-12-25T14:17:14.036+0000][gc,metaspace] GC(103) Metaspace: 14414K(14848K)->14414K(14848K) NonClass: 12871K(13056K)->12871K(13056K) Class: 1542K(1792K)->1542K(1792K)
[2025-12-25T14:17:14.037+0000][gc          ] GC(103) Pause Young (Normal) (G1 Evacuation Pause) 786M->180M(1024M) 22.079ms
[2025-12-25T14:17:14.037+0000][gc,cpu      ] GC(103) User=0.11s Sys=0.01s Real=0.02s
[2025-12-25T14:17:44.349+0000][gc,start    ] GC(104) Pause Young (Normal) (G1 Evacuation Pause)
[2025-12-25T14:17:44.350+0000][gc,task     ] GC(104) Using 8 workers of 8 for evacuation
[2025-12-25T14:17:44.373+0000][gc,phases   ] GC(104)   Pre Evacuate Collection Set: 3.1ms
[2025-12-25T14:17:44.373+0000][gc,phases   ] GC(104)   Merge Heap Roots: 1.2ms
[2025-12-25T14:17:44.373+0000][gc,phases   ] GC(104)   Evacuate Collection Set: 15.3ms
[2025-12-25T14:17:44.374+0000][gc,phases   ] GC(104)   Post Evacuate Collection Set: 3.1ms
[2025-12-25T14:17:44.374+0000][gc,phases   ] GC(104)   Other: 0.5ms
[2025-12-25T14:17:44.374+0000][gc,heap     ] GC(104) Eden regions: 606->0(604)
[2025-12-25T14:17:44.374+0000][gc,heap     ] GC(104) Survivor regions: 8->10(77)
[2025-12-25T14:17:44.374+0000][gc,heap     ] GC(104) Old regions: 40->41
[2025-12-25T14:17:44.374+0000][gc,heap     ] GC(104) Humongous regions: 133->133
[2025-12-25T14:17:44.374+0000][gc,metaspace] GC(104) Metaspace: 14414K(14848K)->14414K(14848K) NonClass: 12871K(13056K)->12871K(13056K) Class: 1542K(1792K)->1542K(1792K)
[2025-12-25T14:17:44.375+0000][gc          ] GC(104) Pause Young (Normal) (G1 Evacuation Pause) 786M->182M(1024M) 25.470ms
[2025-12-25T14:17:44.375+0000][gc,cpu      ] GC(104) User=0.12s Sys=0.01s Real=0.03s
[2025-12-25T14:18:24.061+0000][gc,start    ] GC(105) Pause Young (Normal) (G1 Evacuation Pause)
[2025-12-25T14:18:24.061+0000][gc,task     ] GC(105) Using 8 workers of 8 for evacuation
[2025-12-25T14:18:24.070+0000][gc,phases   ] GC(105)   Pre Evacuate Collection Set: 1.3ms
[2025-12-25T14:18:24.071+0000][gc,phases   ] GC(105)   Merge Heap Roots: 0.2ms
[2025-12-25T14:18:24.071+0000][gc,phases   ] GC(105)   Evacuate Collection Set: 5.7ms
[2025-12-25T14:18:24.071+0000][gc,phases   ] GC(105)   Post Evacuate Collection Set: 1.3ms
[2025-12-25T14:18:24.071+0000][gc,phases   ] GC(105)   Other: 0.3ms
[2025-12-25T14:18:24.071+0000][gc,heap     ] GC(105) Eden regions: 604->0(609)
[2025-12-25T14:18:24.071+0000][gc,heap     ] GC(105) Survivor regions: 10->5(77)
[2025-12-25T14:18:24.071+0000][gc,heap     ] GC(105) Old regions: 41->41
[2025-12-25T14:18:24.071+0000][gc,heap     ] GC(105) Humongous regions: 133->133
[2025-12-25T14:18:24.071+0000][gc,metaspace] GC(105) Metaspace: 14414K(14848K)->14414K(14848K) NonClass: 12871K(13056K)->12871K(13056K) Class: 1542K(1792K)->1542K(1792K)
[2025-12-25T14:18:24.071+0000][gc          ] GC(105) Pause Young (Normal) (G1 Evacuation Pause) 786M->178M(1024M) 10.294ms
[2025-12-25T14:18:24.071+0000][gc,cpu      ] GC(105) User=0.04s Sys=0.01s Real=0.01s
[2025-12-25T14:18:54.391+0000][gc,start    ] GC(106) Pause Young (Normal) (G1 Evacuation Pause)
[2025-12-25T14:18:54.392+0000][gc,task     ] GC(106) Using 8 workers of 8 for evacuation
[2025-12-25T14:18:54.421+0000][gc,phases   ] GC(106)   Pre Evacuate Collection Set: 1.6ms
[2025-12-25T14:18:54.421+0000][gc,phases   ] GC(106)   Merge Heap Roots: 0.8ms
[2025-12-25T14:18:54.421+0000][gc,phases   ] GC(106)   Evacuate Collection Set: 19.2ms
[2025-12-25T14:18:54.421+0000][gc,phases   ] GC(106)   Post Evacuate Collection Set: 6.5ms
[2025-12-25T14:18:54.421+0000][gc,phases   ] GC(106)   Other: 0.4ms
[2025-12-25T14:18:54.421+0000][gc,heap     ] GC(106) Eden regions: 609->0(607)
[2025-12-25T14:18:54.421+0000][gc,heap     ] GC(106) Survivor regions: 5->7(77)
[2025-12-25T14:18:54.421+0000][gc,heap     ] GC(106) Old regions: 41->41
[2025-12-25T14:18:54.421+0000][gc,heap     ] GC(106) Humongous regions: 133->133
[2025-12-25T14:18:54.422+0000][gc,metaspace] GC(106) Metaspace: 14416K(14848K)->14416K(14848K) NonClass: 12873K(13056K)->12873K(13056K) Class: 1542K(1792K)->1542K(1792K)
[2025-12-25T14:18:54.422+0000][gc          ] GC(106) Pause Young (Normal) (G1 Evacuation Pause) 787M->180M(1024M) 30.406ms
[2025-12-25T14:18:54.422+0000][gc,cpu      ] GC(106) User=0.17s Sys=0.00s Real=0.03s
[2025-12-25T14:19:34.238+0000][gc,start    ] GC(107) Pause Young (Normal) (G1 Evacuation Pause)
[2025-12-25T14:19:34.242+0000][gc,task     ] GC(107) Using 8 workers of 8 for evacuation
[2025-12-25T14:19:34.363+0000][gc,phases   ] GC(107)   Pre Evacuate Collection Set: 19.7ms
[2025-12-25T14:19:34.363+0000][gc,phases   ] GC(107)   Merge Heap Roots: 0.4ms
[2025-12-25T14:19:34.363+0000][gc,phases   ] GC(107)   Evacuate Collection Set: 81.8ms
[2025-12-25T14:19:34.363+0000][gc,phases   ] GC(107)   Post Evacuate Collection Set: 18.1ms
[2025-12-25T14:19:34.363+0000][gc,phases   ] GC(107)   Other: 0.4ms
[2025-12-25T14:19:34.363+0000][gc,heap     ] GC(107) Eden regions: 607->0(606)
[2025-12-25T14:19:34.363+0000][gc,heap     ] GC(107) Survivor regions: 7->8(77)
[2025-12-25T14:19:34.364+0000][gc,heap     ] GC(107) Old regions: 41->41
[2025-12-25T14:19:34.364+0000][gc,heap     ] GC(107) Humongous regions: 151->151
[2025-12-25T14:19:34.364+0000][gc,metaspace] GC(107) Metaspace: 14570K(14976K)->14570K(14976K) NonClass: 13003K(13184K)->13003K(13184K) Class: 1567K(1792K)->1567K(1792K)
[2025-12-25T14:19:34.364+0000][gc          ] GC(107) Pause Young (Normal) (G1 Evacuation Pause) 805M->199M(1024M) 126.448ms
[2025-12-25T14:19:34.364+0000][gc,cpu      ] GC(107) User=0.54s Sys=0.04s Real=0.12s
[2025-12-25T14:20:04.452+0000][gc,start    ] GC(108) Pause Young (Normal) (G1 Evacuation Pause)
[2025-12-25T14:20:04.452+0000][gc,task     ] GC(108) Using 8 workers of 8 for evacuation
[2025-12-25T14:20:04.475+0000][gc,phases   ] GC(108)   Pre Evacuate Collection Set: 1.0ms
[2025-12-25T14:20:04.475+0000][gc,phases   ] GC(108)   Merge Heap Roots: 0.3ms
[2025-12-25T14:20:04.475+0000][gc,phases   ] GC(108)   Evacuate Collection Set: 19.9ms
[2025-12-25T14:20:04.475+0000][gc,phases   ] GC(108)   Post Evacuate Collection Set: 1.4ms
[2025-12-25T14:20:04.475+0000][gc,phases   ] GC(108)   Other: 0.2ms
[2025-12-25T14:20:04.475+0000][gc,heap     ] GC(108) Eden regions: 606->0(605)
[2025-12-25T14:20:04.475+0000][gc,heap     ] GC(108) Survivor regions: 8->9(77)
[2025-12-25T14:20:04.475+0000][gc,heap     ] GC(108) Old regions: 41->42
[2025-12-25T14:20:04.475+0000][gc,heap     ] GC(108) Humongous regions: 151->151
[2025-12-25T14:20:04.475+0000][gc,metaspace] GC(108) Metaspace: 14572K(14976K)->14572K(14976K) NonClass: 13004K(13184K)->13004K(13184K) Class: 1567K(1792K)->1567K(1792K)
[2025-12-25T14:20:04.475+0000][gc          ] GC(108) Pause Young (Normal) (G1 Evacuation Pause) 805M->201M(1024M) 23.920ms
[2025-12-25T14:20:04.476+0000][gc,cpu      ] GC(108) User=0.17s Sys=0.00s Real=0.02s
[2025-12-25T14:20:44.160+0000][gc,start    ] GC(109) Pause Young (Normal) (G1 Evacuation Pause)
[2025-12-25T14:20:44.161+0000][gc,task     ] GC(109) Using 8 workers of 8 for evacuation
[2025-12-25T14:20:44.185+0000][gc,phases   ] GC(109)   Pre Evacuate Collection Set: 1.5ms
[2025-12-25T14:20:44.185+0000][gc,phases   ] GC(109)   Merge Heap Roots: 0.6ms
[2025-12-25T14:20:44.185+0000][gc,phases   ] GC(109)   Evacuate Collection Set: 20.2ms
[2025-12-25T14:20:44.185+0000][gc,phases   ] GC(109)   Post Evacuate Collection Set: 1.6ms
[2025-12-25T14:20:44.186+0000][gc,phases   ] GC(109)   Other: 0.3ms
[2025-12-25T14:20:44.186+0000][gc,heap     ] GC(109) Eden regions: 605->0(605)
[2025-12-25T14:20:44.186+0000][gc,heap     ] GC(109) Survivor regions: 9->9(77)
[2025-12-25T14:20:44.186+0000][gc,heap     ] GC(109) Old regions: 42->42
[2025-12-25T14:20:44.186+0000][gc,heap     ] GC(109) Humongous regions: 151->151
[2025-12-25T14:20:44.186+0000][gc,metaspace] GC(109) Metaspace: 14572K(14976K)->14572K(14976K) NonClass: 13005K(13184K)->13005K(13184K) Class: 1567K(1792K)->1567K(1792K)
[2025-12-25T14:20:44.186+0000][gc          ] GC(109) Pause Young (Normal) (G1 Evacuation Pause) 806M->200M(1024M) 25.916ms
[2025-12-25T14:20:44.186+0000][gc,cpu      ] GC(109) User=0.14s Sys=0.01s Real=0.02s
[2025-12-25T14:21:14.878+0000][gc,start    ] GC(110) Pause Young (Normal) (G1 Evacuation Pause)
[2025-12-25T14:21:14.879+0000][gc,task     ] GC(110) Using 8 workers of 8 for evacuation
[2025-12-25T14:21:14.914+0000][gc,phases   ] GC(110)   Pre Evacuate Collection Set: 1.5ms
[2025-12-25T14:21:14.914+0000][gc,phases   ] GC(110)   Merge Heap Roots: 0.5ms
[2025-12-25T14:21:14.914+0000][gc,phases   ] GC(110)   Evacuate Collection Set: 27.9ms
[2025-12-25T14:21:14.914+0000][gc,phases   ] GC(110)   Post Evacuate Collection Set: 4.2ms
[2025-12-25T14:21:14.914+0000][gc,phases   ] GC(110)   Other: 0.4ms
[2025-12-25T14:21:14.914+0000][gc,heap     ] GC(110) Eden regions: 605->0(604)
[2025-12-25T14:21:14.914+0000][gc,heap     ] GC(110) Survivor regions: 9->10(77)
[2025-12-25T14:21:14.914+0000][gc,heap     ] GC(110) Old regions: 42->42
[2025-12-25T14:21:14.914+0000][gc,heap     ] GC(110) Humongous regions: 151->151
[2025-12-25T14:21:14.914+0000][gc,metaspace] GC(110) Metaspace: 14572K(14976K)->14572K(14976K) NonClass: 13005K(13184K)->13005K(13184K) Class: 1567K(1792K)->1567K(1792K)
[2025-12-25T14:21:14.915+0000][gc          ] GC(110) Pause Young (Normal) (G1 Evacuation Pause) 805M->202M(1024M) 36.414ms
[2025-12-25T14:21:14.915+0000][gc,cpu      ] GC(110) User=0.19s Sys=0.01s Real=0.03s
[2025-12-25T14:21:54.178+0000][gc,start    ] GC(111) Pause Young (Normal) (G1 Evacuation Pause)
[2025-12-25T14:21:54.178+0000][gc,task     ] GC(111) Using 8 workers of 8 for evacuation
[2025-12-25T14:21:54.200+0000][gc,phases   ] GC(111)   Pre Evacuate Collection Set: 1.1ms
[2025-12-25T14:21:54.200+0000][gc,phases   ] GC(111)   Merge Heap Roots: 0.2ms
[2025-12-25T14:21:54.200+0000][gc,phases   ] GC(111)   Evacuate Collection Set: 19.2ms
[2025-12-25T14:21:54.201+0000][gc,phases   ] GC(111)   Post Evacuate Collection Set: 1.2ms
[2025-12-25T14:21:54.201+0000][gc,phases   ] GC(111)   Other: 0.2ms
[2025-12-25T14:21:54.201+0000][gc,heap     ] GC(111) Eden regions: 604->0(604)
[2025-12-25T14:21:54.201+0000][gc,heap     ] GC(111) Survivor regions: 10->10(77)
[2025-12-25T14:21:54.201+0000][gc,heap     ] GC(111) Old regions: 42->42
[2025-12-25T14:21:54.201+0000][gc,heap     ] GC(111) Humongous regions: 151->151
[2025-12-25T14:21:54.201+0000][gc,metaspace] GC(111) Metaspace: 14573K(14976K)->14573K(14976K) NonClass: 13006K(13184K)->13006K(13184K) Class: 1567K(1792K)->1567K(1792K)
[2025-12-25T14:21:54.201+0000][gc          ] GC(111) Pause Young (Normal) (G1 Evacuation Pause) 806M->202M(1024M) 23.408ms
[2025-12-25T14:21:54.201+0000][gc,cpu      ] GC(111) User=0.16s Sys=0.00s Real=0.03s
[2025-12-25T14:22:24.868+0000][gc,start    ] GC(112) Pause Young (Normal) (G1 Evacuation Pause)
[2025-12-25T14:22:24.868+0000][gc,task     ] GC(112) Using 8 workers of 8 for evacuation
[2025-12-25T14:22:24.888+0000][gc,phases   ] GC(112)   Pre Evacuate Collection Set: 1.4ms
[2025-12-25T14:22:24.888+0000][gc,phases   ] GC(112)   Merge Heap Roots: 0.3ms
[2025-12-25T14:22:24.888+0000][gc,phases   ] GC(112)   Evacuate Collection Set: 16.1ms
[2025-12-25T14:22:24.888+0000][gc,phases   ] GC(112)   Post Evacuate Collection Set: 1.6ms
[2025-12-25T14:22:24.888+0000][gc,phases   ] GC(112)   Other: 0.3ms
[2025-12-25T14:22:24.888+0000][gc,heap     ] GC(112) Eden regions: 604->0(603)
[2025-12-25T14:22:24.888+0000][gc,heap     ] GC(112) Survivor regions: 10->11(77)
[2025-12-25T14:22:24.888+0000][gc,heap     ] GC(112) Old regions: 42->43
[2025-12-25T14:22:24.888+0000][gc,heap     ] GC(112) Humongous regions: 151->151
[2025-12-25T14:22:24.888+0000][gc,metaspace] GC(112) Metaspace: 14579K(14976K)->14579K(14976K) NonClass: 13012K(13184K)->13012K(13184K) Class: 1567K(1792K)->1567K(1792K)
[2025-12-25T14:22:24.889+0000][gc          ] GC(112) Pause Young (Normal) (G1 Evacuation Pause) 806M->203M(1024M) 21.015ms
[2025-12-25T14:22:24.889+0000][gc,cpu      ] GC(112) User=0.12s Sys=0.01s Real=0.02s
[2025-12-25T14:23:04.291+0000][gc,start    ] GC(113) Pause Young (Normal) (G1 Evacuation Pause)
[2025-12-25T14:23:04.292+0000][gc,task     ] GC(113) Using 8 workers of 8 for evacuation
[2025-12-25T14:23:04.309+0000][gc,phases   ] GC(113)   Pre Evacuate Collection Set: 3.8ms
[2025-12-25T14:23:04.310+0000][gc,phases   ] GC(113)   Merge Heap Roots: 0.5ms
[2025-12-25T14:23:04.310+0000][gc,phases   ] GC(113)   Evacuate Collection Set: 10.7ms
[2025-12-25T14:23:04.310+0000][gc,phases   ] GC(113)   Post Evacuate Collection Set: 1.3ms
[2025-12-25T14:23:04.310+0000][gc,phases   ] GC(113)   Other: 1.4ms
[2025-12-25T14:23:04.310+0000][gc,heap     ] GC(113) Eden regions: 603->0(608)
[2025-12-25T14:23:04.310+0000][gc,heap     ] GC(113) Survivor regions: 11->6(77)
[2025-12-25T14:23:04.310+0000][gc,heap     ] GC(113) Old regions: 43->43
[2025-12-25T14:23:04.310+0000][gc,heap     ] GC(113) Humongous regions: 151->151
[2025-12-25T14:23:04.310+0000][gc,metaspace] GC(113) Metaspace: 14715K(15104K)->14715K(15104K) NonClass: 13148K(13312K)->13148K(13312K) Class: 1567K(1792K)->1567K(1792K)
[2025-12-25T14:23:04.310+0000][gc          ] GC(113) Pause Young (Normal) (G1 Evacuation Pause) 806M->199M(1024M) 19.301ms
[2025-12-25T14:23:04.310+0000][gc,cpu      ] GC(113) User=0.11s Sys=0.00s Real=0.02s
[2025-12-25T14:23:43.955+0000][gc,start    ] GC(114) Pause Young (Normal) (G1 Evacuation Pause)
[2025-12-25T14:23:43.956+0000][gc,task     ] GC(114) Using 8 workers of 8 for evacuation
[2025-12-25T14:23:43.974+0000][gc,phases   ] GC(114)   Pre Evacuate Collection Set: 2.0ms
[2025-12-25T14:23:43.974+0000][gc,phases   ] GC(114)   Merge Heap Roots: 0.3ms
[2025-12-25T14:23:43.974+0000][gc,phases   ] GC(114)   Evacuate Collection Set: 12.8ms
[2025-12-25T14:23:43.974+0000][gc,phases   ] GC(114)   Post Evacuate Collection Set: 3.1ms
[2025-12-25T14:23:43.974+0000][gc,phases   ] GC(114)   Other: 0.3ms
[2025-12-25T14:23:43.975+0000][gc,heap     ] GC(114) Eden regions: 608->0(608)
[2025-12-25T14:23:43.975+0000][gc,heap     ] GC(114) Survivor regions: 6->6(77)
[2025-12-25T14:23:43.975+0000][gc,heap     ] GC(114) Old regions: 43->43
[2025-12-25T14:23:43.975+0000][gc,heap     ] GC(114) Humongous regions: 151->151
[2025-12-25T14:23:43.975+0000][gc,metaspace] GC(114) Metaspace: 14726K(15104K)->14726K(15104K) NonClass: 13159K(13312K)->13159K(13312K) Class: 1567K(1792K)->1567K(1792K)
[2025-12-25T14:23:43.975+0000][gc          ] GC(114) Pause Young (Normal) (G1 Evacuation Pause) 807M->198M(1024M) 19.964ms
[2025-12-25T14:23:43.975+0000][gc,cpu      ] GC(114) User=0.10s Sys=0.00s Real=0.02s
[2025-12-25T14:24:14.318+0000][gc,start    ] GC(115) Pause Young (Normal) (G1 Evacuation Pause)
[2025-12-25T14:24:14.320+0000][gc,task     ] GC(115) Using 8 workers of 8 for evacuation
[2025-12-25T14:24:14.338+0000][gc,phases   ] GC(115)   Pre Evacuate Collection Set: 1.3ms
[2025-12-25T14:24:14.338+0000][gc,phases   ] GC(115)   Merge Heap Roots: 0.2ms
[2025-12-25T14:24:14.338+0000][gc,phases   ] GC(115)   Evacuate Collection Set: 14.1ms
[2025-12-25T14:24:14.338+0000][gc,phases   ] GC(115)   Post Evacuate Collection Set: 1.6ms
[2025-12-25T14:24:14.338+0000][gc,phases   ] GC(115)   Other: 0.3ms
[2025-12-25T14:24:14.338+0000][gc,heap     ] GC(115) Eden regions: 608->0(607)
[2025-12-25T14:24:14.339+0000][gc,heap     ] GC(115) Survivor regions: 6->7(77)
[2025-12-25T14:24:14.339+0000][gc,heap     ] GC(115) Old regions: 43->43
[2025-12-25T14:24:14.339+0000][gc,heap     ] GC(115) Humongous regions: 151->151
[2025-12-25T14:24:14.339+0000][gc,metaspace] GC(115) Metaspace: 14726K(15104K)->14726K(15104K) NonClass: 13159K(13312K)->13159K(13312K) Class: 1567K(1792K)->1567K(1792K)
[2025-12-25T14:24:14.339+0000][gc          ] GC(115) Pause Young (Normal) (G1 Evacuation Pause) 806M->200M(1024M) 20.775ms
[2025-12-25T14:24:14.339+0000][gc,cpu      ] GC(115) User=0.12s Sys=0.00s Real=0.02s
[2025-12-25T14:24:54.045+0000][gc,start    ] GC(116) Pause Young (Normal) (G1 Evacuation Pause)
[2025-12-25T14:24:54.045+0000][gc,task     ] GC(116) Using 8 workers of 8 for evacuation
[2025-12-25T14:24:54.069+0000][gc,phases   ] GC(116)   Pre Evacuate Collection Set: 1.4ms
[2025-12-25T14:24:54.070+0000][gc,phases   ] GC(116)   Merge Heap Roots: 2.2ms
[2025-12-25T14:24:54.070+0000][gc,phases   ] GC(116)   Evacuate Collection Set: 18.3ms
[2025-12-25T14:24:54.070+0000][gc,phases   ] GC(116)   Post Evacuate Collection Set: 1.8ms
[2025-12-25T14:24:54.070+0000][gc,phases   ] GC(116)   Other: 0.5ms
[2025-12-25T14:24:54.070+0000][gc,heap     ] GC(116) Eden regions: 607->0(607)
[2025-12-25T14:24:54.070+0000][gc,heap     ] GC(116) Survivor regions: 7->7(77)
[2025-12-25T14:24:54.070+0000][gc,heap     ] GC(116) Old regions: 43->44
[2025-12-25T14:24:54.070+0000][gc,heap     ] GC(116) Humongous regions: 151->151
[2025-12-25T14:24:54.070+0000][gc,metaspace] GC(116) Metaspace: 14726K(15104K)->14726K(15104K) NonClass: 13159K(13312K)->13159K(13312K) Class: 1567K(1792K)->1567K(1792K)
[2025-12-25T14:24:54.070+0000][gc          ] GC(116) Pause Young (Normal) (G1 Evacuation Pause) 807M->200M(1024M) 25.439ms
[2025-12-25T14:24:54.070+0000][gc,cpu      ] GC(116) User=0.12s Sys=0.00s Real=0.02s
[2025-12-25T14:25:24.506+0000][gc,start    ] GC(117) Pause Young (Normal) (G1 Evacuation Pause)
[2025-12-25T14:25:24.506+0000][gc,task     ] GC(117) Using 8 workers of 8 for evacuation
[2025-12-25T14:25:24.530+0000][gc,phases   ] GC(117)   Pre Evacuate Collection Set: 2.0ms
[2025-12-25T14:25:24.530+0000][gc,phases   ] GC(117)   Merge Heap Roots: 2.4ms
[2025-12-25T14:25:24.530+0000][gc,phases   ] GC(117)   Evacuate Collection Set: 17.1ms
[2025-12-25T14:25:24.530+0000][gc,phases   ] GC(117)   Post Evacuate Collection Set: 1.3ms
[2025-12-25T14:25:24.530+0000][gc,phases   ] GC(117)   Other: 0.5ms
[2025-12-25T14:25:24.530+0000][gc,heap     ] GC(117) Eden regions: 607->0(606)
[2025-12-25T14:25:24.530+0000][gc,heap     ] GC(117) Survivor regions: 7->8(77)
[2025-12-25T14:25:24.530+0000][gc,heap     ] GC(117) Old regions: 44->44
[2025-12-25T14:25:24.530+0000][gc,heap     ] GC(117) Humongous regions: 151->151
[2025-12-25T14:25:24.530+0000][gc,metaspace] GC(117) Metaspace: 14726K(15104K)->14726K(15104K) NonClass: 13159K(13312K)->13159K(13312K) Class: 1567K(1792K)->1567K(1792K)
[2025-12-25T14:25:24.530+0000][gc          ] GC(117) Pause Young (Normal) (G1 Evacuation Pause) 807M->202M(1024M) 24.171ms
[2025-12-25T14:25:24.530+0000][gc,cpu      ] GC(117) User=0.14s Sys=0.00s Real=0.02s
[2025-12-25T14:26:04.139+0000][gc,start    ] GC(118) Pause Young (Normal) (G1 Evacuation Pause)
[2025-12-25T14:26:04.140+0000][gc,task     ] GC(118) Using 8 workers of 8 for evacuation
[2025-12-25T14:26:04.171+0000][gc,phases   ] GC(118)   Pre Evacuate Collection Set: 2.8ms
[2025-12-25T14:26:04.171+0000][gc,phases   ] GC(118)   Merge Heap Roots: 0.7ms
[2025-12-25T14:26:04.171+0000][gc,phases   ] GC(118)   Evacuate Collection Set: 22.6ms
[2025-12-25T14:26:04.171+0000][gc,phases   ] GC(118)   Post Evacuate Collection Set: 4.9ms
[2025-12-25T14:26:04.171+0000][gc,phases   ] GC(118)   Other: 0.6ms
[2025-12-25T14:26:04.171+0000][gc,heap     ] GC(118) Eden regions: 606->0(606)
[2025-12-25T14:26:04.171+0000][gc,heap     ] GC(118) Survivor regions: 8->8(77)
[2025-12-25T14:26:04.171+0000][gc,heap     ] GC(118) Old regions: 44->44
[2025-12-25T14:26:04.171+0000][gc,heap     ] GC(118) Humongous regions: 151->151
[2025-12-25T14:26:04.171+0000][gc,metaspace] GC(118) Metaspace: 14726K(15104K)->14726K(15104K) NonClass: 13159K(13312K)->13159K(13312K) Class: 1567K(1792K)->1567K(1792K)
[2025-12-25T14:26:04.172+0000][gc          ] GC(118) Pause Young (Normal) (G1 Evacuation Pause) 808M->201M(1024M) 32.963ms
[2025-12-25T14:26:04.172+0000][gc,cpu      ] GC(118) User=0.15s Sys=0.00s Real=0.03s
[2025-12-25T14:26:34.458+0000][gc,start    ] GC(119) Pause Young (Normal) (G1 Evacuation Pause)
[2025-12-25T14:26:34.458+0000][gc,task     ] GC(119) Using 8 workers of 8 for evacuation
[2025-12-25T14:26:34.476+0000][gc,phases   ] GC(119)   Pre Evacuate Collection Set: 2.8ms
[2025-12-25T14:26:34.476+0000][gc,phases   ] GC(119)   Merge Heap Roots: 0.9ms
[2025-12-25T14:26:34.476+0000][gc,phases   ] GC(119)   Evacuate Collection Set: 12.3ms
[2025-12-25T14:26:34.476+0000][gc,phases   ] GC(119)   Post Evacuate Collection Set: 1.2ms
[2025-12-25T14:26:34.476+0000][gc,phases   ] GC(119)   Other: 0.4ms
[2025-12-25T14:26:34.476+0000][gc,heap     ] GC(119) Eden regions: 606->0(605)
[2025-12-25T14:26:34.476+0000][gc,heap     ] GC(119) Survivor regions: 8->9(77)
[2025-12-25T14:26:34.476+0000][gc,heap     ] GC(119) Old regions: 44->44
[2025-12-25T14:26:34.476+0000][gc,heap     ] GC(119) Humongous regions: 151->151
[2025-12-25T14:26:34.476+0000][gc,metaspace] GC(119) Metaspace: 14726K(15104K)->14726K(15104K) NonClass: 13159K(13312K)->13159K(13312K) Class: 1567K(1792K)->1567K(1792K)
[2025-12-25T14:26:34.477+0000][gc          ] GC(119) Pause Young (Normal) (G1 Evacuation Pause) 807M->203M(1024M) 19.010ms
[2025-12-25T14:26:34.477+0000][gc,cpu      ] GC(119) User=0.12s Sys=0.00s Real=0.02s
[2025-12-25T14:27:14.164+0000][gc,start    ] GC(120) Pause Young (Normal) (G1 Evacuation Pause)
[2025-12-25T14:27:14.165+0000][gc,task     ] GC(120) Using 8 workers of 8 for evacuation
[2025-12-25T14:27:14.195+0000][gc,phases   ] GC(120)   Pre Evacuate Collection Set: 1.3ms
[2025-12-25T14:27:14.195+0000][gc,phases   ] GC(120)   Merge Heap Roots: 0.3ms
[2025-12-25T14:27:14.195+0000][gc,phases   ] GC(120)   Evacuate Collection Set: 27.6ms
[2025-12-25T14:27:14.195+0000][gc,phases   ] GC(120)   Post Evacuate Collection Set: 1.2ms
[2025-12-25T14:27:14.195+0000][gc,phases   ] GC(120)   Other: 0.2ms
[2025-12-25T14:27:14.195+0000][gc,heap     ] GC(120) Eden regions: 605->0(609)
[2025-12-25T14:27:14.195+0000][gc,heap     ] GC(120) Survivor regions: 9->5(77)
[2025-12-25T14:27:14.196+0000][gc,heap     ] GC(120) Old regions: 44->45
[2025-12-25T14:27:14.196+0000][gc,heap     ] GC(120) Humongous regions: 151->151
[2025-12-25T14:27:14.196+0000][gc,metaspace] GC(120) Metaspace: 14728K(15104K)->14728K(15104K) NonClass: 13161K(13312K)->13161K(13312K) Class: 1567K(1792K)->1567K(1792K)
[2025-12-25T14:27:14.196+0000][gc          ] GC(120) Pause Young (Normal) (G1 Evacuation Pause) 808M->199M(1024M) 31.604ms
[2025-12-25T14:27:14.196+0000][gc,cpu      ] GC(120) User=0.10s Sys=0.07s Real=0.03s
[2025-12-25T14:27:44.536+0000][gc,start    ] GC(121) Pause Young (Normal) (G1 Evacuation Pause)
[2025-12-25T14:27:44.538+0000][gc,task     ] GC(121) Using 8 workers of 8 for evacuation
[2025-12-25T14:27:44.549+0000][gc,phases   ] GC(121)   Pre Evacuate Collection Set: 1.2ms
[2025-12-25T14:27:44.549+0000][gc,phases   ] GC(121)   Merge Heap Roots: 0.3ms
[2025-12-25T14:27:44.549+0000][gc,phases   ] GC(121)   Evacuate Collection Set: 7.9ms
[2025-12-25T14:27:44.549+0000][gc,phases   ] GC(121)   Post Evacuate Collection Set: 1.2ms
[2025-12-25T14:27:44.549+0000][gc,phases   ] GC(121)   Other: 0.3ms
[2025-12-25T14:27:44.549+0000][gc,heap     ] GC(121) Eden regions: 609->0(608)
[2025-12-25T14:27:44.549+0000][gc,heap     ] GC(121) Survivor regions: 5->6(77)
[2025-12-25T14:27:44.549+0000][gc,heap     ] GC(121) Old regions: 45->45
[2025-12-25T14:27:44.549+0000][gc,heap     ] GC(121) Humongous regions: 151->151
[2025-12-25T14:27:44.549+0000][gc,metaspace] GC(121) Metaspace: 14728K(15104K)->14728K(15104K) NonClass: 13161K(13312K)->13161K(13312K) Class: 1567K(1792K)->1567K(1792K)
[2025-12-25T14:27:44.550+0000][gc          ] GC(121) Pause Young (Normal) (G1 Evacuation Pause) 808M->201M(1024M) 13.769ms
[2025-12-25T14:27:44.550+0000][gc,cpu      ] GC(121) User=0.07s Sys=0.00s Real=0.02s
[2025-12-25T14:28:24.262+0000][gc,start    ] GC(122) Pause Young (Normal) (G1 Evacuation Pause)
[2025-12-25T14:28:24.263+0000][gc,task     ] GC(122) Using 8 workers of 8 for evacuation
[2025-12-25T14:28:24.285+0000][gc,phases   ] GC(122)   Pre Evacuate Collection Set: 2.2ms
[2025-12-25T14:28:24.285+0000][gc,phases   ] GC(122)   Merge Heap Roots: 1.0ms
[2025-12-25T14:28:24.285+0000][gc,phases   ] GC(122)   Evacuate Collection Set: 16.6ms
[2025-12-25T14:28:24.285+0000][gc,phases   ] GC(122)   Post Evacuate Collection Set: 1.6ms
[2025-12-25T14:28:24.285+0000][gc,phases   ] GC(122)   Other: 0.4ms
[2025-12-25T14:28:24.285+0000][gc,heap     ] GC(122) Eden regions: 608->0(609)
[2025-12-25T14:28:24.285+0000][gc,heap     ] GC(122) Survivor regions: 6->5(77)
[2025-12-25T14:28:24.285+0000][gc,heap     ] GC(122) Old regions: 45->45
[2025-12-25T14:28:24.285+0000][gc,heap     ] GC(122) Humongous regions: 151->151
[2025-12-25T14:28:24.285+0000][gc,metaspace] GC(122) Metaspace: 14728K(15104K)->14728K(15104K) NonClass: 13161K(13312K)->13161K(13312K) Class: 1567K(1792K)->1567K(1792K)
[2025-12-25T14:28:24.285+0000][gc          ] GC(122) Pause Young (Normal) (G1 Evacuation Pause) 809M->200M(1024M) 23.081ms
[2025-12-25T14:28:24.285+0000][gc,cpu      ] GC(122) User=0.13s Sys=0.01s Real=0.03s
[2025-12-25T14:29:03.955+0000][gc,start    ] GC(123) Pause Young (Normal) (G1 Evacuation Pause)
[2025-12-25T14:29:03.956+0000][gc,task     ] GC(123) Using 8 workers of 8 for evacuation
[2025-12-25T14:29:03.977+0000][gc,phases   ] GC(123)   Pre Evacuate Collection Set: 5.4ms
[2025-12-25T14:29:03.977+0000][gc,phases   ] GC(123)   Merge Heap Roots: 0.6ms
[2025-12-25T14:29:03.977+0000][gc,phases   ] GC(123)   Evacuate Collection Set: 13.0ms
[2025-12-25T14:29:03.977+0000][gc,phases   ] GC(123)   Post Evacuate Collection Set: 1.5ms
[2025-12-25T14:29:03.977+0000][gc,phases   ] GC(123)   Other: 0.6ms
[2025-12-25T14:29:03.977+0000][gc,heap     ] GC(123) Eden regions: 609->0(610)
[2025-12-25T14:29:03.977+0000][gc,heap     ] GC(123) Survivor regions: 5->4(77)
[2025-12-25T14:29:03.977+0000][gc,heap     ] GC(123) Old regions: 45->45
[2025-12-25T14:29:03.977+0000][gc,heap     ] GC(123) Humongous regions: 151->151
[2025-12-25T14:29:03.977+0000][gc,metaspace] GC(123) Metaspace: 14728K(15104K)->14728K(15104K) NonClass: 13161K(13312K)->13161K(13312K) Class: 1567K(1792K)->1567K(1792K)
[2025-12-25T14:29:03.978+0000][gc          ] GC(123) Pause Young (Normal) (G1 Evacuation Pause) 809M->199M(1024M) 22.779ms
[2025-12-25T14:29:03.978+0000][gc,cpu      ] GC(123) User=0.10s Sys=0.01s Real=0.02s
[2025-12-25T14:29:34.372+0000][gc,start    ] GC(124) Pause Young (Normal) (G1 Evacuation Pause)
[2025-12-25T14:29:34.373+0000][gc,task     ] GC(124) Using 8 workers of 8 for evacuation
[2025-12-25T14:29:34.392+0000][gc,phases   ] GC(124)   Pre Evacuate Collection Set: 1.2ms
[2025-12-25T14:29:34.392+0000][gc,phases   ] GC(124)   Merge Heap Roots: 0.2ms
[2025-12-25T14:29:34.392+0000][gc,phases   ] GC(124)   Evacuate Collection Set: 16.1ms
[2025-12-25T14:29:34.392+0000][gc,phases   ] GC(124)   Post Evacuate Collection Set: 1.5ms
[2025-12-25T14:29:34.392+0000][gc,phases   ] GC(124)   Other: 0.4ms
[2025-12-25T14:29:34.392+0000][gc,heap     ] GC(124) Eden regions: 610->0(607)
[2025-12-25T14:29:34.392+0000][gc,heap     ] GC(124) Survivor regions: 4->7(77)
[2025-12-25T14:29:34.392+0000][gc,heap     ] GC(124) Old regions: 45->45
[2025-12-25T14:29:34.392+0000][gc,heap     ] GC(124) Humongous regions: 151->151
[2025-12-25T14:29:34.392+0000][gc,metaspace] GC(124) Metaspace: 14731K(15104K)->14731K(15104K) NonClass: 13164K(13312K)->13164K(13312K) Class: 1567K(1792K)->1567K(1792K)
[2025-12-25T14:29:34.392+0000][gc          ] GC(124) Pause Young (Normal) (G1 Evacuation Pause) 809M->202M(1024M) 20.425ms
[2025-12-25T14:29:34.393+0000][gc,cpu      ] GC(124) User=0.13s Sys=0.00s Real=0.02s
[2025-12-25T14:30:14.335+0000][gc,start    ] GC(125) Pause Young (Normal) (G1 Evacuation Pause)
[2025-12-25T14:30:14.348+0000][gc,task     ] GC(125) Using 8 workers of 8 for evacuation
[2025-12-25T14:30:14.436+0000][gc,phases   ] GC(125)   Pre Evacuate Collection Set: 6.9ms
[2025-12-25T14:30:14.436+0000][gc,phases   ] GC(125)   Merge Heap Roots: 0.7ms
[2025-12-25T14:30:14.436+0000][gc,phases   ] GC(125)   Evacuate Collection Set: 70.3ms
[2025-12-25T14:30:14.437+0000][gc,phases   ] GC(125)   Post Evacuate Collection Set: 5.7ms
[2025-12-25T14:30:14.437+0000][gc,phases   ] GC(125)   Other: 5.2ms
[2025-12-25T14:30:14.438+0000][gc,heap     ] GC(125) Eden regions: 607->0(608)
[2025-12-25T14:30:14.438+0000][gc,heap     ] GC(125) Survivor regions: 7->6(77)
[2025-12-25T14:30:14.439+0000][gc,heap     ] GC(125) Old regions: 45->45
[2025-12-25T14:30:14.439+0000][gc,heap     ] GC(125) Humongous regions: 151->151
[2025-12-25T14:30:14.440+0000][gc,metaspace] GC(125) Metaspace: 14731K(15104K)->14731K(15104K) NonClass: 13164K(13312K)->13164K(13312K) Class: 1567K(1792K)->1567K(1792K)
[2025-12-25T14:30:14.441+0000][gc          ] GC(125) Pause Young (Normal) (G1 Evacuation Pause) 809M->201M(1024M) 105.707ms
[2025-12-25T14:30:14.443+0000][gc,cpu      ] GC(125) User=0.11s Sys=0.01s Real=0.11s
[2025-12-25T14:30:46.199+0000][gc,start    ] GC(126) Pause Young (Normal) (G1 Evacuation Pause)
[2025-12-25T14:30:46.203+0000][gc,task     ] GC(126) Using 8 workers of 8 for evacuation
[2025-12-25T14:30:46.330+0000][gc,phases   ] GC(126)   Pre Evacuate Collection Set: 20.6ms
[2025-12-25T14:30:46.330+0000][gc,phases   ] GC(126)   Merge Heap Roots: 0.6ms
[2025-12-25T14:30:46.330+0000][gc,phases   ] GC(126)   Evacuate Collection Set: 100.7ms
[2025-12-25T14:30:46.331+0000][gc,phases   ] GC(126)   Post Evacuate Collection Set: 4.0ms
[2025-12-25T14:30:46.331+0000][gc,phases   ] GC(126)   Other: 1.4ms
[2025-12-25T14:30:46.331+0000][gc,heap     ] GC(126) Eden regions: 608->0(606)
[2025-12-25T14:30:46.331+0000][gc,heap     ] GC(126) Survivor regions: 6->8(77)
[2025-12-25T14:30:46.331+0000][gc,heap     ] GC(126) Old regions: 45->46
[2025-12-25T14:30:46.331+0000][gc,heap     ] GC(126) Humongous regions: 151->151
[2025-12-25T14:30:46.331+0000][gc,metaspace] GC(126) Metaspace: 14731K(15104K)->14731K(15104K) NonClass: 13164K(13312K)->13164K(13312K) Class: 1567K(1792K)->1567K(1792K)
[2025-12-25T14:30:46.332+0000][gc          ] GC(126) Pause Young (Normal) (G1 Evacuation Pause) 809M->203M(1024M) 132.189ms
[2025-12-25T14:30:46.332+0000][gc,cpu      ] GC(126) User=0.26s Sys=0.01s Real=0.14s
[2025-12-25T14:31:24.130+0000][gc,start    ] GC(127) Pause Young (Normal) (G1 Evacuation Pause)
[2025-12-25T14:31:24.130+0000][gc,task     ] GC(127) Using 8 workers of 8 for evacuation
[2025-12-25T14:31:24.159+0000][gc,phases   ] GC(127)   Pre Evacuate Collection Set: 1.7ms
[2025-12-25T14:31:24.159+0000][gc,phases   ] GC(127)   Merge Heap Roots: 0.3ms
[2025-12-25T14:31:24.159+0000][gc,phases   ] GC(127)   Evacuate Collection Set: 17.3ms
[2025-12-25T14:31:24.159+0000][gc,phases   ] GC(127)   Post Evacuate Collection Set: 9.1ms
[2025-12-25T14:31:24.159+0000][gc,phases   ] GC(127)   Other: 0.4ms
[2025-12-25T14:31:24.160+0000][gc,heap     ] GC(127) Eden regions: 606->0(610)
[2025-12-25T14:31:24.160+0000][gc,heap     ] GC(127) Survivor regions: 8->4(77)
[2025-12-25T14:31:24.160+0000][gc,heap     ] GC(127) Old regions: 46->46
[2025-12-25T14:31:24.160+0000][gc,heap     ] GC(127) Humongous regions: 151->151
[2025-12-25T14:31:24.160+0000][gc,metaspace] GC(127) Metaspace: 14732K(15104K)->14732K(15104K) NonClass: 13165K(13312K)->13165K(13312K) Class: 1567K(1792K)->1567K(1792K)
[2025-12-25T14:31:24.161+0000][gc          ] GC(127) Pause Young (Normal) (G1 Evacuation Pause) 809M->199M(1024M) 30.954ms
[2025-12-25T14:31:24.161+0000][gc,cpu      ] GC(127) User=0.14s Sys=0.00s Real=0.03s
[2025-12-25T14:31:54.547+0000][gc,start    ] GC(128) Pause Young (Normal) (G1 Evacuation Pause)
[2025-12-25T14:31:54.548+0000][gc,task     ] GC(128) Using 8 workers of 8 for evacuation
[2025-12-25T14:31:54.567+0000][gc,phases   ] GC(128)   Pre Evacuate Collection Set: 1.2ms
[2025-12-25T14:31:54.568+0000][gc,phases   ] GC(128)   Merge Heap Roots: 0.2ms
[2025-12-25T14:31:54.568+0000][gc,phases   ] GC(128)   Evacuate Collection Set: 16.7ms
[2025-12-25T14:31:54.568+0000][gc,phases   ] GC(128)   Post Evacuate Collection Set: 1.4ms
[2025-12-25T14:31:54.568+0000][gc,phases   ] GC(128)   Other: 0.2ms
[2025-12-25T14:31:54.568+0000][gc,heap     ] GC(128) Eden regions: 610->0(608)
[2025-12-25T14:31:54.568+0000][gc,heap     ] GC(128) Survivor regions: 4->6(77)
[2025-12-25T14:31:54.568+0000][gc,heap     ] GC(128) Old regions: 46->46
[2025-12-25T14:31:54.568+0000][gc,heap     ] GC(128) Humongous regions: 151->151
[2025-12-25T14:31:54.568+0000][gc,metaspace] GC(128) Metaspace: 14747K(15168K)->14747K(15168K) NonClass: 13175K(13376K)->13175K(13376K) Class: 1572K(1792K)->1572K(1792K)
[2025-12-25T14:31:54.569+0000][gc          ] GC(128) Pause Young (Normal) (G1 Evacuation Pause) 809M->201M(1024M) 21.996ms
[2025-12-25T14:31:54.569+0000][gc,cpu      ] GC(128) User=0.13s Sys=0.00s Real=0.02s
[2025-12-25T14:32:34.303+0000][gc,start    ] GC(129) Pause Young (Normal) (G1 Evacuation Pause)
[2025-12-25T14:32:34.306+0000][gc,task     ] GC(129) Using 8 workers of 8 for evacuation
[2025-12-25T14:32:34.339+0000][gc,phases   ] GC(129)   Pre Evacuate Collection Set: 5.6ms
[2025-12-25T14:32:34.339+0000][gc,phases   ] GC(129)   Merge Heap Roots: 0.6ms
[2025-12-25T14:32:34.339+0000][gc,phases   ] GC(129)   Evacuate Collection Set: 17.1ms
[2025-12-25T14:32:34.339+0000][gc,phases   ] GC(129)   Post Evacuate Collection Set: 9.6ms
[2025-12-25T14:32:34.339+0000][gc,phases   ] GC(129)   Other: 1.0ms
[2025-12-25T14:32:34.340+0000][gc,heap     ] GC(129) Eden regions: 608->0(608)
[2025-12-25T14:32:34.340+0000][gc,heap     ] GC(129) Survivor regions: 6->6(77)
[2025-12-25T14:32:34.340+0000][gc,heap     ] GC(129) Old regions: 46->46
[2025-12-25T14:32:34.340+0000][gc,heap     ] GC(129) Humongous regions: 151->151
[2025-12-25T14:32:34.340+0000][gc,metaspace] GC(129) Metaspace: 14747K(15168K)->14747K(15168K) NonClass: 13175K(13376K)->13175K(13376K) Class: 1572K(1792K)->1572K(1792K)
[2025-12-25T14:32:34.340+0000][gc          ] GC(129) Pause Young (Normal) (G1 Evacuation Pause) 809M->201M(1024M) 36.914ms
[2025-12-25T14:32:34.340+0000][gc,cpu      ] GC(129) User=0.10s Sys=0.01s Real=0.04s
[2025-12-25T14:33:04.611+0000][gc,start    ] GC(130) Pause Young (Normal) (G1 Evacuation Pause)
[2025-12-25T14:33:04.612+0000][gc,task     ] GC(130) Using 8 workers of 8 for evacuation
[2025-12-25T14:33:04.632+0000][gc,phases   ] GC(130)   Pre Evacuate Collection Set: 1.0ms
[2025-12-25T14:33:04.632+0000][gc,phases   ] GC(130)   Merge Heap Roots: 0.2ms
[2025-12-25T14:33:04.632+0000][gc,phases   ] GC(130)   Evacuate Collection Set: 17.6ms
[2025-12-25T14:33:04.633+0000][gc,phases   ] GC(130)   Post Evacuate Collection Set: 1.3ms
[2025-12-25T14:33:04.633+0000][gc,phases   ] GC(130)   Other: 0.2ms
[2025-12-25T14:33:04.633+0000][gc,heap     ] GC(130) Eden regions: 608->0(606)
[2025-12-25T14:33:04.633+0000][gc,heap     ] GC(130) Survivor regions: 6->8(77)
[2025-12-25T14:33:04.633+0000][gc,heap     ] GC(130) Old regions: 46->46
[2025-12-25T14:33:04.633+0000][gc,heap     ] GC(130) Humongous regions: 151->151
[2025-12-25T14:33:04.633+0000][gc,metaspace] GC(130) Metaspace: 14747K(15168K)->14747K(15168K) NonClass: 13175K(13376K)->13175K(13376K) Class: 1572K(1792K)->1572K(1792K)
[2025-12-25T14:33:04.633+0000][gc          ] GC(130) Pause Young (Normal) (G1 Evacuation Pause) 809M->203M(1024M) 22.135ms
[2025-12-25T14:33:04.633+0000][gc,cpu      ] GC(130) User=0.13s Sys=0.00s Real=0.02s
[2025-12-25T14:33:44.347+0000][gc,start    ] GC(131) Pause Young (Normal) (G1 Evacuation Pause)
[2025-12-25T14:33:44.348+0000][gc,task     ] GC(131) Using 8 workers of 8 for evacuation
[2025-12-25T14:33:44.372+0000][gc,phases   ] GC(131)   Pre Evacuate Collection Set: 1.4ms
[2025-12-25T14:33:44.372+0000][gc,phases   ] GC(131)   Merge Heap Roots: 0.2ms
[2025-12-25T14:33:44.372+0000][gc,phases   ] GC(131)   Evacuate Collection Set: 20.5ms
[2025-12-25T14:33:44.372+0000][gc,phases   ] GC(131)   Post Evacuate Collection Set: 1.7ms
[2025-12-25T14:33:44.372+0000][gc,phases   ] GC(131)   Other: 0.2ms
[2025-12-25T14:33:44.372+0000][gc,heap     ] GC(131) Eden regions: 606->0(607)
[2025-12-25T14:33:44.372+0000][gc,heap     ] GC(131) Survivor regions: 8->7(77)
[2025-12-25T14:33:44.372+0000][gc,heap     ] GC(131) Old regions: 46->46
[2025-12-25T14:33:44.372+0000][gc,heap     ] GC(131) Humongous regions: 151->151
[2025-12-25T14:33:44.372+0000][gc,metaspace] GC(131) Metaspace: 14748K(15168K)->14748K(15168K) NonClass: 13176K(13376K)->13176K(13376K) Class: 1572K(1792K)->1572K(1792K)
[2025-12-25T14:33:44.372+0000][gc          ] GC(131) Pause Young (Normal) (G1 Evacuation Pause) 809M->203M(1024M) 25.376ms
[2025-12-25T14:33:44.372+0000][gc,cpu      ] GC(131) User=0.14s Sys=0.00s Real=0.02s
[2025-12-25T14:34:24.002+0000][gc,start    ] GC(132) Pause Young (Normal) (G1 Evacuation Pause)
[2025-12-25T14:34:24.004+0000][gc,task     ] GC(132) Using 8 workers of 8 for evacuation
[2025-12-25T14:34:24.035+0000][gc,phases   ] GC(132)   Pre Evacuate Collection Set: 2.9ms
[2025-12-25T14:34:24.035+0000][gc,phases   ] GC(132)   Merge Heap Roots: 2.6ms
[2025-12-25T14:34:24.035+0000][gc,phases   ] GC(132)   Evacuate Collection Set: 22.2ms
[2025-12-25T14:34:24.035+0000][gc,phases   ] GC(132)   Post Evacuate Collection Set: 2.5ms
[2025-12-25T14:34:24.035+0000][gc,phases   ] GC(132)   Other: 0.6ms
[2025-12-25T14:34:24.035+0000][gc,heap     ] GC(132) Eden regions: 607->0(607)
[2025-12-25T14:34:24.035+0000][gc,heap     ] GC(132) Survivor regions: 7->7(77)
[2025-12-25T14:34:24.035+0000][gc,heap     ] GC(132) Old regions: 46->46
[2025-12-25T14:34:24.035+0000][gc,heap     ] GC(132) Humongous regions: 151->151
[2025-12-25T14:34:24.035+0000][gc,metaspace] GC(132) Metaspace: 14748K(15168K)->14748K(15168K) NonClass: 13176K(13376K)->13176K(13376K) Class: 1572K(1792K)->1572K(1792K)
[2025-12-25T14:34:24.035+0000][gc          ] GC(132) Pause Young (Normal) (G1 Evacuation Pause) 810M->203M(1024M) 32.731ms
[2025-12-25T14:34:24.035+0000][gc,cpu      ] GC(132) User=0.18s Sys=0.00s Real=0.03s
[2025-12-25T14:34:34.006+0000][gc,start    ] GC(133) Pause Young (Concurrent Start) (CodeCache GC Threshold)
[2025-12-25T14:34:34.006+0000][gc,task     ] GC(133) Using 8 workers of 8 for evacuation
[2025-12-25T14:34:34.032+0000][gc,phases   ] GC(133)   Pre Evacuate Collection Set: 4.3ms
[2025-12-25T14:34:34.034+0000][gc,phases   ] GC(133)   Merge Heap Roots: 0.3ms
[2025-12-25T14:34:34.034+0000][gc,phases   ] GC(133)   Evacuate Collection Set: 19.4ms
[2025-12-25T14:34:34.036+0000][gc,phases   ] GC(133)   Post Evacuate Collection Set: 1.1ms
[2025-12-25T14:34:34.036+0000][gc,phases   ] GC(133)   Other: 0.5ms
[2025-12-25T14:34:34.036+0000][gc,heap     ] GC(133) Eden regions: 172->0(607)
[2025-12-25T14:34:34.036+0000][gc,heap     ] GC(133) Survivor regions: 7->7(77)
[2025-12-25T14:34:34.036+0000][gc,heap     ] GC(133) Old regions: 46->46
[2025-12-25T14:34:34.037+0000][gc,heap     ] GC(133) Humongous regions: 151->151
[2025-12-25T14:34:34.038+0000][gc,metaspace] GC(133) Metaspace: 14748K(15168K)->14748K(15168K) NonClass: 13176K(13376K)->13176K(13376K) Class: 1572K(1792K)->1572K(1792K)
[2025-12-25T14:34:34.038+0000][gc          ] GC(133) Pause Young (Concurrent Start) (CodeCache GC Threshold) 374M->203M(1024M) 32.376ms
[2025-12-25T14:34:34.038+0000][gc,cpu      ] GC(133) User=0.10s Sys=0.00s Real=0.03s
[2025-12-25T14:34:34.038+0000][gc          ] GC(134) Concurrent Mark Cycle
[2025-12-25T14:34:34.039+0000][gc,marking  ] GC(134) Concurrent Scan Root Regions
[2025-12-25T14:34:34.048+0000][gc,marking  ] GC(134) Concurrent Scan Root Regions 8.994ms
[2025-12-25T14:34:34.048+0000][gc,marking  ] GC(134) Concurrent Mark
[2025-12-25T14:34:34.048+0000][gc,marking  ] GC(134) Concurrent Mark From Roots
[2025-12-25T14:34:34.048+0000][gc,task     ] GC(134) Using 2 workers of 2 for marking
[2025-12-25T14:34:34.240+0000][gc,marking  ] GC(134) Concurrent Mark From Roots 191.638ms
[2025-12-25T14:34:34.241+0000][gc,marking  ] GC(134) Concurrent Preclean
[2025-12-25T14:34:34.241+0000][gc,marking  ] GC(134) Concurrent Preclean 0.446ms
[2025-12-25T14:34:34.242+0000][gc,start    ] GC(134) Pause Remark
[2025-12-25T14:34:34.641+0000][gc,mmu      ] GC(134) MMU target violated: 201.0ms (200.0ms/201.0ms)
[2025-12-25T14:34:34.641+0000][gc          ] GC(134) Pause Remark 240M->237M(1024M) 398.700ms
[2025-12-25T14:34:34.641+0000][gc,cpu      ] GC(134) User=1.76s Sys=0.11s Real=0.40s
[2025-12-25T14:34:34.643+0000][gc,marking  ] GC(134) Concurrent Mark 594.984ms
[2025-12-25T14:34:34.643+0000][gc,marking  ] GC(134) Concurrent Rebuild Remembered Sets and Scrub Regions
[2025-12-25T14:34:34.665+0000][gc,marking  ] GC(134) Concurrent Rebuild Remembered Sets and Scrub Regions 21.878ms
[2025-12-25T14:34:34.665+0000][gc,start    ] GC(134) Pause Cleanup
[2025-12-25T14:34:34.666+0000][gc          ] GC(134) Pause Cleanup 239M->239M(1024M) 0.546ms
[2025-12-25T14:34:34.666+0000][gc,cpu      ] GC(134) User=0.00s Sys=0.00s Real=0.00s
[2025-12-25T14:34:34.666+0000][gc,marking  ] GC(134) Concurrent Clear Claimed Marks
[2025-12-25T14:34:34.666+0000][gc,marking  ] GC(134) Concurrent Clear Claimed Marks 0.212ms
[2025-12-25T14:34:34.666+0000][gc,marking  ] GC(134) Concurrent Cleanup for Next Mark
[2025-12-25T14:34:34.685+0000][gc,marking  ] GC(134) Concurrent Cleanup for Next Mark 18.385ms
[2025-12-25T14:34:34.686+0000][gc          ] GC(134) Concurrent Mark Cycle 647.483ms
[2025-12-25T14:35:04.441+0000][gc,start    ] GC(135) Pause Young (Prepare Mixed) (G1 Evacuation Pause)
[2025-12-25T14:35:04.441+0000][gc,task     ] GC(135) Using 8 workers of 8 for evacuation
[2025-12-25T14:35:04.479+0000][gc,phases   ] GC(135)   Pre Evacuate Collection Set: 2.0ms
[2025-12-25T14:35:04.479+0000][gc,phases   ] GC(135)   Merge Heap Roots: 0.4ms
[2025-12-25T14:35:04.479+0000][gc,phases   ] GC(135)   Evacuate Collection Set: 33.4ms
[2025-12-25T14:35:04.479+0000][gc,phases   ] GC(135)   Post Evacuate Collection Set: 1.4ms
[2025-12-25T14:35:04.479+0000][gc,phases   ] GC(135)   Other: 0.2ms
[2025-12-25T14:35:04.479+0000][gc,heap     ] GC(135) Eden regions: 607->0(605)
[2025-12-25T14:35:04.479+0000][gc,heap     ] GC(135) Survivor regions: 7->9(77)
[2025-12-25T14:35:04.479+0000][gc,heap     ] GC(135) Old regions: 43->43
[2025-12-25T14:35:04.479+0000][gc,heap     ] GC(135) Humongous regions: 151->151
[2025-12-25T14:35:04.479+0000][gc,metaspace] GC(135) Metaspace: 14639K(15168K)->14639K(15168K) NonClass: 13096K(13376K)->13096K(13376K) Class: 1542K(1792K)->1542K(1792K)
[2025-12-25T14:35:04.479+0000][gc          ] GC(135) Pause Young (Prepare Mixed) (G1 Evacuation Pause) 807M->202M(1024M) 38.538ms
[2025-12-25T14:35:04.480+0000][gc,cpu      ] GC(135) User=0.28s Sys=0.00s Real=0.04s
[2025-12-25T14:35:44.097+0000][gc,start    ] GC(136) Pause Young (Mixed) (G1 Evacuation Pause)
[2025-12-25T14:35:44.098+0000][gc,task     ] GC(136) Using 8 workers of 8 for evacuation
[2025-12-25T14:35:44.151+0000][gc,phases   ] GC(136)   Pre Evacuate Collection Set: 26.5ms
[2025-12-25T14:35:44.151+0000][gc,phases   ] GC(136)   Merge Heap Roots: 0.4ms
[2025-12-25T14:35:44.151+0000][gc,phases   ] GC(136)   Evacuate Collection Set: 22.5ms
[2025-12-25T14:35:44.151+0000][gc,phases   ] GC(136)   Post Evacuate Collection Set: 3.2ms
[2025-12-25T14:35:44.151+0000][gc,phases   ] GC(136)   Other: 0.5ms
[2025-12-25T14:35:44.151+0000][gc,heap     ] GC(136) Eden regions: 605->0(610)
[2025-12-25T14:35:44.151+0000][gc,heap     ] GC(136) Survivor regions: 9->4(77)
[2025-12-25T14:35:44.151+0000][gc,heap     ] GC(136) Old regions: 43->39
[2025-12-25T14:35:44.151+0000][gc,heap     ] GC(136) Humongous regions: 151->151
[2025-12-25T14:35:44.152+0000][gc,metaspace] GC(136) Metaspace: 14640K(15168K)->14640K(15168K) NonClass: 13097K(13376K)->13097K(13376K) Class: 1542K(1792K)->1542K(1792K)
[2025-12-25T14:35:44.152+0000][gc          ] GC(136) Pause Young (Mixed) (G1 Evacuation Pause) 807M->193M(1024M) 55.334ms
[2025-12-25T14:35:44.152+0000][gc,cpu      ] GC(136) User=0.24s Sys=0.01s Real=0.06s
[2025-12-25T14:36:14.624+0000][gc,start    ] GC(137) Pause Young (Normal) (G1 Evacuation Pause)
[2025-12-25T14:36:14.625+0000][gc,task     ] GC(137) Using 8 workers of 8 for evacuation
[2025-12-25T14:36:14.640+0000][gc,phases   ] GC(137)   Pre Evacuate Collection Set: 1.8ms
[2025-12-25T14:36:14.640+0000][gc,phases   ] GC(137)   Merge Heap Roots: 0.3ms
[2025-12-25T14:36:14.640+0000][gc,phases   ] GC(137)   Evacuate Collection Set: 7.6ms
[2025-12-25T14:36:14.640+0000][gc,phases   ] GC(137)   Post Evacuate Collection Set: 5.3ms
[2025-12-25T14:36:14.640+0000][gc,phases   ] GC(137)   Other: 0.3ms
[2025-12-25T14:36:14.640+0000][gc,heap     ] GC(137) Eden regions: 610->0(608)
[2025-12-25T14:36:14.640+0000][gc,heap     ] GC(137) Survivor regions: 4->6(77)
[2025-12-25T14:36:14.640+0000][gc,heap     ] GC(137) Old regions: 39->39
[2025-12-25T14:36:14.641+0000][gc,heap     ] GC(137) Humongous regions: 151->151
[2025-12-25T14:36:14.641+0000][gc,metaspace] GC(137) Metaspace: 14640K(15168K)->14640K(15168K) NonClass: 13097K(13376K)->13097K(13376K) Class: 1542K(1792K)->1542K(1792K)
[2025-12-25T14:36:14.641+0000][gc          ] GC(137) Pause Young (Normal) (G1 Evacuation Pause) 803M->195M(1024M) 17.114ms
[2025-12-25T14:36:14.641+0000][gc,cpu      ] GC(137) User=0.08s Sys=0.00s Real=0.01s
[2025-12-25T14:36:54.055+0000][gc,start    ] GC(138) Pause Young (Normal) (G1 Evacuation Pause)
[2025-12-25T14:36:54.056+0000][gc,task     ] GC(138) Using 8 workers of 8 for evacuation
[2025-12-25T14:36:54.074+0000][gc,phases   ] GC(138)   Pre Evacuate Collection Set: 1.4ms
[2025-12-25T14:36:54.074+0000][gc,phases   ] GC(138)   Merge Heap Roots: 0.3ms
[2025-12-25T14:36:54.074+0000][gc,phases   ] GC(138)   Evacuate Collection Set: 14.6ms
[2025-12-25T14:36:54.074+0000][gc,phases   ] GC(138)   Post Evacuate Collection Set: 1.7ms
[2025-12-25T14:36:54.074+0000][gc,phases   ] GC(138)   Other: 0.3ms
[2025-12-25T14:36:54.075+0000][gc,heap     ] GC(138) Eden regions: 608->0(608)
[2025-12-25T14:36:54.075+0000][gc,heap     ] GC(138) Survivor regions: 6->6(77)
[2025-12-25T14:36:54.075+0000][gc,heap     ] GC(138) Old regions: 39->39
[2025-12-25T14:36:54.075+0000][gc,heap     ] GC(138) Humongous regions: 151->151
[2025-12-25T14:36:54.075+0000][gc,metaspace] GC(138) Metaspace: 14640K(15168K)->14640K(15168K) NonClass: 13097K(13376K)->13097K(13376K) Class: 1542K(1792K)->1542K(1792K)
[2025-12-25T14:36:54.075+0000][gc          ] GC(138) Pause Young (Normal) (G1 Evacuation Pause) 803M->195M(1024M) 19.630ms
[2025-12-25T14:36:54.075+0000][gc,cpu      ] GC(138) User=0.10s Sys=0.00s Real=0.02s
[2025-12-25T14:37:24.375+0000][gc,start    ] GC(139) Pause Young (Normal) (G1 Evacuation Pause)
[2025-12-25T14:37:24.376+0000][gc,task     ] GC(139) Using 8 workers of 8 for evacuation
[2025-12-25T14:37:24.389+0000][gc,phases   ] GC(139)   Pre Evacuate Collection Set: 1.2ms
[2025-12-25T14:37:24.389+0000][gc,phases   ] GC(139)   Merge Heap Roots: 0.2ms
[2025-12-25T14:37:24.389+0000][gc,phases   ] GC(139)   Evacuate Collection Set: 8.3ms
[2025-12-25T14:37:24.389+0000][gc,phases   ] GC(139)   Post Evacuate Collection Set: 2.7ms
[2025-12-25T14:37:24.389+0000][gc,phases   ] GC(139)   Other: 0.2ms
[2025-12-25T14:37:24.389+0000][gc,heap     ] GC(139) Eden regions: 608->0(606)
[2025-12-25T14:37:24.389+0000][gc,heap     ] GC(139) Survivor regions: 6->8(77)
[2025-12-25T14:37:24.389+0000][gc,heap     ] GC(139) Old regions: 39->40
[2025-12-25T14:37:24.389+0000][gc,heap     ] GC(139) Humongous regions: 151->151
[2025-12-25T14:37:24.389+0000][gc,metaspace] GC(139) Metaspace: 14640K(15168K)->14640K(15168K) NonClass: 13097K(13376K)->13097K(13376K) Class: 1542K(1792K)->1542K(1792K)
[2025-12-25T14:37:24.389+0000][gc          ] GC(139) Pause Young (Normal) (G1 Evacuation Pause) 803M->197M(1024M) 13.917ms
[2025-12-25T14:37:24.389+0000][gc,cpu      ] GC(139) User=0.07s Sys=0.01s Real=0.01s
[2025-12-25T14:38:04.104+0000][gc,start    ] GC(140) Pause Young (Normal) (G1 Evacuation Pause)
[2025-12-25T14:38:04.105+0000][gc,task     ] GC(140) Using 8 workers of 8 for evacuation
[2025-12-25T14:38:04.154+0000][gc,phases   ] GC(140)   Pre Evacuate Collection Set: 8.9ms
[2025-12-25T14:38:04.155+0000][gc,phases   ] GC(140)   Merge Heap Roots: 0.8ms
[2025-12-25T14:38:04.157+0000][gc,phases   ] GC(140)   Evacuate Collection Set: 35.5ms
[2025-12-25T14:38:04.159+0000][gc,phases   ] GC(140)   Post Evacuate Collection Set: 2.2ms
[2025-12-25T14:38:04.161+0000][gc,phases   ] GC(140)   Other: 1.3ms
[2025-12-25T14:38:04.163+0000][gc,heap     ] GC(140) Eden regions: 606->0(607)
[2025-12-25T14:38:04.168+0000][gc,heap     ] GC(140) Survivor regions: 8->7(77)
[2025-12-25T14:38:04.170+0000][gc,heap     ] GC(140) Old regions: 40->40
[2025-12-25T14:38:04.172+0000][gc,heap     ] GC(140) Humongous regions: 151->151
[2025-12-25T14:38:04.174+0000][gc,metaspace] GC(140) Metaspace: 14640K(15168K)->14640K(15168K) NonClass: 13097K(13376K)->13097K(13376K) Class: 1542K(1792K)->1542K(1792K)
[2025-12-25T14:38:04.176+0000][gc          ] GC(140) Pause Young (Normal) (G1 Evacuation Pause) 803M->197M(1024M) 72.677ms
[2025-12-25T14:38:04.179+0000][gc,cpu      ] GC(140) User=0.23s Sys=0.01s Real=0.08s
[2025-12-25T14:38:34.638+0000][gc,start    ] GC(141) Pause Young (Normal) (G1 Evacuation Pause)
[2025-12-25T14:38:34.638+0000][gc,task     ] GC(141) Using 8 workers of 8 for evacuation
[2025-12-25T14:38:34.676+0000][gc,phases   ] GC(141)   Pre Evacuate Collection Set: 6.1ms
[2025-12-25T14:38:34.677+0000][gc,phases   ] GC(141)   Merge Heap Roots: 0.8ms
[2025-12-25T14:38:34.677+0000][gc,phases   ] GC(141)   Evacuate Collection Set: 27.5ms
[2025-12-25T14:38:34.677+0000][gc,phases   ] GC(141)   Post Evacuate Collection Set: 3.1ms
[2025-12-25T14:38:34.677+0000][gc,phases   ] GC(141)   Other: 0.4ms
[2025-12-25T14:38:34.677+0000][gc,heap     ] GC(141) Eden regions: 607->0(605)
[2025-12-25T14:38:34.677+0000][gc,heap     ] GC(141) Survivor regions: 7->9(77)
[2025-12-25T14:38:34.677+0000][gc,heap     ] GC(141) Old regions: 40->40
[2025-12-25T14:38:34.677+0000][gc,heap     ] GC(141) Humongous regions: 151->151
[2025-12-25T14:38:34.677+0000][gc,metaspace] GC(141) Metaspace: 14642K(15168K)->14642K(15168K) NonClass: 13099K(13376K)->13099K(13376K) Class: 1542K(1792K)->1542K(1792K)
[2025-12-25T14:38:34.677+0000][gc          ] GC(141) Pause Young (Normal) (G1 Evacuation Pause) 804M->199M(1024M) 39.333ms
[2025-12-25T14:38:34.677+0000][gc,cpu      ] GC(141) User=0.17s Sys=0.01s Real=0.04s
[2025-12-25T14:39:14.105+0000][gc,start    ] GC(142) Pause Young (Normal) (G1 Evacuation Pause)
[2025-12-25T14:39:14.105+0000][gc,task     ] GC(142) Using 8 workers of 8 for evacuation
[2025-12-25T14:39:14.138+0000][gc,phases   ] GC(142)   Pre Evacuate Collection Set: 1.7ms
[2025-12-25T14:39:14.138+0000][gc,phases   ] GC(142)   Merge Heap Roots: 0.4ms
[2025-12-25T14:39:14.138+0000][gc,phases   ] GC(142)   Evacuate Collection Set: 25.7ms
[2025-12-25T14:39:14.138+0000][gc,phases   ] GC(142)   Post Evacuate Collection Set: 4.2ms
[2025-12-25T14:39:14.138+0000][gc,phases   ] GC(142)   Other: 0.4ms
[2025-12-25T14:39:14.138+0000][gc,heap     ] GC(142) Eden regions: 605->0(605)
[2025-12-25T14:39:14.138+0000][gc,heap     ] GC(142) Survivor regions: 9->9(77)
[2025-12-25T14:39:14.138+0000][gc,heap     ] GC(142) Old regions: 40->40
[2025-12-25T14:39:14.138+0000][gc,heap     ] GC(142) Humongous regions: 151->151
[2025-12-25T14:39:14.138+0000][gc,metaspace] GC(142) Metaspace: 14642K(15168K)->14642K(15168K) NonClass: 13099K(13376K)->13099K(13376K) Class: 1542K(1792K)->1542K(1792K)
[2025-12-25T14:39:14.139+0000][gc          ] GC(142) Pause Young (Normal) (G1 Evacuation Pause) 804M->198M(1024M) 33.893ms
[2025-12-25T14:39:14.139+0000][gc,cpu      ] GC(142) User=0.17s Sys=0.01s Real=0.04s
[2025-12-25T14:39:44.490+0000][gc,start    ] GC(143) Pause Young (Normal) (G1 Evacuation Pause)
[2025-12-25T14:39:44.491+0000][gc,task     ] GC(143) Using 8 workers of 8 for evacuation
[2025-12-25T14:39:44.517+0000][gc,phases   ] GC(143)   Pre Evacuate Collection Set: 1.9ms
[2025-12-25T14:39:44.517+0000][gc,phases   ] GC(143)   Merge Heap Roots: 0.3ms
[2025-12-25T14:39:44.518+0000][gc,phases   ] GC(143)   Evacuate Collection Set: 22.2ms
[2025-12-25T14:39:44.518+0000][gc,phases   ] GC(143)   Post Evacuate Collection Set: 1.5ms
[2025-12-25T14:39:44.518+0000][gc,phases   ] GC(143)   Other: 0.3ms
[2025-12-25T14:39:44.518+0000][gc,heap     ] GC(143) Eden regions: 605->0(608)
[2025-12-25T14:39:44.518+0000][gc,heap     ] GC(143) Survivor regions: 9->6(77)
[2025-12-25T14:39:44.518+0000][gc,heap     ] GC(143) Old regions: 40->41
[2025-12-25T14:39:44.518+0000][gc,heap     ] GC(143) Humongous regions: 151->151
[2025-12-25T14:39:44.518+0000][gc,metaspace] GC(143) Metaspace: 14643K(15168K)->14643K(15168K) NonClass: 13100K(13376K)->13100K(13376K) Class: 1542K(1792K)->1542K(1792K)
[2025-12-25T14:39:44.518+0000][gc          ] GC(143) Pause Young (Normal) (G1 Evacuation Pause) 803M->196M(1024M) 27.677ms
[2025-12-25T14:39:44.518+0000][gc,cpu      ] GC(143) User=0.19s Sys=0.00s Real=0.02s
[2025-12-25T14:40:24.135+0000][gc,start    ] GC(144) Pause Young (Normal) (G1 Evacuation Pause)
[2025-12-25T14:40:24.136+0000][gc,task     ] GC(144) Using 8 workers of 8 for evacuation
[2025-12-25T14:40:24.156+0000][gc,phases   ] GC(144)   Pre Evacuate Collection Set: 1.8ms
[2025-12-25T14:40:24.156+0000][gc,phases   ] GC(144)   Merge Heap Roots: 0.5ms
[2025-12-25T14:40:24.156+0000][gc,phases   ] GC(144)   Evacuate Collection Set: 15.2ms
[2025-12-25T14:40:24.157+0000][gc,phases   ] GC(144)   Post Evacuate Collection Set: 2.7ms
[2025-12-25T14:40:24.157+0000][gc,phases   ] GC(144)   Other: 0.3ms
[2025-12-25T14:40:24.157+0000][gc,heap     ] GC(144) Eden regions: 608->0(608)
[2025-12-25T14:40:24.157+0000][gc,heap     ] GC(144) Survivor regions: 6->6(77)
[2025-12-25T14:40:24.157+0000][gc,heap     ] GC(144) Old regions: 41->41
[2025-12-25T14:40:24.157+0000][gc,heap     ] GC(144) Humongous regions: 151->151
[2025-12-25T14:40:24.157+0000][gc,metaspace] GC(144) Metaspace: 14643K(15168K)->14643K(15168K) NonClass: 13100K(13376K)->13100K(13376K) Class: 1542K(1792K)->1542K(1792K)
[2025-12-25T14:40:24.157+0000][gc          ] GC(144) Pause Young (Normal) (G1 Evacuation Pause) 804M->196M(1024M) 22.484ms
[2025-12-25T14:40:24.157+0000][gc,cpu      ] GC(144) User=0.10s Sys=0.01s Real=0.02s
[2025-12-25T14:40:54.621+0000][gc,start    ] GC(145) Pause Young (Normal) (G1 Evacuation Pause)
[2025-12-25T14:40:54.622+0000][gc,task     ] GC(145) Using 8 workers of 8 for evacuation
[2025-12-25T14:40:54.637+0000][gc,phases   ] GC(145)   Pre Evacuate Collection Set: 2.6ms
[2025-12-25T14:40:54.637+0000][gc,phases   ] GC(145)   Merge Heap Roots: 0.4ms
[2025-12-25T14:40:54.637+0000][gc,phases   ] GC(145)   Evacuate Collection Set: 9.6ms
[2025-12-25T14:40:54.638+0000][gc,phases   ] GC(145)   Post Evacuate Collection Set: 2.1ms
[2025-12-25T14:40:54.638+0000][gc,phases   ] GC(145)   Other: 0.4ms
[2025-12-25T14:40:54.638+0000][gc,heap     ] GC(145) Eden regions: 608->0(607)
[2025-12-25T14:40:54.638+0000][gc,heap     ] GC(145) Survivor regions: 6->7(77)
[2025-12-25T14:40:54.638+0000][gc,heap     ] GC(145) Old regions: 41->41
[2025-12-25T14:40:54.638+0000][gc,heap     ] GC(145) Humongous regions: 151->151
[2025-12-25T14:40:54.638+0000][gc,metaspace] GC(145) Metaspace: 14644K(15168K)->14644K(15168K) NonClass: 13101K(13376K)->13101K(13376K) Class: 1542K(1792K)->1542K(1792K)
[2025-12-25T14:40:54.638+0000][gc          ] GC(145) Pause Young (Normal) (G1 Evacuation Pause) 804M->198M(1024M) 16.834ms
[2025-12-25T14:40:54.638+0000][gc,cpu      ] GC(145) User=0.09s Sys=0.00s Real=0.01s
[2025-12-25T14:41:34.171+0000][gc,start    ] GC(146) Pause Young (Normal) (G1 Evacuation Pause)
[2025-12-25T14:41:34.172+0000][gc,task     ] GC(146) Using 8 workers of 8 for evacuation
[2025-12-25T14:41:34.191+0000][gc,phases   ] GC(146)   Pre Evacuate Collection Set: 2.9ms
[2025-12-25T14:41:34.191+0000][gc,phases   ] GC(146)   Merge Heap Roots: 0.8ms
[2025-12-25T14:41:34.192+0000][gc,phases   ] GC(146)   Evacuate Collection Set: 11.8ms
[2025-12-25T14:41:34.192+0000][gc,phases   ] GC(146)   Post Evacuate Collection Set: 3.2ms
[2025-12-25T14:41:34.192+0000][gc,phases   ] GC(146)   Other: 0.5ms
[2025-12-25T14:41:34.192+0000][gc,heap     ] GC(146) Eden regions: 607->0(607)
[2025-12-25T14:41:34.192+0000][gc,heap     ] GC(146) Survivor regions: 7->7(77)
[2025-12-25T14:41:34.192+0000][gc,heap     ] GC(146) Old regions: 41->41
[2025-12-25T14:41:34.192+0000][gc,heap     ] GC(146) Humongous regions: 151->151
[2025-12-25T14:41:34.192+0000][gc,metaspace] GC(146) Metaspace: 14644K(15168K)->14644K(15168K) NonClass: 13101K(13376K)->13101K(13376K) Class: 1542K(1792K)->1542K(1792K)
[2025-12-25T14:41:34.192+0000][gc          ] GC(146) Pause Young (Normal) (G1 Evacuation Pause) 805M->198M(1024M) 20.914ms
[2025-12-25T14:41:34.192+0000][gc,cpu      ] GC(146) User=0.10s Sys=0.00s Real=0.03s
[2025-12-25T14:42:05.009+0000][gc,start    ] GC(147) Pause Young (Normal) (G1 Evacuation Pause)
[2025-12-25T14:42:05.014+0000][gc,task     ] GC(147) Using 8 workers of 8 for evacuation
[2025-12-25T14:42:05.047+0000][gc,phases   ] GC(147)   Pre Evacuate Collection Set: 5.1ms
[2025-12-25T14:42:05.047+0000][gc,phases   ] GC(147)   Merge Heap Roots: 0.5ms
[2025-12-25T14:42:05.047+0000][gc,phases   ] GC(147)   Evacuate Collection Set: 25.1ms
[2025-12-25T14:42:05.047+0000][gc,phases   ] GC(147)   Post Evacuate Collection Set: 2.0ms
[2025-12-25T14:42:05.048+0000][gc,phases   ] GC(147)   Other: 0.6ms
[2025-12-25T14:42:05.048+0000][gc,heap     ] GC(147) Eden regions: 607->0(605)
[2025-12-25T14:42:05.048+0000][gc,heap     ] GC(147) Survivor regions: 7->9(77)
[2025-12-25T14:42:05.048+0000][gc,heap     ] GC(147) Old regions: 41->42
[2025-12-25T14:42:05.048+0000][gc,heap     ] GC(147) Humongous regions: 151->151
[2025-12-25T14:42:05.048+0000][gc,metaspace] GC(147) Metaspace: 14644K(15168K)->14644K(15168K) NonClass: 13101K(13376K)->13101K(13376K) Class: 1542K(1792K)->1542K(1792K)
[2025-12-25T14:42:05.048+0000][gc          ] GC(147) Pause Young (Normal) (G1 Evacuation Pause) 805M->200M(1024M) 39.494ms
[2025-12-25T14:42:05.049+0000][gc,cpu      ] GC(147) User=0.15s Sys=0.00s Real=0.04s
[2025-12-25T14:42:44.209+0000][gc,start    ] GC(148) Pause Young (Normal) (G1 Evacuation Pause)
[2025-12-25T14:42:44.210+0000][gc,task     ] GC(148) Using 8 workers of 8 for evacuation
[2025-12-25T14:42:44.234+0000][gc,phases   ] GC(148)   Pre Evacuate Collection Set: 2.1ms
[2025-12-25T14:42:44.234+0000][gc,phases   ] GC(148)   Merge Heap Roots: 0.5ms
[2025-12-25T14:42:44.234+0000][gc,phases   ] GC(148)   Evacuate Collection Set: 19.0ms
[2025-12-25T14:42:44.234+0000][gc,phases   ] GC(148)   Post Evacuate Collection Set: 2.1ms
[2025-12-25T14:42:44.234+0000][gc,phases   ] GC(148)   Other: 0.3ms
[2025-12-25T14:42:44.234+0000][gc,heap     ] GC(148) Eden regions: 605->0(606)
[2025-12-25T14:42:44.234+0000][gc,heap     ] GC(148) Survivor regions: 9->8(77)
[2025-12-25T14:42:44.234+0000][gc,heap     ] GC(148) Old regions: 42->42
[2025-12-25T14:42:44.234+0000][gc,heap     ] GC(148) Humongous regions: 151->151
[2025-12-25T14:42:44.234+0000][gc,metaspace] GC(148) Metaspace: 14645K(15168K)->14645K(15168K) NonClass: 13102K(13376K)->13102K(13376K) Class: 1542K(1792K)->1542K(1792K)
[2025-12-25T14:42:44.234+0000][gc          ] GC(148) Pause Young (Normal) (G1 Evacuation Pause) 805M->199M(1024M) 25.135ms
[2025-12-25T14:42:44.234+0000][gc,cpu      ] GC(148) User=0.14s Sys=0.00s Real=0.02s
[2025-12-25T14:43:14.562+0000][gc,start    ] GC(149) Pause Young (Normal) (G1 Evacuation Pause)
[2025-12-25T14:43:14.563+0000][gc,task     ] GC(149) Using 8 workers of 8 for evacuation
[2025-12-25T14:43:14.580+0000][gc,phases   ] GC(149)   Pre Evacuate Collection Set: 1.2ms
[2025-12-25T14:43:14.580+0000][gc,phases   ] GC(149)   Merge Heap Roots: 0.2ms
[2025-12-25T14:43:14.580+0000][gc,phases   ] GC(149)   Evacuate Collection Set: 12.4ms
[2025-12-25T14:43:14.580+0000][gc,phases   ] GC(149)   Post Evacuate Collection Set: 2.8ms
[2025-12-25T14:43:14.580+0000][gc,phases   ] GC(149)   Other: 0.2ms
[2025-12-25T14:43:14.580+0000][gc,heap     ] GC(149) Eden regions: 606->0(604)
[2025-12-25T14:43:14.580+0000][gc,heap     ] GC(149) Survivor regions: 8->10(77)
[2025-12-25T14:43:14.580+0000][gc,heap     ] GC(149) Old regions: 42->42
[2025-12-25T14:43:14.580+0000][gc,heap     ] GC(149) Humongous regions: 151->151
[2025-12-25T14:43:14.580+0000][gc,metaspace] GC(149) Metaspace: 14645K(15168K)->14645K(15168K) NonClass: 13102K(13376K)->13102K(13376K) Class: 1542K(1792K)->1542K(1792K)
[2025-12-25T14:43:14.580+0000][gc          ] GC(149) Pause Young (Normal) (G1 Evacuation Pause) 805M->201M(1024M) 18.054ms
[2025-12-25T14:43:14.580+0000][gc,cpu      ] GC(149) User=0.11s Sys=0.00s Real=0.02s
[2025-12-25T14:43:54.162+0000][gc,start    ] GC(150) Pause Young (Normal) (G1 Evacuation Pause)
[2025-12-25T14:43:54.163+0000][gc,task     ] GC(150) Using 8 workers of 8 for evacuation
[2025-12-25T14:43:54.180+0000][gc,phases   ] GC(150)   Pre Evacuate Collection Set: 1.4ms
[2025-12-25T14:43:54.180+0000][gc,phases   ] GC(150)   Merge Heap Roots: 0.3ms
[2025-12-25T14:43:54.180+0000][gc,phases   ] GC(150)   Evacuate Collection Set: 13.1ms
[2025-12-25T14:43:54.180+0000][gc,phases   ] GC(150)   Post Evacuate Collection Set: 1.4ms
[2025-12-25T14:43:54.180+0000][gc,phases   ] GC(150)   Other: 0.4ms
[2025-12-25T14:43:54.180+0000][gc,heap     ] GC(150) Eden regions: 604->0(608)
[2025-12-25T14:43:54.180+0000][gc,heap     ] GC(150) Survivor regions: 10->6(77)
[2025-12-25T14:43:54.180+0000][gc,heap     ] GC(150) Old regions: 42->42
[2025-12-25T14:43:54.180+0000][gc,heap     ] GC(150) Humongous regions: 151->151
[2025-12-25T14:43:54.180+0000][gc,metaspace] GC(150) Metaspace: 14645K(15168K)->14645K(15168K) NonClass: 13102K(13376K)->13102K(13376K) Class: 1542K(1792K)->1542K(1792K)
[2025-12-25T14:43:54.180+0000][gc          ] GC(150) Pause Young (Normal) (G1 Evacuation Pause) 805M->197M(1024M) 17.888ms
[2025-12-25T14:43:54.180+0000][gc,cpu      ] GC(150) User=0.09s Sys=0.01s Real=0.02s
[2025-12-25T14:44:24.470+0000][gc,start    ] GC(151) Pause Young (Normal) (G1 Evacuation Pause)
[2025-12-25T14:44:24.472+0000][gc,task     ] GC(151) Using 8 workers of 8 for evacuation
[2025-12-25T14:44:24.491+0000][gc,phases   ] GC(151)   Pre Evacuate Collection Set: 6.1ms
[2025-12-25T14:44:24.491+0000][gc,phases   ] GC(151)   Merge Heap Roots: 2.3ms
[2025-12-25T14:44:24.491+0000][gc,phases   ] GC(151)   Evacuate Collection Set: 8.7ms
[2025-12-25T14:44:24.491+0000][gc,phases   ] GC(151)   Post Evacuate Collection Set: 1.3ms
[2025-12-25T14:44:24.491+0000][gc,phases   ] GC(151)   Other: 0.5ms
[2025-12-25T14:44:24.491+0000][gc,heap     ] GC(151) Eden regions: 608->0(607)
[2025-12-25T14:44:24.491+0000][gc,heap     ] GC(151) Survivor regions: 6->7(77)
[2025-12-25T14:44:24.491+0000][gc,heap     ] GC(151) Old regions: 42->42
[2025-12-25T14:44:24.491+0000][gc,heap     ] GC(151) Humongous regions: 151->151
[2025-12-25T14:44:24.492+0000][gc,metaspace] GC(151) Metaspace: 14752K(15168K)->14752K(15168K) NonClass: 13209K(13376K)->13209K(13376K) Class: 1542K(1792K)->1542K(1792K)
[2025-12-25T14:44:24.492+0000][gc          ] GC(151) Pause Young (Normal) (G1 Evacuation Pause) 805M->199M(1024M) 22.059ms
[2025-12-25T14:44:24.492+0000][gc,cpu      ] GC(151) User=0.09s Sys=0.00s Real=0.02s
[2025-12-25T14:45:04.185+0000][gc,start    ] GC(152) Pause Young (Normal) (G1 Evacuation Pause)
[2025-12-25T14:45:04.185+0000][gc,task     ] GC(152) Using 8 workers of 8 for evacuation
[2025-12-25T14:45:04.197+0000][gc,phases   ] GC(152)   Pre Evacuate Collection Set: 1.7ms
[2025-12-25T14:45:04.197+0000][gc,phases   ] GC(152)   Merge Heap Roots: 0.3ms
[2025-12-25T14:45:04.198+0000][gc,phases   ] GC(152)   Evacuate Collection Set: 8.4ms
[2025-12-25T14:45:04.198+0000][gc,phases   ] GC(152)   Post Evacuate Collection Set: 1.4ms
[2025-12-25T14:45:04.198+0000][gc,phases   ] GC(152)   Other: 0.3ms
[2025-12-25T14:45:04.198+0000][gc,heap     ] GC(152) Eden regions: 607->0(608)
[2025-12-25T14:45:04.198+0000][gc,heap     ] GC(152) Survivor regions: 7->6(77)
[2025-12-25T14:45:04.198+0000][gc,heap     ] GC(152) Old regions: 42->43
[2025-12-25T14:45:04.198+0000][gc,heap     ] GC(152) Humongous regions: 151->151
[2025-12-25T14:45:04.198+0000][gc,metaspace] GC(152) Metaspace: 14752K(15168K)->14752K(15168K) NonClass: 13209K(13376K)->13209K(13376K) Class: 1542K(1792K)->1542K(1792K)
[2025-12-25T14:45:04.198+0000][gc          ] GC(152) Pause Young (Normal) (G1 Evacuation Pause) 806M->199M(1024M) 13.142ms
[2025-12-25T14:45:04.198+0000][gc,cpu      ] GC(152) User=0.07s Sys=0.00s Real=0.01s
[2025-12-25T14:45:34.494+0000][gc,start    ] GC(153) Pause Young (Normal) (G1 Evacuation Pause)
[2025-12-25T14:45:34.495+0000][gc,task     ] GC(153) Using 8 workers of 8 for evacuation
[2025-12-25T14:45:34.507+0000][gc,phases   ] GC(153)   Pre Evacuate Collection Set: 2.2ms
[2025-12-25T14:45:34.507+0000][gc,phases   ] GC(153)   Merge Heap Roots: 0.3ms
[2025-12-25T14:45:34.507+0000][gc,phases   ] GC(153)   Evacuate Collection Set: 7.9ms
[2025-12-25T14:45:34.507+0000][gc,phases   ] GC(153)   Post Evacuate Collection Set: 1.2ms
[2025-12-25T14:45:34.507+0000][gc,phases   ] GC(153)   Other: 0.3ms
[2025-12-25T14:45:34.507+0000][gc,heap     ] GC(153) Eden regions: 608->0(606)
[2025-12-25T14:45:34.507+0000][gc,heap     ] GC(153) Survivor regions: 6->8(77)
[2025-12-25T14:45:34.507+0000][gc,heap     ] GC(153) Old regions: 43->43
[2025-12-25T14:45:34.507+0000][gc,heap     ] GC(153) Humongous regions: 151->151
[2025-12-25T14:45:34.507+0000][gc,metaspace] GC(153) Metaspace: 14752K(15168K)->14752K(15168K) NonClass: 13209K(13376K)->13209K(13376K) Class: 1542K(1792K)->1542K(1792K)
[2025-12-25T14:45:34.507+0000][gc          ] GC(153) Pause Young (Normal) (G1 Evacuation Pause) 807M->201M(1024M) 13.085ms
[2025-12-25T14:45:34.508+0000][gc,cpu      ] GC(153) User=0.06s Sys=0.01s Real=0.01s
[2025-12-25T14:46:14.256+0000][gc,start    ] GC(154) Pause Young (Normal) (G1 Evacuation Pause)
[2025-12-25T14:46:14.256+0000][gc,task     ] GC(154) Using 8 workers of 8 for evacuation
[2025-12-25T14:46:14.281+0000][gc,phases   ] GC(154)   Pre Evacuate Collection Set: 1.7ms
[2025-12-25T14:46:14.281+0000][gc,phases   ] GC(154)   Merge Heap Roots: 0.3ms
[2025-12-25T14:46:14.281+0000][gc,phases   ] GC(154)   Evacuate Collection Set: 18.6ms
[2025-12-25T14:46:14.281+0000][gc,phases   ] GC(154)   Post Evacuate Collection Set: 3.3ms
[2025-12-25T14:46:14.281+0000][gc,phases   ] GC(154)   Other: 0.2ms
[2025-12-25T14:46:14.281+0000][gc,heap     ] GC(154) Eden regions: 606->0(606)
[2025-12-25T14:46:14.281+0000][gc,heap     ] GC(154) Survivor regions: 8->8(77)
[2025-12-25T14:46:14.281+0000][gc,heap     ] GC(154) Old regions: 43->43
[2025-12-25T14:46:14.281+0000][gc,heap     ] GC(154) Humongous regions: 151->151
[2025-12-25T14:46:14.281+0000][gc,metaspace] GC(154) Metaspace: 14752K(15168K)->14752K(15168K) NonClass: 13209K(13376K)->13209K(13376K) Class: 1542K(1792K)->1542K(1792K)
[2025-12-25T14:46:14.281+0000][gc          ] GC(154) Pause Young (Normal) (G1 Evacuation Pause) 807M->200M(1024M) 25.460ms
[2025-12-25T14:46:14.281+0000][gc,cpu      ] GC(154) User=0.12s Sys=0.01s Real=0.03s
[2025-12-25T14:46:44.499+0000][gc,start    ] GC(155) Pause Young (Normal) (G1 Evacuation Pause)
[2025-12-25T14:46:44.499+0000][gc,task     ] GC(155) Using 8 workers of 8 for evacuation
[2025-12-25T14:46:44.519+0000][gc,phases   ] GC(155)   Pre Evacuate Collection Set: 2.9ms
[2025-12-25T14:46:44.520+0000][gc,phases   ] GC(155)   Merge Heap Roots: 0.9ms
[2025-12-25T14:46:44.520+0000][gc,phases   ] GC(155)   Evacuate Collection Set: 13.6ms
[2025-12-25T14:46:44.520+0000][gc,phases   ] GC(155)   Post Evacuate Collection Set: 2.2ms
[2025-12-25T14:46:44.520+0000][gc,phases   ] GC(155)   Other: 0.5ms
[2025-12-25T14:46:44.520+0000][gc,heap     ] GC(155) Eden regions: 606->0(605)
[2025-12-25T14:46:44.520+0000][gc,heap     ] GC(155) Survivor regions: 8->9(77)
[2025-12-25T14:46:44.520+0000][gc,heap     ] GC(155) Old regions: 43->43
[2025-12-25T14:46:44.520+0000][gc,heap     ] GC(155) Humongous regions: 151->151
[2025-12-25T14:46:44.520+0000][gc,metaspace] GC(155) Metaspace: 14756K(15168K)->14756K(15168K) NonClass: 13213K(13376K)->13213K(13376K) Class: 1542K(1792K)->1542K(1792K)
[2025-12-25T14:46:44.520+0000][gc          ] GC(155) Pause Young (Normal) (G1 Evacuation Pause) 806M->202M(1024M) 21.506ms
[2025-12-25T14:46:44.520+0000][gc,cpu      ] GC(155) User=0.13s Sys=0.00s Real=0.02s
[2025-12-25T14:47:24.244+0000][gc,start    ] GC(156) Pause Young (Normal) (G1 Evacuation Pause)
[2025-12-25T14:47:24.244+0000][gc,task     ] GC(156) Using 8 workers of 8 for evacuation
[2025-12-25T14:47:24.271+0000][gc,phases   ] GC(156)   Pre Evacuate Collection Set: 1.4ms
[2025-12-25T14:47:24.271+0000][gc,phases   ] GC(156)   Merge Heap Roots: 0.2ms
[2025-12-25T14:47:24.271+0000][gc,phases   ] GC(156)   Evacuate Collection Set: 20.9ms
[2025-12-25T14:47:24.271+0000][gc,phases   ] GC(156)   Post Evacuate Collection Set: 4.1ms
[2025-12-25T14:47:24.272+0000][gc,phases   ] GC(156)   Other: 0.3ms
[2025-12-25T14:47:24.272+0000][gc,heap     ] GC(156) Eden regions: 605->0(605)
[2025-12-25T14:47:24.272+0000][gc,heap     ] GC(156) Survivor regions: 9->9(77)
[2025-12-25T14:47:24.272+0000][gc,heap     ] GC(156) Old regions: 43->43
[2025-12-25T14:47:24.272+0000][gc,heap     ] GC(156) Humongous regions: 151->151
[2025-12-25T14:47:24.272+0000][gc,metaspace] GC(156) Metaspace: 14756K(15168K)->14756K(15168K) NonClass: 13213K(13376K)->13213K(13376K) Class: 1542K(1792K)->1542K(1792K)
[2025-12-25T14:47:24.272+0000][gc          ] GC(156) Pause Young (Normal) (G1 Evacuation Pause) 807M->202M(1024M) 28.442ms
[2025-12-25T14:47:24.272+0000][gc,cpu      ] GC(156) User=0.16s Sys=0.00s Real=0.02s
[2025-12-25T14:47:54.527+0000][gc,start    ] GC(157) Pause Young (Normal) (G1 Evacuation Pause)
[2025-12-25T14:47:54.528+0000][gc,task     ] GC(157) Using 8 workers of 8 for evacuation
[2025-12-25T14:47:54.538+0000][gc,phases   ] GC(157)   Pre Evacuate Collection Set: 1.2ms
[2025-12-25T14:47:54.539+0000][gc,phases   ] GC(157)   Merge Heap Roots: 0.4ms
[2025-12-25T14:47:54.539+0000][gc,phases   ] GC(157)   Evacuate Collection Set: 7.2ms
[2025-12-25T14:47:54.539+0000][gc,phases   ] GC(157)   Post Evacuate Collection Set: 1.6ms
[2025-12-25T14:47:54.539+0000][gc,phases   ] GC(157)   Other: 0.3ms
[2025-12-25T14:47:54.539+0000][gc,heap     ] GC(157) Eden regions: 605->0(608)
[2025-12-25T14:47:54.539+0000][gc,heap     ] GC(157) Survivor regions: 9->6(77)
[2025-12-25T14:47:54.539+0000][gc,heap     ] GC(157) Old regions: 43->44
[2025-12-25T14:47:54.539+0000][gc,heap     ] GC(157) Humongous regions: 151->151
[2025-12-25T14:47:54.539+0000][gc,metaspace] GC(157) Metaspace: 14756K(15168K)->14756K(15168K) NonClass: 13213K(13376K)->13213K(13376K) Class: 1542K(1792K)->1542K(1792K)
[2025-12-25T14:47:54.539+0000][gc          ] GC(157) Pause Young (Normal) (G1 Evacuation Pause) 807M->200M(1024M) 11.939ms
[2025-12-25T14:47:54.539+0000][gc,cpu      ] GC(157) User=0.06s Sys=0.00s Real=0.01s
[2025-12-25T14:48:34.182+0000][gc,start    ] GC(158) Pause Young (Normal) (G1 Evacuation Pause)
[2025-12-25T14:48:34.182+0000][gc,task     ] GC(158) Using 8 workers of 8 for evacuation
[2025-12-25T14:48:34.196+0000][gc,phases   ] GC(158)   Pre Evacuate Collection Set: 1.5ms
[2025-12-25T14:48:34.197+0000][gc,phases   ] GC(158)   Merge Heap Roots: 0.3ms
[2025-12-25T14:48:34.197+0000][gc,phases   ] GC(158)   Evacuate Collection Set: 9.3ms
[2025-12-25T14:48:34.197+0000][gc,phases   ] GC(158)   Post Evacuate Collection Set: 2.4ms
[2025-12-25T14:48:34.197+0000][gc,phases   ] GC(158)   Other: 0.4ms
[2025-12-25T14:48:34.197+0000][gc,heap     ] GC(158) Eden regions: 608->0(608)
[2025-12-25T14:48:34.197+0000][gc,heap     ] GC(158) Survivor regions: 6->6(77)
[2025-12-25T14:48:34.197+0000][gc,heap     ] GC(158) Old regions: 44->44
[2025-12-25T14:48:34.197+0000][gc,heap     ] GC(158) Humongous regions: 151->151
[2025-12-25T14:48:34.198+0000][gc,metaspace] GC(158) Metaspace: 14756K(15168K)->14756K(15168K) NonClass: 13213K(13376K)->13213K(13376K) Class: 1542K(1792K)->1542K(1792K)
[2025-12-25T14:48:34.198+0000][gc          ] GC(158) Pause Young (Normal) (G1 Evacuation Pause) 808M->200M(1024M) 16.081ms
[2025-12-25T14:48:34.198+0000][gc,cpu      ] GC(158) User=0.09s Sys=0.00s Real=0.02s
[2025-12-25T14:49:04.639+0000][gc,start    ] GC(159) Pause Young (Normal) (G1 Evacuation Pause)
[2025-12-25T14:49:04.639+0000][gc,task     ] GC(159) Using 8 workers of 8 for evacuation
[2025-12-25T14:49:04.656+0000][gc,phases   ] GC(159)   Pre Evacuate Collection Set: 1.3ms
[2025-12-25T14:49:04.656+0000][gc,phases   ] GC(159)   Merge Heap Roots: 0.2ms
[2025-12-25T14:49:04.656+0000][gc,phases   ] GC(159)   Evacuate Collection Set: 13.1ms
[2025-12-25T14:49:04.656+0000][gc,phases   ] GC(159)   Post Evacuate Collection Set: 1.5ms
[2025-12-25T14:49:04.656+0000][gc,phases   ] GC(159)   Other: 0.2ms
[2025-12-25T14:49:04.656+0000][gc,heap     ] GC(159) Eden regions: 608->0(606)
[2025-12-25T14:49:04.656+0000][gc,heap     ] GC(159) Survivor regions: 6->8(77)
[2025-12-25T14:49:04.656+0000][gc,heap     ] GC(159) Old regions: 44->44
[2025-12-25T14:49:04.656+0000][gc,heap     ] GC(159) Humongous regions: 151->151
[2025-12-25T14:49:04.656+0000][gc,metaspace] GC(159) Metaspace: 14756K(15168K)->14756K(15168K) NonClass: 13213K(13376K)->13213K(13376K) Class: 1542K(1792K)->1542K(1792K)
[2025-12-25T14:49:04.657+0000][gc          ] GC(159) Pause Young (Normal) (G1 Evacuation Pause) 808M->201M(1024M) 17.775ms
[2025-12-25T14:49:04.657+0000][gc,cpu      ] GC(159) User=0.10s Sys=0.00s Real=0.02s
[2025-12-25T14:49:44.199+0000][gc,start    ] GC(160) Pause Young (Normal) (G1 Evacuation Pause)
[2025-12-25T14:49:44.200+0000][gc,task     ] GC(160) Using 8 workers of 8 for evacuation
[2025-12-25T14:49:44.218+0000][gc,phases   ] GC(160)   Pre Evacuate Collection Set: 1.5ms
[2025-12-25T14:49:44.218+0000][gc,phases   ] GC(160)   Merge Heap Roots: 0.3ms
[2025-12-25T14:49:44.218+0000][gc,phases   ] GC(160)   Evacuate Collection Set: 14.3ms
[2025-12-25T14:49:44.218+0000][gc,phases   ] GC(160)   Post Evacuate Collection Set: 1.7ms
[2025-12-25T14:49:44.218+0000][gc,phases   ] GC(160)   Other: 0.2ms
[2025-12-25T14:49:44.218+0000][gc,heap     ] GC(160) Eden regions: 606->0(607)
[2025-12-25T14:49:44.218+0000][gc,heap     ] GC(160) Survivor regions: 8->7(77)
[2025-12-25T14:49:44.218+0000][gc,heap     ] GC(160) Old regions: 44->44
[2025-12-25T14:49:44.219+0000][gc,heap     ] GC(160) Humongous regions: 151->151
[2025-12-25T14:49:44.219+0000][gc,metaspace] GC(160) Metaspace: 14756K(15168K)->14756K(15168K) NonClass: 13213K(13376K)->13213K(13376K) Class: 1542K(1792K)->1542K(1792K)
[2025-12-25T14:49:44.219+0000][gc          ] GC(160) Pause Young (Normal) (G1 Evacuation Pause) 807M->201M(1024M) 20.096ms
[2025-12-25T14:49:44.219+0000][gc,cpu      ] GC(160) User=0.10s Sys=0.00s Real=0.02s
[2025-12-25T14:50:14.487+0000][gc,start    ] GC(161) Pause Young (Normal) (G1 Evacuation Pause)
[2025-12-25T14:50:14.487+0000][gc,task     ] GC(161) Using 8 workers of 8 for evacuation
[2025-12-25T14:50:14.511+0000][gc,phases   ] GC(161)   Pre Evacuate Collection Set: 6.1ms
[2025-12-25T14:50:14.511+0000][gc,phases   ] GC(161)   Merge Heap Roots: 3.2ms
[2025-12-25T14:50:14.511+0000][gc,phases   ] GC(161)   Evacuate Collection Set: 12.3ms
[2025-12-25T14:50:14.511+0000][gc,phases   ] GC(161)   Post Evacuate Collection Set: 1.3ms
[2025-12-25T14:50:14.511+0000][gc,phases   ] GC(161)   Other: 1.0ms
[2025-12-25T14:50:14.511+0000][gc,heap     ] GC(161) Eden regions: 607->0(605)
[2025-12-25T14:50:14.511+0000][gc,heap     ] GC(161) Survivor regions: 7->9(77)
[2025-12-25T14:50:14.511+0000][gc,heap     ] GC(161) Old regions: 44->45
[2025-12-25T14:50:14.512+0000][gc,heap     ] GC(161) Humongous regions: 151->151
[2025-12-25T14:50:14.512+0000][gc,metaspace] GC(161) Metaspace: 14756K(15168K)->14756K(15168K) NonClass: 13213K(13376K)->13213K(13376K) Class: 1542K(1792K)->1542K(1792K)
[2025-12-25T14:50:14.512+0000][gc          ] GC(161) Pause Young (Normal) (G1 Evacuation Pause) 808M->203M(1024M) 24.995ms
[2025-12-25T14:50:14.512+0000][gc,cpu      ] GC(161) User=0.11s Sys=0.00s Real=0.03s
[2025-12-25T14:50:54.204+0000][gc,start    ] GC(162) Pause Young (Normal) (G1 Evacuation Pause)
[2025-12-25T14:50:54.204+0000][gc,task     ] GC(162) Using 8 workers of 8 for evacuation
[2025-12-25T14:50:54.225+0000][gc,phases   ] GC(162)   Pre Evacuate Collection Set: 1.1ms
[2025-12-25T14:50:54.225+0000][gc,phases   ] GC(162)   Merge Heap Roots: 0.2ms
[2025-12-25T14:50:54.225+0000][gc,phases   ] GC(162)   Evacuate Collection Set: 17.9ms
[2025-12-25T14:50:54.225+0000][gc,phases   ] GC(162)   Post Evacuate Collection Set: 1.1ms
[2025-12-25T14:50:54.225+0000][gc,phases   ] GC(162)   Other: 0.2ms
[2025-12-25T14:50:54.225+0000][gc,heap     ] GC(162) Eden regions: 605->0(605)
[2025-12-25T14:50:54.225+0000][gc,heap     ] GC(162) Survivor regions: 9->9(77)
[2025-12-25T14:50:54.225+0000][gc,heap     ] GC(162) Old regions: 45->45
[2025-12-25T14:50:54.225+0000][gc,heap     ] GC(162) Humongous regions: 151->151
[2025-12-25T14:50:54.225+0000][gc,metaspace] GC(162) Metaspace: 14756K(15168K)->14756K(15168K) NonClass: 13213K(13376K)->13213K(13376K) Class: 1542K(1792K)->1542K(1792K)
[2025-12-25T14:50:54.225+0000][gc          ] GC(162) Pause Young (Normal) (G1 Evacuation Pause) 808M->203M(1024M) 21.915ms
[2025-12-25T14:50:54.225+0000][gc,cpu      ] GC(162) User=0.15s Sys=0.00s Real=0.02s
[2025-12-25T14:51:24.560+0000][gc,start    ] GC(163) Pause Young (Normal) (G1 Evacuation Pause)
[2025-12-25T14:51:24.561+0000][gc,task     ] GC(163) Using 8 workers of 8 for evacuation
[2025-12-25T14:51:24.580+0000][gc,phases   ] GC(163)   Pre Evacuate Collection Set: 1.1ms
[2025-12-25T14:51:24.580+0000][gc,phases   ] GC(163)   Merge Heap Roots: 0.3ms
[2025-12-25T14:51:24.580+0000][gc,phases   ] GC(163)   Evacuate Collection Set: 15.9ms
[2025-12-25T14:51:24.580+0000][gc,phases   ] GC(163)   Post Evacuate Collection Set: 1.3ms
[2025-12-25T14:51:24.580+0000][gc,phases   ] GC(163)   Other: 0.2ms
[2025-12-25T14:51:24.580+0000][gc,heap     ] GC(163) Eden regions: 605->0(604)
[2025-12-25T14:51:24.580+0000][gc,heap     ] GC(163) Survivor regions: 9->10(77)
[2025-12-25T14:51:24.580+0000][gc,heap     ] GC(163) Old regions: 45->45
[2025-12-25T14:51:24.580+0000][gc,heap     ] GC(163) Humongous regions: 151->151
[2025-12-25T14:51:24.580+0000][gc,metaspace] GC(163) Metaspace: 14756K(15168K)->14756K(15168K) NonClass: 13213K(13376K)->13213K(13376K) Class: 1542K(1792K)->1542K(1792K)
[2025-12-25T14:51:24.580+0000][gc          ] GC(163) Pause Young (Normal) (G1 Evacuation Pause) 808M->205M(1024M) 20.031ms
[2025-12-25T14:51:24.581+0000][gc,cpu      ] GC(163) User=0.14s Sys=0.00s Real=0.02s
[2025-12-25T14:52:04.311+0000][gc,start    ] GC(164) Pause Young (Normal) (G1 Evacuation Pause)
[2025-12-25T14:52:04.312+0000][gc,task     ] GC(164) Using 8 workers of 8 for evacuation
[2025-12-25T14:52:04.343+0000][gc,phases   ] GC(164)   Pre Evacuate Collection Set: 1.4ms
[2025-12-25T14:52:04.344+0000][gc,phases   ] GC(164)   Merge Heap Roots: 0.3ms
[2025-12-25T14:52:04.344+0000][gc,phases   ] GC(164)   Evacuate Collection Set: 26.7ms
[2025-12-25T14:52:04.344+0000][gc,phases   ] GC(164)   Post Evacuate Collection Set: 2.5ms
[2025-12-25T14:52:04.344+0000][gc,phases   ] GC(164)   Other: 0.4ms
[2025-12-25T14:52:04.344+0000][gc,heap     ] GC(164) Eden regions: 604->0(608)
[2025-12-25T14:52:04.344+0000][gc,heap     ] GC(164) Survivor regions: 10->6(77)
[2025-12-25T14:52:04.344+0000][gc,heap     ] GC(164) Old regions: 45->45
[2025-12-25T14:52:04.344+0000][gc,heap     ] GC(164) Humongous regions: 151->151
[2025-12-25T14:52:04.344+0000][gc,metaspace] GC(164) Metaspace: 14756K(15168K)->14756K(15168K) NonClass: 13213K(13376K)->13213K(13376K) Class: 1542K(1792K)->1542K(1792K)
[2025-12-25T14:52:04.344+0000][gc          ] GC(164) Pause Young (Normal) (G1 Evacuation Pause) 809M->201M(1024M) 32.652ms
[2025-12-25T14:52:04.344+0000][gc,cpu      ] GC(164) User=0.20s Sys=0.01s Real=0.03s
[2025-12-25T14:52:34.561+0000][gc,start    ] GC(165) Pause Young (Normal) (G1 Evacuation Pause)
[2025-12-25T14:52:34.562+0000][gc,task     ] GC(165) Using 8 workers of 8 for evacuation
[2025-12-25T14:52:34.588+0000][gc,phases   ] GC(165)   Pre Evacuate Collection Set: 1.1ms
[2025-12-25T14:52:34.588+0000][gc,phases   ] GC(165)   Merge Heap Roots: 0.3ms
[2025-12-25T14:52:34.588+0000][gc,phases   ] GC(165)   Evacuate Collection Set: 23.4ms
[2025-12-25T14:52:34.588+0000][gc,phases   ] GC(165)   Post Evacuate Collection Set: 1.2ms
[2025-12-25T14:52:34.588+0000][gc,phases   ] GC(165)   Other: 0.2ms
[2025-12-25T14:52:34.588+0000][gc,heap     ] GC(165) Eden regions: 608->0(607)
[2025-12-25T14:52:34.588+0000][gc,heap     ] GC(165) Survivor regions: 6->7(77)
[2025-12-25T14:52:34.588+0000][gc,heap     ] GC(165) Old regions: 45->46
[2025-12-25T14:52:34.588+0000][gc,heap     ] GC(165) Humongous regions: 151->151
[2025-12-25T14:52:34.589+0000][gc,metaspace] GC(165) Metaspace: 14756K(15168K)->14756K(15168K) NonClass: 13213K(13376K)->13213K(13376K) Class: 1542K(1792K)->1542K(1792K)
[2025-12-25T14:52:34.589+0000][gc          ] GC(165) Pause Young (Normal) (G1 Evacuation Pause) 809M->202M(1024M) 27.127ms
[2025-12-25T14:52:34.589+0000][gc,cpu      ] GC(165) User=0.18s Sys=0.01s Real=0.02s
[2025-12-25T14:53:14.301+0000][gc,start    ] GC(166) Pause Young (Normal) (G1 Evacuation Pause)
[2025-12-25T14:53:14.302+0000][gc,task     ] GC(166) Using 8 workers of 8 for evacuation
[2025-12-25T14:53:14.312+0000][gc,phases   ] GC(166)   Pre Evacuate Collection Set: 1.1ms
[2025-12-25T14:53:14.312+0000][gc,phases   ] GC(166)   Merge Heap Roots: 0.2ms
[2025-12-25T14:53:14.312+0000][gc,phases   ] GC(166)   Evacuate Collection Set: 7.5ms
[2025-12-25T14:53:14.312+0000][gc,phases   ] GC(166)   Post Evacuate Collection Set: 1.0ms
[2025-12-25T14:53:14.312+0000][gc,phases   ] GC(166)   Other: 0.2ms
[2025-12-25T14:53:14.312+0000][gc,heap     ] GC(166) Eden regions: 607->0(607)
[2025-12-25T14:53:14.312+0000][gc,heap     ] GC(166) Survivor regions: 7->7(77)
[2025-12-25T14:53:14.312+0000][gc,heap     ] GC(166) Old regions: 46->46
[2025-12-25T14:53:14.312+0000][gc,heap     ] GC(166) Humongous regions: 151->151
[2025-12-25T14:53:14.312+0000][gc,metaspace] GC(166) Metaspace: 14756K(15168K)->14756K(15168K) NonClass: 13213K(13376K)->13213K(13376K) Class: 1542K(1792K)->1542K(1792K)
[2025-12-25T14:53:14.312+0000][gc          ] GC(166) Pause Young (Normal) (G1 Evacuation Pause) 809M->202M(1024M) 11.478ms
[2025-12-25T14:53:14.313+0000][gc,cpu      ] GC(166) User=0.07s Sys=0.01s Real=0.01s
[2025-12-25T14:53:44.524+0000][gc,start    ] GC(167) Pause Young (Normal) (G1 Evacuation Pause)
[2025-12-25T14:53:44.525+0000][gc,task     ] GC(167) Using 8 workers of 8 for evacuation
[2025-12-25T14:53:44.535+0000][gc,phases   ] GC(167)   Pre Evacuate Collection Set: 1.2ms
[2025-12-25T14:53:44.535+0000][gc,phases   ] GC(167)   Merge Heap Roots: 0.2ms
[2025-12-25T14:53:44.535+0000][gc,phases   ] GC(167)   Evacuate Collection Set: 8.0ms
[2025-12-25T14:53:44.535+0000][gc,phases   ] GC(167)   Post Evacuate Collection Set: 1.0ms
[2025-12-25T14:53:44.535+0000][gc,phases   ] GC(167)   Other: 0.2ms
[2025-12-25T14:53:44.536+0000][gc,heap     ] GC(167) Eden regions: 607->0(606)
[2025-12-25T14:53:44.536+0000][gc,heap     ] GC(167) Survivor regions: 7->8(77)
[2025-12-25T14:53:44.536+0000][gc,heap     ] GC(167) Old regions: 46->46
[2025-12-25T14:53:44.536+0000][gc,heap     ] GC(167) Humongous regions: 151->151
[2025-12-25T14:53:44.536+0000][gc,metaspace] GC(167) Metaspace: 14756K(15168K)->14756K(15168K) NonClass: 13213K(13376K)->13213K(13376K) Class: 1542K(1792K)->1542K(1792K)
[2025-12-25T14:53:44.536+0000][gc          ] GC(167) Pause Young (Normal) (G1 Evacuation Pause) 809M->204M(1024M) 11.758ms
[2025-12-25T14:53:44.536+0000][gc,cpu      ] GC(167) User=0.07s Sys=0.00s Real=0.01s
[2025-12-25T14:54:24.243+0000][gc,start    ] GC(168) Pause Young (Normal) (G1 Evacuation Pause)
[2025-12-25T14:54:24.244+0000][gc,task     ] GC(168) Using 8 workers of 8 for evacuation
[2025-12-25T14:54:24.280+0000][gc,phases   ] GC(168)   Pre Evacuate Collection Set: 1.9ms
[2025-12-25T14:54:24.281+0000][gc,phases   ] GC(168)   Merge Heap Roots: 0.2ms
[2025-12-25T14:54:24.281+0000][gc,phases   ] GC(168)   Evacuate Collection Set: 27.6ms
[2025-12-25T14:54:24.281+0000][gc,phases   ] GC(168)   Post Evacuate Collection Set: 6.5ms
[2025-12-25T14:54:24.281+0000][gc,phases   ] GC(168)   Other: 0.2ms
[2025-12-25T14:54:24.282+0000][gc,heap     ] GC(168) Eden regions: 606->0(606)
[2025-12-25T14:54:24.282+0000][gc,heap     ] GC(168) Survivor regions: 8->8(77)
[2025-12-25T14:54:24.282+0000][gc,heap     ] GC(168) Old regions: 46->46
[2025-12-25T14:54:24.282+0000][gc,heap     ] GC(168) Humongous regions: 151->151
[2025-12-25T14:54:24.282+0000][gc,metaspace] GC(168) Metaspace: 14759K(15168K)->14759K(15168K) NonClass: 13216K(13376K)->13216K(13376K) Class: 1542K(1792K)->1542K(1792K)
[2025-12-25T14:54:24.282+0000][gc          ] GC(168) Pause Young (Normal) (G1 Evacuation Pause) 810M->204M(1024M) 39.220ms
[2025-12-25T14:54:24.282+0000][gc,cpu      ] GC(168) User=0.13s Sys=0.00s Real=0.04s
[2025-12-25T14:54:54.511+0000][gc,start    ] GC(169) Pause Young (Normal) (G1 Evacuation Pause)
[2025-12-25T14:54:54.512+0000][gc,task     ] GC(169) Using 8 workers of 8 for evacuation
[2025-12-25T14:54:54.538+0000][gc,phases   ] GC(169)   Pre Evacuate Collection Set: 3.2ms
[2025-12-25T14:54:54.538+0000][gc,phases   ] GC(169)   Merge Heap Roots: 0.4ms
[2025-12-25T14:54:54.538+0000][gc,phases   ] GC(169)   Evacuate Collection Set: 20.5ms
[2025-12-25T14:54:54.538+0000][gc,phases   ] GC(169)   Post Evacuate Collection Set: 1.2ms
[2025-12-25T14:54:54.538+0000][gc,phases   ] GC(169)   Other: 0.5ms
[2025-12-25T14:54:54.538+0000][gc,heap     ] GC(169) Eden regions: 606->0(605)
[2025-12-25T14:54:54.538+0000][gc,heap     ] GC(169) Survivor regions: 8->9(77)
[2025-12-25T14:54:54.538+0000][gc,heap     ] GC(169) Old regions: 46->47
[2025-12-25T14:54:54.538+0000][gc,heap     ] GC(169) Humongous regions: 151->151
[2025-12-25T14:54:54.538+0000][gc,metaspace] GC(169) Metaspace: 14768K(15168K)->14768K(15168K) NonClass: 13225K(13376K)->13225K(13376K) Class: 1542K(1792K)->1542K(1792K)
[2025-12-25T14:54:54.539+0000][gc          ] GC(169) Pause Young (Normal) (G1 Evacuation Pause) 810M->205M(1024M) 27.395ms
[2025-12-25T14:54:54.539+0000][gc,cpu      ] GC(169) User=0.13s Sys=0.00s Real=0.03s
[2025-12-25T14:55:34.300+0000][gc,start    ] GC(170) Pause Young (Normal) (G1 Evacuation Pause)
[2025-12-25T14:55:34.301+0000][gc,task     ] GC(170) Using 8 workers of 8 for evacuation
[2025-12-25T14:55:34.327+0000][gc,phases   ] GC(170)   Pre Evacuate Collection Set: 1.2ms
[2025-12-25T14:55:34.327+0000][gc,phases   ] GC(170)   Merge Heap Roots: 0.2ms
[2025-12-25T14:55:34.327+0000][gc,phases   ] GC(170)   Evacuate Collection Set: 22.4ms
[2025-12-25T14:55:34.327+0000][gc,phases   ] GC(170)   Post Evacuate Collection Set: 1.2ms
[2025-12-25T14:55:34.327+0000][gc,phases   ] GC(170)   Other: 0.2ms
[2025-12-25T14:55:34.327+0000][gc,heap     ] GC(170) Eden regions: 605->0(605)
[2025-12-25T14:55:34.327+0000][gc,heap     ] GC(170) Survivor regions: 9->9(77)
[2025-12-25T14:55:34.327+0000][gc,heap     ] GC(170) Old regions: 47->47
[2025-12-25T14:55:34.327+0000][gc,heap     ] GC(170) Humongous regions: 151->151
[2025-12-25T14:55:34.327+0000][gc,metaspace] GC(170) Metaspace: 14771K(15168K)->14771K(15168K) NonClass: 13228K(13376K)->13228K(13376K) Class: 1542K(1792K)->1542K(1792K)
[2025-12-25T14:55:34.327+0000][gc          ] GC(170) Pause Young (Normal) (G1 Evacuation Pause) 810M->205M(1024M) 26.845ms
[2025-12-25T14:55:34.327+0000][gc,cpu      ] GC(170) User=0.18s Sys=0.01s Real=0.03s
[2025-12-25T14:56:04.705+0000][gc,start    ] GC(171) Pause Young (Normal) (G1 Evacuation Pause)
[2025-12-25T14:56:04.705+0000][gc,task     ] GC(171) Using 8 workers of 8 for evacuation
[2025-12-25T14:56:04.731+0000][gc,phases   ] GC(171)   Pre Evacuate Collection Set: 1.5ms
[2025-12-25T14:56:04.731+0000][gc,phases   ] GC(171)   Merge Heap Roots: 0.2ms
[2025-12-25T14:56:04.731+0000][gc,phases   ] GC(171)   Evacuate Collection Set: 21.9ms
[2025-12-25T14:56:04.731+0000][gc,phases   ] GC(171)   Post Evacuate Collection Set: 1.5ms
[2025-12-25T14:56:04.731+0000][gc,phases   ] GC(171)   Other: 0.3ms
[2025-12-25T14:56:04.731+0000][gc,heap     ] GC(171) Eden regions: 605->0(606)
[2025-12-25T14:56:04.731+0000][gc,heap     ] GC(171) Survivor regions: 9->8(77)
[2025-12-25T14:56:04.731+0000][gc,heap     ] GC(171) Old regions: 47->47
[2025-12-25T14:56:04.731+0000][gc,heap     ] GC(171) Humongous regions: 151->151
[2025-12-25T14:56:04.731+0000][gc,metaspace] GC(171) Metaspace: 14771K(15168K)->14771K(15168K) NonClass: 13228K(13376K)->13228K(13376K) Class: 1542K(1792K)->1542K(1792K)
[2025-12-25T14:56:04.731+0000][gc          ] GC(171) Pause Young (Normal) (G1 Evacuation Pause) 810M->205M(1024M) 26.777ms
[2025-12-25T14:56:04.731+0000][gc,cpu      ] GC(171) User=0.13s Sys=0.01s Real=0.03s
[2025-12-25T14:56:44.353+0000][gc,start    ] GC(172) Pause Young (Normal) (G1 Evacuation Pause)
[2025-12-25T14:56:44.354+0000][gc,task     ] GC(172) Using 8 workers of 8 for evacuation
[2025-12-25T14:56:44.405+0000][gc,phases   ] GC(172)   Pre Evacuate Collection Set: 4.0ms
[2025-12-25T14:56:44.405+0000][gc,phases   ] GC(172)   Merge Heap Roots: 0.5ms
[2025-12-25T14:56:44.405+0000][gc,phases   ] GC(172)   Evacuate Collection Set: 40.2ms
[2025-12-25T14:56:44.405+0000][gc,phases   ] GC(172)   Post Evacuate Collection Set: 4.6ms
[2025-12-25T14:56:44.405+0000][gc,phases   ] GC(172)   Other: 1.7ms
[2025-12-25T14:56:44.405+0000][gc,heap     ] GC(172) Eden regions: 606->0(608)
[2025-12-25T14:56:44.405+0000][gc,heap     ] GC(172) Survivor regions: 8->6(77)
[2025-12-25T14:56:44.406+0000][gc,heap     ] GC(172) Old regions: 47->47
[2025-12-25T14:56:44.406+0000][gc,heap     ] GC(172) Humongous regions: 151->151
[2025-12-25T14:56:44.406+0000][gc,metaspace] GC(172) Metaspace: 14772K(15168K)->14772K(15168K) NonClass: 13229K(13376K)->13229K(13376K) Class: 1542K(1792K)->1542K(1792K)
[2025-12-25T14:56:44.406+0000][gc          ] GC(172) Pause Young (Normal) (G1 Evacuation Pause) 811M->203M(1024M) 53.206ms
[2025-12-25T14:56:44.406+0000][gc,cpu      ] GC(172) User=0.15s Sys=0.01s Real=0.06s
[2025-12-25T14:57:23.975+0000][gc,start    ] GC(173) Pause Young (Normal) (G1 Evacuation Pause)
[2025-12-25T14:57:23.975+0000][gc,task     ] GC(173) Using 8 workers of 8 for evacuation
[2025-12-25T14:57:23.998+0000][gc,phases   ] GC(173)   Pre Evacuate Collection Set: 1.7ms
[2025-12-25T14:57:23.998+0000][gc,phases   ] GC(173)   Merge Heap Roots: 0.4ms
[2025-12-25T14:57:23.998+0000][gc,phases   ] GC(173)   Evacuate Collection Set: 17.9ms
[2025-12-25T14:57:23.998+0000][gc,phases   ] GC(173)   Post Evacuate Collection Set: 1.8ms
[2025-12-25T14:57:23.998+0000][gc,phases   ] GC(173)   Other: 0.3ms
[2025-12-25T14:57:23.998+0000][gc,heap     ] GC(173) Eden regions: 608->0(608)
[2025-12-25T14:57:23.998+0000][gc,heap     ] GC(173) Survivor regions: 6->6(77)
[2025-12-25T14:57:23.998+0000][gc,heap     ] GC(173) Old regions: 47->47
[2025-12-25T14:57:23.998+0000][gc,heap     ] GC(173) Humongous regions: 151->151
[2025-12-25T14:57:23.998+0000][gc,metaspace] GC(173) Metaspace: 14772K(15168K)->14772K(15168K) NonClass: 13229K(13376K)->13229K(13376K) Class: 1542K(1792K)->1542K(1792K)
[2025-12-25T14:57:23.998+0000][gc          ] GC(173) Pause Young (Normal) (G1 Evacuation Pause) 811M->203M(1024M) 23.423ms
[2025-12-25T14:57:23.998+0000][gc,cpu      ] GC(173) User=0.11s Sys=0.00s Real=0.02s
[2025-12-25T14:57:54.285+0000][gc,start    ] GC(174) Pause Young (Normal) (G1 Evacuation Pause)
[2025-12-25T14:57:54.286+0000][gc,task     ] GC(174) Using 8 workers of 8 for evacuation
[2025-12-25T14:57:54.311+0000][gc,phases   ] GC(174)   Pre Evacuate Collection Set: 3.9ms
[2025-12-25T14:57:54.311+0000][gc,phases   ] GC(174)   Merge Heap Roots: 1.0ms
[2025-12-25T14:57:54.311+0000][gc,phases   ] GC(174)   Evacuate Collection Set: 17.9ms
[2025-12-25T14:57:54.311+0000][gc,phases   ] GC(174)   Post Evacuate Collection Set: 1.6ms
[2025-12-25T14:57:54.311+0000][gc,phases   ] GC(174)   Other: 0.4ms
[2025-12-25T14:57:54.311+0000][gc,heap     ] GC(174) Eden regions: 608->0(606)
[2025-12-25T14:57:54.311+0000][gc,heap     ] GC(174) Survivor regions: 6->8(77)
[2025-12-25T14:57:54.311+0000][gc,heap     ] GC(174) Old regions: 47->48
[2025-12-25T14:57:54.311+0000][gc,heap     ] GC(174) Humongous regions: 151->151
[2025-12-25T14:57:54.311+0000][gc,metaspace] GC(174) Metaspace: 14772K(15168K)->14772K(15168K) NonClass: 13229K(13376K)->13229K(13376K) Class: 1542K(1792K)->1542K(1792K)
[2025-12-25T14:57:54.311+0000][gc          ] GC(174) Pause Young (Normal) (G1 Evacuation Pause) 811M->205M(1024M) 26.143ms
[2025-12-25T14:57:54.311+0000][gc,cpu      ] GC(174) User=0.16s Sys=0.01s Real=0.03s
[2025-12-25T14:58:34.016+0000][gc,start    ] GC(175) Pause Young (Normal) (G1 Evacuation Pause)
[2025-12-25T14:58:34.018+0000][gc,task     ] GC(175) Using 8 workers of 8 for evacuation
[2025-12-25T14:58:34.048+0000][gc,phases   ] GC(175)   Pre Evacuate Collection Set: 1.8ms
[2025-12-25T14:58:34.048+0000][gc,phases   ] GC(175)   Merge Heap Roots: 0.3ms
[2025-12-25T14:58:34.048+0000][gc,phases   ] GC(175)   Evacuate Collection Set: 25.3ms
[2025-12-25T14:58:34.048+0000][gc,phases   ] GC(175)   Post Evacuate Collection Set: 2.0ms
[2025-12-25T14:58:34.048+0000][gc,phases   ] GC(175)   Other: 0.3ms
[2025-12-25T14:58:34.048+0000][gc,heap     ] GC(175) Eden regions: 606->0(608)
[2025-12-25T14:58:34.049+0000][gc,heap     ] GC(175) Survivor regions: 8->6(77)
[2025-12-25T14:58:34.049+0000][gc,heap     ] GC(175) Old regions: 48->48
[2025-12-25T14:58:34.049+0000][gc,heap     ] GC(175) Humongous regions: 151->151
[2025-12-25T14:58:34.049+0000][gc,metaspace] GC(175) Metaspace: 14772K(15168K)->14772K(15168K) NonClass: 13229K(13376K)->13229K(13376K) Class: 1542K(1792K)->1542K(1792K)
[2025-12-25T14:58:34.049+0000][gc          ] GC(175) Pause Young (Normal) (G1 Evacuation Pause) 811M->204M(1024M) 33.649ms
[2025-12-25T14:58:34.050+0000][gc,cpu      ] GC(175) User=0.14s Sys=0.00s Real=0.04s
[2025-12-25T14:59:04.356+0000][gc,start    ] GC(176) Pause Young (Normal) (G1 Evacuation Pause)
[2025-12-25T14:59:04.357+0000][gc,task     ] GC(176) Using 8 workers of 8 for evacuation
[2025-12-25T14:59:04.386+0000][gc,phases   ] GC(176)   Pre Evacuate Collection Set: 1.9ms
[2025-12-25T14:59:04.387+0000][gc,phases   ] GC(176)   Merge Heap Roots: 0.6ms
[2025-12-25T14:59:04.387+0000][gc,phases   ] GC(176)   Evacuate Collection Set: 24.0ms
[2025-12-25T14:59:04.387+0000][gc,phases   ] GC(176)   Post Evacuate Collection Set: 2.1ms
[2025-12-25T14:59:04.387+0000][gc,phases   ] GC(176)   Other: 0.3ms
[2025-12-25T14:59:04.388+0000][gc,heap     ] GC(176) Eden regions: 608->0(605)
[2025-12-25T14:59:04.388+0000][gc,heap     ] GC(176) Survivor regions: 6->9(77)
[2025-12-25T14:59:04.388+0000][gc,heap     ] GC(176) Old regions: 48->48
[2025-12-25T14:59:04.388+0000][gc,heap     ] GC(176) Humongous regions: 151->151
[2025-12-25T14:59:04.388+0000][gc,metaspace] GC(176) Metaspace: 14772K(15168K)->14772K(15168K) NonClass: 13229K(13376K)->13229K(13376K) Class: 1542K(1792K)->1542K(1792K)
[2025-12-25T14:59:04.389+0000][gc          ] GC(176) Pause Young (Normal) (G1 Evacuation Pause) 812M->207M(1024M) 32.491ms
[2025-12-25T14:59:04.389+0000][gc,cpu      ] GC(176) User=0.20s Sys=0.00s Real=0.03s
[2025-12-25T14:59:44.082+0000][gc,start    ] GC(177) Pause Young (Normal) (G1 Evacuation Pause)
[2025-12-25T14:59:44.084+0000][gc,task     ] GC(177) Using 8 workers of 8 for evacuation
[2025-12-25T14:59:44.125+0000][gc,phases   ] GC(177)   Pre Evacuate Collection Set: 6.7ms
[2025-12-25T14:59:44.125+0000][gc,phases   ] GC(177)   Merge Heap Roots: 0.9ms
[2025-12-25T14:59:44.125+0000][gc,phases   ] GC(177)   Evacuate Collection Set: 27.9ms
[2025-12-25T14:59:44.125+0000][gc,phases   ] GC(177)   Post Evacuate Collection Set: 4.2ms
[2025-12-25T14:59:44.125+0000][gc,phases   ] GC(177)   Other: 0.9ms
[2025-12-25T14:59:44.126+0000][gc,heap     ] GC(177) Eden regions: 605->0(606)
[2025-12-25T14:59:44.126+0000][gc,heap     ] GC(177) Survivor regions: 9->8(77)
[2025-12-25T14:59:44.126+0000][gc,heap     ] GC(177) Old regions: 48->48
[2025-12-25T14:59:44.126+0000][gc,heap     ] GC(177) Humongous regions: 151->151
[2025-12-25T14:59:44.126+0000][gc,metaspace] GC(177) Metaspace: 14774K(15168K)->14774K(15168K) NonClass: 13231K(13376K)->13231K(13376K) Class: 1542K(1792K)->1542K(1792K)
[2025-12-25T14:59:44.136+0000][gc          ] GC(177) Pause Young (Normal) (G1 Evacuation Pause) 812M->206M(1024M) 54.042ms
[2025-12-25T14:59:44.138+0000][gc,cpu      ] GC(177) User=0.19s Sys=0.01s Real=0.06s
[2025-12-25T15:00:14.491+0000][gc,start    ] GC(178) Pause Young (Normal) (G1 Evacuation Pause)
[2025-12-25T15:00:14.492+0000][gc,task     ] GC(178) Using 8 workers of 8 for evacuation
[2025-12-25T15:00:14.516+0000][gc,phases   ] GC(178)   Pre Evacuate Collection Set: 1.4ms
[2025-12-25T15:00:14.517+0000][gc,phases   ] GC(178)   Merge Heap Roots: 0.3ms
[2025-12-25T15:00:14.517+0000][gc,phases   ] GC(178)   Evacuate Collection Set: 20.7ms
[2025-12-25T15:00:14.517+0000][gc,phases   ] GC(178)   Post Evacuate Collection Set: 2.2ms
[2025-12-25T15:00:14.517+0000][gc,phases   ] GC(178)   Other: 0.3ms
[2025-12-25T15:00:14.517+0000][gc,heap     ] GC(178) Eden regions: 606->0(604)
[2025-12-25T15:00:14.517+0000][gc,heap     ] GC(178) Survivor regions: 8->10(77)
[2025-12-25T15:00:14.517+0000][gc,heap     ] GC(178) Old regions: 48->49
[2025-12-25T15:00:14.517+0000][gc,heap     ] GC(178) Humongous regions: 151->151
[2025-12-25T15:00:14.517+0000][gc,metaspace] GC(178) Metaspace: 14774K(15168K)->14774K(15168K) NonClass: 13231K(13376K)->13231K(13376K) Class: 1542K(1792K)->1542K(1792K)
[2025-12-25T15:00:14.517+0000][gc          ] GC(178) Pause Young (Normal) (G1 Evacuation Pause) 812M->208M(1024M) 26.339ms
[2025-12-25T15:00:14.517+0000][gc,cpu      ] GC(178) User=0.16s Sys=0.01s Real=0.02s
[2025-12-25T15:00:54.023+0000][gc,start    ] GC(179) Pause Young (Normal) (G1 Evacuation Pause)
[2025-12-25T15:00:54.024+0000][gc,task     ] GC(179) Using 8 workers of 8 for evacuation
[2025-12-25T15:00:54.053+0000][gc,phases   ] GC(179)   Pre Evacuate Collection Set: 5.0ms
[2025-12-25T15:00:54.053+0000][gc,phases   ] GC(179)   Merge Heap Roots: 0.7ms
[2025-12-25T15:00:54.053+0000][gc,phases   ] GC(179)   Evacuate Collection Set: 20.8ms
[2025-12-25T15:00:54.053+0000][gc,phases   ] GC(179)   Post Evacuate Collection Set: 2.4ms
[2025-12-25T15:00:54.053+0000][gc,phases   ] GC(179)   Other: 0.6ms
[2025-12-25T15:00:54.054+0000][gc,heap     ] GC(179) Eden regions: 604->0(609)
[2025-12-25T15:00:54.054+0000][gc,heap     ] GC(179) Survivor regions: 10->5(77)
[2025-12-25T15:00:54.054+0000][gc,heap     ] GC(179) Old regions: 49->49
[2025-12-25T15:00:54.054+0000][gc,heap     ] GC(179) Humongous regions: 151->151
[2025-12-25T15:00:54.054+0000][gc,metaspace] GC(179) Metaspace: 14775K(15168K)->14775K(15168K) NonClass: 13232K(13376K)->13232K(13376K) Class: 1542K(1792K)->1542K(1792K)
[2025-12-25T15:00:54.054+0000][gc          ] GC(179) Pause Young (Normal) (G1 Evacuation Pause) 812M->204M(1024M) 31.537ms
[2025-12-25T15:00:54.054+0000][gc,cpu      ] GC(179) User=0.16s Sys=0.01s Real=0.03s
[2025-12-25T15:01:24.363+0000][gc,start    ] GC(180) Pause Young (Normal) (G1 Evacuation Pause)
[2025-12-25T15:01:24.363+0000][gc,task     ] GC(180) Using 8 workers of 8 for evacuation
[2025-12-25T15:01:24.385+0000][gc,phases   ] GC(180)   Pre Evacuate Collection Set: 1.2ms
[2025-12-25T15:01:24.385+0000][gc,phases   ] GC(180)   Merge Heap Roots: 0.3ms
[2025-12-25T15:01:24.385+0000][gc,phases   ] GC(180)   Evacuate Collection Set: 12.7ms
[2025-12-25T15:01:24.385+0000][gc,phases   ] GC(180)   Post Evacuate Collection Set: 5.9ms
[2025-12-25T15:01:24.385+0000][gc,phases   ] GC(180)   Other: 0.4ms
[2025-12-25T15:01:24.385+0000][gc,heap     ] GC(180) Eden regions: 609->0(607)
[2025-12-25T15:01:24.385+0000][gc,heap     ] GC(180) Survivor regions: 5->7(77)
[2025-12-25T15:01:24.385+0000][gc,heap     ] GC(180) Old regions: 49->49
[2025-12-25T15:01:24.385+0000][gc,heap     ] GC(180) Humongous regions: 151->151
[2025-12-25T15:01:24.385+0000][gc,metaspace] GC(180) Metaspace: 14775K(15168K)->14775K(15168K) NonClass: 13232K(13376K)->13232K(13376K) Class: 1542K(1792K)->1542K(1792K)
[2025-12-25T15:01:24.385+0000][gc          ] GC(180) Pause Young (Normal) (G1 Evacuation Pause) 813M->206M(1024M) 22.768ms
[2025-12-25T15:01:24.386+0000][gc,cpu      ] GC(180) User=0.14s Sys=0.00s Real=0.02s
[2025-12-25T15:02:04.063+0000][gc,start    ] GC(181) Pause Young (Normal) (G1 Evacuation Pause)
[2025-12-25T15:02:04.065+0000][gc,task     ] GC(181) Using 8 workers of 8 for evacuation
[2025-12-25T15:02:04.105+0000][gc,phases   ] GC(181)   Pre Evacuate Collection Set: 9.3ms
[2025-12-25T15:02:04.106+0000][gc,phases   ] GC(181)   Merge Heap Roots: 1.5ms
[2025-12-25T15:02:04.106+0000][gc,phases   ] GC(181)   Evacuate Collection Set: 26.8ms
[2025-12-25T15:02:04.106+0000][gc,phases   ] GC(181)   Post Evacuate Collection Set: 2.0ms
[2025-12-25T15:02:04.106+0000][gc,phases   ] GC(181)   Other: 1.3ms
[2025-12-25T15:02:04.106+0000][gc,heap     ] GC(181) Eden regions: 607->0(608)
[2025-12-25T15:02:04.106+0000][gc,heap     ] GC(181) Survivor regions: 7->6(77)
[2025-12-25T15:02:04.106+0000][gc,heap     ] GC(181) Old regions: 49->49
[2025-12-25T15:02:04.106+0000][gc,heap     ] GC(181) Humongous regions: 151->151
[2025-12-25T15:02:04.106+0000][gc,metaspace] GC(181) Metaspace: 14775K(15168K)->14775K(15168K) NonClass: 13232K(13376K)->13232K(13376K) Class: 1542K(1792K)->1542K(1792K)
[2025-12-25T15:02:04.106+0000][gc          ] GC(181) Pause Young (Normal) (G1 Evacuation Pause) 813M->205M(1024M) 42.896ms
[2025-12-25T15:02:04.106+0000][gc,cpu      ] GC(181) User=0.15s Sys=0.00s Real=0.04s
[2025-12-25T15:02:34.429+0000][gc,start    ] GC(182) Pause Young (Normal) (G1 Evacuation Pause)
[2025-12-25T15:02:34.430+0000][gc,task     ] GC(182) Using 8 workers of 8 for evacuation
[2025-12-25T15:02:34.481+0000][gc,phases   ] GC(182)   Pre Evacuate Collection Set: 4.6ms
[2025-12-25T15:02:34.481+0000][gc,phases   ] GC(182)   Merge Heap Roots: 1.6ms
[2025-12-25T15:02:34.481+0000][gc,phases   ] GC(182)   Evacuate Collection Set: 41.9ms
[2025-12-25T15:02:34.481+0000][gc,phases   ] GC(182)   Post Evacuate Collection Set: 2.1ms
[2025-12-25T15:02:34.481+0000][gc,phases   ] GC(182)   Other: 0.6ms
[2025-12-25T15:02:34.481+0000][gc,heap     ] GC(182) Eden regions: 608->0(606)
[2025-12-25T15:02:34.481+0000][gc,heap     ] GC(182) Survivor regions: 6->8(77)
[2025-12-25T15:02:34.481+0000][gc,heap     ] GC(182) Old regions: 49->50
[2025-12-25T15:02:34.481+0000][gc,heap     ] GC(182) Humongous regions: 151->151
[2025-12-25T15:02:34.481+0000][gc,metaspace] GC(182) Metaspace: 14775K(15168K)->14775K(15168K) NonClass: 13232K(13376K)->13232K(13376K) Class: 1542K(1792K)->1542K(1792K)
[2025-12-25T15:02:34.481+0000][gc          ] GC(182) Pause Young (Normal) (G1 Evacuation Pause) 813M->207M(1024M) 52.218ms
[2025-12-25T15:02:34.482+0000][gc,cpu      ] GC(182) User=0.31s Sys=0.00s Real=0.06s
[2025-12-25T15:03:14.057+0000][gc,start    ] GC(183) Pause Young (Normal) (G1 Evacuation Pause)
[2025-12-25T15:03:14.058+0000][gc,task     ] GC(183) Using 8 workers of 8 for evacuation
[2025-12-25T15:03:14.096+0000][gc,phases   ] GC(183)   Pre Evacuate Collection Set: 5.6ms
[2025-12-25T15:03:14.096+0000][gc,phases   ] GC(183)   Merge Heap Roots: 1.1ms
[2025-12-25T15:03:14.096+0000][gc,phases   ] GC(183)   Evacuate Collection Set: 27.8ms
[2025-12-25T15:03:14.096+0000][gc,phases   ] GC(183)   Post Evacuate Collection Set: 3.3ms
[2025-12-25T15:03:14.096+0000][gc,phases   ] GC(183)   Other: 0.3ms
[2025-12-25T15:03:14.096+0000][gc,heap     ] GC(183) Eden regions: 606->0(606)
[2025-12-25T15:03:14.096+0000][gc,heap     ] GC(183) Survivor regions: 8->8(77)
[2025-12-25T15:03:14.096+0000][gc,heap     ] GC(183) Old regions: 50->50
[2025-12-25T15:03:14.096+0000][gc,heap     ] GC(183) Humongous regions: 151->151
[2025-12-25T15:03:14.096+0000][gc,metaspace] GC(183) Metaspace: 14776K(15168K)->14776K(15168K) NonClass: 13233K(13376K)->13233K(13376K) Class: 1542K(1792K)->1542K(1792K)
[2025-12-25T15:03:14.097+0000][gc          ] GC(183) Pause Young (Normal) (G1 Evacuation Pause) 813M->207M(1024M) 39.739ms
[2025-12-25T15:03:14.097+0000][gc,cpu      ] GC(183) User=0.18s Sys=0.01s Real=0.04s
[2025-12-25T15:03:44.321+0000][gc,start    ] GC(184) Pause Young (Normal) (G1 Evacuation Pause)
[2025-12-25T15:03:44.322+0000][gc,task     ] GC(184) Using 8 workers of 8 for evacuation
[2025-12-25T15:03:44.343+0000][gc,phases   ] GC(184)   Pre Evacuate Collection Set: 1.1ms
[2025-12-25T15:03:44.343+0000][gc,phases   ] GC(184)   Merge Heap Roots: 0.3ms
[2025-12-25T15:03:44.343+0000][gc,phases   ] GC(184)   Evacuate Collection Set: 17.0ms
[2025-12-25T15:03:44.343+0000][gc,phases   ] GC(184)   Post Evacuate Collection Set: 1.7ms
[2025-12-25T15:03:44.343+0000][gc,phases   ] GC(184)   Other: 0.4ms
[2025-12-25T15:03:44.343+0000][gc,heap     ] GC(184) Eden regions: 606->0(605)
[2025-12-25T15:03:44.343+0000][gc,heap     ] GC(184) Survivor regions: 8->9(77)
[2025-12-25T15:03:44.343+0000][gc,heap     ] GC(184) Old regions: 50->50
[2025-12-25T15:03:44.343+0000][gc,heap     ] GC(184) Humongous regions: 151->151
[2025-12-25T15:03:44.343+0000][gc,metaspace] GC(184) Metaspace: 14776K(15168K)->14776K(15168K) NonClass: 13233K(13376K)->13233K(13376K) Class: 1542K(1792K)->1542K(1792K)
[2025-12-25T15:03:44.344+0000][gc          ] GC(184) Pause Young (Normal) (G1 Evacuation Pause) 813M->209M(1024M) 22.407ms
[2025-12-25T15:03:44.344+0000][gc,cpu      ] GC(184) User=0.13s Sys=0.00s Real=0.02s
[2025-12-25T15:04:24.025+0000][gc,start    ] GC(185) Pause Young (Normal) (G1 Evacuation Pause)
[2025-12-25T15:04:24.026+0000][gc,task     ] GC(185) Using 8 workers of 8 for evacuation
[2025-12-25T15:04:24.053+0000][gc,phases   ] GC(185)   Pre Evacuate Collection Set: 1.6ms
[2025-12-25T15:04:24.053+0000][gc,phases   ] GC(185)   Merge Heap Roots: 0.3ms
[2025-12-25T15:04:24.053+0000][gc,phases   ] GC(185)   Evacuate Collection Set: 23.2ms
[2025-12-25T15:04:24.053+0000][gc,phases   ] GC(185)   Post Evacuate Collection Set: 1.6ms
[2025-12-25T15:04:24.053+0000][gc,phases   ] GC(185)   Other: 0.2ms
[2025-12-25T15:04:24.053+0000][gc,heap     ] GC(185) Eden regions: 605->0(605)
[2025-12-25T15:04:24.053+0000][gc,heap     ] GC(185) Survivor regions: 9->9(77)
[2025-12-25T15:04:24.053+0000][gc,heap     ] GC(185) Old regions: 50->50
[2025-12-25T15:04:24.053+0000][gc,heap     ] GC(185) Humongous regions: 151->151
[2025-12-25T15:04:24.054+0000][gc,metaspace] GC(185) Metaspace: 14776K(15168K)->14776K(15168K) NonClass: 13233K(13376K)->13233K(13376K) Class: 1542K(1792K)->1542K(1792K)
[2025-12-25T15:04:24.054+0000][gc          ] GC(185) Pause Young (Normal) (G1 Evacuation Pause) 814M->209M(1024M) 28.319ms
[2025-12-25T15:04:24.054+0000][gc,cpu      ] GC(185) User=0.14s Sys=0.01s Real=0.03s
[2025-12-25T15:04:54.362+0000][gc,start    ] GC(186) Pause Young (Normal) (G1 Evacuation Pause)
[2025-12-25T15:04:54.362+0000][gc,task     ] GC(186) Using 8 workers of 8 for evacuation
[2025-12-25T15:04:54.389+0000][gc,phases   ] GC(186)   Pre Evacuate Collection Set: 1.1ms
[2025-12-25T15:04:54.390+0000][gc,phases   ] GC(186)   Merge Heap Roots: 0.3ms
[2025-12-25T15:04:54.390+0000][gc,phases   ] GC(186)   Evacuate Collection Set: 24.2ms
[2025-12-25T15:04:54.390+0000][gc,phases   ] GC(186)   Post Evacuate Collection Set: 1.3ms
[2025-12-25T15:04:54.390+0000][gc,phases   ] GC(186)   Other: 0.3ms
[2025-12-25T15:04:54.390+0000][gc,heap     ] GC(186) Eden regions: 605->0(607)
[2025-12-25T15:04:54.390+0000][gc,heap     ] GC(186) Survivor regions: 9->7(77)
[2025-12-25T15:04:54.390+0000][gc,heap     ] GC(186) Old regions: 50->51
[2025-12-25T15:04:54.390+0000][gc,heap     ] GC(186) Humongous regions: 151->151
[2025-12-25T15:04:54.390+0000][gc,metaspace] GC(186) Metaspace: 14776K(15168K)->14776K(15168K) NonClass: 13233K(13376K)->13233K(13376K) Class: 1542K(1792K)->1542K(1792K)
[2025-12-25T15:04:54.390+0000][gc          ] GC(186) Pause Young (Normal) (G1 Evacuation Pause) 814M->207M(1024M) 28.488ms
[2025-12-25T15:04:54.390+0000][gc,cpu      ] GC(186) User=0.19s Sys=0.01s Real=0.03s
[2025-12-25T15:05:34.025+0000][gc,start    ] GC(187) Pause Young (Normal) (G1 Evacuation Pause)
[2025-12-25T15:05:34.025+0000][gc,task     ] GC(187) Using 8 workers of 8 for evacuation
[2025-12-25T15:05:34.047+0000][gc,phases   ] GC(187)   Pre Evacuate Collection Set: 1.3ms
[2025-12-25T15:05:34.048+0000][gc,phases   ] GC(187)   Merge Heap Roots: 0.3ms
[2025-12-25T15:05:34.048+0000][gc,phases   ] GC(187)   Evacuate Collection Set: 19.4ms
[2025-12-25T15:05:34.048+0000][gc,phases   ] GC(187)   Post Evacuate Collection Set: 1.4ms
[2025-12-25T15:05:34.048+0000][gc,phases   ] GC(187)   Other: 0.2ms
[2025-12-25T15:05:34.048+0000][gc,heap     ] GC(187) Eden regions: 607->0(608)
[2025-12-25T15:05:34.048+0000][gc,heap     ] GC(187) Survivor regions: 7->6(77)
[2025-12-25T15:05:34.048+0000][gc,heap     ] GC(187) Old regions: 51->51
[2025-12-25T15:05:34.048+0000][gc,heap     ] GC(187) Humongous regions: 151->151
[2025-12-25T15:05:34.048+0000][gc,metaspace] GC(187) Metaspace: 14800K(15168K)->14800K(15168K) NonClass: 13257K(13376K)->13257K(13376K) Class: 1542K(1792K)->1542K(1792K)
[2025-12-25T15:05:34.048+0000][gc          ] GC(187) Pause Young (Normal) (G1 Evacuation Pause) 814M->206M(1024M) 23.829ms
[2025-12-25T15:05:34.048+0000][gc,cpu      ] GC(187) User=0.14s Sys=0.01s Real=0.03s
[2025-12-25T15:06:04.376+0000][gc,start    ] GC(188) Pause Young (Normal) (G1 Evacuation Pause)
[2025-12-25T15:06:04.377+0000][gc,task     ] GC(188) Using 8 workers of 8 for evacuation
[2025-12-25T15:06:04.398+0000][gc,phases   ] GC(188)   Pre Evacuate Collection Set: 1.2ms
[2025-12-25T15:06:04.398+0000][gc,phases   ] GC(188)   Merge Heap Roots: 0.3ms
[2025-12-25T15:06:04.398+0000][gc,phases   ] GC(188)   Evacuate Collection Set: 14.9ms
[2025-12-25T15:06:04.398+0000][gc,phases   ] GC(188)   Post Evacuate Collection Set: 3.3ms
[2025-12-25T15:06:04.398+0000][gc,phases   ] GC(188)   Other: 0.7ms
[2025-12-25T15:06:04.398+0000][gc,heap     ] GC(188) Eden regions: 608->0(607)
[2025-12-25T15:06:04.398+0000][gc,heap     ] GC(188) Survivor regions: 6->7(77)
[2025-12-25T15:06:04.398+0000][gc,heap     ] GC(188) Old regions: 51->51
[2025-12-25T15:06:04.398+0000][gc,heap     ] GC(188) Humongous regions: 151->151
[2025-12-25T15:06:04.398+0000][gc,metaspace] GC(188) Metaspace: 14808K(15168K)->14808K(15168K) NonClass: 13265K(13376K)->13265K(13376K) Class: 1542K(1792K)->1542K(1792K)
[2025-12-25T15:06:04.399+0000][gc          ] GC(188) Pause Young (Normal) (G1 Evacuation Pause) 814M->208M(1024M) 22.720ms
[2025-12-25T15:06:04.399+0000][gc,cpu      ] GC(188) User=0.13s Sys=0.00s Real=0.02s
[2025-12-25T15:06:44.052+0000][gc,start    ] GC(189) Pause Young (Normal) (G1 Evacuation Pause)
[2025-12-25T15:06:44.052+0000][gc,task     ] GC(189) Using 8 workers of 8 for evacuation
[2025-12-25T15:06:44.081+0000][gc,phases   ] GC(189)   Pre Evacuate Collection Set: 2.2ms
[2025-12-25T15:06:44.081+0000][gc,phases   ] GC(189)   Merge Heap Roots: 0.4ms
[2025-12-25T15:06:44.081+0000][gc,phases   ] GC(189)   Evacuate Collection Set: 23.5ms
[2025-12-25T15:06:44.081+0000][gc,phases   ] GC(189)   Post Evacuate Collection Set: 2.3ms
[2025-12-25T15:06:44.082+0000][gc,phases   ] GC(189)   Other: 0.3ms
[2025-12-25T15:06:44.082+0000][gc,heap     ] GC(189) Eden regions: 607->0(607)
[2025-12-25T15:06:44.082+0000][gc,heap     ] GC(189) Survivor regions: 7->7(77)
[2025-12-25T15:06:44.082+0000][gc,heap     ] GC(189) Old regions: 51->51
[2025-12-25T15:06:44.082+0000][gc,heap     ] GC(189) Humongous regions: 151->151
[2025-12-25T15:06:44.082+0000][gc,metaspace] GC(189) Metaspace: 14808K(15168K)->14808K(15168K) NonClass: 13265K(13376K)->13265K(13376K) Class: 1542K(1792K)->1542K(1792K)
[2025-12-25T15:06:44.083+0000][gc          ] GC(189) Pause Young (Normal) (G1 Evacuation Pause) 815M->208M(1024M) 30.771ms
[2025-12-25T15:06:44.083+0000][gc,cpu      ] GC(189) User=0.16s Sys=0.00s Real=0.03s
[2025-12-25T15:07:14.367+0000][gc,start    ] GC(190) Pause Young (Normal) (G1 Evacuation Pause)
[2025-12-25T15:07:14.368+0000][gc,task     ] GC(190) Using 8 workers of 8 for evacuation
[2025-12-25T15:07:14.392+0000][gc,phases   ] GC(190)   Pre Evacuate Collection Set: 3.5ms
[2025-12-25T15:07:14.392+0000][gc,phases   ] GC(190)   Merge Heap Roots: 0.7ms
[2025-12-25T15:07:14.392+0000][gc,phases   ] GC(190)   Evacuate Collection Set: 18.2ms
[2025-12-25T15:07:14.392+0000][gc,phases   ] GC(190)   Post Evacuate Collection Set: 1.2ms
[2025-12-25T15:07:14.392+0000][gc,phases   ] GC(190)   Other: 0.5ms
[2025-12-25T15:07:14.393+0000][gc,heap     ] GC(190) Eden regions: 607->0(605)
[2025-12-25T15:07:14.393+0000][gc,heap     ] GC(190) Survivor regions: 7->9(77)
[2025-12-25T15:07:14.393+0000][gc,heap     ] GC(190) Old regions: 51->52
[2025-12-25T15:07:14.393+0000][gc,heap     ] GC(190) Humongous regions: 151->151
[2025-12-25T15:07:14.393+0000][gc,metaspace] GC(190) Metaspace: 14808K(15168K)->14808K(15168K) NonClass: 13265K(13376K)->13265K(13376K) Class: 1542K(1792K)->1542K(1792K)
[2025-12-25T15:07:14.393+0000][gc          ] GC(190) Pause Young (Normal) (G1 Evacuation Pause) 815M->210M(1024M) 25.475ms
[2025-12-25T15:07:14.393+0000][gc,cpu      ] GC(190) User=0.15s Sys=0.00s Real=0.03s
[2025-12-25T15:07:54.066+0000][gc,start    ] GC(191) Pause Young (Normal) (G1 Evacuation Pause)
[2025-12-25T15:07:54.068+0000][gc,task     ] GC(191) Using 8 workers of 8 for evacuation
[2025-12-25T15:07:54.088+0000][gc,phases   ] GC(191)   Pre Evacuate Collection Set: 2.5ms
[2025-12-25T15:07:54.088+0000][gc,phases   ] GC(191)   Merge Heap Roots: 0.4ms
[2025-12-25T15:07:54.088+0000][gc,phases   ] GC(191)   Evacuate Collection Set: 15.6ms
[2025-12-25T15:07:54.088+0000][gc,phases   ] GC(191)   Post Evacuate Collection Set: 1.8ms
[2025-12-25T15:07:54.089+0000][gc,phases   ] GC(191)   Other: 0.5ms
[2025-12-25T15:07:54.089+0000][gc,heap     ] GC(191) Eden regions: 605->0(606)
[2025-12-25T15:07:54.089+0000][gc,heap     ] GC(191) Survivor regions: 9->8(77)
[2025-12-25T15:07:54.089+0000][gc,heap     ] GC(191) Old regions: 52->52
[2025-12-25T15:07:54.089+0000][gc,heap     ] GC(191) Humongous regions: 151->151
[2025-12-25T15:07:54.089+0000][gc,metaspace] GC(191) Metaspace: 14811K(15168K)->14811K(15168K) NonClass: 13268K(13376K)->13268K(13376K) Class: 1542K(1792K)->1542K(1792K)
[2025-12-25T15:07:54.089+0000][gc          ] GC(191) Pause Young (Normal) (G1 Evacuation Pause) 815M->210M(1024M) 23.102ms
[2025-12-25T15:07:54.089+0000][gc,cpu      ] GC(191) User=0.11s Sys=0.00s Real=0.02s
[2025-12-25T15:08:24.402+0000][gc,start    ] GC(192) Pause Young (Normal) (G1 Evacuation Pause)
[2025-12-25T15:08:24.404+0000][gc,task     ] GC(192) Using 8 workers of 8 for evacuation
[2025-12-25T15:08:24.428+0000][gc,phases   ] GC(192)   Pre Evacuate Collection Set: 5.6ms
[2025-12-25T15:08:24.429+0000][gc,phases   ] GC(192)   Merge Heap Roots: 0.4ms
[2025-12-25T15:08:24.429+0000][gc,phases   ] GC(192)   Evacuate Collection Set: 16.7ms
[2025-12-25T15:08:24.429+0000][gc,phases   ] GC(192)   Post Evacuate Collection Set: 1.3ms
[2025-12-25T15:08:24.429+0000][gc,phases   ] GC(192)   Other: 0.8ms
[2025-12-25T15:08:24.429+0000][gc,heap     ] GC(192) Eden regions: 606->0(604)
[2025-12-25T15:08:24.429+0000][gc,heap     ] GC(192) Survivor regions: 8->10(77)
[2025-12-25T15:08:24.429+0000][gc,heap     ] GC(192) Old regions: 52->52
[2025-12-25T15:08:24.429+0000][gc,heap     ] GC(192) Humongous regions: 151->151
[2025-12-25T15:08:24.429+0000][gc,metaspace] GC(192) Metaspace: 14811K(15168K)->14811K(15168K) NonClass: 13268K(13376K)->13268K(13376K) Class: 1542K(1792K)->1542K(1792K)
[2025-12-25T15:08:24.429+0000][gc          ] GC(192) Pause Young (Normal) (G1 Evacuation Pause) 816M->212M(1024M) 27.263ms
[2025-12-25T15:08:24.429+0000][gc,cpu      ] GC(192) User=0.16s Sys=0.00s Real=0.02s
[2025-12-25T15:09:04.086+0000][gc,start    ] GC(193) Pause Young (Normal) (G1 Evacuation Pause)
[2025-12-25T15:09:04.086+0000][gc,task     ] GC(193) Using 8 workers of 8 for evacuation
[2025-12-25T15:09:04.104+0000][gc,phases   ] GC(193)   Pre Evacuate Collection Set: 1.5ms
[2025-12-25T15:09:04.104+0000][gc,phases   ] GC(193)   Merge Heap Roots: 1.6ms
[2025-12-25T15:09:04.104+0000][gc,phases   ] GC(193)   Evacuate Collection Set: 12.9ms
[2025-12-25T15:09:04.104+0000][gc,phases   ] GC(193)   Post Evacuate Collection Set: 1.4ms
[2025-12-25T15:09:04.104+0000][gc,phases   ] GC(193)   Other: 0.3ms
[2025-12-25T15:09:04.104+0000][gc,heap     ] GC(193) Eden regions: 604->0(609)
[2025-12-25T15:09:04.104+0000][gc,heap     ] GC(193) Survivor regions: 10->5(77)
[2025-12-25T15:09:04.104+0000][gc,heap     ] GC(193) Old regions: 52->52
[2025-12-25T15:09:04.104+0000][gc,heap     ] GC(193) Humongous regions: 151->151
[2025-12-25T15:09:04.104+0000][gc,metaspace] GC(193) Metaspace: 14811K(15168K)->14811K(15168K) NonClass: 13268K(13376K)->13268K(13376K) Class: 1542K(1792K)->1542K(1792K)
[2025-12-25T15:09:04.104+0000][gc          ] GC(193) Pause Young (Normal) (G1 Evacuation Pause) 816M->207M(1024M) 18.728ms
[2025-12-25T15:09:04.104+0000][gc,cpu      ] GC(193) User=0.11s Sys=0.00s Real=0.02s
[2025-12-25T15:09:34.396+0000][gc,start    ] GC(194) Pause Young (Normal) (G1 Evacuation Pause)
[2025-12-25T15:09:34.397+0000][gc,task     ] GC(194) Using 8 workers of 8 for evacuation
[2025-12-25T15:09:34.415+0000][gc,phases   ] GC(194)   Pre Evacuate Collection Set: 3.3ms
[2025-12-25T15:09:34.415+0000][gc,phases   ] GC(194)   Merge Heap Roots: 0.5ms
[2025-12-25T15:09:34.415+0000][gc,phases   ] GC(194)   Evacuate Collection Set: 11.5ms
[2025-12-25T15:09:34.415+0000][gc,phases   ] GC(194)   Post Evacuate Collection Set: 2.6ms
[2025-12-25T15:09:34.416+0000][gc,phases   ] GC(194)   Other: 0.7ms
[2025-12-25T15:09:34.416+0000][gc,heap     ] GC(194) Eden regions: 609->0(607)
[2025-12-25T15:09:34.416+0000][gc,heap     ] GC(194) Survivor regions: 5->7(77)
[2025-12-25T15:09:34.416+0000][gc,heap     ] GC(194) Old regions: 52->52
[2025-12-25T15:09:34.416+0000][gc,heap     ] GC(194) Humongous regions: 151->151
[2025-12-25T15:09:34.416+0000][gc,metaspace] GC(194) Metaspace: 14811K(15168K)->14811K(15168K) NonClass: 13268K(13376K)->13268K(13376K) Class: 1542K(1792K)->1542K(1792K)
[2025-12-25T15:09:34.416+0000][gc          ] GC(194) Pause Young (Normal) (G1 Evacuation Pause) 816M->209M(1024M) 20.430ms
[2025-12-25T15:09:34.416+0000][gc,cpu      ] GC(194) User=0.10s Sys=0.00s Real=0.02s
[2025-12-25T15:10:14.108+0000][gc,start    ] GC(195) Pause Young (Normal) (G1 Evacuation Pause)
[2025-12-25T15:10:14.108+0000][gc,task     ] GC(195) Using 8 workers of 8 for evacuation
[2025-12-25T15:10:14.137+0000][gc,phases   ] GC(195)   Pre Evacuate Collection Set: 1.6ms
[2025-12-25T15:10:14.137+0000][gc,phases   ] GC(195)   Merge Heap Roots: 0.7ms
[2025-12-25T15:10:14.137+0000][gc,phases   ] GC(195)   Evacuate Collection Set: 23.9ms
[2025-12-25T15:10:14.137+0000][gc,phases   ] GC(195)   Post Evacuate Collection Set: 1.7ms
[2025-12-25T15:10:14.137+0000][gc,phases   ] GC(195)   Other: 0.4ms
[2025-12-25T15:10:14.137+0000][gc,heap     ] GC(195) Eden regions: 607->0(607)
[2025-12-25T15:10:14.137+0000][gc,heap     ] GC(195) Survivor regions: 7->7(77)
[2025-12-25T15:10:14.137+0000][gc,heap     ] GC(195) Old regions: 52->53
[2025-12-25T15:10:14.137+0000][gc,heap     ] GC(195) Humongous regions: 151->151
[2025-12-25T15:10:14.137+0000][gc,metaspace] GC(195) Metaspace: 14811K(15168K)->14811K(15168K) NonClass: 13268K(13376K)->13268K(13376K) Class: 1542K(1792K)->1542K(1792K)
[2025-12-25T15:10:14.138+0000][gc          ] GC(195) Pause Young (Normal) (G1 Evacuation Pause) 816M->209M(1024M) 29.743ms
[2025-12-25T15:10:14.138+0000][gc,cpu      ] GC(195) User=0.17s Sys=0.00s Real=0.03s
[2025-12-25T15:10:45.050+0000][gc,start    ] GC(196) Pause Young (Normal) (G1 Evacuation Pause)
[2025-12-25T15:10:45.051+0000][gc,task     ] GC(196) Using 8 workers of 8 for evacuation
[2025-12-25T15:10:45.070+0000][gc,phases   ] GC(196)   Pre Evacuate Collection Set: 2.2ms
[2025-12-25T15:10:45.071+0000][gc,phases   ] GC(196)   Merge Heap Roots: 0.4ms
[2025-12-25T15:10:45.071+0000][gc,phases   ] GC(196)   Evacuate Collection Set: 12.1ms
[2025-12-25T15:10:45.071+0000][gc,phases   ] GC(196)   Post Evacuate Collection Set: 1.9ms
[2025-12-25T15:10:45.071+0000][gc,phases   ] GC(196)   Other: 2.9ms
[2025-12-25T15:10:45.071+0000][gc,heap     ] GC(196) Eden regions: 607->0(606)
[2025-12-25T15:10:45.071+0000][gc,heap     ] GC(196) Survivor regions: 7->8(77)
[2025-12-25T15:10:45.071+0000][gc,heap     ] GC(196) Old regions: 53->53
[2025-12-25T15:10:45.071+0000][gc,heap     ] GC(196) Humongous regions: 151->151
[2025-12-25T15:10:45.071+0000][gc,metaspace] GC(196) Metaspace: 14811K(15168K)->14811K(15168K) NonClass: 13268K(13376K)->13268K(13376K) Class: 1542K(1792K)->1542K(1792K)
[2025-12-25T15:10:45.071+0000][gc          ] GC(196) Pause Young (Normal) (G1 Evacuation Pause) 816M->211M(1024M) 20.916ms
[2025-12-25T15:10:45.071+0000][gc,cpu      ] GC(196) User=0.08s Sys=0.00s Real=0.02s
[2025-12-25T15:11:24.150+0000][gc,start    ] GC(197) Pause Young (Normal) (G1 Evacuation Pause)
[2025-12-25T15:11:24.151+0000][gc,task     ] GC(197) Using 8 workers of 8 for evacuation
[2025-12-25T15:11:24.179+0000][gc,phases   ] GC(197)   Pre Evacuate Collection Set: 2.1ms
[2025-12-25T15:11:24.179+0000][gc,phases   ] GC(197)   Merge Heap Roots: 1.1ms
[2025-12-25T15:11:24.179+0000][gc,phases   ] GC(197)   Evacuate Collection Set: 20.6ms
[2025-12-25T15:11:24.180+0000][gc,phases   ] GC(197)   Post Evacuate Collection Set: 3.4ms
[2025-12-25T15:11:24.180+0000][gc,phases   ] GC(197)   Other: 0.9ms
[2025-12-25T15:11:24.180+0000][gc,heap     ] GC(197) Eden regions: 606->0(606)
[2025-12-25T15:11:24.180+0000][gc,heap     ] GC(197) Survivor regions: 8->8(77)
[2025-12-25T15:11:24.180+0000][gc,heap     ] GC(197) Old regions: 53->53
[2025-12-25T15:11:24.180+0000][gc,heap     ] GC(197) Humongous regions: 151->151
[2025-12-25T15:11:24.181+0000][gc,metaspace] GC(197) Metaspace: 14811K(15168K)->14811K(15168K) NonClass: 13268K(13376K)->13268K(13376K) Class: 1542K(1792K)->1542K(1792K)
[2025-12-25T15:11:24.181+0000][gc          ] GC(197) Pause Young (Normal) (G1 Evacuation Pause) 817M->210M(1024M) 31.672ms
[2025-12-25T15:11:24.182+0000][gc,cpu      ] GC(197) User=0.14s Sys=0.01s Real=0.03s
[2025-12-25T15:11:54.481+0000][gc,start    ] GC(198) Pause Young (Normal) (G1 Evacuation Pause)
[2025-12-25T15:11:54.482+0000][gc,task     ] GC(198) Using 8 workers of 8 for evacuation
[2025-12-25T15:11:54.522+0000][gc,phases   ] GC(198)   Pre Evacuate Collection Set: 1.5ms
[2025-12-25T15:11:54.522+0000][gc,phases   ] GC(198)   Merge Heap Roots: 0.3ms
[2025-12-25T15:11:54.522+0000][gc,phases   ] GC(198)   Evacuate Collection Set: 34.4ms
[2025-12-25T15:11:54.522+0000][gc,phases   ] GC(198)   Post Evacuate Collection Set: 4.0ms
[2025-12-25T15:11:54.522+0000][gc,phases   ] GC(198)   Other: 0.3ms
[2025-12-25T15:11:54.523+0000][gc,heap     ] GC(198) Eden regions: 606->0(605)
[2025-12-25T15:11:54.523+0000][gc,heap     ] GC(198) Survivor regions: 8->9(77)
[2025-12-25T15:11:54.523+0000][gc,heap     ] GC(198) Old regions: 53->53
[2025-12-25T15:11:54.523+0000][gc,heap     ] GC(198) Humongous regions: 151->151
[2025-12-25T15:11:54.523+0000][gc,metaspace] GC(198) Metaspace: 14811K(15168K)->14811K(15168K) NonClass: 13268K(13376K)->13268K(13376K) Class: 1542K(1792K)->1542K(1792K)
[2025-12-25T15:11:54.523+0000][gc          ] GC(198) Pause Young (Normal) (G1 Evacuation Pause) 816M->212M(1024M) 41.662ms
[2025-12-25T15:11:54.523+0000][gc,cpu      ] GC(198) User=0.23s Sys=0.02s Real=0.05s
[2025-12-25T15:12:34.211+0000][gc,start    ] GC(199) Pause Young (Normal) (G1 Evacuation Pause)
[2025-12-25T15:12:34.212+0000][gc,task     ] GC(199) Using 8 workers of 8 for evacuation
[2025-12-25T15:12:34.249+0000][gc,phases   ] GC(199)   Pre Evacuate Collection Set: 1.3ms
[2025-12-25T15:12:34.249+0000][gc,phases   ] GC(199)   Merge Heap Roots: 0.2ms
[2025-12-25T15:12:34.250+0000][gc,phases   ] GC(199)   Evacuate Collection Set: 23.1ms
[2025-12-25T15:12:34.250+0000][gc,phases   ] GC(199)   Post Evacuate Collection Set: 12.7ms
[2025-12-25T15:12:34.250+0000][gc,phases   ] GC(199)   Other: 0.2ms
[2025-12-25T15:12:34.250+0000][gc,heap     ] GC(199) Eden regions: 605->0(605)
[2025-12-25T15:12:34.250+0000][gc,heap     ] GC(199) Survivor regions: 9->9(77)
[2025-12-25T15:12:34.250+0000][gc,heap     ] GC(199) Old regions: 53->54
[2025-12-25T15:12:34.250+0000][gc,heap     ] GC(199) Humongous regions: 151->151
[2025-12-25T15:12:34.250+0000][gc,metaspace] GC(199) Metaspace: 14812K(15168K)->14812K(15168K) NonClass: 13269K(13376K)->13269K(13376K) Class: 1542K(1792K)->1542K(1792K)
[2025-12-25T15:12:34.250+0000][gc          ] GC(199) Pause Young (Normal) (G1 Evacuation Pause) 817M->212M(1024M) 38.963ms
[2025-12-25T15:12:34.250+0000][gc,cpu      ] GC(199) User=0.26s Sys=0.00s Real=0.04s
[2025-12-25T15:13:04.420+0000][gc,start    ] GC(200) Pause Young (Normal) (G1 Evacuation Pause)
[2025-12-25T15:13:04.420+0000][gc,task     ] GC(200) Using 8 workers of 8 for evacuation
[2025-12-25T15:13:04.439+0000][gc,phases   ] GC(200)   Pre Evacuate Collection Set: 1.2ms
[2025-12-25T15:13:04.439+0000][gc,phases   ] GC(200)   Merge Heap Roots: 0.2ms
[2025-12-25T15:13:04.440+0000][gc,phases   ] GC(200)   Evacuate Collection Set: 16.1ms
[2025-12-25T15:13:04.440+0000][gc,phases   ] GC(200)   Post Evacuate Collection Set: 1.2ms
[2025-12-25T15:13:04.440+0000][gc,phases   ] GC(200)   Other: 0.3ms
[2025-12-25T15:13:04.440+0000][gc,heap     ] GC(200) Eden regions: 605->0(607)
[2025-12-25T15:13:04.440+0000][gc,heap     ] GC(200) Survivor regions: 9->7(77)
[2025-12-25T15:13:04.440+0000][gc,heap     ] GC(200) Old regions: 54->54
[2025-12-25T15:13:04.440+0000][gc,heap     ] GC(200) Humongous regions: 151->151
[2025-12-25T15:13:04.440+0000][gc,metaspace] GC(200) Metaspace: 14812K(15168K)->14812K(15168K) NonClass: 13269K(13376K)->13269K(13376K) Class: 1542K(1792K)->1542K(1792K)
[2025-12-25T15:13:04.440+0000][gc          ] GC(200) Pause Young (Normal) (G1 Evacuation Pause) 817M->211M(1024M) 20.353ms
[2025-12-25T15:13:04.440+0000][gc,cpu      ] GC(200) User=0.13s Sys=0.00s Real=0.02s
