[2025-12-24T10:26:41.327+0000][gc,init] CardTable entry size: 512
[2025-12-24T10:26:41.330+0000][gc     ] Using G1
[2025-12-24T10:26:41.371+0000][gc,init] Version: 21.0.4+7-LTS (release)
[2025-12-24T10:26:41.373+0000][gc,init] CPUs: 8 total, 8 available
[2025-12-24T10:26:41.373+0000][gc,init] Memory: 13709M
[2025-12-24T10:26:41.373+0000][gc,init] Large Page Support: Disabled
[2025-12-24T10:26:41.373+0000][gc,init] NUMA Support: Disabled
[2025-12-24T10:26:41.373+0000][gc,init] Compressed Oops: Enabled (32-bit)
[2025-12-24T10:26:41.373+0000][gc,init] Heap Region Size: 1M
[2025-12-24T10:26:41.374+0000][gc,init] Heap Min Capacity: 1G
[2025-12-24T10:26:41.374+0000][gc,init] Heap Initial Capacity: 1G
[2025-12-24T10:26:41.374+0000][gc,init] Heap Max Capacity: 1G
[2025-12-24T10:26:41.374+0000][gc,init] Pre-touch: Disabled
[2025-12-24T10:26:41.375+0000][gc,init] Parallel Workers: 8
[2025-12-24T10:26:41.375+0000][gc,init] Concurrent Workers: 2
[2025-12-24T10:26:41.375+0000][gc,init] Concurrent Refinement Workers: 8
[2025-12-24T10:26:41.375+0000][gc,init] Periodic GC: Disabled
[2025-12-24T10:26:41.685+0000][gc,metaspace] CDS archive(s) mapped at: [0x000000b800000000-0x000000b800bd0000-0x000000b8036b0000), size 57344000, SharedBaseAddress: 0x000000b800000000, ArchiveRelocationMode: 1.
[2025-12-24T10:26:41.688+0000][gc,metaspace] Compressed class space mapped at: 0x000000b804000000-0x000000b844000000, reserved size: 1073741824
[2025-12-24T10:26:41.689+0000][gc,metaspace] Narrow klass base: 0x000000b800000000, Narrow klass shift: 0, Narrow klass range: 0x100000000
[2025-12-24T10:26:46.856+0000][gc,start    ] GC(0) Pause Young (Normal) (G1 Evacuation Pause)
[2025-12-24T10:26:46.950+0000][gc,task     ] GC(0) Using 8 workers of 8 for evacuation
[2025-12-24T10:26:47.283+0000][gc,mmu      ] GC(0) MMU target violated: 201.0ms (200.0ms/201.0ms)
[2025-12-24T10:26:47.287+0000][gc,phases   ] GC(0)   Pre Evacuate Collection Set: 9.0ms
[2025-12-24T10:26:47.299+0000][gc,phases   ] GC(0)   Merge Heap Roots: 0.2ms
[2025-12-24T10:26:47.326+0000][gc,phases   ] GC(0)   Evacuate Collection Set: 312.0ms
[2025-12-24T10:26:47.329+0000][gc,phases   ] GC(0)   Post Evacuate Collection Set: 7.8ms
[2025-12-24T10:26:47.334+0000][gc,phases   ] GC(0)   Other: 90.2ms
[2025-12-24T10:26:47.337+0000][gc,heap     ] GC(0) Eden regions: 51->0(44)
[2025-12-24T10:26:47.346+0000][gc,heap     ] GC(0) Survivor regions: 0->7(7)
[2025-12-24T10:26:47.346+0000][gc,heap     ] GC(0) Old regions: 1->7
[2025-12-24T10:26:47.349+0000][gc,heap     ] GC(0) Humongous regions: 0->0
[2025-12-24T10:26:47.351+0000][gc,metaspace] GC(0) Metaspace: 4990K(5248K)->4990K(5248K) NonClass: 4399K(4544K)->4399K(4544K) Class: 590K(704K)->590K(704K)
[2025-12-24T10:26:47.393+0000][gc          ] GC(0) Pause Young (Normal) (G1 Evacuation Pause) 51M->13M(1024M) 536.916ms
[2025-12-24T10:26:47.393+0000][gc,cpu      ] GC(0) User=0.28s Sys=0.21s Real=0.54s
[2025-12-24T10:26:49.546+0000][gc,start    ] GC(1) Pause Young (Normal) (G1 Evacuation Pause)
[2025-12-24T10:26:49.546+0000][gc,task     ] GC(1) Using 8 workers of 8 for evacuation
[2025-12-24T10:26:49.590+0000][gc,phases   ] GC(1)   Pre Evacuate Collection Set: 10.4ms
[2025-12-24T10:26:49.591+0000][gc,phases   ] GC(1)   Merge Heap Roots: 0.3ms
[2025-12-24T10:26:49.591+0000][gc,phases   ] GC(1)   Evacuate Collection Set: 31.6ms
[2025-12-24T10:26:49.591+0000][gc,phases   ] GC(1)   Post Evacuate Collection Set: 0.9ms
[2025-12-24T10:26:49.594+0000][gc,phases   ] GC(1)   Other: 0.2ms
[2025-12-24T10:26:49.595+0000][gc,heap     ] GC(1) Eden regions: 44->0(48)
[2025-12-24T10:26:49.595+0000][gc,heap     ] GC(1) Survivor regions: 7->3(7)
[2025-12-24T10:26:49.595+0000][gc,heap     ] GC(1) Old regions: 7->15
[2025-12-24T10:26:49.595+0000][gc,heap     ] GC(1) Humongous regions: 2->2
[2025-12-24T10:26:49.595+0000][gc,metaspace] GC(1) Metaspace: 5876K(6144K)->5876K(6144K) NonClass: 5183K(5312K)->5183K(5312K) Class: 692K(832K)->692K(832K)
[2025-12-24T10:26:49.595+0000][gc          ] GC(1) Pause Young (Normal) (G1 Evacuation Pause) 59M->18M(1024M) 49.251ms
[2025-12-24T10:26:49.596+0000][gc,cpu      ] GC(1) User=0.06s Sys=0.01s Real=0.05s
[2025-12-24T10:26:50.457+0000][gc,start    ] GC(2) Pause Young (Normal) (G1 Evacuation Pause)
[2025-12-24T10:26:50.457+0000][gc,task     ] GC(2) Using 8 workers of 8 for evacuation
[2025-12-24T10:26:50.465+0000][gc,phases   ] GC(2)   Pre Evacuate Collection Set: 0.4ms
[2025-12-24T10:26:50.466+0000][gc,phases   ] GC(2)   Merge Heap Roots: 0.1ms
[2025-12-24T10:26:50.466+0000][gc,phases   ] GC(2)   Evacuate Collection Set: 7.0ms
[2025-12-24T10:26:50.466+0000][gc,phases   ] GC(2)   Post Evacuate Collection Set: 0.5ms
[2025-12-24T10:26:50.466+0000][gc,phases   ] GC(2)   Other: 0.3ms
[2025-12-24T10:26:50.466+0000][gc,heap     ] GC(2) Eden regions: 48->0(111)
[2025-12-24T10:26:50.466+0000][gc,heap     ] GC(2) Survivor regions: 3->4(7)
[2025-12-24T10:26:50.466+0000][gc,heap     ] GC(2) Old regions: 15->15
[2025-12-24T10:26:50.466+0000][gc,heap     ] GC(2) Humongous regions: 2->2
[2025-12-24T10:26:50.466+0000][gc,metaspace] GC(2) Metaspace: 6230K(6464K)->6230K(6464K) NonClass: 5488K(5568K)->5488K(5568K) Class: 742K(896K)->742K(896K)
[2025-12-24T10:26:50.467+0000][gc          ] GC(2) Pause Young (Normal) (G1 Evacuation Pause) 66M->19M(1024M) 9.965ms
[2025-12-24T10:26:50.467+0000][gc,cpu      ] GC(2) User=0.02s Sys=0.00s Real=0.01s
[2025-12-24T10:26:57.345+0000][gc,start    ] GC(3) Pause Young (Normal) (G1 Evacuation Pause)
[2025-12-24T10:26:57.352+0000][gc,task     ] GC(3) Using 8 workers of 8 for evacuation
[2025-12-24T10:26:57.395+0000][gc,phases   ] GC(3)   Pre Evacuate Collection Set: 4.7ms
[2025-12-24T10:26:57.396+0000][gc,phases   ] GC(3)   Merge Heap Roots: 0.3ms
[2025-12-24T10:26:57.397+0000][gc,phases   ] GC(3)   Evacuate Collection Set: 29.8ms
[2025-12-24T10:26:57.397+0000][gc,phases   ] GC(3)   Post Evacuate Collection Set: 4.6ms
[2025-12-24T10:26:57.397+0000][gc,phases   ] GC(3)   Other: 4.0ms
[2025-12-24T10:26:57.398+0000][gc,heap     ] GC(3) Eden regions: 115->0(363)
[2025-12-24T10:26:57.398+0000][gc,heap     ] GC(3) Survivor regions: 4->6(15)
[2025-12-24T10:26:57.398+0000][gc,heap     ] GC(3) Old regions: 15->15
[2025-12-24T10:26:57.398+0000][gc,heap     ] GC(3) Humongous regions: 131->131
[2025-12-24T10:26:57.398+0000][gc,metaspace] GC(3) Metaspace: 8639K(8960K)->8639K(8960K) NonClass: 7526K(7680K)->7526K(7680K) Class: 1113K(1280K)->1113K(1280K)
[2025-12-24T10:26:57.398+0000][gc          ] GC(3) Pause Young (Normal) (G1 Evacuation Pause) 263M->150M(1024M) 53.477ms
[2025-12-24T10:26:57.398+0000][gc,cpu      ] GC(3) User=0.07s Sys=0.03s Real=0.06s
[2025-12-24T10:27:17.173+0000][gc,start    ] GC(4) Pause Young (Normal) (G1 Evacuation Pause)
[2025-12-24T10:27:17.173+0000][gc,task     ] GC(4) Using 8 workers of 8 for evacuation
[2025-12-24T10:27:17.193+0000][gc,phases   ] GC(4)   Pre Evacuate Collection Set: 0.9ms
[2025-12-24T10:27:17.193+0000][gc,phases   ] GC(4)   Merge Heap Roots: 0.2ms
[2025-12-24T10:27:17.193+0000][gc,phases   ] GC(4)   Evacuate Collection Set: 17.2ms
[2025-12-24T10:27:17.193+0000][gc,phases   ] GC(4)   Post Evacuate Collection Set: 0.9ms
[2025-12-24T10:27:17.193+0000][gc,phases   ] GC(4)   Other: 0.3ms
[2025-12-24T10:27:17.193+0000][gc,heap     ] GC(4) Eden regions: 367->0(605)
[2025-12-24T10:27:17.193+0000][gc,heap     ] GC(4) Survivor regions: 6->9(47)
[2025-12-24T10:27:17.193+0000][gc,heap     ] GC(4) Old regions: 15->15
[2025-12-24T10:27:17.193+0000][gc,heap     ] GC(4) Humongous regions: 131->131
[2025-12-24T10:27:17.193+0000][gc,metaspace] GC(4) Metaspace: 11248K(11520K)->11248K(11520K) NonClass: 9772K(9920K)->9772K(9920K) Class: 1476K(1600K)->1476K(1600K)
[2025-12-24T10:27:17.194+0000][gc          ] GC(4) Pause Young (Normal) (G1 Evacuation Pause) 517M->153M(1024M) 20.461ms
[2025-12-24T10:27:17.194+0000][gc,cpu      ] GC(4) User=0.07s Sys=0.06s Real=0.02s
[2025-12-24T10:27:47.508+0000][gc,start    ] GC(5) Pause Young (Normal) (G1 Evacuation Pause)
[2025-12-24T10:27:47.509+0000][gc,task     ] GC(5) Using 8 workers of 8 for evacuation
[2025-12-24T10:27:47.534+0000][gc,phases   ] GC(5)   Pre Evacuate Collection Set: 2.3ms
[2025-12-24T10:27:47.535+0000][gc,phases   ] GC(5)   Merge Heap Roots: 0.7ms
[2025-12-24T10:27:47.535+0000][gc,phases   ] GC(5)   Evacuate Collection Set: 20.6ms
[2025-12-24T10:27:47.535+0000][gc,phases   ] GC(5)   Post Evacuate Collection Set: 1.1ms
[2025-12-24T10:27:47.535+0000][gc,phases   ] GC(5)   Other: 0.6ms
[2025-12-24T10:27:47.535+0000][gc,heap     ] GC(5) Eden regions: 605->0(603)
[2025-12-24T10:27:47.535+0000][gc,heap     ] GC(5) Survivor regions: 9->11(77)
[2025-12-24T10:27:47.535+0000][gc,heap     ] GC(5) Old regions: 15->15
[2025-12-24T10:27:47.535+0000][gc,heap     ] GC(5) Humongous regions: 131->131
[2025-12-24T10:27:47.535+0000][gc,metaspace] GC(5) Metaspace: 11836K(12160K)->11836K(12160K) NonClass: 10329K(10496K)->10329K(10496K) Class: 1506K(1664K)->1506K(1664K)
[2025-12-24T10:27:47.535+0000][gc          ] GC(5) Pause Young (Normal) (G1 Evacuation Pause) 758M->155M(1024M) 27.171ms
[2025-12-24T10:27:47.535+0000][gc,cpu      ] GC(5) User=0.08s Sys=0.08s Real=0.03s
[2025-12-24T10:28:27.114+0000][gc,start    ] GC(6) Pause Young (Normal) (G1 Evacuation Pause)
[2025-12-24T10:28:27.114+0000][gc,task     ] GC(6) Using 8 workers of 8 for evacuation
[2025-12-24T10:28:27.144+0000][gc,phases   ] GC(6)   Pre Evacuate Collection Set: 0.9ms
[2025-12-24T10:28:27.144+0000][gc,phases   ] GC(6)   Merge Heap Roots: 0.3ms
[2025-12-24T10:28:27.144+0000][gc,phases   ] GC(6)   Evacuate Collection Set: 26.7ms
[2025-12-24T10:28:27.144+0000][gc,phases   ] GC(6)   Post Evacuate Collection Set: 1.8ms
[2025-12-24T10:28:27.144+0000][gc,phases   ] GC(6)   Other: 0.3ms
[2025-12-24T10:28:27.145+0000][gc,heap     ] GC(6) Eden regions: 603->0(603)
[2025-12-24T10:28:27.145+0000][gc,heap     ] GC(6) Survivor regions: 11->11(77)
[2025-12-24T10:28:27.145+0000][gc,heap     ] GC(6) Old regions: 15->15
[2025-12-24T10:28:27.145+0000][gc,heap     ] GC(6) Humongous regions: 131->131
[2025-12-24T10:28:27.145+0000][gc,metaspace] GC(6) Metaspace: 12464K(12800K)->12464K(12800K) NonClass: 10955K(11136K)->10955K(11136K) Class: 1509K(1664K)->1509K(1664K)
[2025-12-24T10:28:27.145+0000][gc          ] GC(6) Pause Young (Normal) (G1 Evacuation Pause) 758M->155M(1024M) 31.062ms
[2025-12-24T10:28:27.145+0000][gc,cpu      ] GC(6) User=0.21s Sys=0.00s Real=0.03s
[2025-12-24T10:28:57.421+0000][gc,start    ] GC(7) Pause Young (Normal) (G1 Evacuation Pause)
[2025-12-24T10:28:57.421+0000][gc,task     ] GC(7) Using 8 workers of 8 for evacuation
[2025-12-24T10:28:57.438+0000][gc,phases   ] GC(7)   Pre Evacuate Collection Set: 0.9ms
[2025-12-24T10:28:57.439+0000][gc,phases   ] GC(7)   Merge Heap Roots: 0.1ms
[2025-12-24T10:28:57.439+0000][gc,phases   ] GC(7)   Evacuate Collection Set: 15.2ms
[2025-12-24T10:28:57.439+0000][gc,phases   ] GC(7)   Post Evacuate Collection Set: 0.9ms
[2025-12-24T10:28:57.439+0000][gc,phases   ] GC(7)   Other: 0.1ms
[2025-12-24T10:28:57.439+0000][gc,heap     ] GC(7) Eden regions: 603->0(601)
[2025-12-24T10:28:57.439+0000][gc,heap     ] GC(7) Survivor regions: 11->13(77)
[2025-12-24T10:28:57.439+0000][gc,heap     ] GC(7) Old regions: 15->15
[2025-12-24T10:28:57.439+0000][gc,heap     ] GC(7) Humongous regions: 131->131
[2025-12-24T10:28:57.439+0000][gc,metaspace] GC(7) Metaspace: 12679K(12992K)->12679K(12992K) NonClass: 11170K(11328K)->11170K(11328K) Class: 1509K(1664K)->1509K(1664K)
[2025-12-24T10:28:57.439+0000][gc          ] GC(7) Pause Young (Normal) (G1 Evacuation Pause) 758M->157M(1024M) 18.254ms
[2025-12-24T10:28:57.439+0000][gc,cpu      ] GC(7) User=0.12s Sys=0.00s Real=0.02s
[2025-12-24T10:29:27.672+0000][gc,start    ] GC(8) Pause Young (Normal) (G1 Evacuation Pause)
[2025-12-24T10:29:27.673+0000][gc,task     ] GC(8) Using 8 workers of 8 for evacuation
[2025-12-24T10:29:27.689+0000][gc,phases   ] GC(8)   Pre Evacuate Collection Set: 0.8ms
[2025-12-24T10:29:27.689+0000][gc,phases   ] GC(8)   Merge Heap Roots: 0.2ms
[2025-12-24T10:29:27.689+0000][gc,phases   ] GC(8)   Evacuate Collection Set: 13.8ms
[2025-12-24T10:29:27.689+0000][gc,phases   ] GC(8)   Post Evacuate Collection Set: 1.1ms
[2025-12-24T10:29:27.689+0000][gc,phases   ] GC(8)   Other: 0.2ms
[2025-12-24T10:29:27.689+0000][gc,heap     ] GC(8) Eden regions: 601->0(599)
[2025-12-24T10:29:27.690+0000][gc,heap     ] GC(8) Survivor regions: 13->15(77)
[2025-12-24T10:29:27.690+0000][gc,heap     ] GC(8) Old regions: 15->15
[2025-12-24T10:29:27.690+0000][gc,heap     ] GC(8) Humongous regions: 131->131
[2025-12-24T10:29:27.690+0000][gc,metaspace] GC(8) Metaspace: 12817K(13120K)->12817K(13120K) NonClass: 11300K(11456K)->11300K(11456K) Class: 1517K(1664K)->1517K(1664K)
[2025-12-24T10:29:27.690+0000][gc          ] GC(8) Pause Young (Normal) (G1 Evacuation Pause) 758M->159M(1024M) 17.366ms
[2025-12-24T10:29:27.690+0000][gc,cpu      ] GC(8) User=0.11s Sys=0.00s Real=0.02s
[2025-12-24T10:30:07.317+0000][gc,start    ] GC(9) Pause Young (Normal) (G1 Evacuation Pause)
[2025-12-24T10:30:07.318+0000][gc,task     ] GC(9) Using 8 workers of 8 for evacuation
[2025-12-24T10:30:07.334+0000][gc,phases   ] GC(9)   Pre Evacuate Collection Set: 4.1ms
[2025-12-24T10:30:07.334+0000][gc,phases   ] GC(9)   Merge Heap Roots: 0.2ms
[2025-12-24T10:30:07.334+0000][gc,phases   ] GC(9)   Evacuate Collection Set: 10.5ms
[2025-12-24T10:30:07.334+0000][gc,phases   ] GC(9)   Post Evacuate Collection Set: 1.1ms
[2025-12-24T10:30:07.334+0000][gc,phases   ] GC(9)   Other: 0.3ms
[2025-12-24T10:30:07.334+0000][gc,heap     ] GC(9) Eden regions: 599->0(603)
[2025-12-24T10:30:07.335+0000][gc,heap     ] GC(9) Survivor regions: 15->11(77)
[2025-12-24T10:30:07.335+0000][gc,heap     ] GC(9) Old regions: 15->15
[2025-12-24T10:30:07.335+0000][gc,heap     ] GC(9) Humongous regions: 131->131
[2025-12-24T10:30:07.335+0000][gc,metaspace] GC(9) Metaspace: 13028K(13312K)->13028K(13312K) NonClass: 11509K(11648K)->11509K(11648K) Class: 1519K(1664K)->1519K(1664K)
[2025-12-24T10:30:07.335+0000][gc          ] GC(9) Pause Young (Normal) (G1 Evacuation Pause) 758M->155M(1024M) 17.933ms
[2025-12-24T10:30:07.335+0000][gc,cpu      ] GC(9) User=0.10s Sys=0.01s Real=0.02s
[2025-12-24T10:30:37.636+0000][gc,start    ] GC(10) Pause Young (Normal) (G1 Evacuation Pause)
[2025-12-24T10:30:37.636+0000][gc,task     ] GC(10) Using 8 workers of 8 for evacuation
[2025-12-24T10:30:37.654+0000][gc,phases   ] GC(10)   Pre Evacuate Collection Set: 0.8ms
[2025-12-24T10:30:37.655+0000][gc,phases   ] GC(10)   Merge Heap Roots: 0.2ms
[2025-12-24T10:30:37.655+0000][gc,phases   ] GC(10)   Evacuate Collection Set: 16.1ms
[2025-12-24T10:30:37.655+0000][gc,phases   ] GC(10)   Post Evacuate Collection Set: 1.2ms
[2025-12-24T10:30:37.655+0000][gc,phases   ] GC(10)   Other: 0.2ms
[2025-12-24T10:30:37.655+0000][gc,heap     ] GC(10) Eden regions: 603->0(601)
[2025-12-24T10:30:37.655+0000][gc,heap     ] GC(10) Survivor regions: 11->13(77)
[2025-12-24T10:30:37.655+0000][gc,heap     ] GC(10) Old regions: 15->15
[2025-12-24T10:30:37.655+0000][gc,heap     ] GC(10) Humongous regions: 131->131
[2025-12-24T10:30:37.655+0000][gc,metaspace] GC(10) Metaspace: 13074K(13376K)->13074K(13376K) NonClass: 11553K(11712K)->11553K(11712K) Class: 1521K(1664K)->1521K(1664K)
[2025-12-24T10:30:37.655+0000][gc          ] GC(10) Pause Young (Normal) (G1 Evacuation Pause) 758M->157M(1024M) 19.650ms
[2025-12-24T10:30:37.655+0000][gc,cpu      ] GC(10) User=0.12s Sys=0.00s Real=0.02s
[2025-12-24T10:31:17.245+0000][gc,start    ] GC(11) Pause Young (Normal) (G1 Evacuation Pause)
[2025-12-24T10:31:17.245+0000][gc,task     ] GC(11) Using 8 workers of 8 for evacuation
[2025-12-24T10:31:17.266+0000][gc,phases   ] GC(11)   Pre Evacuate Collection Set: 1.4ms
[2025-12-24T10:31:17.266+0000][gc,phases   ] GC(11)   Merge Heap Roots: 0.3ms
[2025-12-24T10:31:17.266+0000][gc,phases   ] GC(11)   Evacuate Collection Set: 17.5ms
[2025-12-24T10:31:17.266+0000][gc,phases   ] GC(11)   Post Evacuate Collection Set: 1.3ms
[2025-12-24T10:31:17.267+0000][gc,phases   ] GC(11)   Other: 0.3ms
[2025-12-24T10:31:17.267+0000][gc,heap     ] GC(11) Eden regions: 601->0(602)
[2025-12-24T10:31:17.267+0000][gc,heap     ] GC(11) Survivor regions: 13->12(77)
[2025-12-24T10:31:17.267+0000][gc,heap     ] GC(11) Old regions: 15->15
[2025-12-24T10:31:17.267+0000][gc,heap     ] GC(11) Humongous regions: 131->131
[2025-12-24T10:31:17.267+0000][gc,metaspace] GC(11) Metaspace: 13146K(13440K)->13146K(13440K) NonClass: 11623K(11776K)->11623K(11776K) Class: 1522K(1664K)->1522K(1664K)
[2025-12-24T10:31:17.267+0000][gc          ] GC(11) Pause Young (Normal) (G1 Evacuation Pause) 758M->156M(1024M) 22.037ms
[2025-12-24T10:31:17.267+0000][gc,cpu      ] GC(11) User=0.15s Sys=0.00s Real=0.02s
[2025-12-24T10:31:47.506+0000][gc,start    ] GC(12) Pause Young (Normal) (G1 Evacuation Pause)
[2025-12-24T10:31:47.507+0000][gc,task     ] GC(12) Using 8 workers of 8 for evacuation
[2025-12-24T10:31:47.531+0000][gc,phases   ] GC(12)   Pre Evacuate Collection Set: 0.9ms
[2025-12-24T10:31:47.531+0000][gc,phases   ] GC(12)   Merge Heap Roots: 0.6ms
[2025-12-24T10:31:47.531+0000][gc,phases   ] GC(12)   Evacuate Collection Set: 20.0ms
[2025-12-24T10:31:47.531+0000][gc,phases   ] GC(12)   Post Evacuate Collection Set: 1.1ms
[2025-12-24T10:31:47.531+0000][gc,phases   ] GC(12)   Other: 0.5ms
[2025-12-24T10:31:47.531+0000][gc,heap     ] GC(12) Eden regions: 602->0(600)
[2025-12-24T10:31:47.531+0000][gc,heap     ] GC(12) Survivor regions: 12->14(77)
[2025-12-24T10:31:47.531+0000][gc,heap     ] GC(12) Old regions: 15->15
[2025-12-24T10:31:47.531+0000][gc,heap     ] GC(12) Humongous regions: 131->131
[2025-12-24T10:31:47.531+0000][gc,metaspace] GC(12) Metaspace: 13166K(13504K)->13166K(13504K) NonClass: 11644K(11840K)->11644K(11840K) Class: 1522K(1664K)->1522K(1664K)
[2025-12-24T10:31:47.532+0000][gc          ] GC(12) Pause Young (Normal) (G1 Evacuation Pause) 758M->158M(1024M) 25.460ms
[2025-12-24T10:31:47.532+0000][gc,cpu      ] GC(12) User=0.16s Sys=0.00s Real=0.03s
[2025-12-24T10:32:27.200+0000][gc,start    ] GC(13) Pause Young (Normal) (G1 Evacuation Pause)
[2025-12-24T10:32:27.202+0000][gc,task     ] GC(13) Using 8 workers of 8 for evacuation
[2025-12-24T10:32:27.222+0000][gc,phases   ] GC(13)   Pre Evacuate Collection Set: 0.9ms
[2025-12-24T10:32:27.223+0000][gc,phases   ] GC(13)   Merge Heap Roots: 0.2ms
[2025-12-24T10:32:27.223+0000][gc,phases   ] GC(13)   Evacuate Collection Set: 17.8ms
[2025-12-24T10:32:27.223+0000][gc,phases   ] GC(13)   Post Evacuate Collection Set: 1.6ms
[2025-12-24T10:32:27.223+0000][gc,phases   ] GC(13)   Other: 0.3ms
[2025-12-24T10:32:27.223+0000][gc,heap     ] GC(13) Eden regions: 600->0(600)
[2025-12-24T10:32:27.223+0000][gc,heap     ] GC(13) Survivor regions: 14->14(77)
[2025-12-24T10:32:27.223+0000][gc,heap     ] GC(13) Old regions: 15->15
[2025-12-24T10:32:27.223+0000][gc,heap     ] GC(13) Humongous regions: 131->131
[2025-12-24T10:32:27.223+0000][gc,metaspace] GC(13) Metaspace: 13210K(13504K)->13210K(13504K) NonClass: 11685K(11840K)->11685K(11840K) Class: 1524K(1664K)->1524K(1664K)
[2025-12-24T10:32:27.223+0000][gc          ] GC(13) Pause Young (Normal) (G1 Evacuation Pause) 758M->158M(1024M) 23.093ms
[2025-12-24T10:32:27.224+0000][gc,cpu      ] GC(13) User=0.13s Sys=0.00s Real=0.02s
[2025-12-24T10:32:57.439+0000][gc,start    ] GC(14) Pause Young (Normal) (G1 Evacuation Pause)
[2025-12-24T10:32:57.440+0000][gc,task     ] GC(14) Using 8 workers of 8 for evacuation
[2025-12-24T10:32:57.457+0000][gc,phases   ] GC(14)   Pre Evacuate Collection Set: 0.8ms
[2025-12-24T10:32:57.457+0000][gc,phases   ] GC(14)   Merge Heap Roots: 0.3ms
[2025-12-24T10:32:57.458+0000][gc,phases   ] GC(14)   Evacuate Collection Set: 15.0ms
[2025-12-24T10:32:57.458+0000][gc,phases   ] GC(14)   Post Evacuate Collection Set: 1.1ms
[2025-12-24T10:32:57.458+0000][gc,phases   ] GC(14)   Other: 0.2ms
[2025-12-24T10:32:57.458+0000][gc,heap     ] GC(14) Eden regions: 600->0(602)
[2025-12-24T10:32:57.458+0000][gc,heap     ] GC(14) Survivor regions: 14->12(77)
[2025-12-24T10:32:57.458+0000][gc,heap     ] GC(14) Old regions: 15->15
[2025-12-24T10:32:57.458+0000][gc,heap     ] GC(14) Humongous regions: 131->131
[2025-12-24T10:32:57.458+0000][gc,metaspace] GC(14) Metaspace: 13232K(13504K)->13232K(13504K) NonClass: 11707K(11840K)->11707K(11840K) Class: 1524K(1664K)->1524K(1664K)
[2025-12-24T10:32:57.458+0000][gc          ] GC(14) Pause Young (Normal) (G1 Evacuation Pause) 758M->157M(1024M) 19.236ms
[2025-12-24T10:32:57.458+0000][gc,cpu      ] GC(14) User=0.11s Sys=0.00s Real=0.02s
[2025-12-24T10:33:37.189+0000][gc,start    ] GC(15) Pause Young (Normal) (G1 Evacuation Pause)
[2025-12-24T10:33:37.190+0000][gc,task     ] GC(15) Using 8 workers of 8 for evacuation
[2025-12-24T10:33:37.213+0000][gc,phases   ] GC(15)   Pre Evacuate Collection Set: 0.8ms
[2025-12-24T10:33:37.213+0000][gc,phases   ] GC(15)   Merge Heap Roots: 0.3ms
[2025-12-24T10:33:37.213+0000][gc,phases   ] GC(15)   Evacuate Collection Set: 20.5ms
[2025-12-24T10:33:37.213+0000][gc,phases   ] GC(15)   Post Evacuate Collection Set: 1.3ms
[2025-12-24T10:33:37.213+0000][gc,phases   ] GC(15)   Other: 0.2ms
[2025-12-24T10:33:37.213+0000][gc,heap     ] GC(15) Eden regions: 602->0(602)
[2025-12-24T10:33:37.213+0000][gc,heap     ] GC(15) Survivor regions: 12->12(77)
[2025-12-24T10:33:37.213+0000][gc,heap     ] GC(15) Old regions: 15->15
[2025-12-24T10:33:37.213+0000][gc,heap     ] GC(15) Humongous regions: 131->131
[2025-12-24T10:33:37.213+0000][gc,metaspace] GC(15) Metaspace: 13250K(13632K)->13250K(13632K) NonClass: 11725K(11968K)->11725K(11968K) Class: 1525K(1664K)->1525K(1664K)
[2025-12-24T10:33:37.213+0000][gc          ] GC(15) Pause Young (Normal) (G1 Evacuation Pause) 759M->156M(1024M) 24.570ms
[2025-12-24T10:33:37.213+0000][gc,cpu      ] GC(15) User=0.15s Sys=0.01s Real=0.03s
[2025-12-24T10:34:07.384+0000][gc,start    ] GC(16) Pause Young (Normal) (G1 Evacuation Pause)
[2025-12-24T10:34:07.386+0000][gc,task     ] GC(16) Using 8 workers of 8 for evacuation
[2025-12-24T10:34:07.408+0000][gc,phases   ] GC(16)   Pre Evacuate Collection Set: 0.9ms
[2025-12-24T10:34:07.408+0000][gc,phases   ] GC(16)   Merge Heap Roots: 0.2ms
[2025-12-24T10:34:07.408+0000][gc,phases   ] GC(16)   Evacuate Collection Set: 17.9ms
[2025-12-24T10:34:07.408+0000][gc,phases   ] GC(16)   Post Evacuate Collection Set: 2.0ms
[2025-12-24T10:34:07.408+0000][gc,phases   ] GC(16)   Other: 0.5ms
[2025-12-24T10:34:07.408+0000][gc,heap     ] GC(16) Eden regions: 602->0(603)
[2025-12-24T10:34:07.408+0000][gc,heap     ] GC(16) Survivor regions: 12->11(77)
[2025-12-24T10:34:07.408+0000][gc,heap     ] GC(16) Old regions: 15->16
[2025-12-24T10:34:07.408+0000][gc,heap     ] GC(16) Humongous regions: 131->131
[2025-12-24T10:34:07.409+0000][gc,metaspace] GC(16) Metaspace: 13288K(13632K)->13288K(13632K) NonClass: 11761K(11968K)->11761K(11968K) Class: 1526K(1664K)->1526K(1664K)
[2025-12-24T10:34:07.409+0000][gc          ] GC(16) Pause Young (Normal) (G1 Evacuation Pause) 758M->157M(1024M) 24.208ms
[2025-12-24T10:34:07.409+0000][gc,cpu      ] GC(16) User=0.13s Sys=0.00s Real=0.02s
[2025-12-24T10:34:47.071+0000][gc,start    ] GC(17) Pause Young (Normal) (G1 Evacuation Pause)
[2025-12-24T10:34:47.074+0000][gc,task     ] GC(17) Using 8 workers of 8 for evacuation
[2025-12-24T10:34:47.100+0000][gc,phases   ] GC(17)   Pre Evacuate Collection Set: 1.3ms
[2025-12-24T10:34:47.100+0000][gc,phases   ] GC(17)   Merge Heap Roots: 0.3ms
[2025-12-24T10:34:47.100+0000][gc,phases   ] GC(17)   Evacuate Collection Set: 23.0ms
[2025-12-24T10:34:47.100+0000][gc,phases   ] GC(17)   Post Evacuate Collection Set: 1.4ms
[2025-12-24T10:34:47.100+0000][gc,phases   ] GC(17)   Other: 0.3ms
[2025-12-24T10:34:47.101+0000][gc,heap     ] GC(17) Eden regions: 603->0(603)
[2025-12-24T10:34:47.101+0000][gc,heap     ] GC(17) Survivor regions: 11->11(77)
[2025-12-24T10:34:47.101+0000][gc,heap     ] GC(17) Old regions: 16->17
[2025-12-24T10:34:47.101+0000][gc,heap     ] GC(17) Humongous regions: 131->131
[2025-12-24T10:34:47.101+0000][gc,metaspace] GC(17) Metaspace: 13318K(13632K)->13318K(13632K) NonClass: 11791K(11968K)->11791K(11968K) Class: 1526K(1664K)->1526K(1664K)
[2025-12-24T10:34:47.101+0000][gc          ] GC(17) Pause Young (Normal) (G1 Evacuation Pause) 760M->157M(1024M) 29.858ms
[2025-12-24T10:34:47.101+0000][gc,cpu      ] GC(17) User=0.17s Sys=0.01s Real=0.03s
[2025-12-24T10:35:17.304+0000][gc,start    ] GC(18) Pause Young (Normal) (G1 Evacuation Pause)
[2025-12-24T10:35:17.306+0000][gc,task     ] GC(18) Using 8 workers of 8 for evacuation
[2025-12-24T10:35:17.319+0000][gc,phases   ] GC(18)   Pre Evacuate Collection Set: 0.8ms
[2025-12-24T10:35:17.319+0000][gc,phases   ] GC(18)   Merge Heap Roots: 0.2ms
[2025-12-24T10:35:17.319+0000][gc,phases   ] GC(18)   Evacuate Collection Set: 11.0ms
[2025-12-24T10:35:17.319+0000][gc,phases   ] GC(18)   Post Evacuate Collection Set: 1.1ms
[2025-12-24T10:35:17.320+0000][gc,phases   ] GC(18)   Other: 0.3ms
[2025-12-24T10:35:17.320+0000][gc,heap     ] GC(18) Eden regions: 603->0(604)
[2025-12-24T10:35:17.320+0000][gc,heap     ] GC(18) Survivor regions: 11->10(77)
[2025-12-24T10:35:17.320+0000][gc,heap     ] GC(18) Old regions: 17->20
[2025-12-24T10:35:17.320+0000][gc,heap     ] GC(18) Humongous regions: 131->131
[2025-12-24T10:35:17.320+0000][gc,metaspace] GC(18) Metaspace: 13370K(13696K)->13370K(13696K) NonClass: 11843K(12032K)->11843K(12032K) Class: 1526K(1664K)->1526K(1664K)
[2025-12-24T10:35:17.320+0000][gc          ] GC(18) Pause Young (Normal) (G1 Evacuation Pause) 760M->159M(1024M) 15.415ms
[2025-12-24T10:35:17.320+0000][gc,cpu      ] GC(18) User=0.09s Sys=0.00s Real=0.02s
[2025-12-24T10:35:47.555+0000][gc,start    ] GC(19) Pause Young (Normal) (G1 Evacuation Pause)
[2025-12-24T10:35:47.556+0000][gc,task     ] GC(19) Using 8 workers of 8 for evacuation
[2025-12-24T10:35:47.569+0000][gc,phases   ] GC(19)   Pre Evacuate Collection Set: 1.2ms
[2025-12-24T10:35:47.569+0000][gc,phases   ] GC(19)   Merge Heap Roots: 0.2ms
[2025-12-24T10:35:47.569+0000][gc,phases   ] GC(19)   Evacuate Collection Set: 10.3ms
[2025-12-24T10:35:47.569+0000][gc,phases   ] GC(19)   Post Evacuate Collection Set: 0.9ms
[2025-12-24T10:35:47.569+0000][gc,phases   ] GC(19)   Other: 0.5ms
[2025-12-24T10:35:47.569+0000][gc,heap     ] GC(19) Eden regions: 604->0(609)
[2025-12-24T10:35:47.569+0000][gc,heap     ] GC(19) Survivor regions: 10->5(77)
[2025-12-24T10:35:47.569+0000][gc,heap     ] GC(19) Old regions: 20->22
[2025-12-24T10:35:47.569+0000][gc,heap     ] GC(19) Humongous regions: 131->131
[2025-12-24T10:35:47.569+0000][gc,metaspace] GC(19) Metaspace: 13398K(13696K)->13398K(13696K) NonClass: 11871K(12032K)->11871K(12032K) Class: 1526K(1664K)->1526K(1664K)
[2025-12-24T10:35:47.569+0000][gc          ] GC(19) Pause Young (Normal) (G1 Evacuation Pause) 763M->157M(1024M) 14.234ms
[2025-12-24T10:35:47.570+0000][gc,cpu      ] GC(19) User=0.07s Sys=0.00s Real=0.01s
[2025-12-24T10:36:27.270+0000][gc,start    ] GC(20) Pause Young (Normal) (G1 Evacuation Pause)
[2025-12-24T10:36:27.271+0000][gc,task     ] GC(20) Using 8 workers of 8 for evacuation
[2025-12-24T10:36:27.288+0000][gc,phases   ] GC(20)   Pre Evacuate Collection Set: 1.7ms
[2025-12-24T10:36:27.289+0000][gc,phases   ] GC(20)   Merge Heap Roots: 0.3ms
[2025-12-24T10:36:27.289+0000][gc,phases   ] GC(20)   Evacuate Collection Set: 12.4ms
[2025-12-24T10:36:27.289+0000][gc,phases   ] GC(20)   Post Evacuate Collection Set: 1.4ms
[2025-12-24T10:36:27.289+0000][gc,phases   ] GC(20)   Other: 1.3ms
[2025-12-24T10:36:27.289+0000][gc,heap     ] GC(20) Eden regions: 609->0(609)
[2025-12-24T10:36:27.289+0000][gc,heap     ] GC(20) Survivor regions: 5->5(77)
[2025-12-24T10:36:27.290+0000][gc,heap     ] GC(20) Old regions: 22->23
[2025-12-24T10:36:27.290+0000][gc,heap     ] GC(20) Humongous regions: 131->131
[2025-12-24T10:36:27.290+0000][gc,metaspace] GC(20) Metaspace: 13408K(13696K)->13408K(13696K) NonClass: 11881K(12032K)->11881K(12032K) Class: 1526K(1664K)->1526K(1664K)
[2025-12-24T10:36:27.290+0000][gc          ] GC(20) Pause Young (Normal) (G1 Evacuation Pause) 766M->158M(1024M) 19.559ms
[2025-12-24T10:36:27.290+0000][gc,cpu      ] GC(20) User=0.05s Sys=0.01s Real=0.02s
[2025-12-24T10:36:57.556+0000][gc,start    ] GC(21) Pause Young (Normal) (G1 Evacuation Pause)
[2025-12-24T10:36:57.557+0000][gc,task     ] GC(21) Using 8 workers of 8 for evacuation
[2025-12-24T10:36:57.565+0000][gc,phases   ] GC(21)   Pre Evacuate Collection Set: 0.7ms
[2025-12-24T10:36:57.565+0000][gc,phases   ] GC(21)   Merge Heap Roots: 0.1ms
[2025-12-24T10:36:57.565+0000][gc,phases   ] GC(21)   Evacuate Collection Set: 5.2ms
[2025-12-24T10:36:57.565+0000][gc,phases   ] GC(21)   Post Evacuate Collection Set: 1.5ms
[2025-12-24T10:36:57.565+0000][gc,phases   ] GC(21)   Other: 0.2ms
[2025-12-24T10:36:57.565+0000][gc,heap     ] GC(21) Eden regions: 609->0(607)
[2025-12-24T10:36:57.565+0000][gc,heap     ] GC(21) Survivor regions: 5->7(77)
[2025-12-24T10:36:57.565+0000][gc,heap     ] GC(21) Old regions: 23->23
[2025-12-24T10:36:57.565+0000][gc,heap     ] GC(21) Humongous regions: 131->131
[2025-12-24T10:36:57.565+0000][gc,metaspace] GC(21) Metaspace: 13416K(13696K)->13416K(13696K) NonClass: 11889K(12032K)->11889K(12032K) Class: 1526K(1664K)->1526K(1664K)
[2025-12-24T10:36:57.565+0000][gc          ] GC(21) Pause Young (Normal) (G1 Evacuation Pause) 767M->159M(1024M) 8.810ms
[2025-12-24T10:36:57.565+0000][gc,cpu      ] GC(21) User=0.04s Sys=0.01s Real=0.01s
[2025-12-24T10:37:37.236+0000][gc,start    ] GC(22) Pause Young (Normal) (G1 Evacuation Pause)
[2025-12-24T10:37:37.236+0000][gc,task     ] GC(22) Using 8 workers of 8 for evacuation
[2025-12-24T10:37:37.248+0000][gc,phases   ] GC(22)   Pre Evacuate Collection Set: 1.6ms
[2025-12-24T10:37:37.248+0000][gc,phases   ] GC(22)   Merge Heap Roots: 0.2ms
[2025-12-24T10:37:37.248+0000][gc,phases   ] GC(22)   Evacuate Collection Set: 8.1ms
[2025-12-24T10:37:37.248+0000][gc,phases   ] GC(22)   Post Evacuate Collection Set: 1.2ms
[2025-12-24T10:37:37.248+0000][gc,phases   ] GC(22)   Other: 0.3ms
[2025-12-24T10:37:37.248+0000][gc,heap     ] GC(22) Eden regions: 607->0(607)
[2025-12-24T10:37:37.248+0000][gc,heap     ] GC(22) Survivor regions: 7->7(77)
[2025-12-24T10:37:37.248+0000][gc,heap     ] GC(22) Old regions: 23->23
[2025-12-24T10:37:37.248+0000][gc,heap     ] GC(22) Humongous regions: 131->131
[2025-12-24T10:37:37.248+0000][gc,metaspace] GC(22) Metaspace: 13490K(13888K)->13490K(13888K) NonClass: 11957K(12160K)->11957K(12160K) Class: 1532K(1728K)->1532K(1728K)
[2025-12-24T10:37:37.248+0000][gc          ] GC(22) Pause Young (Normal) (G1 Evacuation Pause) 766M->159M(1024M) 12.762ms
[2025-12-24T10:37:37.249+0000][gc,cpu      ] GC(22) User=0.06s Sys=0.00s Real=0.01s
[2025-12-24T10:38:07.492+0000][gc,start    ] GC(23) Pause Young (Normal) (G1 Evacuation Pause)
[2025-12-24T10:38:07.494+0000][gc,task     ] GC(23) Using 8 workers of 8 for evacuation
[2025-12-24T10:38:07.515+0000][gc,phases   ] GC(23)   Pre Evacuate Collection Set: 4.6ms
[2025-12-24T10:38:07.515+0000][gc,phases   ] GC(23)   Merge Heap Roots: 0.4ms
[2025-12-24T10:38:07.515+0000][gc,phases   ] GC(23)   Evacuate Collection Set: 15.1ms
[2025-12-24T10:38:07.515+0000][gc,phases   ] GC(23)   Post Evacuate Collection Set: 0.9ms
[2025-12-24T10:38:07.515+0000][gc,phases   ] GC(23)   Other: 0.4ms
[2025-12-24T10:38:07.515+0000][gc,heap     ] GC(23) Eden regions: 607->0(605)
[2025-12-24T10:38:07.515+0000][gc,heap     ] GC(23) Survivor regions: 7->9(77)
[2025-12-24T10:38:07.515+0000][gc,heap     ] GC(23) Old regions: 23->23
[2025-12-24T10:38:07.515+0000][gc,heap     ] GC(23) Humongous regions: 131->131
[2025-12-24T10:38:07.515+0000][gc,metaspace] GC(23) Metaspace: 13490K(13888K)->13490K(13888K) NonClass: 11958K(12160K)->11958K(12160K) Class: 1532K(1728K)->1532K(1728K)
[2025-12-24T10:38:07.516+0000][gc          ] GC(23) Pause Young (Normal) (G1 Evacuation Pause) 766M->161M(1024M) 23.377ms
[2025-12-24T10:38:07.516+0000][gc,cpu      ] GC(23) User=0.14s Sys=0.00s Real=0.02s
[2025-12-24T10:38:47.226+0000][gc,start    ] GC(24) Pause Young (Normal) (G1 Evacuation Pause)
[2025-12-24T10:38:47.227+0000][gc,task     ] GC(24) Using 8 workers of 8 for evacuation
[2025-12-24T10:38:47.234+0000][gc,phases   ] GC(24)   Pre Evacuate Collection Set: 0.8ms
[2025-12-24T10:38:47.234+0000][gc,phases   ] GC(24)   Merge Heap Roots: 0.2ms
[2025-12-24T10:38:47.234+0000][gc,phases   ] GC(24)   Evacuate Collection Set: 4.6ms
[2025-12-24T10:38:47.234+0000][gc,phases   ] GC(24)   Post Evacuate Collection Set: 1.1ms
[2025-12-24T10:38:47.234+0000][gc,phases   ] GC(24)   Other: 0.2ms
[2025-12-24T10:38:47.234+0000][gc,heap     ] GC(24) Eden regions: 605->0(609)
[2025-12-24T10:38:47.234+0000][gc,heap     ] GC(24) Survivor regions: 9->5(77)
[2025-12-24T10:38:47.234+0000][gc,heap     ] GC(24) Old regions: 23->23
[2025-12-24T10:38:47.234+0000][gc,heap     ] GC(24) Humongous regions: 131->131
[2025-12-24T10:38:47.234+0000][gc,metaspace] GC(24) Metaspace: 13501K(13888K)->13501K(13888K) NonClass: 11969K(12160K)->11969K(12160K) Class: 1532K(1728K)->1532K(1728K)
[2025-12-24T10:38:47.234+0000][gc          ] GC(24) Pause Young (Normal) (G1 Evacuation Pause) 766M->158M(1024M) 7.967ms
[2025-12-24T10:38:47.234+0000][gc,cpu      ] GC(24) User=0.04s Sys=0.00s Real=0.01s
[2025-12-24T10:39:17.503+0000][gc,start    ] GC(25) Pause Young (Normal) (G1 Evacuation Pause)
[2025-12-24T10:39:17.504+0000][gc,task     ] GC(25) Using 8 workers of 8 for evacuation
[2025-12-24T10:39:17.510+0000][gc,phases   ] GC(25)   Pre Evacuate Collection Set: 0.9ms
[2025-12-24T10:39:17.511+0000][gc,phases   ] GC(25)   Merge Heap Roots: 0.2ms
[2025-12-24T10:39:17.511+0000][gc,phases   ] GC(25)   Evacuate Collection Set: 4.3ms
[2025-12-24T10:39:17.511+0000][gc,phases   ] GC(25)   Post Evacuate Collection Set: 0.8ms
[2025-12-24T10:39:17.511+0000][gc,phases   ] GC(25)   Other: 0.2ms
[2025-12-24T10:39:17.511+0000][gc,heap     ] GC(25) Eden regions: 609->0(607)
[2025-12-24T10:39:17.511+0000][gc,heap     ] GC(25) Survivor regions: 5->7(77)
[2025-12-24T10:39:17.511+0000][gc,heap     ] GC(25) Old regions: 23->23
[2025-12-24T10:39:17.511+0000][gc,heap     ] GC(25) Humongous regions: 131->131
[2025-12-24T10:39:17.511+0000][gc,metaspace] GC(25) Metaspace: 13510K(13888K)->13510K(13888K) NonClass: 11977K(12160K)->11977K(12160K) Class: 1532K(1728K)->1532K(1728K)
[2025-12-24T10:39:17.511+0000][gc          ] GC(25) Pause Young (Normal) (G1 Evacuation Pause) 767M->160M(1024M) 8.317ms
[2025-12-24T10:39:17.511+0000][gc,cpu      ] GC(25) User=0.04s Sys=0.00s Real=0.01s
[2025-12-24T10:39:57.193+0000][gc,start    ] GC(26) Pause Young (Normal) (G1 Evacuation Pause)
[2025-12-24T10:39:57.193+0000][gc,task     ] GC(26) Using 8 workers of 8 for evacuation
[2025-12-24T10:39:57.200+0000][gc,phases   ] GC(26)   Pre Evacuate Collection Set: 0.8ms
[2025-12-24T10:39:57.200+0000][gc,phases   ] GC(26)   Merge Heap Roots: 0.2ms
[2025-12-24T10:39:57.200+0000][gc,phases   ] GC(26)   Evacuate Collection Set: 4.6ms
[2025-12-24T10:39:57.200+0000][gc,phases   ] GC(26)   Post Evacuate Collection Set: 1.0ms
[2025-12-24T10:39:57.200+0000][gc,phases   ] GC(26)   Other: 0.3ms
[2025-12-24T10:39:57.200+0000][gc,heap     ] GC(26) Eden regions: 607->0(607)
[2025-12-24T10:39:57.201+0000][gc,heap     ] GC(26) Survivor regions: 7->7(77)
[2025-12-24T10:39:57.201+0000][gc,heap     ] GC(26) Old regions: 23->23
[2025-12-24T10:39:57.201+0000][gc,heap     ] GC(26) Humongous regions: 131->131
[2025-12-24T10:39:57.201+0000][gc,metaspace] GC(26) Metaspace: 13537K(13888K)->13537K(13888K) NonClass: 12004K(12160K)->12004K(12160K) Class: 1532K(1728K)->1532K(1728K)
[2025-12-24T10:39:57.201+0000][gc          ] GC(26) Pause Young (Normal) (G1 Evacuation Pause) 767M->159M(1024M) 8.075ms
[2025-12-24T10:39:57.201+0000][gc,cpu      ] GC(26) User=0.04s Sys=0.00s Real=0.00s
[2025-12-24T10:40:27.436+0000][gc,start    ] GC(27) Pause Young (Normal) (G1 Evacuation Pause)
[2025-12-24T10:40:27.437+0000][gc,task     ] GC(27) Using 8 workers of 8 for evacuation
[2025-12-24T10:40:27.453+0000][gc,phases   ] GC(27)   Pre Evacuate Collection Set: 2.6ms
[2025-12-24T10:40:27.453+0000][gc,phases   ] GC(27)   Merge Heap Roots: 0.2ms
[2025-12-24T10:40:27.453+0000][gc,phases   ] GC(27)   Evacuate Collection Set: 12.2ms
[2025-12-24T10:40:27.453+0000][gc,phases   ] GC(27)   Post Evacuate Collection Set: 1.0ms
[2025-12-24T10:40:27.453+0000][gc,phases   ] GC(27)   Other: 0.4ms
[2025-12-24T10:40:27.454+0000][gc,heap     ] GC(27) Eden regions: 607->0(605)
[2025-12-24T10:40:27.454+0000][gc,heap     ] GC(27) Survivor regions: 7->9(77)
[2025-12-24T10:40:27.454+0000][gc,heap     ] GC(27) Old regions: 23->23
[2025-12-24T10:40:27.454+0000][gc,heap     ] GC(27) Humongous regions: 131->131
[2025-12-24T10:40:27.454+0000][gc,metaspace] GC(27) Metaspace: 13551K(13888K)->13551K(13888K) NonClass: 12018K(12160K)->12018K(12160K) Class: 1532K(1728K)->1532K(1728K)
[2025-12-24T10:40:27.454+0000][gc          ] GC(27) Pause Young (Normal) (G1 Evacuation Pause) 766M->161M(1024M) 17.760ms
[2025-12-24T10:40:27.454+0000][gc,cpu      ] GC(27) User=0.11s Sys=0.01s Real=0.02s
[2025-12-24T10:41:07.172+0000][gc,start    ] GC(28) Pause Young (Normal) (G1 Evacuation Pause)
[2025-12-24T10:41:07.174+0000][gc,task     ] GC(28) Using 8 workers of 8 for evacuation
[2025-12-24T10:41:07.180+0000][gc,phases   ] GC(28)   Pre Evacuate Collection Set: 0.9ms
[2025-12-24T10:41:07.180+0000][gc,phases   ] GC(28)   Merge Heap Roots: 0.2ms
[2025-12-24T10:41:07.180+0000][gc,phases   ] GC(28)   Evacuate Collection Set: 3.6ms
[2025-12-24T10:41:07.180+0000][gc,phases   ] GC(28)   Post Evacuate Collection Set: 1.0ms
[2025-12-24T10:41:07.180+0000][gc,phases   ] GC(28)   Other: 0.8ms
[2025-12-24T10:41:07.181+0000][gc,heap     ] GC(28) Eden regions: 605->0(609)
[2025-12-24T10:41:07.181+0000][gc,heap     ] GC(28) Survivor regions: 9->5(77)
[2025-12-24T10:41:07.181+0000][gc,heap     ] GC(28) Old regions: 23->23
[2025-12-24T10:41:07.181+0000][gc,heap     ] GC(28) Humongous regions: 131->131
[2025-12-24T10:41:07.181+0000][gc,metaspace] GC(28) Metaspace: 13587K(13952K)->13587K(13952K) NonClass: 12055K(12224K)->12055K(12224K) Class: 1532K(1728K)->1532K(1728K)
[2025-12-24T10:41:07.181+0000][gc          ] GC(28) Pause Young (Normal) (G1 Evacuation Pause) 766M->158M(1024M) 9.370ms
[2025-12-24T10:41:07.181+0000][gc,cpu      ] GC(28) User=0.03s Sys=0.01s Real=0.01s
[2025-12-24T10:41:37.469+0000][gc,start    ] GC(29) Pause Young (Normal) (G1 Evacuation Pause)
[2025-12-24T10:41:37.470+0000][gc,task     ] GC(29) Using 8 workers of 8 for evacuation
[2025-12-24T10:41:37.482+0000][gc,phases   ] GC(29)   Pre Evacuate Collection Set: 0.8ms
[2025-12-24T10:41:37.483+0000][gc,phases   ] GC(29)   Merge Heap Roots: 0.2ms
[2025-12-24T10:41:37.483+0000][gc,phases   ] GC(29)   Evacuate Collection Set: 9.9ms
[2025-12-24T10:41:37.483+0000][gc,phases   ] GC(29)   Post Evacuate Collection Set: 1.0ms
[2025-12-24T10:41:37.483+0000][gc,phases   ] GC(29)   Other: 0.3ms
[2025-12-24T10:41:37.483+0000][gc,heap     ] GC(29) Eden regions: 609->0(607)
[2025-12-24T10:41:37.483+0000][gc,heap     ] GC(29) Survivor regions: 5->7(77)
[2025-12-24T10:41:37.483+0000][gc,heap     ] GC(29) Old regions: 23->23
[2025-12-24T10:41:37.483+0000][gc,heap     ] GC(29) Humongous regions: 131->131
[2025-12-24T10:41:37.483+0000][gc,metaspace] GC(29) Metaspace: 13591K(13952K)->13591K(13952K) NonClass: 12058K(12224K)->12058K(12224K) Class: 1532K(1728K)->1532K(1728K)
[2025-12-24T10:41:37.483+0000][gc          ] GC(29) Pause Young (Normal) (G1 Evacuation Pause) 767M->160M(1024M) 14.105ms
[2025-12-24T10:41:37.483+0000][gc,cpu      ] GC(29) User=0.08s Sys=0.00s Real=0.01s
[2025-12-24T10:42:17.127+0000][gc,start    ] GC(30) Pause Young (Normal) (G1 Evacuation Pause)
[2025-12-24T10:42:17.127+0000][gc,task     ] GC(30) Using 8 workers of 8 for evacuation
[2025-12-24T10:42:17.137+0000][gc,phases   ] GC(30)   Pre Evacuate Collection Set: 0.9ms
[2025-12-24T10:42:17.137+0000][gc,phases   ] GC(30)   Merge Heap Roots: 0.2ms
[2025-12-24T10:42:17.137+0000][gc,phases   ] GC(30)   Evacuate Collection Set: 7.0ms
[2025-12-24T10:42:17.137+0000][gc,phases   ] GC(30)   Post Evacuate Collection Set: 1.2ms
[2025-12-24T10:42:17.137+0000][gc,phases   ] GC(30)   Other: 0.3ms
[2025-12-24T10:42:17.137+0000][gc,heap     ] GC(30) Eden regions: 607->0(607)
[2025-12-24T10:42:17.137+0000][gc,heap     ] GC(30) Survivor regions: 7->7(77)
[2025-12-24T10:42:17.137+0000][gc,heap     ] GC(30) Old regions: 23->23
[2025-12-24T10:42:17.137+0000][gc,heap     ] GC(30) Humongous regions: 131->131
[2025-12-24T10:42:17.137+0000][gc,metaspace] GC(30) Metaspace: 13601K(13952K)->13601K(13952K) NonClass: 12069K(12224K)->12069K(12224K) Class: 1532K(1728K)->1532K(1728K)
[2025-12-24T10:42:17.137+0000][gc          ] GC(30) Pause Young (Normal) (G1 Evacuation Pause) 767M->160M(1024M) 10.698ms
[2025-12-24T10:42:17.137+0000][gc,cpu      ] GC(30) User=0.06s Sys=0.01s Real=0.01s
[2025-12-24T10:42:47.399+0000][gc,start    ] GC(31) Pause Young (Normal) (G1 Evacuation Pause)
[2025-12-24T10:42:47.400+0000][gc,task     ] GC(31) Using 8 workers of 8 for evacuation
[2025-12-24T10:42:47.411+0000][gc,phases   ] GC(31)   Pre Evacuate Collection Set: 0.9ms
[2025-12-24T10:42:47.411+0000][gc,phases   ] GC(31)   Merge Heap Roots: 0.3ms
[2025-12-24T10:42:47.411+0000][gc,phases   ] GC(31)   Evacuate Collection Set: 8.3ms
[2025-12-24T10:42:47.411+0000][gc,phases   ] GC(31)   Post Evacuate Collection Set: 1.1ms
[2025-12-24T10:42:47.411+0000][gc,phases   ] GC(31)   Other: 0.2ms
[2025-12-24T10:42:47.411+0000][gc,heap     ] GC(31) Eden regions: 607->0(605)
[2025-12-24T10:42:47.411+0000][gc,heap     ] GC(31) Survivor regions: 7->9(77)
[2025-12-24T10:42:47.411+0000][gc,heap     ] GC(31) Old regions: 23->24
[2025-12-24T10:42:47.411+0000][gc,heap     ] GC(31) Humongous regions: 131->131
[2025-12-24T10:42:47.412+0000][gc,metaspace] GC(31) Metaspace: 13618K(14016K)->13618K(14016K) NonClass: 12086K(12288K)->12086K(12288K) Class: 1532K(1728K)->1532K(1728K)
[2025-12-24T10:42:47.412+0000][gc          ] GC(31) Pause Young (Normal) (G1 Evacuation Pause) 767M->162M(1024M) 12.485ms
[2025-12-24T10:42:47.412+0000][gc,cpu      ] GC(31) User=0.07s Sys=0.00s Real=0.01s
[2025-12-24T10:43:27.073+0000][gc,start    ] GC(32) Pause Young (Normal) (G1 Evacuation Pause)
[2025-12-24T10:43:27.074+0000][gc,task     ] GC(32) Using 8 workers of 8 for evacuation
[2025-12-24T10:43:27.084+0000][gc,phases   ] GC(32)   Pre Evacuate Collection Set: 0.8ms
[2025-12-24T10:43:27.085+0000][gc,phases   ] GC(32)   Merge Heap Roots: 0.2ms
[2025-12-24T10:43:27.085+0000][gc,phases   ] GC(32)   Evacuate Collection Set: 8.0ms
[2025-12-24T10:43:27.085+0000][gc,phases   ] GC(32)   Post Evacuate Collection Set: 1.1ms
[2025-12-24T10:43:27.085+0000][gc,phases   ] GC(32)   Other: 0.4ms
[2025-12-24T10:43:27.085+0000][gc,heap     ] GC(32) Eden regions: 605->0(606)
[2025-12-24T10:43:27.085+0000][gc,heap     ] GC(32) Survivor regions: 9->8(77)
[2025-12-24T10:43:27.085+0000][gc,heap     ] GC(32) Old regions: 24->24
[2025-12-24T10:43:27.085+0000][gc,heap     ] GC(32) Humongous regions: 131->131
[2025-12-24T10:43:27.085+0000][gc,metaspace] GC(32) Metaspace: 13626K(14016K)->13626K(14016K) NonClass: 12094K(12288K)->12094K(12288K) Class: 1532K(1728K)->1532K(1728K)
[2025-12-24T10:43:27.085+0000][gc          ] GC(32) Pause Young (Normal) (G1 Evacuation Pause) 767M->162M(1024M) 11.663ms
[2025-12-24T10:43:27.085+0000][gc,cpu      ] GC(32) User=0.06s Sys=0.00s Real=0.01s
[2025-12-24T10:43:57.352+0000][gc,start    ] GC(33) Pause Young (Normal) (G1 Evacuation Pause)
[2025-12-24T10:43:57.352+0000][gc,task     ] GC(33) Using 8 workers of 8 for evacuation
[2025-12-24T10:43:57.364+0000][gc,phases   ] GC(33)   Pre Evacuate Collection Set: 2.2ms
[2025-12-24T10:43:57.364+0000][gc,phases   ] GC(33)   Merge Heap Roots: 0.3ms
[2025-12-24T10:43:57.364+0000][gc,phases   ] GC(33)   Evacuate Collection Set: 8.3ms
[2025-12-24T10:43:57.364+0000][gc,phases   ] GC(33)   Post Evacuate Collection Set: 0.8ms
[2025-12-24T10:43:57.364+0000][gc,phases   ] GC(33)   Other: 0.3ms
[2025-12-24T10:43:57.365+0000][gc,heap     ] GC(33) Eden regions: 606->0(607)
[2025-12-24T10:43:57.365+0000][gc,heap     ] GC(33) Survivor regions: 8->7(77)
[2025-12-24T10:43:57.365+0000][gc,heap     ] GC(33) Old regions: 24->24
[2025-12-24T10:43:57.365+0000][gc,heap     ] GC(33) Humongous regions: 131->131
[2025-12-24T10:43:57.365+0000][gc,metaspace] GC(33) Metaspace: 13888K(14208K)->13888K(14208K) NonClass: 12304K(12480K)->12304K(12480K) Class: 1583K(1728K)->1583K(1728K)
[2025-12-24T10:43:57.365+0000][gc          ] GC(33) Pause Young (Normal) (G1 Evacuation Pause) 768M->161M(1024M) 13.077ms
[2025-12-24T10:43:57.365+0000][gc,cpu      ] GC(33) User=0.07s Sys=0.00s Real=0.01s
[2025-12-24T10:44:37.014+0000][gc,start    ] GC(34) Pause Young (Normal) (G1 Evacuation Pause)
[2025-12-24T10:44:37.015+0000][gc,task     ] GC(34) Using 8 workers of 8 for evacuation
[2025-12-24T10:44:37.027+0000][gc,phases   ] GC(34)   Pre Evacuate Collection Set: 1.0ms
[2025-12-24T10:44:37.027+0000][gc,phases   ] GC(34)   Merge Heap Roots: 0.3ms
[2025-12-24T10:44:37.027+0000][gc,phases   ] GC(34)   Evacuate Collection Set: 7.8ms
[2025-12-24T10:44:37.027+0000][gc,phases   ] GC(34)   Post Evacuate Collection Set: 2.7ms
[2025-12-24T10:44:37.027+0000][gc,phases   ] GC(34)   Other: 0.3ms
[2025-12-24T10:44:37.027+0000][gc,heap     ] GC(34) Eden regions: 607->0(607)
[2025-12-24T10:44:37.027+0000][gc,heap     ] GC(34) Survivor regions: 7->7(77)
[2025-12-24T10:44:37.027+0000][gc,heap     ] GC(34) Old regions: 24->24
[2025-12-24T10:44:37.027+0000][gc,heap     ] GC(34) Humongous regions: 131->131
[2025-12-24T10:44:37.027+0000][gc,metaspace] GC(34) Metaspace: 14068K(14400K)->14068K(14400K) NonClass: 12471K(12608K)->12471K(12608K) Class: 1597K(1792K)->1597K(1792K)
[2025-12-24T10:44:37.028+0000][gc          ] GC(34) Pause Young (Normal) (G1 Evacuation Pause) 768M->160M(1024M) 13.190ms
[2025-12-24T10:44:37.028+0000][gc,cpu      ] GC(34) User=0.07s Sys=0.00s Real=0.02s
[2025-12-24T10:45:07.290+0000][gc,start    ] GC(35) Pause Young (Normal) (G1 Evacuation Pause)
[2025-12-24T10:45:07.292+0000][gc,task     ] GC(35) Using 8 workers of 8 for evacuation
[2025-12-24T10:45:07.305+0000][gc,phases   ] GC(35)   Pre Evacuate Collection Set: 3.5ms
[2025-12-24T10:45:07.305+0000][gc,phases   ] GC(35)   Merge Heap Roots: 0.4ms
[2025-12-24T10:45:07.305+0000][gc,phases   ] GC(35)   Evacuate Collection Set: 7.7ms
[2025-12-24T10:45:07.305+0000][gc,phases   ] GC(35)   Post Evacuate Collection Set: 1.0ms
[2025-12-24T10:45:07.305+0000][gc,phases   ] GC(35)   Other: 0.3ms
[2025-12-24T10:45:07.305+0000][gc,heap     ] GC(35) Eden regions: 607->0(606)
[2025-12-24T10:45:07.305+0000][gc,heap     ] GC(35) Survivor regions: 7->8(77)
[2025-12-24T10:45:07.305+0000][gc,heap     ] GC(35) Old regions: 24->24
[2025-12-24T10:45:07.305+0000][gc,heap     ] GC(35) Humongous regions: 131->131
[2025-12-24T10:45:07.305+0000][gc,metaspace] GC(35) Metaspace: 14076K(14464K)->14076K(14464K) NonClass: 12479K(12672K)->12479K(12672K) Class: 1597K(1792K)->1597K(1792K)
[2025-12-24T10:45:07.305+0000][gc          ] GC(35) Pause Young (Normal) (G1 Evacuation Pause) 767M->162M(1024M) 14.854ms
[2025-12-24T10:45:07.305+0000][gc,cpu      ] GC(35) User=0.08s Sys=0.00s Real=0.02s
[2025-12-24T10:45:37.531+0000][gc,start    ] GC(36) Pause Young (Normal) (G1 Evacuation Pause)
[2025-12-24T10:45:37.532+0000][gc,task     ] GC(36) Using 8 workers of 8 for evacuation
[2025-12-24T10:45:37.541+0000][gc,phases   ] GC(36)   Pre Evacuate Collection Set: 0.9ms
[2025-12-24T10:45:37.541+0000][gc,phases   ] GC(36)   Merge Heap Roots: 0.2ms
[2025-12-24T10:45:37.541+0000][gc,phases   ] GC(36)   Evacuate Collection Set: 7.0ms
[2025-12-24T10:45:37.541+0000][gc,phases   ] GC(36)   Post Evacuate Collection Set: 0.9ms
[2025-12-24T10:45:37.541+0000][gc,phases   ] GC(36)   Other: 0.2ms
[2025-12-24T10:45:37.541+0000][gc,heap     ] GC(36) Eden regions: 606->0(604)
[2025-12-24T10:45:37.541+0000][gc,heap     ] GC(36) Survivor regions: 8->10(77)
[2025-12-24T10:45:37.541+0000][gc,heap     ] GC(36) Old regions: 24->24
[2025-12-24T10:45:37.541+0000][gc,heap     ] GC(36) Humongous regions: 131->131
[2025-12-24T10:45:37.541+0000][gc,metaspace] GC(36) Metaspace: 14085K(14464K)->14085K(14464K) NonClass: 12488K(12672K)->12488K(12672K) Class: 1597K(1792K)->1597K(1792K)
[2025-12-24T10:45:37.541+0000][gc          ] GC(36) Pause Young (Normal) (G1 Evacuation Pause) 768M->164M(1024M) 9.966ms
[2025-12-24T10:45:37.541+0000][gc,cpu      ] GC(36) User=0.06s Sys=0.00s Real=0.01s
[2025-12-24T10:46:17.205+0000][gc,start    ] GC(37) Pause Young (Normal) (G1 Evacuation Pause)
[2025-12-24T10:46:17.205+0000][gc,task     ] GC(37) Using 8 workers of 8 for evacuation
[2025-12-24T10:46:17.229+0000][gc,phases   ] GC(37)   Pre Evacuate Collection Set: 2.8ms
[2025-12-24T10:46:17.229+0000][gc,phases   ] GC(37)   Merge Heap Roots: 0.7ms
[2025-12-24T10:46:17.229+0000][gc,phases   ] GC(37)   Evacuate Collection Set: 18.3ms
[2025-12-24T10:46:17.229+0000][gc,phases   ] GC(37)   Post Evacuate Collection Set: 1.1ms
[2025-12-24T10:46:17.229+0000][gc,phases   ] GC(37)   Other: 0.7ms
[2025-12-24T10:46:17.229+0000][gc,heap     ] GC(37) Eden regions: 604->0(604)
[2025-12-24T10:46:17.229+0000][gc,heap     ] GC(37) Survivor regions: 10->10(77)
[2025-12-24T10:46:17.230+0000][gc,heap     ] GC(37) Old regions: 24->25
[2025-12-24T10:46:17.230+0000][gc,heap     ] GC(37) Humongous regions: 131->131
[2025-12-24T10:46:17.230+0000][gc,metaspace] GC(37) Metaspace: 14090K(14464K)->14090K(14464K) NonClass: 12492K(12672K)->12492K(12672K) Class: 1597K(1792K)->1597K(1792K)
[2025-12-24T10:46:17.230+0000][gc          ] GC(37) Pause Young (Normal) (G1 Evacuation Pause) 768M->164M(1024M) 24.830ms
[2025-12-24T10:46:17.230+0000][gc,cpu      ] GC(37) User=0.10s Sys=0.02s Real=0.02s
[2025-12-24T10:46:47.472+0000][gc,start    ] GC(38) Pause Young (Normal) (G1 Evacuation Pause)
[2025-12-24T10:46:47.473+0000][gc,task     ] GC(38) Using 8 workers of 8 for evacuation
[2025-12-24T10:46:47.484+0000][gc,phases   ] GC(38)   Pre Evacuate Collection Set: 0.8ms
[2025-12-24T10:46:47.484+0000][gc,phases   ] GC(38)   Merge Heap Roots: 0.2ms
[2025-12-24T10:46:47.484+0000][gc,phases   ] GC(38)   Evacuate Collection Set: 8.5ms
[2025-12-24T10:46:47.484+0000][gc,phases   ] GC(38)   Post Evacuate Collection Set: 0.8ms
[2025-12-24T10:46:47.484+0000][gc,phases   ] GC(38)   Other: 0.2ms
[2025-12-24T10:46:47.484+0000][gc,heap     ] GC(38) Eden regions: 604->0(606)
[2025-12-24T10:46:47.484+0000][gc,heap     ] GC(38) Survivor regions: 10->8(77)
[2025-12-24T10:46:47.484+0000][gc,heap     ] GC(38) Old regions: 25->25
[2025-12-24T10:46:47.484+0000][gc,heap     ] GC(38) Humongous regions: 131->131
[2025-12-24T10:46:47.484+0000][gc,metaspace] GC(38) Metaspace: 14090K(14464K)->14090K(14464K) NonClass: 12493K(12672K)->12493K(12672K) Class: 1597K(1792K)->1597K(1792K)
[2025-12-24T10:46:47.484+0000][gc          ] GC(38) Pause Young (Normal) (G1 Evacuation Pause) 768M->163M(1024M) 12.222ms
[2025-12-24T10:46:47.484+0000][gc,cpu      ] GC(38) User=0.07s Sys=0.01s Real=0.01s
[2025-12-24T10:47:27.124+0000][gc,start    ] GC(39) Pause Young (Normal) (G1 Evacuation Pause)
[2025-12-24T10:47:27.125+0000][gc,task     ] GC(39) Using 8 workers of 8 for evacuation
[2025-12-24T10:47:27.133+0000][gc,phases   ] GC(39)   Pre Evacuate Collection Set: 0.9ms
[2025-12-24T10:47:27.134+0000][gc,phases   ] GC(39)   Merge Heap Roots: 0.3ms
[2025-12-24T10:47:27.134+0000][gc,phases   ] GC(39)   Evacuate Collection Set: 6.4ms
[2025-12-24T10:47:27.134+0000][gc,phases   ] GC(39)   Post Evacuate Collection Set: 0.9ms
[2025-12-24T10:47:27.134+0000][gc,phases   ] GC(39)   Other: 0.2ms
[2025-12-24T10:47:27.134+0000][gc,heap     ] GC(39) Eden regions: 606->0(606)
[2025-12-24T10:47:27.134+0000][gc,heap     ] GC(39) Survivor regions: 8->8(77)
[2025-12-24T10:47:27.134+0000][gc,heap     ] GC(39) Old regions: 25->25
[2025-12-24T10:47:27.134+0000][gc,heap     ] GC(39) Humongous regions: 131->131
[2025-12-24T10:47:27.134+0000][gc,metaspace] GC(39) Metaspace: 14095K(14464K)->14095K(14464K) NonClass: 12498K(12672K)->12498K(12672K) Class: 1597K(1792K)->1597K(1792K)
[2025-12-24T10:47:27.134+0000][gc          ] GC(39) Pause Young (Normal) (G1 Evacuation Pause) 769M->163M(1024M) 9.887ms
[2025-12-24T10:47:27.134+0000][gc,cpu      ] GC(39) User=0.05s Sys=0.00s Real=0.01s
[2025-12-24T10:47:57.403+0000][gc,start    ] GC(40) Pause Young (Normal) (G1 Evacuation Pause)
[2025-12-24T10:47:57.403+0000][gc,task     ] GC(40) Using 8 workers of 8 for evacuation
[2025-12-24T10:47:57.422+0000][gc,phases   ] GC(40)   Pre Evacuate Collection Set: 1.0ms
[2025-12-24T10:47:57.422+0000][gc,phases   ] GC(40)   Merge Heap Roots: 0.2ms
[2025-12-24T10:47:57.422+0000][gc,phases   ] GC(40)   Evacuate Collection Set: 16.6ms
[2025-12-24T10:47:57.422+0000][gc,phases   ] GC(40)   Post Evacuate Collection Set: 0.9ms
[2025-12-24T10:47:57.422+0000][gc,phases   ] GC(40)   Other: 0.2ms
[2025-12-24T10:47:57.422+0000][gc,heap     ] GC(40) Eden regions: 606->0(604)
[2025-12-24T10:47:57.422+0000][gc,heap     ] GC(40) Survivor regions: 8->10(77)
[2025-12-24T10:47:57.423+0000][gc,heap     ] GC(40) Old regions: 25->26
[2025-12-24T10:47:57.423+0000][gc,heap     ] GC(40) Humongous regions: 131->131
[2025-12-24T10:47:57.423+0000][gc,metaspace] GC(40) Metaspace: 14289K(14720K)->14289K(14720K) NonClass: 12662K(12864K)->12662K(12864K) Class: 1626K(1856K)->1626K(1856K)
[2025-12-24T10:47:57.423+0000][gc          ] GC(40) Pause Young (Normal) (G1 Evacuation Pause) 769M->165M(1024M) 20.102ms
[2025-12-24T10:47:57.423+0000][gc,cpu      ] GC(40) User=0.14s Sys=0.00s Real=0.02s
[2025-12-24T10:48:37.067+0000][gc,start    ] GC(41) Pause Young (Normal) (G1 Evacuation Pause)
[2025-12-24T10:48:37.068+0000][gc,task     ] GC(41) Using 8 workers of 8 for evacuation
[2025-12-24T10:48:37.085+0000][gc,phases   ] GC(41)   Pre Evacuate Collection Set: 1.1ms
[2025-12-24T10:48:37.085+0000][gc,phases   ] GC(41)   Merge Heap Roots: 0.3ms
[2025-12-24T10:48:37.085+0000][gc,phases   ] GC(41)   Evacuate Collection Set: 12.9ms
[2025-12-24T10:48:37.085+0000][gc,phases   ] GC(41)   Post Evacuate Collection Set: 2.6ms
[2025-12-24T10:48:37.085+0000][gc,phases   ] GC(41)   Other: 0.3ms
[2025-12-24T10:48:37.085+0000][gc,heap     ] GC(41) Eden regions: 604->0(605)
[2025-12-24T10:48:37.085+0000][gc,heap     ] GC(41) Survivor regions: 10->9(77)
[2025-12-24T10:48:37.085+0000][gc,heap     ] GC(41) Old regions: 26->26
[2025-12-24T10:48:37.085+0000][gc,heap     ] GC(41) Humongous regions: 131->131
[2025-12-24T10:48:37.086+0000][gc,metaspace] GC(41) Metaspace: 14369K(14784K)->14369K(14784K) NonClass: 12736K(12928K)->12736K(12928K) Class: 1633K(1856K)->1633K(1856K)
[2025-12-24T10:48:37.086+0000][gc          ] GC(41) Pause Young (Normal) (G1 Evacuation Pause) 769M->164M(1024M) 18.451ms
[2025-12-24T10:48:37.086+0000][gc,cpu      ] GC(41) User=0.11s Sys=0.01s Real=0.02s
[2025-12-24T10:49:07.293+0000][gc,start    ] GC(42) Pause Young (Normal) (G1 Evacuation Pause)
[2025-12-24T10:49:07.293+0000][gc,task     ] GC(42) Using 8 workers of 8 for evacuation
[2025-12-24T10:49:07.303+0000][gc,phases   ] GC(42)   Pre Evacuate Collection Set: 0.8ms
[2025-12-24T10:49:07.304+0000][gc,phases   ] GC(42)   Merge Heap Roots: 0.3ms
[2025-12-24T10:49:07.304+0000][gc,phases   ] GC(42)   Evacuate Collection Set: 8.1ms
[2025-12-24T10:49:07.304+0000][gc,phases   ] GC(42)   Post Evacuate Collection Set: 0.9ms
[2025-12-24T10:49:07.304+0000][gc,phases   ] GC(42)   Other: 0.2ms
[2025-12-24T10:49:07.304+0000][gc,heap     ] GC(42) Eden regions: 605->0(603)
[2025-12-24T10:49:07.304+0000][gc,heap     ] GC(42) Survivor regions: 9->11(77)
[2025-12-24T10:49:07.304+0000][gc,heap     ] GC(42) Old regions: 26->26
[2025-12-24T10:49:07.304+0000][gc,heap     ] GC(42) Humongous regions: 131->131
[2025-12-24T10:49:07.304+0000][gc,metaspace] GC(42) Metaspace: 14395K(14848K)->14395K(14848K) NonClass: 12762K(12992K)->12762K(12992K) Class: 1633K(1856K)->1633K(1856K)
[2025-12-24T10:49:07.304+0000][gc          ] GC(42) Pause Young (Normal) (G1 Evacuation Pause) 769M->167M(1024M) 11.173ms
[2025-12-24T10:49:07.304+0000][gc,cpu      ] GC(42) User=0.07s Sys=0.00s Real=0.01s
[2025-12-24T10:49:43.594+0000][gc,start    ] GC(43) Pause Young (Normal) (G1 Evacuation Pause)
[2025-12-24T10:49:43.595+0000][gc,task     ] GC(43) Using 8 workers of 8 for evacuation
[2025-12-24T10:49:43.624+0000][gc,phases   ] GC(43)   Pre Evacuate Collection Set: 1.9ms
[2025-12-24T10:49:43.624+0000][gc,phases   ] GC(43)   Merge Heap Roots: 0.3ms
[2025-12-24T10:49:43.624+0000][gc,phases   ] GC(43)   Evacuate Collection Set: 20.4ms
[2025-12-24T10:49:43.624+0000][gc,phases   ] GC(43)   Post Evacuate Collection Set: 5.4ms
[2025-12-24T10:49:43.624+0000][gc,phases   ] GC(43)   Other: 0.5ms
[2025-12-24T10:49:43.624+0000][gc,heap     ] GC(43) Eden regions: 603->0(608)
[2025-12-24T10:49:43.624+0000][gc,heap     ] GC(43) Survivor regions: 11->6(77)
[2025-12-24T10:49:43.624+0000][gc,heap     ] GC(43) Old regions: 26->27
[2025-12-24T10:49:43.624+0000][gc,heap     ] GC(43) Humongous regions: 131->131
[2025-12-24T10:49:43.625+0000][gc,metaspace] GC(43) Metaspace: 14398K(14848K)->14398K(14848K) NonClass: 12765K(12992K)->12765K(12992K) Class: 1633K(1856K)->1633K(1856K)
[2025-12-24T10:49:43.625+0000][gc          ] GC(43) Pause Young (Normal) (G1 Evacuation Pause) 770M->163M(1024M) 30.492ms
[2025-12-24T10:49:43.625+0000][gc,cpu      ] GC(43) User=0.13s Sys=0.06s Real=0.03s
[2025-12-24T10:50:17.530+0000][gc,start    ] GC(44) Pause Young (Normal) (G1 Evacuation Pause)
[2025-12-24T10:50:17.531+0000][gc,task     ] GC(44) Using 8 workers of 8 for evacuation
[2025-12-24T10:50:17.548+0000][gc,phases   ] GC(44)   Pre Evacuate Collection Set: 0.9ms
[2025-12-24T10:50:17.549+0000][gc,phases   ] GC(44)   Merge Heap Roots: 0.3ms
[2025-12-24T10:50:17.549+0000][gc,phases   ] GC(44)   Evacuate Collection Set: 14.1ms
[2025-12-24T10:50:17.549+0000][gc,phases   ] GC(44)   Post Evacuate Collection Set: 2.0ms
[2025-12-24T10:50:17.549+0000][gc,phases   ] GC(44)   Other: 0.2ms
[2025-12-24T10:50:17.549+0000][gc,heap     ] GC(44) Eden regions: 608->0(606)
[2025-12-24T10:50:17.549+0000][gc,heap     ] GC(44) Survivor regions: 6->8(77)
[2025-12-24T10:50:17.549+0000][gc,heap     ] GC(44) Old regions: 27->27
[2025-12-24T10:50:17.549+0000][gc,heap     ] GC(44) Humongous regions: 131->131
[2025-12-24T10:50:17.549+0000][gc,metaspace] GC(44) Metaspace: 14399K(14848K)->14399K(14848K) NonClass: 12765K(12992K)->12765K(12992K) Class: 1633K(1856K)->1633K(1856K)
[2025-12-24T10:50:17.549+0000][gc          ] GC(44) Pause Young (Normal) (G1 Evacuation Pause) 771M->165M(1024M) 18.840ms
[2025-12-24T10:50:17.549+0000][gc,cpu      ] GC(44) User=0.12s Sys=0.00s Real=0.02s
[2025-12-24T10:50:47.799+0000][gc,start    ] GC(45) Pause Young (Normal) (G1 Evacuation Pause)
[2025-12-24T10:50:47.800+0000][gc,task     ] GC(45) Using 8 workers of 8 for evacuation
[2025-12-24T10:50:47.814+0000][gc,phases   ] GC(45)   Pre Evacuate Collection Set: 0.9ms
[2025-12-24T10:50:47.815+0000][gc,phases   ] GC(45)   Merge Heap Roots: 0.2ms
[2025-12-24T10:50:47.815+0000][gc,phases   ] GC(45)   Evacuate Collection Set: 11.6ms
[2025-12-24T10:50:47.815+0000][gc,phases   ] GC(45)   Post Evacuate Collection Set: 1.1ms
[2025-12-24T10:50:47.815+0000][gc,phases   ] GC(45)   Other: 0.3ms
[2025-12-24T10:50:47.815+0000][gc,heap     ] GC(45) Eden regions: 606->0(604)
[2025-12-24T10:50:47.815+0000][gc,heap     ] GC(45) Survivor regions: 8->10(77)
[2025-12-24T10:50:47.815+0000][gc,heap     ] GC(45) Old regions: 27->27
[2025-12-24T10:50:47.815+0000][gc,heap     ] GC(45) Humongous regions: 131->131
[2025-12-24T10:50:47.815+0000][gc,metaspace] GC(45) Metaspace: 14404K(14848K)->14404K(14848K) NonClass: 12771K(12992K)->12771K(12992K) Class: 1633K(1856K)->1633K(1856K)
[2025-12-24T10:50:47.815+0000][gc          ] GC(45) Pause Young (Normal) (G1 Evacuation Pause) 771M->167M(1024M) 16.103ms
[2025-12-24T10:50:47.815+0000][gc,cpu      ] GC(45) User=0.09s Sys=0.00s Real=0.02s
[2025-12-24T10:51:27.454+0000][gc,start    ] GC(46) Pause Young (Normal) (G1 Evacuation Pause)
[2025-12-24T10:51:27.455+0000][gc,task     ] GC(46) Using 8 workers of 8 for evacuation
[2025-12-24T10:51:27.475+0000][gc,phases   ] GC(46)   Pre Evacuate Collection Set: 1.0ms
[2025-12-24T10:51:27.475+0000][gc,phases   ] GC(46)   Merge Heap Roots: 0.2ms
[2025-12-24T10:51:27.475+0000][gc,phases   ] GC(46)   Evacuate Collection Set: 17.7ms
[2025-12-24T10:51:27.475+0000][gc,phases   ] GC(46)   Post Evacuate Collection Set: 1.0ms
[2025-12-24T10:51:27.475+0000][gc,phases   ] GC(46)   Other: 0.2ms
[2025-12-24T10:51:27.475+0000][gc,heap     ] GC(46) Eden regions: 604->0(605)
[2025-12-24T10:51:27.475+0000][gc,heap     ] GC(46) Survivor regions: 10->9(77)
[2025-12-24T10:51:27.475+0000][gc,heap     ] GC(46) Old regions: 27->28
[2025-12-24T10:51:27.475+0000][gc,heap     ] GC(46) Humongous regions: 131->131
[2025-12-24T10:51:27.475+0000][gc,metaspace] GC(46) Metaspace: 14409K(14848K)->14409K(14848K) NonClass: 12776K(12992K)->12776K(12992K) Class: 1633K(1856K)->1633K(1856K)
[2025-12-24T10:51:27.475+0000][gc          ] GC(46) Pause Young (Normal) (G1 Evacuation Pause) 771M->167M(1024M) 21.113ms
[2025-12-24T10:51:27.475+0000][gc,cpu      ] GC(46) User=0.14s Sys=0.00s Real=0.02s
[2025-12-24T10:51:57.720+0000][gc,start    ] GC(47) Pause Young (Normal) (G1 Evacuation Pause)
[2025-12-24T10:51:57.721+0000][gc,task     ] GC(47) Using 8 workers of 8 for evacuation
[2025-12-24T10:51:57.740+0000][gc,phases   ] GC(47)   Pre Evacuate Collection Set: 1.1ms
[2025-12-24T10:51:57.740+0000][gc,phases   ] GC(47)   Merge Heap Roots: 0.6ms
[2025-12-24T10:51:57.740+0000][gc,phases   ] GC(47)   Evacuate Collection Set: 16.4ms
[2025-12-24T10:51:57.740+0000][gc,phases   ] GC(47)   Post Evacuate Collection Set: 0.8ms
[2025-12-24T10:51:57.740+0000][gc,phases   ] GC(47)   Other: 0.2ms
[2025-12-24T10:51:57.740+0000][gc,heap     ] GC(47) Eden regions: 605->0(603)
[2025-12-24T10:51:57.740+0000][gc,heap     ] GC(47) Survivor regions: 9->11(77)
[2025-12-24T10:51:57.740+0000][gc,heap     ] GC(47) Old regions: 28->28
[2025-12-24T10:51:57.740+0000][gc,heap     ] GC(47) Humongous regions: 131->131
[2025-12-24T10:51:57.740+0000][gc,metaspace] GC(47) Metaspace: 14412K(14848K)->14412K(14848K) NonClass: 12778K(12992K)->12778K(12992K) Class: 1633K(1856K)->1633K(1856K)
[2025-12-24T10:51:57.740+0000][gc          ] GC(47) Pause Young (Normal) (G1 Evacuation Pause) 772M->169M(1024M) 20.319ms
[2025-12-24T10:51:57.740+0000][gc,cpu      ] GC(47) User=0.14s Sys=0.00s Real=0.02s
[2025-12-24T10:52:37.416+0000][gc,start    ] GC(48) Pause Young (Normal) (G1 Evacuation Pause)
[2025-12-24T10:52:37.417+0000][gc,task     ] GC(48) Using 8 workers of 8 for evacuation
[2025-12-24T10:52:37.434+0000][gc,phases   ] GC(48)   Pre Evacuate Collection Set: 0.8ms
[2025-12-24T10:52:37.434+0000][gc,phases   ] GC(48)   Merge Heap Roots: 0.3ms
[2025-12-24T10:52:37.434+0000][gc,phases   ] GC(48)   Evacuate Collection Set: 14.6ms
[2025-12-24T10:52:37.434+0000][gc,phases   ] GC(48)   Post Evacuate Collection Set: 1.0ms
[2025-12-24T10:52:37.434+0000][gc,phases   ] GC(48)   Other: 0.2ms
[2025-12-24T10:52:37.434+0000][gc,heap     ] GC(48) Eden regions: 603->0(607)
[2025-12-24T10:52:37.434+0000][gc,heap     ] GC(48) Survivor regions: 11->7(77)
[2025-12-24T10:52:37.434+0000][gc,heap     ] GC(48) Old regions: 28->29
[2025-12-24T10:52:37.434+0000][gc,heap     ] GC(48) Humongous regions: 131->131
[2025-12-24T10:52:37.434+0000][gc,metaspace] GC(48) Metaspace: 14414K(14848K)->14414K(14848K) NonClass: 12780K(12992K)->12780K(12992K) Class: 1633K(1856K)->1633K(1856K)
[2025-12-24T10:52:37.434+0000][gc          ] GC(48) Pause Young (Normal) (G1 Evacuation Pause) 772M->165M(1024M) 18.609ms
[2025-12-24T10:52:37.434+0000][gc,cpu      ] GC(48) User=0.11s Sys=0.00s Real=0.02s
[2025-12-24T10:53:07.688+0000][gc,start    ] GC(49) Pause Young (Normal) (G1 Evacuation Pause)
[2025-12-24T10:53:07.688+0000][gc,task     ] GC(49) Using 8 workers of 8 for evacuation
[2025-12-24T10:53:07.702+0000][gc,phases   ] GC(49)   Pre Evacuate Collection Set: 0.9ms
[2025-12-24T10:53:07.702+0000][gc,phases   ] GC(49)   Merge Heap Roots: 0.3ms
[2025-12-24T10:53:07.702+0000][gc,phases   ] GC(49)   Evacuate Collection Set: 11.5ms
[2025-12-24T10:53:07.703+0000][gc,phases   ] GC(49)   Post Evacuate Collection Set: 1.1ms
[2025-12-24T10:53:07.703+0000][gc,phases   ] GC(49)   Other: 0.3ms
[2025-12-24T10:53:07.703+0000][gc,heap     ] GC(49) Eden regions: 607->0(606)
[2025-12-24T10:53:07.703+0000][gc,heap     ] GC(49) Survivor regions: 7->8(77)
[2025-12-24T10:53:07.703+0000][gc,heap     ] GC(49) Old regions: 29->29
[2025-12-24T10:53:07.703+0000][gc,heap     ] GC(49) Humongous regions: 131->131
[2025-12-24T10:53:07.703+0000][gc,metaspace] GC(49) Metaspace: 14420K(14848K)->14420K(14848K) NonClass: 12786K(12992K)->12786K(12992K) Class: 1633K(1856K)->1633K(1856K)
[2025-12-24T10:53:07.703+0000][gc          ] GC(49) Pause Young (Normal) (G1 Evacuation Pause) 772M->167M(1024M) 15.538ms
[2025-12-24T10:53:07.703+0000][gc,cpu      ] GC(49) User=0.09s Sys=0.00s Real=0.02s
[2025-12-24T10:53:47.325+0000][gc,start    ] GC(50) Pause Young (Normal) (G1 Evacuation Pause)
[2025-12-24T10:53:47.326+0000][gc,task     ] GC(50) Using 8 workers of 8 for evacuation
[2025-12-24T10:53:47.336+0000][gc,phases   ] GC(50)   Pre Evacuate Collection Set: 1.1ms
[2025-12-24T10:53:47.336+0000][gc,phases   ] GC(50)   Merge Heap Roots: 0.3ms
[2025-12-24T10:53:47.336+0000][gc,phases   ] GC(50)   Evacuate Collection Set: 7.0ms
[2025-12-24T10:53:47.336+0000][gc,phases   ] GC(50)   Post Evacuate Collection Set: 1.1ms
[2025-12-24T10:53:47.336+0000][gc,phases   ] GC(50)   Other: 0.2ms
[2025-12-24T10:53:47.337+0000][gc,heap     ] GC(50) Eden regions: 606->0(606)
[2025-12-24T10:53:47.337+0000][gc,heap     ] GC(50) Survivor regions: 8->8(77)
[2025-12-24T10:53:47.337+0000][gc,heap     ] GC(50) Old regions: 29->29
[2025-12-24T10:53:47.337+0000][gc,heap     ] GC(50) Humongous regions: 131->131
[2025-12-24T10:53:47.337+0000][gc,metaspace] GC(50) Metaspace: 14421K(14848K)->14421K(14848K) NonClass: 12788K(12992K)->12788K(12992K) Class: 1633K(1856K)->1633K(1856K)
[2025-12-24T10:53:47.337+0000][gc          ] GC(50) Pause Young (Normal) (G1 Evacuation Pause) 773M->167M(1024M) 11.844ms
[2025-12-24T10:53:47.337+0000][gc,cpu      ] GC(50) User=0.06s Sys=0.00s Real=0.01s
[2025-12-24T10:54:17.603+0000][gc,start    ] GC(51) Pause Young (Normal) (G1 Evacuation Pause)
[2025-12-24T10:54:17.604+0000][gc,task     ] GC(51) Using 8 workers of 8 for evacuation
[2025-12-24T10:54:17.619+0000][gc,phases   ] GC(51)   Pre Evacuate Collection Set: 1.0ms
[2025-12-24T10:54:17.619+0000][gc,phases   ] GC(51)   Merge Heap Roots: 0.3ms
[2025-12-24T10:54:17.619+0000][gc,phases   ] GC(51)   Evacuate Collection Set: 12.3ms
[2025-12-24T10:54:17.619+0000][gc,phases   ] GC(51)   Post Evacuate Collection Set: 1.0ms
[2025-12-24T10:54:17.619+0000][gc,phases   ] GC(51)   Other: 0.2ms
[2025-12-24T10:54:17.619+0000][gc,heap     ] GC(51) Eden regions: 606->0(605)
[2025-12-24T10:54:17.619+0000][gc,heap     ] GC(51) Survivor regions: 8->9(77)
[2025-12-24T10:54:17.619+0000][gc,heap     ] GC(51) Old regions: 29->30
[2025-12-24T10:54:17.619+0000][gc,heap     ] GC(51) Humongous regions: 131->131
[2025-12-24T10:54:17.619+0000][gc,metaspace] GC(51) Metaspace: 14424K(14848K)->14424K(14848K) NonClass: 12791K(12992K)->12791K(12992K) Class: 1633K(1856K)->1633K(1856K)
[2025-12-24T10:54:17.620+0000][gc          ] GC(51) Pause Young (Normal) (G1 Evacuation Pause) 773M->169M(1024M) 16.532ms
[2025-12-24T10:54:17.620+0000][gc,cpu      ] GC(51) User=0.11s Sys=0.00s Real=0.01s
[2025-12-24T10:54:47.825+0000][gc,start    ] GC(52) Pause Young (Normal) (G1 Evacuation Pause)
[2025-12-24T10:54:47.825+0000][gc,task     ] GC(52) Using 8 workers of 8 for evacuation
[2025-12-24T10:54:47.836+0000][gc,phases   ] GC(52)   Pre Evacuate Collection Set: 0.8ms
[2025-12-24T10:54:47.836+0000][gc,phases   ] GC(52)   Merge Heap Roots: 0.3ms
[2025-12-24T10:54:47.836+0000][gc,phases   ] GC(52)   Evacuate Collection Set: 7.9ms
[2025-12-24T10:54:47.836+0000][gc,phases   ] GC(52)   Post Evacuate Collection Set: 1.0ms
[2025-12-24T10:54:47.836+0000][gc,phases   ] GC(52)   Other: 0.2ms
[2025-12-24T10:54:47.836+0000][gc,heap     ] GC(52) Eden regions: 605->0(603)
[2025-12-24T10:54:47.836+0000][gc,heap     ] GC(52) Survivor regions: 9->11(77)
[2025-12-24T10:54:47.836+0000][gc,heap     ] GC(52) Old regions: 30->30
[2025-12-24T10:54:47.836+0000][gc,heap     ] GC(52) Humongous regions: 131->131
[2025-12-24T10:54:47.836+0000][gc,metaspace] GC(52) Metaspace: 14428K(14848K)->14428K(14848K) NonClass: 12794K(12992K)->12794K(12992K) Class: 1633K(1856K)->1633K(1856K)
[2025-12-24T10:54:47.836+0000][gc          ] GC(52) Pause Young (Normal) (G1 Evacuation Pause) 774M->171M(1024M) 11.550ms
[2025-12-24T10:54:47.836+0000][gc,cpu      ] GC(52) User=0.07s Sys=0.00s Real=0.01s
[2025-12-24T10:55:27.511+0000][gc,start    ] GC(53) Pause Young (Normal) (G1 Evacuation Pause)
[2025-12-24T10:55:27.512+0000][gc,task     ] GC(53) Using 8 workers of 8 for evacuation
[2025-12-24T10:55:27.524+0000][gc,phases   ] GC(53)   Pre Evacuate Collection Set: 1.0ms
[2025-12-24T10:55:27.524+0000][gc,phases   ] GC(53)   Merge Heap Roots: 0.2ms
[2025-12-24T10:55:27.524+0000][gc,phases   ] GC(53)   Evacuate Collection Set: 9.7ms
[2025-12-24T10:55:27.524+0000][gc,phases   ] GC(53)   Post Evacuate Collection Set: 0.9ms
[2025-12-24T10:55:27.524+0000][gc,phases   ] GC(53)   Other: 0.2ms
[2025-12-24T10:55:27.524+0000][gc,heap     ] GC(53) Eden regions: 603->0(607)
[2025-12-24T10:55:27.524+0000][gc,heap     ] GC(53) Survivor regions: 11->7(77)
[2025-12-24T10:55:27.524+0000][gc,heap     ] GC(53) Old regions: 30->30
[2025-12-24T10:55:27.525+0000][gc,heap     ] GC(53) Humongous regions: 131->131
[2025-12-24T10:55:27.525+0000][gc,metaspace] GC(53) Metaspace: 14436K(14848K)->14436K(14848K) NonClass: 12802K(12992K)->12802K(12992K) Class: 1633K(1856K)->1633K(1856K)
[2025-12-24T10:55:27.525+0000][gc          ] GC(53) Pause Young (Normal) (G1 Evacuation Pause) 774M->167M(1024M) 13.266ms
[2025-12-24T10:55:27.525+0000][gc,cpu      ] GC(53) User=0.08s Sys=0.00s Real=0.02s
[2025-12-24T10:55:57.758+0000][gc,start    ] GC(54) Pause Young (Normal) (G1 Evacuation Pause)
[2025-12-24T10:55:57.759+0000][gc,task     ] GC(54) Using 8 workers of 8 for evacuation
[2025-12-24T10:55:57.776+0000][gc,phases   ] GC(54)   Pre Evacuate Collection Set: 0.8ms
[2025-12-24T10:55:57.776+0000][gc,phases   ] GC(54)   Merge Heap Roots: 0.3ms
[2025-12-24T10:55:57.776+0000][gc,phases   ] GC(54)   Evacuate Collection Set: 14.8ms
[2025-12-24T10:55:57.776+0000][gc,phases   ] GC(54)   Post Evacuate Collection Set: 0.9ms
[2025-12-24T10:55:57.776+0000][gc,phases   ] GC(54)   Other: 0.2ms
[2025-12-24T10:55:57.776+0000][gc,heap     ] GC(54) Eden regions: 607->0(605)
[2025-12-24T10:55:57.776+0000][gc,heap     ] GC(54) Survivor regions: 7->9(77)
[2025-12-24T10:55:57.777+0000][gc,heap     ] GC(54) Old regions: 30->31
[2025-12-24T10:55:57.777+0000][gc,heap     ] GC(54) Humongous regions: 131->131
[2025-12-24T10:55:57.777+0000][gc,metaspace] GC(54) Metaspace: 14438K(14848K)->14438K(14848K) NonClass: 12804K(12992K)->12804K(12992K) Class: 1633K(1856K)->1633K(1856K)
[2025-12-24T10:55:57.777+0000][gc          ] GC(54) Pause Young (Normal) (G1 Evacuation Pause) 774M->170M(1024M) 18.296ms
[2025-12-24T10:55:57.777+0000][gc,cpu      ] GC(54) User=0.12s Sys=0.00s Real=0.02s
[2025-12-24T10:56:37.545+0000][gc,start    ] GC(55) Pause Young (Normal) (G1 Evacuation Pause)
[2025-12-24T10:56:37.546+0000][gc,task     ] GC(55) Using 8 workers of 8 for evacuation
[2025-12-24T10:56:37.560+0000][gc,phases   ] GC(55)   Pre Evacuate Collection Set: 1.9ms
[2025-12-24T10:56:37.560+0000][gc,phases   ] GC(55)   Merge Heap Roots: 0.3ms
[2025-12-24T10:56:37.560+0000][gc,phases   ] GC(55)   Evacuate Collection Set: 10.7ms
[2025-12-24T10:56:37.560+0000][gc,phases   ] GC(55)   Post Evacuate Collection Set: 1.0ms
[2025-12-24T10:56:37.560+0000][gc,phases   ] GC(55)   Other: 0.3ms
[2025-12-24T10:56:37.560+0000][gc,heap     ] GC(55) Eden regions: 605->0(605)
[2025-12-24T10:56:37.560+0000][gc,heap     ] GC(55) Survivor regions: 9->9(77)
[2025-12-24T10:56:37.560+0000][gc,heap     ] GC(55) Old regions: 31->31
[2025-12-24T10:56:37.560+0000][gc,heap     ] GC(55) Humongous regions: 131->131
[2025-12-24T10:56:37.560+0000][gc,metaspace] GC(55) Metaspace: 14439K(14848K)->14439K(14848K) NonClass: 12805K(12992K)->12805K(12992K) Class: 1633K(1856K)->1633K(1856K)
[2025-12-24T10:56:37.561+0000][gc          ] GC(55) Pause Young (Normal) (G1 Evacuation Pause) 775M->169M(1024M) 15.709ms
[2025-12-24T10:56:37.561+0000][gc,cpu      ] GC(55) User=0.09s Sys=0.01s Real=0.01s
[2025-12-24T10:57:07.684+0000][gc,start    ] GC(56) Pause Young (Normal) (G1 Evacuation Pause)
[2025-12-24T10:57:07.686+0000][gc,task     ] GC(56) Using 8 workers of 8 for evacuation
[2025-12-24T10:57:07.704+0000][gc,phases   ] GC(56)   Pre Evacuate Collection Set: 0.9ms
[2025-12-24T10:57:07.704+0000][gc,phases   ] GC(56)   Merge Heap Roots: 0.2ms
[2025-12-24T10:57:07.704+0000][gc,phases   ] GC(56)   Evacuate Collection Set: 15.5ms
[2025-12-24T10:57:07.704+0000][gc,phases   ] GC(56)   Post Evacuate Collection Set: 1.1ms
[2025-12-24T10:57:07.704+0000][gc,phases   ] GC(56)   Other: 0.3ms
[2025-12-24T10:57:07.704+0000][gc,heap     ] GC(56) Eden regions: 605->0(604)
[2025-12-24T10:57:07.704+0000][gc,heap     ] GC(56) Survivor regions: 9->10(77)
[2025-12-24T10:57:07.704+0000][gc,heap     ] GC(56) Old regions: 31->31
[2025-12-24T10:57:07.704+0000][gc,heap     ] GC(56) Humongous regions: 131->131
[2025-12-24T10:57:07.704+0000][gc,metaspace] GC(56) Metaspace: 14443K(14848K)->14443K(14848K) NonClass: 12809K(12992K)->12809K(12992K) Class: 1633K(1856K)->1633K(1856K)
[2025-12-24T10:57:07.704+0000][gc          ] GC(56) Pause Young (Normal) (G1 Evacuation Pause) 774M->171M(1024M) 19.824ms
[2025-12-24T10:57:07.704+0000][gc,cpu      ] GC(56) User=0.13s Sys=0.00s Real=0.02s
[2025-12-24T10:57:47.365+0000][gc,start    ] GC(57) Pause Young (Normal) (G1 Evacuation Pause)
[2025-12-24T10:57:47.365+0000][gc,task     ] GC(57) Using 8 workers of 8 for evacuation
[2025-12-24T10:57:47.386+0000][gc,phases   ] GC(57)   Pre Evacuate Collection Set: 0.9ms
[2025-12-24T10:57:47.386+0000][gc,phases   ] GC(57)   Merge Heap Roots: 0.3ms
[2025-12-24T10:57:47.386+0000][gc,phases   ] GC(57)   Evacuate Collection Set: 18.6ms
[2025-12-24T10:57:47.386+0000][gc,phases   ] GC(57)   Post Evacuate Collection Set: 0.9ms
[2025-12-24T10:57:47.386+0000][gc,phases   ] GC(57)   Other: 0.2ms
[2025-12-24T10:57:47.386+0000][gc,heap     ] GC(57) Eden regions: 604->0(604)
[2025-12-24T10:57:47.387+0000][gc,heap     ] GC(57) Survivor regions: 10->10(77)
[2025-12-24T10:57:47.387+0000][gc,heap     ] GC(57) Old regions: 31->32
[2025-12-24T10:57:47.387+0000][gc,heap     ] GC(57) Humongous regions: 131->131
[2025-12-24T10:57:47.387+0000][gc,metaspace] GC(57) Metaspace: 14444K(14848K)->14444K(14848K) NonClass: 12811K(12992K)->12811K(12992K) Class: 1633K(1856K)->1633K(1856K)
[2025-12-24T10:57:47.387+0000][gc          ] GC(57) Pause Young (Normal) (G1 Evacuation Pause) 775M->171M(1024M) 21.964ms
[2025-12-24T10:57:47.387+0000][gc,cpu      ] GC(57) User=0.16s Sys=0.00s Real=0.02s
[2025-12-24T10:58:17.607+0000][gc,start    ] GC(58) Pause Young (Normal) (G1 Evacuation Pause)
[2025-12-24T10:58:17.608+0000][gc,task     ] GC(58) Using 8 workers of 8 for evacuation
[2025-12-24T10:58:17.621+0000][gc,phases   ] GC(58)   Pre Evacuate Collection Set: 5.4ms
[2025-12-24T10:58:17.621+0000][gc,phases   ] GC(58)   Merge Heap Roots: 0.2ms
[2025-12-24T10:58:17.621+0000][gc,phases   ] GC(58)   Evacuate Collection Set: 6.2ms
[2025-12-24T10:58:17.621+0000][gc,phases   ] GC(58)   Post Evacuate Collection Set: 0.8ms
[2025-12-24T10:58:17.621+0000][gc,phases   ] GC(58)   Other: 0.2ms
[2025-12-24T10:58:17.621+0000][gc,heap     ] GC(58) Eden regions: 604->0(606)
[2025-12-24T10:58:17.621+0000][gc,heap     ] GC(58) Survivor regions: 10->8(77)
[2025-12-24T10:58:17.621+0000][gc,heap     ] GC(58) Old regions: 32->32
[2025-12-24T10:58:17.621+0000][gc,heap     ] GC(58) Humongous regions: 131->131
[2025-12-24T10:58:17.621+0000][gc,metaspace] GC(58) Metaspace: 14448K(14848K)->14448K(14848K) NonClass: 12815K(12992K)->12815K(12992K) Class: 1633K(1856K)->1633K(1856K)
[2025-12-24T10:58:17.622+0000][gc          ] GC(58) Pause Young (Normal) (G1 Evacuation Pause) 775M->169M(1024M) 14.050ms
[2025-12-24T10:58:17.622+0000][gc,cpu      ] GC(58) User=0.08s Sys=0.01s Real=0.01s
[2025-12-24T10:58:57.265+0000][gc,start    ] GC(59) Pause Young (Normal) (G1 Evacuation Pause)
[2025-12-24T10:58:57.267+0000][gc,task     ] GC(59) Using 8 workers of 8 for evacuation
[2025-12-24T10:58:57.280+0000][gc,phases   ] GC(59)   Pre Evacuate Collection Set: 1.2ms
[2025-12-24T10:58:57.280+0000][gc,phases   ] GC(59)   Merge Heap Roots: 0.4ms
[2025-12-24T10:58:57.280+0000][gc,phases   ] GC(59)   Evacuate Collection Set: 9.5ms
[2025-12-24T10:58:57.280+0000][gc,phases   ] GC(59)   Post Evacuate Collection Set: 1.7ms
[2025-12-24T10:58:57.280+0000][gc,phases   ] GC(59)   Other: 0.3ms
[2025-12-24T10:58:57.280+0000][gc,heap     ] GC(59) Eden regions: 606->0(607)
[2025-12-24T10:58:57.280+0000][gc,heap     ] GC(59) Survivor regions: 8->7(77)
[2025-12-24T10:58:57.281+0000][gc,heap     ] GC(59) Old regions: 32->32
[2025-12-24T10:58:57.281+0000][gc,heap     ] GC(59) Humongous regions: 131->131
[2025-12-24T10:58:57.281+0000][gc,metaspace] GC(59) Metaspace: 14491K(14912K)->14491K(14912K) NonClass: 12857K(13056K)->12857K(13056K) Class: 1633K(1856K)->1633K(1856K)
[2025-12-24T10:58:57.281+0000][gc          ] GC(59) Pause Young (Normal) (G1 Evacuation Pause) 775M->169M(1024M) 15.731ms
[2025-12-24T10:58:57.281+0000][gc,cpu      ] GC(59) User=0.07s Sys=0.00s Real=0.02s
[2025-12-24T10:59:27.630+0000][gc,start    ] GC(60) Pause Young (Normal) (G1 Evacuation Pause)
[2025-12-24T10:59:27.631+0000][gc,task     ] GC(60) Using 8 workers of 8 for evacuation
[2025-12-24T10:59:27.650+0000][gc,phases   ] GC(60)   Pre Evacuate Collection Set: 0.9ms
[2025-12-24T10:59:27.650+0000][gc,phases   ] GC(60)   Merge Heap Roots: 0.3ms
[2025-12-24T10:59:27.650+0000][gc,phases   ] GC(60)   Evacuate Collection Set: 15.7ms
[2025-12-24T10:59:27.650+0000][gc,phases   ] GC(60)   Post Evacuate Collection Set: 1.2ms
[2025-12-24T10:59:27.650+0000][gc,phases   ] GC(60)   Other: 0.3ms
[2025-12-24T10:59:27.650+0000][gc,heap     ] GC(60) Eden regions: 607->0(605)
[2025-12-24T10:59:27.650+0000][gc,heap     ] GC(60) Survivor regions: 7->9(77)
[2025-12-24T10:59:27.650+0000][gc,heap     ] GC(60) Old regions: 32->33
[2025-12-24T10:59:27.650+0000][gc,heap     ] GC(60) Humongous regions: 131->131
[2025-12-24T10:59:27.650+0000][gc,metaspace] GC(60) Metaspace: 14505K(14912K)->14505K(14912K) NonClass: 12872K(13056K)->12872K(13056K) Class: 1633K(1856K)->1633K(1856K)
[2025-12-24T10:59:27.650+0000][gc          ] GC(60) Pause Young (Normal) (G1 Evacuation Pause) 776M->171M(1024M) 20.242ms
[2025-12-24T10:59:27.650+0000][gc,cpu      ] GC(60) User=0.11s Sys=0.02s Real=0.02s
[2025-12-24T11:04:33.715+0000][gc,start    ] GC(61) Pause Young (Normal) (G1 Evacuation Pause)
[2025-12-24T11:04:33.716+0000][gc,task     ] GC(61) Using 8 workers of 8 for evacuation
[2025-12-24T11:04:33.731+0000][gc,phases   ] GC(61)   Pre Evacuate Collection Set: 1.0ms
[2025-12-24T11:04:33.731+0000][gc,phases   ] GC(61)   Merge Heap Roots: 0.3ms
[2025-12-24T11:04:33.732+0000][gc,phases   ] GC(61)   Evacuate Collection Set: 12.5ms
[2025-12-24T11:04:33.732+0000][gc,phases   ] GC(61)   Post Evacuate Collection Set: 1.3ms
[2025-12-24T11:04:33.732+0000][gc,phases   ] GC(61)   Other: 0.3ms
[2025-12-24T11:04:33.732+0000][gc,heap     ] GC(61) Eden regions: 605->0(603)
[2025-12-24T11:04:33.732+0000][gc,heap     ] GC(61) Survivor regions: 9->11(77)
[2025-12-24T11:04:33.732+0000][gc,heap     ] GC(61) Old regions: 33->33
[2025-12-24T11:04:33.732+0000][gc,heap     ] GC(61) Humongous regions: 131->131
[2025-12-24T11:04:33.732+0000][gc,metaspace] GC(61) Metaspace: 14512K(14976K)->14512K(14976K) NonClass: 12877K(13120K)->12877K(13120K) Class: 1634K(1856K)->1634K(1856K)
[2025-12-24T11:04:33.732+0000][gc          ] GC(61) Pause Young (Normal) (G1 Evacuation Pause) 776M->174M(1024M) 16.542ms
[2025-12-24T11:04:33.732+0000][gc,cpu      ] GC(61) User=0.10s Sys=0.00s Real=0.01s
[2025-12-24T11:05:13.426+0000][gc,start    ] GC(62) Pause Young (Normal) (G1 Evacuation Pause)
[2025-12-24T11:05:13.427+0000][gc,task     ] GC(62) Using 8 workers of 8 for evacuation
[2025-12-24T11:05:13.436+0000][gc,phases   ] GC(62)   Pre Evacuate Collection Set: 0.9ms
[2025-12-24T11:05:13.436+0000][gc,phases   ] GC(62)   Merge Heap Roots: 0.3ms
[2025-12-24T11:05:13.437+0000][gc,phases   ] GC(62)   Evacuate Collection Set: 6.9ms
[2025-12-24T11:05:13.437+0000][gc,phases   ] GC(62)   Post Evacuate Collection Set: 1.0ms
[2025-12-24T11:05:13.437+0000][gc,phases   ] GC(62)   Other: 0.3ms
[2025-12-24T11:05:13.437+0000][gc,heap     ] GC(62) Eden regions: 603->0(607)
[2025-12-24T11:05:13.437+0000][gc,heap     ] GC(62) Survivor regions: 11->7(77)
[2025-12-24T11:05:13.437+0000][gc,heap     ] GC(62) Old regions: 33->33
[2025-12-24T11:05:13.437+0000][gc,heap     ] GC(62) Humongous regions: 131->131
[2025-12-24T11:05:13.437+0000][gc,metaspace] GC(62) Metaspace: 14513K(14976K)->14513K(14976K) NonClass: 12879K(13120K)->12879K(13120K) Class: 1634K(1856K)->1634K(1856K)
[2025-12-24T11:05:13.437+0000][gc          ] GC(62) Pause Young (Normal) (G1 Evacuation Pause) 777M->170M(1024M) 10.663ms
[2025-12-24T11:05:13.437+0000][gc,cpu      ] GC(62) User=0.05s Sys=0.00s Real=0.01s
[2025-12-24T11:05:43.668+0000][gc,start    ] GC(63) Pause Young (Normal) (G1 Evacuation Pause)
[2025-12-24T11:05:43.668+0000][gc,task     ] GC(63) Using 8 workers of 8 for evacuation
[2025-12-24T11:05:43.681+0000][gc,phases   ] GC(63)   Pre Evacuate Collection Set: 2.2ms
[2025-12-24T11:05:43.681+0000][gc,phases   ] GC(63)   Merge Heap Roots: 0.4ms
[2025-12-24T11:05:43.681+0000][gc,phases   ] GC(63)   Evacuate Collection Set: 8.7ms
[2025-12-24T11:05:43.681+0000][gc,phases   ] GC(63)   Post Evacuate Collection Set: 1.0ms
[2025-12-24T11:05:43.681+0000][gc,phases   ] GC(63)   Other: 0.4ms
[2025-12-24T11:05:43.681+0000][gc,heap     ] GC(63) Eden regions: 607->0(606)
[2025-12-24T11:05:43.681+0000][gc,heap     ] GC(63) Survivor regions: 7->8(77)
[2025-12-24T11:05:43.681+0000][gc,heap     ] GC(63) Old regions: 33->34
[2025-12-24T11:05:43.682+0000][gc,heap     ] GC(63) Humongous regions: 131->131
[2025-12-24T11:05:43.682+0000][gc,metaspace] GC(63) Metaspace: 14544K(14976K)->14544K(14976K) NonClass: 12909K(13120K)->12909K(13120K) Class: 1634K(1856K)->1634K(1856K)
[2025-12-24T11:05:43.682+0000][gc          ] GC(63) Pause Young (Normal) (G1 Evacuation Pause) 777M->172M(1024M) 14.093ms
[2025-12-24T11:05:43.682+0000][gc,cpu      ] GC(63) User=0.07s Sys=0.00s Real=0.01s
[2025-12-24T11:06:23.342+0000][gc,start    ] GC(64) Pause Young (Normal) (G1 Evacuation Pause)
[2025-12-24T11:06:23.343+0000][gc,task     ] GC(64) Using 8 workers of 8 for evacuation
[2025-12-24T11:06:23.356+0000][gc,phases   ] GC(64)   Pre Evacuate Collection Set: 1.0ms
[2025-12-24T11:06:23.357+0000][gc,phases   ] GC(64)   Merge Heap Roots: 0.3ms
[2025-12-24T11:06:23.357+0000][gc,phases   ] GC(64)   Evacuate Collection Set: 10.4ms
[2025-12-24T11:06:23.357+0000][gc,phases   ] GC(64)   Post Evacuate Collection Set: 1.1ms
[2025-12-24T11:06:23.357+0000][gc,phases   ] GC(64)   Other: 0.3ms
[2025-12-24T11:06:23.357+0000][gc,heap     ] GC(64) Eden regions: 606->0(606)
[2025-12-24T11:06:23.357+0000][gc,heap     ] GC(64) Survivor regions: 8->8(77)
[2025-12-24T11:06:23.357+0000][gc,heap     ] GC(64) Old regions: 34->34
[2025-12-24T11:06:23.357+0000][gc,heap     ] GC(64) Humongous regions: 131->131
[2025-12-24T11:06:23.357+0000][gc,metaspace] GC(64) Metaspace: 14546K(14976K)->14546K(14976K) NonClass: 12911K(13120K)->12911K(13120K) Class: 1635K(1856K)->1635K(1856K)
[2025-12-24T11:06:23.357+0000][gc          ] GC(64) Pause Young (Normal) (G1 Evacuation Pause) 778M->171M(1024M) 15.008ms
[2025-12-24T11:06:23.357+0000][gc,cpu      ] GC(64) User=0.08s Sys=0.00s Real=0.01s
[2025-12-24T11:06:53.599+0000][gc,start    ] GC(65) Pause Young (Normal) (G1 Evacuation Pause)
[2025-12-24T11:06:53.600+0000][gc,task     ] GC(65) Using 8 workers of 8 for evacuation
[2025-12-24T11:06:53.616+0000][gc,phases   ] GC(65)   Pre Evacuate Collection Set: 0.7ms
[2025-12-24T11:06:53.616+0000][gc,phases   ] GC(65)   Merge Heap Roots: 0.7ms
[2025-12-24T11:06:53.616+0000][gc,phases   ] GC(65)   Evacuate Collection Set: 13.4ms
[2025-12-24T11:06:53.616+0000][gc,phases   ] GC(65)   Post Evacuate Collection Set: 0.9ms
[2025-12-24T11:06:53.616+0000][gc,phases   ] GC(65)   Other: 0.2ms
[2025-12-24T11:06:53.616+0000][gc,heap     ] GC(65) Eden regions: 606->0(604)
[2025-12-24T11:06:53.616+0000][gc,heap     ] GC(65) Survivor regions: 8->10(77)
[2025-12-24T11:06:53.616+0000][gc,heap     ] GC(65) Old regions: 34->34
[2025-12-24T11:06:53.616+0000][gc,heap     ] GC(65) Humongous regions: 131->131
[2025-12-24T11:06:53.616+0000][gc,metaspace] GC(65) Metaspace: 14546K(14976K)->14546K(14976K) NonClass: 12911K(13120K)->12911K(13120K) Class: 1635K(1856K)->1635K(1856K)
[2025-12-24T11:06:53.616+0000][gc          ] GC(65) Pause Young (Normal) (G1 Evacuation Pause) 777M->173M(1024M) 17.188ms
[2025-12-24T11:06:53.616+0000][gc,cpu      ] GC(65) User=0.11s Sys=0.00s Real=0.01s
[2025-12-24T11:07:33.263+0000][gc,start    ] GC(66) Pause Young (Normal) (G1 Evacuation Pause)
[2025-12-24T11:07:33.264+0000][gc,task     ] GC(66) Using 8 workers of 8 for evacuation
[2025-12-24T11:07:33.275+0000][gc,phases   ] GC(66)   Pre Evacuate Collection Set: 1.3ms
[2025-12-24T11:07:33.275+0000][gc,phases   ] GC(66)   Merge Heap Roots: 0.3ms
[2025-12-24T11:07:33.275+0000][gc,phases   ] GC(66)   Evacuate Collection Set: 8.4ms
[2025-12-24T11:07:33.275+0000][gc,phases   ] GC(66)   Post Evacuate Collection Set: 1.1ms
[2025-12-24T11:07:33.275+0000][gc,phases   ] GC(66)   Other: 0.3ms
[2025-12-24T11:07:33.275+0000][gc,heap     ] GC(66) Eden regions: 604->0(605)
[2025-12-24T11:07:33.275+0000][gc,heap     ] GC(66) Survivor regions: 10->9(77)
[2025-12-24T11:07:33.276+0000][gc,heap     ] GC(66) Old regions: 34->35
[2025-12-24T11:07:33.276+0000][gc,heap     ] GC(66) Humongous regions: 131->131
[2025-12-24T11:07:33.276+0000][gc,metaspace] GC(66) Metaspace: 14547K(14976K)->14547K(14976K) NonClass: 12912K(13120K)->12912K(13120K) Class: 1635K(1856K)->1635K(1856K)
[2025-12-24T11:07:33.276+0000][gc          ] GC(66) Pause Young (Normal) (G1 Evacuation Pause) 777M->173M(1024M) 12.751ms
[2025-12-24T11:07:33.276+0000][gc,cpu      ] GC(66) User=0.06s Sys=0.00s Real=0.01s
[2025-12-24T11:08:03.477+0000][gc,start    ] GC(67) Pause Young (Normal) (G1 Evacuation Pause)
[2025-12-24T11:08:03.478+0000][gc,task     ] GC(67) Using 8 workers of 8 for evacuation
[2025-12-24T11:08:03.486+0000][gc,phases   ] GC(67)   Pre Evacuate Collection Set: 0.9ms
[2025-12-24T11:08:03.486+0000][gc,phases   ] GC(67)   Merge Heap Roots: 0.2ms
[2025-12-24T11:08:03.486+0000][gc,phases   ] GC(67)   Evacuate Collection Set: 5.7ms
[2025-12-24T11:08:03.486+0000][gc,phases   ] GC(67)   Post Evacuate Collection Set: 0.9ms
[2025-12-24T11:08:03.486+0000][gc,phases   ] GC(67)   Other: 0.2ms
[2025-12-24T11:08:03.486+0000][gc,heap     ] GC(67) Eden regions: 605->0(607)
[2025-12-24T11:08:03.486+0000][gc,heap     ] GC(67) Survivor regions: 9->7(77)
[2025-12-24T11:08:03.486+0000][gc,heap     ] GC(67) Old regions: 35->35
[2025-12-24T11:08:03.486+0000][gc,heap     ] GC(67) Humongous regions: 131->131
[2025-12-24T11:08:03.486+0000][gc,metaspace] GC(67) Metaspace: 14557K(14976K)->14557K(14976K) NonClass: 12922K(13120K)->12922K(13120K) Class: 1635K(1856K)->1635K(1856K)
[2025-12-24T11:08:03.486+0000][gc          ] GC(67) Pause Young (Normal) (G1 Evacuation Pause) 778M->172M(1024M) 9.611ms
[2025-12-24T11:08:03.486+0000][gc,cpu      ] GC(67) User=0.05s Sys=0.01s Real=0.01s
[2025-12-24T11:08:33.766+0000][gc,start    ] GC(68) Pause Young (Normal) (G1 Evacuation Pause)
[2025-12-24T11:08:33.766+0000][gc,task     ] GC(68) Using 8 workers of 8 for evacuation
[2025-12-24T11:08:33.777+0000][gc,phases   ] GC(68)   Pre Evacuate Collection Set: 2.2ms
[2025-12-24T11:08:33.777+0000][gc,phases   ] GC(68)   Merge Heap Roots: 0.3ms
[2025-12-24T11:08:33.777+0000][gc,phases   ] GC(68)   Evacuate Collection Set: 7.0ms
[2025-12-24T11:08:33.777+0000][gc,phases   ] GC(68)   Post Evacuate Collection Set: 0.9ms
[2025-12-24T11:08:33.777+0000][gc,phases   ] GC(68)   Other: 0.5ms
[2025-12-24T11:08:33.777+0000][gc,heap     ] GC(68) Eden regions: 607->0(605)
[2025-12-24T11:08:33.778+0000][gc,heap     ] GC(68) Survivor regions: 7->9(77)
[2025-12-24T11:08:33.778+0000][gc,heap     ] GC(68) Old regions: 35->35
[2025-12-24T11:08:33.778+0000][gc,heap     ] GC(68) Humongous regions: 131->131
[2025-12-24T11:08:33.778+0000][gc,metaspace] GC(68) Metaspace: 14560K(14976K)->14560K(14976K) NonClass: 12925K(13120K)->12925K(13120K) Class: 1635K(1856K)->1635K(1856K)
[2025-12-24T11:08:33.778+0000][gc          ] GC(68) Pause Young (Normal) (G1 Evacuation Pause) 779M->174M(1024M) 12.042ms
[2025-12-24T11:08:33.778+0000][gc,cpu      ] GC(68) User=0.06s Sys=0.00s Real=0.01s
[2025-12-24T11:09:13.558+0000][gc,start    ] GC(69) Pause Young (Normal) (G1 Evacuation Pause)
[2025-12-24T11:09:13.559+0000][gc,task     ] GC(69) Using 8 workers of 8 for evacuation
[2025-12-24T11:09:13.572+0000][gc,phases   ] GC(69)   Pre Evacuate Collection Set: 3.1ms
[2025-12-24T11:09:13.572+0000][gc,phases   ] GC(69)   Merge Heap Roots: 0.3ms
[2025-12-24T11:09:13.572+0000][gc,phases   ] GC(69)   Evacuate Collection Set: 7.4ms
[2025-12-24T11:09:13.573+0000][gc,phases   ] GC(69)   Post Evacuate Collection Set: 1.3ms
[2025-12-24T11:09:13.573+0000][gc,phases   ] GC(69)   Other: 1.2ms
[2025-12-24T11:09:13.573+0000][gc,heap     ] GC(69) Eden regions: 605->0(605)
[2025-12-24T11:09:13.573+0000][gc,heap     ] GC(69) Survivor regions: 9->9(77)
[2025-12-24T11:09:13.573+0000][gc,heap     ] GC(69) Old regions: 35->36
[2025-12-24T11:09:13.573+0000][gc,heap     ] GC(69) Humongous regions: 131->131
[2025-12-24T11:09:13.573+0000][gc,metaspace] GC(69) Metaspace: 14561K(14976K)->14561K(14976K) NonClass: 12926K(13120K)->12926K(13120K) Class: 1635K(1856K)->1635K(1856K)
[2025-12-24T11:09:13.573+0000][gc          ] GC(69) Pause Young (Normal) (G1 Evacuation Pause) 779M->174M(1024M) 15.164ms
[2025-12-24T11:09:13.573+0000][gc,cpu      ] GC(69) User=0.08s Sys=0.00s Real=0.02s
[2025-12-24T11:09:43.711+0000][gc,start    ] GC(70) Pause Young (Normal) (G1 Evacuation Pause)
[2025-12-24T11:09:43.712+0000][gc,task     ] GC(70) Using 8 workers of 8 for evacuation
[2025-12-24T11:09:43.732+0000][gc,phases   ] GC(70)   Pre Evacuate Collection Set: 0.9ms
[2025-12-24T11:09:43.732+0000][gc,phases   ] GC(70)   Merge Heap Roots: 0.3ms
[2025-12-24T11:09:43.732+0000][gc,phases   ] GC(70)   Evacuate Collection Set: 17.3ms
[2025-12-24T11:09:43.732+0000][gc,phases   ] GC(70)   Post Evacuate Collection Set: 1.0ms
[2025-12-24T11:09:43.732+0000][gc,phases   ] GC(70)   Other: 0.3ms
[2025-12-24T11:09:43.732+0000][gc,heap     ] GC(70) Eden regions: 605->0(604)
[2025-12-24T11:09:43.732+0000][gc,heap     ] GC(70) Survivor regions: 9->10(77)
[2025-12-24T11:09:43.732+0000][gc,heap     ] GC(70) Old regions: 36->36
[2025-12-24T11:09:43.733+0000][gc,heap     ] GC(70) Humongous regions: 131->131
[2025-12-24T11:09:43.733+0000][gc,metaspace] GC(70) Metaspace: 14567K(14976K)->14567K(14976K) NonClass: 12932K(13120K)->12932K(13120K) Class: 1635K(1856K)->1635K(1856K)
[2025-12-24T11:09:43.733+0000][gc          ] GC(70) Pause Young (Normal) (G1 Evacuation Pause) 779M->176M(1024M) 21.665ms
[2025-12-24T11:09:43.733+0000][gc,cpu      ] GC(70) User=0.15s Sys=0.00s Real=0.02s
[2025-12-24T11:10:23.382+0000][gc,start    ] GC(71) Pause Young (Normal) (G1 Evacuation Pause)
[2025-12-24T11:10:23.383+0000][gc,task     ] GC(71) Using 8 workers of 8 for evacuation
[2025-12-24T11:10:23.399+0000][gc,phases   ] GC(71)   Pre Evacuate Collection Set: 1.1ms
[2025-12-24T11:10:23.399+0000][gc,phases   ] GC(71)   Merge Heap Roots: 0.3ms
[2025-12-24T11:10:23.399+0000][gc,phases   ] GC(71)   Evacuate Collection Set: 13.6ms
[2025-12-24T11:10:23.399+0000][gc,phases   ] GC(71)   Post Evacuate Collection Set: 1.0ms
[2025-12-24T11:10:23.400+0000][gc,phases   ] GC(71)   Other: 0.3ms
[2025-12-24T11:10:23.400+0000][gc,heap     ] GC(71) Eden regions: 604->0(604)
[2025-12-24T11:10:23.400+0000][gc,heap     ] GC(71) Survivor regions: 10->10(77)
[2025-12-24T11:10:23.400+0000][gc,heap     ] GC(71) Old regions: 36->36
[2025-12-24T11:10:23.400+0000][gc,heap     ] GC(71) Humongous regions: 131->131
[2025-12-24T11:10:23.400+0000][gc,metaspace] GC(71) Metaspace: 14571K(14976K)->14571K(14976K) NonClass: 12936K(13120K)->12936K(13120K) Class: 1635K(1856K)->1635K(1856K)
[2025-12-24T11:10:23.400+0000][gc          ] GC(71) Pause Young (Normal) (G1 Evacuation Pause) 780M->176M(1024M) 18.104ms
[2025-12-24T11:10:23.400+0000][gc,cpu      ] GC(71) User=0.10s Sys=0.00s Real=0.02s
[2025-12-24T11:10:53.675+0000][gc,start    ] GC(72) Pause Young (Normal) (G1 Evacuation Pause)
[2025-12-24T11:10:53.675+0000][gc,task     ] GC(72) Using 8 workers of 8 for evacuation
[2025-12-24T11:10:53.693+0000][gc,phases   ] GC(72)   Pre Evacuate Collection Set: 1.1ms
[2025-12-24T11:10:53.693+0000][gc,phases   ] GC(72)   Merge Heap Roots: 0.2ms
[2025-12-24T11:10:53.693+0000][gc,phases   ] GC(72)   Evacuate Collection Set: 13.8ms
[2025-12-24T11:10:53.693+0000][gc,phases   ] GC(72)   Post Evacuate Collection Set: 2.0ms
[2025-12-24T11:10:53.693+0000][gc,phases   ] GC(72)   Other: 0.4ms
[2025-12-24T11:10:53.694+0000][gc,heap     ] GC(72) Eden regions: 604->0(606)
[2025-12-24T11:10:53.694+0000][gc,heap     ] GC(72) Survivor regions: 10->8(77)
[2025-12-24T11:10:53.694+0000][gc,heap     ] GC(72) Old regions: 36->37
[2025-12-24T11:10:53.694+0000][gc,heap     ] GC(72) Humongous regions: 131->131
[2025-12-24T11:10:53.694+0000][gc,metaspace] GC(72) Metaspace: 14571K(14976K)->14571K(14976K) NonClass: 12936K(13120K)->12936K(13120K) Class: 1635K(1856K)->1635K(1856K)
[2025-12-24T11:10:53.694+0000][gc          ] GC(72) Pause Young (Normal) (G1 Evacuation Pause) 780M->174M(1024M) 19.275ms
[2025-12-24T11:10:53.694+0000][gc,cpu      ] GC(72) User=0.11s Sys=0.01s Real=0.02s
[2025-12-24T11:11:33.317+0000][gc,start    ] GC(73) Pause Young (Normal) (G1 Evacuation Pause)
[2025-12-24T11:11:33.319+0000][gc,task     ] GC(73) Using 8 workers of 8 for evacuation
[2025-12-24T11:11:33.336+0000][gc,phases   ] GC(73)   Pre Evacuate Collection Set: 1.9ms
[2025-12-24T11:11:33.336+0000][gc,phases   ] GC(73)   Merge Heap Roots: 0.6ms
[2025-12-24T11:11:33.336+0000][gc,phases   ] GC(73)   Evacuate Collection Set: 13.2ms
[2025-12-24T11:11:33.336+0000][gc,phases   ] GC(73)   Post Evacuate Collection Set: 1.1ms
[2025-12-24T11:11:33.336+0000][gc,phases   ] GC(73)   Other: 1.2ms
[2025-12-24T11:11:33.336+0000][gc,heap     ] GC(73) Eden regions: 606->0(607)
[2025-12-24T11:11:33.336+0000][gc,heap     ] GC(73) Survivor regions: 8->7(77)
[2025-12-24T11:11:33.336+0000][gc,heap     ] GC(73) Old regions: 37->37
[2025-12-24T11:11:33.336+0000][gc,heap     ] GC(73) Humongous regions: 131->131
[2025-12-24T11:11:33.336+0000][gc,metaspace] GC(73) Metaspace: 14576K(14976K)->14576K(14976K) NonClass: 12940K(13120K)->12940K(13120K) Class: 1635K(1856K)->1635K(1856K)
[2025-12-24T11:11:33.336+0000][gc          ] GC(73) Pause Young (Normal) (G1 Evacuation Pause) 780M->174M(1024M) 19.353ms
[2025-12-24T11:11:33.336+0000][gc,cpu      ] GC(73) User=0.11s Sys=0.00s Real=0.02s
[2025-12-24T11:12:03.574+0000][gc,start    ] GC(74) Pause Young (Normal) (G1 Evacuation Pause)
[2025-12-24T11:12:03.576+0000][gc,task     ] GC(74) Using 8 workers of 8 for evacuation
[2025-12-24T11:12:03.591+0000][gc,phases   ] GC(74)   Pre Evacuate Collection Set: 1.5ms
[2025-12-24T11:12:03.591+0000][gc,phases   ] GC(74)   Merge Heap Roots: 1.1ms
[2025-12-24T11:12:03.591+0000][gc,phases   ] GC(74)   Evacuate Collection Set: 11.5ms
[2025-12-24T11:12:03.591+0000][gc,phases   ] GC(74)   Post Evacuate Collection Set: 1.0ms
[2025-12-24T11:12:03.591+0000][gc,phases   ] GC(74)   Other: 0.3ms
[2025-12-24T11:12:03.591+0000][gc,heap     ] GC(74) Eden regions: 607->0(605)
[2025-12-24T11:12:03.591+0000][gc,heap     ] GC(74) Survivor regions: 7->9(77)
[2025-12-24T11:12:03.591+0000][gc,heap     ] GC(74) Old regions: 37->37
[2025-12-24T11:12:03.591+0000][gc,heap     ] GC(74) Humongous regions: 131->131
[2025-12-24T11:12:03.591+0000][gc,metaspace] GC(74) Metaspace: 14576K(15040K)->14576K(15040K) NonClass: 12941K(13184K)->12941K(13184K) Class: 1635K(1856K)->1635K(1856K)
[2025-12-24T11:12:03.592+0000][gc          ] GC(74) Pause Young (Normal) (G1 Evacuation Pause) 781M->176M(1024M) 17.094ms
[2025-12-24T11:12:03.592+0000][gc,cpu      ] GC(74) User=0.10s Sys=0.00s Real=0.02s
[2025-12-24T11:12:43.230+0000][gc,start    ] GC(75) Pause Young (Normal) (G1 Evacuation Pause)
[2025-12-24T11:12:43.232+0000][gc,task     ] GC(75) Using 8 workers of 8 for evacuation
[2025-12-24T11:12:43.248+0000][gc,phases   ] GC(75)   Pre Evacuate Collection Set: 1.7ms
[2025-12-24T11:12:43.248+0000][gc,phases   ] GC(75)   Merge Heap Roots: 0.5ms
[2025-12-24T11:12:43.248+0000][gc,phases   ] GC(75)   Evacuate Collection Set: 11.4ms
[2025-12-24T11:12:43.248+0000][gc,phases   ] GC(75)   Post Evacuate Collection Set: 1.5ms
[2025-12-24T11:12:43.248+0000][gc,phases   ] GC(75)   Other: 0.5ms
[2025-12-24T11:12:43.248+0000][gc,heap     ] GC(75) Eden regions: 605->0(606)
[2025-12-24T11:12:43.248+0000][gc,heap     ] GC(75) Survivor regions: 9->8(77)
[2025-12-24T11:12:43.248+0000][gc,heap     ] GC(75) Old regions: 37->38
[2025-12-24T11:12:43.248+0000][gc,heap     ] GC(75) Humongous regions: 131->131
[2025-12-24T11:12:43.249+0000][gc,metaspace] GC(75) Metaspace: 14589K(15040K)->14589K(15040K) NonClass: 12954K(13184K)->12954K(13184K) Class: 1635K(1856K)->1635K(1856K)
[2025-12-24T11:12:43.249+0000][gc          ] GC(75) Pause Young (Normal) (G1 Evacuation Pause) 781M->176M(1024M) 18.455ms
[2025-12-24T11:12:43.249+0000][gc,cpu      ] GC(75) User=0.11s Sys=0.00s Real=0.01s
[2025-12-24T11:13:13.526+0000][gc,start    ] GC(76) Pause Young (Normal) (G1 Evacuation Pause)
[2025-12-24T11:13:13.527+0000][gc,task     ] GC(76) Using 8 workers of 8 for evacuation
[2025-12-24T11:13:13.548+0000][gc,phases   ] GC(76)   Pre Evacuate Collection Set: 1.0ms
[2025-12-24T11:13:13.548+0000][gc,phases   ] GC(76)   Merge Heap Roots: 0.2ms
[2025-12-24T11:13:13.549+0000][gc,phases   ] GC(76)   Evacuate Collection Set: 18.6ms
[2025-12-24T11:13:13.549+0000][gc,phases   ] GC(76)   Post Evacuate Collection Set: 1.1ms
[2025-12-24T11:13:13.549+0000][gc,phases   ] GC(76)   Other: 0.2ms
[2025-12-24T11:13:13.549+0000][gc,heap     ] GC(76) Eden regions: 606->0(604)
[2025-12-24T11:13:13.549+0000][gc,heap     ] GC(76) Survivor regions: 8->10(77)
[2025-12-24T11:13:13.549+0000][gc,heap     ] GC(76) Old regions: 38->38
[2025-12-24T11:13:13.549+0000][gc,heap     ] GC(76) Humongous regions: 131->131
[2025-12-24T11:13:13.549+0000][gc,metaspace] GC(76) Metaspace: 14593K(15040K)->14593K(15040K) NonClass: 12958K(13184K)->12958K(13184K) Class: 1635K(1856K)->1635K(1856K)
[2025-12-24T11:13:13.549+0000][gc          ] GC(76) Pause Young (Normal) (G1 Evacuation Pause) 782M->178M(1024M) 22.911ms
[2025-12-24T11:13:13.549+0000][gc,cpu      ] GC(76) User=0.14s Sys=0.00s Real=0.02s
[2025-12-24T11:13:43.949+0000][gc,start    ] GC(77) Pause Young (Normal) (G1 Evacuation Pause)
[2025-12-24T11:13:43.951+0000][gc,task     ] GC(77) Using 8 workers of 8 for evacuation
[2025-12-24T11:13:43.962+0000][gc,phases   ] GC(77)   Pre Evacuate Collection Set: 1.0ms
[2025-12-24T11:13:43.962+0000][gc,phases   ] GC(77)   Merge Heap Roots: 0.3ms
[2025-12-24T11:13:43.962+0000][gc,phases   ] GC(77)   Evacuate Collection Set: 7.1ms
[2025-12-24T11:13:43.962+0000][gc,phases   ] GC(77)   Post Evacuate Collection Set: 1.5ms
[2025-12-24T11:13:43.962+0000][gc,phases   ] GC(77)   Other: 1.0ms
[2025-12-24T11:13:43.963+0000][gc,heap     ] GC(77) Eden regions: 604->0(606)
[2025-12-24T11:13:43.963+0000][gc,heap     ] GC(77) Survivor regions: 10->8(77)
[2025-12-24T11:13:43.963+0000][gc,heap     ] GC(77) Old regions: 38->38
[2025-12-24T11:13:43.963+0000][gc,heap     ] GC(77) Humongous regions: 131->131
[2025-12-24T11:13:43.963+0000][gc,metaspace] GC(77) Metaspace: 14612K(15040K)->14612K(15040K) NonClass: 12976K(13184K)->12976K(13184K) Class: 1635K(1856K)->1635K(1856K)
[2025-12-24T11:13:43.963+0000][gc          ] GC(77) Pause Young (Normal) (G1 Evacuation Pause) 782M->176M(1024M) 13.865ms
[2025-12-24T11:13:43.963+0000][gc,cpu      ] GC(77) User=0.06s Sys=0.00s Real=0.02s
[2025-12-24T11:14:23.430+0000][gc,start    ] GC(78) Pause Young (Normal) (G1 Evacuation Pause)
[2025-12-24T11:14:23.432+0000][gc,task     ] GC(78) Using 8 workers of 8 for evacuation
[2025-12-24T11:14:23.450+0000][gc,phases   ] GC(78)   Pre Evacuate Collection Set: 0.9ms
[2025-12-24T11:14:23.450+0000][gc,phases   ] GC(78)   Merge Heap Roots: 0.2ms
[2025-12-24T11:14:23.450+0000][gc,phases   ] GC(78)   Evacuate Collection Set: 15.4ms
[2025-12-24T11:14:23.450+0000][gc,phases   ] GC(78)   Post Evacuate Collection Set: 1.3ms
[2025-12-24T11:14:23.450+0000][gc,phases   ] GC(78)   Other: 0.3ms
[2025-12-24T11:14:23.450+0000][gc,heap     ] GC(78) Eden regions: 606->0(606)
[2025-12-24T11:14:23.450+0000][gc,heap     ] GC(78) Survivor regions: 8->8(77)
[2025-12-24T11:14:23.450+0000][gc,heap     ] GC(78) Old regions: 38->39
[2025-12-24T11:14:23.450+0000][gc,heap     ] GC(78) Humongous regions: 131->131
[2025-12-24T11:14:23.450+0000][gc,metaspace] GC(78) Metaspace: 14763K(15168K)->14763K(15168K) NonClass: 13128K(13312K)->13128K(13312K) Class: 1635K(1856K)->1635K(1856K)
[2025-12-24T11:14:23.450+0000][gc          ] GC(78) Pause Young (Normal) (G1 Evacuation Pause) 782M->177M(1024M) 20.232ms
[2025-12-24T11:14:23.451+0000][gc,cpu      ] GC(78) User=0.12s Sys=0.00s Real=0.02s
[2025-12-24T11:14:53.692+0000][gc,start    ] GC(79) Pause Young (Normal) (G1 Evacuation Pause)
[2025-12-24T11:14:53.693+0000][gc,task     ] GC(79) Using 8 workers of 8 for evacuation
[2025-12-24T11:14:53.717+0000][gc,phases   ] GC(79)   Pre Evacuate Collection Set: 1.8ms
[2025-12-24T11:14:53.717+0000][gc,phases   ] GC(79)   Merge Heap Roots: 1.6ms
[2025-12-24T11:14:53.717+0000][gc,phases   ] GC(79)   Evacuate Collection Set: 17.1ms
[2025-12-24T11:14:53.717+0000][gc,phases   ] GC(79)   Post Evacuate Collection Set: 2.5ms
[2025-12-24T11:14:53.717+0000][gc,phases   ] GC(79)   Other: 0.3ms
[2025-12-24T11:14:53.717+0000][gc,heap     ] GC(79) Eden regions: 606->0(605)
[2025-12-24T11:14:53.717+0000][gc,heap     ] GC(79) Survivor regions: 8->9(77)
[2025-12-24T11:14:53.717+0000][gc,heap     ] GC(79) Old regions: 39->39
[2025-12-24T11:14:53.717+0000][gc,heap     ] GC(79) Humongous regions: 131->131
[2025-12-24T11:14:53.717+0000][gc,metaspace] GC(79) Metaspace: 14763K(15168K)->14763K(15168K) NonClass: 13128K(13312K)->13128K(13312K) Class: 1635K(1856K)->1635K(1856K)
[2025-12-24T11:14:53.717+0000][gc          ] GC(79) Pause Young (Normal) (G1 Evacuation Pause) 783M->178M(1024M) 25.718ms
[2025-12-24T11:14:53.718+0000][gc,cpu      ] GC(79) User=0.16s Sys=0.00s Real=0.03s
[2025-12-24T11:15:33.340+0000][gc,start    ] GC(80) Pause Young (Normal) (G1 Evacuation Pause)
[2025-12-24T11:15:33.341+0000][gc,task     ] GC(80) Using 8 workers of 8 for evacuation
[2025-12-24T11:15:33.360+0000][gc,phases   ] GC(80)   Pre Evacuate Collection Set: 1.1ms
[2025-12-24T11:15:33.360+0000][gc,phases   ] GC(80)   Merge Heap Roots: 0.3ms
[2025-12-24T11:15:33.360+0000][gc,phases   ] GC(80)   Evacuate Collection Set: 16.3ms
[2025-12-24T11:15:33.360+0000][gc,phases   ] GC(80)   Post Evacuate Collection Set: 1.1ms
[2025-12-24T11:15:33.361+0000][gc,phases   ] GC(80)   Other: 0.2ms
[2025-12-24T11:15:33.361+0000][gc,heap     ] GC(80) Eden regions: 605->0(605)
[2025-12-24T11:15:33.361+0000][gc,heap     ] GC(80) Survivor regions: 9->9(77)
[2025-12-24T11:15:33.361+0000][gc,heap     ] GC(80) Old regions: 39->39
[2025-12-24T11:15:33.361+0000][gc,heap     ] GC(80) Humongous regions: 131->131
[2025-12-24T11:15:33.361+0000][gc,metaspace] GC(80) Metaspace: 14768K(15168K)->14768K(15168K) NonClass: 13133K(13312K)->13133K(13312K) Class: 1635K(1856K)->1635K(1856K)
[2025-12-24T11:15:33.361+0000][gc          ] GC(80) Pause Young (Normal) (G1 Evacuation Pause) 783M->178M(1024M) 20.680ms
[2025-12-24T11:15:33.361+0000][gc,cpu      ] GC(80) User=0.12s Sys=0.01s Real=0.02s
[2025-12-24T11:16:03.589+0000][gc,start    ] GC(81) Pause Young (Normal) (G1 Evacuation Pause)
[2025-12-24T11:16:03.591+0000][gc,task     ] GC(81) Using 8 workers of 8 for evacuation
[2025-12-24T11:16:03.608+0000][gc,phases   ] GC(81)   Pre Evacuate Collection Set: 3.4ms
[2025-12-24T11:16:03.609+0000][gc,phases   ] GC(81)   Merge Heap Roots: 0.3ms
[2025-12-24T11:16:03.609+0000][gc,phases   ] GC(81)   Evacuate Collection Set: 11.9ms
[2025-12-24T11:16:03.609+0000][gc,phases   ] GC(81)   Post Evacuate Collection Set: 1.2ms
[2025-12-24T11:16:03.609+0000][gc,phases   ] GC(81)   Other: 1.1ms
[2025-12-24T11:16:03.609+0000][gc,heap     ] GC(81) Eden regions: 605->0(604)
[2025-12-24T11:16:03.609+0000][gc,heap     ] GC(81) Survivor regions: 9->10(77)
[2025-12-24T11:16:03.609+0000][gc,heap     ] GC(81) Old regions: 39->40
[2025-12-24T11:16:03.609+0000][gc,heap     ] GC(81) Humongous regions: 131->131
[2025-12-24T11:16:03.609+0000][gc,metaspace] GC(81) Metaspace: 14768K(15168K)->14768K(15168K) NonClass: 13133K(13312K)->13133K(13312K) Class: 1635K(1856K)->1635K(1856K)
[2025-12-24T11:16:03.609+0000][gc          ] GC(81) Pause Young (Normal) (G1 Evacuation Pause) 783M->180M(1024M) 19.845ms
[2025-12-24T11:16:03.609+0000][gc,cpu      ] GC(81) User=0.09s Sys=0.01s Real=0.02s
[2025-12-24T11:16:43.234+0000][gc,start    ] GC(82) Pause Young (Normal) (G1 Evacuation Pause)
[2025-12-24T11:16:43.235+0000][gc,task     ] GC(82) Using 8 workers of 8 for evacuation
[2025-12-24T11:16:43.253+0000][gc,phases   ] GC(82)   Pre Evacuate Collection Set: 0.9ms
[2025-12-24T11:16:43.254+0000][gc,phases   ] GC(82)   Merge Heap Roots: 0.2ms
[2025-12-24T11:16:43.254+0000][gc,phases   ] GC(82)   Evacuate Collection Set: 16.5ms
[2025-12-24T11:16:43.254+0000][gc,phases   ] GC(82)   Post Evacuate Collection Set: 0.9ms
[2025-12-24T11:16:43.254+0000][gc,phases   ] GC(82)   Other: 0.2ms
[2025-12-24T11:16:43.254+0000][gc,heap     ] GC(82) Eden regions: 604->0(607)
[2025-12-24T11:16:43.254+0000][gc,heap     ] GC(82) Survivor regions: 10->7(77)
[2025-12-24T11:16:43.254+0000][gc,heap     ] GC(82) Old regions: 40->40
[2025-12-24T11:16:43.254+0000][gc,heap     ] GC(82) Humongous regions: 131->131
[2025-12-24T11:16:43.254+0000][gc,metaspace] GC(82) Metaspace: 14771K(15168K)->14771K(15168K) NonClass: 13136K(13312K)->13136K(13312K) Class: 1635K(1856K)->1635K(1856K)
[2025-12-24T11:16:43.254+0000][gc          ] GC(82) Pause Young (Normal) (G1 Evacuation Pause) 784M->177M(1024M) 19.953ms
[2025-12-24T11:16:43.254+0000][gc,cpu      ] GC(82) User=0.13s Sys=0.00s Real=0.02s
[2025-12-24T11:17:13.523+0000][gc,start    ] GC(83) Pause Young (Normal) (G1 Evacuation Pause)
[2025-12-24T11:17:13.526+0000][gc,task     ] GC(83) Using 8 workers of 8 for evacuation
[2025-12-24T11:17:13.538+0000][gc,phases   ] GC(83)   Pre Evacuate Collection Set: 2.4ms
[2025-12-24T11:17:13.538+0000][gc,phases   ] GC(83)   Merge Heap Roots: 0.4ms
[2025-12-24T11:17:13.538+0000][gc,phases   ] GC(83)   Evacuate Collection Set: 8.1ms
[2025-12-24T11:17:13.538+0000][gc,phases   ] GC(83)   Post Evacuate Collection Set: 1.1ms
[2025-12-24T11:17:13.538+0000][gc,phases   ] GC(83)   Other: 0.6ms
[2025-12-24T11:17:13.538+0000][gc,heap     ] GC(83) Eden regions: 607->0(606)
[2025-12-24T11:17:13.538+0000][gc,heap     ] GC(83) Survivor regions: 7->8(77)
[2025-12-24T11:17:13.538+0000][gc,heap     ] GC(83) Old regions: 40->40
[2025-12-24T11:17:13.539+0000][gc,heap     ] GC(83) Humongous regions: 131->131
[2025-12-24T11:17:13.539+0000][gc,metaspace] GC(83) Metaspace: 14771K(15168K)->14771K(15168K) NonClass: 13136K(13312K)->13136K(13312K) Class: 1635K(1856K)->1635K(1856K)
[2025-12-24T11:17:13.539+0000][gc          ] GC(83) Pause Young (Normal) (G1 Evacuation Pause) 784M->178M(1024M) 15.675ms
[2025-12-24T11:17:13.539+0000][gc,cpu      ] GC(83) User=0.07s Sys=0.00s Real=0.02s
[2025-12-24T11:17:43.740+0000][gc,start    ] GC(84) Pause Young (Normal) (G1 Evacuation Pause)
[2025-12-24T11:17:43.741+0000][gc,task     ] GC(84) Using 8 workers of 8 for evacuation
[2025-12-24T11:17:43.760+0000][gc,phases   ] GC(84)   Pre Evacuate Collection Set: 5.0ms
[2025-12-24T11:17:43.760+0000][gc,phases   ] GC(84)   Merge Heap Roots: 0.2ms
[2025-12-24T11:17:43.760+0000][gc,phases   ] GC(84)   Evacuate Collection Set: 13.2ms
[2025-12-24T11:17:43.761+0000][gc,phases   ] GC(84)   Post Evacuate Collection Set: 1.0ms
[2025-12-24T11:17:43.761+0000][gc,phases   ] GC(84)   Other: 0.3ms
[2025-12-24T11:17:43.761+0000][gc,heap     ] GC(84) Eden regions: 606->0(604)
[2025-12-24T11:17:43.761+0000][gc,heap     ] GC(84) Survivor regions: 8->10(77)
[2025-12-24T11:17:43.761+0000][gc,heap     ] GC(84) Old regions: 40->41
[2025-12-24T11:17:43.761+0000][gc,heap     ] GC(84) Humongous regions: 131->131
[2025-12-24T11:17:43.761+0000][gc,metaspace] GC(84) Metaspace: 14772K(15168K)->14772K(15168K) NonClass: 13137K(13312K)->13137K(13312K) Class: 1635K(1856K)->1635K(1856K)
[2025-12-24T11:17:43.761+0000][gc          ] GC(84) Pause Young (Normal) (G1 Evacuation Pause) 784M->180M(1024M) 20.980ms
[2025-12-24T11:17:43.761+0000][gc,cpu      ] GC(84) User=0.10s Sys=0.00s Real=0.02s
[2025-12-24T11:18:23.464+0000][gc,start    ] GC(85) Pause Young (Normal) (G1 Evacuation Pause)
[2025-12-24T11:18:23.465+0000][gc,task     ] GC(85) Using 8 workers of 8 for evacuation
[2025-12-24T11:18:23.477+0000][gc,phases   ] GC(85)   Pre Evacuate Collection Set: 1.0ms
[2025-12-24T11:18:23.477+0000][gc,phases   ] GC(85)   Merge Heap Roots: 0.3ms
[2025-12-24T11:18:23.477+0000][gc,phases   ] GC(85)   Evacuate Collection Set: 9.8ms
[2025-12-24T11:18:23.477+0000][gc,phases   ] GC(85)   Post Evacuate Collection Set: 1.0ms
[2025-12-24T11:18:23.477+0000][gc,phases   ] GC(85)   Other: 0.2ms
[2025-12-24T11:18:23.477+0000][gc,heap     ] GC(85) Eden regions: 604->0(605)
[2025-12-24T11:18:23.477+0000][gc,heap     ] GC(85) Survivor regions: 10->9(77)
[2025-12-24T11:18:23.477+0000][gc,heap     ] GC(85) Old regions: 41->41
[2025-12-24T11:18:23.477+0000][gc,heap     ] GC(85) Humongous regions: 131->131
[2025-12-24T11:18:23.477+0000][gc,metaspace] GC(85) Metaspace: 14774K(15168K)->14774K(15168K) NonClass: 13139K(13312K)->13139K(13312K) Class: 1635K(1856K)->1635K(1856K)
[2025-12-24T11:18:23.478+0000][gc          ] GC(85) Pause Young (Normal) (G1 Evacuation Pause) 784M->180M(1024M) 13.278ms
[2025-12-24T11:18:23.478+0000][gc,cpu      ] GC(85) User=0.08s Sys=0.00s Real=0.02s
[2025-12-24T11:18:53.730+0000][gc,start    ] GC(86) Pause Young (Normal) (G1 Evacuation Pause)
[2025-12-24T11:18:53.731+0000][gc,task     ] GC(86) Using 8 workers of 8 for evacuation
[2025-12-24T11:18:53.746+0000][gc,phases   ] GC(86)   Pre Evacuate Collection Set: 1.0ms
[2025-12-24T11:18:53.746+0000][gc,phases   ] GC(86)   Merge Heap Roots: 0.3ms
[2025-12-24T11:18:53.746+0000][gc,phases   ] GC(86)   Evacuate Collection Set: 12.1ms
[2025-12-24T11:18:53.747+0000][gc,phases   ] GC(86)   Post Evacuate Collection Set: 1.1ms
[2025-12-24T11:18:53.747+0000][gc,phases   ] GC(86)   Other: 0.3ms
[2025-12-24T11:18:53.747+0000][gc,heap     ] GC(86) Eden regions: 605->0(603)
[2025-12-24T11:18:53.747+0000][gc,heap     ] GC(86) Survivor regions: 9->11(77)
[2025-12-24T11:18:53.747+0000][gc,heap     ] GC(86) Old regions: 41->42
[2025-12-24T11:18:53.747+0000][gc,heap     ] GC(86) Humongous regions: 131->131
[2025-12-24T11:18:53.747+0000][gc,metaspace] GC(86) Metaspace: 14776K(15232K)->14776K(15232K) NonClass: 13141K(13376K)->13141K(13376K) Class: 1635K(1856K)->1635K(1856K)
[2025-12-24T11:18:53.747+0000][gc          ] GC(86) Pause Young (Normal) (G1 Evacuation Pause) 785M->182M(1024M) 17.041ms
[2025-12-24T11:18:53.747+0000][gc,cpu      ] GC(86) User=0.09s Sys=0.00s Real=0.02s
[2025-12-24T11:19:33.344+0000][gc,start    ] GC(87) Pause Young (Normal) (G1 Evacuation Pause)
[2025-12-24T11:19:33.344+0000][gc,task     ] GC(87) Using 8 workers of 8 for evacuation
[2025-12-24T11:19:33.358+0000][gc,phases   ] GC(87)   Pre Evacuate Collection Set: 0.9ms
[2025-12-24T11:19:33.359+0000][gc,phases   ] GC(87)   Merge Heap Roots: 0.3ms
[2025-12-24T11:19:33.359+0000][gc,phases   ] GC(87)   Evacuate Collection Set: 11.5ms
[2025-12-24T11:19:33.359+0000][gc,phases   ] GC(87)   Post Evacuate Collection Set: 1.0ms
[2025-12-24T11:19:33.359+0000][gc,phases   ] GC(87)   Other: 0.3ms
[2025-12-24T11:19:33.359+0000][gc,heap     ] GC(87) Eden regions: 603->0(606)
[2025-12-24T11:19:33.359+0000][gc,heap     ] GC(87) Survivor regions: 11->8(77)
[2025-12-24T11:19:33.359+0000][gc,heap     ] GC(87) Old regions: 42->42
[2025-12-24T11:19:33.359+0000][gc,heap     ] GC(87) Humongous regions: 131->131
[2025-12-24T11:19:33.359+0000][gc,metaspace] GC(87) Metaspace: 14776K(15232K)->14776K(15232K) NonClass: 13141K(13376K)->13141K(13376K) Class: 1635K(1856K)->1635K(1856K)
[2025-12-24T11:19:33.359+0000][gc          ] GC(87) Pause Young (Normal) (G1 Evacuation Pause) 785M->179M(1024M) 15.140ms
[2025-12-24T11:19:33.359+0000][gc,cpu      ] GC(87) User=0.09s Sys=0.00s Real=0.02s
[2025-12-24T11:20:03.620+0000][gc,start    ] GC(88) Pause Young (Normal) (G1 Evacuation Pause)
[2025-12-24T11:20:03.621+0000][gc,task     ] GC(88) Using 8 workers of 8 for evacuation
[2025-12-24T11:20:03.636+0000][gc,phases   ] GC(88)   Pre Evacuate Collection Set: 1.0ms
[2025-12-24T11:20:03.636+0000][gc,phases   ] GC(88)   Merge Heap Roots: 0.3ms
[2025-12-24T11:20:03.636+0000][gc,phases   ] GC(88)   Evacuate Collection Set: 11.1ms
[2025-12-24T11:20:03.636+0000][gc,phases   ] GC(88)   Post Evacuate Collection Set: 1.4ms
[2025-12-24T11:20:03.636+0000][gc,phases   ] GC(88)   Other: 0.5ms
[2025-12-24T11:20:03.636+0000][gc,heap     ] GC(88) Eden regions: 606->0(606)
[2025-12-24T11:20:03.636+0000][gc,heap     ] GC(88) Survivor regions: 8->8(77)
[2025-12-24T11:20:03.637+0000][gc,heap     ] GC(88) Old regions: 42->42
[2025-12-24T11:20:03.637+0000][gc,heap     ] GC(88) Humongous regions: 131->131
[2025-12-24T11:20:03.637+0000][gc,metaspace] GC(88) Metaspace: 14784K(15232K)->14784K(15232K) NonClass: 13149K(13376K)->13149K(13376K) Class: 1635K(1856K)->1635K(1856K)
[2025-12-24T11:20:03.637+0000][gc          ] GC(88) Pause Young (Normal) (G1 Evacuation Pause) 785M->180M(1024M) 16.877ms
[2025-12-24T11:20:03.637+0000][gc,cpu      ] GC(88) User=0.09s Sys=0.00s Real=0.01s
[2025-12-24T11:20:43.310+0000][gc,start    ] GC(89) Pause Young (Normal) (G1 Evacuation Pause)
[2025-12-24T11:20:43.311+0000][gc,task     ] GC(89) Using 8 workers of 8 for evacuation
[2025-12-24T11:20:43.328+0000][gc,phases   ] GC(89)   Pre Evacuate Collection Set: 1.1ms
[2025-12-24T11:20:43.329+0000][gc,phases   ] GC(89)   Merge Heap Roots: 0.2ms
[2025-12-24T11:20:43.329+0000][gc,phases   ] GC(89)   Evacuate Collection Set: 12.5ms
[2025-12-24T11:20:43.329+0000][gc,phases   ] GC(89)   Post Evacuate Collection Set: 2.9ms
[2025-12-24T11:20:43.329+0000][gc,phases   ] GC(89)   Other: 0.3ms
[2025-12-24T11:20:43.329+0000][gc,heap     ] GC(89) Eden regions: 606->0(606)
[2025-12-24T11:20:43.329+0000][gc,heap     ] GC(89) Survivor regions: 8->8(77)
[2025-12-24T11:20:43.329+0000][gc,heap     ] GC(89) Old regions: 42->43
[2025-12-24T11:20:43.329+0000][gc,heap     ] GC(89) Humongous regions: 131->131
[2025-12-24T11:20:43.329+0000][gc,metaspace] GC(89) Metaspace: 14794K(15232K)->14794K(15232K) NonClass: 13159K(13376K)->13159K(13376K) Class: 1635K(1856K)->1635K(1856K)
[2025-12-24T11:20:43.329+0000][gc          ] GC(89) Pause Young (Normal) (G1 Evacuation Pause) 786M->180M(1024M) 18.949ms
[2025-12-24T11:20:43.329+0000][gc,cpu      ] GC(89) User=0.10s Sys=0.00s Real=0.02s
[2025-12-24T11:21:13.603+0000][gc,start    ] GC(90) Pause Young (Normal) (G1 Evacuation Pause)
[2025-12-24T11:21:13.604+0000][gc,task     ] GC(90) Using 8 workers of 8 for evacuation
[2025-12-24T11:21:13.617+0000][gc,phases   ] GC(90)   Pre Evacuate Collection Set: 1.0ms
[2025-12-24T11:21:13.617+0000][gc,phases   ] GC(90)   Merge Heap Roots: 0.3ms
[2025-12-24T11:21:13.617+0000][gc,phases   ] GC(90)   Evacuate Collection Set: 11.0ms
[2025-12-24T11:21:13.617+0000][gc,phases   ] GC(90)   Post Evacuate Collection Set: 1.1ms
[2025-12-24T11:21:13.617+0000][gc,phases   ] GC(90)   Other: 0.2ms
[2025-12-24T11:21:13.617+0000][gc,heap     ] GC(90) Eden regions: 606->0(604)
[2025-12-24T11:21:13.618+0000][gc,heap     ] GC(90) Survivor regions: 8->10(77)
[2025-12-24T11:21:13.618+0000][gc,heap     ] GC(90) Old regions: 43->43
[2025-12-24T11:21:13.618+0000][gc,heap     ] GC(90) Humongous regions: 131->131
[2025-12-24T11:21:13.618+0000][gc,metaspace] GC(90) Metaspace: 14800K(15232K)->14800K(15232K) NonClass: 13164K(13376K)->13164K(13376K) Class: 1635K(1856K)->1635K(1856K)
[2025-12-24T11:21:13.618+0000][gc          ] GC(90) Pause Young (Normal) (G1 Evacuation Pause) 786M->182M(1024M) 14.604ms
[2025-12-24T11:21:13.618+0000][gc,cpu      ] GC(90) User=0.08s Sys=0.00s Real=0.01s
[2025-12-24T11:21:53.226+0000][gc,start    ] GC(91) Pause Young (Normal) (G1 Evacuation Pause)
[2025-12-24T11:21:53.227+0000][gc,task     ] GC(91) Using 8 workers of 8 for evacuation
[2025-12-24T11:21:53.250+0000][gc,phases   ] GC(91)   Pre Evacuate Collection Set: 1.6ms
[2025-12-24T11:21:53.250+0000][gc,phases   ] GC(91)   Merge Heap Roots: 0.4ms
[2025-12-24T11:21:53.250+0000][gc,phases   ] GC(91)   Evacuate Collection Set: 18.8ms
[2025-12-24T11:21:53.250+0000][gc,phases   ] GC(91)   Post Evacuate Collection Set: 1.7ms
[2025-12-24T11:21:53.250+0000][gc,phases   ] GC(91)   Other: 0.5ms
[2025-12-24T11:21:53.251+0000][gc,heap     ] GC(91) Eden regions: 604->0(605)
[2025-12-24T11:21:53.251+0000][gc,heap     ] GC(91) Survivor regions: 10->9(77)
[2025-12-24T11:21:53.251+0000][gc,heap     ] GC(91) Old regions: 43->43
[2025-12-24T11:21:53.251+0000][gc,heap     ] GC(91) Humongous regions: 131->131
[2025-12-24T11:21:53.251+0000][gc,metaspace] GC(91) Metaspace: 14802K(15232K)->14802K(15232K) NonClass: 13167K(13376K)->13167K(13376K) Class: 1635K(1856K)->1635K(1856K)
[2025-12-24T11:21:53.251+0000][gc          ] GC(91) Pause Young (Normal) (G1 Evacuation Pause) 786M->182M(1024M) 24.746ms
[2025-12-24T11:21:53.251+0000][gc,cpu      ] GC(91) User=0.16s Sys=0.00s Real=0.03s
[2025-12-24T11:22:23.487+0000][gc,start    ] GC(92) Pause Young (Normal) (G1 Evacuation Pause)
[2025-12-24T11:22:23.487+0000][gc,task     ] GC(92) Using 8 workers of 8 for evacuation
[2025-12-24T11:22:23.507+0000][gc,phases   ] GC(92)   Pre Evacuate Collection Set: 1.1ms
[2025-12-24T11:22:23.507+0000][gc,phases   ] GC(92)   Merge Heap Roots: 0.5ms
[2025-12-24T11:22:23.507+0000][gc,phases   ] GC(92)   Evacuate Collection Set: 16.1ms
[2025-12-24T11:22:23.507+0000][gc,phases   ] GC(92)   Post Evacuate Collection Set: 1.8ms
[2025-12-24T11:22:23.507+0000][gc,phases   ] GC(92)   Other: 0.3ms
[2025-12-24T11:22:23.507+0000][gc,heap     ] GC(92) Eden regions: 605->0(606)
[2025-12-24T11:22:23.507+0000][gc,heap     ] GC(92) Survivor regions: 9->8(77)
[2025-12-24T11:22:23.508+0000][gc,heap     ] GC(92) Old regions: 43->44
[2025-12-24T11:22:23.508+0000][gc,heap     ] GC(92) Humongous regions: 131->131
[2025-12-24T11:22:23.508+0000][gc,metaspace] GC(92) Metaspace: 14803K(15232K)->14803K(15232K) NonClass: 13167K(13376K)->13167K(13376K) Class: 1635K(1856K)->1635K(1856K)
[2025-12-24T11:22:23.508+0000][gc          ] GC(92) Pause Young (Normal) (G1 Evacuation Pause) 787M->181M(1024M) 21.516ms
[2025-12-24T11:22:23.508+0000][gc,cpu      ] GC(92) User=0.13s Sys=0.01s Real=0.02s
[2025-12-24T11:22:53.741+0000][gc,start    ] GC(93) Pause Young (Normal) (G1 Evacuation Pause)
[2025-12-24T11:22:53.741+0000][gc,task     ] GC(93) Using 8 workers of 8 for evacuation
[2025-12-24T11:22:53.762+0000][gc,phases   ] GC(93)   Pre Evacuate Collection Set: 1.4ms
[2025-12-24T11:22:53.762+0000][gc,phases   ] GC(93)   Merge Heap Roots: 0.6ms
[2025-12-24T11:22:53.762+0000][gc,phases   ] GC(93)   Evacuate Collection Set: 15.8ms
[2025-12-24T11:22:53.762+0000][gc,phases   ] GC(93)   Post Evacuate Collection Set: 1.9ms
[2025-12-24T11:22:53.762+0000][gc,phases   ] GC(93)   Other: 0.7ms
[2025-12-24T11:22:53.762+0000][gc,heap     ] GC(93) Eden regions: 606->0(605)
[2025-12-24T11:22:53.762+0000][gc,heap     ] GC(93) Survivor regions: 8->9(77)
[2025-12-24T11:22:53.762+0000][gc,heap     ] GC(93) Old regions: 44->44
[2025-12-24T11:22:53.762+0000][gc,heap     ] GC(93) Humongous regions: 131->131
[2025-12-24T11:22:53.762+0000][gc,metaspace] GC(93) Metaspace: 14805K(15232K)->14805K(15232K) NonClass: 13170K(13376K)->13170K(13376K) Class: 1635K(1856K)->1635K(1856K)
[2025-12-24T11:22:53.763+0000][gc          ] GC(93) Pause Young (Normal) (G1 Evacuation Pause) 787M->183M(1024M) 21.729ms
[2025-12-24T11:22:53.763+0000][gc,cpu      ] GC(93) User=0.14s Sys=0.00s Real=0.03s
[2025-12-24T11:23:33.416+0000][gc,start    ] GC(94) Pause Young (Normal) (G1 Evacuation Pause)
[2025-12-24T11:23:33.417+0000][gc,task     ] GC(94) Using 8 workers of 8 for evacuation
[2025-12-24T11:23:33.437+0000][gc,phases   ] GC(94)   Pre Evacuate Collection Set: 3.1ms
[2025-12-24T11:23:33.437+0000][gc,phases   ] GC(94)   Merge Heap Roots: 2.2ms
[2025-12-24T11:23:33.437+0000][gc,phases   ] GC(94)   Evacuate Collection Set: 12.9ms
[2025-12-24T11:23:33.437+0000][gc,phases   ] GC(94)   Post Evacuate Collection Set: 1.1ms
[2025-12-24T11:23:33.437+0000][gc,phases   ] GC(94)   Other: 0.4ms
[2025-12-24T11:23:33.437+0000][gc,heap     ] GC(94) Eden regions: 605->0(605)
[2025-12-24T11:23:33.437+0000][gc,heap     ] GC(94) Survivor regions: 9->9(77)
[2025-12-24T11:23:33.437+0000][gc,heap     ] GC(94) Old regions: 44->44
[2025-12-24T11:23:33.437+0000][gc,heap     ] GC(94) Humongous regions: 131->131
[2025-12-24T11:23:33.437+0000][gc,metaspace] GC(94) Metaspace: 14805K(15232K)->14805K(15232K) NonClass: 13170K(13376K)->13170K(13376K) Class: 1635K(1856K)->1635K(1856K)
[2025-12-24T11:23:33.438+0000][gc          ] GC(94) Pause Young (Normal) (G1 Evacuation Pause) 788M->183M(1024M) 21.863ms
[2025-12-24T11:23:33.438+0000][gc,cpu      ] GC(94) User=0.12s Sys=0.00s Real=0.02s
[2025-12-24T11:24:03.686+0000][gc,start    ] GC(95) Pause Young (Normal) (G1 Evacuation Pause)
[2025-12-24T11:24:03.687+0000][gc,task     ] GC(95) Using 8 workers of 8 for evacuation
[2025-12-24T11:24:03.700+0000][gc,phases   ] GC(95)   Pre Evacuate Collection Set: 1.0ms
[2025-12-24T11:24:03.700+0000][gc,phases   ] GC(95)   Merge Heap Roots: 0.3ms
[2025-12-24T11:24:03.700+0000][gc,phases   ] GC(95)   Evacuate Collection Set: 8.0ms
[2025-12-24T11:24:03.700+0000][gc,phases   ] GC(95)   Post Evacuate Collection Set: 2.5ms
[2025-12-24T11:24:03.700+0000][gc,phases   ] GC(95)   Other: 0.3ms
[2025-12-24T11:24:03.700+0000][gc,heap     ] GC(95) Eden regions: 605->0(604)
[2025-12-24T11:24:03.700+0000][gc,heap     ] GC(95) Survivor regions: 9->10(77)
[2025-12-24T11:24:03.700+0000][gc,heap     ] GC(95) Old regions: 44->45
[2025-12-24T11:24:03.700+0000][gc,heap     ] GC(95) Humongous regions: 131->131
[2025-12-24T11:24:03.700+0000][gc,metaspace] GC(95) Metaspace: 14810K(15232K)->14810K(15232K) NonClass: 13174K(13376K)->13174K(13376K) Class: 1635K(1856K)->1635K(1856K)
[2025-12-24T11:24:03.700+0000][gc          ] GC(95) Pause Young (Normal) (G1 Evacuation Pause) 788M->185M(1024M) 14.682ms
[2025-12-24T11:24:03.701+0000][gc,cpu      ] GC(95) User=0.08s Sys=0.00s Real=0.01s
[2025-12-24T11:24:43.335+0000][gc,start    ] GC(96) Pause Young (Normal) (G1 Evacuation Pause)
[2025-12-24T11:24:43.336+0000][gc,task     ] GC(96) Using 8 workers of 8 for evacuation
[2025-12-24T11:24:43.354+0000][gc,phases   ] GC(96)   Pre Evacuate Collection Set: 1.8ms
[2025-12-24T11:24:43.354+0000][gc,phases   ] GC(96)   Merge Heap Roots: 0.4ms
[2025-12-24T11:24:43.354+0000][gc,phases   ] GC(96)   Evacuate Collection Set: 13.9ms
[2025-12-24T11:24:43.355+0000][gc,phases   ] GC(96)   Post Evacuate Collection Set: 1.8ms
[2025-12-24T11:24:43.355+0000][gc,phases   ] GC(96)   Other: 0.3ms
[2025-12-24T11:24:43.355+0000][gc,heap     ] GC(96) Eden regions: 604->0(604)
[2025-12-24T11:24:43.355+0000][gc,heap     ] GC(96) Survivor regions: 10->10(77)
[2025-12-24T11:24:43.355+0000][gc,heap     ] GC(96) Old regions: 45->45
[2025-12-24T11:24:43.355+0000][gc,heap     ] GC(96) Humongous regions: 131->131
[2025-12-24T11:24:43.356+0000][gc,metaspace] GC(96) Metaspace: 14815K(15232K)->14815K(15232K) NonClass: 13179K(13376K)->13179K(13376K) Class: 1635K(1856K)->1635K(1856K)
[2025-12-24T11:24:43.356+0000][gc          ] GC(96) Pause Young (Normal) (G1 Evacuation Pause) 789M->184M(1024M) 20.466ms
[2025-12-24T11:24:43.356+0000][gc,cpu      ] GC(96) User=0.08s Sys=0.01s Real=0.02s
[2025-12-24T11:25:13.725+0000][gc,start    ] GC(97) Pause Young (Normal) (G1 Evacuation Pause)
[2025-12-24T11:25:13.726+0000][gc,task     ] GC(97) Using 8 workers of 8 for evacuation
[2025-12-24T11:25:13.748+0000][gc,phases   ] GC(97)   Pre Evacuate Collection Set: 1.0ms
[2025-12-24T11:25:13.748+0000][gc,phases   ] GC(97)   Merge Heap Roots: 0.3ms
[2025-12-24T11:25:13.748+0000][gc,phases   ] GC(97)   Evacuate Collection Set: 19.3ms
[2025-12-24T11:25:13.748+0000][gc,phases   ] GC(97)   Post Evacuate Collection Set: 1.2ms
[2025-12-24T11:25:13.748+0000][gc,phases   ] GC(97)   Other: 0.3ms
[2025-12-24T11:25:13.748+0000][gc,heap     ] GC(97) Eden regions: 604->0(606)
[2025-12-24T11:25:13.748+0000][gc,heap     ] GC(97) Survivor regions: 10->8(77)
[2025-12-24T11:25:13.748+0000][gc,heap     ] GC(97) Old regions: 45->45
[2025-12-24T11:25:13.748+0000][gc,heap     ] GC(97) Humongous regions: 131->131
[2025-12-24T11:25:13.748+0000][gc,metaspace] GC(97) Metaspace: 14815K(15232K)->14815K(15232K) NonClass: 13179K(13376K)->13179K(13376K) Class: 1635K(1856K)->1635K(1856K)
[2025-12-24T11:25:13.748+0000][gc          ] GC(97) Pause Young (Normal) (G1 Evacuation Pause) 788M->183M(1024M) 23.569ms
[2025-12-24T11:25:13.748+0000][gc,cpu      ] GC(97) User=0.14s Sys=0.00s Real=0.02s
[2025-12-24T11:25:53.275+0000][gc,start    ] GC(98) Pause Young (Normal) (G1 Evacuation Pause)
[2025-12-24T11:25:53.275+0000][gc,task     ] GC(98) Using 8 workers of 8 for evacuation
[2025-12-24T11:25:53.308+0000][gc,phases   ] GC(98)   Pre Evacuate Collection Set: 1.4ms
[2025-12-24T11:25:53.308+0000][gc,phases   ] GC(98)   Merge Heap Roots: 0.4ms
[2025-12-24T11:25:53.309+0000][gc,phases   ] GC(98)   Evacuate Collection Set: 29.8ms
[2025-12-24T11:25:53.309+0000][gc,phases   ] GC(98)   Post Evacuate Collection Set: 1.2ms
[2025-12-24T11:25:53.309+0000][gc,phases   ] GC(98)   Other: 0.3ms
[2025-12-24T11:25:53.309+0000][gc,heap     ] GC(98) Eden regions: 606->0(607)
[2025-12-24T11:25:53.309+0000][gc,heap     ] GC(98) Survivor regions: 8->7(77)
[2025-12-24T11:25:53.309+0000][gc,heap     ] GC(98) Old regions: 45->46
[2025-12-24T11:25:53.309+0000][gc,heap     ] GC(98) Humongous regions: 131->131
[2025-12-24T11:25:53.309+0000][gc,metaspace] GC(98) Metaspace: 14818K(15232K)->14818K(15232K) NonClass: 13182K(13376K)->13182K(13376K) Class: 1635K(1856K)->1635K(1856K)
[2025-12-24T11:25:53.309+0000][gc          ] GC(98) Pause Young (Normal) (G1 Evacuation Pause) 789M->183M(1024M) 34.496ms
[2025-12-24T11:25:53.309+0000][gc,cpu      ] GC(98) User=0.10s Sys=0.00s Real=0.04s
[2025-12-24T11:26:23.559+0000][gc,start    ] GC(99) Pause Young (Normal) (G1 Evacuation Pause)
[2025-12-24T11:26:23.561+0000][gc,task     ] GC(99) Using 8 workers of 8 for evacuation
[2025-12-24T11:26:23.574+0000][gc,phases   ] GC(99)   Pre Evacuate Collection Set: 0.9ms
[2025-12-24T11:26:23.574+0000][gc,phases   ] GC(99)   Merge Heap Roots: 0.3ms
[2025-12-24T11:26:23.574+0000][gc,phases   ] GC(99)   Evacuate Collection Set: 10.9ms
[2025-12-24T11:26:23.574+0000][gc,phases   ] GC(99)   Post Evacuate Collection Set: 1.2ms
[2025-12-24T11:26:23.575+0000][gc,phases   ] GC(99)   Other: 0.2ms
[2025-12-24T11:26:23.575+0000][gc,heap     ] GC(99) Eden regions: 607->0(605)
[2025-12-24T11:26:23.575+0000][gc,heap     ] GC(99) Survivor regions: 7->9(77)
[2025-12-24T11:26:23.575+0000][gc,heap     ] GC(99) Old regions: 46->46
[2025-12-24T11:26:23.575+0000][gc,heap     ] GC(99) Humongous regions: 131->131
[2025-12-24T11:26:23.575+0000][gc,metaspace] GC(99) Metaspace: 14820K(15232K)->14820K(15232K) NonClass: 13184K(13376K)->13184K(13376K) Class: 1635K(1856K)->1635K(1856K)
[2025-12-24T11:26:23.575+0000][gc          ] GC(99) Pause Young (Normal) (G1 Evacuation Pause) 790M->185M(1024M) 15.539ms
[2025-12-24T11:26:23.575+0000][gc,cpu      ] GC(99) User=0.09s Sys=0.00s Real=0.01s
[2025-12-24T11:26:53.759+0000][gc,start    ] GC(100) Pause Young (Normal) (G1 Evacuation Pause)
[2025-12-24T11:26:53.760+0000][gc,task     ] GC(100) Using 8 workers of 8 for evacuation
[2025-12-24T11:26:53.775+0000][gc,phases   ] GC(100)   Pre Evacuate Collection Set: 1.0ms
[2025-12-24T11:26:53.775+0000][gc,phases   ] GC(100)   Merge Heap Roots: 0.3ms
[2025-12-24T11:26:53.775+0000][gc,phases   ] GC(100)   Evacuate Collection Set: 11.8ms
[2025-12-24T11:26:53.775+0000][gc,phases   ] GC(100)   Post Evacuate Collection Set: 1.0ms
[2025-12-24T11:26:53.775+0000][gc,phases   ] GC(100)   Other: 0.2ms
[2025-12-24T11:26:53.775+0000][gc,heap     ] GC(100) Eden regions: 605->0(604)
[2025-12-24T11:26:53.775+0000][gc,heap     ] GC(100) Survivor regions: 9->10(77)
[2025-12-24T11:26:53.775+0000][gc,heap     ] GC(100) Old regions: 46->46
[2025-12-24T11:26:53.775+0000][gc,heap     ] GC(100) Humongous regions: 131->131
[2025-12-24T11:26:53.775+0000][gc,metaspace] GC(100) Metaspace: 14824K(15232K)->14824K(15232K) NonClass: 13189K(13376K)->13189K(13376K) Class: 1635K(1856K)->1635K(1856K)
[2025-12-24T11:26:53.776+0000][gc          ] GC(100) Pause Young (Normal) (G1 Evacuation Pause) 790M->186M(1024M) 16.212ms
[2025-12-24T11:26:53.776+0000][gc,cpu      ] GC(100) User=0.09s Sys=0.00s Real=0.01s
[2025-12-24T11:27:33.458+0000][gc,start    ] GC(101) Pause Young (Normal) (G1 Evacuation Pause)
[2025-12-24T11:27:33.459+0000][gc,task     ] GC(101) Using 8 workers of 8 for evacuation
[2025-12-24T11:27:33.470+0000][gc,phases   ] GC(101)   Pre Evacuate Collection Set: 0.9ms
[2025-12-24T11:27:33.470+0000][gc,phases   ] GC(101)   Merge Heap Roots: 0.3ms
[2025-12-24T11:27:33.470+0000][gc,phases   ] GC(101)   Evacuate Collection Set: 8.6ms
[2025-12-24T11:27:33.470+0000][gc,phases   ] GC(101)   Post Evacuate Collection Set: 1.0ms
[2025-12-24T11:27:33.470+0000][gc,phases   ] GC(101)   Other: 0.2ms
[2025-12-24T11:27:33.470+0000][gc,heap     ] GC(101) Eden regions: 604->0(604)
[2025-12-24T11:27:33.470+0000][gc,heap     ] GC(101) Survivor regions: 10->10(77)
[2025-12-24T11:27:33.470+0000][gc,heap     ] GC(101) Old regions: 46->47
[2025-12-24T11:27:33.470+0000][gc,heap     ] GC(101) Humongous regions: 131->131
[2025-12-24T11:27:33.470+0000][gc,metaspace] GC(101) Metaspace: 14825K(15232K)->14825K(15232K) NonClass: 13189K(13376K)->13189K(13376K) Class: 1635K(1856K)->1635K(1856K)
[2025-12-24T11:27:33.471+0000][gc          ] GC(101) Pause Young (Normal) (G1 Evacuation Pause) 790M->187M(1024M) 12.360ms
[2025-12-24T11:27:33.471+0000][gc,cpu      ] GC(101) User=0.06s Sys=0.01s Real=0.02s
[2025-12-24T11:28:03.701+0000][gc,start    ] GC(102) Pause Young (Normal) (G1 Evacuation Pause)
[2025-12-24T11:28:03.702+0000][gc,task     ] GC(102) Using 8 workers of 8 for evacuation
[2025-12-24T11:28:03.718+0000][gc,phases   ] GC(102)   Pre Evacuate Collection Set: 0.9ms
[2025-12-24T11:28:03.718+0000][gc,phases   ] GC(102)   Merge Heap Roots: 0.4ms
[2025-12-24T11:28:03.718+0000][gc,phases   ] GC(102)   Evacuate Collection Set: 13.6ms
[2025-12-24T11:28:03.718+0000][gc,phases   ] GC(102)   Post Evacuate Collection Set: 1.2ms
[2025-12-24T11:28:03.718+0000][gc,phases   ] GC(102)   Other: 0.3ms
[2025-12-24T11:28:03.718+0000][gc,heap     ] GC(102) Eden regions: 604->0(605)
[2025-12-24T11:28:03.718+0000][gc,heap     ] GC(102) Survivor regions: 10->9(77)
[2025-12-24T11:28:03.719+0000][gc,heap     ] GC(102) Old regions: 47->47
[2025-12-24T11:28:03.719+0000][gc,heap     ] GC(102) Humongous regions: 131->131
[2025-12-24T11:28:03.719+0000][gc,metaspace] GC(102) Metaspace: 14825K(15232K)->14825K(15232K) NonClass: 13189K(13376K)->13189K(13376K) Class: 1635K(1856K)->1635K(1856K)
[2025-12-24T11:28:03.719+0000][gc          ] GC(102) Pause Young (Normal) (G1 Evacuation Pause) 791M->186M(1024M) 17.715ms
[2025-12-24T11:28:03.719+0000][gc,cpu      ] GC(102) User=0.10s Sys=0.00s Real=0.01s
[2025-12-24T11:28:43.387+0000][gc,start    ] GC(103) Pause Young (Normal) (G1 Evacuation Pause)
[2025-12-24T11:28:43.389+0000][gc,task     ] GC(103) Using 8 workers of 8 for evacuation
[2025-12-24T11:28:43.408+0000][gc,phases   ] GC(103)   Pre Evacuate Collection Set: 1.0ms
[2025-12-24T11:28:43.409+0000][gc,phases   ] GC(103)   Merge Heap Roots: 0.3ms
[2025-12-24T11:28:43.409+0000][gc,phases   ] GC(103)   Evacuate Collection Set: 16.5ms
[2025-12-24T11:28:43.409+0000][gc,phases   ] GC(103)   Post Evacuate Collection Set: 1.9ms
[2025-12-24T11:28:43.409+0000][gc,phases   ] GC(103)   Other: 0.2ms
[2025-12-24T11:28:43.409+0000][gc,heap     ] GC(103) Eden regions: 605->0(606)
[2025-12-24T11:28:43.409+0000][gc,heap     ] GC(103) Survivor regions: 9->8(77)
[2025-12-24T11:28:43.409+0000][gc,heap     ] GC(103) Old regions: 47->47
[2025-12-24T11:28:43.409+0000][gc,heap     ] GC(103) Humongous regions: 131->131
[2025-12-24T11:28:43.409+0000][gc,metaspace] GC(103) Metaspace: 14827K(15232K)->14827K(15232K) NonClass: 13192K(13376K)->13192K(13376K) Class: 1635K(1856K)->1635K(1856K)
[2025-12-24T11:28:43.409+0000][gc          ] GC(103) Pause Young (Normal) (G1 Evacuation Pause) 791M->185M(1024M) 21.740ms
[2025-12-24T11:28:43.409+0000][gc,cpu      ] GC(103) User=0.13s Sys=0.00s Real=0.03s
[2025-12-24T11:29:13.670+0000][gc,start    ] GC(104) Pause Young (Normal) (G1 Evacuation Pause)
[2025-12-24T11:29:13.670+0000][gc,task     ] GC(104) Using 8 workers of 8 for evacuation
[2025-12-24T11:29:13.680+0000][gc,phases   ] GC(104)   Pre Evacuate Collection Set: 1.0ms
[2025-12-24T11:29:13.680+0000][gc,phases   ] GC(104)   Merge Heap Roots: 0.3ms
[2025-12-24T11:29:13.680+0000][gc,phases   ] GC(104)   Evacuate Collection Set: 7.6ms
[2025-12-24T11:29:13.680+0000][gc,phases   ] GC(104)   Post Evacuate Collection Set: 0.9ms
[2025-12-24T11:29:13.680+0000][gc,phases   ] GC(104)   Other: 0.2ms
[2025-12-24T11:29:13.680+0000][gc,heap     ] GC(104) Eden regions: 606->0(604)
[2025-12-24T11:29:13.680+0000][gc,heap     ] GC(104) Survivor regions: 8->10(77)
[2025-12-24T11:29:13.681+0000][gc,heap     ] GC(104) Old regions: 47->48
[2025-12-24T11:29:13.681+0000][gc,heap     ] GC(104) Humongous regions: 131->131
[2025-12-24T11:29:13.681+0000][gc,metaspace] GC(104) Metaspace: 14827K(15232K)->14827K(15232K) NonClass: 13192K(13376K)->13192K(13376K) Class: 1635K(1856K)->1635K(1856K)
[2025-12-24T11:29:13.681+0000][gc          ] GC(104) Pause Young (Normal) (G1 Evacuation Pause) 791M->187M(1024M) 11.165ms
[2025-12-24T11:29:13.681+0000][gc,cpu      ] GC(104) User=0.06s Sys=0.00s Real=0.02s
[2025-12-24T11:29:53.338+0000][gc,start    ] GC(105) Pause Young (Normal) (G1 Evacuation Pause)
[2025-12-24T11:29:53.343+0000][gc,task     ] GC(105) Using 8 workers of 8 for evacuation
[2025-12-24T11:29:53.360+0000][gc,phases   ] GC(105)   Pre Evacuate Collection Set: 1.0ms
[2025-12-24T11:29:53.360+0000][gc,phases   ] GC(105)   Merge Heap Roots: 0.2ms
[2025-12-24T11:29:53.360+0000][gc,phases   ] GC(105)   Evacuate Collection Set: 14.2ms
[2025-12-24T11:29:53.360+0000][gc,phases   ] GC(105)   Post Evacuate Collection Set: 1.0ms
[2025-12-24T11:29:53.360+0000][gc,phases   ] GC(105)   Other: 0.2ms
[2025-12-24T11:29:53.360+0000][gc,heap     ] GC(105) Eden regions: 604->0(605)
[2025-12-24T11:29:53.360+0000][gc,heap     ] GC(105) Survivor regions: 10->9(77)
[2025-12-24T11:29:53.360+0000][gc,heap     ] GC(105) Old regions: 48->48
[2025-12-24T11:29:53.360+0000][gc,heap     ] GC(105) Humongous regions: 131->131
[2025-12-24T11:29:53.360+0000][gc,metaspace] GC(105) Metaspace: 14828K(15232K)->14828K(15232K) NonClass: 13192K(13376K)->13192K(13376K) Class: 1635K(1856K)->1635K(1856K)
[2025-12-24T11:29:53.360+0000][gc          ] GC(105) Pause Young (Normal) (G1 Evacuation Pause) 791M->187M(1024M) 22.257ms
[2025-12-24T11:29:53.360+0000][gc,cpu      ] GC(105) User=0.12s Sys=0.00s Real=0.02s
[2025-12-24T11:30:23.590+0000][gc,start    ] GC(106) Pause Young (Normal) (G1 Evacuation Pause)
[2025-12-24T11:30:23.591+0000][gc,task     ] GC(106) Using 8 workers of 8 for evacuation
[2025-12-24T11:30:23.609+0000][gc,phases   ] GC(106)   Pre Evacuate Collection Set: 0.9ms
[2025-12-24T11:30:23.609+0000][gc,phases   ] GC(106)   Merge Heap Roots: 0.3ms
[2025-12-24T11:30:23.609+0000][gc,phases   ] GC(106)   Evacuate Collection Set: 15.3ms
[2025-12-24T11:30:23.609+0000][gc,phases   ] GC(106)   Post Evacuate Collection Set: 1.3ms
[2025-12-24T11:30:23.609+0000][gc,phases   ] GC(106)   Other: 0.3ms
[2025-12-24T11:30:23.609+0000][gc,heap     ] GC(106) Eden regions: 605->0(607)
[2025-12-24T11:30:23.609+0000][gc,heap     ] GC(106) Survivor regions: 9->7(77)
[2025-12-24T11:30:23.609+0000][gc,heap     ] GC(106) Old regions: 48->49
[2025-12-24T11:30:23.610+0000][gc,heap     ] GC(106) Humongous regions: 131->131
[2025-12-24T11:30:23.610+0000][gc,metaspace] GC(106) Metaspace: 14828K(15232K)->14828K(15232K) NonClass: 13192K(13376K)->13192K(13376K) Class: 1635K(1856K)->1635K(1856K)
[2025-12-24T11:30:23.610+0000][gc          ] GC(106) Pause Young (Normal) (G1 Evacuation Pause) 792M->185M(1024M) 19.528ms
[2025-12-24T11:30:23.610+0000][gc,cpu      ] GC(106) User=0.13s Sys=0.00s Real=0.02s
[2025-12-24T11:31:03.259+0000][gc,start    ] GC(107) Pause Young (Normal) (G1 Evacuation Pause)
[2025-12-24T11:31:03.260+0000][gc,task     ] GC(107) Using 8 workers of 8 for evacuation
[2025-12-24T11:31:03.277+0000][gc,phases   ] GC(107)   Pre Evacuate Collection Set: 1.3ms
[2025-12-24T11:31:03.277+0000][gc,phases   ] GC(107)   Merge Heap Roots: 0.7ms
[2025-12-24T11:31:03.277+0000][gc,phases   ] GC(107)   Evacuate Collection Set: 13.8ms
[2025-12-24T11:31:03.277+0000][gc,phases   ] GC(107)   Post Evacuate Collection Set: 1.1ms
[2025-12-24T11:31:03.277+0000][gc,phases   ] GC(107)   Other: 0.2ms
[2025-12-24T11:31:03.277+0000][gc,heap     ] GC(107) Eden regions: 607->0(607)
[2025-12-24T11:31:03.277+0000][gc,heap     ] GC(107) Survivor regions: 7->7(77)
[2025-12-24T11:31:03.277+0000][gc,heap     ] GC(107) Old regions: 49->49
[2025-12-24T11:31:03.277+0000][gc,heap     ] GC(107) Humongous regions: 131->131
[2025-12-24T11:31:03.277+0000][gc,metaspace] GC(107) Metaspace: 14828K(15232K)->14828K(15232K) NonClass: 13193K(13376K)->13193K(13376K) Class: 1635K(1856K)->1635K(1856K)
[2025-12-24T11:31:03.278+0000][gc          ] GC(107) Pause Young (Normal) (G1 Evacuation Pause) 792M->185M(1024M) 18.630ms
[2025-12-24T11:31:03.278+0000][gc,cpu      ] GC(107) User=0.12s Sys=0.00s Real=0.02s
[2025-12-24T11:31:33.536+0000][gc,start    ] GC(108) Pause Young (Normal) (G1 Evacuation Pause)
[2025-12-24T11:31:33.537+0000][gc,task     ] GC(108) Using 8 workers of 8 for evacuation
[2025-12-24T11:31:33.556+0000][gc,phases   ] GC(108)   Pre Evacuate Collection Set: 0.9ms
[2025-12-24T11:31:33.556+0000][gc,phases   ] GC(108)   Merge Heap Roots: 2.0ms
[2025-12-24T11:31:33.556+0000][gc,phases   ] GC(108)   Evacuate Collection Set: 15.1ms
[2025-12-24T11:31:33.556+0000][gc,phases   ] GC(108)   Post Evacuate Collection Set: 1.0ms
[2025-12-24T11:31:33.556+0000][gc,phases   ] GC(108)   Other: 0.2ms
[2025-12-24T11:31:33.556+0000][gc,heap     ] GC(108) Eden regions: 607->0(603)
[2025-12-24T11:31:33.556+0000][gc,heap     ] GC(108) Survivor regions: 7->11(77)
[2025-12-24T11:31:33.556+0000][gc,heap     ] GC(108) Old regions: 49->49
[2025-12-24T11:31:33.556+0000][gc,heap     ] GC(108) Humongous regions: 149->149
[2025-12-24T11:31:33.556+0000][gc,metaspace] GC(108) Metaspace: 14980K(15424K)->14980K(15424K) NonClass: 13315K(13504K)->13315K(13504K) Class: 1665K(1920K)->1665K(1920K)
[2025-12-24T11:31:33.556+0000][gc          ] GC(108) Pause Young (Normal) (G1 Evacuation Pause) 810M->208M(1024M) 20.978ms
[2025-12-24T11:31:33.557+0000][gc,cpu      ] GC(108) User=0.12s Sys=0.00s Real=0.02s
[2025-12-24T11:32:03.775+0000][gc,start    ] GC(109) Pause Young (Normal) (G1 Evacuation Pause)
[2025-12-24T11:32:03.776+0000][gc,task     ] GC(109) Using 8 workers of 8 for evacuation
[2025-12-24T11:32:03.796+0000][gc,phases   ] GC(109)   Pre Evacuate Collection Set: 1.0ms
[2025-12-24T11:32:03.797+0000][gc,phases   ] GC(109)   Merge Heap Roots: 0.3ms
[2025-12-24T11:32:03.797+0000][gc,phases   ] GC(109)   Evacuate Collection Set: 17.6ms
[2025-12-24T11:32:03.797+0000][gc,phases   ] GC(109)   Post Evacuate Collection Set: 1.0ms
[2025-12-24T11:32:03.797+0000][gc,phases   ] GC(109)   Other: 0.2ms
[2025-12-24T11:32:03.797+0000][gc,heap     ] GC(109) Eden regions: 603->0(602)
[2025-12-24T11:32:03.797+0000][gc,heap     ] GC(109) Survivor regions: 11->12(77)
[2025-12-24T11:32:03.797+0000][gc,heap     ] GC(109) Old regions: 49->50
[2025-12-24T11:32:03.797+0000][gc,heap     ] GC(109) Humongous regions: 149->149
[2025-12-24T11:32:03.797+0000][gc,metaspace] GC(109) Metaspace: 14983K(15424K)->14983K(15424K) NonClass: 13318K(13504K)->13318K(13504K) Class: 1665K(1920K)->1665K(1920K)
[2025-12-24T11:32:03.797+0000][gc          ] GC(109) Pause Young (Normal) (G1 Evacuation Pause) 811M->209M(1024M) 21.895ms
[2025-12-24T11:32:03.797+0000][gc,cpu      ] GC(109) User=0.14s Sys=0.01s Real=0.02s
[2025-12-24T11:32:14.501+0000][gc,start    ] GC(110) Pause Young (Concurrent Start) (CodeCache GC Threshold)
[2025-12-24T11:32:14.503+0000][gc,task     ] GC(110) Using 8 workers of 8 for evacuation
[2025-12-24T11:32:14.525+0000][gc,phases   ] GC(110)   Pre Evacuate Collection Set: 2.2ms
[2025-12-24T11:32:14.525+0000][gc,phases   ] GC(110)   Merge Heap Roots: 0.2ms
[2025-12-24T11:32:14.525+0000][gc,phases   ] GC(110)   Evacuate Collection Set: 12.0ms
[2025-12-24T11:32:14.525+0000][gc,phases   ] GC(110)   Post Evacuate Collection Set: 5.9ms
[2025-12-24T11:32:14.525+0000][gc,phases   ] GC(110)   Other: 1.7ms
[2025-12-24T11:32:14.525+0000][gc,heap     ] GC(110) Eden regions: 191->0(604)
[2025-12-24T11:32:14.525+0000][gc,heap     ] GC(110) Survivor regions: 12->10(77)
[2025-12-24T11:32:14.525+0000][gc,heap     ] GC(110) Old regions: 50->50
[2025-12-24T11:32:14.525+0000][gc,heap     ] GC(110) Humongous regions: 149->149
[2025-12-24T11:32:14.526+0000][gc,metaspace] GC(110) Metaspace: 14987K(15424K)->14987K(15424K) NonClass: 13322K(13504K)->13322K(13504K) Class: 1665K(1920K)->1665K(1920K)
[2025-12-24T11:32:14.526+0000][gc          ] GC(110) Pause Young (Concurrent Start) (CodeCache GC Threshold) 400M->207M(1024M) 24.184ms
[2025-12-24T11:32:14.526+0000][gc,cpu      ] GC(110) User=0.08s Sys=0.01s Real=0.03s
[2025-12-24T11:32:14.526+0000][gc          ] GC(111) Concurrent Mark Cycle
[2025-12-24T11:32:14.527+0000][gc,marking  ] GC(111) Concurrent Scan Root Regions
[2025-12-24T11:32:14.531+0000][gc,marking  ] GC(111) Concurrent Scan Root Regions 3.200ms
[2025-12-24T11:32:14.531+0000][gc,marking  ] GC(111) Concurrent Mark
[2025-12-24T11:32:14.531+0000][gc,marking  ] GC(111) Concurrent Mark From Roots
[2025-12-24T11:32:14.531+0000][gc,task     ] GC(111) Using 2 workers of 2 for marking
[2025-12-24T11:32:14.560+0000][gc,marking  ] GC(111) Concurrent Mark From Roots 29.237ms
[2025-12-24T11:32:14.560+0000][gc,marking  ] GC(111) Concurrent Preclean
[2025-12-24T11:32:14.560+0000][gc,marking  ] GC(111) Concurrent Preclean 0.271ms
[2025-12-24T11:32:14.560+0000][gc,start    ] GC(111) Pause Remark
[2025-12-24T11:32:14.625+0000][gc          ] GC(111) Pause Remark 207M->207M(1024M) 64.391ms
[2025-12-24T11:32:14.625+0000][gc,cpu      ] GC(111) User=0.37s Sys=0.00s Real=0.07s
[2025-12-24T11:32:14.625+0000][gc,marking  ] GC(111) Concurrent Mark 94.747ms
[2025-12-24T11:32:14.626+0000][gc,marking  ] GC(111) Concurrent Rebuild Remembered Sets and Scrub Regions
[2025-12-24T11:32:14.634+0000][gc,marking  ] GC(111) Concurrent Rebuild Remembered Sets and Scrub Regions 8.663ms
[2025-12-24T11:32:14.639+0000][gc,start    ] GC(111) Pause Cleanup
[2025-12-24T11:32:14.640+0000][gc          ] GC(111) Pause Cleanup 207M->207M(1024M) 0.351ms
[2025-12-24T11:32:14.640+0000][gc,cpu      ] GC(111) User=0.00s Sys=0.00s Real=0.00s
[2025-12-24T11:32:14.640+0000][gc,marking  ] GC(111) Concurrent Clear Claimed Marks
[2025-12-24T11:32:14.645+0000][gc,marking  ] GC(111) Concurrent Clear Claimed Marks 4.134ms
[2025-12-24T11:32:14.645+0000][gc,marking  ] GC(111) Concurrent Cleanup for Next Mark
[2025-12-24T11:32:14.649+0000][gc,marking  ] GC(111) Concurrent Cleanup for Next Mark 4.030ms
[2025-12-24T11:32:14.650+0000][gc          ] GC(111) Concurrent Mark Cycle 123.871ms
