[2025-12-24T14:06:57.737+0000][gc,init] CardTable entry size: 512
[2025-12-24T14:06:57.738+0000][gc     ] Using G1
[2025-12-24T14:06:57.756+0000][gc,init] Version: 21.0.4+7-LTS (release)
[2025-12-24T14:06:57.764+0000][gc,init] CPUs: 8 total, 8 available
[2025-12-24T14:06:57.769+0000][gc,init] Memory: 13709M
[2025-12-24T14:06:57.771+0000][gc,init] Large Page Support: Disabled
[2025-12-24T14:06:57.774+0000][gc,init] NUMA Support: Disabled
[2025-12-24T14:06:57.779+0000][gc,init] Compressed Oops: Enabled (32-bit)
[2025-12-24T14:06:57.781+0000][gc,init] Heap Region Size: 1M
[2025-12-24T14:06:57.782+0000][gc,init] Heap Min Capacity: 1G
[2025-12-24T14:06:57.783+0000][gc,init] Heap Initial Capacity: 1G
[2025-12-24T14:06:57.783+0000][gc,init] Heap Max Capacity: 1G
[2025-12-24T14:06:57.783+0000][gc,init] Pre-touch: Disabled
[2025-12-24T14:06:57.783+0000][gc,init] Parallel Workers: 8
[2025-12-24T14:06:57.784+0000][gc,init] Concurrent Workers: 2
[2025-12-24T14:06:57.785+0000][gc,init] Concurrent Refinement Workers: 8
[2025-12-24T14:06:57.785+0000][gc,init] Periodic GC: Disabled
[2025-12-24T14:06:58.026+0000][gc,metaspace] CDS archive(s) mapped at: [0x0000002000000000-0x0000002000bd0000-0x00000020036b0000), size 57344000, SharedBaseAddress: 0x0000002000000000, ArchiveRelocationMode: 1.
[2025-12-24T14:06:58.031+0000][gc,metaspace] Compressed class space mapped at: 0x0000002004000000-0x0000002044000000, reserved size: 1073741824
[2025-12-24T14:06:58.044+0000][gc,metaspace] Narrow klass base: 0x0000002000000000, Narrow klass shift: 0, Narrow klass range: 0x100000000
[2025-12-24T14:07:04.170+0000][gc,start    ] GC(0) Pause Young (Normal) (G1 Evacuation Pause)
[2025-12-24T14:07:04.174+0000][gc,task     ] GC(0) Using 8 workers of 8 for evacuation
[2025-12-24T14:07:04.274+0000][gc,phases   ] GC(0)   Pre Evacuate Collection Set: 2.7ms
[2025-12-24T14:07:04.275+0000][gc,phases   ] GC(0)   Merge Heap Roots: 0.2ms
[2025-12-24T14:07:04.275+0000][gc,phases   ] GC(0)   Evacuate Collection Set: 90.9ms
[2025-12-24T14:07:04.275+0000][gc,phases   ] GC(0)   Post Evacuate Collection Set: 5.8ms
[2025-12-24T14:07:04.275+0000][gc,phases   ] GC(0)   Other: 3.1ms
[2025-12-24T14:07:04.275+0000][gc,heap     ] GC(0) Eden regions: 51->0(44)
[2025-12-24T14:07:04.276+0000][gc,heap     ] GC(0) Survivor regions: 0->7(7)
[2025-12-24T14:07:04.276+0000][gc,heap     ] GC(0) Old regions: 1->8
[2025-12-24T14:07:04.276+0000][gc,heap     ] GC(0) Humongous regions: 0->0
[2025-12-24T14:07:04.277+0000][gc,metaspace] GC(0) Metaspace: 5259K(5440K)->5259K(5440K) NonClass: 4660K(4736K)->4660K(4736K) Class: 599K(704K)->599K(704K)
[2025-12-24T14:07:04.277+0000][gc          ] GC(0) Pause Young (Normal) (G1 Evacuation Pause) 51M->14M(1024M) 107.018ms
[2025-12-24T14:07:04.278+0000][gc,cpu      ] GC(0) User=0.08s Sys=0.15s Real=0.11s
[2025-12-24T14:07:07.389+0000][gc,start    ] GC(1) Pause Young (Normal) (G1 Evacuation Pause)
[2025-12-24T14:07:07.389+0000][gc,task     ] GC(1) Using 8 workers of 8 for evacuation
[2025-12-24T14:07:07.417+0000][gc,phases   ] GC(1)   Pre Evacuate Collection Set: 1.0ms
[2025-12-24T14:07:07.417+0000][gc,phases   ] GC(1)   Merge Heap Roots: 1.1ms
[2025-12-24T14:07:07.417+0000][gc,phases   ] GC(1)   Evacuate Collection Set: 23.2ms
[2025-12-24T14:07:07.417+0000][gc,phases   ] GC(1)   Post Evacuate Collection Set: 1.3ms
[2025-12-24T14:07:07.418+0000][gc,phases   ] GC(1)   Other: 0.6ms
[2025-12-24T14:07:07.418+0000][gc,heap     ] GC(1) Eden regions: 44->0(47)
[2025-12-24T14:07:07.418+0000][gc,heap     ] GC(1) Survivor regions: 7->4(7)
[2025-12-24T14:07:07.418+0000][gc,heap     ] GC(1) Old regions: 8->15
[2025-12-24T14:07:07.418+0000][gc,heap     ] GC(1) Humongous regions: 131->131
[2025-12-24T14:07:07.418+0000][gc,metaspace] GC(1) Metaspace: 7104K(7360K)->7104K(7360K) NonClass: 6206K(6336K)->6206K(6336K) Class: 898K(1024K)->898K(1024K)
[2025-12-24T14:07:07.418+0000][gc          ] GC(1) Pause Young (Normal) (G1 Evacuation Pause) 189M->149M(1024M) 29.368ms
[2025-12-24T14:07:07.419+0000][gc,cpu      ] GC(1) User=0.09s Sys=0.02s Real=0.03s
[2025-12-24T14:07:07.637+0000][gc,start    ] GC(2) Pause Young (Normal) (G1 Evacuation Pause)
[2025-12-24T14:07:07.637+0000][gc,task     ] GC(2) Using 8 workers of 8 for evacuation
[2025-12-24T14:07:07.639+0000][gc,phases   ] GC(2)   Pre Evacuate Collection Set: 0.3ms
[2025-12-24T14:07:07.640+0000][gc,phases   ] GC(2)   Merge Heap Roots: 0.1ms
[2025-12-24T14:07:07.640+0000][gc,phases   ] GC(2)   Evacuate Collection Set: 1.6ms
[2025-12-24T14:07:07.640+0000][gc,phases   ] GC(2)   Post Evacuate Collection Set: 0.4ms
[2025-12-24T14:07:07.640+0000][gc,phases   ] GC(2)   Other: 0.2ms
[2025-12-24T14:07:07.640+0000][gc,heap     ] GC(2) Eden regions: 47->0(106)
[2025-12-24T14:07:07.640+0000][gc,heap     ] GC(2) Survivor regions: 4->5(7)
[2025-12-24T14:07:07.640+0000][gc,heap     ] GC(2) Old regions: 15->15
[2025-12-24T14:07:07.640+0000][gc,heap     ] GC(2) Humongous regions: 131->131
[2025-12-24T14:07:07.640+0000][gc,metaspace] GC(2) Metaspace: 7285K(7552K)->7285K(7552K) NonClass: 6349K(6464K)->6349K(6464K) Class: 936K(1088K)->936K(1088K)
[2025-12-24T14:07:07.640+0000][gc          ] GC(2) Pause Young (Normal) (G1 Evacuation Pause) 196M->149M(1024M) 3.572ms
[2025-12-24T14:07:07.640+0000][gc,cpu      ] GC(2) User=0.01s Sys=0.00s Real=0.00s
[2025-12-24T14:07:11.234+0000][gc,start    ] GC(3) Pause Young (Normal) (G1 Evacuation Pause)
[2025-12-24T14:07:11.234+0000][gc,task     ] GC(3) Using 8 workers of 8 for evacuation
[2025-12-24T14:07:11.260+0000][gc,phases   ] GC(3)   Pre Evacuate Collection Set: 0.7ms
[2025-12-24T14:07:11.260+0000][gc,phases   ] GC(3)   Merge Heap Roots: 0.1ms
[2025-12-24T14:07:11.260+0000][gc,phases   ] GC(3)   Evacuate Collection Set: 23.7ms
[2025-12-24T14:07:11.260+0000][gc,phases   ] GC(3)   Post Evacuate Collection Set: 1.4ms
[2025-12-24T14:07:11.261+0000][gc,phases   ] GC(3)   Other: 0.2ms
[2025-12-24T14:07:11.261+0000][gc,heap     ] GC(3) Eden regions: 109->0(607)
[2025-12-24T14:07:11.261+0000][gc,heap     ] GC(3) Survivor regions: 5->7(15)
[2025-12-24T14:07:11.262+0000][gc,heap     ] GC(3) Old regions: 15->15
[2025-12-24T14:07:11.262+0000][gc,heap     ] GC(3) Humongous regions: 131->131
[2025-12-24T14:07:11.262+0000][gc,metaspace] GC(3) Metaspace: 10100K(10368K)->10100K(10368K) NonClass: 8739K(8896K)->8739K(8896K) Class: 1361K(1472K)->1361K(1472K)
[2025-12-24T14:07:11.262+0000][gc          ] GC(3) Pause Young (Normal) (G1 Evacuation Pause) 258M->152M(1024M) 28.665ms
[2025-12-24T14:07:11.263+0000][gc,cpu      ] GC(3) User=0.03s Sys=0.04s Real=0.03s
[2025-12-24T14:07:47.263+0000][gc,start    ] GC(4) Pause Young (Normal) (G1 Evacuation Pause)
[2025-12-24T14:07:47.264+0000][gc,task     ] GC(4) Using 8 workers of 8 for evacuation
[2025-12-24T14:07:47.282+0000][gc,phases   ] GC(4)   Pre Evacuate Collection Set: 1.1ms
[2025-12-24T14:07:47.282+0000][gc,phases   ] GC(4)   Merge Heap Roots: 0.2ms
[2025-12-24T14:07:47.282+0000][gc,phases   ] GC(4)   Evacuate Collection Set: 15.3ms
[2025-12-24T14:07:47.282+0000][gc,phases   ] GC(4)   Post Evacuate Collection Set: 1.0ms
[2025-12-24T14:07:47.282+0000][gc,phases   ] GC(4)   Other: 0.2ms
[2025-12-24T14:07:47.282+0000][gc,heap     ] GC(4) Eden regions: 607->0(604)
[2025-12-24T14:07:47.282+0000][gc,heap     ] GC(4) Survivor regions: 7->10(77)
[2025-12-24T14:07:47.282+0000][gc,heap     ] GC(4) Old regions: 15->15
[2025-12-24T14:07:47.282+0000][gc,heap     ] GC(4) Humongous regions: 131->131
[2025-12-24T14:07:47.282+0000][gc,metaspace] GC(4) Metaspace: 12126K(12416K)->12126K(12416K) NonClass: 10542K(10688K)->10542K(10688K) Class: 1583K(1728K)->1583K(1728K)
[2025-12-24T14:07:47.282+0000][gc          ] GC(4) Pause Young (Normal) (G1 Evacuation Pause) 759M->155M(1024M) 18.881ms
[2025-12-24T14:07:47.282+0000][gc,cpu      ] GC(4) User=0.10s Sys=0.03s Real=0.02s
[2025-12-24T14:08:17.425+0000][gc,start    ] GC(5) Pause Young (Normal) (G1 Evacuation Pause)
[2025-12-24T14:08:17.426+0000][gc,task     ] GC(5) Using 8 workers of 8 for evacuation
[2025-12-24T14:08:17.437+0000][gc,phases   ] GC(5)   Pre Evacuate Collection Set: 1.2ms
[2025-12-24T14:08:17.437+0000][gc,phases   ] GC(5)   Merge Heap Roots: 0.2ms
[2025-12-24T14:08:17.438+0000][gc,phases   ] GC(5)   Evacuate Collection Set: 8.9ms
[2025-12-24T14:08:17.438+0000][gc,phases   ] GC(5)   Post Evacuate Collection Set: 1.1ms
[2025-12-24T14:08:17.438+0000][gc,phases   ] GC(5)   Other: 0.3ms
[2025-12-24T14:08:17.438+0000][gc,heap     ] GC(5) Eden regions: 604->0(602)
[2025-12-24T14:08:17.438+0000][gc,heap     ] GC(5) Survivor regions: 10->12(77)
[2025-12-24T14:08:17.438+0000][gc,heap     ] GC(5) Old regions: 15->15
[2025-12-24T14:08:17.438+0000][gc,heap     ] GC(5) Humongous regions: 131->131
[2025-12-24T14:08:17.438+0000][gc,metaspace] GC(5) Metaspace: 12538K(12864K)->12538K(12864K) NonClass: 10949K(11136K)->10949K(11136K) Class: 1588K(1728K)->1588K(1728K)
[2025-12-24T14:08:17.438+0000][gc          ] GC(5) Pause Young (Normal) (G1 Evacuation Pause) 759M->157M(1024M) 13.285ms
[2025-12-24T14:08:17.438+0000][gc,cpu      ] GC(5) User=0.07s Sys=0.01s Real=0.01s
[2025-12-24T14:08:57.076+0000][gc,start    ] GC(6) Pause Young (Normal) (G1 Evacuation Pause)
[2025-12-24T14:08:57.077+0000][gc,task     ] GC(6) Using 8 workers of 8 for evacuation
[2025-12-24T14:08:57.092+0000][gc,phases   ] GC(6)   Pre Evacuate Collection Set: 3.0ms
[2025-12-24T14:08:57.092+0000][gc,phases   ] GC(6)   Merge Heap Roots: 0.2ms
[2025-12-24T14:08:57.092+0000][gc,phases   ] GC(6)   Evacuate Collection Set: 10.6ms
[2025-12-24T14:08:57.093+0000][gc,phases   ] GC(6)   Post Evacuate Collection Set: 1.2ms
[2025-12-24T14:08:57.093+0000][gc,phases   ] GC(6)   Other: 0.2ms
[2025-12-24T14:08:57.093+0000][gc,heap     ] GC(6) Eden regions: 602->0(603)
[2025-12-24T14:08:57.093+0000][gc,heap     ] GC(6) Survivor regions: 12->11(77)
[2025-12-24T14:08:57.093+0000][gc,heap     ] GC(6) Old regions: 15->15
[2025-12-24T14:08:57.093+0000][gc,heap     ] GC(6) Humongous regions: 131->131
[2025-12-24T14:08:57.093+0000][gc,metaspace] GC(6) Metaspace: 13073K(13376K)->13073K(13376K) NonClass: 11481K(11648K)->11481K(11648K) Class: 1592K(1728K)->1592K(1728K)
[2025-12-24T14:08:57.093+0000][gc          ] GC(6) Pause Young (Normal) (G1 Evacuation Pause) 759M->156M(1024M) 17.142ms
[2025-12-24T14:08:57.093+0000][gc,cpu      ] GC(6) User=0.09s Sys=0.00s Real=0.01s
[2025-12-24T14:09:27.412+0000][gc,start    ] GC(7) Pause Young (Normal) (G1 Evacuation Pause)
[2025-12-24T14:09:27.412+0000][gc,task     ] GC(7) Using 8 workers of 8 for evacuation
[2025-12-24T14:09:27.441+0000][gc,phases   ] GC(7)   Pre Evacuate Collection Set: 1.2ms
[2025-12-24T14:09:27.441+0000][gc,phases   ] GC(7)   Merge Heap Roots: 1.7ms
[2025-12-24T14:09:27.441+0000][gc,phases   ] GC(7)   Evacuate Collection Set: 23.7ms
[2025-12-24T14:09:27.441+0000][gc,phases   ] GC(7)   Post Evacuate Collection Set: 1.8ms
[2025-12-24T14:09:27.441+0000][gc,phases   ] GC(7)   Other: 0.2ms
[2025-12-24T14:09:27.441+0000][gc,heap     ] GC(7) Eden regions: 603->0(600)
[2025-12-24T14:09:27.441+0000][gc,heap     ] GC(7) Survivor regions: 11->14(77)
[2025-12-24T14:09:27.441+0000][gc,heap     ] GC(7) Old regions: 15->15
[2025-12-24T14:09:27.441+0000][gc,heap     ] GC(7) Humongous regions: 131->131
[2025-12-24T14:09:27.442+0000][gc,metaspace] GC(7) Metaspace: 13202K(13440K)->13202K(13440K) NonClass: 11610K(11712K)->11610K(11712K) Class: 1592K(1728K)->1592K(1728K)
[2025-12-24T14:09:27.442+0000][gc          ] GC(7) Pause Young (Normal) (G1 Evacuation Pause) 759M->158M(1024M) 29.755ms
[2025-12-24T14:09:27.442+0000][gc,cpu      ] GC(7) User=0.19s Sys=0.00s Real=0.03s
[2025-12-24T14:10:06.970+0000][gc,start    ] GC(8) Pause Young (Normal) (G1 Evacuation Pause)
[2025-12-24T14:10:06.971+0000][gc,task     ] GC(8) Using 8 workers of 8 for evacuation
[2025-12-24T14:10:07.009+0000][gc,phases   ] GC(8)   Pre Evacuate Collection Set: 4.8ms
[2025-12-24T14:10:07.009+0000][gc,phases   ] GC(8)   Merge Heap Roots: 0.6ms
[2025-12-24T14:10:07.009+0000][gc,phases   ] GC(8)   Evacuate Collection Set: 27.5ms
[2025-12-24T14:10:07.010+0000][gc,phases   ] GC(8)   Post Evacuate Collection Set: 5.2ms
[2025-12-24T14:10:07.010+0000][gc,phases   ] GC(8)   Other: 0.6ms
[2025-12-24T14:10:07.010+0000][gc,heap     ] GC(8) Eden regions: 600->0(604)
[2025-12-24T14:10:07.010+0000][gc,heap     ] GC(8) Survivor regions: 14->10(77)
[2025-12-24T14:10:07.010+0000][gc,heap     ] GC(8) Old regions: 15->15
[2025-12-24T14:10:07.010+0000][gc,heap     ] GC(8) Humongous regions: 131->131
[2025-12-24T14:10:07.010+0000][gc,metaspace] GC(8) Metaspace: 13477K(13760K)->13477K(13760K) NonClass: 11852K(11968K)->11852K(11968K) Class: 1625K(1792K)->1625K(1792K)
[2025-12-24T14:10:07.010+0000][gc          ] GC(8) Pause Young (Normal) (G1 Evacuation Pause) 758M->155M(1024M) 40.661ms
[2025-12-24T14:10:07.011+0000][gc,cpu      ] GC(8) User=0.16s Sys=0.00s Real=0.04s
[2025-12-24T14:10:37.230+0000][gc,start    ] GC(9) Pause Young (Normal) (G1 Evacuation Pause)
[2025-12-24T14:10:37.230+0000][gc,task     ] GC(9) Using 8 workers of 8 for evacuation
[2025-12-24T14:10:37.253+0000][gc,phases   ] GC(9)   Pre Evacuate Collection Set: 4.6ms
[2025-12-24T14:10:37.253+0000][gc,phases   ] GC(9)   Merge Heap Roots: 0.2ms
[2025-12-24T14:10:37.253+0000][gc,phases   ] GC(9)   Evacuate Collection Set: 15.6ms
[2025-12-24T14:10:37.253+0000][gc,phases   ] GC(9)   Post Evacuate Collection Set: 1.8ms
[2025-12-24T14:10:37.253+0000][gc,phases   ] GC(9)   Other: 0.6ms
[2025-12-24T14:10:37.254+0000][gc,heap     ] GC(9) Eden regions: 604->0(603)
[2025-12-24T14:10:37.254+0000][gc,heap     ] GC(9) Survivor regions: 10->11(77)
[2025-12-24T14:10:37.254+0000][gc,heap     ] GC(9) Old regions: 15->15
[2025-12-24T14:10:37.254+0000][gc,heap     ] GC(9) Humongous regions: 131->131
[2025-12-24T14:10:37.254+0000][gc,metaspace] GC(9) Metaspace: 13599K(13952K)->13599K(13952K) NonClass: 11972K(12160K)->11972K(12160K) Class: 1626K(1792K)->1626K(1792K)
[2025-12-24T14:10:37.254+0000][gc          ] GC(9) Pause Young (Normal) (G1 Evacuation Pause) 759M->156M(1024M) 24.257ms
[2025-12-24T14:10:37.254+0000][gc,cpu      ] GC(9) User=0.14s Sys=0.00s Real=0.03s
[2025-12-24T14:11:07.481+0000][gc,start    ] GC(10) Pause Young (Normal) (G1 Evacuation Pause)
[2025-12-24T14:11:07.483+0000][gc,task     ] GC(10) Using 8 workers of 8 for evacuation
[2025-12-24T14:11:07.503+0000][gc,phases   ] GC(10)   Pre Evacuate Collection Set: 3.0ms
[2025-12-24T14:11:07.504+0000][gc,phases   ] GC(10)   Merge Heap Roots: 1.1ms
[2025-12-24T14:11:07.504+0000][gc,phases   ] GC(10)   Evacuate Collection Set: 10.9ms
[2025-12-24T14:11:07.504+0000][gc,phases   ] GC(10)   Post Evacuate Collection Set: 5.2ms
[2025-12-24T14:11:07.504+0000][gc,phases   ] GC(10)   Other: 0.3ms
[2025-12-24T14:11:07.504+0000][gc,heap     ] GC(10) Eden regions: 603->0(601)
[2025-12-24T14:11:07.505+0000][gc,heap     ] GC(10) Survivor regions: 11->13(77)
[2025-12-24T14:11:07.505+0000][gc,heap     ] GC(10) Old regions: 15->15
[2025-12-24T14:11:07.505+0000][gc,heap     ] GC(10) Humongous regions: 131->131
[2025-12-24T14:11:07.505+0000][gc,metaspace] GC(10) Metaspace: 13635K(13952K)->13635K(13952K) NonClass: 12009K(12160K)->12009K(12160K) Class: 1626K(1792K)->1626K(1792K)
[2025-12-24T14:11:07.505+0000][gc          ] GC(10) Pause Young (Normal) (G1 Evacuation Pause) 759M->158M(1024M) 23.304ms
[2025-12-24T14:11:07.505+0000][gc,cpu      ] GC(10) User=0.13s Sys=0.00s Real=0.03s
[2025-12-24T14:11:47.113+0000][gc,start    ] GC(11) Pause Young (Normal) (G1 Evacuation Pause)
[2025-12-24T14:11:47.114+0000][gc,task     ] GC(11) Using 8 workers of 8 for evacuation
[2025-12-24T14:11:47.128+0000][gc,phases   ] GC(11)   Pre Evacuate Collection Set: 0.9ms
[2025-12-24T14:11:47.128+0000][gc,phases   ] GC(11)   Merge Heap Roots: 0.3ms
[2025-12-24T14:11:47.128+0000][gc,phases   ] GC(11)   Evacuate Collection Set: 11.6ms
[2025-12-24T14:11:47.128+0000][gc,phases   ] GC(11)   Post Evacuate Collection Set: 1.1ms
[2025-12-24T14:11:47.128+0000][gc,phases   ] GC(11)   Other: 0.2ms
[2025-12-24T14:11:47.129+0000][gc,heap     ] GC(11) Eden regions: 601->0(601)
[2025-12-24T14:11:47.129+0000][gc,heap     ] GC(11) Survivor regions: 13->13(77)
[2025-12-24T14:11:47.129+0000][gc,heap     ] GC(11) Old regions: 15->15
[2025-12-24T14:11:47.129+0000][gc,heap     ] GC(11) Humongous regions: 131->131
[2025-12-24T14:11:47.129+0000][gc,metaspace] GC(11) Metaspace: 13707K(14016K)->13707K(14016K) NonClass: 12079K(12224K)->12079K(12224K) Class: 1628K(1792K)->1628K(1792K)
[2025-12-24T14:11:47.129+0000][gc          ] GC(11) Pause Young (Normal) (G1 Evacuation Pause) 759M->158M(1024M) 15.834ms
[2025-12-24T14:11:47.129+0000][gc,cpu      ] GC(11) User=0.10s Sys=0.00s Real=0.01s
[2025-12-24T14:12:17.335+0000][gc,start    ] GC(12) Pause Young (Normal) (G1 Evacuation Pause)
[2025-12-24T14:12:17.338+0000][gc,task     ] GC(12) Using 8 workers of 8 for evacuation
[2025-12-24T14:12:17.355+0000][gc,phases   ] GC(12)   Pre Evacuate Collection Set: 1.3ms
[2025-12-24T14:12:17.355+0000][gc,phases   ] GC(12)   Merge Heap Roots: 0.2ms
[2025-12-24T14:12:17.355+0000][gc,phases   ] GC(12)   Evacuate Collection Set: 11.8ms
[2025-12-24T14:12:17.355+0000][gc,phases   ] GC(12)   Post Evacuate Collection Set: 2.4ms
[2025-12-24T14:12:17.355+0000][gc,phases   ] GC(12)   Other: 0.4ms
[2025-12-24T14:12:17.355+0000][gc,heap     ] GC(12) Eden regions: 601->0(600)
[2025-12-24T14:12:17.355+0000][gc,heap     ] GC(12) Survivor regions: 13->14(77)
[2025-12-24T14:12:17.355+0000][gc,heap     ] GC(12) Old regions: 15->15
[2025-12-24T14:12:17.355+0000][gc,heap     ] GC(12) Humongous regions: 131->131
[2025-12-24T14:12:17.355+0000][gc,metaspace] GC(12) Metaspace: 13743K(14080K)->13743K(14080K) NonClass: 12113K(12288K)->12113K(12288K) Class: 1630K(1792K)->1630K(1792K)
[2025-12-24T14:12:17.355+0000][gc          ] GC(12) Pause Young (Normal) (G1 Evacuation Pause) 759M->159M(1024M) 20.613ms
[2025-12-24T14:12:17.356+0000][gc,cpu      ] GC(12) User=0.11s Sys=0.00s Real=0.03s
[2025-12-24T14:12:56.992+0000][gc,start    ] GC(13) Pause Young (Normal) (G1 Evacuation Pause)
[2025-12-24T14:12:56.994+0000][gc,task     ] GC(13) Using 8 workers of 8 for evacuation
[2025-12-24T14:12:57.021+0000][gc,phases   ] GC(13)   Pre Evacuate Collection Set: 2.9ms
[2025-12-24T14:12:57.021+0000][gc,phases   ] GC(13)   Merge Heap Roots: 2.2ms
[2025-12-24T14:12:57.021+0000][gc,phases   ] GC(13)   Evacuate Collection Set: 19.1ms
[2025-12-24T14:12:57.021+0000][gc,phases   ] GC(13)   Post Evacuate Collection Set: 1.9ms
[2025-12-24T14:12:57.021+0000][gc,phases   ] GC(13)   Other: 0.9ms
[2025-12-24T14:12:57.021+0000][gc,heap     ] GC(13) Eden regions: 600->0(604)
[2025-12-24T14:12:57.021+0000][gc,heap     ] GC(13) Survivor regions: 14->10(77)
[2025-12-24T14:12:57.021+0000][gc,heap     ] GC(13) Old regions: 15->15
[2025-12-24T14:12:57.021+0000][gc,heap     ] GC(13) Humongous regions: 131->131
[2025-12-24T14:12:57.021+0000][gc,metaspace] GC(13) Metaspace: 13765K(14144K)->13765K(14144K) NonClass: 12135K(12352K)->12135K(12352K) Class: 1630K(1792K)->1630K(1792K)
[2025-12-24T14:12:57.021+0000][gc          ] GC(13) Pause Young (Normal) (G1 Evacuation Pause) 759M->155M(1024M) 29.061ms
[2025-12-24T14:12:57.022+0000][gc,cpu      ] GC(13) User=0.18s Sys=0.00s Real=0.03s
[2025-12-24T14:13:27.242+0000][gc,start    ] GC(14) Pause Young (Normal) (G1 Evacuation Pause)
[2025-12-24T14:13:27.242+0000][gc,task     ] GC(14) Using 8 workers of 8 for evacuation
[2025-12-24T14:13:27.267+0000][gc,phases   ] GC(14)   Pre Evacuate Collection Set: 1.3ms
[2025-12-24T14:13:27.267+0000][gc,phases   ] GC(14)   Merge Heap Roots: 0.2ms
[2025-12-24T14:13:27.268+0000][gc,phases   ] GC(14)   Evacuate Collection Set: 21.4ms
[2025-12-24T14:13:27.268+0000][gc,phases   ] GC(14)   Post Evacuate Collection Set: 1.6ms
[2025-12-24T14:13:27.268+0000][gc,phases   ] GC(14)   Other: 0.3ms
[2025-12-24T14:13:27.268+0000][gc,heap     ] GC(14) Eden regions: 604->0(602)
[2025-12-24T14:13:27.268+0000][gc,heap     ] GC(14) Survivor regions: 10->12(77)
[2025-12-24T14:13:27.268+0000][gc,heap     ] GC(14) Old regions: 15->15
[2025-12-24T14:13:27.268+0000][gc,heap     ] GC(14) Humongous regions: 131->131
[2025-12-24T14:13:27.268+0000][gc,metaspace] GC(14) Metaspace: 13785K(14144K)->13785K(14144K) NonClass: 12155K(12352K)->12155K(12352K) Class: 1630K(1792K)->1630K(1792K)
[2025-12-24T14:13:27.269+0000][gc          ] GC(14) Pause Young (Normal) (G1 Evacuation Pause) 759M->157M(1024M) 26.760ms
[2025-12-24T14:13:27.269+0000][gc,cpu      ] GC(14) User=0.15s Sys=0.01s Real=0.02s
[2025-12-24T14:13:57.475+0000][gc,start    ] GC(15) Pause Young (Normal) (G1 Evacuation Pause)
[2025-12-24T14:13:57.475+0000][gc,task     ] GC(15) Using 8 workers of 8 for evacuation
[2025-12-24T14:13:57.495+0000][gc,phases   ] GC(15)   Pre Evacuate Collection Set: 1.1ms
[2025-12-24T14:13:57.495+0000][gc,phases   ] GC(15)   Merge Heap Roots: 0.2ms
[2025-12-24T14:13:57.495+0000][gc,phases   ] GC(15)   Evacuate Collection Set: 15.8ms
[2025-12-24T14:13:57.495+0000][gc,phases   ] GC(15)   Post Evacuate Collection Set: 2.2ms
[2025-12-24T14:13:57.495+0000][gc,phases   ] GC(15)   Other: 0.4ms
[2025-12-24T14:13:57.495+0000][gc,heap     ] GC(15) Eden regions: 602->0(601)
[2025-12-24T14:13:57.495+0000][gc,heap     ] GC(15) Survivor regions: 12->13(77)
[2025-12-24T14:13:57.495+0000][gc,heap     ] GC(15) Old regions: 15->15
[2025-12-24T14:13:57.495+0000][gc,heap     ] GC(15) Humongous regions: 131->131
[2025-12-24T14:13:57.495+0000][gc,metaspace] GC(15) Metaspace: 13802K(14144K)->13802K(14144K) NonClass: 12172K(12352K)->12172K(12352K) Class: 1630K(1792K)->1630K(1792K)
[2025-12-24T14:13:57.495+0000][gc          ] GC(15) Pause Young (Normal) (G1 Evacuation Pause) 759M->158M(1024M) 20.881ms
[2025-12-24T14:13:57.495+0000][gc,cpu      ] GC(15) User=0.13s Sys=0.00s Real=0.02s
[2025-12-24T14:14:37.130+0000][gc,start    ] GC(16) Pause Young (Normal) (G1 Evacuation Pause)
[2025-12-24T14:14:37.131+0000][gc,task     ] GC(16) Using 8 workers of 8 for evacuation
[2025-12-24T14:14:37.155+0000][gc,phases   ] GC(16)   Pre Evacuate Collection Set: 1.5ms
[2025-12-24T14:14:37.155+0000][gc,phases   ] GC(16)   Merge Heap Roots: 0.2ms
[2025-12-24T14:14:37.155+0000][gc,phases   ] GC(16)   Evacuate Collection Set: 20.6ms
[2025-12-24T14:14:37.155+0000][gc,phases   ] GC(16)   Post Evacuate Collection Set: 1.6ms
[2025-12-24T14:14:37.155+0000][gc,phases   ] GC(16)   Other: 0.4ms
[2025-12-24T14:14:37.155+0000][gc,heap     ] GC(16) Eden regions: 601->0(603)
[2025-12-24T14:14:37.155+0000][gc,heap     ] GC(16) Survivor regions: 13->11(77)
[2025-12-24T14:14:37.155+0000][gc,heap     ] GC(16) Old regions: 15->17
[2025-12-24T14:14:37.155+0000][gc,heap     ] GC(16) Humongous regions: 131->131
[2025-12-24T14:14:37.155+0000][gc,metaspace] GC(16) Metaspace: 13847K(14144K)->13847K(14144K) NonClass: 12216K(12352K)->12216K(12352K) Class: 1631K(1792K)->1631K(1792K)
[2025-12-24T14:14:37.156+0000][gc          ] GC(16) Pause Young (Normal) (G1 Evacuation Pause) 759M->158M(1024M) 25.616ms
[2025-12-24T14:14:37.156+0000][gc,cpu      ] GC(16) User=0.14s Sys=0.02s Real=0.02s
[2025-12-24T14:15:07.347+0000][gc,start    ] GC(17) Pause Young (Normal) (G1 Evacuation Pause)
[2025-12-24T14:15:07.347+0000][gc,task     ] GC(17) Using 8 workers of 8 for evacuation
[2025-12-24T14:15:07.369+0000][gc,phases   ] GC(17)   Pre Evacuate Collection Set: 2.3ms
[2025-12-24T14:15:07.369+0000][gc,phases   ] GC(17)   Merge Heap Roots: 0.9ms
[2025-12-24T14:15:07.369+0000][gc,phases   ] GC(17)   Evacuate Collection Set: 17.1ms
[2025-12-24T14:15:07.369+0000][gc,phases   ] GC(17)   Post Evacuate Collection Set: 1.2ms
[2025-12-24T14:15:07.369+0000][gc,phases   ] GC(17)   Other: 0.2ms
[2025-12-24T14:15:07.369+0000][gc,heap     ] GC(17) Eden regions: 603->0(602)
[2025-12-24T14:15:07.370+0000][gc,heap     ] GC(17) Survivor regions: 11->12(77)
[2025-12-24T14:15:07.370+0000][gc,heap     ] GC(17) Old regions: 17->18
[2025-12-24T14:15:07.370+0000][gc,heap     ] GC(17) Humongous regions: 131->131
[2025-12-24T14:15:07.370+0000][gc,metaspace] GC(17) Metaspace: 13874K(14208K)->13874K(14208K) NonClass: 12242K(12416K)->12242K(12416K) Class: 1631K(1792K)->1631K(1792K)
[2025-12-24T14:15:07.370+0000][gc          ] GC(17) Pause Young (Normal) (G1 Evacuation Pause) 761M->160M(1024M) 22.992ms
[2025-12-24T14:15:07.370+0000][gc,cpu      ] GC(17) User=0.14s Sys=0.00s Real=0.02s
[2025-12-24T14:15:46.994+0000][gc,start    ] GC(18) Pause Young (Normal) (G1 Evacuation Pause)
[2025-12-24T14:15:46.995+0000][gc,task     ] GC(18) Using 8 workers of 8 for evacuation
[2025-12-24T14:15:47.016+0000][gc,phases   ] GC(18)   Pre Evacuate Collection Set: 1.9ms
[2025-12-24T14:15:47.016+0000][gc,phases   ] GC(18)   Merge Heap Roots: 0.4ms
[2025-12-24T14:15:47.016+0000][gc,phases   ] GC(18)   Evacuate Collection Set: 16.7ms
[2025-12-24T14:15:47.016+0000][gc,phases   ] GC(18)   Post Evacuate Collection Set: 1.8ms
[2025-12-24T14:15:47.017+0000][gc,phases   ] GC(18)   Other: 0.7ms
[2025-12-24T14:15:47.017+0000][gc,heap     ] GC(18) Eden regions: 602->0(609)
[2025-12-24T14:15:47.017+0000][gc,heap     ] GC(18) Survivor regions: 12->5(77)
[2025-12-24T14:15:47.017+0000][gc,heap     ] GC(18) Old regions: 18->21
[2025-12-24T14:15:47.017+0000][gc,heap     ] GC(18) Humongous regions: 131->131
[2025-12-24T14:15:47.017+0000][gc,metaspace] GC(18) Metaspace: 13896K(14272K)->13896K(14272K) NonClass: 12265K(12480K)->12265K(12480K) Class: 1631K(1792K)->1631K(1792K)
[2025-12-24T14:15:47.017+0000][gc          ] GC(18) Pause Young (Normal) (G1 Evacuation Pause) 762M->156M(1024M) 22.809ms
[2025-12-24T14:15:47.017+0000][gc,cpu      ] GC(18) User=0.12s Sys=0.01s Real=0.03s
[2025-12-24T14:16:17.272+0000][gc,start    ] GC(19) Pause Young (Normal) (G1 Evacuation Pause)
[2025-12-24T14:16:17.274+0000][gc,task     ] GC(19) Using 8 workers of 8 for evacuation
[2025-12-24T14:16:17.285+0000][gc,phases   ] GC(19)   Pre Evacuate Collection Set: 0.9ms
[2025-12-24T14:16:17.285+0000][gc,phases   ] GC(19)   Merge Heap Roots: 0.3ms
[2025-12-24T14:16:17.285+0000][gc,phases   ] GC(19)   Evacuate Collection Set: 8.9ms
[2025-12-24T14:16:17.285+0000][gc,phases   ] GC(19)   Post Evacuate Collection Set: 1.2ms
[2025-12-24T14:16:17.286+0000][gc,phases   ] GC(19)   Other: 0.3ms
[2025-12-24T14:16:17.286+0000][gc,heap     ] GC(19) Eden regions: 609->0(609)
[2025-12-24T14:16:17.286+0000][gc,heap     ] GC(19) Survivor regions: 5->5(77)
[2025-12-24T14:16:17.286+0000][gc,heap     ] GC(19) Old regions: 21->22
[2025-12-24T14:16:17.286+0000][gc,heap     ] GC(19) Humongous regions: 131->131
[2025-12-24T14:16:17.286+0000][gc,metaspace] GC(19) Metaspace: 13919K(14272K)->13919K(14272K) NonClass: 12287K(12480K)->12287K(12480K) Class: 1631K(1792K)->1631K(1792K)
[2025-12-24T14:16:17.286+0000][gc          ] GC(19) Pause Young (Normal) (G1 Evacuation Pause) 765M->157M(1024M) 13.613ms
[2025-12-24T14:16:17.286+0000][gc,cpu      ] GC(19) User=0.07s Sys=0.00s Real=0.01s
[2025-12-24T14:16:47.497+0000][gc,start    ] GC(20) Pause Young (Normal) (G1 Evacuation Pause)
[2025-12-24T14:16:47.497+0000][gc,task     ] GC(20) Using 8 workers of 8 for evacuation
[2025-12-24T14:16:47.506+0000][gc,phases   ] GC(20)   Pre Evacuate Collection Set: 1.8ms
[2025-12-24T14:16:47.506+0000][gc,phases   ] GC(20)   Merge Heap Roots: 0.2ms
[2025-12-24T14:16:47.506+0000][gc,phases   ] GC(20)   Evacuate Collection Set: 5.0ms
[2025-12-24T14:16:47.507+0000][gc,phases   ] GC(20)   Post Evacuate Collection Set: 1.8ms
[2025-12-24T14:16:47.507+0000][gc,phases   ] GC(20)   Other: 0.2ms
[2025-12-24T14:16:47.507+0000][gc,heap     ] GC(20) Eden regions: 609->0(608)
[2025-12-24T14:16:47.507+0000][gc,heap     ] GC(20) Survivor regions: 5->6(77)
[2025-12-24T14:16:47.507+0000][gc,heap     ] GC(20) Old regions: 22->23
[2025-12-24T14:16:47.507+0000][gc,heap     ] GC(20) Humongous regions: 131->131
[2025-12-24T14:16:47.507+0000][gc,metaspace] GC(20) Metaspace: 13930K(14272K)->13930K(14272K) NonClass: 12297K(12480K)->12297K(12480K) Class: 1632K(1792K)->1632K(1792K)
[2025-12-24T14:16:47.507+0000][gc          ] GC(20) Pause Young (Normal) (G1 Evacuation Pause) 766M->159M(1024M) 9.804ms
[2025-12-24T14:16:47.507+0000][gc,cpu      ] GC(20) User=0.04s Sys=0.01s Real=0.01s
[2025-12-24T14:17:30.163+0000][gc,start    ] GC(21) Pause Young (Normal) (G1 Evacuation Pause)
[2025-12-24T14:17:30.163+0000][gc,task     ] GC(21) Using 8 workers of 8 for evacuation
[2025-12-24T14:17:30.183+0000][gc,phases   ] GC(21)   Pre Evacuate Collection Set: 1.1ms
[2025-12-24T14:17:30.183+0000][gc,phases   ] GC(21)   Merge Heap Roots: 0.2ms
[2025-12-24T14:17:30.183+0000][gc,phases   ] GC(21)   Evacuate Collection Set: 16.7ms
[2025-12-24T14:17:30.183+0000][gc,phases   ] GC(21)   Post Evacuate Collection Set: 1.3ms
[2025-12-24T14:17:30.183+0000][gc,phases   ] GC(21)   Other: 0.2ms
[2025-12-24T14:17:30.183+0000][gc,heap     ] GC(21) Eden regions: 608->0(608)
[2025-12-24T14:17:30.183+0000][gc,heap     ] GC(21) Survivor regions: 6->6(77)
[2025-12-24T14:17:30.183+0000][gc,heap     ] GC(21) Old regions: 23->23
[2025-12-24T14:17:30.183+0000][gc,heap     ] GC(21) Humongous regions: 131->131
[2025-12-24T14:17:30.183+0000][gc,metaspace] GC(21) Metaspace: 14001K(14272K)->14001K(14272K) NonClass: 12355K(12480K)->12355K(12480K) Class: 1646K(1792K)->1646K(1792K)
[2025-12-24T14:17:30.183+0000][gc          ] GC(21) Pause Young (Normal) (G1 Evacuation Pause) 767M->159M(1024M) 20.461ms
[2025-12-24T14:17:30.183+0000][gc,cpu      ] GC(21) User=0.10s Sys=0.00s Real=0.02s
[2025-12-24T14:18:00.442+0000][gc,start    ] GC(22) Pause Young (Normal) (G1 Evacuation Pause)
[2025-12-24T14:18:00.443+0000][gc,task     ] GC(22) Using 8 workers of 8 for evacuation
[2025-12-24T14:18:00.462+0000][gc,phases   ] GC(22)   Pre Evacuate Collection Set: 1.4ms
[2025-12-24T14:18:00.462+0000][gc,phases   ] GC(22)   Merge Heap Roots: 0.2ms
[2025-12-24T14:18:00.462+0000][gc,phases   ] GC(22)   Evacuate Collection Set: 16.0ms
[2025-12-24T14:18:00.462+0000][gc,phases   ] GC(22)   Post Evacuate Collection Set: 1.2ms
[2025-12-24T14:18:00.462+0000][gc,phases   ] GC(22)   Other: 0.2ms
[2025-12-24T14:18:00.462+0000][gc,heap     ] GC(22) Eden regions: 608->0(606)
[2025-12-24T14:18:00.462+0000][gc,heap     ] GC(22) Survivor regions: 6->8(77)
[2025-12-24T14:18:00.462+0000][gc,heap     ] GC(22) Old regions: 23->23
[2025-12-24T14:18:00.462+0000][gc,heap     ] GC(22) Humongous regions: 131->131
[2025-12-24T14:18:00.463+0000][gc,metaspace] GC(22) Metaspace: 14067K(14400K)->14067K(14400K) NonClass: 12416K(12608K)->12416K(12608K) Class: 1650K(1792K)->1650K(1792K)
[2025-12-24T14:18:00.463+0000][gc          ] GC(22) Pause Young (Normal) (G1 Evacuation Pause) 767M->161M(1024M) 20.646ms
[2025-12-24T14:18:00.463+0000][gc,cpu      ] GC(22) User=0.12s Sys=0.00s Real=0.02s
[2025-12-24T14:18:40.048+0000][gc,start    ] GC(23) Pause Young (Normal) (G1 Evacuation Pause)
[2025-12-24T14:18:40.049+0000][gc,task     ] GC(23) Using 8 workers of 8 for evacuation
[2025-12-24T14:18:40.056+0000][gc,phases   ] GC(23)   Pre Evacuate Collection Set: 1.1ms
[2025-12-24T14:18:40.056+0000][gc,phases   ] GC(23)   Merge Heap Roots: 0.3ms
[2025-12-24T14:18:40.056+0000][gc,phases   ] GC(23)   Evacuate Collection Set: 4.2ms
[2025-12-24T14:18:40.057+0000][gc,phases   ] GC(23)   Post Evacuate Collection Set: 1.2ms
[2025-12-24T14:18:40.057+0000][gc,phases   ] GC(23)   Other: 0.3ms
[2025-12-24T14:18:40.057+0000][gc,heap     ] GC(23) Eden regions: 606->0(609)
[2025-12-24T14:18:40.057+0000][gc,heap     ] GC(23) Survivor regions: 8->5(77)
[2025-12-24T14:18:40.057+0000][gc,heap     ] GC(23) Old regions: 23->23
[2025-12-24T14:18:40.057+0000][gc,heap     ] GC(23) Humongous regions: 131->131
[2025-12-24T14:18:40.057+0000][gc,metaspace] GC(23) Metaspace: 14075K(14400K)->14075K(14400K) NonClass: 12424K(12608K)->12424K(12608K) Class: 1650K(1792K)->1650K(1792K)
[2025-12-24T14:18:40.057+0000][gc          ] GC(23) Pause Young (Normal) (G1 Evacuation Pause) 767M->157M(1024M) 9.109ms
[2025-12-24T14:18:40.057+0000][gc,cpu      ] GC(23) User=0.04s Sys=0.00s Real=0.01s
[2025-12-24T14:19:10.817+0000][gc,start    ] GC(24) Pause Young (Normal) (G1 Evacuation Pause)
[2025-12-24T14:19:10.820+0000][gc,task     ] GC(24) Using 8 workers of 8 for evacuation
[2025-12-24T14:19:10.836+0000][gc,phases   ] GC(24)   Pre Evacuate Collection Set: 2.6ms
[2025-12-24T14:19:10.836+0000][gc,phases   ] GC(24)   Merge Heap Roots: 0.5ms
[2025-12-24T14:19:10.836+0000][gc,phases   ] GC(24)   Evacuate Collection Set: 10.6ms
[2025-12-24T14:19:10.836+0000][gc,phases   ] GC(24)   Post Evacuate Collection Set: 2.1ms
[2025-12-24T14:19:10.836+0000][gc,phases   ] GC(24)   Other: 0.8ms
[2025-12-24T14:19:10.837+0000][gc,heap     ] GC(24) Eden regions: 609->0(608)
[2025-12-24T14:19:10.837+0000][gc,heap     ] GC(24) Survivor regions: 5->6(77)
[2025-12-24T14:19:10.837+0000][gc,heap     ] GC(24) Old regions: 23->23
[2025-12-24T14:19:10.837+0000][gc,heap     ] GC(24) Humongous regions: 131->131
[2025-12-24T14:19:10.837+0000][gc,metaspace] GC(24) Metaspace: 14087K(14400K)->14087K(14400K) NonClass: 12437K(12608K)->12437K(12608K) Class: 1650K(1792K)->1650K(1792K)
[2025-12-24T14:19:10.837+0000][gc          ] GC(24) Pause Young (Normal) (G1 Evacuation Pause) 766M->159M(1024M) 20.060ms
[2025-12-24T14:19:10.837+0000][gc,cpu      ] GC(24) User=0.08s Sys=0.01s Real=0.02s
[2025-12-24T14:19:49.999+0000][gc,start    ] GC(25) Pause Young (Normal) (G1 Evacuation Pause)
[2025-12-24T14:19:50.000+0000][gc,task     ] GC(25) Using 8 workers of 8 for evacuation
[2025-12-24T14:19:50.010+0000][gc,phases   ] GC(25)   Pre Evacuate Collection Set: 1.8ms
[2025-12-24T14:19:50.010+0000][gc,phases   ] GC(25)   Merge Heap Roots: 0.3ms
[2025-12-24T14:19:50.010+0000][gc,phases   ] GC(25)   Evacuate Collection Set: 6.4ms
[2025-12-24T14:19:50.010+0000][gc,phases   ] GC(25)   Post Evacuate Collection Set: 1.2ms
[2025-12-24T14:19:50.010+0000][gc,phases   ] GC(25)   Other: 0.3ms
[2025-12-24T14:19:50.010+0000][gc,heap     ] GC(25) Eden regions: 608->0(608)
[2025-12-24T14:19:50.010+0000][gc,heap     ] GC(25) Survivor regions: 6->6(77)
[2025-12-24T14:19:50.010+0000][gc,heap     ] GC(25) Old regions: 23->23
[2025-12-24T14:19:50.010+0000][gc,heap     ] GC(25) Humongous regions: 131->131
[2025-12-24T14:19:50.010+0000][gc,metaspace] GC(25) Metaspace: 14147K(14464K)->14147K(14464K) NonClass: 12496K(12672K)->12496K(12672K) Class: 1650K(1792K)->1650K(1792K)
[2025-12-24T14:19:50.010+0000][gc          ] GC(25) Pause Young (Normal) (G1 Evacuation Pause) 767M->159M(1024M) 11.328ms
[2025-12-24T14:19:50.010+0000][gc,cpu      ] GC(25) User=0.04s Sys=0.00s Real=0.01s
[2025-12-24T14:20:20.207+0000][gc,start    ] GC(26) Pause Young (Normal) (G1 Evacuation Pause)
[2025-12-24T14:20:20.207+0000][gc,task     ] GC(26) Using 8 workers of 8 for evacuation
[2025-12-24T14:20:20.220+0000][gc,phases   ] GC(26)   Pre Evacuate Collection Set: 1.2ms
[2025-12-24T14:20:20.220+0000][gc,phases   ] GC(26)   Merge Heap Roots: 0.4ms
[2025-12-24T14:20:20.220+0000][gc,phases   ] GC(26)   Evacuate Collection Set: 9.2ms
[2025-12-24T14:20:20.220+0000][gc,phases   ] GC(26)   Post Evacuate Collection Set: 1.3ms
[2025-12-24T14:20:20.220+0000][gc,phases   ] GC(26)   Other: 0.3ms
[2025-12-24T14:20:20.220+0000][gc,heap     ] GC(26) Eden regions: 608->0(606)
[2025-12-24T14:20:20.220+0000][gc,heap     ] GC(26) Survivor regions: 6->8(77)
[2025-12-24T14:20:20.220+0000][gc,heap     ] GC(26) Old regions: 23->23
[2025-12-24T14:20:20.220+0000][gc,heap     ] GC(26) Humongous regions: 131->131
[2025-12-24T14:20:20.220+0000][gc,metaspace] GC(26) Metaspace: 14194K(14528K)->14194K(14528K) NonClass: 12543K(12736K)->12543K(12736K) Class: 1650K(1792K)->1650K(1792K)
[2025-12-24T14:20:20.220+0000][gc          ] GC(26) Pause Young (Normal) (G1 Evacuation Pause) 767M->161M(1024M) 13.599ms
[2025-12-24T14:20:20.221+0000][gc,cpu      ] GC(26) User=0.08s Sys=0.00s Real=0.01s
[2025-12-24T14:20:50.512+0000][gc,start    ] GC(27) Pause Young (Normal) (G1 Evacuation Pause)
[2025-12-24T14:20:50.513+0000][gc,task     ] GC(27) Using 8 workers of 8 for evacuation
[2025-12-24T14:20:50.527+0000][gc,phases   ] GC(27)   Pre Evacuate Collection Set: 3.1ms
[2025-12-24T14:20:50.527+0000][gc,phases   ] GC(27)   Merge Heap Roots: 0.6ms
[2025-12-24T14:20:50.527+0000][gc,phases   ] GC(27)   Evacuate Collection Set: 7.6ms
[2025-12-24T14:20:50.527+0000][gc,phases   ] GC(27)   Post Evacuate Collection Set: 1.9ms
[2025-12-24T14:20:50.527+0000][gc,phases   ] GC(27)   Other: 0.5ms
[2025-12-24T14:20:50.527+0000][gc,heap     ] GC(27) Eden regions: 606->0(604)
[2025-12-24T14:20:50.527+0000][gc,heap     ] GC(27) Survivor regions: 8->10(77)
[2025-12-24T14:20:50.527+0000][gc,heap     ] GC(27) Old regions: 23->23
[2025-12-24T14:20:50.527+0000][gc,heap     ] GC(27) Humongous regions: 131->131
[2025-12-24T14:20:50.527+0000][gc,metaspace] GC(27) Metaspace: 14207K(14528K)->14207K(14528K) NonClass: 12556K(12736K)->12556K(12736K) Class: 1650K(1792K)->1650K(1792K)
[2025-12-24T14:20:50.528+0000][gc          ] GC(27) Pause Young (Normal) (G1 Evacuation Pause) 767M->163M(1024M) 15.961ms
[2025-12-24T14:20:50.528+0000][gc,cpu      ] GC(27) User=0.07s Sys=0.00s Real=0.01s
[2025-12-24T14:21:30.122+0000][gc,start    ] GC(28) Pause Young (Normal) (G1 Evacuation Pause)
[2025-12-24T14:21:30.124+0000][gc,task     ] GC(28) Using 8 workers of 8 for evacuation
[2025-12-24T14:21:30.141+0000][gc,phases   ] GC(28)   Pre Evacuate Collection Set: 5.1ms
[2025-12-24T14:21:30.141+0000][gc,phases   ] GC(28)   Merge Heap Roots: 0.6ms
[2025-12-24T14:21:30.141+0000][gc,phases   ] GC(28)   Evacuate Collection Set: 7.7ms
[2025-12-24T14:21:30.141+0000][gc,phases   ] GC(28)   Post Evacuate Collection Set: 3.0ms
[2025-12-24T14:21:30.141+0000][gc,phases   ] GC(28)   Other: 0.7ms
[2025-12-24T14:21:30.141+0000][gc,heap     ] GC(28) Eden regions: 604->0(608)
[2025-12-24T14:21:30.141+0000][gc,heap     ] GC(28) Survivor regions: 10->6(77)
[2025-12-24T14:21:30.141+0000][gc,heap     ] GC(28) Old regions: 23->23
[2025-12-24T14:21:30.141+0000][gc,heap     ] GC(28) Humongous regions: 131->131
[2025-12-24T14:21:30.141+0000][gc,metaspace] GC(28) Metaspace: 14251K(14528K)->14251K(14528K) NonClass: 12600K(12736K)->12600K(12736K) Class: 1650K(1792K)->1650K(1792K)
[2025-12-24T14:21:30.141+0000][gc          ] GC(28) Pause Young (Normal) (G1 Evacuation Pause) 767M->159M(1024M) 19.345ms
[2025-12-24T14:21:30.141+0000][gc,cpu      ] GC(28) User=0.09s Sys=0.00s Real=0.02s
[2025-12-24T14:22:00.400+0000][gc,start    ] GC(29) Pause Young (Normal) (G1 Evacuation Pause)
[2025-12-24T14:22:00.401+0000][gc,task     ] GC(29) Using 8 workers of 8 for evacuation
[2025-12-24T14:22:00.421+0000][gc,phases   ] GC(29)   Pre Evacuate Collection Set: 3.9ms
[2025-12-24T14:22:00.421+0000][gc,phases   ] GC(29)   Merge Heap Roots: 0.5ms
[2025-12-24T14:22:00.421+0000][gc,phases   ] GC(29)   Evacuate Collection Set: 13.6ms
[2025-12-24T14:22:00.421+0000][gc,phases   ] GC(29)   Post Evacuate Collection Set: 1.6ms
[2025-12-24T14:22:00.421+0000][gc,phases   ] GC(29)   Other: 0.3ms
[2025-12-24T14:22:00.421+0000][gc,heap     ] GC(29) Eden regions: 608->0(606)
[2025-12-24T14:22:00.421+0000][gc,heap     ] GC(29) Survivor regions: 6->8(77)
[2025-12-24T14:22:00.421+0000][gc,heap     ] GC(29) Old regions: 23->23
[2025-12-24T14:22:00.421+0000][gc,heap     ] GC(29) Humongous regions: 131->131
[2025-12-24T14:22:00.421+0000][gc,metaspace] GC(29) Metaspace: 14255K(14592K)->14255K(14592K) NonClass: 12604K(12800K)->12604K(12800K) Class: 1650K(1792K)->1650K(1792K)
[2025-12-24T14:22:00.421+0000][gc          ] GC(29) Pause Young (Normal) (G1 Evacuation Pause) 767M->161M(1024M) 21.636ms
[2025-12-24T14:22:00.421+0000][gc,cpu      ] GC(29) User=0.12s Sys=0.00s Real=0.02s
[2025-12-24T14:22:40.091+0000][gc,start    ] GC(30) Pause Young (Normal) (G1 Evacuation Pause)
[2025-12-24T14:22:40.091+0000][gc,task     ] GC(30) Using 8 workers of 8 for evacuation
[2025-12-24T14:22:40.115+0000][gc,phases   ] GC(30)   Pre Evacuate Collection Set: 1.3ms
[2025-12-24T14:22:40.116+0000][gc,phases   ] GC(30)   Merge Heap Roots: 0.2ms
[2025-12-24T14:22:40.116+0000][gc,phases   ] GC(30)   Evacuate Collection Set: 15.6ms
[2025-12-24T14:22:40.116+0000][gc,phases   ] GC(30)   Post Evacuate Collection Set: 5.7ms
[2025-12-24T14:22:40.116+0000][gc,phases   ] GC(30)   Other: 1.1ms
[2025-12-24T14:22:40.116+0000][gc,heap     ] GC(30) Eden regions: 606->0(607)
[2025-12-24T14:22:40.116+0000][gc,heap     ] GC(30) Survivor regions: 8->7(77)
[2025-12-24T14:22:40.116+0000][gc,heap     ] GC(30) Old regions: 23->24
[2025-12-24T14:22:40.116+0000][gc,heap     ] GC(30) Humongous regions: 131->131
[2025-12-24T14:22:40.116+0000][gc,metaspace] GC(30) Metaspace: 14268K(14592K)->14268K(14592K) NonClass: 12617K(12800K)->12617K(12800K) Class: 1650K(1792K)->1650K(1792K)
[2025-12-24T14:22:40.117+0000][gc          ] GC(30) Pause Young (Normal) (G1 Evacuation Pause) 767M->160M(1024M) 25.975ms
[2025-12-24T14:22:40.117+0000][gc,cpu      ] GC(30) User=0.09s Sys=0.01s Real=0.03s
[2025-12-24T14:23:10.320+0000][gc,start    ] GC(31) Pause Young (Normal) (G1 Evacuation Pause)
[2025-12-24T14:23:10.322+0000][gc,task     ] GC(31) Using 8 workers of 8 for evacuation
[2025-12-24T14:23:10.337+0000][gc,phases   ] GC(31)   Pre Evacuate Collection Set: 3.4ms
[2025-12-24T14:23:10.338+0000][gc,phases   ] GC(31)   Merge Heap Roots: 0.4ms
[2025-12-24T14:23:10.338+0000][gc,phases   ] GC(31)   Evacuate Collection Set: 10.2ms
[2025-12-24T14:23:10.338+0000][gc,phases   ] GC(31)   Post Evacuate Collection Set: 1.5ms
[2025-12-24T14:23:10.338+0000][gc,phases   ] GC(31)   Other: 0.8ms
[2025-12-24T14:23:10.338+0000][gc,heap     ] GC(31) Eden regions: 607->0(605)
[2025-12-24T14:23:10.338+0000][gc,heap     ] GC(31) Survivor regions: 7->9(77)
[2025-12-24T14:23:10.338+0000][gc,heap     ] GC(31) Old regions: 24->24
[2025-12-24T14:23:10.338+0000][gc,heap     ] GC(31) Humongous regions: 131->131
[2025-12-24T14:23:10.338+0000][gc,metaspace] GC(31) Metaspace: 14288K(14656K)->14288K(14656K) NonClass: 12637K(12864K)->12637K(12864K) Class: 1650K(1792K)->1650K(1792K)
[2025-12-24T14:23:10.338+0000][gc          ] GC(31) Pause Young (Normal) (G1 Evacuation Pause) 767M->162M(1024M) 18.824ms
[2025-12-24T14:23:10.339+0000][gc,cpu      ] GC(31) User=0.08s Sys=0.00s Real=0.02s
[2025-12-24T14:23:49.958+0000][gc,start    ] GC(32) Pause Young (Normal) (G1 Evacuation Pause)
[2025-12-24T14:23:49.958+0000][gc,task     ] GC(32) Using 8 workers of 8 for evacuation
[2025-12-24T14:23:49.975+0000][gc,phases   ] GC(32)   Pre Evacuate Collection Set: 1.3ms
[2025-12-24T14:23:49.975+0000][gc,phases   ] GC(32)   Merge Heap Roots: 0.2ms
[2025-12-24T14:23:49.975+0000][gc,phases   ] GC(32)   Evacuate Collection Set: 12.9ms
[2025-12-24T14:23:49.975+0000][gc,phases   ] GC(32)   Post Evacuate Collection Set: 1.7ms
[2025-12-24T14:23:49.975+0000][gc,phases   ] GC(32)   Other: 0.2ms
[2025-12-24T14:23:49.975+0000][gc,heap     ] GC(32) Eden regions: 605->0(605)
[2025-12-24T14:23:49.975+0000][gc,heap     ] GC(32) Survivor regions: 9->9(77)
[2025-12-24T14:23:49.975+0000][gc,heap     ] GC(32) Old regions: 24->24
[2025-12-24T14:23:49.975+0000][gc,heap     ] GC(32) Humongous regions: 131->131
[2025-12-24T14:23:49.975+0000][gc,metaspace] GC(32) Metaspace: 14302K(14656K)->14302K(14656K) NonClass: 12651K(12864K)->12651K(12864K) Class: 1650K(1792K)->1650K(1792K)
[2025-12-24T14:23:49.976+0000][gc          ] GC(32) Pause Young (Normal) (G1 Evacuation Pause) 767M->162M(1024M) 17.706ms
[2025-12-24T14:23:49.976+0000][gc,cpu      ] GC(32) User=0.11s Sys=0.00s Real=0.02s
[2025-12-24T14:24:20.190+0000][gc,start    ] GC(33) Pause Young (Normal) (G1 Evacuation Pause)
[2025-12-24T14:24:20.191+0000][gc,task     ] GC(33) Using 8 workers of 8 for evacuation
[2025-12-24T14:24:20.203+0000][gc,phases   ] GC(33)   Pre Evacuate Collection Set: 1.2ms
[2025-12-24T14:24:20.203+0000][gc,phases   ] GC(33)   Merge Heap Roots: 0.4ms
[2025-12-24T14:24:20.203+0000][gc,phases   ] GC(33)   Evacuate Collection Set: 8.6ms
[2025-12-24T14:24:20.203+0000][gc,phases   ] GC(33)   Post Evacuate Collection Set: 1.4ms
[2025-12-24T14:24:20.203+0000][gc,phases   ] GC(33)   Other: 0.2ms
[2025-12-24T14:24:20.203+0000][gc,heap     ] GC(33) Eden regions: 605->0(607)
[2025-12-24T14:24:20.204+0000][gc,heap     ] GC(33) Survivor regions: 9->7(77)
[2025-12-24T14:24:20.204+0000][gc,heap     ] GC(33) Old regions: 24->24
[2025-12-24T14:24:20.204+0000][gc,heap     ] GC(33) Humongous regions: 131->131
[2025-12-24T14:24:20.204+0000][gc,metaspace] GC(33) Metaspace: 14334K(14656K)->14334K(14656K) NonClass: 12682K(12864K)->12682K(12864K) Class: 1651K(1792K)->1651K(1792K)
[2025-12-24T14:24:20.204+0000][gc          ] GC(33) Pause Young (Normal) (G1 Evacuation Pause) 767M->161M(1024M) 13.742ms
[2025-12-24T14:24:20.204+0000][gc,cpu      ] GC(33) User=0.08s Sys=0.00s Real=0.02s
[2025-12-24T14:24:50.452+0000][gc,start    ] GC(34) Pause Young (Normal) (G1 Evacuation Pause)
[2025-12-24T14:24:50.453+0000][gc,task     ] GC(34) Using 8 workers of 8 for evacuation
[2025-12-24T14:24:50.461+0000][gc,phases   ] GC(34)   Pre Evacuate Collection Set: 1.0ms
[2025-12-24T14:24:50.461+0000][gc,phases   ] GC(34)   Merge Heap Roots: 0.2ms
[2025-12-24T14:24:50.461+0000][gc,phases   ] GC(34)   Evacuate Collection Set: 5.0ms
[2025-12-24T14:24:50.461+0000][gc,phases   ] GC(34)   Post Evacuate Collection Set: 1.0ms
[2025-12-24T14:24:50.461+0000][gc,phases   ] GC(34)   Other: 0.2ms
[2025-12-24T14:24:50.461+0000][gc,heap     ] GC(34) Eden regions: 607->0(606)
[2025-12-24T14:24:50.461+0000][gc,heap     ] GC(34) Survivor regions: 7->8(77)
[2025-12-24T14:24:50.461+0000][gc,heap     ] GC(34) Old regions: 24->24
[2025-12-24T14:24:50.461+0000][gc,heap     ] GC(34) Humongous regions: 131->131
[2025-12-24T14:24:50.461+0000][gc,metaspace] GC(34) Metaspace: 14343K(14656K)->14343K(14656K) NonClass: 12691K(12864K)->12691K(12864K) Class: 1651K(1792K)->1651K(1792K)
[2025-12-24T14:24:50.462+0000][gc          ] GC(34) Pause Young (Normal) (G1 Evacuation Pause) 768M->162M(1024M) 9.250ms
[2025-12-24T14:24:50.462+0000][gc,cpu      ] GC(34) User=0.05s Sys=0.00s Real=0.01s
[2025-12-24T14:25:30.097+0000][gc,start    ] GC(35) Pause Young (Normal) (G1 Evacuation Pause)
[2025-12-24T14:25:30.098+0000][gc,task     ] GC(35) Using 8 workers of 8 for evacuation
[2025-12-24T14:25:30.106+0000][gc,phases   ] GC(35)   Pre Evacuate Collection Set: 1.0ms
[2025-12-24T14:25:30.107+0000][gc,phases   ] GC(35)   Merge Heap Roots: 0.2ms
[2025-12-24T14:25:30.107+0000][gc,phases   ] GC(35)   Evacuate Collection Set: 5.8ms
[2025-12-24T14:25:30.107+0000][gc,phases   ] GC(35)   Post Evacuate Collection Set: 1.1ms
[2025-12-24T14:25:30.107+0000][gc,phases   ] GC(35)   Other: 0.2ms
[2025-12-24T14:25:30.107+0000][gc,heap     ] GC(35) Eden regions: 606->0(606)
[2025-12-24T14:25:30.107+0000][gc,heap     ] GC(35) Survivor regions: 8->8(77)
[2025-12-24T14:25:30.107+0000][gc,heap     ] GC(35) Old regions: 24->24
[2025-12-24T14:25:30.107+0000][gc,heap     ] GC(35) Humongous regions: 131->131
[2025-12-24T14:25:30.107+0000][gc,metaspace] GC(35) Metaspace: 14354K(14656K)->14354K(14656K) NonClass: 12703K(12864K)->12703K(12864K) Class: 1651K(1792K)->1651K(1792K)
[2025-12-24T14:25:30.107+0000][gc          ] GC(35) Pause Young (Normal) (G1 Evacuation Pause) 768M->162M(1024M) 10.055ms
[2025-12-24T14:25:30.107+0000][gc,cpu      ] GC(35) User=0.05s Sys=0.01s Real=0.01s
[2025-12-24T14:26:00.369+0000][gc,start    ] GC(36) Pause Young (Normal) (G1 Evacuation Pause)
[2025-12-24T14:26:00.370+0000][gc,task     ] GC(36) Using 8 workers of 8 for evacuation
[2025-12-24T14:26:00.382+0000][gc,phases   ] GC(36)   Pre Evacuate Collection Set: 1.0ms
[2025-12-24T14:26:00.382+0000][gc,phases   ] GC(36)   Merge Heap Roots: 0.2ms
[2025-12-24T14:26:00.382+0000][gc,phases   ] GC(36)   Evacuate Collection Set: 8.0ms
[2025-12-24T14:26:00.382+0000][gc,phases   ] GC(36)   Post Evacuate Collection Set: 2.8ms
[2025-12-24T14:26:00.382+0000][gc,phases   ] GC(36)   Other: 0.2ms
[2025-12-24T14:26:00.382+0000][gc,heap     ] GC(36) Eden regions: 606->0(604)
[2025-12-24T14:26:00.382+0000][gc,heap     ] GC(36) Survivor regions: 8->10(77)
[2025-12-24T14:26:00.382+0000][gc,heap     ] GC(36) Old regions: 24->25
[2025-12-24T14:26:00.383+0000][gc,heap     ] GC(36) Humongous regions: 131->131
[2025-12-24T14:26:00.383+0000][gc,metaspace] GC(36) Metaspace: 14357K(14656K)->14357K(14656K) NonClass: 12705K(12864K)->12705K(12864K) Class: 1651K(1792K)->1651K(1792K)
[2025-12-24T14:26:00.386+0000][gc          ] GC(36) Pause Young (Normal) (G1 Evacuation Pause) 768M->165M(1024M) 17.088ms
[2025-12-24T14:26:00.388+0000][gc,cpu      ] GC(36) User=0.08s Sys=0.01s Real=0.01s
[2025-12-24T14:26:40.010+0000][gc,start    ] GC(37) Pause Young (Normal) (G1 Evacuation Pause)
[2025-12-24T14:26:40.010+0000][gc,task     ] GC(37) Using 8 workers of 8 for evacuation
[2025-12-24T14:26:40.024+0000][gc,phases   ] GC(37)   Pre Evacuate Collection Set: 1.3ms
[2025-12-24T14:26:40.024+0000][gc,phases   ] GC(37)   Merge Heap Roots: 0.6ms
[2025-12-24T14:26:40.024+0000][gc,phases   ] GC(37)   Evacuate Collection Set: 10.5ms
[2025-12-24T14:26:40.024+0000][gc,phases   ] GC(37)   Post Evacuate Collection Set: 1.7ms
[2025-12-24T14:26:40.025+0000][gc,phases   ] GC(37)   Other: 0.2ms
[2025-12-24T14:26:40.025+0000][gc,heap     ] GC(37) Eden regions: 604->0(605)
[2025-12-24T14:26:40.025+0000][gc,heap     ] GC(37) Survivor regions: 10->9(77)
[2025-12-24T14:26:40.025+0000][gc,heap     ] GC(37) Old regions: 25->25
[2025-12-24T14:26:40.025+0000][gc,heap     ] GC(37) Humongous regions: 131->131
[2025-12-24T14:26:40.025+0000][gc,metaspace] GC(37) Metaspace: 14369K(14656K)->14369K(14656K) NonClass: 12717K(12864K)->12717K(12864K) Class: 1651K(1792K)->1651K(1792K)
[2025-12-24T14:26:40.025+0000][gc          ] GC(37) Pause Young (Normal) (G1 Evacuation Pause) 769M->164M(1024M) 15.520ms
[2025-12-24T14:26:40.025+0000][gc,cpu      ] GC(37) User=0.09s Sys=0.00s Real=0.01s
[2025-12-24T14:27:10.120+0000][gc,start    ] GC(38) Pause Young (Normal) (G1 Evacuation Pause)
[2025-12-24T14:27:10.122+0000][gc,task     ] GC(38) Using 8 workers of 8 for evacuation
[2025-12-24T14:27:10.139+0000][gc,phases   ] GC(38)   Pre Evacuate Collection Set: 2.5ms
[2025-12-24T14:27:10.139+0000][gc,phases   ] GC(38)   Merge Heap Roots: 0.7ms
[2025-12-24T14:27:10.139+0000][gc,phases   ] GC(38)   Evacuate Collection Set: 12.3ms
[2025-12-24T14:27:10.139+0000][gc,phases   ] GC(38)   Post Evacuate Collection Set: 1.2ms
[2025-12-24T14:27:10.139+0000][gc,phases   ] GC(38)   Other: 0.3ms
[2025-12-24T14:27:10.139+0000][gc,heap     ] GC(38) Eden regions: 605->0(606)
[2025-12-24T14:27:10.139+0000][gc,heap     ] GC(38) Survivor regions: 9->8(77)
[2025-12-24T14:27:10.139+0000][gc,heap     ] GC(38) Old regions: 25->25
[2025-12-24T14:27:10.139+0000][gc,heap     ] GC(38) Humongous regions: 131->131
[2025-12-24T14:27:10.139+0000][gc,metaspace] GC(38) Metaspace: 14412K(14784K)->14412K(14784K) NonClass: 12749K(12928K)->12749K(12928K) Class: 1662K(1856K)->1662K(1856K)
[2025-12-24T14:27:10.139+0000][gc          ] GC(38) Pause Young (Normal) (G1 Evacuation Pause) 769M->163M(1024M) 19.025ms
[2025-12-24T14:27:10.140+0000][gc,cpu      ] GC(38) User=0.12s Sys=0.01s Real=0.02s
[2025-12-24T14:27:49.895+0000][gc,start    ] GC(39) Pause Young (Normal) (G1 Evacuation Pause)
[2025-12-24T14:27:49.895+0000][gc,task     ] GC(39) Using 8 workers of 8 for evacuation
[2025-12-24T14:27:49.923+0000][gc,phases   ] GC(39)   Pre Evacuate Collection Set: 2.6ms
[2025-12-24T14:27:49.923+0000][gc,phases   ] GC(39)   Merge Heap Roots: 1.1ms
[2025-12-24T14:27:49.923+0000][gc,phases   ] GC(39)   Evacuate Collection Set: 19.4ms
[2025-12-24T14:27:49.923+0000][gc,phases   ] GC(39)   Post Evacuate Collection Set: 3.6ms
[2025-12-24T14:27:49.923+0000][gc,phases   ] GC(39)   Other: 0.6ms
[2025-12-24T14:27:49.923+0000][gc,heap     ] GC(39) Eden regions: 606->0(606)
[2025-12-24T14:27:49.923+0000][gc,heap     ] GC(39) Survivor regions: 8->8(77)
[2025-12-24T14:27:49.923+0000][gc,heap     ] GC(39) Old regions: 25->26
[2025-12-24T14:27:49.924+0000][gc,heap     ] GC(39) Humongous regions: 131->131
[2025-12-24T14:27:49.924+0000][gc,metaspace] GC(39) Metaspace: 14416K(14784K)->14416K(14784K) NonClass: 12754K(12928K)->12754K(12928K) Class: 1662K(1856K)->1662K(1856K)
[2025-12-24T14:27:49.924+0000][gc          ] GC(39) Pause Young (Normal) (G1 Evacuation Pause) 769M->163M(1024M) 28.924ms
[2025-12-24T14:27:49.924+0000][gc,cpu      ] GC(39) User=0.18s Sys=0.00s Real=0.03s
[2025-12-24T14:28:20.158+0000][gc,start    ] GC(40) Pause Young (Normal) (G1 Evacuation Pause)
[2025-12-24T14:28:20.159+0000][gc,task     ] GC(40) Using 8 workers of 8 for evacuation
[2025-12-24T14:28:20.170+0000][gc,phases   ] GC(40)   Pre Evacuate Collection Set: 1.3ms
[2025-12-24T14:28:20.170+0000][gc,phases   ] GC(40)   Merge Heap Roots: 0.2ms
[2025-12-24T14:28:20.170+0000][gc,phases   ] GC(40)   Evacuate Collection Set: 8.0ms
[2025-12-24T14:28:20.170+0000][gc,phases   ] GC(40)   Post Evacuate Collection Set: 1.3ms
[2025-12-24T14:28:20.170+0000][gc,phases   ] GC(40)   Other: 0.2ms
[2025-12-24T14:28:20.170+0000][gc,heap     ] GC(40) Eden regions: 606->0(606)
[2025-12-24T14:28:20.170+0000][gc,heap     ] GC(40) Survivor regions: 8->8(77)
[2025-12-24T14:28:20.170+0000][gc,heap     ] GC(40) Old regions: 26->26
[2025-12-24T14:28:20.170+0000][gc,heap     ] GC(40) Humongous regions: 131->131
[2025-12-24T14:28:20.170+0000][gc,metaspace] GC(40) Metaspace: 14561K(14976K)->14561K(14976K) NonClass: 12877K(13056K)->12877K(13056K) Class: 1683K(1920K)->1683K(1920K)
[2025-12-24T14:28:20.171+0000][gc          ] GC(40) Pause Young (Normal) (G1 Evacuation Pause) 769M->164M(1024M) 12.885ms
[2025-12-24T14:28:20.171+0000][gc,cpu      ] GC(40) User=0.07s Sys=0.00s Real=0.01s
[2025-12-24T14:28:50.523+0000][gc,start    ] GC(41) Pause Young (Normal) (G1 Evacuation Pause)
[2025-12-24T14:28:50.524+0000][gc,task     ] GC(41) Using 8 workers of 8 for evacuation
[2025-12-24T14:28:50.552+0000][gc,phases   ] GC(41)   Pre Evacuate Collection Set: 5.1ms
[2025-12-24T14:28:50.552+0000][gc,phases   ] GC(41)   Merge Heap Roots: 0.9ms
[2025-12-24T14:28:50.552+0000][gc,phases   ] GC(41)   Evacuate Collection Set: 16.3ms
[2025-12-24T14:28:50.552+0000][gc,phases   ] GC(41)   Post Evacuate Collection Set: 4.7ms
[2025-12-24T14:28:50.553+0000][gc,phases   ] GC(41)   Other: 1.1ms
[2025-12-24T14:28:50.553+0000][gc,heap     ] GC(41) Eden regions: 606->0(604)
[2025-12-24T14:28:50.553+0000][gc,heap     ] GC(41) Survivor regions: 8->10(77)
[2025-12-24T14:28:50.554+0000][gc,heap     ] GC(41) Old regions: 26->26
[2025-12-24T14:28:50.554+0000][gc,heap     ] GC(41) Humongous regions: 131->131
[2025-12-24T14:28:50.554+0000][gc,metaspace] GC(41) Metaspace: 14669K(15168K)->14669K(15168K) NonClass: 12970K(13184K)->12970K(13184K) Class: 1698K(1984K)->1698K(1984K)
[2025-12-24T14:28:50.554+0000][gc          ] GC(41) Pause Young (Normal) (G1 Evacuation Pause) 770M->166M(1024M) 31.126ms
[2025-12-24T14:28:50.554+0000][gc,cpu      ] GC(41) User=0.16s Sys=0.00s Real=0.03s
[2025-12-24T14:29:30.060+0000][gc,start    ] GC(42) Pause Young (Normal) (G1 Evacuation Pause)
[2025-12-24T14:29:30.061+0000][gc,task     ] GC(42) Using 8 workers of 8 for evacuation
[2025-12-24T14:29:30.081+0000][gc,phases   ] GC(42)   Pre Evacuate Collection Set: 1.3ms
[2025-12-24T14:29:30.082+0000][gc,phases   ] GC(42)   Merge Heap Roots: 0.3ms
[2025-12-24T14:29:30.082+0000][gc,phases   ] GC(42)   Evacuate Collection Set: 16.6ms
[2025-12-24T14:29:30.082+0000][gc,phases   ] GC(42)   Post Evacuate Collection Set: 1.5ms
[2025-12-24T14:29:30.082+0000][gc,phases   ] GC(42)   Other: 0.2ms
[2025-12-24T14:29:30.082+0000][gc,heap     ] GC(42) Eden regions: 604->0(605)
[2025-12-24T14:29:30.082+0000][gc,heap     ] GC(42) Survivor regions: 10->9(77)
[2025-12-24T14:29:30.082+0000][gc,heap     ] GC(42) Old regions: 26->27
[2025-12-24T14:29:30.082+0000][gc,heap     ] GC(42) Humongous regions: 131->131
[2025-12-24T14:29:30.082+0000][gc,metaspace] GC(42) Metaspace: 14686K(15168K)->14686K(15168K) NonClass: 12988K(13184K)->12988K(13184K) Class: 1698K(1984K)->1698K(1984K)
[2025-12-24T14:29:30.082+0000][gc          ] GC(42) Pause Young (Normal) (G1 Evacuation Pause) 770M->166M(1024M) 21.885ms
[2025-12-24T14:29:30.082+0000][gc,cpu      ] GC(42) User=0.12s Sys=0.00s Real=0.03s
[2025-12-24T14:30:00.300+0000][gc,start    ] GC(43) Pause Young (Normal) (G1 Evacuation Pause)
[2025-12-24T14:30:00.301+0000][gc,task     ] GC(43) Using 8 workers of 8 for evacuation
[2025-12-24T14:30:00.315+0000][gc,phases   ] GC(43)   Pre Evacuate Collection Set: 2.1ms
[2025-12-24T14:30:00.315+0000][gc,phases   ] GC(43)   Merge Heap Roots: 1.7ms
[2025-12-24T14:30:00.315+0000][gc,phases   ] GC(43)   Evacuate Collection Set: 8.7ms
[2025-12-24T14:30:00.315+0000][gc,phases   ] GC(43)   Post Evacuate Collection Set: 1.5ms
[2025-12-24T14:30:00.315+0000][gc,phases   ] GC(43)   Other: 0.3ms
[2025-12-24T14:30:00.315+0000][gc,heap     ] GC(43) Eden regions: 605->0(606)
[2025-12-24T14:30:00.315+0000][gc,heap     ] GC(43) Survivor regions: 9->8(77)
[2025-12-24T14:30:00.315+0000][gc,heap     ] GC(43) Old regions: 27->27
[2025-12-24T14:30:00.315+0000][gc,heap     ] GC(43) Humongous regions: 131->131
[2025-12-24T14:30:00.315+0000][gc,metaspace] GC(43) Metaspace: 14690K(15168K)->14690K(15168K) NonClass: 12991K(13184K)->12991K(13184K) Class: 1698K(1984K)->1698K(1984K)
[2025-12-24T14:30:00.316+0000][gc          ] GC(43) Pause Young (Normal) (G1 Evacuation Pause) 771M->165M(1024M) 15.346ms
[2025-12-24T14:30:00.316+0000][gc,cpu      ] GC(43) User=0.09s Sys=0.00s Real=0.02s
[2025-12-24T14:30:39.953+0000][gc,start    ] GC(44) Pause Young (Normal) (G1 Evacuation Pause)
[2025-12-24T14:30:39.954+0000][gc,task     ] GC(44) Using 8 workers of 8 for evacuation
[2025-12-24T14:30:39.967+0000][gc,phases   ] GC(44)   Pre Evacuate Collection Set: 3.0ms
[2025-12-24T14:30:39.967+0000][gc,phases   ] GC(44)   Merge Heap Roots: 0.3ms
[2025-12-24T14:30:39.967+0000][gc,phases   ] GC(44)   Evacuate Collection Set: 8.6ms
[2025-12-24T14:30:39.967+0000][gc,phases   ] GC(44)   Post Evacuate Collection Set: 1.3ms
[2025-12-24T14:30:39.967+0000][gc,phases   ] GC(44)   Other: 0.3ms
[2025-12-24T14:30:39.967+0000][gc,heap     ] GC(44) Eden regions: 606->0(607)
[2025-12-24T14:30:39.967+0000][gc,heap     ] GC(44) Survivor regions: 8->7(77)
[2025-12-24T14:30:39.967+0000][gc,heap     ] GC(44) Old regions: 27->27
[2025-12-24T14:30:39.967+0000][gc,heap     ] GC(44) Humongous regions: 131->131
[2025-12-24T14:30:39.967+0000][gc,metaspace] GC(44) Metaspace: 14699K(15168K)->14699K(15168K) NonClass: 13000K(13184K)->13000K(13184K) Class: 1699K(1984K)->1699K(1984K)
[2025-12-24T14:30:39.968+0000][gc          ] GC(44) Pause Young (Normal) (G1 Evacuation Pause) 771M->164M(1024M) 14.776ms
[2025-12-24T14:30:39.968+0000][gc,cpu      ] GC(44) User=0.08s Sys=0.00s Real=0.01s
[2025-12-24T14:31:10.227+0000][gc,start    ] GC(45) Pause Young (Normal) (G1 Evacuation Pause)
[2025-12-24T14:31:10.228+0000][gc,task     ] GC(45) Using 8 workers of 8 for evacuation
[2025-12-24T14:31:10.253+0000][gc,phases   ] GC(45)   Pre Evacuate Collection Set: 4.4ms
[2025-12-24T14:31:10.253+0000][gc,phases   ] GC(45)   Merge Heap Roots: 1.4ms
[2025-12-24T14:31:10.253+0000][gc,phases   ] GC(45)   Evacuate Collection Set: 17.0ms
[2025-12-24T14:31:10.253+0000][gc,phases   ] GC(45)   Post Evacuate Collection Set: 1.4ms
[2025-12-24T14:31:10.253+0000][gc,phases   ] GC(45)   Other: 0.9ms
[2025-12-24T14:31:10.253+0000][gc,heap     ] GC(45) Eden regions: 607->0(605)
[2025-12-24T14:31:10.253+0000][gc,heap     ] GC(45) Survivor regions: 7->9(77)
[2025-12-24T14:31:10.253+0000][gc,heap     ] GC(45) Old regions: 27->28
[2025-12-24T14:31:10.253+0000][gc,heap     ] GC(45) Humongous regions: 131->131
[2025-12-24T14:31:10.253+0000][gc,metaspace] GC(45) Metaspace: 14699K(15168K)->14699K(15168K) NonClass: 13000K(13184K)->13000K(13184K) Class: 1699K(1984K)->1699K(1984K)
[2025-12-24T14:31:10.253+0000][gc          ] GC(45) Pause Young (Normal) (G1 Evacuation Pause) 771M->166M(1024M) 26.079ms
[2025-12-24T14:31:10.253+0000][gc,cpu      ] GC(45) User=0.17s Sys=0.00s Real=0.02s
[2025-12-24T14:31:40.414+0000][gc,start    ] GC(46) Pause Young (Normal) (G1 Evacuation Pause)
[2025-12-24T14:31:40.415+0000][gc,task     ] GC(46) Using 8 workers of 8 for evacuation
[2025-12-24T14:31:40.425+0000][gc,phases   ] GC(46)   Pre Evacuate Collection Set: 1.2ms
[2025-12-24T14:31:40.425+0000][gc,phases   ] GC(46)   Merge Heap Roots: 0.3ms
[2025-12-24T14:31:40.425+0000][gc,phases   ] GC(46)   Evacuate Collection Set: 7.5ms
[2025-12-24T14:31:40.425+0000][gc,phases   ] GC(46)   Post Evacuate Collection Set: 1.2ms
[2025-12-24T14:31:40.425+0000][gc,phases   ] GC(46)   Other: 0.2ms
[2025-12-24T14:31:40.425+0000][gc,heap     ] GC(46) Eden regions: 605->0(603)
[2025-12-24T14:31:40.425+0000][gc,heap     ] GC(46) Survivor regions: 9->11(77)
[2025-12-24T14:31:40.425+0000][gc,heap     ] GC(46) Old regions: 28->28
[2025-12-24T14:31:40.425+0000][gc,heap     ] GC(46) Humongous regions: 131->131
[2025-12-24T14:31:40.425+0000][gc,metaspace] GC(46) Metaspace: 14702K(15168K)->14702K(15168K) NonClass: 13002K(13184K)->13002K(13184K) Class: 1699K(1984K)->1699K(1984K)
[2025-12-24T14:31:40.426+0000][gc          ] GC(46) Pause Young (Normal) (G1 Evacuation Pause) 771M->168M(1024M) 11.474ms
[2025-12-24T14:31:40.426+0000][gc,cpu      ] GC(46) User=0.06s Sys=0.00s Real=0.01s
[2025-12-24T14:32:20.059+0000][gc,start    ] GC(47) Pause Young (Normal) (G1 Evacuation Pause)
[2025-12-24T14:32:20.059+0000][gc,task     ] GC(47) Using 8 workers of 8 for evacuation
[2025-12-24T14:32:20.083+0000][gc,phases   ] GC(47)   Pre Evacuate Collection Set: 1.2ms
[2025-12-24T14:32:20.083+0000][gc,phases   ] GC(47)   Merge Heap Roots: 0.3ms
[2025-12-24T14:32:20.084+0000][gc,phases   ] GC(47)   Evacuate Collection Set: 20.9ms
[2025-12-24T14:32:20.084+0000][gc,phases   ] GC(47)   Post Evacuate Collection Set: 1.4ms
[2025-12-24T14:32:20.084+0000][gc,phases   ] GC(47)   Other: 0.3ms
[2025-12-24T14:32:20.084+0000][gc,heap     ] GC(47) Eden regions: 603->0(604)
[2025-12-24T14:32:20.084+0000][gc,heap     ] GC(47) Survivor regions: 11->10(77)
[2025-12-24T14:32:20.084+0000][gc,heap     ] GC(47) Old regions: 28->28
[2025-12-24T14:32:20.084+0000][gc,heap     ] GC(47) Humongous regions: 131->131
[2025-12-24T14:32:20.084+0000][gc,metaspace] GC(47) Metaspace: 14702K(15168K)->14702K(15168K) NonClass: 13003K(13184K)->13003K(13184K) Class: 1699K(1984K)->1699K(1984K)
[2025-12-24T14:32:20.084+0000][gc          ] GC(47) Pause Young (Normal) (G1 Evacuation Pause) 771M->168M(1024M) 25.434ms
[2025-12-24T14:32:20.084+0000][gc,cpu      ] GC(47) User=0.17s Sys=0.00s Real=0.03s
[2025-12-24T14:32:50.315+0000][gc,start    ] GC(48) Pause Young (Normal) (G1 Evacuation Pause)
[2025-12-24T14:32:50.316+0000][gc,task     ] GC(48) Using 8 workers of 8 for evacuation
[2025-12-24T14:32:50.325+0000][gc,phases   ] GC(48)   Pre Evacuate Collection Set: 1.3ms
[2025-12-24T14:32:50.326+0000][gc,phases   ] GC(48)   Merge Heap Roots: 0.3ms
[2025-12-24T14:32:50.326+0000][gc,phases   ] GC(48)   Evacuate Collection Set: 6.6ms
[2025-12-24T14:32:50.326+0000][gc,phases   ] GC(48)   Post Evacuate Collection Set: 1.3ms
[2025-12-24T14:32:50.326+0000][gc,phases   ] GC(48)   Other: 0.3ms
[2025-12-24T14:32:50.326+0000][gc,heap     ] GC(48) Eden regions: 604->0(606)
[2025-12-24T14:32:50.326+0000][gc,heap     ] GC(48) Survivor regions: 10->8(77)
[2025-12-24T14:32:50.326+0000][gc,heap     ] GC(48) Old regions: 28->29
[2025-12-24T14:32:50.326+0000][gc,heap     ] GC(48) Humongous regions: 131->131
[2025-12-24T14:32:50.326+0000][gc,metaspace] GC(48) Metaspace: 14704K(15168K)->14704K(15168K) NonClass: 13005K(13184K)->13005K(13184K) Class: 1699K(1984K)->1699K(1984K)
[2025-12-24T14:32:50.326+0000][gc          ] GC(48) Pause Young (Normal) (G1 Evacuation Pause) 772M->166M(1024M) 10.991ms
[2025-12-24T14:32:50.326+0000][gc,cpu      ] GC(48) User=0.06s Sys=0.00s Real=0.01s
[2025-12-24T14:33:29.927+0000][gc,start    ] GC(49) Pause Young (Normal) (G1 Evacuation Pause)
[2025-12-24T14:33:29.928+0000][gc,task     ] GC(49) Using 8 workers of 8 for evacuation
[2025-12-24T14:33:29.941+0000][gc,phases   ] GC(49)   Pre Evacuate Collection Set: 1.4ms
[2025-12-24T14:33:29.941+0000][gc,phases   ] GC(49)   Merge Heap Roots: 0.2ms
[2025-12-24T14:33:29.941+0000][gc,phases   ] GC(49)   Evacuate Collection Set: 9.1ms
[2025-12-24T14:33:29.941+0000][gc,phases   ] GC(49)   Post Evacuate Collection Set: 2.6ms
[2025-12-24T14:33:29.942+0000][gc,phases   ] GC(49)   Other: 0.3ms
[2025-12-24T14:33:29.942+0000][gc,heap     ] GC(49) Eden regions: 606->0(606)
[2025-12-24T14:33:29.942+0000][gc,heap     ] GC(49) Survivor regions: 8->8(77)
[2025-12-24T14:33:29.942+0000][gc,heap     ] GC(49) Old regions: 29->29
[2025-12-24T14:33:29.942+0000][gc,heap     ] GC(49) Humongous regions: 131->131
[2025-12-24T14:33:29.942+0000][gc,metaspace] GC(49) Metaspace: 14716K(15232K)->14716K(15232K) NonClass: 13017K(13248K)->13017K(13248K) Class: 1699K(1984K)->1699K(1984K)
[2025-12-24T14:33:29.942+0000][gc          ] GC(49) Pause Young (Normal) (G1 Evacuation Pause) 772M->166M(1024M) 14.785ms
[2025-12-24T14:33:29.942+0000][gc,cpu      ] GC(49) User=0.09s Sys=0.00s Real=0.01s
[2025-12-24T14:34:00.220+0000][gc,start    ] GC(50) Pause Young (Normal) (G1 Evacuation Pause)
[2025-12-24T14:34:00.221+0000][gc,task     ] GC(50) Using 8 workers of 8 for evacuation
[2025-12-24T14:34:00.241+0000][gc,phases   ] GC(50)   Pre Evacuate Collection Set: 1.1ms
[2025-12-24T14:34:00.241+0000][gc,phases   ] GC(50)   Merge Heap Roots: 0.3ms
[2025-12-24T14:34:00.241+0000][gc,phases   ] GC(50)   Evacuate Collection Set: 17.0ms
[2025-12-24T14:34:00.241+0000][gc,phases   ] GC(50)   Post Evacuate Collection Set: 1.4ms
[2025-12-24T14:34:00.241+0000][gc,phases   ] GC(50)   Other: 0.3ms
[2025-12-24T14:34:00.241+0000][gc,heap     ] GC(50) Eden regions: 606->0(604)
[2025-12-24T14:34:00.241+0000][gc,heap     ] GC(50) Survivor regions: 8->10(77)
[2025-12-24T14:34:00.241+0000][gc,heap     ] GC(50) Old regions: 29->29
[2025-12-24T14:34:00.241+0000][gc,heap     ] GC(50) Humongous regions: 131->131
[2025-12-24T14:34:00.241+0000][gc,metaspace] GC(50) Metaspace: 14723K(15232K)->14723K(15232K) NonClass: 13024K(13248K)->13024K(13248K) Class: 1699K(1984K)->1699K(1984K)
[2025-12-24T14:34:00.241+0000][gc          ] GC(50) Pause Young (Normal) (G1 Evacuation Pause) 772M->168M(1024M) 21.224ms
[2025-12-24T14:34:00.241+0000][gc,cpu      ] GC(50) User=0.12s Sys=0.00s Real=0.02s
[2025-12-24T14:34:30.394+0000][gc,start    ] GC(51) Pause Young (Normal) (G1 Evacuation Pause)
[2025-12-24T14:34:30.396+0000][gc,task     ] GC(51) Using 8 workers of 8 for evacuation
[2025-12-24T14:34:30.410+0000][gc,phases   ] GC(51)   Pre Evacuate Collection Set: 1.4ms
[2025-12-24T14:34:30.410+0000][gc,phases   ] GC(51)   Merge Heap Roots: 0.3ms
[2025-12-24T14:34:30.410+0000][gc,phases   ] GC(51)   Evacuate Collection Set: 11.5ms
[2025-12-24T14:34:30.410+0000][gc,phases   ] GC(51)   Post Evacuate Collection Set: 1.2ms
[2025-12-24T14:34:30.411+0000][gc,phases   ] GC(51)   Other: 0.3ms
[2025-12-24T14:34:30.411+0000][gc,heap     ] GC(51) Eden regions: 604->0(606)
[2025-12-24T14:34:30.411+0000][gc,heap     ] GC(51) Survivor regions: 10->8(77)
[2025-12-24T14:34:30.411+0000][gc,heap     ] GC(51) Old regions: 29->30
[2025-12-24T14:34:30.411+0000][gc,heap     ] GC(51) Humongous regions: 131->131
[2025-12-24T14:34:30.411+0000][gc,metaspace] GC(51) Metaspace: 14725K(15232K)->14725K(15232K) NonClass: 13025K(13248K)->13025K(13248K) Class: 1699K(1984K)->1699K(1984K)
[2025-12-24T14:34:30.411+0000][gc          ] GC(51) Pause Young (Normal) (G1 Evacuation Pause) 772M->167M(1024M) 16.599ms
[2025-12-24T14:34:30.411+0000][gc,cpu      ] GC(51) User=0.10s Sys=0.00s Real=0.02s
[2025-12-24T14:35:10.110+0000][gc,start    ] GC(52) Pause Young (Normal) (G1 Evacuation Pause)
[2025-12-24T14:35:10.111+0000][gc,task     ] GC(52) Using 8 workers of 8 for evacuation
[2025-12-24T14:35:10.132+0000][gc,phases   ] GC(52)   Pre Evacuate Collection Set: 1.2ms
[2025-12-24T14:35:10.132+0000][gc,phases   ] GC(52)   Merge Heap Roots: 0.2ms
[2025-12-24T14:35:10.132+0000][gc,phases   ] GC(52)   Evacuate Collection Set: 18.0ms
[2025-12-24T14:35:10.132+0000][gc,phases   ] GC(52)   Post Evacuate Collection Set: 1.1ms
[2025-12-24T14:35:10.132+0000][gc,phases   ] GC(52)   Other: 0.2ms
[2025-12-24T14:35:10.132+0000][gc,heap     ] GC(52) Eden regions: 606->0(604)
[2025-12-24T14:35:10.132+0000][gc,heap     ] GC(52) Survivor regions: 8->10(77)
[2025-12-24T14:35:10.132+0000][gc,heap     ] GC(52) Old regions: 30->30
[2025-12-24T14:35:10.132+0000][gc,heap     ] GC(52) Humongous regions: 131->131
[2025-12-24T14:35:10.132+0000][gc,metaspace] GC(52) Metaspace: 14726K(15232K)->14726K(15232K) NonClass: 13027K(13248K)->13027K(13248K) Class: 1699K(1984K)->1699K(1984K)
[2025-12-24T14:35:10.132+0000][gc          ] GC(52) Pause Young (Normal) (G1 Evacuation Pause) 773M->170M(1024M) 21.780ms
[2025-12-24T14:35:10.132+0000][gc,cpu      ] GC(52) User=0.12s Sys=0.00s Real=0.03s
[2025-12-24T14:35:40.320+0000][gc,start    ] GC(53) Pause Young (Normal) (G1 Evacuation Pause)
[2025-12-24T14:35:40.322+0000][gc,task     ] GC(53) Using 8 workers of 8 for evacuation
[2025-12-24T14:35:40.350+0000][gc,phases   ] GC(53)   Pre Evacuate Collection Set: 1.7ms
[2025-12-24T14:35:40.350+0000][gc,phases   ] GC(53)   Merge Heap Roots: 0.6ms
[2025-12-24T14:35:40.350+0000][gc,phases   ] GC(53)   Evacuate Collection Set: 24.5ms
[2025-12-24T14:35:40.350+0000][gc,phases   ] GC(53)   Post Evacuate Collection Set: 1.3ms
[2025-12-24T14:35:40.351+0000][gc,phases   ] GC(53)   Other: 0.4ms
[2025-12-24T14:35:40.351+0000][gc,heap     ] GC(53) Eden regions: 604->0(604)
[2025-12-24T14:35:40.351+0000][gc,heap     ] GC(53) Survivor regions: 10->10(77)
[2025-12-24T14:35:40.351+0000][gc,heap     ] GC(53) Old regions: 30->30
[2025-12-24T14:35:40.351+0000][gc,heap     ] GC(53) Humongous regions: 131->131
[2025-12-24T14:35:40.351+0000][gc,metaspace] GC(53) Metaspace: 14869K(15360K)->14869K(15360K) NonClass: 13157K(13376K)->13157K(13376K) Class: 1712K(1984K)->1712K(1984K)
[2025-12-24T14:35:40.351+0000][gc          ] GC(53) Pause Young (Normal) (G1 Evacuation Pause) 774M->170M(1024M) 30.576ms
[2025-12-24T14:35:40.351+0000][gc,cpu      ] GC(53) User=0.11s Sys=0.00s Real=0.03s
[2025-12-24T14:36:16.242+0000][gc,start    ] GC(54) Pause Young (Normal) (G1 Evacuation Pause)
[2025-12-24T14:36:16.243+0000][gc,task     ] GC(54) Using 8 workers of 8 for evacuation
[2025-12-24T14:36:16.276+0000][gc,phases   ] GC(54)   Pre Evacuate Collection Set: 2.6ms
[2025-12-24T14:36:16.276+0000][gc,phases   ] GC(54)   Merge Heap Roots: 0.6ms
[2025-12-24T14:36:16.276+0000][gc,phases   ] GC(54)   Evacuate Collection Set: 27.5ms
[2025-12-24T14:36:16.276+0000][gc,phases   ] GC(54)   Post Evacuate Collection Set: 1.8ms
[2025-12-24T14:36:16.276+0000][gc,phases   ] GC(54)   Other: 0.6ms
[2025-12-24T14:36:16.277+0000][gc,heap     ] GC(54) Eden regions: 604->0(605)
[2025-12-24T14:36:16.277+0000][gc,heap     ] GC(54) Survivor regions: 10->9(77)
[2025-12-24T14:36:16.277+0000][gc,heap     ] GC(54) Old regions: 30->31
[2025-12-24T14:36:16.277+0000][gc,heap     ] GC(54) Humongous regions: 131->131
[2025-12-24T14:36:16.277+0000][gc,metaspace] GC(54) Metaspace: 14970K(15488K)->14970K(15488K) NonClass: 13257K(13504K)->13257K(13504K) Class: 1712K(1984K)->1712K(1984K)
[2025-12-24T14:36:16.277+0000][gc          ] GC(54) Pause Young (Normal) (G1 Evacuation Pause) 774M->169M(1024M) 35.345ms
[2025-12-24T14:36:16.277+0000][gc,cpu      ] GC(54) User=0.23s Sys=0.00s Real=0.03s
[2025-12-24T14:36:50.089+0000][gc,start    ] GC(55) Pause Young (Normal) (G1 Evacuation Pause)
[2025-12-24T14:36:50.090+0000][gc,task     ] GC(55) Using 8 workers of 8 for evacuation
[2025-12-24T14:36:50.109+0000][gc,phases   ] GC(55)   Pre Evacuate Collection Set: 1.2ms
[2025-12-24T14:36:50.109+0000][gc,phases   ] GC(55)   Merge Heap Roots: 0.3ms
[2025-12-24T14:36:50.109+0000][gc,phases   ] GC(55)   Evacuate Collection Set: 16.1ms
[2025-12-24T14:36:50.109+0000][gc,phases   ] GC(55)   Post Evacuate Collection Set: 1.6ms
[2025-12-24T14:36:50.110+0000][gc,phases   ] GC(55)   Other: 0.3ms
[2025-12-24T14:36:50.110+0000][gc,heap     ] GC(55) Eden regions: 605->0(604)
[2025-12-24T14:36:50.110+0000][gc,heap     ] GC(55) Survivor regions: 9->10(77)
[2025-12-24T14:36:50.110+0000][gc,heap     ] GC(55) Old regions: 31->31
[2025-12-24T14:36:50.110+0000][gc,heap     ] GC(55) Humongous regions: 131->131
[2025-12-24T14:36:50.110+0000][gc,metaspace] GC(55) Metaspace: 14974K(15488K)->14974K(15488K) NonClass: 13261K(13504K)->13261K(13504K) Class: 1712K(1984K)->1712K(1984K)
[2025-12-24T14:36:50.110+0000][gc          ] GC(55) Pause Young (Normal) (G1 Evacuation Pause) 774M->171M(1024M) 20.970ms
[2025-12-24T14:36:50.110+0000][gc,cpu      ] GC(55) User=0.14s Sys=0.00s Real=0.02s
[2025-12-24T14:37:20.279+0000][gc,start    ] GC(56) Pause Young (Normal) (G1 Evacuation Pause)
[2025-12-24T14:37:20.280+0000][gc,task     ] GC(56) Using 8 workers of 8 for evacuation
[2025-12-24T14:37:20.293+0000][gc,phases   ] GC(56)   Pre Evacuate Collection Set: 1.3ms
[2025-12-24T14:37:20.294+0000][gc,phases   ] GC(56)   Merge Heap Roots: 1.3ms
[2025-12-24T14:37:20.294+0000][gc,phases   ] GC(56)   Evacuate Collection Set: 8.9ms
[2025-12-24T14:37:20.294+0000][gc,phases   ] GC(56)   Post Evacuate Collection Set: 1.3ms
[2025-12-24T14:37:20.294+0000][gc,phases   ] GC(56)   Other: 0.3ms
[2025-12-24T14:37:20.294+0000][gc,heap     ] GC(56) Eden regions: 604->0(602)
[2025-12-24T14:37:20.294+0000][gc,heap     ] GC(56) Survivor regions: 10->12(77)
[2025-12-24T14:37:20.294+0000][gc,heap     ] GC(56) Old regions: 31->31
[2025-12-24T14:37:20.294+0000][gc,heap     ] GC(56) Humongous regions: 131->131
[2025-12-24T14:37:20.294+0000][gc,metaspace] GC(56) Metaspace: 14980K(15488K)->14980K(15488K) NonClass: 13268K(13504K)->13268K(13504K) Class: 1712K(1984K)->1712K(1984K)
[2025-12-24T14:37:20.294+0000][gc          ] GC(56) Pause Young (Normal) (G1 Evacuation Pause) 775M->173M(1024M) 14.866ms
[2025-12-24T14:37:20.294+0000][gc,cpu      ] GC(56) User=0.08s Sys=0.00s Real=0.01s
[2025-12-24T14:37:59.851+0000][gc,start    ] GC(57) Pause Young (Normal) (G1 Evacuation Pause)
[2025-12-24T14:37:59.851+0000][gc,task     ] GC(57) Using 8 workers of 8 for evacuation
[2025-12-24T14:37:59.870+0000][gc,phases   ] GC(57)   Pre Evacuate Collection Set: 1.3ms
[2025-12-24T14:37:59.870+0000][gc,phases   ] GC(57)   Merge Heap Roots: 0.3ms
[2025-12-24T14:37:59.870+0000][gc,phases   ] GC(57)   Evacuate Collection Set: 13.0ms
[2025-12-24T14:37:59.870+0000][gc,phases   ] GC(57)   Post Evacuate Collection Set: 3.9ms
[2025-12-24T14:37:59.870+0000][gc,phases   ] GC(57)   Other: 0.2ms
[2025-12-24T14:37:59.870+0000][gc,heap     ] GC(57) Eden regions: 602->0(606)
[2025-12-24T14:37:59.870+0000][gc,heap     ] GC(57) Survivor regions: 12->8(77)
[2025-12-24T14:37:59.870+0000][gc,heap     ] GC(57) Old regions: 31->32
[2025-12-24T14:37:59.870+0000][gc,heap     ] GC(57) Humongous regions: 131->131
[2025-12-24T14:37:59.870+0000][gc,metaspace] GC(57) Metaspace: 14993K(15488K)->14993K(15488K) NonClass: 13278K(13504K)->13278K(13504K) Class: 1714K(1984K)->1714K(1984K)
[2025-12-24T14:37:59.870+0000][gc          ] GC(57) Pause Young (Normal) (G1 Evacuation Pause) 775M->169M(1024M) 19.823ms
[2025-12-24T14:37:59.870+0000][gc,cpu      ] GC(57) User=0.11s Sys=0.00s Real=0.02s
[2025-12-24T14:38:30.094+0000][gc,start    ] GC(58) Pause Young (Normal) (G1 Evacuation Pause)
[2025-12-24T14:38:30.095+0000][gc,task     ] GC(58) Using 8 workers of 8 for evacuation
[2025-12-24T14:38:30.109+0000][gc,phases   ] GC(58)   Pre Evacuate Collection Set: 1.1ms
[2025-12-24T14:38:30.109+0000][gc,phases   ] GC(58)   Merge Heap Roots: 0.3ms
[2025-12-24T14:38:30.109+0000][gc,phases   ] GC(58)   Evacuate Collection Set: 9.7ms
[2025-12-24T14:38:30.109+0000][gc,phases   ] GC(58)   Post Evacuate Collection Set: 2.1ms
[2025-12-24T14:38:30.109+0000][gc,phases   ] GC(58)   Other: 0.3ms
[2025-12-24T14:38:30.109+0000][gc,heap     ] GC(58) Eden regions: 606->0(605)
[2025-12-24T14:38:30.109+0000][gc,heap     ] GC(58) Survivor regions: 8->9(77)
[2025-12-24T14:38:30.109+0000][gc,heap     ] GC(58) Old regions: 32->32
[2025-12-24T14:38:30.109+0000][gc,heap     ] GC(58) Humongous regions: 131->131
[2025-12-24T14:38:30.109+0000][gc,metaspace] GC(58) Metaspace: 14999K(15488K)->14999K(15488K) NonClass: 13285K(13504K)->13285K(13504K) Class: 1714K(1984K)->1714K(1984K)
[2025-12-24T14:38:30.110+0000][gc          ] GC(58) Pause Young (Normal) (G1 Evacuation Pause) 775M->171M(1024M) 15.410ms
[2025-12-24T14:38:30.110+0000][gc,cpu      ] GC(58) User=0.07s Sys=0.01s Real=0.02s
[2025-12-24T14:39:00.305+0000][gc,start    ] GC(59) Pause Young (Normal) (G1 Evacuation Pause)
[2025-12-24T14:39:00.306+0000][gc,task     ] GC(59) Using 8 workers of 8 for evacuation
[2025-12-24T14:39:00.324+0000][gc,phases   ] GC(59)   Pre Evacuate Collection Set: 1.2ms
[2025-12-24T14:39:00.324+0000][gc,phases   ] GC(59)   Merge Heap Roots: 0.3ms
[2025-12-24T14:39:00.324+0000][gc,phases   ] GC(59)   Evacuate Collection Set: 15.3ms
[2025-12-24T14:39:00.325+0000][gc,phases   ] GC(59)   Post Evacuate Collection Set: 1.3ms
[2025-12-24T14:39:00.325+0000][gc,phases   ] GC(59)   Other: 0.6ms
[2025-12-24T14:39:00.325+0000][gc,heap     ] GC(59) Eden regions: 605->0(603)
[2025-12-24T14:39:00.325+0000][gc,heap     ] GC(59) Survivor regions: 9->11(77)
[2025-12-24T14:39:00.325+0000][gc,heap     ] GC(59) Old regions: 32->32
[2025-12-24T14:39:00.325+0000][gc,heap     ] GC(59) Humongous regions: 131->131
[2025-12-24T14:39:00.325+0000][gc,metaspace] GC(59) Metaspace: 15028K(15488K)->15028K(15488K) NonClass: 13314K(13504K)->13314K(13504K) Class: 1714K(1984K)->1714K(1984K)
[2025-12-24T14:39:00.325+0000][gc          ] GC(59) Pause Young (Normal) (G1 Evacuation Pause) 776M->173M(1024M) 19.781ms
[2025-12-24T14:39:00.325+0000][gc,cpu      ] GC(59) User=0.11s Sys=0.00s Real=0.02s
[2025-12-24T14:39:39.913+0000][gc,start    ] GC(60) Pause Young (Normal) (G1 Evacuation Pause)
[2025-12-24T14:39:39.914+0000][gc,task     ] GC(60) Using 8 workers of 8 for evacuation
[2025-12-24T14:39:39.927+0000][gc,phases   ] GC(60)   Pre Evacuate Collection Set: 1.3ms
[2025-12-24T14:39:39.927+0000][gc,phases   ] GC(60)   Merge Heap Roots: 0.3ms
[2025-12-24T14:39:39.927+0000][gc,phases   ] GC(60)   Evacuate Collection Set: 8.6ms
[2025-12-24T14:39:39.927+0000][gc,phases   ] GC(60)   Post Evacuate Collection Set: 2.3ms
[2025-12-24T14:39:39.927+0000][gc,phases   ] GC(60)   Other: 0.5ms
[2025-12-24T14:39:39.927+0000][gc,heap     ] GC(60) Eden regions: 603->0(604)
[2025-12-24T14:39:39.927+0000][gc,heap     ] GC(60) Survivor regions: 11->10(77)
[2025-12-24T14:39:39.927+0000][gc,heap     ] GC(60) Old regions: 32->33
[2025-12-24T14:39:39.927+0000][gc,heap     ] GC(60) Humongous regions: 131->131
[2025-12-24T14:39:39.927+0000][gc,metaspace] GC(60) Metaspace: 15056K(15552K)->15056K(15552K) NonClass: 13342K(13568K)->13342K(13568K) Class: 1714K(1984K)->1714K(1984K)
[2025-12-24T14:39:39.928+0000][gc          ] GC(60) Pause Young (Normal) (G1 Evacuation Pause) 776M->172M(1024M) 14.596ms
[2025-12-24T14:39:39.928+0000][gc,cpu      ] GC(60) User=0.08s Sys=0.00s Real=0.01s
[2025-12-24T14:40:10.146+0000][gc,start    ] GC(61) Pause Young (Normal) (G1 Evacuation Pause)
[2025-12-24T14:40:10.148+0000][gc,task     ] GC(61) Using 8 workers of 8 for evacuation
[2025-12-24T14:40:10.163+0000][gc,phases   ] GC(61)   Pre Evacuate Collection Set: 1.1ms
[2025-12-24T14:40:10.163+0000][gc,phases   ] GC(61)   Merge Heap Roots: 0.3ms
[2025-12-24T14:40:10.163+0000][gc,phases   ] GC(61)   Evacuate Collection Set: 12.1ms
[2025-12-24T14:40:10.163+0000][gc,phases   ] GC(61)   Post Evacuate Collection Set: 1.3ms
[2025-12-24T14:40:10.163+0000][gc,phases   ] GC(61)   Other: 0.2ms
[2025-12-24T14:40:10.163+0000][gc,heap     ] GC(61) Eden regions: 604->0(603)
[2025-12-24T14:40:10.163+0000][gc,heap     ] GC(61) Survivor regions: 10->11(77)
[2025-12-24T14:40:10.163+0000][gc,heap     ] GC(61) Old regions: 33->33
[2025-12-24T14:40:10.163+0000][gc,heap     ] GC(61) Humongous regions: 131->131
[2025-12-24T14:40:10.163+0000][gc,metaspace] GC(61) Metaspace: 15060K(15552K)->15060K(15552K) NonClass: 13346K(13568K)->13346K(13568K) Class: 1714K(1984K)->1714K(1984K)
[2025-12-24T14:40:10.163+0000][gc          ] GC(61) Pause Young (Normal) (G1 Evacuation Pause) 776M->174M(1024M) 16.808ms
[2025-12-24T14:40:10.163+0000][gc,cpu      ] GC(61) User=0.10s Sys=0.00s Real=0.02s
[2025-12-24T14:40:40.390+0000][gc,start    ] GC(62) Pause Young (Normal) (G1 Evacuation Pause)
[2025-12-24T14:40:40.391+0000][gc,task     ] GC(62) Using 8 workers of 8 for evacuation
[2025-12-24T14:40:40.399+0000][gc,phases   ] GC(62)   Pre Evacuate Collection Set: 1.1ms
[2025-12-24T14:40:40.400+0000][gc,phases   ] GC(62)   Merge Heap Roots: 0.3ms
[2025-12-24T14:40:40.400+0000][gc,phases   ] GC(62)   Evacuate Collection Set: 6.2ms
[2025-12-24T14:40:40.400+0000][gc,phases   ] GC(62)   Post Evacuate Collection Set: 1.0ms
[2025-12-24T14:40:40.400+0000][gc,phases   ] GC(62)   Other: 0.2ms
[2025-12-24T14:40:40.400+0000][gc,heap     ] GC(62) Eden regions: 603->0(605)
[2025-12-24T14:40:40.400+0000][gc,heap     ] GC(62) Survivor regions: 11->9(77)
[2025-12-24T14:40:40.400+0000][gc,heap     ] GC(62) Old regions: 33->33
[2025-12-24T14:40:40.400+0000][gc,heap     ] GC(62) Humongous regions: 131->131
[2025-12-24T14:40:40.400+0000][gc,metaspace] GC(62) Metaspace: 15061K(15552K)->15061K(15552K) NonClass: 13347K(13568K)->13347K(13568K) Class: 1714K(1984K)->1714K(1984K)
[2025-12-24T14:40:40.400+0000][gc          ] GC(62) Pause Young (Normal) (G1 Evacuation Pause) 777M->172M(1024M) 9.595ms
[2025-12-24T14:40:40.400+0000][gc,cpu      ] GC(62) User=0.06s Sys=0.00s Real=0.01s
[2025-12-24T14:41:19.965+0000][gc,start    ] GC(63) Pause Young (Normal) (G1 Evacuation Pause)
[2025-12-24T14:41:19.966+0000][gc,task     ] GC(63) Using 8 workers of 8 for evacuation
[2025-12-24T14:41:19.980+0000][gc,phases   ] GC(63)   Pre Evacuate Collection Set: 3.0ms
[2025-12-24T14:41:19.980+0000][gc,phases   ] GC(63)   Merge Heap Roots: 0.3ms
[2025-12-24T14:41:19.980+0000][gc,phases   ] GC(63)   Evacuate Collection Set: 8.8ms
[2025-12-24T14:41:19.980+0000][gc,phases   ] GC(63)   Post Evacuate Collection Set: 1.4ms
[2025-12-24T14:41:19.980+0000][gc,phases   ] GC(63)   Other: 0.6ms
[2025-12-24T14:41:19.980+0000][gc,heap     ] GC(63) Eden regions: 605->0(606)
[2025-12-24T14:41:19.981+0000][gc,heap     ] GC(63) Survivor regions: 9->8(77)
[2025-12-24T14:41:19.981+0000][gc,heap     ] GC(63) Old regions: 33->34
[2025-12-24T14:41:19.981+0000][gc,heap     ] GC(63) Humongous regions: 131->131
[2025-12-24T14:41:19.981+0000][gc,metaspace] GC(63) Metaspace: 15087K(15552K)->15087K(15552K) NonClass: 13373K(13568K)->13373K(13568K) Class: 1714K(1984K)->1714K(1984K)
[2025-12-24T14:41:19.981+0000][gc          ] GC(63) Pause Young (Normal) (G1 Evacuation Pause) 777M->172M(1024M) 16.320ms
[2025-12-24T14:41:19.981+0000][gc,cpu      ] GC(63) User=0.08s Sys=0.00s Real=0.02s
[2025-12-24T14:41:50.183+0000][gc,start    ] GC(64) Pause Young (Normal) (G1 Evacuation Pause)
[2025-12-24T14:41:50.184+0000][gc,task     ] GC(64) Using 8 workers of 8 for evacuation
[2025-12-24T14:41:50.200+0000][gc,phases   ] GC(64)   Pre Evacuate Collection Set: 1.9ms
[2025-12-24T14:41:50.200+0000][gc,phases   ] GC(64)   Merge Heap Roots: 0.4ms
[2025-12-24T14:41:50.201+0000][gc,phases   ] GC(64)   Evacuate Collection Set: 11.2ms
[2025-12-24T14:41:50.201+0000][gc,phases   ] GC(64)   Post Evacuate Collection Set: 1.8ms
[2025-12-24T14:41:50.201+0000][gc,phases   ] GC(64)   Other: 0.7ms
[2025-12-24T14:41:50.201+0000][gc,heap     ] GC(64) Eden regions: 606->0(604)
[2025-12-24T14:41:50.201+0000][gc,heap     ] GC(64) Survivor regions: 8->10(77)
[2025-12-24T14:41:50.201+0000][gc,heap     ] GC(64) Old regions: 34->34
[2025-12-24T14:41:50.201+0000][gc,heap     ] GC(64) Humongous regions: 131->131
[2025-12-24T14:41:50.201+0000][gc,metaspace] GC(64) Metaspace: 15090K(15552K)->15090K(15552K) NonClass: 13375K(13568K)->13375K(13568K) Class: 1714K(1984K)->1714K(1984K)
[2025-12-24T14:41:50.201+0000][gc          ] GC(64) Pause Young (Normal) (G1 Evacuation Pause) 778M->174M(1024M) 18.291ms
[2025-12-24T14:41:50.201+0000][gc,cpu      ] GC(64) User=0.09s Sys=0.01s Real=0.02s
[2025-12-24T14:42:20.393+0000][gc,start    ] GC(65) Pause Young (Normal) (G1 Evacuation Pause)
[2025-12-24T14:42:20.395+0000][gc,task     ] GC(65) Using 8 workers of 8 for evacuation
[2025-12-24T14:42:20.412+0000][gc,phases   ] GC(65)   Pre Evacuate Collection Set: 1.2ms
[2025-12-24T14:42:20.412+0000][gc,phases   ] GC(65)   Merge Heap Roots: 0.3ms
[2025-12-24T14:42:20.412+0000][gc,phases   ] GC(65)   Evacuate Collection Set: 14.0ms
[2025-12-24T14:42:20.412+0000][gc,phases   ] GC(65)   Post Evacuate Collection Set: 1.3ms
[2025-12-24T14:42:20.412+0000][gc,phases   ] GC(65)   Other: 0.3ms
[2025-12-24T14:42:20.412+0000][gc,heap     ] GC(65) Eden regions: 604->0(602)
[2025-12-24T14:42:20.412+0000][gc,heap     ] GC(65) Survivor regions: 10->12(77)
[2025-12-24T14:42:20.412+0000][gc,heap     ] GC(65) Old regions: 34->34
[2025-12-24T14:42:20.412+0000][gc,heap     ] GC(65) Humongous regions: 131->131
[2025-12-24T14:42:20.412+0000][gc,metaspace] GC(65) Metaspace: 15092K(15552K)->15092K(15552K) NonClass: 13377K(13568K)->13377K(13568K) Class: 1714K(1984K)->1714K(1984K)
[2025-12-24T14:42:20.412+0000][gc          ] GC(65) Pause Young (Normal) (G1 Evacuation Pause) 778M->176M(1024M) 18.690ms
[2025-12-24T14:42:20.412+0000][gc,cpu      ] GC(65) User=0.11s Sys=0.00s Real=0.02s
[2025-12-24T14:42:59.957+0000][gc,start    ] GC(66) Pause Young (Normal) (G1 Evacuation Pause)
[2025-12-24T14:42:59.957+0000][gc,task     ] GC(66) Using 8 workers of 8 for evacuation
[2025-12-24T14:42:59.976+0000][gc,phases   ] GC(66)   Pre Evacuate Collection Set: 2.9ms
[2025-12-24T14:42:59.976+0000][gc,phases   ] GC(66)   Merge Heap Roots: 1.2ms
[2025-12-24T14:42:59.976+0000][gc,phases   ] GC(66)   Evacuate Collection Set: 12.9ms
[2025-12-24T14:42:59.976+0000][gc,phases   ] GC(66)   Post Evacuate Collection Set: 1.2ms
[2025-12-24T14:42:59.976+0000][gc,phases   ] GC(66)   Other: 0.4ms
[2025-12-24T14:42:59.976+0000][gc,heap     ] GC(66) Eden regions: 602->0(603)
[2025-12-24T14:42:59.976+0000][gc,heap     ] GC(66) Survivor regions: 12->11(77)
[2025-12-24T14:42:59.976+0000][gc,heap     ] GC(66) Old regions: 34->35
[2025-12-24T14:42:59.976+0000][gc,heap     ] GC(66) Humongous regions: 131->131
[2025-12-24T14:42:59.976+0000][gc,metaspace] GC(66) Metaspace: 15103K(15616K)->15103K(15616K) NonClass: 13388K(13632K)->13388K(13632K) Class: 1714K(1984K)->1714K(1984K)
[2025-12-24T14:42:59.977+0000][gc          ] GC(66) Pause Young (Normal) (G1 Evacuation Pause) 778M->175M(1024M) 19.692ms
[2025-12-24T14:42:59.977+0000][gc,cpu      ] GC(66) User=0.13s Sys=0.00s Real=0.02s
[2025-12-24T14:43:30.212+0000][gc,start    ] GC(67) Pause Young (Normal) (G1 Evacuation Pause)
[2025-12-24T14:43:30.212+0000][gc,task     ] GC(67) Using 8 workers of 8 for evacuation
[2025-12-24T14:43:30.229+0000][gc,phases   ] GC(67)   Pre Evacuate Collection Set: 1.3ms
[2025-12-24T14:43:30.230+0000][gc,phases   ] GC(67)   Merge Heap Roots: 0.3ms
[2025-12-24T14:43:30.230+0000][gc,phases   ] GC(67)   Evacuate Collection Set: 13.7ms
[2025-12-24T14:43:30.230+0000][gc,phases   ] GC(67)   Post Evacuate Collection Set: 1.6ms
[2025-12-24T14:43:30.230+0000][gc,phases   ] GC(67)   Other: 0.2ms
[2025-12-24T14:43:30.230+0000][gc,heap     ] GC(67) Eden regions: 603->0(605)
[2025-12-24T14:43:30.230+0000][gc,heap     ] GC(67) Survivor regions: 11->9(77)
[2025-12-24T14:43:30.230+0000][gc,heap     ] GC(67) Old regions: 35->35
[2025-12-24T14:43:30.230+0000][gc,heap     ] GC(67) Humongous regions: 131->131
[2025-12-24T14:43:30.230+0000][gc,metaspace] GC(67) Metaspace: 15116K(15616K)->15116K(15616K) NonClass: 13401K(13632K)->13401K(13632K) Class: 1714K(1984K)->1714K(1984K)
[2025-12-24T14:43:30.230+0000][gc          ] GC(67) Pause Young (Normal) (G1 Evacuation Pause) 778M->174M(1024M) 18.286ms
[2025-12-24T14:43:30.230+0000][gc,cpu      ] GC(67) User=0.11s Sys=0.00s Real=0.02s
[2025-12-24T14:44:00.411+0000][gc,start    ] GC(68) Pause Young (Normal) (G1 Evacuation Pause)
[2025-12-24T14:44:00.412+0000][gc,task     ] GC(68) Using 8 workers of 8 for evacuation
[2025-12-24T14:44:00.439+0000][gc,phases   ] GC(68)   Pre Evacuate Collection Set: 1.4ms
[2025-12-24T14:44:00.440+0000][gc,phases   ] GC(68)   Merge Heap Roots: 0.8ms
[2025-12-24T14:44:00.440+0000][gc,phases   ] GC(68)   Evacuate Collection Set: 23.9ms
[2025-12-24T14:44:00.440+0000][gc,phases   ] GC(68)   Post Evacuate Collection Set: 1.4ms
[2025-12-24T14:44:00.440+0000][gc,phases   ] GC(68)   Other: 0.3ms
[2025-12-24T14:44:00.440+0000][gc,heap     ] GC(68) Eden regions: 605->0(604)
[2025-12-24T14:44:00.440+0000][gc,heap     ] GC(68) Survivor regions: 9->10(77)
[2025-12-24T14:44:00.440+0000][gc,heap     ] GC(68) Old regions: 35->36
[2025-12-24T14:44:00.440+0000][gc,heap     ] GC(68) Humongous regions: 131->131
[2025-12-24T14:44:00.440+0000][gc,metaspace] GC(68) Metaspace: 15116K(15616K)->15116K(15616K) NonClass: 13401K(13632K)->13401K(13632K) Class: 1714K(1984K)->1714K(1984K)
[2025-12-24T14:44:00.440+0000][gc          ] GC(68) Pause Young (Normal) (G1 Evacuation Pause) 779M->175M(1024M) 29.502ms
[2025-12-24T14:44:00.440+0000][gc,cpu      ] GC(68) User=0.20s Sys=0.00s Real=0.03s
[2025-12-24T14:44:40.032+0000][gc,start    ] GC(69) Pause Young (Normal) (G1 Evacuation Pause)
[2025-12-24T14:44:40.034+0000][gc,task     ] GC(69) Using 8 workers of 8 for evacuation
[2025-12-24T14:44:40.053+0000][gc,phases   ] GC(69)   Pre Evacuate Collection Set: 4.2ms
[2025-12-24T14:44:40.054+0000][gc,phases   ] GC(69)   Merge Heap Roots: 0.4ms
[2025-12-24T14:44:40.054+0000][gc,phases   ] GC(69)   Evacuate Collection Set: 13.0ms
[2025-12-24T14:44:40.054+0000][gc,phases   ] GC(69)   Post Evacuate Collection Set: 1.6ms
[2025-12-24T14:44:40.054+0000][gc,phases   ] GC(69)   Other: 0.7ms
[2025-12-24T14:44:40.054+0000][gc,heap     ] GC(69) Eden regions: 604->0(605)
[2025-12-24T14:44:40.054+0000][gc,heap     ] GC(69) Survivor regions: 10->9(77)
[2025-12-24T14:44:40.054+0000][gc,heap     ] GC(69) Old regions: 36->37
[2025-12-24T14:44:40.054+0000][gc,heap     ] GC(69) Humongous regions: 131->131
[2025-12-24T14:44:40.054+0000][gc,metaspace] GC(69) Metaspace: 15116K(15616K)->15116K(15616K) NonClass: 13401K(13632K)->13401K(13632K) Class: 1714K(1984K)->1714K(1984K)
[2025-12-24T14:44:40.054+0000][gc          ] GC(69) Pause Young (Normal) (G1 Evacuation Pause) 779M->175M(1024M) 21.933ms
[2025-12-24T14:44:40.054+0000][gc,cpu      ] GC(69) User=0.12s Sys=0.01s Real=0.02s
[2025-12-24T14:45:10.233+0000][gc,start    ] GC(70) Pause Young (Normal) (G1 Evacuation Pause)
[2025-12-24T14:45:10.234+0000][gc,task     ] GC(70) Using 8 workers of 8 for evacuation
[2025-12-24T14:45:10.253+0000][gc,phases   ] GC(70)   Pre Evacuate Collection Set: 2.0ms
[2025-12-24T14:45:10.253+0000][gc,phases   ] GC(70)   Merge Heap Roots: 1.5ms
[2025-12-24T14:45:10.253+0000][gc,phases   ] GC(70)   Evacuate Collection Set: 14.3ms
[2025-12-24T14:45:10.253+0000][gc,phases   ] GC(70)   Post Evacuate Collection Set: 1.0ms
[2025-12-24T14:45:10.253+0000][gc,phases   ] GC(70)   Other: 0.4ms
[2025-12-24T14:45:10.253+0000][gc,heap     ] GC(70) Eden regions: 605->0(604)
[2025-12-24T14:45:10.253+0000][gc,heap     ] GC(70) Survivor regions: 9->10(77)
[2025-12-24T14:45:10.254+0000][gc,heap     ] GC(70) Old regions: 37->37
[2025-12-24T14:45:10.254+0000][gc,heap     ] GC(70) Humongous regions: 131->131
[2025-12-24T14:45:10.254+0000][gc,metaspace] GC(70) Metaspace: 15116K(15616K)->15116K(15616K) NonClass: 13401K(13632K)->13401K(13632K) Class: 1714K(1984K)->1714K(1984K)
[2025-12-24T14:45:10.254+0000][gc          ] GC(70) Pause Young (Normal) (G1 Evacuation Pause) 780M->177M(1024M) 21.051ms
[2025-12-24T14:45:10.254+0000][gc,cpu      ] GC(70) User=0.12s Sys=0.00s Real=0.02s
[2025-12-24T14:45:49.842+0000][gc,start    ] GC(71) Pause Young (Normal) (G1 Evacuation Pause)
[2025-12-24T14:45:49.843+0000][gc,task     ] GC(71) Using 8 workers of 8 for evacuation
[2025-12-24T14:45:49.866+0000][gc,phases   ] GC(71)   Pre Evacuate Collection Set: 1.9ms
[2025-12-24T14:45:49.866+0000][gc,phases   ] GC(71)   Merge Heap Roots: 0.5ms
[2025-12-24T14:45:49.866+0000][gc,phases   ] GC(71)   Evacuate Collection Set: 18.5ms
[2025-12-24T14:45:49.866+0000][gc,phases   ] GC(71)   Post Evacuate Collection Set: 1.6ms
[2025-12-24T14:45:49.866+0000][gc,phases   ] GC(71)   Other: 0.5ms
[2025-12-24T14:45:49.866+0000][gc,heap     ] GC(71) Eden regions: 604->0(605)
[2025-12-24T14:45:49.866+0000][gc,heap     ] GC(71) Survivor regions: 10->9(77)
[2025-12-24T14:45:49.866+0000][gc,heap     ] GC(71) Old regions: 37->37
[2025-12-24T14:45:49.867+0000][gc,heap     ] GC(71) Humongous regions: 131->131
[2025-12-24T14:45:49.867+0000][gc,metaspace] GC(71) Metaspace: 15125K(15616K)->15125K(15616K) NonClass: 13411K(13632K)->13411K(13632K) Class: 1714K(1984K)->1714K(1984K)
[2025-12-24T14:45:49.867+0000][gc          ] GC(71) Pause Young (Normal) (G1 Evacuation Pause) 781M->176M(1024M) 24.670ms
[2025-12-24T14:45:49.867+0000][gc,cpu      ] GC(71) User=0.15s Sys=0.01s Real=0.02s
[2025-12-24T14:46:20.051+0000][gc,start    ] GC(72) Pause Young (Normal) (G1 Evacuation Pause)
[2025-12-24T14:46:20.052+0000][gc,task     ] GC(72) Using 8 workers of 8 for evacuation
[2025-12-24T14:46:20.068+0000][gc,phases   ] GC(72)   Pre Evacuate Collection Set: 1.3ms
[2025-12-24T14:46:20.068+0000][gc,phases   ] GC(72)   Merge Heap Roots: 0.5ms
[2025-12-24T14:46:20.068+0000][gc,phases   ] GC(72)   Evacuate Collection Set: 11.8ms
[2025-12-24T14:46:20.068+0000][gc,phases   ] GC(72)   Post Evacuate Collection Set: 1.7ms
[2025-12-24T14:46:20.068+0000][gc,phases   ] GC(72)   Other: 0.3ms
[2025-12-24T14:46:20.068+0000][gc,heap     ] GC(72) Eden regions: 605->0(607)
[2025-12-24T14:46:20.068+0000][gc,heap     ] GC(72) Survivor regions: 9->7(77)
[2025-12-24T14:46:20.068+0000][gc,heap     ] GC(72) Old regions: 37->38
[2025-12-24T14:46:20.068+0000][gc,heap     ] GC(72) Humongous regions: 131->131
[2025-12-24T14:46:20.068+0000][gc,metaspace] GC(72) Metaspace: 15125K(15616K)->15125K(15616K) NonClass: 13411K(13632K)->13411K(13632K) Class: 1714K(1984K)->1714K(1984K)
[2025-12-24T14:46:20.069+0000][gc          ] GC(72) Pause Young (Normal) (G1 Evacuation Pause) 781M->175M(1024M) 17.126ms
[2025-12-24T14:46:20.069+0000][gc,cpu      ] GC(72) User=0.08s Sys=0.01s Real=0.02s
[2025-12-24T14:46:50.301+0000][gc,start    ] GC(73) Pause Young (Normal) (G1 Evacuation Pause)
[2025-12-24T14:46:50.301+0000][gc,task     ] GC(73) Using 8 workers of 8 for evacuation
[2025-12-24T14:46:50.313+0000][gc,phases   ] GC(73)   Pre Evacuate Collection Set: 1.1ms
[2025-12-24T14:46:50.313+0000][gc,phases   ] GC(73)   Merge Heap Roots: 0.3ms
[2025-12-24T14:46:50.313+0000][gc,phases   ] GC(73)   Evacuate Collection Set: 9.0ms
[2025-12-24T14:46:50.313+0000][gc,phases   ] GC(73)   Post Evacuate Collection Set: 1.3ms
[2025-12-24T14:46:50.313+0000][gc,phases   ] GC(73)   Other: 0.2ms
[2025-12-24T14:46:50.314+0000][gc,heap     ] GC(73) Eden regions: 607->0(605)
[2025-12-24T14:46:50.314+0000][gc,heap     ] GC(73) Survivor regions: 7->9(77)
[2025-12-24T14:46:50.314+0000][gc,heap     ] GC(73) Old regions: 38->38
[2025-12-24T14:46:50.314+0000][gc,heap     ] GC(73) Humongous regions: 131->131
[2025-12-24T14:46:50.314+0000][gc,metaspace] GC(73) Metaspace: 15128K(15616K)->15128K(15616K) NonClass: 13413K(13632K)->13413K(13632K) Class: 1714K(1984K)->1714K(1984K)
[2025-12-24T14:46:50.314+0000][gc          ] GC(73) Pause Young (Normal) (G1 Evacuation Pause) 782M->176M(1024M) 13.149ms
[2025-12-24T14:46:50.314+0000][gc,cpu      ] GC(73) User=0.07s Sys=0.00s Real=0.01s
[2025-12-24T14:47:29.922+0000][gc,start    ] GC(74) Pause Young (Normal) (G1 Evacuation Pause)
[2025-12-24T14:47:29.922+0000][gc,task     ] GC(74) Using 8 workers of 8 for evacuation
[2025-12-24T14:47:29.935+0000][gc,phases   ] GC(74)   Pre Evacuate Collection Set: 1.2ms
[2025-12-24T14:47:29.935+0000][gc,phases   ] GC(74)   Merge Heap Roots: 0.3ms
[2025-12-24T14:47:29.935+0000][gc,phases   ] GC(74)   Evacuate Collection Set: 9.7ms
[2025-12-24T14:47:29.935+0000][gc,phases   ] GC(74)   Post Evacuate Collection Set: 1.3ms
[2025-12-24T14:47:29.935+0000][gc,phases   ] GC(74)   Other: 0.3ms
[2025-12-24T14:47:29.935+0000][gc,heap     ] GC(74) Eden regions: 605->0(605)
[2025-12-24T14:47:29.935+0000][gc,heap     ] GC(74) Survivor regions: 9->9(77)
[2025-12-24T14:47:29.936+0000][gc,heap     ] GC(74) Old regions: 38->38
[2025-12-24T14:47:29.936+0000][gc,heap     ] GC(74) Humongous regions: 131->131
[2025-12-24T14:47:29.936+0000][gc,metaspace] GC(74) Metaspace: 15132K(15616K)->15132K(15616K) NonClass: 13418K(13632K)->13418K(13632K) Class: 1714K(1984K)->1714K(1984K)
[2025-12-24T14:47:29.936+0000][gc          ] GC(74) Pause Young (Normal) (G1 Evacuation Pause) 781M->176M(1024M) 14.030ms
[2025-12-24T14:47:29.936+0000][gc,cpu      ] GC(74) User=0.08s Sys=0.00s Real=0.01s
[2025-12-24T14:48:00.247+0000][gc,start    ] GC(75) Pause Young (Normal) (G1 Evacuation Pause)
[2025-12-24T14:48:00.247+0000][gc,task     ] GC(75) Using 8 workers of 8 for evacuation
[2025-12-24T14:48:00.270+0000][gc,phases   ] GC(75)   Pre Evacuate Collection Set: 1.4ms
[2025-12-24T14:48:00.270+0000][gc,phases   ] GC(75)   Merge Heap Roots: 0.4ms
[2025-12-24T14:48:00.271+0000][gc,phases   ] GC(75)   Evacuate Collection Set: 17.5ms
[2025-12-24T14:48:00.271+0000][gc,phases   ] GC(75)   Post Evacuate Collection Set: 3.2ms
[2025-12-24T14:48:00.271+0000][gc,phases   ] GC(75)   Other: 0.5ms
[2025-12-24T14:48:00.276+0000][gc,heap     ] GC(75) Eden regions: 605->0(604)
[2025-12-24T14:48:00.276+0000][gc,heap     ] GC(75) Survivor regions: 9->10(77)
[2025-12-24T14:48:00.276+0000][gc,heap     ] GC(75) Old regions: 38->39
[2025-12-24T14:48:00.276+0000][gc,heap     ] GC(75) Humongous regions: 131->131
[2025-12-24T14:48:00.277+0000][gc,metaspace] GC(75) Metaspace: 15145K(15616K)->15145K(15616K) NonClass: 13430K(13632K)->13430K(13632K) Class: 1714K(1984K)->1714K(1984K)
[2025-12-24T14:48:00.277+0000][gc          ] GC(75) Pause Young (Normal) (G1 Evacuation Pause) 781M->178M(1024M) 30.249ms
[2025-12-24T14:48:00.277+0000][gc,cpu      ] GC(75) User=0.16s Sys=0.00s Real=0.03s
[2025-12-24T14:48:03.417+0000][gc,start    ] GC(76) Pause Young (Concurrent Start) (CodeCache GC Threshold)
[2025-12-24T14:48:03.417+0000][gc,task     ] GC(76) Using 8 workers of 8 for evacuation
[2025-12-24T14:48:03.442+0000][gc,phases   ] GC(76)   Pre Evacuate Collection Set: 9.2ms
[2025-12-24T14:48:03.443+0000][gc,phases   ] GC(76)   Merge Heap Roots: 0.3ms
[2025-12-24T14:48:03.443+0000][gc,phases   ] GC(76)   Evacuate Collection Set: 15.0ms
[2025-12-24T14:48:03.443+0000][gc,phases   ] GC(76)   Post Evacuate Collection Set: 0.4ms
[2025-12-24T14:48:03.443+0000][gc,phases   ] GC(76)   Other: 0.2ms
[2025-12-24T14:48:03.443+0000][gc,heap     ] GC(76) Eden regions: 88->0(606)
[2025-12-24T14:48:03.443+0000][gc,heap     ] GC(76) Survivor regions: 10->8(77)
[2025-12-24T14:48:03.443+0000][gc,heap     ] GC(76) Old regions: 39->39
[2025-12-24T14:48:03.443+0000][gc,heap     ] GC(76) Humongous regions: 131->131
[2025-12-24T14:48:03.443+0000][gc,metaspace] GC(76) Metaspace: 15145K(15616K)->15145K(15616K) NonClass: 13430K(13632K)->13430K(13632K) Class: 1714K(1984K)->1714K(1984K)
[2025-12-24T14:48:03.443+0000][gc          ] GC(76) Pause Young (Concurrent Start) (CodeCache GC Threshold) 266M->177M(1024M) 25.964ms
[2025-12-24T14:48:03.443+0000][gc,cpu      ] GC(76) User=0.11s Sys=0.00s Real=0.02s
[2025-12-24T14:48:03.443+0000][gc          ] GC(77) Concurrent Mark Cycle
[2025-12-24T14:48:03.443+0000][gc,marking  ] GC(77) Concurrent Scan Root Regions
[2025-12-24T14:48:03.447+0000][gc,marking  ] GC(77) Concurrent Scan Root Regions 3.262ms
[2025-12-24T14:48:03.447+0000][gc,marking  ] GC(77) Concurrent Mark
[2025-12-24T14:48:03.447+0000][gc,marking  ] GC(77) Concurrent Mark From Roots
[2025-12-24T14:48:03.447+0000][gc,task     ] GC(77) Using 2 workers of 2 for marking
[2025-12-24T14:48:03.477+0000][gc,marking  ] GC(77) Concurrent Mark From Roots 30.355ms
[2025-12-24T14:48:03.477+0000][gc,marking  ] GC(77) Concurrent Preclean
[2025-12-24T14:48:03.477+0000][gc,marking  ] GC(77) Concurrent Preclean 0.227ms
[2025-12-24T14:48:03.478+0000][gc,start    ] GC(77) Pause Remark
[2025-12-24T14:48:03.537+0000][gc          ] GC(77) Pause Remark 177M->177M(1024M) 58.926ms
[2025-12-24T14:48:03.537+0000][gc,cpu      ] GC(77) User=0.40s Sys=0.00s Real=0.06s
[2025-12-24T14:48:03.537+0000][gc,marking  ] GC(77) Concurrent Mark 90.116ms
[2025-12-24T14:48:03.537+0000][gc,marking  ] GC(77) Concurrent Rebuild Remembered Sets and Scrub Regions
[2025-12-24T14:48:03.546+0000][gc,marking  ] GC(77) Concurrent Rebuild Remembered Sets and Scrub Regions 8.746ms
[2025-12-24T14:48:03.546+0000][gc,start    ] GC(77) Pause Cleanup
[2025-12-24T14:48:03.546+0000][gc          ] GC(77) Pause Cleanup 177M->177M(1024M) 0.228ms
[2025-12-24T14:48:03.546+0000][gc,cpu      ] GC(77) User=0.00s Sys=0.00s Real=0.00s
[2025-12-24T14:48:03.546+0000][gc,marking  ] GC(77) Concurrent Clear Claimed Marks
[2025-12-24T14:48:03.547+0000][gc,marking  ] GC(77) Concurrent Clear Claimed Marks 0.083ms
[2025-12-24T14:48:03.547+0000][gc,marking  ] GC(77) Concurrent Cleanup for Next Mark
[2025-12-24T14:48:03.554+0000][gc,marking  ] GC(77) Concurrent Cleanup for Next Mark 7.731ms
[2025-12-24T14:48:03.554+0000][gc          ] GC(77) Concurrent Mark Cycle 111.387ms
[2025-12-24T14:48:40.018+0000][gc,start    ] GC(78) Pause Young (Prepare Mixed) (G1 Evacuation Pause)
[2025-12-24T14:48:40.020+0000][gc,task     ] GC(78) Using 8 workers of 8 for evacuation
[2025-12-24T14:48:40.037+0000][gc,phases   ] GC(78)   Pre Evacuate Collection Set: 1.4ms
[2025-12-24T14:48:40.037+0000][gc,phases   ] GC(78)   Merge Heap Roots: 0.4ms
[2025-12-24T14:48:40.037+0000][gc,phases   ] GC(78)   Evacuate Collection Set: 13.9ms
[2025-12-24T14:48:40.037+0000][gc,phases   ] GC(78)   Post Evacuate Collection Set: 1.5ms
[2025-12-24T14:48:40.037+0000][gc,phases   ] GC(78)   Other: 0.3ms
[2025-12-24T14:48:40.037+0000][gc,heap     ] GC(78) Eden regions: 606->0(604)
[2025-12-24T14:48:40.037+0000][gc,heap     ] GC(78) Survivor regions: 8->10(77)
[2025-12-24T14:48:40.037+0000][gc,heap     ] GC(78) Old regions: 39->39
[2025-12-24T14:48:40.038+0000][gc,heap     ] GC(78) Humongous regions: 131->131
[2025-12-24T14:48:40.038+0000][gc,metaspace] GC(78) Metaspace: 15032K(15616K)->15032K(15616K) NonClass: 13347K(13632K)->13347K(13632K) Class: 1684K(1984K)->1684K(1984K)
[2025-12-24T14:48:40.038+0000][gc          ] GC(78) Pause Young (Prepare Mixed) (G1 Evacuation Pause) 783M->178M(1024M) 19.322ms
[2025-12-24T14:48:40.038+0000][gc,cpu      ] GC(78) User=0.12s Sys=0.00s Real=0.02s
[2025-12-24T14:49:10.219+0000][gc,start    ] GC(79) Pause Young (Mixed) (G1 Evacuation Pause)
[2025-12-24T14:49:10.222+0000][gc,task     ] GC(79) Using 8 workers of 8 for evacuation
[2025-12-24T14:49:10.235+0000][gc,phases   ] GC(79)   Pre Evacuate Collection Set: 1.4ms
[2025-12-24T14:49:10.236+0000][gc,phases   ] GC(79)   Merge Heap Roots: 0.4ms
[2025-12-24T14:49:10.236+0000][gc,phases   ] GC(79)   Evacuate Collection Set: 10.6ms
[2025-12-24T14:49:10.236+0000][gc,phases   ] GC(79)   Post Evacuate Collection Set: 1.3ms
[2025-12-24T14:49:10.236+0000][gc,phases   ] GC(79)   Other: 0.3ms
[2025-12-24T14:49:10.236+0000][gc,heap     ] GC(79) Eden regions: 604->0(606)
[2025-12-24T14:49:10.236+0000][gc,heap     ] GC(79) Survivor regions: 10->8(77)
[2025-12-24T14:49:10.236+0000][gc,heap     ] GC(79) Old regions: 39->37
[2025-12-24T14:49:10.236+0000][gc,heap     ] GC(79) Humongous regions: 131->131
[2025-12-24T14:49:10.236+0000][gc,metaspace] GC(79) Metaspace: 15034K(15616K)->15034K(15616K) NonClass: 13350K(13632K)->13350K(13632K) Class: 1684K(1984K)->1684K(1984K)
[2025-12-24T14:49:10.236+0000][gc          ] GC(79) Pause Young (Mixed) (G1 Evacuation Pause) 782M->174M(1024M) 17.240ms
[2025-12-24T14:49:10.236+0000][gc,cpu      ] GC(79) User=0.09s Sys=0.00s Real=0.02s
[2025-12-24T14:49:40.365+0000][gc,start    ] GC(80) Pause Young (Normal) (G1 Evacuation Pause)
[2025-12-24T14:49:40.365+0000][gc,task     ] GC(80) Using 8 workers of 8 for evacuation
[2025-12-24T14:49:40.377+0000][gc,phases   ] GC(80)   Pre Evacuate Collection Set: 1.0ms
[2025-12-24T14:49:40.377+0000][gc,phases   ] GC(80)   Merge Heap Roots: 0.8ms
[2025-12-24T14:49:40.377+0000][gc,phases   ] GC(80)   Evacuate Collection Set: 8.3ms
[2025-12-24T14:49:40.377+0000][gc,phases   ] GC(80)   Post Evacuate Collection Set: 1.0ms
[2025-12-24T14:49:40.377+0000][gc,phases   ] GC(80)   Other: 0.2ms
[2025-12-24T14:49:40.377+0000][gc,heap     ] GC(80) Eden regions: 606->0(605)
[2025-12-24T14:49:40.377+0000][gc,heap     ] GC(80) Survivor regions: 8->9(77)
[2025-12-24T14:49:40.377+0000][gc,heap     ] GC(80) Old regions: 37->37
[2025-12-24T14:49:40.377+0000][gc,heap     ] GC(80) Humongous regions: 131->131
[2025-12-24T14:49:40.377+0000][gc,metaspace] GC(80) Metaspace: 15178K(15680K)->15178K(15680K) NonClass: 13493K(13696K)->13493K(13696K) Class: 1684K(1984K)->1684K(1984K)
[2025-12-24T14:49:40.377+0000][gc          ] GC(80) Pause Young (Normal) (G1 Evacuation Pause) 780M->176M(1024M) 12.392ms
[2025-12-24T14:49:40.377+0000][gc,cpu      ] GC(80) User=0.07s Sys=0.00s Real=0.01s
[2025-12-24T14:50:20.008+0000][gc,start    ] GC(81) Pause Young (Normal) (G1 Evacuation Pause)
[2025-12-24T14:50:20.009+0000][gc,task     ] GC(81) Using 8 workers of 8 for evacuation
[2025-12-24T14:50:20.023+0000][gc,phases   ] GC(81)   Pre Evacuate Collection Set: 1.2ms
[2025-12-24T14:50:20.023+0000][gc,phases   ] GC(81)   Merge Heap Roots: 0.4ms
[2025-12-24T14:50:20.023+0000][gc,phases   ] GC(81)   Evacuate Collection Set: 10.9ms
[2025-12-24T14:50:20.023+0000][gc,phases   ] GC(81)   Post Evacuate Collection Set: 1.2ms
[2025-12-24T14:50:20.023+0000][gc,phases   ] GC(81)   Other: 0.2ms
[2025-12-24T14:50:20.023+0000][gc,heap     ] GC(81) Eden regions: 605->0(605)
[2025-12-24T14:50:20.023+0000][gc,heap     ] GC(81) Survivor regions: 9->9(77)
[2025-12-24T14:50:20.023+0000][gc,heap     ] GC(81) Old regions: 37->37
[2025-12-24T14:50:20.023+0000][gc,heap     ] GC(81) Humongous regions: 131->131
[2025-12-24T14:50:20.023+0000][gc,metaspace] GC(81) Metaspace: 15211K(15680K)->15211K(15680K) NonClass: 13526K(13696K)->13526K(13696K) Class: 1684K(1984K)->1684K(1984K)
[2025-12-24T14:50:20.023+0000][gc          ] GC(81) Pause Young (Normal) (G1 Evacuation Pause) 781M->176M(1024M) 14.958ms
[2025-12-24T14:50:20.023+0000][gc,cpu      ] GC(81) User=0.10s Sys=0.01s Real=0.02s
[2025-12-24T14:50:50.197+0000][gc,start    ] GC(82) Pause Young (Normal) (G1 Evacuation Pause)
[2025-12-24T14:50:50.197+0000][gc,task     ] GC(82) Using 8 workers of 8 for evacuation
[2025-12-24T14:50:50.207+0000][gc,phases   ] GC(82)   Pre Evacuate Collection Set: 1.0ms
[2025-12-24T14:50:50.207+0000][gc,phases   ] GC(82)   Merge Heap Roots: 0.4ms
[2025-12-24T14:50:50.207+0000][gc,phases   ] GC(82)   Evacuate Collection Set: 6.6ms
[2025-12-24T14:50:50.207+0000][gc,phases   ] GC(82)   Post Evacuate Collection Set: 1.2ms
[2025-12-24T14:50:50.207+0000][gc,phases   ] GC(82)   Other: 0.3ms
[2025-12-24T14:50:50.207+0000][gc,heap     ] GC(82) Eden regions: 605->0(604)
[2025-12-24T14:50:50.207+0000][gc,heap     ] GC(82) Survivor regions: 9->10(77)
[2025-12-24T14:50:50.207+0000][gc,heap     ] GC(82) Old regions: 37->38
[2025-12-24T14:50:50.207+0000][gc,heap     ] GC(82) Humongous regions: 131->131
[2025-12-24T14:50:50.207+0000][gc,metaspace] GC(82) Metaspace: 15211K(15680K)->15211K(15680K) NonClass: 13526K(13696K)->13526K(13696K) Class: 1684K(1984K)->1684K(1984K)
[2025-12-24T14:50:50.207+0000][gc          ] GC(82) Pause Young (Normal) (G1 Evacuation Pause) 781M->177M(1024M) 10.651ms
[2025-12-24T14:50:50.207+0000][gc,cpu      ] GC(82) User=0.05s Sys=0.00s Real=0.01s
[2025-12-24T14:51:20.346+0000][gc,start    ] GC(83) Pause Young (Normal) (G1 Evacuation Pause)
[2025-12-24T14:51:20.346+0000][gc,task     ] GC(83) Using 8 workers of 8 for evacuation
[2025-12-24T14:51:20.366+0000][gc,phases   ] GC(83)   Pre Evacuate Collection Set: 2.8ms
[2025-12-24T14:51:20.366+0000][gc,phases   ] GC(83)   Merge Heap Roots: 1.7ms
[2025-12-24T14:51:20.366+0000][gc,phases   ] GC(83)   Evacuate Collection Set: 13.8ms
[2025-12-24T14:51:20.366+0000][gc,phases   ] GC(83)   Post Evacuate Collection Set: 1.1ms
[2025-12-24T14:51:20.366+0000][gc,phases   ] GC(83)   Other: 0.3ms
[2025-12-24T14:51:20.366+0000][gc,heap     ] GC(83) Eden regions: 604->0(603)
[2025-12-24T14:51:20.366+0000][gc,heap     ] GC(83) Survivor regions: 10->11(77)
[2025-12-24T14:51:20.366+0000][gc,heap     ] GC(83) Old regions: 38->38
[2025-12-24T14:51:20.366+0000][gc,heap     ] GC(83) Humongous regions: 131->131
[2025-12-24T14:51:20.367+0000][gc,metaspace] GC(83) Metaspace: 15212K(15680K)->15212K(15680K) NonClass: 13528K(13696K)->13528K(13696K) Class: 1684K(1984K)->1684K(1984K)
[2025-12-24T14:51:20.367+0000][gc          ] GC(83) Pause Young (Normal) (G1 Evacuation Pause) 781M->179M(1024M) 20.958ms
[2025-12-24T14:51:20.367+0000][gc,cpu      ] GC(83) User=0.13s Sys=0.00s Real=0.02s
[2025-12-24T14:53:26.969+0000][gc,start    ] GC(84) Pause Young (Normal) (G1 Evacuation Pause)
[2025-12-24T14:53:26.970+0000][gc,task     ] GC(84) Using 8 workers of 8 for evacuation
[2025-12-24T14:53:26.988+0000][gc,phases   ] GC(84)   Pre Evacuate Collection Set: 1.4ms
[2025-12-24T14:53:26.989+0000][gc,phases   ] GC(84)   Merge Heap Roots: 0.3ms
[2025-12-24T14:53:26.989+0000][gc,phases   ] GC(84)   Evacuate Collection Set: 15.6ms
[2025-12-24T14:53:26.989+0000][gc,phases   ] GC(84)   Post Evacuate Collection Set: 1.3ms
[2025-12-24T14:53:26.989+0000][gc,phases   ] GC(84)   Other: 0.2ms
[2025-12-24T14:53:26.989+0000][gc,heap     ] GC(84) Eden regions: 603->0(607)
[2025-12-24T14:53:26.989+0000][gc,heap     ] GC(84) Survivor regions: 11->7(77)
[2025-12-24T14:53:26.989+0000][gc,heap     ] GC(84) Old regions: 38->38
[2025-12-24T14:53:26.989+0000][gc,heap     ] GC(84) Humongous regions: 131->131
[2025-12-24T14:53:26.989+0000][gc,metaspace] GC(84) Metaspace: 15216K(15680K)->15216K(15680K) NonClass: 13529K(13696K)->13529K(13696K) Class: 1686K(1984K)->1686K(1984K)
[2025-12-24T14:53:26.989+0000][gc          ] GC(84) Pause Young (Normal) (G1 Evacuation Pause) 782M->175M(1024M) 19.714ms
[2025-12-24T14:53:26.989+0000][gc,cpu      ] GC(84) User=0.12s Sys=0.01s Real=0.02s
[2025-12-24T14:53:57.198+0000][gc,start    ] GC(85) Pause Young (Normal) (G1 Evacuation Pause)
[2025-12-24T14:53:57.198+0000][gc,task     ] GC(85) Using 8 workers of 8 for evacuation
[2025-12-24T14:53:57.211+0000][gc,phases   ] GC(85)   Pre Evacuate Collection Set: 1.2ms
[2025-12-24T14:53:57.211+0000][gc,phases   ] GC(85)   Merge Heap Roots: 0.3ms
[2025-12-24T14:53:57.211+0000][gc,phases   ] GC(85)   Evacuate Collection Set: 10.0ms
[2025-12-24T14:53:57.211+0000][gc,phases   ] GC(85)   Post Evacuate Collection Set: 1.3ms
[2025-12-24T14:53:57.211+0000][gc,phases   ] GC(85)   Other: 0.2ms
[2025-12-24T14:53:57.212+0000][gc,heap     ] GC(85) Eden regions: 607->0(606)
[2025-12-24T14:53:57.212+0000][gc,heap     ] GC(85) Survivor regions: 7->8(77)
[2025-12-24T14:53:57.212+0000][gc,heap     ] GC(85) Old regions: 38->39
[2025-12-24T14:53:57.212+0000][gc,heap     ] GC(85) Humongous regions: 131->131
[2025-12-24T14:53:57.212+0000][gc,metaspace] GC(85) Metaspace: 15218K(15680K)->15218K(15680K) NonClass: 13532K(13696K)->13532K(13696K) Class: 1686K(1984K)->1686K(1984K)
[2025-12-24T14:53:57.212+0000][gc          ] GC(85) Pause Young (Normal) (G1 Evacuation Pause) 782M->177M(1024M) 14.167ms
[2025-12-24T14:53:57.212+0000][gc,cpu      ] GC(85) User=0.08s Sys=0.00s Real=0.01s
[2025-12-24T14:54:27.501+0000][gc,start    ] GC(86) Pause Young (Normal) (G1 Evacuation Pause)
[2025-12-24T14:54:27.502+0000][gc,task     ] GC(86) Using 8 workers of 8 for evacuation
[2025-12-24T14:54:27.542+0000][gc,phases   ] GC(86)   Pre Evacuate Collection Set: 1.7ms
[2025-12-24T14:54:27.542+0000][gc,phases   ] GC(86)   Merge Heap Roots: 0.4ms
[2025-12-24T14:54:27.542+0000][gc,phases   ] GC(86)   Evacuate Collection Set: 28.7ms
[2025-12-24T14:54:27.543+0000][gc,phases   ] GC(86)   Post Evacuate Collection Set: 8.5ms
[2025-12-24T14:54:27.543+0000][gc,phases   ] GC(86)   Other: 0.3ms
[2025-12-24T14:54:27.543+0000][gc,heap     ] GC(86) Eden regions: 606->0(604)
[2025-12-24T14:54:27.543+0000][gc,heap     ] GC(86) Survivor regions: 8->10(77)
[2025-12-24T14:54:27.543+0000][gc,heap     ] GC(86) Old regions: 39->39
[2025-12-24T14:54:27.543+0000][gc,heap     ] GC(86) Humongous regions: 131->131
[2025-12-24T14:54:27.544+0000][gc,metaspace] GC(86) Metaspace: 15218K(15680K)->15218K(15680K) NonClass: 13532K(13696K)->13532K(13696K) Class: 1686K(1984K)->1686K(1984K)
[2025-12-24T14:54:27.544+0000][gc          ] GC(86) Pause Young (Normal) (G1 Evacuation Pause) 783M->178M(1024M) 42.848ms
[2025-12-24T14:54:27.544+0000][gc,cpu      ] GC(86) User=0.25s Sys=0.02s Real=0.05s
[2025-12-24T14:55:06.950+0000][gc,start    ] GC(87) Pause Young (Normal) (G1 Evacuation Pause)
[2025-12-24T14:55:06.951+0000][gc,task     ] GC(87) Using 8 workers of 8 for evacuation
[2025-12-24T14:55:06.968+0000][gc,phases   ] GC(87)   Pre Evacuate Collection Set: 1.5ms
[2025-12-24T14:55:06.968+0000][gc,phases   ] GC(87)   Merge Heap Roots: 0.4ms
[2025-12-24T14:55:06.968+0000][gc,phases   ] GC(87)   Evacuate Collection Set: 14.0ms
[2025-12-24T14:55:06.968+0000][gc,phases   ] GC(87)   Post Evacuate Collection Set: 1.6ms
[2025-12-24T14:55:06.968+0000][gc,phases   ] GC(87)   Other: 0.2ms
[2025-12-24T14:55:06.969+0000][gc,heap     ] GC(87) Eden regions: 604->0(605)
[2025-12-24T14:55:06.969+0000][gc,heap     ] GC(87) Survivor regions: 10->9(77)
[2025-12-24T14:55:06.969+0000][gc,heap     ] GC(87) Old regions: 39->40
[2025-12-24T14:55:06.969+0000][gc,heap     ] GC(87) Humongous regions: 131->131
[2025-12-24T14:55:06.969+0000][gc,metaspace] GC(87) Metaspace: 15221K(15680K)->15221K(15680K) NonClass: 13535K(13696K)->13535K(13696K) Class: 1686K(1984K)->1686K(1984K)
[2025-12-24T14:55:06.969+0000][gc          ] GC(87) Pause Young (Normal) (G1 Evacuation Pause) 782M->178M(1024M) 18.949ms
[2025-12-24T14:55:06.969+0000][gc,cpu      ] GC(87) User=0.10s Sys=0.00s Real=0.02s
[2025-12-24T14:55:37.153+0000][gc,start    ] GC(88) Pause Young (Normal) (G1 Evacuation Pause)
[2025-12-24T14:55:37.154+0000][gc,task     ] GC(88) Using 8 workers of 8 for evacuation
[2025-12-24T14:55:37.172+0000][gc,phases   ] GC(88)   Pre Evacuate Collection Set: 1.2ms
[2025-12-24T14:55:37.173+0000][gc,phases   ] GC(88)   Merge Heap Roots: 0.3ms
[2025-12-24T14:55:37.173+0000][gc,phases   ] GC(88)   Evacuate Collection Set: 15.4ms
[2025-12-24T14:55:37.173+0000][gc,phases   ] GC(88)   Post Evacuate Collection Set: 1.6ms
[2025-12-24T14:55:37.173+0000][gc,phases   ] GC(88)   Other: 0.2ms
[2025-12-24T14:55:37.173+0000][gc,heap     ] GC(88) Eden regions: 605->0(604)
[2025-12-24T14:55:37.173+0000][gc,heap     ] GC(88) Survivor regions: 9->10(77)
[2025-12-24T14:55:37.173+0000][gc,heap     ] GC(88) Old regions: 40->40
[2025-12-24T14:55:37.173+0000][gc,heap     ] GC(88) Humongous regions: 131->131
[2025-12-24T14:55:37.173+0000][gc,metaspace] GC(88) Metaspace: 15221K(15680K)->15221K(15680K) NonClass: 13535K(13696K)->13535K(13696K) Class: 1686K(1984K)->1686K(1984K)
[2025-12-24T14:55:37.173+0000][gc          ] GC(88) Pause Young (Normal) (G1 Evacuation Pause) 783M->180M(1024M) 19.768ms
[2025-12-24T14:55:37.173+0000][gc,cpu      ] GC(88) User=0.11s Sys=0.01s Real=0.02s
[2025-12-24T14:56:07.400+0000][gc,start    ] GC(89) Pause Young (Normal) (G1 Evacuation Pause)
[2025-12-24T14:56:07.401+0000][gc,task     ] GC(89) Using 8 workers of 8 for evacuation
[2025-12-24T14:56:07.410+0000][gc,phases   ] GC(89)   Pre Evacuate Collection Set: 1.1ms
[2025-12-24T14:56:07.411+0000][gc,phases   ] GC(89)   Merge Heap Roots: 0.4ms
[2025-12-24T14:56:07.411+0000][gc,phases   ] GC(89)   Evacuate Collection Set: 6.6ms
[2025-12-24T14:56:07.411+0000][gc,phases   ] GC(89)   Post Evacuate Collection Set: 1.2ms
[2025-12-24T14:56:07.411+0000][gc,phases   ] GC(89)   Other: 0.2ms
[2025-12-24T14:56:07.411+0000][gc,heap     ] GC(89) Eden regions: 604->0(606)
[2025-12-24T14:56:07.411+0000][gc,heap     ] GC(89) Survivor regions: 10->8(77)
[2025-12-24T14:56:07.411+0000][gc,heap     ] GC(89) Old regions: 40->40
[2025-12-24T14:56:07.411+0000][gc,heap     ] GC(89) Humongous regions: 131->131
[2025-12-24T14:56:07.411+0000][gc,metaspace] GC(89) Metaspace: 15221K(15680K)->15221K(15680K) NonClass: 13535K(13696K)->13535K(13696K) Class: 1686K(1984K)->1686K(1984K)
[2025-12-24T14:56:07.411+0000][gc          ] GC(89) Pause Young (Normal) (G1 Evacuation Pause) 784M->178M(1024M) 10.908ms
[2025-12-24T14:56:07.411+0000][gc,cpu      ] GC(89) User=0.06s Sys=0.00s Real=0.01s
[2025-12-24T14:56:47.027+0000][gc,start    ] GC(90) Pause Young (Normal) (G1 Evacuation Pause)
[2025-12-24T14:56:47.029+0000][gc,task     ] GC(90) Using 8 workers of 8 for evacuation
[2025-12-24T14:56:47.060+0000][gc,phases   ] GC(90)   Pre Evacuate Collection Set: 3.0ms
[2025-12-24T14:56:47.060+0000][gc,phases   ] GC(90)   Merge Heap Roots: 0.4ms
[2025-12-24T14:56:47.060+0000][gc,phases   ] GC(90)   Evacuate Collection Set: 25.5ms
[2025-12-24T14:56:47.060+0000][gc,phases   ] GC(90)   Post Evacuate Collection Set: 1.9ms
[2025-12-24T14:56:47.061+0000][gc,phases   ] GC(90)   Other: 0.5ms
[2025-12-24T14:56:47.061+0000][gc,heap     ] GC(90) Eden regions: 606->0(607)
[2025-12-24T14:56:47.061+0000][gc,heap     ] GC(90) Survivor regions: 8->7(77)
[2025-12-24T14:56:47.061+0000][gc,heap     ] GC(90) Old regions: 40->41
[2025-12-24T14:56:47.061+0000][gc,heap     ] GC(90) Humongous regions: 131->131
[2025-12-24T14:56:47.061+0000][gc,metaspace] GC(90) Metaspace: 15221K(15680K)->15221K(15680K) NonClass: 13535K(13696K)->13535K(13696K) Class: 1686K(1984K)->1686K(1984K)
[2025-12-24T14:56:47.061+0000][gc          ] GC(90) Pause Young (Normal) (G1 Evacuation Pause) 784M->177M(1024M) 34.344ms
[2025-12-24T14:56:47.061+0000][gc,cpu      ] GC(90) User=0.12s Sys=0.05s Real=0.04s
[2025-12-24T14:57:17.129+0000][gc,start    ] GC(91) Pause Young (Normal) (G1 Evacuation Pause)
[2025-12-24T14:57:17.130+0000][gc,task     ] GC(91) Using 8 workers of 8 for evacuation
[2025-12-24T14:57:17.146+0000][gc,phases   ] GC(91)   Pre Evacuate Collection Set: 5.1ms
[2025-12-24T14:57:17.146+0000][gc,phases   ] GC(91)   Merge Heap Roots: 0.4ms
[2025-12-24T14:57:17.146+0000][gc,phases   ] GC(91)   Evacuate Collection Set: 8.5ms
[2025-12-24T14:57:17.146+0000][gc,phases   ] GC(91)   Post Evacuate Collection Set: 1.2ms
[2025-12-24T14:57:17.146+0000][gc,phases   ] GC(91)   Other: 0.5ms
[2025-12-24T14:57:17.146+0000][gc,heap     ] GC(91) Eden regions: 607->0(605)
[2025-12-24T14:57:17.146+0000][gc,heap     ] GC(91) Survivor regions: 7->9(77)
[2025-12-24T14:57:17.146+0000][gc,heap     ] GC(91) Old regions: 41->41
[2025-12-24T14:57:17.146+0000][gc,heap     ] GC(91) Humongous regions: 131->131
[2025-12-24T14:57:17.146+0000][gc,metaspace] GC(91) Metaspace: 15230K(15744K)->15230K(15744K) NonClass: 13543K(13760K)->13543K(13760K) Class: 1686K(1984K)->1686K(1984K)
[2025-12-24T14:57:17.147+0000][gc          ] GC(91) Pause Young (Normal) (G1 Evacuation Pause) 784M->179M(1024M) 17.271ms
[2025-12-24T14:57:17.147+0000][gc,cpu      ] GC(91) User=0.08s Sys=0.00s Real=0.02s
[2025-12-24T14:57:47.349+0000][gc,start    ] GC(92) Pause Young (Normal) (G1 Evacuation Pause)
[2025-12-24T14:57:47.350+0000][gc,task     ] GC(92) Using 8 workers of 8 for evacuation
[2025-12-24T14:57:47.367+0000][gc,phases   ] GC(92)   Pre Evacuate Collection Set: 3.4ms
[2025-12-24T14:57:47.367+0000][gc,phases   ] GC(92)   Merge Heap Roots: 0.5ms
[2025-12-24T14:57:47.367+0000][gc,phases   ] GC(92)   Evacuate Collection Set: 11.7ms
[2025-12-24T14:57:47.367+0000][gc,phases   ] GC(92)   Post Evacuate Collection Set: 1.2ms
[2025-12-24T14:57:47.367+0000][gc,phases   ] GC(92)   Other: 0.3ms
[2025-12-24T14:57:47.367+0000][gc,heap     ] GC(92) Eden regions: 605->0(603)
[2025-12-24T14:57:47.367+0000][gc,heap     ] GC(92) Survivor regions: 9->11(77)
[2025-12-24T14:57:47.367+0000][gc,heap     ] GC(92) Old regions: 41->41
[2025-12-24T14:57:47.367+0000][gc,heap     ] GC(92) Humongous regions: 131->131
[2025-12-24T14:57:47.367+0000][gc,metaspace] GC(92) Metaspace: 15237K(15744K)->15237K(15744K) NonClass: 13551K(13760K)->13551K(13760K) Class: 1686K(1984K)->1686K(1984K)
[2025-12-24T14:57:47.367+0000][gc          ] GC(92) Pause Young (Normal) (G1 Evacuation Pause) 784M->182M(1024M) 18.115ms
[2025-12-24T14:57:47.367+0000][gc,cpu      ] GC(92) User=0.12s Sys=0.00s Real=0.02s
[2025-12-24T14:58:26.945+0000][gc,start    ] GC(93) Pause Young (Normal) (G1 Evacuation Pause)
[2025-12-24T14:58:26.946+0000][gc,task     ] GC(93) Using 8 workers of 8 for evacuation
[2025-12-24T14:58:26.978+0000][gc,phases   ] GC(93)   Pre Evacuate Collection Set: 4.6ms
[2025-12-24T14:58:26.978+0000][gc,phases   ] GC(93)   Merge Heap Roots: 0.4ms
[2025-12-24T14:58:26.978+0000][gc,phases   ] GC(93)   Evacuate Collection Set: 17.2ms
[2025-12-24T14:58:26.979+0000][gc,phases   ] GC(93)   Post Evacuate Collection Set: 9.8ms
[2025-12-24T14:58:26.979+0000][gc,phases   ] GC(93)   Other: 0.3ms
[2025-12-24T14:58:26.979+0000][gc,heap     ] GC(93) Eden regions: 603->0(605)
[2025-12-24T14:58:26.979+0000][gc,heap     ] GC(93) Survivor regions: 11->9(77)
[2025-12-24T14:58:26.979+0000][gc,heap     ] GC(93) Old regions: 41->41
[2025-12-24T14:58:26.979+0000][gc,heap     ] GC(93) Humongous regions: 131->131
[2025-12-24T14:58:26.979+0000][gc,metaspace] GC(93) Metaspace: 15237K(15744K)->15237K(15744K) NonClass: 13551K(13760K)->13551K(13760K) Class: 1686K(1984K)->1686K(1984K)
[2025-12-24T14:58:26.979+0000][gc          ] GC(93) Pause Young (Normal) (G1 Evacuation Pause) 785M->180M(1024M) 34.854ms
[2025-12-24T14:58:26.980+0000][gc,cpu      ] GC(93) User=0.17s Sys=0.01s Real=0.03s
[2025-12-24T14:58:57.126+0000][gc,start    ] GC(94) Pause Young (Normal) (G1 Evacuation Pause)
[2025-12-24T14:58:57.127+0000][gc,task     ] GC(94) Using 8 workers of 8 for evacuation
[2025-12-24T14:58:57.140+0000][gc,phases   ] GC(94)   Pre Evacuate Collection Set: 1.3ms
[2025-12-24T14:58:57.140+0000][gc,phases   ] GC(94)   Merge Heap Roots: 0.3ms
[2025-12-24T14:58:57.140+0000][gc,phases   ] GC(94)   Evacuate Collection Set: 9.8ms
[2025-12-24T14:58:57.140+0000][gc,phases   ] GC(94)   Post Evacuate Collection Set: 1.2ms
[2025-12-24T14:58:57.141+0000][gc,phases   ] GC(94)   Other: 0.4ms
[2025-12-24T14:58:57.141+0000][gc,heap     ] GC(94) Eden regions: 605->0(606)
[2025-12-24T14:58:57.141+0000][gc,heap     ] GC(94) Survivor regions: 9->8(77)
[2025-12-24T14:58:57.141+0000][gc,heap     ] GC(94) Old regions: 41->42
[2025-12-24T14:58:57.141+0000][gc,heap     ] GC(94) Humongous regions: 131->131
[2025-12-24T14:58:57.141+0000][gc,metaspace] GC(94) Metaspace: 15240K(15744K)->15240K(15744K) NonClass: 13553K(13760K)->13553K(13760K) Class: 1686K(1984K)->1686K(1984K)
[2025-12-24T14:58:57.141+0000][gc          ] GC(94) Pause Young (Normal) (G1 Evacuation Pause) 785M->179M(1024M) 15.518ms
[2025-12-24T14:58:57.141+0000][gc,cpu      ] GC(94) User=0.09s Sys=0.00s Real=0.01s
[2025-12-24T14:59:27.300+0000][gc,start    ] GC(95) Pause Young (Normal) (G1 Evacuation Pause)
[2025-12-24T14:59:27.301+0000][gc,task     ] GC(95) Using 8 workers of 8 for evacuation
[2025-12-24T14:59:27.314+0000][gc,phases   ] GC(95)   Pre Evacuate Collection Set: 2.9ms
[2025-12-24T14:59:27.315+0000][gc,phases   ] GC(95)   Merge Heap Roots: 0.3ms
[2025-12-24T14:59:27.315+0000][gc,phases   ] GC(95)   Evacuate Collection Set: 7.5ms
[2025-12-24T14:59:27.315+0000][gc,phases   ] GC(95)   Post Evacuate Collection Set: 2.0ms
[2025-12-24T14:59:27.315+0000][gc,phases   ] GC(95)   Other: 0.6ms
[2025-12-24T14:59:27.315+0000][gc,heap     ] GC(95) Eden regions: 606->0(605)
[2025-12-24T14:59:27.315+0000][gc,heap     ] GC(95) Survivor regions: 8->9(77)
[2025-12-24T14:59:27.315+0000][gc,heap     ] GC(95) Old regions: 42->42
[2025-12-24T14:59:27.316+0000][gc,heap     ] GC(95) Humongous regions: 131->131
[2025-12-24T14:59:27.316+0000][gc,metaspace] GC(95) Metaspace: 15241K(15744K)->15241K(15744K) NonClass: 13554K(13760K)->13554K(13760K) Class: 1686K(1984K)->1686K(1984K)
[2025-12-24T14:59:27.316+0000][gc          ] GC(95) Pause Young (Normal) (G1 Evacuation Pause) 785M->181M(1024M) 16.184ms
[2025-12-24T14:59:27.316+0000][gc,cpu      ] GC(95) User=0.07s Sys=0.00s Real=0.02s
[2025-12-24T15:00:06.913+0000][gc,start    ] GC(96) Pause Young (Normal) (G1 Evacuation Pause)
[2025-12-24T15:00:06.913+0000][gc,task     ] GC(96) Using 8 workers of 8 for evacuation
[2025-12-24T15:00:06.930+0000][gc,phases   ] GC(96)   Pre Evacuate Collection Set: 1.3ms
[2025-12-24T15:00:06.930+0000][gc,phases   ] GC(96)   Merge Heap Roots: 0.3ms
[2025-12-24T15:00:06.930+0000][gc,phases   ] GC(96)   Evacuate Collection Set: 11.9ms
[2025-12-24T15:00:06.930+0000][gc,phases   ] GC(96)   Post Evacuate Collection Set: 2.5ms
[2025-12-24T15:00:06.930+0000][gc,phases   ] GC(96)   Other: 0.2ms
[2025-12-24T15:00:06.930+0000][gc,heap     ] GC(96) Eden regions: 605->0(606)
[2025-12-24T15:00:06.930+0000][gc,heap     ] GC(96) Survivor regions: 9->8(77)
[2025-12-24T15:00:06.930+0000][gc,heap     ] GC(96) Old regions: 42->42
[2025-12-24T15:00:06.930+0000][gc,heap     ] GC(96) Humongous regions: 131->131
[2025-12-24T15:00:06.930+0000][gc,metaspace] GC(96) Metaspace: 15241K(15744K)->15241K(15744K) NonClass: 13554K(13760K)->13554K(13760K) Class: 1686K(1984K)->1686K(1984K)
[2025-12-24T15:00:06.931+0000][gc          ] GC(96) Pause Young (Normal) (G1 Evacuation Pause) 786M->180M(1024M) 18.028ms
[2025-12-24T15:00:06.931+0000][gc,cpu      ] GC(96) User=0.10s Sys=0.00s Real=0.02s
[2025-12-24T15:00:37.092+0000][gc,start    ] GC(97) Pause Young (Normal) (G1 Evacuation Pause)
[2025-12-24T15:00:37.092+0000][gc,task     ] GC(97) Using 8 workers of 8 for evacuation
[2025-12-24T15:00:37.109+0000][gc,phases   ] GC(97)   Pre Evacuate Collection Set: 1.4ms
[2025-12-24T15:00:37.109+0000][gc,phases   ] GC(97)   Merge Heap Roots: 0.3ms
[2025-12-24T15:00:37.109+0000][gc,phases   ] GC(97)   Evacuate Collection Set: 13.7ms
[2025-12-24T15:00:37.110+0000][gc,phases   ] GC(97)   Post Evacuate Collection Set: 1.1ms
[2025-12-24T15:00:37.110+0000][gc,phases   ] GC(97)   Other: 0.3ms
[2025-12-24T15:00:37.110+0000][gc,heap     ] GC(97) Eden regions: 606->0(604)
[2025-12-24T15:00:37.110+0000][gc,heap     ] GC(97) Survivor regions: 8->10(77)
[2025-12-24T15:00:37.110+0000][gc,heap     ] GC(97) Old regions: 42->43
[2025-12-24T15:00:37.110+0000][gc,heap     ] GC(97) Humongous regions: 131->131
[2025-12-24T15:00:37.110+0000][gc,metaspace] GC(97) Metaspace: 15241K(15744K)->15241K(15744K) NonClass: 13555K(13760K)->13555K(13760K) Class: 1686K(1984K)->1686K(1984K)
[2025-12-24T15:00:37.110+0000][gc          ] GC(97) Pause Young (Normal) (G1 Evacuation Pause) 786M->182M(1024M) 18.245ms
[2025-12-24T15:00:37.110+0000][gc,cpu      ] GC(97) User=0.12s Sys=0.01s Real=0.02s
[2025-12-24T15:01:07.337+0000][gc,start    ] GC(98) Pause Young (Normal) (G1 Evacuation Pause)
[2025-12-24T15:01:07.338+0000][gc,task     ] GC(98) Using 8 workers of 8 for evacuation
[2025-12-24T15:01:07.358+0000][gc,phases   ] GC(98)   Pre Evacuate Collection Set: 1.2ms
[2025-12-24T15:01:07.358+0000][gc,phases   ] GC(98)   Merge Heap Roots: 0.3ms
[2025-12-24T15:01:07.358+0000][gc,phases   ] GC(98)   Evacuate Collection Set: 16.6ms
[2025-12-24T15:01:07.358+0000][gc,phases   ] GC(98)   Post Evacuate Collection Set: 1.2ms
[2025-12-24T15:01:07.358+0000][gc,phases   ] GC(98)   Other: 0.6ms
[2025-12-24T15:01:07.358+0000][gc,heap     ] GC(98) Eden regions: 604->0(603)
[2025-12-24T15:01:07.358+0000][gc,heap     ] GC(98) Survivor regions: 10->11(77)
[2025-12-24T15:01:07.358+0000][gc,heap     ] GC(98) Old regions: 43->43
[2025-12-24T15:01:07.358+0000][gc,heap     ] GC(98) Humongous regions: 131->131
[2025-12-24T15:01:07.358+0000][gc,metaspace] GC(98) Metaspace: 15245K(15744K)->15245K(15744K) NonClass: 13559K(13760K)->13559K(13760K) Class: 1686K(1984K)->1686K(1984K)
[2025-12-24T15:01:07.358+0000][gc          ] GC(98) Pause Young (Normal) (G1 Evacuation Pause) 786M->184M(1024M) 21.305ms
[2025-12-24T15:01:07.358+0000][gc,cpu      ] GC(98) User=0.15s Sys=0.01s Real=0.02s
[2025-12-24T15:01:46.829+0000][gc,start    ] GC(99) Pause Young (Normal) (G1 Evacuation Pause)
[2025-12-24T15:01:46.830+0000][gc,task     ] GC(99) Using 8 workers of 8 for evacuation
[2025-12-24T15:01:46.852+0000][gc,phases   ] GC(99)   Pre Evacuate Collection Set: 1.4ms
[2025-12-24T15:01:46.853+0000][gc,phases   ] GC(99)   Merge Heap Roots: 0.3ms
[2025-12-24T15:01:46.853+0000][gc,phases   ] GC(99)   Evacuate Collection Set: 18.9ms
[2025-12-24T15:01:46.853+0000][gc,phases   ] GC(99)   Post Evacuate Collection Set: 1.5ms
[2025-12-24T15:01:46.853+0000][gc,phases   ] GC(99)   Other: 0.3ms
[2025-12-24T15:01:46.853+0000][gc,heap     ] GC(99) Eden regions: 603->0(607)
[2025-12-24T15:01:46.853+0000][gc,heap     ] GC(99) Survivor regions: 11->7(77)
[2025-12-24T15:01:46.853+0000][gc,heap     ] GC(99) Old regions: 43->43
[2025-12-24T15:01:46.853+0000][gc,heap     ] GC(99) Humongous regions: 131->131
[2025-12-24T15:01:46.853+0000][gc,metaspace] GC(99) Metaspace: 15246K(15744K)->15246K(15744K) NonClass: 13559K(13760K)->13559K(13760K) Class: 1686K(1984K)->1686K(1984K)
[2025-12-24T15:01:46.853+0000][gc          ] GC(99) Pause Young (Normal) (G1 Evacuation Pause) 787M->180M(1024M) 23.992ms
[2025-12-24T15:01:46.854+0000][gc,cpu      ] GC(99) User=0.15s Sys=0.01s Real=0.02s
[2025-12-24T15:02:17.038+0000][gc,start    ] GC(100) Pause Young (Normal) (G1 Evacuation Pause)
[2025-12-24T15:02:17.039+0000][gc,task     ] GC(100) Using 8 workers of 8 for evacuation
[2025-12-24T15:02:17.052+0000][gc,phases   ] GC(100)   Pre Evacuate Collection Set: 1.2ms
[2025-12-24T15:02:17.053+0000][gc,phases   ] GC(100)   Merge Heap Roots: 0.3ms
[2025-12-24T15:02:17.053+0000][gc,phases   ] GC(100)   Evacuate Collection Set: 10.3ms
[2025-12-24T15:02:17.053+0000][gc,phases   ] GC(100)   Post Evacuate Collection Set: 1.4ms
[2025-12-24T15:02:17.053+0000][gc,phases   ] GC(100)   Other: 0.3ms
[2025-12-24T15:02:17.053+0000][gc,heap     ] GC(100) Eden regions: 607->0(606)
[2025-12-24T15:02:17.053+0000][gc,heap     ] GC(100) Survivor regions: 7->8(77)
[2025-12-24T15:02:17.053+0000][gc,heap     ] GC(100) Old regions: 43->44
[2025-12-24T15:02:17.053+0000][gc,heap     ] GC(100) Humongous regions: 131->131
[2025-12-24T15:02:17.053+0000][gc,metaspace] GC(100) Metaspace: 15252K(15744K)->15252K(15744K) NonClass: 13566K(13760K)->13566K(13760K) Class: 1686K(1984K)->1686K(1984K)
[2025-12-24T15:02:17.054+0000][gc          ] GC(100) Pause Young (Normal) (G1 Evacuation Pause) 787M->181M(1024M) 15.315ms
[2025-12-24T15:02:17.054+0000][gc,cpu      ] GC(100) User=0.09s Sys=0.00s Real=0.01s
[2025-12-24T15:02:47.309+0000][gc,start    ] GC(101) Pause Young (Normal) (G1 Evacuation Pause)
[2025-12-24T15:02:47.310+0000][gc,task     ] GC(101) Using 8 workers of 8 for evacuation
[2025-12-24T15:02:47.330+0000][gc,phases   ] GC(101)   Pre Evacuate Collection Set: 6.1ms
[2025-12-24T15:02:47.330+0000][gc,phases   ] GC(101)   Merge Heap Roots: 0.3ms
[2025-12-24T15:02:47.330+0000][gc,phases   ] GC(101)   Evacuate Collection Set: 12.0ms
[2025-12-24T15:02:47.330+0000][gc,phases   ] GC(101)   Post Evacuate Collection Set: 1.3ms
[2025-12-24T15:02:47.330+0000][gc,phases   ] GC(101)   Other: 0.8ms
[2025-12-24T15:02:47.331+0000][gc,heap     ] GC(101) Eden regions: 606->0(604)
[2025-12-24T15:02:47.331+0000][gc,heap     ] GC(101) Survivor regions: 8->10(77)
[2025-12-24T15:02:47.331+0000][gc,heap     ] GC(101) Old regions: 44->44
[2025-12-24T15:02:47.331+0000][gc,heap     ] GC(101) Humongous regions: 131->131
[2025-12-24T15:02:47.331+0000][gc,metaspace] GC(101) Metaspace: 15252K(15744K)->15252K(15744K) NonClass: 13566K(13760K)->13566K(13760K) Class: 1686K(1984K)->1686K(1984K)
[2025-12-24T15:02:47.331+0000][gc          ] GC(101) Pause Young (Normal) (G1 Evacuation Pause) 787M->183M(1024M) 21.609ms
[2025-12-24T15:02:47.331+0000][gc,cpu      ] GC(101) User=0.11s Sys=0.01s Real=0.02s
[2025-12-24T15:03:26.804+0000][gc,start    ] GC(102) Pause Young (Normal) (G1 Evacuation Pause)
[2025-12-24T15:03:26.804+0000][gc,task     ] GC(102) Using 8 workers of 8 for evacuation
[2025-12-24T15:03:26.828+0000][gc,phases   ] GC(102)   Pre Evacuate Collection Set: 2.5ms
[2025-12-24T15:03:26.828+0000][gc,phases   ] GC(102)   Merge Heap Roots: 2.1ms
[2025-12-24T15:03:26.828+0000][gc,phases   ] GC(102)   Evacuate Collection Set: 17.2ms
[2025-12-24T15:03:26.828+0000][gc,phases   ] GC(102)   Post Evacuate Collection Set: 1.5ms
[2025-12-24T15:03:26.828+0000][gc,phases   ] GC(102)   Other: 0.3ms
[2025-12-24T15:03:26.828+0000][gc,heap     ] GC(102) Eden regions: 604->0(606)
[2025-12-24T15:03:26.828+0000][gc,heap     ] GC(102) Survivor regions: 10->8(77)
[2025-12-24T15:03:26.828+0000][gc,heap     ] GC(102) Old regions: 44->44
[2025-12-24T15:03:26.829+0000][gc,heap     ] GC(102) Humongous regions: 131->131
[2025-12-24T15:03:26.829+0000][gc,metaspace] GC(102) Metaspace: 15252K(15744K)->15252K(15744K) NonClass: 13566K(13760K)->13566K(13760K) Class: 1686K(1984K)->1686K(1984K)
[2025-12-24T15:03:26.829+0000][gc          ] GC(102) Pause Young (Normal) (G1 Evacuation Pause) 787M->182M(1024M) 24.913ms
[2025-12-24T15:03:26.829+0000][gc,cpu      ] GC(102) User=0.16s Sys=0.00s Real=0.02s
[2025-12-24T15:03:57.032+0000][gc,start    ] GC(103) Pause Young (Normal) (G1 Evacuation Pause)
[2025-12-24T15:03:57.033+0000][gc,task     ] GC(103) Using 8 workers of 8 for evacuation
[2025-12-24T15:03:57.053+0000][gc,phases   ] GC(103)   Pre Evacuate Collection Set: 1.3ms
[2025-12-24T15:03:57.053+0000][gc,phases   ] GC(103)   Merge Heap Roots: 0.3ms
[2025-12-24T15:03:57.053+0000][gc,phases   ] GC(103)   Evacuate Collection Set: 16.9ms
[2025-12-24T15:03:57.053+0000][gc,phases   ] GC(103)   Post Evacuate Collection Set: 1.6ms
[2025-12-24T15:03:57.053+0000][gc,phases   ] GC(103)   Other: 0.3ms
[2025-12-24T15:03:57.053+0000][gc,heap     ] GC(103) Eden regions: 606->0(604)
[2025-12-24T15:03:57.053+0000][gc,heap     ] GC(103) Survivor regions: 8->10(77)
[2025-12-24T15:03:57.054+0000][gc,heap     ] GC(103) Old regions: 44->45
[2025-12-24T15:03:57.054+0000][gc,heap     ] GC(103) Humongous regions: 131->131
[2025-12-24T15:03:57.054+0000][gc,metaspace] GC(103) Metaspace: 15261K(15744K)->15261K(15744K) NonClass: 13574K(13760K)->13574K(13760K) Class: 1686K(1984K)->1686K(1984K)
[2025-12-24T15:03:57.054+0000][gc          ] GC(103) Pause Young (Normal) (G1 Evacuation Pause) 788M->184M(1024M) 21.362ms
[2025-12-24T15:03:57.054+0000][gc,cpu      ] GC(103) User=0.15s Sys=0.00s Real=0.02s
[2025-12-24T15:04:27.248+0000][gc,start    ] GC(104) Pause Young (Normal) (G1 Evacuation Pause)
[2025-12-24T15:04:27.248+0000][gc,task     ] GC(104) Using 8 workers of 8 for evacuation
[2025-12-24T15:04:27.261+0000][gc,phases   ] GC(104)   Pre Evacuate Collection Set: 1.5ms
[2025-12-24T15:04:27.261+0000][gc,phases   ] GC(104)   Merge Heap Roots: 0.4ms
[2025-12-24T15:04:27.261+0000][gc,phases   ] GC(104)   Evacuate Collection Set: 8.6ms
[2025-12-24T15:04:27.261+0000][gc,phases   ] GC(104)   Post Evacuate Collection Set: 1.5ms
[2025-12-24T15:04:27.261+0000][gc,phases   ] GC(104)   Other: 0.3ms
[2025-12-24T15:04:27.261+0000][gc,heap     ] GC(104) Eden regions: 604->0(606)
[2025-12-24T15:04:27.261+0000][gc,heap     ] GC(104) Survivor regions: 10->8(77)
[2025-12-24T15:04:27.261+0000][gc,heap     ] GC(104) Old regions: 45->45
[2025-12-24T15:04:27.261+0000][gc,heap     ] GC(104) Humongous regions: 131->131
[2025-12-24T15:04:27.261+0000][gc,metaspace] GC(104) Metaspace: 15261K(15744K)->15261K(15744K) NonClass: 13574K(13760K)->13574K(13760K) Class: 1686K(1984K)->1686K(1984K)
[2025-12-24T15:04:27.261+0000][gc          ] GC(104) Pause Young (Normal) (G1 Evacuation Pause) 788M->183M(1024M) 13.552ms
[2025-12-24T15:04:27.262+0000][gc,cpu      ] GC(104) User=0.07s Sys=0.00s Real=0.01s
[2025-12-24T15:05:06.784+0000][gc,start    ] GC(105) Pause Young (Normal) (G1 Evacuation Pause)
[2025-12-24T15:05:06.785+0000][gc,task     ] GC(105) Using 8 workers of 8 for evacuation
[2025-12-24T15:05:06.814+0000][gc,phases   ] GC(105)   Pre Evacuate Collection Set: 4.8ms
[2025-12-24T15:05:06.814+0000][gc,phases   ] GC(105)   Merge Heap Roots: 1.6ms
[2025-12-24T15:05:06.814+0000][gc,phases   ] GC(105)   Evacuate Collection Set: 18.8ms
[2025-12-24T15:05:06.814+0000][gc,phases   ] GC(105)   Post Evacuate Collection Set: 2.7ms
[2025-12-24T15:05:06.815+0000][gc,phases   ] GC(105)   Other: 1.0ms
[2025-12-24T15:05:06.815+0000][gc,heap     ] GC(105) Eden regions: 606->0(607)
[2025-12-24T15:05:06.815+0000][gc,heap     ] GC(105) Survivor regions: 8->7(77)
[2025-12-24T15:05:06.815+0000][gc,heap     ] GC(105) Old regions: 45->45
[2025-12-24T15:05:06.815+0000][gc,heap     ] GC(105) Humongous regions: 131->131
[2025-12-24T15:05:06.815+0000][gc,metaspace] GC(105) Metaspace: 15262K(15744K)->15262K(15744K) NonClass: 13576K(13760K)->13576K(13760K) Class: 1686K(1984K)->1686K(1984K)
[2025-12-24T15:05:06.816+0000][gc          ] GC(105) Pause Young (Normal) (G1 Evacuation Pause) 789M->182M(1024M) 31.394ms
[2025-12-24T15:05:06.816+0000][gc,cpu      ] GC(105) User=0.15s Sys=0.01s Real=0.04s
[2025-12-24T15:05:36.984+0000][gc,start    ] GC(106) Pause Young (Normal) (G1 Evacuation Pause)
[2025-12-24T15:05:36.984+0000][gc,task     ] GC(106) Using 8 workers of 8 for evacuation
[2025-12-24T15:05:37.007+0000][gc,phases   ] GC(106)   Pre Evacuate Collection Set: 5.7ms
[2025-12-24T15:05:37.011+0000][gc,phases   ] GC(106)   Merge Heap Roots: 1.0ms
[2025-12-24T15:05:37.011+0000][gc,phases   ] GC(106)   Evacuate Collection Set: 12.4ms
[2025-12-24T15:05:37.013+0000][gc,phases   ] GC(106)   Post Evacuate Collection Set: 2.7ms
[2025-12-24T15:05:37.014+0000][gc,phases   ] GC(106)   Other: 1.4ms
[2025-12-24T15:05:37.016+0000][gc,heap     ] GC(106) Eden regions: 607->0(605)
[2025-12-24T15:05:37.016+0000][gc,heap     ] GC(106) Survivor regions: 7->9(77)
[2025-12-24T15:05:37.016+0000][gc,heap     ] GC(106) Old regions: 45->46
[2025-12-24T15:05:37.016+0000][gc,heap     ] GC(106) Humongous regions: 131->131
[2025-12-24T15:05:37.016+0000][gc,metaspace] GC(106) Metaspace: 15274K(15744K)->15274K(15744K) NonClass: 13587K(13760K)->13587K(13760K) Class: 1686K(1984K)->1686K(1984K)
[2025-12-24T15:05:37.017+0000][gc          ] GC(106) Pause Young (Normal) (G1 Evacuation Pause) 789M->184M(1024M) 33.144ms
[2025-12-24T15:05:37.017+0000][gc,cpu      ] GC(106) User=0.07s Sys=0.01s Real=0.04s
[2025-12-24T15:06:07.220+0000][gc,start    ] GC(107) Pause Young (Normal) (G1 Evacuation Pause)
[2025-12-24T15:06:07.221+0000][gc,task     ] GC(107) Using 8 workers of 8 for evacuation
[2025-12-24T15:06:07.235+0000][gc,phases   ] GC(107)   Pre Evacuate Collection Set: 1.3ms
[2025-12-24T15:06:07.235+0000][gc,phases   ] GC(107)   Merge Heap Roots: 0.3ms
[2025-12-24T15:06:07.235+0000][gc,phases   ] GC(107)   Evacuate Collection Set: 11.1ms
[2025-12-24T15:06:07.235+0000][gc,phases   ] GC(107)   Post Evacuate Collection Set: 1.2ms
[2025-12-24T15:06:07.235+0000][gc,phases   ] GC(107)   Other: 0.2ms
[2025-12-24T15:06:07.235+0000][gc,heap     ] GC(107) Eden regions: 605->0(604)
[2025-12-24T15:06:07.235+0000][gc,heap     ] GC(107) Survivor regions: 9->10(77)
[2025-12-24T15:06:07.235+0000][gc,heap     ] GC(107) Old regions: 46->46
[2025-12-24T15:06:07.235+0000][gc,heap     ] GC(107) Humongous regions: 131->131
[2025-12-24T15:06:07.235+0000][gc,metaspace] GC(107) Metaspace: 15275K(15744K)->15275K(15744K) NonClass: 13588K(13760K)->13588K(13760K) Class: 1686K(1984K)->1686K(1984K)
[2025-12-24T15:06:07.235+0000][gc          ] GC(107) Pause Young (Normal) (G1 Evacuation Pause) 789M->186M(1024M) 15.441ms
[2025-12-24T15:06:07.236+0000][gc,cpu      ] GC(107) User=0.09s Sys=0.01s Real=0.02s
[2025-12-24T15:06:46.761+0000][gc,start    ] GC(108) Pause Young (Normal) (G1 Evacuation Pause)
[2025-12-24T15:06:46.762+0000][gc,task     ] GC(108) Using 8 workers of 8 for evacuation
[2025-12-24T15:06:46.778+0000][gc,phases   ] GC(108)   Pre Evacuate Collection Set: 2.0ms
[2025-12-24T15:06:46.778+0000][gc,phases   ] GC(108)   Merge Heap Roots: 0.6ms
[2025-12-24T15:06:46.778+0000][gc,phases   ] GC(108)   Evacuate Collection Set: 11.1ms
[2025-12-24T15:06:46.778+0000][gc,phases   ] GC(108)   Post Evacuate Collection Set: 1.4ms
[2025-12-24T15:06:46.778+0000][gc,phases   ] GC(108)   Other: 0.5ms
[2025-12-24T15:06:46.778+0000][gc,heap     ] GC(108) Eden regions: 604->0(605)
[2025-12-24T15:06:46.778+0000][gc,heap     ] GC(108) Survivor regions: 10->9(77)
[2025-12-24T15:06:46.778+0000][gc,heap     ] GC(108) Old regions: 46->46
[2025-12-24T15:06:46.779+0000][gc,heap     ] GC(108) Humongous regions: 131->131
[2025-12-24T15:06:46.779+0000][gc,metaspace] GC(108) Metaspace: 15275K(15744K)->15275K(15744K) NonClass: 13589K(13760K)->13589K(13760K) Class: 1686K(1984K)->1686K(1984K)
[2025-12-24T15:06:46.779+0000][gc          ] GC(108) Pause Young (Normal) (G1 Evacuation Pause) 790M->185M(1024M) 17.361ms
[2025-12-24T15:06:46.779+0000][gc,cpu      ] GC(108) User=0.10s Sys=0.01s Real=0.02s
[2025-12-24T15:07:16.975+0000][gc,start    ] GC(109) Pause Young (Normal) (G1 Evacuation Pause)
[2025-12-24T15:07:16.975+0000][gc,task     ] GC(109) Using 8 workers of 8 for evacuation
[2025-12-24T15:07:16.994+0000][gc,phases   ] GC(109)   Pre Evacuate Collection Set: 1.5ms
[2025-12-24T15:07:16.994+0000][gc,phases   ] GC(109)   Merge Heap Roots: 0.3ms
[2025-12-24T15:07:16.994+0000][gc,phases   ] GC(109)   Evacuate Collection Set: 14.7ms
[2025-12-24T15:07:16.994+0000][gc,phases   ] GC(109)   Post Evacuate Collection Set: 2.0ms
[2025-12-24T15:07:16.994+0000][gc,phases   ] GC(109)   Other: 0.3ms
[2025-12-24T15:07:16.994+0000][gc,heap     ] GC(109) Eden regions: 605->0(607)
[2025-12-24T15:07:16.994+0000][gc,heap     ] GC(109) Survivor regions: 9->7(77)
[2025-12-24T15:07:16.995+0000][gc,heap     ] GC(109) Old regions: 46->47
[2025-12-24T15:07:16.995+0000][gc,heap     ] GC(109) Humongous regions: 131->131
[2025-12-24T15:07:16.995+0000][gc,metaspace] GC(109) Metaspace: 15275K(15744K)->15275K(15744K) NonClass: 13589K(13760K)->13589K(13760K) Class: 1686K(1984K)->1686K(1984K)
[2025-12-24T15:07:16.995+0000][gc          ] GC(109) Pause Young (Normal) (G1 Evacuation Pause) 790M->184M(1024M) 20.209ms
[2025-12-24T15:07:16.995+0000][gc,cpu      ] GC(109) User=0.12s Sys=0.01s Real=0.02s
[2025-12-24T15:07:47.445+0000][gc,start    ] GC(110) Pause Young (Normal) (G1 Evacuation Pause)
[2025-12-24T15:07:47.445+0000][gc,task     ] GC(110) Using 8 workers of 8 for evacuation
[2025-12-24T15:07:47.473+0000][gc,phases   ] GC(110)   Pre Evacuate Collection Set: 1.7ms
[2025-12-24T15:07:47.474+0000][gc,phases   ] GC(110)   Merge Heap Roots: 0.4ms
[2025-12-24T15:07:47.475+0000][gc,phases   ] GC(110)   Evacuate Collection Set: 19.5ms
[2025-12-24T15:07:47.475+0000][gc,phases   ] GC(110)   Post Evacuate Collection Set: 6.0ms
[2025-12-24T15:07:47.475+0000][gc,phases   ] GC(110)   Other: 0.3ms
[2025-12-24T15:07:47.475+0000][gc,heap     ] GC(110) Eden regions: 607->0(605)
[2025-12-24T15:07:47.476+0000][gc,heap     ] GC(110) Survivor regions: 7->9(77)
[2025-12-24T15:07:47.476+0000][gc,heap     ] GC(110) Old regions: 47->47
[2025-12-24T15:07:47.477+0000][gc,heap     ] GC(110) Humongous regions: 131->131
[2025-12-24T15:07:47.478+0000][gc,metaspace] GC(110) Metaspace: 15275K(15744K)->15275K(15744K) NonClass: 13589K(13760K)->13589K(13760K) Class: 1686K(1984K)->1686K(1984K)
[2025-12-24T15:07:47.480+0000][gc          ] GC(110) Pause Young (Normal) (G1 Evacuation Pause) 791M->185M(1024M) 34.921ms
[2025-12-24T15:07:47.480+0000][gc,cpu      ] GC(110) User=0.12s Sys=0.03s Real=0.04s
[2025-12-24T15:08:26.735+0000][gc,start    ] GC(111) Pause Young (Normal) (G1 Evacuation Pause)
[2025-12-24T15:08:26.736+0000][gc,task     ] GC(111) Using 8 workers of 8 for evacuation
[2025-12-24T15:08:26.761+0000][gc,phases   ] GC(111)   Pre Evacuate Collection Set: 1.8ms
[2025-12-24T15:08:26.761+0000][gc,phases   ] GC(111)   Merge Heap Roots: 0.4ms
[2025-12-24T15:08:26.761+0000][gc,phases   ] GC(111)   Evacuate Collection Set: 20.7ms
[2025-12-24T15:08:26.761+0000][gc,phases   ] GC(111)   Post Evacuate Collection Set: 1.9ms
[2025-12-24T15:08:26.761+0000][gc,phases   ] GC(111)   Other: 0.4ms
[2025-12-24T15:08:26.761+0000][gc,heap     ] GC(111) Eden regions: 605->0(607)
[2025-12-24T15:08:26.761+0000][gc,heap     ] GC(111) Survivor regions: 9->7(77)
[2025-12-24T15:08:26.761+0000][gc,heap     ] GC(111) Old regions: 47->47
[2025-12-24T15:08:26.762+0000][gc,heap     ] GC(111) Humongous regions: 131->131
[2025-12-24T15:08:26.762+0000][gc,metaspace] GC(111) Metaspace: 15278K(15744K)->15278K(15744K) NonClass: 13591K(13760K)->13591K(13760K) Class: 1686K(1984K)->1686K(1984K)
[2025-12-24T15:08:26.762+0000][gc          ] GC(111) Pause Young (Normal) (G1 Evacuation Pause) 790M->184M(1024M) 26.756ms
[2025-12-24T15:08:26.762+0000][gc,cpu      ] GC(111) User=0.17s Sys=0.01s Real=0.03s
[2025-12-24T15:08:56.953+0000][gc,start    ] GC(112) Pause Young (Normal) (G1 Evacuation Pause)
[2025-12-24T15:08:56.953+0000][gc,task     ] GC(112) Using 8 workers of 8 for evacuation
[2025-12-24T15:08:56.990+0000][gc,phases   ] GC(112)   Pre Evacuate Collection Set: 1.7ms
[2025-12-24T15:08:56.990+0000][gc,phases   ] GC(112)   Merge Heap Roots: 0.3ms
[2025-12-24T15:08:56.990+0000][gc,phases   ] GC(112)   Evacuate Collection Set: 30.1ms
[2025-12-24T15:08:56.990+0000][gc,phases   ] GC(112)   Post Evacuate Collection Set: 3.6ms
[2025-12-24T15:08:56.990+0000][gc,phases   ] GC(112)   Other: 0.3ms
[2025-12-24T15:08:56.990+0000][gc,heap     ] GC(112) Eden regions: 607->0(601)
[2025-12-24T15:08:56.990+0000][gc,heap     ] GC(112) Survivor regions: 7->13(77)
[2025-12-24T15:08:56.990+0000][gc,heap     ] GC(112) Old regions: 47->48
[2025-12-24T15:08:56.990+0000][gc,heap     ] GC(112) Humongous regions: 149->149
[2025-12-24T15:08:56.990+0000][gc,metaspace] GC(112) Metaspace: 15384K(15872K)->15384K(15872K) NonClass: 13682K(13888K)->13682K(13888K) Class: 1702K(1984K)->1702K(1984K)
[2025-12-24T15:08:56.990+0000][gc          ] GC(112) Pause Young (Normal) (G1 Evacuation Pause) 809M->208M(1024M) 37.402ms
[2025-12-24T15:08:56.990+0000][gc,cpu      ] GC(112) User=0.23s Sys=0.00s Real=0.04s
[2025-12-24T15:09:27.169+0000][gc,start    ] GC(113) Pause Young (Normal) (G1 Evacuation Pause)
[2025-12-24T15:09:27.170+0000][gc,task     ] GC(113) Using 8 workers of 8 for evacuation
[2025-12-24T15:09:27.199+0000][gc,phases   ] GC(113)   Pre Evacuate Collection Set: 3.1ms
[2025-12-24T15:09:27.199+0000][gc,phases   ] GC(113)   Merge Heap Roots: 1.7ms
[2025-12-24T15:09:27.199+0000][gc,phases   ] GC(113)   Evacuate Collection Set: 22.1ms
[2025-12-24T15:09:27.199+0000][gc,phases   ] GC(113)   Post Evacuate Collection Set: 1.3ms
[2025-12-24T15:09:27.199+0000][gc,phases   ] GC(113)   Other: 1.0ms
[2025-12-24T15:09:27.199+0000][gc,heap     ] GC(113) Eden regions: 601->0(601)
[2025-12-24T15:09:27.199+0000][gc,heap     ] GC(113) Survivor regions: 13->13(77)
[2025-12-24T15:09:27.199+0000][gc,heap     ] GC(113) Old regions: 48->48
[2025-12-24T15:09:27.200+0000][gc,heap     ] GC(113) Humongous regions: 149->149
[2025-12-24T15:09:27.200+0000][gc,metaspace] GC(113) Metaspace: 15399K(15872K)->15399K(15872K) NonClass: 13691K(13888K)->13691K(13888K) Class: 1708K(1984K)->1708K(1984K)
[2025-12-24T15:09:27.200+0000][gc          ] GC(113) Pause Young (Normal) (G1 Evacuation Pause) 809M->209M(1024M) 30.566ms
[2025-12-24T15:09:27.200+0000][gc,cpu      ] GC(113) User=0.21s Sys=0.00s Real=0.03s
[2025-12-24T15:09:57.703+0000][gc,start    ] GC(114) Pause Young (Normal) (G1 Evacuation Pause)
[2025-12-24T15:09:57.704+0000][gc,task     ] GC(114) Using 8 workers of 8 for evacuation
[2025-12-24T15:09:57.749+0000][gc,phases   ] GC(114)   Pre Evacuate Collection Set: 1.9ms
[2025-12-24T15:09:57.749+0000][gc,phases   ] GC(114)   Merge Heap Roots: 0.4ms
[2025-12-24T15:09:57.749+0000][gc,phases   ] GC(114)   Evacuate Collection Set: 37.6ms
[2025-12-24T15:09:57.749+0000][gc,phases   ] GC(114)   Post Evacuate Collection Set: 5.4ms
[2025-12-24T15:09:57.750+0000][gc,phases   ] GC(114)   Other: 0.5ms
[2025-12-24T15:09:57.750+0000][gc,heap     ] GC(114) Eden regions: 601->0(603)
[2025-12-24T15:09:57.750+0000][gc,heap     ] GC(114) Survivor regions: 13->11(77)
[2025-12-24T15:09:57.750+0000][gc,heap     ] GC(114) Old regions: 48->48
[2025-12-24T15:09:57.750+0000][gc,heap     ] GC(114) Humongous regions: 149->149
[2025-12-24T15:09:57.750+0000][gc,metaspace] GC(114) Metaspace: 15399K(15872K)->15399K(15872K) NonClass: 13691K(13888K)->13691K(13888K) Class: 1708K(1984K)->1708K(1984K)
[2025-12-24T15:09:57.750+0000][gc          ] GC(114) Pause Young (Normal) (G1 Evacuation Pause) 810M->207M(1024M) 47.258ms
[2025-12-24T15:09:57.750+0000][gc,cpu      ] GC(114) User=0.33s Sys=0.00s Real=0.04s
[2025-12-24T15:10:36.924+0000][gc,start    ] GC(115) Pause Young (Normal) (G1 Evacuation Pause)
[2025-12-24T15:10:36.926+0000][gc,task     ] GC(115) Using 8 workers of 8 for evacuation
[2025-12-24T15:10:36.963+0000][gc,phases   ] GC(115)   Pre Evacuate Collection Set: 1.2ms
[2025-12-24T15:10:36.963+0000][gc,phases   ] GC(115)   Merge Heap Roots: 0.5ms
[2025-12-24T15:10:36.963+0000][gc,phases   ] GC(115)   Evacuate Collection Set: 33.1ms
[2025-12-24T15:10:36.963+0000][gc,phases   ] GC(115)   Post Evacuate Collection Set: 1.6ms
[2025-12-24T15:10:36.963+0000][gc,phases   ] GC(115)   Other: 0.3ms
[2025-12-24T15:10:36.963+0000][gc,heap     ] GC(115) Eden regions: 603->0(604)
[2025-12-24T15:10:36.963+0000][gc,heap     ] GC(115) Survivor regions: 11->10(77)
[2025-12-24T15:10:36.963+0000][gc,heap     ] GC(115) Old regions: 48->49
[2025-12-24T15:10:36.963+0000][gc,heap     ] GC(115) Humongous regions: 149->149
[2025-12-24T15:10:36.963+0000][gc,metaspace] GC(115) Metaspace: 15403K(15872K)->15403K(15872K) NonClass: 13695K(13888K)->13695K(13888K) Class: 1708K(1984K)->1708K(1984K)
[2025-12-24T15:10:36.964+0000][gc          ] GC(115) Pause Young (Normal) (G1 Evacuation Pause) 810M->207M(1024M) 39.156ms
[2025-12-24T15:10:36.964+0000][gc,cpu      ] GC(115) User=0.20s Sys=0.03s Real=0.04s
[2025-12-24T15:11:07.142+0000][gc,start    ] GC(116) Pause Young (Normal) (G1 Evacuation Pause)
[2025-12-24T15:11:07.143+0000][gc,task     ] GC(116) Using 8 workers of 8 for evacuation
[2025-12-24T15:11:07.177+0000][gc,phases   ] GC(116)   Pre Evacuate Collection Set: 1.0ms
[2025-12-24T15:11:07.177+0000][gc,phases   ] GC(116)   Merge Heap Roots: 1.6ms
[2025-12-24T15:11:07.177+0000][gc,phases   ] GC(116)   Evacuate Collection Set: 30.1ms
[2025-12-24T15:11:07.177+0000][gc,phases   ] GC(116)   Post Evacuate Collection Set: 1.3ms
[2025-12-24T15:11:07.178+0000][gc,phases   ] GC(116)   Other: 0.3ms
[2025-12-24T15:11:07.178+0000][gc,heap     ] GC(116) Eden regions: 604->0(603)
[2025-12-24T15:11:07.178+0000][gc,heap     ] GC(116) Survivor regions: 10->11(77)
[2025-12-24T15:11:07.178+0000][gc,heap     ] GC(116) Old regions: 49->49
[2025-12-24T15:11:07.178+0000][gc,heap     ] GC(116) Humongous regions: 149->149
[2025-12-24T15:11:07.178+0000][gc,metaspace] GC(116) Metaspace: 15404K(15872K)->15404K(15872K) NonClass: 13696K(13888K)->13696K(13888K) Class: 1708K(1984K)->1708K(1984K)
[2025-12-24T15:11:07.178+0000][gc          ] GC(116) Pause Young (Normal) (G1 Evacuation Pause) 811M->208M(1024M) 35.736ms
[2025-12-24T15:11:07.178+0000][gc,cpu      ] GC(116) User=0.22s Sys=0.01s Real=0.03s
[2025-12-24T15:11:37.318+0000][gc,start    ] GC(117) Pause Young (Normal) (G1 Evacuation Pause)
[2025-12-24T15:11:37.318+0000][gc,task     ] GC(117) Using 8 workers of 8 for evacuation
[2025-12-24T15:11:37.347+0000][gc,phases   ] GC(117)   Pre Evacuate Collection Set: 0.9ms
[2025-12-24T15:11:37.347+0000][gc,phases   ] GC(117)   Merge Heap Roots: 2.0ms
[2025-12-24T15:11:37.347+0000][gc,phases   ] GC(117)   Evacuate Collection Set: 24.7ms
[2025-12-24T15:11:37.347+0000][gc,phases   ] GC(117)   Post Evacuate Collection Set: 1.0ms
[2025-12-24T15:11:37.348+0000][gc,phases   ] GC(117)   Other: 0.2ms
[2025-12-24T15:11:37.348+0000][gc,heap     ] GC(117) Eden regions: 603->0(601)
[2025-12-24T15:11:37.348+0000][gc,heap     ] GC(117) Survivor regions: 11->13(77)
[2025-12-24T15:11:37.348+0000][gc,heap     ] GC(117) Old regions: 49->49
[2025-12-24T15:11:37.348+0000][gc,heap     ] GC(117) Humongous regions: 149->149
[2025-12-24T15:11:37.348+0000][gc,metaspace] GC(117) Metaspace: 15406K(15872K)->15406K(15872K) NonClass: 13698K(13888K)->13698K(13888K) Class: 1708K(1984K)->1708K(1984K)
[2025-12-24T15:11:37.348+0000][gc          ] GC(117) Pause Young (Normal) (G1 Evacuation Pause) 811M->210M(1024M) 29.868ms
[2025-12-24T15:11:37.348+0000][gc,cpu      ] GC(117) User=0.21s Sys=0.00s Real=0.03s
[2025-12-24T15:12:16.834+0000][gc,start    ] GC(118) Pause Young (Normal) (G1 Evacuation Pause)
[2025-12-24T15:12:16.835+0000][gc,task     ] GC(118) Using 8 workers of 8 for evacuation
[2025-12-24T15:12:16.874+0000][gc,phases   ] GC(118)   Pre Evacuate Collection Set: 1.1ms
[2025-12-24T15:12:16.874+0000][gc,phases   ] GC(118)   Merge Heap Roots: 0.5ms
[2025-12-24T15:12:16.874+0000][gc,phases   ] GC(118)   Evacuate Collection Set: 33.2ms
[2025-12-24T15:12:16.874+0000][gc,phases   ] GC(118)   Post Evacuate Collection Set: 3.6ms
[2025-12-24T15:12:16.874+0000][gc,phases   ] GC(118)   Other: 0.3ms
[2025-12-24T15:12:16.874+0000][gc,heap     ] GC(118) Eden regions: 601->0(603)
[2025-12-24T15:12:16.874+0000][gc,heap     ] GC(118) Survivor regions: 13->11(77)
[2025-12-24T15:12:16.875+0000][gc,heap     ] GC(118) Old regions: 49->50
[2025-12-24T15:12:16.875+0000][gc,heap     ] GC(118) Humongous regions: 149->149
[2025-12-24T15:12:16.875+0000][gc,metaspace] GC(118) Metaspace: 15421K(15872K)->15421K(15872K) NonClass: 13712K(13888K)->13712K(13888K) Class: 1708K(1984K)->1708K(1984K)
[2025-12-24T15:12:16.875+0000][gc          ] GC(118) Pause Young (Normal) (G1 Evacuation Pause) 811M->209M(1024M) 41.235ms
[2025-12-24T15:12:16.875+0000][gc,cpu      ] GC(118) User=0.24s Sys=0.00s Real=0.04s
[2025-12-24T15:12:47.014+0000][gc,start    ] GC(119) Pause Young (Normal) (G1 Evacuation Pause)
[2025-12-24T15:12:47.015+0000][gc,task     ] GC(119) Using 8 workers of 8 for evacuation
[2025-12-24T15:12:47.037+0000][gc,phases   ] GC(119)   Pre Evacuate Collection Set: 1.4ms
[2025-12-24T15:12:47.037+0000][gc,phases   ] GC(119)   Merge Heap Roots: 0.4ms
[2025-12-24T15:12:47.038+0000][gc,phases   ] GC(119)   Evacuate Collection Set: 19.6ms
[2025-12-24T15:12:47.038+0000][gc,phases   ] GC(119)   Post Evacuate Collection Set: 1.2ms
[2025-12-24T15:12:47.038+0000][gc,phases   ] GC(119)   Other: 0.3ms
[2025-12-24T15:12:47.038+0000][gc,heap     ] GC(119) Eden regions: 603->0(605)
[2025-12-24T15:12:47.038+0000][gc,heap     ] GC(119) Survivor regions: 11->9(77)
[2025-12-24T15:12:47.038+0000][gc,heap     ] GC(119) Old regions: 50->50
[2025-12-24T15:12:47.038+0000][gc,heap     ] GC(119) Humongous regions: 149->149
[2025-12-24T15:12:47.038+0000][gc,metaspace] GC(119) Metaspace: 15546K(15936K)->15546K(15936K) NonClass: 13838K(13952K)->13838K(13952K) Class: 1708K(1984K)->1708K(1984K)
[2025-12-24T15:12:47.038+0000][gc          ] GC(119) Pause Young (Normal) (G1 Evacuation Pause) 812M->207M(1024M) 24.182ms
[2025-12-24T15:12:47.038+0000][gc,cpu      ] GC(119) User=0.14s Sys=0.00s Real=0.03s
[2025-12-24T15:13:17.283+0000][gc,start    ] GC(120) Pause Young (Normal) (G1 Evacuation Pause)
[2025-12-24T15:13:17.284+0000][gc,task     ] GC(120) Using 8 workers of 8 for evacuation
[2025-12-24T15:13:17.315+0000][gc,phases   ] GC(120)   Pre Evacuate Collection Set: 1.6ms
[2025-12-24T15:13:17.315+0000][gc,phases   ] GC(120)   Merge Heap Roots: 1.1ms
[2025-12-24T15:13:17.315+0000][gc,phases   ] GC(120)   Evacuate Collection Set: 24.9ms
[2025-12-24T15:13:17.315+0000][gc,phases   ] GC(120)   Post Evacuate Collection Set: 3.4ms
[2025-12-24T15:13:17.315+0000][gc,phases   ] GC(120)   Other: 0.4ms
[2025-12-24T15:13:17.315+0000][gc,heap     ] GC(120) Eden regions: 605->0(604)
[2025-12-24T15:13:17.316+0000][gc,heap     ] GC(120) Survivor regions: 9->10(77)
[2025-12-24T15:13:17.316+0000][gc,heap     ] GC(120) Old regions: 50->51
[2025-12-24T15:13:17.316+0000][gc,heap     ] GC(120) Humongous regions: 149->149
[2025-12-24T15:13:17.316+0000][gc,metaspace] GC(120) Metaspace: 15547K(15936K)->15547K(15936K) NonClass: 13839K(13952K)->13839K(13952K) Class: 1708K(1984K)->1708K(1984K)
[2025-12-24T15:13:17.316+0000][gc          ] GC(120) Pause Young (Normal) (G1 Evacuation Pause) 812M->208M(1024M) 33.216ms
[2025-12-24T15:13:17.316+0000][gc,cpu      ] GC(120) User=0.22s Sys=0.01s Real=0.04s
[2025-12-24T15:13:56.791+0000][gc,start    ] GC(121) Pause Young (Normal) (G1 Evacuation Pause)
[2025-12-24T15:13:56.792+0000][gc,task     ] GC(121) Using 8 workers of 8 for evacuation
[2025-12-24T15:13:56.837+0000][gc,phases   ] GC(121)   Pre Evacuate Collection Set: 4.8ms
[2025-12-24T15:13:56.837+0000][gc,phases   ] GC(121)   Merge Heap Roots: 2.4ms
[2025-12-24T15:13:56.838+0000][gc,phases   ] GC(121)   Evacuate Collection Set: 33.0ms
[2025-12-24T15:13:56.838+0000][gc,phases   ] GC(121)   Post Evacuate Collection Set: 3.9ms
[2025-12-24T15:13:56.838+0000][gc,phases   ] GC(121)   Other: 1.3ms
[2025-12-24T15:13:56.838+0000][gc,heap     ] GC(121) Eden regions: 604->0(606)
[2025-12-24T15:13:56.838+0000][gc,heap     ] GC(121) Survivor regions: 10->8(77)
[2025-12-24T15:13:56.838+0000][gc,heap     ] GC(121) Old regions: 51->51
[2025-12-24T15:13:56.838+0000][gc,heap     ] GC(121) Humongous regions: 149->149
[2025-12-24T15:13:56.838+0000][gc,metaspace] GC(121) Metaspace: 15547K(15936K)->15547K(15936K) NonClass: 13839K(13952K)->13839K(13952K) Class: 1708K(1984K)->1708K(1984K)
[2025-12-24T15:13:56.838+0000][gc          ] GC(121) Pause Young (Normal) (G1 Evacuation Pause) 812M->207M(1024M) 47.044ms
[2025-12-24T15:13:56.838+0000][gc,cpu      ] GC(121) User=0.23s Sys=0.01s Real=0.05s
[2025-12-24T15:14:26.992+0000][gc,start    ] GC(122) Pause Young (Normal) (G1 Evacuation Pause)
[2025-12-24T15:14:26.994+0000][gc,task     ] GC(122) Using 8 workers of 8 for evacuation
[2025-12-24T15:14:27.021+0000][gc,phases   ] GC(122)   Pre Evacuate Collection Set: 1.5ms
[2025-12-24T15:14:27.021+0000][gc,phases   ] GC(122)   Merge Heap Roots: 0.6ms
[2025-12-24T15:14:27.021+0000][gc,phases   ] GC(122)   Evacuate Collection Set: 23.3ms
[2025-12-24T15:14:27.021+0000][gc,phases   ] GC(122)   Post Evacuate Collection Set: 1.3ms
[2025-12-24T15:14:27.021+0000][gc,phases   ] GC(122)   Other: 0.3ms
[2025-12-24T15:14:27.021+0000][gc,heap     ] GC(122) Eden regions: 606->0(605)
[2025-12-24T15:14:27.021+0000][gc,heap     ] GC(122) Survivor regions: 8->9(77)
[2025-12-24T15:14:27.021+0000][gc,heap     ] GC(122) Old regions: 51->51
[2025-12-24T15:14:27.021+0000][gc,heap     ] GC(122) Humongous regions: 149->149
[2025-12-24T15:14:27.021+0000][gc,metaspace] GC(122) Metaspace: 15547K(15936K)->15547K(15936K) NonClass: 13839K(13952K)->13839K(13952K) Class: 1708K(1984K)->1708K(1984K)
[2025-12-24T15:14:27.021+0000][gc          ] GC(122) Pause Young (Normal) (G1 Evacuation Pause) 813M->208M(1024M) 29.206ms
[2025-12-24T15:14:27.021+0000][gc,cpu      ] GC(122) User=0.20s Sys=0.00s Real=0.03s
[2025-12-24T15:14:57.404+0000][gc,start    ] GC(123) Pause Young (Normal) (G1 Evacuation Pause)
[2025-12-24T15:14:57.404+0000][gc,task     ] GC(123) Using 8 workers of 8 for evacuation
[2025-12-24T15:14:57.433+0000][gc,phases   ] GC(123)   Pre Evacuate Collection Set: 3.6ms
[2025-12-24T15:14:57.433+0000][gc,phases   ] GC(123)   Merge Heap Roots: 1.8ms
[2025-12-24T15:14:57.433+0000][gc,phases   ] GC(123)   Evacuate Collection Set: 21.0ms
[2025-12-24T15:14:57.433+0000][gc,phases   ] GC(123)   Post Evacuate Collection Set: 1.2ms
[2025-12-24T15:14:57.433+0000][gc,phases   ] GC(123)   Other: 0.7ms
[2025-12-24T15:14:57.433+0000][gc,heap     ] GC(123) Eden regions: 605->0(603)
[2025-12-24T15:14:57.433+0000][gc,heap     ] GC(123) Survivor regions: 9->11(77)
[2025-12-24T15:14:57.433+0000][gc,heap     ] GC(123) Old regions: 51->52
[2025-12-24T15:14:57.433+0000][gc,heap     ] GC(123) Humongous regions: 149->149
[2025-12-24T15:14:57.433+0000][gc,metaspace] GC(123) Metaspace: 15547K(15936K)->15547K(15936K) NonClass: 13839K(13952K)->13839K(13952K) Class: 1708K(1984K)->1708K(1984K)
[2025-12-24T15:14:57.433+0000][gc          ] GC(123) Pause Young (Normal) (G1 Evacuation Pause) 813M->210M(1024M) 29.652ms
[2025-12-24T15:14:57.433+0000][gc,cpu      ] GC(123) User=0.18s Sys=0.00s Real=0.03s
[2025-12-24T15:15:36.750+0000][gc,start    ] GC(124) Pause Young (Normal) (G1 Evacuation Pause)
[2025-12-24T15:15:36.751+0000][gc,task     ] GC(124) Using 8 workers of 8 for evacuation
[2025-12-24T15:15:36.767+0000][gc,phases   ] GC(124)   Pre Evacuate Collection Set: 1.2ms
[2025-12-24T15:15:36.767+0000][gc,phases   ] GC(124)   Merge Heap Roots: 0.5ms
[2025-12-24T15:15:36.767+0000][gc,phases   ] GC(124)   Evacuate Collection Set: 12.9ms
[2025-12-24T15:15:36.767+0000][gc,phases   ] GC(124)   Post Evacuate Collection Set: 1.2ms
[2025-12-24T15:15:36.767+0000][gc,phases   ] GC(124)   Other: 0.3ms
[2025-12-24T15:15:36.767+0000][gc,heap     ] GC(124) Eden regions: 603->0(608)
[2025-12-24T15:15:36.767+0000][gc,heap     ] GC(124) Survivor regions: 11->6(77)
[2025-12-24T15:15:36.767+0000][gc,heap     ] GC(124) Old regions: 52->52
[2025-12-24T15:15:36.767+0000][gc,heap     ] GC(124) Humongous regions: 149->149
[2025-12-24T15:15:36.767+0000][gc,metaspace] GC(124) Metaspace: 15547K(15936K)->15547K(15936K) NonClass: 13839K(13952K)->13839K(13952K) Class: 1708K(1984K)->1708K(1984K)
[2025-12-24T15:15:36.767+0000][gc          ] GC(124) Pause Young (Normal) (G1 Evacuation Pause) 813M->206M(1024M) 17.146ms
[2025-12-24T15:15:36.767+0000][gc,cpu      ] GC(124) User=0.10s Sys=0.00s Real=0.01s
[2025-12-24T15:16:06.953+0000][gc,start    ] GC(125) Pause Young (Normal) (G1 Evacuation Pause)
[2025-12-24T15:16:06.953+0000][gc,task     ] GC(125) Using 8 workers of 8 for evacuation
[2025-12-24T15:16:06.980+0000][gc,phases   ] GC(125)   Pre Evacuate Collection Set: 3.9ms
[2025-12-24T15:16:06.980+0000][gc,phases   ] GC(125)   Merge Heap Roots: 0.3ms
[2025-12-24T15:16:06.980+0000][gc,phases   ] GC(125)   Evacuate Collection Set: 20.5ms
[2025-12-24T15:16:06.980+0000][gc,phases   ] GC(125)   Post Evacuate Collection Set: 1.0ms
[2025-12-24T15:16:06.980+0000][gc,phases   ] GC(125)   Other: 0.5ms
[2025-12-24T15:16:06.980+0000][gc,heap     ] GC(125) Eden regions: 608->0(607)
[2025-12-24T15:16:06.980+0000][gc,heap     ] GC(125) Survivor regions: 6->7(77)
[2025-12-24T15:16:06.980+0000][gc,heap     ] GC(125) Old regions: 52->52
[2025-12-24T15:16:06.980+0000][gc,heap     ] GC(125) Humongous regions: 149->149
[2025-12-24T15:16:06.980+0000][gc,metaspace] GC(125) Metaspace: 15547K(15936K)->15547K(15936K) NonClass: 13839K(13952K)->13839K(13952K) Class: 1708K(1984K)->1708K(1984K)
[2025-12-24T15:16:06.980+0000][gc          ] GC(125) Pause Young (Normal) (G1 Evacuation Pause) 814M->207M(1024M) 27.038ms
[2025-12-24T15:16:06.980+0000][gc,cpu      ] GC(125) User=0.15s Sys=0.00s Real=0.03s
[2025-12-24T15:16:37.275+0000][gc,start    ] GC(126) Pause Young (Normal) (G1 Evacuation Pause)
[2025-12-24T15:16:37.275+0000][gc,task     ] GC(126) Using 8 workers of 8 for evacuation
[2025-12-24T15:16:37.301+0000][gc,phases   ] GC(126)   Pre Evacuate Collection Set: 2.3ms
[2025-12-24T15:16:37.301+0000][gc,phases   ] GC(126)   Merge Heap Roots: 0.6ms
[2025-12-24T15:16:37.301+0000][gc,phases   ] GC(126)   Evacuate Collection Set: 20.1ms
[2025-12-24T15:16:37.301+0000][gc,phases   ] GC(126)   Post Evacuate Collection Set: 1.2ms
[2025-12-24T15:16:37.301+0000][gc,phases   ] GC(126)   Other: 1.4ms
[2025-12-24T15:16:37.301+0000][gc,heap     ] GC(126) Eden regions: 607->0(605)
[2025-12-24T15:16:37.301+0000][gc,heap     ] GC(126) Survivor regions: 7->9(77)
[2025-12-24T15:16:37.301+0000][gc,heap     ] GC(126) Old regions: 52->53
[2025-12-24T15:16:37.301+0000][gc,heap     ] GC(126) Humongous regions: 149->149
[2025-12-24T15:16:37.301+0000][gc,metaspace] GC(126) Metaspace: 15547K(15936K)->15547K(15936K) NonClass: 13839K(13952K)->13839K(13952K) Class: 1708K(1984K)->1708K(1984K)
[2025-12-24T15:16:37.302+0000][gc          ] GC(126) Pause Young (Normal) (G1 Evacuation Pause) 814M->209M(1024M) 26.750ms
[2025-12-24T15:16:37.302+0000][gc,cpu      ] GC(126) User=0.16s Sys=0.00s Real=0.03s
[2025-12-24T15:17:16.761+0000][gc,start    ] GC(127) Pause Young (Normal) (G1 Evacuation Pause)
[2025-12-24T15:17:16.761+0000][gc,task     ] GC(127) Using 8 workers of 8 for evacuation
[2025-12-24T15:17:16.787+0000][gc,phases   ] GC(127)   Pre Evacuate Collection Set: 2.6ms
[2025-12-24T15:17:16.788+0000][gc,phases   ] GC(127)   Merge Heap Roots: 1.0ms
[2025-12-24T15:17:16.788+0000][gc,phases   ] GC(127)   Evacuate Collection Set: 20.8ms
[2025-12-24T15:17:16.788+0000][gc,phases   ] GC(127)   Post Evacuate Collection Set: 1.2ms
[2025-12-24T15:17:16.788+0000][gc,phases   ] GC(127)   Other: 0.5ms
[2025-12-24T15:17:16.788+0000][gc,heap     ] GC(127) Eden regions: 605->0(608)
[2025-12-24T15:17:16.788+0000][gc,heap     ] GC(127) Survivor regions: 9->6(77)
[2025-12-24T15:17:16.788+0000][gc,heap     ] GC(127) Old regions: 53->55
[2025-12-24T15:17:16.788+0000][gc,heap     ] GC(127) Humongous regions: 149->149
[2025-12-24T15:17:16.788+0000][gc,metaspace] GC(127) Metaspace: 15553K(16000K)->15553K(16000K) NonClass: 13844K(14016K)->13844K(14016K) Class: 1708K(1984K)->1708K(1984K)
[2025-12-24T15:17:16.788+0000][gc          ] GC(127) Pause Young (Normal) (G1 Evacuation Pause) 814M->208M(1024M) 27.551ms
[2025-12-24T15:17:16.788+0000][gc,cpu      ] GC(127) User=0.18s Sys=0.00s Real=0.03s
[2025-12-24T15:17:46.937+0000][gc,start    ] GC(128) Pause Young (Normal) (G1 Evacuation Pause)
[2025-12-24T15:17:46.938+0000][gc,task     ] GC(128) Using 8 workers of 8 for evacuation
[2025-12-24T15:17:46.959+0000][gc,phases   ] GC(128)   Pre Evacuate Collection Set: 1.1ms
[2025-12-24T15:17:46.959+0000][gc,phases   ] GC(128)   Merge Heap Roots: 0.2ms
[2025-12-24T15:17:46.959+0000][gc,phases   ] GC(128)   Evacuate Collection Set: 17.9ms
[2025-12-24T15:17:46.959+0000][gc,phases   ] GC(128)   Post Evacuate Collection Set: 1.2ms
[2025-12-24T15:17:46.959+0000][gc,phases   ] GC(128)   Other: 0.3ms
[2025-12-24T15:17:46.959+0000][gc,heap     ] GC(128) Eden regions: 608->0(607)
[2025-12-24T15:17:46.959+0000][gc,heap     ] GC(128) Survivor regions: 6->7(77)
[2025-12-24T15:17:46.959+0000][gc,heap     ] GC(128) Old regions: 55->55
[2025-12-24T15:17:46.959+0000][gc,heap     ] GC(128) Humongous regions: 149->149
[2025-12-24T15:17:46.959+0000][gc,metaspace] GC(128) Metaspace: 15553K(16000K)->15553K(16000K) NonClass: 13844K(14016K)->13844K(14016K) Class: 1708K(1984K)->1708K(1984K)
[2025-12-24T15:17:46.959+0000][gc          ] GC(128) Pause Young (Normal) (G1 Evacuation Pause) 816M->210M(1024M) 21.987ms
[2025-12-24T15:17:46.959+0000][gc,cpu      ] GC(128) User=0.15s Sys=0.00s Real=0.02s
[2025-12-24T15:18:17.135+0000][gc,start    ] GC(129) Pause Young (Normal) (G1 Evacuation Pause)
[2025-12-24T15:18:17.135+0000][gc,task     ] GC(129) Using 8 workers of 8 for evacuation
[2025-12-24T15:18:17.142+0000][gc,phases   ] GC(129)   Pre Evacuate Collection Set: 1.2ms
[2025-12-24T15:18:17.142+0000][gc,phases   ] GC(129)   Merge Heap Roots: 0.2ms
[2025-12-24T15:18:17.142+0000][gc,phases   ] GC(129)   Evacuate Collection Set: 4.4ms
[2025-12-24T15:18:17.142+0000][gc,phases   ] GC(129)   Post Evacuate Collection Set: 1.1ms
[2025-12-24T15:18:17.143+0000][gc,phases   ] GC(129)   Other: 0.3ms
[2025-12-24T15:18:17.143+0000][gc,heap     ] GC(129) Eden regions: 607->0(609)
[2025-12-24T15:18:17.143+0000][gc,heap     ] GC(129) Survivor regions: 7->5(77)
[2025-12-24T15:18:17.143+0000][gc,heap     ] GC(129) Old regions: 55->55
[2025-12-24T15:18:17.143+0000][gc,heap     ] GC(129) Humongous regions: 149->149
[2025-12-24T15:18:17.143+0000][gc,metaspace] GC(129) Metaspace: 15553K(16000K)->15553K(16000K) NonClass: 13844K(14016K)->13844K(14016K) Class: 1708K(1984K)->1708K(1984K)
[2025-12-24T15:18:17.143+0000][gc          ] GC(129) Pause Young (Normal) (G1 Evacuation Pause) 817M->208M(1024M) 8.436ms
[2025-12-24T15:18:17.143+0000][gc,cpu      ] GC(129) User=0.04s Sys=0.00s Real=0.01s
[2025-12-24T15:18:56.747+0000][gc,start    ] GC(130) Pause Young (Normal) (G1 Evacuation Pause)
[2025-12-24T15:18:56.747+0000][gc,task     ] GC(130) Using 8 workers of 8 for evacuation
[2025-12-24T15:18:56.758+0000][gc,phases   ] GC(130)   Pre Evacuate Collection Set: 1.7ms
[2025-12-24T15:18:56.758+0000][gc,phases   ] GC(130)   Merge Heap Roots: 0.2ms
[2025-12-24T15:18:56.758+0000][gc,phases   ] GC(130)   Evacuate Collection Set: 6.7ms
[2025-12-24T15:18:56.758+0000][gc,phases   ] GC(130)   Post Evacuate Collection Set: 1.2ms
[2025-12-24T15:18:56.758+0000][gc,phases   ] GC(130)   Other: 0.7ms
[2025-12-24T15:18:56.758+0000][gc,heap     ] GC(130) Eden regions: 609->0(610)
[2025-12-24T15:18:56.758+0000][gc,heap     ] GC(130) Survivor regions: 5->4(77)
[2025-12-24T15:18:56.759+0000][gc,heap     ] GC(130) Old regions: 55->55
[2025-12-24T15:18:56.759+0000][gc,heap     ] GC(130) Humongous regions: 149->149
[2025-12-24T15:18:56.759+0000][gc,metaspace] GC(130) Metaspace: 15553K(16000K)->15553K(16000K) NonClass: 13844K(14016K)->13844K(14016K) Class: 1708K(1984K)->1708K(1984K)
[2025-12-24T15:18:56.759+0000][gc          ] GC(130) Pause Young (Normal) (G1 Evacuation Pause) 817M->207M(1024M) 12.099ms
[2025-12-24T15:18:56.759+0000][gc,cpu      ] GC(130) User=0.07s Sys=0.00s Real=0.02s
[2025-12-24T15:19:26.950+0000][gc,start    ] GC(131) Pause Young (Normal) (G1 Evacuation Pause)
[2025-12-24T15:19:26.950+0000][gc,task     ] GC(131) Using 8 workers of 8 for evacuation
[2025-12-24T15:19:26.969+0000][gc,phases   ] GC(131)   Pre Evacuate Collection Set: 1.1ms
[2025-12-24T15:19:26.969+0000][gc,phases   ] GC(131)   Merge Heap Roots: 0.7ms
[2025-12-24T15:19:26.969+0000][gc,phases   ] GC(131)   Evacuate Collection Set: 14.3ms
[2025-12-24T15:19:26.969+0000][gc,phases   ] GC(131)   Post Evacuate Collection Set: 1.8ms
[2025-12-24T15:19:26.969+0000][gc,phases   ] GC(131)   Other: 0.8ms
[2025-12-24T15:19:26.969+0000][gc,heap     ] GC(131) Eden regions: 610->0(608)
[2025-12-24T15:19:26.969+0000][gc,heap     ] GC(131) Survivor regions: 4->6(77)
[2025-12-24T15:19:26.969+0000][gc,heap     ] GC(131) Old regions: 55->55
[2025-12-24T15:19:26.969+0000][gc,heap     ] GC(131) Humongous regions: 149->149
[2025-12-24T15:19:26.969+0000][gc,metaspace] GC(131) Metaspace: 15553K(16000K)->15553K(16000K) NonClass: 13844K(14016K)->13844K(14016K) Class: 1708K(1984K)->1708K(1984K)
[2025-12-24T15:19:26.970+0000][gc          ] GC(131) Pause Young (Normal) (G1 Evacuation Pause) 817M->209M(1024M) 20.004ms
[2025-12-24T15:19:26.970+0000][gc,cpu      ] GC(131) User=0.11s Sys=0.00s Real=0.02s
[2025-12-24T15:19:57.132+0000][gc,start    ] GC(132) Pause Young (Normal) (G1 Evacuation Pause)
[2025-12-24T15:19:57.132+0000][gc,task     ] GC(132) Using 8 workers of 8 for evacuation
[2025-12-24T15:19:57.146+0000][gc,phases   ] GC(132)   Pre Evacuate Collection Set: 1.0ms
[2025-12-24T15:19:57.146+0000][gc,phases   ] GC(132)   Merge Heap Roots: 0.2ms
[2025-12-24T15:19:57.146+0000][gc,phases   ] GC(132)   Evacuate Collection Set: 10.4ms
[2025-12-24T15:19:57.146+0000][gc,phases   ] GC(132)   Post Evacuate Collection Set: 2.0ms
[2025-12-24T15:19:57.146+0000][gc,phases   ] GC(132)   Other: 0.2ms
[2025-12-24T15:19:57.146+0000][gc,heap     ] GC(132) Eden regions: 608->0(606)
[2025-12-24T15:19:57.146+0000][gc,heap     ] GC(132) Survivor regions: 6->8(77)
[2025-12-24T15:19:57.146+0000][gc,heap     ] GC(132) Old regions: 55->55
[2025-12-24T15:19:57.146+0000][gc,heap     ] GC(132) Humongous regions: 149->149
[2025-12-24T15:19:57.147+0000][gc,metaspace] GC(132) Metaspace: 15553K(16000K)->15553K(16000K) NonClass: 13845K(14016K)->13845K(14016K) Class: 1708K(1984K)->1708K(1984K)
[2025-12-24T15:19:57.147+0000][gc          ] GC(132) Pause Young (Normal) (G1 Evacuation Pause) 817M->210M(1024M) 14.923ms
[2025-12-24T15:19:57.147+0000][gc,cpu      ] GC(132) User=0.10s Sys=0.00s Real=0.02s
[2025-12-24T15:20:36.750+0000][gc,start    ] GC(133) Pause Young (Normal) (G1 Evacuation Pause)
[2025-12-24T15:20:36.750+0000][gc,task     ] GC(133) Using 8 workers of 8 for evacuation
[2025-12-24T15:20:36.768+0000][gc,phases   ] GC(133)   Pre Evacuate Collection Set: 1.2ms
[2025-12-24T15:20:36.768+0000][gc,phases   ] GC(133)   Merge Heap Roots: 0.3ms
[2025-12-24T15:20:36.768+0000][gc,phases   ] GC(133)   Evacuate Collection Set: 12.7ms
[2025-12-24T15:20:36.768+0000][gc,phases   ] GC(133)   Post Evacuate Collection Set: 2.7ms
[2025-12-24T15:20:36.768+0000][gc,phases   ] GC(133)   Other: 0.4ms
[2025-12-24T15:20:36.768+0000][gc,heap     ] GC(133) Eden regions: 606->0(607)
[2025-12-24T15:20:36.768+0000][gc,heap     ] GC(133) Survivor regions: 8->7(77)
[2025-12-24T15:20:36.768+0000][gc,heap     ] GC(133) Old regions: 55->55
[2025-12-24T15:20:36.768+0000][gc,heap     ] GC(133) Humongous regions: 149->149
[2025-12-24T15:20:36.769+0000][gc,metaspace] GC(133) Metaspace: 15553K(16000K)->15553K(16000K) NonClass: 13845K(14016K)->13845K(14016K) Class: 1708K(1984K)->1708K(1984K)
[2025-12-24T15:20:36.769+0000][gc          ] GC(133) Pause Young (Normal) (G1 Evacuation Pause) 816M->210M(1024M) 19.234ms
[2025-12-24T15:20:36.769+0000][gc,cpu      ] GC(133) User=0.12s Sys=0.00s Real=0.02s
[2025-12-24T15:21:06.973+0000][gc,start    ] GC(134) Pause Young (Normal) (G1 Evacuation Pause)
[2025-12-24T15:21:06.974+0000][gc,task     ] GC(134) Using 8 workers of 8 for evacuation
[2025-12-24T15:21:06.986+0000][gc,phases   ] GC(134)   Pre Evacuate Collection Set: 4.5ms
[2025-12-24T15:21:06.986+0000][gc,phases   ] GC(134)   Merge Heap Roots: 1.4ms
[2025-12-24T15:21:06.986+0000][gc,phases   ] GC(134)   Evacuate Collection Set: 4.2ms
[2025-12-24T15:21:06.986+0000][gc,phases   ] GC(134)   Post Evacuate Collection Set: 1.3ms
[2025-12-24T15:21:06.986+0000][gc,phases   ] GC(134)   Other: 0.5ms
[2025-12-24T15:21:06.986+0000][gc,heap     ] GC(134) Eden regions: 607->0(608)
[2025-12-24T15:21:06.986+0000][gc,heap     ] GC(134) Survivor regions: 7->6(77)
[2025-12-24T15:21:06.986+0000][gc,heap     ] GC(134) Old regions: 55->55
[2025-12-24T15:21:06.986+0000][gc,heap     ] GC(134) Humongous regions: 149->149
[2025-12-24T15:21:06.986+0000][gc,metaspace] GC(134) Metaspace: 15553K(16000K)->15553K(16000K) NonClass: 13845K(14016K)->13845K(14016K) Class: 1708K(1984K)->1708K(1984K)
[2025-12-24T15:21:06.987+0000][gc          ] GC(134) Pause Young (Normal) (G1 Evacuation Pause) 817M->209M(1024M) 13.298ms
[2025-12-24T15:21:06.987+0000][gc,cpu      ] GC(134) User=0.05s Sys=0.00s Real=0.02s
[2025-12-24T15:21:37.101+0000][gc,start    ] GC(135) Pause Young (Normal) (G1 Evacuation Pause)
[2025-12-24T15:21:37.102+0000][gc,task     ] GC(135) Using 8 workers of 8 for evacuation
[2025-12-24T15:21:37.114+0000][gc,phases   ] GC(135)   Pre Evacuate Collection Set: 1.0ms
[2025-12-24T15:21:37.114+0000][gc,phases   ] GC(135)   Merge Heap Roots: 0.3ms
[2025-12-24T15:21:37.114+0000][gc,phases   ] GC(135)   Evacuate Collection Set: 8.3ms
[2025-12-24T15:21:37.114+0000][gc,phases   ] GC(135)   Post Evacuate Collection Set: 1.6ms
[2025-12-24T15:21:37.114+0000][gc,phases   ] GC(135)   Other: 0.4ms
[2025-12-24T15:21:37.114+0000][gc,heap     ] GC(135) Eden regions: 608->0(607)
[2025-12-24T15:21:37.114+0000][gc,heap     ] GC(135) Survivor regions: 6->7(77)
[2025-12-24T15:21:37.114+0000][gc,heap     ] GC(135) Old regions: 55->56
[2025-12-24T15:21:37.114+0000][gc,heap     ] GC(135) Humongous regions: 149->149
[2025-12-24T15:21:37.114+0000][gc,metaspace] GC(135) Metaspace: 15556K(16000K)->15556K(16000K) NonClass: 13847K(14016K)->13847K(14016K) Class: 1708K(1984K)->1708K(1984K)
[2025-12-24T15:21:37.114+0000][gc          ] GC(135) Pause Young (Normal) (G1 Evacuation Pause) 817M->210M(1024M) 13.392ms
[2025-12-24T15:21:37.115+0000][gc,cpu      ] GC(135) User=0.07s Sys=0.00s Real=0.02s
[2025-12-24T15:22:16.722+0000][gc,start    ] GC(136) Pause Young (Normal) (G1 Evacuation Pause)
[2025-12-24T15:22:16.722+0000][gc,task     ] GC(136) Using 8 workers of 8 for evacuation
[2025-12-24T15:22:16.740+0000][gc,phases   ] GC(136)   Pre Evacuate Collection Set: 1.2ms
[2025-12-24T15:22:16.740+0000][gc,phases   ] GC(136)   Merge Heap Roots: 0.3ms
[2025-12-24T15:22:16.740+0000][gc,phases   ] GC(136)   Evacuate Collection Set: 14.8ms
[2025-12-24T15:22:16.740+0000][gc,phases   ] GC(136)   Post Evacuate Collection Set: 1.1ms
[2025-12-24T15:22:16.740+0000][gc,phases   ] GC(136)   Other: 0.3ms
[2025-12-24T15:22:16.740+0000][gc,heap     ] GC(136) Eden regions: 607->0(608)
[2025-12-24T15:22:16.740+0000][gc,heap     ] GC(136) Survivor regions: 7->6(77)
[2025-12-24T15:22:16.740+0000][gc,heap     ] GC(136) Old regions: 56->56
[2025-12-24T15:22:16.741+0000][gc,heap     ] GC(136) Humongous regions: 149->149
[2025-12-24T15:22:16.741+0000][gc,metaspace] GC(136) Metaspace: 15557K(16000K)->15557K(16000K) NonClass: 13849K(14016K)->13849K(14016K) Class: 1708K(1984K)->1708K(1984K)
[2025-12-24T15:22:16.741+0000][gc          ] GC(136) Pause Young (Normal) (G1 Evacuation Pause) 817M->210M(1024M) 18.924ms
[2025-12-24T15:22:16.741+0000][gc,cpu      ] GC(136) User=0.12s Sys=0.00s Real=0.01s
[2025-12-24T15:22:46.942+0000][gc,start    ] GC(137) Pause Young (Normal) (G1 Evacuation Pause)
[2025-12-24T15:22:46.942+0000][gc,task     ] GC(137) Using 8 workers of 8 for evacuation
[2025-12-24T15:22:46.955+0000][gc,phases   ] GC(137)   Pre Evacuate Collection Set: 4.4ms
[2025-12-24T15:22:46.955+0000][gc,phases   ] GC(137)   Merge Heap Roots: 0.3ms
[2025-12-24T15:22:46.955+0000][gc,phases   ] GC(137)   Evacuate Collection Set: 6.9ms
[2025-12-24T15:22:46.955+0000][gc,phases   ] GC(137)   Post Evacuate Collection Set: 1.1ms
[2025-12-24T15:22:46.956+0000][gc,phases   ] GC(137)   Other: 0.3ms
[2025-12-24T15:22:46.956+0000][gc,heap     ] GC(137) Eden regions: 608->0(606)
[2025-12-24T15:22:46.956+0000][gc,heap     ] GC(137) Survivor regions: 6->8(77)
[2025-12-24T15:22:46.956+0000][gc,heap     ] GC(137) Old regions: 56->56
[2025-12-24T15:22:46.956+0000][gc,heap     ] GC(137) Humongous regions: 149->149
[2025-12-24T15:22:46.956+0000][gc,metaspace] GC(137) Metaspace: 15557K(16000K)->15557K(16000K) NonClass: 13849K(14016K)->13849K(14016K) Class: 1708K(1984K)->1708K(1984K)
[2025-12-24T15:22:46.956+0000][gc          ] GC(137) Pause Young (Normal) (G1 Evacuation Pause) 818M->211M(1024M) 14.273ms
[2025-12-24T15:22:46.956+0000][gc,cpu      ] GC(137) User=0.08s Sys=0.01s Real=0.01s
[2025-12-24T15:23:17.153+0000][gc,start    ] GC(138) Pause Young (Normal) (G1 Evacuation Pause)
[2025-12-24T15:23:17.154+0000][gc,task     ] GC(138) Using 8 workers of 8 for evacuation
[2025-12-24T15:23:17.166+0000][gc,phases   ] GC(138)   Pre Evacuate Collection Set: 1.0ms
[2025-12-24T15:23:17.166+0000][gc,phases   ] GC(138)   Merge Heap Roots: 0.2ms
[2025-12-24T15:23:17.166+0000][gc,phases   ] GC(138)   Evacuate Collection Set: 9.8ms
[2025-12-24T15:23:17.166+0000][gc,phases   ] GC(138)   Post Evacuate Collection Set: 0.9ms
[2025-12-24T15:23:17.166+0000][gc,phases   ] GC(138)   Other: 0.2ms
[2025-12-24T15:23:17.166+0000][gc,heap     ] GC(138) Eden regions: 606->0(604)
[2025-12-24T15:23:17.166+0000][gc,heap     ] GC(138) Survivor regions: 8->10(77)
[2025-12-24T15:23:17.166+0000][gc,heap     ] GC(138) Old regions: 56->56
[2025-12-24T15:23:17.166+0000][gc,heap     ] GC(138) Humongous regions: 149->149
[2025-12-24T15:23:17.166+0000][gc,metaspace] GC(138) Metaspace: 15557K(16000K)->15557K(16000K) NonClass: 13849K(14016K)->13849K(14016K) Class: 1708K(1984K)->1708K(1984K)
[2025-12-24T15:23:17.166+0000][gc          ] GC(138) Pause Young (Normal) (G1 Evacuation Pause) 817M->213M(1024M) 13.045ms
[2025-12-24T15:23:17.166+0000][gc,cpu      ] GC(138) User=0.08s Sys=0.01s Real=0.02s
[2025-12-24T15:23:56.693+0000][gc,start    ] GC(139) Pause Young (Normal) (G1 Evacuation Pause)
[2025-12-24T15:23:56.693+0000][gc,task     ] GC(139) Using 8 workers of 8 for evacuation
[2025-12-24T15:23:56.710+0000][gc,phases   ] GC(139)   Pre Evacuate Collection Set: 1.3ms
[2025-12-24T15:23:56.710+0000][gc,phases   ] GC(139)   Merge Heap Roots: 0.4ms
[2025-12-24T15:23:56.710+0000][gc,phases   ] GC(139)   Evacuate Collection Set: 12.8ms
[2025-12-24T15:23:56.711+0000][gc,phases   ] GC(139)   Post Evacuate Collection Set: 2.1ms
[2025-12-24T15:23:56.711+0000][gc,phases   ] GC(139)   Other: 0.3ms
[2025-12-24T15:23:56.711+0000][gc,heap     ] GC(139) Eden regions: 604->0(608)
[2025-12-24T15:23:56.711+0000][gc,heap     ] GC(139) Survivor regions: 10->6(77)
[2025-12-24T15:23:56.711+0000][gc,heap     ] GC(139) Old regions: 56->56
[2025-12-24T15:23:56.711+0000][gc,heap     ] GC(139) Humongous regions: 149->149
[2025-12-24T15:23:56.711+0000][gc,metaspace] GC(139) Metaspace: 15557K(16000K)->15557K(16000K) NonClass: 13849K(14016K)->13849K(14016K) Class: 1708K(1984K)->1708K(1984K)
[2025-12-24T15:23:56.711+0000][gc          ] GC(139) Pause Young (Normal) (G1 Evacuation Pause) 817M->209M(1024M) 18.382ms
[2025-12-24T15:23:56.711+0000][gc,cpu      ] GC(139) User=0.12s Sys=0.00s Real=0.01s
[2025-12-24T15:24:26.899+0000][gc,start    ] GC(140) Pause Young (Normal) (G1 Evacuation Pause)
[2025-12-24T15:24:26.899+0000][gc,task     ] GC(140) Using 8 workers of 8 for evacuation
[2025-12-24T15:24:26.907+0000][gc,phases   ] GC(140)   Pre Evacuate Collection Set: 1.1ms
[2025-12-24T15:24:26.907+0000][gc,phases   ] GC(140)   Merge Heap Roots: 0.3ms
[2025-12-24T15:24:26.907+0000][gc,phases   ] GC(140)   Evacuate Collection Set: 5.4ms
[2025-12-24T15:24:26.907+0000][gc,phases   ] GC(140)   Post Evacuate Collection Set: 1.0ms
[2025-12-24T15:24:26.908+0000][gc,phases   ] GC(140)   Other: 0.3ms
[2025-12-24T15:24:26.908+0000][gc,heap     ] GC(140) Eden regions: 608->0(607)
[2025-12-24T15:24:26.908+0000][gc,heap     ] GC(140) Survivor regions: 6->7(77)
[2025-12-24T15:24:26.908+0000][gc,heap     ] GC(140) Old regions: 56->56
[2025-12-24T15:24:26.908+0000][gc,heap     ] GC(140) Humongous regions: 149->149
[2025-12-24T15:24:26.908+0000][gc,metaspace] GC(140) Metaspace: 15558K(16000K)->15558K(16000K) NonClass: 13850K(14016K)->13850K(14016K) Class: 1708K(1984K)->1708K(1984K)
[2025-12-24T15:24:26.908+0000][gc          ] GC(140) Pause Young (Normal) (G1 Evacuation Pause) 817M->211M(1024M) 9.181ms
[2025-12-24T15:24:26.908+0000][gc,cpu      ] GC(140) User=0.05s Sys=0.01s Real=0.01s
[2025-12-24T15:24:57.074+0000][gc,start    ] GC(141) Pause Young (Normal) (G1 Evacuation Pause)
[2025-12-24T15:24:57.074+0000][gc,task     ] GC(141) Using 8 workers of 8 for evacuation
[2025-12-24T15:24:57.083+0000][gc,phases   ] GC(141)   Pre Evacuate Collection Set: 0.9ms
[2025-12-24T15:24:57.083+0000][gc,phases   ] GC(141)   Merge Heap Roots: 0.2ms
[2025-12-24T15:24:57.083+0000][gc,phases   ] GC(141)   Evacuate Collection Set: 5.8ms
[2025-12-24T15:24:57.083+0000][gc,phases   ] GC(141)   Post Evacuate Collection Set: 1.5ms
[2025-12-24T15:24:57.083+0000][gc,phases   ] GC(141)   Other: 0.2ms
[2025-12-24T15:24:57.083+0000][gc,heap     ] GC(141) Eden regions: 607->0(605)
[2025-12-24T15:24:57.084+0000][gc,heap     ] GC(141) Survivor regions: 7->9(77)
[2025-12-24T15:24:57.084+0000][gc,heap     ] GC(141) Old regions: 56->56
[2025-12-24T15:24:57.084+0000][gc,heap     ] GC(141) Humongous regions: 149->149
[2025-12-24T15:24:57.084+0000][gc,metaspace] GC(141) Metaspace: 15558K(16000K)->15558K(16000K) NonClass: 13850K(14016K)->13850K(14016K) Class: 1708K(1984K)->1708K(1984K)
[2025-12-24T15:24:57.084+0000][gc          ] GC(141) Pause Young (Normal) (G1 Evacuation Pause) 818M->212M(1024M) 9.715ms
[2025-12-24T15:24:57.084+0000][gc,cpu      ] GC(141) User=0.04s Sys=0.01s Real=0.01s
[2025-12-24T15:25:36.692+0000][gc,start    ] GC(142) Pause Young (Normal) (G1 Evacuation Pause)
[2025-12-24T15:25:36.701+0000][gc,task     ] GC(142) Using 8 workers of 8 for evacuation
[2025-12-24T15:25:36.715+0000][gc,phases   ] GC(142)   Pre Evacuate Collection Set: 1.2ms
[2025-12-24T15:25:36.715+0000][gc,phases   ] GC(142)   Merge Heap Roots: 0.2ms
[2025-12-24T15:25:36.715+0000][gc,phases   ] GC(142)   Evacuate Collection Set: 10.8ms
[2025-12-24T15:25:36.716+0000][gc,phases   ] GC(142)   Post Evacuate Collection Set: 1.8ms
[2025-12-24T15:25:36.716+0000][gc,phases   ] GC(142)   Other: 0.5ms
[2025-12-24T15:25:36.716+0000][gc,heap     ] GC(142) Eden regions: 605->0(606)
[2025-12-24T15:25:36.716+0000][gc,heap     ] GC(142) Survivor regions: 9->8(77)
[2025-12-24T15:25:36.716+0000][gc,heap     ] GC(142) Old regions: 56->57
[2025-12-24T15:25:36.716+0000][gc,heap     ] GC(142) Humongous regions: 149->149
[2025-12-24T15:25:36.716+0000][gc,metaspace] GC(142) Metaspace: 15558K(16000K)->15558K(16000K) NonClass: 13850K(14016K)->13850K(14016K) Class: 1708K(1984K)->1708K(1984K)
[2025-12-24T15:25:36.716+0000][gc          ] GC(142) Pause Young (Normal) (G1 Evacuation Pause) 817M->212M(1024M) 24.611ms
[2025-12-24T15:25:36.716+0000][gc,cpu      ] GC(142) User=0.06s Sys=0.02s Real=0.02s
[2025-12-24T15:26:06.862+0000][gc,start    ] GC(143) Pause Young (Normal) (G1 Evacuation Pause)
[2025-12-24T15:26:06.863+0000][gc,task     ] GC(143) Using 8 workers of 8 for evacuation
[2025-12-24T15:26:06.876+0000][gc,phases   ] GC(143)   Pre Evacuate Collection Set: 1.0ms
[2025-12-24T15:26:06.876+0000][gc,phases   ] GC(143)   Merge Heap Roots: 0.3ms
[2025-12-24T15:26:06.876+0000][gc,phases   ] GC(143)   Evacuate Collection Set: 10.4ms
[2025-12-24T15:26:06.876+0000][gc,phases   ] GC(143)   Post Evacuate Collection Set: 1.1ms
[2025-12-24T15:26:06.876+0000][gc,phases   ] GC(143)   Other: 0.3ms
[2025-12-24T15:26:06.876+0000][gc,heap     ] GC(143) Eden regions: 606->0(605)
[2025-12-24T15:26:06.876+0000][gc,heap     ] GC(143) Survivor regions: 8->9(77)
[2025-12-24T15:26:06.876+0000][gc,heap     ] GC(143) Old regions: 57->57
[2025-12-24T15:26:06.877+0000][gc,heap     ] GC(143) Humongous regions: 149->149
[2025-12-24T15:26:06.877+0000][gc,metaspace] GC(143) Metaspace: 15562K(16000K)->15562K(16000K) NonClass: 13853K(14016K)->13853K(14016K) Class: 1708K(1984K)->1708K(1984K)
[2025-12-24T15:26:06.877+0000][gc          ] GC(143) Pause Young (Normal) (G1 Evacuation Pause) 818M->214M(1024M) 14.250ms
[2025-12-24T15:26:06.877+0000][gc,cpu      ] GC(143) User=0.09s Sys=0.00s Real=0.02s
[2025-12-24T15:26:37.113+0000][gc,start    ] GC(144) Pause Young (Normal) (G1 Evacuation Pause)
[2025-12-24T15:26:37.114+0000][gc,task     ] GC(144) Using 8 workers of 8 for evacuation
[2025-12-24T15:26:37.124+0000][gc,phases   ] GC(144)   Pre Evacuate Collection Set: 1.1ms
[2025-12-24T15:26:37.125+0000][gc,phases   ] GC(144)   Merge Heap Roots: 0.2ms
[2025-12-24T15:26:37.125+0000][gc,phases   ] GC(144)   Evacuate Collection Set: 7.8ms
[2025-12-24T15:26:37.125+0000][gc,phases   ] GC(144)   Post Evacuate Collection Set: 1.0ms
[2025-12-24T15:26:37.125+0000][gc,phases   ] GC(144)   Other: 0.3ms
[2025-12-24T15:26:37.125+0000][gc,heap     ] GC(144) Eden regions: 605->0(606)
[2025-12-24T15:26:37.125+0000][gc,heap     ] GC(144) Survivor regions: 9->8(77)
[2025-12-24T15:26:37.125+0000][gc,heap     ] GC(144) Old regions: 57->57
[2025-12-24T15:26:37.125+0000][gc,heap     ] GC(144) Humongous regions: 149->149
[2025-12-24T15:26:37.125+0000][gc,metaspace] GC(144) Metaspace: 15562K(16000K)->15562K(16000K) NonClass: 13853K(14016K)->13853K(14016K) Class: 1708K(1984K)->1708K(1984K)
[2025-12-24T15:26:37.125+0000][gc          ] GC(144) Pause Young (Normal) (G1 Evacuation Pause) 819M->212M(1024M) 11.605ms
[2025-12-24T15:26:37.125+0000][gc,cpu      ] GC(144) User=0.06s Sys=0.00s Real=0.02s
[2025-12-24T15:27:16.640+0000][gc,start    ] GC(145) Pause Young (Normal) (G1 Evacuation Pause)
[2025-12-24T15:27:16.641+0000][gc,task     ] GC(145) Using 8 workers of 8 for evacuation
[2025-12-24T15:27:16.669+0000][gc,phases   ] GC(145)   Pre Evacuate Collection Set: 2.4ms
[2025-12-24T15:27:16.669+0000][gc,phases   ] GC(145)   Merge Heap Roots: 0.7ms
[2025-12-24T15:27:16.669+0000][gc,phases   ] GC(145)   Evacuate Collection Set: 19.2ms
[2025-12-24T15:27:16.669+0000][gc,phases   ] GC(145)   Post Evacuate Collection Set: 4.8ms
[2025-12-24T15:27:16.669+0000][gc,phases   ] GC(145)   Other: 0.6ms
[2025-12-24T15:27:16.669+0000][gc,heap     ] GC(145) Eden regions: 606->0(607)
[2025-12-24T15:27:16.670+0000][gc,heap     ] GC(145) Survivor regions: 8->7(77)
[2025-12-24T15:27:16.670+0000][gc,heap     ] GC(145) Old regions: 57->57
[2025-12-24T15:27:16.670+0000][gc,heap     ] GC(145) Humongous regions: 149->149
[2025-12-24T15:27:16.670+0000][gc,metaspace] GC(145) Metaspace: 15563K(16000K)->15563K(16000K) NonClass: 13854K(14016K)->13854K(14016K) Class: 1708K(1984K)->1708K(1984K)
[2025-12-24T15:27:16.670+0000][gc          ] GC(145) Pause Young (Normal) (G1 Evacuation Pause) 818M->212M(1024M) 29.774ms
[2025-12-24T15:27:16.670+0000][gc,cpu      ] GC(145) User=0.16s Sys=0.01s Real=0.03s
[2025-12-24T15:27:46.876+0000][gc,start    ] GC(146) Pause Young (Normal) (G1 Evacuation Pause)
[2025-12-24T15:27:46.877+0000][gc,task     ] GC(146) Using 8 workers of 8 for evacuation
[2025-12-24T15:27:46.890+0000][gc,phases   ] GC(146)   Pre Evacuate Collection Set: 1.3ms
[2025-12-24T15:27:46.890+0000][gc,phases   ] GC(146)   Merge Heap Roots: 0.3ms
[2025-12-24T15:27:46.891+0000][gc,phases   ] GC(146)   Evacuate Collection Set: 10.4ms
[2025-12-24T15:27:46.891+0000][gc,phases   ] GC(146)   Post Evacuate Collection Set: 1.3ms
[2025-12-24T15:27:46.891+0000][gc,phases   ] GC(146)   Other: 0.3ms
[2025-12-24T15:27:46.891+0000][gc,heap     ] GC(146) Eden regions: 607->0(606)
[2025-12-24T15:27:46.891+0000][gc,heap     ] GC(146) Survivor regions: 7->8(77)
[2025-12-24T15:27:46.891+0000][gc,heap     ] GC(146) Old regions: 57->58
[2025-12-24T15:27:46.891+0000][gc,heap     ] GC(146) Humongous regions: 149->149
[2025-12-24T15:27:46.891+0000][gc,metaspace] GC(146) Metaspace: 15563K(16000K)->15563K(16000K) NonClass: 13854K(14016K)->13854K(14016K) Class: 1708K(1984K)->1708K(1984K)
[2025-12-24T15:27:46.891+0000][gc          ] GC(146) Pause Young (Normal) (G1 Evacuation Pause) 819M->213M(1024M) 14.876ms
[2025-12-24T15:27:46.891+0000][gc,cpu      ] GC(146) User=0.09s Sys=0.00s Real=0.01s
[2025-12-24T15:28:17.066+0000][gc,start    ] GC(147) Pause Young (Normal) (G1 Evacuation Pause)
[2025-12-24T15:28:17.066+0000][gc,task     ] GC(147) Using 8 workers of 8 for evacuation
[2025-12-24T15:28:17.077+0000][gc,phases   ] GC(147)   Pre Evacuate Collection Set: 1.0ms
[2025-12-24T15:28:17.077+0000][gc,phases   ] GC(147)   Merge Heap Roots: 0.3ms
[2025-12-24T15:28:17.077+0000][gc,phases   ] GC(147)   Evacuate Collection Set: 7.6ms
[2025-12-24T15:28:17.077+0000][gc,phases   ] GC(147)   Post Evacuate Collection Set: 1.2ms
[2025-12-24T15:28:17.077+0000][gc,phases   ] GC(147)   Other: 0.3ms
[2025-12-24T15:28:17.077+0000][gc,heap     ] GC(147) Eden regions: 606->0(604)
[2025-12-24T15:28:17.077+0000][gc,heap     ] GC(147) Survivor regions: 8->10(77)
[2025-12-24T15:28:17.077+0000][gc,heap     ] GC(147) Old regions: 58->58
[2025-12-24T15:28:17.077+0000][gc,heap     ] GC(147) Humongous regions: 149->149
[2025-12-24T15:28:17.077+0000][gc,metaspace] GC(147) Metaspace: 15563K(16000K)->15563K(16000K) NonClass: 13854K(14016K)->13854K(14016K) Class: 1708K(1984K)->1708K(1984K)
[2025-12-24T15:28:17.077+0000][gc          ] GC(147) Pause Young (Normal) (G1 Evacuation Pause) 819M->216M(1024M) 11.553ms
[2025-12-24T15:28:17.077+0000][gc,cpu      ] GC(147) User=0.07s Sys=0.00s Real=0.01s
[2025-12-24T15:28:47.201+0000][gc,start    ] GC(148) Pause Young (Normal) (G1 Evacuation Pause)
[2025-12-24T15:28:47.204+0000][gc,task     ] GC(148) Using 8 workers of 8 for evacuation
[2025-12-24T15:28:47.216+0000][gc,phases   ] GC(148)   Pre Evacuate Collection Set: 1.1ms
[2025-12-24T15:28:47.216+0000][gc,phases   ] GC(148)   Merge Heap Roots: 0.3ms
[2025-12-24T15:28:47.216+0000][gc,phases   ] GC(148)   Evacuate Collection Set: 10.0ms
[2025-12-24T15:28:47.216+0000][gc,phases   ] GC(148)   Post Evacuate Collection Set: 1.0ms
[2025-12-24T15:28:47.217+0000][gc,phases   ] GC(148)   Other: 0.2ms
[2025-12-24T15:28:47.217+0000][gc,heap     ] GC(148) Eden regions: 604->0(604)
[2025-12-24T15:28:47.217+0000][gc,heap     ] GC(148) Survivor regions: 10->10(77)
[2025-12-24T15:28:47.217+0000][gc,heap     ] GC(148) Old regions: 58->58
[2025-12-24T15:28:47.217+0000][gc,heap     ] GC(148) Humongous regions: 149->149
[2025-12-24T15:28:47.217+0000][gc,metaspace] GC(148) Metaspace: 15563K(16000K)->15563K(16000K) NonClass: 13855K(14016K)->13855K(14016K) Class: 1708K(1984K)->1708K(1984K)
[2025-12-24T15:28:47.217+0000][gc          ] GC(148) Pause Young (Normal) (G1 Evacuation Pause) 820M->216M(1024M) 16.092ms
[2025-12-24T15:28:47.217+0000][gc,cpu      ] GC(148) User=0.09s Sys=0.00s Real=0.01s
[2025-12-24T15:29:26.823+0000][gc,start    ] GC(149) Pause Young (Normal) (G1 Evacuation Pause)
[2025-12-24T15:29:26.824+0000][gc,task     ] GC(149) Using 8 workers of 8 for evacuation
[2025-12-24T15:29:26.839+0000][gc,phases   ] GC(149)   Pre Evacuate Collection Set: 1.1ms
[2025-12-24T15:29:26.839+0000][gc,phases   ] GC(149)   Merge Heap Roots: 0.7ms
[2025-12-24T15:29:26.839+0000][gc,phases   ] GC(149)   Evacuate Collection Set: 8.6ms
[2025-12-24T15:29:26.839+0000][gc,phases   ] GC(149)   Post Evacuate Collection Set: 4.4ms
[2025-12-24T15:29:26.839+0000][gc,phases   ] GC(149)   Other: 0.3ms
[2025-12-24T15:29:26.839+0000][gc,heap     ] GC(149) Eden regions: 604->0(608)
[2025-12-24T15:29:26.839+0000][gc,heap     ] GC(149) Survivor regions: 10->6(77)
[2025-12-24T15:29:26.839+0000][gc,heap     ] GC(149) Old regions: 58->59
[2025-12-24T15:29:26.839+0000][gc,heap     ] GC(149) Humongous regions: 149->149
[2025-12-24T15:29:26.840+0000][gc,metaspace] GC(149) Metaspace: 15564K(16000K)->15564K(16000K) NonClass: 13856K(14016K)->13856K(14016K) Class: 1708K(1984K)->1708K(1984K)
[2025-12-24T15:29:26.840+0000][gc          ] GC(149) Pause Young (Normal) (G1 Evacuation Pause) 820M->213M(1024M) 16.819ms
[2025-12-24T15:29:26.840+0000][gc,cpu      ] GC(149) User=0.06s Sys=0.00s Real=0.02s
[2025-12-24T15:29:56.993+0000][gc,start    ] GC(150) Pause Young (Normal) (G1 Evacuation Pause)
[2025-12-24T15:29:56.994+0000][gc,task     ] GC(150) Using 8 workers of 8 for evacuation
[2025-12-24T15:29:57.006+0000][gc,phases   ] GC(150)   Pre Evacuate Collection Set: 1.0ms
[2025-12-24T15:29:57.006+0000][gc,phases   ] GC(150)   Merge Heap Roots: 0.3ms
[2025-12-24T15:29:57.006+0000][gc,phases   ] GC(150)   Evacuate Collection Set: 10.3ms
[2025-12-24T15:29:57.006+0000][gc,phases   ] GC(150)   Post Evacuate Collection Set: 0.9ms
[2025-12-24T15:29:57.006+0000][gc,phases   ] GC(150)   Other: 0.2ms
[2025-12-24T15:29:57.006+0000][gc,heap     ] GC(150) Eden regions: 608->0(606)
[2025-12-24T15:29:57.006+0000][gc,heap     ] GC(150) Survivor regions: 6->8(77)
[2025-12-24T15:29:57.007+0000][gc,heap     ] GC(150) Old regions: 59->59
[2025-12-24T15:29:57.007+0000][gc,heap     ] GC(150) Humongous regions: 149->149
[2025-12-24T15:29:57.007+0000][gc,metaspace] GC(150) Metaspace: 15564K(16000K)->15564K(16000K) NonClass: 13856K(14016K)->13856K(14016K) Class: 1708K(1984K)->1708K(1984K)
[2025-12-24T15:29:57.007+0000][gc          ] GC(150) Pause Young (Normal) (G1 Evacuation Pause) 821M->215M(1024M) 13.650ms
[2025-12-24T15:29:57.007+0000][gc,cpu      ] GC(150) User=0.08s Sys=0.00s Real=0.02s
[2025-12-24T15:30:27.157+0000][gc,start    ] GC(151) Pause Young (Normal) (G1 Evacuation Pause)
[2025-12-24T15:30:27.158+0000][gc,task     ] GC(151) Using 8 workers of 8 for evacuation
[2025-12-24T15:30:27.171+0000][gc,phases   ] GC(151)   Pre Evacuate Collection Set: 1.1ms
[2025-12-24T15:30:27.171+0000][gc,phases   ] GC(151)   Merge Heap Roots: 0.3ms
[2025-12-24T15:30:27.171+0000][gc,phases   ] GC(151)   Evacuate Collection Set: 8.1ms
[2025-12-24T15:30:27.171+0000][gc,phases   ] GC(151)   Post Evacuate Collection Set: 3.4ms
[2025-12-24T15:30:27.171+0000][gc,phases   ] GC(151)   Other: 0.2ms
[2025-12-24T15:30:27.171+0000][gc,heap     ] GC(151) Eden regions: 606->0(605)
[2025-12-24T15:30:27.171+0000][gc,heap     ] GC(151) Survivor regions: 8->9(77)
[2025-12-24T15:30:27.171+0000][gc,heap     ] GC(151) Old regions: 59->59
[2025-12-24T15:30:27.171+0000][gc,heap     ] GC(151) Humongous regions: 149->149
[2025-12-24T15:30:27.171+0000][gc,metaspace] GC(151) Metaspace: 15564K(16000K)->15564K(16000K) NonClass: 13856K(14016K)->13856K(14016K) Class: 1708K(1984K)->1708K(1984K)
[2025-12-24T15:30:27.171+0000][gc          ] GC(151) Pause Young (Normal) (G1 Evacuation Pause) 821M->216M(1024M) 14.336ms
[2025-12-24T15:30:27.172+0000][gc,cpu      ] GC(151) User=0.08s Sys=0.00s Real=0.01s
[2025-12-24T15:31:06.933+0000][gc,start    ] GC(152) Pause Young (Normal) (G1 Evacuation Pause)
[2025-12-24T15:31:06.934+0000][gc,task     ] GC(152) Using 8 workers of 8 for evacuation
[2025-12-24T15:31:06.960+0000][gc,phases   ] GC(152)   Pre Evacuate Collection Set: 6.0ms
[2025-12-24T15:31:06.960+0000][gc,phases   ] GC(152)   Merge Heap Roots: 1.4ms
[2025-12-24T15:31:06.960+0000][gc,phases   ] GC(152)   Evacuate Collection Set: 16.3ms
[2025-12-24T15:31:06.960+0000][gc,phases   ] GC(152)   Post Evacuate Collection Set: 1.6ms
[2025-12-24T15:31:06.960+0000][gc,phases   ] GC(152)   Other: 0.5ms
[2025-12-24T15:31:06.960+0000][gc,heap     ] GC(152) Eden regions: 605->0(605)
[2025-12-24T15:31:06.960+0000][gc,heap     ] GC(152) Survivor regions: 9->9(77)
[2025-12-24T15:31:06.960+0000][gc,heap     ] GC(152) Old regions: 59->60
[2025-12-24T15:31:06.960+0000][gc,heap     ] GC(152) Humongous regions: 149->149
[2025-12-24T15:31:06.960+0000][gc,metaspace] GC(152) Metaspace: 15566K(16000K)->15566K(16000K) NonClass: 13857K(14016K)->13857K(14016K) Class: 1708K(1984K)->1708K(1984K)
[2025-12-24T15:31:06.960+0000][gc          ] GC(152) Pause Young (Normal) (G1 Evacuation Pause) 821M->216M(1024M) 27.027ms
[2025-12-24T15:31:06.960+0000][gc,cpu      ] GC(152) User=0.18s Sys=0.00s Real=0.02s
[2025-12-24T15:31:37.025+0000][gc,start    ] GC(153) Pause Young (Normal) (G1 Evacuation Pause)
[2025-12-24T15:31:37.029+0000][gc,task     ] GC(153) Using 8 workers of 8 for evacuation
[2025-12-24T15:31:37.056+0000][gc,phases   ] GC(153)   Pre Evacuate Collection Set: 3.2ms
[2025-12-24T15:31:37.056+0000][gc,phases   ] GC(153)   Merge Heap Roots: 1.2ms
[2025-12-24T15:31:37.056+0000][gc,phases   ] GC(153)   Evacuate Collection Set: 17.7ms
[2025-12-24T15:31:37.056+0000][gc,phases   ] GC(153)   Post Evacuate Collection Set: 4.4ms
[2025-12-24T15:31:37.056+0000][gc,phases   ] GC(153)   Other: 0.5ms
[2025-12-24T15:31:37.056+0000][gc,heap     ] GC(153) Eden regions: 605->0(604)
[2025-12-24T15:31:37.056+0000][gc,heap     ] GC(153) Survivor regions: 9->10(77)
[2025-12-24T15:31:37.056+0000][gc,heap     ] GC(153) Old regions: 60->60
[2025-12-24T15:31:37.056+0000][gc,heap     ] GC(153) Humongous regions: 149->149
[2025-12-24T15:31:37.056+0000][gc,metaspace] GC(153) Metaspace: 15566K(16000K)->15566K(16000K) NonClass: 13857K(14016K)->13857K(14016K) Class: 1708K(1984K)->1708K(1984K)
[2025-12-24T15:31:37.056+0000][gc          ] GC(153) Pause Young (Normal) (G1 Evacuation Pause) 821M->218M(1024M) 30.865ms
[2025-12-24T15:31:37.056+0000][gc,cpu      ] GC(153) User=0.18s Sys=0.00s Real=0.03s
[2025-12-24T15:32:07.526+0000][gc,start    ] GC(154) Pause Young (Normal) (G1 Evacuation Pause)
[2025-12-24T15:32:07.526+0000][gc,task     ] GC(154) Using 8 workers of 8 for evacuation
[2025-12-24T15:32:07.543+0000][gc,phases   ] GC(154)   Pre Evacuate Collection Set: 1.0ms
[2025-12-24T15:32:07.543+0000][gc,phases   ] GC(154)   Merge Heap Roots: 0.3ms
[2025-12-24T15:32:07.543+0000][gc,phases   ] GC(154)   Evacuate Collection Set: 13.4ms
[2025-12-24T15:32:07.543+0000][gc,phases   ] GC(154)   Post Evacuate Collection Set: 1.7ms
[2025-12-24T15:32:07.543+0000][gc,phases   ] GC(154)   Other: 0.2ms
[2025-12-24T15:32:07.543+0000][gc,heap     ] GC(154) Eden regions: 604->0(602)
[2025-12-24T15:32:07.543+0000][gc,heap     ] GC(154) Survivor regions: 10->12(77)
[2025-12-24T15:32:07.543+0000][gc,heap     ] GC(154) Old regions: 60->60
[2025-12-24T15:32:07.543+0000][gc,heap     ] GC(154) Humongous regions: 149->149
[2025-12-24T15:32:07.543+0000][gc,metaspace] GC(154) Metaspace: 15566K(16000K)->15566K(16000K) NonClass: 13857K(14016K)->13857K(14016K) Class: 1708K(1984K)->1708K(1984K)
[2025-12-24T15:32:07.543+0000][gc          ] GC(154) Pause Young (Normal) (G1 Evacuation Pause) 822M->220M(1024M) 17.733ms
[2025-12-24T15:32:07.543+0000][gc,cpu      ] GC(154) User=0.12s Sys=0.00s Real=0.02s
[2025-12-24T15:32:46.755+0000][gc,start    ] GC(155) Pause Young (Normal) (G1 Evacuation Pause)
[2025-12-24T15:32:46.756+0000][gc,task     ] GC(155) Using 8 workers of 8 for evacuation
[2025-12-24T15:32:46.768+0000][gc,phases   ] GC(155)   Pre Evacuate Collection Set: 1.6ms
[2025-12-24T15:32:46.768+0000][gc,phases   ] GC(155)   Merge Heap Roots: 0.3ms
[2025-12-24T15:32:46.768+0000][gc,phases   ] GC(155)   Evacuate Collection Set: 8.9ms
[2025-12-24T15:32:46.768+0000][gc,phases   ] GC(155)   Post Evacuate Collection Set: 1.0ms
[2025-12-24T15:32:46.768+0000][gc,phases   ] GC(155)   Other: 0.2ms
[2025-12-24T15:32:46.768+0000][gc,heap     ] GC(155) Eden regions: 602->0(607)
[2025-12-24T15:32:46.768+0000][gc,heap     ] GC(155) Survivor regions: 12->7(77)
[2025-12-24T15:32:46.768+0000][gc,heap     ] GC(155) Old regions: 60->61
[2025-12-24T15:32:46.769+0000][gc,heap     ] GC(155) Humongous regions: 149->149
[2025-12-24T15:32:46.769+0000][gc,metaspace] GC(155) Metaspace: 15566K(16000K)->15566K(16000K) NonClass: 13857K(14016K)->13857K(14016K) Class: 1708K(1984K)->1708K(1984K)
[2025-12-24T15:32:46.769+0000][gc          ] GC(155) Pause Young (Normal) (G1 Evacuation Pause) 822M->216M(1024M) 13.206ms
[2025-12-24T15:32:46.769+0000][gc,cpu      ] GC(155) User=0.07s Sys=0.00s Real=0.02s
[2025-12-24T15:33:16.950+0000][gc,start    ] GC(156) Pause Young (Normal) (G1 Evacuation Pause)
[2025-12-24T15:33:16.950+0000][gc,task     ] GC(156) Using 8 workers of 8 for evacuation
[2025-12-24T15:33:16.959+0000][gc,phases   ] GC(156)   Pre Evacuate Collection Set: 1.1ms
[2025-12-24T15:33:16.959+0000][gc,phases   ] GC(156)   Merge Heap Roots: 0.3ms
[2025-12-24T15:33:16.959+0000][gc,phases   ] GC(156)   Evacuate Collection Set: 6.7ms
[2025-12-24T15:33:16.959+0000][gc,phases   ] GC(156)   Post Evacuate Collection Set: 1.0ms
[2025-12-24T15:33:16.959+0000][gc,phases   ] GC(156)   Other: 0.2ms
[2025-12-24T15:33:16.960+0000][gc,heap     ] GC(156) Eden regions: 607->0(606)
[2025-12-24T15:33:16.960+0000][gc,heap     ] GC(156) Survivor regions: 7->8(77)
[2025-12-24T15:33:16.960+0000][gc,heap     ] GC(156) Old regions: 61->61
[2025-12-24T15:33:16.960+0000][gc,heap     ] GC(156) Humongous regions: 149->149
[2025-12-24T15:33:16.960+0000][gc,metaspace] GC(156) Metaspace: 15566K(16000K)->15566K(16000K) NonClass: 13857K(14016K)->13857K(14016K) Class: 1708K(1984K)->1708K(1984K)
[2025-12-24T15:33:16.960+0000][gc          ] GC(156) Pause Young (Normal) (G1 Evacuation Pause) 823M->217M(1024M) 10.230ms
[2025-12-24T15:33:16.960+0000][gc,cpu      ] GC(156) User=0.05s Sys=0.00s Real=0.01s
[2025-12-24T15:33:47.178+0000][gc,start    ] GC(157) Pause Young (Normal) (G1 Evacuation Pause)
[2025-12-24T15:33:47.179+0000][gc,task     ] GC(157) Using 8 workers of 8 for evacuation
[2025-12-24T15:33:47.193+0000][gc,phases   ] GC(157)   Pre Evacuate Collection Set: 1.1ms
[2025-12-24T15:33:47.194+0000][gc,phases   ] GC(157)   Merge Heap Roots: 0.3ms
[2025-12-24T15:33:47.194+0000][gc,phases   ] GC(157)   Evacuate Collection Set: 12.1ms
[2025-12-24T15:33:47.194+0000][gc,phases   ] GC(157)   Post Evacuate Collection Set: 1.1ms
[2025-12-24T15:33:47.194+0000][gc,phases   ] GC(157)   Other: 0.2ms
[2025-12-24T15:33:47.194+0000][gc,heap     ] GC(157) Eden regions: 606->0(604)
[2025-12-24T15:33:47.194+0000][gc,heap     ] GC(157) Survivor regions: 8->10(77)
[2025-12-24T15:33:47.194+0000][gc,heap     ] GC(157) Old regions: 61->61
[2025-12-24T15:33:47.194+0000][gc,heap     ] GC(157) Humongous regions: 149->149
[2025-12-24T15:33:47.194+0000][gc,metaspace] GC(157) Metaspace: 15647K(16064K)->15647K(16064K) NonClass: 13938K(14080K)->13938K(14080K) Class: 1708K(1984K)->1708K(1984K)
[2025-12-24T15:33:47.195+0000][gc          ] GC(157) Pause Young (Normal) (G1 Evacuation Pause) 823M->219M(1024M) 16.425ms
[2025-12-24T15:33:47.195+0000][gc,cpu      ] GC(157) User=0.09s Sys=0.00s Real=0.02s
[2025-12-24T15:34:26.731+0000][gc,start    ] GC(158) Pause Young (Normal) (G1 Evacuation Pause)
[2025-12-24T15:34:26.732+0000][gc,task     ] GC(158) Using 8 workers of 8 for evacuation
[2025-12-24T15:34:26.749+0000][gc,phases   ] GC(158)   Pre Evacuate Collection Set: 1.2ms
[2025-12-24T15:34:26.750+0000][gc,phases   ] GC(158)   Merge Heap Roots: 0.4ms
[2025-12-24T15:34:26.750+0000][gc,phases   ] GC(158)   Evacuate Collection Set: 13.0ms
[2025-12-24T15:34:26.750+0000][gc,phases   ] GC(158)   Post Evacuate Collection Set: 2.3ms
[2025-12-24T15:34:26.750+0000][gc,phases   ] GC(158)   Other: 0.3ms
[2025-12-24T15:34:26.750+0000][gc,heap     ] GC(158) Eden regions: 604->0(605)
[2025-12-24T15:34:26.750+0000][gc,heap     ] GC(158) Survivor regions: 10->9(77)
[2025-12-24T15:34:26.750+0000][gc,heap     ] GC(158) Old regions: 61->62
[2025-12-24T15:34:26.750+0000][gc,heap     ] GC(158) Humongous regions: 149->149
[2025-12-24T15:34:26.751+0000][gc,metaspace] GC(158) Metaspace: 15662K(16064K)->15662K(16064K) NonClass: 13953K(14080K)->13953K(14080K) Class: 1708K(1984K)->1708K(1984K)
[2025-12-24T15:34:26.751+0000][gc          ] GC(158) Pause Young (Normal) (G1 Evacuation Pause) 823M->219M(1024M) 19.668ms
[2025-12-24T15:34:26.751+0000][gc,cpu      ] GC(158) User=0.11s Sys=0.01s Real=0.02s
[2025-12-24T15:34:56.919+0000][gc,start    ] GC(159) Pause Young (Normal) (G1 Evacuation Pause)
[2025-12-24T15:34:56.919+0000][gc,task     ] GC(159) Using 8 workers of 8 for evacuation
[2025-12-24T15:34:56.934+0000][gc,phases   ] GC(159)   Pre Evacuate Collection Set: 1.1ms
[2025-12-24T15:34:56.935+0000][gc,phases   ] GC(159)   Merge Heap Roots: 0.3ms
[2025-12-24T15:34:56.935+0000][gc,phases   ] GC(159)   Evacuate Collection Set: 11.8ms
[2025-12-24T15:34:56.935+0000][gc,phases   ] GC(159)   Post Evacuate Collection Set: 1.8ms
[2025-12-24T15:34:56.935+0000][gc,phases   ] GC(159)   Other: 0.2ms
[2025-12-24T15:34:56.935+0000][gc,heap     ] GC(159) Eden regions: 605->0(603)
[2025-12-24T15:34:56.935+0000][gc,heap     ] GC(159) Survivor regions: 9->11(77)
[2025-12-24T15:34:56.935+0000][gc,heap     ] GC(159) Old regions: 62->62
[2025-12-24T15:34:56.935+0000][gc,heap     ] GC(159) Humongous regions: 149->149
[2025-12-24T15:34:56.935+0000][gc,metaspace] GC(159) Metaspace: 15662K(16064K)->15662K(16064K) NonClass: 13953K(14080K)->13953K(14080K) Class: 1708K(1984K)->1708K(1984K)
[2025-12-24T15:34:56.935+0000][gc          ] GC(159) Pause Young (Normal) (G1 Evacuation Pause) 824M->220M(1024M) 16.226ms
[2025-12-24T15:34:56.935+0000][gc,cpu      ] GC(159) User=0.09s Sys=0.00s Real=0.02s
[2025-12-24T15:35:27.100+0000][gc,start    ] GC(160) Pause Young (Normal) (G1 Evacuation Pause)
[2025-12-24T15:35:27.100+0000][gc,task     ] GC(160) Using 8 workers of 8 for evacuation
[2025-12-24T15:35:27.121+0000][gc,phases   ] GC(160)   Pre Evacuate Collection Set: 1.8ms
[2025-12-24T15:35:27.121+0000][gc,phases   ] GC(160)   Merge Heap Roots: 2.3ms
[2025-12-24T15:35:27.121+0000][gc,phases   ] GC(160)   Evacuate Collection Set: 9.1ms
[2025-12-24T15:35:27.121+0000][gc,phases   ] GC(160)   Post Evacuate Collection Set: 7.1ms
[2025-12-24T15:35:27.121+0000][gc,phases   ] GC(160)   Other: 0.3ms
[2025-12-24T15:35:27.121+0000][gc,heap     ] GC(160) Eden regions: 603->0(606)
[2025-12-24T15:35:27.121+0000][gc,heap     ] GC(160) Survivor regions: 11->8(77)
[2025-12-24T15:35:27.121+0000][gc,heap     ] GC(160) Old regions: 62->62
[2025-12-24T15:35:27.121+0000][gc,heap     ] GC(160) Humongous regions: 149->149
[2025-12-24T15:35:27.121+0000][gc,metaspace] GC(160) Metaspace: 15662K(16064K)->15662K(16064K) NonClass: 13953K(14080K)->13953K(14080K) Class: 1708K(1984K)->1708K(1984K)
[2025-12-24T15:35:27.121+0000][gc          ] GC(160) Pause Young (Normal) (G1 Evacuation Pause) 823M->218M(1024M) 21.916ms
[2025-12-24T15:35:27.122+0000][gc,cpu      ] GC(160) User=0.11s Sys=0.00s Real=0.02s
[2025-12-24T15:36:06.714+0000][gc,start    ] GC(161) Pause Young (Normal) (G1 Evacuation Pause)
[2025-12-24T15:36:06.716+0000][gc,task     ] GC(161) Using 8 workers of 8 for evacuation
[2025-12-24T15:36:06.739+0000][gc,phases   ] GC(161)   Pre Evacuate Collection Set: 1.2ms
[2025-12-24T15:36:06.739+0000][gc,phases   ] GC(161)   Merge Heap Roots: 0.6ms
[2025-12-24T15:36:06.739+0000][gc,phases   ] GC(161)   Evacuate Collection Set: 20.2ms
[2025-12-24T15:36:06.739+0000][gc,phases   ] GC(161)   Post Evacuate Collection Set: 1.1ms
[2025-12-24T15:36:06.739+0000][gc,phases   ] GC(161)   Other: 0.2ms
[2025-12-24T15:36:06.739+0000][gc,heap     ] GC(161) Eden regions: 606->0(607)
[2025-12-24T15:36:06.739+0000][gc,heap     ] GC(161) Survivor regions: 8->7(77)
[2025-12-24T15:36:06.739+0000][gc,heap     ] GC(161) Old regions: 62->63
[2025-12-24T15:36:06.739+0000][gc,heap     ] GC(161) Humongous regions: 149->149
[2025-12-24T15:36:06.739+0000][gc,metaspace] GC(161) Metaspace: 15662K(16064K)->15662K(16064K) NonClass: 13953K(14080K)->13953K(14080K) Class: 1708K(1984K)->1708K(1984K)
[2025-12-24T15:36:06.740+0000][gc          ] GC(161) Pause Young (Normal) (G1 Evacuation Pause) 824M->218M(1024M) 25.424ms
[2025-12-24T15:36:06.740+0000][gc,cpu      ] GC(161) User=0.08s Sys=0.03s Real=0.03s
[2025-12-24T15:36:36.872+0000][gc,start    ] GC(162) Pause Young (Normal) (G1 Evacuation Pause)
[2025-12-24T15:36:36.872+0000][gc,task     ] GC(162) Using 8 workers of 8 for evacuation
[2025-12-24T15:36:36.895+0000][gc,phases   ] GC(162)   Pre Evacuate Collection Set: 1.6ms
[2025-12-24T15:36:36.895+0000][gc,phases   ] GC(162)   Merge Heap Roots: 2.7ms
[2025-12-24T15:36:36.895+0000][gc,phases   ] GC(162)   Evacuate Collection Set: 15.9ms
[2025-12-24T15:36:36.895+0000][gc,phases   ] GC(162)   Post Evacuate Collection Set: 1.7ms
[2025-12-24T15:36:36.895+0000][gc,phases   ] GC(162)   Other: 0.7ms
[2025-12-24T15:36:36.895+0000][gc,heap     ] GC(162) Eden regions: 607->0(605)
[2025-12-24T15:36:36.896+0000][gc,heap     ] GC(162) Survivor regions: 7->9(77)
[2025-12-24T15:36:36.896+0000][gc,heap     ] GC(162) Old regions: 63->63
[2025-12-24T15:36:36.896+0000][gc,heap     ] GC(162) Humongous regions: 149->149
[2025-12-24T15:36:36.896+0000][gc,metaspace] GC(162) Metaspace: 15662K(16064K)->15662K(16064K) NonClass: 13953K(14080K)->13953K(14080K) Class: 1708K(1984K)->1708K(1984K)
[2025-12-24T15:36:36.896+0000][gc          ] GC(162) Pause Young (Normal) (G1 Evacuation Pause) 825M->220M(1024M) 24.098ms
[2025-12-24T15:36:36.896+0000][gc,cpu      ] GC(162) User=0.15s Sys=0.00s Real=0.02s
[2025-12-24T15:37:07.092+0000][gc,start    ] GC(163) Pause Young (Normal) (G1 Evacuation Pause)
[2025-12-24T15:37:07.093+0000][gc,task     ] GC(163) Using 8 workers of 8 for evacuation
[2025-12-24T15:37:07.106+0000][gc,phases   ] GC(163)   Pre Evacuate Collection Set: 1.0ms
[2025-12-24T15:37:07.107+0000][gc,phases   ] GC(163)   Merge Heap Roots: 0.3ms
[2025-12-24T15:37:07.107+0000][gc,phases   ] GC(163)   Evacuate Collection Set: 10.7ms
[2025-12-24T15:37:07.107+0000][gc,phases   ] GC(163)   Post Evacuate Collection Set: 1.0ms
[2025-12-24T15:37:07.107+0000][gc,phases   ] GC(163)   Other: 0.3ms
[2025-12-24T15:37:07.107+0000][gc,heap     ] GC(163) Eden regions: 605->0(603)
[2025-12-24T15:37:07.107+0000][gc,heap     ] GC(163) Survivor regions: 9->11(77)
[2025-12-24T15:37:07.107+0000][gc,heap     ] GC(163) Old regions: 63->63
[2025-12-24T15:37:07.107+0000][gc,heap     ] GC(163) Humongous regions: 149->149
[2025-12-24T15:37:07.107+0000][gc,metaspace] GC(163) Metaspace: 15662K(16064K)->15662K(16064K) NonClass: 13953K(14080K)->13953K(14080K) Class: 1708K(1984K)->1708K(1984K)
[2025-12-24T15:37:07.107+0000][gc          ] GC(163) Pause Young (Normal) (G1 Evacuation Pause) 825M->222M(1024M) 15.060ms
[2025-12-24T15:37:07.107+0000][gc,cpu      ] GC(163) User=0.08s Sys=0.00s Real=0.02s
[2025-12-24T15:37:46.823+0000][gc,start    ] GC(164) Pause Young (Normal) (G1 Evacuation Pause)
[2025-12-24T15:37:46.824+0000][gc,task     ] GC(164) Using 8 workers of 8 for evacuation
[2025-12-24T15:37:46.850+0000][gc,phases   ] GC(164)   Pre Evacuate Collection Set: 1.3ms
[2025-12-24T15:37:46.850+0000][gc,phases   ] GC(164)   Merge Heap Roots: 1.6ms
[2025-12-24T15:37:46.850+0000][gc,phases   ] GC(164)   Evacuate Collection Set: 15.8ms
[2025-12-24T15:37:46.851+0000][gc,phases   ] GC(164)   Post Evacuate Collection Set: 6.5ms
[2025-12-24T15:37:46.851+0000][gc,phases   ] GC(164)   Other: 0.7ms
[2025-12-24T15:37:46.851+0000][gc,heap     ] GC(164) Eden regions: 603->0(605)
[2025-12-24T15:37:46.851+0000][gc,heap     ] GC(164) Survivor regions: 11->9(77)
[2025-12-24T15:37:46.851+0000][gc,heap     ] GC(164) Old regions: 63->64
[2025-12-24T15:37:46.851+0000][gc,heap     ] GC(164) Humongous regions: 149->149
[2025-12-24T15:37:46.851+0000][gc,metaspace] GC(164) Metaspace: 15662K(16064K)->15662K(16064K) NonClass: 13953K(14080K)->13953K(14080K) Class: 1708K(1984K)->1708K(1984K)
[2025-12-24T15:37:46.851+0000][gc          ] GC(164) Pause Young (Normal) (G1 Evacuation Pause) 825M->221M(1024M) 27.748ms
[2025-12-24T15:37:46.851+0000][gc,cpu      ] GC(164) User=0.14s Sys=0.01s Real=0.03s
[2025-12-24T15:38:17.002+0000][gc,start    ] GC(165) Pause Young (Normal) (G1 Evacuation Pause)
[2025-12-24T15:38:17.003+0000][gc,task     ] GC(165) Using 8 workers of 8 for evacuation
[2025-12-24T15:38:17.020+0000][gc,phases   ] GC(165)   Pre Evacuate Collection Set: 1.9ms
[2025-12-24T15:38:17.020+0000][gc,phases   ] GC(165)   Merge Heap Roots: 1.1ms
[2025-12-24T15:38:17.020+0000][gc,phases   ] GC(165)   Evacuate Collection Set: 13.0ms
[2025-12-24T15:38:17.021+0000][gc,phases   ] GC(165)   Post Evacuate Collection Set: 1.2ms
[2025-12-24T15:38:17.021+0000][gc,phases   ] GC(165)   Other: 0.4ms
[2025-12-24T15:38:17.021+0000][gc,heap     ] GC(165) Eden regions: 605->0(606)
[2025-12-24T15:38:17.021+0000][gc,heap     ] GC(165) Survivor regions: 9->8(77)
[2025-12-24T15:38:17.021+0000][gc,heap     ] GC(165) Old regions: 64->64
[2025-12-24T15:38:17.021+0000][gc,heap     ] GC(165) Humongous regions: 149->149
[2025-12-24T15:38:17.021+0000][gc,metaspace] GC(165) Metaspace: 15662K(16064K)->15662K(16064K) NonClass: 13953K(14080K)->13953K(14080K) Class: 1708K(1984K)->1708K(1984K)
[2025-12-24T15:38:17.021+0000][gc          ] GC(165) Pause Young (Normal) (G1 Evacuation Pause) 826M->219M(1024M) 18.973ms
[2025-12-24T15:38:17.021+0000][gc,cpu      ] GC(165) User=0.10s Sys=0.00s Real=0.02s
[2025-12-24T15:38:47.259+0000][gc,start    ] GC(166) Pause Young (Normal) (G1 Evacuation Pause)
[2025-12-24T15:38:47.259+0000][gc,task     ] GC(166) Using 8 workers of 8 for evacuation
[2025-12-24T15:38:47.273+0000][gc,phases   ] GC(166)   Pre Evacuate Collection Set: 1.1ms
[2025-12-24T15:38:47.273+0000][gc,phases   ] GC(166)   Merge Heap Roots: 0.3ms
[2025-12-24T15:38:47.273+0000][gc,phases   ] GC(166)   Evacuate Collection Set: 10.3ms
[2025-12-24T15:38:47.273+0000][gc,phases   ] GC(166)   Post Evacuate Collection Set: 1.1ms
[2025-12-24T15:38:47.273+0000][gc,phases   ] GC(166)   Other: 0.3ms
[2025-12-24T15:38:47.273+0000][gc,heap     ] GC(166) Eden regions: 606->0(605)
[2025-12-24T15:38:47.273+0000][gc,heap     ] GC(166) Survivor regions: 8->9(77)
[2025-12-24T15:38:47.273+0000][gc,heap     ] GC(166) Old regions: 64->64
[2025-12-24T15:38:47.273+0000][gc,heap     ] GC(166) Humongous regions: 149->149
[2025-12-24T15:38:47.273+0000][gc,metaspace] GC(166) Metaspace: 15662K(16064K)->15662K(16064K) NonClass: 13953K(14080K)->13953K(14080K) Class: 1708K(1984K)->1708K(1984K)
[2025-12-24T15:38:47.273+0000][gc          ] GC(166) Pause Young (Normal) (G1 Evacuation Pause) 825M->221M(1024M) 14.665ms
[2025-12-24T15:38:47.274+0000][gc,cpu      ] GC(166) User=0.08s Sys=0.00s Real=0.01s
[2025-12-24T15:39:26.788+0000][gc,start    ] GC(167) Pause Young (Normal) (G1 Evacuation Pause)
[2025-12-24T15:39:26.789+0000][gc,task     ] GC(167) Using 8 workers of 8 for evacuation
[2025-12-24T15:39:26.831+0000][gc,phases   ] GC(167)   Pre Evacuate Collection Set: 3.2ms
[2025-12-24T15:39:26.831+0000][gc,phases   ] GC(167)   Merge Heap Roots: 1.0ms
[2025-12-24T15:39:26.832+0000][gc,phases   ] GC(167)   Evacuate Collection Set: 35.4ms
[2025-12-24T15:39:26.832+0000][gc,phases   ] GC(167)   Post Evacuate Collection Set: 2.2ms
[2025-12-24T15:39:26.832+0000][gc,phases   ] GC(167)   Other: 0.7ms
[2025-12-24T15:39:26.832+0000][gc,heap     ] GC(167) Eden regions: 605->0(606)
[2025-12-24T15:39:26.832+0000][gc,heap     ] GC(167) Survivor regions: 9->8(77)
[2025-12-24T15:39:26.832+0000][gc,heap     ] GC(167) Old regions: 64->65
[2025-12-24T15:39:26.833+0000][gc,heap     ] GC(167) Humongous regions: 149->149
[2025-12-24T15:39:26.833+0000][gc,metaspace] GC(167) Metaspace: 15662K(16064K)->15662K(16064K) NonClass: 13953K(14080K)->13953K(14080K) Class: 1708K(1984K)->1708K(1984K)
[2025-12-24T15:39:26.833+0000][gc          ] GC(167) Pause Young (Normal) (G1 Evacuation Pause) 826M->220M(1024M) 45.339ms
[2025-12-24T15:39:26.833+0000][gc,cpu      ] GC(167) User=0.19s Sys=0.04s Real=0.04s
[2025-12-24T15:39:56.973+0000][gc,start    ] GC(168) Pause Young (Normal) (G1 Evacuation Pause)
[2025-12-24T15:39:56.973+0000][gc,task     ] GC(168) Using 8 workers of 8 for evacuation
[2025-12-24T15:39:56.992+0000][gc,phases   ] GC(168)   Pre Evacuate Collection Set: 2.2ms
[2025-12-24T15:39:56.993+0000][gc,phases   ] GC(168)   Merge Heap Roots: 1.4ms
[2025-12-24T15:39:56.993+0000][gc,phases   ] GC(168)   Evacuate Collection Set: 13.9ms
[2025-12-24T15:39:56.993+0000][gc,phases   ] GC(168)   Post Evacuate Collection Set: 1.3ms
[2025-12-24T15:39:56.993+0000][gc,phases   ] GC(168)   Other: 0.4ms
[2025-12-24T15:39:56.993+0000][gc,heap     ] GC(168) Eden regions: 606->0(605)
[2025-12-24T15:39:56.993+0000][gc,heap     ] GC(168) Survivor regions: 8->9(77)
[2025-12-24T15:39:56.993+0000][gc,heap     ] GC(168) Old regions: 65->65
[2025-12-24T15:39:56.993+0000][gc,heap     ] GC(168) Humongous regions: 149->149
[2025-12-24T15:39:56.993+0000][gc,metaspace] GC(168) Metaspace: 15662K(16064K)->15662K(16064K) NonClass: 13953K(14080K)->13953K(14080K) Class: 1708K(1984K)->1708K(1984K)
[2025-12-24T15:39:56.993+0000][gc          ] GC(168) Pause Young (Normal) (G1 Evacuation Pause) 826M->222M(1024M) 20.549ms
[2025-12-24T15:39:56.993+0000][gc,cpu      ] GC(168) User=0.12s Sys=0.00s Real=0.02s
[2025-12-24T15:40:27.170+0000][gc,start    ] GC(169) Pause Young (Normal) (G1 Evacuation Pause)
[2025-12-24T15:40:27.170+0000][gc,task     ] GC(169) Using 8 workers of 8 for evacuation
[2025-12-24T15:40:27.185+0000][gc,phases   ] GC(169)   Pre Evacuate Collection Set: 1.0ms
[2025-12-24T15:40:27.186+0000][gc,phases   ] GC(169)   Merge Heap Roots: 0.3ms
[2025-12-24T15:40:27.186+0000][gc,phases   ] GC(169)   Evacuate Collection Set: 12.2ms
[2025-12-24T15:40:27.186+0000][gc,phases   ] GC(169)   Post Evacuate Collection Set: 1.2ms
[2025-12-24T15:40:27.186+0000][gc,phases   ] GC(169)   Other: 0.2ms
[2025-12-24T15:40:27.186+0000][gc,heap     ] GC(169) Eden regions: 605->0(603)
[2025-12-24T15:40:27.186+0000][gc,heap     ] GC(169) Survivor regions: 9->11(77)
[2025-12-24T15:40:27.186+0000][gc,heap     ] GC(169) Old regions: 65->65
[2025-12-24T15:40:27.186+0000][gc,heap     ] GC(169) Humongous regions: 149->149
[2025-12-24T15:40:27.186+0000][gc,metaspace] GC(169) Metaspace: 15662K(16064K)->15662K(16064K) NonClass: 13953K(14080K)->13953K(14080K) Class: 1708K(1984K)->1708K(1984K)
[2025-12-24T15:40:27.186+0000][gc          ] GC(169) Pause Young (Normal) (G1 Evacuation Pause) 827M->224M(1024M) 16.131ms
[2025-12-24T15:40:27.186+0000][gc,cpu      ] GC(169) User=0.10s Sys=0.00s Real=0.02s
[2025-12-24T15:41:06.751+0000][gc,start    ] GC(170) Pause Young (Normal) (G1 Evacuation Pause)
[2025-12-24T15:41:06.752+0000][gc,task     ] GC(170) Using 8 workers of 8 for evacuation
[2025-12-24T15:41:06.782+0000][gc,phases   ] GC(170)   Pre Evacuate Collection Set: 2.1ms
[2025-12-24T15:41:06.782+0000][gc,phases   ] GC(170)   Merge Heap Roots: 0.6ms
[2025-12-24T15:41:06.782+0000][gc,phases   ] GC(170)   Evacuate Collection Set: 23.1ms
[2025-12-24T15:41:06.783+0000][gc,phases   ] GC(170)   Post Evacuate Collection Set: 2.9ms
[2025-12-24T15:41:06.783+0000][gc,phases   ] GC(170)   Other: 0.7ms
[2025-12-24T15:41:06.783+0000][gc,heap     ] GC(170) Eden regions: 603->0(607)
[2025-12-24T15:41:06.783+0000][gc,heap     ] GC(170) Survivor regions: 11->7(77)
[2025-12-24T15:41:06.783+0000][gc,heap     ] GC(170) Old regions: 65->66
[2025-12-24T15:41:06.783+0000][gc,heap     ] GC(170) Humongous regions: 149->149
[2025-12-24T15:41:06.784+0000][gc,metaspace] GC(170) Metaspace: 15664K(16064K)->15664K(16064K) NonClass: 13955K(14080K)->13955K(14080K) Class: 1708K(1984K)->1708K(1984K)
[2025-12-24T15:41:06.784+0000][gc          ] GC(170) Pause Young (Normal) (G1 Evacuation Pause) 827M->220M(1024M) 33.096ms
[2025-12-24T15:41:06.784+0000][gc,cpu      ] GC(170) User=0.17s Sys=0.02s Real=0.04s
[2025-12-24T15:41:37.111+0000][gc,start    ] GC(171) Pause Young (Normal) (G1 Evacuation Pause)
[2025-12-24T15:41:37.112+0000][gc,task     ] GC(171) Using 8 workers of 8 for evacuation
[2025-12-24T15:41:37.129+0000][gc,phases   ] GC(171)   Pre Evacuate Collection Set: 4.5ms
[2025-12-24T15:41:37.129+0000][gc,phases   ] GC(171)   Merge Heap Roots: 0.3ms
[2025-12-24T15:41:37.129+0000][gc,phases   ] GC(171)   Evacuate Collection Set: 10.4ms
[2025-12-24T15:41:37.129+0000][gc,phases   ] GC(171)   Post Evacuate Collection Set: 1.3ms
[2025-12-24T15:41:37.129+0000][gc,phases   ] GC(171)   Other: 0.4ms
[2025-12-24T15:41:37.129+0000][gc,heap     ] GC(171) Eden regions: 607->0(606)
[2025-12-24T15:41:37.129+0000][gc,heap     ] GC(171) Survivor regions: 7->8(77)
[2025-12-24T15:41:37.129+0000][gc,heap     ] GC(171) Old regions: 66->66
[2025-12-24T15:41:37.129+0000][gc,heap     ] GC(171) Humongous regions: 149->149
[2025-12-24T15:41:37.129+0000][gc,metaspace] GC(171) Metaspace: 15667K(16064K)->15667K(16064K) NonClass: 13959K(14080K)->13959K(14080K) Class: 1708K(1984K)->1708K(1984K)
[2025-12-24T15:41:37.129+0000][gc          ] GC(171) Pause Young (Normal) (G1 Evacuation Pause) 827M->222M(1024M) 18.123ms
[2025-12-24T15:41:37.129+0000][gc,cpu      ] GC(171) User=0.09s Sys=0.01s Real=0.01s
[2025-12-24T15:42:07.163+0000][gc,start    ] GC(172) Pause Young (Normal) (G1 Evacuation Pause)
[2025-12-24T15:42:07.164+0000][gc,task     ] GC(172) Using 8 workers of 8 for evacuation
[2025-12-24T15:42:07.182+0000][gc,phases   ] GC(172)   Pre Evacuate Collection Set: 4.0ms
[2025-12-24T15:42:07.182+0000][gc,phases   ] GC(172)   Merge Heap Roots: 0.4ms
[2025-12-24T15:42:07.182+0000][gc,phases   ] GC(172)   Evacuate Collection Set: 11.0ms
[2025-12-24T15:42:07.182+0000][gc,phases   ] GC(172)   Post Evacuate Collection Set: 1.9ms
[2025-12-24T15:42:07.182+0000][gc,phases   ] GC(172)   Other: 1.2ms
[2025-12-24T15:42:07.182+0000][gc,heap     ] GC(172) Eden regions: 606->0(604)
[2025-12-24T15:42:07.182+0000][gc,heap     ] GC(172) Survivor regions: 8->10(77)
[2025-12-24T15:42:07.182+0000][gc,heap     ] GC(172) Old regions: 66->66
[2025-12-24T15:42:07.182+0000][gc,heap     ] GC(172) Humongous regions: 149->149
[2025-12-24T15:42:07.182+0000][gc,metaspace] GC(172) Metaspace: 15667K(16064K)->15667K(16064K) NonClass: 13959K(14080K)->13959K(14080K) Class: 1708K(1984K)->1708K(1984K)
[2025-12-24T15:42:07.182+0000][gc          ] GC(172) Pause Young (Normal) (G1 Evacuation Pause) 828M->224M(1024M) 19.722ms
[2025-12-24T15:42:07.182+0000][gc,cpu      ] GC(172) User=0.09s Sys=0.01s Real=0.02s
[2025-12-24T15:42:37.305+0000][gc,start    ] GC(173) Pause Young (Normal) (G1 Evacuation Pause)
[2025-12-24T15:42:37.306+0000][gc,task     ] GC(173) Using 8 workers of 8 for evacuation
[2025-12-24T15:42:37.333+0000][gc,phases   ] GC(173)   Pre Evacuate Collection Set: 3.0ms
[2025-12-24T15:42:37.333+0000][gc,phases   ] GC(173)   Merge Heap Roots: 0.9ms
[2025-12-24T15:42:37.333+0000][gc,phases   ] GC(173)   Evacuate Collection Set: 16.1ms
[2025-12-24T15:42:37.333+0000][gc,phases   ] GC(173)   Post Evacuate Collection Set: 4.3ms
[2025-12-24T15:42:37.333+0000][gc,phases   ] GC(173)   Other: 1.8ms
[2025-12-24T15:42:37.333+0000][gc,heap     ] GC(173) Eden regions: 604->0(604)
[2025-12-24T15:42:37.333+0000][gc,heap     ] GC(173) Survivor regions: 10->10(77)
[2025-12-24T15:42:37.333+0000][gc,heap     ] GC(173) Old regions: 66->67
[2025-12-24T15:42:37.333+0000][gc,heap     ] GC(173) Humongous regions: 149->149
[2025-12-24T15:42:37.335+0000][gc,metaspace] GC(173) Metaspace: 15668K(16064K)->15668K(16064K) NonClass: 13959K(14080K)->13959K(14080K) Class: 1708K(1984K)->1708K(1984K)
[2025-12-24T15:42:37.335+0000][gc          ] GC(173) Pause Young (Normal) (G1 Evacuation Pause) 828M->225M(1024M) 29.628ms
[2025-12-24T15:42:37.335+0000][gc,cpu      ] GC(173) User=0.13s Sys=0.04s Real=0.03s
[2025-12-24T15:43:16.941+0000][gc,start    ] GC(174) Pause Young (Normal) (G1 Evacuation Pause)
[2025-12-24T15:43:16.948+0000][gc,task     ] GC(174) Using 8 workers of 8 for evacuation
[2025-12-24T15:43:16.973+0000][gc,phases   ] GC(174)   Pre Evacuate Collection Set: 1.4ms
[2025-12-24T15:43:16.973+0000][gc,phases   ] GC(174)   Merge Heap Roots: 1.4ms
[2025-12-24T15:43:16.973+0000][gc,phases   ] GC(174)   Evacuate Collection Set: 18.1ms
[2025-12-24T15:43:16.973+0000][gc,phases   ] GC(174)   Post Evacuate Collection Set: 2.8ms
[2025-12-24T15:43:16.973+0000][gc,phases   ] GC(174)   Other: 0.6ms
[2025-12-24T15:43:16.973+0000][gc,heap     ] GC(174) Eden regions: 604->0(604)
[2025-12-24T15:43:16.973+0000][gc,heap     ] GC(174) Survivor regions: 10->10(77)
[2025-12-24T15:43:16.973+0000][gc,heap     ] GC(174) Old regions: 67->67
[2025-12-24T15:43:16.973+0000][gc,heap     ] GC(174) Humongous regions: 149->149
[2025-12-24T15:43:16.973+0000][gc,metaspace] GC(174) Metaspace: 15668K(16064K)->15668K(16064K) NonClass: 13959K(14080K)->13959K(14080K) Class: 1708K(1984K)->1708K(1984K)
[2025-12-24T15:43:16.974+0000][gc          ] GC(174) Pause Young (Normal) (G1 Evacuation Pause) 829M->225M(1024M) 32.648ms
[2025-12-24T15:43:16.974+0000][gc,cpu      ] GC(174) User=0.13s Sys=0.01s Real=0.03s
[2025-12-24T15:43:47.135+0000][gc,start    ] GC(175) Pause Young (Normal) (G1 Evacuation Pause)
[2025-12-24T15:43:47.136+0000][gc,task     ] GC(175) Using 8 workers of 8 for evacuation
[2025-12-24T15:43:47.151+0000][gc,phases   ] GC(175)   Pre Evacuate Collection Set: 1.1ms
[2025-12-24T15:43:47.151+0000][gc,phases   ] GC(175)   Merge Heap Roots: 0.3ms
[2025-12-24T15:43:47.151+0000][gc,phases   ] GC(175)   Evacuate Collection Set: 11.7ms
[2025-12-24T15:43:47.151+0000][gc,phases   ] GC(175)   Post Evacuate Collection Set: 1.2ms
[2025-12-24T15:43:47.151+0000][gc,phases   ] GC(175)   Other: 0.3ms
[2025-12-24T15:43:47.151+0000][gc,heap     ] GC(175) Eden regions: 604->0(606)
[2025-12-24T15:43:47.151+0000][gc,heap     ] GC(175) Survivor regions: 10->8(77)
[2025-12-24T15:43:47.151+0000][gc,heap     ] GC(175) Old regions: 67->67
[2025-12-24T15:43:47.151+0000][gc,heap     ] GC(175) Humongous regions: 149->149
[2025-12-24T15:43:47.151+0000][gc,metaspace] GC(175) Metaspace: 15668K(16064K)->15668K(16064K) NonClass: 13959K(14080K)->13959K(14080K) Class: 1708K(1984K)->1708K(1984K)
[2025-12-24T15:43:47.151+0000][gc          ] GC(175) Pause Young (Normal) (G1 Evacuation Pause) 829M->223M(1024M) 15.961ms
[2025-12-24T15:43:47.151+0000][gc,cpu      ] GC(175) User=0.10s Sys=0.00s Real=0.02s
[2025-12-24T15:44:17.426+0000][gc,start    ] GC(176) Pause Young (Normal) (G1 Evacuation Pause)
[2025-12-24T15:44:17.428+0000][gc,task     ] GC(176) Using 8 workers of 8 for evacuation
[2025-12-24T15:44:17.448+0000][gc,phases   ] GC(176)   Pre Evacuate Collection Set: 1.4ms
[2025-12-24T15:44:17.449+0000][gc,phases   ] GC(176)   Merge Heap Roots: 0.3ms
[2025-12-24T15:44:17.449+0000][gc,phases   ] GC(176)   Evacuate Collection Set: 14.8ms
[2025-12-24T15:44:17.449+0000][gc,phases   ] GC(176)   Post Evacuate Collection Set: 3.4ms
[2025-12-24T15:44:17.449+0000][gc,phases   ] GC(176)   Other: 0.4ms
[2025-12-24T15:44:17.449+0000][gc,heap     ] GC(176) Eden regions: 606->0(605)
[2025-12-24T15:44:17.449+0000][gc,heap     ] GC(176) Survivor regions: 8->9(77)
[2025-12-24T15:44:17.449+0000][gc,heap     ] GC(176) Old regions: 67->68
[2025-12-24T15:44:17.449+0000][gc,heap     ] GC(176) Humongous regions: 149->149
[2025-12-24T15:44:17.450+0000][gc,metaspace] GC(176) Metaspace: 15668K(16064K)->15668K(16064K) NonClass: 13960K(14080K)->13960K(14080K) Class: 1708K(1984K)->1708K(1984K)
[2025-12-24T15:44:17.450+0000][gc          ] GC(176) Pause Young (Normal) (G1 Evacuation Pause) 829M->224M(1024M) 24.287ms
[2025-12-24T15:44:17.450+0000][gc,cpu      ] GC(176) User=0.09s Sys=0.00s Real=0.02s
[2025-12-24T15:44:56.918+0000][gc,start    ] GC(177) Pause Young (Normal) (G1 Evacuation Pause)
[2025-12-24T15:44:56.918+0000][gc,task     ] GC(177) Using 8 workers of 8 for evacuation
[2025-12-24T15:44:56.937+0000][gc,phases   ] GC(177)   Pre Evacuate Collection Set: 1.2ms
[2025-12-24T15:44:56.937+0000][gc,phases   ] GC(177)   Merge Heap Roots: 0.3ms
[2025-12-24T15:44:56.937+0000][gc,phases   ] GC(177)   Evacuate Collection Set: 10.7ms
[2025-12-24T15:44:56.937+0000][gc,phases   ] GC(177)   Post Evacuate Collection Set: 5.5ms
[2025-12-24T15:44:56.937+0000][gc,phases   ] GC(177)   Other: 0.7ms
[2025-12-24T15:44:56.937+0000][gc,heap     ] GC(177) Eden regions: 605->0(605)
[2025-12-24T15:44:56.937+0000][gc,heap     ] GC(177) Survivor regions: 9->9(77)
[2025-12-24T15:44:56.937+0000][gc,heap     ] GC(177) Old regions: 68->68
[2025-12-24T15:44:56.937+0000][gc,heap     ] GC(177) Humongous regions: 149->149
[2025-12-24T15:44:56.937+0000][gc,metaspace] GC(177) Metaspace: 15680K(16128K)->15680K(16128K) NonClass: 13971K(14144K)->13971K(14144K) Class: 1708K(1984K)->1708K(1984K)
[2025-12-24T15:44:56.938+0000][gc          ] GC(177) Pause Young (Normal) (G1 Evacuation Pause) 829M->224M(1024M) 19.959ms
[2025-12-24T15:44:56.938+0000][gc,cpu      ] GC(177) User=0.10s Sys=0.00s Real=0.02s
[2025-12-24T15:45:27.096+0000][gc,start    ] GC(178) Pause Young (Normal) (G1 Evacuation Pause)
[2025-12-24T15:45:27.096+0000][gc,task     ] GC(178) Using 8 workers of 8 for evacuation
[2025-12-24T15:45:27.112+0000][gc,phases   ] GC(178)   Pre Evacuate Collection Set: 1.3ms
[2025-12-24T15:45:27.112+0000][gc,phases   ] GC(178)   Merge Heap Roots: 0.3ms
[2025-12-24T15:45:27.112+0000][gc,phases   ] GC(178)   Evacuate Collection Set: 12.1ms
[2025-12-24T15:45:27.112+0000][gc,phases   ] GC(178)   Post Evacuate Collection Set: 1.3ms
[2025-12-24T15:45:27.112+0000][gc,phases   ] GC(178)   Other: 0.4ms
[2025-12-24T15:45:27.112+0000][gc,heap     ] GC(178) Eden regions: 605->0(604)
[2025-12-24T15:45:27.112+0000][gc,heap     ] GC(178) Survivor regions: 9->10(77)
[2025-12-24T15:45:27.112+0000][gc,heap     ] GC(178) Old regions: 68->68
[2025-12-24T15:45:27.112+0000][gc,heap     ] GC(178) Humongous regions: 149->149
[2025-12-24T15:45:27.112+0000][gc,metaspace] GC(178) Metaspace: 15680K(16128K)->15680K(16128K) NonClass: 13972K(14144K)->13972K(14144K) Class: 1708K(1984K)->1708K(1984K)
[2025-12-24T15:45:27.112+0000][gc          ] GC(178) Pause Young (Normal) (G1 Evacuation Pause) 829M->226M(1024M) 16.649ms
[2025-12-24T15:45:27.112+0000][gc,cpu      ] GC(178) User=0.08s Sys=0.00s Real=0.01s
[2025-12-24T15:45:57.284+0000][gc,start    ] GC(179) Pause Young (Normal) (G1 Evacuation Pause)
[2025-12-24T15:45:57.284+0000][gc,task     ] GC(179) Using 8 workers of 8 for evacuation
[2025-12-24T15:45:57.306+0000][gc,phases   ] GC(179)   Pre Evacuate Collection Set: 1.0ms
[2025-12-24T15:45:57.306+0000][gc,phases   ] GC(179)   Merge Heap Roots: 0.3ms
[2025-12-24T15:45:57.306+0000][gc,phases   ] GC(179)   Evacuate Collection Set: 19.1ms
[2025-12-24T15:45:57.306+0000][gc,phases   ] GC(179)   Post Evacuate Collection Set: 1.2ms
[2025-12-24T15:45:57.307+0000][gc,phases   ] GC(179)   Other: 0.3ms
[2025-12-24T15:45:57.307+0000][gc,heap     ] GC(179) Eden regions: 604->0(603)
[2025-12-24T15:45:57.307+0000][gc,heap     ] GC(179) Survivor regions: 10->11(77)
[2025-12-24T15:45:57.307+0000][gc,heap     ] GC(179) Old regions: 68->69
[2025-12-24T15:45:57.307+0000][gc,heap     ] GC(179) Humongous regions: 149->149
[2025-12-24T15:45:57.307+0000][gc,metaspace] GC(179) Metaspace: 15680K(16128K)->15680K(16128K) NonClass: 13972K(14144K)->13972K(14144K) Class: 1708K(1984K)->1708K(1984K)
[2025-12-24T15:45:57.307+0000][gc          ] GC(179) Pause Young (Normal) (G1 Evacuation Pause) 830M->228M(1024M) 23.141ms
[2025-12-24T15:45:57.307+0000][gc,cpu      ] GC(179) User=0.15s Sys=0.02s Real=0.02s
[2025-12-24T15:46:36.877+0000][gc,start    ] GC(180) Pause Young (Normal) (G1 Evacuation Pause)
[2025-12-24T15:46:36.878+0000][gc,task     ] GC(180) Using 8 workers of 8 for evacuation
[2025-12-24T15:46:36.896+0000][gc,phases   ] GC(180)   Pre Evacuate Collection Set: 1.2ms
[2025-12-24T15:46:36.897+0000][gc,phases   ] GC(180)   Merge Heap Roots: 0.3ms
[2025-12-24T15:46:36.897+0000][gc,phases   ] GC(180)   Evacuate Collection Set: 15.0ms
[2025-12-24T15:46:36.897+0000][gc,phases   ] GC(180)   Post Evacuate Collection Set: 1.7ms
[2025-12-24T15:46:36.897+0000][gc,phases   ] GC(180)   Other: 0.4ms
[2025-12-24T15:46:36.897+0000][gc,heap     ] GC(180) Eden regions: 603->0(607)
[2025-12-24T15:46:36.897+0000][gc,heap     ] GC(180) Survivor regions: 11->7(77)
[2025-12-24T15:46:36.897+0000][gc,heap     ] GC(180) Old regions: 69->69
[2025-12-24T15:46:36.897+0000][gc,heap     ] GC(180) Humongous regions: 149->149
[2025-12-24T15:46:36.897+0000][gc,metaspace] GC(180) Metaspace: 15681K(16128K)->15681K(16128K) NonClass: 13972K(14144K)->13972K(14144K) Class: 1708K(1984K)->1708K(1984K)
[2025-12-24T15:46:36.897+0000][gc          ] GC(180) Pause Young (Normal) (G1 Evacuation Pause) 831M->224M(1024M) 20.064ms
[2025-12-24T15:46:36.897+0000][gc,cpu      ] GC(180) User=0.12s Sys=0.00s Real=0.02s
[2025-12-24T15:47:07.065+0000][gc,start    ] GC(181) Pause Young (Normal) (G1 Evacuation Pause)
[2025-12-24T15:47:07.065+0000][gc,task     ] GC(181) Using 8 workers of 8 for evacuation
[2025-12-24T15:47:07.076+0000][gc,phases   ] GC(181)   Pre Evacuate Collection Set: 1.1ms
[2025-12-24T15:47:07.076+0000][gc,phases   ] GC(181)   Merge Heap Roots: 0.3ms
[2025-12-24T15:47:07.076+0000][gc,phases   ] GC(181)   Evacuate Collection Set: 8.2ms
[2025-12-24T15:47:07.076+0000][gc,phases   ] GC(181)   Post Evacuate Collection Set: 1.0ms
[2025-12-24T15:47:07.077+0000][gc,phases   ] GC(181)   Other: 0.2ms
[2025-12-24T15:47:07.077+0000][gc,heap     ] GC(181) Eden regions: 607->0(606)
[2025-12-24T15:47:07.077+0000][gc,heap     ] GC(181) Survivor regions: 7->8(77)
[2025-12-24T15:47:07.077+0000][gc,heap     ] GC(181) Old regions: 69->69
[2025-12-24T15:47:07.077+0000][gc,heap     ] GC(181) Humongous regions: 149->149
[2025-12-24T15:47:07.077+0000][gc,metaspace] GC(181) Metaspace: 15681K(16128K)->15681K(16128K) NonClass: 13972K(14144K)->13972K(14144K) Class: 1708K(1984K)->1708K(1984K)
[2025-12-24T15:47:07.077+0000][gc          ] GC(181) Pause Young (Normal) (G1 Evacuation Pause) 831M->225M(1024M) 11.815ms
[2025-12-24T15:47:07.077+0000][gc,cpu      ] GC(181) User=0.05s Sys=0.00s Real=0.01s
[2025-12-24T15:47:37.241+0000][gc,start    ] GC(182) Pause Young (Normal) (G1 Evacuation Pause)
[2025-12-24T15:47:37.241+0000][gc,task     ] GC(182) Using 8 workers of 8 for evacuation
[2025-12-24T15:47:37.253+0000][gc,phases   ] GC(182)   Pre Evacuate Collection Set: 1.3ms
[2025-12-24T15:47:37.253+0000][gc,phases   ] GC(182)   Merge Heap Roots: 0.2ms
[2025-12-24T15:47:37.253+0000][gc,phases   ] GC(182)   Evacuate Collection Set: 8.9ms
[2025-12-24T15:47:37.253+0000][gc,phases   ] GC(182)   Post Evacuate Collection Set: 1.2ms
[2025-12-24T15:47:37.253+0000][gc,phases   ] GC(182)   Other: 0.2ms
[2025-12-24T15:47:37.253+0000][gc,heap     ] GC(182) Eden regions: 606->0(604)
[2025-12-24T15:47:37.253+0000][gc,heap     ] GC(182) Survivor regions: 8->10(77)
[2025-12-24T15:47:37.253+0000][gc,heap     ] GC(182) Old regions: 69->70
[2025-12-24T15:47:37.253+0000][gc,heap     ] GC(182) Humongous regions: 149->149
[2025-12-24T15:47:37.253+0000][gc,metaspace] GC(182) Metaspace: 15681K(16128K)->15681K(16128K) NonClass: 13972K(14144K)->13972K(14144K) Class: 1708K(1984K)->1708K(1984K)
[2025-12-24T15:47:37.254+0000][gc          ] GC(182) Pause Young (Normal) (G1 Evacuation Pause) 831M->227M(1024M) 12.940ms
[2025-12-24T15:47:37.254+0000][gc,cpu      ] GC(182) User=0.06s Sys=0.00s Real=0.01s
[2025-12-24T15:48:16.848+0000][gc,start    ] GC(183) Pause Young (Normal) (G1 Evacuation Pause)
[2025-12-24T15:48:16.848+0000][gc,task     ] GC(183) Using 8 workers of 8 for evacuation
[2025-12-24T15:48:16.860+0000][gc,phases   ] GC(183)   Pre Evacuate Collection Set: 1.1ms
[2025-12-24T15:48:16.860+0000][gc,phases   ] GC(183)   Merge Heap Roots: 0.3ms
[2025-12-24T15:48:16.860+0000][gc,phases   ] GC(183)   Evacuate Collection Set: 8.6ms
[2025-12-24T15:48:16.860+0000][gc,phases   ] GC(183)   Post Evacuate Collection Set: 1.1ms
[2025-12-24T15:48:16.860+0000][gc,phases   ] GC(183)   Other: 0.2ms
[2025-12-24T15:48:16.860+0000][gc,heap     ] GC(183) Eden regions: 604->0(605)
[2025-12-24T15:48:16.860+0000][gc,heap     ] GC(183) Survivor regions: 10->9(77)
[2025-12-24T15:48:16.860+0000][gc,heap     ] GC(183) Old regions: 70->70
[2025-12-24T15:48:16.860+0000][gc,heap     ] GC(183) Humongous regions: 149->149
[2025-12-24T15:48:16.860+0000][gc,metaspace] GC(183) Metaspace: 15681K(16128K)->15681K(16128K) NonClass: 13972K(14144K)->13972K(14144K) Class: 1708K(1984K)->1708K(1984K)
[2025-12-24T15:48:16.860+0000][gc          ] GC(183) Pause Young (Normal) (G1 Evacuation Pause) 831M->227M(1024M) 12.589ms
[2025-12-24T15:48:16.861+0000][gc,cpu      ] GC(183) User=0.07s Sys=0.00s Real=0.01s
[2025-12-24T15:48:47.078+0000][gc,start    ] GC(184) Pause Young (Normal) (G1 Evacuation Pause)
[2025-12-24T15:48:47.078+0000][gc,task     ] GC(184) Using 8 workers of 8 for evacuation
[2025-12-24T15:48:47.100+0000][gc,phases   ] GC(184)   Pre Evacuate Collection Set: 1.2ms
[2025-12-24T15:48:47.100+0000][gc,phases   ] GC(184)   Merge Heap Roots: 0.3ms
[2025-12-24T15:48:47.100+0000][gc,phases   ] GC(184)   Evacuate Collection Set: 18.4ms
[2025-12-24T15:48:47.100+0000][gc,phases   ] GC(184)   Post Evacuate Collection Set: 1.1ms
[2025-12-24T15:48:47.100+0000][gc,phases   ] GC(184)   Other: 0.4ms
[2025-12-24T15:48:47.100+0000][gc,heap     ] GC(184) Eden regions: 605->0(604)
[2025-12-24T15:48:47.100+0000][gc,heap     ] GC(184) Survivor regions: 9->10(77)
[2025-12-24T15:48:47.100+0000][gc,heap     ] GC(184) Old regions: 70->70
[2025-12-24T15:48:47.100+0000][gc,heap     ] GC(184) Humongous regions: 149->149
[2025-12-24T15:48:47.100+0000][gc,metaspace] GC(184) Metaspace: 15681K(16128K)->15681K(16128K) NonClass: 13972K(14144K)->13972K(14144K) Class: 1708K(1984K)->1708K(1984K)
[2025-12-24T15:48:47.101+0000][gc          ] GC(184) Pause Young (Normal) (G1 Evacuation Pause) 832M->228M(1024M) 22.858ms
[2025-12-24T15:48:47.101+0000][gc,cpu      ] GC(184) User=0.14s Sys=0.00s Real=0.03s
[2025-12-24T15:49:17.196+0000][gc,start    ] GC(185) Pause Young (Normal) (G1 Evacuation Pause)
[2025-12-24T15:49:17.196+0000][gc,task     ] GC(185) Using 8 workers of 8 for evacuation
[2025-12-24T15:49:17.216+0000][gc,phases   ] GC(185)   Pre Evacuate Collection Set: 3.4ms
[2025-12-24T15:49:17.217+0000][gc,phases   ] GC(185)   Merge Heap Roots: 1.8ms
[2025-12-24T15:49:17.217+0000][gc,phases   ] GC(185)   Evacuate Collection Set: 13.4ms
[2025-12-24T15:49:17.217+0000][gc,phases   ] GC(185)   Post Evacuate Collection Set: 1.2ms
[2025-12-24T15:49:17.217+0000][gc,phases   ] GC(185)   Other: 0.4ms
[2025-12-24T15:49:17.217+0000][gc,heap     ] GC(185) Eden regions: 604->0(606)
[2025-12-24T15:49:17.217+0000][gc,heap     ] GC(185) Survivor regions: 10->8(77)
[2025-12-24T15:49:17.217+0000][gc,heap     ] GC(185) Old regions: 70->71
[2025-12-24T15:49:17.217+0000][gc,heap     ] GC(185) Humongous regions: 149->149
[2025-12-24T15:49:17.217+0000][gc,metaspace] GC(185) Metaspace: 15681K(16128K)->15681K(16128K) NonClass: 13972K(14144K)->13972K(14144K) Class: 1708K(1984K)->1708K(1984K)
[2025-12-24T15:49:17.217+0000][gc          ] GC(185) Pause Young (Normal) (G1 Evacuation Pause) 832M->227M(1024M) 21.154ms
[2025-12-24T15:49:17.217+0000][gc,cpu      ] GC(185) User=0.13s Sys=0.00s Real=0.03s
[2025-12-24T15:49:56.830+0000][gc,start    ] GC(186) Pause Young (Normal) (G1 Evacuation Pause)
[2025-12-24T15:49:56.831+0000][gc,task     ] GC(186) Using 8 workers of 8 for evacuation
[2025-12-24T15:49:56.856+0000][gc,phases   ] GC(186)   Pre Evacuate Collection Set: 1.4ms
[2025-12-24T15:49:56.856+0000][gc,phases   ] GC(186)   Merge Heap Roots: 0.5ms
[2025-12-24T15:49:56.856+0000][gc,phases   ] GC(186)   Evacuate Collection Set: 21.0ms
[2025-12-24T15:49:56.856+0000][gc,phases   ] GC(186)   Post Evacuate Collection Set: 1.7ms
[2025-12-24T15:49:56.856+0000][gc,phases   ] GC(186)   Other: 0.4ms
[2025-12-24T15:49:56.856+0000][gc,heap     ] GC(186) Eden regions: 606->0(607)
[2025-12-24T15:49:56.856+0000][gc,heap     ] GC(186) Survivor regions: 8->7(77)
[2025-12-24T15:49:56.857+0000][gc,heap     ] GC(186) Old regions: 71->71
[2025-12-24T15:49:56.857+0000][gc,heap     ] GC(186) Humongous regions: 149->149
[2025-12-24T15:49:56.857+0000][gc,metaspace] GC(186) Metaspace: 15681K(16128K)->15681K(16128K) NonClass: 13972K(14144K)->13972K(14144K) Class: 1708K(1984K)->1708K(1984K)
[2025-12-24T15:49:56.857+0000][gc          ] GC(186) Pause Young (Normal) (G1 Evacuation Pause) 833M->226M(1024M) 26.578ms
[2025-12-24T15:49:56.857+0000][gc,cpu      ] GC(186) User=0.17s Sys=0.00s Real=0.03s
[2025-12-24T15:50:27.015+0000][gc,start    ] GC(187) Pause Young (Normal) (G1 Evacuation Pause)
[2025-12-24T15:50:27.015+0000][gc,task     ] GC(187) Using 8 workers of 8 for evacuation
[2025-12-24T15:50:27.031+0000][gc,phases   ] GC(187)   Pre Evacuate Collection Set: 1.0ms
[2025-12-24T15:50:27.031+0000][gc,phases   ] GC(187)   Merge Heap Roots: 0.3ms
[2025-12-24T15:50:27.031+0000][gc,phases   ] GC(187)   Evacuate Collection Set: 12.5ms
[2025-12-24T15:50:27.032+0000][gc,phases   ] GC(187)   Post Evacuate Collection Set: 1.9ms
[2025-12-24T15:50:27.032+0000][gc,phases   ] GC(187)   Other: 0.3ms
[2025-12-24T15:50:27.032+0000][gc,heap     ] GC(187) Eden regions: 607->0(605)
[2025-12-24T15:50:27.032+0000][gc,heap     ] GC(187) Survivor regions: 7->9(77)
[2025-12-24T15:50:27.032+0000][gc,heap     ] GC(187) Old regions: 71->71
[2025-12-24T15:50:27.032+0000][gc,heap     ] GC(187) Humongous regions: 149->149
[2025-12-24T15:50:27.032+0000][gc,metaspace] GC(187) Metaspace: 15686K(16128K)->15686K(16128K) NonClass: 13977K(14144K)->13977K(14144K) Class: 1708K(1984K)->1708K(1984K)
[2025-12-24T15:50:27.032+0000][gc          ] GC(187) Pause Young (Normal) (G1 Evacuation Pause) 833M->228M(1024M) 17.437ms
[2025-12-24T15:50:27.032+0000][gc,cpu      ] GC(187) User=0.10s Sys=0.00s Real=0.01s
[2025-12-24T15:50:57.299+0000][gc,start    ] GC(188) Pause Young (Normal) (G1 Evacuation Pause)
[2025-12-24T15:50:57.300+0000][gc,task     ] GC(188) Using 8 workers of 8 for evacuation
[2025-12-24T15:50:57.359+0000][gc,phases   ] GC(188)   Pre Evacuate Collection Set: 4.4ms
[2025-12-24T15:50:57.361+0000][gc,phases   ] GC(188)   Merge Heap Roots: 4.7ms
[2025-12-24T15:50:57.362+0000][gc,phases   ] GC(188)   Evacuate Collection Set: 37.8ms
[2025-12-24T15:50:57.362+0000][gc,phases   ] GC(188)   Post Evacuate Collection Set: 12.2ms
[2025-12-24T15:50:57.363+0000][gc,phases   ] GC(188)   Other: 0.4ms
[2025-12-24T15:50:57.364+0000][gc,heap     ] GC(188) Eden regions: 605->0(603)
[2025-12-24T15:50:57.365+0000][gc,heap     ] GC(188) Survivor regions: 9->11(77)
[2025-12-24T15:50:57.365+0000][gc,heap     ] GC(188) Old regions: 71->72
[2025-12-24T15:50:57.366+0000][gc,heap     ] GC(188) Humongous regions: 149->149
[2025-12-24T15:50:57.366+0000][gc,metaspace] GC(188) Metaspace: 15686K(16128K)->15686K(16128K) NonClass: 13977K(14144K)->13977K(14144K) Class: 1708K(1984K)->1708K(1984K)
[2025-12-24T15:50:57.366+0000][gc          ] GC(188) Pause Young (Normal) (G1 Evacuation Pause) 833M->230M(1024M) 67.013ms
[2025-12-24T15:50:57.367+0000][gc,cpu      ] GC(188) User=0.36s Sys=0.02s Real=0.07s
[2025-12-24T15:51:36.798+0000][gc,start    ] GC(189) Pause Young (Normal) (G1 Evacuation Pause)
[2025-12-24T15:51:36.798+0000][gc,task     ] GC(189) Using 8 workers of 8 for evacuation
[2025-12-24T15:51:36.822+0000][gc,phases   ] GC(189)   Pre Evacuate Collection Set: 1.2ms
[2025-12-24T15:51:36.822+0000][gc,phases   ] GC(189)   Merge Heap Roots: 0.3ms
[2025-12-24T15:51:36.822+0000][gc,phases   ] GC(189)   Evacuate Collection Set: 20.3ms
[2025-12-24T15:51:36.822+0000][gc,phases   ] GC(189)   Post Evacuate Collection Set: 1.2ms
[2025-12-24T15:51:36.822+0000][gc,phases   ] GC(189)   Other: 0.3ms
[2025-12-24T15:51:36.822+0000][gc,heap     ] GC(189) Eden regions: 603->0(605)
[2025-12-24T15:51:36.822+0000][gc,heap     ] GC(189) Survivor regions: 11->9(77)
[2025-12-24T15:51:36.822+0000][gc,heap     ] GC(189) Old regions: 72->72
[2025-12-24T15:51:36.822+0000][gc,heap     ] GC(189) Humongous regions: 149->149
[2025-12-24T15:51:36.822+0000][gc,metaspace] GC(189) Metaspace: 15686K(16128K)->15686K(16128K) NonClass: 13977K(14144K)->13977K(14144K) Class: 1708K(1984K)->1708K(1984K)
[2025-12-24T15:51:36.822+0000][gc          ] GC(189) Pause Young (Normal) (G1 Evacuation Pause) 833M->229M(1024M) 24.756ms
[2025-12-24T15:51:36.822+0000][gc,cpu      ] GC(189) User=0.16s Sys=0.00s Real=0.03s
[2025-12-24T15:52:07.237+0000][gc,start    ] GC(190) Pause Young (Normal) (G1 Evacuation Pause)
[2025-12-24T15:52:07.238+0000][gc,task     ] GC(190) Using 8 workers of 8 for evacuation
[2025-12-24T15:52:07.276+0000][gc,phases   ] GC(190)   Pre Evacuate Collection Set: 3.2ms
[2025-12-24T15:52:07.277+0000][gc,phases   ] GC(190)   Merge Heap Roots: 0.9ms
[2025-12-24T15:52:07.277+0000][gc,phases   ] GC(190)   Evacuate Collection Set: 28.7ms
[2025-12-24T15:52:07.278+0000][gc,phases   ] GC(190)   Post Evacuate Collection Set: 3.4ms
[2025-12-24T15:52:07.278+0000][gc,phases   ] GC(190)   Other: 0.6ms
[2025-12-24T15:52:07.278+0000][gc,heap     ] GC(190) Eden regions: 605->0(607)
[2025-12-24T15:52:07.278+0000][gc,heap     ] GC(190) Survivor regions: 9->7(77)
[2025-12-24T15:52:07.278+0000][gc,heap     ] GC(190) Old regions: 72->72
[2025-12-24T15:52:07.279+0000][gc,heap     ] GC(190) Humongous regions: 149->149
[2025-12-24T15:52:07.279+0000][gc,metaspace] GC(190) Metaspace: 15686K(16128K)->15686K(16128K) NonClass: 13977K(14144K)->13977K(14144K) Class: 1708K(1984K)->1708K(1984K)
[2025-12-24T15:52:07.279+0000][gc          ] GC(190) Pause Young (Normal) (G1 Evacuation Pause) 834M->227M(1024M) 41.779ms
[2025-12-24T15:52:07.279+0000][gc,cpu      ] GC(190) User=0.20s Sys=0.01s Real=0.04s
[2025-12-24T15:52:37.245+0000][gc,start    ] GC(191) Pause Young (Normal) (G1 Evacuation Pause)
[2025-12-24T15:52:37.245+0000][gc,task     ] GC(191) Using 8 workers of 8 for evacuation
[2025-12-24T15:52:37.266+0000][gc,phases   ] GC(191)   Pre Evacuate Collection Set: 3.5ms
[2025-12-24T15:52:37.266+0000][gc,phases   ] GC(191)   Merge Heap Roots: 1.6ms
[2025-12-24T15:52:37.266+0000][gc,phases   ] GC(191)   Evacuate Collection Set: 13.3ms
[2025-12-24T15:52:37.266+0000][gc,phases   ] GC(191)   Post Evacuate Collection Set: 1.4ms
[2025-12-24T15:52:37.266+0000][gc,phases   ] GC(191)   Other: 0.6ms
[2025-12-24T15:52:37.266+0000][gc,heap     ] GC(191) Eden regions: 607->0(605)
[2025-12-24T15:52:37.266+0000][gc,heap     ] GC(191) Survivor regions: 7->9(77)
[2025-12-24T15:52:37.266+0000][gc,heap     ] GC(191) Old regions: 72->73
[2025-12-24T15:52:37.266+0000][gc,heap     ] GC(191) Humongous regions: 149->149
[2025-12-24T15:52:37.266+0000][gc,metaspace] GC(191) Metaspace: 15689K(16128K)->15689K(16128K) NonClass: 13980K(14144K)->13980K(14144K) Class: 1708K(1984K)->1708K(1984K)
[2025-12-24T15:52:37.266+0000][gc          ] GC(191) Pause Young (Normal) (G1 Evacuation Pause) 834M->229M(1024M) 21.508ms
[2025-12-24T15:52:37.267+0000][gc,cpu      ] GC(191) User=0.10s Sys=0.00s Real=0.02s
[2025-12-24T15:53:16.810+0000][gc,start    ] GC(192) Pause Young (Normal) (G1 Evacuation Pause)
[2025-12-24T15:53:16.813+0000][gc,task     ] GC(192) Using 8 workers of 8 for evacuation
[2025-12-24T15:53:16.830+0000][gc,phases   ] GC(192)   Pre Evacuate Collection Set: 1.5ms
[2025-12-24T15:53:16.831+0000][gc,phases   ] GC(192)   Merge Heap Roots: 0.3ms
[2025-12-24T15:53:16.831+0000][gc,phases   ] GC(192)   Evacuate Collection Set: 13.8ms
[2025-12-24T15:53:16.831+0000][gc,phases   ] GC(192)   Post Evacuate Collection Set: 1.3ms
[2025-12-24T15:53:16.831+0000][gc,phases   ] GC(192)   Other: 1.1ms
[2025-12-24T15:53:16.831+0000][gc,heap     ] GC(192) Eden regions: 605->0(606)
[2025-12-24T15:53:16.831+0000][gc,heap     ] GC(192) Survivor regions: 9->8(77)
[2025-12-24T15:53:16.831+0000][gc,heap     ] GC(192) Old regions: 73->73
[2025-12-24T15:53:16.831+0000][gc,heap     ] GC(192) Humongous regions: 149->149
[2025-12-24T15:53:16.831+0000][gc,metaspace] GC(192) Metaspace: 15689K(16128K)->15689K(16128K) NonClass: 13980K(14144K)->13980K(14144K) Class: 1708K(1984K)->1708K(1984K)
[2025-12-24T15:53:16.831+0000][gc          ] GC(192) Pause Young (Normal) (G1 Evacuation Pause) 834M->229M(1024M) 20.899ms
[2025-12-24T15:53:16.831+0000][gc,cpu      ] GC(192) User=0.12s Sys=0.00s Real=0.02s
[2025-12-24T15:53:47.006+0000][gc,start    ] GC(193) Pause Young (Normal) (G1 Evacuation Pause)
[2025-12-24T15:53:47.007+0000][gc,task     ] GC(193) Using 8 workers of 8 for evacuation
[2025-12-24T15:53:47.024+0000][gc,phases   ] GC(193)   Pre Evacuate Collection Set: 1.1ms
[2025-12-24T15:53:47.024+0000][gc,phases   ] GC(193)   Merge Heap Roots: 0.3ms
[2025-12-24T15:53:47.024+0000][gc,phases   ] GC(193)   Evacuate Collection Set: 11.4ms
[2025-12-24T15:53:47.024+0000][gc,phases   ] GC(193)   Post Evacuate Collection Set: 4.6ms
[2025-12-24T15:53:47.025+0000][gc,phases   ] GC(193)   Other: 0.2ms
[2025-12-24T15:53:47.025+0000][gc,heap     ] GC(193) Eden regions: 606->0(605)
[2025-12-24T15:53:47.025+0000][gc,heap     ] GC(193) Survivor regions: 8->9(77)
[2025-12-24T15:53:47.025+0000][gc,heap     ] GC(193) Old regions: 73->73
[2025-12-24T15:53:47.025+0000][gc,heap     ] GC(193) Humongous regions: 149->149
[2025-12-24T15:53:47.025+0000][gc,metaspace] GC(193) Metaspace: 15689K(16128K)->15689K(16128K) NonClass: 13980K(14144K)->13980K(14144K) Class: 1708K(1984K)->1708K(1984K)
[2025-12-24T15:53:47.025+0000][gc          ] GC(193) Pause Young (Normal) (G1 Evacuation Pause) 835M->230M(1024M) 18.707ms
[2025-12-24T15:53:47.025+0000][gc,cpu      ] GC(193) User=0.10s Sys=0.00s Real=0.01s
[2025-12-24T15:54:17.203+0000][gc,start    ] GC(194) Pause Young (Normal) (G1 Evacuation Pause)
[2025-12-24T15:54:17.204+0000][gc,task     ] GC(194) Using 8 workers of 8 for evacuation
[2025-12-24T15:54:17.214+0000][gc,phases   ] GC(194)   Pre Evacuate Collection Set: 1.0ms
[2025-12-24T15:54:17.215+0000][gc,phases   ] GC(194)   Merge Heap Roots: 0.3ms
[2025-12-24T15:54:17.215+0000][gc,phases   ] GC(194)   Evacuate Collection Set: 8.1ms
[2025-12-24T15:54:17.215+0000][gc,phases   ] GC(194)   Post Evacuate Collection Set: 1.0ms
[2025-12-24T15:54:17.215+0000][gc,phases   ] GC(194)   Other: 0.2ms
[2025-12-24T15:54:17.215+0000][gc,heap     ] GC(194) Eden regions: 605->0(603)
[2025-12-24T15:54:17.215+0000][gc,heap     ] GC(194) Survivor regions: 9->11(77)
[2025-12-24T15:54:17.215+0000][gc,heap     ] GC(194) Old regions: 73->74
[2025-12-24T15:54:17.215+0000][gc,heap     ] GC(194) Humongous regions: 149->149
[2025-12-24T15:54:17.215+0000][gc,metaspace] GC(194) Metaspace: 15690K(16128K)->15690K(16128K) NonClass: 13981K(14144K)->13981K(14144K) Class: 1708K(1984K)->1708K(1984K)
[2025-12-24T15:54:17.215+0000][gc          ] GC(194) Pause Young (Normal) (G1 Evacuation Pause) 835M->232M(1024M) 11.761ms
[2025-12-24T15:54:17.215+0000][gc,cpu      ] GC(194) User=0.07s Sys=0.00s Real=0.01s
[2025-12-24T15:54:56.777+0000][gc,start    ] GC(195) Pause Young (Normal) (G1 Evacuation Pause)
[2025-12-24T15:54:56.779+0000][gc,task     ] GC(195) Using 8 workers of 8 for evacuation
[2025-12-24T15:54:56.797+0000][gc,phases   ] GC(195)   Pre Evacuate Collection Set: 4.3ms
[2025-12-24T15:54:56.797+0000][gc,phases   ] GC(195)   Merge Heap Roots: 0.3ms
[2025-12-24T15:54:56.797+0000][gc,phases   ] GC(195)   Evacuate Collection Set: 11.7ms
[2025-12-24T15:54:56.797+0000][gc,phases   ] GC(195)   Post Evacuate Collection Set: 1.2ms
[2025-12-24T15:54:56.797+0000][gc,phases   ] GC(195)   Other: 0.9ms
[2025-12-24T15:54:56.797+0000][gc,heap     ] GC(195) Eden regions: 603->0(607)
[2025-12-24T15:54:56.797+0000][gc,heap     ] GC(195) Survivor regions: 11->7(77)
[2025-12-24T15:54:56.797+0000][gc,heap     ] GC(195) Old regions: 74->74
[2025-12-24T15:54:56.798+0000][gc,heap     ] GC(195) Humongous regions: 149->149
[2025-12-24T15:54:56.798+0000][gc,metaspace] GC(195) Metaspace: 15690K(16128K)->15690K(16128K) NonClass: 13981K(14144K)->13981K(14144K) Class: 1708K(1984K)->1708K(1984K)
[2025-12-24T15:54:56.798+0000][gc          ] GC(195) Pause Young (Normal) (G1 Evacuation Pause) 835M->228M(1024M) 20.541ms
[2025-12-24T15:54:56.798+0000][gc,cpu      ] GC(195) User=0.11s Sys=0.00s Real=0.02s
[2025-12-24T15:55:26.965+0000][gc,start    ] GC(196) Pause Young (Normal) (G1 Evacuation Pause)
[2025-12-24T15:55:26.966+0000][gc,task     ] GC(196) Using 8 workers of 8 for evacuation
[2025-12-24T15:55:26.982+0000][gc,phases   ] GC(196)   Pre Evacuate Collection Set: 1.2ms
[2025-12-24T15:55:26.982+0000][gc,phases   ] GC(196)   Merge Heap Roots: 0.3ms
[2025-12-24T15:55:26.983+0000][gc,phases   ] GC(196)   Evacuate Collection Set: 10.0ms
[2025-12-24T15:55:26.983+0000][gc,phases   ] GC(196)   Post Evacuate Collection Set: 4.3ms
[2025-12-24T15:55:26.983+0000][gc,phases   ] GC(196)   Other: 0.4ms
[2025-12-24T15:55:26.983+0000][gc,heap     ] GC(196) Eden regions: 607->0(606)
[2025-12-24T15:55:26.983+0000][gc,heap     ] GC(196) Survivor regions: 7->8(77)
[2025-12-24T15:55:26.983+0000][gc,heap     ] GC(196) Old regions: 74->74
[2025-12-24T15:55:26.983+0000][gc,heap     ] GC(196) Humongous regions: 149->149
[2025-12-24T15:55:26.983+0000][gc,metaspace] GC(196) Metaspace: 15717K(16128K)->15717K(16128K) NonClass: 14008K(14144K)->14008K(14144K) Class: 1708K(1984K)->1708K(1984K)
[2025-12-24T15:55:26.983+0000][gc          ] GC(196) Pause Young (Normal) (G1 Evacuation Pause) 835M->230M(1024M) 17.864ms
[2025-12-24T15:55:26.983+0000][gc,cpu      ] GC(196) User=0.09s Sys=0.01s Real=0.01s
[2025-12-24T15:55:57.166+0000][gc,start    ] GC(197) Pause Young (Normal) (G1 Evacuation Pause)
[2025-12-24T15:55:57.166+0000][gc,task     ] GC(197) Using 8 workers of 8 for evacuation
[2025-12-24T15:55:57.182+0000][gc,phases   ] GC(197)   Pre Evacuate Collection Set: 1.3ms
[2025-12-24T15:55:57.182+0000][gc,phases   ] GC(197)   Merge Heap Roots: 0.4ms
[2025-12-24T15:55:57.182+0000][gc,phases   ] GC(197)   Evacuate Collection Set: 12.3ms
[2025-12-24T15:55:57.182+0000][gc,phases   ] GC(197)   Post Evacuate Collection Set: 1.1ms
[2025-12-24T15:55:57.182+0000][gc,phases   ] GC(197)   Other: 0.3ms
[2025-12-24T15:55:57.182+0000][gc,heap     ] GC(197) Eden regions: 606->0(605)
[2025-12-24T15:55:57.182+0000][gc,heap     ] GC(197) Survivor regions: 8->9(77)
[2025-12-24T15:55:57.182+0000][gc,heap     ] GC(197) Old regions: 74->75
[2025-12-24T15:55:57.182+0000][gc,heap     ] GC(197) Humongous regions: 149->149
[2025-12-24T15:55:57.182+0000][gc,metaspace] GC(197) Metaspace: 15717K(16128K)->15717K(16128K) NonClass: 14008K(14144K)->14008K(14144K) Class: 1708K(1984K)->1708K(1984K)
[2025-12-24T15:55:57.182+0000][gc          ] GC(197) Pause Young (Normal) (G1 Evacuation Pause) 836M->232M(1024M) 16.767ms
[2025-12-24T15:55:57.182+0000][gc,cpu      ] GC(197) User=0.10s Sys=0.01s Real=0.01s
[2025-12-24T15:56:33.557+0000][gc,start    ] GC(198) Pause Young (Normal) (G1 Evacuation Pause)
[2025-12-24T15:56:33.561+0000][gc,task     ] GC(198) Using 8 workers of 8 for evacuation
[2025-12-24T15:56:33.599+0000][gc,phases   ] GC(198)   Pre Evacuate Collection Set: 4.9ms
[2025-12-24T15:56:33.599+0000][gc,phases   ] GC(198)   Merge Heap Roots: 1.0ms
[2025-12-24T15:56:33.599+0000][gc,phases   ] GC(198)   Evacuate Collection Set: 29.4ms
[2025-12-24T15:56:33.599+0000][gc,phases   ] GC(198)   Post Evacuate Collection Set: 1.8ms
[2025-12-24T15:56:33.599+0000][gc,phases   ] GC(198)   Other: 1.2ms
[2025-12-24T15:56:33.600+0000][gc,heap     ] GC(198) Eden regions: 605->0(606)
[2025-12-24T15:56:33.600+0000][gc,heap     ] GC(198) Survivor regions: 9->8(77)
[2025-12-24T15:56:33.600+0000][gc,heap     ] GC(198) Old regions: 75->75
[2025-12-24T15:56:33.600+0000][gc,heap     ] GC(198) Humongous regions: 149->149
[2025-12-24T15:56:33.600+0000][gc,metaspace] GC(198) Metaspace: 15717K(16128K)->15717K(16128K) NonClass: 14008K(14144K)->14008K(14144K) Class: 1708K(1984K)->1708K(1984K)
[2025-12-24T15:56:33.600+0000][gc          ] GC(198) Pause Young (Normal) (G1 Evacuation Pause) 837M->231M(1024M) 43.011ms
[2025-12-24T15:56:33.600+0000][gc,cpu      ] GC(198) User=0.24s Sys=0.01s Real=0.04s
[2025-12-24T15:57:06.991+0000][gc,start    ] GC(199) Pause Young (Normal) (G1 Evacuation Pause)
[2025-12-24T15:57:06.991+0000][gc,task     ] GC(199) Using 8 workers of 8 for evacuation
[2025-12-24T15:57:07.005+0000][gc,phases   ] GC(199)   Pre Evacuate Collection Set: 1.3ms
[2025-12-24T15:57:07.005+0000][gc,phases   ] GC(199)   Merge Heap Roots: 0.3ms
[2025-12-24T15:57:07.005+0000][gc,phases   ] GC(199)   Evacuate Collection Set: 11.6ms
[2025-12-24T15:57:07.006+0000][gc,phases   ] GC(199)   Post Evacuate Collection Set: 1.0ms
[2025-12-24T15:57:07.006+0000][gc,phases   ] GC(199)   Other: 0.2ms
[2025-12-24T15:57:07.006+0000][gc,heap     ] GC(199) Eden regions: 606->0(604)
[2025-12-24T15:57:07.006+0000][gc,heap     ] GC(199) Survivor regions: 8->10(77)
[2025-12-24T15:57:07.006+0000][gc,heap     ] GC(199) Old regions: 75->75
[2025-12-24T15:57:07.006+0000][gc,heap     ] GC(199) Humongous regions: 149->149
[2025-12-24T15:57:07.006+0000][gc,metaspace] GC(199) Metaspace: 15717K(16128K)->15717K(16128K) NonClass: 14008K(14144K)->14008K(14144K) Class: 1708K(1984K)->1708K(1984K)
[2025-12-24T15:57:07.006+0000][gc          ] GC(199) Pause Young (Normal) (G1 Evacuation Pause) 837M->233M(1024M) 15.436ms
[2025-12-24T15:57:07.006+0000][gc,cpu      ] GC(199) User=0.09s Sys=0.00s Real=0.02s
[2025-12-24T15:57:37.163+0000][gc,start    ] GC(200) Pause Young (Normal) (G1 Evacuation Pause)
[2025-12-24T15:57:37.163+0000][gc,task     ] GC(200) Using 8 workers of 8 for evacuation
[2025-12-24T15:57:37.180+0000][gc,phases   ] GC(200)   Pre Evacuate Collection Set: 2.9ms
[2025-12-24T15:57:37.181+0000][gc,phases   ] GC(200)   Merge Heap Roots: 1.6ms
[2025-12-24T15:57:37.181+0000][gc,phases   ] GC(200)   Evacuate Collection Set: 10.7ms
[2025-12-24T15:57:37.181+0000][gc,phases   ] GC(200)   Post Evacuate Collection Set: 1.3ms
[2025-12-24T15:57:37.181+0000][gc,phases   ] GC(200)   Other: 0.5ms
[2025-12-24T15:57:37.181+0000][gc,heap     ] GC(200) Eden regions: 604->0(606)
[2025-12-24T15:57:37.181+0000][gc,heap     ] GC(200) Survivor regions: 10->8(77)
[2025-12-24T15:57:37.181+0000][gc,heap     ] GC(200) Old regions: 75->76
[2025-12-24T15:57:37.181+0000][gc,heap     ] GC(200) Humongous regions: 149->149
[2025-12-24T15:57:37.181+0000][gc,metaspace] GC(200) Metaspace: 15717K(16128K)->15717K(16128K) NonClass: 14008K(14144K)->14008K(14144K) Class: 1708K(1984K)->1708K(1984K)
[2025-12-24T15:57:37.181+0000][gc          ] GC(200) Pause Young (Normal) (G1 Evacuation Pause) 837M->231M(1024M) 18.268ms
[2025-12-24T15:57:37.181+0000][gc,cpu      ] GC(200) User=0.11s Sys=0.00s Real=0.01s
[2025-12-24T15:58:07.324+0000][gc,start    ] GC(201) Pause Young (Normal) (G1 Evacuation Pause)
[2025-12-24T15:58:07.325+0000][gc,task     ] GC(201) Using 8 workers of 8 for evacuation
[2025-12-24T15:58:07.343+0000][gc,phases   ] GC(201)   Pre Evacuate Collection Set: 1.0ms
[2025-12-24T15:58:07.343+0000][gc,phases   ] GC(201)   Merge Heap Roots: 0.3ms
[2025-12-24T15:58:07.343+0000][gc,phases   ] GC(201)   Evacuate Collection Set: 15.1ms
[2025-12-24T15:58:07.343+0000][gc,phases   ] GC(201)   Post Evacuate Collection Set: 1.3ms
[2025-12-24T15:58:07.343+0000][gc,phases   ] GC(201)   Other: 0.3ms
[2025-12-24T15:58:07.344+0000][gc,heap     ] GC(201) Eden regions: 606->0(605)
[2025-12-24T15:58:07.344+0000][gc,heap     ] GC(201) Survivor regions: 8->9(77)
[2025-12-24T15:58:07.344+0000][gc,heap     ] GC(201) Old regions: 76->76
[2025-12-24T15:58:07.344+0000][gc,heap     ] GC(201) Humongous regions: 149->149
[2025-12-24T15:58:07.344+0000][gc,metaspace] GC(201) Metaspace: 15717K(16128K)->15717K(16128K) NonClass: 14008K(14144K)->14008K(14144K) Class: 1708K(1984K)->1708K(1984K)
[2025-12-24T15:58:07.344+0000][gc          ] GC(201) Pause Young (Normal) (G1 Evacuation Pause) 837M->232M(1024M) 19.428ms
[2025-12-24T15:58:07.344+0000][gc,cpu      ] GC(201) User=0.12s Sys=0.01s Real=0.02s
[2025-12-24T15:58:46.957+0000][gc,start    ] GC(202) Pause Young (Normal) (G1 Evacuation Pause)
[2025-12-24T15:58:46.958+0000][gc,task     ] GC(202) Using 8 workers of 8 for evacuation
[2025-12-24T15:58:46.977+0000][gc,phases   ] GC(202)   Pre Evacuate Collection Set: 3.4ms
[2025-12-24T15:58:46.977+0000][gc,phases   ] GC(202)   Merge Heap Roots: 1.2ms
[2025-12-24T15:58:46.977+0000][gc,phases   ] GC(202)   Evacuate Collection Set: 11.5ms
[2025-12-24T15:58:46.977+0000][gc,phases   ] GC(202)   Post Evacuate Collection Set: 2.9ms
[2025-12-24T15:58:46.978+0000][gc,phases   ] GC(202)   Other: 0.4ms
[2025-12-24T15:58:46.978+0000][gc,heap     ] GC(202) Eden regions: 605->0(606)
[2025-12-24T15:58:46.978+0000][gc,heap     ] GC(202) Survivor regions: 9->8(77)
[2025-12-24T15:58:46.978+0000][gc,heap     ] GC(202) Old regions: 76->76
[2025-12-24T15:58:46.978+0000][gc,heap     ] GC(202) Humongous regions: 149->149
[2025-12-24T15:58:46.978+0000][gc,metaspace] GC(202) Metaspace: 15717K(16128K)->15717K(16128K) NonClass: 14008K(14144K)->14008K(14144K) Class: 1708K(1984K)->1708K(1984K)
[2025-12-24T15:58:46.978+0000][gc          ] GC(202) Pause Young (Normal) (G1 Evacuation Pause) 837M->232M(1024M) 20.888ms
[2025-12-24T15:58:46.978+0000][gc,cpu      ] GC(202) User=0.12s Sys=0.00s Real=0.02s
[2025-12-24T15:59:17.152+0000][gc,start    ] GC(203) Pause Young (Normal) (G1 Evacuation Pause)
[2025-12-24T15:59:17.152+0000][gc,task     ] GC(203) Using 8 workers of 8 for evacuation
[2025-12-24T15:59:17.164+0000][gc,phases   ] GC(203)   Pre Evacuate Collection Set: 1.1ms
[2025-12-24T15:59:17.165+0000][gc,phases   ] GC(203)   Merge Heap Roots: 0.4ms
[2025-12-24T15:59:17.165+0000][gc,phases   ] GC(203)   Evacuate Collection Set: 9.2ms
[2025-12-24T15:59:17.165+0000][gc,phases   ] GC(203)   Post Evacuate Collection Set: 1.3ms
[2025-12-24T15:59:17.165+0000][gc,phases   ] GC(203)   Other: 0.4ms
[2025-12-24T15:59:17.165+0000][gc,heap     ] GC(203) Eden regions: 606->0(605)
[2025-12-24T15:59:17.165+0000][gc,heap     ] GC(203) Survivor regions: 8->9(77)
[2025-12-24T15:59:17.165+0000][gc,heap     ] GC(203) Old regions: 76->77
[2025-12-24T15:59:17.165+0000][gc,heap     ] GC(203) Humongous regions: 149->149
[2025-12-24T15:59:17.165+0000][gc,metaspace] GC(203) Metaspace: 15718K(16128K)->15718K(16128K) NonClass: 14009K(14144K)->14009K(14144K) Class: 1708K(1984K)->1708K(1984K)
[2025-12-24T15:59:17.165+0000][gc          ] GC(203) Pause Young (Normal) (G1 Evacuation Pause) 838M->234M(1024M) 13.290ms
[2025-12-24T15:59:17.165+0000][gc,cpu      ] GC(203) User=0.08s Sys=0.01s Real=0.01s
[2025-12-24T15:59:47.328+0000][gc,start    ] GC(204) Pause Young (Normal) (G1 Evacuation Pause)
[2025-12-24T15:59:47.330+0000][gc,task     ] GC(204) Using 8 workers of 8 for evacuation
[2025-12-24T15:59:47.343+0000][gc,phases   ] GC(204)   Pre Evacuate Collection Set: 1.0ms
[2025-12-24T15:59:47.343+0000][gc,phases   ] GC(204)   Merge Heap Roots: 0.3ms
[2025-12-24T15:59:47.343+0000][gc,phases   ] GC(204)   Evacuate Collection Set: 9.0ms
[2025-12-24T15:59:47.343+0000][gc,phases   ] GC(204)   Post Evacuate Collection Set: 2.6ms
[2025-12-24T15:59:47.343+0000][gc,phases   ] GC(204)   Other: 0.2ms
[2025-12-24T15:59:47.343+0000][gc,heap     ] GC(204) Eden regions: 605->0(603)
[2025-12-24T15:59:47.343+0000][gc,heap     ] GC(204) Survivor regions: 9->11(77)
[2025-12-24T15:59:47.343+0000][gc,heap     ] GC(204) Old regions: 77->77
[2025-12-24T15:59:47.343+0000][gc,heap     ] GC(204) Humongous regions: 149->149
[2025-12-24T15:59:47.343+0000][gc,metaspace] GC(204) Metaspace: 15718K(16128K)->15718K(16128K) NonClass: 14009K(14144K)->14009K(14144K) Class: 1708K(1984K)->1708K(1984K)
[2025-12-24T15:59:47.343+0000][gc          ] GC(204) Pause Young (Normal) (G1 Evacuation Pause) 839M->236M(1024M) 15.044ms
[2025-12-24T15:59:47.344+0000][gc,cpu      ] GC(204) User=0.08s Sys=0.00s Real=0.02s
[2025-12-24T16:00:26.969+0000][gc,start    ] GC(205) Pause Young (Normal) (G1 Evacuation Pause)
[2025-12-24T16:00:26.971+0000][gc,task     ] GC(205) Using 8 workers of 8 for evacuation
[2025-12-24T16:00:26.982+0000][gc,phases   ] GC(205)   Pre Evacuate Collection Set: 1.1ms
[2025-12-24T16:00:26.983+0000][gc,phases   ] GC(205)   Merge Heap Roots: 0.3ms
[2025-12-24T16:00:26.983+0000][gc,phases   ] GC(205)   Evacuate Collection Set: 9.0ms
[2025-12-24T16:00:26.983+0000][gc,phases   ] GC(205)   Post Evacuate Collection Set: 1.2ms
[2025-12-24T16:00:26.983+0000][gc,phases   ] GC(205)   Other: 0.3ms
[2025-12-24T16:00:26.983+0000][gc,heap     ] GC(205) Eden regions: 603->0(607)
[2025-12-24T16:00:26.983+0000][gc,heap     ] GC(205) Survivor regions: 11->7(77)
[2025-12-24T16:00:26.983+0000][gc,heap     ] GC(205) Old regions: 77->77
[2025-12-24T16:00:26.983+0000][gc,heap     ] GC(205) Humongous regions: 149->149
[2025-12-24T16:00:26.983+0000][gc,metaspace] GC(205) Metaspace: 15718K(16128K)->15718K(16128K) NonClass: 14009K(14144K)->14009K(14144K) Class: 1708K(1984K)->1708K(1984K)
[2025-12-24T16:00:26.983+0000][gc          ] GC(205) Pause Young (Normal) (G1 Evacuation Pause) 839M->232M(1024M) 13.934ms
[2025-12-24T16:00:26.983+0000][gc,cpu      ] GC(205) User=0.07s Sys=0.00s Real=0.01s
[2025-12-24T16:00:57.110+0000][gc,start    ] GC(206) Pause Young (Normal) (G1 Evacuation Pause)
[2025-12-24T16:00:57.111+0000][gc,task     ] GC(206) Using 8 workers of 8 for evacuation
[2025-12-24T16:00:57.121+0000][gc,phases   ] GC(206)   Pre Evacuate Collection Set: 1.4ms
[2025-12-24T16:00:57.121+0000][gc,phases   ] GC(206)   Merge Heap Roots: 0.3ms
[2025-12-24T16:00:57.121+0000][gc,phases   ] GC(206)   Evacuate Collection Set: 7.4ms
[2025-12-24T16:00:57.121+0000][gc,phases   ] GC(206)   Post Evacuate Collection Set: 1.0ms
[2025-12-24T16:00:57.121+0000][gc,phases   ] GC(206)   Other: 0.4ms
[2025-12-24T16:00:57.122+0000][gc,heap     ] GC(206) Eden regions: 607->0(606)
[2025-12-24T16:00:57.122+0000][gc,heap     ] GC(206) Survivor regions: 7->8(77)
[2025-12-24T16:00:57.122+0000][gc,heap     ] GC(206) Old regions: 77->78
[2025-12-24T16:00:57.122+0000][gc,heap     ] GC(206) Humongous regions: 149->149
[2025-12-24T16:00:57.122+0000][gc,metaspace] GC(206) Metaspace: 15718K(16128K)->15718K(16128K) NonClass: 14009K(14144K)->14009K(14144K) Class: 1708K(1984K)->1708K(1984K)
[2025-12-24T16:00:57.122+0000][gc          ] GC(206) Pause Young (Normal) (G1 Evacuation Pause) 839M->234M(1024M) 12.171ms
[2025-12-24T16:00:57.122+0000][gc,cpu      ] GC(206) User=0.07s Sys=0.00s Real=0.01s
[2025-12-24T16:01:27.340+0000][gc,start    ] GC(207) Pause Young (Normal) (G1 Evacuation Pause)
[2025-12-24T16:01:27.340+0000][gc,task     ] GC(207) Using 8 workers of 8 for evacuation
[2025-12-24T16:01:27.358+0000][gc,phases   ] GC(207)   Pre Evacuate Collection Set: 2.3ms
[2025-12-24T16:01:27.358+0000][gc,phases   ] GC(207)   Merge Heap Roots: 0.5ms
[2025-12-24T16:01:27.358+0000][gc,phases   ] GC(207)   Evacuate Collection Set: 13.2ms
[2025-12-24T16:01:27.358+0000][gc,phases   ] GC(207)   Post Evacuate Collection Set: 1.1ms
[2025-12-24T16:01:27.358+0000][gc,phases   ] GC(207)   Other: 0.6ms
[2025-12-24T16:01:27.358+0000][gc,heap     ] GC(207) Eden regions: 606->0(604)
[2025-12-24T16:01:27.358+0000][gc,heap     ] GC(207) Survivor regions: 8->10(77)
[2025-12-24T16:01:27.359+0000][gc,heap     ] GC(207) Old regions: 78->78
[2025-12-24T16:01:27.359+0000][gc,heap     ] GC(207) Humongous regions: 149->149
[2025-12-24T16:01:27.359+0000][gc,metaspace] GC(207) Metaspace: 15718K(16128K)->15718K(16128K) NonClass: 14009K(14144K)->14009K(14144K) Class: 1708K(1984K)->1708K(1984K)
[2025-12-24T16:01:27.359+0000][gc          ] GC(207) Pause Young (Normal) (G1 Evacuation Pause) 840M->235M(1024M) 18.908ms
[2025-12-24T16:01:27.359+0000][gc,cpu      ] GC(207) User=0.12s Sys=0.00s Real=0.02s
[2025-12-24T16:02:06.892+0000][gc,start    ] GC(208) Pause Young (Normal) (G1 Evacuation Pause)
[2025-12-24T16:02:06.893+0000][gc,task     ] GC(208) Using 8 workers of 8 for evacuation
[2025-12-24T16:02:06.912+0000][gc,phases   ] GC(208)   Pre Evacuate Collection Set: 1.3ms
[2025-12-24T16:02:06.912+0000][gc,phases   ] GC(208)   Merge Heap Roots: 0.4ms
[2025-12-24T16:02:06.912+0000][gc,phases   ] GC(208)   Evacuate Collection Set: 13.5ms
[2025-12-24T16:02:06.912+0000][gc,phases   ] GC(208)   Post Evacuate Collection Set: 3.8ms
[2025-12-24T16:02:06.912+0000][gc,phases   ] GC(208)   Other: 0.3ms
[2025-12-24T16:02:06.912+0000][gc,heap     ] GC(208) Eden regions: 604->0(605)
[2025-12-24T16:02:06.913+0000][gc,heap     ] GC(208) Survivor regions: 10->9(77)
[2025-12-24T16:02:06.913+0000][gc,heap     ] GC(208) Old regions: 78->78
[2025-12-24T16:02:06.913+0000][gc,heap     ] GC(208) Humongous regions: 149->149
[2025-12-24T16:02:06.913+0000][gc,metaspace] GC(208) Metaspace: 15718K(16128K)->15718K(16128K) NonClass: 14009K(14144K)->14009K(14144K) Class: 1708K(1984K)->1708K(1984K)
[2025-12-24T16:02:06.913+0000][gc          ] GC(208) Pause Young (Normal) (G1 Evacuation Pause) 839M->235M(1024M) 20.691ms
[2025-12-24T16:02:06.913+0000][gc,cpu      ] GC(208) User=0.12s Sys=0.00s Real=0.02s
[2025-12-24T16:02:37.083+0000][gc,start    ] GC(209) Pause Young (Normal) (G1 Evacuation Pause)
[2025-12-24T16:02:37.084+0000][gc,task     ] GC(209) Using 8 workers of 8 for evacuation
[2025-12-24T16:02:37.105+0000][gc,phases   ] GC(209)   Pre Evacuate Collection Set: 1.1ms
[2025-12-24T16:02:37.105+0000][gc,phases   ] GC(209)   Merge Heap Roots: 0.2ms
[2025-12-24T16:02:37.105+0000][gc,phases   ] GC(209)   Evacuate Collection Set: 13.2ms
[2025-12-24T16:02:37.105+0000][gc,phases   ] GC(209)   Post Evacuate Collection Set: 6.4ms
[2025-12-24T16:02:37.105+0000][gc,phases   ] GC(209)   Other: 0.2ms
[2025-12-24T16:02:37.105+0000][gc,heap     ] GC(209) Eden regions: 605->0(604)
[2025-12-24T16:02:37.105+0000][gc,heap     ] GC(209) Survivor regions: 9->10(77)
[2025-12-24T16:02:37.105+0000][gc,heap     ] GC(209) Old regions: 78->79
[2025-12-24T16:02:37.105+0000][gc,heap     ] GC(209) Humongous regions: 149->149
[2025-12-24T16:02:37.105+0000][gc,metaspace] GC(209) Metaspace: 15718K(16128K)->15718K(16128K) NonClass: 14009K(14144K)->14009K(14144K) Class: 1708K(1984K)->1708K(1984K)
[2025-12-24T16:02:37.105+0000][gc          ] GC(209) Pause Young (Normal) (G1 Evacuation Pause) 840M->237M(1024M) 22.312ms
[2025-12-24T16:02:37.106+0000][gc,cpu      ] GC(209) User=0.14s Sys=0.01s Real=0.03s
[2025-12-24T16:03:07.276+0000][gc,start    ] GC(210) Pause Young (Normal) (G1 Evacuation Pause)
[2025-12-24T16:03:07.276+0000][gc,task     ] GC(210) Using 8 workers of 8 for evacuation
[2025-12-24T16:03:07.295+0000][gc,phases   ] GC(210)   Pre Evacuate Collection Set: 1.1ms
[2025-12-24T16:03:07.295+0000][gc,phases   ] GC(210)   Merge Heap Roots: 0.3ms
[2025-12-24T16:03:07.295+0000][gc,phases   ] GC(210)   Evacuate Collection Set: 14.1ms
[2025-12-24T16:03:07.295+0000][gc,phases   ] GC(210)   Post Evacuate Collection Set: 2.3ms
[2025-12-24T16:03:07.295+0000][gc,phases   ] GC(210)   Other: 0.4ms
[2025-12-24T16:03:07.295+0000][gc,heap     ] GC(210) Eden regions: 604->0(606)
[2025-12-24T16:03:07.295+0000][gc,heap     ] GC(210) Survivor regions: 10->8(77)
[2025-12-24T16:03:07.295+0000][gc,heap     ] GC(210) Old regions: 79->79
[2025-12-24T16:03:07.295+0000][gc,heap     ] GC(210) Humongous regions: 149->149
[2025-12-24T16:03:07.296+0000][gc,metaspace] GC(210) Metaspace: 15718K(16128K)->15718K(16128K) NonClass: 14010K(14144K)->14010K(14144K) Class: 1708K(1984K)->1708K(1984K)
[2025-12-24T16:03:07.296+0000][gc          ] GC(210) Pause Young (Normal) (G1 Evacuation Pause) 841M->235M(1024M) 19.909ms
[2025-12-24T16:03:07.296+0000][gc,cpu      ] GC(210) User=0.11s Sys=0.00s Real=0.02s
[2025-12-24T16:03:46.858+0000][gc,start    ] GC(211) Pause Young (Normal) (G1 Evacuation Pause)
[2025-12-24T16:03:46.858+0000][gc,task     ] GC(211) Using 8 workers of 8 for evacuation
[2025-12-24T16:03:46.869+0000][gc,phases   ] GC(211)   Pre Evacuate Collection Set: 1.3ms
[2025-12-24T16:03:46.870+0000][gc,phases   ] GC(211)   Merge Heap Roots: 0.3ms
[2025-12-24T16:03:46.870+0000][gc,phases   ] GC(211)   Evacuate Collection Set: 8.2ms
[2025-12-24T16:03:46.870+0000][gc,phases   ] GC(211)   Post Evacuate Collection Set: 1.2ms
[2025-12-24T16:03:46.870+0000][gc,phases   ] GC(211)   Other: 0.2ms
[2025-12-24T16:03:46.870+0000][gc,heap     ] GC(211) Eden regions: 606->0(607)
[2025-12-24T16:03:46.870+0000][gc,heap     ] GC(211) Survivor regions: 8->7(77)
[2025-12-24T16:03:46.870+0000][gc,heap     ] GC(211) Old regions: 79->79
[2025-12-24T16:03:46.870+0000][gc,heap     ] GC(211) Humongous regions: 149->149
[2025-12-24T16:03:46.870+0000][gc,metaspace] GC(211) Metaspace: 15718K(16128K)->15718K(16128K) NonClass: 14010K(14144K)->14010K(14144K) Class: 1708K(1984K)->1708K(1984K)
[2025-12-24T16:03:46.870+0000][gc          ] GC(211) Pause Young (Normal) (G1 Evacuation Pause) 841M->234M(1024M) 12.420ms
[2025-12-24T16:03:46.870+0000][gc,cpu      ] GC(211) User=0.06s Sys=0.01s Real=0.01s
[2025-12-24T16:04:17.058+0000][gc,start    ] GC(212) Pause Young (Normal) (G1 Evacuation Pause)
[2025-12-24T16:04:17.059+0000][gc,task     ] GC(212) Using 8 workers of 8 for evacuation
[2025-12-24T16:04:17.078+0000][gc,phases   ] GC(212)   Pre Evacuate Collection Set: 1.6ms
[2025-12-24T16:04:17.078+0000][gc,phases   ] GC(212)   Merge Heap Roots: 2.2ms
[2025-12-24T16:04:17.078+0000][gc,phases   ] GC(212)   Evacuate Collection Set: 13.7ms
[2025-12-24T16:04:17.079+0000][gc,phases   ] GC(212)   Post Evacuate Collection Set: 1.4ms
[2025-12-24T16:04:17.079+0000][gc,phases   ] GC(212)   Other: 0.5ms
[2025-12-24T16:04:17.079+0000][gc,heap     ] GC(212) Eden regions: 607->0(605)
[2025-12-24T16:04:17.079+0000][gc,heap     ] GC(212) Survivor regions: 7->9(77)
[2025-12-24T16:04:17.079+0000][gc,heap     ] GC(212) Old regions: 79->80
[2025-12-24T16:04:17.079+0000][gc,heap     ] GC(212) Humongous regions: 149->149
[2025-12-24T16:04:17.079+0000][gc,metaspace] GC(212) Metaspace: 15718K(16128K)->15718K(16128K) NonClass: 14010K(14144K)->14010K(14144K) Class: 1708K(1984K)->1708K(1984K)
[2025-12-24T16:04:17.079+0000][gc          ] GC(212) Pause Young (Normal) (G1 Evacuation Pause) 841M->236M(1024M) 21.339ms
[2025-12-24T16:04:17.079+0000][gc,cpu      ] GC(212) User=0.14s Sys=0.00s Real=0.02s
[2025-12-24T16:04:47.297+0000][gc,start    ] GC(213) Pause Young (Normal) (G1 Evacuation Pause)
[2025-12-24T16:04:47.297+0000][gc,task     ] GC(213) Using 8 workers of 8 for evacuation
[2025-12-24T16:04:47.309+0000][gc,phases   ] GC(213)   Pre Evacuate Collection Set: 1.2ms
[2025-12-24T16:04:47.310+0000][gc,phases   ] GC(213)   Merge Heap Roots: 0.3ms
[2025-12-24T16:04:47.310+0000][gc,phases   ] GC(213)   Evacuate Collection Set: 9.2ms
[2025-12-24T16:04:47.310+0000][gc,phases   ] GC(213)   Post Evacuate Collection Set: 1.2ms
[2025-12-24T16:04:47.310+0000][gc,phases   ] GC(213)   Other: 0.2ms
[2025-12-24T16:04:47.310+0000][gc,heap     ] GC(213) Eden regions: 605->0(604)
[2025-12-24T16:04:47.310+0000][gc,heap     ] GC(213) Survivor regions: 9->10(77)
[2025-12-24T16:04:47.310+0000][gc,heap     ] GC(213) Old regions: 80->80
[2025-12-24T16:04:47.310+0000][gc,heap     ] GC(213) Humongous regions: 149->149
[2025-12-24T16:04:47.310+0000][gc,metaspace] GC(213) Metaspace: 15718K(16128K)->15718K(16128K) NonClass: 14010K(14144K)->14010K(14144K) Class: 1708K(1984K)->1708K(1984K)
[2025-12-24T16:04:47.310+0000][gc          ] GC(213) Pause Young (Normal) (G1 Evacuation Pause) 841M->238M(1024M) 13.371ms
[2025-12-24T16:04:47.310+0000][gc,cpu      ] GC(213) User=0.08s Sys=0.00s Real=0.01s
[2025-12-24T16:18:46.719+0000][gc,start    ] GC(214) Pause Young (Normal) (G1 Evacuation Pause)
[2025-12-24T16:18:46.719+0000][gc,task     ] GC(214) Using 8 workers of 8 for evacuation
[2025-12-24T16:18:46.732+0000][gc,phases   ] GC(214)   Pre Evacuate Collection Set: 1.3ms
[2025-12-24T16:18:46.732+0000][gc,phases   ] GC(214)   Merge Heap Roots: 0.3ms
[2025-12-24T16:18:46.732+0000][gc,phases   ] GC(214)   Evacuate Collection Set: 10.3ms
[2025-12-24T16:18:46.732+0000][gc,phases   ] GC(214)   Post Evacuate Collection Set: 1.1ms
[2025-12-24T16:18:46.732+0000][gc,phases   ] GC(214)   Other: 0.2ms
[2025-12-24T16:18:46.732+0000][gc,heap     ] GC(214) Eden regions: 604->0(605)
[2025-12-24T16:18:46.732+0000][gc,heap     ] GC(214) Survivor regions: 10->9(77)
[2025-12-24T16:18:46.732+0000][gc,heap     ] GC(214) Old regions: 80->81
[2025-12-24T16:18:46.732+0000][gc,heap     ] GC(214) Humongous regions: 151->151
[2025-12-24T16:18:46.733+0000][gc,metaspace] GC(214) Metaspace: 15782K(16192K)->15782K(16192K) NonClass: 14056K(14208K)->14056K(14208K) Class: 1725K(1984K)->1725K(1984K)
[2025-12-24T16:18:46.733+0000][gc          ] GC(214) Pause Young (Normal) (G1 Evacuation Pause) 844M->239M(1024M) 13.831ms
[2025-12-24T16:18:46.733+0000][gc,cpu      ] GC(214) User=0.09s Sys=0.00s Real=0.01s
[2025-12-24T16:19:16.917+0000][gc,start    ] GC(215) Pause Young (Normal) (G1 Evacuation Pause)
[2025-12-24T16:19:16.919+0000][gc,task     ] GC(215) Using 8 workers of 8 for evacuation
[2025-12-24T16:19:16.935+0000][gc,phases   ] GC(215)   Pre Evacuate Collection Set: 2.6ms
[2025-12-24T16:19:16.936+0000][gc,phases   ] GC(215)   Merge Heap Roots: 0.7ms
[2025-12-24T16:19:16.936+0000][gc,phases   ] GC(215)   Evacuate Collection Set: 11.3ms
[2025-12-24T16:19:16.936+0000][gc,phases   ] GC(215)   Post Evacuate Collection Set: 1.3ms
[2025-12-24T16:19:16.936+0000][gc,phases   ] GC(215)   Other: 0.7ms
[2025-12-24T16:19:16.936+0000][gc,heap     ] GC(215) Eden regions: 605->0(607)
[2025-12-24T16:19:16.936+0000][gc,heap     ] GC(215) Survivor regions: 9->7(77)
[2025-12-24T16:19:16.936+0000][gc,heap     ] GC(215) Old regions: 81->81
[2025-12-24T16:19:16.936+0000][gc,heap     ] GC(215) Humongous regions: 151->151
[2025-12-24T16:19:16.936+0000][gc,metaspace] GC(215) Metaspace: 15782K(16192K)->15782K(16192K) NonClass: 14056K(14208K)->14056K(14208K) Class: 1725K(1984K)->1725K(1984K)
[2025-12-24T16:19:16.936+0000][gc          ] GC(215) Pause Young (Normal) (G1 Evacuation Pause) 844M->238M(1024M) 18.675ms
[2025-12-24T16:19:16.936+0000][gc,cpu      ] GC(215) User=0.10s Sys=0.00s Real=0.02s
[2025-12-24T16:19:47.079+0000][gc,start    ] GC(216) Pause Young (Normal) (G1 Evacuation Pause)
[2025-12-24T16:19:47.080+0000][gc,task     ] GC(216) Using 8 workers of 8 for evacuation
[2025-12-24T16:19:47.097+0000][gc,phases   ] GC(216)   Pre Evacuate Collection Set: 1.0ms
[2025-12-24T16:19:47.097+0000][gc,phases   ] GC(216)   Merge Heap Roots: 0.3ms
[2025-12-24T16:19:47.097+0000][gc,phases   ] GC(216)   Evacuate Collection Set: 14.4ms
[2025-12-24T16:19:47.097+0000][gc,phases   ] GC(216)   Post Evacuate Collection Set: 1.1ms
[2025-12-24T16:19:47.097+0000][gc,phases   ] GC(216)   Other: 0.2ms
[2025-12-24T16:19:47.097+0000][gc,heap     ] GC(216) Eden regions: 607->0(605)
[2025-12-24T16:19:47.097+0000][gc,heap     ] GC(216) Survivor regions: 7->9(77)
[2025-12-24T16:19:47.097+0000][gc,heap     ] GC(216) Old regions: 81->81
[2025-12-24T16:19:47.097+0000][gc,heap     ] GC(216) Humongous regions: 151->151
[2025-12-24T16:19:47.097+0000][gc,metaspace] GC(216) Metaspace: 15782K(16192K)->15782K(16192K) NonClass: 14056K(14208K)->14056K(14208K) Class: 1725K(1984K)->1725K(1984K)
[2025-12-24T16:19:47.097+0000][gc          ] GC(216) Pause Young (Normal) (G1 Evacuation Pause) 845M->239M(1024M) 17.900ms
[2025-12-24T16:19:47.097+0000][gc,cpu      ] GC(216) User=0.11s Sys=0.00s Real=0.02s
[2025-12-24T16:20:26.513+0000][gc,start    ] GC(217) Pause Young (Normal) (G1 Evacuation Pause)
[2025-12-24T16:20:26.514+0000][gc,task     ] GC(217) Using 8 workers of 8 for evacuation
[2025-12-24T16:20:26.537+0000][gc,phases   ] GC(217)   Pre Evacuate Collection Set: 1.1ms
[2025-12-24T16:20:26.537+0000][gc,phases   ] GC(217)   Merge Heap Roots: 0.4ms
[2025-12-24T16:20:26.537+0000][gc,phases   ] GC(217)   Evacuate Collection Set: 16.9ms
[2025-12-24T16:20:26.538+0000][gc,phases   ] GC(217)   Post Evacuate Collection Set: 4.1ms
[2025-12-24T16:20:26.538+0000][gc,phases   ] GC(217)   Other: 0.5ms
[2025-12-24T16:20:26.538+0000][gc,heap     ] GC(217) Eden regions: 605->0(607)
[2025-12-24T16:20:26.538+0000][gc,heap     ] GC(217) Survivor regions: 9->7(77)
[2025-12-24T16:20:26.538+0000][gc,heap     ] GC(217) Old regions: 81->82
[2025-12-24T16:20:26.538+0000][gc,heap     ] GC(217) Humongous regions: 151->151
[2025-12-24T16:20:26.538+0000][gc,metaspace] GC(217) Metaspace: 15785K(16192K)->15785K(16192K) NonClass: 14060K(14208K)->14060K(14208K) Class: 1725K(1984K)->1725K(1984K)
[2025-12-24T16:20:26.538+0000][gc          ] GC(217) Pause Young (Normal) (G1 Evacuation Pause) 844M->238M(1024M) 25.045ms
[2025-12-24T16:20:26.539+0000][gc,cpu      ] GC(217) User=0.14s Sys=0.00s Real=0.03s
[2025-12-24T16:20:56.703+0000][gc,start    ] GC(218) Pause Young (Normal) (G1 Evacuation Pause)
[2025-12-24T16:20:56.705+0000][gc,task     ] GC(218) Using 8 workers of 8 for evacuation
[2025-12-24T16:20:56.720+0000][gc,phases   ] GC(218)   Pre Evacuate Collection Set: 1.7ms
[2025-12-24T16:20:56.720+0000][gc,phases   ] GC(218)   Merge Heap Roots: 0.3ms
[2025-12-24T16:20:56.720+0000][gc,phases   ] GC(218)   Evacuate Collection Set: 11.3ms
[2025-12-24T16:20:56.720+0000][gc,phases   ] GC(218)   Post Evacuate Collection Set: 1.2ms
[2025-12-24T16:20:56.720+0000][gc,phases   ] GC(218)   Other: 1.1ms
[2025-12-24T16:20:56.720+0000][gc,heap     ] GC(218) Eden regions: 607->0(605)
[2025-12-24T16:20:56.720+0000][gc,heap     ] GC(218) Survivor regions: 7->9(77)
[2025-12-24T16:20:56.720+0000][gc,heap     ] GC(218) Old regions: 82->82
[2025-12-24T16:20:56.720+0000][gc,heap     ] GC(218) Humongous regions: 151->151
[2025-12-24T16:20:56.720+0000][gc,metaspace] GC(218) Metaspace: 15785K(16192K)->15785K(16192K) NonClass: 14060K(14208K)->14060K(14208K) Class: 1725K(1984K)->1725K(1984K)
[2025-12-24T16:20:56.721+0000][gc          ] GC(218) Pause Young (Normal) (G1 Evacuation Pause) 845M->240M(1024M) 17.815ms
[2025-12-24T16:20:56.721+0000][gc,cpu      ] GC(218) User=0.09s Sys=0.01s Real=0.02s
[2025-12-24T16:21:26.910+0000][gc,start    ] GC(219) Pause Young (Normal) (G1 Evacuation Pause)
[2025-12-24T16:21:26.910+0000][gc,task     ] GC(219) Using 8 workers of 8 for evacuation
[2025-12-24T16:21:26.933+0000][gc,phases   ] GC(219)   Pre Evacuate Collection Set: 1.0ms
[2025-12-24T16:21:26.933+0000][gc,phases   ] GC(219)   Merge Heap Roots: 0.4ms
[2025-12-24T16:21:26.933+0000][gc,phases   ] GC(219)   Evacuate Collection Set: 19.8ms
[2025-12-24T16:21:26.933+0000][gc,phases   ] GC(219)   Post Evacuate Collection Set: 1.2ms
[2025-12-24T16:21:26.933+0000][gc,phases   ] GC(219)   Other: 0.2ms
[2025-12-24T16:21:26.933+0000][gc,heap     ] GC(219) Eden regions: 605->0(603)
[2025-12-24T16:21:26.933+0000][gc,heap     ] GC(219) Survivor regions: 9->11(77)
[2025-12-24T16:21:26.933+0000][gc,heap     ] GC(219) Old regions: 82->82
[2025-12-24T16:21:26.933+0000][gc,heap     ] GC(219) Humongous regions: 151->151
[2025-12-24T16:21:26.933+0000][gc,metaspace] GC(219) Metaspace: 15785K(16192K)->15785K(16192K) NonClass: 14060K(14208K)->14060K(14208K) Class: 1725K(1984K)->1725K(1984K)
[2025-12-24T16:21:26.933+0000][gc          ] GC(219) Pause Young (Normal) (G1 Evacuation Pause) 845M->243M(1024M) 23.455ms
[2025-12-24T16:21:26.933+0000][gc,cpu      ] GC(219) User=0.15s Sys=0.00s Real=0.02s
[2025-12-24T16:21:57.017+0000][gc,start    ] GC(220) Pause Young (Normal) (G1 Evacuation Pause)
[2025-12-24T16:21:57.018+0000][gc,task     ] GC(220) Using 8 workers of 8 for evacuation
[2025-12-24T16:21:57.032+0000][gc,phases   ] GC(220)   Pre Evacuate Collection Set: 1.0ms
[2025-12-24T16:21:57.032+0000][gc,phases   ] GC(220)   Merge Heap Roots: 0.3ms
[2025-12-24T16:21:57.032+0000][gc,phases   ] GC(220)   Evacuate Collection Set: 10.6ms
[2025-12-24T16:21:57.032+0000][gc,phases   ] GC(220)   Post Evacuate Collection Set: 2.3ms
[2025-12-24T16:21:57.032+0000][gc,phases   ] GC(220)   Other: 0.2ms
[2025-12-24T16:21:57.032+0000][gc,heap     ] GC(220) Eden regions: 603->0(603)
[2025-12-24T16:21:57.032+0000][gc,heap     ] GC(220) Survivor regions: 11->11(77)
[2025-12-24T16:21:57.032+0000][gc,heap     ] GC(220) Old regions: 82->83
[2025-12-24T16:21:57.033+0000][gc,heap     ] GC(220) Humongous regions: 151->151
[2025-12-24T16:21:57.033+0000][gc,metaspace] GC(220) Metaspace: 15793K(16192K)->15793K(16192K) NonClass: 14065K(14208K)->14065K(14208K) Class: 1728K(1984K)->1728K(1984K)
[2025-12-24T16:21:57.033+0000][gc          ] GC(220) Pause Young (Normal) (G1 Evacuation Pause) 846M->243M(1024M) 15.334ms
[2025-12-24T16:21:57.033+0000][gc,cpu      ] GC(220) User=0.08s Sys=0.01s Real=0.01s
[2025-12-24T16:22:36.629+0000][gc,start    ] GC(221) Pause Young (Normal) (G1 Evacuation Pause)
[2025-12-24T16:22:36.630+0000][gc,task     ] GC(221) Using 8 workers of 8 for evacuation
[2025-12-24T16:22:36.658+0000][gc,phases   ] GC(221)   Pre Evacuate Collection Set: 0.9ms
[2025-12-24T16:22:36.658+0000][gc,phases   ] GC(221)   Merge Heap Roots: 0.3ms
[2025-12-24T16:22:36.658+0000][gc,phases   ] GC(221)   Evacuate Collection Set: 25.4ms
[2025-12-24T16:22:36.658+0000][gc,phases   ] GC(221)   Post Evacuate Collection Set: 1.0ms
[2025-12-24T16:22:36.658+0000][gc,phases   ] GC(221)   Other: 0.2ms
[2025-12-24T16:22:36.658+0000][gc,heap     ] GC(221) Eden regions: 603->0(604)
[2025-12-24T16:22:36.658+0000][gc,heap     ] GC(221) Survivor regions: 11->10(77)
[2025-12-24T16:22:36.658+0000][gc,heap     ] GC(221) Old regions: 83->83
[2025-12-24T16:22:36.658+0000][gc,heap     ] GC(221) Humongous regions: 151->151
[2025-12-24T16:22:36.658+0000][gc,metaspace] GC(221) Metaspace: 15844K(16192K)->15844K(16192K) NonClass: 14106K(14208K)->14106K(14208K) Class: 1738K(1984K)->1738K(1984K)
[2025-12-24T16:22:36.658+0000][gc          ] GC(221) Pause Young (Normal) (G1 Evacuation Pause) 846M->243M(1024M) 29.200ms
[2025-12-24T16:22:36.659+0000][gc,cpu      ] GC(221) User=0.21s Sys=0.00s Real=0.03s
[2025-12-24T16:23:06.855+0000][gc,start    ] GC(222) Pause Young (Normal) (G1 Evacuation Pause)
[2025-12-24T16:23:06.856+0000][gc,task     ] GC(222) Using 8 workers of 8 for evacuation
[2025-12-24T16:23:06.888+0000][gc,phases   ] GC(222)   Pre Evacuate Collection Set: 1.1ms
[2025-12-24T16:23:06.888+0000][gc,phases   ] GC(222)   Merge Heap Roots: 0.3ms
[2025-12-24T16:23:06.888+0000][gc,phases   ] GC(222)   Evacuate Collection Set: 29.0ms
[2025-12-24T16:23:06.888+0000][gc,phases   ] GC(222)   Post Evacuate Collection Set: 1.6ms
[2025-12-24T16:23:06.888+0000][gc,phases   ] GC(222)   Other: 0.2ms
[2025-12-24T16:23:06.888+0000][gc,heap     ] GC(222) Eden regions: 604->0(602)
[2025-12-24T16:23:06.888+0000][gc,heap     ] GC(222) Survivor regions: 10->12(77)
[2025-12-24T16:23:06.888+0000][gc,heap     ] GC(222) Old regions: 83->83
[2025-12-24T16:23:06.888+0000][gc,heap     ] GC(222) Humongous regions: 151->151
[2025-12-24T16:23:06.888+0000][gc,metaspace] GC(222) Metaspace: 15844K(16192K)->15844K(16192K) NonClass: 14106K(14208K)->14106K(14208K) Class: 1738K(1984K)->1738K(1984K)
[2025-12-24T16:23:06.889+0000][gc          ] GC(222) Pause Young (Normal) (G1 Evacuation Pause) 847M->245M(1024M) 33.396ms
[2025-12-24T16:23:06.889+0000][gc,cpu      ] GC(222) User=0.23s Sys=0.00s Real=0.03s
[2025-12-24T16:23:36.997+0000][gc,start    ] GC(223) Pause Young (Normal) (G1 Evacuation Pause)
[2025-12-24T16:23:36.997+0000][gc,task     ] GC(223) Using 8 workers of 8 for evacuation
[2025-12-24T16:23:37.027+0000][gc,phases   ] GC(223)   Pre Evacuate Collection Set: 3.0ms
[2025-12-24T16:23:37.027+0000][gc,phases   ] GC(223)   Merge Heap Roots: 0.5ms
[2025-12-24T16:23:37.027+0000][gc,phases   ] GC(223)   Evacuate Collection Set: 22.7ms
[2025-12-24T16:23:37.028+0000][gc,phases   ] GC(223)   Post Evacuate Collection Set: 1.1ms
[2025-12-24T16:23:37.028+0000][gc,phases   ] GC(223)   Other: 2.6ms
[2025-12-24T16:23:37.028+0000][gc,heap     ] GC(223) Eden regions: 602->0(602)
[2025-12-24T16:23:37.028+0000][gc,heap     ] GC(223) Survivor regions: 12->12(77)
[2025-12-24T16:23:37.028+0000][gc,heap     ] GC(223) Old regions: 83->84
[2025-12-24T16:23:37.028+0000][gc,heap     ] GC(223) Humongous regions: 151->151
[2025-12-24T16:23:37.028+0000][gc,metaspace] GC(223) Metaspace: 15844K(16192K)->15844K(16192K) NonClass: 14106K(14208K)->14106K(14208K) Class: 1738K(1984K)->1738K(1984K)
[2025-12-24T16:23:37.028+0000][gc          ] GC(223) Pause Young (Normal) (G1 Evacuation Pause) 847M->246M(1024M) 31.298ms
[2025-12-24T16:23:37.028+0000][gc,cpu      ] GC(223) User=0.19s Sys=0.00s Real=0.03s
[2025-12-24T16:24:16.567+0000][gc,start    ] GC(224) Pause Young (Normal) (G1 Evacuation Pause)
[2025-12-24T16:24:16.568+0000][gc,task     ] GC(224) Using 8 workers of 8 for evacuation
[2025-12-24T16:24:16.606+0000][gc,phases   ] GC(224)   Pre Evacuate Collection Set: 2.1ms
[2025-12-24T16:24:16.606+0000][gc,phases   ] GC(224)   Merge Heap Roots: 0.5ms
[2025-12-24T16:24:16.606+0000][gc,phases   ] GC(224)   Evacuate Collection Set: 33.8ms
[2025-12-24T16:24:16.606+0000][gc,phases   ] GC(224)   Post Evacuate Collection Set: 1.4ms
[2025-12-24T16:24:16.606+0000][gc,phases   ] GC(224)   Other: 0.3ms
[2025-12-24T16:24:16.606+0000][gc,heap     ] GC(224) Eden regions: 602->0(603)
[2025-12-24T16:24:16.606+0000][gc,heap     ] GC(224) Survivor regions: 12->11(77)
[2025-12-24T16:24:16.606+0000][gc,heap     ] GC(224) Old regions: 84->84
[2025-12-24T16:24:16.606+0000][gc,heap     ] GC(224) Humongous regions: 151->151
[2025-12-24T16:24:16.606+0000][gc,metaspace] GC(224) Metaspace: 15844K(16192K)->15844K(16192K) NonClass: 14106K(14208K)->14106K(14208K) Class: 1738K(1984K)->1738K(1984K)
[2025-12-24T16:24:16.606+0000][gc          ] GC(224) Pause Young (Normal) (G1 Evacuation Pause) 848M->245M(1024M) 39.139ms
[2025-12-24T16:24:16.606+0000][gc,cpu      ] GC(224) User=0.24s Sys=0.00s Real=0.04s
[2025-12-24T16:24:46.738+0000][gc,start    ] GC(225) Pause Young (Normal) (G1 Evacuation Pause)
[2025-12-24T16:24:46.739+0000][gc,task     ] GC(225) Using 8 workers of 8 for evacuation
[2025-12-24T16:24:46.754+0000][gc,phases   ] GC(225)   Pre Evacuate Collection Set: 1.1ms
[2025-12-24T16:24:46.755+0000][gc,phases   ] GC(225)   Merge Heap Roots: 0.3ms
[2025-12-24T16:24:46.755+0000][gc,phases   ] GC(225)   Evacuate Collection Set: 12.8ms
[2025-12-24T16:24:46.755+0000][gc,phases   ] GC(225)   Post Evacuate Collection Set: 1.1ms
[2025-12-24T16:24:46.755+0000][gc,phases   ] GC(225)   Other: 0.2ms
[2025-12-24T16:24:46.755+0000][gc,heap     ] GC(225) Eden regions: 603->0(605)
[2025-12-24T16:24:46.755+0000][gc,heap     ] GC(225) Survivor regions: 11->9(77)
[2025-12-24T16:24:46.755+0000][gc,heap     ] GC(225) Old regions: 84->84
[2025-12-24T16:24:46.755+0000][gc,heap     ] GC(225) Humongous regions: 151->151
[2025-12-24T16:24:46.755+0000][gc,metaspace] GC(225) Metaspace: 15844K(16192K)->15844K(16192K) NonClass: 14106K(14208K)->14106K(14208K) Class: 1738K(1984K)->1738K(1984K)
[2025-12-24T16:24:46.755+0000][gc          ] GC(225) Pause Young (Normal) (G1 Evacuation Pause) 848M->243M(1024M) 17.086ms
[2025-12-24T16:24:46.755+0000][gc,cpu      ] GC(225) User=0.11s Sys=0.00s Real=0.02s
[2025-12-24T16:25:16.986+0000][gc,start    ] GC(226) Pause Young (Normal) (G1 Evacuation Pause)
[2025-12-24T16:25:16.987+0000][gc,task     ] GC(226) Using 8 workers of 8 for evacuation
[2025-12-24T16:25:17.044+0000][gc,phases   ] GC(226)   Pre Evacuate Collection Set: 3.6ms
[2025-12-24T16:25:17.044+0000][gc,phases   ] GC(226)   Merge Heap Roots: 2.5ms
[2025-12-24T16:25:17.044+0000][gc,phases   ] GC(226)   Evacuate Collection Set: 45.1ms
[2025-12-24T16:25:17.044+0000][gc,phases   ] GC(226)   Post Evacuate Collection Set: 4.6ms
[2025-12-24T16:25:17.044+0000][gc,phases   ] GC(226)   Other: 0.9ms
[2025-12-24T16:25:17.044+0000][gc,heap     ] GC(226) Eden regions: 605->0(604)
[2025-12-24T16:25:17.044+0000][gc,heap     ] GC(226) Survivor regions: 9->10(77)
[2025-12-24T16:25:17.044+0000][gc,heap     ] GC(226) Old regions: 84->85
[2025-12-24T16:25:17.044+0000][gc,heap     ] GC(226) Humongous regions: 151->151
[2025-12-24T16:25:17.044+0000][gc,metaspace] GC(226) Metaspace: 15844K(16192K)->15844K(16192K) NonClass: 14106K(14208K)->14106K(14208K) Class: 1738K(1984K)->1738K(1984K)
[2025-12-24T16:25:17.044+0000][gc          ] GC(226) Pause Young (Normal) (G1 Evacuation Pause) 848M->244M(1024M) 58.564ms
[2025-12-24T16:25:17.044+0000][gc,cpu      ] GC(226) User=0.34s Sys=0.07s Real=0.06s
[2025-12-24T16:25:56.508+0000][gc,start    ] GC(227) Pause Young (Normal) (G1 Evacuation Pause)
[2025-12-24T16:25:56.509+0000][gc,task     ] GC(227) Using 8 workers of 8 for evacuation
[2025-12-24T16:25:56.546+0000][gc,phases   ] GC(227)   Pre Evacuate Collection Set: 1.7ms
[2025-12-24T16:25:56.546+0000][gc,phases   ] GC(227)   Merge Heap Roots: 0.6ms
[2025-12-24T16:25:56.547+0000][gc,phases   ] GC(227)   Evacuate Collection Set: 33.5ms
[2025-12-24T16:25:56.547+0000][gc,phases   ] GC(227)   Post Evacuate Collection Set: 1.3ms
[2025-12-24T16:25:56.547+0000][gc,phases   ] GC(227)   Other: 0.4ms
[2025-12-24T16:25:56.547+0000][gc,heap     ] GC(227) Eden regions: 604->0(605)
[2025-12-24T16:25:56.547+0000][gc,heap     ] GC(227) Survivor regions: 10->9(77)
[2025-12-24T16:25:56.547+0000][gc,heap     ] GC(227) Old regions: 85->85
[2025-12-24T16:25:56.547+0000][gc,heap     ] GC(227) Humongous regions: 151->151
[2025-12-24T16:25:56.547+0000][gc,metaspace] GC(227) Metaspace: 15845K(16192K)->15845K(16192K) NonClass: 14107K(14208K)->14107K(14208K) Class: 1738K(1984K)->1738K(1984K)
[2025-12-24T16:25:56.547+0000][gc          ] GC(227) Pause Young (Normal) (G1 Evacuation Pause) 848M->243M(1024M) 39.511ms
[2025-12-24T16:25:56.547+0000][gc,cpu      ] GC(227) User=0.27s Sys=0.00s Real=0.04s
[2025-12-24T16:26:26.707+0000][gc,start    ] GC(228) Pause Young (Normal) (G1 Evacuation Pause)
[2025-12-24T16:26:26.708+0000][gc,task     ] GC(228) Using 8 workers of 8 for evacuation
[2025-12-24T16:26:26.740+0000][gc,phases   ] GC(228)   Pre Evacuate Collection Set: 2.8ms
[2025-12-24T16:26:26.740+0000][gc,phases   ] GC(228)   Merge Heap Roots: 0.5ms
[2025-12-24T16:26:26.740+0000][gc,phases   ] GC(228)   Evacuate Collection Set: 27.0ms
[2025-12-24T16:26:26.741+0000][gc,phases   ] GC(228)   Post Evacuate Collection Set: 1.5ms
[2025-12-24T16:26:26.741+0000][gc,phases   ] GC(228)   Other: 0.4ms
[2025-12-24T16:26:26.741+0000][gc,heap     ] GC(228) Eden regions: 605->0(604)
[2025-12-24T16:26:26.741+0000][gc,heap     ] GC(228) Survivor regions: 9->10(77)
[2025-12-24T16:26:26.741+0000][gc,heap     ] GC(228) Old regions: 85->85
[2025-12-24T16:26:26.741+0000][gc,heap     ] GC(228) Humongous regions: 151->151
[2025-12-24T16:26:26.741+0000][gc,metaspace] GC(228) Metaspace: 15845K(16192K)->15845K(16192K) NonClass: 14107K(14208K)->14107K(14208K) Class: 1738K(1984K)->1738K(1984K)
[2025-12-24T16:26:26.741+0000][gc          ] GC(228) Pause Young (Normal) (G1 Evacuation Pause) 848M->245M(1024M) 33.490ms
[2025-12-24T16:26:26.741+0000][gc,cpu      ] GC(228) User=0.21s Sys=0.01s Real=0.03s
[2025-12-24T16:26:56.883+0000][gc,start    ] GC(229) Pause Young (Normal) (G1 Evacuation Pause)
[2025-12-24T16:26:56.884+0000][gc,task     ] GC(229) Using 8 workers of 8 for evacuation
[2025-12-24T16:26:56.910+0000][gc,phases   ] GC(229)   Pre Evacuate Collection Set: 1.3ms
[2025-12-24T16:26:56.910+0000][gc,phases   ] GC(229)   Merge Heap Roots: 0.8ms
[2025-12-24T16:26:56.910+0000][gc,phases   ] GC(229)   Evacuate Collection Set: 22.7ms
[2025-12-24T16:26:56.910+0000][gc,phases   ] GC(229)   Post Evacuate Collection Set: 1.3ms
[2025-12-24T16:26:56.910+0000][gc,phases   ] GC(229)   Other: 0.4ms
[2025-12-24T16:26:56.911+0000][gc,heap     ] GC(229) Eden regions: 604->0(604)
[2025-12-24T16:26:56.911+0000][gc,heap     ] GC(229) Survivor regions: 10->10(77)
[2025-12-24T16:26:56.911+0000][gc,heap     ] GC(229) Old regions: 85->86
[2025-12-24T16:26:56.911+0000][gc,heap     ] GC(229) Humongous regions: 151->151
[2025-12-24T16:26:56.911+0000][gc,metaspace] GC(229) Metaspace: 15845K(16192K)->15845K(16192K) NonClass: 14107K(14208K)->14107K(14208K) Class: 1738K(1984K)->1738K(1984K)
[2025-12-24T16:26:56.911+0000][gc          ] GC(229) Pause Young (Normal) (G1 Evacuation Pause) 849M->246M(1024M) 28.334ms
[2025-12-24T16:26:56.911+0000][gc,cpu      ] GC(229) User=0.19s Sys=0.00s Real=0.03s
[2025-12-24T16:27:27.043+0000][gc,start    ] GC(230) Pause Young (Normal) (G1 Evacuation Pause)
[2025-12-24T16:27:27.045+0000][gc,task     ] GC(230) Using 8 workers of 8 for evacuation
[2025-12-24T16:27:27.076+0000][gc,phases   ] GC(230)   Pre Evacuate Collection Set: 1.3ms
[2025-12-24T16:27:27.077+0000][gc,phases   ] GC(230)   Merge Heap Roots: 0.4ms
[2025-12-24T16:27:27.077+0000][gc,phases   ] GC(230)   Evacuate Collection Set: 26.5ms
[2025-12-24T16:27:27.077+0000][gc,phases   ] GC(230)   Post Evacuate Collection Set: 2.7ms
[2025-12-24T16:27:27.077+0000][gc,phases   ] GC(230)   Other: 0.6ms
[2025-12-24T16:27:27.077+0000][gc,heap     ] GC(230) Eden regions: 604->0(603)
[2025-12-24T16:27:27.077+0000][gc,heap     ] GC(230) Survivor regions: 10->11(77)
[2025-12-24T16:27:27.077+0000][gc,heap     ] GC(230) Old regions: 86->86
[2025-12-24T16:27:27.077+0000][gc,heap     ] GC(230) Humongous regions: 151->151
[2025-12-24T16:27:27.077+0000][gc,metaspace] GC(230) Metaspace: 15845K(16192K)->15845K(16192K) NonClass: 14107K(14208K)->14107K(14208K) Class: 1738K(1984K)->1738K(1984K)
[2025-12-24T16:27:27.077+0000][gc          ] GC(230) Pause Young (Normal) (G1 Evacuation Pause) 850M->247M(1024M) 33.911ms
[2025-12-24T16:27:27.077+0000][gc,cpu      ] GC(230) User=0.20s Sys=0.01s Real=0.03s
[2025-12-24T16:28:06.621+0000][gc,start    ] GC(231) Pause Young (Normal) (G1 Evacuation Pause)
[2025-12-24T16:28:06.625+0000][gc,task     ] GC(231) Using 8 workers of 8 for evacuation
[2025-12-24T16:28:06.648+0000][gc,phases   ] GC(231)   Pre Evacuate Collection Set: 1.1ms
[2025-12-24T16:28:06.648+0000][gc,phases   ] GC(231)   Merge Heap Roots: 0.4ms
[2025-12-24T16:28:06.648+0000][gc,phases   ] GC(231)   Evacuate Collection Set: 20.5ms
[2025-12-24T16:28:06.648+0000][gc,phases   ] GC(231)   Post Evacuate Collection Set: 1.4ms
[2025-12-24T16:28:06.649+0000][gc,phases   ] GC(231)   Other: 0.3ms
[2025-12-24T16:28:06.649+0000][gc,heap     ] GC(231) Eden regions: 603->0(607)
[2025-12-24T16:28:06.649+0000][gc,heap     ] GC(231) Survivor regions: 11->7(77)
[2025-12-24T16:28:06.649+0000][gc,heap     ] GC(231) Old regions: 86->87
[2025-12-24T16:28:06.649+0000][gc,heap     ] GC(231) Humongous regions: 151->151
[2025-12-24T16:28:06.649+0000][gc,metaspace] GC(231) Metaspace: 15845K(16192K)->15845K(16192K) NonClass: 14107K(14208K)->14107K(14208K) Class: 1738K(1984K)->1738K(1984K)
[2025-12-24T16:28:06.649+0000][gc          ] GC(231) Pause Young (Normal) (G1 Evacuation Pause) 850M->243M(1024M) 27.783ms
[2025-12-24T16:28:06.649+0000][gc,cpu      ] GC(231) User=0.17s Sys=0.00s Real=0.03s
[2025-12-24T16:28:36.914+0000][gc,start    ] GC(232) Pause Young (Normal) (G1 Evacuation Pause)
[2025-12-24T16:28:36.915+0000][gc,task     ] GC(232) Using 8 workers of 8 for evacuation
[2025-12-24T16:28:36.937+0000][gc,phases   ] GC(232)   Pre Evacuate Collection Set: 1.9ms
[2025-12-24T16:28:36.937+0000][gc,phases   ] GC(232)   Merge Heap Roots: 0.4ms
[2025-12-24T16:28:36.937+0000][gc,phases   ] GC(232)   Evacuate Collection Set: 17.1ms
[2025-12-24T16:28:36.937+0000][gc,phases   ] GC(232)   Post Evacuate Collection Set: 1.3ms
[2025-12-24T16:28:36.937+0000][gc,phases   ] GC(232)   Other: 0.9ms
[2025-12-24T16:28:36.937+0000][gc,heap     ] GC(232) Eden regions: 607->0(606)
[2025-12-24T16:28:36.937+0000][gc,heap     ] GC(232) Survivor regions: 7->8(77)
[2025-12-24T16:28:36.937+0000][gc,heap     ] GC(232) Old regions: 87->87
[2025-12-24T16:28:36.937+0000][gc,heap     ] GC(232) Humongous regions: 151->151
[2025-12-24T16:28:36.937+0000][gc,metaspace] GC(232) Metaspace: 15845K(16192K)->15845K(16192K) NonClass: 14107K(14208K)->14107K(14208K) Class: 1738K(1984K)->1738K(1984K)
[2025-12-24T16:28:36.937+0000][gc          ] GC(232) Pause Young (Normal) (G1 Evacuation Pause) 850M->244M(1024M) 23.614ms
[2025-12-24T16:28:36.937+0000][gc,cpu      ] GC(232) User=0.15s Sys=0.00s Real=0.03s
[2025-12-24T16:29:07.439+0000][gc,start    ] GC(233) Pause Young (Normal) (G1 Evacuation Pause)
[2025-12-24T16:29:07.439+0000][gc,task     ] GC(233) Using 8 workers of 8 for evacuation
[2025-12-24T16:29:07.464+0000][gc,phases   ] GC(233)   Pre Evacuate Collection Set: 1.4ms
[2025-12-24T16:29:07.464+0000][gc,phases   ] GC(233)   Merge Heap Roots: 0.6ms
[2025-12-24T16:29:07.465+0000][gc,phases   ] GC(233)   Evacuate Collection Set: 21.4ms
[2025-12-24T16:29:07.465+0000][gc,phases   ] GC(233)   Post Evacuate Collection Set: 1.4ms
[2025-12-24T16:29:07.465+0000][gc,phases   ] GC(233)   Other: 0.3ms
[2025-12-24T16:29:07.465+0000][gc,heap     ] GC(233) Eden regions: 606->0(605)
[2025-12-24T16:29:07.465+0000][gc,heap     ] GC(233) Survivor regions: 8->9(77)
[2025-12-24T16:29:07.465+0000][gc,heap     ] GC(233) Old regions: 87->87
[2025-12-24T16:29:07.465+0000][gc,heap     ] GC(233) Humongous regions: 151->151
[2025-12-24T16:29:07.465+0000][gc,metaspace] GC(233) Metaspace: 15847K(16192K)->15847K(16192K) NonClass: 14109K(14208K)->14109K(14208K) Class: 1738K(1984K)->1738K(1984K)
[2025-12-24T16:29:07.465+0000][gc          ] GC(233) Pause Young (Normal) (G1 Evacuation Pause) 850M->246M(1024M) 26.504ms
[2025-12-24T16:29:07.465+0000][gc,cpu      ] GC(233) User=0.16s Sys=0.00s Real=0.03s
[2025-12-24T16:46:47.627+0000][gc,start    ] GC(234) Pause Young (Normal) (G1 Evacuation Pause)
[2025-12-24T16:46:47.627+0000][gc,task     ] GC(234) Using 8 workers of 8 for evacuation
[2025-12-24T16:46:47.659+0000][gc,phases   ] GC(234)   Pre Evacuate Collection Set: 1.1ms
[2025-12-24T16:46:47.659+0000][gc,phases   ] GC(234)   Merge Heap Roots: 0.3ms
[2025-12-24T16:46:47.659+0000][gc,phases   ] GC(234)   Evacuate Collection Set: 29.3ms
[2025-12-24T16:46:47.659+0000][gc,phases   ] GC(234)   Post Evacuate Collection Set: 1.2ms
[2025-12-24T16:46:47.659+0000][gc,phases   ] GC(234)   Other: 0.2ms
[2025-12-24T16:46:47.660+0000][gc,heap     ] GC(234) Eden regions: 605->0(606)
[2025-12-24T16:46:47.660+0000][gc,heap     ] GC(234) Survivor regions: 9->8(77)
[2025-12-24T16:46:47.660+0000][gc,heap     ] GC(234) Old regions: 87->88
[2025-12-24T16:46:47.660+0000][gc,heap     ] GC(234) Humongous regions: 151->151
[2025-12-24T16:46:47.660+0000][gc,metaspace] GC(234) Metaspace: 15861K(16256K)->15861K(16256K) NonClass: 14123K(14272K)->14123K(14272K) Class: 1738K(1984K)->1738K(1984K)
[2025-12-24T16:46:47.660+0000][gc          ] GC(234) Pause Young (Normal) (G1 Evacuation Pause) 851M->245M(1024M) 33.256ms
[2025-12-24T16:46:47.660+0000][gc,cpu      ] GC(234) User=0.20s Sys=0.00s Real=0.04s
[2025-12-24T16:47:17.787+0000][gc,start    ] GC(235) Pause Young (Normal) (G1 Evacuation Pause)
[2025-12-24T16:47:17.787+0000][gc,task     ] GC(235) Using 8 workers of 8 for evacuation
[2025-12-24T16:47:17.818+0000][gc,phases   ] GC(235)   Pre Evacuate Collection Set: 3.0ms
[2025-12-24T16:47:17.818+0000][gc,phases   ] GC(235)   Merge Heap Roots: 2.0ms
[2025-12-24T16:47:17.818+0000][gc,phases   ] GC(235)   Evacuate Collection Set: 22.1ms
[2025-12-24T16:47:17.818+0000][gc,phases   ] GC(235)   Post Evacuate Collection Set: 1.7ms
[2025-12-24T16:47:17.818+0000][gc,phases   ] GC(235)   Other: 1.2ms
[2025-12-24T16:47:17.821+0000][gc,heap     ] GC(235) Eden regions: 606->0(606)
[2025-12-24T16:47:17.821+0000][gc,heap     ] GC(235) Survivor regions: 8->8(77)
[2025-12-24T16:47:17.821+0000][gc,heap     ] GC(235) Old regions: 88->89
[2025-12-24T16:47:17.821+0000][gc,heap     ] GC(235) Humongous regions: 151->151
[2025-12-24T16:47:17.821+0000][gc,metaspace] GC(235) Metaspace: 15861K(16256K)->15861K(16256K) NonClass: 14123K(14272K)->14123K(14272K) Class: 1738K(1984K)->1738K(1984K)
[2025-12-24T16:47:17.821+0000][gc          ] GC(235) Pause Young (Normal) (G1 Evacuation Pause) 851M->246M(1024M) 34.069ms
[2025-12-24T16:47:17.821+0000][gc,cpu      ] GC(235) User=0.20s Sys=0.01s Real=0.04s
[2025-12-24T16:47:47.966+0000][gc,start    ] GC(236) Pause Young (Normal) (G1 Evacuation Pause)
[2025-12-24T16:47:47.968+0000][gc,task     ] GC(236) Using 8 workers of 8 for evacuation
[2025-12-24T16:47:47.984+0000][gc,phases   ] GC(236)   Pre Evacuate Collection Set: 1.5ms
[2025-12-24T16:47:47.984+0000][gc,phases   ] GC(236)   Merge Heap Roots: 0.3ms
[2025-12-24T16:47:47.984+0000][gc,phases   ] GC(236)   Evacuate Collection Set: 10.6ms
[2025-12-24T16:47:47.984+0000][gc,phases   ] GC(236)   Post Evacuate Collection Set: 2.9ms
[2025-12-24T16:47:47.984+0000][gc,phases   ] GC(236)   Other: 0.6ms
[2025-12-24T16:47:47.984+0000][gc,heap     ] GC(236) Eden regions: 606->0(608)
[2025-12-24T16:47:47.984+0000][gc,heap     ] GC(236) Survivor regions: 8->6(77)
[2025-12-24T16:47:47.984+0000][gc,heap     ] GC(236) Old regions: 89->89
[2025-12-24T16:47:47.984+0000][gc,heap     ] GC(236) Humongous regions: 151->151
[2025-12-24T16:47:47.984+0000][gc,metaspace] GC(236) Metaspace: 15861K(16256K)->15861K(16256K) NonClass: 14123K(14272K)->14123K(14272K) Class: 1738K(1984K)->1738K(1984K)
[2025-12-24T16:47:47.986+0000][gc          ] GC(236) Pause Young (Normal) (G1 Evacuation Pause) 852M->245M(1024M) 19.796ms
[2025-12-24T16:47:47.986+0000][gc,cpu      ] GC(236) User=0.07s Sys=0.00s Real=0.02s
[2025-12-24T16:48:27.597+0000][gc,start    ] GC(237) Pause Young (Normal) (G1 Evacuation Pause)
[2025-12-24T16:48:27.598+0000][gc,task     ] GC(237) Using 8 workers of 8 for evacuation
[2025-12-24T16:48:27.661+0000][gc,phases   ] GC(237)   Pre Evacuate Collection Set: 3.0ms
[2025-12-24T16:48:27.661+0000][gc,phases   ] GC(237)   Merge Heap Roots: 1.0ms
[2025-12-24T16:48:27.661+0000][gc,phases   ] GC(237)   Evacuate Collection Set: 50.8ms
[2025-12-24T16:48:27.661+0000][gc,phases   ] GC(237)   Post Evacuate Collection Set: 7.0ms
[2025-12-24T16:48:27.662+0000][gc,phases   ] GC(237)   Other: 0.8ms
[2025-12-24T16:48:27.662+0000][gc,heap     ] GC(237) Eden regions: 608->0(609)
[2025-12-24T16:48:27.662+0000][gc,heap     ] GC(237) Survivor regions: 6->5(77)
[2025-12-24T16:48:27.662+0000][gc,heap     ] GC(237) Old regions: 89->89
[2025-12-24T16:48:27.662+0000][gc,heap     ] GC(237) Humongous regions: 151->151
[2025-12-24T16:48:27.662+0000][gc,metaspace] GC(237) Metaspace: 15863K(16256K)->15863K(16256K) NonClass: 14125K(14272K)->14125K(14272K) Class: 1738K(1984K)->1738K(1984K)
[2025-12-24T16:48:27.663+0000][gc          ] GC(237) Pause Young (Normal) (G1 Evacuation Pause) 853M->244M(1024M) 65.548ms
[2025-12-24T16:48:27.663+0000][gc,cpu      ] GC(237) User=0.38s Sys=0.01s Real=0.06s
[2025-12-24T16:48:57.837+0000][gc,start    ] GC(238) Pause Young (Normal) (G1 Evacuation Pause)
[2025-12-24T16:48:57.837+0000][gc,task     ] GC(238) Using 8 workers of 8 for evacuation
[2025-12-24T16:48:57.848+0000][gc,phases   ] GC(238)   Pre Evacuate Collection Set: 1.2ms
[2025-12-24T16:48:57.848+0000][gc,phases   ] GC(238)   Merge Heap Roots: 0.2ms
[2025-12-24T16:48:57.848+0000][gc,phases   ] GC(238)   Evacuate Collection Set: 7.5ms
[2025-12-24T16:48:57.848+0000][gc,phases   ] GC(238)   Post Evacuate Collection Set: 1.2ms
[2025-12-24T16:48:57.848+0000][gc,phases   ] GC(238)   Other: 0.3ms
[2025-12-24T16:48:57.848+0000][gc,heap     ] GC(238) Eden regions: 609->0(608)
[2025-12-24T16:48:57.848+0000][gc,heap     ] GC(238) Survivor regions: 5->6(77)
[2025-12-24T16:48:57.848+0000][gc,heap     ] GC(238) Old regions: 89->90
[2025-12-24T16:48:57.848+0000][gc,heap     ] GC(238) Humongous regions: 151->151
[2025-12-24T16:48:57.848+0000][gc,metaspace] GC(238) Metaspace: 15863K(16256K)->15863K(16256K) NonClass: 14125K(14272K)->14125K(14272K) Class: 1738K(1984K)->1738K(1984K)
[2025-12-24T16:48:57.848+0000][gc          ] GC(238) Pause Young (Normal) (G1 Evacuation Pause) 853M->246M(1024M) 11.785ms
[2025-12-24T16:48:57.848+0000][gc,cpu      ] GC(238) User=0.07s Sys=0.00s Real=0.01s
[2025-12-24T16:49:28.099+0000][gc,start    ] GC(239) Pause Young (Normal) (G1 Evacuation Pause)
[2025-12-24T16:49:28.099+0000][gc,task     ] GC(239) Using 8 workers of 8 for evacuation
[2025-12-24T16:49:28.111+0000][gc,phases   ] GC(239)   Pre Evacuate Collection Set: 1.2ms
[2025-12-24T16:49:28.111+0000][gc,phases   ] GC(239)   Merge Heap Roots: 0.3ms
[2025-12-24T16:49:28.111+0000][gc,phases   ] GC(239)   Evacuate Collection Set: 8.7ms
[2025-12-24T16:49:28.111+0000][gc,phases   ] GC(239)   Post Evacuate Collection Set: 1.1ms
[2025-12-24T16:49:28.111+0000][gc,phases   ] GC(239)   Other: 0.6ms
[2025-12-24T16:49:28.112+0000][gc,heap     ] GC(239) Eden regions: 608->0(606)
[2025-12-24T16:49:28.112+0000][gc,heap     ] GC(239) Survivor regions: 6->8(77)
[2025-12-24T16:49:28.112+0000][gc,heap     ] GC(239) Old regions: 90->90
[2025-12-24T16:49:28.112+0000][gc,heap     ] GC(239) Humongous regions: 151->151
[2025-12-24T16:49:28.112+0000][gc,metaspace] GC(239) Metaspace: 15863K(16256K)->15863K(16256K) NonClass: 14125K(14272K)->14125K(14272K) Class: 1738K(1984K)->1738K(1984K)
[2025-12-24T16:49:28.112+0000][gc          ] GC(239) Pause Young (Normal) (G1 Evacuation Pause) 854M->247M(1024M) 13.116ms
[2025-12-24T16:49:28.112+0000][gc,cpu      ] GC(239) User=0.08s Sys=0.00s Real=0.01s
[2025-12-24T16:50:07.574+0000][gc,start    ] GC(240) Pause Young (Normal) (G1 Evacuation Pause)
[2025-12-24T16:50:07.577+0000][gc,task     ] GC(240) Using 8 workers of 8 for evacuation
[2025-12-24T16:50:07.593+0000][gc,phases   ] GC(240)   Pre Evacuate Collection Set: 5.1ms
[2025-12-24T16:50:07.593+0000][gc,phases   ] GC(240)   Merge Heap Roots: 0.8ms
[2025-12-24T16:50:07.593+0000][gc,phases   ] GC(240)   Evacuate Collection Set: 8.3ms
[2025-12-24T16:50:07.593+0000][gc,phases   ] GC(240)   Post Evacuate Collection Set: 1.2ms
[2025-12-24T16:50:07.593+0000][gc,phases   ] GC(240)   Other: 1.4ms
[2025-12-24T16:50:07.593+0000][gc,heap     ] GC(240) Eden regions: 606->0(606)
[2025-12-24T16:50:07.593+0000][gc,heap     ] GC(240) Survivor regions: 8->8(77)
[2025-12-24T16:50:07.593+0000][gc,heap     ] GC(240) Old regions: 90->90
[2025-12-24T16:50:07.594+0000][gc,heap     ] GC(240) Humongous regions: 151->151
[2025-12-24T16:50:07.594+0000][gc,metaspace] GC(240) Metaspace: 15864K(16256K)->15864K(16256K) NonClass: 14126K(14272K)->14126K(14272K) Class: 1738K(1984K)->1738K(1984K)
[2025-12-24T16:50:07.594+0000][gc          ] GC(240) Pause Young (Normal) (G1 Evacuation Pause) 853M->247M(1024M) 19.193ms
[2025-12-24T16:50:07.594+0000][gc,cpu      ] GC(240) User=0.09s Sys=0.00s Real=0.02s
[2025-12-24T16:50:37.733+0000][gc,start    ] GC(241) Pause Young (Normal) (G1 Evacuation Pause)
[2025-12-24T16:50:37.734+0000][gc,task     ] GC(241) Using 8 workers of 8 for evacuation
[2025-12-24T16:50:37.745+0000][gc,phases   ] GC(241)   Pre Evacuate Collection Set: 1.2ms
[2025-12-24T16:50:37.745+0000][gc,phases   ] GC(241)   Merge Heap Roots: 0.2ms
[2025-12-24T16:50:37.745+0000][gc,phases   ] GC(241)   Evacuate Collection Set: 7.7ms
[2025-12-24T16:50:37.745+0000][gc,phases   ] GC(241)   Post Evacuate Collection Set: 1.2ms
[2025-12-24T16:50:37.745+0000][gc,phases   ] GC(241)   Other: 0.3ms
[2025-12-24T16:50:37.745+0000][gc,heap     ] GC(241) Eden regions: 606->0(608)
[2025-12-24T16:50:37.745+0000][gc,heap     ] GC(241) Survivor regions: 8->6(77)
[2025-12-24T16:50:37.745+0000][gc,heap     ] GC(241) Old regions: 90->90
[2025-12-24T16:50:37.745+0000][gc,heap     ] GC(241) Humongous regions: 151->151
[2025-12-24T16:50:37.745+0000][gc,metaspace] GC(241) Metaspace: 15864K(16256K)->15864K(16256K) NonClass: 14126K(14272K)->14126K(14272K) Class: 1738K(1984K)->1738K(1984K)
[2025-12-24T16:50:37.745+0000][gc          ] GC(241) Pause Young (Normal) (G1 Evacuation Pause) 853M->245M(1024M) 12.394ms
[2025-12-24T16:50:37.745+0000][gc,cpu      ] GC(241) User=0.07s Sys=0.00s Real=0.01s
[2025-12-24T16:51:07.965+0000][gc,start    ] GC(242) Pause Young (Normal) (G1 Evacuation Pause)
[2025-12-24T16:51:07.966+0000][gc,task     ] GC(242) Using 8 workers of 8 for evacuation
[2025-12-24T16:51:07.981+0000][gc,phases   ] GC(242)   Pre Evacuate Collection Set: 2.1ms
[2025-12-24T16:51:07.981+0000][gc,phases   ] GC(242)   Merge Heap Roots: 0.8ms
[2025-12-24T16:51:07.982+0000][gc,phases   ] GC(242)   Evacuate Collection Set: 10.6ms
[2025-12-24T16:51:07.982+0000][gc,phases   ] GC(242)   Post Evacuate Collection Set: 1.3ms
[2025-12-24T16:51:07.982+0000][gc,phases   ] GC(242)   Other: 0.5ms
[2025-12-24T16:51:07.982+0000][gc,heap     ] GC(242) Eden regions: 608->0(607)
[2025-12-24T16:51:07.982+0000][gc,heap     ] GC(242) Survivor regions: 6->7(77)
[2025-12-24T16:51:07.982+0000][gc,heap     ] GC(242) Old regions: 90->90
[2025-12-24T16:51:07.982+0000][gc,heap     ] GC(242) Humongous regions: 151->151
[2025-12-24T16:51:07.982+0000][gc,metaspace] GC(242) Metaspace: 15864K(16256K)->15864K(16256K) NonClass: 14126K(14272K)->14126K(14272K) Class: 1738K(1984K)->1738K(1984K)
[2025-12-24T16:51:07.982+0000][gc          ] GC(242) Pause Young (Normal) (G1 Evacuation Pause) 853M->247M(1024M) 16.640ms
[2025-12-24T16:51:07.982+0000][gc,cpu      ] GC(242) User=0.10s Sys=0.00s Real=0.02s
[2025-12-24T16:51:47.536+0000][gc,start    ] GC(243) Pause Young (Normal) (G1 Evacuation Pause)
[2025-12-24T16:51:47.536+0000][gc,task     ] GC(243) Using 8 workers of 8 for evacuation
[2025-12-24T16:51:47.547+0000][gc,phases   ] GC(243)   Pre Evacuate Collection Set: 1.1ms
[2025-12-24T16:51:47.547+0000][gc,phases   ] GC(243)   Merge Heap Roots: 0.2ms
[2025-12-24T16:51:47.547+0000][gc,phases   ] GC(243)   Evacuate Collection Set: 6.9ms
[2025-12-24T16:51:47.547+0000][gc,phases   ] GC(243)   Post Evacuate Collection Set: 1.8ms
[2025-12-24T16:51:47.547+0000][gc,phases   ] GC(243)   Other: 0.4ms
[2025-12-24T16:51:47.548+0000][gc,heap     ] GC(243) Eden regions: 607->0(607)
[2025-12-24T16:51:47.548+0000][gc,heap     ] GC(243) Survivor regions: 7->7(77)
[2025-12-24T16:51:47.548+0000][gc,heap     ] GC(243) Old regions: 90->90
[2025-12-24T16:51:47.548+0000][gc,heap     ] GC(243) Humongous regions: 151->151
[2025-12-24T16:51:47.548+0000][gc,metaspace] GC(243) Metaspace: 15864K(16256K)->15864K(16256K) NonClass: 14126K(14272K)->14126K(14272K) Class: 1738K(1984K)->1738K(1984K)
[2025-12-24T16:51:47.548+0000][gc          ] GC(243) Pause Young (Normal) (G1 Evacuation Pause) 854M->246M(1024M) 12.540ms
[2025-12-24T16:51:47.548+0000][gc,cpu      ] GC(243) User=0.06s Sys=0.00s Real=0.02s
[2025-12-24T16:52:17.704+0000][gc,start    ] GC(244) Pause Young (Normal) (G1 Evacuation Pause)
[2025-12-24T16:52:17.705+0000][gc,task     ] GC(244) Using 8 workers of 8 for evacuation
[2025-12-24T16:52:17.714+0000][gc,phases   ] GC(244)   Pre Evacuate Collection Set: 1.1ms
[2025-12-24T16:52:17.714+0000][gc,phases   ] GC(244)   Merge Heap Roots: 0.2ms
[2025-12-24T16:52:17.714+0000][gc,phases   ] GC(244)   Evacuate Collection Set: 6.5ms
[2025-12-24T16:52:17.714+0000][gc,phases   ] GC(244)   Post Evacuate Collection Set: 1.0ms
[2025-12-24T16:52:17.714+0000][gc,phases   ] GC(244)   Other: 0.2ms
[2025-12-24T16:52:17.714+0000][gc,heap     ] GC(244) Eden regions: 607->0(606)
[2025-12-24T16:52:17.715+0000][gc,heap     ] GC(244) Survivor regions: 7->8(77)
[2025-12-24T16:52:17.715+0000][gc,heap     ] GC(244) Old regions: 90->90
[2025-12-24T16:52:17.715+0000][gc,heap     ] GC(244) Humongous regions: 151->151
[2025-12-24T16:52:17.715+0000][gc,metaspace] GC(244) Metaspace: 15864K(16256K)->15864K(16256K) NonClass: 14126K(14272K)->14126K(14272K) Class: 1738K(1984K)->1738K(1984K)
[2025-12-24T16:52:17.715+0000][gc          ] GC(244) Pause Young (Normal) (G1 Evacuation Pause) 853M->248M(1024M) 10.935ms
[2025-12-24T16:52:17.715+0000][gc,cpu      ] GC(244) User=0.05s Sys=0.00s Real=0.01s
[2025-12-24T16:52:47.916+0000][gc,start    ] GC(245) Pause Young (Normal) (G1 Evacuation Pause)
[2025-12-24T16:52:47.917+0000][gc,task     ] GC(245) Using 8 workers of 8 for evacuation
[2025-12-24T16:52:47.938+0000][gc,phases   ] GC(245)   Pre Evacuate Collection Set: 1.3ms
[2025-12-24T16:52:47.938+0000][gc,phases   ] GC(245)   Merge Heap Roots: 0.3ms
[2025-12-24T16:52:47.938+0000][gc,phases   ] GC(245)   Evacuate Collection Set: 18.3ms
[2025-12-24T16:52:47.938+0000][gc,phases   ] GC(245)   Post Evacuate Collection Set: 1.2ms
[2025-12-24T16:52:47.939+0000][gc,phases   ] GC(245)   Other: 0.3ms
[2025-12-24T16:52:47.939+0000][gc,heap     ] GC(245) Eden regions: 606->0(604)
[2025-12-24T16:52:47.939+0000][gc,heap     ] GC(245) Survivor regions: 8->10(77)
[2025-12-24T16:52:47.939+0000][gc,heap     ] GC(245) Old regions: 90->90
[2025-12-24T16:52:47.939+0000][gc,heap     ] GC(245) Humongous regions: 151->151
[2025-12-24T16:52:47.939+0000][gc,metaspace] GC(245) Metaspace: 15864K(16256K)->15864K(16256K) NonClass: 14126K(14272K)->14126K(14272K) Class: 1738K(1984K)->1738K(1984K)
[2025-12-24T16:52:47.939+0000][gc          ] GC(245) Pause Young (Normal) (G1 Evacuation Pause) 854M->250M(1024M) 22.705ms
[2025-12-24T16:52:47.939+0000][gc,cpu      ] GC(245) User=0.14s Sys=0.00s Real=0.02s
[2025-12-24T16:53:27.542+0000][gc,start    ] GC(246) Pause Young (Normal) (G1 Evacuation Pause)
[2025-12-24T16:53:27.543+0000][gc,task     ] GC(246) Using 8 workers of 8 for evacuation
[2025-12-24T16:53:27.568+0000][gc,phases   ] GC(246)   Pre Evacuate Collection Set: 8.2ms
[2025-12-24T16:53:27.569+0000][gc,phases   ] GC(246)   Merge Heap Roots: 1.0ms
[2025-12-24T16:53:27.569+0000][gc,phases   ] GC(246)   Evacuate Collection Set: 10.2ms
[2025-12-24T16:53:27.569+0000][gc,phases   ] GC(246)   Post Evacuate Collection Set: 5.5ms
[2025-12-24T16:53:27.569+0000][gc,phases   ] GC(246)   Other: 0.5ms
[2025-12-24T16:53:27.569+0000][gc,heap     ] GC(246) Eden regions: 604->0(608)
[2025-12-24T16:53:27.569+0000][gc,heap     ] GC(246) Survivor regions: 10->6(77)
[2025-12-24T16:53:27.569+0000][gc,heap     ] GC(246) Old regions: 90->90
[2025-12-24T16:53:27.570+0000][gc,heap     ] GC(246) Humongous regions: 151->151
[2025-12-24T16:53:27.570+0000][gc,metaspace] GC(246) Metaspace: 15866K(16256K)->15866K(16256K) NonClass: 14128K(14272K)->14128K(14272K) Class: 1738K(1984K)->1738K(1984K)
[2025-12-24T16:53:27.570+0000][gc          ] GC(246) Pause Young (Normal) (G1 Evacuation Pause) 854M->246M(1024M) 28.254ms
[2025-12-24T16:53:27.571+0000][gc,cpu      ] GC(246) User=0.13s Sys=0.00s Real=0.03s
[2025-12-24T16:53:57.677+0000][gc,start    ] GC(247) Pause Young (Normal) (G1 Evacuation Pause)
[2025-12-24T16:53:57.677+0000][gc,task     ] GC(247) Using 8 workers of 8 for evacuation
[2025-12-24T16:53:57.694+0000][gc,phases   ] GC(247)   Pre Evacuate Collection Set: 1.3ms
[2025-12-24T16:53:57.694+0000][gc,phases   ] GC(247)   Merge Heap Roots: 0.5ms
[2025-12-24T16:53:57.694+0000][gc,phases   ] GC(247)   Evacuate Collection Set: 13.1ms
[2025-12-24T16:53:57.694+0000][gc,phases   ] GC(247)   Post Evacuate Collection Set: 1.8ms
[2025-12-24T16:53:57.695+0000][gc,phases   ] GC(247)   Other: 0.4ms
[2025-12-24T16:53:57.695+0000][gc,heap     ] GC(247) Eden regions: 608->0(607)
[2025-12-24T16:53:57.695+0000][gc,heap     ] GC(247) Survivor regions: 6->7(77)
[2025-12-24T16:53:57.695+0000][gc,heap     ] GC(247) Old regions: 90->90
[2025-12-24T16:53:57.695+0000][gc,heap     ] GC(247) Humongous regions: 151->151
[2025-12-24T16:53:57.695+0000][gc,metaspace] GC(247) Metaspace: 15866K(16256K)->15866K(16256K) NonClass: 14128K(14272K)->14128K(14272K) Class: 1738K(1984K)->1738K(1984K)
[2025-12-24T16:53:57.695+0000][gc          ] GC(247) Pause Young (Normal) (G1 Evacuation Pause) 854M->247M(1024M) 18.494ms
[2025-12-24T16:53:57.695+0000][gc,cpu      ] GC(247) User=0.10s Sys=0.00s Real=0.02s
[2025-12-24T16:54:27.895+0000][gc,start    ] GC(248) Pause Young (Normal) (G1 Evacuation Pause)
[2025-12-24T16:54:27.897+0000][gc,task     ] GC(248) Using 8 workers of 8 for evacuation
[2025-12-24T16:54:27.919+0000][gc,phases   ] GC(248)   Pre Evacuate Collection Set: 5.1ms
[2025-12-24T16:54:27.920+0000][gc,phases   ] GC(248)   Merge Heap Roots: 1.2ms
[2025-12-24T16:54:27.920+0000][gc,phases   ] GC(248)   Evacuate Collection Set: 14.1ms
[2025-12-24T16:54:27.920+0000][gc,phases   ] GC(248)   Post Evacuate Collection Set: 1.5ms
[2025-12-24T16:54:27.920+0000][gc,phases   ] GC(248)   Other: 1.5ms
[2025-12-24T16:54:27.920+0000][gc,heap     ] GC(248) Eden regions: 607->0(605)
[2025-12-24T16:54:27.920+0000][gc,heap     ] GC(248) Survivor regions: 7->9(77)
[2025-12-24T16:54:27.920+0000][gc,heap     ] GC(248) Old regions: 90->91
[2025-12-24T16:54:27.921+0000][gc,heap     ] GC(248) Humongous regions: 151->151
[2025-12-24T16:54:27.921+0000][gc,metaspace] GC(248) Metaspace: 15866K(16256K)->15866K(16256K) NonClass: 14128K(14272K)->14128K(14272K) Class: 1738K(1984K)->1738K(1984K)
[2025-12-24T16:54:27.924+0000][gc          ] GC(248) Pause Young (Normal) (G1 Evacuation Pause) 854M->249M(1024M) 29.310ms
[2025-12-24T16:54:27.926+0000][gc,cpu      ] GC(248) User=0.13s Sys=0.00s Real=0.03s
[2025-12-24T16:55:02.550+0000][gc,start    ] GC(249) Pause Young (Normal) (G1 Evacuation Pause)
[2025-12-24T16:55:02.554+0000][gc,task     ] GC(249) Using 8 workers of 8 for evacuation
[2025-12-24T16:55:02.580+0000][gc,phases   ] GC(249)   Pre Evacuate Collection Set: 2.3ms
[2025-12-24T16:55:02.580+0000][gc,phases   ] GC(249)   Merge Heap Roots: 0.4ms
[2025-12-24T16:55:02.580+0000][gc,phases   ] GC(249)   Evacuate Collection Set: 20.1ms
[2025-12-24T16:55:02.580+0000][gc,phases   ] GC(249)   Post Evacuate Collection Set: 2.1ms
[2025-12-24T16:55:02.580+0000][gc,phases   ] GC(249)   Other: 0.9ms
[2025-12-24T16:55:02.580+0000][gc,heap     ] GC(249) Eden regions: 605->0(606)
[2025-12-24T16:55:02.580+0000][gc,heap     ] GC(249) Survivor regions: 9->8(77)
[2025-12-24T16:55:02.580+0000][gc,heap     ] GC(249) Old regions: 91->91
[2025-12-24T16:55:02.580+0000][gc,heap     ] GC(249) Humongous regions: 151->151
[2025-12-24T16:55:02.580+0000][gc,metaspace] GC(249) Metaspace: 15867K(16256K)->15867K(16256K) NonClass: 14128K(14272K)->14128K(14272K) Class: 1738K(1984K)->1738K(1984K)
[2025-12-24T16:55:02.581+0000][gc          ] GC(249) Pause Young (Normal) (G1 Evacuation Pause) 854M->248M(1024M) 30.846ms
[2025-12-24T16:55:02.581+0000][gc,cpu      ] GC(249) User=0.12s Sys=0.01s Real=0.03s
[2025-12-24T16:55:37.658+0000][gc,start    ] GC(250) Pause Young (Normal) (G1 Evacuation Pause)
[2025-12-24T16:55:37.659+0000][gc,task     ] GC(250) Using 8 workers of 8 for evacuation
[2025-12-24T16:55:37.671+0000][gc,phases   ] GC(250)   Pre Evacuate Collection Set: 1.0ms
[2025-12-24T16:55:37.671+0000][gc,phases   ] GC(250)   Merge Heap Roots: 0.3ms
[2025-12-24T16:55:37.671+0000][gc,phases   ] GC(250)   Evacuate Collection Set: 9.3ms
[2025-12-24T16:55:37.671+0000][gc,phases   ] GC(250)   Post Evacuate Collection Set: 1.1ms
[2025-12-24T16:55:37.671+0000][gc,phases   ] GC(250)   Other: 0.7ms
[2025-12-24T16:55:37.672+0000][gc,heap     ] GC(250) Eden regions: 606->0(605)
[2025-12-24T16:55:37.672+0000][gc,heap     ] GC(250) Survivor regions: 8->9(77)
[2025-12-24T16:55:37.672+0000][gc,heap     ] GC(250) Old regions: 91->91
[2025-12-24T16:55:37.672+0000][gc,heap     ] GC(250) Humongous regions: 151->151
[2025-12-24T16:55:37.672+0000][gc,metaspace] GC(250) Metaspace: 15867K(16256K)->15867K(16256K) NonClass: 14128K(14272K)->14128K(14272K) Class: 1738K(1984K)->1738K(1984K)
[2025-12-24T16:55:37.672+0000][gc          ] GC(250) Pause Young (Normal) (G1 Evacuation Pause) 854M->250M(1024M) 13.483ms
[2025-12-24T16:55:37.672+0000][gc,cpu      ] GC(250) User=0.07s Sys=0.01s Real=0.01s
[2025-12-24T16:56:07.856+0000][gc,start    ] GC(251) Pause Young (Normal) (G1 Evacuation Pause)
[2025-12-24T16:56:07.857+0000][gc,task     ] GC(251) Using 8 workers of 8 for evacuation
[2025-12-24T16:56:07.877+0000][gc,phases   ] GC(251)   Pre Evacuate Collection Set: 1.2ms
[2025-12-24T16:56:07.877+0000][gc,phases   ] GC(251)   Merge Heap Roots: 0.3ms
[2025-12-24T16:56:07.877+0000][gc,phases   ] GC(251)   Evacuate Collection Set: 16.5ms
[2025-12-24T16:56:07.877+0000][gc,phases   ] GC(251)   Post Evacuate Collection Set: 1.2ms
[2025-12-24T16:56:07.877+0000][gc,phases   ] GC(251)   Other: 0.4ms
[2025-12-24T16:56:07.877+0000][gc,heap     ] GC(251) Eden regions: 605->0(606)
[2025-12-24T16:56:07.877+0000][gc,heap     ] GC(251) Survivor regions: 9->8(77)
[2025-12-24T16:56:07.877+0000][gc,heap     ] GC(251) Old regions: 91->91
[2025-12-24T16:56:07.877+0000][gc,heap     ] GC(251) Humongous regions: 151->151
[2025-12-24T16:56:07.877+0000][gc,metaspace] GC(251) Metaspace: 15867K(16256K)->15867K(16256K) NonClass: 14128K(14272K)->14128K(14272K) Class: 1738K(1984K)->1738K(1984K)
[2025-12-24T16:56:07.877+0000][gc          ] GC(251) Pause Young (Normal) (G1 Evacuation Pause) 855M->249M(1024M) 20.829ms
[2025-12-24T16:56:07.877+0000][gc,cpu      ] GC(251) User=0.13s Sys=0.00s Real=0.03s
[2025-12-24T16:56:38.018+0000][gc,start    ] GC(252) Pause Young (Normal) (G1 Evacuation Pause)
[2025-12-24T16:56:38.019+0000][gc,task     ] GC(252) Using 8 workers of 8 for evacuation
[2025-12-24T16:56:38.034+0000][gc,phases   ] GC(252)   Pre Evacuate Collection Set: 1.3ms
[2025-12-24T16:56:38.034+0000][gc,phases   ] GC(252)   Merge Heap Roots: 0.3ms
[2025-12-24T16:56:38.034+0000][gc,phases   ] GC(252)   Evacuate Collection Set: 11.2ms
[2025-12-24T16:56:38.035+0000][gc,phases   ] GC(252)   Post Evacuate Collection Set: 1.7ms
[2025-12-24T16:56:38.035+0000][gc,phases   ] GC(252)   Other: 0.3ms
[2025-12-24T16:56:38.035+0000][gc,heap     ] GC(252) Eden regions: 606->0(605)
[2025-12-24T16:56:38.035+0000][gc,heap     ] GC(252) Survivor regions: 8->9(77)
[2025-12-24T16:56:38.035+0000][gc,heap     ] GC(252) Old regions: 91->92
[2025-12-24T16:56:38.035+0000][gc,heap     ] GC(252) Humongous regions: 151->151
[2025-12-24T16:56:38.035+0000][gc,metaspace] GC(252) Metaspace: 15867K(16256K)->15867K(16256K) NonClass: 14128K(14272K)->14128K(14272K) Class: 1738K(1984K)->1738K(1984K)
[2025-12-24T16:56:38.035+0000][gc          ] GC(252) Pause Young (Normal) (G1 Evacuation Pause) 855M->250M(1024M) 16.669ms
[2025-12-24T16:56:38.035+0000][gc,cpu      ] GC(252) User=0.09s Sys=0.00s Real=0.02s
[2025-12-24T16:57:17.602+0000][gc,start    ] GC(253) Pause Young (Normal) (G1 Evacuation Pause)
[2025-12-24T16:57:17.602+0000][gc,task     ] GC(253) Using 8 workers of 8 for evacuation
[2025-12-24T16:57:17.622+0000][gc,phases   ] GC(253)   Pre Evacuate Collection Set: 2.7ms
[2025-12-24T16:57:17.623+0000][gc,phases   ] GC(253)   Merge Heap Roots: 1.8ms
[2025-12-24T16:57:17.623+0000][gc,phases   ] GC(253)   Evacuate Collection Set: 13.9ms
[2025-12-24T16:57:17.623+0000][gc,phases   ] GC(253)   Post Evacuate Collection Set: 1.2ms
[2025-12-24T16:57:17.623+0000][gc,phases   ] GC(253)   Other: 0.5ms
[2025-12-24T16:57:17.623+0000][gc,heap     ] GC(253) Eden regions: 605->0(606)
[2025-12-24T16:57:17.623+0000][gc,heap     ] GC(253) Survivor regions: 9->8(77)
[2025-12-24T16:57:17.623+0000][gc,heap     ] GC(253) Old regions: 92->92
[2025-12-24T16:57:17.623+0000][gc,heap     ] GC(253) Humongous regions: 151->151
[2025-12-24T16:57:17.623+0000][gc,metaspace] GC(253) Metaspace: 15867K(16256K)->15867K(16256K) NonClass: 14128K(14272K)->14128K(14272K) Class: 1738K(1984K)->1738K(1984K)
[2025-12-24T16:57:17.623+0000][gc          ] GC(253) Pause Young (Normal) (G1 Evacuation Pause) 855M->249M(1024M) 21.478ms
[2025-12-24T16:57:17.623+0000][gc,cpu      ] GC(253) User=0.13s Sys=0.00s Real=0.03s
[2025-12-24T16:57:47.785+0000][gc,start    ] GC(254) Pause Young (Normal) (G1 Evacuation Pause)
[2025-12-24T16:57:47.786+0000][gc,task     ] GC(254) Using 8 workers of 8 for evacuation
[2025-12-24T16:57:47.807+0000][gc,phases   ] GC(254)   Pre Evacuate Collection Set: 0.9ms
[2025-12-24T16:57:47.808+0000][gc,phases   ] GC(254)   Merge Heap Roots: 0.4ms
[2025-12-24T16:57:47.808+0000][gc,phases   ] GC(254)   Evacuate Collection Set: 19.2ms
[2025-12-24T16:57:47.808+0000][gc,phases   ] GC(254)   Post Evacuate Collection Set: 1.0ms
[2025-12-24T16:57:47.808+0000][gc,phases   ] GC(254)   Other: 0.2ms
[2025-12-24T16:57:47.808+0000][gc,heap     ] GC(254) Eden regions: 606->0(605)
[2025-12-24T16:57:47.808+0000][gc,heap     ] GC(254) Survivor regions: 8->9(77)
[2025-12-24T16:57:47.808+0000][gc,heap     ] GC(254) Old regions: 92->92
[2025-12-24T16:57:47.808+0000][gc,heap     ] GC(254) Humongous regions: 151->151
[2025-12-24T16:57:47.808+0000][gc,metaspace] GC(254) Metaspace: 15867K(16256K)->15867K(16256K) NonClass: 14129K(14272K)->14129K(14272K) Class: 1738K(1984K)->1738K(1984K)
[2025-12-24T16:57:47.808+0000][gc          ] GC(254) Pause Young (Normal) (G1 Evacuation Pause) 855M->251M(1024M) 22.758ms
[2025-12-24T16:57:47.808+0000][gc,cpu      ] GC(254) User=0.14s Sys=0.00s Real=0.02s
[2025-12-24T16:58:18.124+0000][gc,start    ] GC(255) Pause Young (Normal) (G1 Evacuation Pause)
[2025-12-24T16:58:18.124+0000][gc,task     ] GC(255) Using 8 workers of 8 for evacuation
[2025-12-24T16:58:18.143+0000][gc,phases   ] GC(255)   Pre Evacuate Collection Set: 2.2ms
[2025-12-24T16:58:18.144+0000][gc,phases   ] GC(255)   Merge Heap Roots: 1.0ms
[2025-12-24T16:58:18.144+0000][gc,phases   ] GC(255)   Evacuate Collection Set: 13.7ms
[2025-12-24T16:58:18.144+0000][gc,phases   ] GC(255)   Post Evacuate Collection Set: 1.8ms
[2025-12-24T16:58:18.144+0000][gc,phases   ] GC(255)   Other: 0.6ms
[2025-12-24T16:58:18.144+0000][gc,heap     ] GC(255) Eden regions: 605->0(603)
[2025-12-24T16:58:18.144+0000][gc,heap     ] GC(255) Survivor regions: 9->11(77)
[2025-12-24T16:58:18.144+0000][gc,heap     ] GC(255) Old regions: 92->92
[2025-12-24T16:58:18.144+0000][gc,heap     ] GC(255) Humongous regions: 151->151
[2025-12-24T16:58:18.144+0000][gc,metaspace] GC(255) Metaspace: 15871K(16256K)->15871K(16256K) NonClass: 14133K(14272K)->14133K(14272K) Class: 1738K(1984K)->1738K(1984K)
[2025-12-24T16:58:18.144+0000][gc          ] GC(255) Pause Young (Normal) (G1 Evacuation Pause) 856M->253M(1024M) 20.651ms
[2025-12-24T16:58:18.144+0000][gc,cpu      ] GC(255) User=0.13s Sys=0.00s Real=0.02s
[2025-12-24T16:58:57.562+0000][gc,start    ] GC(256) Pause Young (Normal) (G1 Evacuation Pause)
[2025-12-24T16:58:57.563+0000][gc,task     ] GC(256) Using 8 workers of 8 for evacuation
[2025-12-24T16:58:57.581+0000][gc,phases   ] GC(256)   Pre Evacuate Collection Set: 1.1ms
[2025-12-24T16:58:57.581+0000][gc,phases   ] GC(256)   Merge Heap Roots: 0.4ms
[2025-12-24T16:58:57.581+0000][gc,phases   ] GC(256)   Evacuate Collection Set: 13.8ms
[2025-12-24T16:58:57.581+0000][gc,phases   ] GC(256)   Post Evacuate Collection Set: 2.5ms
[2025-12-24T16:58:57.581+0000][gc,phases   ] GC(256)   Other: 0.3ms
[2025-12-24T16:58:57.581+0000][gc,heap     ] GC(256) Eden regions: 603->0(607)
[2025-12-24T16:58:57.582+0000][gc,heap     ] GC(256) Survivor regions: 11->7(77)
[2025-12-24T16:58:57.582+0000][gc,heap     ] GC(256) Old regions: 92->93
[2025-12-24T16:58:57.582+0000][gc,heap     ] GC(256) Humongous regions: 151->151
[2025-12-24T16:58:57.582+0000][gc,metaspace] GC(256) Metaspace: 15871K(16256K)->15871K(16256K) NonClass: 14133K(14272K)->14133K(14272K) Class: 1738K(1984K)->1738K(1984K)
[2025-12-24T16:58:57.582+0000][gc          ] GC(256) Pause Young (Normal) (G1 Evacuation Pause) 856M->249M(1024M) 19.798ms
[2025-12-24T16:58:57.582+0000][gc,cpu      ] GC(256) User=0.11s Sys=0.00s Real=0.02s
[2025-12-24T16:59:27.758+0000][gc,start    ] GC(257) Pause Young (Normal) (G1 Evacuation Pause)
[2025-12-24T16:59:27.760+0000][gc,task     ] GC(257) Using 8 workers of 8 for evacuation
[2025-12-24T16:59:27.778+0000][gc,phases   ] GC(257)   Pre Evacuate Collection Set: 2.3ms
[2025-12-24T16:59:27.779+0000][gc,phases   ] GC(257)   Merge Heap Roots: 1.0ms
[2025-12-24T16:59:27.779+0000][gc,phases   ] GC(257)   Evacuate Collection Set: 13.4ms
[2025-12-24T16:59:27.779+0000][gc,phases   ] GC(257)   Post Evacuate Collection Set: 1.5ms
[2025-12-24T16:59:27.779+0000][gc,phases   ] GC(257)   Other: 0.7ms
[2025-12-24T16:59:27.779+0000][gc,heap     ] GC(257) Eden regions: 607->0(606)
[2025-12-24T16:59:27.779+0000][gc,heap     ] GC(257) Survivor regions: 7->8(77)
[2025-12-24T16:59:27.779+0000][gc,heap     ] GC(257) Old regions: 93->93
[2025-12-24T16:59:27.779+0000][gc,heap     ] GC(257) Humongous regions: 151->151
[2025-12-24T16:59:27.779+0000][gc,metaspace] GC(257) Metaspace: 15871K(16256K)->15871K(16256K) NonClass: 14133K(14272K)->14133K(14272K) Class: 1738K(1984K)->1738K(1984K)
[2025-12-24T16:59:27.779+0000][gc          ] GC(257) Pause Young (Normal) (G1 Evacuation Pause) 856M->250M(1024M) 20.975ms
[2025-12-24T16:59:27.779+0000][gc,cpu      ] GC(257) User=0.12s Sys=0.00s Real=0.02s
[2025-12-24T16:59:57.947+0000][gc,start    ] GC(258) Pause Young (Normal) (G1 Evacuation Pause)
[2025-12-24T16:59:57.948+0000][gc,task     ] GC(258) Using 8 workers of 8 for evacuation
[2025-12-24T16:59:57.970+0000][gc,phases   ] GC(258)   Pre Evacuate Collection Set: 1.1ms
[2025-12-24T16:59:57.971+0000][gc,phases   ] GC(258)   Merge Heap Roots: 0.3ms
[2025-12-24T16:59:57.971+0000][gc,phases   ] GC(258)   Evacuate Collection Set: 19.2ms
[2025-12-24T16:59:57.971+0000][gc,phases   ] GC(258)   Post Evacuate Collection Set: 1.6ms
[2025-12-24T16:59:57.971+0000][gc,phases   ] GC(258)   Other: 0.5ms
[2025-12-24T16:59:57.971+0000][gc,heap     ] GC(258) Eden regions: 606->0(605)
[2025-12-24T16:59:57.971+0000][gc,heap     ] GC(258) Survivor regions: 8->9(77)
[2025-12-24T16:59:57.971+0000][gc,heap     ] GC(258) Old regions: 93->93
[2025-12-24T16:59:57.971+0000][gc,heap     ] GC(258) Humongous regions: 151->151
[2025-12-24T16:59:57.971+0000][gc,metaspace] GC(258) Metaspace: 15871K(16256K)->15871K(16256K) NonClass: 14133K(14272K)->14133K(14272K) Class: 1738K(1984K)->1738K(1984K)
[2025-12-24T16:59:57.971+0000][gc          ] GC(258) Pause Young (Normal) (G1 Evacuation Pause) 856M->252M(1024M) 24.267ms
[2025-12-24T16:59:57.971+0000][gc,cpu      ] GC(258) User=0.14s Sys=0.00s Real=0.02s
[2025-12-24T17:00:37.544+0000][gc,start    ] GC(259) Pause Young (Normal) (G1 Evacuation Pause)
[2025-12-24T17:00:37.544+0000][gc,task     ] GC(259) Using 8 workers of 8 for evacuation
[2025-12-24T17:00:37.563+0000][gc,phases   ] GC(259)   Pre Evacuate Collection Set: 1.2ms
[2025-12-24T17:00:37.563+0000][gc,phases   ] GC(259)   Merge Heap Roots: 0.3ms
[2025-12-24T17:00:37.563+0000][gc,phases   ] GC(259)   Evacuate Collection Set: 15.0ms
[2025-12-24T17:00:37.563+0000][gc,phases   ] GC(259)   Post Evacuate Collection Set: 1.4ms
[2025-12-24T17:00:37.563+0000][gc,phases   ] GC(259)   Other: 0.3ms
[2025-12-24T17:00:37.563+0000][gc,heap     ] GC(259) Eden regions: 605->0(605)
[2025-12-24T17:00:37.563+0000][gc,heap     ] GC(259) Survivor regions: 9->9(77)
[2025-12-24T17:00:37.563+0000][gc,heap     ] GC(259) Old regions: 93->94
[2025-12-24T17:00:37.563+0000][gc,heap     ] GC(259) Humongous regions: 151->151
[2025-12-24T17:00:37.563+0000][gc,metaspace] GC(259) Metaspace: 15871K(16256K)->15871K(16256K) NonClass: 14133K(14272K)->14133K(14272K) Class: 1738K(1984K)->1738K(1984K)
[2025-12-24T17:00:37.563+0000][gc          ] GC(259) Pause Young (Normal) (G1 Evacuation Pause) 857M->252M(1024M) 19.797ms
[2025-12-24T17:00:37.563+0000][gc,cpu      ] GC(259) User=0.12s Sys=0.00s Real=0.02s
[2025-12-24T17:01:07.706+0000][gc,start    ] GC(260) Pause Young (Normal) (G1 Evacuation Pause)
[2025-12-24T17:01:07.707+0000][gc,task     ] GC(260) Using 8 workers of 8 for evacuation
[2025-12-24T17:01:07.718+0000][gc,phases   ] GC(260)   Pre Evacuate Collection Set: 1.3ms
[2025-12-24T17:01:07.718+0000][gc,phases   ] GC(260)   Merge Heap Roots: 0.3ms
[2025-12-24T17:01:07.718+0000][gc,phases   ] GC(260)   Evacuate Collection Set: 7.9ms
[2025-12-24T17:01:07.718+0000][gc,phases   ] GC(260)   Post Evacuate Collection Set: 1.0ms
[2025-12-24T17:01:07.718+0000][gc,phases   ] GC(260)   Other: 0.3ms
[2025-12-24T17:01:07.718+0000][gc,heap     ] GC(260) Eden regions: 605->0(604)
[2025-12-24T17:01:07.718+0000][gc,heap     ] GC(260) Survivor regions: 9->10(77)
[2025-12-24T17:01:07.718+0000][gc,heap     ] GC(260) Old regions: 94->94
[2025-12-24T17:01:07.718+0000][gc,heap     ] GC(260) Humongous regions: 151->151
[2025-12-24T17:01:07.718+0000][gc,metaspace] GC(260) Metaspace: 15871K(16256K)->15871K(16256K) NonClass: 14133K(14272K)->14133K(14272K) Class: 1738K(1984K)->1738K(1984K)
[2025-12-24T17:01:07.718+0000][gc          ] GC(260) Pause Young (Normal) (G1 Evacuation Pause) 857M->253M(1024M) 11.974ms
[2025-12-24T17:01:07.718+0000][gc,cpu      ] GC(260) User=0.07s Sys=0.01s Real=0.01s
[2025-12-24T17:01:37.887+0000][gc,start    ] GC(261) Pause Young (Normal) (G1 Evacuation Pause)
[2025-12-24T17:01:37.888+0000][gc,task     ] GC(261) Using 8 workers of 8 for evacuation
[2025-12-24T17:01:37.901+0000][gc,phases   ] GC(261)   Pre Evacuate Collection Set: 1.2ms
[2025-12-24T17:01:37.901+0000][gc,phases   ] GC(261)   Merge Heap Roots: 0.3ms
[2025-12-24T17:01:37.901+0000][gc,phases   ] GC(261)   Evacuate Collection Set: 10.4ms
[2025-12-24T17:01:37.902+0000][gc,phases   ] GC(261)   Post Evacuate Collection Set: 1.2ms
[2025-12-24T17:01:37.902+0000][gc,phases   ] GC(261)   Other: 0.3ms
[2025-12-24T17:01:37.902+0000][gc,heap     ] GC(261) Eden regions: 604->0(606)
[2025-12-24T17:01:37.902+0000][gc,heap     ] GC(261) Survivor regions: 10->8(77)
[2025-12-24T17:01:37.902+0000][gc,heap     ] GC(261) Old regions: 94->94
[2025-12-24T17:01:37.902+0000][gc,heap     ] GC(261) Humongous regions: 151->151
[2025-12-24T17:01:37.902+0000][gc,metaspace] GC(261) Metaspace: 15871K(16256K)->15871K(16256K) NonClass: 14133K(14272K)->14133K(14272K) Class: 1738K(1984K)->1738K(1984K)
[2025-12-24T17:01:37.902+0000][gc          ] GC(261) Pause Young (Normal) (G1 Evacuation Pause) 857M->252M(1024M) 15.288ms
[2025-12-24T17:01:37.902+0000][gc,cpu      ] GC(261) User=0.09s Sys=0.00s Real=0.01s
[2025-12-24T17:02:17.483+0000][gc,start    ] GC(262) Pause Young (Normal) (G1 Evacuation Pause)
[2025-12-24T17:02:17.485+0000][gc,task     ] GC(262) Using 8 workers of 8 for evacuation
[2025-12-24T17:02:17.506+0000][gc,phases   ] GC(262)   Pre Evacuate Collection Set: 1.8ms
[2025-12-24T17:02:17.506+0000][gc,phases   ] GC(262)   Merge Heap Roots: 0.6ms
[2025-12-24T17:02:17.507+0000][gc,phases   ] GC(262)   Evacuate Collection Set: 16.9ms
[2025-12-24T17:02:17.507+0000][gc,phases   ] GC(262)   Post Evacuate Collection Set: 1.6ms
[2025-12-24T17:02:17.507+0000][gc,phases   ] GC(262)   Other: 0.6ms
[2025-12-24T17:02:17.507+0000][gc,heap     ] GC(262) Eden regions: 606->0(607)
[2025-12-24T17:02:17.507+0000][gc,heap     ] GC(262) Survivor regions: 8->7(77)
[2025-12-24T17:02:17.507+0000][gc,heap     ] GC(262) Old regions: 94->95
[2025-12-24T17:02:17.507+0000][gc,heap     ] GC(262) Humongous regions: 151->151
[2025-12-24T17:02:17.507+0000][gc,metaspace] GC(262) Metaspace: 15871K(16256K)->15871K(16256K) NonClass: 14133K(14272K)->14133K(14272K) Class: 1738K(1984K)->1738K(1984K)
[2025-12-24T17:02:17.507+0000][gc          ] GC(262) Pause Young (Normal) (G1 Evacuation Pause) 858M->251M(1024M) 24.402ms
[2025-12-24T17:02:17.507+0000][gc,cpu      ] GC(262) User=0.12s Sys=0.00s Real=0.02s
[2025-12-24T17:02:47.652+0000][gc,start    ] GC(263) Pause Young (Normal) (G1 Evacuation Pause)
[2025-12-24T17:02:47.654+0000][gc,task     ] GC(263) Using 8 workers of 8 for evacuation
[2025-12-24T17:02:47.666+0000][gc,phases   ] GC(263)   Pre Evacuate Collection Set: 1.9ms
[2025-12-24T17:02:47.666+0000][gc,phases   ] GC(263)   Merge Heap Roots: 0.3ms
[2025-12-24T17:02:47.666+0000][gc,phases   ] GC(263)   Evacuate Collection Set: 8.0ms
[2025-12-24T17:02:47.666+0000][gc,phases   ] GC(263)   Post Evacuate Collection Set: 1.3ms
[2025-12-24T17:02:47.666+0000][gc,phases   ] GC(263)   Other: 0.9ms
[2025-12-24T17:02:47.666+0000][gc,heap     ] GC(263) Eden regions: 607->0(606)
[2025-12-24T17:02:47.666+0000][gc,heap     ] GC(263) Survivor regions: 7->8(77)
[2025-12-24T17:02:47.666+0000][gc,heap     ] GC(263) Old regions: 95->95
[2025-12-24T17:02:47.666+0000][gc,heap     ] GC(263) Humongous regions: 151->151
[2025-12-24T17:02:47.666+0000][gc,metaspace] GC(263) Metaspace: 15871K(16256K)->15871K(16256K) NonClass: 14133K(14272K)->14133K(14272K) Class: 1738K(1984K)->1738K(1984K)
[2025-12-24T17:02:47.667+0000][gc          ] GC(263) Pause Young (Normal) (G1 Evacuation Pause) 858M->253M(1024M) 14.202ms
[2025-12-24T17:02:47.667+0000][gc,cpu      ] GC(263) User=0.07s Sys=0.00s Real=0.01s
[2025-12-24T17:03:17.900+0000][gc,start    ] GC(264) Pause Young (Normal) (G1 Evacuation Pause)
[2025-12-24T17:03:17.901+0000][gc,task     ] GC(264) Using 8 workers of 8 for evacuation
[2025-12-24T17:03:17.918+0000][gc,phases   ] GC(264)   Pre Evacuate Collection Set: 1.3ms
[2025-12-24T17:03:17.918+0000][gc,phases   ] GC(264)   Merge Heap Roots: 0.4ms
[2025-12-24T17:03:17.918+0000][gc,phases   ] GC(264)   Evacuate Collection Set: 10.6ms
[2025-12-24T17:03:17.918+0000][gc,phases   ] GC(264)   Post Evacuate Collection Set: 3.9ms
[2025-12-24T17:03:17.918+0000][gc,phases   ] GC(264)   Other: 0.6ms
[2025-12-24T17:03:17.918+0000][gc,heap     ] GC(264) Eden regions: 606->0(604)
[2025-12-24T17:03:17.918+0000][gc,heap     ] GC(264) Survivor regions: 8->10(77)
[2025-12-24T17:03:17.918+0000][gc,heap     ] GC(264) Old regions: 95->95
[2025-12-24T17:03:17.918+0000][gc,heap     ] GC(264) Humongous regions: 151->151
[2025-12-24T17:03:17.919+0000][gc,metaspace] GC(264) Metaspace: 15871K(16256K)->15871K(16256K) NonClass: 14133K(14272K)->14133K(14272K) Class: 1738K(1984K)->1738K(1984K)
[2025-12-24T17:03:17.919+0000][gc          ] GC(264) Pause Young (Normal) (G1 Evacuation Pause) 859M->254M(1024M) 18.693ms
[2025-12-24T17:03:17.919+0000][gc,cpu      ] GC(264) User=0.10s Sys=0.00s Real=0.02s
[2025-12-24T17:03:48.057+0000][gc,start    ] GC(265) Pause Young (Normal) (G1 Evacuation Pause)
[2025-12-24T17:03:48.058+0000][gc,task     ] GC(265) Using 8 workers of 8 for evacuation
[2025-12-24T17:03:48.078+0000][gc,phases   ] GC(265)   Pre Evacuate Collection Set: 2.7ms
[2025-12-24T17:03:48.078+0000][gc,phases   ] GC(265)   Merge Heap Roots: 1.5ms
[2025-12-24T17:03:48.078+0000][gc,phases   ] GC(265)   Evacuate Collection Set: 13.0ms
[2025-12-24T17:03:48.078+0000][gc,phases   ] GC(265)   Post Evacuate Collection Set: 2.1ms
[2025-12-24T17:03:48.078+0000][gc,phases   ] GC(265)   Other: 0.6ms
[2025-12-24T17:03:48.078+0000][gc,heap     ] GC(265) Eden regions: 604->0(605)
[2025-12-24T17:03:48.078+0000][gc,heap     ] GC(265) Survivor regions: 10->9(77)
[2025-12-24T17:03:48.078+0000][gc,heap     ] GC(265) Old regions: 95->95
[2025-12-24T17:03:48.078+0000][gc,heap     ] GC(265) Humongous regions: 151->151
[2025-12-24T17:03:48.078+0000][gc,metaspace] GC(265) Metaspace: 15873K(16256K)->15873K(16256K) NonClass: 14135K(14272K)->14135K(14272K) Class: 1738K(1984K)->1738K(1984K)
[2025-12-24T17:03:48.078+0000][gc          ] GC(265) Pause Young (Normal) (G1 Evacuation Pause) 858M->254M(1024M) 21.274ms
[2025-12-24T17:03:48.078+0000][gc,cpu      ] GC(265) User=0.13s Sys=0.00s Real=0.03s
[2025-12-24T17:04:27.635+0000][gc,start    ] GC(266) Pause Young (Normal) (G1 Evacuation Pause)
[2025-12-24T17:04:27.636+0000][gc,task     ] GC(266) Using 8 workers of 8 for evacuation
[2025-12-24T17:04:27.657+0000][gc,phases   ] GC(266)   Pre Evacuate Collection Set: 2.0ms
[2025-12-24T17:04:27.657+0000][gc,phases   ] GC(266)   Merge Heap Roots: 1.2ms
[2025-12-24T17:04:27.657+0000][gc,phases   ] GC(266)   Evacuate Collection Set: 15.5ms
[2025-12-24T17:04:27.657+0000][gc,phases   ] GC(266)   Post Evacuate Collection Set: 2.0ms
[2025-12-24T17:04:27.657+0000][gc,phases   ] GC(266)   Other: 0.4ms
[2025-12-24T17:04:27.657+0000][gc,heap     ] GC(266) Eden regions: 605->0(607)
[2025-12-24T17:04:27.657+0000][gc,heap     ] GC(266) Survivor regions: 9->7(77)
[2025-12-24T17:04:27.657+0000][gc,heap     ] GC(266) Old regions: 95->96
[2025-12-24T17:04:27.657+0000][gc,heap     ] GC(266) Humongous regions: 151->151
[2025-12-24T17:04:27.657+0000][gc,metaspace] GC(266) Metaspace: 15873K(16256K)->15873K(16256K) NonClass: 14135K(14272K)->14135K(14272K) Class: 1738K(1984K)->1738K(1984K)
[2025-12-24T17:04:27.657+0000][gc          ] GC(266) Pause Young (Normal) (G1 Evacuation Pause) 859M->253M(1024M) 22.540ms
[2025-12-24T17:04:27.657+0000][gc,cpu      ] GC(266) User=0.12s Sys=0.00s Real=0.02s
[2025-12-24T17:04:57.861+0000][gc,start    ] GC(267) Pause Young (Normal) (G1 Evacuation Pause)
[2025-12-24T17:04:57.862+0000][gc,task     ] GC(267) Using 8 workers of 8 for evacuation
[2025-12-24T17:04:57.885+0000][gc,phases   ] GC(267)   Pre Evacuate Collection Set: 3.1ms
[2025-12-24T17:04:57.886+0000][gc,phases   ] GC(267)   Merge Heap Roots: 1.0ms
[2025-12-24T17:04:57.887+0000][gc,phases   ] GC(267)   Evacuate Collection Set: 14.0ms
[2025-12-24T17:04:57.887+0000][gc,phases   ] GC(267)   Post Evacuate Collection Set: 2.5ms
[2025-12-24T17:04:57.887+0000][gc,phases   ] GC(267)   Other: 3.2ms
[2025-12-24T17:04:57.887+0000][gc,heap     ] GC(267) Eden regions: 607->0(606)
[2025-12-24T17:04:57.887+0000][gc,heap     ] GC(267) Survivor regions: 7->8(77)
[2025-12-24T17:04:57.887+0000][gc,heap     ] GC(267) Old regions: 96->96
[2025-12-24T17:04:57.887+0000][gc,heap     ] GC(267) Humongous regions: 151->151
[2025-12-24T17:04:57.887+0000][gc,metaspace] GC(267) Metaspace: 15873K(16256K)->15873K(16256K) NonClass: 14135K(14272K)->14135K(14272K) Class: 1738K(1984K)->1738K(1984K)
[2025-12-24T17:04:57.888+0000][gc          ] GC(267) Pause Young (Normal) (G1 Evacuation Pause) 860M->254M(1024M) 27.172ms
[2025-12-24T17:04:57.888+0000][gc,cpu      ] GC(267) User=0.13s Sys=0.01s Real=0.03s
[2025-12-24T17:05:28.023+0000][gc,start    ] GC(268) Pause Young (Normal) (G1 Evacuation Pause)
[2025-12-24T17:05:28.024+0000][gc,task     ] GC(268) Using 8 workers of 8 for evacuation
[2025-12-24T17:05:28.051+0000][gc,phases   ] GC(268)   Pre Evacuate Collection Set: 1.2ms
[2025-12-24T17:05:28.052+0000][gc,phases   ] GC(268)   Merge Heap Roots: 0.9ms
[2025-12-24T17:05:28.052+0000][gc,phases   ] GC(268)   Evacuate Collection Set: 23.2ms
[2025-12-24T17:05:28.052+0000][gc,phases   ] GC(268)   Post Evacuate Collection Set: 1.9ms
[2025-12-24T17:05:28.052+0000][gc,phases   ] GC(268)   Other: 0.4ms
[2025-12-24T17:05:28.052+0000][gc,heap     ] GC(268) Eden regions: 606->0(605)
[2025-12-24T17:05:28.052+0000][gc,heap     ] GC(268) Survivor regions: 8->9(77)
[2025-12-24T17:05:28.052+0000][gc,heap     ] GC(268) Old regions: 96->96
[2025-12-24T17:05:28.052+0000][gc,heap     ] GC(268) Humongous regions: 151->151
[2025-12-24T17:05:28.052+0000][gc,metaspace] GC(268) Metaspace: 15873K(16256K)->15873K(16256K) NonClass: 14135K(14272K)->14135K(14272K) Class: 1738K(1984K)->1738K(1984K)
[2025-12-24T17:05:28.052+0000][gc          ] GC(268) Pause Young (Normal) (G1 Evacuation Pause) 860M->255M(1024M) 29.054ms
[2025-12-24T17:05:28.052+0000][gc,cpu      ] GC(268) User=0.19s Sys=0.00s Real=0.03s
[2025-12-24T17:06:07.611+0000][gc,start    ] GC(269) Pause Young (Normal) (G1 Evacuation Pause)
[2025-12-24T17:06:07.612+0000][gc,task     ] GC(269) Using 8 workers of 8 for evacuation
[2025-12-24T17:06:07.634+0000][gc,phases   ] GC(269)   Pre Evacuate Collection Set: 1.2ms
[2025-12-24T17:06:07.635+0000][gc,phases   ] GC(269)   Merge Heap Roots: 0.4ms
[2025-12-24T17:06:07.635+0000][gc,phases   ] GC(269)   Evacuate Collection Set: 17.8ms
[2025-12-24T17:06:07.635+0000][gc,phases   ] GC(269)   Post Evacuate Collection Set: 2.6ms
[2025-12-24T17:06:07.635+0000][gc,phases   ] GC(269)   Other: 0.4ms
[2025-12-24T17:06:07.635+0000][gc,heap     ] GC(269) Eden regions: 605->0(605)
[2025-12-24T17:06:07.635+0000][gc,heap     ] GC(269) Survivor regions: 9->9(77)
[2025-12-24T17:06:07.635+0000][gc,heap     ] GC(269) Old regions: 96->97
[2025-12-24T17:06:07.636+0000][gc,heap     ] GC(269) Humongous regions: 151->151
[2025-12-24T17:06:07.636+0000][gc,metaspace] GC(269) Metaspace: 15873K(16256K)->15873K(16256K) NonClass: 14135K(14272K)->14135K(14272K) Class: 1738K(1984K)->1738K(1984K)
[2025-12-24T17:06:07.636+0000][gc          ] GC(269) Pause Young (Normal) (G1 Evacuation Pause) 860M->255M(1024M) 24.739ms
[2025-12-24T17:06:07.636+0000][gc,cpu      ] GC(269) User=0.14s Sys=0.01s Real=0.03s
[2025-12-24T17:06:37.806+0000][gc,start    ] GC(270) Pause Young (Normal) (G1 Evacuation Pause)
[2025-12-24T17:06:37.807+0000][gc,task     ] GC(270) Using 8 workers of 8 for evacuation
[2025-12-24T17:06:37.829+0000][gc,phases   ] GC(270)   Pre Evacuate Collection Set: 1.2ms
[2025-12-24T17:06:37.829+0000][gc,phases   ] GC(270)   Merge Heap Roots: 1.9ms
[2025-12-24T17:06:37.829+0000][gc,phases   ] GC(270)   Evacuate Collection Set: 17.0ms
[2025-12-24T17:06:37.829+0000][gc,phases   ] GC(270)   Post Evacuate Collection Set: 1.3ms
[2025-12-24T17:06:37.829+0000][gc,phases   ] GC(270)   Other: 0.5ms
[2025-12-24T17:06:37.829+0000][gc,heap     ] GC(270) Eden regions: 605->0(604)
[2025-12-24T17:06:37.829+0000][gc,heap     ] GC(270) Survivor regions: 9->10(77)
[2025-12-24T17:06:37.829+0000][gc,heap     ] GC(270) Old regions: 97->97
[2025-12-24T17:06:37.829+0000][gc,heap     ] GC(270) Humongous regions: 151->151
[2025-12-24T17:06:37.829+0000][gc,metaspace] GC(270) Metaspace: 15873K(16256K)->15873K(16256K) NonClass: 14135K(14272K)->14135K(14272K) Class: 1738K(1984K)->1738K(1984K)
[2025-12-24T17:06:37.829+0000][gc          ] GC(270) Pause Young (Normal) (G1 Evacuation Pause) 860M->257M(1024M) 23.470ms
[2025-12-24T17:06:37.829+0000][gc,cpu      ] GC(270) User=0.14s Sys=0.01s Real=0.02s
[2025-12-24T17:07:07.992+0000][gc,start    ] GC(271) Pause Young (Normal) (G1 Evacuation Pause)
[2025-12-24T17:07:07.993+0000][gc,task     ] GC(271) Using 8 workers of 8 for evacuation
[2025-12-24T17:07:08.012+0000][gc,phases   ] GC(271)   Pre Evacuate Collection Set: 3.2ms
[2025-12-24T17:07:08.012+0000][gc,phases   ] GC(271)   Merge Heap Roots: 1.0ms
[2025-12-24T17:07:08.012+0000][gc,phases   ] GC(271)   Evacuate Collection Set: 12.4ms
[2025-12-24T17:07:08.013+0000][gc,phases   ] GC(271)   Post Evacuate Collection Set: 1.6ms
[2025-12-24T17:07:08.013+0000][gc,phases   ] GC(271)   Other: 0.9ms
[2025-12-24T17:07:08.013+0000][gc,heap     ] GC(271) Eden regions: 604->0(606)
[2025-12-24T17:07:08.013+0000][gc,heap     ] GC(271) Survivor regions: 10->8(77)
[2025-12-24T17:07:08.013+0000][gc,heap     ] GC(271) Old regions: 97->97
[2025-12-24T17:07:08.013+0000][gc,heap     ] GC(271) Humongous regions: 151->151
[2025-12-24T17:07:08.013+0000][gc,metaspace] GC(271) Metaspace: 15873K(16256K)->15873K(16256K) NonClass: 14135K(14272K)->14135K(14272K) Class: 1738K(1984K)->1738K(1984K)
[2025-12-24T17:07:08.013+0000][gc          ] GC(271) Pause Young (Normal) (G1 Evacuation Pause) 861M->255M(1024M) 21.188ms
[2025-12-24T17:07:08.013+0000][gc,cpu      ] GC(271) User=0.12s Sys=0.00s Real=0.03s
[2025-12-24T17:07:47.597+0000][gc,start    ] GC(272) Pause Young (Normal) (G1 Evacuation Pause)
[2025-12-24T17:07:47.597+0000][gc,task     ] GC(272) Using 8 workers of 8 for evacuation
[2025-12-24T17:07:47.608+0000][gc,phases   ] GC(272)   Pre Evacuate Collection Set: 1.1ms
[2025-12-24T17:07:47.608+0000][gc,phases   ] GC(272)   Merge Heap Roots: 0.3ms
[2025-12-24T17:07:47.609+0000][gc,phases   ] GC(272)   Evacuate Collection Set: 7.7ms
[2025-12-24T17:07:47.609+0000][gc,phases   ] GC(272)   Post Evacuate Collection Set: 1.2ms
[2025-12-24T17:07:47.609+0000][gc,phases   ] GC(272)   Other: 0.4ms
[2025-12-24T17:07:47.609+0000][gc,heap     ] GC(272) Eden regions: 606->0(607)
[2025-12-24T17:07:47.609+0000][gc,heap     ] GC(272) Survivor regions: 8->7(77)
[2025-12-24T17:07:47.609+0000][gc,heap     ] GC(272) Old regions: 97->98
[2025-12-24T17:07:47.609+0000][gc,heap     ] GC(272) Humongous regions: 151->151
[2025-12-24T17:07:47.609+0000][gc,metaspace] GC(272) Metaspace: 15873K(16256K)->15873K(16256K) NonClass: 14135K(14272K)->14135K(14272K) Class: 1738K(1984K)->1738K(1984K)
[2025-12-24T17:07:47.609+0000][gc          ] GC(272) Pause Young (Normal) (G1 Evacuation Pause) 861M->254M(1024M) 12.266ms
[2025-12-24T17:07:47.609+0000][gc,cpu      ] GC(272) User=0.07s Sys=0.00s Real=0.02s
[2025-12-24T17:08:17.761+0000][gc,start    ] GC(273) Pause Young (Normal) (G1 Evacuation Pause)
[2025-12-24T17:08:17.762+0000][gc,task     ] GC(273) Using 8 workers of 8 for evacuation
[2025-12-24T17:08:17.775+0000][gc,phases   ] GC(273)   Pre Evacuate Collection Set: 1.2ms
[2025-12-24T17:08:17.776+0000][gc,phases   ] GC(273)   Merge Heap Roots: 0.3ms
[2025-12-24T17:08:17.776+0000][gc,phases   ] GC(273)   Evacuate Collection Set: 10.6ms
[2025-12-24T17:08:17.776+0000][gc,phases   ] GC(273)   Post Evacuate Collection Set: 1.3ms
[2025-12-24T17:08:17.776+0000][gc,phases   ] GC(273)   Other: 0.3ms
[2025-12-24T17:08:17.776+0000][gc,heap     ] GC(273) Eden regions: 607->0(605)
[2025-12-24T17:08:17.776+0000][gc,heap     ] GC(273) Survivor regions: 7->9(77)
[2025-12-24T17:08:17.776+0000][gc,heap     ] GC(273) Old regions: 98->98
[2025-12-24T17:08:17.776+0000][gc,heap     ] GC(273) Humongous regions: 151->151
[2025-12-24T17:08:17.776+0000][gc,metaspace] GC(273) Metaspace: 15873K(16256K)->15873K(16256K) NonClass: 14135K(14272K)->14135K(14272K) Class: 1738K(1984K)->1738K(1984K)
[2025-12-24T17:08:17.776+0000][gc          ] GC(273) Pause Young (Normal) (G1 Evacuation Pause) 861M->256M(1024M) 15.024ms
[2025-12-24T17:08:17.776+0000][gc,cpu      ] GC(273) User=0.08s Sys=0.00s Real=0.01s
[2025-12-24T17:08:47.942+0000][gc,start    ] GC(274) Pause Young (Normal) (G1 Evacuation Pause)
[2025-12-24T17:08:47.942+0000][gc,task     ] GC(274) Using 8 workers of 8 for evacuation
[2025-12-24T17:08:47.957+0000][gc,phases   ] GC(274)   Pre Evacuate Collection Set: 1.4ms
[2025-12-24T17:08:47.957+0000][gc,phases   ] GC(274)   Merge Heap Roots: 0.3ms
[2025-12-24T17:08:47.957+0000][gc,phases   ] GC(274)   Evacuate Collection Set: 11.8ms
[2025-12-24T17:08:47.957+0000][gc,phases   ] GC(274)   Post Evacuate Collection Set: 1.2ms
[2025-12-24T17:08:47.958+0000][gc,phases   ] GC(274)   Other: 0.4ms
[2025-12-24T17:08:47.958+0000][gc,heap     ] GC(274) Eden regions: 605->0(604)
[2025-12-24T17:08:47.958+0000][gc,heap     ] GC(274) Survivor regions: 9->10(77)
[2025-12-24T17:08:47.958+0000][gc,heap     ] GC(274) Old regions: 98->98
[2025-12-24T17:08:47.958+0000][gc,heap     ] GC(274) Humongous regions: 151->151
[2025-12-24T17:08:47.958+0000][gc,metaspace] GC(274) Metaspace: 15873K(16256K)->15873K(16256K) NonClass: 14135K(14272K)->14135K(14272K) Class: 1738K(1984K)->1738K(1984K)
[2025-12-24T17:08:47.958+0000][gc          ] GC(274) Pause Young (Normal) (G1 Evacuation Pause) 861M->258M(1024M) 16.493ms
[2025-12-24T17:08:47.958+0000][gc,cpu      ] GC(274) User=0.10s Sys=0.00s Real=0.02s
[2025-12-24T17:09:27.520+0000][gc,start    ] GC(275) Pause Young (Normal) (G1 Evacuation Pause)
[2025-12-24T17:09:27.521+0000][gc,task     ] GC(275) Using 8 workers of 8 for evacuation
[2025-12-24T17:09:27.563+0000][gc,phases   ] GC(275)   Pre Evacuate Collection Set: 2.3ms
[2025-12-24T17:09:27.564+0000][gc,phases   ] GC(275)   Merge Heap Roots: 1.9ms
[2025-12-24T17:09:27.564+0000][gc,phases   ] GC(275)   Evacuate Collection Set: 29.3ms
[2025-12-24T17:09:27.564+0000][gc,phases   ] GC(275)   Post Evacuate Collection Set: 6.4ms
[2025-12-24T17:09:27.565+0000][gc,phases   ] GC(275)   Other: 1.6ms
[2025-12-24T17:09:27.566+0000][gc,heap     ] GC(275) Eden regions: 604->0(605)
[2025-12-24T17:09:27.566+0000][gc,heap     ] GC(275) Survivor regions: 10->9(77)
[2025-12-24T17:09:27.566+0000][gc,heap     ] GC(275) Old regions: 98->99
[2025-12-24T17:09:27.566+0000][gc,heap     ] GC(275) Humongous regions: 151->151
[2025-12-24T17:09:27.567+0000][gc,metaspace] GC(275) Metaspace: 15873K(16256K)->15873K(16256K) NonClass: 14135K(14272K)->14135K(14272K) Class: 1738K(1984K)->1738K(1984K)
[2025-12-24T17:09:27.568+0000][gc          ] GC(275) Pause Young (Normal) (G1 Evacuation Pause) 862M->258M(1024M) 47.157ms
[2025-12-24T17:09:27.568+0000][gc,cpu      ] GC(275) User=0.18s Sys=0.02s Real=0.05s
[2025-12-24T17:09:57.714+0000][gc,start    ] GC(276) Pause Young (Normal) (G1 Evacuation Pause)
[2025-12-24T17:09:57.714+0000][gc,task     ] GC(276) Using 8 workers of 8 for evacuation
[2025-12-24T17:09:57.727+0000][gc,phases   ] GC(276)   Pre Evacuate Collection Set: 1.2ms
[2025-12-24T17:09:57.728+0000][gc,phases   ] GC(276)   Merge Heap Roots: 0.3ms
[2025-12-24T17:09:57.728+0000][gc,phases   ] GC(276)   Evacuate Collection Set: 10.0ms
[2025-12-24T17:09:57.728+0000][gc,phases   ] GC(276)   Post Evacuate Collection Set: 1.0ms
[2025-12-24T17:09:57.728+0000][gc,phases   ] GC(276)   Other: 0.3ms
[2025-12-24T17:09:57.728+0000][gc,heap     ] GC(276) Eden regions: 605->0(607)
[2025-12-24T17:09:57.728+0000][gc,heap     ] GC(276) Survivor regions: 9->7(77)
[2025-12-24T17:09:57.728+0000][gc,heap     ] GC(276) Old regions: 99->99
[2025-12-24T17:09:57.728+0000][gc,heap     ] GC(276) Humongous regions: 151->151
[2025-12-24T17:09:57.728+0000][gc,metaspace] GC(276) Metaspace: 15873K(16256K)->15873K(16256K) NonClass: 14135K(14272K)->14135K(14272K) Class: 1738K(1984K)->1738K(1984K)
[2025-12-24T17:09:57.728+0000][gc          ] GC(276) Pause Young (Normal) (G1 Evacuation Pause) 863M->256M(1024M) 14.108ms
[2025-12-24T17:09:57.728+0000][gc,cpu      ] GC(276) User=0.09s Sys=0.00s Real=0.02s
[2025-12-24T17:10:27.918+0000][gc,start    ] GC(277) Pause Young (Normal) (G1 Evacuation Pause)
[2025-12-24T17:10:27.919+0000][gc,task     ] GC(277) Using 8 workers of 8 for evacuation
[2025-12-24T17:10:27.939+0000][gc,phases   ] GC(277)   Pre Evacuate Collection Set: 1.1ms
[2025-12-24T17:10:27.939+0000][gc,phases   ] GC(277)   Merge Heap Roots: 0.3ms
[2025-12-24T17:10:27.939+0000][gc,phases   ] GC(277)   Evacuate Collection Set: 16.5ms
[2025-12-24T17:10:27.939+0000][gc,phases   ] GC(277)   Post Evacuate Collection Set: 1.0ms
[2025-12-24T17:10:27.939+0000][gc,phases   ] GC(277)   Other: 0.3ms
[2025-12-24T17:10:27.939+0000][gc,heap     ] GC(277) Eden regions: 607->0(606)
[2025-12-24T17:10:27.939+0000][gc,heap     ] GC(277) Survivor regions: 7->8(77)
[2025-12-24T17:10:27.939+0000][gc,heap     ] GC(277) Old regions: 99->99
[2025-12-24T17:10:27.939+0000][gc,heap     ] GC(277) Humongous regions: 151->151
[2025-12-24T17:10:27.939+0000][gc,metaspace] GC(277) Metaspace: 15874K(16256K)->15874K(16256K) NonClass: 14135K(14272K)->14135K(14272K) Class: 1738K(1984K)->1738K(1984K)
[2025-12-24T17:10:27.939+0000][gc          ] GC(277) Pause Young (Normal) (G1 Evacuation Pause) 863M->257M(1024M) 20.985ms
[2025-12-24T17:10:27.939+0000][gc,cpu      ] GC(277) User=0.12s Sys=0.00s Real=0.02s
[2025-12-24T17:11:07.470+0000][gc,start    ] GC(278) Pause Young (Normal) (G1 Evacuation Pause)
[2025-12-24T17:11:07.471+0000][gc,task     ] GC(278) Using 8 workers of 8 for evacuation
[2025-12-24T17:11:07.497+0000][gc,phases   ] GC(278)   Pre Evacuate Collection Set: 5.0ms
[2025-12-24T17:11:07.497+0000][gc,phases   ] GC(278)   Merge Heap Roots: 0.4ms
[2025-12-24T17:11:07.497+0000][gc,phases   ] GC(278)   Evacuate Collection Set: 18.3ms
[2025-12-24T17:11:07.497+0000][gc,phases   ] GC(278)   Post Evacuate Collection Set: 1.3ms
[2025-12-24T17:11:07.497+0000][gc,phases   ] GC(278)   Other: 1.2ms
[2025-12-24T17:11:07.497+0000][gc,heap     ] GC(278) Eden regions: 606->0(606)
[2025-12-24T17:11:07.498+0000][gc,heap     ] GC(278) Survivor regions: 8->8(77)
[2025-12-24T17:11:07.498+0000][gc,heap     ] GC(278) Old regions: 99->100
[2025-12-24T17:11:07.498+0000][gc,heap     ] GC(278) Humongous regions: 151->151
[2025-12-24T17:11:07.498+0000][gc,metaspace] GC(278) Metaspace: 15874K(16256K)->15874K(16256K) NonClass: 14135K(14272K)->14135K(14272K) Class: 1738K(1984K)->1738K(1984K)
[2025-12-24T17:11:07.498+0000][gc          ] GC(278) Pause Young (Normal) (G1 Evacuation Pause) 863M->257M(1024M) 27.796ms
[2025-12-24T17:11:07.498+0000][gc,cpu      ] GC(278) User=0.16s Sys=0.01s Real=0.03s
[2025-12-24T17:11:37.703+0000][gc,start    ] GC(279) Pause Young (Normal) (G1 Evacuation Pause)
[2025-12-24T17:11:37.703+0000][gc,task     ] GC(279) Using 8 workers of 8 for evacuation
[2025-12-24T17:11:37.721+0000][gc,phases   ] GC(279)   Pre Evacuate Collection Set: 1.0ms
[2025-12-24T17:11:37.721+0000][gc,phases   ] GC(279)   Merge Heap Roots: 0.3ms
[2025-12-24T17:11:37.721+0000][gc,phases   ] GC(279)   Evacuate Collection Set: 14.6ms
[2025-12-24T17:11:37.721+0000][gc,phases   ] GC(279)   Post Evacuate Collection Set: 1.1ms
[2025-12-24T17:11:37.721+0000][gc,phases   ] GC(279)   Other: 0.3ms
[2025-12-24T17:11:37.721+0000][gc,heap     ] GC(279) Eden regions: 606->0(605)
[2025-12-24T17:11:37.721+0000][gc,heap     ] GC(279) Survivor regions: 8->9(77)
[2025-12-24T17:11:37.721+0000][gc,heap     ] GC(279) Old regions: 100->100
[2025-12-24T17:11:37.721+0000][gc,heap     ] GC(279) Humongous regions: 151->151
[2025-12-24T17:11:37.721+0000][gc,metaspace] GC(279) Metaspace: 15876K(16256K)->15876K(16256K) NonClass: 14138K(14272K)->14138K(14272K) Class: 1738K(1984K)->1738K(1984K)
[2025-12-24T17:11:37.721+0000][gc          ] GC(279) Pause Young (Normal) (G1 Evacuation Pause) 863M->259M(1024M) 18.018ms
[2025-12-24T17:11:37.721+0000][gc,cpu      ] GC(279) User=0.11s Sys=0.01s Real=0.01s
[2025-12-24T17:12:07.875+0000][gc,start    ] GC(280) Pause Young (Normal) (G1 Evacuation Pause)
[2025-12-24T17:12:07.875+0000][gc,task     ] GC(280) Using 8 workers of 8 for evacuation
[2025-12-24T17:12:07.888+0000][gc,phases   ] GC(280)   Pre Evacuate Collection Set: 1.2ms
[2025-12-24T17:12:07.888+0000][gc,phases   ] GC(280)   Merge Heap Roots: 0.4ms
[2025-12-24T17:12:07.888+0000][gc,phases   ] GC(280)   Evacuate Collection Set: 9.4ms
[2025-12-24T17:12:07.888+0000][gc,phases   ] GC(280)   Post Evacuate Collection Set: 1.2ms
[2025-12-24T17:12:07.888+0000][gc,phases   ] GC(280)   Other: 0.4ms
[2025-12-24T17:12:07.888+0000][gc,heap     ] GC(280) Eden regions: 605->0(604)
[2025-12-24T17:12:07.888+0000][gc,heap     ] GC(280) Survivor regions: 9->10(77)
[2025-12-24T17:12:07.888+0000][gc,heap     ] GC(280) Old regions: 100->100
[2025-12-24T17:12:07.888+0000][gc,heap     ] GC(280) Humongous regions: 151->151
[2025-12-24T17:12:07.888+0000][gc,metaspace] GC(280) Metaspace: 15876K(16256K)->15876K(16256K) NonClass: 14138K(14272K)->14138K(14272K) Class: 1738K(1984K)->1738K(1984K)
[2025-12-24T17:12:07.888+0000][gc          ] GC(280) Pause Young (Normal) (G1 Evacuation Pause) 864M->260M(1024M) 13.505ms
[2025-12-24T17:12:07.888+0000][gc,cpu      ] GC(280) User=0.09s Sys=0.00s Real=0.01s
[2025-12-24T17:12:42.679+0000][gc,start    ] GC(281) Pause Young (Normal) (G1 Evacuation Pause)
[2025-12-24T17:12:42.680+0000][gc,task     ] GC(281) Using 8 workers of 8 for evacuation
[2025-12-24T17:12:42.693+0000][gc,phases   ] GC(281)   Pre Evacuate Collection Set: 1.2ms
[2025-12-24T17:12:42.693+0000][gc,phases   ] GC(281)   Merge Heap Roots: 0.4ms
[2025-12-24T17:12:42.693+0000][gc,phases   ] GC(281)   Evacuate Collection Set: 9.6ms
[2025-12-24T17:12:42.693+0000][gc,phases   ] GC(281)   Post Evacuate Collection Set: 1.5ms
[2025-12-24T17:12:42.693+0000][gc,phases   ] GC(281)   Other: 0.3ms
[2025-12-24T17:12:42.693+0000][gc,heap     ] GC(281) Eden regions: 604->0(608)
[2025-12-24T17:12:42.693+0000][gc,heap     ] GC(281) Survivor regions: 10->6(77)
[2025-12-24T17:12:42.693+0000][gc,heap     ] GC(281) Old regions: 100->101
[2025-12-24T17:12:42.693+0000][gc,heap     ] GC(281) Humongous regions: 151->151
[2025-12-24T17:12:42.693+0000][gc,metaspace] GC(281) Metaspace: 15876K(16256K)->15876K(16256K) NonClass: 14138K(14272K)->14138K(14272K) Class: 1738K(1984K)->1738K(1984K)
[2025-12-24T17:12:42.694+0000][gc          ] GC(281) Pause Young (Normal) (G1 Evacuation Pause) 864M->256M(1024M) 14.991ms
[2025-12-24T17:12:42.694+0000][gc,cpu      ] GC(281) User=0.08s Sys=0.00s Real=0.02s
[2025-12-24T17:13:17.656+0000][gc,start    ] GC(282) Pause Young (Normal) (G1 Evacuation Pause)
[2025-12-24T17:13:17.657+0000][gc,task     ] GC(282) Using 8 workers of 8 for evacuation
[2025-12-24T17:13:17.674+0000][gc,phases   ] GC(282)   Pre Evacuate Collection Set: 1.0ms
[2025-12-24T17:13:17.674+0000][gc,phases   ] GC(282)   Merge Heap Roots: 0.4ms
[2025-12-24T17:13:17.674+0000][gc,phases   ] GC(282)   Evacuate Collection Set: 14.1ms
[2025-12-24T17:13:17.674+0000][gc,phases   ] GC(282)   Post Evacuate Collection Set: 1.3ms
[2025-12-24T17:13:17.674+0000][gc,phases   ] GC(282)   Other: 0.3ms
[2025-12-24T17:13:17.674+0000][gc,heap     ] GC(282) Eden regions: 608->0(606)
[2025-12-24T17:13:17.674+0000][gc,heap     ] GC(282) Survivor regions: 6->8(77)
[2025-12-24T17:13:17.674+0000][gc,heap     ] GC(282) Old regions: 101->101
[2025-12-24T17:13:17.674+0000][gc,heap     ] GC(282) Humongous regions: 151->151
[2025-12-24T17:13:17.674+0000][gc,metaspace] GC(282) Metaspace: 15876K(16256K)->15876K(16256K) NonClass: 14138K(14272K)->14138K(14272K) Class: 1738K(1984K)->1738K(1984K)
[2025-12-24T17:13:17.675+0000][gc          ] GC(282) Pause Young (Normal) (G1 Evacuation Pause) 864M->258M(1024M) 18.303ms
[2025-12-24T17:13:17.675+0000][gc,cpu      ] GC(282) User=0.11s Sys=0.00s Real=0.02s
[2025-12-24T17:13:47.811+0000][gc,start    ] GC(283) Pause Young (Normal) (G1 Evacuation Pause)
[2025-12-24T17:13:47.811+0000][gc,task     ] GC(283) Using 8 workers of 8 for evacuation
[2025-12-24T17:13:47.824+0000][gc,phases   ] GC(283)   Pre Evacuate Collection Set: 1.0ms
[2025-12-24T17:13:47.824+0000][gc,phases   ] GC(283)   Merge Heap Roots: 0.3ms
[2025-12-24T17:13:47.824+0000][gc,phases   ] GC(283)   Evacuate Collection Set: 10.2ms
[2025-12-24T17:13:47.824+0000][gc,phases   ] GC(283)   Post Evacuate Collection Set: 1.0ms
[2025-12-24T17:13:47.824+0000][gc,phases   ] GC(283)   Other: 0.3ms
[2025-12-24T17:13:47.824+0000][gc,heap     ] GC(283) Eden regions: 606->0(605)
[2025-12-24T17:13:47.824+0000][gc,heap     ] GC(283) Survivor regions: 8->9(77)
[2025-12-24T17:13:47.824+0000][gc,heap     ] GC(283) Old regions: 101->101
[2025-12-24T17:13:47.824+0000][gc,heap     ] GC(283) Humongous regions: 151->151
[2025-12-24T17:13:47.825+0000][gc,metaspace] GC(283) Metaspace: 15876K(16256K)->15876K(16256K) NonClass: 14138K(14272K)->14138K(14272K) Class: 1738K(1984K)->1738K(1984K)
[2025-12-24T17:13:47.825+0000][gc          ] GC(283) Pause Young (Normal) (G1 Evacuation Pause) 864M->260M(1024M) 14.084ms
[2025-12-24T17:13:47.825+0000][gc,cpu      ] GC(283) User=0.08s Sys=0.00s Real=0.01s
[2025-12-24T17:14:18.027+0000][gc,start    ] GC(284) Pause Young (Normal) (G1 Evacuation Pause)
[2025-12-24T17:14:18.028+0000][gc,task     ] GC(284) Using 8 workers of 8 for evacuation
[2025-12-24T17:14:18.042+0000][gc,phases   ] GC(284)   Pre Evacuate Collection Set: 1.2ms
[2025-12-24T17:14:18.042+0000][gc,phases   ] GC(284)   Merge Heap Roots: 0.3ms
[2025-12-24T17:14:18.042+0000][gc,phases   ] GC(284)   Evacuate Collection Set: 9.1ms
[2025-12-24T17:14:18.042+0000][gc,phases   ] GC(284)   Post Evacuate Collection Set: 3.5ms
[2025-12-24T17:14:18.042+0000][gc,phases   ] GC(284)   Other: 0.4ms
[2025-12-24T17:14:18.042+0000][gc,heap     ] GC(284) Eden regions: 605->0(604)
[2025-12-24T17:14:18.043+0000][gc,heap     ] GC(284) Survivor regions: 9->10(77)
[2025-12-24T17:14:18.043+0000][gc,heap     ] GC(284) Old regions: 101->102
[2025-12-24T17:14:18.043+0000][gc,heap     ] GC(284) Humongous regions: 151->151
[2025-12-24T17:14:18.043+0000][gc,metaspace] GC(284) Metaspace: 15876K(16256K)->15876K(16256K) NonClass: 14138K(14272K)->14138K(14272K) Class: 1738K(1984K)->1738K(1984K)
[2025-12-24T17:14:18.043+0000][gc          ] GC(284) Pause Young (Normal) (G1 Evacuation Pause) 865M->261M(1024M) 15.795ms
[2025-12-24T17:14:18.043+0000][gc,cpu      ] GC(284) User=0.08s Sys=0.00s Real=0.01s
[2025-12-24T17:14:57.656+0000][gc,start    ] GC(285) Pause Young (Normal) (G1 Evacuation Pause)
[2025-12-24T17:14:57.657+0000][gc,task     ] GC(285) Using 8 workers of 8 for evacuation
[2025-12-24T17:14:57.678+0000][gc,phases   ] GC(285)   Pre Evacuate Collection Set: 2.9ms
[2025-12-24T17:14:57.678+0000][gc,phases   ] GC(285)   Merge Heap Roots: 0.7ms
[2025-12-24T17:14:57.679+0000][gc,phases   ] GC(285)   Evacuate Collection Set: 15.4ms
[2025-12-24T17:14:57.679+0000][gc,phases   ] GC(285)   Post Evacuate Collection Set: 2.1ms
[2025-12-24T17:14:57.679+0000][gc,phases   ] GC(285)   Other: 0.6ms
[2025-12-24T17:14:57.679+0000][gc,heap     ] GC(285) Eden regions: 604->0(605)
[2025-12-24T17:14:57.679+0000][gc,heap     ] GC(285) Survivor regions: 10->9(77)
[2025-12-24T17:14:57.679+0000][gc,heap     ] GC(285) Old regions: 102->102
[2025-12-24T17:14:57.679+0000][gc,heap     ] GC(285) Humongous regions: 151->151
[2025-12-24T17:14:57.679+0000][gc,metaspace] GC(285) Metaspace: 15876K(16256K)->15876K(16256K) NonClass: 14138K(14272K)->14138K(14272K) Class: 1738K(1984K)->1738K(1984K)
[2025-12-24T17:14:57.679+0000][gc          ] GC(285) Pause Young (Normal) (G1 Evacuation Pause) 865M->261M(1024M) 23.102ms
[2025-12-24T17:14:57.679+0000][gc,cpu      ] GC(285) User=0.14s Sys=0.01s Real=0.02s
[2025-12-24T17:15:27.777+0000][gc,start    ] GC(286) Pause Young (Normal) (G1 Evacuation Pause)
[2025-12-24T17:15:27.777+0000][gc,task     ] GC(286) Using 8 workers of 8 for evacuation
[2025-12-24T17:15:27.789+0000][gc,phases   ] GC(286)   Pre Evacuate Collection Set: 1.1ms
[2025-12-24T17:15:27.789+0000][gc,phases   ] GC(286)   Merge Heap Roots: 0.4ms
[2025-12-24T17:15:27.790+0000][gc,phases   ] GC(286)   Evacuate Collection Set: 9.0ms
[2025-12-24T17:15:27.790+0000][gc,phases   ] GC(286)   Post Evacuate Collection Set: 1.4ms
[2025-12-24T17:15:27.790+0000][gc,phases   ] GC(286)   Other: 0.2ms
[2025-12-24T17:15:27.790+0000][gc,heap     ] GC(286) Eden regions: 605->0(607)
[2025-12-24T17:15:27.790+0000][gc,heap     ] GC(286) Survivor regions: 9->7(77)
[2025-12-24T17:15:27.790+0000][gc,heap     ] GC(286) Old regions: 102->102
[2025-12-24T17:15:27.790+0000][gc,heap     ] GC(286) Humongous regions: 151->151
[2025-12-24T17:15:27.790+0000][gc,metaspace] GC(286) Metaspace: 15878K(16256K)->15878K(16256K) NonClass: 14139K(14272K)->14139K(14272K) Class: 1738K(1984K)->1738K(1984K)
[2025-12-24T17:15:27.790+0000][gc          ] GC(286) Pause Young (Normal) (G1 Evacuation Pause) 866M->259M(1024M) 13.353ms
[2025-12-24T17:15:27.790+0000][gc,cpu      ] GC(286) User=0.07s Sys=0.00s Real=0.01s
[2025-12-24T17:15:57.991+0000][gc,start    ] GC(287) Pause Young (Normal) (G1 Evacuation Pause)
[2025-12-24T17:15:57.992+0000][gc,task     ] GC(287) Using 8 workers of 8 for evacuation
[2025-12-24T17:15:58.009+0000][gc,phases   ] GC(287)   Pre Evacuate Collection Set: 1.1ms
[2025-12-24T17:15:58.009+0000][gc,phases   ] GC(287)   Merge Heap Roots: 0.4ms
[2025-12-24T17:15:58.009+0000][gc,phases   ] GC(287)   Evacuate Collection Set: 12.3ms
[2025-12-24T17:15:58.009+0000][gc,phases   ] GC(287)   Post Evacuate Collection Set: 2.9ms
[2025-12-24T17:15:58.009+0000][gc,phases   ] GC(287)   Other: 0.4ms
[2025-12-24T17:15:58.009+0000][gc,heap     ] GC(287) Eden regions: 607->0(605)
[2025-12-24T17:15:58.009+0000][gc,heap     ] GC(287) Survivor regions: 7->9(77)
[2025-12-24T17:15:58.009+0000][gc,heap     ] GC(287) Old regions: 102->103
[2025-12-24T17:15:58.009+0000][gc,heap     ] GC(287) Humongous regions: 151->151
[2025-12-24T17:15:58.009+0000][gc,metaspace] GC(287) Metaspace: 15878K(16256K)->15878K(16256K) NonClass: 14139K(14272K)->14139K(14272K) Class: 1738K(1984K)->1738K(1984K)
[2025-12-24T17:15:58.010+0000][gc          ] GC(287) Pause Young (Normal) (G1 Evacuation Pause) 866M->261M(1024M) 18.396ms
[2025-12-24T17:15:58.010+0000][gc,cpu      ] GC(287) User=0.11s Sys=0.01s Real=0.01s
[2025-12-24T17:16:37.572+0000][gc,start    ] GC(288) Pause Young (Normal) (G1 Evacuation Pause)
[2025-12-24T17:16:37.574+0000][gc,task     ] GC(288) Using 8 workers of 8 for evacuation
[2025-12-24T17:16:37.599+0000][gc,phases   ] GC(288)   Pre Evacuate Collection Set: 1.5ms
[2025-12-24T17:16:37.599+0000][gc,phases   ] GC(288)   Merge Heap Roots: 0.5ms
[2025-12-24T17:16:37.599+0000][gc,phases   ] GC(288)   Evacuate Collection Set: 21.3ms
[2025-12-24T17:16:37.599+0000][gc,phases   ] GC(288)   Post Evacuate Collection Set: 1.3ms
[2025-12-24T17:16:37.599+0000][gc,phases   ] GC(288)   Other: 0.5ms
[2025-12-24T17:16:37.599+0000][gc,heap     ] GC(288) Eden regions: 605->0(606)
[2025-12-24T17:16:37.599+0000][gc,heap     ] GC(288) Survivor regions: 9->8(77)
[2025-12-24T17:16:37.599+0000][gc,heap     ] GC(288) Old regions: 103->103
[2025-12-24T17:16:37.599+0000][gc,heap     ] GC(288) Humongous regions: 151->151
[2025-12-24T17:16:37.599+0000][gc,metaspace] GC(288) Metaspace: 15878K(16256K)->15878K(16256K) NonClass: 14139K(14272K)->14139K(14272K) Class: 1738K(1984K)->1738K(1984K)
[2025-12-24T17:16:37.600+0000][gc          ] GC(288) Pause Young (Normal) (G1 Evacuation Pause) 866M->261M(1024M) 27.367ms
[2025-12-24T17:16:37.600+0000][gc,cpu      ] GC(288) User=0.16s Sys=0.01s Real=0.02s
[2025-12-24T17:17:07.748+0000][gc,start    ] GC(289) Pause Young (Normal) (G1 Evacuation Pause)
[2025-12-24T17:17:07.749+0000][gc,task     ] GC(289) Using 8 workers of 8 for evacuation
[2025-12-24T17:17:07.775+0000][gc,phases   ] GC(289)   Pre Evacuate Collection Set: 2.8ms
[2025-12-24T17:17:07.775+0000][gc,phases   ] GC(289)   Merge Heap Roots: 0.9ms
[2025-12-24T17:17:07.775+0000][gc,phases   ] GC(289)   Evacuate Collection Set: 20.9ms
[2025-12-24T17:17:07.775+0000][gc,phases   ] GC(289)   Post Evacuate Collection Set: 1.6ms
[2025-12-24T17:17:07.775+0000][gc,phases   ] GC(289)   Other: 0.2ms
[2025-12-24T17:17:07.775+0000][gc,heap     ] GC(289) Eden regions: 606->0(605)
[2025-12-24T17:17:07.776+0000][gc,heap     ] GC(289) Survivor regions: 8->9(77)
[2025-12-24T17:17:07.776+0000][gc,heap     ] GC(289) Old regions: 103->103
[2025-12-24T17:17:07.776+0000][gc,heap     ] GC(289) Humongous regions: 151->151
[2025-12-24T17:17:07.776+0000][gc,metaspace] GC(289) Metaspace: 15878K(16256K)->15878K(16256K) NonClass: 14139K(14272K)->14139K(14272K) Class: 1738K(1984K)->1738K(1984K)
[2025-12-24T17:17:07.776+0000][gc          ] GC(289) Pause Young (Normal) (G1 Evacuation Pause) 867M->262M(1024M) 27.262ms
[2025-12-24T17:17:07.776+0000][gc,cpu      ] GC(289) User=0.19s Sys=0.00s Real=0.02s
[2025-12-24T17:17:37.894+0000][gc,start    ] GC(290) Pause Young (Normal) (G1 Evacuation Pause)
[2025-12-24T17:17:37.895+0000][gc,task     ] GC(290) Using 8 workers of 8 for evacuation
[2025-12-24T17:17:37.906+0000][gc,phases   ] GC(290)   Pre Evacuate Collection Set: 1.2ms
[2025-12-24T17:17:37.906+0000][gc,phases   ] GC(290)   Merge Heap Roots: 0.3ms
[2025-12-24T17:17:37.906+0000][gc,phases   ] GC(290)   Evacuate Collection Set: 8.5ms
[2025-12-24T17:17:37.906+0000][gc,phases   ] GC(290)   Post Evacuate Collection Set: 1.0ms
[2025-12-24T17:17:37.906+0000][gc,phases   ] GC(290)   Other: 0.4ms
[2025-12-24T17:17:37.906+0000][gc,heap     ] GC(290) Eden regions: 605->0(603)
[2025-12-24T17:17:37.906+0000][gc,heap     ] GC(290) Survivor regions: 9->11(77)
[2025-12-24T17:17:37.906+0000][gc,heap     ] GC(290) Old regions: 103->104
[2025-12-24T17:17:37.906+0000][gc,heap     ] GC(290) Humongous regions: 151->151
[2025-12-24T17:17:37.906+0000][gc,metaspace] GC(290) Metaspace: 15878K(16256K)->15878K(16256K) NonClass: 14140K(14272K)->14140K(14272K) Class: 1738K(1984K)->1738K(1984K)
[2025-12-24T17:17:37.906+0000][gc          ] GC(290) Pause Young (Normal) (G1 Evacuation Pause) 867M->264M(1024M) 12.459ms
[2025-12-24T17:17:37.906+0000][gc,cpu      ] GC(290) User=0.07s Sys=0.01s Real=0.01s
[2025-12-24T17:18:17.516+0000][gc,start    ] GC(291) Pause Young (Normal) (G1 Evacuation Pause)
[2025-12-24T17:18:17.517+0000][gc,task     ] GC(291) Using 8 workers of 8 for evacuation
[2025-12-24T17:18:17.535+0000][gc,phases   ] GC(291)   Pre Evacuate Collection Set: 1.0ms
[2025-12-24T17:18:17.535+0000][gc,phases   ] GC(291)   Merge Heap Roots: 0.3ms
[2025-12-24T17:18:17.535+0000][gc,phases   ] GC(291)   Evacuate Collection Set: 14.9ms
[2025-12-24T17:18:17.535+0000][gc,phases   ] GC(291)   Post Evacuate Collection Set: 1.5ms
[2025-12-24T17:18:17.535+0000][gc,phases   ] GC(291)   Other: 0.3ms
[2025-12-24T17:18:17.535+0000][gc,heap     ] GC(291) Eden regions: 603->0(608)
[2025-12-24T17:18:17.536+0000][gc,heap     ] GC(291) Survivor regions: 11->6(77)
[2025-12-24T17:18:17.536+0000][gc,heap     ] GC(291) Old regions: 104->104
[2025-12-24T17:18:17.536+0000][gc,heap     ] GC(291) Humongous regions: 151->151
[2025-12-24T17:18:17.536+0000][gc,metaspace] GC(291) Metaspace: 15878K(16256K)->15878K(16256K) NonClass: 14140K(14272K)->14140K(14272K) Class: 1738K(1984K)->1738K(1984K)
[2025-12-24T17:18:17.536+0000][gc          ] GC(291) Pause Young (Normal) (G1 Evacuation Pause) 867M->260M(1024M) 19.594ms
[2025-12-24T17:18:17.536+0000][gc,cpu      ] GC(291) User=0.13s Sys=0.00s Real=0.02s
[2025-12-24T17:18:47.709+0000][gc,start    ] GC(292) Pause Young (Normal) (G1 Evacuation Pause)
[2025-12-24T17:18:47.710+0000][gc,task     ] GC(292) Using 8 workers of 8 for evacuation
[2025-12-24T17:18:47.725+0000][gc,phases   ] GC(292)   Pre Evacuate Collection Set: 1.2ms
[2025-12-24T17:18:47.726+0000][gc,phases   ] GC(292)   Merge Heap Roots: 0.4ms
[2025-12-24T17:18:47.726+0000][gc,phases   ] GC(292)   Evacuate Collection Set: 12.5ms
[2025-12-24T17:18:47.726+0000][gc,phases   ] GC(292)   Post Evacuate Collection Set: 1.1ms
[2025-12-24T17:18:47.726+0000][gc,phases   ] GC(292)   Other: 0.5ms
[2025-12-24T17:18:47.726+0000][gc,heap     ] GC(292) Eden regions: 608->0(606)
[2025-12-24T17:18:47.726+0000][gc,heap     ] GC(292) Survivor regions: 6->8(77)
[2025-12-24T17:18:47.726+0000][gc,heap     ] GC(292) Old regions: 104->104
[2025-12-24T17:18:47.726+0000][gc,heap     ] GC(292) Humongous regions: 151->151
[2025-12-24T17:18:47.726+0000][gc,metaspace] GC(292) Metaspace: 15878K(16256K)->15878K(16256K) NonClass: 14140K(14272K)->14140K(14272K) Class: 1738K(1984K)->1738K(1984K)
[2025-12-24T17:18:47.726+0000][gc          ] GC(292) Pause Young (Normal) (G1 Evacuation Pause) 868M->262M(1024M) 17.213ms
[2025-12-24T17:18:47.726+0000][gc,cpu      ] GC(292) User=0.10s Sys=0.00s Real=0.02s
[2025-12-24T17:19:17.948+0000][gc,start    ] GC(293) Pause Young (Normal) (G1 Evacuation Pause)
[2025-12-24T17:19:17.949+0000][gc,task     ] GC(293) Using 8 workers of 8 for evacuation
[2025-12-24T17:19:17.964+0000][gc,phases   ] GC(293)   Pre Evacuate Collection Set: 1.3ms
[2025-12-24T17:19:17.965+0000][gc,phases   ] GC(293)   Merge Heap Roots: 0.3ms
[2025-12-24T17:19:17.965+0000][gc,phases   ] GC(293)   Evacuate Collection Set: 10.3ms
[2025-12-24T17:19:17.965+0000][gc,phases   ] GC(293)   Post Evacuate Collection Set: 3.0ms
[2025-12-24T17:19:17.965+0000][gc,phases   ] GC(293)   Other: 0.7ms
[2025-12-24T17:19:17.965+0000][gc,heap     ] GC(293) Eden regions: 606->0(604)
[2025-12-24T17:19:17.965+0000][gc,heap     ] GC(293) Survivor regions: 8->10(77)
[2025-12-24T17:19:17.965+0000][gc,heap     ] GC(293) Old regions: 104->105
[2025-12-24T17:19:17.965+0000][gc,heap     ] GC(293) Humongous regions: 151->151
[2025-12-24T17:19:17.965+0000][gc,metaspace] GC(293) Metaspace: 15878K(16256K)->15878K(16256K) NonClass: 14140K(14272K)->14140K(14272K) Class: 1738K(1984K)->1738K(1984K)
[2025-12-24T17:19:17.966+0000][gc          ] GC(293) Pause Young (Normal) (G1 Evacuation Pause) 868M->264M(1024M) 17.568ms
[2025-12-24T17:19:17.966+0000][gc,cpu      ] GC(293) User=0.09s Sys=0.00s Real=0.01s
[2025-12-24T17:19:57.471+0000][gc,start    ] GC(294) Pause Young (Normal) (G1 Evacuation Pause)
[2025-12-24T17:19:57.472+0000][gc,task     ] GC(294) Using 8 workers of 8 for evacuation
[2025-12-24T17:19:57.487+0000][gc,phases   ] GC(294)   Pre Evacuate Collection Set: 1.4ms
[2025-12-24T17:19:57.487+0000][gc,phases   ] GC(294)   Merge Heap Roots: 0.4ms
[2025-12-24T17:19:57.487+0000][gc,phases   ] GC(294)   Evacuate Collection Set: 11.8ms
[2025-12-24T17:19:57.487+0000][gc,phases   ] GC(294)   Post Evacuate Collection Set: 1.3ms
[2025-12-24T17:19:57.487+0000][gc,phases   ] GC(294)   Other: 0.4ms
[2025-12-24T17:19:57.488+0000][gc,heap     ] GC(294) Eden regions: 604->0(606)
[2025-12-24T17:19:57.488+0000][gc,heap     ] GC(294) Survivor regions: 10->8(77)
[2025-12-24T17:19:57.488+0000][gc,heap     ] GC(294) Old regions: 105->105
[2025-12-24T17:19:57.488+0000][gc,heap     ] GC(294) Humongous regions: 151->151
[2025-12-24T17:19:57.488+0000][gc,metaspace] GC(294) Metaspace: 15878K(16256K)->15878K(16256K) NonClass: 14140K(14272K)->14140K(14272K) Class: 1738K(1984K)->1738K(1984K)
[2025-12-24T17:19:57.488+0000][gc          ] GC(294) Pause Young (Normal) (G1 Evacuation Pause) 868M->263M(1024M) 16.563ms
[2025-12-24T17:19:57.488+0000][gc,cpu      ] GC(294) User=0.10s Sys=0.00s Real=0.02s
[2025-12-24T17:20:27.639+0000][gc,start    ] GC(295) Pause Young (Normal) (G1 Evacuation Pause)
[2025-12-24T17:20:27.640+0000][gc,task     ] GC(295) Using 8 workers of 8 for evacuation
[2025-12-24T17:20:27.654+0000][gc,phases   ] GC(295)   Pre Evacuate Collection Set: 1.3ms
[2025-12-24T17:20:27.655+0000][gc,phases   ] GC(295)   Merge Heap Roots: 0.5ms
[2025-12-24T17:20:27.655+0000][gc,phases   ] GC(295)   Evacuate Collection Set: 10.4ms
[2025-12-24T17:20:27.655+0000][gc,phases   ] GC(295)   Post Evacuate Collection Set: 1.8ms
[2025-12-24T17:20:27.655+0000][gc,phases   ] GC(295)   Other: 0.7ms
[2025-12-24T17:20:27.655+0000][gc,heap     ] GC(295) Eden regions: 606->0(604)
[2025-12-24T17:20:27.655+0000][gc,heap     ] GC(295) Survivor regions: 8->10(77)
[2025-12-24T17:20:27.655+0000][gc,heap     ] GC(295) Old regions: 105->105
[2025-12-24T17:20:27.655+0000][gc,heap     ] GC(295) Humongous regions: 151->151
[2025-12-24T17:20:27.655+0000][gc,metaspace] GC(295) Metaspace: 15878K(16256K)->15878K(16256K) NonClass: 14140K(14272K)->14140K(14272K) Class: 1738K(1984K)->1738K(1984K)
[2025-12-24T17:20:27.655+0000][gc          ] GC(295) Pause Young (Normal) (G1 Evacuation Pause) 869M->265M(1024M) 16.055ms
[2025-12-24T17:20:27.655+0000][gc,cpu      ] GC(295) User=0.08s Sys=0.01s Real=0.01s
[2025-12-24T17:20:57.900+0000][gc,start    ] GC(296) Pause Young (Normal) (G1 Evacuation Pause)
[2025-12-24T17:20:57.901+0000][gc,task     ] GC(296) Using 8 workers of 8 for evacuation
[2025-12-24T17:20:57.916+0000][gc,phases   ] GC(296)   Pre Evacuate Collection Set: 1.5ms
[2025-12-24T17:20:57.916+0000][gc,phases   ] GC(296)   Merge Heap Roots: 0.3ms
[2025-12-24T17:20:57.916+0000][gc,phases   ] GC(296)   Evacuate Collection Set: 11.5ms
[2025-12-24T17:20:57.916+0000][gc,phases   ] GC(296)   Post Evacuate Collection Set: 1.5ms
[2025-12-24T17:20:57.917+0000][gc,phases   ] GC(296)   Other: 0.4ms
[2025-12-24T17:20:57.917+0000][gc,heap     ] GC(296) Eden regions: 604->0(606)
[2025-12-24T17:20:57.917+0000][gc,heap     ] GC(296) Survivor regions: 10->8(77)
[2025-12-24T17:20:57.917+0000][gc,heap     ] GC(296) Old regions: 105->106
[2025-12-24T17:20:57.917+0000][gc,heap     ] GC(296) Humongous regions: 151->151
[2025-12-24T17:20:57.917+0000][gc,metaspace] GC(296) Metaspace: 15878K(16256K)->15878K(16256K) NonClass: 14140K(14272K)->14140K(14272K) Class: 1738K(1984K)->1738K(1984K)
[2025-12-24T17:20:57.917+0000][gc          ] GC(296) Pause Young (Normal) (G1 Evacuation Pause) 869M->263M(1024M) 16.699ms
[2025-12-24T17:20:57.917+0000][gc,cpu      ] GC(296) User=0.10s Sys=0.00s Real=0.02s
[2025-12-24T17:21:36.982+0000][gc,start    ] GC(297) Pause Young (Normal) (G1 Evacuation Pause)
[2025-12-24T17:21:36.983+0000][gc,task     ] GC(297) Using 8 workers of 8 for evacuation
[2025-12-24T17:21:37.012+0000][gc,phases   ] GC(297)   Pre Evacuate Collection Set: 3.0ms
[2025-12-24T17:21:37.013+0000][gc,phases   ] GC(297)   Merge Heap Roots: 2.1ms
[2025-12-24T17:21:37.013+0000][gc,phases   ] GC(297)   Evacuate Collection Set: 20.6ms
[2025-12-24T17:21:37.013+0000][gc,phases   ] GC(297)   Post Evacuate Collection Set: 2.8ms
[2025-12-24T17:21:37.013+0000][gc,phases   ] GC(297)   Other: 1.0ms
[2025-12-24T17:21:37.013+0000][gc,heap     ] GC(297) Eden regions: 606->0(607)
[2025-12-24T17:21:37.013+0000][gc,heap     ] GC(297) Survivor regions: 8->7(77)
[2025-12-24T17:21:37.013+0000][gc,heap     ] GC(297) Old regions: 106->106
[2025-12-24T17:21:37.013+0000][gc,heap     ] GC(297) Humongous regions: 151->151
[2025-12-24T17:21:37.013+0000][gc,metaspace] GC(297) Metaspace: 15878K(16256K)->15878K(16256K) NonClass: 14140K(14272K)->14140K(14272K) Class: 1738K(1984K)->1738K(1984K)
[2025-12-24T17:21:37.013+0000][gc          ] GC(297) Pause Young (Normal) (G1 Evacuation Pause) 869M->262M(1024M) 31.702ms
[2025-12-24T17:21:37.014+0000][gc,cpu      ] GC(297) User=0.18s Sys=0.01s Real=0.03s
[2025-12-24T17:22:07.632+0000][gc,start    ] GC(298) Pause Young (Normal) (G1 Evacuation Pause)
[2025-12-24T17:22:07.633+0000][gc,task     ] GC(298) Using 8 workers of 8 for evacuation
[2025-12-24T17:22:07.644+0000][gc,phases   ] GC(298)   Pre Evacuate Collection Set: 1.0ms
[2025-12-24T17:22:07.644+0000][gc,phases   ] GC(298)   Merge Heap Roots: 0.3ms
[2025-12-24T17:22:07.644+0000][gc,phases   ] GC(298)   Evacuate Collection Set: 8.8ms
[2025-12-24T17:22:07.644+0000][gc,phases   ] GC(298)   Post Evacuate Collection Set: 1.1ms
[2025-12-24T17:22:07.644+0000][gc,phases   ] GC(298)   Other: 0.3ms
[2025-12-24T17:22:07.645+0000][gc,heap     ] GC(298) Eden regions: 607->0(606)
[2025-12-24T17:22:07.645+0000][gc,heap     ] GC(298) Survivor regions: 7->8(77)
[2025-12-24T17:22:07.645+0000][gc,heap     ] GC(298) Old regions: 106->106
[2025-12-24T17:22:07.645+0000][gc,heap     ] GC(298) Humongous regions: 151->151
[2025-12-24T17:22:07.645+0000][gc,metaspace] GC(298) Metaspace: 15879K(16256K)->15879K(16256K) NonClass: 14141K(14272K)->14141K(14272K) Class: 1738K(1984K)->1738K(1984K)
[2025-12-24T17:22:07.645+0000][gc          ] GC(298) Pause Young (Normal) (G1 Evacuation Pause) 869M->264M(1024M) 12.618ms
[2025-12-24T17:22:07.645+0000][gc,cpu      ] GC(298) User=0.07s Sys=0.01s Real=0.02s
[2025-12-24T17:22:37.806+0000][gc,start    ] GC(299) Pause Young (Normal) (G1 Evacuation Pause)
[2025-12-24T17:22:37.808+0000][gc,task     ] GC(299) Using 8 workers of 8 for evacuation
[2025-12-24T17:22:37.829+0000][gc,phases   ] GC(299)   Pre Evacuate Collection Set: 1.1ms
[2025-12-24T17:22:37.829+0000][gc,phases   ] GC(299)   Merge Heap Roots: 0.4ms
[2025-12-24T17:22:37.829+0000][gc,phases   ] GC(299)   Evacuate Collection Set: 18.2ms
[2025-12-24T17:22:37.829+0000][gc,phases   ] GC(299)   Post Evacuate Collection Set: 1.4ms
[2025-12-24T17:22:37.830+0000][gc,phases   ] GC(299)   Other: 0.4ms
[2025-12-24T17:22:37.830+0000][gc,heap     ] GC(299) Eden regions: 606->0(604)
[2025-12-24T17:22:37.830+0000][gc,heap     ] GC(299) Survivor regions: 8->10(77)
[2025-12-24T17:22:37.830+0000][gc,heap     ] GC(299) Old regions: 106->107
[2025-12-24T17:22:37.830+0000][gc,heap     ] GC(299) Humongous regions: 151->151
[2025-12-24T17:22:37.830+0000][gc,metaspace] GC(299) Metaspace: 15879K(16256K)->15879K(16256K) NonClass: 14141K(14272K)->14141K(14272K) Class: 1738K(1984K)->1738K(1984K)
[2025-12-24T17:22:37.830+0000][gc          ] GC(299) Pause Young (Normal) (G1 Evacuation Pause) 870M->266M(1024M) 23.438ms
[2025-12-24T17:22:37.830+0000][gc,cpu      ] GC(299) User=0.13s Sys=0.00s Real=0.03s
[2025-12-24T17:23:08.037+0000][gc,start    ] GC(300) Pause Young (Normal) (G1 Evacuation Pause)
[2025-12-24T17:23:08.037+0000][gc,task     ] GC(300) Using 8 workers of 8 for evacuation
[2025-12-24T17:23:08.056+0000][gc,phases   ] GC(300)   Pre Evacuate Collection Set: 1.3ms
[2025-12-24T17:23:08.056+0000][gc,phases   ] GC(300)   Merge Heap Roots: 0.4ms
[2025-12-24T17:23:08.056+0000][gc,phases   ] GC(300)   Evacuate Collection Set: 12.1ms
[2025-12-24T17:23:08.056+0000][gc,phases   ] GC(300)   Post Evacuate Collection Set: 1.7ms
[2025-12-24T17:23:08.056+0000][gc,phases   ] GC(300)   Other: 2.8ms
[2025-12-24T17:23:08.056+0000][gc,heap     ] GC(300) Eden regions: 604->0(604)
[2025-12-24T17:23:08.056+0000][gc,heap     ] GC(300) Survivor regions: 10->10(77)
[2025-12-24T17:23:08.056+0000][gc,heap     ] GC(300) Old regions: 107->107
[2025-12-24T17:23:08.056+0000][gc,heap     ] GC(300) Humongous regions: 151->151
[2025-12-24T17:23:08.056+0000][gc,metaspace] GC(300) Metaspace: 15879K(16256K)->15879K(16256K) NonClass: 14141K(14272K)->14141K(14272K) Class: 1738K(1984K)->1738K(1984K)
[2025-12-24T17:23:08.057+0000][gc          ] GC(300) Pause Young (Normal) (G1 Evacuation Pause) 870M->267M(1024M) 20.125ms
[2025-12-24T17:23:08.057+0000][gc,cpu      ] GC(300) User=0.10s Sys=0.00s Real=0.02s
[2025-12-24T17:23:47.588+0000][gc,start    ] GC(301) Pause Young (Normal) (G1 Evacuation Pause)
[2025-12-24T17:23:47.588+0000][gc,task     ] GC(301) Using 8 workers of 8 for evacuation
[2025-12-24T17:23:47.606+0000][gc,phases   ] GC(301)   Pre Evacuate Collection Set: 1.3ms
[2025-12-24T17:23:47.606+0000][gc,phases   ] GC(301)   Merge Heap Roots: 0.3ms
[2025-12-24T17:23:47.606+0000][gc,phases   ] GC(301)   Evacuate Collection Set: 14.4ms
[2025-12-24T17:23:47.607+0000][gc,phases   ] GC(301)   Post Evacuate Collection Set: 1.4ms
[2025-12-24T17:23:47.607+0000][gc,phases   ] GC(301)   Other: 0.4ms
[2025-12-24T17:23:47.607+0000][gc,heap     ] GC(301) Eden regions: 604->0(607)
[2025-12-24T17:23:47.607+0000][gc,heap     ] GC(301) Survivor regions: 10->7(77)
[2025-12-24T17:23:47.607+0000][gc,heap     ] GC(301) Old regions: 107->107
[2025-12-24T17:23:47.607+0000][gc,heap     ] GC(301) Humongous regions: 151->151
[2025-12-24T17:23:47.607+0000][gc,metaspace] GC(301) Metaspace: 15881K(16256K)->15881K(16256K) NonClass: 14143K(14272K)->14143K(14272K) Class: 1738K(1984K)->1738K(1984K)
[2025-12-24T17:23:47.607+0000][gc          ] GC(301) Pause Young (Normal) (G1 Evacuation Pause) 871M->264M(1024M) 19.362ms
[2025-12-24T17:23:47.607+0000][gc,cpu      ] GC(301) User=0.12s Sys=0.00s Real=0.02s
[2025-12-24T17:24:17.913+0000][gc,start    ] GC(302) Pause Young (Normal) (G1 Evacuation Pause)
[2025-12-24T17:24:17.915+0000][gc,task     ] GC(302) Using 8 workers of 8 for evacuation
[2025-12-24T17:24:17.944+0000][gc,phases   ] GC(302)   Pre Evacuate Collection Set: 7.0ms
[2025-12-24T17:24:17.944+0000][gc,phases   ] GC(302)   Merge Heap Roots: 2.1ms
[2025-12-24T17:24:17.944+0000][gc,phases   ] GC(302)   Evacuate Collection Set: 15.5ms
[2025-12-24T17:24:17.944+0000][gc,phases   ] GC(302)   Post Evacuate Collection Set: 2.6ms
[2025-12-24T17:24:17.944+0000][gc,phases   ] GC(302)   Other: 1.8ms
[2025-12-24T17:24:17.944+0000][gc,heap     ] GC(302) Eden regions: 607->0(606)
[2025-12-24T17:24:17.944+0000][gc,heap     ] GC(302) Survivor regions: 7->8(77)
[2025-12-24T17:24:17.944+0000][gc,heap     ] GC(302) Old regions: 107->108
[2025-12-24T17:24:17.944+0000][gc,heap     ] GC(302) Humongous regions: 151->151
[2025-12-24T17:24:17.944+0000][gc,metaspace] GC(302) Metaspace: 15881K(16256K)->15881K(16256K) NonClass: 14143K(14272K)->14143K(14272K) Class: 1738K(1984K)->1738K(1984K)
[2025-12-24T17:24:17.944+0000][gc          ] GC(302) Pause Young (Normal) (G1 Evacuation Pause) 871M->265M(1024M) 31.420ms
[2025-12-24T17:24:17.945+0000][gc,cpu      ] GC(302) User=0.17s Sys=0.00s Real=0.03s
[2025-12-24T17:24:47.984+0000][gc,start    ] GC(303) Pause Young (Normal) (G1 Evacuation Pause)
[2025-12-24T17:24:47.985+0000][gc,task     ] GC(303) Using 8 workers of 8 for evacuation
[2025-12-24T17:24:48.007+0000][gc,phases   ] GC(303)   Pre Evacuate Collection Set: 1.5ms
[2025-12-24T17:24:48.007+0000][gc,phases   ] GC(303)   Merge Heap Roots: 0.4ms
[2025-12-24T17:24:48.007+0000][gc,phases   ] GC(303)   Evacuate Collection Set: 15.7ms
[2025-12-24T17:24:48.007+0000][gc,phases   ] GC(303)   Post Evacuate Collection Set: 3.6ms
[2025-12-24T17:24:48.008+0000][gc,phases   ] GC(303)   Other: 0.9ms
[2025-12-24T17:24:48.008+0000][gc,heap     ] GC(303) Eden regions: 606->0(604)
[2025-12-24T17:24:48.008+0000][gc,heap     ] GC(303) Survivor regions: 8->10(77)
[2025-12-24T17:24:48.008+0000][gc,heap     ] GC(303) Old regions: 108->108
[2025-12-24T17:24:48.008+0000][gc,heap     ] GC(303) Humongous regions: 151->151
[2025-12-24T17:24:48.008+0000][gc,metaspace] GC(303) Metaspace: 15882K(16256K)->15882K(16256K) NonClass: 14143K(14272K)->14143K(14272K) Class: 1738K(1984K)->1738K(1984K)
[2025-12-24T17:24:48.009+0000][gc          ] GC(303) Pause Young (Normal) (G1 Evacuation Pause) 871M->267M(1024M) 24.426ms
[2025-12-24T17:24:48.009+0000][gc,cpu      ] GC(303) User=0.14s Sys=0.01s Real=0.03s
[2025-12-24T17:25:27.534+0000][gc,start    ] GC(304) Pause Young (Normal) (G1 Evacuation Pause)
[2025-12-24T17:25:27.535+0000][gc,task     ] GC(304) Using 8 workers of 8 for evacuation
[2025-12-24T17:25:27.556+0000][gc,phases   ] GC(304)   Pre Evacuate Collection Set: 1.3ms
[2025-12-24T17:25:27.556+0000][gc,phases   ] GC(304)   Merge Heap Roots: 0.4ms
[2025-12-24T17:25:27.557+0000][gc,phases   ] GC(304)   Evacuate Collection Set: 18.0ms
[2025-12-24T17:25:27.557+0000][gc,phases   ] GC(304)   Post Evacuate Collection Set: 1.3ms
[2025-12-24T17:25:27.557+0000][gc,phases   ] GC(304)   Other: 0.3ms
[2025-12-24T17:25:27.557+0000][gc,heap     ] GC(304) Eden regions: 604->0(606)
[2025-12-24T17:25:27.557+0000][gc,heap     ] GC(304) Survivor regions: 10->8(77)
[2025-12-24T17:25:27.557+0000][gc,heap     ] GC(304) Old regions: 108->108
[2025-12-24T17:25:27.557+0000][gc,heap     ] GC(304) Humongous regions: 151->151
[2025-12-24T17:25:27.557+0000][gc,metaspace] GC(304) Metaspace: 15883K(16256K)->15883K(16256K) NonClass: 14145K(14272K)->14145K(14272K) Class: 1738K(1984K)->1738K(1984K)
[2025-12-24T17:25:27.557+0000][gc          ] GC(304) Pause Young (Normal) (G1 Evacuation Pause) 871M->266M(1024M) 23.129ms
[2025-12-24T17:25:27.557+0000][gc,cpu      ] GC(304) User=0.15s Sys=0.00s Real=0.03s
[2025-12-24T17:25:57.709+0000][gc,start    ] GC(305) Pause Young (Normal) (G1 Evacuation Pause)
[2025-12-24T17:25:57.709+0000][gc,task     ] GC(305) Using 8 workers of 8 for evacuation
[2025-12-24T17:25:57.741+0000][gc,phases   ] GC(305)   Pre Evacuate Collection Set: 1.3ms
[2025-12-24T17:25:57.741+0000][gc,phases   ] GC(305)   Merge Heap Roots: 0.7ms
[2025-12-24T17:25:57.741+0000][gc,phases   ] GC(305)   Evacuate Collection Set: 28.1ms
[2025-12-24T17:25:57.741+0000][gc,phases   ] GC(305)   Post Evacuate Collection Set: 1.2ms
[2025-12-24T17:25:57.741+0000][gc,phases   ] GC(305)   Other: 0.5ms
[2025-12-24T17:25:57.742+0000][gc,heap     ] GC(305) Eden regions: 606->0(604)
[2025-12-24T17:25:57.742+0000][gc,heap     ] GC(305) Survivor regions: 8->10(77)
[2025-12-24T17:25:57.742+0000][gc,heap     ] GC(305) Old regions: 108->109
[2025-12-24T17:25:57.742+0000][gc,heap     ] GC(305) Humongous regions: 151->151
[2025-12-24T17:25:57.742+0000][gc,metaspace] GC(305) Metaspace: 15883K(16256K)->15883K(16256K) NonClass: 14145K(14272K)->14145K(14272K) Class: 1738K(1984K)->1738K(1984K)
[2025-12-24T17:25:57.742+0000][gc          ] GC(305) Pause Young (Normal) (G1 Evacuation Pause) 872M->268M(1024M) 33.204ms
[2025-12-24T17:25:57.742+0000][gc,cpu      ] GC(305) User=0.19s Sys=0.02s Real=0.03s
[2025-12-24T17:26:27.939+0000][gc,start    ] GC(306) Pause Young (Normal) (G1 Evacuation Pause)
[2025-12-24T17:26:27.943+0000][gc,task     ] GC(306) Using 8 workers of 8 for evacuation
[2025-12-24T17:26:27.963+0000][gc,phases   ] GC(306)   Pre Evacuate Collection Set: 1.2ms
[2025-12-24T17:26:27.964+0000][gc,phases   ] GC(306)   Merge Heap Roots: 0.5ms
[2025-12-24T17:26:27.964+0000][gc,phases   ] GC(306)   Evacuate Collection Set: 11.9ms
[2025-12-24T17:26:27.964+0000][gc,phases   ] GC(306)   Post Evacuate Collection Set: 6.3ms
[2025-12-24T17:26:27.964+0000][gc,phases   ] GC(306)   Other: 0.5ms
[2025-12-24T17:26:27.964+0000][gc,heap     ] GC(306) Eden regions: 604->0(603)
[2025-12-24T17:26:27.964+0000][gc,heap     ] GC(306) Survivor regions: 10->11(77)
[2025-12-24T17:26:27.964+0000][gc,heap     ] GC(306) Old regions: 109->109
[2025-12-24T17:26:27.964+0000][gc,heap     ] GC(306) Humongous regions: 151->151
[2025-12-24T17:26:27.964+0000][gc,metaspace] GC(306) Metaspace: 15883K(16256K)->15883K(16256K) NonClass: 14145K(14272K)->14145K(14272K) Class: 1738K(1984K)->1738K(1984K)
[2025-12-24T17:26:27.964+0000][gc          ] GC(306) Pause Young (Normal) (G1 Evacuation Pause) 872M->270M(1024M) 25.119ms
[2025-12-24T17:26:27.964+0000][gc,cpu      ] GC(306) User=0.10s Sys=0.01s Real=0.03s
[2025-12-24T17:27:07.485+0000][gc,start    ] GC(307) Pause Young (Normal) (G1 Evacuation Pause)
[2025-12-24T17:27:07.486+0000][gc,task     ] GC(307) Using 8 workers of 8 for evacuation
[2025-12-24T17:27:07.503+0000][gc,phases   ] GC(307)   Pre Evacuate Collection Set: 1.3ms
[2025-12-24T17:27:07.503+0000][gc,phases   ] GC(307)   Merge Heap Roots: 0.4ms
[2025-12-24T17:27:07.503+0000][gc,phases   ] GC(307)   Evacuate Collection Set: 13.0ms
[2025-12-24T17:27:07.503+0000][gc,phases   ] GC(307)   Post Evacuate Collection Set: 1.4ms
[2025-12-24T17:27:07.503+0000][gc,phases   ] GC(307)   Other: 0.6ms
[2025-12-24T17:27:07.503+0000][gc,heap     ] GC(307) Eden regions: 603->0(607)
[2025-12-24T17:27:07.503+0000][gc,heap     ] GC(307) Survivor regions: 11->7(77)
[2025-12-24T17:27:07.503+0000][gc,heap     ] GC(307) Old regions: 109->109
[2025-12-24T17:27:07.503+0000][gc,heap     ] GC(307) Humongous regions: 151->151
[2025-12-24T17:27:07.503+0000][gc,metaspace] GC(307) Metaspace: 15883K(16256K)->15883K(16256K) NonClass: 14145K(14272K)->14145K(14272K) Class: 1738K(1984K)->1738K(1984K)
[2025-12-24T17:27:07.503+0000][gc          ] GC(307) Pause Young (Normal) (G1 Evacuation Pause) 873M->266M(1024M) 18.586ms
[2025-12-24T17:27:07.504+0000][gc,cpu      ] GC(307) User=0.11s Sys=0.00s Real=0.02s
[2025-12-24T17:27:37.677+0000][gc,start    ] GC(308) Pause Young (Normal) (G1 Evacuation Pause)
[2025-12-24T17:27:37.677+0000][gc,task     ] GC(308) Using 8 workers of 8 for evacuation
[2025-12-24T17:27:37.698+0000][gc,phases   ] GC(308)   Pre Evacuate Collection Set: 1.3ms
[2025-12-24T17:27:37.698+0000][gc,phases   ] GC(308)   Merge Heap Roots: 0.3ms
[2025-12-24T17:27:37.698+0000][gc,phases   ] GC(308)   Evacuate Collection Set: 17.5ms
[2025-12-24T17:27:37.698+0000][gc,phases   ] GC(308)   Post Evacuate Collection Set: 1.1ms
[2025-12-24T17:27:37.698+0000][gc,phases   ] GC(308)   Other: 0.3ms
[2025-12-24T17:27:37.698+0000][gc,heap     ] GC(308) Eden regions: 607->0(606)
[2025-12-24T17:27:37.698+0000][gc,heap     ] GC(308) Survivor regions: 7->8(77)
[2025-12-24T17:27:37.698+0000][gc,heap     ] GC(308) Old regions: 109->110
[2025-12-24T17:27:37.698+0000][gc,heap     ] GC(308) Humongous regions: 151->151
[2025-12-24T17:27:37.698+0000][gc,metaspace] GC(308) Metaspace: 15887K(16256K)->15887K(16256K) NonClass: 14148K(14272K)->14148K(14272K) Class: 1738K(1984K)->1738K(1984K)
[2025-12-24T17:27:37.698+0000][gc          ] GC(308) Pause Young (Normal) (G1 Evacuation Pause) 873M->267M(1024M) 21.641ms
[2025-12-24T17:27:37.698+0000][gc,cpu      ] GC(308) User=0.14s Sys=0.00s Real=0.02s
[2025-12-24T17:28:07.831+0000][gc,start    ] GC(309) Pause Young (Normal) (G1 Evacuation Pause)
[2025-12-24T17:28:07.832+0000][gc,task     ] GC(309) Using 8 workers of 8 for evacuation
[2025-12-24T17:28:07.848+0000][gc,phases   ] GC(309)   Pre Evacuate Collection Set: 1.8ms
[2025-12-24T17:28:07.848+0000][gc,phases   ] GC(309)   Merge Heap Roots: 0.8ms
[2025-12-24T17:28:07.848+0000][gc,phases   ] GC(309)   Evacuate Collection Set: 12.4ms
[2025-12-24T17:28:07.848+0000][gc,phases   ] GC(309)   Post Evacuate Collection Set: 1.1ms
[2025-12-24T17:28:07.848+0000][gc,phases   ] GC(309)   Other: 0.3ms
[2025-12-24T17:28:07.849+0000][gc,heap     ] GC(309) Eden regions: 606->0(604)
[2025-12-24T17:28:07.849+0000][gc,heap     ] GC(309) Survivor regions: 8->10(77)
[2025-12-24T17:28:07.849+0000][gc,heap     ] GC(309) Old regions: 110->110
[2025-12-24T17:28:07.849+0000][gc,heap     ] GC(309) Humongous regions: 151->151
[2025-12-24T17:28:07.849+0000][gc,metaspace] GC(309) Metaspace: 15887K(16256K)->15887K(16256K) NonClass: 14148K(14272K)->14148K(14272K) Class: 1738K(1984K)->1738K(1984K)
[2025-12-24T17:28:07.849+0000][gc          ] GC(309) Pause Young (Normal) (G1 Evacuation Pause) 873M->270M(1024M) 17.509ms
[2025-12-24T17:28:07.849+0000][gc,cpu      ] GC(309) User=0.12s Sys=0.00s Real=0.02s
[2025-12-24T17:28:47.431+0000][gc,start    ] GC(310) Pause Young (Normal) (G1 Evacuation Pause)
[2025-12-24T17:28:47.432+0000][gc,task     ] GC(310) Using 8 workers of 8 for evacuation
[2025-12-24T17:28:47.447+0000][gc,phases   ] GC(310)   Pre Evacuate Collection Set: 1.3ms
[2025-12-24T17:28:47.447+0000][gc,phases   ] GC(310)   Merge Heap Roots: 0.7ms
[2025-12-24T17:28:47.448+0000][gc,phases   ] GC(310)   Evacuate Collection Set: 11.5ms
[2025-12-24T17:28:47.448+0000][gc,phases   ] GC(310)   Post Evacuate Collection Set: 1.3ms
[2025-12-24T17:28:47.448+0000][gc,phases   ] GC(310)   Other: 0.4ms
[2025-12-24T17:28:47.448+0000][gc,heap     ] GC(310) Eden regions: 604->0(605)
[2025-12-24T17:28:47.448+0000][gc,heap     ] GC(310) Survivor regions: 10->9(77)
[2025-12-24T17:28:47.448+0000][gc,heap     ] GC(310) Old regions: 110->110
[2025-12-24T17:28:47.448+0000][gc,heap     ] GC(310) Humongous regions: 151->151
[2025-12-24T17:28:47.448+0000][gc,metaspace] GC(310) Metaspace: 15888K(16256K)->15888K(16256K) NonClass: 14150K(14272K)->14150K(14272K) Class: 1738K(1984K)->1738K(1984K)
[2025-12-24T17:28:47.448+0000][gc          ] GC(310) Pause Young (Normal) (G1 Evacuation Pause) 874M->269M(1024M) 16.750ms
[2025-12-24T17:28:47.448+0000][gc,cpu      ] GC(310) User=0.10s Sys=0.00s Real=0.02s
[2025-12-24T17:29:17.611+0000][gc,start    ] GC(311) Pause Young (Normal) (G1 Evacuation Pause)
[2025-12-24T17:29:17.612+0000][gc,task     ] GC(311) Using 8 workers of 8 for evacuation
[2025-12-24T17:29:17.629+0000][gc,phases   ] GC(311)   Pre Evacuate Collection Set: 1.3ms
[2025-12-24T17:29:17.629+0000][gc,phases   ] GC(311)   Merge Heap Roots: 0.4ms
[2025-12-24T17:29:17.629+0000][gc,phases   ] GC(311)   Evacuate Collection Set: 13.5ms
[2025-12-24T17:29:17.629+0000][gc,phases   ] GC(311)   Post Evacuate Collection Set: 1.3ms
[2025-12-24T17:29:17.629+0000][gc,phases   ] GC(311)   Other: 0.3ms
[2025-12-24T17:29:17.629+0000][gc,heap     ] GC(311) Eden regions: 605->0(604)
[2025-12-24T17:29:17.629+0000][gc,heap     ] GC(311) Survivor regions: 9->10(77)
[2025-12-24T17:29:17.630+0000][gc,heap     ] GC(311) Old regions: 110->111
[2025-12-24T17:29:17.630+0000][gc,heap     ] GC(311) Humongous regions: 151->151
[2025-12-24T17:29:17.630+0000][gc,metaspace] GC(311) Metaspace: 15888K(16256K)->15888K(16256K) NonClass: 14150K(14272K)->14150K(14272K) Class: 1738K(1984K)->1738K(1984K)
[2025-12-24T17:29:17.630+0000][gc          ] GC(311) Pause Young (Normal) (G1 Evacuation Pause) 874M->271M(1024M) 18.507ms
[2025-12-24T17:29:17.630+0000][gc,cpu      ] GC(311) User=0.08s Sys=0.01s Real=0.02s
[2025-12-24T17:29:47.813+0000][gc,start    ] GC(312) Pause Young (Normal) (G1 Evacuation Pause)
[2025-12-24T17:29:47.814+0000][gc,task     ] GC(312) Using 8 workers of 8 for evacuation
[2025-12-24T17:29:47.830+0000][gc,phases   ] GC(312)   Pre Evacuate Collection Set: 3.0ms
[2025-12-24T17:29:47.831+0000][gc,phases   ] GC(312)   Merge Heap Roots: 2.3ms
[2025-12-24T17:29:47.831+0000][gc,phases   ] GC(312)   Evacuate Collection Set: 9.8ms
[2025-12-24T17:29:47.831+0000][gc,phases   ] GC(312)   Post Evacuate Collection Set: 1.2ms
[2025-12-24T17:29:47.831+0000][gc,phases   ] GC(312)   Other: 0.6ms
[2025-12-24T17:29:47.831+0000][gc,heap     ] GC(312) Eden regions: 604->0(606)
[2025-12-24T17:29:47.831+0000][gc,heap     ] GC(312) Survivor regions: 10->8(77)
[2025-12-24T17:29:47.831+0000][gc,heap     ] GC(312) Old regions: 111->111
[2025-12-24T17:29:47.831+0000][gc,heap     ] GC(312) Humongous regions: 151->151
[2025-12-24T17:29:47.831+0000][gc,metaspace] GC(312) Metaspace: 15888K(16256K)->15888K(16256K) NonClass: 14150K(14272K)->14150K(14272K) Class: 1738K(1984K)->1738K(1984K)
[2025-12-24T17:29:47.831+0000][gc          ] GC(312) Pause Young (Normal) (G1 Evacuation Pause) 875M->269M(1024M) 18.117ms
[2025-12-24T17:29:47.831+0000][gc,cpu      ] GC(312) User=0.10s Sys=0.00s Real=0.02s
[2025-12-24T17:30:18.186+0000][gc,start    ] GC(313) Pause Young (Normal) (G1 Evacuation Pause)
[2025-12-24T17:30:18.187+0000][gc,task     ] GC(313) Using 8 workers of 8 for evacuation
[2025-12-24T17:30:18.202+0000][gc,phases   ] GC(313)   Pre Evacuate Collection Set: 1.4ms
[2025-12-24T17:30:18.202+0000][gc,phases   ] GC(313)   Merge Heap Roots: 1.1ms
[2025-12-24T17:30:18.202+0000][gc,phases   ] GC(313)   Evacuate Collection Set: 10.7ms
[2025-12-24T17:30:18.202+0000][gc,phases   ] GC(313)   Post Evacuate Collection Set: 1.2ms
[2025-12-24T17:30:18.202+0000][gc,phases   ] GC(313)   Other: 0.4ms
[2025-12-24T17:30:18.202+0000][gc,heap     ] GC(313) Eden regions: 606->0(607)
[2025-12-24T17:30:18.202+0000][gc,heap     ] GC(313) Survivor regions: 8->7(77)
[2025-12-24T17:30:18.202+0000][gc,heap     ] GC(313) Old regions: 111->111
[2025-12-24T17:30:18.202+0000][gc,heap     ] GC(313) Humongous regions: 151->151
[2025-12-24T17:30:18.202+0000][gc,metaspace] GC(313) Metaspace: 15888K(16256K)->15888K(16256K) NonClass: 14150K(14272K)->14150K(14272K) Class: 1738K(1984K)->1738K(1984K)
[2025-12-24T17:30:18.202+0000][gc          ] GC(313) Pause Young (Normal) (G1 Evacuation Pause) 875M->268M(1024M) 15.829ms
[2025-12-24T17:30:18.202+0000][gc,cpu      ] GC(313) User=0.09s Sys=0.01s Real=0.02s
[2025-12-24T17:30:57.565+0000][gc,start    ] GC(314) Pause Young (Normal) (G1 Evacuation Pause)
[2025-12-24T17:30:57.566+0000][gc,task     ] GC(314) Using 8 workers of 8 for evacuation
[2025-12-24T17:30:57.582+0000][gc,phases   ] GC(314)   Pre Evacuate Collection Set: 2.3ms
[2025-12-24T17:30:57.583+0000][gc,phases   ] GC(314)   Merge Heap Roots: 0.3ms
[2025-12-24T17:30:57.583+0000][gc,phases   ] GC(314)   Evacuate Collection Set: 9.7ms
[2025-12-24T17:30:57.583+0000][gc,phases   ] GC(314)   Post Evacuate Collection Set: 3.7ms
[2025-12-24T17:30:57.583+0000][gc,phases   ] GC(314)   Other: 0.4ms
[2025-12-24T17:30:57.583+0000][gc,heap     ] GC(314) Eden regions: 607->0(605)
[2025-12-24T17:30:57.583+0000][gc,heap     ] GC(314) Survivor regions: 7->9(77)
[2025-12-24T17:30:57.583+0000][gc,heap     ] GC(314) Old regions: 111->112
[2025-12-24T17:30:57.583+0000][gc,heap     ] GC(314) Humongous regions: 151->151
[2025-12-24T17:30:57.583+0000][gc,metaspace] GC(314) Metaspace: 15888K(16256K)->15888K(16256K) NonClass: 14150K(14272K)->14150K(14272K) Class: 1738K(1984K)->1738K(1984K)
[2025-12-24T17:30:57.583+0000][gc          ] GC(314) Pause Young (Normal) (G1 Evacuation Pause) 875M->270M(1024M) 18.316ms
[2025-12-24T17:30:57.584+0000][gc,cpu      ] GC(314) User=0.10s Sys=0.00s Real=0.02s
[2025-12-24T17:31:27.802+0000][gc,start    ] GC(315) Pause Young (Normal) (G1 Evacuation Pause)
[2025-12-24T17:31:27.803+0000][gc,task     ] GC(315) Using 8 workers of 8 for evacuation
[2025-12-24T17:31:27.825+0000][gc,phases   ] GC(315)   Pre Evacuate Collection Set: 6.6ms
[2025-12-24T17:31:27.825+0000][gc,phases   ] GC(315)   Merge Heap Roots: 1.5ms
[2025-12-24T17:31:27.825+0000][gc,phases   ] GC(315)   Evacuate Collection Set: 12.4ms
[2025-12-24T17:31:27.825+0000][gc,phases   ] GC(315)   Post Evacuate Collection Set: 1.2ms
[2025-12-24T17:31:27.825+0000][gc,phases   ] GC(315)   Other: 0.5ms
[2025-12-24T17:31:27.825+0000][gc,heap     ] GC(315) Eden regions: 605->0(604)
[2025-12-24T17:31:27.825+0000][gc,heap     ] GC(315) Survivor regions: 9->10(77)
[2025-12-24T17:31:27.825+0000][gc,heap     ] GC(315) Old regions: 112->112
[2025-12-24T17:31:27.825+0000][gc,heap     ] GC(315) Humongous regions: 151->151
[2025-12-24T17:31:27.825+0000][gc,metaspace] GC(315) Metaspace: 15888K(16256K)->15888K(16256K) NonClass: 14150K(14272K)->14150K(14272K) Class: 1738K(1984K)->1738K(1984K)
[2025-12-24T17:31:27.826+0000][gc          ] GC(315) Pause Young (Normal) (G1 Evacuation Pause) 875M->272M(1024M) 24.058ms
[2025-12-24T17:31:27.826+0000][gc,cpu      ] GC(315) User=0.14s Sys=0.01s Real=0.02s
[2025-12-24T17:31:57.973+0000][gc,start    ] GC(316) Pause Young (Normal) (G1 Evacuation Pause)
[2025-12-24T17:31:57.974+0000][gc,task     ] GC(316) Using 8 workers of 8 for evacuation
[2025-12-24T17:31:57.989+0000][gc,phases   ] GC(316)   Pre Evacuate Collection Set: 1.3ms
[2025-12-24T17:31:57.989+0000][gc,phases   ] GC(316)   Merge Heap Roots: 0.4ms
[2025-12-24T17:31:57.989+0000][gc,phases   ] GC(316)   Evacuate Collection Set: 11.6ms
[2025-12-24T17:31:57.989+0000][gc,phases   ] GC(316)   Post Evacuate Collection Set: 1.3ms
[2025-12-24T17:31:57.989+0000][gc,phases   ] GC(316)   Other: 0.5ms
[2025-12-24T17:31:57.989+0000][gc,heap     ] GC(316) Eden regions: 604->0(603)
[2025-12-24T17:31:57.989+0000][gc,heap     ] GC(316) Survivor regions: 10->11(77)
[2025-12-24T17:31:57.989+0000][gc,heap     ] GC(316) Old regions: 112->113
[2025-12-24T17:31:57.989+0000][gc,heap     ] GC(316) Humongous regions: 151->151
[2025-12-24T17:31:57.990+0000][gc,metaspace] GC(316) Metaspace: 15890K(16256K)->15890K(16256K) NonClass: 14152K(14272K)->14152K(14272K) Class: 1738K(1984K)->1738K(1984K)
[2025-12-24T17:31:57.990+0000][gc          ] GC(316) Pause Young (Normal) (G1 Evacuation Pause) 876M->273M(1024M) 16.477ms
[2025-12-24T17:31:57.990+0000][gc,cpu      ] GC(316) User=0.10s Sys=0.00s Real=0.02s
[2025-12-24T17:32:37.467+0000][gc,start    ] GC(317) Pause Young (Normal) (G1 Evacuation Pause)
[2025-12-24T17:32:37.467+0000][gc,task     ] GC(317) Using 8 workers of 8 for evacuation
[2025-12-24T17:32:37.478+0000][gc,phases   ] GC(317)   Pre Evacuate Collection Set: 1.2ms
[2025-12-24T17:32:37.478+0000][gc,phases   ] GC(317)   Merge Heap Roots: 0.4ms
[2025-12-24T17:32:37.478+0000][gc,phases   ] GC(317)   Evacuate Collection Set: 7.3ms
[2025-12-24T17:32:37.478+0000][gc,phases   ] GC(317)   Post Evacuate Collection Set: 1.0ms
[2025-12-24T17:32:37.478+0000][gc,phases   ] GC(317)   Other: 0.4ms
[2025-12-24T17:32:37.478+0000][gc,heap     ] GC(317) Eden regions: 603->0(607)
[2025-12-24T17:32:37.478+0000][gc,heap     ] GC(317) Survivor regions: 11->7(77)
[2025-12-24T17:32:37.478+0000][gc,heap     ] GC(317) Old regions: 113->113
[2025-12-24T17:32:37.478+0000][gc,heap     ] GC(317) Humongous regions: 151->151
[2025-12-24T17:32:37.478+0000][gc,metaspace] GC(317) Metaspace: 15890K(16256K)->15890K(16256K) NonClass: 14152K(14272K)->14152K(14272K) Class: 1738K(1984K)->1738K(1984K)
[2025-12-24T17:32:37.478+0000][gc          ] GC(317) Pause Young (Normal) (G1 Evacuation Pause) 876M->270M(1024M) 11.581ms
[2025-12-24T17:32:37.478+0000][gc,cpu      ] GC(317) User=0.06s Sys=0.01s Real=0.01s
[2025-12-24T17:33:07.661+0000][gc,start    ] GC(318) Pause Young (Normal) (G1 Evacuation Pause)
[2025-12-24T17:33:07.665+0000][gc,task     ] GC(318) Using 8 workers of 8 for evacuation
[2025-12-24T17:33:07.681+0000][gc,phases   ] GC(318)   Pre Evacuate Collection Set: 2.1ms
[2025-12-24T17:33:07.681+0000][gc,phases   ] GC(318)   Merge Heap Roots: 0.4ms
[2025-12-24T17:33:07.681+0000][gc,phases   ] GC(318)   Evacuate Collection Set: 11.3ms
[2025-12-24T17:33:07.681+0000][gc,phases   ] GC(318)   Post Evacuate Collection Set: 1.3ms
[2025-12-24T17:33:07.681+0000][gc,phases   ] GC(318)   Other: 1.7ms
[2025-12-24T17:33:07.681+0000][gc,heap     ] GC(318) Eden regions: 607->0(606)
[2025-12-24T17:33:07.681+0000][gc,heap     ] GC(318) Survivor regions: 7->8(77)
[2025-12-24T17:33:07.681+0000][gc,heap     ] GC(318) Old regions: 113->113
[2025-12-24T17:33:07.681+0000][gc,heap     ] GC(318) Humongous regions: 151->151
[2025-12-24T17:33:07.681+0000][gc,metaspace] GC(318) Metaspace: 15890K(16256K)->15890K(16256K) NonClass: 14152K(14272K)->14152K(14272K) Class: 1738K(1984K)->1738K(1984K)
[2025-12-24T17:33:07.681+0000][gc          ] GC(318) Pause Young (Normal) (G1 Evacuation Pause) 877M->271M(1024M) 20.767ms
[2025-12-24T17:33:07.682+0000][gc,cpu      ] GC(318) User=0.10s Sys=0.00s Real=0.02s
[2025-12-24T17:33:37.851+0000][gc,start    ] GC(319) Pause Young (Normal) (G1 Evacuation Pause)
[2025-12-24T17:33:37.852+0000][gc,task     ] GC(319) Using 8 workers of 8 for evacuation
[2025-12-24T17:33:37.871+0000][gc,phases   ] GC(319)   Pre Evacuate Collection Set: 1.8ms
[2025-12-24T17:33:37.871+0000][gc,phases   ] GC(319)   Merge Heap Roots: 0.6ms
[2025-12-24T17:33:37.871+0000][gc,phases   ] GC(319)   Evacuate Collection Set: 15.0ms
[2025-12-24T17:33:37.872+0000][gc,phases   ] GC(319)   Post Evacuate Collection Set: 1.5ms
[2025-12-24T17:33:37.872+0000][gc,phases   ] GC(319)   Other: 0.5ms
[2025-12-24T17:33:37.872+0000][gc,heap     ] GC(319) Eden regions: 606->0(604)
[2025-12-24T17:33:37.872+0000][gc,heap     ] GC(319) Survivor regions: 8->10(77)
[2025-12-24T17:33:37.872+0000][gc,heap     ] GC(319) Old regions: 113->114
[2025-12-24T17:33:37.872+0000][gc,heap     ] GC(319) Humongous regions: 151->151
[2025-12-24T17:33:37.872+0000][gc,metaspace] GC(319) Metaspace: 15890K(16256K)->15890K(16256K) NonClass: 14152K(14272K)->14152K(14272K) Class: 1738K(1984K)->1738K(1984K)
[2025-12-24T17:33:37.872+0000][gc          ] GC(319) Pause Young (Normal) (G1 Evacuation Pause) 877M->273M(1024M) 21.128ms
[2025-12-24T17:33:37.872+0000][gc,cpu      ] GC(319) User=0.13s Sys=0.00s Real=0.03s
[2025-12-24T17:34:17.432+0000][gc,start    ] GC(320) Pause Young (Normal) (G1 Evacuation Pause)
[2025-12-24T17:34:17.433+0000][gc,task     ] GC(320) Using 8 workers of 8 for evacuation
[2025-12-24T17:34:17.449+0000][gc,phases   ] GC(320)   Pre Evacuate Collection Set: 1.2ms
[2025-12-24T17:34:17.449+0000][gc,phases   ] GC(320)   Merge Heap Roots: 0.4ms
[2025-12-24T17:34:17.449+0000][gc,phases   ] GC(320)   Evacuate Collection Set: 12.6ms
[2025-12-24T17:34:17.449+0000][gc,phases   ] GC(320)   Post Evacuate Collection Set: 1.2ms
[2025-12-24T17:34:17.449+0000][gc,phases   ] GC(320)   Other: 0.3ms
[2025-12-24T17:34:17.449+0000][gc,heap     ] GC(320) Eden regions: 604->0(605)
[2025-12-24T17:34:17.449+0000][gc,heap     ] GC(320) Survivor regions: 10->9(77)
[2025-12-24T17:34:17.449+0000][gc,heap     ] GC(320) Old regions: 114->114
[2025-12-24T17:34:17.449+0000][gc,heap     ] GC(320) Humongous regions: 151->151
[2025-12-24T17:34:17.449+0000][gc,metaspace] GC(320) Metaspace: 15890K(16256K)->15890K(16256K) NonClass: 14152K(14272K)->14152K(14272K) Class: 1738K(1984K)->1738K(1984K)
[2025-12-24T17:34:17.450+0000][gc          ] GC(320) Pause Young (Normal) (G1 Evacuation Pause) 877M->272M(1024M) 17.184ms
[2025-12-24T17:34:17.450+0000][gc,cpu      ] GC(320) User=0.10s Sys=0.00s Real=0.02s
[2025-12-24T17:34:47.611+0000][gc,start    ] GC(321) Pause Young (Normal) (G1 Evacuation Pause)
[2025-12-24T17:34:47.612+0000][gc,task     ] GC(321) Using 8 workers of 8 for evacuation
[2025-12-24T17:34:47.642+0000][gc,phases   ] GC(321)   Pre Evacuate Collection Set: 1.2ms
[2025-12-24T17:34:47.642+0000][gc,phases   ] GC(321)   Merge Heap Roots: 1.0ms
[2025-12-24T17:34:47.642+0000][gc,phases   ] GC(321)   Evacuate Collection Set: 25.2ms
[2025-12-24T17:34:47.642+0000][gc,phases   ] GC(321)   Post Evacuate Collection Set: 1.8ms
[2025-12-24T17:34:47.642+0000][gc,phases   ] GC(321)   Other: 0.6ms
[2025-12-24T17:34:47.642+0000][gc,heap     ] GC(321) Eden regions: 605->0(603)
[2025-12-24T17:34:47.642+0000][gc,heap     ] GC(321) Survivor regions: 9->11(77)
[2025-12-24T17:34:47.642+0000][gc,heap     ] GC(321) Old regions: 114->114
[2025-12-24T17:34:47.642+0000][gc,heap     ] GC(321) Humongous regions: 151->151
[2025-12-24T17:34:47.642+0000][gc,metaspace] GC(321) Metaspace: 15890K(16256K)->15890K(16256K) NonClass: 14152K(14272K)->14152K(14272K) Class: 1738K(1984K)->1738K(1984K)
[2025-12-24T17:34:47.642+0000][gc          ] GC(321) Pause Young (Normal) (G1 Evacuation Pause) 877M->274M(1024M) 30.963ms
[2025-12-24T17:34:47.642+0000][gc,cpu      ] GC(321) User=0.18s Sys=0.01s Real=0.03s
[2025-12-24T17:35:17.815+0000][gc,start    ] GC(322) Pause Young (Normal) (G1 Evacuation Pause)
[2025-12-24T17:35:17.815+0000][gc,task     ] GC(322) Using 8 workers of 8 for evacuation
[2025-12-24T17:35:17.845+0000][gc,phases   ] GC(322)   Pre Evacuate Collection Set: 1.0ms
[2025-12-24T17:35:17.845+0000][gc,phases   ] GC(322)   Merge Heap Roots: 1.3ms
[2025-12-24T17:35:17.845+0000][gc,phases   ] GC(322)   Evacuate Collection Set: 25.0ms
[2025-12-24T17:35:17.845+0000][gc,phases   ] GC(322)   Post Evacuate Collection Set: 1.6ms
[2025-12-24T17:35:17.845+0000][gc,phases   ] GC(322)   Other: 0.4ms
[2025-12-24T17:35:17.845+0000][gc,heap     ] GC(322) Eden regions: 603->0(606)
[2025-12-24T17:35:17.845+0000][gc,heap     ] GC(322) Survivor regions: 11->8(77)
[2025-12-24T17:35:17.845+0000][gc,heap     ] GC(322) Old regions: 114->115
[2025-12-24T17:35:17.845+0000][gc,heap     ] GC(322) Humongous regions: 151->151
[2025-12-24T17:35:17.845+0000][gc,metaspace] GC(322) Metaspace: 15891K(16256K)->15891K(16256K) NonClass: 14152K(14272K)->14152K(14272K) Class: 1738K(1984K)->1738K(1984K)
[2025-12-24T17:35:17.845+0000][gc          ] GC(322) Pause Young (Normal) (G1 Evacuation Pause) 877M->273M(1024M) 30.233ms
[2025-12-24T17:35:17.845+0000][gc,cpu      ] GC(322) User=0.14s Sys=0.03s Real=0.03s
[2025-12-24T17:35:57.087+0000][gc,start    ] GC(323) Pause Young (Normal) (G1 Evacuation Pause)
[2025-12-24T17:35:57.088+0000][gc,task     ] GC(323) Using 8 workers of 8 for evacuation
[2025-12-24T17:35:57.107+0000][gc,phases   ] GC(323)   Pre Evacuate Collection Set: 2.0ms
[2025-12-24T17:35:57.107+0000][gc,phases   ] GC(323)   Merge Heap Roots: 0.5ms
[2025-12-24T17:35:57.108+0000][gc,phases   ] GC(323)   Evacuate Collection Set: 14.3ms
[2025-12-24T17:35:57.108+0000][gc,phases   ] GC(323)   Post Evacuate Collection Set: 1.6ms
[2025-12-24T17:35:57.108+0000][gc,phases   ] GC(323)   Other: 1.2ms
[2025-12-24T17:35:57.108+0000][gc,heap     ] GC(323) Eden regions: 606->0(607)
[2025-12-24T17:35:57.108+0000][gc,heap     ] GC(323) Survivor regions: 8->7(77)
[2025-12-24T17:35:57.108+0000][gc,heap     ] GC(323) Old regions: 115->115
[2025-12-24T17:35:57.108+0000][gc,heap     ] GC(323) Humongous regions: 151->151
[2025-12-24T17:35:57.108+0000][gc,metaspace] GC(323) Metaspace: 15891K(16256K)->15891K(16256K) NonClass: 14152K(14272K)->14152K(14272K) Class: 1738K(1984K)->1738K(1984K)
[2025-12-24T17:35:57.108+0000][gc          ] GC(323) Pause Young (Normal) (G1 Evacuation Pause) 879M->272M(1024M) 21.563ms
[2025-12-24T17:35:57.108+0000][gc,cpu      ] GC(323) User=0.10s Sys=0.00s Real=0.03s
[2025-12-24T17:36:27.561+0000][gc,start    ] GC(324) Pause Young (Normal) (G1 Evacuation Pause)
[2025-12-24T17:36:27.562+0000][gc,task     ] GC(324) Using 8 workers of 8 for evacuation
[2025-12-24T17:36:27.581+0000][gc,phases   ] GC(324)   Pre Evacuate Collection Set: 2.9ms
[2025-12-24T17:36:27.581+0000][gc,phases   ] GC(324)   Merge Heap Roots: 0.3ms
[2025-12-24T17:36:27.581+0000][gc,phases   ] GC(324)   Evacuate Collection Set: 11.9ms
[2025-12-24T17:36:27.581+0000][gc,phases   ] GC(324)   Post Evacuate Collection Set: 3.1ms
[2025-12-24T17:36:27.581+0000][gc,phases   ] GC(324)   Other: 0.5ms
[2025-12-24T17:36:27.581+0000][gc,heap     ] GC(324) Eden regions: 607->0(605)
[2025-12-24T17:36:27.581+0000][gc,heap     ] GC(324) Survivor regions: 7->9(77)
[2025-12-24T17:36:27.581+0000][gc,heap     ] GC(324) Old regions: 115->115
[2025-12-24T17:36:27.581+0000][gc,heap     ] GC(324) Humongous regions: 151->151
[2025-12-24T17:36:27.581+0000][gc,metaspace] GC(324) Metaspace: 15891K(16256K)->15891K(16256K) NonClass: 14152K(14272K)->14152K(14272K) Class: 1738K(1984K)->1738K(1984K)
[2025-12-24T17:36:27.581+0000][gc          ] GC(324) Pause Young (Normal) (G1 Evacuation Pause) 879M->274M(1024M) 20.072ms
[2025-12-24T17:36:27.581+0000][gc,cpu      ] GC(324) User=0.11s Sys=0.00s Real=0.02s
[2025-12-24T17:36:57.780+0000][gc,start    ] GC(325) Pause Young (Normal) (G1 Evacuation Pause)
[2025-12-24T17:36:57.780+0000][gc,task     ] GC(325) Using 8 workers of 8 for evacuation
[2025-12-24T17:36:57.801+0000][gc,phases   ] GC(325)   Pre Evacuate Collection Set: 1.4ms
[2025-12-24T17:36:57.801+0000][gc,phases   ] GC(325)   Merge Heap Roots: 0.5ms
[2025-12-24T17:36:57.801+0000][gc,phases   ] GC(325)   Evacuate Collection Set: 17.5ms
[2025-12-24T17:36:57.801+0000][gc,phases   ] GC(325)   Post Evacuate Collection Set: 1.1ms
[2025-12-24T17:36:57.801+0000][gc,phases   ] GC(325)   Other: 0.3ms
[2025-12-24T17:36:57.801+0000][gc,heap     ] GC(325) Eden regions: 605->0(603)
[2025-12-24T17:36:57.801+0000][gc,heap     ] GC(325) Survivor regions: 9->11(77)
[2025-12-24T17:36:57.801+0000][gc,heap     ] GC(325) Old regions: 115->116
[2025-12-24T17:36:57.801+0000][gc,heap     ] GC(325) Humongous regions: 151->151
[2025-12-24T17:36:57.801+0000][gc,metaspace] GC(325) Metaspace: 15891K(16256K)->15891K(16256K) NonClass: 14152K(14272K)->14152K(14272K) Class: 1738K(1984K)->1738K(1984K)
[2025-12-24T17:36:57.801+0000][gc          ] GC(325) Pause Young (Normal) (G1 Evacuation Pause) 879M->276M(1024M) 21.634ms
[2025-12-24T17:36:57.802+0000][gc,cpu      ] GC(325) User=0.13s Sys=0.01s Real=0.03s
[2025-12-24T17:37:37.336+0000][gc,start    ] GC(326) Pause Young (Normal) (G1 Evacuation Pause)
[2025-12-24T17:37:37.337+0000][gc,task     ] GC(326) Using 8 workers of 8 for evacuation
[2025-12-24T17:37:37.359+0000][gc,phases   ] GC(326)   Pre Evacuate Collection Set: 1.2ms
[2025-12-24T17:37:37.359+0000][gc,phases   ] GC(326)   Merge Heap Roots: 0.5ms
[2025-12-24T17:37:37.360+0000][gc,phases   ] GC(326)   Evacuate Collection Set: 16.6ms
[2025-12-24T17:37:37.360+0000][gc,phases   ] GC(326)   Post Evacuate Collection Set: 3.6ms
[2025-12-24T17:37:37.360+0000][gc,phases   ] GC(326)   Other: 0.8ms
[2025-12-24T17:37:37.360+0000][gc,heap     ] GC(326) Eden regions: 603->0(604)
[2025-12-24T17:37:37.360+0000][gc,heap     ] GC(326) Survivor regions: 11->10(77)
[2025-12-24T17:37:37.360+0000][gc,heap     ] GC(326) Old regions: 116->116
[2025-12-24T17:37:37.360+0000][gc,heap     ] GC(326) Humongous regions: 151->151
[2025-12-24T17:37:37.360+0000][gc,metaspace] GC(326) Metaspace: 15891K(16256K)->15891K(16256K) NonClass: 14152K(14272K)->14152K(14272K) Class: 1738K(1984K)->1738K(1984K)
[2025-12-24T17:37:37.360+0000][gc          ] GC(326) Pause Young (Normal) (G1 Evacuation Pause) 879M->275M(1024M) 24.433ms
[2025-12-24T17:37:37.361+0000][gc,cpu      ] GC(326) User=0.15s Sys=0.00s Real=0.03s
[2025-12-24T17:38:07.496+0000][gc,start    ] GC(327) Pause Young (Normal) (G1 Evacuation Pause)
[2025-12-24T17:38:07.496+0000][gc,task     ] GC(327) Using 8 workers of 8 for evacuation
[2025-12-24T17:38:07.512+0000][gc,phases   ] GC(327)   Pre Evacuate Collection Set: 1.4ms
[2025-12-24T17:38:07.512+0000][gc,phases   ] GC(327)   Merge Heap Roots: 0.4ms
[2025-12-24T17:38:07.512+0000][gc,phases   ] GC(327)   Evacuate Collection Set: 9.5ms
[2025-12-24T17:38:07.512+0000][gc,phases   ] GC(327)   Post Evacuate Collection Set: 3.4ms
[2025-12-24T17:38:07.512+0000][gc,phases   ] GC(327)   Other: 0.7ms
[2025-12-24T17:38:07.512+0000][gc,heap     ] GC(327) Eden regions: 604->0(607)
[2025-12-24T17:38:07.512+0000][gc,heap     ] GC(327) Survivor regions: 10->7(77)
[2025-12-24T17:38:07.512+0000][gc,heap     ] GC(327) Old regions: 116->116
[2025-12-24T17:38:07.513+0000][gc,heap     ] GC(327) Humongous regions: 151->151
[2025-12-24T17:38:07.513+0000][gc,metaspace] GC(327) Metaspace: 15891K(16256K)->15891K(16256K) NonClass: 14152K(14272K)->14152K(14272K) Class: 1738K(1984K)->1738K(1984K)
[2025-12-24T17:38:07.513+0000][gc          ] GC(327) Pause Young (Normal) (G1 Evacuation Pause) 879M->273M(1024M) 16.875ms
[2025-12-24T17:38:07.513+0000][gc,cpu      ] GC(327) User=0.10s Sys=0.00s Real=0.02s
[2025-12-24T17:38:37.733+0000][gc,start    ] GC(328) Pause Young (Normal) (G1 Evacuation Pause)
[2025-12-24T17:38:37.734+0000][gc,task     ] GC(328) Using 8 workers of 8 for evacuation
[2025-12-24T17:38:37.758+0000][gc,phases   ] GC(328)   Pre Evacuate Collection Set: 1.5ms
[2025-12-24T17:38:37.758+0000][gc,phases   ] GC(328)   Merge Heap Roots: 0.4ms
[2025-12-24T17:38:37.758+0000][gc,phases   ] GC(328)   Evacuate Collection Set: 19.4ms
[2025-12-24T17:38:37.758+0000][gc,phases   ] GC(328)   Post Evacuate Collection Set: 1.7ms
[2025-12-24T17:38:37.758+0000][gc,phases   ] GC(328)   Other: 0.7ms
[2025-12-24T17:38:37.758+0000][gc,heap     ] GC(328) Eden regions: 607->0(605)
[2025-12-24T17:38:37.758+0000][gc,heap     ] GC(328) Survivor regions: 7->9(77)
[2025-12-24T17:38:37.758+0000][gc,heap     ] GC(328) Old regions: 116->117
[2025-12-24T17:38:37.758+0000][gc,heap     ] GC(328) Humongous regions: 151->151
[2025-12-24T17:38:37.758+0000][gc,metaspace] GC(328) Metaspace: 15891K(16256K)->15891K(16256K) NonClass: 14152K(14272K)->14152K(14272K) Class: 1738K(1984K)->1738K(1984K)
[2025-12-24T17:38:37.758+0000][gc          ] GC(328) Pause Young (Normal) (G1 Evacuation Pause) 880M->275M(1024M) 25.337ms
[2025-12-24T17:38:37.759+0000][gc,cpu      ] GC(328) User=0.13s Sys=0.03s Real=0.03s
[2025-12-24T17:39:07.890+0000][gc,start    ] GC(329) Pause Young (Normal) (G1 Evacuation Pause)
[2025-12-24T17:39:07.891+0000][gc,task     ] GC(329) Using 8 workers of 8 for evacuation
[2025-12-24T17:39:07.933+0000][gc,phases   ] GC(329)   Pre Evacuate Collection Set: 2.0ms
[2025-12-24T17:39:07.933+0000][gc,phases   ] GC(329)   Merge Heap Roots: 0.5ms
[2025-12-24T17:39:07.933+0000][gc,phases   ] GC(329)   Evacuate Collection Set: 32.9ms
[2025-12-24T17:39:07.933+0000][gc,phases   ] GC(329)   Post Evacuate Collection Set: 3.5ms
[2025-12-24T17:39:07.933+0000][gc,phases   ] GC(329)   Other: 0.9ms
[2025-12-24T17:39:07.934+0000][gc,heap     ] GC(329) Eden regions: 605->0(602)
[2025-12-24T17:39:07.934+0000][gc,heap     ] GC(329) Survivor regions: 9->12(77)
[2025-12-24T17:39:07.934+0000][gc,heap     ] GC(329) Old regions: 117->117
[2025-12-24T17:39:07.934+0000][gc,heap     ] GC(329) Humongous regions: 151->151
[2025-12-24T17:39:07.934+0000][gc,metaspace] GC(329) Metaspace: 15901K(16256K)->15901K(16256K) NonClass: 14163K(14272K)->14163K(14272K) Class: 1738K(1984K)->1738K(1984K)
[2025-12-24T17:39:07.935+0000][gc          ] GC(329) Pause Young (Normal) (G1 Evacuation Pause) 880M->279M(1024M) 44.364ms
[2025-12-24T17:39:07.935+0000][gc,cpu      ] GC(329) User=0.28s Sys=0.01s Real=0.05s
[2025-12-24T17:39:47.441+0000][gc,start    ] GC(330) Pause Young (Normal) (G1 Evacuation Pause)
[2025-12-24T17:39:47.442+0000][gc,task     ] GC(330) Using 8 workers of 8 for evacuation
[2025-12-24T17:39:47.472+0000][gc,phases   ] GC(330)   Pre Evacuate Collection Set: 1.2ms
[2025-12-24T17:39:47.472+0000][gc,phases   ] GC(330)   Merge Heap Roots: 0.4ms
[2025-12-24T17:39:47.472+0000][gc,phases   ] GC(330)   Evacuate Collection Set: 26.4ms
[2025-12-24T17:39:47.472+0000][gc,phases   ] GC(330)   Post Evacuate Collection Set: 1.5ms
[2025-12-24T17:39:47.472+0000][gc,phases   ] GC(330)   Other: 0.4ms
[2025-12-24T17:39:47.472+0000][gc,heap     ] GC(330) Eden regions: 602->0(602)
[2025-12-24T17:39:47.472+0000][gc,heap     ] GC(330) Survivor regions: 12->12(77)
[2025-12-24T17:39:47.473+0000][gc,heap     ] GC(330) Old regions: 117->117
[2025-12-24T17:39:47.473+0000][gc,heap     ] GC(330) Humongous regions: 151->151
[2025-12-24T17:39:47.473+0000][gc,metaspace] GC(330) Metaspace: 15905K(16256K)->15905K(16256K) NonClass: 14164K(14272K)->14164K(14272K) Class: 1740K(1984K)->1740K(1984K)
[2025-12-24T17:39:47.473+0000][gc          ] GC(330) Pause Young (Normal) (G1 Evacuation Pause) 881M->279M(1024M) 31.539ms
[2025-12-24T17:39:47.473+0000][gc,cpu      ] GC(330) User=0.21s Sys=0.00s Real=0.03s
[2025-12-24T17:40:17.616+0000][gc,start    ] GC(331) Pause Young (Normal) (G1 Evacuation Pause)
[2025-12-24T17:40:17.617+0000][gc,task     ] GC(331) Using 8 workers of 8 for evacuation
[2025-12-24T17:40:17.650+0000][gc,phases   ] GC(331)   Pre Evacuate Collection Set: 2.9ms
[2025-12-24T17:40:17.650+0000][gc,phases   ] GC(331)   Merge Heap Roots: 1.1ms
[2025-12-24T17:40:17.650+0000][gc,phases   ] GC(331)   Evacuate Collection Set: 25.7ms
[2025-12-24T17:40:17.650+0000][gc,phases   ] GC(331)   Post Evacuate Collection Set: 1.8ms
[2025-12-24T17:40:17.650+0000][gc,phases   ] GC(331)   Other: 0.8ms
[2025-12-24T17:40:17.650+0000][gc,heap     ] GC(331) Eden regions: 602->0(601)
[2025-12-24T17:40:17.650+0000][gc,heap     ] GC(331) Survivor regions: 12->13(77)
[2025-12-24T17:40:17.650+0000][gc,heap     ] GC(331) Old regions: 117->118
[2025-12-24T17:40:17.650+0000][gc,heap     ] GC(331) Humongous regions: 151->151
[2025-12-24T17:40:17.650+0000][gc,metaspace] GC(331) Metaspace: 15908K(16256K)->15908K(16256K) NonClass: 14167K(14272K)->14167K(14272K) Class: 1740K(1984K)->1740K(1984K)
[2025-12-24T17:40:17.651+0000][gc          ] GC(331) Pause Young (Normal) (G1 Evacuation Pause) 881M->280M(1024M) 34.392ms
[2025-12-24T17:40:17.651+0000][gc,cpu      ] GC(331) User=0.22s Sys=0.00s Real=0.04s
[2025-12-24T17:40:47.778+0000][gc,start    ] GC(332) Pause Young (Normal) (G1 Evacuation Pause)
[2025-12-24T17:40:47.778+0000][gc,task     ] GC(332) Using 8 workers of 8 for evacuation
[2025-12-24T17:40:47.812+0000][gc,phases   ] GC(332)   Pre Evacuate Collection Set: 1.1ms
[2025-12-24T17:40:47.812+0000][gc,phases   ] GC(332)   Merge Heap Roots: 0.4ms
[2025-12-24T17:40:47.812+0000][gc,phases   ] GC(332)   Evacuate Collection Set: 29.9ms
[2025-12-24T17:40:47.812+0000][gc,phases   ] GC(332)   Post Evacuate Collection Set: 1.5ms
[2025-12-24T17:40:47.812+0000][gc,phases   ] GC(332)   Other: 0.7ms
[2025-12-24T17:40:47.813+0000][gc,heap     ] GC(332) Eden regions: 601->0(603)
[2025-12-24T17:40:47.813+0000][gc,heap     ] GC(332) Survivor regions: 13->11(77)
[2025-12-24T17:40:47.813+0000][gc,heap     ] GC(332) Old regions: 118->118
[2025-12-24T17:40:47.813+0000][gc,heap     ] GC(332) Humongous regions: 151->151
[2025-12-24T17:40:47.813+0000][gc,metaspace] GC(332) Metaspace: 15908K(16256K)->15908K(16256K) NonClass: 14167K(14272K)->14167K(14272K) Class: 1740K(1984K)->1740K(1984K)
[2025-12-24T17:40:47.814+0000][gc          ] GC(332) Pause Young (Normal) (G1 Evacuation Pause) 881M->278M(1024M) 36.140ms
[2025-12-24T17:40:47.814+0000][gc,cpu      ] GC(332) User=0.24s Sys=0.00s Real=0.03s
[2025-12-24T17:41:27.370+0000][gc,start    ] GC(333) Pause Young (Normal) (G1 Evacuation Pause)
[2025-12-24T17:41:27.371+0000][gc,task     ] GC(333) Using 8 workers of 8 for evacuation
[2025-12-24T17:41:27.409+0000][gc,phases   ] GC(333)   Pre Evacuate Collection Set: 1.0ms
[2025-12-24T17:41:27.409+0000][gc,phases   ] GC(333)   Merge Heap Roots: 0.4ms
[2025-12-24T17:41:27.409+0000][gc,phases   ] GC(333)   Evacuate Collection Set: 34.1ms
[2025-12-24T17:41:27.409+0000][gc,phases   ] GC(333)   Post Evacuate Collection Set: 1.5ms
[2025-12-24T17:41:27.409+0000][gc,phases   ] GC(333)   Other: 0.4ms
[2025-12-24T17:41:27.409+0000][gc,heap     ] GC(333) Eden regions: 603->0(605)
[2025-12-24T17:41:27.409+0000][gc,heap     ] GC(333) Survivor regions: 11->9(77)
[2025-12-24T17:41:27.409+0000][gc,heap     ] GC(333) Old regions: 118->118
[2025-12-24T17:41:27.409+0000][gc,heap     ] GC(333) Humongous regions: 151->151
[2025-12-24T17:41:27.410+0000][gc,metaspace] GC(333) Metaspace: 15911K(16256K)->15911K(16256K) NonClass: 14170K(14272K)->14170K(14272K) Class: 1740K(1984K)->1740K(1984K)
[2025-12-24T17:41:27.410+0000][gc          ] GC(333) Pause Young (Normal) (G1 Evacuation Pause) 881M->277M(1024M) 39.191ms
[2025-12-24T17:41:27.410+0000][gc,cpu      ] GC(333) User=0.28s Sys=0.00s Real=0.04s
[2025-12-24T17:41:57.680+0000][gc,start    ] GC(334) Pause Young (Normal) (G1 Evacuation Pause)
[2025-12-24T17:41:57.681+0000][gc,task     ] GC(334) Using 8 workers of 8 for evacuation
[2025-12-24T17:41:57.711+0000][gc,phases   ] GC(334)   Pre Evacuate Collection Set: 1.0ms
[2025-12-24T17:41:57.711+0000][gc,phases   ] GC(334)   Merge Heap Roots: 0.4ms
[2025-12-24T17:41:57.711+0000][gc,phases   ] GC(334)   Evacuate Collection Set: 26.7ms
[2025-12-24T17:41:57.711+0000][gc,phases   ] GC(334)   Post Evacuate Collection Set: 1.8ms
[2025-12-24T17:41:57.711+0000][gc,phases   ] GC(334)   Other: 0.4ms
[2025-12-24T17:41:57.711+0000][gc,heap     ] GC(334) Eden regions: 605->0(604)
[2025-12-24T17:41:57.711+0000][gc,heap     ] GC(334) Survivor regions: 9->10(77)
[2025-12-24T17:41:57.711+0000][gc,heap     ] GC(334) Old regions: 118->119
[2025-12-24T17:41:57.712+0000][gc,heap     ] GC(334) Humongous regions: 151->151
[2025-12-24T17:41:57.712+0000][gc,metaspace] GC(334) Metaspace: 15911K(16256K)->15911K(16256K) NonClass: 14170K(14272K)->14170K(14272K) Class: 1740K(1984K)->1740K(1984K)
[2025-12-24T17:41:57.712+0000][gc          ] GC(334) Pause Young (Normal) (G1 Evacuation Pause) 882M->278M(1024M) 31.773ms
[2025-12-24T17:41:57.712+0000][gc,cpu      ] GC(334) User=0.22s Sys=0.00s Real=0.03s
[2025-12-24T17:42:28.009+0000][gc,start    ] GC(335) Pause Young (Normal) (G1 Evacuation Pause)
[2025-12-24T17:42:28.017+0000][gc,task     ] GC(335) Using 8 workers of 8 for evacuation
[2025-12-24T17:42:28.081+0000][gc,phases   ] GC(335)   Pre Evacuate Collection Set: 4.0ms
[2025-12-24T17:42:28.081+0000][gc,phases   ] GC(335)   Merge Heap Roots: 0.6ms
[2025-12-24T17:42:28.082+0000][gc,phases   ] GC(335)   Evacuate Collection Set: 54.8ms
[2025-12-24T17:42:28.082+0000][gc,phases   ] GC(335)   Post Evacuate Collection Set: 3.6ms
[2025-12-24T17:42:28.082+0000][gc,phases   ] GC(335)   Other: 0.8ms
[2025-12-24T17:42:28.082+0000][gc,heap     ] GC(335) Eden regions: 604->0(603)
[2025-12-24T17:42:28.082+0000][gc,heap     ] GC(335) Survivor regions: 10->11(77)
[2025-12-24T17:42:28.083+0000][gc,heap     ] GC(335) Old regions: 119->119
[2025-12-24T17:42:28.083+0000][gc,heap     ] GC(335) Humongous regions: 151->151
[2025-12-24T17:42:28.083+0000][gc,metaspace] GC(335) Metaspace: 15913K(16256K)->15913K(16256K) NonClass: 14172K(14272K)->14172K(14272K) Class: 1740K(1984K)->1740K(1984K)
[2025-12-24T17:42:28.084+0000][gc          ] GC(335) Pause Young (Normal) (G1 Evacuation Pause) 882M->280M(1024M) 74.748ms
[2025-12-24T17:42:28.084+0000][gc,cpu      ] GC(335) User=0.44s Sys=0.02s Real=0.08s
[2025-12-24T17:43:07.325+0000][gc,start    ] GC(336) Pause Young (Normal) (G1 Evacuation Pause)
[2025-12-24T17:43:07.326+0000][gc,task     ] GC(336) Using 8 workers of 8 for evacuation
[2025-12-24T17:43:07.368+0000][gc,phases   ] GC(336)   Pre Evacuate Collection Set: 6.7ms
[2025-12-24T17:43:07.368+0000][gc,phases   ] GC(336)   Merge Heap Roots: 1.0ms
[2025-12-24T17:43:07.368+0000][gc,phases   ] GC(336)   Evacuate Collection Set: 31.0ms
[2025-12-24T17:43:07.368+0000][gc,phases   ] GC(336)   Post Evacuate Collection Set: 3.1ms
[2025-12-24T17:43:07.368+0000][gc,phases   ] GC(336)   Other: 0.8ms
[2025-12-24T17:43:07.369+0000][gc,heap     ] GC(336) Eden regions: 603->0(604)
[2025-12-24T17:43:07.369+0000][gc,heap     ] GC(336) Survivor regions: 11->10(77)
[2025-12-24T17:43:07.369+0000][gc,heap     ] GC(336) Old regions: 119->119
[2025-12-24T17:43:07.369+0000][gc,heap     ] GC(336) Humongous regions: 151->151
[2025-12-24T17:43:07.369+0000][gc,metaspace] GC(336) Metaspace: 15913K(16256K)->15913K(16256K) NonClass: 14172K(14272K)->14172K(14272K) Class: 1740K(1984K)->1740K(1984K)
[2025-12-24T17:43:07.369+0000][gc          ] GC(336) Pause Young (Normal) (G1 Evacuation Pause) 883M->279M(1024M) 44.432ms
[2025-12-24T17:43:07.369+0000][gc,cpu      ] GC(336) User=0.29s Sys=0.00s Real=0.04s
[2025-12-24T17:43:37.486+0000][gc,start    ] GC(337) Pause Young (Normal) (G1 Evacuation Pause)
[2025-12-24T17:43:37.486+0000][gc,task     ] GC(337) Using 8 workers of 8 for evacuation
[2025-12-24T17:43:37.521+0000][gc,phases   ] GC(337)   Pre Evacuate Collection Set: 1.8ms
[2025-12-24T17:43:37.521+0000][gc,phases   ] GC(337)   Merge Heap Roots: 2.6ms
[2025-12-24T17:43:37.522+0000][gc,phases   ] GC(337)   Evacuate Collection Set: 28.4ms
[2025-12-24T17:43:37.522+0000][gc,phases   ] GC(337)   Post Evacuate Collection Set: 1.7ms
[2025-12-24T17:43:37.522+0000][gc,phases   ] GC(337)   Other: 0.7ms
[2025-12-24T17:43:37.522+0000][gc,heap     ] GC(337) Eden regions: 604->0(606)
[2025-12-24T17:43:37.522+0000][gc,heap     ] GC(337) Survivor regions: 10->8(77)
[2025-12-24T17:43:37.522+0000][gc,heap     ] GC(337) Old regions: 119->120
[2025-12-24T17:43:37.522+0000][gc,heap     ] GC(337) Humongous regions: 151->151
[2025-12-24T17:43:37.522+0000][gc,metaspace] GC(337) Metaspace: 15913K(16256K)->15913K(16256K) NonClass: 14172K(14272K)->14172K(14272K) Class: 1740K(1984K)->1740K(1984K)
[2025-12-24T17:43:37.522+0000][gc          ] GC(337) Pause Young (Normal) (G1 Evacuation Pause) 883M->277M(1024M) 36.238ms
[2025-12-24T17:43:37.522+0000][gc,cpu      ] GC(337) User=0.23s Sys=0.00s Real=0.04s
[2025-12-24T17:44:07.652+0000][gc,start    ] GC(338) Pause Young (Normal) (G1 Evacuation Pause)
[2025-12-24T17:44:07.653+0000][gc,task     ] GC(338) Using 8 workers of 8 for evacuation
[2025-12-24T17:44:07.685+0000][gc,phases   ] GC(338)   Pre Evacuate Collection Set: 1.0ms
[2025-12-24T17:44:07.685+0000][gc,phases   ] GC(338)   Merge Heap Roots: 0.4ms
[2025-12-24T17:44:07.685+0000][gc,phases   ] GC(338)   Evacuate Collection Set: 27.8ms
[2025-12-24T17:44:07.685+0000][gc,phases   ] GC(338)   Post Evacuate Collection Set: 2.4ms
[2025-12-24T17:44:07.685+0000][gc,phases   ] GC(338)   Other: 0.3ms
[2025-12-24T17:44:07.685+0000][gc,heap     ] GC(338) Eden regions: 606->0(606)
[2025-12-24T17:44:07.685+0000][gc,heap     ] GC(338) Survivor regions: 8->8(77)
[2025-12-24T17:44:07.685+0000][gc,heap     ] GC(338) Old regions: 120->120
[2025-12-24T17:44:07.685+0000][gc,heap     ] GC(338) Humongous regions: 151->151
[2025-12-24T17:44:07.685+0000][gc,metaspace] GC(338) Metaspace: 15913K(16256K)->15913K(16256K) NonClass: 14172K(14272K)->14172K(14272K) Class: 1740K(1984K)->1740K(1984K)
[2025-12-24T17:44:07.685+0000][gc          ] GC(338) Pause Young (Normal) (G1 Evacuation Pause) 883M->278M(1024M) 33.678ms
[2025-12-24T17:44:07.685+0000][gc,cpu      ] GC(338) User=0.24s Sys=0.00s Real=0.03s
[2025-12-24T17:44:37.826+0000][gc,start    ] GC(339) Pause Young (Normal) (G1 Evacuation Pause)
[2025-12-24T17:44:37.827+0000][gc,task     ] GC(339) Using 8 workers of 8 for evacuation
[2025-12-24T17:44:37.848+0000][gc,phases   ] GC(339)   Pre Evacuate Collection Set: 2.4ms
[2025-12-24T17:44:37.849+0000][gc,phases   ] GC(339)   Merge Heap Roots: 0.4ms
[2025-12-24T17:44:37.849+0000][gc,phases   ] GC(339)   Evacuate Collection Set: 16.8ms
[2025-12-24T17:44:37.849+0000][gc,phases   ] GC(339)   Post Evacuate Collection Set: 1.4ms
[2025-12-24T17:44:37.849+0000][gc,phases   ] GC(339)   Other: 0.5ms
[2025-12-24T17:44:37.849+0000][gc,heap     ] GC(339) Eden regions: 606->0(605)
[2025-12-24T17:44:37.849+0000][gc,heap     ] GC(339) Survivor regions: 8->9(77)
[2025-12-24T17:44:37.849+0000][gc,heap     ] GC(339) Old regions: 120->120
[2025-12-24T17:44:37.849+0000][gc,heap     ] GC(339) Humongous regions: 151->151
[2025-12-24T17:44:37.849+0000][gc,metaspace] GC(339) Metaspace: 15914K(16256K)->15914K(16256K) NonClass: 14174K(14272K)->14174K(14272K) Class: 1740K(1984K)->1740K(1984K)
[2025-12-24T17:44:37.849+0000][gc          ] GC(339) Pause Young (Normal) (G1 Evacuation Pause) 884M->279M(1024M) 23.333ms
[2025-12-24T17:44:37.849+0000][gc,cpu      ] GC(339) User=0.15s Sys=0.00s Real=0.03s
[2025-12-24T17:45:17.452+0000][gc,start    ] GC(340) Pause Young (Normal) (G1 Evacuation Pause)
[2025-12-24T17:45:17.453+0000][gc,task     ] GC(340) Using 8 workers of 8 for evacuation
[2025-12-24T17:45:17.489+0000][gc,phases   ] GC(340)   Pre Evacuate Collection Set: 1.3ms
[2025-12-24T17:45:17.489+0000][gc,phases   ] GC(340)   Merge Heap Roots: 3.2ms
[2025-12-24T17:45:17.489+0000][gc,phases   ] GC(340)   Evacuate Collection Set: 28.8ms
[2025-12-24T17:45:17.489+0000][gc,phases   ] GC(340)   Post Evacuate Collection Set: 2.5ms
[2025-12-24T17:45:17.489+0000][gc,phases   ] GC(340)   Other: 0.3ms
[2025-12-24T17:45:17.489+0000][gc,heap     ] GC(340) Eden regions: 605->0(605)
[2025-12-24T17:45:17.489+0000][gc,heap     ] GC(340) Survivor regions: 9->9(77)
[2025-12-24T17:45:17.489+0000][gc,heap     ] GC(340) Old regions: 120->121
[2025-12-24T17:45:17.489+0000][gc,heap     ] GC(340) Humongous regions: 151->151
[2025-12-24T17:45:17.490+0000][gc,metaspace] GC(340) Metaspace: 15914K(16256K)->15914K(16256K) NonClass: 14174K(14272K)->14174K(14272K) Class: 1740K(1984K)->1740K(1984K)
[2025-12-24T17:45:17.490+0000][gc          ] GC(340) Pause Young (Normal) (G1 Evacuation Pause) 884M->279M(1024M) 37.611ms
[2025-12-24T17:45:17.490+0000][gc,cpu      ] GC(340) User=0.24s Sys=0.03s Real=0.04s
[2025-12-24T17:45:47.635+0000][gc,start    ] GC(341) Pause Young (Normal) (G1 Evacuation Pause)
[2025-12-24T17:45:47.635+0000][gc,task     ] GC(341) Using 8 workers of 8 for evacuation
[2025-12-24T17:45:47.676+0000][gc,phases   ] GC(341)   Pre Evacuate Collection Set: 1.1ms
[2025-12-24T17:45:47.677+0000][gc,phases   ] GC(341)   Merge Heap Roots: 0.4ms
[2025-12-24T17:45:47.677+0000][gc,phases   ] GC(341)   Evacuate Collection Set: 35.6ms
[2025-12-24T17:45:47.677+0000][gc,phases   ] GC(341)   Post Evacuate Collection Set: 3.6ms
[2025-12-24T17:45:47.677+0000][gc,phases   ] GC(341)   Other: 0.3ms
[2025-12-24T17:45:47.677+0000][gc,heap     ] GC(341) Eden regions: 605->0(604)
[2025-12-24T17:45:47.677+0000][gc,heap     ] GC(341) Survivor regions: 9->10(77)
[2025-12-24T17:45:47.677+0000][gc,heap     ] GC(341) Old regions: 121->121
[2025-12-24T17:45:47.677+0000][gc,heap     ] GC(341) Humongous regions: 151->151
[2025-12-24T17:45:47.677+0000][gc,metaspace] GC(341) Metaspace: 15914K(16256K)->15914K(16256K) NonClass: 14174K(14272K)->14174K(14272K) Class: 1740K(1984K)->1740K(1984K)
[2025-12-24T17:45:47.677+0000][gc          ] GC(341) Pause Young (Normal) (G1 Evacuation Pause) 884M->280M(1024M) 42.233ms
[2025-12-24T17:45:47.677+0000][gc,cpu      ] GC(341) User=0.27s Sys=0.00s Real=0.04s
[2025-12-24T17:46:17.853+0000][gc,start    ] GC(342) Pause Young (Normal) (G1 Evacuation Pause)
[2025-12-24T17:46:17.853+0000][gc,task     ] GC(342) Using 8 workers of 8 for evacuation
[2025-12-24T17:46:17.883+0000][gc,phases   ] GC(342)   Pre Evacuate Collection Set: 1.7ms
[2025-12-24T17:46:17.884+0000][gc,phases   ] GC(342)   Merge Heap Roots: 1.0ms
[2025-12-24T17:46:17.884+0000][gc,phases   ] GC(342)   Evacuate Collection Set: 26.1ms
[2025-12-24T17:46:17.884+0000][gc,phases   ] GC(342)   Post Evacuate Collection Set: 1.2ms
[2025-12-24T17:46:17.884+0000][gc,phases   ] GC(342)   Other: 0.4ms
[2025-12-24T17:46:17.884+0000][gc,heap     ] GC(342) Eden regions: 604->0(607)
[2025-12-24T17:46:17.884+0000][gc,heap     ] GC(342) Survivor regions: 10->7(77)
[2025-12-24T17:46:17.884+0000][gc,heap     ] GC(342) Old regions: 121->121
[2025-12-24T17:46:17.884+0000][gc,heap     ] GC(342) Humongous regions: 151->151
[2025-12-24T17:46:17.884+0000][gc,metaspace] GC(342) Metaspace: 15914K(16256K)->15914K(16256K) NonClass: 14174K(14272K)->14174K(14272K) Class: 1740K(1984K)->1740K(1984K)
[2025-12-24T17:46:17.884+0000][gc          ] GC(342) Pause Young (Normal) (G1 Evacuation Pause) 884M->278M(1024M) 31.559ms
[2025-12-24T17:46:17.884+0000][gc,cpu      ] GC(342) User=0.22s Sys=0.00s Real=0.03s
[2025-12-24T17:46:57.381+0000][gc,start    ] GC(343) Pause Young (Normal) (G1 Evacuation Pause)
[2025-12-24T17:46:57.381+0000][gc,task     ] GC(343) Using 8 workers of 8 for evacuation
[2025-12-24T17:46:57.408+0000][gc,phases   ] GC(343)   Pre Evacuate Collection Set: 1.2ms
[2025-12-24T17:46:57.408+0000][gc,phases   ] GC(343)   Merge Heap Roots: 0.5ms
[2025-12-24T17:46:57.408+0000][gc,phases   ] GC(343)   Evacuate Collection Set: 23.6ms
[2025-12-24T17:46:57.408+0000][gc,phases   ] GC(343)   Post Evacuate Collection Set: 1.3ms
[2025-12-24T17:46:57.409+0000][gc,phases   ] GC(343)   Other: 0.3ms
[2025-12-24T17:46:57.409+0000][gc,heap     ] GC(343) Eden regions: 607->0(608)
[2025-12-24T17:46:57.409+0000][gc,heap     ] GC(343) Survivor regions: 7->6(77)
[2025-12-24T17:46:57.409+0000][gc,heap     ] GC(343) Old regions: 121->122
[2025-12-24T17:46:57.409+0000][gc,heap     ] GC(343) Humongous regions: 151->151
[2025-12-24T17:46:57.409+0000][gc,metaspace] GC(343) Metaspace: 15914K(16256K)->15914K(16256K) NonClass: 14174K(14272K)->14174K(14272K) Class: 1740K(1984K)->1740K(1984K)
[2025-12-24T17:46:57.409+0000][gc          ] GC(343) Pause Young (Normal) (G1 Evacuation Pause) 885M->277M(1024M) 27.965ms
[2025-12-24T17:46:57.409+0000][gc,cpu      ] GC(343) User=0.18s Sys=0.00s Real=0.02s
[2025-12-24T17:47:27.762+0000][gc,start    ] GC(344) Pause Young (Normal) (G1 Evacuation Pause)
[2025-12-24T17:47:27.762+0000][gc,task     ] GC(344) Using 8 workers of 8 for evacuation
[2025-12-24T17:47:27.793+0000][gc,phases   ] GC(344)   Pre Evacuate Collection Set: 1.3ms
[2025-12-24T17:47:27.793+0000][gc,phases   ] GC(344)   Merge Heap Roots: 0.6ms
[2025-12-24T17:47:27.793+0000][gc,phases   ] GC(344)   Evacuate Collection Set: 24.1ms
[2025-12-24T17:47:27.793+0000][gc,phases   ] GC(344)   Post Evacuate Collection Set: 4.5ms
[2025-12-24T17:47:27.793+0000][gc,phases   ] GC(344)   Other: 0.3ms
[2025-12-24T17:47:27.794+0000][gc,heap     ] GC(344) Eden regions: 608->0(608)
[2025-12-24T17:47:27.794+0000][gc,heap     ] GC(344) Survivor regions: 6->6(77)
[2025-12-24T17:47:27.794+0000][gc,heap     ] GC(344) Old regions: 122->123
[2025-12-24T17:47:27.794+0000][gc,heap     ] GC(344) Humongous regions: 151->151
[2025-12-24T17:47:27.794+0000][gc,metaspace] GC(344) Metaspace: 15914K(16256K)->15914K(16256K) NonClass: 14174K(14272K)->14174K(14272K) Class: 1740K(1984K)->1740K(1984K)
[2025-12-24T17:47:27.795+0000][gc          ] GC(344) Pause Young (Normal) (G1 Evacuation Pause) 885M->278M(1024M) 33.706ms
[2025-12-24T17:47:27.796+0000][gc,cpu      ] GC(344) User=0.19s Sys=0.00s Real=0.04s
[2025-12-24T17:47:58.073+0000][gc,start    ] GC(345) Pause Young (Normal) (G1 Evacuation Pause)
[2025-12-24T17:47:58.073+0000][gc,task     ] GC(345) Using 8 workers of 8 for evacuation
[2025-12-24T17:47:58.097+0000][gc,phases   ] GC(345)   Pre Evacuate Collection Set: 1.3ms
[2025-12-24T17:47:58.097+0000][gc,phases   ] GC(345)   Merge Heap Roots: 0.4ms
[2025-12-24T17:47:58.097+0000][gc,phases   ] GC(345)   Evacuate Collection Set: 19.6ms
[2025-12-24T17:47:58.097+0000][gc,phases   ] GC(345)   Post Evacuate Collection Set: 1.6ms
[2025-12-24T17:47:58.097+0000][gc,phases   ] GC(345)   Other: 0.6ms
[2025-12-24T17:47:58.097+0000][gc,heap     ] GC(345) Eden regions: 608->0(607)
[2025-12-24T17:47:58.097+0000][gc,heap     ] GC(345) Survivor regions: 6->7(77)
[2025-12-24T17:47:58.097+0000][gc,heap     ] GC(345) Old regions: 123->123
[2025-12-24T17:47:58.097+0000][gc,heap     ] GC(345) Humongous regions: 151->151
[2025-12-24T17:47:58.097+0000][gc,metaspace] GC(345) Metaspace: 15914K(16256K)->15914K(16256K) NonClass: 14174K(14272K)->14174K(14272K) Class: 1740K(1984K)->1740K(1984K)
[2025-12-24T17:47:58.097+0000][gc          ] GC(345) Pause Young (Normal) (G1 Evacuation Pause) 886M->280M(1024M) 24.783ms
[2025-12-24T17:47:58.097+0000][gc,cpu      ] GC(345) User=0.16s Sys=0.00s Real=0.03s
[2025-12-24T17:48:37.370+0000][gc,start    ] GC(346) Pause Young (Normal) (G1 Evacuation Pause)
[2025-12-24T17:48:37.371+0000][gc,task     ] GC(346) Using 8 workers of 8 for evacuation
[2025-12-24T17:48:37.394+0000][gc,phases   ] GC(346)   Pre Evacuate Collection Set: 2.4ms
[2025-12-24T17:48:37.394+0000][gc,phases   ] GC(346)   Merge Heap Roots: 0.3ms
[2025-12-24T17:48:37.394+0000][gc,phases   ] GC(346)   Evacuate Collection Set: 11.8ms
[2025-12-24T17:48:37.394+0000][gc,phases   ] GC(346)   Post Evacuate Collection Set: 7.9ms
[2025-12-24T17:48:37.394+0000][gc,phases   ] GC(346)   Other: 0.4ms
[2025-12-24T17:48:37.394+0000][gc,heap     ] GC(346) Eden regions: 607->0(607)
[2025-12-24T17:48:37.394+0000][gc,heap     ] GC(346) Survivor regions: 7->7(77)
[2025-12-24T17:48:37.394+0000][gc,heap     ] GC(346) Old regions: 123->123
[2025-12-24T17:48:37.394+0000][gc,heap     ] GC(346) Humongous regions: 151->151
[2025-12-24T17:48:37.394+0000][gc,metaspace] GC(346) Metaspace: 15915K(16256K)->15915K(16256K) NonClass: 14174K(14272K)->14174K(14272K) Class: 1740K(1984K)->1740K(1984K)
[2025-12-24T17:48:37.394+0000][gc          ] GC(346) Pause Young (Normal) (G1 Evacuation Pause) 887M->280M(1024M) 23.984ms
[2025-12-24T17:48:37.394+0000][gc,cpu      ] GC(346) User=0.11s Sys=0.00s Real=0.02s
[2025-12-24T17:49:07.581+0000][gc,start    ] GC(347) Pause Young (Normal) (G1 Evacuation Pause)
[2025-12-24T17:49:07.582+0000][gc,task     ] GC(347) Using 8 workers of 8 for evacuation
[2025-12-24T17:49:07.596+0000][gc,phases   ] GC(347)   Pre Evacuate Collection Set: 1.0ms
[2025-12-24T17:49:07.596+0000][gc,phases   ] GC(347)   Merge Heap Roots: 0.3ms
[2025-12-24T17:49:07.596+0000][gc,phases   ] GC(347)   Evacuate Collection Set: 11.2ms
[2025-12-24T17:49:07.596+0000][gc,phases   ] GC(347)   Post Evacuate Collection Set: 1.4ms
[2025-12-24T17:49:07.596+0000][gc,phases   ] GC(347)   Other: 0.3ms
[2025-12-24T17:49:07.596+0000][gc,heap     ] GC(347) Eden regions: 607->0(609)
[2025-12-24T17:49:07.596+0000][gc,heap     ] GC(347) Survivor regions: 7->5(77)
[2025-12-24T17:49:07.596+0000][gc,heap     ] GC(347) Old regions: 123->124
[2025-12-24T17:49:07.596+0000][gc,heap     ] GC(347) Humongous regions: 151->151
[2025-12-24T17:49:07.596+0000][gc,metaspace] GC(347) Metaspace: 15915K(16256K)->15915K(16256K) NonClass: 14174K(14272K)->14174K(14272K) Class: 1740K(1984K)->1740K(1984K)
[2025-12-24T17:49:07.597+0000][gc          ] GC(347) Pause Young (Normal) (G1 Evacuation Pause) 887M->278M(1024M) 15.995ms
[2025-12-24T17:49:07.597+0000][gc,cpu      ] GC(347) User=0.09s Sys=0.01s Real=0.01s
[2025-12-24T17:49:37.777+0000][gc,start    ] GC(348) Pause Young (Normal) (G1 Evacuation Pause)
[2025-12-24T17:49:37.778+0000][gc,task     ] GC(348) Using 8 workers of 8 for evacuation
[2025-12-24T17:49:37.787+0000][gc,phases   ] GC(348)   Pre Evacuate Collection Set: 1.1ms
[2025-12-24T17:49:37.787+0000][gc,phases   ] GC(348)   Merge Heap Roots: 0.3ms
[2025-12-24T17:49:37.787+0000][gc,phases   ] GC(348)   Evacuate Collection Set: 6.2ms
[2025-12-24T17:49:37.787+0000][gc,phases   ] GC(348)   Post Evacuate Collection Set: 1.1ms
[2025-12-24T17:49:37.787+0000][gc,phases   ] GC(348)   Other: 0.4ms
[2025-12-24T17:49:37.787+0000][gc,heap     ] GC(348) Eden regions: 609->0(608)
[2025-12-24T17:49:37.787+0000][gc,heap     ] GC(348) Survivor regions: 5->6(77)
[2025-12-24T17:49:37.787+0000][gc,heap     ] GC(348) Old regions: 124->124
[2025-12-24T17:49:37.787+0000][gc,heap     ] GC(348) Humongous regions: 151->151
[2025-12-24T17:49:37.787+0000][gc,metaspace] GC(348) Metaspace: 15915K(16256K)->15915K(16256K) NonClass: 14174K(14272K)->14174K(14272K) Class: 1740K(1984K)->1740K(1984K)
[2025-12-24T17:49:37.787+0000][gc          ] GC(348) Pause Young (Normal) (G1 Evacuation Pause) 887M->280M(1024M) 10.886ms
[2025-12-24T17:49:37.788+0000][gc,cpu      ] GC(348) User=0.05s Sys=0.00s Real=0.02s
[2025-12-24T17:50:17.351+0000][gc,start    ] GC(349) Pause Young (Normal) (G1 Evacuation Pause)
[2025-12-24T17:50:17.352+0000][gc,task     ] GC(349) Using 8 workers of 8 for evacuation
[2025-12-24T17:50:17.375+0000][gc,phases   ] GC(349)   Pre Evacuate Collection Set: 2.9ms
[2025-12-24T17:50:17.376+0000][gc,phases   ] GC(349)   Merge Heap Roots: 1.5ms
[2025-12-24T17:50:17.376+0000][gc,phases   ] GC(349)   Evacuate Collection Set: 17.3ms
[2025-12-24T17:50:17.376+0000][gc,phases   ] GC(349)   Post Evacuate Collection Set: 1.3ms
[2025-12-24T17:50:17.376+0000][gc,phases   ] GC(349)   Other: 0.6ms
[2025-12-24T17:50:17.376+0000][gc,heap     ] GC(349) Eden regions: 608->0(608)
[2025-12-24T17:50:17.376+0000][gc,heap     ] GC(349) Survivor regions: 6->6(77)
[2025-12-24T17:50:17.376+0000][gc,heap     ] GC(349) Old regions: 124->124
[2025-12-24T17:50:17.376+0000][gc,heap     ] GC(349) Humongous regions: 151->151
[2025-12-24T17:50:17.376+0000][gc,metaspace] GC(349) Metaspace: 15915K(16256K)->15915K(16256K) NonClass: 14174K(14272K)->14174K(14272K) Class: 1740K(1984K)->1740K(1984K)
[2025-12-24T17:50:17.376+0000][gc          ] GC(349) Pause Young (Normal) (G1 Evacuation Pause) 888M->279M(1024M) 25.032ms
[2025-12-24T17:50:17.376+0000][gc,cpu      ] GC(349) User=0.14s Sys=0.00s Real=0.03s
[2025-12-24T17:50:47.526+0000][gc,start    ] GC(350) Pause Young (Normal) (G1 Evacuation Pause)
[2025-12-24T17:50:47.527+0000][gc,task     ] GC(350) Using 8 workers of 8 for evacuation
[2025-12-24T17:50:47.545+0000][gc,phases   ] GC(350)   Pre Evacuate Collection Set: 1.2ms
[2025-12-24T17:50:47.545+0000][gc,phases   ] GC(350)   Merge Heap Roots: 0.3ms
[2025-12-24T17:50:47.545+0000][gc,phases   ] GC(350)   Evacuate Collection Set: 14.3ms
[2025-12-24T17:50:47.545+0000][gc,phases   ] GC(350)   Post Evacuate Collection Set: 2.0ms
[2025-12-24T17:50:47.545+0000][gc,phases   ] GC(350)   Other: 0.4ms
[2025-12-24T17:50:47.545+0000][gc,heap     ] GC(350) Eden regions: 608->0(607)
[2025-12-24T17:50:47.545+0000][gc,heap     ] GC(350) Survivor regions: 6->7(77)
[2025-12-24T17:50:47.545+0000][gc,heap     ] GC(350) Old regions: 124->124
[2025-12-24T17:50:47.545+0000][gc,heap     ] GC(350) Humongous regions: 151->151
[2025-12-24T17:50:47.545+0000][gc,metaspace] GC(350) Metaspace: 15915K(16256K)->15915K(16256K) NonClass: 14174K(14272K)->14174K(14272K) Class: 1740K(1984K)->1740K(1984K)
[2025-12-24T17:50:47.546+0000][gc          ] GC(350) Pause Young (Normal) (G1 Evacuation Pause) 887M->281M(1024M) 19.046ms
[2025-12-24T17:50:47.546+0000][gc,cpu      ] GC(350) User=0.10s Sys=0.00s Real=0.02s
[2025-12-24T17:51:17.754+0000][gc,start    ] GC(351) Pause Young (Normal) (G1 Evacuation Pause)
[2025-12-24T17:51:17.755+0000][gc,task     ] GC(351) Using 8 workers of 8 for evacuation
[2025-12-24T17:51:17.769+0000][gc,phases   ] GC(351)   Pre Evacuate Collection Set: 1.9ms
[2025-12-24T17:51:17.769+0000][gc,phases   ] GC(351)   Merge Heap Roots: 0.2ms
[2025-12-24T17:51:17.769+0000][gc,phases   ] GC(351)   Evacuate Collection Set: 9.8ms
[2025-12-24T17:51:17.769+0000][gc,phases   ] GC(351)   Post Evacuate Collection Set: 1.3ms
[2025-12-24T17:51:17.769+0000][gc,phases   ] GC(351)   Other: 0.8ms
[2025-12-24T17:51:17.769+0000][gc,heap     ] GC(351) Eden regions: 607->0(605)
[2025-12-24T17:51:17.769+0000][gc,heap     ] GC(351) Survivor regions: 7->9(77)
[2025-12-24T17:51:17.769+0000][gc,heap     ] GC(351) Old regions: 124->124
[2025-12-24T17:51:17.769+0000][gc,heap     ] GC(351) Humongous regions: 151->151
[2025-12-24T17:51:17.769+0000][gc,metaspace] GC(351) Metaspace: 15915K(16256K)->15915K(16256K) NonClass: 14174K(14272K)->14174K(14272K) Class: 1740K(1984K)->1740K(1984K)
[2025-12-24T17:51:17.770+0000][gc          ] GC(351) Pause Young (Normal) (G1 Evacuation Pause) 888M->282M(1024M) 15.788ms
[2025-12-24T17:51:17.770+0000][gc,cpu      ] GC(351) User=0.08s Sys=0.00s Real=0.01s
[2025-12-24T17:51:57.312+0000][gc,start    ] GC(352) Pause Young (Normal) (G1 Evacuation Pause)
[2025-12-24T17:51:57.314+0000][gc,task     ] GC(352) Using 8 workers of 8 for evacuation
[2025-12-24T17:51:57.331+0000][gc,phases   ] GC(352)   Pre Evacuate Collection Set: 6.4ms
[2025-12-24T17:51:57.331+0000][gc,phases   ] GC(352)   Merge Heap Roots: 0.8ms
[2025-12-24T17:51:57.331+0000][gc,phases   ] GC(352)   Evacuate Collection Set: 6.6ms
[2025-12-24T17:51:57.331+0000][gc,phases   ] GC(352)   Post Evacuate Collection Set: 1.5ms
[2025-12-24T17:51:57.331+0000][gc,phases   ] GC(352)   Other: 1.7ms
[2025-12-24T17:51:57.331+0000][gc,heap     ] GC(352) Eden regions: 605->0(609)
[2025-12-24T17:51:57.331+0000][gc,heap     ] GC(352) Survivor regions: 9->5(77)
[2025-12-24T17:51:57.331+0000][gc,heap     ] GC(352) Old regions: 124->124
[2025-12-24T17:51:57.331+0000][gc,heap     ] GC(352) Humongous regions: 151->151
[2025-12-24T17:51:57.331+0000][gc,metaspace] GC(352) Metaspace: 15916K(16256K)->15916K(16256K) NonClass: 14175K(14272K)->14175K(14272K) Class: 1740K(1984K)->1740K(1984K)
[2025-12-24T17:51:57.331+0000][gc          ] GC(352) Pause Young (Normal) (G1 Evacuation Pause) 887M->279M(1024M) 19.855ms
[2025-12-24T17:51:57.331+0000][gc,cpu      ] GC(352) User=0.07s Sys=0.01s Real=0.02s
[2025-12-24T17:52:27.496+0000][gc,start    ] GC(353) Pause Young (Normal) (G1 Evacuation Pause)
[2025-12-24T17:52:27.496+0000][gc,task     ] GC(353) Using 8 workers of 8 for evacuation
[2025-12-24T17:52:27.504+0000][gc,phases   ] GC(353)   Pre Evacuate Collection Set: 1.0ms
[2025-12-24T17:52:27.504+0000][gc,phases   ] GC(353)   Merge Heap Roots: 0.2ms
[2025-12-24T17:52:27.505+0000][gc,phases   ] GC(353)   Evacuate Collection Set: 5.2ms
[2025-12-24T17:52:27.505+0000][gc,phases   ] GC(353)   Post Evacuate Collection Set: 1.2ms
[2025-12-24T17:52:27.505+0000][gc,phases   ] GC(353)   Other: 0.3ms
[2025-12-24T17:52:27.505+0000][gc,heap     ] GC(353) Eden regions: 609->0(608)
[2025-12-24T17:52:27.505+0000][gc,heap     ] GC(353) Survivor regions: 5->6(77)
[2025-12-24T17:52:27.505+0000][gc,heap     ] GC(353) Old regions: 124->124
[2025-12-24T17:52:27.505+0000][gc,heap     ] GC(353) Humongous regions: 151->151
[2025-12-24T17:52:27.505+0000][gc,metaspace] GC(353) Metaspace: 15916K(16256K)->15916K(16256K) NonClass: 14175K(14272K)->14175K(14272K) Class: 1740K(1984K)->1740K(1984K)
[2025-12-24T17:52:27.505+0000][gc          ] GC(353) Pause Young (Normal) (G1 Evacuation Pause) 888M->280M(1024M) 9.187ms
[2025-12-24T17:52:27.505+0000][gc,cpu      ] GC(353) User=0.05s Sys=0.00s Real=0.00s
[2025-12-24T17:52:57.741+0000][gc,start    ] GC(354) Pause Young (Normal) (G1 Evacuation Pause)
[2025-12-24T17:52:57.741+0000][gc,task     ] GC(354) Using 8 workers of 8 for evacuation
[2025-12-24T17:52:57.757+0000][gc,phases   ] GC(354)   Pre Evacuate Collection Set: 5.3ms
[2025-12-24T17:52:57.757+0000][gc,phases   ] GC(354)   Merge Heap Roots: 0.4ms
[2025-12-24T17:52:57.757+0000][gc,phases   ] GC(354)   Evacuate Collection Set: 7.9ms
[2025-12-24T17:52:57.757+0000][gc,phases   ] GC(354)   Post Evacuate Collection Set: 1.8ms
[2025-12-24T17:52:57.757+0000][gc,phases   ] GC(354)   Other: 0.5ms
[2025-12-24T17:52:57.757+0000][gc,heap     ] GC(354) Eden regions: 608->0(605)
[2025-12-24T17:52:57.758+0000][gc,heap     ] GC(354) Survivor regions: 6->9(77)
[2025-12-24T17:52:57.758+0000][gc,heap     ] GC(354) Old regions: 124->124
[2025-12-24T17:52:57.758+0000][gc,heap     ] GC(354) Humongous regions: 151->151
[2025-12-24T17:52:57.758+0000][gc,metaspace] GC(354) Metaspace: 15916K(16256K)->15916K(16256K) NonClass: 14175K(14272K)->14175K(14272K) Class: 1740K(1984K)->1740K(1984K)
[2025-12-24T17:52:57.758+0000][gc          ] GC(354) Pause Young (Normal) (G1 Evacuation Pause) 888M->282M(1024M) 17.293ms
[2025-12-24T17:52:57.758+0000][gc,cpu      ] GC(354) User=0.10s Sys=0.00s Real=0.02s
[2025-12-24T17:53:37.286+0000][gc,start    ] GC(355) Pause Young (Normal) (G1 Evacuation Pause)
[2025-12-24T17:53:37.287+0000][gc,task     ] GC(355) Using 8 workers of 8 for evacuation
[2025-12-24T17:53:37.299+0000][gc,phases   ] GC(355)   Pre Evacuate Collection Set: 1.3ms
[2025-12-24T17:53:37.299+0000][gc,phases   ] GC(355)   Merge Heap Roots: 0.6ms
[2025-12-24T17:53:37.299+0000][gc,phases   ] GC(355)   Evacuate Collection Set: 8.1ms
[2025-12-24T17:53:37.299+0000][gc,phases   ] GC(355)   Post Evacuate Collection Set: 1.3ms
[2025-12-24T17:53:37.299+0000][gc,phases   ] GC(355)   Other: 0.5ms
[2025-12-24T17:53:37.299+0000][gc,heap     ] GC(355) Eden regions: 605->0(607)
[2025-12-24T17:53:37.299+0000][gc,heap     ] GC(355) Survivor regions: 9->7(77)
[2025-12-24T17:53:37.299+0000][gc,heap     ] GC(355) Old regions: 124->124
[2025-12-24T17:53:37.299+0000][gc,heap     ] GC(355) Humongous regions: 151->151
[2025-12-24T17:53:37.299+0000][gc,metaspace] GC(355) Metaspace: 15916K(16256K)->15916K(16256K) NonClass: 14175K(14272K)->14175K(14272K) Class: 1740K(1984K)->1740K(1984K)
[2025-12-24T17:53:37.299+0000][gc          ] GC(355) Pause Young (Normal) (G1 Evacuation Pause) 887M->281M(1024M) 13.122ms
[2025-12-24T17:53:37.299+0000][gc,cpu      ] GC(355) User=0.08s Sys=0.00s Real=0.01s
[2025-12-24T17:54:07.484+0000][gc,start    ] GC(356) Pause Young (Normal) (G1 Evacuation Pause)
[2025-12-24T17:54:07.485+0000][gc,task     ] GC(356) Using 8 workers of 8 for evacuation
[2025-12-24T17:54:07.498+0000][gc,phases   ] GC(356)   Pre Evacuate Collection Set: 1.1ms
[2025-12-24T17:54:07.498+0000][gc,phases   ] GC(356)   Merge Heap Roots: 0.3ms
[2025-12-24T17:54:07.498+0000][gc,phases   ] GC(356)   Evacuate Collection Set: 9.9ms
[2025-12-24T17:54:07.498+0000][gc,phases   ] GC(356)   Post Evacuate Collection Set: 1.3ms
[2025-12-24T17:54:07.498+0000][gc,phases   ] GC(356)   Other: 0.3ms
[2025-12-24T17:54:07.498+0000][gc,heap     ] GC(356) Eden regions: 607->0(605)
[2025-12-24T17:54:07.498+0000][gc,heap     ] GC(356) Survivor regions: 7->9(77)
[2025-12-24T17:54:07.498+0000][gc,heap     ] GC(356) Old regions: 124->124
[2025-12-24T17:54:07.498+0000][gc,heap     ] GC(356) Humongous regions: 151->151
[2025-12-24T17:54:07.498+0000][gc,metaspace] GC(356) Metaspace: 15916K(16256K)->15916K(16256K) NonClass: 14175K(14272K)->14175K(14272K) Class: 1740K(1984K)->1740K(1984K)
[2025-12-24T17:54:07.498+0000][gc          ] GC(356) Pause Young (Normal) (G1 Evacuation Pause) 888M->283M(1024M) 14.104ms
[2025-12-24T17:54:07.498+0000][gc,cpu      ] GC(356) User=0.08s Sys=0.00s Real=0.01s
[2025-12-24T17:54:37.733+0000][gc,start    ] GC(357) Pause Young (Normal) (G1 Evacuation Pause)
[2025-12-24T17:54:37.734+0000][gc,task     ] GC(357) Using 8 workers of 8 for evacuation
[2025-12-24T17:54:37.752+0000][gc,phases   ] GC(357)   Pre Evacuate Collection Set: 1.3ms
[2025-12-24T17:54:37.752+0000][gc,phases   ] GC(357)   Merge Heap Roots: 0.4ms
[2025-12-24T17:54:37.752+0000][gc,phases   ] GC(357)   Evacuate Collection Set: 14.8ms
[2025-12-24T17:54:37.752+0000][gc,phases   ] GC(357)   Post Evacuate Collection Set: 1.3ms
[2025-12-24T17:54:37.752+0000][gc,phases   ] GC(357)   Other: 0.4ms
[2025-12-24T17:54:37.752+0000][gc,heap     ] GC(357) Eden regions: 605->0(607)
[2025-12-24T17:54:37.752+0000][gc,heap     ] GC(357) Survivor regions: 9->7(77)
[2025-12-24T17:54:37.752+0000][gc,heap     ] GC(357) Old regions: 124->124
[2025-12-24T17:54:37.753+0000][gc,heap     ] GC(357) Humongous regions: 151->151
[2025-12-24T17:54:37.753+0000][gc,metaspace] GC(357) Metaspace: 15916K(16256K)->15916K(16256K) NonClass: 14175K(14272K)->14175K(14272K) Class: 1740K(1984K)->1740K(1984K)
[2025-12-24T17:54:37.753+0000][gc          ] GC(357) Pause Young (Normal) (G1 Evacuation Pause) 888M->281M(1024M) 19.731ms
[2025-12-24T17:54:37.753+0000][gc,cpu      ] GC(357) User=0.11s Sys=0.01s Real=0.02s
[2025-12-24T17:55:17.245+0000][gc,start    ] GC(358) Pause Young (Normal) (G1 Evacuation Pause)
[2025-12-24T17:55:17.247+0000][gc,task     ] GC(358) Using 8 workers of 8 for evacuation
[2025-12-24T17:55:17.263+0000][gc,phases   ] GC(358)   Pre Evacuate Collection Set: 1.7ms
[2025-12-24T17:55:17.263+0000][gc,phases   ] GC(358)   Merge Heap Roots: 0.5ms
[2025-12-24T17:55:17.263+0000][gc,phases   ] GC(358)   Evacuate Collection Set: 11.0ms
[2025-12-24T17:55:17.263+0000][gc,phases   ] GC(358)   Post Evacuate Collection Set: 2.2ms
[2025-12-24T17:55:17.263+0000][gc,phases   ] GC(358)   Other: 0.6ms
[2025-12-24T17:55:17.263+0000][gc,heap     ] GC(358) Eden regions: 607->0(608)
[2025-12-24T17:55:17.263+0000][gc,heap     ] GC(358) Survivor regions: 7->6(77)
[2025-12-24T17:55:17.263+0000][gc,heap     ] GC(358) Old regions: 124->125
[2025-12-24T17:55:17.263+0000][gc,heap     ] GC(358) Humongous regions: 151->151
[2025-12-24T17:55:17.263+0000][gc,metaspace] GC(358) Metaspace: 15916K(16256K)->15916K(16256K) NonClass: 14175K(14272K)->14175K(14272K) Class: 1740K(1984K)->1740K(1984K)
[2025-12-24T17:55:17.264+0000][gc          ] GC(358) Pause Young (Normal) (G1 Evacuation Pause) 888M->280M(1024M) 18.636ms
[2025-12-24T17:55:17.264+0000][gc,cpu      ] GC(358) User=0.10s Sys=0.00s Real=0.02s
[2025-12-24T17:55:47.441+0000][gc,start    ] GC(359) Pause Young (Normal) (G1 Evacuation Pause)
[2025-12-24T17:55:47.442+0000][gc,task     ] GC(359) Using 8 workers of 8 for evacuation
[2025-12-24T17:55:47.456+0000][gc,phases   ] GC(359)   Pre Evacuate Collection Set: 1.0ms
[2025-12-24T17:55:47.456+0000][gc,phases   ] GC(359)   Merge Heap Roots: 0.3ms
[2025-12-24T17:55:47.456+0000][gc,phases   ] GC(359)   Evacuate Collection Set: 10.8ms
[2025-12-24T17:55:47.456+0000][gc,phases   ] GC(359)   Post Evacuate Collection Set: 1.2ms
[2025-12-24T17:55:47.456+0000][gc,phases   ] GC(359)   Other: 0.4ms
[2025-12-24T17:55:47.456+0000][gc,heap     ] GC(359) Eden regions: 608->0(606)
[2025-12-24T17:55:47.456+0000][gc,heap     ] GC(359) Survivor regions: 6->8(77)
[2025-12-24T17:55:47.456+0000][gc,heap     ] GC(359) Old regions: 125->125
[2025-12-24T17:55:47.457+0000][gc,heap     ] GC(359) Humongous regions: 151->151
[2025-12-24T17:55:47.457+0000][gc,metaspace] GC(359) Metaspace: 15916K(16256K)->15916K(16256K) NonClass: 14176K(14272K)->14176K(14272K) Class: 1740K(1984K)->1740K(1984K)
[2025-12-24T17:55:47.457+0000][gc          ] GC(359) Pause Young (Normal) (G1 Evacuation Pause) 888M->283M(1024M) 15.248ms
[2025-12-24T17:55:47.457+0000][gc,cpu      ] GC(359) User=0.10s Sys=0.01s Real=0.02s
[2025-12-24T17:56:17.654+0000][gc,start    ] GC(360) Pause Young (Normal) (G1 Evacuation Pause)
[2025-12-24T17:56:17.655+0000][gc,task     ] GC(360) Using 8 workers of 8 for evacuation
[2025-12-24T17:56:17.670+0000][gc,phases   ] GC(360)   Pre Evacuate Collection Set: 1.3ms
[2025-12-24T17:56:17.670+0000][gc,phases   ] GC(360)   Merge Heap Roots: 0.4ms
[2025-12-24T17:56:17.670+0000][gc,phases   ] GC(360)   Evacuate Collection Set: 9.5ms
[2025-12-24T17:56:17.670+0000][gc,phases   ] GC(360)   Post Evacuate Collection Set: 3.1ms
[2025-12-24T17:56:17.670+0000][gc,phases   ] GC(360)   Other: 0.7ms
[2025-12-24T17:56:17.670+0000][gc,heap     ] GC(360) Eden regions: 606->0(604)
[2025-12-24T17:56:17.671+0000][gc,heap     ] GC(360) Survivor regions: 8->10(77)
[2025-12-24T17:56:17.671+0000][gc,heap     ] GC(360) Old regions: 125->125
[2025-12-24T17:56:17.671+0000][gc,heap     ] GC(360) Humongous regions: 151->151
[2025-12-24T17:56:17.671+0000][gc,metaspace] GC(360) Metaspace: 15916K(16256K)->15916K(16256K) NonClass: 14176K(14272K)->14176K(14272K) Class: 1740K(1984K)->1740K(1984K)
[2025-12-24T17:56:17.671+0000][gc          ] GC(360) Pause Young (Normal) (G1 Evacuation Pause) 889M->285M(1024M) 17.187ms
[2025-12-24T17:56:17.671+0000][gc,cpu      ] GC(360) User=0.09s Sys=0.00s Real=0.02s
[2025-12-24T17:56:47.892+0000][gc,start    ] GC(361) Pause Young (Normal) (G1 Evacuation Pause)
[2025-12-24T17:56:47.893+0000][gc,task     ] GC(361) Using 8 workers of 8 for evacuation
[2025-12-24T17:56:47.905+0000][gc,phases   ] GC(361)   Pre Evacuate Collection Set: 1.1ms
[2025-12-24T17:56:47.905+0000][gc,phases   ] GC(361)   Merge Heap Roots: 0.4ms
[2025-12-24T17:56:47.905+0000][gc,phases   ] GC(361)   Evacuate Collection Set: 8.7ms
[2025-12-24T17:56:47.905+0000][gc,phases   ] GC(361)   Post Evacuate Collection Set: 1.2ms
[2025-12-24T17:56:47.905+0000][gc,phases   ] GC(361)   Other: 0.7ms
[2025-12-24T17:56:47.905+0000][gc,heap     ] GC(361) Eden regions: 604->0(603)
[2025-12-24T17:56:47.905+0000][gc,heap     ] GC(361) Survivor regions: 10->11(77)
[2025-12-24T17:56:47.905+0000][gc,heap     ] GC(361) Old regions: 125->125
[2025-12-24T17:56:47.906+0000][gc,heap     ] GC(361) Humongous regions: 151->151
[2025-12-24T17:56:47.906+0000][gc,metaspace] GC(361) Metaspace: 15916K(16256K)->15916K(16256K) NonClass: 14176K(14272K)->14176K(14272K) Class: 1740K(1984K)->1740K(1984K)
[2025-12-24T17:56:47.906+0000][gc          ] GC(361) Pause Young (Normal) (G1 Evacuation Pause) 889M->286M(1024M) 13.292ms
[2025-12-24T17:56:47.906+0000][gc,cpu      ] GC(361) User=0.07s Sys=0.00s Real=0.02s
[2025-12-24T17:57:27.394+0000][gc,start    ] GC(362) Pause Young (Normal) (G1 Evacuation Pause)
[2025-12-24T17:57:27.395+0000][gc,task     ] GC(362) Using 8 workers of 8 for evacuation
[2025-12-24T17:57:27.410+0000][gc,phases   ] GC(362)   Pre Evacuate Collection Set: 1.5ms
[2025-12-24T17:57:27.410+0000][gc,phases   ] GC(362)   Merge Heap Roots: 0.5ms
[2025-12-24T17:57:27.410+0000][gc,phases   ] GC(362)   Evacuate Collection Set: 10.8ms
[2025-12-24T17:57:27.410+0000][gc,phases   ] GC(362)   Post Evacuate Collection Set: 2.0ms
[2025-12-24T17:57:27.410+0000][gc,phases   ] GC(362)   Other: 0.5ms
[2025-12-24T17:57:27.410+0000][gc,heap     ] GC(362) Eden regions: 603->0(607)
[2025-12-24T17:57:27.411+0000][gc,heap     ] GC(362) Survivor regions: 11->7(77)
[2025-12-24T17:57:27.411+0000][gc,heap     ] GC(362) Old regions: 125->126
[2025-12-24T17:57:27.411+0000][gc,heap     ] GC(362) Humongous regions: 151->151
[2025-12-24T17:57:27.411+0000][gc,metaspace] GC(362) Metaspace: 15916K(16256K)->15916K(16256K) NonClass: 14176K(14272K)->14176K(14272K) Class: 1740K(1984K)->1740K(1984K)
[2025-12-24T17:57:27.411+0000][gc          ] GC(362) Pause Young (Normal) (G1 Evacuation Pause) 889M->282M(1024M) 17.037ms
[2025-12-24T17:57:27.411+0000][gc,cpu      ] GC(362) User=0.09s Sys=0.00s Real=0.02s
[2025-12-24T17:57:57.603+0000][gc,start    ] GC(363) Pause Young (Normal) (G1 Evacuation Pause)
[2025-12-24T17:57:57.604+0000][gc,task     ] GC(363) Using 8 workers of 8 for evacuation
[2025-12-24T17:57:57.628+0000][gc,phases   ] GC(363)   Pre Evacuate Collection Set: 6.3ms
[2025-12-24T17:57:57.628+0000][gc,phases   ] GC(363)   Merge Heap Roots: 2.3ms
[2025-12-24T17:57:57.628+0000][gc,phases   ] GC(363)   Evacuate Collection Set: 12.6ms
[2025-12-24T17:57:57.628+0000][gc,phases   ] GC(363)   Post Evacuate Collection Set: 1.9ms
[2025-12-24T17:57:57.628+0000][gc,phases   ] GC(363)   Other: 1.2ms
[2025-12-24T17:57:57.629+0000][gc,heap     ] GC(363) Eden regions: 607->0(606)
[2025-12-24T17:57:57.629+0000][gc,heap     ] GC(363) Survivor regions: 7->8(77)
[2025-12-24T17:57:57.629+0000][gc,heap     ] GC(363) Old regions: 126->126
[2025-12-24T17:57:57.629+0000][gc,heap     ] GC(363) Humongous regions: 151->151
[2025-12-24T17:57:57.629+0000][gc,metaspace] GC(363) Metaspace: 15916K(16256K)->15916K(16256K) NonClass: 14176K(14272K)->14176K(14272K) Class: 1740K(1984K)->1740K(1984K)
[2025-12-24T17:57:57.629+0000][gc          ] GC(363) Pause Young (Normal) (G1 Evacuation Pause) 889M->284M(1024M) 25.967ms
[2025-12-24T17:57:57.629+0000][gc,cpu      ] GC(363) User=0.12s Sys=0.01s Real=0.03s
[2025-12-24T17:58:27.901+0000][gc,start    ] GC(364) Pause Young (Normal) (G1 Evacuation Pause)
[2025-12-24T17:58:27.902+0000][gc,task     ] GC(364) Using 8 workers of 8 for evacuation
[2025-12-24T17:58:27.920+0000][gc,phases   ] GC(364)   Pre Evacuate Collection Set: 3.3ms
[2025-12-24T17:58:27.920+0000][gc,phases   ] GC(364)   Merge Heap Roots: 0.4ms
[2025-12-24T17:58:27.920+0000][gc,phases   ] GC(364)   Evacuate Collection Set: 12.8ms
[2025-12-24T17:58:27.920+0000][gc,phases   ] GC(364)   Post Evacuate Collection Set: 1.2ms
[2025-12-24T17:58:27.920+0000][gc,phases   ] GC(364)   Other: 0.7ms
[2025-12-24T17:58:27.920+0000][gc,heap     ] GC(364) Eden regions: 606->0(605)
[2025-12-24T17:58:27.920+0000][gc,heap     ] GC(364) Survivor regions: 8->9(77)
[2025-12-24T17:58:27.920+0000][gc,heap     ] GC(364) Old regions: 126->126
[2025-12-24T17:58:27.920+0000][gc,heap     ] GC(364) Humongous regions: 151->151
[2025-12-24T17:58:27.920+0000][gc,metaspace] GC(364) Metaspace: 15916K(16256K)->15916K(16256K) NonClass: 14176K(14272K)->14176K(14272K) Class: 1740K(1984K)->1740K(1984K)
[2025-12-24T17:58:27.921+0000][gc          ] GC(364) Pause Young (Normal) (G1 Evacuation Pause) 890M->285M(1024M) 19.663ms
[2025-12-24T17:58:27.921+0000][gc,cpu      ] GC(364) User=0.12s Sys=0.00s Real=0.02s
[2025-12-24T17:59:07.355+0000][gc,start    ] GC(365) Pause Young (Normal) (G1 Evacuation Pause)
[2025-12-24T17:59:07.356+0000][gc,task     ] GC(365) Using 8 workers of 8 for evacuation
[2025-12-24T17:59:07.374+0000][gc,phases   ] GC(365)   Pre Evacuate Collection Set: 2.0ms
[2025-12-24T17:59:07.374+0000][gc,phases   ] GC(365)   Merge Heap Roots: 1.3ms
[2025-12-24T17:59:07.374+0000][gc,phases   ] GC(365)   Evacuate Collection Set: 12.8ms
[2025-12-24T17:59:07.374+0000][gc,phases   ] GC(365)   Post Evacuate Collection Set: 1.2ms
[2025-12-24T17:59:07.374+0000][gc,phases   ] GC(365)   Other: 0.4ms
[2025-12-24T17:59:07.374+0000][gc,heap     ] GC(365) Eden regions: 605->0(605)
[2025-12-24T17:59:07.374+0000][gc,heap     ] GC(365) Survivor regions: 9->9(77)
[2025-12-24T17:59:07.374+0000][gc,heap     ] GC(365) Old regions: 126->127
[2025-12-24T17:59:07.374+0000][gc,heap     ] GC(365) Humongous regions: 151->151
[2025-12-24T17:59:07.374+0000][gc,metaspace] GC(365) Metaspace: 15916K(16256K)->15916K(16256K) NonClass: 14176K(14272K)->14176K(14272K) Class: 1740K(1984K)->1740K(1984K)
[2025-12-24T17:59:07.374+0000][gc          ] GC(365) Pause Young (Normal) (G1 Evacuation Pause) 890M->285M(1024M) 19.046ms
[2025-12-24T17:59:07.374+0000][gc,cpu      ] GC(365) User=0.11s Sys=0.00s Real=0.02s
[2025-12-24T17:59:37.546+0000][gc,start    ] GC(366) Pause Young (Normal) (G1 Evacuation Pause)
[2025-12-24T17:59:37.546+0000][gc,task     ] GC(366) Using 8 workers of 8 for evacuation
[2025-12-24T17:59:37.560+0000][gc,phases   ] GC(366)   Pre Evacuate Collection Set: 1.1ms
[2025-12-24T17:59:37.560+0000][gc,phases   ] GC(366)   Merge Heap Roots: 0.3ms
[2025-12-24T17:59:37.561+0000][gc,phases   ] GC(366)   Evacuate Collection Set: 10.1ms
[2025-12-24T17:59:37.561+0000][gc,phases   ] GC(366)   Post Evacuate Collection Set: 2.5ms
[2025-12-24T17:59:37.561+0000][gc,phases   ] GC(366)   Other: 0.3ms
[2025-12-24T17:59:37.561+0000][gc,heap     ] GC(366) Eden regions: 605->0(604)
[2025-12-24T17:59:37.561+0000][gc,heap     ] GC(366) Survivor regions: 9->10(77)
[2025-12-24T17:59:37.561+0000][gc,heap     ] GC(366) Old regions: 127->127
[2025-12-24T17:59:37.561+0000][gc,heap     ] GC(366) Humongous regions: 151->151
[2025-12-24T17:59:37.561+0000][gc,metaspace] GC(366) Metaspace: 15916K(16256K)->15916K(16256K) NonClass: 14176K(14272K)->14176K(14272K) Class: 1740K(1984K)->1740K(1984K)
[2025-12-24T17:59:37.561+0000][gc          ] GC(366) Pause Young (Normal) (G1 Evacuation Pause) 890M->287M(1024M) 15.326ms
[2025-12-24T17:59:37.561+0000][gc,cpu      ] GC(366) User=0.10s Sys=0.00s Real=0.01s
[2025-12-24T18:00:07.725+0000][gc,start    ] GC(367) Pause Young (Normal) (G1 Evacuation Pause)
[2025-12-24T18:00:07.725+0000][gc,task     ] GC(367) Using 8 workers of 8 for evacuation
[2025-12-24T18:00:07.742+0000][gc,phases   ] GC(367)   Pre Evacuate Collection Set: 2.2ms
[2025-12-24T18:00:07.742+0000][gc,phases   ] GC(367)   Merge Heap Roots: 0.9ms
[2025-12-24T18:00:07.743+0000][gc,phases   ] GC(367)   Evacuate Collection Set: 11.8ms
[2025-12-24T18:00:07.743+0000][gc,phases   ] GC(367)   Post Evacuate Collection Set: 1.2ms
[2025-12-24T18:00:07.743+0000][gc,phases   ] GC(367)   Other: 0.9ms
[2025-12-24T18:00:07.743+0000][gc,heap     ] GC(367) Eden regions: 604->0(603)
[2025-12-24T18:00:07.743+0000][gc,heap     ] GC(367) Survivor regions: 10->11(77)
[2025-12-24T18:00:07.743+0000][gc,heap     ] GC(367) Old regions: 127->127
[2025-12-24T18:00:07.743+0000][gc,heap     ] GC(367) Humongous regions: 151->151
[2025-12-24T18:00:07.743+0000][gc,metaspace] GC(367) Metaspace: 15916K(16256K)->15916K(16256K) NonClass: 14176K(14272K)->14176K(14272K) Class: 1740K(1984K)->1740K(1984K)
[2025-12-24T18:00:07.743+0000][gc          ] GC(367) Pause Young (Normal) (G1 Evacuation Pause) 891M->288M(1024M) 18.259ms
[2025-12-24T18:00:07.743+0000][gc,cpu      ] GC(367) User=0.11s Sys=0.00s Real=0.02s
[2025-12-24T18:00:47.340+0000][gc,start    ] GC(368) Pause Young (Normal) (G1 Evacuation Pause)
[2025-12-24T18:00:47.341+0000][gc,task     ] GC(368) Using 8 workers of 8 for evacuation
[2025-12-24T18:00:47.368+0000][gc,phases   ] GC(368)   Pre Evacuate Collection Set: 1.9ms
[2025-12-24T18:00:47.369+0000][gc,phases   ] GC(368)   Merge Heap Roots: 0.7ms
[2025-12-24T18:00:47.369+0000][gc,phases   ] GC(368)   Evacuate Collection Set: 22.4ms
[2025-12-24T18:00:47.369+0000][gc,phases   ] GC(368)   Post Evacuate Collection Set: 2.4ms
[2025-12-24T18:00:47.369+0000][gc,phases   ] GC(368)   Other: 0.5ms
[2025-12-24T18:00:47.369+0000][gc,heap     ] GC(368) Eden regions: 603->0(607)
[2025-12-24T18:00:47.369+0000][gc,heap     ] GC(368) Survivor regions: 11->7(77)
[2025-12-24T18:00:47.370+0000][gc,heap     ] GC(368) Old regions: 127->128
[2025-12-24T18:00:47.370+0000][gc,heap     ] GC(368) Humongous regions: 151->151
[2025-12-24T18:00:47.370+0000][gc,metaspace] GC(368) Metaspace: 15916K(16256K)->15916K(16256K) NonClass: 14176K(14272K)->14176K(14272K) Class: 1740K(1984K)->1740K(1984K)
[2025-12-24T18:00:47.370+0000][gc          ] GC(368) Pause Young (Normal) (G1 Evacuation Pause) 891M->284M(1024M) 30.389ms
[2025-12-24T18:00:47.370+0000][gc,cpu      ] GC(368) User=0.11s Sys=0.01s Real=0.03s
[2025-12-24T18:01:17.491+0000][gc,start    ] GC(369) Pause Young (Normal) (G1 Evacuation Pause)
[2025-12-24T18:01:17.492+0000][gc,task     ] GC(369) Using 8 workers of 8 for evacuation
[2025-12-24T18:01:17.503+0000][gc,phases   ] GC(369)   Pre Evacuate Collection Set: 1.1ms
[2025-12-24T18:01:17.504+0000][gc,phases   ] GC(369)   Merge Heap Roots: 0.3ms
[2025-12-24T18:01:17.504+0000][gc,phases   ] GC(369)   Evacuate Collection Set: 8.6ms
[2025-12-24T18:01:17.504+0000][gc,phases   ] GC(369)   Post Evacuate Collection Set: 1.1ms
[2025-12-24T18:01:17.504+0000][gc,phases   ] GC(369)   Other: 0.3ms
[2025-12-24T18:01:17.504+0000][gc,heap     ] GC(369) Eden regions: 607->0(606)
[2025-12-24T18:01:17.504+0000][gc,heap     ] GC(369) Survivor regions: 7->8(77)
[2025-12-24T18:01:17.504+0000][gc,heap     ] GC(369) Old regions: 128->128
[2025-12-24T18:01:17.504+0000][gc,heap     ] GC(369) Humongous regions: 151->151
[2025-12-24T18:01:17.504+0000][gc,metaspace] GC(369) Metaspace: 15916K(16256K)->15916K(16256K) NonClass: 14176K(14272K)->14176K(14272K) Class: 1740K(1984K)->1740K(1984K)
[2025-12-24T18:01:17.504+0000][gc          ] GC(369) Pause Young (Normal) (G1 Evacuation Pause) 891M->286M(1024M) 12.735ms
[2025-12-24T18:01:17.504+0000][gc,cpu      ] GC(369) User=0.07s Sys=0.00s Real=0.01s
[2025-12-24T18:01:47.686+0000][gc,start    ] GC(370) Pause Young (Normal) (G1 Evacuation Pause)
[2025-12-24T18:01:47.687+0000][gc,task     ] GC(370) Using 8 workers of 8 for evacuation
[2025-12-24T18:01:47.709+0000][gc,phases   ] GC(370)   Pre Evacuate Collection Set: 1.0ms
[2025-12-24T18:01:47.709+0000][gc,phases   ] GC(370)   Merge Heap Roots: 0.4ms
[2025-12-24T18:01:47.709+0000][gc,phases   ] GC(370)   Evacuate Collection Set: 19.4ms
[2025-12-24T18:01:47.709+0000][gc,phases   ] GC(370)   Post Evacuate Collection Set: 1.2ms
[2025-12-24T18:01:47.709+0000][gc,phases   ] GC(370)   Other: 0.3ms
[2025-12-24T18:01:47.709+0000][gc,heap     ] GC(370) Eden regions: 606->0(604)
[2025-12-24T18:01:47.709+0000][gc,heap     ] GC(370) Survivor regions: 8->10(77)
[2025-12-24T18:01:47.709+0000][gc,heap     ] GC(370) Old regions: 128->128
[2025-12-24T18:01:47.709+0000][gc,heap     ] GC(370) Humongous regions: 151->151
[2025-12-24T18:01:47.709+0000][gc,metaspace] GC(370) Metaspace: 15918K(16256K)->15918K(16256K) NonClass: 14178K(14272K)->14178K(14272K) Class: 1740K(1984K)->1740K(1984K)
[2025-12-24T18:01:47.709+0000][gc          ] GC(370) Pause Young (Normal) (G1 Evacuation Pause) 892M->288M(1024M) 23.235ms
[2025-12-24T18:01:47.709+0000][gc,cpu      ] GC(370) User=0.14s Sys=0.00s Real=0.02s
[2025-12-24T18:02:27.335+0000][gc,start    ] GC(371) Pause Young (Normal) (G1 Evacuation Pause)
[2025-12-24T18:02:27.337+0000][gc,task     ] GC(371) Using 8 workers of 8 for evacuation
[2025-12-24T18:02:27.389+0000][gc,phases   ] GC(371)   Pre Evacuate Collection Set: 7.7ms
[2025-12-24T18:02:27.389+0000][gc,phases   ] GC(371)   Merge Heap Roots: 0.6ms
[2025-12-24T18:02:27.389+0000][gc,phases   ] GC(371)   Evacuate Collection Set: 34.4ms
[2025-12-24T18:02:27.389+0000][gc,phases   ] GC(371)   Post Evacuate Collection Set: 7.7ms
[2025-12-24T18:02:27.389+0000][gc,phases   ] GC(371)   Other: 1.8ms
[2025-12-24T18:02:27.389+0000][gc,heap     ] GC(371) Eden regions: 604->0(605)
[2025-12-24T18:02:27.389+0000][gc,heap     ] GC(371) Survivor regions: 10->9(77)
[2025-12-24T18:02:27.390+0000][gc,heap     ] GC(371) Old regions: 128->129
[2025-12-24T18:02:27.390+0000][gc,heap     ] GC(371) Humongous regions: 151->151
[2025-12-24T18:02:27.390+0000][gc,metaspace] GC(371) Metaspace: 15918K(16256K)->15918K(16256K) NonClass: 14178K(14272K)->14178K(14272K) Class: 1740K(1984K)->1740K(1984K)
[2025-12-24T18:02:27.390+0000][gc          ] GC(371) Pause Young (Normal) (G1 Evacuation Pause) 892M->287M(1024M) 55.071ms
[2025-12-24T18:02:27.390+0000][gc,cpu      ] GC(371) User=0.27s Sys=0.04s Real=0.06s
[2025-12-24T18:02:57.481+0000][gc,start    ] GC(372) Pause Young (Normal) (G1 Evacuation Pause)
[2025-12-24T18:02:57.481+0000][gc,task     ] GC(372) Using 8 workers of 8 for evacuation
[2025-12-24T18:02:57.504+0000][gc,phases   ] GC(372)   Pre Evacuate Collection Set: 2.8ms
[2025-12-24T18:02:57.504+0000][gc,phases   ] GC(372)   Merge Heap Roots: 0.7ms
[2025-12-24T18:02:57.505+0000][gc,phases   ] GC(372)   Evacuate Collection Set: 17.6ms
[2025-12-24T18:02:57.505+0000][gc,phases   ] GC(372)   Post Evacuate Collection Set: 2.0ms
[2025-12-24T18:02:57.505+0000][gc,phases   ] GC(372)   Other: 0.3ms
[2025-12-24T18:02:57.505+0000][gc,heap     ] GC(372) Eden regions: 605->0(604)
[2025-12-24T18:02:57.505+0000][gc,heap     ] GC(372) Survivor regions: 9->10(77)
[2025-12-24T18:02:57.505+0000][gc,heap     ] GC(372) Old regions: 129->129
[2025-12-24T18:02:57.505+0000][gc,heap     ] GC(372) Humongous regions: 151->151
[2025-12-24T18:02:57.505+0000][gc,metaspace] GC(372) Metaspace: 15918K(16256K)->15918K(16256K) NonClass: 14178K(14272K)->14178K(14272K) Class: 1740K(1984K)->1740K(1984K)
[2025-12-24T18:02:57.505+0000][gc          ] GC(372) Pause Young (Normal) (G1 Evacuation Pause) 892M->289M(1024M) 24.566ms
[2025-12-24T18:02:57.505+0000][gc,cpu      ] GC(372) User=0.15s Sys=0.01s Real=0.03s
[2025-12-24T18:03:27.638+0000][gc,start    ] GC(373) Pause Young (Normal) (G1 Evacuation Pause)
[2025-12-24T18:03:27.638+0000][gc,task     ] GC(373) Using 8 workers of 8 for evacuation
[2025-12-24T18:03:27.652+0000][gc,phases   ] GC(373)   Pre Evacuate Collection Set: 1.2ms
[2025-12-24T18:03:27.652+0000][gc,phases   ] GC(373)   Merge Heap Roots: 0.4ms
[2025-12-24T18:03:27.652+0000][gc,phases   ] GC(373)   Evacuate Collection Set: 11.1ms
[2025-12-24T18:03:27.652+0000][gc,phases   ] GC(373)   Post Evacuate Collection Set: 1.0ms
[2025-12-24T18:03:27.652+0000][gc,phases   ] GC(373)   Other: 0.3ms
[2025-12-24T18:03:27.652+0000][gc,heap     ] GC(373) Eden regions: 604->0(606)
[2025-12-24T18:03:27.653+0000][gc,heap     ] GC(373) Survivor regions: 10->8(77)
[2025-12-24T18:03:27.653+0000][gc,heap     ] GC(373) Old regions: 129->129
[2025-12-24T18:03:27.653+0000][gc,heap     ] GC(373) Humongous regions: 151->151
[2025-12-24T18:03:27.653+0000][gc,metaspace] GC(373) Metaspace: 15918K(16256K)->15918K(16256K) NonClass: 14178K(14272K)->14178K(14272K) Class: 1740K(1984K)->1740K(1984K)
[2025-12-24T18:03:27.653+0000][gc          ] GC(373) Pause Young (Normal) (G1 Evacuation Pause) 893M->287M(1024M) 15.237ms
[2025-12-24T18:03:27.653+0000][gc,cpu      ] GC(373) User=0.09s Sys=0.00s Real=0.02s
[2025-12-24T18:04:07.185+0000][gc,start    ] GC(374) Pause Young (Normal) (G1 Evacuation Pause)
[2025-12-24T18:04:07.187+0000][gc,task     ] GC(374) Using 8 workers of 8 for evacuation
[2025-12-24T18:04:07.207+0000][gc,phases   ] GC(374)   Pre Evacuate Collection Set: 2.3ms
[2025-12-24T18:04:07.207+0000][gc,phases   ] GC(374)   Merge Heap Roots: 0.7ms
[2025-12-24T18:04:07.208+0000][gc,phases   ] GC(374)   Evacuate Collection Set: 14.8ms
[2025-12-24T18:04:07.208+0000][gc,phases   ] GC(374)   Post Evacuate Collection Set: 2.0ms
[2025-12-24T18:04:07.208+0000][gc,phases   ] GC(374)   Other: 0.9ms
[2025-12-24T18:04:07.208+0000][gc,heap     ] GC(374) Eden regions: 606->0(607)
[2025-12-24T18:04:07.208+0000][gc,heap     ] GC(374) Survivor regions: 8->7(77)
[2025-12-24T18:04:07.208+0000][gc,heap     ] GC(374) Old regions: 129->130
[2025-12-24T18:04:07.208+0000][gc,heap     ] GC(374) Humongous regions: 151->151
[2025-12-24T18:04:07.208+0000][gc,metaspace] GC(374) Metaspace: 15918K(16256K)->15918K(16256K) NonClass: 14178K(14272K)->14178K(14272K) Class: 1740K(1984K)->1740K(1984K)
[2025-12-24T18:04:07.209+0000][gc          ] GC(374) Pause Young (Normal) (G1 Evacuation Pause) 893M->287M(1024M) 23.266ms
[2025-12-24T18:04:07.209+0000][gc,cpu      ] GC(374) User=0.13s Sys=0.01s Real=0.03s
[2025-12-24T18:04:37.391+0000][gc,start    ] GC(375) Pause Young (Normal) (G1 Evacuation Pause)
[2025-12-24T18:04:37.392+0000][gc,task     ] GC(375) Using 8 workers of 8 for evacuation
[2025-12-24T18:04:37.406+0000][gc,phases   ] GC(375)   Pre Evacuate Collection Set: 1.0ms
[2025-12-24T18:04:37.407+0000][gc,phases   ] GC(375)   Merge Heap Roots: 0.4ms
[2025-12-24T18:04:37.407+0000][gc,phases   ] GC(375)   Evacuate Collection Set: 11.6ms
[2025-12-24T18:04:37.407+0000][gc,phases   ] GC(375)   Post Evacuate Collection Set: 1.0ms
[2025-12-24T18:04:37.407+0000][gc,phases   ] GC(375)   Other: 0.3ms
[2025-12-24T18:04:37.407+0000][gc,heap     ] GC(375) Eden regions: 607->0(605)
[2025-12-24T18:04:37.407+0000][gc,heap     ] GC(375) Survivor regions: 7->9(77)
[2025-12-24T18:04:37.407+0000][gc,heap     ] GC(375) Old regions: 130->130
[2025-12-24T18:04:37.407+0000][gc,heap     ] GC(375) Humongous regions: 151->151
[2025-12-24T18:04:37.407+0000][gc,metaspace] GC(375) Metaspace: 15921K(16256K)->15921K(16256K) NonClass: 14180K(14272K)->14180K(14272K) Class: 1740K(1984K)->1740K(1984K)
[2025-12-24T18:04:37.407+0000][gc          ] GC(375) Pause Young (Normal) (G1 Evacuation Pause) 894M->288M(1024M) 16.037ms
[2025-12-24T18:04:37.407+0000][gc,cpu      ] GC(375) User=0.09s Sys=0.00s Real=0.02s
[2025-12-24T18:05:07.566+0000][gc,start    ] GC(376) Pause Young (Normal) (G1 Evacuation Pause)
[2025-12-24T18:05:07.566+0000][gc,task     ] GC(376) Using 8 workers of 8 for evacuation
[2025-12-24T18:05:07.579+0000][gc,phases   ] GC(376)   Pre Evacuate Collection Set: 1.0ms
[2025-12-24T18:05:07.579+0000][gc,phases   ] GC(376)   Merge Heap Roots: 0.3ms
[2025-12-24T18:05:07.579+0000][gc,phases   ] GC(376)   Evacuate Collection Set: 9.0ms
[2025-12-24T18:05:07.579+0000][gc,phases   ] GC(376)   Post Evacuate Collection Set: 1.8ms
[2025-12-24T18:05:07.579+0000][gc,phases   ] GC(376)   Other: 0.2ms
[2025-12-24T18:05:07.579+0000][gc,heap     ] GC(376) Eden regions: 605->0(604)
[2025-12-24T18:05:07.579+0000][gc,heap     ] GC(376) Survivor regions: 9->10(77)
[2025-12-24T18:05:07.579+0000][gc,heap     ] GC(376) Old regions: 130->130
[2025-12-24T18:05:07.579+0000][gc,heap     ] GC(376) Humongous regions: 151->151
[2025-12-24T18:05:07.579+0000][gc,metaspace] GC(376) Metaspace: 15921K(16256K)->15921K(16256K) NonClass: 14180K(14272K)->14180K(14272K) Class: 1740K(1984K)->1740K(1984K)
[2025-12-24T18:05:07.579+0000][gc          ] GC(376) Pause Young (Normal) (G1 Evacuation Pause) 893M->290M(1024M) 13.591ms
[2025-12-24T18:05:07.579+0000][gc,cpu      ] GC(376) User=0.08s Sys=0.01s Real=0.01s
[2025-12-24T18:05:37.968+0000][gc,start    ] GC(377) Pause Young (Normal) (G1 Evacuation Pause)
[2025-12-24T18:05:37.969+0000][gc,task     ] GC(377) Using 8 workers of 8 for evacuation
[2025-12-24T18:05:37.992+0000][gc,phases   ] GC(377)   Pre Evacuate Collection Set: 2.1ms
[2025-12-24T18:05:37.992+0000][gc,phases   ] GC(377)   Merge Heap Roots: 0.5ms
[2025-12-24T18:05:37.992+0000][gc,phases   ] GC(377)   Evacuate Collection Set: 18.3ms
[2025-12-24T18:05:37.992+0000][gc,phases   ] GC(377)   Post Evacuate Collection Set: 1.1ms
[2025-12-24T18:05:37.992+0000][gc,phases   ] GC(377)   Other: 0.6ms
[2025-12-24T18:05:37.992+0000][gc,heap     ] GC(377) Eden regions: 604->0(603)
[2025-12-24T18:05:37.992+0000][gc,heap     ] GC(377) Survivor regions: 10->11(77)
[2025-12-24T18:05:37.992+0000][gc,heap     ] GC(377) Old regions: 130->131
[2025-12-24T18:05:37.992+0000][gc,heap     ] GC(377) Humongous regions: 151->151
[2025-12-24T18:05:37.992+0000][gc,metaspace] GC(377) Metaspace: 15921K(16256K)->15921K(16256K) NonClass: 14180K(14272K)->14180K(14272K) Class: 1740K(1984K)->1740K(1984K)
[2025-12-24T18:05:37.992+0000][gc          ] GC(377) Pause Young (Normal) (G1 Evacuation Pause) 894M->292M(1024M) 24.208ms
[2025-12-24T18:05:37.993+0000][gc,cpu      ] GC(377) User=0.11s Sys=0.02s Real=0.03s
[2025-12-24T18:06:17.355+0000][gc,start    ] GC(378) Pause Young (Normal) (G1 Evacuation Pause)
[2025-12-24T18:06:17.357+0000][gc,task     ] GC(378) Using 8 workers of 8 for evacuation
[2025-12-24T18:06:17.376+0000][gc,phases   ] GC(378)   Pre Evacuate Collection Set: 1.2ms
[2025-12-24T18:06:17.376+0000][gc,phases   ] GC(378)   Merge Heap Roots: 0.3ms
[2025-12-24T18:06:17.376+0000][gc,phases   ] GC(378)   Evacuate Collection Set: 15.9ms
[2025-12-24T18:06:17.376+0000][gc,phases   ] GC(378)   Post Evacuate Collection Set: 1.3ms
[2025-12-24T18:06:17.376+0000][gc,phases   ] GC(378)   Other: 0.3ms
[2025-12-24T18:06:17.376+0000][gc,heap     ] GC(378) Eden regions: 603->0(607)
[2025-12-24T18:06:17.376+0000][gc,heap     ] GC(378) Survivor regions: 11->7(77)
[2025-12-24T18:06:17.376+0000][gc,heap     ] GC(378) Old regions: 131->131
[2025-12-24T18:06:17.376+0000][gc,heap     ] GC(378) Humongous regions: 151->151
[2025-12-24T18:06:17.377+0000][gc,metaspace] GC(378) Metaspace: 15922K(16256K)->15922K(16256K) NonClass: 14181K(14272K)->14181K(14272K) Class: 1740K(1984K)->1740K(1984K)
[2025-12-24T18:06:17.377+0000][gc          ] GC(378) Pause Young (Normal) (G1 Evacuation Pause) 895M->288M(1024M) 21.416ms
[2025-12-24T18:06:17.377+0000][gc,cpu      ] GC(378) User=0.12s Sys=0.00s Real=0.02s
[2025-12-24T18:06:47.527+0000][gc,start    ] GC(379) Pause Young (Normal) (G1 Evacuation Pause)
[2025-12-24T18:06:47.527+0000][gc,task     ] GC(379) Using 8 workers of 8 for evacuation
[2025-12-24T18:06:47.550+0000][gc,phases   ] GC(379)   Pre Evacuate Collection Set: 1.2ms
[2025-12-24T18:06:47.550+0000][gc,phases   ] GC(379)   Merge Heap Roots: 0.3ms
[2025-12-24T18:06:47.550+0000][gc,phases   ] GC(379)   Evacuate Collection Set: 19.4ms
[2025-12-24T18:06:47.550+0000][gc,phases   ] GC(379)   Post Evacuate Collection Set: 1.3ms
[2025-12-24T18:06:47.550+0000][gc,phases   ] GC(379)   Other: 0.3ms
[2025-12-24T18:06:47.550+0000][gc,heap     ] GC(379) Eden regions: 607->0(606)
[2025-12-24T18:06:47.550+0000][gc,heap     ] GC(379) Survivor regions: 7->8(77)
[2025-12-24T18:06:47.550+0000][gc,heap     ] GC(379) Old regions: 131->131
[2025-12-24T18:06:47.550+0000][gc,heap     ] GC(379) Humongous regions: 151->151
[2025-12-24T18:06:47.550+0000][gc,metaspace] GC(379) Metaspace: 15924K(16256K)->15924K(16256K) NonClass: 14183K(14272K)->14183K(14272K) Class: 1740K(1984K)->1740K(1984K)
[2025-12-24T18:06:47.550+0000][gc          ] GC(379) Pause Young (Normal) (G1 Evacuation Pause) 895M->289M(1024M) 23.557ms
[2025-12-24T18:06:47.550+0000][gc,cpu      ] GC(379) User=0.15s Sys=0.00s Real=0.02s
[2025-12-24T18:07:17.700+0000][gc,start    ] GC(380) Pause Young (Normal) (G1 Evacuation Pause)
[2025-12-24T18:07:17.700+0000][gc,task     ] GC(380) Using 8 workers of 8 for evacuation
[2025-12-24T18:07:17.715+0000][gc,phases   ] GC(380)   Pre Evacuate Collection Set: 1.1ms
[2025-12-24T18:07:17.715+0000][gc,phases   ] GC(380)   Merge Heap Roots: 0.4ms
[2025-12-24T18:07:17.715+0000][gc,phases   ] GC(380)   Evacuate Collection Set: 11.1ms
[2025-12-24T18:07:17.715+0000][gc,phases   ] GC(380)   Post Evacuate Collection Set: 1.1ms
[2025-12-24T18:07:17.715+0000][gc,phases   ] GC(380)   Other: 0.4ms
[2025-12-24T18:07:17.715+0000][gc,heap     ] GC(380) Eden regions: 606->0(604)
[2025-12-24T18:07:17.715+0000][gc,heap     ] GC(380) Survivor regions: 8->10(77)
[2025-12-24T18:07:17.715+0000][gc,heap     ] GC(380) Old regions: 131->132
[2025-12-24T18:07:17.715+0000][gc,heap     ] GC(380) Humongous regions: 151->151
[2025-12-24T18:07:17.715+0000][gc,metaspace] GC(380) Metaspace: 15924K(16256K)->15924K(16256K) NonClass: 14183K(14272K)->14183K(14272K) Class: 1740K(1984K)->1740K(1984K)
[2025-12-24T18:07:17.715+0000][gc          ] GC(380) Pause Young (Normal) (G1 Evacuation Pause) 895M->291M(1024M) 15.404ms
[2025-12-24T18:07:17.715+0000][gc,cpu      ] GC(380) User=0.10s Sys=0.00s Real=0.02s
[2025-12-24T18:07:57.316+0000][gc,start    ] GC(381) Pause Young (Normal) (G1 Evacuation Pause)
[2025-12-24T18:07:57.317+0000][gc,task     ] GC(381) Using 8 workers of 8 for evacuation
[2025-12-24T18:07:57.340+0000][gc,phases   ] GC(381)   Pre Evacuate Collection Set: 1.1ms
[2025-12-24T18:07:57.340+0000][gc,phases   ] GC(381)   Merge Heap Roots: 0.3ms
[2025-12-24T18:07:57.340+0000][gc,phases   ] GC(381)   Evacuate Collection Set: 20.0ms
[2025-12-24T18:07:57.340+0000][gc,phases   ] GC(381)   Post Evacuate Collection Set: 1.1ms
[2025-12-24T18:07:57.340+0000][gc,phases   ] GC(381)   Other: 0.4ms
[2025-12-24T18:07:57.340+0000][gc,heap     ] GC(381) Eden regions: 604->0(605)
[2025-12-24T18:07:57.340+0000][gc,heap     ] GC(381) Survivor regions: 10->9(77)
[2025-12-24T18:07:57.340+0000][gc,heap     ] GC(381) Old regions: 132->132
[2025-12-24T18:07:57.340+0000][gc,heap     ] GC(381) Humongous regions: 151->151
[2025-12-24T18:07:57.341+0000][gc,metaspace] GC(381) Metaspace: 15924K(16256K)->15924K(16256K) NonClass: 14183K(14272K)->14183K(14272K) Class: 1740K(1984K)->1740K(1984K)
[2025-12-24T18:07:57.341+0000][gc          ] GC(381) Pause Young (Normal) (G1 Evacuation Pause) 895M->291M(1024M) 24.474ms
[2025-12-24T18:07:57.341+0000][gc,cpu      ] GC(381) User=0.14s Sys=0.01s Real=0.02s
[2025-12-24T18:08:27.454+0000][gc,start    ] GC(382) Pause Young (Normal) (G1 Evacuation Pause)
[2025-12-24T18:08:27.456+0000][gc,task     ] GC(382) Using 8 workers of 8 for evacuation
[2025-12-24T18:08:27.474+0000][gc,phases   ] GC(382)   Pre Evacuate Collection Set: 1.2ms
[2025-12-24T18:08:27.475+0000][gc,phases   ] GC(382)   Merge Heap Roots: 0.4ms
[2025-12-24T18:08:27.475+0000][gc,phases   ] GC(382)   Evacuate Collection Set: 15.6ms
[2025-12-24T18:08:27.475+0000][gc,phases   ] GC(382)   Post Evacuate Collection Set: 1.1ms
[2025-12-24T18:08:27.475+0000][gc,phases   ] GC(382)   Other: 0.4ms
[2025-12-24T18:08:27.475+0000][gc,heap     ] GC(382) Eden regions: 605->0(603)
[2025-12-24T18:08:27.475+0000][gc,heap     ] GC(382) Survivor regions: 9->11(77)
[2025-12-24T18:08:27.475+0000][gc,heap     ] GC(382) Old regions: 132->132
[2025-12-24T18:08:27.475+0000][gc,heap     ] GC(382) Humongous regions: 151->151
[2025-12-24T18:08:27.475+0000][gc,metaspace] GC(382) Metaspace: 15925K(16320K)->15925K(16320K) NonClass: 14184K(14336K)->14184K(14336K) Class: 1740K(1984K)->1740K(1984K)
[2025-12-24T18:08:27.475+0000][gc          ] GC(382) Pause Young (Normal) (G1 Evacuation Pause) 896M->293M(1024M) 20.883ms
[2025-12-24T18:08:27.475+0000][gc,cpu      ] GC(382) User=0.13s Sys=0.00s Real=0.02s
[2025-12-24T18:08:57.651+0000][gc,start    ] GC(383) Pause Young (Normal) (G1 Evacuation Pause)
[2025-12-24T18:08:57.651+0000][gc,task     ] GC(383) Using 8 workers of 8 for evacuation
[2025-12-24T18:08:57.671+0000][gc,phases   ] GC(383)   Pre Evacuate Collection Set: 1.1ms
[2025-12-24T18:08:57.671+0000][gc,phases   ] GC(383)   Merge Heap Roots: 0.6ms
[2025-12-24T18:08:57.671+0000][gc,phases   ] GC(383)   Evacuate Collection Set: 12.1ms
[2025-12-24T18:08:57.671+0000][gc,phases   ] GC(383)   Post Evacuate Collection Set: 5.4ms
[2025-12-24T18:08:57.671+0000][gc,phases   ] GC(383)   Other: 0.4ms
[2025-12-24T18:08:57.671+0000][gc,heap     ] GC(383) Eden regions: 603->0(606)
[2025-12-24T18:08:57.671+0000][gc,heap     ] GC(383) Survivor regions: 11->8(77)
[2025-12-24T18:08:57.672+0000][gc,heap     ] GC(383) Old regions: 132->133
[2025-12-24T18:08:57.672+0000][gc,heap     ] GC(383) Humongous regions: 151->151
[2025-12-24T18:08:57.672+0000][gc,metaspace] GC(383) Metaspace: 15929K(16384K)->15929K(16384K) NonClass: 14189K(14400K)->14189K(14400K) Class: 1740K(1984K)->1740K(1984K)
[2025-12-24T18:08:57.672+0000][gc          ] GC(383) Pause Young (Normal) (G1 Evacuation Pause) 896M->291M(1024M) 21.129ms
[2025-12-24T18:08:57.672+0000][gc,cpu      ] GC(383) User=0.12s Sys=0.01s Real=0.02s
[2025-12-24T18:09:37.255+0000][gc,start    ] GC(384) Pause Young (Normal) (G1 Evacuation Pause)
[2025-12-24T18:09:37.258+0000][gc,task     ] GC(384) Using 8 workers of 8 for evacuation
[2025-12-24T18:09:37.278+0000][gc,phases   ] GC(384)   Pre Evacuate Collection Set: 6.2ms
[2025-12-24T18:09:37.278+0000][gc,phases   ] GC(384)   Merge Heap Roots: 1.5ms
[2025-12-24T18:09:37.278+0000][gc,phases   ] GC(384)   Evacuate Collection Set: 11.0ms
[2025-12-24T18:09:37.278+0000][gc,phases   ] GC(384)   Post Evacuate Collection Set: 1.2ms
[2025-12-24T18:09:37.278+0000][gc,phases   ] GC(384)   Other: 0.8ms
[2025-12-24T18:09:37.278+0000][gc,heap     ] GC(384) Eden regions: 606->0(607)
[2025-12-24T18:09:37.278+0000][gc,heap     ] GC(384) Survivor regions: 8->7(77)
[2025-12-24T18:09:37.278+0000][gc,heap     ] GC(384) Old regions: 133->133
[2025-12-24T18:09:37.278+0000][gc,heap     ] GC(384) Humongous regions: 151->151
[2025-12-24T18:09:37.278+0000][gc,metaspace] GC(384) Metaspace: 15929K(16384K)->15929K(16384K) NonClass: 14189K(14400K)->14189K(14400K) Class: 1740K(1984K)->1740K(1984K)
[2025-12-24T18:09:37.279+0000][gc          ] GC(384) Pause Young (Normal) (G1 Evacuation Pause) 897M->290M(1024M) 23.268ms
[2025-12-24T18:09:37.279+0000][gc,cpu      ] GC(384) User=0.13s Sys=0.00s Real=0.03s
[2025-12-24T18:10:07.418+0000][gc,start    ] GC(385) Pause Young (Normal) (G1 Evacuation Pause)
[2025-12-24T18:10:07.418+0000][gc,task     ] GC(385) Using 8 workers of 8 for evacuation
[2025-12-24T18:10:07.432+0000][gc,phases   ] GC(385)   Pre Evacuate Collection Set: 1.5ms
[2025-12-24T18:10:07.432+0000][gc,phases   ] GC(385)   Merge Heap Roots: 0.9ms
[2025-12-24T18:10:07.432+0000][gc,phases   ] GC(385)   Evacuate Collection Set: 9.5ms
[2025-12-24T18:10:07.432+0000][gc,phases   ] GC(385)   Post Evacuate Collection Set: 1.2ms
[2025-12-24T18:10:07.432+0000][gc,phases   ] GC(385)   Other: 0.4ms
[2025-12-24T18:10:07.432+0000][gc,heap     ] GC(385) Eden regions: 607->0(605)
[2025-12-24T18:10:07.432+0000][gc,heap     ] GC(385) Survivor regions: 7->9(77)
[2025-12-24T18:10:07.432+0000][gc,heap     ] GC(385) Old regions: 133->133
[2025-12-24T18:10:07.432+0000][gc,heap     ] GC(385) Humongous regions: 151->151
[2025-12-24T18:10:07.433+0000][gc,metaspace] GC(385) Metaspace: 15929K(16384K)->15929K(16384K) NonClass: 14189K(14400K)->14189K(14400K) Class: 1740K(1984K)->1740K(1984K)
[2025-12-24T18:10:07.433+0000][gc          ] GC(385) Pause Young (Normal) (G1 Evacuation Pause) 897M->292M(1024M) 14.853ms
[2025-12-24T18:10:07.433+0000][gc,cpu      ] GC(385) User=0.09s Sys=0.00s Real=0.01s
[2025-12-24T18:10:37.634+0000][gc,start    ] GC(386) Pause Young (Normal) (G1 Evacuation Pause)
[2025-12-24T18:10:37.635+0000][gc,task     ] GC(386) Using 8 workers of 8 for evacuation
[2025-12-24T18:10:37.653+0000][gc,phases   ] GC(386)   Pre Evacuate Collection Set: 1.3ms
[2025-12-24T18:10:37.653+0000][gc,phases   ] GC(386)   Merge Heap Roots: 1.7ms
[2025-12-24T18:10:37.654+0000][gc,phases   ] GC(386)   Evacuate Collection Set: 13.8ms
[2025-12-24T18:10:37.654+0000][gc,phases   ] GC(386)   Post Evacuate Collection Set: 1.3ms
[2025-12-24T18:10:37.654+0000][gc,phases   ] GC(386)   Other: 0.4ms
[2025-12-24T18:10:37.654+0000][gc,heap     ] GC(386) Eden regions: 605->0(604)
[2025-12-24T18:10:37.654+0000][gc,heap     ] GC(386) Survivor regions: 9->10(77)
[2025-12-24T18:10:37.654+0000][gc,heap     ] GC(386) Old regions: 133->134
[2025-12-24T18:10:37.654+0000][gc,heap     ] GC(386) Humongous regions: 151->151
[2025-12-24T18:10:37.654+0000][gc,metaspace] GC(386) Metaspace: 15929K(16384K)->15929K(16384K) NonClass: 14189K(14400K)->14189K(14400K) Class: 1740K(1984K)->1740K(1984K)
[2025-12-24T18:10:37.654+0000][gc          ] GC(386) Pause Young (Normal) (G1 Evacuation Pause) 897M->294M(1024M) 20.669ms
[2025-12-24T18:10:37.654+0000][gc,cpu      ] GC(386) User=0.11s Sys=0.00s Real=0.02s
[2025-12-24T18:11:17.181+0000][gc,start    ] GC(387) Pause Young (Normal) (G1 Evacuation Pause)
[2025-12-24T18:11:17.182+0000][gc,task     ] GC(387) Using 8 workers of 8 for evacuation
[2025-12-24T18:11:17.208+0000][gc,phases   ] GC(387)   Pre Evacuate Collection Set: 1.7ms
[2025-12-24T18:11:17.209+0000][gc,phases   ] GC(387)   Merge Heap Roots: 0.6ms
[2025-12-24T18:11:17.209+0000][gc,phases   ] GC(387)   Evacuate Collection Set: 22.0ms
[2025-12-24T18:11:17.209+0000][gc,phases   ] GC(387)   Post Evacuate Collection Set: 1.6ms
[2025-12-24T18:11:17.209+0000][gc,phases   ] GC(387)   Other: 0.6ms
[2025-12-24T18:11:17.209+0000][gc,heap     ] GC(387) Eden regions: 604->0(605)
[2025-12-24T18:11:17.209+0000][gc,heap     ] GC(387) Survivor regions: 10->9(77)
[2025-12-24T18:11:17.209+0000][gc,heap     ] GC(387) Old regions: 134->134
[2025-12-24T18:11:17.209+0000][gc,heap     ] GC(387) Humongous regions: 151->151
[2025-12-24T18:11:17.209+0000][gc,metaspace] GC(387) Metaspace: 15929K(16384K)->15929K(16384K) NonClass: 14189K(14400K)->14189K(14400K) Class: 1740K(1984K)->1740K(1984K)
[2025-12-24T18:11:17.209+0000][gc          ] GC(387) Pause Young (Normal) (G1 Evacuation Pause) 898M->293M(1024M) 28.717ms
[2025-12-24T18:11:17.210+0000][gc,cpu      ] GC(387) User=0.18s Sys=0.00s Real=0.03s
[2025-12-24T18:11:47.378+0000][gc,start    ] GC(388) Pause Young (Normal) (G1 Evacuation Pause)
[2025-12-24T18:11:47.379+0000][gc,task     ] GC(388) Using 8 workers of 8 for evacuation
[2025-12-24T18:11:47.390+0000][gc,phases   ] GC(388)   Pre Evacuate Collection Set: 1.2ms
[2025-12-24T18:11:47.390+0000][gc,phases   ] GC(388)   Merge Heap Roots: 0.4ms
[2025-12-24T18:11:47.390+0000][gc,phases   ] GC(388)   Evacuate Collection Set: 7.7ms
[2025-12-24T18:11:47.390+0000][gc,phases   ] GC(388)   Post Evacuate Collection Set: 1.4ms
[2025-12-24T18:11:47.390+0000][gc,phases   ] GC(388)   Other: 0.4ms
[2025-12-24T18:11:47.390+0000][gc,heap     ] GC(388) Eden regions: 605->0(607)
[2025-12-24T18:11:47.390+0000][gc,heap     ] GC(388) Survivor regions: 9->7(77)
[2025-12-24T18:11:47.390+0000][gc,heap     ] GC(388) Old regions: 134->134
[2025-12-24T18:11:47.390+0000][gc,heap     ] GC(388) Humongous regions: 151->151
[2025-12-24T18:11:47.390+0000][gc,metaspace] GC(388) Metaspace: 15934K(16384K)->15934K(16384K) NonClass: 14193K(14400K)->14193K(14400K) Class: 1740K(1984K)->1740K(1984K)
[2025-12-24T18:11:47.390+0000][gc          ] GC(388) Pause Young (Normal) (G1 Evacuation Pause) 898M->291M(1024M) 12.298ms
[2025-12-24T18:11:47.391+0000][gc,cpu      ] GC(388) User=0.07s Sys=0.00s Real=0.02s
[2025-12-24T18:12:17.582+0000][gc,start    ] GC(389) Pause Young (Normal) (G1 Evacuation Pause)
[2025-12-24T18:12:17.582+0000][gc,task     ] GC(389) Using 8 workers of 8 for evacuation
[2025-12-24T18:12:17.596+0000][gc,phases   ] GC(389)   Pre Evacuate Collection Set: 1.0ms
[2025-12-24T18:12:17.596+0000][gc,phases   ] GC(389)   Merge Heap Roots: 0.4ms
[2025-12-24T18:12:17.596+0000][gc,phases   ] GC(389)   Evacuate Collection Set: 10.4ms
[2025-12-24T18:12:17.596+0000][gc,phases   ] GC(389)   Post Evacuate Collection Set: 1.2ms
[2025-12-24T18:12:17.596+0000][gc,phases   ] GC(389)   Other: 0.3ms
[2025-12-24T18:12:17.596+0000][gc,heap     ] GC(389) Eden regions: 607->0(605)
[2025-12-24T18:12:17.596+0000][gc,heap     ] GC(389) Survivor regions: 7->9(77)
[2025-12-24T18:12:17.596+0000][gc,heap     ] GC(389) Old regions: 134->135
[2025-12-24T18:12:17.596+0000][gc,heap     ] GC(389) Humongous regions: 151->151
[2025-12-24T18:12:17.596+0000][gc,metaspace] GC(389) Metaspace: 15936K(16384K)->15936K(16384K) NonClass: 14196K(14400K)->14196K(14400K) Class: 1740K(1984K)->1740K(1984K)
[2025-12-24T18:12:17.596+0000][gc          ] GC(389) Pause Young (Normal) (G1 Evacuation Pause) 898M->293M(1024M) 14.377ms
[2025-12-24T18:12:17.596+0000][gc,cpu      ] GC(389) User=0.08s Sys=0.01s Real=0.01s
[2025-12-24T18:12:47.750+0000][gc,start    ] GC(390) Pause Young (Normal) (G1 Evacuation Pause)
[2025-12-24T18:12:47.751+0000][gc,task     ] GC(390) Using 8 workers of 8 for evacuation
[2025-12-24T18:12:47.765+0000][gc,phases   ] GC(390)   Pre Evacuate Collection Set: 1.8ms
[2025-12-24T18:12:47.765+0000][gc,phases   ] GC(390)   Merge Heap Roots: 2.1ms
[2025-12-24T18:12:47.765+0000][gc,phases   ] GC(390)   Evacuate Collection Set: 8.1ms
[2025-12-24T18:12:47.765+0000][gc,phases   ] GC(390)   Post Evacuate Collection Set: 2.0ms
[2025-12-24T18:12:47.765+0000][gc,phases   ] GC(390)   Other: 0.3ms
[2025-12-24T18:12:47.765+0000][gc,heap     ] GC(390) Eden regions: 605->0(604)
[2025-12-24T18:12:47.765+0000][gc,heap     ] GC(390) Survivor regions: 9->10(77)
[2025-12-24T18:12:47.765+0000][gc,heap     ] GC(390) Old regions: 135->135
[2025-12-24T18:12:47.765+0000][gc,heap     ] GC(390) Humongous regions: 151->151
[2025-12-24T18:12:47.766+0000][gc,metaspace] GC(390) Metaspace: 15936K(16384K)->15936K(16384K) NonClass: 14196K(14400K)->14196K(14400K) Class: 1740K(1984K)->1740K(1984K)
[2025-12-24T18:12:47.766+0000][gc          ] GC(390) Pause Young (Normal) (G1 Evacuation Pause) 898M->294M(1024M) 15.735ms
[2025-12-24T18:12:47.766+0000][gc,cpu      ] GC(390) User=0.10s Sys=0.00s Real=0.01s
[2025-12-24T18:13:27.327+0000][gc,start    ] GC(391) Pause Young (Normal) (G1 Evacuation Pause)
[2025-12-24T18:13:27.328+0000][gc,task     ] GC(391) Using 8 workers of 8 for evacuation
[2025-12-24T18:13:27.348+0000][gc,phases   ] GC(391)   Pre Evacuate Collection Set: 1.4ms
[2025-12-24T18:13:27.348+0000][gc,phases   ] GC(391)   Merge Heap Roots: 0.4ms
[2025-12-24T18:13:27.348+0000][gc,phases   ] GC(391)   Evacuate Collection Set: 17.2ms
[2025-12-24T18:13:27.348+0000][gc,phases   ] GC(391)   Post Evacuate Collection Set: 1.2ms
[2025-12-24T18:13:27.348+0000][gc,phases   ] GC(391)   Other: 0.4ms
[2025-12-24T18:13:27.349+0000][gc,heap     ] GC(391) Eden regions: 604->0(605)
[2025-12-24T18:13:27.349+0000][gc,heap     ] GC(391) Survivor regions: 10->9(77)
[2025-12-24T18:13:27.349+0000][gc,heap     ] GC(391) Old regions: 135->135
[2025-12-24T18:13:27.349+0000][gc,heap     ] GC(391) Humongous regions: 151->151
[2025-12-24T18:13:27.349+0000][gc,metaspace] GC(391) Metaspace: 15936K(16384K)->15936K(16384K) NonClass: 14196K(14400K)->14196K(14400K) Class: 1740K(1984K)->1740K(1984K)
[2025-12-24T18:13:27.349+0000][gc          ] GC(391) Pause Young (Normal) (G1 Evacuation Pause) 898M->294M(1024M) 22.317ms
[2025-12-24T18:13:27.349+0000][gc,cpu      ] GC(391) User=0.14s Sys=0.00s Real=0.02s
[2025-12-24T18:13:57.528+0000][gc,start    ] GC(392) Pause Young (Normal) (G1 Evacuation Pause)
[2025-12-24T18:13:57.528+0000][gc,task     ] GC(392) Using 8 workers of 8 for evacuation
[2025-12-24T18:13:57.543+0000][gc,phases   ] GC(392)   Pre Evacuate Collection Set: 1.1ms
[2025-12-24T18:13:57.543+0000][gc,phases   ] GC(392)   Merge Heap Roots: 0.4ms
[2025-12-24T18:13:57.543+0000][gc,phases   ] GC(392)   Evacuate Collection Set: 10.8ms
[2025-12-24T18:13:57.543+0000][gc,phases   ] GC(392)   Post Evacuate Collection Set: 1.5ms
[2025-12-24T18:13:57.543+0000][gc,phases   ] GC(392)   Other: 0.7ms
[2025-12-24T18:13:57.543+0000][gc,heap     ] GC(392) Eden regions: 605->0(603)
[2025-12-24T18:13:57.543+0000][gc,heap     ] GC(392) Survivor regions: 9->11(77)
[2025-12-24T18:13:57.543+0000][gc,heap     ] GC(392) Old regions: 135->136
[2025-12-24T18:13:57.543+0000][gc,heap     ] GC(392) Humongous regions: 151->151
[2025-12-24T18:13:57.544+0000][gc,metaspace] GC(392) Metaspace: 15936K(16384K)->15936K(16384K) NonClass: 14196K(14400K)->14196K(14400K) Class: 1740K(1984K)->1740K(1984K)
[2025-12-24T18:13:57.544+0000][gc          ] GC(392) Pause Young (Normal) (G1 Evacuation Pause) 899M->296M(1024M) 16.064ms
[2025-12-24T18:13:57.544+0000][gc,cpu      ] GC(392) User=0.09s Sys=0.00s Real=0.02s
[2025-12-24T18:14:28.115+0000][gc,start    ] GC(393) Pause Young (Normal) (G1 Evacuation Pause)
[2025-12-24T18:14:28.116+0000][gc,task     ] GC(393) Using 8 workers of 8 for evacuation
[2025-12-24T18:14:28.136+0000][gc,phases   ] GC(393)   Pre Evacuate Collection Set: 1.1ms
[2025-12-24T18:14:28.136+0000][gc,phases   ] GC(393)   Merge Heap Roots: 0.5ms
[2025-12-24T18:14:28.136+0000][gc,phases   ] GC(393)   Evacuate Collection Set: 16.7ms
[2025-12-24T18:14:28.136+0000][gc,phases   ] GC(393)   Post Evacuate Collection Set: 1.4ms
[2025-12-24T18:14:28.136+0000][gc,phases   ] GC(393)   Other: 0.4ms
[2025-12-24T18:14:28.136+0000][gc,heap     ] GC(393) Eden regions: 603->0(606)
[2025-12-24T18:14:28.136+0000][gc,heap     ] GC(393) Survivor regions: 11->8(77)
[2025-12-24T18:14:28.136+0000][gc,heap     ] GC(393) Old regions: 136->136
[2025-12-24T18:14:28.136+0000][gc,heap     ] GC(393) Humongous regions: 151->151
[2025-12-24T18:14:28.136+0000][gc,metaspace] GC(393) Metaspace: 15939K(16384K)->15939K(16384K) NonClass: 14198K(14400K)->14198K(14400K) Class: 1740K(1984K)->1740K(1984K)
[2025-12-24T18:14:28.137+0000][gc          ] GC(393) Pause Young (Normal) (G1 Evacuation Pause) 899M->294M(1024M) 21.366ms
[2025-12-24T18:14:28.137+0000][gc,cpu      ] GC(393) User=0.14s Sys=0.00s Real=0.02s
[2025-12-24T18:15:07.282+0000][gc,start    ] GC(394) Pause Young (Normal) (G1 Evacuation Pause)
[2025-12-24T18:15:07.283+0000][gc,task     ] GC(394) Using 8 workers of 8 for evacuation
[2025-12-24T18:15:07.295+0000][gc,phases   ] GC(394)   Pre Evacuate Collection Set: 1.1ms
[2025-12-24T18:15:07.295+0000][gc,phases   ] GC(394)   Merge Heap Roots: 0.4ms
[2025-12-24T18:15:07.296+0000][gc,phases   ] GC(394)   Evacuate Collection Set: 8.8ms
[2025-12-24T18:15:07.296+0000][gc,phases   ] GC(394)   Post Evacuate Collection Set: 2.0ms
[2025-12-24T18:15:07.296+0000][gc,phases   ] GC(394)   Other: 0.4ms
[2025-12-24T18:15:07.296+0000][gc,heap     ] GC(394) Eden regions: 606->0(606)
[2025-12-24T18:15:07.296+0000][gc,heap     ] GC(394) Survivor regions: 8->8(77)
[2025-12-24T18:15:07.296+0000][gc,heap     ] GC(394) Old regions: 136->136
[2025-12-24T18:15:07.296+0000][gc,heap     ] GC(394) Humongous regions: 151->151
[2025-12-24T18:15:07.296+0000][gc,metaspace] GC(394) Metaspace: 15939K(16384K)->15939K(16384K) NonClass: 14198K(14400K)->14198K(14400K) Class: 1740K(1984K)->1740K(1984K)
[2025-12-24T18:15:07.296+0000][gc          ] GC(394) Pause Young (Normal) (G1 Evacuation Pause) 900M->294M(1024M) 14.339ms
[2025-12-24T18:15:07.296+0000][gc,cpu      ] GC(394) User=0.08s Sys=0.01s Real=0.01s
[2025-12-24T18:15:37.495+0000][gc,start    ] GC(395) Pause Young (Normal) (G1 Evacuation Pause)
[2025-12-24T18:15:37.495+0000][gc,task     ] GC(395) Using 8 workers of 8 for evacuation
[2025-12-24T18:15:37.516+0000][gc,phases   ] GC(395)   Pre Evacuate Collection Set: 1.2ms
[2025-12-24T18:15:37.516+0000][gc,phases   ] GC(395)   Merge Heap Roots: 0.5ms
[2025-12-24T18:15:37.516+0000][gc,phases   ] GC(395)   Evacuate Collection Set: 16.8ms
[2025-12-24T18:15:37.516+0000][gc,phases   ] GC(395)   Post Evacuate Collection Set: 1.2ms
[2025-12-24T18:15:37.516+0000][gc,phases   ] GC(395)   Other: 0.6ms
[2025-12-24T18:15:37.516+0000][gc,heap     ] GC(395) Eden regions: 606->0(605)
[2025-12-24T18:15:37.516+0000][gc,heap     ] GC(395) Survivor regions: 8->9(77)
[2025-12-24T18:15:37.516+0000][gc,heap     ] GC(395) Old regions: 136->137
[2025-12-24T18:15:37.516+0000][gc,heap     ] GC(395) Humongous regions: 151->151
[2025-12-24T18:15:37.516+0000][gc,metaspace] GC(395) Metaspace: 15939K(16384K)->15939K(16384K) NonClass: 14198K(14400K)->14198K(14400K) Class: 1740K(1984K)->1740K(1984K)
[2025-12-24T18:15:37.516+0000][gc          ] GC(395) Pause Young (Normal) (G1 Evacuation Pause) 900M->295M(1024M) 21.651ms
[2025-12-24T18:15:37.516+0000][gc,cpu      ] GC(395) User=0.13s Sys=0.00s Real=0.02s
[2025-12-24T18:16:07.713+0000][gc,start    ] GC(396) Pause Young (Normal) (G1 Evacuation Pause)
[2025-12-24T18:16:07.714+0000][gc,task     ] GC(396) Using 8 workers of 8 for evacuation
[2025-12-24T18:16:07.726+0000][gc,phases   ] GC(396)   Pre Evacuate Collection Set: 1.2ms
[2025-12-24T18:16:07.726+0000][gc,phases   ] GC(396)   Merge Heap Roots: 0.4ms
[2025-12-24T18:16:07.726+0000][gc,phases   ] GC(396)   Evacuate Collection Set: 9.0ms
[2025-12-24T18:16:07.726+0000][gc,phases   ] GC(396)   Post Evacuate Collection Set: 1.2ms
[2025-12-24T18:16:07.727+0000][gc,phases   ] GC(396)   Other: 0.7ms
[2025-12-24T18:16:07.727+0000][gc,heap     ] GC(396) Eden regions: 605->0(604)
[2025-12-24T18:16:07.727+0000][gc,heap     ] GC(396) Survivor regions: 9->10(77)
[2025-12-24T18:16:07.727+0000][gc,heap     ] GC(396) Old regions: 137->137
[2025-12-24T18:16:07.727+0000][gc,heap     ] GC(396) Humongous regions: 151->151
[2025-12-24T18:16:07.728+0000][gc,metaspace] GC(396) Metaspace: 15939K(16384K)->15939K(16384K) NonClass: 14198K(14400K)->14198K(14400K) Class: 1740K(1984K)->1740K(1984K)
[2025-12-24T18:16:07.728+0000][gc          ] GC(396) Pause Young (Normal) (G1 Evacuation Pause) 900M->297M(1024M) 15.414ms
[2025-12-24T18:16:07.729+0000][gc,cpu      ] GC(396) User=0.08s Sys=0.00s Real=0.02s
[2025-12-24T18:16:47.240+0000][gc,start    ] GC(397) Pause Young (Normal) (G1 Evacuation Pause)
[2025-12-24T18:16:47.242+0000][gc,task     ] GC(397) Using 8 workers of 8 for evacuation
[2025-12-24T18:16:47.263+0000][gc,phases   ] GC(397)   Pre Evacuate Collection Set: 5.4ms
[2025-12-24T18:16:47.264+0000][gc,phases   ] GC(397)   Merge Heap Roots: 1.9ms
[2025-12-24T18:16:47.264+0000][gc,phases   ] GC(397)   Evacuate Collection Set: 10.2ms
[2025-12-24T18:16:47.264+0000][gc,phases   ] GC(397)   Post Evacuate Collection Set: 2.7ms
[2025-12-24T18:16:47.264+0000][gc,phases   ] GC(397)   Other: 2.0ms
[2025-12-24T18:16:47.264+0000][gc,heap     ] GC(397) Eden regions: 604->0(605)
[2025-12-24T18:16:47.264+0000][gc,heap     ] GC(397) Survivor regions: 10->9(77)
[2025-12-24T18:16:47.264+0000][gc,heap     ] GC(397) Old regions: 137->137
[2025-12-24T18:16:47.265+0000][gc,heap     ] GC(397) Humongous regions: 151->151
[2025-12-24T18:16:47.265+0000][gc,metaspace] GC(397) Metaspace: 15940K(16384K)->15940K(16384K) NonClass: 14199K(14400K)->14199K(14400K) Class: 1740K(1984K)->1740K(1984K)
[2025-12-24T18:16:47.265+0000][gc          ] GC(397) Pause Young (Normal) (G1 Evacuation Pause) 901M->296M(1024M) 25.045ms
[2025-12-24T18:16:47.265+0000][gc,cpu      ] GC(397) User=0.12s Sys=0.00s Real=0.03s
[2025-12-24T18:17:17.427+0000][gc,start    ] GC(398) Pause Young (Normal) (G1 Evacuation Pause)
[2025-12-24T18:17:17.428+0000][gc,task     ] GC(398) Using 8 workers of 8 for evacuation
[2025-12-24T18:17:17.446+0000][gc,phases   ] GC(398)   Pre Evacuate Collection Set: 1.1ms
[2025-12-24T18:17:17.446+0000][gc,phases   ] GC(398)   Merge Heap Roots: 2.9ms
[2025-12-24T18:17:17.446+0000][gc,phases   ] GC(398)   Evacuate Collection Set: 11.3ms
[2025-12-24T18:17:17.446+0000][gc,phases   ] GC(398)   Post Evacuate Collection Set: 1.8ms
[2025-12-24T18:17:17.446+0000][gc,phases   ] GC(398)   Other: 0.6ms
[2025-12-24T18:17:17.446+0000][gc,heap     ] GC(398) Eden regions: 605->0(607)
[2025-12-24T18:17:17.446+0000][gc,heap     ] GC(398) Survivor regions: 9->7(77)
[2025-12-24T18:17:17.446+0000][gc,heap     ] GC(398) Old regions: 137->138
[2025-12-24T18:17:17.446+0000][gc,heap     ] GC(398) Humongous regions: 151->151
[2025-12-24T18:17:17.447+0000][gc,metaspace] GC(398) Metaspace: 15940K(16384K)->15940K(16384K) NonClass: 14199K(14400K)->14199K(14400K) Class: 1740K(1984K)->1740K(1984K)
[2025-12-24T18:17:17.450+0000][gc          ] GC(398) Pause Young (Normal) (G1 Evacuation Pause) 901M->294M(1024M) 22.805ms
[2025-12-24T18:17:17.450+0000][gc,cpu      ] GC(398) User=0.11s Sys=0.00s Real=0.02s
[2025-12-24T18:17:47.604+0000][gc,start    ] GC(399) Pause Young (Normal) (G1 Evacuation Pause)
[2025-12-24T18:17:47.605+0000][gc,task     ] GC(399) Using 8 workers of 8 for evacuation
[2025-12-24T18:17:47.622+0000][gc,phases   ] GC(399)   Pre Evacuate Collection Set: 1.3ms
[2025-12-24T18:17:47.622+0000][gc,phases   ] GC(399)   Merge Heap Roots: 0.4ms
[2025-12-24T18:17:47.623+0000][gc,phases   ] GC(399)   Evacuate Collection Set: 14.5ms
[2025-12-24T18:17:47.623+0000][gc,phases   ] GC(399)   Post Evacuate Collection Set: 1.2ms
[2025-12-24T18:17:47.623+0000][gc,phases   ] GC(399)   Other: 0.3ms
[2025-12-24T18:17:47.623+0000][gc,heap     ] GC(399) Eden regions: 607->0(605)
[2025-12-24T18:17:47.623+0000][gc,heap     ] GC(399) Survivor regions: 7->9(77)
[2025-12-24T18:17:47.623+0000][gc,heap     ] GC(399) Old regions: 138->138
[2025-12-24T18:17:47.623+0000][gc,heap     ] GC(399) Humongous regions: 151->151
[2025-12-24T18:17:47.623+0000][gc,metaspace] GC(399) Metaspace: 15940K(16384K)->15940K(16384K) NonClass: 14199K(14400K)->14199K(14400K) Class: 1740K(1984K)->1740K(1984K)
[2025-12-24T18:17:47.623+0000][gc          ] GC(399) Pause Young (Normal) (G1 Evacuation Pause) 901M->296M(1024M) 18.857ms
[2025-12-24T18:17:47.623+0000][gc,cpu      ] GC(399) User=0.13s Sys=0.00s Real=0.02s
[2025-12-24T18:18:27.207+0000][gc,start    ] GC(400) Pause Young (Normal) (G1 Evacuation Pause)
[2025-12-24T18:18:27.208+0000][gc,task     ] GC(400) Using 8 workers of 8 for evacuation
[2025-12-24T18:18:27.225+0000][gc,phases   ] GC(400)   Pre Evacuate Collection Set: 1.2ms
[2025-12-24T18:18:27.225+0000][gc,phases   ] GC(400)   Merge Heap Roots: 0.4ms
[2025-12-24T18:18:27.225+0000][gc,phases   ] GC(400)   Evacuate Collection Set: 13.3ms
[2025-12-24T18:18:27.225+0000][gc,phases   ] GC(400)   Post Evacuate Collection Set: 1.4ms
[2025-12-24T18:18:27.225+0000][gc,phases   ] GC(400)   Other: 0.6ms
[2025-12-24T18:18:27.226+0000][gc,heap     ] GC(400) Eden regions: 605->0(606)
[2025-12-24T18:18:27.226+0000][gc,heap     ] GC(400) Survivor regions: 9->8(77)
[2025-12-24T18:18:27.226+0000][gc,heap     ] GC(400) Old regions: 138->138
[2025-12-24T18:18:27.226+0000][gc,heap     ] GC(400) Humongous regions: 151->151
[2025-12-24T18:18:27.226+0000][gc,metaspace] GC(400) Metaspace: 15940K(16384K)->15940K(16384K) NonClass: 14199K(14400K)->14199K(14400K) Class: 1740K(1984K)->1740K(1984K)
[2025-12-24T18:18:27.226+0000][gc          ] GC(400) Pause Young (Normal) (G1 Evacuation Pause) 901M->296M(1024M) 18.781ms
[2025-12-24T18:18:27.226+0000][gc,cpu      ] GC(400) User=0.11s Sys=0.01s Real=0.02s
[2025-12-24T18:18:57.558+0000][gc,start    ] GC(401) Pause Young (Normal) (G1 Evacuation Pause)
[2025-12-24T18:18:57.559+0000][gc,task     ] GC(401) Using 8 workers of 8 for evacuation
[2025-12-24T18:18:57.578+0000][gc,phases   ] GC(401)   Pre Evacuate Collection Set: 1.3ms
[2025-12-24T18:18:57.578+0000][gc,phases   ] GC(401)   Merge Heap Roots: 0.4ms
[2025-12-24T18:18:57.578+0000][gc,phases   ] GC(401)   Evacuate Collection Set: 12.6ms
[2025-12-24T18:18:57.578+0000][gc,phases   ] GC(401)   Post Evacuate Collection Set: 3.8ms
[2025-12-24T18:18:57.578+0000][gc,phases   ] GC(401)   Other: 0.6ms
[2025-12-24T18:18:57.578+0000][gc,heap     ] GC(401) Eden regions: 606->0(605)
[2025-12-24T18:18:57.578+0000][gc,heap     ] GC(401) Survivor regions: 8->9(77)
[2025-12-24T18:18:57.578+0000][gc,heap     ] GC(401) Old regions: 138->139
[2025-12-24T18:18:57.578+0000][gc,heap     ] GC(401) Humongous regions: 151->151
[2025-12-24T18:18:57.578+0000][gc,metaspace] GC(401) Metaspace: 15940K(16384K)->15940K(16384K) NonClass: 14199K(14400K)->14199K(14400K) Class: 1740K(1984K)->1740K(1984K)
[2025-12-24T18:18:57.578+0000][gc          ] GC(401) Pause Young (Normal) (G1 Evacuation Pause) 902M->297M(1024M) 20.064ms
[2025-12-24T18:18:57.579+0000][gc,cpu      ] GC(401) User=0.11s Sys=0.01s Real=0.02s
[2025-12-24T18:19:27.593+0000][gc,start    ] GC(402) Pause Young (Normal) (G1 Evacuation Pause)
[2025-12-24T18:19:27.593+0000][gc,task     ] GC(402) Using 8 workers of 8 for evacuation
[2025-12-24T18:19:27.604+0000][gc,phases   ] GC(402)   Pre Evacuate Collection Set: 1.1ms
[2025-12-24T18:19:27.604+0000][gc,phases   ] GC(402)   Merge Heap Roots: 0.3ms
[2025-12-24T18:19:27.604+0000][gc,phases   ] GC(402)   Evacuate Collection Set: 8.3ms
[2025-12-24T18:19:27.604+0000][gc,phases   ] GC(402)   Post Evacuate Collection Set: 1.0ms
[2025-12-24T18:19:27.604+0000][gc,phases   ] GC(402)   Other: 0.4ms
[2025-12-24T18:19:27.604+0000][gc,heap     ] GC(402) Eden regions: 605->0(603)
[2025-12-24T18:19:27.604+0000][gc,heap     ] GC(402) Survivor regions: 9->11(77)
[2025-12-24T18:19:27.605+0000][gc,heap     ] GC(402) Old regions: 139->139
[2025-12-24T18:19:27.605+0000][gc,heap     ] GC(402) Humongous regions: 151->151
[2025-12-24T18:19:27.605+0000][gc,metaspace] GC(402) Metaspace: 15940K(16384K)->15940K(16384K) NonClass: 14199K(14400K)->14199K(14400K) Class: 1740K(1984K)->1740K(1984K)
[2025-12-24T18:19:27.605+0000][gc          ] GC(402) Pause Young (Normal) (G1 Evacuation Pause) 902M->300M(1024M) 12.162ms
[2025-12-24T18:19:27.605+0000][gc,cpu      ] GC(402) User=0.07s Sys=0.00s Real=0.02s
[2025-12-24T18:20:00.858+0000][gc,start    ] GC(403) Pause Young (Normal) (G1 Evacuation Pause)
[2025-12-24T18:20:00.858+0000][gc,task     ] GC(403) Using 8 workers of 8 for evacuation
[2025-12-24T18:20:00.892+0000][gc,phases   ] GC(403)   Pre Evacuate Collection Set: 2.5ms
[2025-12-24T18:20:00.892+0000][gc,phases   ] GC(403)   Merge Heap Roots: 0.8ms
[2025-12-24T18:20:00.892+0000][gc,phases   ] GC(403)   Evacuate Collection Set: 27.9ms
[2025-12-24T18:20:00.892+0000][gc,phases   ] GC(403)   Post Evacuate Collection Set: 1.8ms
[2025-12-24T18:20:00.892+0000][gc,phases   ] GC(403)   Other: 0.6ms
[2025-12-24T18:20:00.892+0000][gc,heap     ] GC(403) Eden regions: 603->0(608)
[2025-12-24T18:20:00.892+0000][gc,heap     ] GC(403) Survivor regions: 11->6(77)
[2025-12-24T18:20:00.893+0000][gc,heap     ] GC(403) Old regions: 139->139
[2025-12-24T18:20:00.893+0000][gc,heap     ] GC(403) Humongous regions: 151->151
[2025-12-24T18:20:00.893+0000][gc,metaspace] GC(403) Metaspace: 15940K(16384K)->15940K(16384K) NonClass: 14199K(14400K)->14199K(14400K) Class: 1740K(1984K)->1740K(1984K)
[2025-12-24T18:20:00.893+0000][gc          ] GC(403) Pause Young (Normal) (G1 Evacuation Pause) 903M->295M(1024M) 35.296ms
[2025-12-24T18:20:00.893+0000][gc,cpu      ] GC(403) User=0.23s Sys=0.00s Real=0.03s
[2025-12-24T18:20:37.341+0000][gc,start    ] GC(404) Pause Young (Normal) (G1 Evacuation Pause)
[2025-12-24T18:20:37.342+0000][gc,task     ] GC(404) Using 8 workers of 8 for evacuation
[2025-12-24T18:20:37.357+0000][gc,phases   ] GC(404)   Pre Evacuate Collection Set: 1.1ms
[2025-12-24T18:20:37.357+0000][gc,phases   ] GC(404)   Merge Heap Roots: 0.4ms
[2025-12-24T18:20:37.358+0000][gc,phases   ] GC(404)   Evacuate Collection Set: 12.7ms
[2025-12-24T18:20:37.358+0000][gc,phases   ] GC(404)   Post Evacuate Collection Set: 1.2ms
[2025-12-24T18:20:37.358+0000][gc,phases   ] GC(404)   Other: 0.3ms
[2025-12-24T18:20:37.358+0000][gc,heap     ] GC(404) Eden regions: 608->0(607)
[2025-12-24T18:20:37.358+0000][gc,heap     ] GC(404) Survivor regions: 6->7(77)
[2025-12-24T18:20:37.358+0000][gc,heap     ] GC(404) Old regions: 139->140
[2025-12-24T18:20:37.358+0000][gc,heap     ] GC(404) Humongous regions: 151->151
[2025-12-24T18:20:37.358+0000][gc,metaspace] GC(404) Metaspace: 15940K(16384K)->15940K(16384K) NonClass: 14199K(14400K)->14199K(14400K) Class: 1740K(1984K)->1740K(1984K)
[2025-12-24T18:20:37.359+0000][gc          ] GC(404) Pause Young (Normal) (G1 Evacuation Pause) 903M->297M(1024M) 18.155ms
[2025-12-24T18:20:37.359+0000][gc,cpu      ] GC(404) User=0.09s Sys=0.01s Real=0.02s
[2025-12-24T18:21:07.523+0000][gc,start    ] GC(405) Pause Young (Normal) (G1 Evacuation Pause)
[2025-12-24T18:21:07.524+0000][gc,task     ] GC(405) Using 8 workers of 8 for evacuation
[2025-12-24T18:21:07.539+0000][gc,phases   ] GC(405)   Pre Evacuate Collection Set: 1.1ms
[2025-12-24T18:21:07.539+0000][gc,phases   ] GC(405)   Merge Heap Roots: 0.3ms
[2025-12-24T18:21:07.539+0000][gc,phases   ] GC(405)   Evacuate Collection Set: 12.1ms
[2025-12-24T18:21:07.539+0000][gc,phases   ] GC(405)   Post Evacuate Collection Set: 1.0ms
[2025-12-24T18:21:07.539+0000][gc,phases   ] GC(405)   Other: 0.3ms
[2025-12-24T18:21:07.539+0000][gc,heap     ] GC(405) Eden regions: 607->0(605)
[2025-12-24T18:21:07.539+0000][gc,heap     ] GC(405) Survivor regions: 7->9(77)
[2025-12-24T18:21:07.539+0000][gc,heap     ] GC(405) Old regions: 140->140
[2025-12-24T18:21:07.539+0000][gc,heap     ] GC(405) Humongous regions: 151->151
[2025-12-24T18:21:07.539+0000][gc,metaspace] GC(405) Metaspace: 15940K(16384K)->15940K(16384K) NonClass: 14199K(14400K)->14199K(14400K) Class: 1740K(1984K)->1740K(1984K)
[2025-12-24T18:21:07.539+0000][gc          ] GC(405) Pause Young (Normal) (G1 Evacuation Pause) 904M->299M(1024M) 15.875ms
[2025-12-24T18:21:07.539+0000][gc,cpu      ] GC(405) User=0.10s Sys=0.00s Real=0.01s
[2025-12-24T18:21:37.706+0000][gc,start    ] GC(406) Pause Young (Normal) (G1 Evacuation Pause)
[2025-12-24T18:21:37.707+0000][gc,task     ] GC(406) Using 8 workers of 8 for evacuation
[2025-12-24T18:21:37.725+0000][gc,phases   ] GC(406)   Pre Evacuate Collection Set: 1.1ms
[2025-12-24T18:21:37.725+0000][gc,phases   ] GC(406)   Merge Heap Roots: 0.3ms
[2025-12-24T18:21:37.725+0000][gc,phases   ] GC(406)   Evacuate Collection Set: 11.1ms
[2025-12-24T18:21:37.725+0000][gc,phases   ] GC(406)   Post Evacuate Collection Set: 4.7ms
[2025-12-24T18:21:37.725+0000][gc,phases   ] GC(406)   Other: 0.7ms
[2025-12-24T18:21:37.725+0000][gc,heap     ] GC(406) Eden regions: 605->0(604)
[2025-12-24T18:21:37.725+0000][gc,heap     ] GC(406) Survivor regions: 9->10(77)
[2025-12-24T18:21:37.725+0000][gc,heap     ] GC(406) Old regions: 140->140
[2025-12-24T18:21:37.725+0000][gc,heap     ] GC(406) Humongous regions: 151->151
[2025-12-24T18:21:37.725+0000][gc,metaspace] GC(406) Metaspace: 15940K(16384K)->15940K(16384K) NonClass: 14199K(14400K)->14199K(14400K) Class: 1740K(1984K)->1740K(1984K)
[2025-12-24T18:21:37.725+0000][gc          ] GC(406) Pause Young (Normal) (G1 Evacuation Pause) 904M->300M(1024M) 19.388ms
[2025-12-24T18:21:37.726+0000][gc,cpu      ] GC(406) User=0.10s Sys=0.00s Real=0.02s
[2025-12-24T18:22:17.295+0000][gc,start    ] GC(407) Pause Young (Normal) (G1 Evacuation Pause)
[2025-12-24T18:22:17.296+0000][gc,task     ] GC(407) Using 8 workers of 8 for evacuation
[2025-12-24T18:22:17.315+0000][gc,phases   ] GC(407)   Pre Evacuate Collection Set: 1.2ms
[2025-12-24T18:22:17.315+0000][gc,phases   ] GC(407)   Merge Heap Roots: 0.4ms
[2025-12-24T18:22:17.315+0000][gc,phases   ] GC(407)   Evacuate Collection Set: 15.6ms
[2025-12-24T18:22:17.315+0000][gc,phases   ] GC(407)   Post Evacuate Collection Set: 1.2ms
[2025-12-24T18:22:17.315+0000][gc,phases   ] GC(407)   Other: 0.7ms
[2025-12-24T18:22:17.315+0000][gc,heap     ] GC(407) Eden regions: 604->0(604)
[2025-12-24T18:22:17.315+0000][gc,heap     ] GC(407) Survivor regions: 10->10(77)
[2025-12-24T18:22:17.315+0000][gc,heap     ] GC(407) Old regions: 140->141
[2025-12-24T18:22:17.316+0000][gc,heap     ] GC(407) Humongous regions: 151->151
[2025-12-24T18:22:17.316+0000][gc,metaspace] GC(407) Metaspace: 15940K(16384K)->15940K(16384K) NonClass: 14199K(14400K)->14199K(14400K) Class: 1740K(1984K)->1740K(1984K)
[2025-12-24T18:22:17.316+0000][gc          ] GC(407) Pause Young (Normal) (G1 Evacuation Pause) 904M->300M(1024M) 20.709ms
[2025-12-24T18:22:17.316+0000][gc,cpu      ] GC(407) User=0.13s Sys=0.01s Real=0.02s
[2025-12-24T18:22:47.475+0000][gc,start    ] GC(408) Pause Young (Normal) (G1 Evacuation Pause)
[2025-12-24T18:22:47.476+0000][gc,task     ] GC(408) Using 8 workers of 8 for evacuation
[2025-12-24T18:22:47.489+0000][gc,phases   ] GC(408)   Pre Evacuate Collection Set: 1.2ms
[2025-12-24T18:22:47.490+0000][gc,phases   ] GC(408)   Merge Heap Roots: 0.4ms
[2025-12-24T18:22:47.490+0000][gc,phases   ] GC(408)   Evacuate Collection Set: 10.7ms
[2025-12-24T18:22:47.490+0000][gc,phases   ] GC(408)   Post Evacuate Collection Set: 1.0ms
[2025-12-24T18:22:47.490+0000][gc,phases   ] GC(408)   Other: 0.2ms
[2025-12-24T18:22:47.490+0000][gc,heap     ] GC(408) Eden regions: 604->0(606)
[2025-12-24T18:22:47.490+0000][gc,heap     ] GC(408) Survivor regions: 10->8(77)
[2025-12-24T18:22:47.490+0000][gc,heap     ] GC(408) Old regions: 141->141
[2025-12-24T18:22:47.490+0000][gc,heap     ] GC(408) Humongous regions: 151->151
[2025-12-24T18:22:47.490+0000][gc,metaspace] GC(408) Metaspace: 15940K(16384K)->15940K(16384K) NonClass: 14199K(14400K)->14199K(14400K) Class: 1740K(1984K)->1740K(1984K)
[2025-12-24T18:22:47.490+0000][gc          ] GC(408) Pause Young (Normal) (G1 Evacuation Pause) 904M->298M(1024M) 14.683ms
[2025-12-24T18:22:47.490+0000][gc,cpu      ] GC(408) User=0.09s Sys=0.01s Real=0.01s
[2025-12-24T18:23:17.767+0000][gc,start    ] GC(409) Pause Young (Normal) (G1 Evacuation Pause)
[2025-12-24T18:23:17.768+0000][gc,task     ] GC(409) Using 8 workers of 8 for evacuation
[2025-12-24T18:23:17.781+0000][gc,phases   ] GC(409)   Pre Evacuate Collection Set: 1.1ms
[2025-12-24T18:23:17.781+0000][gc,phases   ] GC(409)   Merge Heap Roots: 0.4ms
[2025-12-24T18:23:17.781+0000][gc,phases   ] GC(409)   Evacuate Collection Set: 10.4ms
[2025-12-24T18:23:17.781+0000][gc,phases   ] GC(409)   Post Evacuate Collection Set: 1.3ms
[2025-12-24T18:23:17.781+0000][gc,phases   ] GC(409)   Other: 0.4ms
[2025-12-24T18:23:17.782+0000][gc,heap     ] GC(409) Eden regions: 606->0(605)
[2025-12-24T18:23:17.782+0000][gc,heap     ] GC(409) Survivor regions: 8->9(77)
[2025-12-24T18:23:17.782+0000][gc,heap     ] GC(409) Old regions: 141->141
[2025-12-24T18:23:17.782+0000][gc,heap     ] GC(409) Humongous regions: 151->151
[2025-12-24T18:23:17.782+0000][gc,metaspace] GC(409) Metaspace: 15940K(16384K)->15940K(16384K) NonClass: 14199K(14400K)->14199K(14400K) Class: 1740K(1984K)->1740K(1984K)
[2025-12-24T18:23:17.782+0000][gc          ] GC(409) Pause Young (Normal) (G1 Evacuation Pause) 904M->300M(1024M) 14.882ms
[2025-12-24T18:23:17.782+0000][gc,cpu      ] GC(409) User=0.09s Sys=0.00s Real=0.02s
[2025-12-24T18:23:57.241+0000][gc,start    ] GC(410) Pause Young (Normal) (G1 Evacuation Pause)
[2025-12-24T18:23:57.242+0000][gc,task     ] GC(410) Using 8 workers of 8 for evacuation
[2025-12-24T18:23:57.259+0000][gc,phases   ] GC(410)   Pre Evacuate Collection Set: 4.1ms
[2025-12-24T18:23:57.259+0000][gc,phases   ] GC(410)   Merge Heap Roots: 0.8ms
[2025-12-24T18:23:57.259+0000][gc,phases   ] GC(410)   Evacuate Collection Set: 10.3ms
[2025-12-24T18:23:57.259+0000][gc,phases   ] GC(410)   Post Evacuate Collection Set: 1.2ms
[2025-12-24T18:23:57.259+0000][gc,phases   ] GC(410)   Other: 0.8ms
[2025-12-24T18:23:57.259+0000][gc,heap     ] GC(410) Eden regions: 605->0(606)
[2025-12-24T18:23:57.259+0000][gc,heap     ] GC(410) Survivor regions: 9->8(77)
[2025-12-24T18:23:57.259+0000][gc,heap     ] GC(410) Old regions: 141->142
[2025-12-24T18:23:57.259+0000][gc,heap     ] GC(410) Humongous regions: 151->151
[2025-12-24T18:23:57.259+0000][gc,metaspace] GC(410) Metaspace: 15940K(16384K)->15940K(16384K) NonClass: 14199K(14400K)->14199K(14400K) Class: 1740K(1984K)->1740K(1984K)
[2025-12-24T18:23:57.259+0000][gc          ] GC(410) Pause Young (Normal) (G1 Evacuation Pause) 905M->300M(1024M) 18.550ms
[2025-12-24T18:23:57.259+0000][gc,cpu      ] GC(410) User=0.11s Sys=0.00s Real=0.02s
[2025-12-24T18:24:27.417+0000][gc,start    ] GC(411) Pause Young (Normal) (G1 Evacuation Pause)
[2025-12-24T18:24:27.418+0000][gc,task     ] GC(411) Using 8 workers of 8 for evacuation
[2025-12-24T18:24:27.443+0000][gc,phases   ] GC(411)   Pre Evacuate Collection Set: 7.0ms
[2025-12-24T18:24:27.443+0000][gc,phases   ] GC(411)   Merge Heap Roots: 2.4ms
[2025-12-24T18:24:27.443+0000][gc,phases   ] GC(411)   Evacuate Collection Set: 13.8ms
[2025-12-24T18:24:27.443+0000][gc,phases   ] GC(411)   Post Evacuate Collection Set: 1.7ms
[2025-12-24T18:24:27.443+0000][gc,phases   ] GC(411)   Other: 0.6ms
[2025-12-24T18:24:27.443+0000][gc,heap     ] GC(411) Eden regions: 606->0(605)
[2025-12-24T18:24:27.444+0000][gc,heap     ] GC(411) Survivor regions: 8->9(77)
[2025-12-24T18:24:27.444+0000][gc,heap     ] GC(411) Old regions: 142->142
[2025-12-24T18:24:27.444+0000][gc,heap     ] GC(411) Humongous regions: 151->151
[2025-12-24T18:24:27.444+0000][gc,metaspace] GC(411) Metaspace: 15940K(16384K)->15940K(16384K) NonClass: 14199K(14400K)->14199K(14400K) Class: 1740K(1984K)->1740K(1984K)
[2025-12-24T18:24:27.444+0000][gc          ] GC(411) Pause Young (Normal) (G1 Evacuation Pause) 906M->301M(1024M) 26.872ms
[2025-12-24T18:24:27.444+0000][gc,cpu      ] GC(411) User=0.17s Sys=0.01s Real=0.03s
[2025-12-24T18:24:57.780+0000][gc,start    ] GC(412) Pause Young (Normal) (G1 Evacuation Pause)
[2025-12-24T18:24:57.782+0000][gc,task     ] GC(412) Using 8 workers of 8 for evacuation
[2025-12-24T18:24:57.895+0000][gc,phases   ] GC(412)   Pre Evacuate Collection Set: 5.8ms
[2025-12-24T18:24:57.897+0000][gc,phases   ] GC(412)   Merge Heap Roots: 1.3ms
[2025-12-24T18:24:57.898+0000][gc,phases   ] GC(412)   Evacuate Collection Set: 23.8ms
[2025-12-24T18:24:57.898+0000][gc,phases   ] GC(412)   Post Evacuate Collection Set: 75.8ms
[2025-12-24T18:24:57.898+0000][gc,phases   ] GC(412)   Other: 4.8ms
[2025-12-24T18:24:57.898+0000][gc,heap     ] GC(412) Eden regions: 605->0(603)
[2025-12-24T18:24:57.898+0000][gc,heap     ] GC(412) Survivor regions: 9->11(77)
[2025-12-24T18:24:57.898+0000][gc,heap     ] GC(412) Old regions: 142->142
[2025-12-24T18:24:57.898+0000][gc,heap     ] GC(412) Humongous regions: 151->151
[2025-12-24T18:24:57.899+0000][gc,metaspace] GC(412) Metaspace: 15940K(16384K)->15940K(16384K) NonClass: 14199K(14400K)->14199K(14400K) Class: 1740K(1984K)->1740K(1984K)
[2025-12-24T18:24:57.899+0000][gc          ] GC(412) Pause Young (Normal) (G1 Evacuation Pause) 906M->303M(1024M) 119.294ms
[2025-12-24T18:24:57.900+0000][gc,cpu      ] GC(412) User=0.36s Sys=0.03s Real=0.12s
[2025-12-24T18:25:37.197+0000][gc,start    ] GC(413) Pause Young (Normal) (G1 Evacuation Pause)
[2025-12-24T18:25:37.198+0000][gc,task     ] GC(413) Using 8 workers of 8 for evacuation
[2025-12-24T18:25:37.209+0000][gc,phases   ] GC(413)   Pre Evacuate Collection Set: 1.3ms
[2025-12-24T18:25:37.209+0000][gc,phases   ] GC(413)   Merge Heap Roots: 0.5ms
[2025-12-24T18:25:37.209+0000][gc,phases   ] GC(413)   Evacuate Collection Set: 7.7ms
[2025-12-24T18:25:37.209+0000][gc,phases   ] GC(413)   Post Evacuate Collection Set: 1.5ms
[2025-12-24T18:25:37.209+0000][gc,phases   ] GC(413)   Other: 0.4ms
[2025-12-24T18:25:37.209+0000][gc,heap     ] GC(413) Eden regions: 603->0(608)
[2025-12-24T18:25:37.210+0000][gc,heap     ] GC(413) Survivor regions: 11->6(77)
[2025-12-24T18:25:37.210+0000][gc,heap     ] GC(413) Old regions: 142->143
[2025-12-24T18:25:37.210+0000][gc,heap     ] GC(413) Humongous regions: 151->151
[2025-12-24T18:25:37.210+0000][gc,metaspace] GC(413) Metaspace: 15940K(16384K)->15940K(16384K) NonClass: 14199K(14400K)->14199K(14400K) Class: 1740K(1984K)->1740K(1984K)
[2025-12-24T18:25:37.210+0000][gc          ] GC(413) Pause Young (Normal) (G1 Evacuation Pause) 906M->299M(1024M) 12.705ms
[2025-12-24T18:25:37.210+0000][gc,cpu      ] GC(413) User=0.06s Sys=0.00s Real=0.01s
[2025-12-24T18:26:07.413+0000][gc,start    ] GC(414) Pause Young (Normal) (G1 Evacuation Pause)
[2025-12-24T18:26:07.414+0000][gc,task     ] GC(414) Using 8 workers of 8 for evacuation
[2025-12-24T18:26:07.440+0000][gc,phases   ] GC(414)   Pre Evacuate Collection Set: 6.2ms
[2025-12-24T18:26:07.440+0000][gc,phases   ] GC(414)   Merge Heap Roots: 1.2ms
[2025-12-24T18:26:07.440+0000][gc,phases   ] GC(414)   Evacuate Collection Set: 14.7ms
[2025-12-24T18:26:07.440+0000][gc,phases   ] GC(414)   Post Evacuate Collection Set: 1.5ms
[2025-12-24T18:26:07.440+0000][gc,phases   ] GC(414)   Other: 1.7ms
[2025-12-24T18:26:07.440+0000][gc,heap     ] GC(414) Eden regions: 608->0(606)
[2025-12-24T18:26:07.440+0000][gc,heap     ] GC(414) Survivor regions: 6->8(77)
[2025-12-24T18:26:07.440+0000][gc,heap     ] GC(414) Old regions: 143->143
[2025-12-24T18:26:07.440+0000][gc,heap     ] GC(414) Humongous regions: 151->151
[2025-12-24T18:26:07.440+0000][gc,metaspace] GC(414) Metaspace: 15940K(16384K)->15940K(16384K) NonClass: 14199K(14400K)->14199K(14400K) Class: 1740K(1984K)->1740K(1984K)
[2025-12-24T18:26:07.440+0000][gc          ] GC(414) Pause Young (Normal) (G1 Evacuation Pause) 907M->301M(1024M) 26.692ms
[2025-12-24T18:26:07.440+0000][gc,cpu      ] GC(414) User=0.13s Sys=0.00s Real=0.02s
[2025-12-24T18:26:37.627+0000][gc,start    ] GC(415) Pause Young (Normal) (G1 Evacuation Pause)
[2025-12-24T18:26:37.629+0000][gc,task     ] GC(415) Using 8 workers of 8 for evacuation
[2025-12-24T18:26:37.648+0000][gc,phases   ] GC(415)   Pre Evacuate Collection Set: 3.9ms
[2025-12-24T18:26:37.648+0000][gc,phases   ] GC(415)   Merge Heap Roots: 0.5ms
[2025-12-24T18:26:37.648+0000][gc,phases   ] GC(415)   Evacuate Collection Set: 12.6ms
[2025-12-24T18:26:37.648+0000][gc,phases   ] GC(415)   Post Evacuate Collection Set: 1.4ms
[2025-12-24T18:26:37.648+0000][gc,phases   ] GC(415)   Other: 1.5ms
[2025-12-24T18:26:37.648+0000][gc,heap     ] GC(415) Eden regions: 606->0(605)
[2025-12-24T18:26:37.648+0000][gc,heap     ] GC(415) Survivor regions: 8->9(77)
[2025-12-24T18:26:37.648+0000][gc,heap     ] GC(415) Old regions: 143->143
[2025-12-24T18:26:37.648+0000][gc,heap     ] GC(415) Humongous regions: 151->151
[2025-12-24T18:26:37.648+0000][gc,metaspace] GC(415) Metaspace: 15940K(16384K)->15940K(16384K) NonClass: 14199K(14400K)->14199K(14400K) Class: 1740K(1984K)->1740K(1984K)
[2025-12-24T18:26:37.648+0000][gc          ] GC(415) Pause Young (Normal) (G1 Evacuation Pause) 907M->302M(1024M) 21.075ms
[2025-12-24T18:26:37.648+0000][gc,cpu      ] GC(415) User=0.09s Sys=0.00s Real=0.02s
[2025-12-24T18:27:17.148+0000][gc,start    ] GC(416) Pause Young (Normal) (G1 Evacuation Pause)
[2025-12-24T18:27:17.149+0000][gc,task     ] GC(416) Using 8 workers of 8 for evacuation
[2025-12-24T18:27:17.165+0000][gc,phases   ] GC(416)   Pre Evacuate Collection Set: 1.7ms
[2025-12-24T18:27:17.165+0000][gc,phases   ] GC(416)   Merge Heap Roots: 0.5ms
[2025-12-24T18:27:17.165+0000][gc,phases   ] GC(416)   Evacuate Collection Set: 11.8ms
[2025-12-24T18:27:17.165+0000][gc,phases   ] GC(416)   Post Evacuate Collection Set: 1.4ms
[2025-12-24T18:27:17.166+0000][gc,phases   ] GC(416)   Other: 0.8ms
[2025-12-24T18:27:17.166+0000][gc,heap     ] GC(416) Eden regions: 605->0(606)
[2025-12-24T18:27:17.166+0000][gc,heap     ] GC(416) Survivor regions: 9->8(77)
[2025-12-24T18:27:17.166+0000][gc,heap     ] GC(416) Old regions: 143->144
[2025-12-24T18:27:17.166+0000][gc,heap     ] GC(416) Humongous regions: 151->151
[2025-12-24T18:27:17.166+0000][gc,metaspace] GC(416) Metaspace: 15940K(16384K)->15940K(16384K) NonClass: 14199K(14400K)->14199K(14400K) Class: 1740K(1984K)->1740K(1984K)
[2025-12-24T18:27:17.166+0000][gc          ] GC(416) Pause Young (Normal) (G1 Evacuation Pause) 907M->302M(1024M) 17.590ms
[2025-12-24T18:27:17.166+0000][gc,cpu      ] GC(416) User=0.10s Sys=0.00s Real=0.01s
[2025-12-24T18:27:47.371+0000][gc,start    ] GC(417) Pause Young (Normal) (G1 Evacuation Pause)
[2025-12-24T18:27:47.372+0000][gc,task     ] GC(417) Using 8 workers of 8 for evacuation
[2025-12-24T18:27:47.390+0000][gc,phases   ] GC(417)   Pre Evacuate Collection Set: 1.1ms
[2025-12-24T18:27:47.390+0000][gc,phases   ] GC(417)   Merge Heap Roots: 0.5ms
[2025-12-24T18:27:47.390+0000][gc,phases   ] GC(417)   Evacuate Collection Set: 14.8ms
[2025-12-24T18:27:47.390+0000][gc,phases   ] GC(417)   Post Evacuate Collection Set: 1.2ms
[2025-12-24T18:27:47.390+0000][gc,phases   ] GC(417)   Other: 0.3ms
[2025-12-24T18:27:47.390+0000][gc,heap     ] GC(417) Eden regions: 606->0(604)
[2025-12-24T18:27:47.390+0000][gc,heap     ] GC(417) Survivor regions: 8->10(77)
[2025-12-24T18:27:47.390+0000][gc,heap     ] GC(417) Old regions: 144->144
[2025-12-24T18:27:47.390+0000][gc,heap     ] GC(417) Humongous regions: 151->151
[2025-12-24T18:27:47.390+0000][gc,metaspace] GC(417) Metaspace: 15940K(16384K)->15940K(16384K) NonClass: 14199K(14400K)->14199K(14400K) Class: 1740K(1984K)->1740K(1984K)
[2025-12-24T18:27:47.390+0000][gc          ] GC(417) Pause Young (Normal) (G1 Evacuation Pause) 908M->303M(1024M) 19.054ms
[2025-12-24T18:27:47.391+0000][gc,cpu      ] GC(417) User=0.12s Sys=0.00s Real=0.02s
[2025-12-24T18:28:17.525+0000][gc,start    ] GC(418) Pause Young (Normal) (G1 Evacuation Pause)
[2025-12-24T18:28:17.525+0000][gc,task     ] GC(418) Using 8 workers of 8 for evacuation
[2025-12-24T18:28:17.542+0000][gc,phases   ] GC(418)   Pre Evacuate Collection Set: 4.2ms
[2025-12-24T18:28:17.542+0000][gc,phases   ] GC(418)   Merge Heap Roots: 0.5ms
[2025-12-24T18:28:17.542+0000][gc,phases   ] GC(418)   Evacuate Collection Set: 7.6ms
[2025-12-24T18:28:17.542+0000][gc,phases   ] GC(418)   Post Evacuate Collection Set: 4.2ms
[2025-12-24T18:28:17.542+0000][gc,phases   ] GC(418)   Other: 0.4ms
[2025-12-24T18:28:17.543+0000][gc,heap     ] GC(418) Eden regions: 604->0(606)
[2025-12-24T18:28:17.543+0000][gc,heap     ] GC(418) Survivor regions: 10->8(77)
[2025-12-24T18:28:17.543+0000][gc,heap     ] GC(418) Old regions: 144->144
[2025-12-24T18:28:17.543+0000][gc,heap     ] GC(418) Humongous regions: 151->151
[2025-12-24T18:28:17.543+0000][gc,metaspace] GC(418) Metaspace: 15940K(16384K)->15940K(16384K) NonClass: 14199K(14400K)->14199K(14400K) Class: 1740K(1984K)->1740K(1984K)
[2025-12-24T18:28:17.543+0000][gc          ] GC(418) Pause Young (Normal) (G1 Evacuation Pause) 907M->302M(1024M) 18.326ms
[2025-12-24T18:28:17.543+0000][gc,cpu      ] GC(418) User=0.09s Sys=0.01s Real=0.02s
[2025-12-24T18:28:47.716+0000][gc,start    ] GC(419) Pause Young (Normal) (G1 Evacuation Pause)
[2025-12-24T18:28:47.717+0000][gc,task     ] GC(419) Using 8 workers of 8 for evacuation
[2025-12-24T18:28:47.734+0000][gc,phases   ] GC(419)   Pre Evacuate Collection Set: 3.5ms
[2025-12-24T18:28:47.734+0000][gc,phases   ] GC(419)   Merge Heap Roots: 0.4ms
[2025-12-24T18:28:47.734+0000][gc,phases   ] GC(419)   Evacuate Collection Set: 11.7ms
[2025-12-24T18:28:47.735+0000][gc,phases   ] GC(419)   Post Evacuate Collection Set: 1.3ms
[2025-12-24T18:28:47.735+0000][gc,phases   ] GC(419)   Other: 0.8ms
[2025-12-24T18:28:47.735+0000][gc,heap     ] GC(419) Eden regions: 606->0(608)
[2025-12-24T18:28:47.735+0000][gc,heap     ] GC(419) Survivor regions: 8->6(77)
[2025-12-24T18:28:47.735+0000][gc,heap     ] GC(419) Old regions: 144->145
[2025-12-24T18:28:47.735+0000][gc,heap     ] GC(419) Humongous regions: 151->151
[2025-12-24T18:28:47.735+0000][gc,metaspace] GC(419) Metaspace: 15940K(16384K)->15940K(16384K) NonClass: 14199K(14400K)->14199K(14400K) Class: 1740K(1984K)->1740K(1984K)
[2025-12-24T18:28:47.735+0000][gc          ] GC(419) Pause Young (Normal) (G1 Evacuation Pause) 908M->301M(1024M) 18.977ms
[2025-12-24T18:28:47.735+0000][gc,cpu      ] GC(419) User=0.08s Sys=0.00s Real=0.02s
[2025-12-24T18:29:27.382+0000][gc,start    ] GC(420) Pause Young (Normal) (G1 Evacuation Pause)
[2025-12-24T18:29:27.383+0000][gc,task     ] GC(420) Using 8 workers of 8 for evacuation
[2025-12-24T18:29:27.409+0000][gc,phases   ] GC(420)   Pre Evacuate Collection Set: 1.7ms
[2025-12-24T18:29:27.413+0000][gc,phases   ] GC(420)   Merge Heap Roots: 0.6ms
[2025-12-24T18:29:27.414+0000][gc,phases   ] GC(420)   Evacuate Collection Set: 21.8ms
[2025-12-24T18:29:27.414+0000][gc,phases   ] GC(420)   Post Evacuate Collection Set: 1.5ms
[2025-12-24T18:29:27.414+0000][gc,phases   ] GC(420)   Other: 0.6ms
[2025-12-24T18:29:27.414+0000][gc,heap     ] GC(420) Eden regions: 608->0(606)
[2025-12-24T18:29:27.414+0000][gc,heap     ] GC(420) Survivor regions: 6->8(77)
[2025-12-24T18:29:27.414+0000][gc,heap     ] GC(420) Old regions: 145->145
[2025-12-24T18:29:27.414+0000][gc,heap     ] GC(420) Humongous regions: 151->151
[2025-12-24T18:29:27.414+0000][gc,metaspace] GC(420) Metaspace: 15940K(16384K)->15940K(16384K) NonClass: 14199K(14400K)->14199K(14400K) Class: 1740K(1984K)->1740K(1984K)
[2025-12-24T18:29:27.414+0000][gc          ] GC(420) Pause Young (Normal) (G1 Evacuation Pause) 909M->303M(1024M) 32.354ms
[2025-12-24T18:29:27.414+0000][gc,cpu      ] GC(420) User=0.18s Sys=0.00s Real=0.03s
[2025-12-24T18:29:57.732+0000][gc,start    ] GC(421) Pause Young (Normal) (G1 Evacuation Pause)
[2025-12-24T18:29:57.733+0000][gc,task     ] GC(421) Using 8 workers of 8 for evacuation
[2025-12-24T18:29:57.752+0000][gc,phases   ] GC(421)   Pre Evacuate Collection Set: 1.8ms
[2025-12-24T18:29:57.752+0000][gc,phases   ] GC(421)   Merge Heap Roots: 0.9ms
[2025-12-24T18:29:57.752+0000][gc,phases   ] GC(421)   Evacuate Collection Set: 14.3ms
[2025-12-24T18:29:57.752+0000][gc,phases   ] GC(421)   Post Evacuate Collection Set: 1.2ms
[2025-12-24T18:29:57.752+0000][gc,phases   ] GC(421)   Other: 0.7ms
[2025-12-24T18:29:57.752+0000][gc,heap     ] GC(421) Eden regions: 606->0(604)
[2025-12-24T18:29:57.752+0000][gc,heap     ] GC(421) Survivor regions: 8->10(77)
[2025-12-24T18:29:57.752+0000][gc,heap     ] GC(421) Old regions: 145->145
[2025-12-24T18:29:57.752+0000][gc,heap     ] GC(421) Humongous regions: 151->151
[2025-12-24T18:29:57.752+0000][gc,metaspace] GC(421) Metaspace: 15940K(16384K)->15940K(16384K) NonClass: 14199K(14400K)->14199K(14400K) Class: 1740K(1984K)->1740K(1984K)
[2025-12-24T18:29:57.753+0000][gc          ] GC(421) Pause Young (Normal) (G1 Evacuation Pause) 909M->305M(1024M) 20.105ms
[2025-12-24T18:29:57.753+0000][gc,cpu      ] GC(421) User=0.12s Sys=0.01s Real=0.02s
[2025-12-24T18:30:27.643+0000][gc,start    ] GC(422) Pause Young (Normal) (G1 Evacuation Pause)
[2025-12-24T18:30:27.643+0000][gc,task     ] GC(422) Using 8 workers of 8 for evacuation
[2025-12-24T18:30:27.657+0000][gc,phases   ] GC(422)   Pre Evacuate Collection Set: 1.1ms
[2025-12-24T18:30:27.657+0000][gc,phases   ] GC(422)   Merge Heap Roots: 0.3ms
[2025-12-24T18:30:27.657+0000][gc,phases   ] GC(422)   Evacuate Collection Set: 9.5ms
[2025-12-24T18:30:27.657+0000][gc,phases   ] GC(422)   Post Evacuate Collection Set: 2.5ms
[2025-12-24T18:30:27.657+0000][gc,phases   ] GC(422)   Other: 0.4ms
[2025-12-24T18:30:27.657+0000][gc,heap     ] GC(422) Eden regions: 604->0(603)
[2025-12-24T18:30:27.657+0000][gc,heap     ] GC(422) Survivor regions: 10->11(77)
[2025-12-24T18:30:27.657+0000][gc,heap     ] GC(422) Old regions: 145->146
[2025-12-24T18:30:27.657+0000][gc,heap     ] GC(422) Humongous regions: 151->151
[2025-12-24T18:30:27.657+0000][gc,metaspace] GC(422) Metaspace: 15940K(16384K)->15940K(16384K) NonClass: 14199K(14400K)->14199K(14400K) Class: 1740K(1984K)->1740K(1984K)
[2025-12-24T18:30:27.658+0000][gc          ] GC(422) Pause Young (Normal) (G1 Evacuation Pause) 909M->307M(1024M) 14.889ms
[2025-12-24T18:30:27.658+0000][gc,cpu      ] GC(422) User=0.09s Sys=0.00s Real=0.02s
[2025-12-24T18:31:07.267+0000][gc,start    ] GC(423) Pause Young (Normal) (G1 Evacuation Pause)
[2025-12-24T18:31:07.268+0000][gc,task     ] GC(423) Using 8 workers of 8 for evacuation
[2025-12-24T18:31:07.287+0000][gc,phases   ] GC(423)   Pre Evacuate Collection Set: 1.8ms
[2025-12-24T18:31:07.287+0000][gc,phases   ] GC(423)   Merge Heap Roots: 2.1ms
[2025-12-24T18:31:07.287+0000][gc,phases   ] GC(423)   Evacuate Collection Set: 12.7ms
[2025-12-24T18:31:07.287+0000][gc,phases   ] GC(423)   Post Evacuate Collection Set: 1.4ms
[2025-12-24T18:31:07.287+0000][gc,phases   ] GC(423)   Other: 0.8ms
[2025-12-24T18:31:07.288+0000][gc,heap     ] GC(423) Eden regions: 603->0(607)
[2025-12-24T18:31:07.288+0000][gc,heap     ] GC(423) Survivor regions: 11->7(77)
[2025-12-24T18:31:07.288+0000][gc,heap     ] GC(423) Old regions: 146->146
[2025-12-24T18:31:07.288+0000][gc,heap     ] GC(423) Humongous regions: 151->151
[2025-12-24T18:31:07.288+0000][gc,metaspace] GC(423) Metaspace: 15940K(16384K)->15940K(16384K) NonClass: 14199K(14400K)->14199K(14400K) Class: 1740K(1984K)->1740K(1984K)
[2025-12-24T18:31:07.288+0000][gc          ] GC(423) Pause Young (Normal) (G1 Evacuation Pause) 910M->303M(1024M) 20.478ms
[2025-12-24T18:31:07.288+0000][gc,cpu      ] GC(423) User=0.12s Sys=0.00s Real=0.02s
[2025-12-24T18:31:37.425+0000][gc,start    ] GC(424) Pause Young (Normal) (G1 Evacuation Pause)
[2025-12-24T18:31:37.428+0000][gc,task     ] GC(424) Using 8 workers of 8 for evacuation
[2025-12-24T18:31:37.445+0000][gc,phases   ] GC(424)   Pre Evacuate Collection Set: 1.1ms
[2025-12-24T18:31:37.445+0000][gc,phases   ] GC(424)   Merge Heap Roots: 0.5ms
[2025-12-24T18:31:37.445+0000][gc,phases   ] GC(424)   Evacuate Collection Set: 11.5ms
[2025-12-24T18:31:37.445+0000][gc,phases   ] GC(424)   Post Evacuate Collection Set: 2.4ms
[2025-12-24T18:31:37.445+0000][gc,phases   ] GC(424)   Other: 0.7ms
[2025-12-24T18:31:37.445+0000][gc,heap     ] GC(424) Eden regions: 607->0(606)
[2025-12-24T18:31:37.445+0000][gc,heap     ] GC(424) Survivor regions: 7->8(77)
[2025-12-24T18:31:37.445+0000][gc,heap     ] GC(424) Old regions: 146->146
[2025-12-24T18:31:37.445+0000][gc,heap     ] GC(424) Humongous regions: 151->151
[2025-12-24T18:31:37.445+0000][gc,metaspace] GC(424) Metaspace: 15940K(16384K)->15940K(16384K) NonClass: 14199K(14400K)->14199K(14400K) Class: 1740K(1984K)->1740K(1984K)
[2025-12-24T18:31:37.446+0000][gc          ] GC(424) Pause Young (Normal) (G1 Evacuation Pause) 910M->304M(1024M) 20.523ms
[2025-12-24T18:31:37.446+0000][gc,cpu      ] GC(424) User=0.10s Sys=0.00s Real=0.02s
[2025-12-24T18:32:07.680+0000][gc,start    ] GC(425) Pause Young (Normal) (G1 Evacuation Pause)
[2025-12-24T18:32:07.681+0000][gc,task     ] GC(425) Using 8 workers of 8 for evacuation
[2025-12-24T18:32:07.711+0000][gc,phases   ] GC(425)   Pre Evacuate Collection Set: 1.3ms
[2025-12-24T18:32:07.711+0000][gc,phases   ] GC(425)   Merge Heap Roots: 0.4ms
[2025-12-24T18:32:07.712+0000][gc,phases   ] GC(425)   Evacuate Collection Set: 26.8ms
[2025-12-24T18:32:07.712+0000][gc,phases   ] GC(425)   Post Evacuate Collection Set: 1.2ms
[2025-12-24T18:32:07.712+0000][gc,phases   ] GC(425)   Other: 0.9ms
[2025-12-24T18:32:07.712+0000][gc,heap     ] GC(425) Eden regions: 606->0(605)
[2025-12-24T18:32:07.712+0000][gc,heap     ] GC(425) Survivor regions: 8->9(77)
[2025-12-24T18:32:07.712+0000][gc,heap     ] GC(425) Old regions: 146->147
[2025-12-24T18:32:07.712+0000][gc,heap     ] GC(425) Humongous regions: 151->151
[2025-12-24T18:32:07.712+0000][gc,metaspace] GC(425) Metaspace: 15940K(16384K)->15940K(16384K) NonClass: 14199K(14400K)->14199K(14400K) Class: 1740K(1984K)->1740K(1984K)
[2025-12-24T18:32:07.712+0000][gc          ] GC(425) Pause Young (Normal) (G1 Evacuation Pause) 910M->306M(1024M) 31.971ms
[2025-12-24T18:32:07.712+0000][gc,cpu      ] GC(425) User=0.15s Sys=0.05s Real=0.03s
[2025-12-24T18:32:47.218+0000][gc,start    ] GC(426) Pause Young (Normal) (G1 Evacuation Pause)
[2025-12-24T18:32:47.219+0000][gc,task     ] GC(426) Using 8 workers of 8 for evacuation
[2025-12-24T18:32:47.238+0000][gc,phases   ] GC(426)   Pre Evacuate Collection Set: 1.3ms
[2025-12-24T18:32:47.238+0000][gc,phases   ] GC(426)   Merge Heap Roots: 0.5ms
[2025-12-24T18:32:47.238+0000][gc,phases   ] GC(426)   Evacuate Collection Set: 12.3ms
[2025-12-24T18:32:47.238+0000][gc,phases   ] GC(426)   Post Evacuate Collection Set: 4.5ms
[2025-12-24T18:32:47.238+0000][gc,phases   ] GC(426)   Other: 0.5ms
[2025-12-24T18:32:47.238+0000][gc,heap     ] GC(426) Eden regions: 605->0(605)
[2025-12-24T18:32:47.238+0000][gc,heap     ] GC(426) Survivor regions: 9->9(77)
[2025-12-24T18:32:47.238+0000][gc,heap     ] GC(426) Old regions: 147->147
[2025-12-24T18:32:47.238+0000][gc,heap     ] GC(426) Humongous regions: 151->151
[2025-12-24T18:32:47.238+0000][gc,metaspace] GC(426) Metaspace: 15941K(16384K)->15941K(16384K) NonClass: 14200K(14400K)->14200K(14400K) Class: 1740K(1984K)->1740K(1984K)
[2025-12-24T18:32:47.238+0000][gc          ] GC(426) Pause Young (Normal) (G1 Evacuation Pause) 911M->305M(1024M) 20.530ms
[2025-12-24T18:32:47.238+0000][gc,cpu      ] GC(426) User=0.11s Sys=0.01s Real=0.02s
[2025-12-24T18:33:17.366+0000][gc,start    ] GC(427) Pause Young (Normal) (G1 Evacuation Pause)
[2025-12-24T18:33:17.368+0000][gc,task     ] GC(427) Using 8 workers of 8 for evacuation
[2025-12-24T18:33:17.389+0000][gc,phases   ] GC(427)   Pre Evacuate Collection Set: 1.1ms
[2025-12-24T18:33:17.389+0000][gc,phases   ] GC(427)   Merge Heap Roots: 0.4ms
[2025-12-24T18:33:17.389+0000][gc,phases   ] GC(427)   Evacuate Collection Set: 18.3ms
[2025-12-24T18:33:17.389+0000][gc,phases   ] GC(427)   Post Evacuate Collection Set: 1.4ms
[2025-12-24T18:33:17.389+0000][gc,phases   ] GC(427)   Other: 0.3ms
[2025-12-24T18:33:17.390+0000][gc,heap     ] GC(427) Eden regions: 605->0(604)
[2025-12-24T18:33:17.390+0000][gc,heap     ] GC(427) Survivor regions: 9->10(77)
[2025-12-24T18:33:17.390+0000][gc,heap     ] GC(427) Old regions: 147->147
[2025-12-24T18:33:17.390+0000][gc,heap     ] GC(427) Humongous regions: 151->151
[2025-12-24T18:33:17.390+0000][gc,metaspace] GC(427) Metaspace: 15941K(16384K)->15941K(16384K) NonClass: 14200K(14400K)->14200K(14400K) Class: 1740K(1984K)->1740K(1984K)
[2025-12-24T18:33:17.390+0000][gc          ] GC(427) Pause Young (Normal) (G1 Evacuation Pause) 910M->307M(1024M) 23.587ms
[2025-12-24T18:33:17.390+0000][gc,cpu      ] GC(427) User=0.16s Sys=0.00s Real=0.02s
[2025-12-24T18:33:47.614+0000][gc,start    ] GC(428) Pause Young (Normal) (G1 Evacuation Pause)
[2025-12-24T18:33:47.615+0000][gc,task     ] GC(428) Using 8 workers of 8 for evacuation
[2025-12-24T18:33:47.631+0000][gc,phases   ] GC(428)   Pre Evacuate Collection Set: 2.7ms
[2025-12-24T18:33:47.631+0000][gc,phases   ] GC(428)   Merge Heap Roots: 0.4ms
[2025-12-24T18:33:47.631+0000][gc,phases   ] GC(428)   Evacuate Collection Set: 10.8ms
[2025-12-24T18:33:47.631+0000][gc,phases   ] GC(428)   Post Evacuate Collection Set: 1.4ms
[2025-12-24T18:33:47.631+0000][gc,phases   ] GC(428)   Other: 1.0ms
[2025-12-24T18:33:47.631+0000][gc,heap     ] GC(428) Eden regions: 604->0(606)
[2025-12-24T18:33:47.631+0000][gc,heap     ] GC(428) Survivor regions: 10->8(77)
[2025-12-24T18:33:47.631+0000][gc,heap     ] GC(428) Old regions: 147->148
[2025-12-24T18:33:47.631+0000][gc,heap     ] GC(428) Humongous regions: 151->151
[2025-12-24T18:33:47.631+0000][gc,metaspace] GC(428) Metaspace: 15941K(16384K)->15941K(16384K) NonClass: 14200K(14400K)->14200K(14400K) Class: 1740K(1984K)->1740K(1984K)
[2025-12-24T18:33:47.631+0000][gc          ] GC(428) Pause Young (Normal) (G1 Evacuation Pause) 911M->305M(1024M) 17.197ms
[2025-12-24T18:33:47.631+0000][gc,cpu      ] GC(428) User=0.10s Sys=0.00s Real=0.02s
[2025-12-24T18:34:27.166+0000][gc,start    ] GC(429) Pause Young (Normal) (G1 Evacuation Pause)
[2025-12-24T18:34:27.167+0000][gc,task     ] GC(429) Using 8 workers of 8 for evacuation
[2025-12-24T18:34:27.190+0000][gc,phases   ] GC(429)   Pre Evacuate Collection Set: 1.1ms
[2025-12-24T18:34:27.190+0000][gc,phases   ] GC(429)   Merge Heap Roots: 0.4ms
[2025-12-24T18:34:27.190+0000][gc,phases   ] GC(429)   Evacuate Collection Set: 19.8ms
[2025-12-24T18:34:27.190+0000][gc,phases   ] GC(429)   Post Evacuate Collection Set: 1.2ms
[2025-12-24T18:34:27.190+0000][gc,phases   ] GC(429)   Other: 0.7ms
[2025-12-24T18:34:27.190+0000][gc,heap     ] GC(429) Eden regions: 606->0(607)
[2025-12-24T18:34:27.191+0000][gc,heap     ] GC(429) Survivor regions: 8->7(77)
[2025-12-24T18:34:27.191+0000][gc,heap     ] GC(429) Old regions: 148->148
[2025-12-24T18:34:27.191+0000][gc,heap     ] GC(429) Humongous regions: 151->151
[2025-12-24T18:34:27.191+0000][gc,metaspace] GC(429) Metaspace: 15941K(16384K)->15941K(16384K) NonClass: 14200K(14400K)->14200K(14400K) Class: 1740K(1984K)->1740K(1984K)
[2025-12-24T18:34:27.191+0000][gc          ] GC(429) Pause Young (Normal) (G1 Evacuation Pause) 911M->305M(1024M) 24.858ms
[2025-12-24T18:34:27.191+0000][gc,cpu      ] GC(429) User=0.15s Sys=0.00s Real=0.03s
[2025-12-24T18:34:57.353+0000][gc,start    ] GC(430) Pause Young (Normal) (G1 Evacuation Pause)
[2025-12-24T18:34:57.354+0000][gc,task     ] GC(430) Using 8 workers of 8 for evacuation
[2025-12-24T18:34:57.376+0000][gc,phases   ] GC(430)   Pre Evacuate Collection Set: 1.1ms
[2025-12-24T18:34:57.376+0000][gc,phases   ] GC(430)   Merge Heap Roots: 0.5ms
[2025-12-24T18:34:57.376+0000][gc,phases   ] GC(430)   Evacuate Collection Set: 18.8ms
[2025-12-24T18:34:57.376+0000][gc,phases   ] GC(430)   Post Evacuate Collection Set: 1.3ms
[2025-12-24T18:34:57.376+0000][gc,phases   ] GC(430)   Other: 0.5ms
[2025-12-24T18:34:57.376+0000][gc,heap     ] GC(430) Eden regions: 607->0(606)
[2025-12-24T18:34:57.376+0000][gc,heap     ] GC(430) Survivor regions: 7->8(77)
[2025-12-24T18:34:57.377+0000][gc,heap     ] GC(430) Old regions: 148->148
[2025-12-24T18:34:57.377+0000][gc,heap     ] GC(430) Humongous regions: 151->151
[2025-12-24T18:34:57.377+0000][gc,metaspace] GC(430) Metaspace: 15941K(16384K)->15941K(16384K) NonClass: 14200K(14400K)->14200K(14400K) Class: 1740K(1984K)->1740K(1984K)
[2025-12-24T18:34:57.377+0000][gc          ] GC(430) Pause Young (Normal) (G1 Evacuation Pause) 912M->306M(1024M) 23.639ms
[2025-12-24T18:34:57.377+0000][gc,cpu      ] GC(430) User=0.16s Sys=0.00s Real=0.02s
[2025-12-24T18:35:27.569+0000][gc,start    ] GC(431) Pause Young (Normal) (G1 Evacuation Pause)
[2025-12-24T18:35:27.570+0000][gc,task     ] GC(431) Using 8 workers of 8 for evacuation
[2025-12-24T18:35:27.589+0000][gc,phases   ] GC(431)   Pre Evacuate Collection Set: 1.2ms
[2025-12-24T18:35:27.589+0000][gc,phases   ] GC(431)   Merge Heap Roots: 0.4ms
[2025-12-24T18:35:27.589+0000][gc,phases   ] GC(431)   Evacuate Collection Set: 14.8ms
[2025-12-24T18:35:27.589+0000][gc,phases   ] GC(431)   Post Evacuate Collection Set: 2.7ms
[2025-12-24T18:35:27.589+0000][gc,phases   ] GC(431)   Other: 0.3ms
[2025-12-24T18:35:27.589+0000][gc,heap     ] GC(431) Eden regions: 606->0(604)
[2025-12-24T18:35:27.589+0000][gc,heap     ] GC(431) Survivor regions: 8->10(77)
[2025-12-24T18:35:27.589+0000][gc,heap     ] GC(431) Old regions: 148->149
[2025-12-24T18:35:27.590+0000][gc,heap     ] GC(431) Humongous regions: 151->151
[2025-12-24T18:35:27.590+0000][gc,metaspace] GC(431) Metaspace: 15941K(16384K)->15941K(16384K) NonClass: 14200K(14400K)->14200K(14400K) Class: 1740K(1984K)->1740K(1984K)
[2025-12-24T18:35:27.590+0000][gc          ] GC(431) Pause Young (Normal) (G1 Evacuation Pause) 912M->309M(1024M) 20.587ms
[2025-12-24T18:35:27.590+0000][gc,cpu      ] GC(431) User=0.14s Sys=0.00s Real=0.02s
[2025-12-24T18:36:07.106+0000][gc,start    ] GC(432) Pause Young (Normal) (G1 Evacuation Pause)
[2025-12-24T18:36:07.107+0000][gc,task     ] GC(432) Using 8 workers of 8 for evacuation
[2025-12-24T18:36:07.134+0000][gc,phases   ] GC(432)   Pre Evacuate Collection Set: 3.1ms
[2025-12-24T18:36:07.134+0000][gc,phases   ] GC(432)   Merge Heap Roots: 2.7ms
[2025-12-24T18:36:07.134+0000][gc,phases   ] GC(432)   Evacuate Collection Set: 18.3ms
[2025-12-24T18:36:07.135+0000][gc,phases   ] GC(432)   Post Evacuate Collection Set: 2.1ms
[2025-12-24T18:36:07.135+0000][gc,phases   ] GC(432)   Other: 1.0ms
[2025-12-24T18:36:07.135+0000][gc,heap     ] GC(432) Eden regions: 604->0(605)
[2025-12-24T18:36:07.135+0000][gc,heap     ] GC(432) Survivor regions: 10->9(77)
[2025-12-24T18:36:07.135+0000][gc,heap     ] GC(432) Old regions: 149->149
[2025-12-24T18:36:07.135+0000][gc,heap     ] GC(432) Humongous regions: 151->151
[2025-12-24T18:36:07.135+0000][gc,metaspace] GC(432) Metaspace: 15957K(16384K)->15957K(16384K) NonClass: 14216K(14400K)->14216K(14400K) Class: 1741K(1984K)->1741K(1984K)
[2025-12-24T18:36:07.135+0000][gc          ] GC(432) Pause Young (Normal) (G1 Evacuation Pause) 913M->308M(1024M) 29.223ms
[2025-12-24T18:36:07.135+0000][gc,cpu      ] GC(432) User=0.18s Sys=0.00s Real=0.03s
[2025-12-24T18:36:37.309+0000][gc,start    ] GC(433) Pause Young (Normal) (G1 Evacuation Pause)
[2025-12-24T18:36:37.309+0000][gc,task     ] GC(433) Using 8 workers of 8 for evacuation
[2025-12-24T18:36:37.335+0000][gc,phases   ] GC(433)   Pre Evacuate Collection Set: 4.9ms
[2025-12-24T18:36:37.335+0000][gc,phases   ] GC(433)   Merge Heap Roots: 3.0ms
[2025-12-24T18:36:37.335+0000][gc,phases   ] GC(433)   Evacuate Collection Set: 15.0ms
[2025-12-24T18:36:37.335+0000][gc,phases   ] GC(433)   Post Evacuate Collection Set: 2.1ms
[2025-12-24T18:36:37.335+0000][gc,phases   ] GC(433)   Other: 0.7ms
[2025-12-24T18:36:37.335+0000][gc,heap     ] GC(433) Eden regions: 605->0(607)
[2025-12-24T18:36:37.335+0000][gc,heap     ] GC(433) Survivor regions: 9->7(77)
[2025-12-24T18:36:37.335+0000][gc,heap     ] GC(433) Old regions: 149->150
[2025-12-24T18:36:37.335+0000][gc,heap     ] GC(433) Humongous regions: 151->151
[2025-12-24T18:36:37.335+0000][gc,metaspace] GC(433) Metaspace: 15959K(16384K)->15959K(16384K) NonClass: 14217K(14400K)->14217K(14400K) Class: 1741K(1984K)->1741K(1984K)
[2025-12-24T18:36:37.336+0000][gc          ] GC(433) Pause Young (Normal) (G1 Evacuation Pause) 913M->306M(1024M) 26.952ms
[2025-12-24T18:36:37.336+0000][gc,cpu      ] GC(433) User=0.14s Sys=0.00s Real=0.03s
[2025-12-24T18:37:07.481+0000][gc,start    ] GC(434) Pause Young (Normal) (G1 Evacuation Pause)
[2025-12-24T18:37:07.482+0000][gc,task     ] GC(434) Using 8 workers of 8 for evacuation
[2025-12-24T18:37:07.501+0000][gc,phases   ] GC(434)   Pre Evacuate Collection Set: 1.0ms
[2025-12-24T18:37:07.501+0000][gc,phases   ] GC(434)   Merge Heap Roots: 0.4ms
[2025-12-24T18:37:07.501+0000][gc,phases   ] GC(434)   Evacuate Collection Set: 15.9ms
[2025-12-24T18:37:07.501+0000][gc,phases   ] GC(434)   Post Evacuate Collection Set: 1.4ms
[2025-12-24T18:37:07.501+0000][gc,phases   ] GC(434)   Other: 0.6ms
[2025-12-24T18:37:07.501+0000][gc,heap     ] GC(434) Eden regions: 607->0(605)
[2025-12-24T18:37:07.501+0000][gc,heap     ] GC(434) Survivor regions: 7->9(77)
[2025-12-24T18:37:07.502+0000][gc,heap     ] GC(434) Old regions: 150->150
[2025-12-24T18:37:07.502+0000][gc,heap     ] GC(434) Humongous regions: 151->151
[2025-12-24T18:37:07.502+0000][gc,metaspace] GC(434) Metaspace: 15959K(16384K)->15959K(16384K) NonClass: 14217K(14400K)->14217K(14400K) Class: 1741K(1984K)->1741K(1984K)
[2025-12-24T18:37:07.502+0000][gc          ] GC(434) Pause Young (Normal) (G1 Evacuation Pause) 913M->308M(1024M) 20.537ms
[2025-12-24T18:37:07.502+0000][gc,cpu      ] GC(434) User=0.12s Sys=0.00s Real=0.02s
[2025-12-24T18:37:37.667+0000][gc,start    ] GC(435) Pause Young (Normal) (G1 Evacuation Pause)
[2025-12-24T18:37:37.668+0000][gc,task     ] GC(435) Using 8 workers of 8 for evacuation
[2025-12-24T18:37:37.681+0000][gc,phases   ] GC(435)   Pre Evacuate Collection Set: 1.2ms
[2025-12-24T18:37:37.681+0000][gc,phases   ] GC(435)   Merge Heap Roots: 0.3ms
[2025-12-24T18:37:37.681+0000][gc,phases   ] GC(435)   Evacuate Collection Set: 10.2ms
[2025-12-24T18:37:37.681+0000][gc,phases   ] GC(435)   Post Evacuate Collection Set: 1.1ms
[2025-12-24T18:37:37.681+0000][gc,phases   ] GC(435)   Other: 0.3ms
[2025-12-24T18:37:37.681+0000][gc,heap     ] GC(435) Eden regions: 605->0(605)
[2025-12-24T18:37:37.681+0000][gc,heap     ] GC(435) Survivor regions: 9->9(77)
[2025-12-24T18:37:37.681+0000][gc,heap     ] GC(435) Old regions: 150->150
[2025-12-24T18:37:37.681+0000][gc,heap     ] GC(435) Humongous regions: 151->151
[2025-12-24T18:37:37.681+0000][gc,metaspace] GC(435) Metaspace: 15959K(16384K)->15959K(16384K) NonClass: 14217K(14400K)->14217K(14400K) Class: 1741K(1984K)->1741K(1984K)
[2025-12-24T18:37:37.681+0000][gc          ] GC(435) Pause Young (Normal) (G1 Evacuation Pause) 913M->309M(1024M) 14.300ms
[2025-12-24T18:37:37.681+0000][gc,cpu      ] GC(435) User=0.09s Sys=0.01s Real=0.02s
[2025-12-24T18:38:17.321+0000][gc,start    ] GC(436) Pause Young (Normal) (G1 Evacuation Pause)
[2025-12-24T18:38:17.321+0000][gc,task     ] GC(436) Using 8 workers of 8 for evacuation
[2025-12-24T18:38:17.352+0000][gc,phases   ] GC(436)   Pre Evacuate Collection Set: 2.0ms
[2025-12-24T18:38:17.352+0000][gc,phases   ] GC(436)   Merge Heap Roots: 0.5ms
[2025-12-24T18:38:17.353+0000][gc,phases   ] GC(436)   Evacuate Collection Set: 25.4ms
[2025-12-24T18:38:17.353+0000][gc,phases   ] GC(436)   Post Evacuate Collection Set: 2.4ms
[2025-12-24T18:38:17.353+0000][gc,phases   ] GC(436)   Other: 0.6ms
[2025-12-24T18:38:17.353+0000][gc,heap     ] GC(436) Eden regions: 605->0(605)
[2025-12-24T18:38:17.353+0000][gc,heap     ] GC(436) Survivor regions: 9->9(77)
[2025-12-24T18:38:17.353+0000][gc,heap     ] GC(436) Old regions: 150->151
[2025-12-24T18:38:17.353+0000][gc,heap     ] GC(436) Humongous regions: 151->151
[2025-12-24T18:38:17.353+0000][gc,metaspace] GC(436) Metaspace: 15959K(16384K)->15959K(16384K) NonClass: 14217K(14400K)->14217K(14400K) Class: 1741K(1984K)->1741K(1984K)
[2025-12-24T18:38:17.353+0000][gc          ] GC(436) Pause Young (Normal) (G1 Evacuation Pause) 914M->309M(1024M) 32.283ms
[2025-12-24T18:38:17.353+0000][gc,cpu      ] GC(436) User=0.19s Sys=0.01s Real=0.03s
[2025-12-24T18:38:47.459+0000][gc,start    ] GC(437) Pause Young (Normal) (G1 Evacuation Pause)
[2025-12-24T18:38:47.459+0000][gc,task     ] GC(437) Using 8 workers of 8 for evacuation
[2025-12-24T18:38:47.486+0000][gc,phases   ] GC(437)   Pre Evacuate Collection Set: 1.2ms
[2025-12-24T18:38:47.490+0000][gc,phases   ] GC(437)   Merge Heap Roots: 0.4ms
[2025-12-24T18:38:47.490+0000][gc,phases   ] GC(437)   Evacuate Collection Set: 23.7ms
[2025-12-24T18:38:47.490+0000][gc,phases   ] GC(437)   Post Evacuate Collection Set: 1.3ms
[2025-12-24T18:38:47.490+0000][gc,phases   ] GC(437)   Other: 0.4ms
[2025-12-24T18:38:47.490+0000][gc,heap     ] GC(437) Eden regions: 605->0(604)
[2025-12-24T18:38:47.490+0000][gc,heap     ] GC(437) Survivor regions: 9->10(77)
[2025-12-24T18:38:47.490+0000][gc,heap     ] GC(437) Old regions: 151->151
[2025-12-24T18:38:47.490+0000][gc,heap     ] GC(437) Humongous regions: 151->151
[2025-12-24T18:38:47.490+0000][gc,metaspace] GC(437) Metaspace: 15959K(16384K)->15959K(16384K) NonClass: 14217K(14400K)->14217K(14400K) Class: 1741K(1984K)->1741K(1984K)
[2025-12-24T18:38:47.490+0000][gc          ] GC(437) Pause Young (Normal) (G1 Evacuation Pause) 914M->310M(1024M) 31.680ms
[2025-12-24T18:38:47.495+0000][gc,cpu      ] GC(437) User=0.17s Sys=0.00s Real=0.04s
[2025-12-24T18:39:17.778+0000][gc,start    ] GC(438) Pause Young (Normal) (G1 Evacuation Pause)
[2025-12-24T18:39:17.778+0000][gc,task     ] GC(438) Using 8 workers of 8 for evacuation
[2025-12-24T18:39:17.815+0000][gc,phases   ] GC(438)   Pre Evacuate Collection Set: 1.3ms
[2025-12-24T18:39:17.816+0000][gc,phases   ] GC(438)   Merge Heap Roots: 0.4ms
[2025-12-24T18:39:17.816+0000][gc,phases   ] GC(438)   Evacuate Collection Set: 34.0ms
[2025-12-24T18:39:17.816+0000][gc,phases   ] GC(438)   Post Evacuate Collection Set: 1.2ms
[2025-12-24T18:39:17.816+0000][gc,phases   ] GC(438)   Other: 0.3ms
[2025-12-24T18:39:17.816+0000][gc,heap     ] GC(438) Eden regions: 604->0(600)
[2025-12-24T18:39:17.816+0000][gc,heap     ] GC(438) Survivor regions: 10->14(77)
[2025-12-24T18:39:17.816+0000][gc,heap     ] GC(438) Old regions: 151->151
[2025-12-24T18:39:17.816+0000][gc,heap     ] GC(438) Humongous regions: 151->151
[2025-12-24T18:39:17.816+0000][gc,metaspace] GC(438) Metaspace: 15974K(16384K)->15974K(16384K) NonClass: 14228K(14400K)->14228K(14400K) Class: 1746K(1984K)->1746K(1984K)
[2025-12-24T18:39:17.816+0000][gc          ] GC(438) Pause Young (Normal) (G1 Evacuation Pause) 914M->315M(1024M) 38.425ms
[2025-12-24T18:39:17.816+0000][gc,cpu      ] GC(438) User=0.28s Sys=0.01s Real=0.04s
[2025-12-24T18:39:57.190+0000][gc,start    ] GC(439) Pause Young (Normal) (G1 Evacuation Pause)
[2025-12-24T18:39:57.192+0000][gc,task     ] GC(439) Using 8 workers of 8 for evacuation
[2025-12-24T18:39:57.225+0000][gc,phases   ] GC(439)   Pre Evacuate Collection Set: 1.2ms
[2025-12-24T18:39:57.226+0000][gc,phases   ] GC(439)   Merge Heap Roots: 0.4ms
[2025-12-24T18:39:57.226+0000][gc,phases   ] GC(439)   Evacuate Collection Set: 30.2ms
[2025-12-24T18:39:57.226+0000][gc,phases   ] GC(439)   Post Evacuate Collection Set: 1.4ms
[2025-12-24T18:39:57.226+0000][gc,phases   ] GC(439)   Other: 0.3ms
[2025-12-24T18:39:57.226+0000][gc,heap     ] GC(439) Eden regions: 600->0(605)
[2025-12-24T18:39:57.226+0000][gc,heap     ] GC(439) Survivor regions: 14->9(77)
[2025-12-24T18:39:57.226+0000][gc,heap     ] GC(439) Old regions: 151->152
[2025-12-24T18:39:57.226+0000][gc,heap     ] GC(439) Humongous regions: 151->151
[2025-12-24T18:39:57.226+0000][gc,metaspace] GC(439) Metaspace: 15974K(16384K)->15974K(16384K) NonClass: 14228K(14400K)->14228K(14400K) Class: 1746K(1984K)->1746K(1984K)
[2025-12-24T18:39:57.226+0000][gc          ] GC(439) Pause Young (Normal) (G1 Evacuation Pause) 915M->310M(1024M) 35.602ms
[2025-12-24T18:39:57.226+0000][gc,cpu      ] GC(439) User=0.22s Sys=0.00s Real=0.03s
[2025-12-24T18:40:27.375+0000][gc,start    ] GC(440) Pause Young (Normal) (G1 Evacuation Pause)
[2025-12-24T18:40:27.375+0000][gc,task     ] GC(440) Using 8 workers of 8 for evacuation
[2025-12-24T18:40:27.403+0000][gc,phases   ] GC(440)   Pre Evacuate Collection Set: 1.1ms
[2025-12-24T18:40:27.403+0000][gc,phases   ] GC(440)   Merge Heap Roots: 0.4ms
[2025-12-24T18:40:27.403+0000][gc,phases   ] GC(440)   Evacuate Collection Set: 24.0ms
[2025-12-24T18:40:27.404+0000][gc,phases   ] GC(440)   Post Evacuate Collection Set: 2.4ms
[2025-12-24T18:40:27.404+0000][gc,phases   ] GC(440)   Other: 0.3ms
[2025-12-24T18:40:27.404+0000][gc,heap     ] GC(440) Eden regions: 605->0(603)
[2025-12-24T18:40:27.404+0000][gc,heap     ] GC(440) Survivor regions: 9->11(77)
[2025-12-24T18:40:27.404+0000][gc,heap     ] GC(440) Old regions: 152->152
[2025-12-24T18:40:27.404+0000][gc,heap     ] GC(440) Humongous regions: 151->151
[2025-12-24T18:40:27.404+0000][gc,metaspace] GC(440) Metaspace: 15974K(16384K)->15974K(16384K) NonClass: 14228K(14400K)->14228K(14400K) Class: 1746K(1984K)->1746K(1984K)
[2025-12-24T18:40:27.404+0000][gc          ] GC(440) Pause Young (Normal) (G1 Evacuation Pause) 915M->312M(1024M) 29.684ms
[2025-12-24T18:40:27.404+0000][gc,cpu      ] GC(440) User=0.19s Sys=0.00s Real=0.03s
[2025-12-24T18:40:57.551+0000][gc,start    ] GC(441) Pause Young (Normal) (G1 Evacuation Pause)
[2025-12-24T18:40:57.552+0000][gc,task     ] GC(441) Using 8 workers of 8 for evacuation
[2025-12-24T18:40:57.573+0000][gc,phases   ] GC(441)   Pre Evacuate Collection Set: 1.2ms
[2025-12-24T18:40:57.573+0000][gc,phases   ] GC(441)   Merge Heap Roots: 0.5ms
[2025-12-24T18:40:57.573+0000][gc,phases   ] GC(441)   Evacuate Collection Set: 18.0ms
[2025-12-24T18:40:57.573+0000][gc,phases   ] GC(441)   Post Evacuate Collection Set: 1.2ms
[2025-12-24T18:40:57.573+0000][gc,phases   ] GC(441)   Other: 0.4ms
[2025-12-24T18:40:57.573+0000][gc,heap     ] GC(441) Eden regions: 603->0(602)
[2025-12-24T18:40:57.574+0000][gc,heap     ] GC(441) Survivor regions: 11->12(77)
[2025-12-24T18:40:57.574+0000][gc,heap     ] GC(441) Old regions: 152->152
[2025-12-24T18:40:57.574+0000][gc,heap     ] GC(441) Humongous regions: 151->151
[2025-12-24T18:40:57.574+0000][gc,metaspace] GC(441) Metaspace: 15974K(16384K)->15974K(16384K) NonClass: 14228K(14400K)->14228K(14400K) Class: 1746K(1984K)->1746K(1984K)
[2025-12-24T18:40:57.574+0000][gc          ] GC(441) Pause Young (Normal) (G1 Evacuation Pause) 915M->314M(1024M) 22.832ms
[2025-12-24T18:40:57.574+0000][gc,cpu      ] GC(441) User=0.15s Sys=0.00s Real=0.02s
[2025-12-24T18:41:37.107+0000][gc,start    ] GC(442) Pause Young (Normal) (G1 Evacuation Pause)
[2025-12-24T18:41:37.107+0000][gc,task     ] GC(442) Using 8 workers of 8 for evacuation
[2025-12-24T18:41:37.146+0000][gc,phases   ] GC(442)   Pre Evacuate Collection Set: 1.4ms
[2025-12-24T18:41:37.146+0000][gc,phases   ] GC(442)   Merge Heap Roots: 0.5ms
[2025-12-24T18:41:37.146+0000][gc,phases   ] GC(442)   Evacuate Collection Set: 31.3ms
[2025-12-24T18:41:37.146+0000][gc,phases   ] GC(442)   Post Evacuate Collection Set: 4.3ms
[2025-12-24T18:41:37.146+0000][gc,phases   ] GC(442)   Other: 0.7ms
[2025-12-24T18:41:37.146+0000][gc,heap     ] GC(442) Eden regions: 602->0(604)
[2025-12-24T18:41:37.146+0000][gc,heap     ] GC(442) Survivor regions: 12->10(77)
[2025-12-24T18:41:37.146+0000][gc,heap     ] GC(442) Old regions: 152->153
[2025-12-24T18:41:37.146+0000][gc,heap     ] GC(442) Humongous regions: 151->151
[2025-12-24T18:41:37.146+0000][gc,metaspace] GC(442) Metaspace: 15975K(16384K)->15975K(16384K) NonClass: 14229K(14400K)->14229K(14400K) Class: 1746K(1984K)->1746K(1984K)
[2025-12-24T18:41:37.146+0000][gc          ] GC(442) Pause Young (Normal) (G1 Evacuation Pause) 916M->313M(1024M) 39.754ms
[2025-12-24T18:41:37.146+0000][gc,cpu      ] GC(442) User=0.24s Sys=0.02s Real=0.04s
[2025-12-24T18:42:07.278+0000][gc,start    ] GC(443) Pause Young (Normal) (G1 Evacuation Pause)
[2025-12-24T18:42:07.279+0000][gc,task     ] GC(443) Using 8 workers of 8 for evacuation
[2025-12-24T18:42:07.311+0000][gc,phases   ] GC(443)   Pre Evacuate Collection Set: 1.2ms
[2025-12-24T18:42:07.311+0000][gc,phases   ] GC(443)   Merge Heap Roots: 0.5ms
[2025-12-24T18:42:07.311+0000][gc,phases   ] GC(443)   Evacuate Collection Set: 28.5ms
[2025-12-24T18:42:07.311+0000][gc,phases   ] GC(443)   Post Evacuate Collection Set: 1.3ms
[2025-12-24T18:42:07.311+0000][gc,phases   ] GC(443)   Other: 0.5ms
[2025-12-24T18:42:07.311+0000][gc,heap     ] GC(443) Eden regions: 604->0(602)
[2025-12-24T18:42:07.311+0000][gc,heap     ] GC(443) Survivor regions: 10->12(77)
[2025-12-24T18:42:07.311+0000][gc,heap     ] GC(443) Old regions: 153->153
[2025-12-24T18:42:07.311+0000][gc,heap     ] GC(443) Humongous regions: 151->151
[2025-12-24T18:42:07.311+0000][gc,metaspace] GC(443) Metaspace: 15975K(16384K)->15975K(16384K) NonClass: 14229K(14400K)->14229K(14400K) Class: 1746K(1984K)->1746K(1984K)
[2025-12-24T18:42:07.311+0000][gc          ] GC(443) Pause Young (Normal) (G1 Evacuation Pause) 917M->314M(1024M) 33.525ms
[2025-12-24T18:42:07.312+0000][gc,cpu      ] GC(443) User=0.23s Sys=0.01s Real=0.04s
[2025-12-24T18:42:37.470+0000][gc,start    ] GC(444) Pause Young (Normal) (G1 Evacuation Pause)
[2025-12-24T18:42:37.471+0000][gc,task     ] GC(444) Using 8 workers of 8 for evacuation
[2025-12-24T18:42:37.498+0000][gc,phases   ] GC(444)   Pre Evacuate Collection Set: 1.1ms
[2025-12-24T18:42:37.499+0000][gc,phases   ] GC(444)   Merge Heap Roots: 0.5ms
[2025-12-24T18:42:37.499+0000][gc,phases   ] GC(444)   Evacuate Collection Set: 24.1ms
[2025-12-24T18:42:37.499+0000][gc,phases   ] GC(444)   Post Evacuate Collection Set: 1.2ms
[2025-12-24T18:42:37.499+0000][gc,phases   ] GC(444)   Other: 0.3ms
[2025-12-24T18:42:37.499+0000][gc,heap     ] GC(444) Eden regions: 602->0(605)
[2025-12-24T18:42:37.499+0000][gc,heap     ] GC(444) Survivor regions: 12->9(77)
[2025-12-24T18:42:37.499+0000][gc,heap     ] GC(444) Old regions: 153->153
[2025-12-24T18:42:37.499+0000][gc,heap     ] GC(444) Humongous regions: 151->151
[2025-12-24T18:42:37.499+0000][gc,metaspace] GC(444) Metaspace: 15975K(16384K)->15975K(16384K) NonClass: 14229K(14400K)->14229K(14400K) Class: 1746K(1984K)->1746K(1984K)
[2025-12-24T18:42:37.499+0000][gc          ] GC(444) Pause Young (Normal) (G1 Evacuation Pause) 916M->312M(1024M) 28.983ms
[2025-12-24T18:42:37.499+0000][gc,cpu      ] GC(444) User=0.20s Sys=0.00s Real=0.03s
[2025-12-24T18:43:07.585+0000][gc,start    ] GC(445) Pause Young (Normal) (G1 Evacuation Pause)
[2025-12-24T18:43:07.586+0000][gc,task     ] GC(445) Using 8 workers of 8 for evacuation
[2025-12-24T18:43:07.612+0000][gc,phases   ] GC(445)   Pre Evacuate Collection Set: 1.1ms
[2025-12-24T18:43:07.612+0000][gc,phases   ] GC(445)   Merge Heap Roots: 0.4ms
[2025-12-24T18:43:07.613+0000][gc,phases   ] GC(445)   Evacuate Collection Set: 23.6ms
[2025-12-24T18:43:07.613+0000][gc,phases   ] GC(445)   Post Evacuate Collection Set: 1.3ms
[2025-12-24T18:43:07.613+0000][gc,phases   ] GC(445)   Other: 0.4ms
[2025-12-24T18:43:07.613+0000][gc,heap     ] GC(445) Eden regions: 605->0(604)
[2025-12-24T18:43:07.613+0000][gc,heap     ] GC(445) Survivor regions: 9->10(77)
[2025-12-24T18:43:07.613+0000][gc,heap     ] GC(445) Old regions: 153->154
[2025-12-24T18:43:07.613+0000][gc,heap     ] GC(445) Humongous regions: 151->151
[2025-12-24T18:43:07.613+0000][gc,metaspace] GC(445) Metaspace: 15975K(16384K)->15975K(16384K) NonClass: 14229K(14400K)->14229K(14400K) Class: 1746K(1984K)->1746K(1984K)
[2025-12-24T18:43:07.613+0000][gc          ] GC(445) Pause Young (Normal) (G1 Evacuation Pause) 917M->313M(1024M) 28.190ms
[2025-12-24T18:43:07.613+0000][gc,cpu      ] GC(445) User=0.17s Sys=0.00s Real=0.03s
[2025-12-24T18:43:47.252+0000][gc,start    ] GC(446) Pause Young (Normal) (G1 Evacuation Pause)
[2025-12-24T18:43:47.254+0000][gc,task     ] GC(446) Using 8 workers of 8 for evacuation
[2025-12-24T18:43:47.287+0000][gc,phases   ] GC(446)   Pre Evacuate Collection Set: 3.2ms
[2025-12-24T18:43:47.287+0000][gc,phases   ] GC(446)   Merge Heap Roots: 1.1ms
[2025-12-24T18:43:47.287+0000][gc,phases   ] GC(446)   Evacuate Collection Set: 26.5ms
[2025-12-24T18:43:47.287+0000][gc,phases   ] GC(446)   Post Evacuate Collection Set: 1.5ms
[2025-12-24T18:43:47.287+0000][gc,phases   ] GC(446)   Other: 0.9ms
[2025-12-24T18:43:47.287+0000][gc,heap     ] GC(446) Eden regions: 604->0(605)
[2025-12-24T18:43:47.288+0000][gc,heap     ] GC(446) Survivor regions: 10->9(77)
[2025-12-24T18:43:47.288+0000][gc,heap     ] GC(446) Old regions: 154->154
[2025-12-24T18:43:47.288+0000][gc,heap     ] GC(446) Humongous regions: 151->151
[2025-12-24T18:43:47.288+0000][gc,metaspace] GC(446) Metaspace: 15975K(16384K)->15975K(16384K) NonClass: 14229K(14400K)->14229K(14400K) Class: 1746K(1984K)->1746K(1984K)
[2025-12-24T18:43:47.288+0000][gc          ] GC(446) Pause Young (Normal) (G1 Evacuation Pause) 917M->312M(1024M) 36.068ms
[2025-12-24T18:43:47.288+0000][gc,cpu      ] GC(446) User=0.21s Sys=0.00s Real=0.04s
[2025-12-24T18:44:17.426+0000][gc,start    ] GC(447) Pause Young (Normal) (G1 Evacuation Pause)
[2025-12-24T18:44:17.427+0000][gc,task     ] GC(447) Using 8 workers of 8 for evacuation
[2025-12-24T18:44:17.456+0000][gc,phases   ] GC(447)   Pre Evacuate Collection Set: 1.1ms
[2025-12-24T18:44:17.457+0000][gc,phases   ] GC(447)   Merge Heap Roots: 0.4ms
[2025-12-24T18:44:17.457+0000][gc,phases   ] GC(447)   Evacuate Collection Set: 26.1ms
[2025-12-24T18:44:17.457+0000][gc,phases   ] GC(447)   Post Evacuate Collection Set: 1.3ms
[2025-12-24T18:44:17.457+0000][gc,phases   ] GC(447)   Other: 0.4ms
[2025-12-24T18:44:17.457+0000][gc,heap     ] GC(447) Eden regions: 605->0(604)
[2025-12-24T18:44:17.457+0000][gc,heap     ] GC(447) Survivor regions: 9->10(77)
[2025-12-24T18:44:17.457+0000][gc,heap     ] GC(447) Old regions: 154->154
[2025-12-24T18:44:17.457+0000][gc,heap     ] GC(447) Humongous regions: 151->151
[2025-12-24T18:44:17.457+0000][gc,metaspace] GC(447) Metaspace: 15978K(16384K)->15978K(16384K) NonClass: 14232K(14400K)->14232K(14400K) Class: 1746K(1984K)->1746K(1984K)
[2025-12-24T18:44:17.457+0000][gc          ] GC(447) Pause Young (Normal) (G1 Evacuation Pause) 917M->314M(1024M) 30.697ms
[2025-12-24T18:44:17.457+0000][gc,cpu      ] GC(447) User=0.21s Sys=0.00s Real=0.03s
[2025-12-24T18:44:47.643+0000][gc,start    ] GC(448) Pause Young (Normal) (G1 Evacuation Pause)
[2025-12-24T18:44:47.644+0000][gc,task     ] GC(448) Using 8 workers of 8 for evacuation
[2025-12-24T18:44:47.728+0000][gc,phases   ] GC(448)   Pre Evacuate Collection Set: 4.5ms
[2025-12-24T18:44:47.728+0000][gc,phases   ] GC(448)   Merge Heap Roots: 0.8ms
[2025-12-24T18:44:47.728+0000][gc,phases   ] GC(448)   Evacuate Collection Set: 76.1ms
[2025-12-24T18:44:47.728+0000][gc,phases   ] GC(448)   Post Evacuate Collection Set: 1.9ms
[2025-12-24T18:44:47.728+0000][gc,phases   ] GC(448)   Other: 0.9ms
[2025-12-24T18:44:47.728+0000][gc,heap     ] GC(448) Eden regions: 604->0(602)
[2025-12-24T18:44:47.728+0000][gc,heap     ] GC(448) Survivor regions: 10->12(77)
[2025-12-24T18:44:47.728+0000][gc,heap     ] GC(448) Old regions: 154->155
[2025-12-24T18:44:47.728+0000][gc,heap     ] GC(448) Humongous regions: 151->151
[2025-12-24T18:44:47.728+0000][gc,metaspace] GC(448) Metaspace: 15978K(16384K)->15978K(16384K) NonClass: 14232K(14400K)->14232K(14400K) Class: 1746K(1984K)->1746K(1984K)
[2025-12-24T18:44:47.729+0000][gc          ] GC(448) Pause Young (Normal) (G1 Evacuation Pause) 918M->316M(1024M) 85.510ms
[2025-12-24T18:44:47.729+0000][gc,cpu      ] GC(448) User=0.61s Sys=0.01s Real=0.08s
[2025-12-24T18:45:27.260+0000][gc,start    ] GC(449) Pause Young (Normal) (G1 Evacuation Pause)
[2025-12-24T18:45:27.261+0000][gc,task     ] GC(449) Using 8 workers of 8 for evacuation
[2025-12-24T18:45:27.306+0000][gc,phases   ] GC(449)   Pre Evacuate Collection Set: 2.7ms
[2025-12-24T18:45:27.306+0000][gc,phases   ] GC(449)   Merge Heap Roots: 1.4ms
[2025-12-24T18:45:27.306+0000][gc,phases   ] GC(449)   Evacuate Collection Set: 35.2ms
[2025-12-24T18:45:27.306+0000][gc,phases   ] GC(449)   Post Evacuate Collection Set: 4.7ms
[2025-12-24T18:45:27.306+0000][gc,phases   ] GC(449)   Other: 0.9ms
[2025-12-24T18:45:27.306+0000][gc,heap     ] GC(449) Eden regions: 602->0(607)
[2025-12-24T18:45:27.306+0000][gc,heap     ] GC(449) Survivor regions: 12->7(77)
[2025-12-24T18:45:27.306+0000][gc,heap     ] GC(449) Old regions: 155->155
[2025-12-24T18:45:27.306+0000][gc,heap     ] GC(449) Humongous regions: 151->151
[2025-12-24T18:45:27.306+0000][gc,metaspace] GC(449) Metaspace: 15979K(16384K)->15979K(16384K) NonClass: 14233K(14400K)->14233K(14400K) Class: 1746K(1984K)->1746K(1984K)
[2025-12-24T18:45:27.307+0000][gc          ] GC(449) Pause Young (Normal) (G1 Evacuation Pause) 918M->311M(1024M) 46.332ms
[2025-12-24T18:45:27.307+0000][gc,cpu      ] GC(449) User=0.31s Sys=0.00s Real=0.05s
[2025-12-24T18:45:57.378+0000][gc,start    ] GC(450) Pause Young (Normal) (G1 Evacuation Pause)
[2025-12-24T18:45:57.379+0000][gc,task     ] GC(450) Using 8 workers of 8 for evacuation
[2025-12-24T18:45:57.408+0000][gc,phases   ] GC(450)   Pre Evacuate Collection Set: 1.3ms
[2025-12-24T18:45:57.408+0000][gc,phases   ] GC(450)   Merge Heap Roots: 0.5ms
[2025-12-24T18:45:57.408+0000][gc,phases   ] GC(450)   Evacuate Collection Set: 25.6ms
[2025-12-24T18:45:57.408+0000][gc,phases   ] GC(450)   Post Evacuate Collection Set: 1.1ms
[2025-12-24T18:45:57.408+0000][gc,phases   ] GC(450)   Other: 0.4ms
[2025-12-24T18:45:57.408+0000][gc,heap     ] GC(450) Eden regions: 607->0(607)
[2025-12-24T18:45:57.408+0000][gc,heap     ] GC(450) Survivor regions: 7->7(77)
[2025-12-24T18:45:57.408+0000][gc,heap     ] GC(450) Old regions: 155->155
[2025-12-24T18:45:57.408+0000][gc,heap     ] GC(450) Humongous regions: 151->151
[2025-12-24T18:45:57.408+0000][gc,metaspace] GC(450) Metaspace: 15979K(16384K)->15979K(16384K) NonClass: 14233K(14400K)->14233K(14400K) Class: 1746K(1984K)->1746K(1984K)
[2025-12-24T18:45:57.408+0000][gc          ] GC(450) Pause Young (Normal) (G1 Evacuation Pause) 918M->312M(1024M) 30.259ms
[2025-12-24T18:45:57.408+0000][gc,cpu      ] GC(450) User=0.21s Sys=0.00s Real=0.03s
[2025-12-24T18:46:27.566+0000][gc,start    ] GC(451) Pause Young (Normal) (G1 Evacuation Pause)
[2025-12-24T18:46:27.566+0000][gc,task     ] GC(451) Using 8 workers of 8 for evacuation
[2025-12-24T18:46:27.585+0000][gc,phases   ] GC(451)   Pre Evacuate Collection Set: 1.1ms
[2025-12-24T18:46:27.586+0000][gc,phases   ] GC(451)   Merge Heap Roots: 0.5ms
[2025-12-24T18:46:27.586+0000][gc,phases   ] GC(451)   Evacuate Collection Set: 15.9ms
[2025-12-24T18:46:27.586+0000][gc,phases   ] GC(451)   Post Evacuate Collection Set: 1.2ms
[2025-12-24T18:46:27.586+0000][gc,phases   ] GC(451)   Other: 0.4ms
[2025-12-24T18:46:27.586+0000][gc,heap     ] GC(451) Eden regions: 607->0(605)
[2025-12-24T18:46:27.586+0000][gc,heap     ] GC(451) Survivor regions: 7->9(77)
[2025-12-24T18:46:27.586+0000][gc,heap     ] GC(451) Old regions: 155->156
[2025-12-24T18:46:27.586+0000][gc,heap     ] GC(451) Humongous regions: 151->151
[2025-12-24T18:46:27.586+0000][gc,metaspace] GC(451) Metaspace: 15981K(16384K)->15981K(16384K) NonClass: 14234K(14400K)->14234K(14400K) Class: 1746K(1984K)->1746K(1984K)
[2025-12-24T18:46:27.586+0000][gc          ] GC(451) Pause Young (Normal) (G1 Evacuation Pause) 919M->314M(1024M) 20.497ms
[2025-12-24T18:46:27.586+0000][gc,cpu      ] GC(451) User=0.14s Sys=0.00s Real=0.02s
[2025-12-24T18:47:07.168+0000][gc,start    ] GC(452) Pause Young (Normal) (G1 Evacuation Pause)
[2025-12-24T18:47:07.169+0000][gc,task     ] GC(452) Using 8 workers of 8 for evacuation
[2025-12-24T18:47:07.206+0000][gc,phases   ] GC(452)   Pre Evacuate Collection Set: 2.6ms
[2025-12-24T18:47:07.206+0000][gc,phases   ] GC(452)   Merge Heap Roots: 0.9ms
[2025-12-24T18:47:07.206+0000][gc,phases   ] GC(452)   Evacuate Collection Set: 31.6ms
[2025-12-24T18:47:07.206+0000][gc,phases   ] GC(452)   Post Evacuate Collection Set: 1.5ms
[2025-12-24T18:47:07.206+0000][gc,phases   ] GC(452)   Other: 0.5ms
[2025-12-24T18:47:07.206+0000][gc,heap     ] GC(452) Eden regions: 605->0(607)
[2025-12-24T18:47:07.206+0000][gc,heap     ] GC(452) Survivor regions: 9->7(77)
[2025-12-24T18:47:07.206+0000][gc,heap     ] GC(452) Old regions: 156->156
[2025-12-24T18:47:07.207+0000][gc,heap     ] GC(452) Humongous regions: 151->151
[2025-12-24T18:47:07.207+0000][gc,metaspace] GC(452) Metaspace: 15982K(16384K)->15982K(16384K) NonClass: 14236K(14400K)->14236K(14400K) Class: 1746K(1984K)->1746K(1984K)
[2025-12-24T18:47:07.207+0000][gc          ] GC(452) Pause Young (Normal) (G1 Evacuation Pause) 919M->313M(1024M) 38.521ms
[2025-12-24T18:47:07.207+0000][gc,cpu      ] GC(452) User=0.25s Sys=0.01s Real=0.04s
[2025-12-24T18:47:37.334+0000][gc,start    ] GC(453) Pause Young (Normal) (G1 Evacuation Pause)
[2025-12-24T18:47:37.335+0000][gc,task     ] GC(453) Using 8 workers of 8 for evacuation
[2025-12-24T18:47:37.362+0000][gc,phases   ] GC(453)   Pre Evacuate Collection Set: 1.1ms
[2025-12-24T18:47:37.362+0000][gc,phases   ] GC(453)   Merge Heap Roots: 0.5ms
[2025-12-24T18:47:37.362+0000][gc,phases   ] GC(453)   Evacuate Collection Set: 24.1ms
[2025-12-24T18:47:37.362+0000][gc,phases   ] GC(453)   Post Evacuate Collection Set: 1.5ms
[2025-12-24T18:47:37.363+0000][gc,phases   ] GC(453)   Other: 0.4ms
[2025-12-24T18:47:37.363+0000][gc,heap     ] GC(453) Eden regions: 607->0(607)
[2025-12-24T18:47:37.363+0000][gc,heap     ] GC(453) Survivor regions: 7->7(77)
[2025-12-24T18:47:37.363+0000][gc,heap     ] GC(453) Old regions: 156->157
[2025-12-24T18:47:37.363+0000][gc,heap     ] GC(453) Humongous regions: 151->151
[2025-12-24T18:47:37.363+0000][gc,metaspace] GC(453) Metaspace: 15982K(16384K)->15982K(16384K) NonClass: 14236K(14400K)->14236K(14400K) Class: 1746K(1984K)->1746K(1984K)
[2025-12-24T18:47:37.363+0000][gc          ] GC(453) Pause Young (Normal) (G1 Evacuation Pause) 920M->314M(1024M) 29.027ms
[2025-12-24T18:47:37.363+0000][gc,cpu      ] GC(453) User=0.11s Sys=0.09s Real=0.02s
[2025-12-24T18:48:07.520+0000][gc,start    ] GC(454) Pause Young (Normal) (G1 Evacuation Pause)
[2025-12-24T18:48:07.520+0000][gc,task     ] GC(454) Using 8 workers of 8 for evacuation
[2025-12-24T18:48:07.532+0000][gc,phases   ] GC(454)   Pre Evacuate Collection Set: 1.1ms
[2025-12-24T18:48:07.532+0000][gc,phases   ] GC(454)   Merge Heap Roots: 0.3ms
[2025-12-24T18:48:07.532+0000][gc,phases   ] GC(454)   Evacuate Collection Set: 8.2ms
[2025-12-24T18:48:07.532+0000][gc,phases   ] GC(454)   Post Evacuate Collection Set: 1.5ms
[2025-12-24T18:48:07.532+0000][gc,phases   ] GC(454)   Other: 0.3ms
[2025-12-24T18:48:07.532+0000][gc,heap     ] GC(454) Eden regions: 607->0(609)
[2025-12-24T18:48:07.532+0000][gc,heap     ] GC(454) Survivor regions: 7->5(77)
[2025-12-24T18:48:07.532+0000][gc,heap     ] GC(454) Old regions: 157->158
[2025-12-24T18:48:07.532+0000][gc,heap     ] GC(454) Humongous regions: 151->151
[2025-12-24T18:48:07.532+0000][gc,metaspace] GC(454) Metaspace: 15982K(16384K)->15982K(16384K) NonClass: 14236K(14400K)->14236K(14400K) Class: 1746K(1984K)->1746K(1984K)
[2025-12-24T18:48:07.532+0000][gc          ] GC(454) Pause Young (Normal) (G1 Evacuation Pause) 921M->312M(1024M) 12.807ms
[2025-12-24T18:48:07.533+0000][gc,cpu      ] GC(454) User=0.07s Sys=0.00s Real=0.01s
[2025-12-24T18:48:47.012+0000][gc,start    ] GC(455) Pause Young (Normal) (G1 Evacuation Pause)
[2025-12-24T18:48:47.013+0000][gc,task     ] GC(455) Using 8 workers of 8 for evacuation
[2025-12-24T18:48:47.032+0000][gc,phases   ] GC(455)   Pre Evacuate Collection Set: 1.2ms
[2025-12-24T18:48:47.032+0000][gc,phases   ] GC(455)   Merge Heap Roots: 0.4ms
[2025-12-24T18:48:47.033+0000][gc,phases   ] GC(455)   Evacuate Collection Set: 12.2ms
[2025-12-24T18:48:47.033+0000][gc,phases   ] GC(455)   Post Evacuate Collection Set: 5.1ms
[2025-12-24T18:48:47.033+0000][gc,phases   ] GC(455)   Other: 0.5ms
[2025-12-24T18:48:47.033+0000][gc,heap     ] GC(455) Eden regions: 609->0(609)
[2025-12-24T18:48:47.033+0000][gc,heap     ] GC(455) Survivor regions: 5->5(77)
[2025-12-24T18:48:47.033+0000][gc,heap     ] GC(455) Old regions: 158->158
[2025-12-24T18:48:47.033+0000][gc,heap     ] GC(455) Humongous regions: 151->151
[2025-12-24T18:48:47.033+0000][gc,metaspace] GC(455) Metaspace: 15982K(16384K)->15982K(16384K) NonClass: 14236K(14400K)->14236K(14400K) Class: 1746K(1984K)->1746K(1984K)
[2025-12-24T18:48:47.034+0000][gc          ] GC(455) Pause Young (Normal) (G1 Evacuation Pause) 921M->312M(1024M) 21.580ms
[2025-12-24T18:48:47.034+0000][gc,cpu      ] GC(455) User=0.11s Sys=0.01s Real=0.02s
[2025-12-24T18:49:17.204+0000][gc,start    ] GC(456) Pause Young (Normal) (G1 Evacuation Pause)
[2025-12-24T18:49:17.206+0000][gc,task     ] GC(456) Using 8 workers of 8 for evacuation
[2025-12-24T18:49:17.215+0000][gc,phases   ] GC(456)   Pre Evacuate Collection Set: 1.2ms
[2025-12-24T18:49:17.215+0000][gc,phases   ] GC(456)   Merge Heap Roots: 0.3ms
[2025-12-24T18:49:17.215+0000][gc,phases   ] GC(456)   Evacuate Collection Set: 6.6ms
[2025-12-24T18:49:17.215+0000][gc,phases   ] GC(456)   Post Evacuate Collection Set: 1.2ms
[2025-12-24T18:49:17.215+0000][gc,phases   ] GC(456)   Other: 0.4ms
[2025-12-24T18:49:17.215+0000][gc,heap     ] GC(456) Eden regions: 609->0(608)
[2025-12-24T18:49:17.215+0000][gc,heap     ] GC(456) Survivor regions: 5->6(77)
[2025-12-24T18:49:17.215+0000][gc,heap     ] GC(456) Old regions: 158->158
[2025-12-24T18:49:17.215+0000][gc,heap     ] GC(456) Humongous regions: 151->151
[2025-12-24T18:49:17.215+0000][gc,metaspace] GC(456) Metaspace: 15982K(16384K)->15982K(16384K) NonClass: 14236K(14400K)->14236K(14400K) Class: 1746K(1984K)->1746K(1984K)
[2025-12-24T18:49:17.216+0000][gc          ] GC(456) Pause Young (Normal) (G1 Evacuation Pause) 921M->313M(1024M) 11.655ms
[2025-12-24T18:49:17.216+0000][gc,cpu      ] GC(456) User=0.04s Sys=0.00s Real=0.01s
[2025-12-24T18:49:47.402+0000][gc,start    ] GC(457) Pause Young (Normal) (G1 Evacuation Pause)
[2025-12-24T18:49:47.402+0000][gc,task     ] GC(457) Using 8 workers of 8 for evacuation
[2025-12-24T18:49:47.415+0000][gc,phases   ] GC(457)   Pre Evacuate Collection Set: 1.4ms
[2025-12-24T18:49:47.415+0000][gc,phases   ] GC(457)   Merge Heap Roots: 0.3ms
[2025-12-24T18:49:47.415+0000][gc,phases   ] GC(457)   Evacuate Collection Set: 8.8ms
[2025-12-24T18:49:47.415+0000][gc,phases   ] GC(457)   Post Evacuate Collection Set: 1.1ms
[2025-12-24T18:49:47.415+0000][gc,phases   ] GC(457)   Other: 0.6ms
[2025-12-24T18:49:47.415+0000][gc,heap     ] GC(457) Eden regions: 608->0(606)
[2025-12-24T18:49:47.415+0000][gc,heap     ] GC(457) Survivor regions: 6->8(77)
[2025-12-24T18:49:47.415+0000][gc,heap     ] GC(457) Old regions: 158->158
[2025-12-24T18:49:47.415+0000][gc,heap     ] GC(457) Humongous regions: 151->151
[2025-12-24T18:49:47.415+0000][gc,metaspace] GC(457) Metaspace: 15982K(16384K)->15982K(16384K) NonClass: 14236K(14400K)->14236K(14400K) Class: 1746K(1984K)->1746K(1984K)
[2025-12-24T18:49:47.415+0000][gc          ] GC(457) Pause Young (Normal) (G1 Evacuation Pause) 921M->315M(1024M) 13.191ms
[2025-12-24T18:49:47.415+0000][gc,cpu      ] GC(457) User=0.07s Sys=0.00s Real=0.01s
[2025-12-24T18:50:27.002+0000][gc,start    ] GC(458) Pause Young (Normal) (G1 Evacuation Pause)
[2025-12-24T18:50:27.002+0000][gc,task     ] GC(458) Using 8 workers of 8 for evacuation
[2025-12-24T18:50:27.023+0000][gc,phases   ] GC(458)   Pre Evacuate Collection Set: 2.8ms
[2025-12-24T18:50:27.023+0000][gc,phases   ] GC(458)   Merge Heap Roots: 0.5ms
[2025-12-24T18:50:27.023+0000][gc,phases   ] GC(458)   Evacuate Collection Set: 14.2ms
[2025-12-24T18:50:27.023+0000][gc,phases   ] GC(458)   Post Evacuate Collection Set: 1.5ms
[2025-12-24T18:50:27.023+0000][gc,phases   ] GC(458)   Other: 1.3ms
[2025-12-24T18:50:27.023+0000][gc,heap     ] GC(458) Eden regions: 606->0(607)
[2025-12-24T18:50:27.023+0000][gc,heap     ] GC(458) Survivor regions: 8->7(77)
[2025-12-24T18:50:27.023+0000][gc,heap     ] GC(458) Old regions: 158->158
[2025-12-24T18:50:27.023+0000][gc,heap     ] GC(458) Humongous regions: 151->151
[2025-12-24T18:50:27.023+0000][gc,metaspace] GC(458) Metaspace: 15982K(16384K)->15982K(16384K) NonClass: 14236K(14400K)->14236K(14400K) Class: 1746K(1984K)->1746K(1984K)
[2025-12-24T18:50:27.024+0000][gc          ] GC(458) Pause Young (Normal) (G1 Evacuation Pause) 921M->315M(1024M) 21.860ms
[2025-12-24T18:50:27.024+0000][gc,cpu      ] GC(458) User=0.12s Sys=0.00s Real=0.02s
[2025-12-24T18:50:57.189+0000][gc,start    ] GC(459) Pause Young (Normal) (G1 Evacuation Pause)
[2025-12-24T18:50:57.190+0000][gc,task     ] GC(459) Using 8 workers of 8 for evacuation
[2025-12-24T18:50:57.203+0000][gc,phases   ] GC(459)   Pre Evacuate Collection Set: 1.1ms
[2025-12-24T18:50:57.203+0000][gc,phases   ] GC(459)   Merge Heap Roots: 0.3ms
[2025-12-24T18:50:57.203+0000][gc,phases   ] GC(459)   Evacuate Collection Set: 10.8ms
[2025-12-24T18:50:57.203+0000][gc,phases   ] GC(459)   Post Evacuate Collection Set: 1.1ms
[2025-12-24T18:50:57.203+0000][gc,phases   ] GC(459)   Other: 0.3ms
[2025-12-24T18:50:57.203+0000][gc,heap     ] GC(459) Eden regions: 607->0(609)
[2025-12-24T18:50:57.204+0000][gc,heap     ] GC(459) Survivor regions: 7->5(77)
[2025-12-24T18:50:57.204+0000][gc,heap     ] GC(459) Old regions: 158->158
[2025-12-24T18:50:57.204+0000][gc,heap     ] GC(459) Humongous regions: 151->151
[2025-12-24T18:50:57.204+0000][gc,metaspace] GC(459) Metaspace: 15982K(16384K)->15982K(16384K) NonClass: 14236K(14400K)->14236K(14400K) Class: 1746K(1984K)->1746K(1984K)
[2025-12-24T18:50:57.204+0000][gc          ] GC(459) Pause Young (Normal) (G1 Evacuation Pause) 922M->313M(1024M) 14.854ms
[2025-12-24T18:50:57.204+0000][gc,cpu      ] GC(459) User=0.09s Sys=0.00s Real=0.02s
[2025-12-24T18:51:27.373+0000][gc,start    ] GC(460) Pause Young (Normal) (G1 Evacuation Pause)
[2025-12-24T18:51:27.373+0000][gc,task     ] GC(460) Using 8 workers of 8 for evacuation
[2025-12-24T18:51:27.381+0000][gc,phases   ] GC(460)   Pre Evacuate Collection Set: 1.0ms
[2025-12-24T18:51:27.381+0000][gc,phases   ] GC(460)   Merge Heap Roots: 0.3ms
[2025-12-24T18:51:27.381+0000][gc,phases   ] GC(460)   Evacuate Collection Set: 5.5ms
[2025-12-24T18:51:27.381+0000][gc,phases   ] GC(460)   Post Evacuate Collection Set: 1.1ms
[2025-12-24T18:51:27.381+0000][gc,phases   ] GC(460)   Other: 0.3ms
[2025-12-24T18:51:27.381+0000][gc,heap     ] GC(460) Eden regions: 609->0(606)
[2025-12-24T18:51:27.381+0000][gc,heap     ] GC(460) Survivor regions: 5->8(77)
[2025-12-24T18:51:27.382+0000][gc,heap     ] GC(460) Old regions: 158->158
[2025-12-24T18:51:27.382+0000][gc,heap     ] GC(460) Humongous regions: 151->151
[2025-12-24T18:51:27.382+0000][gc,metaspace] GC(460) Metaspace: 15982K(16384K)->15982K(16384K) NonClass: 14236K(14400K)->14236K(14400K) Class: 1746K(1984K)->1746K(1984K)
[2025-12-24T18:51:27.382+0000][gc          ] GC(460) Pause Young (Normal) (G1 Evacuation Pause) 922M->315M(1024M) 9.180ms
[2025-12-24T18:51:27.382+0000][gc,cpu      ] GC(460) User=0.04s Sys=0.00s Real=0.01s
[2025-12-24T18:52:06.982+0000][gc,start    ] GC(461) Pause Young (Normal) (G1 Evacuation Pause)
[2025-12-24T18:52:06.983+0000][gc,task     ] GC(461) Using 8 workers of 8 for evacuation
[2025-12-24T18:52:07.004+0000][gc,phases   ] GC(461)   Pre Evacuate Collection Set: 1.4ms
[2025-12-24T18:52:07.004+0000][gc,phases   ] GC(461)   Merge Heap Roots: 0.4ms
[2025-12-24T18:52:07.004+0000][gc,phases   ] GC(461)   Evacuate Collection Set: 17.4ms
[2025-12-24T18:52:07.004+0000][gc,phases   ] GC(461)   Post Evacuate Collection Set: 1.3ms
[2025-12-24T18:52:07.004+0000][gc,phases   ] GC(461)   Other: 0.6ms
[2025-12-24T18:52:07.004+0000][gc,heap     ] GC(461) Eden regions: 606->0(608)
[2025-12-24T18:52:07.004+0000][gc,heap     ] GC(461) Survivor regions: 8->6(77)
[2025-12-24T18:52:07.005+0000][gc,heap     ] GC(461) Old regions: 158->158
[2025-12-24T18:52:07.005+0000][gc,heap     ] GC(461) Humongous regions: 151->151
[2025-12-24T18:52:07.005+0000][gc,metaspace] GC(461) Metaspace: 15984K(16384K)->15984K(16384K) NonClass: 14238K(14400K)->14238K(14400K) Class: 1746K(1984K)->1746K(1984K)
[2025-12-24T18:52:07.005+0000][gc          ] GC(461) Pause Young (Normal) (G1 Evacuation Pause) 921M->314M(1024M) 22.551ms
[2025-12-24T18:52:07.005+0000][gc,cpu      ] GC(461) User=0.12s Sys=0.00s Real=0.02s
[2025-12-24T18:52:37.152+0000][gc,start    ] GC(462) Pause Young (Normal) (G1 Evacuation Pause)
[2025-12-24T18:52:37.153+0000][gc,task     ] GC(462) Using 8 workers of 8 for evacuation
[2025-12-24T18:52:37.164+0000][gc,phases   ] GC(462)   Pre Evacuate Collection Set: 1.2ms
[2025-12-24T18:52:37.164+0000][gc,phases   ] GC(462)   Merge Heap Roots: 0.3ms
[2025-12-24T18:52:37.164+0000][gc,phases   ] GC(462)   Evacuate Collection Set: 7.7ms
[2025-12-24T18:52:37.164+0000][gc,phases   ] GC(462)   Post Evacuate Collection Set: 1.1ms
[2025-12-24T18:52:37.164+0000][gc,phases   ] GC(462)   Other: 0.5ms
[2025-12-24T18:52:37.164+0000][gc,heap     ] GC(462) Eden regions: 608->0(606)
[2025-12-24T18:52:37.164+0000][gc,heap     ] GC(462) Survivor regions: 6->8(77)
[2025-12-24T18:52:37.164+0000][gc,heap     ] GC(462) Old regions: 158->158
[2025-12-24T18:52:37.164+0000][gc,heap     ] GC(462) Humongous regions: 151->151
[2025-12-24T18:52:37.164+0000][gc,metaspace] GC(462) Metaspace: 15984K(16384K)->15984K(16384K) NonClass: 14238K(14400K)->14238K(14400K) Class: 1746K(1984K)->1746K(1984K)
[2025-12-24T18:52:37.165+0000][gc          ] GC(462) Pause Young (Normal) (G1 Evacuation Pause) 922M->316M(1024M) 12.173ms
[2025-12-24T18:52:37.165+0000][gc,cpu      ] GC(462) User=0.07s Sys=0.00s Real=0.01s
[2025-12-24T18:53:07.565+0000][gc,start    ] GC(463) Pause Young (Normal) (G1 Evacuation Pause)
[2025-12-24T18:53:07.566+0000][gc,task     ] GC(463) Using 8 workers of 8 for evacuation
[2025-12-24T18:53:07.589+0000][gc,phases   ] GC(463)   Pre Evacuate Collection Set: 4.6ms
[2025-12-24T18:53:07.589+0000][gc,phases   ] GC(463)   Merge Heap Roots: 0.4ms
[2025-12-24T18:53:07.589+0000][gc,phases   ] GC(463)   Evacuate Collection Set: 13.6ms
[2025-12-24T18:53:07.589+0000][gc,phases   ] GC(463)   Post Evacuate Collection Set: 4.3ms
[2025-12-24T18:53:07.589+0000][gc,phases   ] GC(463)   Other: 0.5ms
[2025-12-24T18:53:07.589+0000][gc,heap     ] GC(463) Eden regions: 606->0(604)
[2025-12-24T18:53:07.589+0000][gc,heap     ] GC(463) Survivor regions: 8->10(77)
[2025-12-24T18:53:07.589+0000][gc,heap     ] GC(463) Old regions: 158->158
[2025-12-24T18:53:07.590+0000][gc,heap     ] GC(463) Humongous regions: 151->151
[2025-12-24T18:53:07.590+0000][gc,metaspace] GC(463) Metaspace: 15984K(16384K)->15984K(16384K) NonClass: 14238K(14400K)->14238K(14400K) Class: 1746K(1984K)->1746K(1984K)
[2025-12-24T18:53:07.590+0000][gc          ] GC(463) Pause Young (Normal) (G1 Evacuation Pause) 922M->318M(1024M) 24.576ms
[2025-12-24T18:53:07.590+0000][gc,cpu      ] GC(463) User=0.14s Sys=0.01s Real=0.02s
[2025-12-24T18:53:46.245+0000][gc,start    ] GC(464) Pause Young (Normal) (G1 Evacuation Pause)
[2025-12-24T18:53:46.246+0000][gc,task     ] GC(464) Using 8 workers of 8 for evacuation
[2025-12-24T18:53:46.265+0000][gc,phases   ] GC(464)   Pre Evacuate Collection Set: 2.3ms
[2025-12-24T18:53:46.265+0000][gc,phases   ] GC(464)   Merge Heap Roots: 0.6ms
[2025-12-24T18:53:46.265+0000][gc,phases   ] GC(464)   Evacuate Collection Set: 13.1ms
[2025-12-24T18:53:46.266+0000][gc,phases   ] GC(464)   Post Evacuate Collection Set: 2.1ms
[2025-12-24T18:53:46.266+0000][gc,phases   ] GC(464)   Other: 1.1ms
[2025-12-24T18:53:46.266+0000][gc,heap     ] GC(464) Eden regions: 604->0(608)
[2025-12-24T18:53:46.266+0000][gc,heap     ] GC(464) Survivor regions: 10->6(77)
[2025-12-24T18:53:46.266+0000][gc,heap     ] GC(464) Old regions: 158->158
[2025-12-24T18:53:46.266+0000][gc,heap     ] GC(464) Humongous regions: 151->151
[2025-12-24T18:53:46.266+0000][gc,metaspace] GC(464) Metaspace: 15984K(16384K)->15984K(16384K) NonClass: 14238K(14400K)->14238K(14400K) Class: 1746K(1984K)->1746K(1984K)
[2025-12-24T18:53:46.266+0000][gc          ] GC(464) Pause Young (Normal) (G1 Evacuation Pause) 922M->314M(1024M) 21.505ms
[2025-12-24T18:53:46.267+0000][gc,cpu      ] GC(464) User=0.11s Sys=0.00s Real=0.02s
[2025-12-24T18:54:17.131+0000][gc,start    ] GC(465) Pause Young (Normal) (G1 Evacuation Pause)
[2025-12-24T18:54:17.131+0000][gc,task     ] GC(465) Using 8 workers of 8 for evacuation
[2025-12-24T18:54:17.149+0000][gc,phases   ] GC(465)   Pre Evacuate Collection Set: 1.5ms
[2025-12-24T18:54:17.149+0000][gc,phases   ] GC(465)   Merge Heap Roots: 0.5ms
[2025-12-24T18:54:17.149+0000][gc,phases   ] GC(465)   Evacuate Collection Set: 12.0ms
[2025-12-24T18:54:17.149+0000][gc,phases   ] GC(465)   Post Evacuate Collection Set: 3.0ms
[2025-12-24T18:54:17.149+0000][gc,phases   ] GC(465)   Other: 0.3ms
[2025-12-24T18:54:17.149+0000][gc,heap     ] GC(465) Eden regions: 608->0(607)
[2025-12-24T18:54:17.149+0000][gc,heap     ] GC(465) Survivor regions: 6->7(77)
[2025-12-24T18:54:17.149+0000][gc,heap     ] GC(465) Old regions: 158->159
[2025-12-24T18:54:17.149+0000][gc,heap     ] GC(465) Humongous regions: 151->151
[2025-12-24T18:54:17.149+0000][gc,metaspace] GC(465) Metaspace: 15990K(16384K)->15990K(16384K) NonClass: 14244K(14400K)->14244K(14400K) Class: 1746K(1984K)->1746K(1984K)
[2025-12-24T18:54:17.150+0000][gc          ] GC(465) Pause Young (Normal) (G1 Evacuation Pause) 922M->315M(1024M) 18.486ms
[2025-12-24T18:54:17.150+0000][gc,cpu      ] GC(465) User=0.10s Sys=0.01s Real=0.02s
[2025-12-24T18:54:47.343+0000][gc,start    ] GC(466) Pause Young (Normal) (G1 Evacuation Pause)
[2025-12-24T18:54:47.345+0000][gc,task     ] GC(466) Using 8 workers of 8 for evacuation
[2025-12-24T18:54:47.363+0000][gc,phases   ] GC(466)   Pre Evacuate Collection Set: 3.8ms
[2025-12-24T18:54:47.363+0000][gc,phases   ] GC(466)   Merge Heap Roots: 0.7ms
[2025-12-24T18:54:47.363+0000][gc,phases   ] GC(466)   Evacuate Collection Set: 12.5ms
[2025-12-24T18:54:47.364+0000][gc,phases   ] GC(466)   Post Evacuate Collection Set: 1.2ms
[2025-12-24T18:54:47.364+0000][gc,phases   ] GC(466)   Other: 0.6ms
[2025-12-24T18:54:47.364+0000][gc,heap     ] GC(466) Eden regions: 607->0(605)
[2025-12-24T18:54:47.364+0000][gc,heap     ] GC(466) Survivor regions: 7->9(77)
[2025-12-24T18:54:47.364+0000][gc,heap     ] GC(466) Old regions: 159->159
[2025-12-24T18:54:47.364+0000][gc,heap     ] GC(466) Humongous regions: 151->151
[2025-12-24T18:54:47.364+0000][gc,metaspace] GC(466) Metaspace: 15998K(16384K)->15998K(16384K) NonClass: 14252K(14400K)->14252K(14400K) Class: 1746K(1984K)->1746K(1984K)
[2025-12-24T18:54:47.364+0000][gc          ] GC(466) Pause Young (Normal) (G1 Evacuation Pause) 922M->317M(1024M) 20.829ms
[2025-12-24T18:54:47.364+0000][gc,cpu      ] GC(466) User=0.10s Sys=0.01s Real=0.02s
[2025-12-24T18:55:17.482+0000][gc,start    ] GC(467) Pause Young (Normal) (G1 Evacuation Pause)
[2025-12-24T18:55:17.483+0000][gc,task     ] GC(467) Using 8 workers of 8 for evacuation
[2025-12-24T18:55:17.501+0000][gc,phases   ] GC(467)   Pre Evacuate Collection Set: 1.9ms
[2025-12-24T18:55:17.501+0000][gc,phases   ] GC(467)   Merge Heap Roots: 1.2ms
[2025-12-24T18:55:17.502+0000][gc,phases   ] GC(467)   Evacuate Collection Set: 12.8ms
[2025-12-24T18:55:17.502+0000][gc,phases   ] GC(467)   Post Evacuate Collection Set: 1.6ms
[2025-12-24T18:55:17.502+0000][gc,phases   ] GC(467)   Other: 0.8ms
[2025-12-24T18:55:17.502+0000][gc,heap     ] GC(467) Eden regions: 605->0(604)
[2025-12-24T18:55:17.502+0000][gc,heap     ] GC(467) Survivor regions: 9->10(77)
[2025-12-24T18:55:17.502+0000][gc,heap     ] GC(467) Old regions: 159->159
[2025-12-24T18:55:17.502+0000][gc,heap     ] GC(467) Humongous regions: 151->151
[2025-12-24T18:55:17.502+0000][gc,metaspace] GC(467) Metaspace: 15998K(16384K)->15998K(16384K) NonClass: 14252K(14400K)->14252K(14400K) Class: 1746K(1984K)->1746K(1984K)
[2025-12-24T18:55:17.502+0000][gc          ] GC(467) Pause Young (Normal) (G1 Evacuation Pause) 922M->318M(1024M) 19.973ms
[2025-12-24T18:55:17.502+0000][gc,cpu      ] GC(467) User=0.12s Sys=0.00s Real=0.02s
[2025-12-24T18:55:57.089+0000][gc,start    ] GC(468) Pause Young (Normal) (G1 Evacuation Pause)
[2025-12-24T18:55:57.090+0000][gc,task     ] GC(468) Using 8 workers of 8 for evacuation
[2025-12-24T18:55:57.110+0000][gc,phases   ] GC(468)   Pre Evacuate Collection Set: 1.2ms
[2025-12-24T18:55:57.110+0000][gc,phases   ] GC(468)   Merge Heap Roots: 0.3ms
[2025-12-24T18:55:57.110+0000][gc,phases   ] GC(468)   Evacuate Collection Set: 16.7ms
[2025-12-24T18:55:57.110+0000][gc,phases   ] GC(468)   Post Evacuate Collection Set: 1.3ms
[2025-12-24T18:55:57.110+0000][gc,phases   ] GC(468)   Other: 0.3ms
[2025-12-24T18:55:57.110+0000][gc,heap     ] GC(468) Eden regions: 604->0(605)
[2025-12-24T18:55:57.110+0000][gc,heap     ] GC(468) Survivor regions: 10->9(77)
[2025-12-24T18:55:57.110+0000][gc,heap     ] GC(468) Old regions: 159->159
[2025-12-24T18:55:57.110+0000][gc,heap     ] GC(468) Humongous regions: 151->151
[2025-12-24T18:55:57.110+0000][gc,metaspace] GC(468) Metaspace: 15999K(16384K)->15999K(16384K) NonClass: 14253K(14400K)->14253K(14400K) Class: 1746K(1984K)->1746K(1984K)
[2025-12-24T18:55:57.111+0000][gc          ] GC(468) Pause Young (Normal) (G1 Evacuation Pause) 922M->318M(1024M) 21.457ms
[2025-12-24T18:55:57.111+0000][gc,cpu      ] GC(468) User=0.14s Sys=0.00s Real=0.02s
[2025-12-24T18:56:27.272+0000][gc,start    ] GC(469) Pause Young (Normal) (G1 Evacuation Pause)
[2025-12-24T18:56:27.273+0000][gc,task     ] GC(469) Using 8 workers of 8 for evacuation
[2025-12-24T18:56:27.283+0000][gc,phases   ] GC(469)   Pre Evacuate Collection Set: 1.4ms
[2025-12-24T18:56:27.283+0000][gc,phases   ] GC(469)   Merge Heap Roots: 0.4ms
[2025-12-24T18:56:27.283+0000][gc,phases   ] GC(469)   Evacuate Collection Set: 6.5ms
[2025-12-24T18:56:27.283+0000][gc,phases   ] GC(469)   Post Evacuate Collection Set: 1.2ms
[2025-12-24T18:56:27.283+0000][gc,phases   ] GC(469)   Other: 0.5ms
[2025-12-24T18:56:27.283+0000][gc,heap     ] GC(469) Eden regions: 605->0(606)
[2025-12-24T18:56:27.283+0000][gc,heap     ] GC(469) Survivor regions: 9->8(77)
[2025-12-24T18:56:27.283+0000][gc,heap     ] GC(469) Old regions: 159->159
[2025-12-24T18:56:27.283+0000][gc,heap     ] GC(469) Humongous regions: 151->151
[2025-12-24T18:56:27.283+0000][gc,metaspace] GC(469) Metaspace: 15999K(16384K)->15999K(16384K) NonClass: 14253K(14400K)->14253K(14400K) Class: 1746K(1984K)->1746K(1984K)
[2025-12-24T18:56:27.283+0000][gc          ] GC(469) Pause Young (Normal) (G1 Evacuation Pause) 923M->317M(1024M) 11.179ms
[2025-12-24T18:56:27.284+0000][gc,cpu      ] GC(469) User=0.06s Sys=0.01s Real=0.01s
[2025-12-24T18:56:57.478+0000][gc,start    ] GC(470) Pause Young (Normal) (G1 Evacuation Pause)
[2025-12-24T18:56:57.479+0000][gc,task     ] GC(470) Using 8 workers of 8 for evacuation
[2025-12-24T18:56:57.498+0000][gc,phases   ] GC(470)   Pre Evacuate Collection Set: 3.6ms
[2025-12-24T18:56:57.498+0000][gc,phases   ] GC(470)   Merge Heap Roots: 0.9ms
[2025-12-24T18:56:57.499+0000][gc,phases   ] GC(470)   Evacuate Collection Set: 12.8ms
[2025-12-24T18:56:57.499+0000][gc,phases   ] GC(470)   Post Evacuate Collection Set: 1.2ms
[2025-12-24T18:56:57.499+0000][gc,phases   ] GC(470)   Other: 0.9ms
[2025-12-24T18:56:57.499+0000][gc,heap     ] GC(470) Eden regions: 606->0(605)
[2025-12-24T18:56:57.499+0000][gc,heap     ] GC(470) Survivor regions: 8->9(77)
[2025-12-24T18:56:57.499+0000][gc,heap     ] GC(470) Old regions: 159->160
[2025-12-24T18:56:57.499+0000][gc,heap     ] GC(470) Humongous regions: 151->151
[2025-12-24T18:56:57.499+0000][gc,metaspace] GC(470) Metaspace: 15999K(16384K)->15999K(16384K) NonClass: 14253K(14400K)->14253K(14400K) Class: 1746K(1984K)->1746K(1984K)
[2025-12-24T18:56:57.499+0000][gc          ] GC(470) Pause Young (Normal) (G1 Evacuation Pause) 923M->318M(1024M) 20.757ms
[2025-12-24T18:56:57.499+0000][gc,cpu      ] GC(470) User=0.10s Sys=0.01s Real=0.03s
[2025-12-24T18:57:37.025+0000][gc,start    ] GC(471) Pause Young (Normal) (G1 Evacuation Pause)
[2025-12-24T18:57:37.026+0000][gc,task     ] GC(471) Using 8 workers of 8 for evacuation
[2025-12-24T18:57:37.048+0000][gc,phases   ] GC(471)   Pre Evacuate Collection Set: 3.4ms
[2025-12-24T18:57:37.048+0000][gc,phases   ] GC(471)   Merge Heap Roots: 2.0ms
[2025-12-24T18:57:37.048+0000][gc,phases   ] GC(471)   Evacuate Collection Set: 13.8ms
[2025-12-24T18:57:37.048+0000][gc,phases   ] GC(471)   Post Evacuate Collection Set: 1.1ms
[2025-12-24T18:57:37.048+0000][gc,phases   ] GC(471)   Other: 1.8ms
[2025-12-24T18:57:37.048+0000][gc,heap     ] GC(471) Eden regions: 605->0(606)
[2025-12-24T18:57:37.048+0000][gc,heap     ] GC(471) Survivor regions: 9->8(77)
[2025-12-24T18:57:37.048+0000][gc,heap     ] GC(471) Old regions: 160->160
[2025-12-24T18:57:37.048+0000][gc,heap     ] GC(471) Humongous regions: 151->151
[2025-12-24T18:57:37.049+0000][gc,metaspace] GC(471) Metaspace: 15999K(16384K)->15999K(16384K) NonClass: 14253K(14400K)->14253K(14400K) Class: 1746K(1984K)->1746K(1984K)
[2025-12-24T18:57:37.049+0000][gc          ] GC(471) Pause Young (Normal) (G1 Evacuation Pause) 923M->317M(1024M) 23.984ms
[2025-12-24T18:57:37.049+0000][gc,cpu      ] GC(471) User=0.13s Sys=0.01s Real=0.03s
[2025-12-24T18:58:07.227+0000][gc,start    ] GC(472) Pause Young (Normal) (G1 Evacuation Pause)
[2025-12-24T18:58:07.228+0000][gc,task     ] GC(472) Using 8 workers of 8 for evacuation
[2025-12-24T18:58:07.250+0000][gc,phases   ] GC(472)   Pre Evacuate Collection Set: 3.4ms
[2025-12-24T18:58:07.250+0000][gc,phases   ] GC(472)   Merge Heap Roots: 1.9ms
[2025-12-24T18:58:07.250+0000][gc,phases   ] GC(472)   Evacuate Collection Set: 14.4ms
[2025-12-24T18:58:07.250+0000][gc,phases   ] GC(472)   Post Evacuate Collection Set: 1.4ms
[2025-12-24T18:58:07.250+0000][gc,phases   ] GC(472)   Other: 0.4ms
[2025-12-24T18:58:07.250+0000][gc,heap     ] GC(472) Eden regions: 606->0(605)
[2025-12-24T18:58:07.250+0000][gc,heap     ] GC(472) Survivor regions: 8->9(77)
[2025-12-24T18:58:07.250+0000][gc,heap     ] GC(472) Old regions: 160->160
[2025-12-24T18:58:07.251+0000][gc,heap     ] GC(472) Humongous regions: 151->151
[2025-12-24T18:58:07.251+0000][gc,metaspace] GC(472) Metaspace: 15999K(16384K)->15999K(16384K) NonClass: 14253K(14400K)->14253K(14400K) Class: 1746K(1984K)->1746K(1984K)
[2025-12-24T18:58:07.251+0000][gc          ] GC(472) Pause Young (Normal) (G1 Evacuation Pause) 923M->319M(1024M) 23.475ms
[2025-12-24T18:58:07.251+0000][gc,cpu      ] GC(472) User=0.15s Sys=0.00s Real=0.02s
[2025-12-24T18:58:37.568+0000][gc,start    ] GC(473) Pause Young (Normal) (G1 Evacuation Pause)
[2025-12-24T18:58:37.569+0000][gc,task     ] GC(473) Using 8 workers of 8 for evacuation
[2025-12-24T18:58:37.595+0000][gc,phases   ] GC(473)   Pre Evacuate Collection Set: 3.9ms
[2025-12-24T18:58:37.595+0000][gc,phases   ] GC(473)   Merge Heap Roots: 1.6ms
[2025-12-24T18:58:37.595+0000][gc,phases   ] GC(473)   Evacuate Collection Set: 17.6ms
[2025-12-24T18:58:37.595+0000][gc,phases   ] GC(473)   Post Evacuate Collection Set: 1.6ms
[2025-12-24T18:58:37.595+0000][gc,phases   ] GC(473)   Other: 1.7ms
[2025-12-24T18:58:37.595+0000][gc,heap     ] GC(473) Eden regions: 605->0(603)
[2025-12-24T18:58:37.595+0000][gc,heap     ] GC(473) Survivor regions: 9->11(77)
[2025-12-24T18:58:37.595+0000][gc,heap     ] GC(473) Old regions: 160->161
[2025-12-24T18:58:37.595+0000][gc,heap     ] GC(473) Humongous regions: 151->151
[2025-12-24T18:58:37.595+0000][gc,metaspace] GC(473) Metaspace: 15999K(16384K)->15999K(16384K) NonClass: 14253K(14400K)->14253K(14400K) Class: 1746K(1984K)->1746K(1984K)
[2025-12-24T18:58:37.596+0000][gc          ] GC(473) Pause Young (Normal) (G1 Evacuation Pause) 924M->322M(1024M) 27.932ms
[2025-12-24T18:58:37.596+0000][gc,cpu      ] GC(473) User=0.13s Sys=0.04s Real=0.03s
[2025-12-24T18:59:16.974+0000][gc,start    ] GC(474) Pause Young (Normal) (G1 Evacuation Pause)
[2025-12-24T18:59:16.975+0000][gc,task     ] GC(474) Using 8 workers of 8 for evacuation
[2025-12-24T18:59:16.993+0000][gc,phases   ] GC(474)   Pre Evacuate Collection Set: 5.8ms
[2025-12-24T18:59:16.993+0000][gc,phases   ] GC(474)   Merge Heap Roots: 0.4ms
[2025-12-24T18:59:16.993+0000][gc,phases   ] GC(474)   Evacuate Collection Set: 10.5ms
[2025-12-24T18:59:16.993+0000][gc,phases   ] GC(474)   Post Evacuate Collection Set: 1.1ms
[2025-12-24T18:59:16.993+0000][gc,phases   ] GC(474)   Other: 0.4ms
[2025-12-24T18:59:16.993+0000][gc,heap     ] GC(474) Eden regions: 603->0(607)
[2025-12-24T18:59:16.993+0000][gc,heap     ] GC(474) Survivor regions: 11->7(77)
[2025-12-24T18:59:16.993+0000][gc,heap     ] GC(474) Old regions: 161->161
[2025-12-24T18:59:16.993+0000][gc,heap     ] GC(474) Humongous regions: 151->151
[2025-12-24T18:59:16.993+0000][gc,metaspace] GC(474) Metaspace: 15999K(16384K)->15999K(16384K) NonClass: 14253K(14400K)->14253K(14400K) Class: 1746K(1984K)->1746K(1984K)
[2025-12-24T18:59:16.994+0000][gc          ] GC(474) Pause Young (Normal) (G1 Evacuation Pause) 925M->317M(1024M) 19.575ms
[2025-12-24T18:59:16.994+0000][gc,cpu      ] GC(474) User=0.12s Sys=0.00s Real=0.02s
[2025-12-24T18:59:47.165+0000][gc,start    ] GC(475) Pause Young (Normal) (G1 Evacuation Pause)
[2025-12-24T18:59:47.166+0000][gc,task     ] GC(475) Using 8 workers of 8 for evacuation
[2025-12-24T18:59:47.180+0000][gc,phases   ] GC(475)   Pre Evacuate Collection Set: 1.4ms
[2025-12-24T18:59:47.180+0000][gc,phases   ] GC(475)   Merge Heap Roots: 0.4ms
[2025-12-24T18:59:47.180+0000][gc,phases   ] GC(475)   Evacuate Collection Set: 10.8ms
[2025-12-24T18:59:47.180+0000][gc,phases   ] GC(475)   Post Evacuate Collection Set: 1.2ms
[2025-12-24T18:59:47.180+0000][gc,phases   ] GC(475)   Other: 0.4ms
[2025-12-24T18:59:47.181+0000][gc,heap     ] GC(475) Eden regions: 607->0(606)
[2025-12-24T18:59:47.181+0000][gc,heap     ] GC(475) Survivor regions: 7->8(77)
[2025-12-24T18:59:47.181+0000][gc,heap     ] GC(475) Old regions: 161->161
[2025-12-24T18:59:47.181+0000][gc,heap     ] GC(475) Humongous regions: 151->151
[2025-12-24T18:59:47.181+0000][gc,metaspace] GC(475) Metaspace: 15999K(16384K)->15999K(16384K) NonClass: 14253K(14400K)->14253K(14400K) Class: 1746K(1984K)->1746K(1984K)
[2025-12-24T18:59:47.181+0000][gc          ] GC(475) Pause Young (Normal) (G1 Evacuation Pause) 924M->319M(1024M) 15.655ms
[2025-12-24T18:59:47.181+0000][gc,cpu      ] GC(475) User=0.09s Sys=0.00s Real=0.02s
[2025-12-24T19:00:17.347+0000][gc,start    ] GC(476) Pause Young (Normal) (G1 Evacuation Pause)
[2025-12-24T19:00:17.348+0000][gc,task     ] GC(476) Using 8 workers of 8 for evacuation
[2025-12-24T19:00:17.370+0000][gc,phases   ] GC(476)   Pre Evacuate Collection Set: 2.2ms
[2025-12-24T19:00:17.370+0000][gc,phases   ] GC(476)   Merge Heap Roots: 2.3ms
[2025-12-24T19:00:17.370+0000][gc,phases   ] GC(476)   Evacuate Collection Set: 15.5ms
[2025-12-24T19:00:17.370+0000][gc,phases   ] GC(476)   Post Evacuate Collection Set: 1.4ms
[2025-12-24T19:00:17.370+0000][gc,phases   ] GC(476)   Other: 0.8ms
[2025-12-24T19:00:17.370+0000][gc,heap     ] GC(476) Eden regions: 606->0(605)
[2025-12-24T19:00:17.371+0000][gc,heap     ] GC(476) Survivor regions: 8->9(77)
[2025-12-24T19:00:17.371+0000][gc,heap     ] GC(476) Old regions: 161->162
[2025-12-24T19:00:17.371+0000][gc,heap     ] GC(476) Humongous regions: 151->151
[2025-12-24T19:00:17.371+0000][gc,metaspace] GC(476) Metaspace: 15999K(16384K)->15999K(16384K) NonClass: 14253K(14400K)->14253K(14400K) Class: 1746K(1984K)->1746K(1984K)
[2025-12-24T19:00:17.371+0000][gc          ] GC(476) Pause Young (Normal) (G1 Evacuation Pause) 925M->320M(1024M) 23.691ms
[2025-12-24T19:00:17.371+0000][gc,cpu      ] GC(476) User=0.14s Sys=0.01s Real=0.02s
[2025-12-24T19:00:56.933+0000][gc,start    ] GC(477) Pause Young (Normal) (G1 Evacuation Pause)
[2025-12-24T19:00:56.936+0000][gc,task     ] GC(477) Using 8 workers of 8 for evacuation
[2025-12-24T19:00:56.957+0000][gc,phases   ] GC(477)   Pre Evacuate Collection Set: 4.0ms
[2025-12-24T19:00:56.957+0000][gc,phases   ] GC(477)   Merge Heap Roots: 0.7ms
[2025-12-24T19:00:56.957+0000][gc,phases   ] GC(477)   Evacuate Collection Set: 13.2ms
[2025-12-24T19:00:56.957+0000][gc,phases   ] GC(477)   Post Evacuate Collection Set: 2.2ms
[2025-12-24T19:00:56.957+0000][gc,phases   ] GC(477)   Other: 1.1ms
[2025-12-24T19:00:56.957+0000][gc,heap     ] GC(477) Eden regions: 605->0(606)
[2025-12-24T19:00:56.957+0000][gc,heap     ] GC(477) Survivor regions: 9->8(77)
[2025-12-24T19:00:56.957+0000][gc,heap     ] GC(477) Old regions: 162->162
[2025-12-24T19:00:56.957+0000][gc,heap     ] GC(477) Humongous regions: 151->151
[2025-12-24T19:00:56.958+0000][gc,metaspace] GC(477) Metaspace: 15999K(16384K)->15999K(16384K) NonClass: 14253K(14400K)->14253K(14400K) Class: 1746K(1984K)->1746K(1984K)
[2025-12-24T19:00:56.958+0000][gc          ] GC(477) Pause Young (Normal) (G1 Evacuation Pause) 925M->320M(1024M) 24.690ms
[2025-12-24T19:00:56.958+0000][gc,cpu      ] GC(477) User=0.11s Sys=0.00s Real=0.03s
[2025-12-24T19:01:27.170+0000][gc,start    ] GC(478) Pause Young (Normal) (G1 Evacuation Pause)
[2025-12-24T19:01:27.171+0000][gc,task     ] GC(478) Using 8 workers of 8 for evacuation
[2025-12-24T19:01:27.196+0000][gc,phases   ] GC(478)   Pre Evacuate Collection Set: 1.1ms
[2025-12-24T19:01:27.196+0000][gc,phases   ] GC(478)   Merge Heap Roots: 0.5ms
[2025-12-24T19:01:27.196+0000][gc,phases   ] GC(478)   Evacuate Collection Set: 21.7ms
[2025-12-24T19:01:27.196+0000][gc,phases   ] GC(478)   Post Evacuate Collection Set: 1.1ms
[2025-12-24T19:01:27.196+0000][gc,phases   ] GC(478)   Other: 0.5ms
[2025-12-24T19:01:27.196+0000][gc,heap     ] GC(478) Eden regions: 606->0(604)
[2025-12-24T19:01:27.196+0000][gc,heap     ] GC(478) Survivor regions: 8->10(77)
[2025-12-24T19:01:27.196+0000][gc,heap     ] GC(478) Old regions: 162->162
[2025-12-24T19:01:27.196+0000][gc,heap     ] GC(478) Humongous regions: 151->151
[2025-12-24T19:01:27.196+0000][gc,metaspace] GC(478) Metaspace: 15999K(16384K)->15999K(16384K) NonClass: 14253K(14400K)->14253K(14400K) Class: 1746K(1984K)->1746K(1984K)
[2025-12-24T19:01:27.196+0000][gc          ] GC(478) Pause Young (Normal) (G1 Evacuation Pause) 926M->322M(1024M) 26.191ms
[2025-12-24T19:01:27.196+0000][gc,cpu      ] GC(478) User=0.17s Sys=0.00s Real=0.03s
[2025-12-24T19:01:57.320+0000][gc,start    ] GC(479) Pause Young (Normal) (G1 Evacuation Pause)
[2025-12-24T19:01:57.321+0000][gc,task     ] GC(479) Using 8 workers of 8 for evacuation
[2025-12-24T19:01:57.352+0000][gc,phases   ] GC(479)   Pre Evacuate Collection Set: 1.1ms
[2025-12-24T19:01:57.352+0000][gc,phases   ] GC(479)   Merge Heap Roots: 0.5ms
[2025-12-24T19:01:57.352+0000][gc,phases   ] GC(479)   Evacuate Collection Set: 28.1ms
[2025-12-24T19:01:57.352+0000][gc,phases   ] GC(479)   Post Evacuate Collection Set: 1.3ms
[2025-12-24T19:01:57.353+0000][gc,phases   ] GC(479)   Other: 0.4ms
[2025-12-24T19:01:57.353+0000][gc,heap     ] GC(479) Eden regions: 604->0(606)
[2025-12-24T19:01:57.353+0000][gc,heap     ] GC(479) Survivor regions: 10->8(77)
[2025-12-24T19:01:57.353+0000][gc,heap     ] GC(479) Old regions: 162->163
[2025-12-24T19:01:57.353+0000][gc,heap     ] GC(479) Humongous regions: 151->151
[2025-12-24T19:01:57.353+0000][gc,metaspace] GC(479) Metaspace: 15999K(16384K)->15999K(16384K) NonClass: 14253K(14400K)->14253K(14400K) Class: 1746K(1984K)->1746K(1984K)
[2025-12-24T19:01:57.353+0000][gc          ] GC(479) Pause Young (Normal) (G1 Evacuation Pause) 926M->320M(1024M) 32.970ms
[2025-12-24T19:01:57.353+0000][gc,cpu      ] GC(479) User=0.16s Sys=0.07s Real=0.03s
[2025-12-24T19:02:35.407+0000][gc,start    ] GC(480) Pause Young (Normal) (G1 Evacuation Pause)
[2025-12-24T19:02:35.409+0000][gc,task     ] GC(480) Using 8 workers of 8 for evacuation
[2025-12-24T19:02:35.431+0000][gc,phases   ] GC(480)   Pre Evacuate Collection Set: 3.9ms
[2025-12-24T19:02:35.431+0000][gc,phases   ] GC(480)   Merge Heap Roots: 0.5ms
[2025-12-24T19:02:35.431+0000][gc,phases   ] GC(480)   Evacuate Collection Set: 14.1ms
[2025-12-24T19:02:35.431+0000][gc,phases   ] GC(480)   Post Evacuate Collection Set: 1.9ms
[2025-12-24T19:02:35.431+0000][gc,phases   ] GC(480)   Other: 1.5ms
[2025-12-24T19:02:35.432+0000][gc,heap     ] GC(480) Eden regions: 606->0(607)
[2025-12-24T19:02:35.432+0000][gc,heap     ] GC(480) Survivor regions: 8->7(77)
[2025-12-24T19:02:35.432+0000][gc,heap     ] GC(480) Old regions: 163->163
[2025-12-24T19:02:35.432+0000][gc,heap     ] GC(480) Humongous regions: 151->151
[2025-12-24T19:02:35.432+0000][gc,metaspace] GC(480) Metaspace: 15999K(16384K)->15999K(16384K) NonClass: 14253K(14400K)->14253K(14400K) Class: 1746K(1984K)->1746K(1984K)
[2025-12-24T19:02:35.432+0000][gc          ] GC(480) Pause Young (Normal) (G1 Evacuation Pause) 926M->319M(1024M) 25.069ms
[2025-12-24T19:02:35.432+0000][gc,cpu      ] GC(480) User=0.09s Sys=0.01s Real=0.03s
[2025-12-24T19:03:07.074+0000][gc,start    ] GC(481) Pause Young (Normal) (G1 Evacuation Pause)
[2025-12-24T19:03:07.075+0000][gc,task     ] GC(481) Using 8 workers of 8 for evacuation
[2025-12-24T19:03:07.095+0000][gc,phases   ] GC(481)   Pre Evacuate Collection Set: 1.4ms
[2025-12-24T19:03:07.095+0000][gc,phases   ] GC(481)   Merge Heap Roots: 1.6ms
[2025-12-24T19:03:07.095+0000][gc,phases   ] GC(481)   Evacuate Collection Set: 14.5ms
[2025-12-24T19:03:07.095+0000][gc,phases   ] GC(481)   Post Evacuate Collection Set: 1.3ms
[2025-12-24T19:03:07.096+0000][gc,phases   ] GC(481)   Other: 1.5ms
[2025-12-24T19:03:07.096+0000][gc,heap     ] GC(481) Eden regions: 607->0(606)
[2025-12-24T19:03:07.096+0000][gc,heap     ] GC(481) Survivor regions: 7->8(77)
[2025-12-24T19:03:07.096+0000][gc,heap     ] GC(481) Old regions: 163->163
[2025-12-24T19:03:07.096+0000][gc,heap     ] GC(481) Humongous regions: 151->151
[2025-12-24T19:03:07.096+0000][gc,metaspace] GC(481) Metaspace: 15999K(16384K)->15999K(16384K) NonClass: 14253K(14400K)->14253K(14400K) Class: 1746K(1984K)->1746K(1984K)
[2025-12-24T19:03:07.096+0000][gc          ] GC(481) Pause Young (Normal) (G1 Evacuation Pause) 926M->321M(1024M) 21.665ms
[2025-12-24T19:03:07.096+0000][gc,cpu      ] GC(481) User=0.13s Sys=0.00s Real=0.02s
[2025-12-24T19:03:37.278+0000][gc,start    ] GC(482) Pause Young (Normal) (G1 Evacuation Pause)
[2025-12-24T19:03:37.279+0000][gc,task     ] GC(482) Using 8 workers of 8 for evacuation
[2025-12-24T19:03:37.292+0000][gc,phases   ] GC(482)   Pre Evacuate Collection Set: 1.7ms
[2025-12-24T19:03:37.292+0000][gc,phases   ] GC(482)   Merge Heap Roots: 0.6ms
[2025-12-24T19:03:37.292+0000][gc,phases   ] GC(482)   Evacuate Collection Set: 8.8ms
[2025-12-24T19:03:37.292+0000][gc,phases   ] GC(482)   Post Evacuate Collection Set: 1.3ms
[2025-12-24T19:03:37.292+0000][gc,phases   ] GC(482)   Other: 0.5ms
[2025-12-24T19:03:37.292+0000][gc,heap     ] GC(482) Eden regions: 606->0(604)
[2025-12-24T19:03:37.292+0000][gc,heap     ] GC(482) Survivor regions: 8->10(77)
[2025-12-24T19:03:37.292+0000][gc,heap     ] GC(482) Old regions: 163->164
[2025-12-24T19:03:37.292+0000][gc,heap     ] GC(482) Humongous regions: 151->151
[2025-12-24T19:03:37.293+0000][gc,metaspace] GC(482) Metaspace: 15999K(16384K)->15999K(16384K) NonClass: 14253K(14400K)->14253K(14400K) Class: 1746K(1984K)->1746K(1984K)
[2025-12-24T19:03:37.293+0000][gc          ] GC(482) Pause Young (Normal) (G1 Evacuation Pause) 927M->323M(1024M) 14.748ms
[2025-12-24T19:03:37.293+0000][gc,cpu      ] GC(482) User=0.08s Sys=0.00s Real=0.01s
[2025-12-24T19:04:07.446+0000][gc,start    ] GC(483) Pause Young (Normal) (G1 Evacuation Pause)
[2025-12-24T19:04:07.447+0000][gc,task     ] GC(483) Using 8 workers of 8 for evacuation
[2025-12-24T19:04:07.466+0000][gc,phases   ] GC(483)   Pre Evacuate Collection Set: 1.0ms
[2025-12-24T19:04:07.466+0000][gc,phases   ] GC(483)   Merge Heap Roots: 0.3ms
[2025-12-24T19:04:07.466+0000][gc,phases   ] GC(483)   Evacuate Collection Set: 15.0ms
[2025-12-24T19:04:07.466+0000][gc,phases   ] GC(483)   Post Evacuate Collection Set: 2.3ms
[2025-12-24T19:04:07.466+0000][gc,phases   ] GC(483)   Other: 0.6ms
[2025-12-24T19:04:07.466+0000][gc,heap     ] GC(483) Eden regions: 604->0(603)
[2025-12-24T19:04:07.466+0000][gc,heap     ] GC(483) Survivor regions: 10->11(77)
[2025-12-24T19:04:07.466+0000][gc,heap     ] GC(483) Old regions: 164->164
[2025-12-24T19:04:07.466+0000][gc,heap     ] GC(483) Humongous regions: 151->151
[2025-12-24T19:04:07.467+0000][gc,metaspace] GC(483) Metaspace: 15999K(16384K)->15999K(16384K) NonClass: 14253K(14400K)->14253K(14400K) Class: 1746K(1984K)->1746K(1984K)
[2025-12-24T19:04:07.467+0000][gc          ] GC(483) Pause Young (Normal) (G1 Evacuation Pause) 927M->324M(1024M) 20.660ms
[2025-12-24T19:04:07.467+0000][gc,cpu      ] GC(483) User=0.12s Sys=0.00s Real=0.02s
[2025-12-24T19:04:47.049+0000][gc,start    ] GC(484) Pause Young (Normal) (G1 Evacuation Pause)
[2025-12-24T19:04:47.051+0000][gc,task     ] GC(484) Using 8 workers of 8 for evacuation
[2025-12-24T19:04:47.066+0000][gc,phases   ] GC(484)   Pre Evacuate Collection Set: 3.6ms
[2025-12-24T19:04:47.066+0000][gc,phases   ] GC(484)   Merge Heap Roots: 0.4ms
[2025-12-24T19:04:47.066+0000][gc,phases   ] GC(484)   Evacuate Collection Set: 9.3ms
[2025-12-24T19:04:47.066+0000][gc,phases   ] GC(484)   Post Evacuate Collection Set: 1.7ms
[2025-12-24T19:04:47.066+0000][gc,phases   ] GC(484)   Other: 0.8ms
[2025-12-24T19:04:47.067+0000][gc,heap     ] GC(484) Eden regions: 603->0(607)
[2025-12-24T19:04:47.067+0000][gc,heap     ] GC(484) Survivor regions: 11->7(77)
[2025-12-24T19:04:47.067+0000][gc,heap     ] GC(484) Old regions: 164->164
[2025-12-24T19:04:47.067+0000][gc,heap     ] GC(484) Humongous regions: 151->151
[2025-12-24T19:04:47.067+0000][gc,metaspace] GC(484) Metaspace: 15999K(16384K)->15999K(16384K) NonClass: 14253K(14400K)->14253K(14400K) Class: 1746K(1984K)->1746K(1984K)
[2025-12-24T19:04:47.067+0000][gc          ] GC(484) Pause Young (Normal) (G1 Evacuation Pause) 927M->321M(1024M) 18.196ms
[2025-12-24T19:04:47.067+0000][gc,cpu      ] GC(484) User=0.09s Sys=0.00s Real=0.02s
[2025-12-24T19:05:17.256+0000][gc,start    ] GC(485) Pause Young (Normal) (G1 Evacuation Pause)
[2025-12-24T19:05:17.257+0000][gc,task     ] GC(485) Using 8 workers of 8 for evacuation
[2025-12-24T19:05:17.277+0000][gc,phases   ] GC(485)   Pre Evacuate Collection Set: 1.0ms
[2025-12-24T19:05:17.277+0000][gc,phases   ] GC(485)   Merge Heap Roots: 0.4ms
[2025-12-24T19:05:17.277+0000][gc,phases   ] GC(485)   Evacuate Collection Set: 16.9ms
[2025-12-24T19:05:17.277+0000][gc,phases   ] GC(485)   Post Evacuate Collection Set: 1.1ms
[2025-12-24T19:05:17.277+0000][gc,phases   ] GC(485)   Other: 0.4ms
[2025-12-24T19:05:17.277+0000][gc,heap     ] GC(485) Eden regions: 607->0(606)
[2025-12-24T19:05:17.277+0000][gc,heap     ] GC(485) Survivor regions: 7->8(77)
[2025-12-24T19:05:17.277+0000][gc,heap     ] GC(485) Old regions: 164->165
[2025-12-24T19:05:17.277+0000][gc,heap     ] GC(485) Humongous regions: 151->151
[2025-12-24T19:05:17.277+0000][gc,metaspace] GC(485) Metaspace: 15999K(16384K)->15999K(16384K) NonClass: 14253K(14400K)->14253K(14400K) Class: 1746K(1984K)->1746K(1984K)
[2025-12-24T19:05:17.277+0000][gc          ] GC(485) Pause Young (Normal) (G1 Evacuation Pause) 928M->322M(1024M) 20.985ms
[2025-12-24T19:05:17.278+0000][gc,cpu      ] GC(485) User=0.13s Sys=0.01s Real=0.02s
[2025-12-24T19:05:47.458+0000][gc,start    ] GC(486) Pause Young (Normal) (G1 Evacuation Pause)
[2025-12-24T19:05:47.458+0000][gc,task     ] GC(486) Using 8 workers of 8 for evacuation
[2025-12-24T19:05:47.483+0000][gc,phases   ] GC(486)   Pre Evacuate Collection Set: 1.2ms
[2025-12-24T19:05:47.483+0000][gc,phases   ] GC(486)   Merge Heap Roots: 0.4ms
[2025-12-24T19:05:47.483+0000][gc,phases   ] GC(486)   Evacuate Collection Set: 19.9ms
[2025-12-24T19:05:47.483+0000][gc,phases   ] GC(486)   Post Evacuate Collection Set: 2.2ms
[2025-12-24T19:05:47.483+0000][gc,phases   ] GC(486)   Other: 0.4ms
[2025-12-24T19:05:47.483+0000][gc,heap     ] GC(486) Eden regions: 606->0(604)
[2025-12-24T19:05:47.483+0000][gc,heap     ] GC(486) Survivor regions: 8->10(77)
[2025-12-24T19:05:47.483+0000][gc,heap     ] GC(486) Old regions: 165->165
[2025-12-24T19:05:47.483+0000][gc,heap     ] GC(486) Humongous regions: 151->151
[2025-12-24T19:05:47.483+0000][gc,metaspace] GC(486) Metaspace: 15999K(16384K)->15999K(16384K) NonClass: 14253K(14400K)->14253K(14400K) Class: 1746K(1984K)->1746K(1984K)
[2025-12-24T19:05:47.483+0000][gc          ] GC(486) Pause Young (Normal) (G1 Evacuation Pause) 928M->325M(1024M) 25.465ms
[2025-12-24T19:05:47.483+0000][gc,cpu      ] GC(486) User=0.16s Sys=0.00s Real=0.03s
[2025-12-24T19:06:27.018+0000][gc,start    ] GC(487) Pause Young (Normal) (G1 Evacuation Pause)
[2025-12-24T19:06:27.021+0000][gc,task     ] GC(487) Using 8 workers of 8 for evacuation
[2025-12-24T19:06:27.036+0000][gc,phases   ] GC(487)   Pre Evacuate Collection Set: 2.8ms
[2025-12-24T19:06:27.036+0000][gc,phases   ] GC(487)   Merge Heap Roots: 0.4ms
[2025-12-24T19:06:27.036+0000][gc,phases   ] GC(487)   Evacuate Collection Set: 10.2ms
[2025-12-24T19:06:27.036+0000][gc,phases   ] GC(487)   Post Evacuate Collection Set: 1.4ms
[2025-12-24T19:06:27.037+0000][gc,phases   ] GC(487)   Other: 1.2ms
[2025-12-24T19:06:27.037+0000][gc,heap     ] GC(487) Eden regions: 604->0(605)
[2025-12-24T19:06:27.037+0000][gc,heap     ] GC(487) Survivor regions: 10->9(77)
[2025-12-24T19:06:27.037+0000][gc,heap     ] GC(487) Old regions: 165->165
[2025-12-24T19:06:27.037+0000][gc,heap     ] GC(487) Humongous regions: 151->151
[2025-12-24T19:06:27.037+0000][gc,metaspace] GC(487) Metaspace: 15999K(16384K)->15999K(16384K) NonClass: 14253K(14400K)->14253K(14400K) Class: 1746K(1984K)->1746K(1984K)
[2025-12-24T19:06:27.037+0000][gc          ] GC(487) Pause Young (Normal) (G1 Evacuation Pause) 929M->324M(1024M) 18.859ms
[2025-12-24T19:06:27.037+0000][gc,cpu      ] GC(487) User=0.10s Sys=0.00s Real=0.01s
[2025-12-24T19:06:57.211+0000][gc,start    ] GC(488) Pause Young (Normal) (G1 Evacuation Pause)
[2025-12-24T19:06:57.212+0000][gc,task     ] GC(488) Using 8 workers of 8 for evacuation
[2025-12-24T19:06:57.232+0000][gc,phases   ] GC(488)   Pre Evacuate Collection Set: 1.9ms
[2025-12-24T19:06:57.232+0000][gc,phases   ] GC(488)   Merge Heap Roots: 1.1ms
[2025-12-24T19:06:57.232+0000][gc,phases   ] GC(488)   Evacuate Collection Set: 15.2ms
[2025-12-24T19:06:57.232+0000][gc,phases   ] GC(488)   Post Evacuate Collection Set: 1.3ms
[2025-12-24T19:06:57.232+0000][gc,phases   ] GC(488)   Other: 0.5ms
[2025-12-24T19:06:57.232+0000][gc,heap     ] GC(488) Eden regions: 605->0(604)
[2025-12-24T19:06:57.232+0000][gc,heap     ] GC(488) Survivor regions: 9->10(77)
[2025-12-24T19:06:57.232+0000][gc,heap     ] GC(488) Old regions: 165->166
[2025-12-24T19:06:57.233+0000][gc,heap     ] GC(488) Humongous regions: 151->151
[2025-12-24T19:06:57.233+0000][gc,metaspace] GC(488) Metaspace: 15999K(16384K)->15999K(16384K) NonClass: 14253K(14400K)->14253K(14400K) Class: 1746K(1984K)->1746K(1984K)
[2025-12-24T19:06:57.233+0000][gc          ] GC(488) Pause Young (Normal) (G1 Evacuation Pause) 929M->325M(1024M) 21.276ms
[2025-12-24T19:06:57.233+0000][gc,cpu      ] GC(488) User=0.14s Sys=0.00s Real=0.02s
[2025-12-24T19:07:27.360+0000][gc,start    ] GC(489) Pause Young (Normal) (G1 Evacuation Pause)
[2025-12-24T19:07:27.360+0000][gc,task     ] GC(489) Using 8 workers of 8 for evacuation
[2025-12-24T19:07:27.378+0000][gc,phases   ] GC(489)   Pre Evacuate Collection Set: 1.2ms
[2025-12-24T19:07:27.378+0000][gc,phases   ] GC(489)   Merge Heap Roots: 0.3ms
[2025-12-24T19:07:27.378+0000][gc,phases   ] GC(489)   Evacuate Collection Set: 13.9ms
[2025-12-24T19:07:27.378+0000][gc,phases   ] GC(489)   Post Evacuate Collection Set: 1.8ms
[2025-12-24T19:07:27.378+0000][gc,phases   ] GC(489)   Other: 0.4ms
[2025-12-24T19:07:27.378+0000][gc,heap     ] GC(489) Eden regions: 604->0(606)
[2025-12-24T19:07:27.378+0000][gc,heap     ] GC(489) Survivor regions: 10->8(77)
[2025-12-24T19:07:27.378+0000][gc,heap     ] GC(489) Old regions: 166->166
[2025-12-24T19:07:27.378+0000][gc,heap     ] GC(489) Humongous regions: 151->151
[2025-12-24T19:07:27.378+0000][gc,metaspace] GC(489) Metaspace: 15999K(16384K)->15999K(16384K) NonClass: 14253K(14400K)->14253K(14400K) Class: 1746K(1984K)->1746K(1984K)
[2025-12-24T19:07:27.378+0000][gc          ] GC(489) Pause Young (Normal) (G1 Evacuation Pause) 929M->324M(1024M) 18.719ms
[2025-12-24T19:07:27.378+0000][gc,cpu      ] GC(489) User=0.10s Sys=0.00s Real=0.02s
[2025-12-24T19:08:06.983+0000][gc,start    ] GC(490) Pause Young (Normal) (G1 Evacuation Pause)
[2025-12-24T19:08:06.984+0000][gc,task     ] GC(490) Using 8 workers of 8 for evacuation
[2025-12-24T19:08:07.003+0000][gc,phases   ] GC(490)   Pre Evacuate Collection Set: 1.2ms
[2025-12-24T19:08:07.003+0000][gc,phases   ] GC(490)   Merge Heap Roots: 0.5ms
[2025-12-24T19:08:07.003+0000][gc,phases   ] GC(490)   Evacuate Collection Set: 13.9ms
[2025-12-24T19:08:07.003+0000][gc,phases   ] GC(490)   Post Evacuate Collection Set: 2.7ms
[2025-12-24T19:08:07.003+0000][gc,phases   ] GC(490)   Other: 0.5ms
[2025-12-24T19:08:07.003+0000][gc,heap     ] GC(490) Eden regions: 606->0(607)
[2025-12-24T19:08:07.003+0000][gc,heap     ] GC(490) Survivor regions: 8->7(77)
[2025-12-24T19:08:07.003+0000][gc,heap     ] GC(490) Old regions: 166->166
[2025-12-24T19:08:07.003+0000][gc,heap     ] GC(490) Humongous regions: 151->151
[2025-12-24T19:08:07.003+0000][gc,metaspace] GC(490) Metaspace: 15999K(16384K)->15999K(16384K) NonClass: 14253K(14400K)->14253K(14400K) Class: 1746K(1984K)->1746K(1984K)
[2025-12-24T19:08:07.004+0000][gc          ] GC(490) Pause Young (Normal) (G1 Evacuation Pause) 930M->323M(1024M) 20.815ms
[2025-12-24T19:08:07.004+0000][gc,cpu      ] GC(490) User=0.12s Sys=0.01s Real=0.03s
[2025-12-24T19:08:37.167+0000][gc,start    ] GC(491) Pause Young (Normal) (G1 Evacuation Pause)
[2025-12-24T19:08:37.167+0000][gc,task     ] GC(491) Using 8 workers of 8 for evacuation
[2025-12-24T19:08:37.181+0000][gc,phases   ] GC(491)   Pre Evacuate Collection Set: 1.2ms
[2025-12-24T19:08:37.181+0000][gc,phases   ] GC(491)   Merge Heap Roots: 0.3ms
[2025-12-24T19:08:37.182+0000][gc,phases   ] GC(491)   Evacuate Collection Set: 11.1ms
[2025-12-24T19:08:37.182+0000][gc,phases   ] GC(491)   Post Evacuate Collection Set: 1.2ms
[2025-12-24T19:08:37.182+0000][gc,phases   ] GC(491)   Other: 0.3ms
[2025-12-24T19:08:37.182+0000][gc,heap     ] GC(491) Eden regions: 607->0(606)
[2025-12-24T19:08:37.182+0000][gc,heap     ] GC(491) Survivor regions: 7->8(77)
[2025-12-24T19:08:37.182+0000][gc,heap     ] GC(491) Old regions: 166->167
[2025-12-24T19:08:37.182+0000][gc,heap     ] GC(491) Humongous regions: 151->151
[2025-12-24T19:08:37.182+0000][gc,metaspace] GC(491) Metaspace: 15999K(16384K)->15999K(16384K) NonClass: 14253K(14400K)->14253K(14400K) Class: 1746K(1984K)->1746K(1984K)
[2025-12-24T19:08:37.182+0000][gc          ] GC(491) Pause Young (Normal) (G1 Evacuation Pause) 930M->325M(1024M) 15.191ms
[2025-12-24T19:08:37.182+0000][gc,cpu      ] GC(491) User=0.09s Sys=0.00s Real=0.02s
[2025-12-24T19:09:07.340+0000][gc,start    ] GC(492) Pause Young (Normal) (G1 Evacuation Pause)
[2025-12-24T19:09:07.340+0000][gc,task     ] GC(492) Using 8 workers of 8 for evacuation
[2025-12-24T19:09:07.359+0000][gc,phases   ] GC(492)   Pre Evacuate Collection Set: 1.3ms
[2025-12-24T19:09:07.359+0000][gc,phases   ] GC(492)   Merge Heap Roots: 0.8ms
[2025-12-24T19:09:07.359+0000][gc,phases   ] GC(492)   Evacuate Collection Set: 15.5ms
[2025-12-24T19:09:07.359+0000][gc,phases   ] GC(492)   Post Evacuate Collection Set: 1.1ms
[2025-12-24T19:09:07.359+0000][gc,phases   ] GC(492)   Other: 0.2ms
[2025-12-24T19:09:07.359+0000][gc,heap     ] GC(492) Eden regions: 606->0(604)
[2025-12-24T19:09:07.359+0000][gc,heap     ] GC(492) Survivor regions: 8->10(77)
[2025-12-24T19:09:07.359+0000][gc,heap     ] GC(492) Old regions: 167->167
[2025-12-24T19:09:07.360+0000][gc,heap     ] GC(492) Humongous regions: 151->151
[2025-12-24T19:09:07.360+0000][gc,metaspace] GC(492) Metaspace: 15999K(16384K)->15999K(16384K) NonClass: 14253K(14400K)->14253K(14400K) Class: 1746K(1984K)->1746K(1984K)
[2025-12-24T19:09:07.360+0000][gc          ] GC(492) Pause Young (Normal) (G1 Evacuation Pause) 931M->327M(1024M) 19.949ms
[2025-12-24T19:09:07.360+0000][gc,cpu      ] GC(492) User=0.12s Sys=0.00s Real=0.02s
[2025-12-24T19:09:46.911+0000][gc,start    ] GC(493) Pause Young (Normal) (G1 Evacuation Pause)
[2025-12-24T19:09:46.912+0000][gc,task     ] GC(493) Using 8 workers of 8 for evacuation
[2025-12-24T19:09:46.946+0000][gc,phases   ] GC(493)   Pre Evacuate Collection Set: 1.8ms
[2025-12-24T19:09:46.946+0000][gc,phases   ] GC(493)   Merge Heap Roots: 0.6ms
[2025-12-24T19:09:46.947+0000][gc,phases   ] GC(493)   Evacuate Collection Set: 25.9ms
[2025-12-24T19:09:46.948+0000][gc,phases   ] GC(493)   Post Evacuate Collection Set: 4.3ms
[2025-12-24T19:09:46.948+0000][gc,phases   ] GC(493)   Other: 0.7ms
[2025-12-24T19:09:46.949+0000][gc,heap     ] GC(493) Eden regions: 604->0(605)
[2025-12-24T19:09:46.949+0000][gc,heap     ] GC(493) Survivor regions: 10->9(77)
[2025-12-24T19:09:46.949+0000][gc,heap     ] GC(493) Old regions: 167->167
[2025-12-24T19:09:46.950+0000][gc,heap     ] GC(493) Humongous regions: 151->151
[2025-12-24T19:09:46.951+0000][gc,metaspace] GC(493) Metaspace: 15999K(16384K)->15999K(16384K) NonClass: 14253K(14400K)->14253K(14400K) Class: 1746K(1984K)->1746K(1984K)
[2025-12-24T19:09:46.952+0000][gc          ] GC(493) Pause Young (Normal) (G1 Evacuation Pause) 931M->326M(1024M) 40.557ms
[2025-12-24T19:09:46.952+0000][gc,cpu      ] GC(493) User=0.16s Sys=0.01s Real=0.04s
[2025-12-24T19:10:17.113+0000][gc,start    ] GC(494) Pause Young (Normal) (G1 Evacuation Pause)
[2025-12-24T19:10:17.114+0000][gc,task     ] GC(494) Using 8 workers of 8 for evacuation
[2025-12-24T19:10:17.133+0000][gc,phases   ] GC(494)   Pre Evacuate Collection Set: 3.6ms
[2025-12-24T19:10:17.133+0000][gc,phases   ] GC(494)   Merge Heap Roots: 2.0ms
[2025-12-24T19:10:17.133+0000][gc,phases   ] GC(494)   Evacuate Collection Set: 11.1ms
[2025-12-24T19:10:17.133+0000][gc,phases   ] GC(494)   Post Evacuate Collection Set: 1.3ms
[2025-12-24T19:10:17.133+0000][gc,phases   ] GC(494)   Other: 1.0ms
[2025-12-24T19:10:17.133+0000][gc,heap     ] GC(494) Eden regions: 605->0(607)
[2025-12-24T19:10:17.133+0000][gc,heap     ] GC(494) Survivor regions: 9->7(77)
[2025-12-24T19:10:17.133+0000][gc,heap     ] GC(494) Old regions: 167->168
[2025-12-24T19:10:17.133+0000][gc,heap     ] GC(494) Humongous regions: 151->151
[2025-12-24T19:10:17.133+0000][gc,metaspace] GC(494) Metaspace: 15999K(16384K)->15999K(16384K) NonClass: 14253K(14400K)->14253K(14400K) Class: 1746K(1984K)->1746K(1984K)
[2025-12-24T19:10:17.133+0000][gc          ] GC(494) Pause Young (Normal) (G1 Evacuation Pause) 931M->324M(1024M) 20.561ms
[2025-12-24T19:10:17.133+0000][gc,cpu      ] GC(494) User=0.11s Sys=0.00s Real=0.02s
[2025-12-24T19:10:47.310+0000][gc,start    ] GC(495) Pause Young (Normal) (G1 Evacuation Pause)
[2025-12-24T19:10:47.311+0000][gc,task     ] GC(495) Using 8 workers of 8 for evacuation
[2025-12-24T19:10:47.326+0000][gc,phases   ] GC(495)   Pre Evacuate Collection Set: 1.2ms
[2025-12-24T19:10:47.327+0000][gc,phases   ] GC(495)   Merge Heap Roots: 0.4ms
[2025-12-24T19:10:47.327+0000][gc,phases   ] GC(495)   Evacuate Collection Set: 10.4ms
[2025-12-24T19:10:47.327+0000][gc,phases   ] GC(495)   Post Evacuate Collection Set: 3.2ms
[2025-12-24T19:10:47.327+0000][gc,phases   ] GC(495)   Other: 0.3ms
[2025-12-24T19:10:47.327+0000][gc,heap     ] GC(495) Eden regions: 607->0(606)
[2025-12-24T19:10:47.327+0000][gc,heap     ] GC(495) Survivor regions: 7->8(77)
[2025-12-24T19:10:47.327+0000][gc,heap     ] GC(495) Old regions: 168->168
[2025-12-24T19:10:47.327+0000][gc,heap     ] GC(495) Humongous regions: 151->151
[2025-12-24T19:10:47.327+0000][gc,metaspace] GC(495) Metaspace: 15999K(16384K)->15999K(16384K) NonClass: 14253K(14400K)->14253K(14400K) Class: 1746K(1984K)->1746K(1984K)
[2025-12-24T19:10:47.327+0000][gc          ] GC(495) Pause Young (Normal) (G1 Evacuation Pause) 931M->326M(1024M) 16.777ms
[2025-12-24T19:10:47.327+0000][gc,cpu      ] GC(495) User=0.08s Sys=0.01s Real=0.02s
[2025-12-24T19:11:21.899+0000][gc,start    ] GC(496) Pause Young (Normal) (G1 Evacuation Pause)
[2025-12-24T19:11:21.900+0000][gc,task     ] GC(496) Using 8 workers of 8 for evacuation
[2025-12-24T19:11:21.918+0000][gc,phases   ] GC(496)   Pre Evacuate Collection Set: 1.2ms
[2025-12-24T19:11:21.918+0000][gc,phases   ] GC(496)   Merge Heap Roots: 0.5ms
[2025-12-24T19:11:21.918+0000][gc,phases   ] GC(496)   Evacuate Collection Set: 14.5ms
[2025-12-24T19:11:21.918+0000][gc,phases   ] GC(496)   Post Evacuate Collection Set: 1.4ms
[2025-12-24T19:11:21.918+0000][gc,phases   ] GC(496)   Other: 0.4ms
[2025-12-24T19:11:21.918+0000][gc,heap     ] GC(496) Eden regions: 606->0(607)
[2025-12-24T19:11:21.918+0000][gc,heap     ] GC(496) Survivor regions: 8->7(77)
[2025-12-24T19:11:21.918+0000][gc,heap     ] GC(496) Old regions: 168->168
[2025-12-24T19:11:21.918+0000][gc,heap     ] GC(496) Humongous regions: 151->151
[2025-12-24T19:11:21.918+0000][gc,metaspace] GC(496) Metaspace: 15999K(16384K)->15999K(16384K) NonClass: 14253K(14400K)->14253K(14400K) Class: 1746K(1984K)->1746K(1984K)
[2025-12-24T19:11:21.919+0000][gc          ] GC(496) Pause Young (Normal) (G1 Evacuation Pause) 932M->325M(1024M) 19.435ms
[2025-12-24T19:11:21.919+0000][gc,cpu      ] GC(496) User=0.08s Sys=0.01s Real=0.02s
[2025-12-24T19:11:57.079+0000][gc,start    ] GC(497) Pause Young (Normal) (G1 Evacuation Pause)
[2025-12-24T19:11:57.080+0000][gc,task     ] GC(497) Using 8 workers of 8 for evacuation
[2025-12-24T19:11:57.098+0000][gc,phases   ] GC(497)   Pre Evacuate Collection Set: 1.2ms
[2025-12-24T19:11:57.098+0000][gc,phases   ] GC(497)   Merge Heap Roots: 0.5ms
[2025-12-24T19:11:57.098+0000][gc,phases   ] GC(497)   Evacuate Collection Set: 15.1ms
[2025-12-24T19:11:57.098+0000][gc,phases   ] GC(497)   Post Evacuate Collection Set: 1.2ms
[2025-12-24T19:11:57.098+0000][gc,phases   ] GC(497)   Other: 0.4ms
[2025-12-24T19:11:57.098+0000][gc,heap     ] GC(497) Eden regions: 607->0(605)
[2025-12-24T19:11:57.099+0000][gc,heap     ] GC(497) Survivor regions: 7->9(77)
[2025-12-24T19:11:57.099+0000][gc,heap     ] GC(497) Old regions: 168->169
[2025-12-24T19:11:57.099+0000][gc,heap     ] GC(497) Humongous regions: 151->151
[2025-12-24T19:11:57.099+0000][gc,metaspace] GC(497) Metaspace: 15999K(16384K)->15999K(16384K) NonClass: 14253K(14400K)->14253K(14400K) Class: 1746K(1984K)->1746K(1984K)
[2025-12-24T19:11:57.099+0000][gc          ] GC(497) Pause Young (Normal) (G1 Evacuation Pause) 932M->327M(1024M) 19.448ms
[2025-12-24T19:11:57.099+0000][gc,cpu      ] GC(497) User=0.10s Sys=0.01s Real=0.02s
[2025-12-24T19:12:27.284+0000][gc,start    ] GC(498) Pause Young (Normal) (G1 Evacuation Pause)
[2025-12-24T19:12:27.284+0000][gc,task     ] GC(498) Using 8 workers of 8 for evacuation
[2025-12-24T19:12:27.299+0000][gc,phases   ] GC(498)   Pre Evacuate Collection Set: 1.1ms
[2025-12-24T19:12:27.299+0000][gc,phases   ] GC(498)   Merge Heap Roots: 0.4ms
[2025-12-24T19:12:27.299+0000][gc,phases   ] GC(498)   Evacuate Collection Set: 8.3ms
[2025-12-24T19:12:27.299+0000][gc,phases   ] GC(498)   Post Evacuate Collection Set: 4.5ms
[2025-12-24T19:12:27.299+0000][gc,phases   ] GC(498)   Other: 0.3ms
[2025-12-24T19:12:27.299+0000][gc,heap     ] GC(498) Eden regions: 605->0(604)
[2025-12-24T19:12:27.299+0000][gc,heap     ] GC(498) Survivor regions: 9->10(77)
[2025-12-24T19:12:27.299+0000][gc,heap     ] GC(498) Old regions: 169->169
[2025-12-24T19:12:27.299+0000][gc,heap     ] GC(498) Humongous regions: 151->151
[2025-12-24T19:12:27.299+0000][gc,metaspace] GC(498) Metaspace: 15999K(16384K)->15999K(16384K) NonClass: 14253K(14400K)->14253K(14400K) Class: 1746K(1984K)->1746K(1984K)
[2025-12-24T19:12:27.300+0000][gc          ] GC(498) Pause Young (Normal) (G1 Evacuation Pause) 932M->329M(1024M) 15.705ms
[2025-12-24T19:12:27.300+0000][gc,cpu      ] GC(498) User=0.09s Sys=0.00s Real=0.02s
[2025-12-24T19:12:57.460+0000][gc,start    ] GC(499) Pause Young (Normal) (G1 Evacuation Pause)
[2025-12-24T19:12:57.461+0000][gc,task     ] GC(499) Using 8 workers of 8 for evacuation
[2025-12-24T19:12:57.483+0000][gc,phases   ] GC(499)   Pre Evacuate Collection Set: 1.2ms
[2025-12-24T19:12:57.483+0000][gc,phases   ] GC(499)   Merge Heap Roots: 0.4ms
[2025-12-24T19:12:57.483+0000][gc,phases   ] GC(499)   Evacuate Collection Set: 13.9ms
[2025-12-24T19:12:57.483+0000][gc,phases   ] GC(499)   Post Evacuate Collection Set: 5.7ms
[2025-12-24T19:12:57.483+0000][gc,phases   ] GC(499)   Other: 0.5ms
[2025-12-24T19:12:57.483+0000][gc,heap     ] GC(499) Eden regions: 604->0(602)
[2025-12-24T19:12:57.483+0000][gc,heap     ] GC(499) Survivor regions: 10->12(77)
[2025-12-24T19:12:57.483+0000][gc,heap     ] GC(499) Old regions: 169->169
[2025-12-24T19:12:57.483+0000][gc,heap     ] GC(499) Humongous regions: 151->151
[2025-12-24T19:12:57.484+0000][gc,metaspace] GC(499) Metaspace: 15999K(16384K)->15999K(16384K) NonClass: 14253K(14400K)->14253K(14400K) Class: 1746K(1984K)->1746K(1984K)
[2025-12-24T19:12:57.484+0000][gc          ] GC(499) Pause Young (Normal) (G1 Evacuation Pause) 933M->331M(1024M) 24.061ms
[2025-12-24T19:12:57.484+0000][gc,cpu      ] GC(499) User=0.13s Sys=0.00s Real=0.02s
[2025-12-24T19:13:37.032+0000][gc,start    ] GC(500) Pause Young (Normal) (G1 Evacuation Pause)
[2025-12-24T19:13:37.033+0000][gc,task     ] GC(500) Using 8 workers of 8 for evacuation
[2025-12-24T19:13:37.050+0000][gc,phases   ] GC(500)   Pre Evacuate Collection Set: 1.2ms
[2025-12-24T19:13:37.050+0000][gc,phases   ] GC(500)   Merge Heap Roots: 0.4ms
[2025-12-24T19:13:37.050+0000][gc,phases   ] GC(500)   Evacuate Collection Set: 13.6ms
[2025-12-24T19:13:37.050+0000][gc,phases   ] GC(500)   Post Evacuate Collection Set: 1.7ms
[2025-12-24T19:13:37.050+0000][gc,phases   ] GC(500)   Other: 0.4ms
[2025-12-24T19:13:37.051+0000][gc,heap     ] GC(500) Eden regions: 602->0(607)
[2025-12-24T19:13:37.051+0000][gc,heap     ] GC(500) Survivor regions: 12->7(77)
[2025-12-24T19:13:37.051+0000][gc,heap     ] GC(500) Old regions: 169->170
[2025-12-24T19:13:37.051+0000][gc,heap     ] GC(500) Humongous regions: 151->151
[2025-12-24T19:13:37.051+0000][gc,metaspace] GC(500) Metaspace: 15999K(16384K)->15999K(16384K) NonClass: 14253K(14400K)->14253K(14400K) Class: 1746K(1984K)->1746K(1984K)
[2025-12-24T19:13:37.051+0000][gc          ] GC(500) Pause Young (Normal) (G1 Evacuation Pause) 933M->326M(1024M) 18.563ms
[2025-12-24T19:13:37.051+0000][gc,cpu      ] GC(500) User=0.11s Sys=0.01s Real=0.02s
[2025-12-24T19:14:07.232+0000][gc,start    ] GC(501) Pause Young (Normal) (G1 Evacuation Pause)
[2025-12-24T19:14:07.233+0000][gc,task     ] GC(501) Using 8 workers of 8 for evacuation
[2025-12-24T19:14:07.246+0000][gc,phases   ] GC(501)   Pre Evacuate Collection Set: 1.1ms
[2025-12-24T19:14:07.246+0000][gc,phases   ] GC(501)   Merge Heap Roots: 0.4ms
[2025-12-24T19:14:07.246+0000][gc,phases   ] GC(501)   Evacuate Collection Set: 9.8ms
[2025-12-24T19:14:07.246+0000][gc,phases   ] GC(501)   Post Evacuate Collection Set: 1.2ms
[2025-12-24T19:14:07.246+0000][gc,phases   ] GC(501)   Other: 0.3ms
[2025-12-24T19:14:07.246+0000][gc,heap     ] GC(501) Eden regions: 607->0(605)
[2025-12-24T19:14:07.246+0000][gc,heap     ] GC(501) Survivor regions: 7->9(77)
[2025-12-24T19:14:07.246+0000][gc,heap     ] GC(501) Old regions: 170->170
[2025-12-24T19:14:07.246+0000][gc,heap     ] GC(501) Humongous regions: 151->151
[2025-12-24T19:14:07.246+0000][gc,metaspace] GC(501) Metaspace: 15999K(16384K)->15999K(16384K) NonClass: 14253K(14400K)->14253K(14400K) Class: 1746K(1984K)->1746K(1984K)
[2025-12-24T19:14:07.246+0000][gc          ] GC(501) Pause Young (Normal) (G1 Evacuation Pause) 933M->328M(1024M) 14.530ms
[2025-12-24T19:14:07.246+0000][gc,cpu      ] GC(501) User=0.07s Sys=0.00s Real=0.02s
[2025-12-24T19:14:37.393+0000][gc,start    ] GC(502) Pause Young (Normal) (G1 Evacuation Pause)
[2025-12-24T19:14:37.394+0000][gc,task     ] GC(502) Using 8 workers of 8 for evacuation
[2025-12-24T19:14:37.417+0000][gc,phases   ] GC(502)   Pre Evacuate Collection Set: 1.2ms
[2025-12-24T19:14:37.417+0000][gc,phases   ] GC(502)   Merge Heap Roots: 0.4ms
[2025-12-24T19:14:37.417+0000][gc,phases   ] GC(502)   Evacuate Collection Set: 19.4ms
[2025-12-24T19:14:37.417+0000][gc,phases   ] GC(502)   Post Evacuate Collection Set: 1.3ms
[2025-12-24T19:14:37.417+0000][gc,phases   ] GC(502)   Other: 0.5ms
[2025-12-24T19:14:37.417+0000][gc,heap     ] GC(502) Eden regions: 605->0(604)
[2025-12-24T19:14:37.417+0000][gc,heap     ] GC(502) Survivor regions: 9->10(77)
[2025-12-24T19:14:37.417+0000][gc,heap     ] GC(502) Old regions: 170->170
[2025-12-24T19:14:37.417+0000][gc,heap     ] GC(502) Humongous regions: 151->151
[2025-12-24T19:14:37.417+0000][gc,metaspace] GC(502) Metaspace: 15999K(16384K)->15999K(16384K) NonClass: 14253K(14400K)->14253K(14400K) Class: 1746K(1984K)->1746K(1984K)
[2025-12-24T19:14:37.417+0000][gc          ] GC(502) Pause Young (Normal) (G1 Evacuation Pause) 933M->330M(1024M) 24.175ms
[2025-12-24T19:14:37.417+0000][gc,cpu      ] GC(502) User=0.15s Sys=0.01s Real=0.02s
[2025-12-24T19:15:16.982+0000][gc,start    ] GC(503) Pause Young (Normal) (G1 Evacuation Pause)
[2025-12-24T19:15:16.983+0000][gc,task     ] GC(503) Using 8 workers of 8 for evacuation
[2025-12-24T19:15:17.006+0000][gc,phases   ] GC(503)   Pre Evacuate Collection Set: 1.3ms
[2025-12-24T19:15:17.006+0000][gc,phases   ] GC(503)   Merge Heap Roots: 0.5ms
[2025-12-24T19:15:17.006+0000][gc,phases   ] GC(503)   Evacuate Collection Set: 19.2ms
[2025-12-24T19:15:17.006+0000][gc,phases   ] GC(503)   Post Evacuate Collection Set: 1.6ms
[2025-12-24T19:15:17.007+0000][gc,phases   ] GC(503)   Other: 0.3ms
[2025-12-24T19:15:17.007+0000][gc,heap     ] GC(503) Eden regions: 604->0(605)
[2025-12-24T19:15:17.007+0000][gc,heap     ] GC(503) Survivor regions: 10->9(77)
[2025-12-24T19:15:17.007+0000][gc,heap     ] GC(503) Old regions: 170->171
[2025-12-24T19:15:17.007+0000][gc,heap     ] GC(503) Humongous regions: 151->151
[2025-12-24T19:15:17.007+0000][gc,metaspace] GC(503) Metaspace: 15999K(16384K)->15999K(16384K) NonClass: 14253K(14400K)->14253K(14400K) Class: 1746K(1984K)->1746K(1984K)
[2025-12-24T19:15:17.007+0000][gc          ] GC(503) Pause Young (Normal) (G1 Evacuation Pause) 934M->329M(1024M) 25.341ms
[2025-12-24T19:15:17.007+0000][gc,cpu      ] GC(503) User=0.15s Sys=0.01s Real=0.02s
[2025-12-24T19:15:47.158+0000][gc,start    ] GC(504) Pause Young (Normal) (G1 Evacuation Pause)
[2025-12-24T19:15:47.159+0000][gc,task     ] GC(504) Using 8 workers of 8 for evacuation
[2025-12-24T19:15:47.176+0000][gc,phases   ] GC(504)   Pre Evacuate Collection Set: 1.8ms
[2025-12-24T19:15:47.176+0000][gc,phases   ] GC(504)   Merge Heap Roots: 0.5ms
[2025-12-24T19:15:47.176+0000][gc,phases   ] GC(504)   Evacuate Collection Set: 12.1ms
[2025-12-24T19:15:47.176+0000][gc,phases   ] GC(504)   Post Evacuate Collection Set: 1.8ms
[2025-12-24T19:15:47.176+0000][gc,phases   ] GC(504)   Other: 0.5ms
[2025-12-24T19:15:47.176+0000][gc,heap     ] GC(504) Eden regions: 605->0(604)
[2025-12-24T19:15:47.176+0000][gc,heap     ] GC(504) Survivor regions: 9->10(77)
[2025-12-24T19:15:47.176+0000][gc,heap     ] GC(504) Old regions: 171->171
[2025-12-24T19:15:47.176+0000][gc,heap     ] GC(504) Humongous regions: 151->151
[2025-12-24T19:15:47.176+0000][gc,metaspace] GC(504) Metaspace: 15999K(16384K)->15999K(16384K) NonClass: 14253K(14400K)->14253K(14400K) Class: 1746K(1984K)->1746K(1984K)
[2025-12-24T19:15:47.176+0000][gc          ] GC(504) Pause Young (Normal) (G1 Evacuation Pause) 934M->331M(1024M) 17.914ms
[2025-12-24T19:15:47.176+0000][gc,cpu      ] GC(504) User=0.10s Sys=0.00s Real=0.01s
[2025-12-24T19:16:17.471+0000][gc,start    ] GC(505) Pause Young (Normal) (G1 Evacuation Pause)
[2025-12-24T19:16:17.473+0000][gc,task     ] GC(505) Using 8 workers of 8 for evacuation
[2025-12-24T19:16:17.488+0000][gc,phases   ] GC(505)   Pre Evacuate Collection Set: 2.4ms
[2025-12-24T19:16:17.488+0000][gc,phases   ] GC(505)   Merge Heap Roots: 0.4ms
[2025-12-24T19:16:17.488+0000][gc,phases   ] GC(505)   Evacuate Collection Set: 9.7ms
[2025-12-24T19:16:17.488+0000][gc,phases   ] GC(505)   Post Evacuate Collection Set: 1.7ms
[2025-12-24T19:16:17.488+0000][gc,phases   ] GC(505)   Other: 1.5ms
[2025-12-24T19:16:17.488+0000][gc,heap     ] GC(505) Eden regions: 604->0(605)
[2025-12-24T19:16:17.489+0000][gc,heap     ] GC(505) Survivor regions: 10->9(77)
[2025-12-24T19:16:17.489+0000][gc,heap     ] GC(505) Old regions: 171->171
[2025-12-24T19:16:17.489+0000][gc,heap     ] GC(505) Humongous regions: 151->151
[2025-12-24T19:16:17.489+0000][gc,metaspace] GC(505) Metaspace: 15999K(16384K)->15999K(16384K) NonClass: 14253K(14400K)->14253K(14400K) Class: 1746K(1984K)->1746K(1984K)
[2025-12-24T19:16:17.489+0000][gc          ] GC(505) Pause Young (Normal) (G1 Evacuation Pause) 935M->330M(1024M) 18.309ms
[2025-12-24T19:16:17.489+0000][gc,cpu      ] GC(505) User=0.08s Sys=0.01s Real=0.02s
[2025-12-24T19:16:56.937+0000][gc,start    ] GC(506) Pause Young (Normal) (G1 Evacuation Pause)
[2025-12-24T19:16:56.938+0000][gc,task     ] GC(506) Using 8 workers of 8 for evacuation
[2025-12-24T19:16:56.962+0000][gc,phases   ] GC(506)   Pre Evacuate Collection Set: 1.3ms
[2025-12-24T19:16:56.962+0000][gc,phases   ] GC(506)   Merge Heap Roots: 0.5ms
[2025-12-24T19:16:56.962+0000][gc,phases   ] GC(506)   Evacuate Collection Set: 20.2ms
[2025-12-24T19:16:56.962+0000][gc,phases   ] GC(506)   Post Evacuate Collection Set: 1.5ms
[2025-12-24T19:16:56.962+0000][gc,phases   ] GC(506)   Other: 0.4ms
[2025-12-24T19:16:56.962+0000][gc,heap     ] GC(506) Eden regions: 605->0(607)
[2025-12-24T19:16:56.962+0000][gc,heap     ] GC(506) Survivor regions: 9->7(77)
[2025-12-24T19:16:56.962+0000][gc,heap     ] GC(506) Old regions: 171->172
[2025-12-24T19:16:56.962+0000][gc,heap     ] GC(506) Humongous regions: 151->151
[2025-12-24T19:16:56.963+0000][gc,metaspace] GC(506) Metaspace: 15999K(16384K)->15999K(16384K) NonClass: 14253K(14400K)->14253K(14400K) Class: 1746K(1984K)->1746K(1984K)
[2025-12-24T19:16:56.963+0000][gc          ] GC(506) Pause Young (Normal) (G1 Evacuation Pause) 935M->329M(1024M) 25.706ms
[2025-12-24T19:16:56.963+0000][gc,cpu      ] GC(506) User=0.16s Sys=0.01s Real=0.02s
[2025-12-24T19:17:27.131+0000][gc,start    ] GC(507) Pause Young (Normal) (G1 Evacuation Pause)
[2025-12-24T19:17:27.131+0000][gc,task     ] GC(507) Using 8 workers of 8 for evacuation
[2025-12-24T19:17:27.153+0000][gc,phases   ] GC(507)   Pre Evacuate Collection Set: 1.1ms
[2025-12-24T19:17:27.153+0000][gc,phases   ] GC(507)   Merge Heap Roots: 0.3ms
[2025-12-24T19:17:27.153+0000][gc,phases   ] GC(507)   Evacuate Collection Set: 18.5ms
[2025-12-24T19:17:27.153+0000][gc,phases   ] GC(507)   Post Evacuate Collection Set: 1.3ms
[2025-12-24T19:17:27.153+0000][gc,phases   ] GC(507)   Other: 0.4ms
[2025-12-24T19:17:27.153+0000][gc,heap     ] GC(507) Eden regions: 607->0(605)
[2025-12-24T19:17:27.153+0000][gc,heap     ] GC(507) Survivor regions: 7->9(77)
[2025-12-24T19:17:27.154+0000][gc,heap     ] GC(507) Old regions: 172->172
[2025-12-24T19:17:27.154+0000][gc,heap     ] GC(507) Humongous regions: 151->151
[2025-12-24T19:17:27.154+0000][gc,metaspace] GC(507) Metaspace: 15999K(16384K)->15999K(16384K) NonClass: 14253K(14400K)->14253K(14400K) Class: 1746K(1984K)->1746K(1984K)
[2025-12-24T19:17:27.154+0000][gc          ] GC(507) Pause Young (Normal) (G1 Evacuation Pause) 936M->331M(1024M) 22.772ms
[2025-12-24T19:17:27.154+0000][gc,cpu      ] GC(507) User=0.14s Sys=0.01s Real=0.03s
[2025-12-24T19:17:57.315+0000][gc,start    ] GC(508) Pause Young (Normal) (G1 Evacuation Pause)
[2025-12-24T19:17:57.315+0000][gc,task     ] GC(508) Using 8 workers of 8 for evacuation
[2025-12-24T19:17:57.330+0000][gc,phases   ] GC(508)   Pre Evacuate Collection Set: 1.5ms
[2025-12-24T19:17:57.331+0000][gc,phases   ] GC(508)   Merge Heap Roots: 0.5ms
[2025-12-24T19:17:57.331+0000][gc,phases   ] GC(508)   Evacuate Collection Set: 12.0ms
[2025-12-24T19:17:57.331+0000][gc,phases   ] GC(508)   Post Evacuate Collection Set: 1.2ms
[2025-12-24T19:17:57.331+0000][gc,phases   ] GC(508)   Other: 0.3ms
[2025-12-24T19:17:57.331+0000][gc,heap     ] GC(508) Eden regions: 605->0(604)
[2025-12-24T19:17:57.331+0000][gc,heap     ] GC(508) Survivor regions: 9->10(77)
[2025-12-24T19:17:57.331+0000][gc,heap     ] GC(508) Old regions: 172->172
[2025-12-24T19:17:57.331+0000][gc,heap     ] GC(508) Humongous regions: 151->151
[2025-12-24T19:17:57.331+0000][gc,metaspace] GC(508) Metaspace: 15999K(16384K)->15999K(16384K) NonClass: 14253K(14400K)->14253K(14400K) Class: 1746K(1984K)->1746K(1984K)
[2025-12-24T19:17:57.331+0000][gc          ] GC(508) Pause Young (Normal) (G1 Evacuation Pause) 936M->332M(1024M) 16.495ms
[2025-12-24T19:17:57.331+0000][gc,cpu      ] GC(508) User=0.10s Sys=0.00s Real=0.01s
[2025-12-24T19:18:36.860+0000][gc,start    ] GC(509) Pause Young (Normal) (G1 Evacuation Pause)
[2025-12-24T19:18:36.861+0000][gc,task     ] GC(509) Using 8 workers of 8 for evacuation
[2025-12-24T19:18:36.895+0000][gc,phases   ] GC(509)   Pre Evacuate Collection Set: 2.4ms
[2025-12-24T19:18:36.895+0000][gc,phases   ] GC(509)   Merge Heap Roots: 0.9ms
[2025-12-24T19:18:36.896+0000][gc,phases   ] GC(509)   Evacuate Collection Set: 27.1ms
[2025-12-24T19:18:36.896+0000][gc,phases   ] GC(509)   Post Evacuate Collection Set: 2.5ms
[2025-12-24T19:18:36.896+0000][gc,phases   ] GC(509)   Other: 1.0ms
[2025-12-24T19:18:36.896+0000][gc,heap     ] GC(509) Eden regions: 604->0(608)
[2025-12-24T19:18:36.896+0000][gc,heap     ] GC(509) Survivor regions: 10->6(77)
[2025-12-24T19:18:36.896+0000][gc,heap     ] GC(509) Old regions: 172->173
[2025-12-24T19:18:36.896+0000][gc,heap     ] GC(509) Humongous regions: 151->151
[2025-12-24T19:18:36.896+0000][gc,metaspace] GC(509) Metaspace: 16005K(16384K)->16005K(16384K) NonClass: 14259K(14400K)->14259K(14400K) Class: 1746K(1984K)->1746K(1984K)
[2025-12-24T19:18:36.896+0000][gc          ] GC(509) Pause Young (Normal) (G1 Evacuation Pause) 936M->329M(1024M) 36.432ms
[2025-12-24T19:18:36.896+0000][gc,cpu      ] GC(509) User=0.24s Sys=0.00s Real=0.03s
[2025-12-24T19:19:07.079+0000][gc,start    ] GC(510) Pause Young (Normal) (G1 Evacuation Pause)
[2025-12-24T19:19:07.080+0000][gc,task     ] GC(510) Using 8 workers of 8 for evacuation
[2025-12-24T19:19:07.098+0000][gc,phases   ] GC(510)   Pre Evacuate Collection Set: 1.1ms
[2025-12-24T19:19:07.098+0000][gc,phases   ] GC(510)   Merge Heap Roots: 0.3ms
[2025-12-24T19:19:07.098+0000][gc,phases   ] GC(510)   Evacuate Collection Set: 15.4ms
[2025-12-24T19:19:07.098+0000][gc,phases   ] GC(510)   Post Evacuate Collection Set: 1.2ms
[2025-12-24T19:19:07.098+0000][gc,phases   ] GC(510)   Other: 0.5ms
[2025-12-24T19:19:07.099+0000][gc,heap     ] GC(510) Eden regions: 608->0(607)
[2025-12-24T19:19:07.099+0000][gc,heap     ] GC(510) Survivor regions: 6->7(77)
[2025-12-24T19:19:07.099+0000][gc,heap     ] GC(510) Old regions: 173->173
[2025-12-24T19:19:07.099+0000][gc,heap     ] GC(510) Humongous regions: 151->151
[2025-12-24T19:19:07.099+0000][gc,metaspace] GC(510) Metaspace: 16005K(16384K)->16005K(16384K) NonClass: 14259K(14400K)->14259K(14400K) Class: 1746K(1984K)->1746K(1984K)
[2025-12-24T19:19:07.099+0000][gc          ] GC(510) Pause Young (Normal) (G1 Evacuation Pause) 937M->330M(1024M) 19.914ms
[2025-12-24T19:19:07.099+0000][gc,cpu      ] GC(510) User=0.13s Sys=0.00s Real=0.02s
[2025-12-24T19:19:37.282+0000][gc,start    ] GC(511) Pause Young (Normal) (G1 Evacuation Pause)
[2025-12-24T19:19:37.282+0000][gc,task     ] GC(511) Using 8 workers of 8 for evacuation
[2025-12-24T19:19:37.296+0000][gc,phases   ] GC(511)   Pre Evacuate Collection Set: 1.2ms
[2025-12-24T19:19:37.296+0000][gc,phases   ] GC(511)   Merge Heap Roots: 0.4ms
[2025-12-24T19:19:37.296+0000][gc,phases   ] GC(511)   Evacuate Collection Set: 9.5ms
[2025-12-24T19:19:37.296+0000][gc,phases   ] GC(511)   Post Evacuate Collection Set: 1.9ms
[2025-12-24T19:19:37.297+0000][gc,phases   ] GC(511)   Other: 0.6ms
[2025-12-24T19:19:37.297+0000][gc,heap     ] GC(511) Eden regions: 607->0(605)
[2025-12-24T19:19:37.297+0000][gc,heap     ] GC(511) Survivor regions: 7->9(77)
[2025-12-24T19:19:37.297+0000][gc,heap     ] GC(511) Old regions: 173->173
[2025-12-24T19:19:37.297+0000][gc,heap     ] GC(511) Humongous regions: 151->151
[2025-12-24T19:19:37.297+0000][gc,metaspace] GC(511) Metaspace: 16016K(16384K)->16016K(16384K) NonClass: 14270K(14400K)->14270K(14400K) Class: 1746K(1984K)->1746K(1984K)
[2025-12-24T19:19:37.297+0000][gc          ] GC(511) Pause Young (Normal) (G1 Evacuation Pause) 937M->332M(1024M) 15.520ms
[2025-12-24T19:19:37.297+0000][gc,cpu      ] GC(511) User=0.08s Sys=0.01s Real=0.02s
[2025-12-24T19:20:07.442+0000][gc,start    ] GC(512) Pause Young (Normal) (G1 Evacuation Pause)
[2025-12-24T19:20:07.445+0000][gc,task     ] GC(512) Using 8 workers of 8 for evacuation
[2025-12-24T19:20:07.463+0000][gc,phases   ] GC(512)   Pre Evacuate Collection Set: 4.4ms
[2025-12-24T19:20:07.463+0000][gc,phases   ] GC(512)   Merge Heap Roots: 0.6ms
[2025-12-24T19:20:07.464+0000][gc,phases   ] GC(512)   Evacuate Collection Set: 8.1ms
[2025-12-24T19:20:07.464+0000][gc,phases   ] GC(512)   Post Evacuate Collection Set: 4.8ms
[2025-12-24T19:20:07.464+0000][gc,phases   ] GC(512)   Other: 1.1ms
[2025-12-24T19:20:07.464+0000][gc,heap     ] GC(512) Eden regions: 605->0(604)
[2025-12-24T19:20:07.464+0000][gc,heap     ] GC(512) Survivor regions: 9->10(77)
[2025-12-24T19:20:07.464+0000][gc,heap     ] GC(512) Old regions: 173->174
[2025-12-24T19:20:07.464+0000][gc,heap     ] GC(512) Humongous regions: 151->151
[2025-12-24T19:20:07.464+0000][gc,metaspace] GC(512) Metaspace: 16016K(16384K)->16016K(16384K) NonClass: 14270K(14400K)->14270K(14400K) Class: 1746K(1984K)->1746K(1984K)
[2025-12-24T19:20:07.464+0000][gc          ] GC(512) Pause Young (Normal) (G1 Evacuation Pause) 937M->333M(1024M) 22.446ms
[2025-12-24T19:20:07.464+0000][gc,cpu      ] GC(512) User=0.09s Sys=0.00s Real=0.02s
[2025-12-24T19:20:47.038+0000][gc,start    ] GC(513) Pause Young (Normal) (G1 Evacuation Pause)
[2025-12-24T19:20:47.039+0000][gc,task     ] GC(513) Using 8 workers of 8 for evacuation
[2025-12-24T19:20:47.060+0000][gc,phases   ] GC(513)   Pre Evacuate Collection Set: 1.3ms
[2025-12-24T19:20:47.060+0000][gc,phases   ] GC(513)   Merge Heap Roots: 0.4ms
[2025-12-24T19:20:47.060+0000][gc,phases   ] GC(513)   Evacuate Collection Set: 14.5ms
[2025-12-24T19:20:47.060+0000][gc,phases   ] GC(513)   Post Evacuate Collection Set: 4.4ms
[2025-12-24T19:20:47.060+0000][gc,phases   ] GC(513)   Other: 0.3ms
[2025-12-24T19:20:47.061+0000][gc,heap     ] GC(513) Eden regions: 604->0(605)
[2025-12-24T19:20:47.061+0000][gc,heap     ] GC(513) Survivor regions: 10->9(77)
[2025-12-24T19:20:47.061+0000][gc,heap     ] GC(513) Old regions: 174->174
[2025-12-24T19:20:47.061+0000][gc,heap     ] GC(513) Humongous regions: 151->151
[2025-12-24T19:20:47.061+0000][gc,metaspace] GC(513) Metaspace: 16016K(16384K)->16016K(16384K) NonClass: 14270K(14400K)->14270K(14400K) Class: 1746K(1984K)->1746K(1984K)
[2025-12-24T19:20:47.061+0000][gc          ] GC(513) Pause Young (Normal) (G1 Evacuation Pause) 937M->333M(1024M) 22.501ms
[2025-12-24T19:20:47.061+0000][gc,cpu      ] GC(513) User=0.12s Sys=0.01s Real=0.02s
[2025-12-24T19:21:17.284+0000][gc,start    ] GC(514) Pause Young (Normal) (G1 Evacuation Pause)
[2025-12-24T19:21:17.285+0000][gc,task     ] GC(514) Using 8 workers of 8 for evacuation
[2025-12-24T19:21:17.301+0000][gc,phases   ] GC(514)   Pre Evacuate Collection Set: 1.3ms
[2025-12-24T19:21:17.301+0000][gc,phases   ] GC(514)   Merge Heap Roots: 0.3ms
[2025-12-24T19:21:17.301+0000][gc,phases   ] GC(514)   Evacuate Collection Set: 12.3ms
[2025-12-24T19:21:17.301+0000][gc,phases   ] GC(514)   Post Evacuate Collection Set: 1.3ms
[2025-12-24T19:21:17.301+0000][gc,phases   ] GC(514)   Other: 0.4ms
[2025-12-24T19:21:17.301+0000][gc,heap     ] GC(514) Eden regions: 605->0(603)
[2025-12-24T19:21:17.301+0000][gc,heap     ] GC(514) Survivor regions: 9->11(77)
[2025-12-24T19:21:17.301+0000][gc,heap     ] GC(514) Old regions: 174->174
[2025-12-24T19:21:17.301+0000][gc,heap     ] GC(514) Humongous regions: 151->151
[2025-12-24T19:21:17.301+0000][gc,metaspace] GC(514) Metaspace: 16016K(16384K)->16016K(16384K) NonClass: 14270K(14400K)->14270K(14400K) Class: 1746K(1984K)->1746K(1984K)
[2025-12-24T19:21:17.301+0000][gc          ] GC(514) Pause Young (Normal) (G1 Evacuation Pause) 938M->335M(1024M) 16.919ms
[2025-12-24T19:21:17.301+0000][gc,cpu      ] GC(514) User=0.10s Sys=0.00s Real=0.02s
[2025-12-24T19:21:47.473+0000][gc,start    ] GC(515) Pause Young (Normal) (G1 Evacuation Pause)
[2025-12-24T19:21:47.474+0000][gc,task     ] GC(515) Using 8 workers of 8 for evacuation
[2025-12-24T19:21:47.488+0000][gc,phases   ] GC(515)   Pre Evacuate Collection Set: 1.2ms
[2025-12-24T19:21:47.488+0000][gc,phases   ] GC(515)   Merge Heap Roots: 3.3ms
[2025-12-24T19:21:47.488+0000][gc,phases   ] GC(515)   Evacuate Collection Set: 8.2ms
[2025-12-24T19:21:47.488+0000][gc,phases   ] GC(515)   Post Evacuate Collection Set: 1.2ms
[2025-12-24T19:21:47.489+0000][gc,phases   ] GC(515)   Other: 0.5ms
[2025-12-24T19:21:47.490+0000][gc,heap     ] GC(515) Eden regions: 603->0(605)
[2025-12-24T19:21:47.490+0000][gc,heap     ] GC(515) Survivor regions: 11->9(77)
[2025-12-24T19:21:47.490+0000][gc,heap     ] GC(515) Old regions: 174->175
[2025-12-24T19:21:47.490+0000][gc,heap     ] GC(515) Humongous regions: 151->151
[2025-12-24T19:21:47.490+0000][gc,metaspace] GC(515) Metaspace: 16016K(16384K)->16016K(16384K) NonClass: 14270K(14400K)->14270K(14400K) Class: 1746K(1984K)->1746K(1984K)
[2025-12-24T19:21:47.490+0000][gc          ] GC(515) Pause Young (Normal) (G1 Evacuation Pause) 938M->333M(1024M) 17.542ms
[2025-12-24T19:21:47.491+0000][gc,cpu      ] GC(515) User=0.08s Sys=0.01s Real=0.02s
[2025-12-24T19:22:27.080+0000][gc,start    ] GC(516) Pause Young (Normal) (G1 Evacuation Pause)
[2025-12-24T19:22:27.081+0000][gc,task     ] GC(516) Using 8 workers of 8 for evacuation
[2025-12-24T19:22:27.102+0000][gc,phases   ] GC(516)   Pre Evacuate Collection Set: 1.1ms
[2025-12-24T19:22:27.102+0000][gc,phases   ] GC(516)   Merge Heap Roots: 0.3ms
[2025-12-24T19:22:27.102+0000][gc,phases   ] GC(516)   Evacuate Collection Set: 17.7ms
[2025-12-24T19:22:27.102+0000][gc,phases   ] GC(516)   Post Evacuate Collection Set: 1.4ms
[2025-12-24T19:22:27.102+0000][gc,phases   ] GC(516)   Other: 0.5ms
[2025-12-24T19:22:27.102+0000][gc,heap     ] GC(516) Eden regions: 605->0(607)
[2025-12-24T19:22:27.102+0000][gc,heap     ] GC(516) Survivor regions: 9->7(77)
[2025-12-24T19:22:27.102+0000][gc,heap     ] GC(516) Old regions: 175->175
[2025-12-24T19:22:27.102+0000][gc,heap     ] GC(516) Humongous regions: 151->151
[2025-12-24T19:22:27.102+0000][gc,metaspace] GC(516) Metaspace: 16016K(16384K)->16016K(16384K) NonClass: 14270K(14400K)->14270K(14400K) Class: 1746K(1984K)->1746K(1984K)
[2025-12-24T19:22:27.102+0000][gc          ] GC(516) Pause Young (Normal) (G1 Evacuation Pause) 938M->332M(1024M) 22.400ms
[2025-12-24T19:22:27.102+0000][gc,cpu      ] GC(516) User=0.13s Sys=0.00s Real=0.02s
[2025-12-24T20:32:46.112+0000][gc,start    ] GC(517) Pause Young (Normal) (G1 Evacuation Pause)
[2025-12-24T20:32:46.113+0000][gc,task     ] GC(517) Using 8 workers of 8 for evacuation
[2025-12-24T20:32:46.144+0000][gc,phases   ] GC(517)   Pre Evacuate Collection Set: 2.8ms
[2025-12-24T20:32:46.144+0000][gc,phases   ] GC(517)   Merge Heap Roots: 1.1ms
[2025-12-24T20:32:46.144+0000][gc,phases   ] GC(517)   Evacuate Collection Set: 22.2ms
[2025-12-24T20:32:46.144+0000][gc,phases   ] GC(517)   Post Evacuate Collection Set: 3.7ms
[2025-12-24T20:32:46.144+0000][gc,phases   ] GC(517)   Other: 1.0ms
[2025-12-24T20:32:46.145+0000][gc,heap     ] GC(517) Eden regions: 607->0(605)
[2025-12-24T20:32:46.145+0000][gc,heap     ] GC(517) Survivor regions: 7->9(77)
[2025-12-24T20:32:46.145+0000][gc,heap     ] GC(517) Old regions: 175->175
[2025-12-24T20:32:46.145+0000][gc,heap     ] GC(517) Humongous regions: 151->151
[2025-12-24T20:32:46.145+0000][gc,metaspace] GC(517) Metaspace: 16016K(16384K)->16016K(16384K) NonClass: 14270K(14400K)->14270K(14400K) Class: 1746K(1984K)->1746K(1984K)
[2025-12-24T20:32:46.145+0000][gc          ] GC(517) Pause Young (Normal) (G1 Evacuation Pause) 939M->334M(1024M) 33.134ms
[2025-12-24T20:32:46.145+0000][gc,cpu      ] GC(517) User=0.21s Sys=0.00s Real=0.04s
[2025-12-24T21:41:27.242+0000][gc,start    ] GC(518) Pause Young (Normal) (G1 Evacuation Pause)
[2025-12-24T21:41:27.244+0000][gc,task     ] GC(518) Using 8 workers of 8 for evacuation
[2025-12-24T21:41:27.268+0000][gc,phases   ] GC(518)   Pre Evacuate Collection Set: 1.7ms
[2025-12-24T21:41:27.268+0000][gc,phases   ] GC(518)   Merge Heap Roots: 1.0ms
[2025-12-24T21:41:27.268+0000][gc,phases   ] GC(518)   Evacuate Collection Set: 18.0ms
[2025-12-24T21:41:27.268+0000][gc,phases   ] GC(518)   Post Evacuate Collection Set: 2.9ms
[2025-12-24T21:41:27.268+0000][gc,phases   ] GC(518)   Other: 0.6ms
[2025-12-24T21:41:27.268+0000][gc,heap     ] GC(518) Eden regions: 605->0(604)
[2025-12-24T21:41:27.268+0000][gc,heap     ] GC(518) Survivor regions: 9->10(77)
[2025-12-24T21:41:27.268+0000][gc,heap     ] GC(518) Old regions: 175->176
[2025-12-24T21:41:27.268+0000][gc,heap     ] GC(518) Humongous regions: 151->151
[2025-12-24T21:41:27.268+0000][gc,metaspace] GC(518) Metaspace: 16021K(16384K)->16021K(16384K) NonClass: 14275K(14400K)->14275K(14400K) Class: 1746K(1984K)->1746K(1984K)
[2025-12-24T21:41:27.268+0000][gc          ] GC(518) Pause Young (Normal) (G1 Evacuation Pause) 939M->336M(1024M) 26.569ms
[2025-12-24T21:41:27.269+0000][gc,cpu      ] GC(518) User=0.16s Sys=0.01s Real=0.03s
[2025-12-24T22:57:37.251+0000][gc,start    ] GC(519) Pause Young (Normal) (G1 Evacuation Pause)
[2025-12-24T22:57:37.251+0000][gc,task     ] GC(519) Using 8 workers of 8 for evacuation
[2025-12-24T22:57:37.278+0000][gc,phases   ] GC(519)   Pre Evacuate Collection Set: 2.0ms
[2025-12-24T22:57:37.278+0000][gc,phases   ] GC(519)   Merge Heap Roots: 0.5ms
[2025-12-24T22:57:37.278+0000][gc,phases   ] GC(519)   Evacuate Collection Set: 22.2ms
[2025-12-24T22:57:37.278+0000][gc,phases   ] GC(519)   Post Evacuate Collection Set: 1.3ms
[2025-12-24T22:57:37.278+0000][gc,phases   ] GC(519)   Other: 0.4ms
[2025-12-24T22:57:37.278+0000][gc,heap     ] GC(519) Eden regions: 604->0(605)
[2025-12-24T22:57:37.278+0000][gc,heap     ] GC(519) Survivor regions: 10->9(77)
[2025-12-24T22:57:37.278+0000][gc,heap     ] GC(519) Old regions: 176->176
[2025-12-24T22:57:37.278+0000][gc,heap     ] GC(519) Humongous regions: 151->151
[2025-12-24T22:57:37.278+0000][gc,metaspace] GC(519) Metaspace: 16026K(16384K)->16026K(16384K) NonClass: 14280K(14400K)->14280K(14400K) Class: 1746K(1984K)->1746K(1984K)
[2025-12-24T22:57:37.278+0000][gc          ] GC(519) Pause Young (Normal) (G1 Evacuation Pause) 940M->335M(1024M) 27.642ms
[2025-12-24T22:57:37.278+0000][gc,cpu      ] GC(519) User=0.19s Sys=0.00s Real=0.03s
[2025-12-24T23:42:03.793+0000][gc,start    ] GC(520) Pause Young (Normal) (G1 Evacuation Pause)
[2025-12-24T23:42:03.794+0000][gc,task     ] GC(520) Using 8 workers of 8 for evacuation
[2025-12-24T23:42:03.818+0000][gc,phases   ] GC(520)   Pre Evacuate Collection Set: 1.2ms
[2025-12-24T23:42:03.818+0000][gc,phases   ] GC(520)   Merge Heap Roots: 0.5ms
[2025-12-24T23:42:03.818+0000][gc,phases   ] GC(520)   Evacuate Collection Set: 20.8ms
[2025-12-24T23:42:03.818+0000][gc,phases   ] GC(520)   Post Evacuate Collection Set: 1.4ms
[2025-12-24T23:42:03.818+0000][gc,phases   ] GC(520)   Other: 0.4ms
[2025-12-24T23:42:03.818+0000][gc,heap     ] GC(520) Eden regions: 605->0(606)
[2025-12-24T23:42:03.818+0000][gc,heap     ] GC(520) Survivor regions: 9->8(77)
[2025-12-24T23:42:03.818+0000][gc,heap     ] GC(520) Old regions: 176->177
[2025-12-24T23:42:03.818+0000][gc,heap     ] GC(520) Humongous regions: 151->151
[2025-12-24T23:42:03.818+0000][gc,metaspace] GC(520) Metaspace: 16030K(16384K)->16030K(16384K) NonClass: 14283K(14400K)->14283K(14400K) Class: 1746K(1984K)->1746K(1984K)
[2025-12-24T23:42:03.819+0000][gc          ] GC(520) Pause Young (Normal) (G1 Evacuation Pause) 940M->334M(1024M) 25.577ms
[2025-12-24T23:42:03.819+0000][gc,cpu      ] GC(520) User=0.16s Sys=0.01s Real=0.03s
[2025-12-25T00:44:37.966+0000][gc,start    ] GC(521) Pause Young (Normal) (G1 Evacuation Pause)
[2025-12-25T00:44:37.967+0000][gc,task     ] GC(521) Using 8 workers of 8 for evacuation
[2025-12-25T00:44:37.987+0000][gc,phases   ] GC(521)   Pre Evacuate Collection Set: 1.0ms
[2025-12-25T00:44:37.987+0000][gc,phases   ] GC(521)   Merge Heap Roots: 0.3ms
[2025-12-25T00:44:37.987+0000][gc,phases   ] GC(521)   Evacuate Collection Set: 17.3ms
[2025-12-25T00:44:37.987+0000][gc,phases   ] GC(521)   Post Evacuate Collection Set: 1.2ms
[2025-12-25T00:44:37.988+0000][gc,phases   ] GC(521)   Other: 0.4ms
[2025-12-25T00:44:37.988+0000][gc,heap     ] GC(521) Eden regions: 606->0(605)
[2025-12-25T00:44:37.988+0000][gc,heap     ] GC(521) Survivor regions: 8->9(77)
[2025-12-25T00:44:37.988+0000][gc,heap     ] GC(521) Old regions: 177->177
[2025-12-25T00:44:37.988+0000][gc,heap     ] GC(521) Humongous regions: 151->151
[2025-12-25T00:44:37.988+0000][gc,metaspace] GC(521) Metaspace: 16032K(16448K)->16032K(16448K) NonClass: 14286K(14464K)->14286K(14464K) Class: 1746K(1984K)->1746K(1984K)
[2025-12-25T00:44:37.988+0000][gc          ] GC(521) Pause Young (Normal) (G1 Evacuation Pause) 940M->335M(1024M) 21.314ms
[2025-12-25T00:44:37.988+0000][gc,cpu      ] GC(521) User=0.15s Sys=0.00s Real=0.02s
[2025-12-25T01:20:30.128+0000][gc,start    ] GC(522) Pause Young (Normal) (G1 Evacuation Pause)
[2025-12-25T01:20:30.130+0000][gc,task     ] GC(522) Using 8 workers of 8 for evacuation
[2025-12-25T01:20:30.150+0000][gc,phases   ] GC(522)   Pre Evacuate Collection Set: 1.8ms
[2025-12-25T01:20:30.150+0000][gc,phases   ] GC(522)   Merge Heap Roots: 0.7ms
[2025-12-25T01:20:30.150+0000][gc,phases   ] GC(522)   Evacuate Collection Set: 15.3ms
[2025-12-25T01:20:30.150+0000][gc,phases   ] GC(522)   Post Evacuate Collection Set: 1.3ms
[2025-12-25T01:20:30.150+0000][gc,phases   ] GC(522)   Other: 0.6ms
[2025-12-25T01:20:30.150+0000][gc,heap     ] GC(522) Eden regions: 605->0(606)
[2025-12-25T01:20:30.150+0000][gc,heap     ] GC(522) Survivor regions: 9->8(77)
[2025-12-25T01:20:30.150+0000][gc,heap     ] GC(522) Old regions: 177->177
[2025-12-25T01:20:30.150+0000][gc,heap     ] GC(522) Humongous regions: 151->151
[2025-12-25T01:20:30.150+0000][gc,metaspace] GC(522) Metaspace: 16032K(16448K)->16032K(16448K) NonClass: 14286K(14464K)->14286K(14464K) Class: 1746K(1984K)->1746K(1984K)
[2025-12-25T01:20:30.151+0000][gc          ] GC(522) Pause Young (Normal) (G1 Evacuation Pause) 940M->334M(1024M) 22.150ms
[2025-12-25T01:20:30.151+0000][gc,cpu      ] GC(522) User=0.13s Sys=0.00s Real=0.02s
[2025-12-25T01:21:00.357+0000][gc,start    ] GC(523) Pause Young (Normal) (G1 Evacuation Pause)
[2025-12-25T01:21:00.358+0000][gc,task     ] GC(523) Using 8 workers of 8 for evacuation
[2025-12-25T01:21:00.373+0000][gc,phases   ] GC(523)   Pre Evacuate Collection Set: 2.1ms
[2025-12-25T01:21:00.374+0000][gc,phases   ] GC(523)   Merge Heap Roots: 0.6ms
[2025-12-25T01:21:00.374+0000][gc,phases   ] GC(523)   Evacuate Collection Set: 11.0ms
[2025-12-25T01:21:00.374+0000][gc,phases   ] GC(523)   Post Evacuate Collection Set: 1.2ms
[2025-12-25T01:21:00.374+0000][gc,phases   ] GC(523)   Other: 0.6ms
[2025-12-25T01:21:00.374+0000][gc,heap     ] GC(523) Eden regions: 606->0(605)
[2025-12-25T01:21:00.374+0000][gc,heap     ] GC(523) Survivor regions: 8->9(77)
[2025-12-25T01:21:00.374+0000][gc,heap     ] GC(523) Old regions: 177->178
[2025-12-25T01:21:00.374+0000][gc,heap     ] GC(523) Humongous regions: 151->151
[2025-12-25T01:21:00.374+0000][gc,metaspace] GC(523) Metaspace: 16032K(16448K)->16032K(16448K) NonClass: 14286K(14464K)->14286K(14464K) Class: 1746K(1984K)->1746K(1984K)
[2025-12-25T01:21:00.374+0000][gc          ] GC(523) Pause Young (Normal) (G1 Evacuation Pause) 940M->336M(1024M) 16.652ms
[2025-12-25T01:21:00.374+0000][gc,cpu      ] GC(523) User=0.10s Sys=0.01s Real=0.02s
[2025-12-25T01:21:30.524+0000][gc,start    ] GC(524) Pause Young (Normal) (G1 Evacuation Pause)
[2025-12-25T01:21:30.524+0000][gc,task     ] GC(524) Using 8 workers of 8 for evacuation
[2025-12-25T01:21:30.547+0000][gc,phases   ] GC(524)   Pre Evacuate Collection Set: 1.3ms
[2025-12-25T01:21:30.547+0000][gc,phases   ] GC(524)   Merge Heap Roots: 0.5ms
[2025-12-25T01:21:30.547+0000][gc,phases   ] GC(524)   Evacuate Collection Set: 18.5ms
[2025-12-25T01:21:30.547+0000][gc,phases   ] GC(524)   Post Evacuate Collection Set: 1.8ms
[2025-12-25T01:21:30.547+0000][gc,phases   ] GC(524)   Other: 0.6ms
[2025-12-25T01:21:30.547+0000][gc,heap     ] GC(524) Eden regions: 605->0(603)
[2025-12-25T01:21:30.547+0000][gc,heap     ] GC(524) Survivor regions: 9->11(77)
[2025-12-25T01:21:30.547+0000][gc,heap     ] GC(524) Old regions: 178->178
[2025-12-25T01:21:30.547+0000][gc,heap     ] GC(524) Humongous regions: 151->151
[2025-12-25T01:21:30.547+0000][gc,metaspace] GC(524) Metaspace: 16032K(16448K)->16032K(16448K) NonClass: 14286K(14464K)->14286K(14464K) Class: 1746K(1984K)->1746K(1984K)
[2025-12-25T01:21:30.548+0000][gc          ] GC(524) Pause Young (Normal) (G1 Evacuation Pause) 941M->339M(1024M) 24.040ms
[2025-12-25T01:21:30.548+0000][gc,cpu      ] GC(524) User=0.14s Sys=0.00s Real=0.02s
[2025-12-25T01:22:00.775+0000][gc,start    ] GC(525) Pause Young (Normal) (G1 Evacuation Pause)
[2025-12-25T01:22:00.775+0000][gc,task     ] GC(525) Using 8 workers of 8 for evacuation
[2025-12-25T01:22:00.794+0000][gc,phases   ] GC(525)   Pre Evacuate Collection Set: 1.1ms
[2025-12-25T01:22:00.794+0000][gc,phases   ] GC(525)   Merge Heap Roots: 0.3ms
[2025-12-25T01:22:00.794+0000][gc,phases   ] GC(525)   Evacuate Collection Set: 16.1ms
[2025-12-25T01:22:00.794+0000][gc,phases   ] GC(525)   Post Evacuate Collection Set: 1.4ms
[2025-12-25T01:22:00.794+0000][gc,phases   ] GC(525)   Other: 0.2ms
[2025-12-25T01:22:00.795+0000][gc,heap     ] GC(525) Eden regions: 603->0(605)
[2025-12-25T01:22:00.795+0000][gc,heap     ] GC(525) Survivor regions: 11->9(77)
[2025-12-25T01:22:00.795+0000][gc,heap     ] GC(525) Old regions: 178->178
[2025-12-25T01:22:00.795+0000][gc,heap     ] GC(525) Humongous regions: 151->151
[2025-12-25T01:22:00.795+0000][gc,metaspace] GC(525) Metaspace: 16033K(16448K)->16033K(16448K) NonClass: 14286K(14464K)->14286K(14464K) Class: 1746K(1984K)->1746K(1984K)
[2025-12-25T01:22:00.795+0000][gc          ] GC(525) Pause Young (Normal) (G1 Evacuation Pause) 942M->336M(1024M) 20.270ms
[2025-12-25T01:22:00.795+0000][gc,cpu      ] GC(525) User=0.14s Sys=0.00s Real=0.02s
[2025-12-25T01:22:40.266+0000][gc,start    ] GC(526) Pause Young (Normal) (G1 Evacuation Pause)
[2025-12-25T01:22:40.268+0000][gc,task     ] GC(526) Using 8 workers of 8 for evacuation
[2025-12-25T01:22:40.303+0000][gc,phases   ] GC(526)   Pre Evacuate Collection Set: 1.7ms
[2025-12-25T01:22:40.303+0000][gc,phases   ] GC(526)   Merge Heap Roots: 0.4ms
[2025-12-25T01:22:40.304+0000][gc,phases   ] GC(526)   Evacuate Collection Set: 28.6ms
[2025-12-25T01:22:40.304+0000][gc,phases   ] GC(526)   Post Evacuate Collection Set: 4.1ms
[2025-12-25T01:22:40.304+0000][gc,phases   ] GC(526)   Other: 0.5ms
[2025-12-25T01:22:40.304+0000][gc,heap     ] GC(526) Eden regions: 605->0(606)
[2025-12-25T01:22:40.304+0000][gc,heap     ] GC(526) Survivor regions: 9->8(77)
[2025-12-25T01:22:40.304+0000][gc,heap     ] GC(526) Old regions: 178->179
[2025-12-25T01:22:40.304+0000][gc,heap     ] GC(526) Humongous regions: 151->151
[2025-12-25T01:22:40.304+0000][gc,metaspace] GC(526) Metaspace: 16033K(16448K)->16033K(16448K) NonClass: 14286K(14464K)->14286K(14464K) Class: 1746K(1984K)->1746K(1984K)
[2025-12-25T01:22:40.304+0000][gc          ] GC(526) Pause Young (Normal) (G1 Evacuation Pause) 941M->336M(1024M) 37.795ms
[2025-12-25T01:22:40.304+0000][gc,cpu      ] GC(526) User=0.09s Sys=0.07s Real=0.04s
[2025-12-25T01:23:10.451+0000][gc,start    ] GC(527) Pause Young (Normal) (G1 Evacuation Pause)
[2025-12-25T01:23:10.452+0000][gc,task     ] GC(527) Using 8 workers of 8 for evacuation
[2025-12-25T01:23:10.468+0000][gc,phases   ] GC(527)   Pre Evacuate Collection Set: 1.1ms
[2025-12-25T01:23:10.468+0000][gc,phases   ] GC(527)   Merge Heap Roots: 0.3ms
[2025-12-25T01:23:10.468+0000][gc,phases   ] GC(527)   Evacuate Collection Set: 13.4ms
[2025-12-25T01:23:10.468+0000][gc,phases   ] GC(527)   Post Evacuate Collection Set: 1.1ms
[2025-12-25T01:23:10.468+0000][gc,phases   ] GC(527)   Other: 0.3ms
[2025-12-25T01:23:10.468+0000][gc,heap     ] GC(527) Eden regions: 606->0(605)
[2025-12-25T01:23:10.468+0000][gc,heap     ] GC(527) Survivor regions: 8->9(77)
[2025-12-25T01:23:10.468+0000][gc,heap     ] GC(527) Old regions: 179->179
[2025-12-25T01:23:10.468+0000][gc,heap     ] GC(527) Humongous regions: 151->151
[2025-12-25T01:23:10.468+0000][gc,metaspace] GC(527) Metaspace: 16033K(16448K)->16033K(16448K) NonClass: 14286K(14464K)->14286K(14464K) Class: 1746K(1984K)->1746K(1984K)
[2025-12-25T01:23:10.468+0000][gc          ] GC(527) Pause Young (Normal) (G1 Evacuation Pause) 942M->337M(1024M) 17.200ms
[2025-12-25T01:23:10.468+0000][gc,cpu      ] GC(527) User=0.10s Sys=0.00s Real=0.02s
[2025-12-25T01:23:40.637+0000][gc,start    ] GC(528) Pause Young (Normal) (G1 Evacuation Pause)
[2025-12-25T01:23:40.638+0000][gc,task     ] GC(528) Using 8 workers of 8 for evacuation
[2025-12-25T01:23:40.666+0000][gc,phases   ] GC(528)   Pre Evacuate Collection Set: 2.2ms
[2025-12-25T01:23:40.666+0000][gc,phases   ] GC(528)   Merge Heap Roots: 1.5ms
[2025-12-25T01:23:40.666+0000][gc,phases   ] GC(528)   Evacuate Collection Set: 21.2ms
[2025-12-25T01:23:40.666+0000][gc,phases   ] GC(528)   Post Evacuate Collection Set: 2.4ms
[2025-12-25T01:23:40.666+0000][gc,phases   ] GC(528)   Other: 0.5ms
[2025-12-25T01:23:40.666+0000][gc,heap     ] GC(528) Eden regions: 605->0(603)
[2025-12-25T01:23:40.666+0000][gc,heap     ] GC(528) Survivor regions: 9->11(77)
[2025-12-25T01:23:40.666+0000][gc,heap     ] GC(528) Old regions: 179->179
[2025-12-25T01:23:40.666+0000][gc,heap     ] GC(528) Humongous regions: 151->151
[2025-12-25T01:23:40.666+0000][gc,metaspace] GC(528) Metaspace: 16033K(16448K)->16033K(16448K) NonClass: 14286K(14464K)->14286K(14464K) Class: 1746K(1984K)->1746K(1984K)
[2025-12-25T01:23:40.666+0000][gc          ] GC(528) Pause Young (Normal) (G1 Evacuation Pause) 942M->340M(1024M) 29.240ms
[2025-12-25T01:23:40.667+0000][gc,cpu      ] GC(528) User=0.19s Sys=0.01s Real=0.03s
[2025-12-25T01:24:20.229+0000][gc,start    ] GC(529) Pause Young (Normal) (G1 Evacuation Pause)
[2025-12-25T01:24:20.232+0000][gc,task     ] GC(529) Using 8 workers of 8 for evacuation
[2025-12-25T01:24:20.255+0000][gc,phases   ] GC(529)   Pre Evacuate Collection Set: 1.1ms
[2025-12-25T01:24:20.256+0000][gc,phases   ] GC(529)   Merge Heap Roots: 0.3ms
[2025-12-25T01:24:20.256+0000][gc,phases   ] GC(529)   Evacuate Collection Set: 20.7ms
[2025-12-25T01:24:20.256+0000][gc,phases   ] GC(529)   Post Evacuate Collection Set: 1.1ms
[2025-12-25T01:24:20.256+0000][gc,phases   ] GC(529)   Other: 0.5ms
[2025-12-25T01:24:20.256+0000][gc,heap     ] GC(529) Eden regions: 603->0(605)
[2025-12-25T01:24:20.256+0000][gc,heap     ] GC(529) Survivor regions: 11->9(77)
[2025-12-25T01:24:20.256+0000][gc,heap     ] GC(529) Old regions: 179->180
[2025-12-25T01:24:20.256+0000][gc,heap     ] GC(529) Humongous regions: 151->151
[2025-12-25T01:24:20.256+0000][gc,metaspace] GC(529) Metaspace: 16033K(16448K)->16033K(16448K) NonClass: 14286K(14464K)->14286K(14464K) Class: 1746K(1984K)->1746K(1984K)
[2025-12-25T01:24:20.256+0000][gc          ] GC(529) Pause Young (Normal) (G1 Evacuation Pause) 943M->339M(1024M) 27.047ms
[2025-12-25T01:24:20.256+0000][gc,cpu      ] GC(529) User=0.17s Sys=0.00s Real=0.03s
[2025-12-25T01:24:50.363+0000][gc,start    ] GC(530) Pause Young (Normal) (G1 Evacuation Pause)
[2025-12-25T01:24:50.363+0000][gc,task     ] GC(530) Using 8 workers of 8 for evacuation
[2025-12-25T01:24:50.373+0000][gc,phases   ] GC(530)   Pre Evacuate Collection Set: 1.2ms
[2025-12-25T01:24:50.373+0000][gc,phases   ] GC(530)   Merge Heap Roots: 0.3ms
[2025-12-25T01:24:50.374+0000][gc,phases   ] GC(530)   Evacuate Collection Set: 7.3ms
[2025-12-25T01:24:50.374+0000][gc,phases   ] GC(530)   Post Evacuate Collection Set: 1.1ms
[2025-12-25T01:24:50.374+0000][gc,phases   ] GC(530)   Other: 0.3ms
[2025-12-25T01:24:50.374+0000][gc,heap     ] GC(530) Eden regions: 605->0(606)
[2025-12-25T01:24:50.374+0000][gc,heap     ] GC(530) Survivor regions: 9->8(77)
[2025-12-25T01:24:50.374+0000][gc,heap     ] GC(530) Old regions: 180->180
[2025-12-25T01:24:50.374+0000][gc,heap     ] GC(530) Humongous regions: 151->151
[2025-12-25T01:24:50.374+0000][gc,metaspace] GC(530) Metaspace: 16033K(16448K)->16033K(16448K) NonClass: 14286K(14464K)->14286K(14464K) Class: 1746K(1984K)->1746K(1984K)
[2025-12-25T01:24:50.374+0000][gc          ] GC(530) Pause Young (Normal) (G1 Evacuation Pause) 944M->337M(1024M) 11.449ms
[2025-12-25T01:24:50.374+0000][gc,cpu      ] GC(530) User=0.06s Sys=0.01s Real=0.01s
[2025-12-25T01:25:20.552+0000][gc,start    ] GC(531) Pause Young (Normal) (G1 Evacuation Pause)
[2025-12-25T01:25:20.553+0000][gc,task     ] GC(531) Using 8 workers of 8 for evacuation
[2025-12-25T01:25:20.572+0000][gc,phases   ] GC(531)   Pre Evacuate Collection Set: 1.1ms
[2025-12-25T01:25:20.572+0000][gc,phases   ] GC(531)   Merge Heap Roots: 0.3ms
[2025-12-25T01:25:20.572+0000][gc,phases   ] GC(531)   Evacuate Collection Set: 14.8ms
[2025-12-25T01:25:20.572+0000][gc,phases   ] GC(531)   Post Evacuate Collection Set: 2.7ms
[2025-12-25T01:25:20.572+0000][gc,phases   ] GC(531)   Other: 0.4ms
[2025-12-25T01:25:20.572+0000][gc,heap     ] GC(531) Eden regions: 606->0(605)
[2025-12-25T01:25:20.572+0000][gc,heap     ] GC(531) Survivor regions: 8->9(77)
[2025-12-25T01:25:20.572+0000][gc,heap     ] GC(531) Old regions: 180->180
[2025-12-25T01:25:20.572+0000][gc,heap     ] GC(531) Humongous regions: 151->151
[2025-12-25T01:25:20.573+0000][gc,metaspace] GC(531) Metaspace: 16033K(16448K)->16033K(16448K) NonClass: 14286K(14464K)->14286K(14464K) Class: 1746K(1984K)->1746K(1984K)
[2025-12-25T01:25:20.573+0000][gc          ] GC(531) Pause Young (Normal) (G1 Evacuation Pause) 943M->339M(1024M) 20.551ms
[2025-12-25T01:25:20.573+0000][gc,cpu      ] GC(531) User=0.11s Sys=0.00s Real=0.02s
[2025-12-25T01:26:00.167+0000][gc,start    ] GC(532) Pause Young (Normal) (G1 Evacuation Pause)
[2025-12-25T01:26:00.168+0000][gc,task     ] GC(532) Using 8 workers of 8 for evacuation
[2025-12-25T01:26:00.186+0000][gc,phases   ] GC(532)   Pre Evacuate Collection Set: 1.2ms
[2025-12-25T01:26:00.186+0000][gc,phases   ] GC(532)   Merge Heap Roots: 0.4ms
[2025-12-25T01:26:00.187+0000][gc,phases   ] GC(532)   Evacuate Collection Set: 15.4ms
[2025-12-25T01:26:00.187+0000][gc,phases   ] GC(532)   Post Evacuate Collection Set: 1.2ms
[2025-12-25T01:26:00.187+0000][gc,phases   ] GC(532)   Other: 0.4ms
[2025-12-25T01:26:00.187+0000][gc,heap     ] GC(532) Eden regions: 605->0(606)
[2025-12-25T01:26:00.187+0000][gc,heap     ] GC(532) Survivor regions: 9->8(77)
[2025-12-25T01:26:00.187+0000][gc,heap     ] GC(532) Old regions: 180->181
[2025-12-25T01:26:00.187+0000][gc,heap     ] GC(532) Humongous regions: 151->151
[2025-12-25T01:26:00.187+0000][gc,metaspace] GC(532) Metaspace: 16033K(16448K)->16033K(16448K) NonClass: 14286K(14464K)->14286K(14464K) Class: 1746K(1984K)->1746K(1984K)
[2025-12-25T01:26:00.187+0000][gc          ] GC(532) Pause Young (Normal) (G1 Evacuation Pause) 944M->338M(1024M) 20.385ms
[2025-12-25T01:26:00.187+0000][gc,cpu      ] GC(532) User=0.13s Sys=0.01s Real=0.02s
[2025-12-25T01:26:30.349+0000][gc,start    ] GC(533) Pause Young (Normal) (G1 Evacuation Pause)
[2025-12-25T01:26:30.350+0000][gc,task     ] GC(533) Using 8 workers of 8 for evacuation
[2025-12-25T01:26:30.365+0000][gc,phases   ] GC(533)   Pre Evacuate Collection Set: 1.1ms
[2025-12-25T01:26:30.366+0000][gc,phases   ] GC(533)   Merge Heap Roots: 0.3ms
[2025-12-25T01:26:30.366+0000][gc,phases   ] GC(533)   Evacuate Collection Set: 12.7ms
[2025-12-25T01:26:30.366+0000][gc,phases   ] GC(533)   Post Evacuate Collection Set: 1.1ms
[2025-12-25T01:26:30.366+0000][gc,phases   ] GC(533)   Other: 0.3ms
[2025-12-25T01:26:30.366+0000][gc,heap     ] GC(533) Eden regions: 606->0(604)
[2025-12-25T01:26:30.366+0000][gc,heap     ] GC(533) Survivor regions: 8->10(77)
[2025-12-25T01:26:30.366+0000][gc,heap     ] GC(533) Old regions: 181->181
[2025-12-25T01:26:30.366+0000][gc,heap     ] GC(533) Humongous regions: 151->151
[2025-12-25T01:26:30.366+0000][gc,metaspace] GC(533) Metaspace: 16033K(16448K)->16033K(16448K) NonClass: 14286K(14464K)->14286K(14464K) Class: 1746K(1984K)->1746K(1984K)
[2025-12-25T01:26:30.366+0000][gc          ] GC(533) Pause Young (Normal) (G1 Evacuation Pause) 944M->340M(1024M) 16.598ms
[2025-12-25T01:26:30.366+0000][gc,cpu      ] GC(533) User=0.11s Sys=0.00s Real=0.02s
[2025-12-25T01:27:00.506+0000][gc,start    ] GC(534) Pause Young (Normal) (G1 Evacuation Pause)
[2025-12-25T01:27:00.507+0000][gc,task     ] GC(534) Using 8 workers of 8 for evacuation
[2025-12-25T01:27:00.525+0000][gc,phases   ] GC(534)   Pre Evacuate Collection Set: 1.0ms
[2025-12-25T01:27:00.525+0000][gc,phases   ] GC(534)   Merge Heap Roots: 0.3ms
[2025-12-25T01:27:00.525+0000][gc,phases   ] GC(534)   Evacuate Collection Set: 14.9ms
[2025-12-25T01:27:00.525+0000][gc,phases   ] GC(534)   Post Evacuate Collection Set: 1.3ms
[2025-12-25T01:27:00.525+0000][gc,phases   ] GC(534)   Other: 0.4ms
[2025-12-25T01:27:00.525+0000][gc,heap     ] GC(534) Eden regions: 604->0(603)
[2025-12-25T01:27:00.525+0000][gc,heap     ] GC(534) Survivor regions: 10->11(77)
[2025-12-25T01:27:00.525+0000][gc,heap     ] GC(534) Old regions: 181->181
[2025-12-25T01:27:00.525+0000][gc,heap     ] GC(534) Humongous regions: 151->151
[2025-12-25T01:27:00.525+0000][gc,metaspace] GC(534) Metaspace: 16033K(16448K)->16033K(16448K) NonClass: 14286K(14464K)->14286K(14464K) Class: 1746K(1984K)->1746K(1984K)
[2025-12-25T01:27:00.525+0000][gc          ] GC(534) Pause Young (Normal) (G1 Evacuation Pause) 944M->342M(1024M) 19.305ms
[2025-12-25T01:27:00.525+0000][gc,cpu      ] GC(534) User=0.12s Sys=0.01s Real=0.02s
[2025-12-25T01:27:40.074+0000][gc,start    ] GC(535) Pause Young (Normal) (G1 Evacuation Pause)
[2025-12-25T01:27:40.074+0000][gc,task     ] GC(535) Using 8 workers of 8 for evacuation
[2025-12-25T01:27:40.090+0000][gc,phases   ] GC(535)   Pre Evacuate Collection Set: 1.2ms
[2025-12-25T01:27:40.090+0000][gc,phases   ] GC(535)   Merge Heap Roots: 0.3ms
[2025-12-25T01:27:40.090+0000][gc,phases   ] GC(535)   Evacuate Collection Set: 11.9ms
[2025-12-25T01:27:40.091+0000][gc,phases   ] GC(535)   Post Evacuate Collection Set: 2.1ms
[2025-12-25T01:27:40.091+0000][gc,phases   ] GC(535)   Other: 0.4ms
[2025-12-25T01:27:40.091+0000][gc,heap     ] GC(535) Eden regions: 603->0(607)
[2025-12-25T01:27:40.091+0000][gc,heap     ] GC(535) Survivor regions: 11->7(77)
[2025-12-25T01:27:40.091+0000][gc,heap     ] GC(535) Old regions: 181->182
[2025-12-25T01:27:40.091+0000][gc,heap     ] GC(535) Humongous regions: 151->151
[2025-12-25T01:27:40.091+0000][gc,metaspace] GC(535) Metaspace: 16033K(16448K)->16033K(16448K) NonClass: 14286K(14464K)->14286K(14464K) Class: 1746K(1984K)->1746K(1984K)
[2025-12-25T01:27:40.091+0000][gc          ] GC(535) Pause Young (Normal) (G1 Evacuation Pause) 945M->338M(1024M) 17.176ms
[2025-12-25T01:27:40.091+0000][gc,cpu      ] GC(535) User=0.11s Sys=0.00s Real=0.02s
[2025-12-25T01:28:10.360+0000][gc,start    ] GC(536) Pause Young (Normal) (G1 Evacuation Pause)
[2025-12-25T01:28:10.360+0000][gc,task     ] GC(536) Using 8 workers of 8 for evacuation
[2025-12-25T01:28:10.381+0000][gc,phases   ] GC(536)   Pre Evacuate Collection Set: 1.1ms
[2025-12-25T01:28:10.382+0000][gc,phases   ] GC(536)   Merge Heap Roots: 0.3ms
[2025-12-25T01:28:10.382+0000][gc,phases   ] GC(536)   Evacuate Collection Set: 13.6ms
[2025-12-25T01:28:10.382+0000][gc,phases   ] GC(536)   Post Evacuate Collection Set: 5.4ms
[2025-12-25T01:28:10.382+0000][gc,phases   ] GC(536)   Other: 0.4ms
[2025-12-25T01:28:10.382+0000][gc,heap     ] GC(536) Eden regions: 607->0(606)
[2025-12-25T01:28:10.382+0000][gc,heap     ] GC(536) Survivor regions: 7->8(77)
[2025-12-25T01:28:10.382+0000][gc,heap     ] GC(536) Old regions: 182->182
[2025-12-25T01:28:10.382+0000][gc,heap     ] GC(536) Humongous regions: 151->151
[2025-12-25T01:28:10.382+0000][gc,metaspace] GC(536) Metaspace: 16033K(16448K)->16033K(16448K) NonClass: 14286K(14464K)->14286K(14464K) Class: 1746K(1984K)->1746K(1984K)
[2025-12-25T01:28:10.382+0000][gc          ] GC(536) Pause Young (Normal) (G1 Evacuation Pause) 945M->339M(1024M) 22.278ms
[2025-12-25T01:28:10.382+0000][gc,cpu      ] GC(536) User=0.15s Sys=0.00s Real=0.02s
[2025-12-25T01:28:40.578+0000][gc,start    ] GC(537) Pause Young (Normal) (G1 Evacuation Pause)
[2025-12-25T01:28:40.579+0000][gc,task     ] GC(537) Using 8 workers of 8 for evacuation
[2025-12-25T01:28:40.598+0000][gc,phases   ] GC(537)   Pre Evacuate Collection Set: 1.2ms
[2025-12-25T01:28:40.598+0000][gc,phases   ] GC(537)   Merge Heap Roots: 0.4ms
[2025-12-25T01:28:40.598+0000][gc,phases   ] GC(537)   Evacuate Collection Set: 15.8ms
[2025-12-25T01:28:40.598+0000][gc,phases   ] GC(537)   Post Evacuate Collection Set: 1.1ms
[2025-12-25T01:28:40.598+0000][gc,phases   ] GC(537)   Other: 0.7ms
[2025-12-25T01:28:40.598+0000][gc,heap     ] GC(537) Eden regions: 606->0(605)
[2025-12-25T01:28:40.598+0000][gc,heap     ] GC(537) Survivor regions: 8->9(77)
[2025-12-25T01:28:40.599+0000][gc,heap     ] GC(537) Old regions: 182->182
[2025-12-25T01:28:40.599+0000][gc,heap     ] GC(537) Humongous regions: 151->151
[2025-12-25T01:28:40.599+0000][gc,metaspace] GC(537) Metaspace: 16033K(16448K)->16033K(16448K) NonClass: 14286K(14464K)->14286K(14464K) Class: 1746K(1984K)->1746K(1984K)
[2025-12-25T01:28:40.599+0000][gc          ] GC(537) Pause Young (Normal) (G1 Evacuation Pause) 945M->341M(1024M) 20.657ms
[2025-12-25T01:28:40.599+0000][gc,cpu      ] GC(537) User=0.12s Sys=0.00s Real=0.02s
[2025-12-25T01:29:10.688+0000][gc,start    ] GC(538) Pause Young (Normal) (G1 Evacuation Pause)
[2025-12-25T01:29:10.689+0000][gc,task     ] GC(538) Using 8 workers of 8 for evacuation
[2025-12-25T01:29:10.712+0000][gc,phases   ] GC(538)   Pre Evacuate Collection Set: 1.2ms
[2025-12-25T01:29:10.713+0000][gc,phases   ] GC(538)   Merge Heap Roots: 0.4ms
[2025-12-25T01:29:10.713+0000][gc,phases   ] GC(538)   Evacuate Collection Set: 15.8ms
[2025-12-25T01:29:10.713+0000][gc,phases   ] GC(538)   Post Evacuate Collection Set: 5.6ms
[2025-12-25T01:29:10.713+0000][gc,phases   ] GC(538)   Other: 0.3ms
[2025-12-25T01:29:10.713+0000][gc,heap     ] GC(538) Eden regions: 605->0(604)
[2025-12-25T01:29:10.713+0000][gc,heap     ] GC(538) Survivor regions: 9->10(77)
[2025-12-25T01:29:10.713+0000][gc,heap     ] GC(538) Old regions: 182->183
[2025-12-25T01:29:10.713+0000][gc,heap     ] GC(538) Humongous regions: 151->151
[2025-12-25T01:29:10.713+0000][gc,metaspace] GC(538) Metaspace: 16033K(16448K)->16033K(16448K) NonClass: 14286K(14464K)->14286K(14464K) Class: 1746K(1984K)->1746K(1984K)
[2025-12-25T01:29:10.713+0000][gc          ] GC(538) Pause Young (Normal) (G1 Evacuation Pause) 946M->343M(1024M) 25.065ms
[2025-12-25T01:29:10.714+0000][gc,cpu      ] GC(538) User=0.16s Sys=0.01s Real=0.03s
[2025-12-25T01:29:50.257+0000][gc,start    ] GC(539) Pause Young (Normal) (G1 Evacuation Pause)
[2025-12-25T01:29:50.258+0000][gc,task     ] GC(539) Using 8 workers of 8 for evacuation
[2025-12-25T01:29:50.280+0000][gc,phases   ] GC(539)   Pre Evacuate Collection Set: 3.9ms
[2025-12-25T01:29:50.280+0000][gc,phases   ] GC(539)   Merge Heap Roots: 1.7ms
[2025-12-25T01:29:50.280+0000][gc,phases   ] GC(539)   Evacuate Collection Set: 12.5ms
[2025-12-25T01:29:50.280+0000][gc,phases   ] GC(539)   Post Evacuate Collection Set: 2.5ms
[2025-12-25T01:29:50.280+0000][gc,phases   ] GC(539)   Other: 1.4ms
[2025-12-25T01:29:50.280+0000][gc,heap     ] GC(539) Eden regions: 604->0(604)
[2025-12-25T01:29:50.280+0000][gc,heap     ] GC(539) Survivor regions: 10->10(76)
[2025-12-25T01:29:50.280+0000][gc,heap     ] GC(539) Old regions: 183->183
[2025-12-25T01:29:50.280+0000][gc,heap     ] GC(539) Humongous regions: 151->151
[2025-12-25T01:29:50.280+0000][gc,metaspace] GC(539) Metaspace: 16033K(16448K)->16033K(16448K) NonClass: 14286K(14464K)->14286K(14464K) Class: 1746K(1984K)->1746K(1984K)
[2025-12-25T01:29:50.281+0000][gc          ] GC(539) Pause Young (Normal) (G1 Evacuation Pause) 947M->342M(1024M) 23.858ms
[2025-12-25T01:29:50.281+0000][gc,cpu      ] GC(539) User=0.13s Sys=0.01s Real=0.02s
[2025-12-25T01:30:20.427+0000][gc,start    ] GC(540) Pause Young (Normal) (G1 Evacuation Pause)
[2025-12-25T01:30:20.428+0000][gc,task     ] GC(540) Using 8 workers of 8 for evacuation
[2025-12-25T01:30:20.445+0000][gc,phases   ] GC(540)   Pre Evacuate Collection Set: 1.0ms
[2025-12-25T01:30:20.446+0000][gc,phases   ] GC(540)   Merge Heap Roots: 0.3ms
[2025-12-25T01:30:20.446+0000][gc,phases   ] GC(540)   Evacuate Collection Set: 11.4ms
[2025-12-25T01:30:20.446+0000][gc,phases   ] GC(540)   Post Evacuate Collection Set: 4.5ms
[2025-12-25T01:30:20.446+0000][gc,phases   ] GC(540)   Other: 0.4ms
[2025-12-25T01:30:20.446+0000][gc,heap     ] GC(540) Eden regions: 604->0(606)
[2025-12-25T01:30:20.446+0000][gc,heap     ] GC(540) Survivor regions: 10->8(76)
[2025-12-25T01:30:20.446+0000][gc,heap     ] GC(540) Old regions: 183->183
[2025-12-25T01:30:20.446+0000][gc,heap     ] GC(540) Humongous regions: 151->151
[2025-12-25T01:30:20.446+0000][gc,metaspace] GC(540) Metaspace: 16033K(16448K)->16033K(16448K) NonClass: 14286K(14464K)->14286K(14464K) Class: 1746K(1984K)->1746K(1984K)
[2025-12-25T01:30:20.446+0000][gc          ] GC(540) Pause Young (Normal) (G1 Evacuation Pause) 946M->341M(1024M) 19.410ms
[2025-12-25T01:30:20.446+0000][gc,cpu      ] GC(540) User=0.10s Sys=0.01s Real=0.02s
[2025-12-25T01:30:50.584+0000][gc,start    ] GC(541) Pause Young (Normal) (G1 Evacuation Pause)
[2025-12-25T01:30:50.584+0000][gc,task     ] GC(541) Using 8 workers of 8 for evacuation
[2025-12-25T01:30:50.597+0000][gc,phases   ] GC(541)   Pre Evacuate Collection Set: 1.1ms
[2025-12-25T01:30:50.597+0000][gc,phases   ] GC(541)   Merge Heap Roots: 0.3ms
[2025-12-25T01:30:50.597+0000][gc,phases   ] GC(541)   Evacuate Collection Set: 10.1ms
[2025-12-25T01:30:50.597+0000][gc,phases   ] GC(541)   Post Evacuate Collection Set: 1.1ms
[2025-12-25T01:30:50.597+0000][gc,phases   ] GC(541)   Other: 0.3ms
[2025-12-25T01:30:50.597+0000][gc,heap     ] GC(541) Eden regions: 606->0(605)
[2025-12-25T01:30:50.597+0000][gc,heap     ] GC(541) Survivor regions: 8->9(76)
[2025-12-25T01:30:50.597+0000][gc,heap     ] GC(541) Old regions: 183->184
[2025-12-25T01:30:50.597+0000][gc,heap     ] GC(541) Humongous regions: 151->151
[2025-12-25T01:30:50.598+0000][gc,metaspace] GC(541) Metaspace: 16033K(16448K)->16033K(16448K) NonClass: 14286K(14464K)->14286K(14464K) Class: 1746K(1984K)->1746K(1984K)
[2025-12-25T01:30:50.598+0000][gc          ] GC(541) Pause Young (Normal) (G1 Evacuation Pause) 947M->342M(1024M) 13.863ms
[2025-12-25T01:30:50.598+0000][gc,cpu      ] GC(541) User=0.08s Sys=0.00s Real=0.01s
[2025-12-25T01:31:30.251+0000][gc,start    ] GC(542) Pause Young (Normal) (G1 Evacuation Pause)
[2025-12-25T01:31:30.252+0000][gc,task     ] GC(542) Using 8 workers of 8 for evacuation
[2025-12-25T01:31:30.269+0000][gc,phases   ] GC(542)   Pre Evacuate Collection Set: 1.2ms
[2025-12-25T01:31:30.269+0000][gc,phases   ] GC(542)   Merge Heap Roots: 0.4ms
[2025-12-25T01:31:30.269+0000][gc,phases   ] GC(542)   Evacuate Collection Set: 13.5ms
[2025-12-25T01:31:30.269+0000][gc,phases   ] GC(542)   Post Evacuate Collection Set: 1.2ms
[2025-12-25T01:31:30.269+0000][gc,phases   ] GC(542)   Other: 0.5ms
[2025-12-25T01:31:30.269+0000][gc,heap     ] GC(542) Eden regions: 605->0(606)
[2025-12-25T01:31:30.269+0000][gc,heap     ] GC(542) Survivor regions: 9->8(75)
[2025-12-25T01:31:30.269+0000][gc,heap     ] GC(542) Old regions: 184->184
[2025-12-25T01:31:30.269+0000][gc,heap     ] GC(542) Humongous regions: 151->151
[2025-12-25T01:31:30.269+0000][gc,metaspace] GC(542) Metaspace: 16044K(16448K)->16044K(16448K) NonClass: 14298K(14464K)->14298K(14464K) Class: 1746K(1984K)->1746K(1984K)
[2025-12-25T01:31:30.269+0000][gc          ] GC(542) Pause Young (Normal) (G1 Evacuation Pause) 947M->342M(1024M) 18.373ms
[2025-12-25T01:31:30.270+0000][gc,cpu      ] GC(542) User=0.10s Sys=0.00s Real=0.02s
[2025-12-25T01:32:00.432+0000][gc,start    ] GC(543) Pause Young (Normal) (G1 Evacuation Pause)
[2025-12-25T01:32:00.434+0000][gc,task     ] GC(543) Using 8 workers of 8 for evacuation
[2025-12-25T01:32:00.476+0000][gc,phases   ] GC(543)   Pre Evacuate Collection Set: 5.7ms
[2025-12-25T01:32:00.476+0000][gc,phases   ] GC(543)   Merge Heap Roots: 1.2ms
[2025-12-25T01:32:00.476+0000][gc,phases   ] GC(543)   Evacuate Collection Set: 24.0ms
[2025-12-25T01:32:00.477+0000][gc,phases   ] GC(543)   Post Evacuate Collection Set: 8.0ms
[2025-12-25T01:32:00.477+0000][gc,phases   ] GC(543)   Other: 3.1ms
[2025-12-25T01:32:00.477+0000][gc,heap     ] GC(543) Eden regions: 606->0(605)
[2025-12-25T01:32:00.477+0000][gc,heap     ] GC(543) Survivor regions: 8->9(75)
[2025-12-25T01:32:00.478+0000][gc,heap     ] GC(543) Old regions: 184->184
[2025-12-25T01:32:00.478+0000][gc,heap     ] GC(543) Humongous regions: 151->151
[2025-12-25T01:32:00.478+0000][gc,metaspace] GC(543) Metaspace: 16044K(16448K)->16044K(16448K) NonClass: 14298K(14464K)->14298K(14464K) Class: 1746K(1984K)->1746K(1984K)
[2025-12-25T01:32:00.478+0000][gc          ] GC(543) Pause Young (Normal) (G1 Evacuation Pause) 948M->343M(1024M) 46.361ms
[2025-12-25T01:32:00.478+0000][gc,cpu      ] GC(543) User=0.10s Sys=0.02s Real=0.05s
[2025-12-25T01:32:30.629+0000][gc,start    ] GC(544) Pause Young (Normal) (G1 Evacuation Pause)
[2025-12-25T01:32:30.629+0000][gc,task     ] GC(544) Using 8 workers of 8 for evacuation
[2025-12-25T01:32:30.650+0000][gc,phases   ] GC(544)   Pre Evacuate Collection Set: 1.4ms
[2025-12-25T01:32:30.650+0000][gc,phases   ] GC(544)   Merge Heap Roots: 1.0ms
[2025-12-25T01:32:30.650+0000][gc,phases   ] GC(544)   Evacuate Collection Set: 14.9ms
[2025-12-25T01:32:30.650+0000][gc,phases   ] GC(544)   Post Evacuate Collection Set: 2.2ms
[2025-12-25T01:32:30.650+0000][gc,phases   ] GC(544)   Other: 0.9ms
[2025-12-25T01:32:30.650+0000][gc,heap     ] GC(544) Eden regions: 605->0(603)
[2025-12-25T01:32:30.650+0000][gc,heap     ] GC(544) Survivor regions: 9->11(75)
[2025-12-25T01:32:30.650+0000][gc,heap     ] GC(544) Old regions: 184->185
[2025-12-25T01:32:30.650+0000][gc,heap     ] GC(544) Humongous regions: 151->151
[2025-12-25T01:32:30.651+0000][gc,metaspace] GC(544) Metaspace: 16044K(16448K)->16044K(16448K) NonClass: 14298K(14464K)->14298K(14464K) Class: 1746K(1984K)->1746K(1984K)
[2025-12-25T01:32:30.651+0000][gc          ] GC(544) Pause Young (Normal) (G1 Evacuation Pause) 948M->346M(1024M) 22.255ms
[2025-12-25T01:32:30.651+0000][gc,cpu      ] GC(544) User=0.10s Sys=0.02s Real=0.03s
[2025-12-25T01:33:10.163+0000][gc,start    ] GC(545) Pause Young (Normal) (G1 Evacuation Pause)
[2025-12-25T01:33:10.164+0000][gc,task     ] GC(545) Using 8 workers of 8 for evacuation
[2025-12-25T01:33:10.178+0000][gc,phases   ] GC(545)   Pre Evacuate Collection Set: 1.3ms
[2025-12-25T01:33:10.178+0000][gc,phases   ] GC(545)   Merge Heap Roots: 0.4ms
[2025-12-25T01:33:10.178+0000][gc,phases   ] GC(545)   Evacuate Collection Set: 10.5ms
[2025-12-25T01:33:10.178+0000][gc,phases   ] GC(545)   Post Evacuate Collection Set: 1.2ms
[2025-12-25T01:33:10.178+0000][gc,phases   ] GC(545)   Other: 0.5ms
[2025-12-25T01:33:10.178+0000][gc,heap     ] GC(545) Eden regions: 603->0(608)
[2025-12-25T01:33:10.178+0000][gc,heap     ] GC(545) Survivor regions: 11->6(74)
[2025-12-25T01:33:10.178+0000][gc,heap     ] GC(545) Old regions: 185->185
[2025-12-25T01:33:10.178+0000][gc,heap     ] GC(545) Humongous regions: 151->151
[2025-12-25T01:33:10.178+0000][gc,metaspace] GC(545) Metaspace: 16044K(16448K)->16044K(16448K) NonClass: 14298K(14464K)->14298K(14464K) Class: 1746K(1984K)->1746K(1984K)
[2025-12-25T01:33:10.179+0000][gc          ] GC(545) Pause Young (Normal) (G1 Evacuation Pause) 949M->341M(1024M) 15.744ms
[2025-12-25T01:33:10.179+0000][gc,cpu      ] GC(545) User=0.09s Sys=0.00s Real=0.01s
[2025-12-25T01:33:40.304+0000][gc,start    ] GC(546) Pause Young (Normal) (G1 Evacuation Pause)
[2025-12-25T01:33:40.304+0000][gc,task     ] GC(546) Using 8 workers of 8 for evacuation
[2025-12-25T01:33:40.319+0000][gc,phases   ] GC(546)   Pre Evacuate Collection Set: 1.1ms
[2025-12-25T01:33:40.319+0000][gc,phases   ] GC(546)   Merge Heap Roots: 0.4ms
[2025-12-25T01:33:40.319+0000][gc,phases   ] GC(546)   Evacuate Collection Set: 12.4ms
[2025-12-25T01:33:40.319+0000][gc,phases   ] GC(546)   Post Evacuate Collection Set: 1.0ms
[2025-12-25T01:33:40.319+0000][gc,phases   ] GC(546)   Other: 0.3ms
[2025-12-25T01:33:40.320+0000][gc,heap     ] GC(546) Eden regions: 608->0(604)
[2025-12-25T01:33:40.320+0000][gc,heap     ] GC(546) Survivor regions: 6->10(74)
[2025-12-25T01:33:40.320+0000][gc,heap     ] GC(546) Old regions: 185->185
[2025-12-25T01:33:40.320+0000][gc,heap     ] GC(546) Humongous regions: 151->151
[2025-12-25T01:33:40.320+0000][gc,metaspace] GC(546) Metaspace: 16060K(16448K)->16060K(16448K) NonClass: 14313K(14464K)->14313K(14464K) Class: 1746K(1984K)->1746K(1984K)
[2025-12-25T01:33:40.320+0000][gc          ] GC(546) Pause Young (Normal) (G1 Evacuation Pause) 949M->345M(1024M) 16.316ms
[2025-12-25T01:33:40.320+0000][gc,cpu      ] GC(546) User=0.11s Sys=0.00s Real=0.02s
[2025-12-25T01:34:10.502+0000][gc,start    ] GC(547) Pause Young (Normal) (G1 Evacuation Pause)
[2025-12-25T01:34:10.503+0000][gc,task     ] GC(547) Using 8 workers of 8 for evacuation
[2025-12-25T01:34:10.534+0000][gc,phases   ] GC(547)   Pre Evacuate Collection Set: 1.1ms
[2025-12-25T01:34:10.534+0000][gc,phases   ] GC(547)   Merge Heap Roots: 1.4ms
[2025-12-25T01:34:10.535+0000][gc,phases   ] GC(547)   Evacuate Collection Set: 24.4ms
[2025-12-25T01:34:10.535+0000][gc,phases   ] GC(547)   Post Evacuate Collection Set: 3.8ms
[2025-12-25T01:34:10.535+0000][gc,phases   ] GC(547)   Other: 0.4ms
[2025-12-25T01:34:10.535+0000][gc,heap     ] GC(547) Eden regions: 604->0(602)
[2025-12-25T01:34:10.535+0000][gc,heap     ] GC(547) Survivor regions: 10->12(74)
[2025-12-25T01:34:10.535+0000][gc,heap     ] GC(547) Old regions: 185->186
[2025-12-25T01:34:10.535+0000][gc,heap     ] GC(547) Humongous regions: 151->151
[2025-12-25T01:34:10.535+0000][gc,metaspace] GC(547) Metaspace: 16063K(16448K)->16063K(16448K) NonClass: 14315K(14464K)->14315K(14464K) Class: 1748K(1984K)->1748K(1984K)
[2025-12-25T01:34:10.535+0000][gc          ] GC(547) Pause Young (Normal) (G1 Evacuation Pause) 949M->348M(1024M) 32.607ms
[2025-12-25T01:34:10.535+0000][gc,cpu      ] GC(547) User=0.22s Sys=0.00s Real=0.04s
[2025-12-25T01:34:49.142+0000][gc,start    ] GC(548) Pause Young (Normal) (G1 Evacuation Pause)
[2025-12-25T01:34:49.144+0000][gc,task     ] GC(548) Using 8 workers of 8 for evacuation
[2025-12-25T01:34:49.200+0000][gc,phases   ] GC(548)   Pre Evacuate Collection Set: 6.6ms
[2025-12-25T01:34:49.200+0000][gc,phases   ] GC(548)   Merge Heap Roots: 3.9ms
[2025-12-25T01:34:49.200+0000][gc,phases   ] GC(548)   Evacuate Collection Set: 41.4ms
[2025-12-25T01:34:49.200+0000][gc,phases   ] GC(548)   Post Evacuate Collection Set: 2.9ms
[2025-12-25T01:34:49.200+0000][gc,phases   ] GC(548)   Other: 1.4ms
[2025-12-25T01:34:49.200+0000][gc,heap     ] GC(548) Eden regions: 602->0(603)
[2025-12-25T01:34:49.200+0000][gc,heap     ] GC(548) Survivor regions: 12->11(73)
[2025-12-25T01:34:49.201+0000][gc,heap     ] GC(548) Old regions: 186->186
[2025-12-25T01:34:49.201+0000][gc,heap     ] GC(548) Humongous regions: 151->151
[2025-12-25T01:34:49.201+0000][gc,metaspace] GC(548) Metaspace: 16063K(16448K)->16063K(16448K) NonClass: 14315K(14464K)->14315K(14464K) Class: 1748K(1984K)->1748K(1984K)
[2025-12-25T01:34:49.201+0000][gc          ] GC(548) Pause Young (Normal) (G1 Evacuation Pause) 950M->347M(1024M) 58.502ms
[2025-12-25T01:34:49.201+0000][gc,cpu      ] GC(548) User=0.37s Sys=0.00s Real=0.06s
[2025-12-25T01:35:20.249+0000][gc,start    ] GC(549) Pause Young (Normal) (G1 Evacuation Pause)
[2025-12-25T01:35:20.250+0000][gc,task     ] GC(549) Using 8 workers of 8 for evacuation
[2025-12-25T01:35:20.284+0000][gc,phases   ] GC(549)   Pre Evacuate Collection Set: 7.1ms
[2025-12-25T01:35:20.284+0000][gc,phases   ] GC(549)   Merge Heap Roots: 2.2ms
[2025-12-25T01:35:20.284+0000][gc,phases   ] GC(549)   Evacuate Collection Set: 21.9ms
[2025-12-25T01:35:20.285+0000][gc,phases   ] GC(549)   Post Evacuate Collection Set: 2.7ms
[2025-12-25T01:35:20.285+0000][gc,phases   ] GC(549)   Other: 0.7ms
[2025-12-25T01:35:20.285+0000][gc,heap     ] GC(549) Eden regions: 603->0(602)
[2025-12-25T01:35:20.285+0000][gc,heap     ] GC(549) Survivor regions: 11->12(73)
[2025-12-25T01:35:20.285+0000][gc,heap     ] GC(549) Old regions: 186->186
[2025-12-25T01:35:20.285+0000][gc,heap     ] GC(549) Humongous regions: 151->151
[2025-12-25T01:35:20.285+0000][gc,metaspace] GC(549) Metaspace: 16063K(16448K)->16063K(16448K) NonClass: 14315K(14464K)->14315K(14464K) Class: 1748K(1984K)->1748K(1984K)
[2025-12-25T01:35:20.285+0000][gc          ] GC(549) Pause Young (Normal) (G1 Evacuation Pause) 950M->348M(1024M) 36.384ms
[2025-12-25T01:35:20.285+0000][gc,cpu      ] GC(549) User=0.22s Sys=0.00s Real=0.04s
[2025-12-25T01:35:50.419+0000][gc,start    ] GC(550) Pause Young (Normal) (G1 Evacuation Pause)
[2025-12-25T01:35:50.419+0000][gc,task     ] GC(550) Using 8 workers of 8 for evacuation
[2025-12-25T01:35:50.443+0000][gc,phases   ] GC(550)   Pre Evacuate Collection Set: 1.1ms
[2025-12-25T01:35:50.443+0000][gc,phases   ] GC(550)   Merge Heap Roots: 0.4ms
[2025-12-25T01:35:50.443+0000][gc,phases   ] GC(550)   Evacuate Collection Set: 19.6ms
[2025-12-25T01:35:50.443+0000][gc,phases   ] GC(550)   Post Evacuate Collection Set: 2.3ms
[2025-12-25T01:35:50.443+0000][gc,phases   ] GC(550)   Other: 0.4ms
[2025-12-25T01:35:50.443+0000][gc,heap     ] GC(550) Eden regions: 602->0(605)
[2025-12-25T01:35:50.443+0000][gc,heap     ] GC(550) Survivor regions: 12->9(73)
[2025-12-25T01:35:50.443+0000][gc,heap     ] GC(550) Old regions: 186->187
[2025-12-25T01:35:50.443+0000][gc,heap     ] GC(550) Humongous regions: 151->151
[2025-12-25T01:35:50.443+0000][gc,metaspace] GC(550) Metaspace: 16063K(16448K)->16063K(16448K) NonClass: 14315K(14464K)->14315K(14464K) Class: 1748K(1984K)->1748K(1984K)
[2025-12-25T01:35:50.444+0000][gc          ] GC(550) Pause Young (Normal) (G1 Evacuation Pause) 950M->346M(1024M) 25.434ms
[2025-12-25T01:35:50.444+0000][gc,cpu      ] GC(550) User=0.17s Sys=0.00s Real=0.02s
[2025-12-25T01:36:20.605+0000][gc,start    ] GC(551) Pause Young (Normal) (G1 Evacuation Pause)
[2025-12-25T01:36:20.606+0000][gc,task     ] GC(551) Using 8 workers of 8 for evacuation
[2025-12-25T01:36:20.628+0000][gc,phases   ] GC(551)   Pre Evacuate Collection Set: 1.1ms
[2025-12-25T01:36:20.628+0000][gc,phases   ] GC(551)   Merge Heap Roots: 0.4ms
[2025-12-25T01:36:20.628+0000][gc,phases   ] GC(551)   Evacuate Collection Set: 18.8ms
[2025-12-25T01:36:20.628+0000][gc,phases   ] GC(551)   Post Evacuate Collection Set: 1.2ms
[2025-12-25T01:36:20.628+0000][gc,phases   ] GC(551)   Other: 0.3ms
[2025-12-25T01:36:20.628+0000][gc,heap     ] GC(551) Eden regions: 605->0(604)
[2025-12-25T01:36:20.628+0000][gc,heap     ] GC(551) Survivor regions: 9->10(72)
[2025-12-25T01:36:20.628+0000][gc,heap     ] GC(551) Old regions: 187->187
[2025-12-25T01:36:20.628+0000][gc,heap     ] GC(551) Humongous regions: 151->151
[2025-12-25T01:36:20.628+0000][gc,metaspace] GC(551) Metaspace: 16063K(16448K)->16063K(16448K) NonClass: 14315K(14464K)->14315K(14464K) Class: 1748K(1984K)->1748K(1984K)
[2025-12-25T01:36:20.628+0000][gc          ] GC(551) Pause Young (Normal) (G1 Evacuation Pause) 951M->347M(1024M) 22.734ms
[2025-12-25T01:36:20.628+0000][gc,cpu      ] GC(551) User=0.15s Sys=0.00s Real=0.03s
[2025-12-25T01:37:00.183+0000][gc,start    ] GC(552) Pause Young (Normal) (G1 Evacuation Pause)
[2025-12-25T01:37:00.184+0000][gc,task     ] GC(552) Using 8 workers of 8 for evacuation
[2025-12-25T01:37:00.215+0000][gc,phases   ] GC(552)   Pre Evacuate Collection Set: 1.0ms
[2025-12-25T01:37:00.215+0000][gc,phases   ] GC(552)   Merge Heap Roots: 0.4ms
[2025-12-25T01:37:00.215+0000][gc,phases   ] GC(552)   Evacuate Collection Set: 26.3ms
[2025-12-25T01:37:00.215+0000][gc,phases   ] GC(552)   Post Evacuate Collection Set: 2.1ms
[2025-12-25T01:37:00.215+0000][gc,phases   ] GC(552)   Other: 0.9ms
[2025-12-25T01:37:00.215+0000][gc,heap     ] GC(552) Eden regions: 604->0(605)
[2025-12-25T01:37:00.215+0000][gc,heap     ] GC(552) Survivor regions: 10->9(72)
[2025-12-25T01:37:00.215+0000][gc,heap     ] GC(552) Old regions: 187->188
[2025-12-25T01:37:00.215+0000][gc,heap     ] GC(552) Humongous regions: 151->151
[2025-12-25T01:37:00.215+0000][gc,metaspace] GC(552) Metaspace: 16063K(16448K)->16063K(16448K) NonClass: 14315K(14464K)->14315K(14464K) Class: 1748K(1984K)->1748K(1984K)
[2025-12-25T01:37:00.215+0000][gc          ] GC(552) Pause Young (Normal) (G1 Evacuation Pause) 951M->346M(1024M) 32.508ms
[2025-12-25T01:37:00.216+0000][gc,cpu      ] GC(552) User=0.22s Sys=0.00s Real=0.04s
[2025-12-25T01:37:30.381+0000][gc,start    ] GC(553) Pause Young (Normal) (G1 Evacuation Pause)
[2025-12-25T01:37:30.381+0000][gc,task     ] GC(553) Using 8 workers of 8 for evacuation
[2025-12-25T01:37:30.409+0000][gc,phases   ] GC(553)   Pre Evacuate Collection Set: 1.0ms
[2025-12-25T01:37:30.409+0000][gc,phases   ] GC(553)   Merge Heap Roots: 0.4ms
[2025-12-25T01:37:30.409+0000][gc,phases   ] GC(553)   Evacuate Collection Set: 25.1ms
[2025-12-25T01:37:30.409+0000][gc,phases   ] GC(553)   Post Evacuate Collection Set: 1.2ms
[2025-12-25T01:37:30.410+0000][gc,phases   ] GC(553)   Other: 0.3ms
[2025-12-25T01:37:30.410+0000][gc,heap     ] GC(553) Eden regions: 605->0(604)
[2025-12-25T01:37:30.410+0000][gc,heap     ] GC(553) Survivor regions: 9->10(71)
[2025-12-25T01:37:30.410+0000][gc,heap     ] GC(553) Old regions: 188->188
[2025-12-25T01:37:30.410+0000][gc,heap     ] GC(553) Humongous regions: 151->151
[2025-12-25T01:37:30.410+0000][gc,metaspace] GC(553) Metaspace: 16063K(16448K)->16063K(16448K) NonClass: 14315K(14464K)->14315K(14464K) Class: 1748K(1984K)->1748K(1984K)
[2025-12-25T01:37:30.410+0000][gc          ] GC(553) Pause Young (Normal) (G1 Evacuation Pause) 951M->348M(1024M) 28.993ms
[2025-12-25T01:37:30.410+0000][gc,cpu      ] GC(553) User=0.17s Sys=0.01s Real=0.03s
[2025-12-25T01:38:00.456+0000][gc,start    ] GC(554) Pause Young (Normal) (G1 Evacuation Pause)
[2025-12-25T01:38:00.456+0000][gc,task     ] GC(554) Using 8 workers of 8 for evacuation
[2025-12-25T01:38:00.485+0000][gc,phases   ] GC(554)   Pre Evacuate Collection Set: 1.5ms
[2025-12-25T01:38:00.485+0000][gc,phases   ] GC(554)   Merge Heap Roots: 0.6ms
[2025-12-25T01:38:00.485+0000][gc,phases   ] GC(554)   Evacuate Collection Set: 23.0ms
[2025-12-25T01:38:00.485+0000][gc,phases   ] GC(554)   Post Evacuate Collection Set: 3.4ms
[2025-12-25T01:38:00.485+0000][gc,phases   ] GC(554)   Other: 0.5ms
[2025-12-25T01:38:00.486+0000][gc,heap     ] GC(554) Eden regions: 604->0(602)
[2025-12-25T01:38:00.486+0000][gc,heap     ] GC(554) Survivor regions: 10->12(71)
[2025-12-25T01:38:00.486+0000][gc,heap     ] GC(554) Old regions: 188->188
[2025-12-25T01:38:00.486+0000][gc,heap     ] GC(554) Humongous regions: 151->151
[2025-12-25T01:38:00.486+0000][gc,metaspace] GC(554) Metaspace: 16064K(16448K)->16064K(16448K) NonClass: 14315K(14464K)->14315K(14464K) Class: 1748K(1984K)->1748K(1984K)
[2025-12-25T01:38:00.486+0000][gc          ] GC(554) Pause Young (Normal) (G1 Evacuation Pause) 952M->350M(1024M) 30.569ms
[2025-12-25T01:38:00.486+0000][gc,cpu      ] GC(554) User=0.15s Sys=0.00s Real=0.03s
[2025-12-25T01:38:40.001+0000][gc,start    ] GC(555) Pause Young (Normal) (G1 Evacuation Pause)
[2025-12-25T01:38:40.002+0000][gc,task     ] GC(555) Using 8 workers of 8 for evacuation
[2025-12-25T01:38:40.058+0000][gc,phases   ] GC(555)   Pre Evacuate Collection Set: 2.5ms
[2025-12-25T01:38:40.058+0000][gc,phases   ] GC(555)   Merge Heap Roots: 0.8ms
[2025-12-25T01:38:40.058+0000][gc,phases   ] GC(555)   Evacuate Collection Set: 50.4ms
[2025-12-25T01:38:40.058+0000][gc,phases   ] GC(555)   Post Evacuate Collection Set: 1.9ms
[2025-12-25T01:38:40.058+0000][gc,phases   ] GC(555)   Other: 0.6ms
[2025-12-25T01:38:40.059+0000][gc,heap     ] GC(555) Eden regions: 602->0(607)
[2025-12-25T01:38:40.059+0000][gc,heap     ] GC(555) Survivor regions: 12->7(71)
[2025-12-25T01:38:40.059+0000][gc,heap     ] GC(555) Old regions: 188->189
[2025-12-25T01:38:40.059+0000][gc,heap     ] GC(555) Humongous regions: 151->151
[2025-12-25T01:38:40.059+0000][gc,metaspace] GC(555) Metaspace: 16064K(16448K)->16064K(16448K) NonClass: 14315K(14464K)->14315K(14464K) Class: 1748K(1984K)->1748K(1984K)
[2025-12-25T01:38:40.059+0000][gc          ] GC(555) Pause Young (Normal) (G1 Evacuation Pause) 952M->345M(1024M) 58.039ms
[2025-12-25T01:38:40.059+0000][gc,cpu      ] GC(555) User=0.23s Sys=0.05s Real=0.06s
[2025-12-25T01:39:10.217+0000][gc,start    ] GC(556) Pause Young (Normal) (G1 Evacuation Pause)
[2025-12-25T01:39:10.218+0000][gc,task     ] GC(556) Using 8 workers of 8 for evacuation
[2025-12-25T01:39:10.250+0000][gc,phases   ] GC(556)   Pre Evacuate Collection Set: 2.2ms
[2025-12-25T01:39:10.250+0000][gc,phases   ] GC(556)   Merge Heap Roots: 0.9ms
[2025-12-25T01:39:10.251+0000][gc,phases   ] GC(556)   Evacuate Collection Set: 27.6ms
[2025-12-25T01:39:10.251+0000][gc,phases   ] GC(556)   Post Evacuate Collection Set: 1.2ms
[2025-12-25T01:39:10.251+0000][gc,phases   ] GC(556)   Other: 0.7ms
[2025-12-25T01:39:10.251+0000][gc,heap     ] GC(556) Eden regions: 607->0(606)
[2025-12-25T01:39:10.251+0000][gc,heap     ] GC(556) Survivor regions: 7->8(70)
[2025-12-25T01:39:10.251+0000][gc,heap     ] GC(556) Old regions: 189->189
[2025-12-25T01:39:10.251+0000][gc,heap     ] GC(556) Humongous regions: 151->151
[2025-12-25T01:39:10.251+0000][gc,metaspace] GC(556) Metaspace: 16064K(16448K)->16064K(16448K) NonClass: 14315K(14464K)->14315K(14464K) Class: 1748K(1984K)->1748K(1984K)
[2025-12-25T01:39:10.251+0000][gc          ] GC(556) Pause Young (Normal) (G1 Evacuation Pause) 952M->346M(1024M) 33.801ms
[2025-12-25T01:39:10.251+0000][gc,cpu      ] GC(556) User=0.21s Sys=0.01s Real=0.03s
[2025-12-25T01:39:40.426+0000][gc,start    ] GC(557) Pause Young (Normal) (G1 Evacuation Pause)
[2025-12-25T01:39:40.427+0000][gc,task     ] GC(557) Using 8 workers of 8 for evacuation
[2025-12-25T01:39:40.464+0000][gc,phases   ] GC(557)   Pre Evacuate Collection Set: 2.8ms
[2025-12-25T01:39:40.464+0000][gc,phases   ] GC(557)   Merge Heap Roots: 1.5ms
[2025-12-25T01:39:40.464+0000][gc,phases   ] GC(557)   Evacuate Collection Set: 30.3ms
[2025-12-25T01:39:40.464+0000][gc,phases   ] GC(557)   Post Evacuate Collection Set: 1.3ms
[2025-12-25T01:39:40.464+0000][gc,phases   ] GC(557)   Other: 0.7ms
[2025-12-25T01:39:40.464+0000][gc,heap     ] GC(557) Eden regions: 606->0(605)
[2025-12-25T01:39:40.464+0000][gc,heap     ] GC(557) Survivor regions: 8->9(70)
[2025-12-25T01:39:40.464+0000][gc,heap     ] GC(557) Old regions: 189->189
[2025-12-25T01:39:40.464+0000][gc,heap     ] GC(557) Humongous regions: 151->151
[2025-12-25T01:39:40.464+0000][gc,metaspace] GC(557) Metaspace: 16064K(16448K)->16064K(16448K) NonClass: 14315K(14464K)->14315K(14464K) Class: 1748K(1984K)->1748K(1984K)
[2025-12-25T01:39:40.464+0000][gc          ] GC(557) Pause Young (Normal) (G1 Evacuation Pause) 952M->348M(1024M) 38.093ms
[2025-12-25T01:39:40.465+0000][gc,cpu      ] GC(557) User=0.26s Sys=0.01s Real=0.04s
[2025-12-25T01:55:19.243+0000][gc,start    ] GC(558) Pause Young (Normal) (G1 Evacuation Pause)
[2025-12-25T01:55:19.245+0000][gc,task     ] GC(558) Using 8 workers of 8 for evacuation
[2025-12-25T01:55:19.280+0000][gc,phases   ] GC(558)   Pre Evacuate Collection Set: 7.2ms
[2025-12-25T01:55:19.280+0000][gc,phases   ] GC(558)   Merge Heap Roots: 0.8ms
[2025-12-25T01:55:19.280+0000][gc,phases   ] GC(558)   Evacuate Collection Set: 23.6ms
[2025-12-25T01:55:19.280+0000][gc,phases   ] GC(558)   Post Evacuate Collection Set: 2.5ms
[2025-12-25T01:55:19.280+0000][gc,phases   ] GC(558)   Other: 1.0ms
[2025-12-25T01:55:19.280+0000][gc,heap     ] GC(558) Eden regions: 605->0(606)
[2025-12-25T01:55:19.280+0000][gc,heap     ] GC(558) Survivor regions: 9->8(70)
[2025-12-25T01:55:19.280+0000][gc,heap     ] GC(558) Old regions: 189->190
[2025-12-25T01:55:19.280+0000][gc,heap     ] GC(558) Humongous regions: 151->151
[2025-12-25T01:55:19.281+0000][gc,metaspace] GC(558) Metaspace: 16064K(16448K)->16064K(16448K) NonClass: 14315K(14464K)->14315K(14464K) Class: 1748K(1984K)->1748K(1984K)
[2025-12-25T01:55:19.281+0000][gc          ] GC(558) Pause Young (Normal) (G1 Evacuation Pause) 953M->347M(1024M) 37.980ms
[2025-12-25T01:55:19.281+0000][gc,cpu      ] GC(558) User=0.20s Sys=0.00s Real=0.03s
[2025-12-25T01:55:49.501+0000][gc,start    ] GC(559) Pause Young (Normal) (G1 Evacuation Pause)
[2025-12-25T01:55:49.501+0000][gc,task     ] GC(559) Using 8 workers of 8 for evacuation
[2025-12-25T01:55:49.530+0000][gc,phases   ] GC(559)   Pre Evacuate Collection Set: 2.3ms
[2025-12-25T01:55:49.531+0000][gc,phases   ] GC(559)   Merge Heap Roots: 1.6ms
[2025-12-25T01:55:49.531+0000][gc,phases   ] GC(559)   Evacuate Collection Set: 23.5ms
[2025-12-25T01:55:49.531+0000][gc,phases   ] GC(559)   Post Evacuate Collection Set: 1.4ms
[2025-12-25T01:55:49.531+0000][gc,phases   ] GC(559)   Other: 0.6ms
[2025-12-25T01:55:49.531+0000][gc,heap     ] GC(559) Eden regions: 606->0(605)
[2025-12-25T01:55:49.531+0000][gc,heap     ] GC(559) Survivor regions: 8->9(69)
[2025-12-25T01:55:49.531+0000][gc,heap     ] GC(559) Old regions: 190->190
[2025-12-25T01:55:49.531+0000][gc,heap     ] GC(559) Humongous regions: 151->151
[2025-12-25T01:55:49.531+0000][gc,metaspace] GC(559) Metaspace: 16064K(16448K)->16064K(16448K) NonClass: 14315K(14464K)->14315K(14464K) Class: 1748K(1984K)->1748K(1984K)
[2025-12-25T01:55:49.531+0000][gc          ] GC(559) Pause Young (Normal) (G1 Evacuation Pause) 953M->348M(1024M) 30.567ms
[2025-12-25T01:55:49.531+0000][gc,cpu      ] GC(559) User=0.18s Sys=0.00s Real=0.03s
[2025-12-25T01:56:19.647+0000][gc,start    ] GC(560) Pause Young (Normal) (G1 Evacuation Pause)
[2025-12-25T01:56:19.648+0000][gc,task     ] GC(560) Using 8 workers of 8 for evacuation
[2025-12-25T01:56:19.675+0000][gc,phases   ] GC(560)   Pre Evacuate Collection Set: 1.1ms
[2025-12-25T01:56:19.676+0000][gc,phases   ] GC(560)   Merge Heap Roots: 0.4ms
[2025-12-25T01:56:19.676+0000][gc,phases   ] GC(560)   Evacuate Collection Set: 24.7ms
[2025-12-25T01:56:19.676+0000][gc,phases   ] GC(560)   Post Evacuate Collection Set: 1.1ms
[2025-12-25T01:56:19.676+0000][gc,phases   ] GC(560)   Other: 0.3ms
[2025-12-25T01:56:19.676+0000][gc,heap     ] GC(560) Eden regions: 605->0(604)
[2025-12-25T01:56:19.676+0000][gc,heap     ] GC(560) Survivor regions: 9->10(69)
[2025-12-25T01:56:19.676+0000][gc,heap     ] GC(560) Old regions: 190->190
[2025-12-25T01:56:19.676+0000][gc,heap     ] GC(560) Humongous regions: 151->151
[2025-12-25T01:56:19.676+0000][gc,metaspace] GC(560) Metaspace: 16064K(16448K)->16064K(16448K) NonClass: 14315K(14464K)->14315K(14464K) Class: 1748K(1984K)->1748K(1984K)
[2025-12-25T01:56:19.676+0000][gc          ] GC(560) Pause Young (Normal) (G1 Evacuation Pause) 953M->350M(1024M) 29.385ms
[2025-12-25T01:56:19.676+0000][gc,cpu      ] GC(560) User=0.20s Sys=0.00s Real=0.03s
[2025-12-25T01:56:49.850+0000][gc,start    ] GC(561) Pause Young (Normal) (G1 Evacuation Pause)
[2025-12-25T01:56:49.851+0000][gc,task     ] GC(561) Using 8 workers of 8 for evacuation
[2025-12-25T01:56:49.892+0000][gc,phases   ] GC(561)   Pre Evacuate Collection Set: 5.2ms
[2025-12-25T01:56:49.892+0000][gc,phases   ] GC(561)   Merge Heap Roots: 2.5ms
[2025-12-25T01:56:49.892+0000][gc,phases   ] GC(561)   Evacuate Collection Set: 30.1ms
[2025-12-25T01:56:49.892+0000][gc,phases   ] GC(561)   Post Evacuate Collection Set: 1.5ms
[2025-12-25T01:56:49.892+0000][gc,phases   ] GC(561)   Other: 1.4ms
[2025-12-25T01:56:49.892+0000][gc,heap     ] GC(561) Eden regions: 604->0(607)
[2025-12-25T01:56:49.892+0000][gc,heap     ] GC(561) Survivor regions: 10->7(69)
[2025-12-25T01:56:49.892+0000][gc,heap     ] GC(561) Old regions: 190->191
[2025-12-25T01:56:49.892+0000][gc,heap     ] GC(561) Humongous regions: 151->151
[2025-12-25T01:56:49.892+0000][gc,metaspace] GC(561) Metaspace: 16065K(16448K)->16065K(16448K) NonClass: 14316K(14464K)->14316K(14464K) Class: 1748K(1984K)->1748K(1984K)
[2025-12-25T01:56:49.892+0000][gc          ] GC(561) Pause Young (Normal) (G1 Evacuation Pause) 954M->348M(1024M) 41.933ms
[2025-12-25T01:56:49.892+0000][gc,cpu      ] GC(561) User=0.23s Sys=0.01s Real=0.04s
[2025-12-25T01:57:29.408+0000][gc,start    ] GC(562) Pause Young (Normal) (G1 Evacuation Pause)
[2025-12-25T01:57:29.409+0000][gc,task     ] GC(562) Using 8 workers of 8 for evacuation
[2025-12-25T01:57:29.439+0000][gc,phases   ] GC(562)   Pre Evacuate Collection Set: 1.1ms
[2025-12-25T01:57:29.439+0000][gc,phases   ] GC(562)   Merge Heap Roots: 0.3ms
[2025-12-25T01:57:29.439+0000][gc,phases   ] GC(562)   Evacuate Collection Set: 27.1ms
[2025-12-25T01:57:29.439+0000][gc,phases   ] GC(562)   Post Evacuate Collection Set: 1.3ms
[2025-12-25T01:57:29.439+0000][gc,phases   ] GC(562)   Other: 0.4ms
[2025-12-25T01:57:29.439+0000][gc,heap     ] GC(562) Eden regions: 607->0(609)
[2025-12-25T01:57:29.439+0000][gc,heap     ] GC(562) Survivor regions: 7->5(68)
[2025-12-25T01:57:29.439+0000][gc,heap     ] GC(562) Old regions: 191->192
[2025-12-25T01:57:29.439+0000][gc,heap     ] GC(562) Humongous regions: 151->151
[2025-12-25T01:57:29.440+0000][gc,metaspace] GC(562) Metaspace: 16068K(16448K)->16068K(16448K) NonClass: 14319K(14464K)->14319K(14464K) Class: 1748K(1984K)->1748K(1984K)
[2025-12-25T01:57:29.440+0000][gc          ] GC(562) Pause Young (Normal) (G1 Evacuation Pause) 955M->347M(1024M) 31.658ms
[2025-12-25T01:57:29.440+0000][gc,cpu      ] GC(562) User=0.21s Sys=0.00s Real=0.03s
[2025-12-25T01:57:59.568+0000][gc,start    ] GC(563) Pause Young (Normal) (G1 Evacuation Pause)
[2025-12-25T01:57:59.569+0000][gc,task     ] GC(563) Using 8 workers of 8 for evacuation
[2025-12-25T01:57:59.582+0000][gc,phases   ] GC(563)   Pre Evacuate Collection Set: 1.1ms
[2025-12-25T01:57:59.582+0000][gc,phases   ] GC(563)   Merge Heap Roots: 0.3ms
[2025-12-25T01:57:59.582+0000][gc,phases   ] GC(563)   Evacuate Collection Set: 10.2ms
[2025-12-25T01:57:59.582+0000][gc,phases   ] GC(563)   Post Evacuate Collection Set: 1.1ms
[2025-12-25T01:57:59.582+0000][gc,phases   ] GC(563)   Other: 0.4ms
[2025-12-25T01:57:59.582+0000][gc,heap     ] GC(563) Eden regions: 609->0(607)
[2025-12-25T01:57:59.582+0000][gc,heap     ] GC(563) Survivor regions: 5->7(67)
[2025-12-25T01:57:59.582+0000][gc,heap     ] GC(563) Old regions: 192->192
[2025-12-25T01:57:59.582+0000][gc,heap     ] GC(563) Humongous regions: 151->151
[2025-12-25T01:57:59.583+0000][gc,metaspace] GC(563) Metaspace: 16068K(16448K)->16068K(16448K) NonClass: 14319K(14464K)->14319K(14464K) Class: 1748K(1984K)->1748K(1984K)
[2025-12-25T01:57:59.583+0000][gc          ] GC(563) Pause Young (Normal) (G1 Evacuation Pause) 956M->349M(1024M) 14.377ms
[2025-12-25T01:57:59.583+0000][gc,cpu      ] GC(563) User=0.09s Sys=0.00s Real=0.01s
[2025-12-25T01:58:29.803+0000][gc,start    ] GC(564) Pause Young (Normal) (G1 Evacuation Pause)
[2025-12-25T01:58:29.804+0000][gc,task     ] GC(564) Using 8 workers of 8 for evacuation
[2025-12-25T01:58:29.819+0000][gc,phases   ] GC(564)   Pre Evacuate Collection Set: 1.3ms
[2025-12-25T01:58:29.820+0000][gc,phases   ] GC(564)   Merge Heap Roots: 0.3ms
[2025-12-25T01:58:29.820+0000][gc,phases   ] GC(564)   Evacuate Collection Set: 12.4ms
[2025-12-25T01:58:29.820+0000][gc,phases   ] GC(564)   Post Evacuate Collection Set: 1.1ms
[2025-12-25T01:58:29.820+0000][gc,phases   ] GC(564)   Other: 0.3ms
[2025-12-25T01:58:29.820+0000][gc,heap     ] GC(564) Eden regions: 607->0(606)
[2025-12-25T01:58:29.820+0000][gc,heap     ] GC(564) Survivor regions: 7->8(67)
[2025-12-25T01:58:29.820+0000][gc,heap     ] GC(564) Old regions: 192->192
[2025-12-25T01:58:29.820+0000][gc,heap     ] GC(564) Humongous regions: 151->151
[2025-12-25T01:58:29.820+0000][gc,metaspace] GC(564) Metaspace: 16068K(16448K)->16068K(16448K) NonClass: 14319K(14464K)->14319K(14464K) Class: 1748K(1984K)->1748K(1984K)
[2025-12-25T01:58:29.820+0000][gc          ] GC(564) Pause Young (Normal) (G1 Evacuation Pause) 956M->350M(1024M) 16.836ms
[2025-12-25T01:58:29.820+0000][gc,cpu      ] GC(564) User=0.10s Sys=0.00s Real=0.02s
[2025-12-25T01:59:09.384+0000][gc,start    ] GC(565) Pause Young (Normal) (G1 Evacuation Pause)
[2025-12-25T01:59:09.385+0000][gc,task     ] GC(565) Using 8 workers of 8 for evacuation
[2025-12-25T01:59:09.393+0000][gc,phases   ] GC(565)   Pre Evacuate Collection Set: 1.2ms
[2025-12-25T01:59:09.393+0000][gc,phases   ] GC(565)   Merge Heap Roots: 0.3ms
[2025-12-25T01:59:09.393+0000][gc,phases   ] GC(565)   Evacuate Collection Set: 4.5ms
[2025-12-25T01:59:09.393+0000][gc,phases   ] GC(565)   Post Evacuate Collection Set: 1.1ms
[2025-12-25T01:59:09.393+0000][gc,phases   ] GC(565)   Other: 0.4ms
[2025-12-25T01:59:09.393+0000][gc,heap     ] GC(565) Eden regions: 606->0(609)
[2025-12-25T01:59:09.393+0000][gc,heap     ] GC(565) Survivor regions: 8->5(67)
[2025-12-25T01:59:09.393+0000][gc,heap     ] GC(565) Old regions: 192->192
[2025-12-25T01:59:09.393+0000][gc,heap     ] GC(565) Humongous regions: 151->151
[2025-12-25T01:59:09.393+0000][gc,metaspace] GC(565) Metaspace: 16068K(16448K)->16068K(16448K) NonClass: 14319K(14464K)->14319K(14464K) Class: 1748K(1984K)->1748K(1984K)
[2025-12-25T01:59:09.393+0000][gc          ] GC(565) Pause Young (Normal) (G1 Evacuation Pause) 956M->346M(1024M) 8.847ms
[2025-12-25T01:59:09.393+0000][gc,cpu      ] GC(565) User=0.04s Sys=0.00s Real=0.01s
[2025-12-25T01:59:39.580+0000][gc,start    ] GC(566) Pause Young (Normal) (G1 Evacuation Pause)
[2025-12-25T01:59:39.582+0000][gc,task     ] GC(566) Using 8 workers of 8 for evacuation
[2025-12-25T01:59:39.592+0000][gc,phases   ] GC(566)   Pre Evacuate Collection Set: 3.0ms
[2025-12-25T01:59:39.593+0000][gc,phases   ] GC(566)   Merge Heap Roots: 0.3ms
[2025-12-25T01:59:39.593+0000][gc,phases   ] GC(566)   Evacuate Collection Set: 5.4ms
[2025-12-25T01:59:39.593+0000][gc,phases   ] GC(566)   Post Evacuate Collection Set: 1.2ms
[2025-12-25T01:59:39.593+0000][gc,phases   ] GC(566)   Other: 0.9ms
[2025-12-25T01:59:39.593+0000][gc,heap     ] GC(566) Eden regions: 609->0(608)
[2025-12-25T01:59:39.593+0000][gc,heap     ] GC(566) Survivor regions: 5->6(67)
[2025-12-25T01:59:39.593+0000][gc,heap     ] GC(566) Old regions: 192->192
[2025-12-25T01:59:39.593+0000][gc,heap     ] GC(566) Humongous regions: 151->151
[2025-12-25T01:59:39.593+0000][gc,metaspace] GC(566) Metaspace: 16068K(16448K)->16068K(16448K) NonClass: 14319K(14464K)->14319K(14464K) Class: 1748K(1984K)->1748K(1984K)
[2025-12-25T01:59:39.593+0000][gc          ] GC(566) Pause Young (Normal) (G1 Evacuation Pause) 955M->348M(1024M) 13.112ms
[2025-12-25T01:59:39.593+0000][gc,cpu      ] GC(566) User=0.06s Sys=0.00s Real=0.02s
[2025-12-25T02:00:09.764+0000][gc,start    ] GC(567) Pause Young (Normal) (G1 Evacuation Pause)
[2025-12-25T02:00:09.767+0000][gc,task     ] GC(567) Using 8 workers of 8 for evacuation
[2025-12-25T02:00:09.778+0000][gc,phases   ] GC(567)   Pre Evacuate Collection Set: 1.3ms
[2025-12-25T02:00:09.779+0000][gc,phases   ] GC(567)   Merge Heap Roots: 0.3ms
[2025-12-25T02:00:09.779+0000][gc,phases   ] GC(567)   Evacuate Collection Set: 6.8ms
[2025-12-25T02:00:09.779+0000][gc,phases   ] GC(567)   Post Evacuate Collection Set: 2.3ms
[2025-12-25T02:00:09.779+0000][gc,phases   ] GC(567)   Other: 0.4ms
[2025-12-25T02:00:09.779+0000][gc,heap     ] GC(567) Eden regions: 608->0(607)
[2025-12-25T02:00:09.779+0000][gc,heap     ] GC(567) Survivor regions: 6->7(67)
[2025-12-25T02:00:09.779+0000][gc,heap     ] GC(567) Old regions: 192->192
[2025-12-25T02:00:09.779+0000][gc,heap     ] GC(567) Humongous regions: 151->151
[2025-12-25T02:00:09.779+0000][gc,metaspace] GC(567) Metaspace: 16068K(16448K)->16068K(16448K) NonClass: 14319K(14464K)->14319K(14464K) Class: 1748K(1984K)->1748K(1984K)
[2025-12-25T02:00:09.779+0000][gc          ] GC(567) Pause Young (Normal) (G1 Evacuation Pause) 956M->349M(1024M) 14.744ms
[2025-12-25T02:00:09.779+0000][gc,cpu      ] GC(567) User=0.07s Sys=0.00s Real=0.01s
[2025-12-25T02:00:49.359+0000][gc,start    ] GC(568) Pause Young (Normal) (G1 Evacuation Pause)
[2025-12-25T02:00:49.360+0000][gc,task     ] GC(568) Using 8 workers of 8 for evacuation
[2025-12-25T02:00:49.383+0000][gc,phases   ] GC(568)   Pre Evacuate Collection Set: 2.0ms
[2025-12-25T02:00:49.383+0000][gc,phases   ] GC(568)   Merge Heap Roots: 0.6ms
[2025-12-25T02:00:49.383+0000][gc,phases   ] GC(568)   Evacuate Collection Set: 15.9ms
[2025-12-25T02:00:49.383+0000][gc,phases   ] GC(568)   Post Evacuate Collection Set: 4.1ms
[2025-12-25T02:00:49.383+0000][gc,phases   ] GC(568)   Other: 0.6ms
[2025-12-25T02:00:49.383+0000][gc,heap     ] GC(568) Eden regions: 607->0(607)
[2025-12-25T02:00:49.383+0000][gc,heap     ] GC(568) Survivor regions: 7->7(67)
[2025-12-25T02:00:49.384+0000][gc,heap     ] GC(568) Old regions: 192->192
[2025-12-25T02:00:49.384+0000][gc,heap     ] GC(568) Humongous regions: 151->151
[2025-12-25T02:00:49.384+0000][gc,metaspace] GC(568) Metaspace: 16068K(16448K)->16068K(16448K) NonClass: 14319K(14464K)->14319K(14464K) Class: 1748K(1984K)->1748K(1984K)
[2025-12-25T02:00:49.384+0000][gc          ] GC(568) Pause Young (Normal) (G1 Evacuation Pause) 956M->349M(1024M) 24.342ms
[2025-12-25T02:00:49.384+0000][gc,cpu      ] GC(568) User=0.13s Sys=0.00s Real=0.03s
[2025-12-25T02:01:19.598+0000][gc,start    ] GC(569) Pause Young (Normal) (G1 Evacuation Pause)
[2025-12-25T02:01:19.599+0000][gc,task     ] GC(569) Using 8 workers of 8 for evacuation
[2025-12-25T02:01:19.615+0000][gc,phases   ] GC(569)   Pre Evacuate Collection Set: 1.5ms
[2025-12-25T02:01:19.615+0000][gc,phases   ] GC(569)   Merge Heap Roots: 0.3ms
[2025-12-25T02:01:19.615+0000][gc,phases   ] GC(569)   Evacuate Collection Set: 13.6ms
[2025-12-25T02:01:19.615+0000][gc,phases   ] GC(569)   Post Evacuate Collection Set: 1.2ms
[2025-12-25T02:01:19.615+0000][gc,phases   ] GC(569)   Other: 0.3ms
[2025-12-25T02:01:19.615+0000][gc,heap     ] GC(569) Eden regions: 607->0(605)
[2025-12-25T02:01:19.616+0000][gc,heap     ] GC(569) Survivor regions: 7->9(67)
[2025-12-25T02:01:19.616+0000][gc,heap     ] GC(569) Old regions: 192->193
[2025-12-25T02:01:19.616+0000][gc,heap     ] GC(569) Humongous regions: 151->151
[2025-12-25T02:01:19.616+0000][gc,metaspace] GC(569) Metaspace: 16068K(16448K)->16068K(16448K) NonClass: 14319K(14464K)->14319K(14464K) Class: 1748K(1984K)->1748K(1984K)
[2025-12-25T02:01:19.616+0000][gc          ] GC(569) Pause Young (Normal) (G1 Evacuation Pause) 956M->351M(1024M) 17.581ms
[2025-12-25T02:01:19.616+0000][gc,cpu      ] GC(569) User=0.08s Sys=0.03s Real=0.02s
[2025-12-25T02:01:49.772+0000][gc,start    ] GC(570) Pause Young (Normal) (G1 Evacuation Pause)
[2025-12-25T02:01:49.775+0000][gc,task     ] GC(570) Using 8 workers of 8 for evacuation
[2025-12-25T02:01:49.802+0000][gc,phases   ] GC(570)   Pre Evacuate Collection Set: 5.0ms
[2025-12-25T02:01:49.802+0000][gc,phases   ] GC(570)   Merge Heap Roots: 0.4ms
[2025-12-25T02:01:49.802+0000][gc,phases   ] GC(570)   Evacuate Collection Set: 19.3ms
[2025-12-25T02:01:49.802+0000][gc,phases   ] GC(570)   Post Evacuate Collection Set: 1.4ms
[2025-12-25T02:01:49.803+0000][gc,phases   ] GC(570)   Other: 2.3ms
[2025-12-25T02:01:49.803+0000][gc,heap     ] GC(570) Eden regions: 605->0(604)
[2025-12-25T02:01:49.803+0000][gc,heap     ] GC(570) Survivor regions: 9->10(66)
[2025-12-25T02:01:49.803+0000][gc,heap     ] GC(570) Old regions: 193->193
[2025-12-25T02:01:49.803+0000][gc,heap     ] GC(570) Humongous regions: 151->151
[2025-12-25T02:01:49.803+0000][gc,metaspace] GC(570) Metaspace: 16074K(16448K)->16074K(16448K) NonClass: 14325K(14464K)->14325K(14464K) Class: 1748K(1984K)->1748K(1984K)
[2025-12-25T02:01:49.803+0000][gc          ] GC(570) Pause Young (Normal) (G1 Evacuation Pause) 956M->353M(1024M) 31.044ms
[2025-12-25T02:01:49.803+0000][gc,cpu      ] GC(570) User=0.13s Sys=0.01s Real=0.03s
[2025-12-25T02:02:29.342+0000][gc,start    ] GC(571) Pause Young (Normal) (G1 Evacuation Pause)
[2025-12-25T02:02:29.343+0000][gc,task     ] GC(571) Using 8 workers of 8 for evacuation
[2025-12-25T02:02:29.353+0000][gc,phases   ] GC(571)   Pre Evacuate Collection Set: 1.1ms
[2025-12-25T02:02:29.353+0000][gc,phases   ] GC(571)   Merge Heap Roots: 0.3ms
[2025-12-25T02:02:29.353+0000][gc,phases   ] GC(571)   Evacuate Collection Set: 7.5ms
[2025-12-25T02:02:29.353+0000][gc,phases   ] GC(571)   Post Evacuate Collection Set: 1.1ms
[2025-12-25T02:02:29.353+0000][gc,phases   ] GC(571)   Other: 0.4ms
[2025-12-25T02:02:29.353+0000][gc,heap     ] GC(571) Eden regions: 604->0(608)
[2025-12-25T02:02:29.353+0000][gc,heap     ] GC(571) Survivor regions: 10->6(66)
[2025-12-25T02:02:29.353+0000][gc,heap     ] GC(571) Old regions: 193->193
[2025-12-25T02:02:29.354+0000][gc,heap     ] GC(571) Humongous regions: 151->151
[2025-12-25T02:02:29.354+0000][gc,metaspace] GC(571) Metaspace: 16074K(16448K)->16074K(16448K) NonClass: 14325K(14464K)->14325K(14464K) Class: 1748K(1984K)->1748K(1984K)
[2025-12-25T02:02:29.354+0000][gc          ] GC(571) Pause Young (Normal) (G1 Evacuation Pause) 957M->349M(1024M) 11.847ms
[2025-12-25T02:02:29.354+0000][gc,cpu      ] GC(571) User=0.07s Sys=0.00s Real=0.01s
[2025-12-25T02:02:59.506+0000][gc,start    ] GC(572) Pause Young (Normal) (G1 Evacuation Pause)
[2025-12-25T02:02:59.506+0000][gc,task     ] GC(572) Using 8 workers of 8 for evacuation
[2025-12-25T02:02:59.522+0000][gc,phases   ] GC(572)   Pre Evacuate Collection Set: 1.1ms
[2025-12-25T02:02:59.522+0000][gc,phases   ] GC(572)   Merge Heap Roots: 0.4ms
[2025-12-25T02:02:59.522+0000][gc,phases   ] GC(572)   Evacuate Collection Set: 10.7ms
[2025-12-25T02:02:59.522+0000][gc,phases   ] GC(572)   Post Evacuate Collection Set: 2.6ms
[2025-12-25T02:02:59.522+0000][gc,phases   ] GC(572)   Other: 0.7ms
[2025-12-25T02:02:59.522+0000][gc,heap     ] GC(572) Eden regions: 608->0(607)
[2025-12-25T02:02:59.522+0000][gc,heap     ] GC(572) Survivor regions: 6->7(66)
[2025-12-25T02:02:59.522+0000][gc,heap     ] GC(572) Old regions: 193->193
[2025-12-25T02:02:59.522+0000][gc,heap     ] GC(572) Humongous regions: 151->151
[2025-12-25T02:02:59.522+0000][gc,metaspace] GC(572) Metaspace: 16074K(16448K)->16074K(16448K) NonClass: 14325K(14464K)->14325K(14464K) Class: 1748K(1984K)->1748K(1984K)
[2025-12-25T02:02:59.522+0000][gc          ] GC(572) Pause Young (Normal) (G1 Evacuation Pause) 957M->350M(1024M) 16.455ms
[2025-12-25T02:02:59.522+0000][gc,cpu      ] GC(572) User=0.10s Sys=0.00s Real=0.02s
[2025-12-25T02:03:29.749+0000][gc,start    ] GC(573) Pause Young (Normal) (G1 Evacuation Pause)
[2025-12-25T02:03:29.750+0000][gc,task     ] GC(573) Using 8 workers of 8 for evacuation
[2025-12-25T02:03:29.767+0000][gc,phases   ] GC(573)   Pre Evacuate Collection Set: 3.5ms
[2025-12-25T02:03:29.767+0000][gc,phases   ] GC(573)   Merge Heap Roots: 0.4ms
[2025-12-25T02:03:29.767+0000][gc,phases   ] GC(573)   Evacuate Collection Set: 10.7ms
[2025-12-25T02:03:29.767+0000][gc,phases   ] GC(573)   Post Evacuate Collection Set: 1.2ms
[2025-12-25T02:03:29.767+0000][gc,phases   ] GC(573)   Other: 0.8ms
[2025-12-25T02:03:29.767+0000][gc,heap     ] GC(573) Eden regions: 607->0(605)
[2025-12-25T02:03:29.767+0000][gc,heap     ] GC(573) Survivor regions: 7->9(66)
[2025-12-25T02:03:29.767+0000][gc,heap     ] GC(573) Old regions: 193->193
[2025-12-25T02:03:29.767+0000][gc,heap     ] GC(573) Humongous regions: 151->151
[2025-12-25T02:03:29.767+0000][gc,metaspace] GC(573) Metaspace: 16074K(16448K)->16074K(16448K) NonClass: 14325K(14464K)->14325K(14464K) Class: 1748K(1984K)->1748K(1984K)
[2025-12-25T02:03:29.767+0000][gc          ] GC(573) Pause Young (Normal) (G1 Evacuation Pause) 957M->352M(1024M) 17.909ms
[2025-12-25T02:03:29.767+0000][gc,cpu      ] GC(573) User=0.10s Sys=0.00s Real=0.02s
[2025-12-25T02:04:09.361+0000][gc,start    ] GC(574) Pause Young (Normal) (G1 Evacuation Pause)
[2025-12-25T02:04:09.362+0000][gc,task     ] GC(574) Using 8 workers of 8 for evacuation
[2025-12-25T02:04:09.390+0000][gc,phases   ] GC(574)   Pre Evacuate Collection Set: 2.9ms
[2025-12-25T02:04:09.390+0000][gc,phases   ] GC(574)   Merge Heap Roots: 0.9ms
[2025-12-25T02:04:09.390+0000][gc,phases   ] GC(574)   Evacuate Collection Set: 20.9ms
[2025-12-25T02:04:09.390+0000][gc,phases   ] GC(574)   Post Evacuate Collection Set: 1.7ms
[2025-12-25T02:04:09.390+0000][gc,phases   ] GC(574)   Other: 1.3ms
[2025-12-25T02:04:09.390+0000][gc,heap     ] GC(574) Eden regions: 605->0(606)
[2025-12-25T02:04:09.390+0000][gc,heap     ] GC(574) Survivor regions: 9->8(66)
[2025-12-25T02:04:09.390+0000][gc,heap     ] GC(574) Old regions: 193->193
[2025-12-25T02:04:09.390+0000][gc,heap     ] GC(574) Humongous regions: 151->151
[2025-12-25T02:04:09.391+0000][gc,metaspace] GC(574) Metaspace: 16074K(16448K)->16074K(16448K) NonClass: 14325K(14464K)->14325K(14464K) Class: 1748K(1984K)->1748K(1984K)
[2025-12-25T02:04:09.391+0000][gc          ] GC(574) Pause Young (Normal) (G1 Evacuation Pause) 957M->351M(1024M) 29.620ms
[2025-12-25T02:04:09.391+0000][gc,cpu      ] GC(574) User=0.18s Sys=0.00s Real=0.03s
[2025-12-25T02:04:39.591+0000][gc,start    ] GC(575) Pause Young (Normal) (G1 Evacuation Pause)
[2025-12-25T02:04:39.591+0000][gc,task     ] GC(575) Using 8 workers of 8 for evacuation
[2025-12-25T02:04:39.606+0000][gc,phases   ] GC(575)   Pre Evacuate Collection Set: 1.2ms
[2025-12-25T02:04:39.606+0000][gc,phases   ] GC(575)   Merge Heap Roots: 0.3ms
[2025-12-25T02:04:39.606+0000][gc,phases   ] GC(575)   Evacuate Collection Set: 11.6ms
[2025-12-25T02:04:39.606+0000][gc,phases   ] GC(575)   Post Evacuate Collection Set: 1.1ms
[2025-12-25T02:04:39.606+0000][gc,phases   ] GC(575)   Other: 0.4ms
[2025-12-25T02:04:39.606+0000][gc,heap     ] GC(575) Eden regions: 606->0(604)
[2025-12-25T02:04:39.606+0000][gc,heap     ] GC(575) Survivor regions: 8->10(66)
[2025-12-25T02:04:39.606+0000][gc,heap     ] GC(575) Old regions: 193->193
[2025-12-25T02:04:39.606+0000][gc,heap     ] GC(575) Humongous regions: 151->151
[2025-12-25T02:04:39.607+0000][gc,metaspace] GC(575) Metaspace: 16074K(16448K)->16074K(16448K) NonClass: 14325K(14464K)->14325K(14464K) Class: 1748K(1984K)->1748K(1984K)
[2025-12-25T02:04:39.607+0000][gc          ] GC(575) Pause Young (Normal) (G1 Evacuation Pause) 957M->353M(1024M) 15.798ms
[2025-12-25T02:04:39.607+0000][gc,cpu      ] GC(575) User=0.10s Sys=0.00s Real=0.01s
[2025-12-25T02:05:09.801+0000][gc,start    ] GC(576) Pause Young (Normal) (G1 Evacuation Pause)
[2025-12-25T02:05:09.803+0000][gc,task     ] GC(576) Using 8 workers of 8 for evacuation
[2025-12-25T02:05:09.825+0000][gc,phases   ] GC(576)   Pre Evacuate Collection Set: 4.2ms
[2025-12-25T02:05:09.825+0000][gc,phases   ] GC(576)   Merge Heap Roots: 1.1ms
[2025-12-25T02:05:09.825+0000][gc,phases   ] GC(576)   Evacuate Collection Set: 10.0ms
[2025-12-25T02:05:09.825+0000][gc,phases   ] GC(576)   Post Evacuate Collection Set: 5.4ms
[2025-12-25T02:05:09.825+0000][gc,phases   ] GC(576)   Other: 1.1ms
[2025-12-25T02:05:09.825+0000][gc,heap     ] GC(576) Eden regions: 604->0(606)
[2025-12-25T02:05:09.825+0000][gc,heap     ] GC(576) Survivor regions: 10->8(66)
[2025-12-25T02:05:09.825+0000][gc,heap     ] GC(576) Old regions: 193->194
[2025-12-25T02:05:09.825+0000][gc,heap     ] GC(576) Humongous regions: 151->151
[2025-12-25T02:05:09.825+0000][gc,metaspace] GC(576) Metaspace: 16074K(16448K)->16074K(16448K) NonClass: 14326K(14464K)->14326K(14464K) Class: 1748K(1984K)->1748K(1984K)
[2025-12-25T02:05:09.825+0000][gc          ] GC(576) Pause Young (Normal) (G1 Evacuation Pause) 957M->351M(1024M) 24.791ms
[2025-12-25T02:05:09.825+0000][gc,cpu      ] GC(576) User=0.12s Sys=0.00s Real=0.03s
[2025-12-25T02:05:49.272+0000][gc,start    ] GC(577) Pause Young (Normal) (G1 Evacuation Pause)
[2025-12-25T02:05:49.273+0000][gc,task     ] GC(577) Using 8 workers of 8 for evacuation
[2025-12-25T02:05:49.293+0000][gc,phases   ] GC(577)   Pre Evacuate Collection Set: 2.2ms
[2025-12-25T02:05:49.293+0000][gc,phases   ] GC(577)   Merge Heap Roots: 0.9ms
[2025-12-25T02:05:49.293+0000][gc,phases   ] GC(577)   Evacuate Collection Set: 15.2ms
[2025-12-25T02:05:49.293+0000][gc,phases   ] GC(577)   Post Evacuate Collection Set: 1.3ms
[2025-12-25T02:05:49.293+0000][gc,phases   ] GC(577)   Other: 0.5ms
[2025-12-25T02:05:49.293+0000][gc,heap     ] GC(577) Eden regions: 606->0(607)
[2025-12-25T02:05:49.293+0000][gc,heap     ] GC(577) Survivor regions: 8->7(65)
[2025-12-25T02:05:49.293+0000][gc,heap     ] GC(577) Old regions: 194->194
[2025-12-25T02:05:49.293+0000][gc,heap     ] GC(577) Humongous regions: 151->151
[2025-12-25T02:05:49.293+0000][gc,metaspace] GC(577) Metaspace: 16074K(16448K)->16074K(16448K) NonClass: 14326K(14464K)->14326K(14464K) Class: 1748K(1984K)->1748K(1984K)
[2025-12-25T02:05:49.293+0000][gc          ] GC(577) Pause Young (Normal) (G1 Evacuation Pause) 957M->350M(1024M) 21.009ms
[2025-12-25T02:05:49.293+0000][gc,cpu      ] GC(577) User=0.13s Sys=0.00s Real=0.02s
[2025-12-25T02:06:19.470+0000][gc,start    ] GC(578) Pause Young (Normal) (G1 Evacuation Pause)
[2025-12-25T02:06:19.470+0000][gc,task     ] GC(578) Using 8 workers of 8 for evacuation
[2025-12-25T02:06:19.484+0000][gc,phases   ] GC(578)   Pre Evacuate Collection Set: 1.1ms
[2025-12-25T02:06:19.484+0000][gc,phases   ] GC(578)   Merge Heap Roots: 0.4ms
[2025-12-25T02:06:19.484+0000][gc,phases   ] GC(578)   Evacuate Collection Set: 11.3ms
[2025-12-25T02:06:19.484+0000][gc,phases   ] GC(578)   Post Evacuate Collection Set: 1.1ms
[2025-12-25T02:06:19.485+0000][gc,phases   ] GC(578)   Other: 0.5ms
[2025-12-25T02:06:19.485+0000][gc,heap     ] GC(578) Eden regions: 607->0(606)
[2025-12-25T02:06:19.485+0000][gc,heap     ] GC(578) Survivor regions: 7->8(65)
[2025-12-25T02:06:19.485+0000][gc,heap     ] GC(578) Old regions: 194->194
[2025-12-25T02:06:19.485+0000][gc,heap     ] GC(578) Humongous regions: 151->151
[2025-12-25T02:06:19.485+0000][gc,metaspace] GC(578) Metaspace: 16074K(16448K)->16074K(16448K) NonClass: 14326K(14464K)->14326K(14464K) Class: 1748K(1984K)->1748K(1984K)
[2025-12-25T02:06:19.485+0000][gc          ] GC(578) Pause Young (Normal) (G1 Evacuation Pause) 957M->352M(1024M) 15.384ms
[2025-12-25T02:06:19.485+0000][gc,cpu      ] GC(578) User=0.09s Sys=0.00s Real=0.02s
[2025-12-25T02:06:49.651+0000][gc,start    ] GC(579) Pause Young (Normal) (G1 Evacuation Pause)
[2025-12-25T02:06:49.651+0000][gc,task     ] GC(579) Using 8 workers of 8 for evacuation
[2025-12-25T02:06:49.664+0000][gc,phases   ] GC(579)   Pre Evacuate Collection Set: 1.3ms
[2025-12-25T02:06:49.664+0000][gc,phases   ] GC(579)   Merge Heap Roots: 0.3ms
[2025-12-25T02:06:49.664+0000][gc,phases   ] GC(579)   Evacuate Collection Set: 8.9ms
[2025-12-25T02:06:49.664+0000][gc,phases   ] GC(579)   Post Evacuate Collection Set: 1.8ms
[2025-12-25T02:06:49.664+0000][gc,phases   ] GC(579)   Other: 0.4ms
[2025-12-25T02:06:49.664+0000][gc,heap     ] GC(579) Eden regions: 606->0(604)
[2025-12-25T02:06:49.664+0000][gc,heap     ] GC(579) Survivor regions: 8->10(65)
[2025-12-25T02:06:49.664+0000][gc,heap     ] GC(579) Old regions: 194->194
[2025-12-25T02:06:49.664+0000][gc,heap     ] GC(579) Humongous regions: 151->151
[2025-12-25T02:06:49.664+0000][gc,metaspace] GC(579) Metaspace: 16074K(16448K)->16074K(16448K) NonClass: 14326K(14464K)->14326K(14464K) Class: 1748K(1984K)->1748K(1984K)
[2025-12-25T02:06:49.664+0000][gc          ] GC(579) Pause Young (Normal) (G1 Evacuation Pause) 958M->354M(1024M) 13.765ms
[2025-12-25T02:06:49.664+0000][gc,cpu      ] GC(579) User=0.07s Sys=0.00s Real=0.02s
[2025-12-25T02:07:22.929+0000][gc,start    ] GC(580) Pause Young (Normal) (G1 Evacuation Pause)
[2025-12-25T02:07:22.930+0000][gc,task     ] GC(580) Using 8 workers of 8 for evacuation
[2025-12-25T02:07:22.963+0000][gc,phases   ] GC(580)   Pre Evacuate Collection Set: 4.3ms
[2025-12-25T02:07:22.964+0000][gc,phases   ] GC(580)   Merge Heap Roots: 1.0ms
[2025-12-25T02:07:22.964+0000][gc,phases   ] GC(580)   Evacuate Collection Set: 24.7ms
[2025-12-25T02:07:22.964+0000][gc,phases   ] GC(580)   Post Evacuate Collection Set: 3.0ms
[2025-12-25T02:07:22.964+0000][gc,phases   ] GC(580)   Other: 0.9ms
[2025-12-25T02:07:22.965+0000][gc,heap     ] GC(580) Eden regions: 604->0(606)
[2025-12-25T02:07:22.965+0000][gc,heap     ] GC(580) Survivor regions: 10->8(65)
[2025-12-25T02:07:22.966+0000][gc,heap     ] GC(580) Old regions: 194->195
[2025-12-25T02:07:22.966+0000][gc,heap     ] GC(580) Humongous regions: 151->151
[2025-12-25T02:07:22.966+0000][gc,metaspace] GC(580) Metaspace: 16074K(16448K)->16074K(16448K) NonClass: 14326K(14464K)->14326K(14464K) Class: 1748K(1984K)->1748K(1984K)
[2025-12-25T02:07:22.967+0000][gc          ] GC(580) Pause Young (Normal) (G1 Evacuation Pause) 958M->353M(1024M) 37.700ms
[2025-12-25T02:07:22.967+0000][gc,cpu      ] GC(580) User=0.20s Sys=0.01s Real=0.04s
[2025-12-25T02:07:59.417+0000][gc,start    ] GC(581) Pause Young (Normal) (G1 Evacuation Pause)
[2025-12-25T02:07:59.417+0000][gc,task     ] GC(581) Using 8 workers of 8 for evacuation
[2025-12-25T02:07:59.436+0000][gc,phases   ] GC(581)   Pre Evacuate Collection Set: 2.7ms
[2025-12-25T02:07:59.436+0000][gc,phases   ] GC(581)   Merge Heap Roots: 1.4ms
[2025-12-25T02:07:59.436+0000][gc,phases   ] GC(581)   Evacuate Collection Set: 11.8ms
[2025-12-25T02:07:59.436+0000][gc,phases   ] GC(581)   Post Evacuate Collection Set: 1.5ms
[2025-12-25T02:07:59.436+0000][gc,phases   ] GC(581)   Other: 1.0ms
[2025-12-25T02:07:59.436+0000][gc,heap     ] GC(581) Eden regions: 606->0(607)
[2025-12-25T02:07:59.436+0000][gc,heap     ] GC(581) Survivor regions: 8->7(64)
[2025-12-25T02:07:59.436+0000][gc,heap     ] GC(581) Old regions: 195->195
[2025-12-25T02:07:59.436+0000][gc,heap     ] GC(581) Humongous regions: 151->151
[2025-12-25T02:07:59.436+0000][gc,metaspace] GC(581) Metaspace: 16074K(16448K)->16074K(16448K) NonClass: 14326K(14464K)->14326K(14464K) Class: 1748K(1984K)->1748K(1984K)
[2025-12-25T02:07:59.436+0000][gc          ] GC(581) Pause Young (Normal) (G1 Evacuation Pause) 959M->352M(1024M) 19.465ms
[2025-12-25T02:07:59.436+0000][gc,cpu      ] GC(581) User=0.12s Sys=0.00s Real=0.02s
[2025-12-25T02:08:29.615+0000][gc,start    ] GC(582) Pause Young (Normal) (G1 Evacuation Pause)
[2025-12-25T02:08:29.616+0000][gc,task     ] GC(582) Using 8 workers of 8 for evacuation
[2025-12-25T02:08:29.629+0000][gc,phases   ] GC(582)   Pre Evacuate Collection Set: 1.3ms
[2025-12-25T02:08:29.630+0000][gc,phases   ] GC(582)   Merge Heap Roots: 0.4ms
[2025-12-25T02:08:29.630+0000][gc,phases   ] GC(582)   Evacuate Collection Set: 10.5ms
[2025-12-25T02:08:29.630+0000][gc,phases   ] GC(582)   Post Evacuate Collection Set: 1.3ms
[2025-12-25T02:08:29.630+0000][gc,phases   ] GC(582)   Other: 0.3ms
[2025-12-25T02:08:29.630+0000][gc,heap     ] GC(582) Eden regions: 607->0(606)
[2025-12-25T02:08:29.630+0000][gc,heap     ] GC(582) Survivor regions: 7->8(64)
[2025-12-25T02:08:29.630+0000][gc,heap     ] GC(582) Old regions: 195->195
[2025-12-25T02:08:29.630+0000][gc,heap     ] GC(582) Humongous regions: 151->151
[2025-12-25T02:08:29.630+0000][gc,metaspace] GC(582) Metaspace: 16074K(16448K)->16074K(16448K) NonClass: 14326K(14464K)->14326K(14464K) Class: 1748K(1984K)->1748K(1984K)
[2025-12-25T02:08:29.630+0000][gc          ] GC(582) Pause Young (Normal) (G1 Evacuation Pause) 959M->353M(1024M) 14.891ms
[2025-12-25T02:08:29.630+0000][gc,cpu      ] GC(582) User=0.07s Sys=0.01s Real=0.02s
[2025-12-25T02:08:59.799+0000][gc,start    ] GC(583) Pause Young (Normal) (G1 Evacuation Pause)
[2025-12-25T02:08:59.801+0000][gc,task     ] GC(583) Using 8 workers of 8 for evacuation
[2025-12-25T02:08:59.817+0000][gc,phases   ] GC(583)   Pre Evacuate Collection Set: 4.1ms
[2025-12-25T02:08:59.817+0000][gc,phases   ] GC(583)   Merge Heap Roots: 1.3ms
[2025-12-25T02:08:59.817+0000][gc,phases   ] GC(583)   Evacuate Collection Set: 8.8ms
[2025-12-25T02:08:59.817+0000][gc,phases   ] GC(583)   Post Evacuate Collection Set: 1.3ms
[2025-12-25T02:08:59.817+0000][gc,phases   ] GC(583)   Other: 0.9ms
[2025-12-25T02:08:59.817+0000][gc,heap     ] GC(583) Eden regions: 606->0(605)
[2025-12-25T02:08:59.817+0000][gc,heap     ] GC(583) Survivor regions: 8->9(64)
[2025-12-25T02:08:59.817+0000][gc,heap     ] GC(583) Old regions: 195->196
[2025-12-25T02:08:59.817+0000][gc,heap     ] GC(583) Humongous regions: 151->151
[2025-12-25T02:08:59.817+0000][gc,metaspace] GC(583) Metaspace: 16074K(16448K)->16074K(16448K) NonClass: 14326K(14464K)->14326K(14464K) Class: 1748K(1984K)->1748K(1984K)
[2025-12-25T02:08:59.817+0000][gc          ] GC(583) Pause Young (Normal) (G1 Evacuation Pause) 959M->355M(1024M) 17.785ms
[2025-12-25T02:08:59.817+0000][gc,cpu      ] GC(583) User=0.09s Sys=0.00s Real=0.01s
[2025-12-25T02:09:39.397+0000][gc,start    ] GC(584) Pause Young (Normal) (G1 Evacuation Pause)
[2025-12-25T02:09:39.398+0000][gc,task     ] GC(584) Using 8 workers of 8 for evacuation
[2025-12-25T02:09:39.419+0000][gc,phases   ] GC(584)   Pre Evacuate Collection Set: 1.1ms
[2025-12-25T02:09:39.419+0000][gc,phases   ] GC(584)   Merge Heap Roots: 0.4ms
[2025-12-25T02:09:39.419+0000][gc,phases   ] GC(584)   Evacuate Collection Set: 17.7ms
[2025-12-25T02:09:39.419+0000][gc,phases   ] GC(584)   Post Evacuate Collection Set: 1.4ms
[2025-12-25T02:09:39.419+0000][gc,phases   ] GC(584)   Other: 0.4ms
[2025-12-25T02:09:39.419+0000][gc,heap     ] GC(584) Eden regions: 605->0(605)
[2025-12-25T02:09:39.419+0000][gc,heap     ] GC(584) Survivor regions: 9->9(63)
[2025-12-25T02:09:39.419+0000][gc,heap     ] GC(584) Old regions: 196->196
[2025-12-25T02:09:39.419+0000][gc,heap     ] GC(584) Humongous regions: 151->151
[2025-12-25T02:09:39.419+0000][gc,metaspace] GC(584) Metaspace: 16074K(16448K)->16074K(16448K) NonClass: 14326K(14464K)->14326K(14464K) Class: 1748K(1984K)->1748K(1984K)
[2025-12-25T02:09:39.420+0000][gc          ] GC(584) Pause Young (Normal) (G1 Evacuation Pause) 960M->354M(1024M) 22.546ms
[2025-12-25T02:09:39.420+0000][gc,cpu      ] GC(584) User=0.15s Sys=0.01s Real=0.03s
[2025-12-25T02:10:09.571+0000][gc,start    ] GC(585) Pause Young (Normal) (G1 Evacuation Pause)
[2025-12-25T02:10:09.571+0000][gc,task     ] GC(585) Using 8 workers of 8 for evacuation
[2025-12-25T02:10:09.588+0000][gc,phases   ] GC(585)   Pre Evacuate Collection Set: 1.1ms
[2025-12-25T02:10:09.588+0000][gc,phases   ] GC(585)   Merge Heap Roots: 0.3ms
[2025-12-25T02:10:09.589+0000][gc,phases   ] GC(585)   Evacuate Collection Set: 13.4ms
[2025-12-25T02:10:09.589+0000][gc,phases   ] GC(585)   Post Evacuate Collection Set: 1.7ms
[2025-12-25T02:10:09.589+0000][gc,phases   ] GC(585)   Other: 0.5ms
[2025-12-25T02:10:09.589+0000][gc,heap     ] GC(585) Eden regions: 605->0(604)
[2025-12-25T02:10:09.589+0000][gc,heap     ] GC(585) Survivor regions: 9->10(63)
[2025-12-25T02:10:09.589+0000][gc,heap     ] GC(585) Old regions: 196->196
[2025-12-25T02:10:09.589+0000][gc,heap     ] GC(585) Humongous regions: 151->151
[2025-12-25T02:10:09.589+0000][gc,metaspace] GC(585) Metaspace: 16082K(16448K)->16082K(16448K) NonClass: 14333K(14464K)->14333K(14464K) Class: 1748K(1984K)->1748K(1984K)
[2025-12-25T02:10:09.589+0000][gc          ] GC(585) Pause Young (Normal) (G1 Evacuation Pause) 959M->356M(1024M) 18.140ms
[2025-12-25T02:10:09.589+0000][gc,cpu      ] GC(585) User=0.12s Sys=0.00s Real=0.02s
[2025-12-25T02:10:39.781+0000][gc,start    ] GC(586) Pause Young (Normal) (G1 Evacuation Pause)
[2025-12-25T02:10:39.782+0000][gc,task     ] GC(586) Using 8 workers of 8 for evacuation
[2025-12-25T02:10:39.804+0000][gc,phases   ] GC(586)   Pre Evacuate Collection Set: 4.4ms
[2025-12-25T02:10:39.804+0000][gc,phases   ] GC(586)   Merge Heap Roots: 1.6ms
[2025-12-25T02:10:39.804+0000][gc,phases   ] GC(586)   Evacuate Collection Set: 15.0ms
[2025-12-25T02:10:39.804+0000][gc,phases   ] GC(586)   Post Evacuate Collection Set: 1.2ms
[2025-12-25T02:10:39.804+0000][gc,phases   ] GC(586)   Other: 0.4ms
[2025-12-25T02:10:39.804+0000][gc,heap     ] GC(586) Eden regions: 604->0(606)
[2025-12-25T02:10:39.804+0000][gc,heap     ] GC(586) Survivor regions: 10->8(63)
[2025-12-25T02:10:39.804+0000][gc,heap     ] GC(586) Old regions: 196->197
[2025-12-25T02:10:39.804+0000][gc,heap     ] GC(586) Humongous regions: 151->151
[2025-12-25T02:10:39.804+0000][gc,metaspace] GC(586) Metaspace: 16082K(16448K)->16082K(16448K) NonClass: 14333K(14464K)->14333K(14464K) Class: 1748K(1984K)->1748K(1984K)
[2025-12-25T02:10:39.805+0000][gc          ] GC(586) Pause Young (Normal) (G1 Evacuation Pause) 960M->355M(1024M) 23.590ms
[2025-12-25T02:10:39.805+0000][gc,cpu      ] GC(586) User=0.15s Sys=0.00s Real=0.03s
[2025-12-25T02:11:19.383+0000][gc,start    ] GC(587) Pause Young (Normal) (G1 Evacuation Pause)
[2025-12-25T02:11:19.384+0000][gc,task     ] GC(587) Using 8 workers of 8 for evacuation
[2025-12-25T02:11:19.408+0000][gc,phases   ] GC(587)   Pre Evacuate Collection Set: 4.8ms
[2025-12-25T02:11:19.409+0000][gc,phases   ] GC(587)   Merge Heap Roots: 0.6ms
[2025-12-25T02:11:19.409+0000][gc,phases   ] GC(587)   Evacuate Collection Set: 12.2ms
[2025-12-25T02:11:19.409+0000][gc,phases   ] GC(587)   Post Evacuate Collection Set: 3.9ms
[2025-12-25T02:11:19.409+0000][gc,phases   ] GC(587)   Other: 2.8ms
[2025-12-25T02:11:19.409+0000][gc,heap     ] GC(587) Eden regions: 606->0(607)
[2025-12-25T02:11:19.409+0000][gc,heap     ] GC(587) Survivor regions: 8->7(62)
[2025-12-25T02:11:19.409+0000][gc,heap     ] GC(587) Old regions: 197->197
[2025-12-25T02:11:19.409+0000][gc,heap     ] GC(587) Humongous regions: 151->151
[2025-12-25T02:11:19.409+0000][gc,metaspace] GC(587) Metaspace: 16082K(16448K)->16082K(16448K) NonClass: 14333K(14464K)->14333K(14464K) Class: 1748K(1984K)->1748K(1984K)
[2025-12-25T02:11:19.409+0000][gc          ] GC(587) Pause Young (Normal) (G1 Evacuation Pause) 961M->354M(1024M) 26.353ms
[2025-12-25T02:11:19.409+0000][gc,cpu      ] GC(587) User=0.12s Sys=0.01s Real=0.03s
[2025-12-25T02:11:49.515+0000][gc,start    ] GC(588) Pause Young (Normal) (G1 Evacuation Pause)
[2025-12-25T02:11:49.515+0000][gc,task     ] GC(588) Using 8 workers of 8 for evacuation
[2025-12-25T02:11:49.530+0000][gc,phases   ] GC(588)   Pre Evacuate Collection Set: 1.2ms
[2025-12-25T02:11:49.530+0000][gc,phases   ] GC(588)   Merge Heap Roots: 0.4ms
[2025-12-25T02:11:49.530+0000][gc,phases   ] GC(588)   Evacuate Collection Set: 11.6ms
[2025-12-25T02:11:49.530+0000][gc,phases   ] GC(588)   Post Evacuate Collection Set: 1.1ms
[2025-12-25T02:11:49.530+0000][gc,phases   ] GC(588)   Other: 0.4ms
[2025-12-25T02:11:49.530+0000][gc,heap     ] GC(588) Eden regions: 607->0(605)
[2025-12-25T02:11:49.531+0000][gc,heap     ] GC(588) Survivor regions: 7->9(62)
[2025-12-25T02:11:49.531+0000][gc,heap     ] GC(588) Old regions: 197->197
[2025-12-25T02:11:49.531+0000][gc,heap     ] GC(588) Humongous regions: 151->151
[2025-12-25T02:11:49.531+0000][gc,metaspace] GC(588) Metaspace: 16084K(16448K)->16084K(16448K) NonClass: 14335K(14464K)->14335K(14464K) Class: 1748K(1984K)->1748K(1984K)
[2025-12-25T02:11:49.531+0000][gc          ] GC(588) Pause Young (Normal) (G1 Evacuation Pause) 961M->356M(1024M) 15.913ms
[2025-12-25T02:11:49.531+0000][gc,cpu      ] GC(588) User=0.10s Sys=0.00s Real=0.02s
[2025-12-25T02:12:19.724+0000][gc,start    ] GC(589) Pause Young (Normal) (G1 Evacuation Pause)
[2025-12-25T02:12:19.725+0000][gc,task     ] GC(589) Using 8 workers of 8 for evacuation
[2025-12-25T02:12:19.741+0000][gc,phases   ] GC(589)   Pre Evacuate Collection Set: 4.0ms
[2025-12-25T02:12:19.741+0000][gc,phases   ] GC(589)   Merge Heap Roots: 0.4ms
[2025-12-25T02:12:19.741+0000][gc,phases   ] GC(589)   Evacuate Collection Set: 9.9ms
[2025-12-25T02:12:19.741+0000][gc,phases   ] GC(589)   Post Evacuate Collection Set: 1.3ms
[2025-12-25T02:12:19.741+0000][gc,phases   ] GC(589)   Other: 0.4ms
[2025-12-25T02:12:19.741+0000][gc,heap     ] GC(589) Eden regions: 605->0(603)
[2025-12-25T02:12:19.741+0000][gc,heap     ] GC(589) Survivor regions: 9->10(62)
[2025-12-25T02:12:19.742+0000][gc,heap     ] GC(589) Old regions: 197->198
[2025-12-25T02:12:19.742+0000][gc,heap     ] GC(589) Humongous regions: 151->151
[2025-12-25T02:12:19.742+0000][gc,metaspace] GC(589) Metaspace: 16086K(16448K)->16086K(16448K) NonClass: 14337K(14464K)->14337K(14464K) Class: 1748K(1984K)->1748K(1984K)
[2025-12-25T02:12:19.742+0000][gc          ] GC(589) Pause Young (Normal) (G1 Evacuation Pause) 961M->357M(1024M) 17.761ms
[2025-12-25T02:12:19.742+0000][gc,cpu      ] GC(589) User=0.09s Sys=0.00s Real=0.02s
[2025-12-25T02:12:59.275+0000][gc,start    ] GC(590) Pause Young (Normal) (G1 Evacuation Pause)
[2025-12-25T02:12:59.276+0000][gc,task     ] GC(590) Using 8 workers of 8 for evacuation
[2025-12-25T02:12:59.286+0000][gc,phases   ] GC(590)   Pre Evacuate Collection Set: 1.2ms
[2025-12-25T02:12:59.286+0000][gc,phases   ] GC(590)   Merge Heap Roots: 0.3ms
[2025-12-25T02:12:59.286+0000][gc,phases   ] GC(590)   Evacuate Collection Set: 7.3ms
[2025-12-25T02:12:59.286+0000][gc,phases   ] GC(590)   Post Evacuate Collection Set: 1.1ms
[2025-12-25T02:12:59.287+0000][gc,phases   ] GC(590)   Other: 0.3ms
[2025-12-25T02:12:59.287+0000][gc,heap     ] GC(590) Eden regions: 603->0(605)
[2025-12-25T02:12:59.287+0000][gc,heap     ] GC(590) Survivor regions: 10->9(62)
[2025-12-25T02:12:59.287+0000][gc,heap     ] GC(590) Old regions: 198->198
[2025-12-25T02:12:59.287+0000][gc,heap     ] GC(590) Humongous regions: 151->151
[2025-12-25T02:12:59.287+0000][gc,metaspace] GC(590) Metaspace: 16086K(16448K)->16086K(16448K) NonClass: 14337K(14464K)->14337K(14464K) Class: 1748K(1984K)->1748K(1984K)
[2025-12-25T02:12:59.287+0000][gc          ] GC(590) Pause Young (Normal) (G1 Evacuation Pause) 960M->357M(1024M) 11.490ms
[2025-12-25T02:12:59.287+0000][gc,cpu      ] GC(590) User=0.07s Sys=0.00s Real=0.01s
[2025-12-25T02:13:29.505+0000][gc,start    ] GC(591) Pause Young (Normal) (G1 Evacuation Pause)
[2025-12-25T02:13:29.505+0000][gc,task     ] GC(591) Using 8 workers of 8 for evacuation
[2025-12-25T02:13:29.521+0000][gc,phases   ] GC(591)   Pre Evacuate Collection Set: 4.1ms
[2025-12-25T02:13:29.521+0000][gc,phases   ] GC(591)   Merge Heap Roots: 0.4ms
[2025-12-25T02:13:29.521+0000][gc,phases   ] GC(591)   Evacuate Collection Set: 6.2ms
[2025-12-25T02:13:29.521+0000][gc,phases   ] GC(591)   Post Evacuate Collection Set: 4.1ms
[2025-12-25T02:13:29.521+0000][gc,phases   ] GC(591)   Other: 0.6ms
[2025-12-25T02:13:29.521+0000][gc,heap     ] GC(591) Eden regions: 605->0(607)
[2025-12-25T02:13:29.521+0000][gc,heap     ] GC(591) Survivor regions: 9->7(61)
[2025-12-25T02:13:29.521+0000][gc,heap     ] GC(591) Old regions: 198->198
[2025-12-25T02:13:29.521+0000][gc,heap     ] GC(591) Humongous regions: 151->151
[2025-12-25T02:13:29.521+0000][gc,metaspace] GC(591) Metaspace: 16086K(16448K)->16086K(16448K) NonClass: 14337K(14464K)->14337K(14464K) Class: 1748K(1984K)->1748K(1984K)
[2025-12-25T02:13:29.521+0000][gc          ] GC(591) Pause Young (Normal) (G1 Evacuation Pause) 962M->355M(1024M) 16.452ms
[2025-12-25T02:13:29.522+0000][gc,cpu      ] GC(591) User=0.08s Sys=0.00s Real=0.02s
[2025-12-25T02:13:59.646+0000][gc,start    ] GC(592) Pause Young (Normal) (G1 Evacuation Pause)
[2025-12-25T02:13:59.646+0000][gc,task     ] GC(592) Using 8 workers of 8 for evacuation
[2025-12-25T02:13:59.657+0000][gc,phases   ] GC(592)   Pre Evacuate Collection Set: 1.6ms
[2025-12-25T02:13:59.657+0000][gc,phases   ] GC(592)   Merge Heap Roots: 0.3ms
[2025-12-25T02:13:59.657+0000][gc,phases   ] GC(592)   Evacuate Collection Set: 7.2ms
[2025-12-25T02:13:59.657+0000][gc,phases   ] GC(592)   Post Evacuate Collection Set: 1.1ms
[2025-12-25T02:13:59.657+0000][gc,phases   ] GC(592)   Other: 0.5ms
[2025-12-25T02:13:59.657+0000][gc,heap     ] GC(592) Eden regions: 607->0(605)
[2025-12-25T02:13:59.657+0000][gc,heap     ] GC(592) Survivor regions: 7->9(61)
[2025-12-25T02:13:59.657+0000][gc,heap     ] GC(592) Old regions: 198->198
[2025-12-25T02:13:59.657+0000][gc,heap     ] GC(592) Humongous regions: 151->151
[2025-12-25T02:13:59.658+0000][gc,metaspace] GC(592) Metaspace: 16086K(16448K)->16086K(16448K) NonClass: 14337K(14464K)->14337K(14464K) Class: 1748K(1984K)->1748K(1984K)
[2025-12-25T02:13:59.658+0000][gc          ] GC(592) Pause Young (Normal) (G1 Evacuation Pause) 962M->357M(1024M) 11.811ms
[2025-12-25T02:13:59.658+0000][gc,cpu      ] GC(592) User=0.06s Sys=0.00s Real=0.01s
[2025-12-25T02:14:39.274+0000][gc,start    ] GC(593) Pause Young (Normal) (G1 Evacuation Pause)
[2025-12-25T02:14:39.275+0000][gc,task     ] GC(593) Using 8 workers of 8 for evacuation
[2025-12-25T02:14:39.298+0000][gc,phases   ] GC(593)   Pre Evacuate Collection Set: 1.5ms
[2025-12-25T02:14:39.298+0000][gc,phases   ] GC(593)   Merge Heap Roots: 0.5ms
[2025-12-25T02:14:39.298+0000][gc,phases   ] GC(593)   Evacuate Collection Set: 19.3ms
[2025-12-25T02:14:39.298+0000][gc,phases   ] GC(593)   Post Evacuate Collection Set: 1.3ms
[2025-12-25T02:14:39.298+0000][gc,phases   ] GC(593)   Other: 0.4ms
[2025-12-25T02:14:39.298+0000][gc,heap     ] GC(593) Eden regions: 605->0(607)
[2025-12-25T02:14:39.298+0000][gc,heap     ] GC(593) Survivor regions: 9->7(61)
[2025-12-25T02:14:39.298+0000][gc,heap     ] GC(593) Old regions: 198->199
[2025-12-25T02:14:39.298+0000][gc,heap     ] GC(593) Humongous regions: 151->151
[2025-12-25T02:14:39.298+0000][gc,metaspace] GC(593) Metaspace: 16086K(16448K)->16086K(16448K) NonClass: 14337K(14464K)->14337K(14464K) Class: 1748K(1984K)->1748K(1984K)
[2025-12-25T02:14:39.299+0000][gc          ] GC(593) Pause Young (Normal) (G1 Evacuation Pause) 962M->356M(1024M) 24.795ms
[2025-12-25T02:14:39.299+0000][gc,cpu      ] GC(593) User=0.13s Sys=0.03s Real=0.02s
[2025-12-25T02:15:09.478+0000][gc,start    ] GC(594) Pause Young (Normal) (G1 Evacuation Pause)
[2025-12-25T02:15:09.479+0000][gc,task     ] GC(594) Using 8 workers of 8 for evacuation
[2025-12-25T02:15:09.498+0000][gc,phases   ] GC(594)   Pre Evacuate Collection Set: 1.3ms
[2025-12-25T02:15:09.499+0000][gc,phases   ] GC(594)   Merge Heap Roots: 0.4ms
[2025-12-25T02:15:09.499+0000][gc,phases   ] GC(594)   Evacuate Collection Set: 12.1ms
[2025-12-25T02:15:09.499+0000][gc,phases   ] GC(594)   Post Evacuate Collection Set: 4.6ms
[2025-12-25T02:15:09.499+0000][gc,phases   ] GC(594)   Other: 0.7ms
[2025-12-25T02:15:09.499+0000][gc,heap     ] GC(594) Eden regions: 607->0(604)
[2025-12-25T02:15:09.499+0000][gc,heap     ] GC(594) Survivor regions: 7->9(60)
[2025-12-25T02:15:09.499+0000][gc,heap     ] GC(594) Old regions: 199->199
[2025-12-25T02:15:09.499+0000][gc,heap     ] GC(594) Humongous regions: 151->151
[2025-12-25T02:15:09.499+0000][gc,metaspace] GC(594) Metaspace: 16086K(16448K)->16086K(16448K) NonClass: 14337K(14464K)->14337K(14464K) Class: 1748K(1984K)->1748K(1984K)
[2025-12-25T02:15:09.500+0000][gc          ] GC(594) Pause Young (Normal) (G1 Evacuation Pause) 963M->358M(1024M) 21.444ms
[2025-12-25T02:15:09.500+0000][gc,cpu      ] GC(594) User=0.10s Sys=0.00s Real=0.02s
[2025-12-25T02:15:39.673+0000][gc,start    ] GC(595) Pause Young (Normal) (G1 Evacuation Pause)
[2025-12-25T02:15:39.673+0000][gc,task     ] GC(595) Using 8 workers of 8 for evacuation
[2025-12-25T02:15:39.686+0000][gc,phases   ] GC(595)   Pre Evacuate Collection Set: 1.0ms
[2025-12-25T02:15:39.686+0000][gc,phases   ] GC(595)   Merge Heap Roots: 0.4ms
[2025-12-25T02:15:39.686+0000][gc,phases   ] GC(595)   Evacuate Collection Set: 9.4ms
[2025-12-25T02:15:39.686+0000][gc,phases   ] GC(595)   Post Evacuate Collection Set: 1.2ms
[2025-12-25T02:15:39.686+0000][gc,phases   ] GC(595)   Other: 0.2ms
[2025-12-25T02:15:39.686+0000][gc,heap     ] GC(595) Eden regions: 604->0(602)
[2025-12-25T02:15:39.686+0000][gc,heap     ] GC(595) Survivor regions: 9->10(61)
[2025-12-25T02:15:39.686+0000][gc,heap     ] GC(595) Old regions: 199->199
[2025-12-25T02:15:39.686+0000][gc,heap     ] GC(595) Humongous regions: 151->151
[2025-12-25T02:15:39.686+0000][gc,metaspace] GC(595) Metaspace: 16086K(16448K)->16086K(16448K) NonClass: 14337K(14464K)->14337K(14464K) Class: 1748K(1984K)->1748K(1984K)
[2025-12-25T02:15:39.686+0000][gc          ] GC(595) Pause Young (Normal) (G1 Evacuation Pause) 962M->359M(1024M) 13.370ms
[2025-12-25T02:15:39.686+0000][gc,cpu      ] GC(595) User=0.07s Sys=0.00s Real=0.02s
[2025-12-25T02:16:09.786+0000][gc,start    ] GC(596) Pause Young (Normal) (G1 Evacuation Pause)
[2025-12-25T02:16:09.787+0000][gc,task     ] GC(596) Using 8 workers of 8 for evacuation
[2025-12-25T02:16:09.804+0000][gc,phases   ] GC(596)   Pre Evacuate Collection Set: 1.0ms
[2025-12-25T02:16:09.805+0000][gc,phases   ] GC(596)   Merge Heap Roots: 1.8ms
[2025-12-25T02:16:09.805+0000][gc,phases   ] GC(596)   Evacuate Collection Set: 12.5ms
[2025-12-25T02:16:09.805+0000][gc,phases   ] GC(596)   Post Evacuate Collection Set: 1.6ms
[2025-12-25T02:16:09.805+0000][gc,phases   ] GC(596)   Other: 0.7ms
[2025-12-25T02:16:09.805+0000][gc,heap     ] GC(596) Eden regions: 602->0(605)
[2025-12-25T02:16:09.805+0000][gc,heap     ] GC(596) Survivor regions: 10->8(62)
[2025-12-25T02:16:09.805+0000][gc,heap     ] GC(596) Old regions: 199->200
[2025-12-25T02:16:09.805+0000][gc,heap     ] GC(596) Humongous regions: 151->151
[2025-12-25T02:16:09.805+0000][gc,metaspace] GC(596) Metaspace: 16086K(16448K)->16086K(16448K) NonClass: 14337K(14464K)->14337K(14464K) Class: 1748K(1984K)->1748K(1984K)
[2025-12-25T02:16:09.805+0000][gc          ] GC(596) Pause Young (Normal) (G1 Evacuation Pause) 961M->357M(1024M) 18.990ms
[2025-12-25T02:16:09.805+0000][gc,cpu      ] GC(596) User=0.12s Sys=0.00s Real=0.02s
[2025-12-25T02:16:49.506+0000][gc,start    ] GC(597) Pause Young (Normal) (G1 Evacuation Pause)
[2025-12-25T02:16:49.507+0000][gc,task     ] GC(597) Using 8 workers of 8 for evacuation
[2025-12-25T02:16:49.529+0000][gc,phases   ] GC(597)   Pre Evacuate Collection Set: 2.6ms
[2025-12-25T02:16:49.529+0000][gc,phases   ] GC(597)   Merge Heap Roots: 2.0ms
[2025-12-25T02:16:49.529+0000][gc,phases   ] GC(597)   Evacuate Collection Set: 13.8ms
[2025-12-25T02:16:49.529+0000][gc,phases   ] GC(597)   Post Evacuate Collection Set: 2.3ms
[2025-12-25T02:16:49.529+0000][gc,phases   ] GC(597)   Other: 1.0ms
[2025-12-25T02:16:49.529+0000][gc,heap     ] GC(597) Eden regions: 605->0(605)
[2025-12-25T02:16:49.529+0000][gc,heap     ] GC(597) Survivor regions: 8->8(60)
[2025-12-25T02:16:49.529+0000][gc,heap     ] GC(597) Old regions: 200->200
[2025-12-25T02:16:49.529+0000][gc,heap     ] GC(597) Humongous regions: 151->151
[2025-12-25T02:16:49.529+0000][gc,metaspace] GC(597) Metaspace: 16086K(16448K)->16086K(16448K) NonClass: 14337K(14464K)->14337K(14464K) Class: 1748K(1984K)->1748K(1984K)
[2025-12-25T02:16:49.529+0000][gc          ] GC(597) Pause Young (Normal) (G1 Evacuation Pause) 962M->357M(1024M) 23.116ms
[2025-12-25T02:16:49.529+0000][gc,cpu      ] GC(597) User=0.13s Sys=0.00s Real=0.02s
[2025-12-25T02:17:19.639+0000][gc,start    ] GC(598) Pause Young (Normal) (G1 Evacuation Pause)
[2025-12-25T02:17:19.640+0000][gc,task     ] GC(598) Using 8 workers of 8 for evacuation
[2025-12-25T02:17:19.667+0000][gc,phases   ] GC(598)   Pre Evacuate Collection Set: 1.3ms
[2025-12-25T02:17:19.667+0000][gc,phases   ] GC(598)   Merge Heap Roots: 1.5ms
[2025-12-25T02:17:19.667+0000][gc,phases   ] GC(598)   Evacuate Collection Set: 20.3ms
[2025-12-25T02:17:19.667+0000][gc,phases   ] GC(598)   Post Evacuate Collection Set: 2.5ms
[2025-12-25T02:17:19.667+0000][gc,phases   ] GC(598)   Other: 1.3ms
[2025-12-25T02:17:19.667+0000][gc,heap     ] GC(598) Eden regions: 605->0(603)
[2025-12-25T02:17:19.667+0000][gc,heap     ] GC(598) Survivor regions: 8->9(60)
[2025-12-25T02:17:19.668+0000][gc,heap     ] GC(598) Old regions: 200->200
[2025-12-25T02:17:19.668+0000][gc,heap     ] GC(598) Humongous regions: 151->151
[2025-12-25T02:17:19.668+0000][gc,metaspace] GC(598) Metaspace: 16087K(16448K)->16087K(16448K) NonClass: 14339K(14464K)->14339K(14464K) Class: 1748K(1984K)->1748K(1984K)
[2025-12-25T02:17:19.668+0000][gc          ] GC(598) Pause Young (Normal) (G1 Evacuation Pause) 962M->359M(1024M) 28.722ms
[2025-12-25T02:17:19.668+0000][gc,cpu      ] GC(598) User=0.18s Sys=0.00s Real=0.03s
[2025-12-25T02:17:49.759+0000][gc,start    ] GC(599) Pause Young (Normal) (G1 Evacuation Pause)
[2025-12-25T02:17:49.760+0000][gc,task     ] GC(599) Using 8 workers of 8 for evacuation
[2025-12-25T02:17:49.782+0000][gc,phases   ] GC(599)   Pre Evacuate Collection Set: 1.1ms
[2025-12-25T02:17:49.782+0000][gc,phases   ] GC(599)   Merge Heap Roots: 0.4ms
[2025-12-25T02:17:49.782+0000][gc,phases   ] GC(599)   Evacuate Collection Set: 19.2ms
[2025-12-25T02:17:49.782+0000][gc,phases   ] GC(599)   Post Evacuate Collection Set: 1.3ms
[2025-12-25T02:17:49.782+0000][gc,phases   ] GC(599)   Other: 0.4ms
[2025-12-25T02:17:49.782+0000][gc,heap     ] GC(599) Eden regions: 603->0(600)
[2025-12-25T02:17:49.782+0000][gc,heap     ] GC(599) Survivor regions: 9->10(61)
[2025-12-25T02:17:49.782+0000][gc,heap     ] GC(599) Old regions: 200->201
[2025-12-25T02:17:49.782+0000][gc,heap     ] GC(599) Humongous regions: 151->151
[2025-12-25T02:17:49.782+0000][gc,metaspace] GC(599) Metaspace: 16087K(16448K)->16087K(16448K) NonClass: 14339K(14464K)->14339K(14464K) Class: 1748K(1984K)->1748K(1984K)
[2025-12-25T02:17:49.783+0000][gc          ] GC(599) Pause Young (Normal) (G1 Evacuation Pause) 962M->361M(1024M) 23.775ms
[2025-12-25T02:17:49.783+0000][gc,cpu      ] GC(599) User=0.17s Sys=0.00s Real=0.02s
[2025-12-25T02:18:29.347+0000][gc,start    ] GC(600) Pause Young (Normal) (G1 Evacuation Pause)
[2025-12-25T02:18:29.347+0000][gc,task     ] GC(600) Using 8 workers of 8 for evacuation
[2025-12-25T02:18:29.374+0000][gc,phases   ] GC(600)   Pre Evacuate Collection Set: 1.5ms
[2025-12-25T02:18:29.375+0000][gc,phases   ] GC(600)   Merge Heap Roots: 0.5ms
[2025-12-25T02:18:29.375+0000][gc,phases   ] GC(600)   Evacuate Collection Set: 17.4ms
[2025-12-25T02:18:29.375+0000][gc,phases   ] GC(600)   Post Evacuate Collection Set: 6.7ms
[2025-12-25T02:18:29.375+0000][gc,phases   ] GC(600)   Other: 0.9ms
[2025-12-25T02:18:29.375+0000][gc,heap     ] GC(600) Eden regions: 600->0(602)
[2025-12-25T02:18:29.375+0000][gc,heap     ] GC(600) Survivor regions: 10->9(62)
[2025-12-25T02:18:29.375+0000][gc,heap     ] GC(600) Old regions: 201->201
[2025-12-25T02:18:29.375+0000][gc,heap     ] GC(600) Humongous regions: 151->151
[2025-12-25T02:18:29.375+0000][gc,metaspace] GC(600) Metaspace: 16087K(16448K)->16087K(16448K) NonClass: 14339K(14464K)->14339K(14464K) Class: 1748K(1984K)->1748K(1984K)
[2025-12-25T02:18:29.375+0000][gc          ] GC(600) Pause Young (Normal) (G1 Evacuation Pause) 961M->360M(1024M) 28.832ms
[2025-12-25T02:18:29.375+0000][gc,cpu      ] GC(600) User=0.18s Sys=0.01s Real=0.03s
[2025-12-25T02:18:59.529+0000][gc,start    ] GC(601) Pause Young (Normal) (G1 Evacuation Pause)
[2025-12-25T02:18:59.530+0000][gc,task     ] GC(601) Using 8 workers of 8 for evacuation
[2025-12-25T02:18:59.541+0000][gc,phases   ] GC(601)   Pre Evacuate Collection Set: 1.1ms
[2025-12-25T02:18:59.541+0000][gc,phases   ] GC(601)   Merge Heap Roots: 0.4ms
[2025-12-25T02:18:59.541+0000][gc,phases   ] GC(601)   Evacuate Collection Set: 8.7ms
[2025-12-25T02:18:59.541+0000][gc,phases   ] GC(601)   Post Evacuate Collection Set: 1.2ms
[2025-12-25T02:18:59.541+0000][gc,phases   ] GC(601)   Other: 0.4ms
[2025-12-25T02:18:59.542+0000][gc,heap     ] GC(601) Eden regions: 602->0(606)
[2025-12-25T02:18:59.542+0000][gc,heap     ] GC(601) Survivor regions: 9->7(61)
[2025-12-25T02:18:59.542+0000][gc,heap     ] GC(601) Old regions: 201->201
[2025-12-25T02:18:59.542+0000][gc,heap     ] GC(601) Humongous regions: 151->151
[2025-12-25T02:18:59.542+0000][gc,metaspace] GC(601) Metaspace: 16087K(16448K)->16087K(16448K) NonClass: 14339K(14464K)->14339K(14464K) Class: 1748K(1984K)->1748K(1984K)
[2025-12-25T02:18:59.542+0000][gc          ] GC(601) Pause Young (Normal) (G1 Evacuation Pause) 962M->358M(1024M) 12.684ms
[2025-12-25T02:18:59.542+0000][gc,cpu      ] GC(601) User=0.08s Sys=0.00s Real=0.02s
[2025-12-25T02:19:30.244+0000][gc,start    ] GC(602) Pause Young (Normal) (G1 Evacuation Pause)
[2025-12-25T02:19:30.245+0000][gc,task     ] GC(602) Using 8 workers of 8 for evacuation
[2025-12-25T02:19:30.265+0000][gc,phases   ] GC(602)   Pre Evacuate Collection Set: 1.8ms
[2025-12-25T02:19:30.266+0000][gc,phases   ] GC(602)   Merge Heap Roots: 0.5ms
[2025-12-25T02:19:30.266+0000][gc,phases   ] GC(602)   Evacuate Collection Set: 16.3ms
[2025-12-25T02:19:30.266+0000][gc,phases   ] GC(602)   Post Evacuate Collection Set: 1.3ms
[2025-12-25T02:19:30.266+0000][gc,phases   ] GC(602)   Other: 0.8ms
[2025-12-25T02:19:30.266+0000][gc,heap     ] GC(602) Eden regions: 606->0(601)
[2025-12-25T02:19:30.266+0000][gc,heap     ] GC(602) Survivor regions: 7->9(59)
[2025-12-25T02:19:30.266+0000][gc,heap     ] GC(602) Old regions: 201->202
[2025-12-25T02:19:30.266+0000][gc,heap     ] GC(602) Humongous regions: 151->151
[2025-12-25T02:19:30.266+0000][gc,metaspace] GC(602) Metaspace: 16087K(16448K)->16087K(16448K) NonClass: 14339K(14464K)->14339K(14464K) Class: 1748K(1984K)->1748K(1984K)
[2025-12-25T02:19:30.266+0000][gc          ] GC(602) Pause Young (Normal) (G1 Evacuation Pause) 964M->360M(1024M) 22.053ms
[2025-12-25T02:19:30.266+0000][gc,cpu      ] GC(602) User=0.14s Sys=0.00s Real=0.03s
[2025-12-25T02:20:09.264+0000][gc,start    ] GC(603) Pause Young (Normal) (G1 Evacuation Pause)
[2025-12-25T02:20:09.264+0000][gc,task     ] GC(603) Using 8 workers of 8 for evacuation
[2025-12-25T02:20:09.285+0000][gc,phases   ] GC(603)   Pre Evacuate Collection Set: 2.1ms
[2025-12-25T02:20:09.285+0000][gc,phases   ] GC(603)   Merge Heap Roots: 1.4ms
[2025-12-25T02:20:09.285+0000][gc,phases   ] GC(603)   Evacuate Collection Set: 15.2ms
[2025-12-25T02:20:09.285+0000][gc,phases   ] GC(603)   Post Evacuate Collection Set: 1.5ms
[2025-12-25T02:20:09.285+0000][gc,phases   ] GC(603)   Other: 0.5ms
[2025-12-25T02:20:09.285+0000][gc,heap     ] GC(603) Eden regions: 601->0(603)
[2025-12-25T02:20:09.285+0000][gc,heap     ] GC(603) Survivor regions: 9->8(61)
[2025-12-25T02:20:09.285+0000][gc,heap     ] GC(603) Old regions: 202->202
[2025-12-25T02:20:09.286+0000][gc,heap     ] GC(603) Humongous regions: 151->151
[2025-12-25T02:20:09.286+0000][gc,metaspace] GC(603) Metaspace: 16087K(16448K)->16087K(16448K) NonClass: 14339K(14464K)->14339K(14464K) Class: 1748K(1984K)->1748K(1984K)
[2025-12-25T02:20:09.286+0000][gc          ] GC(603) Pause Young (Normal) (G1 Evacuation Pause) 961M->359M(1024M) 22.166ms
[2025-12-25T02:20:09.286+0000][gc,cpu      ] GC(603) User=0.13s Sys=0.00s Real=0.02s
[2025-12-25T02:20:39.485+0000][gc,start    ] GC(604) Pause Young (Normal) (G1 Evacuation Pause)
[2025-12-25T02:20:39.486+0000][gc,task     ] GC(604) Using 8 workers of 8 for evacuation
[2025-12-25T02:20:39.500+0000][gc,phases   ] GC(604)   Pre Evacuate Collection Set: 1.1ms
[2025-12-25T02:20:39.500+0000][gc,phases   ] GC(604)   Merge Heap Roots: 0.4ms
[2025-12-25T02:20:39.500+0000][gc,phases   ] GC(604)   Evacuate Collection Set: 10.1ms
[2025-12-25T02:20:39.500+0000][gc,phases   ] GC(604)   Post Evacuate Collection Set: 1.8ms
[2025-12-25T02:20:39.500+0000][gc,phases   ] GC(604)   Other: 0.5ms
[2025-12-25T02:20:39.500+0000][gc,heap     ] GC(604) Eden regions: 603->0(601)
[2025-12-25T02:20:39.500+0000][gc,heap     ] GC(604) Survivor regions: 8->9(60)
[2025-12-25T02:20:39.500+0000][gc,heap     ] GC(604) Old regions: 202->202
[2025-12-25T02:20:39.500+0000][gc,heap     ] GC(604) Humongous regions: 151->151
[2025-12-25T02:20:39.500+0000][gc,metaspace] GC(604) Metaspace: 16087K(16448K)->16087K(16448K) NonClass: 14339K(14464K)->14339K(14464K) Class: 1748K(1984K)->1748K(1984K)
[2025-12-25T02:20:39.501+0000][gc          ] GC(604) Pause Young (Normal) (G1 Evacuation Pause) 962M->361M(1024M) 15.136ms
[2025-12-25T02:20:39.501+0000][gc,cpu      ] GC(604) User=0.08s Sys=0.00s Real=0.01s
[2025-12-25T02:21:09.625+0000][gc,start    ] GC(605) Pause Young (Normal) (G1 Evacuation Pause)
[2025-12-25T02:21:09.625+0000][gc,task     ] GC(605) Using 8 workers of 8 for evacuation
[2025-12-25T02:21:09.638+0000][gc,phases   ] GC(605)   Pre Evacuate Collection Set: 1.5ms
[2025-12-25T02:21:09.638+0000][gc,phases   ] GC(605)   Merge Heap Roots: 0.4ms
[2025-12-25T02:21:09.638+0000][gc,phases   ] GC(605)   Evacuate Collection Set: 8.6ms
[2025-12-25T02:21:09.638+0000][gc,phases   ] GC(605)   Post Evacuate Collection Set: 1.2ms
[2025-12-25T02:21:09.638+0000][gc,phases   ] GC(605)   Other: 0.7ms
[2025-12-25T02:21:09.638+0000][gc,heap     ] GC(605) Eden regions: 601->0(598)
[2025-12-25T02:21:09.638+0000][gc,heap     ] GC(605) Survivor regions: 9->10(61)
[2025-12-25T02:21:09.638+0000][gc,heap     ] GC(605) Old regions: 202->203
[2025-12-25T02:21:09.638+0000][gc,heap     ] GC(605) Humongous regions: 151->151
[2025-12-25T02:21:09.638+0000][gc,metaspace] GC(605) Metaspace: 16087K(16448K)->16087K(16448K) NonClass: 14339K(14464K)->14339K(14464K) Class: 1748K(1984K)->1748K(1984K)
[2025-12-25T02:21:09.638+0000][gc          ] GC(605) Pause Young (Normal) (G1 Evacuation Pause) 962M->363M(1024M) 13.811ms
[2025-12-25T02:21:09.638+0000][gc,cpu      ] GC(605) User=0.07s Sys=0.00s Real=0.01s
[2025-12-25T02:21:39.844+0000][gc,start    ] GC(606) Pause Young (Normal) (G1 Evacuation Pause)
[2025-12-25T02:21:39.845+0000][gc,task     ] GC(606) Using 8 workers of 8 for evacuation
[2025-12-25T02:21:39.858+0000][gc,phases   ] GC(606)   Pre Evacuate Collection Set: 1.1ms
[2025-12-25T02:21:39.859+0000][gc,phases   ] GC(606)   Merge Heap Roots: 0.7ms
[2025-12-25T02:21:39.859+0000][gc,phases   ] GC(606)   Evacuate Collection Set: 10.4ms
[2025-12-25T02:21:39.859+0000][gc,phases   ] GC(606)   Post Evacuate Collection Set: 1.2ms
[2025-12-25T02:21:39.859+0000][gc,phases   ] GC(606)   Other: 0.4ms
[2025-12-25T02:21:39.859+0000][gc,heap     ] GC(606) Eden regions: 598->0(602)
[2025-12-25T02:21:39.859+0000][gc,heap     ] GC(606) Survivor regions: 10->8(62)
[2025-12-25T02:21:39.859+0000][gc,heap     ] GC(606) Old regions: 203->203
[2025-12-25T02:21:39.859+0000][gc,heap     ] GC(606) Humongous regions: 151->151
[2025-12-25T02:21:39.859+0000][gc,metaspace] GC(606) Metaspace: 16087K(16448K)->16087K(16448K) NonClass: 14339K(14464K)->14339K(14464K) Class: 1748K(1984K)->1748K(1984K)
[2025-12-25T02:21:39.859+0000][gc          ] GC(606) Pause Young (Normal) (G1 Evacuation Pause) 961M->361M(1024M) 15.121ms
[2025-12-25T02:21:39.859+0000][gc,cpu      ] GC(606) User=0.09s Sys=0.00s Real=0.01s
[2025-12-25T02:22:19.381+0000][gc,start    ] GC(607) Pause Young (Normal) (G1 Evacuation Pause)
[2025-12-25T02:22:19.382+0000][gc,task     ] GC(607) Using 8 workers of 8 for evacuation
[2025-12-25T02:22:19.395+0000][gc,phases   ] GC(607)   Pre Evacuate Collection Set: 1.1ms
[2025-12-25T02:22:19.396+0000][gc,phases   ] GC(607)   Merge Heap Roots: 0.4ms
[2025-12-25T02:22:19.396+0000][gc,phases   ] GC(607)   Evacuate Collection Set: 9.8ms
[2025-12-25T02:22:19.396+0000][gc,phases   ] GC(607)   Post Evacuate Collection Set: 1.2ms
[2025-12-25T02:22:19.396+0000][gc,phases   ] GC(607)   Other: 0.6ms
[2025-12-25T02:22:19.396+0000][gc,heap     ] GC(607) Eden regions: 602->0(604)
[2025-12-25T02:22:19.396+0000][gc,heap     ] GC(607) Survivor regions: 8->7(60)
[2025-12-25T02:22:19.396+0000][gc,heap     ] GC(607) Old regions: 203->203
[2025-12-25T02:22:19.396+0000][gc,heap     ] GC(607) Humongous regions: 151->151
[2025-12-25T02:22:19.396+0000][gc,metaspace] GC(607) Metaspace: 16087K(16448K)->16087K(16448K) NonClass: 14339K(14464K)->14339K(14464K) Class: 1748K(1984K)->1748K(1984K)
[2025-12-25T02:22:19.396+0000][gc          ] GC(607) Pause Young (Normal) (G1 Evacuation Pause) 963M->360M(1024M) 14.574ms
[2025-12-25T02:22:19.396+0000][gc,cpu      ] GC(607) User=0.08s Sys=0.00s Real=0.02s
[2025-12-25T02:22:49.570+0000][gc,start    ] GC(608) Pause Young (Normal) (G1 Evacuation Pause)
[2025-12-25T02:22:49.570+0000][gc,task     ] GC(608) Using 8 workers of 8 for evacuation
[2025-12-25T02:22:49.593+0000][gc,phases   ] GC(608)   Pre Evacuate Collection Set: 2.7ms
[2025-12-25T02:22:49.593+0000][gc,phases   ] GC(608)   Merge Heap Roots: 2.7ms
[2025-12-25T02:22:49.593+0000][gc,phases   ] GC(608)   Evacuate Collection Set: 15.3ms
[2025-12-25T02:22:49.593+0000][gc,phases   ] GC(608)   Post Evacuate Collection Set: 1.2ms
[2025-12-25T02:22:49.593+0000][gc,phases   ] GC(608)   Other: 0.8ms
[2025-12-25T02:22:49.593+0000][gc,heap     ] GC(608) Eden regions: 604->0(599)
[2025-12-25T02:22:49.593+0000][gc,heap     ] GC(608) Survivor regions: 7->9(59)
[2025-12-25T02:22:49.593+0000][gc,heap     ] GC(608) Old regions: 203->204
[2025-12-25T02:22:49.593+0000][gc,heap     ] GC(608) Humongous regions: 151->151
[2025-12-25T02:22:49.593+0000][gc,metaspace] GC(608) Metaspace: 16087K(16448K)->16087K(16448K) NonClass: 14339K(14464K)->14339K(14464K) Class: 1748K(1984K)->1748K(1984K)
[2025-12-25T02:22:49.593+0000][gc          ] GC(608) Pause Young (Normal) (G1 Evacuation Pause) 964M->362M(1024M) 23.709ms
[2025-12-25T02:22:49.593+0000][gc,cpu      ] GC(608) User=0.12s Sys=0.00s Real=0.02s
[2025-12-25T02:23:19.713+0000][gc,start    ] GC(609) Pause Young (Normal) (G1 Evacuation Pause)
[2025-12-25T02:23:19.714+0000][gc,task     ] GC(609) Using 8 workers of 8 for evacuation
[2025-12-25T02:23:19.726+0000][gc,phases   ] GC(609)   Pre Evacuate Collection Set: 1.1ms
[2025-12-25T02:23:19.726+0000][gc,phases   ] GC(609)   Merge Heap Roots: 0.5ms
[2025-12-25T02:23:19.726+0000][gc,phases   ] GC(609)   Evacuate Collection Set: 8.8ms
[2025-12-25T02:23:19.726+0000][gc,phases   ] GC(609)   Post Evacuate Collection Set: 1.3ms
[2025-12-25T02:23:19.726+0000][gc,phases   ] GC(609)   Other: 0.4ms
[2025-12-25T02:23:19.726+0000][gc,heap     ] GC(609) Eden regions: 599->0(597)
[2025-12-25T02:23:19.726+0000][gc,heap     ] GC(609) Survivor regions: 9->10(61)
[2025-12-25T02:23:19.726+0000][gc,heap     ] GC(609) Old regions: 204->204
[2025-12-25T02:23:19.726+0000][gc,heap     ] GC(609) Humongous regions: 151->151
[2025-12-25T02:23:19.727+0000][gc,metaspace] GC(609) Metaspace: 16087K(16448K)->16087K(16448K) NonClass: 14339K(14464K)->14339K(14464K) Class: 1748K(1984K)->1748K(1984K)
[2025-12-25T02:23:19.727+0000][gc          ] GC(609) Pause Young (Normal) (G1 Evacuation Pause) 961M->363M(1024M) 13.992ms
[2025-12-25T02:23:19.727+0000][gc,cpu      ] GC(609) User=0.08s Sys=0.00s Real=0.02s
[2025-12-25T02:23:59.258+0000][gc,start    ] GC(610) Pause Young (Normal) (G1 Evacuation Pause)
[2025-12-25T02:23:59.260+0000][gc,task     ] GC(610) Using 8 workers of 8 for evacuation
[2025-12-25T02:23:59.282+0000][gc,phases   ] GC(610)   Pre Evacuate Collection Set: 2.4ms
[2025-12-25T02:23:59.282+0000][gc,phases   ] GC(610)   Merge Heap Roots: 1.4ms
[2025-12-25T02:23:59.282+0000][gc,phases   ] GC(610)   Evacuate Collection Set: 16.6ms
[2025-12-25T02:23:59.282+0000][gc,phases   ] GC(610)   Post Evacuate Collection Set: 1.3ms
[2025-12-25T02:23:59.282+0000][gc,phases   ] GC(610)   Other: 0.4ms
[2025-12-25T02:23:59.282+0000][gc,heap     ] GC(610) Eden regions: 597->0(599)
[2025-12-25T02:23:59.282+0000][gc,heap     ] GC(610) Survivor regions: 10->9(62)
[2025-12-25T02:23:59.282+0000][gc,heap     ] GC(610) Old regions: 204->204
[2025-12-25T02:23:59.282+0000][gc,heap     ] GC(610) Humongous regions: 151->151
[2025-12-25T02:23:59.282+0000][gc,metaspace] GC(610) Metaspace: 16087K(16448K)->16087K(16448K) NonClass: 14339K(14464K)->14339K(14464K) Class: 1748K(1984K)->1748K(1984K)
[2025-12-25T02:23:59.283+0000][gc          ] GC(610) Pause Young (Normal) (G1 Evacuation Pause) 960M->363M(1024M) 24.711ms
[2025-12-25T02:23:59.283+0000][gc,cpu      ] GC(610) User=0.16s Sys=0.00s Real=0.02s
[2025-12-25T02:24:29.444+0000][gc,start    ] GC(611) Pause Young (Normal) (G1 Evacuation Pause)
[2025-12-25T02:24:29.445+0000][gc,task     ] GC(611) Using 8 workers of 8 for evacuation
[2025-12-25T02:24:29.470+0000][gc,phases   ] GC(611)   Pre Evacuate Collection Set: 3.8ms
[2025-12-25T02:24:29.470+0000][gc,phases   ] GC(611)   Merge Heap Roots: 0.3ms
[2025-12-25T02:24:29.470+0000][gc,phases   ] GC(611)   Evacuate Collection Set: 19.8ms
[2025-12-25T02:24:29.471+0000][gc,phases   ] GC(611)   Post Evacuate Collection Set: 1.2ms
[2025-12-25T02:24:29.471+0000][gc,phases   ] GC(611)   Other: 0.6ms
[2025-12-25T02:24:29.471+0000][gc,heap     ] GC(611) Eden regions: 599->0(602)
[2025-12-25T02:24:29.471+0000][gc,heap     ] GC(611) Survivor regions: 9->7(61)
[2025-12-25T02:24:29.471+0000][gc,heap     ] GC(611) Old regions: 204->205
[2025-12-25T02:24:29.471+0000][gc,heap     ] GC(611) Humongous regions: 151->151
[2025-12-25T02:24:29.471+0000][gc,metaspace] GC(611) Metaspace: 16087K(16448K)->16087K(16448K) NonClass: 14339K(14464K)->14339K(14464K) Class: 1748K(1984K)->1748K(1984K)
[2025-12-25T02:24:29.471+0000][gc          ] GC(611) Pause Young (Normal) (G1 Evacuation Pause) 962M->361M(1024M) 26.944ms
[2025-12-25T02:24:29.471+0000][gc,cpu      ] GC(611) User=0.09s Sys=0.00s Real=0.03s
[2025-12-25T02:24:59.525+0000][gc,start    ] GC(612) Pause Young (Normal) (G1 Evacuation Pause)
[2025-12-25T02:24:59.525+0000][gc,task     ] GC(612) Using 8 workers of 8 for evacuation
[2025-12-25T02:24:59.539+0000][gc,phases   ] GC(612)   Pre Evacuate Collection Set: 1.1ms
[2025-12-25T02:24:59.540+0000][gc,phases   ] GC(612)   Merge Heap Roots: 0.4ms
[2025-12-25T02:24:59.540+0000][gc,phases   ] GC(612)   Evacuate Collection Set: 11.0ms
[2025-12-25T02:24:59.540+0000][gc,phases   ] GC(612)   Post Evacuate Collection Set: 1.3ms
[2025-12-25T02:24:59.540+0000][gc,phases   ] GC(612)   Other: 0.3ms
[2025-12-25T02:24:59.540+0000][gc,heap     ] GC(612) Eden regions: 602->0(600)
[2025-12-25T02:24:59.540+0000][gc,heap     ] GC(612) Survivor regions: 7->8(59)
[2025-12-25T02:24:59.540+0000][gc,heap     ] GC(612) Old regions: 205->205
[2025-12-25T02:24:59.540+0000][gc,heap     ] GC(612) Humongous regions: 151->151
[2025-12-25T02:24:59.540+0000][gc,metaspace] GC(612) Metaspace: 16087K(16448K)->16087K(16448K) NonClass: 14339K(14464K)->14339K(14464K) Class: 1748K(1984K)->1748K(1984K)
[2025-12-25T02:24:59.540+0000][gc          ] GC(612) Pause Young (Normal) (G1 Evacuation Pause) 963M->363M(1024M) 15.264ms
[2025-12-25T02:24:59.540+0000][gc,cpu      ] GC(612) User=0.09s Sys=0.01s Real=0.01s
[2025-12-25T02:25:29.708+0000][gc,start    ] GC(613) Pause Young (Normal) (G1 Evacuation Pause)
[2025-12-25T02:25:29.708+0000][gc,task     ] GC(613) Using 8 workers of 8 for evacuation
[2025-12-25T02:25:29.722+0000][gc,phases   ] GC(613)   Pre Evacuate Collection Set: 1.3ms
[2025-12-25T02:25:29.722+0000][gc,phases   ] GC(613)   Merge Heap Roots: 0.4ms
[2025-12-25T02:25:29.722+0000][gc,phases   ] GC(613)   Evacuate Collection Set: 9.9ms
[2025-12-25T02:25:29.722+0000][gc,phases   ] GC(613)   Post Evacuate Collection Set: 1.1ms
[2025-12-25T02:25:29.722+0000][gc,phases   ] GC(613)   Other: 0.6ms
[2025-12-25T02:25:29.722+0000][gc,heap     ] GC(613) Eden regions: 600->0(598)
[2025-12-25T02:25:29.722+0000][gc,heap     ] GC(613) Survivor regions: 8->9(60)
[2025-12-25T02:25:29.722+0000][gc,heap     ] GC(613) Old regions: 205->205
[2025-12-25T02:25:29.722+0000][gc,heap     ] GC(613) Humongous regions: 151->151
[2025-12-25T02:25:29.722+0000][gc,metaspace] GC(613) Metaspace: 16087K(16448K)->16087K(16448K) NonClass: 14339K(14464K)->14339K(14464K) Class: 1748K(1984K)->1748K(1984K)
[2025-12-25T02:25:29.722+0000][gc          ] GC(613) Pause Young (Normal) (G1 Evacuation Pause) 963M->364M(1024M) 14.361ms
[2025-12-25T02:25:29.722+0000][gc,cpu      ] GC(613) User=0.09s Sys=0.00s Real=0.02s
[2025-12-25T02:26:09.171+0000][gc,start    ] GC(614) Pause Young (Normal) (G1 Evacuation Pause)
[2025-12-25T02:26:09.172+0000][gc,task     ] GC(614) Using 8 workers of 8 for evacuation
[2025-12-25T02:26:09.194+0000][gc,phases   ] GC(614)   Pre Evacuate Collection Set: 3.6ms
[2025-12-25T02:26:09.194+0000][gc,phases   ] GC(614)   Merge Heap Roots: 2.3ms
[2025-12-25T02:26:09.194+0000][gc,phases   ] GC(614)   Evacuate Collection Set: 14.8ms
[2025-12-25T02:26:09.194+0000][gc,phases   ] GC(614)   Post Evacuate Collection Set: 1.2ms
[2025-12-25T02:26:09.194+0000][gc,phases   ] GC(614)   Other: 0.4ms
[2025-12-25T02:26:09.195+0000][gc,heap     ] GC(614) Eden regions: 598->0(599)
[2025-12-25T02:26:09.195+0000][gc,heap     ] GC(614) Survivor regions: 9->8(61)
[2025-12-25T02:26:09.195+0000][gc,heap     ] GC(614) Old regions: 205->206
[2025-12-25T02:26:09.195+0000][gc,heap     ] GC(614) Humongous regions: 151->151
[2025-12-25T02:26:09.195+0000][gc,metaspace] GC(614) Metaspace: 16087K(16448K)->16087K(16448K) NonClass: 14339K(14464K)->14339K(14464K) Class: 1748K(1984K)->1748K(1984K)
[2025-12-25T02:26:09.197+0000][gc          ] GC(614) Pause Young (Normal) (G1 Evacuation Pause) 962M->364M(1024M) 25.824ms
[2025-12-25T02:26:09.197+0000][gc,cpu      ] GC(614) User=0.13s Sys=0.01s Real=0.03s
[2025-12-25T02:26:39.343+0000][gc,start    ] GC(615) Pause Young (Normal) (G1 Evacuation Pause)
[2025-12-25T02:26:39.344+0000][gc,task     ] GC(615) Using 8 workers of 8 for evacuation
[2025-12-25T02:26:39.366+0000][gc,phases   ] GC(615)   Pre Evacuate Collection Set: 1.3ms
[2025-12-25T02:26:39.366+0000][gc,phases   ] GC(615)   Merge Heap Roots: 0.5ms
[2025-12-25T02:26:39.366+0000][gc,phases   ] GC(615)   Evacuate Collection Set: 19.1ms
[2025-12-25T02:26:39.366+0000][gc,phases   ] GC(615)   Post Evacuate Collection Set: 1.1ms
[2025-12-25T02:26:39.366+0000][gc,phases   ] GC(615)   Other: 0.3ms
[2025-12-25T02:26:39.366+0000][gc,heap     ] GC(615) Eden regions: 599->0(595)
[2025-12-25T02:26:39.366+0000][gc,heap     ] GC(615) Survivor regions: 8->10(60)
[2025-12-25T02:26:39.366+0000][gc,heap     ] GC(615) Old regions: 206->206
[2025-12-25T02:26:39.366+0000][gc,heap     ] GC(615) Humongous regions: 151->151
[2025-12-25T02:26:39.366+0000][gc,metaspace] GC(615) Metaspace: 16087K(16448K)->16087K(16448K) NonClass: 14339K(14464K)->14339K(14464K) Class: 1748K(1984K)->1748K(1984K)
[2025-12-25T02:26:39.366+0000][gc          ] GC(615) Pause Young (Normal) (G1 Evacuation Pause) 963M->366M(1024M) 23.275ms
[2025-12-25T02:26:39.366+0000][gc,cpu      ] GC(615) User=0.14s Sys=0.01s Real=0.02s
[2025-12-25T02:27:09.487+0000][gc,start    ] GC(616) Pause Young (Normal) (G1 Evacuation Pause)
[2025-12-25T02:27:09.488+0000][gc,task     ] GC(616) Using 8 workers of 8 for evacuation
[2025-12-25T02:27:09.502+0000][gc,phases   ] GC(616)   Pre Evacuate Collection Set: 1.1ms
[2025-12-25T02:27:09.502+0000][gc,phases   ] GC(616)   Merge Heap Roots: 0.4ms
[2025-12-25T02:27:09.502+0000][gc,phases   ] GC(616)   Evacuate Collection Set: 11.0ms
[2025-12-25T02:27:09.502+0000][gc,phases   ] GC(616)   Post Evacuate Collection Set: 1.1ms
[2025-12-25T02:27:09.502+0000][gc,phases   ] GC(616)   Other: 0.3ms
[2025-12-25T02:27:09.502+0000][gc,heap     ] GC(616) Eden regions: 595->0(593)
[2025-12-25T02:27:09.502+0000][gc,heap     ] GC(616) Survivor regions: 10->11(62)
[2025-12-25T02:27:09.502+0000][gc,heap     ] GC(616) Old regions: 206->206
[2025-12-25T02:27:09.502+0000][gc,heap     ] GC(616) Humongous regions: 151->151
[2025-12-25T02:27:09.502+0000][gc,metaspace] GC(616) Metaspace: 16087K(16448K)->16087K(16448K) NonClass: 14339K(14464K)->14339K(14464K) Class: 1748K(1984K)->1748K(1984K)
[2025-12-25T02:27:09.502+0000][gc          ] GC(616) Pause Young (Normal) (G1 Evacuation Pause) 961M->367M(1024M) 15.593ms
[2025-12-25T02:27:09.502+0000][gc,cpu      ] GC(616) User=0.09s Sys=0.00s Real=0.02s
[2025-12-25T02:27:39.604+0000][gc,start    ] GC(617) Pause Young (Normal) (G1 Evacuation Pause)
[2025-12-25T02:27:39.604+0000][gc,task     ] GC(617) Using 8 workers of 8 for evacuation
[2025-12-25T02:27:39.627+0000][gc,phases   ] GC(617)   Pre Evacuate Collection Set: 1.2ms
[2025-12-25T02:27:39.627+0000][gc,phases   ] GC(617)   Merge Heap Roots: 0.4ms
[2025-12-25T02:27:39.627+0000][gc,phases   ] GC(617)   Evacuate Collection Set: 17.5ms
[2025-12-25T02:27:39.627+0000][gc,phases   ] GC(617)   Post Evacuate Collection Set: 2.8ms
[2025-12-25T02:27:39.627+0000][gc,phases   ] GC(617)   Other: 0.4ms
[2025-12-25T02:27:39.627+0000][gc,heap     ] GC(617) Eden regions: 593->0(598)
[2025-12-25T02:27:39.627+0000][gc,heap     ] GC(617) Survivor regions: 11->8(63)
[2025-12-25T02:27:39.627+0000][gc,heap     ] GC(617) Old regions: 206->207
[2025-12-25T02:27:39.627+0000][gc,heap     ] GC(617) Humongous regions: 151->151
[2025-12-25T02:27:39.627+0000][gc,metaspace] GC(617) Metaspace: 16087K(16448K)->16087K(16448K) NonClass: 14339K(14464K)->14339K(14464K) Class: 1748K(1984K)->1748K(1984K)
[2025-12-25T02:27:39.627+0000][gc          ] GC(617) Pause Young (Normal) (G1 Evacuation Pause) 960M->364M(1024M) 23.637ms
[2025-12-25T02:27:39.628+0000][gc,cpu      ] GC(617) User=0.15s Sys=0.01s Real=0.02s
[2025-12-25T02:28:19.206+0000][gc,start    ] GC(618) Pause Young (Normal) (G1 Evacuation Pause)
[2025-12-25T02:28:19.207+0000][gc,task     ] GC(618) Using 8 workers of 8 for evacuation
[2025-12-25T02:28:19.227+0000][gc,phases   ] GC(618)   Pre Evacuate Collection Set: 2.2ms
[2025-12-25T02:28:19.227+0000][gc,phases   ] GC(618)   Merge Heap Roots: 1.8ms
[2025-12-25T02:28:19.227+0000][gc,phases   ] GC(618)   Evacuate Collection Set: 14.0ms
[2025-12-25T02:28:19.227+0000][gc,phases   ] GC(618)   Post Evacuate Collection Set: 1.1ms
[2025-12-25T02:28:19.227+0000][gc,phases   ] GC(618)   Other: 0.4ms
[2025-12-25T02:28:19.227+0000][gc,heap     ] GC(618) Eden regions: 598->0(598)
[2025-12-25T02:28:19.227+0000][gc,heap     ] GC(618) Survivor regions: 8->8(60)
[2025-12-25T02:28:19.227+0000][gc,heap     ] GC(618) Old regions: 207->207
[2025-12-25T02:28:19.227+0000][gc,heap     ] GC(618) Humongous regions: 151->151
[2025-12-25T02:28:19.227+0000][gc,metaspace] GC(618) Metaspace: 16087K(16448K)->16087K(16448K) NonClass: 14339K(14464K)->14339K(14464K) Class: 1748K(1984K)->1748K(1984K)
[2025-12-25T02:28:19.227+0000][gc          ] GC(618) Pause Young (Normal) (G1 Evacuation Pause) 962M->364M(1024M) 20.860ms
[2025-12-25T02:28:19.227+0000][gc,cpu      ] GC(618) User=0.12s Sys=0.00s Real=0.02s
[2025-12-25T02:28:49.344+0000][gc,start    ] GC(619) Pause Young (Normal) (G1 Evacuation Pause)
[2025-12-25T02:28:49.345+0000][gc,task     ] GC(619) Using 8 workers of 8 for evacuation
[2025-12-25T02:28:49.366+0000][gc,phases   ] GC(619)   Pre Evacuate Collection Set: 1.1ms
[2025-12-25T02:28:49.366+0000][gc,phases   ] GC(619)   Merge Heap Roots: 0.5ms
[2025-12-25T02:28:49.366+0000][gc,phases   ] GC(619)   Evacuate Collection Set: 17.6ms
[2025-12-25T02:28:49.366+0000][gc,phases   ] GC(619)   Post Evacuate Collection Set: 1.2ms
[2025-12-25T02:28:49.366+0000][gc,phases   ] GC(619)   Other: 0.7ms
[2025-12-25T02:28:49.366+0000][gc,heap     ] GC(619) Eden regions: 598->0(596)
[2025-12-25T02:28:49.366+0000][gc,heap     ] GC(619) Survivor regions: 8->9(60)
[2025-12-25T02:28:49.366+0000][gc,heap     ] GC(619) Old regions: 207->207
[2025-12-25T02:28:49.366+0000][gc,heap     ] GC(619) Humongous regions: 151->151
[2025-12-25T02:28:49.366+0000][gc,metaspace] GC(619) Metaspace: 16087K(16448K)->16087K(16448K) NonClass: 14339K(14464K)->14339K(14464K) Class: 1748K(1984K)->1748K(1984K)
[2025-12-25T02:28:49.367+0000][gc          ] GC(619) Pause Young (Normal) (G1 Evacuation Pause) 962M->366M(1024M) 22.343ms
[2025-12-25T02:28:49.367+0000][gc,cpu      ] GC(619) User=0.15s Sys=0.00s Real=0.02s
[2025-12-25T02:29:19.497+0000][gc,start    ] GC(620) Pause Young (Normal) (G1 Evacuation Pause)
[2025-12-25T02:29:19.498+0000][gc,task     ] GC(620) Using 8 workers of 8 for evacuation
[2025-12-25T02:29:19.516+0000][gc,phases   ] GC(620)   Pre Evacuate Collection Set: 2.2ms
[2025-12-25T02:29:19.516+0000][gc,phases   ] GC(620)   Merge Heap Roots: 0.8ms
[2025-12-25T02:29:19.516+0000][gc,phases   ] GC(620)   Evacuate Collection Set: 12.4ms
[2025-12-25T02:29:19.516+0000][gc,phases   ] GC(620)   Post Evacuate Collection Set: 2.1ms
[2025-12-25T02:29:19.516+0000][gc,phases   ] GC(620)   Other: 0.6ms
[2025-12-25T02:29:19.516+0000][gc,heap     ] GC(620) Eden regions: 596->0(593)
[2025-12-25T02:29:19.516+0000][gc,heap     ] GC(620) Survivor regions: 9->10(61)
[2025-12-25T02:29:19.516+0000][gc,heap     ] GC(620) Old regions: 207->208
[2025-12-25T02:29:19.516+0000][gc,heap     ] GC(620) Humongous regions: 151->151
[2025-12-25T02:29:19.517+0000][gc,metaspace] GC(620) Metaspace: 16087K(16448K)->16087K(16448K) NonClass: 14339K(14464K)->14339K(14464K) Class: 1748K(1984K)->1748K(1984K)
[2025-12-25T02:29:19.517+0000][gc          ] GC(620) Pause Young (Normal) (G1 Evacuation Pause) 962M->367M(1024M) 19.641ms
[2025-12-25T02:29:19.517+0000][gc,cpu      ] GC(620) User=0.12s Sys=0.00s Real=0.02s
[2025-12-25T02:29:49.619+0000][gc,start    ] GC(621) Pause Young (Normal) (G1 Evacuation Pause)
[2025-12-25T02:29:49.620+0000][gc,task     ] GC(621) Using 8 workers of 8 for evacuation
[2025-12-25T02:29:49.639+0000][gc,phases   ] GC(621)   Pre Evacuate Collection Set: 3.2ms
[2025-12-25T02:29:49.639+0000][gc,phases   ] GC(621)   Merge Heap Roots: 0.5ms
[2025-12-25T02:29:49.639+0000][gc,phases   ] GC(621)   Evacuate Collection Set: 13.4ms
[2025-12-25T02:29:49.639+0000][gc,phases   ] GC(621)   Post Evacuate Collection Set: 1.4ms
[2025-12-25T02:29:49.639+0000][gc,phases   ] GC(621)   Other: 0.5ms
[2025-12-25T02:29:49.639+0000][gc,heap     ] GC(621) Eden regions: 593->0(591)
[2025-12-25T02:29:49.639+0000][gc,heap     ] GC(621) Survivor regions: 10->11(62)
[2025-12-25T02:29:49.639+0000][gc,heap     ] GC(621) Old regions: 208->208
[2025-12-25T02:29:49.639+0000][gc,heap     ] GC(621) Humongous regions: 151->151
[2025-12-25T02:29:49.639+0000][gc,metaspace] GC(621) Metaspace: 16087K(16448K)->16087K(16448K) NonClass: 14339K(14464K)->14339K(14464K) Class: 1748K(1984K)->1748K(1984K)
[2025-12-25T02:29:49.639+0000][gc          ] GC(621) Pause Young (Normal) (G1 Evacuation Pause) 960M->369M(1024M) 20.379ms
[2025-12-25T02:29:49.639+0000][gc,cpu      ] GC(621) User=0.12s Sys=0.00s Real=0.02s
[2025-12-25T02:30:29.204+0000][gc,start    ] GC(622) Pause Young (Normal) (G1 Evacuation Pause)
[2025-12-25T02:30:29.204+0000][gc,task     ] GC(622) Using 8 workers of 8 for evacuation
[2025-12-25T02:30:29.221+0000][gc,phases   ] GC(622)   Pre Evacuate Collection Set: 1.4ms
[2025-12-25T02:30:29.221+0000][gc,phases   ] GC(622)   Merge Heap Roots: 0.4ms
[2025-12-25T02:30:29.221+0000][gc,phases   ] GC(622)   Evacuate Collection Set: 13.1ms
[2025-12-25T02:30:29.222+0000][gc,phases   ] GC(622)   Post Evacuate Collection Set: 1.3ms
[2025-12-25T02:30:29.222+0000][gc,phases   ] GC(622)   Other: 0.6ms
[2025-12-25T02:30:29.222+0000][gc,heap     ] GC(622) Eden regions: 591->0(599)
[2025-12-25T02:30:29.222+0000][gc,heap     ] GC(622) Survivor regions: 11->7(63)
[2025-12-25T02:30:29.222+0000][gc,heap     ] GC(622) Old regions: 208->208
[2025-12-25T02:30:29.222+0000][gc,heap     ] GC(622) Humongous regions: 151->151
[2025-12-25T02:30:29.222+0000][gc,metaspace] GC(622) Metaspace: 16089K(16448K)->16089K(16448K) NonClass: 14340K(14464K)->14340K(14464K) Class: 1748K(1984K)->1748K(1984K)
[2025-12-25T02:30:29.222+0000][gc          ] GC(622) Pause Young (Normal) (G1 Evacuation Pause) 960M->365M(1024M) 18.280ms
[2025-12-25T02:30:29.222+0000][gc,cpu      ] GC(622) User=0.09s Sys=0.01s Real=0.02s
[2025-12-25T02:30:59.694+0000][gc,start    ] GC(623) Pause Young (Normal) (G1 Evacuation Pause)
[2025-12-25T02:30:59.700+0000][gc,task     ] GC(623) Using 8 workers of 8 for evacuation
[2025-12-25T02:30:59.753+0000][gc,phases   ] GC(623)   Pre Evacuate Collection Set: 7.0ms
[2025-12-25T02:30:59.754+0000][gc,phases   ] GC(623)   Merge Heap Roots: 1.0ms
[2025-12-25T02:30:59.754+0000][gc,phases   ] GC(623)   Evacuate Collection Set: 37.8ms
[2025-12-25T02:30:59.754+0000][gc,phases   ] GC(623)   Post Evacuate Collection Set: 3.9ms
[2025-12-25T02:30:59.754+0000][gc,phases   ] GC(623)   Other: 6.1ms
[2025-12-25T02:30:59.754+0000][gc,heap     ] GC(623) Eden regions: 599->0(596)
[2025-12-25T02:30:59.754+0000][gc,heap     ] GC(623) Survivor regions: 7->8(59)
[2025-12-25T02:30:59.754+0000][gc,heap     ] GC(623) Old regions: 208->209
[2025-12-25T02:30:59.754+0000][gc,heap     ] GC(623) Humongous regions: 151->151
[2025-12-25T02:30:59.754+0000][gc,metaspace] GC(623) Metaspace: 16092K(16448K)->16092K(16448K) NonClass: 14343K(14464K)->14343K(14464K) Class: 1748K(1984K)->1748K(1984K)
[2025-12-25T02:30:59.754+0000][gc          ] GC(623) Pause Young (Normal) (G1 Evacuation Pause) 964M->367M(1024M) 60.761ms
[2025-12-25T02:30:59.754+0000][gc,cpu      ] GC(623) User=0.30s Sys=0.04s Real=0.06s
[2025-12-25T02:31:29.538+0000][gc,start    ] GC(624) Pause Young (Normal) (G1 Evacuation Pause)
[2025-12-25T02:31:29.538+0000][gc,task     ] GC(624) Using 8 workers of 8 for evacuation
[2025-12-25T02:31:29.560+0000][gc,phases   ] GC(624)   Pre Evacuate Collection Set: 1.2ms
[2025-12-25T02:31:29.560+0000][gc,phases   ] GC(624)   Merge Heap Roots: 0.4ms
[2025-12-25T02:31:29.560+0000][gc,phases   ] GC(624)   Evacuate Collection Set: 18.1ms
[2025-12-25T02:31:29.560+0000][gc,phases   ] GC(624)   Post Evacuate Collection Set: 1.1ms
[2025-12-25T02:31:29.560+0000][gc,phases   ] GC(624)   Other: 0.6ms
[2025-12-25T02:31:29.560+0000][gc,heap     ] GC(624) Eden regions: 596->0(592)
[2025-12-25T02:31:29.560+0000][gc,heap     ] GC(624) Survivor regions: 8->10(60)
[2025-12-25T02:31:29.560+0000][gc,heap     ] GC(624) Old regions: 209->209
[2025-12-25T02:31:29.560+0000][gc,heap     ] GC(624) Humongous regions: 151->151
[2025-12-25T02:31:29.560+0000][gc,metaspace] GC(624) Metaspace: 16092K(16448K)->16092K(16448K) NonClass: 14343K(14464K)->14343K(14464K) Class: 1748K(1984K)->1748K(1984K)
[2025-12-25T02:31:29.561+0000][gc          ] GC(624) Pause Young (Normal) (G1 Evacuation Pause) 963M->369M(1024M) 22.738ms
[2025-12-25T02:31:29.561+0000][gc,cpu      ] GC(624) User=0.15s Sys=0.00s Real=0.02s
[2025-12-25T02:32:00.049+0000][gc,start    ] GC(625) Pause Young (Normal) (G1 Evacuation Pause)
[2025-12-25T02:32:00.050+0000][gc,task     ] GC(625) Using 8 workers of 8 for evacuation
[2025-12-25T02:32:00.072+0000][gc,phases   ] GC(625)   Pre Evacuate Collection Set: 1.5ms
[2025-12-25T02:32:00.072+0000][gc,phases   ] GC(625)   Merge Heap Roots: 0.5ms
[2025-12-25T02:32:00.072+0000][gc,phases   ] GC(625)   Evacuate Collection Set: 17.4ms
[2025-12-25T02:32:00.072+0000][gc,phases   ] GC(625)   Post Evacuate Collection Set: 1.6ms
[2025-12-25T02:32:00.072+0000][gc,phases   ] GC(625)   Other: 0.5ms
[2025-12-25T02:32:00.072+0000][gc,heap     ] GC(625) Eden regions: 592->0(596)
[2025-12-25T02:32:00.072+0000][gc,heap     ] GC(625) Survivor regions: 10->8(62)
[2025-12-25T02:32:00.072+0000][gc,heap     ] GC(625) Old regions: 209->209
[2025-12-25T02:32:00.072+0000][gc,heap     ] GC(625) Humongous regions: 151->151
[2025-12-25T02:32:00.072+0000][gc,metaspace] GC(625) Metaspace: 16098K(16448K)->16098K(16448K) NonClass: 14349K(14464K)->14349K(14464K) Class: 1748K(1984K)->1748K(1984K)
[2025-12-25T02:32:00.072+0000][gc          ] GC(625) Pause Young (Normal) (G1 Evacuation Pause) 961M->367M(1024M) 22.894ms
[2025-12-25T02:32:00.072+0000][gc,cpu      ] GC(625) User=0.15s Sys=0.00s Real=0.03s
[2025-12-25T02:32:39.281+0000][gc,start    ] GC(626) Pause Young (Normal) (G1 Evacuation Pause)
[2025-12-25T02:32:39.283+0000][gc,task     ] GC(626) Using 8 workers of 8 for evacuation
[2025-12-25T02:32:39.343+0000][gc,phases   ] GC(626)   Pre Evacuate Collection Set: 4.6ms
[2025-12-25T02:32:39.343+0000][gc,phases   ] GC(626)   Merge Heap Roots: 1.4ms
[2025-12-25T02:32:39.343+0000][gc,phases   ] GC(626)   Evacuate Collection Set: 46.8ms
[2025-12-25T02:32:39.343+0000][gc,phases   ] GC(626)   Post Evacuate Collection Set: 6.5ms
[2025-12-25T02:32:39.343+0000][gc,phases   ] GC(626)   Other: 0.8ms
[2025-12-25T02:32:39.343+0000][gc,heap     ] GC(626) Eden regions: 596->0(591)
[2025-12-25T02:32:39.343+0000][gc,heap     ] GC(626) Survivor regions: 8->10(60)
[2025-12-25T02:32:39.343+0000][gc,heap     ] GC(626) Old regions: 209->210
[2025-12-25T02:32:39.343+0000][gc,heap     ] GC(626) Humongous regions: 151->151
[2025-12-25T02:32:39.343+0000][gc,metaspace] GC(626) Metaspace: 16098K(16448K)->16098K(16448K) NonClass: 14349K(14464K)->14349K(14464K) Class: 1748K(1984K)->1748K(1984K)
[2025-12-25T02:32:39.343+0000][gc          ] GC(626) Pause Young (Normal) (G1 Evacuation Pause) 963M->369M(1024M) 62.297ms
[2025-12-25T02:32:39.343+0000][gc,cpu      ] GC(626) User=0.37s Sys=0.01s Real=0.06s
[2025-12-25T02:33:09.402+0000][gc,start    ] GC(627) Pause Young (Normal) (G1 Evacuation Pause)
[2025-12-25T02:33:09.404+0000][gc,task     ] GC(627) Using 8 workers of 8 for evacuation
[2025-12-25T02:33:09.414+0000][gc,phases   ] GC(627)   Pre Evacuate Collection Set: 1.2ms
[2025-12-25T02:33:09.414+0000][gc,phases   ] GC(627)   Merge Heap Roots: 0.4ms
[2025-12-25T02:33:09.414+0000][gc,phases   ] GC(627)   Evacuate Collection Set: 7.5ms
[2025-12-25T02:33:09.415+0000][gc,phases   ] GC(627)   Post Evacuate Collection Set: 1.1ms
[2025-12-25T02:33:09.415+0000][gc,phases   ] GC(627)   Other: 0.4ms
[2025-12-25T02:33:09.415+0000][gc,heap     ] GC(627) Eden regions: 591->0(597)
[2025-12-25T02:33:09.415+0000][gc,heap     ] GC(627) Survivor regions: 10->7(62)
[2025-12-25T02:33:09.415+0000][gc,heap     ] GC(627) Old regions: 210->210
[2025-12-25T02:33:09.415+0000][gc,heap     ] GC(627) Humongous regions: 151->151
[2025-12-25T02:33:09.415+0000][gc,metaspace] GC(627) Metaspace: 16098K(16448K)->16098K(16448K) NonClass: 14349K(14464K)->14349K(14464K) Class: 1748K(1984K)->1748K(1984K)
[2025-12-25T02:33:09.415+0000][gc          ] GC(627) Pause Young (Normal) (G1 Evacuation Pause) 960M->367M(1024M) 12.394ms
[2025-12-25T02:33:09.415+0000][gc,cpu      ] GC(627) User=0.07s Sys=0.00s Real=0.01s
[2025-12-25T02:33:39.668+0000][gc,start    ] GC(628) Pause Young (Normal) (G1 Evacuation Pause)
[2025-12-25T02:33:39.669+0000][gc,task     ] GC(628) Using 8 workers of 8 for evacuation
[2025-12-25T02:33:39.687+0000][gc,phases   ] GC(628)   Pre Evacuate Collection Set: 1.6ms
[2025-12-25T02:33:39.687+0000][gc,phases   ] GC(628)   Merge Heap Roots: 0.5ms
[2025-12-25T02:33:39.687+0000][gc,phases   ] GC(628)   Evacuate Collection Set: 13.3ms
[2025-12-25T02:33:39.687+0000][gc,phases   ] GC(628)   Post Evacuate Collection Set: 1.5ms
[2025-12-25T02:33:39.687+0000][gc,phases   ] GC(628)   Other: 0.7ms
[2025-12-25T02:33:39.687+0000][gc,heap     ] GC(628) Eden regions: 597->0(593)
[2025-12-25T02:33:39.687+0000][gc,heap     ] GC(628) Survivor regions: 7->9(59)
[2025-12-25T02:33:39.687+0000][gc,heap     ] GC(628) Old regions: 210->210
[2025-12-25T02:33:39.687+0000][gc,heap     ] GC(628) Humongous regions: 151->151
[2025-12-25T02:33:39.687+0000][gc,metaspace] GC(628) Metaspace: 16098K(16448K)->16098K(16448K) NonClass: 14349K(14464K)->14349K(14464K) Class: 1748K(1984K)->1748K(1984K)
[2025-12-25T02:33:39.687+0000][gc          ] GC(628) Pause Young (Normal) (G1 Evacuation Pause) 964M->369M(1024M) 18.910ms
[2025-12-25T02:33:39.687+0000][gc,cpu      ] GC(628) User=0.11s Sys=0.01s Real=0.02s
[2025-12-25T02:34:09.963+0000][gc,start    ] GC(629) Pause Young (Normal) (G1 Evacuation Pause)
[2025-12-25T02:34:09.965+0000][gc,task     ] GC(629) Using 8 workers of 8 for evacuation
[2025-12-25T02:34:09.986+0000][gc,phases   ] GC(629)   Pre Evacuate Collection Set: 5.3ms
[2025-12-25T02:34:09.986+0000][gc,phases   ] GC(629)   Merge Heap Roots: 0.7ms
[2025-12-25T02:34:09.987+0000][gc,phases   ] GC(629)   Evacuate Collection Set: 12.7ms
[2025-12-25T02:34:09.987+0000][gc,phases   ] GC(629)   Post Evacuate Collection Set: 2.2ms
[2025-12-25T02:34:09.987+0000][gc,phases   ] GC(629)   Other: 1.1ms
[2025-12-25T02:34:09.987+0000][gc,heap     ] GC(629) Eden regions: 593->0(594)
[2025-12-25T02:34:09.987+0000][gc,heap     ] GC(629) Survivor regions: 9->8(61)
[2025-12-25T02:34:09.987+0000][gc,heap     ] GC(629) Old regions: 210->211
[2025-12-25T02:34:09.987+0000][gc,heap     ] GC(629) Humongous regions: 151->151
[2025-12-25T02:34:09.987+0000][gc,metaspace] GC(629) Metaspace: 16098K(16448K)->16098K(16448K) NonClass: 14349K(14464K)->14349K(14464K) Class: 1748K(1984K)->1748K(1984K)
[2025-12-25T02:34:09.987+0000][gc          ] GC(629) Pause Young (Normal) (G1 Evacuation Pause) 962M->368M(1024M) 24.583ms
[2025-12-25T02:34:09.987+0000][gc,cpu      ] GC(629) User=0.10s Sys=0.00s Real=0.02s
[2025-12-25T02:34:49.214+0000][gc,start    ] GC(630) Pause Young (Normal) (G1 Evacuation Pause)
[2025-12-25T02:34:49.215+0000][gc,task     ] GC(630) Using 8 workers of 8 for evacuation
[2025-12-25T02:34:49.233+0000][gc,phases   ] GC(630)   Pre Evacuate Collection Set: 1.1ms
[2025-12-25T02:34:49.233+0000][gc,phases   ] GC(630)   Merge Heap Roots: 0.3ms
[2025-12-25T02:34:49.233+0000][gc,phases   ] GC(630)   Evacuate Collection Set: 14.5ms
[2025-12-25T02:34:49.233+0000][gc,phases   ] GC(630)   Post Evacuate Collection Set: 1.8ms
[2025-12-25T02:34:49.233+0000][gc,phases   ] GC(630)   Other: 0.5ms
[2025-12-25T02:34:49.233+0000][gc,heap     ] GC(630) Eden regions: 594->0(592)
[2025-12-25T02:34:49.233+0000][gc,heap     ] GC(630) Survivor regions: 8->9(60)
[2025-12-25T02:34:49.233+0000][gc,heap     ] GC(630) Old regions: 211->211
[2025-12-25T02:34:49.233+0000][gc,heap     ] GC(630) Humongous regions: 151->151
[2025-12-25T02:34:49.233+0000][gc,metaspace] GC(630) Metaspace: 16098K(16448K)->16098K(16448K) NonClass: 14349K(14464K)->14349K(14464K) Class: 1748K(1984K)->1748K(1984K)
[2025-12-25T02:34:49.233+0000][gc          ] GC(630) Pause Young (Normal) (G1 Evacuation Pause) 962M->369M(1024M) 19.579ms
[2025-12-25T02:34:49.233+0000][gc,cpu      ] GC(630) User=0.11s Sys=0.00s Real=0.02s
[2025-12-25T02:35:19.343+0000][gc,start    ] GC(631) Pause Young (Normal) (G1 Evacuation Pause)
[2025-12-25T02:35:19.344+0000][gc,task     ] GC(631) Using 8 workers of 8 for evacuation
[2025-12-25T02:35:19.370+0000][gc,phases   ] GC(631)   Pre Evacuate Collection Set: 4.2ms
[2025-12-25T02:35:19.370+0000][gc,phases   ] GC(631)   Merge Heap Roots: 1.6ms
[2025-12-25T02:35:19.370+0000][gc,phases   ] GC(631)   Evacuate Collection Set: 18.2ms
[2025-12-25T02:35:19.370+0000][gc,phases   ] GC(631)   Post Evacuate Collection Set: 1.4ms
[2025-12-25T02:35:19.370+0000][gc,phases   ] GC(631)   Other: 0.8ms
[2025-12-25T02:35:19.370+0000][gc,heap     ] GC(631) Eden regions: 592->0(590)
[2025-12-25T02:35:19.370+0000][gc,heap     ] GC(631) Survivor regions: 9->10(61)
[2025-12-25T02:35:19.370+0000][gc,heap     ] GC(631) Old regions: 211->211
[2025-12-25T02:35:19.370+0000][gc,heap     ] GC(631) Humongous regions: 151->151
[2025-12-25T02:35:19.370+0000][gc,metaspace] GC(631) Metaspace: 16098K(16448K)->16098K(16448K) NonClass: 14349K(14464K)->14349K(14464K) Class: 1748K(1984K)->1748K(1984K)
[2025-12-25T02:35:19.371+0000][gc          ] GC(631) Pause Young (Normal) (G1 Evacuation Pause) 961M->371M(1024M) 27.531ms
[2025-12-25T02:35:19.371+0000][gc,cpu      ] GC(631) User=0.17s Sys=0.00s Real=0.03s
[2025-12-25T02:35:49.529+0000][gc,start    ] GC(632) Pause Young (Normal) (G1 Evacuation Pause)
[2025-12-25T02:35:49.529+0000][gc,task     ] GC(632) Using 8 workers of 8 for evacuation
[2025-12-25T02:35:49.547+0000][gc,phases   ] GC(632)   Pre Evacuate Collection Set: 2.3ms
[2025-12-25T02:35:49.547+0000][gc,phases   ] GC(632)   Merge Heap Roots: 1.3ms
[2025-12-25T02:35:49.547+0000][gc,phases   ] GC(632)   Evacuate Collection Set: 9.8ms
[2025-12-25T02:35:49.547+0000][gc,phases   ] GC(632)   Post Evacuate Collection Set: 3.4ms
[2025-12-25T02:35:49.547+0000][gc,phases   ] GC(632)   Other: 0.3ms
[2025-12-25T02:35:49.547+0000][gc,heap     ] GC(632) Eden regions: 590->0(593)
[2025-12-25T02:35:49.547+0000][gc,heap     ] GC(632) Survivor regions: 10->8(62)
[2025-12-25T02:35:49.547+0000][gc,heap     ] GC(632) Old regions: 211->212
[2025-12-25T02:35:49.547+0000][gc,heap     ] GC(632) Humongous regions: 151->151
[2025-12-25T02:35:49.547+0000][gc,metaspace] GC(632) Metaspace: 16098K(16448K)->16098K(16448K) NonClass: 14349K(14464K)->14349K(14464K) Class: 1748K(1984K)->1748K(1984K)
[2025-12-25T02:35:49.547+0000][gc          ] GC(632) Pause Young (Normal) (G1 Evacuation Pause) 961M->369M(1024M) 18.205ms
[2025-12-25T02:35:49.547+0000][gc,cpu      ] GC(632) User=0.10s Sys=0.00s Real=0.01s
[2025-12-25T02:36:19.743+0000][gc,start    ] GC(633) Pause Young (Normal) (G1 Evacuation Pause)
[2025-12-25T02:36:19.744+0000][gc,task     ] GC(633) Using 8 workers of 8 for evacuation
[2025-12-25T02:36:19.769+0000][gc,phases   ] GC(633)   Pre Evacuate Collection Set: 1.5ms
[2025-12-25T02:36:19.769+0000][gc,phases   ] GC(633)   Merge Heap Roots: 0.3ms
[2025-12-25T02:36:19.769+0000][gc,phases   ] GC(633)   Evacuate Collection Set: 20.8ms
[2025-12-25T02:36:19.770+0000][gc,phases   ] GC(633)   Post Evacuate Collection Set: 2.1ms
[2025-12-25T02:36:19.770+0000][gc,phases   ] GC(633)   Other: 0.6ms
[2025-12-25T02:36:19.770+0000][gc,heap     ] GC(633) Eden regions: 593->0(591)
[2025-12-25T02:36:19.770+0000][gc,heap     ] GC(633) Survivor regions: 8->9(60)
[2025-12-25T02:36:19.770+0000][gc,heap     ] GC(633) Old regions: 212->212
[2025-12-25T02:36:19.771+0000][gc,heap     ] GC(633) Humongous regions: 151->151
[2025-12-25T02:36:19.771+0000][gc,metaspace] GC(633) Metaspace: 16098K(16448K)->16098K(16448K) NonClass: 14349K(14464K)->14349K(14464K) Class: 1748K(1984K)->1748K(1984K)
[2025-12-25T02:36:19.771+0000][gc          ] GC(633) Pause Young (Normal) (G1 Evacuation Pause) 962M->370M(1024M) 27.688ms
[2025-12-25T02:36:19.771+0000][gc,cpu      ] GC(633) User=0.16s Sys=0.00s Real=0.03s
[2025-12-25T02:36:59.154+0000][gc,start    ] GC(634) Pause Young (Normal) (G1 Evacuation Pause)
[2025-12-25T02:36:59.154+0000][gc,task     ] GC(634) Using 8 workers of 8 for evacuation
[2025-12-25T02:36:59.171+0000][gc,phases   ] GC(634)   Pre Evacuate Collection Set: 1.1ms
[2025-12-25T02:36:59.171+0000][gc,phases   ] GC(634)   Merge Heap Roots: 0.3ms
[2025-12-25T02:36:59.171+0000][gc,phases   ] GC(634)   Evacuate Collection Set: 14.4ms
[2025-12-25T02:36:59.172+0000][gc,phases   ] GC(634)   Post Evacuate Collection Set: 1.1ms
[2025-12-25T02:36:59.172+0000][gc,phases   ] GC(634)   Other: 0.3ms
[2025-12-25T02:36:59.172+0000][gc,heap     ] GC(634) Eden regions: 591->0(593)
[2025-12-25T02:36:59.172+0000][gc,heap     ] GC(634) Survivor regions: 9->8(61)
[2025-12-25T02:36:59.172+0000][gc,heap     ] GC(634) Old regions: 212->212
[2025-12-25T02:36:59.172+0000][gc,heap     ] GC(634) Humongous regions: 151->151
[2025-12-25T02:36:59.172+0000][gc,metaspace] GC(634) Metaspace: 16100K(16448K)->16100K(16448K) NonClass: 14351K(14464K)->14351K(14464K) Class: 1748K(1984K)->1748K(1984K)
[2025-12-25T02:36:59.172+0000][gc          ] GC(634) Pause Young (Normal) (G1 Evacuation Pause) 961M->370M(1024M) 18.455ms
[2025-12-25T02:36:59.172+0000][gc,cpu      ] GC(634) User=0.12s Sys=0.00s Real=0.02s
[2025-12-25T02:37:29.359+0000][gc,start    ] GC(635) Pause Young (Normal) (G1 Evacuation Pause)
[2025-12-25T02:37:29.359+0000][gc,task     ] GC(635) Using 8 workers of 8 for evacuation
[2025-12-25T02:37:29.392+0000][gc,phases   ] GC(635)   Pre Evacuate Collection Set: 1.2ms
[2025-12-25T02:37:29.392+0000][gc,phases   ] GC(635)   Merge Heap Roots: 0.4ms
[2025-12-25T02:37:29.393+0000][gc,phases   ] GC(635)   Evacuate Collection Set: 25.9ms
[2025-12-25T02:37:29.393+0000][gc,phases   ] GC(635)   Post Evacuate Collection Set: 4.8ms
[2025-12-25T02:37:29.393+0000][gc,phases   ] GC(635)   Other: 0.3ms
[2025-12-25T02:37:29.394+0000][gc,heap     ] GC(635) Eden regions: 593->0(590)
[2025-12-25T02:37:29.394+0000][gc,heap     ] GC(635) Survivor regions: 8->9(60)
[2025-12-25T02:37:29.394+0000][gc,heap     ] GC(635) Old regions: 212->213
[2025-12-25T02:37:29.394+0000][gc,heap     ] GC(635) Humongous regions: 151->151
[2025-12-25T02:37:29.394+0000][gc,metaspace] GC(635) Metaspace: 16100K(16448K)->16100K(16448K) NonClass: 14351K(14464K)->14351K(14464K) Class: 1748K(1984K)->1748K(1984K)
[2025-12-25T02:37:29.395+0000][gc          ] GC(635) Pause Young (Normal) (G1 Evacuation Pause) 963M->371M(1024M) 36.514ms
[2025-12-25T02:37:29.395+0000][gc,cpu      ] GC(635) User=0.10s Sys=0.00s Real=0.04s
[2025-12-25T02:37:59.495+0000][gc,start    ] GC(636) Pause Young (Normal) (G1 Evacuation Pause)
[2025-12-25T02:37:59.496+0000][gc,task     ] GC(636) Using 8 workers of 8 for evacuation
[2025-12-25T02:37:59.516+0000][gc,phases   ] GC(636)   Pre Evacuate Collection Set: 3.2ms
[2025-12-25T02:37:59.516+0000][gc,phases   ] GC(636)   Merge Heap Roots: 0.8ms
[2025-12-25T02:37:59.516+0000][gc,phases   ] GC(636)   Evacuate Collection Set: 14.5ms
[2025-12-25T02:37:59.516+0000][gc,phases   ] GC(636)   Post Evacuate Collection Set: 1.1ms
[2025-12-25T02:37:59.516+0000][gc,phases   ] GC(636)   Other: 0.3ms
[2025-12-25T02:37:59.516+0000][gc,heap     ] GC(636) Eden regions: 590->0(588)
[2025-12-25T02:37:59.516+0000][gc,heap     ] GC(636) Survivor regions: 9->10(61)
[2025-12-25T02:37:59.516+0000][gc,heap     ] GC(636) Old regions: 213->213
[2025-12-25T02:37:59.517+0000][gc,heap     ] GC(636) Humongous regions: 151->151
[2025-12-25T02:37:59.517+0000][gc,metaspace] GC(636) Metaspace: 16100K(16448K)->16100K(16448K) NonClass: 14351K(14464K)->14351K(14464K) Class: 1748K(1984K)->1748K(1984K)
[2025-12-25T02:37:59.517+0000][gc          ] GC(636) Pause Young (Normal) (G1 Evacuation Pause) 961M->373M(1024M) 21.263ms
[2025-12-25T02:37:59.517+0000][gc,cpu      ] GC(636) User=0.14s Sys=0.00s Real=0.02s
[2025-12-25T02:38:29.654+0000][gc,start    ] GC(637) Pause Young (Normal) (G1 Evacuation Pause)
[2025-12-25T02:38:29.654+0000][gc,task     ] GC(637) Using 8 workers of 8 for evacuation
[2025-12-25T02:38:29.671+0000][gc,phases   ] GC(637)   Pre Evacuate Collection Set: 1.2ms
[2025-12-25T02:38:29.671+0000][gc,phases   ] GC(637)   Merge Heap Roots: 0.4ms
[2025-12-25T02:38:29.671+0000][gc,phases   ] GC(637)   Evacuate Collection Set: 11.7ms
[2025-12-25T02:38:29.671+0000][gc,phases   ] GC(637)   Post Evacuate Collection Set: 2.6ms
[2025-12-25T02:38:29.671+0000][gc,phases   ] GC(637)   Other: 0.5ms
[2025-12-25T02:38:29.671+0000][gc,heap     ] GC(637) Eden regions: 588->0(592)
[2025-12-25T02:38:29.671+0000][gc,heap     ] GC(637) Survivor regions: 10->8(62)
[2025-12-25T02:38:29.671+0000][gc,heap     ] GC(637) Old regions: 213->213
[2025-12-25T02:38:29.671+0000][gc,heap     ] GC(637) Humongous regions: 151->151
[2025-12-25T02:38:29.671+0000][gc,metaspace] GC(637) Metaspace: 16100K(16448K)->16100K(16448K) NonClass: 14351K(14464K)->14351K(14464K) Class: 1748K(1984K)->1748K(1984K)
[2025-12-25T02:38:29.671+0000][gc          ] GC(637) Pause Young (Normal) (G1 Evacuation Pause) 961M->371M(1024M) 17.633ms
[2025-12-25T02:38:29.671+0000][gc,cpu      ] GC(637) User=0.09s Sys=0.00s Real=0.02s
[2025-12-25T02:39:09.104+0000][gc,start    ] GC(638) Pause Young (Normal) (G1 Evacuation Pause)
[2025-12-25T02:39:09.105+0000][gc,task     ] GC(638) Using 8 workers of 8 for evacuation
[2025-12-25T02:39:09.121+0000][gc,phases   ] GC(638)   Pre Evacuate Collection Set: 1.2ms
[2025-12-25T02:39:09.121+0000][gc,phases   ] GC(638)   Merge Heap Roots: 0.4ms
[2025-12-25T02:39:09.121+0000][gc,phases   ] GC(638)   Evacuate Collection Set: 12.4ms
[2025-12-25T02:39:09.121+0000][gc,phases   ] GC(638)   Post Evacuate Collection Set: 1.2ms
[2025-12-25T02:39:09.121+0000][gc,phases   ] GC(638)   Other: 0.3ms
[2025-12-25T02:39:09.121+0000][gc,heap     ] GC(638) Eden regions: 592->0(593)
[2025-12-25T02:39:09.121+0000][gc,heap     ] GC(638) Survivor regions: 8->7(60)
[2025-12-25T02:39:09.121+0000][gc,heap     ] GC(638) Old regions: 213->214
[2025-12-25T02:39:09.121+0000][gc,heap     ] GC(638) Humongous regions: 151->151
[2025-12-25T02:39:09.121+0000][gc,metaspace] GC(638) Metaspace: 16100K(16448K)->16100K(16448K) NonClass: 14351K(14464K)->14351K(14464K) Class: 1748K(1984K)->1748K(1984K)
[2025-12-25T02:39:09.121+0000][gc          ] GC(638) Pause Young (Normal) (G1 Evacuation Pause) 963M->370M(1024M) 16.697ms
[2025-12-25T02:39:09.121+0000][gc,cpu      ] GC(638) User=0.11s Sys=0.00s Real=0.01s
[2025-12-25T02:39:39.288+0000][gc,start    ] GC(639) Pause Young (Normal) (G1 Evacuation Pause)
[2025-12-25T02:39:39.288+0000][gc,task     ] GC(639) Using 8 workers of 8 for evacuation
[2025-12-25T02:39:39.311+0000][gc,phases   ] GC(639)   Pre Evacuate Collection Set: 1.1ms
[2025-12-25T02:39:39.311+0000][gc,phases   ] GC(639)   Merge Heap Roots: 0.4ms
[2025-12-25T02:39:39.311+0000][gc,phases   ] GC(639)   Evacuate Collection Set: 19.0ms
[2025-12-25T02:39:39.311+0000][gc,phases   ] GC(639)   Post Evacuate Collection Set: 2.1ms
[2025-12-25T02:39:39.311+0000][gc,phases   ] GC(639)   Other: 0.4ms
[2025-12-25T02:39:39.311+0000][gc,heap     ] GC(639) Eden regions: 593->0(591)
[2025-12-25T02:39:39.312+0000][gc,heap     ] GC(639) Survivor regions: 7->8(59)
[2025-12-25T02:39:39.312+0000][gc,heap     ] GC(639) Old regions: 214->214
[2025-12-25T02:39:39.312+0000][gc,heap     ] GC(639) Humongous regions: 151->151
[2025-12-25T02:39:39.312+0000][gc,metaspace] GC(639) Metaspace: 16100K(16448K)->16100K(16448K) NonClass: 14351K(14464K)->14351K(14464K) Class: 1748K(1984K)->1748K(1984K)
[2025-12-25T02:39:39.312+0000][gc          ] GC(639) Pause Young (Normal) (G1 Evacuation Pause) 963M->372M(1024M) 24.092ms
[2025-12-25T02:39:39.312+0000][gc,cpu      ] GC(639) User=0.15s Sys=0.00s Real=0.02s
[2025-12-25T02:40:09.307+0000][gc,start    ] GC(640) Pause Young (Normal) (G1 Evacuation Pause)
[2025-12-25T02:40:09.308+0000][gc,task     ] GC(640) Using 8 workers of 8 for evacuation
[2025-12-25T02:40:09.324+0000][gc,phases   ] GC(640)   Pre Evacuate Collection Set: 1.0ms
[2025-12-25T02:40:09.324+0000][gc,phases   ] GC(640)   Merge Heap Roots: 0.4ms
[2025-12-25T02:40:09.324+0000][gc,phases   ] GC(640)   Evacuate Collection Set: 12.8ms
[2025-12-25T02:40:09.324+0000][gc,phases   ] GC(640)   Post Evacuate Collection Set: 1.2ms
[2025-12-25T02:40:09.325+0000][gc,phases   ] GC(640)   Other: 0.6ms
[2025-12-25T02:40:09.325+0000][gc,heap     ] GC(640) Eden regions: 591->0(587)
[2025-12-25T02:40:09.325+0000][gc,heap     ] GC(640) Survivor regions: 8->10(60)
[2025-12-25T02:40:09.325+0000][gc,heap     ] GC(640) Old regions: 214->214
[2025-12-25T02:40:09.325+0000][gc,heap     ] GC(640) Humongous regions: 151->151
[2025-12-25T02:40:09.325+0000][gc,metaspace] GC(640) Metaspace: 16101K(16448K)->16101K(16448K) NonClass: 14352K(14464K)->14352K(14464K) Class: 1748K(1984K)->1748K(1984K)
[2025-12-25T02:40:09.325+0000][gc          ] GC(640) Pause Young (Normal) (G1 Evacuation Pause) 963M->374M(1024M) 18.263ms
[2025-12-25T02:40:09.325+0000][gc,cpu      ] GC(640) User=0.10s Sys=0.00s Real=0.02s
[2025-12-25T02:40:39.425+0000][gc,start    ] GC(641) Pause Young (Normal) (G1 Evacuation Pause)
[2025-12-25T02:40:39.426+0000][gc,task     ] GC(641) Using 8 workers of 8 for evacuation
[2025-12-25T02:40:39.452+0000][gc,phases   ] GC(641)   Pre Evacuate Collection Set: 1.2ms
[2025-12-25T02:40:39.452+0000][gc,phases   ] GC(641)   Merge Heap Roots: 0.4ms
[2025-12-25T02:40:39.452+0000][gc,phases   ] GC(641)   Evacuate Collection Set: 22.8ms
[2025-12-25T02:40:39.452+0000][gc,phases   ] GC(641)   Post Evacuate Collection Set: 1.5ms
[2025-12-25T02:40:39.452+0000][gc,phases   ] GC(641)   Other: 0.6ms
[2025-12-25T02:40:39.453+0000][gc,heap     ] GC(641) Eden regions: 587->0(586)
[2025-12-25T02:40:39.453+0000][gc,heap     ] GC(641) Survivor regions: 10->10(62)
[2025-12-25T02:40:39.453+0000][gc,heap     ] GC(641) Old regions: 214->215
[2025-12-25T02:40:39.453+0000][gc,heap     ] GC(641) Humongous regions: 151->151
[2025-12-25T02:40:39.453+0000][gc,metaspace] GC(641) Metaspace: 16101K(16448K)->16101K(16448K) NonClass: 14352K(14464K)->14352K(14464K) Class: 1748K(1984K)->1748K(1984K)
[2025-12-25T02:40:39.453+0000][gc          ] GC(641) Pause Young (Normal) (G1 Evacuation Pause) 961M->375M(1024M) 28.145ms
[2025-12-25T02:40:39.453+0000][gc,cpu      ] GC(641) User=0.15s Sys=0.03s Real=0.03s
[2025-12-25T02:41:11.306+0000][gc,start    ] GC(642) Pause Young (Normal) (G1 Evacuation Pause)
[2025-12-25T02:41:11.307+0000][gc,task     ] GC(642) Using 8 workers of 8 for evacuation
[2025-12-25T02:41:11.327+0000][gc,phases   ] GC(642)   Pre Evacuate Collection Set: 1.2ms
[2025-12-25T02:41:11.327+0000][gc,phases   ] GC(642)   Merge Heap Roots: 1.5ms
[2025-12-25T02:41:11.327+0000][gc,phases   ] GC(642)   Evacuate Collection Set: 16.0ms
[2025-12-25T02:41:11.328+0000][gc,phases   ] GC(642)   Post Evacuate Collection Set: 1.4ms
[2025-12-25T02:41:11.328+0000][gc,phases   ] GC(642)   Other: 0.4ms
[2025-12-25T02:41:11.328+0000][gc,heap     ] GC(642) Eden regions: 586->0(588)
[2025-12-25T02:41:11.328+0000][gc,heap     ] GC(642) Survivor regions: 10->9(62)
[2025-12-25T02:41:11.328+0000][gc,heap     ] GC(642) Old regions: 215->215
[2025-12-25T02:41:11.328+0000][gc,heap     ] GC(642) Humongous regions: 151->151
[2025-12-25T02:41:11.328+0000][gc,metaspace] GC(642) Metaspace: 16102K(16448K)->16102K(16448K) NonClass: 14354K(14464K)->14354K(14464K) Class: 1748K(1984K)->1748K(1984K)
[2025-12-25T02:41:11.329+0000][gc          ] GC(642) Pause Young (Normal) (G1 Evacuation Pause) 961M->374M(1024M) 22.192ms
[2025-12-25T02:41:11.329+0000][gc,cpu      ] GC(642) User=0.11s Sys=0.00s Real=0.02s
[2025-12-25T02:41:49.081+0000][gc,start    ] GC(643) Pause Young (Normal) (G1 Evacuation Pause)
[2025-12-25T02:41:49.081+0000][gc,task     ] GC(643) Using 8 workers of 8 for evacuation
[2025-12-25T02:41:49.100+0000][gc,phases   ] GC(643)   Pre Evacuate Collection Set: 1.3ms
[2025-12-25T02:41:49.100+0000][gc,phases   ] GC(643)   Merge Heap Roots: 0.4ms
[2025-12-25T02:41:49.100+0000][gc,phases   ] GC(643)   Evacuate Collection Set: 15.4ms
[2025-12-25T02:41:49.100+0000][gc,phases   ] GC(643)   Post Evacuate Collection Set: 1.2ms
[2025-12-25T02:41:49.100+0000][gc,phases   ] GC(643)   Other: 0.4ms
[2025-12-25T02:41:49.100+0000][gc,heap     ] GC(643) Eden regions: 588->0(592)
[2025-12-25T02:41:49.100+0000][gc,heap     ] GC(643) Survivor regions: 9->7(61)
[2025-12-25T02:41:49.100+0000][gc,heap     ] GC(643) Old regions: 215->215
[2025-12-25T02:41:49.100+0000][gc,heap     ] GC(643) Humongous regions: 151->151
[2025-12-25T02:41:49.100+0000][gc,metaspace] GC(643) Metaspace: 16102K(16448K)->16102K(16448K) NonClass: 14354K(14464K)->14354K(14464K) Class: 1748K(1984K)->1748K(1984K)
[2025-12-25T02:41:49.100+0000][gc          ] GC(643) Pause Young (Normal) (G1 Evacuation Pause) 962M->372M(1024M) 19.755ms
[2025-12-25T02:41:49.100+0000][gc,cpu      ] GC(643) User=0.12s Sys=0.00s Real=0.02s
[2025-12-25T02:42:19.211+0000][gc,start    ] GC(644) Pause Young (Normal) (G1 Evacuation Pause)
[2025-12-25T02:42:19.211+0000][gc,task     ] GC(644) Using 8 workers of 8 for evacuation
[2025-12-25T02:42:19.227+0000][gc,phases   ] GC(644)   Pre Evacuate Collection Set: 1.1ms
[2025-12-25T02:42:19.228+0000][gc,phases   ] GC(644)   Merge Heap Roots: 0.4ms
[2025-12-25T02:42:19.228+0000][gc,phases   ] GC(644)   Evacuate Collection Set: 10.0ms
[2025-12-25T02:42:19.228+0000][gc,phases   ] GC(644)   Post Evacuate Collection Set: 3.9ms
[2025-12-25T02:42:19.228+0000][gc,phases   ] GC(644)   Other: 0.5ms
[2025-12-25T02:42:19.228+0000][gc,heap     ] GC(644) Eden regions: 592->0(589)
[2025-12-25T02:42:19.228+0000][gc,heap     ] GC(644) Survivor regions: 7->8(59)
[2025-12-25T02:42:19.228+0000][gc,heap     ] GC(644) Old regions: 215->216
[2025-12-25T02:42:19.228+0000][gc,heap     ] GC(644) Humongous regions: 151->151
[2025-12-25T02:42:19.228+0000][gc,metaspace] GC(644) Metaspace: 16102K(16448K)->16102K(16448K) NonClass: 14354K(14464K)->14354K(14464K) Class: 1748K(1984K)->1748K(1984K)
[2025-12-25T02:42:19.228+0000][gc          ] GC(644) Pause Young (Normal) (G1 Evacuation Pause) 964M->373M(1024M) 17.425ms
[2025-12-25T02:42:19.228+0000][gc,cpu      ] GC(644) User=0.10s Sys=0.00s Real=0.02s
[2025-12-25T02:42:49.371+0000][gc,start    ] GC(645) Pause Young (Normal) (G1 Evacuation Pause)
[2025-12-25T02:42:49.373+0000][gc,task     ] GC(645) Using 8 workers of 8 for evacuation
[2025-12-25T02:42:49.394+0000][gc,phases   ] GC(645)   Pre Evacuate Collection Set: 1.1ms
[2025-12-25T02:42:49.395+0000][gc,phases   ] GC(645)   Merge Heap Roots: 0.7ms
[2025-12-25T02:42:49.395+0000][gc,phases   ] GC(645)   Evacuate Collection Set: 18.3ms
[2025-12-25T02:42:49.395+0000][gc,phases   ] GC(645)   Post Evacuate Collection Set: 1.2ms
[2025-12-25T02:42:49.395+0000][gc,phases   ] GC(645)   Other: 1.6ms
[2025-12-25T02:42:49.395+0000][gc,heap     ] GC(645) Eden regions: 589->0(587)
[2025-12-25T02:42:49.395+0000][gc,heap     ] GC(645) Survivor regions: 8->9(60)
[2025-12-25T02:42:49.395+0000][gc,heap     ] GC(645) Old regions: 216->216
[2025-12-25T02:42:49.395+0000][gc,heap     ] GC(645) Humongous regions: 151->151
[2025-12-25T02:42:49.395+0000][gc,metaspace] GC(645) Metaspace: 16102K(16448K)->16102K(16448K) NonClass: 14354K(14464K)->14354K(14464K) Class: 1748K(1984K)->1748K(1984K)
[2025-12-25T02:42:49.395+0000][gc          ] GC(645) Pause Young (Normal) (G1 Evacuation Pause) 962M->375M(1024M) 24.267ms
[2025-12-25T02:42:49.395+0000][gc,cpu      ] GC(645) User=0.15s Sys=0.00s Real=0.02s
[2025-12-25T02:43:19.777+0000][gc,start    ] GC(646) Pause Young (Normal) (G1 Evacuation Pause)
[2025-12-25T02:43:19.782+0000][gc,task     ] GC(646) Using 8 workers of 8 for evacuation
[2025-12-25T02:43:19.811+0000][gc,phases   ] GC(646)   Pre Evacuate Collection Set: 2.2ms
[2025-12-25T02:43:19.811+0000][gc,phases   ] GC(646)   Merge Heap Roots: 0.8ms
[2025-12-25T02:43:19.811+0000][gc,phases   ] GC(646)   Evacuate Collection Set: 20.4ms
[2025-12-25T02:43:19.811+0000][gc,phases   ] GC(646)   Post Evacuate Collection Set: 5.2ms
[2025-12-25T02:43:19.811+0000][gc,phases   ] GC(646)   Other: 0.7ms
[2025-12-25T02:43:19.811+0000][gc,heap     ] GC(646) Eden regions: 587->0(583)
[2025-12-25T02:43:19.811+0000][gc,heap     ] GC(646) Survivor regions: 9->11(61)
[2025-12-25T02:43:19.811+0000][gc,heap     ] GC(646) Old regions: 216->216
[2025-12-25T02:43:19.811+0000][gc,heap     ] GC(646) Humongous regions: 151->151
[2025-12-25T02:43:19.811+0000][gc,metaspace] GC(646) Metaspace: 16102K(16448K)->16102K(16448K) NonClass: 14354K(14464K)->14354K(14464K) Class: 1748K(1984K)->1748K(1984K)
[2025-12-25T02:43:19.811+0000][gc          ] GC(646) Pause Young (Normal) (G1 Evacuation Pause) 962M->377M(1024M) 34.661ms
[2025-12-25T02:43:19.812+0000][gc,cpu      ] GC(646) User=0.14s Sys=0.00s Real=0.03s
[2025-12-25T02:43:58.970+0000][gc,start    ] GC(647) Pause Young (Normal) (G1 Evacuation Pause)
[2025-12-25T02:43:58.971+0000][gc,task     ] GC(647) Using 8 workers of 8 for evacuation
[2025-12-25T02:43:58.990+0000][gc,phases   ] GC(647)   Pre Evacuate Collection Set: 1.3ms
[2025-12-25T02:43:58.990+0000][gc,phases   ] GC(647)   Merge Heap Roots: 0.4ms
[2025-12-25T02:43:58.991+0000][gc,phases   ] GC(647)   Evacuate Collection Set: 15.7ms
[2025-12-25T02:43:58.991+0000][gc,phases   ] GC(647)   Post Evacuate Collection Set: 1.7ms
[2025-12-25T02:43:58.991+0000][gc,phases   ] GC(647)   Other: 0.4ms
[2025-12-25T02:43:58.991+0000][gc,heap     ] GC(647) Eden regions: 583->0(586)
[2025-12-25T02:43:58.991+0000][gc,heap     ] GC(647) Survivor regions: 11->9(63)
[2025-12-25T02:43:58.991+0000][gc,heap     ] GC(647) Old regions: 216->217
[2025-12-25T02:43:58.991+0000][gc,heap     ] GC(647) Humongous regions: 151->151
[2025-12-25T02:43:58.991+0000][gc,metaspace] GC(647) Metaspace: 16102K(16448K)->16102K(16448K) NonClass: 14354K(14464K)->14354K(14464K) Class: 1748K(1984K)->1748K(1984K)
[2025-12-25T02:43:58.991+0000][gc          ] GC(647) Pause Young (Normal) (G1 Evacuation Pause) 960M->375M(1024M) 20.879ms
[2025-12-25T02:43:58.991+0000][gc,cpu      ] GC(647) User=0.12s Sys=0.00s Real=0.02s
[2025-12-25T02:44:29.122+0000][gc,start    ] GC(648) Pause Young (Normal) (G1 Evacuation Pause)
[2025-12-25T02:44:29.123+0000][gc,task     ] GC(648) Using 8 workers of 8 for evacuation
[2025-12-25T02:44:29.141+0000][gc,phases   ] GC(648)   Pre Evacuate Collection Set: 2.0ms
[2025-12-25T02:44:29.141+0000][gc,phases   ] GC(648)   Merge Heap Roots: 1.0ms
[2025-12-25T02:44:29.141+0000][gc,phases   ] GC(648)   Evacuate Collection Set: 13.3ms
[2025-12-25T02:44:29.141+0000][gc,phases   ] GC(648)   Post Evacuate Collection Set: 1.3ms
[2025-12-25T02:44:29.142+0000][gc,phases   ] GC(648)   Other: 0.9ms
[2025-12-25T02:44:29.142+0000][gc,heap     ] GC(648) Eden regions: 586->0(590)
[2025-12-25T02:44:29.142+0000][gc,heap     ] GC(648) Survivor regions: 9->7(61)
[2025-12-25T02:44:29.142+0000][gc,heap     ] GC(648) Old regions: 217->217
[2025-12-25T02:44:29.142+0000][gc,heap     ] GC(648) Humongous regions: 151->151
[2025-12-25T02:44:29.142+0000][gc,metaspace] GC(648) Metaspace: 16102K(16448K)->16102K(16448K) NonClass: 14354K(14464K)->14354K(14464K) Class: 1748K(1984K)->1748K(1984K)
[2025-12-25T02:44:29.142+0000][gc          ] GC(648) Pause Young (Normal) (G1 Evacuation Pause) 961M->374M(1024M) 20.126ms
[2025-12-25T02:44:29.142+0000][gc,cpu      ] GC(648) User=0.12s Sys=0.00s Real=0.02s
[2025-12-25T02:44:59.241+0000][gc,start    ] GC(649) Pause Young (Normal) (G1 Evacuation Pause)
[2025-12-25T02:44:59.241+0000][gc,task     ] GC(649) Using 8 workers of 8 for evacuation
[2025-12-25T02:44:59.256+0000][gc,phases   ] GC(649)   Pre Evacuate Collection Set: 1.4ms
[2025-12-25T02:44:59.256+0000][gc,phases   ] GC(649)   Merge Heap Roots: 0.4ms
[2025-12-25T02:44:59.256+0000][gc,phases   ] GC(649)   Evacuate Collection Set: 11.5ms
[2025-12-25T02:44:59.257+0000][gc,phases   ] GC(649)   Post Evacuate Collection Set: 1.2ms
[2025-12-25T02:44:59.257+0000][gc,phases   ] GC(649)   Other: 0.4ms
[2025-12-25T02:44:59.257+0000][gc,heap     ] GC(649) Eden regions: 590->0(588)
[2025-12-25T02:44:59.257+0000][gc,heap     ] GC(649) Survivor regions: 7->8(59)
[2025-12-25T02:44:59.257+0000][gc,heap     ] GC(649) Old regions: 217->217
[2025-12-25T02:44:59.257+0000][gc,heap     ] GC(649) Humongous regions: 151->151
[2025-12-25T02:44:59.257+0000][gc,metaspace] GC(649) Metaspace: 16102K(16448K)->16102K(16448K) NonClass: 14354K(14464K)->14354K(14464K) Class: 1748K(1984K)->1748K(1984K)
[2025-12-25T02:44:59.257+0000][gc          ] GC(649) Pause Young (Normal) (G1 Evacuation Pause) 964M->375M(1024M) 16.211ms
[2025-12-25T02:44:59.257+0000][gc,cpu      ] GC(649) User=0.10s Sys=0.00s Real=0.02s
[2025-12-25T02:45:29.419+0000][gc,start    ] GC(650) Pause Young (Normal) (G1 Evacuation Pause)
[2025-12-25T02:45:29.420+0000][gc,task     ] GC(650) Using 8 workers of 8 for evacuation
[2025-12-25T02:45:29.447+0000][gc,phases   ] GC(650)   Pre Evacuate Collection Set: 3.1ms
[2025-12-25T02:45:29.447+0000][gc,phases   ] GC(650)   Merge Heap Roots: 2.0ms
[2025-12-25T02:45:29.448+0000][gc,phases   ] GC(650)   Evacuate Collection Set: 20.9ms
[2025-12-25T02:45:29.448+0000][gc,phases   ] GC(650)   Post Evacuate Collection Set: 1.4ms
[2025-12-25T02:45:29.448+0000][gc,phases   ] GC(650)   Other: 0.4ms
[2025-12-25T02:45:29.448+0000][gc,heap     ] GC(650) Eden regions: 588->0(585)
[2025-12-25T02:45:29.448+0000][gc,heap     ] GC(650) Survivor regions: 8->9(60)
[2025-12-25T02:45:29.448+0000][gc,heap     ] GC(650) Old regions: 217->218
[2025-12-25T02:45:29.448+0000][gc,heap     ] GC(650) Humongous regions: 151->151
[2025-12-25T02:45:29.448+0000][gc,metaspace] GC(650) Metaspace: 16102K(16448K)->16102K(16448K) NonClass: 14354K(14464K)->14354K(14464K) Class: 1748K(1984K)->1748K(1984K)
[2025-12-25T02:45:29.448+0000][gc          ] GC(650) Pause Young (Normal) (G1 Evacuation Pause) 963M->376M(1024M) 29.160ms
[2025-12-25T02:45:29.448+0000][gc,cpu      ] GC(650) User=0.19s Sys=0.00s Real=0.03s
[2025-12-25T02:45:59.530+0000][gc,start    ] GC(651) Pause Young (Normal) (G1 Evacuation Pause)
[2025-12-25T02:45:59.531+0000][gc,task     ] GC(651) Using 8 workers of 8 for evacuation
[2025-12-25T02:45:59.552+0000][gc,phases   ] GC(651)   Pre Evacuate Collection Set: 1.1ms
[2025-12-25T02:45:59.553+0000][gc,phases   ] GC(651)   Merge Heap Roots: 0.3ms
[2025-12-25T02:45:59.553+0000][gc,phases   ] GC(651)   Evacuate Collection Set: 18.7ms
[2025-12-25T02:45:59.553+0000][gc,phases   ] GC(651)   Post Evacuate Collection Set: 1.2ms
[2025-12-25T02:45:59.553+0000][gc,phases   ] GC(651)   Other: 0.5ms
[2025-12-25T02:45:59.553+0000][gc,heap     ] GC(651) Eden regions: 585->0(581)
[2025-12-25T02:45:59.553+0000][gc,heap     ] GC(651) Survivor regions: 9->11(61)
[2025-12-25T02:45:59.553+0000][gc,heap     ] GC(651) Old regions: 218->218
[2025-12-25T02:45:59.553+0000][gc,heap     ] GC(651) Humongous regions: 151->151
[2025-12-25T02:45:59.553+0000][gc,metaspace] GC(651) Metaspace: 16102K(16448K)->16102K(16448K) NonClass: 14354K(14464K)->14354K(14464K) Class: 1748K(1984K)->1748K(1984K)
[2025-12-25T02:45:59.553+0000][gc          ] GC(651) Pause Young (Normal) (G1 Evacuation Pause) 961M->379M(1024M) 22.934ms
[2025-12-25T02:45:59.553+0000][gc,cpu      ] GC(651) User=0.16s Sys=0.00s Real=0.03s
[2025-12-25T02:46:39.378+0000][gc,start    ] GC(652) Pause Young (Normal) (G1 Evacuation Pause)
[2025-12-25T02:46:39.378+0000][gc,task     ] GC(652) Using 8 workers of 8 for evacuation
[2025-12-25T02:46:39.407+0000][gc,phases   ] GC(652)   Pre Evacuate Collection Set: 1.7ms
[2025-12-25T02:46:39.407+0000][gc,phases   ] GC(652)   Merge Heap Roots: 0.4ms
[2025-12-25T02:46:39.407+0000][gc,phases   ] GC(652)   Evacuate Collection Set: 23.5ms
[2025-12-25T02:46:39.407+0000][gc,phases   ] GC(652)   Post Evacuate Collection Set: 2.0ms
[2025-12-25T02:46:39.407+0000][gc,phases   ] GC(652)   Other: 0.6ms
[2025-12-25T02:46:39.407+0000][gc,heap     ] GC(652) Eden regions: 581->0(585)
[2025-12-25T02:46:39.408+0000][gc,heap     ] GC(652) Survivor regions: 11->9(63)
[2025-12-25T02:46:39.408+0000][gc,heap     ] GC(652) Old regions: 218->218
[2025-12-25T02:46:39.408+0000][gc,heap     ] GC(652) Humongous regions: 151->151
[2025-12-25T02:46:39.408+0000][gc,metaspace] GC(652) Metaspace: 16102K(16448K)->16102K(16448K) NonClass: 14354K(14464K)->14354K(14464K) Class: 1748K(1984K)->1748K(1984K)
[2025-12-25T02:46:39.408+0000][gc          ] GC(652) Pause Young (Normal) (G1 Evacuation Pause) 960M->377M(1024M) 30.733ms
[2025-12-25T02:46:39.408+0000][gc,cpu      ] GC(652) User=0.18s Sys=0.00s Real=0.03s
[2025-12-25T02:47:09.131+0000][gc,start    ] GC(653) Pause Young (Normal) (G1 Evacuation Pause)
[2025-12-25T02:47:09.132+0000][gc,task     ] GC(653) Using 8 workers of 8 for evacuation
[2025-12-25T02:47:09.148+0000][gc,phases   ] GC(653)   Pre Evacuate Collection Set: 1.1ms
[2025-12-25T02:47:09.148+0000][gc,phases   ] GC(653)   Merge Heap Roots: 0.4ms
[2025-12-25T02:47:09.148+0000][gc,phases   ] GC(653)   Evacuate Collection Set: 10.1ms
[2025-12-25T02:47:09.148+0000][gc,phases   ] GC(653)   Post Evacuate Collection Set: 4.2ms
[2025-12-25T02:47:09.148+0000][gc,phases   ] GC(653)   Other: 0.3ms
[2025-12-25T02:47:09.149+0000][gc,heap     ] GC(653) Eden regions: 585->0(588)
[2025-12-25T02:47:09.149+0000][gc,heap     ] GC(653) Survivor regions: 9->7(61)
[2025-12-25T02:47:09.149+0000][gc,heap     ] GC(653) Old regions: 218->219
[2025-12-25T02:47:09.149+0000][gc,heap     ] GC(653) Humongous regions: 151->151
[2025-12-25T02:47:09.149+0000][gc,metaspace] GC(653) Metaspace: 16103K(16448K)->16103K(16448K) NonClass: 14354K(14464K)->14354K(14464K) Class: 1748K(1984K)->1748K(1984K)
[2025-12-25T02:47:09.149+0000][gc          ] GC(653) Pause Young (Normal) (G1 Evacuation Pause) 962M->375M(1024M) 17.610ms
[2025-12-25T02:47:09.149+0000][gc,cpu      ] GC(653) User=0.09s Sys=0.01s Real=0.02s
[2025-12-25T02:47:39.238+0000][gc,start    ] GC(654) Pause Young (Normal) (G1 Evacuation Pause)
[2025-12-25T02:47:39.239+0000][gc,task     ] GC(654) Using 8 workers of 8 for evacuation
[2025-12-25T02:47:39.253+0000][gc,phases   ] GC(654)   Pre Evacuate Collection Set: 1.2ms
[2025-12-25T02:47:39.253+0000][gc,phases   ] GC(654)   Merge Heap Roots: 0.5ms
[2025-12-25T02:47:39.253+0000][gc,phases   ] GC(654)   Evacuate Collection Set: 11.3ms
[2025-12-25T02:47:39.253+0000][gc,phases   ] GC(654)   Post Evacuate Collection Set: 1.2ms
[2025-12-25T02:47:39.254+0000][gc,phases   ] GC(654)   Other: 0.4ms
[2025-12-25T02:47:39.254+0000][gc,heap     ] GC(654) Eden regions: 588->0(586)
[2025-12-25T02:47:39.254+0000][gc,heap     ] GC(654) Survivor regions: 7->8(59)
[2025-12-25T02:47:39.254+0000][gc,heap     ] GC(654) Old regions: 219->219
[2025-12-25T02:47:39.254+0000][gc,heap     ] GC(654) Humongous regions: 151->151
[2025-12-25T02:47:39.254+0000][gc,metaspace] GC(654) Metaspace: 16103K(16448K)->16103K(16448K) NonClass: 14354K(14464K)->14354K(14464K) Class: 1748K(1984K)->1748K(1984K)
[2025-12-25T02:47:39.254+0000][gc          ] GC(654) Pause Young (Normal) (G1 Evacuation Pause) 963M->377M(1024M) 15.907ms
[2025-12-25T02:47:39.254+0000][gc,cpu      ] GC(654) User=0.10s Sys=0.00s Real=0.02s
[2025-12-25T02:48:09.387+0000][gc,start    ] GC(655) Pause Young (Normal) (G1 Evacuation Pause)
[2025-12-25T02:48:09.387+0000][gc,task     ] GC(655) Using 8 workers of 8 for evacuation
[2025-12-25T02:48:09.410+0000][gc,phases   ] GC(655)   Pre Evacuate Collection Set: 2.3ms
[2025-12-25T02:48:09.411+0000][gc,phases   ] GC(655)   Merge Heap Roots: 3.2ms
[2025-12-25T02:48:09.411+0000][gc,phases   ] GC(655)   Evacuate Collection Set: 15.2ms
[2025-12-25T02:48:09.411+0000][gc,phases   ] GC(655)   Post Evacuate Collection Set: 1.6ms
[2025-12-25T02:48:09.411+0000][gc,phases   ] GC(655)   Other: 0.8ms
[2025-12-25T02:48:09.411+0000][gc,heap     ] GC(655) Eden regions: 586->0(584)
[2025-12-25T02:48:09.411+0000][gc,heap     ] GC(655) Survivor regions: 8->9(60)
[2025-12-25T02:48:09.411+0000][gc,heap     ] GC(655) Old regions: 219->219
[2025-12-25T02:48:09.411+0000][gc,heap     ] GC(655) Humongous regions: 151->151
[2025-12-25T02:48:09.411+0000][gc,metaspace] GC(655) Metaspace: 16103K(16448K)->16103K(16448K) NonClass: 14354K(14464K)->14354K(14464K) Class: 1748K(1984K)->1748K(1984K)
[2025-12-25T02:48:09.411+0000][gc          ] GC(655) Pause Young (Normal) (G1 Evacuation Pause) 963M->378M(1024M) 24.568ms
[2025-12-25T02:48:09.411+0000][gc,cpu      ] GC(655) User=0.15s Sys=0.00s Real=0.03s
[2025-12-25T02:48:39.417+0000][gc,start    ] GC(656) Pause Young (Normal) (G1 Evacuation Pause)
[2025-12-25T02:48:39.418+0000][gc,task     ] GC(656) Using 8 workers of 8 for evacuation
[2025-12-25T02:48:39.437+0000][gc,phases   ] GC(656)   Pre Evacuate Collection Set: 3.3ms
[2025-12-25T02:48:39.437+0000][gc,phases   ] GC(656)   Merge Heap Roots: 0.3ms
[2025-12-25T02:48:39.437+0000][gc,phases   ] GC(656)   Evacuate Collection Set: 13.5ms
[2025-12-25T02:48:39.437+0000][gc,phases   ] GC(656)   Post Evacuate Collection Set: 1.1ms
[2025-12-25T02:48:39.437+0000][gc,phases   ] GC(656)   Other: 0.5ms
[2025-12-25T02:48:39.437+0000][gc,heap     ] GC(656) Eden regions: 584->0(577)
[2025-12-25T02:48:39.437+0000][gc,heap     ] GC(656) Survivor regions: 9->12(61)
[2025-12-25T02:48:39.437+0000][gc,heap     ] GC(656) Old regions: 219->220
[2025-12-25T02:48:39.437+0000][gc,heap     ] GC(656) Humongous regions: 151->151
[2025-12-25T02:48:39.437+0000][gc,metaspace] GC(656) Metaspace: 16109K(16448K)->16109K(16448K) NonClass: 14360K(14464K)->14360K(14464K) Class: 1748K(1984K)->1748K(1984K)
[2025-12-25T02:48:39.437+0000][gc          ] GC(656) Pause Young (Normal) (G1 Evacuation Pause) 962M->382M(1024M) 19.879ms
[2025-12-25T02:48:39.437+0000][gc,cpu      ] GC(656) User=0.10s Sys=0.00s Real=0.02s
[2025-12-25T02:49:18.922+0000][gc,start    ] GC(657) Pause Young (Normal) (G1 Evacuation Pause)
[2025-12-25T02:49:18.923+0000][gc,task     ] GC(657) Using 8 workers of 8 for evacuation
[2025-12-25T02:49:18.953+0000][gc,phases   ] GC(657)   Pre Evacuate Collection Set: 1.2ms
[2025-12-25T02:49:18.953+0000][gc,phases   ] GC(657)   Merge Heap Roots: 0.5ms
[2025-12-25T02:49:18.953+0000][gc,phases   ] GC(657)   Evacuate Collection Set: 24.8ms
[2025-12-25T02:49:18.953+0000][gc,phases   ] GC(657)   Post Evacuate Collection Set: 2.9ms
[2025-12-25T02:49:18.953+0000][gc,phases   ] GC(657)   Other: 0.9ms
[2025-12-25T02:49:18.953+0000][gc,heap     ] GC(657) Eden regions: 577->0(579)
[2025-12-25T02:49:18.954+0000][gc,heap     ] GC(657) Survivor regions: 12->11(64)
[2025-12-25T02:49:18.954+0000][gc,heap     ] GC(657) Old regions: 220->220
[2025-12-25T02:49:18.954+0000][gc,heap     ] GC(657) Humongous regions: 151->151
[2025-12-25T02:49:18.954+0000][gc,metaspace] GC(657) Metaspace: 16109K(16448K)->16109K(16448K) NonClass: 14360K(14464K)->14360K(14464K) Class: 1748K(1984K)->1748K(1984K)
[2025-12-25T02:49:18.954+0000][gc          ] GC(657) Pause Young (Normal) (G1 Evacuation Pause) 959M->381M(1024M) 32.207ms
[2025-12-25T02:49:18.954+0000][gc,cpu      ] GC(657) User=0.21s Sys=0.00s Real=0.03s
[2025-12-25T02:49:49.041+0000][gc,start    ] GC(658) Pause Young (Normal) (G1 Evacuation Pause)
[2025-12-25T02:49:49.042+0000][gc,task     ] GC(658) Using 8 workers of 8 for evacuation
[2025-12-25T02:49:49.077+0000][gc,phases   ] GC(658)   Pre Evacuate Collection Set: 2.3ms
[2025-12-25T02:49:49.077+0000][gc,phases   ] GC(658)   Merge Heap Roots: 0.9ms
[2025-12-25T02:49:49.077+0000][gc,phases   ] GC(658)   Evacuate Collection Set: 27.3ms
[2025-12-25T02:49:49.077+0000][gc,phases   ] GC(658)   Post Evacuate Collection Set: 3.3ms
[2025-12-25T02:49:49.077+0000][gc,phases   ] GC(658)   Other: 0.9ms
[2025-12-25T02:49:49.077+0000][gc,heap     ] GC(658) Eden regions: 579->0(583)
[2025-12-25T02:49:49.077+0000][gc,heap     ] GC(658) Survivor regions: 11->9(63)
[2025-12-25T02:49:49.077+0000][gc,heap     ] GC(658) Old regions: 220->220
[2025-12-25T02:49:49.077+0000][gc,heap     ] GC(658) Humongous regions: 151->151
[2025-12-25T02:49:49.077+0000][gc,metaspace] GC(658) Metaspace: 16109K(16448K)->16109K(16448K) NonClass: 14360K(14464K)->14360K(14464K) Class: 1748K(1984K)->1748K(1984K)
[2025-12-25T02:49:49.077+0000][gc          ] GC(658) Pause Young (Normal) (G1 Evacuation Pause) 960M->379M(1024M) 35.875ms
[2025-12-25T02:49:49.077+0000][gc,cpu      ] GC(658) User=0.23s Sys=0.00s Real=0.04s
[2025-12-25T02:50:19.231+0000][gc,start    ] GC(659) Pause Young (Normal) (G1 Evacuation Pause)
[2025-12-25T02:50:19.234+0000][gc,task     ] GC(659) Using 8 workers of 8 for evacuation
[2025-12-25T02:50:19.280+0000][gc,phases   ] GC(659)   Pre Evacuate Collection Set: 6.3ms
[2025-12-25T02:50:19.280+0000][gc,phases   ] GC(659)   Merge Heap Roots: 0.8ms
[2025-12-25T02:50:19.280+0000][gc,phases   ] GC(659)   Evacuate Collection Set: 36.3ms
[2025-12-25T02:50:19.280+0000][gc,phases   ] GC(659)   Post Evacuate Collection Set: 1.5ms
[2025-12-25T02:50:19.280+0000][gc,phases   ] GC(659)   Other: 1.0ms
[2025-12-25T02:50:19.280+0000][gc,heap     ] GC(659) Eden regions: 583->0(580)
[2025-12-25T02:50:19.280+0000][gc,heap     ] GC(659) Survivor regions: 9->10(61)
[2025-12-25T02:50:19.280+0000][gc,heap     ] GC(659) Old regions: 220->221
[2025-12-25T02:50:19.280+0000][gc,heap     ] GC(659) Humongous regions: 151->151
[2025-12-25T02:50:19.280+0000][gc,metaspace] GC(659) Metaspace: 16109K(16448K)->16109K(16448K) NonClass: 14360K(14464K)->14360K(14464K) Class: 1748K(1984K)->1748K(1984K)
[2025-12-25T02:50:19.280+0000][gc          ] GC(659) Pause Young (Normal) (G1 Evacuation Pause) 962M->380M(1024M) 49.759ms
[2025-12-25T02:50:19.281+0000][gc,cpu      ] GC(659) User=0.23s Sys=0.04s Real=0.05s
[2025-12-25T02:50:49.341+0000][gc,start    ] GC(660) Pause Young (Normal) (G1 Evacuation Pause)
[2025-12-25T02:50:49.341+0000][gc,task     ] GC(660) Using 8 workers of 8 for evacuation
[2025-12-25T02:50:49.373+0000][gc,phases   ] GC(660)   Pre Evacuate Collection Set: 1.1ms
[2025-12-25T02:50:49.374+0000][gc,phases   ] GC(660)   Merge Heap Roots: 0.6ms
[2025-12-25T02:50:49.374+0000][gc,phases   ] GC(660)   Evacuate Collection Set: 27.8ms
[2025-12-25T02:50:49.374+0000][gc,phases   ] GC(660)   Post Evacuate Collection Set: 1.9ms
[2025-12-25T02:50:49.374+0000][gc,phases   ] GC(660)   Other: 0.5ms
[2025-12-25T02:50:49.374+0000][gc,heap     ] GC(660) Eden regions: 580->0(580)
[2025-12-25T02:50:49.374+0000][gc,heap     ] GC(660) Survivor regions: 10->10(62)
[2025-12-25T02:50:49.374+0000][gc,heap     ] GC(660) Old regions: 221->221
[2025-12-25T02:50:49.374+0000][gc,heap     ] GC(660) Humongous regions: 151->151
[2025-12-25T02:50:49.374+0000][gc,metaspace] GC(660) Metaspace: 16109K(16448K)->16109K(16448K) NonClass: 14360K(14464K)->14360K(14464K) Class: 1748K(1984K)->1748K(1984K)
[2025-12-25T02:50:49.374+0000][gc          ] GC(660) Pause Young (Normal) (G1 Evacuation Pause) 960M->381M(1024M) 33.356ms
[2025-12-25T02:50:49.374+0000][gc,cpu      ] GC(660) User=0.23s Sys=0.00s Real=0.04s
[2025-12-25T02:51:19.357+0000][gc,start    ] GC(661) Pause Young (Normal) (G1 Evacuation Pause)
[2025-12-25T02:51:19.357+0000][gc,task     ] GC(661) Using 8 workers of 8 for evacuation
[2025-12-25T02:51:19.389+0000][gc,phases   ] GC(661)   Pre Evacuate Collection Set: 1.2ms
[2025-12-25T02:51:19.389+0000][gc,phases   ] GC(661)   Merge Heap Roots: 0.5ms
[2025-12-25T02:51:19.389+0000][gc,phases   ] GC(661)   Evacuate Collection Set: 28.7ms
[2025-12-25T02:51:19.389+0000][gc,phases   ] GC(661)   Post Evacuate Collection Set: 1.1ms
[2025-12-25T02:51:19.389+0000][gc,phases   ] GC(661)   Other: 0.5ms
[2025-12-25T02:51:19.389+0000][gc,heap     ] GC(661) Eden regions: 580->0(576)
[2025-12-25T02:51:19.390+0000][gc,heap     ] GC(661) Survivor regions: 10->12(62)
[2025-12-25T02:51:19.390+0000][gc,heap     ] GC(661) Old regions: 221->221
[2025-12-25T02:51:19.390+0000][gc,heap     ] GC(661) Humongous regions: 151->151
[2025-12-25T02:51:19.390+0000][gc,metaspace] GC(661) Metaspace: 16109K(16448K)->16109K(16448K) NonClass: 14360K(14464K)->14360K(14464K) Class: 1748K(1984K)->1748K(1984K)
[2025-12-25T02:51:19.390+0000][gc          ] GC(661) Pause Young (Normal) (G1 Evacuation Pause) 961M->382M(1024M) 33.213ms
[2025-12-25T02:51:19.390+0000][gc,cpu      ] GC(661) User=0.23s Sys=0.00s Real=0.03s
[2025-12-25T02:51:49.464+0000][gc,start    ] GC(662) Pause Young (Normal) (G1 Evacuation Pause)
[2025-12-25T02:51:49.468+0000][gc,task     ] GC(662) Using 8 workers of 8 for evacuation
[2025-12-25T02:51:49.499+0000][gc,phases   ] GC(662)   Pre Evacuate Collection Set: 4.8ms
[2025-12-25T02:51:49.500+0000][gc,phases   ] GC(662)   Merge Heap Roots: 2.3ms
[2025-12-25T02:51:49.500+0000][gc,phases   ] GC(662)   Evacuate Collection Set: 21.9ms
[2025-12-25T02:51:49.500+0000][gc,phases   ] GC(662)   Post Evacuate Collection Set: 1.2ms
[2025-12-25T02:51:49.500+0000][gc,phases   ] GC(662)   Other: 2.0ms
[2025-12-25T02:51:49.500+0000][gc,heap     ] GC(662) Eden regions: 576->0(575)
[2025-12-25T02:51:49.500+0000][gc,heap     ] GC(662) Survivor regions: 12->12(64)
[2025-12-25T02:51:49.500+0000][gc,heap     ] GC(662) Old regions: 221->222
[2025-12-25T02:51:49.500+0000][gc,heap     ] GC(662) Humongous regions: 151->151
[2025-12-25T02:51:49.500+0000][gc,metaspace] GC(662) Metaspace: 16109K(16448K)->16109K(16448K) NonClass: 14360K(14464K)->14360K(14464K) Class: 1748K(1984K)->1748K(1984K)
[2025-12-25T02:51:49.500+0000][gc          ] GC(662) Pause Young (Normal) (G1 Evacuation Pause) 958M->383M(1024M) 36.304ms
[2025-12-25T02:51:49.500+0000][gc,cpu      ] GC(662) User=0.20s Sys=0.01s Real=0.03s
[2025-12-25T02:52:28.917+0000][gc,start    ] GC(663) Pause Young (Normal) (G1 Evacuation Pause)
[2025-12-25T02:52:28.918+0000][gc,task     ] GC(663) Using 8 workers of 8 for evacuation
[2025-12-25T02:52:28.950+0000][gc,phases   ] GC(663)   Pre Evacuate Collection Set: 1.2ms
[2025-12-25T02:52:28.950+0000][gc,phases   ] GC(663)   Merge Heap Roots: 0.5ms
[2025-12-25T02:52:28.950+0000][gc,phases   ] GC(663)   Evacuate Collection Set: 28.4ms
[2025-12-25T02:52:28.950+0000][gc,phases   ] GC(663)   Post Evacuate Collection Set: 1.6ms
[2025-12-25T02:52:28.951+0000][gc,phases   ] GC(663)   Other: 0.3ms
[2025-12-25T02:52:28.951+0000][gc,heap     ] GC(663) Eden regions: 575->0(585)
[2025-12-25T02:52:28.951+0000][gc,heap     ] GC(663) Survivor regions: 12->7(64)
[2025-12-25T02:52:28.951+0000][gc,heap     ] GC(663) Old regions: 222->222
[2025-12-25T02:52:28.951+0000][gc,heap     ] GC(663) Humongous regions: 151->151
[2025-12-25T02:52:28.951+0000][gc,metaspace] GC(663) Metaspace: 16109K(16448K)->16109K(16448K) NonClass: 14360K(14464K)->14360K(14464K) Class: 1748K(1984K)->1748K(1984K)
[2025-12-25T02:52:28.951+0000][gc          ] GC(663) Pause Young (Normal) (G1 Evacuation Pause) 958M->379M(1024M) 33.740ms
[2025-12-25T02:52:28.951+0000][gc,cpu      ] GC(663) User=0.23s Sys=0.00s Real=0.04s
[2025-12-25T02:52:59.090+0000][gc,start    ] GC(664) Pause Young (Normal) (G1 Evacuation Pause)
[2025-12-25T02:52:59.090+0000][gc,task     ] GC(664) Using 8 workers of 8 for evacuation
[2025-12-25T02:52:59.125+0000][gc,phases   ] GC(664)   Pre Evacuate Collection Set: 1.3ms
[2025-12-25T02:52:59.125+0000][gc,phases   ] GC(664)   Merge Heap Roots: 0.5ms
[2025-12-25T02:52:59.126+0000][gc,phases   ] GC(664)   Evacuate Collection Set: 31.3ms
[2025-12-25T02:52:59.126+0000][gc,phases   ] GC(664)   Post Evacuate Collection Set: 1.4ms
[2025-12-25T02:52:59.126+0000][gc,phases   ] GC(664)   Other: 0.6ms
[2025-12-25T02:52:59.126+0000][gc,heap     ] GC(664) Eden regions: 585->0(585)
[2025-12-25T02:52:59.126+0000][gc,heap     ] GC(664) Survivor regions: 7->7(59)
[2025-12-25T02:52:59.126+0000][gc,heap     ] GC(664) Old regions: 222->222
[2025-12-25T02:52:59.126+0000][gc,heap     ] GC(664) Humongous regions: 151->151
[2025-12-25T02:52:59.126+0000][gc,metaspace] GC(664) Metaspace: 16109K(16448K)->16109K(16448K) NonClass: 14360K(14464K)->14360K(14464K) Class: 1748K(1984K)->1748K(1984K)
[2025-12-25T02:52:59.126+0000][gc          ] GC(664) Pause Young (Normal) (G1 Evacuation Pause) 964M->379M(1024M) 36.591ms
[2025-12-25T02:52:59.126+0000][gc,cpu      ] GC(664) User=0.26s Sys=0.00s Real=0.03s
[2025-12-25T02:53:29.205+0000][gc,start    ] GC(665) Pause Young (Normal) (G1 Evacuation Pause)
[2025-12-25T02:53:29.205+0000][gc,task     ] GC(665) Using 8 workers of 8 for evacuation
[2025-12-25T02:53:29.239+0000][gc,phases   ] GC(665)   Pre Evacuate Collection Set: 1.1ms
[2025-12-25T02:53:29.239+0000][gc,phases   ] GC(665)   Merge Heap Roots: 2.7ms
[2025-12-25T02:53:29.239+0000][gc,phases   ] GC(665)   Evacuate Collection Set: 28.4ms
[2025-12-25T02:53:29.239+0000][gc,phases   ] GC(665)   Post Evacuate Collection Set: 1.1ms
[2025-12-25T02:53:29.239+0000][gc,phases   ] GC(665)   Other: 0.3ms
[2025-12-25T02:53:29.239+0000][gc,heap     ] GC(665) Eden regions: 585->0(580)
[2025-12-25T02:53:29.239+0000][gc,heap     ] GC(665) Survivor regions: 7->9(59)
[2025-12-25T02:53:29.239+0000][gc,heap     ] GC(665) Old regions: 222->223
[2025-12-25T02:53:29.239+0000][gc,heap     ] GC(665) Humongous regions: 151->151
[2025-12-25T02:53:29.239+0000][gc,metaspace] GC(665) Metaspace: 16109K(16448K)->16109K(16448K) NonClass: 14360K(14464K)->14360K(14464K) Class: 1748K(1984K)->1748K(1984K)
[2025-12-25T02:53:29.239+0000][gc          ] GC(665) Pause Young (Normal) (G1 Evacuation Pause) 964M->381M(1024M) 34.696ms
[2025-12-25T02:53:29.239+0000][gc,cpu      ] GC(665) User=0.22s Sys=0.00s Real=0.04s
[2025-12-25T02:53:59.306+0000][gc,start    ] GC(666) Pause Young (Normal) (G1 Evacuation Pause)
[2025-12-25T02:53:59.307+0000][gc,task     ] GC(666) Using 8 workers of 8 for evacuation
[2025-12-25T02:53:59.334+0000][gc,phases   ] GC(666)   Pre Evacuate Collection Set: 0.9ms
[2025-12-25T02:53:59.335+0000][gc,phases   ] GC(666)   Merge Heap Roots: 0.4ms
[2025-12-25T02:53:59.335+0000][gc,phases   ] GC(666)   Evacuate Collection Set: 25.0ms
[2025-12-25T02:53:59.335+0000][gc,phases   ] GC(666)   Post Evacuate Collection Set: 1.2ms
[2025-12-25T02:53:59.335+0000][gc,phases   ] GC(666)   Other: 0.3ms
[2025-12-25T02:53:59.335+0000][gc,heap     ] GC(666) Eden regions: 580->0(580)
[2025-12-25T02:53:59.335+0000][gc,heap     ] GC(666) Survivor regions: 9->9(61)
[2025-12-25T02:53:59.335+0000][gc,heap     ] GC(666) Old regions: 223->223
[2025-12-25T02:53:59.335+0000][gc,heap     ] GC(666) Humongous regions: 151->151
[2025-12-25T02:53:59.335+0000][gc,metaspace] GC(666) Metaspace: 16109K(16448K)->16109K(16448K) NonClass: 14360K(14464K)->14360K(14464K) Class: 1748K(1984K)->1748K(1984K)
[2025-12-25T02:53:59.335+0000][gc          ] GC(666) Pause Young (Normal) (G1 Evacuation Pause) 961M->382M(1024M) 28.832ms
[2025-12-25T02:53:59.335+0000][gc,cpu      ] GC(666) User=0.18s Sys=0.00s Real=0.02s
[2025-12-25T02:54:29.377+0000][gc,start    ] GC(667) Pause Young (Normal) (G1 Evacuation Pause)
[2025-12-25T02:54:29.377+0000][gc,task     ] GC(667) Using 8 workers of 8 for evacuation
[2025-12-25T02:54:29.401+0000][gc,phases   ] GC(667)   Pre Evacuate Collection Set: 1.1ms
[2025-12-25T02:54:29.401+0000][gc,phases   ] GC(667)   Merge Heap Roots: 0.4ms
[2025-12-25T02:54:29.401+0000][gc,phases   ] GC(667)   Evacuate Collection Set: 20.6ms
[2025-12-25T02:54:29.401+0000][gc,phases   ] GC(667)   Post Evacuate Collection Set: 1.1ms
[2025-12-25T02:54:29.401+0000][gc,phases   ] GC(667)   Other: 0.4ms
[2025-12-25T02:54:29.401+0000][gc,heap     ] GC(667) Eden regions: 580->0(578)
[2025-12-25T02:54:29.401+0000][gc,heap     ] GC(667) Survivor regions: 9->10(61)
[2025-12-25T02:54:29.401+0000][gc,heap     ] GC(667) Old regions: 223->223
[2025-12-25T02:54:29.401+0000][gc,heap     ] GC(667) Humongous regions: 151->151
[2025-12-25T02:54:29.401+0000][gc,metaspace] GC(667) Metaspace: 16109K(16448K)->16109K(16448K) NonClass: 14360K(14464K)->14360K(14464K) Class: 1748K(1984K)->1748K(1984K)
[2025-12-25T02:54:29.402+0000][gc          ] GC(667) Pause Young (Normal) (G1 Evacuation Pause) 962M->383M(1024M) 24.892ms
[2025-12-25T02:54:29.402+0000][gc,cpu      ] GC(667) User=0.16s Sys=0.00s Real=0.02s
[2025-12-25T02:54:59.473+0000][gc,start    ] GC(668) Pause Young (Normal) (G1 Evacuation Pause)
[2025-12-25T02:54:59.474+0000][gc,task     ] GC(668) Using 8 workers of 8 for evacuation
[2025-12-25T02:54:59.499+0000][gc,phases   ] GC(668)   Pre Evacuate Collection Set: 1.1ms
[2025-12-25T02:54:59.499+0000][gc,phases   ] GC(668)   Merge Heap Roots: 0.4ms
[2025-12-25T02:54:59.499+0000][gc,phases   ] GC(668)   Evacuate Collection Set: 22.1ms
[2025-12-25T02:54:59.499+0000][gc,phases   ] GC(668)   Post Evacuate Collection Set: 1.2ms
[2025-12-25T02:54:59.499+0000][gc,phases   ] GC(668)   Other: 0.4ms
[2025-12-25T02:54:59.499+0000][gc,heap     ] GC(668) Eden regions: 578->0(577)
[2025-12-25T02:54:59.499+0000][gc,heap     ] GC(668) Survivor regions: 10->10(62)
[2025-12-25T02:54:59.499+0000][gc,heap     ] GC(668) Old regions: 223->224
[2025-12-25T02:54:59.499+0000][gc,heap     ] GC(668) Humongous regions: 151->151
[2025-12-25T02:54:59.500+0000][gc,metaspace] GC(668) Metaspace: 16109K(16448K)->16109K(16448K) NonClass: 14360K(14464K)->14360K(14464K) Class: 1748K(1984K)->1748K(1984K)
[2025-12-25T02:54:59.500+0000][gc          ] GC(668) Pause Young (Normal) (G1 Evacuation Pause) 961M->383M(1024M) 26.404ms
[2025-12-25T02:54:59.500+0000][gc,cpu      ] GC(668) User=0.19s Sys=0.00s Real=0.02s
[2025-12-25T02:55:38.948+0000][gc,start    ] GC(669) Pause Young (Normal) (G1 Evacuation Pause)
[2025-12-25T02:55:38.949+0000][gc,task     ] GC(669) Using 8 workers of 8 for evacuation
[2025-12-25T02:55:38.971+0000][gc,phases   ] GC(669)   Pre Evacuate Collection Set: 1.1ms
[2025-12-25T02:55:38.971+0000][gc,phases   ] GC(669)   Merge Heap Roots: 0.5ms
[2025-12-25T02:55:38.971+0000][gc,phases   ] GC(669)   Evacuate Collection Set: 19.2ms
[2025-12-25T02:55:38.972+0000][gc,phases   ] GC(669)   Post Evacuate Collection Set: 1.2ms
[2025-12-25T02:55:38.972+0000][gc,phases   ] GC(669)   Other: 0.3ms
[2025-12-25T02:55:38.972+0000][gc,heap     ] GC(669) Eden regions: 577->0(585)
[2025-12-25T02:55:38.972+0000][gc,heap     ] GC(669) Survivor regions: 10->6(62)
[2025-12-25T02:55:38.972+0000][gc,heap     ] GC(669) Old regions: 224->224
[2025-12-25T02:55:38.972+0000][gc,heap     ] GC(669) Humongous regions: 151->151
[2025-12-25T02:55:38.972+0000][gc,metaspace] GC(669) Metaspace: 16109K(16448K)->16109K(16448K) NonClass: 14360K(14464K)->14360K(14464K) Class: 1748K(1984K)->1748K(1984K)
[2025-12-25T02:55:38.972+0000][gc          ] GC(669) Pause Young (Normal) (G1 Evacuation Pause) 960M->379M(1024M) 23.795ms
[2025-12-25T02:55:38.972+0000][gc,cpu      ] GC(669) User=0.17s Sys=0.00s Real=0.03s
[2025-12-25T02:56:09.080+0000][gc,start    ] GC(670) Pause Young (Normal) (G1 Evacuation Pause)
[2025-12-25T02:56:09.081+0000][gc,task     ] GC(670) Using 8 workers of 8 for evacuation
[2025-12-25T02:56:09.111+0000][gc,phases   ] GC(670)   Pre Evacuate Collection Set: 1.7ms
[2025-12-25T02:56:09.111+0000][gc,phases   ] GC(670)   Merge Heap Roots: 1.5ms
[2025-12-25T02:56:09.111+0000][gc,phases   ] GC(670)   Evacuate Collection Set: 23.9ms
[2025-12-25T02:56:09.111+0000][gc,phases   ] GC(670)   Post Evacuate Collection Set: 2.1ms
[2025-12-25T02:56:09.111+0000][gc,phases   ] GC(670)   Other: 0.8ms
[2025-12-25T02:56:09.111+0000][gc,heap     ] GC(670) Eden regions: 585->0(585)
[2025-12-25T02:56:09.111+0000][gc,heap     ] GC(670) Survivor regions: 6->6(58)
[2025-12-25T02:56:09.111+0000][gc,heap     ] GC(670) Old regions: 224->224
[2025-12-25T02:56:09.111+0000][gc,heap     ] GC(670) Humongous regions: 151->151
[2025-12-25T02:56:09.112+0000][gc,metaspace] GC(670) Metaspace: 16112K(16448K)->16112K(16448K) NonClass: 14363K(14464K)->14363K(14464K) Class: 1748K(1984K)->1748K(1984K)
[2025-12-25T02:56:09.112+0000][gc          ] GC(670) Pause Young (Normal) (G1 Evacuation Pause) 964M->380M(1024M) 31.538ms
[2025-12-25T02:56:09.112+0000][gc,cpu      ] GC(670) User=0.19s Sys=0.00s Real=0.03s
[2025-12-25T02:56:39.182+0000][gc,start    ] GC(671) Pause Young (Normal) (G1 Evacuation Pause)
[2025-12-25T02:56:39.183+0000][gc,task     ] GC(671) Using 8 workers of 8 for evacuation
[2025-12-25T02:56:39.214+0000][gc,phases   ] GC(671)   Pre Evacuate Collection Set: 2.9ms
[2025-12-25T02:56:39.214+0000][gc,phases   ] GC(671)   Merge Heap Roots: 3.0ms
[2025-12-25T02:56:39.214+0000][gc,phases   ] GC(671)   Evacuate Collection Set: 23.1ms
[2025-12-25T02:56:39.214+0000][gc,phases   ] GC(671)   Post Evacuate Collection Set: 1.5ms
[2025-12-25T02:56:39.214+0000][gc,phases   ] GC(671)   Other: 0.6ms
[2025-12-25T02:56:39.214+0000][gc,heap     ] GC(671) Eden regions: 585->0(584)
[2025-12-25T02:56:39.214+0000][gc,heap     ] GC(671) Survivor regions: 6->6(58)
[2025-12-25T02:56:39.214+0000][gc,heap     ] GC(671) Old regions: 224->225
[2025-12-25T02:56:39.214+0000][gc,heap     ] GC(671) Humongous regions: 151->151
[2025-12-25T02:56:39.214+0000][gc,metaspace] GC(671) Metaspace: 16112K(16448K)->16112K(16448K) NonClass: 14363K(14464K)->14363K(14464K) Class: 1748K(1984K)->1748K(1984K)
[2025-12-25T02:56:39.215+0000][gc          ] GC(671) Pause Young (Normal) (G1 Evacuation Pause) 965M->381M(1024M) 32.285ms
[2025-12-25T02:56:39.215+0000][gc,cpu      ] GC(671) User=0.17s Sys=0.00s Real=0.03s
[2025-12-25T02:57:09.535+0000][gc,start    ] GC(672) Pause Young (Normal) (G1 Evacuation Pause)
[2025-12-25T02:57:09.538+0000][gc,task     ] GC(672) Using 8 workers of 8 for evacuation
[2025-12-25T02:57:09.564+0000][gc,phases   ] GC(672)   Pre Evacuate Collection Set: 3.8ms
[2025-12-25T02:57:09.564+0000][gc,phases   ] GC(672)   Merge Heap Roots: 0.4ms
[2025-12-25T02:57:09.564+0000][gc,phases   ] GC(672)   Evacuate Collection Set: 19.8ms
[2025-12-25T02:57:09.564+0000][gc,phases   ] GC(672)   Post Evacuate Collection Set: 1.2ms
[2025-12-25T02:57:09.564+0000][gc,phases   ] GC(672)   Other: 1.5ms
[2025-12-25T02:57:09.564+0000][gc,heap     ] GC(672) Eden regions: 584->0(581)
[2025-12-25T02:57:09.564+0000][gc,heap     ] GC(672) Survivor regions: 6->7(58)
[2025-12-25T02:57:09.564+0000][gc,heap     ] GC(672) Old regions: 225->226
[2025-12-25T02:57:09.564+0000][gc,heap     ] GC(672) Humongous regions: 151->151
[2025-12-25T02:57:09.565+0000][gc,metaspace] GC(672) Metaspace: 16112K(16448K)->16112K(16448K) NonClass: 14363K(14464K)->14363K(14464K) Class: 1748K(1984K)->1748K(1984K)
[2025-12-25T02:57:09.565+0000][gc          ] GC(672) Pause Young (Normal) (G1 Evacuation Pause) 965M->383M(1024M) 29.970ms
[2025-12-25T02:57:09.565+0000][gc,cpu      ] GC(672) User=0.17s Sys=0.00s Real=0.03s
[2025-12-25T02:57:39.403+0000][gc,start    ] GC(673) Pause Young (Normal) (G1 Evacuation Pause)
[2025-12-25T02:57:39.404+0000][gc,task     ] GC(673) Using 8 workers of 8 for evacuation
[2025-12-25T02:57:39.421+0000][gc,phases   ] GC(673)   Pre Evacuate Collection Set: 1.1ms
[2025-12-25T02:57:39.421+0000][gc,phases   ] GC(673)   Merge Heap Roots: 0.3ms
[2025-12-25T02:57:39.421+0000][gc,phases   ] GC(673)   Evacuate Collection Set: 11.8ms
[2025-12-25T02:57:39.421+0000][gc,phases   ] GC(673)   Post Evacuate Collection Set: 3.0ms
[2025-12-25T02:57:39.421+0000][gc,phases   ] GC(673)   Other: 0.5ms
[2025-12-25T02:57:39.421+0000][gc,heap     ] GC(673) Eden regions: 581->0(579)
[2025-12-25T02:57:39.421+0000][gc,heap     ] GC(673) Survivor regions: 7->8(59)
[2025-12-25T02:57:39.421+0000][gc,heap     ] GC(673) Old regions: 226->226
[2025-12-25T02:57:39.421+0000][gc,heap     ] GC(673) Humongous regions: 151->151
[2025-12-25T02:57:39.421+0000][gc,metaspace] GC(673) Metaspace: 16112K(16448K)->16112K(16448K) NonClass: 14363K(14464K)->14363K(14464K) Class: 1748K(1984K)->1748K(1984K)
[2025-12-25T02:57:39.421+0000][gc          ] GC(673) Pause Young (Normal) (G1 Evacuation Pause) 964M->384M(1024M) 18.150ms
[2025-12-25T02:57:39.422+0000][gc,cpu      ] GC(673) User=0.11s Sys=0.00s Real=0.02s
[2025-12-25T02:58:18.893+0000][gc,start    ] GC(674) Pause Young (Normal) (G1 Evacuation Pause)
[2025-12-25T02:58:18.894+0000][gc,task     ] GC(674) Using 8 workers of 8 for evacuation
[2025-12-25T02:58:18.905+0000][gc,phases   ] GC(674)   Pre Evacuate Collection Set: 1.7ms
[2025-12-25T02:58:18.906+0000][gc,phases   ] GC(674)   Merge Heap Roots: 0.3ms
[2025-12-25T02:58:18.906+0000][gc,phases   ] GC(674)   Evacuate Collection Set: 6.8ms
[2025-12-25T02:58:18.906+0000][gc,phases   ] GC(674)   Post Evacuate Collection Set: 2.0ms
[2025-12-25T02:58:18.906+0000][gc,phases   ] GC(674)   Other: 0.7ms
[2025-12-25T02:58:18.906+0000][gc,heap     ] GC(674) Eden regions: 579->0(587)
[2025-12-25T02:58:18.906+0000][gc,heap     ] GC(674) Survivor regions: 8->4(60)
[2025-12-25T02:58:18.906+0000][gc,heap     ] GC(674) Old regions: 226->226
[2025-12-25T02:58:18.907+0000][gc,heap     ] GC(674) Humongous regions: 151->151
[2025-12-25T02:58:18.907+0000][gc,metaspace] GC(674) Metaspace: 16112K(16448K)->16112K(16448K) NonClass: 14363K(14464K)->14363K(14464K) Class: 1748K(1984K)->1748K(1984K)
[2025-12-25T02:58:18.907+0000][gc          ] GC(674) Pause Young (Normal) (G1 Evacuation Pause) 963M->380M(1024M) 14.191ms
[2025-12-25T02:58:18.907+0000][gc,cpu      ] GC(674) User=0.06s Sys=0.00s Real=0.02s
[2025-12-25T02:58:49.071+0000][gc,start    ] GC(675) Pause Young (Normal) (G1 Evacuation Pause)
[2025-12-25T02:58:49.072+0000][gc,task     ] GC(675) Using 8 workers of 8 for evacuation
[2025-12-25T02:58:49.089+0000][gc,phases   ] GC(675)   Pre Evacuate Collection Set: 2.0ms
[2025-12-25T02:58:49.089+0000][gc,phases   ] GC(675)   Merge Heap Roots: 1.2ms
[2025-12-25T02:58:49.089+0000][gc,phases   ] GC(675)   Evacuate Collection Set: 11.7ms
[2025-12-25T02:58:49.089+0000][gc,phases   ] GC(675)   Post Evacuate Collection Set: 1.2ms
[2025-12-25T02:58:49.089+0000][gc,phases   ] GC(675)   Other: 0.6ms
[2025-12-25T02:58:49.089+0000][gc,heap     ] GC(675) Eden regions: 587->0(585)
[2025-12-25T02:58:49.089+0000][gc,heap     ] GC(675) Survivor regions: 4->5(56)
[2025-12-25T02:58:49.089+0000][gc,heap     ] GC(675) Old regions: 226->226
[2025-12-25T02:58:49.089+0000][gc,heap     ] GC(675) Humongous regions: 151->151
[2025-12-25T02:58:49.089+0000][gc,metaspace] GC(675) Metaspace: 16112K(16448K)->16112K(16448K) NonClass: 14363K(14464K)->14363K(14464K) Class: 1748K(1984K)->1748K(1984K)
[2025-12-25T02:58:49.089+0000][gc          ] GC(675) Pause Young (Normal) (G1 Evacuation Pause) 967M->381M(1024M) 17.919ms
[2025-12-25T02:58:49.089+0000][gc,cpu      ] GC(675) User=0.10s Sys=0.00s Real=0.02s
[2025-12-25T02:59:19.262+0000][gc,start    ] GC(676) Pause Young (Normal) (G1 Evacuation Pause)
[2025-12-25T02:59:19.264+0000][gc,task     ] GC(676) Using 8 workers of 8 for evacuation
[2025-12-25T02:59:19.304+0000][gc,phases   ] GC(676)   Pre Evacuate Collection Set: 3.6ms
[2025-12-25T02:59:19.305+0000][gc,phases   ] GC(676)   Merge Heap Roots: 0.7ms
[2025-12-25T02:59:19.305+0000][gc,phases   ] GC(676)   Evacuate Collection Set: 26.7ms
[2025-12-25T02:59:19.305+0000][gc,phases   ] GC(676)   Post Evacuate Collection Set: 7.2ms
[2025-12-25T02:59:19.305+0000][gc,phases   ] GC(676)   Other: 2.5ms
[2025-12-25T02:59:19.306+0000][gc,heap     ] GC(676) Eden regions: 585->0(581)
[2025-12-25T02:59:19.306+0000][gc,heap     ] GC(676) Survivor regions: 5->7(57)
[2025-12-25T02:59:19.306+0000][gc,heap     ] GC(676) Old regions: 226->226
[2025-12-25T02:59:19.306+0000][gc,heap     ] GC(676) Humongous regions: 151->151
[2025-12-25T02:59:19.306+0000][gc,metaspace] GC(676) Metaspace: 16112K(16448K)->16112K(16448K) NonClass: 14363K(14464K)->14363K(14464K) Class: 1748K(1984K)->1748K(1984K)
[2025-12-25T02:59:19.307+0000][gc          ] GC(676) Pause Young (Normal) (G1 Evacuation Pause) 966M->382M(1024M) 44.819ms
[2025-12-25T02:59:19.307+0000][gc,cpu      ] GC(676) User=0.09s Sys=0.01s Real=0.05s
[2025-12-25T02:59:49.229+0000][gc,start    ] GC(677) Pause Young (Normal) (G1 Evacuation Pause)
[2025-12-25T02:59:49.229+0000][gc,task     ] GC(677) Using 8 workers of 8 for evacuation
[2025-12-25T02:59:49.250+0000][gc,phases   ] GC(677)   Pre Evacuate Collection Set: 4.5ms
[2025-12-25T02:59:49.250+0000][gc,phases   ] GC(677)   Merge Heap Roots: 0.9ms
[2025-12-25T02:59:49.250+0000][gc,phases   ] GC(677)   Evacuate Collection Set: 12.2ms
[2025-12-25T02:59:49.250+0000][gc,phases   ] GC(677)   Post Evacuate Collection Set: 1.3ms
[2025-12-25T02:59:49.250+0000][gc,phases   ] GC(677)   Other: 1.9ms
[2025-12-25T02:59:49.250+0000][gc,heap     ] GC(677) Eden regions: 581->0(579)
[2025-12-25T02:59:49.250+0000][gc,heap     ] GC(677) Survivor regions: 7->8(59)
[2025-12-25T02:59:49.250+0000][gc,heap     ] GC(677) Old regions: 226->226
[2025-12-25T02:59:49.251+0000][gc,heap     ] GC(677) Humongous regions: 151->151
[2025-12-25T02:59:49.251+0000][gc,metaspace] GC(677) Metaspace: 16112K(16448K)->16112K(16448K) NonClass: 14363K(14464K)->14363K(14464K) Class: 1748K(1984K)->1748K(1984K)
[2025-12-25T02:59:49.251+0000][gc          ] GC(677) Pause Young (Normal) (G1 Evacuation Pause) 963M->384M(1024M) 22.048ms
[2025-12-25T02:59:49.251+0000][gc,cpu      ] GC(677) User=0.12s Sys=0.00s Real=0.02s
[2025-12-25T03:00:19.385+0000][gc,start    ] GC(678) Pause Young (Normal) (G1 Evacuation Pause)
[2025-12-25T03:00:19.385+0000][gc,task     ] GC(678) Using 8 workers of 8 for evacuation
[2025-12-25T03:00:19.455+0000][gc,phases   ] GC(678)   Pre Evacuate Collection Set: 13.5ms
[2025-12-25T03:00:19.455+0000][gc,phases   ] GC(678)   Merge Heap Roots: 0.7ms
[2025-12-25T03:00:19.456+0000][gc,phases   ] GC(678)   Evacuate Collection Set: 44.0ms
[2025-12-25T03:00:19.456+0000][gc,phases   ] GC(678)   Post Evacuate Collection Set: 11.1ms
[2025-12-25T03:00:19.456+0000][gc,phases   ] GC(678)   Other: 0.6ms
[2025-12-25T03:00:19.456+0000][gc,heap     ] GC(678) Eden regions: 579->0(577)
[2025-12-25T03:00:19.457+0000][gc,heap     ] GC(678) Survivor regions: 8->9(60)
[2025-12-25T03:00:19.457+0000][gc,heap     ] GC(678) Old regions: 226->226
[2025-12-25T03:00:19.457+0000][gc,heap     ] GC(678) Humongous regions: 151->151
[2025-12-25T03:00:19.458+0000][gc,metaspace] GC(678) Metaspace: 16113K(16512K)->16113K(16512K) NonClass: 14364K(14528K)->14364K(14528K) Class: 1748K(1984K)->1748K(1984K)
[2025-12-25T03:00:19.458+0000][gc          ] GC(678) Pause Young (Normal) (G1 Evacuation Pause) 963M->385M(1024M) 73.373ms
[2025-12-25T03:00:19.459+0000][gc,cpu      ] GC(678) User=0.36s Sys=0.04s Real=0.07s
[2025-12-25T03:00:49.475+0000][gc,start    ] GC(679) Pause Young (Normal) (G1 Evacuation Pause)
[2025-12-25T03:00:49.476+0000][gc,task     ] GC(679) Using 8 workers of 8 for evacuation
[2025-12-25T03:00:49.509+0000][gc,phases   ] GC(679)   Pre Evacuate Collection Set: 1.5ms
[2025-12-25T03:00:49.510+0000][gc,phases   ] GC(679)   Merge Heap Roots: 0.4ms
[2025-12-25T03:00:49.510+0000][gc,phases   ] GC(679)   Evacuate Collection Set: 27.4ms
[2025-12-25T03:00:49.510+0000][gc,phases   ] GC(679)   Post Evacuate Collection Set: 3.8ms
[2025-12-25T03:00:49.510+0000][gc,phases   ] GC(679)   Other: 0.6ms
[2025-12-25T03:00:49.510+0000][gc,heap     ] GC(679) Eden regions: 577->0(574)
[2025-12-25T03:00:49.510+0000][gc,heap     ] GC(679) Survivor regions: 9->10(61)
[2025-12-25T03:00:49.510+0000][gc,heap     ] GC(679) Old regions: 226->227
[2025-12-25T03:00:49.511+0000][gc,heap     ] GC(679) Humongous regions: 151->151
[2025-12-25T03:00:49.511+0000][gc,metaspace] GC(679) Metaspace: 16113K(16512K)->16113K(16512K) NonClass: 14364K(14528K)->14364K(14528K) Class: 1748K(1984K)->1748K(1984K)
[2025-12-25T03:00:49.511+0000][gc          ] GC(679) Pause Young (Normal) (G1 Evacuation Pause) 962M->386M(1024M) 35.504ms
[2025-12-25T03:00:49.511+0000][gc,cpu      ] GC(679) User=0.16s Sys=0.06s Real=0.04s
[2025-12-25T03:01:28.934+0000][gc,start    ] GC(680) Pause Young (Normal) (G1 Evacuation Pause)
[2025-12-25T03:01:28.935+0000][gc,task     ] GC(680) Using 8 workers of 8 for evacuation
[2025-12-25T03:01:28.948+0000][gc,phases   ] GC(680)   Pre Evacuate Collection Set: 1.3ms
[2025-12-25T03:01:28.949+0000][gc,phases   ] GC(680)   Merge Heap Roots: 0.3ms
[2025-12-25T03:01:28.949+0000][gc,phases   ] GC(680)   Evacuate Collection Set: 10.4ms
[2025-12-25T03:01:28.949+0000][gc,phases   ] GC(680)   Post Evacuate Collection Set: 1.5ms
[2025-12-25T03:01:28.949+0000][gc,phases   ] GC(680)   Other: 0.5ms
[2025-12-25T03:01:28.949+0000][gc,heap     ] GC(680) Eden regions: 574->0(582)
[2025-12-25T03:01:28.949+0000][gc,heap     ] GC(680) Survivor regions: 10->6(62)
[2025-12-25T03:01:28.949+0000][gc,heap     ] GC(680) Old regions: 227->227
[2025-12-25T03:01:28.949+0000][gc,heap     ] GC(680) Humongous regions: 151->151
[2025-12-25T03:01:28.950+0000][gc,metaspace] GC(680) Metaspace: 16131K(16512K)->16131K(16512K) NonClass: 14382K(14528K)->14382K(14528K) Class: 1748K(1984K)->1748K(1984K)
[2025-12-25T03:01:28.950+0000][gc          ] GC(680) Pause Young (Normal) (G1 Evacuation Pause) 960M->382M(1024M) 15.986ms
[2025-12-25T03:01:28.950+0000][gc,cpu      ] GC(680) User=0.09s Sys=0.00s Real=0.02s
[2025-12-25T03:01:59.066+0000][gc,start    ] GC(681) Pause Young (Normal) (G1 Evacuation Pause)
[2025-12-25T03:01:59.069+0000][gc,task     ] GC(681) Using 8 workers of 8 for evacuation
[2025-12-25T03:01:59.085+0000][gc,phases   ] GC(681)   Pre Evacuate Collection Set: 1.8ms
[2025-12-25T03:01:59.085+0000][gc,phases   ] GC(681)   Merge Heap Roots: 1.9ms
[2025-12-25T03:01:59.085+0000][gc,phases   ] GC(681)   Evacuate Collection Set: 7.9ms
[2025-12-25T03:01:59.085+0000][gc,phases   ] GC(681)   Post Evacuate Collection Set: 3.2ms
[2025-12-25T03:01:59.085+0000][gc,phases   ] GC(681)   Other: 2.4ms
[2025-12-25T03:01:59.085+0000][gc,heap     ] GC(681) Eden regions: 582->0(580)
[2025-12-25T03:01:59.085+0000][gc,heap     ] GC(681) Survivor regions: 6->7(58)
[2025-12-25T03:01:59.085+0000][gc,heap     ] GC(681) Old regions: 227->227
[2025-12-25T03:01:59.085+0000][gc,heap     ] GC(681) Humongous regions: 151->151
[2025-12-25T03:01:59.085+0000][gc,metaspace] GC(681) Metaspace: 16131K(16512K)->16131K(16512K) NonClass: 14382K(14528K)->14382K(14528K) Class: 1748K(1984K)->1748K(1984K)
[2025-12-25T03:01:59.086+0000][gc          ] GC(681) Pause Young (Normal) (G1 Evacuation Pause) 964M->384M(1024M) 19.353ms
[2025-12-25T03:01:59.086+0000][gc,cpu      ] GC(681) User=0.07s Sys=0.01s Real=0.01s
[2025-12-25T03:02:29.132+0000][gc,start    ] GC(682) Pause Young (Normal) (G1 Evacuation Pause)
[2025-12-25T03:02:29.133+0000][gc,task     ] GC(682) Using 8 workers of 8 for evacuation
[2025-12-25T03:02:29.153+0000][gc,phases   ] GC(682)   Pre Evacuate Collection Set: 0.9ms
[2025-12-25T03:02:29.153+0000][gc,phases   ] GC(682)   Merge Heap Roots: 0.3ms
[2025-12-25T03:02:29.153+0000][gc,phases   ] GC(682)   Evacuate Collection Set: 17.3ms
[2025-12-25T03:02:29.153+0000][gc,phases   ] GC(682)   Post Evacuate Collection Set: 1.3ms
[2025-12-25T03:02:29.153+0000][gc,phases   ] GC(682)   Other: 0.4ms
[2025-12-25T03:02:29.153+0000][gc,heap     ] GC(682) Eden regions: 580->0(578)
[2025-12-25T03:02:29.153+0000][gc,heap     ] GC(682) Survivor regions: 7->8(59)
[2025-12-25T03:02:29.153+0000][gc,heap     ] GC(682) Old regions: 227->227
[2025-12-25T03:02:29.153+0000][gc,heap     ] GC(682) Humongous regions: 151->151
[2025-12-25T03:02:29.153+0000][gc,metaspace] GC(682) Metaspace: 16131K(16512K)->16131K(16512K) NonClass: 14382K(14528K)->14382K(14528K) Class: 1748K(1984K)->1748K(1984K)
[2025-12-25T03:02:29.154+0000][gc          ] GC(682) Pause Young (Normal) (G1 Evacuation Pause) 964M->385M(1024M) 21.444ms
[2025-12-25T03:02:29.154+0000][gc,cpu      ] GC(682) User=0.14s Sys=0.00s Real=0.03s
[2025-12-25T03:02:59.293+0000][gc,start    ] GC(683) Pause Young (Normal) (G1 Evacuation Pause)
[2025-12-25T03:02:59.295+0000][gc,task     ] GC(683) Using 8 workers of 8 for evacuation
[2025-12-25T03:02:59.311+0000][gc,phases   ] GC(683)   Pre Evacuate Collection Set: 3.5ms
[2025-12-25T03:02:59.311+0000][gc,phases   ] GC(683)   Merge Heap Roots: 0.9ms
[2025-12-25T03:02:59.311+0000][gc,phases   ] GC(683)   Evacuate Collection Set: 8.6ms
[2025-12-25T03:02:59.311+0000][gc,phases   ] GC(683)   Post Evacuate Collection Set: 2.1ms
[2025-12-25T03:02:59.311+0000][gc,phases   ] GC(683)   Other: 1.8ms
[2025-12-25T03:02:59.311+0000][gc,heap     ] GC(683) Eden regions: 578->0(574)
[2025-12-25T03:02:59.311+0000][gc,heap     ] GC(683) Survivor regions: 8->10(60)
[2025-12-25T03:02:59.311+0000][gc,heap     ] GC(683) Old regions: 227->227
[2025-12-25T03:02:59.311+0000][gc,heap     ] GC(683) Humongous regions: 151->151
[2025-12-25T03:02:59.312+0000][gc,metaspace] GC(683) Metaspace: 16131K(16512K)->16131K(16512K) NonClass: 14382K(14528K)->14382K(14528K) Class: 1748K(1984K)->1748K(1984K)
[2025-12-25T03:02:59.312+0000][gc          ] GC(683) Pause Young (Normal) (G1 Evacuation Pause) 963M->386M(1024M) 18.732ms
[2025-12-25T03:02:59.312+0000][gc,cpu      ] GC(683) User=0.09s Sys=0.01s Real=0.02s
[2025-12-25T03:03:29.340+0000][gc,start    ] GC(684) Pause Young (Normal) (G1 Evacuation Pause)
[2025-12-25T03:03:29.341+0000][gc,task     ] GC(684) Using 8 workers of 8 for evacuation
[2025-12-25T03:03:29.362+0000][gc,phases   ] GC(684)   Pre Evacuate Collection Set: 1.1ms
[2025-12-25T03:03:29.362+0000][gc,phases   ] GC(684)   Merge Heap Roots: 0.3ms
[2025-12-25T03:03:29.362+0000][gc,phases   ] GC(684)   Evacuate Collection Set: 18.4ms
[2025-12-25T03:03:29.362+0000][gc,phases   ] GC(684)   Post Evacuate Collection Set: 1.4ms
[2025-12-25T03:03:29.363+0000][gc,phases   ] GC(684)   Other: 0.4ms
[2025-12-25T03:03:29.363+0000][gc,heap     ] GC(684) Eden regions: 574->0(574)
[2025-12-25T03:03:29.363+0000][gc,heap     ] GC(684) Survivor regions: 10->10(62)
[2025-12-25T03:03:29.363+0000][gc,heap     ] GC(684) Old regions: 227->227
[2025-12-25T03:03:29.363+0000][gc,heap     ] GC(684) Humongous regions: 151->151
[2025-12-25T03:03:29.363+0000][gc,metaspace] GC(684) Metaspace: 16131K(16512K)->16131K(16512K) NonClass: 14382K(14528K)->14382K(14528K) Class: 1748K(1984K)->1748K(1984K)
[2025-12-25T03:03:29.363+0000][gc          ] GC(684) Pause Young (Normal) (G1 Evacuation Pause) 960M->387M(1024M) 23.015ms
[2025-12-25T03:03:29.363+0000][gc,cpu      ] GC(684) User=0.16s Sys=0.00s Real=0.03s
[2025-12-25T03:03:59.392+0000][gc,start    ] GC(685) Pause Young (Normal) (G1 Evacuation Pause)
[2025-12-25T03:03:59.392+0000][gc,task     ] GC(685) Using 8 workers of 8 for evacuation
[2025-12-25T03:03:59.406+0000][gc,phases   ] GC(685)   Pre Evacuate Collection Set: 1.0ms
[2025-12-25T03:03:59.406+0000][gc,phases   ] GC(685)   Merge Heap Roots: 0.4ms
[2025-12-25T03:03:59.406+0000][gc,phases   ] GC(685)   Evacuate Collection Set: 10.5ms
[2025-12-25T03:03:59.406+0000][gc,phases   ] GC(685)   Post Evacuate Collection Set: 1.2ms
[2025-12-25T03:03:59.406+0000][gc,phases   ] GC(685)   Other: 0.4ms
[2025-12-25T03:03:59.406+0000][gc,heap     ] GC(685) Eden regions: 574->0(577)
[2025-12-25T03:03:59.406+0000][gc,heap     ] GC(685) Survivor regions: 10->8(62)
[2025-12-25T03:03:59.406+0000][gc,heap     ] GC(685) Old regions: 227->228
[2025-12-25T03:03:59.406+0000][gc,heap     ] GC(685) Humongous regions: 151->151
[2025-12-25T03:03:59.406+0000][gc,metaspace] GC(685) Metaspace: 16131K(16512K)->16131K(16512K) NonClass: 14382K(14528K)->14382K(14528K) Class: 1748K(1984K)->1748K(1984K)
[2025-12-25T03:03:59.406+0000][gc          ] GC(685) Pause Young (Normal) (G1 Evacuation Pause) 961M->385M(1024M) 14.693ms
[2025-12-25T03:03:59.406+0000][gc,cpu      ] GC(685) User=0.08s Sys=0.00s Real=0.01s
[2025-12-25T03:04:38.890+0000][gc,start    ] GC(686) Pause Young (Normal) (G1 Evacuation Pause)
[2025-12-25T03:04:38.892+0000][gc,task     ] GC(686) Using 8 workers of 8 for evacuation
[2025-12-25T03:04:38.916+0000][gc,phases   ] GC(686)   Pre Evacuate Collection Set: 2.0ms
[2025-12-25T03:04:38.917+0000][gc,phases   ] GC(686)   Merge Heap Roots: 0.7ms
[2025-12-25T03:04:38.917+0000][gc,phases   ] GC(686)   Evacuate Collection Set: 19.5ms
[2025-12-25T03:04:38.917+0000][gc,phases   ] GC(686)   Post Evacuate Collection Set: 1.7ms
[2025-12-25T03:04:38.917+0000][gc,phases   ] GC(686)   Other: 0.9ms
[2025-12-25T03:04:38.917+0000][gc,heap     ] GC(686) Eden regions: 577->0(579)
[2025-12-25T03:04:38.917+0000][gc,heap     ] GC(686) Survivor regions: 8->7(60)
[2025-12-25T03:04:38.917+0000][gc,heap     ] GC(686) Old regions: 228->228
[2025-12-25T03:04:38.917+0000][gc,heap     ] GC(686) Humongous regions: 151->151
[2025-12-25T03:04:38.917+0000][gc,metaspace] GC(686) Metaspace: 16131K(16512K)->16131K(16512K) NonClass: 14382K(14528K)->14382K(14528K) Class: 1748K(1984K)->1748K(1984K)
[2025-12-25T03:04:38.918+0000][gc          ] GC(686) Pause Young (Normal) (G1 Evacuation Pause) 962M->384M(1024M) 27.386ms
[2025-12-25T03:04:38.918+0000][gc,cpu      ] GC(686) User=0.17s Sys=0.01s Real=0.03s
[2025-12-25T03:05:09.002+0000][gc,start    ] GC(687) Pause Young (Normal) (G1 Evacuation Pause)
[2025-12-25T03:05:09.002+0000][gc,task     ] GC(687) Using 8 workers of 8 for evacuation
[2025-12-25T03:05:09.022+0000][gc,phases   ] GC(687)   Pre Evacuate Collection Set: 1.9ms
[2025-12-25T03:05:09.022+0000][gc,phases   ] GC(687)   Merge Heap Roots: 0.6ms
[2025-12-25T03:05:09.022+0000][gc,phases   ] GC(687)   Evacuate Collection Set: 15.5ms
[2025-12-25T03:05:09.022+0000][gc,phases   ] GC(687)   Post Evacuate Collection Set: 1.1ms
[2025-12-25T03:05:09.022+0000][gc,phases   ] GC(687)   Other: 0.5ms
[2025-12-25T03:05:09.022+0000][gc,heap     ] GC(687) Eden regions: 579->0(577)
[2025-12-25T03:05:09.022+0000][gc,heap     ] GC(687) Survivor regions: 7->8(59)
[2025-12-25T03:05:09.022+0000][gc,heap     ] GC(687) Old regions: 228->228
[2025-12-25T03:05:09.022+0000][gc,heap     ] GC(687) Humongous regions: 151->151
[2025-12-25T03:05:09.022+0000][gc,metaspace] GC(687) Metaspace: 16131K(16512K)->16131K(16512K) NonClass: 14382K(14528K)->14382K(14528K) Class: 1748K(1984K)->1748K(1984K)
[2025-12-25T03:05:09.022+0000][gc          ] GC(687) Pause Young (Normal) (G1 Evacuation Pause) 963M->386M(1024M) 20.613ms
[2025-12-25T03:05:09.022+0000][gc,cpu      ] GC(687) User=0.13s Sys=0.00s Real=0.02s
[2025-12-25T03:05:39.062+0000][gc,start    ] GC(688) Pause Young (Normal) (G1 Evacuation Pause)
[2025-12-25T03:05:39.063+0000][gc,task     ] GC(688) Using 8 workers of 8 for evacuation
[2025-12-25T03:05:39.085+0000][gc,phases   ] GC(688)   Pre Evacuate Collection Set: 1.1ms
[2025-12-25T03:05:39.085+0000][gc,phases   ] GC(688)   Merge Heap Roots: 0.4ms
[2025-12-25T03:05:39.085+0000][gc,phases   ] GC(688)   Evacuate Collection Set: 19.2ms
[2025-12-25T03:05:39.086+0000][gc,phases   ] GC(688)   Post Evacuate Collection Set: 1.3ms
[2025-12-25T03:05:39.086+0000][gc,phases   ] GC(688)   Other: 0.4ms
[2025-12-25T03:05:39.086+0000][gc,heap     ] GC(688) Eden regions: 577->0(575)
[2025-12-25T03:05:39.086+0000][gc,heap     ] GC(688) Survivor regions: 8->9(60)
[2025-12-25T03:05:39.086+0000][gc,heap     ] GC(688) Old regions: 228->228
[2025-12-25T03:05:39.086+0000][gc,heap     ] GC(688) Humongous regions: 151->151
[2025-12-25T03:05:39.086+0000][gc,metaspace] GC(688) Metaspace: 16131K(16512K)->16131K(16512K) NonClass: 14382K(14528K)->14382K(14528K) Class: 1748K(1984K)->1748K(1984K)
[2025-12-25T03:05:39.086+0000][gc          ] GC(688) Pause Young (Normal) (G1 Evacuation Pause) 963M->387M(1024M) 23.876ms
[2025-12-25T03:05:39.086+0000][gc,cpu      ] GC(688) User=0.16s Sys=0.00s Real=0.03s
[2025-12-25T03:06:09.182+0000][gc,start    ] GC(689) Pause Young (Normal) (G1 Evacuation Pause)
[2025-12-25T03:06:09.182+0000][gc,task     ] GC(689) Using 8 workers of 8 for evacuation
[2025-12-25T03:06:09.205+0000][gc,phases   ] GC(689)   Pre Evacuate Collection Set: 1.0ms
[2025-12-25T03:06:09.205+0000][gc,phases   ] GC(689)   Merge Heap Roots: 0.4ms
[2025-12-25T03:06:09.206+0000][gc,phases   ] GC(689)   Evacuate Collection Set: 19.6ms
[2025-12-25T03:06:09.206+0000][gc,phases   ] GC(689)   Post Evacuate Collection Set: 1.5ms
[2025-12-25T03:06:09.206+0000][gc,phases   ] GC(689)   Other: 0.4ms
[2025-12-25T03:06:09.206+0000][gc,heap     ] GC(689) Eden regions: 575->0(572)
[2025-12-25T03:06:09.206+0000][gc,heap     ] GC(689) Survivor regions: 9->10(61)
[2025-12-25T03:06:09.206+0000][gc,heap     ] GC(689) Old regions: 228->229
[2025-12-25T03:06:09.206+0000][gc,heap     ] GC(689) Humongous regions: 151->151
[2025-12-25T03:06:09.206+0000][gc,metaspace] GC(689) Metaspace: 16131K(16512K)->16131K(16512K) NonClass: 14382K(14528K)->14382K(14528K) Class: 1748K(1984K)->1748K(1984K)
[2025-12-25T03:06:09.206+0000][gc          ] GC(689) Pause Young (Normal) (G1 Evacuation Pause) 962M->389M(1024M) 24.059ms
[2025-12-25T03:06:09.206+0000][gc,cpu      ] GC(689) User=0.16s Sys=0.01s Real=0.03s
[2025-12-25T03:06:39.228+0000][gc,start    ] GC(690) Pause Young (Normal) (G1 Evacuation Pause)
[2025-12-25T03:06:39.229+0000][gc,task     ] GC(690) Using 8 workers of 8 for evacuation
[2025-12-25T03:06:39.249+0000][gc,phases   ] GC(690)   Pre Evacuate Collection Set: 1.3ms
[2025-12-25T03:06:39.249+0000][gc,phases   ] GC(690)   Merge Heap Roots: 1.8ms
[2025-12-25T03:06:39.249+0000][gc,phases   ] GC(690)   Evacuate Collection Set: 15.2ms
[2025-12-25T03:06:39.249+0000][gc,phases   ] GC(690)   Post Evacuate Collection Set: 1.6ms
[2025-12-25T03:06:39.249+0000][gc,phases   ] GC(690)   Other: 0.4ms
[2025-12-25T03:06:39.249+0000][gc,heap     ] GC(690) Eden regions: 572->0(578)
[2025-12-25T03:06:39.249+0000][gc,heap     ] GC(690) Survivor regions: 10->7(62)
[2025-12-25T03:06:39.249+0000][gc,heap     ] GC(690) Old regions: 229->229
[2025-12-25T03:06:39.249+0000][gc,heap     ] GC(690) Humongous regions: 151->151
[2025-12-25T03:06:39.250+0000][gc,metaspace] GC(690) Metaspace: 16131K(16512K)->16131K(16512K) NonClass: 14382K(14528K)->14382K(14528K) Class: 1748K(1984K)->1748K(1984K)
[2025-12-25T03:06:39.250+0000][gc          ] GC(690) Pause Young (Normal) (G1 Evacuation Pause) 961M->386M(1024M) 21.486ms
[2025-12-25T03:06:39.250+0000][gc,cpu      ] GC(690) User=0.13s Sys=0.01s Real=0.02s
[2025-12-25T03:07:09.364+0000][gc,start    ] GC(691) Pause Young (Normal) (G1 Evacuation Pause)
[2025-12-25T03:07:09.365+0000][gc,task     ] GC(691) Using 8 workers of 8 for evacuation
[2025-12-25T03:07:09.383+0000][gc,phases   ] GC(691)   Pre Evacuate Collection Set: 2.0ms
[2025-12-25T03:07:09.384+0000][gc,phases   ] GC(691)   Merge Heap Roots: 0.7ms
[2025-12-25T03:07:09.384+0000][gc,phases   ] GC(691)   Evacuate Collection Set: 13.9ms
[2025-12-25T03:07:09.384+0000][gc,phases   ] GC(691)   Post Evacuate Collection Set: 1.5ms
[2025-12-25T03:07:09.384+0000][gc,phases   ] GC(691)   Other: 0.8ms
[2025-12-25T03:07:09.384+0000][gc,heap     ] GC(691) Eden regions: 578->0(574)
[2025-12-25T03:07:09.384+0000][gc,heap     ] GC(691) Survivor regions: 7->9(59)
[2025-12-25T03:07:09.384+0000][gc,heap     ] GC(691) Old regions: 229->229
[2025-12-25T03:07:09.384+0000][gc,heap     ] GC(691) Humongous regions: 151->151
[2025-12-25T03:07:09.384+0000][gc,metaspace] GC(691) Metaspace: 16131K(16512K)->16131K(16512K) NonClass: 14382K(14528K)->14382K(14528K) Class: 1748K(1984K)->1748K(1984K)
[2025-12-25T03:07:09.384+0000][gc          ] GC(691) Pause Young (Normal) (G1 Evacuation Pause) 964M->388M(1024M) 20.161ms
[2025-12-25T03:07:09.384+0000][gc,cpu      ] GC(691) User=0.10s Sys=0.01s Real=0.02s
[2025-12-25T03:07:39.418+0000][gc,start    ] GC(692) Pause Young (Normal) (G1 Evacuation Pause)
[2025-12-25T03:07:39.418+0000][gc,task     ] GC(692) Using 8 workers of 8 for evacuation
[2025-12-25T03:07:39.433+0000][gc,phases   ] GC(692)   Pre Evacuate Collection Set: 2.2ms
[2025-12-25T03:07:39.433+0000][gc,phases   ] GC(692)   Merge Heap Roots: 0.7ms
[2025-12-25T03:07:39.433+0000][gc,phases   ] GC(692)   Evacuate Collection Set: 9.5ms
[2025-12-25T03:07:39.433+0000][gc,phases   ] GC(692)   Post Evacuate Collection Set: 1.8ms
[2025-12-25T03:07:39.433+0000][gc,phases   ] GC(692)   Other: 0.4ms
[2025-12-25T03:07:39.433+0000][gc,heap     ] GC(692) Eden regions: 574->0(571)
[2025-12-25T03:07:39.433+0000][gc,heap     ] GC(692) Survivor regions: 9->10(61)
[2025-12-25T03:07:39.434+0000][gc,heap     ] GC(692) Old regions: 229->230
[2025-12-25T03:07:39.434+0000][gc,heap     ] GC(692) Humongous regions: 151->151
[2025-12-25T03:07:39.434+0000][gc,metaspace] GC(692) Metaspace: 16131K(16512K)->16131K(16512K) NonClass: 14382K(14528K)->14382K(14528K) Class: 1748K(1984K)->1748K(1984K)
[2025-12-25T03:07:39.434+0000][gc          ] GC(692) Pause Young (Normal) (G1 Evacuation Pause) 962M->389M(1024M) 15.783ms
[2025-12-25T03:07:39.434+0000][gc,cpu      ] GC(692) User=0.08s Sys=0.00s Real=0.02s
[2025-12-25T03:08:18.887+0000][gc,start    ] GC(693) Pause Young (Normal) (G1 Evacuation Pause)
[2025-12-25T03:08:18.887+0000][gc,task     ] GC(693) Using 8 workers of 8 for evacuation
[2025-12-25T03:08:18.906+0000][gc,phases   ] GC(693)   Pre Evacuate Collection Set: 1.9ms
[2025-12-25T03:08:18.907+0000][gc,phases   ] GC(693)   Merge Heap Roots: 0.5ms
[2025-12-25T03:08:18.907+0000][gc,phases   ] GC(693)   Evacuate Collection Set: 15.0ms
[2025-12-25T03:08:18.907+0000][gc,phases   ] GC(693)   Post Evacuate Collection Set: 1.4ms
[2025-12-25T03:08:18.907+0000][gc,phases   ] GC(693)   Other: 0.5ms
[2025-12-25T03:08:18.907+0000][gc,heap     ] GC(693) Eden regions: 571->0(575)
[2025-12-25T03:08:18.907+0000][gc,heap     ] GC(693) Survivor regions: 10->8(62)
[2025-12-25T03:08:18.907+0000][gc,heap     ] GC(693) Old regions: 230->230
[2025-12-25T03:08:18.907+0000][gc,heap     ] GC(693) Humongous regions: 151->151
[2025-12-25T03:08:18.907+0000][gc,metaspace] GC(693) Metaspace: 16131K(16512K)->16131K(16512K) NonClass: 14382K(14528K)->14382K(14528K) Class: 1748K(1984K)->1748K(1984K)
[2025-12-25T03:08:18.907+0000][gc          ] GC(693) Pause Young (Normal) (G1 Evacuation Pause) 960M->387M(1024M) 20.737ms
[2025-12-25T03:08:18.908+0000][gc,cpu      ] GC(693) User=0.13s Sys=0.00s Real=0.02s
[2025-12-25T03:08:48.976+0000][gc,start    ] GC(694) Pause Young (Normal) (G1 Evacuation Pause)
[2025-12-25T03:08:48.976+0000][gc,task     ] GC(694) Using 8 workers of 8 for evacuation
[2025-12-25T03:08:48.987+0000][gc,phases   ] GC(694)   Pre Evacuate Collection Set: 1.0ms
[2025-12-25T03:08:48.987+0000][gc,phases   ] GC(694)   Merge Heap Roots: 0.6ms
[2025-12-25T03:08:48.988+0000][gc,phases   ] GC(694)   Evacuate Collection Set: 8.0ms
[2025-12-25T03:08:48.988+0000][gc,phases   ] GC(694)   Post Evacuate Collection Set: 1.1ms
[2025-12-25T03:08:48.988+0000][gc,phases   ] GC(694)   Other: 0.3ms
[2025-12-25T03:08:48.988+0000][gc,heap     ] GC(694) Eden regions: 575->0(573)
[2025-12-25T03:08:48.988+0000][gc,heap     ] GC(694) Survivor regions: 8->9(60)
[2025-12-25T03:08:48.988+0000][gc,heap     ] GC(694) Old regions: 230->230
[2025-12-25T03:08:48.988+0000][gc,heap     ] GC(694) Humongous regions: 151->151
[2025-12-25T03:08:48.988+0000][gc,metaspace] GC(694) Metaspace: 16131K(16512K)->16131K(16512K) NonClass: 14382K(14528K)->14382K(14528K) Class: 1748K(1984K)->1748K(1984K)
[2025-12-25T03:08:48.988+0000][gc          ] GC(694) Pause Young (Normal) (G1 Evacuation Pause) 962M->389M(1024M) 12.141ms
[2025-12-25T03:08:48.988+0000][gc,cpu      ] GC(694) User=0.06s Sys=0.00s Real=0.02s
[2025-12-25T03:09:19.048+0000][gc,start    ] GC(695) Pause Young (Normal) (G1 Evacuation Pause)
[2025-12-25T03:09:19.049+0000][gc,task     ] GC(695) Using 8 workers of 8 for evacuation
[2025-12-25T03:09:19.064+0000][gc,phases   ] GC(695)   Pre Evacuate Collection Set: 1.1ms
[2025-12-25T03:09:19.064+0000][gc,phases   ] GC(695)   Merge Heap Roots: 0.4ms
[2025-12-25T03:09:19.064+0000][gc,phases   ] GC(695)   Evacuate Collection Set: 11.0ms
[2025-12-25T03:09:19.064+0000][gc,phases   ] GC(695)   Post Evacuate Collection Set: 1.9ms
[2025-12-25T03:09:19.064+0000][gc,phases   ] GC(695)   Other: 0.5ms
[2025-12-25T03:09:19.064+0000][gc,heap     ] GC(695) Eden regions: 573->0(578)
[2025-12-25T03:09:19.064+0000][gc,heap     ] GC(695) Survivor regions: 9->6(61)
[2025-12-25T03:09:19.064+0000][gc,heap     ] GC(695) Old regions: 230->231
[2025-12-25T03:09:19.064+0000][gc,heap     ] GC(695) Humongous regions: 151->151
[2025-12-25T03:09:19.064+0000][gc,metaspace] GC(695) Metaspace: 16131K(16512K)->16131K(16512K) NonClass: 14382K(14528K)->14382K(14528K) Class: 1748K(1984K)->1748K(1984K)
[2025-12-25T03:09:19.064+0000][gc          ] GC(695) Pause Young (Normal) (G1 Evacuation Pause) 962M->387M(1024M) 16.249ms
[2025-12-25T03:09:19.064+0000][gc,cpu      ] GC(695) User=0.09s Sys=0.00s Real=0.01s
[2025-12-25T03:09:49.163+0000][gc,start    ] GC(696) Pause Young (Normal) (G1 Evacuation Pause)
[2025-12-25T03:09:49.163+0000][gc,task     ] GC(696) Using 8 workers of 8 for evacuation
[2025-12-25T03:09:49.180+0000][gc,phases   ] GC(696)   Pre Evacuate Collection Set: 1.0ms
[2025-12-25T03:09:49.180+0000][gc,phases   ] GC(696)   Merge Heap Roots: 0.4ms
[2025-12-25T03:09:49.180+0000][gc,phases   ] GC(696)   Evacuate Collection Set: 13.8ms
[2025-12-25T03:09:49.180+0000][gc,phases   ] GC(696)   Post Evacuate Collection Set: 1.1ms
[2025-12-25T03:09:49.180+0000][gc,phases   ] GC(696)   Other: 0.4ms
[2025-12-25T03:09:49.180+0000][gc,heap     ] GC(696) Eden regions: 578->0(576)
[2025-12-25T03:09:49.180+0000][gc,heap     ] GC(696) Survivor regions: 6->7(58)
[2025-12-25T03:09:49.180+0000][gc,heap     ] GC(696) Old regions: 231->231
[2025-12-25T03:09:49.180+0000][gc,heap     ] GC(696) Humongous regions: 151->151
[2025-12-25T03:09:49.180+0000][gc,metaspace] GC(696) Metaspace: 16131K(16512K)->16131K(16512K) NonClass: 14382K(14528K)->14382K(14528K) Class: 1748K(1984K)->1748K(1984K)
[2025-12-25T03:09:49.180+0000][gc          ] GC(696) Pause Young (Normal) (G1 Evacuation Pause) 965M->388M(1024M) 17.737ms
[2025-12-25T03:09:49.181+0000][gc,cpu      ] GC(696) User=0.12s Sys=0.00s Real=0.02s
[2025-12-25T03:10:19.250+0000][gc,start    ] GC(697) Pause Young (Normal) (G1 Evacuation Pause)
[2025-12-25T03:10:19.251+0000][gc,task     ] GC(697) Using 8 workers of 8 for evacuation
[2025-12-25T03:10:19.266+0000][gc,phases   ] GC(697)   Pre Evacuate Collection Set: 1.2ms
[2025-12-25T03:10:19.266+0000][gc,phases   ] GC(697)   Merge Heap Roots: 0.4ms
[2025-12-25T03:10:19.266+0000][gc,phases   ] GC(697)   Evacuate Collection Set: 11.4ms
[2025-12-25T03:10:19.266+0000][gc,phases   ] GC(697)   Post Evacuate Collection Set: 1.3ms
[2025-12-25T03:10:19.266+0000][gc,phases   ] GC(697)   Other: 0.4ms
[2025-12-25T03:10:19.266+0000][gc,heap     ] GC(697) Eden regions: 576->0(574)
[2025-12-25T03:10:19.266+0000][gc,heap     ] GC(697) Survivor regions: 7->8(59)
[2025-12-25T03:10:19.266+0000][gc,heap     ] GC(697) Old regions: 231->231
[2025-12-25T03:10:19.266+0000][gc,heap     ] GC(697) Humongous regions: 151->151
[2025-12-25T03:10:19.266+0000][gc,metaspace] GC(697) Metaspace: 16131K(16512K)->16131K(16512K) NonClass: 14382K(14528K)->14382K(14528K) Class: 1748K(1984K)->1748K(1984K)
[2025-12-25T03:10:19.266+0000][gc          ] GC(697) Pause Young (Normal) (G1 Evacuation Pause) 964M->389M(1024M) 15.971ms
[2025-12-25T03:10:19.266+0000][gc,cpu      ] GC(697) User=0.10s Sys=0.00s Real=0.01s
[2025-12-25T03:10:49.299+0000][gc,start    ] GC(698) Pause Young (Normal) (G1 Evacuation Pause)
[2025-12-25T03:10:49.300+0000][gc,task     ] GC(698) Using 8 workers of 8 for evacuation
[2025-12-25T03:10:49.312+0000][gc,phases   ] GC(698)   Pre Evacuate Collection Set: 1.1ms
[2025-12-25T03:10:49.312+0000][gc,phases   ] GC(698)   Merge Heap Roots: 0.4ms
[2025-12-25T03:10:49.312+0000][gc,phases   ] GC(698)   Evacuate Collection Set: 8.0ms
[2025-12-25T03:10:49.312+0000][gc,phases   ] GC(698)   Post Evacuate Collection Set: 2.1ms
[2025-12-25T03:10:49.312+0000][gc,phases   ] GC(698)   Other: 0.4ms
[2025-12-25T03:10:49.312+0000][gc,heap     ] GC(698) Eden regions: 574->0(569)
[2025-12-25T03:10:49.312+0000][gc,heap     ] GC(698) Survivor regions: 8->10(60)
[2025-12-25T03:10:49.312+0000][gc,heap     ] GC(698) Old regions: 231->232
[2025-12-25T03:10:49.312+0000][gc,heap     ] GC(698) Humongous regions: 151->151
[2025-12-25T03:10:49.313+0000][gc,metaspace] GC(698) Metaspace: 16131K(16512K)->16131K(16512K) NonClass: 14382K(14528K)->14382K(14528K) Class: 1748K(1984K)->1748K(1984K)
[2025-12-25T03:10:49.313+0000][gc          ] GC(698) Pause Young (Normal) (G1 Evacuation Pause) 963M->391M(1024M) 13.286ms
[2025-12-25T03:10:49.313+0000][gc,cpu      ] GC(698) User=0.07s Sys=0.00s Real=0.01s
[2025-12-25T03:11:19.367+0000][gc,start    ] GC(699) Pause Young (Normal) (G1 Evacuation Pause)
[2025-12-25T03:11:19.367+0000][gc,task     ] GC(699) Using 8 workers of 8 for evacuation
[2025-12-25T03:11:19.377+0000][gc,phases   ] GC(699)   Pre Evacuate Collection Set: 1.1ms
[2025-12-25T03:11:19.378+0000][gc,phases   ] GC(699)   Merge Heap Roots: 0.4ms
[2025-12-25T03:11:19.378+0000][gc,phases   ] GC(699)   Evacuate Collection Set: 7.4ms
[2025-12-25T03:11:19.378+0000][gc,phases   ] GC(699)   Post Evacuate Collection Set: 1.1ms
[2025-12-25T03:11:19.378+0000][gc,phases   ] GC(699)   Other: 0.3ms
[2025-12-25T03:11:19.378+0000][gc,heap     ] GC(699) Eden regions: 569->0(567)
[2025-12-25T03:11:19.378+0000][gc,heap     ] GC(699) Survivor regions: 10->11(62)
[2025-12-25T03:11:19.378+0000][gc,heap     ] GC(699) Old regions: 232->232
[2025-12-25T03:11:19.378+0000][gc,heap     ] GC(699) Humongous regions: 151->151
[2025-12-25T03:11:19.378+0000][gc,metaspace] GC(699) Metaspace: 16131K(16512K)->16131K(16512K) NonClass: 14382K(14528K)->14382K(14528K) Class: 1748K(1984K)->1748K(1984K)
[2025-12-25T03:11:19.378+0000][gc          ] GC(699) Pause Young (Normal) (G1 Evacuation Pause) 960M->392M(1024M) 11.484ms
[2025-12-25T03:11:19.378+0000][gc,cpu      ] GC(699) User=0.07s Sys=0.00s Real=0.01s
[2025-12-25T03:11:49.379+0000][gc,start    ] GC(700) Pause Young (Normal) (G1 Evacuation Pause)
[2025-12-25T03:11:49.379+0000][gc,task     ] GC(700) Using 8 workers of 8 for evacuation
[2025-12-25T03:11:49.400+0000][gc,phases   ] GC(700)   Pre Evacuate Collection Set: 1.2ms
[2025-12-25T03:11:49.400+0000][gc,phases   ] GC(700)   Merge Heap Roots: 0.4ms
[2025-12-25T03:11:49.400+0000][gc,phases   ] GC(700)   Evacuate Collection Set: 17.8ms
[2025-12-25T03:11:49.400+0000][gc,phases   ] GC(700)   Post Evacuate Collection Set: 1.1ms
[2025-12-25T03:11:49.400+0000][gc,phases   ] GC(700)   Other: 0.4ms
[2025-12-25T03:11:49.400+0000][gc,heap     ] GC(700) Eden regions: 567->0(567)
[2025-12-25T03:11:49.400+0000][gc,heap     ] GC(700) Survivor regions: 11->11(63)
[2025-12-25T03:11:49.400+0000][gc,heap     ] GC(700) Old regions: 232->232
[2025-12-25T03:11:49.400+0000][gc,heap     ] GC(700) Humongous regions: 151->151
[2025-12-25T03:11:49.400+0000][gc,metaspace] GC(700) Metaspace: 16131K(16512K)->16131K(16512K) NonClass: 14382K(14528K)->14382K(14528K) Class: 1748K(1984K)->1748K(1984K)
[2025-12-25T03:11:49.401+0000][gc          ] GC(700) Pause Young (Normal) (G1 Evacuation Pause) 959M->392M(1024M) 21.814ms
[2025-12-25T03:11:49.401+0000][gc,cpu      ] GC(700) User=0.15s Sys=0.00s Real=0.03s
[2025-12-25T03:12:28.909+0000][gc,start    ] GC(701) Pause Young (Normal) (G1 Evacuation Pause)
[2025-12-25T03:12:28.911+0000][gc,task     ] GC(701) Using 8 workers of 8 for evacuation
[2025-12-25T03:12:28.935+0000][gc,phases   ] GC(701)   Pre Evacuate Collection Set: 4.1ms
[2025-12-25T03:12:28.935+0000][gc,phases   ] GC(701)   Merge Heap Roots: 1.3ms
[2025-12-25T03:12:28.935+0000][gc,phases   ] GC(701)   Evacuate Collection Set: 14.7ms
[2025-12-25T03:12:28.935+0000][gc,phases   ] GC(701)   Post Evacuate Collection Set: 2.8ms
[2025-12-25T03:12:28.935+0000][gc,phases   ] GC(701)   Other: 1.3ms
[2025-12-25T03:12:28.935+0000][gc,heap     ] GC(701) Eden regions: 567->0(576)
[2025-12-25T03:12:28.935+0000][gc,heap     ] GC(701) Survivor regions: 11->6(63)
[2025-12-25T03:12:28.935+0000][gc,heap     ] GC(701) Old regions: 232->233
[2025-12-25T03:12:28.935+0000][gc,heap     ] GC(701) Humongous regions: 151->151
[2025-12-25T03:12:28.935+0000][gc,metaspace] GC(701) Metaspace: 16138K(16512K)->16138K(16512K) NonClass: 14389K(14528K)->14389K(14528K) Class: 1748K(1984K)->1748K(1984K)
[2025-12-25T03:12:28.936+0000][gc          ] GC(701) Pause Young (Normal) (G1 Evacuation Pause) 959M->389M(1024M) 26.606ms
[2025-12-25T03:12:28.936+0000][gc,cpu      ] GC(701) User=0.10s Sys=0.03s Real=0.02s
[2025-12-25T03:12:58.973+0000][gc,start    ] GC(702) Pause Young (Normal) (G1 Evacuation Pause)
[2025-12-25T03:12:58.973+0000][gc,task     ] GC(702) Using 8 workers of 8 for evacuation
[2025-12-25T03:12:58.984+0000][gc,phases   ] GC(702)   Pre Evacuate Collection Set: 1.2ms
[2025-12-25T03:12:58.984+0000][gc,phases   ] GC(702)   Merge Heap Roots: 0.4ms
[2025-12-25T03:12:58.984+0000][gc,phases   ] GC(702)   Evacuate Collection Set: 7.9ms
[2025-12-25T03:12:58.985+0000][gc,phases   ] GC(702)   Post Evacuate Collection Set: 1.3ms
[2025-12-25T03:12:58.985+0000][gc,phases   ] GC(702)   Other: 0.5ms
[2025-12-25T03:12:58.985+0000][gc,heap     ] GC(702) Eden regions: 576->0(574)
[2025-12-25T03:12:58.985+0000][gc,heap     ] GC(702) Survivor regions: 6->7(58)
[2025-12-25T03:12:58.985+0000][gc,heap     ] GC(702) Old regions: 233->233
[2025-12-25T03:12:58.985+0000][gc,heap     ] GC(702) Humongous regions: 151->151
[2025-12-25T03:12:58.985+0000][gc,metaspace] GC(702) Metaspace: 16138K(16512K)->16138K(16512K) NonClass: 14389K(14528K)->14389K(14528K) Class: 1748K(1984K)->1748K(1984K)
[2025-12-25T03:12:58.985+0000][gc          ] GC(702) Pause Young (Normal) (G1 Evacuation Pause) 965M->390M(1024M) 12.199ms
[2025-12-25T03:12:58.985+0000][gc,cpu      ] GC(702) User=0.06s Sys=0.00s Real=0.01s
[2025-12-25T03:13:29.081+0000][gc,start    ] GC(703) Pause Young (Normal) (G1 Evacuation Pause)
[2025-12-25T03:13:29.082+0000][gc,task     ] GC(703) Using 8 workers of 8 for evacuation
[2025-12-25T03:13:29.097+0000][gc,phases   ] GC(703)   Pre Evacuate Collection Set: 1.2ms
[2025-12-25T03:13:29.097+0000][gc,phases   ] GC(703)   Merge Heap Roots: 0.4ms
[2025-12-25T03:13:29.097+0000][gc,phases   ] GC(703)   Evacuate Collection Set: 12.1ms
[2025-12-25T03:13:29.097+0000][gc,phases   ] GC(703)   Post Evacuate Collection Set: 1.1ms
[2025-12-25T03:13:29.097+0000][gc,phases   ] GC(703)   Other: 0.3ms
[2025-12-25T03:13:29.097+0000][gc,heap     ] GC(703) Eden regions: 574->0(570)
[2025-12-25T03:13:29.097+0000][gc,heap     ] GC(703) Survivor regions: 7->9(59)
[2025-12-25T03:13:29.097+0000][gc,heap     ] GC(703) Old regions: 233->233
[2025-12-25T03:13:29.097+0000][gc,heap     ] GC(703) Humongous regions: 151->151
[2025-12-25T03:13:29.097+0000][gc,metaspace] GC(703) Metaspace: 16138K(16512K)->16138K(16512K) NonClass: 14389K(14528K)->14389K(14528K) Class: 1748K(1984K)->1748K(1984K)
[2025-12-25T03:13:29.097+0000][gc          ] GC(703) Pause Young (Normal) (G1 Evacuation Pause) 964M->391M(1024M) 16.231ms
[2025-12-25T03:13:29.097+0000][gc,cpu      ] GC(703) User=0.11s Sys=0.01s Real=0.02s
[2025-12-25T03:13:59.115+0000][gc,start    ] GC(704) Pause Young (Normal) (G1 Evacuation Pause)
[2025-12-25T03:13:59.116+0000][gc,task     ] GC(704) Using 8 workers of 8 for evacuation
[2025-12-25T03:13:59.126+0000][gc,phases   ] GC(704)   Pre Evacuate Collection Set: 1.0ms
[2025-12-25T03:13:59.126+0000][gc,phases   ] GC(704)   Merge Heap Roots: 0.3ms
[2025-12-25T03:13:59.126+0000][gc,phases   ] GC(704)   Evacuate Collection Set: 7.8ms
[2025-12-25T03:13:59.126+0000][gc,phases   ] GC(704)   Post Evacuate Collection Set: 1.1ms
[2025-12-25T03:13:59.126+0000][gc,phases   ] GC(704)   Other: 0.3ms
[2025-12-25T03:13:59.126+0000][gc,heap     ] GC(704) Eden regions: 570->0(570)
[2025-12-25T03:13:59.127+0000][gc,heap     ] GC(704) Survivor regions: 9->9(61)
[2025-12-25T03:13:59.127+0000][gc,heap     ] GC(704) Old regions: 233->233
[2025-12-25T03:13:59.127+0000][gc,heap     ] GC(704) Humongous regions: 151->151
[2025-12-25T03:13:59.127+0000][gc,metaspace] GC(704) Metaspace: 16138K(16512K)->16138K(16512K) NonClass: 14389K(14528K)->14389K(14528K) Class: 1748K(1984K)->1748K(1984K)
[2025-12-25T03:13:59.127+0000][gc          ] GC(704) Pause Young (Normal) (G1 Evacuation Pause) 961M->392M(1024M) 11.480ms
[2025-12-25T03:13:59.127+0000][gc,cpu      ] GC(704) User=0.06s Sys=0.00s Real=0.01s
[2025-12-25T03:14:29.202+0000][gc,start    ] GC(705) Pause Young (Normal) (G1 Evacuation Pause)
[2025-12-25T03:14:29.203+0000][gc,task     ] GC(705) Using 8 workers of 8 for evacuation
[2025-12-25T03:14:29.233+0000][gc,phases   ] GC(705)   Pre Evacuate Collection Set: 1.0ms
[2025-12-25T03:14:29.233+0000][gc,phases   ] GC(705)   Merge Heap Roots: 0.5ms
[2025-12-25T03:14:29.233+0000][gc,phases   ] GC(705)   Evacuate Collection Set: 26.2ms
[2025-12-25T03:14:29.233+0000][gc,phases   ] GC(705)   Post Evacuate Collection Set: 2.4ms
[2025-12-25T03:14:29.233+0000][gc,phases   ] GC(705)   Other: 0.3ms
[2025-12-25T03:14:29.233+0000][gc,heap     ] GC(705) Eden regions: 570->0(567)
[2025-12-25T03:14:29.233+0000][gc,heap     ] GC(705) Survivor regions: 9->10(61)
[2025-12-25T03:14:29.233+0000][gc,heap     ] GC(705) Old regions: 233->234
[2025-12-25T03:14:29.233+0000][gc,heap     ] GC(705) Humongous regions: 151->151
[2025-12-25T03:14:29.233+0000][gc,metaspace] GC(705) Metaspace: 16138K(16512K)->16138K(16512K) NonClass: 14389K(14528K)->14389K(14528K) Class: 1748K(1984K)->1748K(1984K)
[2025-12-25T03:14:29.234+0000][gc          ] GC(705) Pause Young (Normal) (G1 Evacuation Pause) 962M->394M(1024M) 31.357ms
[2025-12-25T03:14:29.234+0000][gc,cpu      ] GC(705) User=0.21s Sys=0.01s Real=0.03s
[2025-12-25T03:14:59.254+0000][gc,start    ] GC(706) Pause Young (Normal) (G1 Evacuation Pause)
[2025-12-25T03:14:59.255+0000][gc,task     ] GC(706) Using 8 workers of 8 for evacuation
[2025-12-25T03:14:59.268+0000][gc,phases   ] GC(706)   Pre Evacuate Collection Set: 1.2ms
[2025-12-25T03:14:59.268+0000][gc,phases   ] GC(706)   Merge Heap Roots: 0.4ms
[2025-12-25T03:14:59.268+0000][gc,phases   ] GC(706)   Evacuate Collection Set: 9.7ms
[2025-12-25T03:14:59.268+0000][gc,phases   ] GC(706)   Post Evacuate Collection Set: 1.3ms
[2025-12-25T03:14:59.268+0000][gc,phases   ] GC(706)   Other: 0.4ms
[2025-12-25T03:14:59.269+0000][gc,heap     ] GC(706) Eden regions: 567->0(571)
[2025-12-25T03:14:59.269+0000][gc,heap     ] GC(706) Survivor regions: 10->8(62)
[2025-12-25T03:14:59.269+0000][gc,heap     ] GC(706) Old regions: 234->234
[2025-12-25T03:14:59.269+0000][gc,heap     ] GC(706) Humongous regions: 151->151
[2025-12-25T03:14:59.269+0000][gc,metaspace] GC(706) Metaspace: 16138K(16512K)->16138K(16512K) NonClass: 14389K(14528K)->14389K(14528K) Class: 1748K(1984K)->1748K(1984K)
[2025-12-25T03:14:59.270+0000][gc          ] GC(706) Pause Young (Normal) (G1 Evacuation Pause) 961M->392M(1024M) 15.404ms
[2025-12-25T03:14:59.270+0000][gc,cpu      ] GC(706) User=0.07s Sys=0.00s Real=0.01s
[2025-12-25T03:15:29.314+0000][gc,start    ] GC(707) Pause Young (Normal) (G1 Evacuation Pause)
[2025-12-25T03:15:29.315+0000][gc,task     ] GC(707) Using 8 workers of 8 for evacuation
[2025-12-25T03:15:29.331+0000][gc,phases   ] GC(707)   Pre Evacuate Collection Set: 1.7ms
[2025-12-25T03:15:29.331+0000][gc,phases   ] GC(707)   Merge Heap Roots: 0.5ms
[2025-12-25T03:15:29.331+0000][gc,phases   ] GC(707)   Evacuate Collection Set: 12.0ms
[2025-12-25T03:15:29.331+0000][gc,phases   ] GC(707)   Post Evacuate Collection Set: 1.0ms
[2025-12-25T03:15:29.331+0000][gc,phases   ] GC(707)   Other: 0.5ms
[2025-12-25T03:15:29.331+0000][gc,heap     ] GC(707) Eden regions: 571->0(569)
[2025-12-25T03:15:29.331+0000][gc,heap     ] GC(707) Survivor regions: 8->9(60)
[2025-12-25T03:15:29.331+0000][gc,heap     ] GC(707) Old regions: 234->234
[2025-12-25T03:15:29.331+0000][gc,heap     ] GC(707) Humongous regions: 151->151
[2025-12-25T03:15:29.331+0000][gc,metaspace] GC(707) Metaspace: 16138K(16512K)->16138K(16512K) NonClass: 14389K(14528K)->14389K(14528K) Class: 1748K(1984K)->1748K(1984K)
[2025-12-25T03:15:29.331+0000][gc          ] GC(707) Pause Young (Normal) (G1 Evacuation Pause) 963M->393M(1024M) 16.939ms
[2025-12-25T03:15:29.331+0000][gc,cpu      ] GC(707) User=0.11s Sys=0.00s Real=0.03s
[2025-12-25T03:15:59.403+0000][gc,start    ] GC(708) Pause Young (Normal) (G1 Evacuation Pause)
[2025-12-25T03:15:59.405+0000][gc,task     ] GC(708) Using 8 workers of 8 for evacuation
[2025-12-25T03:15:59.421+0000][gc,phases   ] GC(708)   Pre Evacuate Collection Set: 3.1ms
[2025-12-25T03:15:59.421+0000][gc,phases   ] GC(708)   Merge Heap Roots: 0.4ms
[2025-12-25T03:15:59.421+0000][gc,phases   ] GC(708)   Evacuate Collection Set: 10.0ms
[2025-12-25T03:15:59.421+0000][gc,phases   ] GC(708)   Post Evacuate Collection Set: 1.5ms
[2025-12-25T03:15:59.421+0000][gc,phases   ] GC(708)   Other: 1.6ms
[2025-12-25T03:15:59.422+0000][gc,heap     ] GC(708) Eden regions: 569->0(568)
[2025-12-25T03:15:59.422+0000][gc,heap     ] GC(708) Survivor regions: 9->9(61)
[2025-12-25T03:15:59.422+0000][gc,heap     ] GC(708) Old regions: 234->235
[2025-12-25T03:15:59.422+0000][gc,heap     ] GC(708) Humongous regions: 151->151
[2025-12-25T03:15:59.422+0000][gc,metaspace] GC(708) Metaspace: 16138K(16512K)->16138K(16512K) NonClass: 14389K(14528K)->14389K(14528K) Class: 1748K(1984K)->1748K(1984K)
[2025-12-25T03:15:59.422+0000][gc          ] GC(708) Pause Young (Normal) (G1 Evacuation Pause) 962M->394M(1024M) 18.653ms
[2025-12-25T03:15:59.422+0000][gc,cpu      ] GC(708) User=0.08s Sys=0.01s Real=0.02s
[2025-12-25T03:16:38.824+0000][gc,start    ] GC(709) Pause Young (Normal) (G1 Evacuation Pause)
[2025-12-25T03:16:38.825+0000][gc,task     ] GC(709) Using 8 workers of 8 for evacuation
[2025-12-25T03:16:38.844+0000][gc,phases   ] GC(709)   Pre Evacuate Collection Set: 1.1ms
[2025-12-25T03:16:38.844+0000][gc,phases   ] GC(709)   Merge Heap Roots: 0.4ms
[2025-12-25T03:16:38.844+0000][gc,phases   ] GC(709)   Evacuate Collection Set: 15.6ms
[2025-12-25T03:16:38.844+0000][gc,phases   ] GC(709)   Post Evacuate Collection Set: 2.0ms
[2025-12-25T03:16:38.844+0000][gc,phases   ] GC(709)   Other: 0.4ms
[2025-12-25T03:16:38.844+0000][gc,heap     ] GC(709) Eden regions: 568->0(570)
[2025-12-25T03:16:38.844+0000][gc,heap     ] GC(709) Survivor regions: 9->8(61)
[2025-12-25T03:16:38.844+0000][gc,heap     ] GC(709) Old regions: 235->235
[2025-12-25T03:16:38.845+0000][gc,heap     ] GC(709) Humongous regions: 151->151
[2025-12-25T03:16:38.845+0000][gc,metaspace] GC(709) Metaspace: 16138K(16512K)->16138K(16512K) NonClass: 14389K(14528K)->14389K(14528K) Class: 1748K(1984K)->1748K(1984K)
[2025-12-25T03:16:38.845+0000][gc          ] GC(709) Pause Young (Normal) (G1 Evacuation Pause) 962M->393M(1024M) 20.985ms
[2025-12-25T03:16:38.845+0000][gc,cpu      ] GC(709) User=0.13s Sys=0.00s Real=0.03s
[2025-12-25T03:17:08.928+0000][gc,start    ] GC(710) Pause Young (Normal) (G1 Evacuation Pause)
[2025-12-25T03:17:08.929+0000][gc,task     ] GC(710) Using 8 workers of 8 for evacuation
[2025-12-25T03:17:08.941+0000][gc,phases   ] GC(710)   Pre Evacuate Collection Set: 1.2ms
[2025-12-25T03:17:08.941+0000][gc,phases   ] GC(710)   Merge Heap Roots: 0.4ms
[2025-12-25T03:17:08.941+0000][gc,phases   ] GC(710)   Evacuate Collection Set: 8.7ms
[2025-12-25T03:17:08.941+0000][gc,phases   ] GC(710)   Post Evacuate Collection Set: 1.2ms
[2025-12-25T03:17:08.941+0000][gc,phases   ] GC(710)   Other: 0.5ms
[2025-12-25T03:17:08.941+0000][gc,heap     ] GC(710) Eden regions: 570->0(568)
[2025-12-25T03:17:08.941+0000][gc,heap     ] GC(710) Survivor regions: 8->9(60)
[2025-12-25T03:17:08.942+0000][gc,heap     ] GC(710) Old regions: 235->235
[2025-12-25T03:17:08.942+0000][gc,heap     ] GC(710) Humongous regions: 151->151
[2025-12-25T03:17:08.942+0000][gc,metaspace] GC(710) Metaspace: 16138K(16512K)->16138K(16512K) NonClass: 14389K(14528K)->14389K(14528K) Class: 1748K(1984K)->1748K(1984K)
[2025-12-25T03:17:08.942+0000][gc          ] GC(710) Pause Young (Normal) (G1 Evacuation Pause) 963M->394M(1024M) 13.436ms
[2025-12-25T03:17:08.942+0000][gc,cpu      ] GC(710) User=0.07s Sys=0.00s Real=0.01s
[2025-12-25T03:17:38.956+0000][gc,start    ] GC(711) Pause Young (Normal) (G1 Evacuation Pause)
[2025-12-25T03:17:38.957+0000][gc,task     ] GC(711) Using 8 workers of 8 for evacuation
[2025-12-25T03:17:38.975+0000][gc,phases   ] GC(711)   Pre Evacuate Collection Set: 2.2ms
[2025-12-25T03:17:38.975+0000][gc,phases   ] GC(711)   Merge Heap Roots: 1.9ms
[2025-12-25T03:17:38.975+0000][gc,phases   ] GC(711)   Evacuate Collection Set: 11.2ms
[2025-12-25T03:17:38.975+0000][gc,phases   ] GC(711)   Post Evacuate Collection Set: 1.7ms
[2025-12-25T03:17:38.976+0000][gc,phases   ] GC(711)   Other: 1.1ms
[2025-12-25T03:17:38.976+0000][gc,heap     ] GC(711) Eden regions: 568->0(573)
[2025-12-25T03:17:38.976+0000][gc,heap     ] GC(711) Survivor regions: 9->6(61)
[2025-12-25T03:17:38.976+0000][gc,heap     ] GC(711) Old regions: 235->236
[2025-12-25T03:17:38.976+0000][gc,heap     ] GC(711) Humongous regions: 151->151
[2025-12-25T03:17:38.976+0000][gc,metaspace] GC(711) Metaspace: 16138K(16512K)->16138K(16512K) NonClass: 14389K(14528K)->14389K(14528K) Class: 1748K(1984K)->1748K(1984K)
[2025-12-25T03:17:38.976+0000][gc          ] GC(711) Pause Young (Normal) (G1 Evacuation Pause) 962M->392M(1024M) 19.722ms
[2025-12-25T03:17:38.976+0000][gc,cpu      ] GC(711) User=0.10s Sys=0.01s Real=0.02s
[2025-12-25T03:18:09.057+0000][gc,start    ] GC(712) Pause Young (Normal) (G1 Evacuation Pause)
[2025-12-25T03:18:09.057+0000][gc,task     ] GC(712) Using 8 workers of 8 for evacuation
[2025-12-25T03:18:09.071+0000][gc,phases   ] GC(712)   Pre Evacuate Collection Set: 1.1ms
[2025-12-25T03:18:09.071+0000][gc,phases   ] GC(712)   Merge Heap Roots: 0.4ms
[2025-12-25T03:18:09.071+0000][gc,phases   ] GC(712)   Evacuate Collection Set: 10.2ms
[2025-12-25T03:18:09.071+0000][gc,phases   ] GC(712)   Post Evacuate Collection Set: 1.3ms
[2025-12-25T03:18:09.071+0000][gc,phases   ] GC(712)   Other: 0.5ms
[2025-12-25T03:18:09.071+0000][gc,heap     ] GC(712) Eden regions: 573->0(571)
[2025-12-25T03:18:09.071+0000][gc,heap     ] GC(712) Survivor regions: 6->7(58)
[2025-12-25T03:18:09.071+0000][gc,heap     ] GC(712) Old regions: 236->236
[2025-12-25T03:18:09.071+0000][gc,heap     ] GC(712) Humongous regions: 151->151
[2025-12-25T03:18:09.072+0000][gc,metaspace] GC(712) Metaspace: 16138K(16512K)->16138K(16512K) NonClass: 14389K(14528K)->14389K(14528K) Class: 1748K(1984K)->1748K(1984K)
[2025-12-25T03:18:09.072+0000][gc          ] GC(712) Pause Young (Normal) (G1 Evacuation Pause) 965M->393M(1024M) 14.984ms
[2025-12-25T03:18:09.072+0000][gc,cpu      ] GC(712) User=0.09s Sys=0.00s Real=0.02s
[2025-12-25T03:18:39.129+0000][gc,start    ] GC(713) Pause Young (Normal) (G1 Evacuation Pause)
[2025-12-25T03:18:39.131+0000][gc,task     ] GC(713) Using 8 workers of 8 for evacuation
[2025-12-25T03:18:39.148+0000][gc,phases   ] GC(713)   Pre Evacuate Collection Set: 1.2ms
[2025-12-25T03:18:39.148+0000][gc,phases   ] GC(713)   Merge Heap Roots: 0.5ms
[2025-12-25T03:18:39.148+0000][gc,phases   ] GC(713)   Evacuate Collection Set: 13.3ms
[2025-12-25T03:18:39.148+0000][gc,phases   ] GC(713)   Post Evacuate Collection Set: 1.4ms
[2025-12-25T03:18:39.148+0000][gc,phases   ] GC(713)   Other: 0.4ms
[2025-12-25T03:18:39.148+0000][gc,heap     ] GC(713) Eden regions: 571->0(569)
[2025-12-25T03:18:39.148+0000][gc,heap     ] GC(713) Survivor regions: 7->8(59)
[2025-12-25T03:18:39.148+0000][gc,heap     ] GC(713) Old regions: 236->236
[2025-12-25T03:18:39.148+0000][gc,heap     ] GC(713) Humongous regions: 151->151
[2025-12-25T03:18:39.148+0000][gc,metaspace] GC(713) Metaspace: 16138K(16512K)->16138K(16512K) NonClass: 14389K(14528K)->14389K(14528K) Class: 1748K(1984K)->1748K(1984K)
[2025-12-25T03:18:39.148+0000][gc          ] GC(713) Pause Young (Normal) (G1 Evacuation Pause) 964M->394M(1024M) 19.415ms
[2025-12-25T03:18:39.149+0000][gc,cpu      ] GC(713) User=0.10s Sys=0.01s Real=0.02s
[2025-12-25T03:19:09.201+0000][gc,start    ] GC(714) Pause Young (Normal) (G1 Evacuation Pause)
[2025-12-25T03:19:09.201+0000][gc,task     ] GC(714) Using 8 workers of 8 for evacuation
[2025-12-25T03:19:09.222+0000][gc,phases   ] GC(714)   Pre Evacuate Collection Set: 1.1ms
[2025-12-25T03:19:09.222+0000][gc,phases   ] GC(714)   Merge Heap Roots: 0.4ms
[2025-12-25T03:19:09.222+0000][gc,phases   ] GC(714)   Evacuate Collection Set: 17.9ms
[2025-12-25T03:19:09.222+0000][gc,phases   ] GC(714)   Post Evacuate Collection Set: 1.1ms
[2025-12-25T03:19:09.222+0000][gc,phases   ] GC(714)   Other: 0.2ms
[2025-12-25T03:19:09.222+0000][gc,heap     ] GC(714) Eden regions: 569->0(566)
[2025-12-25T03:19:09.223+0000][gc,heap     ] GC(714) Survivor regions: 8->9(60)
[2025-12-25T03:19:09.223+0000][gc,heap     ] GC(714) Old regions: 236->237
[2025-12-25T03:19:09.223+0000][gc,heap     ] GC(714) Humongous regions: 151->151
[2025-12-25T03:19:09.223+0000][gc,metaspace] GC(714) Metaspace: 16138K(16512K)->16138K(16512K) NonClass: 14389K(14528K)->14389K(14528K) Class: 1748K(1984K)->1748K(1984K)
[2025-12-25T03:19:09.223+0000][gc          ] GC(714) Pause Young (Normal) (G1 Evacuation Pause) 963M->395M(1024M) 21.899ms
[2025-12-25T03:19:09.223+0000][gc,cpu      ] GC(714) User=0.15s Sys=0.01s Real=0.02s
[2025-12-25T03:19:39.247+0000][gc,start    ] GC(715) Pause Young (Normal) (G1 Evacuation Pause)
[2025-12-25T03:19:39.248+0000][gc,task     ] GC(715) Using 8 workers of 8 for evacuation
[2025-12-25T03:19:39.267+0000][gc,phases   ] GC(715)   Pre Evacuate Collection Set: 1.1ms
[2025-12-25T03:19:39.268+0000][gc,phases   ] GC(715)   Merge Heap Roots: 0.3ms
[2025-12-25T03:19:39.268+0000][gc,phases   ] GC(715)   Evacuate Collection Set: 16.7ms
[2025-12-25T03:19:39.268+0000][gc,phases   ] GC(715)   Post Evacuate Collection Set: 1.2ms
[2025-12-25T03:19:39.268+0000][gc,phases   ] GC(715)   Other: 0.3ms
[2025-12-25T03:19:39.268+0000][gc,heap     ] GC(715) Eden regions: 566->0(564)
[2025-12-25T03:19:39.268+0000][gc,heap     ] GC(715) Survivor regions: 9->10(61)
[2025-12-25T03:19:39.268+0000][gc,heap     ] GC(715) Old regions: 237->237
[2025-12-25T03:19:39.268+0000][gc,heap     ] GC(715) Humongous regions: 151->151
[2025-12-25T03:19:39.268+0000][gc,metaspace] GC(715) Metaspace: 16138K(16512K)->16138K(16512K) NonClass: 14389K(14528K)->14389K(14528K) Class: 1748K(1984K)->1748K(1984K)
[2025-12-25T03:19:39.268+0000][gc          ] GC(715) Pause Young (Normal) (G1 Evacuation Pause) 961M->397M(1024M) 20.684ms
[2025-12-25T03:19:39.268+0000][gc,cpu      ] GC(715) User=0.12s Sys=0.00s Real=0.02s
[2025-12-25T03:20:09.278+0000][gc,start    ] GC(716) Pause Young (Normal) (G1 Evacuation Pause)
[2025-12-25T03:20:09.279+0000][gc,task     ] GC(716) Using 8 workers of 8 for evacuation
[2025-12-25T03:20:09.294+0000][gc,phases   ] GC(716)   Pre Evacuate Collection Set: 1.0ms
[2025-12-25T03:20:09.294+0000][gc,phases   ] GC(716)   Merge Heap Roots: 0.4ms
[2025-12-25T03:20:09.294+0000][gc,phases   ] GC(716)   Evacuate Collection Set: 12.8ms
[2025-12-25T03:20:09.294+0000][gc,phases   ] GC(716)   Post Evacuate Collection Set: 1.0ms
[2025-12-25T03:20:09.295+0000][gc,phases   ] GC(716)   Other: 0.4ms
[2025-12-25T03:20:09.295+0000][gc,heap     ] GC(716) Eden regions: 564->0(564)
[2025-12-25T03:20:09.295+0000][gc,heap     ] GC(716) Survivor regions: 10->10(62)
[2025-12-25T03:20:09.295+0000][gc,heap     ] GC(716) Old regions: 237->237
[2025-12-25T03:20:09.295+0000][gc,heap     ] GC(716) Humongous regions: 151->151
[2025-12-25T03:20:09.295+0000][gc,metaspace] GC(716) Metaspace: 16138K(16512K)->16138K(16512K) NonClass: 14389K(14528K)->14389K(14528K) Class: 1748K(1984K)->1748K(1984K)
[2025-12-25T03:20:09.295+0000][gc          ] GC(716) Pause Young (Normal) (G1 Evacuation Pause) 961M->397M(1024M) 16.730ms
[2025-12-25T03:20:09.295+0000][gc,cpu      ] GC(716) User=0.11s Sys=0.00s Real=0.02s
[2025-12-25T03:20:39.359+0000][gc,start    ] GC(717) Pause Young (Normal) (G1 Evacuation Pause)
[2025-12-25T03:20:39.359+0000][gc,task     ] GC(717) Using 8 workers of 8 for evacuation
[2025-12-25T03:20:39.377+0000][gc,phases   ] GC(717)   Pre Evacuate Collection Set: 1.0ms
[2025-12-25T03:20:39.377+0000][gc,phases   ] GC(717)   Merge Heap Roots: 0.4ms
[2025-12-25T03:20:39.377+0000][gc,phases   ] GC(717)   Evacuate Collection Set: 14.8ms
[2025-12-25T03:20:39.377+0000][gc,phases   ] GC(717)   Post Evacuate Collection Set: 1.2ms
[2025-12-25T03:20:39.377+0000][gc,phases   ] GC(717)   Other: 0.4ms
[2025-12-25T03:20:39.377+0000][gc,heap     ] GC(717) Eden regions: 564->0(567)
[2025-12-25T03:20:39.377+0000][gc,heap     ] GC(717) Survivor regions: 10->8(62)
[2025-12-25T03:20:39.377+0000][gc,heap     ] GC(717) Old regions: 237->238
[2025-12-25T03:20:39.377+0000][gc,heap     ] GC(717) Humongous regions: 151->151
[2025-12-25T03:20:39.378+0000][gc,metaspace] GC(717) Metaspace: 16138K(16512K)->16138K(16512K) NonClass: 14389K(14528K)->14389K(14528K) Class: 1748K(1984K)->1748K(1984K)
[2025-12-25T03:20:39.378+0000][gc          ] GC(717) Pause Young (Normal) (G1 Evacuation Pause) 961M->396M(1024M) 19.010ms
[2025-12-25T03:20:39.378+0000][gc,cpu      ] GC(717) User=0.12s Sys=0.00s Real=0.02s
[2025-12-25T03:21:10.896+0000][gc,start    ] GC(718) Pause Young (Normal) (G1 Evacuation Pause)
[2025-12-25T03:21:10.896+0000][gc,task     ] GC(718) Using 8 workers of 8 for evacuation
[2025-12-25T03:21:10.907+0000][gc,phases   ] GC(718)   Pre Evacuate Collection Set: 1.0ms
[2025-12-25T03:21:10.908+0000][gc,phases   ] GC(718)   Merge Heap Roots: 0.3ms
[2025-12-25T03:21:10.908+0000][gc,phases   ] GC(718)   Evacuate Collection Set: 6.5ms
[2025-12-25T03:21:10.908+0000][gc,phases   ] GC(718)   Post Evacuate Collection Set: 2.2ms
[2025-12-25T03:21:10.908+0000][gc,phases   ] GC(718)   Other: 0.4ms
[2025-12-25T03:21:10.908+0000][gc,heap     ] GC(718) Eden regions: 567->0(571)
[2025-12-25T03:21:10.908+0000][gc,heap     ] GC(718) Survivor regions: 8->6(60)
[2025-12-25T03:21:10.908+0000][gc,heap     ] GC(718) Old regions: 238->238
[2025-12-25T03:21:10.908+0000][gc,heap     ] GC(718) Humongous regions: 151->151
[2025-12-25T03:21:10.908+0000][gc,metaspace] GC(718) Metaspace: 16138K(16512K)->16138K(16512K) NonClass: 14389K(14528K)->14389K(14528K) Class: 1748K(1984K)->1748K(1984K)
[2025-12-25T03:21:10.909+0000][gc          ] GC(718) Pause Young (Normal) (G1 Evacuation Pause) 963M->394M(1024M) 12.708ms
[2025-12-25T03:21:10.909+0000][gc,cpu      ] GC(718) User=0.05s Sys=0.01s Real=0.01s
[2025-12-25T03:21:48.894+0000][gc,start    ] GC(719) Pause Young (Normal) (G1 Evacuation Pause)
[2025-12-25T03:21:48.897+0000][gc,task     ] GC(719) Using 8 workers of 8 for evacuation
[2025-12-25T03:21:48.912+0000][gc,phases   ] GC(719)   Pre Evacuate Collection Set: 3.4ms
[2025-12-25T03:21:48.912+0000][gc,phases   ] GC(719)   Merge Heap Roots: 0.4ms
[2025-12-25T03:21:48.912+0000][gc,phases   ] GC(719)   Evacuate Collection Set: 9.4ms
[2025-12-25T03:21:48.912+0000][gc,phases   ] GC(719)   Post Evacuate Collection Set: 1.3ms
[2025-12-25T03:21:48.912+0000][gc,phases   ] GC(719)   Other: 1.0ms
[2025-12-25T03:21:48.912+0000][gc,heap     ] GC(719) Eden regions: 571->0(569)
[2025-12-25T03:21:48.912+0000][gc,heap     ] GC(719) Survivor regions: 6->7(58)
[2025-12-25T03:21:48.913+0000][gc,heap     ] GC(719) Old regions: 238->238
[2025-12-25T03:21:48.913+0000][gc,heap     ] GC(719) Humongous regions: 151->151
[2025-12-25T03:21:48.913+0000][gc,metaspace] GC(719) Metaspace: 16138K(16512K)->16138K(16512K) NonClass: 14389K(14528K)->14389K(14528K) Class: 1748K(1984K)->1748K(1984K)
[2025-12-25T03:21:48.913+0000][gc          ] GC(719) Pause Young (Normal) (G1 Evacuation Pause) 965M->395M(1024M) 18.514ms
[2025-12-25T03:21:48.913+0000][gc,cpu      ] GC(719) User=0.07s Sys=0.01s Real=0.02s
[2025-12-25T03:22:18.962+0000][gc,start    ] GC(720) Pause Young (Normal) (G1 Evacuation Pause)
[2025-12-25T03:22:18.963+0000][gc,task     ] GC(720) Using 8 workers of 8 for evacuation
[2025-12-25T03:22:18.980+0000][gc,phases   ] GC(720)   Pre Evacuate Collection Set: 1.2ms
[2025-12-25T03:22:18.980+0000][gc,phases   ] GC(720)   Merge Heap Roots: 0.3ms
[2025-12-25T03:22:18.980+0000][gc,phases   ] GC(720)   Evacuate Collection Set: 13.9ms
[2025-12-25T03:22:18.980+0000][gc,phases   ] GC(720)   Post Evacuate Collection Set: 1.2ms
[2025-12-25T03:22:18.980+0000][gc,phases   ] GC(720)   Other: 0.4ms
[2025-12-25T03:22:18.981+0000][gc,heap     ] GC(720) Eden regions: 569->0(566)
[2025-12-25T03:22:18.981+0000][gc,heap     ] GC(720) Survivor regions: 7->8(59)
[2025-12-25T03:22:18.981+0000][gc,heap     ] GC(720) Old regions: 238->239
[2025-12-25T03:22:18.981+0000][gc,heap     ] GC(720) Humongous regions: 151->151
[2025-12-25T03:22:18.981+0000][gc,metaspace] GC(720) Metaspace: 16139K(16512K)->16139K(16512K) NonClass: 14391K(14528K)->14391K(14528K) Class: 1748K(1984K)->1748K(1984K)
[2025-12-25T03:22:18.981+0000][gc          ] GC(720) Pause Young (Normal) (G1 Evacuation Pause) 964M->397M(1024M) 18.955ms
[2025-12-25T03:22:18.981+0000][gc,cpu      ] GC(720) User=0.12s Sys=0.00s Real=0.02s
[2025-12-25T03:22:49.021+0000][gc,start    ] GC(721) Pause Young (Normal) (G1 Evacuation Pause)
[2025-12-25T03:22:49.021+0000][gc,task     ] GC(721) Using 8 workers of 8 for evacuation
[2025-12-25T03:22:49.043+0000][gc,phases   ] GC(721)   Pre Evacuate Collection Set: 3.4ms
[2025-12-25T03:22:49.043+0000][gc,phases   ] GC(721)   Merge Heap Roots: 0.7ms
[2025-12-25T03:22:49.043+0000][gc,phases   ] GC(721)   Evacuate Collection Set: 13.4ms
[2025-12-25T03:22:49.043+0000][gc,phases   ] GC(721)   Post Evacuate Collection Set: 3.4ms
[2025-12-25T03:22:49.043+0000][gc,phases   ] GC(721)   Other: 0.8ms
[2025-12-25T03:22:49.043+0000][gc,heap     ] GC(721) Eden regions: 566->0(564)
[2025-12-25T03:22:49.043+0000][gc,heap     ] GC(721) Survivor regions: 8->9(60)
[2025-12-25T03:22:49.043+0000][gc,heap     ] GC(721) Old regions: 239->239
[2025-12-25T03:22:49.043+0000][gc,heap     ] GC(721) Humongous regions: 151->151
[2025-12-25T03:22:49.044+0000][gc,metaspace] GC(721) Metaspace: 16139K(16512K)->16139K(16512K) NonClass: 14391K(14528K)->14391K(14528K) Class: 1748K(1984K)->1748K(1984K)
[2025-12-25T03:22:49.044+0000][gc          ] GC(721) Pause Young (Normal) (G1 Evacuation Pause) 963M->398M(1024M) 23.018ms
[2025-12-25T03:22:49.044+0000][gc,cpu      ] GC(721) User=0.12s Sys=0.00s Real=0.02s
[2025-12-25T03:23:19.035+0000][gc,start    ] GC(722) Pause Young (Normal) (G1 Evacuation Pause)
[2025-12-25T03:23:19.036+0000][gc,task     ] GC(722) Using 8 workers of 8 for evacuation
[2025-12-25T03:23:19.057+0000][gc,phases   ] GC(722)   Pre Evacuate Collection Set: 7.6ms
[2025-12-25T03:23:19.057+0000][gc,phases   ] GC(722)   Merge Heap Roots: 2.3ms
[2025-12-25T03:23:19.057+0000][gc,phases   ] GC(722)   Evacuate Collection Set: 8.4ms
[2025-12-25T03:23:19.057+0000][gc,phases   ] GC(722)   Post Evacuate Collection Set: 1.4ms
[2025-12-25T03:23:19.057+0000][gc,phases   ] GC(722)   Other: 1.0ms
[2025-12-25T03:23:19.057+0000][gc,heap     ] GC(722) Eden regions: 564->0(568)
[2025-12-25T03:23:19.057+0000][gc,heap     ] GC(722) Survivor regions: 9->7(61)
[2025-12-25T03:23:19.057+0000][gc,heap     ] GC(722) Old regions: 239->239
[2025-12-25T03:23:19.057+0000][gc,heap     ] GC(722) Humongous regions: 151->151
[2025-12-25T03:23:19.057+0000][gc,metaspace] GC(722) Metaspace: 16139K(16512K)->16139K(16512K) NonClass: 14391K(14528K)->14391K(14528K) Class: 1748K(1984K)->1748K(1984K)
[2025-12-25T03:23:19.057+0000][gc          ] GC(722) Pause Young (Normal) (G1 Evacuation Pause) 962M->396M(1024M) 21.992ms
[2025-12-25T03:23:19.057+0000][gc,cpu      ] GC(722) User=0.10s Sys=0.00s Real=0.03s
[2025-12-25T03:23:49.119+0000][gc,start    ] GC(723) Pause Young (Normal) (G1 Evacuation Pause)
[2025-12-25T03:23:49.119+0000][gc,task     ] GC(723) Using 8 workers of 8 for evacuation
[2025-12-25T03:23:49.135+0000][gc,phases   ] GC(723)   Pre Evacuate Collection Set: 1.0ms
[2025-12-25T03:23:49.135+0000][gc,phases   ] GC(723)   Merge Heap Roots: 0.4ms
[2025-12-25T03:23:49.135+0000][gc,phases   ] GC(723)   Evacuate Collection Set: 13.1ms
[2025-12-25T03:23:49.135+0000][gc,phases   ] GC(723)   Post Evacuate Collection Set: 1.1ms
[2025-12-25T03:23:49.136+0000][gc,phases   ] GC(723)   Other: 0.3ms
[2025-12-25T03:23:49.136+0000][gc,heap     ] GC(723) Eden regions: 568->0(565)
[2025-12-25T03:23:49.136+0000][gc,heap     ] GC(723) Survivor regions: 7->8(59)
[2025-12-25T03:23:49.136+0000][gc,heap     ] GC(723) Old regions: 239->240
[2025-12-25T03:23:49.136+0000][gc,heap     ] GC(723) Humongous regions: 151->151
[2025-12-25T03:23:49.136+0000][gc,metaspace] GC(723) Metaspace: 16139K(16512K)->16139K(16512K) NonClass: 14391K(14528K)->14391K(14528K) Class: 1748K(1984K)->1748K(1984K)
[2025-12-25T03:23:49.136+0000][gc          ] GC(723) Pause Young (Normal) (G1 Evacuation Pause) 964M->397M(1024M) 16.973ms
[2025-12-25T03:23:49.136+0000][gc,cpu      ] GC(723) User=0.10s Sys=0.00s Real=0.02s
[2025-12-25T03:24:19.185+0000][gc,start    ] GC(724) Pause Young (Normal) (G1 Evacuation Pause)
[2025-12-25T03:24:19.185+0000][gc,task     ] GC(724) Using 8 workers of 8 for evacuation
[2025-12-25T03:24:19.199+0000][gc,phases   ] GC(724)   Pre Evacuate Collection Set: 1.0ms
[2025-12-25T03:24:19.199+0000][gc,phases   ] GC(724)   Merge Heap Roots: 0.3ms
[2025-12-25T03:24:19.199+0000][gc,phases   ] GC(724)   Evacuate Collection Set: 9.2ms
[2025-12-25T03:24:19.199+0000][gc,phases   ] GC(724)   Post Evacuate Collection Set: 2.7ms
[2025-12-25T03:24:19.199+0000][gc,phases   ] GC(724)   Other: 0.3ms
[2025-12-25T03:24:19.199+0000][gc,heap     ] GC(724) Eden regions: 565->0(565)
[2025-12-25T03:24:19.199+0000][gc,heap     ] GC(724) Survivor regions: 8->8(60)
[2025-12-25T03:24:19.199+0000][gc,heap     ] GC(724) Old regions: 240->240
[2025-12-25T03:24:19.199+0000][gc,heap     ] GC(724) Humongous regions: 151->151
[2025-12-25T03:24:19.200+0000][gc,metaspace] GC(724) Metaspace: 16139K(16512K)->16139K(16512K) NonClass: 14391K(14528K)->14391K(14528K) Class: 1748K(1984K)->1748K(1984K)
[2025-12-25T03:24:19.200+0000][gc          ] GC(724) Pause Young (Normal) (G1 Evacuation Pause) 962M->398M(1024M) 14.773ms
[2025-12-25T03:24:19.200+0000][gc,cpu      ] GC(724) User=0.07s Sys=0.00s Real=0.01s
[2025-12-25T03:24:49.225+0000][gc,start    ] GC(725) Pause Young (Normal) (G1 Evacuation Pause)
[2025-12-25T03:24:49.226+0000][gc,task     ] GC(725) Using 8 workers of 8 for evacuation
[2025-12-25T03:24:49.240+0000][gc,phases   ] GC(725)   Pre Evacuate Collection Set: 1.3ms
[2025-12-25T03:24:49.240+0000][gc,phases   ] GC(725)   Merge Heap Roots: 0.4ms
[2025-12-25T03:24:49.240+0000][gc,phases   ] GC(725)   Evacuate Collection Set: 10.5ms
[2025-12-25T03:24:49.240+0000][gc,phases   ] GC(725)   Post Evacuate Collection Set: 1.2ms
[2025-12-25T03:24:49.240+0000][gc,phases   ] GC(725)   Other: 0.4ms
[2025-12-25T03:24:49.240+0000][gc,heap     ] GC(725) Eden regions: 565->0(563)
[2025-12-25T03:24:49.240+0000][gc,heap     ] GC(725) Survivor regions: 8->9(60)
[2025-12-25T03:24:49.240+0000][gc,heap     ] GC(725) Old regions: 240->240
[2025-12-25T03:24:49.240+0000][gc,heap     ] GC(725) Humongous regions: 151->151
[2025-12-25T03:24:49.240+0000][gc,metaspace] GC(725) Metaspace: 16139K(16512K)->16139K(16512K) NonClass: 14391K(14528K)->14391K(14528K) Class: 1748K(1984K)->1748K(1984K)
[2025-12-25T03:24:49.240+0000][gc          ] GC(725) Pause Young (Normal) (G1 Evacuation Pause) 963M->399M(1024M) 14.987ms
[2025-12-25T03:24:49.240+0000][gc,cpu      ] GC(725) User=0.09s Sys=0.00s Real=0.01s
[2025-12-25T03:25:19.258+0000][gc,start    ] GC(726) Pause Young (Normal) (G1 Evacuation Pause)
[2025-12-25T03:25:19.259+0000][gc,task     ] GC(726) Using 8 workers of 8 for evacuation
[2025-12-25T03:25:19.274+0000][gc,phases   ] GC(726)   Pre Evacuate Collection Set: 1.1ms
[2025-12-25T03:25:19.274+0000][gc,phases   ] GC(726)   Merge Heap Roots: 0.3ms
[2025-12-25T03:25:19.274+0000][gc,phases   ] GC(726)   Evacuate Collection Set: 12.8ms
[2025-12-25T03:25:19.275+0000][gc,phases   ] GC(726)   Post Evacuate Collection Set: 1.1ms
[2025-12-25T03:25:19.275+0000][gc,phases   ] GC(726)   Other: 0.3ms
[2025-12-25T03:25:19.275+0000][gc,heap     ] GC(726) Eden regions: 563->0(560)
[2025-12-25T03:25:19.275+0000][gc,heap     ] GC(726) Survivor regions: 9->10(61)
[2025-12-25T03:25:19.275+0000][gc,heap     ] GC(726) Old regions: 240->241
[2025-12-25T03:25:19.275+0000][gc,heap     ] GC(726) Humongous regions: 151->151
[2025-12-25T03:25:19.275+0000][gc,metaspace] GC(726) Metaspace: 16139K(16512K)->16139K(16512K) NonClass: 14391K(14528K)->14391K(14528K) Class: 1748K(1984K)->1748K(1984K)
[2025-12-25T03:25:19.275+0000][gc          ] GC(726) Pause Young (Normal) (G1 Evacuation Pause) 962M->401M(1024M) 16.885ms
[2025-12-25T03:25:19.275+0000][gc,cpu      ] GC(726) User=0.11s Sys=0.01s Real=0.02s
[2025-12-25T03:25:49.276+0000][gc,start    ] GC(727) Pause Young (Normal) (G1 Evacuation Pause)
[2025-12-25T03:25:49.277+0000][gc,task     ] GC(727) Using 8 workers of 8 for evacuation
[2025-12-25T03:25:49.299+0000][gc,phases   ] GC(727)   Pre Evacuate Collection Set: 1.1ms
[2025-12-25T03:25:49.299+0000][gc,phases   ] GC(727)   Merge Heap Roots: 0.3ms
[2025-12-25T03:25:49.299+0000][gc,phases   ] GC(727)   Evacuate Collection Set: 18.5ms
[2025-12-25T03:25:49.299+0000][gc,phases   ] GC(727)   Post Evacuate Collection Set: 1.2ms
[2025-12-25T03:25:49.299+0000][gc,phases   ] GC(727)   Other: 0.6ms
[2025-12-25T03:25:49.299+0000][gc,heap     ] GC(727) Eden regions: 560->0(558)
[2025-12-25T03:25:49.299+0000][gc,heap     ] GC(727) Survivor regions: 10->11(62)
[2025-12-25T03:25:49.299+0000][gc,heap     ] GC(727) Old regions: 241->241
[2025-12-25T03:25:49.299+0000][gc,heap     ] GC(727) Humongous regions: 151->151
[2025-12-25T03:25:49.299+0000][gc,metaspace] GC(727) Metaspace: 16139K(16512K)->16139K(16512K) NonClass: 14391K(14528K)->14391K(14528K) Class: 1748K(1984K)->1748K(1984K)
[2025-12-25T03:25:49.299+0000][gc          ] GC(727) Pause Young (Normal) (G1 Evacuation Pause) 961M->401M(1024M) 23.128ms
[2025-12-25T03:25:49.299+0000][gc,cpu      ] GC(727) User=0.15s Sys=0.01s Real=0.02s
[2025-12-25T03:26:19.449+0000][gc,start    ] GC(728) Pause Young (Normal) (G1 Evacuation Pause)
[2025-12-25T03:26:19.449+0000][gc,task     ] GC(728) Using 8 workers of 8 for evacuation
[2025-12-25T03:26:19.463+0000][gc,phases   ] GC(728)   Pre Evacuate Collection Set: 1.2ms
[2025-12-25T03:26:19.463+0000][gc,phases   ] GC(728)   Merge Heap Roots: 0.4ms
[2025-12-25T03:26:19.464+0000][gc,phases   ] GC(728)   Evacuate Collection Set: 8.8ms
[2025-12-25T03:26:19.464+0000][gc,phases   ] GC(728)   Post Evacuate Collection Set: 2.6ms
[2025-12-25T03:26:19.464+0000][gc,phases   ] GC(728)   Other: 0.7ms
[2025-12-25T03:26:19.464+0000][gc,heap     ] GC(728) Eden regions: 558->0(564)
[2025-12-25T03:26:19.464+0000][gc,heap     ] GC(728) Survivor regions: 11->8(63)
[2025-12-25T03:26:19.464+0000][gc,heap     ] GC(728) Old regions: 241->241
[2025-12-25T03:26:19.464+0000][gc,heap     ] GC(728) Humongous regions: 151->151
[2025-12-25T03:26:19.464+0000][gc,metaspace] GC(728) Metaspace: 16139K(16512K)->16139K(16512K) NonClass: 14391K(14528K)->14391K(14528K) Class: 1748K(1984K)->1748K(1984K)
[2025-12-25T03:26:19.465+0000][gc          ] GC(728) Pause Young (Normal) (G1 Evacuation Pause) 959M->399M(1024M) 15.679ms
[2025-12-25T03:26:19.465+0000][gc,cpu      ] GC(728) User=0.08s Sys=0.00s Real=0.02s
[2025-12-25T03:26:49.410+0000][gc,start    ] GC(729) Pause Young (Normal) (G1 Evacuation Pause)
[2025-12-25T03:26:49.411+0000][gc,task     ] GC(729) Using 8 workers of 8 for evacuation
[2025-12-25T03:26:49.430+0000][gc,phases   ] GC(729)   Pre Evacuate Collection Set: 1.2ms
[2025-12-25T03:26:49.430+0000][gc,phases   ] GC(729)   Merge Heap Roots: 0.5ms
[2025-12-25T03:26:49.430+0000][gc,phases   ] GC(729)   Evacuate Collection Set: 14.8ms
[2025-12-25T03:26:49.430+0000][gc,phases   ] GC(729)   Post Evacuate Collection Set: 1.8ms
[2025-12-25T03:26:49.430+0000][gc,phases   ] GC(729)   Other: 0.4ms
[2025-12-25T03:26:49.430+0000][gc,heap     ] GC(729) Eden regions: 564->0(563)
[2025-12-25T03:26:49.430+0000][gc,heap     ] GC(729) Survivor regions: 8->8(60)
[2025-12-25T03:26:49.430+0000][gc,heap     ] GC(729) Old regions: 241->242
[2025-12-25T03:26:49.430+0000][gc,heap     ] GC(729) Humongous regions: 151->151
[2025-12-25T03:26:49.431+0000][gc,metaspace] GC(729) Metaspace: 16139K(16512K)->16139K(16512K) NonClass: 14391K(14528K)->14391K(14528K) Class: 1748K(1984K)->1748K(1984K)
[2025-12-25T03:26:49.431+0000][gc          ] GC(729) Pause Young (Normal) (G1 Evacuation Pause) 963M->400M(1024M) 20.230ms
[2025-12-25T03:26:49.431+0000][gc,cpu      ] GC(729) User=0.10s Sys=0.00s Real=0.02s
[2025-12-25T03:27:28.805+0000][gc,start    ] GC(730) Pause Young (Normal) (G1 Evacuation Pause)
[2025-12-25T03:27:28.806+0000][gc,task     ] GC(730) Using 8 workers of 8 for evacuation
[2025-12-25T03:27:28.830+0000][gc,phases   ] GC(730)   Pre Evacuate Collection Set: 3.9ms
[2025-12-25T03:27:28.830+0000][gc,phases   ] GC(730)   Merge Heap Roots: 1.2ms
[2025-12-25T03:27:28.830+0000][gc,phases   ] GC(730)   Evacuate Collection Set: 17.2ms
[2025-12-25T03:27:28.830+0000][gc,phases   ] GC(730)   Post Evacuate Collection Set: 1.7ms
[2025-12-25T03:27:28.830+0000][gc,phases   ] GC(730)   Other: 0.5ms
[2025-12-25T03:27:28.830+0000][gc,heap     ] GC(730) Eden regions: 563->0(563)
[2025-12-25T03:27:28.830+0000][gc,heap     ] GC(730) Survivor regions: 8->8(60)
[2025-12-25T03:27:28.830+0000][gc,heap     ] GC(730) Old regions: 242->242
[2025-12-25T03:27:28.831+0000][gc,heap     ] GC(730) Humongous regions: 151->151
[2025-12-25T03:27:28.831+0000][gc,metaspace] GC(730) Metaspace: 16139K(16512K)->16139K(16512K) NonClass: 14391K(14528K)->14391K(14528K) Class: 1748K(1984K)->1748K(1984K)
[2025-12-25T03:27:28.831+0000][gc          ] GC(730) Pause Young (Normal) (G1 Evacuation Pause) 963M->399M(1024M) 25.773ms
[2025-12-25T03:27:28.831+0000][gc,cpu      ] GC(730) User=0.15s Sys=0.01s Real=0.03s
[2025-12-25T03:27:58.861+0000][gc,start    ] GC(731) Pause Young (Normal) (G1 Evacuation Pause)
[2025-12-25T03:27:58.862+0000][gc,task     ] GC(731) Using 8 workers of 8 for evacuation
[2025-12-25T03:27:58.887+0000][gc,phases   ] GC(731)   Pre Evacuate Collection Set: 3.1ms
[2025-12-25T03:27:58.887+0000][gc,phases   ] GC(731)   Merge Heap Roots: 0.8ms
[2025-12-25T03:27:58.887+0000][gc,phases   ] GC(731)   Evacuate Collection Set: 18.4ms
[2025-12-25T03:27:58.887+0000][gc,phases   ] GC(731)   Post Evacuate Collection Set: 1.3ms
[2025-12-25T03:27:58.887+0000][gc,phases   ] GC(731)   Other: 1.3ms
[2025-12-25T03:27:58.887+0000][gc,heap     ] GC(731) Eden regions: 563->0(563)
[2025-12-25T03:27:58.887+0000][gc,heap     ] GC(731) Survivor regions: 8->8(60)
[2025-12-25T03:27:58.887+0000][gc,heap     ] GC(731) Old regions: 242->242
[2025-12-25T03:27:58.887+0000][gc,heap     ] GC(731) Humongous regions: 151->151
[2025-12-25T03:27:58.887+0000][gc,metaspace] GC(731) Metaspace: 16139K(16512K)->16139K(16512K) NonClass: 14391K(14528K)->14391K(14528K) Class: 1748K(1984K)->1748K(1984K)
[2025-12-25T03:27:58.887+0000][gc          ] GC(731) Pause Young (Normal) (G1 Evacuation Pause) 962M->400M(1024M) 26.238ms
[2025-12-25T03:27:58.887+0000][gc,cpu      ] GC(731) User=0.17s Sys=0.00s Real=0.02s
[2025-12-25T03:28:28.914+0000][gc,start    ] GC(732) Pause Young (Normal) (G1 Evacuation Pause)
[2025-12-25T03:28:28.915+0000][gc,task     ] GC(732) Using 8 workers of 8 for evacuation
[2025-12-25T03:28:28.931+0000][gc,phases   ] GC(732)   Pre Evacuate Collection Set: 1.2ms
[2025-12-25T03:28:28.931+0000][gc,phases   ] GC(732)   Merge Heap Roots: 0.3ms
[2025-12-25T03:28:28.931+0000][gc,phases   ] GC(732)   Evacuate Collection Set: 12.9ms
[2025-12-25T03:28:28.931+0000][gc,phases   ] GC(732)   Post Evacuate Collection Set: 1.3ms
[2025-12-25T03:28:28.931+0000][gc,phases   ] GC(732)   Other: 0.4ms
[2025-12-25T03:28:28.931+0000][gc,heap     ] GC(732) Eden regions: 563->0(561)
[2025-12-25T03:28:28.931+0000][gc,heap     ] GC(732) Survivor regions: 8->9(60)
[2025-12-25T03:28:28.931+0000][gc,heap     ] GC(732) Old regions: 242->242
[2025-12-25T03:28:28.931+0000][gc,heap     ] GC(732) Humongous regions: 151->151
[2025-12-25T03:28:28.931+0000][gc,metaspace] GC(732) Metaspace: 16139K(16512K)->16139K(16512K) NonClass: 14391K(14528K)->14391K(14528K) Class: 1748K(1984K)->1748K(1984K)
[2025-12-25T03:28:28.931+0000][gc          ] GC(732) Pause Young (Normal) (G1 Evacuation Pause) 963M->401M(1024M) 16.971ms
[2025-12-25T03:28:28.931+0000][gc,cpu      ] GC(732) User=0.11s Sys=0.00s Real=0.02s
[2025-12-25T03:28:58.957+0000][gc,start    ] GC(733) Pause Young (Normal) (G1 Evacuation Pause)
[2025-12-25T03:28:58.958+0000][gc,task     ] GC(733) Using 8 workers of 8 for evacuation
[2025-12-25T03:28:58.973+0000][gc,phases   ] GC(733)   Pre Evacuate Collection Set: 1.1ms
[2025-12-25T03:28:58.973+0000][gc,phases   ] GC(733)   Merge Heap Roots: 0.4ms
[2025-12-25T03:28:58.973+0000][gc,phases   ] GC(733)   Evacuate Collection Set: 11.6ms
[2025-12-25T03:28:58.973+0000][gc,phases   ] GC(733)   Post Evacuate Collection Set: 1.2ms
[2025-12-25T03:28:58.973+0000][gc,phases   ] GC(733)   Other: 0.4ms
[2025-12-25T03:28:58.973+0000][gc,heap     ] GC(733) Eden regions: 561->0(564)
[2025-12-25T03:28:58.973+0000][gc,heap     ] GC(733) Survivor regions: 9->7(61)
[2025-12-25T03:28:58.973+0000][gc,heap     ] GC(733) Old regions: 242->243
[2025-12-25T03:28:58.973+0000][gc,heap     ] GC(733) Humongous regions: 151->151
[2025-12-25T03:28:58.973+0000][gc,metaspace] GC(733) Metaspace: 16139K(16512K)->16139K(16512K) NonClass: 14391K(14528K)->14391K(14528K) Class: 1748K(1984K)->1748K(1984K)
[2025-12-25T03:28:58.973+0000][gc          ] GC(733) Pause Young (Normal) (G1 Evacuation Pause) 962M->399M(1024M) 15.879ms
[2025-12-25T03:28:58.973+0000][gc,cpu      ] GC(733) User=0.08s Sys=0.01s Real=0.01s
[2025-12-25T03:29:28.989+0000][gc,start    ] GC(734) Pause Young (Normal) (G1 Evacuation Pause)
[2025-12-25T03:29:28.989+0000][gc,task     ] GC(734) Using 8 workers of 8 for evacuation
[2025-12-25T03:29:29.004+0000][gc,phases   ] GC(734)   Pre Evacuate Collection Set: 1.0ms
[2025-12-25T03:29:29.004+0000][gc,phases   ] GC(734)   Merge Heap Roots: 0.3ms
[2025-12-25T03:29:29.004+0000][gc,phases   ] GC(734)   Evacuate Collection Set: 11.5ms
[2025-12-25T03:29:29.004+0000][gc,phases   ] GC(734)   Post Evacuate Collection Set: 1.3ms
[2025-12-25T03:29:29.004+0000][gc,phases   ] GC(734)   Other: 0.5ms
[2025-12-25T03:29:29.004+0000][gc,heap     ] GC(734) Eden regions: 564->0(564)
[2025-12-25T03:29:29.004+0000][gc,heap     ] GC(734) Survivor regions: 7->7(59)
[2025-12-25T03:29:29.004+0000][gc,heap     ] GC(734) Old regions: 243->243
[2025-12-25T03:29:29.004+0000][gc,heap     ] GC(734) Humongous regions: 151->151
[2025-12-25T03:29:29.004+0000][gc,metaspace] GC(734) Metaspace: 16139K(16512K)->16139K(16512K) NonClass: 14391K(14528K)->14391K(14528K) Class: 1748K(1984K)->1748K(1984K)
[2025-12-25T03:29:29.005+0000][gc          ] GC(734) Pause Young (Normal) (G1 Evacuation Pause) 963M->400M(1024M) 16.037ms
[2025-12-25T03:29:29.005+0000][gc,cpu      ] GC(734) User=0.09s Sys=0.00s Real=0.02s
[2025-12-25T03:29:59.045+0000][gc,start    ] GC(735) Pause Young (Normal) (G1 Evacuation Pause)
[2025-12-25T03:29:59.046+0000][gc,task     ] GC(735) Using 8 workers of 8 for evacuation
[2025-12-25T03:29:59.065+0000][gc,phases   ] GC(735)   Pre Evacuate Collection Set: 2.2ms
[2025-12-25T03:29:59.065+0000][gc,phases   ] GC(735)   Merge Heap Roots: 0.8ms
[2025-12-25T03:29:59.065+0000][gc,phases   ] GC(735)   Evacuate Collection Set: 13.9ms
[2025-12-25T03:29:59.065+0000][gc,phases   ] GC(735)   Post Evacuate Collection Set: 1.8ms
[2025-12-25T03:29:59.065+0000][gc,phases   ] GC(735)   Other: 0.5ms
[2025-12-25T03:29:59.066+0000][gc,heap     ] GC(735) Eden regions: 564->0(561)
[2025-12-25T03:29:59.066+0000][gc,heap     ] GC(735) Survivor regions: 7->8(59)
[2025-12-25T03:29:59.066+0000][gc,heap     ] GC(735) Old regions: 243->244
[2025-12-25T03:29:59.066+0000][gc,heap     ] GC(735) Humongous regions: 151->151
[2025-12-25T03:29:59.066+0000][gc,metaspace] GC(735) Metaspace: 16139K(16512K)->16139K(16512K) NonClass: 14391K(14528K)->14391K(14528K) Class: 1748K(1984K)->1748K(1984K)
[2025-12-25T03:29:59.066+0000][gc          ] GC(735) Pause Young (Normal) (G1 Evacuation Pause) 964M->401M(1024M) 20.758ms
[2025-12-25T03:29:59.066+0000][gc,cpu      ] GC(735) User=0.11s Sys=0.00s Real=0.02s
[2025-12-25T03:30:29.073+0000][gc,start    ] GC(736) Pause Young (Normal) (G1 Evacuation Pause)
[2025-12-25T03:30:29.073+0000][gc,task     ] GC(736) Using 8 workers of 8 for evacuation
[2025-12-25T03:30:29.088+0000][gc,phases   ] GC(736)   Pre Evacuate Collection Set: 1.2ms
[2025-12-25T03:30:29.088+0000][gc,phases   ] GC(736)   Merge Heap Roots: 0.4ms
[2025-12-25T03:30:29.088+0000][gc,phases   ] GC(736)   Evacuate Collection Set: 11.7ms
[2025-12-25T03:30:29.089+0000][gc,phases   ] GC(736)   Post Evacuate Collection Set: 1.6ms
[2025-12-25T03:30:29.089+0000][gc,phases   ] GC(736)   Other: 0.3ms
[2025-12-25T03:30:29.089+0000][gc,heap     ] GC(736) Eden regions: 561->0(559)
[2025-12-25T03:30:29.089+0000][gc,heap     ] GC(736) Survivor regions: 8->9(60)
[2025-12-25T03:30:29.089+0000][gc,heap     ] GC(736) Old regions: 244->244
[2025-12-25T03:30:29.089+0000][gc,heap     ] GC(736) Humongous regions: 151->151
[2025-12-25T03:30:29.089+0000][gc,metaspace] GC(736) Metaspace: 16139K(16512K)->16139K(16512K) NonClass: 14391K(14528K)->14391K(14528K) Class: 1748K(1984K)->1748K(1984K)
[2025-12-25T03:30:29.089+0000][gc          ] GC(736) Pause Young (Normal) (G1 Evacuation Pause) 962M->402M(1024M) 16.523ms
[2025-12-25T03:30:29.089+0000][gc,cpu      ] GC(736) User=0.09s Sys=0.00s Real=0.01s
[2025-12-25T03:30:59.129+0000][gc,start    ] GC(737) Pause Young (Normal) (G1 Evacuation Pause)
[2025-12-25T03:30:59.129+0000][gc,task     ] GC(737) Using 8 workers of 8 for evacuation
[2025-12-25T03:30:59.149+0000][gc,phases   ] GC(737)   Pre Evacuate Collection Set: 1.2ms
[2025-12-25T03:30:59.149+0000][gc,phases   ] GC(737)   Merge Heap Roots: 0.3ms
[2025-12-25T03:30:59.149+0000][gc,phases   ] GC(737)   Evacuate Collection Set: 16.3ms
[2025-12-25T03:30:59.149+0000][gc,phases   ] GC(737)   Post Evacuate Collection Set: 1.2ms
[2025-12-25T03:30:59.149+0000][gc,phases   ] GC(737)   Other: 0.4ms
[2025-12-25T03:30:59.149+0000][gc,heap     ] GC(737) Eden regions: 559->0(557)
[2025-12-25T03:30:59.149+0000][gc,heap     ] GC(737) Survivor regions: 9->10(61)
[2025-12-25T03:30:59.149+0000][gc,heap     ] GC(737) Old regions: 244->244
[2025-12-25T03:30:59.149+0000][gc,heap     ] GC(737) Humongous regions: 151->151
[2025-12-25T03:30:59.149+0000][gc,metaspace] GC(737) Metaspace: 16139K(16512K)->16139K(16512K) NonClass: 14391K(14528K)->14391K(14528K) Class: 1748K(1984K)->1748K(1984K)
[2025-12-25T03:30:59.149+0000][gc          ] GC(737) Pause Young (Normal) (G1 Evacuation Pause) 961M->403M(1024M) 20.807ms
[2025-12-25T03:30:59.149+0000][gc,cpu      ] GC(737) User=0.13s Sys=0.00s Real=0.02s
[2025-12-25T03:31:29.153+0000][gc,start    ] GC(738) Pause Young (Normal) (G1 Evacuation Pause)
[2025-12-25T03:31:29.153+0000][gc,task     ] GC(738) Using 8 workers of 8 for evacuation
[2025-12-25T03:31:29.172+0000][gc,phases   ] GC(738)   Pre Evacuate Collection Set: 1.9ms
[2025-12-25T03:31:29.172+0000][gc,phases   ] GC(738)   Merge Heap Roots: 2.5ms
[2025-12-25T03:31:29.172+0000][gc,phases   ] GC(738)   Evacuate Collection Set: 12.9ms
[2025-12-25T03:31:29.173+0000][gc,phases   ] GC(738)   Post Evacuate Collection Set: 1.1ms
[2025-12-25T03:31:29.173+0000][gc,phases   ] GC(738)   Other: 0.6ms
[2025-12-25T03:31:29.173+0000][gc,heap     ] GC(738) Eden regions: 557->0(557)
[2025-12-25T03:31:29.173+0000][gc,heap     ] GC(738) Survivor regions: 10->10(62)
[2025-12-25T03:31:29.173+0000][gc,heap     ] GC(738) Old regions: 244->244
[2025-12-25T03:31:29.173+0000][gc,heap     ] GC(738) Humongous regions: 151->151
[2025-12-25T03:31:29.173+0000][gc,metaspace] GC(738) Metaspace: 16139K(16512K)->16139K(16512K) NonClass: 14391K(14528K)->14391K(14528K) Class: 1748K(1984K)->1748K(1984K)
[2025-12-25T03:31:29.173+0000][gc          ] GC(738) Pause Young (Normal) (G1 Evacuation Pause) 960M->404M(1024M) 20.232ms
[2025-12-25T03:31:29.173+0000][gc,cpu      ] GC(738) User=0.13s Sys=0.00s Real=0.02s
[2025-12-25T03:31:59.138+0000][gc,start    ] GC(739) Pause Young (Normal) (G1 Evacuation Pause)
[2025-12-25T03:31:59.139+0000][gc,task     ] GC(739) Using 8 workers of 8 for evacuation
[2025-12-25T03:31:59.148+0000][gc,phases   ] GC(739)   Pre Evacuate Collection Set: 1.0ms
[2025-12-25T03:31:59.148+0000][gc,phases   ] GC(739)   Merge Heap Roots: 0.3ms
[2025-12-25T03:31:59.148+0000][gc,phases   ] GC(739)   Evacuate Collection Set: 6.8ms
[2025-12-25T03:31:59.148+0000][gc,phases   ] GC(739)   Post Evacuate Collection Set: 1.1ms
[2025-12-25T03:31:59.148+0000][gc,phases   ] GC(739)   Other: 0.3ms
[2025-12-25T03:31:59.149+0000][gc,heap     ] GC(739) Eden regions: 557->0(560)
[2025-12-25T03:31:59.149+0000][gc,heap     ] GC(739) Survivor regions: 10->8(62)
[2025-12-25T03:31:59.149+0000][gc,heap     ] GC(739) Old regions: 244->245
[2025-12-25T03:31:59.149+0000][gc,heap     ] GC(739) Humongous regions: 151->151
[2025-12-25T03:31:59.149+0000][gc,metaspace] GC(739) Metaspace: 16139K(16512K)->16139K(16512K) NonClass: 14391K(14528K)->14391K(14528K) Class: 1748K(1984K)->1748K(1984K)
[2025-12-25T03:31:59.149+0000][gc          ] GC(739) Pause Young (Normal) (G1 Evacuation Pause) 961M->402M(1024M) 10.837ms
[2025-12-25T03:31:59.149+0000][gc,cpu      ] GC(739) User=0.06s Sys=0.00s Real=0.01s
[2025-12-25T03:32:29.185+0000][gc,start    ] GC(740) Pause Young (Normal) (G1 Evacuation Pause)
[2025-12-25T03:32:29.185+0000][gc,task     ] GC(740) Using 8 workers of 8 for evacuation
[2025-12-25T03:32:29.200+0000][gc,phases   ] GC(740)   Pre Evacuate Collection Set: 1.2ms
[2025-12-25T03:32:29.200+0000][gc,phases   ] GC(740)   Merge Heap Roots: 0.3ms
[2025-12-25T03:32:29.200+0000][gc,phases   ] GC(740)   Evacuate Collection Set: 9.7ms
[2025-12-25T03:32:29.200+0000][gc,phases   ] GC(740)   Post Evacuate Collection Set: 2.8ms
[2025-12-25T03:32:29.200+0000][gc,phases   ] GC(740)   Other: 0.4ms
[2025-12-25T03:32:29.200+0000][gc,heap     ] GC(740) Eden regions: 560->0(558)
[2025-12-25T03:32:29.200+0000][gc,heap     ] GC(740) Survivor regions: 8->9(60)
[2025-12-25T03:32:29.200+0000][gc,heap     ] GC(740) Old regions: 245->245
[2025-12-25T03:32:29.200+0000][gc,heap     ] GC(740) Humongous regions: 151->151
[2025-12-25T03:32:29.200+0000][gc,metaspace] GC(740) Metaspace: 16139K(16512K)->16139K(16512K) NonClass: 14391K(14528K)->14391K(14528K) Class: 1748K(1984K)->1748K(1984K)
[2025-12-25T03:32:29.201+0000][gc          ] GC(740) Pause Young (Normal) (G1 Evacuation Pause) 962M->403M(1024M) 15.628ms
[2025-12-25T03:32:29.201+0000][gc,cpu      ] GC(740) User=0.09s Sys=0.00s Real=0.01s
[2025-12-25T03:32:59.436+0000][gc,start    ] GC(741) Pause Young (Normal) (G1 Evacuation Pause)
[2025-12-25T03:32:59.437+0000][gc,task     ] GC(741) Using 8 workers of 8 for evacuation
[2025-12-25T03:32:59.453+0000][gc,phases   ] GC(741)   Pre Evacuate Collection Set: 1.4ms
[2025-12-25T03:32:59.453+0000][gc,phases   ] GC(741)   Merge Heap Roots: 0.5ms
[2025-12-25T03:32:59.453+0000][gc,phases   ] GC(741)   Evacuate Collection Set: 12.7ms
[2025-12-25T03:32:59.453+0000][gc,phases   ] GC(741)   Post Evacuate Collection Set: 1.2ms
[2025-12-25T03:32:59.453+0000][gc,phases   ] GC(741)   Other: 0.5ms
[2025-12-25T03:32:59.453+0000][gc,heap     ] GC(741) Eden regions: 558->0(558)
[2025-12-25T03:32:59.453+0000][gc,heap     ] GC(741) Survivor regions: 9->9(61)
[2025-12-25T03:32:59.453+0000][gc,heap     ] GC(741) Old regions: 245->245
[2025-12-25T03:32:59.454+0000][gc,heap     ] GC(741) Humongous regions: 151->151
[2025-12-25T03:32:59.454+0000][gc,metaspace] GC(741) Metaspace: 16139K(16512K)->16139K(16512K) NonClass: 14391K(14528K)->14391K(14528K) Class: 1748K(1984K)->1748K(1984K)
[2025-12-25T03:32:59.454+0000][gc          ] GC(741) Pause Young (Normal) (G1 Evacuation Pause) 961M->404M(1024M) 17.894ms
[2025-12-25T03:32:59.454+0000][gc,cpu      ] GC(741) User=0.10s Sys=0.00s Real=0.01s
[2025-12-25T03:33:29.258+0000][gc,start    ] GC(742) Pause Young (Normal) (G1 Evacuation Pause)
[2025-12-25T03:33:29.259+0000][gc,task     ] GC(742) Using 8 workers of 8 for evacuation
[2025-12-25T03:33:29.273+0000][gc,phases   ] GC(742)   Pre Evacuate Collection Set: 1.1ms
[2025-12-25T03:33:29.273+0000][gc,phases   ] GC(742)   Merge Heap Roots: 0.4ms
[2025-12-25T03:33:29.273+0000][gc,phases   ] GC(742)   Evacuate Collection Set: 11.2ms
[2025-12-25T03:33:29.273+0000][gc,phases   ] GC(742)   Post Evacuate Collection Set: 1.2ms
[2025-12-25T03:33:29.273+0000][gc,phases   ] GC(742)   Other: 0.4ms
[2025-12-25T03:33:29.274+0000][gc,heap     ] GC(742) Eden regions: 558->0(555)
[2025-12-25T03:33:29.274+0000][gc,heap     ] GC(742) Survivor regions: 9->10(61)
[2025-12-25T03:33:29.274+0000][gc,heap     ] GC(742) Old regions: 245->246
[2025-12-25T03:33:29.274+0000][gc,heap     ] GC(742) Humongous regions: 151->151
[2025-12-25T03:33:29.274+0000][gc,metaspace] GC(742) Metaspace: 16139K(16512K)->16139K(16512K) NonClass: 14391K(14528K)->14391K(14528K) Class: 1748K(1984K)->1748K(1984K)
[2025-12-25T03:33:29.274+0000][gc          ] GC(742) Pause Young (Normal) (G1 Evacuation Pause) 962M->405M(1024M) 15.491ms
[2025-12-25T03:33:29.274+0000][gc,cpu      ] GC(742) User=0.10s Sys=0.00s Real=0.02s
[2025-12-25T03:33:59.383+0000][gc,start    ] GC(743) Pause Young (Normal) (G1 Evacuation Pause)
[2025-12-25T03:33:59.384+0000][gc,task     ] GC(743) Using 8 workers of 8 for evacuation
[2025-12-25T03:33:59.404+0000][gc,phases   ] GC(743)   Pre Evacuate Collection Set: 1.0ms
[2025-12-25T03:33:59.404+0000][gc,phases   ] GC(743)   Merge Heap Roots: 0.4ms
[2025-12-25T03:33:59.404+0000][gc,phases   ] GC(743)   Evacuate Collection Set: 16.4ms
[2025-12-25T03:33:59.404+0000][gc,phases   ] GC(743)   Post Evacuate Collection Set: 2.0ms
[2025-12-25T03:33:59.404+0000][gc,phases   ] GC(743)   Other: 0.3ms
[2025-12-25T03:33:59.405+0000][gc,heap     ] GC(743) Eden regions: 555->0(553)
[2025-12-25T03:33:59.405+0000][gc,heap     ] GC(743) Survivor regions: 10->11(62)
[2025-12-25T03:33:59.405+0000][gc,heap     ] GC(743) Old regions: 246->246
[2025-12-25T03:33:59.405+0000][gc,heap     ] GC(743) Humongous regions: 151->151
[2025-12-25T03:33:59.405+0000][gc,metaspace] GC(743) Metaspace: 16139K(16512K)->16139K(16512K) NonClass: 14391K(14528K)->14391K(14528K) Class: 1748K(1984K)->1748K(1984K)
[2025-12-25T03:33:59.405+0000][gc          ] GC(743) Pause Young (Normal) (G1 Evacuation Pause) 960M->406M(1024M) 21.437ms
[2025-12-25T03:33:59.405+0000][gc,cpu      ] GC(743) User=0.14s Sys=0.00s Real=0.02s
[2025-12-25T03:34:29.294+0000][gc,start    ] GC(744) Pause Young (Normal) (G1 Evacuation Pause)
[2025-12-25T03:34:29.294+0000][gc,task     ] GC(744) Using 8 workers of 8 for evacuation
[2025-12-25T03:34:29.305+0000][gc,phases   ] GC(744)   Pre Evacuate Collection Set: 1.2ms
[2025-12-25T03:34:29.306+0000][gc,phases   ] GC(744)   Merge Heap Roots: 0.3ms
[2025-12-25T03:34:29.306+0000][gc,phases   ] GC(744)   Evacuate Collection Set: 8.4ms
[2025-12-25T03:34:29.306+0000][gc,phases   ] GC(744)   Post Evacuate Collection Set: 1.0ms
[2025-12-25T03:34:29.306+0000][gc,phases   ] GC(744)   Other: 0.4ms
[2025-12-25T03:34:29.306+0000][gc,heap     ] GC(744) Eden regions: 553->0(559)
[2025-12-25T03:34:29.306+0000][gc,heap     ] GC(744) Survivor regions: 11->8(63)
[2025-12-25T03:34:29.306+0000][gc,heap     ] GC(744) Old regions: 246->246
[2025-12-25T03:34:29.306+0000][gc,heap     ] GC(744) Humongous regions: 151->151
[2025-12-25T03:34:29.306+0000][gc,metaspace] GC(744) Metaspace: 16139K(16512K)->16139K(16512K) NonClass: 14391K(14528K)->14391K(14528K) Class: 1748K(1984K)->1748K(1984K)
[2025-12-25T03:34:29.306+0000][gc          ] GC(744) Pause Young (Normal) (G1 Evacuation Pause) 959M->404M(1024M) 12.547ms
[2025-12-25T03:34:29.306+0000][gc,cpu      ] GC(744) User=0.06s Sys=0.00s Real=0.01s
[2025-12-25T03:34:59.300+0000][gc,start    ] GC(745) Pause Young (Normal) (G1 Evacuation Pause)
[2025-12-25T03:34:59.301+0000][gc,task     ] GC(745) Using 8 workers of 8 for evacuation
[2025-12-25T03:34:59.321+0000][gc,phases   ] GC(745)   Pre Evacuate Collection Set: 1.1ms
[2025-12-25T03:34:59.321+0000][gc,phases   ] GC(745)   Merge Heap Roots: 0.4ms
[2025-12-25T03:34:59.321+0000][gc,phases   ] GC(745)   Evacuate Collection Set: 17.0ms
[2025-12-25T03:34:59.321+0000][gc,phases   ] GC(745)   Post Evacuate Collection Set: 1.1ms
[2025-12-25T03:34:59.321+0000][gc,phases   ] GC(745)   Other: 0.4ms
[2025-12-25T03:34:59.321+0000][gc,heap     ] GC(745) Eden regions: 559->0(558)
[2025-12-25T03:34:59.321+0000][gc,heap     ] GC(745) Survivor regions: 8->8(60)
[2025-12-25T03:34:59.321+0000][gc,heap     ] GC(745) Old regions: 246->247
[2025-12-25T03:34:59.321+0000][gc,heap     ] GC(745) Humongous regions: 151->151
[2025-12-25T03:34:59.321+0000][gc,metaspace] GC(745) Metaspace: 16139K(16512K)->16139K(16512K) NonClass: 14391K(14528K)->14391K(14528K) Class: 1748K(1984K)->1748K(1984K)
[2025-12-25T03:34:59.321+0000][gc          ] GC(745) Pause Young (Normal) (G1 Evacuation Pause) 963M->405M(1024M) 20.937ms
[2025-12-25T03:34:59.321+0000][gc,cpu      ] GC(745) User=0.14s Sys=0.00s Real=0.02s
[2025-12-25T03:35:33.685+0000][gc,start    ] GC(746) Pause Young (Normal) (G1 Evacuation Pause)
[2025-12-25T03:35:33.687+0000][gc,task     ] GC(746) Using 8 workers of 8 for evacuation
[2025-12-25T03:35:33.710+0000][gc,phases   ] GC(746)   Pre Evacuate Collection Set: 5.8ms
[2025-12-25T03:35:33.710+0000][gc,phases   ] GC(746)   Merge Heap Roots: 0.6ms
[2025-12-25T03:35:33.710+0000][gc,phases   ] GC(746)   Evacuate Collection Set: 14.8ms
[2025-12-25T03:35:33.710+0000][gc,phases   ] GC(746)   Post Evacuate Collection Set: 1.6ms
[2025-12-25T03:35:33.711+0000][gc,phases   ] GC(746)   Other: 0.8ms
[2025-12-25T03:35:33.711+0000][gc,heap     ] GC(746) Eden regions: 558->0(560)
[2025-12-25T03:35:33.711+0000][gc,heap     ] GC(746) Survivor regions: 8->7(60)
[2025-12-25T03:35:33.711+0000][gc,heap     ] GC(746) Old regions: 247->247
[2025-12-25T03:35:33.711+0000][gc,heap     ] GC(746) Humongous regions: 151->151
[2025-12-25T03:35:33.711+0000][gc,metaspace] GC(746) Metaspace: 16139K(16512K)->16139K(16512K) NonClass: 14391K(14528K)->14391K(14528K) Class: 1748K(1984K)->1748K(1984K)
[2025-12-25T03:35:33.711+0000][gc          ] GC(746) Pause Young (Normal) (G1 Evacuation Pause) 963M->404M(1024M) 25.799ms
[2025-12-25T03:35:33.711+0000][gc,cpu      ] GC(746) User=0.14s Sys=0.00s Real=0.02s
[2025-12-25T03:36:08.778+0000][gc,start    ] GC(747) Pause Young (Normal) (G1 Evacuation Pause)
[2025-12-25T03:36:08.778+0000][gc,task     ] GC(747) Using 8 workers of 8 for evacuation
[2025-12-25T03:36:08.799+0000][gc,phases   ] GC(747)   Pre Evacuate Collection Set: 1.3ms
[2025-12-25T03:36:08.800+0000][gc,phases   ] GC(747)   Merge Heap Roots: 0.5ms
[2025-12-25T03:36:08.800+0000][gc,phases   ] GC(747)   Evacuate Collection Set: 15.9ms
[2025-12-25T03:36:08.800+0000][gc,phases   ] GC(747)   Post Evacuate Collection Set: 2.9ms
[2025-12-25T03:36:08.800+0000][gc,phases   ] GC(747)   Other: 0.5ms
[2025-12-25T03:36:08.800+0000][gc,heap     ] GC(747) Eden regions: 560->0(558)
[2025-12-25T03:36:08.800+0000][gc,heap     ] GC(747) Survivor regions: 7->8(59)
[2025-12-25T03:36:08.800+0000][gc,heap     ] GC(747) Old regions: 247->247
[2025-12-25T03:36:08.800+0000][gc,heap     ] GC(747) Humongous regions: 151->151
[2025-12-25T03:36:08.800+0000][gc,metaspace] GC(747) Metaspace: 16139K(16512K)->16139K(16512K) NonClass: 14391K(14528K)->14391K(14528K) Class: 1748K(1984K)->1748K(1984K)
[2025-12-25T03:36:08.801+0000][gc          ] GC(747) Pause Young (Normal) (G1 Evacuation Pause) 964M->405M(1024M) 22.623ms
[2025-12-25T03:36:08.801+0000][gc,cpu      ] GC(747) User=0.13s Sys=0.00s Real=0.02s
[2025-12-25T03:36:38.840+0000][gc,start    ] GC(748) Pause Young (Normal) (G1 Evacuation Pause)
[2025-12-25T03:36:38.841+0000][gc,task     ] GC(748) Using 8 workers of 8 for evacuation
[2025-12-25T03:36:38.859+0000][gc,phases   ] GC(748)   Pre Evacuate Collection Set: 1.2ms
[2025-12-25T03:36:38.859+0000][gc,phases   ] GC(748)   Merge Heap Roots: 0.4ms
[2025-12-25T03:36:38.859+0000][gc,phases   ] GC(748)   Evacuate Collection Set: 14.8ms
[2025-12-25T03:36:38.860+0000][gc,phases   ] GC(748)   Post Evacuate Collection Set: 1.6ms
[2025-12-25T03:36:38.860+0000][gc,phases   ] GC(748)   Other: 0.6ms
[2025-12-25T03:36:38.860+0000][gc,heap     ] GC(748) Eden regions: 558->0(557)
[2025-12-25T03:36:38.860+0000][gc,heap     ] GC(748) Survivor regions: 8->8(60)
[2025-12-25T03:36:38.860+0000][gc,heap     ] GC(748) Old regions: 247->248
[2025-12-25T03:36:38.860+0000][gc,heap     ] GC(748) Humongous regions: 151->151
[2025-12-25T03:36:38.860+0000][gc,metaspace] GC(748) Metaspace: 16139K(16512K)->16139K(16512K) NonClass: 14391K(14528K)->14391K(14528K) Class: 1748K(1984K)->1748K(1984K)
[2025-12-25T03:36:38.860+0000][gc          ] GC(748) Pause Young (Normal) (G1 Evacuation Pause) 963M->406M(1024M) 19.881ms
[2025-12-25T03:36:38.860+0000][gc,cpu      ] GC(748) User=0.11s Sys=0.00s Real=0.02s
[2025-12-25T03:37:08.867+0000][gc,start    ] GC(749) Pause Young (Normal) (G1 Evacuation Pause)
[2025-12-25T03:37:08.868+0000][gc,task     ] GC(749) Using 8 workers of 8 for evacuation
[2025-12-25T03:37:08.892+0000][gc,phases   ] GC(749)   Pre Evacuate Collection Set: 1.3ms
[2025-12-25T03:37:08.892+0000][gc,phases   ] GC(749)   Merge Heap Roots: 0.4ms
[2025-12-25T03:37:08.892+0000][gc,phases   ] GC(749)   Evacuate Collection Set: 18.6ms
[2025-12-25T03:37:08.892+0000][gc,phases   ] GC(749)   Post Evacuate Collection Set: 3.2ms
[2025-12-25T03:37:08.892+0000][gc,phases   ] GC(749)   Other: 0.5ms
[2025-12-25T03:37:08.892+0000][gc,heap     ] GC(749) Eden regions: 557->0(553)
[2025-12-25T03:37:08.892+0000][gc,heap     ] GC(749) Survivor regions: 8->10(60)
[2025-12-25T03:37:08.892+0000][gc,heap     ] GC(749) Old regions: 248->248
[2025-12-25T03:37:08.892+0000][gc,heap     ] GC(749) Humongous regions: 151->151
[2025-12-25T03:37:08.892+0000][gc,metaspace] GC(749) Metaspace: 16139K(16512K)->16139K(16512K) NonClass: 14391K(14528K)->14391K(14528K) Class: 1748K(1984K)->1748K(1984K)
[2025-12-25T03:37:08.892+0000][gc          ] GC(749) Pause Young (Normal) (G1 Evacuation Pause) 963M->407M(1024M) 25.781ms
[2025-12-25T03:37:08.892+0000][gc,cpu      ] GC(749) User=0.15s Sys=0.00s Real=0.03s
[2025-12-25T03:37:38.867+0000][gc,start    ] GC(750) Pause Young (Normal) (G1 Evacuation Pause)
[2025-12-25T03:37:38.867+0000][gc,task     ] GC(750) Using 8 workers of 8 for evacuation
[2025-12-25T03:37:38.891+0000][gc,phases   ] GC(750)   Pre Evacuate Collection Set: 6.7ms
[2025-12-25T03:37:38.891+0000][gc,phases   ] GC(750)   Merge Heap Roots: 0.6ms
[2025-12-25T03:37:38.891+0000][gc,phases   ] GC(750)   Evacuate Collection Set: 13.4ms
[2025-12-25T03:37:38.892+0000][gc,phases   ] GC(750)   Post Evacuate Collection Set: 2.1ms
[2025-12-25T03:37:38.892+0000][gc,phases   ] GC(750)   Other: 1.1ms
[2025-12-25T03:37:38.892+0000][gc,heap     ] GC(750) Eden regions: 553->0(561)
[2025-12-25T03:37:38.892+0000][gc,heap     ] GC(750) Survivor regions: 10->6(62)
[2025-12-25T03:37:38.892+0000][gc,heap     ] GC(750) Old regions: 248->248
[2025-12-25T03:37:38.892+0000][gc,heap     ] GC(750) Humongous regions: 151->151
[2025-12-25T03:37:38.892+0000][gc,metaspace] GC(750) Metaspace: 16139K(16512K)->16139K(16512K) NonClass: 14391K(14528K)->14391K(14528K) Class: 1748K(1984K)->1748K(1984K)
[2025-12-25T03:37:38.892+0000][gc          ] GC(750) Pause Young (Normal) (G1 Evacuation Pause) 960M->404M(1024M) 25.445ms
[2025-12-25T03:37:38.892+0000][gc,cpu      ] GC(750) User=0.13s Sys=0.00s Real=0.03s
[2025-12-25T03:38:08.924+0000][gc,start    ] GC(751) Pause Young (Normal) (G1 Evacuation Pause)
[2025-12-25T03:38:08.925+0000][gc,task     ] GC(751) Using 8 workers of 8 for evacuation
[2025-12-25T03:38:08.942+0000][gc,phases   ] GC(751)   Pre Evacuate Collection Set: 1.5ms
[2025-12-25T03:38:08.942+0000][gc,phases   ] GC(751)   Merge Heap Roots: 0.9ms
[2025-12-25T03:38:08.942+0000][gc,phases   ] GC(751)   Evacuate Collection Set: 12.1ms
[2025-12-25T03:38:08.942+0000][gc,phases   ] GC(751)   Post Evacuate Collection Set: 1.7ms
[2025-12-25T03:38:08.942+0000][gc,phases   ] GC(751)   Other: 0.8ms
[2025-12-25T03:38:08.942+0000][gc,heap     ] GC(751) Eden regions: 561->0(558)
[2025-12-25T03:38:08.942+0000][gc,heap     ] GC(751) Survivor regions: 6->7(58)
[2025-12-25T03:38:08.942+0000][gc,heap     ] GC(751) Old regions: 248->249
[2025-12-25T03:38:08.942+0000][gc,heap     ] GC(751) Humongous regions: 151->151
[2025-12-25T03:38:08.942+0000][gc,metaspace] GC(751) Metaspace: 16139K(16512K)->16139K(16512K) NonClass: 14391K(14528K)->14391K(14528K) Class: 1748K(1984K)->1748K(1984K)
[2025-12-25T03:38:08.942+0000][gc          ] GC(751) Pause Young (Normal) (G1 Evacuation Pause) 965M->405M(1024M) 18.420ms
[2025-12-25T03:38:08.942+0000][gc,cpu      ] GC(751) User=0.11s Sys=0.00s Real=0.02s
[2025-12-25T03:38:38.977+0000][gc,start    ] GC(752) Pause Young (Normal) (G1 Evacuation Pause)
[2025-12-25T03:38:38.977+0000][gc,task     ] GC(752) Using 8 workers of 8 for evacuation
[2025-12-25T03:38:38.998+0000][gc,phases   ] GC(752)   Pre Evacuate Collection Set: 1.1ms
[2025-12-25T03:38:38.998+0000][gc,phases   ] GC(752)   Merge Heap Roots: 0.4ms
[2025-12-25T03:38:38.998+0000][gc,phases   ] GC(752)   Evacuate Collection Set: 17.5ms
[2025-12-25T03:38:38.998+0000][gc,phases   ] GC(752)   Post Evacuate Collection Set: 1.1ms
[2025-12-25T03:38:38.998+0000][gc,phases   ] GC(752)   Other: 0.5ms
[2025-12-25T03:38:38.998+0000][gc,heap     ] GC(752) Eden regions: 558->0(556)
[2025-12-25T03:38:38.998+0000][gc,heap     ] GC(752) Survivor regions: 7->8(59)
[2025-12-25T03:38:38.998+0000][gc,heap     ] GC(752) Old regions: 249->249
[2025-12-25T03:38:38.998+0000][gc,heap     ] GC(752) Humongous regions: 151->151
[2025-12-25T03:38:38.998+0000][gc,metaspace] GC(752) Metaspace: 16139K(16512K)->16139K(16512K) NonClass: 14391K(14528K)->14391K(14528K) Class: 1748K(1984K)->1748K(1984K)
[2025-12-25T03:38:38.999+0000][gc          ] GC(752) Pause Young (Normal) (G1 Evacuation Pause) 963M->406M(1024M) 21.750ms
[2025-12-25T03:38:38.999+0000][gc,cpu      ] GC(752) User=0.14s Sys=0.00s Real=0.02s
[2025-12-25T03:39:08.969+0000][gc,start    ] GC(753) Pause Young (Normal) (G1 Evacuation Pause)
[2025-12-25T03:39:08.970+0000][gc,task     ] GC(753) Using 8 workers of 8 for evacuation
[2025-12-25T03:39:08.983+0000][gc,phases   ] GC(753)   Pre Evacuate Collection Set: 1.3ms
[2025-12-25T03:39:08.983+0000][gc,phases   ] GC(753)   Merge Heap Roots: 0.3ms
[2025-12-25T03:39:08.983+0000][gc,phases   ] GC(753)   Evacuate Collection Set: 10.0ms
[2025-12-25T03:39:08.983+0000][gc,phases   ] GC(753)   Post Evacuate Collection Set: 1.0ms
[2025-12-25T03:39:08.983+0000][gc,phases   ] GC(753)   Other: 0.3ms
[2025-12-25T03:39:08.983+0000][gc,heap     ] GC(753) Eden regions: 556->0(554)
[2025-12-25T03:39:08.983+0000][gc,heap     ] GC(753) Survivor regions: 8->9(60)
[2025-12-25T03:39:08.983+0000][gc,heap     ] GC(753) Old regions: 249->249
[2025-12-25T03:39:08.983+0000][gc,heap     ] GC(753) Humongous regions: 151->151
[2025-12-25T03:39:08.983+0000][gc,metaspace] GC(753) Metaspace: 16143K(16512K)->16143K(16512K) NonClass: 14394K(14528K)->14394K(14528K) Class: 1748K(1984K)->1748K(1984K)
[2025-12-25T03:39:08.983+0000][gc          ] GC(753) Pause Young (Normal) (G1 Evacuation Pause) 962M->408M(1024M) 14.265ms
[2025-12-25T03:39:08.983+0000][gc,cpu      ] GC(753) User=0.09s Sys=0.00s Real=0.01s
[2025-12-25T03:39:38.967+0000][gc,start    ] GC(754) Pause Young (Normal) (G1 Evacuation Pause)
[2025-12-25T03:39:38.969+0000][gc,task     ] GC(754) Using 8 workers of 8 for evacuation
[2025-12-25T03:39:39.013+0000][gc,phases   ] GC(754)   Pre Evacuate Collection Set: 2.1ms
[2025-12-25T03:39:39.018+0000][gc,phases   ] GC(754)   Merge Heap Roots: 0.5ms
[2025-12-25T03:39:39.019+0000][gc,phases   ] GC(754)   Evacuate Collection Set: 24.5ms
[2025-12-25T03:39:39.019+0000][gc,phases   ] GC(754)   Post Evacuate Collection Set: 1.2ms
[2025-12-25T03:39:39.019+0000][gc,phases   ] GC(754)   Other: 15.2ms
[2025-12-25T03:39:39.082+0000][gc,heap     ] GC(754) Eden regions: 554->0(551)
[2025-12-25T03:39:39.083+0000][gc,heap     ] GC(754) Survivor regions: 9->10(61)
[2025-12-25T03:39:39.088+0000][gc,heap     ] GC(754) Old regions: 249->250
[2025-12-25T03:39:39.088+0000][gc,heap     ] GC(754) Humongous regions: 151->151
[2025-12-25T03:39:39.088+0000][gc,metaspace] GC(754) Metaspace: 16143K(16512K)->16143K(16512K) NonClass: 14394K(14528K)->14394K(14528K) Class: 1748K(1984K)->1748K(1984K)
[2025-12-25T03:39:39.088+0000][gc          ] GC(754) Pause Young (Normal) (G1 Evacuation Pause) 962M->409M(1024M) 121.413ms
[2025-12-25T03:39:39.088+0000][gc,cpu      ] GC(754) User=0.08s Sys=0.01s Real=0.12s
[2025-12-25T03:40:08.950+0000][gc,start    ] GC(755) Pause Young (Normal) (G1 Evacuation Pause)
[2025-12-25T03:40:08.951+0000][gc,task     ] GC(755) Using 8 workers of 8 for evacuation
[2025-12-25T03:40:08.966+0000][gc,phases   ] GC(755)   Pre Evacuate Collection Set: 1.1ms
[2025-12-25T03:40:08.966+0000][gc,phases   ] GC(755)   Merge Heap Roots: 0.3ms
[2025-12-25T03:40:08.966+0000][gc,phases   ] GC(755)   Evacuate Collection Set: 12.6ms
[2025-12-25T03:40:08.966+0000][gc,phases   ] GC(755)   Post Evacuate Collection Set: 1.1ms
[2025-12-25T03:40:08.966+0000][gc,phases   ] GC(755)   Other: 0.3ms
[2025-12-25T03:40:08.966+0000][gc,heap     ] GC(755) Eden regions: 551->0(557)
[2025-12-25T03:40:08.966+0000][gc,heap     ] GC(755) Survivor regions: 10->7(62)
[2025-12-25T03:40:08.966+0000][gc,heap     ] GC(755) Old regions: 250->250
[2025-12-25T03:40:08.967+0000][gc,heap     ] GC(755) Humongous regions: 151->151
[2025-12-25T03:40:08.967+0000][gc,metaspace] GC(755) Metaspace: 16143K(16512K)->16143K(16512K) NonClass: 14394K(14528K)->14394K(14528K) Class: 1748K(1984K)->1748K(1984K)
[2025-12-25T03:40:08.967+0000][gc          ] GC(755) Pause Young (Normal) (G1 Evacuation Pause) 960M->406M(1024M) 16.431ms
[2025-12-25T03:40:08.967+0000][gc,cpu      ] GC(755) User=0.11s Sys=0.00s Real=0.02s
[2025-12-25T03:40:39.052+0000][gc,start    ] GC(756) Pause Young (Normal) (G1 Evacuation Pause)
[2025-12-25T03:40:39.054+0000][gc,task     ] GC(756) Using 8 workers of 8 for evacuation
[2025-12-25T03:40:39.077+0000][gc,phases   ] GC(756)   Pre Evacuate Collection Set: 3.0ms
[2025-12-25T03:40:39.078+0000][gc,phases   ] GC(756)   Merge Heap Roots: 0.7ms
[2025-12-25T03:40:39.078+0000][gc,phases   ] GC(756)   Evacuate Collection Set: 17.7ms
[2025-12-25T03:40:39.078+0000][gc,phases   ] GC(756)   Post Evacuate Collection Set: 1.4ms
[2025-12-25T03:40:39.078+0000][gc,phases   ] GC(756)   Other: 1.2ms
[2025-12-25T03:40:39.078+0000][gc,heap     ] GC(756) Eden regions: 557->0(557)
[2025-12-25T03:40:39.078+0000][gc,heap     ] GC(756) Survivor regions: 7->7(59)
[2025-12-25T03:40:39.078+0000][gc,heap     ] GC(756) Old regions: 250->250
[2025-12-25T03:40:39.078+0000][gc,heap     ] GC(756) Humongous regions: 151->151
[2025-12-25T03:40:39.078+0000][gc,metaspace] GC(756) Metaspace: 16143K(16512K)->16143K(16512K) NonClass: 14394K(14528K)->14394K(14528K) Class: 1748K(1984K)->1748K(1984K)
[2025-12-25T03:40:39.078+0000][gc          ] GC(756) Pause Young (Normal) (G1 Evacuation Pause) 963M->407M(1024M) 25.803ms
[2025-12-25T03:40:39.078+0000][gc,cpu      ] GC(756) User=0.14s Sys=0.00s Real=0.02s
[2025-12-25T03:41:09.085+0000][gc,start    ] GC(757) Pause Young (Normal) (G1 Evacuation Pause)
[2025-12-25T03:41:09.085+0000][gc,task     ] GC(757) Using 8 workers of 8 for evacuation
[2025-12-25T03:41:09.101+0000][gc,phases   ] GC(757)   Pre Evacuate Collection Set: 1.4ms
[2025-12-25T03:41:09.102+0000][gc,phases   ] GC(757)   Merge Heap Roots: 0.4ms
[2025-12-25T03:41:09.102+0000][gc,phases   ] GC(757)   Evacuate Collection Set: 12.5ms
[2025-12-25T03:41:09.102+0000][gc,phases   ] GC(757)   Post Evacuate Collection Set: 1.4ms
[2025-12-25T03:41:09.102+0000][gc,phases   ] GC(757)   Other: 0.4ms
[2025-12-25T03:41:09.102+0000][gc,heap     ] GC(757) Eden regions: 557->0(554)
[2025-12-25T03:41:09.102+0000][gc,heap     ] GC(757) Survivor regions: 7->8(59)
[2025-12-25T03:41:09.102+0000][gc,heap     ] GC(757) Old regions: 250->251
[2025-12-25T03:41:09.102+0000][gc,heap     ] GC(757) Humongous regions: 151->151
[2025-12-25T03:41:09.102+0000][gc,metaspace] GC(757) Metaspace: 16143K(16512K)->16143K(16512K) NonClass: 14394K(14528K)->14394K(14528K) Class: 1748K(1984K)->1748K(1984K)
[2025-12-25T03:41:09.102+0000][gc          ] GC(757) Pause Young (Normal) (G1 Evacuation Pause) 964M->408M(1024M) 17.551ms
[2025-12-25T03:41:09.102+0000][gc,cpu      ] GC(757) User=0.10s Sys=0.00s Real=0.02s
[2025-12-25T03:41:39.162+0000][gc,start    ] GC(758) Pause Young (Normal) (G1 Evacuation Pause)
[2025-12-25T03:41:39.162+0000][gc,task     ] GC(758) Using 8 workers of 8 for evacuation
[2025-12-25T03:41:39.188+0000][gc,phases   ] GC(758)   Pre Evacuate Collection Set: 1.2ms
[2025-12-25T03:41:39.188+0000][gc,phases   ] GC(758)   Merge Heap Roots: 0.4ms
[2025-12-25T03:41:39.188+0000][gc,phases   ] GC(758)   Evacuate Collection Set: 22.5ms
[2025-12-25T03:41:39.188+0000][gc,phases   ] GC(758)   Post Evacuate Collection Set: 1.3ms
[2025-12-25T03:41:39.189+0000][gc,phases   ] GC(758)   Other: 0.7ms
[2025-12-25T03:41:39.189+0000][gc,heap     ] GC(758) Eden regions: 554->0(552)
[2025-12-25T03:41:39.189+0000][gc,heap     ] GC(758) Survivor regions: 8->9(60)
[2025-12-25T03:41:39.189+0000][gc,heap     ] GC(758) Old regions: 251->251
[2025-12-25T03:41:39.189+0000][gc,heap     ] GC(758) Humongous regions: 151->151
[2025-12-25T03:41:39.189+0000][gc,metaspace] GC(758) Metaspace: 16143K(16512K)->16143K(16512K) NonClass: 14394K(14528K)->14394K(14528K) Class: 1748K(1984K)->1748K(1984K)
[2025-12-25T03:41:39.189+0000][gc          ] GC(758) Pause Young (Normal) (G1 Evacuation Pause) 962M->409M(1024M) 27.240ms
[2025-12-25T03:41:39.189+0000][gc,cpu      ] GC(758) User=0.19s Sys=0.00s Real=0.02s
[2025-12-25T03:42:09.109+0000][gc,start    ] GC(759) Pause Young (Normal) (G1 Evacuation Pause)
[2025-12-25T03:42:09.109+0000][gc,task     ] GC(759) Using 8 workers of 8 for evacuation
[2025-12-25T03:42:09.123+0000][gc,phases   ] GC(759)   Pre Evacuate Collection Set: 1.1ms
[2025-12-25T03:42:09.123+0000][gc,phases   ] GC(759)   Merge Heap Roots: 0.4ms
[2025-12-25T03:42:09.123+0000][gc,phases   ] GC(759)   Evacuate Collection Set: 10.7ms
[2025-12-25T03:42:09.123+0000][gc,phases   ] GC(759)   Post Evacuate Collection Set: 1.1ms
[2025-12-25T03:42:09.123+0000][gc,phases   ] GC(759)   Other: 0.4ms
[2025-12-25T03:42:09.123+0000][gc,heap     ] GC(759) Eden regions: 552->0(552)
[2025-12-25T03:42:09.123+0000][gc,heap     ] GC(759) Survivor regions: 9->9(61)
[2025-12-25T03:42:09.123+0000][gc,heap     ] GC(759) Old regions: 251->251
[2025-12-25T03:42:09.123+0000][gc,heap     ] GC(759) Humongous regions: 151->151
[2025-12-25T03:42:09.123+0000][gc,metaspace] GC(759) Metaspace: 16143K(16512K)->16143K(16512K) NonClass: 14394K(14528K)->14394K(14528K) Class: 1748K(1984K)->1748K(1984K)
[2025-12-25T03:42:09.123+0000][gc          ] GC(759) Pause Young (Normal) (G1 Evacuation Pause) 961M->410M(1024M) 14.618ms
[2025-12-25T03:42:09.123+0000][gc,cpu      ] GC(759) User=0.09s Sys=0.01s Real=0.02s
[2025-12-25T03:42:39.084+0000][gc,start    ] GC(760) Pause Young (Normal) (G1 Evacuation Pause)
[2025-12-25T03:42:39.084+0000][gc,task     ] GC(760) Using 8 workers of 8 for evacuation
[2025-12-25T03:42:39.104+0000][gc,phases   ] GC(760)   Pre Evacuate Collection Set: 1.1ms
[2025-12-25T03:42:39.105+0000][gc,phases   ] GC(760)   Merge Heap Roots: 0.4ms
[2025-12-25T03:42:39.105+0000][gc,phases   ] GC(760)   Evacuate Collection Set: 15.5ms
[2025-12-25T03:42:39.105+0000][gc,phases   ] GC(760)   Post Evacuate Collection Set: 3.0ms
[2025-12-25T03:42:39.105+0000][gc,phases   ] GC(760)   Other: 0.3ms
[2025-12-25T03:42:39.105+0000][gc,heap     ] GC(760) Eden regions: 552->0(550)
[2025-12-25T03:42:39.105+0000][gc,heap     ] GC(760) Survivor regions: 9->10(61)
[2025-12-25T03:42:39.105+0000][gc,heap     ] GC(760) Old regions: 251->251
[2025-12-25T03:42:39.105+0000][gc,heap     ] GC(760) Humongous regions: 151->151
[2025-12-25T03:42:39.105+0000][gc,metaspace] GC(760) Metaspace: 16143K(16512K)->16143K(16512K) NonClass: 14394K(14528K)->14394K(14528K) Class: 1748K(1984K)->1748K(1984K)
[2025-12-25T03:42:39.105+0000][gc          ] GC(760) Pause Young (Normal) (G1 Evacuation Pause) 962M->411M(1024M) 21.219ms
[2025-12-25T03:42:39.105+0000][gc,cpu      ] GC(760) User=0.14s Sys=0.00s Real=0.02s
[2025-12-25T03:43:09.102+0000][gc,start    ] GC(761) Pause Young (Normal) (G1 Evacuation Pause)
[2025-12-25T03:43:09.103+0000][gc,task     ] GC(761) Using 8 workers of 8 for evacuation
[2025-12-25T03:43:09.119+0000][gc,phases   ] GC(761)   Pre Evacuate Collection Set: 2.6ms
[2025-12-25T03:43:09.119+0000][gc,phases   ] GC(761)   Merge Heap Roots: 0.3ms
[2025-12-25T03:43:09.120+0000][gc,phases   ] GC(761)   Evacuate Collection Set: 12.2ms
[2025-12-25T03:43:09.120+0000][gc,phases   ] GC(761)   Post Evacuate Collection Set: 1.2ms
[2025-12-25T03:43:09.120+0000][gc,phases   ] GC(761)   Other: 0.5ms
[2025-12-25T03:43:09.120+0000][gc,heap     ] GC(761) Eden regions: 550->0(555)
[2025-12-25T03:43:09.120+0000][gc,heap     ] GC(761) Survivor regions: 10->7(62)
[2025-12-25T03:43:09.120+0000][gc,heap     ] GC(761) Old regions: 251->252
[2025-12-25T03:43:09.120+0000][gc,heap     ] GC(761) Humongous regions: 151->151
[2025-12-25T03:43:09.120+0000][gc,metaspace] GC(761) Metaspace: 16143K(16512K)->16143K(16512K) NonClass: 14394K(14528K)->14394K(14528K) Class: 1748K(1984K)->1748K(1984K)
[2025-12-25T03:43:09.120+0000][gc          ] GC(761) Pause Young (Normal) (G1 Evacuation Pause) 961M->409M(1024M) 17.833ms
[2025-12-25T03:43:09.120+0000][gc,cpu      ] GC(761) User=0.09s Sys=0.00s Real=0.02s
[2025-12-25T03:43:39.124+0000][gc,start    ] GC(762) Pause Young (Normal) (G1 Evacuation Pause)
[2025-12-25T03:43:39.124+0000][gc,task     ] GC(762) Using 8 workers of 8 for evacuation
[2025-12-25T03:43:39.138+0000][gc,phases   ] GC(762)   Pre Evacuate Collection Set: 1.0ms
[2025-12-25T03:43:39.138+0000][gc,phases   ] GC(762)   Merge Heap Roots: 0.3ms
[2025-12-25T03:43:39.138+0000][gc,phases   ] GC(762)   Evacuate Collection Set: 10.2ms
[2025-12-25T03:43:39.138+0000][gc,phases   ] GC(762)   Post Evacuate Collection Set: 1.8ms
[2025-12-25T03:43:39.138+0000][gc,phases   ] GC(762)   Other: 0.3ms
[2025-12-25T03:43:39.138+0000][gc,heap     ] GC(762) Eden regions: 555->0(553)
[2025-12-25T03:43:39.138+0000][gc,heap     ] GC(762) Survivor regions: 7->8(59)
[2025-12-25T03:43:39.138+0000][gc,heap     ] GC(762) Old regions: 252->252
[2025-12-25T03:43:39.138+0000][gc,heap     ] GC(762) Humongous regions: 151->151
[2025-12-25T03:43:39.138+0000][gc,metaspace] GC(762) Metaspace: 16143K(16512K)->16143K(16512K) NonClass: 14394K(14528K)->14394K(14528K) Class: 1748K(1984K)->1748K(1984K)
[2025-12-25T03:43:39.138+0000][gc          ] GC(762) Pause Young (Normal) (G1 Evacuation Pause) 964M->410M(1024M) 14.543ms
[2025-12-25T03:43:39.138+0000][gc,cpu      ] GC(762) User=0.09s Sys=0.00s Real=0.02s
[2025-12-25T03:44:09.140+0000][gc,start    ] GC(763) Pause Young (Normal) (G1 Evacuation Pause)
[2025-12-25T03:44:09.141+0000][gc,task     ] GC(763) Using 8 workers of 8 for evacuation
[2025-12-25T03:44:09.154+0000][gc,phases   ] GC(763)   Pre Evacuate Collection Set: 1.3ms
[2025-12-25T03:44:09.154+0000][gc,phases   ] GC(763)   Merge Heap Roots: 0.5ms
[2025-12-25T03:44:09.154+0000][gc,phases   ] GC(763)   Evacuate Collection Set: 8.7ms
[2025-12-25T03:44:09.154+0000][gc,phases   ] GC(763)   Post Evacuate Collection Set: 2.4ms
[2025-12-25T03:44:09.154+0000][gc,phases   ] GC(763)   Other: 0.3ms
[2025-12-25T03:44:09.155+0000][gc,heap     ] GC(763) Eden regions: 553->0(550)
[2025-12-25T03:44:09.155+0000][gc,heap     ] GC(763) Survivor regions: 8->9(60)
[2025-12-25T03:44:09.155+0000][gc,heap     ] GC(763) Old regions: 252->253
[2025-12-25T03:44:09.155+0000][gc,heap     ] GC(763) Humongous regions: 151->151
[2025-12-25T03:44:09.155+0000][gc,metaspace] GC(763) Metaspace: 16143K(16512K)->16143K(16512K) NonClass: 14394K(14528K)->14394K(14528K) Class: 1748K(1984K)->1748K(1984K)
[2025-12-25T03:44:09.156+0000][gc          ] GC(763) Pause Young (Normal) (G1 Evacuation Pause) 963M->411M(1024M) 15.857ms
[2025-12-25T03:44:09.156+0000][gc,cpu      ] GC(763) User=0.08s Sys=0.00s Real=0.02s
[2025-12-25T03:44:39.154+0000][gc,start    ] GC(764) Pause Young (Normal) (G1 Evacuation Pause)
[2025-12-25T03:44:39.155+0000][gc,task     ] GC(764) Using 8 workers of 8 for evacuation
[2025-12-25T03:44:39.176+0000][gc,phases   ] GC(764)   Pre Evacuate Collection Set: 1.2ms
[2025-12-25T03:44:39.176+0000][gc,phases   ] GC(764)   Merge Heap Roots: 0.4ms
[2025-12-25T03:44:39.176+0000][gc,phases   ] GC(764)   Evacuate Collection Set: 15.0ms
[2025-12-25T03:44:39.176+0000][gc,phases   ] GC(764)   Post Evacuate Collection Set: 3.3ms
[2025-12-25T03:44:39.176+0000][gc,phases   ] GC(764)   Other: 0.8ms
[2025-12-25T03:44:39.177+0000][gc,heap     ] GC(764) Eden regions: 550->0(550)
[2025-12-25T03:44:39.177+0000][gc,heap     ] GC(764) Survivor regions: 9->9(61)
[2025-12-25T03:44:39.177+0000][gc,heap     ] GC(764) Old regions: 253->253
[2025-12-25T03:44:39.177+0000][gc,heap     ] GC(764) Humongous regions: 151->151
[2025-12-25T03:44:39.177+0000][gc,metaspace] GC(764) Metaspace: 16143K(16512K)->16143K(16512K) NonClass: 14394K(14528K)->14394K(14528K) Class: 1748K(1984K)->1748K(1984K)
[2025-12-25T03:44:39.177+0000][gc          ] GC(764) Pause Young (Normal) (G1 Evacuation Pause) 961M->411M(1024M) 23.150ms
[2025-12-25T03:44:39.177+0000][gc,cpu      ] GC(764) User=0.14s Sys=0.00s Real=0.02s
[2025-12-25T03:45:09.151+0000][gc,start    ] GC(765) Pause Young (Normal) (G1 Evacuation Pause)
[2025-12-25T03:45:09.152+0000][gc,task     ] GC(765) Using 8 workers of 8 for evacuation
[2025-12-25T03:45:09.167+0000][gc,phases   ] GC(765)   Pre Evacuate Collection Set: 1.0ms
[2025-12-25T03:45:09.167+0000][gc,phases   ] GC(765)   Merge Heap Roots: 0.4ms
[2025-12-25T03:45:09.167+0000][gc,phases   ] GC(765)   Evacuate Collection Set: 11.9ms
[2025-12-25T03:45:09.167+0000][gc,phases   ] GC(765)   Post Evacuate Collection Set: 1.2ms
[2025-12-25T03:45:09.167+0000][gc,phases   ] GC(765)   Other: 0.4ms
[2025-12-25T03:45:09.167+0000][gc,heap     ] GC(765) Eden regions: 550->0(548)
[2025-12-25T03:45:09.167+0000][gc,heap     ] GC(765) Survivor regions: 9->10(61)
[2025-12-25T03:45:09.167+0000][gc,heap     ] GC(765) Old regions: 253->253
[2025-12-25T03:45:09.167+0000][gc,heap     ] GC(765) Humongous regions: 151->151
[2025-12-25T03:45:09.167+0000][gc,metaspace] GC(765) Metaspace: 16143K(16512K)->16143K(16512K) NonClass: 14394K(14528K)->14394K(14528K) Class: 1748K(1984K)->1748K(1984K)
[2025-12-25T03:45:09.167+0000][gc          ] GC(765) Pause Young (Normal) (G1 Evacuation Pause) 961M->413M(1024M) 16.204ms
[2025-12-25T03:45:09.168+0000][gc,cpu      ] GC(765) User=0.10s Sys=0.00s Real=0.02s
[2025-12-25T03:45:39.118+0000][gc,start    ] GC(766) Pause Young (Normal) (G1 Evacuation Pause)
[2025-12-25T03:45:39.119+0000][gc,task     ] GC(766) Using 8 workers of 8 for evacuation
[2025-12-25T03:45:39.129+0000][gc,phases   ] GC(766)   Pre Evacuate Collection Set: 1.0ms
[2025-12-25T03:45:39.129+0000][gc,phases   ] GC(766)   Merge Heap Roots: 0.4ms
[2025-12-25T03:45:39.130+0000][gc,phases   ] GC(766)   Evacuate Collection Set: 7.3ms
[2025-12-25T03:45:39.130+0000][gc,phases   ] GC(766)   Post Evacuate Collection Set: 1.2ms
[2025-12-25T03:45:39.130+0000][gc,phases   ] GC(766)   Other: 0.4ms
[2025-12-25T03:45:39.130+0000][gc,heap     ] GC(766) Eden regions: 548->0(554)
[2025-12-25T03:45:39.130+0000][gc,heap     ] GC(766) Survivor regions: 10->7(62)
[2025-12-25T03:45:39.130+0000][gc,heap     ] GC(766) Old regions: 253->253
[2025-12-25T03:45:39.130+0000][gc,heap     ] GC(766) Humongous regions: 151->151
[2025-12-25T03:45:39.130+0000][gc,metaspace] GC(766) Metaspace: 16143K(16512K)->16143K(16512K) NonClass: 14394K(14528K)->14394K(14528K) Class: 1748K(1984K)->1748K(1984K)
[2025-12-25T03:45:39.130+0000][gc          ] GC(766) Pause Young (Normal) (G1 Evacuation Pause) 961M->410M(1024M) 11.721ms
[2025-12-25T03:45:39.130+0000][gc,cpu      ] GC(766) User=0.07s Sys=0.00s Real=0.01s
[2025-12-25T03:46:09.236+0000][gc,start    ] GC(767) Pause Young (Normal) (G1 Evacuation Pause)
[2025-12-25T03:46:09.236+0000][gc,task     ] GC(767) Using 8 workers of 8 for evacuation
[2025-12-25T03:46:09.262+0000][gc,phases   ] GC(767)   Pre Evacuate Collection Set: 1.3ms
[2025-12-25T03:46:09.262+0000][gc,phases   ] GC(767)   Merge Heap Roots: 0.4ms
[2025-12-25T03:46:09.262+0000][gc,phases   ] GC(767)   Evacuate Collection Set: 21.1ms
[2025-12-25T03:46:09.262+0000][gc,phases   ] GC(767)   Post Evacuate Collection Set: 2.0ms
[2025-12-25T03:46:09.262+0000][gc,phases   ] GC(767)   Other: 0.6ms
[2025-12-25T03:46:09.262+0000][gc,heap     ] GC(767) Eden regions: 554->0(551)
[2025-12-25T03:46:09.262+0000][gc,heap     ] GC(767) Survivor regions: 7->8(59)
[2025-12-25T03:46:09.262+0000][gc,heap     ] GC(767) Old regions: 253->254
[2025-12-25T03:46:09.262+0000][gc,heap     ] GC(767) Humongous regions: 151->151
[2025-12-25T03:46:09.262+0000][gc,metaspace] GC(767) Metaspace: 16143K(16512K)->16143K(16512K) NonClass: 14394K(14528K)->14394K(14528K) Class: 1748K(1984K)->1748K(1984K)
[2025-12-25T03:46:09.262+0000][gc          ] GC(767) Pause Young (Normal) (G1 Evacuation Pause) 964M->411M(1024M) 26.706ms
[2025-12-25T03:46:09.262+0000][gc,cpu      ] GC(767) User=0.16s Sys=0.01s Real=0.03s
[2025-12-25T03:46:39.185+0000][gc,start    ] GC(768) Pause Young (Normal) (G1 Evacuation Pause)
[2025-12-25T03:46:39.185+0000][gc,task     ] GC(768) Using 8 workers of 8 for evacuation
[2025-12-25T03:46:39.206+0000][gc,phases   ] GC(768)   Pre Evacuate Collection Set: 1.3ms
[2025-12-25T03:46:39.207+0000][gc,phases   ] GC(768)   Merge Heap Roots: 0.6ms
[2025-12-25T03:46:39.207+0000][gc,phases   ] GC(768)   Evacuate Collection Set: 17.8ms
[2025-12-25T03:46:39.207+0000][gc,phases   ] GC(768)   Post Evacuate Collection Set: 1.3ms
[2025-12-25T03:46:39.207+0000][gc,phases   ] GC(768)   Other: 0.4ms
[2025-12-25T03:46:39.207+0000][gc,heap     ] GC(768) Eden regions: 551->0(551)
[2025-12-25T03:46:39.207+0000][gc,heap     ] GC(768) Survivor regions: 8->8(60)
[2025-12-25T03:46:39.207+0000][gc,heap     ] GC(768) Old regions: 254->254
[2025-12-25T03:46:39.207+0000][gc,heap     ] GC(768) Humongous regions: 151->151
[2025-12-25T03:46:39.208+0000][gc,metaspace] GC(768) Metaspace: 16143K(16512K)->16143K(16512K) NonClass: 14394K(14528K)->14394K(14528K) Class: 1748K(1984K)->1748K(1984K)
[2025-12-25T03:46:39.208+0000][gc          ] GC(768) Pause Young (Normal) (G1 Evacuation Pause) 962M->412M(1024M) 23.844ms
[2025-12-25T03:46:39.209+0000][gc,cpu      ] GC(768) User=0.13s Sys=0.00s Real=0.03s
[2025-12-25T03:47:09.187+0000][gc,start    ] GC(769) Pause Young (Normal) (G1 Evacuation Pause)
[2025-12-25T03:47:09.189+0000][gc,task     ] GC(769) Using 8 workers of 8 for evacuation
[2025-12-25T03:47:09.210+0000][gc,phases   ] GC(769)   Pre Evacuate Collection Set: 6.3ms
[2025-12-25T03:47:09.211+0000][gc,phases   ] GC(769)   Merge Heap Roots: 0.6ms
[2025-12-25T03:47:09.211+0000][gc,phases   ] GC(769)   Evacuate Collection Set: 11.9ms
[2025-12-25T03:47:09.211+0000][gc,phases   ] GC(769)   Post Evacuate Collection Set: 1.6ms
[2025-12-25T03:47:09.211+0000][gc,phases   ] GC(769)   Other: 1.6ms
[2025-12-25T03:47:09.211+0000][gc,heap     ] GC(769) Eden regions: 551->0(549)
[2025-12-25T03:47:09.211+0000][gc,heap     ] GC(769) Survivor regions: 8->9(60)
[2025-12-25T03:47:09.211+0000][gc,heap     ] GC(769) Old regions: 254->254
[2025-12-25T03:47:09.211+0000][gc,heap     ] GC(769) Humongous regions: 151->151
[2025-12-25T03:47:09.211+0000][gc,metaspace] GC(769) Metaspace: 16146K(16512K)->16146K(16512K) NonClass: 14397K(14528K)->14397K(14528K) Class: 1748K(1984K)->1748K(1984K)
[2025-12-25T03:47:09.211+0000][gc          ] GC(769) Pause Young (Normal) (G1 Evacuation Pause) 963M->413M(1024M) 24.799ms
[2025-12-25T03:47:09.211+0000][gc,cpu      ] GC(769) User=0.11s Sys=0.01s Real=0.02s
[2025-12-25T03:47:39.176+0000][gc,start    ] GC(770) Pause Young (Normal) (G1 Evacuation Pause)
[2025-12-25T03:47:39.177+0000][gc,task     ] GC(770) Using 8 workers of 8 for evacuation
[2025-12-25T03:47:39.198+0000][gc,phases   ] GC(770)   Pre Evacuate Collection Set: 1.1ms
[2025-12-25T03:47:39.198+0000][gc,phases   ] GC(770)   Merge Heap Roots: 0.4ms
[2025-12-25T03:47:39.198+0000][gc,phases   ] GC(770)   Evacuate Collection Set: 18.1ms
[2025-12-25T03:47:39.198+0000][gc,phases   ] GC(770)   Post Evacuate Collection Set: 1.3ms
[2025-12-25T03:47:39.198+0000][gc,phases   ] GC(770)   Other: 0.3ms
[2025-12-25T03:47:39.198+0000][gc,heap     ] GC(770) Eden regions: 549->0(546)
[2025-12-25T03:47:39.199+0000][gc,heap     ] GC(770) Survivor regions: 9->10(61)
[2025-12-25T03:47:39.199+0000][gc,heap     ] GC(770) Old regions: 254->255
[2025-12-25T03:47:39.199+0000][gc,heap     ] GC(770) Humongous regions: 151->151
[2025-12-25T03:47:39.199+0000][gc,metaspace] GC(770) Metaspace: 16146K(16512K)->16146K(16512K) NonClass: 14397K(14528K)->14397K(14528K) Class: 1748K(1984K)->1748K(1984K)
[2025-12-25T03:47:39.199+0000][gc          ] GC(770) Pause Young (Normal) (G1 Evacuation Pause) 962M->414M(1024M) 22.379ms
[2025-12-25T03:47:39.199+0000][gc,cpu      ] GC(770) User=0.15s Sys=0.00s Real=0.02s
[2025-12-25T03:48:09.318+0000][gc,start    ] GC(771) Pause Young (Normal) (G1 Evacuation Pause)
[2025-12-25T03:48:09.319+0000][gc,task     ] GC(771) Using 8 workers of 8 for evacuation
[2025-12-25T03:48:09.343+0000][gc,phases   ] GC(771)   Pre Evacuate Collection Set: 1.2ms
[2025-12-25T03:48:09.343+0000][gc,phases   ] GC(771)   Merge Heap Roots: 0.4ms
[2025-12-25T03:48:09.343+0000][gc,phases   ] GC(771)   Evacuate Collection Set: 21.1ms
[2025-12-25T03:48:09.344+0000][gc,phases   ] GC(771)   Post Evacuate Collection Set: 1.2ms
[2025-12-25T03:48:09.344+0000][gc,phases   ] GC(771)   Other: 0.4ms
[2025-12-25T03:48:09.344+0000][gc,heap     ] GC(771) Eden regions: 546->0(546)
[2025-12-25T03:48:09.344+0000][gc,heap     ] GC(771) Survivor regions: 10->10(62)
[2025-12-25T03:48:09.344+0000][gc,heap     ] GC(771) Old regions: 255->255
[2025-12-25T03:48:09.344+0000][gc,heap     ] GC(771) Humongous regions: 151->151
[2025-12-25T03:48:09.344+0000][gc,metaspace] GC(771) Metaspace: 16146K(16512K)->16146K(16512K) NonClass: 14397K(14528K)->14397K(14528K) Class: 1748K(1984K)->1748K(1984K)
[2025-12-25T03:48:09.344+0000][gc          ] GC(771) Pause Young (Normal) (G1 Evacuation Pause) 960M->415M(1024M) 25.502ms
[2025-12-25T03:48:09.344+0000][gc,cpu      ] GC(771) User=0.18s Sys=0.00s Real=0.02s
[2025-12-25T03:48:39.211+0000][gc,start    ] GC(772) Pause Young (Normal) (G1 Evacuation Pause)
[2025-12-25T03:48:39.212+0000][gc,task     ] GC(772) Using 8 workers of 8 for evacuation
[2025-12-25T03:48:39.232+0000][gc,phases   ] GC(772)   Pre Evacuate Collection Set: 1.7ms
[2025-12-25T03:48:39.232+0000][gc,phases   ] GC(772)   Merge Heap Roots: 0.5ms
[2025-12-25T03:48:39.232+0000][gc,phases   ] GC(772)   Evacuate Collection Set: 13.3ms
[2025-12-25T03:48:39.232+0000][gc,phases   ] GC(772)   Post Evacuate Collection Set: 2.7ms
[2025-12-25T03:48:39.232+0000][gc,phases   ] GC(772)   Other: 1.2ms
[2025-12-25T03:48:39.232+0000][gc,heap     ] GC(772) Eden regions: 546->0(546)
[2025-12-25T03:48:39.232+0000][gc,heap     ] GC(772) Survivor regions: 10->10(62)
[2025-12-25T03:48:39.232+0000][gc,heap     ] GC(772) Old regions: 255->255
[2025-12-25T03:48:39.233+0000][gc,heap     ] GC(772) Humongous regions: 151->151
[2025-12-25T03:48:39.233+0000][gc,metaspace] GC(772) Metaspace: 16146K(16512K)->16146K(16512K) NonClass: 14397K(14528K)->14397K(14528K) Class: 1748K(1984K)->1748K(1984K)
[2025-12-25T03:48:39.233+0000][gc          ] GC(772) Pause Young (Normal) (G1 Evacuation Pause) 961M->415M(1024M) 21.313ms
[2025-12-25T03:48:39.233+0000][gc,cpu      ] GC(772) User=0.12s Sys=0.00s Real=0.02s
[2025-12-25T03:49:09.137+0000][gc,start    ] GC(773) Pause Young (Normal) (G1 Evacuation Pause)
[2025-12-25T03:49:09.137+0000][gc,task     ] GC(773) Using 8 workers of 8 for evacuation
[2025-12-25T03:49:09.168+0000][gc,phases   ] GC(773)   Pre Evacuate Collection Set: 1.3ms
[2025-12-25T03:49:09.168+0000][gc,phases   ] GC(773)   Merge Heap Roots: 0.6ms
[2025-12-25T03:49:09.168+0000][gc,phases   ] GC(773)   Evacuate Collection Set: 27.1ms
[2025-12-25T03:49:09.168+0000][gc,phases   ] GC(773)   Post Evacuate Collection Set: 1.6ms
[2025-12-25T03:49:09.168+0000][gc,phases   ] GC(773)   Other: 0.4ms
[2025-12-25T03:49:09.168+0000][gc,heap     ] GC(773) Eden regions: 546->0(541)
[2025-12-25T03:49:09.169+0000][gc,heap     ] GC(773) Survivor regions: 10->12(62)
[2025-12-25T03:49:09.169+0000][gc,heap     ] GC(773) Old regions: 255->256
[2025-12-25T03:49:09.169+0000][gc,heap     ] GC(773) Humongous regions: 151->151
[2025-12-25T03:49:09.169+0000][gc,metaspace] GC(773) Metaspace: 16197K(16576K)->16197K(16576K) NonClass: 14449K(14592K)->14449K(14592K) Class: 1748K(1984K)->1748K(1984K)
[2025-12-25T03:49:09.169+0000][gc          ] GC(773) Pause Young (Normal) (G1 Evacuation Pause) 961M->417M(1024M) 32.276ms
[2025-12-25T03:49:09.169+0000][gc,cpu      ] GC(773) User=0.22s Sys=0.00s Real=0.03s
[2025-12-25T03:49:39.060+0000][gc,start    ] GC(774) Pause Young (Normal) (G1 Evacuation Pause)
[2025-12-25T03:49:39.060+0000][gc,task     ] GC(774) Using 8 workers of 8 for evacuation
[2025-12-25T03:49:39.098+0000][gc,phases   ] GC(774)   Pre Evacuate Collection Set: 1.6ms
[2025-12-25T03:49:39.098+0000][gc,phases   ] GC(774)   Merge Heap Roots: 0.6ms
[2025-12-25T03:49:39.098+0000][gc,phases   ] GC(774)   Evacuate Collection Set: 33.0ms
[2025-12-25T03:49:39.098+0000][gc,phases   ] GC(774)   Post Evacuate Collection Set: 1.6ms
[2025-12-25T03:49:39.098+0000][gc,phases   ] GC(774)   Other: 0.5ms
[2025-12-25T03:49:39.098+0000][gc,heap     ] GC(774) Eden regions: 541->0(541)
[2025-12-25T03:49:39.099+0000][gc,heap     ] GC(774) Survivor regions: 12->12(64)
[2025-12-25T03:49:39.099+0000][gc,heap     ] GC(774) Old regions: 256->256
[2025-12-25T03:49:39.099+0000][gc,heap     ] GC(774) Humongous regions: 151->151
[2025-12-25T03:49:39.099+0000][gc,metaspace] GC(774) Metaspace: 16403K(16832K)->16403K(16832K) NonClass: 14620K(14784K)->14620K(14784K) Class: 1782K(2048K)->1782K(2048K)
[2025-12-25T03:49:39.099+0000][gc          ] GC(774) Pause Young (Normal) (G1 Evacuation Pause) 958M->418M(1024M) 38.927ms
[2025-12-25T03:49:39.099+0000][gc,cpu      ] GC(774) User=0.24s Sys=0.01s Real=0.04s
[2025-12-25T03:50:08.869+0000][gc,start    ] GC(775) Pause Young (Normal) (G1 Evacuation Pause)
[2025-12-25T03:50:08.869+0000][gc,task     ] GC(775) Using 8 workers of 8 for evacuation
[2025-12-25T03:50:08.915+0000][gc,phases   ] GC(775)   Pre Evacuate Collection Set: 4.6ms
[2025-12-25T03:50:08.916+0000][gc,phases   ] GC(775)   Merge Heap Roots: 3.3ms
[2025-12-25T03:50:08.916+0000][gc,phases   ] GC(775)   Evacuate Collection Set: 35.8ms
[2025-12-25T03:50:08.916+0000][gc,phases   ] GC(775)   Post Evacuate Collection Set: 1.9ms
[2025-12-25T03:50:08.916+0000][gc,phases   ] GC(775)   Other: 0.5ms
[2025-12-25T03:50:08.916+0000][gc,heap     ] GC(775) Eden regions: 541->0(545)
[2025-12-25T03:50:08.916+0000][gc,heap     ] GC(775) Survivor regions: 12->10(64)
[2025-12-25T03:50:08.916+0000][gc,heap     ] GC(775) Old regions: 256->256
[2025-12-25T03:50:08.916+0000][gc,heap     ] GC(775) Humongous regions: 151->151
[2025-12-25T03:50:08.916+0000][gc,metaspace] GC(775) Metaspace: 16567K(16960K)->16567K(16960K) NonClass: 14779K(14912K)->14779K(14912K) Class: 1788K(2048K)->1788K(2048K)
[2025-12-25T03:50:08.916+0000][gc          ] GC(775) Pause Young (Normal) (G1 Evacuation Pause) 959M->415M(1024M) 47.436ms
[2025-12-25T03:50:08.916+0000][gc,cpu      ] GC(775) User=0.28s Sys=0.01s Real=0.04s
[2025-12-25T03:50:29.327+0000][gc,start    ] GC(776) Pause Young (Normal) (G1 Evacuation Pause)
[2025-12-25T03:50:29.327+0000][gc,task     ] GC(776) Using 8 workers of 8 for evacuation
[2025-12-25T03:50:29.361+0000][gc,phases   ] GC(776)   Pre Evacuate Collection Set: 1.3ms
[2025-12-25T03:50:29.361+0000][gc,phases   ] GC(776)   Merge Heap Roots: 0.4ms
[2025-12-25T03:50:29.361+0000][gc,phases   ] GC(776)   Evacuate Collection Set: 29.2ms
[2025-12-25T03:50:29.361+0000][gc,phases   ] GC(776)   Post Evacuate Collection Set: 2.5ms
[2025-12-25T03:50:29.361+0000][gc,phases   ] GC(776)   Other: 0.4ms
[2025-12-25T03:50:29.362+0000][gc,heap     ] GC(776) Eden regions: 545->0(540)
[2025-12-25T03:50:29.362+0000][gc,heap     ] GC(776) Survivor regions: 10->12(62)
[2025-12-25T03:50:29.362+0000][gc,heap     ] GC(776) Old regions: 256->257
[2025-12-25T03:50:29.362+0000][gc,heap     ] GC(776) Humongous regions: 151->151
[2025-12-25T03:50:29.362+0000][gc,metaspace] GC(776) Metaspace: 16575K(17024K)->16575K(17024K) NonClass: 14786K(14976K)->14786K(14976K) Class: 1788K(2048K)->1788K(2048K)
[2025-12-25T03:50:29.362+0000][gc          ] GC(776) Pause Young (Normal) (G1 Evacuation Pause) 960M->418M(1024M) 35.109ms
[2025-12-25T03:50:29.362+0000][gc,cpu      ] GC(776) User=0.24s Sys=0.00s Real=0.04s
[2025-12-25T03:50:59.215+0000][gc,start    ] GC(777) Pause Young (Normal) (G1 Evacuation Pause)
[2025-12-25T03:50:59.215+0000][gc,task     ] GC(777) Using 8 workers of 8 for evacuation
[2025-12-25T03:50:59.252+0000][gc,phases   ] GC(777)   Pre Evacuate Collection Set: 4.5ms
[2025-12-25T03:50:59.252+0000][gc,phases   ] GC(777)   Merge Heap Roots: 1.8ms
[2025-12-25T03:50:59.252+0000][gc,phases   ] GC(777)   Evacuate Collection Set: 28.0ms
[2025-12-25T03:50:59.252+0000][gc,phases   ] GC(777)   Post Evacuate Collection Set: 1.6ms
[2025-12-25T03:50:59.252+0000][gc,phases   ] GC(777)   Other: 0.4ms
[2025-12-25T03:50:59.252+0000][gc,heap     ] GC(777) Eden regions: 540->0(536)
[2025-12-25T03:50:59.252+0000][gc,heap     ] GC(777) Survivor regions: 12->14(64)
[2025-12-25T03:50:59.252+0000][gc,heap     ] GC(777) Old regions: 257->257
[2025-12-25T03:50:59.252+0000][gc,heap     ] GC(777) Humongous regions: 151->151
[2025-12-25T03:50:59.252+0000][gc,metaspace] GC(777) Metaspace: 16576K(17024K)->16576K(17024K) NonClass: 14788K(14976K)->14788K(14976K) Class: 1788K(2048K)->1788K(2048K)
[2025-12-25T03:50:59.252+0000][gc          ] GC(777) Pause Young (Normal) (G1 Evacuation Pause) 958M->420M(1024M) 37.529ms
[2025-12-25T03:50:59.252+0000][gc,cpu      ] GC(777) User=0.25s Sys=0.00s Real=0.04s
[2025-12-25T03:51:29.184+0000][gc,start    ] GC(778) Pause Young (Normal) (G1 Evacuation Pause)
[2025-12-25T03:51:29.184+0000][gc,task     ] GC(778) Using 8 workers of 8 for evacuation
[2025-12-25T03:51:29.207+0000][gc,phases   ] GC(778)   Pre Evacuate Collection Set: 1.0ms
[2025-12-25T03:51:29.208+0000][gc,phases   ] GC(778)   Merge Heap Roots: 0.4ms
[2025-12-25T03:51:29.208+0000][gc,phases   ] GC(778)   Evacuate Collection Set: 20.8ms
[2025-12-25T03:51:29.208+0000][gc,phases   ] GC(778)   Post Evacuate Collection Set: 1.1ms
[2025-12-25T03:51:29.208+0000][gc,phases   ] GC(778)   Other: 0.2ms
[2025-12-25T03:51:29.208+0000][gc,heap     ] GC(778) Eden regions: 536->0(538)
[2025-12-25T03:51:29.208+0000][gc,heap     ] GC(778) Survivor regions: 14->13(66)
[2025-12-25T03:51:29.208+0000][gc,heap     ] GC(778) Old regions: 257->257
[2025-12-25T03:51:29.208+0000][gc,heap     ] GC(778) Humongous regions: 151->151
[2025-12-25T03:51:29.208+0000][gc,metaspace] GC(778) Metaspace: 16576K(17024K)->16576K(17024K) NonClass: 14788K(14976K)->14788K(14976K) Class: 1788K(2048K)->1788K(2048K)
[2025-12-25T03:51:29.208+0000][gc          ] GC(778) Pause Young (Normal) (G1 Evacuation Pause) 956M->420M(1024M) 24.457ms
[2025-12-25T03:51:29.208+0000][gc,cpu      ] GC(778) User=0.14s Sys=0.00s Real=0.03s
[2025-12-25T03:51:59.142+0000][gc,start    ] GC(779) Pause Young (Normal) (G1 Evacuation Pause)
[2025-12-25T03:51:59.143+0000][gc,task     ] GC(779) Using 8 workers of 8 for evacuation
[2025-12-25T03:51:59.175+0000][gc,phases   ] GC(779)   Pre Evacuate Collection Set: 5.3ms
[2025-12-25T03:51:59.175+0000][gc,phases   ] GC(779)   Merge Heap Roots: 2.5ms
[2025-12-25T03:51:59.175+0000][gc,phases   ] GC(779)   Evacuate Collection Set: 22.3ms
[2025-12-25T03:51:59.175+0000][gc,phases   ] GC(779)   Post Evacuate Collection Set: 1.2ms
[2025-12-25T03:51:59.175+0000][gc,phases   ] GC(779)   Other: 1.0ms
[2025-12-25T03:51:59.175+0000][gc,heap     ] GC(779) Eden regions: 538->0(546)
[2025-12-25T03:51:59.175+0000][gc,heap     ] GC(779) Survivor regions: 13->9(65)
[2025-12-25T03:51:59.175+0000][gc,heap     ] GC(779) Old regions: 257->257
[2025-12-25T03:51:59.175+0000][gc,heap     ] GC(779) Humongous regions: 151->151
[2025-12-25T03:51:59.176+0000][gc,metaspace] GC(779) Metaspace: 16576K(17024K)->16576K(17024K) NonClass: 14788K(14976K)->14788K(14976K) Class: 1788K(2048K)->1788K(2048K)
[2025-12-25T03:51:59.176+0000][gc          ] GC(779) Pause Young (Normal) (G1 Evacuation Pause) 958M->416M(1024M) 33.798ms
[2025-12-25T03:51:59.176+0000][gc,cpu      ] GC(779) User=0.21s Sys=0.00s Real=0.04s
[2025-12-25T03:52:29.093+0000][gc,start    ] GC(780) Pause Young (Normal) (G1 Evacuation Pause)
[2025-12-25T03:52:29.094+0000][gc,task     ] GC(780) Using 8 workers of 8 for evacuation
[2025-12-25T03:52:29.124+0000][gc,phases   ] GC(780)   Pre Evacuate Collection Set: 1.0ms
[2025-12-25T03:52:29.124+0000][gc,phases   ] GC(780)   Merge Heap Roots: 0.4ms
[2025-12-25T03:52:29.124+0000][gc,phases   ] GC(780)   Evacuate Collection Set: 26.2ms
[2025-12-25T03:52:29.124+0000][gc,phases   ] GC(780)   Post Evacuate Collection Set: 2.0ms
[2025-12-25T03:52:29.124+0000][gc,phases   ] GC(780)   Other: 0.4ms
[2025-12-25T03:52:29.124+0000][gc,heap     ] GC(780) Eden regions: 546->0(545)
[2025-12-25T03:52:29.124+0000][gc,heap     ] GC(780) Survivor regions: 9->9(61)
[2025-12-25T03:52:29.124+0000][gc,heap     ] GC(780) Old regions: 257->258
[2025-12-25T03:52:29.124+0000][gc,heap     ] GC(780) Humongous regions: 151->151
[2025-12-25T03:52:29.125+0000][gc,metaspace] GC(780) Metaspace: 16576K(17024K)->16576K(17024K) NonClass: 14788K(14976K)->14788K(14976K) Class: 1788K(2048K)->1788K(2048K)
[2025-12-25T03:52:29.125+0000][gc          ] GC(780) Pause Young (Normal) (G1 Evacuation Pause) 962M->417M(1024M) 31.696ms
[2025-12-25T03:52:29.125+0000][gc,cpu      ] GC(780) User=0.20s Sys=0.00s Real=0.04s
[2025-12-25T03:52:59.046+0000][gc,start    ] GC(781) Pause Young (Normal) (G1 Evacuation Pause)
[2025-12-25T03:52:59.047+0000][gc,task     ] GC(781) Using 8 workers of 8 for evacuation
[2025-12-25T03:52:59.072+0000][gc,phases   ] GC(781)   Pre Evacuate Collection Set: 1.2ms
[2025-12-25T03:52:59.073+0000][gc,phases   ] GC(781)   Merge Heap Roots: 0.4ms
[2025-12-25T03:52:59.073+0000][gc,phases   ] GC(781)   Evacuate Collection Set: 20.7ms
[2025-12-25T03:52:59.073+0000][gc,phases   ] GC(781)   Post Evacuate Collection Set: 3.1ms
[2025-12-25T03:52:59.073+0000][gc,phases   ] GC(781)   Other: 0.3ms
[2025-12-25T03:52:59.073+0000][gc,heap     ] GC(781) Eden regions: 545->0(545)
[2025-12-25T03:52:59.073+0000][gc,heap     ] GC(781) Survivor regions: 9->9(61)
[2025-12-25T03:52:59.073+0000][gc,heap     ] GC(781) Old regions: 258->258
[2025-12-25T03:52:59.073+0000][gc,heap     ] GC(781) Humongous regions: 151->151
[2025-12-25T03:52:59.073+0000][gc,metaspace] GC(781) Metaspace: 16576K(17024K)->16576K(17024K) NonClass: 14788K(14976K)->14788K(14976K) Class: 1788K(2048K)->1788K(2048K)
[2025-12-25T03:52:59.073+0000][gc          ] GC(781) Pause Young (Normal) (G1 Evacuation Pause) 962M->417M(1024M) 26.830ms
[2025-12-25T03:52:59.073+0000][gc,cpu      ] GC(781) User=0.17s Sys=0.00s Real=0.03s
[2025-12-25T03:53:29.055+0000][gc,start    ] GC(782) Pause Young (Normal) (G1 Evacuation Pause)
[2025-12-25T03:53:29.056+0000][gc,task     ] GC(782) Using 8 workers of 8 for evacuation
[2025-12-25T03:53:29.086+0000][gc,phases   ] GC(782)   Pre Evacuate Collection Set: 1.0ms
[2025-12-25T03:53:29.086+0000][gc,phases   ] GC(782)   Merge Heap Roots: 0.4ms
[2025-12-25T03:53:29.086+0000][gc,phases   ] GC(782)   Evacuate Collection Set: 25.6ms
[2025-12-25T03:53:29.086+0000][gc,phases   ] GC(782)   Post Evacuate Collection Set: 3.0ms
[2025-12-25T03:53:29.086+0000][gc,phases   ] GC(782)   Other: 0.4ms
[2025-12-25T03:53:29.086+0000][gc,heap     ] GC(782) Eden regions: 545->0(543)
[2025-12-25T03:53:29.087+0000][gc,heap     ] GC(782) Survivor regions: 9->10(61)
[2025-12-25T03:53:29.087+0000][gc,heap     ] GC(782) Old regions: 258->258
[2025-12-25T03:53:29.087+0000][gc,heap     ] GC(782) Humongous regions: 151->151
[2025-12-25T03:53:29.087+0000][gc,metaspace] GC(782) Metaspace: 16576K(17024K)->16576K(17024K) NonClass: 14788K(14976K)->14788K(14976K) Class: 1788K(2048K)->1788K(2048K)
[2025-12-25T03:53:29.087+0000][gc          ] GC(782) Pause Young (Normal) (G1 Evacuation Pause) 962M->418M(1024M) 31.821ms
[2025-12-25T03:53:29.087+0000][gc,cpu      ] GC(782) User=0.19s Sys=0.00s Real=0.03s
[2025-12-25T03:53:58.959+0000][gc,start    ] GC(783) Pause Young (Normal) (G1 Evacuation Pause)
[2025-12-25T03:53:58.959+0000][gc,task     ] GC(783) Using 8 workers of 8 for evacuation
[2025-12-25T03:53:58.993+0000][gc,phases   ] GC(783)   Pre Evacuate Collection Set: 1.0ms
[2025-12-25T03:53:58.994+0000][gc,phases   ] GC(783)   Merge Heap Roots: 0.4ms
[2025-12-25T03:53:58.994+0000][gc,phases   ] GC(783)   Evacuate Collection Set: 28.2ms
[2025-12-25T03:53:58.994+0000][gc,phases   ] GC(783)   Post Evacuate Collection Set: 4.5ms
[2025-12-25T03:53:58.994+0000][gc,phases   ] GC(783)   Other: 0.3ms
[2025-12-25T03:53:58.994+0000][gc,heap     ] GC(783) Eden regions: 543->0(542)
[2025-12-25T03:53:58.994+0000][gc,heap     ] GC(783) Survivor regions: 10->10(62)
[2025-12-25T03:53:58.994+0000][gc,heap     ] GC(783) Old regions: 258->259
[2025-12-25T03:53:58.994+0000][gc,heap     ] GC(783) Humongous regions: 151->151
[2025-12-25T03:53:58.994+0000][gc,metaspace] GC(783) Metaspace: 16576K(17024K)->16576K(17024K) NonClass: 14788K(14976K)->14788K(14976K) Class: 1788K(2048K)->1788K(2048K)
[2025-12-25T03:53:58.994+0000][gc          ] GC(783) Pause Young (Normal) (G1 Evacuation Pause) 961M->418M(1024M) 35.674ms
[2025-12-25T03:53:58.994+0000][gc,cpu      ] GC(783) User=0.21s Sys=0.00s Real=0.04s
[2025-12-25T03:54:28.905+0000][gc,start    ] GC(784) Pause Young (Normal) (G1 Evacuation Pause)
[2025-12-25T03:54:28.905+0000][gc,task     ] GC(784) Using 8 workers of 8 for evacuation
[2025-12-25T03:54:28.925+0000][gc,phases   ] GC(784)   Pre Evacuate Collection Set: 1.1ms
[2025-12-25T03:54:28.925+0000][gc,phases   ] GC(784)   Merge Heap Roots: 0.5ms
[2025-12-25T03:54:28.925+0000][gc,phases   ] GC(784)   Evacuate Collection Set: 16.3ms
[2025-12-25T03:54:28.925+0000][gc,phases   ] GC(784)   Post Evacuate Collection Set: 1.1ms
[2025-12-25T03:54:28.925+0000][gc,phases   ] GC(784)   Other: 0.2ms
[2025-12-25T03:54:28.925+0000][gc,heap     ] GC(784) Eden regions: 542->0(548)
[2025-12-25T03:54:28.925+0000][gc,heap     ] GC(784) Survivor regions: 10->7(62)
[2025-12-25T03:54:28.925+0000][gc,heap     ] GC(784) Old regions: 259->259
[2025-12-25T03:54:28.925+0000][gc,heap     ] GC(784) Humongous regions: 151->151
[2025-12-25T03:54:28.925+0000][gc,metaspace] GC(784) Metaspace: 16576K(17024K)->16576K(17024K) NonClass: 14788K(14976K)->14788K(14976K) Class: 1788K(2048K)->1788K(2048K)
[2025-12-25T03:54:28.925+0000][gc          ] GC(784) Pause Young (Normal) (G1 Evacuation Pause) 960M->415M(1024M) 20.050ms
[2025-12-25T03:54:28.925+0000][gc,cpu      ] GC(784) User=0.12s Sys=0.00s Real=0.02s
[2025-12-25T03:54:58.905+0000][gc,start    ] GC(785) Pause Young (Normal) (G1 Evacuation Pause)
[2025-12-25T03:54:58.905+0000][gc,task     ] GC(785) Using 8 workers of 8 for evacuation
[2025-12-25T03:54:58.939+0000][gc,phases   ] GC(785)   Pre Evacuate Collection Set: 2.6ms
[2025-12-25T03:54:58.939+0000][gc,phases   ] GC(785)   Merge Heap Roots: 2.8ms
[2025-12-25T03:54:58.939+0000][gc,phases   ] GC(785)   Evacuate Collection Set: 25.5ms
[2025-12-25T03:54:58.939+0000][gc,phases   ] GC(785)   Post Evacuate Collection Set: 1.7ms
[2025-12-25T03:54:58.939+0000][gc,phases   ] GC(785)   Other: 0.8ms
[2025-12-25T03:54:58.939+0000][gc,heap     ] GC(785) Eden regions: 548->0(548)
[2025-12-25T03:54:58.939+0000][gc,heap     ] GC(785) Survivor regions: 7->7(59)
[2025-12-25T03:54:58.939+0000][gc,heap     ] GC(785) Old regions: 259->259
[2025-12-25T03:54:58.939+0000][gc,heap     ] GC(785) Humongous regions: 151->151
[2025-12-25T03:54:58.939+0000][gc,metaspace] GC(785) Metaspace: 16576K(17024K)->16576K(17024K) NonClass: 14788K(14976K)->14788K(14976K) Class: 1788K(2048K)->1788K(2048K)
[2025-12-25T03:54:58.939+0000][gc          ] GC(785) Pause Young (Normal) (G1 Evacuation Pause) 963M->415M(1024M) 34.577ms
[2025-12-25T03:54:58.939+0000][gc,cpu      ] GC(785) User=0.23s Sys=0.00s Real=0.04s
[2025-12-25T03:55:28.868+0000][gc,start    ] GC(786) Pause Young (Normal) (G1 Evacuation Pause)
[2025-12-25T03:55:28.869+0000][gc,task     ] GC(786) Using 8 workers of 8 for evacuation
[2025-12-25T03:55:28.895+0000][gc,phases   ] GC(786)   Pre Evacuate Collection Set: 1.0ms
[2025-12-25T03:55:28.895+0000][gc,phases   ] GC(786)   Merge Heap Roots: 0.4ms
[2025-12-25T03:55:28.895+0000][gc,phases   ] GC(786)   Evacuate Collection Set: 23.0ms
[2025-12-25T03:55:28.895+0000][gc,phases   ] GC(786)   Post Evacuate Collection Set: 1.3ms
[2025-12-25T03:55:28.895+0000][gc,phases   ] GC(786)   Other: 0.1ms
[2025-12-25T03:55:28.895+0000][gc,heap     ] GC(786) Eden regions: 548->0(547)
[2025-12-25T03:55:28.895+0000][gc,heap     ] GC(786) Survivor regions: 7->7(59)
[2025-12-25T03:55:28.895+0000][gc,heap     ] GC(786) Old regions: 259->260
[2025-12-25T03:55:28.895+0000][gc,heap     ] GC(786) Humongous regions: 151->151
[2025-12-25T03:55:28.895+0000][gc,metaspace] GC(786) Metaspace: 16577K(17024K)->16577K(17024K) NonClass: 14788K(14976K)->14788K(14976K) Class: 1788K(2048K)->1788K(2048K)
[2025-12-25T03:55:28.895+0000][gc          ] GC(786) Pause Young (Normal) (G1 Evacuation Pause) 963M->416M(1024M) 26.819ms
[2025-12-25T03:55:28.895+0000][gc,cpu      ] GC(786) User=0.18s Sys=0.00s Real=0.03s
[2025-12-25T03:55:58.849+0000][gc,start    ] GC(787) Pause Young (Normal) (G1 Evacuation Pause)
[2025-12-25T03:55:58.851+0000][gc,task     ] GC(787) Using 8 workers of 8 for evacuation
[2025-12-25T03:55:58.890+0000][gc,phases   ] GC(787)   Pre Evacuate Collection Set: 2.8ms
[2025-12-25T03:55:58.890+0000][gc,phases   ] GC(787)   Merge Heap Roots: 0.4ms
[2025-12-25T03:55:58.890+0000][gc,phases   ] GC(787)   Evacuate Collection Set: 33.3ms
[2025-12-25T03:55:58.890+0000][gc,phases   ] GC(787)   Post Evacuate Collection Set: 2.5ms
[2025-12-25T03:55:58.890+0000][gc,phases   ] GC(787)   Other: 0.2ms
[2025-12-25T03:55:58.890+0000][gc,heap     ] GC(787) Eden regions: 547->0(548)
[2025-12-25T03:55:58.890+0000][gc,heap     ] GC(787) Survivor regions: 7->6(59)
[2025-12-25T03:55:58.890+0000][gc,heap     ] GC(787) Old regions: 260->261
[2025-12-25T03:55:58.891+0000][gc,heap     ] GC(787) Humongous regions: 151->151
[2025-12-25T03:55:58.891+0000][gc,metaspace] GC(787) Metaspace: 16577K(17024K)->16577K(17024K) NonClass: 14788K(14976K)->14788K(14976K) Class: 1788K(2048K)->1788K(2048K)
[2025-12-25T03:55:58.891+0000][gc          ] GC(787) Pause Young (Normal) (G1 Evacuation Pause) 963M->416M(1024M) 41.426ms
[2025-12-25T03:55:58.891+0000][gc,cpu      ] GC(787) User=0.27s Sys=0.00s Real=0.04s
[2025-12-25T03:56:29.083+0000][gc,start    ] GC(788) Pause Young (Normal) (G1 Evacuation Pause)
[2025-12-25T03:56:29.084+0000][gc,task     ] GC(788) Using 8 workers of 8 for evacuation
[2025-12-25T03:56:29.118+0000][gc,phases   ] GC(788)   Pre Evacuate Collection Set: 3.4ms
[2025-12-25T03:56:29.119+0000][gc,phases   ] GC(788)   Merge Heap Roots: 1.1ms
[2025-12-25T03:56:29.119+0000][gc,phases   ] GC(788)   Evacuate Collection Set: 28.0ms
[2025-12-25T03:56:29.119+0000][gc,phases   ] GC(788)   Post Evacuate Collection Set: 1.2ms
[2025-12-25T03:56:29.119+0000][gc,phases   ] GC(788)   Other: 1.0ms
[2025-12-25T03:56:29.119+0000][gc,heap     ] GC(788) Eden regions: 548->0(547)
[2025-12-25T03:56:29.119+0000][gc,heap     ] GC(788) Survivor regions: 6->6(58)
[2025-12-25T03:56:29.119+0000][gc,heap     ] GC(788) Old regions: 261->262
[2025-12-25T03:56:29.119+0000][gc,heap     ] GC(788) Humongous regions: 151->151
[2025-12-25T03:56:29.119+0000][gc,metaspace] GC(788) Metaspace: 16577K(17024K)->16577K(17024K) NonClass: 14788K(14976K)->14788K(14976K) Class: 1788K(2048K)->1788K(2048K)
[2025-12-25T03:56:29.119+0000][gc          ] GC(788) Pause Young (Normal) (G1 Evacuation Pause) 964M->417M(1024M) 35.894ms
[2025-12-25T03:56:29.119+0000][gc,cpu      ] GC(788) User=0.24s Sys=0.00s Real=0.04s
[2025-12-25T03:56:59.037+0000][gc,start    ] GC(789) Pause Young (Normal) (G1 Evacuation Pause)
[2025-12-25T03:56:59.038+0000][gc,task     ] GC(789) Using 8 workers of 8 for evacuation
[2025-12-25T03:56:59.060+0000][gc,phases   ] GC(789)   Pre Evacuate Collection Set: 1.6ms
[2025-12-25T03:56:59.060+0000][gc,phases   ] GC(789)   Merge Heap Roots: 0.6ms
[2025-12-25T03:56:59.061+0000][gc,phases   ] GC(789)   Evacuate Collection Set: 18.6ms
[2025-12-25T03:56:59.061+0000][gc,phases   ] GC(789)   Post Evacuate Collection Set: 1.3ms
[2025-12-25T03:56:59.061+0000][gc,phases   ] GC(789)   Other: 0.4ms
[2025-12-25T03:56:59.061+0000][gc,heap     ] GC(789) Eden regions: 547->0(545)
[2025-12-25T03:56:59.061+0000][gc,heap     ] GC(789) Survivor regions: 6->7(58)
[2025-12-25T03:56:59.061+0000][gc,heap     ] GC(789) Old regions: 262->262
[2025-12-25T03:56:59.061+0000][gc,heap     ] GC(789) Humongous regions: 151->151
[2025-12-25T03:56:59.061+0000][gc,metaspace] GC(789) Metaspace: 16579K(17024K)->16579K(17024K) NonClass: 14790K(14976K)->14790K(14976K) Class: 1788K(2048K)->1788K(2048K)
[2025-12-25T03:56:59.061+0000][gc          ] GC(789) Pause Young (Normal) (G1 Evacuation Pause) 964M->418M(1024M) 23.619ms
[2025-12-25T03:56:59.061+0000][gc,cpu      ] GC(789) User=0.16s Sys=0.00s Real=0.03s
[2025-12-25T03:57:19.582+0000][gc,start    ] GC(790) Pause Young (Normal) (G1 Evacuation Pause)
[2025-12-25T03:57:19.582+0000][gc,task     ] GC(790) Using 8 workers of 8 for evacuation
[2025-12-25T03:57:19.592+0000][gc,phases   ] GC(790)   Pre Evacuate Collection Set: 1.1ms
[2025-12-25T03:57:19.593+0000][gc,phases   ] GC(790)   Merge Heap Roots: 0.2ms
[2025-12-25T03:57:19.593+0000][gc,phases   ] GC(790)   Evacuate Collection Set: 7.3ms
[2025-12-25T03:57:19.593+0000][gc,phases   ] GC(790)   Post Evacuate Collection Set: 1.1ms
[2025-12-25T03:57:19.593+0000][gc,phases   ] GC(790)   Other: 0.3ms
[2025-12-25T03:57:19.593+0000][gc,heap     ] GC(790) Eden regions: 545->0(549)
[2025-12-25T03:57:19.593+0000][gc,heap     ] GC(790) Survivor regions: 7->5(59)
[2025-12-25T03:57:19.593+0000][gc,heap     ] GC(790) Old regions: 262->262
[2025-12-25T03:57:19.593+0000][gc,heap     ] GC(790) Humongous regions: 151->151
[2025-12-25T03:57:19.593+0000][gc,metaspace] GC(790) Metaspace: 16579K(17024K)->16579K(17024K) NonClass: 14790K(14976K)->14790K(14976K) Class: 1788K(2048K)->1788K(2048K)
[2025-12-25T03:57:19.593+0000][gc          ] GC(790) Pause Young (Normal) (G1 Evacuation Pause) 963M->417M(1024M) 11.301ms
[2025-12-25T03:57:19.593+0000][gc,cpu      ] GC(790) User=0.06s Sys=0.00s Real=0.01s
[2025-12-25T03:57:49.566+0000][gc,start    ] GC(791) Pause Young (Normal) (G1 Evacuation Pause)
[2025-12-25T03:57:49.566+0000][gc,task     ] GC(791) Using 8 workers of 8 for evacuation
[2025-12-25T03:57:49.580+0000][gc,phases   ] GC(791)   Pre Evacuate Collection Set: 1.1ms
[2025-12-25T03:57:49.581+0000][gc,phases   ] GC(791)   Merge Heap Roots: 0.2ms
[2025-12-25T03:57:49.581+0000][gc,phases   ] GC(791)   Evacuate Collection Set: 11.3ms
[2025-12-25T03:57:49.581+0000][gc,phases   ] GC(791)   Post Evacuate Collection Set: 1.2ms
[2025-12-25T03:57:49.581+0000][gc,phases   ] GC(791)   Other: 0.3ms
[2025-12-25T03:57:49.581+0000][gc,heap     ] GC(791) Eden regions: 549->0(547)
[2025-12-25T03:57:49.581+0000][gc,heap     ] GC(791) Survivor regions: 5->6(57)
[2025-12-25T03:57:49.581+0000][gc,heap     ] GC(791) Old regions: 262->262
[2025-12-25T03:57:49.581+0000][gc,heap     ] GC(791) Humongous regions: 151->151
[2025-12-25T03:57:49.581+0000][gc,metaspace] GC(791) Metaspace: 16579K(17024K)->16579K(17024K) NonClass: 14790K(14976K)->14790K(14976K) Class: 1788K(2048K)->1788K(2048K)
[2025-12-25T03:57:49.581+0000][gc          ] GC(791) Pause Young (Normal) (G1 Evacuation Pause) 966M->418M(1024M) 15.565ms
[2025-12-25T03:57:49.581+0000][gc,cpu      ] GC(791) User=0.10s Sys=0.00s Real=0.02s
[2025-12-25T03:58:19.561+0000][gc,start    ] GC(792) Pause Young (Normal) (G1 Evacuation Pause)
[2025-12-25T03:58:19.561+0000][gc,task     ] GC(792) Using 8 workers of 8 for evacuation
[2025-12-25T03:58:19.581+0000][gc,phases   ] GC(792)   Pre Evacuate Collection Set: 1.7ms
[2025-12-25T03:58:19.581+0000][gc,phases   ] GC(792)   Merge Heap Roots: 1.2ms
[2025-12-25T03:58:19.581+0000][gc,phases   ] GC(792)   Evacuate Collection Set: 14.9ms
[2025-12-25T03:58:19.581+0000][gc,phases   ] GC(792)   Post Evacuate Collection Set: 1.5ms
[2025-12-25T03:58:19.581+0000][gc,phases   ] GC(792)   Other: 0.3ms
[2025-12-25T03:58:19.581+0000][gc,heap     ] GC(792) Eden regions: 547->0(545)
[2025-12-25T03:58:19.581+0000][gc,heap     ] GC(792) Survivor regions: 6->7(58)
[2025-12-25T03:58:19.582+0000][gc,heap     ] GC(792) Old regions: 262->262
[2025-12-25T03:58:19.582+0000][gc,heap     ] GC(792) Humongous regions: 151->151
[2025-12-25T03:58:19.582+0000][gc,metaspace] GC(792) Metaspace: 16580K(17024K)->16580K(17024K) NonClass: 14792K(14976K)->14792K(14976K) Class: 1788K(2048K)->1788K(2048K)
[2025-12-25T03:58:19.582+0000][gc          ] GC(792) Pause Young (Normal) (G1 Evacuation Pause) 965M->419M(1024M) 20.852ms
[2025-12-25T03:58:19.582+0000][gc,cpu      ] GC(792) User=0.12s Sys=0.00s Real=0.02s
[2025-12-25T03:58:49.538+0000][gc,start    ] GC(793) Pause Young (Normal) (G1 Evacuation Pause)
[2025-12-25T03:58:49.539+0000][gc,task     ] GC(793) Using 8 workers of 8 for evacuation
[2025-12-25T03:58:49.551+0000][gc,phases   ] GC(793)   Pre Evacuate Collection Set: 1.3ms
[2025-12-25T03:58:49.551+0000][gc,phases   ] GC(793)   Merge Heap Roots: 0.2ms
[2025-12-25T03:58:49.551+0000][gc,phases   ] GC(793)   Evacuate Collection Set: 9.5ms
[2025-12-25T03:58:49.551+0000][gc,phases   ] GC(793)   Post Evacuate Collection Set: 1.0ms
[2025-12-25T03:58:49.551+0000][gc,phases   ] GC(793)   Other: 0.2ms
[2025-12-25T03:58:49.551+0000][gc,heap     ] GC(793) Eden regions: 545->0(542)
[2025-12-25T03:58:49.551+0000][gc,heap     ] GC(793) Survivor regions: 7->8(59)
[2025-12-25T03:58:49.551+0000][gc,heap     ] GC(793) Old regions: 262->263
[2025-12-25T03:58:49.551+0000][gc,heap     ] GC(793) Humongous regions: 151->151
[2025-12-25T03:58:49.551+0000][gc,metaspace] GC(793) Metaspace: 16580K(17024K)->16580K(17024K) NonClass: 14792K(14976K)->14792K(14976K) Class: 1788K(2048K)->1788K(2048K)
[2025-12-25T03:58:49.552+0000][gc          ] GC(793) Pause Young (Normal) (G1 Evacuation Pause) 964M->420M(1024M) 13.352ms
[2025-12-25T03:58:49.552+0000][gc,cpu      ] GC(793) User=0.08s Sys=0.00s Real=0.01s
[2025-12-25T03:59:19.506+0000][gc,start    ] GC(794) Pause Young (Normal) (G1 Evacuation Pause)
[2025-12-25T03:59:19.506+0000][gc,task     ] GC(794) Using 8 workers of 8 for evacuation
[2025-12-25T03:59:19.520+0000][gc,phases   ] GC(794)   Pre Evacuate Collection Set: 1.8ms
[2025-12-25T03:59:19.520+0000][gc,phases   ] GC(794)   Merge Heap Roots: 0.5ms
[2025-12-25T03:59:19.520+0000][gc,phases   ] GC(794)   Evacuate Collection Set: 10.2ms
[2025-12-25T03:59:19.520+0000][gc,phases   ] GC(794)   Post Evacuate Collection Set: 1.0ms
[2025-12-25T03:59:19.520+0000][gc,phases   ] GC(794)   Other: 0.2ms
[2025-12-25T03:59:19.520+0000][gc,heap     ] GC(794) Eden regions: 542->0(542)
[2025-12-25T03:59:19.520+0000][gc,heap     ] GC(794) Survivor regions: 8->8(60)
[2025-12-25T03:59:19.521+0000][gc,heap     ] GC(794) Old regions: 263->263
[2025-12-25T03:59:19.521+0000][gc,heap     ] GC(794) Humongous regions: 151->151
[2025-12-25T03:59:19.521+0000][gc,metaspace] GC(794) Metaspace: 16581K(17024K)->16581K(17024K) NonClass: 14792K(14976K)->14792K(14976K) Class: 1788K(2048K)->1788K(2048K)
[2025-12-25T03:59:19.521+0000][gc          ] GC(794) Pause Young (Normal) (G1 Evacuation Pause) 962M->421M(1024M) 15.044ms
[2025-12-25T03:59:19.521+0000][gc,cpu      ] GC(794) User=0.09s Sys=0.00s Real=0.02s
[2025-12-25T03:59:49.422+0000][gc,start    ] GC(795) Pause Young (Normal) (G1 Evacuation Pause)
[2025-12-25T03:59:49.423+0000][gc,task     ] GC(795) Using 8 workers of 8 for evacuation
[2025-12-25T03:59:49.438+0000][gc,phases   ] GC(795)   Pre Evacuate Collection Set: 1.1ms
[2025-12-25T03:59:49.438+0000][gc,phases   ] GC(795)   Merge Heap Roots: 0.3ms
[2025-12-25T03:59:49.438+0000][gc,phases   ] GC(795)   Evacuate Collection Set: 12.0ms
[2025-12-25T03:59:49.438+0000][gc,phases   ] GC(795)   Post Evacuate Collection Set: 1.0ms
[2025-12-25T03:59:49.438+0000][gc,phases   ] GC(795)   Other: 0.2ms
[2025-12-25T03:59:49.438+0000][gc,heap     ] GC(795) Eden regions: 542->0(540)
[2025-12-25T03:59:49.438+0000][gc,heap     ] GC(795) Survivor regions: 8->9(60)
[2025-12-25T03:59:49.438+0000][gc,heap     ] GC(795) Old regions: 263->263
[2025-12-25T03:59:49.438+0000][gc,heap     ] GC(795) Humongous regions: 151->151
[2025-12-25T03:59:49.438+0000][gc,metaspace] GC(795) Metaspace: 16581K(17024K)->16581K(17024K) NonClass: 14792K(14976K)->14792K(14976K) Class: 1788K(2048K)->1788K(2048K)
[2025-12-25T03:59:49.438+0000][gc          ] GC(795) Pause Young (Normal) (G1 Evacuation Pause) 963M->421M(1024M) 15.765ms
[2025-12-25T03:59:49.438+0000][gc,cpu      ] GC(795) User=0.10s Sys=0.00s Real=0.02s
[2025-12-25T04:00:19.384+0000][gc,start    ] GC(796) Pause Young (Normal) (G1 Evacuation Pause)
[2025-12-25T04:00:19.384+0000][gc,task     ] GC(796) Using 8 workers of 8 for evacuation
[2025-12-25T04:00:19.403+0000][gc,phases   ] GC(796)   Pre Evacuate Collection Set: 5.5ms
[2025-12-25T04:00:19.403+0000][gc,phases   ] GC(796)   Merge Heap Roots: 0.9ms
[2025-12-25T04:00:19.403+0000][gc,phases   ] GC(796)   Evacuate Collection Set: 9.7ms
[2025-12-25T04:00:19.403+0000][gc,phases   ] GC(796)   Post Evacuate Collection Set: 1.4ms
[2025-12-25T04:00:19.403+0000][gc,phases   ] GC(796)   Other: 0.8ms
[2025-12-25T04:00:19.403+0000][gc,heap     ] GC(796) Eden regions: 540->0(546)
[2025-12-25T04:00:19.403+0000][gc,heap     ] GC(796) Survivor regions: 9->6(61)
[2025-12-25T04:00:19.403+0000][gc,heap     ] GC(796) Old regions: 263->263
[2025-12-25T04:00:19.403+0000][gc,heap     ] GC(796) Humongous regions: 151->151
[2025-12-25T04:00:19.403+0000][gc,metaspace] GC(796) Metaspace: 16581K(17024K)->16581K(17024K) NonClass: 14792K(14976K)->14792K(14976K) Class: 1788K(2048K)->1788K(2048K)
[2025-12-25T04:00:19.403+0000][gc          ] GC(796) Pause Young (Normal) (G1 Evacuation Pause) 961M->419M(1024M) 19.677ms
[2025-12-25T04:00:19.403+0000][gc,cpu      ] GC(796) User=0.10s Sys=0.00s Real=0.02s
[2025-12-25T04:00:49.353+0000][gc,start    ] GC(797) Pause Young (Normal) (G1 Evacuation Pause)
[2025-12-25T04:00:49.354+0000][gc,task     ] GC(797) Using 8 workers of 8 for evacuation
[2025-12-25T04:00:49.376+0000][gc,phases   ] GC(797)   Pre Evacuate Collection Set: 1.1ms
[2025-12-25T04:00:49.376+0000][gc,phases   ] GC(797)   Merge Heap Roots: 0.3ms
[2025-12-25T04:00:49.376+0000][gc,phases   ] GC(797)   Evacuate Collection Set: 19.4ms
[2025-12-25T04:00:49.376+0000][gc,phases   ] GC(797)   Post Evacuate Collection Set: 1.3ms
[2025-12-25T04:00:49.376+0000][gc,phases   ] GC(797)   Other: 0.4ms
[2025-12-25T04:00:49.377+0000][gc,heap     ] GC(797) Eden regions: 546->0(544)
[2025-12-25T04:00:49.377+0000][gc,heap     ] GC(797) Survivor regions: 6->7(58)
[2025-12-25T04:00:49.377+0000][gc,heap     ] GC(797) Old regions: 263->263
[2025-12-25T04:00:49.377+0000][gc,heap     ] GC(797) Humongous regions: 151->151
[2025-12-25T04:00:49.377+0000][gc,metaspace] GC(797) Metaspace: 16581K(17024K)->16581K(17024K) NonClass: 14792K(14976K)->14792K(14976K) Class: 1788K(2048K)->1788K(2048K)
[2025-12-25T04:00:49.377+0000][gc          ] GC(797) Pause Young (Normal) (G1 Evacuation Pause) 965M->419M(1024M) 23.702ms
[2025-12-25T04:00:49.377+0000][gc,cpu      ] GC(797) User=0.13s Sys=0.01s Real=0.03s
[2025-12-25T04:01:19.307+0000][gc,start    ] GC(798) Pause Young (Normal) (G1 Evacuation Pause)
[2025-12-25T04:01:19.307+0000][gc,task     ] GC(798) Using 8 workers of 8 for evacuation
[2025-12-25T04:01:19.320+0000][gc,phases   ] GC(798)   Pre Evacuate Collection Set: 1.3ms
[2025-12-25T04:01:19.320+0000][gc,phases   ] GC(798)   Merge Heap Roots: 0.2ms
[2025-12-25T04:01:19.320+0000][gc,phases   ] GC(798)   Evacuate Collection Set: 8.9ms
[2025-12-25T04:01:19.320+0000][gc,phases   ] GC(798)   Post Evacuate Collection Set: 1.6ms
[2025-12-25T04:01:19.320+0000][gc,phases   ] GC(798)   Other: 0.4ms
[2025-12-25T04:01:19.320+0000][gc,heap     ] GC(798) Eden regions: 544->0(542)
[2025-12-25T04:01:19.320+0000][gc,heap     ] GC(798) Survivor regions: 7->8(59)
[2025-12-25T04:01:19.320+0000][gc,heap     ] GC(798) Old regions: 263->263
[2025-12-25T04:01:19.320+0000][gc,heap     ] GC(798) Humongous regions: 151->151
[2025-12-25T04:01:19.320+0000][gc,metaspace] GC(798) Metaspace: 16581K(17024K)->16581K(17024K) NonClass: 14792K(14976K)->14792K(14976K) Class: 1788K(2048K)->1788K(2048K)
[2025-12-25T04:01:19.320+0000][gc          ] GC(798) Pause Young (Normal) (G1 Evacuation Pause) 963M->420M(1024M) 13.523ms
[2025-12-25T04:01:19.320+0000][gc,cpu      ] GC(798) User=0.07s Sys=0.00s Real=0.01s
[2025-12-25T04:01:49.291+0000][gc,start    ] GC(799) Pause Young (Normal) (G1 Evacuation Pause)
[2025-12-25T04:01:49.292+0000][gc,task     ] GC(799) Using 8 workers of 8 for evacuation
[2025-12-25T04:01:49.302+0000][gc,phases   ] GC(799)   Pre Evacuate Collection Set: 1.6ms
[2025-12-25T04:01:49.302+0000][gc,phases   ] GC(799)   Merge Heap Roots: 0.3ms
[2025-12-25T04:01:49.302+0000][gc,phases   ] GC(799)   Evacuate Collection Set: 7.5ms
[2025-12-25T04:01:49.303+0000][gc,phases   ] GC(799)   Post Evacuate Collection Set: 1.1ms
[2025-12-25T04:01:49.303+0000][gc,phases   ] GC(799)   Other: 0.4ms
[2025-12-25T04:01:49.303+0000][gc,heap     ] GC(799) Eden regions: 542->0(542)
[2025-12-25T04:01:49.303+0000][gc,heap     ] GC(799) Survivor regions: 8->8(60)
[2025-12-25T04:01:49.303+0000][gc,heap     ] GC(799) Old regions: 263->263
[2025-12-25T04:01:49.303+0000][gc,heap     ] GC(799) Humongous regions: 151->151
[2025-12-25T04:01:49.303+0000][gc,metaspace] GC(799) Metaspace: 16581K(17024K)->16581K(17024K) NonClass: 14792K(14976K)->14792K(14976K) Class: 1788K(2048K)->1788K(2048K)
[2025-12-25T04:01:49.303+0000][gc          ] GC(799) Pause Young (Normal) (G1 Evacuation Pause) 962M->421M(1024M) 12.343ms
[2025-12-25T04:01:49.303+0000][gc,cpu      ] GC(799) User=0.07s Sys=0.00s Real=0.01s
[2025-12-25T04:02:19.223+0000][gc,start    ] GC(800) Pause Young (Normal) (G1 Evacuation Pause)
[2025-12-25T04:02:19.223+0000][gc,task     ] GC(800) Using 8 workers of 8 for evacuation
[2025-12-25T04:02:19.239+0000][gc,phases   ] GC(800)   Pre Evacuate Collection Set: 1.1ms
[2025-12-25T04:02:19.239+0000][gc,phases   ] GC(800)   Merge Heap Roots: 0.6ms
[2025-12-25T04:02:19.239+0000][gc,phases   ] GC(800)   Evacuate Collection Set: 12.3ms
[2025-12-25T04:02:19.239+0000][gc,phases   ] GC(800)   Post Evacuate Collection Set: 1.3ms
[2025-12-25T04:02:19.239+0000][gc,phases   ] GC(800)   Other: 0.3ms
[2025-12-25T04:02:19.239+0000][gc,heap     ] GC(800) Eden regions: 542->0(540)
[2025-12-25T04:02:19.239+0000][gc,heap     ] GC(800) Survivor regions: 8->9(60)
[2025-12-25T04:02:19.239+0000][gc,heap     ] GC(800) Old regions: 263->263
[2025-12-25T04:02:19.239+0000][gc,heap     ] GC(800) Humongous regions: 151->151
[2025-12-25T04:02:19.240+0000][gc,metaspace] GC(800) Metaspace: 16581K(17024K)->16581K(17024K) NonClass: 14792K(14976K)->14792K(14976K) Class: 1788K(2048K)->1788K(2048K)
[2025-12-25T04:02:19.240+0000][gc          ] GC(800) Pause Young (Normal) (G1 Evacuation Pause) 963M->422M(1024M) 16.929ms
[2025-12-25T04:02:19.240+0000][gc,cpu      ] GC(800) User=0.10s Sys=0.00s Real=0.02s
[2025-12-25T04:02:49.172+0000][gc,start    ] GC(801) Pause Young (Normal) (G1 Evacuation Pause)
[2025-12-25T04:02:49.172+0000][gc,task     ] GC(801) Using 8 workers of 8 for evacuation
[2025-12-25T04:02:49.196+0000][gc,phases   ] GC(801)   Pre Evacuate Collection Set: 1.1ms
[2025-12-25T04:02:49.196+0000][gc,phases   ] GC(801)   Merge Heap Roots: 0.3ms
[2025-12-25T04:02:49.196+0000][gc,phases   ] GC(801)   Evacuate Collection Set: 20.6ms
[2025-12-25T04:02:49.196+0000][gc,phases   ] GC(801)   Post Evacuate Collection Set: 1.3ms
[2025-12-25T04:02:49.196+0000][gc,phases   ] GC(801)   Other: 0.4ms
[2025-12-25T04:02:49.197+0000][gc,heap     ] GC(801) Eden regions: 540->0(539)
[2025-12-25T04:02:49.197+0000][gc,heap     ] GC(801) Survivor regions: 9->9(61)
[2025-12-25T04:02:49.197+0000][gc,heap     ] GC(801) Old regions: 263->264
[2025-12-25T04:02:49.197+0000][gc,heap     ] GC(801) Humongous regions: 151->151
[2025-12-25T04:02:49.197+0000][gc,metaspace] GC(801) Metaspace: 16581K(17024K)->16581K(17024K) NonClass: 14792K(14976K)->14792K(14976K) Class: 1788K(2048K)->1788K(2048K)
[2025-12-25T04:02:49.197+0000][gc          ] GC(801) Pause Young (Normal) (G1 Evacuation Pause) 962M->423M(1024M) 24.921ms
[2025-12-25T04:02:49.197+0000][gc,cpu      ] GC(801) User=0.15s Sys=0.00s Real=0.03s
[2025-12-25T04:03:19.091+0000][gc,start    ] GC(802) Pause Young (Normal) (G1 Evacuation Pause)
[2025-12-25T04:03:19.091+0000][gc,task     ] GC(802) Using 8 workers of 8 for evacuation
[2025-12-25T04:03:19.108+0000][gc,phases   ] GC(802)   Pre Evacuate Collection Set: 1.1ms
[2025-12-25T04:03:19.108+0000][gc,phases   ] GC(802)   Merge Heap Roots: 0.3ms
[2025-12-25T04:03:19.108+0000][gc,phases   ] GC(802)   Evacuate Collection Set: 14.1ms
[2025-12-25T04:03:19.108+0000][gc,phases   ] GC(802)   Post Evacuate Collection Set: 1.1ms
[2025-12-25T04:03:19.108+0000][gc,phases   ] GC(802)   Other: 0.2ms
[2025-12-25T04:03:19.108+0000][gc,heap     ] GC(802) Eden regions: 539->0(545)
[2025-12-25T04:03:19.108+0000][gc,heap     ] GC(802) Survivor regions: 9->6(61)
[2025-12-25T04:03:19.108+0000][gc,heap     ] GC(802) Old regions: 264->264
[2025-12-25T04:03:19.108+0000][gc,heap     ] GC(802) Humongous regions: 151->151
[2025-12-25T04:03:19.108+0000][gc,metaspace] GC(802) Metaspace: 16581K(17024K)->16581K(17024K) NonClass: 14792K(14976K)->14792K(14976K) Class: 1788K(2048K)->1788K(2048K)
[2025-12-25T04:03:19.109+0000][gc          ] GC(802) Pause Young (Normal) (G1 Evacuation Pause) 962M->419M(1024M) 17.865ms
[2025-12-25T04:03:19.109+0000][gc,cpu      ] GC(802) User=0.11s Sys=0.00s Real=0.02s
[2025-12-25T04:03:49.070+0000][gc,start    ] GC(803) Pause Young (Normal) (G1 Evacuation Pause)
[2025-12-25T04:03:49.070+0000][gc,task     ] GC(803) Using 8 workers of 8 for evacuation
[2025-12-25T04:03:49.091+0000][gc,phases   ] GC(803)   Pre Evacuate Collection Set: 1.3ms
[2025-12-25T04:03:49.092+0000][gc,phases   ] GC(803)   Merge Heap Roots: 0.3ms
[2025-12-25T04:03:49.092+0000][gc,phases   ] GC(803)   Evacuate Collection Set: 18.1ms
[2025-12-25T04:03:49.092+0000][gc,phases   ] GC(803)   Post Evacuate Collection Set: 1.2ms
[2025-12-25T04:03:49.092+0000][gc,phases   ] GC(803)   Other: 0.2ms
[2025-12-25T04:03:49.092+0000][gc,heap     ] GC(803) Eden regions: 545->0(543)
[2025-12-25T04:03:49.092+0000][gc,heap     ] GC(803) Survivor regions: 6->7(58)
[2025-12-25T04:03:49.092+0000][gc,heap     ] GC(803) Old regions: 264->264
[2025-12-25T04:03:49.092+0000][gc,heap     ] GC(803) Humongous regions: 151->151
[2025-12-25T04:03:49.092+0000][gc,metaspace] GC(803) Metaspace: 16581K(17024K)->16581K(17024K) NonClass: 14792K(14976K)->14792K(14976K) Class: 1788K(2048K)->1788K(2048K)
[2025-12-25T04:03:49.092+0000][gc          ] GC(803) Pause Young (Normal) (G1 Evacuation Pause) 964M->420M(1024M) 21.987ms
[2025-12-25T04:03:49.092+0000][gc,cpu      ] GC(803) User=0.15s Sys=0.00s Real=0.02s
[2025-12-25T04:04:14.518+0000][gc,start    ] GC(804) Pause Young (Normal) (G1 Evacuation Pause)
[2025-12-25T04:04:14.521+0000][gc,task     ] GC(804) Using 8 workers of 8 for evacuation
[2025-12-25T04:04:14.555+0000][gc,phases   ] GC(804)   Pre Evacuate Collection Set: 6.0ms
[2025-12-25T04:04:14.555+0000][gc,phases   ] GC(804)   Merge Heap Roots: 0.6ms
[2025-12-25T04:04:14.555+0000][gc,phases   ] GC(804)   Evacuate Collection Set: 24.1ms
[2025-12-25T04:04:14.556+0000][gc,phases   ] GC(804)   Post Evacuate Collection Set: 2.4ms
[2025-12-25T04:04:14.556+0000][gc,phases   ] GC(804)   Other: 1.3ms
[2025-12-25T04:04:14.556+0000][gc,heap     ] GC(804) Eden regions: 543->0(543)
[2025-12-25T04:04:14.556+0000][gc,heap     ] GC(804) Survivor regions: 7->7(59)
[2025-12-25T04:04:14.556+0000][gc,heap     ] GC(804) Old regions: 264->264
[2025-12-25T04:04:14.556+0000][gc,heap     ] GC(804) Humongous regions: 151->151
[2025-12-25T04:04:14.556+0000][gc,metaspace] GC(804) Metaspace: 16581K(17024K)->16581K(17024K) NonClass: 14792K(14976K)->14792K(14976K) Class: 1788K(2048K)->1788K(2048K)
[2025-12-25T04:04:14.557+0000][gc          ] GC(804) Pause Young (Normal) (G1 Evacuation Pause) 963M->421M(1024M) 38.685ms
[2025-12-25T04:04:14.557+0000][gc,cpu      ] GC(804) User=0.18s Sys=0.00s Real=0.04s
[2025-12-25T04:04:39.890+0000][gc,start    ] GC(805) Pause Young (Normal) (G1 Evacuation Pause)
[2025-12-25T04:04:39.891+0000][gc,task     ] GC(805) Using 8 workers of 8 for evacuation
[2025-12-25T04:04:39.967+0000][gc,phases   ] GC(805)   Pre Evacuate Collection Set: 1.4ms
[2025-12-25T04:04:39.967+0000][gc,phases   ] GC(805)   Merge Heap Roots: 0.5ms
[2025-12-25T04:04:39.967+0000][gc,phases   ] GC(805)   Evacuate Collection Set: 38.3ms
[2025-12-25T04:04:39.967+0000][gc,phases   ] GC(805)   Post Evacuate Collection Set: 35.1ms
[2025-12-25T04:04:39.967+0000][gc,phases   ] GC(805)   Other: 0.4ms
[2025-12-25T04:04:39.968+0000][gc,heap     ] GC(805) Eden regions: 543->0(536)
[2025-12-25T04:04:39.968+0000][gc,heap     ] GC(805) Survivor regions: 7->10(59)
[2025-12-25T04:04:39.968+0000][gc,heap     ] GC(805) Old regions: 264->265
[2025-12-25T04:04:39.968+0000][gc,heap     ] GC(805) Humongous regions: 151->151
[2025-12-25T04:04:39.969+0000][gc,metaspace] GC(805) Metaspace: 16581K(17024K)->16581K(17024K) NonClass: 14792K(14976K)->14792K(14976K) Class: 1788K(2048K)->1788K(2048K)
[2025-12-25T04:04:39.970+0000][gc          ] GC(805) Pause Young (Normal) (G1 Evacuation Pause) 964M->424M(1024M) 79.406ms
[2025-12-25T04:04:39.970+0000][gc,cpu      ] GC(805) User=0.37s Sys=0.02s Real=0.08s
[2025-12-25T04:05:09.877+0000][gc,start    ] GC(806) Pause Young (Normal) (G1 Evacuation Pause)
[2025-12-25T04:05:09.878+0000][gc,task     ] GC(806) Using 8 workers of 8 for evacuation
[2025-12-25T04:05:09.894+0000][gc,phases   ] GC(806)   Pre Evacuate Collection Set: 1.3ms
[2025-12-25T04:05:09.894+0000][gc,phases   ] GC(806)   Merge Heap Roots: 0.4ms
[2025-12-25T04:05:09.894+0000][gc,phases   ] GC(806)   Evacuate Collection Set: 12.9ms
[2025-12-25T04:05:09.894+0000][gc,phases   ] GC(806)   Post Evacuate Collection Set: 1.3ms
[2025-12-25T04:05:09.894+0000][gc,phases   ] GC(806)   Other: 0.3ms
[2025-12-25T04:05:09.894+0000][gc,heap     ] GC(806) Eden regions: 536->0(536)
[2025-12-25T04:05:09.895+0000][gc,heap     ] GC(806) Survivor regions: 10->10(62)
[2025-12-25T04:05:09.895+0000][gc,heap     ] GC(806) Old regions: 265->265
[2025-12-25T04:05:09.895+0000][gc,heap     ] GC(806) Humongous regions: 151->151
[2025-12-25T04:05:09.895+0000][gc,metaspace] GC(806) Metaspace: 16583K(17024K)->16583K(17024K) NonClass: 14795K(14976K)->14795K(14976K) Class: 1788K(2048K)->1788K(2048K)
[2025-12-25T04:05:09.895+0000][gc          ] GC(806) Pause Young (Normal) (G1 Evacuation Pause) 960M->425M(1024M) 17.535ms
[2025-12-25T04:05:09.895+0000][gc,cpu      ] GC(806) User=0.11s Sys=0.00s Real=0.02s
[2025-12-25T04:05:39.461+0000][gc,start    ] GC(807) Pause Young (Normal) (G1 Evacuation Pause)
[2025-12-25T04:05:39.462+0000][gc,task     ] GC(807) Using 8 workers of 8 for evacuation
[2025-12-25T04:05:39.483+0000][gc,phases   ] GC(807)   Pre Evacuate Collection Set: 1.4ms
[2025-12-25T04:05:39.483+0000][gc,phases   ] GC(807)   Merge Heap Roots: 0.6ms
[2025-12-25T04:05:39.483+0000][gc,phases   ] GC(807)   Evacuate Collection Set: 17.5ms
[2025-12-25T04:05:39.483+0000][gc,phases   ] GC(807)   Post Evacuate Collection Set: 1.4ms
[2025-12-25T04:05:39.483+0000][gc,phases   ] GC(807)   Other: 0.3ms
[2025-12-25T04:05:39.484+0000][gc,heap     ] GC(807) Eden regions: 536->0(542)
[2025-12-25T04:05:39.484+0000][gc,heap     ] GC(807) Survivor regions: 10->7(62)
[2025-12-25T04:05:39.484+0000][gc,heap     ] GC(807) Old regions: 265->265
[2025-12-25T04:05:39.484+0000][gc,heap     ] GC(807) Humongous regions: 151->151
[2025-12-25T04:05:39.484+0000][gc,metaspace] GC(807) Metaspace: 16583K(17024K)->16583K(17024K) NonClass: 14795K(14976K)->14795K(14976K) Class: 1788K(2048K)->1788K(2048K)
[2025-12-25T04:05:39.484+0000][gc          ] GC(807) Pause Young (Normal) (G1 Evacuation Pause) 961M->422M(1024M) 22.452ms
[2025-12-25T04:05:39.484+0000][gc,cpu      ] GC(807) User=0.14s Sys=0.01s Real=0.03s
[2025-12-25T04:06:09.434+0000][gc,start    ] GC(808) Pause Young (Normal) (G1 Evacuation Pause)
[2025-12-25T04:06:09.434+0000][gc,task     ] GC(808) Using 8 workers of 8 for evacuation
[2025-12-25T04:06:09.454+0000][gc,phases   ] GC(808)   Pre Evacuate Collection Set: 1.0ms
[2025-12-25T04:06:09.454+0000][gc,phases   ] GC(808)   Merge Heap Roots: 0.3ms
[2025-12-25T04:06:09.455+0000][gc,phases   ] GC(808)   Evacuate Collection Set: 15.4ms
[2025-12-25T04:06:09.455+0000][gc,phases   ] GC(808)   Post Evacuate Collection Set: 3.3ms
[2025-12-25T04:06:09.455+0000][gc,phases   ] GC(808)   Other: 0.2ms
[2025-12-25T04:06:09.455+0000][gc,heap     ] GC(808) Eden regions: 542->0(539)
[2025-12-25T04:06:09.455+0000][gc,heap     ] GC(808) Survivor regions: 7->8(59)
[2025-12-25T04:06:09.455+0000][gc,heap     ] GC(808) Old regions: 265->266
[2025-12-25T04:06:09.455+0000][gc,heap     ] GC(808) Humongous regions: 151->151
[2025-12-25T04:06:09.455+0000][gc,metaspace] GC(808) Metaspace: 16583K(17024K)->16583K(17024K) NonClass: 14795K(14976K)->14795K(14976K) Class: 1788K(2048K)->1788K(2048K)
[2025-12-25T04:06:09.455+0000][gc          ] GC(808) Pause Young (Normal) (G1 Evacuation Pause) 964M->423M(1024M) 21.437ms
[2025-12-25T04:06:09.455+0000][gc,cpu      ] GC(808) User=0.11s Sys=0.00s Real=0.02s
[2025-12-25T04:06:39.404+0000][gc,start    ] GC(809) Pause Young (Normal) (G1 Evacuation Pause)
[2025-12-25T04:06:39.407+0000][gc,task     ] GC(809) Using 8 workers of 8 for evacuation
[2025-12-25T04:06:39.425+0000][gc,phases   ] GC(809)   Pre Evacuate Collection Set: 3.4ms
[2025-12-25T04:06:39.426+0000][gc,phases   ] GC(809)   Merge Heap Roots: 1.2ms
[2025-12-25T04:06:39.426+0000][gc,phases   ] GC(809)   Evacuate Collection Set: 12.7ms
[2025-12-25T04:06:39.426+0000][gc,phases   ] GC(809)   Post Evacuate Collection Set: 1.1ms
[2025-12-25T04:06:39.426+0000][gc,phases   ] GC(809)   Other: 1.0ms
[2025-12-25T04:06:39.426+0000][gc,heap     ] GC(809) Eden regions: 539->0(539)
[2025-12-25T04:06:39.426+0000][gc,heap     ] GC(809) Survivor regions: 8->8(60)
[2025-12-25T04:06:39.426+0000][gc,heap     ] GC(809) Old regions: 266->266
[2025-12-25T04:06:39.426+0000][gc,heap     ] GC(809) Humongous regions: 151->151
[2025-12-25T04:06:39.426+0000][gc,metaspace] GC(809) Metaspace: 16583K(17024K)->16583K(17024K) NonClass: 14795K(14976K)->14795K(14976K) Class: 1788K(2048K)->1788K(2048K)
[2025-12-25T04:06:39.426+0000][gc          ] GC(809) Pause Young (Normal) (G1 Evacuation Pause) 962M->424M(1024M) 21.645ms
[2025-12-25T04:06:39.426+0000][gc,cpu      ] GC(809) User=0.12s Sys=0.00s Real=0.02s
[2025-12-25T04:07:09.296+0000][gc,start    ] GC(810) Pause Young (Normal) (G1 Evacuation Pause)
[2025-12-25T04:07:09.298+0000][gc,task     ] GC(810) Using 8 workers of 8 for evacuation
[2025-12-25T04:07:09.312+0000][gc,phases   ] GC(810)   Pre Evacuate Collection Set: 1.3ms
[2025-12-25T04:07:09.312+0000][gc,phases   ] GC(810)   Merge Heap Roots: 0.4ms
[2025-12-25T04:07:09.312+0000][gc,phases   ] GC(810)   Evacuate Collection Set: 11.6ms
[2025-12-25T04:07:09.312+0000][gc,phases   ] GC(810)   Post Evacuate Collection Set: 1.0ms
[2025-12-25T04:07:09.313+0000][gc,phases   ] GC(810)   Other: 0.3ms
[2025-12-25T04:07:09.313+0000][gc,heap     ] GC(810) Eden regions: 539->0(539)
[2025-12-25T04:07:09.313+0000][gc,heap     ] GC(810) Survivor regions: 8->8(60)
[2025-12-25T04:07:09.313+0000][gc,heap     ] GC(810) Old regions: 266->266
[2025-12-25T04:07:09.313+0000][gc,heap     ] GC(810) Humongous regions: 151->151
[2025-12-25T04:07:09.313+0000][gc,metaspace] GC(810) Metaspace: 16583K(17024K)->16583K(17024K) NonClass: 14795K(14976K)->14795K(14976K) Class: 1788K(2048K)->1788K(2048K)
[2025-12-25T04:07:09.313+0000][gc          ] GC(810) Pause Young (Normal) (G1 Evacuation Pause) 963M->424M(1024M) 16.809ms
[2025-12-25T04:07:09.313+0000][gc,cpu      ] GC(810) User=0.10s Sys=0.00s Real=0.02s
[2025-12-25T04:07:39.261+0000][gc,start    ] GC(811) Pause Young (Normal) (G1 Evacuation Pause)
[2025-12-25T04:07:39.262+0000][gc,task     ] GC(811) Using 8 workers of 8 for evacuation
[2025-12-25T04:07:39.283+0000][gc,phases   ] GC(811)   Pre Evacuate Collection Set: 1.2ms
[2025-12-25T04:07:39.283+0000][gc,phases   ] GC(811)   Merge Heap Roots: 0.4ms
[2025-12-25T04:07:39.283+0000][gc,phases   ] GC(811)   Evacuate Collection Set: 17.1ms
[2025-12-25T04:07:39.283+0000][gc,phases   ] GC(811)   Post Evacuate Collection Set: 2.2ms
[2025-12-25T04:07:39.283+0000][gc,phases   ] GC(811)   Other: 0.3ms
[2025-12-25T04:07:39.283+0000][gc,heap     ] GC(811) Eden regions: 539->0(536)
[2025-12-25T04:07:39.283+0000][gc,heap     ] GC(811) Survivor regions: 8->9(60)
[2025-12-25T04:07:39.283+0000][gc,heap     ] GC(811) Old regions: 266->267
[2025-12-25T04:07:39.283+0000][gc,heap     ] GC(811) Humongous regions: 151->151
[2025-12-25T04:07:39.283+0000][gc,metaspace] GC(811) Metaspace: 16583K(17024K)->16583K(17024K) NonClass: 14795K(14976K)->14795K(14976K) Class: 1788K(2048K)->1788K(2048K)
[2025-12-25T04:07:39.284+0000][gc          ] GC(811) Pause Young (Normal) (G1 Evacuation Pause) 963M->425M(1024M) 22.365ms
[2025-12-25T04:07:39.284+0000][gc,cpu      ] GC(811) User=0.15s Sys=0.00s Real=0.03s
[2025-12-25T04:08:09.215+0000][gc,start    ] GC(812) Pause Young (Normal) (G1 Evacuation Pause)
[2025-12-25T04:08:09.216+0000][gc,task     ] GC(812) Using 8 workers of 8 for evacuation
[2025-12-25T04:08:09.239+0000][gc,phases   ] GC(812)   Pre Evacuate Collection Set: 1.0ms
[2025-12-25T04:08:09.239+0000][gc,phases   ] GC(812)   Merge Heap Roots: 0.4ms
[2025-12-25T04:08:09.239+0000][gc,phases   ] GC(812)   Evacuate Collection Set: 20.0ms
[2025-12-25T04:08:09.239+0000][gc,phases   ] GC(812)   Post Evacuate Collection Set: 1.2ms
[2025-12-25T04:08:09.239+0000][gc,phases   ] GC(812)   Other: 0.2ms
[2025-12-25T04:08:09.239+0000][gc,heap     ] GC(812) Eden regions: 536->0(536)
[2025-12-25T04:08:09.239+0000][gc,heap     ] GC(812) Survivor regions: 9->9(61)
[2025-12-25T04:08:09.239+0000][gc,heap     ] GC(812) Old regions: 267->267
[2025-12-25T04:08:09.239+0000][gc,heap     ] GC(812) Humongous regions: 151->151
[2025-12-25T04:08:09.239+0000][gc,metaspace] GC(812) Metaspace: 16583K(17024K)->16583K(17024K) NonClass: 14795K(14976K)->14795K(14976K) Class: 1788K(2048K)->1788K(2048K)
[2025-12-25T04:08:09.239+0000][gc          ] GC(812) Pause Young (Normal) (G1 Evacuation Pause) 961M->426M(1024M) 24.055ms
[2025-12-25T04:08:09.240+0000][gc,cpu      ] GC(812) User=0.16s Sys=0.00s Real=0.02s
[2025-12-25T04:08:39.121+0000][gc,start    ] GC(813) Pause Young (Normal) (G1 Evacuation Pause)
[2025-12-25T04:08:39.121+0000][gc,task     ] GC(813) Using 8 workers of 8 for evacuation
[2025-12-25T04:08:39.136+0000][gc,phases   ] GC(813)   Pre Evacuate Collection Set: 1.2ms
[2025-12-25T04:08:39.136+0000][gc,phases   ] GC(813)   Merge Heap Roots: 0.5ms
[2025-12-25T04:08:39.136+0000][gc,phases   ] GC(813)   Evacuate Collection Set: 10.8ms
[2025-12-25T04:08:39.136+0000][gc,phases   ] GC(813)   Post Evacuate Collection Set: 1.6ms
[2025-12-25T04:08:39.136+0000][gc,phases   ] GC(813)   Other: 0.3ms
[2025-12-25T04:08:39.136+0000][gc,heap     ] GC(813) Eden regions: 536->0(542)
[2025-12-25T04:08:39.136+0000][gc,heap     ] GC(813) Survivor regions: 9->6(61)
[2025-12-25T04:08:39.136+0000][gc,heap     ] GC(813) Old regions: 267->267
[2025-12-25T04:08:39.136+0000][gc,heap     ] GC(813) Humongous regions: 151->151
[2025-12-25T04:08:39.136+0000][gc,metaspace] GC(813) Metaspace: 16583K(17024K)->16583K(17024K) NonClass: 14795K(14976K)->14795K(14976K) Class: 1788K(2048K)->1788K(2048K)
[2025-12-25T04:08:39.136+0000][gc          ] GC(813) Pause Young (Normal) (G1 Evacuation Pause) 962M->423M(1024M) 15.724ms
[2025-12-25T04:08:39.136+0000][gc,cpu      ] GC(813) User=0.09s Sys=0.01s Real=0.02s
[2025-12-25T04:09:09.044+0000][gc,start    ] GC(814) Pause Young (Normal) (G1 Evacuation Pause)
[2025-12-25T04:09:09.045+0000][gc,task     ] GC(814) Using 8 workers of 8 for evacuation
[2025-12-25T04:09:09.057+0000][gc,phases   ] GC(814)   Pre Evacuate Collection Set: 1.5ms
[2025-12-25T04:09:09.057+0000][gc,phases   ] GC(814)   Merge Heap Roots: 0.4ms
[2025-12-25T04:09:09.057+0000][gc,phases   ] GC(814)   Evacuate Collection Set: 8.8ms
[2025-12-25T04:09:09.057+0000][gc,phases   ] GC(814)   Post Evacuate Collection Set: 1.3ms
[2025-12-25T04:09:09.057+0000][gc,phases   ] GC(814)   Other: 0.3ms
[2025-12-25T04:09:09.057+0000][gc,heap     ] GC(814) Eden regions: 542->0(541)
[2025-12-25T04:09:09.057+0000][gc,heap     ] GC(814) Survivor regions: 6->6(58)
[2025-12-25T04:09:09.057+0000][gc,heap     ] GC(814) Old regions: 267->268
[2025-12-25T04:09:09.057+0000][gc,heap     ] GC(814) Humongous regions: 151->151
[2025-12-25T04:09:09.057+0000][gc,metaspace] GC(814) Metaspace: 16583K(17024K)->16583K(17024K) NonClass: 14795K(14976K)->14795K(14976K) Class: 1788K(2048K)->1788K(2048K)
[2025-12-25T04:09:09.057+0000][gc          ] GC(814) Pause Young (Normal) (G1 Evacuation Pause) 965M->423M(1024M) 13.485ms
[2025-12-25T04:09:09.058+0000][gc,cpu      ] GC(814) User=0.08s Sys=0.00s Real=0.01s
[2025-12-25T04:09:29.596+0000][gc,start    ] GC(815) Pause Young (Normal) (G1 Evacuation Pause)
[2025-12-25T04:09:29.596+0000][gc,task     ] GC(815) Using 8 workers of 8 for evacuation
[2025-12-25T04:09:29.606+0000][gc,phases   ] GC(815)   Pre Evacuate Collection Set: 1.1ms
[2025-12-25T04:09:29.606+0000][gc,phases   ] GC(815)   Merge Heap Roots: 0.3ms
[2025-12-25T04:09:29.606+0000][gc,phases   ] GC(815)   Evacuate Collection Set: 6.9ms
[2025-12-25T04:09:29.606+0000][gc,phases   ] GC(815)   Post Evacuate Collection Set: 1.1ms
[2025-12-25T04:09:29.606+0000][gc,phases   ] GC(815)   Other: 0.3ms
[2025-12-25T04:09:29.606+0000][gc,heap     ] GC(815) Eden regions: 541->0(541)
[2025-12-25T04:09:29.606+0000][gc,heap     ] GC(815) Survivor regions: 6->6(58)
[2025-12-25T04:09:29.606+0000][gc,heap     ] GC(815) Old regions: 268->268
[2025-12-25T04:09:29.606+0000][gc,heap     ] GC(815) Humongous regions: 151->151
[2025-12-25T04:09:29.606+0000][gc,metaspace] GC(815) Metaspace: 16583K(17024K)->16583K(17024K) NonClass: 14795K(14976K)->14795K(14976K) Class: 1788K(2048K)->1788K(2048K)
[2025-12-25T04:09:29.606+0000][gc          ] GC(815) Pause Young (Normal) (G1 Evacuation Pause) 964M->424M(1024M) 10.798ms
[2025-12-25T04:09:29.607+0000][gc,cpu      ] GC(815) User=0.06s Sys=0.00s Real=0.01s
[2025-12-25T04:09:59.566+0000][gc,start    ] GC(816) Pause Young (Normal) (G1 Evacuation Pause)
[2025-12-25T04:09:59.567+0000][gc,task     ] GC(816) Using 8 workers of 8 for evacuation
[2025-12-25T04:09:59.587+0000][gc,phases   ] GC(816)   Pre Evacuate Collection Set: 4.3ms
[2025-12-25T04:09:59.587+0000][gc,phases   ] GC(816)   Merge Heap Roots: 1.2ms
[2025-12-25T04:09:59.587+0000][gc,phases   ] GC(816)   Evacuate Collection Set: 10.4ms
[2025-12-25T04:09:59.587+0000][gc,phases   ] GC(816)   Post Evacuate Collection Set: 3.1ms
[2025-12-25T04:09:59.587+0000][gc,phases   ] GC(816)   Other: 0.2ms
[2025-12-25T04:09:59.587+0000][gc,heap     ] GC(816) Eden regions: 541->0(535)
[2025-12-25T04:09:59.587+0000][gc,heap     ] GC(816) Survivor regions: 6->9(58)
[2025-12-25T04:09:59.587+0000][gc,heap     ] GC(816) Old regions: 268->268
[2025-12-25T04:09:59.587+0000][gc,heap     ] GC(816) Humongous regions: 151->151
[2025-12-25T04:09:59.587+0000][gc,metaspace] GC(816) Metaspace: 16583K(17024K)->16583K(17024K) NonClass: 14795K(14976K)->14795K(14976K) Class: 1788K(2048K)->1788K(2048K)
[2025-12-25T04:09:59.587+0000][gc          ] GC(816) Pause Young (Normal) (G1 Evacuation Pause) 965M->427M(1024M) 20.966ms
[2025-12-25T04:09:59.588+0000][gc,cpu      ] GC(816) User=0.11s Sys=0.00s Real=0.02s
[2025-12-25T04:10:29.468+0000][gc,start    ] GC(817) Pause Young (Normal) (G1 Evacuation Pause)
[2025-12-25T04:10:29.469+0000][gc,task     ] GC(817) Using 8 workers of 8 for evacuation
[2025-12-25T04:10:29.489+0000][gc,phases   ] GC(817)   Pre Evacuate Collection Set: 1.1ms
[2025-12-25T04:10:29.489+0000][gc,phases   ] GC(817)   Merge Heap Roots: 0.3ms
[2025-12-25T04:10:29.489+0000][gc,phases   ] GC(817)   Evacuate Collection Set: 17.3ms
[2025-12-25T04:10:29.489+0000][gc,phases   ] GC(817)   Post Evacuate Collection Set: 1.2ms
[2025-12-25T04:10:29.489+0000][gc,phases   ] GC(817)   Other: 0.3ms
[2025-12-25T04:10:29.489+0000][gc,heap     ] GC(817) Eden regions: 535->0(532)
[2025-12-25T04:10:29.489+0000][gc,heap     ] GC(817) Survivor regions: 9->10(61)
[2025-12-25T04:10:29.489+0000][gc,heap     ] GC(817) Old regions: 268->269
[2025-12-25T04:10:29.489+0000][gc,heap     ] GC(817) Humongous regions: 151->151
[2025-12-25T04:10:29.490+0000][gc,metaspace] GC(817) Metaspace: 16583K(17024K)->16583K(17024K) NonClass: 14795K(14976K)->14795K(14976K) Class: 1788K(2048K)->1788K(2048K)
[2025-12-25T04:10:29.490+0000][gc          ] GC(817) Pause Young (Normal) (G1 Evacuation Pause) 962M->428M(1024M) 21.991ms
[2025-12-25T04:10:29.490+0000][gc,cpu      ] GC(817) User=0.14s Sys=0.00s Real=0.02s
[2025-12-25T04:10:59.460+0000][gc,start    ] GC(818) Pause Young (Normal) (G1 Evacuation Pause)
[2025-12-25T04:10:59.461+0000][gc,task     ] GC(818) Using 8 workers of 8 for evacuation
[2025-12-25T04:10:59.483+0000][gc,phases   ] GC(818)   Pre Evacuate Collection Set: 5.8ms
[2025-12-25T04:10:59.483+0000][gc,phases   ] GC(818)   Merge Heap Roots: 1.8ms
[2025-12-25T04:10:59.483+0000][gc,phases   ] GC(818)   Evacuate Collection Set: 12.3ms
[2025-12-25T04:10:59.483+0000][gc,phases   ] GC(818)   Post Evacuate Collection Set: 1.4ms
[2025-12-25T04:10:59.483+0000][gc,phases   ] GC(818)   Other: 0.7ms
[2025-12-25T04:10:59.483+0000][gc,heap     ] GC(818) Eden regions: 532->0(532)
[2025-12-25T04:10:59.483+0000][gc,heap     ] GC(818) Survivor regions: 10->10(62)
[2025-12-25T04:10:59.483+0000][gc,heap     ] GC(818) Old regions: 269->269
[2025-12-25T04:10:59.483+0000][gc,heap     ] GC(818) Humongous regions: 151->151
[2025-12-25T04:10:59.483+0000][gc,metaspace] GC(818) Metaspace: 16583K(17024K)->16583K(17024K) NonClass: 14795K(14976K)->14795K(14976K) Class: 1788K(2048K)->1788K(2048K)
[2025-12-25T04:10:59.483+0000][gc          ] GC(818) Pause Young (Normal) (G1 Evacuation Pause) 960M->428M(1024M) 23.519ms
[2025-12-25T04:10:59.484+0000][gc,cpu      ] GC(818) User=0.12s Sys=0.00s Real=0.03s
[2025-12-25T04:11:29.433+0000][gc,start    ] GC(819) Pause Young (Normal) (G1 Evacuation Pause)
[2025-12-25T04:11:29.433+0000][gc,task     ] GC(819) Using 8 workers of 8 for evacuation
[2025-12-25T04:11:29.445+0000][gc,phases   ] GC(819)   Pre Evacuate Collection Set: 1.1ms
[2025-12-25T04:11:29.445+0000][gc,phases   ] GC(819)   Merge Heap Roots: 0.4ms
[2025-12-25T04:11:29.445+0000][gc,phases   ] GC(819)   Evacuate Collection Set: 8.0ms
[2025-12-25T04:11:29.445+0000][gc,phases   ] GC(819)   Post Evacuate Collection Set: 1.6ms
[2025-12-25T04:11:29.445+0000][gc,phases   ] GC(819)   Other: 0.3ms
[2025-12-25T04:11:29.445+0000][gc,heap     ] GC(819) Eden regions: 532->0(538)
[2025-12-25T04:11:29.445+0000][gc,heap     ] GC(819) Survivor regions: 10->7(62)
[2025-12-25T04:11:29.445+0000][gc,heap     ] GC(819) Old regions: 269->269
[2025-12-25T04:11:29.445+0000][gc,heap     ] GC(819) Humongous regions: 151->151
[2025-12-25T04:11:29.445+0000][gc,metaspace] GC(819) Metaspace: 16583K(17024K)->16583K(17024K) NonClass: 14795K(14976K)->14795K(14976K) Class: 1788K(2048K)->1788K(2048K)
[2025-12-25T04:11:29.445+0000][gc          ] GC(819) Pause Young (Normal) (G1 Evacuation Pause) 960M->426M(1024M) 12.677ms
[2025-12-25T04:11:29.446+0000][gc,cpu      ] GC(819) User=0.07s Sys=0.00s Real=0.02s
[2025-12-25T04:11:59.402+0000][gc,start    ] GC(820) Pause Young (Normal) (G1 Evacuation Pause)
[2025-12-25T04:11:59.403+0000][gc,task     ] GC(820) Using 8 workers of 8 for evacuation
[2025-12-25T04:11:59.423+0000][gc,phases   ] GC(820)   Pre Evacuate Collection Set: 1.2ms
[2025-12-25T04:11:59.423+0000][gc,phases   ] GC(820)   Merge Heap Roots: 0.4ms
[2025-12-25T04:11:59.423+0000][gc,phases   ] GC(820)   Evacuate Collection Set: 14.7ms
[2025-12-25T04:11:59.423+0000][gc,phases   ] GC(820)   Post Evacuate Collection Set: 3.0ms
[2025-12-25T04:11:59.423+0000][gc,phases   ] GC(820)   Other: 0.5ms
[2025-12-25T04:11:59.423+0000][gc,heap     ] GC(820) Eden regions: 538->0(538)
[2025-12-25T04:11:59.423+0000][gc,heap     ] GC(820) Survivor regions: 7->7(59)
[2025-12-25T04:11:59.423+0000][gc,heap     ] GC(820) Old regions: 269->269
[2025-12-25T04:11:59.423+0000][gc,heap     ] GC(820) Humongous regions: 151->151
[2025-12-25T04:11:59.423+0000][gc,metaspace] GC(820) Metaspace: 16583K(17024K)->16583K(17024K) NonClass: 14795K(14976K)->14795K(14976K) Class: 1788K(2048K)->1788K(2048K)
[2025-12-25T04:11:59.423+0000][gc          ] GC(820) Pause Young (Normal) (G1 Evacuation Pause) 964M->426M(1024M) 20.996ms
[2025-12-25T04:11:59.423+0000][gc,cpu      ] GC(820) User=0.13s Sys=0.00s Real=0.02s
[2025-12-25T04:12:29.315+0000][gc,start    ] GC(821) Pause Young (Normal) (G1 Evacuation Pause)
[2025-12-25T04:12:29.316+0000][gc,task     ] GC(821) Using 8 workers of 8 for evacuation
[2025-12-25T04:12:29.334+0000][gc,phases   ] GC(821)   Pre Evacuate Collection Set: 1.1ms
[2025-12-25T04:12:29.335+0000][gc,phases   ] GC(821)   Merge Heap Roots: 0.3ms
[2025-12-25T04:12:29.335+0000][gc,phases   ] GC(821)   Evacuate Collection Set: 16.1ms
[2025-12-25T04:12:29.335+0000][gc,phases   ] GC(821)   Post Evacuate Collection Set: 1.3ms
[2025-12-25T04:12:29.335+0000][gc,phases   ] GC(821)   Other: 0.3ms
[2025-12-25T04:12:29.335+0000][gc,heap     ] GC(821) Eden regions: 538->0(535)
[2025-12-25T04:12:29.335+0000][gc,heap     ] GC(821) Survivor regions: 7->8(59)
[2025-12-25T04:12:29.335+0000][gc,heap     ] GC(821) Old regions: 269->270
[2025-12-25T04:12:29.335+0000][gc,heap     ] GC(821) Humongous regions: 151->151
[2025-12-25T04:12:29.335+0000][gc,metaspace] GC(821) Metaspace: 16584K(17024K)->16584K(17024K) NonClass: 14795K(14976K)->14795K(14976K) Class: 1788K(2048K)->1788K(2048K)
[2025-12-25T04:12:29.335+0000][gc          ] GC(821) Pause Young (Normal) (G1 Evacuation Pause) 964M->427M(1024M) 20.150ms
[2025-12-25T04:12:29.335+0000][gc,cpu      ] GC(821) User=0.12s Sys=0.00s Real=0.02s
[2025-12-25T04:12:59.253+0000][gc,start    ] GC(822) Pause Young (Normal) (G1 Evacuation Pause)
[2025-12-25T04:12:59.255+0000][gc,task     ] GC(822) Using 8 workers of 8 for evacuation
[2025-12-25T04:12:59.272+0000][gc,phases   ] GC(822)   Pre Evacuate Collection Set: 1.1ms
[2025-12-25T04:12:59.272+0000][gc,phases   ] GC(822)   Merge Heap Roots: 0.5ms
[2025-12-25T04:12:59.272+0000][gc,phases   ] GC(822)   Evacuate Collection Set: 14.7ms
[2025-12-25T04:12:59.273+0000][gc,phases   ] GC(822)   Post Evacuate Collection Set: 1.2ms
[2025-12-25T04:12:59.273+0000][gc,phases   ] GC(822)   Other: 0.4ms
[2025-12-25T04:12:59.273+0000][gc,heap     ] GC(822) Eden regions: 535->0(535)
[2025-12-25T04:12:59.273+0000][gc,heap     ] GC(822) Survivor regions: 8->8(60)
[2025-12-25T04:12:59.273+0000][gc,heap     ] GC(822) Old regions: 270->270
[2025-12-25T04:12:59.273+0000][gc,heap     ] GC(822) Humongous regions: 151->151
[2025-12-25T04:12:59.273+0000][gc,metaspace] GC(822) Metaspace: 16584K(17024K)->16584K(17024K) NonClass: 14795K(14976K)->14795K(14976K) Class: 1788K(2048K)->1788K(2048K)
[2025-12-25T04:12:59.273+0000][gc          ] GC(822) Pause Young (Normal) (G1 Evacuation Pause) 962M->427M(1024M) 20.104ms
[2025-12-25T04:12:59.273+0000][gc,cpu      ] GC(822) User=0.12s Sys=0.00s Real=0.02s
[2025-12-25T04:13:29.167+0000][gc,start    ] GC(823) Pause Young (Normal) (G1 Evacuation Pause)
[2025-12-25T04:13:29.167+0000][gc,task     ] GC(823) Using 8 workers of 8 for evacuation
[2025-12-25T04:13:29.189+0000][gc,phases   ] GC(823)   Pre Evacuate Collection Set: 1.6ms
[2025-12-25T04:13:29.189+0000][gc,phases   ] GC(823)   Merge Heap Roots: 2.8ms
[2025-12-25T04:13:29.189+0000][gc,phases   ] GC(823)   Evacuate Collection Set: 15.6ms
[2025-12-25T04:13:29.189+0000][gc,phases   ] GC(823)   Post Evacuate Collection Set: 1.2ms
[2025-12-25T04:13:29.189+0000][gc,phases   ] GC(823)   Other: 0.2ms
[2025-12-25T04:13:29.189+0000][gc,heap     ] GC(823) Eden regions: 535->0(535)
[2025-12-25T04:13:29.189+0000][gc,heap     ] GC(823) Survivor regions: 8->8(60)
[2025-12-25T04:13:29.189+0000][gc,heap     ] GC(823) Old regions: 270->270
[2025-12-25T04:13:29.189+0000][gc,heap     ] GC(823) Humongous regions: 151->151
[2025-12-25T04:13:29.189+0000][gc,metaspace] GC(823) Metaspace: 16584K(17024K)->16584K(17024K) NonClass: 14795K(14976K)->14795K(14976K) Class: 1788K(2048K)->1788K(2048K)
[2025-12-25T04:13:29.189+0000][gc          ] GC(823) Pause Young (Normal) (G1 Evacuation Pause) 962M->428M(1024M) 22.324ms
[2025-12-25T04:13:29.189+0000][gc,cpu      ] GC(823) User=0.15s Sys=0.00s Real=0.02s
[2025-12-25T04:13:52.447+0000][gc,start    ] GC(824) Pause Young (Normal) (G1 Evacuation Pause)
[2025-12-25T04:13:52.447+0000][gc,task     ] GC(824) Using 8 workers of 8 for evacuation
[2025-12-25T04:13:52.472+0000][gc,phases   ] GC(824)   Pre Evacuate Collection Set: 1.1ms
[2025-12-25T04:13:52.472+0000][gc,phases   ] GC(824)   Merge Heap Roots: 0.5ms
[2025-12-25T04:13:52.472+0000][gc,phases   ] GC(824)   Evacuate Collection Set: 21.1ms
[2025-12-25T04:13:52.472+0000][gc,phases   ] GC(824)   Post Evacuate Collection Set: 1.2ms
[2025-12-25T04:13:52.472+0000][gc,phases   ] GC(824)   Other: 0.3ms
[2025-12-25T04:13:52.472+0000][gc,heap     ] GC(824) Eden regions: 535->0(532)
[2025-12-25T04:13:52.472+0000][gc,heap     ] GC(824) Survivor regions: 8->9(60)
[2025-12-25T04:13:52.472+0000][gc,heap     ] GC(824) Old regions: 270->271
[2025-12-25T04:13:52.472+0000][gc,heap     ] GC(824) Humongous regions: 151->151
[2025-12-25T04:13:52.472+0000][gc,metaspace] GC(824) Metaspace: 16584K(17024K)->16584K(17024K) NonClass: 14795K(14976K)->14795K(14976K) Class: 1788K(2048K)->1788K(2048K)
[2025-12-25T04:13:52.472+0000][gc          ] GC(824) Pause Young (Normal) (G1 Evacuation Pause) 963M->429M(1024M) 25.273ms
[2025-12-25T04:13:52.472+0000][gc,cpu      ] GC(824) User=0.18s Sys=0.00s Real=0.02s
[2025-12-25T04:14:19.588+0000][gc,start    ] GC(825) Pause Young (Normal) (G1 Evacuation Pause)
[2025-12-25T04:14:19.588+0000][gc,task     ] GC(825) Using 8 workers of 8 for evacuation
[2025-12-25T04:14:19.599+0000][gc,phases   ] GC(825)   Pre Evacuate Collection Set: 1.2ms
[2025-12-25T04:14:19.599+0000][gc,phases   ] GC(825)   Merge Heap Roots: 0.4ms
[2025-12-25T04:14:19.599+0000][gc,phases   ] GC(825)   Evacuate Collection Set: 7.7ms
[2025-12-25T04:14:19.599+0000][gc,phases   ] GC(825)   Post Evacuate Collection Set: 1.2ms
[2025-12-25T04:14:19.599+0000][gc,phases   ] GC(825)   Other: 0.3ms
[2025-12-25T04:14:19.600+0000][gc,heap     ] GC(825) Eden regions: 532->0(534)
[2025-12-25T04:14:19.600+0000][gc,heap     ] GC(825) Survivor regions: 9->8(61)
[2025-12-25T04:14:19.600+0000][gc,heap     ] GC(825) Old regions: 271->271
[2025-12-25T04:14:19.600+0000][gc,heap     ] GC(825) Humongous regions: 151->151
[2025-12-25T04:14:19.600+0000][gc,metaspace] GC(825) Metaspace: 16584K(17024K)->16584K(17024K) NonClass: 14796K(14976K)->14796K(14976K) Class: 1788K(2048K)->1788K(2048K)
[2025-12-25T04:14:19.600+0000][gc          ] GC(825) Pause Young (Normal) (G1 Evacuation Pause) 961M->428M(1024M) 12.409ms
[2025-12-25T04:14:19.600+0000][gc,cpu      ] GC(825) User=0.06s Sys=0.00s Real=0.01s
[2025-12-25T04:14:49.603+0000][gc,start    ] GC(826) Pause Young (Normal) (G1 Evacuation Pause)
[2025-12-25T04:14:49.604+0000][gc,task     ] GC(826) Using 8 workers of 8 for evacuation
[2025-12-25T04:14:49.622+0000][gc,phases   ] GC(826)   Pre Evacuate Collection Set: 1.2ms
[2025-12-25T04:14:49.622+0000][gc,phases   ] GC(826)   Merge Heap Roots: 0.4ms
[2025-12-25T04:14:49.622+0000][gc,phases   ] GC(826)   Evacuate Collection Set: 15.0ms
[2025-12-25T04:14:49.622+0000][gc,phases   ] GC(826)   Post Evacuate Collection Set: 1.2ms
[2025-12-25T04:14:49.622+0000][gc,phases   ] GC(826)   Other: 0.3ms
[2025-12-25T04:14:49.622+0000][gc,heap     ] GC(826) Eden regions: 534->0(534)
[2025-12-25T04:14:49.622+0000][gc,heap     ] GC(826) Survivor regions: 8->8(60)
[2025-12-25T04:14:49.622+0000][gc,heap     ] GC(826) Old regions: 271->271
[2025-12-25T04:14:49.622+0000][gc,heap     ] GC(826) Humongous regions: 151->151
[2025-12-25T04:14:49.622+0000][gc,metaspace] GC(826) Metaspace: 16584K(17024K)->16584K(17024K) NonClass: 14796K(14976K)->14796K(14976K) Class: 1788K(2048K)->1788K(2048K)
[2025-12-25T04:14:49.622+0000][gc          ] GC(826) Pause Young (Normal) (G1 Evacuation Pause) 962M->429M(1024M) 19.409ms
[2025-12-25T04:14:49.622+0000][gc,cpu      ] GC(826) User=0.11s Sys=0.00s Real=0.02s
[2025-12-25T04:15:19.465+0000][gc,start    ] GC(827) Pause Young (Normal) (G1 Evacuation Pause)
[2025-12-25T04:15:19.466+0000][gc,task     ] GC(827) Using 8 workers of 8 for evacuation
[2025-12-25T04:15:19.478+0000][gc,phases   ] GC(827)   Pre Evacuate Collection Set: 1.1ms
[2025-12-25T04:15:19.478+0000][gc,phases   ] GC(827)   Merge Heap Roots: 0.3ms
[2025-12-25T04:15:19.478+0000][gc,phases   ] GC(827)   Evacuate Collection Set: 9.0ms
[2025-12-25T04:15:19.478+0000][gc,phases   ] GC(827)   Post Evacuate Collection Set: 1.1ms
[2025-12-25T04:15:19.478+0000][gc,phases   ] GC(827)   Other: 0.3ms
[2025-12-25T04:15:19.478+0000][gc,heap     ] GC(827) Eden regions: 534->0(533)
[2025-12-25T04:15:19.478+0000][gc,heap     ] GC(827) Survivor regions: 8->8(60)
[2025-12-25T04:15:19.478+0000][gc,heap     ] GC(827) Old regions: 271->272
[2025-12-25T04:15:19.478+0000][gc,heap     ] GC(827) Humongous regions: 151->151
[2025-12-25T04:15:19.478+0000][gc,metaspace] GC(827) Metaspace: 16584K(17024K)->16584K(17024K) NonClass: 14796K(14976K)->14796K(14976K) Class: 1788K(2048K)->1788K(2048K)
[2025-12-25T04:15:19.478+0000][gc          ] GC(827) Pause Young (Normal) (G1 Evacuation Pause) 963M->429M(1024M) 12.980ms
[2025-12-25T04:15:19.479+0000][gc,cpu      ] GC(827) User=0.08s Sys=0.00s Real=0.02s
[2025-12-25T04:15:49.410+0000][gc,start    ] GC(828) Pause Young (Normal) (G1 Evacuation Pause)
[2025-12-25T04:15:49.411+0000][gc,task     ] GC(828) Using 8 workers of 8 for evacuation
[2025-12-25T04:15:49.432+0000][gc,phases   ] GC(828)   Pre Evacuate Collection Set: 1.2ms
[2025-12-25T04:15:49.433+0000][gc,phases   ] GC(828)   Merge Heap Roots: 0.4ms
[2025-12-25T04:15:49.433+0000][gc,phases   ] GC(828)   Evacuate Collection Set: 18.7ms
[2025-12-25T04:15:49.433+0000][gc,phases   ] GC(828)   Post Evacuate Collection Set: 1.1ms
[2025-12-25T04:15:49.433+0000][gc,phases   ] GC(828)   Other: 0.3ms
[2025-12-25T04:15:49.433+0000][gc,heap     ] GC(828) Eden regions: 533->0(531)
[2025-12-25T04:15:49.433+0000][gc,heap     ] GC(828) Survivor regions: 8->9(60)
[2025-12-25T04:15:49.433+0000][gc,heap     ] GC(828) Old regions: 272->272
[2025-12-25T04:15:49.433+0000][gc,heap     ] GC(828) Humongous regions: 151->151
[2025-12-25T04:15:49.433+0000][gc,metaspace] GC(828) Metaspace: 16584K(17024K)->16584K(17024K) NonClass: 14796K(14976K)->14796K(14976K) Class: 1788K(2048K)->1788K(2048K)
[2025-12-25T04:15:49.433+0000][gc          ] GC(828) Pause Young (Normal) (G1 Evacuation Pause) 962M->430M(1024M) 23.432ms
[2025-12-25T04:15:49.433+0000][gc,cpu      ] GC(828) User=0.15s Sys=0.00s Real=0.02s
[2025-12-25T04:16:19.333+0000][gc,start    ] GC(829) Pause Young (Normal) (G1 Evacuation Pause)
[2025-12-25T04:16:19.333+0000][gc,task     ] GC(829) Using 8 workers of 8 for evacuation
[2025-12-25T04:16:19.355+0000][gc,phases   ] GC(829)   Pre Evacuate Collection Set: 1.1ms
[2025-12-25T04:16:19.356+0000][gc,phases   ] GC(829)   Merge Heap Roots: 2.1ms
[2025-12-25T04:16:19.356+0000][gc,phases   ] GC(829)   Evacuate Collection Set: 17.3ms
[2025-12-25T04:16:19.356+0000][gc,phases   ] GC(829)   Post Evacuate Collection Set: 1.4ms
[2025-12-25T04:16:19.356+0000][gc,phases   ] GC(829)   Other: 0.3ms
[2025-12-25T04:16:19.356+0000][gc,heap     ] GC(829) Eden regions: 531->0(531)
[2025-12-25T04:16:19.356+0000][gc,heap     ] GC(829) Survivor regions: 9->9(61)
[2025-12-25T04:16:19.356+0000][gc,heap     ] GC(829) Old regions: 272->272
[2025-12-25T04:16:19.356+0000][gc,heap     ] GC(829) Humongous regions: 151->151
[2025-12-25T04:16:19.356+0000][gc,metaspace] GC(829) Metaspace: 16584K(17024K)->16584K(17024K) NonClass: 14796K(14976K)->14796K(14976K) Class: 1788K(2048K)->1788K(2048K)
[2025-12-25T04:16:19.356+0000][gc          ] GC(829) Pause Young (Normal) (G1 Evacuation Pause) 961M->431M(1024M) 23.366ms
[2025-12-25T04:16:19.356+0000][gc,cpu      ] GC(829) User=0.15s Sys=0.01s Real=0.02s
[2025-12-25T04:16:49.235+0000][gc,start    ] GC(830) Pause Young (Normal) (G1 Evacuation Pause)
[2025-12-25T04:16:49.236+0000][gc,task     ] GC(830) Using 8 workers of 8 for evacuation
[2025-12-25T04:16:49.259+0000][gc,phases   ] GC(830)   Pre Evacuate Collection Set: 1.8ms
[2025-12-25T04:16:49.259+0000][gc,phases   ] GC(830)   Merge Heap Roots: 1.7ms
[2025-12-25T04:16:49.259+0000][gc,phases   ] GC(830)   Evacuate Collection Set: 18.3ms
[2025-12-25T04:16:49.259+0000][gc,phases   ] GC(830)   Post Evacuate Collection Set: 1.5ms
[2025-12-25T04:16:49.260+0000][gc,phases   ] GC(830)   Other: 0.2ms
[2025-12-25T04:16:49.260+0000][gc,heap     ] GC(830) Eden regions: 531->0(531)
[2025-12-25T04:16:49.260+0000][gc,heap     ] GC(830) Survivor regions: 9->9(61)
[2025-12-25T04:16:49.260+0000][gc,heap     ] GC(830) Old regions: 272->272
[2025-12-25T04:16:49.260+0000][gc,heap     ] GC(830) Humongous regions: 151->151
[2025-12-25T04:16:49.260+0000][gc,metaspace] GC(830) Metaspace: 16584K(17024K)->16584K(17024K) NonClass: 14796K(14976K)->14796K(14976K) Class: 1788K(2048K)->1788K(2048K)
[2025-12-25T04:16:49.260+0000][gc          ] GC(830) Pause Young (Normal) (G1 Evacuation Pause) 962M->431M(1024M) 25.136ms
[2025-12-25T04:16:49.260+0000][gc,cpu      ] GC(830) User=0.17s Sys=0.00s Real=0.03s
[2025-12-25T04:17:19.169+0000][gc,start    ] GC(831) Pause Young (Normal) (G1 Evacuation Pause)
[2025-12-25T04:17:19.170+0000][gc,task     ] GC(831) Using 8 workers of 8 for evacuation
[2025-12-25T04:17:19.187+0000][gc,phases   ] GC(831)   Pre Evacuate Collection Set: 1.3ms
[2025-12-25T04:17:19.187+0000][gc,phases   ] GC(831)   Merge Heap Roots: 0.4ms
[2025-12-25T04:17:19.187+0000][gc,phases   ] GC(831)   Evacuate Collection Set: 14.0ms
[2025-12-25T04:17:19.187+0000][gc,phases   ] GC(831)   Post Evacuate Collection Set: 1.2ms
[2025-12-25T04:17:19.187+0000][gc,phases   ] GC(831)   Other: 0.3ms
[2025-12-25T04:17:19.188+0000][gc,heap     ] GC(831) Eden regions: 531->0(536)
[2025-12-25T04:17:19.188+0000][gc,heap     ] GC(831) Survivor regions: 9->6(61)
[2025-12-25T04:17:19.188+0000][gc,heap     ] GC(831) Old regions: 272->273
[2025-12-25T04:17:19.188+0000][gc,heap     ] GC(831) Humongous regions: 151->151
[2025-12-25T04:17:19.188+0000][gc,metaspace] GC(831) Metaspace: 16584K(17024K)->16584K(17024K) NonClass: 14796K(14976K)->14796K(14976K) Class: 1788K(2048K)->1788K(2048K)
[2025-12-25T04:17:19.188+0000][gc          ] GC(831) Pause Young (Normal) (G1 Evacuation Pause) 962M->428M(1024M) 18.521ms
[2025-12-25T04:17:19.188+0000][gc,cpu      ] GC(831) User=0.12s Sys=0.00s Real=0.02s
[2025-12-25T04:17:39.660+0000][gc,start    ] GC(832) Pause Young (Normal) (G1 Evacuation Pause)
[2025-12-25T04:17:39.661+0000][gc,task     ] GC(832) Using 8 workers of 8 for evacuation
[2025-12-25T04:17:39.676+0000][gc,phases   ] GC(832)   Pre Evacuate Collection Set: 1.1ms
[2025-12-25T04:17:39.676+0000][gc,phases   ] GC(832)   Merge Heap Roots: 0.4ms
[2025-12-25T04:17:39.676+0000][gc,phases   ] GC(832)   Evacuate Collection Set: 12.1ms
[2025-12-25T04:17:39.676+0000][gc,phases   ] GC(832)   Post Evacuate Collection Set: 1.2ms
[2025-12-25T04:17:39.676+0000][gc,phases   ] GC(832)   Other: 0.4ms
[2025-12-25T04:17:39.676+0000][gc,heap     ] GC(832) Eden regions: 536->0(532)
[2025-12-25T04:17:39.676+0000][gc,heap     ] GC(832) Survivor regions: 6->8(58)
[2025-12-25T04:17:39.676+0000][gc,heap     ] GC(832) Old regions: 273->273
[2025-12-25T04:17:39.676+0000][gc,heap     ] GC(832) Humongous regions: 151->151
[2025-12-25T04:17:39.676+0000][gc,metaspace] GC(832) Metaspace: 16584K(17024K)->16584K(17024K) NonClass: 14796K(14976K)->14796K(14976K) Class: 1788K(2048K)->1788K(2048K)
[2025-12-25T04:17:39.676+0000][gc          ] GC(832) Pause Young (Normal) (G1 Evacuation Pause) 964M->431M(1024M) 16.702ms
[2025-12-25T04:17:39.676+0000][gc,cpu      ] GC(832) User=0.11s Sys=0.00s Real=0.01s
[2025-12-25T04:18:09.705+0000][gc,start    ] GC(833) Pause Young (Normal) (G1 Evacuation Pause)
[2025-12-25T04:18:09.706+0000][gc,task     ] GC(833) Using 8 workers of 8 for evacuation
[2025-12-25T04:18:09.731+0000][gc,phases   ] GC(833)   Pre Evacuate Collection Set: 2.9ms
[2025-12-25T04:18:09.731+0000][gc,phases   ] GC(833)   Merge Heap Roots: 0.4ms
[2025-12-25T04:18:09.731+0000][gc,phases   ] GC(833)   Evacuate Collection Set: 19.1ms
[2025-12-25T04:18:09.731+0000][gc,phases   ] GC(833)   Post Evacuate Collection Set: 2.3ms
[2025-12-25T04:18:09.731+0000][gc,phases   ] GC(833)   Other: 0.2ms
[2025-12-25T04:18:09.731+0000][gc,heap     ] GC(833) Eden regions: 532->0(530)
[2025-12-25T04:18:09.731+0000][gc,heap     ] GC(833) Survivor regions: 8->9(60)
[2025-12-25T04:18:09.731+0000][gc,heap     ] GC(833) Old regions: 273->273
[2025-12-25T04:18:09.731+0000][gc,heap     ] GC(833) Humongous regions: 151->151
[2025-12-25T04:18:09.731+0000][gc,metaspace] GC(833) Metaspace: 16584K(17024K)->16584K(17024K) NonClass: 14796K(14976K)->14796K(14976K) Class: 1788K(2048K)->1788K(2048K)
[2025-12-25T04:18:09.731+0000][gc          ] GC(833) Pause Young (Normal) (G1 Evacuation Pause) 963M->432M(1024M) 26.302ms
[2025-12-25T04:18:09.732+0000][gc,cpu      ] GC(833) User=0.16s Sys=0.00s Real=0.02s
[2025-12-25T04:18:39.947+0000][gc,start    ] GC(834) Pause Young (Normal) (G1 Evacuation Pause)
[2025-12-25T04:18:39.949+0000][gc,task     ] GC(834) Using 8 workers of 8 for evacuation
[2025-12-25T04:18:39.974+0000][gc,phases   ] GC(834)   Pre Evacuate Collection Set: 2.4ms
[2025-12-25T04:18:39.974+0000][gc,phases   ] GC(834)   Merge Heap Roots: 1.5ms
[2025-12-25T04:18:39.974+0000][gc,phases   ] GC(834)   Evacuate Collection Set: 15.6ms
[2025-12-25T04:18:39.974+0000][gc,phases   ] GC(834)   Post Evacuate Collection Set: 4.2ms
[2025-12-25T04:18:39.974+0000][gc,phases   ] GC(834)   Other: 0.7ms
[2025-12-25T04:18:39.974+0000][gc,heap     ] GC(834) Eden regions: 530->0(529)
[2025-12-25T04:18:39.975+0000][gc,heap     ] GC(834) Survivor regions: 9->9(61)
[2025-12-25T04:18:39.975+0000][gc,heap     ] GC(834) Old regions: 273->274
[2025-12-25T04:18:39.975+0000][gc,heap     ] GC(834) Humongous regions: 151->151
[2025-12-25T04:18:39.975+0000][gc,metaspace] GC(834) Metaspace: 16584K(17024K)->16584K(17024K) NonClass: 14796K(14976K)->14796K(14976K) Class: 1788K(2048K)->1788K(2048K)
[2025-12-25T04:18:39.975+0000][gc          ] GC(834) Pause Young (Normal) (G1 Evacuation Pause) 962M->432M(1024M) 28.303ms
[2025-12-25T04:18:39.975+0000][gc,cpu      ] GC(834) User=0.13s Sys=0.00s Real=0.02s
[2025-12-25T04:19:09.839+0000][gc,start    ] GC(835) Pause Young (Normal) (G1 Evacuation Pause)
[2025-12-25T04:19:09.839+0000][gc,task     ] GC(835) Using 8 workers of 8 for evacuation
[2025-12-25T04:19:09.875+0000][gc,phases   ] GC(835)   Pre Evacuate Collection Set: 2.2ms
[2025-12-25T04:19:09.875+0000][gc,phases   ] GC(835)   Merge Heap Roots: 0.5ms
[2025-12-25T04:19:09.875+0000][gc,phases   ] GC(835)   Evacuate Collection Set: 24.3ms
[2025-12-25T04:19:09.875+0000][gc,phases   ] GC(835)   Post Evacuate Collection Set: 8.4ms
[2025-12-25T04:19:09.876+0000][gc,phases   ] GC(835)   Other: 0.5ms
[2025-12-25T04:19:09.876+0000][gc,heap     ] GC(835) Eden regions: 529->0(533)
[2025-12-25T04:19:09.876+0000][gc,heap     ] GC(835) Survivor regions: 9->7(61)
[2025-12-25T04:19:09.876+0000][gc,heap     ] GC(835) Old regions: 274->274
[2025-12-25T04:19:09.876+0000][gc,heap     ] GC(835) Humongous regions: 151->151
[2025-12-25T04:19:09.876+0000][gc,metaspace] GC(835) Metaspace: 16585K(17024K)->16585K(17024K) NonClass: 14797K(14976K)->14797K(14976K) Class: 1788K(2048K)->1788K(2048K)
[2025-12-25T04:19:09.877+0000][gc          ] GC(835) Pause Young (Normal) (G1 Evacuation Pause) 961M->431M(1024M) 38.823ms
[2025-12-25T04:19:09.877+0000][gc,cpu      ] GC(835) User=0.20s Sys=0.01s Real=0.04s
[2025-12-25T04:19:39.219+0000][gc,start    ] GC(836) Pause Young (Normal) (G1 Evacuation Pause)
[2025-12-25T04:19:39.219+0000][gc,task     ] GC(836) Using 8 workers of 8 for evacuation
[2025-12-25T04:19:39.248+0000][gc,phases   ] GC(836)   Pre Evacuate Collection Set: 1.1ms
[2025-12-25T04:19:39.248+0000][gc,phases   ] GC(836)   Merge Heap Roots: 0.5ms
[2025-12-25T04:19:39.248+0000][gc,phases   ] GC(836)   Evacuate Collection Set: 25.0ms
[2025-12-25T04:19:39.248+0000][gc,phases   ] GC(836)   Post Evacuate Collection Set: 1.7ms
[2025-12-25T04:19:39.248+0000][gc,phases   ] GC(836)   Other: 0.4ms
[2025-12-25T04:19:39.249+0000][gc,heap     ] GC(836) Eden regions: 533->0(529)
[2025-12-25T04:19:39.249+0000][gc,heap     ] GC(836) Survivor regions: 7->9(59)
[2025-12-25T04:19:39.249+0000][gc,heap     ] GC(836) Old regions: 274->274
[2025-12-25T04:19:39.249+0000][gc,heap     ] GC(836) Humongous regions: 151->151
[2025-12-25T04:19:39.249+0000][gc,metaspace] GC(836) Metaspace: 16593K(17024K)->16593K(17024K) NonClass: 14804K(14976K)->14804K(14976K) Class: 1788K(2048K)->1788K(2048K)
[2025-12-25T04:19:39.249+0000][gc          ] GC(836) Pause Young (Normal) (G1 Evacuation Pause) 964M->433M(1024M) 30.209ms
[2025-12-25T04:19:39.249+0000][gc,cpu      ] GC(836) User=0.18s Sys=0.01s Real=0.03s
[2025-12-25T04:19:59.713+0000][gc,start    ] GC(837) Pause Young (Normal) (G1 Evacuation Pause)
[2025-12-25T04:19:59.713+0000][gc,task     ] GC(837) Using 8 workers of 8 for evacuation
[2025-12-25T04:19:59.735+0000][gc,phases   ] GC(837)   Pre Evacuate Collection Set: 1.0ms
[2025-12-25T04:19:59.736+0000][gc,phases   ] GC(837)   Merge Heap Roots: 0.4ms
[2025-12-25T04:19:59.736+0000][gc,phases   ] GC(837)   Evacuate Collection Set: 19.0ms
[2025-12-25T04:19:59.736+0000][gc,phases   ] GC(837)   Post Evacuate Collection Set: 1.6ms
[2025-12-25T04:19:59.736+0000][gc,phases   ] GC(837)   Other: 0.3ms
[2025-12-25T04:19:59.736+0000][gc,heap     ] GC(837) Eden regions: 529->0(522)
[2025-12-25T04:19:59.736+0000][gc,heap     ] GC(837) Survivor regions: 9->12(61)
[2025-12-25T04:19:59.736+0000][gc,heap     ] GC(837) Old regions: 274->275
[2025-12-25T04:19:59.736+0000][gc,heap     ] GC(837) Humongous regions: 151->151
[2025-12-25T04:19:59.736+0000][gc,metaspace] GC(837) Metaspace: 16593K(17024K)->16593K(17024K) NonClass: 14804K(14976K)->14804K(14976K) Class: 1788K(2048K)->1788K(2048K)
[2025-12-25T04:19:59.736+0000][gc          ] GC(837) Pause Young (Normal) (G1 Evacuation Pause) 962M->436M(1024M) 23.335ms
[2025-12-25T04:19:59.736+0000][gc,cpu      ] GC(837) User=0.14s Sys=0.00s Real=0.03s
[2025-12-25T04:20:29.474+0000][gc,start    ] GC(838) Pause Young (Normal) (G1 Evacuation Pause)
[2025-12-25T04:20:29.474+0000][gc,task     ] GC(838) Using 8 workers of 8 for evacuation
[2025-12-25T04:20:29.493+0000][gc,phases   ] GC(838)   Pre Evacuate Collection Set: 1.3ms
[2025-12-25T04:20:29.493+0000][gc,phases   ] GC(838)   Merge Heap Roots: 1.8ms
[2025-12-25T04:20:29.493+0000][gc,phases   ] GC(838)   Evacuate Collection Set: 14.7ms
[2025-12-25T04:20:29.493+0000][gc,phases   ] GC(838)   Post Evacuate Collection Set: 1.1ms
[2025-12-25T04:20:29.494+0000][gc,phases   ] GC(838)   Other: 0.3ms
[2025-12-25T04:20:29.494+0000][gc,heap     ] GC(838) Eden regions: 522->0(528)
[2025-12-25T04:20:29.494+0000][gc,heap     ] GC(838) Survivor regions: 12->9(64)
[2025-12-25T04:20:29.494+0000][gc,heap     ] GC(838) Old regions: 275->275
[2025-12-25T04:20:29.494+0000][gc,heap     ] GC(838) Humongous regions: 151->151
[2025-12-25T04:20:29.494+0000][gc,metaspace] GC(838) Metaspace: 16593K(17024K)->16593K(17024K) NonClass: 14804K(14976K)->14804K(14976K) Class: 1788K(2048K)->1788K(2048K)
[2025-12-25T04:20:29.494+0000][gc          ] GC(838) Pause Young (Normal) (G1 Evacuation Pause) 958M->434M(1024M) 20.250ms
[2025-12-25T04:20:29.494+0000][gc,cpu      ] GC(838) User=0.13s Sys=0.01s Real=0.02s
[2025-12-25T04:20:59.414+0000][gc,start    ] GC(839) Pause Young (Normal) (G1 Evacuation Pause)
[2025-12-25T04:20:59.415+0000][gc,task     ] GC(839) Using 8 workers of 8 for evacuation
[2025-12-25T04:20:59.435+0000][gc,phases   ] GC(839)   Pre Evacuate Collection Set: 1.1ms
[2025-12-25T04:20:59.435+0000][gc,phases   ] GC(839)   Merge Heap Roots: 0.5ms
[2025-12-25T04:20:59.435+0000][gc,phases   ] GC(839)   Evacuate Collection Set: 17.0ms
[2025-12-25T04:20:59.435+0000][gc,phases   ] GC(839)   Post Evacuate Collection Set: 1.3ms
[2025-12-25T04:20:59.435+0000][gc,phases   ] GC(839)   Other: 0.5ms
[2025-12-25T04:20:59.435+0000][gc,heap     ] GC(839) Eden regions: 528->0(528)
[2025-12-25T04:20:59.435+0000][gc,heap     ] GC(839) Survivor regions: 9->9(61)
[2025-12-25T04:20:59.435+0000][gc,heap     ] GC(839) Old regions: 275->275
[2025-12-25T04:20:59.435+0000][gc,heap     ] GC(839) Humongous regions: 151->151
[2025-12-25T04:20:59.436+0000][gc,metaspace] GC(839) Metaspace: 16593K(17024K)->16593K(17024K) NonClass: 14804K(14976K)->14804K(14976K) Class: 1788K(2048K)->1788K(2048K)
[2025-12-25T04:20:59.436+0000][gc          ] GC(839) Pause Young (Normal) (G1 Evacuation Pause) 962M->434M(1024M) 21.502ms
[2025-12-25T04:20:59.436+0000][gc,cpu      ] GC(839) User=0.14s Sys=0.00s Real=0.02s
[2025-12-25T04:21:29.303+0000][gc,start    ] GC(840) Pause Young (Normal) (G1 Evacuation Pause)
[2025-12-25T04:21:29.304+0000][gc,task     ] GC(840) Using 8 workers of 8 for evacuation
[2025-12-25T04:21:29.330+0000][gc,phases   ] GC(840)   Pre Evacuate Collection Set: 1.2ms
[2025-12-25T04:21:29.330+0000][gc,phases   ] GC(840)   Merge Heap Roots: 0.4ms
[2025-12-25T04:21:29.330+0000][gc,phases   ] GC(840)   Evacuate Collection Set: 22.9ms
[2025-12-25T04:21:29.330+0000][gc,phases   ] GC(840)   Post Evacuate Collection Set: 1.6ms
[2025-12-25T04:21:29.330+0000][gc,phases   ] GC(840)   Other: 0.3ms
[2025-12-25T04:21:29.331+0000][gc,heap     ] GC(840) Eden regions: 528->0(526)
[2025-12-25T04:21:29.331+0000][gc,heap     ] GC(840) Survivor regions: 9->10(61)
[2025-12-25T04:21:29.331+0000][gc,heap     ] GC(840) Old regions: 275->275
[2025-12-25T04:21:29.331+0000][gc,heap     ] GC(840) Humongous regions: 151->151
[2025-12-25T04:21:29.331+0000][gc,metaspace] GC(840) Metaspace: 16593K(17024K)->16593K(17024K) NonClass: 14804K(14976K)->14804K(14976K) Class: 1788K(2048K)->1788K(2048K)
[2025-12-25T04:21:29.331+0000][gc          ] GC(840) Pause Young (Normal) (G1 Evacuation Pause) 962M->435M(1024M) 27.563ms
[2025-12-25T04:21:29.331+0000][gc,cpu      ] GC(840) User=0.18s Sys=0.00s Real=0.03s
[2025-12-25T04:21:59.193+0000][gc,start    ] GC(841) Pause Young (Normal) (G1 Evacuation Pause)
[2025-12-25T04:21:59.193+0000][gc,task     ] GC(841) Using 8 workers of 8 for evacuation
[2025-12-25T04:21:59.208+0000][gc,phases   ] GC(841)   Pre Evacuate Collection Set: 1.3ms
[2025-12-25T04:21:59.208+0000][gc,phases   ] GC(841)   Merge Heap Roots: 0.5ms
[2025-12-25T04:21:59.208+0000][gc,phases   ] GC(841)   Evacuate Collection Set: 10.6ms
[2025-12-25T04:21:59.208+0000][gc,phases   ] GC(841)   Post Evacuate Collection Set: 1.8ms
[2025-12-25T04:21:59.208+0000][gc,phases   ] GC(841)   Other: 0.4ms
[2025-12-25T04:21:59.208+0000][gc,heap     ] GC(841) Eden regions: 526->0(525)
[2025-12-25T04:21:59.208+0000][gc,heap     ] GC(841) Survivor regions: 10->10(62)
[2025-12-25T04:21:59.208+0000][gc,heap     ] GC(841) Old regions: 275->276
[2025-12-25T04:21:59.208+0000][gc,heap     ] GC(841) Humongous regions: 151->151
[2025-12-25T04:21:59.208+0000][gc,metaspace] GC(841) Metaspace: 16593K(17024K)->16593K(17024K) NonClass: 14804K(14976K)->14804K(14976K) Class: 1788K(2048K)->1788K(2048K)
[2025-12-25T04:21:59.208+0000][gc          ] GC(841) Pause Young (Normal) (G1 Evacuation Pause) 961M->435M(1024M) 15.764ms
[2025-12-25T04:21:59.209+0000][gc,cpu      ] GC(841) User=0.10s Sys=0.00s Real=0.02s
[2025-12-25T04:22:19.689+0000][gc,start    ] GC(842) Pause Young (Normal) (G1 Evacuation Pause)
[2025-12-25T04:22:19.690+0000][gc,task     ] GC(842) Using 8 workers of 8 for evacuation
[2025-12-25T04:22:19.708+0000][gc,phases   ] GC(842)   Pre Evacuate Collection Set: 1.6ms
[2025-12-25T04:22:19.709+0000][gc,phases   ] GC(842)   Merge Heap Roots: 0.5ms
[2025-12-25T04:22:19.709+0000][gc,phases   ] GC(842)   Evacuate Collection Set: 15.0ms
[2025-12-25T04:22:19.709+0000][gc,phases   ] GC(842)   Post Evacuate Collection Set: 1.3ms
[2025-12-25T04:22:19.709+0000][gc,phases   ] GC(842)   Other: 0.3ms
[2025-12-25T04:22:19.709+0000][gc,heap     ] GC(842) Eden regions: 525->0(521)
[2025-12-25T04:22:19.709+0000][gc,heap     ] GC(842) Survivor regions: 10->12(62)
[2025-12-25T04:22:19.709+0000][gc,heap     ] GC(842) Old regions: 276->276
[2025-12-25T04:22:19.709+0000][gc,heap     ] GC(842) Humongous regions: 151->151
[2025-12-25T04:22:19.709+0000][gc,metaspace] GC(842) Metaspace: 16593K(17024K)->16593K(17024K) NonClass: 14805K(14976K)->14805K(14976K) Class: 1788K(2048K)->1788K(2048K)
[2025-12-25T04:22:19.709+0000][gc          ] GC(842) Pause Young (Normal) (G1 Evacuation Pause) 960M->437M(1024M) 19.876ms
[2025-12-25T04:22:19.709+0000][gc,cpu      ] GC(842) User=0.11s Sys=0.01s Real=0.02s
[2025-12-25T04:22:49.664+0000][gc,start    ] GC(843) Pause Young (Normal) (G1 Evacuation Pause)
[2025-12-25T04:22:49.665+0000][gc,task     ] GC(843) Using 8 workers of 8 for evacuation
[2025-12-25T04:22:49.683+0000][gc,phases   ] GC(843)   Pre Evacuate Collection Set: 1.2ms
[2025-12-25T04:22:49.683+0000][gc,phases   ] GC(843)   Merge Heap Roots: 0.4ms
[2025-12-25T04:22:49.683+0000][gc,phases   ] GC(843)   Evacuate Collection Set: 14.7ms
[2025-12-25T04:22:49.683+0000][gc,phases   ] GC(843)   Post Evacuate Collection Set: 1.5ms
[2025-12-25T04:22:49.683+0000][gc,phases   ] GC(843)   Other: 0.2ms
[2025-12-25T04:22:49.683+0000][gc,heap     ] GC(843) Eden regions: 521->0(521)
[2025-12-25T04:22:49.683+0000][gc,heap     ] GC(843) Survivor regions: 12->12(64)
[2025-12-25T04:22:49.683+0000][gc,heap     ] GC(843) Old regions: 276->276
[2025-12-25T04:22:49.683+0000][gc,heap     ] GC(843) Humongous regions: 151->151
[2025-12-25T04:22:49.683+0000][gc,metaspace] GC(843) Metaspace: 16593K(17024K)->16593K(17024K) NonClass: 14805K(14976K)->14805K(14976K) Class: 1788K(2048K)->1788K(2048K)
[2025-12-25T04:22:49.683+0000][gc          ] GC(843) Pause Young (Normal) (G1 Evacuation Pause) 958M->438M(1024M) 19.180ms
[2025-12-25T04:22:49.684+0000][gc,cpu      ] GC(843) User=0.11s Sys=0.01s Real=0.02s
[2025-12-25T04:23:19.420+0000][gc,start    ] GC(844) Pause Young (Normal) (G1 Evacuation Pause)
[2025-12-25T04:23:19.420+0000][gc,task     ] GC(844) Using 8 workers of 8 for evacuation
[2025-12-25T04:23:19.433+0000][gc,phases   ] GC(844)   Pre Evacuate Collection Set: 1.1ms
[2025-12-25T04:23:19.433+0000][gc,phases   ] GC(844)   Merge Heap Roots: 0.4ms
[2025-12-25T04:23:19.433+0000][gc,phases   ] GC(844)   Evacuate Collection Set: 7.8ms
[2025-12-25T04:23:19.433+0000][gc,phases   ] GC(844)   Post Evacuate Collection Set: 2.1ms
[2025-12-25T04:23:19.433+0000][gc,phases   ] GC(844)   Other: 0.9ms
[2025-12-25T04:23:19.433+0000][gc,heap     ] GC(844) Eden regions: 521->0(526)
[2025-12-25T04:23:19.433+0000][gc,heap     ] GC(844) Survivor regions: 12->9(64)
[2025-12-25T04:23:19.433+0000][gc,heap     ] GC(844) Old regions: 276->277
[2025-12-25T04:23:19.433+0000][gc,heap     ] GC(844) Humongous regions: 151->151
[2025-12-25T04:23:19.434+0000][gc,metaspace] GC(844) Metaspace: 16593K(17024K)->16593K(17024K) NonClass: 14805K(14976K)->14805K(14976K) Class: 1788K(2048K)->1788K(2048K)
[2025-12-25T04:23:19.434+0000][gc          ] GC(844) Pause Young (Normal) (G1 Evacuation Pause) 959M->435M(1024M) 14.369ms
[2025-12-25T04:23:19.434+0000][gc,cpu      ] GC(844) User=0.07s Sys=0.00s Real=0.01s
[2025-12-25T04:23:49.351+0000][gc,start    ] GC(845) Pause Young (Normal) (G1 Evacuation Pause)
[2025-12-25T04:23:49.352+0000][gc,task     ] GC(845) Using 8 workers of 8 for evacuation
[2025-12-25T04:23:49.367+0000][gc,phases   ] GC(845)   Pre Evacuate Collection Set: 2.6ms
[2025-12-25T04:23:49.367+0000][gc,phases   ] GC(845)   Merge Heap Roots: 0.5ms
[2025-12-25T04:23:49.367+0000][gc,phases   ] GC(845)   Evacuate Collection Set: 9.7ms
[2025-12-25T04:23:49.367+0000][gc,phases   ] GC(845)   Post Evacuate Collection Set: 1.2ms
[2025-12-25T04:23:49.367+0000][gc,phases   ] GC(845)   Other: 0.4ms
[2025-12-25T04:23:49.367+0000][gc,heap     ] GC(845) Eden regions: 526->0(526)
[2025-12-25T04:23:49.367+0000][gc,heap     ] GC(845) Survivor regions: 9->9(61)
[2025-12-25T04:23:49.367+0000][gc,heap     ] GC(845) Old regions: 277->277
[2025-12-25T04:23:49.367+0000][gc,heap     ] GC(845) Humongous regions: 151->151
[2025-12-25T04:23:49.367+0000][gc,metaspace] GC(845) Metaspace: 16593K(17024K)->16593K(17024K) NonClass: 14805K(14976K)->14805K(14976K) Class: 1788K(2048K)->1788K(2048K)
[2025-12-25T04:23:49.367+0000][gc          ] GC(845) Pause Young (Normal) (G1 Evacuation Pause) 961M->435M(1024M) 16.055ms
[2025-12-25T04:23:49.367+0000][gc,cpu      ] GC(845) User=0.09s Sys=0.00s Real=0.01s
[2025-12-25T04:24:19.254+0000][gc,start    ] GC(846) Pause Young (Normal) (G1 Evacuation Pause)
[2025-12-25T04:24:19.255+0000][gc,task     ] GC(846) Using 8 workers of 8 for evacuation
[2025-12-25T04:24:19.278+0000][gc,phases   ] GC(846)   Pre Evacuate Collection Set: 1.2ms
[2025-12-25T04:24:19.278+0000][gc,phases   ] GC(846)   Merge Heap Roots: 0.4ms
[2025-12-25T04:24:19.278+0000][gc,phases   ] GC(846)   Evacuate Collection Set: 19.7ms
[2025-12-25T04:24:19.278+0000][gc,phases   ] GC(846)   Post Evacuate Collection Set: 1.1ms
[2025-12-25T04:24:19.278+0000][gc,phases   ] GC(846)   Other: 0.3ms
[2025-12-25T04:24:19.278+0000][gc,heap     ] GC(846) Eden regions: 526->0(526)
[2025-12-25T04:24:19.278+0000][gc,heap     ] GC(846) Survivor regions: 9->9(61)
[2025-12-25T04:24:19.279+0000][gc,heap     ] GC(846) Old regions: 277->277
[2025-12-25T04:24:19.279+0000][gc,heap     ] GC(846) Humongous regions: 151->151
[2025-12-25T04:24:19.279+0000][gc,metaspace] GC(846) Metaspace: 16594K(17024K)->16594K(17024K) NonClass: 14806K(14976K)->14806K(14976K) Class: 1788K(2048K)->1788K(2048K)
[2025-12-25T04:24:19.279+0000][gc          ] GC(846) Pause Young (Normal) (G1 Evacuation Pause) 961M->436M(1024M) 24.466ms
[2025-12-25T04:24:19.279+0000][gc,cpu      ] GC(846) User=0.14s Sys=0.00s Real=0.03s
[2025-12-25T04:24:49.156+0000][gc,start    ] GC(847) Pause Young (Normal) (G1 Evacuation Pause)
[2025-12-25T04:24:49.157+0000][gc,task     ] GC(847) Using 8 workers of 8 for evacuation
[2025-12-25T04:24:49.183+0000][gc,phases   ] GC(847)   Pre Evacuate Collection Set: 2.3ms
[2025-12-25T04:24:49.183+0000][gc,phases   ] GC(847)   Merge Heap Roots: 2.8ms
[2025-12-25T04:24:49.183+0000][gc,phases   ] GC(847)   Evacuate Collection Set: 18.8ms
[2025-12-25T04:24:49.183+0000][gc,phases   ] GC(847)   Post Evacuate Collection Set: 1.7ms
[2025-12-25T04:24:49.183+0000][gc,phases   ] GC(847)   Other: 0.5ms
[2025-12-25T04:24:49.183+0000][gc,heap     ] GC(847) Eden regions: 526->0(525)
[2025-12-25T04:24:49.183+0000][gc,heap     ] GC(847) Survivor regions: 9->9(61)
[2025-12-25T04:24:49.183+0000][gc,heap     ] GC(847) Old regions: 277->278
[2025-12-25T04:24:49.183+0000][gc,heap     ] GC(847) Humongous regions: 151->151
[2025-12-25T04:24:49.183+0000][gc,metaspace] GC(847) Metaspace: 16594K(17024K)->16594K(17024K) NonClass: 14806K(14976K)->14806K(14976K) Class: 1788K(2048K)->1788K(2048K)
[2025-12-25T04:24:49.183+0000][gc          ] GC(847) Pause Young (Normal) (G1 Evacuation Pause) 962M->436M(1024M) 27.437ms
[2025-12-25T04:24:49.183+0000][gc,cpu      ] GC(847) User=0.17s Sys=0.01s Real=0.03s
[2025-12-25T04:25:09.695+0000][gc,start    ] GC(848) Pause Young (Normal) (G1 Evacuation Pause)
[2025-12-25T04:25:09.695+0000][gc,task     ] GC(848) Using 8 workers of 8 for evacuation
[2025-12-25T04:25:09.708+0000][gc,phases   ] GC(848)   Pre Evacuate Collection Set: 1.6ms
[2025-12-25T04:25:09.708+0000][gc,phases   ] GC(848)   Merge Heap Roots: 0.4ms
[2025-12-25T04:25:09.708+0000][gc,phases   ] GC(848)   Evacuate Collection Set: 9.5ms
[2025-12-25T04:25:09.708+0000][gc,phases   ] GC(848)   Post Evacuate Collection Set: 1.1ms
[2025-12-25T04:25:09.708+0000][gc,phases   ] GC(848)   Other: 0.2ms
[2025-12-25T04:25:09.708+0000][gc,heap     ] GC(848) Eden regions: 525->0(517)
[2025-12-25T04:25:09.708+0000][gc,heap     ] GC(848) Survivor regions: 9->13(61)
[2025-12-25T04:25:09.708+0000][gc,heap     ] GC(848) Old regions: 278->278
[2025-12-25T04:25:09.708+0000][gc,heap     ] GC(848) Humongous regions: 151->151
[2025-12-25T04:25:09.708+0000][gc,metaspace] GC(848) Metaspace: 16594K(17024K)->16594K(17024K) NonClass: 14806K(14976K)->14806K(14976K) Class: 1788K(2048K)->1788K(2048K)
[2025-12-25T04:25:09.709+0000][gc          ] GC(848) Pause Young (Normal) (G1 Evacuation Pause) 961M->440M(1024M) 13.967ms
[2025-12-25T04:25:09.709+0000][gc,cpu      ] GC(848) User=0.08s Sys=0.00s Real=0.02s
[2025-12-25T04:25:39.604+0000][gc,start    ] GC(849) Pause Young (Normal) (G1 Evacuation Pause)
[2025-12-25T04:25:39.604+0000][gc,task     ] GC(849) Using 8 workers of 8 for evacuation
[2025-12-25T04:25:39.628+0000][gc,phases   ] GC(849)   Pre Evacuate Collection Set: 1.5ms
[2025-12-25T04:25:39.628+0000][gc,phases   ] GC(849)   Merge Heap Roots: 2.0ms
[2025-12-25T04:25:39.628+0000][gc,phases   ] GC(849)   Evacuate Collection Set: 18.5ms
[2025-12-25T04:25:39.628+0000][gc,phases   ] GC(849)   Post Evacuate Collection Set: 1.2ms
[2025-12-25T04:25:39.628+0000][gc,phases   ] GC(849)   Other: 0.2ms
[2025-12-25T04:25:39.628+0000][gc,heap     ] GC(849) Eden regions: 517->0(519)
[2025-12-25T04:25:39.628+0000][gc,heap     ] GC(849) Survivor regions: 13->12(65)
[2025-12-25T04:25:39.628+0000][gc,heap     ] GC(849) Old regions: 278->278
[2025-12-25T04:25:39.628+0000][gc,heap     ] GC(849) Humongous regions: 151->151
[2025-12-25T04:25:39.628+0000][gc,metaspace] GC(849) Metaspace: 16594K(17024K)->16594K(17024K) NonClass: 14806K(14976K)->14806K(14976K) Class: 1788K(2048K)->1788K(2048K)
[2025-12-25T04:25:39.628+0000][gc          ] GC(849) Pause Young (Normal) (G1 Evacuation Pause) 957M->439M(1024M) 24.619ms
[2025-12-25T04:25:39.628+0000][gc,cpu      ] GC(849) User=0.17s Sys=0.00s Real=0.03s
[2025-12-25T04:26:09.434+0000][gc,start    ] GC(850) Pause Young (Normal) (G1 Evacuation Pause)
[2025-12-25T04:26:09.434+0000][gc,task     ] GC(850) Using 8 workers of 8 for evacuation
[2025-12-25T04:26:09.454+0000][gc,phases   ] GC(850)   Pre Evacuate Collection Set: 1.3ms
[2025-12-25T04:26:09.454+0000][gc,phases   ] GC(850)   Merge Heap Roots: 0.4ms
[2025-12-25T04:26:09.454+0000][gc,phases   ] GC(850)   Evacuate Collection Set: 16.0ms
[2025-12-25T04:26:09.454+0000][gc,phases   ] GC(850)   Post Evacuate Collection Set: 1.3ms
[2025-12-25T04:26:09.454+0000][gc,phases   ] GC(850)   Other: 0.2ms
[2025-12-25T04:26:09.454+0000][gc,heap     ] GC(850) Eden regions: 519->0(526)
[2025-12-25T04:26:09.454+0000][gc,heap     ] GC(850) Survivor regions: 12->8(64)
[2025-12-25T04:26:09.454+0000][gc,heap     ] GC(850) Old regions: 278->279
[2025-12-25T04:26:09.454+0000][gc,heap     ] GC(850) Humongous regions: 151->151
[2025-12-25T04:26:09.454+0000][gc,metaspace] GC(850) Metaspace: 16594K(17024K)->16594K(17024K) NonClass: 14806K(14976K)->14806K(14976K) Class: 1788K(2048K)->1788K(2048K)
[2025-12-25T04:26:09.454+0000][gc          ] GC(850) Pause Young (Normal) (G1 Evacuation Pause) 958M->436M(1024M) 20.161ms
[2025-12-25T04:26:09.454+0000][gc,cpu      ] GC(850) User=0.13s Sys=0.01s Real=0.02s
[2025-12-25T04:26:39.347+0000][gc,start    ] GC(851) Pause Young (Normal) (G1 Evacuation Pause)
[2025-12-25T04:26:39.348+0000][gc,task     ] GC(851) Using 8 workers of 8 for evacuation
[2025-12-25T04:26:39.370+0000][gc,phases   ] GC(851)   Pre Evacuate Collection Set: 3.2ms
[2025-12-25T04:26:39.371+0000][gc,phases   ] GC(851)   Merge Heap Roots: 1.8ms
[2025-12-25T04:26:39.371+0000][gc,phases   ] GC(851)   Evacuate Collection Set: 15.8ms
[2025-12-25T04:26:39.371+0000][gc,phases   ] GC(851)   Post Evacuate Collection Set: 1.6ms
[2025-12-25T04:26:39.371+0000][gc,phases   ] GC(851)   Other: 0.5ms
[2025-12-25T04:26:39.371+0000][gc,heap     ] GC(851) Eden regions: 526->0(525)
[2025-12-25T04:26:39.371+0000][gc,heap     ] GC(851) Survivor regions: 8->8(60)
[2025-12-25T04:26:39.371+0000][gc,heap     ] GC(851) Old regions: 279->280
[2025-12-25T04:26:39.371+0000][gc,heap     ] GC(851) Humongous regions: 151->151
[2025-12-25T04:26:39.371+0000][gc,metaspace] GC(851) Metaspace: 16596K(17024K)->16596K(17024K) NonClass: 14808K(14976K)->14808K(14976K) Class: 1788K(2048K)->1788K(2048K)
[2025-12-25T04:26:39.371+0000][gc          ] GC(851) Pause Young (Normal) (G1 Evacuation Pause) 962M->437M(1024M) 24.476ms
[2025-12-25T04:26:39.371+0000][gc,cpu      ] GC(851) User=0.16s Sys=0.00s Real=0.03s
[2025-12-25T04:27:09.190+0000][gc,start    ] GC(852) Pause Young (Normal) (G1 Evacuation Pause)
[2025-12-25T04:27:09.191+0000][gc,task     ] GC(852) Using 8 workers of 8 for evacuation
[2025-12-25T04:27:09.210+0000][gc,phases   ] GC(852)   Pre Evacuate Collection Set: 1.5ms
[2025-12-25T04:27:09.210+0000][gc,phases   ] GC(852)   Merge Heap Roots: 3.2ms
[2025-12-25T04:27:09.210+0000][gc,phases   ] GC(852)   Evacuate Collection Set: 12.0ms
[2025-12-25T04:27:09.210+0000][gc,phases   ] GC(852)   Post Evacuate Collection Set: 1.6ms
[2025-12-25T04:27:09.210+0000][gc,phases   ] GC(852)   Other: 0.6ms
[2025-12-25T04:27:09.210+0000][gc,heap     ] GC(852) Eden regions: 525->0(527)
[2025-12-25T04:27:09.210+0000][gc,heap     ] GC(852) Survivor regions: 8->7(60)
[2025-12-25T04:27:09.210+0000][gc,heap     ] GC(852) Old regions: 280->280
[2025-12-25T04:27:09.210+0000][gc,heap     ] GC(852) Humongous regions: 151->151
[2025-12-25T04:27:09.210+0000][gc,metaspace] GC(852) Metaspace: 16596K(17024K)->16596K(17024K) NonClass: 14808K(14976K)->14808K(14976K) Class: 1788K(2048K)->1788K(2048K)
[2025-12-25T04:27:09.210+0000][gc          ] GC(852) Pause Young (Normal) (G1 Evacuation Pause) 962M->437M(1024M) 20.090ms
[2025-12-25T04:27:09.210+0000][gc,cpu      ] GC(852) User=0.12s Sys=0.00s Real=0.02s
[2025-12-25T04:27:29.682+0000][gc,start    ] GC(853) Pause Young (Normal) (G1 Evacuation Pause)
[2025-12-25T04:27:29.683+0000][gc,task     ] GC(853) Using 8 workers of 8 for evacuation
[2025-12-25T04:27:29.706+0000][gc,phases   ] GC(853)   Pre Evacuate Collection Set: 4.2ms
[2025-12-25T04:27:29.706+0000][gc,phases   ] GC(853)   Merge Heap Roots: 0.5ms
[2025-12-25T04:27:29.706+0000][gc,phases   ] GC(853)   Evacuate Collection Set: 16.3ms
[2025-12-25T04:27:29.706+0000][gc,phases   ] GC(853)   Post Evacuate Collection Set: 1.2ms
[2025-12-25T04:27:29.706+0000][gc,phases   ] GC(853)   Other: 0.8ms
[2025-12-25T04:27:29.706+0000][gc,heap     ] GC(853) Eden regions: 527->0(522)
[2025-12-25T04:27:29.706+0000][gc,heap     ] GC(853) Survivor regions: 7->9(59)
[2025-12-25T04:27:29.706+0000][gc,heap     ] GC(853) Old regions: 280->281
[2025-12-25T04:27:29.706+0000][gc,heap     ] GC(853) Humongous regions: 151->151
[2025-12-25T04:27:29.706+0000][gc,metaspace] GC(853) Metaspace: 16596K(17024K)->16596K(17024K) NonClass: 14808K(14976K)->14808K(14976K) Class: 1788K(2048K)->1788K(2048K)
[2025-12-25T04:27:29.706+0000][gc          ] GC(853) Pause Young (Normal) (G1 Evacuation Pause) 964M->440M(1024M) 24.379ms
[2025-12-25T04:27:29.707+0000][gc,cpu      ] GC(853) User=0.15s Sys=0.00s Real=0.02s
[2025-12-25T04:27:59.730+0000][gc,start    ] GC(854) Pause Young (Normal) (G1 Evacuation Pause)
[2025-12-25T04:27:59.730+0000][gc,task     ] GC(854) Using 8 workers of 8 for evacuation
[2025-12-25T04:27:59.757+0000][gc,phases   ] GC(854)   Pre Evacuate Collection Set: 1.5ms
[2025-12-25T04:27:59.757+0000][gc,phases   ] GC(854)   Merge Heap Roots: 2.5ms
[2025-12-25T04:27:59.758+0000][gc,phases   ] GC(854)   Evacuate Collection Set: 21.3ms
[2025-12-25T04:27:59.758+0000][gc,phases   ] GC(854)   Post Evacuate Collection Set: 1.6ms
[2025-12-25T04:27:59.758+0000][gc,phases   ] GC(854)   Other: 0.3ms
[2025-12-25T04:27:59.758+0000][gc,heap     ] GC(854) Eden regions: 522->0(520)
[2025-12-25T04:27:59.758+0000][gc,heap     ] GC(854) Survivor regions: 9->10(61)
[2025-12-25T04:27:59.758+0000][gc,heap     ] GC(854) Old regions: 281->281
[2025-12-25T04:27:59.758+0000][gc,heap     ] GC(854) Humongous regions: 151->151
[2025-12-25T04:27:59.758+0000][gc,metaspace] GC(854) Metaspace: 16596K(17024K)->16596K(17024K) NonClass: 14808K(14976K)->14808K(14976K) Class: 1788K(2048K)->1788K(2048K)
[2025-12-25T04:27:59.758+0000][gc          ] GC(854) Pause Young (Normal) (G1 Evacuation Pause) 962M->441M(1024M) 28.470ms
[2025-12-25T04:27:59.758+0000][gc,cpu      ] GC(854) User=0.17s Sys=0.00s Real=0.02s
[2025-12-25T04:28:29.456+0000][gc,start    ] GC(855) Pause Young (Normal) (G1 Evacuation Pause)
[2025-12-25T04:28:29.457+0000][gc,task     ] GC(855) Using 8 workers of 8 for evacuation
[2025-12-25T04:28:29.476+0000][gc,phases   ] GC(855)   Pre Evacuate Collection Set: 1.9ms
[2025-12-25T04:28:29.476+0000][gc,phases   ] GC(855)   Merge Heap Roots: 0.5ms
[2025-12-25T04:28:29.476+0000][gc,phases   ] GC(855)   Evacuate Collection Set: 15.2ms
[2025-12-25T04:28:29.476+0000][gc,phases   ] GC(855)   Post Evacuate Collection Set: 1.3ms
[2025-12-25T04:28:29.476+0000][gc,phases   ] GC(855)   Other: 0.2ms
[2025-12-25T04:28:29.476+0000][gc,heap     ] GC(855) Eden regions: 520->0(519)
[2025-12-25T04:28:29.476+0000][gc,heap     ] GC(855) Survivor regions: 10->10(62)
[2025-12-25T04:28:29.476+0000][gc,heap     ] GC(855) Old regions: 281->282
[2025-12-25T04:28:29.476+0000][gc,heap     ] GC(855) Humongous regions: 151->151
[2025-12-25T04:28:29.476+0000][gc,metaspace] GC(855) Metaspace: 16596K(17024K)->16596K(17024K) NonClass: 14808K(14976K)->14808K(14976K) Class: 1788K(2048K)->1788K(2048K)
[2025-12-25T04:28:29.476+0000][gc          ] GC(855) Pause Young (Normal) (G1 Evacuation Pause) 961M->441M(1024M) 20.071ms
[2025-12-25T04:28:29.476+0000][gc,cpu      ] GC(855) User=0.11s Sys=0.00s Real=0.02s
[2025-12-25T04:28:59.366+0000][gc,start    ] GC(856) Pause Young (Normal) (G1 Evacuation Pause)
[2025-12-25T04:28:59.366+0000][gc,task     ] GC(856) Using 8 workers of 8 for evacuation
[2025-12-25T04:28:59.398+0000][gc,phases   ] GC(856)   Pre Evacuate Collection Set: 3.0ms
[2025-12-25T04:28:59.398+0000][gc,phases   ] GC(856)   Merge Heap Roots: 1.7ms
[2025-12-25T04:28:59.398+0000][gc,phases   ] GC(856)   Evacuate Collection Set: 24.9ms
[2025-12-25T04:28:59.399+0000][gc,phases   ] GC(856)   Post Evacuate Collection Set: 1.8ms
[2025-12-25T04:28:59.399+0000][gc,phases   ] GC(856)   Other: 0.3ms
[2025-12-25T04:28:59.399+0000][gc,heap     ] GC(856) Eden regions: 519->0(525)
[2025-12-25T04:28:59.399+0000][gc,heap     ] GC(856) Survivor regions: 10->7(62)
[2025-12-25T04:28:59.399+0000][gc,heap     ] GC(856) Old regions: 282->282
[2025-12-25T04:28:59.399+0000][gc,heap     ] GC(856) Humongous regions: 151->151
[2025-12-25T04:28:59.399+0000][gc,metaspace] GC(856) Metaspace: 16596K(17024K)->16596K(17024K) NonClass: 14808K(14976K)->14808K(14976K) Class: 1788K(2048K)->1788K(2048K)
[2025-12-25T04:28:59.399+0000][gc          ] GC(856) Pause Young (Normal) (G1 Evacuation Pause) 960M->438M(1024M) 33.201ms
[2025-12-25T04:28:59.399+0000][gc,cpu      ] GC(856) User=0.21s Sys=0.00s Real=0.03s
[2025-12-25T04:29:29.242+0000][gc,start    ] GC(857) Pause Young (Normal) (G1 Evacuation Pause)
[2025-12-25T04:29:29.244+0000][gc,task     ] GC(857) Using 8 workers of 8 for evacuation
[2025-12-25T04:29:29.262+0000][gc,phases   ] GC(857)   Pre Evacuate Collection Set: 6.5ms
[2025-12-25T04:29:29.262+0000][gc,phases   ] GC(857)   Merge Heap Roots: 0.4ms
[2025-12-25T04:29:29.262+0000][gc,phases   ] GC(857)   Evacuate Collection Set: 9.1ms
[2025-12-25T04:29:29.262+0000][gc,phases   ] GC(857)   Post Evacuate Collection Set: 1.4ms
[2025-12-25T04:29:29.263+0000][gc,phases   ] GC(857)   Other: 1.1ms
[2025-12-25T04:29:29.263+0000][gc,heap     ] GC(857) Eden regions: 525->0(525)
[2025-12-25T04:29:29.263+0000][gc,heap     ] GC(857) Survivor regions: 7->7(59)
[2025-12-25T04:29:29.263+0000][gc,heap     ] GC(857) Old regions: 282->282
[2025-12-25T04:29:29.263+0000][gc,heap     ] GC(857) Humongous regions: 151->151
[2025-12-25T04:29:29.263+0000][gc,metaspace] GC(857) Metaspace: 16596K(17024K)->16596K(17024K) NonClass: 14808K(14976K)->14808K(14976K) Class: 1788K(2048K)->1788K(2048K)
[2025-12-25T04:29:29.263+0000][gc          ] GC(857) Pause Young (Normal) (G1 Evacuation Pause) 963M->439M(1024M) 21.139ms
[2025-12-25T04:29:29.263+0000][gc,cpu      ] GC(857) User=0.11s Sys=0.00s Real=0.02s
[2025-12-25T04:29:59.090+0000][gc,start    ] GC(858) Pause Young (Normal) (G1 Evacuation Pause)
[2025-12-25T04:29:59.090+0000][gc,task     ] GC(858) Using 8 workers of 8 for evacuation
[2025-12-25T04:29:59.116+0000][gc,phases   ] GC(858)   Pre Evacuate Collection Set: 1.2ms
[2025-12-25T04:29:59.116+0000][gc,phases   ] GC(858)   Merge Heap Roots: 0.4ms
[2025-12-25T04:29:59.116+0000][gc,phases   ] GC(858)   Evacuate Collection Set: 22.1ms
[2025-12-25T04:29:59.116+0000][gc,phases   ] GC(858)   Post Evacuate Collection Set: 1.5ms
[2025-12-25T04:29:59.116+0000][gc,phases   ] GC(858)   Other: 0.4ms
[2025-12-25T04:29:59.116+0000][gc,heap     ] GC(858) Eden regions: 525->0(524)
[2025-12-25T04:29:59.116+0000][gc,heap     ] GC(858) Survivor regions: 7->7(59)
[2025-12-25T04:29:59.116+0000][gc,heap     ] GC(858) Old regions: 282->283
[2025-12-25T04:29:59.116+0000][gc,heap     ] GC(858) Humongous regions: 151->151
[2025-12-25T04:29:59.116+0000][gc,metaspace] GC(858) Metaspace: 16596K(17024K)->16596K(17024K) NonClass: 14808K(14976K)->14808K(14976K) Class: 1788K(2048K)->1788K(2048K)
[2025-12-25T04:29:59.116+0000][gc          ] GC(858) Pause Young (Normal) (G1 Evacuation Pause) 964M->439M(1024M) 26.822ms
[2025-12-25T04:29:59.116+0000][gc,cpu      ] GC(858) User=0.18s Sys=0.00s Real=0.02s
[2025-12-25T04:30:19.630+0000][gc,start    ] GC(859) Pause Young (Normal) (G1 Evacuation Pause)
[2025-12-25T04:30:19.631+0000][gc,task     ] GC(859) Using 8 workers of 8 for evacuation
[2025-12-25T04:30:19.651+0000][gc,phases   ] GC(859)   Pre Evacuate Collection Set: 1.8ms
[2025-12-25T04:30:19.651+0000][gc,phases   ] GC(859)   Merge Heap Roots: 1.2ms
[2025-12-25T04:30:19.651+0000][gc,phases   ] GC(859)   Evacuate Collection Set: 13.0ms
[2025-12-25T04:30:19.651+0000][gc,phases   ] GC(859)   Post Evacuate Collection Set: 3.2ms
[2025-12-25T04:30:19.651+0000][gc,phases   ] GC(859)   Other: 1.2ms
[2025-12-25T04:30:19.651+0000][gc,heap     ] GC(859) Eden regions: 524->0(520)
[2025-12-25T04:30:19.652+0000][gc,heap     ] GC(859) Survivor regions: 7->9(59)
[2025-12-25T04:30:19.652+0000][gc,heap     ] GC(859) Old regions: 283->283
[2025-12-25T04:30:19.652+0000][gc,heap     ] GC(859) Humongous regions: 151->151
[2025-12-25T04:30:19.652+0000][gc,metaspace] GC(859) Metaspace: 16596K(17024K)->16596K(17024K) NonClass: 14808K(14976K)->14808K(14976K) Class: 1788K(2048K)->1788K(2048K)
[2025-12-25T04:30:19.652+0000][gc          ] GC(859) Pause Young (Normal) (G1 Evacuation Pause) 963M->442M(1024M) 21.921ms
[2025-12-25T04:30:19.652+0000][gc,cpu      ] GC(859) User=0.12s Sys=0.01s Real=0.02s
[2025-12-25T04:30:49.470+0000][gc,start    ] GC(860) Pause Young (Normal) (G1 Evacuation Pause)
[2025-12-25T04:30:49.470+0000][gc,task     ] GC(860) Using 8 workers of 8 for evacuation
[2025-12-25T04:30:49.482+0000][gc,phases   ] GC(860)   Pre Evacuate Collection Set: 1.3ms
[2025-12-25T04:30:49.482+0000][gc,phases   ] GC(860)   Merge Heap Roots: 0.4ms
[2025-12-25T04:30:49.482+0000][gc,phases   ] GC(860)   Evacuate Collection Set: 8.9ms
[2025-12-25T04:30:49.482+0000][gc,phases   ] GC(860)   Post Evacuate Collection Set: 1.0ms
[2025-12-25T04:30:49.482+0000][gc,phases   ] GC(860)   Other: 0.3ms
[2025-12-25T04:30:49.482+0000][gc,heap     ] GC(860) Eden regions: 520->0(518)
[2025-12-25T04:30:49.483+0000][gc,heap     ] GC(860) Survivor regions: 9->10(61)
[2025-12-25T04:30:49.483+0000][gc,heap     ] GC(860) Old regions: 283->283
[2025-12-25T04:30:49.483+0000][gc,heap     ] GC(860) Humongous regions: 151->151
[2025-12-25T04:30:49.483+0000][gc,metaspace] GC(860) Metaspace: 16596K(17024K)->16596K(17024K) NonClass: 14808K(14976K)->14808K(14976K) Class: 1788K(2048K)->1788K(2048K)
[2025-12-25T04:30:49.483+0000][gc          ] GC(860) Pause Young (Normal) (G1 Evacuation Pause) 962M->442M(1024M) 13.059ms
[2025-12-25T04:30:49.483+0000][gc,cpu      ] GC(860) User=0.08s Sys=0.00s Real=0.01s
[2025-12-25T04:31:19.363+0000][gc,start    ] GC(861) Pause Young (Normal) (G1 Evacuation Pause)
[2025-12-25T04:31:19.363+0000][gc,task     ] GC(861) Using 8 workers of 8 for evacuation
[2025-12-25T04:31:19.384+0000][gc,phases   ] GC(861)   Pre Evacuate Collection Set: 1.2ms
[2025-12-25T04:31:19.384+0000][gc,phases   ] GC(861)   Merge Heap Roots: 0.4ms
[2025-12-25T04:31:19.384+0000][gc,phases   ] GC(861)   Evacuate Collection Set: 18.1ms
[2025-12-25T04:31:19.385+0000][gc,phases   ] GC(861)   Post Evacuate Collection Set: 1.4ms
[2025-12-25T04:31:19.385+0000][gc,phases   ] GC(861)   Other: 0.2ms
[2025-12-25T04:31:19.385+0000][gc,heap     ] GC(861) Eden regions: 518->0(517)
[2025-12-25T04:31:19.385+0000][gc,heap     ] GC(861) Survivor regions: 10->10(62)
[2025-12-25T04:31:19.385+0000][gc,heap     ] GC(861) Old regions: 283->284
[2025-12-25T04:31:19.385+0000][gc,heap     ] GC(861) Humongous regions: 151->151
[2025-12-25T04:31:19.385+0000][gc,metaspace] GC(861) Metaspace: 16596K(17024K)->16596K(17024K) NonClass: 14808K(14976K)->14808K(14976K) Class: 1788K(2048K)->1788K(2048K)
[2025-12-25T04:31:19.385+0000][gc          ] GC(861) Pause Young (Normal) (G1 Evacuation Pause) 960M->443M(1024M) 22.429ms
[2025-12-25T04:31:19.385+0000][gc,cpu      ] GC(861) User=0.14s Sys=0.00s Real=0.02s
[2025-12-25T04:31:49.252+0000][gc,start    ] GC(862) Pause Young (Normal) (G1 Evacuation Pause)
[2025-12-25T04:31:49.253+0000][gc,task     ] GC(862) Using 8 workers of 8 for evacuation
[2025-12-25T04:31:49.275+0000][gc,phases   ] GC(862)   Pre Evacuate Collection Set: 1.2ms
[2025-12-25T04:31:49.275+0000][gc,phases   ] GC(862)   Merge Heap Roots: 0.7ms
[2025-12-25T04:31:49.276+0000][gc,phases   ] GC(862)   Evacuate Collection Set: 18.3ms
[2025-12-25T04:31:49.276+0000][gc,phases   ] GC(862)   Post Evacuate Collection Set: 2.3ms
[2025-12-25T04:31:49.276+0000][gc,phases   ] GC(862)   Other: 0.2ms
[2025-12-25T04:31:49.276+0000][gc,heap     ] GC(862) Eden regions: 517->0(525)
[2025-12-25T04:31:49.276+0000][gc,heap     ] GC(862) Survivor regions: 10->6(62)
[2025-12-25T04:31:49.276+0000][gc,heap     ] GC(862) Old regions: 284->284
[2025-12-25T04:31:49.276+0000][gc,heap     ] GC(862) Humongous regions: 151->151
[2025-12-25T04:31:49.276+0000][gc,metaspace] GC(862) Metaspace: 16596K(17024K)->16596K(17024K) NonClass: 14808K(14976K)->14808K(14976K) Class: 1788K(2048K)->1788K(2048K)
[2025-12-25T04:31:49.276+0000][gc          ] GC(862) Pause Young (Normal) (G1 Evacuation Pause) 960M->440M(1024M) 23.897ms
[2025-12-25T04:31:49.276+0000][gc,cpu      ] GC(862) User=0.15s Sys=0.00s Real=0.02s
[2025-12-25T04:32:19.146+0000][gc,start    ] GC(863) Pause Young (Normal) (G1 Evacuation Pause)
[2025-12-25T04:32:19.151+0000][gc,task     ] GC(863) Using 8 workers of 8 for evacuation
[2025-12-25T04:32:19.183+0000][gc,phases   ] GC(863)   Pre Evacuate Collection Set: 1.8ms
[2025-12-25T04:32:19.185+0000][gc,phases   ] GC(863)   Merge Heap Roots: 0.5ms
[2025-12-25T04:32:19.185+0000][gc,phases   ] GC(863)   Evacuate Collection Set: 24.5ms
[2025-12-25T04:32:19.186+0000][gc,phases   ] GC(863)   Post Evacuate Collection Set: 4.5ms
[2025-12-25T04:32:19.186+0000][gc,phases   ] GC(863)   Other: 3.5ms
[2025-12-25T04:32:19.187+0000][gc,heap     ] GC(863) Eden regions: 525->0(523)
[2025-12-25T04:32:19.190+0000][gc,heap     ] GC(863) Survivor regions: 6->7(58)
[2025-12-25T04:32:19.191+0000][gc,heap     ] GC(863) Old regions: 284->284
[2025-12-25T04:32:19.191+0000][gc,heap     ] GC(863) Humongous regions: 151->151
[2025-12-25T04:32:19.193+0000][gc,metaspace] GC(863) Metaspace: 16596K(17024K)->16596K(17024K) NonClass: 14808K(14976K)->14808K(14976K) Class: 1788K(2048K)->1788K(2048K)
[2025-12-25T04:32:19.194+0000][gc          ] GC(863) Pause Young (Normal) (G1 Evacuation Pause) 965M->440M(1024M) 48.216ms
[2025-12-25T04:32:19.195+0000][gc,cpu      ] GC(863) User=0.13s Sys=0.02s Real=0.05s
[2025-12-25T04:32:39.929+0000][gc,start    ] GC(864) Pause Young (Normal) (G1 Evacuation Pause)
[2025-12-25T04:32:39.930+0000][gc,task     ] GC(864) Using 8 workers of 8 for evacuation
[2025-12-25T04:32:39.945+0000][gc,phases   ] GC(864)   Pre Evacuate Collection Set: 1.3ms
[2025-12-25T04:32:39.945+0000][gc,phases   ] GC(864)   Merge Heap Roots: 0.4ms
[2025-12-25T04:32:39.945+0000][gc,phases   ] GC(864)   Evacuate Collection Set: 11.1ms
[2025-12-25T04:32:39.946+0000][gc,phases   ] GC(864)   Post Evacuate Collection Set: 1.6ms
[2025-12-25T04:32:39.946+0000][gc,phases   ] GC(864)   Other: 0.6ms
[2025-12-25T04:32:39.946+0000][gc,heap     ] GC(864) Eden regions: 523->0(519)
[2025-12-25T04:32:39.946+0000][gc,heap     ] GC(864) Survivor regions: 7->9(59)
[2025-12-25T04:32:39.946+0000][gc,heap     ] GC(864) Old regions: 284->284
[2025-12-25T04:32:39.946+0000][gc,heap     ] GC(864) Humongous regions: 151->151
[2025-12-25T04:32:39.947+0000][gc,metaspace] GC(864) Metaspace: 16596K(17024K)->16596K(17024K) NonClass: 14808K(14976K)->14808K(14976K) Class: 1788K(2048K)->1788K(2048K)
[2025-12-25T04:32:39.947+0000][gc          ] GC(864) Pause Young (Normal) (G1 Evacuation Pause) 963M->443M(1024M) 17.487ms
[2025-12-25T04:32:39.947+0000][gc,cpu      ] GC(864) User=0.07s Sys=0.01s Real=0.02s
[2025-12-25T04:33:09.658+0000][gc,start    ] GC(865) Pause Young (Normal) (G1 Evacuation Pause)
[2025-12-25T04:33:09.659+0000][gc,task     ] GC(865) Using 8 workers of 8 for evacuation
[2025-12-25T04:33:09.679+0000][gc,phases   ] GC(865)   Pre Evacuate Collection Set: 1.1ms
[2025-12-25T04:33:09.679+0000][gc,phases   ] GC(865)   Merge Heap Roots: 1.4ms
[2025-12-25T04:33:09.679+0000][gc,phases   ] GC(865)   Evacuate Collection Set: 15.8ms
[2025-12-25T04:33:09.679+0000][gc,phases   ] GC(865)   Post Evacuate Collection Set: 1.3ms
[2025-12-25T04:33:09.679+0000][gc,phases   ] GC(865)   Other: 0.5ms
[2025-12-25T04:33:09.679+0000][gc,heap     ] GC(865) Eden regions: 519->0(518)
[2025-12-25T04:33:09.679+0000][gc,heap     ] GC(865) Survivor regions: 9->9(61)
[2025-12-25T04:33:09.679+0000][gc,heap     ] GC(865) Old regions: 284->285
[2025-12-25T04:33:09.679+0000][gc,heap     ] GC(865) Humongous regions: 151->151
[2025-12-25T04:33:09.680+0000][gc,metaspace] GC(865) Metaspace: 16596K(17024K)->16596K(17024K) NonClass: 14808K(14976K)->14808K(14976K) Class: 1788K(2048K)->1788K(2048K)
[2025-12-25T04:33:09.680+0000][gc          ] GC(865) Pause Young (Normal) (G1 Evacuation Pause) 962M->443M(1024M) 21.444ms
[2025-12-25T04:33:09.680+0000][gc,cpu      ] GC(865) User=0.14s Sys=0.00s Real=0.03s
[2025-12-25T04:33:39.415+0000][gc,start    ] GC(866) Pause Young (Normal) (G1 Evacuation Pause)
[2025-12-25T04:33:39.415+0000][gc,task     ] GC(866) Using 8 workers of 8 for evacuation
[2025-12-25T04:33:39.438+0000][gc,phases   ] GC(866)   Pre Evacuate Collection Set: 1.3ms
[2025-12-25T04:33:39.438+0000][gc,phases   ] GC(866)   Merge Heap Roots: 0.4ms
[2025-12-25T04:33:39.438+0000][gc,phases   ] GC(866)   Evacuate Collection Set: 18.2ms
[2025-12-25T04:33:39.438+0000][gc,phases   ] GC(866)   Post Evacuate Collection Set: 2.1ms
[2025-12-25T04:33:39.438+0000][gc,phases   ] GC(866)   Other: 0.4ms
[2025-12-25T04:33:39.438+0000][gc,heap     ] GC(866) Eden regions: 518->0(518)
[2025-12-25T04:33:39.438+0000][gc,heap     ] GC(866) Survivor regions: 9->9(61)
[2025-12-25T04:33:39.438+0000][gc,heap     ] GC(866) Old regions: 285->285
[2025-12-25T04:33:39.438+0000][gc,heap     ] GC(866) Humongous regions: 151->151
[2025-12-25T04:33:39.438+0000][gc,metaspace] GC(866) Metaspace: 16596K(17024K)->16596K(17024K) NonClass: 14808K(14976K)->14808K(14976K) Class: 1788K(2048K)->1788K(2048K)
[2025-12-25T04:33:39.439+0000][gc          ] GC(866) Pause Young (Normal) (G1 Evacuation Pause) 961M->443M(1024M) 23.844ms
[2025-12-25T04:33:39.439+0000][gc,cpu      ] GC(866) User=0.15s Sys=0.00s Real=0.03s
[2025-12-25T04:34:09.261+0000][gc,start    ] GC(867) Pause Young (Normal) (G1 Evacuation Pause)
[2025-12-25T04:34:09.262+0000][gc,task     ] GC(867) Using 8 workers of 8 for evacuation
[2025-12-25T04:34:09.286+0000][gc,phases   ] GC(867)   Pre Evacuate Collection Set: 1.2ms
[2025-12-25T04:34:09.287+0000][gc,phases   ] GC(867)   Merge Heap Roots: 0.4ms
[2025-12-25T04:34:09.287+0000][gc,phases   ] GC(867)   Evacuate Collection Set: 21.6ms
[2025-12-25T04:34:09.287+0000][gc,phases   ] GC(867)   Post Evacuate Collection Set: 1.1ms
[2025-12-25T04:34:09.287+0000][gc,phases   ] GC(867)   Other: 0.2ms
[2025-12-25T04:34:09.287+0000][gc,heap     ] GC(867) Eden regions: 518->0(518)
[2025-12-25T04:34:09.287+0000][gc,heap     ] GC(867) Survivor regions: 9->9(61)
[2025-12-25T04:34:09.287+0000][gc,heap     ] GC(867) Old regions: 285->285
[2025-12-25T04:34:09.287+0000][gc,heap     ] GC(867) Humongous regions: 151->151
[2025-12-25T04:34:09.287+0000][gc,metaspace] GC(867) Metaspace: 16596K(17024K)->16596K(17024K) NonClass: 14808K(14976K)->14808K(14976K) Class: 1788K(2048K)->1788K(2048K)
[2025-12-25T04:34:09.287+0000][gc          ] GC(867) Pause Young (Normal) (G1 Evacuation Pause) 961M->444M(1024M) 26.063ms
[2025-12-25T04:34:09.287+0000][gc,cpu      ] GC(867) User=0.17s Sys=0.00s Real=0.02s
[2025-12-25T04:34:33.589+0000][gc,start    ] GC(868) Pause Young (Normal) (G1 Evacuation Pause)
[2025-12-25T04:34:33.590+0000][gc,task     ] GC(868) Using 8 workers of 8 for evacuation
[2025-12-25T04:34:33.632+0000][gc,phases   ] GC(868)   Pre Evacuate Collection Set: 1.5ms
[2025-12-25T04:34:33.632+0000][gc,phases   ] GC(868)   Merge Heap Roots: 0.6ms
[2025-12-25T04:34:33.632+0000][gc,phases   ] GC(868)   Evacuate Collection Set: 32.4ms
[2025-12-25T04:34:33.633+0000][gc,phases   ] GC(868)   Post Evacuate Collection Set: 6.7ms
[2025-12-25T04:34:33.633+0000][gc,phases   ] GC(868)   Other: 0.5ms
[2025-12-25T04:34:33.633+0000][gc,heap     ] GC(868) Eden regions: 518->0(524)
[2025-12-25T04:34:33.633+0000][gc,heap     ] GC(868) Survivor regions: 9->6(61)
[2025-12-25T04:34:33.633+0000][gc,heap     ] GC(868) Old regions: 285->285
[2025-12-25T04:34:33.633+0000][gc,heap     ] GC(868) Humongous regions: 151->151
[2025-12-25T04:34:33.633+0000][gc,metaspace] GC(868) Metaspace: 16596K(17024K)->16596K(17024K) NonClass: 14808K(14976K)->14808K(14976K) Class: 1788K(2048K)->1788K(2048K)
[2025-12-25T04:34:33.633+0000][gc          ] GC(868) Pause Young (Normal) (G1 Evacuation Pause) 962M->441M(1024M) 43.609ms
[2025-12-25T04:34:33.633+0000][gc,cpu      ] GC(868) User=0.23s Sys=0.01s Real=0.04s
[2025-12-25T04:34:59.629+0000][gc,start    ] GC(869) Pause Young (Normal) (G1 Evacuation Pause)
[2025-12-25T04:34:59.630+0000][gc,task     ] GC(869) Using 8 workers of 8 for evacuation
[2025-12-25T04:34:59.652+0000][gc,phases   ] GC(869)   Pre Evacuate Collection Set: 2.6ms
[2025-12-25T04:34:59.653+0000][gc,phases   ] GC(869)   Merge Heap Roots: 1.5ms
[2025-12-25T04:34:59.653+0000][gc,phases   ] GC(869)   Evacuate Collection Set: 16.2ms
[2025-12-25T04:34:59.653+0000][gc,phases   ] GC(869)   Post Evacuate Collection Set: 1.6ms
[2025-12-25T04:34:59.653+0000][gc,phases   ] GC(869)   Other: 0.8ms
[2025-12-25T04:34:59.653+0000][gc,heap     ] GC(869) Eden regions: 524->0(519)
[2025-12-25T04:34:59.653+0000][gc,heap     ] GC(869) Survivor regions: 6->8(58)
[2025-12-25T04:34:59.653+0000][gc,heap     ] GC(869) Old regions: 285->286
[2025-12-25T04:34:59.653+0000][gc,heap     ] GC(869) Humongous regions: 151->151
[2025-12-25T04:34:59.653+0000][gc,metaspace] GC(869) Metaspace: 16596K(17024K)->16596K(17024K) NonClass: 14808K(14976K)->14808K(14976K) Class: 1788K(2048K)->1788K(2048K)
[2025-12-25T04:34:59.653+0000][gc          ] GC(869) Pause Young (Normal) (G1 Evacuation Pause) 965M->444M(1024M) 23.932ms
[2025-12-25T04:34:59.653+0000][gc,cpu      ] GC(869) User=0.15s Sys=0.01s Real=0.03s
[2025-12-25T04:35:29.535+0000][gc,start    ] GC(870) Pause Young (Normal) (G1 Evacuation Pause)
[2025-12-25T04:35:29.536+0000][gc,task     ] GC(870) Using 8 workers of 8 for evacuation
[2025-12-25T04:35:29.553+0000][gc,phases   ] GC(870)   Pre Evacuate Collection Set: 1.4ms
[2025-12-25T04:35:29.553+0000][gc,phases   ] GC(870)   Merge Heap Roots: 0.3ms
[2025-12-25T04:35:29.553+0000][gc,phases   ] GC(870)   Evacuate Collection Set: 12.0ms
[2025-12-25T04:35:29.553+0000][gc,phases   ] GC(870)   Post Evacuate Collection Set: 2.7ms
[2025-12-25T04:35:29.553+0000][gc,phases   ] GC(870)   Other: 0.2ms
[2025-12-25T04:35:29.553+0000][gc,heap     ] GC(870) Eden regions: 519->0(519)
[2025-12-25T04:35:29.553+0000][gc,heap     ] GC(870) Survivor regions: 8->8(60)
[2025-12-25T04:35:29.553+0000][gc,heap     ] GC(870) Old regions: 286->286
[2025-12-25T04:35:29.553+0000][gc,heap     ] GC(870) Humongous regions: 151->151
[2025-12-25T04:35:29.553+0000][gc,metaspace] GC(870) Metaspace: 16597K(17024K)->16597K(17024K) NonClass: 14808K(14976K)->14808K(14976K) Class: 1788K(2048K)->1788K(2048K)
[2025-12-25T04:35:29.554+0000][gc          ] GC(870) Pause Young (Normal) (G1 Evacuation Pause) 963M->444M(1024M) 18.124ms
[2025-12-25T04:35:29.554+0000][gc,cpu      ] GC(870) User=0.11s Sys=0.00s Real=0.02s
[2025-12-25T04:35:59.353+0000][gc,start    ] GC(871) Pause Young (Normal) (G1 Evacuation Pause)
[2025-12-25T04:35:59.354+0000][gc,task     ] GC(871) Using 8 workers of 8 for evacuation
[2025-12-25T04:35:59.370+0000][gc,phases   ] GC(871)   Pre Evacuate Collection Set: 1.4ms
[2025-12-25T04:35:59.370+0000][gc,phases   ] GC(871)   Merge Heap Roots: 0.4ms
[2025-12-25T04:35:59.371+0000][gc,phases   ] GC(871)   Evacuate Collection Set: 13.4ms
[2025-12-25T04:35:59.371+0000][gc,phases   ] GC(871)   Post Evacuate Collection Set: 1.3ms
[2025-12-25T04:35:59.371+0000][gc,phases   ] GC(871)   Other: 0.3ms
[2025-12-25T04:35:59.371+0000][gc,heap     ] GC(871) Eden regions: 519->0(519)
[2025-12-25T04:35:59.371+0000][gc,heap     ] GC(871) Survivor regions: 8->8(60)
[2025-12-25T04:35:59.371+0000][gc,heap     ] GC(871) Old regions: 286->286
[2025-12-25T04:35:59.371+0000][gc,heap     ] GC(871) Humongous regions: 151->151
[2025-12-25T04:35:59.371+0000][gc,metaspace] GC(871) Metaspace: 16597K(17024K)->16597K(17024K) NonClass: 14808K(14976K)->14808K(14976K) Class: 1788K(2048K)->1788K(2048K)
[2025-12-25T04:35:59.371+0000][gc          ] GC(871) Pause Young (Normal) (G1 Evacuation Pause) 963M->444M(1024M) 18.131ms
[2025-12-25T04:35:59.371+0000][gc,cpu      ] GC(871) User=0.10s Sys=0.01s Real=0.02s
[2025-12-25T04:36:29.269+0000][gc,start    ] GC(872) Pause Young (Normal) (G1 Evacuation Pause)
[2025-12-25T04:36:29.269+0000][gc,task     ] GC(872) Using 8 workers of 8 for evacuation
[2025-12-25T04:36:29.283+0000][gc,phases   ] GC(872)   Pre Evacuate Collection Set: 1.1ms
[2025-12-25T04:36:29.283+0000][gc,phases   ] GC(872)   Merge Heap Roots: 0.3ms
[2025-12-25T04:36:29.283+0000][gc,phases   ] GC(872)   Evacuate Collection Set: 11.0ms
[2025-12-25T04:36:29.283+0000][gc,phases   ] GC(872)   Post Evacuate Collection Set: 1.2ms
[2025-12-25T04:36:29.283+0000][gc,phases   ] GC(872)   Other: 0.3ms
[2025-12-25T04:36:29.283+0000][gc,heap     ] GC(872) Eden regions: 519->0(516)
[2025-12-25T04:36:29.283+0000][gc,heap     ] GC(872) Survivor regions: 8->9(60)
[2025-12-25T04:36:29.283+0000][gc,heap     ] GC(872) Old regions: 286->287
[2025-12-25T04:36:29.283+0000][gc,heap     ] GC(872) Humongous regions: 151->151
[2025-12-25T04:36:29.283+0000][gc,metaspace] GC(872) Metaspace: 16597K(17024K)->16597K(17024K) NonClass: 14808K(14976K)->14808K(14976K) Class: 1788K(2048K)->1788K(2048K)
[2025-12-25T04:36:29.284+0000][gc          ] GC(872) Pause Young (Normal) (G1 Evacuation Pause) 963M->445M(1024M) 15.128ms
[2025-12-25T04:36:29.284+0000][gc,cpu      ] GC(872) User=0.09s Sys=0.00s Real=0.02s
[2025-12-25T04:36:49.673+0000][gc,start    ] GC(873) Pause Young (Normal) (G1 Evacuation Pause)
[2025-12-25T04:36:49.673+0000][gc,task     ] GC(873) Using 8 workers of 8 for evacuation
[2025-12-25T04:36:49.692+0000][gc,phases   ] GC(873)   Pre Evacuate Collection Set: 2.2ms
[2025-12-25T04:36:49.692+0000][gc,phases   ] GC(873)   Merge Heap Roots: 3.6ms
[2025-12-25T04:36:49.692+0000][gc,phases   ] GC(873)   Evacuate Collection Set: 10.6ms
[2025-12-25T04:36:49.692+0000][gc,phases   ] GC(873)   Post Evacuate Collection Set: 2.0ms
[2025-12-25T04:36:49.692+0000][gc,phases   ] GC(873)   Other: 0.3ms
[2025-12-25T04:36:49.692+0000][gc,heap     ] GC(873) Eden regions: 516->0(514)
[2025-12-25T04:36:49.692+0000][gc,heap     ] GC(873) Survivor regions: 9->10(61)
[2025-12-25T04:36:49.692+0000][gc,heap     ] GC(873) Old regions: 287->287
[2025-12-25T04:36:49.692+0000][gc,heap     ] GC(873) Humongous regions: 151->151
[2025-12-25T04:36:49.692+0000][gc,metaspace] GC(873) Metaspace: 16597K(17024K)->16597K(17024K) NonClass: 14808K(14976K)->14808K(14976K) Class: 1788K(2048K)->1788K(2048K)
[2025-12-25T04:36:49.693+0000][gc          ] GC(873) Pause Young (Normal) (G1 Evacuation Pause) 961M->447M(1024M) 19.935ms
[2025-12-25T04:36:49.693+0000][gc,cpu      ] GC(873) User=0.10s Sys=0.00s Real=0.02s
[2025-12-25T04:37:19.550+0000][gc,start    ] GC(874) Pause Young (Normal) (G1 Evacuation Pause)
[2025-12-25T04:37:19.552+0000][gc,task     ] GC(874) Using 8 workers of 8 for evacuation
[2025-12-25T04:37:19.565+0000][gc,phases   ] GC(874)   Pre Evacuate Collection Set: 1.0ms
[2025-12-25T04:37:19.565+0000][gc,phases   ] GC(874)   Merge Heap Roots: 0.3ms
[2025-12-25T04:37:19.565+0000][gc,phases   ] GC(874)   Evacuate Collection Set: 10.7ms
[2025-12-25T04:37:19.565+0000][gc,phases   ] GC(874)   Post Evacuate Collection Set: 1.0ms
[2025-12-25T04:37:19.565+0000][gc,phases   ] GC(874)   Other: 0.2ms
[2025-12-25T04:37:19.565+0000][gc,heap     ] GC(874) Eden regions: 514->0(518)
[2025-12-25T04:37:19.565+0000][gc,heap     ] GC(874) Survivor regions: 10->8(62)
[2025-12-25T04:37:19.565+0000][gc,heap     ] GC(874) Old regions: 287->287
[2025-12-25T04:37:19.565+0000][gc,heap     ] GC(874) Humongous regions: 151->151
[2025-12-25T04:37:19.565+0000][gc,metaspace] GC(874) Metaspace: 16597K(17024K)->16597K(17024K) NonClass: 14808K(14976K)->14808K(14976K) Class: 1788K(2048K)->1788K(2048K)
[2025-12-25T04:37:19.565+0000][gc          ] GC(874) Pause Young (Normal) (G1 Evacuation Pause) 961M->444M(1024M) 14.878ms
[2025-12-25T04:37:19.565+0000][gc,cpu      ] GC(874) User=0.08s Sys=0.01s Real=0.01s
[2025-12-25T04:37:49.424+0000][gc,start    ] GC(875) Pause Young (Normal) (G1 Evacuation Pause)
[2025-12-25T04:37:49.424+0000][gc,task     ] GC(875) Using 8 workers of 8 for evacuation
[2025-12-25T04:37:49.438+0000][gc,phases   ] GC(875)   Pre Evacuate Collection Set: 1.1ms
[2025-12-25T04:37:49.438+0000][gc,phases   ] GC(875)   Merge Heap Roots: 0.3ms
[2025-12-25T04:37:49.438+0000][gc,phases   ] GC(875)   Evacuate Collection Set: 10.8ms
[2025-12-25T04:37:49.438+0000][gc,phases   ] GC(875)   Post Evacuate Collection Set: 1.1ms
[2025-12-25T04:37:49.438+0000][gc,phases   ] GC(875)   Other: 0.2ms
[2025-12-25T04:37:49.438+0000][gc,heap     ] GC(875) Eden regions: 518->0(519)
[2025-12-25T04:37:49.438+0000][gc,heap     ] GC(875) Survivor regions: 8->7(60)
[2025-12-25T04:37:49.438+0000][gc,heap     ] GC(875) Old regions: 287->288
[2025-12-25T04:37:49.438+0000][gc,heap     ] GC(875) Humongous regions: 151->151
[2025-12-25T04:37:49.438+0000][gc,metaspace] GC(875) Metaspace: 16597K(17024K)->16597K(17024K) NonClass: 14808K(14976K)->14808K(14976K) Class: 1788K(2048K)->1788K(2048K)
[2025-12-25T04:37:49.438+0000][gc          ] GC(875) Pause Young (Normal) (G1 Evacuation Pause) 962M->445M(1024M) 14.545ms
[2025-12-25T04:37:49.438+0000][gc,cpu      ] GC(875) User=0.09s Sys=0.00s Real=0.01s
[2025-12-25T04:38:19.304+0000][gc,start    ] GC(876) Pause Young (Normal) (G1 Evacuation Pause)
[2025-12-25T04:38:19.304+0000][gc,task     ] GC(876) Using 8 workers of 8 for evacuation
[2025-12-25T04:38:19.324+0000][gc,phases   ] GC(876)   Pre Evacuate Collection Set: 2.5ms
[2025-12-25T04:38:19.324+0000][gc,phases   ] GC(876)   Merge Heap Roots: 1.3ms
[2025-12-25T04:38:19.324+0000][gc,phases   ] GC(876)   Evacuate Collection Set: 14.3ms
[2025-12-25T04:38:19.324+0000][gc,phases   ] GC(876)   Post Evacuate Collection Set: 1.4ms
[2025-12-25T04:38:19.324+0000][gc,phases   ] GC(876)   Other: 0.3ms
[2025-12-25T04:38:19.324+0000][gc,heap     ] GC(876) Eden regions: 519->0(517)
[2025-12-25T04:38:19.324+0000][gc,heap     ] GC(876) Survivor regions: 7->8(59)
[2025-12-25T04:38:19.325+0000][gc,heap     ] GC(876) Old regions: 288->288
[2025-12-25T04:38:19.325+0000][gc,heap     ] GC(876) Humongous regions: 151->151
[2025-12-25T04:38:19.325+0000][gc,metaspace] GC(876) Metaspace: 16597K(17024K)->16597K(17024K) NonClass: 14809K(14976K)->14809K(14976K) Class: 1788K(2048K)->1788K(2048K)
[2025-12-25T04:38:19.325+0000][gc          ] GC(876) Pause Young (Normal) (G1 Evacuation Pause) 964M->445M(1024M) 21.177ms
[2025-12-25T04:38:19.325+0000][gc,cpu      ] GC(876) User=0.13s Sys=0.00s Real=0.02s
[2025-12-25T04:38:49.183+0000][gc,start    ] GC(877) Pause Young (Normal) (G1 Evacuation Pause)
[2025-12-25T04:38:49.183+0000][gc,task     ] GC(877) Using 8 workers of 8 for evacuation
[2025-12-25T04:38:49.204+0000][gc,phases   ] GC(877)   Pre Evacuate Collection Set: 1.3ms
[2025-12-25T04:38:49.204+0000][gc,phases   ] GC(877)   Merge Heap Roots: 0.4ms
[2025-12-25T04:38:49.204+0000][gc,phases   ] GC(877)   Evacuate Collection Set: 17.4ms
[2025-12-25T04:38:49.204+0000][gc,phases   ] GC(877)   Post Evacuate Collection Set: 1.3ms
[2025-12-25T04:38:49.204+0000][gc,phases   ] GC(877)   Other: 0.5ms
[2025-12-25T04:38:49.204+0000][gc,heap     ] GC(877) Eden regions: 517->0(519)
[2025-12-25T04:38:49.205+0000][gc,heap     ] GC(877) Survivor regions: 8->7(60)
[2025-12-25T04:38:49.205+0000][gc,heap     ] GC(877) Old regions: 288->288
[2025-12-25T04:38:49.205+0000][gc,heap     ] GC(877) Humongous regions: 151->151
[2025-12-25T04:38:49.205+0000][gc,metaspace] GC(877) Metaspace: 16597K(17024K)->16597K(17024K) NonClass: 14809K(14976K)->14809K(14976K) Class: 1788K(2048K)->1788K(2048K)
[2025-12-25T04:38:49.205+0000][gc          ] GC(877) Pause Young (Normal) (G1 Evacuation Pause) 962M->445M(1024M) 22.126ms
[2025-12-25T04:38:49.205+0000][gc,cpu      ] GC(877) User=0.15s Sys=0.00s Real=0.02s
[2025-12-25T04:39:09.778+0000][gc,start    ] GC(878) Pause Young (Normal) (G1 Evacuation Pause)
[2025-12-25T04:39:09.778+0000][gc,task     ] GC(878) Using 8 workers of 8 for evacuation
[2025-12-25T04:39:09.793+0000][gc,phases   ] GC(878)   Pre Evacuate Collection Set: 1.1ms
[2025-12-25T04:39:09.794+0000][gc,phases   ] GC(878)   Merge Heap Roots: 0.3ms
[2025-12-25T04:39:09.794+0000][gc,phases   ] GC(878)   Evacuate Collection Set: 11.9ms
[2025-12-25T04:39:09.794+0000][gc,phases   ] GC(878)   Post Evacuate Collection Set: 1.3ms
[2025-12-25T04:39:09.794+0000][gc,phases   ] GC(878)   Other: 0.3ms
[2025-12-25T04:39:09.794+0000][gc,heap     ] GC(878) Eden regions: 519->0(513)
[2025-12-25T04:39:09.794+0000][gc,heap     ] GC(878) Survivor regions: 7->10(59)
[2025-12-25T04:39:09.794+0000][gc,heap     ] GC(878) Old regions: 288->288
[2025-12-25T04:39:09.794+0000][gc,heap     ] GC(878) Humongous regions: 151->151
[2025-12-25T04:39:09.794+0000][gc,metaspace] GC(878) Metaspace: 16597K(17024K)->16597K(17024K) NonClass: 14809K(14976K)->14809K(14976K) Class: 1788K(2048K)->1788K(2048K)
[2025-12-25T04:39:09.794+0000][gc          ] GC(878) Pause Young (Normal) (G1 Evacuation Pause) 964M->448M(1024M) 16.305ms
[2025-12-25T04:39:09.794+0000][gc,cpu      ] GC(878) User=0.10s Sys=0.01s Real=0.02s
[2025-12-25T04:39:39.570+0000][gc,start    ] GC(879) Pause Young (Normal) (G1 Evacuation Pause)
[2025-12-25T04:39:39.570+0000][gc,task     ] GC(879) Using 8 workers of 8 for evacuation
[2025-12-25T04:39:39.585+0000][gc,phases   ] GC(879)   Pre Evacuate Collection Set: 1.1ms
[2025-12-25T04:39:39.585+0000][gc,phases   ] GC(879)   Merge Heap Roots: 0.3ms
[2025-12-25T04:39:39.585+0000][gc,phases   ] GC(879)   Evacuate Collection Set: 12.0ms
[2025-12-25T04:39:39.585+0000][gc,phases   ] GC(879)   Post Evacuate Collection Set: 1.2ms
[2025-12-25T04:39:39.585+0000][gc,phases   ] GC(879)   Other: 0.2ms
[2025-12-25T04:39:39.585+0000][gc,heap     ] GC(879) Eden regions: 513->0(512)
[2025-12-25T04:39:39.586+0000][gc,heap     ] GC(879) Survivor regions: 10->10(62)
[2025-12-25T04:39:39.586+0000][gc,heap     ] GC(879) Old regions: 288->289
[2025-12-25T04:39:39.586+0000][gc,heap     ] GC(879) Humongous regions: 151->151
[2025-12-25T04:39:39.586+0000][gc,metaspace] GC(879) Metaspace: 16597K(17024K)->16597K(17024K) NonClass: 14809K(14976K)->14809K(14976K) Class: 1788K(2048K)->1788K(2048K)
[2025-12-25T04:39:39.586+0000][gc          ] GC(879) Pause Young (Normal) (G1 Evacuation Pause) 961M->448M(1024M) 15.692ms
[2025-12-25T04:39:39.586+0000][gc,cpu      ] GC(879) User=0.11s Sys=0.00s Real=0.02s
[2025-12-25T04:40:09.376+0000][gc,start    ] GC(880) Pause Young (Normal) (G1 Evacuation Pause)
[2025-12-25T04:40:09.376+0000][gc,task     ] GC(880) Using 8 workers of 8 for evacuation
[2025-12-25T04:40:09.388+0000][gc,phases   ] GC(880)   Pre Evacuate Collection Set: 1.0ms
[2025-12-25T04:40:09.388+0000][gc,phases   ] GC(880)   Merge Heap Roots: 0.3ms
[2025-12-25T04:40:09.388+0000][gc,phases   ] GC(880)   Evacuate Collection Set: 9.1ms
[2025-12-25T04:40:09.388+0000][gc,phases   ] GC(880)   Post Evacuate Collection Set: 1.0ms
[2025-12-25T04:40:09.388+0000][gc,phases   ] GC(880)   Other: 0.2ms
[2025-12-25T04:40:09.388+0000][gc,heap     ] GC(880) Eden regions: 512->0(518)
[2025-12-25T04:40:09.388+0000][gc,heap     ] GC(880) Survivor regions: 10->7(62)
[2025-12-25T04:40:09.388+0000][gc,heap     ] GC(880) Old regions: 289->289
[2025-12-25T04:40:09.388+0000][gc,heap     ] GC(880) Humongous regions: 151->151
[2025-12-25T04:40:09.388+0000][gc,metaspace] GC(880) Metaspace: 16598K(17024K)->16598K(17024K) NonClass: 14809K(14976K)->14809K(14976K) Class: 1788K(2048K)->1788K(2048K)
[2025-12-25T04:40:09.388+0000][gc          ] GC(880) Pause Young (Normal) (G1 Evacuation Pause) 960M->445M(1024M) 12.790ms
[2025-12-25T04:40:09.389+0000][gc,cpu      ] GC(880) User=0.08s Sys=0.00s Real=0.01s
[2025-12-25T04:40:39.263+0000][gc,start    ] GC(881) Pause Young (Normal) (G1 Evacuation Pause)
[2025-12-25T04:40:39.266+0000][gc,task     ] GC(881) Using 8 workers of 8 for evacuation
[2025-12-25T04:40:39.294+0000][gc,phases   ] GC(881)   Pre Evacuate Collection Set: 4.3ms
[2025-12-25T04:40:39.294+0000][gc,phases   ] GC(881)   Merge Heap Roots: 0.3ms
[2025-12-25T04:40:39.294+0000][gc,phases   ] GC(881)   Evacuate Collection Set: 15.9ms
[2025-12-25T04:40:39.294+0000][gc,phases   ] GC(881)   Post Evacuate Collection Set: 7.2ms
[2025-12-25T04:40:39.294+0000][gc,phases   ] GC(881)   Other: 1.0ms
[2025-12-25T04:40:39.295+0000][gc,heap     ] GC(881) Eden regions: 518->0(518)
[2025-12-25T04:40:39.295+0000][gc,heap     ] GC(881) Survivor regions: 7->7(59)
[2025-12-25T04:40:39.295+0000][gc,heap     ] GC(881) Old regions: 289->289
[2025-12-25T04:40:39.295+0000][gc,heap     ] GC(881) Humongous regions: 151->151
[2025-12-25T04:40:39.295+0000][gc,metaspace] GC(881) Metaspace: 16598K(17024K)->16598K(17024K) NonClass: 14809K(14976K)->14809K(14976K) Class: 1788K(2048K)->1788K(2048K)
[2025-12-25T04:40:39.295+0000][gc          ] GC(881) Pause Young (Normal) (G1 Evacuation Pause) 963M->446M(1024M) 31.753ms
[2025-12-25T04:40:39.295+0000][gc,cpu      ] GC(881) User=0.14s Sys=0.00s Real=0.03s
[2025-12-25T04:41:03.889+0000][gc,start    ] GC(882) Pause Young (Normal) (G1 Evacuation Pause)
[2025-12-25T04:41:03.891+0000][gc,task     ] GC(882) Using 8 workers of 8 for evacuation
[2025-12-25T04:41:03.914+0000][gc,phases   ] GC(882)   Pre Evacuate Collection Set: 2.6ms
[2025-12-25T04:41:03.915+0000][gc,phases   ] GC(882)   Merge Heap Roots: 0.8ms
[2025-12-25T04:41:03.915+0000][gc,phases   ] GC(882)   Evacuate Collection Set: 17.4ms
[2025-12-25T04:41:03.915+0000][gc,phases   ] GC(882)   Post Evacuate Collection Set: 2.4ms
[2025-12-25T04:41:03.915+0000][gc,phases   ] GC(882)   Other: 0.8ms
[2025-12-25T04:41:03.915+0000][gc,heap     ] GC(882) Eden regions: 518->0(519)
[2025-12-25T04:41:03.916+0000][gc,heap     ] GC(882) Survivor regions: 7->6(59)
[2025-12-25T04:41:03.916+0000][gc,heap     ] GC(882) Old regions: 289->290
[2025-12-25T04:41:03.916+0000][gc,heap     ] GC(882) Humongous regions: 151->151
[2025-12-25T04:41:03.916+0000][gc,metaspace] GC(882) Metaspace: 16598K(17024K)->16598K(17024K) NonClass: 14809K(14976K)->14809K(14976K) Class: 1788K(2048K)->1788K(2048K)
[2025-12-25T04:41:03.916+0000][gc          ] GC(882) Pause Young (Normal) (G1 Evacuation Pause) 964M->445M(1024M) 26.799ms
[2025-12-25T04:41:03.916+0000][gc,cpu      ] GC(882) User=0.11s Sys=0.01s Real=0.03s
[2025-12-25T04:41:29.635+0000][gc,start    ] GC(883) Pause Young (Normal) (G1 Evacuation Pause)
[2025-12-25T04:41:29.636+0000][gc,task     ] GC(883) Using 8 workers of 8 for evacuation
[2025-12-25T04:41:29.653+0000][gc,phases   ] GC(883)   Pre Evacuate Collection Set: 1.6ms
[2025-12-25T04:41:29.653+0000][gc,phases   ] GC(883)   Merge Heap Roots: 1.1ms
[2025-12-25T04:41:29.653+0000][gc,phases   ] GC(883)   Evacuate Collection Set: 11.8ms
[2025-12-25T04:41:29.653+0000][gc,phases   ] GC(883)   Post Evacuate Collection Set: 2.4ms
[2025-12-25T04:41:29.653+0000][gc,phases   ] GC(883)   Other: 0.2ms
[2025-12-25T04:41:29.653+0000][gc,heap     ] GC(883) Eden regions: 519->0(513)
[2025-12-25T04:41:29.653+0000][gc,heap     ] GC(883) Survivor regions: 6->9(58)
[2025-12-25T04:41:29.653+0000][gc,heap     ] GC(883) Old regions: 290->290
[2025-12-25T04:41:29.653+0000][gc,heap     ] GC(883) Humongous regions: 151->151
[2025-12-25T04:41:29.653+0000][gc,metaspace] GC(883) Metaspace: 16598K(17024K)->16598K(17024K) NonClass: 14809K(14976K)->14809K(14976K) Class: 1788K(2048K)->1788K(2048K)
[2025-12-25T04:41:29.653+0000][gc          ] GC(883) Pause Young (Normal) (G1 Evacuation Pause) 964M->449M(1024M) 18.097ms
[2025-12-25T04:41:29.653+0000][gc,cpu      ] GC(883) User=0.11s Sys=0.00s Real=0.01s
[2025-12-25T04:41:59.489+0000][gc,start    ] GC(884) Pause Young (Normal) (G1 Evacuation Pause)
[2025-12-25T04:41:59.489+0000][gc,task     ] GC(884) Using 8 workers of 8 for evacuation
[2025-12-25T04:41:59.512+0000][gc,phases   ] GC(884)   Pre Evacuate Collection Set: 1.2ms
[2025-12-25T04:41:59.512+0000][gc,phases   ] GC(884)   Merge Heap Roots: 0.4ms
[2025-12-25T04:41:59.512+0000][gc,phases   ] GC(884)   Evacuate Collection Set: 19.2ms
[2025-12-25T04:41:59.512+0000][gc,phases   ] GC(884)   Post Evacuate Collection Set: 1.2ms
[2025-12-25T04:41:59.512+0000][gc,phases   ] GC(884)   Other: 0.2ms
[2025-12-25T04:41:59.512+0000][gc,heap     ] GC(884) Eden regions: 513->0(513)
[2025-12-25T04:41:59.512+0000][gc,heap     ] GC(884) Survivor regions: 9->9(61)
[2025-12-25T04:41:59.512+0000][gc,heap     ] GC(884) Old regions: 290->290
[2025-12-25T04:41:59.512+0000][gc,heap     ] GC(884) Humongous regions: 151->151
[2025-12-25T04:41:59.512+0000][gc,metaspace] GC(884) Metaspace: 16599K(17024K)->16599K(17024K) NonClass: 14810K(14976K)->14810K(14976K) Class: 1788K(2048K)->1788K(2048K)
[2025-12-25T04:41:59.512+0000][gc          ] GC(884) Pause Young (Normal) (G1 Evacuation Pause) 962M->449M(1024M) 23.451ms
[2025-12-25T04:41:59.512+0000][gc,cpu      ] GC(884) User=0.15s Sys=0.00s Real=0.03s
[2025-12-25T04:42:29.290+0000][gc,start    ] GC(885) Pause Young (Normal) (G1 Evacuation Pause)
[2025-12-25T04:42:29.291+0000][gc,task     ] GC(885) Using 8 workers of 8 for evacuation
[2025-12-25T04:42:29.312+0000][gc,phases   ] GC(885)   Pre Evacuate Collection Set: 3.7ms
[2025-12-25T04:42:29.312+0000][gc,phases   ] GC(885)   Merge Heap Roots: 0.7ms
[2025-12-25T04:42:29.312+0000][gc,phases   ] GC(885)   Evacuate Collection Set: 15.4ms
[2025-12-25T04:42:29.312+0000][gc,phases   ] GC(885)   Post Evacuate Collection Set: 1.4ms
[2025-12-25T04:42:29.312+0000][gc,phases   ] GC(885)   Other: 0.2ms
[2025-12-25T04:42:29.312+0000][gc,heap     ] GC(885) Eden regions: 513->0(513)
[2025-12-25T04:42:29.312+0000][gc,heap     ] GC(885) Survivor regions: 9->9(61)
[2025-12-25T04:42:29.313+0000][gc,heap     ] GC(885) Old regions: 290->290
[2025-12-25T04:42:29.313+0000][gc,heap     ] GC(885) Humongous regions: 151->151
[2025-12-25T04:42:29.313+0000][gc,metaspace] GC(885) Metaspace: 16599K(17024K)->16599K(17024K) NonClass: 14810K(14976K)->14810K(14976K) Class: 1788K(2048K)->1788K(2048K)
[2025-12-25T04:42:29.313+0000][gc          ] GC(885) Pause Young (Normal) (G1 Evacuation Pause) 962M->449M(1024M) 22.548ms
[2025-12-25T04:42:29.313+0000][gc,cpu      ] GC(885) User=0.15s Sys=0.00s Real=0.02s
[2025-12-25T04:42:59.154+0000][gc,start    ] GC(886) Pause Young (Normal) (G1 Evacuation Pause)
[2025-12-25T04:42:59.155+0000][gc,task     ] GC(886) Using 8 workers of 8 for evacuation
[2025-12-25T04:42:59.176+0000][gc,phases   ] GC(886)   Pre Evacuate Collection Set: 3.3ms
[2025-12-25T04:42:59.177+0000][gc,phases   ] GC(886)   Merge Heap Roots: 1.3ms
[2025-12-25T04:42:59.177+0000][gc,phases   ] GC(886)   Evacuate Collection Set: 14.0ms
[2025-12-25T04:42:59.177+0000][gc,phases   ] GC(886)   Post Evacuate Collection Set: 2.2ms
[2025-12-25T04:42:59.177+0000][gc,phases   ] GC(886)   Other: 0.6ms
[2025-12-25T04:42:59.177+0000][gc,heap     ] GC(886) Eden regions: 513->0(518)
[2025-12-25T04:42:59.177+0000][gc,heap     ] GC(886) Survivor regions: 9->6(61)
[2025-12-25T04:42:59.177+0000][gc,heap     ] GC(886) Old regions: 290->291
[2025-12-25T04:42:59.177+0000][gc,heap     ] GC(886) Humongous regions: 151->151
[2025-12-25T04:42:59.177+0000][gc,metaspace] GC(886) Metaspace: 16599K(17024K)->16599K(17024K) NonClass: 14810K(14976K)->14810K(14976K) Class: 1788K(2048K)->1788K(2048K)
[2025-12-25T04:42:59.177+0000][gc          ] GC(886) Pause Young (Normal) (G1 Evacuation Pause) 962M->446M(1024M) 23.092ms
[2025-12-25T04:42:59.177+0000][gc,cpu      ] GC(886) User=0.14s Sys=0.01s Real=0.02s
[2025-12-25T04:43:19.917+0000][gc,start    ] GC(887) Pause Young (Normal) (G1 Evacuation Pause)
[2025-12-25T04:43:19.920+0000][gc,task     ] GC(887) Using 8 workers of 8 for evacuation
[2025-12-25T04:43:19.946+0000][gc,phases   ] GC(887)   Pre Evacuate Collection Set: 7.6ms
[2025-12-25T04:43:19.946+0000][gc,phases   ] GC(887)   Merge Heap Roots: 0.6ms
[2025-12-25T04:43:19.946+0000][gc,phases   ] GC(887)   Evacuate Collection Set: 15.4ms
[2025-12-25T04:43:19.946+0000][gc,phases   ] GC(887)   Post Evacuate Collection Set: 1.7ms
[2025-12-25T04:43:19.946+0000][gc,phases   ] GC(887)   Other: 1.3ms
[2025-12-25T04:43:19.946+0000][gc,heap     ] GC(887) Eden regions: 518->0(514)
[2025-12-25T04:43:19.947+0000][gc,heap     ] GC(887) Survivor regions: 6->8(58)
[2025-12-25T04:43:19.947+0000][gc,heap     ] GC(887) Old regions: 291->291
[2025-12-25T04:43:19.947+0000][gc,heap     ] GC(887) Humongous regions: 151->151
[2025-12-25T04:43:19.947+0000][gc,metaspace] GC(887) Metaspace: 16599K(17024K)->16599K(17024K) NonClass: 14810K(14976K)->14810K(14976K) Class: 1788K(2048K)->1788K(2048K)
[2025-12-25T04:43:19.947+0000][gc          ] GC(887) Pause Young (Normal) (G1 Evacuation Pause) 964M->449M(1024M) 30.254ms
[2025-12-25T04:43:19.947+0000][gc,cpu      ] GC(887) User=0.12s Sys=0.00s Real=0.03s
[2025-12-25T04:43:49.528+0000][gc,start    ] GC(888) Pause Young (Normal) (G1 Evacuation Pause)
[2025-12-25T04:43:49.528+0000][gc,task     ] GC(888) Using 8 workers of 8 for evacuation
[2025-12-25T04:43:49.538+0000][gc,phases   ] GC(888)   Pre Evacuate Collection Set: 1.0ms
[2025-12-25T04:43:49.538+0000][gc,phases   ] GC(888)   Merge Heap Roots: 0.4ms
[2025-12-25T04:43:49.538+0000][gc,phases   ] GC(888)   Evacuate Collection Set: 7.0ms
[2025-12-25T04:43:49.538+0000][gc,phases   ] GC(888)   Post Evacuate Collection Set: 0.9ms
[2025-12-25T04:43:49.538+0000][gc,phases   ] GC(888)   Other: 0.2ms
[2025-12-25T04:43:49.538+0000][gc,heap     ] GC(888) Eden regions: 514->0(514)
[2025-12-25T04:43:49.538+0000][gc,heap     ] GC(888) Survivor regions: 8->8(60)
[2025-12-25T04:43:49.538+0000][gc,heap     ] GC(888) Old regions: 291->291
[2025-12-25T04:43:49.538+0000][gc,heap     ] GC(888) Humongous regions: 151->151
[2025-12-25T04:43:49.538+0000][gc,metaspace] GC(888) Metaspace: 16599K(17024K)->16599K(17024K) NonClass: 14810K(14976K)->14810K(14976K) Class: 1788K(2048K)->1788K(2048K)
[2025-12-25T04:43:49.538+0000][gc          ] GC(888) Pause Young (Normal) (G1 Evacuation Pause) 963M->449M(1024M) 10.582ms
[2025-12-25T04:43:49.538+0000][gc,cpu      ] GC(888) User=0.06s Sys=0.00s Real=0.01s
[2025-12-25T04:44:19.336+0000][gc,start    ] GC(889) Pause Young (Normal) (G1 Evacuation Pause)
[2025-12-25T04:44:19.336+0000][gc,task     ] GC(889) Using 8 workers of 8 for evacuation
[2025-12-25T04:44:19.358+0000][gc,phases   ] GC(889)   Pre Evacuate Collection Set: 1.1ms
[2025-12-25T04:44:19.358+0000][gc,phases   ] GC(889)   Merge Heap Roots: 0.3ms
[2025-12-25T04:44:19.358+0000][gc,phases   ] GC(889)   Evacuate Collection Set: 18.5ms
[2025-12-25T04:44:19.358+0000][gc,phases   ] GC(889)   Post Evacuate Collection Set: 1.2ms
[2025-12-25T04:44:19.358+0000][gc,phases   ] GC(889)   Other: 0.3ms
[2025-12-25T04:44:19.358+0000][gc,heap     ] GC(889) Eden regions: 514->0(513)
[2025-12-25T04:44:19.358+0000][gc,heap     ] GC(889) Survivor regions: 8->8(60)
[2025-12-25T04:44:19.358+0000][gc,heap     ] GC(889) Old regions: 291->292
[2025-12-25T04:44:19.358+0000][gc,heap     ] GC(889) Humongous regions: 151->151
[2025-12-25T04:44:19.358+0000][gc,metaspace] GC(889) Metaspace: 16599K(17024K)->16599K(17024K) NonClass: 14810K(14976K)->14810K(14976K) Class: 1788K(2048K)->1788K(2048K)
[2025-12-25T04:44:19.359+0000][gc          ] GC(889) Pause Young (Normal) (G1 Evacuation Pause) 963M->449M(1024M) 22.799ms
[2025-12-25T04:44:19.359+0000][gc,cpu      ] GC(889) User=0.16s Sys=0.01s Real=0.02s
[2025-12-25T04:44:49.221+0000][gc,start    ] GC(890) Pause Young (Normal) (G1 Evacuation Pause)
[2025-12-25T04:44:49.221+0000][gc,task     ] GC(890) Using 8 workers of 8 for evacuation
[2025-12-25T04:44:49.238+0000][gc,phases   ] GC(890)   Pre Evacuate Collection Set: 2.1ms
[2025-12-25T04:44:49.238+0000][gc,phases   ] GC(890)   Merge Heap Roots: 0.4ms
[2025-12-25T04:44:49.238+0000][gc,phases   ] GC(890)   Evacuate Collection Set: 11.7ms
[2025-12-25T04:44:49.238+0000][gc,phases   ] GC(890)   Post Evacuate Collection Set: 2.2ms
[2025-12-25T04:44:49.238+0000][gc,phases   ] GC(890)   Other: 0.2ms
[2025-12-25T04:44:49.238+0000][gc,heap     ] GC(890) Eden regions: 513->0(513)
[2025-12-25T04:44:49.238+0000][gc,heap     ] GC(890) Survivor regions: 8->8(60)
[2025-12-25T04:44:49.239+0000][gc,heap     ] GC(890) Old regions: 292->292
[2025-12-25T04:44:49.239+0000][gc,heap     ] GC(890) Humongous regions: 151->151
[2025-12-25T04:44:49.239+0000][gc,metaspace] GC(890) Metaspace: 16599K(17024K)->16599K(17024K) NonClass: 14810K(14976K)->14810K(14976K) Class: 1788K(2048K)->1788K(2048K)
[2025-12-25T04:44:49.239+0000][gc          ] GC(890) Pause Young (Normal) (G1 Evacuation Pause) 962M->450M(1024M) 17.691ms
[2025-12-25T04:44:49.239+0000][gc,cpu      ] GC(890) User=0.10s Sys=0.01s Real=0.02s
[2025-12-25T04:45:09.690+0000][gc,start    ] GC(891) Pause Young (Normal) (G1 Evacuation Pause)
[2025-12-25T04:45:09.691+0000][gc,task     ] GC(891) Using 8 workers of 8 for evacuation
[2025-12-25T04:45:09.710+0000][gc,phases   ] GC(891)   Pre Evacuate Collection Set: 1.2ms
[2025-12-25T04:45:09.710+0000][gc,phases   ] GC(891)   Merge Heap Roots: 0.3ms
[2025-12-25T04:45:09.710+0000][gc,phases   ] GC(891)   Evacuate Collection Set: 12.1ms
[2025-12-25T04:45:09.710+0000][gc,phases   ] GC(891)   Post Evacuate Collection Set: 2.3ms
[2025-12-25T04:45:09.710+0000][gc,phases   ] GC(891)   Other: 2.0ms
[2025-12-25T04:45:09.710+0000][gc,heap     ] GC(891) Eden regions: 513->0(509)
[2025-12-25T04:45:09.710+0000][gc,heap     ] GC(891) Survivor regions: 8->10(60)
[2025-12-25T04:45:09.710+0000][gc,heap     ] GC(891) Old regions: 292->292
[2025-12-25T04:45:09.710+0000][gc,heap     ] GC(891) Humongous regions: 151->151
[2025-12-25T04:45:09.711+0000][gc,metaspace] GC(891) Metaspace: 16599K(17024K)->16599K(17024K) NonClass: 14810K(14976K)->14810K(14976K) Class: 1788K(2048K)->1788K(2048K)
[2025-12-25T04:45:09.711+0000][gc          ] GC(891) Pause Young (Normal) (G1 Evacuation Pause) 963M->452M(1024M) 20.266ms
[2025-12-25T04:45:09.711+0000][gc,cpu      ] GC(891) User=0.11s Sys=0.00s Real=0.02s
[2025-12-25T04:45:39.505+0000][gc,start    ] GC(892) Pause Young (Normal) (G1 Evacuation Pause)
[2025-12-25T04:45:39.505+0000][gc,task     ] GC(892) Using 8 workers of 8 for evacuation
[2025-12-25T04:45:39.515+0000][gc,phases   ] GC(892)   Pre Evacuate Collection Set: 1.3ms
[2025-12-25T04:45:39.515+0000][gc,phases   ] GC(892)   Merge Heap Roots: 0.4ms
[2025-12-25T04:45:39.515+0000][gc,phases   ] GC(892)   Evacuate Collection Set: 6.8ms
[2025-12-25T04:45:39.515+0000][gc,phases   ] GC(892)   Post Evacuate Collection Set: 1.2ms
[2025-12-25T04:45:39.515+0000][gc,phases   ] GC(892)   Other: 0.3ms
[2025-12-25T04:45:39.516+0000][gc,heap     ] GC(892) Eden regions: 509->0(514)
[2025-12-25T04:45:39.516+0000][gc,heap     ] GC(892) Survivor regions: 10->7(62)
[2025-12-25T04:45:39.516+0000][gc,heap     ] GC(892) Old regions: 292->293
[2025-12-25T04:45:39.516+0000][gc,heap     ] GC(892) Humongous regions: 151->151
[2025-12-25T04:45:39.516+0000][gc,metaspace] GC(892) Metaspace: 16599K(17024K)->16599K(17024K) NonClass: 14810K(14976K)->14810K(14976K) Class: 1788K(2048K)->1788K(2048K)
[2025-12-25T04:45:39.516+0000][gc          ] GC(892) Pause Young (Normal) (G1 Evacuation Pause) 961M->449M(1024M) 11.169ms
[2025-12-25T04:45:39.516+0000][gc,cpu      ] GC(892) User=0.06s Sys=0.00s Real=0.01s
[2025-12-25T04:46:09.396+0000][gc,start    ] GC(893) Pause Young (Normal) (G1 Evacuation Pause)
[2025-12-25T04:46:09.396+0000][gc,task     ] GC(893) Using 8 workers of 8 for evacuation
[2025-12-25T04:46:09.409+0000][gc,phases   ] GC(893)   Pre Evacuate Collection Set: 2.2ms
[2025-12-25T04:46:09.409+0000][gc,phases   ] GC(893)   Merge Heap Roots: 0.4ms
[2025-12-25T04:46:09.409+0000][gc,phases   ] GC(893)   Evacuate Collection Set: 6.9ms
[2025-12-25T04:46:09.409+0000][gc,phases   ] GC(893)   Post Evacuate Collection Set: 1.2ms
[2025-12-25T04:46:09.409+0000][gc,phases   ] GC(893)   Other: 1.8ms
[2025-12-25T04:46:09.409+0000][gc,heap     ] GC(893) Eden regions: 514->0(514)
[2025-12-25T04:46:09.409+0000][gc,heap     ] GC(893) Survivor regions: 7->7(59)
[2025-12-25T04:46:09.409+0000][gc,heap     ] GC(893) Old regions: 293->293
[2025-12-25T04:46:09.409+0000][gc,heap     ] GC(893) Humongous regions: 151->151
[2025-12-25T04:46:09.409+0000][gc,metaspace] GC(893) Metaspace: 16599K(17024K)->16599K(17024K) NonClass: 14810K(14976K)->14810K(14976K) Class: 1788K(2048K)->1788K(2048K)
[2025-12-25T04:46:09.410+0000][gc          ] GC(893) Pause Young (Normal) (G1 Evacuation Pause) 963M->450M(1024M) 13.675ms
[2025-12-25T04:46:09.410+0000][gc,cpu      ] GC(893) User=0.07s Sys=0.00s Real=0.01s
[2025-12-25T04:46:39.230+0000][gc,start    ] GC(894) Pause Young (Normal) (G1 Evacuation Pause)
[2025-12-25T04:46:39.231+0000][gc,task     ] GC(894) Using 8 workers of 8 for evacuation
[2025-12-25T04:46:39.249+0000][gc,phases   ] GC(894)   Pre Evacuate Collection Set: 1.1ms
[2025-12-25T04:46:39.249+0000][gc,phases   ] GC(894)   Merge Heap Roots: 0.4ms
[2025-12-25T04:46:39.249+0000][gc,phases   ] GC(894)   Evacuate Collection Set: 14.3ms
[2025-12-25T04:46:39.249+0000][gc,phases   ] GC(894)   Post Evacuate Collection Set: 2.1ms
[2025-12-25T04:46:39.249+0000][gc,phases   ] GC(894)   Other: 0.3ms
[2025-12-25T04:46:39.252+0000][gc,heap     ] GC(894) Eden regions: 514->0(514)
[2025-12-25T04:46:39.252+0000][gc,heap     ] GC(894) Survivor regions: 7->7(59)
[2025-12-25T04:46:39.252+0000][gc,heap     ] GC(894) Old regions: 293->293
[2025-12-25T04:46:39.252+0000][gc,heap     ] GC(894) Humongous regions: 151->151
[2025-12-25T04:46:39.252+0000][gc,metaspace] GC(894) Metaspace: 16599K(17024K)->16599K(17024K) NonClass: 14810K(14976K)->14810K(14976K) Class: 1788K(2048K)->1788K(2048K)
[2025-12-25T04:46:39.253+0000][gc          ] GC(894) Pause Young (Normal) (G1 Evacuation Pause) 964M->449M(1024M) 22.718ms
[2025-12-25T04:46:39.253+0000][gc,cpu      ] GC(894) User=0.12s Sys=0.00s Real=0.03s
[2025-12-25T04:46:59.655+0000][gc,start    ] GC(895) Pause Young (Normal) (G1 Evacuation Pause)
[2025-12-25T04:46:59.656+0000][gc,task     ] GC(895) Using 8 workers of 8 for evacuation
[2025-12-25T04:46:59.668+0000][gc,phases   ] GC(895)   Pre Evacuate Collection Set: 1.1ms
[2025-12-25T04:46:59.668+0000][gc,phases   ] GC(895)   Merge Heap Roots: 0.3ms
[2025-12-25T04:46:59.669+0000][gc,phases   ] GC(895)   Evacuate Collection Set: 9.7ms
[2025-12-25T04:46:59.669+0000][gc,phases   ] GC(895)   Post Evacuate Collection Set: 1.3ms
[2025-12-25T04:46:59.669+0000][gc,phases   ] GC(895)   Other: 0.2ms
[2025-12-25T04:46:59.669+0000][gc,heap     ] GC(895) Eden regions: 514->0(510)
[2025-12-25T04:46:59.669+0000][gc,heap     ] GC(895) Survivor regions: 7->9(59)
[2025-12-25T04:46:59.669+0000][gc,heap     ] GC(895) Old regions: 293->293
[2025-12-25T04:46:59.669+0000][gc,heap     ] GC(895) Humongous regions: 151->151
[2025-12-25T04:46:59.669+0000][gc,metaspace] GC(895) Metaspace: 16599K(17024K)->16599K(17024K) NonClass: 14810K(14976K)->14810K(14976K) Class: 1788K(2048K)->1788K(2048K)
[2025-12-25T04:46:59.669+0000][gc          ] GC(895) Pause Young (Normal) (G1 Evacuation Pause) 963M->452M(1024M) 14.267ms
[2025-12-25T04:46:59.669+0000][gc,cpu      ] GC(895) User=0.08s Sys=0.00s Real=0.01s
[2025-12-25T04:47:29.651+0000][gc,start    ] GC(896) Pause Young (Normal) (G1 Evacuation Pause)
[2025-12-25T04:47:29.653+0000][gc,task     ] GC(896) Using 8 workers of 8 for evacuation
[2025-12-25T04:47:29.673+0000][gc,phases   ] GC(896)   Pre Evacuate Collection Set: 3.6ms
[2025-12-25T04:47:29.673+0000][gc,phases   ] GC(896)   Merge Heap Roots: 0.4ms
[2025-12-25T04:47:29.673+0000][gc,phases   ] GC(896)   Evacuate Collection Set: 12.7ms
[2025-12-25T04:47:29.673+0000][gc,phases   ] GC(896)   Post Evacuate Collection Set: 2.4ms
[2025-12-25T04:47:29.673+0000][gc,phases   ] GC(896)   Other: 1.0ms
[2025-12-25T04:47:29.673+0000][gc,heap     ] GC(896) Eden regions: 510->0(509)
[2025-12-25T04:47:29.673+0000][gc,heap     ] GC(896) Survivor regions: 9->9(61)
[2025-12-25T04:47:29.673+0000][gc,heap     ] GC(896) Old regions: 293->294
[2025-12-25T04:47:29.673+0000][gc,heap     ] GC(896) Humongous regions: 151->151
[2025-12-25T04:47:29.673+0000][gc,metaspace] GC(896) Metaspace: 16599K(17024K)->16599K(17024K) NonClass: 14810K(14976K)->14810K(14976K) Class: 1788K(2048K)->1788K(2048K)
[2025-12-25T04:47:29.674+0000][gc          ] GC(896) Pause Young (Normal) (G1 Evacuation Pause) 962M->453M(1024M) 22.666ms
[2025-12-25T04:47:29.675+0000][gc,cpu      ] GC(896) User=0.11s Sys=0.00s Real=0.03s
[2025-12-25T04:47:59.324+0000][gc,start    ] GC(897) Pause Young (Normal) (G1 Evacuation Pause)
[2025-12-25T04:47:59.325+0000][gc,task     ] GC(897) Using 8 workers of 8 for evacuation
[2025-12-25T04:47:59.349+0000][gc,phases   ] GC(897)   Pre Evacuate Collection Set: 1.1ms
[2025-12-25T04:47:59.350+0000][gc,phases   ] GC(897)   Merge Heap Roots: 0.4ms
[2025-12-25T04:47:59.350+0000][gc,phases   ] GC(897)   Evacuate Collection Set: 22.0ms
[2025-12-25T04:47:59.350+0000][gc,phases   ] GC(897)   Post Evacuate Collection Set: 1.2ms
[2025-12-25T04:47:59.350+0000][gc,phases   ] GC(897)   Other: 0.3ms
[2025-12-25T04:47:59.350+0000][gc,heap     ] GC(897) Eden regions: 509->0(509)
[2025-12-25T04:47:59.350+0000][gc,heap     ] GC(897) Survivor regions: 9->9(61)
[2025-12-25T04:47:59.350+0000][gc,heap     ] GC(897) Old regions: 294->294
[2025-12-25T04:47:59.350+0000][gc,heap     ] GC(897) Humongous regions: 151->151
[2025-12-25T04:47:59.350+0000][gc,metaspace] GC(897) Metaspace: 16599K(17024K)->16599K(17024K) NonClass: 14810K(14976K)->14810K(14976K) Class: 1788K(2048K)->1788K(2048K)
[2025-12-25T04:47:59.350+0000][gc          ] GC(897) Pause Young (Normal) (G1 Evacuation Pause) 962M->453M(1024M) 26.167ms
[2025-12-25T04:47:59.350+0000][gc,cpu      ] GC(897) User=0.15s Sys=0.00s Real=0.03s
[2025-12-25T04:48:29.223+0000][gc,start    ] GC(898) Pause Young (Normal) (G1 Evacuation Pause)
[2025-12-25T04:48:29.224+0000][gc,task     ] GC(898) Using 8 workers of 8 for evacuation
[2025-12-25T04:48:29.239+0000][gc,phases   ] GC(898)   Pre Evacuate Collection Set: 2.7ms
[2025-12-25T04:48:29.239+0000][gc,phases   ] GC(898)   Merge Heap Roots: 0.8ms
[2025-12-25T04:48:29.240+0000][gc,phases   ] GC(898)   Evacuate Collection Set: 9.8ms
[2025-12-25T04:48:29.240+0000][gc,phases   ] GC(898)   Post Evacuate Collection Set: 1.4ms
[2025-12-25T04:48:29.240+0000][gc,phases   ] GC(898)   Other: 0.3ms
[2025-12-25T04:48:29.240+0000][gc,heap     ] GC(898) Eden regions: 509->0(515)
[2025-12-25T04:48:29.241+0000][gc,heap     ] GC(898) Survivor regions: 9->6(61)
[2025-12-25T04:48:29.241+0000][gc,heap     ] GC(898) Old regions: 294->294
[2025-12-25T04:48:29.241+0000][gc,heap     ] GC(898) Humongous regions: 151->151
[2025-12-25T04:48:29.241+0000][gc,metaspace] GC(898) Metaspace: 16599K(17024K)->16599K(17024K) NonClass: 14810K(14976K)->14810K(14976K) Class: 1788K(2048K)->1788K(2048K)
[2025-12-25T04:48:29.241+0000][gc          ] GC(898) Pause Young (Normal) (G1 Evacuation Pause) 962M->450M(1024M) 17.741ms
[2025-12-25T04:48:29.241+0000][gc,cpu      ] GC(898) User=0.10s Sys=0.00s Real=0.02s
[2025-12-25T04:48:50.085+0000][gc,start    ] GC(899) Pause Young (Normal) (G1 Evacuation Pause)
[2025-12-25T04:48:50.085+0000][gc,task     ] GC(899) Using 8 workers of 8 for evacuation
[2025-12-25T04:48:50.107+0000][gc,phases   ] GC(899)   Pre Evacuate Collection Set: 1.2ms
[2025-12-25T04:48:50.107+0000][gc,phases   ] GC(899)   Merge Heap Roots: 0.4ms
[2025-12-25T04:48:50.107+0000][gc,phases   ] GC(899)   Evacuate Collection Set: 17.8ms
[2025-12-25T04:48:50.107+0000][gc,phases   ] GC(899)   Post Evacuate Collection Set: 1.5ms
[2025-12-25T04:48:50.107+0000][gc,phases   ] GC(899)   Other: 0.3ms
[2025-12-25T04:48:50.107+0000][gc,heap     ] GC(899) Eden regions: 515->0(506)
[2025-12-25T04:48:50.107+0000][gc,heap     ] GC(899) Survivor regions: 6->10(58)
[2025-12-25T04:48:50.107+0000][gc,heap     ] GC(899) Old regions: 294->295
[2025-12-25T04:48:50.107+0000][gc,heap     ] GC(899) Humongous regions: 151->151
[2025-12-25T04:48:50.107+0000][gc,metaspace] GC(899) Metaspace: 16601K(17024K)->16601K(17024K) NonClass: 14812K(14976K)->14812K(14976K) Class: 1788K(2048K)->1788K(2048K)
[2025-12-25T04:48:50.107+0000][gc          ] GC(899) Pause Young (Normal) (G1 Evacuation Pause) 965M->455M(1024M) 22.384ms
[2025-12-25T04:48:50.107+0000][gc,cpu      ] GC(899) User=0.15s Sys=0.00s Real=0.02s
[2025-12-25T04:49:19.524+0000][gc,start    ] GC(900) Pause Young (Normal) (G1 Evacuation Pause)
[2025-12-25T04:49:19.524+0000][gc,task     ] GC(900) Using 8 workers of 8 for evacuation
[2025-12-25T04:49:19.554+0000][gc,phases   ] GC(900)   Pre Evacuate Collection Set: 2.6ms
[2025-12-25T04:49:19.554+0000][gc,phases   ] GC(900)   Merge Heap Roots: 1.5ms
[2025-12-25T04:49:19.554+0000][gc,phases   ] GC(900)   Evacuate Collection Set: 24.4ms
[2025-12-25T04:49:19.554+0000][gc,phases   ] GC(900)   Post Evacuate Collection Set: 1.3ms
[2025-12-25T04:49:19.554+0000][gc,phases   ] GC(900)   Other: 0.2ms
[2025-12-25T04:49:19.554+0000][gc,heap     ] GC(900) Eden regions: 506->0(504)
[2025-12-25T04:49:19.554+0000][gc,heap     ] GC(900) Survivor regions: 10->11(62)
[2025-12-25T04:49:19.554+0000][gc,heap     ] GC(900) Old regions: 295->295
[2025-12-25T04:49:19.555+0000][gc,heap     ] GC(900) Humongous regions: 151->151
[2025-12-25T04:49:19.555+0000][gc,metaspace] GC(900) Metaspace: 16601K(17024K)->16601K(17024K) NonClass: 14812K(14976K)->14812K(14976K) Class: 1788K(2048K)->1788K(2048K)
[2025-12-25T04:49:19.555+0000][gc          ] GC(900) Pause Young (Normal) (G1 Evacuation Pause) 961M->455M(1024M) 31.092ms
[2025-12-25T04:49:19.555+0000][gc,cpu      ] GC(900) User=0.22s Sys=0.00s Real=0.03s
[2025-12-25T04:49:49.307+0000][gc,start    ] GC(901) Pause Young (Normal) (G1 Evacuation Pause)
[2025-12-25T04:49:49.308+0000][gc,task     ] GC(901) Using 8 workers of 8 for evacuation
[2025-12-25T04:49:49.339+0000][gc,phases   ] GC(901)   Pre Evacuate Collection Set: 1.4ms
[2025-12-25T04:49:49.339+0000][gc,phases   ] GC(901)   Merge Heap Roots: 0.7ms
[2025-12-25T04:49:49.339+0000][gc,phases   ] GC(901)   Evacuate Collection Set: 26.8ms
[2025-12-25T04:49:49.339+0000][gc,phases   ] GC(901)   Post Evacuate Collection Set: 2.2ms
[2025-12-25T04:49:49.339+0000][gc,phases   ] GC(901)   Other: 0.2ms
[2025-12-25T04:49:49.340+0000][gc,heap     ] GC(901) Eden regions: 504->0(506)
[2025-12-25T04:49:49.340+0000][gc,heap     ] GC(901) Survivor regions: 11->10(63)
[2025-12-25T04:49:49.340+0000][gc,heap     ] GC(901) Old regions: 295->295
[2025-12-25T04:49:49.340+0000][gc,heap     ] GC(901) Humongous regions: 151->151
[2025-12-25T04:49:49.340+0000][gc,metaspace] GC(901) Metaspace: 16601K(17024K)->16601K(17024K) NonClass: 14812K(14976K)->14812K(14976K) Class: 1788K(2048K)->1788K(2048K)
[2025-12-25T04:49:49.341+0000][gc          ] GC(901) Pause Young (Normal) (G1 Evacuation Pause) 959M->455M(1024M) 33.582ms
[2025-12-25T04:49:49.341+0000][gc,cpu      ] GC(901) User=0.19s Sys=0.01s Real=0.03s
[2025-12-25T04:50:19.155+0000][gc,start    ] GC(902) Pause Young (Normal) (G1 Evacuation Pause)
[2025-12-25T04:50:19.156+0000][gc,task     ] GC(902) Using 8 workers of 8 for evacuation
[2025-12-25T04:50:19.189+0000][gc,phases   ] GC(902)   Pre Evacuate Collection Set: 1.4ms
[2025-12-25T04:50:19.189+0000][gc,phases   ] GC(902)   Merge Heap Roots: 0.5ms
[2025-12-25T04:50:19.189+0000][gc,phases   ] GC(902)   Evacuate Collection Set: 29.9ms
[2025-12-25T04:50:19.189+0000][gc,phases   ] GC(902)   Post Evacuate Collection Set: 1.2ms
[2025-12-25T04:50:19.189+0000][gc,phases   ] GC(902)   Other: 0.3ms
[2025-12-25T04:50:19.189+0000][gc,heap     ] GC(902) Eden regions: 506->0(506)
[2025-12-25T04:50:19.189+0000][gc,heap     ] GC(902) Survivor regions: 10->10(62)
[2025-12-25T04:50:19.189+0000][gc,heap     ] GC(902) Old regions: 295->295
[2025-12-25T04:50:19.190+0000][gc,heap     ] GC(902) Humongous regions: 151->151
[2025-12-25T04:50:19.190+0000][gc,metaspace] GC(902) Metaspace: 16601K(17024K)->16601K(17024K) NonClass: 14812K(14976K)->14812K(14976K) Class: 1788K(2048K)->1788K(2048K)
[2025-12-25T04:50:19.190+0000][gc          ] GC(902) Pause Young (Normal) (G1 Evacuation Pause) 961M->455M(1024M) 34.560ms
[2025-12-25T04:50:19.190+0000][gc,cpu      ] GC(902) User=0.25s Sys=0.01s Real=0.03s
[2025-12-25T04:50:39.598+0000][gc,start    ] GC(903) Pause Young (Normal) (G1 Evacuation Pause)
[2025-12-25T04:50:39.598+0000][gc,task     ] GC(903) Using 8 workers of 8 for evacuation
[2025-12-25T04:50:39.634+0000][gc,phases   ] GC(903)   Pre Evacuate Collection Set: 3.6ms
[2025-12-25T04:50:39.634+0000][gc,phases   ] GC(903)   Merge Heap Roots: 1.4ms
[2025-12-25T04:50:39.634+0000][gc,phases   ] GC(903)   Evacuate Collection Set: 28.5ms
[2025-12-25T04:50:39.634+0000][gc,phases   ] GC(903)   Post Evacuate Collection Set: 1.8ms
[2025-12-25T04:50:39.634+0000][gc,phases   ] GC(903)   Other: 0.4ms
[2025-12-25T04:50:39.634+0000][gc,heap     ] GC(903) Eden regions: 506->0(501)
[2025-12-25T04:50:39.634+0000][gc,heap     ] GC(903) Survivor regions: 10->12(62)
[2025-12-25T04:50:39.635+0000][gc,heap     ] GC(903) Old regions: 295->296
[2025-12-25T04:50:39.635+0000][gc,heap     ] GC(903) Humongous regions: 151->151
[2025-12-25T04:50:39.635+0000][gc,metaspace] GC(903) Metaspace: 16601K(17024K)->16601K(17024K) NonClass: 14812K(14976K)->14812K(14976K) Class: 1788K(2048K)->1788K(2048K)
[2025-12-25T04:50:39.635+0000][gc          ] GC(903) Pause Young (Normal) (G1 Evacuation Pause) 961M->457M(1024M) 36.899ms
[2025-12-25T04:50:39.635+0000][gc,cpu      ] GC(903) User=0.24s Sys=0.00s Real=0.04s
[2025-12-25T04:51:09.366+0000][gc,start    ] GC(904) Pause Young (Normal) (G1 Evacuation Pause)
[2025-12-25T04:51:09.367+0000][gc,task     ] GC(904) Using 8 workers of 8 for evacuation
[2025-12-25T04:51:09.389+0000][gc,phases   ] GC(904)   Pre Evacuate Collection Set: 2.7ms
[2025-12-25T04:51:09.390+0000][gc,phases   ] GC(904)   Merge Heap Roots: 1.3ms
[2025-12-25T04:51:09.390+0000][gc,phases   ] GC(904)   Evacuate Collection Set: 17.1ms
[2025-12-25T04:51:09.390+0000][gc,phases   ] GC(904)   Post Evacuate Collection Set: 1.1ms
[2025-12-25T04:51:09.390+0000][gc,phases   ] GC(904)   Other: 0.4ms
[2025-12-25T04:51:09.390+0000][gc,heap     ] GC(904) Eden regions: 501->0(509)
[2025-12-25T04:51:09.390+0000][gc,heap     ] GC(904) Survivor regions: 12->8(64)
[2025-12-25T04:51:09.390+0000][gc,heap     ] GC(904) Old regions: 296->296
[2025-12-25T04:51:09.390+0000][gc,heap     ] GC(904) Humongous regions: 151->151
[2025-12-25T04:51:09.390+0000][gc,metaspace] GC(904) Metaspace: 16601K(17024K)->16601K(17024K) NonClass: 14812K(14976K)->14812K(14976K) Class: 1788K(2048K)->1788K(2048K)
[2025-12-25T04:51:09.390+0000][gc          ] GC(904) Pause Young (Normal) (G1 Evacuation Pause) 958M->454M(1024M) 23.951ms
[2025-12-25T04:51:09.390+0000][gc,cpu      ] GC(904) User=0.16s Sys=0.00s Real=0.02s
[2025-12-25T04:51:39.304+0000][gc,start    ] GC(905) Pause Young (Normal) (G1 Evacuation Pause)
[2025-12-25T04:51:39.305+0000][gc,task     ] GC(905) Using 8 workers of 8 for evacuation
[2025-12-25T04:51:39.342+0000][gc,phases   ] GC(905)   Pre Evacuate Collection Set: 3.4ms
[2025-12-25T04:51:39.342+0000][gc,phases   ] GC(905)   Merge Heap Roots: 0.5ms
[2025-12-25T04:51:39.342+0000][gc,phases   ] GC(905)   Evacuate Collection Set: 31.2ms
[2025-12-25T04:51:39.342+0000][gc,phases   ] GC(905)   Post Evacuate Collection Set: 1.7ms
[2025-12-25T04:51:39.342+0000][gc,phases   ] GC(905)   Other: 0.7ms
[2025-12-25T04:51:39.342+0000][gc,heap     ] GC(905) Eden regions: 509->0(509)
[2025-12-25T04:51:39.342+0000][gc,heap     ] GC(905) Survivor regions: 8->8(60)
[2025-12-25T04:51:39.342+0000][gc,heap     ] GC(905) Old regions: 296->296
[2025-12-25T04:51:39.343+0000][gc,heap     ] GC(905) Humongous regions: 151->151
[2025-12-25T04:51:39.343+0000][gc,metaspace] GC(905) Metaspace: 16601K(17024K)->16601K(17024K) NonClass: 14812K(14976K)->14812K(14976K) Class: 1788K(2048K)->1788K(2048K)
[2025-12-25T04:51:39.343+0000][gc          ] GC(905) Pause Young (Normal) (G1 Evacuation Pause) 963M->454M(1024M) 39.058ms
[2025-12-25T04:51:39.343+0000][gc,cpu      ] GC(905) User=0.16s Sys=0.03s Real=0.04s
[2025-12-25T04:51:59.699+0000][gc,start    ] GC(906) Pause Young (Normal) (G1 Evacuation Pause)
[2025-12-25T04:51:59.699+0000][gc,task     ] GC(906) Using 8 workers of 8 for evacuation
[2025-12-25T04:51:59.721+0000][gc,phases   ] GC(906)   Pre Evacuate Collection Set: 1.1ms
[2025-12-25T04:51:59.721+0000][gc,phases   ] GC(906)   Merge Heap Roots: 0.4ms
[2025-12-25T04:51:59.721+0000][gc,phases   ] GC(906)   Evacuate Collection Set: 18.7ms
[2025-12-25T04:51:59.721+0000][gc,phases   ] GC(906)   Post Evacuate Collection Set: 1.2ms
[2025-12-25T04:51:59.721+0000][gc,phases   ] GC(906)   Other: 0.2ms
[2025-12-25T04:51:59.721+0000][gc,heap     ] GC(906) Eden regions: 509->0(506)
[2025-12-25T04:51:59.721+0000][gc,heap     ] GC(906) Survivor regions: 8->9(60)
[2025-12-25T04:51:59.722+0000][gc,heap     ] GC(906) Old regions: 296->297
[2025-12-25T04:51:59.722+0000][gc,heap     ] GC(906) Humongous regions: 151->151
[2025-12-25T04:51:59.722+0000][gc,metaspace] GC(906) Metaspace: 16601K(17024K)->16601K(17024K) NonClass: 14812K(14976K)->14812K(14976K) Class: 1788K(2048K)->1788K(2048K)
[2025-12-25T04:51:59.722+0000][gc          ] GC(906) Pause Young (Normal) (G1 Evacuation Pause) 963M->456M(1024M) 22.865ms
[2025-12-25T04:51:59.722+0000][gc,cpu      ] GC(906) User=0.16s Sys=0.00s Real=0.03s
[2025-12-25T04:52:29.548+0000][gc,start    ] GC(907) Pause Young (Normal) (G1 Evacuation Pause)
[2025-12-25T04:52:29.548+0000][gc,task     ] GC(907) Using 8 workers of 8 for evacuation
[2025-12-25T04:52:29.578+0000][gc,phases   ] GC(907)   Pre Evacuate Collection Set: 1.7ms
[2025-12-25T04:52:29.578+0000][gc,phases   ] GC(907)   Merge Heap Roots: 2.0ms
[2025-12-25T04:52:29.578+0000][gc,phases   ] GC(907)   Evacuate Collection Set: 24.0ms
[2025-12-25T04:52:29.578+0000][gc,phases   ] GC(907)   Post Evacuate Collection Set: 1.3ms
[2025-12-25T04:52:29.578+0000][gc,phases   ] GC(907)   Other: 0.4ms
[2025-12-25T04:52:29.578+0000][gc,heap     ] GC(907) Eden regions: 506->0(504)
[2025-12-25T04:52:29.578+0000][gc,heap     ] GC(907) Survivor regions: 9->10(61)
[2025-12-25T04:52:29.578+0000][gc,heap     ] GC(907) Old regions: 297->297
[2025-12-25T04:52:29.578+0000][gc,heap     ] GC(907) Humongous regions: 151->151
[2025-12-25T04:52:29.579+0000][gc,metaspace] GC(907) Metaspace: 16601K(17024K)->16601K(17024K) NonClass: 14812K(14976K)->14812K(14976K) Class: 1788K(2048K)->1788K(2048K)
[2025-12-25T04:52:29.579+0000][gc          ] GC(907) Pause Young (Normal) (G1 Evacuation Pause) 962M->456M(1024M) 30.560ms
[2025-12-25T04:52:29.579+0000][gc,cpu      ] GC(907) User=0.21s Sys=0.00s Real=0.03s
[2025-12-25T04:52:59.374+0000][gc,start    ] GC(908) Pause Young (Normal) (G1 Evacuation Pause)
[2025-12-25T04:52:59.374+0000][gc,task     ] GC(908) Using 8 workers of 8 for evacuation
[2025-12-25T04:52:59.405+0000][gc,phases   ] GC(908)   Pre Evacuate Collection Set: 1.4ms
[2025-12-25T04:52:59.405+0000][gc,phases   ] GC(908)   Merge Heap Roots: 2.9ms
[2025-12-25T04:52:59.405+0000][gc,phases   ] GC(908)   Evacuate Collection Set: 24.2ms
[2025-12-25T04:52:59.405+0000][gc,phases   ] GC(908)   Post Evacuate Collection Set: 1.4ms
[2025-12-25T04:52:59.405+0000][gc,phases   ] GC(908)   Other: 0.5ms
[2025-12-25T04:52:59.405+0000][gc,heap     ] GC(908) Eden regions: 504->0(506)
[2025-12-25T04:52:59.405+0000][gc,heap     ] GC(908) Survivor regions: 10->9(62)
[2025-12-25T04:52:59.405+0000][gc,heap     ] GC(908) Old regions: 297->297
[2025-12-25T04:52:59.405+0000][gc,heap     ] GC(908) Humongous regions: 151->151
[2025-12-25T04:52:59.405+0000][gc,metaspace] GC(908) Metaspace: 16601K(17024K)->16601K(17024K) NonClass: 14812K(14976K)->14812K(14976K) Class: 1788K(2048K)->1788K(2048K)
[2025-12-25T04:52:59.405+0000][gc          ] GC(908) Pause Young (Normal) (G1 Evacuation Pause) 960M->456M(1024M) 31.313ms
[2025-12-25T04:52:59.405+0000][gc,cpu      ] GC(908) User=0.21s Sys=0.00s Real=0.03s
[2025-12-25T04:53:29.189+0000][gc,start    ] GC(909) Pause Young (Normal) (G1 Evacuation Pause)
[2025-12-25T04:53:29.190+0000][gc,task     ] GC(909) Using 8 workers of 8 for evacuation
[2025-12-25T04:53:29.208+0000][gc,phases   ] GC(909)   Pre Evacuate Collection Set: 1.4ms
[2025-12-25T04:53:29.208+0000][gc,phases   ] GC(909)   Merge Heap Roots: 0.4ms
[2025-12-25T04:53:29.208+0000][gc,phases   ] GC(909)   Evacuate Collection Set: 15.3ms
[2025-12-25T04:53:29.209+0000][gc,phases   ] GC(909)   Post Evacuate Collection Set: 1.1ms
[2025-12-25T04:53:29.209+0000][gc,phases   ] GC(909)   Other: 0.3ms
[2025-12-25T04:53:29.209+0000][gc,heap     ] GC(909) Eden regions: 506->0(505)
[2025-12-25T04:53:29.209+0000][gc,heap     ] GC(909) Survivor regions: 9->9(61)
[2025-12-25T04:53:29.209+0000][gc,heap     ] GC(909) Old regions: 297->298
[2025-12-25T04:53:29.209+0000][gc,heap     ] GC(909) Humongous regions: 151->151
[2025-12-25T04:53:29.209+0000][gc,metaspace] GC(909) Metaspace: 16601K(17024K)->16601K(17024K) NonClass: 14812K(14976K)->14812K(14976K) Class: 1788K(2048K)->1788K(2048K)
[2025-12-25T04:53:29.209+0000][gc          ] GC(909) Pause Young (Normal) (G1 Evacuation Pause) 962M->456M(1024M) 19.805ms
[2025-12-25T04:53:29.209+0000][gc,cpu      ] GC(909) User=0.13s Sys=0.00s Real=0.02s
[2025-12-25T04:53:49.625+0000][gc,start    ] GC(910) Pause Young (Normal) (G1 Evacuation Pause)
[2025-12-25T04:53:49.626+0000][gc,task     ] GC(910) Using 8 workers of 8 for evacuation
[2025-12-25T04:53:49.659+0000][gc,phases   ] GC(910)   Pre Evacuate Collection Set: 7.4ms
[2025-12-25T04:53:49.659+0000][gc,phases   ] GC(910)   Merge Heap Roots: 1.0ms
[2025-12-25T04:53:49.659+0000][gc,phases   ] GC(910)   Evacuate Collection Set: 21.1ms
[2025-12-25T04:53:49.659+0000][gc,phases   ] GC(910)   Post Evacuate Collection Set: 2.2ms
[2025-12-25T04:53:49.659+0000][gc,phases   ] GC(910)   Other: 1.1ms
[2025-12-25T04:53:49.659+0000][gc,heap     ] GC(910) Eden regions: 505->0(509)
[2025-12-25T04:53:49.660+0000][gc,heap     ] GC(910) Survivor regions: 9->7(61)
[2025-12-25T04:53:49.660+0000][gc,heap     ] GC(910) Old regions: 298->298
[2025-12-25T04:53:49.660+0000][gc,heap     ] GC(910) Humongous regions: 151->151
[2025-12-25T04:53:49.660+0000][gc,metaspace] GC(910) Metaspace: 16601K(17024K)->16601K(17024K) NonClass: 14812K(14976K)->14812K(14976K) Class: 1788K(2048K)->1788K(2048K)
[2025-12-25T04:53:49.660+0000][gc          ] GC(910) Pause Young (Normal) (G1 Evacuation Pause) 961M->455M(1024M) 34.479ms
[2025-12-25T04:53:49.660+0000][gc,cpu      ] GC(910) User=0.20s Sys=0.01s Real=0.03s
[2025-12-25T04:54:22.533+0000][gc,start    ] GC(911) Pause Young (Normal) (G1 Evacuation Pause)
[2025-12-25T04:54:22.533+0000][gc,task     ] GC(911) Using 8 workers of 8 for evacuation
[2025-12-25T04:54:22.564+0000][gc,phases   ] GC(911)   Pre Evacuate Collection Set: 1.5ms
[2025-12-25T04:54:22.564+0000][gc,phases   ] GC(911)   Merge Heap Roots: 0.9ms
[2025-12-25T04:54:22.564+0000][gc,phases   ] GC(911)   Evacuate Collection Set: 26.7ms
[2025-12-25T04:54:22.564+0000][gc,phases   ] GC(911)   Post Evacuate Collection Set: 1.1ms
[2025-12-25T04:54:22.564+0000][gc,phases   ] GC(911)   Other: 0.2ms
[2025-12-25T04:54:22.564+0000][gc,heap     ] GC(911) Eden regions: 509->0(509)
[2025-12-25T04:54:22.564+0000][gc,heap     ] GC(911) Survivor regions: 7->7(59)
[2025-12-25T04:54:22.564+0000][gc,heap     ] GC(911) Old regions: 298->298
[2025-12-25T04:54:22.564+0000][gc,heap     ] GC(911) Humongous regions: 151->151
[2025-12-25T04:54:22.564+0000][gc,metaspace] GC(911) Metaspace: 16601K(17024K)->16601K(17024K) NonClass: 14812K(14976K)->14812K(14976K) Class: 1788K(2048K)->1788K(2048K)
[2025-12-25T04:54:22.564+0000][gc          ] GC(911) Pause Young (Normal) (G1 Evacuation Pause) 964M->455M(1024M) 31.336ms
[2025-12-25T04:54:22.564+0000][gc,cpu      ] GC(911) User=0.22s Sys=0.00s Real=0.03s
[2025-12-25T04:54:52.385+0000][gc,start    ] GC(912) Pause Young (Normal) (G1 Evacuation Pause)
[2025-12-25T04:54:52.385+0000][gc,task     ] GC(912) Using 8 workers of 8 for evacuation
[2025-12-25T04:54:52.418+0000][gc,phases   ] GC(912)   Pre Evacuate Collection Set: 1.4ms
[2025-12-25T04:54:52.418+0000][gc,phases   ] GC(912)   Merge Heap Roots: 0.5ms
[2025-12-25T04:54:52.418+0000][gc,phases   ] GC(912)   Evacuate Collection Set: 28.9ms
[2025-12-25T04:54:52.418+0000][gc,phases   ] GC(912)   Post Evacuate Collection Set: 1.1ms
[2025-12-25T04:54:52.418+0000][gc,phases   ] GC(912)   Other: 0.2ms
[2025-12-25T04:54:52.418+0000][gc,heap     ] GC(912) Eden regions: 509->0(509)
[2025-12-25T04:54:52.418+0000][gc,heap     ] GC(912) Survivor regions: 7->7(59)
[2025-12-25T04:54:52.418+0000][gc,heap     ] GC(912) Old regions: 298->298
[2025-12-25T04:54:52.418+0000][gc,heap     ] GC(912) Humongous regions: 151->151
[2025-12-25T04:54:52.418+0000][gc,metaspace] GC(912) Metaspace: 16601K(17024K)->16601K(17024K) NonClass: 14812K(14976K)->14812K(14976K) Class: 1788K(2048K)->1788K(2048K)
[2025-12-25T04:54:52.418+0000][gc          ] GC(912) Pause Young (Normal) (G1 Evacuation Pause) 964M->454M(1024M) 33.332ms
[2025-12-25T04:54:52.418+0000][gc,cpu      ] GC(912) User=0.25s Sys=0.00s Real=0.04s
[2025-12-25T05:10:20.219+0000][gc,start    ] GC(913) Pause Young (Normal) (G1 Evacuation Pause)
[2025-12-25T05:10:20.220+0000][gc,task     ] GC(913) Using 8 workers of 8 for evacuation
[2025-12-25T05:10:20.258+0000][gc,phases   ] GC(913)   Pre Evacuate Collection Set: 1.4ms
[2025-12-25T05:10:20.258+0000][gc,phases   ] GC(913)   Merge Heap Roots: 0.4ms
[2025-12-25T05:10:20.258+0000][gc,phases   ] GC(913)   Evacuate Collection Set: 34.6ms
[2025-12-25T05:10:20.258+0000][gc,phases   ] GC(913)   Post Evacuate Collection Set: 1.5ms
[2025-12-25T05:10:20.258+0000][gc,phases   ] GC(913)   Other: 0.3ms
[2025-12-25T05:10:20.258+0000][gc,heap     ] GC(913) Eden regions: 509->0(510)
[2025-12-25T05:10:20.258+0000][gc,heap     ] GC(913) Survivor regions: 7->6(59)
[2025-12-25T05:10:20.258+0000][gc,heap     ] GC(913) Old regions: 298->299
[2025-12-25T05:10:20.258+0000][gc,heap     ] GC(913) Humongous regions: 151->151
[2025-12-25T05:10:20.258+0000][gc,metaspace] GC(913) Metaspace: 16601K(17024K)->16601K(17024K) NonClass: 14813K(14976K)->14813K(14976K) Class: 1788K(2048K)->1788K(2048K)
[2025-12-25T05:10:20.259+0000][gc          ] GC(913) Pause Young (Normal) (G1 Evacuation Pause) 963M->454M(1024M) 39.303ms
[2025-12-25T05:10:20.259+0000][gc,cpu      ] GC(913) User=0.28s Sys=0.01s Real=0.04s
[2025-12-25T05:10:40.701+0000][gc,start    ] GC(914) Pause Young (Normal) (G1 Evacuation Pause)
[2025-12-25T05:10:40.703+0000][gc,task     ] GC(914) Using 8 workers of 8 for evacuation
[2025-12-25T05:10:40.734+0000][gc,phases   ] GC(914)   Pre Evacuate Collection Set: 1.2ms
[2025-12-25T05:10:40.735+0000][gc,phases   ] GC(914)   Merge Heap Roots: 0.5ms
[2025-12-25T05:10:40.735+0000][gc,phases   ] GC(914)   Evacuate Collection Set: 28.6ms
[2025-12-25T05:10:40.735+0000][gc,phases   ] GC(914)   Post Evacuate Collection Set: 1.2ms
[2025-12-25T05:10:40.735+0000][gc,phases   ] GC(914)   Other: 0.4ms
[2025-12-25T05:10:40.735+0000][gc,heap     ] GC(914) Eden regions: 510->0(505)
[2025-12-25T05:10:40.735+0000][gc,heap     ] GC(914) Survivor regions: 6->8(58)
[2025-12-25T05:10:40.735+0000][gc,heap     ] GC(914) Old regions: 299->300
[2025-12-25T05:10:40.735+0000][gc,heap     ] GC(914) Humongous regions: 151->151
[2025-12-25T05:10:40.735+0000][gc,metaspace] GC(914) Metaspace: 16601K(17024K)->16601K(17024K) NonClass: 14813K(14976K)->14813K(14976K) Class: 1788K(2048K)->1788K(2048K)
[2025-12-25T05:10:40.735+0000][gc          ] GC(914) Pause Young (Normal) (G1 Evacuation Pause) 964M->457M(1024M) 33.791ms
[2025-12-25T05:10:40.735+0000][gc,cpu      ] GC(914) User=0.21s Sys=0.00s Real=0.03s
[2025-12-25T05:11:11.635+0000][gc,start    ] GC(915) Pause Young (Normal) (G1 Evacuation Pause)
[2025-12-25T05:11:11.642+0000][gc,task     ] GC(915) Using 8 workers of 8 for evacuation
[2025-12-25T05:11:11.781+0000][gc,phases   ] GC(915)   Pre Evacuate Collection Set: 21.8ms
[2025-12-25T05:11:11.782+0000][gc,phases   ] GC(915)   Merge Heap Roots: 3.3ms
[2025-12-25T05:11:11.782+0000][gc,phases   ] GC(915)   Evacuate Collection Set: 100.2ms
[2025-12-25T05:11:11.782+0000][gc,phases   ] GC(915)   Post Evacuate Collection Set: 4.8ms
[2025-12-25T05:11:11.782+0000][gc,phases   ] GC(915)   Other: 10.0ms
[2025-12-25T05:11:11.783+0000][gc,heap     ] GC(915) Eden regions: 505->0(507)
[2025-12-25T05:11:11.783+0000][gc,heap     ] GC(915) Survivor regions: 8->7(60)
[2025-12-25T05:11:11.783+0000][gc,heap     ] GC(915) Old regions: 300->300
[2025-12-25T05:11:11.783+0000][gc,heap     ] GC(915) Humongous regions: 151->151
[2025-12-25T05:11:11.784+0000][gc,metaspace] GC(915) Metaspace: 16601K(17024K)->16601K(17024K) NonClass: 14813K(14976K)->14813K(14976K) Class: 1788K(2048K)->1788K(2048K)
[2025-12-25T05:11:11.784+0000][gc          ] GC(915) Pause Young (Normal) (G1 Evacuation Pause) 962M->457M(1024M) 149.007ms
[2025-12-25T05:11:11.784+0000][gc,cpu      ] GC(915) User=0.55s Sys=0.03s Real=0.14s
[2025-12-25T05:11:40.415+0000][gc,start    ] GC(916) Pause Young (Normal) (G1 Evacuation Pause)
[2025-12-25T05:11:40.416+0000][gc,task     ] GC(916) Using 8 workers of 8 for evacuation
[2025-12-25T05:11:40.448+0000][gc,phases   ] GC(916)   Pre Evacuate Collection Set: 3.2ms
[2025-12-25T05:11:40.448+0000][gc,phases   ] GC(916)   Merge Heap Roots: 0.6ms
[2025-12-25T05:11:40.448+0000][gc,phases   ] GC(916)   Evacuate Collection Set: 25.8ms
[2025-12-25T05:11:40.448+0000][gc,phases   ] GC(916)   Post Evacuate Collection Set: 2.1ms
[2025-12-25T05:11:40.449+0000][gc,phases   ] GC(916)   Other: 0.6ms
[2025-12-25T05:11:40.449+0000][gc,heap     ] GC(916) Eden regions: 507->0(513)
[2025-12-25T05:11:40.449+0000][gc,heap     ] GC(916) Survivor regions: 7->4(59)
[2025-12-25T05:11:40.449+0000][gc,heap     ] GC(916) Old regions: 300->300
[2025-12-25T05:11:40.449+0000][gc,heap     ] GC(916) Humongous regions: 151->151
[2025-12-25T05:11:40.449+0000][gc,metaspace] GC(916) Metaspace: 16601K(17024K)->16601K(17024K) NonClass: 14813K(14976K)->14813K(14976K) Class: 1788K(2048K)->1788K(2048K)
[2025-12-25T05:11:40.449+0000][gc          ] GC(916) Pause Young (Normal) (G1 Evacuation Pause) 964M->454M(1024M) 34.266ms
[2025-12-25T05:11:40.449+0000][gc,cpu      ] GC(916) User=0.20s Sys=0.01s Real=0.03s
[2025-12-25T05:27:05.338+0000][gc,start    ] GC(917) Pause Young (Normal) (G1 Evacuation Pause)
[2025-12-25T05:27:05.340+0000][gc,task     ] GC(917) Using 8 workers of 8 for evacuation
[2025-12-25T05:27:05.358+0000][gc,phases   ] GC(917)   Pre Evacuate Collection Set: 2.5ms
[2025-12-25T05:27:05.358+0000][gc,phases   ] GC(917)   Merge Heap Roots: 0.5ms
[2025-12-25T05:27:05.358+0000][gc,phases   ] GC(917)   Evacuate Collection Set: 12.0ms
[2025-12-25T05:27:05.358+0000][gc,phases   ] GC(917)   Post Evacuate Collection Set: 2.4ms
[2025-12-25T05:27:05.358+0000][gc,phases   ] GC(917)   Other: 0.7ms
[2025-12-25T05:27:05.358+0000][gc,heap     ] GC(917) Eden regions: 513->0(513)
[2025-12-25T05:27:05.358+0000][gc,heap     ] GC(917) Survivor regions: 4->4(56)
[2025-12-25T05:27:05.358+0000][gc,heap     ] GC(917) Old regions: 300->300
[2025-12-25T05:27:05.359+0000][gc,heap     ] GC(917) Humongous regions: 151->151
[2025-12-25T05:27:05.359+0000][gc,metaspace] GC(917) Metaspace: 16606K(17024K)->16606K(17024K) NonClass: 14818K(14976K)->14818K(14976K) Class: 1788K(2048K)->1788K(2048K)
[2025-12-25T05:27:05.359+0000][gc          ] GC(917) Pause Young (Normal) (G1 Evacuation Pause) 967M->454M(1024M) 21.309ms
[2025-12-25T05:27:05.359+0000][gc,cpu      ] GC(917) User=0.11s Sys=0.00s Real=0.02s
[2025-12-25T05:27:28.926+0000][gc,start    ] GC(918) Pause Young (Normal) (G1 Evacuation Pause)
[2025-12-25T05:27:28.927+0000][gc,task     ] GC(918) Using 8 workers of 8 for evacuation
[2025-12-25T05:27:28.944+0000][gc,phases   ] GC(918)   Pre Evacuate Collection Set: 2.7ms
[2025-12-25T05:27:28.944+0000][gc,phases   ] GC(918)   Merge Heap Roots: 1.2ms
[2025-12-25T05:27:28.944+0000][gc,phases   ] GC(918)   Evacuate Collection Set: 11.9ms
[2025-12-25T05:27:28.944+0000][gc,phases   ] GC(918)   Post Evacuate Collection Set: 1.0ms
[2025-12-25T05:27:28.944+0000][gc,phases   ] GC(918)   Other: 0.2ms
[2025-12-25T05:27:28.944+0000][gc,heap     ] GC(918) Eden regions: 513->0(508)
[2025-12-25T05:27:28.944+0000][gc,heap     ] GC(918) Survivor regions: 4->6(56)
[2025-12-25T05:27:28.944+0000][gc,heap     ] GC(918) Old regions: 300->301
[2025-12-25T05:27:28.944+0000][gc,heap     ] GC(918) Humongous regions: 151->151
[2025-12-25T05:27:28.944+0000][gc,metaspace] GC(918) Metaspace: 16606K(17024K)->16606K(17024K) NonClass: 14818K(14976K)->14818K(14976K) Class: 1788K(2048K)->1788K(2048K)
[2025-12-25T05:27:28.945+0000][gc          ] GC(918) Pause Young (Normal) (G1 Evacuation Pause) 967M->456M(1024M) 18.451ms
[2025-12-25T05:27:28.945+0000][gc,cpu      ] GC(918) User=0.12s Sys=0.01s Real=0.02s
[2025-12-25T05:27:58.738+0000][gc,start    ] GC(919) Pause Young (Normal) (G1 Evacuation Pause)
[2025-12-25T05:27:58.738+0000][gc,task     ] GC(919) Using 8 workers of 8 for evacuation
[2025-12-25T05:27:58.751+0000][gc,phases   ] GC(919)   Pre Evacuate Collection Set: 1.4ms
[2025-12-25T05:27:58.751+0000][gc,phases   ] GC(919)   Merge Heap Roots: 0.6ms
[2025-12-25T05:27:58.752+0000][gc,phases   ] GC(919)   Evacuate Collection Set: 9.5ms
[2025-12-25T05:27:58.752+0000][gc,phases   ] GC(919)   Post Evacuate Collection Set: 1.1ms
[2025-12-25T05:27:58.752+0000][gc,phases   ] GC(919)   Other: 0.4ms
[2025-12-25T05:27:58.752+0000][gc,heap     ] GC(919) Eden regions: 508->0(506)
[2025-12-25T05:27:58.752+0000][gc,heap     ] GC(919) Survivor regions: 6->7(58)
[2025-12-25T05:27:58.752+0000][gc,heap     ] GC(919) Old regions: 301->301
[2025-12-25T05:27:58.752+0000][gc,heap     ] GC(919) Humongous regions: 151->151
[2025-12-25T05:27:58.752+0000][gc,metaspace] GC(919) Metaspace: 16606K(17024K)->16606K(17024K) NonClass: 14818K(14976K)->14818K(14976K) Class: 1788K(2048K)->1788K(2048K)
[2025-12-25T05:27:58.752+0000][gc          ] GC(919) Pause Young (Normal) (G1 Evacuation Pause) 964M->457M(1024M) 14.142ms
[2025-12-25T05:27:58.752+0000][gc,cpu      ] GC(919) User=0.08s Sys=0.00s Real=0.02s
[2025-12-25T05:28:28.601+0000][gc,start    ] GC(920) Pause Young (Normal) (G1 Evacuation Pause)
[2025-12-25T05:28:28.602+0000][gc,task     ] GC(920) Using 8 workers of 8 for evacuation
[2025-12-25T05:28:28.620+0000][gc,phases   ] GC(920)   Pre Evacuate Collection Set: 1.1ms
[2025-12-25T05:28:28.620+0000][gc,phases   ] GC(920)   Merge Heap Roots: 0.2ms
[2025-12-25T05:28:28.620+0000][gc,phases   ] GC(920)   Evacuate Collection Set: 15.2ms
[2025-12-25T05:28:28.620+0000][gc,phases   ] GC(920)   Post Evacuate Collection Set: 1.3ms
[2025-12-25T05:28:28.620+0000][gc,phases   ] GC(920)   Other: 0.3ms
[2025-12-25T05:28:28.620+0000][gc,heap     ] GC(920) Eden regions: 506->0(506)
[2025-12-25T05:28:28.620+0000][gc,heap     ] GC(920) Survivor regions: 7->7(59)
[2025-12-25T05:28:28.620+0000][gc,heap     ] GC(920) Old regions: 301->301
[2025-12-25T05:28:28.620+0000][gc,heap     ] GC(920) Humongous regions: 151->151
[2025-12-25T05:28:28.620+0000][gc,metaspace] GC(920) Metaspace: 16606K(17024K)->16606K(17024K) NonClass: 14818K(14976K)->14818K(14976K) Class: 1788K(2048K)->1788K(2048K)
[2025-12-25T05:28:28.620+0000][gc          ] GC(920) Pause Young (Normal) (G1 Evacuation Pause) 963M->457M(1024M) 19.265ms
[2025-12-25T05:28:28.620+0000][gc,cpu      ] GC(920) User=0.11s Sys=0.00s Real=0.01s
[2025-12-25T05:28:49.028+0000][gc,start    ] GC(921) Pause Young (Normal) (G1 Evacuation Pause)
[2025-12-25T05:28:49.029+0000][gc,task     ] GC(921) Using 8 workers of 8 for evacuation
[2025-12-25T05:28:49.041+0000][gc,phases   ] GC(921)   Pre Evacuate Collection Set: 1.6ms
[2025-12-25T05:28:49.041+0000][gc,phases   ] GC(921)   Merge Heap Roots: 0.7ms
[2025-12-25T05:28:49.041+0000][gc,phases   ] GC(921)   Evacuate Collection Set: 8.6ms
[2025-12-25T05:28:49.041+0000][gc,phases   ] GC(921)   Post Evacuate Collection Set: 1.1ms
[2025-12-25T05:28:49.041+0000][gc,phases   ] GC(921)   Other: 0.2ms
[2025-12-25T05:28:49.041+0000][gc,heap     ] GC(921) Eden regions: 506->0(502)
[2025-12-25T05:28:49.041+0000][gc,heap     ] GC(921) Survivor regions: 7->9(59)
[2025-12-25T05:28:49.041+0000][gc,heap     ] GC(921) Old regions: 301->301
[2025-12-25T05:28:49.041+0000][gc,heap     ] GC(921) Humongous regions: 151->151
[2025-12-25T05:28:49.041+0000][gc,metaspace] GC(921) Metaspace: 16606K(17024K)->16606K(17024K) NonClass: 14818K(14976K)->14818K(14976K) Class: 1788K(2048K)->1788K(2048K)
[2025-12-25T05:28:49.041+0000][gc          ] GC(921) Pause Young (Normal) (G1 Evacuation Pause) 963M->459M(1024M) 13.375ms
[2025-12-25T05:28:49.041+0000][gc,cpu      ] GC(921) User=0.08s Sys=0.00s Real=0.02s
[2025-12-25T05:29:18.841+0000][gc,start    ] GC(922) Pause Young (Normal) (G1 Evacuation Pause)
[2025-12-25T05:29:18.842+0000][gc,task     ] GC(922) Using 8 workers of 8 for evacuation
[2025-12-25T05:29:18.856+0000][gc,phases   ] GC(922)   Pre Evacuate Collection Set: 1.1ms
[2025-12-25T05:29:18.857+0000][gc,phases   ] GC(922)   Merge Heap Roots: 0.3ms
[2025-12-25T05:29:18.857+0000][gc,phases   ] GC(922)   Evacuate Collection Set: 12.0ms
[2025-12-25T05:29:18.857+0000][gc,phases   ] GC(922)   Post Evacuate Collection Set: 1.1ms
[2025-12-25T05:29:18.857+0000][gc,phases   ] GC(922)   Other: 0.1ms
[2025-12-25T05:29:18.857+0000][gc,heap     ] GC(922) Eden regions: 502->0(502)
[2025-12-25T05:29:18.857+0000][gc,heap     ] GC(922) Survivor regions: 9->9(61)
[2025-12-25T05:29:18.857+0000][gc,heap     ] GC(922) Old regions: 301->301
[2025-12-25T05:29:18.857+0000][gc,heap     ] GC(922) Humongous regions: 151->151
[2025-12-25T05:29:18.857+0000][gc,metaspace] GC(922) Metaspace: 16606K(17024K)->16606K(17024K) NonClass: 14818K(14976K)->14818K(14976K) Class: 1788K(2048K)->1788K(2048K)
[2025-12-25T05:29:18.857+0000][gc          ] GC(922) Pause Young (Normal) (G1 Evacuation Pause) 961M->460M(1024M) 15.516ms
[2025-12-25T05:29:18.857+0000][gc,cpu      ] GC(922) User=0.09s Sys=0.00s Real=0.01s
[2025-12-25T05:29:48.661+0000][gc,start    ] GC(923) Pause Young (Normal) (G1 Evacuation Pause)
[2025-12-25T05:29:48.662+0000][gc,task     ] GC(923) Using 8 workers of 8 for evacuation
[2025-12-25T05:29:48.675+0000][gc,phases   ] GC(923)   Pre Evacuate Collection Set: 1.1ms
[2025-12-25T05:29:48.675+0000][gc,phases   ] GC(923)   Merge Heap Roots: 0.3ms
[2025-12-25T05:29:48.675+0000][gc,phases   ] GC(923)   Evacuate Collection Set: 10.4ms
[2025-12-25T05:29:48.675+0000][gc,phases   ] GC(923)   Post Evacuate Collection Set: 1.2ms
[2025-12-25T05:29:48.675+0000][gc,phases   ] GC(923)   Other: 0.2ms
[2025-12-25T05:29:48.675+0000][gc,heap     ] GC(923) Eden regions: 502->0(508)
[2025-12-25T05:29:48.675+0000][gc,heap     ] GC(923) Survivor regions: 9->6(61)
[2025-12-25T05:29:48.675+0000][gc,heap     ] GC(923) Old regions: 301->301
[2025-12-25T05:29:48.675+0000][gc,heap     ] GC(923) Humongous regions: 151->151
[2025-12-25T05:29:48.675+0000][gc,metaspace] GC(923) Metaspace: 16606K(17024K)->16606K(17024K) NonClass: 14818K(14976K)->14818K(14976K) Class: 1788K(2048K)->1788K(2048K)
[2025-12-25T05:29:48.675+0000][gc          ] GC(923) Pause Young (Normal) (G1 Evacuation Pause) 962M->457M(1024M) 14.567ms
[2025-12-25T05:29:48.675+0000][gc,cpu      ] GC(923) User=0.09s Sys=0.00s Real=0.01s
[2025-12-25T05:30:18.507+0000][gc,start    ] GC(924) Pause Young (Normal) (G1 Evacuation Pause)
[2025-12-25T05:30:18.508+0000][gc,task     ] GC(924) Using 8 workers of 8 for evacuation
[2025-12-25T05:30:18.528+0000][gc,phases   ] GC(924)   Pre Evacuate Collection Set: 1.5ms
[2025-12-25T05:30:18.528+0000][gc,phases   ] GC(924)   Merge Heap Roots: 0.3ms
[2025-12-25T05:30:18.528+0000][gc,phases   ] GC(924)   Evacuate Collection Set: 16.7ms
[2025-12-25T05:30:18.528+0000][gc,phases   ] GC(924)   Post Evacuate Collection Set: 1.2ms
[2025-12-25T05:30:18.528+0000][gc,phases   ] GC(924)   Other: 0.3ms
[2025-12-25T05:30:18.528+0000][gc,heap     ] GC(924) Eden regions: 508->0(508)
[2025-12-25T05:30:18.528+0000][gc,heap     ] GC(924) Survivor regions: 6->6(58)
[2025-12-25T05:30:18.528+0000][gc,heap     ] GC(924) Old regions: 301->301
[2025-12-25T05:30:18.528+0000][gc,heap     ] GC(924) Humongous regions: 151->151
[2025-12-25T05:30:18.529+0000][gc,metaspace] GC(924) Metaspace: 16606K(17024K)->16606K(17024K) NonClass: 14818K(14976K)->14818K(14976K) Class: 1788K(2048K)->1788K(2048K)
[2025-12-25T05:30:18.529+0000][gc          ] GC(924) Pause Young (Normal) (G1 Evacuation Pause) 965M->456M(1024M) 21.266ms
[2025-12-25T05:30:18.529+0000][gc,cpu      ] GC(924) User=0.14s Sys=0.00s Real=0.02s
[2025-12-25T05:30:38.961+0000][gc,start    ] GC(925) Pause Young (Normal) (G1 Evacuation Pause)
[2025-12-25T05:30:38.962+0000][gc,task     ] GC(925) Using 8 workers of 8 for evacuation
[2025-12-25T05:30:38.971+0000][gc,phases   ] GC(925)   Pre Evacuate Collection Set: 1.1ms
[2025-12-25T05:30:38.971+0000][gc,phases   ] GC(925)   Merge Heap Roots: 0.3ms
[2025-12-25T05:30:38.971+0000][gc,phases   ] GC(925)   Evacuate Collection Set: 6.4ms
[2025-12-25T05:30:38.971+0000][gc,phases   ] GC(925)   Post Evacuate Collection Set: 1.2ms
[2025-12-25T05:30:38.971+0000][gc,phases   ] GC(925)   Other: 0.4ms
[2025-12-25T05:30:38.971+0000][gc,heap     ] GC(925) Eden regions: 508->0(504)
[2025-12-25T05:30:38.971+0000][gc,heap     ] GC(925) Survivor regions: 6->8(58)
[2025-12-25T05:30:38.971+0000][gc,heap     ] GC(925) Old regions: 301->301
[2025-12-25T05:30:38.971+0000][gc,heap     ] GC(925) Humongous regions: 151->151
[2025-12-25T05:30:38.971+0000][gc,metaspace] GC(925) Metaspace: 16606K(17024K)->16606K(17024K) NonClass: 14818K(14976K)->14818K(14976K) Class: 1788K(2048K)->1788K(2048K)
[2025-12-25T05:30:38.972+0000][gc          ] GC(925) Pause Young (Normal) (G1 Evacuation Pause) 964M->459M(1024M) 10.578ms
[2025-12-25T05:30:38.972+0000][gc,cpu      ] GC(925) User=0.06s Sys=0.00s Real=0.01s
[2025-12-25T05:31:08.753+0000][gc,start    ] GC(926) Pause Young (Normal) (G1 Evacuation Pause)
[2025-12-25T05:31:08.753+0000][gc,task     ] GC(926) Using 8 workers of 8 for evacuation
[2025-12-25T05:31:08.770+0000][gc,phases   ] GC(926)   Pre Evacuate Collection Set: 3.2ms
[2025-12-25T05:31:08.770+0000][gc,phases   ] GC(926)   Merge Heap Roots: 0.8ms
[2025-12-25T05:31:08.770+0000][gc,phases   ] GC(926)   Evacuate Collection Set: 8.6ms
[2025-12-25T05:31:08.770+0000][gc,phases   ] GC(926)   Post Evacuate Collection Set: 3.2ms
[2025-12-25T05:31:08.770+0000][gc,phases   ] GC(926)   Other: 0.5ms
[2025-12-25T05:31:08.770+0000][gc,heap     ] GC(926) Eden regions: 504->0(504)
[2025-12-25T05:31:08.770+0000][gc,heap     ] GC(926) Survivor regions: 8->8(60)
[2025-12-25T05:31:08.770+0000][gc,heap     ] GC(926) Old regions: 301->301
[2025-12-25T05:31:08.770+0000][gc,heap     ] GC(926) Humongous regions: 151->151
[2025-12-25T05:31:08.770+0000][gc,metaspace] GC(926) Metaspace: 16606K(17024K)->16606K(17024K) NonClass: 14818K(14976K)->14818K(14976K) Class: 1788K(2048K)->1788K(2048K)
[2025-12-25T05:31:08.770+0000][gc          ] GC(926) Pause Young (Normal) (G1 Evacuation Pause) 963M->459M(1024M) 17.552ms
[2025-12-25T05:31:08.770+0000][gc,cpu      ] GC(926) User=0.10s Sys=0.00s Real=0.02s
[2025-12-25T05:31:38.561+0000][gc,start    ] GC(927) Pause Young (Normal) (G1 Evacuation Pause)
[2025-12-25T05:31:38.564+0000][gc,task     ] GC(927) Using 8 workers of 8 for evacuation
[2025-12-25T05:31:38.587+0000][gc,phases   ] GC(927)   Pre Evacuate Collection Set: 2.8ms
[2025-12-25T05:31:38.587+0000][gc,phases   ] GC(927)   Merge Heap Roots: 0.4ms
[2025-12-25T05:31:38.587+0000][gc,phases   ] GC(927)   Evacuate Collection Set: 16.9ms
[2025-12-25T05:31:38.587+0000][gc,phases   ] GC(927)   Post Evacuate Collection Set: 1.9ms
[2025-12-25T05:31:38.587+0000][gc,phases   ] GC(927)   Other: 0.9ms
[2025-12-25T05:31:38.587+0000][gc,heap     ] GC(927) Eden regions: 504->0(503)
[2025-12-25T05:31:38.587+0000][gc,heap     ] GC(927) Survivor regions: 8->8(60)
[2025-12-25T05:31:38.587+0000][gc,heap     ] GC(927) Old regions: 301->302
[2025-12-25T05:31:38.587+0000][gc,heap     ] GC(927) Humongous regions: 151->151
[2025-12-25T05:31:38.587+0000][gc,metaspace] GC(927) Metaspace: 16606K(17024K)->16606K(17024K) NonClass: 14818K(14976K)->14818K(14976K) Class: 1788K(2048K)->1788K(2048K)
[2025-12-25T05:31:38.587+0000][gc          ] GC(927) Pause Young (Normal) (G1 Evacuation Pause) 963M->459M(1024M) 26.080ms
[2025-12-25T05:31:38.587+0000][gc,cpu      ] GC(927) User=0.11s Sys=0.00s Real=0.03s
[2025-12-25T05:31:59.047+0000][gc,start    ] GC(928) Pause Young (Normal) (G1 Evacuation Pause)
[2025-12-25T05:31:59.048+0000][gc,task     ] GC(928) Using 8 workers of 8 for evacuation
[2025-12-25T05:31:59.061+0000][gc,phases   ] GC(928)   Pre Evacuate Collection Set: 1.1ms
[2025-12-25T05:31:59.062+0000][gc,phases   ] GC(928)   Merge Heap Roots: 0.3ms
[2025-12-25T05:31:59.062+0000][gc,phases   ] GC(928)   Evacuate Collection Set: 11.3ms
[2025-12-25T05:31:59.062+0000][gc,phases   ] GC(928)   Post Evacuate Collection Set: 1.0ms
[2025-12-25T05:31:59.062+0000][gc,phases   ] GC(928)   Other: 0.2ms
[2025-12-25T05:31:59.062+0000][gc,heap     ] GC(928) Eden regions: 503->0(499)
[2025-12-25T05:31:59.062+0000][gc,heap     ] GC(928) Survivor regions: 8->10(60)
[2025-12-25T05:31:59.062+0000][gc,heap     ] GC(928) Old regions: 302->302
[2025-12-25T05:31:59.062+0000][gc,heap     ] GC(928) Humongous regions: 151->151
[2025-12-25T05:31:59.062+0000][gc,metaspace] GC(928) Metaspace: 16606K(17024K)->16606K(17024K) NonClass: 14818K(14976K)->14818K(14976K) Class: 1788K(2048K)->1788K(2048K)
[2025-12-25T05:31:59.062+0000][gc          ] GC(928) Pause Young (Normal) (G1 Evacuation Pause) 962M->462M(1024M) 15.093ms
[2025-12-25T05:31:59.062+0000][gc,cpu      ] GC(928) User=0.09s Sys=0.00s Real=0.01s
[2025-12-25T05:32:28.774+0000][gc,start    ] GC(929) Pause Young (Normal) (G1 Evacuation Pause)
[2025-12-25T05:32:28.775+0000][gc,task     ] GC(929) Using 8 workers of 8 for evacuation
[2025-12-25T05:32:28.794+0000][gc,phases   ] GC(929)   Pre Evacuate Collection Set: 1.6ms
[2025-12-25T05:32:28.794+0000][gc,phases   ] GC(929)   Merge Heap Roots: 1.2ms
[2025-12-25T05:32:28.794+0000][gc,phases   ] GC(929)   Evacuate Collection Set: 14.4ms
[2025-12-25T05:32:28.794+0000][gc,phases   ] GC(929)   Post Evacuate Collection Set: 1.4ms
[2025-12-25T05:32:28.794+0000][gc,phases   ] GC(929)   Other: 0.4ms
[2025-12-25T05:32:28.794+0000][gc,heap     ] GC(929) Eden regions: 499->0(505)
[2025-12-25T05:32:28.794+0000][gc,heap     ] GC(929) Survivor regions: 10->7(62)
[2025-12-25T05:32:28.794+0000][gc,heap     ] GC(929) Old regions: 302->302
[2025-12-25T05:32:28.794+0000][gc,heap     ] GC(929) Humongous regions: 151->151
[2025-12-25T05:32:28.794+0000][gc,metaspace] GC(929) Metaspace: 16606K(17024K)->16606K(17024K) NonClass: 14818K(14976K)->14818K(14976K) Class: 1788K(2048K)->1788K(2048K)
[2025-12-25T05:32:28.795+0000][gc          ] GC(929) Pause Young (Normal) (G1 Evacuation Pause) 961M->458M(1024M) 20.282ms
[2025-12-25T05:32:28.795+0000][gc,cpu      ] GC(929) User=0.13s Sys=0.00s Real=0.02s
[2025-12-25T05:32:58.647+0000][gc,start    ] GC(930) Pause Young (Normal) (G1 Evacuation Pause)
[2025-12-25T05:32:58.648+0000][gc,task     ] GC(930) Using 8 workers of 8 for evacuation
[2025-12-25T05:32:58.665+0000][gc,phases   ] GC(930)   Pre Evacuate Collection Set: 2.3ms
[2025-12-25T05:32:58.665+0000][gc,phases   ] GC(930)   Merge Heap Roots: 1.0ms
[2025-12-25T05:32:58.665+0000][gc,phases   ] GC(930)   Evacuate Collection Set: 12.2ms
[2025-12-25T05:32:58.665+0000][gc,phases   ] GC(930)   Post Evacuate Collection Set: 1.1ms
[2025-12-25T05:32:58.665+0000][gc,phases   ] GC(930)   Other: 0.6ms
[2025-12-25T05:32:58.665+0000][gc,heap     ] GC(930) Eden regions: 505->0(505)
[2025-12-25T05:32:58.665+0000][gc,heap     ] GC(930) Survivor regions: 7->7(59)
[2025-12-25T05:32:58.665+0000][gc,heap     ] GC(930) Old regions: 302->302
[2025-12-25T05:32:58.665+0000][gc,heap     ] GC(930) Humongous regions: 151->151
[2025-12-25T05:32:58.665+0000][gc,metaspace] GC(930) Metaspace: 16606K(17024K)->16606K(17024K) NonClass: 14818K(14976K)->14818K(14976K) Class: 1788K(2048K)->1788K(2048K)
[2025-12-25T05:32:58.666+0000][gc          ] GC(930) Pause Young (Normal) (G1 Evacuation Pause) 963M->458M(1024M) 18.586ms
[2025-12-25T05:32:58.666+0000][gc,cpu      ] GC(930) User=0.11s Sys=0.00s Real=0.02s
[2025-12-25T05:33:28.477+0000][gc,start    ] GC(931) Pause Young (Normal) (G1 Evacuation Pause)
[2025-12-25T05:33:28.478+0000][gc,task     ] GC(931) Using 8 workers of 8 for evacuation
[2025-12-25T05:33:28.493+0000][gc,phases   ] GC(931)   Pre Evacuate Collection Set: 2.1ms
[2025-12-25T05:33:28.494+0000][gc,phases   ] GC(931)   Merge Heap Roots: 0.6ms
[2025-12-25T05:33:28.494+0000][gc,phases   ] GC(931)   Evacuate Collection Set: 10.6ms
[2025-12-25T05:33:28.494+0000][gc,phases   ] GC(931)   Post Evacuate Collection Set: 1.6ms
[2025-12-25T05:33:28.494+0000][gc,phases   ] GC(931)   Other: 0.4ms
[2025-12-25T05:33:28.494+0000][gc,heap     ] GC(931) Eden regions: 505->0(504)
[2025-12-25T05:33:28.494+0000][gc,heap     ] GC(931) Survivor regions: 7->7(59)
[2025-12-25T05:33:28.494+0000][gc,heap     ] GC(931) Old regions: 302->303
[2025-12-25T05:33:28.494+0000][gc,heap     ] GC(931) Humongous regions: 151->151
[2025-12-25T05:33:28.494+0000][gc,metaspace] GC(931) Metaspace: 16606K(17024K)->16606K(17024K) NonClass: 14818K(14976K)->14818K(14976K) Class: 1788K(2048K)->1788K(2048K)
[2025-12-25T05:33:28.494+0000][gc          ] GC(931) Pause Young (Normal) (G1 Evacuation Pause) 963M->459M(1024M) 16.767ms
[2025-12-25T05:33:28.494+0000][gc,cpu      ] GC(931) User=0.10s Sys=0.00s Real=0.02s
[2025-12-25T05:33:48.907+0000][gc,start    ] GC(932) Pause Young (Normal) (G1 Evacuation Pause)
[2025-12-25T05:33:48.908+0000][gc,task     ] GC(932) Using 8 workers of 8 for evacuation
[2025-12-25T05:33:48.920+0000][gc,phases   ] GC(932)   Pre Evacuate Collection Set: 1.1ms
[2025-12-25T05:33:48.920+0000][gc,phases   ] GC(932)   Merge Heap Roots: 0.3ms
[2025-12-25T05:33:48.920+0000][gc,phases   ] GC(932)   Evacuate Collection Set: 10.2ms
[2025-12-25T05:33:48.921+0000][gc,phases   ] GC(932)   Post Evacuate Collection Set: 1.0ms
[2025-12-25T05:33:48.921+0000][gc,phases   ] GC(932)   Other: 0.2ms
[2025-12-25T05:33:48.921+0000][gc,heap     ] GC(932) Eden regions: 504->0(500)
[2025-12-25T05:33:48.921+0000][gc,heap     ] GC(932) Survivor regions: 7->9(59)
[2025-12-25T05:33:48.921+0000][gc,heap     ] GC(932) Old regions: 303->303
[2025-12-25T05:33:48.921+0000][gc,heap     ] GC(932) Humongous regions: 151->151
[2025-12-25T05:33:48.921+0000][gc,metaspace] GC(932) Metaspace: 16606K(17024K)->16606K(17024K) NonClass: 14818K(14976K)->14818K(14976K) Class: 1788K(2048K)->1788K(2048K)
[2025-12-25T05:33:48.921+0000][gc          ] GC(932) Pause Young (Normal) (G1 Evacuation Pause) 963M->461M(1024M) 13.732ms
[2025-12-25T05:33:48.921+0000][gc,cpu      ] GC(932) User=0.09s Sys=0.00s Real=0.02s
[2025-12-25T05:34:18.729+0000][gc,start    ] GC(933) Pause Young (Normal) (G1 Evacuation Pause)
[2025-12-25T05:34:18.730+0000][gc,task     ] GC(933) Using 8 workers of 8 for evacuation
[2025-12-25T05:34:18.749+0000][gc,phases   ] GC(933)   Pre Evacuate Collection Set: 1.8ms
[2025-12-25T05:34:18.749+0000][gc,phases   ] GC(933)   Merge Heap Roots: 0.5ms
[2025-12-25T05:34:18.750+0000][gc,phases   ] GC(933)   Evacuate Collection Set: 15.9ms
[2025-12-25T05:34:18.750+0000][gc,phases   ] GC(933)   Post Evacuate Collection Set: 1.0ms
[2025-12-25T05:34:18.750+0000][gc,phases   ] GC(933)   Other: 0.2ms
[2025-12-25T05:34:18.750+0000][gc,heap     ] GC(933) Eden regions: 500->0(500)
[2025-12-25T05:34:18.750+0000][gc,heap     ] GC(933) Survivor regions: 9->9(61)
[2025-12-25T05:34:18.750+0000][gc,heap     ] GC(933) Old regions: 303->303
[2025-12-25T05:34:18.750+0000][gc,heap     ] GC(933) Humongous regions: 151->151
[2025-12-25T05:34:18.750+0000][gc,metaspace] GC(933) Metaspace: 16606K(17024K)->16606K(17024K) NonClass: 14818K(14976K)->14818K(14976K) Class: 1788K(2048K)->1788K(2048K)
[2025-12-25T05:34:18.750+0000][gc          ] GC(933) Pause Young (Normal) (G1 Evacuation Pause) 961M->462M(1024M) 20.479ms
[2025-12-25T05:34:18.750+0000][gc,cpu      ] GC(933) User=0.12s Sys=0.01s Real=0.02s
[2025-12-25T05:34:48.537+0000][gc,start    ] GC(934) Pause Young (Normal) (G1 Evacuation Pause)
[2025-12-25T05:34:48.538+0000][gc,task     ] GC(934) Using 8 workers of 8 for evacuation
[2025-12-25T05:34:48.551+0000][gc,phases   ] GC(934)   Pre Evacuate Collection Set: 1.2ms
[2025-12-25T05:34:48.551+0000][gc,phases   ] GC(934)   Merge Heap Roots: 0.4ms
[2025-12-25T05:34:48.551+0000][gc,phases   ] GC(934)   Evacuate Collection Set: 9.4ms
[2025-12-25T05:34:48.551+0000][gc,phases   ] GC(934)   Post Evacuate Collection Set: 1.7ms
[2025-12-25T05:34:48.551+0000][gc,phases   ] GC(934)   Other: 0.3ms
[2025-12-25T05:34:48.551+0000][gc,heap     ] GC(934) Eden regions: 500->0(500)
[2025-12-25T05:34:48.551+0000][gc,heap     ] GC(934) Survivor regions: 9->9(61)
[2025-12-25T05:34:48.551+0000][gc,heap     ] GC(934) Old regions: 303->303
[2025-12-25T05:34:48.551+0000][gc,heap     ] GC(934) Humongous regions: 151->151
[2025-12-25T05:34:48.551+0000][gc,metaspace] GC(934) Metaspace: 16606K(17024K)->16606K(17024K) NonClass: 14818K(14976K)->14818K(14976K) Class: 1788K(2048K)->1788K(2048K)
[2025-12-25T05:34:48.551+0000][gc          ] GC(934) Pause Young (Normal) (G1 Evacuation Pause) 962M->462M(1024M) 13.840ms
[2025-12-25T05:34:48.551+0000][gc,cpu      ] GC(934) User=0.08s Sys=0.01s Real=0.02s
[2025-12-25T05:35:08.967+0000][gc,start    ] GC(935) Pause Young (Normal) (G1 Evacuation Pause)
[2025-12-25T05:35:08.968+0000][gc,task     ] GC(935) Using 8 workers of 8 for evacuation
[2025-12-25T05:35:08.986+0000][gc,phases   ] GC(935)   Pre Evacuate Collection Set: 1.0ms
[2025-12-25T05:35:08.986+0000][gc,phases   ] GC(935)   Merge Heap Roots: 2.2ms
[2025-12-25T05:35:08.986+0000][gc,phases   ] GC(935)   Evacuate Collection Set: 8.1ms
[2025-12-25T05:35:08.986+0000][gc,phases   ] GC(935)   Post Evacuate Collection Set: 6.2ms
[2025-12-25T05:35:08.986+0000][gc,phases   ] GC(935)   Other: 0.6ms
[2025-12-25T05:35:08.986+0000][gc,heap     ] GC(935) Eden regions: 500->0(503)
[2025-12-25T05:35:08.986+0000][gc,heap     ] GC(935) Survivor regions: 9->7(61)
[2025-12-25T05:35:08.986+0000][gc,heap     ] GC(935) Old regions: 303->304
[2025-12-25T05:35:08.987+0000][gc,heap     ] GC(935) Humongous regions: 151->151
[2025-12-25T05:35:08.987+0000][gc,metaspace] GC(935) Metaspace: 16606K(17024K)->16606K(17024K) NonClass: 14818K(14976K)->14818K(14976K) Class: 1788K(2048K)->1788K(2048K)
[2025-12-25T05:35:08.987+0000][gc          ] GC(935) Pause Young (Normal) (G1 Evacuation Pause) 962M->461M(1024M) 19.291ms
[2025-12-25T05:35:08.987+0000][gc,cpu      ] GC(935) User=0.10s Sys=0.01s Real=0.02s
[2025-12-25T05:35:38.785+0000][gc,start    ] GC(936) Pause Young (Normal) (G1 Evacuation Pause)
[2025-12-25T05:35:38.785+0000][gc,task     ] GC(936) Using 8 workers of 8 for evacuation
[2025-12-25T05:35:38.799+0000][gc,phases   ] GC(936)   Pre Evacuate Collection Set: 1.3ms
[2025-12-25T05:35:38.799+0000][gc,phases   ] GC(936)   Merge Heap Roots: 0.4ms
[2025-12-25T05:35:38.799+0000][gc,phases   ] GC(936)   Evacuate Collection Set: 10.3ms
[2025-12-25T05:35:38.799+0000][gc,phases   ] GC(936)   Post Evacuate Collection Set: 1.2ms
[2025-12-25T05:35:38.799+0000][gc,phases   ] GC(936)   Other: 0.3ms
[2025-12-25T05:35:38.799+0000][gc,heap     ] GC(936) Eden regions: 503->0(503)
[2025-12-25T05:35:38.799+0000][gc,heap     ] GC(936) Survivor regions: 7->7(59)
[2025-12-25T05:35:38.799+0000][gc,heap     ] GC(936) Old regions: 304->304
[2025-12-25T05:35:38.799+0000][gc,heap     ] GC(936) Humongous regions: 151->151
[2025-12-25T05:35:38.799+0000][gc,metaspace] GC(936) Metaspace: 16606K(17024K)->16606K(17024K) NonClass: 14818K(14976K)->14818K(14976K) Class: 1788K(2048K)->1788K(2048K)
[2025-12-25T05:35:38.800+0000][gc          ] GC(936) Pause Young (Normal) (G1 Evacuation Pause) 964M->461M(1024M) 14.781ms
[2025-12-25T05:35:38.800+0000][gc,cpu      ] GC(936) User=0.08s Sys=0.00s Real=0.02s
[2025-12-25T05:36:08.578+0000][gc,start    ] GC(937) Pause Young (Normal) (G1 Evacuation Pause)
[2025-12-25T05:36:08.581+0000][gc,task     ] GC(937) Using 8 workers of 8 for evacuation
[2025-12-25T05:36:08.600+0000][gc,phases   ] GC(937)   Pre Evacuate Collection Set: 3.4ms
[2025-12-25T05:36:08.600+0000][gc,phases   ] GC(937)   Merge Heap Roots: 1.0ms
[2025-12-25T05:36:08.600+0000][gc,phases   ] GC(937)   Evacuate Collection Set: 12.8ms
[2025-12-25T05:36:08.600+0000][gc,phases   ] GC(937)   Post Evacuate Collection Set: 1.4ms
[2025-12-25T05:36:08.600+0000][gc,phases   ] GC(937)   Other: 0.4ms
[2025-12-25T05:36:08.600+0000][gc,heap     ] GC(937) Eden regions: 503->0(503)
[2025-12-25T05:36:08.600+0000][gc,heap     ] GC(937) Survivor regions: 7->7(59)
[2025-12-25T05:36:08.600+0000][gc,heap     ] GC(937) Old regions: 304->304
[2025-12-25T05:36:08.600+0000][gc,heap     ] GC(937) Humongous regions: 151->151
[2025-12-25T05:36:08.600+0000][gc,metaspace] GC(937) Metaspace: 16607K(17024K)->16607K(17024K) NonClass: 14819K(14976K)->14819K(14976K) Class: 1788K(2048K)->1788K(2048K)
[2025-12-25T05:36:08.600+0000][gc          ] GC(937) Pause Young (Normal) (G1 Evacuation Pause) 964M->461M(1024M) 22.506ms
[2025-12-25T05:36:08.601+0000][gc,cpu      ] GC(937) User=0.13s Sys=0.00s Real=0.02s
[2025-12-25T05:36:29.023+0000][gc,start    ] GC(938) Pause Young (Normal) (G1 Evacuation Pause)
[2025-12-25T05:36:29.024+0000][gc,task     ] GC(938) Using 8 workers of 8 for evacuation
[2025-12-25T05:36:29.044+0000][gc,phases   ] GC(938)   Pre Evacuate Collection Set: 4.5ms
[2025-12-25T05:36:29.044+0000][gc,phases   ] GC(938)   Merge Heap Roots: 0.4ms
[2025-12-25T05:36:29.044+0000][gc,phases   ] GC(938)   Evacuate Collection Set: 12.1ms
[2025-12-25T05:36:29.044+0000][gc,phases   ] GC(938)   Post Evacuate Collection Set: 2.9ms
[2025-12-25T05:36:29.044+0000][gc,phases   ] GC(938)   Other: 0.3ms
[2025-12-25T05:36:29.044+0000][gc,heap     ] GC(938) Eden regions: 503->0(498)
[2025-12-25T05:36:29.044+0000][gc,heap     ] GC(938) Survivor regions: 7->9(59)
[2025-12-25T05:36:29.044+0000][gc,heap     ] GC(938) Old regions: 304->305
[2025-12-25T05:36:29.044+0000][gc,heap     ] GC(938) Humongous regions: 151->151
[2025-12-25T05:36:29.044+0000][gc,metaspace] GC(938) Metaspace: 16607K(17024K)->16607K(17024K) NonClass: 14819K(14976K)->14819K(14976K) Class: 1788K(2048K)->1788K(2048K)
[2025-12-25T05:36:29.045+0000][gc          ] GC(938) Pause Young (Normal) (G1 Evacuation Pause) 964M->463M(1024M) 21.768ms
[2025-12-25T05:36:29.045+0000][gc,cpu      ] GC(938) User=0.14s Sys=0.00s Real=0.03s
[2025-12-25T05:36:58.811+0000][gc,start    ] GC(939) Pause Young (Normal) (G1 Evacuation Pause)
[2025-12-25T05:36:58.811+0000][gc,task     ] GC(939) Using 8 workers of 8 for evacuation
[2025-12-25T05:36:58.832+0000][gc,phases   ] GC(939)   Pre Evacuate Collection Set: 1.6ms
[2025-12-25T05:36:58.832+0000][gc,phases   ] GC(939)   Merge Heap Roots: 2.1ms
[2025-12-25T05:36:58.832+0000][gc,phases   ] GC(939)   Evacuate Collection Set: 13.6ms
[2025-12-25T05:36:58.832+0000][gc,phases   ] GC(939)   Post Evacuate Collection Set: 1.6ms
[2025-12-25T05:36:58.832+0000][gc,phases   ] GC(939)   Other: 1.3ms
[2025-12-25T05:36:58.832+0000][gc,heap     ] GC(939) Eden regions: 498->0(498)
[2025-12-25T05:36:58.832+0000][gc,heap     ] GC(939) Survivor regions: 9->9(61)
[2025-12-25T05:36:58.832+0000][gc,heap     ] GC(939) Old regions: 305->305
[2025-12-25T05:36:58.832+0000][gc,heap     ] GC(939) Humongous regions: 151->151
[2025-12-25T05:36:58.832+0000][gc,metaspace] GC(939) Metaspace: 16607K(17024K)->16607K(17024K) NonClass: 14819K(14976K)->14819K(14976K) Class: 1788K(2048K)->1788K(2048K)
[2025-12-25T05:36:58.832+0000][gc          ] GC(939) Pause Young (Normal) (G1 Evacuation Pause) 961M->463M(1024M) 21.308ms
[2025-12-25T05:36:58.832+0000][gc,cpu      ] GC(939) User=0.12s Sys=0.00s Real=0.02s
[2025-12-25T05:37:28.616+0000][gc,start    ] GC(940) Pause Young (Normal) (G1 Evacuation Pause)
[2025-12-25T05:37:28.616+0000][gc,task     ] GC(940) Using 8 workers of 8 for evacuation
[2025-12-25T05:37:28.628+0000][gc,phases   ] GC(940)   Pre Evacuate Collection Set: 1.0ms
[2025-12-25T05:37:28.628+0000][gc,phases   ] GC(940)   Merge Heap Roots: 0.3ms
[2025-12-25T05:37:28.628+0000][gc,phases   ] GC(940)   Evacuate Collection Set: 8.5ms
[2025-12-25T05:37:28.628+0000][gc,phases   ] GC(940)   Post Evacuate Collection Set: 1.1ms
[2025-12-25T05:37:28.628+0000][gc,phases   ] GC(940)   Other: 0.3ms
[2025-12-25T05:37:28.628+0000][gc,heap     ] GC(940) Eden regions: 498->0(498)
[2025-12-25T05:37:28.628+0000][gc,heap     ] GC(940) Survivor regions: 9->9(61)
[2025-12-25T05:37:28.628+0000][gc,heap     ] GC(940) Old regions: 305->305
[2025-12-25T05:37:28.628+0000][gc,heap     ] GC(940) Humongous regions: 151->151
[2025-12-25T05:37:28.628+0000][gc,metaspace] GC(940) Metaspace: 16607K(17024K)->16607K(17024K) NonClass: 14819K(14976K)->14819K(14976K) Class: 1788K(2048K)->1788K(2048K)
[2025-12-25T05:37:28.628+0000][gc          ] GC(940) Pause Young (Normal) (G1 Evacuation Pause) 961M->464M(1024M) 12.434ms
[2025-12-25T05:37:28.628+0000][gc,cpu      ] GC(940) User=0.07s Sys=0.01s Real=0.01s
[2025-12-25T05:37:57.214+0000][gc,start    ] GC(941) Pause Young (Normal) (G1 Evacuation Pause)
[2025-12-25T05:37:57.214+0000][gc,task     ] GC(941) Using 8 workers of 8 for evacuation
[2025-12-25T05:37:57.231+0000][gc,phases   ] GC(941)   Pre Evacuate Collection Set: 1.2ms
[2025-12-25T05:37:57.231+0000][gc,phases   ] GC(941)   Merge Heap Roots: 0.3ms
[2025-12-25T05:37:57.232+0000][gc,phases   ] GC(941)   Evacuate Collection Set: 11.3ms
[2025-12-25T05:37:57.232+0000][gc,phases   ] GC(941)   Post Evacuate Collection Set: 2.9ms
[2025-12-25T05:37:57.232+0000][gc,phases   ] GC(941)   Other: 0.8ms
[2025-12-25T05:37:57.232+0000][gc,heap     ] GC(941) Eden regions: 498->0(506)
[2025-12-25T05:37:57.232+0000][gc,heap     ] GC(941) Survivor regions: 9->5(61)
[2025-12-25T05:37:57.232+0000][gc,heap     ] GC(941) Old regions: 305->305
[2025-12-25T05:37:57.233+0000][gc,heap     ] GC(941) Humongous regions: 151->151
[2025-12-25T05:37:57.233+0000][gc,metaspace] GC(941) Metaspace: 16607K(17024K)->16607K(17024K) NonClass: 14819K(14976K)->14819K(14976K) Class: 1788K(2048K)->1788K(2048K)
[2025-12-25T05:37:57.233+0000][gc          ] GC(941) Pause Young (Normal) (G1 Evacuation Pause) 962M->460M(1024M) 19.036ms
[2025-12-25T05:37:57.233+0000][gc,cpu      ] GC(941) User=0.08s Sys=0.01s Real=0.02s
[2025-12-25T05:38:18.838+0000][gc,start    ] GC(942) Pause Young (Normal) (G1 Evacuation Pause)
[2025-12-25T05:38:18.839+0000][gc,task     ] GC(942) Using 8 workers of 8 for evacuation
[2025-12-25T05:38:18.852+0000][gc,phases   ] GC(942)   Pre Evacuate Collection Set: 3.0ms
[2025-12-25T05:38:18.852+0000][gc,phases   ] GC(942)   Merge Heap Roots: 0.4ms
[2025-12-25T05:38:18.852+0000][gc,phases   ] GC(942)   Evacuate Collection Set: 8.4ms
[2025-12-25T05:38:18.852+0000][gc,phases   ] GC(942)   Post Evacuate Collection Set: 1.0ms
[2025-12-25T05:38:18.852+0000][gc,phases   ] GC(942)   Other: 0.4ms
[2025-12-25T05:38:18.852+0000][gc,heap     ] GC(942) Eden regions: 506->0(499)
[2025-12-25T05:38:18.852+0000][gc,heap     ] GC(942) Survivor regions: 5->8(57)
[2025-12-25T05:38:18.853+0000][gc,heap     ] GC(942) Old regions: 305->306
[2025-12-25T05:38:18.853+0000][gc,heap     ] GC(942) Humongous regions: 151->151
[2025-12-25T05:38:18.853+0000][gc,metaspace] GC(942) Metaspace: 16611K(17024K)->16611K(17024K) NonClass: 14822K(14976K)->14822K(14976K) Class: 1788K(2048K)->1788K(2048K)
[2025-12-25T05:38:18.853+0000][gc          ] GC(942) Pause Young (Normal) (G1 Evacuation Pause) 966M->463M(1024M) 14.247ms
[2025-12-25T05:38:18.853+0000][gc,cpu      ] GC(942) User=0.08s Sys=0.00s Real=0.02s
[2025-12-25T05:38:48.663+0000][gc,start    ] GC(943) Pause Young (Normal) (G1 Evacuation Pause)
[2025-12-25T05:38:48.663+0000][gc,task     ] GC(943) Using 8 workers of 8 for evacuation
[2025-12-25T05:38:48.675+0000][gc,phases   ] GC(943)   Pre Evacuate Collection Set: 1.1ms
[2025-12-25T05:38:48.675+0000][gc,phases   ] GC(943)   Merge Heap Roots: 0.3ms
[2025-12-25T05:38:48.676+0000][gc,phases   ] GC(943)   Evacuate Collection Set: 9.4ms
[2025-12-25T05:38:48.676+0000][gc,phases   ] GC(943)   Post Evacuate Collection Set: 1.1ms
[2025-12-25T05:38:48.676+0000][gc,phases   ] GC(943)   Other: 0.2ms
[2025-12-25T05:38:48.676+0000][gc,heap     ] GC(943) Eden regions: 499->0(501)
[2025-12-25T05:38:48.676+0000][gc,heap     ] GC(943) Survivor regions: 8->7(60)
[2025-12-25T05:38:48.676+0000][gc,heap     ] GC(943) Old regions: 306->306
[2025-12-25T05:38:48.676+0000][gc,heap     ] GC(943) Humongous regions: 151->151
[2025-12-25T05:38:48.676+0000][gc,metaspace] GC(943) Metaspace: 16611K(17024K)->16611K(17024K) NonClass: 14822K(14976K)->14822K(14976K) Class: 1788K(2048K)->1788K(2048K)
[2025-12-25T05:38:48.676+0000][gc          ] GC(943) Pause Young (Normal) (G1 Evacuation Pause) 962M->463M(1024M) 13.274ms
[2025-12-25T05:38:48.676+0000][gc,cpu      ] GC(943) User=0.08s Sys=0.00s Real=0.01s
[2025-12-25T05:39:18.511+0000][gc,start    ] GC(944) Pause Young (Normal) (G1 Evacuation Pause)
[2025-12-25T05:39:18.512+0000][gc,task     ] GC(944) Using 8 workers of 8 for evacuation
[2025-12-25T05:39:18.523+0000][gc,phases   ] GC(944)   Pre Evacuate Collection Set: 1.2ms
[2025-12-25T05:39:18.523+0000][gc,phases   ] GC(944)   Merge Heap Roots: 0.3ms
[2025-12-25T05:39:18.523+0000][gc,phases   ] GC(944)   Evacuate Collection Set: 7.3ms
[2025-12-25T05:39:18.523+0000][gc,phases   ] GC(944)   Post Evacuate Collection Set: 1.9ms
[2025-12-25T05:39:18.524+0000][gc,phases   ] GC(944)   Other: 0.3ms
[2025-12-25T05:39:18.524+0000][gc,heap     ] GC(944) Eden regions: 501->0(501)
[2025-12-25T05:39:18.524+0000][gc,heap     ] GC(944) Survivor regions: 7->7(59)
[2025-12-25T05:39:18.524+0000][gc,heap     ] GC(944) Old regions: 306->306
[2025-12-25T05:39:18.524+0000][gc,heap     ] GC(944) Humongous regions: 151->151
[2025-12-25T05:39:18.524+0000][gc,metaspace] GC(944) Metaspace: 16611K(17024K)->16611K(17024K) NonClass: 14822K(14976K)->14822K(14976K) Class: 1788K(2048K)->1788K(2048K)
[2025-12-25T05:39:18.524+0000][gc          ] GC(944) Pause Young (Normal) (G1 Evacuation Pause) 964M->463M(1024M) 12.863ms
[2025-12-25T05:39:18.524+0000][gc,cpu      ] GC(944) User=0.07s Sys=0.00s Real=0.01s
[2025-12-25T05:39:38.870+0000][gc,start    ] GC(945) Pause Young (Normal) (G1 Evacuation Pause)
[2025-12-25T05:39:38.870+0000][gc,task     ] GC(945) Using 8 workers of 8 for evacuation
[2025-12-25T05:39:38.884+0000][gc,phases   ] GC(945)   Pre Evacuate Collection Set: 1.0ms
[2025-12-25T05:39:38.884+0000][gc,phases   ] GC(945)   Merge Heap Roots: 0.4ms
[2025-12-25T05:39:38.884+0000][gc,phases   ] GC(945)   Evacuate Collection Set: 10.9ms
[2025-12-25T05:39:38.884+0000][gc,phases   ] GC(945)   Post Evacuate Collection Set: 1.1ms
[2025-12-25T05:39:38.884+0000][gc,phases   ] GC(945)   Other: 0.3ms
[2025-12-25T05:39:38.884+0000][gc,heap     ] GC(945) Eden regions: 501->0(496)
[2025-12-25T05:39:38.884+0000][gc,heap     ] GC(945) Survivor regions: 7->9(59)
[2025-12-25T05:39:38.884+0000][gc,heap     ] GC(945) Old regions: 306->307
[2025-12-25T05:39:38.884+0000][gc,heap     ] GC(945) Humongous regions: 151->151
[2025-12-25T05:39:38.884+0000][gc,metaspace] GC(945) Metaspace: 16611K(17024K)->16611K(17024K) NonClass: 14822K(14976K)->14822K(14976K) Class: 1788K(2048K)->1788K(2048K)
[2025-12-25T05:39:38.885+0000][gc          ] GC(945) Pause Young (Normal) (G1 Evacuation Pause) 964M->466M(1024M) 14.989ms
[2025-12-25T05:39:38.885+0000][gc,cpu      ] GC(945) User=0.09s Sys=0.01s Real=0.01s
[2025-12-25T05:40:08.672+0000][gc,start    ] GC(946) Pause Young (Normal) (G1 Evacuation Pause)
[2025-12-25T05:40:08.672+0000][gc,task     ] GC(946) Using 8 workers of 8 for evacuation
[2025-12-25T05:40:08.694+0000][gc,phases   ] GC(946)   Pre Evacuate Collection Set: 1.3ms
[2025-12-25T05:40:08.694+0000][gc,phases   ] GC(946)   Merge Heap Roots: 0.7ms
[2025-12-25T05:40:08.694+0000][gc,phases   ] GC(946)   Evacuate Collection Set: 13.5ms
[2025-12-25T05:40:08.694+0000][gc,phases   ] GC(946)   Post Evacuate Collection Set: 5.5ms
[2025-12-25T05:40:08.694+0000][gc,phases   ] GC(946)   Other: 0.5ms
[2025-12-25T05:40:08.694+0000][gc,heap     ] GC(946) Eden regions: 496->0(496)
[2025-12-25T05:40:08.694+0000][gc,heap     ] GC(946) Survivor regions: 9->9(61)
[2025-12-25T05:40:08.694+0000][gc,heap     ] GC(946) Old regions: 307->307
[2025-12-25T05:40:08.694+0000][gc,heap     ] GC(946) Humongous regions: 151->151
[2025-12-25T05:40:08.694+0000][gc,metaspace] GC(946) Metaspace: 16611K(17024K)->16611K(17024K) NonClass: 14822K(14976K)->14822K(14976K) Class: 1788K(2048K)->1788K(2048K)
[2025-12-25T05:40:08.695+0000][gc          ] GC(946) Pause Young (Normal) (G1 Evacuation Pause) 962M->466M(1024M) 22.909ms
[2025-12-25T05:40:08.695+0000][gc,cpu      ] GC(946) User=0.13s Sys=0.00s Real=0.02s
[2025-12-25T05:40:38.523+0000][gc,start    ] GC(947) Pause Young (Normal) (G1 Evacuation Pause)
[2025-12-25T05:40:38.523+0000][gc,task     ] GC(947) Using 8 workers of 8 for evacuation
[2025-12-25T05:40:38.537+0000][gc,phases   ] GC(947)   Pre Evacuate Collection Set: 1.2ms
[2025-12-25T05:40:38.537+0000][gc,phases   ] GC(947)   Merge Heap Roots: 0.5ms
[2025-12-25T05:40:38.537+0000][gc,phases   ] GC(947)   Evacuate Collection Set: 10.7ms
[2025-12-25T05:40:38.537+0000][gc,phases   ] GC(947)   Post Evacuate Collection Set: 1.3ms
[2025-12-25T05:40:38.537+0000][gc,phases   ] GC(947)   Other: 0.4ms
[2025-12-25T05:40:38.538+0000][gc,heap     ] GC(947) Eden regions: 496->0(504)
[2025-12-25T05:40:38.538+0000][gc,heap     ] GC(947) Survivor regions: 9->5(61)
[2025-12-25T05:40:38.538+0000][gc,heap     ] GC(947) Old regions: 307->307
[2025-12-25T05:40:38.538+0000][gc,heap     ] GC(947) Humongous regions: 151->151
[2025-12-25T05:40:38.538+0000][gc,metaspace] GC(947) Metaspace: 16611K(17024K)->16611K(17024K) NonClass: 14822K(14976K)->14822K(14976K) Class: 1788K(2048K)->1788K(2048K)
[2025-12-25T05:40:38.538+0000][gc          ] GC(947) Pause Young (Normal) (G1 Evacuation Pause) 962M->462M(1024M) 15.193ms
[2025-12-25T05:40:38.538+0000][gc,cpu      ] GC(947) User=0.10s Sys=0.00s Real=0.02s
[2025-12-25T05:40:58.948+0000][gc,start    ] GC(948) Pause Young (Normal) (G1 Evacuation Pause)
[2025-12-25T05:40:58.949+0000][gc,task     ] GC(948) Using 8 workers of 8 for evacuation
[2025-12-25T05:40:58.967+0000][gc,phases   ] GC(948)   Pre Evacuate Collection Set: 5.1ms
[2025-12-25T05:40:58.967+0000][gc,phases   ] GC(948)   Merge Heap Roots: 1.1ms
[2025-12-25T05:40:58.967+0000][gc,phases   ] GC(948)   Evacuate Collection Set: 9.7ms
[2025-12-25T05:40:58.967+0000][gc,phases   ] GC(948)   Post Evacuate Collection Set: 1.2ms
[2025-12-25T05:40:58.967+0000][gc,phases   ] GC(948)   Other: 0.5ms
[2025-12-25T05:40:58.967+0000][gc,heap     ] GC(948) Eden regions: 504->0(500)
[2025-12-25T05:40:58.967+0000][gc,heap     ] GC(948) Survivor regions: 5->7(57)
[2025-12-25T05:40:58.967+0000][gc,heap     ] GC(948) Old regions: 307->307
[2025-12-25T05:40:58.967+0000][gc,heap     ] GC(948) Humongous regions: 151->151
[2025-12-25T05:40:58.967+0000][gc,metaspace] GC(948) Metaspace: 16611K(17024K)->16611K(17024K) NonClass: 14822K(14976K)->14822K(14976K) Class: 1788K(2048K)->1788K(2048K)
[2025-12-25T05:40:58.967+0000][gc          ] GC(948) Pause Young (Normal) (G1 Evacuation Pause) 966M->464M(1024M) 19.731ms
[2025-12-25T05:40:58.968+0000][gc,cpu      ] GC(948) User=0.10s Sys=0.00s Real=0.02s
[2025-12-25T05:41:28.766+0000][gc,start    ] GC(949) Pause Young (Normal) (G1 Evacuation Pause)
[2025-12-25T05:41:28.767+0000][gc,task     ] GC(949) Using 8 workers of 8 for evacuation
[2025-12-25T05:41:28.781+0000][gc,phases   ] GC(949)   Pre Evacuate Collection Set: 4.1ms
[2025-12-25T05:41:28.782+0000][gc,phases   ] GC(949)   Merge Heap Roots: 0.3ms
[2025-12-25T05:41:28.782+0000][gc,phases   ] GC(949)   Evacuate Collection Set: 7.4ms
[2025-12-25T05:41:28.782+0000][gc,phases   ] GC(949)   Post Evacuate Collection Set: 2.4ms
[2025-12-25T05:41:28.782+0000][gc,phases   ] GC(949)   Other: 0.6ms
[2025-12-25T05:41:28.782+0000][gc,heap     ] GC(949) Eden regions: 500->0(499)
[2025-12-25T05:41:28.782+0000][gc,heap     ] GC(949) Survivor regions: 7->7(59)
[2025-12-25T05:41:28.782+0000][gc,heap     ] GC(949) Old regions: 307->308
[2025-12-25T05:41:28.782+0000][gc,heap     ] GC(949) Humongous regions: 151->151
[2025-12-25T05:41:28.782+0000][gc,metaspace] GC(949) Metaspace: 16611K(17024K)->16611K(17024K) NonClass: 14822K(14976K)->14822K(14976K) Class: 1788K(2048K)->1788K(2048K)
[2025-12-25T05:41:28.782+0000][gc          ] GC(949) Pause Young (Normal) (G1 Evacuation Pause) 964M->465M(1024M) 16.276ms
[2025-12-25T05:41:28.782+0000][gc,cpu      ] GC(949) User=0.07s Sys=0.01s Real=0.01s
[2025-12-25T05:41:58.585+0000][gc,start    ] GC(950) Pause Young (Normal) (G1 Evacuation Pause)
[2025-12-25T05:41:58.585+0000][gc,task     ] GC(950) Using 8 workers of 8 for evacuation
[2025-12-25T05:41:58.606+0000][gc,phases   ] GC(950)   Pre Evacuate Collection Set: 4.6ms
[2025-12-25T05:41:58.606+0000][gc,phases   ] GC(950)   Merge Heap Roots: 1.7ms
[2025-12-25T05:41:58.606+0000][gc,phases   ] GC(950)   Evacuate Collection Set: 12.5ms
[2025-12-25T05:41:58.606+0000][gc,phases   ] GC(950)   Post Evacuate Collection Set: 1.3ms
[2025-12-25T05:41:58.606+0000][gc,phases   ] GC(950)   Other: 0.6ms
[2025-12-25T05:41:58.606+0000][gc,heap     ] GC(950) Eden regions: 499->0(499)
[2025-12-25T05:41:58.606+0000][gc,heap     ] GC(950) Survivor regions: 7->7(59)
[2025-12-25T05:41:58.606+0000][gc,heap     ] GC(950) Old regions: 308->308
[2025-12-25T05:41:58.606+0000][gc,heap     ] GC(950) Humongous regions: 151->151
[2025-12-25T05:41:58.606+0000][gc,metaspace] GC(950) Metaspace: 16611K(17024K)->16611K(17024K) NonClass: 14822K(14976K)->14822K(14976K) Class: 1788K(2048K)->1788K(2048K)
[2025-12-25T05:41:58.606+0000][gc          ] GC(950) Pause Young (Normal) (G1 Evacuation Pause) 964M->465M(1024M) 21.670ms
[2025-12-25T05:41:58.606+0000][gc,cpu      ] GC(950) User=0.14s Sys=0.00s Real=0.02s
[2025-12-25T05:42:18.946+0000][gc,start    ] GC(951) Pause Young (Normal) (G1 Evacuation Pause)
[2025-12-25T05:42:18.947+0000][gc,task     ] GC(951) Using 8 workers of 8 for evacuation
[2025-12-25T05:42:18.958+0000][gc,phases   ] GC(951)   Pre Evacuate Collection Set: 1.3ms
[2025-12-25T05:42:18.958+0000][gc,phases   ] GC(951)   Merge Heap Roots: 0.4ms
[2025-12-25T05:42:18.958+0000][gc,phases   ] GC(951)   Evacuate Collection Set: 8.3ms
[2025-12-25T05:42:18.958+0000][gc,phases   ] GC(951)   Post Evacuate Collection Set: 1.1ms
[2025-12-25T05:42:18.958+0000][gc,phases   ] GC(951)   Other: 0.3ms
[2025-12-25T05:42:18.959+0000][gc,heap     ] GC(951) Eden regions: 499->0(495)
[2025-12-25T05:42:18.959+0000][gc,heap     ] GC(951) Survivor regions: 7->9(59)
[2025-12-25T05:42:18.959+0000][gc,heap     ] GC(951) Old regions: 308->308
[2025-12-25T05:42:18.959+0000][gc,heap     ] GC(951) Humongous regions: 151->151
[2025-12-25T05:42:18.959+0000][gc,metaspace] GC(951) Metaspace: 16611K(17024K)->16611K(17024K) NonClass: 14822K(14976K)->14822K(14976K) Class: 1788K(2048K)->1788K(2048K)
[2025-12-25T05:42:18.959+0000][gc          ] GC(951) Pause Young (Normal) (G1 Evacuation Pause) 964M->467M(1024M) 12.642ms
[2025-12-25T05:42:18.959+0000][gc,cpu      ] GC(951) User=0.06s Sys=0.00s Real=0.01s
[2025-12-25T05:42:48.742+0000][gc,start    ] GC(952) Pause Young (Normal) (G1 Evacuation Pause)
[2025-12-25T05:42:48.742+0000][gc,task     ] GC(952) Using 8 workers of 8 for evacuation
[2025-12-25T05:42:48.764+0000][gc,phases   ] GC(952)   Pre Evacuate Collection Set: 1.2ms
[2025-12-25T05:42:48.764+0000][gc,phases   ] GC(952)   Merge Heap Roots: 0.4ms
[2025-12-25T05:42:48.764+0000][gc,phases   ] GC(952)   Evacuate Collection Set: 18.4ms
[2025-12-25T05:42:48.764+0000][gc,phases   ] GC(952)   Post Evacuate Collection Set: 1.2ms
[2025-12-25T05:42:48.764+0000][gc,phases   ] GC(952)   Other: 0.3ms
[2025-12-25T05:42:48.764+0000][gc,heap     ] GC(952) Eden regions: 495->0(494)
[2025-12-25T05:42:48.764+0000][gc,heap     ] GC(952) Survivor regions: 9->9(61)
[2025-12-25T05:42:48.764+0000][gc,heap     ] GC(952) Old regions: 308->309
[2025-12-25T05:42:48.764+0000][gc,heap     ] GC(952) Humongous regions: 151->151
[2025-12-25T05:42:48.764+0000][gc,metaspace] GC(952) Metaspace: 16611K(17024K)->16611K(17024K) NonClass: 14822K(14976K)->14822K(14976K) Class: 1788K(2048K)->1788K(2048K)
[2025-12-25T05:42:48.764+0000][gc          ] GC(952) Pause Young (Normal) (G1 Evacuation Pause) 962M->468M(1024M) 22.552ms
[2025-12-25T05:42:48.764+0000][gc,cpu      ] GC(952) User=0.16s Sys=0.01s Real=0.02s
[2025-12-25T05:43:18.523+0000][gc,start    ] GC(953) Pause Young (Normal) (G1 Evacuation Pause)
[2025-12-25T05:43:18.524+0000][gc,task     ] GC(953) Using 8 workers of 8 for evacuation
[2025-12-25T05:43:18.540+0000][gc,phases   ] GC(953)   Pre Evacuate Collection Set: 1.5ms
[2025-12-25T05:43:18.540+0000][gc,phases   ] GC(953)   Merge Heap Roots: 1.1ms
[2025-12-25T05:43:18.540+0000][gc,phases   ] GC(953)   Evacuate Collection Set: 12.4ms
[2025-12-25T05:43:18.540+0000][gc,phases   ] GC(953)   Post Evacuate Collection Set: 1.0ms
[2025-12-25T05:43:18.540+0000][gc,phases   ] GC(953)   Other: 0.3ms
[2025-12-25T05:43:18.540+0000][gc,heap     ] GC(953) Eden regions: 494->0(494)
[2025-12-25T05:43:18.541+0000][gc,heap     ] GC(953) Survivor regions: 9->9(61)
[2025-12-25T05:43:18.541+0000][gc,heap     ] GC(953) Old regions: 309->309
[2025-12-25T05:43:18.541+0000][gc,heap     ] GC(953) Humongous regions: 151->151
[2025-12-25T05:43:18.541+0000][gc,metaspace] GC(953) Metaspace: 16611K(17024K)->16611K(17024K) NonClass: 14822K(14976K)->14822K(14976K) Class: 1788K(2048K)->1788K(2048K)
[2025-12-25T05:43:18.541+0000][gc          ] GC(953) Pause Young (Normal) (G1 Evacuation Pause) 962M->467M(1024M) 17.430ms
[2025-12-25T05:43:18.541+0000][gc,cpu      ] GC(953) User=0.10s Sys=0.00s Real=0.02s
[2025-12-25T05:43:38.907+0000][gc,start    ] GC(954) Pause Young (Normal) (G1 Evacuation Pause)
[2025-12-25T05:43:38.907+0000][gc,task     ] GC(954) Using 8 workers of 8 for evacuation
[2025-12-25T05:43:38.922+0000][gc,phases   ] GC(954)   Pre Evacuate Collection Set: 1.1ms
[2025-12-25T05:43:38.922+0000][gc,phases   ] GC(954)   Merge Heap Roots: 0.3ms
[2025-12-25T05:43:38.922+0000][gc,phases   ] GC(954)   Evacuate Collection Set: 11.1ms
[2025-12-25T05:43:38.923+0000][gc,phases   ] GC(954)   Post Evacuate Collection Set: 2.2ms
[2025-12-25T05:43:38.923+0000][gc,phases   ] GC(954)   Other: 0.2ms
[2025-12-25T05:43:38.923+0000][gc,heap     ] GC(954) Eden regions: 494->0(498)
[2025-12-25T05:43:38.923+0000][gc,heap     ] GC(954) Survivor regions: 9->7(61)
[2025-12-25T05:43:38.923+0000][gc,heap     ] GC(954) Old regions: 309->309
[2025-12-25T05:43:38.923+0000][gc,heap     ] GC(954) Humongous regions: 151->151
[2025-12-25T05:43:38.923+0000][gc,metaspace] GC(954) Metaspace: 16611K(17024K)->16611K(17024K) NonClass: 14822K(14976K)->14822K(14976K) Class: 1788K(2048K)->1788K(2048K)
[2025-12-25T05:43:38.923+0000][gc          ] GC(954) Pause Young (Normal) (G1 Evacuation Pause) 961M->466M(1024M) 15.811ms
[2025-12-25T05:43:38.923+0000][gc,cpu      ] GC(954) User=0.10s Sys=0.00s Real=0.02s
[2025-12-25T05:44:08.748+0000][gc,start    ] GC(955) Pause Young (Normal) (G1 Evacuation Pause)
[2025-12-25T05:44:08.749+0000][gc,task     ] GC(955) Using 8 workers of 8 for evacuation
[2025-12-25T05:44:08.770+0000][gc,phases   ] GC(955)   Pre Evacuate Collection Set: 1.0ms
[2025-12-25T05:44:08.770+0000][gc,phases   ] GC(955)   Merge Heap Roots: 0.4ms
[2025-12-25T05:44:08.770+0000][gc,phases   ] GC(955)   Evacuate Collection Set: 18.0ms
[2025-12-25T05:44:08.770+0000][gc,phases   ] GC(955)   Post Evacuate Collection Set: 1.5ms
[2025-12-25T05:44:08.770+0000][gc,phases   ] GC(955)   Other: 0.3ms
[2025-12-25T05:44:08.770+0000][gc,heap     ] GC(955) Eden regions: 498->0(498)
[2025-12-25T05:44:08.770+0000][gc,heap     ] GC(955) Survivor regions: 7->7(59)
[2025-12-25T05:44:08.770+0000][gc,heap     ] GC(955) Old regions: 309->309
[2025-12-25T05:44:08.770+0000][gc,heap     ] GC(955) Humongous regions: 151->151
[2025-12-25T05:44:08.770+0000][gc,metaspace] GC(955) Metaspace: 16611K(17024K)->16611K(17024K) NonClass: 14822K(14976K)->14822K(14976K) Class: 1788K(2048K)->1788K(2048K)
[2025-12-25T05:44:08.770+0000][gc          ] GC(955) Pause Young (Normal) (G1 Evacuation Pause) 964M->466M(1024M) 22.577ms
[2025-12-25T05:44:08.771+0000][gc,cpu      ] GC(955) User=0.14s Sys=0.00s Real=0.02s
[2025-12-25T05:44:38.534+0000][gc,start    ] GC(956) Pause Young (Normal) (G1 Evacuation Pause)
[2025-12-25T05:44:38.535+0000][gc,task     ] GC(956) Using 8 workers of 8 for evacuation
[2025-12-25T05:44:38.551+0000][gc,phases   ] GC(956)   Pre Evacuate Collection Set: 2.6ms
[2025-12-25T05:44:38.551+0000][gc,phases   ] GC(956)   Merge Heap Roots: 0.4ms
[2025-12-25T05:44:38.551+0000][gc,phases   ] GC(956)   Evacuate Collection Set: 9.0ms
[2025-12-25T05:44:38.552+0000][gc,phases   ] GC(956)   Post Evacuate Collection Set: 3.7ms
[2025-12-25T05:44:38.552+0000][gc,phases   ] GC(956)   Other: 0.3ms
[2025-12-25T05:44:38.552+0000][gc,heap     ] GC(956) Eden regions: 498->0(497)
[2025-12-25T05:44:38.552+0000][gc,heap     ] GC(956) Survivor regions: 7->7(59)
[2025-12-25T05:44:38.552+0000][gc,heap     ] GC(956) Old regions: 309->310
[2025-12-25T05:44:38.552+0000][gc,heap     ] GC(956) Humongous regions: 151->151
[2025-12-25T05:44:38.552+0000][gc,metaspace] GC(956) Metaspace: 16611K(17024K)->16611K(17024K) NonClass: 14822K(14976K)->14822K(14976K) Class: 1788K(2048K)->1788K(2048K)
[2025-12-25T05:44:38.552+0000][gc          ] GC(956) Pause Young (Normal) (G1 Evacuation Pause) 964M->467M(1024M) 17.697ms
[2025-12-25T05:44:38.552+0000][gc,cpu      ] GC(956) User=0.09s Sys=0.00s Real=0.02s
[2025-12-25T05:44:58.904+0000][gc,start    ] GC(957) Pause Young (Concurrent Start) (G1 Evacuation Pause)
[2025-12-25T05:44:58.905+0000][gc,task     ] GC(957) Using 8 workers of 8 for evacuation
[2025-12-25T05:44:58.921+0000][gc,phases   ] GC(957)   Pre Evacuate Collection Set: 3.7ms
[2025-12-25T05:44:58.921+0000][gc,phases   ] GC(957)   Merge Heap Roots: 0.3ms
[2025-12-25T05:44:58.921+0000][gc,phases   ] GC(957)   Evacuate Collection Set: 10.4ms
[2025-12-25T05:44:58.921+0000][gc,phases   ] GC(957)   Post Evacuate Collection Set: 1.0ms
[2025-12-25T05:44:58.921+0000][gc,phases   ] GC(957)   Other: 0.6ms
[2025-12-25T05:44:58.921+0000][gc,heap     ] GC(957) Eden regions: 497->0(493)
[2025-12-25T05:44:58.921+0000][gc,heap     ] GC(957) Survivor regions: 7->9(59)
[2025-12-25T05:44:58.921+0000][gc,heap     ] GC(957) Old regions: 310->310
[2025-12-25T05:44:58.921+0000][gc,heap     ] GC(957) Humongous regions: 151->151
[2025-12-25T05:44:58.921+0000][gc,metaspace] GC(957) Metaspace: 16611K(17024K)->16611K(17024K) NonClass: 14822K(14976K)->14822K(14976K) Class: 1788K(2048K)->1788K(2048K)
[2025-12-25T05:44:58.921+0000][gc          ] GC(957) Pause Young (Concurrent Start) (G1 Evacuation Pause) 964M->468M(1024M) 17.232ms
[2025-12-25T05:44:58.922+0000][gc,cpu      ] GC(957) User=0.09s Sys=0.01s Real=0.02s
[2025-12-25T05:44:58.922+0000][gc          ] GC(958) Concurrent Mark Cycle
[2025-12-25T05:44:58.922+0000][gc,marking  ] GC(958) Concurrent Scan Root Regions
[2025-12-25T05:44:58.931+0000][gc,marking  ] GC(958) Concurrent Scan Root Regions 8.182ms
[2025-12-25T05:44:58.931+0000][gc,marking  ] GC(958) Concurrent Mark
[2025-12-25T05:44:58.931+0000][gc,marking  ] GC(958) Concurrent Mark From Roots
[2025-12-25T05:44:58.931+0000][gc,task     ] GC(958) Using 2 workers of 2 for marking
[2025-12-25T05:44:59.109+0000][gc,marking  ] GC(958) Concurrent Mark From Roots 177.838ms
[2025-12-25T05:44:59.109+0000][gc,marking  ] GC(958) Concurrent Preclean
[2025-12-25T05:44:59.109+0000][gc,marking  ] GC(958) Concurrent Preclean 0.329ms
[2025-12-25T05:44:59.109+0000][gc,start    ] GC(958) Pause Remark
[2025-12-25T05:44:59.432+0000][gc,mmu      ] GC(958) MMU target violated: 201.0ms (200.0ms/201.0ms)
[2025-12-25T05:44:59.432+0000][gc          ] GC(958) Pause Remark 479M->350M(1024M) 323.143ms
[2025-12-25T05:44:59.432+0000][gc,cpu      ] GC(958) User=1.75s Sys=0.03s Real=0.32s
[2025-12-25T05:44:59.433+0000][gc,marking  ] GC(958) Concurrent Mark 502.077ms
[2025-12-25T05:44:59.433+0000][gc,marking  ] GC(958) Concurrent Rebuild Remembered Sets and Scrub Regions
[2025-12-25T05:44:59.468+0000][gc,marking  ] GC(958) Concurrent Rebuild Remembered Sets and Scrub Regions 35.271ms
[2025-12-25T05:44:59.469+0000][gc,start    ] GC(958) Pause Cleanup
[2025-12-25T05:44:59.470+0000][gc          ] GC(958) Pause Cleanup 350M->350M(1024M) 1.242ms
[2025-12-25T05:44:59.471+0000][gc,cpu      ] GC(958) User=0.00s Sys=0.00s Real=0.00s
[2025-12-25T05:44:59.471+0000][gc,marking  ] GC(958) Concurrent Clear Claimed Marks
[2025-12-25T05:44:59.471+0000][gc,marking  ] GC(958) Concurrent Clear Claimed Marks 0.110ms
[2025-12-25T05:44:59.471+0000][gc,marking  ] GC(958) Concurrent Cleanup for Next Mark
[2025-12-25T05:44:59.473+0000][gc,marking  ] GC(958) Concurrent Cleanup for Next Mark 2.591ms
[2025-12-25T05:44:59.474+0000][gc          ] GC(958) Concurrent Mark Cycle 551.872ms
[2025-12-25T05:45:28.699+0000][gc,start    ] GC(959) Pause Young (Prepare Mixed) (G1 Evacuation Pause)
[2025-12-25T05:45:28.700+0000][gc,task     ] GC(959) Using 8 workers of 8 for evacuation
[2025-12-25T05:45:28.716+0000][gc,phases   ] GC(959)   Pre Evacuate Collection Set: 1.2ms
[2025-12-25T05:45:28.716+0000][gc,phases   ] GC(959)   Merge Heap Roots: 0.7ms
[2025-12-25T05:45:28.716+0000][gc,phases   ] GC(959)   Evacuate Collection Set: 12.1ms
[2025-12-25T05:45:28.716+0000][gc,phases   ] GC(959)   Post Evacuate Collection Set: 2.1ms
[2025-12-25T05:45:28.716+0000][gc,phases   ] GC(959)   Other: 0.2ms
[2025-12-25T05:45:28.717+0000][gc,heap     ] GC(959) Eden regions: 493->0(605)
[2025-12-25T05:45:28.717+0000][gc,heap     ] GC(959) Survivor regions: 9->9(63)
[2025-12-25T05:45:28.717+0000][gc,heap     ] GC(959) Old regions: 181->181
[2025-12-25T05:45:28.717+0000][gc,heap     ] GC(959) Humongous regions: 151->151
[2025-12-25T05:45:28.717+0000][gc,metaspace] GC(959) Metaspace: 16607K(17024K)->16607K(17024K) NonClass: 14820K(14976K)->14820K(14976K) Class: 1787K(2048K)->1787K(2048K)
[2025-12-25T05:45:28.717+0000][gc          ] GC(959) Pause Young (Prepare Mixed) (G1 Evacuation Pause) 832M->340M(1024M) 18.256ms
[2025-12-25T05:45:28.717+0000][gc,cpu      ] GC(959) User=0.11s Sys=0.00s Real=0.02s
[2025-12-25T05:45:59.295+0000][gc,start    ] GC(960) Pause Young (Mixed) (G1 Evacuation Pause)
[2025-12-25T05:45:59.296+0000][gc,task     ] GC(960) Using 8 workers of 8 for evacuation
[2025-12-25T05:45:59.320+0000][gc,phases   ] GC(960)   Pre Evacuate Collection Set: 2.8ms
[2025-12-25T05:45:59.320+0000][gc,phases   ] GC(960)   Merge Heap Roots: 1.3ms
[2025-12-25T05:45:59.320+0000][gc,phases   ] GC(960)   Evacuate Collection Set: 17.2ms
[2025-12-25T05:45:59.320+0000][gc,phases   ] GC(960)   Post Evacuate Collection Set: 2.2ms
[2025-12-25T05:45:59.320+0000][gc,phases   ] GC(960)   Other: 0.5ms
[2025-12-25T05:45:59.320+0000][gc,heap     ] GC(960) Eden regions: 605->0(604)
[2025-12-25T05:45:59.320+0000][gc,heap     ] GC(960) Survivor regions: 9->10(77)
[2025-12-25T05:45:59.320+0000][gc,heap     ] GC(960) Old regions: 181->79
[2025-12-25T05:45:59.320+0000][gc,heap     ] GC(960) Humongous regions: 151->151
[2025-12-25T05:45:59.320+0000][gc,metaspace] GC(960) Metaspace: 16607K(17024K)->16607K(17024K) NonClass: 14820K(14976K)->14820K(14976K) Class: 1787K(2048K)->1787K(2048K)
[2025-12-25T05:45:59.321+0000][gc          ] GC(960) Pause Young (Mixed) (G1 Evacuation Pause) 945M->239M(1024M) 25.102ms
[2025-12-25T05:45:59.321+0000][gc,cpu      ] GC(960) User=0.16s Sys=0.00s Real=0.02s
[2025-12-25T05:46:38.448+0000][gc,start    ] GC(961) Pause Young (Mixed) (G1 Evacuation Pause)
[2025-12-25T05:46:38.448+0000][gc,task     ] GC(961) Using 8 workers of 8 for evacuation
[2025-12-25T05:46:38.462+0000][gc,phases   ] GC(961)   Pre Evacuate Collection Set: 1.1ms
[2025-12-25T05:46:38.462+0000][gc,phases   ] GC(961)   Merge Heap Roots: 0.3ms
[2025-12-25T05:46:38.463+0000][gc,phases   ] GC(961)   Evacuate Collection Set: 10.4ms
[2025-12-25T05:46:38.463+0000][gc,phases   ] GC(961)   Post Evacuate Collection Set: 1.9ms
[2025-12-25T05:46:38.463+0000][gc,phases   ] GC(961)   Other: 0.4ms
[2025-12-25T05:46:38.463+0000][gc,heap     ] GC(961) Eden regions: 604->0(608)
[2025-12-25T05:46:38.463+0000][gc,heap     ] GC(961) Survivor regions: 10->6(77)
[2025-12-25T05:46:38.463+0000][gc,heap     ] GC(961) Old regions: 79->76
[2025-12-25T05:46:38.463+0000][gc,heap     ] GC(961) Humongous regions: 151->151
[2025-12-25T05:46:38.463+0000][gc,metaspace] GC(961) Metaspace: 16607K(17024K)->16607K(17024K) NonClass: 14820K(14976K)->14820K(14976K) Class: 1787K(2048K)->1787K(2048K)
[2025-12-25T05:46:38.463+0000][gc          ] GC(961) Pause Young (Mixed) (G1 Evacuation Pause) 843M->232M(1024M) 15.354ms
[2025-12-25T05:46:38.463+0000][gc,cpu      ] GC(961) User=0.09s Sys=0.00s Real=0.02s
[2025-12-25T05:47:08.585+0000][gc,start    ] GC(962) Pause Young (Normal) (G1 Evacuation Pause)
[2025-12-25T05:47:08.585+0000][gc,task     ] GC(962) Using 8 workers of 8 for evacuation
[2025-12-25T05:47:08.597+0000][gc,phases   ] GC(962)   Pre Evacuate Collection Set: 0.9ms
[2025-12-25T05:47:08.597+0000][gc,phases   ] GC(962)   Merge Heap Roots: 0.3ms
[2025-12-25T05:47:08.597+0000][gc,phases   ] GC(962)   Evacuate Collection Set: 8.4ms
[2025-12-25T05:47:08.597+0000][gc,phases   ] GC(962)   Post Evacuate Collection Set: 1.4ms
[2025-12-25T05:47:08.597+0000][gc,phases   ] GC(962)   Other: 0.3ms
[2025-12-25T05:47:08.597+0000][gc,heap     ] GC(962) Eden regions: 608->0(607)
[2025-12-25T05:47:08.597+0000][gc,heap     ] GC(962) Survivor regions: 6->7(77)
[2025-12-25T05:47:08.597+0000][gc,heap     ] GC(962) Old regions: 76->76
[2025-12-25T05:47:08.597+0000][gc,heap     ] GC(962) Humongous regions: 151->151
[2025-12-25T05:47:08.597+0000][gc,metaspace] GC(962) Metaspace: 16607K(17024K)->16607K(17024K) NonClass: 14820K(14976K)->14820K(14976K) Class: 1787K(2048K)->1787K(2048K)
[2025-12-25T05:47:08.597+0000][gc          ] GC(962) Pause Young (Normal) (G1 Evacuation Pause) 840M->233M(1024M) 12.399ms
[2025-12-25T05:47:08.597+0000][gc,cpu      ] GC(962) User=0.07s Sys=0.00s Real=0.01s
[2025-12-25T05:47:38.819+0000][gc,start    ] GC(963) Pause Young (Normal) (G1 Evacuation Pause)
[2025-12-25T05:47:38.819+0000][gc,task     ] GC(963) Using 8 workers of 8 for evacuation
[2025-12-25T05:47:38.836+0000][gc,phases   ] GC(963)   Pre Evacuate Collection Set: 1.5ms
[2025-12-25T05:47:38.837+0000][gc,phases   ] GC(963)   Merge Heap Roots: 0.5ms
[2025-12-25T05:47:38.837+0000][gc,phases   ] GC(963)   Evacuate Collection Set: 10.8ms
[2025-12-25T05:47:38.837+0000][gc,phases   ] GC(963)   Post Evacuate Collection Set: 3.7ms
[2025-12-25T05:47:38.837+0000][gc,phases   ] GC(963)   Other: 0.2ms
[2025-12-25T05:47:38.837+0000][gc,heap     ] GC(963) Eden regions: 607->0(606)
[2025-12-25T05:47:38.838+0000][gc,heap     ] GC(963) Survivor regions: 7->8(77)
[2025-12-25T05:47:38.838+0000][gc,heap     ] GC(963) Old regions: 76->76
[2025-12-25T05:47:38.838+0000][gc,heap     ] GC(963) Humongous regions: 151->151
[2025-12-25T05:47:38.838+0000][gc,metaspace] GC(963) Metaspace: 16607K(17024K)->16607K(17024K) NonClass: 14820K(14976K)->14820K(14976K) Class: 1787K(2048K)->1787K(2048K)
[2025-12-25T05:47:38.838+0000][gc          ] GC(963) Pause Young (Normal) (G1 Evacuation Pause) 840M->234M(1024M) 18.932ms
[2025-12-25T05:47:38.838+0000][gc,cpu      ] GC(963) User=0.11s Sys=0.00s Real=0.01s
[2025-12-25T05:48:08.954+0000][gc,start    ] GC(964) Pause Young (Normal) (G1 Evacuation Pause)
[2025-12-25T05:48:08.955+0000][gc,task     ] GC(964) Using 8 workers of 8 for evacuation
[2025-12-25T05:48:08.967+0000][gc,phases   ] GC(964)   Pre Evacuate Collection Set: 1.4ms
[2025-12-25T05:48:08.967+0000][gc,phases   ] GC(964)   Merge Heap Roots: 0.4ms
[2025-12-25T05:48:08.967+0000][gc,phases   ] GC(964)   Evacuate Collection Set: 8.9ms
[2025-12-25T05:48:08.967+0000][gc,phases   ] GC(964)   Post Evacuate Collection Set: 1.1ms
[2025-12-25T05:48:08.967+0000][gc,phases   ] GC(964)   Other: 0.3ms
[2025-12-25T05:48:08.968+0000][gc,heap     ] GC(964) Eden regions: 606->0(604)
[2025-12-25T05:48:08.968+0000][gc,heap     ] GC(964) Survivor regions: 8->10(77)
[2025-12-25T05:48:08.968+0000][gc,heap     ] GC(964) Old regions: 76->77
[2025-12-25T05:48:08.968+0000][gc,heap     ] GC(964) Humongous regions: 151->151
[2025-12-25T05:48:08.968+0000][gc,metaspace] GC(964) Metaspace: 16607K(17024K)->16607K(17024K) NonClass: 14820K(14976K)->14820K(14976K) Class: 1787K(2048K)->1787K(2048K)
[2025-12-25T05:48:08.968+0000][gc          ] GC(964) Pause Young (Normal) (G1 Evacuation Pause) 840M->236M(1024M) 13.347ms
[2025-12-25T05:48:08.968+0000][gc,cpu      ] GC(964) User=0.08s Sys=0.00s Real=0.02s
[2025-12-25T05:48:48.448+0000][gc,start    ] GC(965) Pause Young (Normal) (G1 Evacuation Pause)
[2025-12-25T05:48:48.449+0000][gc,task     ] GC(965) Using 8 workers of 8 for evacuation
[2025-12-25T05:48:48.462+0000][gc,phases   ] GC(965)   Pre Evacuate Collection Set: 1.3ms
[2025-12-25T05:48:48.462+0000][gc,phases   ] GC(965)   Merge Heap Roots: 0.3ms
[2025-12-25T05:48:48.462+0000][gc,phases   ] GC(965)   Evacuate Collection Set: 9.4ms
[2025-12-25T05:48:48.462+0000][gc,phases   ] GC(965)   Post Evacuate Collection Set: 1.1ms
[2025-12-25T05:48:48.462+0000][gc,phases   ] GC(965)   Other: 0.2ms
[2025-12-25T05:48:48.462+0000][gc,heap     ] GC(965) Eden regions: 604->0(605)
[2025-12-25T05:48:48.462+0000][gc,heap     ] GC(965) Survivor regions: 10->9(77)
[2025-12-25T05:48:48.462+0000][gc,heap     ] GC(965) Old regions: 77->77
[2025-12-25T05:48:48.462+0000][gc,heap     ] GC(965) Humongous regions: 151->151
[2025-12-25T05:48:48.462+0000][gc,metaspace] GC(965) Metaspace: 16607K(17024K)->16607K(17024K) NonClass: 14820K(14976K)->14820K(14976K) Class: 1787K(2048K)->1787K(2048K)
[2025-12-25T05:48:48.462+0000][gc          ] GC(965) Pause Young (Normal) (G1 Evacuation Pause) 840M->235M(1024M) 14.370ms
[2025-12-25T05:48:48.462+0000][gc,cpu      ] GC(965) User=0.06s Sys=0.01s Real=0.01s
[2025-12-25T05:49:18.617+0000][gc,start    ] GC(966) Pause Young (Normal) (G1 Evacuation Pause)
[2025-12-25T05:49:18.618+0000][gc,task     ] GC(966) Using 8 workers of 8 for evacuation
[2025-12-25T05:49:18.630+0000][gc,phases   ] GC(966)   Pre Evacuate Collection Set: 1.4ms
[2025-12-25T05:49:18.630+0000][gc,phases   ] GC(966)   Merge Heap Roots: 0.5ms
[2025-12-25T05:49:18.630+0000][gc,phases   ] GC(966)   Evacuate Collection Set: 7.8ms
[2025-12-25T05:49:18.630+0000][gc,phases   ] GC(966)   Post Evacuate Collection Set: 2.1ms
[2025-12-25T05:49:18.630+0000][gc,phases   ] GC(966)   Other: 0.3ms
[2025-12-25T05:49:18.630+0000][gc,heap     ] GC(966) Eden regions: 605->0(607)
[2025-12-25T05:49:18.630+0000][gc,heap     ] GC(966) Survivor regions: 9->7(77)
[2025-12-25T05:49:18.631+0000][gc,heap     ] GC(966) Old regions: 77->77
[2025-12-25T05:49:18.631+0000][gc,heap     ] GC(966) Humongous regions: 151->151
[2025-12-25T05:49:18.631+0000][gc,metaspace] GC(966) Metaspace: 16607K(17024K)->16607K(17024K) NonClass: 14820K(14976K)->14820K(14976K) Class: 1787K(2048K)->1787K(2048K)
[2025-12-25T05:49:18.631+0000][gc          ] GC(966) Pause Young (Normal) (G1 Evacuation Pause) 840M->234M(1024M) 13.892ms
[2025-12-25T05:49:18.631+0000][gc,cpu      ] GC(966) User=0.05s Sys=0.01s Real=0.01s
[2025-12-25T05:49:48.768+0000][gc,start    ] GC(967) Pause Young (Normal) (G1 Evacuation Pause)
[2025-12-25T05:49:48.769+0000][gc,task     ] GC(967) Using 8 workers of 8 for evacuation
[2025-12-25T05:49:48.783+0000][gc,phases   ] GC(967)   Pre Evacuate Collection Set: 1.0ms
[2025-12-25T05:49:48.783+0000][gc,phases   ] GC(967)   Merge Heap Roots: 0.4ms
[2025-12-25T05:49:48.784+0000][gc,phases   ] GC(967)   Evacuate Collection Set: 11.9ms
[2025-12-25T05:49:48.784+0000][gc,phases   ] GC(967)   Post Evacuate Collection Set: 1.0ms
[2025-12-25T05:49:48.784+0000][gc,phases   ] GC(967)   Other: 0.2ms
[2025-12-25T05:49:48.784+0000][gc,heap     ] GC(967) Eden regions: 607->0(606)
[2025-12-25T05:49:48.784+0000][gc,heap     ] GC(967) Survivor regions: 7->8(77)
[2025-12-25T05:49:48.784+0000][gc,heap     ] GC(967) Old regions: 77->78
[2025-12-25T05:49:48.784+0000][gc,heap     ] GC(967) Humongous regions: 151->151
[2025-12-25T05:49:48.784+0000][gc,metaspace] GC(967) Metaspace: 16607K(17024K)->16607K(17024K) NonClass: 14820K(14976K)->14820K(14976K) Class: 1787K(2048K)->1787K(2048K)
[2025-12-25T05:49:48.784+0000][gc          ] GC(967) Pause Young (Normal) (G1 Evacuation Pause) 841M->235M(1024M) 15.648ms
[2025-12-25T05:49:48.784+0000][gc,cpu      ] GC(967) User=0.10s Sys=0.00s Real=0.02s
[2025-12-25T05:50:18.893+0000][gc,start    ] GC(968) Pause Young (Normal) (G1 Evacuation Pause)
[2025-12-25T05:50:18.895+0000][gc,task     ] GC(968) Using 8 workers of 8 for evacuation
[2025-12-25T05:50:18.917+0000][gc,phases   ] GC(968)   Pre Evacuate Collection Set: 1.1ms
[2025-12-25T05:50:18.917+0000][gc,phases   ] GC(968)   Merge Heap Roots: 0.4ms
[2025-12-25T05:50:18.918+0000][gc,phases   ] GC(968)   Evacuate Collection Set: 19.6ms
[2025-12-25T05:50:18.918+0000][gc,phases   ] GC(968)   Post Evacuate Collection Set: 1.2ms
[2025-12-25T05:50:18.918+0000][gc,phases   ] GC(968)   Other: 0.4ms
[2025-12-25T05:50:18.918+0000][gc,heap     ] GC(968) Eden regions: 606->0(605)
[2025-12-25T05:50:18.918+0000][gc,heap     ] GC(968) Survivor regions: 8->9(77)
[2025-12-25T05:50:18.918+0000][gc,heap     ] GC(968) Old regions: 78->78
[2025-12-25T05:50:18.918+0000][gc,heap     ] GC(968) Humongous regions: 151->151
[2025-12-25T05:50:18.918+0000][gc,metaspace] GC(968) Metaspace: 16615K(17024K)->16615K(17024K) NonClass: 14827K(14976K)->14827K(14976K) Class: 1787K(2048K)->1787K(2048K)
[2025-12-25T05:50:18.918+0000][gc          ] GC(968) Pause Young (Normal) (G1 Evacuation Pause) 841M->236M(1024M) 24.678ms
[2025-12-25T05:50:18.918+0000][gc,cpu      ] GC(968) User=0.14s Sys=0.00s Real=0.02s
[2025-12-25T05:50:58.492+0000][gc,start    ] GC(969) Pause Young (Normal) (G1 Evacuation Pause)
[2025-12-25T05:50:58.492+0000][gc,task     ] GC(969) Using 8 workers of 8 for evacuation
[2025-12-25T05:50:58.513+0000][gc,phases   ] GC(969)   Pre Evacuate Collection Set: 1.2ms
[2025-12-25T05:50:58.513+0000][gc,phases   ] GC(969)   Merge Heap Roots: 0.4ms
[2025-12-25T05:50:58.513+0000][gc,phases   ] GC(969)   Evacuate Collection Set: 17.9ms
[2025-12-25T05:50:58.513+0000][gc,phases   ] GC(969)   Post Evacuate Collection Set: 1.2ms
[2025-12-25T05:50:58.513+0000][gc,phases   ] GC(969)   Other: 0.2ms
[2025-12-25T05:50:58.513+0000][gc,heap     ] GC(969) Eden regions: 605->0(606)
[2025-12-25T05:50:58.513+0000][gc,heap     ] GC(969) Survivor regions: 9->8(77)
[2025-12-25T05:50:58.513+0000][gc,heap     ] GC(969) Old regions: 78->78
[2025-12-25T05:50:58.513+0000][gc,heap     ] GC(969) Humongous regions: 151->151
[2025-12-25T05:50:58.513+0000][gc,metaspace] GC(969) Metaspace: 16615K(17024K)->16615K(17024K) NonClass: 14827K(14976K)->14827K(14976K) Class: 1787K(2048K)->1787K(2048K)
[2025-12-25T05:50:58.513+0000][gc          ] GC(969) Pause Young (Normal) (G1 Evacuation Pause) 841M->236M(1024M) 22.000ms
[2025-12-25T05:50:58.514+0000][gc,cpu      ] GC(969) User=0.13s Sys=0.00s Real=0.02s
[2025-12-25T05:51:28.626+0000][gc,start    ] GC(970) Pause Young (Normal) (G1 Evacuation Pause)
[2025-12-25T05:51:28.627+0000][gc,task     ] GC(970) Using 8 workers of 8 for evacuation
[2025-12-25T05:51:28.638+0000][gc,phases   ] GC(970)   Pre Evacuate Collection Set: 1.1ms
[2025-12-25T05:51:28.639+0000][gc,phases   ] GC(970)   Merge Heap Roots: 0.3ms
[2025-12-25T05:51:28.639+0000][gc,phases   ] GC(970)   Evacuate Collection Set: 8.8ms
[2025-12-25T05:51:28.639+0000][gc,phases   ] GC(970)   Post Evacuate Collection Set: 1.1ms
[2025-12-25T05:51:28.639+0000][gc,phases   ] GC(970)   Other: 0.2ms
[2025-12-25T05:51:28.639+0000][gc,heap     ] GC(970) Eden regions: 606->0(604)
[2025-12-25T05:51:28.639+0000][gc,heap     ] GC(970) Survivor regions: 8->10(77)
[2025-12-25T05:51:28.639+0000][gc,heap     ] GC(970) Old regions: 78->78
[2025-12-25T05:51:28.639+0000][gc,heap     ] GC(970) Humongous regions: 151->151
[2025-12-25T05:51:28.639+0000][gc,metaspace] GC(970) Metaspace: 16615K(17024K)->16615K(17024K) NonClass: 14827K(14976K)->14827K(14976K) Class: 1787K(2048K)->1787K(2048K)
[2025-12-25T05:51:28.639+0000][gc          ] GC(970) Pause Young (Normal) (G1 Evacuation Pause) 842M->238M(1024M) 12.675ms
[2025-12-25T05:51:28.639+0000][gc,cpu      ] GC(970) User=0.08s Sys=0.00s Real=0.02s
[2025-12-25T05:51:58.752+0000][gc,start    ] GC(971) Pause Young (Normal) (G1 Evacuation Pause)
[2025-12-25T05:51:58.752+0000][gc,task     ] GC(971) Using 8 workers of 8 for evacuation
[2025-12-25T05:51:58.770+0000][gc,phases   ] GC(971)   Pre Evacuate Collection Set: 1.2ms
[2025-12-25T05:51:58.770+0000][gc,phases   ] GC(971)   Merge Heap Roots: 0.3ms
[2025-12-25T05:51:58.770+0000][gc,phases   ] GC(971)   Evacuate Collection Set: 15.4ms
[2025-12-25T05:51:58.770+0000][gc,phases   ] GC(971)   Post Evacuate Collection Set: 1.0ms
[2025-12-25T05:51:58.770+0000][gc,phases   ] GC(971)   Other: 0.2ms
[2025-12-25T05:51:58.770+0000][gc,heap     ] GC(971) Eden regions: 604->0(606)
[2025-12-25T05:51:58.770+0000][gc,heap     ] GC(971) Survivor regions: 10->8(77)
[2025-12-25T05:51:58.770+0000][gc,heap     ] GC(971) Old regions: 78->79
[2025-12-25T05:51:58.770+0000][gc,heap     ] GC(971) Humongous regions: 151->151
[2025-12-25T05:51:58.770+0000][gc,metaspace] GC(971) Metaspace: 16615K(17024K)->16615K(17024K) NonClass: 14827K(14976K)->14827K(14976K) Class: 1787K(2048K)->1787K(2048K)
[2025-12-25T05:51:58.771+0000][gc          ] GC(971) Pause Young (Normal) (G1 Evacuation Pause) 842M->236M(1024M) 18.999ms
[2025-12-25T05:51:58.771+0000][gc,cpu      ] GC(971) User=0.13s Sys=0.00s Real=0.02s
[2025-12-25T05:52:28.909+0000][gc,start    ] GC(972) Pause Young (Normal) (G1 Evacuation Pause)
[2025-12-25T05:52:28.909+0000][gc,task     ] GC(972) Using 8 workers of 8 for evacuation
[2025-12-25T05:52:28.924+0000][gc,phases   ] GC(972)   Pre Evacuate Collection Set: 1.2ms
[2025-12-25T05:52:28.924+0000][gc,phases   ] GC(972)   Merge Heap Roots: 0.3ms
[2025-12-25T05:52:28.924+0000][gc,phases   ] GC(972)   Evacuate Collection Set: 11.7ms
[2025-12-25T05:52:28.924+0000][gc,phases   ] GC(972)   Post Evacuate Collection Set: 1.2ms
[2025-12-25T05:52:28.924+0000][gc,phases   ] GC(972)   Other: 0.3ms
[2025-12-25T05:52:28.924+0000][gc,heap     ] GC(972) Eden regions: 606->0(605)
[2025-12-25T05:52:28.924+0000][gc,heap     ] GC(972) Survivor regions: 8->9(77)
[2025-12-25T05:52:28.924+0000][gc,heap     ] GC(972) Old regions: 79->79
[2025-12-25T05:52:28.924+0000][gc,heap     ] GC(972) Humongous regions: 151->151
[2025-12-25T05:52:28.924+0000][gc,metaspace] GC(972) Metaspace: 16615K(17024K)->16615K(17024K) NonClass: 14827K(14976K)->14827K(14976K) Class: 1787K(2048K)->1787K(2048K)
[2025-12-25T05:52:28.924+0000][gc          ] GC(972) Pause Young (Normal) (G1 Evacuation Pause) 842M->237M(1024M) 15.945ms
[2025-12-25T05:52:28.925+0000][gc,cpu      ] GC(972) User=0.10s Sys=0.00s Real=0.01s
[2025-12-25T05:53:08.480+0000][gc,start    ] GC(973) Pause Young (Normal) (G1 Evacuation Pause)
[2025-12-25T05:53:08.481+0000][gc,task     ] GC(973) Using 8 workers of 8 for evacuation
[2025-12-25T05:53:08.492+0000][gc,phases   ] GC(973)   Pre Evacuate Collection Set: 1.4ms
[2025-12-25T05:53:08.492+0000][gc,phases   ] GC(973)   Merge Heap Roots: 0.4ms
[2025-12-25T05:53:08.492+0000][gc,phases   ] GC(973)   Evacuate Collection Set: 8.3ms
[2025-12-25T05:53:08.492+0000][gc,phases   ] GC(973)   Post Evacuate Collection Set: 1.2ms
[2025-12-25T05:53:08.492+0000][gc,phases   ] GC(973)   Other: 0.2ms
[2025-12-25T05:53:08.492+0000][gc,heap     ] GC(973) Eden regions: 605->0(606)
[2025-12-25T05:53:08.493+0000][gc,heap     ] GC(973) Survivor regions: 9->8(77)
[2025-12-25T05:53:08.493+0000][gc,heap     ] GC(973) Old regions: 79->79
[2025-12-25T05:53:08.493+0000][gc,heap     ] GC(973) Humongous regions: 151->151
[2025-12-25T05:53:08.493+0000][gc,metaspace] GC(973) Metaspace: 16615K(17024K)->16615K(17024K) NonClass: 14827K(14976K)->14827K(14976K) Class: 1787K(2048K)->1787K(2048K)
[2025-12-25T05:53:08.493+0000][gc          ] GC(973) Pause Young (Normal) (G1 Evacuation Pause) 842M->237M(1024M) 12.678ms
[2025-12-25T05:53:08.493+0000][gc,cpu      ] GC(973) User=0.07s Sys=0.01s Real=0.01s
[2025-12-25T05:53:38.698+0000][gc,start    ] GC(974) Pause Young (Normal) (G1 Evacuation Pause)
[2025-12-25T05:53:38.699+0000][gc,task     ] GC(974) Using 8 workers of 8 for evacuation
[2025-12-25T05:53:38.715+0000][gc,phases   ] GC(974)   Pre Evacuate Collection Set: 2.3ms
[2025-12-25T05:53:38.715+0000][gc,phases   ] GC(974)   Merge Heap Roots: 1.6ms
[2025-12-25T05:53:38.715+0000][gc,phases   ] GC(974)   Evacuate Collection Set: 10.6ms
[2025-12-25T05:53:38.715+0000][gc,phases   ] GC(974)   Post Evacuate Collection Set: 1.1ms
[2025-12-25T05:53:38.715+0000][gc,phases   ] GC(974)   Other: 0.5ms
[2025-12-25T05:53:38.715+0000][gc,heap     ] GC(974) Eden regions: 606->0(605)
[2025-12-25T05:53:38.715+0000][gc,heap     ] GC(974) Survivor regions: 8->9(77)
[2025-12-25T05:53:38.716+0000][gc,heap     ] GC(974) Old regions: 79->79
[2025-12-25T05:53:38.716+0000][gc,heap     ] GC(974) Humongous regions: 151->151
[2025-12-25T05:53:38.716+0000][gc,metaspace] GC(974) Metaspace: 16615K(17024K)->16615K(17024K) NonClass: 14827K(14976K)->14827K(14976K) Class: 1787K(2048K)->1787K(2048K)
[2025-12-25T05:53:38.716+0000][gc          ] GC(974) Pause Young (Normal) (G1 Evacuation Pause) 843M->238M(1024M) 17.283ms
[2025-12-25T05:53:38.716+0000][gc,cpu      ] GC(974) User=0.10s Sys=0.00s Real=0.02s
[2025-12-25T05:54:08.875+0000][gc,start    ] GC(975) Pause Young (Normal) (G1 Evacuation Pause)
[2025-12-25T05:54:08.876+0000][gc,task     ] GC(975) Using 8 workers of 8 for evacuation
[2025-12-25T05:54:08.892+0000][gc,phases   ] GC(975)   Pre Evacuate Collection Set: 3.2ms
[2025-12-25T05:54:08.892+0000][gc,phases   ] GC(975)   Merge Heap Roots: 1.0ms
[2025-12-25T05:54:08.892+0000][gc,phases   ] GC(975)   Evacuate Collection Set: 10.3ms
[2025-12-25T05:54:08.892+0000][gc,phases   ] GC(975)   Post Evacuate Collection Set: 1.1ms
[2025-12-25T05:54:08.892+0000][gc,phases   ] GC(975)   Other: 0.4ms
[2025-12-25T05:54:08.892+0000][gc,heap     ] GC(975) Eden regions: 605->0(603)
[2025-12-25T05:54:08.892+0000][gc,heap     ] GC(975) Survivor regions: 9->11(77)
[2025-12-25T05:54:08.893+0000][gc,heap     ] GC(975) Old regions: 79->80
[2025-12-25T05:54:08.893+0000][gc,heap     ] GC(975) Humongous regions: 151->151
[2025-12-25T05:54:08.893+0000][gc,metaspace] GC(975) Metaspace: 16615K(17024K)->16615K(17024K) NonClass: 14827K(14976K)->14827K(14976K) Class: 1787K(2048K)->1787K(2048K)
[2025-12-25T05:54:08.893+0000][gc          ] GC(975) Pause Young (Normal) (G1 Evacuation Pause) 843M->240M(1024M) 17.457ms
[2025-12-25T05:54:08.893+0000][gc,cpu      ] GC(975) User=0.10s Sys=0.00s Real=0.02s
[2025-12-25T05:54:48.323+0000][gc,start    ] GC(976) Pause Young (Normal) (G1 Evacuation Pause)
[2025-12-25T05:54:48.324+0000][gc,task     ] GC(976) Using 8 workers of 8 for evacuation
[2025-12-25T05:54:48.353+0000][gc,phases   ] GC(976)   Pre Evacuate Collection Set: 2.6ms
[2025-12-25T05:54:48.353+0000][gc,phases   ] GC(976)   Merge Heap Roots: 1.4ms
[2025-12-25T05:54:48.354+0000][gc,phases   ] GC(976)   Evacuate Collection Set: 22.5ms
[2025-12-25T05:54:48.354+0000][gc,phases   ] GC(976)   Post Evacuate Collection Set: 1.9ms
[2025-12-25T05:54:48.354+0000][gc,phases   ] GC(976)   Other: 0.5ms
[2025-12-25T05:54:48.354+0000][gc,heap     ] GC(976) Eden regions: 603->0(607)
[2025-12-25T05:54:48.354+0000][gc,heap     ] GC(976) Survivor regions: 11->7(77)
[2025-12-25T05:54:48.354+0000][gc,heap     ] GC(976) Old regions: 80->80
[2025-12-25T05:54:48.354+0000][gc,heap     ] GC(976) Humongous regions: 151->151
[2025-12-25T05:54:48.354+0000][gc,metaspace] GC(976) Metaspace: 16615K(17024K)->16615K(17024K) NonClass: 14827K(14976K)->14827K(14976K) Class: 1787K(2048K)->1787K(2048K)
[2025-12-25T05:54:48.355+0000][gc          ] GC(976) Pause Young (Normal) (G1 Evacuation Pause) 843M->236M(1024M) 31.512ms
[2025-12-25T05:54:48.355+0000][gc,cpu      ] GC(976) User=0.16s Sys=0.02s Real=0.03s
[2025-12-25T05:55:18.562+0000][gc,start    ] GC(977) Pause Young (Normal) (G1 Evacuation Pause)
[2025-12-25T05:55:18.563+0000][gc,task     ] GC(977) Using 8 workers of 8 for evacuation
[2025-12-25T05:55:18.578+0000][gc,phases   ] GC(977)   Pre Evacuate Collection Set: 2.0ms
[2025-12-25T05:55:18.578+0000][gc,phases   ] GC(977)   Merge Heap Roots: 0.5ms
[2025-12-25T05:55:18.578+0000][gc,phases   ] GC(977)   Evacuate Collection Set: 10.3ms
[2025-12-25T05:55:18.578+0000][gc,phases   ] GC(977)   Post Evacuate Collection Set: 1.3ms
[2025-12-25T05:55:18.578+0000][gc,phases   ] GC(977)   Other: 0.5ms
[2025-12-25T05:55:18.578+0000][gc,heap     ] GC(977) Eden regions: 607->0(606)
[2025-12-25T05:55:18.578+0000][gc,heap     ] GC(977) Survivor regions: 7->8(77)
[2025-12-25T05:55:18.578+0000][gc,heap     ] GC(977) Old regions: 80->80
[2025-12-25T05:55:18.578+0000][gc,heap     ] GC(977) Humongous regions: 151->151
[2025-12-25T05:55:18.578+0000][gc,metaspace] GC(977) Metaspace: 16615K(17024K)->16615K(17024K) NonClass: 14827K(14976K)->14827K(14976K) Class: 1787K(2048K)->1787K(2048K)
[2025-12-25T05:55:18.578+0000][gc          ] GC(977) Pause Young (Normal) (G1 Evacuation Pause) 843M->238M(1024M) 16.859ms
[2025-12-25T05:55:18.579+0000][gc,cpu      ] GC(977) User=0.08s Sys=0.00s Real=0.02s
[2025-12-25T05:55:48.728+0000][gc,start    ] GC(978) Pause Young (Normal) (G1 Evacuation Pause)
[2025-12-25T05:55:48.734+0000][gc,task     ] GC(978) Using 8 workers of 8 for evacuation
[2025-12-25T05:55:48.758+0000][gc,phases   ] GC(978)   Pre Evacuate Collection Set: 1.7ms
[2025-12-25T05:55:48.758+0000][gc,phases   ] GC(978)   Merge Heap Roots: 0.4ms
[2025-12-25T05:55:48.758+0000][gc,phases   ] GC(978)   Evacuate Collection Set: 19.9ms
[2025-12-25T05:55:48.758+0000][gc,phases   ] GC(978)   Post Evacuate Collection Set: 1.9ms
[2025-12-25T05:55:48.758+0000][gc,phases   ] GC(978)   Other: 0.5ms
[2025-12-25T05:55:48.758+0000][gc,heap     ] GC(978) Eden regions: 606->0(605)
[2025-12-25T05:55:48.759+0000][gc,heap     ] GC(978) Survivor regions: 8->9(77)
[2025-12-25T05:55:48.759+0000][gc,heap     ] GC(978) Old regions: 80->81
[2025-12-25T05:55:48.759+0000][gc,heap     ] GC(978) Humongous regions: 151->151
[2025-12-25T05:55:48.759+0000][gc,metaspace] GC(978) Metaspace: 16615K(17024K)->16615K(17024K) NonClass: 14827K(14976K)->14827K(14976K) Class: 1787K(2048K)->1787K(2048K)
[2025-12-25T05:55:48.759+0000][gc          ] GC(978) Pause Young (Normal) (G1 Evacuation Pause) 844M->239M(1024M) 30.324ms
[2025-12-25T05:55:48.759+0000][gc,cpu      ] GC(978) User=0.16s Sys=0.01s Real=0.03s
[2025-12-25T05:56:19.938+0000][gc,start    ] GC(979) Pause Young (Normal) (G1 Evacuation Pause)
[2025-12-25T05:56:19.939+0000][gc,task     ] GC(979) Using 8 workers of 8 for evacuation
[2025-12-25T05:56:19.976+0000][gc,phases   ] GC(979)   Pre Evacuate Collection Set: 3.2ms
[2025-12-25T05:56:19.977+0000][gc,phases   ] GC(979)   Merge Heap Roots: 0.9ms
[2025-12-25T05:56:19.977+0000][gc,phases   ] GC(979)   Evacuate Collection Set: 29.5ms
[2025-12-25T05:56:19.977+0000][gc,phases   ] GC(979)   Post Evacuate Collection Set: 3.1ms
[2025-12-25T05:56:19.977+0000][gc,phases   ] GC(979)   Other: 0.9ms
[2025-12-25T05:56:19.977+0000][gc,heap     ] GC(979) Eden regions: 605->0(604)
[2025-12-25T05:56:19.977+0000][gc,heap     ] GC(979) Survivor regions: 9->10(77)
[2025-12-25T05:56:19.977+0000][gc,heap     ] GC(979) Old regions: 81->81
[2025-12-25T05:56:19.978+0000][gc,heap     ] GC(979) Humongous regions: 151->151
[2025-12-25T05:56:19.978+0000][gc,metaspace] GC(979) Metaspace: 16615K(17024K)->16615K(17024K) NonClass: 14827K(14976K)->14827K(14976K) Class: 1787K(2048K)->1787K(2048K)
[2025-12-25T05:56:19.978+0000][gc          ] GC(979) Pause Young (Normal) (G1 Evacuation Pause) 844M->241M(1024M) 40.532ms
[2025-12-25T05:56:19.978+0000][gc,cpu      ] GC(979) User=0.19s Sys=0.01s Real=0.04s
[2025-12-25T05:56:58.368+0000][gc,start    ] GC(980) Pause Young (Normal) (G1 Evacuation Pause)
[2025-12-25T05:56:58.369+0000][gc,task     ] GC(980) Using 8 workers of 8 for evacuation
[2025-12-25T05:56:58.403+0000][gc,phases   ] GC(980)   Pre Evacuate Collection Set: 1.9ms
[2025-12-25T05:56:58.403+0000][gc,phases   ] GC(980)   Merge Heap Roots: 0.7ms
[2025-12-25T05:56:58.404+0000][gc,phases   ] GC(980)   Evacuate Collection Set: 27.1ms
[2025-12-25T05:56:58.404+0000][gc,phases   ] GC(980)   Post Evacuate Collection Set: 3.7ms
[2025-12-25T05:56:58.404+0000][gc,phases   ] GC(980)   Other: 0.4ms
[2025-12-25T05:56:58.404+0000][gc,heap     ] GC(980) Eden regions: 604->0(605)
[2025-12-25T05:56:58.404+0000][gc,heap     ] GC(980) Survivor regions: 10->9(77)
[2025-12-25T05:56:58.404+0000][gc,heap     ] GC(980) Old regions: 81->81
[2025-12-25T05:56:58.404+0000][gc,heap     ] GC(980) Humongous regions: 151->151
[2025-12-25T05:56:58.404+0000][gc,metaspace] GC(980) Metaspace: 16615K(17024K)->16615K(17024K) NonClass: 14827K(14976K)->14827K(14976K) Class: 1787K(2048K)->1787K(2048K)
[2025-12-25T05:56:58.405+0000][gc          ] GC(980) Pause Young (Normal) (G1 Evacuation Pause) 845M->240M(1024M) 36.104ms
[2025-12-25T05:56:58.405+0000][gc,cpu      ] GC(980) User=0.23s Sys=0.00s Real=0.04s
[2025-12-25T05:57:28.929+0000][gc,start    ] GC(981) Pause Young (Normal) (G1 Evacuation Pause)
[2025-12-25T05:57:28.932+0000][gc,task     ] GC(981) Using 8 workers of 8 for evacuation
[2025-12-25T05:57:28.965+0000][gc,phases   ] GC(981)   Pre Evacuate Collection Set: 3.7ms
[2025-12-25T05:57:28.966+0000][gc,phases   ] GC(981)   Merge Heap Roots: 1.1ms
[2025-12-25T05:57:28.966+0000][gc,phases   ] GC(981)   Evacuate Collection Set: 24.0ms
[2025-12-25T05:57:28.966+0000][gc,phases   ] GC(981)   Post Evacuate Collection Set: 2.8ms
[2025-12-25T05:57:28.966+0000][gc,phases   ] GC(981)   Other: 1.8ms
[2025-12-25T05:57:28.966+0000][gc,heap     ] GC(981) Eden regions: 605->0(607)
[2025-12-25T05:57:28.966+0000][gc,heap     ] GC(981) Survivor regions: 9->7(77)
[2025-12-25T05:57:28.967+0000][gc,heap     ] GC(981) Old regions: 81->82
[2025-12-25T05:57:28.967+0000][gc,heap     ] GC(981) Humongous regions: 151->151
[2025-12-25T05:57:28.967+0000][gc,metaspace] GC(981) Metaspace: 16615K(17024K)->16615K(17024K) NonClass: 14827K(14976K)->14827K(14976K) Class: 1787K(2048K)->1787K(2048K)
[2025-12-25T05:57:28.967+0000][gc          ] GC(981) Pause Young (Normal) (G1 Evacuation Pause) 845M->238M(1024M) 38.366ms
[2025-12-25T05:57:28.967+0000][gc,cpu      ] GC(981) User=0.18s Sys=0.01s Real=0.04s
[2025-12-25T05:57:59.463+0000][gc,start    ] GC(982) Pause Young (Normal) (G1 Evacuation Pause)
[2025-12-25T05:57:59.465+0000][gc,task     ] GC(982) Using 8 workers of 8 for evacuation
[2025-12-25T05:57:59.493+0000][gc,phases   ] GC(982)   Pre Evacuate Collection Set: 2.8ms
[2025-12-25T05:57:59.494+0000][gc,phases   ] GC(982)   Merge Heap Roots: 0.9ms
[2025-12-25T05:57:59.494+0000][gc,phases   ] GC(982)   Evacuate Collection Set: 21.0ms
[2025-12-25T05:57:59.494+0000][gc,phases   ] GC(982)   Post Evacuate Collection Set: 3.4ms
[2025-12-25T05:57:59.495+0000][gc,phases   ] GC(982)   Other: 0.8ms
[2025-12-25T05:57:59.495+0000][gc,heap     ] GC(982) Eden regions: 607->0(606)
[2025-12-25T05:57:59.495+0000][gc,heap     ] GC(982) Survivor regions: 7->8(77)
[2025-12-25T05:57:59.496+0000][gc,heap     ] GC(982) Old regions: 82->82
[2025-12-25T05:57:59.496+0000][gc,heap     ] GC(982) Humongous regions: 151->151
[2025-12-25T05:57:59.496+0000][gc,metaspace] GC(982) Metaspace: 16615K(17024K)->16615K(17024K) NonClass: 14827K(14976K)->14827K(14976K) Class: 1787K(2048K)->1787K(2048K)
[2025-12-25T05:57:59.497+0000][gc          ] GC(982) Pause Young (Normal) (G1 Evacuation Pause) 845M->240M(1024M) 33.560ms
[2025-12-25T05:57:59.497+0000][gc,cpu      ] GC(982) User=0.14s Sys=0.01s Real=0.04s
[2025-12-25T05:58:30.135+0000][gc,start    ] GC(983) Pause Young (Normal) (G1 Evacuation Pause)
[2025-12-25T05:58:30.137+0000][gc,task     ] GC(983) Using 8 workers of 8 for evacuation
[2025-12-25T05:58:30.173+0000][gc,phases   ] GC(983)   Pre Evacuate Collection Set: 5.5ms
[2025-12-25T05:58:30.174+0000][gc,phases   ] GC(983)   Merge Heap Roots: 2.2ms
[2025-12-25T05:58:30.174+0000][gc,phases   ] GC(983)   Evacuate Collection Set: 24.3ms
[2025-12-25T05:58:30.174+0000][gc,phases   ] GC(983)   Post Evacuate Collection Set: 3.3ms
[2025-12-25T05:58:30.174+0000][gc,phases   ] GC(983)   Other: 1.4ms
[2025-12-25T05:58:30.175+0000][gc,heap     ] GC(983) Eden regions: 606->0(605)
[2025-12-25T05:58:30.175+0000][gc,heap     ] GC(983) Survivor regions: 8->9(77)
[2025-12-25T05:58:30.175+0000][gc,heap     ] GC(983) Old regions: 82->82
[2025-12-25T05:58:30.175+0000][gc,heap     ] GC(983) Humongous regions: 151->151
[2025-12-25T05:58:30.175+0000][gc,metaspace] GC(983) Metaspace: 16615K(17024K)->16615K(17024K) NonClass: 14827K(14976K)->14827K(14976K) Class: 1787K(2048K)->1787K(2048K)
[2025-12-25T05:58:30.176+0000][gc          ] GC(983) Pause Young (Normal) (G1 Evacuation Pause) 846M->241M(1024M) 41.071ms
[2025-12-25T05:58:30.176+0000][gc,cpu      ] GC(983) User=0.20s Sys=0.00s Real=0.04s
[2025-12-25T05:59:08.542+0000][gc,start    ] GC(984) Pause Young (Normal) (G1 Evacuation Pause)
[2025-12-25T05:59:08.544+0000][gc,task     ] GC(984) Using 8 workers of 8 for evacuation
[2025-12-25T05:59:08.603+0000][gc,phases   ] GC(984)   Pre Evacuate Collection Set: 2.7ms
[2025-12-25T05:59:08.603+0000][gc,phases   ] GC(984)   Merge Heap Roots: 0.9ms
[2025-12-25T05:59:08.604+0000][gc,phases   ] GC(984)   Evacuate Collection Set: 48.4ms
[2025-12-25T05:59:08.604+0000][gc,phases   ] GC(984)   Post Evacuate Collection Set: 6.6ms
[2025-12-25T05:59:08.604+0000][gc,phases   ] GC(984)   Other: 0.6ms
[2025-12-25T05:59:08.605+0000][gc,heap     ] GC(984) Eden regions: 605->0(606)
[2025-12-25T05:59:08.605+0000][gc,heap     ] GC(984) Survivor regions: 9->8(77)
[2025-12-25T05:59:08.606+0000][gc,heap     ] GC(984) Old regions: 82->83
[2025-12-25T05:59:08.606+0000][gc,heap     ] GC(984) Humongous regions: 151->151
[2025-12-25T05:59:08.606+0000][gc,metaspace] GC(984) Metaspace: 16615K(17024K)->16615K(17024K) NonClass: 14828K(14976K)->14828K(14976K) Class: 1787K(2048K)->1787K(2048K)
[2025-12-25T05:59:08.606+0000][gc          ] GC(984) Pause Young (Normal) (G1 Evacuation Pause) 846M->241M(1024M) 64.291ms
[2025-12-25T05:59:08.607+0000][gc,cpu      ] GC(984) User=0.38s Sys=0.02s Real=0.06s
[2025-12-25T05:59:39.002+0000][gc,start    ] GC(985) Pause Young (Normal) (G1 Evacuation Pause)
[2025-12-25T05:59:39.003+0000][gc,task     ] GC(985) Using 8 workers of 8 for evacuation
[2025-12-25T05:59:39.257+0000][gc,mmu      ] GC(985) MMU target violated: 201.0ms (200.0ms/201.0ms)
[2025-12-25T05:59:39.257+0000][gc,phases   ] GC(985)   Pre Evacuate Collection Set: 3.0ms
[2025-12-25T05:59:39.257+0000][gc,phases   ] GC(985)   Merge Heap Roots: 0.8ms
[2025-12-25T05:59:39.258+0000][gc,phases   ] GC(985)   Evacuate Collection Set: 244.4ms
[2025-12-25T05:59:39.258+0000][gc,phases   ] GC(985)   Post Evacuate Collection Set: 4.3ms
[2025-12-25T05:59:39.258+0000][gc,phases   ] GC(985)   Other: 1.4ms
[2025-12-25T05:59:39.258+0000][gc,heap     ] GC(985) Eden regions: 606->0(605)
[2025-12-25T05:59:39.259+0000][gc,heap     ] GC(985) Survivor regions: 8->9(77)
[2025-12-25T05:59:39.259+0000][gc,heap     ] GC(985) Old regions: 83->83
[2025-12-25T05:59:39.259+0000][gc,heap     ] GC(985) Humongous regions: 151->151
[2025-12-25T05:59:39.259+0000][gc,metaspace] GC(985) Metaspace: 16615K(17024K)->16615K(17024K) NonClass: 14828K(14976K)->14828K(14976K) Class: 1787K(2048K)->1787K(2048K)
[2025-12-25T05:59:39.260+0000][gc          ] GC(985) Pause Young (Normal) (G1 Evacuation Pause) 847M->242M(1024M) 257.865ms
[2025-12-25T05:59:39.260+0000][gc,cpu      ] GC(985) User=1.63s Sys=0.13s Real=0.25s
[2025-12-25T06:00:09.815+0000][gc,start    ] GC(986) Pause Young (Normal) (G1 Evacuation Pause)
[2025-12-25T06:00:09.816+0000][gc,task     ] GC(986) Using 8 workers of 8 for evacuation
[2025-12-25T06:00:09.845+0000][gc,phases   ] GC(986)   Pre Evacuate Collection Set: 2.0ms
[2025-12-25T06:00:09.845+0000][gc,phases   ] GC(986)   Merge Heap Roots: 0.7ms
[2025-12-25T06:00:09.845+0000][gc,phases   ] GC(986)   Evacuate Collection Set: 23.2ms
[2025-12-25T06:00:09.845+0000][gc,phases   ] GC(986)   Post Evacuate Collection Set: 2.2ms
[2025-12-25T06:00:09.845+0000][gc,phases   ] GC(986)   Other: 0.6ms
[2025-12-25T06:00:09.846+0000][gc,heap     ] GC(986) Eden regions: 605->0(603)
[2025-12-25T06:00:09.846+0000][gc,heap     ] GC(986) Survivor regions: 9->11(77)
[2025-12-25T06:00:09.847+0000][gc,heap     ] GC(986) Old regions: 83->83
[2025-12-25T06:00:09.848+0000][gc,heap     ] GC(986) Humongous regions: 151->151
[2025-12-25T06:00:09.848+0000][gc,metaspace] GC(986) Metaspace: 16615K(17024K)->16615K(17024K) NonClass: 14828K(14976K)->14828K(14976K) Class: 1787K(2048K)->1787K(2048K)
[2025-12-25T06:00:09.849+0000][gc          ] GC(986) Pause Young (Normal) (G1 Evacuation Pause) 847M->244M(1024M) 33.743ms
[2025-12-25T06:00:09.849+0000][gc,cpu      ] GC(986) User=0.15s Sys=0.00s Real=0.03s
[2025-12-25T06:00:40.126+0000][gc,start    ] GC(987) Pause Young (Normal) (G1 Evacuation Pause)
[2025-12-25T06:00:40.128+0000][gc,task     ] GC(987) Using 8 workers of 8 for evacuation
[2025-12-25T06:00:40.164+0000][gc,phases   ] GC(987)   Pre Evacuate Collection Set: 2.5ms
[2025-12-25T06:00:40.164+0000][gc,phases   ] GC(987)   Merge Heap Roots: 0.7ms
[2025-12-25T06:00:40.164+0000][gc,phases   ] GC(987)   Evacuate Collection Set: 29.6ms
[2025-12-25T06:00:40.164+0000][gc,phases   ] GC(987)   Post Evacuate Collection Set: 2.7ms
[2025-12-25T06:00:40.165+0000][gc,phases   ] GC(987)   Other: 0.8ms
[2025-12-25T06:00:40.165+0000][gc,heap     ] GC(987) Eden regions: 603->0(605)
[2025-12-25T06:00:40.165+0000][gc,heap     ] GC(987) Survivor regions: 11->9(77)
[2025-12-25T06:00:40.165+0000][gc,heap     ] GC(987) Old regions: 83->84
[2025-12-25T06:00:40.165+0000][gc,heap     ] GC(987) Humongous regions: 151->151
[2025-12-25T06:00:40.166+0000][gc,metaspace] GC(987) Metaspace: 16615K(17024K)->16615K(17024K) NonClass: 14828K(14976K)->14828K(14976K) Class: 1787K(2048K)->1787K(2048K)
[2025-12-25T06:00:40.166+0000][gc          ] GC(987) Pause Young (Normal) (G1 Evacuation Pause) 847M->242M(1024M) 39.869ms
[2025-12-25T06:00:40.166+0000][gc,cpu      ] GC(987) User=0.20s Sys=0.01s Real=0.04s
[2025-12-25T06:01:18.504+0000][gc,start    ] GC(988) Pause Young (Normal) (G1 Evacuation Pause)
[2025-12-25T06:01:18.506+0000][gc,task     ] GC(988) Using 8 workers of 8 for evacuation
[2025-12-25T06:01:18.532+0000][gc,phases   ] GC(988)   Pre Evacuate Collection Set: 3.1ms
[2025-12-25T06:01:18.532+0000][gc,phases   ] GC(988)   Merge Heap Roots: 3.1ms
[2025-12-25T06:01:18.532+0000][gc,phases   ] GC(988)   Evacuate Collection Set: 17.4ms
[2025-12-25T06:01:18.532+0000][gc,phases   ] GC(988)   Post Evacuate Collection Set: 1.8ms
[2025-12-25T06:01:18.533+0000][gc,phases   ] GC(988)   Other: 0.6ms
[2025-12-25T06:01:18.533+0000][gc,heap     ] GC(988) Eden regions: 605->0(607)
[2025-12-25T06:01:18.533+0000][gc,heap     ] GC(988) Survivor regions: 9->7(77)
[2025-12-25T06:01:18.533+0000][gc,heap     ] GC(988) Old regions: 84->84
[2025-12-25T06:01:18.533+0000][gc,heap     ] GC(988) Humongous regions: 151->151
[2025-12-25T06:01:18.533+0000][gc,metaspace] GC(988) Metaspace: 16615K(17024K)->16615K(17024K) NonClass: 14828K(14976K)->14828K(14976K) Class: 1787K(2048K)->1787K(2048K)
[2025-12-25T06:01:18.533+0000][gc          ] GC(988) Pause Young (Normal) (G1 Evacuation Pause) 847M->241M(1024M) 28.907ms
[2025-12-25T06:01:18.533+0000][gc,cpu      ] GC(988) User=0.15s Sys=0.01s Real=0.03s
[2025-12-25T06:01:48.765+0000][gc,start    ] GC(989) Pause Young (Normal) (G1 Evacuation Pause)
[2025-12-25T06:01:48.766+0000][gc,task     ] GC(989) Using 8 workers of 8 for evacuation
[2025-12-25T06:01:48.782+0000][gc,phases   ] GC(989)   Pre Evacuate Collection Set: 1.7ms
[2025-12-25T06:01:48.782+0000][gc,phases   ] GC(989)   Merge Heap Roots: 0.8ms
[2025-12-25T06:01:48.783+0000][gc,phases   ] GC(989)   Evacuate Collection Set: 11.6ms
[2025-12-25T06:01:48.783+0000][gc,phases   ] GC(989)   Post Evacuate Collection Set: 1.8ms
[2025-12-25T06:01:48.783+0000][gc,phases   ] GC(989)   Other: 0.5ms
[2025-12-25T06:01:48.783+0000][gc,heap     ] GC(989) Eden regions: 607->0(606)
[2025-12-25T06:01:48.783+0000][gc,heap     ] GC(989) Survivor regions: 7->8(77)
[2025-12-25T06:01:48.783+0000][gc,heap     ] GC(989) Old regions: 84->84
[2025-12-25T06:01:48.783+0000][gc,heap     ] GC(989) Humongous regions: 151->151
[2025-12-25T06:01:48.783+0000][gc,metaspace] GC(989) Metaspace: 16615K(17024K)->16615K(17024K) NonClass: 14828K(14976K)->14828K(14976K) Class: 1787K(2048K)->1787K(2048K)
[2025-12-25T06:01:48.783+0000][gc          ] GC(989) Pause Young (Normal) (G1 Evacuation Pause) 848M->242M(1024M) 18.450ms
[2025-12-25T06:01:48.784+0000][gc,cpu      ] GC(989) User=0.10s Sys=0.01s Real=0.02s
[2025-12-25T06:02:19.186+0000][gc,start    ] GC(990) Pause Young (Normal) (G1 Evacuation Pause)
[2025-12-25T06:02:19.187+0000][gc,task     ] GC(990) Using 8 workers of 8 for evacuation
[2025-12-25T06:02:19.220+0000][gc,phases   ] GC(990)   Pre Evacuate Collection Set: 7.3ms
[2025-12-25T06:02:19.220+0000][gc,phases   ] GC(990)   Merge Heap Roots: 0.8ms
[2025-12-25T06:02:19.220+0000][gc,phases   ] GC(990)   Evacuate Collection Set: 20.9ms
[2025-12-25T06:02:19.220+0000][gc,phases   ] GC(990)   Post Evacuate Collection Set: 3.1ms
[2025-12-25T06:02:19.221+0000][gc,phases   ] GC(990)   Other: 0.7ms
[2025-12-25T06:02:19.221+0000][gc,heap     ] GC(990) Eden regions: 606->0(604)
[2025-12-25T06:02:19.221+0000][gc,heap     ] GC(990) Survivor regions: 8->10(77)
[2025-12-25T06:02:19.221+0000][gc,heap     ] GC(990) Old regions: 84->85
[2025-12-25T06:02:19.222+0000][gc,heap     ] GC(990) Humongous regions: 151->151
[2025-12-25T06:02:19.222+0000][gc,metaspace] GC(990) Metaspace: 16615K(17024K)->16615K(17024K) NonClass: 14828K(14976K)->14828K(14976K) Class: 1787K(2048K)->1787K(2048K)
[2025-12-25T06:02:19.222+0000][gc          ] GC(990) Pause Young (Normal) (G1 Evacuation Pause) 848M->244M(1024M) 36.452ms
[2025-12-25T06:02:19.222+0000][gc,cpu      ] GC(990) User=0.18s Sys=0.00s Real=0.03s
[2025-12-25T06:02:48.932+0000][gc,start    ] GC(991) Pause Young (Normal) (G1 Evacuation Pause)
[2025-12-25T06:02:48.932+0000][gc,task     ] GC(991) Using 8 workers of 8 for evacuation
[2025-12-25T06:02:48.949+0000][gc,phases   ] GC(991)   Pre Evacuate Collection Set: 1.1ms
[2025-12-25T06:02:48.949+0000][gc,phases   ] GC(991)   Merge Heap Roots: 0.4ms
[2025-12-25T06:02:48.949+0000][gc,phases   ] GC(991)   Evacuate Collection Set: 13.2ms
[2025-12-25T06:02:48.949+0000][gc,phases   ] GC(991)   Post Evacuate Collection Set: 1.7ms
[2025-12-25T06:02:48.949+0000][gc,phases   ] GC(991)   Other: 0.2ms
[2025-12-25T06:02:48.949+0000][gc,heap     ] GC(991) Eden regions: 604->0(603)
[2025-12-25T06:02:48.949+0000][gc,heap     ] GC(991) Survivor regions: 10->11(77)
[2025-12-25T06:02:48.949+0000][gc,heap     ] GC(991) Old regions: 85->85
[2025-12-25T06:02:48.949+0000][gc,heap     ] GC(991) Humongous regions: 151->151
[2025-12-25T06:02:48.949+0000][gc,metaspace] GC(991) Metaspace: 16615K(17024K)->16615K(17024K) NonClass: 14828K(14976K)->14828K(14976K) Class: 1787K(2048K)->1787K(2048K)
[2025-12-25T06:02:48.950+0000][gc          ] GC(991) Pause Young (Normal) (G1 Evacuation Pause) 848M->246M(1024M) 18.571ms
[2025-12-25T06:02:48.950+0000][gc,cpu      ] GC(991) User=0.11s Sys=0.00s Real=0.02s
[2025-12-25T06:03:28.526+0000][gc,start    ] GC(992) Pause Young (Normal) (G1 Evacuation Pause)
[2025-12-25T06:03:28.527+0000][gc,task     ] GC(992) Using 8 workers of 8 for evacuation
[2025-12-25T06:03:28.542+0000][gc,phases   ] GC(992)   Pre Evacuate Collection Set: 1.2ms
[2025-12-25T06:03:28.543+0000][gc,phases   ] GC(992)   Merge Heap Roots: 0.4ms
[2025-12-25T06:03:28.543+0000][gc,phases   ] GC(992)   Evacuate Collection Set: 12.1ms
[2025-12-25T06:03:28.543+0000][gc,phases   ] GC(992)   Post Evacuate Collection Set: 1.2ms
[2025-12-25T06:03:28.543+0000][gc,phases   ] GC(992)   Other: 0.4ms
[2025-12-25T06:03:28.543+0000][gc,heap     ] GC(992) Eden regions: 603->0(607)
[2025-12-25T06:03:28.543+0000][gc,heap     ] GC(992) Survivor regions: 11->7(77)
[2025-12-25T06:03:28.543+0000][gc,heap     ] GC(992) Old regions: 85->85
[2025-12-25T06:03:28.543+0000][gc,heap     ] GC(992) Humongous regions: 151->151
[2025-12-25T06:03:28.543+0000][gc,metaspace] GC(992) Metaspace: 16615K(17024K)->16615K(17024K) NonClass: 14828K(14976K)->14828K(14976K) Class: 1787K(2048K)->1787K(2048K)
[2025-12-25T06:03:28.543+0000][gc          ] GC(992) Pause Young (Normal) (G1 Evacuation Pause) 849M->242M(1024M) 16.872ms
[2025-12-25T06:03:28.543+0000][gc,cpu      ] GC(992) User=0.09s Sys=0.00s Real=0.01s
[2025-12-25T06:03:58.613+0000][gc,start    ] GC(993) Pause Young (Normal) (G1 Evacuation Pause)
[2025-12-25T06:03:58.614+0000][gc,task     ] GC(993) Using 8 workers of 8 for evacuation
[2025-12-25T06:03:58.624+0000][gc,phases   ] GC(993)   Pre Evacuate Collection Set: 1.2ms
[2025-12-25T06:03:58.624+0000][gc,phases   ] GC(993)   Merge Heap Roots: 0.4ms
[2025-12-25T06:03:58.624+0000][gc,phases   ] GC(993)   Evacuate Collection Set: 7.4ms
[2025-12-25T06:03:58.624+0000][gc,phases   ] GC(993)   Post Evacuate Collection Set: 1.0ms
[2025-12-25T06:03:58.624+0000][gc,phases   ] GC(993)   Other: 0.2ms
[2025-12-25T06:03:58.624+0000][gc,heap     ] GC(993) Eden regions: 607->0(606)
[2025-12-25T06:03:58.624+0000][gc,heap     ] GC(993) Survivor regions: 7->8(77)
[2025-12-25T06:03:58.624+0000][gc,heap     ] GC(993) Old regions: 85->86
[2025-12-25T06:03:58.624+0000][gc,heap     ] GC(993) Humongous regions: 151->151
[2025-12-25T06:03:58.625+0000][gc,metaspace] GC(993) Metaspace: 16615K(17024K)->16615K(17024K) NonClass: 14828K(14976K)->14828K(14976K) Class: 1787K(2048K)->1787K(2048K)
[2025-12-25T06:03:58.625+0000][gc          ] GC(993) Pause Young (Normal) (G1 Evacuation Pause) 849M->243M(1024M) 11.873ms
[2025-12-25T06:03:58.625+0000][gc,cpu      ] GC(993) User=0.06s Sys=0.01s Real=0.02s
[2025-12-25T06:04:28.825+0000][gc,start    ] GC(994) Pause Young (Normal) (G1 Evacuation Pause)
[2025-12-25T06:04:28.826+0000][gc,task     ] GC(994) Using 8 workers of 8 for evacuation
[2025-12-25T06:04:28.843+0000][gc,phases   ] GC(994)   Pre Evacuate Collection Set: 1.8ms
[2025-12-25T06:04:28.844+0000][gc,phases   ] GC(994)   Merge Heap Roots: 0.7ms
[2025-12-25T06:04:28.844+0000][gc,phases   ] GC(994)   Evacuate Collection Set: 12.2ms
[2025-12-25T06:04:28.844+0000][gc,phases   ] GC(994)   Post Evacuate Collection Set: 2.1ms
[2025-12-25T06:04:28.844+0000][gc,phases   ] GC(994)   Other: 0.6ms
[2025-12-25T06:04:28.844+0000][gc,heap     ] GC(994) Eden regions: 606->0(605)
[2025-12-25T06:04:28.844+0000][gc,heap     ] GC(994) Survivor regions: 8->9(77)
[2025-12-25T06:04:28.844+0000][gc,heap     ] GC(994) Old regions: 86->86
[2025-12-25T06:04:28.844+0000][gc,heap     ] GC(994) Humongous regions: 151->151
[2025-12-25T06:04:28.845+0000][gc,metaspace] GC(994) Metaspace: 16615K(17024K)->16615K(17024K) NonClass: 14828K(14976K)->14828K(14976K) Class: 1787K(2048K)->1787K(2048K)
[2025-12-25T06:04:28.846+0000][gc          ] GC(994) Pause Young (Normal) (G1 Evacuation Pause) 849M->245M(1024M) 20.193ms
[2025-12-25T06:04:28.846+0000][gc,cpu      ] GC(994) User=0.11s Sys=0.01s Real=0.02s
[2025-12-25T06:04:59.095+0000][gc,start    ] GC(995) Pause Young (Normal) (G1 Evacuation Pause)
[2025-12-25T06:04:59.097+0000][gc,task     ] GC(995) Using 8 workers of 8 for evacuation
[2025-12-25T06:04:59.122+0000][gc,phases   ] GC(995)   Pre Evacuate Collection Set: 1.5ms
[2025-12-25T06:04:59.122+0000][gc,phases   ] GC(995)   Merge Heap Roots: 0.6ms
[2025-12-25T06:04:59.122+0000][gc,phases   ] GC(995)   Evacuate Collection Set: 21.6ms
[2025-12-25T06:04:59.122+0000][gc,phases   ] GC(995)   Post Evacuate Collection Set: 1.4ms
[2025-12-25T06:04:59.122+0000][gc,phases   ] GC(995)   Other: 0.3ms
[2025-12-25T06:04:59.122+0000][gc,heap     ] GC(995) Eden regions: 605->0(604)
[2025-12-25T06:04:59.123+0000][gc,heap     ] GC(995) Survivor regions: 9->10(77)
[2025-12-25T06:04:59.123+0000][gc,heap     ] GC(995) Old regions: 86->87
[2025-12-25T06:04:59.123+0000][gc,heap     ] GC(995) Humongous regions: 151->151
[2025-12-25T06:04:59.123+0000][gc,metaspace] GC(995) Metaspace: 16615K(17024K)->16615K(17024K) NonClass: 14828K(14976K)->14828K(14976K) Class: 1787K(2048K)->1787K(2048K)
[2025-12-25T06:04:59.123+0000][gc          ] GC(995) Pause Young (Normal) (G1 Evacuation Pause) 850M->246M(1024M) 27.613ms
[2025-12-25T06:04:59.123+0000][gc,cpu      ] GC(995) User=0.17s Sys=0.00s Real=0.03s
[2025-12-25T06:05:38.847+0000][gc,start    ] GC(996) Pause Young (Normal) (G1 Evacuation Pause)
[2025-12-25T06:05:38.851+0000][gc,task     ] GC(996) Using 8 workers of 8 for evacuation
[2025-12-25T06:05:38.921+0000][gc,phases   ] GC(996)   Pre Evacuate Collection Set: 4.7ms
[2025-12-25T06:05:38.922+0000][gc,phases   ] GC(996)   Merge Heap Roots: 1.4ms
[2025-12-25T06:05:38.922+0000][gc,phases   ] GC(996)   Evacuate Collection Set: 52.0ms
[2025-12-25T06:05:38.922+0000][gc,phases   ] GC(996)   Post Evacuate Collection Set: 11.3ms
[2025-12-25T06:05:38.922+0000][gc,phases   ] GC(996)   Other: 0.7ms
[2025-12-25T06:05:38.922+0000][gc,heap     ] GC(996) Eden regions: 604->0(605)
[2025-12-25T06:05:38.922+0000][gc,heap     ] GC(996) Survivor regions: 10->9(77)
[2025-12-25T06:05:38.922+0000][gc,heap     ] GC(996) Old regions: 87->87
[2025-12-25T06:05:38.922+0000][gc,heap     ] GC(996) Humongous regions: 151->151
[2025-12-25T06:05:38.923+0000][gc,metaspace] GC(996) Metaspace: 16615K(17024K)->16615K(17024K) NonClass: 14828K(14976K)->14828K(14976K) Class: 1787K(2048K)->1787K(2048K)
[2025-12-25T06:05:38.923+0000][gc          ] GC(996) Pause Young (Normal) (G1 Evacuation Pause) 850M->246M(1024M) 75.602ms
[2025-12-25T06:05:38.923+0000][gc,cpu      ] GC(996) User=0.36s Sys=0.02s Real=0.08s
[2025-12-25T06:06:08.662+0000][gc,start    ] GC(997) Pause Young (Normal) (G1 Evacuation Pause)
[2025-12-25T06:06:08.663+0000][gc,task     ] GC(997) Using 8 workers of 8 for evacuation
[2025-12-25T06:06:08.679+0000][gc,phases   ] GC(997)   Pre Evacuate Collection Set: 1.2ms
[2025-12-25T06:06:08.679+0000][gc,phases   ] GC(997)   Merge Heap Roots: 0.4ms
[2025-12-25T06:06:08.679+0000][gc,phases   ] GC(997)   Evacuate Collection Set: 12.6ms
[2025-12-25T06:06:08.679+0000][gc,phases   ] GC(997)   Post Evacuate Collection Set: 1.1ms
[2025-12-25T06:06:08.679+0000][gc,phases   ] GC(997)   Other: 0.4ms
[2025-12-25T06:06:08.679+0000][gc,heap     ] GC(997) Eden regions: 605->0(607)
[2025-12-25T06:06:08.679+0000][gc,heap     ] GC(997) Survivor regions: 9->7(77)
[2025-12-25T06:06:08.679+0000][gc,heap     ] GC(997) Old regions: 87->87
[2025-12-25T06:06:08.680+0000][gc,heap     ] GC(997) Humongous regions: 151->151
[2025-12-25T06:06:08.680+0000][gc,metaspace] GC(997) Metaspace: 16615K(17024K)->16615K(17024K) NonClass: 14828K(14976K)->14828K(14976K) Class: 1787K(2048K)->1787K(2048K)
[2025-12-25T06:06:08.680+0000][gc          ] GC(997) Pause Young (Normal) (G1 Evacuation Pause) 851M->244M(1024M) 17.716ms
[2025-12-25T06:06:08.680+0000][gc,cpu      ] GC(997) User=0.10s Sys=0.00s Real=0.02s
[2025-12-25T06:06:39.128+0000][gc,start    ] GC(998) Pause Young (Normal) (G1 Evacuation Pause)
[2025-12-25T06:06:39.129+0000][gc,task     ] GC(998) Using 8 workers of 8 for evacuation
[2025-12-25T06:06:39.158+0000][gc,phases   ] GC(998)   Pre Evacuate Collection Set: 5.5ms
[2025-12-25T06:06:39.158+0000][gc,phases   ] GC(998)   Merge Heap Roots: 1.9ms
[2025-12-25T06:06:39.158+0000][gc,phases   ] GC(998)   Evacuate Collection Set: 18.2ms
[2025-12-25T06:06:39.159+0000][gc,phases   ] GC(998)   Post Evacuate Collection Set: 1.9ms
[2025-12-25T06:06:39.159+0000][gc,phases   ] GC(998)   Other: 1.9ms
[2025-12-25T06:06:39.159+0000][gc,heap     ] GC(998) Eden regions: 607->0(605)
[2025-12-25T06:06:39.159+0000][gc,heap     ] GC(998) Survivor regions: 7->9(77)
[2025-12-25T06:06:39.159+0000][gc,heap     ] GC(998) Old regions: 87->87
[2025-12-25T06:06:39.159+0000][gc,heap     ] GC(998) Humongous regions: 151->151
[2025-12-25T06:06:39.159+0000][gc,metaspace] GC(998) Metaspace: 16615K(17024K)->16615K(17024K) NonClass: 14828K(14976K)->14828K(14976K) Class: 1787K(2048K)->1787K(2048K)
[2025-12-25T06:06:39.159+0000][gc          ] GC(998) Pause Young (Normal) (G1 Evacuation Pause) 851M->246M(1024M) 31.257ms
[2025-12-25T06:06:39.159+0000][gc,cpu      ] GC(998) User=0.18s Sys=0.00s Real=0.03s
[2025-12-25T06:07:09.039+0000][gc,start    ] GC(999) Pause Young (Normal) (G1 Evacuation Pause)
[2025-12-25T06:07:09.040+0000][gc,task     ] GC(999) Using 8 workers of 8 for evacuation
[2025-12-25T06:07:09.056+0000][gc,phases   ] GC(999)   Pre Evacuate Collection Set: 1.3ms
[2025-12-25T06:07:09.056+0000][gc,phases   ] GC(999)   Merge Heap Roots: 0.4ms
[2025-12-25T06:07:09.056+0000][gc,phases   ] GC(999)   Evacuate Collection Set: 12.3ms
[2025-12-25T06:07:09.056+0000][gc,phases   ] GC(999)   Post Evacuate Collection Set: 1.2ms
[2025-12-25T06:07:09.056+0000][gc,phases   ] GC(999)   Other: 0.4ms
[2025-12-25T06:07:09.056+0000][gc,heap     ] GC(999) Eden regions: 605->0(605)
[2025-12-25T06:07:09.056+0000][gc,heap     ] GC(999) Survivor regions: 9->9(77)
[2025-12-25T06:07:09.056+0000][gc,heap     ] GC(999) Old regions: 87->88
[2025-12-25T06:07:09.056+0000][gc,heap     ] GC(999) Humongous regions: 151->151
[2025-12-25T06:07:09.056+0000][gc,metaspace] GC(999) Metaspace: 16615K(17024K)->16615K(17024K) NonClass: 14828K(14976K)->14828K(14976K) Class: 1787K(2048K)->1787K(2048K)
[2025-12-25T06:07:09.057+0000][gc          ] GC(999) Pause Young (Normal) (G1 Evacuation Pause) 851M->247M(1024M) 17.866ms
[2025-12-25T06:07:09.057+0000][gc,cpu      ] GC(999) User=0.10s Sys=0.00s Real=0.02s
[2025-12-25T06:07:48.551+0000][gc,start    ] GC(1000) Pause Young (Normal) (G1 Evacuation Pause)
[2025-12-25T06:07:48.553+0000][gc,task     ] GC(1000) Using 8 workers of 8 for evacuation
[2025-12-25T06:07:48.570+0000][gc,phases   ] GC(1000)   Pre Evacuate Collection Set: 1.4ms
[2025-12-25T06:07:48.570+0000][gc,phases   ] GC(1000)   Merge Heap Roots: 0.4ms
[2025-12-25T06:07:48.570+0000][gc,phases   ] GC(1000)   Evacuate Collection Set: 13.9ms
[2025-12-25T06:07:48.570+0000][gc,phases   ] GC(1000)   Post Evacuate Collection Set: 1.1ms
[2025-12-25T06:07:48.570+0000][gc,phases   ] GC(1000)   Other: 0.4ms
[2025-12-25T06:07:48.570+0000][gc,heap     ] GC(1000) Eden regions: 605->0(605)
[2025-12-25T06:07:48.570+0000][gc,heap     ] GC(1000) Survivor regions: 9->9(77)
[2025-12-25T06:07:48.570+0000][gc,heap     ] GC(1000) Old regions: 88->88
[2025-12-25T06:07:48.571+0000][gc,heap     ] GC(1000) Humongous regions: 151->151
[2025-12-25T06:07:48.571+0000][gc,metaspace] GC(1000) Metaspace: 16615K(17024K)->16615K(17024K) NonClass: 14828K(14976K)->14828K(14976K) Class: 1787K(2048K)->1787K(2048K)
[2025-12-25T06:07:48.571+0000][gc          ] GC(1000) Pause Young (Normal) (G1 Evacuation Pause) 852M->247M(1024M) 19.393ms
[2025-12-25T06:07:48.571+0000][gc,cpu      ] GC(1000) User=0.11s Sys=0.00s Real=0.02s
[2025-12-25T06:08:19.438+0000][gc,start    ] GC(1001) Pause Young (Normal) (G1 Evacuation Pause)
[2025-12-25T06:08:19.439+0000][gc,task     ] GC(1001) Using 8 workers of 8 for evacuation
[2025-12-25T06:08:19.478+0000][gc,phases   ] GC(1001)   Pre Evacuate Collection Set: 2.8ms
[2025-12-25T06:08:19.478+0000][gc,phases   ] GC(1001)   Merge Heap Roots: 0.8ms
[2025-12-25T06:08:19.478+0000][gc,phases   ] GC(1001)   Evacuate Collection Set: 31.5ms
[2025-12-25T06:08:19.478+0000][gc,phases   ] GC(1001)   Post Evacuate Collection Set: 2.6ms
[2025-12-25T06:08:19.478+0000][gc,phases   ] GC(1001)   Other: 0.6ms
[2025-12-25T06:08:19.479+0000][gc,heap     ] GC(1001) Eden regions: 605->0(604)
[2025-12-25T06:08:19.479+0000][gc,heap     ] GC(1001) Survivor regions: 9->10(77)
[2025-12-25T06:08:19.479+0000][gc,heap     ] GC(1001) Old regions: 88->89
[2025-12-25T06:08:19.479+0000][gc,heap     ] GC(1001) Humongous regions: 151->151
[2025-12-25T06:08:19.479+0000][gc,metaspace] GC(1001) Metaspace: 16615K(17024K)->16615K(17024K) NonClass: 14828K(14976K)->14828K(14976K) Class: 1787K(2048K)->1787K(2048K)
[2025-12-25T06:08:19.479+0000][gc          ] GC(1001) Pause Young (Normal) (G1 Evacuation Pause) 852M->248M(1024M) 41.027ms
[2025-12-25T06:08:19.479+0000][gc,cpu      ] GC(1001) User=0.25s Sys=0.01s Real=0.04s
[2025-12-25T06:08:48.889+0000][gc,start    ] GC(1002) Pause Young (Normal) (G1 Evacuation Pause)
[2025-12-25T06:08:48.890+0000][gc,task     ] GC(1002) Using 8 workers of 8 for evacuation
[2025-12-25T06:08:48.901+0000][gc,phases   ] GC(1002)   Pre Evacuate Collection Set: 1.2ms
[2025-12-25T06:08:48.901+0000][gc,phases   ] GC(1002)   Merge Heap Roots: 0.5ms
[2025-12-25T06:08:48.902+0000][gc,phases   ] GC(1002)   Evacuate Collection Set: 8.3ms
[2025-12-25T06:08:48.902+0000][gc,phases   ] GC(1002)   Post Evacuate Collection Set: 1.2ms
[2025-12-25T06:08:48.902+0000][gc,phases   ] GC(1002)   Other: 0.4ms
[2025-12-25T06:08:48.902+0000][gc,heap     ] GC(1002) Eden regions: 604->0(606)
[2025-12-25T06:08:48.902+0000][gc,heap     ] GC(1002) Survivor regions: 10->8(77)
[2025-12-25T06:08:48.902+0000][gc,heap     ] GC(1002) Old regions: 89->89
[2025-12-25T06:08:48.902+0000][gc,heap     ] GC(1002) Humongous regions: 151->151
[2025-12-25T06:08:48.902+0000][gc,metaspace] GC(1002) Metaspace: 16615K(17024K)->16615K(17024K) NonClass: 14828K(14976K)->14828K(14976K) Class: 1787K(2048K)->1787K(2048K)
[2025-12-25T06:08:48.902+0000][gc          ] GC(1002) Pause Young (Normal) (G1 Evacuation Pause) 852M->246M(1024M) 13.066ms
[2025-12-25T06:08:48.902+0000][gc,cpu      ] GC(1002) User=0.08s Sys=0.00s Real=0.01s
[2025-12-25T06:09:24.463+0000][gc,start    ] GC(1003) Pause Young (Normal) (G1 Evacuation Pause)
[2025-12-25T06:09:24.464+0000][gc,task     ] GC(1003) Using 8 workers of 8 for evacuation
[2025-12-25T06:09:24.488+0000][gc,phases   ] GC(1003)   Pre Evacuate Collection Set: 2.6ms
[2025-12-25T06:09:24.488+0000][gc,phases   ] GC(1003)   Merge Heap Roots: 0.7ms
[2025-12-25T06:09:24.489+0000][gc,phases   ] GC(1003)   Evacuate Collection Set: 18.5ms
[2025-12-25T06:09:24.489+0000][gc,phases   ] GC(1003)   Post Evacuate Collection Set: 1.9ms
[2025-12-25T06:09:24.489+0000][gc,phases   ] GC(1003)   Other: 0.6ms
[2025-12-25T06:09:24.489+0000][gc,heap     ] GC(1003) Eden regions: 606->0(607)
[2025-12-25T06:09:24.489+0000][gc,heap     ] GC(1003) Survivor regions: 8->7(77)
[2025-12-25T06:09:24.489+0000][gc,heap     ] GC(1003) Old regions: 89->89
[2025-12-25T06:09:24.489+0000][gc,heap     ] GC(1003) Humongous regions: 151->151
[2025-12-25T06:09:24.489+0000][gc,metaspace] GC(1003) Metaspace: 16615K(17024K)->16615K(17024K) NonClass: 14828K(14976K)->14828K(14976K) Class: 1787K(2048K)->1787K(2048K)
[2025-12-25T06:09:24.489+0000][gc          ] GC(1003) Pause Young (Normal) (G1 Evacuation Pause) 852M->245M(1024M) 26.808ms
[2025-12-25T06:09:24.490+0000][gc,cpu      ] GC(1003) User=0.14s Sys=0.00s Real=0.02s
[2025-12-25T06:09:58.561+0000][gc,start    ] GC(1004) Pause Young (Normal) (G1 Evacuation Pause)
[2025-12-25T06:09:58.562+0000][gc,task     ] GC(1004) Using 8 workers of 8 for evacuation
[2025-12-25T06:09:58.576+0000][gc,phases   ] GC(1004)   Pre Evacuate Collection Set: 1.5ms
[2025-12-25T06:09:58.577+0000][gc,phases   ] GC(1004)   Merge Heap Roots: 0.7ms
[2025-12-25T06:09:58.577+0000][gc,phases   ] GC(1004)   Evacuate Collection Set: 10.5ms
[2025-12-25T06:09:58.577+0000][gc,phases   ] GC(1004)   Post Evacuate Collection Set: 1.2ms
[2025-12-25T06:09:58.577+0000][gc,phases   ] GC(1004)   Other: 0.4ms
[2025-12-25T06:09:58.577+0000][gc,heap     ] GC(1004) Eden regions: 607->0(606)
[2025-12-25T06:09:58.577+0000][gc,heap     ] GC(1004) Survivor regions: 7->8(77)
[2025-12-25T06:09:58.577+0000][gc,heap     ] GC(1004) Old regions: 89->90
[2025-12-25T06:09:58.577+0000][gc,heap     ] GC(1004) Humongous regions: 151->151
[2025-12-25T06:09:58.577+0000][gc,metaspace] GC(1004) Metaspace: 16615K(17024K)->16615K(17024K) NonClass: 14828K(14976K)->14828K(14976K) Class: 1787K(2048K)->1787K(2048K)
[2025-12-25T06:09:58.577+0000][gc          ] GC(1004) Pause Young (Normal) (G1 Evacuation Pause) 852M->247M(1024M) 15.677ms
[2025-12-25T06:09:58.577+0000][gc,cpu      ] GC(1004) User=0.10s Sys=0.00s Real=0.02s
[2025-12-25T06:10:28.781+0000][gc,start    ] GC(1005) Pause Young (Normal) (G1 Evacuation Pause)
[2025-12-25T06:10:28.782+0000][gc,task     ] GC(1005) Using 8 workers of 8 for evacuation
[2025-12-25T06:10:28.806+0000][gc,phases   ] GC(1005)   Pre Evacuate Collection Set: 5.2ms
[2025-12-25T06:10:28.806+0000][gc,phases   ] GC(1005)   Merge Heap Roots: 1.2ms
[2025-12-25T06:10:28.806+0000][gc,phases   ] GC(1005)   Evacuate Collection Set: 16.0ms
[2025-12-25T06:10:28.806+0000][gc,phases   ] GC(1005)   Post Evacuate Collection Set: 1.5ms
[2025-12-25T06:10:28.806+0000][gc,phases   ] GC(1005)   Other: 0.6ms
[2025-12-25T06:10:28.806+0000][gc,heap     ] GC(1005) Eden regions: 606->0(605)
[2025-12-25T06:10:28.806+0000][gc,heap     ] GC(1005) Survivor regions: 8->9(77)
[2025-12-25T06:10:28.807+0000][gc,heap     ] GC(1005) Old regions: 90->90
[2025-12-25T06:10:28.807+0000][gc,heap     ] GC(1005) Humongous regions: 151->151
[2025-12-25T06:10:28.807+0000][gc,metaspace] GC(1005) Metaspace: 16615K(17024K)->16615K(17024K) NonClass: 14828K(14976K)->14828K(14976K) Class: 1787K(2048K)->1787K(2048K)
[2025-12-25T06:10:28.807+0000][gc          ] GC(1005) Pause Young (Normal) (G1 Evacuation Pause) 853M->249M(1024M) 25.847ms
[2025-12-25T06:10:28.807+0000][gc,cpu      ] GC(1005) User=0.14s Sys=0.00s Real=0.02s
[2025-12-25T06:10:59.174+0000][gc,start    ] GC(1006) Pause Young (Normal) (G1 Evacuation Pause)
[2025-12-25T06:10:59.175+0000][gc,task     ] GC(1006) Using 8 workers of 8 for evacuation
[2025-12-25T06:10:59.201+0000][gc,phases   ] GC(1006)   Pre Evacuate Collection Set: 1.5ms
[2025-12-25T06:10:59.201+0000][gc,phases   ] GC(1006)   Merge Heap Roots: 0.6ms
[2025-12-25T06:10:59.201+0000][gc,phases   ] GC(1006)   Evacuate Collection Set: 21.1ms
[2025-12-25T06:10:59.201+0000][gc,phases   ] GC(1006)   Post Evacuate Collection Set: 1.8ms
[2025-12-25T06:10:59.201+0000][gc,phases   ] GC(1006)   Other: 0.3ms
[2025-12-25T06:10:59.201+0000][gc,heap     ] GC(1006) Eden regions: 605->0(604)
[2025-12-25T06:10:59.202+0000][gc,heap     ] GC(1006) Survivor regions: 9->10(77)
[2025-12-25T06:10:59.202+0000][gc,heap     ] GC(1006) Old regions: 90->90
[2025-12-25T06:10:59.202+0000][gc,heap     ] GC(1006) Humongous regions: 151->151
[2025-12-25T06:10:59.202+0000][gc,metaspace] GC(1006) Metaspace: 16615K(17024K)->16615K(17024K) NonClass: 14828K(14976K)->14828K(14976K) Class: 1787K(2048K)->1787K(2048K)
[2025-12-25T06:10:59.202+0000][gc          ] GC(1006) Pause Young (Normal) (G1 Evacuation Pause) 854M->250M(1024M) 27.974ms
[2025-12-25T06:10:59.202+0000][gc,cpu      ] GC(1006) User=0.17s Sys=0.00s Real=0.03s
[2025-12-25T06:11:38.381+0000][gc,start    ] GC(1007) Pause Young (Normal) (G1 Evacuation Pause)
[2025-12-25T06:11:38.382+0000][gc,task     ] GC(1007) Using 8 workers of 8 for evacuation
[2025-12-25T06:11:38.399+0000][gc,phases   ] GC(1007)   Pre Evacuate Collection Set: 2.1ms
[2025-12-25T06:11:38.399+0000][gc,phases   ] GC(1007)   Merge Heap Roots: 0.7ms
[2025-12-25T06:11:38.399+0000][gc,phases   ] GC(1007)   Evacuate Collection Set: 12.4ms
[2025-12-25T06:11:38.399+0000][gc,phases   ] GC(1007)   Post Evacuate Collection Set: 1.7ms
[2025-12-25T06:11:38.399+0000][gc,phases   ] GC(1007)   Other: 0.5ms
[2025-12-25T06:11:38.400+0000][gc,heap     ] GC(1007) Eden regions: 604->0(608)
[2025-12-25T06:11:38.400+0000][gc,heap     ] GC(1007) Survivor regions: 10->6(77)
[2025-12-25T06:11:38.400+0000][gc,heap     ] GC(1007) Old regions: 90->91
[2025-12-25T06:11:38.400+0000][gc,heap     ] GC(1007) Humongous regions: 151->151
[2025-12-25T06:11:38.400+0000][gc,metaspace] GC(1007) Metaspace: 16615K(17024K)->16615K(17024K) NonClass: 14828K(14976K)->14828K(14976K) Class: 1787K(2048K)->1787K(2048K)
[2025-12-25T06:11:38.400+0000][gc          ] GC(1007) Pause Young (Normal) (G1 Evacuation Pause) 854M->246M(1024M) 19.561ms
[2025-12-25T06:11:38.400+0000][gc,cpu      ] GC(1007) User=0.09s Sys=0.01s Real=0.02s
[2025-12-25T06:12:08.563+0000][gc,start    ] GC(1008) Pause Young (Normal) (G1 Evacuation Pause)
[2025-12-25T06:12:08.564+0000][gc,task     ] GC(1008) Using 8 workers of 8 for evacuation
[2025-12-25T06:12:08.592+0000][gc,phases   ] GC(1008)   Pre Evacuate Collection Set: 2.0ms
[2025-12-25T06:12:08.592+0000][gc,phases   ] GC(1008)   Merge Heap Roots: 0.7ms
[2025-12-25T06:12:08.592+0000][gc,phases   ] GC(1008)   Evacuate Collection Set: 22.8ms
[2025-12-25T06:12:08.593+0000][gc,phases   ] GC(1008)   Post Evacuate Collection Set: 2.2ms
[2025-12-25T06:12:08.593+0000][gc,phases   ] GC(1008)   Other: 0.7ms
[2025-12-25T06:12:08.593+0000][gc,heap     ] GC(1008) Eden regions: 608->0(607)
[2025-12-25T06:12:08.593+0000][gc,heap     ] GC(1008) Survivor regions: 6->7(77)
[2025-12-25T06:12:08.593+0000][gc,heap     ] GC(1008) Old regions: 91->91
[2025-12-25T06:12:08.593+0000][gc,heap     ] GC(1008) Humongous regions: 151->151
[2025-12-25T06:12:08.593+0000][gc,metaspace] GC(1008) Metaspace: 16615K(17024K)->16615K(17024K) NonClass: 14828K(14976K)->14828K(14976K) Class: 1787K(2048K)->1787K(2048K)
[2025-12-25T06:12:08.593+0000][gc          ] GC(1008) Pause Young (Normal) (G1 Evacuation Pause) 854M->248M(1024M) 30.377ms
[2025-12-25T06:12:08.593+0000][gc,cpu      ] GC(1008) User=0.12s Sys=0.01s Real=0.03s
[2025-12-25T06:12:38.938+0000][gc,start    ] GC(1009) Pause Young (Normal) (G1 Evacuation Pause)
[2025-12-25T06:12:38.939+0000][gc,task     ] GC(1009) Using 8 workers of 8 for evacuation
[2025-12-25T06:12:38.967+0000][gc,phases   ] GC(1009)   Pre Evacuate Collection Set: 1.5ms
[2025-12-25T06:12:38.967+0000][gc,phases   ] GC(1009)   Merge Heap Roots: 0.6ms
[2025-12-25T06:12:38.967+0000][gc,phases   ] GC(1009)   Evacuate Collection Set: 23.4ms
[2025-12-25T06:12:38.967+0000][gc,phases   ] GC(1009)   Post Evacuate Collection Set: 1.6ms
[2025-12-25T06:12:38.967+0000][gc,phases   ] GC(1009)   Other: 0.5ms
[2025-12-25T06:12:38.967+0000][gc,heap     ] GC(1009) Eden regions: 607->0(605)
[2025-12-25T06:12:38.967+0000][gc,heap     ] GC(1009) Survivor regions: 7->9(77)
[2025-12-25T06:12:38.967+0000][gc,heap     ] GC(1009) Old regions: 91->91
[2025-12-25T06:12:38.967+0000][gc,heap     ] GC(1009) Humongous regions: 151->151
[2025-12-25T06:12:38.967+0000][gc,metaspace] GC(1009) Metaspace: 16615K(17024K)->16615K(17024K) NonClass: 14828K(14976K)->14828K(14976K) Class: 1787K(2048K)->1787K(2048K)
[2025-12-25T06:12:38.968+0000][gc          ] GC(1009) Pause Young (Normal) (G1 Evacuation Pause) 855M->250M(1024M) 29.237ms
[2025-12-25T06:12:38.968+0000][gc,cpu      ] GC(1009) User=0.18s Sys=0.00s Real=0.03s
[2025-12-25T06:13:08.940+0000][gc,start    ] GC(1010) Pause Young (Normal) (G1 Evacuation Pause)
[2025-12-25T06:13:08.941+0000][gc,task     ] GC(1010) Using 8 workers of 8 for evacuation
[2025-12-25T06:13:08.955+0000][gc,phases   ] GC(1010)   Pre Evacuate Collection Set: 1.1ms
[2025-12-25T06:13:08.955+0000][gc,phases   ] GC(1010)   Merge Heap Roots: 0.3ms
[2025-12-25T06:13:08.955+0000][gc,phases   ] GC(1010)   Evacuate Collection Set: 11.5ms
[2025-12-25T06:13:08.955+0000][gc,phases   ] GC(1010)   Post Evacuate Collection Set: 1.0ms
[2025-12-25T06:13:08.955+0000][gc,phases   ] GC(1010)   Other: 0.2ms
[2025-12-25T06:13:08.955+0000][gc,heap     ] GC(1010) Eden regions: 605->0(604)
[2025-12-25T06:13:08.955+0000][gc,heap     ] GC(1010) Survivor regions: 9->10(77)
[2025-12-25T06:13:08.955+0000][gc,heap     ] GC(1010) Old regions: 91->91
[2025-12-25T06:13:08.955+0000][gc,heap     ] GC(1010) Humongous regions: 151->151
[2025-12-25T06:13:08.955+0000][gc,metaspace] GC(1010) Metaspace: 16615K(17024K)->16615K(17024K) NonClass: 14828K(14976K)->14828K(14976K) Class: 1787K(2048K)->1787K(2048K)
[2025-12-25T06:13:08.955+0000][gc          ] GC(1010) Pause Young (Normal) (G1 Evacuation Pause) 855M->251M(1024M) 15.083ms
[2025-12-25T06:13:08.955+0000][gc,cpu      ] GC(1010) User=0.09s Sys=0.00s Real=0.02s
[2025-12-25T06:13:48.501+0000][gc,start    ] GC(1011) Pause Young (Normal) (G1 Evacuation Pause)
[2025-12-25T06:13:48.502+0000][gc,task     ] GC(1011) Using 8 workers of 8 for evacuation
[2025-12-25T06:13:48.529+0000][gc,phases   ] GC(1011)   Pre Evacuate Collection Set: 1.4ms
[2025-12-25T06:13:48.529+0000][gc,phases   ] GC(1011)   Merge Heap Roots: 0.4ms
[2025-12-25T06:13:48.529+0000][gc,phases   ] GC(1011)   Evacuate Collection Set: 23.4ms
[2025-12-25T06:13:48.529+0000][gc,phases   ] GC(1011)   Post Evacuate Collection Set: 1.2ms
[2025-12-25T06:13:48.529+0000][gc,phases   ] GC(1011)   Other: 0.5ms
[2025-12-25T06:13:48.529+0000][gc,heap     ] GC(1011) Eden regions: 604->0(605)
[2025-12-25T06:13:48.529+0000][gc,heap     ] GC(1011) Survivor regions: 10->9(77)
[2025-12-25T06:13:48.529+0000][gc,heap     ] GC(1011) Old regions: 91->92
[2025-12-25T06:13:48.529+0000][gc,heap     ] GC(1011) Humongous regions: 151->151
[2025-12-25T06:13:48.529+0000][gc,metaspace] GC(1011) Metaspace: 16615K(17024K)->16615K(17024K) NonClass: 14828K(14976K)->14828K(14976K) Class: 1787K(2048K)->1787K(2048K)
[2025-12-25T06:13:48.529+0000][gc          ] GC(1011) Pause Young (Normal) (G1 Evacuation Pause) 855M->250M(1024M) 28.407ms
[2025-12-25T06:13:48.529+0000][gc,cpu      ] GC(1011) User=0.16s Sys=0.01s Real=0.03s
[2025-12-25T06:14:18.633+0000][gc,start    ] GC(1012) Pause Young (Normal) (G1 Evacuation Pause)
[2025-12-25T06:14:18.634+0000][gc,task     ] GC(1012) Using 8 workers of 8 for evacuation
[2025-12-25T06:14:18.644+0000][gc,phases   ] GC(1012)   Pre Evacuate Collection Set: 1.1ms
[2025-12-25T06:14:18.644+0000][gc,phases   ] GC(1012)   Merge Heap Roots: 0.4ms
[2025-12-25T06:14:18.644+0000][gc,phases   ] GC(1012)   Evacuate Collection Set: 7.1ms
[2025-12-25T06:14:18.644+0000][gc,phases   ] GC(1012)   Post Evacuate Collection Set: 1.0ms
[2025-12-25T06:14:18.644+0000][gc,phases   ] GC(1012)   Other: 0.3ms
[2025-12-25T06:14:18.644+0000][gc,heap     ] GC(1012) Eden regions: 605->0(607)
[2025-12-25T06:14:18.644+0000][gc,heap     ] GC(1012) Survivor regions: 9->7(77)
[2025-12-25T06:14:18.644+0000][gc,heap     ] GC(1012) Old regions: 92->92
[2025-12-25T06:14:18.644+0000][gc,heap     ] GC(1012) Humongous regions: 151->151
[2025-12-25T06:14:18.644+0000][gc,metaspace] GC(1012) Metaspace: 16615K(17024K)->16615K(17024K) NonClass: 14828K(14976K)->14828K(14976K) Class: 1787K(2048K)->1787K(2048K)
[2025-12-25T06:14:18.645+0000][gc          ] GC(1012) Pause Young (Normal) (G1 Evacuation Pause) 855M->249M(1024M) 11.144ms
[2025-12-25T06:14:18.645+0000][gc,cpu      ] GC(1012) User=0.06s Sys=0.00s Real=0.01s
[2025-12-25T06:14:48.864+0000][gc,start    ] GC(1013) Pause Young (Normal) (G1 Evacuation Pause)
[2025-12-25T06:14:48.865+0000][gc,task     ] GC(1013) Using 8 workers of 8 for evacuation
[2025-12-25T06:14:48.877+0000][gc,phases   ] GC(1013)   Pre Evacuate Collection Set: 1.2ms
[2025-12-25T06:14:48.877+0000][gc,phases   ] GC(1013)   Merge Heap Roots: 0.4ms
[2025-12-25T06:14:48.877+0000][gc,phases   ] GC(1013)   Evacuate Collection Set: 8.4ms
[2025-12-25T06:14:48.877+0000][gc,phases   ] GC(1013)   Post Evacuate Collection Set: 1.2ms
[2025-12-25T06:14:48.877+0000][gc,phases   ] GC(1013)   Other: 0.4ms
[2025-12-25T06:14:48.877+0000][gc,heap     ] GC(1013) Eden regions: 607->0(606)
[2025-12-25T06:14:48.877+0000][gc,heap     ] GC(1013) Survivor regions: 7->8(77)
[2025-12-25T06:14:48.877+0000][gc,heap     ] GC(1013) Old regions: 92->93
[2025-12-25T06:14:48.877+0000][gc,heap     ] GC(1013) Humongous regions: 151->151
[2025-12-25T06:14:48.877+0000][gc,metaspace] GC(1013) Metaspace: 16615K(17024K)->16615K(17024K) NonClass: 14828K(14976K)->14828K(14976K) Class: 1787K(2048K)->1787K(2048K)
[2025-12-25T06:14:48.877+0000][gc          ] GC(1013) Pause Young (Normal) (G1 Evacuation Pause) 856M->250M(1024M) 13.211ms
[2025-12-25T06:14:48.877+0000][gc,cpu      ] GC(1013) User=0.07s Sys=0.00s Real=0.01s
[2025-12-25T06:15:19.035+0000][gc,start    ] GC(1014) Pause Young (Normal) (G1 Evacuation Pause)
[2025-12-25T06:15:19.035+0000][gc,task     ] GC(1014) Using 8 workers of 8 for evacuation
[2025-12-25T06:15:19.048+0000][gc,phases   ] GC(1014)   Pre Evacuate Collection Set: 1.2ms
[2025-12-25T06:15:19.048+0000][gc,phases   ] GC(1014)   Merge Heap Roots: 0.4ms
[2025-12-25T06:15:19.048+0000][gc,phases   ] GC(1014)   Evacuate Collection Set: 9.1ms
[2025-12-25T06:15:19.048+0000][gc,phases   ] GC(1014)   Post Evacuate Collection Set: 1.1ms
[2025-12-25T06:15:19.048+0000][gc,phases   ] GC(1014)   Other: 0.3ms
[2025-12-25T06:15:19.048+0000][gc,heap     ] GC(1014) Eden regions: 606->0(605)
[2025-12-25T06:15:19.048+0000][gc,heap     ] GC(1014) Survivor regions: 8->9(77)
[2025-12-25T06:15:19.048+0000][gc,heap     ] GC(1014) Old regions: 93->93
[2025-12-25T06:15:19.048+0000][gc,heap     ] GC(1014) Humongous regions: 151->151
[2025-12-25T06:15:19.048+0000][gc,metaspace] GC(1014) Metaspace: 16615K(17024K)->16615K(17024K) NonClass: 14828K(14976K)->14828K(14976K) Class: 1787K(2048K)->1787K(2048K)
[2025-12-25T06:15:19.048+0000][gc          ] GC(1014) Pause Young (Normal) (G1 Evacuation Pause) 856M->252M(1024M) 13.234ms
[2025-12-25T06:15:19.048+0000][gc,cpu      ] GC(1014) User=0.08s Sys=0.00s Real=0.01s
[2025-12-25T06:15:58.526+0000][gc,start    ] GC(1015) Pause Young (Normal) (G1 Evacuation Pause)
[2025-12-25T06:15:58.528+0000][gc,task     ] GC(1015) Using 8 workers of 8 for evacuation
[2025-12-25T06:15:58.553+0000][gc,phases   ] GC(1015)   Pre Evacuate Collection Set: 1.4ms
[2025-12-25T06:15:58.553+0000][gc,phases   ] GC(1015)   Merge Heap Roots: 0.4ms
[2025-12-25T06:15:58.553+0000][gc,phases   ] GC(1015)   Evacuate Collection Set: 21.5ms
[2025-12-25T06:15:58.553+0000][gc,phases   ] GC(1015)   Post Evacuate Collection Set: 1.1ms
[2025-12-25T06:15:58.553+0000][gc,phases   ] GC(1015)   Other: 0.7ms
[2025-12-25T06:15:58.553+0000][gc,heap     ] GC(1015) Eden regions: 605->0(606)
[2025-12-25T06:15:58.553+0000][gc,heap     ] GC(1015) Survivor regions: 9->8(77)
[2025-12-25T06:15:58.553+0000][gc,heap     ] GC(1015) Old regions: 93->93
[2025-12-25T06:15:58.553+0000][gc,heap     ] GC(1015) Humongous regions: 151->151
[2025-12-25T06:15:58.553+0000][gc,metaspace] GC(1015) Metaspace: 16615K(17024K)->16615K(17024K) NonClass: 14828K(14976K)->14828K(14976K) Class: 1787K(2048K)->1787K(2048K)
[2025-12-25T06:15:58.554+0000][gc          ] GC(1015) Pause Young (Normal) (G1 Evacuation Pause) 857M->251M(1024M) 27.116ms
[2025-12-25T06:15:58.554+0000][gc,cpu      ] GC(1015) User=0.15s Sys=0.01s Real=0.03s
[2025-12-25T06:16:28.654+0000][gc,start    ] GC(1016) Pause Young (Normal) (G1 Evacuation Pause)
[2025-12-25T06:16:28.655+0000][gc,task     ] GC(1016) Using 8 workers of 8 for evacuation
[2025-12-25T06:16:28.674+0000][gc,phases   ] GC(1016)   Pre Evacuate Collection Set: 1.1ms
[2025-12-25T06:16:28.674+0000][gc,phases   ] GC(1016)   Merge Heap Roots: 0.3ms
[2025-12-25T06:16:28.674+0000][gc,phases   ] GC(1016)   Evacuate Collection Set: 16.7ms
[2025-12-25T06:16:28.674+0000][gc,phases   ] GC(1016)   Post Evacuate Collection Set: 1.0ms
[2025-12-25T06:16:28.674+0000][gc,phases   ] GC(1016)   Other: 0.2ms
[2025-12-25T06:16:28.674+0000][gc,heap     ] GC(1016) Eden regions: 606->0(605)
[2025-12-25T06:16:28.674+0000][gc,heap     ] GC(1016) Survivor regions: 8->9(77)
[2025-12-25T06:16:28.674+0000][gc,heap     ] GC(1016) Old regions: 93->94
[2025-12-25T06:16:28.674+0000][gc,heap     ] GC(1016) Humongous regions: 151->151
[2025-12-25T06:16:28.674+0000][gc,metaspace] GC(1016) Metaspace: 16615K(17024K)->16615K(17024K) NonClass: 14828K(14976K)->14828K(14976K) Class: 1787K(2048K)->1787K(2048K)
[2025-12-25T06:16:28.674+0000][gc          ] GC(1016) Pause Young (Normal) (G1 Evacuation Pause) 857M->252M(1024M) 20.241ms
[2025-12-25T06:16:28.674+0000][gc,cpu      ] GC(1016) User=0.13s Sys=0.01s Real=0.02s
[2025-12-25T06:16:58.821+0000][gc,start    ] GC(1017) Pause Young (Normal) (G1 Evacuation Pause)
[2025-12-25T06:16:58.822+0000][gc,task     ] GC(1017) Using 8 workers of 8 for evacuation
[2025-12-25T06:16:58.856+0000][gc,phases   ] GC(1017)   Pre Evacuate Collection Set: 3.2ms
[2025-12-25T06:16:58.856+0000][gc,phases   ] GC(1017)   Merge Heap Roots: 0.9ms
[2025-12-25T06:16:58.857+0000][gc,phases   ] GC(1017)   Evacuate Collection Set: 26.0ms
[2025-12-25T06:16:58.857+0000][gc,phases   ] GC(1017)   Post Evacuate Collection Set: 2.8ms
[2025-12-25T06:16:58.857+0000][gc,phases   ] GC(1017)   Other: 0.9ms
[2025-12-25T06:16:58.857+0000][gc,heap     ] GC(1017) Eden regions: 605->0(603)
[2025-12-25T06:16:58.858+0000][gc,heap     ] GC(1017) Survivor regions: 9->11(77)
[2025-12-25T06:16:58.858+0000][gc,heap     ] GC(1017) Old regions: 94->94
[2025-12-25T06:16:58.858+0000][gc,heap     ] GC(1017) Humongous regions: 151->151
[2025-12-25T06:16:58.858+0000][gc,metaspace] GC(1017) Metaspace: 16615K(17024K)->16615K(17024K) NonClass: 14828K(14976K)->14828K(14976K) Class: 1787K(2048K)->1787K(2048K)
[2025-12-25T06:16:58.858+0000][gc          ] GC(1017) Pause Young (Normal) (G1 Evacuation Pause) 857M->255M(1024M) 36.623ms
[2025-12-25T06:16:58.858+0000][gc,cpu      ] GC(1017) User=0.15s Sys=0.02s Real=0.03s
[2025-12-25T06:17:29.036+0000][gc,start    ] GC(1018) Pause Young (Normal) (G1 Evacuation Pause)
[2025-12-25T06:17:29.037+0000][gc,task     ] GC(1018) Using 8 workers of 8 for evacuation
[2025-12-25T06:17:29.049+0000][gc,phases   ] GC(1018)   Pre Evacuate Collection Set: 1.1ms
[2025-12-25T06:17:29.049+0000][gc,phases   ] GC(1018)   Merge Heap Roots: 0.4ms
[2025-12-25T06:17:29.049+0000][gc,phases   ] GC(1018)   Evacuate Collection Set: 8.2ms
[2025-12-25T06:17:29.049+0000][gc,phases   ] GC(1018)   Post Evacuate Collection Set: 2.0ms
[2025-12-25T06:17:29.049+0000][gc,phases   ] GC(1018)   Other: 0.2ms
[2025-12-25T06:17:29.049+0000][gc,heap     ] GC(1018) Eden regions: 603->0(605)
[2025-12-25T06:17:29.049+0000][gc,heap     ] GC(1018) Survivor regions: 11->9(77)
[2025-12-25T06:17:29.049+0000][gc,heap     ] GC(1018) Old regions: 94->94
[2025-12-25T06:17:29.049+0000][gc,heap     ] GC(1018) Humongous regions: 151->151
[2025-12-25T06:17:29.049+0000][gc,metaspace] GC(1018) Metaspace: 16615K(17024K)->16615K(17024K) NonClass: 14828K(14976K)->14828K(14976K) Class: 1787K(2048K)->1787K(2048K)
[2025-12-25T06:17:29.049+0000][gc          ] GC(1018) Pause Young (Normal) (G1 Evacuation Pause) 858M->252M(1024M) 13.264ms
[2025-12-25T06:17:29.049+0000][gc,cpu      ] GC(1018) User=0.07s Sys=0.00s Real=0.02s
[2025-12-25T06:18:08.541+0000][gc,start    ] GC(1019) Pause Young (Normal) (G1 Evacuation Pause)
[2025-12-25T06:18:08.543+0000][gc,task     ] GC(1019) Using 8 workers of 8 for evacuation
[2025-12-25T06:18:08.559+0000][gc,phases   ] GC(1019)   Pre Evacuate Collection Set: 1.0ms
[2025-12-25T06:18:08.559+0000][gc,phases   ] GC(1019)   Merge Heap Roots: 0.3ms
[2025-12-25T06:18:08.559+0000][gc,phases   ] GC(1019)   Evacuate Collection Set: 12.7ms
[2025-12-25T06:18:08.559+0000][gc,phases   ] GC(1019)   Post Evacuate Collection Set: 1.2ms
[2025-12-25T06:18:08.559+0000][gc,phases   ] GC(1019)   Other: 0.3ms
[2025-12-25T06:18:08.559+0000][gc,heap     ] GC(1019) Eden regions: 605->0(606)
[2025-12-25T06:18:08.559+0000][gc,heap     ] GC(1019) Survivor regions: 9->8(77)
[2025-12-25T06:18:08.559+0000][gc,heap     ] GC(1019) Old regions: 94->95
[2025-12-25T06:18:08.559+0000][gc,heap     ] GC(1019) Humongous regions: 151->151
[2025-12-25T06:18:08.559+0000][gc,metaspace] GC(1019) Metaspace: 16615K(17024K)->16615K(17024K) NonClass: 14828K(14976K)->14828K(14976K) Class: 1787K(2048K)->1787K(2048K)
[2025-12-25T06:18:08.559+0000][gc          ] GC(1019) Pause Young (Normal) (G1 Evacuation Pause) 857M->252M(1024M) 18.437ms
[2025-12-25T06:18:08.559+0000][gc,cpu      ] GC(1019) User=0.09s Sys=0.01s Real=0.02s
[2025-12-25T06:18:38.629+0000][gc,start    ] GC(1020) Pause Young (Normal) (G1 Evacuation Pause)
[2025-12-25T06:18:38.630+0000][gc,task     ] GC(1020) Using 8 workers of 8 for evacuation
[2025-12-25T06:18:38.652+0000][gc,phases   ] GC(1020)   Pre Evacuate Collection Set: 1.2ms
[2025-12-25T06:18:38.652+0000][gc,phases   ] GC(1020)   Merge Heap Roots: 0.3ms
[2025-12-25T06:18:38.652+0000][gc,phases   ] GC(1020)   Evacuate Collection Set: 19.4ms
[2025-12-25T06:18:38.653+0000][gc,phases   ] GC(1020)   Post Evacuate Collection Set: 1.2ms
[2025-12-25T06:18:38.653+0000][gc,phases   ] GC(1020)   Other: 0.3ms
[2025-12-25T06:18:38.653+0000][gc,heap     ] GC(1020) Eden regions: 606->0(603)
[2025-12-25T06:18:38.653+0000][gc,heap     ] GC(1020) Survivor regions: 8->11(77)
[2025-12-25T06:18:38.653+0000][gc,heap     ] GC(1020) Old regions: 95->95
[2025-12-25T06:18:38.653+0000][gc,heap     ] GC(1020) Humongous regions: 151->151
[2025-12-25T06:18:38.653+0000][gc,metaspace] GC(1020) Metaspace: 16615K(17024K)->16615K(17024K) NonClass: 14828K(14976K)->14828K(14976K) Class: 1787K(2048K)->1787K(2048K)
[2025-12-25T06:18:38.653+0000][gc          ] GC(1020) Pause Young (Normal) (G1 Evacuation Pause) 858M->256M(1024M) 23.487ms
[2025-12-25T06:18:38.653+0000][gc,cpu      ] GC(1020) User=0.16s Sys=0.00s Real=0.02s
[2025-12-25T06:19:08.799+0000][gc,start    ] GC(1021) Pause Young (Normal) (G1 Evacuation Pause)
[2025-12-25T06:19:08.799+0000][gc,task     ] GC(1021) Using 8 workers of 8 for evacuation
[2025-12-25T06:19:08.827+0000][gc,phases   ] GC(1021)   Pre Evacuate Collection Set: 1.1ms
[2025-12-25T06:19:08.827+0000][gc,phases   ] GC(1021)   Merge Heap Roots: 0.8ms
[2025-12-25T06:19:08.827+0000][gc,phases   ] GC(1021)   Evacuate Collection Set: 23.1ms
[2025-12-25T06:19:08.827+0000][gc,phases   ] GC(1021)   Post Evacuate Collection Set: 2.2ms
[2025-12-25T06:19:08.827+0000][gc,phases   ] GC(1021)   Other: 0.4ms
[2025-12-25T06:19:08.827+0000][gc,heap     ] GC(1021) Eden regions: 603->0(601)
[2025-12-25T06:19:08.827+0000][gc,heap     ] GC(1021) Survivor regions: 11->13(77)
[2025-12-25T06:19:08.827+0000][gc,heap     ] GC(1021) Old regions: 95->95
[2025-12-25T06:19:08.827+0000][gc,heap     ] GC(1021) Humongous regions: 151->151
[2025-12-25T06:19:08.827+0000][gc,metaspace] GC(1021) Metaspace: 16623K(17024K)->16623K(17024K) NonClass: 14836K(14976K)->14836K(14976K) Class: 1787K(2048K)->1787K(2048K)
[2025-12-25T06:19:08.828+0000][gc          ] GC(1021) Pause Young (Normal) (G1 Evacuation Pause) 859M->258M(1024M) 29.079ms
[2025-12-25T06:19:08.828+0000][gc,cpu      ] GC(1021) User=0.19s Sys=0.00s Real=0.03s
[2025-12-25T06:19:38.975+0000][gc,start    ] GC(1022) Pause Young (Normal) (G1 Evacuation Pause)
[2025-12-25T06:19:38.977+0000][gc,task     ] GC(1022) Using 8 workers of 8 for evacuation
[2025-12-25T06:19:39.002+0000][gc,phases   ] GC(1022)   Pre Evacuate Collection Set: 3.3ms
[2025-12-25T06:19:39.002+0000][gc,phases   ] GC(1022)   Merge Heap Roots: 0.4ms
[2025-12-25T06:19:39.002+0000][gc,phases   ] GC(1022)   Evacuate Collection Set: 20.3ms
[2025-12-25T06:19:39.002+0000][gc,phases   ] GC(1022)   Post Evacuate Collection Set: 1.2ms
[2025-12-25T06:19:39.002+0000][gc,phases   ] GC(1022)   Other: 0.7ms
[2025-12-25T06:19:39.002+0000][gc,heap     ] GC(1022) Eden regions: 601->0(600)
[2025-12-25T06:19:39.002+0000][gc,heap     ] GC(1022) Survivor regions: 13->14(77)
[2025-12-25T06:19:39.002+0000][gc,heap     ] GC(1022) Old regions: 95->96
[2025-12-25T06:19:39.003+0000][gc,heap     ] GC(1022) Humongous regions: 151->151
[2025-12-25T06:19:39.003+0000][gc,metaspace] GC(1022) Metaspace: 16623K(17024K)->16623K(17024K) NonClass: 14836K(14976K)->14836K(14976K) Class: 1787K(2048K)->1787K(2048K)
[2025-12-25T06:19:39.003+0000][gc          ] GC(1022) Pause Young (Normal) (G1 Evacuation Pause) 859M->259M(1024M) 27.727ms
[2025-12-25T06:19:39.003+0000][gc,cpu      ] GC(1022) User=0.16s Sys=0.00s Real=0.03s
[2025-12-25T06:20:18.534+0000][gc,start    ] GC(1023) Pause Young (Normal) (G1 Evacuation Pause)
[2025-12-25T06:20:18.535+0000][gc,task     ] GC(1023) Using 8 workers of 8 for evacuation
[2025-12-25T06:20:18.569+0000][gc,phases   ] GC(1023)   Pre Evacuate Collection Set: 1.6ms
[2025-12-25T06:20:18.569+0000][gc,phases   ] GC(1023)   Merge Heap Roots: 0.5ms
[2025-12-25T06:20:18.569+0000][gc,phases   ] GC(1023)   Evacuate Collection Set: 29.9ms
[2025-12-25T06:20:18.569+0000][gc,phases   ] GC(1023)   Post Evacuate Collection Set: 1.4ms
[2025-12-25T06:20:18.569+0000][gc,phases   ] GC(1023)   Other: 0.3ms
[2025-12-25T06:20:18.569+0000][gc,heap     ] GC(1023) Eden regions: 600->0(605)
[2025-12-25T06:20:18.569+0000][gc,heap     ] GC(1023) Survivor regions: 14->9(77)
[2025-12-25T06:20:18.570+0000][gc,heap     ] GC(1023) Old regions: 96->96
[2025-12-25T06:20:18.570+0000][gc,heap     ] GC(1023) Humongous regions: 151->151
[2025-12-25T06:20:18.570+0000][gc,metaspace] GC(1023) Metaspace: 16623K(17024K)->16623K(17024K) NonClass: 14836K(14976K)->14836K(14976K) Class: 1787K(2048K)->1787K(2048K)
[2025-12-25T06:20:18.570+0000][gc          ] GC(1023) Pause Young (Normal) (G1 Evacuation Pause) 859M->254M(1024M) 35.355ms
[2025-12-25T06:20:18.570+0000][gc,cpu      ] GC(1023) User=0.22s Sys=0.00s Real=0.04s
[2025-12-25T06:20:48.664+0000][gc,start    ] GC(1024) Pause Young (Normal) (G1 Evacuation Pause)
[2025-12-25T06:20:48.664+0000][gc,task     ] GC(1024) Using 8 workers of 8 for evacuation
[2025-12-25T06:20:48.693+0000][gc,phases   ] GC(1024)   Pre Evacuate Collection Set: 1.4ms
[2025-12-25T06:20:48.693+0000][gc,phases   ] GC(1024)   Merge Heap Roots: 0.4ms
[2025-12-25T06:20:48.693+0000][gc,phases   ] GC(1024)   Evacuate Collection Set: 25.2ms
[2025-12-25T06:20:48.693+0000][gc,phases   ] GC(1024)   Post Evacuate Collection Set: 1.3ms
[2025-12-25T06:20:48.693+0000][gc,phases   ] GC(1024)   Other: 0.4ms
[2025-12-25T06:20:48.693+0000][gc,heap     ] GC(1024) Eden regions: 605->0(604)
[2025-12-25T06:20:48.694+0000][gc,heap     ] GC(1024) Survivor regions: 9->10(77)
[2025-12-25T06:20:48.694+0000][gc,heap     ] GC(1024) Old regions: 96->96
[2025-12-25T06:20:48.694+0000][gc,heap     ] GC(1024) Humongous regions: 151->151
[2025-12-25T06:20:48.694+0000][gc,metaspace] GC(1024) Metaspace: 16623K(17024K)->16623K(17024K) NonClass: 14836K(14976K)->14836K(14976K) Class: 1787K(2048K)->1787K(2048K)
[2025-12-25T06:20:48.694+0000][gc          ] GC(1024) Pause Young (Normal) (G1 Evacuation Pause) 859M->255M(1024M) 30.060ms
[2025-12-25T06:20:48.694+0000][gc,cpu      ] GC(1024) User=0.20s Sys=0.01s Real=0.03s
[2025-12-25T06:21:18.866+0000][gc,start    ] GC(1025) Pause Young (Normal) (G1 Evacuation Pause)
[2025-12-25T06:21:18.867+0000][gc,task     ] GC(1025) Using 8 workers of 8 for evacuation
[2025-12-25T06:21:18.890+0000][gc,phases   ] GC(1025)   Pre Evacuate Collection Set: 4.4ms
[2025-12-25T06:21:18.890+0000][gc,phases   ] GC(1025)   Merge Heap Roots: 0.5ms
[2025-12-25T06:21:18.890+0000][gc,phases   ] GC(1025)   Evacuate Collection Set: 14.5ms
[2025-12-25T06:21:18.891+0000][gc,phases   ] GC(1025)   Post Evacuate Collection Set: 1.2ms
[2025-12-25T06:21:18.891+0000][gc,phases   ] GC(1025)   Other: 3.1ms
[2025-12-25T06:21:18.891+0000][gc,heap     ] GC(1025) Eden regions: 604->0(603)
[2025-12-25T06:21:18.891+0000][gc,heap     ] GC(1025) Survivor regions: 10->11(77)
[2025-12-25T06:21:18.891+0000][gc,heap     ] GC(1025) Old regions: 96->97
[2025-12-25T06:21:18.891+0000][gc,heap     ] GC(1025) Humongous regions: 151->151
[2025-12-25T06:21:18.891+0000][gc,metaspace] GC(1025) Metaspace: 16623K(17024K)->16623K(17024K) NonClass: 14836K(14976K)->14836K(14976K) Class: 1787K(2048K)->1787K(2048K)
[2025-12-25T06:21:18.891+0000][gc          ] GC(1025) Pause Young (Normal) (G1 Evacuation Pause) 859M->257M(1024M) 24.860ms
[2025-12-25T06:21:18.891+0000][gc,cpu      ] GC(1025) User=0.13s Sys=0.00s Real=0.02s
[2025-12-25T06:21:48.973+0000][gc,start    ] GC(1026) Pause Young (Normal) (G1 Evacuation Pause)
[2025-12-25T06:21:48.974+0000][gc,task     ] GC(1026) Using 8 workers of 8 for evacuation
[2025-12-25T06:21:49.003+0000][gc,phases   ] GC(1026)   Pre Evacuate Collection Set: 1.4ms
[2025-12-25T06:21:49.003+0000][gc,phases   ] GC(1026)   Merge Heap Roots: 0.5ms
[2025-12-25T06:21:49.003+0000][gc,phases   ] GC(1026)   Evacuate Collection Set: 23.2ms
[2025-12-25T06:21:49.003+0000][gc,phases   ] GC(1026)   Post Evacuate Collection Set: 3.4ms
[2025-12-25T06:21:49.003+0000][gc,phases   ] GC(1026)   Other: 0.6ms
[2025-12-25T06:21:49.003+0000][gc,heap     ] GC(1026) Eden regions: 603->0(603)
[2025-12-25T06:21:49.003+0000][gc,heap     ] GC(1026) Survivor regions: 11->11(77)
[2025-12-25T06:21:49.003+0000][gc,heap     ] GC(1026) Old regions: 97->97
[2025-12-25T06:21:49.003+0000][gc,heap     ] GC(1026) Humongous regions: 151->151
[2025-12-25T06:21:49.004+0000][gc,metaspace] GC(1026) Metaspace: 16623K(17024K)->16623K(17024K) NonClass: 14836K(14976K)->14836K(14976K) Class: 1787K(2048K)->1787K(2048K)
[2025-12-25T06:21:49.004+0000][gc          ] GC(1026) Pause Young (Normal) (G1 Evacuation Pause) 860M->258M(1024M) 30.316ms
[2025-12-25T06:21:49.004+0000][gc,cpu      ] GC(1026) User=0.19s Sys=0.00s Real=0.03s
[2025-12-25T06:22:28.501+0000][gc,start    ] GC(1027) Pause Young (Normal) (G1 Evacuation Pause)
[2025-12-25T06:22:28.502+0000][gc,task     ] GC(1027) Using 8 workers of 8 for evacuation
[2025-12-25T06:22:28.535+0000][gc,phases   ] GC(1027)   Pre Evacuate Collection Set: 1.2ms
[2025-12-25T06:22:28.535+0000][gc,phases   ] GC(1027)   Merge Heap Roots: 0.4ms
[2025-12-25T06:22:28.535+0000][gc,phases   ] GC(1027)   Evacuate Collection Set: 27.6ms
[2025-12-25T06:22:28.535+0000][gc,phases   ] GC(1027)   Post Evacuate Collection Set: 3.8ms
[2025-12-25T06:22:28.535+0000][gc,phases   ] GC(1027)   Other: 0.2ms
[2025-12-25T06:22:28.535+0000][gc,heap     ] GC(1027) Eden regions: 603->0(603)
[2025-12-25T06:22:28.535+0000][gc,heap     ] GC(1027) Survivor regions: 11->11(77)
[2025-12-25T06:22:28.535+0000][gc,heap     ] GC(1027) Old regions: 97->97
[2025-12-25T06:22:28.535+0000][gc,heap     ] GC(1027) Humongous regions: 151->151
[2025-12-25T06:22:28.535+0000][gc,metaspace] GC(1027) Metaspace: 16623K(17024K)->16623K(17024K) NonClass: 14836K(14976K)->14836K(14976K) Class: 1787K(2048K)->1787K(2048K)
[2025-12-25T06:22:28.535+0000][gc          ] GC(1027) Pause Young (Normal) (G1 Evacuation Pause) 861M->257M(1024M) 34.273ms
[2025-12-25T06:22:28.535+0000][gc,cpu      ] GC(1027) User=0.22s Sys=0.00s Real=0.04s
[2025-12-25T06:22:58.643+0000][gc,start    ] GC(1028) Pause Young (Normal) (G1 Evacuation Pause)
[2025-12-25T06:22:58.643+0000][gc,task     ] GC(1028) Using 8 workers of 8 for evacuation
[2025-12-25T06:22:58.667+0000][gc,phases   ] GC(1028)   Pre Evacuate Collection Set: 1.3ms
[2025-12-25T06:22:58.667+0000][gc,phases   ] GC(1028)   Merge Heap Roots: 0.4ms
[2025-12-25T06:22:58.667+0000][gc,phases   ] GC(1028)   Evacuate Collection Set: 20.7ms
[2025-12-25T06:22:58.667+0000][gc,phases   ] GC(1028)   Post Evacuate Collection Set: 1.0ms
[2025-12-25T06:22:58.667+0000][gc,phases   ] GC(1028)   Other: 0.3ms
[2025-12-25T06:22:58.667+0000][gc,heap     ] GC(1028) Eden regions: 603->0(606)
[2025-12-25T06:22:58.667+0000][gc,heap     ] GC(1028) Survivor regions: 11->8(77)
[2025-12-25T06:22:58.668+0000][gc,heap     ] GC(1028) Old regions: 97->98
[2025-12-25T06:22:58.668+0000][gc,heap     ] GC(1028) Humongous regions: 151->151
[2025-12-25T06:22:58.668+0000][gc,metaspace] GC(1028) Metaspace: 16623K(17024K)->16623K(17024K) NonClass: 14836K(14976K)->14836K(14976K) Class: 1787K(2048K)->1787K(2048K)
[2025-12-25T06:22:58.668+0000][gc          ] GC(1028) Pause Young (Normal) (G1 Evacuation Pause) 860M->255M(1024M) 24.854ms
[2025-12-25T06:22:58.668+0000][gc,cpu      ] GC(1028) User=0.17s Sys=0.00s Real=0.02s
[2025-12-25T06:23:28.811+0000][gc,start    ] GC(1029) Pause Young (Normal) (G1 Evacuation Pause)
[2025-12-25T06:23:28.811+0000][gc,task     ] GC(1029) Using 8 workers of 8 for evacuation
[2025-12-25T06:23:28.839+0000][gc,phases   ] GC(1029)   Pre Evacuate Collection Set: 1.1ms
[2025-12-25T06:23:28.839+0000][gc,phases   ] GC(1029)   Merge Heap Roots: 0.4ms
[2025-12-25T06:23:28.839+0000][gc,phases   ] GC(1029)   Evacuate Collection Set: 25.0ms
[2025-12-25T06:23:28.839+0000][gc,phases   ] GC(1029)   Post Evacuate Collection Set: 1.1ms
[2025-12-25T06:23:28.839+0000][gc,phases   ] GC(1029)   Other: 0.4ms
[2025-12-25T06:23:28.839+0000][gc,heap     ] GC(1029) Eden regions: 606->0(605)
[2025-12-25T06:23:28.839+0000][gc,heap     ] GC(1029) Survivor regions: 8->9(77)
[2025-12-25T06:23:28.839+0000][gc,heap     ] GC(1029) Old regions: 98->98
[2025-12-25T06:23:28.839+0000][gc,heap     ] GC(1029) Humongous regions: 151->151
[2025-12-25T06:23:28.840+0000][gc,metaspace] GC(1029) Metaspace: 16623K(17024K)->16623K(17024K) NonClass: 14836K(14976K)->14836K(14976K) Class: 1787K(2048K)->1787K(2048K)
[2025-12-25T06:23:28.840+0000][gc          ] GC(1029) Pause Young (Normal) (G1 Evacuation Pause) 861M->257M(1024M) 29.055ms
[2025-12-25T06:23:28.840+0000][gc,cpu      ] GC(1029) User=0.20s Sys=0.00s Real=0.03s
[2025-12-25T06:23:58.915+0000][gc,start    ] GC(1030) Pause Young (Normal) (G1 Evacuation Pause)
[2025-12-25T06:23:58.915+0000][gc,task     ] GC(1030) Using 8 workers of 8 for evacuation
[2025-12-25T06:23:58.945+0000][gc,phases   ] GC(1030)   Pre Evacuate Collection Set: 1.1ms
[2025-12-25T06:23:58.946+0000][gc,phases   ] GC(1030)   Merge Heap Roots: 2.4ms
[2025-12-25T06:23:58.946+0000][gc,phases   ] GC(1030)   Evacuate Collection Set: 25.5ms
[2025-12-25T06:23:58.946+0000][gc,phases   ] GC(1030)   Post Evacuate Collection Set: 1.1ms
[2025-12-25T06:23:58.946+0000][gc,phases   ] GC(1030)   Other: 0.2ms
[2025-12-25T06:23:58.946+0000][gc,heap     ] GC(1030) Eden regions: 605->0(604)
[2025-12-25T06:23:58.946+0000][gc,heap     ] GC(1030) Survivor regions: 9->10(77)
[2025-12-25T06:23:58.946+0000][gc,heap     ] GC(1030) Old regions: 98->98
[2025-12-25T06:23:58.946+0000][gc,heap     ] GC(1030) Humongous regions: 151->151
[2025-12-25T06:23:58.946+0000][gc,metaspace] GC(1030) Metaspace: 16623K(17024K)->16623K(17024K) NonClass: 14836K(14976K)->14836K(14976K) Class: 1787K(2048K)->1787K(2048K)
[2025-12-25T06:23:58.946+0000][gc          ] GC(1030) Pause Young (Normal) (G1 Evacuation Pause) 862M->257M(1024M) 31.287ms
[2025-12-25T06:23:58.946+0000][gc,cpu      ] GC(1030) User=0.22s Sys=0.00s Real=0.03s
[2025-12-25T06:24:38.499+0000][gc,start    ] GC(1031) Pause Young (Normal) (G1 Evacuation Pause)
[2025-12-25T06:24:38.499+0000][gc,task     ] GC(1031) Using 8 workers of 8 for evacuation
[2025-12-25T06:24:38.526+0000][gc,phases   ] GC(1031)   Pre Evacuate Collection Set: 1.5ms
[2025-12-25T06:24:38.526+0000][gc,phases   ] GC(1031)   Merge Heap Roots: 0.4ms
[2025-12-25T06:24:38.526+0000][gc,phases   ] GC(1031)   Evacuate Collection Set: 22.8ms
[2025-12-25T06:24:38.526+0000][gc,phases   ] GC(1031)   Post Evacuate Collection Set: 1.9ms
[2025-12-25T06:24:38.527+0000][gc,phases   ] GC(1031)   Other: 0.2ms
[2025-12-25T06:24:38.527+0000][gc,heap     ] GC(1031) Eden regions: 604->0(606)
[2025-12-25T06:24:38.527+0000][gc,heap     ] GC(1031) Survivor regions: 10->8(77)
[2025-12-25T06:24:38.527+0000][gc,heap     ] GC(1031) Old regions: 98->99
[2025-12-25T06:24:38.527+0000][gc,heap     ] GC(1031) Humongous regions: 151->151
[2025-12-25T06:24:38.527+0000][gc,metaspace] GC(1031) Metaspace: 16625K(17024K)->16625K(17024K) NonClass: 14838K(14976K)->14838K(14976K) Class: 1787K(2048K)->1787K(2048K)
[2025-12-25T06:24:38.527+0000][gc          ] GC(1031) Pause Young (Normal) (G1 Evacuation Pause) 861M->257M(1024M) 28.367ms
[2025-12-25T06:24:38.527+0000][gc,cpu      ] GC(1031) User=0.18s Sys=0.00s Real=0.03s
[2025-12-25T06:25:08.689+0000][gc,start    ] GC(1032) Pause Young (Normal) (G1 Evacuation Pause)
[2025-12-25T06:25:08.690+0000][gc,task     ] GC(1032) Using 8 workers of 8 for evacuation
[2025-12-25T06:25:08.715+0000][gc,phases   ] GC(1032)   Pre Evacuate Collection Set: 1.1ms
[2025-12-25T06:25:08.715+0000][gc,phases   ] GC(1032)   Merge Heap Roots: 0.4ms
[2025-12-25T06:25:08.715+0000][gc,phases   ] GC(1032)   Evacuate Collection Set: 19.7ms
[2025-12-25T06:25:08.715+0000][gc,phases   ] GC(1032)   Post Evacuate Collection Set: 2.6ms
[2025-12-25T06:25:08.715+0000][gc,phases   ] GC(1032)   Other: 0.6ms
[2025-12-25T06:25:08.715+0000][gc,heap     ] GC(1032) Eden regions: 606->0(605)
[2025-12-25T06:25:08.715+0000][gc,heap     ] GC(1032) Survivor regions: 8->9(77)
[2025-12-25T06:25:08.715+0000][gc,heap     ] GC(1032) Old regions: 99->99
[2025-12-25T06:25:08.715+0000][gc,heap     ] GC(1032) Humongous regions: 151->151
[2025-12-25T06:25:08.715+0000][gc,metaspace] GC(1032) Metaspace: 16627K(17024K)->16627K(17024K) NonClass: 14840K(14976K)->14840K(14976K) Class: 1787K(2048K)->1787K(2048K)
[2025-12-25T06:25:08.715+0000][gc          ] GC(1032) Pause Young (Normal) (G1 Evacuation Pause) 863M->258M(1024M) 26.168ms
[2025-12-25T06:25:08.715+0000][gc,cpu      ] GC(1032) User=0.16s Sys=0.00s Real=0.02s
[2025-12-25T06:25:38.790+0000][gc,start    ] GC(1033) Pause Young (Normal) (G1 Evacuation Pause)
[2025-12-25T06:25:38.791+0000][gc,task     ] GC(1033) Using 8 workers of 8 for evacuation
[2025-12-25T06:25:38.818+0000][gc,phases   ] GC(1033)   Pre Evacuate Collection Set: 1.7ms
[2025-12-25T06:25:38.818+0000][gc,phases   ] GC(1033)   Merge Heap Roots: 0.8ms
[2025-12-25T06:25:38.818+0000][gc,phases   ] GC(1033)   Evacuate Collection Set: 22.2ms
[2025-12-25T06:25:38.818+0000][gc,phases   ] GC(1033)   Post Evacuate Collection Set: 2.8ms
[2025-12-25T06:25:38.818+0000][gc,phases   ] GC(1033)   Other: 0.2ms
[2025-12-25T06:25:38.819+0000][gc,heap     ] GC(1033) Eden regions: 605->0(607)
[2025-12-25T06:25:38.819+0000][gc,heap     ] GC(1033) Survivor regions: 9->7(77)
[2025-12-25T06:25:38.819+0000][gc,heap     ] GC(1033) Old regions: 99->99
[2025-12-25T06:25:38.819+0000][gc,heap     ] GC(1033) Humongous regions: 151->151
[2025-12-25T06:25:38.819+0000][gc,metaspace] GC(1033) Metaspace: 16627K(17024K)->16627K(17024K) NonClass: 14840K(14976K)->14840K(14976K) Class: 1787K(2048K)->1787K(2048K)
[2025-12-25T06:25:38.819+0000][gc          ] GC(1033) Pause Young (Normal) (G1 Evacuation Pause) 863M->256M(1024M) 28.852ms
[2025-12-25T06:25:38.819+0000][gc,cpu      ] GC(1033) User=0.19s Sys=0.01s Real=0.03s
[2025-12-25T06:26:08.978+0000][gc,start    ] GC(1034) Pause Young (Normal) (G1 Evacuation Pause)
[2025-12-25T06:26:08.979+0000][gc,task     ] GC(1034) Using 8 workers of 8 for evacuation
[2025-12-25T06:26:09.000+0000][gc,phases   ] GC(1034)   Pre Evacuate Collection Set: 1.1ms
[2025-12-25T06:26:09.000+0000][gc,phases   ] GC(1034)   Merge Heap Roots: 0.5ms
[2025-12-25T06:26:09.000+0000][gc,phases   ] GC(1034)   Evacuate Collection Set: 16.6ms
[2025-12-25T06:26:09.000+0000][gc,phases   ] GC(1034)   Post Evacuate Collection Set: 2.1ms
[2025-12-25T06:26:09.000+0000][gc,phases   ] GC(1034)   Other: 0.6ms
[2025-12-25T06:26:09.000+0000][gc,heap     ] GC(1034) Eden regions: 607->0(606)
[2025-12-25T06:26:09.000+0000][gc,heap     ] GC(1034) Survivor regions: 7->8(77)
[2025-12-25T06:26:09.001+0000][gc,heap     ] GC(1034) Old regions: 99->100
[2025-12-25T06:26:09.001+0000][gc,heap     ] GC(1034) Humongous regions: 151->151
[2025-12-25T06:26:09.001+0000][gc,metaspace] GC(1034) Metaspace: 16627K(17024K)->16627K(17024K) NonClass: 14840K(14976K)->14840K(14976K) Class: 1787K(2048K)->1787K(2048K)
[2025-12-25T06:26:09.001+0000][gc          ] GC(1034) Pause Young (Normal) (G1 Evacuation Pause) 863M->257M(1024M) 22.867ms
[2025-12-25T06:26:09.001+0000][gc,cpu      ] GC(1034) User=0.14s Sys=0.00s Real=0.02s
[2025-12-25T06:26:48.553+0000][gc,start    ] GC(1035) Pause Young (Normal) (G1 Evacuation Pause)
[2025-12-25T06:26:48.553+0000][gc,task     ] GC(1035) Using 8 workers of 8 for evacuation
[2025-12-25T06:26:48.580+0000][gc,phases   ] GC(1035)   Pre Evacuate Collection Set: 1.1ms
[2025-12-25T06:26:48.580+0000][gc,phases   ] GC(1035)   Merge Heap Roots: 0.4ms
[2025-12-25T06:26:48.580+0000][gc,phases   ] GC(1035)   Evacuate Collection Set: 23.7ms
[2025-12-25T06:26:48.580+0000][gc,phases   ] GC(1035)   Post Evacuate Collection Set: 1.1ms
[2025-12-25T06:26:48.581+0000][gc,phases   ] GC(1035)   Other: 0.5ms
[2025-12-25T06:26:48.581+0000][gc,heap     ] GC(1035) Eden regions: 606->0(609)
[2025-12-25T06:26:48.581+0000][gc,heap     ] GC(1035) Survivor regions: 8->5(77)
[2025-12-25T06:26:48.581+0000][gc,heap     ] GC(1035) Old regions: 100->101
[2025-12-25T06:26:48.581+0000][gc,heap     ] GC(1035) Humongous regions: 151->151
[2025-12-25T06:26:48.581+0000][gc,metaspace] GC(1035) Metaspace: 16627K(17024K)->16627K(17024K) NonClass: 14840K(14976K)->14840K(14976K) Class: 1787K(2048K)->1787K(2048K)
[2025-12-25T06:26:48.581+0000][gc          ] GC(1035) Pause Young (Normal) (G1 Evacuation Pause) 863M->256M(1024M) 28.118ms
[2025-12-25T06:26:48.581+0000][gc,cpu      ] GC(1035) User=0.19s Sys=0.00s Real=0.03s
[2025-12-25T06:27:18.706+0000][gc,start    ] GC(1036) Pause Young (Normal) (G1 Evacuation Pause)
[2025-12-25T06:27:18.706+0000][gc,task     ] GC(1036) Using 8 workers of 8 for evacuation
[2025-12-25T06:27:18.735+0000][gc,phases   ] GC(1036)   Pre Evacuate Collection Set: 1.4ms
[2025-12-25T06:27:18.735+0000][gc,phases   ] GC(1036)   Merge Heap Roots: 0.5ms
[2025-12-25T06:27:18.735+0000][gc,phases   ] GC(1036)   Evacuate Collection Set: 25.0ms
[2025-12-25T06:27:18.735+0000][gc,phases   ] GC(1036)   Post Evacuate Collection Set: 1.2ms
[2025-12-25T06:27:18.735+0000][gc,phases   ] GC(1036)   Other: 0.4ms
[2025-12-25T06:27:18.735+0000][gc,heap     ] GC(1036) Eden regions: 609->0(608)
[2025-12-25T06:27:18.735+0000][gc,heap     ] GC(1036) Survivor regions: 5->6(77)
[2025-12-25T06:27:18.735+0000][gc,heap     ] GC(1036) Old regions: 101->101
[2025-12-25T06:27:18.735+0000][gc,heap     ] GC(1036) Humongous regions: 151->151
[2025-12-25T06:27:18.735+0000][gc,metaspace] GC(1036) Metaspace: 16627K(17024K)->16627K(17024K) NonClass: 14840K(14976K)->14840K(14976K) Class: 1787K(2048K)->1787K(2048K)
[2025-12-25T06:27:18.735+0000][gc          ] GC(1036) Pause Young (Normal) (G1 Evacuation Pause) 865M->257M(1024M) 29.770ms
[2025-12-25T06:27:18.736+0000][gc,cpu      ] GC(1036) User=0.20s Sys=0.01s Real=0.03s
[2025-12-25T06:27:48.840+0000][gc,start    ] GC(1037) Pause Young (Normal) (G1 Evacuation Pause)
[2025-12-25T06:27:48.841+0000][gc,task     ] GC(1037) Using 8 workers of 8 for evacuation
[2025-12-25T06:27:48.854+0000][gc,phases   ] GC(1037)   Pre Evacuate Collection Set: 1.0ms
[2025-12-25T06:27:48.854+0000][gc,phases   ] GC(1037)   Merge Heap Roots: 0.2ms
[2025-12-25T06:27:48.854+0000][gc,phases   ] GC(1037)   Evacuate Collection Set: 10.8ms
[2025-12-25T06:27:48.854+0000][gc,phases   ] GC(1037)   Post Evacuate Collection Set: 1.1ms
[2025-12-25T06:27:48.855+0000][gc,phases   ] GC(1037)   Other: 0.3ms
[2025-12-25T06:27:48.855+0000][gc,heap     ] GC(1037) Eden regions: 608->0(606)
[2025-12-25T06:27:48.855+0000][gc,heap     ] GC(1037) Survivor regions: 6->8(77)
[2025-12-25T06:27:48.855+0000][gc,heap     ] GC(1037) Old regions: 101->101
[2025-12-25T06:27:48.855+0000][gc,heap     ] GC(1037) Humongous regions: 151->151
[2025-12-25T06:27:48.855+0000][gc,metaspace] GC(1037) Metaspace: 16627K(17024K)->16627K(17024K) NonClass: 14840K(14976K)->14840K(14976K) Class: 1787K(2048K)->1787K(2048K)
[2025-12-25T06:27:48.855+0000][gc          ] GC(1037) Pause Young (Normal) (G1 Evacuation Pause) 865M->259M(1024M) 14.729ms
[2025-12-25T06:27:48.855+0000][gc,cpu      ] GC(1037) User=0.09s Sys=0.00s Real=0.02s
[2025-12-25T06:28:18.979+0000][gc,start    ] GC(1038) Pause Young (Normal) (G1 Evacuation Pause)
[2025-12-25T06:28:18.980+0000][gc,task     ] GC(1038) Using 8 workers of 8 for evacuation
[2025-12-25T06:28:18.993+0000][gc,phases   ] GC(1038)   Pre Evacuate Collection Set: 1.2ms
[2025-12-25T06:28:18.993+0000][gc,phases   ] GC(1038)   Merge Heap Roots: 0.2ms
[2025-12-25T06:28:18.993+0000][gc,phases   ] GC(1038)   Evacuate Collection Set: 9.5ms
[2025-12-25T06:28:18.993+0000][gc,phases   ] GC(1038)   Post Evacuate Collection Set: 2.2ms
[2025-12-25T06:28:18.993+0000][gc,phases   ] GC(1038)   Other: 0.3ms
[2025-12-25T06:28:18.994+0000][gc,heap     ] GC(1038) Eden regions: 606->0(608)
[2025-12-25T06:28:18.994+0000][gc,heap     ] GC(1038) Survivor regions: 8->6(77)
[2025-12-25T06:28:18.994+0000][gc,heap     ] GC(1038) Old regions: 101->102
[2025-12-25T06:28:18.994+0000][gc,heap     ] GC(1038) Humongous regions: 151->151
[2025-12-25T06:28:18.994+0000][gc,metaspace] GC(1038) Metaspace: 16628K(17024K)->16628K(17024K) NonClass: 14840K(14976K)->14840K(14976K) Class: 1787K(2048K)->1787K(2048K)
[2025-12-25T06:28:18.994+0000][gc          ] GC(1038) Pause Young (Normal) (G1 Evacuation Pause) 865M->257M(1024M) 15.132ms
[2025-12-25T06:28:18.994+0000][gc,cpu      ] GC(1038) User=0.09s Sys=0.01s Real=0.01s
[2025-12-25T06:28:58.651+0000][gc,start    ] GC(1039) Pause Young (Normal) (G1 Evacuation Pause)
[2025-12-25T06:28:58.652+0000][gc,task     ] GC(1039) Using 8 workers of 8 for evacuation
[2025-12-25T06:28:58.670+0000][gc,phases   ] GC(1039)   Pre Evacuate Collection Set: 1.6ms
[2025-12-25T06:28:58.670+0000][gc,phases   ] GC(1039)   Merge Heap Roots: 0.2ms
[2025-12-25T06:28:58.670+0000][gc,phases   ] GC(1039)   Evacuate Collection Set: 13.6ms
[2025-12-25T06:28:58.670+0000][gc,phases   ] GC(1039)   Post Evacuate Collection Set: 1.7ms
[2025-12-25T06:28:58.670+0000][gc,phases   ] GC(1039)   Other: 0.4ms
[2025-12-25T06:28:58.670+0000][gc,heap     ] GC(1039) Eden regions: 608->0(609)
[2025-12-25T06:28:58.670+0000][gc,heap     ] GC(1039) Survivor regions: 6->5(77)
[2025-12-25T06:28:58.670+0000][gc,heap     ] GC(1039) Old regions: 102->102
[2025-12-25T06:28:58.670+0000][gc,heap     ] GC(1039) Humongous regions: 151->151
[2025-12-25T06:28:58.670+0000][gc,metaspace] GC(1039) Metaspace: 16628K(17024K)->16628K(17024K) NonClass: 14840K(14976K)->14840K(14976K) Class: 1787K(2048K)->1787K(2048K)
[2025-12-25T06:28:58.670+0000][gc          ] GC(1039) Pause Young (Normal) (G1 Evacuation Pause) 865M->256M(1024M) 19.021ms
[2025-12-25T06:28:58.670+0000][gc,cpu      ] GC(1039) User=0.11s Sys=0.01s Real=0.02s
[2025-12-25T06:29:28.788+0000][gc,start    ] GC(1040) Pause Young (Normal) (G1 Evacuation Pause)
[2025-12-25T06:29:28.788+0000][gc,task     ] GC(1040) Using 8 workers of 8 for evacuation
[2025-12-25T06:29:28.806+0000][gc,phases   ] GC(1040)   Pre Evacuate Collection Set: 1.1ms
[2025-12-25T06:29:28.807+0000][gc,phases   ] GC(1040)   Merge Heap Roots: 0.2ms
[2025-12-25T06:29:28.807+0000][gc,phases   ] GC(1040)   Evacuate Collection Set: 14.9ms
[2025-12-25T06:29:28.807+0000][gc,phases   ] GC(1040)   Post Evacuate Collection Set: 1.4ms
[2025-12-25T06:29:28.807+0000][gc,phases   ] GC(1040)   Other: 0.3ms
[2025-12-25T06:29:28.807+0000][gc,heap     ] GC(1040) Eden regions: 609->0(607)
[2025-12-25T06:29:28.807+0000][gc,heap     ] GC(1040) Survivor regions: 5->7(77)
[2025-12-25T06:29:28.807+0000][gc,heap     ] GC(1040) Old regions: 102->102
[2025-12-25T06:29:28.807+0000][gc,heap     ] GC(1040) Humongous regions: 151->151
[2025-12-25T06:29:28.807+0000][gc,metaspace] GC(1040) Metaspace: 16628K(17024K)->16628K(17024K) NonClass: 14840K(14976K)->14840K(14976K) Class: 1787K(2048K)->1787K(2048K)
[2025-12-25T06:29:28.807+0000][gc          ] GC(1040) Pause Young (Normal) (G1 Evacuation Pause) 865M->258M(1024M) 19.279ms
[2025-12-25T06:29:28.807+0000][gc,cpu      ] GC(1040) User=0.12s Sys=0.00s Real=0.02s
[2025-12-25T06:29:58.904+0000][gc,start    ] GC(1041) Pause Young (Normal) (G1 Evacuation Pause)
[2025-12-25T06:29:58.905+0000][gc,task     ] GC(1041) Using 8 workers of 8 for evacuation
[2025-12-25T06:29:58.917+0000][gc,phases   ] GC(1041)   Pre Evacuate Collection Set: 1.4ms
[2025-12-25T06:29:58.917+0000][gc,phases   ] GC(1041)   Merge Heap Roots: 0.6ms
[2025-12-25T06:29:58.917+0000][gc,phases   ] GC(1041)   Evacuate Collection Set: 9.1ms
[2025-12-25T06:29:58.917+0000][gc,phases   ] GC(1041)   Post Evacuate Collection Set: 1.0ms
[2025-12-25T06:29:58.917+0000][gc,phases   ] GC(1041)   Other: 0.4ms
[2025-12-25T06:29:58.917+0000][gc,heap     ] GC(1041) Eden regions: 607->0(606)
[2025-12-25T06:29:58.917+0000][gc,heap     ] GC(1041) Survivor regions: 7->8(77)
[2025-12-25T06:29:58.917+0000][gc,heap     ] GC(1041) Old regions: 102->102
[2025-12-25T06:29:58.917+0000][gc,heap     ] GC(1041) Humongous regions: 151->151
[2025-12-25T06:29:58.917+0000][gc,metaspace] GC(1041) Metaspace: 16628K(17024K)->16628K(17024K) NonClass: 14840K(14976K)->14840K(14976K) Class: 1787K(2048K)->1787K(2048K)
[2025-12-25T06:29:58.918+0000][gc          ] GC(1041) Pause Young (Normal) (G1 Evacuation Pause) 865M->260M(1024M) 13.475ms
[2025-12-25T06:29:58.918+0000][gc,cpu      ] GC(1041) User=0.08s Sys=0.00s Real=0.02s
[2025-12-25T06:30:38.503+0000][gc,start    ] GC(1042) Pause Young (Normal) (G1 Evacuation Pause)
[2025-12-25T06:30:38.506+0000][gc,task     ] GC(1042) Using 8 workers of 8 for evacuation
[2025-12-25T06:30:38.534+0000][gc,phases   ] GC(1042)   Pre Evacuate Collection Set: 3.6ms
[2025-12-25T06:30:38.535+0000][gc,phases   ] GC(1042)   Merge Heap Roots: 0.5ms
[2025-12-25T06:30:38.535+0000][gc,phases   ] GC(1042)   Evacuate Collection Set: 18.9ms
[2025-12-25T06:30:38.535+0000][gc,phases   ] GC(1042)   Post Evacuate Collection Set: 5.4ms
[2025-12-25T06:30:38.535+0000][gc,phases   ] GC(1042)   Other: 1.1ms
[2025-12-25T06:30:38.535+0000][gc,heap     ] GC(1042) Eden regions: 606->0(607)
[2025-12-25T06:30:38.535+0000][gc,heap     ] GC(1042) Survivor regions: 8->7(77)
[2025-12-25T06:30:38.535+0000][gc,heap     ] GC(1042) Old regions: 102->102
[2025-12-25T06:30:38.535+0000][gc,heap     ] GC(1042) Humongous regions: 151->151
[2025-12-25T06:30:38.535+0000][gc,metaspace] GC(1042) Metaspace: 16628K(17024K)->16628K(17024K) NonClass: 14840K(14976K)->14840K(14976K) Class: 1787K(2048K)->1787K(2048K)
[2025-12-25T06:30:38.535+0000][gc          ] GC(1042) Pause Young (Normal) (G1 Evacuation Pause) 866M->258M(1024M) 32.665ms
[2025-12-25T06:30:38.536+0000][gc,cpu      ] GC(1042) User=0.14s Sys=0.01s Real=0.04s
[2025-12-25T06:31:08.648+0000][gc,start    ] GC(1043) Pause Young (Normal) (G1 Evacuation Pause)
[2025-12-25T06:31:08.649+0000][gc,task     ] GC(1043) Using 8 workers of 8 for evacuation
[2025-12-25T06:31:08.662+0000][gc,phases   ] GC(1043)   Pre Evacuate Collection Set: 1.0ms
[2025-12-25T06:31:08.662+0000][gc,phases   ] GC(1043)   Merge Heap Roots: 0.2ms
[2025-12-25T06:31:08.662+0000][gc,phases   ] GC(1043)   Evacuate Collection Set: 8.2ms
[2025-12-25T06:31:08.662+0000][gc,phases   ] GC(1043)   Post Evacuate Collection Set: 2.9ms
[2025-12-25T06:31:08.662+0000][gc,phases   ] GC(1043)   Other: 0.2ms
[2025-12-25T06:31:08.662+0000][gc,heap     ] GC(1043) Eden regions: 607->0(609)
[2025-12-25T06:31:08.662+0000][gc,heap     ] GC(1043) Survivor regions: 7->5(77)
[2025-12-25T06:31:08.662+0000][gc,heap     ] GC(1043) Old regions: 102->102
[2025-12-25T06:31:08.662+0000][gc,heap     ] GC(1043) Humongous regions: 151->151
[2025-12-25T06:31:08.662+0000][gc,metaspace] GC(1043) Metaspace: 16628K(17024K)->16628K(17024K) NonClass: 14840K(14976K)->14840K(14976K) Class: 1787K(2048K)->1787K(2048K)
[2025-12-25T06:31:08.662+0000][gc          ] GC(1043) Pause Young (Normal) (G1 Evacuation Pause) 865M->257M(1024M) 13.972ms
[2025-12-25T06:31:08.662+0000][gc,cpu      ] GC(1043) User=0.07s Sys=0.00s Real=0.01s
[2025-12-25T06:31:38.827+0000][gc,start    ] GC(1044) Pause Young (Normal) (G1 Evacuation Pause)
[2025-12-25T06:31:38.828+0000][gc,task     ] GC(1044) Using 8 workers of 8 for evacuation
[2025-12-25T06:31:38.838+0000][gc,phases   ] GC(1044)   Pre Evacuate Collection Set: 1.1ms
[2025-12-25T06:31:38.838+0000][gc,phases   ] GC(1044)   Merge Heap Roots: 0.2ms
[2025-12-25T06:31:38.838+0000][gc,phases   ] GC(1044)   Evacuate Collection Set: 6.7ms
[2025-12-25T06:31:38.838+0000][gc,phases   ] GC(1044)   Post Evacuate Collection Set: 1.8ms
[2025-12-25T06:31:38.838+0000][gc,phases   ] GC(1044)   Other: 0.2ms
[2025-12-25T06:31:38.838+0000][gc,heap     ] GC(1044) Eden regions: 609->0(607)
[2025-12-25T06:31:38.838+0000][gc,heap     ] GC(1044) Survivor regions: 5->7(77)
[2025-12-25T06:31:38.838+0000][gc,heap     ] GC(1044) Old regions: 102->102
[2025-12-25T06:31:38.839+0000][gc,heap     ] GC(1044) Humongous regions: 151->151
[2025-12-25T06:31:38.839+0000][gc,metaspace] GC(1044) Metaspace: 16628K(17024K)->16628K(17024K) NonClass: 14840K(14976K)->14840K(14976K) Class: 1787K(2048K)->1787K(2048K)
[2025-12-25T06:31:38.839+0000][gc          ] GC(1044) Pause Young (Normal) (G1 Evacuation Pause) 866M->258M(1024M) 11.915ms
[2025-12-25T06:31:38.839+0000][gc,cpu      ] GC(1044) User=0.06s Sys=0.00s Real=0.01s
[2025-12-25T06:32:08.988+0000][gc,start    ] GC(1045) Pause Young (Normal) (G1 Evacuation Pause)
[2025-12-25T06:32:08.988+0000][gc,task     ] GC(1045) Using 8 workers of 8 for evacuation
[2025-12-25T06:32:09.000+0000][gc,phases   ] GC(1045)   Pre Evacuate Collection Set: 1.2ms
[2025-12-25T06:32:09.000+0000][gc,phases   ] GC(1045)   Merge Heap Roots: 0.2ms
[2025-12-25T06:32:09.000+0000][gc,phases   ] GC(1045)   Evacuate Collection Set: 8.3ms
[2025-12-25T06:32:09.000+0000][gc,phases   ] GC(1045)   Post Evacuate Collection Set: 1.4ms
[2025-12-25T06:32:09.001+0000][gc,phases   ] GC(1045)   Other: 0.4ms
[2025-12-25T06:32:09.001+0000][gc,heap     ] GC(1045) Eden regions: 607->0(605)
[2025-12-25T06:32:09.001+0000][gc,heap     ] GC(1045) Survivor regions: 7->9(77)
[2025-12-25T06:32:09.001+0000][gc,heap     ] GC(1045) Old regions: 102->102
[2025-12-25T06:32:09.001+0000][gc,heap     ] GC(1045) Humongous regions: 151->151
[2025-12-25T06:32:09.002+0000][gc,metaspace] GC(1045) Metaspace: 16628K(17024K)->16628K(17024K) NonClass: 14840K(14976K)->14840K(14976K) Class: 1787K(2048K)->1787K(2048K)
[2025-12-25T06:32:09.003+0000][gc          ] GC(1045) Pause Young (Normal) (G1 Evacuation Pause) 865M->260M(1024M) 15.460ms
[2025-12-25T06:32:09.003+0000][gc,cpu      ] GC(1045) User=0.06s Sys=0.01s Real=0.01s
[2025-12-25T06:32:48.537+0000][gc,start    ] GC(1046) Pause Young (Normal) (G1 Evacuation Pause)
[2025-12-25T06:32:48.537+0000][gc,task     ] GC(1046) Using 8 workers of 8 for evacuation
[2025-12-25T06:32:48.559+0000][gc,phases   ] GC(1046)   Pre Evacuate Collection Set: 4.2ms
[2025-12-25T06:32:48.559+0000][gc,phases   ] GC(1046)   Merge Heap Roots: 1.7ms
[2025-12-25T06:32:48.559+0000][gc,phases   ] GC(1046)   Evacuate Collection Set: 14.0ms
[2025-12-25T06:32:48.559+0000][gc,phases   ] GC(1046)   Post Evacuate Collection Set: 1.2ms
[2025-12-25T06:32:48.559+0000][gc,phases   ] GC(1046)   Other: 0.7ms
[2025-12-25T06:32:48.559+0000][gc,heap     ] GC(1046) Eden regions: 605->0(606)
[2025-12-25T06:32:48.559+0000][gc,heap     ] GC(1046) Survivor regions: 9->8(77)
[2025-12-25T06:32:48.559+0000][gc,heap     ] GC(1046) Old regions: 102->102
[2025-12-25T06:32:48.559+0000][gc,heap     ] GC(1046) Humongous regions: 151->151
[2025-12-25T06:32:48.559+0000][gc,metaspace] GC(1046) Metaspace: 16628K(17024K)->16628K(17024K) NonClass: 14840K(14976K)->14840K(14976K) Class: 1787K(2048K)->1787K(2048K)
[2025-12-25T06:32:48.559+0000][gc          ] GC(1046) Pause Young (Normal) (G1 Evacuation Pause) 865M->260M(1024M) 22.804ms
[2025-12-25T06:32:48.560+0000][gc,cpu      ] GC(1046) User=0.14s Sys=0.00s Real=0.02s
[2025-12-25T06:33:18.692+0000][gc,start    ] GC(1047) Pause Young (Normal) (G1 Evacuation Pause)
[2025-12-25T06:33:18.692+0000][gc,task     ] GC(1047) Using 8 workers of 8 for evacuation
[2025-12-25T06:33:18.712+0000][gc,phases   ] GC(1047)   Pre Evacuate Collection Set: 1.5ms
[2025-12-25T06:33:18.712+0000][gc,phases   ] GC(1047)   Merge Heap Roots: 0.3ms
[2025-12-25T06:33:18.712+0000][gc,phases   ] GC(1047)   Evacuate Collection Set: 16.6ms
[2025-12-25T06:33:18.712+0000][gc,phases   ] GC(1047)   Post Evacuate Collection Set: 1.1ms
[2025-12-25T06:33:18.712+0000][gc,phases   ] GC(1047)   Other: 0.3ms
[2025-12-25T06:33:18.712+0000][gc,heap     ] GC(1047) Eden regions: 606->0(605)
[2025-12-25T06:33:18.712+0000][gc,heap     ] GC(1047) Survivor regions: 8->9(77)
[2025-12-25T06:33:18.712+0000][gc,heap     ] GC(1047) Old regions: 102->102
[2025-12-25T06:33:18.712+0000][gc,heap     ] GC(1047) Humongous regions: 151->151
[2025-12-25T06:33:18.712+0000][gc,metaspace] GC(1047) Metaspace: 16629K(17024K)->16629K(17024K) NonClass: 14841K(14976K)->14841K(14976K) Class: 1787K(2048K)->1787K(2048K)
[2025-12-25T06:33:18.712+0000][gc          ] GC(1047) Pause Young (Normal) (G1 Evacuation Pause) 866M->261M(1024M) 20.807ms
[2025-12-25T06:33:18.713+0000][gc,cpu      ] GC(1047) User=0.13s Sys=0.00s Real=0.02s
[2025-12-25T06:33:48.861+0000][gc,start    ] GC(1048) Pause Young (Normal) (G1 Evacuation Pause)
[2025-12-25T06:33:48.862+0000][gc,task     ] GC(1048) Using 8 workers of 8 for evacuation
[2025-12-25T06:33:48.879+0000][gc,phases   ] GC(1048)   Pre Evacuate Collection Set: 1.4ms
[2025-12-25T06:33:48.879+0000][gc,phases   ] GC(1048)   Merge Heap Roots: 0.3ms
[2025-12-25T06:33:48.879+0000][gc,phases   ] GC(1048)   Evacuate Collection Set: 12.8ms
[2025-12-25T06:33:48.879+0000][gc,phases   ] GC(1048)   Post Evacuate Collection Set: 2.1ms
[2025-12-25T06:33:48.879+0000][gc,phases   ] GC(1048)   Other: 0.2ms
[2025-12-25T06:33:48.879+0000][gc,heap     ] GC(1048) Eden regions: 605->0(604)
[2025-12-25T06:33:48.879+0000][gc,heap     ] GC(1048) Survivor regions: 9->10(77)
[2025-12-25T06:33:48.879+0000][gc,heap     ] GC(1048) Old regions: 102->103
[2025-12-25T06:33:48.879+0000][gc,heap     ] GC(1048) Humongous regions: 151->151
[2025-12-25T06:33:48.879+0000][gc,metaspace] GC(1048) Metaspace: 16629K(17024K)->16629K(17024K) NonClass: 14841K(14976K)->14841K(14976K) Class: 1787K(2048K)->1787K(2048K)
[2025-12-25T06:33:48.879+0000][gc          ] GC(1048) Pause Young (Normal) (G1 Evacuation Pause) 866M->263M(1024M) 17.838ms
[2025-12-25T06:33:48.879+0000][gc,cpu      ] GC(1048) User=0.10s Sys=0.00s Real=0.02s
[2025-12-25T06:34:19.002+0000][gc,start    ] GC(1049) Pause Young (Normal) (G1 Evacuation Pause)
[2025-12-25T06:34:19.003+0000][gc,task     ] GC(1049) Using 8 workers of 8 for evacuation
[2025-12-25T06:34:19.015+0000][gc,phases   ] GC(1049)   Pre Evacuate Collection Set: 1.2ms
[2025-12-25T06:34:19.015+0000][gc,phases   ] GC(1049)   Merge Heap Roots: 0.3ms
[2025-12-25T06:34:19.015+0000][gc,phases   ] GC(1049)   Evacuate Collection Set: 9.2ms
[2025-12-25T06:34:19.015+0000][gc,phases   ] GC(1049)   Post Evacuate Collection Set: 1.1ms
[2025-12-25T06:34:19.015+0000][gc,phases   ] GC(1049)   Other: 0.2ms
[2025-12-25T06:34:19.015+0000][gc,heap     ] GC(1049) Eden regions: 604->0(606)
[2025-12-25T06:34:19.015+0000][gc,heap     ] GC(1049) Survivor regions: 10->8(77)
[2025-12-25T06:34:19.015+0000][gc,heap     ] GC(1049) Old regions: 103->103
[2025-12-25T06:34:19.015+0000][gc,heap     ] GC(1049) Humongous regions: 151->151
[2025-12-25T06:34:19.015+0000][gc,metaspace] GC(1049) Metaspace: 16629K(17024K)->16629K(17024K) NonClass: 14841K(14976K)->14841K(14976K) Class: 1787K(2048K)->1787K(2048K)
[2025-12-25T06:34:19.015+0000][gc          ] GC(1049) Pause Young (Normal) (G1 Evacuation Pause) 867M->261M(1024M) 12.892ms
[2025-12-25T06:34:19.015+0000][gc,cpu      ] GC(1049) User=0.08s Sys=0.00s Real=0.02s
[2025-12-25T06:34:58.553+0000][gc,start    ] GC(1050) Pause Young (Normal) (G1 Evacuation Pause)
[2025-12-25T06:34:58.554+0000][gc,task     ] GC(1050) Using 8 workers of 8 for evacuation
[2025-12-25T06:34:58.571+0000][gc,phases   ] GC(1050)   Pre Evacuate Collection Set: 1.4ms
[2025-12-25T06:34:58.572+0000][gc,phases   ] GC(1050)   Merge Heap Roots: 3.0ms
[2025-12-25T06:34:58.572+0000][gc,phases   ] GC(1050)   Evacuate Collection Set: 9.5ms
[2025-12-25T06:34:58.572+0000][gc,phases   ] GC(1050)   Post Evacuate Collection Set: 2.2ms
[2025-12-25T06:34:58.572+0000][gc,phases   ] GC(1050)   Other: 1.1ms
[2025-12-25T06:34:58.572+0000][gc,heap     ] GC(1050) Eden regions: 606->0(607)
[2025-12-25T06:34:58.572+0000][gc,heap     ] GC(1050) Survivor regions: 8->7(77)
[2025-12-25T06:34:58.572+0000][gc,heap     ] GC(1050) Old regions: 103->103
[2025-12-25T06:34:58.572+0000][gc,heap     ] GC(1050) Humongous regions: 151->151
[2025-12-25T06:34:58.572+0000][gc,metaspace] GC(1050) Metaspace: 16629K(17024K)->16629K(17024K) NonClass: 14841K(14976K)->14841K(14976K) Class: 1787K(2048K)->1787K(2048K)
[2025-12-25T06:34:58.572+0000][gc          ] GC(1050) Pause Young (Normal) (G1 Evacuation Pause) 867M->260M(1024M) 19.102ms
[2025-12-25T06:34:58.572+0000][gc,cpu      ] GC(1050) User=0.09s Sys=0.00s Real=0.02s
[2025-12-25T06:35:28.692+0000][gc,start    ] GC(1051) Pause Young (Normal) (G1 Evacuation Pause)
[2025-12-25T06:35:28.692+0000][gc,task     ] GC(1051) Using 8 workers of 8 for evacuation
[2025-12-25T06:35:28.708+0000][gc,phases   ] GC(1051)   Pre Evacuate Collection Set: 1.2ms
[2025-12-25T06:35:28.708+0000][gc,phases   ] GC(1051)   Merge Heap Roots: 0.3ms
[2025-12-25T06:35:28.708+0000][gc,phases   ] GC(1051)   Evacuate Collection Set: 13.3ms
[2025-12-25T06:35:28.709+0000][gc,phases   ] GC(1051)   Post Evacuate Collection Set: 0.9ms
[2025-12-25T06:35:28.709+0000][gc,phases   ] GC(1051)   Other: 0.2ms
[2025-12-25T06:35:28.709+0000][gc,heap     ] GC(1051) Eden regions: 607->0(605)
[2025-12-25T06:35:28.709+0000][gc,heap     ] GC(1051) Survivor regions: 7->9(77)
[2025-12-25T06:35:28.709+0000][gc,heap     ] GC(1051) Old regions: 103->103
[2025-12-25T06:35:28.709+0000][gc,heap     ] GC(1051) Humongous regions: 151->151
[2025-12-25T06:35:28.709+0000][gc,metaspace] GC(1051) Metaspace: 16629K(17024K)->16629K(17024K) NonClass: 14841K(14976K)->14841K(14976K) Class: 1787K(2048K)->1787K(2048K)
[2025-12-25T06:35:28.709+0000][gc          ] GC(1051) Pause Young (Normal) (G1 Evacuation Pause) 867M->262M(1024M) 16.963ms
[2025-12-25T06:35:28.709+0000][gc,cpu      ] GC(1051) User=0.10s Sys=0.01s Real=0.01s
[2025-12-25T06:35:58.888+0000][gc,start    ] GC(1052) Pause Young (Normal) (G1 Evacuation Pause)
[2025-12-25T06:35:58.889+0000][gc,task     ] GC(1052) Using 8 workers of 8 for evacuation
[2025-12-25T06:35:58.909+0000][gc,phases   ] GC(1052)   Pre Evacuate Collection Set: 1.0ms
[2025-12-25T06:35:58.909+0000][gc,phases   ] GC(1052)   Merge Heap Roots: 0.3ms
[2025-12-25T06:35:58.909+0000][gc,phases   ] GC(1052)   Evacuate Collection Set: 17.2ms
[2025-12-25T06:35:58.909+0000][gc,phases   ] GC(1052)   Post Evacuate Collection Set: 1.1ms
[2025-12-25T06:35:58.909+0000][gc,phases   ] GC(1052)   Other: 0.2ms
[2025-12-25T06:35:58.909+0000][gc,heap     ] GC(1052) Eden regions: 605->0(604)
[2025-12-25T06:35:58.909+0000][gc,heap     ] GC(1052) Survivor regions: 9->10(77)
[2025-12-25T06:35:58.909+0000][gc,heap     ] GC(1052) Old regions: 103->104
[2025-12-25T06:35:58.909+0000][gc,heap     ] GC(1052) Humongous regions: 151->151
[2025-12-25T06:35:58.909+0000][gc,metaspace] GC(1052) Metaspace: 16629K(17024K)->16629K(17024K) NonClass: 14841K(14976K)->14841K(14976K) Class: 1787K(2048K)->1787K(2048K)
[2025-12-25T06:35:58.909+0000][gc          ] GC(1052) Pause Young (Normal) (G1 Evacuation Pause) 867M->263M(1024M) 21.575ms
[2025-12-25T06:35:58.909+0000][gc,cpu      ] GC(1052) User=0.14s Sys=0.00s Real=0.02s
[2025-12-25T06:36:29.019+0000][gc,start    ] GC(1053) Pause Young (Normal) (G1 Evacuation Pause)
[2025-12-25T06:36:29.020+0000][gc,task     ] GC(1053) Using 8 workers of 8 for evacuation
[2025-12-25T06:36:29.033+0000][gc,phases   ] GC(1053)   Pre Evacuate Collection Set: 1.1ms
[2025-12-25T06:36:29.033+0000][gc,phases   ] GC(1053)   Merge Heap Roots: 0.3ms
[2025-12-25T06:36:29.033+0000][gc,phases   ] GC(1053)   Evacuate Collection Set: 10.2ms
[2025-12-25T06:36:29.033+0000][gc,phases   ] GC(1053)   Post Evacuate Collection Set: 1.0ms
[2025-12-25T06:36:29.033+0000][gc,phases   ] GC(1053)   Other: 0.2ms
[2025-12-25T06:36:29.033+0000][gc,heap     ] GC(1053) Eden regions: 604->0(603)
[2025-12-25T06:36:29.034+0000][gc,heap     ] GC(1053) Survivor regions: 10->11(77)
[2025-12-25T06:36:29.034+0000][gc,heap     ] GC(1053) Old regions: 104->104
[2025-12-25T06:36:29.034+0000][gc,heap     ] GC(1053) Humongous regions: 151->151
[2025-12-25T06:36:29.034+0000][gc,metaspace] GC(1053) Metaspace: 16629K(17024K)->16629K(17024K) NonClass: 14841K(14976K)->14841K(14976K) Class: 1787K(2048K)->1787K(2048K)
[2025-12-25T06:36:29.034+0000][gc          ] GC(1053) Pause Young (Normal) (G1 Evacuation Pause) 867M->264M(1024M) 14.558ms
[2025-12-25T06:36:29.034+0000][gc,cpu      ] GC(1053) User=0.09s Sys=0.00s Real=0.02s
[2025-12-25T06:37:08.590+0000][gc,start    ] GC(1054) Pause Young (Normal) (G1 Evacuation Pause)
[2025-12-25T06:37:08.591+0000][gc,task     ] GC(1054) Using 8 workers of 8 for evacuation
[2025-12-25T06:37:08.610+0000][gc,phases   ] GC(1054)   Pre Evacuate Collection Set: 1.1ms
[2025-12-25T06:37:08.610+0000][gc,phases   ] GC(1054)   Merge Heap Roots: 0.3ms
[2025-12-25T06:37:08.610+0000][gc,phases   ] GC(1054)   Evacuate Collection Set: 15.8ms
[2025-12-25T06:37:08.610+0000][gc,phases   ] GC(1054)   Post Evacuate Collection Set: 1.1ms
[2025-12-25T06:37:08.610+0000][gc,phases   ] GC(1054)   Other: 0.2ms
[2025-12-25T06:37:08.610+0000][gc,heap     ] GC(1054) Eden regions: 603->0(607)
[2025-12-25T06:37:08.610+0000][gc,heap     ] GC(1054) Survivor regions: 11->7(77)
[2025-12-25T06:37:08.610+0000][gc,heap     ] GC(1054) Old regions: 104->104
[2025-12-25T06:37:08.610+0000][gc,heap     ] GC(1054) Humongous regions: 151->151
[2025-12-25T06:37:08.610+0000][gc,metaspace] GC(1054) Metaspace: 16629K(17024K)->16629K(17024K) NonClass: 14841K(14976K)->14841K(14976K) Class: 1787K(2048K)->1787K(2048K)
[2025-12-25T06:37:08.610+0000][gc          ] GC(1054) Pause Young (Normal) (G1 Evacuation Pause) 867M->261M(1024M) 19.808ms
[2025-12-25T06:37:08.610+0000][gc,cpu      ] GC(1054) User=0.11s Sys=0.01s Real=0.02s
[2025-12-25T06:37:38.723+0000][gc,start    ] GC(1055) Pause Young (Normal) (G1 Evacuation Pause)
[2025-12-25T06:37:38.723+0000][gc,task     ] GC(1055) Using 8 workers of 8 for evacuation
[2025-12-25T06:37:38.738+0000][gc,phases   ] GC(1055)   Pre Evacuate Collection Set: 2.2ms
[2025-12-25T06:37:38.739+0000][gc,phases   ] GC(1055)   Merge Heap Roots: 0.7ms
[2025-12-25T06:37:38.739+0000][gc,phases   ] GC(1055)   Evacuate Collection Set: 9.7ms
[2025-12-25T06:37:38.739+0000][gc,phases   ] GC(1055)   Post Evacuate Collection Set: 2.1ms
[2025-12-25T06:37:38.739+0000][gc,phases   ] GC(1055)   Other: 0.4ms
[2025-12-25T06:37:38.739+0000][gc,heap     ] GC(1055) Eden regions: 607->0(606)
[2025-12-25T06:37:38.739+0000][gc,heap     ] GC(1055) Survivor regions: 7->8(77)
[2025-12-25T06:37:38.739+0000][gc,heap     ] GC(1055) Old regions: 104->105
[2025-12-25T06:37:38.739+0000][gc,heap     ] GC(1055) Humongous regions: 151->151
[2025-12-25T06:37:38.739+0000][gc,metaspace] GC(1055) Metaspace: 16629K(17024K)->16629K(17024K) NonClass: 14841K(14976K)->14841K(14976K) Class: 1787K(2048K)->1787K(2048K)
[2025-12-25T06:37:38.739+0000][gc          ] GC(1055) Pause Young (Normal) (G1 Evacuation Pause) 868M->262M(1024M) 16.288ms
[2025-12-25T06:37:38.739+0000][gc,cpu      ] GC(1055) User=0.09s Sys=0.01s Real=0.01s
[2025-12-25T06:38:08.908+0000][gc,start    ] GC(1056) Pause Young (Normal) (G1 Evacuation Pause)
[2025-12-25T06:38:08.908+0000][gc,task     ] GC(1056) Using 8 workers of 8 for evacuation
[2025-12-25T06:38:08.918+0000][gc,phases   ] GC(1056)   Pre Evacuate Collection Set: 1.0ms
[2025-12-25T06:38:08.918+0000][gc,phases   ] GC(1056)   Merge Heap Roots: 0.3ms
[2025-12-25T06:38:08.918+0000][gc,phases   ] GC(1056)   Evacuate Collection Set: 7.4ms
[2025-12-25T06:38:08.919+0000][gc,phases   ] GC(1056)   Post Evacuate Collection Set: 1.0ms
[2025-12-25T06:38:08.919+0000][gc,phases   ] GC(1056)   Other: 0.2ms
[2025-12-25T06:38:08.919+0000][gc,heap     ] GC(1056) Eden regions: 606->0(604)
[2025-12-25T06:38:08.919+0000][gc,heap     ] GC(1056) Survivor regions: 8->10(77)
[2025-12-25T06:38:08.919+0000][gc,heap     ] GC(1056) Old regions: 105->105
[2025-12-25T06:38:08.919+0000][gc,heap     ] GC(1056) Humongous regions: 151->151
[2025-12-25T06:38:08.919+0000][gc,metaspace] GC(1056) Metaspace: 16629K(17024K)->16629K(17024K) NonClass: 14841K(14976K)->14841K(14976K) Class: 1787K(2048K)->1787K(2048K)
[2025-12-25T06:38:08.919+0000][gc          ] GC(1056) Pause Young (Normal) (G1 Evacuation Pause) 868M->264M(1024M) 10.818ms
[2025-12-25T06:38:08.919+0000][gc,cpu      ] GC(1056) User=0.07s Sys=0.00s Real=0.01s
[2025-12-25T06:38:39.002+0000][gc,start    ] GC(1057) Pause Young (Normal) (G1 Evacuation Pause)
[2025-12-25T06:38:39.003+0000][gc,task     ] GC(1057) Using 8 workers of 8 for evacuation
[2025-12-25T06:38:39.020+0000][gc,phases   ] GC(1057)   Pre Evacuate Collection Set: 2.0ms
[2025-12-25T06:38:39.020+0000][gc,phases   ] GC(1057)   Merge Heap Roots: 1.0ms
[2025-12-25T06:38:39.020+0000][gc,phases   ] GC(1057)   Evacuate Collection Set: 11.8ms
[2025-12-25T06:38:39.020+0000][gc,phases   ] GC(1057)   Post Evacuate Collection Set: 1.7ms
[2025-12-25T06:38:39.020+0000][gc,phases   ] GC(1057)   Other: 0.6ms
[2025-12-25T06:38:39.020+0000][gc,heap     ] GC(1057) Eden regions: 604->0(603)
[2025-12-25T06:38:39.020+0000][gc,heap     ] GC(1057) Survivor regions: 10->11(77)
[2025-12-25T06:38:39.020+0000][gc,heap     ] GC(1057) Old regions: 105->105
[2025-12-25T06:38:39.020+0000][gc,heap     ] GC(1057) Humongous regions: 151->151
[2025-12-25T06:38:39.021+0000][gc,metaspace] GC(1057) Metaspace: 16629K(17024K)->16629K(17024K) NonClass: 14841K(14976K)->14841K(14976K) Class: 1787K(2048K)->1787K(2048K)
[2025-12-25T06:38:39.021+0000][gc          ] GC(1057) Pause Young (Normal) (G1 Evacuation Pause) 868M->266M(1024M) 18.864ms
[2025-12-25T06:38:39.021+0000][gc,cpu      ] GC(1057) User=0.10s Sys=0.01s Real=0.02s
[2025-12-25T06:39:18.586+0000][gc,start    ] GC(1058) Pause Young (Normal) (G1 Evacuation Pause)
[2025-12-25T06:39:18.586+0000][gc,task     ] GC(1058) Using 8 workers of 8 for evacuation
[2025-12-25T06:39:18.602+0000][gc,phases   ] GC(1058)   Pre Evacuate Collection Set: 1.2ms
[2025-12-25T06:39:18.602+0000][gc,phases   ] GC(1058)   Merge Heap Roots: 0.3ms
[2025-12-25T06:39:18.602+0000][gc,phases   ] GC(1058)   Evacuate Collection Set: 12.6ms
[2025-12-25T06:39:18.603+0000][gc,phases   ] GC(1058)   Post Evacuate Collection Set: 1.5ms
[2025-12-25T06:39:18.603+0000][gc,phases   ] GC(1058)   Other: 0.3ms
[2025-12-25T06:39:18.603+0000][gc,heap     ] GC(1058) Eden regions: 603->0(604)
[2025-12-25T06:39:18.603+0000][gc,heap     ] GC(1058) Survivor regions: 11->10(77)
[2025-12-25T06:39:18.603+0000][gc,heap     ] GC(1058) Old regions: 105->106
[2025-12-25T06:39:18.603+0000][gc,heap     ] GC(1058) Humongous regions: 151->151
[2025-12-25T06:39:18.603+0000][gc,metaspace] GC(1058) Metaspace: 16629K(17024K)->16629K(17024K) NonClass: 14841K(14976K)->14841K(14976K) Class: 1787K(2048K)->1787K(2048K)
[2025-12-25T06:39:18.603+0000][gc          ] GC(1058) Pause Young (Normal) (G1 Evacuation Pause) 869M->265M(1024M) 17.287ms
[2025-12-25T06:39:18.603+0000][gc,cpu      ] GC(1058) User=0.10s Sys=0.00s Real=0.02s
[2025-12-25T06:39:48.813+0000][gc,start    ] GC(1059) Pause Young (Normal) (G1 Evacuation Pause)
[2025-12-25T06:39:48.813+0000][gc,task     ] GC(1059) Using 8 workers of 8 for evacuation
[2025-12-25T06:39:48.830+0000][gc,phases   ] GC(1059)   Pre Evacuate Collection Set: 1.2ms
[2025-12-25T06:39:48.831+0000][gc,phases   ] GC(1059)   Merge Heap Roots: 0.4ms
[2025-12-25T06:39:48.831+0000][gc,phases   ] GC(1059)   Evacuate Collection Set: 14.4ms
[2025-12-25T06:39:48.831+0000][gc,phases   ] GC(1059)   Post Evacuate Collection Set: 1.0ms
[2025-12-25T06:39:48.831+0000][gc,phases   ] GC(1059)   Other: 0.3ms
[2025-12-25T06:39:48.831+0000][gc,heap     ] GC(1059) Eden regions: 604->0(607)
[2025-12-25T06:39:48.831+0000][gc,heap     ] GC(1059) Survivor regions: 10->7(77)
[2025-12-25T06:39:48.831+0000][gc,heap     ] GC(1059) Old regions: 106->106
[2025-12-25T06:39:48.831+0000][gc,heap     ] GC(1059) Humongous regions: 151->151
[2025-12-25T06:39:48.831+0000][gc,metaspace] GC(1059) Metaspace: 16629K(17024K)->16629K(17024K) NonClass: 14841K(14976K)->14841K(14976K) Class: 1787K(2048K)->1787K(2048K)
[2025-12-25T06:39:48.831+0000][gc          ] GC(1059) Pause Young (Normal) (G1 Evacuation Pause) 869M->263M(1024M) 18.568ms
[2025-12-25T06:39:48.831+0000][gc,cpu      ] GC(1059) User=0.12s Sys=0.00s Real=0.02s
[2025-12-25T06:40:18.944+0000][gc,start    ] GC(1060) Pause Young (Normal) (G1 Evacuation Pause)
[2025-12-25T06:40:18.945+0000][gc,task     ] GC(1060) Using 8 workers of 8 for evacuation
[2025-12-25T06:40:18.960+0000][gc,phases   ] GC(1060)   Pre Evacuate Collection Set: 2.4ms
[2025-12-25T06:40:18.960+0000][gc,phases   ] GC(1060)   Merge Heap Roots: 0.4ms
[2025-12-25T06:40:18.960+0000][gc,phases   ] GC(1060)   Evacuate Collection Set: 10.5ms
[2025-12-25T06:40:18.960+0000][gc,phases   ] GC(1060)   Post Evacuate Collection Set: 1.3ms
[2025-12-25T06:40:18.960+0000][gc,phases   ] GC(1060)   Other: 0.4ms
[2025-12-25T06:40:18.960+0000][gc,heap     ] GC(1060) Eden regions: 607->0(605)
[2025-12-25T06:40:18.960+0000][gc,heap     ] GC(1060) Survivor regions: 7->9(77)
[2025-12-25T06:40:18.960+0000][gc,heap     ] GC(1060) Old regions: 106->106
[2025-12-25T06:40:18.960+0000][gc,heap     ] GC(1060) Humongous regions: 151->151
[2025-12-25T06:40:18.960+0000][gc,metaspace] GC(1060) Metaspace: 16629K(17024K)->16629K(17024K) NonClass: 14841K(14976K)->14841K(14976K) Class: 1787K(2048K)->1787K(2048K)
[2025-12-25T06:40:18.960+0000][gc          ] GC(1060) Pause Young (Normal) (G1 Evacuation Pause) 870M->264M(1024M) 16.395ms
[2025-12-25T06:40:18.961+0000][gc,cpu      ] GC(1060) User=0.08s Sys=0.01s Real=0.02s
[2025-12-25T06:40:57.382+0000][gc,start    ] GC(1061) Pause Young (Normal) (G1 Evacuation Pause)
[2025-12-25T06:40:57.382+0000][gc,task     ] GC(1061) Using 8 workers of 8 for evacuation
[2025-12-25T06:40:57.406+0000][gc,phases   ] GC(1061)   Pre Evacuate Collection Set: 1.5ms
[2025-12-25T06:40:57.406+0000][gc,phases   ] GC(1061)   Merge Heap Roots: 0.5ms
[2025-12-25T06:40:57.406+0000][gc,phases   ] GC(1061)   Evacuate Collection Set: 20.1ms
[2025-12-25T06:40:57.406+0000][gc,phases   ] GC(1061)   Post Evacuate Collection Set: 1.3ms
[2025-12-25T06:40:57.406+0000][gc,phases   ] GC(1061)   Other: 0.5ms
[2025-12-25T06:40:57.406+0000][gc,heap     ] GC(1061) Eden regions: 605->0(607)
[2025-12-25T06:40:57.406+0000][gc,heap     ] GC(1061) Survivor regions: 9->7(77)
[2025-12-25T06:40:57.407+0000][gc,heap     ] GC(1061) Old regions: 106->107
[2025-12-25T06:40:57.407+0000][gc,heap     ] GC(1061) Humongous regions: 151->151
[2025-12-25T06:40:57.407+0000][gc,metaspace] GC(1061) Metaspace: 16629K(17024K)->16629K(17024K) NonClass: 14841K(14976K)->14841K(14976K) Class: 1787K(2048K)->1787K(2048K)
[2025-12-25T06:40:57.407+0000][gc          ] GC(1061) Pause Young (Normal) (G1 Evacuation Pause) 869M->264M(1024M) 25.166ms
[2025-12-25T06:40:57.407+0000][gc,cpu      ] GC(1061) User=0.15s Sys=0.00s Real=0.02s
[2025-12-25T06:41:28.626+0000][gc,start    ] GC(1062) Pause Young (Normal) (G1 Evacuation Pause)
[2025-12-25T06:41:28.627+0000][gc,task     ] GC(1062) Using 8 workers of 8 for evacuation
[2025-12-25T06:41:28.641+0000][gc,phases   ] GC(1062)   Pre Evacuate Collection Set: 1.3ms
[2025-12-25T06:41:28.641+0000][gc,phases   ] GC(1062)   Merge Heap Roots: 0.3ms
[2025-12-25T06:41:28.641+0000][gc,phases   ] GC(1062)   Evacuate Collection Set: 10.1ms
[2025-12-25T06:41:28.641+0000][gc,phases   ] GC(1062)   Post Evacuate Collection Set: 1.3ms
[2025-12-25T06:41:28.641+0000][gc,phases   ] GC(1062)   Other: 0.5ms
[2025-12-25T06:41:28.641+0000][gc,heap     ] GC(1062) Eden regions: 607->0(605)
[2025-12-25T06:41:28.641+0000][gc,heap     ] GC(1062) Survivor regions: 7->9(77)
[2025-12-25T06:41:28.641+0000][gc,heap     ] GC(1062) Old regions: 107->107
[2025-12-25T06:41:28.641+0000][gc,heap     ] GC(1062) Humongous regions: 151->151
[2025-12-25T06:41:28.641+0000][gc,metaspace] GC(1062) Metaspace: 16629K(17024K)->16629K(17024K) NonClass: 14841K(14976K)->14841K(14976K) Class: 1787K(2048K)->1787K(2048K)
[2025-12-25T06:41:28.642+0000][gc          ] GC(1062) Pause Young (Normal) (G1 Evacuation Pause) 871M->266M(1024M) 15.636ms
[2025-12-25T06:41:28.642+0000][gc,cpu      ] GC(1062) User=0.09s Sys=0.01s Real=0.02s
[2025-12-25T06:41:58.765+0000][gc,start    ] GC(1063) Pause Young (Normal) (G1 Evacuation Pause)
[2025-12-25T06:41:58.765+0000][gc,task     ] GC(1063) Using 8 workers of 8 for evacuation
[2025-12-25T06:41:58.785+0000][gc,phases   ] GC(1063)   Pre Evacuate Collection Set: 1.1ms
[2025-12-25T06:41:58.786+0000][gc,phases   ] GC(1063)   Merge Heap Roots: 0.3ms
[2025-12-25T06:41:58.786+0000][gc,phases   ] GC(1063)   Evacuate Collection Set: 17.4ms
[2025-12-25T06:41:58.786+0000][gc,phases   ] GC(1063)   Post Evacuate Collection Set: 1.1ms
[2025-12-25T06:41:58.786+0000][gc,phases   ] GC(1063)   Other: 0.2ms
[2025-12-25T06:41:58.786+0000][gc,heap     ] GC(1063) Eden regions: 605->0(604)
[2025-12-25T06:41:58.786+0000][gc,heap     ] GC(1063) Survivor regions: 9->10(77)
[2025-12-25T06:41:58.786+0000][gc,heap     ] GC(1063) Old regions: 107->107
[2025-12-25T06:41:58.786+0000][gc,heap     ] GC(1063) Humongous regions: 151->151
[2025-12-25T06:41:58.786+0000][gc,metaspace] GC(1063) Metaspace: 16629K(17024K)->16629K(17024K) NonClass: 14841K(14976K)->14841K(14976K) Class: 1787K(2048K)->1787K(2048K)
[2025-12-25T06:41:58.786+0000][gc          ] GC(1063) Pause Young (Normal) (G1 Evacuation Pause) 871M->267M(1024M) 21.241ms
[2025-12-25T06:41:58.786+0000][gc,cpu      ] GC(1063) User=0.13s Sys=0.01s Real=0.02s
[2025-12-25T06:42:28.924+0000][gc,start    ] GC(1064) Pause Young (Normal) (G1 Evacuation Pause)
[2025-12-25T06:42:28.925+0000][gc,task     ] GC(1064) Using 8 workers of 8 for evacuation
[2025-12-25T06:42:28.940+0000][gc,phases   ] GC(1064)   Pre Evacuate Collection Set: 1.2ms
[2025-12-25T06:42:28.940+0000][gc,phases   ] GC(1064)   Merge Heap Roots: 0.3ms
[2025-12-25T06:42:28.940+0000][gc,phases   ] GC(1064)   Evacuate Collection Set: 12.0ms
[2025-12-25T06:42:28.940+0000][gc,phases   ] GC(1064)   Post Evacuate Collection Set: 1.1ms
[2025-12-25T06:42:28.940+0000][gc,phases   ] GC(1064)   Other: 0.3ms
[2025-12-25T06:42:28.940+0000][gc,heap     ] GC(1064) Eden regions: 604->0(606)
[2025-12-25T06:42:28.940+0000][gc,heap     ] GC(1064) Survivor regions: 10->8(77)
[2025-12-25T06:42:28.940+0000][gc,heap     ] GC(1064) Old regions: 107->108
[2025-12-25T06:42:28.940+0000][gc,heap     ] GC(1064) Humongous regions: 151->151
[2025-12-25T06:42:28.940+0000][gc,metaspace] GC(1064) Metaspace: 16629K(17024K)->16629K(17024K) NonClass: 14841K(14976K)->14841K(14976K) Class: 1787K(2048K)->1787K(2048K)
[2025-12-25T06:42:28.940+0000][gc          ] GC(1064) Pause Young (Normal) (G1 Evacuation Pause) 871M->265M(1024M) 15.927ms
[2025-12-25T06:42:28.940+0000][gc,cpu      ] GC(1064) User=0.10s Sys=0.00s Real=0.02s
[2025-12-25T06:43:08.473+0000][gc,start    ] GC(1065) Pause Young (Normal) (G1 Evacuation Pause)
[2025-12-25T06:43:08.477+0000][gc,task     ] GC(1065) Using 8 workers of 8 for evacuation
[2025-12-25T06:43:08.506+0000][gc,phases   ] GC(1065)   Pre Evacuate Collection Set: 1.8ms
[2025-12-25T06:43:08.506+0000][gc,phases   ] GC(1065)   Merge Heap Roots: 0.6ms
[2025-12-25T06:43:08.506+0000][gc,phases   ] GC(1065)   Evacuate Collection Set: 23.6ms
[2025-12-25T06:43:08.506+0000][gc,phases   ] GC(1065)   Post Evacuate Collection Set: 1.9ms
[2025-12-25T06:43:08.506+0000][gc,phases   ] GC(1065)   Other: 0.7ms
[2025-12-25T06:43:08.507+0000][gc,heap     ] GC(1065) Eden regions: 606->0(607)
[2025-12-25T06:43:08.507+0000][gc,heap     ] GC(1065) Survivor regions: 8->7(77)
[2025-12-25T06:43:08.507+0000][gc,heap     ] GC(1065) Old regions: 108->108
[2025-12-25T06:43:08.507+0000][gc,heap     ] GC(1065) Humongous regions: 151->151
[2025-12-25T06:43:08.507+0000][gc,metaspace] GC(1065) Metaspace: 16629K(17024K)->16629K(17024K) NonClass: 14841K(14976K)->14841K(14976K) Class: 1787K(2048K)->1787K(2048K)
[2025-12-25T06:43:08.507+0000][gc          ] GC(1065) Pause Young (Normal) (G1 Evacuation Pause) 871M->264M(1024M) 33.976ms
[2025-12-25T06:43:08.508+0000][gc,cpu      ] GC(1065) User=0.20s Sys=0.01s Real=0.04s
[2025-12-25T06:43:39.208+0000][gc,start    ] GC(1066) Pause Young (Normal) (G1 Evacuation Pause)
[2025-12-25T06:43:39.209+0000][gc,task     ] GC(1066) Using 8 workers of 8 for evacuation
[2025-12-25T06:43:39.253+0000][gc,phases   ] GC(1066)   Pre Evacuate Collection Set: 5.5ms
[2025-12-25T06:43:39.253+0000][gc,phases   ] GC(1066)   Merge Heap Roots: 1.9ms
[2025-12-25T06:43:39.254+0000][gc,phases   ] GC(1066)   Evacuate Collection Set: 31.1ms
[2025-12-25T06:43:39.254+0000][gc,phases   ] GC(1066)   Post Evacuate Collection Set: 4.5ms
[2025-12-25T06:43:39.254+0000][gc,phases   ] GC(1066)   Other: 1.2ms
[2025-12-25T06:43:39.255+0000][gc,heap     ] GC(1066) Eden regions: 607->0(606)
[2025-12-25T06:43:39.255+0000][gc,heap     ] GC(1066) Survivor regions: 7->8(77)
[2025-12-25T06:43:39.255+0000][gc,heap     ] GC(1066) Old regions: 108->108
[2025-12-25T06:43:39.255+0000][gc,heap     ] GC(1066) Humongous regions: 151->151
[2025-12-25T06:43:39.256+0000][gc,metaspace] GC(1066) Metaspace: 16629K(17024K)->16629K(17024K) NonClass: 14841K(14976K)->14841K(14976K) Class: 1787K(2048K)->1787K(2048K)
[2025-12-25T06:43:39.256+0000][gc          ] GC(1066) Pause Young (Normal) (G1 Evacuation Pause) 871M->266M(1024M) 48.549ms
[2025-12-25T06:43:39.256+0000][gc,cpu      ] GC(1066) User=0.26s Sys=0.01s Real=0.05s
[2025-12-25T06:44:09.103+0000][gc,start    ] GC(1067) Pause Young (Normal) (G1 Evacuation Pause)
[2025-12-25T06:44:09.104+0000][gc,task     ] GC(1067) Using 8 workers of 8 for evacuation
[2025-12-25T06:44:09.140+0000][gc,phases   ] GC(1067)   Pre Evacuate Collection Set: 2.3ms
[2025-12-25T06:44:09.140+0000][gc,phases   ] GC(1067)   Merge Heap Roots: 0.9ms
[2025-12-25T06:44:09.140+0000][gc,phases   ] GC(1067)   Evacuate Collection Set: 26.4ms
[2025-12-25T06:44:09.140+0000][gc,phases   ] GC(1067)   Post Evacuate Collection Set: 5.1ms
[2025-12-25T06:44:09.140+0000][gc,phases   ] GC(1067)   Other: 1.1ms
[2025-12-25T06:44:09.141+0000][gc,heap     ] GC(1067) Eden regions: 606->0(604)
[2025-12-25T06:44:09.141+0000][gc,heap     ] GC(1067) Survivor regions: 8->10(77)
[2025-12-25T06:44:09.141+0000][gc,heap     ] GC(1067) Old regions: 108->109
[2025-12-25T06:44:09.141+0000][gc,heap     ] GC(1067) Humongous regions: 151->151
[2025-12-25T06:44:09.141+0000][gc,metaspace] GC(1067) Metaspace: 16629K(17024K)->16629K(17024K) NonClass: 14841K(14976K)->14841K(14976K) Class: 1787K(2048K)->1787K(2048K)
[2025-12-25T06:44:09.141+0000][gc          ] GC(1067) Pause Young (Normal) (G1 Evacuation Pause) 872M->268M(1024M) 38.608ms
[2025-12-25T06:44:09.142+0000][gc,cpu      ] GC(1067) User=0.24s Sys=0.00s Real=0.04s
[2025-12-25T06:44:39.007+0000][gc,start    ] GC(1068) Pause Young (Normal) (G1 Evacuation Pause)
[2025-12-25T06:44:39.008+0000][gc,task     ] GC(1068) Using 8 workers of 8 for evacuation
[2025-12-25T06:44:39.025+0000][gc,phases   ] GC(1068)   Pre Evacuate Collection Set: 1.3ms
[2025-12-25T06:44:39.025+0000][gc,phases   ] GC(1068)   Merge Heap Roots: 0.4ms
[2025-12-25T06:44:39.026+0000][gc,phases   ] GC(1068)   Evacuate Collection Set: 13.7ms
[2025-12-25T06:44:39.026+0000][gc,phases   ] GC(1068)   Post Evacuate Collection Set: 1.4ms
[2025-12-25T06:44:39.026+0000][gc,phases   ] GC(1068)   Other: 0.5ms
[2025-12-25T06:44:39.026+0000][gc,heap     ] GC(1068) Eden regions: 604->0(603)
[2025-12-25T06:44:39.026+0000][gc,heap     ] GC(1068) Survivor regions: 10->11(77)
[2025-12-25T06:44:39.026+0000][gc,heap     ] GC(1068) Old regions: 109->109
[2025-12-25T06:44:39.026+0000][gc,heap     ] GC(1068) Humongous regions: 151->151
[2025-12-25T06:44:39.026+0000][gc,metaspace] GC(1068) Metaspace: 16629K(17024K)->16629K(17024K) NonClass: 14841K(14976K)->14841K(14976K) Class: 1787K(2048K)->1787K(2048K)
[2025-12-25T06:44:39.026+0000][gc          ] GC(1068) Pause Young (Normal) (G1 Evacuation Pause) 872M->270M(1024M) 19.413ms
[2025-12-25T06:44:39.026+0000][gc,cpu      ] GC(1068) User=0.10s Sys=0.01s Real=0.02s
[2025-12-25T06:45:18.466+0000][gc,start    ] GC(1069) Pause Young (Normal) (G1 Evacuation Pause)
[2025-12-25T06:45:18.467+0000][gc,task     ] GC(1069) Using 8 workers of 8 for evacuation
[2025-12-25T06:45:18.478+0000][gc,phases   ] GC(1069)   Pre Evacuate Collection Set: 1.5ms
[2025-12-25T06:45:18.478+0000][gc,phases   ] GC(1069)   Merge Heap Roots: 0.4ms
[2025-12-25T06:45:18.478+0000][gc,phases   ] GC(1069)   Evacuate Collection Set: 7.7ms
[2025-12-25T06:45:18.478+0000][gc,phases   ] GC(1069)   Post Evacuate Collection Set: 1.2ms
[2025-12-25T06:45:18.478+0000][gc,phases   ] GC(1069)   Other: 0.3ms
[2025-12-25T06:45:18.478+0000][gc,heap     ] GC(1069) Eden regions: 603->0(608)
[2025-12-25T06:45:18.478+0000][gc,heap     ] GC(1069) Survivor regions: 11->6(77)
[2025-12-25T06:45:18.478+0000][gc,heap     ] GC(1069) Old regions: 109->109
[2025-12-25T06:45:18.478+0000][gc,heap     ] GC(1069) Humongous regions: 151->151
[2025-12-25T06:45:18.478+0000][gc,metaspace] GC(1069) Metaspace: 16629K(17024K)->16629K(17024K) NonClass: 14841K(14976K)->14841K(14976K) Class: 1787K(2048K)->1787K(2048K)
[2025-12-25T06:45:18.479+0000][gc          ] GC(1069) Pause Young (Normal) (G1 Evacuation Pause) 873M->265M(1024M) 12.795ms
[2025-12-25T06:45:18.479+0000][gc,cpu      ] GC(1069) User=0.07s Sys=0.01s Real=0.01s
[2025-12-25T06:45:48.619+0000][gc,start    ] GC(1070) Pause Young (Normal) (G1 Evacuation Pause)
[2025-12-25T06:45:48.619+0000][gc,task     ] GC(1070) Using 8 workers of 8 for evacuation
[2025-12-25T06:45:48.633+0000][gc,phases   ] GC(1070)   Pre Evacuate Collection Set: 1.3ms
[2025-12-25T06:45:48.633+0000][gc,phases   ] GC(1070)   Merge Heap Roots: 0.4ms
[2025-12-25T06:45:48.633+0000][gc,phases   ] GC(1070)   Evacuate Collection Set: 10.7ms
[2025-12-25T06:45:48.633+0000][gc,phases   ] GC(1070)   Post Evacuate Collection Set: 1.1ms
[2025-12-25T06:45:48.633+0000][gc,phases   ] GC(1070)   Other: 0.3ms
[2025-12-25T06:45:48.633+0000][gc,heap     ] GC(1070) Eden regions: 608->0(607)
[2025-12-25T06:45:48.633+0000][gc,heap     ] GC(1070) Survivor regions: 6->7(77)
[2025-12-25T06:45:48.633+0000][gc,heap     ] GC(1070) Old regions: 109->110
[2025-12-25T06:45:48.633+0000][gc,heap     ] GC(1070) Humongous regions: 151->151
[2025-12-25T06:45:48.633+0000][gc,metaspace] GC(1070) Metaspace: 16629K(17024K)->16629K(17024K) NonClass: 14841K(14976K)->14841K(14976K) Class: 1787K(2048K)->1787K(2048K)
[2025-12-25T06:45:48.634+0000][gc          ] GC(1070) Pause Young (Normal) (G1 Evacuation Pause) 873M->267M(1024M) 14.923ms
[2025-12-25T06:45:48.634+0000][gc,cpu      ] GC(1070) User=0.09s Sys=0.00s Real=0.01s
[2025-12-25T06:46:18.829+0000][gc,start    ] GC(1071) Pause Young (Normal) (G1 Evacuation Pause)
[2025-12-25T06:46:18.830+0000][gc,task     ] GC(1071) Using 8 workers of 8 for evacuation
[2025-12-25T06:46:18.848+0000][gc,phases   ] GC(1071)   Pre Evacuate Collection Set: 1.1ms
[2025-12-25T06:46:18.848+0000][gc,phases   ] GC(1071)   Merge Heap Roots: 0.6ms
[2025-12-25T06:46:18.848+0000][gc,phases   ] GC(1071)   Evacuate Collection Set: 13.4ms
[2025-12-25T06:46:18.848+0000][gc,phases   ] GC(1071)   Post Evacuate Collection Set: 2.5ms
[2025-12-25T06:46:18.848+0000][gc,phases   ] GC(1071)   Other: 0.3ms
[2025-12-25T06:46:18.848+0000][gc,heap     ] GC(1071) Eden regions: 607->0(605)
[2025-12-25T06:46:18.848+0000][gc,heap     ] GC(1071) Survivor regions: 7->9(77)
[2025-12-25T06:46:18.848+0000][gc,heap     ] GC(1071) Old regions: 110->110
[2025-12-25T06:46:18.848+0000][gc,heap     ] GC(1071) Humongous regions: 151->151
[2025-12-25T06:46:18.848+0000][gc,metaspace] GC(1071) Metaspace: 16629K(17024K)->16629K(17024K) NonClass: 14841K(14976K)->14841K(14976K) Class: 1787K(2048K)->1787K(2048K)
[2025-12-25T06:46:18.848+0000][gc          ] GC(1071) Pause Young (Normal) (G1 Evacuation Pause) 874M->268M(1024M) 19.229ms
[2025-12-25T06:46:18.849+0000][gc,cpu      ] GC(1071) User=0.07s Sys=0.00s Real=0.02s
[2025-12-25T06:46:48.934+0000][gc,start    ] GC(1072) Pause Young (Normal) (G1 Evacuation Pause)
[2025-12-25T06:46:48.935+0000][gc,task     ] GC(1072) Using 8 workers of 8 for evacuation
[2025-12-25T06:46:48.950+0000][gc,phases   ] GC(1072)   Pre Evacuate Collection Set: 1.2ms
[2025-12-25T06:46:48.950+0000][gc,phases   ] GC(1072)   Merge Heap Roots: 0.8ms
[2025-12-25T06:46:48.950+0000][gc,phases   ] GC(1072)   Evacuate Collection Set: 12.1ms
[2025-12-25T06:46:48.950+0000][gc,phases   ] GC(1072)   Post Evacuate Collection Set: 1.1ms
[2025-12-25T06:46:48.951+0000][gc,phases   ] GC(1072)   Other: 0.4ms
[2025-12-25T06:46:48.951+0000][gc,heap     ] GC(1072) Eden regions: 605->0(604)
[2025-12-25T06:46:48.951+0000][gc,heap     ] GC(1072) Survivor regions: 9->10(77)
[2025-12-25T06:46:48.951+0000][gc,heap     ] GC(1072) Old regions: 110->110
[2025-12-25T06:46:48.951+0000][gc,heap     ] GC(1072) Humongous regions: 151->151
[2025-12-25T06:46:48.951+0000][gc,metaspace] GC(1072) Metaspace: 16629K(17024K)->16629K(17024K) NonClass: 14841K(14976K)->14841K(14976K) Class: 1787K(2048K)->1787K(2048K)
[2025-12-25T06:46:48.951+0000][gc          ] GC(1072) Pause Young (Normal) (G1 Evacuation Pause) 873M->270M(1024M) 16.875ms
[2025-12-25T06:46:48.951+0000][gc,cpu      ] GC(1072) User=0.10s Sys=0.01s Real=0.02s
[2025-12-25T06:47:28.501+0000][gc,start    ] GC(1073) Pause Young (Normal) (G1 Evacuation Pause)
[2025-12-25T06:47:28.501+0000][gc,task     ] GC(1073) Using 8 workers of 8 for evacuation
[2025-12-25T06:47:28.520+0000][gc,phases   ] GC(1073)   Pre Evacuate Collection Set: 1.0ms
[2025-12-25T06:47:28.520+0000][gc,phases   ] GC(1073)   Merge Heap Roots: 0.4ms
[2025-12-25T06:47:28.520+0000][gc,phases   ] GC(1073)   Evacuate Collection Set: 16.2ms
[2025-12-25T06:47:28.521+0000][gc,phases   ] GC(1073)   Post Evacuate Collection Set: 1.0ms
[2025-12-25T06:47:28.521+0000][gc,phases   ] GC(1073)   Other: 0.3ms
[2025-12-25T06:47:28.521+0000][gc,heap     ] GC(1073) Eden regions: 604->0(605)
[2025-12-25T06:47:28.521+0000][gc,heap     ] GC(1073) Survivor regions: 10->9(77)
[2025-12-25T06:47:28.521+0000][gc,heap     ] GC(1073) Old regions: 110->111
[2025-12-25T06:47:28.521+0000][gc,heap     ] GC(1073) Humongous regions: 151->151
[2025-12-25T06:47:28.521+0000][gc,metaspace] GC(1073) Metaspace: 16629K(17024K)->16629K(17024K) NonClass: 14841K(14976K)->14841K(14976K) Class: 1787K(2048K)->1787K(2048K)
[2025-12-25T06:47:28.521+0000][gc          ] GC(1073) Pause Young (Normal) (G1 Evacuation Pause) 874M->269M(1024M) 20.411ms
[2025-12-25T06:47:28.521+0000][gc,cpu      ] GC(1073) User=0.13s Sys=0.00s Real=0.02s
[2025-12-25T06:47:58.634+0000][gc,start    ] GC(1074) Pause Young (Normal) (G1 Evacuation Pause)
[2025-12-25T06:47:58.635+0000][gc,task     ] GC(1074) Using 8 workers of 8 for evacuation
[2025-12-25T06:47:58.649+0000][gc,phases   ] GC(1074)   Pre Evacuate Collection Set: 4.4ms
[2025-12-25T06:47:58.649+0000][gc,phases   ] GC(1074)   Merge Heap Roots: 0.4ms
[2025-12-25T06:47:58.649+0000][gc,phases   ] GC(1074)   Evacuate Collection Set: 7.7ms
[2025-12-25T06:47:58.649+0000][gc,phases   ] GC(1074)   Post Evacuate Collection Set: 1.2ms
[2025-12-25T06:47:58.649+0000][gc,phases   ] GC(1074)   Other: 0.6ms
[2025-12-25T06:47:58.649+0000][gc,heap     ] GC(1074) Eden regions: 605->0(607)
[2025-12-25T06:47:58.649+0000][gc,heap     ] GC(1074) Survivor regions: 9->7(77)
[2025-12-25T06:47:58.649+0000][gc,heap     ] GC(1074) Old regions: 111->111
[2025-12-25T06:47:58.649+0000][gc,heap     ] GC(1074) Humongous regions: 151->151
[2025-12-25T06:47:58.649+0000][gc,metaspace] GC(1074) Metaspace: 16629K(17024K)->16629K(17024K) NonClass: 14841K(14976K)->14841K(14976K) Class: 1787K(2048K)->1787K(2048K)
[2025-12-25T06:47:58.650+0000][gc          ] GC(1074) Pause Young (Normal) (G1 Evacuation Pause) 874M->268M(1024M) 15.397ms
[2025-12-25T06:47:58.650+0000][gc,cpu      ] GC(1074) User=0.08s Sys=0.00s Real=0.02s
[2025-12-25T06:48:28.831+0000][gc,start    ] GC(1075) Pause Young (Normal) (G1 Evacuation Pause)
[2025-12-25T06:48:28.832+0000][gc,task     ] GC(1075) Using 8 workers of 8 for evacuation
[2025-12-25T06:48:28.848+0000][gc,phases   ] GC(1075)   Pre Evacuate Collection Set: 1.6ms
[2025-12-25T06:48:28.848+0000][gc,phases   ] GC(1075)   Merge Heap Roots: 0.9ms
[2025-12-25T06:48:28.848+0000][gc,phases   ] GC(1075)   Evacuate Collection Set: 11.4ms
[2025-12-25T06:48:28.848+0000][gc,phases   ] GC(1075)   Post Evacuate Collection Set: 1.2ms
[2025-12-25T06:48:28.848+0000][gc,phases   ] GC(1075)   Other: 0.3ms
[2025-12-25T06:48:28.848+0000][gc,heap     ] GC(1075) Eden regions: 607->0(606)
[2025-12-25T06:48:28.848+0000][gc,heap     ] GC(1075) Survivor regions: 7->8(77)
[2025-12-25T06:48:28.848+0000][gc,heap     ] GC(1075) Old regions: 111->111
[2025-12-25T06:48:28.848+0000][gc,heap     ] GC(1075) Humongous regions: 151->151
[2025-12-25T06:48:28.848+0000][gc,metaspace] GC(1075) Metaspace: 16629K(17024K)->16629K(17024K) NonClass: 14841K(14976K)->14841K(14976K) Class: 1787K(2048K)->1787K(2048K)
[2025-12-25T06:48:28.848+0000][gc          ] GC(1075) Pause Young (Normal) (G1 Evacuation Pause) 875M->269M(1024M) 17.168ms
[2025-12-25T06:48:28.848+0000][gc,cpu      ] GC(1075) User=0.10s Sys=0.00s Real=0.02s
[2025-12-25T06:48:58.934+0000][gc,start    ] GC(1076) Pause Young (Normal) (G1 Evacuation Pause)
[2025-12-25T06:48:58.936+0000][gc,task     ] GC(1076) Using 8 workers of 8 for evacuation
[2025-12-25T06:48:58.955+0000][gc,phases   ] GC(1076)   Pre Evacuate Collection Set: 1.2ms
[2025-12-25T06:48:58.955+0000][gc,phases   ] GC(1076)   Merge Heap Roots: 0.3ms
[2025-12-25T06:48:58.955+0000][gc,phases   ] GC(1076)   Evacuate Collection Set: 16.5ms
[2025-12-25T06:48:58.955+0000][gc,phases   ] GC(1076)   Post Evacuate Collection Set: 1.1ms
[2025-12-25T06:48:58.955+0000][gc,phases   ] GC(1076)   Other: 0.3ms
[2025-12-25T06:48:58.955+0000][gc,heap     ] GC(1076) Eden regions: 606->0(604)
[2025-12-25T06:48:58.955+0000][gc,heap     ] GC(1076) Survivor regions: 8->10(77)
[2025-12-25T06:48:58.955+0000][gc,heap     ] GC(1076) Old regions: 111->112
[2025-12-25T06:48:58.955+0000][gc,heap     ] GC(1076) Humongous regions: 151->151
[2025-12-25T06:48:58.955+0000][gc,metaspace] GC(1076) Metaspace: 16629K(17024K)->16629K(17024K) NonClass: 14841K(14976K)->14841K(14976K) Class: 1787K(2048K)->1787K(2048K)
[2025-12-25T06:48:58.956+0000][gc          ] GC(1076) Pause Young (Normal) (G1 Evacuation Pause) 875M->271M(1024M) 21.116ms
[2025-12-25T06:48:58.956+0000][gc,cpu      ] GC(1076) User=0.14s Sys=0.00s Real=0.03s
[2025-12-25T06:49:38.522+0000][gc,start    ] GC(1077) Pause Young (Normal) (G1 Evacuation Pause)
[2025-12-25T06:49:38.523+0000][gc,task     ] GC(1077) Using 8 workers of 8 for evacuation
[2025-12-25T06:49:38.546+0000][gc,phases   ] GC(1077)   Pre Evacuate Collection Set: 1.3ms
[2025-12-25T06:49:38.546+0000][gc,phases   ] GC(1077)   Merge Heap Roots: 0.4ms
[2025-12-25T06:49:38.546+0000][gc,phases   ] GC(1077)   Evacuate Collection Set: 19.2ms
[2025-12-25T06:49:38.546+0000][gc,phases   ] GC(1077)   Post Evacuate Collection Set: 1.3ms
[2025-12-25T06:49:38.546+0000][gc,phases   ] GC(1077)   Other: 0.4ms
[2025-12-25T06:49:38.546+0000][gc,heap     ] GC(1077) Eden regions: 604->0(605)
[2025-12-25T06:49:38.546+0000][gc,heap     ] GC(1077) Survivor regions: 10->9(77)
[2025-12-25T06:49:38.546+0000][gc,heap     ] GC(1077) Old regions: 112->112
[2025-12-25T06:49:38.546+0000][gc,heap     ] GC(1077) Humongous regions: 151->151
[2025-12-25T06:49:38.546+0000][gc,metaspace] GC(1077) Metaspace: 16629K(17024K)->16629K(17024K) NonClass: 14841K(14976K)->14841K(14976K) Class: 1787K(2048K)->1787K(2048K)
[2025-12-25T06:49:38.546+0000][gc          ] GC(1077) Pause Young (Normal) (G1 Evacuation Pause) 875M->271M(1024M) 24.117ms
[2025-12-25T06:49:38.546+0000][gc,cpu      ] GC(1077) User=0.15s Sys=0.01s Real=0.03s
[2025-12-25T06:50:08.732+0000][gc,start    ] GC(1078) Pause Young (Normal) (G1 Evacuation Pause)
[2025-12-25T06:50:08.732+0000][gc,task     ] GC(1078) Using 8 workers of 8 for evacuation
[2025-12-25T06:50:08.749+0000][gc,phases   ] GC(1078)   Pre Evacuate Collection Set: 1.3ms
[2025-12-25T06:50:08.749+0000][gc,phases   ] GC(1078)   Merge Heap Roots: 0.3ms
[2025-12-25T06:50:08.749+0000][gc,phases   ] GC(1078)   Evacuate Collection Set: 13.4ms
[2025-12-25T06:50:08.749+0000][gc,phases   ] GC(1078)   Post Evacuate Collection Set: 1.2ms
[2025-12-25T06:50:08.749+0000][gc,phases   ] GC(1078)   Other: 0.3ms
[2025-12-25T06:50:08.749+0000][gc,heap     ] GC(1078) Eden regions: 605->0(604)
[2025-12-25T06:50:08.749+0000][gc,heap     ] GC(1078) Survivor regions: 9->10(77)
[2025-12-25T06:50:08.749+0000][gc,heap     ] GC(1078) Old regions: 112->112
[2025-12-25T06:50:08.749+0000][gc,heap     ] GC(1078) Humongous regions: 151->151
[2025-12-25T06:50:08.750+0000][gc,metaspace] GC(1078) Metaspace: 16629K(17024K)->16629K(17024K) NonClass: 14841K(14976K)->14841K(14976K) Class: 1787K(2048K)->1787K(2048K)
[2025-12-25T06:50:08.750+0000][gc          ] GC(1078) Pause Young (Normal) (G1 Evacuation Pause) 876M->272M(1024M) 18.033ms
[2025-12-25T06:50:08.750+0000][gc,cpu      ] GC(1078) User=0.11s Sys=0.00s Real=0.02s
[2025-12-25T06:50:38.866+0000][gc,start    ] GC(1079) Pause Young (Normal) (G1 Evacuation Pause)
[2025-12-25T06:50:38.867+0000][gc,task     ] GC(1079) Using 8 workers of 8 for evacuation
[2025-12-25T06:50:38.879+0000][gc,phases   ] GC(1079)   Pre Evacuate Collection Set: 1.0ms
[2025-12-25T06:50:38.879+0000][gc,phases   ] GC(1079)   Merge Heap Roots: 0.3ms
[2025-12-25T06:50:38.879+0000][gc,phases   ] GC(1079)   Evacuate Collection Set: 8.9ms
[2025-12-25T06:50:38.879+0000][gc,phases   ] GC(1079)   Post Evacuate Collection Set: 1.1ms
[2025-12-25T06:50:38.879+0000][gc,phases   ] GC(1079)   Other: 0.3ms
[2025-12-25T06:50:38.879+0000][gc,heap     ] GC(1079) Eden regions: 604->0(603)
[2025-12-25T06:50:38.879+0000][gc,heap     ] GC(1079) Survivor regions: 10->11(77)
[2025-12-25T06:50:38.879+0000][gc,heap     ] GC(1079) Old regions: 112->113
[2025-12-25T06:50:38.879+0000][gc,heap     ] GC(1079) Humongous regions: 151->151
[2025-12-25T06:50:38.879+0000][gc,metaspace] GC(1079) Metaspace: 16629K(17024K)->16629K(17024K) NonClass: 14841K(14976K)->14841K(14976K) Class: 1787K(2048K)->1787K(2048K)
[2025-12-25T06:50:38.879+0000][gc          ] GC(1079) Pause Young (Normal) (G1 Evacuation Pause) 876M->273M(1024M) 12.698ms
[2025-12-25T06:50:38.879+0000][gc,cpu      ] GC(1079) User=0.07s Sys=0.00s Real=0.01s
[2025-12-25T06:51:09.014+0000][gc,start    ] GC(1080) Pause Young (Normal) (G1 Evacuation Pause)
[2025-12-25T06:51:09.015+0000][gc,task     ] GC(1080) Using 8 workers of 8 for evacuation
[2025-12-25T06:51:09.026+0000][gc,phases   ] GC(1080)   Pre Evacuate Collection Set: 1.0ms
[2025-12-25T06:51:09.026+0000][gc,phases   ] GC(1080)   Merge Heap Roots: 0.3ms
[2025-12-25T06:51:09.026+0000][gc,phases   ] GC(1080)   Evacuate Collection Set: 8.5ms
[2025-12-25T06:51:09.026+0000][gc,phases   ] GC(1080)   Post Evacuate Collection Set: 1.1ms
[2025-12-25T06:51:09.026+0000][gc,phases   ] GC(1080)   Other: 0.2ms
[2025-12-25T06:51:09.026+0000][gc,heap     ] GC(1080) Eden regions: 603->0(606)
[2025-12-25T06:51:09.026+0000][gc,heap     ] GC(1080) Survivor regions: 11->8(77)
[2025-12-25T06:51:09.026+0000][gc,heap     ] GC(1080) Old regions: 113->113
[2025-12-25T06:51:09.026+0000][gc,heap     ] GC(1080) Humongous regions: 151->151
[2025-12-25T06:51:09.026+0000][gc,metaspace] GC(1080) Metaspace: 16629K(17024K)->16629K(17024K) NonClass: 14841K(14976K)->14841K(14976K) Class: 1787K(2048K)->1787K(2048K)
[2025-12-25T06:51:09.026+0000][gc          ] GC(1080) Pause Young (Normal) (G1 Evacuation Pause) 876M->270M(1024M) 11.981ms
[2025-12-25T06:51:09.026+0000][gc,cpu      ] GC(1080) User=0.07s Sys=0.00s Real=0.01s
[2025-12-25T06:51:48.527+0000][gc,start    ] GC(1081) Pause Young (Normal) (G1 Evacuation Pause)
[2025-12-25T06:51:48.528+0000][gc,task     ] GC(1081) Using 8 workers of 8 for evacuation
[2025-12-25T06:51:48.544+0000][gc,phases   ] GC(1081)   Pre Evacuate Collection Set: 1.1ms
[2025-12-25T06:51:48.544+0000][gc,phases   ] GC(1081)   Merge Heap Roots: 0.3ms
[2025-12-25T06:51:48.544+0000][gc,phases   ] GC(1081)   Evacuate Collection Set: 11.9ms
[2025-12-25T06:51:48.544+0000][gc,phases   ] GC(1081)   Post Evacuate Collection Set: 2.0ms
[2025-12-25T06:51:48.544+0000][gc,phases   ] GC(1081)   Other: 0.3ms
[2025-12-25T06:51:48.544+0000][gc,heap     ] GC(1081) Eden regions: 606->0(607)
[2025-12-25T06:51:48.544+0000][gc,heap     ] GC(1081) Survivor regions: 8->7(77)
[2025-12-25T06:51:48.544+0000][gc,heap     ] GC(1081) Old regions: 113->113
[2025-12-25T06:51:48.544+0000][gc,heap     ] GC(1081) Humongous regions: 151->151
[2025-12-25T06:51:48.544+0000][gc,metaspace] GC(1081) Metaspace: 16629K(17024K)->16629K(17024K) NonClass: 14841K(14976K)->14841K(14976K) Class: 1787K(2048K)->1787K(2048K)
[2025-12-25T06:51:48.544+0000][gc          ] GC(1081) Pause Young (Normal) (G1 Evacuation Pause) 876M->270M(1024M) 17.244ms
[2025-12-25T06:51:48.545+0000][gc,cpu      ] GC(1081) User=0.10s Sys=0.00s Real=0.02s
[2025-12-25T06:52:18.681+0000][gc,start    ] GC(1082) Pause Young (Normal) (G1 Evacuation Pause)
[2025-12-25T06:52:18.684+0000][gc,task     ] GC(1082) Using 8 workers of 8 for evacuation
[2025-12-25T06:52:18.700+0000][gc,phases   ] GC(1082)   Pre Evacuate Collection Set: 1.3ms
[2025-12-25T06:52:18.700+0000][gc,phases   ] GC(1082)   Merge Heap Roots: 0.3ms
[2025-12-25T06:52:18.700+0000][gc,phases   ] GC(1082)   Evacuate Collection Set: 12.6ms
[2025-12-25T06:52:18.700+0000][gc,phases   ] GC(1082)   Post Evacuate Collection Set: 1.0ms
[2025-12-25T06:52:18.700+0000][gc,phases   ] GC(1082)   Other: 0.3ms
[2025-12-25T06:52:18.700+0000][gc,heap     ] GC(1082) Eden regions: 607->0(605)
[2025-12-25T06:52:18.700+0000][gc,heap     ] GC(1082) Survivor regions: 7->9(77)
[2025-12-25T06:52:18.700+0000][gc,heap     ] GC(1082) Old regions: 113->114
[2025-12-25T06:52:18.700+0000][gc,heap     ] GC(1082) Humongous regions: 151->151
[2025-12-25T06:52:18.700+0000][gc,metaspace] GC(1082) Metaspace: 16629K(17024K)->16629K(17024K) NonClass: 14841K(14976K)->14841K(14976K) Class: 1787K(2048K)->1787K(2048K)
[2025-12-25T06:52:18.700+0000][gc          ] GC(1082) Pause Young (Normal) (G1 Evacuation Pause) 877M->272M(1024M) 18.925ms
[2025-12-25T06:52:18.700+0000][gc,cpu      ] GC(1082) User=0.10s Sys=0.00s Real=0.01s
[2025-12-25T06:52:48.822+0000][gc,start    ] GC(1083) Pause Young (Normal) (G1 Evacuation Pause)
[2025-12-25T06:52:48.823+0000][gc,task     ] GC(1083) Using 8 workers of 8 for evacuation
[2025-12-25T06:52:48.838+0000][gc,phases   ] GC(1083)   Pre Evacuate Collection Set: 1.8ms
[2025-12-25T06:52:48.838+0000][gc,phases   ] GC(1083)   Merge Heap Roots: 0.4ms
[2025-12-25T06:52:48.839+0000][gc,phases   ] GC(1083)   Evacuate Collection Set: 11.0ms
[2025-12-25T06:52:48.839+0000][gc,phases   ] GC(1083)   Post Evacuate Collection Set: 1.3ms
[2025-12-25T06:52:48.839+0000][gc,phases   ] GC(1083)   Other: 0.8ms
[2025-12-25T06:52:48.839+0000][gc,heap     ] GC(1083) Eden regions: 605->0(604)
[2025-12-25T06:52:48.839+0000][gc,heap     ] GC(1083) Survivor regions: 9->10(77)
[2025-12-25T06:52:48.839+0000][gc,heap     ] GC(1083) Old regions: 114->114
[2025-12-25T06:52:48.839+0000][gc,heap     ] GC(1083) Humongous regions: 151->151
[2025-12-25T06:52:48.839+0000][gc,metaspace] GC(1083) Metaspace: 16629K(17024K)->16629K(17024K) NonClass: 14841K(14976K)->14841K(14976K) Class: 1787K(2048K)->1787K(2048K)
[2025-12-25T06:52:48.839+0000][gc          ] GC(1083) Pause Young (Normal) (G1 Evacuation Pause) 877M->274M(1024M) 16.718ms
[2025-12-25T06:52:48.839+0000][gc,cpu      ] GC(1083) User=0.10s Sys=0.00s Real=0.01s
[2025-12-25T06:53:18.944+0000][gc,start    ] GC(1084) Pause Young (Normal) (G1 Evacuation Pause)
[2025-12-25T06:53:18.944+0000][gc,task     ] GC(1084) Using 8 workers of 8 for evacuation
[2025-12-25T06:53:18.960+0000][gc,phases   ] GC(1084)   Pre Evacuate Collection Set: 1.2ms
[2025-12-25T06:53:18.960+0000][gc,phases   ] GC(1084)   Merge Heap Roots: 0.3ms
[2025-12-25T06:53:18.960+0000][gc,phases   ] GC(1084)   Evacuate Collection Set: 12.5ms
[2025-12-25T06:53:18.960+0000][gc,phases   ] GC(1084)   Post Evacuate Collection Set: 1.1ms
[2025-12-25T06:53:18.960+0000][gc,phases   ] GC(1084)   Other: 0.3ms
[2025-12-25T06:53:18.960+0000][gc,heap     ] GC(1084) Eden regions: 604->0(603)
[2025-12-25T06:53:18.960+0000][gc,heap     ] GC(1084) Survivor regions: 10->11(77)
[2025-12-25T06:53:18.960+0000][gc,heap     ] GC(1084) Old regions: 114->114
[2025-12-25T06:53:18.960+0000][gc,heap     ] GC(1084) Humongous regions: 151->151
[2025-12-25T06:53:18.960+0000][gc,metaspace] GC(1084) Metaspace: 16629K(17024K)->16629K(17024K) NonClass: 14841K(14976K)->14841K(14976K) Class: 1787K(2048K)->1787K(2048K)
[2025-12-25T06:53:18.960+0000][gc          ] GC(1084) Pause Young (Normal) (G1 Evacuation Pause) 878M->275M(1024M) 16.467ms
[2025-12-25T06:53:18.960+0000][gc,cpu      ] GC(1084) User=0.10s Sys=0.00s Real=0.02s
[2025-12-25T06:53:58.540+0000][gc,start    ] GC(1085) Pause Young (Normal) (G1 Evacuation Pause)
[2025-12-25T06:53:58.541+0000][gc,task     ] GC(1085) Using 8 workers of 8 for evacuation
[2025-12-25T06:53:58.561+0000][gc,phases   ] GC(1085)   Pre Evacuate Collection Set: 2.0ms
[2025-12-25T06:53:58.561+0000][gc,phases   ] GC(1085)   Merge Heap Roots: 2.0ms
[2025-12-25T06:53:58.561+0000][gc,phases   ] GC(1085)   Evacuate Collection Set: 13.2ms
[2025-12-25T06:53:58.561+0000][gc,phases   ] GC(1085)   Post Evacuate Collection Set: 1.5ms
[2025-12-25T06:53:58.561+0000][gc,phases   ] GC(1085)   Other: 0.9ms
[2025-12-25T06:53:58.561+0000][gc,heap     ] GC(1085) Eden regions: 603->0(607)
[2025-12-25T06:53:58.561+0000][gc,heap     ] GC(1085) Survivor regions: 11->7(77)
[2025-12-25T06:53:58.561+0000][gc,heap     ] GC(1085) Old regions: 114->115
[2025-12-25T06:53:58.561+0000][gc,heap     ] GC(1085) Humongous regions: 151->151
[2025-12-25T06:53:58.561+0000][gc,metaspace] GC(1085) Metaspace: 16629K(17024K)->16629K(17024K) NonClass: 14841K(14976K)->14841K(14976K) Class: 1787K(2048K)->1787K(2048K)
[2025-12-25T06:53:58.561+0000][gc          ] GC(1085) Pause Young (Normal) (G1 Evacuation Pause) 878M->271M(1024M) 21.359ms
[2025-12-25T06:53:58.562+0000][gc,cpu      ] GC(1085) User=0.12s Sys=0.00s Real=0.02s
[2025-12-25T06:54:28.694+0000][gc,start    ] GC(1086) Pause Young (Normal) (G1 Evacuation Pause)
[2025-12-25T06:54:28.694+0000][gc,task     ] GC(1086) Using 8 workers of 8 for evacuation
[2025-12-25T06:54:28.705+0000][gc,phases   ] GC(1086)   Pre Evacuate Collection Set: 1.2ms
[2025-12-25T06:54:28.706+0000][gc,phases   ] GC(1086)   Merge Heap Roots: 0.4ms
[2025-12-25T06:54:28.706+0000][gc,phases   ] GC(1086)   Evacuate Collection Set: 8.1ms
[2025-12-25T06:54:28.706+0000][gc,phases   ] GC(1086)   Post Evacuate Collection Set: 1.1ms
[2025-12-25T06:54:28.706+0000][gc,phases   ] GC(1086)   Other: 0.4ms
[2025-12-25T06:54:28.706+0000][gc,heap     ] GC(1086) Eden regions: 607->0(606)
[2025-12-25T06:54:28.706+0000][gc,heap     ] GC(1086) Survivor regions: 7->8(77)
[2025-12-25T06:54:28.706+0000][gc,heap     ] GC(1086) Old regions: 115->115
[2025-12-25T06:54:28.706+0000][gc,heap     ] GC(1086) Humongous regions: 151->151
[2025-12-25T06:54:28.706+0000][gc,metaspace] GC(1086) Metaspace: 16629K(17024K)->16629K(17024K) NonClass: 14841K(14976K)->14841K(14976K) Class: 1787K(2048K)->1787K(2048K)
[2025-12-25T06:54:28.706+0000][gc          ] GC(1086) Pause Young (Normal) (G1 Evacuation Pause) 878M->273M(1024M) 12.348ms
[2025-12-25T06:54:28.706+0000][gc,cpu      ] GC(1086) User=0.07s Sys=0.00s Real=0.01s
[2025-12-25T06:54:58.883+0000][gc,start    ] GC(1087) Pause Young (Normal) (G1 Evacuation Pause)
[2025-12-25T06:54:58.884+0000][gc,task     ] GC(1087) Using 8 workers of 8 for evacuation
[2025-12-25T06:54:58.901+0000][gc,phases   ] GC(1087)   Pre Evacuate Collection Set: 1.1ms
[2025-12-25T06:54:58.902+0000][gc,phases   ] GC(1087)   Merge Heap Roots: 0.3ms
[2025-12-25T06:54:58.902+0000][gc,phases   ] GC(1087)   Evacuate Collection Set: 13.7ms
[2025-12-25T06:54:58.902+0000][gc,phases   ] GC(1087)   Post Evacuate Collection Set: 2.1ms
[2025-12-25T06:54:58.902+0000][gc,phases   ] GC(1087)   Other: 0.3ms
[2025-12-25T06:54:58.902+0000][gc,heap     ] GC(1087) Eden regions: 606->0(605)
[2025-12-25T06:54:58.902+0000][gc,heap     ] GC(1087) Survivor regions: 8->9(77)
[2025-12-25T06:54:58.902+0000][gc,heap     ] GC(1087) Old regions: 115->115
[2025-12-25T06:54:58.902+0000][gc,heap     ] GC(1087) Humongous regions: 151->151
[2025-12-25T06:54:58.902+0000][gc,metaspace] GC(1087) Metaspace: 16629K(17024K)->16629K(17024K) NonClass: 14841K(14976K)->14841K(14976K) Class: 1787K(2048K)->1787K(2048K)
[2025-12-25T06:54:58.902+0000][gc          ] GC(1087) Pause Young (Normal) (G1 Evacuation Pause) 879M->274M(1024M) 19.478ms
[2025-12-25T06:54:58.902+0000][gc,cpu      ] GC(1087) User=0.11s Sys=0.01s Real=0.02s
[2025-12-25T06:55:33.869+0000][gc,start    ] GC(1088) Pause Young (Normal) (G1 Evacuation Pause)
[2025-12-25T06:55:33.872+0000][gc,task     ] GC(1088) Using 8 workers of 8 for evacuation
[2025-12-25T06:55:33.954+0000][gc,phases   ] GC(1088)   Pre Evacuate Collection Set: 7.2ms
[2025-12-25T06:55:33.954+0000][gc,phases   ] GC(1088)   Merge Heap Roots: 1.7ms
[2025-12-25T06:55:33.955+0000][gc,phases   ] GC(1088)   Evacuate Collection Set: 69.2ms
[2025-12-25T06:55:33.955+0000][gc,phases   ] GC(1088)   Post Evacuate Collection Set: 3.0ms
[2025-12-25T06:55:33.955+0000][gc,phases   ] GC(1088)   Other: 1.2ms
[2025-12-25T06:55:33.955+0000][gc,heap     ] GC(1088) Eden regions: 605->0(605)
[2025-12-25T06:55:33.955+0000][gc,heap     ] GC(1088) Survivor regions: 9->9(77)
[2025-12-25T06:55:33.955+0000][gc,heap     ] GC(1088) Old regions: 115->116
[2025-12-25T06:55:33.955+0000][gc,heap     ] GC(1088) Humongous regions: 151->151
[2025-12-25T06:55:33.955+0000][gc,metaspace] GC(1088) Metaspace: 16629K(17024K)->16629K(17024K) NonClass: 14841K(14976K)->14841K(14976K) Class: 1787K(2048K)->1787K(2048K)
[2025-12-25T06:55:33.955+0000][gc          ] GC(1088) Pause Young (Normal) (G1 Evacuation Pause) 879M->274M(1024M) 86.265ms
[2025-12-25T06:55:33.955+0000][gc,cpu      ] GC(1088) User=0.46s Sys=0.02s Real=0.08s
[2025-12-25T06:56:08.572+0000][gc,start    ] GC(1089) Pause Young (Normal) (G1 Evacuation Pause)
[2025-12-25T06:56:08.573+0000][gc,task     ] GC(1089) Using 8 workers of 8 for evacuation
[2025-12-25T06:56:08.594+0000][gc,phases   ] GC(1089)   Pre Evacuate Collection Set: 3.6ms
[2025-12-25T06:56:08.594+0000][gc,phases   ] GC(1089)   Merge Heap Roots: 1.9ms
[2025-12-25T06:56:08.594+0000][gc,phases   ] GC(1089)   Evacuate Collection Set: 13.5ms
[2025-12-25T06:56:08.594+0000][gc,phases   ] GC(1089)   Post Evacuate Collection Set: 1.4ms
[2025-12-25T06:56:08.594+0000][gc,phases   ] GC(1089)   Other: 0.7ms
[2025-12-25T06:56:08.594+0000][gc,heap     ] GC(1089) Eden regions: 605->0(604)
[2025-12-25T06:56:08.594+0000][gc,heap     ] GC(1089) Survivor regions: 9->10(77)
[2025-12-25T06:56:08.594+0000][gc,heap     ] GC(1089) Old regions: 116->116
[2025-12-25T06:56:08.594+0000][gc,heap     ] GC(1089) Humongous regions: 151->151
[2025-12-25T06:56:08.594+0000][gc,metaspace] GC(1089) Metaspace: 16629K(17024K)->16629K(17024K) NonClass: 14841K(14976K)->14841K(14976K) Class: 1787K(2048K)->1787K(2048K)
[2025-12-25T06:56:08.595+0000][gc          ] GC(1089) Pause Young (Normal) (G1 Evacuation Pause) 879M->276M(1024M) 22.147ms
[2025-12-25T06:56:08.595+0000][gc,cpu      ] GC(1089) User=0.12s Sys=0.00s Real=0.02s
[2025-12-25T06:56:38.703+0000][gc,start    ] GC(1090) Pause Young (Normal) (G1 Evacuation Pause)
[2025-12-25T06:56:38.703+0000][gc,task     ] GC(1090) Using 8 workers of 8 for evacuation
[2025-12-25T06:56:38.716+0000][gc,phases   ] GC(1090)   Pre Evacuate Collection Set: 1.1ms
[2025-12-25T06:56:38.716+0000][gc,phases   ] GC(1090)   Merge Heap Roots: 0.4ms
[2025-12-25T06:56:38.716+0000][gc,phases   ] GC(1090)   Evacuate Collection Set: 9.7ms
[2025-12-25T06:56:38.716+0000][gc,phases   ] GC(1090)   Post Evacuate Collection Set: 1.4ms
[2025-12-25T06:56:38.716+0000][gc,phases   ] GC(1090)   Other: 0.2ms
[2025-12-25T06:56:38.716+0000][gc,heap     ] GC(1090) Eden regions: 604->0(606)
[2025-12-25T06:56:38.716+0000][gc,heap     ] GC(1090) Survivor regions: 10->8(77)
[2025-12-25T06:56:38.716+0000][gc,heap     ] GC(1090) Old regions: 116->116
[2025-12-25T06:56:38.716+0000][gc,heap     ] GC(1090) Humongous regions: 151->151
[2025-12-25T06:56:38.716+0000][gc,metaspace] GC(1090) Metaspace: 16629K(17024K)->16629K(17024K) NonClass: 14841K(14976K)->14841K(14976K) Class: 1787K(2048K)->1787K(2048K)
[2025-12-25T06:56:38.717+0000][gc          ] GC(1090) Pause Young (Normal) (G1 Evacuation Pause) 880M->273M(1024M) 13.983ms
[2025-12-25T06:56:38.717+0000][gc,cpu      ] GC(1090) User=0.08s Sys=0.00s Real=0.02s
[2025-12-25T06:57:08.892+0000][gc,start    ] GC(1091) Pause Young (Normal) (G1 Evacuation Pause)
[2025-12-25T06:57:08.893+0000][gc,task     ] GC(1091) Using 8 workers of 8 for evacuation
[2025-12-25T06:57:08.906+0000][gc,phases   ] GC(1091)   Pre Evacuate Collection Set: 1.5ms
[2025-12-25T06:57:08.907+0000][gc,phases   ] GC(1091)   Merge Heap Roots: 0.8ms
[2025-12-25T06:57:08.907+0000][gc,phases   ] GC(1091)   Evacuate Collection Set: 9.5ms
[2025-12-25T06:57:08.907+0000][gc,phases   ] GC(1091)   Post Evacuate Collection Set: 1.2ms
[2025-12-25T06:57:08.907+0000][gc,phases   ] GC(1091)   Other: 0.4ms
[2025-12-25T06:57:08.907+0000][gc,heap     ] GC(1091) Eden regions: 606->0(605)
[2025-12-25T06:57:08.907+0000][gc,heap     ] GC(1091) Survivor regions: 8->9(77)
[2025-12-25T06:57:08.907+0000][gc,heap     ] GC(1091) Old regions: 116->117
[2025-12-25T06:57:08.907+0000][gc,heap     ] GC(1091) Humongous regions: 151->151
[2025-12-25T06:57:08.907+0000][gc,metaspace] GC(1091) Metaspace: 16629K(17024K)->16629K(17024K) NonClass: 14841K(14976K)->14841K(14976K) Class: 1787K(2048K)->1787K(2048K)
[2025-12-25T06:57:08.907+0000][gc          ] GC(1091) Pause Young (Normal) (G1 Evacuation Pause) 879M->275M(1024M) 14.691ms
[2025-12-25T06:57:08.907+0000][gc,cpu      ] GC(1091) User=0.09s Sys=0.01s Real=0.02s
[2025-12-25T06:57:48.357+0000][gc,start    ] GC(1092) Pause Young (Normal) (G1 Evacuation Pause)
[2025-12-25T06:57:48.358+0000][gc,task     ] GC(1092) Using 8 workers of 8 for evacuation
[2025-12-25T06:57:48.382+0000][gc,phases   ] GC(1092)   Pre Evacuate Collection Set: 2.4ms
[2025-12-25T06:57:48.382+0000][gc,phases   ] GC(1092)   Merge Heap Roots: 0.7ms
[2025-12-25T06:57:48.382+0000][gc,phases   ] GC(1092)   Evacuate Collection Set: 18.4ms
[2025-12-25T06:57:48.383+0000][gc,phases   ] GC(1092)   Post Evacuate Collection Set: 2.0ms
[2025-12-25T06:57:48.383+0000][gc,phases   ] GC(1092)   Other: 0.5ms
[2025-12-25T06:57:48.383+0000][gc,heap     ] GC(1092) Eden regions: 605->0(606)
[2025-12-25T06:57:48.383+0000][gc,heap     ] GC(1092) Survivor regions: 9->8(77)
[2025-12-25T06:57:48.383+0000][gc,heap     ] GC(1092) Old regions: 117->117
[2025-12-25T06:57:48.383+0000][gc,heap     ] GC(1092) Humongous regions: 151->151
[2025-12-25T06:57:48.383+0000][gc,metaspace] GC(1092) Metaspace: 16629K(17024K)->16629K(17024K) NonClass: 14841K(14976K)->14841K(14976K) Class: 1787K(2048K)->1787K(2048K)
[2025-12-25T06:57:48.384+0000][gc          ] GC(1092) Pause Young (Normal) (G1 Evacuation Pause) 880M->274M(1024M) 26.416ms
[2025-12-25T06:57:48.384+0000][gc,cpu      ] GC(1092) User=0.15s Sys=0.00s Real=0.03s
[2025-12-25T06:58:18.572+0000][gc,start    ] GC(1093) Pause Young (Normal) (G1 Evacuation Pause)
[2025-12-25T06:58:18.572+0000][gc,task     ] GC(1093) Using 8 workers of 8 for evacuation
[2025-12-25T06:58:18.591+0000][gc,phases   ] GC(1093)   Pre Evacuate Collection Set: 1.1ms
[2025-12-25T06:58:18.591+0000][gc,phases   ] GC(1093)   Merge Heap Roots: 0.4ms
[2025-12-25T06:58:18.591+0000][gc,phases   ] GC(1093)   Evacuate Collection Set: 15.0ms
[2025-12-25T06:58:18.591+0000][gc,phases   ] GC(1093)   Post Evacuate Collection Set: 1.7ms
[2025-12-25T06:58:18.591+0000][gc,phases   ] GC(1093)   Other: 0.2ms
[2025-12-25T06:58:18.591+0000][gc,heap     ] GC(1093) Eden regions: 606->0(605)
[2025-12-25T06:58:18.591+0000][gc,heap     ] GC(1093) Survivor regions: 8->9(77)
[2025-12-25T06:58:18.591+0000][gc,heap     ] GC(1093) Old regions: 117->117
[2025-12-25T06:58:18.591+0000][gc,heap     ] GC(1093) Humongous regions: 151->151
[2025-12-25T06:58:18.591+0000][gc,metaspace] GC(1093) Metaspace: 16629K(17024K)->16629K(17024K) NonClass: 14841K(14976K)->14841K(14976K) Class: 1787K(2048K)->1787K(2048K)
[2025-12-25T06:58:18.591+0000][gc          ] GC(1093) Pause Young (Normal) (G1 Evacuation Pause) 880M->275M(1024M) 19.453ms
[2025-12-25T06:58:18.591+0000][gc,cpu      ] GC(1093) User=0.12s Sys=0.00s Real=0.02s
[2025-12-25T06:58:48.753+0000][gc,start    ] GC(1094) Pause Young (Normal) (G1 Evacuation Pause)
[2025-12-25T06:58:48.753+0000][gc,task     ] GC(1094) Using 8 workers of 8 for evacuation
[2025-12-25T06:58:48.770+0000][gc,phases   ] GC(1094)   Pre Evacuate Collection Set: 1.2ms
[2025-12-25T06:58:48.771+0000][gc,phases   ] GC(1094)   Merge Heap Roots: 0.4ms
[2025-12-25T06:58:48.771+0000][gc,phases   ] GC(1094)   Evacuate Collection Set: 14.2ms
[2025-12-25T06:58:48.771+0000][gc,phases   ] GC(1094)   Post Evacuate Collection Set: 1.1ms
[2025-12-25T06:58:48.771+0000][gc,phases   ] GC(1094)   Other: 0.2ms
[2025-12-25T06:58:48.771+0000][gc,heap     ] GC(1094) Eden regions: 605->0(604)
[2025-12-25T06:58:48.771+0000][gc,heap     ] GC(1094) Survivor regions: 9->10(77)
[2025-12-25T06:58:48.771+0000][gc,heap     ] GC(1094) Old regions: 117->118
[2025-12-25T06:58:48.771+0000][gc,heap     ] GC(1094) Humongous regions: 151->151
[2025-12-25T06:58:48.771+0000][gc,metaspace] GC(1094) Metaspace: 16629K(17024K)->16629K(17024K) NonClass: 14841K(14976K)->14841K(14976K) Class: 1787K(2048K)->1787K(2048K)
[2025-12-25T06:58:48.771+0000][gc          ] GC(1094) Pause Young (Normal) (G1 Evacuation Pause) 880M->278M(1024M) 18.193ms
[2025-12-25T06:58:48.771+0000][gc,cpu      ] GC(1094) User=0.11s Sys=0.00s Real=0.01s
[2025-12-25T06:59:18.872+0000][gc,start    ] GC(1095) Pause Young (Normal) (G1 Evacuation Pause)
[2025-12-25T06:59:18.872+0000][gc,task     ] GC(1095) Using 8 workers of 8 for evacuation
[2025-12-25T06:59:18.889+0000][gc,phases   ] GC(1095)   Pre Evacuate Collection Set: 1.2ms
[2025-12-25T06:59:18.889+0000][gc,phases   ] GC(1095)   Merge Heap Roots: 0.5ms
[2025-12-25T06:59:18.889+0000][gc,phases   ] GC(1095)   Evacuate Collection Set: 9.6ms
[2025-12-25T06:59:18.889+0000][gc,phases   ] GC(1095)   Post Evacuate Collection Set: 4.6ms
[2025-12-25T06:59:18.889+0000][gc,phases   ] GC(1095)   Other: 0.9ms
[2025-12-25T06:59:18.889+0000][gc,heap     ] GC(1095) Eden regions: 604->0(606)
[2025-12-25T06:59:18.889+0000][gc,heap     ] GC(1095) Survivor regions: 10->8(77)
[2025-12-25T06:59:18.889+0000][gc,heap     ] GC(1095) Old regions: 118->118
[2025-12-25T06:59:18.889+0000][gc,heap     ] GC(1095) Humongous regions: 151->151
[2025-12-25T06:59:18.889+0000][gc,metaspace] GC(1095) Metaspace: 16629K(17024K)->16629K(17024K) NonClass: 14841K(14976K)->14841K(14976K) Class: 1787K(2048K)->1787K(2048K)
[2025-12-25T06:59:18.890+0000][gc          ] GC(1095) Pause Young (Normal) (G1 Evacuation Pause) 882M->276M(1024M) 17.866ms
[2025-12-25T06:59:18.890+0000][gc,cpu      ] GC(1095) User=0.10s Sys=0.00s Real=0.01s
[2025-12-25T06:59:58.427+0000][gc,start    ] GC(1096) Pause Young (Normal) (G1 Evacuation Pause)
[2025-12-25T06:59:58.428+0000][gc,task     ] GC(1096) Using 8 workers of 8 for evacuation
[2025-12-25T06:59:58.447+0000][gc,phases   ] GC(1096)   Pre Evacuate Collection Set: 1.6ms
[2025-12-25T06:59:58.448+0000][gc,phases   ] GC(1096)   Merge Heap Roots: 0.5ms
[2025-12-25T06:59:58.448+0000][gc,phases   ] GC(1096)   Evacuate Collection Set: 14.2ms
[2025-12-25T06:59:58.448+0000][gc,phases   ] GC(1096)   Post Evacuate Collection Set: 2.5ms
[2025-12-25T06:59:58.448+0000][gc,phases   ] GC(1096)   Other: 0.6ms
[2025-12-25T06:59:58.448+0000][gc,heap     ] GC(1096) Eden regions: 606->0(607)
[2025-12-25T06:59:58.448+0000][gc,heap     ] GC(1096) Survivor regions: 8->7(77)
[2025-12-25T06:59:58.448+0000][gc,heap     ] GC(1096) Old regions: 118->118
[2025-12-25T06:59:58.448+0000][gc,heap     ] GC(1096) Humongous regions: 151->151
[2025-12-25T06:59:58.448+0000][gc,metaspace] GC(1096) Metaspace: 16629K(17024K)->16629K(17024K) NonClass: 14841K(14976K)->14841K(14976K) Class: 1787K(2048K)->1787K(2048K)
[2025-12-25T06:59:58.448+0000][gc          ] GC(1096) Pause Young (Normal) (G1 Evacuation Pause) 882M->275M(1024M) 21.388ms
[2025-12-25T06:59:58.449+0000][gc,cpu      ] GC(1096) User=0.13s Sys=0.01s Real=0.02s
[2025-12-25T07:00:28.604+0000][gc,start    ] GC(1097) Pause Young (Normal) (G1 Evacuation Pause)
[2025-12-25T07:00:28.604+0000][gc,task     ] GC(1097) Using 8 workers of 8 for evacuation
[2025-12-25T07:00:28.620+0000][gc,phases   ] GC(1097)   Pre Evacuate Collection Set: 1.2ms
[2025-12-25T07:00:28.620+0000][gc,phases   ] GC(1097)   Merge Heap Roots: 0.3ms
[2025-12-25T07:00:28.620+0000][gc,phases   ] GC(1097)   Evacuate Collection Set: 13.2ms
[2025-12-25T07:00:28.620+0000][gc,phases   ] GC(1097)   Post Evacuate Collection Set: 1.0ms
[2025-12-25T07:00:28.620+0000][gc,phases   ] GC(1097)   Other: 0.2ms
[2025-12-25T07:00:28.620+0000][gc,heap     ] GC(1097) Eden regions: 607->0(606)
[2025-12-25T07:00:28.620+0000][gc,heap     ] GC(1097) Survivor regions: 7->8(77)
[2025-12-25T07:00:28.620+0000][gc,heap     ] GC(1097) Old regions: 118->119
[2025-12-25T07:00:28.620+0000][gc,heap     ] GC(1097) Humongous regions: 151->151
[2025-12-25T07:00:28.620+0000][gc,metaspace] GC(1097) Metaspace: 16629K(17024K)->16629K(17024K) NonClass: 14841K(14976K)->14841K(14976K) Class: 1787K(2048K)->1787K(2048K)
[2025-12-25T07:00:28.621+0000][gc          ] GC(1097) Pause Young (Normal) (G1 Evacuation Pause) 882M->276M(1024M) 16.985ms
[2025-12-25T07:00:28.621+0000][gc,cpu      ] GC(1097) User=0.09s Sys=0.00s Real=0.01s
[2025-12-25T07:00:58.750+0000][gc,start    ] GC(1098) Pause Young (Normal) (G1 Evacuation Pause)
[2025-12-25T07:00:58.750+0000][gc,task     ] GC(1098) Using 8 workers of 8 for evacuation
[2025-12-25T07:00:58.767+0000][gc,phases   ] GC(1098)   Pre Evacuate Collection Set: 1.3ms
[2025-12-25T07:00:58.767+0000][gc,phases   ] GC(1098)   Merge Heap Roots: 0.5ms
[2025-12-25T07:00:58.767+0000][gc,phases   ] GC(1098)   Evacuate Collection Set: 12.0ms
[2025-12-25T07:00:58.767+0000][gc,phases   ] GC(1098)   Post Evacuate Collection Set: 2.6ms
[2025-12-25T07:00:58.767+0000][gc,phases   ] GC(1098)   Other: 0.2ms
[2025-12-25T07:00:58.767+0000][gc,heap     ] GC(1098) Eden regions: 606->0(604)
[2025-12-25T07:00:58.767+0000][gc,heap     ] GC(1098) Survivor regions: 8->10(77)
[2025-12-25T07:00:58.767+0000][gc,heap     ] GC(1098) Old regions: 119->119
[2025-12-25T07:00:58.767+0000][gc,heap     ] GC(1098) Humongous regions: 151->151
[2025-12-25T07:00:58.767+0000][gc,metaspace] GC(1098) Metaspace: 16629K(17024K)->16629K(17024K) NonClass: 14841K(14976K)->14841K(14976K) Class: 1787K(2048K)->1787K(2048K)
[2025-12-25T07:00:58.767+0000][gc          ] GC(1098) Pause Young (Normal) (G1 Evacuation Pause) 882M->278M(1024M) 17.672ms
[2025-12-25T07:00:58.767+0000][gc,cpu      ] GC(1098) User=0.10s Sys=0.01s Real=0.02s
[2025-12-25T07:01:28.887+0000][gc,start    ] GC(1099) Pause Young (Normal) (G1 Evacuation Pause)
[2025-12-25T07:01:28.887+0000][gc,task     ] GC(1099) Using 8 workers of 8 for evacuation
[2025-12-25T07:01:28.908+0000][gc,phases   ] GC(1099)   Pre Evacuate Collection Set: 1.1ms
[2025-12-25T07:01:28.908+0000][gc,phases   ] GC(1099)   Merge Heap Roots: 0.7ms
[2025-12-25T07:01:28.908+0000][gc,phases   ] GC(1099)   Evacuate Collection Set: 17.5ms
[2025-12-25T07:01:28.908+0000][gc,phases   ] GC(1099)   Post Evacuate Collection Set: 1.3ms
[2025-12-25T07:01:28.908+0000][gc,phases   ] GC(1099)   Other: 0.2ms
[2025-12-25T07:01:28.908+0000][gc,heap     ] GC(1099) Eden regions: 604->0(603)
[2025-12-25T07:01:28.908+0000][gc,heap     ] GC(1099) Survivor regions: 10->11(77)
[2025-12-25T07:01:28.909+0000][gc,heap     ] GC(1099) Old regions: 119->119
[2025-12-25T07:01:28.909+0000][gc,heap     ] GC(1099) Humongous regions: 151->151
[2025-12-25T07:01:28.909+0000][gc,metaspace] GC(1099) Metaspace: 16629K(17024K)->16629K(17024K) NonClass: 14841K(14976K)->14841K(14976K) Class: 1787K(2048K)->1787K(2048K)
[2025-12-25T07:01:28.909+0000][gc          ] GC(1099) Pause Young (Normal) (G1 Evacuation Pause) 882M->280M(1024M) 21.890ms
[2025-12-25T07:01:28.909+0000][gc,cpu      ] GC(1099) User=0.12s Sys=0.00s Real=0.02s
[2025-12-25T07:02:08.450+0000][gc,start    ] GC(1100) Pause Young (Normal) (G1 Evacuation Pause)
[2025-12-25T07:02:08.450+0000][gc,task     ] GC(1100) Using 8 workers of 8 for evacuation
[2025-12-25T07:02:08.471+0000][gc,phases   ] GC(1100)   Pre Evacuate Collection Set: 1.2ms
[2025-12-25T07:02:08.471+0000][gc,phases   ] GC(1100)   Merge Heap Roots: 0.4ms
[2025-12-25T07:02:08.471+0000][gc,phases   ] GC(1100)   Evacuate Collection Set: 17.2ms
[2025-12-25T07:02:08.471+0000][gc,phases   ] GC(1100)   Post Evacuate Collection Set: 1.4ms
[2025-12-25T07:02:08.471+0000][gc,phases   ] GC(1100)   Other: 0.3ms
[2025-12-25T07:02:08.471+0000][gc,heap     ] GC(1100) Eden regions: 603->0(607)
[2025-12-25T07:02:08.471+0000][gc,heap     ] GC(1100) Survivor regions: 11->7(77)
[2025-12-25T07:02:08.471+0000][gc,heap     ] GC(1100) Old regions: 119->120
[2025-12-25T07:02:08.471+0000][gc,heap     ] GC(1100) Humongous regions: 151->151
[2025-12-25T07:02:08.471+0000][gc,metaspace] GC(1100) Metaspace: 16629K(17024K)->16629K(17024K) NonClass: 14841K(14976K)->14841K(14976K) Class: 1787K(2048K)->1787K(2048K)
[2025-12-25T07:02:08.472+0000][gc          ] GC(1100) Pause Young (Normal) (G1 Evacuation Pause) 883M->276M(1024M) 21.962ms
[2025-12-25T07:02:08.472+0000][gc,cpu      ] GC(1100) User=0.14s Sys=0.01s Real=0.02s
[2025-12-25T07:02:38.598+0000][gc,start    ] GC(1101) Pause Young (Normal) (G1 Evacuation Pause)
[2025-12-25T07:02:38.599+0000][gc,task     ] GC(1101) Using 8 workers of 8 for evacuation
[2025-12-25T07:02:38.610+0000][gc,phases   ] GC(1101)   Pre Evacuate Collection Set: 1.2ms
[2025-12-25T07:02:38.610+0000][gc,phases   ] GC(1101)   Merge Heap Roots: 0.5ms
[2025-12-25T07:02:38.610+0000][gc,phases   ] GC(1101)   Evacuate Collection Set: 8.3ms
[2025-12-25T07:02:38.610+0000][gc,phases   ] GC(1101)   Post Evacuate Collection Set: 1.2ms
[2025-12-25T07:02:38.611+0000][gc,phases   ] GC(1101)   Other: 0.3ms
[2025-12-25T07:02:38.611+0000][gc,heap     ] GC(1101) Eden regions: 607->0(607)
[2025-12-25T07:02:38.611+0000][gc,heap     ] GC(1101) Survivor regions: 7->7(77)
[2025-12-25T07:02:38.611+0000][gc,heap     ] GC(1101) Old regions: 120->120
[2025-12-25T07:02:38.611+0000][gc,heap     ] GC(1101) Humongous regions: 151->151
[2025-12-25T07:02:38.611+0000][gc,metaspace] GC(1101) Metaspace: 16629K(17024K)->16629K(17024K) NonClass: 14841K(14976K)->14841K(14976K) Class: 1787K(2048K)->1787K(2048K)
[2025-12-25T07:02:38.611+0000][gc          ] GC(1101) Pause Young (Normal) (G1 Evacuation Pause) 883M->277M(1024M) 12.925ms
[2025-12-25T07:02:38.611+0000][gc,cpu      ] GC(1101) User=0.07s Sys=0.00s Real=0.01s
[2025-12-25T07:03:08.748+0000][gc,start    ] GC(1102) Pause Young (Normal) (G1 Evacuation Pause)
[2025-12-25T07:03:08.749+0000][gc,task     ] GC(1102) Using 8 workers of 8 for evacuation
[2025-12-25T07:03:08.764+0000][gc,phases   ] GC(1102)   Pre Evacuate Collection Set: 1.1ms
[2025-12-25T07:03:08.765+0000][gc,phases   ] GC(1102)   Merge Heap Roots: 0.4ms
[2025-12-25T07:03:08.765+0000][gc,phases   ] GC(1102)   Evacuate Collection Set: 9.9ms
[2025-12-25T07:03:08.765+0000][gc,phases   ] GC(1102)   Post Evacuate Collection Set: 3.2ms
[2025-12-25T07:03:08.765+0000][gc,phases   ] GC(1102)   Other: 0.5ms
[2025-12-25T07:03:08.765+0000][gc,heap     ] GC(1102) Eden regions: 607->0(605)
[2025-12-25T07:03:08.765+0000][gc,heap     ] GC(1102) Survivor regions: 7->9(77)
[2025-12-25T07:03:08.765+0000][gc,heap     ] GC(1102) Old regions: 120->120
[2025-12-25T07:03:08.765+0000][gc,heap     ] GC(1102) Humongous regions: 151->151
[2025-12-25T07:03:08.765+0000][gc,metaspace] GC(1102) Metaspace: 16629K(17024K)->16629K(17024K) NonClass: 14841K(14976K)->14841K(14976K) Class: 1787K(2048K)->1787K(2048K)
[2025-12-25T07:03:08.766+0000][gc          ] GC(1102) Pause Young (Normal) (G1 Evacuation Pause) 884M->279M(1024M) 17.828ms
[2025-12-25T07:03:08.766+0000][gc,cpu      ] GC(1102) User=0.09s Sys=0.01s Real=0.02s
[2025-12-25T07:03:38.910+0000][gc,start    ] GC(1103) Pause Young (Normal) (G1 Evacuation Pause)
[2025-12-25T07:03:38.911+0000][gc,task     ] GC(1103) Using 8 workers of 8 for evacuation
[2025-12-25T07:03:38.927+0000][gc,phases   ] GC(1103)   Pre Evacuate Collection Set: 1.1ms
[2025-12-25T07:03:38.927+0000][gc,phases   ] GC(1103)   Merge Heap Roots: 0.3ms
[2025-12-25T07:03:38.927+0000][gc,phases   ] GC(1103)   Evacuate Collection Set: 12.2ms
[2025-12-25T07:03:38.927+0000][gc,phases   ] GC(1103)   Post Evacuate Collection Set: 2.0ms
[2025-12-25T07:03:38.927+0000][gc,phases   ] GC(1103)   Other: 0.2ms
[2025-12-25T07:03:38.927+0000][gc,heap     ] GC(1103) Eden regions: 605->0(604)
[2025-12-25T07:03:38.927+0000][gc,heap     ] GC(1103) Survivor regions: 9->10(77)
[2025-12-25T07:03:38.927+0000][gc,heap     ] GC(1103) Old regions: 120->121
[2025-12-25T07:03:38.927+0000][gc,heap     ] GC(1103) Humongous regions: 151->151
[2025-12-25T07:03:38.927+0000][gc,metaspace] GC(1103) Metaspace: 16629K(17024K)->16629K(17024K) NonClass: 14841K(14976K)->14841K(14976K) Class: 1787K(2048K)->1787K(2048K)
[2025-12-25T07:03:38.927+0000][gc          ] GC(1103) Pause Young (Normal) (G1 Evacuation Pause) 884M->281M(1024M) 17.164ms
[2025-12-25T07:03:38.927+0000][gc,cpu      ] GC(1103) User=0.09s Sys=0.01s Real=0.02s
[2025-12-25T07:04:18.428+0000][gc,start    ] GC(1104) Pause Young (Normal) (G1 Evacuation Pause)
[2025-12-25T07:04:18.428+0000][gc,task     ] GC(1104) Using 8 workers of 8 for evacuation
[2025-12-25T07:04:18.449+0000][gc,phases   ] GC(1104)   Pre Evacuate Collection Set: 1.9ms
[2025-12-25T07:04:18.449+0000][gc,phases   ] GC(1104)   Merge Heap Roots: 0.7ms
[2025-12-25T07:04:18.449+0000][gc,phases   ] GC(1104)   Evacuate Collection Set: 17.0ms
[2025-12-25T07:04:18.450+0000][gc,phases   ] GC(1104)   Post Evacuate Collection Set: 1.2ms
[2025-12-25T07:04:18.450+0000][gc,phases   ] GC(1104)   Other: 0.4ms
[2025-12-25T07:04:18.450+0000][gc,heap     ] GC(1104) Eden regions: 604->0(605)
[2025-12-25T07:04:18.450+0000][gc,heap     ] GC(1104) Survivor regions: 10->9(77)
[2025-12-25T07:04:18.450+0000][gc,heap     ] GC(1104) Old regions: 121->121
[2025-12-25T07:04:18.450+0000][gc,heap     ] GC(1104) Humongous regions: 151->151
[2025-12-25T07:04:18.450+0000][gc,metaspace] GC(1104) Metaspace: 16629K(17024K)->16629K(17024K) NonClass: 14841K(14976K)->14841K(14976K) Class: 1787K(2048K)->1787K(2048K)
[2025-12-25T07:04:18.450+0000][gc          ] GC(1104) Pause Young (Normal) (G1 Evacuation Pause) 885M->280M(1024M) 22.365ms
[2025-12-25T07:04:18.450+0000][gc,cpu      ] GC(1104) User=0.13s Sys=0.00s Real=0.02s
[2025-12-25T07:04:48.588+0000][gc,start    ] GC(1105) Pause Young (Normal) (G1 Evacuation Pause)
[2025-12-25T07:04:48.588+0000][gc,task     ] GC(1105) Using 8 workers of 8 for evacuation
[2025-12-25T07:04:48.600+0000][gc,phases   ] GC(1105)   Pre Evacuate Collection Set: 1.2ms
[2025-12-25T07:04:48.600+0000][gc,phases   ] GC(1105)   Merge Heap Roots: 0.3ms
[2025-12-25T07:04:48.600+0000][gc,phases   ] GC(1105)   Evacuate Collection Set: 8.0ms
[2025-12-25T07:04:48.600+0000][gc,phases   ] GC(1105)   Post Evacuate Collection Set: 1.4ms
[2025-12-25T07:04:48.600+0000][gc,phases   ] GC(1105)   Other: 0.2ms
[2025-12-25T07:04:48.600+0000][gc,heap     ] GC(1105) Eden regions: 605->0(607)
[2025-12-25T07:04:48.600+0000][gc,heap     ] GC(1105) Survivor regions: 9->7(77)
[2025-12-25T07:04:48.600+0000][gc,heap     ] GC(1105) Old regions: 121->121
[2025-12-25T07:04:48.600+0000][gc,heap     ] GC(1105) Humongous regions: 151->151
[2025-12-25T07:04:48.600+0000][gc,metaspace] GC(1105) Metaspace: 16629K(17024K)->16629K(17024K) NonClass: 14841K(14976K)->14841K(14976K) Class: 1787K(2048K)->1787K(2048K)
[2025-12-25T07:04:48.600+0000][gc          ] GC(1105) Pause Young (Normal) (G1 Evacuation Pause) 885M->278M(1024M) 12.568ms
[2025-12-25T07:04:48.601+0000][gc,cpu      ] GC(1105) User=0.06s Sys=0.01s Real=0.02s
[2025-12-25T07:05:18.780+0000][gc,start    ] GC(1106) Pause Young (Normal) (G1 Evacuation Pause)
[2025-12-25T07:05:18.781+0000][gc,task     ] GC(1106) Using 8 workers of 8 for evacuation
[2025-12-25T07:05:18.803+0000][gc,phases   ] GC(1106)   Pre Evacuate Collection Set: 1.2ms
[2025-12-25T07:05:18.803+0000][gc,phases   ] GC(1106)   Merge Heap Roots: 0.3ms
[2025-12-25T07:05:18.803+0000][gc,phases   ] GC(1106)   Evacuate Collection Set: 18.9ms
[2025-12-25T07:05:18.803+0000][gc,phases   ] GC(1106)   Post Evacuate Collection Set: 1.3ms
[2025-12-25T07:05:18.803+0000][gc,phases   ] GC(1106)   Other: 0.3ms
[2025-12-25T07:05:18.803+0000][gc,heap     ] GC(1106) Eden regions: 607->0(606)
[2025-12-25T07:05:18.803+0000][gc,heap     ] GC(1106) Survivor regions: 7->8(77)
[2025-12-25T07:05:18.803+0000][gc,heap     ] GC(1106) Old regions: 121->122
[2025-12-25T07:05:18.803+0000][gc,heap     ] GC(1106) Humongous regions: 151->151
[2025-12-25T07:05:18.803+0000][gc,metaspace] GC(1106) Metaspace: 16629K(17024K)->16629K(17024K) NonClass: 14841K(14976K)->14841K(14976K) Class: 1787K(2048K)->1787K(2048K)
[2025-12-25T07:05:18.803+0000][gc          ] GC(1106) Pause Young (Normal) (G1 Evacuation Pause) 885M->279M(1024M) 23.318ms
[2025-12-25T07:05:18.803+0000][gc,cpu      ] GC(1106) User=0.15s Sys=0.01s Real=0.02s
[2025-12-25T07:05:48.890+0000][gc,start    ] GC(1107) Pause Young (Normal) (G1 Evacuation Pause)
[2025-12-25T07:05:48.891+0000][gc,task     ] GC(1107) Using 8 workers of 8 for evacuation
[2025-12-25T07:05:48.902+0000][gc,phases   ] GC(1107)   Pre Evacuate Collection Set: 1.0ms
[2025-12-25T07:05:48.902+0000][gc,phases   ] GC(1107)   Merge Heap Roots: 0.3ms
[2025-12-25T07:05:48.902+0000][gc,phases   ] GC(1107)   Evacuate Collection Set: 8.7ms
[2025-12-25T07:05:48.902+0000][gc,phases   ] GC(1107)   Post Evacuate Collection Set: 1.2ms
[2025-12-25T07:05:48.902+0000][gc,phases   ] GC(1107)   Other: 0.3ms
[2025-12-25T07:05:48.902+0000][gc,heap     ] GC(1107) Eden regions: 606->0(604)
[2025-12-25T07:05:48.903+0000][gc,heap     ] GC(1107) Survivor regions: 8->10(77)
[2025-12-25T07:05:48.903+0000][gc,heap     ] GC(1107) Old regions: 122->122
[2025-12-25T07:05:48.903+0000][gc,heap     ] GC(1107) Humongous regions: 151->151
[2025-12-25T07:05:48.903+0000][gc,metaspace] GC(1107) Metaspace: 16629K(17024K)->16629K(17024K) NonClass: 14841K(14976K)->14841K(14976K) Class: 1787K(2048K)->1787K(2048K)
[2025-12-25T07:05:48.903+0000][gc          ] GC(1107) Pause Young (Normal) (G1 Evacuation Pause) 885M->281M(1024M) 12.779ms
[2025-12-25T07:05:48.903+0000][gc,cpu      ] GC(1107) User=0.07s Sys=0.00s Real=0.01s
[2025-12-25T07:06:28.479+0000][gc,start    ] GC(1108) Pause Young (Normal) (G1 Evacuation Pause)
[2025-12-25T07:06:28.481+0000][gc,task     ] GC(1108) Using 8 workers of 8 for evacuation
[2025-12-25T07:06:28.501+0000][gc,phases   ] GC(1108)   Pre Evacuate Collection Set: 4.0ms
[2025-12-25T07:06:28.501+0000][gc,phases   ] GC(1108)   Merge Heap Roots: 2.0ms
[2025-12-25T07:06:28.502+0000][gc,phases   ] GC(1108)   Evacuate Collection Set: 12.8ms
[2025-12-25T07:06:28.502+0000][gc,phases   ] GC(1108)   Post Evacuate Collection Set: 1.5ms
[2025-12-25T07:06:28.502+0000][gc,phases   ] GC(1108)   Other: 0.6ms
[2025-12-25T07:06:28.502+0000][gc,heap     ] GC(1108) Eden regions: 604->0(606)
[2025-12-25T07:06:28.502+0000][gc,heap     ] GC(1108) Survivor regions: 10->8(77)
[2025-12-25T07:06:28.502+0000][gc,heap     ] GC(1108) Old regions: 122->122
[2025-12-25T07:06:28.502+0000][gc,heap     ] GC(1108) Humongous regions: 151->151
[2025-12-25T07:06:28.502+0000][gc,metaspace] GC(1108) Metaspace: 16629K(17024K)->16629K(17024K) NonClass: 14841K(14976K)->14841K(14976K) Class: 1787K(2048K)->1787K(2048K)
[2025-12-25T07:06:28.502+0000][gc          ] GC(1108) Pause Young (Normal) (G1 Evacuation Pause) 885M->280M(1024M) 23.017ms
[2025-12-25T07:06:28.502+0000][gc,cpu      ] GC(1108) User=0.12s Sys=0.01s Real=0.02s
[2025-12-25T07:06:58.597+0000][gc,start    ] GC(1109) Pause Young (Normal) (G1 Evacuation Pause)
[2025-12-25T07:06:58.598+0000][gc,task     ] GC(1109) Using 8 workers of 8 for evacuation
[2025-12-25T07:06:58.611+0000][gc,phases   ] GC(1109)   Pre Evacuate Collection Set: 1.1ms
[2025-12-25T07:06:58.611+0000][gc,phases   ] GC(1109)   Merge Heap Roots: 0.3ms
[2025-12-25T07:06:58.611+0000][gc,phases   ] GC(1109)   Evacuate Collection Set: 9.8ms
[2025-12-25T07:06:58.611+0000][gc,phases   ] GC(1109)   Post Evacuate Collection Set: 2.1ms
[2025-12-25T07:06:58.611+0000][gc,phases   ] GC(1109)   Other: 0.2ms
[2025-12-25T07:06:58.611+0000][gc,heap     ] GC(1109) Eden regions: 606->0(604)
[2025-12-25T07:06:58.611+0000][gc,heap     ] GC(1109) Survivor regions: 8->10(77)
[2025-12-25T07:06:58.612+0000][gc,heap     ] GC(1109) Old regions: 122->123
[2025-12-25T07:06:58.612+0000][gc,heap     ] GC(1109) Humongous regions: 151->151
[2025-12-25T07:06:58.612+0000][gc,metaspace] GC(1109) Metaspace: 16629K(17024K)->16629K(17024K) NonClass: 14841K(14976K)->14841K(14976K) Class: 1787K(2048K)->1787K(2048K)
[2025-12-25T07:06:58.612+0000][gc          ] GC(1109) Pause Young (Normal) (G1 Evacuation Pause) 886M->282M(1024M) 14.464ms
[2025-12-25T07:06:58.612+0000][gc,cpu      ] GC(1109) User=0.08s Sys=0.00s Real=0.02s
[2025-12-25T07:07:28.843+0000][gc,start    ] GC(1110) Pause Young (Normal) (G1 Evacuation Pause)
[2025-12-25T07:07:28.844+0000][gc,task     ] GC(1110) Using 8 workers of 8 for evacuation
[2025-12-25T07:07:28.865+0000][gc,phases   ] GC(1110)   Pre Evacuate Collection Set: 3.3ms
[2025-12-25T07:07:28.865+0000][gc,phases   ] GC(1110)   Merge Heap Roots: 0.7ms
[2025-12-25T07:07:28.865+0000][gc,phases   ] GC(1110)   Evacuate Collection Set: 12.8ms
[2025-12-25T07:07:28.865+0000][gc,phases   ] GC(1110)   Post Evacuate Collection Set: 2.2ms
[2025-12-25T07:07:28.865+0000][gc,phases   ] GC(1110)   Other: 1.8ms
[2025-12-25T07:07:28.865+0000][gc,heap     ] GC(1110) Eden regions: 604->0(603)
[2025-12-25T07:07:28.865+0000][gc,heap     ] GC(1110) Survivor regions: 10->11(77)
[2025-12-25T07:07:28.865+0000][gc,heap     ] GC(1110) Old regions: 123->123
[2025-12-25T07:07:28.865+0000][gc,heap     ] GC(1110) Humongous regions: 151->151
[2025-12-25T07:07:28.865+0000][gc,metaspace] GC(1110) Metaspace: 16629K(17024K)->16629K(17024K) NonClass: 14841K(14976K)->14841K(14976K) Class: 1787K(2048K)->1787K(2048K)
[2025-12-25T07:07:28.865+0000][gc          ] GC(1110) Pause Young (Normal) (G1 Evacuation Pause) 886M->283M(1024M) 22.488ms
[2025-12-25T07:07:28.866+0000][gc,cpu      ] GC(1110) User=0.12s Sys=0.00s Real=0.02s
[2025-12-25T07:07:58.905+0000][gc,start    ] GC(1111) Pause Young (Normal) (G1 Evacuation Pause)
[2025-12-25T07:07:58.906+0000][gc,task     ] GC(1111) Using 8 workers of 8 for evacuation
[2025-12-25T07:07:58.917+0000][gc,phases   ] GC(1111)   Pre Evacuate Collection Set: 1.1ms
[2025-12-25T07:07:58.917+0000][gc,phases   ] GC(1111)   Merge Heap Roots: 0.3ms
[2025-12-25T07:07:58.917+0000][gc,phases   ] GC(1111)   Evacuate Collection Set: 7.7ms
[2025-12-25T07:07:58.917+0000][gc,phases   ] GC(1111)   Post Evacuate Collection Set: 1.1ms
[2025-12-25T07:07:58.917+0000][gc,phases   ] GC(1111)   Other: 0.4ms
[2025-12-25T07:07:58.917+0000][gc,heap     ] GC(1111) Eden regions: 603->0(605)
[2025-12-25T07:07:58.917+0000][gc,heap     ] GC(1111) Survivor regions: 11->9(77)
[2025-12-25T07:07:58.917+0000][gc,heap     ] GC(1111) Old regions: 123->123
[2025-12-25T07:07:58.917+0000][gc,heap     ] GC(1111) Humongous regions: 151->151
[2025-12-25T07:07:58.917+0000][gc,metaspace] GC(1111) Metaspace: 16629K(17024K)->16629K(17024K) NonClass: 14841K(14976K)->14841K(14976K) Class: 1787K(2048K)->1787K(2048K)
[2025-12-25T07:07:58.917+0000][gc          ] GC(1111) Pause Young (Normal) (G1 Evacuation Pause) 886M->282M(1024M) 12.423ms
[2025-12-25T07:07:58.917+0000][gc,cpu      ] GC(1111) User=0.06s Sys=0.00s Real=0.02s
[2025-12-25T07:08:38.476+0000][gc,start    ] GC(1112) Pause Young (Normal) (G1 Evacuation Pause)
[2025-12-25T07:08:38.476+0000][gc,task     ] GC(1112) Using 8 workers of 8 for evacuation
[2025-12-25T07:08:38.496+0000][gc,phases   ] GC(1112)   Pre Evacuate Collection Set: 1.2ms
[2025-12-25T07:08:38.496+0000][gc,phases   ] GC(1112)   Merge Heap Roots: 0.4ms
[2025-12-25T07:08:38.496+0000][gc,phases   ] GC(1112)   Evacuate Collection Set: 16.2ms
[2025-12-25T07:08:38.496+0000][gc,phases   ] GC(1112)   Post Evacuate Collection Set: 1.2ms
[2025-12-25T07:08:38.496+0000][gc,phases   ] GC(1112)   Other: 0.2ms
[2025-12-25T07:08:38.496+0000][gc,heap     ] GC(1112) Eden regions: 605->0(606)
[2025-12-25T07:08:38.496+0000][gc,heap     ] GC(1112) Survivor regions: 9->8(77)
[2025-12-25T07:08:38.496+0000][gc,heap     ] GC(1112) Old regions: 123->124
[2025-12-25T07:08:38.496+0000][gc,heap     ] GC(1112) Humongous regions: 151->151
[2025-12-25T07:08:38.496+0000][gc,metaspace] GC(1112) Metaspace: 16629K(17024K)->16629K(17024K) NonClass: 14841K(14976K)->14841K(14976K) Class: 1787K(2048K)->1787K(2048K)
[2025-12-25T07:08:38.496+0000][gc          ] GC(1112) Pause Young (Normal) (G1 Evacuation Pause) 887M->281M(1024M) 20.557ms
[2025-12-25T07:08:38.496+0000][gc,cpu      ] GC(1112) User=0.13s Sys=0.01s Real=0.02s
[2025-12-25T07:09:08.659+0000][gc,start    ] GC(1113) Pause Young (Normal) (G1 Evacuation Pause)
[2025-12-25T07:09:08.660+0000][gc,task     ] GC(1113) Using 8 workers of 8 for evacuation
[2025-12-25T07:09:08.677+0000][gc,phases   ] GC(1113)   Pre Evacuate Collection Set: 4.0ms
[2025-12-25T07:09:08.677+0000][gc,phases   ] GC(1113)   Merge Heap Roots: 1.0ms
[2025-12-25T07:09:08.677+0000][gc,phases   ] GC(1113)   Evacuate Collection Set: 9.8ms
[2025-12-25T07:09:08.677+0000][gc,phases   ] GC(1113)   Post Evacuate Collection Set: 2.0ms
[2025-12-25T07:09:08.677+0000][gc,phases   ] GC(1113)   Other: 0.3ms
[2025-12-25T07:09:08.677+0000][gc,heap     ] GC(1113) Eden regions: 606->0(605)
[2025-12-25T07:09:08.677+0000][gc,heap     ] GC(1113) Survivor regions: 8->9(77)
[2025-12-25T07:09:08.677+0000][gc,heap     ] GC(1113) Old regions: 124->124
[2025-12-25T07:09:08.678+0000][gc,heap     ] GC(1113) Humongous regions: 151->151
[2025-12-25T07:09:08.678+0000][gc,metaspace] GC(1113) Metaspace: 16629K(17024K)->16629K(17024K) NonClass: 14841K(14976K)->14841K(14976K) Class: 1787K(2048K)->1787K(2048K)
[2025-12-25T07:09:08.679+0000][gc          ] GC(1113) Pause Young (Normal) (G1 Evacuation Pause) 887M->282M(1024M) 19.384ms
[2025-12-25T07:09:08.679+0000][gc,cpu      ] GC(1113) User=0.10s Sys=0.02s Real=0.02s
[2025-12-25T07:09:38.784+0000][gc,start    ] GC(1114) Pause Young (Normal) (G1 Evacuation Pause)
[2025-12-25T07:09:38.785+0000][gc,task     ] GC(1114) Using 8 workers of 8 for evacuation
[2025-12-25T07:09:38.805+0000][gc,phases   ] GC(1114)   Pre Evacuate Collection Set: 1.0ms
[2025-12-25T07:09:38.805+0000][gc,phases   ] GC(1114)   Merge Heap Roots: 0.4ms
[2025-12-25T07:09:38.805+0000][gc,phases   ] GC(1114)   Evacuate Collection Set: 16.5ms
[2025-12-25T07:09:38.805+0000][gc,phases   ] GC(1114)   Post Evacuate Collection Set: 1.5ms
[2025-12-25T07:09:38.805+0000][gc,phases   ] GC(1114)   Other: 0.4ms
[2025-12-25T07:09:38.805+0000][gc,heap     ] GC(1114) Eden regions: 605->0(604)
[2025-12-25T07:09:38.805+0000][gc,heap     ] GC(1114) Survivor regions: 9->10(77)
[2025-12-25T07:09:38.805+0000][gc,heap     ] GC(1114) Old regions: 124->124
[2025-12-25T07:09:38.805+0000][gc,heap     ] GC(1114) Humongous regions: 151->151
[2025-12-25T07:09:38.805+0000][gc,metaspace] GC(1114) Metaspace: 16629K(17024K)->16629K(17024K) NonClass: 14841K(14976K)->14841K(14976K) Class: 1787K(2048K)->1787K(2048K)
[2025-12-25T07:09:38.805+0000][gc          ] GC(1114) Pause Young (Normal) (G1 Evacuation Pause) 887M->284M(1024M) 20.933ms
[2025-12-25T07:09:38.805+0000][gc,cpu      ] GC(1114) User=0.14s Sys=0.00s Real=0.03s
[2025-12-25T07:10:08.963+0000][gc,start    ] GC(1115) Pause Young (Normal) (G1 Evacuation Pause)
[2025-12-25T07:10:08.963+0000][gc,task     ] GC(1115) Using 8 workers of 8 for evacuation
[2025-12-25T07:10:08.981+0000][gc,phases   ] GC(1115)   Pre Evacuate Collection Set: 1.1ms
[2025-12-25T07:10:08.981+0000][gc,phases   ] GC(1115)   Merge Heap Roots: 0.3ms
[2025-12-25T07:10:08.981+0000][gc,phases   ] GC(1115)   Evacuate Collection Set: 14.6ms
[2025-12-25T07:10:08.981+0000][gc,phases   ] GC(1115)   Post Evacuate Collection Set: 1.1ms
[2025-12-25T07:10:08.981+0000][gc,phases   ] GC(1115)   Other: 0.2ms
[2025-12-25T07:10:08.981+0000][gc,heap     ] GC(1115) Eden regions: 604->0(603)
[2025-12-25T07:10:08.981+0000][gc,heap     ] GC(1115) Survivor regions: 10->11(77)
[2025-12-25T07:10:08.981+0000][gc,heap     ] GC(1115) Old regions: 124->125
[2025-12-25T07:10:08.981+0000][gc,heap     ] GC(1115) Humongous regions: 151->151
[2025-12-25T07:10:08.981+0000][gc,metaspace] GC(1115) Metaspace: 16629K(17024K)->16629K(17024K) NonClass: 14841K(14976K)->14841K(14976K) Class: 1787K(2048K)->1787K(2048K)
[2025-12-25T07:10:08.981+0000][gc          ] GC(1115) Pause Young (Normal) (G1 Evacuation Pause) 888M->285M(1024M) 18.489ms
[2025-12-25T07:10:08.982+0000][gc,cpu      ] GC(1115) User=0.12s Sys=0.01s Real=0.02s
[2025-12-25T07:10:48.486+0000][gc,start    ] GC(1116) Pause Young (Normal) (G1 Evacuation Pause)
[2025-12-25T07:10:48.487+0000][gc,task     ] GC(1116) Using 8 workers of 8 for evacuation
[2025-12-25T07:10:48.508+0000][gc,phases   ] GC(1116)   Pre Evacuate Collection Set: 3.3ms
[2025-12-25T07:10:48.509+0000][gc,phases   ] GC(1116)   Merge Heap Roots: 3.4ms
[2025-12-25T07:10:48.509+0000][gc,phases   ] GC(1116)   Evacuate Collection Set: 12.4ms
[2025-12-25T07:10:48.509+0000][gc,phases   ] GC(1116)   Post Evacuate Collection Set: 1.2ms
[2025-12-25T07:10:48.509+0000][gc,phases   ] GC(1116)   Other: 1.2ms
[2025-12-25T07:10:48.509+0000][gc,heap     ] GC(1116) Eden regions: 603->0(607)
[2025-12-25T07:10:48.509+0000][gc,heap     ] GC(1116) Survivor regions: 11->7(77)
[2025-12-25T07:10:48.509+0000][gc,heap     ] GC(1116) Old regions: 125->125
[2025-12-25T07:10:48.509+0000][gc,heap     ] GC(1116) Humongous regions: 151->151
[2025-12-25T07:10:48.509+0000][gc,metaspace] GC(1116) Metaspace: 16629K(17024K)->16629K(17024K) NonClass: 14841K(14976K)->14841K(14976K) Class: 1787K(2048K)->1787K(2048K)
[2025-12-25T07:10:48.509+0000][gc          ] GC(1116) Pause Young (Normal) (G1 Evacuation Pause) 888M->282M(1024M) 23.011ms
[2025-12-25T07:10:48.509+0000][gc,cpu      ] GC(1116) User=0.13s Sys=0.00s Real=0.02s
[2025-12-25T07:11:18.648+0000][gc,start    ] GC(1117) Pause Young (Normal) (G1 Evacuation Pause)
[2025-12-25T07:11:18.649+0000][gc,task     ] GC(1117) Using 8 workers of 8 for evacuation
[2025-12-25T07:11:18.665+0000][gc,phases   ] GC(1117)   Pre Evacuate Collection Set: 2.7ms
[2025-12-25T07:11:18.665+0000][gc,phases   ] GC(1117)   Merge Heap Roots: 0.4ms
[2025-12-25T07:11:18.665+0000][gc,phases   ] GC(1117)   Evacuate Collection Set: 11.4ms
[2025-12-25T07:11:18.665+0000][gc,phases   ] GC(1117)   Post Evacuate Collection Set: 1.3ms
[2025-12-25T07:11:18.665+0000][gc,phases   ] GC(1117)   Other: 0.3ms
[2025-12-25T07:11:18.665+0000][gc,heap     ] GC(1117) Eden regions: 607->0(606)
[2025-12-25T07:11:18.665+0000][gc,heap     ] GC(1117) Survivor regions: 7->8(77)
[2025-12-25T07:11:18.665+0000][gc,heap     ] GC(1117) Old regions: 125->125
[2025-12-25T07:11:18.665+0000][gc,heap     ] GC(1117) Humongous regions: 151->151
[2025-12-25T07:11:18.665+0000][gc,metaspace] GC(1117) Metaspace: 16629K(17024K)->16629K(17024K) NonClass: 14841K(14976K)->14841K(14976K) Class: 1787K(2048K)->1787K(2048K)
[2025-12-25T07:11:18.665+0000][gc          ] GC(1117) Pause Young (Normal) (G1 Evacuation Pause) 889M->283M(1024M) 17.522ms
[2025-12-25T07:11:18.665+0000][gc,cpu      ] GC(1117) User=0.10s Sys=0.00s Real=0.02s
[2025-12-25T07:11:48.802+0000][gc,start    ] GC(1118) Pause Young (Normal) (G1 Evacuation Pause)
[2025-12-25T07:11:48.803+0000][gc,task     ] GC(1118) Using 8 workers of 8 for evacuation
[2025-12-25T07:11:48.817+0000][gc,phases   ] GC(1118)   Pre Evacuate Collection Set: 1.3ms
[2025-12-25T07:11:48.817+0000][gc,phases   ] GC(1118)   Merge Heap Roots: 0.3ms
[2025-12-25T07:11:48.818+0000][gc,phases   ] GC(1118)   Evacuate Collection Set: 11.5ms
[2025-12-25T07:11:48.818+0000][gc,phases   ] GC(1118)   Post Evacuate Collection Set: 1.0ms
[2025-12-25T07:11:48.818+0000][gc,phases   ] GC(1118)   Other: 0.2ms
[2025-12-25T07:11:48.818+0000][gc,heap     ] GC(1118) Eden regions: 606->0(604)
[2025-12-25T07:11:48.818+0000][gc,heap     ] GC(1118) Survivor regions: 8->10(77)
[2025-12-25T07:11:48.818+0000][gc,heap     ] GC(1118) Old regions: 125->126
[2025-12-25T07:11:48.818+0000][gc,heap     ] GC(1118) Humongous regions: 151->151
[2025-12-25T07:11:48.818+0000][gc,metaspace] GC(1118) Metaspace: 16629K(17024K)->16629K(17024K) NonClass: 14841K(14976K)->14841K(14976K) Class: 1787K(2048K)->1787K(2048K)
[2025-12-25T07:11:48.818+0000][gc          ] GC(1118) Pause Young (Normal) (G1 Evacuation Pause) 889M->285M(1024M) 16.017ms
[2025-12-25T07:11:48.818+0000][gc,cpu      ] GC(1118) User=0.10s Sys=0.01s Real=0.01s
[2025-12-25T07:12:18.912+0000][gc,start    ] GC(1119) Pause Young (Normal) (G1 Evacuation Pause)
[2025-12-25T07:12:18.912+0000][gc,task     ] GC(1119) Using 8 workers of 8 for evacuation
[2025-12-25T07:12:18.927+0000][gc,phases   ] GC(1119)   Pre Evacuate Collection Set: 1.3ms
[2025-12-25T07:12:18.927+0000][gc,phases   ] GC(1119)   Merge Heap Roots: 0.4ms
[2025-12-25T07:12:18.927+0000][gc,phases   ] GC(1119)   Evacuate Collection Set: 11.6ms
[2025-12-25T07:12:18.927+0000][gc,phases   ] GC(1119)   Post Evacuate Collection Set: 1.0ms
[2025-12-25T07:12:18.927+0000][gc,phases   ] GC(1119)   Other: 0.3ms
[2025-12-25T07:12:18.927+0000][gc,heap     ] GC(1119) Eden regions: 604->0(604)
[2025-12-25T07:12:18.927+0000][gc,heap     ] GC(1119) Survivor regions: 10->10(77)
[2025-12-25T07:12:18.927+0000][gc,heap     ] GC(1119) Old regions: 126->126
[2025-12-25T07:12:18.927+0000][gc,heap     ] GC(1119) Humongous regions: 151->151
[2025-12-25T07:12:18.927+0000][gc,metaspace] GC(1119) Metaspace: 16629K(17024K)->16629K(17024K) NonClass: 14841K(14976K)->14841K(14976K) Class: 1787K(2048K)->1787K(2048K)
[2025-12-25T07:12:18.927+0000][gc          ] GC(1119) Pause Young (Normal) (G1 Evacuation Pause) 889M->286M(1024M) 15.537ms
[2025-12-25T07:12:18.927+0000][gc,cpu      ] GC(1119) User=0.09s Sys=0.00s Real=0.01s
[2025-12-25T07:12:58.516+0000][gc,start    ] GC(1120) Pause Young (Normal) (G1 Evacuation Pause)
[2025-12-25T07:12:58.517+0000][gc,task     ] GC(1120) Using 8 workers of 8 for evacuation
[2025-12-25T07:12:58.532+0000][gc,phases   ] GC(1120)   Pre Evacuate Collection Set: 1.2ms
[2025-12-25T07:12:58.532+0000][gc,phases   ] GC(1120)   Merge Heap Roots: 0.3ms
[2025-12-25T07:12:58.532+0000][gc,phases   ] GC(1120)   Evacuate Collection Set: 12.8ms
[2025-12-25T07:12:58.532+0000][gc,phases   ] GC(1120)   Post Evacuate Collection Set: 1.0ms
[2025-12-25T07:12:58.532+0000][gc,phases   ] GC(1120)   Other: 0.2ms
[2025-12-25T07:12:58.532+0000][gc,heap     ] GC(1120) Eden regions: 604->0(605)
[2025-12-25T07:12:58.532+0000][gc,heap     ] GC(1120) Survivor regions: 10->9(77)
[2025-12-25T07:12:58.533+0000][gc,heap     ] GC(1120) Old regions: 126->126
[2025-12-25T07:12:58.533+0000][gc,heap     ] GC(1120) Humongous regions: 151->151
[2025-12-25T07:12:58.533+0000][gc,metaspace] GC(1120) Metaspace: 16629K(17024K)->16629K(17024K) NonClass: 14841K(14976K)->14841K(14976K) Class: 1787K(2048K)->1787K(2048K)
[2025-12-25T07:12:58.533+0000][gc          ] GC(1120) Pause Young (Normal) (G1 Evacuation Pause) 890M->285M(1024M) 16.759ms
[2025-12-25T07:12:58.533+0000][gc,cpu      ] GC(1120) User=0.11s Sys=0.01s Real=0.02s
[2025-12-25T07:13:28.659+0000][gc,start    ] GC(1121) Pause Young (Normal) (G1 Evacuation Pause)
[2025-12-25T07:13:28.660+0000][gc,task     ] GC(1121) Using 8 workers of 8 for evacuation
[2025-12-25T07:13:28.673+0000][gc,phases   ] GC(1121)   Pre Evacuate Collection Set: 1.1ms
[2025-12-25T07:13:28.673+0000][gc,phases   ] GC(1121)   Merge Heap Roots: 0.4ms
[2025-12-25T07:13:28.673+0000][gc,phases   ] GC(1121)   Evacuate Collection Set: 10.2ms
[2025-12-25T07:13:28.673+0000][gc,phases   ] GC(1121)   Post Evacuate Collection Set: 1.2ms
[2025-12-25T07:13:28.673+0000][gc,phases   ] GC(1121)   Other: 0.2ms
[2025-12-25T07:13:28.673+0000][gc,heap     ] GC(1121) Eden regions: 605->0(607)
[2025-12-25T07:13:28.673+0000][gc,heap     ] GC(1121) Survivor regions: 9->7(77)
[2025-12-25T07:13:28.673+0000][gc,heap     ] GC(1121) Old regions: 126->127
[2025-12-25T07:13:28.673+0000][gc,heap     ] GC(1121) Humongous regions: 151->151
[2025-12-25T07:13:28.673+0000][gc,metaspace] GC(1121) Metaspace: 16629K(17024K)->16629K(17024K) NonClass: 14841K(14976K)->14841K(14976K) Class: 1787K(2048K)->1787K(2048K)
[2025-12-25T07:13:28.673+0000][gc          ] GC(1121) Pause Young (Normal) (G1 Evacuation Pause) 890M->284M(1024M) 14.174ms
[2025-12-25T07:13:28.673+0000][gc,cpu      ] GC(1121) User=0.08s Sys=0.00s Real=0.02s
[2025-12-25T07:13:58.798+0000][gc,start    ] GC(1122) Pause Young (Normal) (G1 Evacuation Pause)
[2025-12-25T07:13:58.798+0000][gc,task     ] GC(1122) Using 8 workers of 8 for evacuation
[2025-12-25T07:13:58.813+0000][gc,phases   ] GC(1122)   Pre Evacuate Collection Set: 1.5ms
[2025-12-25T07:13:58.813+0000][gc,phases   ] GC(1122)   Merge Heap Roots: 0.8ms
[2025-12-25T07:13:58.814+0000][gc,phases   ] GC(1122)   Evacuate Collection Set: 10.4ms
[2025-12-25T07:13:58.814+0000][gc,phases   ] GC(1122)   Post Evacuate Collection Set: 1.5ms
[2025-12-25T07:13:58.814+0000][gc,phases   ] GC(1122)   Other: 0.9ms
[2025-12-25T07:13:58.814+0000][gc,heap     ] GC(1122) Eden regions: 607->0(605)
[2025-12-25T07:13:58.814+0000][gc,heap     ] GC(1122) Survivor regions: 7->9(77)
[2025-12-25T07:13:58.814+0000][gc,heap     ] GC(1122) Old regions: 127->127
[2025-12-25T07:13:58.814+0000][gc,heap     ] GC(1122) Humongous regions: 151->151
[2025-12-25T07:13:58.814+0000][gc,metaspace] GC(1122) Metaspace: 16629K(17024K)->16629K(17024K) NonClass: 14841K(14976K)->14841K(14976K) Class: 1787K(2048K)->1787K(2048K)
[2025-12-25T07:13:58.814+0000][gc          ] GC(1122) Pause Young (Normal) (G1 Evacuation Pause) 891M->285M(1024M) 16.273ms
[2025-12-25T07:13:58.814+0000][gc,cpu      ] GC(1122) User=0.09s Sys=0.00s Real=0.02s
[2025-12-25T07:14:32.320+0000][gc,start    ] GC(1123) Pause Young (Normal) (G1 Evacuation Pause)
[2025-12-25T07:14:32.321+0000][gc,task     ] GC(1123) Using 8 workers of 8 for evacuation
[2025-12-25T07:14:32.344+0000][gc,phases   ] GC(1123)   Pre Evacuate Collection Set: 2.3ms
[2025-12-25T07:14:32.345+0000][gc,phases   ] GC(1123)   Merge Heap Roots: 1.3ms
[2025-12-25T07:14:32.345+0000][gc,phases   ] GC(1123)   Evacuate Collection Set: 17.0ms
[2025-12-25T07:14:32.345+0000][gc,phases   ] GC(1123)   Post Evacuate Collection Set: 2.2ms
[2025-12-25T07:14:32.345+0000][gc,phases   ] GC(1123)   Other: 0.6ms
[2025-12-25T07:14:32.345+0000][gc,heap     ] GC(1123) Eden regions: 605->0(607)
[2025-12-25T07:14:32.345+0000][gc,heap     ] GC(1123) Survivor regions: 9->7(77)
[2025-12-25T07:14:32.345+0000][gc,heap     ] GC(1123) Old regions: 127->127
[2025-12-25T07:14:32.345+0000][gc,heap     ] GC(1123) Humongous regions: 151->151
[2025-12-25T07:14:32.345+0000][gc,metaspace] GC(1123) Metaspace: 16629K(17024K)->16629K(17024K) NonClass: 14841K(14976K)->14841K(14976K) Class: 1787K(2048K)->1787K(2048K)
[2025-12-25T07:14:32.345+0000][gc          ] GC(1123) Pause Young (Normal) (G1 Evacuation Pause) 890M->284M(1024M) 25.026ms
[2025-12-25T07:14:32.345+0000][gc,cpu      ] GC(1123) User=0.12s Sys=0.00s Real=0.02s
[2025-12-25T07:15:08.522+0000][gc,start    ] GC(1124) Pause Young (Normal) (G1 Evacuation Pause)
[2025-12-25T07:15:08.523+0000][gc,task     ] GC(1124) Using 8 workers of 8 for evacuation
[2025-12-25T07:15:08.544+0000][gc,phases   ] GC(1124)   Pre Evacuate Collection Set: 2.2ms
[2025-12-25T07:15:08.544+0000][gc,phases   ] GC(1124)   Merge Heap Roots: 3.6ms
[2025-12-25T07:15:08.544+0000][gc,phases   ] GC(1124)   Evacuate Collection Set: 13.2ms
[2025-12-25T07:15:08.544+0000][gc,phases   ] GC(1124)   Post Evacuate Collection Set: 1.1ms
[2025-12-25T07:15:08.544+0000][gc,phases   ] GC(1124)   Other: 0.8ms
[2025-12-25T07:15:08.544+0000][gc,heap     ] GC(1124) Eden regions: 607->0(605)
[2025-12-25T07:15:08.544+0000][gc,heap     ] GC(1124) Survivor regions: 7->9(77)
[2025-12-25T07:15:08.544+0000][gc,heap     ] GC(1124) Old regions: 127->128
[2025-12-25T07:15:08.544+0000][gc,heap     ] GC(1124) Humongous regions: 151->151
[2025-12-25T07:15:08.544+0000][gc,metaspace] GC(1124) Metaspace: 16629K(17024K)->16629K(17024K) NonClass: 14841K(14976K)->14841K(14976K) Class: 1787K(2048K)->1787K(2048K)
[2025-12-25T07:15:08.544+0000][gc          ] GC(1124) Pause Young (Normal) (G1 Evacuation Pause) 891M->286M(1024M) 22.136ms
[2025-12-25T07:15:08.544+0000][gc,cpu      ] GC(1124) User=0.13s Sys=0.00s Real=0.02s
[2025-12-25T07:15:38.709+0000][gc,start    ] GC(1125) Pause Young (Normal) (G1 Evacuation Pause)
[2025-12-25T07:15:38.711+0000][gc,task     ] GC(1125) Using 8 workers of 8 for evacuation
[2025-12-25T07:15:38.731+0000][gc,phases   ] GC(1125)   Pre Evacuate Collection Set: 4.0ms
[2025-12-25T07:15:38.732+0000][gc,phases   ] GC(1125)   Merge Heap Roots: 1.2ms
[2025-12-25T07:15:38.732+0000][gc,phases   ] GC(1125)   Evacuate Collection Set: 14.1ms
[2025-12-25T07:15:38.732+0000][gc,phases   ] GC(1125)   Post Evacuate Collection Set: 1.2ms
[2025-12-25T07:15:38.732+0000][gc,phases   ] GC(1125)   Other: 0.7ms
[2025-12-25T07:15:38.732+0000][gc,heap     ] GC(1125) Eden regions: 605->0(604)
[2025-12-25T07:15:38.732+0000][gc,heap     ] GC(1125) Survivor regions: 9->10(77)
[2025-12-25T07:15:38.732+0000][gc,heap     ] GC(1125) Old regions: 128->128
[2025-12-25T07:15:38.732+0000][gc,heap     ] GC(1125) Humongous regions: 151->151
[2025-12-25T07:15:38.732+0000][gc,metaspace] GC(1125) Metaspace: 16629K(17024K)->16629K(17024K) NonClass: 14841K(14976K)->14841K(14976K) Class: 1787K(2048K)->1787K(2048K)
[2025-12-25T07:15:38.732+0000][gc          ] GC(1125) Pause Young (Normal) (G1 Evacuation Pause) 891M->288M(1024M) 22.968ms
[2025-12-25T07:15:38.732+0000][gc,cpu      ] GC(1125) User=0.12s Sys=0.00s Real=0.02s
[2025-12-25T07:16:08.879+0000][gc,start    ] GC(1126) Pause Young (Normal) (G1 Evacuation Pause)
[2025-12-25T07:16:08.880+0000][gc,task     ] GC(1126) Using 8 workers of 8 for evacuation
[2025-12-25T07:16:08.893+0000][gc,phases   ] GC(1126)   Pre Evacuate Collection Set: 1.1ms
[2025-12-25T07:16:08.893+0000][gc,phases   ] GC(1126)   Merge Heap Roots: 0.3ms
[2025-12-25T07:16:08.893+0000][gc,phases   ] GC(1126)   Evacuate Collection Set: 10.8ms
[2025-12-25T07:16:08.893+0000][gc,phases   ] GC(1126)   Post Evacuate Collection Set: 1.0ms
[2025-12-25T07:16:08.893+0000][gc,phases   ] GC(1126)   Other: 0.2ms
[2025-12-25T07:16:08.893+0000][gc,heap     ] GC(1126) Eden regions: 604->0(606)
[2025-12-25T07:16:08.893+0000][gc,heap     ] GC(1126) Survivor regions: 10->8(77)
[2025-12-25T07:16:08.893+0000][gc,heap     ] GC(1126) Old regions: 128->128
[2025-12-25T07:16:08.893+0000][gc,heap     ] GC(1126) Humongous regions: 151->151
[2025-12-25T07:16:08.894+0000][gc,metaspace] GC(1126) Metaspace: 16629K(17024K)->16629K(17024K) NonClass: 14841K(14976K)->14841K(14976K) Class: 1787K(2048K)->1787K(2048K)
[2025-12-25T07:16:08.894+0000][gc          ] GC(1126) Pause Young (Normal) (G1 Evacuation Pause) 892M->286M(1024M) 14.849ms
[2025-12-25T07:16:08.894+0000][gc,cpu      ] GC(1126) User=0.07s Sys=0.00s Real=0.01s
[2025-12-25T07:16:48.409+0000][gc,start    ] GC(1127) Pause Young (Normal) (G1 Evacuation Pause)
[2025-12-25T07:16:48.409+0000][gc,task     ] GC(1127) Using 8 workers of 8 for evacuation
[2025-12-25T07:16:48.434+0000][gc,phases   ] GC(1127)   Pre Evacuate Collection Set: 2.1ms
[2025-12-25T07:16:48.435+0000][gc,phases   ] GC(1127)   Merge Heap Roots: 0.7ms
[2025-12-25T07:16:48.435+0000][gc,phases   ] GC(1127)   Evacuate Collection Set: 18.9ms
[2025-12-25T07:16:48.435+0000][gc,phases   ] GC(1127)   Post Evacuate Collection Set: 3.0ms
[2025-12-25T07:16:48.435+0000][gc,phases   ] GC(1127)   Other: 0.4ms
[2025-12-25T07:16:48.435+0000][gc,heap     ] GC(1127) Eden regions: 606->0(607)
[2025-12-25T07:16:48.435+0000][gc,heap     ] GC(1127) Survivor regions: 8->7(77)
[2025-12-25T07:16:48.435+0000][gc,heap     ] GC(1127) Old regions: 128->129
[2025-12-25T07:16:48.435+0000][gc,heap     ] GC(1127) Humongous regions: 151->151
[2025-12-25T07:16:48.435+0000][gc,metaspace] GC(1127) Metaspace: 16629K(17024K)->16629K(17024K) NonClass: 14841K(14976K)->14841K(14976K) Class: 1787K(2048K)->1787K(2048K)
[2025-12-25T07:16:48.436+0000][gc          ] GC(1127) Pause Young (Normal) (G1 Evacuation Pause) 892M->285M(1024M) 26.960ms
[2025-12-25T07:16:48.436+0000][gc,cpu      ] GC(1127) User=0.16s Sys=0.00s Real=0.03s
[2025-12-25T07:17:18.598+0000][gc,start    ] GC(1128) Pause Young (Normal) (G1 Evacuation Pause)
[2025-12-25T07:17:18.599+0000][gc,task     ] GC(1128) Using 8 workers of 8 for evacuation
[2025-12-25T07:17:18.612+0000][gc,phases   ] GC(1128)   Pre Evacuate Collection Set: 1.0ms
[2025-12-25T07:17:18.612+0000][gc,phases   ] GC(1128)   Merge Heap Roots: 0.4ms
[2025-12-25T07:17:18.612+0000][gc,phases   ] GC(1128)   Evacuate Collection Set: 11.0ms
[2025-12-25T07:17:18.613+0000][gc,phases   ] GC(1128)   Post Evacuate Collection Set: 1.0ms
[2025-12-25T07:17:18.613+0000][gc,phases   ] GC(1128)   Other: 0.3ms
[2025-12-25T07:17:18.613+0000][gc,heap     ] GC(1128) Eden regions: 607->0(606)
[2025-12-25T07:17:18.613+0000][gc,heap     ] GC(1128) Survivor regions: 7->8(77)
[2025-12-25T07:17:18.613+0000][gc,heap     ] GC(1128) Old regions: 129->129
[2025-12-25T07:17:18.613+0000][gc,heap     ] GC(1128) Humongous regions: 151->151
[2025-12-25T07:17:18.613+0000][gc,metaspace] GC(1128) Metaspace: 16629K(17024K)->16629K(17024K) NonClass: 14841K(14976K)->14841K(14976K) Class: 1787K(2048K)->1787K(2048K)
[2025-12-25T07:17:18.613+0000][gc          ] GC(1128) Pause Young (Normal) (G1 Evacuation Pause) 892M->287M(1024M) 14.846ms
[2025-12-25T07:17:18.613+0000][gc,cpu      ] GC(1128) User=0.10s Sys=0.00s Real=0.02s
[2025-12-25T07:17:48.723+0000][gc,start    ] GC(1129) Pause Young (Normal) (G1 Evacuation Pause)
[2025-12-25T07:17:48.724+0000][gc,task     ] GC(1129) Using 8 workers of 8 for evacuation
[2025-12-25T07:17:48.744+0000][gc,phases   ] GC(1129)   Pre Evacuate Collection Set: 1.4ms
[2025-12-25T07:17:48.744+0000][gc,phases   ] GC(1129)   Merge Heap Roots: 2.4ms
[2025-12-25T07:17:48.744+0000][gc,phases   ] GC(1129)   Evacuate Collection Set: 14.6ms
[2025-12-25T07:17:48.744+0000][gc,phases   ] GC(1129)   Post Evacuate Collection Set: 1.2ms
[2025-12-25T07:17:48.744+0000][gc,phases   ] GC(1129)   Other: 0.4ms
[2025-12-25T07:17:48.744+0000][gc,heap     ] GC(1129) Eden regions: 606->0(605)
[2025-12-25T07:17:48.744+0000][gc,heap     ] GC(1129) Survivor regions: 8->9(77)
[2025-12-25T07:17:48.744+0000][gc,heap     ] GC(1129) Old regions: 129->129
[2025-12-25T07:17:48.745+0000][gc,heap     ] GC(1129) Humongous regions: 151->151
[2025-12-25T07:17:48.745+0000][gc,metaspace] GC(1129) Metaspace: 16629K(17024K)->16629K(17024K) NonClass: 14841K(14976K)->14841K(14976K) Class: 1787K(2048K)->1787K(2048K)
[2025-12-25T07:17:48.745+0000][gc          ] GC(1129) Pause Young (Normal) (G1 Evacuation Pause) 893M->288M(1024M) 21.407ms
[2025-12-25T07:17:48.745+0000][gc,cpu      ] GC(1129) User=0.12s Sys=0.00s Real=0.03s
[2025-12-25T07:18:18.953+0000][gc,start    ] GC(1130) Pause Young (Normal) (G1 Evacuation Pause)
[2025-12-25T07:18:18.954+0000][gc,task     ] GC(1130) Using 8 workers of 8 for evacuation
[2025-12-25T07:18:18.970+0000][gc,phases   ] GC(1130)   Pre Evacuate Collection Set: 1.2ms
[2025-12-25T07:18:18.970+0000][gc,phases   ] GC(1130)   Merge Heap Roots: 0.3ms
[2025-12-25T07:18:18.970+0000][gc,phases   ] GC(1130)   Evacuate Collection Set: 12.6ms
[2025-12-25T07:18:18.970+0000][gc,phases   ] GC(1130)   Post Evacuate Collection Set: 1.1ms
[2025-12-25T07:18:18.970+0000][gc,phases   ] GC(1130)   Other: 0.4ms
[2025-12-25T07:18:18.970+0000][gc,heap     ] GC(1130) Eden regions: 605->0(603)
[2025-12-25T07:18:18.970+0000][gc,heap     ] GC(1130) Survivor regions: 9->11(77)
[2025-12-25T07:18:18.970+0000][gc,heap     ] GC(1130) Old regions: 129->130
[2025-12-25T07:18:18.970+0000][gc,heap     ] GC(1130) Humongous regions: 151->151
[2025-12-25T07:18:18.971+0000][gc,metaspace] GC(1130) Metaspace: 16629K(17024K)->16629K(17024K) NonClass: 14841K(14976K)->14841K(14976K) Class: 1787K(2048K)->1787K(2048K)
[2025-12-25T07:18:18.971+0000][gc          ] GC(1130) Pause Young (Normal) (G1 Evacuation Pause) 893M->291M(1024M) 17.420ms
[2025-12-25T07:18:18.971+0000][gc,cpu      ] GC(1130) User=0.11s Sys=0.00s Real=0.02s
[2025-12-25T07:18:58.404+0000][gc,start    ] GC(1131) Pause Young (Normal) (G1 Evacuation Pause)
[2025-12-25T07:18:58.405+0000][gc,task     ] GC(1131) Using 8 workers of 8 for evacuation
[2025-12-25T07:18:58.436+0000][gc,phases   ] GC(1131)   Pre Evacuate Collection Set: 2.7ms
[2025-12-25T07:18:58.436+0000][gc,phases   ] GC(1131)   Merge Heap Roots: 2.3ms
[2025-12-25T07:18:58.436+0000][gc,phases   ] GC(1131)   Evacuate Collection Set: 23.8ms
[2025-12-25T07:18:58.436+0000][gc,phases   ] GC(1131)   Post Evacuate Collection Set: 1.4ms
[2025-12-25T07:18:58.436+0000][gc,phases   ] GC(1131)   Other: 1.2ms
[2025-12-25T07:18:58.436+0000][gc,heap     ] GC(1131) Eden regions: 603->0(605)
[2025-12-25T07:18:58.436+0000][gc,heap     ] GC(1131) Survivor regions: 11->9(77)
[2025-12-25T07:18:58.437+0000][gc,heap     ] GC(1131) Old regions: 130->130
[2025-12-25T07:18:58.437+0000][gc,heap     ] GC(1131) Humongous regions: 151->151
[2025-12-25T07:18:58.437+0000][gc,metaspace] GC(1131) Metaspace: 16638K(17024K)->16638K(17024K) NonClass: 14851K(14976K)->14851K(14976K) Class: 1787K(2048K)->1787K(2048K)
[2025-12-25T07:18:58.437+0000][gc          ] GC(1131) Pause Young (Normal) (G1 Evacuation Pause) 894M->289M(1024M) 32.905ms
[2025-12-25T07:18:58.437+0000][gc,cpu      ] GC(1131) User=0.21s Sys=0.00s Real=0.03s
[2025-12-25T07:19:28.598+0000][gc,start    ] GC(1132) Pause Young (Normal) (G1 Evacuation Pause)
[2025-12-25T07:19:28.599+0000][gc,task     ] GC(1132) Using 8 workers of 8 for evacuation
[2025-12-25T07:19:28.628+0000][gc,phases   ] GC(1132)   Pre Evacuate Collection Set: 2.4ms
[2025-12-25T07:19:28.628+0000][gc,phases   ] GC(1132)   Merge Heap Roots: 0.4ms
[2025-12-25T07:19:28.628+0000][gc,phases   ] GC(1132)   Evacuate Collection Set: 24.0ms
[2025-12-25T07:19:28.628+0000][gc,phases   ] GC(1132)   Post Evacuate Collection Set: 1.3ms
[2025-12-25T07:19:28.628+0000][gc,phases   ] GC(1132)   Other: 0.4ms
[2025-12-25T07:19:28.628+0000][gc,heap     ] GC(1132) Eden regions: 605->0(604)
[2025-12-25T07:19:28.628+0000][gc,heap     ] GC(1132) Survivor regions: 9->10(77)
[2025-12-25T07:19:28.628+0000][gc,heap     ] GC(1132) Old regions: 130->130
[2025-12-25T07:19:28.628+0000][gc,heap     ] GC(1132) Humongous regions: 151->151
[2025-12-25T07:19:28.628+0000][gc,metaspace] GC(1132) Metaspace: 16638K(17024K)->16638K(17024K) NonClass: 14851K(14976K)->14851K(14976K) Class: 1787K(2048K)->1787K(2048K)
[2025-12-25T07:19:28.628+0000][gc          ] GC(1132) Pause Young (Normal) (G1 Evacuation Pause) 894M->290M(1024M) 29.990ms
[2025-12-25T07:19:28.628+0000][gc,cpu      ] GC(1132) User=0.19s Sys=0.00s Real=0.03s
[2025-12-25T07:19:58.714+0000][gc,start    ] GC(1133) Pause Young (Normal) (G1 Evacuation Pause)
[2025-12-25T07:19:58.715+0000][gc,task     ] GC(1133) Using 8 workers of 8 for evacuation
[2025-12-25T07:19:58.746+0000][gc,phases   ] GC(1133)   Pre Evacuate Collection Set: 1.3ms
[2025-12-25T07:19:58.746+0000][gc,phases   ] GC(1133)   Merge Heap Roots: 0.4ms
[2025-12-25T07:19:58.746+0000][gc,phases   ] GC(1133)   Evacuate Collection Set: 28.2ms
[2025-12-25T07:19:58.746+0000][gc,phases   ] GC(1133)   Post Evacuate Collection Set: 1.1ms
[2025-12-25T07:19:58.747+0000][gc,phases   ] GC(1133)   Other: 0.4ms
[2025-12-25T07:19:58.747+0000][gc,heap     ] GC(1133) Eden regions: 604->0(603)
[2025-12-25T07:19:58.747+0000][gc,heap     ] GC(1133) Survivor regions: 10->11(77)
[2025-12-25T07:19:58.747+0000][gc,heap     ] GC(1133) Old regions: 130->131
[2025-12-25T07:19:58.747+0000][gc,heap     ] GC(1133) Humongous regions: 151->151
[2025-12-25T07:19:58.747+0000][gc,metaspace] GC(1133) Metaspace: 16638K(17024K)->16638K(17024K) NonClass: 14851K(14976K)->14851K(14976K) Class: 1787K(2048K)->1787K(2048K)
[2025-12-25T07:19:58.747+0000][gc          ] GC(1133) Pause Young (Normal) (G1 Evacuation Pause) 894M->291M(1024M) 32.463ms
[2025-12-25T07:19:58.747+0000][gc,cpu      ] GC(1133) User=0.23s Sys=0.00s Real=0.03s
[2025-12-25T07:20:28.871+0000][gc,start    ] GC(1134) Pause Young (Normal) (G1 Evacuation Pause)
[2025-12-25T07:20:28.871+0000][gc,task     ] GC(1134) Using 8 workers of 8 for evacuation
[2025-12-25T07:20:28.890+0000][gc,phases   ] GC(1134)   Pre Evacuate Collection Set: 1.3ms
[2025-12-25T07:20:28.890+0000][gc,phases   ] GC(1134)   Merge Heap Roots: 0.4ms
[2025-12-25T07:20:28.890+0000][gc,phases   ] GC(1134)   Evacuate Collection Set: 15.7ms
[2025-12-25T07:20:28.890+0000][gc,phases   ] GC(1134)   Post Evacuate Collection Set: 1.0ms
[2025-12-25T07:20:28.890+0000][gc,phases   ] GC(1134)   Other: 0.3ms
[2025-12-25T07:20:28.890+0000][gc,heap     ] GC(1134) Eden regions: 603->0(601)
[2025-12-25T07:20:28.890+0000][gc,heap     ] GC(1134) Survivor regions: 11->13(77)
[2025-12-25T07:20:28.890+0000][gc,heap     ] GC(1134) Old regions: 131->131
[2025-12-25T07:20:28.890+0000][gc,heap     ] GC(1134) Humongous regions: 151->151
[2025-12-25T07:20:28.890+0000][gc,metaspace] GC(1134) Metaspace: 16638K(17024K)->16638K(17024K) NonClass: 14851K(14976K)->14851K(14976K) Class: 1787K(2048K)->1787K(2048K)
[2025-12-25T07:20:28.891+0000][gc          ] GC(1134) Pause Young (Normal) (G1 Evacuation Pause) 894M->294M(1024M) 19.960ms
[2025-12-25T07:20:28.891+0000][gc,cpu      ] GC(1134) User=0.13s Sys=0.00s Real=0.02s
[2025-12-25T07:21:08.399+0000][gc,start    ] GC(1135) Pause Young (Normal) (G1 Evacuation Pause)
[2025-12-25T07:21:08.400+0000][gc,task     ] GC(1135) Using 8 workers of 8 for evacuation
[2025-12-25T07:21:08.432+0000][gc,phases   ] GC(1135)   Pre Evacuate Collection Set: 1.6ms
[2025-12-25T07:21:08.432+0000][gc,phases   ] GC(1135)   Merge Heap Roots: 0.5ms
[2025-12-25T07:21:08.432+0000][gc,phases   ] GC(1135)   Evacuate Collection Set: 27.8ms
[2025-12-25T07:21:08.432+0000][gc,phases   ] GC(1135)   Post Evacuate Collection Set: 2.2ms
[2025-12-25T07:21:08.432+0000][gc,phases   ] GC(1135)   Other: 0.4ms
[2025-12-25T07:21:08.433+0000][gc,heap     ] GC(1135) Eden regions: 601->0(604)
[2025-12-25T07:21:08.433+0000][gc,heap     ] GC(1135) Survivor regions: 13->10(77)
[2025-12-25T07:21:08.433+0000][gc,heap     ] GC(1135) Old regions: 131->131
[2025-12-25T07:21:08.433+0000][gc,heap     ] GC(1135) Humongous regions: 151->151
[2025-12-25T07:21:08.433+0000][gc,metaspace] GC(1135) Metaspace: 16638K(17024K)->16638K(17024K) NonClass: 14851K(14976K)->14851K(14976K) Class: 1787K(2048K)->1787K(2048K)
[2025-12-25T07:21:08.433+0000][gc          ] GC(1135) Pause Young (Normal) (G1 Evacuation Pause) 895M->291M(1024M) 33.753ms
[2025-12-25T07:21:08.433+0000][gc,cpu      ] GC(1135) User=0.23s Sys=0.00s Real=0.04s
[2025-12-25T07:21:38.571+0000][gc,start    ] GC(1136) Pause Young (Normal) (G1 Evacuation Pause)
[2025-12-25T07:21:38.572+0000][gc,task     ] GC(1136) Using 8 workers of 8 for evacuation
[2025-12-25T07:21:38.600+0000][gc,phases   ] GC(1136)   Pre Evacuate Collection Set: 1.2ms
[2025-12-25T07:21:38.600+0000][gc,phases   ] GC(1136)   Merge Heap Roots: 0.5ms
[2025-12-25T07:21:38.600+0000][gc,phases   ] GC(1136)   Evacuate Collection Set: 19.9ms
[2025-12-25T07:21:38.601+0000][gc,phases   ] GC(1136)   Post Evacuate Collection Set: 6.2ms
[2025-12-25T07:21:38.601+0000][gc,phases   ] GC(1136)   Other: 0.3ms
[2025-12-25T07:21:38.601+0000][gc,heap     ] GC(1136) Eden regions: 604->0(606)
[2025-12-25T07:21:38.601+0000][gc,heap     ] GC(1136) Survivor regions: 10->8(77)
[2025-12-25T07:21:38.601+0000][gc,heap     ] GC(1136) Old regions: 131->132
[2025-12-25T07:21:38.601+0000][gc,heap     ] GC(1136) Humongous regions: 151->151
[2025-12-25T07:21:38.601+0000][gc,metaspace] GC(1136) Metaspace: 16638K(17024K)->16638K(17024K) NonClass: 14851K(14976K)->14851K(14976K) Class: 1787K(2048K)->1787K(2048K)
[2025-12-25T07:21:38.601+0000][gc          ] GC(1136) Pause Young (Normal) (G1 Evacuation Pause) 895M->290M(1024M) 29.628ms
[2025-12-25T07:21:38.601+0000][gc,cpu      ] GC(1136) User=0.17s Sys=0.00s Real=0.03s
[2025-12-25T07:22:08.725+0000][gc,start    ] GC(1137) Pause Young (Normal) (G1 Evacuation Pause)
[2025-12-25T07:22:08.725+0000][gc,task     ] GC(1137) Using 8 workers of 8 for evacuation
[2025-12-25T07:22:08.754+0000][gc,phases   ] GC(1137)   Pre Evacuate Collection Set: 1.0ms
[2025-12-25T07:22:08.754+0000][gc,phases   ] GC(1137)   Merge Heap Roots: 0.3ms
[2025-12-25T07:22:08.754+0000][gc,phases   ] GC(1137)   Evacuate Collection Set: 25.2ms
[2025-12-25T07:22:08.754+0000][gc,phases   ] GC(1137)   Post Evacuate Collection Set: 2.0ms
[2025-12-25T07:22:08.755+0000][gc,phases   ] GC(1137)   Other: 0.2ms
[2025-12-25T07:22:08.755+0000][gc,heap     ] GC(1137) Eden regions: 606->0(605)
[2025-12-25T07:22:08.755+0000][gc,heap     ] GC(1137) Survivor regions: 8->9(77)
[2025-12-25T07:22:08.755+0000][gc,heap     ] GC(1137) Old regions: 132->132
[2025-12-25T07:22:08.755+0000][gc,heap     ] GC(1137) Humongous regions: 151->151
[2025-12-25T07:22:08.755+0000][gc,metaspace] GC(1137) Metaspace: 16638K(17024K)->16638K(17024K) NonClass: 14851K(14976K)->14851K(14976K) Class: 1787K(2048K)->1787K(2048K)
[2025-12-25T07:22:08.755+0000][gc          ] GC(1137) Pause Young (Normal) (G1 Evacuation Pause) 896M->291M(1024M) 29.936ms
[2025-12-25T07:22:08.755+0000][gc,cpu      ] GC(1137) User=0.19s Sys=0.00s Real=0.03s
[2025-12-25T07:22:38.874+0000][gc,start    ] GC(1138) Pause Young (Normal) (G1 Evacuation Pause)
[2025-12-25T07:22:38.874+0000][gc,task     ] GC(1138) Using 8 workers of 8 for evacuation
[2025-12-25T07:22:38.900+0000][gc,phases   ] GC(1138)   Pre Evacuate Collection Set: 1.0ms
[2025-12-25T07:22:38.900+0000][gc,phases   ] GC(1138)   Merge Heap Roots: 0.4ms
[2025-12-25T07:22:38.900+0000][gc,phases   ] GC(1138)   Evacuate Collection Set: 21.2ms
[2025-12-25T07:22:38.900+0000][gc,phases   ] GC(1138)   Post Evacuate Collection Set: 2.7ms
[2025-12-25T07:22:38.900+0000][gc,phases   ] GC(1138)   Other: 0.3ms
[2025-12-25T07:22:38.900+0000][gc,heap     ] GC(1138) Eden regions: 605->0(604)
[2025-12-25T07:22:38.900+0000][gc,heap     ] GC(1138) Survivor regions: 9->10(77)
[2025-12-25T07:22:38.900+0000][gc,heap     ] GC(1138) Old regions: 132->132
[2025-12-25T07:22:38.900+0000][gc,heap     ] GC(1138) Humongous regions: 151->151
[2025-12-25T07:22:38.901+0000][gc,metaspace] GC(1138) Metaspace: 16638K(17024K)->16638K(17024K) NonClass: 14851K(14976K)->14851K(14976K) Class: 1787K(2048K)->1787K(2048K)
[2025-12-25T07:22:38.901+0000][gc          ] GC(1138) Pause Young (Normal) (G1 Evacuation Pause) 896M->292M(1024M) 26.975ms
[2025-12-25T07:22:38.901+0000][gc,cpu      ] GC(1138) User=0.18s Sys=0.00s Real=0.03s
[2025-12-25T07:23:18.419+0000][gc,start    ] GC(1139) Pause Young (Normal) (G1 Evacuation Pause)
[2025-12-25T07:23:18.421+0000][gc,task     ] GC(1139) Using 8 workers of 8 for evacuation
[2025-12-25T07:23:18.453+0000][gc,phases   ] GC(1139)   Pre Evacuate Collection Set: 2.7ms
[2025-12-25T07:23:18.454+0000][gc,phases   ] GC(1139)   Merge Heap Roots: 0.5ms
[2025-12-25T07:23:18.454+0000][gc,phases   ] GC(1139)   Evacuate Collection Set: 27.9ms
[2025-12-25T07:23:18.454+0000][gc,phases   ] GC(1139)   Post Evacuate Collection Set: 1.4ms
[2025-12-25T07:23:18.454+0000][gc,phases   ] GC(1139)   Other: 0.6ms
[2025-12-25T07:23:18.454+0000][gc,heap     ] GC(1139) Eden regions: 604->0(605)
[2025-12-25T07:23:18.454+0000][gc,heap     ] GC(1139) Survivor regions: 10->9(77)
[2025-12-25T07:23:18.454+0000][gc,heap     ] GC(1139) Old regions: 132->133
[2025-12-25T07:23:18.454+0000][gc,heap     ] GC(1139) Humongous regions: 151->151
[2025-12-25T07:23:18.454+0000][gc,metaspace] GC(1139) Metaspace: 16638K(17024K)->16638K(17024K) NonClass: 14851K(14976K)->14851K(14976K) Class: 1787K(2048K)->1787K(2048K)
[2025-12-25T07:23:18.454+0000][gc          ] GC(1139) Pause Young (Normal) (G1 Evacuation Pause) 896M->291M(1024M) 34.600ms
[2025-12-25T07:23:18.454+0000][gc,cpu      ] GC(1139) User=0.22s Sys=0.01s Real=0.03s
[2025-12-25T07:23:48.578+0000][gc,start    ] GC(1140) Pause Young (Normal) (G1 Evacuation Pause)
[2025-12-25T07:23:48.579+0000][gc,task     ] GC(1140) Using 8 workers of 8 for evacuation
[2025-12-25T07:23:48.608+0000][gc,phases   ] GC(1140)   Pre Evacuate Collection Set: 1.3ms
[2025-12-25T07:23:48.608+0000][gc,phases   ] GC(1140)   Merge Heap Roots: 0.4ms
[2025-12-25T07:23:48.608+0000][gc,phases   ] GC(1140)   Evacuate Collection Set: 25.3ms
[2025-12-25T07:23:48.608+0000][gc,phases   ] GC(1140)   Post Evacuate Collection Set: 1.7ms
[2025-12-25T07:23:48.608+0000][gc,phases   ] GC(1140)   Other: 0.2ms
[2025-12-25T07:23:48.608+0000][gc,heap     ] GC(1140) Eden regions: 605->0(604)
[2025-12-25T07:23:48.608+0000][gc,heap     ] GC(1140) Survivor regions: 9->10(77)
[2025-12-25T07:23:48.608+0000][gc,heap     ] GC(1140) Old regions: 133->133
[2025-12-25T07:23:48.608+0000][gc,heap     ] GC(1140) Humongous regions: 151->151
[2025-12-25T07:23:48.608+0000][gc,metaspace] GC(1140) Metaspace: 16638K(17024K)->16638K(17024K) NonClass: 14851K(14976K)->14851K(14976K) Class: 1787K(2048K)->1787K(2048K)
[2025-12-25T07:23:48.608+0000][gc          ] GC(1140) Pause Young (Normal) (G1 Evacuation Pause) 896M->293M(1024M) 29.745ms
[2025-12-25T07:23:48.608+0000][gc,cpu      ] GC(1140) User=0.20s Sys=0.00s Real=0.03s
[2025-12-25T07:24:18.716+0000][gc,start    ] GC(1141) Pause Young (Normal) (G1 Evacuation Pause)
[2025-12-25T07:24:18.716+0000][gc,task     ] GC(1141) Using 8 workers of 8 for evacuation
[2025-12-25T07:24:18.739+0000][gc,phases   ] GC(1141)   Pre Evacuate Collection Set: 1.3ms
[2025-12-25T07:24:18.739+0000][gc,phases   ] GC(1141)   Merge Heap Roots: 0.4ms
[2025-12-25T07:24:18.739+0000][gc,phases   ] GC(1141)   Evacuate Collection Set: 19.3ms
[2025-12-25T07:24:18.739+0000][gc,phases   ] GC(1141)   Post Evacuate Collection Set: 1.1ms
[2025-12-25T07:24:18.739+0000][gc,phases   ] GC(1141)   Other: 0.2ms
[2025-12-25T07:24:18.739+0000][gc,heap     ] GC(1141) Eden regions: 604->0(607)
[2025-12-25T07:24:18.739+0000][gc,heap     ] GC(1141) Survivor regions: 10->7(77)
[2025-12-25T07:24:18.739+0000][gc,heap     ] GC(1141) Old regions: 133->133
[2025-12-25T07:24:18.739+0000][gc,heap     ] GC(1141) Humongous regions: 151->151
[2025-12-25T07:24:18.739+0000][gc,metaspace] GC(1141) Metaspace: 16638K(17024K)->16638K(17024K) NonClass: 14851K(14976K)->14851K(14976K) Class: 1787K(2048K)->1787K(2048K)
[2025-12-25T07:24:18.739+0000][gc          ] GC(1141) Pause Young (Normal) (G1 Evacuation Pause) 897M->290M(1024M) 23.457ms
[2025-12-25T07:24:18.739+0000][gc,cpu      ] GC(1141) User=0.15s Sys=0.01s Real=0.03s
[2025-12-25T07:24:48.873+0000][gc,start    ] GC(1142) Pause Young (Normal) (G1 Evacuation Pause)
[2025-12-25T07:24:48.874+0000][gc,task     ] GC(1142) Using 8 workers of 8 for evacuation
[2025-12-25T07:24:48.901+0000][gc,phases   ] GC(1142)   Pre Evacuate Collection Set: 1.1ms
[2025-12-25T07:24:48.901+0000][gc,phases   ] GC(1142)   Merge Heap Roots: 0.4ms
[2025-12-25T07:24:48.901+0000][gc,phases   ] GC(1142)   Evacuate Collection Set: 23.8ms
[2025-12-25T07:24:48.901+0000][gc,phases   ] GC(1142)   Post Evacuate Collection Set: 1.2ms
[2025-12-25T07:24:48.901+0000][gc,phases   ] GC(1142)   Other: 0.3ms
[2025-12-25T07:24:48.901+0000][gc,heap     ] GC(1142) Eden regions: 607->0(606)
[2025-12-25T07:24:48.901+0000][gc,heap     ] GC(1142) Survivor regions: 7->8(77)
[2025-12-25T07:24:48.901+0000][gc,heap     ] GC(1142) Old regions: 133->134
[2025-12-25T07:24:48.901+0000][gc,heap     ] GC(1142) Humongous regions: 151->151
[2025-12-25T07:24:48.901+0000][gc,metaspace] GC(1142) Metaspace: 16638K(17024K)->16638K(17024K) NonClass: 14851K(14976K)->14851K(14976K) Class: 1787K(2048K)->1787K(2048K)
[2025-12-25T07:24:48.901+0000][gc          ] GC(1142) Pause Young (Normal) (G1 Evacuation Pause) 897M->291M(1024M) 28.076ms
[2025-12-25T07:24:48.901+0000][gc,cpu      ] GC(1142) User=0.19s Sys=0.01s Real=0.03s
[2025-12-25T07:25:28.446+0000][gc,start    ] GC(1143) Pause Young (Normal) (G1 Evacuation Pause)
[2025-12-25T07:25:28.447+0000][gc,task     ] GC(1143) Using 8 workers of 8 for evacuation
[2025-12-25T07:25:28.502+0000][gc,phases   ] GC(1143)   Pre Evacuate Collection Set: 5.2ms
[2025-12-25T07:25:28.502+0000][gc,phases   ] GC(1143)   Merge Heap Roots: 0.7ms
[2025-12-25T07:25:28.502+0000][gc,phases   ] GC(1143)   Evacuate Collection Set: 47.4ms
[2025-12-25T07:25:28.503+0000][gc,phases   ] GC(1143)   Post Evacuate Collection Set: 1.2ms
[2025-12-25T07:25:28.503+0000][gc,phases   ] GC(1143)   Other: 0.8ms
[2025-12-25T07:25:28.503+0000][gc,heap     ] GC(1143) Eden regions: 606->0(607)
[2025-12-25T07:25:28.503+0000][gc,heap     ] GC(1143) Survivor regions: 8->7(77)
[2025-12-25T07:25:28.503+0000][gc,heap     ] GC(1143) Old regions: 134->134
[2025-12-25T07:25:28.503+0000][gc,heap     ] GC(1143) Humongous regions: 151->151
[2025-12-25T07:25:28.503+0000][gc,metaspace] GC(1143) Metaspace: 16638K(17024K)->16638K(17024K) NonClass: 14851K(14976K)->14851K(14976K) Class: 1787K(2048K)->1787K(2048K)
[2025-12-25T07:25:28.503+0000][gc          ] GC(1143) Pause Young (Normal) (G1 Evacuation Pause) 897M->290M(1024M) 57.310ms
[2025-12-25T07:25:28.503+0000][gc,cpu      ] GC(1143) User=0.19s Sys=0.09s Real=0.06s
[2025-12-25T07:25:58.611+0000][gc,start    ] GC(1144) Pause Young (Normal) (G1 Evacuation Pause)
[2025-12-25T07:25:58.611+0000][gc,task     ] GC(1144) Using 8 workers of 8 for evacuation
[2025-12-25T07:25:58.646+0000][gc,phases   ] GC(1144)   Pre Evacuate Collection Set: 1.2ms
[2025-12-25T07:25:58.646+0000][gc,phases   ] GC(1144)   Merge Heap Roots: 0.5ms
[2025-12-25T07:25:58.646+0000][gc,phases   ] GC(1144)   Evacuate Collection Set: 31.6ms
[2025-12-25T07:25:58.646+0000][gc,phases   ] GC(1144)   Post Evacuate Collection Set: 1.2ms
[2025-12-25T07:25:58.646+0000][gc,phases   ] GC(1144)   Other: 0.3ms
[2025-12-25T07:25:58.646+0000][gc,heap     ] GC(1144) Eden regions: 607->0(606)
[2025-12-25T07:25:58.646+0000][gc,heap     ] GC(1144) Survivor regions: 7->8(77)
[2025-12-25T07:25:58.647+0000][gc,heap     ] GC(1144) Old regions: 134->134
[2025-12-25T07:25:58.647+0000][gc,heap     ] GC(1144) Humongous regions: 151->151
[2025-12-25T07:25:58.647+0000][gc,metaspace] GC(1144) Metaspace: 16638K(17024K)->16638K(17024K) NonClass: 14851K(14976K)->14851K(14976K) Class: 1787K(2048K)->1787K(2048K)
[2025-12-25T07:25:58.647+0000][gc          ] GC(1144) Pause Young (Normal) (G1 Evacuation Pause) 897M->292M(1024M) 36.057ms
[2025-12-25T07:25:58.647+0000][gc,cpu      ] GC(1144) User=0.25s Sys=0.01s Real=0.03s
[2025-12-25T07:26:28.765+0000][gc,start    ] GC(1145) Pause Young (Normal) (G1 Evacuation Pause)
[2025-12-25T07:26:28.765+0000][gc,task     ] GC(1145) Using 8 workers of 8 for evacuation
[2025-12-25T07:26:28.791+0000][gc,phases   ] GC(1145)   Pre Evacuate Collection Set: 1.2ms
[2025-12-25T07:26:28.791+0000][gc,phases   ] GC(1145)   Merge Heap Roots: 0.4ms
[2025-12-25T07:26:28.791+0000][gc,phases   ] GC(1145)   Evacuate Collection Set: 22.8ms
[2025-12-25T07:26:28.791+0000][gc,phases   ] GC(1145)   Post Evacuate Collection Set: 1.3ms
[2025-12-25T07:26:28.792+0000][gc,phases   ] GC(1145)   Other: 0.2ms
[2025-12-25T07:26:28.792+0000][gc,heap     ] GC(1145) Eden regions: 606->0(606)
[2025-12-25T07:26:28.792+0000][gc,heap     ] GC(1145) Survivor regions: 8->8(77)
[2025-12-25T07:26:28.792+0000][gc,heap     ] GC(1145) Old regions: 134->135
[2025-12-25T07:26:28.792+0000][gc,heap     ] GC(1145) Humongous regions: 151->151
[2025-12-25T07:26:28.792+0000][gc,metaspace] GC(1145) Metaspace: 16638K(17024K)->16638K(17024K) NonClass: 14851K(14976K)->14851K(14976K) Class: 1787K(2048K)->1787K(2048K)
[2025-12-25T07:26:28.792+0000][gc          ] GC(1145) Pause Young (Normal) (G1 Evacuation Pause) 898M->293M(1024M) 26.876ms
[2025-12-25T07:26:28.792+0000][gc,cpu      ] GC(1145) User=0.18s Sys=0.00s Real=0.03s
[2025-12-25T07:26:58.935+0000][gc,start    ] GC(1146) Pause Young (Normal) (G1 Evacuation Pause)
[2025-12-25T07:26:58.936+0000][gc,task     ] GC(1146) Using 8 workers of 8 for evacuation
[2025-12-25T07:26:58.962+0000][gc,phases   ] GC(1146)   Pre Evacuate Collection Set: 1.1ms
[2025-12-25T07:26:58.962+0000][gc,phases   ] GC(1146)   Merge Heap Roots: 0.3ms
[2025-12-25T07:26:58.962+0000][gc,phases   ] GC(1146)   Evacuate Collection Set: 22.4ms
[2025-12-25T07:26:58.962+0000][gc,phases   ] GC(1146)   Post Evacuate Collection Set: 1.9ms
[2025-12-25T07:26:58.962+0000][gc,phases   ] GC(1146)   Other: 0.3ms
[2025-12-25T07:26:58.962+0000][gc,heap     ] GC(1146) Eden regions: 606->0(605)
[2025-12-25T07:26:58.962+0000][gc,heap     ] GC(1146) Survivor regions: 8->9(77)
[2025-12-25T07:26:58.962+0000][gc,heap     ] GC(1146) Old regions: 135->136
[2025-12-25T07:26:58.962+0000][gc,heap     ] GC(1146) Humongous regions: 151->151
[2025-12-25T07:26:58.962+0000][gc,metaspace] GC(1146) Metaspace: 16638K(17024K)->16638K(17024K) NonClass: 14851K(14976K)->14851K(14976K) Class: 1787K(2048K)->1787K(2048K)
[2025-12-25T07:26:58.962+0000][gc          ] GC(1146) Pause Young (Normal) (G1 Evacuation Pause) 899M->295M(1024M) 27.025ms
[2025-12-25T07:26:58.963+0000][gc,cpu      ] GC(1146) User=0.19s Sys=0.00s Real=0.03s
[2025-12-25T07:27:38.462+0000][gc,start    ] GC(1147) Pause Young (Normal) (G1 Evacuation Pause)
[2025-12-25T07:27:38.463+0000][gc,task     ] GC(1147) Using 8 workers of 8 for evacuation
[2025-12-25T07:27:38.476+0000][gc,phases   ] GC(1147)   Pre Evacuate Collection Set: 1.5ms
[2025-12-25T07:27:38.476+0000][gc,phases   ] GC(1147)   Merge Heap Roots: 0.2ms
[2025-12-25T07:27:38.476+0000][gc,phases   ] GC(1147)   Evacuate Collection Set: 9.5ms
[2025-12-25T07:27:38.476+0000][gc,phases   ] GC(1147)   Post Evacuate Collection Set: 1.7ms
[2025-12-25T07:27:38.477+0000][gc,phases   ] GC(1147)   Other: 0.4ms
[2025-12-25T07:27:38.477+0000][gc,heap     ] GC(1147) Eden regions: 605->0(610)
[2025-12-25T07:27:38.477+0000][gc,heap     ] GC(1147) Survivor regions: 9->4(77)
[2025-12-25T07:27:38.477+0000][gc,heap     ] GC(1147) Old regions: 136->136
[2025-12-25T07:27:38.477+0000][gc,heap     ] GC(1147) Humongous regions: 151->151
[2025-12-25T07:27:38.477+0000][gc,metaspace] GC(1147) Metaspace: 16638K(17024K)->16638K(17024K) NonClass: 14851K(14976K)->14851K(14976K) Class: 1787K(2048K)->1787K(2048K)
[2025-12-25T07:27:38.477+0000][gc          ] GC(1147) Pause Young (Normal) (G1 Evacuation Pause) 900M->290M(1024M) 15.061ms
[2025-12-25T07:27:38.477+0000][gc,cpu      ] GC(1147) User=0.07s Sys=0.01s Real=0.02s
[2025-12-25T07:28:08.653+0000][gc,start    ] GC(1148) Pause Young (Normal) (G1 Evacuation Pause)
[2025-12-25T07:28:08.654+0000][gc,task     ] GC(1148) Using 8 workers of 8 for evacuation
[2025-12-25T07:28:08.666+0000][gc,phases   ] GC(1148)   Pre Evacuate Collection Set: 1.2ms
[2025-12-25T07:28:08.666+0000][gc,phases   ] GC(1148)   Merge Heap Roots: 0.3ms
[2025-12-25T07:28:08.666+0000][gc,phases   ] GC(1148)   Evacuate Collection Set: 9.4ms
[2025-12-25T07:28:08.667+0000][gc,phases   ] GC(1148)   Post Evacuate Collection Set: 1.3ms
[2025-12-25T07:28:08.667+0000][gc,phases   ] GC(1148)   Other: 0.4ms
[2025-12-25T07:28:08.667+0000][gc,heap     ] GC(1148) Eden regions: 610->0(609)
[2025-12-25T07:28:08.667+0000][gc,heap     ] GC(1148) Survivor regions: 4->5(77)
[2025-12-25T07:28:08.667+0000][gc,heap     ] GC(1148) Old regions: 136->137
[2025-12-25T07:28:08.667+0000][gc,heap     ] GC(1148) Humongous regions: 151->151
[2025-12-25T07:28:08.667+0000][gc,metaspace] GC(1148) Metaspace: 16638K(17024K)->16638K(17024K) NonClass: 14851K(14976K)->14851K(14976K) Class: 1787K(2048K)->1787K(2048K)
[2025-12-25T07:28:08.667+0000][gc          ] GC(1148) Pause Young (Normal) (G1 Evacuation Pause) 900M->291M(1024M) 13.782ms
[2025-12-25T07:28:08.667+0000][gc,cpu      ] GC(1148) User=0.06s Sys=0.00s Real=0.02s
[2025-12-25T07:28:38.803+0000][gc,start    ] GC(1149) Pause Young (Normal) (G1 Evacuation Pause)
[2025-12-25T07:28:38.803+0000][gc,task     ] GC(1149) Using 8 workers of 8 for evacuation
[2025-12-25T07:28:38.816+0000][gc,phases   ] GC(1149)   Pre Evacuate Collection Set: 2.2ms
[2025-12-25T07:28:38.816+0000][gc,phases   ] GC(1149)   Merge Heap Roots: 0.3ms
[2025-12-25T07:28:38.816+0000][gc,phases   ] GC(1149)   Evacuate Collection Set: 8.4ms
[2025-12-25T07:28:38.816+0000][gc,phases   ] GC(1149)   Post Evacuate Collection Set: 1.3ms
[2025-12-25T07:28:38.816+0000][gc,phases   ] GC(1149)   Other: 0.5ms
[2025-12-25T07:28:38.816+0000][gc,heap     ] GC(1149) Eden regions: 609->0(607)
[2025-12-25T07:28:38.816+0000][gc,heap     ] GC(1149) Survivor regions: 5->7(77)
[2025-12-25T07:28:38.816+0000][gc,heap     ] GC(1149) Old regions: 137->137
[2025-12-25T07:28:38.816+0000][gc,heap     ] GC(1149) Humongous regions: 151->151
[2025-12-25T07:28:38.817+0000][gc,metaspace] GC(1149) Metaspace: 16638K(17024K)->16638K(17024K) NonClass: 14851K(14976K)->14851K(14976K) Class: 1787K(2048K)->1787K(2048K)
[2025-12-25T07:28:38.817+0000][gc          ] GC(1149) Pause Young (Normal) (G1 Evacuation Pause) 900M->293M(1024M) 14.233ms
[2025-12-25T07:28:38.817+0000][gc,cpu      ] GC(1149) User=0.06s Sys=0.00s Real=0.02s
[2025-12-25T07:29:08.949+0000][gc,start    ] GC(1150) Pause Young (Normal) (G1 Evacuation Pause)
[2025-12-25T07:29:08.949+0000][gc,task     ] GC(1150) Using 8 workers of 8 for evacuation
[2025-12-25T07:29:08.962+0000][gc,phases   ] GC(1150)   Pre Evacuate Collection Set: 1.0ms
[2025-12-25T07:29:08.962+0000][gc,phases   ] GC(1150)   Merge Heap Roots: 0.3ms
[2025-12-25T07:29:08.962+0000][gc,phases   ] GC(1150)   Evacuate Collection Set: 9.8ms
[2025-12-25T07:29:08.962+0000][gc,phases   ] GC(1150)   Post Evacuate Collection Set: 1.2ms
[2025-12-25T07:29:08.962+0000][gc,phases   ] GC(1150)   Other: 0.3ms
[2025-12-25T07:29:08.962+0000][gc,heap     ] GC(1150) Eden regions: 607->0(606)
[2025-12-25T07:29:08.962+0000][gc,heap     ] GC(1150) Survivor regions: 7->8(77)
[2025-12-25T07:29:08.962+0000][gc,heap     ] GC(1150) Old regions: 137->137
[2025-12-25T07:29:08.962+0000][gc,heap     ] GC(1150) Humongous regions: 151->151
[2025-12-25T07:29:08.963+0000][gc,metaspace] GC(1150) Metaspace: 16638K(17024K)->16638K(17024K) NonClass: 14851K(14976K)->14851K(14976K) Class: 1787K(2048K)->1787K(2048K)
[2025-12-25T07:29:08.963+0000][gc          ] GC(1150) Pause Young (Normal) (G1 Evacuation Pause) 900M->294M(1024M) 13.829ms
[2025-12-25T07:29:08.963+0000][gc,cpu      ] GC(1150) User=0.07s Sys=0.00s Real=0.01s
[2025-12-25T07:29:48.515+0000][gc,start    ] GC(1151) Pause Young (Normal) (G1 Evacuation Pause)
[2025-12-25T07:29:48.516+0000][gc,task     ] GC(1151) Using 8 workers of 8 for evacuation
[2025-12-25T07:29:48.535+0000][gc,phases   ] GC(1151)   Pre Evacuate Collection Set: 1.3ms
[2025-12-25T07:29:48.535+0000][gc,phases   ] GC(1151)   Merge Heap Roots: 0.3ms
[2025-12-25T07:29:48.535+0000][gc,phases   ] GC(1151)   Evacuate Collection Set: 16.0ms
[2025-12-25T07:29:48.535+0000][gc,phases   ] GC(1151)   Post Evacuate Collection Set: 1.0ms
[2025-12-25T07:29:48.535+0000][gc,phases   ] GC(1151)   Other: 0.3ms
[2025-12-25T07:29:48.535+0000][gc,heap     ] GC(1151) Eden regions: 606->0(607)
[2025-12-25T07:29:48.535+0000][gc,heap     ] GC(1151) Survivor regions: 8->7(77)
[2025-12-25T07:29:48.535+0000][gc,heap     ] GC(1151) Old regions: 137->137
[2025-12-25T07:29:48.535+0000][gc,heap     ] GC(1151) Humongous regions: 151->151
[2025-12-25T07:29:48.535+0000][gc,metaspace] GC(1151) Metaspace: 16638K(17024K)->16638K(17024K) NonClass: 14851K(14976K)->14851K(14976K) Class: 1787K(2048K)->1787K(2048K)
[2025-12-25T07:29:48.535+0000][gc          ] GC(1151) Pause Young (Normal) (G1 Evacuation Pause) 900M->294M(1024M) 20.257ms
[2025-12-25T07:29:48.535+0000][gc,cpu      ] GC(1151) User=0.13s Sys=0.00s Real=0.02s
[2025-12-25T07:30:18.671+0000][gc,start    ] GC(1152) Pause Young (Normal) (G1 Evacuation Pause)
[2025-12-25T07:30:18.672+0000][gc,task     ] GC(1152) Using 8 workers of 8 for evacuation
[2025-12-25T07:30:18.684+0000][gc,phases   ] GC(1152)   Pre Evacuate Collection Set: 2.2ms
[2025-12-25T07:30:18.684+0000][gc,phases   ] GC(1152)   Merge Heap Roots: 0.3ms
[2025-12-25T07:30:18.684+0000][gc,phases   ] GC(1152)   Evacuate Collection Set: 7.9ms
[2025-12-25T07:30:18.684+0000][gc,phases   ] GC(1152)   Post Evacuate Collection Set: 1.3ms
[2025-12-25T07:30:18.684+0000][gc,phases   ] GC(1152)   Other: 0.3ms
[2025-12-25T07:30:18.684+0000][gc,heap     ] GC(1152) Eden regions: 607->0(608)
[2025-12-25T07:30:18.684+0000][gc,heap     ] GC(1152) Survivor regions: 7->6(77)
[2025-12-25T07:30:18.684+0000][gc,heap     ] GC(1152) Old regions: 137->137
[2025-12-25T07:30:18.684+0000][gc,heap     ] GC(1152) Humongous regions: 151->151
[2025-12-25T07:30:18.684+0000][gc,metaspace] GC(1152) Metaspace: 16638K(17024K)->16638K(17024K) NonClass: 14851K(14976K)->14851K(14976K) Class: 1787K(2048K)->1787K(2048K)
[2025-12-25T07:30:18.684+0000][gc          ] GC(1152) Pause Young (Normal) (G1 Evacuation Pause) 901M->292M(1024M) 13.139ms
[2025-12-25T07:30:18.685+0000][gc,cpu      ] GC(1152) User=0.07s Sys=0.00s Real=0.02s
[2025-12-25T07:30:48.659+0000][gc,start    ] GC(1153) Pause Young (Normal) (G1 Evacuation Pause)
[2025-12-25T07:30:48.659+0000][gc,task     ] GC(1153) Using 8 workers of 8 for evacuation
[2025-12-25T07:30:48.678+0000][gc,phases   ] GC(1153)   Pre Evacuate Collection Set: 1.3ms
[2025-12-25T07:30:48.678+0000][gc,phases   ] GC(1153)   Merge Heap Roots: 0.3ms
[2025-12-25T07:30:48.678+0000][gc,phases   ] GC(1153)   Evacuate Collection Set: 14.9ms
[2025-12-25T07:30:48.678+0000][gc,phases   ] GC(1153)   Post Evacuate Collection Set: 1.7ms
[2025-12-25T07:30:48.678+0000][gc,phases   ] GC(1153)   Other: 0.3ms
[2025-12-25T07:30:48.678+0000][gc,heap     ] GC(1153) Eden regions: 608->0(607)
[2025-12-25T07:30:48.678+0000][gc,heap     ] GC(1153) Survivor regions: 6->7(77)
[2025-12-25T07:30:48.678+0000][gc,heap     ] GC(1153) Old regions: 137->137
[2025-12-25T07:30:48.678+0000][gc,heap     ] GC(1153) Humongous regions: 151->151
[2025-12-25T07:30:48.678+0000][gc,metaspace] GC(1153) Metaspace: 16638K(17024K)->16638K(17024K) NonClass: 14851K(14976K)->14851K(14976K) Class: 1787K(2048K)->1787K(2048K)
[2025-12-25T07:30:48.678+0000][gc          ] GC(1153) Pause Young (Normal) (G1 Evacuation Pause) 900M->294M(1024M) 19.420ms
[2025-12-25T07:30:48.678+0000][gc,cpu      ] GC(1153) User=0.12s Sys=0.00s Real=0.02s
[2025-12-25T07:31:28.235+0000][gc,start    ] GC(1154) Pause Young (Normal) (G1 Evacuation Pause)
[2025-12-25T07:31:28.237+0000][gc,task     ] GC(1154) Using 8 workers of 8 for evacuation
[2025-12-25T07:31:28.261+0000][gc,phases   ] GC(1154)   Pre Evacuate Collection Set: 2.6ms
[2025-12-25T07:31:28.261+0000][gc,phases   ] GC(1154)   Merge Heap Roots: 0.6ms
[2025-12-25T07:31:28.261+0000][gc,phases   ] GC(1154)   Evacuate Collection Set: 17.8ms
[2025-12-25T07:31:28.261+0000][gc,phases   ] GC(1154)   Post Evacuate Collection Set: 1.8ms
[2025-12-25T07:31:28.261+0000][gc,phases   ] GC(1154)   Other: 0.6ms
[2025-12-25T07:31:28.261+0000][gc,heap     ] GC(1154) Eden regions: 607->0(607)
[2025-12-25T07:31:28.261+0000][gc,heap     ] GC(1154) Survivor regions: 7->7(77)
[2025-12-25T07:31:28.261+0000][gc,heap     ] GC(1154) Old regions: 137->137
[2025-12-25T07:31:28.261+0000][gc,heap     ] GC(1154) Humongous regions: 151->151
[2025-12-25T07:31:28.261+0000][gc,metaspace] GC(1154) Metaspace: 16639K(17024K)->16639K(17024K) NonClass: 14852K(14976K)->14852K(14976K) Class: 1787K(2048K)->1787K(2048K)
[2025-12-25T07:31:28.262+0000][gc          ] GC(1154) Pause Young (Normal) (G1 Evacuation Pause) 901M->293M(1024M) 26.139ms
[2025-12-25T07:31:28.262+0000][gc,cpu      ] GC(1154) User=0.14s Sys=0.01s Real=0.03s
[2025-12-25T07:31:58.396+0000][gc,start    ] GC(1155) Pause Young (Normal) (G1 Evacuation Pause)
[2025-12-25T07:31:58.396+0000][gc,task     ] GC(1155) Using 8 workers of 8 for evacuation
[2025-12-25T07:31:58.412+0000][gc,phases   ] GC(1155)   Pre Evacuate Collection Set: 1.1ms
[2025-12-25T07:31:58.412+0000][gc,phases   ] GC(1155)   Merge Heap Roots: 0.2ms
[2025-12-25T07:31:58.412+0000][gc,phases   ] GC(1155)   Evacuate Collection Set: 13.0ms
[2025-12-25T07:31:58.412+0000][gc,phases   ] GC(1155)   Post Evacuate Collection Set: 0.9ms
[2025-12-25T07:31:58.412+0000][gc,phases   ] GC(1155)   Other: 0.2ms
[2025-12-25T07:31:58.412+0000][gc,heap     ] GC(1155) Eden regions: 607->0(606)
[2025-12-25T07:31:58.412+0000][gc,heap     ] GC(1155) Survivor regions: 7->8(77)
[2025-12-25T07:31:58.412+0000][gc,heap     ] GC(1155) Old regions: 137->137
[2025-12-25T07:31:58.412+0000][gc,heap     ] GC(1155) Humongous regions: 151->151
[2025-12-25T07:31:58.412+0000][gc,metaspace] GC(1155) Metaspace: 16639K(17024K)->16639K(17024K) NonClass: 14852K(14976K)->14852K(14976K) Class: 1787K(2048K)->1787K(2048K)
[2025-12-25T07:31:58.412+0000][gc          ] GC(1155) Pause Young (Normal) (G1 Evacuation Pause) 900M->295M(1024M) 16.460ms
[2025-12-25T07:31:58.412+0000][gc,cpu      ] GC(1155) User=0.10s Sys=0.00s Real=0.02s
[2025-12-25T07:32:28.540+0000][gc,start    ] GC(1156) Pause Young (Normal) (G1 Evacuation Pause)
[2025-12-25T07:32:28.541+0000][gc,task     ] GC(1156) Using 8 workers of 8 for evacuation
[2025-12-25T07:32:28.554+0000][gc,phases   ] GC(1156)   Pre Evacuate Collection Set: 1.2ms
[2025-12-25T07:32:28.554+0000][gc,phases   ] GC(1156)   Merge Heap Roots: 0.3ms
[2025-12-25T07:32:28.554+0000][gc,phases   ] GC(1156)   Evacuate Collection Set: 10.5ms
[2025-12-25T07:32:28.555+0000][gc,phases   ] GC(1156)   Post Evacuate Collection Set: 1.1ms
[2025-12-25T07:32:28.555+0000][gc,phases   ] GC(1156)   Other: 0.3ms
[2025-12-25T07:32:28.555+0000][gc,heap     ] GC(1156) Eden regions: 606->0(605)
[2025-12-25T07:32:28.555+0000][gc,heap     ] GC(1156) Survivor regions: 8->9(77)
[2025-12-25T07:32:28.555+0000][gc,heap     ] GC(1156) Old regions: 137->137
[2025-12-25T07:32:28.555+0000][gc,heap     ] GC(1156) Humongous regions: 151->151
[2025-12-25T07:32:28.555+0000][gc,metaspace] GC(1156) Metaspace: 16640K(17024K)->16640K(17024K) NonClass: 14852K(14976K)->14852K(14976K) Class: 1787K(2048K)->1787K(2048K)
[2025-12-25T07:32:28.555+0000][gc          ] GC(1156) Pause Young (Normal) (G1 Evacuation Pause) 901M->296M(1024M) 15.030ms
[2025-12-25T07:32:28.555+0000][gc,cpu      ] GC(1156) User=0.09s Sys=0.01s Real=0.01s
[2025-12-25T07:32:58.657+0000][gc,start    ] GC(1157) Pause Young (Normal) (G1 Evacuation Pause)
[2025-12-25T07:32:58.658+0000][gc,task     ] GC(1157) Using 8 workers of 8 for evacuation
[2025-12-25T07:32:58.667+0000][gc,phases   ] GC(1157)   Pre Evacuate Collection Set: 1.2ms
[2025-12-25T07:32:58.667+0000][gc,phases   ] GC(1157)   Merge Heap Roots: 0.3ms
[2025-12-25T07:32:58.667+0000][gc,phases   ] GC(1157)   Evacuate Collection Set: 6.1ms
[2025-12-25T07:32:58.667+0000][gc,phases   ] GC(1157)   Post Evacuate Collection Set: 1.0ms
[2025-12-25T07:32:58.667+0000][gc,phases   ] GC(1157)   Other: 0.6ms
[2025-12-25T07:32:58.667+0000][gc,heap     ] GC(1157) Eden regions: 605->0(606)
[2025-12-25T07:32:58.668+0000][gc,heap     ] GC(1157) Survivor regions: 9->8(77)
[2025-12-25T07:32:58.668+0000][gc,heap     ] GC(1157) Old regions: 137->137
[2025-12-25T07:32:58.668+0000][gc,heap     ] GC(1157) Humongous regions: 151->151
[2025-12-25T07:32:58.668+0000][gc,metaspace] GC(1157) Metaspace: 16640K(17024K)->16640K(17024K) NonClass: 14852K(14976K)->14852K(14976K) Class: 1787K(2048K)->1787K(2048K)
[2025-12-25T07:32:58.668+0000][gc          ] GC(1157) Pause Young (Normal) (G1 Evacuation Pause) 901M->294M(1024M) 10.922ms
[2025-12-25T07:32:58.668+0000][gc,cpu      ] GC(1157) User=0.05s Sys=0.00s Real=0.01s
[2025-12-25T07:33:38.283+0000][gc,start    ] GC(1158) Pause Young (Normal) (G1 Evacuation Pause)
[2025-12-25T07:33:38.283+0000][gc,task     ] GC(1158) Using 8 workers of 8 for evacuation
[2025-12-25T07:33:38.307+0000][gc,phases   ] GC(1158)   Pre Evacuate Collection Set: 2.6ms
[2025-12-25T07:33:38.307+0000][gc,phases   ] GC(1158)   Merge Heap Roots: 0.3ms
[2025-12-25T07:33:38.307+0000][gc,phases   ] GC(1158)   Evacuate Collection Set: 18.1ms
[2025-12-25T07:33:38.307+0000][gc,phases   ] GC(1158)   Post Evacuate Collection Set: 1.7ms
[2025-12-25T07:33:38.307+0000][gc,phases   ] GC(1158)   Other: 0.5ms
[2025-12-25T07:33:38.307+0000][gc,heap     ] GC(1158) Eden regions: 606->0(607)
[2025-12-25T07:33:38.307+0000][gc,heap     ] GC(1158) Survivor regions: 8->7(77)
[2025-12-25T07:33:38.307+0000][gc,heap     ] GC(1158) Old regions: 137->137
[2025-12-25T07:33:38.307+0000][gc,heap     ] GC(1158) Humongous regions: 151->151
[2025-12-25T07:33:38.307+0000][gc,metaspace] GC(1158) Metaspace: 16640K(17024K)->16640K(17024K) NonClass: 14852K(14976K)->14852K(14976K) Class: 1787K(2048K)->1787K(2048K)
[2025-12-25T07:33:38.307+0000][gc          ] GC(1158) Pause Young (Normal) (G1 Evacuation Pause) 900M->294M(1024M) 24.792ms
[2025-12-25T07:33:38.308+0000][gc,cpu      ] GC(1158) User=0.12s Sys=0.01s Real=0.03s
[2025-12-25T07:34:08.475+0000][gc,start    ] GC(1159) Pause Young (Normal) (G1 Evacuation Pause)
[2025-12-25T07:34:08.475+0000][gc,task     ] GC(1159) Using 8 workers of 8 for evacuation
[2025-12-25T07:34:08.491+0000][gc,phases   ] GC(1159)   Pre Evacuate Collection Set: 5.5ms
[2025-12-25T07:34:08.491+0000][gc,phases   ] GC(1159)   Merge Heap Roots: 0.3ms
[2025-12-25T07:34:08.491+0000][gc,phases   ] GC(1159)   Evacuate Collection Set: 7.2ms
[2025-12-25T07:34:08.491+0000][gc,phases   ] GC(1159)   Post Evacuate Collection Set: 2.4ms
[2025-12-25T07:34:08.491+0000][gc,phases   ] GC(1159)   Other: 0.3ms
[2025-12-25T07:34:08.491+0000][gc,heap     ] GC(1159) Eden regions: 607->0(606)
[2025-12-25T07:34:08.491+0000][gc,heap     ] GC(1159) Survivor regions: 7->8(77)
[2025-12-25T07:34:08.491+0000][gc,heap     ] GC(1159) Old regions: 137->138
[2025-12-25T07:34:08.491+0000][gc,heap     ] GC(1159) Humongous regions: 151->151
[2025-12-25T07:34:08.491+0000][gc,metaspace] GC(1159) Metaspace: 16640K(17024K)->16640K(17024K) NonClass: 14852K(14976K)->14852K(14976K) Class: 1787K(2048K)->1787K(2048K)
[2025-12-25T07:34:08.491+0000][gc          ] GC(1159) Pause Young (Normal) (G1 Evacuation Pause) 901M->295M(1024M) 16.499ms
[2025-12-25T07:34:08.491+0000][gc,cpu      ] GC(1159) User=0.08s Sys=0.00s Real=0.02s
[2025-12-25T07:34:38.619+0000][gc,start    ] GC(1160) Pause Young (Normal) (G1 Evacuation Pause)
[2025-12-25T07:34:38.619+0000][gc,task     ] GC(1160) Using 8 workers of 8 for evacuation
[2025-12-25T07:34:38.632+0000][gc,phases   ] GC(1160)   Pre Evacuate Collection Set: 1.0ms
[2025-12-25T07:34:38.632+0000][gc,phases   ] GC(1160)   Merge Heap Roots: 0.3ms
[2025-12-25T07:34:38.633+0000][gc,phases   ] GC(1160)   Evacuate Collection Set: 10.6ms
[2025-12-25T07:34:38.633+0000][gc,phases   ] GC(1160)   Post Evacuate Collection Set: 1.1ms
[2025-12-25T07:34:38.633+0000][gc,phases   ] GC(1160)   Other: 0.2ms
[2025-12-25T07:34:38.633+0000][gc,heap     ] GC(1160) Eden regions: 606->0(604)
[2025-12-25T07:34:38.633+0000][gc,heap     ] GC(1160) Survivor regions: 8->10(77)
[2025-12-25T07:34:38.633+0000][gc,heap     ] GC(1160) Old regions: 138->138
[2025-12-25T07:34:38.633+0000][gc,heap     ] GC(1160) Humongous regions: 151->151
[2025-12-25T07:34:38.633+0000][gc,metaspace] GC(1160) Metaspace: 16640K(17024K)->16640K(17024K) NonClass: 14852K(14976K)->14852K(14976K) Class: 1787K(2048K)->1787K(2048K)
[2025-12-25T07:34:38.633+0000][gc          ] GC(1160) Pause Young (Normal) (G1 Evacuation Pause) 901M->297M(1024M) 14.334ms
[2025-12-25T07:34:38.633+0000][gc,cpu      ] GC(1160) User=0.08s Sys=0.00s Real=0.01s
[2025-12-25T07:35:08.740+0000][gc,start    ] GC(1161) Pause Young (Normal) (G1 Evacuation Pause)
[2025-12-25T07:35:08.740+0000][gc,task     ] GC(1161) Using 8 workers of 8 for evacuation
[2025-12-25T07:35:08.757+0000][gc,phases   ] GC(1161)   Pre Evacuate Collection Set: 1.2ms
[2025-12-25T07:35:08.757+0000][gc,phases   ] GC(1161)   Merge Heap Roots: 0.2ms
[2025-12-25T07:35:08.757+0000][gc,phases   ] GC(1161)   Evacuate Collection Set: 13.3ms
[2025-12-25T07:35:08.757+0000][gc,phases   ] GC(1161)   Post Evacuate Collection Set: 1.1ms
[2025-12-25T07:35:08.757+0000][gc,phases   ] GC(1161)   Other: 0.2ms
[2025-12-25T07:35:08.757+0000][gc,heap     ] GC(1161) Eden regions: 604->0(603)
[2025-12-25T07:35:08.757+0000][gc,heap     ] GC(1161) Survivor regions: 10->11(77)
[2025-12-25T07:35:08.757+0000][gc,heap     ] GC(1161) Old regions: 138->138
[2025-12-25T07:35:08.757+0000][gc,heap     ] GC(1161) Humongous regions: 151->151
[2025-12-25T07:35:08.757+0000][gc,metaspace] GC(1161) Metaspace: 16640K(17024K)->16640K(17024K) NonClass: 14852K(14976K)->14852K(14976K) Class: 1787K(2048K)->1787K(2048K)
[2025-12-25T07:35:08.757+0000][gc          ] GC(1161) Pause Young (Normal) (G1 Evacuation Pause) 901M->299M(1024M) 17.477ms
[2025-12-25T07:35:08.757+0000][gc,cpu      ] GC(1161) User=0.10s Sys=0.00s Real=0.02s
[2025-12-25T07:35:48.271+0000][gc,start    ] GC(1162) Pause Young (Normal) (G1 Evacuation Pause)
[2025-12-25T07:35:48.271+0000][gc,task     ] GC(1162) Using 8 workers of 8 for evacuation
[2025-12-25T07:35:48.281+0000][gc,phases   ] GC(1162)   Pre Evacuate Collection Set: 1.2ms
[2025-12-25T07:35:48.281+0000][gc,phases   ] GC(1162)   Merge Heap Roots: 0.3ms
[2025-12-25T07:35:48.281+0000][gc,phases   ] GC(1162)   Evacuate Collection Set: 7.0ms
[2025-12-25T07:35:48.281+0000][gc,phases   ] GC(1162)   Post Evacuate Collection Set: 1.2ms
[2025-12-25T07:35:48.281+0000][gc,phases   ] GC(1162)   Other: 0.2ms
[2025-12-25T07:35:48.282+0000][gc,heap     ] GC(1162) Eden regions: 603->0(608)
[2025-12-25T07:35:48.282+0000][gc,heap     ] GC(1162) Survivor regions: 11->6(77)
[2025-12-25T07:35:48.282+0000][gc,heap     ] GC(1162) Old regions: 138->138
[2025-12-25T07:35:48.282+0000][gc,heap     ] GC(1162) Humongous regions: 151->151
[2025-12-25T07:35:48.282+0000][gc,metaspace] GC(1162) Metaspace: 16640K(17024K)->16640K(17024K) NonClass: 14852K(14976K)->14852K(14976K) Class: 1787K(2048K)->1787K(2048K)
[2025-12-25T07:35:48.282+0000][gc          ] GC(1162) Pause Young (Normal) (G1 Evacuation Pause) 902M->294M(1024M) 11.082ms
[2025-12-25T07:35:48.282+0000][gc,cpu      ] GC(1162) User=0.06s Sys=0.00s Real=0.02s
[2025-12-25T07:36:18.462+0000][gc,start    ] GC(1163) Pause Young (Normal) (G1 Evacuation Pause)
[2025-12-25T07:36:18.463+0000][gc,task     ] GC(1163) Using 8 workers of 8 for evacuation
[2025-12-25T07:36:18.478+0000][gc,phases   ] GC(1163)   Pre Evacuate Collection Set: 1.1ms
[2025-12-25T07:36:18.478+0000][gc,phases   ] GC(1163)   Merge Heap Roots: 0.4ms
[2025-12-25T07:36:18.478+0000][gc,phases   ] GC(1163)   Evacuate Collection Set: 12.8ms
[2025-12-25T07:36:18.479+0000][gc,phases   ] GC(1163)   Post Evacuate Collection Set: 1.2ms
[2025-12-25T07:36:18.479+0000][gc,phases   ] GC(1163)   Other: 0.2ms
[2025-12-25T07:36:18.479+0000][gc,heap     ] GC(1163) Eden regions: 608->0(606)
[2025-12-25T07:36:18.479+0000][gc,heap     ] GC(1163) Survivor regions: 6->8(77)
[2025-12-25T07:36:18.479+0000][gc,heap     ] GC(1163) Old regions: 138->139
[2025-12-25T07:36:18.479+0000][gc,heap     ] GC(1163) Humongous regions: 151->151
[2025-12-25T07:36:18.479+0000][gc,metaspace] GC(1163) Metaspace: 16640K(17024K)->16640K(17024K) NonClass: 14852K(14976K)->14852K(14976K) Class: 1787K(2048K)->1787K(2048K)
[2025-12-25T07:36:18.479+0000][gc          ] GC(1163) Pause Young (Normal) (G1 Evacuation Pause) 902M->296M(1024M) 16.742ms
[2025-12-25T07:36:18.479+0000][gc,cpu      ] GC(1163) User=0.11s Sys=0.00s Real=0.01s
[2025-12-25T07:36:48.600+0000][gc,start    ] GC(1164) Pause Young (Normal) (G1 Evacuation Pause)
[2025-12-25T07:36:48.600+0000][gc,task     ] GC(1164) Using 8 workers of 8 for evacuation
[2025-12-25T07:36:48.615+0000][gc,phases   ] GC(1164)   Pre Evacuate Collection Set: 1.3ms
[2025-12-25T07:36:48.615+0000][gc,phases   ] GC(1164)   Merge Heap Roots: 2.3ms
[2025-12-25T07:36:48.616+0000][gc,phases   ] GC(1164)   Evacuate Collection Set: 9.1ms
[2025-12-25T07:36:48.616+0000][gc,phases   ] GC(1164)   Post Evacuate Collection Set: 2.0ms
[2025-12-25T07:36:48.616+0000][gc,phases   ] GC(1164)   Other: 0.2ms
[2025-12-25T07:36:48.616+0000][gc,heap     ] GC(1164) Eden regions: 606->0(605)
[2025-12-25T07:36:48.616+0000][gc,heap     ] GC(1164) Survivor regions: 8->9(77)
[2025-12-25T07:36:48.616+0000][gc,heap     ] GC(1164) Old regions: 139->139
[2025-12-25T07:36:48.616+0000][gc,heap     ] GC(1164) Humongous regions: 151->151
[2025-12-25T07:36:48.616+0000][gc,metaspace] GC(1164) Metaspace: 16640K(17024K)->16640K(17024K) NonClass: 14852K(14976K)->14852K(14976K) Class: 1787K(2048K)->1787K(2048K)
[2025-12-25T07:36:48.616+0000][gc          ] GC(1164) Pause Young (Normal) (G1 Evacuation Pause) 902M->298M(1024M) 15.987ms
[2025-12-25T07:36:48.616+0000][gc,cpu      ] GC(1164) User=0.09s Sys=0.00s Real=0.01s
[2025-12-25T07:37:18.887+0000][gc,start    ] GC(1165) Pause Young (Normal) (G1 Evacuation Pause)
[2025-12-25T07:37:18.888+0000][gc,task     ] GC(1165) Using 8 workers of 8 for evacuation
[2025-12-25T07:37:18.910+0000][gc,phases   ] GC(1165)   Pre Evacuate Collection Set: 3.0ms
[2025-12-25T07:37:18.910+0000][gc,phases   ] GC(1165)   Merge Heap Roots: 1.1ms
[2025-12-25T07:37:18.910+0000][gc,phases   ] GC(1165)   Evacuate Collection Set: 16.2ms
[2025-12-25T07:37:18.910+0000][gc,phases   ] GC(1165)   Post Evacuate Collection Set: 1.1ms
[2025-12-25T07:37:18.910+0000][gc,phases   ] GC(1165)   Other: 0.7ms
[2025-12-25T07:37:18.910+0000][gc,heap     ] GC(1165) Eden regions: 605->0(603)
[2025-12-25T07:37:18.910+0000][gc,heap     ] GC(1165) Survivor regions: 9->11(77)
[2025-12-25T07:37:18.910+0000][gc,heap     ] GC(1165) Old regions: 139->139
[2025-12-25T07:37:18.910+0000][gc,heap     ] GC(1165) Humongous regions: 151->151
[2025-12-25T07:37:18.911+0000][gc,metaspace] GC(1165) Metaspace: 16640K(17024K)->16640K(17024K) NonClass: 14852K(14976K)->14852K(14976K) Class: 1787K(2048K)->1787K(2048K)
[2025-12-25T07:37:18.911+0000][gc          ] GC(1165) Pause Young (Normal) (G1 Evacuation Pause) 903M->299M(1024M) 23.271ms
[2025-12-25T07:37:18.911+0000][gc,cpu      ] GC(1165) User=0.13s Sys=0.00s Real=0.02s
[2025-12-25T07:37:58.173+0000][gc,start    ] GC(1166) Pause Young (Normal) (G1 Evacuation Pause)
[2025-12-25T07:37:58.174+0000][gc,task     ] GC(1166) Using 8 workers of 8 for evacuation
[2025-12-25T07:37:58.191+0000][gc,phases   ] GC(1166)   Pre Evacuate Collection Set: 1.2ms
[2025-12-25T07:37:58.191+0000][gc,phases   ] GC(1166)   Merge Heap Roots: 0.3ms
[2025-12-25T07:37:58.191+0000][gc,phases   ] GC(1166)   Evacuate Collection Set: 13.9ms
[2025-12-25T07:37:58.192+0000][gc,phases   ] GC(1166)   Post Evacuate Collection Set: 1.3ms
[2025-12-25T07:37:58.192+0000][gc,phases   ] GC(1166)   Other: 0.6ms
[2025-12-25T07:37:58.192+0000][gc,heap     ] GC(1166) Eden regions: 603->0(605)
[2025-12-25T07:37:58.192+0000][gc,heap     ] GC(1166) Survivor regions: 11->9(77)
[2025-12-25T07:37:58.192+0000][gc,heap     ] GC(1166) Old regions: 139->140
[2025-12-25T07:37:58.192+0000][gc,heap     ] GC(1166) Humongous regions: 151->151
[2025-12-25T07:37:58.192+0000][gc,metaspace] GC(1166) Metaspace: 16640K(17024K)->16640K(17024K) NonClass: 14852K(14976K)->14852K(14976K) Class: 1787K(2048K)->1787K(2048K)
[2025-12-25T07:37:58.192+0000][gc          ] GC(1166) Pause Young (Normal) (G1 Evacuation Pause) 902M->298M(1024M) 19.077ms
[2025-12-25T07:37:58.192+0000][gc,cpu      ] GC(1166) User=0.10s Sys=0.01s Real=0.02s
[2025-12-25T07:38:28.350+0000][gc,start    ] GC(1167) Pause Young (Normal) (G1 Evacuation Pause)
[2025-12-25T07:38:28.350+0000][gc,task     ] GC(1167) Using 8 workers of 8 for evacuation
[2025-12-25T07:38:28.367+0000][gc,phases   ] GC(1167)   Pre Evacuate Collection Set: 1.2ms
[2025-12-25T07:38:28.367+0000][gc,phases   ] GC(1167)   Merge Heap Roots: 0.4ms
[2025-12-25T07:38:28.367+0000][gc,phases   ] GC(1167)   Evacuate Collection Set: 12.1ms
[2025-12-25T07:38:28.367+0000][gc,phases   ] GC(1167)   Post Evacuate Collection Set: 2.7ms
[2025-12-25T07:38:28.367+0000][gc,phases   ] GC(1167)   Other: 0.4ms
[2025-12-25T07:38:28.367+0000][gc,heap     ] GC(1167) Eden regions: 605->0(607)
[2025-12-25T07:38:28.367+0000][gc,heap     ] GC(1167) Survivor regions: 9->7(77)
[2025-12-25T07:38:28.367+0000][gc,heap     ] GC(1167) Old regions: 140->140
[2025-12-25T07:38:28.367+0000][gc,heap     ] GC(1167) Humongous regions: 151->151
[2025-12-25T07:38:28.367+0000][gc,metaspace] GC(1167) Metaspace: 16640K(17024K)->16640K(17024K) NonClass: 14852K(14976K)->14852K(14976K) Class: 1787K(2048K)->1787K(2048K)
[2025-12-25T07:38:28.368+0000][gc          ] GC(1167) Pause Young (Normal) (G1 Evacuation Pause) 903M->297M(1024M) 18.006ms
[2025-12-25T07:38:28.368+0000][gc,cpu      ] GC(1167) User=0.11s Sys=0.00s Real=0.02s
[2025-12-25T07:38:58.501+0000][gc,start    ] GC(1168) Pause Young (Normal) (G1 Evacuation Pause)
[2025-12-25T07:38:58.501+0000][gc,task     ] GC(1168) Using 8 workers of 8 for evacuation
[2025-12-25T07:38:58.518+0000][gc,phases   ] GC(1168)   Pre Evacuate Collection Set: 3.3ms
[2025-12-25T07:38:58.518+0000][gc,phases   ] GC(1168)   Merge Heap Roots: 0.7ms
[2025-12-25T07:38:58.518+0000][gc,phases   ] GC(1168)   Evacuate Collection Set: 10.6ms
[2025-12-25T07:38:58.518+0000][gc,phases   ] GC(1168)   Post Evacuate Collection Set: 1.3ms
[2025-12-25T07:38:58.518+0000][gc,phases   ] GC(1168)   Other: 0.4ms
[2025-12-25T07:38:58.518+0000][gc,heap     ] GC(1168) Eden regions: 607->0(606)
[2025-12-25T07:38:58.518+0000][gc,heap     ] GC(1168) Survivor regions: 7->8(77)
[2025-12-25T07:38:58.518+0000][gc,heap     ] GC(1168) Old regions: 140->140
[2025-12-25T07:38:58.518+0000][gc,heap     ] GC(1168) Humongous regions: 151->151
[2025-12-25T07:38:58.518+0000][gc,metaspace] GC(1168) Metaspace: 16640K(17024K)->16640K(17024K) NonClass: 14852K(14976K)->14852K(14976K) Class: 1787K(2048K)->1787K(2048K)
[2025-12-25T07:38:58.518+0000][gc          ] GC(1168) Pause Young (Normal) (G1 Evacuation Pause) 904M->298M(1024M) 17.505ms
[2025-12-25T07:38:58.518+0000][gc,cpu      ] GC(1168) User=0.11s Sys=0.00s Real=0.02s
[2025-12-25T07:39:28.637+0000][gc,start    ] GC(1169) Pause Young (Normal) (G1 Evacuation Pause)
[2025-12-25T07:39:28.638+0000][gc,task     ] GC(1169) Using 8 workers of 8 for evacuation
[2025-12-25T07:39:28.653+0000][gc,phases   ] GC(1169)   Pre Evacuate Collection Set: 1.2ms
[2025-12-25T07:39:28.654+0000][gc,phases   ] GC(1169)   Merge Heap Roots: 1.0ms
[2025-12-25T07:39:28.654+0000][gc,phases   ] GC(1169)   Evacuate Collection Set: 11.2ms
[2025-12-25T07:39:28.654+0000][gc,phases   ] GC(1169)   Post Evacuate Collection Set: 2.4ms
[2025-12-25T07:39:28.654+0000][gc,phases   ] GC(1169)   Other: 0.2ms
[2025-12-25T07:39:28.654+0000][gc,heap     ] GC(1169) Eden regions: 606->0(604)
[2025-12-25T07:39:28.654+0000][gc,heap     ] GC(1169) Survivor regions: 8->10(77)
[2025-12-25T07:39:28.654+0000][gc,heap     ] GC(1169) Old regions: 140->141
[2025-12-25T07:39:28.654+0000][gc,heap     ] GC(1169) Humongous regions: 151->151
[2025-12-25T07:39:28.654+0000][gc,metaspace] GC(1169) Metaspace: 16640K(17024K)->16640K(17024K) NonClass: 14852K(14976K)->14852K(14976K) Class: 1787K(2048K)->1787K(2048K)
[2025-12-25T07:39:28.654+0000][gc          ] GC(1169) Pause Young (Normal) (G1 Evacuation Pause) 904M->300M(1024M) 17.037ms
[2025-12-25T07:39:28.654+0000][gc,cpu      ] GC(1169) User=0.10s Sys=0.00s Real=0.02s
[2025-12-25T07:40:08.168+0000][gc,start    ] GC(1170) Pause Young (Normal) (G1 Evacuation Pause)
[2025-12-25T07:40:08.169+0000][gc,task     ] GC(1170) Using 8 workers of 8 for evacuation
[2025-12-25T07:40:08.188+0000][gc,phases   ] GC(1170)   Pre Evacuate Collection Set: 2.5ms
[2025-12-25T07:40:08.188+0000][gc,phases   ] GC(1170)   Merge Heap Roots: 0.7ms
[2025-12-25T07:40:08.188+0000][gc,phases   ] GC(1170)   Evacuate Collection Set: 12.1ms
[2025-12-25T07:40:08.188+0000][gc,phases   ] GC(1170)   Post Evacuate Collection Set: 2.4ms
[2025-12-25T07:40:08.188+0000][gc,phases   ] GC(1170)   Other: 0.8ms
[2025-12-25T07:40:08.188+0000][gc,heap     ] GC(1170) Eden regions: 604->0(605)
[2025-12-25T07:40:08.188+0000][gc,heap     ] GC(1170) Survivor regions: 10->9(77)
[2025-12-25T07:40:08.188+0000][gc,heap     ] GC(1170) Old regions: 141->141
[2025-12-25T07:40:08.188+0000][gc,heap     ] GC(1170) Humongous regions: 151->151
[2025-12-25T07:40:08.189+0000][gc,metaspace] GC(1170) Metaspace: 16640K(17024K)->16640K(17024K) NonClass: 14852K(14976K)->14852K(14976K) Class: 1787K(2048K)->1787K(2048K)
[2025-12-25T07:40:08.189+0000][gc          ] GC(1170) Pause Young (Normal) (G1 Evacuation Pause) 904M->299M(1024M) 20.195ms
[2025-12-25T07:40:08.189+0000][gc,cpu      ] GC(1170) User=0.11s Sys=0.00s Real=0.02s
[2025-12-25T07:40:38.341+0000][gc,start    ] GC(1171) Pause Young (Normal) (G1 Evacuation Pause)
[2025-12-25T07:40:38.342+0000][gc,task     ] GC(1171) Using 8 workers of 8 for evacuation
[2025-12-25T07:40:38.359+0000][gc,phases   ] GC(1171)   Pre Evacuate Collection Set: 1.3ms
[2025-12-25T07:40:38.359+0000][gc,phases   ] GC(1171)   Merge Heap Roots: 0.6ms
[2025-12-25T07:40:38.359+0000][gc,phases   ] GC(1171)   Evacuate Collection Set: 13.4ms
[2025-12-25T07:40:38.359+0000][gc,phases   ] GC(1171)   Post Evacuate Collection Set: 1.2ms
[2025-12-25T07:40:38.359+0000][gc,phases   ] GC(1171)   Other: 0.4ms
[2025-12-25T07:40:38.359+0000][gc,heap     ] GC(1171) Eden regions: 605->0(604)
[2025-12-25T07:40:38.359+0000][gc,heap     ] GC(1171) Survivor regions: 9->10(77)
[2025-12-25T07:40:38.359+0000][gc,heap     ] GC(1171) Old regions: 141->141
[2025-12-25T07:40:38.359+0000][gc,heap     ] GC(1171) Humongous regions: 151->151
[2025-12-25T07:40:38.359+0000][gc,metaspace] GC(1171) Metaspace: 16640K(17024K)->16640K(17024K) NonClass: 14852K(14976K)->14852K(14976K) Class: 1787K(2048K)->1787K(2048K)
[2025-12-25T07:40:38.359+0000][gc          ] GC(1171) Pause Young (Normal) (G1 Evacuation Pause) 904M->300M(1024M) 18.014ms
[2025-12-25T07:40:38.359+0000][gc,cpu      ] GC(1171) User=0.11s Sys=0.00s Real=0.02s
[2025-12-25T07:41:08.500+0000][gc,start    ] GC(1172) Pause Young (Normal) (G1 Evacuation Pause)
[2025-12-25T07:41:08.501+0000][gc,task     ] GC(1172) Using 8 workers of 8 for evacuation
[2025-12-25T07:41:08.515+0000][gc,phases   ] GC(1172)   Pre Evacuate Collection Set: 1.0ms
[2025-12-25T07:41:08.515+0000][gc,phases   ] GC(1172)   Merge Heap Roots: 0.3ms
[2025-12-25T07:41:08.515+0000][gc,phases   ] GC(1172)   Evacuate Collection Set: 10.8ms
[2025-12-25T07:41:08.515+0000][gc,phases   ] GC(1172)   Post Evacuate Collection Set: 1.1ms
[2025-12-25T07:41:08.515+0000][gc,phases   ] GC(1172)   Other: 0.3ms
[2025-12-25T07:41:08.515+0000][gc,heap     ] GC(1172) Eden regions: 604->0(606)
[2025-12-25T07:41:08.515+0000][gc,heap     ] GC(1172) Survivor regions: 10->8(77)
[2025-12-25T07:41:08.515+0000][gc,heap     ] GC(1172) Old regions: 141->142
[2025-12-25T07:41:08.515+0000][gc,heap     ] GC(1172) Humongous regions: 151->151
[2025-12-25T07:41:08.515+0000][gc,metaspace] GC(1172) Metaspace: 16640K(17024K)->16640K(17024K) NonClass: 14852K(14976K)->14852K(14976K) Class: 1787K(2048K)->1787K(2048K)
[2025-12-25T07:41:08.515+0000][gc          ] GC(1172) Pause Young (Normal) (G1 Evacuation Pause) 904M->299M(1024M) 14.893ms
[2025-12-25T07:41:08.515+0000][gc,cpu      ] GC(1172) User=0.09s Sys=0.00s Real=0.02s
[2025-12-25T07:41:38.628+0000][gc,start    ] GC(1173) Pause Young (Normal) (G1 Evacuation Pause)
[2025-12-25T07:41:38.630+0000][gc,task     ] GC(1173) Using 8 workers of 8 for evacuation
[2025-12-25T07:41:38.648+0000][gc,phases   ] GC(1173)   Pre Evacuate Collection Set: 1.6ms
[2025-12-25T07:41:38.648+0000][gc,phases   ] GC(1173)   Merge Heap Roots: 1.3ms
[2025-12-25T07:41:38.648+0000][gc,phases   ] GC(1173)   Evacuate Collection Set: 13.8ms
[2025-12-25T07:41:38.648+0000][gc,phases   ] GC(1173)   Post Evacuate Collection Set: 1.4ms
[2025-12-25T07:41:38.649+0000][gc,phases   ] GC(1173)   Other: 0.6ms
[2025-12-25T07:41:38.649+0000][gc,heap     ] GC(1173) Eden regions: 606->0(605)
[2025-12-25T07:41:38.649+0000][gc,heap     ] GC(1173) Survivor regions: 8->9(77)
[2025-12-25T07:41:38.649+0000][gc,heap     ] GC(1173) Old regions: 142->142
[2025-12-25T07:41:38.649+0000][gc,heap     ] GC(1173) Humongous regions: 151->151
[2025-12-25T07:41:38.649+0000][gc,metaspace] GC(1173) Metaspace: 16640K(17024K)->16640K(17024K) NonClass: 14852K(14976K)->14852K(14976K) Class: 1787K(2048K)->1787K(2048K)
[2025-12-25T07:41:38.649+0000][gc          ] GC(1173) Pause Young (Normal) (G1 Evacuation Pause) 905M->300M(1024M) 20.831ms
[2025-12-25T07:41:38.649+0000][gc,cpu      ] GC(1173) User=0.11s Sys=0.00s Real=0.02s
[2025-12-25T07:42:18.199+0000][gc,start    ] GC(1174) Pause Young (Normal) (G1 Evacuation Pause)
[2025-12-25T07:42:18.199+0000][gc,task     ] GC(1174) Using 8 workers of 8 for evacuation
[2025-12-25T07:42:18.218+0000][gc,phases   ] GC(1174)   Pre Evacuate Collection Set: 1.3ms
[2025-12-25T07:42:18.218+0000][gc,phases   ] GC(1174)   Merge Heap Roots: 0.4ms
[2025-12-25T07:42:18.218+0000][gc,phases   ] GC(1174)   Evacuate Collection Set: 16.0ms
[2025-12-25T07:42:18.218+0000][gc,phases   ] GC(1174)   Post Evacuate Collection Set: 1.0ms
[2025-12-25T07:42:18.218+0000][gc,phases   ] GC(1174)   Other: 0.5ms
[2025-12-25T07:42:18.218+0000][gc,heap     ] GC(1174) Eden regions: 605->0(607)
[2025-12-25T07:42:18.218+0000][gc,heap     ] GC(1174) Survivor regions: 9->7(77)
[2025-12-25T07:42:18.219+0000][gc,heap     ] GC(1174) Old regions: 142->142
[2025-12-25T07:42:18.219+0000][gc,heap     ] GC(1174) Humongous regions: 151->151
[2025-12-25T07:42:18.219+0000][gc,metaspace] GC(1174) Metaspace: 16640K(17024K)->16640K(17024K) NonClass: 14852K(14976K)->14852K(14976K) Class: 1787K(2048K)->1787K(2048K)
[2025-12-25T07:42:18.219+0000][gc          ] GC(1174) Pause Young (Normal) (G1 Evacuation Pause) 905M->299M(1024M) 20.202ms
[2025-12-25T07:42:18.219+0000][gc,cpu      ] GC(1174) User=0.13s Sys=0.00s Real=0.02s
[2025-12-25T07:42:48.344+0000][gc,start    ] GC(1175) Pause Young (Normal) (G1 Evacuation Pause)
[2025-12-25T07:42:48.344+0000][gc,task     ] GC(1175) Using 8 workers of 8 for evacuation
[2025-12-25T07:42:48.358+0000][gc,phases   ] GC(1175)   Pre Evacuate Collection Set: 2.0ms
[2025-12-25T07:42:48.358+0000][gc,phases   ] GC(1175)   Merge Heap Roots: 1.1ms
[2025-12-25T07:42:48.359+0000][gc,phases   ] GC(1175)   Evacuate Collection Set: 9.4ms
[2025-12-25T07:42:48.359+0000][gc,phases   ] GC(1175)   Post Evacuate Collection Set: 1.7ms
[2025-12-25T07:42:48.359+0000][gc,phases   ] GC(1175)   Other: 0.2ms
[2025-12-25T07:42:48.359+0000][gc,heap     ] GC(1175) Eden regions: 607->0(605)
[2025-12-25T07:42:48.359+0000][gc,heap     ] GC(1175) Survivor regions: 7->9(77)
[2025-12-25T07:42:48.359+0000][gc,heap     ] GC(1175) Old regions: 142->143
[2025-12-25T07:42:48.359+0000][gc,heap     ] GC(1175) Humongous regions: 151->151
[2025-12-25T07:42:48.359+0000][gc,metaspace] GC(1175) Metaspace: 16640K(17024K)->16640K(17024K) NonClass: 14852K(14976K)->14852K(14976K) Class: 1787K(2048K)->1787K(2048K)
[2025-12-25T07:42:48.359+0000][gc          ] GC(1175) Pause Young (Normal) (G1 Evacuation Pause) 906M->301M(1024M) 15.538ms
[2025-12-25T07:42:48.359+0000][gc,cpu      ] GC(1175) User=0.08s Sys=0.00s Real=0.02s
[2025-12-25T07:43:18.529+0000][gc,start    ] GC(1176) Pause Young (Normal) (G1 Evacuation Pause)
[2025-12-25T07:43:18.530+0000][gc,task     ] GC(1176) Using 8 workers of 8 for evacuation
[2025-12-25T07:43:18.548+0000][gc,phases   ] GC(1176)   Pre Evacuate Collection Set: 1.2ms
[2025-12-25T07:43:18.548+0000][gc,phases   ] GC(1176)   Merge Heap Roots: 0.4ms
[2025-12-25T07:43:18.548+0000][gc,phases   ] GC(1176)   Evacuate Collection Set: 12.0ms
[2025-12-25T07:43:18.548+0000][gc,phases   ] GC(1176)   Post Evacuate Collection Set: 3.5ms
[2025-12-25T07:43:18.548+0000][gc,phases   ] GC(1176)   Other: 0.4ms
[2025-12-25T07:43:18.548+0000][gc,heap     ] GC(1176) Eden regions: 605->0(604)
[2025-12-25T07:43:18.548+0000][gc,heap     ] GC(1176) Survivor regions: 9->10(77)
[2025-12-25T07:43:18.548+0000][gc,heap     ] GC(1176) Old regions: 143->143
[2025-12-25T07:43:18.548+0000][gc,heap     ] GC(1176) Humongous regions: 151->151
[2025-12-25T07:43:18.548+0000][gc,metaspace] GC(1176) Metaspace: 16640K(17024K)->16640K(17024K) NonClass: 14852K(14976K)->14852K(14976K) Class: 1787K(2048K)->1787K(2048K)
[2025-12-25T07:43:18.548+0000][gc          ] GC(1176) Pause Young (Normal) (G1 Evacuation Pause) 906M->303M(1024M) 18.935ms
[2025-12-25T07:43:18.548+0000][gc,cpu      ] GC(1176) User=0.10s Sys=0.00s Real=0.02s
[2025-12-25T07:43:48.691+0000][gc,start    ] GC(1177) Pause Young (Normal) (G1 Evacuation Pause)
[2025-12-25T07:43:48.691+0000][gc,task     ] GC(1177) Using 8 workers of 8 for evacuation
[2025-12-25T07:43:48.707+0000][gc,phases   ] GC(1177)   Pre Evacuate Collection Set: 1.2ms
[2025-12-25T07:43:48.707+0000][gc,phases   ] GC(1177)   Merge Heap Roots: 0.3ms
[2025-12-25T07:43:48.707+0000][gc,phases   ] GC(1177)   Evacuate Collection Set: 12.7ms
[2025-12-25T07:43:48.707+0000][gc,phases   ] GC(1177)   Post Evacuate Collection Set: 1.0ms
[2025-12-25T07:43:48.707+0000][gc,phases   ] GC(1177)   Other: 0.2ms
[2025-12-25T07:43:48.707+0000][gc,heap     ] GC(1177) Eden regions: 604->0(603)
[2025-12-25T07:43:48.707+0000][gc,heap     ] GC(1177) Survivor regions: 10->11(77)
[2025-12-25T07:43:48.707+0000][gc,heap     ] GC(1177) Old regions: 143->143
[2025-12-25T07:43:48.707+0000][gc,heap     ] GC(1177) Humongous regions: 151->151
[2025-12-25T07:43:48.707+0000][gc,metaspace] GC(1177) Metaspace: 16640K(17024K)->16640K(17024K) NonClass: 14852K(14976K)->14852K(14976K) Class: 1787K(2048K)->1787K(2048K)
[2025-12-25T07:43:48.707+0000][gc          ] GC(1177) Pause Young (Normal) (G1 Evacuation Pause) 907M->304M(1024M) 16.477ms
[2025-12-25T07:43:48.707+0000][gc,cpu      ] GC(1177) User=0.10s Sys=0.01s Real=0.02s
[2025-12-25T07:44:28.182+0000][gc,start    ] GC(1178) Pause Young (Normal) (G1 Evacuation Pause)
[2025-12-25T07:44:28.185+0000][gc,task     ] GC(1178) Using 8 workers of 8 for evacuation
[2025-12-25T07:44:28.202+0000][gc,phases   ] GC(1178)   Pre Evacuate Collection Set: 6.0ms
[2025-12-25T07:44:28.202+0000][gc,phases   ] GC(1178)   Merge Heap Roots: 1.1ms
[2025-12-25T07:44:28.202+0000][gc,phases   ] GC(1178)   Evacuate Collection Set: 8.4ms
[2025-12-25T07:44:28.202+0000][gc,phases   ] GC(1178)   Post Evacuate Collection Set: 1.1ms
[2025-12-25T07:44:28.202+0000][gc,phases   ] GC(1178)   Other: 0.7ms
[2025-12-25T07:44:28.202+0000][gc,heap     ] GC(1178) Eden regions: 603->0(607)
[2025-12-25T07:44:28.202+0000][gc,heap     ] GC(1178) Survivor regions: 11->7(77)
[2025-12-25T07:44:28.202+0000][gc,heap     ] GC(1178) Old regions: 143->144
[2025-12-25T07:44:28.202+0000][gc,heap     ] GC(1178) Humongous regions: 151->151
[2025-12-25T07:44:28.202+0000][gc,metaspace] GC(1178) Metaspace: 16640K(17024K)->16640K(17024K) NonClass: 14852K(14976K)->14852K(14976K) Class: 1787K(2048K)->1787K(2048K)
[2025-12-25T07:44:28.202+0000][gc          ] GC(1178) Pause Young (Normal) (G1 Evacuation Pause) 907M->300M(1024M) 20.950ms
[2025-12-25T07:44:28.202+0000][gc,cpu      ] GC(1178) User=0.09s Sys=0.00s Real=0.02s
[2025-12-25T07:44:58.374+0000][gc,start    ] GC(1179) Pause Young (Normal) (G1 Evacuation Pause)
[2025-12-25T07:44:58.374+0000][gc,task     ] GC(1179) Using 8 workers of 8 for evacuation
[2025-12-25T07:44:58.393+0000][gc,phases   ] GC(1179)   Pre Evacuate Collection Set: 1.2ms
[2025-12-25T07:44:58.393+0000][gc,phases   ] GC(1179)   Merge Heap Roots: 0.3ms
[2025-12-25T07:44:58.393+0000][gc,phases   ] GC(1179)   Evacuate Collection Set: 15.5ms
[2025-12-25T07:44:58.393+0000][gc,phases   ] GC(1179)   Post Evacuate Collection Set: 1.2ms
[2025-12-25T07:44:58.393+0000][gc,phases   ] GC(1179)   Other: 0.2ms
[2025-12-25T07:44:58.393+0000][gc,heap     ] GC(1179) Eden regions: 607->0(606)
[2025-12-25T07:44:58.393+0000][gc,heap     ] GC(1179) Survivor regions: 7->8(77)
[2025-12-25T07:44:58.393+0000][gc,heap     ] GC(1179) Old regions: 144->144
[2025-12-25T07:44:58.393+0000][gc,heap     ] GC(1179) Humongous regions: 151->151
[2025-12-25T07:44:58.393+0000][gc,metaspace] GC(1179) Metaspace: 16640K(17024K)->16640K(17024K) NonClass: 14852K(14976K)->14852K(14976K) Class: 1787K(2048K)->1787K(2048K)
[2025-12-25T07:44:58.393+0000][gc          ] GC(1179) Pause Young (Normal) (G1 Evacuation Pause) 907M->302M(1024M) 19.429ms
[2025-12-25T07:44:58.393+0000][gc,cpu      ] GC(1179) User=0.12s Sys=0.00s Real=0.02s
[2025-12-25T07:45:28.571+0000][gc,start    ] GC(1180) Pause Young (Normal) (G1 Evacuation Pause)
[2025-12-25T07:45:28.572+0000][gc,task     ] GC(1180) Using 8 workers of 8 for evacuation
[2025-12-25T07:45:28.590+0000][gc,phases   ] GC(1180)   Pre Evacuate Collection Set: 1.1ms
[2025-12-25T07:45:28.591+0000][gc,phases   ] GC(1180)   Merge Heap Roots: 0.7ms
[2025-12-25T07:45:28.591+0000][gc,phases   ] GC(1180)   Evacuate Collection Set: 14.6ms
[2025-12-25T07:45:28.591+0000][gc,phases   ] GC(1180)   Post Evacuate Collection Set: 1.6ms
[2025-12-25T07:45:28.591+0000][gc,phases   ] GC(1180)   Other: 0.3ms
[2025-12-25T07:45:28.591+0000][gc,heap     ] GC(1180) Eden regions: 606->0(605)
[2025-12-25T07:45:28.591+0000][gc,heap     ] GC(1180) Survivor regions: 8->9(77)
[2025-12-25T07:45:28.591+0000][gc,heap     ] GC(1180) Old regions: 144->144
[2025-12-25T07:45:28.591+0000][gc,heap     ] GC(1180) Humongous regions: 151->151
[2025-12-25T07:45:28.591+0000][gc,metaspace] GC(1180) Metaspace: 16640K(17024K)->16640K(17024K) NonClass: 14852K(14976K)->14852K(14976K) Class: 1787K(2048K)->1787K(2048K)
[2025-12-25T07:45:28.591+0000][gc          ] GC(1180) Pause Young (Normal) (G1 Evacuation Pause) 908M->303M(1024M) 20.004ms
[2025-12-25T07:45:28.591+0000][gc,cpu      ] GC(1180) User=0.12s Sys=0.00s Real=0.02s
[2025-12-25T07:45:58.708+0000][gc,start    ] GC(1181) Pause Young (Normal) (G1 Evacuation Pause)
[2025-12-25T07:45:58.709+0000][gc,task     ] GC(1181) Using 8 workers of 8 for evacuation
[2025-12-25T07:45:58.723+0000][gc,phases   ] GC(1181)   Pre Evacuate Collection Set: 1.2ms
[2025-12-25T07:45:58.723+0000][gc,phases   ] GC(1181)   Merge Heap Roots: 0.3ms
[2025-12-25T07:45:58.723+0000][gc,phases   ] GC(1181)   Evacuate Collection Set: 10.0ms
[2025-12-25T07:45:58.723+0000][gc,phases   ] GC(1181)   Post Evacuate Collection Set: 2.5ms
[2025-12-25T07:45:58.723+0000][gc,phases   ] GC(1181)   Other: 0.3ms
[2025-12-25T07:45:58.723+0000][gc,heap     ] GC(1181) Eden regions: 605->0(604)
[2025-12-25T07:45:58.724+0000][gc,heap     ] GC(1181) Survivor regions: 9->10(77)
[2025-12-25T07:45:58.724+0000][gc,heap     ] GC(1181) Old regions: 144->145
[2025-12-25T07:45:58.724+0000][gc,heap     ] GC(1181) Humongous regions: 151->151
[2025-12-25T07:45:58.724+0000][gc,metaspace] GC(1181) Metaspace: 16640K(17024K)->16640K(17024K) NonClass: 14852K(14976K)->14852K(14976K) Class: 1787K(2048K)->1787K(2048K)
[2025-12-25T07:45:58.724+0000][gc          ] GC(1181) Pause Young (Normal) (G1 Evacuation Pause) 908M->305M(1024M) 15.483ms
[2025-12-25T07:45:58.724+0000][gc,cpu      ] GC(1181) User=0.09s Sys=0.00s Real=0.01s
[2025-12-25T07:46:38.215+0000][gc,start    ] GC(1182) Pause Young (Normal) (G1 Evacuation Pause)
[2025-12-25T07:46:38.215+0000][gc,task     ] GC(1182) Using 8 workers of 8 for evacuation
[2025-12-25T07:46:38.235+0000][gc,phases   ] GC(1182)   Pre Evacuate Collection Set: 1.2ms
[2025-12-25T07:46:38.235+0000][gc,phases   ] GC(1182)   Merge Heap Roots: 0.3ms
[2025-12-25T07:46:38.235+0000][gc,phases   ] GC(1182)   Evacuate Collection Set: 16.1ms
[2025-12-25T07:46:38.235+0000][gc,phases   ] GC(1182)   Post Evacuate Collection Set: 1.2ms
[2025-12-25T07:46:38.235+0000][gc,phases   ] GC(1182)   Other: 0.6ms
[2025-12-25T07:46:38.235+0000][gc,heap     ] GC(1182) Eden regions: 604->0(604)
[2025-12-25T07:46:38.235+0000][gc,heap     ] GC(1182) Survivor regions: 10->10(77)
[2025-12-25T07:46:38.235+0000][gc,heap     ] GC(1182) Old regions: 145->145
[2025-12-25T07:46:38.235+0000][gc,heap     ] GC(1182) Humongous regions: 151->151
[2025-12-25T07:46:38.235+0000][gc,metaspace] GC(1182) Metaspace: 16650K(17088K)->16650K(17088K) NonClass: 14863K(15040K)->14863K(15040K) Class: 1787K(2048K)->1787K(2048K)
[2025-12-25T07:46:38.236+0000][gc          ] GC(1182) Pause Young (Normal) (G1 Evacuation Pause) 909M->304M(1024M) 20.808ms
[2025-12-25T07:46:38.236+0000][gc,cpu      ] GC(1182) User=0.12s Sys=0.00s Real=0.02s
[2025-12-25T07:47:08.354+0000][gc,start    ] GC(1183) Pause Young (Normal) (G1 Evacuation Pause)
[2025-12-25T07:47:08.355+0000][gc,task     ] GC(1183) Using 8 workers of 8 for evacuation
[2025-12-25T07:47:08.366+0000][gc,phases   ] GC(1183)   Pre Evacuate Collection Set: 1.3ms
[2025-12-25T07:47:08.366+0000][gc,phases   ] GC(1183)   Merge Heap Roots: 0.3ms
[2025-12-25T07:47:08.366+0000][gc,phases   ] GC(1183)   Evacuate Collection Set: 7.5ms
[2025-12-25T07:47:08.366+0000][gc,phases   ] GC(1183)   Post Evacuate Collection Set: 1.1ms
[2025-12-25T07:47:08.366+0000][gc,phases   ] GC(1183)   Other: 0.3ms
[2025-12-25T07:47:08.366+0000][gc,heap     ] GC(1183) Eden regions: 604->0(607)
[2025-12-25T07:47:08.366+0000][gc,heap     ] GC(1183) Survivor regions: 10->7(77)
[2025-12-25T07:47:08.367+0000][gc,heap     ] GC(1183) Old regions: 145->145
[2025-12-25T07:47:08.367+0000][gc,heap     ] GC(1183) Humongous regions: 151->151
[2025-12-25T07:47:08.367+0000][gc,metaspace] GC(1183) Metaspace: 16650K(17088K)->16650K(17088K) NonClass: 14863K(15040K)->14863K(15040K) Class: 1787K(2048K)->1787K(2048K)
[2025-12-25T07:47:08.367+0000][gc          ] GC(1183) Pause Young (Normal) (G1 Evacuation Pause) 908M->302M(1024M) 12.463ms
[2025-12-25T07:47:08.367+0000][gc,cpu      ] GC(1183) User=0.07s Sys=0.00s Real=0.01s
[2025-12-25T07:47:38.519+0000][gc,start    ] GC(1184) Pause Young (Normal) (G1 Evacuation Pause)
[2025-12-25T07:47:38.520+0000][gc,task     ] GC(1184) Using 8 workers of 8 for evacuation
[2025-12-25T07:47:38.537+0000][gc,phases   ] GC(1184)   Pre Evacuate Collection Set: 1.9ms
[2025-12-25T07:47:38.537+0000][gc,phases   ] GC(1184)   Merge Heap Roots: 0.7ms
[2025-12-25T07:47:38.537+0000][gc,phases   ] GC(1184)   Evacuate Collection Set: 13.0ms
[2025-12-25T07:47:38.538+0000][gc,phases   ] GC(1184)   Post Evacuate Collection Set: 0.9ms
[2025-12-25T07:47:38.538+0000][gc,phases   ] GC(1184)   Other: 0.3ms
[2025-12-25T07:47:38.538+0000][gc,heap     ] GC(1184) Eden regions: 607->0(606)
[2025-12-25T07:47:38.538+0000][gc,heap     ] GC(1184) Survivor regions: 7->8(77)
[2025-12-25T07:47:38.538+0000][gc,heap     ] GC(1184) Old regions: 145->146
[2025-12-25T07:47:38.538+0000][gc,heap     ] GC(1184) Humongous regions: 151->151
[2025-12-25T07:47:38.538+0000][gc,metaspace] GC(1184) Metaspace: 16650K(17088K)->16650K(17088K) NonClass: 14863K(15040K)->14863K(15040K) Class: 1787K(2048K)->1787K(2048K)
[2025-12-25T07:47:38.538+0000][gc          ] GC(1184) Pause Young (Normal) (G1 Evacuation Pause) 909M->304M(1024M) 18.637ms
[2025-12-25T07:47:38.538+0000][gc,cpu      ] GC(1184) User=0.11s Sys=0.00s Real=0.02s
[2025-12-25T07:48:08.648+0000][gc,start    ] GC(1185) Pause Young (Normal) (GCLocker Initiated GC)
[2025-12-25T07:48:08.649+0000][gc,task     ] GC(1185) Using 8 workers of 8 for evacuation
[2025-12-25T07:48:08.663+0000][gc,phases   ] GC(1185)   Pre Evacuate Collection Set: 1.1ms
[2025-12-25T07:48:08.663+0000][gc,phases   ] GC(1185)   Merge Heap Roots: 0.3ms
[2025-12-25T07:48:08.663+0000][gc,phases   ] GC(1185)   Evacuate Collection Set: 11.2ms
[2025-12-25T07:48:08.663+0000][gc,phases   ] GC(1185)   Post Evacuate Collection Set: 1.2ms
[2025-12-25T07:48:08.663+0000][gc,phases   ] GC(1185)   Other: 0.2ms
[2025-12-25T07:48:08.663+0000][gc,heap     ] GC(1185) Eden regions: 607->0(607)
[2025-12-25T07:48:08.663+0000][gc,heap     ] GC(1185) Survivor regions: 8->7(77)
[2025-12-25T07:48:08.663+0000][gc,heap     ] GC(1185) Old regions: 146->146
[2025-12-25T07:48:08.663+0000][gc,heap     ] GC(1185) Humongous regions: 151->151
[2025-12-25T07:48:08.663+0000][gc,metaspace] GC(1185) Metaspace: 16650K(17088K)->16650K(17088K) NonClass: 14863K(15040K)->14863K(15040K) Class: 1787K(2048K)->1787K(2048K)
[2025-12-25T07:48:08.663+0000][gc          ] GC(1185) Pause Young (Normal) (GCLocker Initiated GC) 910M->303M(1024M) 14.810ms
[2025-12-25T07:48:08.663+0000][gc,cpu      ] GC(1185) User=0.09s Sys=0.00s Real=0.02s
[2025-12-25T07:48:48.235+0000][gc,start    ] GC(1186) Pause Young (Normal) (G1 Evacuation Pause)
[2025-12-25T07:48:48.236+0000][gc,task     ] GC(1186) Using 8 workers of 8 for evacuation
[2025-12-25T07:48:48.256+0000][gc,phases   ] GC(1186)   Pre Evacuate Collection Set: 1.2ms
[2025-12-25T07:48:48.256+0000][gc,phases   ] GC(1186)   Merge Heap Roots: 1.2ms
[2025-12-25T07:48:48.256+0000][gc,phases   ] GC(1186)   Evacuate Collection Set: 16.0ms
[2025-12-25T07:48:48.256+0000][gc,phases   ] GC(1186)   Post Evacuate Collection Set: 1.1ms
[2025-12-25T07:48:48.256+0000][gc,phases   ] GC(1186)   Other: 0.4ms
[2025-12-25T07:48:48.256+0000][gc,heap     ] GC(1186) Eden regions: 607->0(605)
[2025-12-25T07:48:48.256+0000][gc,heap     ] GC(1186) Survivor regions: 7->9(77)
[2025-12-25T07:48:48.256+0000][gc,heap     ] GC(1186) Old regions: 146->146
[2025-12-25T07:48:48.256+0000][gc,heap     ] GC(1186) Humongous regions: 151->151
[2025-12-25T07:48:48.257+0000][gc,metaspace] GC(1186) Metaspace: 16650K(17088K)->16650K(17088K) NonClass: 14863K(15040K)->14863K(15040K) Class: 1787K(2048K)->1787K(2048K)
[2025-12-25T07:48:48.257+0000][gc          ] GC(1186) Pause Young (Normal) (G1 Evacuation Pause) 910M->305M(1024M) 21.154ms
[2025-12-25T07:48:48.257+0000][gc,cpu      ] GC(1186) User=0.13s Sys=0.00s Real=0.02s
[2025-12-25T07:49:18.419+0000][gc,start    ] GC(1187) Pause Young (Normal) (G1 Evacuation Pause)
[2025-12-25T07:49:18.419+0000][gc,task     ] GC(1187) Using 8 workers of 8 for evacuation
[2025-12-25T07:49:18.443+0000][gc,phases   ] GC(1187)   Pre Evacuate Collection Set: 3.6ms
[2025-12-25T07:49:18.443+0000][gc,phases   ] GC(1187)   Merge Heap Roots: 1.6ms
[2025-12-25T07:49:18.443+0000][gc,phases   ] GC(1187)   Evacuate Collection Set: 16.9ms
[2025-12-25T07:49:18.443+0000][gc,phases   ] GC(1187)   Post Evacuate Collection Set: 1.2ms
[2025-12-25T07:49:18.443+0000][gc,phases   ] GC(1187)   Other: 0.6ms
[2025-12-25T07:49:18.444+0000][gc,heap     ] GC(1187) Eden regions: 605->0(603)
[2025-12-25T07:49:18.444+0000][gc,heap     ] GC(1187) Survivor regions: 9->11(77)
[2025-12-25T07:49:18.444+0000][gc,heap     ] GC(1187) Old regions: 146->147
[2025-12-25T07:49:18.444+0000][gc,heap     ] GC(1187) Humongous regions: 151->151
[2025-12-25T07:49:18.444+0000][gc,metaspace] GC(1187) Metaspace: 16650K(17088K)->16650K(17088K) NonClass: 14863K(15040K)->14863K(15040K) Class: 1787K(2048K)->1787K(2048K)
[2025-12-25T07:49:18.444+0000][gc          ] GC(1187) Pause Young (Normal) (G1 Evacuation Pause) 910M->307M(1024M) 25.250ms
[2025-12-25T07:49:18.444+0000][gc,cpu      ] GC(1187) User=0.15s Sys=0.00s Real=0.02s
[2025-12-25T07:58:48.809+0000][gc,start    ] GC(1188) Pause Young (Normal) (G1 Evacuation Pause)
[2025-12-25T07:58:48.810+0000][gc,task     ] GC(1188) Using 8 workers of 8 for evacuation
[2025-12-25T07:58:48.821+0000][gc,phases   ] GC(1188)   Pre Evacuate Collection Set: 1.1ms
[2025-12-25T07:58:48.821+0000][gc,phases   ] GC(1188)   Merge Heap Roots: 0.4ms
[2025-12-25T07:58:48.821+0000][gc,phases   ] GC(1188)   Evacuate Collection Set: 8.5ms
[2025-12-25T07:58:48.822+0000][gc,phases   ] GC(1188)   Post Evacuate Collection Set: 1.2ms
[2025-12-25T07:58:48.822+0000][gc,phases   ] GC(1188)   Other: 0.2ms
[2025-12-25T07:58:48.822+0000][gc,heap     ] GC(1188) Eden regions: 603->0(606)
[2025-12-25T07:58:48.822+0000][gc,heap     ] GC(1188) Survivor regions: 11->8(77)
[2025-12-25T07:58:48.822+0000][gc,heap     ] GC(1188) Old regions: 147->147
[2025-12-25T07:58:48.822+0000][gc,heap     ] GC(1188) Humongous regions: 151->151
[2025-12-25T07:58:48.822+0000][gc,metaspace] GC(1188) Metaspace: 16653K(17088K)->16653K(17088K) NonClass: 14865K(15040K)->14865K(15040K) Class: 1787K(2048K)->1787K(2048K)
[2025-12-25T07:58:48.822+0000][gc          ] GC(1188) Pause Young (Normal) (G1 Evacuation Pause) 910M->305M(1024M) 12.482ms
[2025-12-25T07:58:48.822+0000][gc,cpu      ] GC(1188) User=0.08s Sys=0.00s Real=0.01s
