[2025-12-24T11:34:28.934+0000][gc,init] CardTable entry size: 512
[2025-12-24T11:34:28.936+0000][gc     ] Using G1
[2025-12-24T11:34:28.954+0000][gc,init] Version: 21.0.4+7-LTS (release)
[2025-12-24T11:34:28.955+0000][gc,init] CPUs: 8 total, 8 available
[2025-12-24T11:34:28.955+0000][gc,init] Memory: 13709M
[2025-12-24T11:34:28.956+0000][gc,init] Large Page Support: Disabled
[2025-12-24T11:34:28.957+0000][gc,init] NUMA Support: Disabled
[2025-12-24T11:34:28.959+0000][gc,init] Compressed Oops: Enabled (32-bit)
[2025-12-24T11:34:28.960+0000][gc,init] Heap Region Size: 1M
[2025-12-24T11:34:28.960+0000][gc,init] Heap Min Capacity: 1G
[2025-12-24T11:34:28.961+0000][gc,init] Heap Initial Capacity: 1G
[2025-12-24T11:34:28.961+0000][gc,init] Heap Max Capacity: 1G
[2025-12-24T11:34:28.961+0000][gc,init] Pre-touch: Disabled
[2025-12-24T11:34:28.961+0000][gc,init] Parallel Workers: 8
[2025-12-24T11:34:28.962+0000][gc,init] Concurrent Workers: 2
[2025-12-24T11:34:28.962+0000][gc,init] Concurrent Refinement Workers: 8
[2025-12-24T11:34:28.962+0000][gc,init] Periodic GC: Disabled
[2025-12-24T11:34:29.014+0000][gc,metaspace] CDS archive(s) mapped at: [0x0000000100000000-0x0000000100bd0000-0x00000001036b0000), size 57344000, SharedBaseAddress: 0x0000000100000000, ArchiveRelocationMode: 1.
[2025-12-24T11:34:29.015+0000][gc,metaspace] Compressed class space mapped at: 0x0000000104000000-0x0000000144000000, reserved size: 1073741824
[2025-12-24T11:34:29.015+0000][gc,metaspace] Narrow klass base: 0x0000000100000000, Narrow klass shift: 0, Narrow klass range: 0x100000000
[2025-12-24T11:34:33.218+0000][gc,start    ] GC(0) Pause Young (Normal) (G1 Evacuation Pause)
[2025-12-24T11:34:33.219+0000][gc,task     ] GC(0) Using 8 workers of 8 for evacuation
[2025-12-24T11:34:33.318+0000][gc,phases   ] GC(0)   Pre Evacuate Collection Set: 0.7ms
[2025-12-24T11:34:33.318+0000][gc,phases   ] GC(0)   Merge Heap Roots: 0.1ms
[2025-12-24T11:34:33.318+0000][gc,phases   ] GC(0)   Evacuate Collection Set: 95.0ms
[2025-12-24T11:34:33.318+0000][gc,phases   ] GC(0)   Post Evacuate Collection Set: 3.0ms
[2025-12-24T11:34:33.319+0000][gc,phases   ] GC(0)   Other: 1.3ms
[2025-12-24T11:34:33.319+0000][gc,heap     ] GC(0) Eden regions: 51->0(44)
[2025-12-24T11:34:33.319+0000][gc,heap     ] GC(0) Survivor regions: 0->7(7)
[2025-12-24T11:34:33.320+0000][gc,heap     ] GC(0) Old regions: 1->6
[2025-12-24T11:34:33.321+0000][gc,heap     ] GC(0) Humongous regions: 2->2
[2025-12-24T11:34:33.321+0000][gc,metaspace] GC(0) Metaspace: 5254K(5504K)->5254K(5504K) NonClass: 4632K(4736K)->4632K(4736K) Class: 621K(768K)->621K(768K)
[2025-12-24T11:34:33.321+0000][gc          ] GC(0) Pause Young (Normal) (G1 Evacuation Pause) 53M->14M(1024M) 103.315ms
[2025-12-24T11:34:33.321+0000][gc,cpu      ] GC(0) User=0.06s Sys=0.09s Real=0.11s
[2025-12-24T11:34:34.446+0000][gc,start    ] GC(1) Pause Young (Normal) (G1 Evacuation Pause)
[2025-12-24T11:34:34.446+0000][gc,task     ] GC(1) Using 8 workers of 8 for evacuation
[2025-12-24T11:34:34.513+0000][gc,phases   ] GC(1)   Pre Evacuate Collection Set: 0.6ms
[2025-12-24T11:34:34.514+0000][gc,phases   ] GC(1)   Merge Heap Roots: 0.2ms
[2025-12-24T11:34:34.514+0000][gc,phases   ] GC(1)   Evacuate Collection Set: 65.4ms
[2025-12-24T11:34:34.514+0000][gc,phases   ] GC(1)   Post Evacuate Collection Set: 0.9ms
[2025-12-24T11:34:34.514+0000][gc,phases   ] GC(1)   Other: 0.2ms
[2025-12-24T11:34:34.514+0000][gc,heap     ] GC(1) Eden regions: 44->0(49)
[2025-12-24T11:34:34.514+0000][gc,heap     ] GC(1) Survivor regions: 7->3(7)
[2025-12-24T11:34:34.514+0000][gc,heap     ] GC(1) Old regions: 6->14
[2025-12-24T11:34:34.515+0000][gc,heap     ] GC(1) Humongous regions: 11->11
[2025-12-24T11:34:34.515+0000][gc,metaspace] GC(1) Metaspace: 6447K(6720K)->6447K(6720K) NonClass: 5685K(5824K)->5685K(5824K) Class: 761K(896K)->761K(896K)
[2025-12-24T11:34:34.515+0000][gc          ] GC(1) Pause Young (Normal) (G1 Evacuation Pause) 67M->26M(1024M) 69.219ms
[2025-12-24T11:34:34.516+0000][gc,cpu      ] GC(1) User=0.04s Sys=0.05s Real=0.07s
[2025-12-24T11:34:35.181+0000][gc,start    ] GC(2) Pause Young (Normal) (G1 Evacuation Pause)
[2025-12-24T11:34:35.183+0000][gc,task     ] GC(2) Using 8 workers of 8 for evacuation
[2025-12-24T11:34:35.196+0000][gc,phases   ] GC(2)   Pre Evacuate Collection Set: 0.5ms
[2025-12-24T11:34:35.196+0000][gc,phases   ] GC(2)   Merge Heap Roots: 0.2ms
[2025-12-24T11:34:35.196+0000][gc,phases   ] GC(2)   Evacuate Collection Set: 11.0ms
[2025-12-24T11:34:35.196+0000][gc,phases   ] GC(2)   Post Evacuate Collection Set: 0.8ms
[2025-12-24T11:34:35.197+0000][gc,phases   ] GC(2)   Other: 0.3ms
[2025-12-24T11:34:35.197+0000][gc,heap     ] GC(2) Eden regions: 52->0(609)
[2025-12-24T11:34:35.197+0000][gc,heap     ] GC(2) Survivor regions: 3->5(7)
[2025-12-24T11:34:35.197+0000][gc,heap     ] GC(2) Old regions: 14->14
[2025-12-24T11:34:35.197+0000][gc,heap     ] GC(2) Humongous regions: 11->11
[2025-12-24T11:34:35.197+0000][gc,metaspace] GC(2) Metaspace: 7783K(8064K)->7783K(8064K) NonClass: 6852K(7040K)->6852K(7040K) Class: 931K(1024K)->931K(1024K)
[2025-12-24T11:34:35.197+0000][gc          ] GC(2) Pause Young (Normal) (G1 Evacuation Pause) 78M->28M(1024M) 15.837ms
[2025-12-24T11:34:35.198+0000][gc,cpu      ] GC(2) User=0.02s Sys=0.01s Real=0.01s
[2025-12-24T11:35:33.260+0000][gc,start    ] GC(3) Pause Young (Normal) (G1 Evacuation Pause)
[2025-12-24T11:35:33.261+0000][gc,task     ] GC(3) Using 8 workers of 8 for evacuation
[2025-12-24T11:35:33.282+0000][gc,phases   ] GC(3)   Pre Evacuate Collection Set: 2.2ms
[2025-12-24T11:35:33.282+0000][gc,phases   ] GC(3)   Merge Heap Roots: 0.4ms
[2025-12-24T11:35:33.282+0000][gc,phases   ] GC(3)   Evacuate Collection Set: 16.1ms
[2025-12-24T11:35:33.282+0000][gc,phases   ] GC(3)   Post Evacuate Collection Set: 1.7ms
[2025-12-24T11:35:33.282+0000][gc,phases   ] GC(3)   Other: 0.6ms
[2025-12-24T11:35:33.282+0000][gc,heap     ] GC(3) Eden regions: 609->0(607)
[2025-12-24T11:35:33.282+0000][gc,heap     ] GC(3) Survivor regions: 5->7(77)
[2025-12-24T11:35:33.282+0000][gc,heap     ] GC(3) Old regions: 14->14
[2025-12-24T11:35:33.282+0000][gc,heap     ] GC(3) Humongous regions: 11->11
[2025-12-24T11:35:33.282+0000][gc,metaspace] GC(3) Metaspace: 9599K(9920K)->9599K(9920K) NonClass: 8614K(8768K)->8614K(8768K) Class: 985K(1152K)->985K(1152K)
[2025-12-24T11:35:33.283+0000][gc          ] GC(3) Pause Young (Normal) (G1 Evacuation Pause) 637M->30M(1024M) 22.099ms
[2025-12-24T11:35:33.283+0000][gc,cpu      ] GC(3) User=0.12s Sys=0.03s Real=0.02s
[2025-12-24T11:36:23.515+0000][gc,start    ] GC(4) Pause Young (Normal) (G1 Evacuation Pause)
[2025-12-24T11:36:23.516+0000][gc,task     ] GC(4) Using 8 workers of 8 for evacuation
[2025-12-24T11:36:23.531+0000][gc,phases   ] GC(4)   Pre Evacuate Collection Set: 2.5ms
[2025-12-24T11:36:23.531+0000][gc,phases   ] GC(4)   Merge Heap Roots: 0.3ms
[2025-12-24T11:36:23.531+0000][gc,phases   ] GC(4)   Evacuate Collection Set: 10.2ms
[2025-12-24T11:36:23.531+0000][gc,phases   ] GC(4)   Post Evacuate Collection Set: 1.3ms
[2025-12-24T11:36:23.531+0000][gc,phases   ] GC(4)   Other: 0.3ms
[2025-12-24T11:36:23.531+0000][gc,heap     ] GC(4) Eden regions: 607->0(606)
[2025-12-24T11:36:23.531+0000][gc,heap     ] GC(4) Survivor regions: 7->8(77)
[2025-12-24T11:36:23.531+0000][gc,heap     ] GC(4) Old regions: 14->14
[2025-12-24T11:36:23.531+0000][gc,heap     ] GC(4) Humongous regions: 11->11
[2025-12-24T11:36:23.532+0000][gc,metaspace] GC(4) Metaspace: 9859K(10240K)->9859K(10240K) NonClass: 8870K(9088K)->8870K(9088K) Class: 989K(1152K)->989K(1152K)
[2025-12-24T11:36:23.532+0000][gc          ] GC(4) Pause Young (Normal) (G1 Evacuation Pause) 637M->31M(1024M) 16.167ms
[2025-12-24T11:36:23.532+0000][gc,cpu      ] GC(4) User=0.09s Sys=0.00s Real=0.02s
[2025-12-24T11:37:23.245+0000][gc,start    ] GC(5) Pause Young (Normal) (G1 Evacuation Pause)
[2025-12-24T11:37:23.245+0000][gc,task     ] GC(5) Using 8 workers of 8 for evacuation
[2025-12-24T11:37:23.260+0000][gc,phases   ] GC(5)   Pre Evacuate Collection Set: 1.1ms
[2025-12-24T11:37:23.261+0000][gc,phases   ] GC(5)   Merge Heap Roots: 0.2ms
[2025-12-24T11:37:23.261+0000][gc,phases   ] GC(5)   Evacuate Collection Set: 12.3ms
[2025-12-24T11:37:23.261+0000][gc,phases   ] GC(5)   Post Evacuate Collection Set: 1.2ms
[2025-12-24T11:37:23.261+0000][gc,phases   ] GC(5)   Other: 0.3ms
[2025-12-24T11:37:23.261+0000][gc,heap     ] GC(5) Eden regions: 606->0(607)
[2025-12-24T11:37:23.261+0000][gc,heap     ] GC(5) Survivor regions: 8->7(77)
[2025-12-24T11:37:23.261+0000][gc,heap     ] GC(5) Old regions: 14->14
[2025-12-24T11:37:23.261+0000][gc,heap     ] GC(5) Humongous regions: 11->11
[2025-12-24T11:37:23.261+0000][gc,metaspace] GC(5) Metaspace: 10142K(10560K)->10142K(10560K) NonClass: 9145K(9344K)->9145K(9344K) Class: 996K(1216K)->996K(1216K)
[2025-12-24T11:37:23.261+0000][gc          ] GC(5) Pause Young (Normal) (G1 Evacuation Pause) 637M->31M(1024M) 16.596ms
[2025-12-24T11:37:23.261+0000][gc,cpu      ] GC(5) User=0.11s Sys=0.00s Real=0.02s
[2025-12-24T11:38:13.484+0000][gc,start    ] GC(6) Pause Young (Normal) (G1 Evacuation Pause)
[2025-12-24T11:38:13.485+0000][gc,task     ] GC(6) Using 8 workers of 8 for evacuation
[2025-12-24T11:38:13.503+0000][gc,phases   ] GC(6)   Pre Evacuate Collection Set: 1.5ms
[2025-12-24T11:38:13.503+0000][gc,phases   ] GC(6)   Merge Heap Roots: 0.2ms
[2025-12-24T11:38:13.503+0000][gc,phases   ] GC(6)   Evacuate Collection Set: 14.8ms
[2025-12-24T11:38:13.503+0000][gc,phases   ] GC(6)   Post Evacuate Collection Set: 1.5ms
[2025-12-24T11:38:13.503+0000][gc,phases   ] GC(6)   Other: 0.2ms
[2025-12-24T11:38:13.503+0000][gc,heap     ] GC(6) Eden regions: 607->0(606)
[2025-12-24T11:38:13.503+0000][gc,heap     ] GC(6) Survivor regions: 7->8(77)
[2025-12-24T11:38:13.503+0000][gc,heap     ] GC(6) Old regions: 14->14
[2025-12-24T11:38:13.503+0000][gc,heap     ] GC(6) Humongous regions: 11->11
[2025-12-24T11:38:13.503+0000][gc,metaspace] GC(6) Metaspace: 10294K(10688K)->10294K(10688K) NonClass: 9295K(9472K)->9295K(9472K) Class: 998K(1216K)->998K(1216K)
[2025-12-24T11:38:13.503+0000][gc          ] GC(6) Pause Young (Normal) (G1 Evacuation Pause) 638M->32M(1024M) 19.114ms
[2025-12-24T11:38:13.503+0000][gc,cpu      ] GC(6) User=0.09s Sys=0.00s Real=0.02s
[2025-12-24T11:39:13.227+0000][gc,start    ] GC(7) Pause Young (Normal) (G1 Evacuation Pause)
[2025-12-24T11:39:13.229+0000][gc,task     ] GC(7) Using 8 workers of 8 for evacuation
[2025-12-24T11:39:13.264+0000][gc,phases   ] GC(7)   Pre Evacuate Collection Set: 2.9ms
[2025-12-24T11:39:13.265+0000][gc,phases   ] GC(7)   Merge Heap Roots: 0.4ms
[2025-12-24T11:39:13.265+0000][gc,phases   ] GC(7)   Evacuate Collection Set: 29.4ms
[2025-12-24T11:39:13.265+0000][gc,phases   ] GC(7)   Post Evacuate Collection Set: 2.3ms
[2025-12-24T11:39:13.265+0000][gc,phases   ] GC(7)   Other: 0.7ms
[2025-12-24T11:39:13.265+0000][gc,heap     ] GC(7) Eden regions: 606->0(607)
[2025-12-24T11:39:13.265+0000][gc,heap     ] GC(7) Survivor regions: 8->7(77)
[2025-12-24T11:39:13.265+0000][gc,heap     ] GC(7) Old regions: 14->14
[2025-12-24T11:39:13.265+0000][gc,heap     ] GC(7) Humongous regions: 11->11
[2025-12-24T11:39:13.265+0000][gc,metaspace] GC(7) Metaspace: 10456K(10880K)->10456K(10880K) NonClass: 9456K(9664K)->9456K(9664K) Class: 1000K(1216K)->1000K(1216K)
[2025-12-24T11:39:13.265+0000][gc          ] GC(7) Pause Young (Normal) (G1 Evacuation Pause) 638M->31M(1024M) 38.198ms
[2025-12-24T11:39:13.265+0000][gc,cpu      ] GC(7) User=0.24s Sys=0.01s Real=0.04s
[2025-12-24T11:40:03.358+0000][gc,start    ] GC(8) Pause Young (Normal) (G1 Evacuation Pause)
[2025-12-24T11:40:03.359+0000][gc,task     ] GC(8) Using 8 workers of 8 for evacuation
[2025-12-24T11:40:03.377+0000][gc,phases   ] GC(8)   Pre Evacuate Collection Set: 1.1ms
[2025-12-24T11:40:03.377+0000][gc,phases   ] GC(8)   Merge Heap Roots: 0.2ms
[2025-12-24T11:40:03.378+0000][gc,phases   ] GC(8)   Evacuate Collection Set: 15.5ms
[2025-12-24T11:40:03.378+0000][gc,phases   ] GC(8)   Post Evacuate Collection Set: 1.1ms
[2025-12-24T11:40:03.378+0000][gc,phases   ] GC(8)   Other: 0.2ms
[2025-12-24T11:40:03.378+0000][gc,heap     ] GC(8) Eden regions: 607->0(606)
[2025-12-24T11:40:03.378+0000][gc,heap     ] GC(8) Survivor regions: 7->8(77)
[2025-12-24T11:40:03.378+0000][gc,heap     ] GC(8) Old regions: 14->14
[2025-12-24T11:40:03.378+0000][gc,heap     ] GC(8) Humongous regions: 11->11
[2025-12-24T11:40:03.378+0000][gc,metaspace] GC(8) Metaspace: 10553K(10944K)->10553K(10944K) NonClass: 9550K(9728K)->9550K(9728K) Class: 1002K(1216K)->1002K(1216K)
[2025-12-24T11:40:03.378+0000][gc          ] GC(8) Pause Young (Normal) (G1 Evacuation Pause) 638M->32M(1024M) 19.973ms
[2025-12-24T11:40:03.378+0000][gc,cpu      ] GC(8) User=0.11s Sys=0.00s Real=0.02s
[2025-12-24T11:40:54.895+0000][gc,start    ] GC(9) Pause Young (Normal) (G1 Evacuation Pause)
[2025-12-24T11:40:54.896+0000][gc,task     ] GC(9) Using 8 workers of 8 for evacuation
[2025-12-24T11:40:54.922+0000][gc,phases   ] GC(9)   Pre Evacuate Collection Set: 4.8ms
[2025-12-24T11:40:54.922+0000][gc,phases   ] GC(9)   Merge Heap Roots: 1.1ms
[2025-12-24T11:40:54.922+0000][gc,phases   ] GC(9)   Evacuate Collection Set: 17.5ms
[2025-12-24T11:40:54.922+0000][gc,phases   ] GC(9)   Post Evacuate Collection Set: 2.0ms
[2025-12-24T11:40:54.923+0000][gc,phases   ] GC(9)   Other: 0.5ms
[2025-12-24T11:40:54.923+0000][gc,heap     ] GC(9) Eden regions: 606->0(606)
[2025-12-24T11:40:54.923+0000][gc,heap     ] GC(9) Survivor regions: 8->8(77)
[2025-12-24T11:40:54.923+0000][gc,heap     ] GC(9) Old regions: 14->14
[2025-12-24T11:40:54.923+0000][gc,heap     ] GC(9) Humongous regions: 11->11
[2025-12-24T11:40:54.923+0000][gc,metaspace] GC(9) Metaspace: 10577K(10944K)->10577K(10944K) NonClass: 9574K(9728K)->9574K(9728K) Class: 1002K(1216K)->1002K(1216K)
[2025-12-24T11:40:54.923+0000][gc          ] GC(9) Pause Young (Normal) (G1 Evacuation Pause) 638M->31M(1024M) 27.732ms
[2025-12-24T11:40:54.923+0000][gc,cpu      ] GC(9) User=0.14s Sys=0.01s Real=0.03s
[2025-12-24T11:41:53.337+0000][gc,start    ] GC(10) Pause Young (Normal) (G1 Evacuation Pause)
[2025-12-24T11:41:53.337+0000][gc,task     ] GC(10) Using 8 workers of 8 for evacuation
[2025-12-24T11:41:53.358+0000][gc,phases   ] GC(10)   Pre Evacuate Collection Set: 1.1ms
[2025-12-24T11:41:53.358+0000][gc,phases   ] GC(10)   Merge Heap Roots: 0.3ms
[2025-12-24T11:41:53.358+0000][gc,phases   ] GC(10)   Evacuate Collection Set: 16.9ms
[2025-12-24T11:41:53.358+0000][gc,phases   ] GC(10)   Post Evacuate Collection Set: 1.7ms
[2025-12-24T11:41:53.358+0000][gc,phases   ] GC(10)   Other: 0.2ms
[2025-12-24T11:41:53.358+0000][gc,heap     ] GC(10) Eden regions: 606->0(606)
[2025-12-24T11:41:53.358+0000][gc,heap     ] GC(10) Survivor regions: 8->8(77)
[2025-12-24T11:41:53.358+0000][gc,heap     ] GC(10) Old regions: 14->14
[2025-12-24T11:41:53.358+0000][gc,heap     ] GC(10) Humongous regions: 11->11
[2025-12-24T11:41:53.358+0000][gc,metaspace] GC(10) Metaspace: 10620K(11008K)->10620K(11008K) NonClass: 9616K(9792K)->9616K(9792K) Class: 1004K(1216K)->1004K(1216K)
[2025-12-24T11:41:53.358+0000][gc          ] GC(10) Pause Young (Normal) (G1 Evacuation Pause) 637M->32M(1024M) 21.169ms
[2025-12-24T11:41:53.358+0000][gc,cpu      ] GC(10) User=0.15s Sys=0.00s Real=0.02s
[2025-12-24T11:42:43.533+0000][gc,start    ] GC(11) Pause Young (Normal) (G1 Evacuation Pause)
[2025-12-24T11:42:43.533+0000][gc,task     ] GC(11) Using 8 workers of 8 for evacuation
[2025-12-24T11:42:43.553+0000][gc,phases   ] GC(11)   Pre Evacuate Collection Set: 2.1ms
[2025-12-24T11:42:43.553+0000][gc,phases   ] GC(11)   Merge Heap Roots: 0.6ms
[2025-12-24T11:42:43.553+0000][gc,phases   ] GC(11)   Evacuate Collection Set: 14.2ms
[2025-12-24T11:42:43.553+0000][gc,phases   ] GC(11)   Post Evacuate Collection Set: 2.8ms
[2025-12-24T11:42:43.553+0000][gc,phases   ] GC(11)   Other: 0.3ms
[2025-12-24T11:42:43.553+0000][gc,heap     ] GC(11) Eden regions: 606->0(605)
[2025-12-24T11:42:43.553+0000][gc,heap     ] GC(11) Survivor regions: 8->9(77)
[2025-12-24T11:42:43.554+0000][gc,heap     ] GC(11) Old regions: 14->14
[2025-12-24T11:42:43.554+0000][gc,heap     ] GC(11) Humongous regions: 11->11
[2025-12-24T11:42:43.554+0000][gc,metaspace] GC(11) Metaspace: 10639K(11008K)->10639K(11008K) NonClass: 9635K(9792K)->9635K(9792K) Class: 1004K(1216K)->1004K(1216K)
[2025-12-24T11:42:43.554+0000][gc          ] GC(11) Pause Young (Normal) (G1 Evacuation Pause) 638M->32M(1024M) 21.255ms
[2025-12-24T11:42:43.554+0000][gc,cpu      ] GC(11) User=0.12s Sys=0.00s Real=0.02s
[2025-12-24T11:43:43.335+0000][gc,start    ] GC(12) Pause Young (Normal) (G1 Evacuation Pause)
[2025-12-24T11:43:43.335+0000][gc,task     ] GC(12) Using 8 workers of 8 for evacuation
[2025-12-24T11:43:43.350+0000][gc,phases   ] GC(12)   Pre Evacuate Collection Set: 1.4ms
[2025-12-24T11:43:43.351+0000][gc,phases   ] GC(12)   Merge Heap Roots: 2.4ms
[2025-12-24T11:43:43.351+0000][gc,phases   ] GC(12)   Evacuate Collection Set: 9.9ms
[2025-12-24T11:43:43.351+0000][gc,phases   ] GC(12)   Post Evacuate Collection Set: 1.4ms
[2025-12-24T11:43:43.351+0000][gc,phases   ] GC(12)   Other: 0.3ms
[2025-12-24T11:43:43.351+0000][gc,heap     ] GC(12) Eden regions: 605->0(606)
[2025-12-24T11:43:43.351+0000][gc,heap     ] GC(12) Survivor regions: 9->8(77)
[2025-12-24T11:43:43.351+0000][gc,heap     ] GC(12) Old regions: 14->14
[2025-12-24T11:43:43.351+0000][gc,heap     ] GC(12) Humongous regions: 11->11
[2025-12-24T11:43:43.351+0000][gc,metaspace] GC(12) Metaspace: 10694K(11008K)->10694K(11008K) NonClass: 9689K(9792K)->9689K(9792K) Class: 1004K(1216K)->1004K(1216K)
[2025-12-24T11:43:43.351+0000][gc          ] GC(12) Pause Young (Normal) (G1 Evacuation Pause) 637M->32M(1024M) 16.390ms
[2025-12-24T11:43:43.351+0000][gc,cpu      ] GC(12) User=0.11s Sys=0.00s Real=0.02s
[2025-12-24T11:44:33.486+0000][gc,start    ] GC(13) Pause Young (Normal) (G1 Evacuation Pause)
[2025-12-24T11:44:33.486+0000][gc,task     ] GC(13) Using 8 workers of 8 for evacuation
[2025-12-24T11:44:33.510+0000][gc,phases   ] GC(13)   Pre Evacuate Collection Set: 1.4ms
[2025-12-24T11:44:33.510+0000][gc,phases   ] GC(13)   Merge Heap Roots: 1.9ms
[2025-12-24T11:44:33.510+0000][gc,phases   ] GC(13)   Evacuate Collection Set: 17.8ms
[2025-12-24T11:44:33.510+0000][gc,phases   ] GC(13)   Post Evacuate Collection Set: 1.3ms
[2025-12-24T11:44:33.510+0000][gc,phases   ] GC(13)   Other: 0.8ms
[2025-12-24T11:44:33.510+0000][gc,heap     ] GC(13) Eden regions: 606->0(605)
[2025-12-24T11:44:33.510+0000][gc,heap     ] GC(13) Survivor regions: 8->9(77)
[2025-12-24T11:44:33.510+0000][gc,heap     ] GC(13) Old regions: 14->14
[2025-12-24T11:44:33.510+0000][gc,heap     ] GC(13) Humongous regions: 11->11
[2025-12-24T11:44:33.510+0000][gc,metaspace] GC(13) Metaspace: 10703K(11072K)->10703K(11072K) NonClass: 9698K(9856K)->9698K(9856K) Class: 1004K(1216K)->1004K(1216K)
[2025-12-24T11:44:33.510+0000][gc          ] GC(13) Pause Young (Normal) (G1 Evacuation Pause) 638M->33M(1024M) 24.193ms
[2025-12-24T11:44:33.510+0000][gc,cpu      ] GC(13) User=0.16s Sys=0.00s Real=0.02s
[2025-12-24T11:45:33.302+0000][gc,start    ] GC(14) Pause Young (Normal) (G1 Evacuation Pause)
[2025-12-24T11:45:33.303+0000][gc,task     ] GC(14) Using 8 workers of 8 for evacuation
[2025-12-24T11:45:33.323+0000][gc,phases   ] GC(14)   Pre Evacuate Collection Set: 3.6ms
[2025-12-24T11:45:33.323+0000][gc,phases   ] GC(14)   Merge Heap Roots: 0.8ms
[2025-12-24T11:45:33.323+0000][gc,phases   ] GC(14)   Evacuate Collection Set: 8.8ms
[2025-12-24T11:45:33.323+0000][gc,phases   ] GC(14)   Post Evacuate Collection Set: 5.9ms
[2025-12-24T11:45:33.323+0000][gc,phases   ] GC(14)   Other: 0.7ms
[2025-12-24T11:45:33.323+0000][gc,heap     ] GC(14) Eden regions: 605->0(606)
[2025-12-24T11:45:33.323+0000][gc,heap     ] GC(14) Survivor regions: 9->8(77)
[2025-12-24T11:45:33.323+0000][gc,heap     ] GC(14) Old regions: 14->14
[2025-12-24T11:45:33.323+0000][gc,heap     ] GC(14) Humongous regions: 11->11
[2025-12-24T11:45:33.323+0000][gc,metaspace] GC(14) Metaspace: 10791K(11136K)->10791K(11136K) NonClass: 9780K(9920K)->9780K(9920K) Class: 1010K(1216K)->1010K(1216K)
[2025-12-24T11:45:33.323+0000][gc          ] GC(14) Pause Young (Normal) (G1 Evacuation Pause) 638M->32M(1024M) 21.394ms
[2025-12-24T11:45:33.323+0000][gc,cpu      ] GC(14) User=0.11s Sys=0.00s Real=0.02s
[2025-12-24T11:46:23.469+0000][gc,start    ] GC(15) Pause Young (Normal) (G1 Evacuation Pause)
[2025-12-24T11:46:23.469+0000][gc,task     ] GC(15) Using 8 workers of 8 for evacuation
[2025-12-24T11:46:23.481+0000][gc,phases   ] GC(15)   Pre Evacuate Collection Set: 1.2ms
[2025-12-24T11:46:23.481+0000][gc,phases   ] GC(15)   Merge Heap Roots: 0.2ms
[2025-12-24T11:46:23.481+0000][gc,phases   ] GC(15)   Evacuate Collection Set: 8.8ms
[2025-12-24T11:46:23.481+0000][gc,phases   ] GC(15)   Post Evacuate Collection Set: 1.3ms
[2025-12-24T11:46:23.481+0000][gc,phases   ] GC(15)   Other: 0.2ms
[2025-12-24T11:46:23.481+0000][gc,heap     ] GC(15) Eden regions: 606->0(605)
[2025-12-24T11:46:23.482+0000][gc,heap     ] GC(15) Survivor regions: 8->9(77)
[2025-12-24T11:46:23.482+0000][gc,heap     ] GC(15) Old regions: 14->14
[2025-12-24T11:46:23.482+0000][gc,heap     ] GC(15) Humongous regions: 11->11
[2025-12-24T11:46:23.482+0000][gc,metaspace] GC(15) Metaspace: 10806K(11136K)->10806K(11136K) NonClass: 9795K(9920K)->9795K(9920K) Class: 1010K(1216K)->1010K(1216K)
[2025-12-24T11:46:23.482+0000][gc          ] GC(15) Pause Young (Normal) (G1 Evacuation Pause) 638M->32M(1024M) 12.753ms
[2025-12-24T11:46:23.482+0000][gc,cpu      ] GC(15) User=0.07s Sys=0.00s Real=0.02s
[2025-12-24T11:47:23.272+0000][gc,start    ] GC(16) Pause Young (Normal) (G1 Evacuation Pause)
[2025-12-24T11:47:23.273+0000][gc,task     ] GC(16) Using 8 workers of 8 for evacuation
[2025-12-24T11:47:23.291+0000][gc,phases   ] GC(16)   Pre Evacuate Collection Set: 0.8ms
[2025-12-24T11:47:23.292+0000][gc,phases   ] GC(16)   Merge Heap Roots: 0.2ms
[2025-12-24T11:47:23.292+0000][gc,phases   ] GC(16)   Evacuate Collection Set: 16.0ms
[2025-12-24T11:47:23.292+0000][gc,phases   ] GC(16)   Post Evacuate Collection Set: 1.5ms
[2025-12-24T11:47:23.292+0000][gc,phases   ] GC(16)   Other: 0.2ms
[2025-12-24T11:47:23.292+0000][gc,heap     ] GC(16) Eden regions: 605->0(608)
[2025-12-24T11:47:23.292+0000][gc,heap     ] GC(16) Survivor regions: 9->6(77)
[2025-12-24T11:47:23.292+0000][gc,heap     ] GC(16) Old regions: 14->16
[2025-12-24T11:47:23.292+0000][gc,heap     ] GC(16) Humongous regions: 11->11
[2025-12-24T11:47:23.292+0000][gc,metaspace] GC(16) Metaspace: 10826K(11200K)->10826K(11200K) NonClass: 9816K(9984K)->9816K(9984K) Class: 1010K(1216K)->1010K(1216K)
[2025-12-24T11:47:23.292+0000][gc          ] GC(16) Pause Young (Normal) (G1 Evacuation Pause) 637M->32M(1024M) 19.805ms
[2025-12-24T11:47:23.292+0000][gc,cpu      ] GC(16) User=0.09s Sys=0.01s Real=0.02s
[2025-12-24T11:48:13.526+0000][gc,start    ] GC(17) Pause Young (Normal) (G1 Evacuation Pause)
[2025-12-24T11:48:13.526+0000][gc,task     ] GC(17) Using 8 workers of 8 for evacuation
[2025-12-24T11:48:13.551+0000][gc,phases   ] GC(17)   Pre Evacuate Collection Set: 1.9ms
[2025-12-24T11:48:13.551+0000][gc,phases   ] GC(17)   Merge Heap Roots: 0.7ms
[2025-12-24T11:48:13.551+0000][gc,phases   ] GC(17)   Evacuate Collection Set: 20.7ms
[2025-12-24T11:48:13.551+0000][gc,phases   ] GC(17)   Post Evacuate Collection Set: 1.3ms
[2025-12-24T11:48:13.551+0000][gc,phases   ] GC(17)   Other: 0.2ms
[2025-12-24T11:48:13.551+0000][gc,heap     ] GC(17) Eden regions: 608->0(609)
[2025-12-24T11:48:13.551+0000][gc,heap     ] GC(17) Survivor regions: 6->5(77)
[2025-12-24T11:48:13.551+0000][gc,heap     ] GC(17) Old regions: 16->18
[2025-12-24T11:48:13.551+0000][gc,heap     ] GC(17) Humongous regions: 11->11
[2025-12-24T11:48:13.552+0000][gc,metaspace] GC(17) Metaspace: 10842K(11264K)->10842K(11264K) NonClass: 9831K(10048K)->9831K(10048K) Class: 1010K(1216K)->1010K(1216K)
[2025-12-24T11:48:13.552+0000][gc          ] GC(17) Pause Young (Normal) (G1 Evacuation Pause) 640M->32M(1024M) 26.006ms
[2025-12-24T11:48:13.552+0000][gc,cpu      ] GC(17) User=0.14s Sys=0.01s Real=0.02s
[2025-12-24T11:49:13.384+0000][gc,start    ] GC(18) Pause Young (Normal) (G1 Evacuation Pause)
[2025-12-24T11:49:13.384+0000][gc,task     ] GC(18) Using 8 workers of 8 for evacuation
[2025-12-24T11:49:13.393+0000][gc,phases   ] GC(18)   Pre Evacuate Collection Set: 1.1ms
[2025-12-24T11:49:13.393+0000][gc,phases   ] GC(18)   Merge Heap Roots: 0.2ms
[2025-12-24T11:49:13.393+0000][gc,phases   ] GC(18)   Evacuate Collection Set: 6.0ms
[2025-12-24T11:49:13.393+0000][gc,phases   ] GC(18)   Post Evacuate Collection Set: 1.3ms
[2025-12-24T11:49:13.393+0000][gc,phases   ] GC(18)   Other: 0.3ms
[2025-12-24T11:49:13.393+0000][gc,heap     ] GC(18) Eden regions: 609->0(611)
[2025-12-24T11:49:13.394+0000][gc,heap     ] GC(18) Survivor regions: 5->3(77)
[2025-12-24T11:49:13.394+0000][gc,heap     ] GC(18) Old regions: 18->19
[2025-12-24T11:49:13.394+0000][gc,heap     ] GC(18) Humongous regions: 11->11
[2025-12-24T11:49:13.394+0000][gc,metaspace] GC(18) Metaspace: 10888K(11264K)->10888K(11264K) NonClass: 9877K(10048K)->9877K(10048K) Class: 1011K(1216K)->1011K(1216K)
[2025-12-24T11:49:13.394+0000][gc          ] GC(18) Pause Young (Normal) (G1 Evacuation Pause) 641M->32M(1024M) 10.117ms
[2025-12-24T11:49:13.394+0000][gc,cpu      ] GC(18) User=0.05s Sys=0.00s Real=0.01s
[2025-12-24T11:50:03.446+0000][gc,start    ] GC(19) Pause Young (Normal) (G1 Evacuation Pause)
[2025-12-24T11:50:03.447+0000][gc,task     ] GC(19) Using 8 workers of 8 for evacuation
[2025-12-24T11:50:03.452+0000][gc,phases   ] GC(19)   Pre Evacuate Collection Set: 1.1ms
[2025-12-24T11:50:03.453+0000][gc,phases   ] GC(19)   Merge Heap Roots: 0.1ms
[2025-12-24T11:50:03.453+0000][gc,phases   ] GC(19)   Evacuate Collection Set: 3.3ms
[2025-12-24T11:50:03.453+0000][gc,phases   ] GC(19)   Post Evacuate Collection Set: 1.1ms
[2025-12-24T11:50:03.453+0000][gc,phases   ] GC(19)   Other: 0.2ms
[2025-12-24T11:50:03.453+0000][gc,heap     ] GC(19) Eden regions: 611->0(610)
[2025-12-24T11:50:03.453+0000][gc,heap     ] GC(19) Survivor regions: 3->4(77)
[2025-12-24T11:50:03.453+0000][gc,heap     ] GC(19) Old regions: 19->19
[2025-12-24T11:50:03.453+0000][gc,heap     ] GC(19) Humongous regions: 11->11
[2025-12-24T11:50:03.453+0000][gc,metaspace] GC(19) Metaspace: 10897K(11264K)->10897K(11264K) NonClass: 9886K(10048K)->9886K(10048K) Class: 1011K(1216K)->1011K(1216K)
[2025-12-24T11:50:03.453+0000][gc          ] GC(19) Pause Young (Normal) (G1 Evacuation Pause) 643M->32M(1024M) 6.846ms
[2025-12-24T11:50:03.453+0000][gc,cpu      ] GC(19) User=0.04s Sys=0.00s Real=0.00s
[2025-12-24T11:51:03.271+0000][gc,start    ] GC(20) Pause Young (Normal) (G1 Evacuation Pause)
[2025-12-24T11:51:03.271+0000][gc,task     ] GC(20) Using 8 workers of 8 for evacuation
[2025-12-24T11:51:03.279+0000][gc,phases   ] GC(20)   Pre Evacuate Collection Set: 1.5ms
[2025-12-24T11:51:03.279+0000][gc,phases   ] GC(20)   Merge Heap Roots: 0.3ms
[2025-12-24T11:51:03.279+0000][gc,phases   ] GC(20)   Evacuate Collection Set: 3.8ms
[2025-12-24T11:51:03.279+0000][gc,phases   ] GC(20)   Post Evacuate Collection Set: 1.5ms
[2025-12-24T11:51:03.279+0000][gc,phases   ] GC(20)   Other: 0.5ms
[2025-12-24T11:51:03.279+0000][gc,heap     ] GC(20) Eden regions: 610->0(611)
[2025-12-24T11:51:03.279+0000][gc,heap     ] GC(20) Survivor regions: 4->3(77)
[2025-12-24T11:51:03.279+0000][gc,heap     ] GC(20) Old regions: 19->19
[2025-12-24T11:51:03.279+0000][gc,heap     ] GC(20) Humongous regions: 11->11
[2025-12-24T11:51:03.279+0000][gc,metaspace] GC(20) Metaspace: 10919K(11264K)->10919K(11264K) NonClass: 9907K(10048K)->9907K(10048K) Class: 1011K(1216K)->1011K(1216K)
[2025-12-24T11:51:03.279+0000][gc          ] GC(20) Pause Young (Normal) (G1 Evacuation Pause) 642M->32M(1024M) 8.754ms
[2025-12-24T11:51:03.279+0000][gc,cpu      ] GC(20) User=0.04s Sys=0.00s Real=0.01s
[2025-12-24T11:51:53.447+0000][gc,start    ] GC(21) Pause Young (Normal) (G1 Evacuation Pause)
[2025-12-24T11:51:53.448+0000][gc,task     ] GC(21) Using 8 workers of 8 for evacuation
[2025-12-24T11:51:53.453+0000][gc,phases   ] GC(21)   Pre Evacuate Collection Set: 1.0ms
[2025-12-24T11:51:53.453+0000][gc,phases   ] GC(21)   Merge Heap Roots: 0.2ms
[2025-12-24T11:51:53.453+0000][gc,phases   ] GC(21)   Evacuate Collection Set: 3.0ms
[2025-12-24T11:51:53.453+0000][gc,phases   ] GC(21)   Post Evacuate Collection Set: 0.9ms
[2025-12-24T11:51:53.453+0000][gc,phases   ] GC(21)   Other: 0.2ms
[2025-12-24T11:51:53.453+0000][gc,heap     ] GC(21) Eden regions: 611->0(610)
[2025-12-24T11:51:53.453+0000][gc,heap     ] GC(21) Survivor regions: 3->4(77)
[2025-12-24T11:51:53.453+0000][gc,heap     ] GC(21) Old regions: 19->19
[2025-12-24T11:51:53.453+0000][gc,heap     ] GC(21) Humongous regions: 11->11
[2025-12-24T11:51:53.453+0000][gc,metaspace] GC(21) Metaspace: 10947K(11328K)->10947K(11328K) NonClass: 9936K(10112K)->9936K(10112K) Class: 1011K(1216K)->1011K(1216K)
[2025-12-24T11:51:53.453+0000][gc          ] GC(21) Pause Young (Normal) (G1 Evacuation Pause) 643M->32M(1024M) 6.179ms
[2025-12-24T11:51:53.453+0000][gc,cpu      ] GC(21) User=0.03s Sys=0.00s Real=0.01s
[2025-12-24T11:52:53.290+0000][gc,start    ] GC(22) Pause Young (Normal) (G1 Evacuation Pause)
[2025-12-24T11:52:53.290+0000][gc,task     ] GC(22) Using 8 workers of 8 for evacuation
[2025-12-24T11:52:53.296+0000][gc,phases   ] GC(22)   Pre Evacuate Collection Set: 1.4ms
[2025-12-24T11:52:53.296+0000][gc,phases   ] GC(22)   Merge Heap Roots: 0.2ms
[2025-12-24T11:52:53.297+0000][gc,phases   ] GC(22)   Evacuate Collection Set: 3.0ms
[2025-12-24T11:52:53.297+0000][gc,phases   ] GC(22)   Post Evacuate Collection Set: 1.2ms
[2025-12-24T11:52:53.297+0000][gc,phases   ] GC(22)   Other: 0.3ms
[2025-12-24T11:52:53.297+0000][gc,heap     ] GC(22) Eden regions: 610->0(611)
[2025-12-24T11:52:53.297+0000][gc,heap     ] GC(22) Survivor regions: 4->3(77)
[2025-12-24T11:52:53.297+0000][gc,heap     ] GC(22) Old regions: 19->19
[2025-12-24T11:52:53.297+0000][gc,heap     ] GC(22) Humongous regions: 11->11
[2025-12-24T11:52:53.297+0000][gc,metaspace] GC(22) Metaspace: 10955K(11328K)->10955K(11328K) NonClass: 9943K(10112K)->9943K(10112K) Class: 1011K(1216K)->1011K(1216K)
[2025-12-24T11:52:53.297+0000][gc          ] GC(22) Pause Young (Normal) (G1 Evacuation Pause) 642M->32M(1024M) 7.221ms
[2025-12-24T11:52:53.297+0000][gc,cpu      ] GC(22) User=0.03s Sys=0.00s Real=0.00s
[2025-12-24T11:53:43.466+0000][gc,start    ] GC(23) Pause Young (Normal) (G1 Evacuation Pause)
[2025-12-24T11:53:43.466+0000][gc,task     ] GC(23) Using 8 workers of 8 for evacuation
[2025-12-24T11:53:43.474+0000][gc,phases   ] GC(23)   Pre Evacuate Collection Set: 1.0ms
[2025-12-24T11:53:43.474+0000][gc,phases   ] GC(23)   Merge Heap Roots: 0.2ms
[2025-12-24T11:53:43.474+0000][gc,phases   ] GC(23)   Evacuate Collection Set: 3.0ms
[2025-12-24T11:53:43.474+0000][gc,phases   ] GC(23)   Post Evacuate Collection Set: 2.8ms
[2025-12-24T11:53:43.474+0000][gc,phases   ] GC(23)   Other: 0.2ms
[2025-12-24T11:53:43.474+0000][gc,heap     ] GC(23) Eden regions: 611->0(610)
[2025-12-24T11:53:43.474+0000][gc,heap     ] GC(23) Survivor regions: 3->4(77)
[2025-12-24T11:53:43.474+0000][gc,heap     ] GC(23) Old regions: 19->19
[2025-12-24T11:53:43.474+0000][gc,heap     ] GC(23) Humongous regions: 11->11
[2025-12-24T11:53:43.474+0000][gc,metaspace] GC(23) Metaspace: 10965K(11328K)->10965K(11328K) NonClass: 9953K(10112K)->9953K(10112K) Class: 1011K(1216K)->1011K(1216K)
[2025-12-24T11:53:43.474+0000][gc          ] GC(23) Pause Young (Normal) (G1 Evacuation Pause) 643M->33M(1024M) 8.522ms
[2025-12-24T11:53:43.475+0000][gc,cpu      ] GC(23) User=0.04s Sys=0.00s Real=0.01s
[2025-12-24T11:54:43.301+0000][gc,start    ] GC(24) Pause Young (Normal) (G1 Evacuation Pause)
[2025-12-24T11:54:43.302+0000][gc,task     ] GC(24) Using 8 workers of 8 for evacuation
[2025-12-24T11:54:43.313+0000][gc,phases   ] GC(24)   Pre Evacuate Collection Set: 5.1ms
[2025-12-24T11:54:43.313+0000][gc,phases   ] GC(24)   Merge Heap Roots: 0.2ms
[2025-12-24T11:54:43.313+0000][gc,phases   ] GC(24)   Evacuate Collection Set: 3.7ms
[2025-12-24T11:54:43.313+0000][gc,phases   ] GC(24)   Post Evacuate Collection Set: 1.3ms
[2025-12-24T11:54:43.313+0000][gc,phases   ] GC(24)   Other: 0.4ms
[2025-12-24T11:54:43.313+0000][gc,heap     ] GC(24) Eden regions: 610->0(611)
[2025-12-24T11:54:43.313+0000][gc,heap     ] GC(24) Survivor regions: 4->3(77)
[2025-12-24T11:54:43.313+0000][gc,heap     ] GC(24) Old regions: 19->19
[2025-12-24T11:54:43.313+0000][gc,heap     ] GC(24) Humongous regions: 11->11
[2025-12-24T11:54:43.313+0000][gc,metaspace] GC(24) Metaspace: 10999K(11392K)->10999K(11392K) NonClass: 9987K(10176K)->9987K(10176K) Class: 1011K(1216K)->1011K(1216K)
[2025-12-24T11:54:43.313+0000][gc          ] GC(24) Pause Young (Normal) (G1 Evacuation Pause) 643M->32M(1024M) 11.747ms
[2025-12-24T11:54:43.313+0000][gc,cpu      ] GC(24) User=0.05s Sys=0.00s Real=0.02s
[2025-12-24T11:55:33.461+0000][gc,start    ] GC(25) Pause Young (Normal) (G1 Evacuation Pause)
[2025-12-24T11:55:33.462+0000][gc,task     ] GC(25) Using 8 workers of 8 for evacuation
[2025-12-24T11:55:33.470+0000][gc,phases   ] GC(25)   Pre Evacuate Collection Set: 1.1ms
[2025-12-24T11:55:33.471+0000][gc,phases   ] GC(25)   Merge Heap Roots: 0.2ms
[2025-12-24T11:55:33.471+0000][gc,phases   ] GC(25)   Evacuate Collection Set: 5.7ms
[2025-12-24T11:55:33.471+0000][gc,phases   ] GC(25)   Post Evacuate Collection Set: 1.2ms
[2025-12-24T11:55:33.471+0000][gc,phases   ] GC(25)   Other: 0.2ms
[2025-12-24T11:55:33.471+0000][gc,heap     ] GC(25) Eden regions: 611->0(610)
[2025-12-24T11:55:33.471+0000][gc,heap     ] GC(25) Survivor regions: 3->4(77)
[2025-12-24T11:55:33.471+0000][gc,heap     ] GC(25) Old regions: 19->19
[2025-12-24T11:55:33.471+0000][gc,heap     ] GC(25) Humongous regions: 11->11
[2025-12-24T11:55:33.471+0000][gc,metaspace] GC(25) Metaspace: 11032K(11456K)->11032K(11456K) NonClass: 10021K(10240K)->10021K(10240K) Class: 1011K(1216K)->1011K(1216K)
[2025-12-24T11:55:33.471+0000][gc          ] GC(25) Pause Young (Normal) (G1 Evacuation Pause) 643M->33M(1024M) 10.250ms
[2025-12-24T11:55:33.471+0000][gc,cpu      ] GC(25) User=0.06s Sys=0.00s Real=0.01s
[2025-12-24T11:56:33.303+0000][gc,start    ] GC(26) Pause Young (Normal) (G1 Evacuation Pause)
[2025-12-24T11:56:33.306+0000][gc,task     ] GC(26) Using 8 workers of 8 for evacuation
[2025-12-24T11:56:33.312+0000][gc,phases   ] GC(26)   Pre Evacuate Collection Set: 1.2ms
[2025-12-24T11:56:33.312+0000][gc,phases   ] GC(26)   Merge Heap Roots: 0.2ms
[2025-12-24T11:56:33.312+0000][gc,phases   ] GC(26)   Evacuate Collection Set: 3.2ms
[2025-12-24T11:56:33.312+0000][gc,phases   ] GC(26)   Post Evacuate Collection Set: 1.2ms
[2025-12-24T11:56:33.312+0000][gc,phases   ] GC(26)   Other: 0.2ms
[2025-12-24T11:56:33.312+0000][gc,heap     ] GC(26) Eden regions: 610->0(610)
[2025-12-24T11:56:33.312+0000][gc,heap     ] GC(26) Survivor regions: 4->4(77)
[2025-12-24T11:56:33.312+0000][gc,heap     ] GC(26) Old regions: 19->19
[2025-12-24T11:56:33.312+0000][gc,heap     ] GC(26) Humongous regions: 11->11
[2025-12-24T11:56:33.312+0000][gc,metaspace] GC(26) Metaspace: 11267K(11712K)->11267K(11712K) NonClass: 10219K(10432K)->10219K(10432K) Class: 1047K(1280K)->1047K(1280K)
[2025-12-24T11:56:33.312+0000][gc          ] GC(26) Pause Young (Normal) (G1 Evacuation Pause) 643M->32M(1024M) 9.064ms
[2025-12-24T11:56:33.312+0000][gc,cpu      ] GC(26) User=0.03s Sys=0.00s Real=0.01s
[2025-12-24T11:57:23.483+0000][gc,start    ] GC(27) Pause Young (Normal) (G1 Evacuation Pause)
[2025-12-24T11:57:23.484+0000][gc,task     ] GC(27) Using 8 workers of 8 for evacuation
[2025-12-24T11:57:23.490+0000][gc,phases   ] GC(27)   Pre Evacuate Collection Set: 1.0ms
[2025-12-24T11:57:23.490+0000][gc,phases   ] GC(27)   Merge Heap Roots: 0.2ms
[2025-12-24T11:57:23.490+0000][gc,phases   ] GC(27)   Evacuate Collection Set: 3.3ms
[2025-12-24T11:57:23.490+0000][gc,phases   ] GC(27)   Post Evacuate Collection Set: 1.2ms
[2025-12-24T11:57:23.490+0000][gc,phases   ] GC(27)   Other: 0.2ms
[2025-12-24T11:57:23.490+0000][gc,heap     ] GC(27) Eden regions: 610->0(610)
[2025-12-24T11:57:23.490+0000][gc,heap     ] GC(27) Survivor regions: 4->4(77)
[2025-12-24T11:57:23.490+0000][gc,heap     ] GC(27) Old regions: 19->19
[2025-12-24T11:57:23.490+0000][gc,heap     ] GC(27) Humongous regions: 11->11
[2025-12-24T11:57:23.490+0000][gc,metaspace] GC(27) Metaspace: 11267K(11712K)->11267K(11712K) NonClass: 10220K(10432K)->10220K(10432K) Class: 1047K(1280K)->1047K(1280K)
[2025-12-24T11:57:23.490+0000][gc          ] GC(27) Pause Young (Normal) (G1 Evacuation Pause) 642M->33M(1024M) 7.135ms
[2025-12-24T11:57:23.491+0000][gc,cpu      ] GC(27) User=0.03s Sys=0.00s Real=0.01s
[2025-12-24T11:58:23.337+0000][gc,start    ] GC(28) Pause Young (Normal) (G1 Evacuation Pause)
[2025-12-24T11:58:23.337+0000][gc,task     ] GC(28) Using 8 workers of 8 for evacuation
[2025-12-24T11:58:23.344+0000][gc,phases   ] GC(28)   Pre Evacuate Collection Set: 1.6ms
[2025-12-24T11:58:23.344+0000][gc,phases   ] GC(28)   Merge Heap Roots: 0.2ms
[2025-12-24T11:58:23.344+0000][gc,phases   ] GC(28)   Evacuate Collection Set: 3.5ms
[2025-12-24T11:58:23.344+0000][gc,phases   ] GC(28)   Post Evacuate Collection Set: 1.7ms
[2025-12-24T11:58:23.344+0000][gc,phases   ] GC(28)   Other: 0.3ms
[2025-12-24T11:58:23.345+0000][gc,heap     ] GC(28) Eden regions: 610->0(610)
[2025-12-24T11:58:23.345+0000][gc,heap     ] GC(28) Survivor regions: 4->4(77)
[2025-12-24T11:58:23.345+0000][gc,heap     ] GC(28) Old regions: 19->19
[2025-12-24T11:58:23.345+0000][gc,heap     ] GC(28) Humongous regions: 11->11
[2025-12-24T11:58:23.346+0000][gc,metaspace] GC(28) Metaspace: 11267K(11712K)->11267K(11712K) NonClass: 10220K(10432K)->10220K(10432K) Class: 1047K(1280K)->1047K(1280K)
[2025-12-24T11:58:23.346+0000][gc          ] GC(28) Pause Young (Normal) (G1 Evacuation Pause) 643M->32M(1024M) 9.311ms
[2025-12-24T11:58:23.346+0000][gc,cpu      ] GC(28) User=0.04s Sys=0.00s Real=0.00s
[2025-12-24T11:59:13.564+0000][gc,start    ] GC(29) Pause Young (Normal) (G1 Evacuation Pause)
[2025-12-24T11:59:13.564+0000][gc,task     ] GC(29) Using 8 workers of 8 for evacuation
[2025-12-24T11:59:13.570+0000][gc,phases   ] GC(29)   Pre Evacuate Collection Set: 1.1ms
[2025-12-24T11:59:13.571+0000][gc,phases   ] GC(29)   Merge Heap Roots: 0.2ms
[2025-12-24T11:59:13.571+0000][gc,phases   ] GC(29)   Evacuate Collection Set: 3.2ms
[2025-12-24T11:59:13.571+0000][gc,phases   ] GC(29)   Post Evacuate Collection Set: 1.8ms
[2025-12-24T11:59:13.571+0000][gc,phases   ] GC(29)   Other: 0.3ms
[2025-12-24T11:59:13.571+0000][gc,heap     ] GC(29) Eden regions: 610->0(610)
[2025-12-24T11:59:13.571+0000][gc,heap     ] GC(29) Survivor regions: 4->4(77)
[2025-12-24T11:59:13.571+0000][gc,heap     ] GC(29) Old regions: 19->19
[2025-12-24T11:59:13.571+0000][gc,heap     ] GC(29) Humongous regions: 11->11
[2025-12-24T11:59:13.571+0000][gc,metaspace] GC(29) Metaspace: 11268K(11712K)->11268K(11712K) NonClass: 10221K(10432K)->10221K(10432K) Class: 1047K(1280K)->1047K(1280K)
[2025-12-24T11:59:13.571+0000][gc          ] GC(29) Pause Young (Normal) (G1 Evacuation Pause) 642M->33M(1024M) 7.833ms
[2025-12-24T11:59:13.571+0000][gc,cpu      ] GC(29) User=0.04s Sys=0.00s Real=0.01s
[2025-12-24T12:00:13.393+0000][gc,start    ] GC(30) Pause Young (Normal) (G1 Evacuation Pause)
[2025-12-24T12:00:13.394+0000][gc,task     ] GC(30) Using 8 workers of 8 for evacuation
[2025-12-24T12:00:13.402+0000][gc,phases   ] GC(30)   Pre Evacuate Collection Set: 1.2ms
[2025-12-24T12:00:13.402+0000][gc,phases   ] GC(30)   Merge Heap Roots: 0.3ms
[2025-12-24T12:00:13.402+0000][gc,phases   ] GC(30)   Evacuate Collection Set: 4.7ms
[2025-12-24T12:00:13.402+0000][gc,phases   ] GC(30)   Post Evacuate Collection Set: 1.4ms
[2025-12-24T12:00:13.402+0000][gc,phases   ] GC(30)   Other: 0.3ms
[2025-12-24T12:00:13.402+0000][gc,heap     ] GC(30) Eden regions: 610->0(610)
[2025-12-24T12:00:13.402+0000][gc,heap     ] GC(30) Survivor regions: 4->4(77)
[2025-12-24T12:00:13.402+0000][gc,heap     ] GC(30) Old regions: 19->19
[2025-12-24T12:00:13.402+0000][gc,heap     ] GC(30) Humongous regions: 11->11
[2025-12-24T12:00:13.402+0000][gc,metaspace] GC(30) Metaspace: 11271K(11712K)->11271K(11712K) NonClass: 10224K(10432K)->10224K(10432K) Class: 1047K(1280K)->1047K(1280K)
[2025-12-24T12:00:13.402+0000][gc          ] GC(30) Pause Young (Normal) (G1 Evacuation Pause) 643M->33M(1024M) 9.162ms
[2025-12-24T12:00:13.402+0000][gc,cpu      ] GC(30) User=0.04s Sys=0.01s Real=0.01s
[2025-12-24T12:01:03.472+0000][gc,start    ] GC(31) Pause Young (Normal) (G1 Evacuation Pause)
[2025-12-24T12:01:03.473+0000][gc,task     ] GC(31) Using 8 workers of 8 for evacuation
[2025-12-24T12:01:03.479+0000][gc,phases   ] GC(31)   Pre Evacuate Collection Set: 1.1ms
[2025-12-24T12:01:03.479+0000][gc,phases   ] GC(31)   Merge Heap Roots: 0.1ms
[2025-12-24T12:01:03.479+0000][gc,phases   ] GC(31)   Evacuate Collection Set: 3.5ms
[2025-12-24T12:01:03.479+0000][gc,phases   ] GC(31)   Post Evacuate Collection Set: 1.2ms
[2025-12-24T12:01:03.479+0000][gc,phases   ] GC(31)   Other: 0.2ms
[2025-12-24T12:01:03.479+0000][gc,heap     ] GC(31) Eden regions: 610->0(610)
[2025-12-24T12:01:03.479+0000][gc,heap     ] GC(31) Survivor regions: 4->4(77)
[2025-12-24T12:01:03.479+0000][gc,heap     ] GC(31) Old regions: 19->19
[2025-12-24T12:01:03.479+0000][gc,heap     ] GC(31) Humongous regions: 11->11
[2025-12-24T12:01:03.479+0000][gc,metaspace] GC(31) Metaspace: 11272K(11712K)->11272K(11712K) NonClass: 10224K(10432K)->10224K(10432K) Class: 1047K(1280K)->1047K(1280K)
[2025-12-24T12:01:03.479+0000][gc          ] GC(31) Pause Young (Normal) (G1 Evacuation Pause) 643M->33M(1024M) 7.690ms
[2025-12-24T12:01:03.479+0000][gc,cpu      ] GC(31) User=0.03s Sys=0.01s Real=0.00s
[2025-12-24T12:02:03.301+0000][gc,start    ] GC(32) Pause Young (Normal) (G1 Evacuation Pause)
[2025-12-24T12:02:03.302+0000][gc,task     ] GC(32) Using 8 workers of 8 for evacuation
[2025-12-24T12:02:03.308+0000][gc,phases   ] GC(32)   Pre Evacuate Collection Set: 1.3ms
[2025-12-24T12:02:03.308+0000][gc,phases   ] GC(32)   Merge Heap Roots: 0.2ms
[2025-12-24T12:02:03.308+0000][gc,phases   ] GC(32)   Evacuate Collection Set: 3.6ms
[2025-12-24T12:02:03.308+0000][gc,phases   ] GC(32)   Post Evacuate Collection Set: 1.2ms
[2025-12-24T12:02:03.308+0000][gc,phases   ] GC(32)   Other: 0.2ms
[2025-12-24T12:02:03.308+0000][gc,heap     ] GC(32) Eden regions: 610->0(610)
[2025-12-24T12:02:03.308+0000][gc,heap     ] GC(32) Survivor regions: 4->4(77)
[2025-12-24T12:02:03.308+0000][gc,heap     ] GC(32) Old regions: 19->20
[2025-12-24T12:02:03.308+0000][gc,heap     ] GC(32) Humongous regions: 11->11
[2025-12-24T12:02:03.308+0000][gc,metaspace] GC(32) Metaspace: 11279K(11712K)->11279K(11712K) NonClass: 10232K(10432K)->10232K(10432K) Class: 1047K(1280K)->1047K(1280K)
[2025-12-24T12:02:03.309+0000][gc          ] GC(32) Pause Young (Normal) (G1 Evacuation Pause) 643M->33M(1024M) 7.467ms
[2025-12-24T12:02:03.309+0000][gc,cpu      ] GC(32) User=0.04s Sys=0.01s Real=0.01s
[2025-12-24T12:02:53.440+0000][gc,start    ] GC(33) Pause Young (Normal) (G1 Evacuation Pause)
[2025-12-24T12:02:53.440+0000][gc,task     ] GC(33) Using 8 workers of 8 for evacuation
[2025-12-24T12:02:53.448+0000][gc,phases   ] GC(33)   Pre Evacuate Collection Set: 1.3ms
[2025-12-24T12:02:53.448+0000][gc,phases   ] GC(33)   Merge Heap Roots: 0.2ms
[2025-12-24T12:02:53.449+0000][gc,phases   ] GC(33)   Evacuate Collection Set: 3.5ms
[2025-12-24T12:02:53.449+0000][gc,phases   ] GC(33)   Post Evacuate Collection Set: 3.0ms
[2025-12-24T12:02:53.449+0000][gc,phases   ] GC(33)   Other: 0.2ms
[2025-12-24T12:02:53.449+0000][gc,heap     ] GC(33) Eden regions: 610->0(609)
[2025-12-24T12:02:53.449+0000][gc,heap     ] GC(33) Survivor regions: 4->5(77)
[2025-12-24T12:02:53.449+0000][gc,heap     ] GC(33) Old regions: 20->20
[2025-12-24T12:02:53.449+0000][gc,heap     ] GC(33) Humongous regions: 11->11
[2025-12-24T12:02:53.449+0000][gc,metaspace] GC(33) Metaspace: 11289K(11712K)->11289K(11712K) NonClass: 10241K(10432K)->10241K(10432K) Class: 1047K(1280K)->1047K(1280K)
[2025-12-24T12:02:53.449+0000][gc          ] GC(33) Pause Young (Normal) (G1 Evacuation Pause) 643M->34M(1024M) 9.333ms
[2025-12-24T12:02:53.449+0000][gc,cpu      ] GC(33) User=0.05s Sys=0.00s Real=0.01s
[2025-12-24T12:03:53.305+0000][gc,start    ] GC(34) Pause Young (Normal) (G1 Evacuation Pause)
[2025-12-24T12:03:53.305+0000][gc,task     ] GC(34) Using 8 workers of 8 for evacuation
[2025-12-24T12:03:53.311+0000][gc,phases   ] GC(34)   Pre Evacuate Collection Set: 1.1ms
[2025-12-24T12:03:53.311+0000][gc,phases   ] GC(34)   Merge Heap Roots: 0.1ms
[2025-12-24T12:03:53.311+0000][gc,phases   ] GC(34)   Evacuate Collection Set: 3.4ms
[2025-12-24T12:03:53.311+0000][gc,phases   ] GC(34)   Post Evacuate Collection Set: 1.0ms
[2025-12-24T12:03:53.311+0000][gc,phases   ] GC(34)   Other: 0.2ms
[2025-12-24T12:03:53.311+0000][gc,heap     ] GC(34) Eden regions: 609->0(610)
[2025-12-24T12:03:53.311+0000][gc,heap     ] GC(34) Survivor regions: 5->4(77)
[2025-12-24T12:03:53.311+0000][gc,heap     ] GC(34) Old regions: 20->20
[2025-12-24T12:03:53.312+0000][gc,heap     ] GC(34) Humongous regions: 11->11
[2025-12-24T12:03:53.312+0000][gc,metaspace] GC(34) Metaspace: 11291K(11712K)->11291K(11712K) NonClass: 10244K(10432K)->10244K(10432K) Class: 1047K(1280K)->1047K(1280K)
[2025-12-24T12:03:53.312+0000][gc          ] GC(34) Pause Young (Normal) (G1 Evacuation Pause) 643M->33M(1024M) 6.844ms
[2025-12-24T12:03:53.312+0000][gc,cpu      ] GC(34) User=0.03s Sys=0.00s Real=0.01s
[2025-12-24T12:04:43.473+0000][gc,start    ] GC(35) Pause Young (Normal) (G1 Evacuation Pause)
[2025-12-24T12:04:43.473+0000][gc,task     ] GC(35) Using 8 workers of 8 for evacuation
[2025-12-24T12:04:43.488+0000][gc,phases   ] GC(35)   Pre Evacuate Collection Set: 2.7ms
[2025-12-24T12:04:43.488+0000][gc,phases   ] GC(35)   Merge Heap Roots: 0.8ms
[2025-12-24T12:04:43.488+0000][gc,phases   ] GC(35)   Evacuate Collection Set: 10.0ms
[2025-12-24T12:04:43.488+0000][gc,phases   ] GC(35)   Post Evacuate Collection Set: 1.0ms
[2025-12-24T12:04:43.488+0000][gc,phases   ] GC(35)   Other: 0.2ms
[2025-12-24T12:04:43.488+0000][gc,heap     ] GC(35) Eden regions: 610->0(609)
[2025-12-24T12:04:43.489+0000][gc,heap     ] GC(35) Survivor regions: 4->5(77)
[2025-12-24T12:04:43.489+0000][gc,heap     ] GC(35) Old regions: 20->20
[2025-12-24T12:04:43.489+0000][gc,heap     ] GC(35) Humongous regions: 11->11
[2025-12-24T12:04:43.489+0000][gc,metaspace] GC(35) Metaspace: 11293K(11712K)->11293K(11712K) NonClass: 10246K(10432K)->10246K(10432K) Class: 1047K(1280K)->1047K(1280K)
[2025-12-24T12:04:43.489+0000][gc          ] GC(35) Pause Young (Normal) (G1 Evacuation Pause) 643M->34M(1024M) 15.891ms
[2025-12-24T12:04:43.489+0000][gc,cpu      ] GC(35) User=0.09s Sys=0.00s Real=0.02s
[2025-12-24T12:05:43.299+0000][gc,start    ] GC(36) Pause Young (Normal) (G1 Evacuation Pause)
[2025-12-24T12:05:43.300+0000][gc,task     ] GC(36) Using 8 workers of 8 for evacuation
[2025-12-24T12:05:43.309+0000][gc,phases   ] GC(36)   Pre Evacuate Collection Set: 1.1ms
[2025-12-24T12:05:43.309+0000][gc,phases   ] GC(36)   Merge Heap Roots: 0.2ms
[2025-12-24T12:05:43.309+0000][gc,phases   ] GC(36)   Evacuate Collection Set: 6.2ms
[2025-12-24T12:05:43.309+0000][gc,phases   ] GC(36)   Post Evacuate Collection Set: 1.2ms
[2025-12-24T12:05:43.309+0000][gc,phases   ] GC(36)   Other: 0.3ms
[2025-12-24T12:05:43.309+0000][gc,heap     ] GC(36) Eden regions: 609->0(610)
[2025-12-24T12:05:43.309+0000][gc,heap     ] GC(36) Survivor regions: 5->4(77)
[2025-12-24T12:05:43.309+0000][gc,heap     ] GC(36) Old regions: 20->20
[2025-12-24T12:05:43.309+0000][gc,heap     ] GC(36) Humongous regions: 11->11
[2025-12-24T12:05:43.310+0000][gc,metaspace] GC(36) Metaspace: 11306K(11712K)->11306K(11712K) NonClass: 10259K(10432K)->10259K(10432K) Class: 1047K(1280K)->1047K(1280K)
[2025-12-24T12:05:43.310+0000][gc          ] GC(36) Pause Young (Normal) (G1 Evacuation Pause) 643M->33M(1024M) 10.197ms
[2025-12-24T12:05:43.310+0000][gc,cpu      ] GC(36) User=0.06s Sys=0.00s Real=0.01s
[2025-12-24T12:06:33.467+0000][gc,start    ] GC(37) Pause Young (Normal) (G1 Evacuation Pause)
[2025-12-24T12:06:33.467+0000][gc,task     ] GC(37) Using 8 workers of 8 for evacuation
[2025-12-24T12:06:33.475+0000][gc,phases   ] GC(37)   Pre Evacuate Collection Set: 1.3ms
[2025-12-24T12:06:33.475+0000][gc,phases   ] GC(37)   Merge Heap Roots: 0.2ms
[2025-12-24T12:06:33.475+0000][gc,phases   ] GC(37)   Evacuate Collection Set: 4.5ms
[2025-12-24T12:06:33.475+0000][gc,phases   ] GC(37)   Post Evacuate Collection Set: 1.3ms
[2025-12-24T12:06:33.475+0000][gc,phases   ] GC(37)   Other: 0.2ms
[2025-12-24T12:06:33.475+0000][gc,heap     ] GC(37) Eden regions: 610->0(609)
[2025-12-24T12:06:33.475+0000][gc,heap     ] GC(37) Survivor regions: 4->5(77)
[2025-12-24T12:06:33.475+0000][gc,heap     ] GC(37) Old regions: 20->20
[2025-12-24T12:06:33.475+0000][gc,heap     ] GC(37) Humongous regions: 11->11
[2025-12-24T12:06:33.475+0000][gc,metaspace] GC(37) Metaspace: 11365K(11840K)->11365K(11840K) NonClass: 10318K(10560K)->10318K(10560K) Class: 1047K(1280K)->1047K(1280K)
[2025-12-24T12:06:33.476+0000][gc          ] GC(37) Pause Young (Normal) (G1 Evacuation Pause) 643M->34M(1024M) 8.939ms
[2025-12-24T12:06:33.476+0000][gc,cpu      ] GC(37) User=0.05s Sys=0.00s Real=0.01s
[2025-12-24T12:07:33.297+0000][gc,start    ] GC(38) Pause Young (Normal) (G1 Evacuation Pause)
[2025-12-24T12:07:33.297+0000][gc,task     ] GC(38) Using 8 workers of 8 for evacuation
[2025-12-24T12:07:33.310+0000][gc,phases   ] GC(38)   Pre Evacuate Collection Set: 4.7ms
[2025-12-24T12:07:33.310+0000][gc,phases   ] GC(38)   Merge Heap Roots: 0.6ms
[2025-12-24T12:07:33.310+0000][gc,phases   ] GC(38)   Evacuate Collection Set: 5.9ms
[2025-12-24T12:07:33.310+0000][gc,phases   ] GC(38)   Post Evacuate Collection Set: 1.1ms
[2025-12-24T12:07:33.310+0000][gc,phases   ] GC(38)   Other: 0.6ms
[2025-12-24T12:07:33.310+0000][gc,heap     ] GC(38) Eden regions: 609->0(610)
[2025-12-24T12:07:33.310+0000][gc,heap     ] GC(38) Survivor regions: 5->4(77)
[2025-12-24T12:07:33.310+0000][gc,heap     ] GC(38) Old regions: 20->20
[2025-12-24T12:07:33.311+0000][gc,heap     ] GC(38) Humongous regions: 11->11
[2025-12-24T12:07:33.311+0000][gc,metaspace] GC(38) Metaspace: 11367K(11840K)->11367K(11840K) NonClass: 10319K(10560K)->10319K(10560K) Class: 1047K(1280K)->1047K(1280K)
[2025-12-24T12:07:33.311+0000][gc          ] GC(38) Pause Young (Normal) (G1 Evacuation Pause) 643M->34M(1024M) 14.049ms
[2025-12-24T12:07:33.311+0000][gc,cpu      ] GC(38) User=0.08s Sys=0.00s Real=0.02s
[2025-12-24T12:08:23.478+0000][gc,start    ] GC(39) Pause Young (Normal) (G1 Evacuation Pause)
[2025-12-24T12:08:23.478+0000][gc,task     ] GC(39) Using 8 workers of 8 for evacuation
[2025-12-24T12:08:23.488+0000][gc,phases   ] GC(39)   Pre Evacuate Collection Set: 1.2ms
[2025-12-24T12:08:23.488+0000][gc,phases   ] GC(39)   Merge Heap Roots: 0.2ms
[2025-12-24T12:08:23.488+0000][gc,phases   ] GC(39)   Evacuate Collection Set: 6.5ms
[2025-12-24T12:08:23.488+0000][gc,phases   ] GC(39)   Post Evacuate Collection Set: 1.1ms
[2025-12-24T12:08:23.488+0000][gc,phases   ] GC(39)   Other: 0.1ms
[2025-12-24T12:08:23.488+0000][gc,heap     ] GC(39) Eden regions: 610->0(609)
[2025-12-24T12:08:23.488+0000][gc,heap     ] GC(39) Survivor regions: 4->5(77)
[2025-12-24T12:08:23.488+0000][gc,heap     ] GC(39) Old regions: 20->20
[2025-12-24T12:08:23.488+0000][gc,heap     ] GC(39) Humongous regions: 11->11
[2025-12-24T12:08:23.488+0000][gc,metaspace] GC(39) Metaspace: 11372K(11840K)->11372K(11840K) NonClass: 10324K(10560K)->10324K(10560K) Class: 1047K(1280K)->1047K(1280K)
[2025-12-24T12:08:23.488+0000][gc          ] GC(39) Pause Young (Normal) (G1 Evacuation Pause) 644M->35M(1024M) 10.281ms
[2025-12-24T12:08:23.488+0000][gc,cpu      ] GC(39) User=0.06s Sys=0.00s Real=0.01s
[2025-12-24T12:09:23.312+0000][gc,start    ] GC(40) Pause Young (Normal) (G1 Evacuation Pause)
[2025-12-24T12:09:23.312+0000][gc,task     ] GC(40) Using 8 workers of 8 for evacuation
[2025-12-24T12:09:23.321+0000][gc,phases   ] GC(40)   Pre Evacuate Collection Set: 1.3ms
[2025-12-24T12:09:23.321+0000][gc,phases   ] GC(40)   Merge Heap Roots: 0.2ms
[2025-12-24T12:09:23.321+0000][gc,phases   ] GC(40)   Evacuate Collection Set: 4.1ms
[2025-12-24T12:09:23.321+0000][gc,phases   ] GC(40)   Post Evacuate Collection Set: 2.7ms
[2025-12-24T12:09:23.321+0000][gc,phases   ] GC(40)   Other: 0.3ms
[2025-12-24T12:09:23.321+0000][gc,heap     ] GC(40) Eden regions: 609->0(610)
[2025-12-24T12:09:23.321+0000][gc,heap     ] GC(40) Survivor regions: 5->4(77)
[2025-12-24T12:09:23.321+0000][gc,heap     ] GC(40) Old regions: 20->20
[2025-12-24T12:09:23.321+0000][gc,heap     ] GC(40) Humongous regions: 11->11
[2025-12-24T12:09:23.321+0000][gc,metaspace] GC(40) Metaspace: 11402K(11840K)->11402K(11840K) NonClass: 10355K(10560K)->10355K(10560K) Class: 1047K(1280K)->1047K(1280K)
[2025-12-24T12:09:23.322+0000][gc          ] GC(40) Pause Young (Normal) (G1 Evacuation Pause) 644M->34M(1024M) 10.139ms
[2025-12-24T12:09:23.322+0000][gc,cpu      ] GC(40) User=0.06s Sys=0.00s Real=0.01s
[2025-12-24T12:10:13.589+0000][gc,start    ] GC(41) Pause Young (Normal) (G1 Evacuation Pause)
[2025-12-24T12:10:13.590+0000][gc,task     ] GC(41) Using 8 workers of 8 for evacuation
[2025-12-24T12:10:13.597+0000][gc,phases   ] GC(41)   Pre Evacuate Collection Set: 1.5ms
[2025-12-24T12:10:13.598+0000][gc,phases   ] GC(41)   Merge Heap Roots: 0.2ms
[2025-12-24T12:10:13.598+0000][gc,phases   ] GC(41)   Evacuate Collection Set: 3.8ms
[2025-12-24T12:10:13.598+0000][gc,phases   ] GC(41)   Post Evacuate Collection Set: 1.7ms
[2025-12-24T12:10:13.598+0000][gc,phases   ] GC(41)   Other: 0.3ms
[2025-12-24T12:10:13.598+0000][gc,heap     ] GC(41) Eden regions: 610->0(609)
[2025-12-24T12:10:13.598+0000][gc,heap     ] GC(41) Survivor regions: 4->5(77)
[2025-12-24T12:10:13.598+0000][gc,heap     ] GC(41) Old regions: 20->20
[2025-12-24T12:10:13.598+0000][gc,heap     ] GC(41) Humongous regions: 11->11
[2025-12-24T12:10:13.598+0000][gc,metaspace] GC(41) Metaspace: 11417K(11840K)->11417K(11840K) NonClass: 10370K(10560K)->10370K(10560K) Class: 1047K(1280K)->1047K(1280K)
[2025-12-24T12:10:13.598+0000][gc          ] GC(41) Pause Young (Normal) (G1 Evacuation Pause) 644M->35M(1024M) 9.351ms
[2025-12-24T12:10:13.598+0000][gc,cpu      ] GC(41) User=0.04s Sys=0.01s Real=0.01s
[2025-12-24T12:11:13.471+0000][gc,start    ] GC(42) Pause Young (Normal) (G1 Evacuation Pause)
[2025-12-24T12:11:13.471+0000][gc,task     ] GC(42) Using 8 workers of 8 for evacuation
[2025-12-24T12:11:13.491+0000][gc,phases   ] GC(42)   Pre Evacuate Collection Set: 1.9ms
[2025-12-24T12:11:13.492+0000][gc,phases   ] GC(42)   Merge Heap Roots: 0.3ms
[2025-12-24T12:11:13.492+0000][gc,phases   ] GC(42)   Evacuate Collection Set: 14.3ms
[2025-12-24T12:11:13.492+0000][gc,phases   ] GC(42)   Post Evacuate Collection Set: 2.8ms
[2025-12-24T12:11:13.492+0000][gc,phases   ] GC(42)   Other: 0.5ms
[2025-12-24T12:11:13.494+0000][gc,heap     ] GC(42) Eden regions: 609->0(610)
[2025-12-24T12:11:13.494+0000][gc,heap     ] GC(42) Survivor regions: 5->4(77)
[2025-12-24T12:11:13.494+0000][gc,heap     ] GC(42) Old regions: 20->20
[2025-12-24T12:11:13.494+0000][gc,heap     ] GC(42) Humongous regions: 11->11
[2025-12-24T12:11:13.495+0000][gc,metaspace] GC(42) Metaspace: 11418K(11840K)->11418K(11840K) NonClass: 10371K(10560K)->10371K(10560K) Class: 1047K(1280K)->1047K(1280K)
[2025-12-24T12:11:13.495+0000][gc          ] GC(42) Pause Young (Normal) (G1 Evacuation Pause) 644M->34M(1024M) 24.269ms
[2025-12-24T12:11:13.495+0000][gc,cpu      ] GC(42) User=0.12s Sys=0.00s Real=0.03s
[2025-12-24T12:12:03.449+0000][gc,start    ] GC(43) Pause Young (Normal) (G1 Evacuation Pause)
[2025-12-24T12:12:03.450+0000][gc,task     ] GC(43) Using 8 workers of 8 for evacuation
[2025-12-24T12:12:03.458+0000][gc,phases   ] GC(43)   Pre Evacuate Collection Set: 1.5ms
[2025-12-24T12:12:03.458+0000][gc,phases   ] GC(43)   Merge Heap Roots: 0.2ms
[2025-12-24T12:12:03.458+0000][gc,phases   ] GC(43)   Evacuate Collection Set: 4.8ms
[2025-12-24T12:12:03.458+0000][gc,phases   ] GC(43)   Post Evacuate Collection Set: 1.3ms
[2025-12-24T12:12:03.458+0000][gc,phases   ] GC(43)   Other: 0.3ms
[2025-12-24T12:12:03.458+0000][gc,heap     ] GC(43) Eden regions: 610->0(609)
[2025-12-24T12:12:03.458+0000][gc,heap     ] GC(43) Survivor regions: 4->5(77)
[2025-12-24T12:12:03.458+0000][gc,heap     ] GC(43) Old regions: 20->21
[2025-12-24T12:12:03.458+0000][gc,heap     ] GC(43) Humongous regions: 11->11
[2025-12-24T12:12:03.458+0000][gc,metaspace] GC(43) Metaspace: 11423K(11840K)->11423K(11840K) NonClass: 10376K(10560K)->10376K(10560K) Class: 1047K(1280K)->1047K(1280K)
[2025-12-24T12:12:03.458+0000][gc          ] GC(43) Pause Young (Normal) (G1 Evacuation Pause) 644M->35M(1024M) 9.484ms
[2025-12-24T12:12:03.458+0000][gc,cpu      ] GC(43) User=0.04s Sys=0.01s Real=0.01s
[2025-12-24T12:13:03.279+0000][gc,start    ] GC(44) Pause Young (Normal) (G1 Evacuation Pause)
[2025-12-24T12:13:03.280+0000][gc,task     ] GC(44) Using 8 workers of 8 for evacuation
[2025-12-24T12:13:03.292+0000][gc,phases   ] GC(44)   Pre Evacuate Collection Set: 1.1ms
[2025-12-24T12:13:03.292+0000][gc,phases   ] GC(44)   Merge Heap Roots: 0.3ms
[2025-12-24T12:13:03.292+0000][gc,phases   ] GC(44)   Evacuate Collection Set: 3.6ms
[2025-12-24T12:13:03.292+0000][gc,phases   ] GC(44)   Post Evacuate Collection Set: 5.9ms
[2025-12-24T12:13:03.292+0000][gc,phases   ] GC(44)   Other: 0.2ms
[2025-12-24T12:13:03.292+0000][gc,heap     ] GC(44) Eden regions: 609->0(610)
[2025-12-24T12:13:03.292+0000][gc,heap     ] GC(44) Survivor regions: 5->4(77)
[2025-12-24T12:13:03.292+0000][gc,heap     ] GC(44) Old regions: 21->21
[2025-12-24T12:13:03.292+0000][gc,heap     ] GC(44) Humongous regions: 11->11
[2025-12-24T12:13:03.292+0000][gc,metaspace] GC(44) Metaspace: 11430K(11840K)->11430K(11840K) NonClass: 10383K(10560K)->10383K(10560K) Class: 1047K(1280K)->1047K(1280K)
[2025-12-24T12:13:03.293+0000][gc          ] GC(44) Pause Young (Normal) (G1 Evacuation Pause) 644M->34M(1024M) 13.255ms
[2025-12-24T12:13:03.293+0000][gc,cpu      ] GC(44) User=0.04s Sys=0.01s Real=0.01s
[2025-12-24T12:13:53.454+0000][gc,start    ] GC(45) Pause Young (Normal) (G1 Evacuation Pause)
[2025-12-24T12:13:53.455+0000][gc,task     ] GC(45) Using 8 workers of 8 for evacuation
[2025-12-24T12:13:53.465+0000][gc,phases   ] GC(45)   Pre Evacuate Collection Set: 1.2ms
[2025-12-24T12:13:53.465+0000][gc,phases   ] GC(45)   Merge Heap Roots: 0.2ms
[2025-12-24T12:13:53.465+0000][gc,phases   ] GC(45)   Evacuate Collection Set: 8.0ms
[2025-12-24T12:13:53.465+0000][gc,phases   ] GC(45)   Post Evacuate Collection Set: 1.0ms
[2025-12-24T12:13:53.465+0000][gc,phases   ] GC(45)   Other: 0.2ms
[2025-12-24T12:13:53.465+0000][gc,heap     ] GC(45) Eden regions: 610->0(609)
[2025-12-24T12:13:53.465+0000][gc,heap     ] GC(45) Survivor regions: 4->5(77)
[2025-12-24T12:13:53.466+0000][gc,heap     ] GC(45) Old regions: 21->21
[2025-12-24T12:13:53.466+0000][gc,heap     ] GC(45) Humongous regions: 11->11
[2025-12-24T12:13:53.466+0000][gc,metaspace] GC(45) Metaspace: 11437K(11840K)->11437K(11840K) NonClass: 10389K(10560K)->10389K(10560K) Class: 1047K(1280K)->1047K(1280K)
[2025-12-24T12:13:53.466+0000][gc          ] GC(45) Pause Young (Normal) (G1 Evacuation Pause) 644M->35M(1024M) 11.791ms
[2025-12-24T12:13:53.466+0000][gc,cpu      ] GC(45) User=0.08s Sys=0.00s Real=0.02s
[2025-12-24T12:14:53.291+0000][gc,start    ] GC(46) Pause Young (Normal) (G1 Evacuation Pause)
[2025-12-24T12:14:53.292+0000][gc,task     ] GC(46) Using 8 workers of 8 for evacuation
[2025-12-24T12:14:53.303+0000][gc,phases   ] GC(46)   Pre Evacuate Collection Set: 1.0ms
[2025-12-24T12:14:53.304+0000][gc,phases   ] GC(46)   Merge Heap Roots: 0.2ms
[2025-12-24T12:14:53.304+0000][gc,phases   ] GC(46)   Evacuate Collection Set: 9.1ms
[2025-12-24T12:14:53.304+0000][gc,phases   ] GC(46)   Post Evacuate Collection Set: 1.4ms
[2025-12-24T12:14:53.304+0000][gc,phases   ] GC(46)   Other: 0.2ms
[2025-12-24T12:14:53.304+0000][gc,heap     ] GC(46) Eden regions: 609->0(610)
[2025-12-24T12:14:53.304+0000][gc,heap     ] GC(46) Survivor regions: 5->4(77)
[2025-12-24T12:14:53.304+0000][gc,heap     ] GC(46) Old regions: 21->21
[2025-12-24T12:14:53.304+0000][gc,heap     ] GC(46) Humongous regions: 11->11
[2025-12-24T12:14:53.304+0000][gc,metaspace] GC(46) Metaspace: 11445K(11840K)->11445K(11840K) NonClass: 10398K(10560K)->10398K(10560K) Class: 1047K(1280K)->1047K(1280K)
[2025-12-24T12:14:53.304+0000][gc          ] GC(46) Pause Young (Normal) (G1 Evacuation Pause) 644M->35M(1024M) 13.534ms
[2025-12-24T12:14:53.304+0000][gc,cpu      ] GC(46) User=0.07s Sys=0.01s Real=0.01s
[2025-12-24T12:15:43.438+0000][gc,start    ] GC(47) Pause Young (Normal) (G1 Evacuation Pause)
[2025-12-24T12:15:43.438+0000][gc,task     ] GC(47) Using 8 workers of 8 for evacuation
[2025-12-24T12:15:43.452+0000][gc,phases   ] GC(47)   Pre Evacuate Collection Set: 1.9ms
[2025-12-24T12:15:43.452+0000][gc,phases   ] GC(47)   Merge Heap Roots: 0.3ms
[2025-12-24T12:15:43.452+0000][gc,phases   ] GC(47)   Evacuate Collection Set: 7.8ms
[2025-12-24T12:15:43.452+0000][gc,phases   ] GC(47)   Post Evacuate Collection Set: 3.9ms
[2025-12-24T12:15:43.453+0000][gc,phases   ] GC(47)   Other: 0.1ms
[2025-12-24T12:15:43.453+0000][gc,heap     ] GC(47) Eden regions: 610->0(609)
[2025-12-24T12:15:43.453+0000][gc,heap     ] GC(47) Survivor regions: 4->5(77)
[2025-12-24T12:15:43.453+0000][gc,heap     ] GC(47) Old regions: 21->21
[2025-12-24T12:15:43.453+0000][gc,heap     ] GC(47) Humongous regions: 11->11
[2025-12-24T12:15:43.453+0000][gc,metaspace] GC(47) Metaspace: 11453K(11840K)->11453K(11840K) NonClass: 10405K(10560K)->10405K(10560K) Class: 1047K(1280K)->1047K(1280K)
[2025-12-24T12:15:43.453+0000][gc          ] GC(47) Pause Young (Normal) (G1 Evacuation Pause) 645M->36M(1024M) 15.404ms
[2025-12-24T12:15:43.453+0000][gc,cpu      ] GC(47) User=0.08s Sys=0.00s Real=0.02s
[2025-12-24T12:16:43.331+0000][gc,start    ] GC(48) Pause Young (Normal) (G1 Evacuation Pause)
[2025-12-24T12:16:43.332+0000][gc,task     ] GC(48) Using 8 workers of 8 for evacuation
[2025-12-24T12:16:43.342+0000][gc,phases   ] GC(48)   Pre Evacuate Collection Set: 1.2ms
[2025-12-24T12:16:43.342+0000][gc,phases   ] GC(48)   Merge Heap Roots: 0.2ms
[2025-12-24T12:16:43.342+0000][gc,phases   ] GC(48)   Evacuate Collection Set: 7.2ms
[2025-12-24T12:16:43.342+0000][gc,phases   ] GC(48)   Post Evacuate Collection Set: 1.0ms
[2025-12-24T12:16:43.342+0000][gc,phases   ] GC(48)   Other: 0.2ms
[2025-12-24T12:16:43.342+0000][gc,heap     ] GC(48) Eden regions: 609->0(610)
[2025-12-24T12:16:43.342+0000][gc,heap     ] GC(48) Survivor regions: 5->4(77)
[2025-12-24T12:16:43.342+0000][gc,heap     ] GC(48) Old regions: 21->21
[2025-12-24T12:16:43.342+0000][gc,heap     ] GC(48) Humongous regions: 11->11
[2025-12-24T12:16:43.342+0000][gc,metaspace] GC(48) Metaspace: 11488K(11904K)->11488K(11904K) NonClass: 10440K(10624K)->10440K(10624K) Class: 1047K(1280K)->1047K(1280K)
[2025-12-24T12:16:43.342+0000][gc          ] GC(48) Pause Young (Normal) (G1 Evacuation Pause) 645M->35M(1024M) 10.819ms
[2025-12-24T12:16:43.342+0000][gc,cpu      ] GC(48) User=0.05s Sys=0.01s Real=0.01s
[2025-12-24T12:17:33.440+0000][gc,start    ] GC(49) Pause Young (Normal) (G1 Evacuation Pause)
[2025-12-24T12:17:33.441+0000][gc,task     ] GC(49) Using 8 workers of 8 for evacuation
[2025-12-24T12:17:33.452+0000][gc,phases   ] GC(49)   Pre Evacuate Collection Set: 1.3ms
[2025-12-24T12:17:33.452+0000][gc,phases   ] GC(49)   Merge Heap Roots: 0.4ms
[2025-12-24T12:17:33.452+0000][gc,phases   ] GC(49)   Evacuate Collection Set: 7.4ms
[2025-12-24T12:17:33.452+0000][gc,phases   ] GC(49)   Post Evacuate Collection Set: 1.8ms
[2025-12-24T12:17:33.452+0000][gc,phases   ] GC(49)   Other: 0.2ms
[2025-12-24T12:17:33.453+0000][gc,heap     ] GC(49) Eden regions: 610->0(609)
[2025-12-24T12:17:33.453+0000][gc,heap     ] GC(49) Survivor regions: 4->5(77)
[2025-12-24T12:17:33.453+0000][gc,heap     ] GC(49) Old regions: 21->21
[2025-12-24T12:17:33.453+0000][gc,heap     ] GC(49) Humongous regions: 11->11
[2025-12-24T12:17:33.453+0000][gc,metaspace] GC(49) Metaspace: 11632K(12096K)->11632K(12096K) NonClass: 10584K(10816K)->10584K(10816K) Class: 1047K(1280K)->1047K(1280K)
[2025-12-24T12:17:33.453+0000][gc          ] GC(49) Pause Young (Normal) (G1 Evacuation Pause) 645M->36M(1024M) 12.738ms
[2025-12-24T12:17:33.453+0000][gc,cpu      ] GC(49) User=0.06s Sys=0.00s Real=0.01s
[2025-12-24T12:18:33.272+0000][gc,start    ] GC(50) Pause Young (Normal) (G1 Evacuation Pause)
[2025-12-24T12:18:33.272+0000][gc,task     ] GC(50) Using 8 workers of 8 for evacuation
[2025-12-24T12:18:33.284+0000][gc,phases   ] GC(50)   Pre Evacuate Collection Set: 1.2ms
[2025-12-24T12:18:33.284+0000][gc,phases   ] GC(50)   Merge Heap Roots: 0.2ms
[2025-12-24T12:18:33.284+0000][gc,phases   ] GC(50)   Evacuate Collection Set: 8.2ms
[2025-12-24T12:18:33.284+0000][gc,phases   ] GC(50)   Post Evacuate Collection Set: 1.9ms
[2025-12-24T12:18:33.284+0000][gc,phases   ] GC(50)   Other: 0.2ms
[2025-12-24T12:18:33.285+0000][gc,heap     ] GC(50) Eden regions: 609->0(610)
[2025-12-24T12:18:33.285+0000][gc,heap     ] GC(50) Survivor regions: 5->4(77)
[2025-12-24T12:18:33.285+0000][gc,heap     ] GC(50) Old regions: 21->21
[2025-12-24T12:18:33.285+0000][gc,heap     ] GC(50) Humongous regions: 11->11
[2025-12-24T12:18:33.285+0000][gc,metaspace] GC(50) Metaspace: 11632K(12096K)->11632K(12096K) NonClass: 10584K(10816K)->10584K(10816K) Class: 1047K(1280K)->1047K(1280K)
[2025-12-24T12:18:33.285+0000][gc          ] GC(50) Pause Young (Normal) (G1 Evacuation Pause) 645M->35M(1024M) 12.989ms
[2025-12-24T12:18:33.285+0000][gc,cpu      ] GC(50) User=0.07s Sys=0.00s Real=0.02s
[2025-12-24T12:19:23.542+0000][gc,start    ] GC(51) Pause Young (Normal) (G1 Evacuation Pause)
[2025-12-24T12:19:23.542+0000][gc,task     ] GC(51) Using 8 workers of 8 for evacuation
[2025-12-24T12:19:23.551+0000][gc,phases   ] GC(51)   Pre Evacuate Collection Set: 1.3ms
[2025-12-24T12:19:23.551+0000][gc,phases   ] GC(51)   Merge Heap Roots: 0.3ms
[2025-12-24T12:19:23.551+0000][gc,phases   ] GC(51)   Evacuate Collection Set: 5.2ms
[2025-12-24T12:19:23.551+0000][gc,phases   ] GC(51)   Post Evacuate Collection Set: 1.4ms
[2025-12-24T12:19:23.551+0000][gc,phases   ] GC(51)   Other: 0.3ms
[2025-12-24T12:19:23.551+0000][gc,heap     ] GC(51) Eden regions: 610->0(609)
[2025-12-24T12:19:23.551+0000][gc,heap     ] GC(51) Survivor regions: 4->5(77)
[2025-12-24T12:19:23.551+0000][gc,heap     ] GC(51) Old regions: 21->22
[2025-12-24T12:19:23.551+0000][gc,heap     ] GC(51) Humongous regions: 11->11
[2025-12-24T12:19:23.551+0000][gc,metaspace] GC(51) Metaspace: 11636K(12096K)->11636K(12096K) NonClass: 10588K(10816K)->10588K(10816K) Class: 1047K(1280K)->1047K(1280K)
[2025-12-24T12:19:23.552+0000][gc          ] GC(51) Pause Young (Normal) (G1 Evacuation Pause) 645M->36M(1024M) 9.950ms
[2025-12-24T12:19:23.552+0000][gc,cpu      ] GC(51) User=0.05s Sys=0.00s Real=0.01s
[2025-12-24T12:20:23.313+0000][gc,start    ] GC(52) Pause Young (Normal) (G1 Evacuation Pause)
[2025-12-24T12:20:23.313+0000][gc,task     ] GC(52) Using 8 workers of 8 for evacuation
[2025-12-24T12:20:23.330+0000][gc,phases   ] GC(52)   Pre Evacuate Collection Set: 1.2ms
[2025-12-24T12:20:23.330+0000][gc,phases   ] GC(52)   Merge Heap Roots: 0.2ms
[2025-12-24T12:20:23.330+0000][gc,phases   ] GC(52)   Evacuate Collection Set: 13.0ms
[2025-12-24T12:20:23.330+0000][gc,phases   ] GC(52)   Post Evacuate Collection Set: 1.5ms
[2025-12-24T12:20:23.330+0000][gc,phases   ] GC(52)   Other: 0.3ms
[2025-12-24T12:20:23.330+0000][gc,heap     ] GC(52) Eden regions: 609->0(610)
[2025-12-24T12:20:23.330+0000][gc,heap     ] GC(52) Survivor regions: 5->4(77)
[2025-12-24T12:20:23.330+0000][gc,heap     ] GC(52) Old regions: 22->22
[2025-12-24T12:20:23.330+0000][gc,heap     ] GC(52) Humongous regions: 11->11
[2025-12-24T12:20:23.330+0000][gc,metaspace] GC(52) Metaspace: 11636K(12096K)->11636K(12096K) NonClass: 10588K(10816K)->10588K(10816K) Class: 1047K(1280K)->1047K(1280K)
[2025-12-24T12:20:23.330+0000][gc          ] GC(52) Pause Young (Normal) (G1 Evacuation Pause) 645M->35M(1024M) 17.485ms
[2025-12-24T12:20:23.331+0000][gc,cpu      ] GC(52) User=0.11s Sys=0.00s Real=0.02s
[2025-12-24T12:21:13.623+0000][gc,start    ] GC(53) Pause Young (Normal) (G1 Evacuation Pause)
[2025-12-24T12:21:13.623+0000][gc,task     ] GC(53) Using 8 workers of 8 for evacuation
[2025-12-24T12:21:13.637+0000][gc,phases   ] GC(53)   Pre Evacuate Collection Set: 1.3ms
[2025-12-24T12:21:13.637+0000][gc,phases   ] GC(53)   Merge Heap Roots: 0.2ms
[2025-12-24T12:21:13.637+0000][gc,phases   ] GC(53)   Evacuate Collection Set: 10.7ms
[2025-12-24T12:21:13.637+0000][gc,phases   ] GC(53)   Post Evacuate Collection Set: 1.5ms
[2025-12-24T12:21:13.637+0000][gc,phases   ] GC(53)   Other: 0.2ms
[2025-12-24T12:21:13.638+0000][gc,heap     ] GC(53) Eden regions: 610->0(609)
[2025-12-24T12:21:13.638+0000][gc,heap     ] GC(53) Survivor regions: 4->5(77)
[2025-12-24T12:21:13.638+0000][gc,heap     ] GC(53) Old regions: 22->22
[2025-12-24T12:21:13.638+0000][gc,heap     ] GC(53) Humongous regions: 11->11
[2025-12-24T12:21:13.638+0000][gc,metaspace] GC(53) Metaspace: 11637K(12096K)->11637K(12096K) NonClass: 10588K(10816K)->10588K(10816K) Class: 1048K(1280K)->1048K(1280K)
[2025-12-24T12:21:13.638+0000][gc          ] GC(53) Pause Young (Normal) (G1 Evacuation Pause) 645M->37M(1024M) 14.944ms
[2025-12-24T12:21:13.638+0000][gc,cpu      ] GC(53) User=0.09s Sys=0.00s Real=0.01s
[2025-12-24T12:22:13.450+0000][gc,start    ] GC(54) Pause Young (Normal) (G1 Evacuation Pause)
[2025-12-24T12:22:13.451+0000][gc,task     ] GC(54) Using 8 workers of 8 for evacuation
[2025-12-24T12:22:13.471+0000][gc,phases   ] GC(54)   Pre Evacuate Collection Set: 1.7ms
[2025-12-24T12:22:13.471+0000][gc,phases   ] GC(54)   Merge Heap Roots: 0.2ms
[2025-12-24T12:22:13.471+0000][gc,phases   ] GC(54)   Evacuate Collection Set: 16.2ms
[2025-12-24T12:22:13.471+0000][gc,phases   ] GC(54)   Post Evacuate Collection Set: 1.6ms
[2025-12-24T12:22:13.471+0000][gc,phases   ] GC(54)   Other: 0.3ms
[2025-12-24T12:22:13.471+0000][gc,heap     ] GC(54) Eden regions: 609->0(610)
[2025-12-24T12:22:13.471+0000][gc,heap     ] GC(54) Survivor regions: 5->4(77)
[2025-12-24T12:22:13.471+0000][gc,heap     ] GC(54) Old regions: 22->22
[2025-12-24T12:22:13.471+0000][gc,heap     ] GC(54) Humongous regions: 11->11
[2025-12-24T12:22:13.471+0000][gc,metaspace] GC(54) Metaspace: 11637K(12096K)->11637K(12096K) NonClass: 10588K(10816K)->10588K(10816K) Class: 1048K(1280K)->1048K(1280K)
[2025-12-24T12:22:13.471+0000][gc          ] GC(54) Pause Young (Normal) (G1 Evacuation Pause) 646M->36M(1024M) 21.035ms
[2025-12-24T12:22:13.471+0000][gc,cpu      ] GC(54) User=0.11s Sys=0.00s Real=0.02s
[2025-12-24T12:23:03.460+0000][gc,start    ] GC(55) Pause Young (Normal) (G1 Evacuation Pause)
[2025-12-24T12:23:03.460+0000][gc,task     ] GC(55) Using 8 workers of 8 for evacuation
[2025-12-24T12:23:03.467+0000][gc,phases   ] GC(55)   Pre Evacuate Collection Set: 1.2ms
[2025-12-24T12:23:03.467+0000][gc,phases   ] GC(55)   Merge Heap Roots: 0.2ms
[2025-12-24T12:23:03.467+0000][gc,phases   ] GC(55)   Evacuate Collection Set: 4.1ms
[2025-12-24T12:23:03.467+0000][gc,phases   ] GC(55)   Post Evacuate Collection Set: 1.2ms
[2025-12-24T12:23:03.467+0000][gc,phases   ] GC(55)   Other: 0.2ms
[2025-12-24T12:23:03.467+0000][gc,heap     ] GC(55) Eden regions: 610->0(609)
[2025-12-24T12:23:03.467+0000][gc,heap     ] GC(55) Survivor regions: 4->5(77)
[2025-12-24T12:23:03.467+0000][gc,heap     ] GC(55) Old regions: 22->22
[2025-12-24T12:23:03.467+0000][gc,heap     ] GC(55) Humongous regions: 11->11
[2025-12-24T12:23:03.468+0000][gc,metaspace] GC(55) Metaspace: 11637K(12096K)->11637K(12096K) NonClass: 10588K(10816K)->10588K(10816K) Class: 1048K(1280K)->1048K(1280K)
[2025-12-24T12:23:03.468+0000][gc          ] GC(55) Pause Young (Normal) (G1 Evacuation Pause) 646M->37M(1024M) 8.097ms
[2025-12-24T12:23:03.468+0000][gc,cpu      ] GC(55) User=0.04s Sys=0.00s Real=0.00s
[2025-12-24T12:25:14.953+0000][gc,start    ] GC(56) Pause Young (Normal) (G1 Evacuation Pause)
[2025-12-24T12:25:14.953+0000][gc,task     ] GC(56) Using 8 workers of 8 for evacuation
[2025-12-24T12:25:14.968+0000][gc,phases   ] GC(56)   Pre Evacuate Collection Set: 3.3ms
[2025-12-24T12:25:14.968+0000][gc,phases   ] GC(56)   Merge Heap Roots: 0.6ms
[2025-12-24T12:25:14.968+0000][gc,phases   ] GC(56)   Evacuate Collection Set: 8.6ms
[2025-12-24T12:25:14.968+0000][gc,phases   ] GC(56)   Post Evacuate Collection Set: 1.4ms
[2025-12-24T12:25:14.968+0000][gc,phases   ] GC(56)   Other: 0.4ms
[2025-12-24T12:25:14.968+0000][gc,heap     ] GC(56) Eden regions: 609->0(609)
[2025-12-24T12:25:14.968+0000][gc,heap     ] GC(56) Survivor regions: 5->5(77)
[2025-12-24T12:25:14.968+0000][gc,heap     ] GC(56) Old regions: 22->22
[2025-12-24T12:25:14.968+0000][gc,heap     ] GC(56) Humongous regions: 11->11
[2025-12-24T12:25:14.968+0000][gc,metaspace] GC(56) Metaspace: 11725K(12160K)->11725K(12160K) NonClass: 10666K(10880K)->10666K(10880K) Class: 1058K(1280K)->1058K(1280K)
[2025-12-24T12:25:14.968+0000][gc          ] GC(56) Pause Young (Normal) (G1 Evacuation Pause) 646M->36M(1024M) 15.554ms
[2025-12-24T12:25:14.968+0000][gc,cpu      ] GC(56) User=0.09s Sys=0.00s Real=0.02s
[2025-12-24T12:26:05.160+0000][gc,start    ] GC(57) Pause Young (Normal) (G1 Evacuation Pause)
[2025-12-24T12:26:05.161+0000][gc,task     ] GC(57) Using 8 workers of 8 for evacuation
[2025-12-24T12:26:05.177+0000][gc,phases   ] GC(57)   Pre Evacuate Collection Set: 1.0ms
[2025-12-24T12:26:05.178+0000][gc,phases   ] GC(57)   Merge Heap Roots: 0.2ms
[2025-12-24T12:26:05.178+0000][gc,phases   ] GC(57)   Evacuate Collection Set: 13.3ms
[2025-12-24T12:26:05.178+0000][gc,phases   ] GC(57)   Post Evacuate Collection Set: 1.9ms
[2025-12-24T12:26:05.178+0000][gc,phases   ] GC(57)   Other: 0.3ms
[2025-12-24T12:26:05.178+0000][gc,heap     ] GC(57) Eden regions: 609->0(609)
[2025-12-24T12:26:05.178+0000][gc,heap     ] GC(57) Survivor regions: 5->5(77)
[2025-12-24T12:26:05.178+0000][gc,heap     ] GC(57) Old regions: 22->22
[2025-12-24T12:26:05.178+0000][gc,heap     ] GC(57) Humongous regions: 11->11
[2025-12-24T12:26:05.178+0000][gc,metaspace] GC(57) Metaspace: 11758K(12160K)->11758K(12160K) NonClass: 10698K(10880K)->10698K(10880K) Class: 1059K(1280K)->1059K(1280K)
[2025-12-24T12:26:05.178+0000][gc          ] GC(57) Pause Young (Normal) (G1 Evacuation Pause) 645M->37M(1024M) 18.625ms
[2025-12-24T12:26:05.178+0000][gc,cpu      ] GC(57) User=0.10s Sys=0.00s Real=0.01s
[2025-12-24T12:31:20.643+0000][gc,start    ] GC(58) Pause Young (Normal) (G1 Evacuation Pause)
[2025-12-24T12:31:20.644+0000][gc,task     ] GC(58) Using 8 workers of 8 for evacuation
[2025-12-24T12:31:20.655+0000][gc,phases   ] GC(58)   Pre Evacuate Collection Set: 1.2ms
[2025-12-24T12:31:20.655+0000][gc,phases   ] GC(58)   Merge Heap Roots: 0.2ms
[2025-12-24T12:31:20.655+0000][gc,phases   ] GC(58)   Evacuate Collection Set: 8.4ms
[2025-12-24T12:31:20.655+0000][gc,phases   ] GC(58)   Post Evacuate Collection Set: 1.1ms
[2025-12-24T12:31:20.655+0000][gc,phases   ] GC(58)   Other: 0.2ms
[2025-12-24T12:31:20.656+0000][gc,heap     ] GC(58) Eden regions: 609->0(610)
[2025-12-24T12:31:20.656+0000][gc,heap     ] GC(58) Survivor regions: 5->4(77)
[2025-12-24T12:31:20.656+0000][gc,heap     ] GC(58) Old regions: 22->22
[2025-12-24T12:31:20.656+0000][gc,heap     ] GC(58) Humongous regions: 20->20
[2025-12-24T12:31:20.656+0000][gc,metaspace] GC(58) Metaspace: 11792K(12160K)->11792K(12160K) NonClass: 10727K(10880K)->10727K(10880K) Class: 1064K(1280K)->1064K(1280K)
[2025-12-24T12:31:20.656+0000][gc          ] GC(58) Pause Young (Normal) (G1 Evacuation Pause) 655M->45M(1024M) 13.023ms
[2025-12-24T12:31:20.656+0000][gc,cpu      ] GC(58) User=0.06s Sys=0.00s Real=0.02s
[2025-12-24T12:35:33.648+0000][gc,start    ] GC(59) Pause Young (Normal) (G1 Evacuation Pause)
[2025-12-24T12:35:33.649+0000][gc,task     ] GC(59) Using 8 workers of 8 for evacuation
[2025-12-24T12:35:33.656+0000][gc,phases   ] GC(59)   Pre Evacuate Collection Set: 1.0ms
[2025-12-24T12:35:33.656+0000][gc,phases   ] GC(59)   Merge Heap Roots: 0.2ms
[2025-12-24T12:35:33.656+0000][gc,phases   ] GC(59)   Evacuate Collection Set: 4.8ms
[2025-12-24T12:35:33.656+0000][gc,phases   ] GC(59)   Post Evacuate Collection Set: 1.1ms
[2025-12-24T12:35:33.656+0000][gc,phases   ] GC(59)   Other: 0.3ms
[2025-12-24T12:35:33.656+0000][gc,heap     ] GC(59) Eden regions: 610->0(609)
[2025-12-24T12:35:33.656+0000][gc,heap     ] GC(59) Survivor regions: 4->5(77)
[2025-12-24T12:35:33.656+0000][gc,heap     ] GC(59) Old regions: 22->22
[2025-12-24T12:35:33.656+0000][gc,heap     ] GC(59) Humongous regions: 20->20
[2025-12-24T12:35:33.656+0000][gc,metaspace] GC(59) Metaspace: 11927K(12288K)->11927K(12288K) NonClass: 10852K(11008K)->10852K(11008K) Class: 1075K(1280K)->1075K(1280K)
[2025-12-24T12:35:33.656+0000][gc          ] GC(59) Pause Young (Normal) (G1 Evacuation Pause) 655M->46M(1024M) 8.461ms
[2025-12-24T12:35:33.657+0000][gc,cpu      ] GC(59) User=0.05s Sys=0.00s Real=0.01s
[2025-12-24T12:41:04.836+0000][gc,start    ] GC(60) Pause Young (Normal) (G1 Evacuation Pause)
[2025-12-24T12:41:04.836+0000][gc,task     ] GC(60) Using 8 workers of 8 for evacuation
[2025-12-24T12:41:04.849+0000][gc,phases   ] GC(60)   Pre Evacuate Collection Set: 1.8ms
[2025-12-24T12:41:04.850+0000][gc,phases   ] GC(60)   Merge Heap Roots: 1.0ms
[2025-12-24T12:41:04.850+0000][gc,phases   ] GC(60)   Evacuate Collection Set: 8.4ms
[2025-12-24T12:41:04.850+0000][gc,phases   ] GC(60)   Post Evacuate Collection Set: 1.4ms
[2025-12-24T12:41:04.850+0000][gc,phases   ] GC(60)   Other: 0.7ms
[2025-12-24T12:41:04.850+0000][gc,heap     ] GC(60) Eden regions: 609->0(610)
[2025-12-24T12:41:04.850+0000][gc,heap     ] GC(60) Survivor regions: 5->4(77)
[2025-12-24T12:41:04.850+0000][gc,heap     ] GC(60) Old regions: 22->23
[2025-12-24T12:41:04.850+0000][gc,heap     ] GC(60) Humongous regions: 20->20
[2025-12-24T12:41:04.850+0000][gc,metaspace] GC(60) Metaspace: 11999K(12352K)->11999K(12352K) NonClass: 10921K(11072K)->10921K(11072K) Class: 1077K(1280K)->1077K(1280K)
[2025-12-24T12:41:04.850+0000][gc          ] GC(60) Pause Young (Normal) (G1 Evacuation Pause) 655M->45M(1024M) 14.551ms
[2025-12-24T12:41:04.850+0000][gc,cpu      ] GC(60) User=0.07s Sys=0.01s Real=0.01s
[2025-12-24T12:41:55.006+0000][gc,start    ] GC(61) Pause Young (Normal) (G1 Evacuation Pause)
[2025-12-24T12:41:55.007+0000][gc,task     ] GC(61) Using 8 workers of 8 for evacuation
[2025-12-24T12:41:55.014+0000][gc,phases   ] GC(61)   Pre Evacuate Collection Set: 1.1ms
[2025-12-24T12:41:55.014+0000][gc,phases   ] GC(61)   Merge Heap Roots: 0.3ms
[2025-12-24T12:41:55.014+0000][gc,phases   ] GC(61)   Evacuate Collection Set: 4.8ms
[2025-12-24T12:41:55.014+0000][gc,phases   ] GC(61)   Post Evacuate Collection Set: 1.1ms
[2025-12-24T12:41:55.014+0000][gc,phases   ] GC(61)   Other: 0.2ms
[2025-12-24T12:41:55.014+0000][gc,heap     ] GC(61) Eden regions: 610->0(609)
[2025-12-24T12:41:55.014+0000][gc,heap     ] GC(61) Survivor regions: 4->5(77)
[2025-12-24T12:41:55.014+0000][gc,heap     ] GC(61) Old regions: 23->23
[2025-12-24T12:41:55.014+0000][gc,heap     ] GC(61) Humongous regions: 20->20
[2025-12-24T12:41:55.015+0000][gc,metaspace] GC(61) Metaspace: 12034K(12480K)->12034K(12480K) NonClass: 10957K(11200K)->10957K(11200K) Class: 1077K(1280K)->1077K(1280K)
[2025-12-24T12:41:55.015+0000][gc          ] GC(61) Pause Young (Normal) (G1 Evacuation Pause) 655M->46M(1024M) 8.653ms
[2025-12-24T12:41:55.015+0000][gc,cpu      ] GC(61) User=0.05s Sys=0.01s Real=0.01s
[2025-12-24T12:42:54.786+0000][gc,start    ] GC(62) Pause Young (Normal) (G1 Evacuation Pause)
[2025-12-24T12:42:54.786+0000][gc,task     ] GC(62) Using 8 workers of 8 for evacuation
[2025-12-24T12:42:54.795+0000][gc,phases   ] GC(62)   Pre Evacuate Collection Set: 1.0ms
[2025-12-24T12:42:54.795+0000][gc,phases   ] GC(62)   Merge Heap Roots: 0.2ms
[2025-12-24T12:42:54.795+0000][gc,phases   ] GC(62)   Evacuate Collection Set: 5.4ms
[2025-12-24T12:42:54.795+0000][gc,phases   ] GC(62)   Post Evacuate Collection Set: 1.8ms
[2025-12-24T12:42:54.795+0000][gc,phases   ] GC(62)   Other: 0.2ms
[2025-12-24T12:42:54.795+0000][gc,heap     ] GC(62) Eden regions: 609->0(610)
[2025-12-24T12:42:54.795+0000][gc,heap     ] GC(62) Survivor regions: 5->4(77)
[2025-12-24T12:42:54.795+0000][gc,heap     ] GC(62) Old regions: 23->23
[2025-12-24T12:42:54.795+0000][gc,heap     ] GC(62) Humongous regions: 20->20
[2025-12-24T12:42:54.795+0000][gc,metaspace] GC(62) Metaspace: 12035K(12480K)->12035K(12480K) NonClass: 10957K(11200K)->10957K(11200K) Class: 1077K(1280K)->1077K(1280K)
[2025-12-24T12:42:54.796+0000][gc          ] GC(62) Pause Young (Normal) (G1 Evacuation Pause) 655M->45M(1024M) 9.758ms
[2025-12-24T12:42:54.796+0000][gc,cpu      ] GC(62) User=0.05s Sys=0.00s Real=0.01s
[2025-12-24T12:43:45.004+0000][gc,start    ] GC(63) Pause Young (Normal) (G1 Evacuation Pause)
[2025-12-24T12:43:45.005+0000][gc,task     ] GC(63) Using 8 workers of 8 for evacuation
[2025-12-24T12:43:45.017+0000][gc,phases   ] GC(63)   Pre Evacuate Collection Set: 2.7ms
[2025-12-24T12:43:45.017+0000][gc,phases   ] GC(63)   Merge Heap Roots: 0.3ms
[2025-12-24T12:43:45.017+0000][gc,phases   ] GC(63)   Evacuate Collection Set: 7.3ms
[2025-12-24T12:43:45.017+0000][gc,phases   ] GC(63)   Post Evacuate Collection Set: 1.0ms
[2025-12-24T12:43:45.017+0000][gc,phases   ] GC(63)   Other: 0.2ms
[2025-12-24T12:43:45.017+0000][gc,heap     ] GC(63) Eden regions: 610->0(610)
[2025-12-24T12:43:45.017+0000][gc,heap     ] GC(63) Survivor regions: 4->4(77)
[2025-12-24T12:43:45.017+0000][gc,heap     ] GC(63) Old regions: 23->23
[2025-12-24T12:43:45.017+0000][gc,heap     ] GC(63) Humongous regions: 20->20
[2025-12-24T12:43:45.017+0000][gc,metaspace] GC(63) Metaspace: 12038K(12480K)->12038K(12480K) NonClass: 10960K(11200K)->10960K(11200K) Class: 1077K(1280K)->1077K(1280K)
[2025-12-24T12:43:45.018+0000][gc          ] GC(63) Pause Young (Normal) (G1 Evacuation Pause) 655M->46M(1024M) 13.685ms
[2025-12-24T12:43:45.018+0000][gc,cpu      ] GC(63) User=0.08s Sys=0.00s Real=0.01s
[2025-12-24T12:44:44.779+0000][gc,start    ] GC(64) Pause Young (Normal) (G1 Evacuation Pause)
[2025-12-24T12:44:44.780+0000][gc,task     ] GC(64) Using 8 workers of 8 for evacuation
[2025-12-24T12:44:44.795+0000][gc,phases   ] GC(64)   Pre Evacuate Collection Set: 1.0ms
[2025-12-24T12:44:44.795+0000][gc,phases   ] GC(64)   Merge Heap Roots: 0.2ms
[2025-12-24T12:44:44.795+0000][gc,phases   ] GC(64)   Evacuate Collection Set: 12.5ms
[2025-12-24T12:44:44.795+0000][gc,phases   ] GC(64)   Post Evacuate Collection Set: 1.3ms
[2025-12-24T12:44:44.795+0000][gc,phases   ] GC(64)   Other: 0.3ms
[2025-12-24T12:44:44.795+0000][gc,heap     ] GC(64) Eden regions: 610->0(610)
[2025-12-24T12:44:44.796+0000][gc,heap     ] GC(64) Survivor regions: 4->4(77)
[2025-12-24T12:44:44.796+0000][gc,heap     ] GC(64) Old regions: 23->23
[2025-12-24T12:44:44.796+0000][gc,heap     ] GC(64) Humongous regions: 20->20
[2025-12-24T12:44:44.796+0000][gc,metaspace] GC(64) Metaspace: 12051K(12480K)->12051K(12480K) NonClass: 10973K(11200K)->10973K(11200K) Class: 1078K(1280K)->1078K(1280K)
[2025-12-24T12:44:44.796+0000][gc          ] GC(64) Pause Young (Normal) (G1 Evacuation Pause) 656M->45M(1024M) 16.481ms
[2025-12-24T12:44:44.796+0000][gc,cpu      ] GC(64) User=0.10s Sys=0.00s Real=0.02s
[2025-12-24T12:45:35.017+0000][gc,start    ] GC(65) Pause Young (Normal) (G1 Evacuation Pause)
[2025-12-24T12:45:35.018+0000][gc,task     ] GC(65) Using 8 workers of 8 for evacuation
[2025-12-24T12:45:35.030+0000][gc,phases   ] GC(65)   Pre Evacuate Collection Set: 1.1ms
[2025-12-24T12:45:35.030+0000][gc,phases   ] GC(65)   Merge Heap Roots: 0.2ms
[2025-12-24T12:45:35.030+0000][gc,phases   ] GC(65)   Evacuate Collection Set: 8.9ms
[2025-12-24T12:45:35.030+0000][gc,phases   ] GC(65)   Post Evacuate Collection Set: 1.2ms
[2025-12-24T12:45:35.030+0000][gc,phases   ] GC(65)   Other: 0.3ms
[2025-12-24T12:45:35.030+0000][gc,heap     ] GC(65) Eden regions: 610->0(610)
[2025-12-24T12:45:35.030+0000][gc,heap     ] GC(65) Survivor regions: 4->4(77)
[2025-12-24T12:45:35.030+0000][gc,heap     ] GC(65) Old regions: 23->23
[2025-12-24T12:45:35.030+0000][gc,heap     ] GC(65) Humongous regions: 20->20
[2025-12-24T12:45:35.030+0000][gc,metaspace] GC(65) Metaspace: 12051K(12480K)->12051K(12480K) NonClass: 10973K(11200K)->10973K(11200K) Class: 1078K(1280K)->1078K(1280K)
[2025-12-24T12:45:35.030+0000][gc          ] GC(65) Pause Young (Normal) (G1 Evacuation Pause) 655M->46M(1024M) 13.168ms
[2025-12-24T12:45:35.030+0000][gc,cpu      ] GC(65) User=0.07s Sys=0.00s Real=0.01s
[2025-12-24T12:46:34.772+0000][gc,start    ] GC(66) Pause Young (Normal) (G1 Evacuation Pause)
[2025-12-24T12:46:34.772+0000][gc,task     ] GC(66) Using 8 workers of 8 for evacuation
[2025-12-24T12:46:34.782+0000][gc,phases   ] GC(66)   Pre Evacuate Collection Set: 1.2ms
[2025-12-24T12:46:34.782+0000][gc,phases   ] GC(66)   Merge Heap Roots: 0.2ms
[2025-12-24T12:46:34.782+0000][gc,phases   ] GC(66)   Evacuate Collection Set: 6.4ms
[2025-12-24T12:46:34.782+0000][gc,phases   ] GC(66)   Post Evacuate Collection Set: 1.3ms
[2025-12-24T12:46:34.782+0000][gc,phases   ] GC(66)   Other: 0.3ms
[2025-12-24T12:46:34.782+0000][gc,heap     ] GC(66) Eden regions: 610->0(611)
[2025-12-24T12:46:34.782+0000][gc,heap     ] GC(66) Survivor regions: 4->3(77)
[2025-12-24T12:46:34.782+0000][gc,heap     ] GC(66) Old regions: 23->23
[2025-12-24T12:46:34.782+0000][gc,heap     ] GC(66) Humongous regions: 20->20
[2025-12-24T12:46:34.782+0000][gc,metaspace] GC(66) Metaspace: 12056K(12480K)->12056K(12480K) NonClass: 10978K(11200K)->10978K(11200K) Class: 1078K(1280K)->1078K(1280K)
[2025-12-24T12:46:34.783+0000][gc          ] GC(66) Pause Young (Normal) (G1 Evacuation Pause) 656M->45M(1024M) 10.906ms
[2025-12-24T12:46:34.783+0000][gc,cpu      ] GC(66) User=0.06s Sys=0.00s Real=0.01s
[2025-12-24T12:47:24.959+0000][gc,start    ] GC(67) Pause Young (Normal) (G1 Evacuation Pause)
[2025-12-24T12:47:24.959+0000][gc,task     ] GC(67) Using 8 workers of 8 for evacuation
[2025-12-24T12:47:24.967+0000][gc,phases   ] GC(67)   Pre Evacuate Collection Set: 1.1ms
[2025-12-24T12:47:24.967+0000][gc,phases   ] GC(67)   Merge Heap Roots: 0.2ms
[2025-12-24T12:47:24.968+0000][gc,phases   ] GC(67)   Evacuate Collection Set: 4.9ms
[2025-12-24T12:47:24.968+0000][gc,phases   ] GC(67)   Post Evacuate Collection Set: 1.5ms
[2025-12-24T12:47:24.968+0000][gc,phases   ] GC(67)   Other: 0.2ms
[2025-12-24T12:47:24.968+0000][gc,heap     ] GC(67) Eden regions: 611->0(610)
[2025-12-24T12:47:24.968+0000][gc,heap     ] GC(67) Survivor regions: 3->4(77)
[2025-12-24T12:47:24.968+0000][gc,heap     ] GC(67) Old regions: 23->24
[2025-12-24T12:47:24.968+0000][gc,heap     ] GC(67) Humongous regions: 20->20
[2025-12-24T12:47:24.968+0000][gc,metaspace] GC(67) Metaspace: 12060K(12480K)->12060K(12480K) NonClass: 10982K(11200K)->10982K(11200K) Class: 1078K(1280K)->1078K(1280K)
[2025-12-24T12:47:24.968+0000][gc          ] GC(67) Pause Young (Normal) (G1 Evacuation Pause) 656M->46M(1024M) 9.237ms
[2025-12-24T12:47:24.968+0000][gc,cpu      ] GC(67) User=0.04s Sys=0.00s Real=0.01s
[2025-12-24T12:48:21.012+0000][gc,start    ] GC(68) Pause Young (Normal) (G1 Evacuation Pause)
[2025-12-24T12:48:21.013+0000][gc,task     ] GC(68) Using 8 workers of 8 for evacuation
[2025-12-24T12:48:21.037+0000][gc,phases   ] GC(68)   Pre Evacuate Collection Set: 2.2ms
[2025-12-24T12:48:21.037+0000][gc,phases   ] GC(68)   Merge Heap Roots: 0.5ms
[2025-12-24T12:48:21.038+0000][gc,phases   ] GC(68)   Evacuate Collection Set: 17.7ms
[2025-12-24T12:48:21.038+0000][gc,phases   ] GC(68)   Post Evacuate Collection Set: 2.9ms
[2025-12-24T12:48:21.038+0000][gc,phases   ] GC(68)   Other: 0.9ms
[2025-12-24T12:48:21.038+0000][gc,heap     ] GC(68) Eden regions: 610->0(611)
[2025-12-24T12:48:21.038+0000][gc,heap     ] GC(68) Survivor regions: 4->3(77)
[2025-12-24T12:48:21.038+0000][gc,heap     ] GC(68) Old regions: 24->24
[2025-12-24T12:48:21.038+0000][gc,heap     ] GC(68) Humongous regions: 29->29
[2025-12-24T12:48:21.038+0000][gc,metaspace] GC(68) Metaspace: 12151K(12544K)->12151K(12544K) NonClass: 11059K(11200K)->11059K(11200K) Class: 1092K(1344K)->1092K(1344K)
[2025-12-24T12:48:21.039+0000][gc          ] GC(68) Pause Young (Normal) (G1 Evacuation Pause) 665M->54M(1024M) 26.510ms
[2025-12-24T12:48:21.039+0000][gc,cpu      ] GC(68) User=0.13s Sys=0.00s Real=0.02s
[2025-12-24T12:49:15.045+0000][gc,start    ] GC(69) Pause Young (Normal) (G1 Evacuation Pause)
[2025-12-24T12:49:15.045+0000][gc,task     ] GC(69) Using 8 workers of 8 for evacuation
[2025-12-24T12:49:15.053+0000][gc,phases   ] GC(69)   Pre Evacuate Collection Set: 0.9ms
[2025-12-24T12:49:15.053+0000][gc,phases   ] GC(69)   Merge Heap Roots: 0.2ms
[2025-12-24T12:49:15.053+0000][gc,phases   ] GC(69)   Evacuate Collection Set: 5.2ms
[2025-12-24T12:49:15.053+0000][gc,phases   ] GC(69)   Post Evacuate Collection Set: 1.1ms
[2025-12-24T12:49:15.054+0000][gc,phases   ] GC(69)   Other: 0.3ms
[2025-12-24T12:49:15.054+0000][gc,heap     ] GC(69) Eden regions: 611->0(611)
[2025-12-24T12:49:15.054+0000][gc,heap     ] GC(69) Survivor regions: 3->3(77)
[2025-12-24T12:49:15.054+0000][gc,heap     ] GC(69) Old regions: 24->24
[2025-12-24T12:49:15.054+0000][gc,heap     ] GC(69) Humongous regions: 29->29
[2025-12-24T12:49:15.054+0000][gc,metaspace] GC(69) Metaspace: 12178K(12608K)->12178K(12608K) NonClass: 11079K(11264K)->11079K(11264K) Class: 1099K(1344K)->1099K(1344K)
[2025-12-24T12:49:15.054+0000][gc          ] GC(69) Pause Young (Normal) (G1 Evacuation Pause) 665M->55M(1024M) 9.077ms
[2025-12-24T12:49:15.054+0000][gc,cpu      ] GC(69) User=0.04s Sys=0.00s Real=0.01s
[2025-12-24T12:50:05.103+0000][gc,start    ] GC(70) Pause Young (Normal) (G1 Evacuation Pause)
[2025-12-24T12:50:05.104+0000][gc,task     ] GC(70) Using 8 workers of 8 for evacuation
[2025-12-24T12:50:05.112+0000][gc,phases   ] GC(70)   Pre Evacuate Collection Set: 1.5ms
[2025-12-24T12:50:05.113+0000][gc,phases   ] GC(70)   Merge Heap Roots: 1.0ms
[2025-12-24T12:50:05.113+0000][gc,phases   ] GC(70)   Evacuate Collection Set: 5.1ms
[2025-12-24T12:50:05.113+0000][gc,phases   ] GC(70)   Post Evacuate Collection Set: 1.2ms
[2025-12-24T12:50:05.113+0000][gc,phases   ] GC(70)   Other: 0.2ms
[2025-12-24T12:50:05.113+0000][gc,heap     ] GC(70) Eden regions: 611->0(610)
[2025-12-24T12:50:05.113+0000][gc,heap     ] GC(70) Survivor regions: 3->4(77)
[2025-12-24T12:50:05.113+0000][gc,heap     ] GC(70) Old regions: 24->24
[2025-12-24T12:50:05.113+0000][gc,heap     ] GC(70) Humongous regions: 29->29
[2025-12-24T12:50:05.113+0000][gc,metaspace] GC(70) Metaspace: 12179K(12608K)->12179K(12608K) NonClass: 11079K(11264K)->11079K(11264K) Class: 1099K(1344K)->1099K(1344K)
[2025-12-24T12:50:05.113+0000][gc          ] GC(70) Pause Young (Normal) (G1 Evacuation Pause) 666M->55M(1024M) 10.192ms
[2025-12-24T12:50:05.113+0000][gc,cpu      ] GC(70) User=0.06s Sys=0.00s Real=0.01s
[2025-12-24T12:51:04.948+0000][gc,start    ] GC(71) Pause Young (Normal) (G1 Evacuation Pause)
[2025-12-24T12:51:04.949+0000][gc,task     ] GC(71) Using 8 workers of 8 for evacuation
[2025-12-24T12:51:04.969+0000][gc,phases   ] GC(71)   Pre Evacuate Collection Set: 1.0ms
[2025-12-24T12:51:04.969+0000][gc,phases   ] GC(71)   Merge Heap Roots: 0.3ms
[2025-12-24T12:51:04.969+0000][gc,phases   ] GC(71)   Evacuate Collection Set: 16.9ms
[2025-12-24T12:51:04.969+0000][gc,phases   ] GC(71)   Post Evacuate Collection Set: 1.1ms
[2025-12-24T12:51:04.969+0000][gc,phases   ] GC(71)   Other: 0.3ms
[2025-12-24T12:51:04.969+0000][gc,heap     ] GC(71) Eden regions: 610->0(612)
[2025-12-24T12:51:04.969+0000][gc,heap     ] GC(71) Survivor regions: 4->2(77)
[2025-12-24T12:51:04.969+0000][gc,heap     ] GC(71) Old regions: 24->25
[2025-12-24T12:51:04.969+0000][gc,heap     ] GC(71) Humongous regions: 29->29
[2025-12-24T12:51:04.969+0000][gc,metaspace] GC(71) Metaspace: 12182K(12608K)->12182K(12608K) NonClass: 11083K(11264K)->11083K(11264K) Class: 1099K(1344K)->1099K(1344K)
[2025-12-24T12:51:04.969+0000][gc          ] GC(71) Pause Young (Normal) (G1 Evacuation Pause) 665M->55M(1024M) 21.459ms
[2025-12-24T12:51:04.969+0000][gc,cpu      ] GC(71) User=0.08s Sys=0.02s Real=0.02s
[2025-12-24T12:51:55.077+0000][gc,start    ] GC(72) Pause Young (Normal) (G1 Evacuation Pause)
[2025-12-24T12:51:55.078+0000][gc,task     ] GC(72) Using 8 workers of 8 for evacuation
[2025-12-24T12:51:55.089+0000][gc,phases   ] GC(72)   Pre Evacuate Collection Set: 0.9ms
[2025-12-24T12:51:55.089+0000][gc,phases   ] GC(72)   Merge Heap Roots: 0.3ms
[2025-12-24T12:51:55.089+0000][gc,phases   ] GC(72)   Evacuate Collection Set: 6.3ms
[2025-12-24T12:51:55.089+0000][gc,phases   ] GC(72)   Post Evacuate Collection Set: 2.4ms
[2025-12-24T12:51:55.089+0000][gc,phases   ] GC(72)   Other: 0.2ms
[2025-12-24T12:51:55.089+0000][gc,heap     ] GC(72) Eden regions: 612->0(611)
[2025-12-24T12:51:55.089+0000][gc,heap     ] GC(72) Survivor regions: 2->3(77)
[2025-12-24T12:51:55.089+0000][gc,heap     ] GC(72) Old regions: 25->25
[2025-12-24T12:51:55.089+0000][gc,heap     ] GC(72) Humongous regions: 29->29
[2025-12-24T12:51:55.089+0000][gc,metaspace] GC(72) Metaspace: 12280K(12736K)->12280K(12736K) NonClass: 11181K(11392K)->11181K(11392K) Class: 1099K(1344K)->1099K(1344K)
[2025-12-24T12:51:55.089+0000][gc          ] GC(72) Pause Young (Normal) (G1 Evacuation Pause) 667M->55M(1024M) 12.081ms
[2025-12-24T12:51:55.090+0000][gc,cpu      ] GC(72) User=0.07s Sys=0.00s Real=0.01s
[2025-12-24T12:52:54.935+0000][gc,start    ] GC(73) Pause Young (Normal) (G1 Evacuation Pause)
[2025-12-24T12:52:54.936+0000][gc,task     ] GC(73) Using 8 workers of 8 for evacuation
[2025-12-24T12:52:54.941+0000][gc,phases   ] GC(73)   Pre Evacuate Collection Set: 1.0ms
[2025-12-24T12:52:54.941+0000][gc,phases   ] GC(73)   Merge Heap Roots: 0.2ms
[2025-12-24T12:52:54.941+0000][gc,phases   ] GC(73)   Evacuate Collection Set: 2.9ms
[2025-12-24T12:52:54.941+0000][gc,phases   ] GC(73)   Post Evacuate Collection Set: 1.0ms
[2025-12-24T12:52:54.941+0000][gc,phases   ] GC(73)   Other: 0.2ms
[2025-12-24T12:52:54.941+0000][gc,heap     ] GC(73) Eden regions: 611->0(612)
[2025-12-24T12:52:54.942+0000][gc,heap     ] GC(73) Survivor regions: 3->2(77)
[2025-12-24T12:52:54.942+0000][gc,heap     ] GC(73) Old regions: 25->26
[2025-12-24T12:52:54.942+0000][gc,heap     ] GC(73) Humongous regions: 29->29
[2025-12-24T12:52:54.942+0000][gc,metaspace] GC(73) Metaspace: 12280K(12736K)->12280K(12736K) NonClass: 11181K(11392K)->11181K(11392K) Class: 1099K(1344K)->1099K(1344K)
[2025-12-24T12:52:54.942+0000][gc          ] GC(73) Pause Young (Normal) (G1 Evacuation Pause) 666M->55M(1024M) 7.114ms
[2025-12-24T12:52:54.942+0000][gc,cpu      ] GC(73) User=0.02s Sys=0.00s Real=0.01s
[2025-12-24T12:53:45.099+0000][gc,start    ] GC(74) Pause Young (Normal) (G1 Evacuation Pause)
[2025-12-24T12:53:45.101+0000][gc,task     ] GC(74) Using 8 workers of 8 for evacuation
[2025-12-24T12:53:45.106+0000][gc,phases   ] GC(74)   Pre Evacuate Collection Set: 0.9ms
[2025-12-24T12:53:45.106+0000][gc,phases   ] GC(74)   Merge Heap Roots: 0.2ms
[2025-12-24T12:53:45.106+0000][gc,phases   ] GC(74)   Evacuate Collection Set: 2.6ms
[2025-12-24T12:53:45.106+0000][gc,phases   ] GC(74)   Post Evacuate Collection Set: 1.1ms
[2025-12-24T12:53:45.106+0000][gc,phases   ] GC(74)   Other: 0.2ms
[2025-12-24T12:53:45.106+0000][gc,heap     ] GC(74) Eden regions: 612->0(612)
[2025-12-24T12:53:45.106+0000][gc,heap     ] GC(74) Survivor regions: 2->2(77)
[2025-12-24T12:53:45.106+0000][gc,heap     ] GC(74) Old regions: 26->26
[2025-12-24T12:53:45.106+0000][gc,heap     ] GC(74) Humongous regions: 29->29
[2025-12-24T12:53:45.106+0000][gc,metaspace] GC(74) Metaspace: 12281K(12736K)->12281K(12736K) NonClass: 11181K(11392K)->11181K(11392K) Class: 1099K(1344K)->1099K(1344K)
[2025-12-24T12:53:45.106+0000][gc          ] GC(74) Pause Young (Normal) (G1 Evacuation Pause) 667M->56M(1024M) 6.964ms
[2025-12-24T12:53:45.106+0000][gc,cpu      ] GC(74) User=0.02s Sys=0.00s Real=0.01s
[2025-12-24T12:54:44.924+0000][gc,start    ] GC(75) Pause Young (Normal) (G1 Evacuation Pause)
[2025-12-24T12:54:44.925+0000][gc,task     ] GC(75) Using 8 workers of 8 for evacuation
[2025-12-24T12:54:44.931+0000][gc,phases   ] GC(75)   Pre Evacuate Collection Set: 1.0ms
[2025-12-24T12:54:44.931+0000][gc,phases   ] GC(75)   Merge Heap Roots: 0.2ms
[2025-12-24T12:54:44.931+0000][gc,phases   ] GC(75)   Evacuate Collection Set: 2.4ms
[2025-12-24T12:54:44.931+0000][gc,phases   ] GC(75)   Post Evacuate Collection Set: 2.2ms
[2025-12-24T12:54:44.931+0000][gc,phases   ] GC(75)   Other: 0.2ms
[2025-12-24T12:54:44.931+0000][gc,heap     ] GC(75) Eden regions: 612->0(612)
[2025-12-24T12:54:44.932+0000][gc,heap     ] GC(75) Survivor regions: 2->2(77)
[2025-12-24T12:54:44.932+0000][gc,heap     ] GC(75) Old regions: 26->26
[2025-12-24T12:54:44.932+0000][gc,heap     ] GC(75) Humongous regions: 29->29
[2025-12-24T12:54:44.932+0000][gc,metaspace] GC(75) Metaspace: 12281K(12736K)->12281K(12736K) NonClass: 11181K(11392K)->11181K(11392K) Class: 1099K(1344K)->1099K(1344K)
[2025-12-24T12:54:44.932+0000][gc          ] GC(75) Pause Young (Normal) (G1 Evacuation Pause) 668M->55M(1024M) 8.073ms
[2025-12-24T12:54:44.932+0000][gc,cpu      ] GC(75) User=0.03s Sys=0.01s Real=0.01s
[2025-12-24T12:55:35.158+0000][gc,start    ] GC(76) Pause Young (Normal) (G1 Evacuation Pause)
[2025-12-24T12:55:35.158+0000][gc,task     ] GC(76) Using 8 workers of 8 for evacuation
[2025-12-24T12:55:35.170+0000][gc,phases   ] GC(76)   Pre Evacuate Collection Set: 2.1ms
[2025-12-24T12:55:35.170+0000][gc,phases   ] GC(76)   Merge Heap Roots: 0.4ms
[2025-12-24T12:55:35.170+0000][gc,phases   ] GC(76)   Evacuate Collection Set: 6.2ms
[2025-12-24T12:55:35.170+0000][gc,phases   ] GC(76)   Post Evacuate Collection Set: 1.4ms
[2025-12-24T12:55:35.170+0000][gc,phases   ] GC(76)   Other: 1.7ms
[2025-12-24T12:55:35.170+0000][gc,heap     ] GC(76) Eden regions: 612->0(612)
[2025-12-24T12:55:35.170+0000][gc,heap     ] GC(76) Survivor regions: 2->2(77)
[2025-12-24T12:55:35.170+0000][gc,heap     ] GC(76) Old regions: 26->26
[2025-12-24T12:55:35.171+0000][gc,heap     ] GC(76) Humongous regions: 29->29
[2025-12-24T12:55:35.171+0000][gc,metaspace] GC(76) Metaspace: 12281K(12736K)->12281K(12736K) NonClass: 11181K(11392K)->11181K(11392K) Class: 1099K(1344K)->1099K(1344K)
[2025-12-24T12:55:35.171+0000][gc          ] GC(76) Pause Young (Normal) (G1 Evacuation Pause) 667M->56M(1024M) 13.203ms
[2025-12-24T12:55:35.171+0000][gc,cpu      ] GC(76) User=0.07s Sys=0.00s Real=0.01s
[2025-12-24T12:56:35.002+0000][gc,start    ] GC(77) Pause Young (Normal) (G1 Evacuation Pause)
[2025-12-24T12:56:35.004+0000][gc,task     ] GC(77) Using 8 workers of 8 for evacuation
[2025-12-24T12:56:35.014+0000][gc,phases   ] GC(77)   Pre Evacuate Collection Set: 1.0ms
[2025-12-24T12:56:35.014+0000][gc,phases   ] GC(77)   Merge Heap Roots: 0.3ms
[2025-12-24T12:56:35.015+0000][gc,phases   ] GC(77)   Evacuate Collection Set: 4.8ms
[2025-12-24T12:56:35.015+0000][gc,phases   ] GC(77)   Post Evacuate Collection Set: 4.2ms
[2025-12-24T12:56:35.015+0000][gc,phases   ] GC(77)   Other: 0.4ms
[2025-12-24T12:56:35.015+0000][gc,heap     ] GC(77) Eden regions: 612->0(612)
[2025-12-24T12:56:35.015+0000][gc,heap     ] GC(77) Survivor regions: 2->2(77)
[2025-12-24T12:56:35.015+0000][gc,heap     ] GC(77) Old regions: 26->26
[2025-12-24T12:56:35.015+0000][gc,heap     ] GC(77) Humongous regions: 29->29
[2025-12-24T12:56:35.015+0000][gc,metaspace] GC(77) Metaspace: 12281K(12736K)->12281K(12736K) NonClass: 11182K(11392K)->11182K(11392K) Class: 1099K(1344K)->1099K(1344K)
[2025-12-24T12:56:35.015+0000][gc          ] GC(77) Pause Young (Normal) (G1 Evacuation Pause) 668M->55M(1024M) 12.796ms
[2025-12-24T12:56:35.015+0000][gc,cpu      ] GC(77) User=0.06s Sys=0.00s Real=0.01s
[2025-12-24T12:57:25.057+0000][gc,start    ] GC(78) Pause Young (Normal) (G1 Evacuation Pause)
[2025-12-24T12:57:25.058+0000][gc,task     ] GC(78) Using 8 workers of 8 for evacuation
[2025-12-24T12:57:25.068+0000][gc,phases   ] GC(78)   Pre Evacuate Collection Set: 1.6ms
[2025-12-24T12:57:25.068+0000][gc,phases   ] GC(78)   Merge Heap Roots: 4.0ms
[2025-12-24T12:57:25.068+0000][gc,phases   ] GC(78)   Evacuate Collection Set: 2.8ms
[2025-12-24T12:57:25.068+0000][gc,phases   ] GC(78)   Post Evacuate Collection Set: 1.0ms
[2025-12-24T12:57:25.069+0000][gc,phases   ] GC(78)   Other: 0.3ms
[2025-12-24T12:57:25.069+0000][gc,heap     ] GC(78) Eden regions: 612->0(612)
[2025-12-24T12:57:25.069+0000][gc,heap     ] GC(78) Survivor regions: 2->2(77)
[2025-12-24T12:57:25.069+0000][gc,heap     ] GC(78) Old regions: 26->26
[2025-12-24T12:57:25.069+0000][gc,heap     ] GC(78) Humongous regions: 29->29
[2025-12-24T12:57:25.069+0000][gc,metaspace] GC(78) Metaspace: 12282K(12736K)->12282K(12736K) NonClass: 11182K(11392K)->11182K(11392K) Class: 1099K(1344K)->1099K(1344K)
[2025-12-24T12:57:25.069+0000][gc          ] GC(78) Pause Young (Normal) (G1 Evacuation Pause) 667M->56M(1024M) 11.746ms
[2025-12-24T12:57:25.069+0000][gc,cpu      ] GC(78) User=0.05s Sys=0.01s Real=0.02s
[2025-12-24T12:58:24.910+0000][gc,start    ] GC(79) Pause Young (Normal) (G1 Evacuation Pause)
[2025-12-24T12:58:24.912+0000][gc,task     ] GC(79) Using 8 workers of 8 for evacuation
[2025-12-24T12:58:24.916+0000][gc,phases   ] GC(79)   Pre Evacuate Collection Set: 0.9ms
[2025-12-24T12:58:24.916+0000][gc,phases   ] GC(79)   Merge Heap Roots: 0.2ms
[2025-12-24T12:58:24.916+0000][gc,phases   ] GC(79)   Evacuate Collection Set: 2.3ms
[2025-12-24T12:58:24.917+0000][gc,phases   ] GC(79)   Post Evacuate Collection Set: 1.1ms
[2025-12-24T12:58:24.917+0000][gc,phases   ] GC(79)   Other: 0.3ms
[2025-12-24T12:58:24.917+0000][gc,heap     ] GC(79) Eden regions: 612->0(612)
[2025-12-24T12:58:24.917+0000][gc,heap     ] GC(79) Survivor regions: 2->2(77)
[2025-12-24T12:58:24.917+0000][gc,heap     ] GC(79) Old regions: 26->26
[2025-12-24T12:58:24.917+0000][gc,heap     ] GC(79) Humongous regions: 29->29
[2025-12-24T12:58:24.917+0000][gc,metaspace] GC(79) Metaspace: 12282K(12736K)->12282K(12736K) NonClass: 11183K(11392K)->11183K(11392K) Class: 1099K(1344K)->1099K(1344K)
[2025-12-24T12:58:24.917+0000][gc          ] GC(79) Pause Young (Normal) (G1 Evacuation Pause) 668M->55M(1024M) 6.613ms
[2025-12-24T12:58:24.917+0000][gc,cpu      ] GC(79) User=0.03s Sys=0.00s Real=0.00s
[2025-12-24T12:59:15.058+0000][gc,start    ] GC(80) Pause Young (Normal) (G1 Evacuation Pause)
[2025-12-24T12:59:15.059+0000][gc,task     ] GC(80) Using 8 workers of 8 for evacuation
[2025-12-24T12:59:15.067+0000][gc,phases   ] GC(80)   Pre Evacuate Collection Set: 0.9ms
[2025-12-24T12:59:15.068+0000][gc,phases   ] GC(80)   Merge Heap Roots: 0.2ms
[2025-12-24T12:59:15.068+0000][gc,phases   ] GC(80)   Evacuate Collection Set: 5.4ms
[2025-12-24T12:59:15.068+0000][gc,phases   ] GC(80)   Post Evacuate Collection Set: 1.2ms
[2025-12-24T12:59:15.068+0000][gc,phases   ] GC(80)   Other: 0.3ms
[2025-12-24T12:59:15.068+0000][gc,heap     ] GC(80) Eden regions: 612->0(612)
[2025-12-24T12:59:15.068+0000][gc,heap     ] GC(80) Survivor regions: 2->2(77)
[2025-12-24T12:59:15.068+0000][gc,heap     ] GC(80) Old regions: 26->26
[2025-12-24T12:59:15.068+0000][gc,heap     ] GC(80) Humongous regions: 29->29
[2025-12-24T12:59:15.068+0000][gc,metaspace] GC(80) Metaspace: 12287K(12736K)->12287K(12736K) NonClass: 11188K(11392K)->11188K(11392K) Class: 1099K(1344K)->1099K(1344K)
[2025-12-24T12:59:15.068+0000][gc          ] GC(80) Pause Young (Normal) (G1 Evacuation Pause) 667M->56M(1024M) 9.964ms
[2025-12-24T12:59:15.068+0000][gc,cpu      ] GC(80) User=0.05s Sys=0.00s Real=0.01s
[2025-12-24T13:00:14.905+0000][gc,start    ] GC(81) Pause Young (Normal) (G1 Evacuation Pause)
[2025-12-24T13:00:14.906+0000][gc,task     ] GC(81) Using 8 workers of 8 for evacuation
[2025-12-24T13:00:14.915+0000][gc,phases   ] GC(81)   Pre Evacuate Collection Set: 1.3ms
[2025-12-24T13:00:14.916+0000][gc,phases   ] GC(81)   Merge Heap Roots: 0.4ms
[2025-12-24T13:00:14.916+0000][gc,phases   ] GC(81)   Evacuate Collection Set: 3.7ms
[2025-12-24T13:00:14.916+0000][gc,phases   ] GC(81)   Post Evacuate Collection Set: 3.8ms
[2025-12-24T13:00:14.916+0000][gc,phases   ] GC(81)   Other: 0.3ms
[2025-12-24T13:00:14.916+0000][gc,heap     ] GC(81) Eden regions: 612->0(612)
[2025-12-24T13:00:14.916+0000][gc,heap     ] GC(81) Survivor regions: 2->2(77)
[2025-12-24T13:00:14.916+0000][gc,heap     ] GC(81) Old regions: 26->26
[2025-12-24T13:00:14.916+0000][gc,heap     ] GC(81) Humongous regions: 29->29
[2025-12-24T13:00:14.916+0000][gc,metaspace] GC(81) Metaspace: 12287K(12736K)->12287K(12736K) NonClass: 11188K(11392K)->11188K(11392K) Class: 1099K(1344K)->1099K(1344K)
[2025-12-24T13:00:14.916+0000][gc          ] GC(81) Pause Young (Normal) (G1 Evacuation Pause) 668M->55M(1024M) 11.056ms
[2025-12-24T13:00:14.916+0000][gc,cpu      ] GC(81) User=0.05s Sys=0.00s Real=0.01s
[2025-12-24T13:01:05.069+0000][gc,start    ] GC(82) Pause Young (Normal) (G1 Evacuation Pause)
[2025-12-24T13:01:05.070+0000][gc,task     ] GC(82) Using 8 workers of 8 for evacuation
[2025-12-24T13:01:05.075+0000][gc,phases   ] GC(82)   Pre Evacuate Collection Set: 1.1ms
[2025-12-24T13:01:05.075+0000][gc,phases   ] GC(82)   Merge Heap Roots: 0.2ms
[2025-12-24T13:01:05.076+0000][gc,phases   ] GC(82)   Evacuate Collection Set: 2.6ms
[2025-12-24T13:01:05.076+0000][gc,phases   ] GC(82)   Post Evacuate Collection Set: 1.1ms
[2025-12-24T13:01:05.076+0000][gc,phases   ] GC(82)   Other: 0.2ms
[2025-12-24T13:01:05.076+0000][gc,heap     ] GC(82) Eden regions: 612->0(612)
[2025-12-24T13:01:05.076+0000][gc,heap     ] GC(82) Survivor regions: 2->2(77)
[2025-12-24T13:01:05.076+0000][gc,heap     ] GC(82) Old regions: 26->26
[2025-12-24T13:01:05.076+0000][gc,heap     ] GC(82) Humongous regions: 29->29
[2025-12-24T13:01:05.076+0000][gc,metaspace] GC(82) Metaspace: 12288K(12736K)->12288K(12736K) NonClass: 11189K(11392K)->11189K(11392K) Class: 1099K(1344K)->1099K(1344K)
[2025-12-24T13:01:05.076+0000][gc          ] GC(82) Pause Young (Normal) (G1 Evacuation Pause) 667M->56M(1024M) 7.187ms
[2025-12-24T13:01:05.076+0000][gc,cpu      ] GC(82) User=0.03s Sys=0.00s Real=0.00s
[2025-12-24T13:02:04.890+0000][gc,start    ] GC(83) Pause Young (Normal) (G1 Evacuation Pause)
[2025-12-24T13:02:04.890+0000][gc,task     ] GC(83) Using 8 workers of 8 for evacuation
[2025-12-24T13:02:04.897+0000][gc,phases   ] GC(83)   Pre Evacuate Collection Set: 1.1ms
[2025-12-24T13:02:04.897+0000][gc,phases   ] GC(83)   Merge Heap Roots: 0.2ms
[2025-12-24T13:02:04.897+0000][gc,phases   ] GC(83)   Evacuate Collection Set: 3.5ms
[2025-12-24T13:02:04.897+0000][gc,phases   ] GC(83)   Post Evacuate Collection Set: 2.0ms
[2025-12-24T13:02:04.898+0000][gc,phases   ] GC(83)   Other: 0.3ms
[2025-12-24T13:02:04.898+0000][gc,heap     ] GC(83) Eden regions: 612->0(612)
[2025-12-24T13:02:04.898+0000][gc,heap     ] GC(83) Survivor regions: 2->2(77)
[2025-12-24T13:02:04.898+0000][gc,heap     ] GC(83) Old regions: 26->26
[2025-12-24T13:02:04.898+0000][gc,heap     ] GC(83) Humongous regions: 29->29
[2025-12-24T13:02:04.898+0000][gc,metaspace] GC(83) Metaspace: 12288K(12736K)->12288K(12736K) NonClass: 11189K(11392K)->11189K(11392K) Class: 1099K(1344K)->1099K(1344K)
[2025-12-24T13:02:04.898+0000][gc          ] GC(83) Pause Young (Normal) (G1 Evacuation Pause) 668M->55M(1024M) 8.314ms
[2025-12-24T13:02:04.898+0000][gc,cpu      ] GC(83) User=0.04s Sys=0.00s Real=0.01s
[2025-12-24T13:02:55.063+0000][gc,start    ] GC(84) Pause Young (Normal) (G1 Evacuation Pause)
[2025-12-24T13:02:55.064+0000][gc,task     ] GC(84) Using 8 workers of 8 for evacuation
[2025-12-24T13:02:55.068+0000][gc,phases   ] GC(84)   Pre Evacuate Collection Set: 0.9ms
[2025-12-24T13:02:55.068+0000][gc,phases   ] GC(84)   Merge Heap Roots: 0.2ms
[2025-12-24T13:02:55.068+0000][gc,phases   ] GC(84)   Evacuate Collection Set: 2.4ms
[2025-12-24T13:02:55.068+0000][gc,phases   ] GC(84)   Post Evacuate Collection Set: 0.8ms
[2025-12-24T13:02:55.068+0000][gc,phases   ] GC(84)   Other: 0.3ms
[2025-12-24T13:02:55.069+0000][gc,heap     ] GC(84) Eden regions: 612->0(612)
[2025-12-24T13:02:55.069+0000][gc,heap     ] GC(84) Survivor regions: 2->2(77)
[2025-12-24T13:02:55.069+0000][gc,heap     ] GC(84) Old regions: 26->26
[2025-12-24T13:02:55.069+0000][gc,heap     ] GC(84) Humongous regions: 29->29
[2025-12-24T13:02:55.069+0000][gc,metaspace] GC(84) Metaspace: 12288K(12736K)->12288K(12736K) NonClass: 11189K(11392K)->11189K(11392K) Class: 1099K(1344K)->1099K(1344K)
[2025-12-24T13:02:55.069+0000][gc          ] GC(84) Pause Young (Normal) (G1 Evacuation Pause) 667M->56M(1024M) 5.841ms
[2025-12-24T13:02:55.069+0000][gc,cpu      ] GC(84) User=0.03s Sys=0.00s Real=0.01s
[2025-12-24T13:03:54.891+0000][gc,start    ] GC(85) Pause Young (Normal) (G1 Evacuation Pause)
[2025-12-24T13:03:54.892+0000][gc,task     ] GC(85) Using 8 workers of 8 for evacuation
[2025-12-24T13:03:54.897+0000][gc,phases   ] GC(85)   Pre Evacuate Collection Set: 1.1ms
[2025-12-24T13:03:54.897+0000][gc,phases   ] GC(85)   Merge Heap Roots: 0.2ms
[2025-12-24T13:03:54.897+0000][gc,phases   ] GC(85)   Evacuate Collection Set: 2.3ms
[2025-12-24T13:03:54.897+0000][gc,phases   ] GC(85)   Post Evacuate Collection Set: 1.0ms
[2025-12-24T13:03:54.897+0000][gc,phases   ] GC(85)   Other: 0.3ms
[2025-12-24T13:03:54.897+0000][gc,heap     ] GC(85) Eden regions: 612->0(612)
[2025-12-24T13:03:54.897+0000][gc,heap     ] GC(85) Survivor regions: 2->2(77)
[2025-12-24T13:03:54.897+0000][gc,heap     ] GC(85) Old regions: 26->26
[2025-12-24T13:03:54.897+0000][gc,heap     ] GC(85) Humongous regions: 29->29
[2025-12-24T13:03:54.897+0000][gc,metaspace] GC(85) Metaspace: 12289K(12736K)->12289K(12736K) NonClass: 11190K(11392K)->11190K(11392K) Class: 1099K(1344K)->1099K(1344K)
[2025-12-24T13:03:54.897+0000][gc          ] GC(85) Pause Young (Normal) (G1 Evacuation Pause) 668M->55M(1024M) 5.800ms
[2025-12-24T13:03:54.897+0000][gc,cpu      ] GC(85) User=0.03s Sys=0.00s Real=0.01s
[2025-12-24T13:04:45.050+0000][gc,start    ] GC(86) Pause Young (Normal) (G1 Evacuation Pause)
[2025-12-24T13:04:45.050+0000][gc,task     ] GC(86) Using 8 workers of 8 for evacuation
[2025-12-24T13:04:45.058+0000][gc,phases   ] GC(86)   Pre Evacuate Collection Set: 0.9ms
[2025-12-24T13:04:45.058+0000][gc,phases   ] GC(86)   Merge Heap Roots: 0.2ms
[2025-12-24T13:04:45.058+0000][gc,phases   ] GC(86)   Evacuate Collection Set: 5.5ms
[2025-12-24T13:04:45.058+0000][gc,phases   ] GC(86)   Post Evacuate Collection Set: 1.0ms
[2025-12-24T13:04:45.058+0000][gc,phases   ] GC(86)   Other: 0.3ms
[2025-12-24T13:04:45.058+0000][gc,heap     ] GC(86) Eden regions: 612->0(612)
[2025-12-24T13:04:45.059+0000][gc,heap     ] GC(86) Survivor regions: 2->2(77)
[2025-12-24T13:04:45.059+0000][gc,heap     ] GC(86) Old regions: 26->26
[2025-12-24T13:04:45.059+0000][gc,heap     ] GC(86) Humongous regions: 29->29
[2025-12-24T13:04:45.059+0000][gc,metaspace] GC(86) Metaspace: 12292K(12736K)->12292K(12736K) NonClass: 11193K(11392K)->11193K(11392K) Class: 1099K(1344K)->1099K(1344K)
[2025-12-24T13:04:45.059+0000][gc          ] GC(86) Pause Young (Normal) (G1 Evacuation Pause) 667M->56M(1024M) 9.176ms
[2025-12-24T13:04:45.059+0000][gc,cpu      ] GC(86) User=0.05s Sys=0.01s Real=0.01s
[2025-12-24T13:05:44.885+0000][gc,start    ] GC(87) Pause Young (Normal) (G1 Evacuation Pause)
[2025-12-24T13:05:44.889+0000][gc,task     ] GC(87) Using 8 workers of 8 for evacuation
[2025-12-24T13:05:44.894+0000][gc,phases   ] GC(87)   Pre Evacuate Collection Set: 1.1ms
[2025-12-24T13:05:44.895+0000][gc,phases   ] GC(87)   Merge Heap Roots: 0.2ms
[2025-12-24T13:05:44.895+0000][gc,phases   ] GC(87)   Evacuate Collection Set: 2.4ms
[2025-12-24T13:05:44.895+0000][gc,phases   ] GC(87)   Post Evacuate Collection Set: 1.1ms
[2025-12-24T13:05:44.895+0000][gc,phases   ] GC(87)   Other: 0.6ms
[2025-12-24T13:05:44.895+0000][gc,heap     ] GC(87) Eden regions: 612->0(612)
[2025-12-24T13:05:44.895+0000][gc,heap     ] GC(87) Survivor regions: 2->2(77)
[2025-12-24T13:05:44.895+0000][gc,heap     ] GC(87) Old regions: 26->26
[2025-12-24T13:05:44.895+0000][gc,heap     ] GC(87) Humongous regions: 29->29
[2025-12-24T13:05:44.895+0000][gc,metaspace] GC(87) Metaspace: 12292K(12736K)->12292K(12736K) NonClass: 11193K(11392K)->11193K(11392K) Class: 1099K(1344K)->1099K(1344K)
[2025-12-24T13:05:44.895+0000][gc          ] GC(87) Pause Young (Normal) (G1 Evacuation Pause) 668M->55M(1024M) 10.151ms
[2025-12-24T13:05:44.895+0000][gc,cpu      ] GC(87) User=0.02s Sys=0.00s Real=0.01s
[2025-12-24T13:06:35.182+0000][gc,start    ] GC(88) Pause Young (Normal) (G1 Evacuation Pause)
[2025-12-24T13:06:35.183+0000][gc,task     ] GC(88) Using 8 workers of 8 for evacuation
[2025-12-24T13:06:35.194+0000][gc,phases   ] GC(88)   Pre Evacuate Collection Set: 2.9ms
[2025-12-24T13:06:35.194+0000][gc,phases   ] GC(88)   Merge Heap Roots: 0.5ms
[2025-12-24T13:06:35.194+0000][gc,phases   ] GC(88)   Evacuate Collection Set: 4.7ms
[2025-12-24T13:06:35.194+0000][gc,phases   ] GC(88)   Post Evacuate Collection Set: 1.4ms
[2025-12-24T13:06:35.194+0000][gc,phases   ] GC(88)   Other: 0.7ms
[2025-12-24T13:06:35.194+0000][gc,heap     ] GC(88) Eden regions: 612->0(612)
[2025-12-24T13:06:35.194+0000][gc,heap     ] GC(88) Survivor regions: 2->2(77)
[2025-12-24T13:06:35.194+0000][gc,heap     ] GC(88) Old regions: 26->26
[2025-12-24T13:06:35.194+0000][gc,heap     ] GC(88) Humongous regions: 29->29
[2025-12-24T13:06:35.194+0000][gc,metaspace] GC(88) Metaspace: 12293K(12736K)->12293K(12736K) NonClass: 11194K(11392K)->11194K(11392K) Class: 1099K(1344K)->1099K(1344K)
[2025-12-24T13:06:35.194+0000][gc          ] GC(88) Pause Young (Normal) (G1 Evacuation Pause) 667M->56M(1024M) 12.160ms
[2025-12-24T13:06:35.194+0000][gc,cpu      ] GC(88) User=0.05s Sys=0.00s Real=0.01s
[2025-12-24T13:07:34.944+0000][gc,start    ] GC(89) Pause Young (Normal) (G1 Evacuation Pause)
[2025-12-24T13:07:34.945+0000][gc,task     ] GC(89) Using 8 workers of 8 for evacuation
[2025-12-24T13:07:34.950+0000][gc,phases   ] GC(89)   Pre Evacuate Collection Set: 1.1ms
[2025-12-24T13:07:34.950+0000][gc,phases   ] GC(89)   Merge Heap Roots: 0.2ms
[2025-12-24T13:07:34.950+0000][gc,phases   ] GC(89)   Evacuate Collection Set: 2.2ms
[2025-12-24T13:07:34.950+0000][gc,phases   ] GC(89)   Post Evacuate Collection Set: 0.9ms
[2025-12-24T13:07:34.950+0000][gc,phases   ] GC(89)   Other: 0.3ms
[2025-12-24T13:07:34.950+0000][gc,heap     ] GC(89) Eden regions: 612->0(612)
[2025-12-24T13:07:34.950+0000][gc,heap     ] GC(89) Survivor regions: 2->2(77)
[2025-12-24T13:07:34.950+0000][gc,heap     ] GC(89) Old regions: 26->26
[2025-12-24T13:07:34.950+0000][gc,heap     ] GC(89) Humongous regions: 29->29
[2025-12-24T13:07:34.950+0000][gc,metaspace] GC(89) Metaspace: 12293K(12736K)->12293K(12736K) NonClass: 11194K(11392K)->11194K(11392K) Class: 1099K(1344K)->1099K(1344K)
[2025-12-24T13:07:34.950+0000][gc          ] GC(89) Pause Young (Normal) (G1 Evacuation Pause) 668M->55M(1024M) 6.013ms
[2025-12-24T13:07:34.950+0000][gc,cpu      ] GC(89) User=0.02s Sys=0.00s Real=0.01s
[2025-12-24T13:08:25.091+0000][gc,start    ] GC(90) Pause Young (Normal) (G1 Evacuation Pause)
[2025-12-24T13:08:25.092+0000][gc,task     ] GC(90) Using 8 workers of 8 for evacuation
[2025-12-24T13:08:25.097+0000][gc,phases   ] GC(90)   Pre Evacuate Collection Set: 1.1ms
[2025-12-24T13:08:25.098+0000][gc,phases   ] GC(90)   Merge Heap Roots: 0.3ms
[2025-12-24T13:08:25.098+0000][gc,phases   ] GC(90)   Evacuate Collection Set: 2.9ms
[2025-12-24T13:08:25.098+0000][gc,phases   ] GC(90)   Post Evacuate Collection Set: 1.2ms
[2025-12-24T13:08:25.098+0000][gc,phases   ] GC(90)   Other: 0.4ms
[2025-12-24T13:08:25.098+0000][gc,heap     ] GC(90) Eden regions: 612->0(612)
[2025-12-24T13:08:25.098+0000][gc,heap     ] GC(90) Survivor regions: 2->2(77)
[2025-12-24T13:08:25.098+0000][gc,heap     ] GC(90) Old regions: 26->26
[2025-12-24T13:08:25.098+0000][gc,heap     ] GC(90) Humongous regions: 29->29
[2025-12-24T13:08:25.098+0000][gc,metaspace] GC(90) Metaspace: 12293K(12736K)->12293K(12736K) NonClass: 11194K(11392K)->11194K(11392K) Class: 1099K(1344K)->1099K(1344K)
[2025-12-24T13:08:25.098+0000][gc          ] GC(90) Pause Young (Normal) (G1 Evacuation Pause) 667M->56M(1024M) 7.209ms
[2025-12-24T13:08:25.098+0000][gc,cpu      ] GC(90) User=0.03s Sys=0.00s Real=0.01s
[2025-12-24T13:09:24.881+0000][gc,start    ] GC(91) Pause Young (Normal) (G1 Evacuation Pause)
[2025-12-24T13:09:24.882+0000][gc,task     ] GC(91) Using 8 workers of 8 for evacuation
[2025-12-24T13:09:24.886+0000][gc,phases   ] GC(91)   Pre Evacuate Collection Set: 1.0ms
[2025-12-24T13:09:24.886+0000][gc,phases   ] GC(91)   Merge Heap Roots: 0.2ms
[2025-12-24T13:09:24.886+0000][gc,phases   ] GC(91)   Evacuate Collection Set: 2.0ms
[2025-12-24T13:09:24.886+0000][gc,phases   ] GC(91)   Post Evacuate Collection Set: 1.0ms
[2025-12-24T13:09:24.886+0000][gc,phases   ] GC(91)   Other: 0.3ms
[2025-12-24T13:09:24.887+0000][gc,heap     ] GC(91) Eden regions: 612->0(612)
[2025-12-24T13:09:24.887+0000][gc,heap     ] GC(91) Survivor regions: 2->2(77)
[2025-12-24T13:09:24.887+0000][gc,heap     ] GC(91) Old regions: 26->26
[2025-12-24T13:09:24.887+0000][gc,heap     ] GC(91) Humongous regions: 29->29
[2025-12-24T13:09:24.887+0000][gc,metaspace] GC(91) Metaspace: 12295K(12736K)->12295K(12736K) NonClass: 11196K(11392K)->11196K(11392K) Class: 1099K(1344K)->1099K(1344K)
[2025-12-24T13:09:24.887+0000][gc          ] GC(91) Pause Young (Normal) (G1 Evacuation Pause) 668M->55M(1024M) 5.616ms
[2025-12-24T13:09:24.887+0000][gc,cpu      ] GC(91) User=0.02s Sys=0.00s Real=0.01s
[2025-12-24T13:10:15.060+0000][gc,start    ] GC(92) Pause Young (Normal) (G1 Evacuation Pause)
[2025-12-24T13:10:15.060+0000][gc,task     ] GC(92) Using 8 workers of 8 for evacuation
[2025-12-24T13:10:15.068+0000][gc,phases   ] GC(92)   Pre Evacuate Collection Set: 1.3ms
[2025-12-24T13:10:15.068+0000][gc,phases   ] GC(92)   Merge Heap Roots: 0.3ms
[2025-12-24T13:10:15.068+0000][gc,phases   ] GC(92)   Evacuate Collection Set: 3.4ms
[2025-12-24T13:10:15.068+0000][gc,phases   ] GC(92)   Post Evacuate Collection Set: 2.3ms
[2025-12-24T13:10:15.068+0000][gc,phases   ] GC(92)   Other: 0.5ms
[2025-12-24T13:10:15.068+0000][gc,heap     ] GC(92) Eden regions: 612->0(612)
[2025-12-24T13:10:15.068+0000][gc,heap     ] GC(92) Survivor regions: 2->2(77)
[2025-12-24T13:10:15.068+0000][gc,heap     ] GC(92) Old regions: 26->26
[2025-12-24T13:10:15.069+0000][gc,heap     ] GC(92) Humongous regions: 29->29
[2025-12-24T13:10:15.069+0000][gc,metaspace] GC(92) Metaspace: 12295K(12736K)->12295K(12736K) NonClass: 11196K(11392K)->11196K(11392K) Class: 1099K(1344K)->1099K(1344K)
[2025-12-24T13:10:15.069+0000][gc          ] GC(92) Pause Young (Normal) (G1 Evacuation Pause) 667M->56M(1024M) 9.205ms
[2025-12-24T13:10:15.069+0000][gc,cpu      ] GC(92) User=0.04s Sys=0.01s Real=0.01s
[2025-12-24T13:11:14.723+0000][gc,start    ] GC(93) Pause Young (Normal) (G1 Evacuation Pause)
[2025-12-24T13:11:14.723+0000][gc,task     ] GC(93) Using 8 workers of 8 for evacuation
[2025-12-24T13:11:14.734+0000][gc,phases   ] GC(93)   Pre Evacuate Collection Set: 0.9ms
[2025-12-24T13:11:14.734+0000][gc,phases   ] GC(93)   Merge Heap Roots: 0.2ms
[2025-12-24T13:11:14.734+0000][gc,phases   ] GC(93)   Evacuate Collection Set: 5.8ms
[2025-12-24T13:11:14.734+0000][gc,phases   ] GC(93)   Post Evacuate Collection Set: 3.2ms
[2025-12-24T13:11:14.734+0000][gc,phases   ] GC(93)   Other: 0.3ms
[2025-12-24T13:11:14.734+0000][gc,heap     ] GC(93) Eden regions: 612->0(612)
[2025-12-24T13:11:14.734+0000][gc,heap     ] GC(93) Survivor regions: 2->2(77)
[2025-12-24T13:11:14.734+0000][gc,heap     ] GC(93) Old regions: 26->26
[2025-12-24T13:11:14.734+0000][gc,heap     ] GC(93) Humongous regions: 29->29
[2025-12-24T13:11:14.734+0000][gc,metaspace] GC(93) Metaspace: 12295K(12736K)->12295K(12736K) NonClass: 11196K(11392K)->11196K(11392K) Class: 1099K(1344K)->1099K(1344K)
[2025-12-24T13:11:14.734+0000][gc          ] GC(93) Pause Young (Normal) (G1 Evacuation Pause) 668M->55M(1024M) 11.553ms
[2025-12-24T13:11:14.734+0000][gc,cpu      ] GC(93) User=0.06s Sys=0.00s Real=0.01s
[2025-12-24T13:12:04.869+0000][gc,start    ] GC(94) Pause Young (Normal) (G1 Evacuation Pause)
[2025-12-24T13:12:04.870+0000][gc,task     ] GC(94) Using 8 workers of 8 for evacuation
[2025-12-24T13:12:04.881+0000][gc,phases   ] GC(94)   Pre Evacuate Collection Set: 2.4ms
[2025-12-24T13:12:04.881+0000][gc,phases   ] GC(94)   Merge Heap Roots: 0.6ms
[2025-12-24T13:12:04.881+0000][gc,phases   ] GC(94)   Evacuate Collection Set: 6.7ms
[2025-12-24T13:12:04.881+0000][gc,phases   ] GC(94)   Post Evacuate Collection Set: 1.3ms
[2025-12-24T13:12:04.881+0000][gc,phases   ] GC(94)   Other: 0.3ms
[2025-12-24T13:12:04.882+0000][gc,heap     ] GC(94) Eden regions: 612->0(612)
[2025-12-24T13:12:04.882+0000][gc,heap     ] GC(94) Survivor regions: 2->2(77)
[2025-12-24T13:12:04.882+0000][gc,heap     ] GC(94) Old regions: 26->26
[2025-12-24T13:12:04.882+0000][gc,heap     ] GC(94) Humongous regions: 29->29
[2025-12-24T13:12:04.882+0000][gc,metaspace] GC(94) Metaspace: 12295K(12736K)->12295K(12736K) NonClass: 11196K(11392K)->11196K(11392K) Class: 1099K(1344K)->1099K(1344K)
[2025-12-24T13:12:04.882+0000][gc          ] GC(94) Pause Young (Normal) (G1 Evacuation Pause) 667M->56M(1024M) 12.606ms
[2025-12-24T13:12:04.882+0000][gc,cpu      ] GC(94) User=0.07s Sys=0.00s Real=0.01s
[2025-12-24T13:13:04.749+0000][gc,start    ] GC(95) Pause Young (Normal) (G1 Evacuation Pause)
[2025-12-24T13:13:04.750+0000][gc,task     ] GC(95) Using 8 workers of 8 for evacuation
[2025-12-24T13:13:04.760+0000][gc,phases   ] GC(95)   Pre Evacuate Collection Set: 2.5ms
[2025-12-24T13:13:04.760+0000][gc,phases   ] GC(95)   Merge Heap Roots: 0.3ms
[2025-12-24T13:13:04.760+0000][gc,phases   ] GC(95)   Evacuate Collection Set: 4.2ms
[2025-12-24T13:13:04.761+0000][gc,phases   ] GC(95)   Post Evacuate Collection Set: 2.1ms
[2025-12-24T13:13:04.761+0000][gc,phases   ] GC(95)   Other: 1.0ms
[2025-12-24T13:13:04.761+0000][gc,heap     ] GC(95) Eden regions: 612->0(612)
[2025-12-24T13:13:04.761+0000][gc,heap     ] GC(95) Survivor regions: 2->2(77)
[2025-12-24T13:13:04.761+0000][gc,heap     ] GC(95) Old regions: 26->26
[2025-12-24T13:13:04.761+0000][gc,heap     ] GC(95) Humongous regions: 29->29
[2025-12-24T13:13:04.761+0000][gc,metaspace] GC(95) Metaspace: 12365K(12800K)->12365K(12800K) NonClass: 11266K(11456K)->11266K(11456K) Class: 1099K(1344K)->1099K(1344K)
[2025-12-24T13:13:04.762+0000][gc          ] GC(95) Pause Young (Normal) (G1 Evacuation Pause) 668M->55M(1024M) 12.679ms
[2025-12-24T13:13:04.762+0000][gc,cpu      ] GC(95) User=0.03s Sys=0.00s Real=0.01s
[2025-12-24T13:13:54.935+0000][gc,start    ] GC(96) Pause Young (Normal) (G1 Evacuation Pause)
[2025-12-24T13:13:54.935+0000][gc,task     ] GC(96) Using 8 workers of 8 for evacuation
[2025-12-24T13:13:54.946+0000][gc,phases   ] GC(96)   Pre Evacuate Collection Set: 1.5ms
[2025-12-24T13:13:54.946+0000][gc,phases   ] GC(96)   Merge Heap Roots: 0.3ms
[2025-12-24T13:13:54.946+0000][gc,phases   ] GC(96)   Evacuate Collection Set: 6.6ms
[2025-12-24T13:13:54.946+0000][gc,phases   ] GC(96)   Post Evacuate Collection Set: 1.9ms
[2025-12-24T13:13:54.946+0000][gc,phases   ] GC(96)   Other: 0.3ms
[2025-12-24T13:13:54.946+0000][gc,heap     ] GC(96) Eden regions: 612->0(612)
[2025-12-24T13:13:54.946+0000][gc,heap     ] GC(96) Survivor regions: 2->2(77)
[2025-12-24T13:13:54.946+0000][gc,heap     ] GC(96) Old regions: 26->26
[2025-12-24T13:13:54.946+0000][gc,heap     ] GC(96) Humongous regions: 29->29
[2025-12-24T13:13:54.946+0000][gc,metaspace] GC(96) Metaspace: 12410K(12864K)->12410K(12864K) NonClass: 11310K(11520K)->11310K(11520K) Class: 1099K(1344K)->1099K(1344K)
[2025-12-24T13:13:54.946+0000][gc          ] GC(96) Pause Young (Normal) (G1 Evacuation Pause) 667M->56M(1024M) 11.826ms
[2025-12-24T13:13:54.946+0000][gc,cpu      ] GC(96) User=0.06s Sys=0.00s Real=0.01s
[2025-12-24T13:14:54.712+0000][gc,start    ] GC(97) Pause Young (Normal) (G1 Evacuation Pause)
[2025-12-24T13:14:54.713+0000][gc,task     ] GC(97) Using 8 workers of 8 for evacuation
[2025-12-24T13:14:54.724+0000][gc,phases   ] GC(97)   Pre Evacuate Collection Set: 1.0ms
[2025-12-24T13:14:54.724+0000][gc,phases   ] GC(97)   Merge Heap Roots: 0.3ms
[2025-12-24T13:14:54.724+0000][gc,phases   ] GC(97)   Evacuate Collection Set: 6.2ms
[2025-12-24T13:14:54.725+0000][gc,phases   ] GC(97)   Post Evacuate Collection Set: 3.1ms
[2025-12-24T13:14:54.725+0000][gc,phases   ] GC(97)   Other: 0.7ms
[2025-12-24T13:14:54.725+0000][gc,heap     ] GC(97) Eden regions: 612->0(612)
[2025-12-24T13:14:54.725+0000][gc,heap     ] GC(97) Survivor regions: 2->2(77)
[2025-12-24T13:14:54.725+0000][gc,heap     ] GC(97) Old regions: 26->26
[2025-12-24T13:14:54.725+0000][gc,heap     ] GC(97) Humongous regions: 29->29
[2025-12-24T13:14:54.725+0000][gc,metaspace] GC(97) Metaspace: 12410K(12864K)->12410K(12864K) NonClass: 11310K(11520K)->11310K(11520K) Class: 1099K(1344K)->1099K(1344K)
[2025-12-24T13:14:54.725+0000][gc          ] GC(97) Pause Young (Normal) (G1 Evacuation Pause) 668M->56M(1024M) 13.412ms
[2025-12-24T13:14:54.725+0000][gc,cpu      ] GC(97) User=0.06s Sys=0.00s Real=0.02s
[2025-12-24T13:15:44.896+0000][gc,start    ] GC(98) Pause Young (Normal) (G1 Evacuation Pause)
[2025-12-24T13:15:44.896+0000][gc,task     ] GC(98) Using 8 workers of 8 for evacuation
[2025-12-24T13:15:44.903+0000][gc,phases   ] GC(98)   Pre Evacuate Collection Set: 1.0ms
[2025-12-24T13:15:44.903+0000][gc,phases   ] GC(98)   Merge Heap Roots: 0.2ms
[2025-12-24T13:15:44.904+0000][gc,phases   ] GC(98)   Evacuate Collection Set: 4.0ms
[2025-12-24T13:15:44.904+0000][gc,phases   ] GC(98)   Post Evacuate Collection Set: 1.4ms
[2025-12-24T13:15:44.904+0000][gc,phases   ] GC(98)   Other: 0.3ms
[2025-12-24T13:15:44.904+0000][gc,heap     ] GC(98) Eden regions: 612->0(612)
[2025-12-24T13:15:44.904+0000][gc,heap     ] GC(98) Survivor regions: 2->2(77)
[2025-12-24T13:15:44.904+0000][gc,heap     ] GC(98) Old regions: 26->26
[2025-12-24T13:15:44.904+0000][gc,heap     ] GC(98) Humongous regions: 29->29
[2025-12-24T13:15:44.904+0000][gc,metaspace] GC(98) Metaspace: 12410K(12864K)->12410K(12864K) NonClass: 11310K(11520K)->11310K(11520K) Class: 1099K(1344K)->1099K(1344K)
[2025-12-24T13:15:44.904+0000][gc          ] GC(98) Pause Young (Normal) (G1 Evacuation Pause) 668M->56M(1024M) 8.613ms
[2025-12-24T13:15:44.905+0000][gc,cpu      ] GC(98) User=0.03s Sys=0.00s Real=0.01s
[2025-12-24T13:16:44.709+0000][gc,start    ] GC(99) Pause Young (Normal) (G1 Evacuation Pause)
[2025-12-24T13:16:44.710+0000][gc,task     ] GC(99) Using 8 workers of 8 for evacuation
[2025-12-24T13:16:44.722+0000][gc,phases   ] GC(99)   Pre Evacuate Collection Set: 1.1ms
[2025-12-24T13:16:44.722+0000][gc,phases   ] GC(99)   Merge Heap Roots: 0.2ms
[2025-12-24T13:16:44.722+0000][gc,phases   ] GC(99)   Evacuate Collection Set: 7.5ms
[2025-12-24T13:16:44.722+0000][gc,phases   ] GC(99)   Post Evacuate Collection Set: 2.6ms
[2025-12-24T13:16:44.722+0000][gc,phases   ] GC(99)   Other: 0.3ms
[2025-12-24T13:16:44.722+0000][gc,heap     ] GC(99) Eden regions: 612->0(612)
[2025-12-24T13:16:44.722+0000][gc,heap     ] GC(99) Survivor regions: 2->2(77)
[2025-12-24T13:16:44.722+0000][gc,heap     ] GC(99) Old regions: 26->26
[2025-12-24T13:16:44.722+0000][gc,heap     ] GC(99) Humongous regions: 29->29
[2025-12-24T13:16:44.722+0000][gc,metaspace] GC(99) Metaspace: 12410K(12864K)->12410K(12864K) NonClass: 11310K(11520K)->11310K(11520K) Class: 1099K(1344K)->1099K(1344K)
[2025-12-24T13:16:44.722+0000][gc          ] GC(99) Pause Young (Normal) (G1 Evacuation Pause) 668M->56M(1024M) 13.765ms
[2025-12-24T13:16:44.722+0000][gc,cpu      ] GC(99) User=0.08s Sys=0.00s Real=0.02s
[2025-12-24T13:17:34.863+0000][gc,start    ] GC(100) Pause Young (Normal) (G1 Evacuation Pause)
[2025-12-24T13:17:34.864+0000][gc,task     ] GC(100) Using 8 workers of 8 for evacuation
[2025-12-24T13:17:34.868+0000][gc,phases   ] GC(100)   Pre Evacuate Collection Set: 1.1ms
[2025-12-24T13:17:34.868+0000][gc,phases   ] GC(100)   Merge Heap Roots: 0.2ms
[2025-12-24T13:17:34.868+0000][gc,phases   ] GC(100)   Evacuate Collection Set: 2.1ms
[2025-12-24T13:17:34.868+0000][gc,phases   ] GC(100)   Post Evacuate Collection Set: 0.8ms
[2025-12-24T13:17:34.868+0000][gc,phases   ] GC(100)   Other: 0.2ms
[2025-12-24T13:17:34.868+0000][gc,heap     ] GC(100) Eden regions: 612->0(612)
[2025-12-24T13:17:34.869+0000][gc,heap     ] GC(100) Survivor regions: 2->2(77)
[2025-12-24T13:17:34.869+0000][gc,heap     ] GC(100) Old regions: 26->26
[2025-12-24T13:17:34.869+0000][gc,heap     ] GC(100) Humongous regions: 29->29
[2025-12-24T13:17:34.869+0000][gc,metaspace] GC(100) Metaspace: 12410K(12864K)->12410K(12864K) NonClass: 11310K(11520K)->11310K(11520K) Class: 1099K(1344K)->1099K(1344K)
[2025-12-24T13:17:34.869+0000][gc          ] GC(100) Pause Young (Normal) (G1 Evacuation Pause) 668M->56M(1024M) 5.526ms
[2025-12-24T13:17:34.869+0000][gc,cpu      ] GC(100) User=0.02s Sys=0.00s Real=0.01s
[2025-12-24T13:18:34.761+0000][gc,start    ] GC(101) Pause Young (Normal) (G1 Evacuation Pause)
[2025-12-24T13:18:34.762+0000][gc,task     ] GC(101) Using 8 workers of 8 for evacuation
[2025-12-24T13:18:34.770+0000][gc,phases   ] GC(101)   Pre Evacuate Collection Set: 1.2ms
[2025-12-24T13:18:34.770+0000][gc,phases   ] GC(101)   Merge Heap Roots: 0.2ms
[2025-12-24T13:18:34.770+0000][gc,phases   ] GC(101)   Evacuate Collection Set: 5.0ms
[2025-12-24T13:18:34.770+0000][gc,phases   ] GC(101)   Post Evacuate Collection Set: 1.3ms
[2025-12-24T13:18:34.770+0000][gc,phases   ] GC(101)   Other: 0.3ms
[2025-12-24T13:18:34.770+0000][gc,heap     ] GC(101) Eden regions: 612->0(612)
[2025-12-24T13:18:34.770+0000][gc,heap     ] GC(101) Survivor regions: 2->2(77)
[2025-12-24T13:18:34.770+0000][gc,heap     ] GC(101) Old regions: 26->26
[2025-12-24T13:18:34.770+0000][gc,heap     ] GC(101) Humongous regions: 29->29
[2025-12-24T13:18:34.770+0000][gc,metaspace] GC(101) Metaspace: 12410K(12864K)->12410K(12864K) NonClass: 11310K(11520K)->11310K(11520K) Class: 1099K(1344K)->1099K(1344K)
[2025-12-24T13:18:34.770+0000][gc          ] GC(101) Pause Young (Normal) (G1 Evacuation Pause) 668M->56M(1024M) 9.705ms
[2025-12-24T13:18:34.770+0000][gc,cpu      ] GC(101) User=0.05s Sys=0.01s Real=0.01s
[2025-12-24T13:19:24.896+0000][gc,start    ] GC(102) Pause Young (Normal) (G1 Evacuation Pause)
[2025-12-24T13:19:24.897+0000][gc,task     ] GC(102) Using 8 workers of 8 for evacuation
[2025-12-24T13:19:24.904+0000][gc,phases   ] GC(102)   Pre Evacuate Collection Set: 1.0ms
[2025-12-24T13:19:24.904+0000][gc,phases   ] GC(102)   Merge Heap Roots: 0.2ms
[2025-12-24T13:19:24.904+0000][gc,phases   ] GC(102)   Evacuate Collection Set: 5.0ms
[2025-12-24T13:19:24.904+0000][gc,phases   ] GC(102)   Post Evacuate Collection Set: 1.1ms
[2025-12-24T13:19:24.904+0000][gc,phases   ] GC(102)   Other: 0.3ms
[2025-12-24T13:19:24.904+0000][gc,heap     ] GC(102) Eden regions: 612->0(612)
[2025-12-24T13:19:24.904+0000][gc,heap     ] GC(102) Survivor regions: 2->2(77)
[2025-12-24T13:19:24.904+0000][gc,heap     ] GC(102) Old regions: 26->26
[2025-12-24T13:19:24.904+0000][gc,heap     ] GC(102) Humongous regions: 29->29
[2025-12-24T13:19:24.905+0000][gc,metaspace] GC(102) Metaspace: 12410K(12864K)->12410K(12864K) NonClass: 11310K(11520K)->11310K(11520K) Class: 1099K(1344K)->1099K(1344K)
[2025-12-24T13:19:24.905+0000][gc          ] GC(102) Pause Young (Normal) (G1 Evacuation Pause) 668M->56M(1024M) 8.586ms
[2025-12-24T13:19:24.905+0000][gc,cpu      ] GC(102) User=0.04s Sys=0.00s Real=0.01s
[2025-12-24T13:20:24.701+0000][gc,start    ] GC(103) Pause Young (Normal) (G1 Evacuation Pause)
[2025-12-24T13:20:24.701+0000][gc,task     ] GC(103) Using 8 workers of 8 for evacuation
[2025-12-24T13:20:24.720+0000][gc,phases   ] GC(103)   Pre Evacuate Collection Set: 1.7ms
[2025-12-24T13:20:24.720+0000][gc,phases   ] GC(103)   Merge Heap Roots: 0.5ms
[2025-12-24T13:20:24.720+0000][gc,phases   ] GC(103)   Evacuate Collection Set: 13.1ms
[2025-12-24T13:20:24.720+0000][gc,phases   ] GC(103)   Post Evacuate Collection Set: 3.1ms
[2025-12-24T13:20:24.721+0000][gc,phases   ] GC(103)   Other: 0.5ms
[2025-12-24T13:20:24.721+0000][gc,heap     ] GC(103) Eden regions: 612->0(612)
[2025-12-24T13:20:24.721+0000][gc,heap     ] GC(103) Survivor regions: 2->2(77)
[2025-12-24T13:20:24.721+0000][gc,heap     ] GC(103) Old regions: 26->26
[2025-12-24T13:20:24.721+0000][gc,heap     ] GC(103) Humongous regions: 29->29
[2025-12-24T13:20:24.721+0000][gc,metaspace] GC(103) Metaspace: 12410K(12864K)->12410K(12864K) NonClass: 11311K(11520K)->11311K(11520K) Class: 1099K(1344K)->1099K(1344K)
[2025-12-24T13:20:24.721+0000][gc          ] GC(103) Pause Young (Normal) (G1 Evacuation Pause) 668M->56M(1024M) 20.252ms
[2025-12-24T13:20:24.721+0000][gc,cpu      ] GC(103) User=0.11s Sys=0.01s Real=0.02s
[2025-12-24T13:21:14.863+0000][gc,start    ] GC(104) Pause Young (Normal) (G1 Evacuation Pause)
[2025-12-24T13:21:14.864+0000][gc,task     ] GC(104) Using 8 workers of 8 for evacuation
[2025-12-24T13:21:14.870+0000][gc,phases   ] GC(104)   Pre Evacuate Collection Set: 1.0ms
[2025-12-24T13:21:14.870+0000][gc,phases   ] GC(104)   Merge Heap Roots: 0.2ms
[2025-12-24T13:21:14.870+0000][gc,phases   ] GC(104)   Evacuate Collection Set: 3.6ms
[2025-12-24T13:21:14.870+0000][gc,phases   ] GC(104)   Post Evacuate Collection Set: 1.0ms
[2025-12-24T13:21:14.870+0000][gc,phases   ] GC(104)   Other: 0.2ms
[2025-12-24T13:21:14.870+0000][gc,heap     ] GC(104) Eden regions: 612->0(612)
[2025-12-24T13:21:14.870+0000][gc,heap     ] GC(104) Survivor regions: 2->2(77)
[2025-12-24T13:21:14.870+0000][gc,heap     ] GC(104) Old regions: 26->26
[2025-12-24T13:21:14.870+0000][gc,heap     ] GC(104) Humongous regions: 29->29
[2025-12-24T13:21:14.870+0000][gc,metaspace] GC(104) Metaspace: 12410K(12864K)->12410K(12864K) NonClass: 11311K(11520K)->11311K(11520K) Class: 1099K(1344K)->1099K(1344K)
[2025-12-24T13:21:14.870+0000][gc          ] GC(104) Pause Young (Normal) (G1 Evacuation Pause) 668M->56M(1024M) 7.536ms
[2025-12-24T13:21:14.870+0000][gc,cpu      ] GC(104) User=0.04s Sys=0.00s Real=0.00s
[2025-12-24T13:22:14.706+0000][gc,start    ] GC(105) Pause Young (Normal) (G1 Evacuation Pause)
[2025-12-24T13:22:14.707+0000][gc,task     ] GC(105) Using 8 workers of 8 for evacuation
[2025-12-24T13:22:14.718+0000][gc,phases   ] GC(105)   Pre Evacuate Collection Set: 1.2ms
[2025-12-24T13:22:14.718+0000][gc,phases   ] GC(105)   Merge Heap Roots: 0.2ms
[2025-12-24T13:22:14.718+0000][gc,phases   ] GC(105)   Evacuate Collection Set: 8.4ms
[2025-12-24T13:22:14.718+0000][gc,phases   ] GC(105)   Post Evacuate Collection Set: 1.2ms
[2025-12-24T13:22:14.718+0000][gc,phases   ] GC(105)   Other: 0.4ms
[2025-12-24T13:22:14.719+0000][gc,heap     ] GC(105) Eden regions: 612->0(612)
[2025-12-24T13:22:14.719+0000][gc,heap     ] GC(105) Survivor regions: 2->2(77)
[2025-12-24T13:22:14.719+0000][gc,heap     ] GC(105) Old regions: 26->27
[2025-12-24T13:22:14.719+0000][gc,heap     ] GC(105) Humongous regions: 29->29
[2025-12-24T13:22:14.719+0000][gc,metaspace] GC(105) Metaspace: 12410K(12864K)->12410K(12864K) NonClass: 11311K(11520K)->11311K(11520K) Class: 1099K(1344K)->1099K(1344K)
[2025-12-24T13:22:14.719+0000][gc          ] GC(105) Pause Young (Normal) (G1 Evacuation Pause) 668M->56M(1024M) 12.964ms
[2025-12-24T13:22:14.719+0000][gc,cpu      ] GC(105) User=0.06s Sys=0.01s Real=0.01s
[2025-12-24T13:23:04.876+0000][gc,start    ] GC(106) Pause Young (Normal) (G1 Evacuation Pause)
[2025-12-24T13:23:04.876+0000][gc,task     ] GC(106) Using 8 workers of 8 for evacuation
[2025-12-24T13:23:04.881+0000][gc,phases   ] GC(106)   Pre Evacuate Collection Set: 1.0ms
[2025-12-24T13:23:04.882+0000][gc,phases   ] GC(106)   Merge Heap Roots: 0.2ms
[2025-12-24T13:23:04.882+0000][gc,phases   ] GC(106)   Evacuate Collection Set: 2.7ms
[2025-12-24T13:23:04.882+0000][gc,phases   ] GC(106)   Post Evacuate Collection Set: 1.0ms
[2025-12-24T13:23:04.882+0000][gc,phases   ] GC(106)   Other: 0.2ms
[2025-12-24T13:23:04.882+0000][gc,heap     ] GC(106) Eden regions: 612->0(612)
[2025-12-24T13:23:04.882+0000][gc,heap     ] GC(106) Survivor regions: 2->2(77)
[2025-12-24T13:23:04.882+0000][gc,heap     ] GC(106) Old regions: 27->27
[2025-12-24T13:23:04.882+0000][gc,heap     ] GC(106) Humongous regions: 29->29
[2025-12-24T13:23:04.882+0000][gc,metaspace] GC(106) Metaspace: 12410K(12864K)->12410K(12864K) NonClass: 11311K(11520K)->11311K(11520K) Class: 1099K(1344K)->1099K(1344K)
[2025-12-24T13:23:04.882+0000][gc          ] GC(106) Pause Young (Normal) (G1 Evacuation Pause) 668M->56M(1024M) 6.265ms
[2025-12-24T13:23:04.882+0000][gc,cpu      ] GC(106) User=0.03s Sys=0.01s Real=0.01s
[2025-12-24T13:24:04.705+0000][gc,start    ] GC(107) Pause Young (Normal) (G1 Evacuation Pause)
[2025-12-24T13:24:04.706+0000][gc,task     ] GC(107) Using 8 workers of 8 for evacuation
[2025-12-24T13:24:04.711+0000][gc,phases   ] GC(107)   Pre Evacuate Collection Set: 1.1ms
[2025-12-24T13:24:04.711+0000][gc,phases   ] GC(107)   Merge Heap Roots: 0.2ms
[2025-12-24T13:24:04.711+0000][gc,phases   ] GC(107)   Evacuate Collection Set: 2.3ms
[2025-12-24T13:24:04.711+0000][gc,phases   ] GC(107)   Post Evacuate Collection Set: 1.1ms
[2025-12-24T13:24:04.711+0000][gc,phases   ] GC(107)   Other: 0.3ms
[2025-12-24T13:24:04.711+0000][gc,heap     ] GC(107) Eden regions: 612->0(612)
[2025-12-24T13:24:04.711+0000][gc,heap     ] GC(107) Survivor regions: 2->2(77)
[2025-12-24T13:24:04.711+0000][gc,heap     ] GC(107) Old regions: 27->27
[2025-12-24T13:24:04.711+0000][gc,heap     ] GC(107) Humongous regions: 29->29
[2025-12-24T13:24:04.712+0000][gc,metaspace] GC(107) Metaspace: 12410K(12864K)->12410K(12864K) NonClass: 11311K(11520K)->11311K(11520K) Class: 1099K(1344K)->1099K(1344K)
[2025-12-24T13:24:04.712+0000][gc          ] GC(107) Pause Young (Normal) (G1 Evacuation Pause) 668M->56M(1024M) 6.741ms
[2025-12-24T13:24:04.712+0000][gc,cpu      ] GC(107) User=0.02s Sys=0.01s Real=0.01s
[2025-12-24T13:24:54.849+0000][gc,start    ] GC(108) Pause Young (Normal) (G1 Evacuation Pause)
[2025-12-24T13:24:54.849+0000][gc,task     ] GC(108) Using 8 workers of 8 for evacuation
[2025-12-24T13:24:54.854+0000][gc,phases   ] GC(108)   Pre Evacuate Collection Set: 0.9ms
[2025-12-24T13:24:54.854+0000][gc,phases   ] GC(108)   Merge Heap Roots: 0.3ms
[2025-12-24T13:24:54.854+0000][gc,phases   ] GC(108)   Evacuate Collection Set: 2.4ms
[2025-12-24T13:24:54.854+0000][gc,phases   ] GC(108)   Post Evacuate Collection Set: 0.9ms
[2025-12-24T13:24:54.854+0000][gc,phases   ] GC(108)   Other: 0.2ms
[2025-12-24T13:24:54.855+0000][gc,heap     ] GC(108) Eden regions: 612->0(612)
[2025-12-24T13:24:54.855+0000][gc,heap     ] GC(108) Survivor regions: 2->2(77)
[2025-12-24T13:24:54.855+0000][gc,heap     ] GC(108) Old regions: 27->27
[2025-12-24T13:24:54.855+0000][gc,heap     ] GC(108) Humongous regions: 29->29
[2025-12-24T13:24:54.855+0000][gc,metaspace] GC(108) Metaspace: 12410K(12864K)->12410K(12864K) NonClass: 11311K(11520K)->11311K(11520K) Class: 1099K(1344K)->1099K(1344K)
[2025-12-24T13:24:54.855+0000][gc          ] GC(108) Pause Young (Normal) (G1 Evacuation Pause) 668M->56M(1024M) 6.200ms
[2025-12-24T13:24:54.855+0000][gc,cpu      ] GC(108) User=0.03s Sys=0.00s Real=0.01s
[2025-12-24T13:25:54.683+0000][gc,start    ] GC(109) Pause Young (Normal) (G1 Evacuation Pause)
[2025-12-24T13:25:54.684+0000][gc,task     ] GC(109) Using 8 workers of 8 for evacuation
[2025-12-24T13:25:54.689+0000][gc,phases   ] GC(109)   Pre Evacuate Collection Set: 1.0ms
[2025-12-24T13:25:54.689+0000][gc,phases   ] GC(109)   Merge Heap Roots: 0.2ms
[2025-12-24T13:25:54.689+0000][gc,phases   ] GC(109)   Evacuate Collection Set: 2.4ms
[2025-12-24T13:25:54.689+0000][gc,phases   ] GC(109)   Post Evacuate Collection Set: 1.2ms
[2025-12-24T13:25:54.689+0000][gc,phases   ] GC(109)   Other: 0.3ms
[2025-12-24T13:25:54.689+0000][gc,heap     ] GC(109) Eden regions: 612->0(612)
[2025-12-24T13:25:54.689+0000][gc,heap     ] GC(109) Survivor regions: 2->2(77)
[2025-12-24T13:25:54.689+0000][gc,heap     ] GC(109) Old regions: 27->27
[2025-12-24T13:25:54.689+0000][gc,heap     ] GC(109) Humongous regions: 29->29
[2025-12-24T13:25:54.689+0000][gc,metaspace] GC(109) Metaspace: 12410K(12864K)->12410K(12864K) NonClass: 11311K(11520K)->11311K(11520K) Class: 1099K(1344K)->1099K(1344K)
[2025-12-24T13:25:54.689+0000][gc          ] GC(109) Pause Young (Normal) (G1 Evacuation Pause) 668M->56M(1024M) 6.892ms
[2025-12-24T13:25:54.690+0000][gc,cpu      ] GC(109) User=0.03s Sys=0.00s Real=0.00s
[2025-12-24T13:26:44.852+0000][gc,start    ] GC(110) Pause Young (Normal) (G1 Evacuation Pause)
[2025-12-24T13:26:44.853+0000][gc,task     ] GC(110) Using 8 workers of 8 for evacuation
[2025-12-24T13:26:44.862+0000][gc,phases   ] GC(110)   Pre Evacuate Collection Set: 1.1ms
[2025-12-24T13:26:44.862+0000][gc,phases   ] GC(110)   Merge Heap Roots: 0.2ms
[2025-12-24T13:26:44.863+0000][gc,phases   ] GC(110)   Evacuate Collection Set: 6.7ms
[2025-12-24T13:26:44.863+0000][gc,phases   ] GC(110)   Post Evacuate Collection Set: 1.0ms
[2025-12-24T13:26:44.863+0000][gc,phases   ] GC(110)   Other: 0.2ms
[2025-12-24T13:26:44.863+0000][gc,heap     ] GC(110) Eden regions: 612->0(612)
[2025-12-24T13:26:44.863+0000][gc,heap     ] GC(110) Survivor regions: 2->2(77)
[2025-12-24T13:26:44.863+0000][gc,heap     ] GC(110) Old regions: 27->27
[2025-12-24T13:26:44.863+0000][gc,heap     ] GC(110) Humongous regions: 29->29
[2025-12-24T13:26:44.863+0000][gc,metaspace] GC(110) Metaspace: 12410K(12864K)->12410K(12864K) NonClass: 11311K(11520K)->11311K(11520K) Class: 1099K(1344K)->1099K(1344K)
[2025-12-24T13:26:44.863+0000][gc          ] GC(110) Pause Young (Normal) (G1 Evacuation Pause) 668M->57M(1024M) 11.073ms
[2025-12-24T13:26:44.863+0000][gc,cpu      ] GC(110) User=0.05s Sys=0.01s Real=0.01s
[2025-12-24T13:27:44.679+0000][gc,start    ] GC(111) Pause Young (Normal) (G1 Evacuation Pause)
[2025-12-24T13:27:44.680+0000][gc,task     ] GC(111) Using 8 workers of 8 for evacuation
[2025-12-24T13:27:44.686+0000][gc,phases   ] GC(111)   Pre Evacuate Collection Set: 1.1ms
[2025-12-24T13:27:44.686+0000][gc,phases   ] GC(111)   Merge Heap Roots: 0.2ms
[2025-12-24T13:27:44.686+0000][gc,phases   ] GC(111)   Evacuate Collection Set: 3.1ms
[2025-12-24T13:27:44.686+0000][gc,phases   ] GC(111)   Post Evacuate Collection Set: 1.1ms
[2025-12-24T13:27:44.686+0000][gc,phases   ] GC(111)   Other: 0.3ms
[2025-12-24T13:27:44.687+0000][gc,heap     ] GC(111) Eden regions: 612->0(612)
[2025-12-24T13:27:44.687+0000][gc,heap     ] GC(111) Survivor regions: 2->2(77)
[2025-12-24T13:27:44.687+0000][gc,heap     ] GC(111) Old regions: 27->27
[2025-12-24T13:27:44.687+0000][gc,heap     ] GC(111) Humongous regions: 29->29
[2025-12-24T13:27:44.687+0000][gc,metaspace] GC(111) Metaspace: 12410K(12864K)->12410K(12864K) NonClass: 11311K(11520K)->11311K(11520K) Class: 1099K(1344K)->1099K(1344K)
[2025-12-24T13:27:44.687+0000][gc          ] GC(111) Pause Young (Normal) (G1 Evacuation Pause) 669M->56M(1024M) 7.649ms
[2025-12-24T13:27:44.687+0000][gc,cpu      ] GC(111) User=0.03s Sys=0.00s Real=0.01s
[2025-12-24T13:28:34.899+0000][gc,start    ] GC(112) Pause Young (Normal) (G1 Evacuation Pause)
[2025-12-24T13:28:34.900+0000][gc,task     ] GC(112) Using 8 workers of 8 for evacuation
[2025-12-24T13:28:34.905+0000][gc,phases   ] GC(112)   Pre Evacuate Collection Set: 1.0ms
[2025-12-24T13:28:34.905+0000][gc,phases   ] GC(112)   Merge Heap Roots: 0.2ms
[2025-12-24T13:28:34.905+0000][gc,phases   ] GC(112)   Evacuate Collection Set: 2.6ms
[2025-12-24T13:28:34.905+0000][gc,phases   ] GC(112)   Post Evacuate Collection Set: 1.0ms
[2025-12-24T13:28:34.905+0000][gc,phases   ] GC(112)   Other: 0.3ms
[2025-12-24T13:28:34.905+0000][gc,heap     ] GC(112) Eden regions: 612->0(612)
[2025-12-24T13:28:34.905+0000][gc,heap     ] GC(112) Survivor regions: 2->2(77)
[2025-12-24T13:28:34.905+0000][gc,heap     ] GC(112) Old regions: 27->27
[2025-12-24T13:28:34.905+0000][gc,heap     ] GC(112) Humongous regions: 29->29
[2025-12-24T13:28:34.905+0000][gc,metaspace] GC(112) Metaspace: 12410K(12864K)->12410K(12864K) NonClass: 11311K(11520K)->11311K(11520K) Class: 1099K(1344K)->1099K(1344K)
[2025-12-24T13:28:34.905+0000][gc          ] GC(112) Pause Young (Normal) (G1 Evacuation Pause) 668M->57M(1024M) 6.411ms
[2025-12-24T13:28:34.906+0000][gc,cpu      ] GC(112) User=0.02s Sys=0.01s Real=0.01s
[2025-12-24T13:29:34.766+0000][gc,start    ] GC(113) Pause Young (Normal) (G1 Evacuation Pause)
[2025-12-24T13:29:34.766+0000][gc,task     ] GC(113) Using 8 workers of 8 for evacuation
[2025-12-24T13:29:34.772+0000][gc,phases   ] GC(113)   Pre Evacuate Collection Set: 1.1ms
[2025-12-24T13:29:34.772+0000][gc,phases   ] GC(113)   Merge Heap Roots: 0.2ms
[2025-12-24T13:29:34.772+0000][gc,phases   ] GC(113)   Evacuate Collection Set: 3.3ms
[2025-12-24T13:29:34.772+0000][gc,phases   ] GC(113)   Post Evacuate Collection Set: 1.1ms
[2025-12-24T13:29:34.772+0000][gc,phases   ] GC(113)   Other: 0.2ms
[2025-12-24T13:29:34.772+0000][gc,heap     ] GC(113) Eden regions: 612->0(612)
[2025-12-24T13:29:34.772+0000][gc,heap     ] GC(113) Survivor regions: 2->2(77)
[2025-12-24T13:29:34.772+0000][gc,heap     ] GC(113) Old regions: 27->27
[2025-12-24T13:29:34.772+0000][gc,heap     ] GC(113) Humongous regions: 29->29
[2025-12-24T13:29:34.772+0000][gc,metaspace] GC(113) Metaspace: 12410K(12864K)->12410K(12864K) NonClass: 11311K(11520K)->11311K(11520K) Class: 1099K(1344K)->1099K(1344K)
[2025-12-24T13:29:34.772+0000][gc          ] GC(113) Pause Young (Normal) (G1 Evacuation Pause) 669M->56M(1024M) 6.924ms
[2025-12-24T13:29:34.773+0000][gc,cpu      ] GC(113) User=0.02s Sys=0.00s Real=0.01s
[2025-12-24T13:30:24.830+0000][gc,start    ] GC(114) Pause Young (Normal) (G1 Evacuation Pause)
[2025-12-24T13:30:24.832+0000][gc,task     ] GC(114) Using 8 workers of 8 for evacuation
[2025-12-24T13:30:24.837+0000][gc,phases   ] GC(114)   Pre Evacuate Collection Set: 1.0ms
[2025-12-24T13:30:24.837+0000][gc,phases   ] GC(114)   Merge Heap Roots: 0.2ms
[2025-12-24T13:30:24.837+0000][gc,phases   ] GC(114)   Evacuate Collection Set: 2.7ms
[2025-12-24T13:30:24.837+0000][gc,phases   ] GC(114)   Post Evacuate Collection Set: 1.1ms
[2025-12-24T13:30:24.837+0000][gc,phases   ] GC(114)   Other: 0.2ms
[2025-12-24T13:30:24.837+0000][gc,heap     ] GC(114) Eden regions: 612->0(612)
[2025-12-24T13:30:24.837+0000][gc,heap     ] GC(114) Survivor regions: 2->2(77)
[2025-12-24T13:30:24.837+0000][gc,heap     ] GC(114) Old regions: 27->27
[2025-12-24T13:30:24.837+0000][gc,heap     ] GC(114) Humongous regions: 29->29
[2025-12-24T13:30:24.838+0000][gc,metaspace] GC(114) Metaspace: 12410K(12864K)->12410K(12864K) NonClass: 11311K(11520K)->11311K(11520K) Class: 1099K(1344K)->1099K(1344K)
[2025-12-24T13:30:24.838+0000][gc          ] GC(114) Pause Young (Normal) (G1 Evacuation Pause) 668M->57M(1024M) 7.212ms
[2025-12-24T13:30:24.838+0000][gc,cpu      ] GC(114) User=0.03s Sys=0.00s Real=0.00s
[2025-12-24T13:31:24.665+0000][gc,start    ] GC(115) Pause Young (Normal) (G1 Evacuation Pause)
[2025-12-24T13:31:24.665+0000][gc,task     ] GC(115) Using 8 workers of 8 for evacuation
[2025-12-24T13:31:24.671+0000][gc,phases   ] GC(115)   Pre Evacuate Collection Set: 1.2ms
[2025-12-24T13:31:24.671+0000][gc,phases   ] GC(115)   Merge Heap Roots: 0.2ms
[2025-12-24T13:31:24.671+0000][gc,phases   ] GC(115)   Evacuate Collection Set: 2.6ms
[2025-12-24T13:31:24.671+0000][gc,phases   ] GC(115)   Post Evacuate Collection Set: 1.3ms
[2025-12-24T13:31:24.671+0000][gc,phases   ] GC(115)   Other: 0.4ms
[2025-12-24T13:31:24.671+0000][gc,heap     ] GC(115) Eden regions: 612->0(612)
[2025-12-24T13:31:24.671+0000][gc,heap     ] GC(115) Survivor regions: 2->2(77)
[2025-12-24T13:31:24.671+0000][gc,heap     ] GC(115) Old regions: 27->27
[2025-12-24T13:31:24.672+0000][gc,heap     ] GC(115) Humongous regions: 29->29
[2025-12-24T13:31:24.672+0000][gc,metaspace] GC(115) Metaspace: 12410K(12864K)->12410K(12864K) NonClass: 11311K(11520K)->11311K(11520K) Class: 1099K(1344K)->1099K(1344K)
[2025-12-24T13:31:24.672+0000][gc          ] GC(115) Pause Young (Normal) (G1 Evacuation Pause) 669M->56M(1024M) 6.975ms
[2025-12-24T13:31:24.672+0000][gc,cpu      ] GC(115) User=0.03s Sys=0.00s Real=0.01s
[2025-12-24T13:32:14.833+0000][gc,start    ] GC(116) Pause Young (Normal) (G1 Evacuation Pause)
[2025-12-24T13:32:14.834+0000][gc,task     ] GC(116) Using 8 workers of 8 for evacuation
[2025-12-24T13:32:14.839+0000][gc,phases   ] GC(116)   Pre Evacuate Collection Set: 1.1ms
[2025-12-24T13:32:14.839+0000][gc,phases   ] GC(116)   Merge Heap Roots: 0.1ms
[2025-12-24T13:32:14.839+0000][gc,phases   ] GC(116)   Evacuate Collection Set: 2.5ms
[2025-12-24T13:32:14.839+0000][gc,phases   ] GC(116)   Post Evacuate Collection Set: 1.1ms
[2025-12-24T13:32:14.839+0000][gc,phases   ] GC(116)   Other: 0.2ms
[2025-12-24T13:32:14.840+0000][gc,heap     ] GC(116) Eden regions: 612->0(612)
[2025-12-24T13:32:14.840+0000][gc,heap     ] GC(116) Survivor regions: 2->2(77)
[2025-12-24T13:32:14.840+0000][gc,heap     ] GC(116) Old regions: 27->27
[2025-12-24T13:32:14.840+0000][gc,heap     ] GC(116) Humongous regions: 29->29
[2025-12-24T13:32:14.840+0000][gc,metaspace] GC(116) Metaspace: 12410K(12864K)->12410K(12864K) NonClass: 11311K(11520K)->11311K(11520K) Class: 1099K(1344K)->1099K(1344K)
[2025-12-24T13:32:14.840+0000][gc          ] GC(116) Pause Young (Normal) (G1 Evacuation Pause) 668M->57M(1024M) 6.723ms
[2025-12-24T13:32:14.840+0000][gc,cpu      ] GC(116) User=0.03s Sys=0.00s Real=0.01s
[2025-12-24T13:33:14.659+0000][gc,start    ] GC(117) Pause Young (Normal) (G1 Evacuation Pause)
[2025-12-24T13:33:14.659+0000][gc,task     ] GC(117) Using 8 workers of 8 for evacuation
[2025-12-24T13:33:14.667+0000][gc,phases   ] GC(117)   Pre Evacuate Collection Set: 1.2ms
[2025-12-24T13:33:14.667+0000][gc,phases   ] GC(117)   Merge Heap Roots: 0.2ms
[2025-12-24T13:33:14.667+0000][gc,phases   ] GC(117)   Evacuate Collection Set: 5.2ms
[2025-12-24T13:33:14.667+0000][gc,phases   ] GC(117)   Post Evacuate Collection Set: 1.1ms
[2025-12-24T13:33:14.668+0000][gc,phases   ] GC(117)   Other: 0.3ms
[2025-12-24T13:33:14.668+0000][gc,heap     ] GC(117) Eden regions: 612->0(612)
[2025-12-24T13:33:14.668+0000][gc,heap     ] GC(117) Survivor regions: 2->2(77)
[2025-12-24T13:33:14.668+0000][gc,heap     ] GC(117) Old regions: 27->27
[2025-12-24T13:33:14.668+0000][gc,heap     ] GC(117) Humongous regions: 29->29
[2025-12-24T13:33:14.668+0000][gc,metaspace] GC(117) Metaspace: 12410K(12864K)->12410K(12864K) NonClass: 11311K(11520K)->11311K(11520K) Class: 1099K(1344K)->1099K(1344K)
[2025-12-24T13:33:14.668+0000][gc          ] GC(117) Pause Young (Normal) (G1 Evacuation Pause) 669M->56M(1024M) 9.212ms
[2025-12-24T13:33:14.668+0000][gc,cpu      ] GC(117) User=0.04s Sys=0.00s Real=0.01s
[2025-12-24T13:34:04.803+0000][gc,start    ] GC(118) Pause Young (Normal) (G1 Evacuation Pause)
[2025-12-24T13:34:04.804+0000][gc,task     ] GC(118) Using 8 workers of 8 for evacuation
[2025-12-24T13:34:04.811+0000][gc,phases   ] GC(118)   Pre Evacuate Collection Set: 1.0ms
[2025-12-24T13:34:04.811+0000][gc,phases   ] GC(118)   Merge Heap Roots: 0.2ms
[2025-12-24T13:34:04.811+0000][gc,phases   ] GC(118)   Evacuate Collection Set: 2.6ms
[2025-12-24T13:34:04.811+0000][gc,phases   ] GC(118)   Post Evacuate Collection Set: 2.2ms
[2025-12-24T13:34:04.811+0000][gc,phases   ] GC(118)   Other: 0.2ms
[2025-12-24T13:34:04.811+0000][gc,heap     ] GC(118) Eden regions: 612->0(612)
[2025-12-24T13:34:04.811+0000][gc,heap     ] GC(118) Survivor regions: 2->2(77)
[2025-12-24T13:34:04.811+0000][gc,heap     ] GC(118) Old regions: 27->27
[2025-12-24T13:34:04.811+0000][gc,heap     ] GC(118) Humongous regions: 29->29
[2025-12-24T13:34:04.811+0000][gc,metaspace] GC(118) Metaspace: 12410K(12864K)->12410K(12864K) NonClass: 11311K(11520K)->11311K(11520K) Class: 1099K(1344K)->1099K(1344K)
[2025-12-24T13:34:04.811+0000][gc          ] GC(118) Pause Young (Normal) (G1 Evacuation Pause) 668M->57M(1024M) 8.129ms
[2025-12-24T13:34:04.811+0000][gc,cpu      ] GC(118) User=0.03s Sys=0.00s Real=0.00s
[2025-12-24T13:35:04.644+0000][gc,start    ] GC(119) Pause Young (Normal) (G1 Evacuation Pause)
[2025-12-24T13:35:04.645+0000][gc,task     ] GC(119) Using 8 workers of 8 for evacuation
[2025-12-24T13:35:04.650+0000][gc,phases   ] GC(119)   Pre Evacuate Collection Set: 1.1ms
[2025-12-24T13:35:04.650+0000][gc,phases   ] GC(119)   Merge Heap Roots: 0.2ms
[2025-12-24T13:35:04.650+0000][gc,phases   ] GC(119)   Evacuate Collection Set: 2.2ms
[2025-12-24T13:35:04.650+0000][gc,phases   ] GC(119)   Post Evacuate Collection Set: 1.3ms
[2025-12-24T13:35:04.650+0000][gc,phases   ] GC(119)   Other: 0.1ms
[2025-12-24T13:35:04.650+0000][gc,heap     ] GC(119) Eden regions: 612->0(612)
[2025-12-24T13:35:04.650+0000][gc,heap     ] GC(119) Survivor regions: 2->2(77)
[2025-12-24T13:35:04.650+0000][gc,heap     ] GC(119) Old regions: 27->27
[2025-12-24T13:35:04.650+0000][gc,heap     ] GC(119) Humongous regions: 29->29
[2025-12-24T13:35:04.650+0000][gc,metaspace] GC(119) Metaspace: 12438K(12864K)->12438K(12864K) NonClass: 11338K(11520K)->11338K(11520K) Class: 1099K(1344K)->1099K(1344K)
[2025-12-24T13:35:04.650+0000][gc          ] GC(119) Pause Young (Normal) (G1 Evacuation Pause) 669M->56M(1024M) 6.541ms
[2025-12-24T13:35:04.650+0000][gc,cpu      ] GC(119) User=0.02s Sys=0.00s Real=0.01s
[2025-12-24T13:35:54.798+0000][gc,start    ] GC(120) Pause Young (Normal) (G1 Evacuation Pause)
[2025-12-24T13:35:54.798+0000][gc,task     ] GC(120) Using 8 workers of 8 for evacuation
[2025-12-24T13:35:54.803+0000][gc,phases   ] GC(120)   Pre Evacuate Collection Set: 1.0ms
[2025-12-24T13:35:54.803+0000][gc,phases   ] GC(120)   Merge Heap Roots: 0.2ms
[2025-12-24T13:35:54.803+0000][gc,phases   ] GC(120)   Evacuate Collection Set: 2.3ms
[2025-12-24T13:35:54.803+0000][gc,phases   ] GC(120)   Post Evacuate Collection Set: 0.9ms
[2025-12-24T13:35:54.803+0000][gc,phases   ] GC(120)   Other: 0.2ms
[2025-12-24T13:35:54.803+0000][gc,heap     ] GC(120) Eden regions: 612->0(612)
[2025-12-24T13:35:54.803+0000][gc,heap     ] GC(120) Survivor regions: 2->2(77)
[2025-12-24T13:35:54.803+0000][gc,heap     ] GC(120) Old regions: 27->27
[2025-12-24T13:35:54.803+0000][gc,heap     ] GC(120) Humongous regions: 29->29
[2025-12-24T13:35:54.803+0000][gc,metaspace] GC(120) Metaspace: 12438K(12864K)->12438K(12864K) NonClass: 11338K(11520K)->11338K(11520K) Class: 1099K(1344K)->1099K(1344K)
[2025-12-24T13:35:54.803+0000][gc          ] GC(120) Pause Young (Normal) (G1 Evacuation Pause) 668M->57M(1024M) 5.638ms
[2025-12-24T13:35:54.803+0000][gc,cpu      ] GC(120) User=0.03s Sys=0.00s Real=0.01s
[2025-12-24T13:36:54.639+0000][gc,start    ] GC(121) Pause Young (Normal) (G1 Evacuation Pause)
[2025-12-24T13:36:54.640+0000][gc,task     ] GC(121) Using 8 workers of 8 for evacuation
[2025-12-24T13:36:54.646+0000][gc,phases   ] GC(121)   Pre Evacuate Collection Set: 1.3ms
[2025-12-24T13:36:54.646+0000][gc,phases   ] GC(121)   Merge Heap Roots: 0.2ms
[2025-12-24T13:36:54.646+0000][gc,phases   ] GC(121)   Evacuate Collection Set: 2.5ms
[2025-12-24T13:36:54.646+0000][gc,phases   ] GC(121)   Post Evacuate Collection Set: 1.3ms
[2025-12-24T13:36:54.646+0000][gc,phases   ] GC(121)   Other: 0.2ms
[2025-12-24T13:36:54.646+0000][gc,heap     ] GC(121) Eden regions: 612->0(612)
[2025-12-24T13:36:54.646+0000][gc,heap     ] GC(121) Survivor regions: 2->2(77)
[2025-12-24T13:36:54.646+0000][gc,heap     ] GC(121) Old regions: 27->27
[2025-12-24T13:36:54.646+0000][gc,heap     ] GC(121) Humongous regions: 29->29
[2025-12-24T13:36:54.647+0000][gc,metaspace] GC(121) Metaspace: 12438K(12864K)->12438K(12864K) NonClass: 11338K(11520K)->11338K(11520K) Class: 1099K(1344K)->1099K(1344K)
[2025-12-24T13:36:54.647+0000][gc          ] GC(121) Pause Young (Normal) (G1 Evacuation Pause) 669M->56M(1024M) 7.940ms
[2025-12-24T13:36:54.647+0000][gc,cpu      ] GC(121) User=0.03s Sys=0.00s Real=0.01s
[2025-12-24T13:37:44.811+0000][gc,start    ] GC(122) Pause Young (Normal) (G1 Evacuation Pause)
[2025-12-24T13:37:44.812+0000][gc,task     ] GC(122) Using 8 workers of 8 for evacuation
[2025-12-24T13:37:44.820+0000][gc,phases   ] GC(122)   Pre Evacuate Collection Set: 1.1ms
[2025-12-24T13:37:44.820+0000][gc,phases   ] GC(122)   Merge Heap Roots: 0.2ms
[2025-12-24T13:37:44.821+0000][gc,phases   ] GC(122)   Evacuate Collection Set: 2.7ms
[2025-12-24T13:37:44.821+0000][gc,phases   ] GC(122)   Post Evacuate Collection Set: 3.9ms
[2025-12-24T13:37:44.821+0000][gc,phases   ] GC(122)   Other: 0.3ms
[2025-12-24T13:37:44.821+0000][gc,heap     ] GC(122) Eden regions: 612->0(612)
[2025-12-24T13:37:44.821+0000][gc,heap     ] GC(122) Survivor regions: 2->2(77)
[2025-12-24T13:37:44.821+0000][gc,heap     ] GC(122) Old regions: 27->27
[2025-12-24T13:37:44.821+0000][gc,heap     ] GC(122) Humongous regions: 29->29
[2025-12-24T13:37:44.821+0000][gc,metaspace] GC(122) Metaspace: 12438K(12864K)->12438K(12864K) NonClass: 11338K(11520K)->11338K(11520K) Class: 1099K(1344K)->1099K(1344K)
[2025-12-24T13:37:44.821+0000][gc          ] GC(122) Pause Young (Normal) (G1 Evacuation Pause) 668M->57M(1024M) 10.074ms
[2025-12-24T13:37:44.821+0000][gc,cpu      ] GC(122) User=0.04s Sys=0.00s Real=0.01s
[2025-12-24T13:52:48.915+0000][gc,start    ] GC(123) Pause Young (Normal) (G1 Evacuation Pause)
[2025-12-24T13:52:48.916+0000][gc,task     ] GC(123) Using 8 workers of 8 for evacuation
[2025-12-24T13:52:48.926+0000][gc,phases   ] GC(123)   Pre Evacuate Collection Set: 1.3ms
[2025-12-24T13:52:48.926+0000][gc,phases   ] GC(123)   Merge Heap Roots: 0.2ms
[2025-12-24T13:52:48.926+0000][gc,phases   ] GC(123)   Evacuate Collection Set: 7.4ms
[2025-12-24T13:52:48.926+0000][gc,phases   ] GC(123)   Post Evacuate Collection Set: 1.3ms
[2025-12-24T13:52:48.926+0000][gc,phases   ] GC(123)   Other: 0.3ms
[2025-12-24T13:52:48.926+0000][gc,heap     ] GC(123) Eden regions: 612->0(610)
[2025-12-24T13:52:48.926+0000][gc,heap     ] GC(123) Survivor regions: 2->4(77)
[2025-12-24T13:52:48.926+0000][gc,heap     ] GC(123) Old regions: 27->27
[2025-12-24T13:52:48.927+0000][gc,heap     ] GC(123) Humongous regions: 31->31
[2025-12-24T13:52:48.927+0000][gc,metaspace] GC(123) Metaspace: 12456K(12864K)->12456K(12864K) NonClass: 11353K(11520K)->11353K(11520K) Class: 1102K(1344K)->1102K(1344K)
[2025-12-24T13:52:48.927+0000][gc          ] GC(123) Pause Young (Normal) (G1 Evacuation Pause) 671M->61M(1024M) 11.687ms
[2025-12-24T13:52:48.927+0000][gc,cpu      ] GC(123) User=0.06s Sys=0.00s Real=0.01s
[2025-12-24T13:53:39.096+0000][gc,start    ] GC(124) Pause Young (Normal) (G1 Evacuation Pause)
[2025-12-24T13:53:39.096+0000][gc,task     ] GC(124) Using 8 workers of 8 for evacuation
[2025-12-24T13:53:39.105+0000][gc,phases   ] GC(124)   Pre Evacuate Collection Set: 0.9ms
[2025-12-24T13:53:39.105+0000][gc,phases   ] GC(124)   Merge Heap Roots: 0.2ms
[2025-12-24T13:53:39.106+0000][gc,phases   ] GC(124)   Evacuate Collection Set: 6.2ms
[2025-12-24T13:53:39.106+0000][gc,phases   ] GC(124)   Post Evacuate Collection Set: 1.6ms
[2025-12-24T13:53:39.106+0000][gc,phases   ] GC(124)   Other: 0.2ms
[2025-12-24T13:53:39.106+0000][gc,heap     ] GC(124) Eden regions: 610->0(609)
[2025-12-24T13:53:39.106+0000][gc,heap     ] GC(124) Survivor regions: 4->5(77)
[2025-12-24T13:53:39.106+0000][gc,heap     ] GC(124) Old regions: 27->27
[2025-12-24T13:53:39.106+0000][gc,heap     ] GC(124) Humongous regions: 31->31
[2025-12-24T13:53:39.106+0000][gc,metaspace] GC(124) Metaspace: 12457K(12864K)->12457K(12864K) NonClass: 11354K(11520K)->11354K(11520K) Class: 1102K(1344K)->1102K(1344K)
[2025-12-24T13:53:39.106+0000][gc          ] GC(124) Pause Young (Normal) (G1 Evacuation Pause) 671M->61M(1024M) 10.365ms
[2025-12-24T13:53:39.106+0000][gc,cpu      ] GC(124) User=0.05s Sys=0.00s Real=0.01s
[2025-12-24T13:54:38.906+0000][gc,start    ] GC(125) Pause Young (Normal) (G1 Evacuation Pause)
[2025-12-24T13:54:38.907+0000][gc,task     ] GC(125) Using 8 workers of 8 for evacuation
[2025-12-24T13:54:38.918+0000][gc,phases   ] GC(125)   Pre Evacuate Collection Set: 1.2ms
[2025-12-24T13:54:38.918+0000][gc,phases   ] GC(125)   Merge Heap Roots: 0.2ms
[2025-12-24T13:54:38.919+0000][gc,phases   ] GC(125)   Evacuate Collection Set: 8.0ms
[2025-12-24T13:54:38.919+0000][gc,phases   ] GC(125)   Post Evacuate Collection Set: 1.6ms
[2025-12-24T13:54:38.919+0000][gc,phases   ] GC(125)   Other: 0.4ms
[2025-12-24T13:54:38.919+0000][gc,heap     ] GC(125) Eden regions: 609->0(610)
[2025-12-24T13:54:38.919+0000][gc,heap     ] GC(125) Survivor regions: 5->4(77)
[2025-12-24T13:54:38.919+0000][gc,heap     ] GC(125) Old regions: 27->27
[2025-12-24T13:54:38.919+0000][gc,heap     ] GC(125) Humongous regions: 31->31
[2025-12-24T13:54:38.919+0000][gc,metaspace] GC(125) Metaspace: 12459K(12864K)->12459K(12864K) NonClass: 11356K(11520K)->11356K(11520K) Class: 1102K(1344K)->1102K(1344K)
[2025-12-24T13:54:38.919+0000][gc          ] GC(125) Pause Young (Normal) (G1 Evacuation Pause) 670M->61M(1024M) 13.192ms
[2025-12-24T13:54:38.919+0000][gc,cpu      ] GC(125) User=0.06s Sys=0.00s Real=0.02s
[2025-12-24T13:55:28.989+0000][gc,start    ] GC(126) Pause Young (Normal) (G1 Evacuation Pause)
[2025-12-24T13:55:28.989+0000][gc,task     ] GC(126) Using 8 workers of 8 for evacuation
[2025-12-24T13:55:29.004+0000][gc,phases   ] GC(126)   Pre Evacuate Collection Set: 1.3ms
[2025-12-24T13:55:29.004+0000][gc,phases   ] GC(126)   Merge Heap Roots: 0.2ms
[2025-12-24T13:55:29.004+0000][gc,phases   ] GC(126)   Evacuate Collection Set: 12.0ms
[2025-12-24T13:55:29.004+0000][gc,phases   ] GC(126)   Post Evacuate Collection Set: 1.1ms
[2025-12-24T13:55:29.004+0000][gc,phases   ] GC(126)   Other: 0.3ms
[2025-12-24T13:55:29.005+0000][gc,heap     ] GC(126) Eden regions: 610->0(609)
[2025-12-24T13:55:29.005+0000][gc,heap     ] GC(126) Survivor regions: 4->5(77)
[2025-12-24T13:55:29.005+0000][gc,heap     ] GC(126) Old regions: 27->27
[2025-12-24T13:55:29.005+0000][gc,heap     ] GC(126) Humongous regions: 31->31
[2025-12-24T13:55:29.005+0000][gc,metaspace] GC(126) Metaspace: 12459K(12864K)->12459K(12864K) NonClass: 11356K(11520K)->11356K(11520K) Class: 1102K(1344K)->1102K(1344K)
[2025-12-24T13:55:29.005+0000][gc          ] GC(126) Pause Young (Normal) (G1 Evacuation Pause) 671M->61M(1024M) 16.144ms
[2025-12-24T13:55:29.005+0000][gc,cpu      ] GC(126) User=0.09s Sys=0.00s Real=0.02s
[2025-12-24T13:56:19.094+0000][gc,start    ] GC(127) Pause Young (Normal) (G1 Evacuation Pause)
[2025-12-24T13:56:19.094+0000][gc,task     ] GC(127) Using 8 workers of 8 for evacuation
[2025-12-24T13:56:19.102+0000][gc,phases   ] GC(127)   Pre Evacuate Collection Set: 1.2ms
[2025-12-24T13:56:19.102+0000][gc,phases   ] GC(127)   Merge Heap Roots: 0.2ms
[2025-12-24T13:56:19.102+0000][gc,phases   ] GC(127)   Evacuate Collection Set: 4.7ms
[2025-12-24T13:56:19.102+0000][gc,phases   ] GC(127)   Post Evacuate Collection Set: 1.0ms
[2025-12-24T13:56:19.102+0000][gc,phases   ] GC(127)   Other: 0.3ms
[2025-12-24T13:56:19.102+0000][gc,heap     ] GC(127) Eden regions: 609->0(609)
[2025-12-24T13:56:19.102+0000][gc,heap     ] GC(127) Survivor regions: 5->5(77)
[2025-12-24T13:56:19.102+0000][gc,heap     ] GC(127) Old regions: 27->27
[2025-12-24T13:56:19.102+0000][gc,heap     ] GC(127) Humongous regions: 31->31
[2025-12-24T13:56:19.102+0000][gc,metaspace] GC(127) Metaspace: 12459K(12864K)->12459K(12864K) NonClass: 11356K(11520K)->11356K(11520K) Class: 1102K(1344K)->1102K(1344K)
[2025-12-24T13:56:19.102+0000][gc          ] GC(127) Pause Young (Normal) (G1 Evacuation Pause) 670M->62M(1024M) 8.558ms
[2025-12-24T13:56:19.102+0000][gc,cpu      ] GC(127) User=0.05s Sys=0.01s Real=0.00s
[2025-12-24T13:57:18.922+0000][gc,start    ] GC(128) Pause Young (Normal) (G1 Evacuation Pause)
[2025-12-24T13:57:18.923+0000][gc,task     ] GC(128) Using 8 workers of 8 for evacuation
[2025-12-24T13:57:18.936+0000][gc,phases   ] GC(128)   Pre Evacuate Collection Set: 1.1ms
[2025-12-24T13:57:18.936+0000][gc,phases   ] GC(128)   Merge Heap Roots: 0.2ms
[2025-12-24T13:57:18.936+0000][gc,phases   ] GC(128)   Evacuate Collection Set: 7.7ms
[2025-12-24T13:57:18.936+0000][gc,phases   ] GC(128)   Post Evacuate Collection Set: 3.7ms
[2025-12-24T13:57:18.936+0000][gc,phases   ] GC(128)   Other: 0.3ms
[2025-12-24T13:57:18.936+0000][gc,heap     ] GC(128) Eden regions: 609->0(610)
[2025-12-24T13:57:18.936+0000][gc,heap     ] GC(128) Survivor regions: 5->4(77)
[2025-12-24T13:57:18.936+0000][gc,heap     ] GC(128) Old regions: 27->27
[2025-12-24T13:57:18.937+0000][gc,heap     ] GC(128) Humongous regions: 31->31
[2025-12-24T13:57:18.937+0000][gc,metaspace] GC(128) Metaspace: 12464K(12864K)->12464K(12864K) NonClass: 11361K(11520K)->11361K(11520K) Class: 1103K(1344K)->1103K(1344K)
[2025-12-24T13:57:18.937+0000][gc          ] GC(128) Pause Young (Normal) (G1 Evacuation Pause) 671M->61M(1024M) 14.354ms
[2025-12-24T13:57:18.937+0000][gc,cpu      ] GC(128) User=0.08s Sys=0.00s Real=0.01s
[2025-12-24T13:58:09.028+0000][gc,start    ] GC(129) Pause Young (Normal) (G1 Evacuation Pause)
[2025-12-24T13:58:09.029+0000][gc,task     ] GC(129) Using 8 workers of 8 for evacuation
[2025-12-24T13:58:09.042+0000][gc,phases   ] GC(129)   Pre Evacuate Collection Set: 1.0ms
[2025-12-24T13:58:09.042+0000][gc,phases   ] GC(129)   Merge Heap Roots: 0.2ms
[2025-12-24T13:58:09.042+0000][gc,phases   ] GC(129)   Evacuate Collection Set: 8.8ms
[2025-12-24T13:58:09.042+0000][gc,phases   ] GC(129)   Post Evacuate Collection Set: 2.4ms
[2025-12-24T13:58:09.042+0000][gc,phases   ] GC(129)   Other: 0.2ms
[2025-12-24T13:58:09.042+0000][gc,heap     ] GC(129) Eden regions: 610->0(609)
[2025-12-24T13:58:09.042+0000][gc,heap     ] GC(129) Survivor regions: 4->5(77)
[2025-12-24T13:58:09.042+0000][gc,heap     ] GC(129) Old regions: 27->27
[2025-12-24T13:58:09.042+0000][gc,heap     ] GC(129) Humongous regions: 31->31
[2025-12-24T13:58:09.042+0000][gc,metaspace] GC(129) Metaspace: 12464K(12864K)->12464K(12864K) NonClass: 11361K(11520K)->11361K(11520K) Class: 1103K(1344K)->1103K(1344K)
[2025-12-24T13:58:09.042+0000][gc          ] GC(129) Pause Young (Normal) (G1 Evacuation Pause) 671M->62M(1024M) 14.273ms
[2025-12-24T13:58:09.043+0000][gc,cpu      ] GC(129) User=0.09s Sys=0.00s Real=0.02s
[2025-12-24T13:59:08.832+0000][gc,start    ] GC(130) Pause Young (Normal) (G1 Evacuation Pause)
[2025-12-24T13:59:08.832+0000][gc,task     ] GC(130) Using 8 workers of 8 for evacuation
[2025-12-24T13:59:08.846+0000][gc,phases   ] GC(130)   Pre Evacuate Collection Set: 1.4ms
[2025-12-24T13:59:08.846+0000][gc,phases   ] GC(130)   Merge Heap Roots: 0.2ms
[2025-12-24T13:59:08.846+0000][gc,phases   ] GC(130)   Evacuate Collection Set: 5.7ms
[2025-12-24T13:59:08.846+0000][gc,phases   ] GC(130)   Post Evacuate Collection Set: 5.9ms
[2025-12-24T13:59:08.846+0000][gc,phases   ] GC(130)   Other: 0.4ms
[2025-12-24T13:59:08.846+0000][gc,heap     ] GC(130) Eden regions: 609->0(610)
[2025-12-24T13:59:08.847+0000][gc,heap     ] GC(130) Survivor regions: 5->4(77)
[2025-12-24T13:59:08.847+0000][gc,heap     ] GC(130) Old regions: 27->27
[2025-12-24T13:59:08.847+0000][gc,heap     ] GC(130) Humongous regions: 31->31
[2025-12-24T13:59:08.847+0000][gc,metaspace] GC(130) Metaspace: 12464K(12864K)->12464K(12864K) NonClass: 11361K(11520K)->11361K(11520K) Class: 1103K(1344K)->1103K(1344K)
[2025-12-24T13:59:08.847+0000][gc          ] GC(130) Pause Young (Normal) (G1 Evacuation Pause) 671M->61M(1024M) 15.231ms
[2025-12-24T13:59:08.847+0000][gc,cpu      ] GC(130) User=0.06s Sys=0.00s Real=0.01s
[2025-12-24T13:59:58.971+0000][gc,start    ] GC(131) Pause Young (Normal) (G1 Evacuation Pause)
[2025-12-24T13:59:58.972+0000][gc,task     ] GC(131) Using 8 workers of 8 for evacuation
[2025-12-24T13:59:58.983+0000][gc,phases   ] GC(131)   Pre Evacuate Collection Set: 1.0ms
[2025-12-24T13:59:58.983+0000][gc,phases   ] GC(131)   Merge Heap Roots: 1.5ms
[2025-12-24T13:59:58.983+0000][gc,phases   ] GC(131)   Evacuate Collection Set: 6.6ms
[2025-12-24T13:59:58.983+0000][gc,phases   ] GC(131)   Post Evacuate Collection Set: 1.3ms
[2025-12-24T13:59:58.983+0000][gc,phases   ] GC(131)   Other: 0.2ms
[2025-12-24T13:59:58.983+0000][gc,heap     ] GC(131) Eden regions: 610->0(609)
[2025-12-24T13:59:58.983+0000][gc,heap     ] GC(131) Survivor regions: 4->5(77)
[2025-12-24T13:59:58.983+0000][gc,heap     ] GC(131) Old regions: 27->27
[2025-12-24T13:59:58.983+0000][gc,heap     ] GC(131) Humongous regions: 31->31
[2025-12-24T13:59:58.983+0000][gc,metaspace] GC(131) Metaspace: 12465K(12864K)->12465K(12864K) NonClass: 11361K(11520K)->11361K(11520K) Class: 1103K(1344K)->1103K(1344K)
[2025-12-24T13:59:58.983+0000][gc          ] GC(131) Pause Young (Normal) (G1 Evacuation Pause) 671M->62M(1024M) 12.381ms
[2025-12-24T13:59:58.983+0000][gc,cpu      ] GC(131) User=0.06s Sys=0.00s Real=0.01s
[2025-12-24T14:00:49.096+0000][gc,start    ] GC(132) Pause Young (Normal) (G1 Evacuation Pause)
[2025-12-24T14:00:49.096+0000][gc,task     ] GC(132) Using 8 workers of 8 for evacuation
[2025-12-24T14:00:49.105+0000][gc,phases   ] GC(132)   Pre Evacuate Collection Set: 1.1ms
[2025-12-24T14:00:49.106+0000][gc,phases   ] GC(132)   Merge Heap Roots: 0.3ms
[2025-12-24T14:00:49.106+0000][gc,phases   ] GC(132)   Evacuate Collection Set: 6.0ms
[2025-12-24T14:00:49.106+0000][gc,phases   ] GC(132)   Post Evacuate Collection Set: 1.3ms
[2025-12-24T14:00:49.106+0000][gc,phases   ] GC(132)   Other: 0.3ms
[2025-12-24T14:00:49.106+0000][gc,heap     ] GC(132) Eden regions: 609->0(609)
[2025-12-24T14:00:49.106+0000][gc,heap     ] GC(132) Survivor regions: 5->5(77)
[2025-12-24T14:00:49.106+0000][gc,heap     ] GC(132) Old regions: 27->27
[2025-12-24T14:00:49.106+0000][gc,heap     ] GC(132) Humongous regions: 31->31
[2025-12-24T14:00:49.106+0000][gc,metaspace] GC(132) Metaspace: 12465K(12864K)->12465K(12864K) NonClass: 11362K(11520K)->11362K(11520K) Class: 1103K(1344K)->1103K(1344K)
[2025-12-24T14:00:49.106+0000][gc          ] GC(132) Pause Young (Normal) (G1 Evacuation Pause) 671M->62M(1024M) 10.267ms
[2025-12-24T14:00:49.106+0000][gc,cpu      ] GC(132) User=0.05s Sys=0.01s Real=0.01s
[2025-12-24T14:02:11.636+0000][gc,start    ] GC(133) Pause Young (Normal) (G1 Evacuation Pause)
[2025-12-24T14:02:11.637+0000][gc,task     ] GC(133) Using 8 workers of 8 for evacuation
[2025-12-24T14:02:11.649+0000][gc,phases   ] GC(133)   Pre Evacuate Collection Set: 1.8ms
[2025-12-24T14:02:11.649+0000][gc,phases   ] GC(133)   Merge Heap Roots: 0.2ms
[2025-12-24T14:02:11.649+0000][gc,phases   ] GC(133)   Evacuate Collection Set: 6.6ms
[2025-12-24T14:02:11.649+0000][gc,phases   ] GC(133)   Post Evacuate Collection Set: 2.6ms
[2025-12-24T14:02:11.649+0000][gc,phases   ] GC(133)   Other: 1.2ms
[2025-12-24T14:02:11.649+0000][gc,heap     ] GC(133) Eden regions: 609->0(610)
[2025-12-24T14:02:11.649+0000][gc,heap     ] GC(133) Survivor regions: 5->4(77)
[2025-12-24T14:02:11.649+0000][gc,heap     ] GC(133) Old regions: 27->27
[2025-12-24T14:02:11.649+0000][gc,heap     ] GC(133) Humongous regions: 31->31
[2025-12-24T14:02:11.650+0000][gc,metaspace] GC(133) Metaspace: 12471K(12864K)->12471K(12864K) NonClass: 11368K(11520K)->11368K(11520K) Class: 1103K(1344K)->1103K(1344K)
[2025-12-24T14:02:11.650+0000][gc          ] GC(133) Pause Young (Normal) (G1 Evacuation Pause) 671M->61M(1024M) 14.073ms
[2025-12-24T14:02:11.650+0000][gc,cpu      ] GC(133) User=0.07s Sys=0.00s Real=0.01s
[2025-12-24T14:03:01.953+0000][gc,start    ] GC(134) Pause Young (Normal) (G1 Evacuation Pause)
[2025-12-24T14:03:01.954+0000][gc,task     ] GC(134) Using 8 workers of 8 for evacuation
[2025-12-24T14:03:01.963+0000][gc,phases   ] GC(134)   Pre Evacuate Collection Set: 1.1ms
[2025-12-24T14:03:01.963+0000][gc,phases   ] GC(134)   Merge Heap Roots: 0.2ms
[2025-12-24T14:03:01.963+0000][gc,phases   ] GC(134)   Evacuate Collection Set: 6.5ms
[2025-12-24T14:03:01.963+0000][gc,phases   ] GC(134)   Post Evacuate Collection Set: 1.2ms
[2025-12-24T14:03:01.963+0000][gc,phases   ] GC(134)   Other: 0.3ms
[2025-12-24T14:03:01.963+0000][gc,heap     ] GC(134) Eden regions: 610->0(609)
[2025-12-24T14:03:01.963+0000][gc,heap     ] GC(134) Survivor regions: 4->5(77)
[2025-12-24T14:03:01.963+0000][gc,heap     ] GC(134) Old regions: 27->27
[2025-12-24T14:03:01.963+0000][gc,heap     ] GC(134) Humongous regions: 40->40
[2025-12-24T14:03:01.964+0000][gc,metaspace] GC(134) Metaspace: 12533K(12928K)->12533K(12928K) NonClass: 11416K(11584K)->11416K(11584K) Class: 1117K(1344K)->1117K(1344K)
[2025-12-24T14:03:01.964+0000][gc          ] GC(134) Pause Young (Normal) (G1 Evacuation Pause) 680M->71M(1024M) 10.493ms
[2025-12-24T14:03:01.964+0000][gc,cpu      ] GC(134) User=0.06s Sys=0.00s Real=0.01s
[2025-12-24T14:04:01.625+0000][gc,start    ] GC(135) Pause Young (Normal) (G1 Evacuation Pause)
[2025-12-24T14:04:01.626+0000][gc,task     ] GC(135) Using 8 workers of 8 for evacuation
[2025-12-24T14:04:01.634+0000][gc,phases   ] GC(135)   Pre Evacuate Collection Set: 1.0ms
[2025-12-24T14:04:01.634+0000][gc,phases   ] GC(135)   Merge Heap Roots: 0.2ms
[2025-12-24T14:04:01.634+0000][gc,phases   ] GC(135)   Evacuate Collection Set: 5.1ms
[2025-12-24T14:04:01.634+0000][gc,phases   ] GC(135)   Post Evacuate Collection Set: 1.4ms
[2025-12-24T14:04:01.634+0000][gc,phases   ] GC(135)   Other: 0.2ms
[2025-12-24T14:04:01.634+0000][gc,heap     ] GC(135) Eden regions: 609->0(610)
[2025-12-24T14:04:01.634+0000][gc,heap     ] GC(135) Survivor regions: 5->4(77)
[2025-12-24T14:04:01.634+0000][gc,heap     ] GC(135) Old regions: 27->27
[2025-12-24T14:04:01.634+0000][gc,heap     ] GC(135) Humongous regions: 40->40
[2025-12-24T14:04:01.634+0000][gc,metaspace] GC(135) Metaspace: 12533K(12928K)->12533K(12928K) NonClass: 11416K(11584K)->11416K(11584K) Class: 1117K(1344K)->1117K(1344K)
[2025-12-24T14:04:01.634+0000][gc          ] GC(135) Pause Young (Normal) (G1 Evacuation Pause) 680M->70M(1024M) 9.722ms
[2025-12-24T14:04:01.634+0000][gc,cpu      ] GC(135) User=0.05s Sys=0.00s Real=0.01s
[2025-12-24T14:04:51.759+0000][gc,start    ] GC(136) Pause Young (Normal) (G1 Evacuation Pause)
[2025-12-24T14:04:51.761+0000][gc,task     ] GC(136) Using 8 workers of 8 for evacuation
[2025-12-24T14:04:51.780+0000][gc,phases   ] GC(136)   Pre Evacuate Collection Set: 1.7ms
[2025-12-24T14:04:51.780+0000][gc,phases   ] GC(136)   Merge Heap Roots: 0.9ms
[2025-12-24T14:04:51.780+0000][gc,phases   ] GC(136)   Evacuate Collection Set: 15.0ms
[2025-12-24T14:04:51.780+0000][gc,phases   ] GC(136)   Post Evacuate Collection Set: 1.3ms
[2025-12-24T14:04:51.780+0000][gc,phases   ] GC(136)   Other: 0.3ms
[2025-12-24T14:04:51.780+0000][gc,heap     ] GC(136) Eden regions: 610->0(609)
[2025-12-24T14:04:51.780+0000][gc,heap     ] GC(136) Survivor regions: 4->5(77)
[2025-12-24T14:04:51.780+0000][gc,heap     ] GC(136) Old regions: 27->28
[2025-12-24T14:04:51.780+0000][gc,heap     ] GC(136) Humongous regions: 40->40
[2025-12-24T14:04:51.780+0000][gc,metaspace] GC(136) Metaspace: 12539K(12928K)->12539K(12928K) NonClass: 11422K(11584K)->11422K(11584K) Class: 1117K(1344K)->1117K(1344K)
[2025-12-24T14:04:51.781+0000][gc          ] GC(136) Pause Young (Normal) (G1 Evacuation Pause) 680M->71M(1024M) 21.301ms
[2025-12-24T14:04:51.781+0000][gc,cpu      ] GC(136) User=0.12s Sys=0.01s Real=0.02s
