[2025-12-24T08:56:18.769+0000][gc,init] CardTable entry size: 512
[2025-12-24T08:56:18.769+0000][gc     ] Using G1
[2025-12-24T08:56:18.778+0000][gc,init] Version: 21.0.4+7-LTS (release)
[2025-12-24T08:56:18.803+0000][gc,init] CPUs: 8 total, 8 available
[2025-12-24T08:56:18.806+0000][gc,init] Memory: 13709M
[2025-12-24T08:56:18.806+0000][gc,init] Large Page Support: Disabled
[2025-12-24T08:56:18.806+0000][gc,init] NUMA Support: Disabled
[2025-12-24T08:56:18.810+0000][gc,init] Compressed Oops: Enabled (32-bit)
[2025-12-24T08:56:18.819+0000][gc,init] Heap Region Size: 1M
[2025-12-24T08:56:18.822+0000][gc,init] Heap Min Capacity: 1G
[2025-12-24T08:56:18.824+0000][gc,init] Heap Initial Capacity: 1G
[2025-12-24T08:56:18.825+0000][gc,init] Heap Max Capacity: 1G
[2025-12-24T08:56:18.826+0000][gc,init] Pre-touch: Disabled
[2025-12-24T08:56:18.826+0000][gc,init] Parallel Workers: 8
[2025-12-24T08:56:18.830+0000][gc,init] Concurrent Workers: 2
[2025-12-24T08:56:18.834+0000][gc,init] Concurrent Refinement Workers: 8
[2025-12-24T08:56:18.839+0000][gc,init] Periodic GC: Disabled
[2025-12-24T08:56:19.213+0000][gc,metaspace] CDS archive(s) mapped at: [0x0000008800000000-0x0000008800bd0000-0x00000088036b0000), size 57344000, SharedBaseAddress: 0x0000008800000000, ArchiveRelocationMode: 1.
[2025-12-24T08:56:19.243+0000][gc,metaspace] Compressed class space mapped at: 0x0000008804000000-0x0000008844000000, reserved size: 1073741824
[2025-12-24T08:56:19.243+0000][gc,metaspace] Narrow klass base: 0x0000008800000000, Narrow klass shift: 0, Narrow klass range: 0x100000000
[2025-12-24T08:56:35.969+0000][gc,start    ] GC(0) Pause Young (Normal) (G1 Evacuation Pause)
[2025-12-24T08:56:35.971+0000][gc,task     ] GC(0) Using 8 workers of 8 for evacuation
[2025-12-24T08:56:35.989+0000][gc,phases   ] GC(0)   Pre Evacuate Collection Set: 1.2ms
[2025-12-24T08:56:35.990+0000][gc,phases   ] GC(0)   Merge Heap Roots: 0.2ms
[2025-12-24T08:56:35.990+0000][gc,phases   ] GC(0)   Evacuate Collection Set: 14.6ms
[2025-12-24T08:56:35.990+0000][gc,phases   ] GC(0)   Post Evacuate Collection Set: 1.4ms
[2025-12-24T08:56:35.990+0000][gc,phases   ] GC(0)   Other: 2.1ms
[2025-12-24T08:56:35.990+0000][gc,heap     ] GC(0) Eden regions: 51->0(44)
[2025-12-24T08:56:35.990+0000][gc,heap     ] GC(0) Survivor regions: 0->7(7)
[2025-12-24T08:56:35.991+0000][gc,heap     ] GC(0) Old regions: 1->6
[2025-12-24T08:56:35.991+0000][gc,heap     ] GC(0) Humongous regions: 0->0
[2025-12-24T08:56:35.991+0000][gc,metaspace] GC(0) Metaspace: 5050K(5248K)->5050K(5248K) NonClass: 4456K(4544K)->4456K(4544K) Class: 594K(704K)->594K(704K)
[2025-12-24T08:56:35.991+0000][gc          ] GC(0) Pause Young (Normal) (G1 Evacuation Pause) 51M->12M(1024M) 22.321ms
[2025-12-24T08:56:35.991+0000][gc,cpu      ] GC(0) User=0.10s Sys=0.01s Real=0.02s
[2025-12-24T08:59:42.075+0000][gc,start    ] GC(1) Pause Young (Normal) (G1 Evacuation Pause)
[2025-12-24T08:59:42.077+0000][gc,task     ] GC(1) Using 8 workers of 8 for evacuation
[2025-12-24T08:59:42.105+0000][gc,phases   ] GC(1)   Pre Evacuate Collection Set: 7.2ms
[2025-12-24T08:59:42.105+0000][gc,phases   ] GC(1)   Merge Heap Roots: 0.7ms
[2025-12-24T08:59:42.105+0000][gc,phases   ] GC(1)   Evacuate Collection Set: 17.6ms
[2025-12-24T08:59:42.105+0000][gc,phases   ] GC(1)   Post Evacuate Collection Set: 1.8ms
[2025-12-24T08:59:42.106+0000][gc,phases   ] GC(1)   Other: 0.7ms
[2025-12-24T08:59:42.106+0000][gc,heap     ] GC(1) Eden regions: 44->0(65)
[2025-12-24T08:59:42.106+0000][gc,heap     ] GC(1) Survivor regions: 7->1(7)
[2025-12-24T08:59:42.106+0000][gc,heap     ] GC(1) Old regions: 6->14
[2025-12-24T08:59:42.106+0000][gc,heap     ] GC(1) Humongous regions: 0->0
[2025-12-24T08:59:42.106+0000][gc,metaspace] GC(1) Metaspace: 6006K(6272K)->6006K(6272K) NonClass: 5383K(5504K)->5383K(5504K) Class: 622K(768K)->622K(768K)
[2025-12-24T08:59:42.107+0000][gc          ] GC(1) Pause Young (Normal) (G1 Evacuation Pause) 56M->14M(1024M) 31.378ms
[2025-12-24T08:59:42.107+0000][gc,cpu      ] GC(1) User=0.19s Sys=0.00s Real=0.03s
[2025-12-24T09:05:57.324+0000][gc,start    ] GC(2) Pause Young (Normal) (G1 Evacuation Pause)
[2025-12-24T09:05:57.331+0000][gc,task     ] GC(2) Using 8 workers of 8 for evacuation
[2025-12-24T09:05:57.349+0000][gc,phases   ] GC(2)   Pre Evacuate Collection Set: 6.6ms
[2025-12-24T09:05:57.349+0000][gc,phases   ] GC(2)   Merge Heap Roots: 1.0ms
[2025-12-24T09:05:57.349+0000][gc,phases   ] GC(2)   Evacuate Collection Set: 7.4ms
[2025-12-24T09:05:57.349+0000][gc,phases   ] GC(2)   Post Evacuate Collection Set: 1.5ms
[2025-12-24T09:05:57.349+0000][gc,phases   ] GC(2)   Other: 1.8ms
[2025-12-24T09:05:57.349+0000][gc,heap     ] GC(2) Eden regions: 79->0(613)
[2025-12-24T09:05:57.350+0000][gc,heap     ] GC(2) Survivor regions: 1->1(10)
[2025-12-24T09:05:57.350+0000][gc,heap     ] GC(2) Old regions: 14->14
[2025-12-24T09:05:57.350+0000][gc,heap     ] GC(2) Humongous regions: 0->0
[2025-12-24T09:05:57.350+0000][gc,metaspace] GC(2) Metaspace: 6143K(6400K)->6143K(6400K) NonClass: 5520K(5632K)->5520K(5632K) Class: 622K(768K)->622K(768K)
[2025-12-24T09:05:57.350+0000][gc          ] GC(2) Pause Young (Normal) (G1 Evacuation Pause) 93M->13M(1024M) 25.629ms
[2025-12-24T09:05:57.350+0000][gc,cpu      ] GC(2) User=0.08s Sys=0.00s Real=0.03s
