[2025-12-24T09:10:30.056+0000][gc,init] CardTable entry size: 512
[2025-12-24T09:10:30.056+0000][gc     ] Using G1
[2025-12-24T09:10:30.064+0000][gc,init] Version: 21.0.4+7-LTS (release)
[2025-12-24T09:10:30.065+0000][gc,init] CPUs: 8 total, 8 available
[2025-12-24T09:10:30.065+0000][gc,init] Memory: 13709M
[2025-12-24T09:10:30.066+0000][gc,init] Large Page Support: Disabled
[2025-12-24T09:10:30.066+0000][gc,init] NUMA Support: Disabled
[2025-12-24T09:10:30.066+0000][gc,init] Compressed Oops: Enabled (32-bit)
[2025-12-24T09:10:30.066+0000][gc,init] Heap Region Size: 1M
[2025-12-24T09:10:30.068+0000][gc,init] Heap Min Capacity: 1G
[2025-12-24T09:10:30.069+0000][gc,init] Heap Initial Capacity: 1G
[2025-12-24T09:10:30.070+0000][gc,init] Heap Max Capacity: 1G
[2025-12-24T09:10:30.070+0000][gc,init] Pre-touch: Disabled
[2025-12-24T09:10:30.070+0000][gc,init] Parallel Workers: 8
[2025-12-24T09:10:30.070+0000][gc,init] Concurrent Workers: 2
[2025-12-24T09:10:30.071+0000][gc,init] Concurrent Refinement Workers: 8
[2025-12-24T09:10:30.072+0000][gc,init] Periodic GC: Disabled
[2025-12-24T09:10:30.103+0000][gc,metaspace] CDS archive(s) mapped at: [0x000000a800000000-0x000000a800bd0000-0x000000a8036b0000), size 57344000, SharedBaseAddress: 0x000000a800000000, ArchiveRelocationMode: 1.
[2025-12-24T09:10:30.103+0000][gc,metaspace] Compressed class space mapped at: 0x000000a804000000-0x000000a844000000, reserved size: 1073741824
[2025-12-24T09:10:30.104+0000][gc,metaspace] Narrow klass base: 0x000000a800000000, Narrow klass shift: 0, Narrow klass range: 0x100000000
[2025-12-24T09:10:34.699+0000][gc,start    ] GC(0) Pause Young (Normal) (G1 Evacuation Pause)
[2025-12-24T09:10:34.701+0000][gc,task     ] GC(0) Using 8 workers of 8 for evacuation
[2025-12-24T09:10:34.725+0000][gc,phases   ] GC(0)   Pre Evacuate Collection Set: 1.1ms
[2025-12-24T09:10:34.725+0000][gc,phases   ] GC(0)   Merge Heap Roots: 0.1ms
[2025-12-24T09:10:34.726+0000][gc,phases   ] GC(0)   Evacuate Collection Set: 21.8ms
[2025-12-24T09:10:34.726+0000][gc,phases   ] GC(0)   Post Evacuate Collection Set: 1.4ms
[2025-12-24T09:10:34.726+0000][gc,phases   ] GC(0)   Other: 2.0ms
[2025-12-24T09:10:34.726+0000][gc,heap     ] GC(0) Eden regions: 51->0(44)
[2025-12-24T09:10:34.726+0000][gc,heap     ] GC(0) Survivor regions: 0->7(7)
[2025-12-24T09:10:34.726+0000][gc,heap     ] GC(0) Old regions: 1->7
[2025-12-24T09:10:34.726+0000][gc,heap     ] GC(0) Humongous regions: 0->0
[2025-12-24T09:10:34.727+0000][gc,metaspace] GC(0) Metaspace: 5351K(5568K)->5351K(5568K) NonClass: 4709K(4864K)->4709K(4864K) Class: 642K(704K)->642K(704K)
[2025-12-24T09:10:34.727+0000][gc          ] GC(0) Pause Young (Normal) (G1 Evacuation Pause) 51M->13M(1024M) 28.308ms
[2025-12-24T09:10:34.727+0000][gc,cpu      ] GC(0) User=0.03s Sys=0.02s Real=0.03s
[2025-12-24T09:17:11.578+0000][gc,start    ] GC(1) Pause Young (Normal) (G1 Evacuation Pause)
[2025-12-24T09:17:11.579+0000][gc,task     ] GC(1) Using 8 workers of 8 for evacuation
[2025-12-24T09:17:11.605+0000][gc,phases   ] GC(1)   Pre Evacuate Collection Set: 2.1ms
[2025-12-24T09:17:11.606+0000][gc,phases   ] GC(1)   Merge Heap Roots: 0.8ms
[2025-12-24T09:17:11.606+0000][gc,phases   ] GC(1)   Evacuate Collection Set: 20.8ms
[2025-12-24T09:17:11.606+0000][gc,phases   ] GC(1)   Post Evacuate Collection Set: 2.2ms
[2025-12-24T09:17:11.606+0000][gc,phases   ] GC(1)   Other: 0.7ms
[2025-12-24T09:17:11.606+0000][gc,heap     ] GC(1) Eden regions: 44->0(63)
[2025-12-24T09:17:11.606+0000][gc,heap     ] GC(1) Survivor regions: 7->1(7)
[2025-12-24T09:17:11.606+0000][gc,heap     ] GC(1) Old regions: 7->14
[2025-12-24T09:17:11.606+0000][gc,heap     ] GC(1) Humongous regions: 0->0
[2025-12-24T09:17:11.606+0000][gc,metaspace] GC(1) Metaspace: 7093K(7360K)->7093K(7360K) NonClass: 6410K(6528K)->6410K(6528K) Class: 683K(832K)->683K(832K)
[2025-12-24T09:17:11.606+0000][gc          ] GC(1) Pause Young (Normal) (G1 Evacuation Pause) 57M->14M(1024M) 28.778ms
[2025-12-24T09:17:11.606+0000][gc,cpu      ] GC(1) User=0.18s Sys=0.00s Real=0.03s
[2025-12-24T09:30:37.260+0000][gc,start    ] GC(2) Pause Young (Normal) (G1 Evacuation Pause)
[2025-12-24T09:30:37.262+0000][gc,task     ] GC(2) Using 8 workers of 8 for evacuation
[2025-12-24T09:30:37.289+0000][gc,phases   ] GC(2)   Pre Evacuate Collection Set: 2.4ms
[2025-12-24T09:30:37.289+0000][gc,phases   ] GC(2)   Merge Heap Roots: 0.3ms
[2025-12-24T09:30:37.289+0000][gc,phases   ] GC(2)   Evacuate Collection Set: 22.7ms
[2025-12-24T09:30:37.289+0000][gc,phases   ] GC(2)   Post Evacuate Collection Set: 1.3ms
[2025-12-24T09:30:37.289+0000][gc,phases   ] GC(2)   Other: 0.8ms
[2025-12-24T09:30:37.290+0000][gc,heap     ] GC(2) Eden regions: 74->0(183)
[2025-12-24T09:30:37.290+0000][gc,heap     ] GC(2) Survivor regions: 1->1(10)
[2025-12-24T09:30:37.290+0000][gc,heap     ] GC(2) Old regions: 14->14
[2025-12-24T09:30:37.290+0000][gc,heap     ] GC(2) Humongous regions: 0->0
[2025-12-24T09:30:37.290+0000][gc,metaspace] GC(2) Metaspace: 7151K(7360K)->7151K(7360K) NonClass: 6457K(6528K)->6457K(6528K) Class: 693K(832K)->693K(832K)
[2025-12-24T09:30:37.290+0000][gc          ] GC(2) Pause Young (Normal) (G1 Evacuation Pause) 88M->14M(1024M) 30.284ms
[2025-12-24T09:30:37.290+0000][gc,cpu      ] GC(2) User=0.16s Sys=0.00s Real=0.03s
[2025-12-24T10:23:56.566+0000][gc,start    ] GC(3) Pause Young (Normal) (G1 Evacuation Pause)
[2025-12-24T10:23:56.567+0000][gc,task     ] GC(3) Using 8 workers of 8 for evacuation
[2025-12-24T10:23:56.670+0000][gc,phases   ] GC(3)   Pre Evacuate Collection Set: 1.5ms
[2025-12-24T10:23:56.670+0000][gc,phases   ] GC(3)   Merge Heap Roots: 0.2ms
[2025-12-24T10:23:56.670+0000][gc,phases   ] GC(3)   Evacuate Collection Set: 98.6ms
[2025-12-24T10:23:56.670+0000][gc,phases   ] GC(3)   Post Evacuate Collection Set: 2.3ms
[2025-12-24T10:23:56.670+0000][gc,phases   ] GC(3)   Other: 0.7ms
[2025-12-24T10:23:56.670+0000][gc,heap     ] GC(3) Eden regions: 241->0(47)
[2025-12-24T10:23:56.671+0000][gc,heap     ] GC(3) Survivor regions: 1->4(31)
[2025-12-24T10:23:56.671+0000][gc,heap     ] GC(3) Old regions: 14->14
[2025-12-24T10:23:56.671+0000][gc,heap     ] GC(3) Humongous regions: 27->18
[2025-12-24T10:23:56.671+0000][gc,metaspace] GC(3) Metaspace: 8004K(8320K)->8004K(8320K) NonClass: 7266K(7424K)->7266K(7424K) Class: 738K(896K)->738K(896K)
[2025-12-24T10:23:56.671+0000][gc          ] GC(3) Pause Young (Normal) (G1 Evacuation Pause) 282M->35M(1024M) 105.500ms
[2025-12-24T10:23:56.671+0000][gc,cpu      ] GC(3) User=0.76s Sys=0.00s Real=0.11s
