[2025-12-25T12:01:47.332+0000][gc,init] CardTable entry size: 512
[2025-12-25T12:01:47.332+0000][gc     ] Using G1
[2025-12-25T12:01:47.340+0000][gc,init] Version: 21.0.4+7-LTS (release)
[2025-12-25T12:01:47.341+0000][gc,init] CPUs: 8 total, 8 available
[2025-12-25T12:01:47.342+0000][gc,init] Memory: 13709M
[2025-12-25T12:01:47.350+0000][gc,init] Large Page Support: Disabled
[2025-12-25T12:01:47.350+0000][gc,init] NUMA Support: Disabled
[2025-12-25T12:01:47.350+0000][gc,init] Compressed Oops: Enabled (32-bit)
[2025-12-25T12:01:47.350+0000][gc,init] Heap Region Size: 1M
[2025-12-25T12:01:47.350+0000][gc,init] Heap Min Capacity: 1G
[2025-12-25T12:01:47.351+0000][gc,init] Heap Initial Capacity: 1G
[2025-12-25T12:01:47.351+0000][gc,init] Heap Max Capacity: 1G
[2025-12-25T12:01:47.351+0000][gc,init] Pre-touch: Disabled
[2025-12-25T12:01:47.351+0000][gc,init] Parallel Workers: 8
[2025-12-25T12:01:47.351+0000][gc,init] Concurrent Workers: 2
[2025-12-25T12:01:47.351+0000][gc,init] Concurrent Refinement Workers: 8
[2025-12-25T12:01:47.351+0000][gc,init] Periodic GC: Disabled
[2025-12-25T12:01:47.585+0000][gc,metaspace] CDS archive(s) mapped at: [0x0000007800000000-0x0000007800bd0000-0x00000078036b0000), size 57344000, SharedBaseAddress: 0x0000007800000000, ArchiveRelocationMode: 1.
[2025-12-25T12:01:47.586+0000][gc,metaspace] Compressed class space mapped at: 0x0000007804000000-0x0000007844000000, reserved size: 1073741824
[2025-12-25T12:01:47.586+0000][gc,metaspace] Narrow klass base: 0x0000007800000000, Narrow klass shift: 0, Narrow klass range: 0x100000000
[2025-12-25T12:01:58.853+0000][gc,start    ] GC(0) Pause Young (Normal) (G1 Evacuation Pause)
[2025-12-25T12:01:59.108+0000][gc,task     ] GC(0) Using 8 workers of 8 for evacuation
[2025-12-25T12:01:59.579+0000][gc,mmu      ] GC(0) MMU target violated: 201.0ms (200.0ms/201.0ms)
[2025-12-25T12:01:59.580+0000][gc,phases   ] GC(0)   Pre Evacuate Collection Set: 14.9ms
[2025-12-25T12:01:59.581+0000][gc,phases   ] GC(0)   Merge Heap Roots: 0.9ms
[2025-12-25T12:01:59.586+0000][gc,phases   ] GC(0)   Evacuate Collection Set: 447.5ms
[2025-12-25T12:01:59.599+0000][gc,phases   ] GC(0)   Post Evacuate Collection Set: 4.4ms
[2025-12-25T12:01:59.607+0000][gc,phases   ] GC(0)   Other: 246.4ms
[2025-12-25T12:01:59.613+0000][gc,heap     ] GC(0) Eden regions: 51->0(44)
[2025-12-25T12:01:59.615+0000][gc,heap     ] GC(0) Survivor regions: 0->7(7)
[2025-12-25T12:01:59.626+0000][gc,heap     ] GC(0) Old regions: 1->5
[2025-12-25T12:01:59.639+0000][gc,heap     ] GC(0) Humongous regions: 2->2
[2025-12-25T12:01:59.640+0000][gc,metaspace] GC(0) Metaspace: 5985K(6272K)->5985K(6272K) NonClass: 5309K(5440K)->5309K(5440K) Class: 675K(832K)->675K(832K)
[2025-12-25T12:01:59.645+0000][gc          ] GC(0) Pause Young (Normal) (G1 Evacuation Pause) 53M->13M(1024M) 792.507ms
[2025-12-25T12:01:59.646+0000][gc,cpu      ] GC(0) User=0.23s Sys=0.05s Real=0.80s
[2025-12-25T12:02:04.047+0000][gc,start    ] GC(1) Pause Young (Normal) (G1 Evacuation Pause)
[2025-12-25T12:02:04.048+0000][gc,task     ] GC(1) Using 8 workers of 8 for evacuation
[2025-12-25T12:02:04.143+0000][gc,phases   ] GC(1)   Pre Evacuate Collection Set: 5.1ms
[2025-12-25T12:02:04.145+0000][gc,phases   ] GC(1)   Merge Heap Roots: 0.1ms
[2025-12-25T12:02:04.147+0000][gc,phases   ] GC(1)   Evacuate Collection Set: 81.8ms
[2025-12-25T12:02:04.150+0000][gc,phases   ] GC(1)   Post Evacuate Collection Set: 5.8ms
[2025-12-25T12:02:04.151+0000][gc,phases   ] GC(1)   Other: 2.7ms
[2025-12-25T12:02:04.152+0000][gc,heap     ] GC(1) Eden regions: 44->0(46)
[2025-12-25T12:02:04.154+0000][gc,heap     ] GC(1) Survivor regions: 7->5(7)
[2025-12-25T12:02:04.156+0000][gc,heap     ] GC(1) Old regions: 5->13
[2025-12-25T12:02:04.156+0000][gc,heap     ] GC(1) Humongous regions: 2->2
[2025-12-25T12:02:04.156+0000][gc,metaspace] GC(1) Metaspace: 7539K(7872K)->7539K(7872K) NonClass: 6643K(6848K)->6643K(6848K) Class: 896K(1024K)->896K(1024K)
[2025-12-25T12:02:04.156+0000][gc          ] GC(1) Pause Young (Normal) (G1 Evacuation Pause) 57M->18M(1024M) 108.858ms
[2025-12-25T12:02:04.156+0000][gc,cpu      ] GC(1) User=0.05s Sys=0.01s Real=0.11s
[2025-12-25T12:02:04.678+0000][gc,start    ] GC(2) Pause Young (Normal) (G1 Evacuation Pause)
[2025-12-25T12:02:04.678+0000][gc,task     ] GC(2) Using 8 workers of 8 for evacuation
[2025-12-25T12:02:04.717+0000][gc,phases   ] GC(2)   Pre Evacuate Collection Set: 0.2ms
[2025-12-25T12:02:04.718+0000][gc,phases   ] GC(2)   Merge Heap Roots: 0.0ms
[2025-12-25T12:02:04.718+0000][gc,phases   ] GC(2)   Evacuate Collection Set: 32.8ms
[2025-12-25T12:02:04.718+0000][gc,phases   ] GC(2)   Post Evacuate Collection Set: 5.9ms
[2025-12-25T12:02:04.719+0000][gc,phases   ] GC(2)   Other: 0.2ms
[2025-12-25T12:02:04.719+0000][gc,heap     ] GC(2) Eden regions: 46->0(73)
[2025-12-25T12:02:04.719+0000][gc,heap     ] GC(2) Survivor regions: 5->2(7)
[2025-12-25T12:02:04.719+0000][gc,heap     ] GC(2) Old regions: 13->17
[2025-12-25T12:02:04.720+0000][gc,heap     ] GC(2) Humongous regions: 2->2
[2025-12-25T12:02:04.720+0000][gc,metaspace] GC(2) Metaspace: 7826K(8128K)->7826K(8128K) NonClass: 6895K(7040K)->6895K(7040K) Class: 931K(1088K)->931K(1088K)
[2025-12-25T12:02:04.720+0000][gc          ] GC(2) Pause Young (Normal) (G1 Evacuation Pause) 64M->19M(1024M) 42.716ms
[2025-12-25T12:02:04.721+0000][gc,cpu      ] GC(2) User=0.02s Sys=0.01s Real=0.04s
[2025-12-25T12:02:12.600+0000][gc,start    ] GC(3) Pause Young (Normal) (G1 Evacuation Pause)
[2025-12-25T12:02:12.601+0000][gc,task     ] GC(3) Using 8 workers of 8 for evacuation
[2025-12-25T12:02:12.649+0000][gc,phases   ] GC(3)   Pre Evacuate Collection Set: 10.9ms
[2025-12-25T12:02:12.657+0000][gc,phases   ] GC(3)   Merge Heap Roots: 10.7ms
[2025-12-25T12:02:12.679+0000][gc,phases   ] GC(3)   Evacuate Collection Set: 22.9ms
[2025-12-25T12:02:12.680+0000][gc,phases   ] GC(3)   Post Evacuate Collection Set: 1.0ms
[2025-12-25T12:02:12.685+0000][gc,phases   ] GC(3)   Other: 2.5ms
[2025-12-25T12:02:12.689+0000][gc,heap     ] GC(3) Eden regions: 76->0(250)
[2025-12-25T12:02:12.690+0000][gc,heap     ] GC(3) Survivor regions: 2->3(10)
[2025-12-25T12:02:12.690+0000][gc,heap     ] GC(3) Old regions: 17->17
[2025-12-25T12:02:12.691+0000][gc,heap     ] GC(3) Humongous regions: 2->2
[2025-12-25T12:02:12.692+0000][gc,metaspace] GC(3) Metaspace: 8162K(8448K)->8162K(8448K) NonClass: 7207K(7360K)->7207K(7360K) Class: 954K(1088K)->954K(1088K)
[2025-12-25T12:02:12.692+0000][gc          ] GC(3) Pause Young (Normal) (G1 Evacuation Pause) 95M->20M(1024M) 92.413ms
[2025-12-25T12:02:12.692+0000][gc,cpu      ] GC(3) User=0.10s Sys=0.03s Real=0.09s
[2025-12-25T12:02:31.977+0000][gc,start    ] GC(4) Pause Young (Normal) (G1 Evacuation Pause)
[2025-12-25T12:02:31.978+0000][gc,task     ] GC(4) Using 8 workers of 8 for evacuation
[2025-12-25T12:02:32.005+0000][gc,phases   ] GC(4)   Pre Evacuate Collection Set: 4.2ms
[2025-12-25T12:02:32.006+0000][gc,phases   ] GC(4)   Merge Heap Roots: 0.6ms
[2025-12-25T12:02:32.008+0000][gc,phases   ] GC(4)   Evacuate Collection Set: 18.4ms
[2025-12-25T12:02:32.008+0000][gc,phases   ] GC(4)   Post Evacuate Collection Set: 3.6ms
[2025-12-25T12:02:32.009+0000][gc,phases   ] GC(4)   Other: 0.7ms
[2025-12-25T12:02:32.010+0000][gc,heap     ] GC(4) Eden regions: 258->0(611)
[2025-12-25T12:02:32.011+0000][gc,heap     ] GC(4) Survivor regions: 3->3(33)
[2025-12-25T12:02:32.011+0000][gc,heap     ] GC(4) Old regions: 17->17
[2025-12-25T12:02:32.011+0000][gc,heap     ] GC(4) Humongous regions: 2->2
[2025-12-25T12:02:32.012+0000][gc,metaspace] GC(4) Metaspace: 8534K(8832K)->8534K(8832K) NonClass: 7573K(7744K)->7573K(7744K) Class: 961K(1088K)->961K(1088K)
[2025-12-25T12:02:32.012+0000][gc          ] GC(4) Pause Young (Normal) (G1 Evacuation Pause) 278M->21M(1024M) 34.851ms
[2025-12-25T12:02:32.012+0000][gc,cpu      ] GC(4) User=0.05s Sys=0.00s Real=0.04s
[2025-12-25T12:03:31.728+0000][gc,start    ] GC(5) Pause Young (Normal) (G1 Evacuation Pause)
[2025-12-25T12:03:31.729+0000][gc,task     ] GC(5) Using 8 workers of 8 for evacuation
[2025-12-25T12:03:31.783+0000][gc,phases   ] GC(5)   Pre Evacuate Collection Set: 18.6ms
[2025-12-25T12:03:31.783+0000][gc,phases   ] GC(5)   Merge Heap Roots: 1.2ms
[2025-12-25T12:03:31.784+0000][gc,phases   ] GC(5)   Evacuate Collection Set: 28.9ms
[2025-12-25T12:03:31.784+0000][gc,phases   ] GC(5)   Post Evacuate Collection Set: 4.0ms
[2025-12-25T12:03:31.784+0000][gc,phases   ] GC(5)   Other: 0.9ms
[2025-12-25T12:03:31.784+0000][gc,heap     ] GC(5) Eden regions: 611->0(611)
[2025-12-25T12:03:31.784+0000][gc,heap     ] GC(5) Survivor regions: 3->3(77)
[2025-12-25T12:03:31.784+0000][gc,heap     ] GC(5) Old regions: 17->17
[2025-12-25T12:03:31.784+0000][gc,heap     ] GC(5) Humongous regions: 2->2
[2025-12-25T12:03:31.784+0000][gc,metaspace] GC(5) Metaspace: 9101K(9472K)->9101K(9472K) NonClass: 8128K(8320K)->8128K(8320K) Class: 973K(1152K)->973K(1152K)
[2025-12-25T12:03:31.787+0000][gc          ] GC(5) Pause Young (Normal) (G1 Evacuation Pause) 632M->21M(1024M) 59.124ms
[2025-12-25T12:03:31.787+0000][gc,cpu      ] GC(5) User=0.09s Sys=0.04s Real=0.06s
[2025-12-25T12:04:31.618+0000][gc,start    ] GC(6) Pause Young (Normal) (G1 Evacuation Pause)
[2025-12-25T12:04:31.619+0000][gc,task     ] GC(6) Using 8 workers of 8 for evacuation
[2025-12-25T12:04:31.626+0000][gc,phases   ] GC(6)   Pre Evacuate Collection Set: 1.4ms
[2025-12-25T12:04:31.627+0000][gc,phases   ] GC(6)   Merge Heap Roots: 0.2ms
[2025-12-25T12:04:31.627+0000][gc,phases   ] GC(6)   Evacuate Collection Set: 3.8ms
[2025-12-25T12:04:31.627+0000][gc,phases   ] GC(6)   Post Evacuate Collection Set: 1.9ms
[2025-12-25T12:04:31.627+0000][gc,phases   ] GC(6)   Other: 0.2ms
[2025-12-25T12:04:31.627+0000][gc,heap     ] GC(6) Eden regions: 611->0(611)
[2025-12-25T12:04:31.627+0000][gc,heap     ] GC(6) Survivor regions: 3->3(77)
[2025-12-25T12:04:31.627+0000][gc,heap     ] GC(6) Old regions: 17->17
[2025-12-25T12:04:31.627+0000][gc,heap     ] GC(6) Humongous regions: 2->2
[2025-12-25T12:04:31.627+0000][gc,metaspace] GC(6) Metaspace: 9506K(9856K)->9506K(9856K) NonClass: 8525K(8704K)->8525K(8704K) Class: 980K(1152K)->980K(1152K)
[2025-12-25T12:04:31.627+0000][gc          ] GC(6) Pause Young (Normal) (G1 Evacuation Pause) 632M->20M(1024M) 8.706ms
[2025-12-25T12:04:31.627+0000][gc,cpu      ] GC(6) User=0.04s Sys=0.00s Real=0.01s
[2025-12-25T12:05:31.571+0000][gc,start    ] GC(7) Pause Young (Normal) (G1 Evacuation Pause)
[2025-12-25T12:05:31.572+0000][gc,task     ] GC(7) Using 8 workers of 8 for evacuation
[2025-12-25T12:05:31.578+0000][gc,phases   ] GC(7)   Pre Evacuate Collection Set: 1.1ms
[2025-12-25T12:05:31.579+0000][gc,phases   ] GC(7)   Merge Heap Roots: 0.2ms
[2025-12-25T12:05:31.579+0000][gc,phases   ] GC(7)   Evacuate Collection Set: 3.7ms
[2025-12-25T12:05:31.579+0000][gc,phases   ] GC(7)   Post Evacuate Collection Set: 1.1ms
[2025-12-25T12:05:31.579+0000][gc,phases   ] GC(7)   Other: 0.2ms
[2025-12-25T12:05:31.579+0000][gc,heap     ] GC(7) Eden regions: 611->0(611)
[2025-12-25T12:05:31.579+0000][gc,heap     ] GC(7) Survivor regions: 3->3(77)
[2025-12-25T12:05:31.579+0000][gc,heap     ] GC(7) Old regions: 17->17
[2025-12-25T12:05:31.579+0000][gc,heap     ] GC(7) Humongous regions: 2->2
[2025-12-25T12:05:31.579+0000][gc,metaspace] GC(7) Metaspace: 9709K(10048K)->9709K(10048K) NonClass: 8727K(8896K)->8727K(8896K) Class: 982K(1152K)->982K(1152K)
[2025-12-25T12:05:31.579+0000][gc          ] GC(7) Pause Young (Normal) (G1 Evacuation Pause) 631M->20M(1024M) 8.570ms
[2025-12-25T12:05:31.579+0000][gc,cpu      ] GC(7) User=0.03s Sys=0.00s Real=0.01s
[2025-12-25T12:06:31.531+0000][gc,start    ] GC(8) Pause Young (Normal) (G1 Evacuation Pause)
[2025-12-25T12:06:31.532+0000][gc,task     ] GC(8) Using 8 workers of 8 for evacuation
[2025-12-25T12:06:31.542+0000][gc,phases   ] GC(8)   Pre Evacuate Collection Set: 1.3ms
[2025-12-25T12:06:31.543+0000][gc,phases   ] GC(8)   Merge Heap Roots: 0.2ms
[2025-12-25T12:06:31.543+0000][gc,phases   ] GC(8)   Evacuate Collection Set: 7.5ms
[2025-12-25T12:06:31.543+0000][gc,phases   ] GC(8)   Post Evacuate Collection Set: 1.4ms
[2025-12-25T12:06:31.543+0000][gc,phases   ] GC(8)   Other: 0.2ms
[2025-12-25T12:06:31.543+0000][gc,heap     ] GC(8) Eden regions: 611->0(611)
[2025-12-25T12:06:31.543+0000][gc,heap     ] GC(8) Survivor regions: 3->3(77)
[2025-12-25T12:06:31.543+0000][gc,heap     ] GC(8) Old regions: 17->17
[2025-12-25T12:06:31.543+0000][gc,heap     ] GC(8) Humongous regions: 2->2
[2025-12-25T12:06:31.543+0000][gc,metaspace] GC(8) Metaspace: 9906K(10240K)->9906K(10240K) NonClass: 8922K(9088K)->8922K(9088K) Class: 984K(1152K)->984K(1152K)
[2025-12-25T12:06:31.543+0000][gc          ] GC(8) Pause Young (Normal) (G1 Evacuation Pause) 631M->20M(1024M) 12.182ms
[2025-12-25T12:06:31.543+0000][gc,cpu      ] GC(8) User=0.07s Sys=0.00s Real=0.01s
[2025-12-25T12:07:31.456+0000][gc,start    ] GC(9) Pause Young (Normal) (G1 Evacuation Pause)
[2025-12-25T12:07:31.457+0000][gc,task     ] GC(9) Using 8 workers of 8 for evacuation
[2025-12-25T12:07:31.474+0000][gc,phases   ] GC(9)   Pre Evacuate Collection Set: 1.6ms
[2025-12-25T12:07:31.474+0000][gc,phases   ] GC(9)   Merge Heap Roots: 0.2ms
[2025-12-25T12:07:31.474+0000][gc,phases   ] GC(9)   Evacuate Collection Set: 13.3ms
[2025-12-25T12:07:31.474+0000][gc,phases   ] GC(9)   Post Evacuate Collection Set: 1.6ms
[2025-12-25T12:07:31.474+0000][gc,phases   ] GC(9)   Other: 0.3ms
[2025-12-25T12:07:31.475+0000][gc,heap     ] GC(9) Eden regions: 611->0(612)
[2025-12-25T12:07:31.475+0000][gc,heap     ] GC(9) Survivor regions: 3->2(77)
[2025-12-25T12:07:31.475+0000][gc,heap     ] GC(9) Old regions: 17->17
[2025-12-25T12:07:31.475+0000][gc,heap     ] GC(9) Humongous regions: 2->2
[2025-12-25T12:07:31.475+0000][gc,metaspace] GC(9) Metaspace: 9970K(10304K)->9970K(10304K) NonClass: 8984K(9152K)->8984K(9152K) Class: 986K(1152K)->986K(1152K)
[2025-12-25T12:07:31.475+0000][gc          ] GC(9) Pause Young (Normal) (G1 Evacuation Pause) 631M->20M(1024M) 18.542ms
[2025-12-25T12:07:31.475+0000][gc,cpu      ] GC(9) User=0.11s Sys=0.00s Real=0.01s
[2025-12-25T12:08:21.772+0000][gc,start    ] GC(10) Pause Young (Normal) (G1 Evacuation Pause)
[2025-12-25T12:08:21.772+0000][gc,task     ] GC(10) Using 8 workers of 8 for evacuation
[2025-12-25T12:08:21.781+0000][gc,phases   ] GC(10)   Pre Evacuate Collection Set: 1.0ms
[2025-12-25T12:08:21.781+0000][gc,phases   ] GC(10)   Merge Heap Roots: 0.2ms
[2025-12-25T12:08:21.781+0000][gc,phases   ] GC(10)   Evacuate Collection Set: 5.6ms
[2025-12-25T12:08:21.781+0000][gc,phases   ] GC(10)   Post Evacuate Collection Set: 1.3ms
[2025-12-25T12:08:21.781+0000][gc,phases   ] GC(10)   Other: 0.2ms
[2025-12-25T12:08:21.781+0000][gc,heap     ] GC(10) Eden regions: 612->0(610)
[2025-12-25T12:08:21.781+0000][gc,heap     ] GC(10) Survivor regions: 2->4(77)
[2025-12-25T12:08:21.781+0000][gc,heap     ] GC(10) Old regions: 17->17
[2025-12-25T12:08:21.781+0000][gc,heap     ] GC(10) Humongous regions: 2->2
[2025-12-25T12:08:21.781+0000][gc,metaspace] GC(10) Metaspace: 9997K(10368K)->9997K(10368K) NonClass: 9010K(9216K)->9010K(9216K) Class: 986K(1152K)->986K(1152K)
[2025-12-25T12:08:21.781+0000][gc          ] GC(10) Pause Young (Normal) (G1 Evacuation Pause) 632M->21M(1024M) 9.534ms
[2025-12-25T12:08:21.781+0000][gc,cpu      ] GC(10) User=0.05s Sys=0.00s Real=0.01s
[2025-12-25T12:09:21.724+0000][gc,start    ] GC(11) Pause Young (Normal) (G1 Evacuation Pause)
[2025-12-25T12:09:21.724+0000][gc,task     ] GC(11) Using 8 workers of 8 for evacuation
[2025-12-25T12:09:21.749+0000][gc,phases   ] GC(11)   Pre Evacuate Collection Set: 1.8ms
[2025-12-25T12:09:21.749+0000][gc,phases   ] GC(11)   Merge Heap Roots: 0.4ms
[2025-12-25T12:09:21.749+0000][gc,phases   ] GC(11)   Evacuate Collection Set: 10.5ms
[2025-12-25T12:09:21.750+0000][gc,phases   ] GC(11)   Post Evacuate Collection Set: 11.1ms
[2025-12-25T12:09:21.750+0000][gc,phases   ] GC(11)   Other: 0.5ms
[2025-12-25T12:09:21.750+0000][gc,heap     ] GC(11) Eden regions: 610->0(610)
[2025-12-25T12:09:21.750+0000][gc,heap     ] GC(11) Survivor regions: 4->4(77)
[2025-12-25T12:09:21.750+0000][gc,heap     ] GC(11) Old regions: 17->17
[2025-12-25T12:09:21.751+0000][gc,heap     ] GC(11) Humongous regions: 2->2
[2025-12-25T12:09:21.751+0000][gc,metaspace] GC(11) Metaspace: 10032K(10368K)->10032K(10368K) NonClass: 9044K(9216K)->9044K(9216K) Class: 987K(1152K)->987K(1152K)
[2025-12-25T12:09:21.751+0000][gc          ] GC(11) Pause Young (Normal) (G1 Evacuation Pause) 631M->21M(1024M) 27.400ms
[2025-12-25T12:09:21.752+0000][gc,cpu      ] GC(11) User=0.07s Sys=0.00s Real=0.03s
[2025-12-25T12:10:21.649+0000][gc,start    ] GC(12) Pause Young (Normal) (G1 Evacuation Pause)
[2025-12-25T12:10:21.650+0000][gc,task     ] GC(12) Using 8 workers of 8 for evacuation
[2025-12-25T12:10:21.657+0000][gc,phases   ] GC(12)   Pre Evacuate Collection Set: 1.2ms
[2025-12-25T12:10:21.657+0000][gc,phases   ] GC(12)   Merge Heap Roots: 0.2ms
[2025-12-25T12:10:21.657+0000][gc,phases   ] GC(12)   Evacuate Collection Set: 4.7ms
[2025-12-25T12:10:21.657+0000][gc,phases   ] GC(12)   Post Evacuate Collection Set: 1.2ms
[2025-12-25T12:10:21.657+0000][gc,phases   ] GC(12)   Other: 0.2ms
[2025-12-25T12:10:21.657+0000][gc,heap     ] GC(12) Eden regions: 610->0(611)
[2025-12-25T12:10:21.657+0000][gc,heap     ] GC(12) Survivor regions: 4->3(77)
[2025-12-25T12:10:21.658+0000][gc,heap     ] GC(12) Old regions: 17->17
[2025-12-25T12:10:21.658+0000][gc,heap     ] GC(12) Humongous regions: 2->2
[2025-12-25T12:10:21.658+0000][gc,metaspace] GC(12) Metaspace: 10067K(10368K)->10067K(10368K) NonClass: 9079K(9216K)->9079K(9216K) Class: 987K(1152K)->987K(1152K)
[2025-12-25T12:10:21.658+0000][gc          ] GC(12) Pause Young (Normal) (G1 Evacuation Pause) 631M->21M(1024M) 8.611ms
[2025-12-25T12:10:21.658+0000][gc,cpu      ] GC(12) User=0.04s Sys=0.00s Real=0.01s
[2025-12-25T12:11:21.583+0000][gc,start    ] GC(13) Pause Young (Normal) (G1 Evacuation Pause)
[2025-12-25T12:11:21.583+0000][gc,task     ] GC(13) Using 8 workers of 8 for evacuation
[2025-12-25T12:11:21.595+0000][gc,phases   ] GC(13)   Pre Evacuate Collection Set: 1.1ms
[2025-12-25T12:11:21.596+0000][gc,phases   ] GC(13)   Merge Heap Roots: 0.3ms
[2025-12-25T12:11:21.596+0000][gc,phases   ] GC(13)   Evacuate Collection Set: 7.0ms
[2025-12-25T12:11:21.596+0000][gc,phases   ] GC(13)   Post Evacuate Collection Set: 3.0ms
[2025-12-25T12:11:21.596+0000][gc,phases   ] GC(13)   Other: 0.3ms
[2025-12-25T12:11:21.596+0000][gc,heap     ] GC(13) Eden regions: 611->0(611)
[2025-12-25T12:11:21.596+0000][gc,heap     ] GC(13) Survivor regions: 3->3(77)
[2025-12-25T12:11:21.596+0000][gc,heap     ] GC(13) Old regions: 17->17
[2025-12-25T12:11:21.596+0000][gc,heap     ] GC(13) Humongous regions: 2->2
[2025-12-25T12:11:21.596+0000][gc,metaspace] GC(13) Metaspace: 10091K(10432K)->10091K(10432K) NonClass: 9103K(9280K)->9103K(9280K) Class: 987K(1152K)->987K(1152K)
[2025-12-25T12:11:21.596+0000][gc          ] GC(13) Pause Young (Normal) (G1 Evacuation Pause) 632M->21M(1024M) 13.270ms
[2025-12-25T12:11:21.596+0000][gc,cpu      ] GC(13) User=0.07s Sys=0.00s Real=0.01s
[2025-12-25T12:12:21.581+0000][gc,start    ] GC(14) Pause Young (Normal) (G1 Evacuation Pause)
[2025-12-25T12:12:21.581+0000][gc,task     ] GC(14) Using 8 workers of 8 for evacuation
[2025-12-25T12:12:21.590+0000][gc,phases   ] GC(14)   Pre Evacuate Collection Set: 1.2ms
[2025-12-25T12:12:21.590+0000][gc,phases   ] GC(14)   Merge Heap Roots: 0.2ms
[2025-12-25T12:12:21.590+0000][gc,phases   ] GC(14)   Evacuate Collection Set: 5.8ms
[2025-12-25T12:12:21.590+0000][gc,phases   ] GC(14)   Post Evacuate Collection Set: 1.5ms
[2025-12-25T12:12:21.590+0000][gc,phases   ] GC(14)   Other: 0.3ms
[2025-12-25T12:12:21.590+0000][gc,heap     ] GC(14) Eden regions: 611->0(611)
[2025-12-25T12:12:21.590+0000][gc,heap     ] GC(14) Survivor regions: 3->3(77)
[2025-12-25T12:12:21.590+0000][gc,heap     ] GC(14) Old regions: 17->17
[2025-12-25T12:12:21.590+0000][gc,heap     ] GC(14) Humongous regions: 2->2
[2025-12-25T12:12:21.591+0000][gc,metaspace] GC(14) Metaspace: 10169K(10496K)->10169K(10496K) NonClass: 9170K(9344K)->9170K(9344K) Class: 998K(1152K)->998K(1152K)
[2025-12-25T12:12:21.591+0000][gc          ] GC(14) Pause Young (Normal) (G1 Evacuation Pause) 632M->21M(1024M) 10.029ms
[2025-12-25T12:12:21.591+0000][gc,cpu      ] GC(14) User=0.05s Sys=0.00s Real=0.01s
[2025-12-25T12:13:21.605+0000][gc,start    ] GC(15) Pause Young (Normal) (G1 Evacuation Pause)
[2025-12-25T12:13:21.607+0000][gc,task     ] GC(15) Using 8 workers of 8 for evacuation
[2025-12-25T12:13:21.624+0000][gc,phases   ] GC(15)   Pre Evacuate Collection Set: 4.0ms
[2025-12-25T12:13:21.624+0000][gc,phases   ] GC(15)   Merge Heap Roots: 0.7ms
[2025-12-25T12:13:21.624+0000][gc,phases   ] GC(15)   Evacuate Collection Set: 9.8ms
[2025-12-25T12:13:21.624+0000][gc,phases   ] GC(15)   Post Evacuate Collection Set: 1.5ms
[2025-12-25T12:13:21.624+0000][gc,phases   ] GC(15)   Other: 1.0ms
[2025-12-25T12:13:21.624+0000][gc,heap     ] GC(15) Eden regions: 611->0(611)
[2025-12-25T12:13:21.624+0000][gc,heap     ] GC(15) Survivor regions: 3->3(77)
[2025-12-25T12:13:21.624+0000][gc,heap     ] GC(15) Old regions: 17->17
[2025-12-25T12:13:21.624+0000][gc,heap     ] GC(15) Humongous regions: 2->2
[2025-12-25T12:13:21.624+0000][gc,metaspace] GC(15) Metaspace: 10214K(10496K)->10214K(10496K) NonClass: 9212K(9344K)->9212K(9344K) Class: 1001K(1152K)->1001K(1152K)
[2025-12-25T12:13:21.624+0000][gc          ] GC(15) Pause Young (Normal) (G1 Evacuation Pause) 632M->20M(1024M) 18.919ms
[2025-12-25T12:13:21.624+0000][gc,cpu      ] GC(15) User=0.10s Sys=0.00s Real=0.02s
[2025-12-25T12:14:21.551+0000][gc,start    ] GC(16) Pause Young (Normal) (G1 Evacuation Pause)
[2025-12-25T12:14:21.551+0000][gc,task     ] GC(16) Using 8 workers of 8 for evacuation
[2025-12-25T12:14:21.561+0000][gc,phases   ] GC(16)   Pre Evacuate Collection Set: 1.6ms
[2025-12-25T12:14:21.561+0000][gc,phases   ] GC(16)   Merge Heap Roots: 0.2ms
[2025-12-25T12:14:21.561+0000][gc,phases   ] GC(16)   Evacuate Collection Set: 6.1ms
[2025-12-25T12:14:21.561+0000][gc,phases   ] GC(16)   Post Evacuate Collection Set: 1.7ms
[2025-12-25T12:14:21.562+0000][gc,phases   ] GC(16)   Other: 0.3ms
[2025-12-25T12:14:21.562+0000][gc,heap     ] GC(16) Eden regions: 611->0(611)
[2025-12-25T12:14:21.562+0000][gc,heap     ] GC(16) Survivor regions: 3->3(77)
[2025-12-25T12:14:21.562+0000][gc,heap     ] GC(16) Old regions: 17->17
[2025-12-25T12:14:21.562+0000][gc,heap     ] GC(16) Humongous regions: 2->2
[2025-12-25T12:14:21.562+0000][gc,metaspace] GC(16) Metaspace: 10224K(10560K)->10224K(10560K) NonClass: 9222K(9408K)->9222K(9408K) Class: 1001K(1152K)->1001K(1152K)
[2025-12-25T12:14:21.562+0000][gc          ] GC(16) Pause Young (Normal) (G1 Evacuation Pause) 631M->20M(1024M) 11.603ms
[2025-12-25T12:14:21.562+0000][gc,cpu      ] GC(16) User=0.05s Sys=0.01s Real=0.01s
[2025-12-25T12:15:11.878+0000][gc,start    ] GC(17) Pause Young (Normal) (G1 Evacuation Pause)
[2025-12-25T12:15:11.878+0000][gc,task     ] GC(17) Using 8 workers of 8 for evacuation
[2025-12-25T12:15:11.898+0000][gc,phases   ] GC(17)   Pre Evacuate Collection Set: 5.2ms
[2025-12-25T12:15:11.899+0000][gc,phases   ] GC(17)   Merge Heap Roots: 0.3ms
[2025-12-25T12:15:11.899+0000][gc,phases   ] GC(17)   Evacuate Collection Set: 12.9ms
[2025-12-25T12:15:11.899+0000][gc,phases   ] GC(17)   Post Evacuate Collection Set: 1.5ms
[2025-12-25T12:15:11.899+0000][gc,phases   ] GC(17)   Other: 0.3ms
[2025-12-25T12:15:11.899+0000][gc,heap     ] GC(17) Eden regions: 611->0(611)
[2025-12-25T12:15:11.899+0000][gc,heap     ] GC(17) Survivor regions: 3->3(77)
[2025-12-25T12:15:11.899+0000][gc,heap     ] GC(17) Old regions: 17->18
[2025-12-25T12:15:11.899+0000][gc,heap     ] GC(17) Humongous regions: 2->2
[2025-12-25T12:15:11.899+0000][gc,metaspace] GC(17) Metaspace: 10245K(10624K)->10245K(10624K) NonClass: 9244K(9472K)->9244K(9472K) Class: 1001K(1152K)->1001K(1152K)
[2025-12-25T12:15:11.899+0000][gc          ] GC(17) Pause Young (Normal) (G1 Evacuation Pause) 631M->21M(1024M) 21.482ms
[2025-12-25T12:15:11.899+0000][gc,cpu      ] GC(17) User=0.12s Sys=0.00s Real=0.03s
[2025-12-25T12:16:11.842+0000][gc,start    ] GC(18) Pause Young (Normal) (G1 Evacuation Pause)
[2025-12-25T12:16:11.842+0000][gc,task     ] GC(18) Using 8 workers of 8 for evacuation
[2025-12-25T12:16:11.853+0000][gc,phases   ] GC(18)   Pre Evacuate Collection Set: 1.6ms
[2025-12-25T12:16:11.854+0000][gc,phases   ] GC(18)   Merge Heap Roots: 0.4ms
[2025-12-25T12:16:11.854+0000][gc,phases   ] GC(18)   Evacuate Collection Set: 5.7ms
[2025-12-25T12:16:11.854+0000][gc,phases   ] GC(18)   Post Evacuate Collection Set: 3.0ms
[2025-12-25T12:16:11.854+0000][gc,phases   ] GC(18)   Other: 0.4ms
[2025-12-25T12:16:11.854+0000][gc,heap     ] GC(18) Eden regions: 611->0(612)
[2025-12-25T12:16:11.854+0000][gc,heap     ] GC(18) Survivor regions: 3->2(77)
[2025-12-25T12:16:11.854+0000][gc,heap     ] GC(18) Old regions: 18->18
[2025-12-25T12:16:11.854+0000][gc,heap     ] GC(18) Humongous regions: 2->2
[2025-12-25T12:16:11.854+0000][gc,metaspace] GC(18) Metaspace: 10294K(10624K)->10294K(10624K) NonClass: 9291K(9472K)->9291K(9472K) Class: 1002K(1152K)->1002K(1152K)
[2025-12-25T12:16:11.854+0000][gc          ] GC(18) Pause Young (Normal) (G1 Evacuation Pause) 632M->21M(1024M) 12.737ms
[2025-12-25T12:16:11.854+0000][gc,cpu      ] GC(18) User=0.06s Sys=0.00s Real=0.01s
[2025-12-25T12:17:11.746+0000][gc,start    ] GC(19) Pause Young (Normal) (G1 Evacuation Pause)
[2025-12-25T12:17:11.747+0000][gc,task     ] GC(19) Using 8 workers of 8 for evacuation
[2025-12-25T12:17:11.755+0000][gc,phases   ] GC(19)   Pre Evacuate Collection Set: 1.5ms
[2025-12-25T12:17:11.755+0000][gc,phases   ] GC(19)   Merge Heap Roots: 0.2ms
[2025-12-25T12:17:11.755+0000][gc,phases   ] GC(19)   Evacuate Collection Set: 4.2ms
[2025-12-25T12:17:11.756+0000][gc,phases   ] GC(19)   Post Evacuate Collection Set: 2.6ms
[2025-12-25T12:17:11.756+0000][gc,phases   ] GC(19)   Other: 0.2ms
[2025-12-25T12:17:11.756+0000][gc,heap     ] GC(19) Eden regions: 612->0(612)
[2025-12-25T12:17:11.756+0000][gc,heap     ] GC(19) Survivor regions: 2->2(77)
[2025-12-25T12:17:11.756+0000][gc,heap     ] GC(19) Old regions: 18->18
[2025-12-25T12:17:11.756+0000][gc,heap     ] GC(19) Humongous regions: 2->2
[2025-12-25T12:17:11.756+0000][gc,metaspace] GC(19) Metaspace: 10299K(10624K)->10299K(10624K) NonClass: 9296K(9472K)->9296K(9472K) Class: 1002K(1152K)->1002K(1152K)
[2025-12-25T12:17:11.756+0000][gc          ] GC(19) Pause Young (Normal) (G1 Evacuation Pause) 633M->21M(1024M) 9.716ms
[2025-12-25T12:17:11.756+0000][gc,cpu      ] GC(19) User=0.05s Sys=0.00s Real=0.01s
[2025-12-25T12:18:11.735+0000][gc,start    ] GC(20) Pause Young (Normal) (G1 Evacuation Pause)
[2025-12-25T12:18:11.737+0000][gc,task     ] GC(20) Using 8 workers of 8 for evacuation
[2025-12-25T12:18:11.747+0000][gc,phases   ] GC(20)   Pre Evacuate Collection Set: 1.6ms
[2025-12-25T12:18:11.747+0000][gc,phases   ] GC(20)   Merge Heap Roots: 0.4ms
[2025-12-25T12:18:11.747+0000][gc,phases   ] GC(20)   Evacuate Collection Set: 4.2ms
[2025-12-25T12:18:11.747+0000][gc,phases   ] GC(20)   Post Evacuate Collection Set: 3.3ms
[2025-12-25T12:18:11.747+0000][gc,phases   ] GC(20)   Other: 0.3ms
[2025-12-25T12:18:11.747+0000][gc,heap     ] GC(20) Eden regions: 612->0(612)
[2025-12-25T12:18:11.747+0000][gc,heap     ] GC(20) Survivor regions: 2->2(77)
[2025-12-25T12:18:11.747+0000][gc,heap     ] GC(20) Old regions: 18->18
[2025-12-25T12:18:11.747+0000][gc,heap     ] GC(20) Humongous regions: 2->2
[2025-12-25T12:18:11.747+0000][gc,metaspace] GC(20) Metaspace: 10317K(10624K)->10317K(10624K) NonClass: 9314K(9472K)->9314K(9472K) Class: 1002K(1152K)->1002K(1152K)
[2025-12-25T12:18:11.747+0000][gc          ] GC(20) Pause Young (Normal) (G1 Evacuation Pause) 633M->21M(1024M) 12.134ms
[2025-12-25T12:18:11.747+0000][gc,cpu      ] GC(20) User=0.06s Sys=0.01s Real=0.01s
[2025-12-25T12:19:11.671+0000][gc,start    ] GC(21) Pause Young (Normal) (G1 Evacuation Pause)
[2025-12-25T12:19:11.671+0000][gc,task     ] GC(21) Using 8 workers of 8 for evacuation
[2025-12-25T12:19:11.680+0000][gc,phases   ] GC(21)   Pre Evacuate Collection Set: 1.6ms
[2025-12-25T12:19:11.680+0000][gc,phases   ] GC(21)   Merge Heap Roots: 0.2ms
[2025-12-25T12:19:11.680+0000][gc,phases   ] GC(21)   Evacuate Collection Set: 3.0ms
[2025-12-25T12:19:11.680+0000][gc,phases   ] GC(21)   Post Evacuate Collection Set: 3.0ms
[2025-12-25T12:19:11.680+0000][gc,phases   ] GC(21)   Other: 0.6ms
[2025-12-25T12:19:11.680+0000][gc,heap     ] GC(21) Eden regions: 612->0(612)
[2025-12-25T12:19:11.680+0000][gc,heap     ] GC(21) Survivor regions: 2->2(77)
[2025-12-25T12:19:11.680+0000][gc,heap     ] GC(21) Old regions: 18->18
[2025-12-25T12:19:11.680+0000][gc,heap     ] GC(21) Humongous regions: 2->2
[2025-12-25T12:19:11.680+0000][gc,metaspace] GC(21) Metaspace: 10346K(10688K)->10346K(10688K) NonClass: 9343K(9536K)->9343K(9536K) Class: 1003K(1152K)->1003K(1152K)
[2025-12-25T12:19:11.681+0000][gc          ] GC(21) Pause Young (Normal) (G1 Evacuation Pause) 633M->21M(1024M) 9.858ms
[2025-12-25T12:19:11.681+0000][gc,cpu      ] GC(21) User=0.04s Sys=0.00s Real=0.01s
[2025-12-25T12:20:11.677+0000][gc,start    ] GC(22) Pause Young (Normal) (G1 Evacuation Pause)
[2025-12-25T12:20:11.678+0000][gc,task     ] GC(22) Using 8 workers of 8 for evacuation
[2025-12-25T12:20:11.685+0000][gc,phases   ] GC(22)   Pre Evacuate Collection Set: 1.5ms
[2025-12-25T12:20:11.685+0000][gc,phases   ] GC(22)   Merge Heap Roots: 0.2ms
[2025-12-25T12:20:11.685+0000][gc,phases   ] GC(22)   Evacuate Collection Set: 3.0ms
[2025-12-25T12:20:11.685+0000][gc,phases   ] GC(22)   Post Evacuate Collection Set: 1.7ms
[2025-12-25T12:20:11.685+0000][gc,phases   ] GC(22)   Other: 0.3ms
[2025-12-25T12:20:11.685+0000][gc,heap     ] GC(22) Eden regions: 612->0(613)
[2025-12-25T12:20:11.685+0000][gc,heap     ] GC(22) Survivor regions: 2->1(77)
[2025-12-25T12:20:11.685+0000][gc,heap     ] GC(22) Old regions: 18->19
[2025-12-25T12:20:11.685+0000][gc,heap     ] GC(22) Humongous regions: 2->2
[2025-12-25T12:20:11.685+0000][gc,metaspace] GC(22) Metaspace: 10351K(10688K)->10351K(10688K) NonClass: 9348K(9536K)->9348K(9536K) Class: 1003K(1152K)->1003K(1152K)
[2025-12-25T12:20:11.685+0000][gc          ] GC(22) Pause Young (Normal) (G1 Evacuation Pause) 633M->20M(1024M) 8.577ms
[2025-12-25T12:20:11.686+0000][gc,cpu      ] GC(22) User=0.03s Sys=0.00s Real=0.01s
[2025-12-25T12:21:11.614+0000][gc,start    ] GC(23) Pause Young (Normal) (G1 Evacuation Pause)
[2025-12-25T12:21:11.614+0000][gc,task     ] GC(23) Using 8 workers of 8 for evacuation
[2025-12-25T12:21:11.621+0000][gc,phases   ] GC(23)   Pre Evacuate Collection Set: 1.4ms
[2025-12-25T12:21:11.621+0000][gc,phases   ] GC(23)   Merge Heap Roots: 0.3ms
[2025-12-25T12:21:11.621+0000][gc,phases   ] GC(23)   Evacuate Collection Set: 3.0ms
[2025-12-25T12:21:11.621+0000][gc,phases   ] GC(23)   Post Evacuate Collection Set: 1.4ms
[2025-12-25T12:21:11.621+0000][gc,phases   ] GC(23)   Other: 0.4ms
[2025-12-25T12:21:11.621+0000][gc,heap     ] GC(23) Eden regions: 613->0(613)
[2025-12-25T12:21:11.621+0000][gc,heap     ] GC(23) Survivor regions: 1->1(77)
[2025-12-25T12:21:11.621+0000][gc,heap     ] GC(23) Old regions: 19->19
[2025-12-25T12:21:11.621+0000][gc,heap     ] GC(23) Humongous regions: 2->2
[2025-12-25T12:21:11.621+0000][gc,metaspace] GC(23) Metaspace: 10367K(10688K)->10367K(10688K) NonClass: 9364K(9536K)->9364K(9536K) Class: 1003K(1152K)->1003K(1152K)
[2025-12-25T12:21:11.622+0000][gc          ] GC(23) Pause Young (Normal) (G1 Evacuation Pause) 633M->20M(1024M) 7.663ms
[2025-12-25T12:21:11.622+0000][gc,cpu      ] GC(23) User=0.04s Sys=0.00s Real=0.01s
[2025-12-25T12:22:11.520+0000][gc,start    ] GC(24) Pause Young (Normal) (G1 Evacuation Pause)
[2025-12-25T12:22:11.521+0000][gc,task     ] GC(24) Using 8 workers of 8 for evacuation
[2025-12-25T12:22:11.535+0000][gc,phases   ] GC(24)   Pre Evacuate Collection Set: 1.8ms
[2025-12-25T12:22:11.535+0000][gc,phases   ] GC(24)   Merge Heap Roots: 0.2ms
[2025-12-25T12:22:11.536+0000][gc,phases   ] GC(24)   Evacuate Collection Set: 9.7ms
[2025-12-25T12:22:11.536+0000][gc,phases   ] GC(24)   Post Evacuate Collection Set: 2.4ms
[2025-12-25T12:22:11.536+0000][gc,phases   ] GC(24)   Other: 0.2ms
[2025-12-25T12:22:11.536+0000][gc,heap     ] GC(24) Eden regions: 613->0(613)
[2025-12-25T12:22:11.536+0000][gc,heap     ] GC(24) Survivor regions: 1->1(77)
[2025-12-25T12:22:11.536+0000][gc,heap     ] GC(24) Old regions: 19->19
[2025-12-25T12:22:11.536+0000][gc,heap     ] GC(24) Humongous regions: 2->2
[2025-12-25T12:22:11.536+0000][gc,metaspace] GC(24) Metaspace: 10393K(10688K)->10393K(10688K) NonClass: 9390K(9536K)->9390K(9536K) Class: 1003K(1152K)->1003K(1152K)
[2025-12-25T12:22:11.536+0000][gc          ] GC(24) Pause Young (Normal) (G1 Evacuation Pause) 633M->20M(1024M) 15.635ms
[2025-12-25T12:22:11.536+0000][gc,cpu      ] GC(24) User=0.09s Sys=0.00s Real=0.01s
[2025-12-25T12:23:02.157+0000][gc,start    ] GC(25) Pause Young (Normal) (G1 Evacuation Pause)
[2025-12-25T12:23:02.158+0000][gc,task     ] GC(25) Using 8 workers of 8 for evacuation
[2025-12-25T12:23:02.169+0000][gc,phases   ] GC(25)   Pre Evacuate Collection Set: 2.4ms
[2025-12-25T12:23:02.169+0000][gc,phases   ] GC(25)   Merge Heap Roots: 1.9ms
[2025-12-25T12:23:02.169+0000][gc,phases   ] GC(25)   Evacuate Collection Set: 5.1ms
[2025-12-25T12:23:02.169+0000][gc,phases   ] GC(25)   Post Evacuate Collection Set: 1.7ms
[2025-12-25T12:23:02.170+0000][gc,phases   ] GC(25)   Other: 0.5ms
[2025-12-25T12:23:02.170+0000][gc,heap     ] GC(25) Eden regions: 613->0(612)
[2025-12-25T12:23:02.170+0000][gc,heap     ] GC(25) Survivor regions: 1->2(77)
[2025-12-25T12:23:02.170+0000][gc,heap     ] GC(25) Old regions: 19->19
[2025-12-25T12:23:02.170+0000][gc,heap     ] GC(25) Humongous regions: 2->2
[2025-12-25T12:23:02.170+0000][gc,metaspace] GC(25) Metaspace: 10616K(11008K)->10616K(11008K) NonClass: 9580K(9792K)->9580K(9792K) Class: 1036K(1216K)->1036K(1216K)
[2025-12-25T12:23:02.170+0000][gc          ] GC(25) Pause Young (Normal) (G1 Evacuation Pause) 633M->21M(1024M) 12.708ms
[2025-12-25T12:23:02.170+0000][gc,cpu      ] GC(25) User=0.06s Sys=0.01s Real=0.01s
[2025-12-25T12:24:01.804+0000][gc,start    ] GC(26) Pause Young (Normal) (G1 Evacuation Pause)
[2025-12-25T12:24:01.804+0000][gc,task     ] GC(26) Using 8 workers of 8 for evacuation
[2025-12-25T12:24:01.811+0000][gc,phases   ] GC(26)   Pre Evacuate Collection Set: 1.2ms
[2025-12-25T12:24:01.812+0000][gc,phases   ] GC(26)   Merge Heap Roots: 0.2ms
[2025-12-25T12:24:01.812+0000][gc,phases   ] GC(26)   Evacuate Collection Set: 3.3ms
[2025-12-25T12:24:01.812+0000][gc,phases   ] GC(26)   Post Evacuate Collection Set: 1.9ms
[2025-12-25T12:24:01.812+0000][gc,phases   ] GC(26)   Other: 0.2ms
[2025-12-25T12:24:01.812+0000][gc,heap     ] GC(26) Eden regions: 612->0(612)
[2025-12-25T12:24:01.812+0000][gc,heap     ] GC(26) Survivor regions: 2->2(77)
[2025-12-25T12:24:01.812+0000][gc,heap     ] GC(26) Old regions: 19->19
[2025-12-25T12:24:01.812+0000][gc,heap     ] GC(26) Humongous regions: 2->2
[2025-12-25T12:24:01.812+0000][gc,metaspace] GC(26) Metaspace: 10655K(11008K)->10655K(11008K) NonClass: 9616K(9792K)->9616K(9792K) Class: 1038K(1216K)->1038K(1216K)
[2025-12-25T12:24:01.812+0000][gc          ] GC(26) Pause Young (Normal) (G1 Evacuation Pause) 633M->21M(1024M) 8.571ms
[2025-12-25T12:24:01.813+0000][gc,cpu      ] GC(26) User=0.04s Sys=0.00s Real=0.01s
[2025-12-25T12:25:01.906+0000][gc,start    ] GC(27) Pause Young (Normal) (G1 Evacuation Pause)
[2025-12-25T12:25:01.907+0000][gc,task     ] GC(27) Using 8 workers of 8 for evacuation
[2025-12-25T12:25:01.923+0000][gc,phases   ] GC(27)   Pre Evacuate Collection Set: 4.6ms
[2025-12-25T12:25:01.924+0000][gc,phases   ] GC(27)   Merge Heap Roots: 0.4ms
[2025-12-25T12:25:01.924+0000][gc,phases   ] GC(27)   Evacuate Collection Set: 5.9ms
[2025-12-25T12:25:01.924+0000][gc,phases   ] GC(27)   Post Evacuate Collection Set: 5.1ms
[2025-12-25T12:25:01.924+0000][gc,phases   ] GC(27)   Other: 0.5ms
[2025-12-25T12:25:01.924+0000][gc,heap     ] GC(27) Eden regions: 612->0(612)
[2025-12-25T12:25:01.924+0000][gc,heap     ] GC(27) Survivor regions: 2->2(77)
[2025-12-25T12:25:01.924+0000][gc,heap     ] GC(27) Old regions: 19->19
[2025-12-25T12:25:01.925+0000][gc,heap     ] GC(27) Humongous regions: 2->2
[2025-12-25T12:25:01.925+0000][gc,metaspace] GC(27) Metaspace: 10655K(11072K)->10655K(11072K) NonClass: 9617K(9856K)->9617K(9856K) Class: 1038K(1216K)->1038K(1216K)
[2025-12-25T12:25:01.925+0000][gc          ] GC(27) Pause Young (Normal) (G1 Evacuation Pause) 633M->21M(1024M) 18.337ms
[2025-12-25T12:25:01.925+0000][gc,cpu      ] GC(27) User=0.09s Sys=0.00s Real=0.02s
[2025-12-25T12:26:01.713+0000][gc,start    ] GC(28) Pause Young (Normal) (G1 Evacuation Pause)
[2025-12-25T12:26:01.714+0000][gc,task     ] GC(28) Using 8 workers of 8 for evacuation
[2025-12-25T12:26:01.727+0000][gc,phases   ] GC(28)   Pre Evacuate Collection Set: 3.4ms
[2025-12-25T12:26:01.727+0000][gc,phases   ] GC(28)   Merge Heap Roots: 0.3ms
[2025-12-25T12:26:01.727+0000][gc,phases   ] GC(28)   Evacuate Collection Set: 3.7ms
[2025-12-25T12:26:01.727+0000][gc,phases   ] GC(28)   Post Evacuate Collection Set: 5.1ms
[2025-12-25T12:26:01.727+0000][gc,phases   ] GC(28)   Other: 0.3ms
[2025-12-25T12:26:01.727+0000][gc,heap     ] GC(28) Eden regions: 612->0(612)
[2025-12-25T12:26:01.727+0000][gc,heap     ] GC(28) Survivor regions: 2->2(77)
[2025-12-25T12:26:01.727+0000][gc,heap     ] GC(28) Old regions: 19->19
[2025-12-25T12:26:01.727+0000][gc,heap     ] GC(28) Humongous regions: 2->2
[2025-12-25T12:26:01.727+0000][gc,metaspace] GC(28) Metaspace: 10655K(11072K)->10655K(11072K) NonClass: 9617K(9856K)->9617K(9856K) Class: 1038K(1216K)->1038K(1216K)
[2025-12-25T12:26:01.727+0000][gc          ] GC(28) Pause Young (Normal) (G1 Evacuation Pause) 633M->21M(1024M) 14.116ms
[2025-12-25T12:26:01.727+0000][gc,cpu      ] GC(28) User=0.07s Sys=0.00s Real=0.01s
[2025-12-25T12:27:01.658+0000][gc,start    ] GC(29) Pause Young (Normal) (G1 Evacuation Pause)
[2025-12-25T12:27:01.658+0000][gc,task     ] GC(29) Using 8 workers of 8 for evacuation
[2025-12-25T12:27:01.668+0000][gc,phases   ] GC(29)   Pre Evacuate Collection Set: 2.4ms
[2025-12-25T12:27:01.668+0000][gc,phases   ] GC(29)   Merge Heap Roots: 0.4ms
[2025-12-25T12:27:01.668+0000][gc,phases   ] GC(29)   Evacuate Collection Set: 4.7ms
[2025-12-25T12:27:01.668+0000][gc,phases   ] GC(29)   Post Evacuate Collection Set: 1.6ms
[2025-12-25T12:27:01.668+0000][gc,phases   ] GC(29)   Other: 0.3ms
[2025-12-25T12:27:01.668+0000][gc,heap     ] GC(29) Eden regions: 612->0(612)
[2025-12-25T12:27:01.668+0000][gc,heap     ] GC(29) Survivor regions: 2->2(77)
[2025-12-25T12:27:01.668+0000][gc,heap     ] GC(29) Old regions: 19->19
[2025-12-25T12:27:01.668+0000][gc,heap     ] GC(29) Humongous regions: 2->2
[2025-12-25T12:27:01.668+0000][gc,metaspace] GC(29) Metaspace: 10655K(11072K)->10655K(11072K) NonClass: 9617K(9856K)->9617K(9856K) Class: 1038K(1216K)->1038K(1216K)
[2025-12-25T12:27:01.668+0000][gc          ] GC(29) Pause Young (Normal) (G1 Evacuation Pause) 633M->21M(1024M) 10.474ms
[2025-12-25T12:27:01.669+0000][gc,cpu      ] GC(29) User=0.05s Sys=0.00s Real=0.01s
[2025-12-25T12:28:01.652+0000][gc,start    ] GC(30) Pause Young (Normal) (G1 Evacuation Pause)
[2025-12-25T12:28:01.655+0000][gc,task     ] GC(30) Using 8 workers of 8 for evacuation
[2025-12-25T12:28:01.666+0000][gc,phases   ] GC(30)   Pre Evacuate Collection Set: 3.1ms
[2025-12-25T12:28:01.666+0000][gc,phases   ] GC(30)   Merge Heap Roots: 0.5ms
[2025-12-25T12:28:01.666+0000][gc,phases   ] GC(30)   Evacuate Collection Set: 5.1ms
[2025-12-25T12:28:01.666+0000][gc,phases   ] GC(30)   Post Evacuate Collection Set: 2.0ms
[2025-12-25T12:28:01.666+0000][gc,phases   ] GC(30)   Other: 0.3ms
[2025-12-25T12:28:01.666+0000][gc,heap     ] GC(30) Eden regions: 612->0(612)
[2025-12-25T12:28:01.666+0000][gc,heap     ] GC(30) Survivor regions: 2->2(77)
[2025-12-25T12:28:01.666+0000][gc,heap     ] GC(30) Old regions: 19->19
[2025-12-25T12:28:01.666+0000][gc,heap     ] GC(30) Humongous regions: 2->2
[2025-12-25T12:28:01.666+0000][gc,metaspace] GC(30) Metaspace: 10656K(11072K)->10656K(11072K) NonClass: 9617K(9856K)->9617K(9856K) Class: 1038K(1216K)->1038K(1216K)
[2025-12-25T12:28:01.666+0000][gc          ] GC(30) Pause Young (Normal) (G1 Evacuation Pause) 633M->21M(1024M) 14.593ms
[2025-12-25T12:28:01.666+0000][gc,cpu      ] GC(30) User=0.05s Sys=0.01s Real=0.01s
[2025-12-25T12:29:01.583+0000][gc,start    ] GC(31) Pause Young (Normal) (G1 Evacuation Pause)
[2025-12-25T12:29:01.584+0000][gc,task     ] GC(31) Using 8 workers of 8 for evacuation
[2025-12-25T12:29:01.600+0000][gc,phases   ] GC(31)   Pre Evacuate Collection Set: 4.1ms
[2025-12-25T12:29:01.600+0000][gc,phases   ] GC(31)   Merge Heap Roots: 0.3ms
[2025-12-25T12:29:01.601+0000][gc,phases   ] GC(31)   Evacuate Collection Set: 8.4ms
[2025-12-25T12:29:01.601+0000][gc,phases   ] GC(31)   Post Evacuate Collection Set: 3.4ms
[2025-12-25T12:29:01.601+0000][gc,phases   ] GC(31)   Other: 0.4ms
[2025-12-25T12:29:01.601+0000][gc,heap     ] GC(31) Eden regions: 612->0(613)
[2025-12-25T12:29:01.601+0000][gc,heap     ] GC(31) Survivor regions: 2->1(77)
[2025-12-25T12:29:01.601+0000][gc,heap     ] GC(31) Old regions: 19->19
[2025-12-25T12:29:01.601+0000][gc,heap     ] GC(31) Humongous regions: 2->2
[2025-12-25T12:29:01.601+0000][gc,metaspace] GC(31) Metaspace: 10664K(11072K)->10664K(11072K) NonClass: 9626K(9856K)->9626K(9856K) Class: 1038K(1216K)->1038K(1216K)
[2025-12-25T12:29:01.601+0000][gc          ] GC(31) Pause Young (Normal) (G1 Evacuation Pause) 633M->21M(1024M) 17.868ms
[2025-12-25T12:29:01.601+0000][gc,cpu      ] GC(31) User=0.08s Sys=0.00s Real=0.02s
[2025-12-25T12:30:01.565+0000][gc,start    ] GC(32) Pause Young (Normal) (G1 Evacuation Pause)
[2025-12-25T12:30:01.566+0000][gc,task     ] GC(32) Using 8 workers of 8 for evacuation
[2025-12-25T12:30:01.582+0000][gc,phases   ] GC(32)   Pre Evacuate Collection Set: 4.7ms
[2025-12-25T12:30:01.582+0000][gc,phases   ] GC(32)   Merge Heap Roots: 0.2ms
[2025-12-25T12:30:01.582+0000][gc,phases   ] GC(32)   Evacuate Collection Set: 8.4ms
[2025-12-25T12:30:01.582+0000][gc,phases   ] GC(32)   Post Evacuate Collection Set: 2.9ms
[2025-12-25T12:30:01.583+0000][gc,phases   ] GC(32)   Other: 0.2ms
[2025-12-25T12:30:01.583+0000][gc,heap     ] GC(32) Eden regions: 613->0(613)
[2025-12-25T12:30:01.583+0000][gc,heap     ] GC(32) Survivor regions: 1->1(77)
[2025-12-25T12:30:01.583+0000][gc,heap     ] GC(32) Old regions: 19->19
[2025-12-25T12:30:01.583+0000][gc,heap     ] GC(32) Humongous regions: 2->2
[2025-12-25T12:30:01.583+0000][gc,metaspace] GC(32) Metaspace: 10667K(11072K)->10667K(11072K) NonClass: 9628K(9856K)->9628K(9856K) Class: 1038K(1216K)->1038K(1216K)
[2025-12-25T12:30:01.583+0000][gc          ] GC(32) Pause Young (Normal) (G1 Evacuation Pause) 634M->20M(1024M) 17.910ms
[2025-12-25T12:30:01.583+0000][gc,cpu      ] GC(32) User=0.11s Sys=0.00s Real=0.02s
[2025-12-25T12:30:51.873+0000][gc,start    ] GC(33) Pause Young (Normal) (G1 Evacuation Pause)
[2025-12-25T12:30:51.873+0000][gc,task     ] GC(33) Using 8 workers of 8 for evacuation
[2025-12-25T12:30:51.879+0000][gc,phases   ] GC(33)   Pre Evacuate Collection Set: 1.0ms
[2025-12-25T12:30:51.879+0000][gc,phases   ] GC(33)   Merge Heap Roots: 0.2ms
[2025-12-25T12:30:51.879+0000][gc,phases   ] GC(33)   Evacuate Collection Set: 3.3ms
[2025-12-25T12:30:51.879+0000][gc,phases   ] GC(33)   Post Evacuate Collection Set: 1.4ms
[2025-12-25T12:30:51.879+0000][gc,phases   ] GC(33)   Other: 0.2ms
[2025-12-25T12:30:51.879+0000][gc,heap     ] GC(33) Eden regions: 613->0(612)
[2025-12-25T12:30:51.879+0000][gc,heap     ] GC(33) Survivor regions: 1->2(77)
[2025-12-25T12:30:51.880+0000][gc,heap     ] GC(33) Old regions: 19->19
[2025-12-25T12:30:51.880+0000][gc,heap     ] GC(33) Humongous regions: 2->2
[2025-12-25T12:30:51.880+0000][gc,metaspace] GC(33) Metaspace: 10675K(11072K)->10675K(11072K) NonClass: 9636K(9856K)->9636K(9856K) Class: 1038K(1216K)->1038K(1216K)
[2025-12-25T12:30:51.880+0000][gc          ] GC(33) Pause Young (Normal) (G1 Evacuation Pause) 633M->22M(1024M) 7.160ms
[2025-12-25T12:30:51.880+0000][gc,cpu      ] GC(33) User=0.03s Sys=0.01s Real=0.01s
[2025-12-25T12:31:51.991+0000][gc,start    ] GC(34) Pause Young (Normal) (G1 Evacuation Pause)
[2025-12-25T12:31:51.994+0000][gc,task     ] GC(34) Using 8 workers of 8 for evacuation
[2025-12-25T12:31:52.023+0000][gc,phases   ] GC(34)   Pre Evacuate Collection Set: 13.3ms
[2025-12-25T12:31:52.023+0000][gc,phases   ] GC(34)   Merge Heap Roots: 0.6ms
[2025-12-25T12:31:52.024+0000][gc,phases   ] GC(34)   Evacuate Collection Set: 12.2ms
[2025-12-25T12:31:52.024+0000][gc,phases   ] GC(34)   Post Evacuate Collection Set: 2.1ms
[2025-12-25T12:31:52.024+0000][gc,phases   ] GC(34)   Other: 3.1ms
[2025-12-25T12:31:52.024+0000][gc,heap     ] GC(34) Eden regions: 612->0(612)
[2025-12-25T12:31:52.024+0000][gc,heap     ] GC(34) Survivor regions: 2->2(77)
[2025-12-25T12:31:52.024+0000][gc,heap     ] GC(34) Old regions: 19->19
[2025-12-25T12:31:52.024+0000][gc,heap     ] GC(34) Humongous regions: 2->2
[2025-12-25T12:31:52.024+0000][gc,metaspace] GC(34) Metaspace: 10678K(11072K)->10678K(11072K) NonClass: 9639K(9856K)->9639K(9856K) Class: 1038K(1216K)->1038K(1216K)
[2025-12-25T12:31:52.024+0000][gc          ] GC(34) Pause Young (Normal) (G1 Evacuation Pause) 634M->22M(1024M) 33.414ms
[2025-12-25T12:31:52.024+0000][gc,cpu      ] GC(34) User=0.15s Sys=0.02s Real=0.03s
[2025-12-25T12:32:51.773+0000][gc,start    ] GC(35) Pause Young (Normal) (G1 Evacuation Pause)
[2025-12-25T12:32:51.774+0000][gc,task     ] GC(35) Using 8 workers of 8 for evacuation
[2025-12-25T12:32:51.784+0000][gc,phases   ] GC(35)   Pre Evacuate Collection Set: 1.6ms
[2025-12-25T12:32:51.784+0000][gc,phases   ] GC(35)   Merge Heap Roots: 0.2ms
[2025-12-25T12:32:51.784+0000][gc,phases   ] GC(35)   Evacuate Collection Set: 4.7ms
[2025-12-25T12:32:51.784+0000][gc,phases   ] GC(35)   Post Evacuate Collection Set: 2.7ms
[2025-12-25T12:32:51.784+0000][gc,phases   ] GC(35)   Other: 0.2ms
[2025-12-25T12:32:51.784+0000][gc,heap     ] GC(35) Eden regions: 612->0(612)
[2025-12-25T12:32:51.784+0000][gc,heap     ] GC(35) Survivor regions: 2->2(77)
[2025-12-25T12:32:51.784+0000][gc,heap     ] GC(35) Old regions: 19->19
[2025-12-25T12:32:51.784+0000][gc,heap     ] GC(35) Humongous regions: 2->2
[2025-12-25T12:32:51.784+0000][gc,metaspace] GC(35) Metaspace: 10685K(11072K)->10685K(11072K) NonClass: 9647K(9856K)->9647K(9856K) Class: 1038K(1216K)->1038K(1216K)
[2025-12-25T12:32:51.784+0000][gc          ] GC(35) Pause Young (Normal) (G1 Evacuation Pause) 634M->22M(1024M) 10.683ms
[2025-12-25T12:32:51.784+0000][gc,cpu      ] GC(35) User=0.06s Sys=0.00s Real=0.01s
[2025-12-25T12:33:52.323+0000][gc,start    ] GC(36) Pause Young (Normal) (G1 Evacuation Pause)
[2025-12-25T12:33:52.324+0000][gc,task     ] GC(36) Using 8 workers of 8 for evacuation
[2025-12-25T12:33:52.344+0000][gc,phases   ] GC(36)   Pre Evacuate Collection Set: 5.3ms
[2025-12-25T12:33:52.344+0000][gc,phases   ] GC(36)   Merge Heap Roots: 0.6ms
[2025-12-25T12:33:52.344+0000][gc,phases   ] GC(36)   Evacuate Collection Set: 11.2ms
[2025-12-25T12:33:52.344+0000][gc,phases   ] GC(36)   Post Evacuate Collection Set: 2.6ms
[2025-12-25T12:33:52.344+0000][gc,phases   ] GC(36)   Other: 0.4ms
[2025-12-25T12:33:52.344+0000][gc,heap     ] GC(36) Eden regions: 612->0(612)
[2025-12-25T12:33:52.344+0000][gc,heap     ] GC(36) Survivor regions: 2->2(77)
[2025-12-25T12:33:52.344+0000][gc,heap     ] GC(36) Old regions: 19->19
[2025-12-25T12:33:52.344+0000][gc,heap     ] GC(36) Humongous regions: 2->2
[2025-12-25T12:33:52.344+0000][gc,metaspace] GC(36) Metaspace: 10728K(11072K)->10728K(11072K) NonClass: 9689K(9856K)->9689K(9856K) Class: 1038K(1216K)->1038K(1216K)
[2025-12-25T12:33:52.345+0000][gc          ] GC(36) Pause Young (Normal) (G1 Evacuation Pause) 634M->21M(1024M) 21.433ms
[2025-12-25T12:33:52.345+0000][gc,cpu      ] GC(36) User=0.12s Sys=0.00s Real=0.03s
[2025-12-25T12:47:13.375+0000][gc,start    ] GC(37) Pause Young (Normal) (G1 Evacuation Pause)
[2025-12-25T12:47:13.376+0000][gc,task     ] GC(37) Using 8 workers of 8 for evacuation
[2025-12-25T12:47:13.384+0000][gc,phases   ] GC(37)   Pre Evacuate Collection Set: 1.5ms
[2025-12-25T12:47:13.384+0000][gc,phases   ] GC(37)   Merge Heap Roots: 0.3ms
[2025-12-25T12:47:13.384+0000][gc,phases   ] GC(37)   Evacuate Collection Set: 4.1ms
[2025-12-25T12:47:13.384+0000][gc,phases   ] GC(37)   Post Evacuate Collection Set: 1.3ms
[2025-12-25T12:47:13.384+0000][gc,phases   ] GC(37)   Other: 0.5ms
[2025-12-25T12:47:13.384+0000][gc,heap     ] GC(37) Eden regions: 612->0(612)
[2025-12-25T12:47:13.384+0000][gc,heap     ] GC(37) Survivor regions: 2->2(77)
[2025-12-25T12:47:13.384+0000][gc,heap     ] GC(37) Old regions: 19->19
[2025-12-25T12:47:13.384+0000][gc,heap     ] GC(37) Humongous regions: 11->11
[2025-12-25T12:47:13.385+0000][gc,metaspace] GC(37) Metaspace: 11171K(11520K)->11171K(11520K) NonClass: 10118K(10304K)->10118K(10304K) Class: 1053K(1216K)->1053K(1216K)
[2025-12-25T12:47:13.385+0000][gc          ] GC(37) Pause Young (Normal) (G1 Evacuation Pause) 642M->31M(1024M) 9.375ms
[2025-12-25T12:47:13.385+0000][gc,cpu      ] GC(37) User=0.04s Sys=0.00s Real=0.01s
[2025-12-25T12:48:03.512+0000][gc,start    ] GC(38) Pause Young (Normal) (G1 Evacuation Pause)
[2025-12-25T12:48:03.513+0000][gc,task     ] GC(38) Using 8 workers of 8 for evacuation
[2025-12-25T12:48:03.525+0000][gc,phases   ] GC(38)   Pre Evacuate Collection Set: 3.1ms
[2025-12-25T12:48:03.525+0000][gc,phases   ] GC(38)   Merge Heap Roots: 0.3ms
[2025-12-25T12:48:03.525+0000][gc,phases   ] GC(38)   Evacuate Collection Set: 6.6ms
[2025-12-25T12:48:03.525+0000][gc,phases   ] GC(38)   Post Evacuate Collection Set: 1.3ms
[2025-12-25T12:48:03.525+0000][gc,phases   ] GC(38)   Other: 0.4ms
[2025-12-25T12:48:03.525+0000][gc,heap     ] GC(38) Eden regions: 612->0(610)
[2025-12-25T12:48:03.525+0000][gc,heap     ] GC(38) Survivor regions: 2->4(77)
[2025-12-25T12:48:03.525+0000][gc,heap     ] GC(38) Old regions: 19->19
[2025-12-25T12:48:03.525+0000][gc,heap     ] GC(38) Humongous regions: 11->11
[2025-12-25T12:48:03.525+0000][gc,metaspace] GC(38) Metaspace: 11354K(11712K)->11354K(11712K) NonClass: 10299K(10496K)->10299K(10496K) Class: 1054K(1216K)->1054K(1216K)
[2025-12-25T12:48:03.525+0000][gc          ] GC(38) Pause Young (Normal) (G1 Evacuation Pause) 643M->32M(1024M) 13.252ms
[2025-12-25T12:48:03.525+0000][gc,cpu      ] GC(38) User=0.06s Sys=0.01s Real=0.01s
[2025-12-25T12:49:03.374+0000][gc,start    ] GC(39) Pause Young (Normal) (G1 Evacuation Pause)
[2025-12-25T12:49:03.375+0000][gc,task     ] GC(39) Using 8 workers of 8 for evacuation
[2025-12-25T12:49:03.390+0000][gc,phases   ] GC(39)   Pre Evacuate Collection Set: 2.7ms
[2025-12-25T12:49:03.390+0000][gc,phases   ] GC(39)   Merge Heap Roots: 0.2ms
[2025-12-25T12:49:03.390+0000][gc,phases   ] GC(39)   Evacuate Collection Set: 9.8ms
[2025-12-25T12:49:03.390+0000][gc,phases   ] GC(39)   Post Evacuate Collection Set: 2.0ms
[2025-12-25T12:49:03.390+0000][gc,phases   ] GC(39)   Other: 0.2ms
[2025-12-25T12:49:03.390+0000][gc,heap     ] GC(39) Eden regions: 610->0(610)
[2025-12-25T12:49:03.390+0000][gc,heap     ] GC(39) Survivor regions: 4->4(77)
[2025-12-25T12:49:03.390+0000][gc,heap     ] GC(39) Old regions: 19->19
[2025-12-25T12:49:03.390+0000][gc,heap     ] GC(39) Humongous regions: 11->11
[2025-12-25T12:49:03.390+0000][gc,metaspace] GC(39) Metaspace: 11421K(11776K)->11421K(11776K) NonClass: 10367K(10560K)->10367K(10560K) Class: 1054K(1216K)->1054K(1216K)
[2025-12-25T12:49:03.391+0000][gc          ] GC(39) Pause Young (Normal) (G1 Evacuation Pause) 642M->33M(1024M) 16.488ms
[2025-12-25T12:49:03.391+0000][gc,cpu      ] GC(39) User=0.09s Sys=0.00s Real=0.02s
[2025-12-25T12:50:03.165+0000][gc,start    ] GC(40) Pause Young (Normal) (G1 Evacuation Pause)
[2025-12-25T12:50:03.167+0000][gc,task     ] GC(40) Using 8 workers of 8 for evacuation
[2025-12-25T12:50:03.180+0000][gc,phases   ] GC(40)   Pre Evacuate Collection Set: 2.1ms
[2025-12-25T12:50:03.180+0000][gc,phases   ] GC(40)   Merge Heap Roots: 0.2ms
[2025-12-25T12:50:03.180+0000][gc,phases   ] GC(40)   Evacuate Collection Set: 8.7ms
[2025-12-25T12:50:03.180+0000][gc,phases   ] GC(40)   Post Evacuate Collection Set: 1.7ms
[2025-12-25T12:50:03.180+0000][gc,phases   ] GC(40)   Other: 0.3ms
[2025-12-25T12:50:03.180+0000][gc,heap     ] GC(40) Eden regions: 610->0(610)
[2025-12-25T12:50:03.180+0000][gc,heap     ] GC(40) Survivor regions: 4->4(77)
[2025-12-25T12:50:03.180+0000][gc,heap     ] GC(40) Old regions: 19->19
[2025-12-25T12:50:03.180+0000][gc,heap     ] GC(40) Humongous regions: 11->11
[2025-12-25T12:50:03.180+0000][gc,metaspace] GC(40) Metaspace: 11472K(11776K)->11472K(11776K) NonClass: 10417K(10560K)->10417K(10560K) Class: 1054K(1216K)->1054K(1216K)
[2025-12-25T12:50:03.180+0000][gc          ] GC(40) Pause Young (Normal) (G1 Evacuation Pause) 643M->33M(1024M) 14.978ms
[2025-12-25T12:50:03.180+0000][gc,cpu      ] GC(40) User=0.07s Sys=0.01s Real=0.02s
[2025-12-25T12:50:53.420+0000][gc,start    ] GC(41) Pause Young (Normal) (G1 Evacuation Pause)
[2025-12-25T12:50:53.421+0000][gc,task     ] GC(41) Using 8 workers of 8 for evacuation
[2025-12-25T12:50:53.449+0000][gc,phases   ] GC(41)   Pre Evacuate Collection Set: 6.4ms
[2025-12-25T12:50:53.449+0000][gc,phases   ] GC(41)   Merge Heap Roots: 0.7ms
[2025-12-25T12:50:53.449+0000][gc,phases   ] GC(41)   Evacuate Collection Set: 17.3ms
[2025-12-25T12:50:53.449+0000][gc,phases   ] GC(41)   Post Evacuate Collection Set: 1.9ms
[2025-12-25T12:50:53.449+0000][gc,phases   ] GC(41)   Other: 1.2ms
[2025-12-25T12:50:53.449+0000][gc,heap     ] GC(41) Eden regions: 610->0(608)
[2025-12-25T12:50:53.449+0000][gc,heap     ] GC(41) Survivor regions: 4->6(77)
[2025-12-25T12:50:53.449+0000][gc,heap     ] GC(41) Old regions: 19->19
[2025-12-25T12:50:53.449+0000][gc,heap     ] GC(41) Humongous regions: 11->11
[2025-12-25T12:50:53.449+0000][gc,metaspace] GC(41) Metaspace: 11537K(11904K)->11537K(11904K) NonClass: 10482K(10688K)->10482K(10688K) Class: 1054K(1216K)->1054K(1216K)
[2025-12-25T12:50:53.449+0000][gc          ] GC(41) Pause Young (Normal) (G1 Evacuation Pause) 643M->35M(1024M) 29.080ms
[2025-12-25T12:50:53.449+0000][gc,cpu      ] GC(41) User=0.15s Sys=0.01s Real=0.03s
[2025-12-25T12:51:53.227+0000][gc,start    ] GC(42) Pause Young (Normal) (G1 Evacuation Pause)
[2025-12-25T12:51:53.228+0000][gc,task     ] GC(42) Using 8 workers of 8 for evacuation
[2025-12-25T12:51:53.239+0000][gc,phases   ] GC(42)   Pre Evacuate Collection Set: 1.5ms
[2025-12-25T12:51:53.239+0000][gc,phases   ] GC(42)   Merge Heap Roots: 0.3ms
[2025-12-25T12:51:53.239+0000][gc,phases   ] GC(42)   Evacuate Collection Set: 7.6ms
[2025-12-25T12:51:53.239+0000][gc,phases   ] GC(42)   Post Evacuate Collection Set: 1.6ms
[2025-12-25T12:51:53.239+0000][gc,phases   ] GC(42)   Other: 0.2ms
[2025-12-25T12:51:53.239+0000][gc,heap     ] GC(42) Eden regions: 608->0(608)
[2025-12-25T12:51:53.239+0000][gc,heap     ] GC(42) Survivor regions: 6->6(77)
[2025-12-25T12:51:53.239+0000][gc,heap     ] GC(42) Old regions: 19->19
[2025-12-25T12:51:53.239+0000][gc,heap     ] GC(42) Humongous regions: 11->11
[2025-12-25T12:51:53.239+0000][gc,metaspace] GC(42) Metaspace: 11548K(11904K)->11548K(11904K) NonClass: 10493K(10688K)->10493K(10688K) Class: 1054K(1216K)->1054K(1216K)
[2025-12-25T12:51:53.240+0000][gc          ] GC(42) Pause Young (Normal) (G1 Evacuation Pause) 643M->35M(1024M) 12.467ms
[2025-12-25T12:51:53.240+0000][gc,cpu      ] GC(42) User=0.06s Sys=0.01s Real=0.01s
[2025-12-25T12:52:43.546+0000][gc,start    ] GC(43) Pause Young (Normal) (G1 Evacuation Pause)
[2025-12-25T12:52:43.547+0000][gc,task     ] GC(43) Using 8 workers of 8 for evacuation
[2025-12-25T12:52:43.560+0000][gc,phases   ] GC(43)   Pre Evacuate Collection Set: 3.0ms
[2025-12-25T12:52:43.560+0000][gc,phases   ] GC(43)   Merge Heap Roots: 0.2ms
[2025-12-25T12:52:43.560+0000][gc,phases   ] GC(43)   Evacuate Collection Set: 8.3ms
[2025-12-25T12:52:43.560+0000][gc,phases   ] GC(43)   Post Evacuate Collection Set: 1.2ms
[2025-12-25T12:52:43.560+0000][gc,phases   ] GC(43)   Other: 0.3ms
[2025-12-25T12:52:43.560+0000][gc,heap     ] GC(43) Eden regions: 608->0(606)
[2025-12-25T12:52:43.560+0000][gc,heap     ] GC(43) Survivor regions: 6->8(77)
[2025-12-25T12:52:43.560+0000][gc,heap     ] GC(43) Old regions: 19->19
[2025-12-25T12:52:43.560+0000][gc,heap     ] GC(43) Humongous regions: 11->11
[2025-12-25T12:52:43.560+0000][gc,metaspace] GC(43) Metaspace: 11580K(11968K)->11580K(11968K) NonClass: 10525K(10752K)->10525K(10752K) Class: 1054K(1216K)->1054K(1216K)
[2025-12-25T12:52:43.560+0000][gc          ] GC(43) Pause Young (Normal) (G1 Evacuation Pause) 643M->37M(1024M) 14.503ms
[2025-12-25T12:52:43.560+0000][gc,cpu      ] GC(43) User=0.07s Sys=0.01s Real=0.01s
[2025-12-25T12:53:43.218+0000][gc,start    ] GC(44) Pause Young (Normal) (G1 Evacuation Pause)
[2025-12-25T12:53:43.219+0000][gc,task     ] GC(44) Using 8 workers of 8 for evacuation
[2025-12-25T12:53:43.233+0000][gc,phases   ] GC(44)   Pre Evacuate Collection Set: 1.2ms
[2025-12-25T12:53:43.233+0000][gc,phases   ] GC(44)   Merge Heap Roots: 0.2ms
[2025-12-25T12:53:43.233+0000][gc,phases   ] GC(44)   Evacuate Collection Set: 9.8ms
[2025-12-25T12:53:43.233+0000][gc,phases   ] GC(44)   Post Evacuate Collection Set: 1.8ms
[2025-12-25T12:53:43.233+0000][gc,phases   ] GC(44)   Other: 0.6ms
[2025-12-25T12:53:43.233+0000][gc,heap     ] GC(44) Eden regions: 606->0(606)
[2025-12-25T12:53:43.233+0000][gc,heap     ] GC(44) Survivor regions: 8->8(77)
[2025-12-25T12:53:43.233+0000][gc,heap     ] GC(44) Old regions: 19->19
[2025-12-25T12:53:43.233+0000][gc,heap     ] GC(44) Humongous regions: 11->11
[2025-12-25T12:53:43.233+0000][gc,metaspace] GC(44) Metaspace: 11589K(11968K)->11589K(11968K) NonClass: 10534K(10752K)->10534K(10752K) Class: 1054K(1216K)->1054K(1216K)
[2025-12-25T12:53:43.234+0000][gc          ] GC(44) Pause Young (Normal) (G1 Evacuation Pause) 643M->37M(1024M) 15.023ms
[2025-12-25T12:53:43.234+0000][gc,cpu      ] GC(44) User=0.08s Sys=0.00s Real=0.01s
[2025-12-25T12:54:33.414+0000][gc,start    ] GC(45) Pause Young (Normal) (G1 Evacuation Pause)
[2025-12-25T12:54:33.415+0000][gc,task     ] GC(45) Using 8 workers of 8 for evacuation
[2025-12-25T12:54:33.437+0000][gc,phases   ] GC(45)   Pre Evacuate Collection Set: 1.6ms
[2025-12-25T12:54:33.437+0000][gc,phases   ] GC(45)   Merge Heap Roots: 0.2ms
[2025-12-25T12:54:33.437+0000][gc,phases   ] GC(45)   Evacuate Collection Set: 18.2ms
[2025-12-25T12:54:33.437+0000][gc,phases   ] GC(45)   Post Evacuate Collection Set: 1.5ms
[2025-12-25T12:54:33.437+0000][gc,phases   ] GC(45)   Other: 0.3ms
[2025-12-25T12:54:33.437+0000][gc,heap     ] GC(45) Eden regions: 606->0(604)
[2025-12-25T12:54:33.437+0000][gc,heap     ] GC(45) Survivor regions: 8->10(77)
[2025-12-25T12:54:33.437+0000][gc,heap     ] GC(45) Old regions: 19->19
[2025-12-25T12:54:33.437+0000][gc,heap     ] GC(45) Humongous regions: 11->11
[2025-12-25T12:54:33.437+0000][gc,metaspace] GC(45) Metaspace: 11594K(11968K)->11594K(11968K) NonClass: 10539K(10752K)->10539K(10752K) Class: 1054K(1216K)->1054K(1216K)
[2025-12-25T12:54:33.437+0000][gc          ] GC(45) Pause Young (Normal) (G1 Evacuation Pause) 643M->39M(1024M) 23.013ms
[2025-12-25T12:54:33.437+0000][gc,cpu      ] GC(45) User=0.08s Sys=0.08s Real=0.03s
