[2025-12-24T10:26:40.518+0000][gc,init] CardTable entry size: 512
[2025-12-24T10:26:40.519+0000][gc     ] Using G1
[2025-12-24T10:26:40.526+0000][gc,init] Version: 21.0.4+7-LTS (release)
[2025-12-24T10:26:40.526+0000][gc,init] CPUs: 8 total, 8 available
[2025-12-24T10:26:40.526+0000][gc,init] Memory: 13709M
[2025-12-24T10:26:40.526+0000][gc,init] Large Page Support: Disabled
[2025-12-24T10:26:40.527+0000][gc,init] NUMA Support: Disabled
[2025-12-24T10:26:40.527+0000][gc,init] Compressed Oops: Enabled (32-bit)
[2025-12-24T10:26:40.528+0000][gc,init] Heap Region Size: 1M
[2025-12-24T10:26:40.528+0000][gc,init] Heap Min Capacity: 1G
[2025-12-24T10:26:40.528+0000][gc,init] Heap Initial Capacity: 1G
[2025-12-24T10:26:40.529+0000][gc,init] Heap Max Capacity: 1G
[2025-12-24T10:26:40.530+0000][gc,init] Pre-touch: Disabled
[2025-12-24T10:26:40.530+0000][gc,init] Parallel Workers: 8
[2025-12-24T10:26:40.531+0000][gc,init] Concurrent Workers: 2
[2025-12-24T10:26:40.531+0000][gc,init] Concurrent Refinement Workers: 8
[2025-12-24T10:26:40.531+0000][gc,init] Periodic GC: Disabled
[2025-12-24T10:26:40.734+0000][gc,metaspace] CDS archive(s) mapped at: [0x000000c800000000-0x000000c800bd0000-0x000000c8036b0000), size 57344000, SharedBaseAddress: 0x000000c800000000, ArchiveRelocationMode: 1.
[2025-12-24T10:26:40.738+0000][gc,metaspace] Compressed class space mapped at: 0x000000c804000000-0x000000c844000000, reserved size: 1073741824
[2025-12-24T10:26:40.739+0000][gc,metaspace] Narrow klass base: 0x000000c800000000, Narrow klass shift: 0, Narrow klass range: 0x100000000
[2025-12-24T10:26:48.641+0000][gc,start    ] GC(0) Pause Young (Normal) (G1 Evacuation Pause)
[2025-12-24T10:26:48.668+0000][gc,task     ] GC(0) Using 8 workers of 8 for evacuation
[2025-12-24T10:26:48.830+0000][gc,phases   ] GC(0)   Pre Evacuate Collection Set: 2.2ms
[2025-12-24T10:26:48.830+0000][gc,phases   ] GC(0)   Merge Heap Roots: 2.3ms
[2025-12-24T10:26:48.832+0000][gc,phases   ] GC(0)   Evacuate Collection Set: 153.2ms
[2025-12-24T10:26:48.833+0000][gc,phases   ] GC(0)   Post Evacuate Collection Set: 2.2ms
[2025-12-24T10:26:48.833+0000][gc,phases   ] GC(0)   Other: 17.3ms
[2025-12-24T10:26:48.833+0000][gc,heap     ] GC(0) Eden regions: 51->0(44)
[2025-12-24T10:26:48.833+0000][gc,heap     ] GC(0) Survivor regions: 0->7(7)
[2025-12-24T10:26:48.833+0000][gc,heap     ] GC(0) Old regions: 1->7
[2025-12-24T10:26:48.833+0000][gc,heap     ] GC(0) Humongous regions: 2->2
[2025-12-24T10:26:48.834+0000][gc,metaspace] GC(0) Metaspace: 5656K(5952K)->5656K(5952K) NonClass: 5018K(5184K)->5018K(5184K) Class: 637K(768K)->637K(768K)
[2025-12-24T10:26:48.834+0000][gc          ] GC(0) Pause Young (Normal) (G1 Evacuation Pause) 53M->14M(1024M) 193.429ms
[2025-12-24T10:26:48.834+0000][gc,cpu      ] GC(0) User=0.11s Sys=0.11s Real=0.19s
[2025-12-24T10:26:55.611+0000][gc,start    ] GC(1) Pause Young (Normal) (G1 Evacuation Pause)
[2025-12-24T10:26:55.612+0000][gc,task     ] GC(1) Using 8 workers of 8 for evacuation
[2025-12-24T10:26:55.646+0000][gc,phases   ] GC(1)   Pre Evacuate Collection Set: 4.6ms
[2025-12-24T10:26:55.647+0000][gc,phases   ] GC(1)   Merge Heap Roots: 0.3ms
[2025-12-24T10:26:55.647+0000][gc,phases   ] GC(1)   Evacuate Collection Set: 27.4ms
[2025-12-24T10:26:55.648+0000][gc,phases   ] GC(1)   Post Evacuate Collection Set: 2.1ms
[2025-12-24T10:26:55.648+0000][gc,phases   ] GC(1)   Other: 0.4ms
[2025-12-24T10:26:55.650+0000][gc,heap     ] GC(1) Eden regions: 44->0(46)
[2025-12-24T10:26:55.650+0000][gc,heap     ] GC(1) Survivor regions: 7->5(7)
[2025-12-24T10:26:55.650+0000][gc,heap     ] GC(1) Old regions: 7->14
[2025-12-24T10:26:55.651+0000][gc,heap     ] GC(1) Humongous regions: 2->2
[2025-12-24T10:26:55.651+0000][gc,metaspace] GC(1) Metaspace: 7899K(8256K)->7899K(8256K) NonClass: 6967K(7168K)->6967K(7168K) Class: 931K(1088K)->931K(1088K)
[2025-12-24T10:26:55.652+0000][gc          ] GC(1) Pause Young (Normal) (G1 Evacuation Pause) 58M->19M(1024M) 40.467ms
[2025-12-24T10:26:55.652+0000][gc,cpu      ] GC(1) User=0.09s Sys=0.03s Real=0.04s
[2025-12-24T10:26:56.065+0000][gc,start    ] GC(2) Pause Young (Normal) (G1 Evacuation Pause)
[2025-12-24T10:26:56.066+0000][gc,task     ] GC(2) Using 8 workers of 8 for evacuation
[2025-12-24T10:26:56.075+0000][gc,phases   ] GC(2)   Pre Evacuate Collection Set: 0.2ms
[2025-12-24T10:26:56.076+0000][gc,phases   ] GC(2)   Merge Heap Roots: 0.1ms
[2025-12-24T10:26:56.076+0000][gc,phases   ] GC(2)   Evacuate Collection Set: 9.1ms
[2025-12-24T10:26:56.076+0000][gc,phases   ] GC(2)   Post Evacuate Collection Set: 0.4ms
[2025-12-24T10:26:56.076+0000][gc,phases   ] GC(2)   Other: 0.1ms
[2025-12-24T10:26:56.076+0000][gc,heap     ] GC(2) Eden regions: 46->0(110)
[2025-12-24T10:26:56.076+0000][gc,heap     ] GC(2) Survivor regions: 5->1(7)
[2025-12-24T10:26:56.076+0000][gc,heap     ] GC(2) Old regions: 14->18
[2025-12-24T10:26:56.076+0000][gc,heap     ] GC(2) Humongous regions: 2->2
[2025-12-24T10:26:56.076+0000][gc,metaspace] GC(2) Metaspace: 8020K(8320K)->8020K(8320K) NonClass: 7074K(7232K)->7074K(7232K) Class: 945K(1088K)->945K(1088K)
[2025-12-24T10:26:56.076+0000][gc          ] GC(2) Pause Young (Normal) (G1 Evacuation Pause) 65M->20M(1024M) 10.737ms
[2025-12-24T10:26:56.076+0000][gc,cpu      ] GC(2) User=0.01s Sys=0.01s Real=0.01s
[2025-12-24T10:27:05.863+0000][gc,start    ] GC(3) Pause Young (Normal) (G1 Evacuation Pause)
[2025-12-24T10:27:05.863+0000][gc,task     ] GC(3) Using 8 workers of 8 for evacuation
[2025-12-24T10:27:05.878+0000][gc,phases   ] GC(3)   Pre Evacuate Collection Set: 2.5ms
[2025-12-24T10:27:05.878+0000][gc,phases   ] GC(3)   Merge Heap Roots: 0.4ms
[2025-12-24T10:27:05.879+0000][gc,phases   ] GC(3)   Evacuate Collection Set: 10.3ms
[2025-12-24T10:27:05.879+0000][gc,phases   ] GC(3)   Post Evacuate Collection Set: 1.1ms
[2025-12-24T10:27:05.879+0000][gc,phases   ] GC(3)   Other: 0.5ms
[2025-12-24T10:27:05.879+0000][gc,heap     ] GC(3) Eden regions: 118->0(611)
[2025-12-24T10:27:05.879+0000][gc,heap     ] GC(3) Survivor regions: 1->3(15)
[2025-12-24T10:27:05.879+0000][gc,heap     ] GC(3) Old regions: 18->18
[2025-12-24T10:27:05.879+0000][gc,heap     ] GC(3) Humongous regions: 2->2
[2025-12-24T10:27:05.879+0000][gc,metaspace] GC(3) Metaspace: 8273K(8576K)->8273K(8576K) NonClass: 7322K(7488K)->7322K(7488K) Class: 950K(1088K)->950K(1088K)
[2025-12-24T10:27:05.880+0000][gc          ] GC(3) Pause Young (Normal) (G1 Evacuation Pause) 138M->22M(1024M) 17.064ms
[2025-12-24T10:27:05.880+0000][gc,cpu      ] GC(3) User=0.08s Sys=0.01s Real=0.02s
[2025-12-24T10:28:05.571+0000][gc,start    ] GC(4) Pause Young (Normal) (G1 Evacuation Pause)
[2025-12-24T10:28:05.571+0000][gc,task     ] GC(4) Using 8 workers of 8 for evacuation
[2025-12-24T10:28:05.580+0000][gc,phases   ] GC(4)   Pre Evacuate Collection Set: 1.2ms
[2025-12-24T10:28:05.580+0000][gc,phases   ] GC(4)   Merge Heap Roots: 0.2ms
[2025-12-24T10:28:05.580+0000][gc,phases   ] GC(4)   Evacuate Collection Set: 5.1ms
[2025-12-24T10:28:05.580+0000][gc,phases   ] GC(4)   Post Evacuate Collection Set: 1.9ms
[2025-12-24T10:28:05.580+0000][gc,phases   ] GC(4)   Other: 0.2ms
[2025-12-24T10:28:05.580+0000][gc,heap     ] GC(4) Eden regions: 611->0(611)
[2025-12-24T10:28:05.580+0000][gc,heap     ] GC(4) Survivor regions: 3->3(77)
[2025-12-24T10:28:05.580+0000][gc,heap     ] GC(4) Old regions: 18->18
[2025-12-24T10:28:05.580+0000][gc,heap     ] GC(4) Humongous regions: 2->2
[2025-12-24T10:28:05.580+0000][gc,metaspace] GC(4) Metaspace: 8942K(9216K)->8942K(9216K) NonClass: 7981K(8128K)->7981K(8128K) Class: 961K(1088K)->961K(1088K)
[2025-12-24T10:28:05.580+0000][gc          ] GC(4) Pause Young (Normal) (G1 Evacuation Pause) 633M->22M(1024M) 9.406ms
[2025-12-24T10:28:05.580+0000][gc,cpu      ] GC(4) User=0.05s Sys=0.00s Real=0.01s
[2025-12-24T10:29:05.490+0000][gc,start    ] GC(5) Pause Young (Normal) (G1 Evacuation Pause)
[2025-12-24T10:29:05.490+0000][gc,task     ] GC(5) Using 8 workers of 8 for evacuation
[2025-12-24T10:29:05.499+0000][gc,phases   ] GC(5)   Pre Evacuate Collection Set: 0.8ms
[2025-12-24T10:29:05.499+0000][gc,phases   ] GC(5)   Merge Heap Roots: 0.2ms
[2025-12-24T10:29:05.500+0000][gc,phases   ] GC(5)   Evacuate Collection Set: 3.6ms
[2025-12-24T10:29:05.500+0000][gc,phases   ] GC(5)   Post Evacuate Collection Set: 3.9ms
[2025-12-24T10:29:05.500+0000][gc,phases   ] GC(5)   Other: 0.2ms
[2025-12-24T10:29:05.500+0000][gc,heap     ] GC(5) Eden regions: 611->0(611)
[2025-12-24T10:29:05.500+0000][gc,heap     ] GC(5) Survivor regions: 3->3(77)
[2025-12-24T10:29:05.500+0000][gc,heap     ] GC(5) Old regions: 18->18
[2025-12-24T10:29:05.500+0000][gc,heap     ] GC(5) Humongous regions: 2->2
[2025-12-24T10:29:05.500+0000][gc,metaspace] GC(5) Metaspace: 9287K(9536K)->9287K(9536K) NonClass: 8322K(8448K)->8322K(8448K) Class: 964K(1088K)->964K(1088K)
[2025-12-24T10:29:05.501+0000][gc          ] GC(5) Pause Young (Normal) (G1 Evacuation Pause) 633M->21M(1024M) 10.449ms
[2025-12-24T10:29:05.501+0000][gc,cpu      ] GC(5) User=0.05s Sys=0.00s Real=0.01s
[2025-12-24T10:30:05.416+0000][gc,start    ] GC(6) Pause Young (Normal) (G1 Evacuation Pause)
[2025-12-24T10:30:05.416+0000][gc,task     ] GC(6) Using 8 workers of 8 for evacuation
[2025-12-24T10:30:05.427+0000][gc,phases   ] GC(6)   Pre Evacuate Collection Set: 1.1ms
[2025-12-24T10:30:05.427+0000][gc,phases   ] GC(6)   Merge Heap Roots: 0.2ms
[2025-12-24T10:30:05.427+0000][gc,phases   ] GC(6)   Evacuate Collection Set: 5.8ms
[2025-12-24T10:30:05.427+0000][gc,phases   ] GC(6)   Post Evacuate Collection Set: 3.0ms
[2025-12-24T10:30:05.428+0000][gc,phases   ] GC(6)   Other: 0.3ms
[2025-12-24T10:30:05.428+0000][gc,heap     ] GC(6) Eden regions: 611->0(611)
[2025-12-24T10:30:05.428+0000][gc,heap     ] GC(6) Survivor regions: 3->3(77)
[2025-12-24T10:30:05.428+0000][gc,heap     ] GC(6) Old regions: 18->18
[2025-12-24T10:30:05.428+0000][gc,heap     ] GC(6) Humongous regions: 2->2
[2025-12-24T10:30:05.428+0000][gc,metaspace] GC(6) Metaspace: 9613K(9920K)->9613K(9920K) NonClass: 8641K(8832K)->8641K(8832K) Class: 971K(1088K)->971K(1088K)
[2025-12-24T10:30:05.428+0000][gc          ] GC(6) Pause Young (Normal) (G1 Evacuation Pause) 632M->21M(1024M) 12.284ms
[2025-12-24T10:30:05.428+0000][gc,cpu      ] GC(6) User=0.05s Sys=0.00s Real=0.01s
[2025-12-24T10:30:55.687+0000][gc,start    ] GC(7) Pause Young (Normal) (G1 Evacuation Pause)
[2025-12-24T10:30:55.688+0000][gc,task     ] GC(7) Using 8 workers of 8 for evacuation
[2025-12-24T10:30:55.698+0000][gc,phases   ] GC(7)   Pre Evacuate Collection Set: 0.7ms
[2025-12-24T10:30:55.698+0000][gc,phases   ] GC(7)   Merge Heap Roots: 0.1ms
[2025-12-24T10:30:55.698+0000][gc,phases   ] GC(7)   Evacuate Collection Set: 3.7ms
[2025-12-24T10:30:55.698+0000][gc,phases   ] GC(7)   Post Evacuate Collection Set: 5.7ms
[2025-12-24T10:30:55.698+0000][gc,phases   ] GC(7)   Other: 0.2ms
[2025-12-24T10:30:55.698+0000][gc,heap     ] GC(7) Eden regions: 611->0(610)
[2025-12-24T10:30:55.698+0000][gc,heap     ] GC(7) Survivor regions: 3->4(77)
[2025-12-24T10:30:55.698+0000][gc,heap     ] GC(7) Old regions: 18->18
[2025-12-24T10:30:55.698+0000][gc,heap     ] GC(7) Humongous regions: 2->2
[2025-12-24T10:30:55.699+0000][gc,metaspace] GC(7) Metaspace: 9721K(10048K)->9721K(10048K) NonClass: 8746K(8896K)->8746K(8896K) Class: 974K(1152K)->974K(1152K)
[2025-12-24T10:30:55.699+0000][gc          ] GC(7) Pause Young (Normal) (G1 Evacuation Pause) 632M->22M(1024M) 11.324ms
[2025-12-24T10:30:55.699+0000][gc,cpu      ] GC(7) User=0.04s Sys=0.00s Real=0.02s
[2025-12-24T10:31:55.605+0000][gc,start    ] GC(8) Pause Young (Normal) (G1 Evacuation Pause)
[2025-12-24T10:31:55.605+0000][gc,task     ] GC(8) Using 8 workers of 8 for evacuation
[2025-12-24T10:31:55.610+0000][gc,phases   ] GC(8)   Pre Evacuate Collection Set: 0.8ms
[2025-12-24T10:31:55.610+0000][gc,phases   ] GC(8)   Merge Heap Roots: 0.1ms
[2025-12-24T10:31:55.610+0000][gc,phases   ] GC(8)   Evacuate Collection Set: 2.9ms
[2025-12-24T10:31:55.610+0000][gc,phases   ] GC(8)   Post Evacuate Collection Set: 1.1ms
[2025-12-24T10:31:55.611+0000][gc,phases   ] GC(8)   Other: 0.2ms
[2025-12-24T10:31:55.611+0000][gc,heap     ] GC(8) Eden regions: 610->0(611)
[2025-12-24T10:31:55.611+0000][gc,heap     ] GC(8) Survivor regions: 4->3(77)
[2025-12-24T10:31:55.611+0000][gc,heap     ] GC(8) Old regions: 18->18
[2025-12-24T10:31:55.611+0000][gc,heap     ] GC(8) Humongous regions: 2->2
[2025-12-24T10:31:55.611+0000][gc,metaspace] GC(8) Metaspace: 9876K(10240K)->9876K(10240K) NonClass: 8898K(9088K)->8898K(9088K) Class: 977K(1152K)->977K(1152K)
[2025-12-24T10:31:55.612+0000][gc          ] GC(8) Pause Young (Normal) (G1 Evacuation Pause) 632M->22M(1024M) 6.817ms
[2025-12-24T10:31:55.612+0000][gc,cpu      ] GC(8) User=0.03s Sys=0.00s Real=0.01s
[2025-12-24T10:32:55.548+0000][gc,start    ] GC(9) Pause Young (Normal) (G1 Evacuation Pause)
[2025-12-24T10:32:55.548+0000][gc,task     ] GC(9) Using 8 workers of 8 for evacuation
[2025-12-24T10:32:55.555+0000][gc,phases   ] GC(9)   Pre Evacuate Collection Set: 0.7ms
[2025-12-24T10:32:55.556+0000][gc,phases   ] GC(9)   Merge Heap Roots: 0.2ms
[2025-12-24T10:32:55.556+0000][gc,phases   ] GC(9)   Evacuate Collection Set: 4.3ms
[2025-12-24T10:32:55.556+0000][gc,phases   ] GC(9)   Post Evacuate Collection Set: 1.5ms
[2025-12-24T10:32:55.556+0000][gc,phases   ] GC(9)   Other: 0.3ms
[2025-12-24T10:32:55.556+0000][gc,heap     ] GC(9) Eden regions: 611->0(611)
[2025-12-24T10:32:55.556+0000][gc,heap     ] GC(9) Survivor regions: 3->3(77)
[2025-12-24T10:32:55.556+0000][gc,heap     ] GC(9) Old regions: 18->18
[2025-12-24T10:32:55.556+0000][gc,heap     ] GC(9) Humongous regions: 2->2
[2025-12-24T10:32:55.556+0000][gc,metaspace] GC(9) Metaspace: 9947K(10304K)->9947K(10304K) NonClass: 8970K(9152K)->8970K(9152K) Class: 977K(1152K)->977K(1152K)
[2025-12-24T10:32:55.557+0000][gc          ] GC(9) Pause Young (Normal) (G1 Evacuation Pause) 633M->22M(1024M) 8.451ms
[2025-12-24T10:32:55.557+0000][gc,cpu      ] GC(9) User=0.03s Sys=0.00s Real=0.01s
[2025-12-24T10:33:55.507+0000][gc,start    ] GC(10) Pause Young (Normal) (G1 Evacuation Pause)
[2025-12-24T10:33:55.507+0000][gc,task     ] GC(10) Using 8 workers of 8 for evacuation
[2025-12-24T10:33:55.512+0000][gc,phases   ] GC(10)   Pre Evacuate Collection Set: 0.9ms
[2025-12-24T10:33:55.512+0000][gc,phases   ] GC(10)   Merge Heap Roots: 0.2ms
[2025-12-24T10:33:55.512+0000][gc,phases   ] GC(10)   Evacuate Collection Set: 3.2ms
[2025-12-24T10:33:55.512+0000][gc,phases   ] GC(10)   Post Evacuate Collection Set: 0.9ms
[2025-12-24T10:33:55.512+0000][gc,phases   ] GC(10)   Other: 0.2ms
[2025-12-24T10:33:55.512+0000][gc,heap     ] GC(10) Eden regions: 611->0(611)
[2025-12-24T10:33:55.513+0000][gc,heap     ] GC(10) Survivor regions: 3->3(77)
[2025-12-24T10:33:55.513+0000][gc,heap     ] GC(10) Old regions: 18->18
[2025-12-24T10:33:55.513+0000][gc,heap     ] GC(10) Humongous regions: 2->2
[2025-12-24T10:33:55.513+0000][gc,metaspace] GC(10) Metaspace: 9995K(10304K)->9995K(10304K) NonClass: 9016K(9152K)->9016K(9152K) Class: 978K(1152K)->978K(1152K)
[2025-12-24T10:33:55.513+0000][gc          ] GC(10) Pause Young (Normal) (G1 Evacuation Pause) 633M->22M(1024M) 6.141ms
[2025-12-24T10:33:55.513+0000][gc,cpu      ] GC(10) User=0.03s Sys=0.00s Real=0.01s
[2025-12-24T10:34:55.424+0000][gc,start    ] GC(11) Pause Young (Normal) (G1 Evacuation Pause)
[2025-12-24T10:34:55.424+0000][gc,task     ] GC(11) Using 8 workers of 8 for evacuation
[2025-12-24T10:34:55.434+0000][gc,phases   ] GC(11)   Pre Evacuate Collection Set: 0.8ms
[2025-12-24T10:34:55.434+0000][gc,phases   ] GC(11)   Merge Heap Roots: 0.2ms
[2025-12-24T10:34:55.434+0000][gc,phases   ] GC(11)   Evacuate Collection Set: 7.9ms
[2025-12-24T10:34:55.434+0000][gc,phases   ] GC(11)   Post Evacuate Collection Set: 1.0ms
[2025-12-24T10:34:55.434+0000][gc,phases   ] GC(11)   Other: 0.2ms
[2025-12-24T10:34:55.434+0000][gc,heap     ] GC(11) Eden regions: 611->0(611)
[2025-12-24T10:34:55.435+0000][gc,heap     ] GC(11) Survivor regions: 3->3(77)
[2025-12-24T10:34:55.435+0000][gc,heap     ] GC(11) Old regions: 18->18
[2025-12-24T10:34:55.435+0000][gc,heap     ] GC(11) Humongous regions: 2->2
[2025-12-24T10:34:55.435+0000][gc,metaspace] GC(11) Metaspace: 10013K(10304K)->10013K(10304K) NonClass: 9034K(9152K)->9034K(9152K) Class: 978K(1152K)->978K(1152K)
[2025-12-24T10:34:55.435+0000][gc          ] GC(11) Pause Young (Normal) (G1 Evacuation Pause) 633M->21M(1024M) 10.911ms
[2025-12-24T10:34:55.435+0000][gc,cpu      ] GC(11) User=0.06s Sys=0.00s Real=0.01s
[2025-12-24T10:35:55.366+0000][gc,start    ] GC(12) Pause Young (Normal) (G1 Evacuation Pause)
[2025-12-24T10:35:55.367+0000][gc,task     ] GC(12) Using 8 workers of 8 for evacuation
[2025-12-24T10:35:55.373+0000][gc,phases   ] GC(12)   Pre Evacuate Collection Set: 0.9ms
[2025-12-24T10:35:55.373+0000][gc,phases   ] GC(12)   Merge Heap Roots: 0.2ms
[2025-12-24T10:35:55.373+0000][gc,phases   ] GC(12)   Evacuate Collection Set: 3.7ms
[2025-12-24T10:35:55.373+0000][gc,phases   ] GC(12)   Post Evacuate Collection Set: 1.1ms
[2025-12-24T10:35:55.373+0000][gc,phases   ] GC(12)   Other: 0.2ms
[2025-12-24T10:35:55.374+0000][gc,heap     ] GC(12) Eden regions: 611->0(611)
[2025-12-24T10:35:55.374+0000][gc,heap     ] GC(12) Survivor regions: 3->3(77)
[2025-12-24T10:35:55.374+0000][gc,heap     ] GC(12) Old regions: 18->18
[2025-12-24T10:35:55.374+0000][gc,heap     ] GC(12) Humongous regions: 2->2
[2025-12-24T10:35:55.374+0000][gc,metaspace] GC(12) Metaspace: 10052K(10368K)->10052K(10368K) NonClass: 9073K(9216K)->9073K(9216K) Class: 978K(1152K)->978K(1152K)
[2025-12-24T10:35:55.374+0000][gc          ] GC(12) Pause Young (Normal) (G1 Evacuation Pause) 632M->21M(1024M) 8.024ms
[2025-12-24T10:35:55.374+0000][gc,cpu      ] GC(12) User=0.03s Sys=0.00s Real=0.01s
[2025-12-24T10:36:45.620+0000][gc,start    ] GC(13) Pause Young (Normal) (G1 Evacuation Pause)
[2025-12-24T10:36:45.622+0000][gc,task     ] GC(13) Using 8 workers of 8 for evacuation
[2025-12-24T10:36:45.630+0000][gc,phases   ] GC(13)   Pre Evacuate Collection Set: 0.9ms
[2025-12-24T10:36:45.630+0000][gc,phases   ] GC(13)   Merge Heap Roots: 0.2ms
[2025-12-24T10:36:45.630+0000][gc,phases   ] GC(13)   Evacuate Collection Set: 5.4ms
[2025-12-24T10:36:45.630+0000][gc,phases   ] GC(13)   Post Evacuate Collection Set: 1.3ms
[2025-12-24T10:36:45.630+0000][gc,phases   ] GC(13)   Other: 0.2ms
[2025-12-24T10:36:45.630+0000][gc,heap     ] GC(13) Eden regions: 611->0(610)
[2025-12-24T10:36:45.630+0000][gc,heap     ] GC(13) Survivor regions: 3->4(77)
[2025-12-24T10:36:45.630+0000][gc,heap     ] GC(13) Old regions: 18->18
[2025-12-24T10:36:45.630+0000][gc,heap     ] GC(13) Humongous regions: 2->2
[2025-12-24T10:36:45.630+0000][gc,metaspace] GC(13) Metaspace: 10063K(10368K)->10063K(10368K) NonClass: 9084K(9216K)->9084K(9216K) Class: 978K(1152K)->978K(1152K)
[2025-12-24T10:36:45.630+0000][gc          ] GC(13) Pause Young (Normal) (G1 Evacuation Pause) 632M->22M(1024M) 9.825ms
[2025-12-24T10:36:45.630+0000][gc,cpu      ] GC(13) User=0.04s Sys=0.00s Real=0.01s
[2025-12-24T10:37:45.587+0000][gc,start    ] GC(14) Pause Young (Normal) (G1 Evacuation Pause)
[2025-12-24T10:37:45.588+0000][gc,task     ] GC(14) Using 8 workers of 8 for evacuation
[2025-12-24T10:37:45.606+0000][gc,phases   ] GC(14)   Pre Evacuate Collection Set: 5.3ms
[2025-12-24T10:37:45.609+0000][gc,phases   ] GC(14)   Merge Heap Roots: 0.2ms
[2025-12-24T10:37:45.609+0000][gc,phases   ] GC(14)   Evacuate Collection Set: 10.5ms
[2025-12-24T10:37:45.609+0000][gc,phases   ] GC(14)   Post Evacuate Collection Set: 1.3ms
[2025-12-24T10:37:45.609+0000][gc,phases   ] GC(14)   Other: 0.2ms
[2025-12-24T10:37:45.609+0000][gc,heap     ] GC(14) Eden regions: 610->0(610)
[2025-12-24T10:37:45.609+0000][gc,heap     ] GC(14) Survivor regions: 4->4(77)
[2025-12-24T10:37:45.609+0000][gc,heap     ] GC(14) Old regions: 18->18
[2025-12-24T10:37:45.610+0000][gc,heap     ] GC(14) Humongous regions: 2->2
[2025-12-24T10:37:45.610+0000][gc,metaspace] GC(14) Metaspace: 10170K(10496K)->10170K(10496K) NonClass: 9180K(9344K)->9180K(9344K) Class: 990K(1152K)->990K(1152K)
[2025-12-24T10:37:45.610+0000][gc          ] GC(14) Pause Young (Normal) (G1 Evacuation Pause) 632M->22M(1024M) 22.308ms
[2025-12-24T10:37:45.610+0000][gc,cpu      ] GC(14) User=0.07s Sys=0.00s Real=0.02s
[2025-12-24T10:38:45.562+0000][gc,start    ] GC(15) Pause Young (Normal) (G1 Evacuation Pause)
[2025-12-24T10:38:45.562+0000][gc,task     ] GC(15) Using 8 workers of 8 for evacuation
[2025-12-24T10:38:45.575+0000][gc,phases   ] GC(15)   Pre Evacuate Collection Set: 0.7ms
[2025-12-24T10:38:45.576+0000][gc,phases   ] GC(15)   Merge Heap Roots: 0.2ms
[2025-12-24T10:38:45.576+0000][gc,phases   ] GC(15)   Evacuate Collection Set: 4.3ms
[2025-12-24T10:38:45.576+0000][gc,phases   ] GC(15)   Post Evacuate Collection Set: 6.6ms
[2025-12-24T10:38:45.576+0000][gc,phases   ] GC(15)   Other: 1.0ms
[2025-12-24T10:38:45.576+0000][gc,heap     ] GC(15) Eden regions: 610->0(610)
[2025-12-24T10:38:45.576+0000][gc,heap     ] GC(15) Survivor regions: 4->4(77)
[2025-12-24T10:38:45.576+0000][gc,heap     ] GC(15) Old regions: 18->18
[2025-12-24T10:38:45.576+0000][gc,heap     ] GC(15) Humongous regions: 2->2
[2025-12-24T10:38:45.576+0000][gc,metaspace] GC(15) Metaspace: 10178K(10496K)->10178K(10496K) NonClass: 9187K(9344K)->9187K(9344K) Class: 991K(1152K)->991K(1152K)
[2025-12-24T10:38:45.576+0000][gc          ] GC(15) Pause Young (Normal) (G1 Evacuation Pause) 632M->22M(1024M) 14.405ms
[2025-12-24T10:38:45.576+0000][gc,cpu      ] GC(15) User=0.05s Sys=0.00s Real=0.01s
[2025-12-24T10:39:45.472+0000][gc,start    ] GC(16) Pause Young (Normal) (G1 Evacuation Pause)
[2025-12-24T10:39:45.473+0000][gc,task     ] GC(16) Using 8 workers of 8 for evacuation
[2025-12-24T10:39:45.480+0000][gc,phases   ] GC(16)   Pre Evacuate Collection Set: 0.8ms
[2025-12-24T10:39:45.480+0000][gc,phases   ] GC(16)   Merge Heap Roots: 0.2ms
[2025-12-24T10:39:45.480+0000][gc,phases   ] GC(16)   Evacuate Collection Set: 5.5ms
[2025-12-24T10:39:45.480+0000][gc,phases   ] GC(16)   Post Evacuate Collection Set: 0.9ms
[2025-12-24T10:39:45.481+0000][gc,phases   ] GC(16)   Other: 0.2ms
[2025-12-24T10:39:45.481+0000][gc,heap     ] GC(16) Eden regions: 610->0(611)
[2025-12-24T10:39:45.481+0000][gc,heap     ] GC(16) Survivor regions: 4->3(77)
[2025-12-24T10:39:45.481+0000][gc,heap     ] GC(16) Old regions: 18->18
[2025-12-24T10:39:45.481+0000][gc,heap     ] GC(16) Humongous regions: 2->2
[2025-12-24T10:39:45.481+0000][gc,metaspace] GC(16) Metaspace: 10200K(10496K)->10200K(10496K) NonClass: 9208K(9344K)->9208K(9344K) Class: 991K(1152K)->991K(1152K)
[2025-12-24T10:39:45.481+0000][gc          ] GC(16) Pause Young (Normal) (G1 Evacuation Pause) 632M->22M(1024M) 9.142ms
[2025-12-24T10:39:45.481+0000][gc,cpu      ] GC(16) User=0.05s Sys=0.00s Real=0.01s
[2025-12-24T10:40:45.411+0000][gc,start    ] GC(17) Pause Young (Normal) (G1 Evacuation Pause)
[2025-12-24T10:40:45.413+0000][gc,task     ] GC(17) Using 8 workers of 8 for evacuation
[2025-12-24T10:40:45.423+0000][gc,phases   ] GC(17)   Pre Evacuate Collection Set: 1.4ms
[2025-12-24T10:40:45.424+0000][gc,phases   ] GC(17)   Merge Heap Roots: 0.6ms
[2025-12-24T10:40:45.424+0000][gc,phases   ] GC(17)   Evacuate Collection Set: 7.5ms
[2025-12-24T10:40:45.424+0000][gc,phases   ] GC(17)   Post Evacuate Collection Set: 1.0ms
[2025-12-24T10:40:45.424+0000][gc,phases   ] GC(17)   Other: 0.3ms
[2025-12-24T10:40:45.424+0000][gc,heap     ] GC(17) Eden regions: 611->0(612)
[2025-12-24T10:40:45.424+0000][gc,heap     ] GC(17) Survivor regions: 3->2(77)
[2025-12-24T10:40:45.424+0000][gc,heap     ] GC(17) Old regions: 18->19
[2025-12-24T10:40:45.424+0000][gc,heap     ] GC(17) Humongous regions: 2->2
[2025-12-24T10:40:45.424+0000][gc,metaspace] GC(17) Metaspace: 10220K(10496K)->10220K(10496K) NonClass: 9228K(9344K)->9228K(9344K) Class: 991K(1152K)->991K(1152K)
[2025-12-24T10:40:45.424+0000][gc          ] GC(17) Pause Young (Normal) (G1 Evacuation Pause) 633M->22M(1024M) 12.643ms
[2025-12-24T10:40:45.424+0000][gc,cpu      ] GC(17) User=0.06s Sys=0.01s Real=0.01s
[2025-12-24T10:41:45.378+0000][gc,start    ] GC(18) Pause Young (Normal) (G1 Evacuation Pause)
[2025-12-24T10:41:45.378+0000][gc,task     ] GC(18) Using 8 workers of 8 for evacuation
[2025-12-24T10:41:45.390+0000][gc,phases   ] GC(18)   Pre Evacuate Collection Set: 0.9ms
[2025-12-24T10:41:45.390+0000][gc,phases   ] GC(18)   Merge Heap Roots: 0.2ms
[2025-12-24T10:41:45.390+0000][gc,phases   ] GC(18)   Evacuate Collection Set: 8.6ms
[2025-12-24T10:41:45.391+0000][gc,phases   ] GC(18)   Post Evacuate Collection Set: 1.8ms
[2025-12-24T10:41:45.391+0000][gc,phases   ] GC(18)   Other: 0.5ms
[2025-12-24T10:41:45.391+0000][gc,heap     ] GC(18) Eden regions: 612->0(613)
[2025-12-24T10:41:45.391+0000][gc,heap     ] GC(18) Survivor regions: 2->1(77)
[2025-12-24T10:41:45.391+0000][gc,heap     ] GC(18) Old regions: 19->20
[2025-12-24T10:41:45.391+0000][gc,heap     ] GC(18) Humongous regions: 2->2
[2025-12-24T10:41:45.391+0000][gc,metaspace] GC(18) Metaspace: 10256K(10624K)->10256K(10624K) NonClass: 9265K(9472K)->9265K(9472K) Class: 991K(1152K)->991K(1152K)
[2025-12-24T10:41:45.391+0000][gc          ] GC(18) Pause Young (Normal) (G1 Evacuation Pause) 634M->22M(1024M) 13.389ms
[2025-12-24T10:41:45.391+0000][gc,cpu      ] GC(18) User=0.06s Sys=0.00s Real=0.01s
[2025-12-24T10:42:45.318+0000][gc,start    ] GC(19) Pause Young (Normal) (G1 Evacuation Pause)
[2025-12-24T10:42:45.318+0000][gc,task     ] GC(19) Using 8 workers of 8 for evacuation
[2025-12-24T10:42:45.328+0000][gc,phases   ] GC(19)   Pre Evacuate Collection Set: 1.7ms
[2025-12-24T10:42:45.328+0000][gc,phases   ] GC(19)   Merge Heap Roots: 3.5ms
[2025-12-24T10:42:45.328+0000][gc,phases   ] GC(19)   Evacuate Collection Set: 3.7ms
[2025-12-24T10:42:45.328+0000][gc,phases   ] GC(19)   Post Evacuate Collection Set: 0.9ms
[2025-12-24T10:42:45.328+0000][gc,phases   ] GC(19)   Other: 0.2ms
[2025-12-24T10:42:45.329+0000][gc,heap     ] GC(19) Eden regions: 613->0(613)
[2025-12-24T10:42:45.329+0000][gc,heap     ] GC(19) Survivor regions: 1->1(77)
[2025-12-24T10:42:45.329+0000][gc,heap     ] GC(19) Old regions: 20->20
[2025-12-24T10:42:45.329+0000][gc,heap     ] GC(19) Humongous regions: 2->2
[2025-12-24T10:42:45.329+0000][gc,metaspace] GC(19) Metaspace: 10279K(10624K)->10279K(10624K) NonClass: 9287K(9472K)->9287K(9472K) Class: 991K(1152K)->991K(1152K)
[2025-12-24T10:42:45.329+0000][gc          ] GC(19) Pause Young (Normal) (G1 Evacuation Pause) 635M->21M(1024M) 11.014ms
[2025-12-24T10:42:45.329+0000][gc,cpu      ] GC(19) User=0.05s Sys=0.00s Real=0.01s
[2025-12-24T10:43:35.637+0000][gc,start    ] GC(20) Pause Young (Normal) (G1 Evacuation Pause)
[2025-12-24T10:43:35.638+0000][gc,task     ] GC(20) Using 8 workers of 8 for evacuation
[2025-12-24T10:43:35.649+0000][gc,phases   ] GC(20)   Pre Evacuate Collection Set: 0.8ms
[2025-12-24T10:43:35.649+0000][gc,phases   ] GC(20)   Merge Heap Roots: 0.2ms
[2025-12-24T10:43:35.649+0000][gc,phases   ] GC(20)   Evacuate Collection Set: 7.9ms
[2025-12-24T10:43:35.649+0000][gc,phases   ] GC(20)   Post Evacuate Collection Set: 1.9ms
[2025-12-24T10:43:35.649+0000][gc,phases   ] GC(20)   Other: 0.2ms
[2025-12-24T10:43:35.649+0000][gc,heap     ] GC(20) Eden regions: 613->0(612)
[2025-12-24T10:43:35.649+0000][gc,heap     ] GC(20) Survivor regions: 1->2(77)
[2025-12-24T10:43:35.649+0000][gc,heap     ] GC(20) Old regions: 20->20
[2025-12-24T10:43:35.649+0000][gc,heap     ] GC(20) Humongous regions: 2->2
[2025-12-24T10:43:35.650+0000][gc,metaspace] GC(20) Metaspace: 10291K(10624K)->10291K(10624K) NonClass: 9299K(9472K)->9299K(9472K) Class: 991K(1152K)->991K(1152K)
[2025-12-24T10:43:35.650+0000][gc          ] GC(20) Pause Young (Normal) (G1 Evacuation Pause) 634M->23M(1024M) 12.143ms
[2025-12-24T10:43:35.650+0000][gc,cpu      ] GC(20) User=0.06s Sys=0.00s Real=0.01s
[2025-12-24T10:44:35.548+0000][gc,start    ] GC(21) Pause Young (Normal) (G1 Evacuation Pause)
[2025-12-24T10:44:35.548+0000][gc,task     ] GC(21) Using 8 workers of 8 for evacuation
[2025-12-24T10:44:35.553+0000][gc,phases   ] GC(21)   Pre Evacuate Collection Set: 0.8ms
[2025-12-24T10:44:35.553+0000][gc,phases   ] GC(21)   Merge Heap Roots: 0.2ms
[2025-12-24T10:44:35.553+0000][gc,phases   ] GC(21)   Evacuate Collection Set: 2.6ms
[2025-12-24T10:44:35.553+0000][gc,phases   ] GC(21)   Post Evacuate Collection Set: 0.8ms
[2025-12-24T10:44:35.553+0000][gc,phases   ] GC(21)   Other: 0.2ms
[2025-12-24T10:44:35.553+0000][gc,heap     ] GC(21) Eden regions: 612->0(612)
[2025-12-24T10:44:35.553+0000][gc,heap     ] GC(21) Survivor regions: 2->2(77)
[2025-12-24T10:44:35.553+0000][gc,heap     ] GC(21) Old regions: 20->20
[2025-12-24T10:44:35.554+0000][gc,heap     ] GC(21) Humongous regions: 2->2
[2025-12-24T10:44:35.554+0000][gc,metaspace] GC(21) Metaspace: 10315K(10688K)->10315K(10688K) NonClass: 9323K(9536K)->9323K(9536K) Class: 992K(1152K)->992K(1152K)
[2025-12-24T10:44:35.554+0000][gc          ] GC(21) Pause Young (Normal) (G1 Evacuation Pause) 635M->23M(1024M) 5.725ms
[2025-12-24T10:44:35.554+0000][gc,cpu      ] GC(21) User=0.02s Sys=0.00s Real=0.00s
[2025-12-24T10:45:35.495+0000][gc,start    ] GC(22) Pause Young (Normal) (G1 Evacuation Pause)
[2025-12-24T10:45:35.496+0000][gc,task     ] GC(22) Using 8 workers of 8 for evacuation
[2025-12-24T10:45:35.505+0000][gc,phases   ] GC(22)   Pre Evacuate Collection Set: 1.9ms
[2025-12-24T10:45:35.505+0000][gc,phases   ] GC(22)   Merge Heap Roots: 0.2ms
[2025-12-24T10:45:35.505+0000][gc,phases   ] GC(22)   Evacuate Collection Set: 3.4ms
[2025-12-24T10:45:35.505+0000][gc,phases   ] GC(22)   Post Evacuate Collection Set: 3.5ms
[2025-12-24T10:45:35.506+0000][gc,phases   ] GC(22)   Other: 0.2ms
[2025-12-24T10:45:35.506+0000][gc,heap     ] GC(22) Eden regions: 612->0(612)
[2025-12-24T10:45:35.506+0000][gc,heap     ] GC(22) Survivor regions: 2->2(77)
[2025-12-24T10:45:35.506+0000][gc,heap     ] GC(22) Old regions: 20->20
[2025-12-24T10:45:35.506+0000][gc,heap     ] GC(22) Humongous regions: 2->2
[2025-12-24T10:45:35.506+0000][gc,metaspace] GC(22) Metaspace: 10322K(10688K)->10322K(10688K) NonClass: 9329K(9536K)->9329K(9536K) Class: 992K(1152K)->992K(1152K)
[2025-12-24T10:45:35.506+0000][gc          ] GC(22) Pause Young (Normal) (G1 Evacuation Pause) 635M->22M(1024M) 10.690ms
[2025-12-24T10:45:35.506+0000][gc,cpu      ] GC(22) User=0.04s Sys=0.00s Real=0.01s
[2025-12-24T10:46:35.471+0000][gc,start    ] GC(23) Pause Young (Normal) (G1 Evacuation Pause)
[2025-12-24T10:46:35.473+0000][gc,task     ] GC(23) Using 8 workers of 8 for evacuation
[2025-12-24T10:46:35.478+0000][gc,phases   ] GC(23)   Pre Evacuate Collection Set: 0.8ms
[2025-12-24T10:46:35.478+0000][gc,phases   ] GC(23)   Merge Heap Roots: 0.3ms
[2025-12-24T10:46:35.478+0000][gc,phases   ] GC(23)   Evacuate Collection Set: 2.2ms
[2025-12-24T10:46:35.478+0000][gc,phases   ] GC(23)   Post Evacuate Collection Set: 1.0ms
[2025-12-24T10:46:35.478+0000][gc,phases   ] GC(23)   Other: 0.2ms
[2025-12-24T10:46:35.478+0000][gc,heap     ] GC(23) Eden regions: 612->0(612)
[2025-12-24T10:46:35.478+0000][gc,heap     ] GC(23) Survivor regions: 2->2(77)
[2025-12-24T10:46:35.478+0000][gc,heap     ] GC(23) Old regions: 20->20
[2025-12-24T10:46:35.478+0000][gc,heap     ] GC(23) Humongous regions: 2->2
[2025-12-24T10:46:35.478+0000][gc,metaspace] GC(23) Metaspace: 10337K(10688K)->10337K(10688K) NonClass: 9345K(9536K)->9345K(9536K) Class: 992K(1152K)->992K(1152K)
[2025-12-24T10:46:35.478+0000][gc          ] GC(23) Pause Young (Normal) (G1 Evacuation Pause) 634M->22M(1024M) 6.999ms
[2025-12-24T10:46:35.478+0000][gc,cpu      ] GC(23) User=0.02s Sys=0.00s Real=0.00s
[2025-12-24T10:47:35.424+0000][gc,start    ] GC(24) Pause Young (Normal) (G1 Evacuation Pause)
[2025-12-24T10:47:35.425+0000][gc,task     ] GC(24) Using 8 workers of 8 for evacuation
[2025-12-24T10:47:35.432+0000][gc,phases   ] GC(24)   Pre Evacuate Collection Set: 0.9ms
[2025-12-24T10:47:35.432+0000][gc,phases   ] GC(24)   Merge Heap Roots: 0.2ms
[2025-12-24T10:47:35.432+0000][gc,phases   ] GC(24)   Evacuate Collection Set: 3.1ms
[2025-12-24T10:47:35.432+0000][gc,phases   ] GC(24)   Post Evacuate Collection Set: 2.0ms
[2025-12-24T10:47:35.432+0000][gc,phases   ] GC(24)   Other: 0.3ms
[2025-12-24T10:47:35.432+0000][gc,heap     ] GC(24) Eden regions: 612->0(612)
[2025-12-24T10:47:35.432+0000][gc,heap     ] GC(24) Survivor regions: 2->2(77)
[2025-12-24T10:47:35.432+0000][gc,heap     ] GC(24) Old regions: 20->20
[2025-12-24T10:47:35.432+0000][gc,heap     ] GC(24) Humongous regions: 2->2
[2025-12-24T10:47:35.432+0000][gc,metaspace] GC(24) Metaspace: 10379K(10688K)->10379K(10688K) NonClass: 9386K(9536K)->9386K(9536K) Class: 992K(1152K)->992K(1152K)
[2025-12-24T10:47:35.433+0000][gc          ] GC(24) Pause Young (Normal) (G1 Evacuation Pause) 634M->22M(1024M) 8.662ms
[2025-12-24T10:47:35.433+0000][gc,cpu      ] GC(24) User=0.03s Sys=0.00s Real=0.01s
[2025-12-24T10:48:35.376+0000][gc,start    ] GC(25) Pause Young (Normal) (G1 Evacuation Pause)
[2025-12-24T10:48:35.377+0000][gc,task     ] GC(25) Using 8 workers of 8 for evacuation
[2025-12-24T10:48:35.382+0000][gc,phases   ] GC(25)   Pre Evacuate Collection Set: 0.8ms
[2025-12-24T10:48:35.383+0000][gc,phases   ] GC(25)   Merge Heap Roots: 0.2ms
[2025-12-24T10:48:35.383+0000][gc,phases   ] GC(25)   Evacuate Collection Set: 3.1ms
[2025-12-24T10:48:35.383+0000][gc,phases   ] GC(25)   Post Evacuate Collection Set: 1.3ms
[2025-12-24T10:48:35.383+0000][gc,phases   ] GC(25)   Other: 0.2ms
[2025-12-24T10:48:35.383+0000][gc,heap     ] GC(25) Eden regions: 612->0(613)
[2025-12-24T10:48:35.383+0000][gc,heap     ] GC(25) Survivor regions: 2->1(77)
[2025-12-24T10:48:35.383+0000][gc,heap     ] GC(25) Old regions: 20->20
[2025-12-24T10:48:35.383+0000][gc,heap     ] GC(25) Humongous regions: 2->2
[2025-12-24T10:48:35.383+0000][gc,metaspace] GC(25) Metaspace: 10626K(11008K)->10626K(11008K) NonClass: 9598K(9792K)->9598K(9792K) Class: 1027K(1216K)->1027K(1216K)
[2025-12-24T10:48:35.383+0000][gc          ] GC(25) Pause Young (Normal) (G1 Evacuation Pause) 634M->22M(1024M) 7.386ms
[2025-12-24T10:48:35.383+0000][gc,cpu      ] GC(25) User=0.03s Sys=0.01s Real=0.01s
[2025-12-24T10:49:35.309+0000][gc,start    ] GC(26) Pause Young (Normal) (G1 Evacuation Pause)
[2025-12-24T10:49:35.309+0000][gc,task     ] GC(26) Using 8 workers of 8 for evacuation
[2025-12-24T10:49:35.314+0000][gc,phases   ] GC(26)   Pre Evacuate Collection Set: 0.9ms
[2025-12-24T10:49:35.314+0000][gc,phases   ] GC(26)   Merge Heap Roots: 0.2ms
[2025-12-24T10:49:35.314+0000][gc,phases   ] GC(26)   Evacuate Collection Set: 2.6ms
[2025-12-24T10:49:35.315+0000][gc,phases   ] GC(26)   Post Evacuate Collection Set: 1.0ms
[2025-12-24T10:49:35.315+0000][gc,phases   ] GC(26)   Other: 0.3ms
[2025-12-24T10:49:35.315+0000][gc,heap     ] GC(26) Eden regions: 613->0(613)
[2025-12-24T10:49:35.315+0000][gc,heap     ] GC(26) Survivor regions: 1->1(77)
[2025-12-24T10:49:35.315+0000][gc,heap     ] GC(26) Old regions: 20->20
[2025-12-24T10:49:35.315+0000][gc,heap     ] GC(26) Humongous regions: 2->2
[2025-12-24T10:49:35.315+0000][gc,metaspace] GC(26) Metaspace: 10629K(11008K)->10629K(11008K) NonClass: 9601K(9792K)->9601K(9792K) Class: 1027K(1216K)->1027K(1216K)
[2025-12-24T10:49:35.315+0000][gc          ] GC(26) Pause Young (Normal) (G1 Evacuation Pause) 635M->22M(1024M) 6.365ms
[2025-12-24T10:49:35.315+0000][gc,cpu      ] GC(26) User=0.02s Sys=0.00s Real=0.00s
[2025-12-24T10:50:25.918+0000][gc,start    ] GC(27) Pause Young (Normal) (G1 Evacuation Pause)
[2025-12-24T10:50:25.919+0000][gc,task     ] GC(27) Using 8 workers of 8 for evacuation
[2025-12-24T10:50:25.924+0000][gc,phases   ] GC(27)   Pre Evacuate Collection Set: 0.8ms
[2025-12-24T10:50:25.924+0000][gc,phases   ] GC(27)   Merge Heap Roots: 0.2ms
[2025-12-24T10:50:25.924+0000][gc,phases   ] GC(27)   Evacuate Collection Set: 2.6ms
[2025-12-24T10:50:25.924+0000][gc,phases   ] GC(27)   Post Evacuate Collection Set: 0.9ms
[2025-12-24T10:50:25.924+0000][gc,phases   ] GC(27)   Other: 0.2ms
[2025-12-24T10:50:25.924+0000][gc,heap     ] GC(27) Eden regions: 613->0(612)
[2025-12-24T10:50:25.924+0000][gc,heap     ] GC(27) Survivor regions: 1->2(77)
[2025-12-24T10:50:25.924+0000][gc,heap     ] GC(27) Old regions: 20->20
[2025-12-24T10:50:25.924+0000][gc,heap     ] GC(27) Humongous regions: 2->2
[2025-12-24T10:50:25.925+0000][gc,metaspace] GC(27) Metaspace: 10629K(11008K)->10629K(11008K) NonClass: 9601K(9792K)->9601K(9792K) Class: 1027K(1216K)->1027K(1216K)
[2025-12-24T10:50:25.925+0000][gc          ] GC(27) Pause Young (Normal) (G1 Evacuation Pause) 635M->23M(1024M) 6.480ms
[2025-12-24T10:50:25.925+0000][gc,cpu      ] GC(27) User=0.02s Sys=0.00s Real=0.00s
[2025-12-24T10:51:25.870+0000][gc,start    ] GC(28) Pause Young (Normal) (G1 Evacuation Pause)
[2025-12-24T10:51:25.874+0000][gc,task     ] GC(28) Using 8 workers of 8 for evacuation
[2025-12-24T10:51:25.884+0000][gc,phases   ] GC(28)   Pre Evacuate Collection Set: 3.2ms
[2025-12-24T10:51:25.884+0000][gc,phases   ] GC(28)   Merge Heap Roots: 3.4ms
[2025-12-24T10:51:25.884+0000][gc,phases   ] GC(28)   Evacuate Collection Set: 2.7ms
[2025-12-24T10:51:25.884+0000][gc,phases   ] GC(28)   Post Evacuate Collection Set: 0.9ms
[2025-12-24T10:51:25.884+0000][gc,phases   ] GC(28)   Other: 0.2ms
[2025-12-24T10:51:25.885+0000][gc,heap     ] GC(28) Eden regions: 612->0(612)
[2025-12-24T10:51:25.885+0000][gc,heap     ] GC(28) Survivor regions: 2->2(77)
[2025-12-24T10:51:25.885+0000][gc,heap     ] GC(28) Old regions: 20->20
[2025-12-24T10:51:25.885+0000][gc,heap     ] GC(28) Humongous regions: 2->2
[2025-12-24T10:51:25.885+0000][gc,metaspace] GC(28) Metaspace: 10629K(11008K)->10629K(11008K) NonClass: 9601K(9792K)->9601K(9792K) Class: 1027K(1216K)->1027K(1216K)
[2025-12-24T10:51:25.885+0000][gc          ] GC(28) Pause Young (Normal) (G1 Evacuation Pause) 635M->23M(1024M) 15.302ms
[2025-12-24T10:51:25.885+0000][gc,cpu      ] GC(28) User=0.06s Sys=0.00s Real=0.01s
[2025-12-24T10:52:25.811+0000][gc,start    ] GC(29) Pause Young (Normal) (G1 Evacuation Pause)
[2025-12-24T10:52:25.811+0000][gc,task     ] GC(29) Using 8 workers of 8 for evacuation
[2025-12-24T10:52:25.816+0000][gc,phases   ] GC(29)   Pre Evacuate Collection Set: 0.9ms
[2025-12-24T10:52:25.816+0000][gc,phases   ] GC(29)   Merge Heap Roots: 0.2ms
[2025-12-24T10:52:25.816+0000][gc,phases   ] GC(29)   Evacuate Collection Set: 2.1ms
[2025-12-24T10:52:25.816+0000][gc,phases   ] GC(29)   Post Evacuate Collection Set: 0.7ms
[2025-12-24T10:52:25.816+0000][gc,phases   ] GC(29)   Other: 0.2ms
[2025-12-24T10:52:25.816+0000][gc,heap     ] GC(29) Eden regions: 612->0(612)
[2025-12-24T10:52:25.816+0000][gc,heap     ] GC(29) Survivor regions: 2->2(77)
[2025-12-24T10:52:25.816+0000][gc,heap     ] GC(29) Old regions: 20->20
[2025-12-24T10:52:25.816+0000][gc,heap     ] GC(29) Humongous regions: 2->2
[2025-12-24T10:52:25.816+0000][gc,metaspace] GC(29) Metaspace: 10630K(11008K)->10630K(11008K) NonClass: 9602K(9792K)->9602K(9792K) Class: 1027K(1216K)->1027K(1216K)
[2025-12-24T10:52:25.816+0000][gc          ] GC(29) Pause Young (Normal) (G1 Evacuation Pause) 635M->23M(1024M) 5.263ms
[2025-12-24T10:52:25.816+0000][gc,cpu      ] GC(29) User=0.02s Sys=0.00s Real=0.00s
[2025-12-24T10:53:25.796+0000][gc,start    ] GC(30) Pause Young (Normal) (G1 Evacuation Pause)
[2025-12-24T10:53:25.798+0000][gc,task     ] GC(30) Using 8 workers of 8 for evacuation
[2025-12-24T10:53:25.802+0000][gc,phases   ] GC(30)   Pre Evacuate Collection Set: 0.9ms
[2025-12-24T10:53:25.802+0000][gc,phases   ] GC(30)   Merge Heap Roots: 0.2ms
[2025-12-24T10:53:25.802+0000][gc,phases   ] GC(30)   Evacuate Collection Set: 2.1ms
[2025-12-24T10:53:25.802+0000][gc,phases   ] GC(30)   Post Evacuate Collection Set: 1.0ms
[2025-12-24T10:53:25.802+0000][gc,phases   ] GC(30)   Other: 0.2ms
[2025-12-24T10:53:25.803+0000][gc,heap     ] GC(30) Eden regions: 612->0(612)
[2025-12-24T10:53:25.803+0000][gc,heap     ] GC(30) Survivor regions: 2->2(77)
[2025-12-24T10:53:25.803+0000][gc,heap     ] GC(30) Old regions: 20->20
[2025-12-24T10:53:25.803+0000][gc,heap     ] GC(30) Humongous regions: 2->2
[2025-12-24T10:53:25.803+0000][gc,metaspace] GC(30) Metaspace: 10639K(11008K)->10639K(11008K) NonClass: 9611K(9792K)->9611K(9792K) Class: 1027K(1216K)->1027K(1216K)
[2025-12-24T10:53:25.803+0000][gc          ] GC(30) Pause Young (Normal) (G1 Evacuation Pause) 635M->22M(1024M) 6.739ms
[2025-12-24T10:53:25.803+0000][gc,cpu      ] GC(30) User=0.02s Sys=0.01s Real=0.01s
[2025-12-24T10:54:25.762+0000][gc,start    ] GC(31) Pause Young (Normal) (G1 Evacuation Pause)
[2025-12-24T10:54:25.764+0000][gc,task     ] GC(31) Using 8 workers of 8 for evacuation
[2025-12-24T10:54:25.775+0000][gc,phases   ] GC(31)   Pre Evacuate Collection Set: 3.5ms
[2025-12-24T10:54:25.775+0000][gc,phases   ] GC(31)   Merge Heap Roots: 0.3ms
[2025-12-24T10:54:25.776+0000][gc,phases   ] GC(31)   Evacuate Collection Set: 5.6ms
[2025-12-24T10:54:25.776+0000][gc,phases   ] GC(31)   Post Evacuate Collection Set: 1.5ms
[2025-12-24T10:54:25.776+0000][gc,phases   ] GC(31)   Other: 0.8ms
[2025-12-24T10:54:25.776+0000][gc,heap     ] GC(31) Eden regions: 612->0(612)
[2025-12-24T10:54:25.777+0000][gc,heap     ] GC(31) Survivor regions: 2->2(77)
[2025-12-24T10:54:25.777+0000][gc,heap     ] GC(31) Old regions: 20->20
[2025-12-24T10:54:25.777+0000][gc,heap     ] GC(31) Humongous regions: 2->2
[2025-12-24T10:54:25.777+0000][gc,metaspace] GC(31) Metaspace: 10640K(11072K)->10640K(11072K) NonClass: 9612K(9856K)->9612K(9856K) Class: 1027K(1216K)->1027K(1216K)
[2025-12-24T10:54:25.777+0000][gc          ] GC(31) Pause Young (Normal) (G1 Evacuation Pause) 634M->22M(1024M) 14.709ms
[2025-12-24T10:54:25.778+0000][gc,cpu      ] GC(31) User=0.05s Sys=0.01s Real=0.01s
[2025-12-24T10:55:25.696+0000][gc,start    ] GC(32) Pause Young (Normal) (G1 Evacuation Pause)
[2025-12-24T10:55:25.698+0000][gc,task     ] GC(32) Using 8 workers of 8 for evacuation
[2025-12-24T10:55:25.705+0000][gc,phases   ] GC(32)   Pre Evacuate Collection Set: 0.8ms
[2025-12-24T10:55:25.705+0000][gc,phases   ] GC(32)   Merge Heap Roots: 0.1ms
[2025-12-24T10:55:25.705+0000][gc,phases   ] GC(32)   Evacuate Collection Set: 2.0ms
[2025-12-24T10:55:25.705+0000][gc,phases   ] GC(32)   Post Evacuate Collection Set: 3.5ms
[2025-12-24T10:55:25.705+0000][gc,phases   ] GC(32)   Other: 0.2ms
[2025-12-24T10:55:25.705+0000][gc,heap     ] GC(32) Eden regions: 612->0(612)
[2025-12-24T10:55:25.705+0000][gc,heap     ] GC(32) Survivor regions: 2->2(77)
[2025-12-24T10:55:25.705+0000][gc,heap     ] GC(32) Old regions: 20->20
[2025-12-24T10:55:25.705+0000][gc,heap     ] GC(32) Humongous regions: 2->2
[2025-12-24T10:55:25.705+0000][gc,metaspace] GC(32) Metaspace: 10659K(11072K)->10659K(11072K) NonClass: 9631K(9856K)->9631K(9856K) Class: 1027K(1216K)->1027K(1216K)
[2025-12-24T10:55:25.705+0000][gc          ] GC(32) Pause Young (Normal) (G1 Evacuation Pause) 634M->22M(1024M) 9.045ms
[2025-12-24T10:55:25.705+0000][gc,cpu      ] GC(32) User=0.03s Sys=0.00s Real=0.01s
[2025-12-24T10:56:25.633+0000][gc,start    ] GC(33) Pause Young (Normal) (G1 Evacuation Pause)
[2025-12-24T10:56:25.635+0000][gc,task     ] GC(33) Using 8 workers of 8 for evacuation
[2025-12-24T10:56:25.639+0000][gc,phases   ] GC(33)   Pre Evacuate Collection Set: 0.8ms
[2025-12-24T10:56:25.639+0000][gc,phases   ] GC(33)   Merge Heap Roots: 0.1ms
[2025-12-24T10:56:25.639+0000][gc,phases   ] GC(33)   Evacuate Collection Set: 1.7ms
[2025-12-24T10:56:25.639+0000][gc,phases   ] GC(33)   Post Evacuate Collection Set: 0.8ms
[2025-12-24T10:56:25.639+0000][gc,phases   ] GC(33)   Other: 0.2ms
[2025-12-24T10:56:25.639+0000][gc,heap     ] GC(33) Eden regions: 612->0(613)
[2025-12-24T10:56:25.639+0000][gc,heap     ] GC(33) Survivor regions: 2->1(77)
[2025-12-24T10:56:25.639+0000][gc,heap     ] GC(33) Old regions: 20->20
[2025-12-24T10:56:25.639+0000][gc,heap     ] GC(33) Humongous regions: 2->2
[2025-12-24T10:56:25.639+0000][gc,metaspace] GC(33) Metaspace: 10661K(11072K)->10661K(11072K) NonClass: 9633K(9856K)->9633K(9856K) Class: 1027K(1216K)->1027K(1216K)
[2025-12-24T10:56:25.639+0000][gc          ] GC(33) Pause Young (Normal) (G1 Evacuation Pause) 634M->22M(1024M) 6.076ms
[2025-12-24T10:56:25.640+0000][gc,cpu      ] GC(33) User=0.02s Sys=0.00s Real=0.01s
[2025-12-24T10:57:16.084+0000][gc,start    ] GC(34) Pause Young (Normal) (G1 Evacuation Pause)
[2025-12-24T10:57:16.085+0000][gc,task     ] GC(34) Using 8 workers of 8 for evacuation
[2025-12-24T10:57:16.089+0000][gc,phases   ] GC(34)   Pre Evacuate Collection Set: 1.1ms
[2025-12-24T10:57:16.089+0000][gc,phases   ] GC(34)   Merge Heap Roots: 0.2ms
[2025-12-24T10:57:16.089+0000][gc,phases   ] GC(34)   Evacuate Collection Set: 1.6ms
[2025-12-24T10:57:16.089+0000][gc,phases   ] GC(34)   Post Evacuate Collection Set: 0.8ms
[2025-12-24T10:57:16.089+0000][gc,phases   ] GC(34)   Other: 0.1ms
[2025-12-24T10:57:16.089+0000][gc,heap     ] GC(34) Eden regions: 613->0(613)
[2025-12-24T10:57:16.089+0000][gc,heap     ] GC(34) Survivor regions: 1->1(77)
[2025-12-24T10:57:16.089+0000][gc,heap     ] GC(34) Old regions: 20->20
[2025-12-24T10:57:16.089+0000][gc,heap     ] GC(34) Humongous regions: 2->2
[2025-12-24T10:57:16.089+0000][gc,metaspace] GC(34) Metaspace: 10663K(11072K)->10663K(11072K) NonClass: 9635K(9856K)->9635K(9856K) Class: 1027K(1216K)->1027K(1216K)
[2025-12-24T10:57:16.089+0000][gc          ] GC(34) Pause Young (Normal) (G1 Evacuation Pause) 635M->22M(1024M) 5.381ms
[2025-12-24T10:57:16.089+0000][gc,cpu      ] GC(34) User=0.02s Sys=0.00s Real=0.01s
[2025-12-24T10:58:15.885+0000][gc,start    ] GC(35) Pause Young (Normal) (G1 Evacuation Pause)
[2025-12-24T10:58:15.886+0000][gc,task     ] GC(35) Using 8 workers of 8 for evacuation
[2025-12-24T10:58:15.890+0000][gc,phases   ] GC(35)   Pre Evacuate Collection Set: 0.8ms
[2025-12-24T10:58:15.890+0000][gc,phases   ] GC(35)   Merge Heap Roots: 0.2ms
[2025-12-24T10:58:15.891+0000][gc,phases   ] GC(35)   Evacuate Collection Set: 2.0ms
[2025-12-24T10:58:15.891+0000][gc,phases   ] GC(35)   Post Evacuate Collection Set: 0.8ms
[2025-12-24T10:58:15.891+0000][gc,phases   ] GC(35)   Other: 0.2ms
[2025-12-24T10:58:15.891+0000][gc,heap     ] GC(35) Eden regions: 613->0(612)
[2025-12-24T10:58:15.891+0000][gc,heap     ] GC(35) Survivor regions: 1->2(77)
[2025-12-24T10:58:15.891+0000][gc,heap     ] GC(35) Old regions: 20->20
[2025-12-24T10:58:15.891+0000][gc,heap     ] GC(35) Humongous regions: 2->2
[2025-12-24T10:58:15.891+0000][gc,metaspace] GC(35) Metaspace: 10668K(11072K)->10668K(11072K) NonClass: 9640K(9856K)->9640K(9856K) Class: 1027K(1216K)->1027K(1216K)
[2025-12-24T10:58:15.891+0000][gc          ] GC(35) Pause Young (Normal) (G1 Evacuation Pause) 635M->23M(1024M) 5.886ms
[2025-12-24T10:58:15.891+0000][gc,cpu      ] GC(35) User=0.02s Sys=0.00s Real=0.01s
[2025-12-24T10:59:15.824+0000][gc,start    ] GC(36) Pause Young (Normal) (G1 Evacuation Pause)
[2025-12-24T10:59:15.826+0000][gc,task     ] GC(36) Using 8 workers of 8 for evacuation
[2025-12-24T10:59:15.832+0000][gc,phases   ] GC(36)   Pre Evacuate Collection Set: 0.8ms
[2025-12-24T10:59:15.832+0000][gc,phases   ] GC(36)   Merge Heap Roots: 0.4ms
[2025-12-24T10:59:15.832+0000][gc,phases   ] GC(36)   Evacuate Collection Set: 4.3ms
[2025-12-24T10:59:15.833+0000][gc,phases   ] GC(36)   Post Evacuate Collection Set: 0.9ms
[2025-12-24T10:59:15.833+0000][gc,phases   ] GC(36)   Other: 0.2ms
[2025-12-24T10:59:15.833+0000][gc,heap     ] GC(36) Eden regions: 612->0(612)
[2025-12-24T10:59:15.833+0000][gc,heap     ] GC(36) Survivor regions: 2->2(77)
[2025-12-24T10:59:15.833+0000][gc,heap     ] GC(36) Old regions: 20->20
[2025-12-24T10:59:15.833+0000][gc,heap     ] GC(36) Humongous regions: 2->2
[2025-12-24T10:59:15.833+0000][gc,metaspace] GC(36) Metaspace: 10709K(11072K)->10709K(11072K) NonClass: 9681K(9856K)->9681K(9856K) Class: 1027K(1216K)->1027K(1216K)
[2025-12-24T10:59:15.833+0000][gc          ] GC(36) Pause Young (Normal) (G1 Evacuation Pause) 635M->23M(1024M) 8.779ms
[2025-12-24T10:59:15.833+0000][gc,cpu      ] GC(36) User=0.04s Sys=0.00s Real=0.01s
[2025-12-24T11:04:51.774+0000][gc,start    ] GC(37) Pause Young (Normal) (G1 Evacuation Pause)
[2025-12-24T11:04:51.774+0000][gc,task     ] GC(37) Using 8 workers of 8 for evacuation
[2025-12-24T11:04:51.787+0000][gc,phases   ] GC(37)   Pre Evacuate Collection Set: 1.0ms
[2025-12-24T11:04:51.787+0000][gc,phases   ] GC(37)   Merge Heap Roots: 0.2ms
[2025-12-24T11:04:51.787+0000][gc,phases   ] GC(37)   Evacuate Collection Set: 9.3ms
[2025-12-24T11:04:51.787+0000][gc,phases   ] GC(37)   Post Evacuate Collection Set: 1.6ms
[2025-12-24T11:04:51.787+0000][gc,phases   ] GC(37)   Other: 0.2ms
[2025-12-24T11:04:51.787+0000][gc,heap     ] GC(37) Eden regions: 612->0(611)
[2025-12-24T11:04:51.787+0000][gc,heap     ] GC(37) Survivor regions: 2->3(77)
[2025-12-24T11:04:51.787+0000][gc,heap     ] GC(37) Old regions: 20->20
[2025-12-24T11:04:51.787+0000][gc,heap     ] GC(37) Humongous regions: 11->11
[2025-12-24T11:04:51.787+0000][gc,metaspace] GC(37) Metaspace: 11021K(11392K)->11021K(11392K) NonClass: 9977K(10176K)->9977K(10176K) Class: 1044K(1216K)->1044K(1216K)
[2025-12-24T11:04:51.787+0000][gc          ] GC(37) Pause Young (Normal) (G1 Evacuation Pause) 644M->33M(1024M) 13.440ms
[2025-12-24T11:04:51.787+0000][gc,cpu      ] GC(37) User=0.09s Sys=0.00s Real=0.02s
[2025-12-24T11:05:51.551+0000][gc,start    ] GC(38) Pause Young (Normal) (G1 Evacuation Pause)
[2025-12-24T11:05:51.552+0000][gc,task     ] GC(38) Using 8 workers of 8 for evacuation
[2025-12-24T11:05:51.560+0000][gc,phases   ] GC(38)   Pre Evacuate Collection Set: 0.9ms
[2025-12-24T11:05:51.560+0000][gc,phases   ] GC(38)   Merge Heap Roots: 0.2ms
[2025-12-24T11:05:51.560+0000][gc,phases   ] GC(38)   Evacuate Collection Set: 5.8ms
[2025-12-24T11:05:51.560+0000][gc,phases   ] GC(38)   Post Evacuate Collection Set: 0.8ms
[2025-12-24T11:05:51.560+0000][gc,phases   ] GC(38)   Other: 0.2ms
[2025-12-24T11:05:51.560+0000][gc,heap     ] GC(38) Eden regions: 611->0(611)
[2025-12-24T11:05:51.560+0000][gc,heap     ] GC(38) Survivor regions: 3->3(77)
[2025-12-24T11:05:51.560+0000][gc,heap     ] GC(38) Old regions: 20->20
[2025-12-24T11:05:51.560+0000][gc,heap     ] GC(38) Humongous regions: 11->11
[2025-12-24T11:05:51.561+0000][gc,metaspace] GC(38) Metaspace: 11358K(11712K)->11358K(11712K) NonClass: 10313K(10496K)->10313K(10496K) Class: 1044K(1216K)->1044K(1216K)
[2025-12-24T11:05:51.561+0000][gc          ] GC(38) Pause Young (Normal) (G1 Evacuation Pause) 644M->33M(1024M) 9.744ms
[2025-12-24T11:05:51.561+0000][gc,cpu      ] GC(38) User=0.04s Sys=0.00s Real=0.01s
[2025-12-24T11:06:41.744+0000][gc,start    ] GC(39) Pause Young (Normal) (G1 Evacuation Pause)
[2025-12-24T11:06:41.746+0000][gc,task     ] GC(39) Using 8 workers of 8 for evacuation
[2025-12-24T11:06:41.751+0000][gc,phases   ] GC(39)   Pre Evacuate Collection Set: 0.8ms
[2025-12-24T11:06:41.751+0000][gc,phases   ] GC(39)   Merge Heap Roots: 0.2ms
[2025-12-24T11:06:41.751+0000][gc,phases   ] GC(39)   Evacuate Collection Set: 3.5ms
[2025-12-24T11:06:41.751+0000][gc,phases   ] GC(39)   Post Evacuate Collection Set: 0.9ms
[2025-12-24T11:06:41.751+0000][gc,phases   ] GC(39)   Other: 0.2ms
[2025-12-24T11:06:41.752+0000][gc,heap     ] GC(39) Eden regions: 611->0(610)
[2025-12-24T11:06:41.752+0000][gc,heap     ] GC(39) Survivor regions: 3->4(77)
[2025-12-24T11:06:41.752+0000][gc,heap     ] GC(39) Old regions: 20->20
[2025-12-24T11:06:41.752+0000][gc,heap     ] GC(39) Humongous regions: 11->11
[2025-12-24T11:06:41.752+0000][gc,metaspace] GC(39) Metaspace: 11413K(11776K)->11413K(11776K) NonClass: 10369K(10560K)->10369K(10560K) Class: 1044K(1216K)->1044K(1216K)
[2025-12-24T11:06:41.752+0000][gc          ] GC(39) Pause Young (Normal) (G1 Evacuation Pause) 644M->34M(1024M) 7.446ms
[2025-12-24T11:06:41.752+0000][gc,cpu      ] GC(39) User=0.03s Sys=0.00s Real=0.01s
[2025-12-24T11:07:41.583+0000][gc,start    ] GC(40) Pause Young (Normal) (G1 Evacuation Pause)
[2025-12-24T11:07:41.583+0000][gc,task     ] GC(40) Using 8 workers of 8 for evacuation
[2025-12-24T11:07:41.592+0000][gc,phases   ] GC(40)   Pre Evacuate Collection Set: 0.8ms
[2025-12-24T11:07:41.592+0000][gc,phases   ] GC(40)   Merge Heap Roots: 0.2ms
[2025-12-24T11:07:41.592+0000][gc,phases   ] GC(40)   Evacuate Collection Set: 6.6ms
[2025-12-24T11:07:41.592+0000][gc,phases   ] GC(40)   Post Evacuate Collection Set: 0.9ms
[2025-12-24T11:07:41.592+0000][gc,phases   ] GC(40)   Other: 0.2ms
[2025-12-24T11:07:41.592+0000][gc,heap     ] GC(40) Eden regions: 610->0(610)
[2025-12-24T11:07:41.592+0000][gc,heap     ] GC(40) Survivor regions: 4->4(77)
[2025-12-24T11:07:41.592+0000][gc,heap     ] GC(40) Old regions: 20->20
[2025-12-24T11:07:41.592+0000][gc,heap     ] GC(40) Humongous regions: 11->11
[2025-12-24T11:07:41.592+0000][gc,metaspace] GC(40) Metaspace: 11459K(11840K)->11459K(11840K) NonClass: 10415K(10624K)->10415K(10624K) Class: 1044K(1216K)->1044K(1216K)
[2025-12-24T11:07:41.592+0000][gc          ] GC(40) Pause Young (Normal) (G1 Evacuation Pause) 644M->34M(1024M) 9.900ms
[2025-12-24T11:07:41.593+0000][gc,cpu      ] GC(40) User=0.05s Sys=0.01s Real=0.01s
[2025-12-24T11:08:31.748+0000][gc,start    ] GC(41) Pause Young (Normal) (G1 Evacuation Pause)
[2025-12-24T11:08:31.753+0000][gc,task     ] GC(41) Using 8 workers of 8 for evacuation
[2025-12-24T11:08:31.760+0000][gc,phases   ] GC(41)   Pre Evacuate Collection Set: 0.8ms
[2025-12-24T11:08:31.760+0000][gc,phases   ] GC(41)   Merge Heap Roots: 0.2ms
[2025-12-24T11:08:31.760+0000][gc,phases   ] GC(41)   Evacuate Collection Set: 4.1ms
[2025-12-24T11:08:31.760+0000][gc,phases   ] GC(41)   Post Evacuate Collection Set: 0.9ms
[2025-12-24T11:08:31.760+0000][gc,phases   ] GC(41)   Other: 0.9ms
[2025-12-24T11:08:31.760+0000][gc,heap     ] GC(41) Eden regions: 610->0(608)
[2025-12-24T11:08:31.760+0000][gc,heap     ] GC(41) Survivor regions: 4->6(77)
[2025-12-24T11:08:31.760+0000][gc,heap     ] GC(41) Old regions: 20->20
[2025-12-24T11:08:31.760+0000][gc,heap     ] GC(41) Humongous regions: 11->11
[2025-12-24T11:08:31.760+0000][gc,metaspace] GC(41) Metaspace: 11484K(11904K)->11484K(11904K) NonClass: 10440K(10688K)->10440K(10688K) Class: 1044K(1216K)->1044K(1216K)
[2025-12-24T11:08:31.760+0000][gc          ] GC(41) Pause Young (Normal) (G1 Evacuation Pause) 644M->36M(1024M) 12.589ms
[2025-12-24T11:08:31.761+0000][gc,cpu      ] GC(41) User=0.03s Sys=0.00s Real=0.01s
[2025-12-24T11:09:31.605+0000][gc,start    ] GC(42) Pause Young (Normal) (G1 Evacuation Pause)
[2025-12-24T11:09:31.606+0000][gc,task     ] GC(42) Using 8 workers of 8 for evacuation
[2025-12-24T11:09:31.613+0000][gc,phases   ] GC(42)   Pre Evacuate Collection Set: 0.8ms
[2025-12-24T11:09:31.614+0000][gc,phases   ] GC(42)   Merge Heap Roots: 0.2ms
[2025-12-24T11:09:31.614+0000][gc,phases   ] GC(42)   Evacuate Collection Set: 5.0ms
[2025-12-24T11:09:31.614+0000][gc,phases   ] GC(42)   Post Evacuate Collection Set: 1.1ms
[2025-12-24T11:09:31.614+0000][gc,phases   ] GC(42)   Other: 0.2ms
[2025-12-24T11:09:31.614+0000][gc,heap     ] GC(42) Eden regions: 608->0(608)
[2025-12-24T11:09:31.614+0000][gc,heap     ] GC(42) Survivor regions: 6->6(77)
[2025-12-24T11:09:31.614+0000][gc,heap     ] GC(42) Old regions: 20->21
[2025-12-24T11:09:31.614+0000][gc,heap     ] GC(42) Humongous regions: 11->11
[2025-12-24T11:09:31.614+0000][gc,metaspace] GC(42) Metaspace: 11530K(11904K)->11530K(11904K) NonClass: 10486K(10688K)->10486K(10688K) Class: 1044K(1216K)->1044K(1216K)
[2025-12-24T11:09:31.614+0000][gc          ] GC(42) Pause Young (Normal) (G1 Evacuation Pause) 644M->36M(1024M) 9.419ms
[2025-12-24T11:09:31.614+0000][gc,cpu      ] GC(42) User=0.04s Sys=0.00s Real=0.00s
[2025-12-24T11:10:21.751+0000][gc,start    ] GC(43) Pause Young (Normal) (G1 Evacuation Pause)
[2025-12-24T11:10:21.752+0000][gc,task     ] GC(43) Using 8 workers of 8 for evacuation
[2025-12-24T11:10:21.761+0000][gc,phases   ] GC(43)   Pre Evacuate Collection Set: 0.8ms
[2025-12-24T11:10:21.761+0000][gc,phases   ] GC(43)   Merge Heap Roots: 0.2ms
[2025-12-24T11:10:21.761+0000][gc,phases   ] GC(43)   Evacuate Collection Set: 7.0ms
[2025-12-24T11:10:21.761+0000][gc,phases   ] GC(43)   Post Evacuate Collection Set: 1.0ms
[2025-12-24T11:10:21.761+0000][gc,phases   ] GC(43)   Other: 0.3ms
[2025-12-24T11:10:21.761+0000][gc,heap     ] GC(43) Eden regions: 608->0(606)
[2025-12-24T11:10:21.762+0000][gc,heap     ] GC(43) Survivor regions: 6->8(77)
[2025-12-24T11:10:21.762+0000][gc,heap     ] GC(43) Old regions: 21->21
[2025-12-24T11:10:21.762+0000][gc,heap     ] GC(43) Humongous regions: 11->11
[2025-12-24T11:10:21.762+0000][gc,metaspace] GC(43) Metaspace: 11563K(11968K)->11563K(11968K) NonClass: 10518K(10752K)->10518K(10752K) Class: 1044K(1216K)->1044K(1216K)
[2025-12-24T11:10:21.762+0000][gc          ] GC(43) Pause Young (Normal) (G1 Evacuation Pause) 644M->38M(1024M) 10.639ms
[2025-12-24T11:10:21.762+0000][gc,cpu      ] GC(43) User=0.06s Sys=0.00s Real=0.01s
[2025-12-24T11:11:21.623+0000][gc,start    ] GC(44) Pause Young (Normal) (G1 Evacuation Pause)
[2025-12-24T11:11:21.624+0000][gc,task     ] GC(44) Using 8 workers of 8 for evacuation
[2025-12-24T11:11:21.645+0000][gc,phases   ] GC(44)   Pre Evacuate Collection Set: 3.4ms
[2025-12-24T11:11:21.645+0000][gc,phases   ] GC(44)   Merge Heap Roots: 0.6ms
[2025-12-24T11:11:21.645+0000][gc,phases   ] GC(44)   Evacuate Collection Set: 11.3ms
[2025-12-24T11:11:21.646+0000][gc,phases   ] GC(44)   Post Evacuate Collection Set: 5.8ms
[2025-12-24T11:11:21.646+0000][gc,phases   ] GC(44)   Other: 0.6ms
[2025-12-24T11:11:21.646+0000][gc,heap     ] GC(44) Eden regions: 606->0(606)
[2025-12-24T11:11:21.646+0000][gc,heap     ] GC(44) Survivor regions: 8->8(77)
[2025-12-24T11:11:21.646+0000][gc,heap     ] GC(44) Old regions: 21->21
[2025-12-24T11:11:21.646+0000][gc,heap     ] GC(44) Humongous regions: 11->11
[2025-12-24T11:11:21.646+0000][gc,metaspace] GC(44) Metaspace: 11575K(11968K)->11575K(11968K) NonClass: 10530K(10752K)->10530K(10752K) Class: 1044K(1216K)->1044K(1216K)
[2025-12-24T11:11:21.646+0000][gc          ] GC(44) Pause Young (Normal) (G1 Evacuation Pause) 644M->38M(1024M) 23.007ms
[2025-12-24T11:11:21.646+0000][gc,cpu      ] GC(44) User=0.13s Sys=0.00s Real=0.02s
[2025-12-24T11:12:11.738+0000][gc,start    ] GC(45) Pause Young (Normal) (G1 Evacuation Pause)
[2025-12-24T11:12:11.740+0000][gc,task     ] GC(45) Using 8 workers of 8 for evacuation
[2025-12-24T11:12:11.753+0000][gc,phases   ] GC(45)   Pre Evacuate Collection Set: 0.8ms
[2025-12-24T11:12:11.753+0000][gc,phases   ] GC(45)   Merge Heap Roots: 0.2ms
[2025-12-24T11:12:11.753+0000][gc,phases   ] GC(45)   Evacuate Collection Set: 10.1ms
[2025-12-24T11:12:11.753+0000][gc,phases   ] GC(45)   Post Evacuate Collection Set: 1.9ms
[2025-12-24T11:12:11.753+0000][gc,phases   ] GC(45)   Other: 0.3ms
[2025-12-24T11:12:11.753+0000][gc,heap     ] GC(45) Eden regions: 606->0(605)
[2025-12-24T11:12:11.753+0000][gc,heap     ] GC(45) Survivor regions: 8->9(77)
[2025-12-24T11:12:11.753+0000][gc,heap     ] GC(45) Old regions: 21->21
[2025-12-24T11:12:11.754+0000][gc,heap     ] GC(45) Humongous regions: 11->11
[2025-12-24T11:12:11.754+0000][gc,metaspace] GC(45) Metaspace: 11582K(11968K)->11582K(11968K) NonClass: 10537K(10752K)->10537K(10752K) Class: 1044K(1216K)->1044K(1216K)
[2025-12-24T11:12:11.754+0000][gc          ] GC(45) Pause Young (Normal) (G1 Evacuation Pause) 644M->40M(1024M) 15.273ms
[2025-12-24T11:12:11.754+0000][gc,cpu      ] GC(45) User=0.08s Sys=0.00s Real=0.02s
[2025-12-24T11:13:11.559+0000][gc,start    ] GC(46) Pause Young (Normal) (G1 Evacuation Pause)
[2025-12-24T11:13:11.560+0000][gc,task     ] GC(46) Using 8 workers of 8 for evacuation
[2025-12-24T11:13:11.572+0000][gc,phases   ] GC(46)   Pre Evacuate Collection Set: 0.8ms
[2025-12-24T11:13:11.572+0000][gc,phases   ] GC(46)   Merge Heap Roots: 0.2ms
[2025-12-24T11:13:11.572+0000][gc,phases   ] GC(46)   Evacuate Collection Set: 7.2ms
[2025-12-24T11:13:11.573+0000][gc,phases   ] GC(46)   Post Evacuate Collection Set: 3.1ms
[2025-12-24T11:13:11.573+0000][gc,phases   ] GC(46)   Other: 0.5ms
[2025-12-24T11:13:11.573+0000][gc,heap     ] GC(46) Eden regions: 605->0(604)
[2025-12-24T11:13:11.573+0000][gc,heap     ] GC(46) Survivor regions: 9->10(77)
[2025-12-24T11:13:11.573+0000][gc,heap     ] GC(46) Old regions: 21->21
[2025-12-24T11:13:11.573+0000][gc,heap     ] GC(46) Humongous regions: 11->11
[2025-12-24T11:13:11.573+0000][gc,metaspace] GC(46) Metaspace: 11607K(12032K)->11607K(12032K) NonClass: 10562K(10816K)->10562K(10816K) Class: 1044K(1216K)->1044K(1216K)
[2025-12-24T11:13:11.573+0000][gc          ] GC(46) Pause Young (Normal) (G1 Evacuation Pause) 645M->40M(1024M) 14.284ms
[2025-12-24T11:13:11.573+0000][gc,cpu      ] GC(46) User=0.06s Sys=0.00s Real=0.02s
[2025-12-24T11:14:01.718+0000][gc,start    ] GC(47) Pause Young (Normal) (G1 Evacuation Pause)
[2025-12-24T11:14:01.720+0000][gc,task     ] GC(47) Using 8 workers of 8 for evacuation
[2025-12-24T11:14:01.733+0000][gc,phases   ] GC(47)   Pre Evacuate Collection Set: 0.7ms
[2025-12-24T11:14:01.733+0000][gc,phases   ] GC(47)   Merge Heap Roots: 0.1ms
[2025-12-24T11:14:01.733+0000][gc,phases   ] GC(47)   Evacuate Collection Set: 11.5ms
[2025-12-24T11:14:01.733+0000][gc,phases   ] GC(47)   Post Evacuate Collection Set: 1.0ms
[2025-12-24T11:14:01.734+0000][gc,phases   ] GC(47)   Other: 0.2ms
[2025-12-24T11:14:01.734+0000][gc,heap     ] GC(47) Eden regions: 604->0(603)
[2025-12-24T11:14:01.734+0000][gc,heap     ] GC(47) Survivor regions: 10->11(77)
[2025-12-24T11:14:01.734+0000][gc,heap     ] GC(47) Old regions: 21->21
[2025-12-24T11:14:01.734+0000][gc,heap     ] GC(47) Humongous regions: 11->11
[2025-12-24T11:14:01.734+0000][gc,metaspace] GC(47) Metaspace: 11740K(12096K)->11740K(12096K) NonClass: 10696K(10880K)->10696K(10880K) Class: 1044K(1216K)->1044K(1216K)
[2025-12-24T11:14:01.734+0000][gc          ] GC(47) Pause Young (Normal) (G1 Evacuation Pause) 644M->41M(1024M) 15.561ms
[2025-12-24T11:14:01.734+0000][gc,cpu      ] GC(47) User=0.09s Sys=0.00s Real=0.02s
[2025-12-24T11:14:51.859+0000][gc,start    ] GC(48) Pause Young (Normal) (G1 Evacuation Pause)
[2025-12-24T11:14:51.860+0000][gc,task     ] GC(48) Using 8 workers of 8 for evacuation
[2025-12-24T11:14:51.883+0000][gc,phases   ] GC(48)   Pre Evacuate Collection Set: 0.9ms
[2025-12-24T11:14:51.883+0000][gc,phases   ] GC(48)   Merge Heap Roots: 0.2ms
[2025-12-24T11:14:51.883+0000][gc,phases   ] GC(48)   Evacuate Collection Set: 20.5ms
[2025-12-24T11:14:51.883+0000][gc,phases   ] GC(48)   Post Evacuate Collection Set: 1.1ms
[2025-12-24T11:14:51.883+0000][gc,phases   ] GC(48)   Other: 0.2ms
[2025-12-24T11:14:51.883+0000][gc,heap     ] GC(48) Eden regions: 603->0(601)
[2025-12-24T11:14:51.883+0000][gc,heap     ] GC(48) Survivor regions: 11->13(77)
[2025-12-24T11:14:51.883+0000][gc,heap     ] GC(48) Old regions: 21->21
[2025-12-24T11:14:51.883+0000][gc,heap     ] GC(48) Humongous regions: 11->11
[2025-12-24T11:14:51.883+0000][gc,metaspace] GC(48) Metaspace: 11765K(12096K)->11765K(12096K) NonClass: 10720K(10880K)->10720K(10880K) Class: 1044K(1216K)->1044K(1216K)
[2025-12-24T11:14:51.883+0000][gc          ] GC(48) Pause Young (Normal) (G1 Evacuation Pause) 644M->43M(1024M) 24.712ms
[2025-12-24T11:14:51.883+0000][gc,cpu      ] GC(48) User=0.12s Sys=0.01s Real=0.03s
[2025-12-24T11:15:51.628+0000][gc,start    ] GC(49) Pause Young (Normal) (G1 Evacuation Pause)
[2025-12-24T11:15:51.630+0000][gc,task     ] GC(49) Using 8 workers of 8 for evacuation
[2025-12-24T11:15:51.648+0000][gc,phases   ] GC(49)   Pre Evacuate Collection Set: 0.9ms
[2025-12-24T11:15:51.648+0000][gc,phases   ] GC(49)   Merge Heap Roots: 0.2ms
[2025-12-24T11:15:51.648+0000][gc,phases   ] GC(49)   Evacuate Collection Set: 15.9ms
[2025-12-24T11:15:51.648+0000][gc,phases   ] GC(49)   Post Evacuate Collection Set: 1.0ms
[2025-12-24T11:15:51.648+0000][gc,phases   ] GC(49)   Other: 0.2ms
[2025-12-24T11:15:51.648+0000][gc,heap     ] GC(49) Eden regions: 601->0(602)
[2025-12-24T11:15:51.648+0000][gc,heap     ] GC(49) Survivor regions: 13->12(77)
[2025-12-24T11:15:51.648+0000][gc,heap     ] GC(49) Old regions: 21->21
[2025-12-24T11:15:51.648+0000][gc,heap     ] GC(49) Humongous regions: 11->11
[2025-12-24T11:15:51.648+0000][gc,metaspace] GC(49) Metaspace: 11765K(12096K)->11765K(12096K) NonClass: 10720K(10880K)->10720K(10880K) Class: 1044K(1216K)->1044K(1216K)
[2025-12-24T11:15:51.649+0000][gc          ] GC(49) Pause Young (Normal) (G1 Evacuation Pause) 644M->43M(1024M) 20.070ms
[2025-12-24T11:15:51.649+0000][gc,cpu      ] GC(49) User=0.12s Sys=0.00s Real=0.02s
[2025-12-24T11:16:41.791+0000][gc,start    ] GC(50) Pause Young (Normal) (G1 Evacuation Pause)
[2025-12-24T11:16:41.792+0000][gc,task     ] GC(50) Using 8 workers of 8 for evacuation
[2025-12-24T11:16:41.811+0000][gc,phases   ] GC(50)   Pre Evacuate Collection Set: 0.8ms
[2025-12-24T11:16:41.811+0000][gc,phases   ] GC(50)   Merge Heap Roots: 0.2ms
[2025-12-24T11:16:41.811+0000][gc,phases   ] GC(50)   Evacuate Collection Set: 16.5ms
[2025-12-24T11:16:41.811+0000][gc,phases   ] GC(50)   Post Evacuate Collection Set: 1.1ms
[2025-12-24T11:16:41.811+0000][gc,phases   ] GC(50)   Other: 0.2ms
[2025-12-24T11:16:41.811+0000][gc,heap     ] GC(50) Eden regions: 602->0(601)
[2025-12-24T11:16:41.811+0000][gc,heap     ] GC(50) Survivor regions: 12->13(77)
[2025-12-24T11:16:41.811+0000][gc,heap     ] GC(50) Old regions: 21->21
[2025-12-24T11:16:41.812+0000][gc,heap     ] GC(50) Humongous regions: 11->11
[2025-12-24T11:16:41.812+0000][gc,metaspace] GC(50) Metaspace: 11765K(12096K)->11765K(12096K) NonClass: 10720K(10880K)->10720K(10880K) Class: 1044K(1216K)->1044K(1216K)
[2025-12-24T11:16:41.812+0000][gc          ] GC(50) Pause Young (Normal) (G1 Evacuation Pause) 645M->44M(1024M) 20.713ms
[2025-12-24T11:16:41.812+0000][gc,cpu      ] GC(50) User=0.14s Sys=0.00s Real=0.02s
[2025-12-24T11:17:41.574+0000][gc,start    ] GC(51) Pause Young (Normal) (G1 Evacuation Pause)
[2025-12-24T11:17:41.575+0000][gc,task     ] GC(51) Using 8 workers of 8 for evacuation
[2025-12-24T11:17:41.595+0000][gc,phases   ] GC(51)   Pre Evacuate Collection Set: 0.8ms
[2025-12-24T11:17:41.595+0000][gc,phases   ] GC(51)   Merge Heap Roots: 0.2ms
[2025-12-24T11:17:41.595+0000][gc,phases   ] GC(51)   Evacuate Collection Set: 14.3ms
[2025-12-24T11:17:41.595+0000][gc,phases   ] GC(51)   Post Evacuate Collection Set: 4.2ms
[2025-12-24T11:17:41.595+0000][gc,phases   ] GC(51)   Other: 0.2ms
[2025-12-24T11:17:41.595+0000][gc,heap     ] GC(51) Eden regions: 601->0(600)
[2025-12-24T11:17:41.595+0000][gc,heap     ] GC(51) Survivor regions: 13->14(77)
[2025-12-24T11:17:41.595+0000][gc,heap     ] GC(51) Old regions: 21->21
[2025-12-24T11:17:41.595+0000][gc,heap     ] GC(51) Humongous regions: 11->11
[2025-12-24T11:17:41.595+0000][gc,metaspace] GC(51) Metaspace: 11765K(12096K)->11765K(12096K) NonClass: 10720K(10880K)->10720K(10880K) Class: 1044K(1216K)->1044K(1216K)
[2025-12-24T11:17:41.595+0000][gc          ] GC(51) Pause Young (Normal) (G1 Evacuation Pause) 645M->44M(1024M) 21.612ms
[2025-12-24T11:17:41.595+0000][gc,cpu      ] GC(51) User=0.12s Sys=0.00s Real=0.02s
[2025-12-24T11:18:31.751+0000][gc,start    ] GC(52) Pause Young (Normal) (G1 Evacuation Pause)
[2025-12-24T11:18:31.752+0000][gc,task     ] GC(52) Using 8 workers of 8 for evacuation
[2025-12-24T11:18:31.770+0000][gc,phases   ] GC(52)   Pre Evacuate Collection Set: 0.8ms
[2025-12-24T11:18:31.770+0000][gc,phases   ] GC(52)   Merge Heap Roots: 0.2ms
[2025-12-24T11:18:31.771+0000][gc,phases   ] GC(52)   Evacuate Collection Set: 15.1ms
[2025-12-24T11:18:31.771+0000][gc,phases   ] GC(52)   Post Evacuate Collection Set: 2.4ms
[2025-12-24T11:18:31.771+0000][gc,phases   ] GC(52)   Other: 0.3ms
[2025-12-24T11:18:31.771+0000][gc,heap     ] GC(52) Eden regions: 600->0(599)
[2025-12-24T11:18:31.771+0000][gc,heap     ] GC(52) Survivor regions: 14->15(77)
[2025-12-24T11:18:31.771+0000][gc,heap     ] GC(52) Old regions: 21->21
[2025-12-24T11:18:31.771+0000][gc,heap     ] GC(52) Humongous regions: 11->11
[2025-12-24T11:18:31.771+0000][gc,metaspace] GC(52) Metaspace: 11765K(12096K)->11765K(12096K) NonClass: 10720K(10880K)->10720K(10880K) Class: 1044K(1216K)->1044K(1216K)
[2025-12-24T11:18:31.771+0000][gc          ] GC(52) Pause Young (Normal) (G1 Evacuation Pause) 644M->46M(1024M) 20.142ms
[2025-12-24T11:18:31.771+0000][gc,cpu      ] GC(52) User=0.13s Sys=0.00s Real=0.02s
[2025-12-24T11:19:21.829+0000][gc,start    ] GC(53) Pause Young (Normal) (G1 Evacuation Pause)
[2025-12-24T11:19:21.830+0000][gc,task     ] GC(53) Using 8 workers of 8 for evacuation
[2025-12-24T11:19:21.850+0000][gc,phases   ] GC(53)   Pre Evacuate Collection Set: 0.9ms
[2025-12-24T11:19:21.851+0000][gc,phases   ] GC(53)   Merge Heap Roots: 0.2ms
[2025-12-24T11:19:21.851+0000][gc,phases   ] GC(53)   Evacuate Collection Set: 18.5ms
[2025-12-24T11:19:21.851+0000][gc,phases   ] GC(53)   Post Evacuate Collection Set: 1.1ms
[2025-12-24T11:19:21.851+0000][gc,phases   ] GC(53)   Other: 0.2ms
[2025-12-24T11:19:21.851+0000][gc,heap     ] GC(53) Eden regions: 599->0(599)
[2025-12-24T11:19:21.851+0000][gc,heap     ] GC(53) Survivor regions: 15->15(77)
[2025-12-24T11:19:21.851+0000][gc,heap     ] GC(53) Old regions: 21->22
[2025-12-24T11:19:21.851+0000][gc,heap     ] GC(53) Humongous regions: 11->11
[2025-12-24T11:19:21.851+0000][gc,metaspace] GC(53) Metaspace: 11765K(12096K)->11765K(12096K) NonClass: 10720K(10880K)->10720K(10880K) Class: 1044K(1216K)->1044K(1216K)
[2025-12-24T11:19:21.851+0000][gc          ] GC(53) Pause Young (Normal) (G1 Evacuation Pause) 645M->47M(1024M) 21.970ms
[2025-12-24T11:19:21.851+0000][gc,cpu      ] GC(53) User=0.15s Sys=0.00s Real=0.02s
[2025-12-24T11:20:21.638+0000][gc,start    ] GC(54) Pause Young (Normal) (G1 Evacuation Pause)
[2025-12-24T11:20:21.638+0000][gc,task     ] GC(54) Using 8 workers of 8 for evacuation
[2025-12-24T11:20:21.651+0000][gc,phases   ] GC(54)   Pre Evacuate Collection Set: 0.8ms
[2025-12-24T11:20:21.652+0000][gc,phases   ] GC(54)   Merge Heap Roots: 0.3ms
[2025-12-24T11:20:21.652+0000][gc,phases   ] GC(54)   Evacuate Collection Set: 10.7ms
[2025-12-24T11:20:21.652+0000][gc,phases   ] GC(54)   Post Evacuate Collection Set: 1.1ms
[2025-12-24T11:20:21.652+0000][gc,phases   ] GC(54)   Other: 0.2ms
[2025-12-24T11:20:21.652+0000][gc,heap     ] GC(54) Eden regions: 599->0(599)
[2025-12-24T11:20:21.652+0000][gc,heap     ] GC(54) Survivor regions: 15->15(77)
[2025-12-24T11:20:21.652+0000][gc,heap     ] GC(54) Old regions: 22->23
[2025-12-24T11:20:21.652+0000][gc,heap     ] GC(54) Humongous regions: 11->11
[2025-12-24T11:20:21.652+0000][gc,metaspace] GC(54) Metaspace: 11776K(12096K)->11776K(12096K) NonClass: 10731K(10880K)->10731K(10880K) Class: 1044K(1216K)->1044K(1216K)
[2025-12-24T11:20:21.652+0000][gc          ] GC(54) Pause Young (Normal) (G1 Evacuation Pause) 646M->48M(1024M) 14.267ms
[2025-12-24T11:20:21.652+0000][gc,cpu      ] GC(54) User=0.07s Sys=0.00s Real=0.02s
[2025-12-24T11:21:11.785+0000][gc,start    ] GC(55) Pause Young (Normal) (G1 Evacuation Pause)
[2025-12-24T11:21:11.786+0000][gc,task     ] GC(55) Using 8 workers of 8 for evacuation
[2025-12-24T11:21:11.809+0000][gc,phases   ] GC(55)   Pre Evacuate Collection Set: 1.8ms
[2025-12-24T11:21:11.809+0000][gc,phases   ] GC(55)   Merge Heap Roots: 1.5ms
[2025-12-24T11:21:11.809+0000][gc,phases   ] GC(55)   Evacuate Collection Set: 17.3ms
[2025-12-24T11:21:11.809+0000][gc,phases   ] GC(55)   Post Evacuate Collection Set: 1.0ms
[2025-12-24T11:21:11.809+0000][gc,phases   ] GC(55)   Other: 0.8ms
[2025-12-24T11:21:11.809+0000][gc,heap     ] GC(55) Eden regions: 599->0(599)
[2025-12-24T11:21:11.809+0000][gc,heap     ] GC(55) Survivor regions: 15->15(77)
[2025-12-24T11:21:11.809+0000][gc,heap     ] GC(55) Old regions: 23->24
[2025-12-24T11:21:11.809+0000][gc,heap     ] GC(55) Humongous regions: 11->11
[2025-12-24T11:21:11.809+0000][gc,metaspace] GC(55) Metaspace: 11782K(12096K)->11782K(12096K) NonClass: 10737K(10880K)->10737K(10880K) Class: 1044K(1216K)->1044K(1216K)
[2025-12-24T11:21:11.809+0000][gc          ] GC(55) Pause Young (Normal) (G1 Evacuation Pause) 647M->48M(1024M) 24.124ms
[2025-12-24T11:21:11.809+0000][gc,cpu      ] GC(55) User=0.15s Sys=0.00s Real=0.02s
[2025-12-24T11:22:11.565+0000][gc,start    ] GC(56) Pause Young (Normal) (G1 Evacuation Pause)
[2025-12-24T11:22:11.566+0000][gc,task     ] GC(56) Using 8 workers of 8 for evacuation
[2025-12-24T11:22:11.594+0000][gc,phases   ] GC(56)   Pre Evacuate Collection Set: 1.0ms
[2025-12-24T11:22:11.594+0000][gc,phases   ] GC(56)   Merge Heap Roots: 0.3ms
[2025-12-24T11:22:11.594+0000][gc,phases   ] GC(56)   Evacuate Collection Set: 24.1ms
[2025-12-24T11:22:11.594+0000][gc,phases   ] GC(56)   Post Evacuate Collection Set: 1.9ms
[2025-12-24T11:22:11.594+0000][gc,phases   ] GC(56)   Other: 0.4ms
[2025-12-24T11:22:11.595+0000][gc,heap     ] GC(56) Eden regions: 599->0(599)
[2025-12-24T11:22:11.595+0000][gc,heap     ] GC(56) Survivor regions: 15->15(77)
[2025-12-24T11:22:11.595+0000][gc,heap     ] GC(56) Old regions: 24->24
[2025-12-24T11:22:11.595+0000][gc,heap     ] GC(56) Humongous regions: 11->11
[2025-12-24T11:22:11.595+0000][gc,metaspace] GC(56) Metaspace: 11783K(12096K)->11783K(12096K) NonClass: 10738K(10880K)->10738K(10880K) Class: 1044K(1216K)->1044K(1216K)
[2025-12-24T11:22:11.596+0000][gc          ] GC(56) Pause Young (Normal) (G1 Evacuation Pause) 647M->49M(1024M) 30.900ms
[2025-12-24T11:22:11.596+0000][gc,cpu      ] GC(56) User=0.19s Sys=0.01s Real=0.03s
[2025-12-24T11:23:01.725+0000][gc,start    ] GC(57) Pause Young (Normal) (G1 Evacuation Pause)
[2025-12-24T11:23:01.726+0000][gc,task     ] GC(57) Using 8 workers of 8 for evacuation
[2025-12-24T11:23:01.761+0000][gc,phases   ] GC(57)   Pre Evacuate Collection Set: 1.0ms
[2025-12-24T11:23:01.761+0000][gc,phases   ] GC(57)   Merge Heap Roots: 0.4ms
[2025-12-24T11:23:01.761+0000][gc,phases   ] GC(57)   Evacuate Collection Set: 32.0ms
[2025-12-24T11:23:01.761+0000][gc,phases   ] GC(57)   Post Evacuate Collection Set: 1.2ms
[2025-12-24T11:23:01.761+0000][gc,phases   ] GC(57)   Other: 0.3ms
[2025-12-24T11:23:01.761+0000][gc,heap     ] GC(57) Eden regions: 599->0(598)
[2025-12-24T11:23:01.761+0000][gc,heap     ] GC(57) Survivor regions: 15->16(77)
[2025-12-24T11:23:01.762+0000][gc,heap     ] GC(57) Old regions: 24->25
[2025-12-24T11:23:01.762+0000][gc,heap     ] GC(57) Humongous regions: 11->11
[2025-12-24T11:23:01.762+0000][gc,metaspace] GC(57) Metaspace: 11784K(12096K)->11784K(12096K) NonClass: 10739K(10880K)->10739K(10880K) Class: 1044K(1216K)->1044K(1216K)
[2025-12-24T11:23:01.762+0000][gc          ] GC(57) Pause Young (Normal) (G1 Evacuation Pause) 648M->51M(1024M) 36.362ms
[2025-12-24T11:23:01.762+0000][gc,cpu      ] GC(57) User=0.19s Sys=0.03s Real=0.03s
[2025-12-24T11:23:51.818+0000][gc,start    ] GC(58) Pause Young (Normal) (G1 Evacuation Pause)
[2025-12-24T11:23:51.820+0000][gc,task     ] GC(58) Using 8 workers of 8 for evacuation
[2025-12-24T11:23:51.838+0000][gc,phases   ] GC(58)   Pre Evacuate Collection Set: 0.7ms
[2025-12-24T11:23:51.838+0000][gc,phases   ] GC(58)   Merge Heap Roots: 0.3ms
[2025-12-24T11:23:51.838+0000][gc,phases   ] GC(58)   Evacuate Collection Set: 15.7ms
[2025-12-24T11:23:51.838+0000][gc,phases   ] GC(58)   Post Evacuate Collection Set: 1.7ms
[2025-12-24T11:23:51.839+0000][gc,phases   ] GC(58)   Other: 0.2ms
[2025-12-24T11:23:51.839+0000][gc,heap     ] GC(58) Eden regions: 598->0(598)
[2025-12-24T11:23:51.839+0000][gc,heap     ] GC(58) Survivor regions: 16->16(77)
[2025-12-24T11:23:51.839+0000][gc,heap     ] GC(58) Old regions: 25->26
[2025-12-24T11:23:51.839+0000][gc,heap     ] GC(58) Humongous regions: 11->11
[2025-12-24T11:23:51.839+0000][gc,metaspace] GC(58) Metaspace: 11786K(12096K)->11786K(12096K) NonClass: 10741K(10880K)->10741K(10880K) Class: 1044K(1216K)->1044K(1216K)
[2025-12-24T11:23:51.839+0000][gc          ] GC(58) Pause Young (Normal) (G1 Evacuation Pause) 649M->52M(1024M) 20.500ms
[2025-12-24T11:23:51.839+0000][gc,cpu      ] GC(58) User=0.13s Sys=0.00s Real=0.02s
[2025-12-24T11:24:51.602+0000][gc,start    ] GC(59) Pause Young (Normal) (G1 Evacuation Pause)
[2025-12-24T11:24:51.605+0000][gc,task     ] GC(59) Using 8 workers of 8 for evacuation
[2025-12-24T11:24:51.628+0000][gc,phases   ] GC(59)   Pre Evacuate Collection Set: 0.8ms
[2025-12-24T11:24:51.628+0000][gc,phases   ] GC(59)   Merge Heap Roots: 0.4ms
[2025-12-24T11:24:51.628+0000][gc,phases   ] GC(59)   Evacuate Collection Set: 19.9ms
[2025-12-24T11:24:51.628+0000][gc,phases   ] GC(59)   Post Evacuate Collection Set: 1.0ms
[2025-12-24T11:24:51.628+0000][gc,phases   ] GC(59)   Other: 0.2ms
[2025-12-24T11:24:51.628+0000][gc,heap     ] GC(59) Eden regions: 598->0(599)
[2025-12-24T11:24:51.628+0000][gc,heap     ] GC(59) Survivor regions: 16->15(77)
[2025-12-24T11:24:51.628+0000][gc,heap     ] GC(59) Old regions: 26->27
[2025-12-24T11:24:51.628+0000][gc,heap     ] GC(59) Humongous regions: 11->11
[2025-12-24T11:24:51.628+0000][gc,metaspace] GC(59) Metaspace: 11793K(12096K)->11793K(12096K) NonClass: 10748K(10880K)->10748K(10880K) Class: 1044K(1216K)->1044K(1216K)
[2025-12-24T11:24:51.628+0000][gc          ] GC(59) Pause Young (Normal) (G1 Evacuation Pause) 650M->52M(1024M) 25.930ms
[2025-12-24T11:24:51.628+0000][gc,cpu      ] GC(59) User=0.15s Sys=0.01s Real=0.03s
[2025-12-24T11:25:41.722+0000][gc,start    ] GC(60) Pause Young (Normal) (G1 Evacuation Pause)
[2025-12-24T11:25:41.724+0000][gc,task     ] GC(60) Using 8 workers of 8 for evacuation
[2025-12-24T11:25:41.746+0000][gc,phases   ] GC(60)   Pre Evacuate Collection Set: 0.9ms
[2025-12-24T11:25:41.746+0000][gc,phases   ] GC(60)   Merge Heap Roots: 0.3ms
[2025-12-24T11:25:41.746+0000][gc,phases   ] GC(60)   Evacuate Collection Set: 19.6ms
[2025-12-24T11:25:41.746+0000][gc,phases   ] GC(60)   Post Evacuate Collection Set: 1.1ms
[2025-12-24T11:25:41.746+0000][gc,phases   ] GC(60)   Other: 0.3ms
[2025-12-24T11:25:41.746+0000][gc,heap     ] GC(60) Eden regions: 599->0(599)
[2025-12-24T11:25:41.746+0000][gc,heap     ] GC(60) Survivor regions: 15->15(77)
[2025-12-24T11:25:41.746+0000][gc,heap     ] GC(60) Old regions: 27->28
[2025-12-24T11:25:41.746+0000][gc,heap     ] GC(60) Humongous regions: 11->11
[2025-12-24T11:25:41.746+0000][gc,metaspace] GC(60) Metaspace: 11793K(12096K)->11793K(12096K) NonClass: 10748K(10880K)->10748K(10880K) Class: 1044K(1216K)->1044K(1216K)
[2025-12-24T11:25:41.747+0000][gc          ] GC(60) Pause Young (Normal) (G1 Evacuation Pause) 651M->53M(1024M) 24.198ms
[2025-12-24T11:25:41.747+0000][gc,cpu      ] GC(60) User=0.14s Sys=0.00s Real=0.03s
[2025-12-24T11:26:36.746+0000][gc,start    ] GC(61) Pause Young (Normal) (G1 Evacuation Pause)
[2025-12-24T11:26:36.747+0000][gc,task     ] GC(61) Using 8 workers of 8 for evacuation
[2025-12-24T11:26:36.797+0000][gc,phases   ] GC(61)   Pre Evacuate Collection Set: 4.4ms
[2025-12-24T11:26:36.798+0000][gc,phases   ] GC(61)   Merge Heap Roots: 4.7ms
[2025-12-24T11:26:36.798+0000][gc,phases   ] GC(61)   Evacuate Collection Set: 36.2ms
[2025-12-24T11:26:36.798+0000][gc,phases   ] GC(61)   Post Evacuate Collection Set: 1.8ms
[2025-12-24T11:26:36.798+0000][gc,phases   ] GC(61)   Other: 3.4ms
[2025-12-24T11:26:36.798+0000][gc,heap     ] GC(61) Eden regions: 599->0(600)
[2025-12-24T11:26:36.798+0000][gc,heap     ] GC(61) Survivor regions: 15->14(77)
[2025-12-24T11:26:36.798+0000][gc,heap     ] GC(61) Old regions: 28->29
[2025-12-24T11:26:36.798+0000][gc,heap     ] GC(61) Humongous regions: 11->11
[2025-12-24T11:26:36.798+0000][gc,metaspace] GC(61) Metaspace: 11796K(12096K)->11796K(12096K) NonClass: 10751K(10880K)->10751K(10880K) Class: 1044K(1216K)->1044K(1216K)
[2025-12-24T11:26:36.798+0000][gc          ] GC(61) Pause Young (Normal) (G1 Evacuation Pause) 652M->53M(1024M) 52.751ms
[2025-12-24T11:26:36.798+0000][gc,cpu      ] GC(61) User=0.23s Sys=0.01s Real=0.06s
[2025-12-24T11:27:31.658+0000][gc,start    ] GC(62) Pause Young (Normal) (G1 Evacuation Pause)
[2025-12-24T11:27:31.659+0000][gc,task     ] GC(62) Using 8 workers of 8 for evacuation
[2025-12-24T11:27:31.680+0000][gc,phases   ] GC(62)   Pre Evacuate Collection Set: 0.8ms
[2025-12-24T11:27:31.680+0000][gc,phases   ] GC(62)   Merge Heap Roots: 0.3ms
[2025-12-24T11:27:31.680+0000][gc,phases   ] GC(62)   Evacuate Collection Set: 17.1ms
[2025-12-24T11:27:31.680+0000][gc,phases   ] GC(62)   Post Evacuate Collection Set: 2.3ms
[2025-12-24T11:27:31.680+0000][gc,phases   ] GC(62)   Other: 0.3ms
[2025-12-24T11:27:31.680+0000][gc,heap     ] GC(62) Eden regions: 600->0(598)
[2025-12-24T11:27:31.680+0000][gc,heap     ] GC(62) Survivor regions: 14->16(77)
[2025-12-24T11:27:31.680+0000][gc,heap     ] GC(62) Old regions: 29->30
[2025-12-24T11:27:31.680+0000][gc,heap     ] GC(62) Humongous regions: 11->11
[2025-12-24T11:27:31.680+0000][gc,metaspace] GC(62) Metaspace: 11799K(12160K)->11799K(12160K) NonClass: 10755K(10944K)->10755K(10944K) Class: 1044K(1216K)->1044K(1216K)
[2025-12-24T11:27:31.680+0000][gc          ] GC(62) Pause Young (Normal) (G1 Evacuation Pause) 653M->56M(1024M) 22.511ms
[2025-12-24T11:27:31.681+0000][gc,cpu      ] GC(62) User=0.14s Sys=0.00s Real=0.03s
[2025-12-24T11:28:21.794+0000][gc,start    ] GC(63) Pause Young (Normal) (G1 Evacuation Pause)
[2025-12-24T11:28:21.795+0000][gc,task     ] GC(63) Using 8 workers of 8 for evacuation
[2025-12-24T11:28:21.819+0000][gc,phases   ] GC(63)   Pre Evacuate Collection Set: 0.9ms
[2025-12-24T11:28:21.819+0000][gc,phases   ] GC(63)   Merge Heap Roots: 0.3ms
[2025-12-24T11:28:21.819+0000][gc,phases   ] GC(63)   Evacuate Collection Set: 21.8ms
[2025-12-24T11:28:21.819+0000][gc,phases   ] GC(63)   Post Evacuate Collection Set: 1.0ms
[2025-12-24T11:28:21.819+0000][gc,phases   ] GC(63)   Other: 0.2ms
[2025-12-24T11:28:21.820+0000][gc,heap     ] GC(63) Eden regions: 598->0(599)
[2025-12-24T11:28:21.820+0000][gc,heap     ] GC(63) Survivor regions: 16->15(77)
[2025-12-24T11:28:21.820+0000][gc,heap     ] GC(63) Old regions: 30->31
[2025-12-24T11:28:21.820+0000][gc,heap     ] GC(63) Humongous regions: 11->11
[2025-12-24T11:28:21.820+0000][gc,metaspace] GC(63) Metaspace: 11806K(12160K)->11806K(12160K) NonClass: 10761K(10944K)->10761K(10944K) Class: 1044K(1216K)->1044K(1216K)
[2025-12-24T11:28:21.820+0000][gc          ] GC(63) Pause Young (Normal) (G1 Evacuation Pause) 654M->56M(1024M) 25.681ms
[2025-12-24T11:28:21.820+0000][gc,cpu      ] GC(63) User=0.16s Sys=0.00s Real=0.03s
[2025-12-24T11:29:21.582+0000][gc,start    ] GC(64) Pause Young (Normal) (G1 Evacuation Pause)
[2025-12-24T11:29:21.584+0000][gc,task     ] GC(64) Using 8 workers of 8 for evacuation
[2025-12-24T11:29:21.607+0000][gc,phases   ] GC(64)   Pre Evacuate Collection Set: 0.7ms
[2025-12-24T11:29:21.607+0000][gc,phases   ] GC(64)   Merge Heap Roots: 0.3ms
[2025-12-24T11:29:21.607+0000][gc,phases   ] GC(64)   Evacuate Collection Set: 20.4ms
[2025-12-24T11:29:21.607+0000][gc,phases   ] GC(64)   Post Evacuate Collection Set: 1.4ms
[2025-12-24T11:29:21.607+0000][gc,phases   ] GC(64)   Other: 0.2ms
[2025-12-24T11:29:21.607+0000][gc,heap     ] GC(64) Eden regions: 599->0(599)
[2025-12-24T11:29:21.607+0000][gc,heap     ] GC(64) Survivor regions: 15->15(77)
[2025-12-24T11:29:21.607+0000][gc,heap     ] GC(64) Old regions: 31->32
[2025-12-24T11:29:21.607+0000][gc,heap     ] GC(64) Humongous regions: 11->11
[2025-12-24T11:29:21.607+0000][gc,metaspace] GC(64) Metaspace: 11808K(12288K)->11808K(12288K) NonClass: 10762K(11008K)->10762K(11008K) Class: 1045K(1280K)->1045K(1280K)
[2025-12-24T11:29:21.608+0000][gc          ] GC(64) Pause Young (Normal) (G1 Evacuation Pause) 655M->56M(1024M) 25.271ms
[2025-12-24T11:29:21.608+0000][gc,cpu      ] GC(64) User=0.16s Sys=0.00s Real=0.02s
[2025-12-24T11:30:11.750+0000][gc,start    ] GC(65) Pause Young (Normal) (G1 Evacuation Pause)
[2025-12-24T11:30:11.751+0000][gc,task     ] GC(65) Using 8 workers of 8 for evacuation
[2025-12-24T11:30:11.783+0000][gc,phases   ] GC(65)   Pre Evacuate Collection Set: 0.7ms
[2025-12-24T11:30:11.784+0000][gc,phases   ] GC(65)   Merge Heap Roots: 0.4ms
[2025-12-24T11:30:11.784+0000][gc,phases   ] GC(65)   Evacuate Collection Set: 27.3ms
[2025-12-24T11:30:11.784+0000][gc,phases   ] GC(65)   Post Evacuate Collection Set: 4.2ms
[2025-12-24T11:30:11.784+0000][gc,phases   ] GC(65)   Other: 0.3ms
[2025-12-24T11:30:11.784+0000][gc,heap     ] GC(65) Eden regions: 599->0(599)
[2025-12-24T11:30:11.784+0000][gc,heap     ] GC(65) Survivor regions: 15->15(77)
[2025-12-24T11:30:11.784+0000][gc,heap     ] GC(65) Old regions: 32->33
[2025-12-24T11:30:11.784+0000][gc,heap     ] GC(65) Humongous regions: 11->11
[2025-12-24T11:30:11.784+0000][gc,metaspace] GC(65) Metaspace: 11808K(12288K)->11808K(12288K) NonClass: 10762K(11008K)->10762K(11008K) Class: 1045K(1280K)->1045K(1280K)
[2025-12-24T11:30:11.784+0000][gc          ] GC(65) Pause Young (Normal) (G1 Evacuation Pause) 655M->58M(1024M) 34.167ms
[2025-12-24T11:30:11.784+0000][gc,cpu      ] GC(65) User=0.23s Sys=0.01s Real=0.03s
[2025-12-24T11:31:01.882+0000][gc,start    ] GC(66) Pause Young (Normal) (G1 Evacuation Pause)
[2025-12-24T11:31:01.883+0000][gc,task     ] GC(66) Using 8 workers of 8 for evacuation
[2025-12-24T11:31:01.906+0000][gc,phases   ] GC(66)   Pre Evacuate Collection Set: 0.8ms
[2025-12-24T11:31:01.906+0000][gc,phases   ] GC(66)   Merge Heap Roots: 0.3ms
[2025-12-24T11:31:01.906+0000][gc,phases   ] GC(66)   Evacuate Collection Set: 21.1ms
[2025-12-24T11:31:01.906+0000][gc,phases   ] GC(66)   Post Evacuate Collection Set: 0.9ms
[2025-12-24T11:31:01.906+0000][gc,phases   ] GC(66)   Other: 0.2ms
[2025-12-24T11:31:01.907+0000][gc,heap     ] GC(66) Eden regions: 599->0(598)
[2025-12-24T11:31:01.907+0000][gc,heap     ] GC(66) Survivor regions: 15->16(77)
[2025-12-24T11:31:01.907+0000][gc,heap     ] GC(66) Old regions: 33->34
[2025-12-24T11:31:01.907+0000][gc,heap     ] GC(66) Humongous regions: 11->11
[2025-12-24T11:31:01.907+0000][gc,metaspace] GC(66) Metaspace: 11812K(12288K)->11812K(12288K) NonClass: 10767K(11008K)->10767K(11008K) Class: 1045K(1280K)->1045K(1280K)
[2025-12-24T11:31:01.907+0000][gc          ] GC(66) Pause Young (Normal) (G1 Evacuation Pause) 657M->59M(1024M) 25.217ms
[2025-12-24T11:31:01.907+0000][gc,cpu      ] GC(66) User=0.16s Sys=0.00s Real=0.03s
[2025-12-24T11:32:01.642+0000][gc,start    ] GC(67) Pause Young (Normal) (G1 Evacuation Pause)
[2025-12-24T11:32:01.643+0000][gc,task     ] GC(67) Using 8 workers of 8 for evacuation
[2025-12-24T11:32:01.664+0000][gc,phases   ] GC(67)   Pre Evacuate Collection Set: 0.8ms
[2025-12-24T11:32:01.664+0000][gc,phases   ] GC(67)   Merge Heap Roots: 0.3ms
[2025-12-24T11:32:01.664+0000][gc,phases   ] GC(67)   Evacuate Collection Set: 18.8ms
[2025-12-24T11:32:01.664+0000][gc,phases   ] GC(67)   Post Evacuate Collection Set: 1.0ms
[2025-12-24T11:32:01.664+0000][gc,phases   ] GC(67)   Other: 0.2ms
[2025-12-24T11:32:01.664+0000][gc,heap     ] GC(67) Eden regions: 598->0(598)
[2025-12-24T11:32:01.664+0000][gc,heap     ] GC(67) Survivor regions: 16->16(77)
[2025-12-24T11:32:01.664+0000][gc,heap     ] GC(67) Old regions: 34->35
[2025-12-24T11:32:01.664+0000][gc,heap     ] GC(67) Humongous regions: 20->20
[2025-12-24T11:32:01.665+0000][gc,metaspace] GC(67) Metaspace: 11950K(12416K)->11950K(12416K) NonClass: 10877K(11072K)->10877K(11072K) Class: 1073K(1344K)->1073K(1344K)
[2025-12-24T11:32:01.665+0000][gc          ] GC(67) Pause Young (Normal) (G1 Evacuation Pause) 666M->70M(1024M) 22.855ms
[2025-12-24T11:32:01.665+0000][gc,cpu      ] GC(67) User=0.15s Sys=0.01s Real=0.03s
