[2026-01-16T08:12:35.769+0000][gc,init] CardTable entry size: 512
[2026-01-16T08:12:35.771+0000][gc     ] Using G1
[2026-01-16T08:12:35.970+0000][gc,init] Version: 21.0.4+7-LTS (release)
[2026-01-16T08:12:36.000+0000][gc,init] CPUs: 8 total, 8 available
[2026-01-16T08:12:36.004+0000][gc,init] Memory: 15972M
[2026-01-16T08:12:36.004+0000][gc,init] Large Page Support: Disabled
[2026-01-16T08:12:36.004+0000][gc,init] NUMA Support: Disabled
[2026-01-16T08:12:36.004+0000][gc,init] Compressed Oops: Enabled (32-bit)
[2026-01-16T08:12:36.004+0000][gc,init] Heap Region Size: 1M
[2026-01-16T08:12:36.004+0000][gc,init] Heap Min Capacity: 1G
[2026-01-16T08:12:36.004+0000][gc,init] Heap Initial Capacity: 1G
[2026-01-16T08:12:36.005+0000][gc,init] Heap Max Capacity: 1G
[2026-01-16T08:12:36.006+0000][gc,init] Pre-touch: Disabled
[2026-01-16T08:12:36.006+0000][gc,init] Parallel Workers: 8
[2026-01-16T08:12:36.006+0000][gc,init] Concurrent Workers: 2
[2026-01-16T08:12:36.006+0000][gc,init] Concurrent Refinement Workers: 8
[2026-01-16T08:12:36.008+0000][gc,init] Periodic GC: Disabled
[2026-01-16T08:12:38.925+0000][gc,metaspace] CDS archive(s) mapped at: [0x0000005000000000-0x0000005000bd0000-0x00000050036b0000), size 57344000, SharedBaseAddress: 0x0000005000000000, ArchiveRelocationMode: 1.
[2026-01-16T08:12:38.925+0000][gc,metaspace] Compressed class space mapped at: 0x0000005004000000-0x0000005044000000, reserved size: 1073741824
[2026-01-16T08:12:38.926+0000][gc,metaspace] Narrow klass base: 0x0000005000000000, Narrow klass shift: 0, Narrow klass range: 0x100000000
[2026-01-16T08:13:05.729+0000][gc,start    ] GC(0) Pause Young (Normal) (G1 Evacuation Pause)
[2026-01-16T08:13:05.741+0000][gc,task     ] GC(0) Using 8 workers of 8 for evacuation
[2026-01-16T08:13:06.393+0000][gc,mmu      ] GC(0) MMU target violated: 201.0ms (200.0ms/201.0ms)
[2026-01-16T08:13:06.395+0000][gc,phases   ] GC(0)   Pre Evacuate Collection Set: 38.4ms
[2026-01-16T08:13:06.397+0000][gc,phases   ] GC(0)   Merge Heap Roots: 0.6ms
[2026-01-16T08:13:06.400+0000][gc,phases   ] GC(0)   Evacuate Collection Set: 580.9ms
[2026-01-16T08:13:06.401+0000][gc,phases   ] GC(0)   Post Evacuate Collection Set: 25.1ms
[2026-01-16T08:13:06.401+0000][gc,phases   ] GC(0)   Other: 10.8ms
[2026-01-16T08:13:06.401+0000][gc,heap     ] GC(0) Eden regions: 51->0(44)
[2026-01-16T08:13:06.401+0000][gc,heap     ] GC(0) Survivor regions: 0->7(7)
[2026-01-16T08:13:06.401+0000][gc,heap     ] GC(0) Old regions: 1->5
[2026-01-16T08:13:06.401+0000][gc,heap     ] GC(0) Humongous regions: 4->4
[2026-01-16T08:13:06.401+0000][gc,metaspace] GC(0) Metaspace: 5473K(5696K)->5473K(5696K) NonClass: 4855K(4992K)->4855K(4992K) Class: 618K(704K)->618K(704K)
[2026-01-16T08:13:06.403+0000][gc          ] GC(0) Pause Young (Normal) (G1 Evacuation Pause) 55M->15M(1024M) 673.594ms
[2026-01-16T08:13:06.405+0000][gc,cpu      ] GC(0) User=0.20s Sys=0.16s Real=0.67s
[2026-01-16T08:13:15.225+0000][gc,start    ] GC(1) Pause Young (Normal) (G1 Evacuation Pause)
[2026-01-16T08:13:15.239+0000][gc,task     ] GC(1) Using 8 workers of 8 for evacuation
[2026-01-16T08:13:15.795+0000][gc,mmu      ] GC(1) MMU target violated: 201.0ms (200.0ms/201.0ms)
[2026-01-16T08:13:15.796+0000][gc,phases   ] GC(1)   Pre Evacuate Collection Set: 26.3ms
[2026-01-16T08:13:15.796+0000][gc,phases   ] GC(1)   Merge Heap Roots: 0.6ms
[2026-01-16T08:13:15.797+0000][gc,phases   ] GC(1)   Evacuate Collection Set: 508.4ms
[2026-01-16T08:13:15.798+0000][gc,phases   ] GC(1)   Post Evacuate Collection Set: 8.9ms
[2026-01-16T08:13:15.799+0000][gc,phases   ] GC(1)   Other: 13.0ms
[2026-01-16T08:13:15.802+0000][gc,heap     ] GC(1) Eden regions: 44->0(46)
[2026-01-16T08:13:15.803+0000][gc,heap     ] GC(1) Survivor regions: 7->5(7)
[2026-01-16T08:13:15.804+0000][gc,heap     ] GC(1) Old regions: 5->11
[2026-01-16T08:13:15.804+0000][gc,heap     ] GC(1) Humongous regions: 4->4
[2026-01-16T08:13:15.805+0000][gc,metaspace] GC(1) Metaspace: 7338K(7616K)->7338K(7616K) NonClass: 6508K(6656K)->6508K(6656K) Class: 829K(960K)->829K(960K)
[2026-01-16T08:13:15.806+0000][gc          ] GC(1) Pause Young (Normal) (G1 Evacuation Pause) 59M->19M(1024M) 580.149ms
[2026-01-16T08:13:15.814+0000][gc,cpu      ] GC(1) User=0.28s Sys=0.16s Real=0.59s
[2026-01-16T08:13:19.846+0000][gc,start    ] GC(2) Pause Young (Normal) (G1 Evacuation Pause)
[2026-01-16T08:13:19.849+0000][gc,task     ] GC(2) Using 8 workers of 8 for evacuation
[2026-01-16T08:13:20.130+0000][gc,mmu      ] GC(2) MMU target violated: 201.0ms (200.0ms/201.0ms)
[2026-01-16T08:13:20.132+0000][gc,phases   ] GC(2)   Pre Evacuate Collection Set: 8.2ms
[2026-01-16T08:13:20.133+0000][gc,phases   ] GC(2)   Merge Heap Roots: 0.2ms
[2026-01-16T08:13:20.134+0000][gc,phases   ] GC(2)   Evacuate Collection Set: 260.7ms
[2026-01-16T08:13:20.134+0000][gc,phases   ] GC(2)   Post Evacuate Collection Set: 10.6ms
[2026-01-16T08:13:20.134+0000][gc,phases   ] GC(2)   Other: 3.5ms
[2026-01-16T08:13:20.134+0000][gc,heap     ] GC(2) Eden regions: 46->0(49)
[2026-01-16T08:13:20.134+0000][gc,heap     ] GC(2) Survivor regions: 5->2(7)
[2026-01-16T08:13:20.134+0000][gc,heap     ] GC(2) Old regions: 11->16
[2026-01-16T08:13:20.134+0000][gc,heap     ] GC(2) Humongous regions: 13->13
[2026-01-16T08:13:20.135+0000][gc,metaspace] GC(2) Metaspace: 8020K(8320K)->8020K(8320K) NonClass: 7069K(7232K)->7069K(7232K) Class: 950K(1088K)->950K(1088K)
[2026-01-16T08:13:20.136+0000][gc          ] GC(2) Pause Young (Normal) (G1 Evacuation Pause) 74M->30M(1024M) 290.388ms
[2026-01-16T08:13:20.137+0000][gc,cpu      ] GC(2) User=0.10s Sys=0.04s Real=0.30s
[2026-01-16T08:13:21.935+0000][gc,start    ] GC(3) Pause Young (Normal) (G1 Evacuation Pause)
[2026-01-16T08:13:21.936+0000][gc,task     ] GC(3) Using 8 workers of 8 for evacuation
[2026-01-16T08:13:22.033+0000][gc,phases   ] GC(3)   Pre Evacuate Collection Set: 10.1ms
[2026-01-16T08:13:22.034+0000][gc,phases   ] GC(3)   Merge Heap Roots: 0.9ms
[2026-01-16T08:13:22.041+0000][gc,phases   ] GC(3)   Evacuate Collection Set: 80.1ms
[2026-01-16T08:13:22.041+0000][gc,phases   ] GC(3)   Post Evacuate Collection Set: 4.7ms
[2026-01-16T08:13:22.041+0000][gc,phases   ] GC(3)   Other: 1.9ms
[2026-01-16T08:13:22.042+0000][gc,heap     ] GC(3) Eden regions: 49->0(48)
[2026-01-16T08:13:22.042+0000][gc,heap     ] GC(3) Survivor regions: 2->3(7)
[2026-01-16T08:13:22.042+0000][gc,heap     ] GC(3) Old regions: 16->16
[2026-01-16T08:13:22.073+0000][gc,heap     ] GC(3) Humongous regions: 13->13
[2026-01-16T08:13:22.076+0000][gc,metaspace] GC(3) Metaspace: 8298K(8576K)->8298K(8576K) NonClass: 7325K(7488K)->7325K(7488K) Class: 973K(1088K)->973K(1088K)
[2026-01-16T08:13:22.081+0000][gc          ] GC(3) Pause Young (Normal) (G1 Evacuation Pause) 79M->31M(1024M) 145.737ms
[2026-01-16T08:13:22.085+0000][gc,cpu      ] GC(3) User=0.07s Sys=0.01s Real=0.15s
[2026-01-16T08:13:23.503+0000][gc,start    ] GC(4) Pause Young (Normal) (G1 Evacuation Pause)
[2026-01-16T08:13:23.504+0000][gc,task     ] GC(4) Using 8 workers of 8 for evacuation
[2026-01-16T08:13:23.531+0000][gc,phases   ] GC(4)   Pre Evacuate Collection Set: 4.5ms
[2026-01-16T08:13:23.531+0000][gc,phases   ] GC(4)   Merge Heap Roots: 1.8ms
[2026-01-16T08:13:23.531+0000][gc,phases   ] GC(4)   Evacuate Collection Set: 15.6ms
[2026-01-16T08:13:23.532+0000][gc,phases   ] GC(4)   Post Evacuate Collection Set: 2.4ms
[2026-01-16T08:13:23.532+0000][gc,phases   ] GC(4)   Other: 2.2ms
[2026-01-16T08:13:23.532+0000][gc,heap     ] GC(4) Eden regions: 48->0(47)
[2026-01-16T08:13:23.532+0000][gc,heap     ] GC(4) Survivor regions: 3->4(7)
[2026-01-16T08:13:23.532+0000][gc,heap     ] GC(4) Old regions: 16->16
[2026-01-16T08:13:23.532+0000][gc,heap     ] GC(4) Humongous regions: 13->13
[2026-01-16T08:13:23.532+0000][gc,metaspace] GC(4) Metaspace: 8443K(8704K)->8443K(8704K) NonClass: 7462K(7616K)->7462K(7616K) Class: 981K(1088K)->981K(1088K)
[2026-01-16T08:13:23.532+0000][gc          ] GC(4) Pause Young (Normal) (G1 Evacuation Pause) 79M->32M(1024M) 28.913ms
[2026-01-16T08:13:23.532+0000][gc,cpu      ] GC(4) User=0.03s Sys=0.00s Real=0.03s
[2026-01-16T08:13:27.954+0000][gc,start    ] GC(5) Pause Young (Normal) (G1 Evacuation Pause)
[2026-01-16T08:13:27.980+0000][gc,task     ] GC(5) Using 8 workers of 8 for evacuation
[2026-01-16T08:13:28.156+0000][gc,phases   ] GC(5)   Pre Evacuate Collection Set: 19.6ms
[2026-01-16T08:13:28.159+0000][gc,phases   ] GC(5)   Merge Heap Roots: 8.0ms
[2026-01-16T08:13:28.159+0000][gc,phases   ] GC(5)   Evacuate Collection Set: 135.8ms
[2026-01-16T08:13:28.159+0000][gc,phases   ] GC(5)   Post Evacuate Collection Set: 4.6ms
[2026-01-16T08:13:28.159+0000][gc,phases   ] GC(5)   Other: 5.9ms
[2026-01-16T08:13:28.159+0000][gc,heap     ] GC(5) Eden regions: 47->0(47)
[2026-01-16T08:13:28.159+0000][gc,heap     ] GC(5) Survivor regions: 4->4(7)
[2026-01-16T08:13:28.169+0000][gc,heap     ] GC(5) Old regions: 16->16
[2026-01-16T08:13:28.171+0000][gc,heap     ] GC(5) Humongous regions: 13->13
[2026-01-16T08:13:28.171+0000][gc,metaspace] GC(5) Metaspace: 8592K(8832K)->8592K(8832K) NonClass: 7609K(7744K)->7609K(7744K) Class: 982K(1088K)->982K(1088K)
[2026-01-16T08:13:28.172+0000][gc          ] GC(5) Pause Young (Normal) (G1 Evacuation Pause) 79M->32M(1024M) 217.664ms
[2026-01-16T08:13:28.172+0000][gc,cpu      ] GC(5) User=0.12s Sys=0.01s Real=0.22s
[2026-01-16T08:13:33.214+0000][gc,start    ] GC(6) Pause Young (Normal) (G1 Evacuation Pause)
[2026-01-16T08:13:33.221+0000][gc,task     ] GC(6) Using 8 workers of 8 for evacuation
[2026-01-16T08:13:33.384+0000][gc,phases   ] GC(6)   Pre Evacuate Collection Set: 16.8ms
[2026-01-16T08:13:33.385+0000][gc,phases   ] GC(6)   Merge Heap Roots: 7.5ms
[2026-01-16T08:13:33.389+0000][gc,phases   ] GC(6)   Evacuate Collection Set: 127.2ms
[2026-01-16T08:13:33.394+0000][gc,phases   ] GC(6)   Post Evacuate Collection Set: 10.1ms
[2026-01-16T08:13:33.395+0000][gc,phases   ] GC(6)   Other: 2.1ms
[2026-01-16T08:13:33.399+0000][gc,heap     ] GC(6) Eden regions: 47->0(47)
[2026-01-16T08:13:33.400+0000][gc,heap     ] GC(6) Survivor regions: 4->4(7)
[2026-01-16T08:13:33.401+0000][gc,heap     ] GC(6) Old regions: 16->16
[2026-01-16T08:13:33.401+0000][gc,heap     ] GC(6) Humongous regions: 13->13
[2026-01-16T08:13:33.401+0000][gc,metaspace] GC(6) Metaspace: 8757K(9088K)->8757K(9088K) NonClass: 7773K(7936K)->7773K(7936K) Class: 983K(1152K)->983K(1152K)
[2026-01-16T08:13:33.402+0000][gc          ] GC(6) Pause Young (Normal) (G1 Evacuation Pause) 79M->32M(1024M) 188.094ms
[2026-01-16T08:13:33.405+0000][gc,cpu      ] GC(6) User=0.07s Sys=0.01s Real=0.19s
[2026-01-16T08:13:35.963+0000][gc,start    ] GC(7) Pause Young (Normal) (G1 Evacuation Pause)
[2026-01-16T08:13:35.967+0000][gc,task     ] GC(7) Using 8 workers of 8 for evacuation
[2026-01-16T08:13:36.170+0000][gc,mmu      ] GC(7) MMU target violated: 201.0ms (200.0ms/201.0ms)
[2026-01-16T08:13:36.174+0000][gc,phases   ] GC(7)   Pre Evacuate Collection Set: 32.9ms
[2026-01-16T08:13:36.175+0000][gc,phases   ] GC(7)   Merge Heap Roots: 2.1ms
[2026-01-16T08:13:36.175+0000][gc,phases   ] GC(7)   Evacuate Collection Set: 156.2ms
[2026-01-16T08:13:36.176+0000][gc,phases   ] GC(7)   Post Evacuate Collection Set: 10.8ms
[2026-01-16T08:13:36.176+0000][gc,phases   ] GC(7)   Other: 4.9ms
[2026-01-16T08:13:36.177+0000][gc,heap     ] GC(7) Eden regions: 47->0(48)
[2026-01-16T08:13:36.177+0000][gc,heap     ] GC(7) Survivor regions: 4->4(7)
[2026-01-16T08:13:36.178+0000][gc,heap     ] GC(7) Old regions: 16->16
[2026-01-16T08:13:36.178+0000][gc,heap     ] GC(7) Humongous regions: 13->13
[2026-01-16T08:13:36.178+0000][gc,metaspace] GC(7) Metaspace: 8869K(9152K)->8869K(9152K) NonClass: 7885K(8000K)->7885K(8000K) Class: 983K(1152K)->983K(1152K)
[2026-01-16T08:13:36.179+0000][gc          ] GC(7) Pause Young (Normal) (G1 Evacuation Pause) 79M->32M(1024M) 215.987ms
[2026-01-16T08:13:36.180+0000][gc,cpu      ] GC(7) User=0.10s Sys=0.01s Real=0.22s
[2026-01-16T08:13:44.717+0000][gc,start    ] GC(8) Pause Young (Normal) (G1 Evacuation Pause)
[2026-01-16T08:13:44.719+0000][gc,task     ] GC(8) Using 8 workers of 8 for evacuation
[2026-01-16T08:13:44.974+0000][gc,mmu      ] GC(8) MMU target violated: 201.0ms (200.0ms/201.0ms)
[2026-01-16T08:13:44.980+0000][gc,phases   ] GC(8)   Pre Evacuate Collection Set: 35.1ms
[2026-01-16T08:13:44.994+0000][gc,phases   ] GC(8)   Merge Heap Roots: 2.5ms
[2026-01-16T08:13:44.995+0000][gc,phases   ] GC(8)   Evacuate Collection Set: 204.0ms
[2026-01-16T08:13:45.007+0000][gc,phases   ] GC(8)   Post Evacuate Collection Set: 8.1ms
[2026-01-16T08:13:45.008+0000][gc,phases   ] GC(8)   Other: 11.4ms
[2026-01-16T08:13:45.015+0000][gc,heap     ] GC(8) Eden regions: 48->0(47)
[2026-01-16T08:13:45.015+0000][gc,heap     ] GC(8) Survivor regions: 4->4(7)
[2026-01-16T08:13:45.015+0000][gc,heap     ] GC(8) Old regions: 16->16
[2026-01-16T08:13:45.016+0000][gc,heap     ] GC(8) Humongous regions: 22->22
[2026-01-16T08:13:45.016+0000][gc,metaspace] GC(8) Metaspace: 9076K(9408K)->9076K(9408K) NonClass: 8091K(8256K)->8091K(8256K) Class: 984K(1152K)->984K(1152K)
[2026-01-16T08:13:45.016+0000][gc          ] GC(8) Pause Young (Normal) (G1 Evacuation Pause) 89M->40M(1024M) 299.439ms
[2026-01-16T08:13:45.017+0000][gc,cpu      ] GC(8) User=0.10s Sys=0.00s Real=0.30s
[2026-01-16T08:13:48.181+0000][gc,start    ] GC(9) Pause Young (Normal) (G1 Evacuation Pause)
[2026-01-16T08:13:48.186+0000][gc,task     ] GC(9) Using 8 workers of 8 for evacuation
[2026-01-16T08:13:48.359+0000][gc,phases   ] GC(9)   Pre Evacuate Collection Set: 28.8ms
[2026-01-16T08:13:48.362+0000][gc,phases   ] GC(9)   Merge Heap Roots: 0.2ms
[2026-01-16T08:13:48.363+0000][gc,phases   ] GC(9)   Evacuate Collection Set: 123.6ms
[2026-01-16T08:13:48.366+0000][gc,phases   ] GC(9)   Post Evacuate Collection Set: 16.7ms
[2026-01-16T08:13:48.366+0000][gc,phases   ] GC(9)   Other: 3.6ms
[2026-01-16T08:13:48.366+0000][gc,heap     ] GC(9) Eden regions: 47->0(47)
[2026-01-16T08:13:48.370+0000][gc,heap     ] GC(9) Survivor regions: 4->4(7)
[2026-01-16T08:13:48.370+0000][gc,heap     ] GC(9) Old regions: 16->16
[2026-01-16T08:13:48.370+0000][gc,heap     ] GC(9) Humongous regions: 22->22
[2026-01-16T08:13:48.371+0000][gc,metaspace] GC(9) Metaspace: 9181K(9536K)->9181K(9536K) NonClass: 8194K(8384K)->8194K(8384K) Class: 986K(1152K)->986K(1152K)
[2026-01-16T08:13:48.372+0000][gc          ] GC(9) Pause Young (Normal) (G1 Evacuation Pause) 87M->41M(1024M) 190.874ms
[2026-01-16T08:13:48.372+0000][gc,cpu      ] GC(9) User=0.09s Sys=0.01s Real=0.19s
[2026-01-16T08:13:52.227+0000][gc,start    ] GC(10) Pause Young (Normal) (G1 Evacuation Pause)
[2026-01-16T08:13:52.228+0000][gc,task     ] GC(10) Using 8 workers of 8 for evacuation
[2026-01-16T08:13:52.333+0000][gc,phases   ] GC(10)   Pre Evacuate Collection Set: 21.0ms
[2026-01-16T08:13:52.337+0000][gc,phases   ] GC(10)   Merge Heap Roots: 1.7ms
[2026-01-16T08:13:52.337+0000][gc,phases   ] GC(10)   Evacuate Collection Set: 65.8ms
[2026-01-16T08:13:52.337+0000][gc,phases   ] GC(10)   Post Evacuate Collection Set: 15.8ms
[2026-01-16T08:13:52.342+0000][gc,phases   ] GC(10)   Other: 0.6ms
[2026-01-16T08:13:52.342+0000][gc,heap     ] GC(10) Eden regions: 47->0(89)
[2026-01-16T08:13:52.342+0000][gc,heap     ] GC(10) Survivor regions: 4->3(7)
[2026-01-16T08:13:52.343+0000][gc,heap     ] GC(10) Old regions: 16->16
[2026-01-16T08:13:52.344+0000][gc,heap     ] GC(10) Humongous regions: 22->22
[2026-01-16T08:13:52.345+0000][gc,metaspace] GC(10) Metaspace: 9256K(9536K)->9256K(9536K) NonClass: 8266K(8384K)->8266K(8384K) Class: 990K(1152K)->990K(1152K)
[2026-01-16T08:13:52.346+0000][gc          ] GC(10) Pause Young (Normal) (G1 Evacuation Pause) 88M->40M(1024M) 119.182ms
[2026-01-16T08:13:52.347+0000][gc,cpu      ] GC(10) User=0.07s Sys=0.00s Real=0.12s
[2026-01-16T08:13:59.537+0000][gc,start    ] GC(11) Pause Young (Normal) (G1 Evacuation Pause)
[2026-01-16T08:13:59.539+0000][gc,task     ] GC(11) Using 8 workers of 8 for evacuation
[2026-01-16T08:14:00.246+0000][gc,mmu      ] GC(11) MMU target violated: 201.0ms (200.0ms/201.0ms)
[2026-01-16T08:14:00.254+0000][gc,phases   ] GC(11)   Pre Evacuate Collection Set: 36.4ms
[2026-01-16T08:14:00.256+0000][gc,phases   ] GC(11)   Merge Heap Roots: 10.9ms
[2026-01-16T08:14:00.258+0000][gc,phases   ] GC(11)   Evacuate Collection Set: 631.8ms
[2026-01-16T08:14:00.261+0000][gc,phases   ] GC(11)   Post Evacuate Collection Set: 23.9ms
[2026-01-16T08:14:00.262+0000][gc,phases   ] GC(11)   Other: 9.6ms
[2026-01-16T08:14:00.262+0000][gc,heap     ] GC(11) Eden regions: 89->0(46)
[2026-01-16T08:14:00.262+0000][gc,heap     ] GC(11) Survivor regions: 3->5(12)
[2026-01-16T08:14:00.262+0000][gc,heap     ] GC(11) Old regions: 16->16
[2026-01-16T08:14:00.262+0000][gc,heap     ] GC(11) Humongous regions: 22->22
[2026-01-16T08:14:00.262+0000][gc,metaspace] GC(11) Metaspace: 9363K(9664K)->9363K(9664K) NonClass: 8370K(8512K)->8370K(8512K) Class: 992K(1152K)->992K(1152K)
[2026-01-16T08:14:00.263+0000][gc          ] GC(11) Pause Young (Normal) (G1 Evacuation Pause) 129M->42M(1024M) 724.241ms
[2026-01-16T08:14:00.264+0000][gc,cpu      ] GC(11) User=0.36s Sys=0.20s Real=0.74s
[2026-01-16T08:14:04.532+0000][gc,start    ] GC(12) Pause Young (Normal) (G1 Evacuation Pause)
[2026-01-16T08:14:04.533+0000][gc,task     ] GC(12) Using 8 workers of 8 for evacuation
[2026-01-16T08:14:04.696+0000][gc,phases   ] GC(12)   Pre Evacuate Collection Set: 21.8ms
[2026-01-16T08:14:04.696+0000][gc,phases   ] GC(12)   Merge Heap Roots: 0.7ms
[2026-01-16T08:14:04.697+0000][gc,phases   ] GC(12)   Evacuate Collection Set: 124.0ms
[2026-01-16T08:14:04.697+0000][gc,phases   ] GC(12)   Post Evacuate Collection Set: 14.0ms
[2026-01-16T08:14:04.698+0000][gc,phases   ] GC(12)   Other: 0.9ms
[2026-01-16T08:14:04.698+0000][gc,heap     ] GC(12) Eden regions: 46->0(48)
[2026-01-16T08:14:04.699+0000][gc,heap     ] GC(12) Survivor regions: 5->3(7)
[2026-01-16T08:14:04.699+0000][gc,heap     ] GC(12) Old regions: 16->18
[2026-01-16T08:14:04.699+0000][gc,heap     ] GC(12) Humongous regions: 22->22
[2026-01-16T08:14:04.699+0000][gc,metaspace] GC(12) Metaspace: 9409K(9728K)->9409K(9728K) NonClass: 8417K(8576K)->8417K(8576K) Class: 992K(1152K)->992K(1152K)
[2026-01-16T08:14:04.699+0000][gc          ] GC(12) Pause Young (Normal) (G1 Evacuation Pause) 88M->41M(1024M) 167.120ms
[2026-01-16T08:14:04.699+0000][gc,cpu      ] GC(12) User=0.10s Sys=0.03s Real=0.16s
[2026-01-16T08:14:05.997+0000][gc,start    ] GC(13) Pause Young (Normal) (G1 Evacuation Pause)
[2026-01-16T08:14:05.998+0000][gc,task     ] GC(13) Using 8 workers of 8 for evacuation
[2026-01-16T08:14:06.087+0000][gc,phases   ] GC(13)   Pre Evacuate Collection Set: 12.4ms
[2026-01-16T08:14:06.087+0000][gc,phases   ] GC(13)   Merge Heap Roots: 0.5ms
[2026-01-16T08:14:06.088+0000][gc,phases   ] GC(13)   Evacuate Collection Set: 68.6ms
[2026-01-16T08:14:06.088+0000][gc,phases   ] GC(13)   Post Evacuate Collection Set: 1.3ms
[2026-01-16T08:14:06.088+0000][gc,phases   ] GC(13)   Other: 7.0ms
[2026-01-16T08:14:06.089+0000][gc,heap     ] GC(13) Eden regions: 48->0(48)
[2026-01-16T08:14:06.090+0000][gc,heap     ] GC(13) Survivor regions: 3->3(7)
[2026-01-16T08:14:06.090+0000][gc,heap     ] GC(13) Old regions: 18->18
[2026-01-16T08:14:06.090+0000][gc,heap     ] GC(13) Humongous regions: 22->22
[2026-01-16T08:14:06.090+0000][gc,metaspace] GC(13) Metaspace: 9426K(9728K)->9426K(9728K) NonClass: 8434K(8576K)->8434K(8576K) Class: 992K(1152K)->992K(1152K)
[2026-01-16T08:14:06.090+0000][gc          ] GC(13) Pause Young (Normal) (G1 Evacuation Pause) 89M->41M(1024M) 93.137ms
[2026-01-16T08:14:06.090+0000][gc,cpu      ] GC(13) User=0.08s Sys=0.00s Real=0.09s
[2026-01-16T08:14:14.819+0000][gc,start    ] GC(14) Pause Young (Normal) (G1 Evacuation Pause)
[2026-01-16T08:14:14.820+0000][gc,task     ] GC(14) Using 8 workers of 8 for evacuation
[2026-01-16T08:14:15.048+0000][gc,mmu      ] GC(14) MMU target violated: 201.0ms (200.0ms/201.0ms)
[2026-01-16T08:14:15.051+0000][gc,phases   ] GC(14)   Pre Evacuate Collection Set: 95.7ms
[2026-01-16T08:14:15.052+0000][gc,phases   ] GC(14)   Merge Heap Roots: 0.3ms
[2026-01-16T08:14:15.052+0000][gc,phases   ] GC(14)   Evacuate Collection Set: 118.4ms
[2026-01-16T08:14:15.052+0000][gc,phases   ] GC(14)   Post Evacuate Collection Set: 12.7ms
[2026-01-16T08:14:15.052+0000][gc,phases   ] GC(14)   Other: 3.5ms
[2026-01-16T08:14:15.052+0000][gc,heap     ] GC(14) Eden regions: 48->0(48)
[2026-01-16T08:14:15.052+0000][gc,heap     ] GC(14) Survivor regions: 3->3(7)
[2026-01-16T08:14:15.052+0000][gc,heap     ] GC(14) Old regions: 18->18
[2026-01-16T08:14:15.052+0000][gc,heap     ] GC(14) Humongous regions: 22->22
[2026-01-16T08:14:15.052+0000][gc,metaspace] GC(14) Metaspace: 9530K(9856K)->9530K(9856K) NonClass: 8535K(8704K)->8535K(8704K) Class: 995K(1152K)->995K(1152K)
[2026-01-16T08:14:15.053+0000][gc          ] GC(14) Pause Young (Normal) (G1 Evacuation Pause) 89M->41M(1024M) 233.923ms
[2026-01-16T08:14:15.057+0000][gc,cpu      ] GC(14) User=0.08s Sys=0.02s Real=0.24s
[2026-01-16T08:14:17.735+0000][gc,start    ] GC(15) Pause Young (Normal) (G1 Evacuation Pause)
[2026-01-16T08:14:17.735+0000][gc,task     ] GC(15) Using 8 workers of 8 for evacuation
[2026-01-16T08:14:17.967+0000][gc,mmu      ] GC(15) MMU target violated: 201.0ms (200.0ms/201.0ms)
[2026-01-16T08:14:17.970+0000][gc,phases   ] GC(15)   Pre Evacuate Collection Set: 36.3ms
[2026-01-16T08:14:17.972+0000][gc,phases   ] GC(15)   Merge Heap Roots: 0.5ms
[2026-01-16T08:14:17.973+0000][gc,phases   ] GC(15)   Evacuate Collection Set: 161.2ms
[2026-01-16T08:14:17.981+0000][gc,phases   ] GC(15)   Post Evacuate Collection Set: 13.7ms
[2026-01-16T08:14:17.989+0000][gc,phases   ] GC(15)   Other: 23.4ms
[2026-01-16T08:14:17.990+0000][gc,heap     ] GC(15) Eden regions: 48->0(48)
[2026-01-16T08:14:17.990+0000][gc,heap     ] GC(15) Survivor regions: 3->3(7)
[2026-01-16T08:14:17.990+0000][gc,heap     ] GC(15) Old regions: 18->18
[2026-01-16T08:14:17.990+0000][gc,heap     ] GC(15) Humongous regions: 22->22
[2026-01-16T08:14:17.990+0000][gc,metaspace] GC(15) Metaspace: 9554K(9856K)->9554K(9856K) NonClass: 8558K(8704K)->8558K(8704K) Class: 995K(1152K)->995K(1152K)
[2026-01-16T08:14:17.990+0000][gc          ] GC(15) Pause Young (Normal) (G1 Evacuation Pause) 89M->41M(1024M) 255.480ms
[2026-01-16T08:14:17.991+0000][gc,cpu      ] GC(15) User=0.07s Sys=0.01s Real=0.25s
[2026-01-16T08:14:22.474+0000][gc,start    ] GC(16) Pause Young (Normal) (G1 Evacuation Pause)
[2026-01-16T08:14:22.483+0000][gc,task     ] GC(16) Using 8 workers of 8 for evacuation
[2026-01-16T08:14:22.613+0000][gc,phases   ] GC(16)   Pre Evacuate Collection Set: 16.1ms
[2026-01-16T08:14:22.615+0000][gc,phases   ] GC(16)   Merge Heap Roots: 2.0ms
[2026-01-16T08:14:22.617+0000][gc,phases   ] GC(16)   Evacuate Collection Set: 106.1ms
[2026-01-16T08:14:22.619+0000][gc,phases   ] GC(16)   Post Evacuate Collection Set: 4.2ms
[2026-01-16T08:14:22.619+0000][gc,phases   ] GC(16)   Other: 0.9ms
[2026-01-16T08:14:22.619+0000][gc,heap     ] GC(16) Eden regions: 48->0(48)
[2026-01-16T08:14:22.619+0000][gc,heap     ] GC(16) Survivor regions: 3->3(7)
[2026-01-16T08:14:22.620+0000][gc,heap     ] GC(16) Old regions: 18->18
[2026-01-16T08:14:22.620+0000][gc,heap     ] GC(16) Humongous regions: 22->22
[2026-01-16T08:14:22.622+0000][gc,metaspace] GC(16) Metaspace: 9598K(9920K)->9598K(9920K) NonClass: 8603K(8768K)->8603K(8768K) Class: 995K(1152K)->995K(1152K)
[2026-01-16T08:14:22.622+0000][gc          ] GC(16) Pause Young (Normal) (G1 Evacuation Pause) 89M->41M(1024M) 148.038ms
[2026-01-16T08:14:22.623+0000][gc,cpu      ] GC(16) User=0.08s Sys=0.01s Real=0.15s
[2026-01-16T08:14:26.739+0000][gc,start    ] GC(17) Pause Young (Normal) (G1 Evacuation Pause)
[2026-01-16T08:14:26.740+0000][gc,task     ] GC(17) Using 8 workers of 8 for evacuation
[2026-01-16T08:14:27.560+0000][gc,mmu      ] GC(17) MMU target violated: 201.0ms (200.0ms/201.0ms)
[2026-01-16T08:14:27.564+0000][gc,phases   ] GC(17)   Pre Evacuate Collection Set: 6.5ms
[2026-01-16T08:14:27.565+0000][gc,phases   ] GC(17)   Merge Heap Roots: 0.2ms
[2026-01-16T08:14:27.566+0000][gc,phases   ] GC(17)   Evacuate Collection Set: 777.2ms
[2026-01-16T08:14:27.566+0000][gc,phases   ] GC(17)   Post Evacuate Collection Set: 35.2ms
[2026-01-16T08:14:27.567+0000][gc,phases   ] GC(17)   Other: 5.0ms
[2026-01-16T08:14:27.568+0000][gc,heap     ] GC(17) Eden regions: 50->0(48)
[2026-01-16T08:14:27.569+0000][gc,heap     ] GC(17) Survivor regions: 3->3(7)
[2026-01-16T08:14:27.570+0000][gc,heap     ] GC(17) Old regions: 18->18
[2026-01-16T08:14:27.571+0000][gc,heap     ] GC(17) Humongous regions: 22->22
[2026-01-16T08:14:27.571+0000][gc,metaspace] GC(17) Metaspace: 9683K(9984K)->9683K(9984K) NonClass: 8687K(8832K)->8687K(8832K) Class: 995K(1152K)->995K(1152K)
[2026-01-16T08:14:27.577+0000][gc          ] GC(17) Pause Young (Normal) (G1 Evacuation Pause) 91M->41M(1024M) 837.604ms
[2026-01-16T08:14:27.577+0000][gc,cpu      ] GC(17) User=0.22s Sys=0.04s Real=0.84s
[2026-01-16T08:14:35.573+0000][gc,start    ] GC(18) Pause Young (Normal) (G1 Evacuation Pause)
[2026-01-16T08:14:35.606+0000][gc,task     ] GC(18) Using 8 workers of 8 for evacuation
[2026-01-16T08:14:36.338+0000][gc,mmu      ] GC(18) MMU target violated: 201.0ms (200.0ms/201.0ms)
[2026-01-16T08:14:36.339+0000][gc,phases   ] GC(18)   Pre Evacuate Collection Set: 44.3ms
[2026-01-16T08:14:36.341+0000][gc,phases   ] GC(18)   Merge Heap Roots: 11.9ms
[2026-01-16T08:14:36.342+0000][gc,phases   ] GC(18)   Evacuate Collection Set: 599.9ms
[2026-01-16T08:14:36.348+0000][gc,phases   ] GC(18)   Post Evacuate Collection Set: 41.7ms
[2026-01-16T08:14:36.351+0000][gc,phases   ] GC(18)   Other: 45.1ms
[2026-01-16T08:14:36.368+0000][gc,heap     ] GC(18) Eden regions: 48->0(48)
[2026-01-16T08:14:36.377+0000][gc,heap     ] GC(18) Survivor regions: 3->3(7)
[2026-01-16T08:14:36.380+0000][gc,heap     ] GC(18) Old regions: 18->18
[2026-01-16T08:14:36.380+0000][gc,heap     ] GC(18) Humongous regions: 22->22
[2026-01-16T08:14:36.383+0000][gc,metaspace] GC(18) Metaspace: 9707K(9984K)->9707K(9984K) NonClass: 8710K(8832K)->8710K(8832K) Class: 997K(1152K)->997K(1152K)
[2026-01-16T08:14:36.386+0000][gc          ] GC(18) Pause Young (Normal) (G1 Evacuation Pause) 89M->42M(1024M) 812.778ms
[2026-01-16T08:14:36.389+0000][gc,cpu      ] GC(18) User=0.39s Sys=0.07s Real=0.82s
[2026-01-16T08:14:38.908+0000][gc,start    ] GC(19) Pause Young (Normal) (G1 Evacuation Pause)
[2026-01-16T08:14:38.958+0000][gc,task     ] GC(19) Using 8 workers of 8 for evacuation
[2026-01-16T08:14:39.260+0000][gc,mmu      ] GC(19) MMU target violated: 201.0ms (200.0ms/201.0ms)
[2026-01-16T08:14:39.262+0000][gc,phases   ] GC(19)   Pre Evacuate Collection Set: 95.5ms
[2026-01-16T08:14:39.265+0000][gc,phases   ] GC(19)   Merge Heap Roots: 0.2ms
[2026-01-16T08:14:39.266+0000][gc,phases   ] GC(19)   Evacuate Collection Set: 186.1ms
[2026-01-16T08:14:39.267+0000][gc,phases   ] GC(19)   Post Evacuate Collection Set: 10.0ms
[2026-01-16T08:14:39.271+0000][gc,phases   ] GC(19)   Other: 21.7ms
[2026-01-16T08:14:39.273+0000][gc,heap     ] GC(19) Eden regions: 48->0(49)
[2026-01-16T08:14:39.276+0000][gc,heap     ] GC(19) Survivor regions: 3->2(7)
[2026-01-16T08:14:39.280+0000][gc,heap     ] GC(19) Old regions: 18->19
[2026-01-16T08:14:39.282+0000][gc,heap     ] GC(19) Humongous regions: 22->22
[2026-01-16T08:14:39.284+0000][gc,metaspace] GC(19) Metaspace: 9733K(10048K)->9733K(10048K) NonClass: 8733K(8896K)->8733K(8896K) Class: 1000K(1152K)->1000K(1152K)
[2026-01-16T08:14:39.285+0000][gc          ] GC(19) Pause Young (Normal) (G1 Evacuation Pause) 90M->41M(1024M) 377.327ms
[2026-01-16T08:14:39.286+0000][gc,cpu      ] GC(19) User=0.13s Sys=0.02s Real=0.38s
[2026-01-16T08:14:43.923+0000][gc,start    ] GC(20) Pause Young (Normal) (G1 Evacuation Pause)
[2026-01-16T08:14:43.926+0000][gc,task     ] GC(20) Using 8 workers of 8 for evacuation
[2026-01-16T08:14:44.205+0000][gc,mmu      ] GC(20) MMU target violated: 201.0ms (200.0ms/201.0ms)
[2026-01-16T08:14:44.217+0000][gc,phases   ] GC(20)   Pre Evacuate Collection Set: 27.7ms
[2026-01-16T08:14:44.217+0000][gc,phases   ] GC(20)   Merge Heap Roots: 1.7ms
[2026-01-16T08:14:44.218+0000][gc,phases   ] GC(20)   Evacuate Collection Set: 242.3ms
[2026-01-16T08:14:44.218+0000][gc,phases   ] GC(20)   Post Evacuate Collection Set: 6.6ms
[2026-01-16T08:14:44.218+0000][gc,phases   ] GC(20)   Other: 12.5ms
[2026-01-16T08:14:44.218+0000][gc,heap     ] GC(20) Eden regions: 49->0(48)
[2026-01-16T08:14:44.218+0000][gc,heap     ] GC(20) Survivor regions: 2->3(7)
[2026-01-16T08:14:44.218+0000][gc,heap     ] GC(20) Old regions: 19->19
[2026-01-16T08:14:44.218+0000][gc,heap     ] GC(20) Humongous regions: 22->22
[2026-01-16T08:14:44.219+0000][gc,metaspace] GC(20) Metaspace: 9807K(10112K)->9807K(10112K) NonClass: 8798K(8960K)->8798K(8960K) Class: 1009K(1152K)->1009K(1152K)
[2026-01-16T08:14:44.219+0000][gc          ] GC(20) Pause Young (Normal) (G1 Evacuation Pause) 90M->42M(1024M) 296.307ms
[2026-01-16T08:14:44.233+0000][gc,cpu      ] GC(20) User=0.13s Sys=0.02s Real=0.31s
[2026-01-16T08:14:45.625+0000][gc,start    ] GC(21) Pause Young (Normal) (G1 Evacuation Pause)
[2026-01-16T08:14:45.626+0000][gc,task     ] GC(21) Using 8 workers of 8 for evacuation
[2026-01-16T08:14:45.690+0000][gc,phases   ] GC(21)   Pre Evacuate Collection Set: 11.8ms
[2026-01-16T08:14:45.692+0000][gc,phases   ] GC(21)   Merge Heap Roots: 2.0ms
[2026-01-16T08:14:45.694+0000][gc,phases   ] GC(21)   Evacuate Collection Set: 46.8ms
[2026-01-16T08:14:45.694+0000][gc,phases   ] GC(21)   Post Evacuate Collection Set: 3.7ms
[2026-01-16T08:14:45.695+0000][gc,phases   ] GC(21)   Other: 0.6ms
[2026-01-16T08:14:45.695+0000][gc,heap     ] GC(21) Eden regions: 48->0(49)
[2026-01-16T08:14:45.695+0000][gc,heap     ] GC(21) Survivor regions: 3->2(7)
[2026-01-16T08:14:45.696+0000][gc,heap     ] GC(21) Old regions: 19->19
[2026-01-16T08:14:45.696+0000][gc,heap     ] GC(21) Humongous regions: 22->22
[2026-01-16T08:14:45.697+0000][gc,metaspace] GC(21) Metaspace: 9833K(10112K)->9833K(10112K) NonClass: 8822K(8960K)->8822K(8960K) Class: 1011K(1152K)->1011K(1152K)
[2026-01-16T08:14:45.697+0000][gc          ] GC(21) Pause Young (Normal) (G1 Evacuation Pause) 90M->41M(1024M) 71.845ms
[2026-01-16T08:14:45.697+0000][gc,cpu      ] GC(21) User=0.05s Sys=0.01s Real=0.08s
[2026-01-16T08:14:46.494+0000][gc,start    ] GC(22) Pause Young (Normal) (G1 Evacuation Pause)
[2026-01-16T08:14:46.498+0000][gc,task     ] GC(22) Using 8 workers of 8 for evacuation
[2026-01-16T08:14:46.658+0000][gc,phases   ] GC(22)   Pre Evacuate Collection Set: 23.5ms
[2026-01-16T08:14:46.668+0000][gc,phases   ] GC(22)   Merge Heap Roots: 7.4ms
[2026-01-16T08:14:46.668+0000][gc,phases   ] GC(22)   Evacuate Collection Set: 123.8ms
[2026-01-16T08:14:46.668+0000][gc,phases   ] GC(22)   Post Evacuate Collection Set: 3.3ms
[2026-01-16T08:14:46.669+0000][gc,phases   ] GC(22)   Other: 1.9ms
[2026-01-16T08:14:46.669+0000][gc,heap     ] GC(22) Eden regions: 49->0(48)
[2026-01-16T08:14:46.670+0000][gc,heap     ] GC(22) Survivor regions: 2->3(7)
[2026-01-16T08:14:46.671+0000][gc,heap     ] GC(22) Old regions: 19->19
[2026-01-16T08:14:46.672+0000][gc,heap     ] GC(22) Humongous regions: 22->22
[2026-01-16T08:14:46.678+0000][gc,metaspace] GC(22) Metaspace: 9838K(10112K)->9838K(10112K) NonClass: 8827K(8960K)->8827K(8960K) Class: 1011K(1152K)->1011K(1152K)
[2026-01-16T08:14:46.678+0000][gc          ] GC(22) Pause Young (Normal) (G1 Evacuation Pause) 90M->42M(1024M) 183.588ms
[2026-01-16T08:14:46.679+0000][gc,cpu      ] GC(22) User=0.06s Sys=0.01s Real=0.19s
[2026-01-16T08:14:53.844+0000][gc,start    ] GC(23) Pause Young (Normal) (G1 Evacuation Pause)
[2026-01-16T08:14:53.853+0000][gc,task     ] GC(23) Using 8 workers of 8 for evacuation
[2026-01-16T08:14:54.040+0000][gc,phases   ] GC(23)   Pre Evacuate Collection Set: 59.6ms
[2026-01-16T08:14:54.040+0000][gc,phases   ] GC(23)   Merge Heap Roots: 0.4ms
[2026-01-16T08:14:54.040+0000][gc,phases   ] GC(23)   Evacuate Collection Set: 106.4ms
[2026-01-16T08:14:54.040+0000][gc,phases   ] GC(23)   Post Evacuate Collection Set: 16.0ms
[2026-01-16T08:14:54.042+0000][gc,phases   ] GC(23)   Other: 9.9ms
[2026-01-16T08:14:54.046+0000][gc,heap     ] GC(23) Eden regions: 48->0(49)
[2026-01-16T08:14:54.046+0000][gc,heap     ] GC(23) Survivor regions: 3->2(7)
[2026-01-16T08:14:54.046+0000][gc,heap     ] GC(23) Old regions: 19->19
[2026-01-16T08:14:54.046+0000][gc,heap     ] GC(23) Humongous regions: 22->22
[2026-01-16T08:14:54.046+0000][gc,metaspace] GC(23) Metaspace: 9856K(10112K)->9856K(10112K) NonClass: 8844K(8960K)->8844K(8960K) Class: 1011K(1152K)->1011K(1152K)
[2026-01-16T08:14:54.047+0000][gc          ] GC(23) Pause Young (Normal) (G1 Evacuation Pause) 90M->41M(1024M) 203.594ms
[2026-01-16T08:14:54.080+0000][gc,cpu      ] GC(23) User=0.13s Sys=0.02s Real=0.24s
[2026-01-16T08:14:55.764+0000][gc,start    ] GC(24) Pause Young (Normal) (G1 Evacuation Pause)
[2026-01-16T08:14:55.764+0000][gc,task     ] GC(24) Using 8 workers of 8 for evacuation
[2026-01-16T08:14:55.814+0000][gc,phases   ] GC(24)   Pre Evacuate Collection Set: 4.1ms
[2026-01-16T08:14:55.816+0000][gc,phases   ] GC(24)   Merge Heap Roots: 2.0ms
[2026-01-16T08:14:55.817+0000][gc,phases   ] GC(24)   Evacuate Collection Set: 40.0ms
[2026-01-16T08:14:55.817+0000][gc,phases   ] GC(24)   Post Evacuate Collection Set: 3.5ms
[2026-01-16T08:14:55.817+0000][gc,phases   ] GC(24)   Other: 0.3ms
[2026-01-16T08:14:55.818+0000][gc,heap     ] GC(24) Eden regions: 49->0(48)
[2026-01-16T08:14:55.818+0000][gc,heap     ] GC(24) Survivor regions: 2->3(7)
[2026-01-16T08:14:55.818+0000][gc,heap     ] GC(24) Old regions: 19->19
[2026-01-16T08:14:55.818+0000][gc,heap     ] GC(24) Humongous regions: 22->22
[2026-01-16T08:14:55.819+0000][gc,metaspace] GC(24) Metaspace: 9869K(10112K)->9869K(10112K) NonClass: 8858K(8960K)->8858K(8960K) Class: 1011K(1152K)->1011K(1152K)
[2026-01-16T08:14:55.819+0000][gc          ] GC(24) Pause Young (Normal) (G1 Evacuation Pause) 90M->42M(1024M) 55.210ms
[2026-01-16T08:14:55.819+0000][gc,cpu      ] GC(24) User=0.04s Sys=0.01s Real=0.06s
[2026-01-16T08:15:02.204+0000][gc,start    ] GC(25) Pause Young (Normal) (G1 Evacuation Pause)
[2026-01-16T08:15:02.209+0000][gc,task     ] GC(25) Using 8 workers of 8 for evacuation
[2026-01-16T08:15:02.624+0000][gc,mmu      ] GC(25) MMU target violated: 201.0ms (200.0ms/201.0ms)
[2026-01-16T08:15:02.648+0000][gc,phases   ] GC(25)   Pre Evacuate Collection Set: 65.3ms
[2026-01-16T08:15:02.648+0000][gc,phases   ] GC(25)   Merge Heap Roots: 0.6ms
[2026-01-16T08:15:02.651+0000][gc,phases   ] GC(25)   Evacuate Collection Set: 323.9ms
[2026-01-16T08:15:02.651+0000][gc,phases   ] GC(25)   Post Evacuate Collection Set: 22.2ms
[2026-01-16T08:15:02.651+0000][gc,phases   ] GC(25)   Other: 27.0ms
[2026-01-16T08:15:02.651+0000][gc,heap     ] GC(25) Eden regions: 48->0(49)
[2026-01-16T08:15:02.652+0000][gc,heap     ] GC(25) Survivor regions: 3->2(7)
[2026-01-16T08:15:02.652+0000][gc,heap     ] GC(25) Old regions: 19->19
[2026-01-16T08:15:02.652+0000][gc,heap     ] GC(25) Humongous regions: 22->22
[2026-01-16T08:15:02.664+0000][gc,metaspace] GC(25) Metaspace: 9907K(10240K)->9907K(10240K) NonClass: 8896K(9088K)->8896K(9088K) Class: 1011K(1152K)->1011K(1152K)
[2026-01-16T08:15:02.665+0000][gc          ] GC(25) Pause Young (Normal) (G1 Evacuation Pause) 90M->41M(1024M) 460.882ms
[2026-01-16T08:15:02.665+0000][gc,cpu      ] GC(25) User=0.10s Sys=0.01s Real=0.46s
[2026-01-16T08:15:06.637+0000][gc,start    ] GC(26) Pause Young (Normal) (G1 Evacuation Pause)
[2026-01-16T08:15:06.638+0000][gc,task     ] GC(26) Using 8 workers of 8 for evacuation
[2026-01-16T08:15:06.743+0000][gc,phases   ] GC(26)   Pre Evacuate Collection Set: 11.6ms
[2026-01-16T08:15:06.746+0000][gc,phases   ] GC(26)   Merge Heap Roots: 0.8ms
[2026-01-16T08:15:06.748+0000][gc,phases   ] GC(26)   Evacuate Collection Set: 81.2ms
[2026-01-16T08:15:06.749+0000][gc,phases   ] GC(26)   Post Evacuate Collection Set: 7.5ms
[2026-01-16T08:15:06.749+0000][gc,phases   ] GC(26)   Other: 3.9ms
[2026-01-16T08:15:06.749+0000][gc,heap     ] GC(26) Eden regions: 49->0(49)
[2026-01-16T08:15:06.749+0000][gc,heap     ] GC(26) Survivor regions: 2->2(7)
[2026-01-16T08:15:06.749+0000][gc,heap     ] GC(26) Old regions: 19->19
[2026-01-16T08:15:06.750+0000][gc,heap     ] GC(26) Humongous regions: 31->31
[2026-01-16T08:15:06.750+0000][gc,metaspace] GC(26) Metaspace: 9953K(10240K)->9953K(10240K) NonClass: 8941K(9088K)->8941K(9088K) Class: 1011K(1152K)->1011K(1152K)
[2026-01-16T08:15:06.750+0000][gc          ] GC(26) Pause Young (Normal) (G1 Evacuation Pause) 99M->51M(1024M) 113.633ms
[2026-01-16T08:15:06.750+0000][gc,cpu      ] GC(26) User=0.07s Sys=0.00s Real=0.11s
[2026-01-16T08:15:07.948+0000][gc,start    ] GC(27) Pause Young (Normal) (G1 Evacuation Pause)
[2026-01-16T08:15:07.966+0000][gc,task     ] GC(27) Using 8 workers of 8 for evacuation
[2026-01-16T08:15:08.055+0000][gc,phases   ] GC(27)   Pre Evacuate Collection Set: 3.0ms
[2026-01-16T08:15:08.057+0000][gc,phases   ] GC(27)   Merge Heap Roots: 0.2ms
[2026-01-16T08:15:08.058+0000][gc,phases   ] GC(27)   Evacuate Collection Set: 83.3ms
[2026-01-16T08:15:08.059+0000][gc,phases   ] GC(27)   Post Evacuate Collection Set: 2.2ms
[2026-01-16T08:15:08.059+0000][gc,phases   ] GC(27)   Other: 0.9ms
[2026-01-16T08:15:08.060+0000][gc,heap     ] GC(27) Eden regions: 49->0(48)
[2026-01-16T08:15:08.060+0000][gc,heap     ] GC(27) Survivor regions: 2->3(7)
[2026-01-16T08:15:08.060+0000][gc,heap     ] GC(27) Old regions: 19->19
[2026-01-16T08:15:08.061+0000][gc,heap     ] GC(27) Humongous regions: 31->31
[2026-01-16T08:15:08.062+0000][gc,metaspace] GC(27) Metaspace: 9958K(10240K)->9958K(10240K) NonClass: 8946K(9088K)->8946K(9088K) Class: 1011K(1152K)->1011K(1152K)
[2026-01-16T08:15:08.063+0000][gc          ] GC(27) Pause Young (Normal) (G1 Evacuation Pause) 100M->52M(1024M) 114.245ms
[2026-01-16T08:15:08.064+0000][gc,cpu      ] GC(27) User=0.05s Sys=0.01s Real=0.12s
[2026-01-16T08:15:13.673+0000][gc,start    ] GC(28) Pause Young (Normal) (G1 Evacuation Pause)
[2026-01-16T08:15:13.675+0000][gc,task     ] GC(28) Using 8 workers of 8 for evacuation
[2026-01-16T08:15:13.782+0000][gc,phases   ] GC(28)   Pre Evacuate Collection Set: 20.2ms
[2026-01-16T08:15:13.785+0000][gc,phases   ] GC(28)   Merge Heap Roots: 1.0ms
[2026-01-16T08:15:13.789+0000][gc,phases   ] GC(28)   Evacuate Collection Set: 74.1ms
[2026-01-16T08:15:13.790+0000][gc,phases   ] GC(28)   Post Evacuate Collection Set: 5.2ms
[2026-01-16T08:15:13.791+0000][gc,phases   ] GC(28)   Other: 3.2ms
[2026-01-16T08:15:13.792+0000][gc,heap     ] GC(28) Eden regions: 48->0(49)
[2026-01-16T08:15:13.793+0000][gc,heap     ] GC(28) Survivor regions: 3->2(7)
[2026-01-16T08:15:13.795+0000][gc,heap     ] GC(28) Old regions: 19->19
[2026-01-16T08:15:13.796+0000][gc,heap     ] GC(28) Humongous regions: 31->31
[2026-01-16T08:15:13.796+0000][gc,metaspace] GC(28) Metaspace: 9961K(10240K)->9961K(10240K) NonClass: 8949K(9088K)->8949K(9088K) Class: 1011K(1152K)->1011K(1152K)
[2026-01-16T08:15:13.796+0000][gc          ] GC(28) Pause Young (Normal) (G1 Evacuation Pause) 100M->51M(1024M) 122.951ms
[2026-01-16T08:15:13.797+0000][gc,cpu      ] GC(28) User=0.04s Sys=0.00s Real=0.12s
[2026-01-16T08:15:15.210+0000][gc,start    ] GC(29) Pause Young (Normal) (G1 Evacuation Pause)
[2026-01-16T08:15:15.216+0000][gc,task     ] GC(29) Using 8 workers of 8 for evacuation
[2026-01-16T08:15:15.350+0000][gc,phases   ] GC(29)   Pre Evacuate Collection Set: 9.0ms
[2026-01-16T08:15:15.353+0000][gc,phases   ] GC(29)   Merge Heap Roots: 0.2ms
[2026-01-16T08:15:15.354+0000][gc,phases   ] GC(29)   Evacuate Collection Set: 106.9ms
[2026-01-16T08:15:15.354+0000][gc,phases   ] GC(29)   Post Evacuate Collection Set: 14.9ms
[2026-01-16T08:15:15.354+0000][gc,phases   ] GC(29)   Other: 7.5ms
[2026-01-16T08:15:15.354+0000][gc,heap     ] GC(29) Eden regions: 49->0(48)
[2026-01-16T08:15:15.354+0000][gc,heap     ] GC(29) Survivor regions: 2->3(7)
[2026-01-16T08:15:15.355+0000][gc,heap     ] GC(29) Old regions: 19->19
[2026-01-16T08:15:15.357+0000][gc,heap     ] GC(29) Humongous regions: 31->31
[2026-01-16T08:15:15.357+0000][gc,metaspace] GC(29) Metaspace: 9975K(10240K)->9975K(10240K) NonClass: 8963K(9088K)->8963K(9088K) Class: 1011K(1152K)->1011K(1152K)
[2026-01-16T08:15:15.358+0000][gc          ] GC(29) Pause Young (Normal) (G1 Evacuation Pause) 100M->52M(1024M) 147.949ms
[2026-01-16T08:15:15.358+0000][gc,cpu      ] GC(29) User=0.06s Sys=0.00s Real=0.15s
[2026-01-16T08:15:22.854+0000][gc,start    ] GC(30) Pause Young (Normal) (G1 Evacuation Pause)
[2026-01-16T08:15:22.855+0000][gc,task     ] GC(30) Using 8 workers of 8 for evacuation
[2026-01-16T08:15:23.019+0000][gc,phases   ] GC(30)   Pre Evacuate Collection Set: 9.6ms
[2026-01-16T08:15:23.022+0000][gc,phases   ] GC(30)   Merge Heap Roots: 1.1ms
[2026-01-16T08:15:23.025+0000][gc,phases   ] GC(30)   Evacuate Collection Set: 126.2ms
[2026-01-16T08:15:23.027+0000][gc,phases   ] GC(30)   Post Evacuate Collection Set: 9.7ms
[2026-01-16T08:15:23.029+0000][gc,phases   ] GC(30)   Other: 16.5ms
[2026-01-16T08:15:23.029+0000][gc,heap     ] GC(30) Eden regions: 48->0(90)
[2026-01-16T08:15:23.031+0000][gc,heap     ] GC(30) Survivor regions: 3->2(7)
[2026-01-16T08:15:23.031+0000][gc,heap     ] GC(30) Old regions: 19->20
[2026-01-16T08:15:23.032+0000][gc,heap     ] GC(30) Humongous regions: 31->31
[2026-01-16T08:15:23.032+0000][gc,metaspace] GC(30) Metaspace: 9985K(10240K)->9985K(10240K) NonClass: 8973K(9088K)->8973K(9088K) Class: 1011K(1152K)->1011K(1152K)
[2026-01-16T08:15:23.033+0000][gc          ] GC(30) Pause Young (Normal) (G1 Evacuation Pause) 100M->51M(1024M) 178.994ms
[2026-01-16T08:15:23.033+0000][gc,cpu      ] GC(30) User=0.10s Sys=0.02s Real=0.18s
[2026-01-16T08:15:32.281+0000][gc,start    ] GC(31) Pause Young (Normal) (G1 Evacuation Pause)
[2026-01-16T08:15:32.289+0000][gc,task     ] GC(31) Using 8 workers of 8 for evacuation
[2026-01-16T08:15:32.563+0000][gc,mmu      ] GC(31) MMU target violated: 201.0ms (200.0ms/201.0ms)
[2026-01-16T08:15:32.568+0000][gc,phases   ] GC(31)   Pre Evacuate Collection Set: 26.2ms
[2026-01-16T08:15:32.571+0000][gc,phases   ] GC(31)   Merge Heap Roots: 6.5ms
[2026-01-16T08:15:32.573+0000][gc,phases   ] GC(31)   Evacuate Collection Set: 177.7ms
[2026-01-16T08:15:32.575+0000][gc,phases   ] GC(31)   Post Evacuate Collection Set: 59.1ms
[2026-01-16T08:15:32.581+0000][gc,phases   ] GC(31)   Other: 11.2ms
[2026-01-16T08:15:32.583+0000][gc,heap     ] GC(31) Eden regions: 91->0(49)
[2026-01-16T08:15:32.584+0000][gc,heap     ] GC(31) Survivor regions: 2->2(12)
[2026-01-16T08:15:32.585+0000][gc,heap     ] GC(31) Old regions: 20->20
[2026-01-16T08:15:32.586+0000][gc,heap     ] GC(31) Humongous regions: 31->31
[2026-01-16T08:15:32.586+0000][gc,metaspace] GC(31) Metaspace: 10065K(10368K)->10065K(10368K) NonClass: 9045K(9216K)->9045K(9216K) Class: 1019K(1152K)->1019K(1152K)
[2026-01-16T08:15:32.587+0000][gc          ] GC(31) Pause Young (Normal) (G1 Evacuation Pause) 142M->51M(1024M) 305.818ms
[2026-01-16T08:15:32.588+0000][gc,cpu      ] GC(31) User=0.17s Sys=0.02s Real=0.31s
[2026-01-16T08:15:35.920+0000][gc,start    ] GC(32) Pause Young (Normal) (G1 Evacuation Pause)
[2026-01-16T08:15:35.920+0000][gc,task     ] GC(32) Using 8 workers of 8 for evacuation
[2026-01-16T08:15:36.069+0000][gc,phases   ] GC(32)   Pre Evacuate Collection Set: 12.5ms
[2026-01-16T08:15:36.069+0000][gc,phases   ] GC(32)   Merge Heap Roots: 3.5ms
[2026-01-16T08:15:36.070+0000][gc,phases   ] GC(32)   Evacuate Collection Set: 124.0ms
[2026-01-16T08:15:36.070+0000][gc,phases   ] GC(32)   Post Evacuate Collection Set: 8.0ms
[2026-01-16T08:15:36.071+0000][gc,phases   ] GC(32)   Other: 0.4ms
[2026-01-16T08:15:36.071+0000][gc,heap     ] GC(32) Eden regions: 49->0(48)
[2026-01-16T08:15:36.072+0000][gc,heap     ] GC(32) Survivor regions: 2->3(7)
[2026-01-16T08:15:36.073+0000][gc,heap     ] GC(32) Old regions: 20->20
[2026-01-16T08:15:36.074+0000][gc,heap     ] GC(32) Humongous regions: 31->31
[2026-01-16T08:15:36.076+0000][gc,metaspace] GC(32) Metaspace: 10076K(10368K)->10076K(10368K) NonClass: 9057K(9216K)->9057K(9216K) Class: 1019K(1152K)->1019K(1152K)
[2026-01-16T08:15:36.077+0000][gc          ] GC(32) Pause Young (Normal) (G1 Evacuation Pause) 100M->52M(1024M) 157.489ms
[2026-01-16T08:15:36.077+0000][gc,cpu      ] GC(32) User=0.06s Sys=0.01s Real=0.16s
[2026-01-16T08:15:38.237+0000][gc,start    ] GC(33) Pause Young (Normal) (G1 Evacuation Pause)
[2026-01-16T08:15:38.238+0000][gc,task     ] GC(33) Using 8 workers of 8 for evacuation
[2026-01-16T08:15:38.434+0000][gc,phases   ] GC(33)   Pre Evacuate Collection Set: 22.3ms
[2026-01-16T08:15:38.435+0000][gc,phases   ] GC(33)   Merge Heap Roots: 1.9ms
[2026-01-16T08:15:38.438+0000][gc,phases   ] GC(33)   Evacuate Collection Set: 161.4ms
[2026-01-16T08:15:38.438+0000][gc,phases   ] GC(33)   Post Evacuate Collection Set: 8.4ms
[2026-01-16T08:15:38.439+0000][gc,phases   ] GC(33)   Other: 1.7ms
[2026-01-16T08:15:38.439+0000][gc,heap     ] GC(33) Eden regions: 48->0(48)
[2026-01-16T08:15:38.439+0000][gc,heap     ] GC(33) Survivor regions: 3->3(7)
[2026-01-16T08:15:38.439+0000][gc,heap     ] GC(33) Old regions: 20->20
[2026-01-16T08:15:38.439+0000][gc,heap     ] GC(33) Humongous regions: 31->31
[2026-01-16T08:15:38.439+0000][gc,metaspace] GC(33) Metaspace: 10131K(10432K)->10131K(10432K) NonClass: 9112K(9280K)->9112K(9280K) Class: 1019K(1152K)->1019K(1152K)
[2026-01-16T08:15:38.440+0000][gc          ] GC(33) Pause Young (Normal) (G1 Evacuation Pause) 100M->52M(1024M) 202.980ms
[2026-01-16T08:15:38.440+0000][gc,cpu      ] GC(33) User=0.12s Sys=0.01s Real=0.21s
[2026-01-16T08:15:45.396+0000][gc,start    ] GC(34) Pause Young (Normal) (G1 Evacuation Pause)
[2026-01-16T08:15:45.423+0000][gc,task     ] GC(34) Using 8 workers of 8 for evacuation
[2026-01-16T08:15:45.618+0000][gc,phases   ] GC(34)   Pre Evacuate Collection Set: 32.8ms
[2026-01-16T08:15:45.620+0000][gc,phases   ] GC(34)   Merge Heap Roots: 3.8ms
[2026-01-16T08:15:45.621+0000][gc,phases   ] GC(34)   Evacuate Collection Set: 148.9ms
[2026-01-16T08:15:45.621+0000][gc,phases   ] GC(34)   Post Evacuate Collection Set: 5.3ms
[2026-01-16T08:15:45.624+0000][gc,phases   ] GC(34)   Other: 19.7ms
[2026-01-16T08:15:45.624+0000][gc,heap     ] GC(34) Eden regions: 48->0(96)
[2026-01-16T08:15:45.625+0000][gc,heap     ] GC(34) Survivor regions: 3->2(7)
[2026-01-16T08:15:45.650+0000][gc,heap     ] GC(34) Old regions: 20->20
[2026-01-16T08:15:45.654+0000][gc,heap     ] GC(34) Humongous regions: 31->31
[2026-01-16T08:15:45.655+0000][gc,metaspace] GC(34) Metaspace: 10153K(10432K)->10153K(10432K) NonClass: 9134K(9280K)->9134K(9280K) Class: 1019K(1152K)->1019K(1152K)
[2026-01-16T08:15:45.655+0000][gc          ] GC(34) Pause Young (Normal) (G1 Evacuation Pause) 100M->52M(1024M) 259.272ms
[2026-01-16T08:15:45.657+0000][gc,cpu      ] GC(34) User=0.12s Sys=0.01s Real=0.26s
[2026-01-16T08:15:56.674+0000][gc,start    ] GC(35) Pause Young (Normal) (G1 Evacuation Pause)
[2026-01-16T08:15:56.687+0000][gc,task     ] GC(35) Using 8 workers of 8 for evacuation
[2026-01-16T08:15:56.963+0000][gc,mmu      ] GC(35) MMU target violated: 201.0ms (200.0ms/201.0ms)
[2026-01-16T08:15:56.967+0000][gc,phases   ] GC(35)   Pre Evacuate Collection Set: 25.4ms
[2026-01-16T08:15:56.968+0000][gc,phases   ] GC(35)   Merge Heap Roots: 7.6ms
[2026-01-16T08:15:56.968+0000][gc,phases   ] GC(35)   Evacuate Collection Set: 219.2ms
[2026-01-16T08:15:56.968+0000][gc,phases   ] GC(35)   Post Evacuate Collection Set: 10.4ms
[2026-01-16T08:15:56.969+0000][gc,phases   ] GC(35)   Other: 19.6ms
[2026-01-16T08:15:56.969+0000][gc,heap     ] GC(35) Eden regions: 119->0(49)
[2026-01-16T08:15:56.969+0000][gc,heap     ] GC(35) Survivor regions: 2->2(16)
[2026-01-16T08:15:56.970+0000][gc,heap     ] GC(35) Old regions: 20->20
[2026-01-16T08:15:56.970+0000][gc,heap     ] GC(35) Humongous regions: 31->22
[2026-01-16T08:15:56.970+0000][gc,metaspace] GC(35) Metaspace: 10209K(10496K)->10209K(10496K) NonClass: 9190K(9344K)->9190K(9344K) Class: 1019K(1152K)->1019K(1152K)
[2026-01-16T08:15:56.971+0000][gc          ] GC(35) Pause Young (Normal) (G1 Evacuation Pause) 171M->43M(1024M) 297.031ms
[2026-01-16T08:15:56.971+0000][gc,cpu      ] GC(35) User=0.14s Sys=0.06s Real=0.29s
[2026-01-16T08:15:59.596+0000][gc,start    ] GC(36) Pause Young (Normal) (G1 Evacuation Pause)
[2026-01-16T08:15:59.602+0000][gc,task     ] GC(36) Using 8 workers of 8 for evacuation
[2026-01-16T08:15:59.720+0000][gc,phases   ] GC(36)   Pre Evacuate Collection Set: 32.9ms
[2026-01-16T08:15:59.722+0000][gc,phases   ] GC(36)   Merge Heap Roots: 0.4ms
[2026-01-16T08:15:59.729+0000][gc,phases   ] GC(36)   Evacuate Collection Set: 77.3ms
[2026-01-16T08:15:59.734+0000][gc,phases   ] GC(36)   Post Evacuate Collection Set: 1.4ms
[2026-01-16T08:15:59.736+0000][gc,phases   ] GC(36)   Other: 8.1ms
[2026-01-16T08:15:59.738+0000][gc,heap     ] GC(36) Eden regions: 49->0(48)
[2026-01-16T08:15:59.741+0000][gc,heap     ] GC(36) Survivor regions: 2->3(7)
[2026-01-16T08:15:59.746+0000][gc,heap     ] GC(36) Old regions: 20->20
[2026-01-16T08:15:59.748+0000][gc,heap     ] GC(36) Humongous regions: 22->22
[2026-01-16T08:15:59.750+0000][gc,metaspace] GC(36) Metaspace: 10210K(10496K)->10210K(10496K) NonClass: 9190K(9344K)->9190K(9344K) Class: 1019K(1152K)->1019K(1152K)
[2026-01-16T08:15:59.753+0000][gc          ] GC(36) Pause Young (Normal) (G1 Evacuation Pause) 92M->44M(1024M) 156.492ms
[2026-01-16T08:15:59.755+0000][gc,cpu      ] GC(36) User=0.07s Sys=0.00s Real=0.16s
[2026-01-16T08:16:02.023+0000][gc,start    ] GC(37) Pause Young (Normal) (G1 Evacuation Pause)
[2026-01-16T08:16:02.026+0000][gc,task     ] GC(37) Using 8 workers of 8 for evacuation
[2026-01-16T08:16:02.212+0000][gc,phases   ] GC(37)   Pre Evacuate Collection Set: 8.6ms
[2026-01-16T08:16:02.213+0000][gc,phases   ] GC(37)   Merge Heap Roots: 0.2ms
[2026-01-16T08:16:02.215+0000][gc,phases   ] GC(37)   Evacuate Collection Set: 150.1ms
[2026-01-16T08:16:02.215+0000][gc,phases   ] GC(37)   Post Evacuate Collection Set: 26.5ms
[2026-01-16T08:16:02.215+0000][gc,phases   ] GC(37)   Other: 0.9ms
[2026-01-16T08:16:02.216+0000][gc,heap     ] GC(37) Eden regions: 48->0(117)
[2026-01-16T08:16:02.216+0000][gc,heap     ] GC(37) Survivor regions: 3->2(7)
[2026-01-16T08:16:02.216+0000][gc,heap     ] GC(37) Old regions: 20->20
[2026-01-16T08:16:02.216+0000][gc,heap     ] GC(37) Humongous regions: 22->22
[2026-01-16T08:16:02.216+0000][gc,metaspace] GC(37) Metaspace: 10217K(10496K)->10217K(10496K) NonClass: 9198K(9344K)->9198K(9344K) Class: 1019K(1152K)->1019K(1152K)
[2026-01-16T08:16:02.217+0000][gc          ] GC(37) Pause Young (Normal) (G1 Evacuation Pause) 92M->43M(1024M) 193.726ms
[2026-01-16T08:16:02.217+0000][gc,cpu      ] GC(37) User=0.05s Sys=0.01s Real=0.20s
[2026-01-16T08:16:15.464+0000][gc,start    ] GC(38) Pause Young (Normal) (G1 Evacuation Pause)
[2026-01-16T08:16:15.465+0000][gc,task     ] GC(38) Using 8 workers of 8 for evacuation
[2026-01-16T08:16:15.922+0000][gc,mmu      ] GC(38) MMU target violated: 201.0ms (200.0ms/201.0ms)
[2026-01-16T08:16:15.924+0000][gc,phases   ] GC(38)   Pre Evacuate Collection Set: 23.7ms
[2026-01-16T08:16:15.924+0000][gc,phases   ] GC(38)   Merge Heap Roots: 13.3ms
[2026-01-16T08:16:15.924+0000][gc,phases   ] GC(38)   Evacuate Collection Set: 386.8ms
[2026-01-16T08:16:15.924+0000][gc,phases   ] GC(38)   Post Evacuate Collection Set: 26.9ms
[2026-01-16T08:16:15.924+0000][gc,phases   ] GC(38)   Other: 7.9ms
[2026-01-16T08:16:15.924+0000][gc,heap     ] GC(38) Eden regions: 137->0(48)
[2026-01-16T08:16:15.924+0000][gc,heap     ] GC(38) Survivor regions: 2->3(18)
[2026-01-16T08:16:15.924+0000][gc,heap     ] GC(38) Old regions: 20->20
[2026-01-16T08:16:15.924+0000][gc,heap     ] GC(38) Humongous regions: 22->22
[2026-01-16T08:16:15.925+0000][gc,metaspace] GC(38) Metaspace: 10301K(10560K)->10301K(10560K) NonClass: 9282K(9408K)->9282K(9408K) Class: 1019K(1152K)->1019K(1152K)
[2026-01-16T08:16:15.925+0000][gc          ] GC(38) Pause Young (Normal) (G1 Evacuation Pause) 180M->44M(1024M) 460.365ms
[2026-01-16T08:16:15.925+0000][gc,cpu      ] GC(38) User=0.16s Sys=0.04s Real=0.46s
[2026-01-16T08:16:19.638+0000][gc,start    ] GC(39) Pause Young (Normal) (G1 Evacuation Pause)
[2026-01-16T08:16:19.641+0000][gc,task     ] GC(39) Using 8 workers of 8 for evacuation
[2026-01-16T08:16:19.813+0000][gc,phases   ] GC(39)   Pre Evacuate Collection Set: 19.3ms
[2026-01-16T08:16:19.816+0000][gc,phases   ] GC(39)   Merge Heap Roots: 5.6ms
[2026-01-16T08:16:19.820+0000][gc,phases   ] GC(39)   Evacuate Collection Set: 136.0ms
[2026-01-16T08:16:19.821+0000][gc,phases   ] GC(39)   Post Evacuate Collection Set: 10.2ms
[2026-01-16T08:16:19.821+0000][gc,phases   ] GC(39)   Other: 1.9ms
[2026-01-16T08:16:19.821+0000][gc,heap     ] GC(39) Eden regions: 48->0(47)
[2026-01-16T08:16:19.822+0000][gc,heap     ] GC(39) Survivor regions: 3->4(7)
[2026-01-16T08:16:19.822+0000][gc,heap     ] GC(39) Old regions: 20->20
[2026-01-16T08:16:19.822+0000][gc,heap     ] GC(39) Humongous regions: 22->22
[2026-01-16T08:16:19.823+0000][gc,metaspace] GC(39) Metaspace: 10306K(10560K)->10306K(10560K) NonClass: 9287K(9408K)->9287K(9408K) Class: 1019K(1152K)->1019K(1152K)
[2026-01-16T08:16:19.823+0000][gc          ] GC(39) Pause Young (Normal) (G1 Evacuation Pause) 92M->44M(1024M) 185.149ms
[2026-01-16T08:16:19.824+0000][gc,cpu      ] GC(39) User=0.12s Sys=0.01s Real=0.18s
[2026-01-16T08:16:22.539+0000][gc,start    ] GC(40) Pause Young (Normal) (G1 Evacuation Pause)
[2026-01-16T08:16:22.545+0000][gc,task     ] GC(40) Using 8 workers of 8 for evacuation
[2026-01-16T08:16:22.630+0000][gc,phases   ] GC(40)   Pre Evacuate Collection Set: 25.3ms
[2026-01-16T08:16:22.631+0000][gc,phases   ] GC(40)   Merge Heap Roots: 4.7ms
[2026-01-16T08:16:22.631+0000][gc,phases   ] GC(40)   Evacuate Collection Set: 50.9ms
[2026-01-16T08:16:22.631+0000][gc,phases   ] GC(40)   Post Evacuate Collection Set: 2.6ms
[2026-01-16T08:16:22.632+0000][gc,phases   ] GC(40)   Other: 1.9ms
[2026-01-16T08:16:22.632+0000][gc,heap     ] GC(40) Eden regions: 47->0(48)
[2026-01-16T08:16:22.632+0000][gc,heap     ] GC(40) Survivor regions: 4->3(7)
[2026-01-16T08:16:22.632+0000][gc,heap     ] GC(40) Old regions: 20->20
[2026-01-16T08:16:22.633+0000][gc,heap     ] GC(40) Humongous regions: 22->22
[2026-01-16T08:16:22.634+0000][gc,metaspace] GC(40) Metaspace: 10315K(10624K)->10315K(10624K) NonClass: 9294K(9472K)->9294K(9472K) Class: 1020K(1152K)->1020K(1152K)
[2026-01-16T08:16:22.636+0000][gc          ] GC(40) Pause Young (Normal) (G1 Evacuation Pause) 91M->43M(1024M) 96.914ms
[2026-01-16T08:16:22.638+0000][gc,cpu      ] GC(40) User=0.04s Sys=0.01s Real=0.10s
[2026-01-16T08:16:24.114+0000][gc,start    ] GC(41) Pause Young (Normal) (G1 Evacuation Pause)
[2026-01-16T08:16:24.121+0000][gc,task     ] GC(41) Using 8 workers of 8 for evacuation
[2026-01-16T08:16:24.375+0000][gc,mmu      ] GC(41) MMU target violated: 201.0ms (200.0ms/201.0ms)
[2026-01-16T08:16:24.377+0000][gc,phases   ] GC(41)   Pre Evacuate Collection Set: 22.3ms
[2026-01-16T08:16:24.382+0000][gc,phases   ] GC(41)   Merge Heap Roots: 0.3ms
[2026-01-16T08:16:24.384+0000][gc,phases   ] GC(41)   Evacuate Collection Set: 223.6ms
[2026-01-16T08:16:24.384+0000][gc,phases   ] GC(41)   Post Evacuate Collection Set: 2.7ms
[2026-01-16T08:16:24.384+0000][gc,phases   ] GC(41)   Other: 7.3ms
[2026-01-16T08:16:24.384+0000][gc,heap     ] GC(41) Eden regions: 48->0(48)
[2026-01-16T08:16:24.384+0000][gc,heap     ] GC(41) Survivor regions: 3->3(7)
[2026-01-16T08:16:24.384+0000][gc,heap     ] GC(41) Old regions: 20->20
[2026-01-16T08:16:24.385+0000][gc,heap     ] GC(41) Humongous regions: 22->22
[2026-01-16T08:16:24.385+0000][gc,metaspace] GC(41) Metaspace: 10318K(10624K)->10318K(10624K) NonClass: 9297K(9472K)->9297K(9472K) Class: 1020K(1152K)->1020K(1152K)
[2026-01-16T08:16:24.385+0000][gc          ] GC(41) Pause Young (Normal) (G1 Evacuation Pause) 91M->44M(1024M) 270.753ms
[2026-01-16T08:16:24.385+0000][gc,cpu      ] GC(41) User=0.13s Sys=0.01s Real=0.27s
[2026-01-16T08:16:32.943+0000][gc,start    ] GC(42) Pause Young (Normal) (G1 Evacuation Pause)
[2026-01-16T08:16:32.946+0000][gc,task     ] GC(42) Using 8 workers of 8 for evacuation
[2026-01-16T08:16:33.103+0000][gc,phases   ] GC(42)   Pre Evacuate Collection Set: 26.2ms
[2026-01-16T08:16:33.104+0000][gc,phases   ] GC(42)   Merge Heap Roots: 0.7ms
[2026-01-16T08:16:33.105+0000][gc,phases   ] GC(42)   Evacuate Collection Set: 107.8ms
[2026-01-16T08:16:33.105+0000][gc,phases   ] GC(42)   Post Evacuate Collection Set: 18.2ms
[2026-01-16T08:16:33.106+0000][gc,phases   ] GC(42)   Other: 4.0ms
[2026-01-16T08:16:33.106+0000][gc,heap     ] GC(42) Eden regions: 48->0(68)
[2026-01-16T08:16:33.107+0000][gc,heap     ] GC(42) Survivor regions: 3->3(7)
[2026-01-16T08:16:33.107+0000][gc,heap     ] GC(42) Old regions: 20->20
[2026-01-16T08:16:33.108+0000][gc,heap     ] GC(42) Humongous regions: 22->22
[2026-01-16T08:16:33.109+0000][gc,metaspace] GC(42) Metaspace: 10320K(10624K)->10320K(10624K) NonClass: 9300K(9472K)->9300K(9472K) Class: 1020K(1152K)->1020K(1152K)
[2026-01-16T08:16:33.110+0000][gc          ] GC(42) Pause Young (Normal) (G1 Evacuation Pause) 92M->43M(1024M) 167.242ms
[2026-01-16T08:16:33.111+0000][gc,cpu      ] GC(42) User=0.10s Sys=0.01s Real=0.17s
[2026-01-16T08:16:36.450+0000][gc,start    ] GC(43) Pause Young (Normal) (G1 Evacuation Pause)
[2026-01-16T08:16:36.453+0000][gc,task     ] GC(43) Using 8 workers of 8 for evacuation
[2026-01-16T08:16:36.805+0000][gc,mmu      ] GC(43) MMU target violated: 201.0ms (200.0ms/201.0ms)
[2026-01-16T08:16:36.807+0000][gc,phases   ] GC(43)   Pre Evacuate Collection Set: 14.3ms
[2026-01-16T08:16:36.807+0000][gc,phases   ] GC(43)   Merge Heap Roots: 8.1ms
[2026-01-16T08:16:36.808+0000][gc,phases   ] GC(43)   Evacuate Collection Set: 308.0ms
[2026-01-16T08:16:36.810+0000][gc,phases   ] GC(43)   Post Evacuate Collection Set: 17.0ms
[2026-01-16T08:16:36.811+0000][gc,phases   ] GC(43)   Other: 6.3ms
[2026-01-16T08:16:36.812+0000][gc,heap     ] GC(43) Eden regions: 70->0(48)
[2026-01-16T08:16:36.815+0000][gc,heap     ] GC(43) Survivor regions: 3->3(10)
[2026-01-16T08:16:36.817+0000][gc,heap     ] GC(43) Old regions: 20->20
[2026-01-16T08:16:36.818+0000][gc,heap     ] GC(43) Humongous regions: 22->22
[2026-01-16T08:16:36.818+0000][gc,metaspace] GC(43) Metaspace: 10324K(10624K)->10324K(10624K) NonClass: 9303K(9472K)->9303K(9472K) Class: 1020K(1152K)->1020K(1152K)
[2026-01-16T08:16:36.819+0000][gc          ] GC(43) Pause Young (Normal) (G1 Evacuation Pause) 113M->44M(1024M) 368.732ms
[2026-01-16T08:16:36.819+0000][gc,cpu      ] GC(43) User=0.18s Sys=0.01s Real=0.37s
[2026-01-16T08:16:42.840+0000][gc,start    ] GC(44) Pause Young (Normal) (G1 Evacuation Pause)
[2026-01-16T08:16:42.885+0000][gc,task     ] GC(44) Using 8 workers of 8 for evacuation
[2026-01-16T08:16:43.147+0000][gc,mmu      ] GC(44) MMU target violated: 201.0ms (200.0ms/201.0ms)
[2026-01-16T08:16:43.148+0000][gc,phases   ] GC(44)   Pre Evacuate Collection Set: 34.9ms
[2026-01-16T08:16:43.159+0000][gc,phases   ] GC(44)   Merge Heap Roots: 8.4ms
[2026-01-16T08:16:43.159+0000][gc,phases   ] GC(44)   Evacuate Collection Set: 193.6ms
[2026-01-16T08:16:43.160+0000][gc,phases   ] GC(44)   Post Evacuate Collection Set: 17.3ms
[2026-01-16T08:16:43.160+0000][gc,phases   ] GC(44)   Other: 19.7ms
[2026-01-16T08:16:43.160+0000][gc,heap     ] GC(44) Eden regions: 48->0(48)
[2026-01-16T08:16:43.160+0000][gc,heap     ] GC(44) Survivor regions: 3->3(7)
[2026-01-16T08:16:43.160+0000][gc,heap     ] GC(44) Old regions: 20->21
[2026-01-16T08:16:43.160+0000][gc,heap     ] GC(44) Humongous regions: 22->22
[2026-01-16T08:16:43.160+0000][gc,metaspace] GC(44) Metaspace: 10342K(10624K)->10342K(10624K) NonClass: 9321K(9472K)->9321K(9472K) Class: 1020K(1152K)->1020K(1152K)
[2026-01-16T08:16:43.166+0000][gc          ] GC(44) Pause Young (Normal) (G1 Evacuation Pause) 92M->44M(1024M) 326.702ms
[2026-01-16T08:16:43.167+0000][gc,cpu      ] GC(44) User=0.13s Sys=0.01s Real=0.32s
[2026-01-16T08:16:44.731+0000][gc,start    ] GC(45) Pause Young (Normal) (G1 Evacuation Pause)
[2026-01-16T08:16:44.736+0000][gc,task     ] GC(45) Using 8 workers of 8 for evacuation
[2026-01-16T08:16:45.090+0000][gc,mmu      ] GC(45) MMU target violated: 201.0ms (200.0ms/201.0ms)
[2026-01-16T08:16:45.091+0000][gc,phases   ] GC(45)   Pre Evacuate Collection Set: 34.2ms
[2026-01-16T08:16:45.093+0000][gc,phases   ] GC(45)   Merge Heap Roots: 13.4ms
[2026-01-16T08:16:45.093+0000][gc,phases   ] GC(45)   Evacuate Collection Set: 286.3ms
[2026-01-16T08:16:45.093+0000][gc,phases   ] GC(45)   Post Evacuate Collection Set: 1.2ms
[2026-01-16T08:16:45.101+0000][gc,phases   ] GC(45)   Other: 19.1ms
[2026-01-16T08:16:45.101+0000][gc,heap     ] GC(45) Eden regions: 48->0(48)
[2026-01-16T08:16:45.101+0000][gc,heap     ] GC(45) Survivor regions: 3->3(7)
[2026-01-16T08:16:45.101+0000][gc,heap     ] GC(45) Old regions: 21->21
[2026-01-16T08:16:45.101+0000][gc,heap     ] GC(45) Humongous regions: 22->22
[2026-01-16T08:16:45.101+0000][gc,metaspace] GC(45) Metaspace: 10371K(10688K)->10371K(10688K) NonClass: 9350K(9536K)->9350K(9536K) Class: 1020K(1152K)->1020K(1152K)
[2026-01-16T08:16:45.104+0000][gc          ] GC(45) Pause Young (Normal) (G1 Evacuation Pause) 92M->44M(1024M) 373.079ms
[2026-01-16T08:16:45.104+0000][gc,cpu      ] GC(45) User=0.08s Sys=0.03s Real=0.37s
[2026-01-16T08:16:52.894+0000][gc,start    ] GC(46) Pause Young (Normal) (G1 Evacuation Pause)
[2026-01-16T08:16:52.901+0000][gc,task     ] GC(46) Using 8 workers of 8 for evacuation
[2026-01-16T08:16:53.063+0000][gc,phases   ] GC(46)   Pre Evacuate Collection Set: 20.6ms
[2026-01-16T08:16:53.063+0000][gc,phases   ] GC(46)   Merge Heap Roots: 0.3ms
[2026-01-16T08:16:53.064+0000][gc,phases   ] GC(46)   Evacuate Collection Set: 128.4ms
[2026-01-16T08:16:53.065+0000][gc,phases   ] GC(46)   Post Evacuate Collection Set: 12.1ms
[2026-01-16T08:16:53.065+0000][gc,phases   ] GC(46)   Other: 0.4ms
[2026-01-16T08:16:53.066+0000][gc,heap     ] GC(46) Eden regions: 48->0(71)
[2026-01-16T08:16:53.067+0000][gc,heap     ] GC(46) Survivor regions: 3->2(7)
[2026-01-16T08:16:53.068+0000][gc,heap     ] GC(46) Old regions: 21->21
[2026-01-16T08:16:53.072+0000][gc,heap     ] GC(46) Humongous regions: 22->22
[2026-01-16T08:16:53.073+0000][gc,metaspace] GC(46) Metaspace: 10388K(10688K)->10388K(10688K) NonClass: 9367K(9536K)->9367K(9536K) Class: 1020K(1152K)->1020K(1152K)
[2026-01-16T08:16:53.075+0000][gc          ] GC(46) Pause Young (Normal) (G1 Evacuation Pause) 92M->44M(1024M) 181.520ms
[2026-01-16T08:16:53.078+0000][gc,cpu      ] GC(46) User=0.12s Sys=0.02s Real=0.18s
[2026-01-16T08:16:58.935+0000][gc,start    ] GC(47) Pause Young (Normal) (G1 Evacuation Pause)
[2026-01-16T08:16:58.936+0000][gc,task     ] GC(47) Using 8 workers of 8 for evacuation
[2026-01-16T08:16:59.051+0000][gc,phases   ] GC(47)   Pre Evacuate Collection Set: 13.1ms
[2026-01-16T08:16:59.053+0000][gc,phases   ] GC(47)   Merge Heap Roots: 3.0ms
[2026-01-16T08:16:59.054+0000][gc,phases   ] GC(47)   Evacuate Collection Set: 87.8ms
[2026-01-16T08:16:59.054+0000][gc,phases   ] GC(47)   Post Evacuate Collection Set: 9.3ms
[2026-01-16T08:16:59.055+0000][gc,phases   ] GC(47)   Other: 2.1ms
[2026-01-16T08:16:59.056+0000][gc,heap     ] GC(47) Eden regions: 66->0(48)
[2026-01-16T08:16:59.057+0000][gc,heap     ] GC(47) Survivor regions: 2->3(9)
[2026-01-16T08:16:59.057+0000][gc,heap     ] GC(47) Old regions: 21->21
[2026-01-16T08:16:59.057+0000][gc,heap     ] GC(47) Humongous regions: 22->22
[2026-01-16T08:16:59.058+0000][gc,metaspace] GC(47) Metaspace: 10405K(10688K)->10405K(10688K) NonClass: 9384K(9536K)->9384K(9536K) Class: 1020K(1152K)->1020K(1152K)
[2026-01-16T08:16:59.058+0000][gc          ] GC(47) Pause Young (Normal) (G1 Evacuation Pause) 110M->44M(1024M) 123.375ms
[2026-01-16T08:16:59.061+0000][gc,cpu      ] GC(47) User=0.10s Sys=0.00s Real=0.13s
[2026-01-16T08:17:01.991+0000][gc,start    ] GC(48) Pause Young (Normal) (G1 Evacuation Pause)
[2026-01-16T08:17:01.992+0000][gc,task     ] GC(48) Using 8 workers of 8 for evacuation
[2026-01-16T08:17:02.092+0000][gc,phases   ] GC(48)   Pre Evacuate Collection Set: 16.2ms
[2026-01-16T08:17:02.092+0000][gc,phases   ] GC(48)   Merge Heap Roots: 2.6ms
[2026-01-16T08:17:02.096+0000][gc,phases   ] GC(48)   Evacuate Collection Set: 77.3ms
[2026-01-16T08:17:02.097+0000][gc,phases   ] GC(48)   Post Evacuate Collection Set: 1.1ms
[2026-01-16T08:17:02.097+0000][gc,phases   ] GC(48)   Other: 2.6ms
[2026-01-16T08:17:02.098+0000][gc,heap     ] GC(48) Eden regions: 48->0(139)
[2026-01-16T08:17:02.098+0000][gc,heap     ] GC(48) Survivor regions: 3->2(7)
[2026-01-16T08:17:02.099+0000][gc,heap     ] GC(48) Old regions: 21->21
[2026-01-16T08:17:02.100+0000][gc,heap     ] GC(48) Humongous regions: 22->22
[2026-01-16T08:17:02.100+0000][gc,metaspace] GC(48) Metaspace: 10409K(10688K)->10409K(10688K) NonClass: 9388K(9536K)->9388K(9536K) Class: 1020K(1152K)->1020K(1152K)
[2026-01-16T08:17:02.100+0000][gc          ] GC(48) Pause Young (Normal) (G1 Evacuation Pause) 92M->44M(1024M) 108.924ms
[2026-01-16T08:17:02.116+0000][gc,cpu      ] GC(48) User=0.07s Sys=0.01s Real=0.12s
[2026-01-16T08:17:13.563+0000][gc,start    ] GC(49) Pause Young (Normal) (G1 Evacuation Pause)
[2026-01-16T08:17:13.578+0000][gc,task     ] GC(49) Using 8 workers of 8 for evacuation
[2026-01-16T08:17:13.781+0000][gc,phases   ] GC(49)   Pre Evacuate Collection Set: 16.5ms
[2026-01-16T08:17:13.782+0000][gc,phases   ] GC(49)   Merge Heap Roots: 6.9ms
[2026-01-16T08:17:13.782+0000][gc,phases   ] GC(49)   Evacuate Collection Set: 151.3ms
[2026-01-16T08:17:13.783+0000][gc,phases   ] GC(49)   Post Evacuate Collection Set: 14.1ms
[2026-01-16T08:17:13.785+0000][gc,phases   ] GC(49)   Other: 13.9ms
[2026-01-16T08:17:13.786+0000][gc,heap     ] GC(49) Eden regions: 141->0(67)
[2026-01-16T08:17:13.786+0000][gc,heap     ] GC(49) Survivor regions: 2->3(18)
[2026-01-16T08:17:13.786+0000][gc,heap     ] GC(49) Old regions: 21->21
[2026-01-16T08:17:13.787+0000][gc,heap     ] GC(49) Humongous regions: 22->22
[2026-01-16T08:17:13.788+0000][gc,metaspace] GC(49) Metaspace: 10429K(10688K)->10429K(10688K) NonClass: 9407K(9536K)->9407K(9536K) Class: 1022K(1152K)->1022K(1152K)
[2026-01-16T08:17:13.794+0000][gc          ] GC(49) Pause Young (Normal) (G1 Evacuation Pause) 185M->44M(1024M) 233.353ms
[2026-01-16T08:17:13.796+0000][gc,cpu      ] GC(49) User=0.11s Sys=0.03s Real=0.23s
[2026-01-16T08:17:16.129+0000][gc,start    ] GC(50) Pause Young (Normal) (G1 Evacuation Pause)
[2026-01-16T08:17:16.137+0000][gc,task     ] GC(50) Using 8 workers of 8 for evacuation
[2026-01-16T08:17:16.255+0000][gc,phases   ] GC(50)   Pre Evacuate Collection Set: 9.0ms
[2026-01-16T08:17:16.256+0000][gc,phases   ] GC(50)   Merge Heap Roots: 7.3ms
[2026-01-16T08:17:16.257+0000][gc,phases   ] GC(50)   Evacuate Collection Set: 98.8ms
[2026-01-16T08:17:16.258+0000][gc,phases   ] GC(50)   Post Evacuate Collection Set: 1.2ms
[2026-01-16T08:17:16.258+0000][gc,phases   ] GC(50)   Other: 2.3ms
[2026-01-16T08:17:16.259+0000][gc,heap     ] GC(50) Eden regions: 53->0(88)
[2026-01-16T08:17:16.259+0000][gc,heap     ] GC(50) Survivor regions: 3->3(7)
[2026-01-16T08:17:16.260+0000][gc,heap     ] GC(50) Old regions: 21->21
[2026-01-16T08:17:16.260+0000][gc,heap     ] GC(50) Humongous regions: 22->22
[2026-01-16T08:17:16.262+0000][gc,metaspace] GC(50) Metaspace: 10474K(10752K)->10474K(10752K) NonClass: 9452K(9600K)->9452K(9600K) Class: 1022K(1152K)->1022K(1152K)
[2026-01-16T08:17:16.263+0000][gc          ] GC(50) Pause Young (Normal) (G1 Evacuation Pause) 97M->45M(1024M) 133.167ms
[2026-01-16T08:17:16.263+0000][gc,cpu      ] GC(50) User=0.08s Sys=0.00s Real=0.13s
[2026-01-16T08:17:23.351+0000][gc,start    ] GC(51) Pause Young (Normal) (G1 Evacuation Pause)
[2026-01-16T08:17:23.353+0000][gc,task     ] GC(51) Using 8 workers of 8 for evacuation
[2026-01-16T08:17:23.450+0000][gc,phases   ] GC(51)   Pre Evacuate Collection Set: 14.8ms
[2026-01-16T08:17:23.451+0000][gc,phases   ] GC(51)   Merge Heap Roots: 2.0ms
[2026-01-16T08:17:23.453+0000][gc,phases   ] GC(51)   Evacuate Collection Set: 66.8ms
[2026-01-16T08:17:23.454+0000][gc,phases   ] GC(51)   Post Evacuate Collection Set: 11.8ms
[2026-01-16T08:17:23.454+0000][gc,phases   ] GC(51)   Other: 2.0ms
[2026-01-16T08:17:23.455+0000][gc,heap     ] GC(51) Eden regions: 79->0(166)
[2026-01-16T08:17:23.455+0000][gc,heap     ] GC(51) Survivor regions: 3->3(11)
[2026-01-16T08:17:23.455+0000][gc,heap     ] GC(51) Old regions: 21->21
[2026-01-16T08:17:23.456+0000][gc,heap     ] GC(51) Humongous regions: 22->22
[2026-01-16T08:17:23.456+0000][gc,metaspace] GC(51) Metaspace: 10484K(10752K)->10484K(10752K) NonClass: 9462K(9600K)->9462K(9600K) Class: 1022K(1152K)->1022K(1152K)
[2026-01-16T08:17:23.458+0000][gc          ] GC(51) Pause Young (Normal) (G1 Evacuation Pause) 124M->45M(1024M) 106.879ms
[2026-01-16T08:17:23.458+0000][gc,cpu      ] GC(51) User=0.11s Sys=0.01s Real=0.11s
[2026-01-16T08:17:43.061+0000][gc,start    ] GC(52) Pause Young (Normal) (G1 Evacuation Pause)
[2026-01-16T08:17:43.066+0000][gc,task     ] GC(52) Using 8 workers of 8 for evacuation
[2026-01-16T08:17:43.150+0000][gc,phases   ] GC(52)   Pre Evacuate Collection Set: 13.4ms
[2026-01-16T08:17:43.151+0000][gc,phases   ] GC(52)   Merge Heap Roots: 2.6ms
[2026-01-16T08:17:43.151+0000][gc,phases   ] GC(52)   Evacuate Collection Set: 56.1ms
[2026-01-16T08:17:43.152+0000][gc,phases   ] GC(52)   Post Evacuate Collection Set: 11.1ms
[2026-01-16T08:17:43.152+0000][gc,phases   ] GC(52)   Other: 1.7ms
[2026-01-16T08:17:43.152+0000][gc,heap     ] GC(52) Eden regions: 179->0(257)
[2026-01-16T08:17:43.153+0000][gc,heap     ] GC(52) Survivor regions: 3->3(23)
[2026-01-16T08:17:43.153+0000][gc,heap     ] GC(52) Old regions: 21->21
[2026-01-16T08:17:43.153+0000][gc,heap     ] GC(52) Humongous regions: 22->22
[2026-01-16T08:17:43.154+0000][gc,metaspace] GC(52) Metaspace: 10525K(10816K)->10525K(10816K) NonClass: 9503K(9664K)->9503K(9664K) Class: 1022K(1152K)->1022K(1152K)
[2026-01-16T08:17:43.155+0000][gc          ] GC(52) Pause Young (Normal) (G1 Evacuation Pause) 224M->45M(1024M) 93.748ms
[2026-01-16T08:17:43.155+0000][gc,cpu      ] GC(52) User=0.10s Sys=0.03s Real=0.09s
[2026-01-16T08:18:14.075+0000][gc,start    ] GC(53) Pause Young (Normal) (G1 Evacuation Pause)
[2026-01-16T08:18:14.090+0000][gc,task     ] GC(53) Using 8 workers of 8 for evacuation
[2026-01-16T08:18:15.290+0000][gc,mmu      ] GC(53) MMU target violated: 201.0ms (200.0ms/201.0ms)
[2026-01-16T08:18:15.290+0000][gc,phases   ] GC(53)   Pre Evacuate Collection Set: 18.7ms
[2026-01-16T08:18:15.290+0000][gc,phases   ] GC(53)   Merge Heap Roots: 5.0ms
[2026-01-16T08:18:15.290+0000][gc,phases   ] GC(53)   Evacuate Collection Set: 1127.1ms
[2026-01-16T08:18:15.291+0000][gc,phases   ] GC(53)   Post Evacuate Collection Set: 37.2ms
[2026-01-16T08:18:15.291+0000][gc,phases   ] GC(53)   Other: 12.3ms
[2026-01-16T08:18:15.291+0000][gc,heap     ] GC(53) Eden regions: 261->0(46)
[2026-01-16T08:18:15.291+0000][gc,heap     ] GC(53) Survivor regions: 3->5(33)
[2026-01-16T08:18:15.292+0000][gc,heap     ] GC(53) Old regions: 21->22
[2026-01-16T08:18:15.292+0000][gc,heap     ] GC(53) Humongous regions: 24->24
[2026-01-16T08:18:15.292+0000][gc,metaspace] GC(53) Metaspace: 10680K(11008K)->10680K(11008K) NonClass: 9656K(9856K)->9656K(9856K) Class: 1024K(1152K)->1024K(1152K)
[2026-01-16T08:18:15.293+0000][gc          ] GC(53) Pause Young (Normal) (G1 Evacuation Pause) 308M->49M(1024M) 1217.865ms
[2026-01-16T08:18:15.293+0000][gc,cpu      ] GC(53) User=0.47s Sys=0.10s Real=1.22s
[2026-01-16T08:18:18.301+0000][gc,start    ] GC(54) Pause Young (Normal) (G1 Evacuation Pause)
[2026-01-16T08:18:18.301+0000][gc,task     ] GC(54) Using 8 workers of 8 for evacuation
[2026-01-16T08:18:18.609+0000][gc,mmu      ] GC(54) MMU target violated: 201.0ms (200.0ms/201.0ms)
[2026-01-16T08:18:18.610+0000][gc,phases   ] GC(54)   Pre Evacuate Collection Set: 35.9ms
[2026-01-16T08:18:18.613+0000][gc,phases   ] GC(54)   Merge Heap Roots: 1.0ms
[2026-01-16T08:18:18.613+0000][gc,phases   ] GC(54)   Evacuate Collection Set: 252.2ms
[2026-01-16T08:18:18.613+0000][gc,phases   ] GC(54)   Post Evacuate Collection Set: 17.3ms
[2026-01-16T08:18:18.613+0000][gc,phases   ] GC(54)   Other: 2.0ms
[2026-01-16T08:18:18.613+0000][gc,heap     ] GC(54) Eden regions: 46->0(47)
[2026-01-16T08:18:18.613+0000][gc,heap     ] GC(54) Survivor regions: 5->4(7)
[2026-01-16T08:18:18.613+0000][gc,heap     ] GC(54) Old regions: 22->22
[2026-01-16T08:18:18.613+0000][gc,heap     ] GC(54) Humongous regions: 24->24
[2026-01-16T08:18:18.613+0000][gc,metaspace] GC(54) Metaspace: 10682K(11008K)->10682K(11008K) NonClass: 9657K(9856K)->9657K(9856K) Class: 1024K(1152K)->1024K(1152K)
[2026-01-16T08:18:18.614+0000][gc          ] GC(54) Pause Young (Normal) (G1 Evacuation Pause) 95M->49M(1024M) 313.318ms
[2026-01-16T08:18:18.614+0000][gc,cpu      ] GC(54) User=0.13s Sys=0.01s Real=0.31s
[2026-01-16T08:18:20.284+0000][gc,start    ] GC(55) Pause Young (Normal) (G1 Evacuation Pause)
[2026-01-16T08:18:20.293+0000][gc,task     ] GC(55) Using 8 workers of 8 for evacuation
[2026-01-16T08:18:20.628+0000][gc,mmu      ] GC(55) MMU target violated: 201.0ms (200.0ms/201.0ms)
[2026-01-16T08:18:20.633+0000][gc,phases   ] GC(55)   Pre Evacuate Collection Set: 38.6ms
[2026-01-16T08:18:20.641+0000][gc,phases   ] GC(55)   Merge Heap Roots: 0.7ms
[2026-01-16T08:18:20.642+0000][gc,phases   ] GC(55)   Evacuate Collection Set: 275.6ms
[2026-01-16T08:18:20.642+0000][gc,phases   ] GC(55)   Post Evacuate Collection Set: 1.5ms
[2026-01-16T08:18:20.642+0000][gc,phases   ] GC(55)   Other: 23.9ms
[2026-01-16T08:18:20.643+0000][gc,heap     ] GC(55) Eden regions: 47->0(47)
[2026-01-16T08:18:20.643+0000][gc,heap     ] GC(55) Survivor regions: 4->4(7)
[2026-01-16T08:18:20.643+0000][gc,heap     ] GC(55) Old regions: 22->22
[2026-01-16T08:18:20.643+0000][gc,heap     ] GC(55) Humongous regions: 24->24
[2026-01-16T08:18:20.644+0000][gc,metaspace] GC(55) Metaspace: 10682K(11008K)->10682K(11008K) NonClass: 9658K(9856K)->9658K(9856K) Class: 1024K(1152K)->1024K(1152K)
[2026-01-16T08:18:20.644+0000][gc          ] GC(55) Pause Young (Normal) (G1 Evacuation Pause) 96M->49M(1024M) 359.753ms
[2026-01-16T08:18:20.644+0000][gc,cpu      ] GC(55) User=0.17s Sys=0.01s Real=0.36s
[2026-01-16T08:18:21.738+0000][gc,start    ] GC(56) Pause Young (Normal) (G1 Evacuation Pause)
[2026-01-16T08:18:21.739+0000][gc,task     ] GC(56) Using 8 workers of 8 for evacuation
[2026-01-16T08:18:21.906+0000][gc,phases   ] GC(56)   Pre Evacuate Collection Set: 41.9ms
[2026-01-16T08:18:21.908+0000][gc,phases   ] GC(56)   Merge Heap Roots: 3.9ms
[2026-01-16T08:18:21.908+0000][gc,phases   ] GC(56)   Evacuate Collection Set: 99.4ms
[2026-01-16T08:18:21.908+0000][gc,phases   ] GC(56)   Post Evacuate Collection Set: 7.1ms
[2026-01-16T08:18:21.909+0000][gc,phases   ] GC(56)   Other: 14.6ms
[2026-01-16T08:18:21.909+0000][gc,heap     ] GC(56) Eden regions: 47->0(46)
[2026-01-16T08:18:21.909+0000][gc,heap     ] GC(56) Survivor regions: 4->5(7)
[2026-01-16T08:18:21.910+0000][gc,heap     ] GC(56) Old regions: 22->22
[2026-01-16T08:18:21.911+0000][gc,heap     ] GC(56) Humongous regions: 24->24
[2026-01-16T08:18:21.912+0000][gc,metaspace] GC(56) Metaspace: 10682K(11008K)->10682K(11008K) NonClass: 9658K(9856K)->9658K(9856K) Class: 1024K(1152K)->1024K(1152K)
[2026-01-16T08:18:21.912+0000][gc          ] GC(56) Pause Young (Normal) (G1 Evacuation Pause) 96M->50M(1024M) 174.007ms
[2026-01-16T08:18:21.913+0000][gc,cpu      ] GC(56) User=0.11s Sys=0.02s Real=0.17s
[2026-01-16T08:18:22.533+0000][gc,start    ] GC(57) Pause Young (Normal) (G1 Evacuation Pause)
[2026-01-16T08:18:22.538+0000][gc,task     ] GC(57) Using 8 workers of 8 for evacuation
[2026-01-16T08:18:22.569+0000][gc,phases   ] GC(57)   Pre Evacuate Collection Set: 4.3ms
[2026-01-16T08:18:22.569+0000][gc,phases   ] GC(57)   Merge Heap Roots: 0.1ms
[2026-01-16T08:18:22.570+0000][gc,phases   ] GC(57)   Evacuate Collection Set: 24.3ms
[2026-01-16T08:18:22.570+0000][gc,phases   ] GC(57)   Post Evacuate Collection Set: 1.2ms
[2026-01-16T08:18:22.570+0000][gc,phases   ] GC(57)   Other: 1.4ms
[2026-01-16T08:18:22.573+0000][gc,heap     ] GC(57) Eden regions: 46->0(97)
[2026-01-16T08:18:22.573+0000][gc,heap     ] GC(57) Survivor regions: 5->2(7)
[2026-01-16T08:18:22.574+0000][gc,heap     ] GC(57) Old regions: 22->23
[2026-01-16T08:18:22.575+0000][gc,heap     ] GC(57) Humongous regions: 24->24
[2026-01-16T08:18:22.575+0000][gc,metaspace] GC(57) Metaspace: 10685K(11008K)->10685K(11008K) NonClass: 9661K(9856K)->9661K(9856K) Class: 1024K(1152K)->1024K(1152K)
[2026-01-16T08:18:22.576+0000][gc          ] GC(57) Pause Young (Normal) (G1 Evacuation Pause) 96M->48M(1024M) 42.421ms
[2026-01-16T08:18:22.576+0000][gc,cpu      ] GC(57) User=0.04s Sys=0.00s Real=0.04s
[2026-01-16T08:18:25.667+0000][gc,start    ] GC(58) Pause Young (Normal) (G1 Evacuation Pause)
[2026-01-16T08:18:25.668+0000][gc,task     ] GC(58) Using 8 workers of 8 for evacuation
[2026-01-16T08:18:25.881+0000][gc,mmu      ] GC(58) MMU target violated: 201.0ms (200.0ms/201.0ms)
[2026-01-16T08:18:25.882+0000][gc,phases   ] GC(58)   Pre Evacuate Collection Set: 21.5ms
[2026-01-16T08:18:25.882+0000][gc,phases   ] GC(58)   Merge Heap Roots: 0.4ms
[2026-01-16T08:18:25.883+0000][gc,phases   ] GC(58)   Evacuate Collection Set: 185.1ms
[2026-01-16T08:18:25.883+0000][gc,phases   ] GC(58)   Post Evacuate Collection Set: 4.1ms
[2026-01-16T08:18:25.886+0000][gc,phases   ] GC(58)   Other: 2.7ms
[2026-01-16T08:18:25.888+0000][gc,heap     ] GC(58) Eden regions: 78->0(48)
[2026-01-16T08:18:25.888+0000][gc,heap     ] GC(58) Survivor regions: 2->3(10)
[2026-01-16T08:18:25.888+0000][gc,heap     ] GC(58) Old regions: 23->23
[2026-01-16T08:18:25.889+0000][gc,heap     ] GC(58) Humongous regions: 24->24
[2026-01-16T08:18:25.889+0000][gc,metaspace] GC(58) Metaspace: 10689K(11008K)->10689K(11008K) NonClass: 9665K(9856K)->9665K(9856K) Class: 1024K(1152K)->1024K(1152K)
[2026-01-16T08:18:25.890+0000][gc          ] GC(58) Pause Young (Normal) (G1 Evacuation Pause) 126M->48M(1024M) 222.102ms
[2026-01-16T08:18:25.890+0000][gc,cpu      ] GC(58) User=0.13s Sys=0.01s Real=0.23s
[2026-01-16T08:18:33.359+0000][gc,start    ] GC(59) Pause Young (Normal) (G1 Evacuation Pause)
[2026-01-16T08:18:33.361+0000][gc,task     ] GC(59) Using 8 workers of 8 for evacuation
[2026-01-16T08:18:33.584+0000][gc,mmu      ] GC(59) MMU target violated: 201.0ms (200.0ms/201.0ms)
[2026-01-16T08:18:33.589+0000][gc,phases   ] GC(59)   Pre Evacuate Collection Set: 9.9ms
[2026-01-16T08:18:33.595+0000][gc,phases   ] GC(59)   Merge Heap Roots: 0.7ms
[2026-01-16T08:18:33.595+0000][gc,phases   ] GC(59)   Evacuate Collection Set: 179.0ms
[2026-01-16T08:18:33.596+0000][gc,phases   ] GC(59)   Post Evacuate Collection Set: 32.3ms
[2026-01-16T08:18:33.596+0000][gc,phases   ] GC(59)   Other: 6.2ms
[2026-01-16T08:18:33.596+0000][gc,heap     ] GC(59) Eden regions: 48->0(64)
[2026-01-16T08:18:33.597+0000][gc,heap     ] GC(59) Survivor regions: 3->2(7)
[2026-01-16T08:18:33.597+0000][gc,heap     ] GC(59) Old regions: 23->23
[2026-01-16T08:18:33.597+0000][gc,heap     ] GC(59) Humongous regions: 24->24
[2026-01-16T08:18:33.597+0000][gc,metaspace] GC(59) Metaspace: 10690K(11008K)->10690K(11008K) NonClass: 9666K(9856K)->9666K(9856K) Class: 1024K(1152K)->1024K(1152K)
[2026-01-16T08:18:33.598+0000][gc          ] GC(59) Pause Young (Normal) (G1 Evacuation Pause) 96M->48M(1024M) 238.421ms
[2026-01-16T08:18:33.598+0000][gc,cpu      ] GC(59) User=0.09s Sys=0.02s Real=0.24s
[2026-01-16T08:18:36.442+0000][gc,start    ] GC(60) Pause Young (Normal) (G1 Evacuation Pause)
[2026-01-16T08:18:36.442+0000][gc,task     ] GC(60) Using 8 workers of 8 for evacuation
[2026-01-16T08:18:36.576+0000][gc,phases   ] GC(60)   Pre Evacuate Collection Set: 13.2ms
[2026-01-16T08:18:36.578+0000][gc,phases   ] GC(60)   Merge Heap Roots: 0.3ms
[2026-01-16T08:18:36.578+0000][gc,phases   ] GC(60)   Evacuate Collection Set: 117.6ms
[2026-01-16T08:18:36.578+0000][gc,phases   ] GC(60)   Post Evacuate Collection Set: 1.6ms
[2026-01-16T08:18:36.578+0000][gc,phases   ] GC(60)   Other: 0.5ms
[2026-01-16T08:18:36.578+0000][gc,heap     ] GC(60) Eden regions: 77->0(48)
[2026-01-16T08:18:36.578+0000][gc,heap     ] GC(60) Survivor regions: 2->3(10)
[2026-01-16T08:18:36.578+0000][gc,heap     ] GC(60) Old regions: 23->23
[2026-01-16T08:18:36.578+0000][gc,heap     ] GC(60) Humongous regions: 24->24
[2026-01-16T08:18:36.578+0000][gc,metaspace] GC(60) Metaspace: 10691K(11008K)->10691K(11008K) NonClass: 9666K(9856K)->9666K(9856K) Class: 1024K(1152K)->1024K(1152K)
[2026-01-16T08:18:36.579+0000][gc          ] GC(60) Pause Young (Normal) (G1 Evacuation Pause) 125M->49M(1024M) 136.789ms
[2026-01-16T08:18:36.579+0000][gc,cpu      ] GC(60) User=0.07s Sys=0.00s Real=0.13s
[2026-01-16T08:18:43.464+0000][gc,start    ] GC(61) Pause Young (Normal) (G1 Evacuation Pause)
[2026-01-16T08:18:43.475+0000][gc,task     ] GC(61) Using 8 workers of 8 for evacuation
[2026-01-16T08:18:43.598+0000][gc,phases   ] GC(61)   Pre Evacuate Collection Set: 34.1ms
[2026-01-16T08:18:43.598+0000][gc,phases   ] GC(61)   Merge Heap Roots: 2.3ms
[2026-01-16T08:18:43.598+0000][gc,phases   ] GC(61)   Evacuate Collection Set: 75.5ms
[2026-01-16T08:18:43.598+0000][gc,phases   ] GC(61)   Post Evacuate Collection Set: 8.3ms
[2026-01-16T08:18:43.598+0000][gc,phases   ] GC(61)   Other: 8.4ms
[2026-01-16T08:18:43.599+0000][gc,heap     ] GC(61) Eden regions: 48->0(121)
[2026-01-16T08:18:43.599+0000][gc,heap     ] GC(61) Survivor regions: 3->2(7)
[2026-01-16T08:18:43.599+0000][gc,heap     ] GC(61) Old regions: 23->23
[2026-01-16T08:18:43.599+0000][gc,heap     ] GC(61) Humongous regions: 24->24
[2026-01-16T08:18:43.599+0000][gc,metaspace] GC(61) Metaspace: 10692K(11008K)->10692K(11008K) NonClass: 9668K(9856K)->9668K(9856K) Class: 1024K(1152K)->1024K(1152K)
[2026-01-16T08:18:43.600+0000][gc          ] GC(61) Pause Young (Normal) (G1 Evacuation Pause) 97M->48M(1024M) 135.379ms
[2026-01-16T08:18:43.600+0000][gc,cpu      ] GC(61) User=0.11s Sys=0.00s Real=0.14s
[2026-01-16T08:18:57.398+0000][gc,start    ] GC(62) Pause Young (Normal) (G1 Evacuation Pause)
[2026-01-16T08:18:57.403+0000][gc,task     ] GC(62) Using 8 workers of 8 for evacuation
[2026-01-16T08:18:57.849+0000][gc,mmu      ] GC(62) MMU target violated: 201.0ms (200.0ms/201.0ms)
[2026-01-16T08:18:57.849+0000][gc,phases   ] GC(62)   Pre Evacuate Collection Set: 65.3ms
[2026-01-16T08:18:57.850+0000][gc,phases   ] GC(62)   Merge Heap Roots: 13.2ms
[2026-01-16T08:18:57.850+0000][gc,phases   ] GC(62)   Evacuate Collection Set: 344.0ms
[2026-01-16T08:18:57.850+0000][gc,phases   ] GC(62)   Post Evacuate Collection Set: 17.6ms
[2026-01-16T08:18:57.850+0000][gc,phases   ] GC(62)   Other: 8.4ms
[2026-01-16T08:18:57.851+0000][gc,heap     ] GC(62) Eden regions: 126->0(48)
[2026-01-16T08:18:57.851+0000][gc,heap     ] GC(62) Survivor regions: 2->3(16)
[2026-01-16T08:18:57.851+0000][gc,heap     ] GC(62) Old regions: 23->23
[2026-01-16T08:18:57.851+0000][gc,heap     ] GC(62) Humongous regions: 24->24
[2026-01-16T08:18:57.851+0000][gc,metaspace] GC(62) Metaspace: 10698K(11008K)->10698K(11008K) NonClass: 9674K(9856K)->9674K(9856K) Class: 1024K(1152K)->1024K(1152K)
[2026-01-16T08:18:57.852+0000][gc          ] GC(62) Pause Young (Normal) (G1 Evacuation Pause) 174M->49M(1024M) 454.552ms
[2026-01-16T08:18:57.852+0000][gc,cpu      ] GC(62) User=0.21s Sys=0.01s Real=0.46s
[2026-01-16T08:18:59.713+0000][gc,start    ] GC(63) Pause Young (Normal) (G1 Evacuation Pause)
[2026-01-16T08:18:59.716+0000][gc,task     ] GC(63) Using 8 workers of 8 for evacuation
[2026-01-16T08:18:59.969+0000][gc,mmu      ] GC(63) MMU target violated: 201.0ms (200.0ms/201.0ms)
[2026-01-16T08:18:59.977+0000][gc,phases   ] GC(63)   Pre Evacuate Collection Set: 50.0ms
[2026-01-16T08:18:59.981+0000][gc,phases   ] GC(63)   Merge Heap Roots: 0.4ms
[2026-01-16T08:18:59.982+0000][gc,phases   ] GC(63)   Evacuate Collection Set: 178.0ms
[2026-01-16T08:18:59.989+0000][gc,phases   ] GC(63)   Post Evacuate Collection Set: 23.9ms
[2026-01-16T08:18:59.993+0000][gc,phases   ] GC(63)   Other: 8.5ms
[2026-01-16T08:18:59.998+0000][gc,heap     ] GC(63) Eden regions: 48->0(48)
[2026-01-16T08:19:00.002+0000][gc,heap     ] GC(63) Survivor regions: 3->3(7)
[2026-01-16T08:19:00.014+0000][gc,heap     ] GC(63) Old regions: 23->23
[2026-01-16T08:19:00.015+0000][gc,heap     ] GC(63) Humongous regions: 24->24
[2026-01-16T08:19:00.018+0000][gc,metaspace] GC(63) Metaspace: 10705K(11008K)->10705K(11008K) NonClass: 9681K(9856K)->9681K(9856K) Class: 1024K(1152K)->1024K(1152K)
[2026-01-16T08:19:00.018+0000][gc          ] GC(63) Pause Young (Normal) (G1 Evacuation Pause) 97M->49M(1024M) 305.730ms
[2026-01-16T08:19:00.024+0000][gc,cpu      ] GC(63) User=0.10s Sys=0.01s Real=0.31s
[2026-01-16T08:19:02.908+0000][gc,start    ] GC(64) Pause Young (Normal) (G1 Evacuation Pause)
[2026-01-16T08:19:02.951+0000][gc,task     ] GC(64) Using 8 workers of 8 for evacuation
[2026-01-16T08:19:03.059+0000][gc,phases   ] GC(64)   Pre Evacuate Collection Set: 9.9ms
[2026-01-16T08:19:03.061+0000][gc,phases   ] GC(64)   Merge Heap Roots: 1.6ms
[2026-01-16T08:19:03.082+0000][gc,phases   ] GC(64)   Evacuate Collection Set: 88.8ms
[2026-01-16T08:19:03.084+0000][gc,phases   ] GC(64)   Post Evacuate Collection Set: 5.3ms
[2026-01-16T08:19:03.085+0000][gc,phases   ] GC(64)   Other: 2.6ms
[2026-01-16T08:19:03.086+0000][gc,heap     ] GC(64) Eden regions: 48->0(48)
[2026-01-16T08:19:03.088+0000][gc,heap     ] GC(64) Survivor regions: 3->3(7)
[2026-01-16T08:19:03.089+0000][gc,heap     ] GC(64) Old regions: 23->23
[2026-01-16T08:19:03.090+0000][gc,heap     ] GC(64) Humongous regions: 33->33
[2026-01-16T08:19:03.091+0000][gc,metaspace] GC(64) Metaspace: 10724K(11008K)->10724K(11008K) NonClass: 9699K(9856K)->9699K(9856K) Class: 1024K(1152K)->1024K(1152K)
[2026-01-16T08:19:03.091+0000][gc          ] GC(64) Pause Young (Normal) (G1 Evacuation Pause) 106M->57M(1024M) 183.209ms
[2026-01-16T08:19:03.091+0000][gc,cpu      ] GC(64) User=0.04s Sys=0.00s Real=0.18s
[2026-01-16T08:19:04.391+0000][gc,start    ] GC(65) Pause Young (Normal) (G1 Evacuation Pause)
[2026-01-16T08:19:04.395+0000][gc,task     ] GC(65) Using 8 workers of 8 for evacuation
[2026-01-16T08:19:04.500+0000][gc,phases   ] GC(65)   Pre Evacuate Collection Set: 16.8ms
[2026-01-16T08:19:04.501+0000][gc,phases   ] GC(65)   Merge Heap Roots: 5.5ms
[2026-01-16T08:19:04.502+0000][gc,phases   ] GC(65)   Evacuate Collection Set: 77.2ms
[2026-01-16T08:19:04.506+0000][gc,phases   ] GC(65)   Post Evacuate Collection Set: 4.5ms
[2026-01-16T08:19:04.507+0000][gc,phases   ] GC(65)   Other: 1.7ms
[2026-01-16T08:19:04.507+0000][gc,heap     ] GC(65) Eden regions: 48->0(65)
[2026-01-16T08:19:04.507+0000][gc,heap     ] GC(65) Survivor regions: 3->3(7)
[2026-01-16T08:19:04.509+0000][gc,heap     ] GC(65) Old regions: 23->23
[2026-01-16T08:19:04.509+0000][gc,heap     ] GC(65) Humongous regions: 33->33
[2026-01-16T08:19:04.509+0000][gc,metaspace] GC(65) Metaspace: 10727K(11008K)->10727K(11008K) NonClass: 9702K(9856K)->9702K(9856K) Class: 1024K(1152K)->1024K(1152K)
[2026-01-16T08:19:04.510+0000][gc          ] GC(65) Pause Young (Normal) (G1 Evacuation Pause) 105M->58M(1024M) 119.173ms
[2026-01-16T08:19:04.511+0000][gc,cpu      ] GC(65) User=0.07s Sys=0.00s Real=0.12s
[2026-01-16T08:19:13.748+0000][gc,start    ] GC(66) Pause Young (Normal) (G1 Evacuation Pause)
[2026-01-16T08:19:13.754+0000][gc,task     ] GC(66) Using 8 workers of 8 for evacuation
[2026-01-16T08:19:13.948+0000][gc,phases   ] GC(66)   Pre Evacuate Collection Set: 2.2ms
[2026-01-16T08:19:13.952+0000][gc,phases   ] GC(66)   Merge Heap Roots: 2.4ms
[2026-01-16T08:19:13.953+0000][gc,phases   ] GC(66)   Evacuate Collection Set: 176.4ms
[2026-01-16T08:19:13.953+0000][gc,phases   ] GC(66)   Post Evacuate Collection Set: 9.2ms
[2026-01-16T08:19:13.954+0000][gc,phases   ] GC(66)   Other: 6.6ms
[2026-01-16T08:19:13.957+0000][gc,heap     ] GC(66) Eden regions: 71->0(75)
[2026-01-16T08:19:13.961+0000][gc,heap     ] GC(66) Survivor regions: 3->3(10)
[2026-01-16T08:19:13.961+0000][gc,heap     ] GC(66) Old regions: 23->23
[2026-01-16T08:19:13.962+0000][gc,heap     ] GC(66) Humongous regions: 33->33
[2026-01-16T08:19:13.962+0000][gc,metaspace] GC(66) Metaspace: 10729K(11008K)->10729K(11008K) NonClass: 9704K(9856K)->9704K(9856K) Class: 1024K(1152K)->1024K(1152K)
[2026-01-16T08:19:13.969+0000][gc          ] GC(66) Pause Young (Normal) (G1 Evacuation Pause) 129M->58M(1024M) 220.869ms
[2026-01-16T08:19:13.970+0000][gc,cpu      ] GC(66) User=0.17s Sys=0.01s Real=0.22s
[2026-01-16T08:19:23.654+0000][gc,start    ] GC(67) Pause Young (Normal) (G1 Evacuation Pause)
[2026-01-16T08:19:23.673+0000][gc,task     ] GC(67) Using 8 workers of 8 for evacuation
[2026-01-16T08:19:23.869+0000][gc,phases   ] GC(67)   Pre Evacuate Collection Set: 50.9ms
[2026-01-16T08:19:23.872+0000][gc,phases   ] GC(67)   Merge Heap Roots: 15.4ms
[2026-01-16T08:19:23.872+0000][gc,phases   ] GC(67)   Evacuate Collection Set: 100.1ms
[2026-01-16T08:19:23.872+0000][gc,phases   ] GC(67)   Post Evacuate Collection Set: 25.2ms
[2026-01-16T08:19:23.874+0000][gc,phases   ] GC(67)   Other: 18.3ms
[2026-01-16T08:19:23.875+0000][gc,heap     ] GC(67) Eden regions: 80->0(96)
[2026-01-16T08:19:23.875+0000][gc,heap     ] GC(67) Survivor regions: 3->3(11)
[2026-01-16T08:19:23.876+0000][gc,heap     ] GC(67) Old regions: 23->23
[2026-01-16T08:19:23.876+0000][gc,heap     ] GC(67) Humongous regions: 33->33
[2026-01-16T08:19:23.876+0000][gc,metaspace] GC(67) Metaspace: 10736K(11008K)->10736K(11008K) NonClass: 9711K(9856K)->9711K(9856K) Class: 1024K(1152K)->1024K(1152K)
[2026-01-16T08:19:23.877+0000][gc          ] GC(67) Pause Young (Normal) (G1 Evacuation Pause) 138M->58M(1024M) 223.255ms
[2026-01-16T08:19:23.883+0000][gc,cpu      ] GC(67) User=0.13s Sys=0.01s Real=0.23s
[2026-01-16T08:19:36.504+0000][gc,start    ] GC(68) Pause Young (Normal) (G1 Evacuation Pause)
[2026-01-16T08:19:36.553+0000][gc,task     ] GC(68) Using 8 workers of 8 for evacuation
[2026-01-16T08:19:38.253+0000][gc,mmu      ] GC(68) MMU target violated: 201.0ms (200.0ms/201.0ms)
[2026-01-16T08:19:38.258+0000][gc,phases   ] GC(68)   Pre Evacuate Collection Set: 36.6ms
[2026-01-16T08:19:38.258+0000][gc,phases   ] GC(68)   Merge Heap Roots: 0.7ms
[2026-01-16T08:19:38.260+0000][gc,phases   ] GC(68)   Evacuate Collection Set: 1526.7ms
[2026-01-16T08:19:38.261+0000][gc,phases   ] GC(68)   Post Evacuate Collection Set: 123.9ms
[2026-01-16T08:19:38.262+0000][gc,phases   ] GC(68)   Other: 41.5ms
[2026-01-16T08:19:38.263+0000][gc,heap     ] GC(68) Eden regions: 96->0(47)
[2026-01-16T08:19:38.265+0000][gc,heap     ] GC(68) Survivor regions: 3->4(13)
[2026-01-16T08:19:38.270+0000][gc,heap     ] GC(68) Old regions: 23->24
[2026-01-16T08:19:38.272+0000][gc,heap     ] GC(68) Humongous regions: 33->33
[2026-01-16T08:19:38.273+0000][gc,metaspace] GC(68) Metaspace: 10739K(11072K)->10739K(11072K) NonClass: 9715K(9920K)->9715K(9920K) Class: 1024K(1152K)->1024K(1152K)
[2026-01-16T08:19:38.276+0000][gc          ] GC(68) Pause Young (Normal) (G1 Evacuation Pause) 154M->59M(1024M) 1771.859ms
[2026-01-16T08:19:38.277+0000][gc,cpu      ] GC(68) User=0.97s Sys=0.15s Real=1.78s
[2026-01-16T08:19:50.642+0000][gc,start    ] GC(69) Pause Young (Normal) (G1 Evacuation Pause)
[2026-01-16T08:19:50.643+0000][gc,task     ] GC(69) Using 8 workers of 8 for evacuation
[2026-01-16T08:19:51.569+0000][gc,mmu      ] GC(69) MMU target violated: 201.0ms (200.0ms/201.0ms)
[2026-01-16T08:19:51.572+0000][gc,phases   ] GC(69)   Pre Evacuate Collection Set: 37.1ms
[2026-01-16T08:19:51.573+0000][gc,phases   ] GC(69)   Merge Heap Roots: 9.9ms
[2026-01-16T08:19:51.575+0000][gc,phases   ] GC(69)   Evacuate Collection Set: 764.3ms
[2026-01-16T08:19:51.575+0000][gc,phases   ] GC(69)   Post Evacuate Collection Set: 112.8ms
[2026-01-16T08:19:51.575+0000][gc,phases   ] GC(69)   Other: 5.2ms
[2026-01-16T08:19:51.576+0000][gc,heap     ] GC(69) Eden regions: 47->0(48)
[2026-01-16T08:19:51.576+0000][gc,heap     ] GC(69) Survivor regions: 4->3(7)
[2026-01-16T08:19:51.576+0000][gc,heap     ] GC(69) Old regions: 24->24
[2026-01-16T08:19:51.578+0000][gc,heap     ] GC(69) Humongous regions: 33->33
[2026-01-16T08:19:51.578+0000][gc,metaspace] GC(69) Metaspace: 10769K(11072K)->10769K(11072K) NonClass: 9742K(9920K)->9742K(9920K) Class: 1027K(1152K)->1027K(1152K)
[2026-01-16T08:19:51.584+0000][gc          ] GC(69) Pause Young (Normal) (G1 Evacuation Pause) 106M->58M(1024M) 942.747ms
[2026-01-16T08:19:51.585+0000][gc,cpu      ] GC(69) User=0.44s Sys=0.07s Real=0.94s
[2026-01-16T08:20:02.055+0000][gc,start    ] GC(70) Pause Young (Normal) (G1 Evacuation Pause)
[2026-01-16T08:20:02.173+0000][gc,task     ] GC(70) Using 8 workers of 8 for evacuation
[2026-01-16T08:20:03.915+0000][gc,mmu      ] GC(70) MMU target violated: 201.0ms (200.0ms/201.0ms)
[2026-01-16T08:20:03.920+0000][gc,phases   ] GC(70)   Pre Evacuate Collection Set: 181.8ms
[2026-01-16T08:20:03.927+0000][gc,phases   ] GC(70)   Merge Heap Roots: 29.5ms
[2026-01-16T08:20:03.929+0000][gc,phases   ] GC(70)   Evacuate Collection Set: 1363.4ms
[2026-01-16T08:20:03.930+0000][gc,phases   ] GC(70)   Post Evacuate Collection Set: 105.2ms
[2026-01-16T08:20:03.934+0000][gc,phases   ] GC(70)   Other: 148.2ms
[2026-01-16T08:20:03.940+0000][gc,heap     ] GC(70) Eden regions: 48->0(48)
[2026-01-16T08:20:03.940+0000][gc,heap     ] GC(70) Survivor regions: 3->3(7)
[2026-01-16T08:20:03.940+0000][gc,heap     ] GC(70) Old regions: 24->24
[2026-01-16T08:20:03.941+0000][gc,heap     ] GC(70) Humongous regions: 33->33
[2026-01-16T08:20:03.944+0000][gc,metaspace] GC(70) Metaspace: 10792K(11072K)->10792K(11072K) NonClass: 9762K(9920K)->9762K(9920K) Class: 1030K(1152K)->1030K(1152K)
[2026-01-16T08:20:04.002+0000][gc          ] GC(70) Pause Young (Normal) (G1 Evacuation Pause) 106M->59M(1024M) 1901.177ms
[2026-01-16T08:20:04.003+0000][gc,cpu      ] GC(70) User=0.68s Sys=0.09s Real=1.95s
[2026-01-16T08:20:09.752+0000][gc,start    ] GC(71) Pause Young (Normal) (G1 Evacuation Pause)
[2026-01-16T08:20:09.814+0000][gc,task     ] GC(71) Using 8 workers of 8 for evacuation
[2026-01-16T08:20:11.395+0000][gc,mmu      ] GC(71) MMU target violated: 201.0ms (200.0ms/201.0ms)
[2026-01-16T08:20:11.396+0000][gc,phases   ] GC(71)   Pre Evacuate Collection Set: 111.2ms
[2026-01-16T08:20:11.402+0000][gc,phases   ] GC(71)   Merge Heap Roots: 0.5ms
[2026-01-16T08:20:11.408+0000][gc,phases   ] GC(71)   Evacuate Collection Set: 1331.2ms
[2026-01-16T08:20:11.411+0000][gc,phases   ] GC(71)   Post Evacuate Collection Set: 136.5ms
[2026-01-16T08:20:11.414+0000][gc,phases   ] GC(71)   Other: 3.2ms
[2026-01-16T08:20:11.417+0000][gc,heap     ] GC(71) Eden regions: 48->0(47)
[2026-01-16T08:20:11.417+0000][gc,heap     ] GC(71) Survivor regions: 3->4(7)
[2026-01-16T08:20:11.419+0000][gc,heap     ] GC(71) Old regions: 24->24
[2026-01-16T08:20:11.420+0000][gc,heap     ] GC(71) Humongous regions: 35->35
[2026-01-16T08:20:11.421+0000][gc,metaspace] GC(71) Metaspace: 10822K(11136K)->10822K(11136K) NonClass: 9790K(9984K)->9790K(9984K) Class: 1032K(1152K)->1032K(1152K)
[2026-01-16T08:20:11.421+0000][gc          ] GC(71) Pause Young (Normal) (G1 Evacuation Pause) 109M->62M(1024M) 1669.322ms
[2026-01-16T08:20:11.422+0000][gc,cpu      ] GC(71) User=0.56s Sys=0.07s Real=1.67s
[2026-01-16T08:20:18.003+0000][gc,start    ] GC(72) Pause Young (Normal) (G1 Evacuation Pause)
[2026-01-16T08:20:18.023+0000][gc,task     ] GC(72) Using 8 workers of 8 for evacuation
[2026-01-16T08:20:19.078+0000][gc,mmu      ] GC(72) MMU target violated: 201.0ms (200.0ms/201.0ms)
[2026-01-16T08:20:19.079+0000][gc,phases   ] GC(72)   Pre Evacuate Collection Set: 53.5ms
[2026-01-16T08:20:19.079+0000][gc,phases   ] GC(72)   Merge Heap Roots: 26.9ms
[2026-01-16T08:20:19.080+0000][gc,phases   ] GC(72)   Evacuate Collection Set: 952.5ms
[2026-01-16T08:20:19.080+0000][gc,phases   ] GC(72)   Post Evacuate Collection Set: 14.8ms
[2026-01-16T08:20:19.082+0000][gc,phases   ] GC(72)   Other: 8.6ms
[2026-01-16T08:20:19.087+0000][gc,heap     ] GC(72) Eden regions: 47->0(46)
[2026-01-16T08:20:19.099+0000][gc,heap     ] GC(72) Survivor regions: 4->5(7)
[2026-01-16T08:20:19.102+0000][gc,heap     ] GC(72) Old regions: 24->24
[2026-01-16T08:20:19.102+0000][gc,heap     ] GC(72) Humongous regions: 37->37
[2026-01-16T08:20:19.102+0000][gc,metaspace] GC(72) Metaspace: 10828K(11136K)->10828K(11136K) NonClass: 9796K(9984K)->9796K(9984K) Class: 1032K(1152K)->1032K(1152K)
[2026-01-16T08:20:19.102+0000][gc          ] GC(72) Pause Young (Normal) (G1 Evacuation Pause) 111M->64M(1024M) 1099.047ms
[2026-01-16T08:20:19.102+0000][gc,cpu      ] GC(72) User=0.40s Sys=0.05s Real=1.10s
[2026-01-16T08:20:24.684+0000][gc,start    ] GC(73) Pause Young (Normal) (G1 Evacuation Pause)
[2026-01-16T08:20:24.691+0000][gc,task     ] GC(73) Using 8 workers of 8 for evacuation
[2026-01-16T08:20:25.315+0000][gc,mmu      ] GC(73) MMU target violated: 201.0ms (200.0ms/201.0ms)
[2026-01-16T08:20:25.317+0000][gc,phases   ] GC(73)   Pre Evacuate Collection Set: 44.1ms
[2026-01-16T08:20:25.319+0000][gc,phases   ] GC(73)   Merge Heap Roots: 5.3ms
[2026-01-16T08:20:25.319+0000][gc,phases   ] GC(73)   Evacuate Collection Set: 505.4ms
[2026-01-16T08:20:25.319+0000][gc,phases   ] GC(73)   Post Evacuate Collection Set: 21.9ms
[2026-01-16T08:20:25.320+0000][gc,phases   ] GC(73)   Other: 49.4ms
[2026-01-16T08:20:25.320+0000][gc,heap     ] GC(73) Eden regions: 46->0(46)
[2026-01-16T08:20:25.320+0000][gc,heap     ] GC(73) Survivor regions: 5->5(7)
[2026-01-16T08:20:25.322+0000][gc,heap     ] GC(73) Old regions: 24->25
[2026-01-16T08:20:25.322+0000][gc,heap     ] GC(73) Humongous regions: 39->39
[2026-01-16T08:20:25.322+0000][gc,metaspace] GC(73) Metaspace: 10855K(11200K)->10855K(11200K) NonClass: 9823K(10048K)->9823K(10048K) Class: 1032K(1152K)->1032K(1152K)
[2026-01-16T08:20:25.334+0000][gc          ] GC(73) Pause Young (Normal) (G1 Evacuation Pause) 112M->67M(1024M) 650.305ms
[2026-01-16T08:20:25.355+0000][gc,cpu      ] GC(73) User=0.34s Sys=0.07s Real=0.67s
[2026-01-16T08:20:29.236+0000][gc,start    ] GC(74) Pause Young (Normal) (G1 Evacuation Pause)
[2026-01-16T08:20:29.243+0000][gc,task     ] GC(74) Using 8 workers of 8 for evacuation
[2026-01-16T08:20:29.658+0000][gc,mmu      ] GC(74) MMU target violated: 201.0ms (200.0ms/201.0ms)
[2026-01-16T08:20:29.660+0000][gc,phases   ] GC(74)   Pre Evacuate Collection Set: 42.2ms
[2026-01-16T08:20:29.660+0000][gc,phases   ] GC(74)   Merge Heap Roots: 5.2ms
[2026-01-16T08:20:29.660+0000][gc,phases   ] GC(74)   Evacuate Collection Set: 352.1ms
[2026-01-16T08:20:29.662+0000][gc,phases   ] GC(74)   Post Evacuate Collection Set: 10.8ms
[2026-01-16T08:20:29.665+0000][gc,phases   ] GC(74)   Other: 9.1ms
[2026-01-16T08:20:29.665+0000][gc,heap     ] GC(74) Eden regions: 46->0(46)
[2026-01-16T08:20:29.665+0000][gc,heap     ] GC(74) Survivor regions: 5->5(7)
[2026-01-16T08:20:29.666+0000][gc,heap     ] GC(74) Old regions: 25->25
[2026-01-16T08:20:29.666+0000][gc,heap     ] GC(74) Humongous regions: 39->39
[2026-01-16T08:20:29.666+0000][gc,metaspace] GC(74) Metaspace: 10876K(11264K)->10876K(11264K) NonClass: 9842K(10048K)->9842K(10048K) Class: 1034K(1216K)->1034K(1216K)
[2026-01-16T08:20:29.667+0000][gc          ] GC(74) Pause Young (Normal) (G1 Evacuation Pause) 113M->68M(1024M) 431.363ms
[2026-01-16T08:20:29.668+0000][gc,cpu      ] GC(74) User=0.20s Sys=0.07s Real=0.43s
[2026-01-16T08:20:30.728+0000][gc,start    ] GC(75) Pause Young (Normal) (G1 Evacuation Pause)
[2026-01-16T08:20:30.749+0000][gc,task     ] GC(75) Using 8 workers of 8 for evacuation
[2026-01-16T08:20:30.998+0000][gc,mmu      ] GC(75) MMU target violated: 201.0ms (200.0ms/201.0ms)
[2026-01-16T08:20:31.000+0000][gc,phases   ] GC(75)   Pre Evacuate Collection Set: 3.1ms
[2026-01-16T08:20:31.001+0000][gc,phases   ] GC(75)   Merge Heap Roots: 0.5ms
[2026-01-16T08:20:31.003+0000][gc,phases   ] GC(75)   Evacuate Collection Set: 240.6ms
[2026-01-16T08:20:31.004+0000][gc,phases   ] GC(75)   Post Evacuate Collection Set: 3.0ms
[2026-01-16T08:20:31.005+0000][gc,phases   ] GC(75)   Other: 4.5ms
[2026-01-16T08:20:31.006+0000][gc,heap     ] GC(75) Eden regions: 46->0(46)
[2026-01-16T08:20:31.009+0000][gc,heap     ] GC(75) Survivor regions: 5->5(7)
[2026-01-16T08:20:31.010+0000][gc,heap     ] GC(75) Old regions: 25->26
[2026-01-16T08:20:31.012+0000][gc,heap     ] GC(75) Humongous regions: 39->39
[2026-01-16T08:20:31.014+0000][gc,metaspace] GC(75) Metaspace: 10877K(11264K)->10877K(11264K) NonClass: 9843K(10048K)->9843K(10048K) Class: 1034K(1216K)->1034K(1216K)
[2026-01-16T08:20:31.017+0000][gc          ] GC(75) Pause Young (Normal) (G1 Evacuation Pause) 114M->68M(1024M) 289.149ms
[2026-01-16T08:20:31.019+0000][gc,cpu      ] GC(75) User=0.06s Sys=0.05s Real=0.29s
[2026-01-16T08:20:32.557+0000][gc,start    ] GC(76) Pause Young (Normal) (G1 Evacuation Pause)
[2026-01-16T08:20:32.560+0000][gc,task     ] GC(76) Using 8 workers of 8 for evacuation
[2026-01-16T08:20:33.065+0000][gc,mmu      ] GC(76) MMU target violated: 201.0ms (200.0ms/201.0ms)
[2026-01-16T08:20:33.075+0000][gc,phases   ] GC(76)   Pre Evacuate Collection Set: 13.4ms
[2026-01-16T08:20:33.109+0000][gc,phases   ] GC(76)   Merge Heap Roots: 0.2ms
[2026-01-16T08:20:33.110+0000][gc,phases   ] GC(76)   Evacuate Collection Set: 476.2ms
[2026-01-16T08:20:33.112+0000][gc,phases   ] GC(76)   Post Evacuate Collection Set: 12.4ms
[2026-01-16T08:20:33.112+0000][gc,phases   ] GC(76)   Other: 12.8ms
[2026-01-16T08:20:33.113+0000][gc,heap     ] GC(76) Eden regions: 46->0(46)
[2026-01-16T08:20:33.113+0000][gc,heap     ] GC(76) Survivor regions: 5->5(7)
[2026-01-16T08:20:33.113+0000][gc,heap     ] GC(76) Old regions: 26->27
[2026-01-16T08:20:33.118+0000][gc,heap     ] GC(76) Humongous regions: 48->48
[2026-01-16T08:20:33.118+0000][gc,metaspace] GC(76) Metaspace: 10880K(11264K)->10880K(11264K) NonClass: 9846K(10048K)->9846K(10048K) Class: 1034K(1216K)->1034K(1216K)
[2026-01-16T08:20:33.121+0000][gc          ] GC(76) Pause Young (Normal) (G1 Evacuation Pause) 123M->78M(1024M) 564.050ms
[2026-01-16T08:20:33.122+0000][gc,cpu      ] GC(76) User=0.26s Sys=0.06s Real=0.56s
[2026-01-16T08:20:36.319+0000][gc,start    ] GC(77) Pause Young (Normal) (G1 Evacuation Pause)
[2026-01-16T08:20:36.351+0000][gc,task     ] GC(77) Using 8 workers of 8 for evacuation
[2026-01-16T08:20:37.197+0000][gc,mmu      ] GC(77) MMU target violated: 201.0ms (200.0ms/201.0ms)
[2026-01-16T08:20:37.199+0000][gc,phases   ] GC(77)   Pre Evacuate Collection Set: 49.9ms
[2026-01-16T08:20:37.202+0000][gc,phases   ] GC(77)   Merge Heap Roots: 27.7ms
[2026-01-16T08:20:37.203+0000][gc,phases   ] GC(77)   Evacuate Collection Set: 675.2ms
[2026-01-16T08:20:37.204+0000][gc,phases   ] GC(77)   Post Evacuate Collection Set: 81.1ms
[2026-01-16T08:20:37.205+0000][gc,phases   ] GC(77)   Other: 14.3ms
[2026-01-16T08:20:37.205+0000][gc,heap     ] GC(77) Eden regions: 46->0(47)
[2026-01-16T08:20:37.207+0000][gc,heap     ] GC(77) Survivor regions: 5->4(7)
[2026-01-16T08:20:37.207+0000][gc,heap     ] GC(77) Old regions: 27->28
[2026-01-16T08:20:37.219+0000][gc,heap     ] GC(77) Humongous regions: 48->48
[2026-01-16T08:20:37.222+0000][gc,metaspace] GC(77) Metaspace: 10884K(11264K)->10884K(11264K) NonClass: 9850K(10048K)->9850K(10048K) Class: 1034K(1216K)->1034K(1216K)
[2026-01-16T08:20:37.222+0000][gc          ] GC(77) Pause Young (Normal) (G1 Evacuation Pause) 124M->79M(1024M) 903.530ms
[2026-01-16T08:20:37.223+0000][gc,cpu      ] GC(77) User=0.32s Sys=0.03s Real=0.90s
[2026-01-16T08:20:40.300+0000][gc,start    ] GC(78) Pause Young (Normal) (G1 Evacuation Pause)
[2026-01-16T08:20:40.331+0000][gc,task     ] GC(78) Using 8 workers of 8 for evacuation
[2026-01-16T08:20:41.707+0000][gc,mmu      ] GC(78) MMU target violated: 201.0ms (200.0ms/201.0ms)
[2026-01-16T08:20:41.719+0000][gc,phases   ] GC(78)   Pre Evacuate Collection Set: 83.9ms
[2026-01-16T08:20:41.773+0000][gc,phases   ] GC(78)   Merge Heap Roots: 15.8ms
[2026-01-16T08:20:41.774+0000][gc,phases   ] GC(78)   Evacuate Collection Set: 1182.6ms
[2026-01-16T08:20:41.791+0000][gc,phases   ] GC(78)   Post Evacuate Collection Set: 88.8ms
[2026-01-16T08:20:41.794+0000][gc,phases   ] GC(78)   Other: 16.9ms
[2026-01-16T08:20:41.796+0000][gc,heap     ] GC(78) Eden regions: 47->0(46)
[2026-01-16T08:20:41.799+0000][gc,heap     ] GC(78) Survivor regions: 4->5(7)
[2026-01-16T08:20:41.799+0000][gc,heap     ] GC(78) Old regions: 28->28
[2026-01-16T08:20:41.801+0000][gc,heap     ] GC(78) Humongous regions: 48->48
[2026-01-16T08:20:41.801+0000][gc,metaspace] GC(78) Metaspace: 10889K(11264K)->10889K(11264K) NonClass: 9855K(10048K)->9855K(10048K) Class: 1034K(1216K)->1034K(1216K)
[2026-01-16T08:20:41.802+0000][gc          ] GC(78) Pause Young (Normal) (G1 Evacuation Pause) 126M->79M(1024M) 1502.369ms
[2026-01-16T08:20:41.802+0000][gc,cpu      ] GC(78) User=0.39s Sys=0.07s Real=1.50s
[2026-01-16T08:20:46.631+0000][gc,start    ] GC(79) Pause Young (Normal) (G1 Evacuation Pause)
[2026-01-16T08:20:46.634+0000][gc,task     ] GC(79) Using 8 workers of 8 for evacuation
[2026-01-16T08:20:47.523+0000][gc,mmu      ] GC(79) MMU target violated: 201.0ms (200.0ms/201.0ms)
[2026-01-16T08:20:47.531+0000][gc,phases   ] GC(79)   Pre Evacuate Collection Set: 68.0ms
[2026-01-16T08:20:47.532+0000][gc,phases   ] GC(79)   Merge Heap Roots: 4.4ms
[2026-01-16T08:20:47.540+0000][gc,phases   ] GC(79)   Evacuate Collection Set: 719.4ms
[2026-01-16T08:20:47.541+0000][gc,phases   ] GC(79)   Post Evacuate Collection Set: 81.9ms
[2026-01-16T08:20:47.541+0000][gc,phases   ] GC(79)   Other: 24.0ms
[2026-01-16T08:20:47.541+0000][gc,heap     ] GC(79) Eden regions: 46->0(46)
[2026-01-16T08:20:47.541+0000][gc,heap     ] GC(79) Survivor regions: 5->5(7)
[2026-01-16T08:20:47.542+0000][gc,heap     ] GC(79) Old regions: 28->29
[2026-01-16T08:20:47.542+0000][gc,heap     ] GC(79) Humongous regions: 50->50
[2026-01-16T08:20:47.542+0000][gc,metaspace] GC(79) Metaspace: 10892K(11264K)->10892K(11264K) NonClass: 9858K(10048K)->9858K(10048K) Class: 1034K(1216K)->1034K(1216K)
[2026-01-16T08:20:47.547+0000][gc          ] GC(79) Pause Young (Normal) (G1 Evacuation Pause) 127M->82M(1024M) 915.269ms
[2026-01-16T08:20:47.547+0000][gc,cpu      ] GC(79) User=0.43s Sys=0.06s Real=0.92s
[2026-01-16T08:20:52.109+0000][gc,start    ] GC(80) Pause Young (Normal) (GCLocker Initiated GC)
[2026-01-16T08:20:52.173+0000][gc,task     ] GC(80) Using 8 workers of 8 for evacuation
[2026-01-16T08:20:54.495+0000][gc,mmu      ] GC(80) MMU target violated: 201.0ms (200.0ms/201.0ms)
[2026-01-16T08:20:54.513+0000][gc,phases   ] GC(80)   Pre Evacuate Collection Set: 195.9ms
[2026-01-16T08:20:54.513+0000][gc,phases   ] GC(80)   Merge Heap Roots: 8.8ms
[2026-01-16T08:20:54.514+0000][gc,phases   ] GC(80)   Evacuate Collection Set: 1941.1ms
[2026-01-16T08:20:54.514+0000][gc,phases   ] GC(80)   Post Evacuate Collection Set: 113.8ms
[2026-01-16T08:20:54.514+0000][gc,phases   ] GC(80)   Other: 75.4ms
[2026-01-16T08:20:54.514+0000][gc,heap     ] GC(80) Eden regions: 47->0(47)
[2026-01-16T08:20:54.514+0000][gc,heap     ] GC(80) Survivor regions: 5->4(7)
[2026-01-16T08:20:54.515+0000][gc,heap     ] GC(80) Old regions: 29->30
[2026-01-16T08:20:54.515+0000][gc,heap     ] GC(80) Humongous regions: 50->50
[2026-01-16T08:20:54.515+0000][gc,metaspace] GC(80) Metaspace: 10898K(11264K)->10898K(11264K) NonClass: 9864K(10048K)->9864K(10048K) Class: 1034K(1216K)->1034K(1216K)
[2026-01-16T08:20:54.516+0000][gc          ] GC(80) Pause Young (Normal) (GCLocker Initiated GC) 129M->82M(1024M) 2407.025ms
[2026-01-16T08:20:54.517+0000][gc,cpu      ] GC(80) User=0.75s Sys=0.10s Real=2.41s
[2026-01-16T08:21:00.270+0000][gc,start    ] GC(81) Pause Young (Normal) (G1 Evacuation Pause)
[2026-01-16T08:21:00.270+0000][gc,task     ] GC(81) Using 8 workers of 8 for evacuation
[2026-01-16T08:21:01.395+0000][gc,mmu      ] GC(81) MMU target violated: 201.0ms (200.0ms/201.0ms)
[2026-01-16T08:21:01.398+0000][gc,phases   ] GC(81)   Pre Evacuate Collection Set: 80.6ms
[2026-01-16T08:21:01.400+0000][gc,phases   ] GC(81)   Merge Heap Roots: 0.3ms
[2026-01-16T08:21:01.400+0000][gc,phases   ] GC(81)   Evacuate Collection Set: 987.3ms
[2026-01-16T08:21:01.405+0000][gc,phases   ] GC(81)   Post Evacuate Collection Set: 55.6ms
[2026-01-16T08:21:01.407+0000][gc,phases   ] GC(81)   Other: 2.8ms
[2026-01-16T08:21:01.407+0000][gc,heap     ] GC(81) Eden regions: 47->0(46)
[2026-01-16T08:21:01.408+0000][gc,heap     ] GC(81) Survivor regions: 4->5(7)
[2026-01-16T08:21:01.408+0000][gc,heap     ] GC(81) Old regions: 30->30
[2026-01-16T08:21:01.408+0000][gc,heap     ] GC(81) Humongous regions: 52->52
[2026-01-16T08:21:01.411+0000][gc,metaspace] GC(81) Metaspace: 10900K(11264K)->10900K(11264K) NonClass: 9866K(10048K)->9866K(10048K) Class: 1034K(1216K)->1034K(1216K)
[2026-01-16T08:21:01.414+0000][gc          ] GC(81) Pause Young (Normal) (G1 Evacuation Pause) 131M->86M(1024M) 1143.656ms
[2026-01-16T08:21:01.414+0000][gc,cpu      ] GC(81) User=0.50s Sys=0.10s Real=1.15s
[2026-01-16T08:21:07.748+0000][gc,start    ] GC(82) Pause Young (Normal) (G1 Evacuation Pause)
[2026-01-16T08:21:07.754+0000][gc,task     ] GC(82) Using 8 workers of 8 for evacuation
[2026-01-16T08:21:09.125+0000][gc,mmu      ] GC(82) MMU target violated: 201.0ms (200.0ms/201.0ms)
[2026-01-16T08:21:09.132+0000][gc,phases   ] GC(82)   Pre Evacuate Collection Set: 75.1ms
[2026-01-16T08:21:09.133+0000][gc,phases   ] GC(82)   Merge Heap Roots: 9.0ms
[2026-01-16T08:21:09.133+0000][gc,phases   ] GC(82)   Evacuate Collection Set: 1246.3ms
[2026-01-16T08:21:09.133+0000][gc,phases   ] GC(82)   Post Evacuate Collection Set: 28.4ms
[2026-01-16T08:21:09.134+0000][gc,phases   ] GC(82)   Other: 19.2ms
[2026-01-16T08:21:09.134+0000][gc,heap     ] GC(82) Eden regions: 46->0(47)
[2026-01-16T08:21:09.138+0000][gc,heap     ] GC(82) Survivor regions: 5->4(7)
[2026-01-16T08:21:09.138+0000][gc,heap     ] GC(82) Old regions: 30->32
[2026-01-16T08:21:09.140+0000][gc,heap     ] GC(82) Humongous regions: 52->52
[2026-01-16T08:21:09.143+0000][gc,metaspace] GC(82) Metaspace: 10902K(11264K)->10902K(11264K) NonClass: 9868K(10048K)->9868K(10048K) Class: 1034K(1216K)->1034K(1216K)
[2026-01-16T08:21:09.150+0000][gc          ] GC(82) Pause Young (Normal) (G1 Evacuation Pause) 132M->86M(1024M) 1402.764ms
[2026-01-16T08:21:09.154+0000][gc,cpu      ] GC(82) User=0.66s Sys=0.10s Real=1.41s
[2026-01-16T08:21:12.399+0000][gc,start    ] GC(83) Pause Young (Normal) (G1 Evacuation Pause)
[2026-01-16T08:21:12.422+0000][gc,task     ] GC(83) Using 8 workers of 8 for evacuation
[2026-01-16T08:21:13.510+0000][gc,mmu      ] GC(83) MMU target violated: 201.0ms (200.0ms/201.0ms)
[2026-01-16T08:21:13.525+0000][gc,phases   ] GC(83)   Pre Evacuate Collection Set: 80.8ms
[2026-01-16T08:21:13.561+0000][gc,phases   ] GC(83)   Merge Heap Roots: 1.4ms
[2026-01-16T08:21:13.572+0000][gc,phases   ] GC(83)   Evacuate Collection Set: 944.7ms
[2026-01-16T08:21:13.595+0000][gc,phases   ] GC(83)   Post Evacuate Collection Set: 35.8ms
[2026-01-16T08:21:13.597+0000][gc,phases   ] GC(83)   Other: 44.4ms
[2026-01-16T08:21:13.597+0000][gc,heap     ] GC(83) Eden regions: 47->0(47)
[2026-01-16T08:21:13.598+0000][gc,heap     ] GC(83) Survivor regions: 4->4(7)
[2026-01-16T08:21:13.598+0000][gc,heap     ] GC(83) Old regions: 32->32
[2026-01-16T08:21:13.598+0000][gc,heap     ] GC(83) Humongous regions: 52->52
[2026-01-16T08:21:13.598+0000][gc,metaspace] GC(83) Metaspace: 10905K(11264K)->10905K(11264K) NonClass: 9871K(10048K)->9871K(10048K) Class: 1034K(1216K)->1034K(1216K)
[2026-01-16T08:21:13.605+0000][gc          ] GC(83) Pause Young (Normal) (G1 Evacuation Pause) 133M->86M(1024M) 1206.430ms
[2026-01-16T08:21:13.611+0000][gc,cpu      ] GC(83) User=0.56s Sys=0.06s Real=1.21s
[2026-01-16T08:21:17.297+0000][gc,start    ] GC(84) Pause Young (Normal) (G1 Evacuation Pause)
[2026-01-16T08:21:17.298+0000][gc,task     ] GC(84) Using 8 workers of 8 for evacuation
[2026-01-16T08:21:19.226+0000][gc,mmu      ] GC(84) MMU target violated: 201.0ms (200.0ms/201.0ms)
[2026-01-16T08:21:19.229+0000][gc,phases   ] GC(84)   Pre Evacuate Collection Set: 100.7ms
[2026-01-16T08:21:19.229+0000][gc,phases   ] GC(84)   Merge Heap Roots: 11.4ms
[2026-01-16T08:21:19.230+0000][gc,phases   ] GC(84)   Evacuate Collection Set: 1704.8ms
[2026-01-16T08:21:19.231+0000][gc,phases   ] GC(84)   Post Evacuate Collection Set: 109.6ms
[2026-01-16T08:21:19.232+0000][gc,phases   ] GC(84)   Other: 4.4ms
[2026-01-16T08:21:19.234+0000][gc,heap     ] GC(84) Eden regions: 47->0(46)
[2026-01-16T08:21:19.236+0000][gc,heap     ] GC(84) Survivor regions: 4->5(7)
[2026-01-16T08:21:19.236+0000][gc,heap     ] GC(84) Old regions: 32->32
[2026-01-16T08:21:19.236+0000][gc,heap     ] GC(84) Humongous regions: 52->52
[2026-01-16T08:21:19.236+0000][gc,metaspace] GC(84) Metaspace: 10918K(11264K)->10918K(11264K) NonClass: 9883K(10048K)->9883K(10048K) Class: 1034K(1216K)->1034K(1216K)
[2026-01-16T08:21:19.237+0000][gc          ] GC(84) Pause Young (Normal) (G1 Evacuation Pause) 133M->87M(1024M) 1940.478ms
[2026-01-16T08:21:19.243+0000][gc,cpu      ] GC(84) User=0.58s Sys=0.09s Real=2.01s
[2026-01-16T08:21:24.225+0000][gc,start    ] GC(85) Pause Young (Normal) (G1 Evacuation Pause)
[2026-01-16T08:21:24.227+0000][gc,task     ] GC(85) Using 8 workers of 8 for evacuation
[2026-01-16T08:21:24.953+0000][gc,mmu      ] GC(85) MMU target violated: 201.0ms (200.0ms/201.0ms)
[2026-01-16T08:21:24.956+0000][gc,phases   ] GC(85)   Pre Evacuate Collection Set: 47.1ms
[2026-01-16T08:21:24.958+0000][gc,phases   ] GC(85)   Merge Heap Roots: 5.0ms
[2026-01-16T08:21:24.960+0000][gc,phases   ] GC(85)   Evacuate Collection Set: 630.2ms
[2026-01-16T08:21:24.962+0000][gc,phases   ] GC(85)   Post Evacuate Collection Set: 37.4ms
[2026-01-16T08:21:24.963+0000][gc,phases   ] GC(85)   Other: 9.9ms
[2026-01-16T08:21:24.964+0000][gc,heap     ] GC(85) Eden regions: 46->0(46)
[2026-01-16T08:21:24.964+0000][gc,heap     ] GC(85) Survivor regions: 5->5(7)
[2026-01-16T08:21:24.964+0000][gc,heap     ] GC(85) Old regions: 32->33
[2026-01-16T08:21:24.965+0000][gc,heap     ] GC(85) Humongous regions: 54->54
[2026-01-16T08:21:24.965+0000][gc,metaspace] GC(85) Metaspace: 10920K(11264K)->10920K(11264K) NonClass: 9885K(10048K)->9885K(10048K) Class: 1034K(1216K)->1034K(1216K)
[2026-01-16T08:21:24.966+0000][gc          ] GC(85) Pause Young (Normal) (G1 Evacuation Pause) 135M->90M(1024M) 741.100ms
[2026-01-16T08:21:24.966+0000][gc,cpu      ] GC(85) User=0.30s Sys=0.04s Real=0.74s
[2026-01-16T08:21:29.270+0000][gc,start    ] GC(86) Pause Young (Normal) (G1 Evacuation Pause)
[2026-01-16T08:21:29.274+0000][gc,task     ] GC(86) Using 8 workers of 8 for evacuation
[2026-01-16T08:21:30.231+0000][gc,mmu      ] GC(86) MMU target violated: 201.0ms (200.0ms/201.0ms)
[2026-01-16T08:21:30.232+0000][gc,phases   ] GC(86)   Pre Evacuate Collection Set: 178.2ms
[2026-01-16T08:21:30.235+0000][gc,phases   ] GC(86)   Merge Heap Roots: 1.1ms
[2026-01-16T08:21:30.237+0000][gc,phases   ] GC(86)   Evacuate Collection Set: 689.8ms
[2026-01-16T08:21:30.237+0000][gc,phases   ] GC(86)   Post Evacuate Collection Set: 70.3ms
[2026-01-16T08:21:30.237+0000][gc,phases   ] GC(86)   Other: 19.1ms
[2026-01-16T08:21:30.237+0000][gc,heap     ] GC(86) Eden regions: 46->0(47)
[2026-01-16T08:21:30.237+0000][gc,heap     ] GC(86) Survivor regions: 5->4(7)
[2026-01-16T08:21:30.237+0000][gc,heap     ] GC(86) Old regions: 33->34
[2026-01-16T08:21:30.238+0000][gc,heap     ] GC(86) Humongous regions: 54->54
[2026-01-16T08:21:30.238+0000][gc,metaspace] GC(86) Metaspace: 10934K(11264K)->10934K(11264K) NonClass: 9900K(10048K)->9900K(10048K) Class: 1034K(1216K)->1034K(1216K)
[2026-01-16T08:21:30.238+0000][gc          ] GC(86) Pause Young (Normal) (G1 Evacuation Pause) 136M->91M(1024M) 967.704ms
[2026-01-16T08:21:30.238+0000][gc,cpu      ] GC(86) User=0.36s Sys=0.08s Real=0.97s
[2026-01-16T08:21:34.012+0000][gc,start    ] GC(87) Pause Young (Normal) (G1 Evacuation Pause)
[2026-01-16T08:21:34.054+0000][gc,task     ] GC(87) Using 8 workers of 8 for evacuation
[2026-01-16T08:21:34.974+0000][gc,mmu      ] GC(87) MMU target violated: 201.0ms (200.0ms/201.0ms)
[2026-01-16T08:21:34.980+0000][gc,phases   ] GC(87)   Pre Evacuate Collection Set: 117.5ms
[2026-01-16T08:21:34.982+0000][gc,phases   ] GC(87)   Merge Heap Roots: 16.9ms
[2026-01-16T08:21:34.984+0000][gc,phases   ] GC(87)   Evacuate Collection Set: 743.9ms
[2026-01-16T08:21:34.991+0000][gc,phases   ] GC(87)   Post Evacuate Collection Set: 19.1ms
[2026-01-16T08:21:34.992+0000][gc,phases   ] GC(87)   Other: 30.0ms
[2026-01-16T08:21:34.992+0000][gc,heap     ] GC(87) Eden regions: 47->0(46)
[2026-01-16T08:21:34.992+0000][gc,heap     ] GC(87) Survivor regions: 4->5(7)
[2026-01-16T08:21:34.993+0000][gc,heap     ] GC(87) Old regions: 34->34
[2026-01-16T08:21:34.993+0000][gc,heap     ] GC(87) Humongous regions: 54->54
[2026-01-16T08:21:34.993+0000][gc,metaspace] GC(87) Metaspace: 10941K(11264K)->10941K(11264K) NonClass: 9906K(10048K)->9906K(10048K) Class: 1034K(1216K)->1034K(1216K)
[2026-01-16T08:21:34.994+0000][gc          ] GC(87) Pause Young (Normal) (G1 Evacuation Pause) 138M->91M(1024M) 981.069ms
[2026-01-16T08:21:34.996+0000][gc,cpu      ] GC(87) User=0.25s Sys=0.04s Real=0.98s
[2026-01-16T08:21:40.556+0000][gc,start    ] GC(88) Pause Young (Normal) (G1 Evacuation Pause)
[2026-01-16T08:21:40.591+0000][gc,task     ] GC(88) Using 8 workers of 8 for evacuation
[2026-01-16T08:21:41.331+0000][gc,mmu      ] GC(88) MMU target violated: 201.0ms (200.0ms/201.0ms)
[2026-01-16T08:21:41.331+0000][gc,phases   ] GC(88)   Pre Evacuate Collection Set: 54.3ms
[2026-01-16T08:21:41.331+0000][gc,phases   ] GC(88)   Merge Heap Roots: 4.5ms
[2026-01-16T08:21:41.333+0000][gc,phases   ] GC(88)   Evacuate Collection Set: 598.7ms
[2026-01-16T08:21:41.334+0000][gc,phases   ] GC(88)   Post Evacuate Collection Set: 54.7ms
[2026-01-16T08:21:41.334+0000][gc,phases   ] GC(88)   Other: 28.5ms
[2026-01-16T08:21:41.334+0000][gc,heap     ] GC(88) Eden regions: 46->0(46)
[2026-01-16T08:21:41.334+0000][gc,heap     ] GC(88) Survivor regions: 5->5(7)
[2026-01-16T08:21:41.334+0000][gc,heap     ] GC(88) Old regions: 34->35
[2026-01-16T08:21:41.334+0000][gc,heap     ] GC(88) Humongous regions: 54->54
[2026-01-16T08:21:41.334+0000][gc,metaspace] GC(88) Metaspace: 10946K(11264K)->10946K(11264K) NonClass: 9911K(10048K)->9911K(10048K) Class: 1035K(1216K)->1035K(1216K)
[2026-01-16T08:21:41.334+0000][gc          ] GC(88) Pause Young (Normal) (G1 Evacuation Pause) 137M->92M(1024M) 778.600ms
[2026-01-16T08:21:41.334+0000][gc,cpu      ] GC(88) User=0.42s Sys=0.07s Real=0.89s
[2026-01-16T08:21:44.542+0000][gc,start    ] GC(89) Pause Young (Normal) (G1 Evacuation Pause)
[2026-01-16T08:21:44.550+0000][gc,task     ] GC(89) Using 8 workers of 8 for evacuation
[2026-01-16T08:21:45.175+0000][gc,mmu      ] GC(89) MMU target violated: 201.0ms (200.0ms/201.0ms)
[2026-01-16T08:21:45.176+0000][gc,phases   ] GC(89)   Pre Evacuate Collection Set: 79.1ms
[2026-01-16T08:21:45.181+0000][gc,phases   ] GC(89)   Merge Heap Roots: 1.0ms
[2026-01-16T08:21:45.182+0000][gc,phases   ] GC(89)   Evacuate Collection Set: 446.8ms
[2026-01-16T08:21:45.183+0000][gc,phases   ] GC(89)   Post Evacuate Collection Set: 94.7ms
[2026-01-16T08:21:45.183+0000][gc,phases   ] GC(89)   Other: 5.1ms
[2026-01-16T08:21:45.183+0000][gc,heap     ] GC(89) Eden regions: 46->0(46)
[2026-01-16T08:21:45.184+0000][gc,heap     ] GC(89) Survivor regions: 5->5(7)
[2026-01-16T08:21:45.184+0000][gc,heap     ] GC(89) Old regions: 35->35
[2026-01-16T08:21:45.185+0000][gc,heap     ] GC(89) Humongous regions: 54->54
[2026-01-16T08:21:45.188+0000][gc,metaspace] GC(89) Metaspace: 10948K(11264K)->10948K(11264K) NonClass: 9913K(10048K)->9913K(10048K) Class: 1035K(1216K)->1035K(1216K)
[2026-01-16T08:21:45.188+0000][gc          ] GC(89) Pause Young (Normal) (G1 Evacuation Pause) 138M->92M(1024M) 645.827ms
[2026-01-16T08:21:45.188+0000][gc,cpu      ] GC(89) User=0.38s Sys=0.06s Real=0.65s
[2026-01-16T08:21:49.054+0000][gc,start    ] GC(90) Pause Young (Normal) (G1 Evacuation Pause)
[2026-01-16T08:21:49.164+0000][gc,task     ] GC(90) Using 8 workers of 8 for evacuation
[2026-01-16T08:21:50.700+0000][gc,mmu      ] GC(90) MMU target violated: 201.0ms (200.0ms/201.0ms)
[2026-01-16T08:21:50.703+0000][gc,phases   ] GC(90)   Pre Evacuate Collection Set: 230.8ms
[2026-01-16T08:21:50.706+0000][gc,phases   ] GC(90)   Merge Heap Roots: 4.1ms
[2026-01-16T08:21:50.710+0000][gc,phases   ] GC(90)   Evacuate Collection Set: 1197.0ms
[2026-01-16T08:21:50.711+0000][gc,phases   ] GC(90)   Post Evacuate Collection Set: 89.1ms
[2026-01-16T08:21:50.715+0000][gc,phases   ] GC(90)   Other: 112.2ms
[2026-01-16T08:21:50.719+0000][gc,heap     ] GC(90) Eden regions: 46->0(47)
[2026-01-16T08:21:50.721+0000][gc,heap     ] GC(90) Survivor regions: 5->4(7)
[2026-01-16T08:21:50.723+0000][gc,heap     ] GC(90) Old regions: 35->36
[2026-01-16T08:21:50.725+0000][gc,heap     ] GC(90) Humongous regions: 54->54
[2026-01-16T08:21:50.728+0000][gc,metaspace] GC(90) Metaspace: 10948K(11264K)->10948K(11264K) NonClass: 9913K(10048K)->9913K(10048K) Class: 1035K(1216K)->1035K(1216K)
[2026-01-16T08:21:50.728+0000][gc          ] GC(90) Pause Young (Normal) (G1 Evacuation Pause) 138M->93M(1024M) 1674.515ms
[2026-01-16T08:21:50.731+0000][gc,cpu      ] GC(90) User=0.56s Sys=0.10s Real=1.68s
[2026-01-16T08:21:54.732+0000][gc,start    ] GC(91) Pause Young (Normal) (G1 Evacuation Pause)
[2026-01-16T08:21:54.761+0000][gc,task     ] GC(91) Using 8 workers of 8 for evacuation
[2026-01-16T08:21:55.259+0000][gc,mmu      ] GC(91) MMU target violated: 201.0ms (200.0ms/201.0ms)
[2026-01-16T08:21:55.260+0000][gc,phases   ] GC(91)   Pre Evacuate Collection Set: 40.2ms
[2026-01-16T08:21:55.262+0000][gc,phases   ] GC(91)   Merge Heap Roots: 4.9ms
[2026-01-16T08:21:55.263+0000][gc,phases   ] GC(91)   Evacuate Collection Set: 432.9ms
[2026-01-16T08:21:55.265+0000][gc,phases   ] GC(91)   Post Evacuate Collection Set: 15.0ms
[2026-01-16T08:21:55.267+0000][gc,phases   ] GC(91)   Other: 6.2ms
[2026-01-16T08:21:55.268+0000][gc,heap     ] GC(91) Eden regions: 47->0(46)
[2026-01-16T08:21:55.269+0000][gc,heap     ] GC(91) Survivor regions: 4->5(7)
[2026-01-16T08:21:55.270+0000][gc,heap     ] GC(91) Old regions: 36->36
[2026-01-16T08:21:55.271+0000][gc,heap     ] GC(91) Humongous regions: 56->56
[2026-01-16T08:21:55.271+0000][gc,metaspace] GC(91) Metaspace: 10952K(11264K)->10952K(11264K) NonClass: 9917K(10048K)->9917K(10048K) Class: 1035K(1216K)->1035K(1216K)
[2026-01-16T08:21:55.274+0000][gc          ] GC(91) Pause Young (Normal) (G1 Evacuation Pause) 142M->96M(1024M) 541.840ms
[2026-01-16T08:21:55.286+0000][gc,cpu      ] GC(91) User=0.31s Sys=0.04s Real=0.55s
[2026-01-16T08:21:57.007+0000][gc,start    ] GC(92) Pause Young (Normal) (G1 Evacuation Pause)
[2026-01-16T08:21:57.015+0000][gc,task     ] GC(92) Using 8 workers of 8 for evacuation
[2026-01-16T08:21:57.168+0000][gc,phases   ] GC(92)   Pre Evacuate Collection Set: 5.3ms
[2026-01-16T08:21:57.168+0000][gc,phases   ] GC(92)   Merge Heap Roots: 1.2ms
[2026-01-16T08:21:57.169+0000][gc,phases   ] GC(92)   Evacuate Collection Set: 142.4ms
[2026-01-16T08:21:57.169+0000][gc,phases   ] GC(92)   Post Evacuate Collection Set: 3.9ms
[2026-01-16T08:21:57.169+0000][gc,phases   ] GC(92)   Other: 1.3ms
[2026-01-16T08:21:57.169+0000][gc,heap     ] GC(92) Eden regions: 46->0(46)
[2026-01-16T08:21:57.169+0000][gc,heap     ] GC(92) Survivor regions: 5->5(7)
[2026-01-16T08:21:57.169+0000][gc,heap     ] GC(92) Old regions: 36->37
[2026-01-16T08:21:57.169+0000][gc,heap     ] GC(92) Humongous regions: 56->56
[2026-01-16T08:21:57.169+0000][gc,metaspace] GC(92) Metaspace: 10955K(11264K)->10955K(11264K) NonClass: 9920K(10048K)->9920K(10048K) Class: 1035K(1216K)->1035K(1216K)
[2026-01-16T08:21:57.169+0000][gc          ] GC(92) Pause Young (Normal) (G1 Evacuation Pause) 142M->96M(1024M) 162.175ms
[2026-01-16T08:21:57.169+0000][gc,cpu      ] GC(92) User=0.09s Sys=0.03s Real=0.16s
[2026-01-16T08:21:57.756+0000][gc,start    ] GC(93) Pause Young (Normal) (G1 Evacuation Pause)
[2026-01-16T08:21:57.757+0000][gc,task     ] GC(93) Using 8 workers of 8 for evacuation
[2026-01-16T08:21:57.886+0000][gc,phases   ] GC(93)   Pre Evacuate Collection Set: 2.8ms
[2026-01-16T08:21:57.888+0000][gc,phases   ] GC(93)   Merge Heap Roots: 0.1ms
[2026-01-16T08:21:57.888+0000][gc,phases   ] GC(93)   Evacuate Collection Set: 124.5ms
[2026-01-16T08:21:57.888+0000][gc,phases   ] GC(93)   Post Evacuate Collection Set: 0.7ms
[2026-01-16T08:21:57.888+0000][gc,phases   ] GC(93)   Other: 1.1ms
[2026-01-16T08:21:57.888+0000][gc,heap     ] GC(93) Eden regions: 46->0(46)
[2026-01-16T08:21:57.888+0000][gc,heap     ] GC(93) Survivor regions: 5->5(7)
[2026-01-16T08:21:57.888+0000][gc,heap     ] GC(93) Old regions: 37->38
[2026-01-16T08:21:57.889+0000][gc,heap     ] GC(93) Humongous regions: 56->56
[2026-01-16T08:21:57.889+0000][gc,metaspace] GC(93) Metaspace: 10959K(11264K)->10959K(11264K) NonClass: 9924K(10048K)->9924K(10048K) Class: 1035K(1216K)->1035K(1216K)
[2026-01-16T08:21:57.889+0000][gc          ] GC(93) Pause Young (Normal) (G1 Evacuation Pause) 142M->97M(1024M) 133.047ms
[2026-01-16T08:21:57.889+0000][gc,cpu      ] GC(93) User=0.04s Sys=0.03s Real=0.13s
[2026-01-16T08:21:58.647+0000][gc,start    ] GC(94) Pause Young (Normal) (G1 Evacuation Pause)
[2026-01-16T08:21:58.662+0000][gc,task     ] GC(94) Using 8 workers of 8 for evacuation
[2026-01-16T08:21:58.889+0000][gc,mmu      ] GC(94) MMU target violated: 201.0ms (200.0ms/201.0ms)
[2026-01-16T08:21:58.890+0000][gc,phases   ] GC(94)   Pre Evacuate Collection Set: 62.7ms
[2026-01-16T08:21:58.890+0000][gc,phases   ] GC(94)   Merge Heap Roots: 6.2ms
[2026-01-16T08:21:58.890+0000][gc,phases   ] GC(94)   Evacuate Collection Set: 149.0ms
[2026-01-16T08:21:58.891+0000][gc,phases   ] GC(94)   Post Evacuate Collection Set: 8.7ms
[2026-01-16T08:21:58.891+0000][gc,phases   ] GC(94)   Other: 1.6ms
[2026-01-16T08:21:58.891+0000][gc,heap     ] GC(94) Eden regions: 46->0(46)
[2026-01-16T08:21:58.892+0000][gc,heap     ] GC(94) Survivor regions: 5->5(7)
[2026-01-16T08:21:58.892+0000][gc,heap     ] GC(94) Old regions: 38->38
[2026-01-16T08:21:58.893+0000][gc,heap     ] GC(94) Humongous regions: 56->56
[2026-01-16T08:21:58.893+0000][gc,metaspace] GC(94) Metaspace: 10959K(11264K)->10959K(11264K) NonClass: 9924K(10048K)->9924K(10048K) Class: 1035K(1216K)->1035K(1216K)
[2026-01-16T08:21:58.909+0000][gc          ] GC(94) Pause Young (Normal) (G1 Evacuation Pause) 143M->98M(1024M) 261.861ms
[2026-01-16T08:21:58.909+0000][gc,cpu      ] GC(94) User=0.08s Sys=0.01s Real=0.26s
[2026-01-16T08:22:00.314+0000][gc,start    ] GC(95) Pause Young (Normal) (G1 Evacuation Pause)
[2026-01-16T08:22:00.322+0000][gc,task     ] GC(95) Using 8 workers of 8 for evacuation
[2026-01-16T08:22:00.576+0000][gc,mmu      ] GC(95) MMU target violated: 201.0ms (200.0ms/201.0ms)
[2026-01-16T08:22:00.581+0000][gc,phases   ] GC(95)   Pre Evacuate Collection Set: 12.2ms
[2026-01-16T08:22:00.583+0000][gc,phases   ] GC(95)   Merge Heap Roots: 0.4ms
[2026-01-16T08:22:00.583+0000][gc,phases   ] GC(95)   Evacuate Collection Set: 223.4ms
[2026-01-16T08:22:00.584+0000][gc,phases   ] GC(95)   Post Evacuate Collection Set: 4.7ms
[2026-01-16T08:22:00.585+0000][gc,phases   ] GC(95)   Other: 18.0ms
[2026-01-16T08:22:00.586+0000][gc,heap     ] GC(95) Eden regions: 46->0(46)
[2026-01-16T08:22:00.588+0000][gc,heap     ] GC(95) Survivor regions: 5->5(7)
[2026-01-16T08:22:00.598+0000][gc,heap     ] GC(95) Old regions: 38->39
[2026-01-16T08:22:00.599+0000][gc,heap     ] GC(95) Humongous regions: 56->56
[2026-01-16T08:22:00.599+0000][gc,metaspace] GC(95) Metaspace: 10966K(11264K)->10966K(11264K) NonClass: 9931K(10048K)->9931K(10048K) Class: 1035K(1216K)->1035K(1216K)
[2026-01-16T08:22:00.602+0000][gc          ] GC(95) Pause Young (Normal) (G1 Evacuation Pause) 144M->98M(1024M) 287.247ms
[2026-01-16T08:22:00.608+0000][gc,cpu      ] GC(95) User=0.14s Sys=0.03s Real=0.29s
[2026-01-16T08:22:03.583+0000][gc,start    ] GC(96) Pause Young (Normal) (GCLocker Initiated GC)
[2026-01-16T08:22:03.611+0000][gc,task     ] GC(96) Using 8 workers of 8 for evacuation
[2026-01-16T08:22:04.499+0000][gc,mmu      ] GC(96) MMU target violated: 201.0ms (200.0ms/201.0ms)
[2026-01-16T08:22:04.504+0000][gc,phases   ] GC(96)   Pre Evacuate Collection Set: 102.3ms
[2026-01-16T08:22:04.508+0000][gc,phases   ] GC(96)   Merge Heap Roots: 0.2ms
[2026-01-16T08:22:04.509+0000][gc,phases   ] GC(96)   Evacuate Collection Set: 719.2ms
[2026-01-16T08:22:04.509+0000][gc,phases   ] GC(96)   Post Evacuate Collection Set: 63.3ms
[2026-01-16T08:22:04.530+0000][gc,phases   ] GC(96)   Other: 7.5ms
[2026-01-16T08:22:04.532+0000][gc,heap     ] GC(96) Eden regions: 47->0(46)
[2026-01-16T08:22:04.542+0000][gc,heap     ] GC(96) Survivor regions: 5->5(7)
[2026-01-16T08:22:04.542+0000][gc,heap     ] GC(96) Old regions: 39->40
[2026-01-16T08:22:04.543+0000][gc,heap     ] GC(96) Humongous regions: 56->56
[2026-01-16T08:22:04.543+0000][gc,metaspace] GC(96) Metaspace: 10972K(11328K)->10972K(11328K) NonClass: 9937K(10112K)->9937K(10112K) Class: 1035K(1216K)->1035K(1216K)
[2026-01-16T08:22:04.543+0000][gc          ] GC(96) Pause Young (Normal) (GCLocker Initiated GC) 145M->99M(1024M) 959.669ms
[2026-01-16T08:22:04.546+0000][gc,cpu      ] GC(96) User=0.40s Sys=0.14s Real=0.96s
[2026-01-16T08:22:08.003+0000][gc,start    ] GC(97) Pause Young (Normal) (G1 Evacuation Pause)
[2026-01-16T08:22:08.005+0000][gc,task     ] GC(97) Using 8 workers of 8 for evacuation
[2026-01-16T08:22:08.459+0000][gc,mmu      ] GC(97) MMU target violated: 201.0ms (200.0ms/201.0ms)
[2026-01-16T08:22:08.459+0000][gc,phases   ] GC(97)   Pre Evacuate Collection Set: 73.8ms
[2026-01-16T08:22:08.459+0000][gc,phases   ] GC(97)   Merge Heap Roots: 2.0ms
[2026-01-16T08:22:08.460+0000][gc,phases   ] GC(97)   Evacuate Collection Set: 360.7ms
[2026-01-16T08:22:08.460+0000][gc,phases   ] GC(97)   Post Evacuate Collection Set: 6.9ms
[2026-01-16T08:22:08.460+0000][gc,phases   ] GC(97)   Other: 11.4ms
[2026-01-16T08:22:08.460+0000][gc,heap     ] GC(97) Eden regions: 46->0(47)
[2026-01-16T08:22:08.468+0000][gc,heap     ] GC(97) Survivor regions: 5->4(7)
[2026-01-16T08:22:08.469+0000][gc,heap     ] GC(97) Old regions: 40->41
[2026-01-16T08:22:08.469+0000][gc,heap     ] GC(97) Humongous regions: 56->56
[2026-01-16T08:22:08.469+0000][gc,metaspace] GC(97) Metaspace: 10976K(11328K)->10976K(11328K) NonClass: 9941K(10112K)->9941K(10112K) Class: 1035K(1216K)->1035K(1216K)
[2026-01-16T08:22:08.471+0000][gc          ] GC(97) Pause Young (Normal) (G1 Evacuation Pause) 145M->99M(1024M) 468.765ms
[2026-01-16T08:22:08.472+0000][gc,cpu      ] GC(97) User=0.32s Sys=0.03s Real=0.46s
[2026-01-16T08:22:11.983+0000][gc,start    ] GC(98) Pause Young (Normal) (G1 Evacuation Pause)
[2026-01-16T08:22:11.992+0000][gc,task     ] GC(98) Using 8 workers of 8 for evacuation
[2026-01-16T08:22:13.376+0000][gc,mmu      ] GC(98) MMU target violated: 201.0ms (200.0ms/201.0ms)
[2026-01-16T08:22:13.383+0000][gc,phases   ] GC(98)   Pre Evacuate Collection Set: 204.4ms
[2026-01-16T08:22:13.386+0000][gc,phases   ] GC(98)   Merge Heap Roots: 1.1ms
[2026-01-16T08:22:13.387+0000][gc,phases   ] GC(98)   Evacuate Collection Set: 1109.1ms
[2026-01-16T08:22:13.388+0000][gc,phases   ] GC(98)   Post Evacuate Collection Set: 56.6ms
[2026-01-16T08:22:13.389+0000][gc,phases   ] GC(98)   Other: 20.2ms
[2026-01-16T08:22:13.390+0000][gc,heap     ] GC(98) Eden regions: 47->0(46)
[2026-01-16T08:22:13.392+0000][gc,heap     ] GC(98) Survivor regions: 4->5(7)
[2026-01-16T08:22:13.392+0000][gc,heap     ] GC(98) Old regions: 41->41
[2026-01-16T08:22:13.395+0000][gc,heap     ] GC(98) Humongous regions: 56->56
[2026-01-16T08:22:13.397+0000][gc,metaspace] GC(98) Metaspace: 10988K(11328K)->10988K(11328K) NonClass: 9953K(10112K)->9953K(10112K) Class: 1035K(1216K)->1035K(1216K)
[2026-01-16T08:22:13.402+0000][gc          ] GC(98) Pause Young (Normal) (G1 Evacuation Pause) 146M->100M(1024M) 1418.898ms
[2026-01-16T08:22:13.408+0000][gc,cpu      ] GC(98) User=0.47s Sys=0.04s Real=1.42s
[2026-01-16T08:22:16.100+0000][gc,start    ] GC(99) Pause Young (Normal) (G1 Evacuation Pause)
[2026-01-16T08:22:16.103+0000][gc,task     ] GC(99) Using 8 workers of 8 for evacuation
[2026-01-16T08:22:17.353+0000][gc,mmu      ] GC(99) MMU target violated: 201.0ms (200.0ms/201.0ms)
[2026-01-16T08:22:17.355+0000][gc,phases   ] GC(99)   Pre Evacuate Collection Set: 87.3ms
[2026-01-16T08:22:17.358+0000][gc,phases   ] GC(99)   Merge Heap Roots: 37.8ms
[2026-01-16T08:22:17.362+0000][gc,phases   ] GC(99)   Evacuate Collection Set: 1022.9ms
[2026-01-16T08:22:17.363+0000][gc,phases   ] GC(99)   Post Evacuate Collection Set: 46.1ms
[2026-01-16T08:22:17.365+0000][gc,phases   ] GC(99)   Other: 57.4ms
[2026-01-16T08:22:17.366+0000][gc,heap     ] GC(99) Eden regions: 46->0(46)
[2026-01-16T08:22:17.367+0000][gc,heap     ] GC(99) Survivor regions: 5->5(7)
[2026-01-16T08:22:17.367+0000][gc,heap     ] GC(99) Old regions: 41->41
[2026-01-16T08:22:17.368+0000][gc,heap     ] GC(99) Humongous regions: 56->56
[2026-01-16T08:22:17.369+0000][gc,metaspace] GC(99) Metaspace: 10992K(11328K)->10992K(11328K) NonClass: 9956K(10112K)->9956K(10112K) Class: 1035K(1216K)->1035K(1216K)
[2026-01-16T08:22:17.369+0000][gc          ] GC(99) Pause Young (Normal) (G1 Evacuation Pause) 146M->101M(1024M) 1269.634ms
[2026-01-16T08:22:17.369+0000][gc,cpu      ] GC(99) User=0.38s Sys=0.05s Real=1.27s
[2026-01-16T08:22:19.927+0000][gc,start    ] GC(100) Pause Young (Normal) (G1 Evacuation Pause)
[2026-01-16T08:22:19.934+0000][gc,task     ] GC(100) Using 8 workers of 8 for evacuation
[2026-01-16T08:22:20.354+0000][gc,mmu      ] GC(100) MMU target violated: 201.0ms (200.0ms/201.0ms)
[2026-01-16T08:22:20.355+0000][gc,phases   ] GC(100)   Pre Evacuate Collection Set: 76.5ms
[2026-01-16T08:22:20.356+0000][gc,phases   ] GC(100)   Merge Heap Roots: 40.4ms
[2026-01-16T08:22:20.358+0000][gc,phases   ] GC(100)   Evacuate Collection Set: 276.2ms
[2026-01-16T08:22:20.358+0000][gc,phases   ] GC(100)   Post Evacuate Collection Set: 19.9ms
[2026-01-16T08:22:20.360+0000][gc,phases   ] GC(100)   Other: 10.5ms
[2026-01-16T08:22:20.362+0000][gc,heap     ] GC(100) Eden regions: 46->0(46)
[2026-01-16T08:22:20.364+0000][gc,heap     ] GC(100) Survivor regions: 5->5(7)
[2026-01-16T08:22:20.365+0000][gc,heap     ] GC(100) Old regions: 41->42
[2026-01-16T08:22:20.365+0000][gc,heap     ] GC(100) Humongous regions: 56->56
[2026-01-16T08:22:20.365+0000][gc,metaspace] GC(100) Metaspace: 10995K(11328K)->10995K(11328K) NonClass: 9960K(10112K)->9960K(10112K) Class: 1035K(1216K)->1035K(1216K)
[2026-01-16T08:22:20.370+0000][gc          ] GC(100) Pause Young (Normal) (G1 Evacuation Pause) 147M->101M(1024M) 443.626ms
[2026-01-16T08:22:20.371+0000][gc,cpu      ] GC(100) User=0.20s Sys=0.04s Real=0.44s
[2026-01-16T08:22:25.997+0000][gc,start    ] GC(101) Pause Young (Normal) (G1 Evacuation Pause)
[2026-01-16T08:22:25.999+0000][gc,task     ] GC(101) Using 8 workers of 8 for evacuation
[2026-01-16T08:22:27.125+0000][gc,mmu      ] GC(101) MMU target violated: 201.0ms (200.0ms/201.0ms)
[2026-01-16T08:22:27.126+0000][gc,phases   ] GC(101)   Pre Evacuate Collection Set: 244.5ms
[2026-01-16T08:22:27.126+0000][gc,phases   ] GC(101)   Merge Heap Roots: 28.6ms
[2026-01-16T08:22:27.126+0000][gc,phases   ] GC(101)   Evacuate Collection Set: 801.8ms
[2026-01-16T08:22:27.126+0000][gc,phases   ] GC(101)   Post Evacuate Collection Set: 41.6ms
[2026-01-16T08:22:27.127+0000][gc,phases   ] GC(101)   Other: 11.9ms
[2026-01-16T08:22:27.127+0000][gc,heap     ] GC(101) Eden regions: 46->0(46)
[2026-01-16T08:22:27.127+0000][gc,heap     ] GC(101) Survivor regions: 5->5(7)
[2026-01-16T08:22:27.127+0000][gc,heap     ] GC(101) Old regions: 42->42
[2026-01-16T08:22:27.127+0000][gc,heap     ] GC(101) Humongous regions: 56->56
[2026-01-16T08:22:27.127+0000][gc,metaspace] GC(101) Metaspace: 10997K(11392K)->10997K(11392K) NonClass: 9962K(10176K)->9962K(10176K) Class: 1035K(1216K)->1035K(1216K)
[2026-01-16T08:22:27.127+0000][gc          ] GC(101) Pause Young (Normal) (G1 Evacuation Pause) 147M->102M(1024M) 1130.174ms
[2026-01-16T08:22:27.127+0000][gc,cpu      ] GC(101) User=0.72s Sys=0.08s Real=1.13s
[2026-01-16T08:22:30.420+0000][gc,start    ] GC(102) Pause Young (Normal) (G1 Evacuation Pause)
[2026-01-16T08:22:30.430+0000][gc,task     ] GC(102) Using 8 workers of 8 for evacuation
[2026-01-16T08:22:31.117+0000][gc,mmu      ] GC(102) MMU target violated: 201.0ms (200.0ms/201.0ms)
[2026-01-16T08:22:31.120+0000][gc,phases   ] GC(102)   Pre Evacuate Collection Set: 39.0ms
[2026-01-16T08:22:31.122+0000][gc,phases   ] GC(102)   Merge Heap Roots: 2.6ms
[2026-01-16T08:22:31.128+0000][gc,phases   ] GC(102)   Evacuate Collection Set: 533.3ms
[2026-01-16T08:22:31.129+0000][gc,phases   ] GC(102)   Post Evacuate Collection Set: 80.4ms
[2026-01-16T08:22:31.129+0000][gc,phases   ] GC(102)   Other: 39.7ms
[2026-01-16T08:22:31.129+0000][gc,heap     ] GC(102) Eden regions: 46->0(47)
[2026-01-16T08:22:31.135+0000][gc,heap     ] GC(102) Survivor regions: 5->4(7)
[2026-01-16T08:22:31.154+0000][gc,heap     ] GC(102) Old regions: 42->44
[2026-01-16T08:22:31.155+0000][gc,heap     ] GC(102) Humongous regions: 56->56
[2026-01-16T08:22:31.156+0000][gc,metaspace] GC(102) Metaspace: 11001K(11392K)->11001K(11392K) NonClass: 9966K(10176K)->9966K(10176K) Class: 1035K(1216K)->1035K(1216K)
[2026-01-16T08:22:31.156+0000][gc          ] GC(102) Pause Young (Normal) (G1 Evacuation Pause) 148M->103M(1024M) 736.150ms
[2026-01-16T08:22:31.159+0000][gc,cpu      ] GC(102) User=0.40s Sys=0.04s Real=0.74s
[2026-01-16T08:22:35.301+0000][gc,start    ] GC(103) Pause Young (Normal) (G1 Evacuation Pause)
[2026-01-16T08:22:35.309+0000][gc,task     ] GC(103) Using 8 workers of 8 for evacuation
[2026-01-16T08:22:36.110+0000][gc,mmu      ] GC(103) MMU target violated: 201.0ms (200.0ms/201.0ms)
[2026-01-16T08:22:36.118+0000][gc,phases   ] GC(103)   Pre Evacuate Collection Set: 35.6ms
[2026-01-16T08:22:36.123+0000][gc,phases   ] GC(103)   Merge Heap Roots: 8.0ms
[2026-01-16T08:22:36.124+0000][gc,phases   ] GC(103)   Evacuate Collection Set: 730.8ms
[2026-01-16T08:22:36.125+0000][gc,phases   ] GC(103)   Post Evacuate Collection Set: 15.8ms
[2026-01-16T08:22:36.160+0000][gc,phases   ] GC(103)   Other: 20.0ms
[2026-01-16T08:22:36.166+0000][gc,heap     ] GC(103) Eden regions: 47->0(46)
[2026-01-16T08:22:36.168+0000][gc,heap     ] GC(103) Survivor regions: 4->5(7)
[2026-01-16T08:22:36.169+0000][gc,heap     ] GC(103) Old regions: 44->44
[2026-01-16T08:22:36.169+0000][gc,heap     ] GC(103) Humongous regions: 56->56
[2026-01-16T08:22:36.170+0000][gc,metaspace] GC(103) Metaspace: 11002K(11392K)->11002K(11392K) NonClass: 9967K(10176K)->9967K(10176K) Class: 1035K(1216K)->1035K(1216K)
[2026-01-16T08:22:36.185+0000][gc          ] GC(103) Pause Young (Normal) (G1 Evacuation Pause) 150M->103M(1024M) 883.565ms
[2026-01-16T08:22:36.190+0000][gc,cpu      ] GC(103) User=0.48s Sys=0.07s Real=0.89s
[2026-01-16T08:22:39.903+0000][gc,start    ] GC(104) Pause Young (Normal) (G1 Evacuation Pause)
[2026-01-16T08:22:39.908+0000][gc,task     ] GC(104) Using 8 workers of 8 for evacuation
[2026-01-16T08:22:40.431+0000][gc,mmu      ] GC(104) MMU target violated: 201.0ms (200.0ms/201.0ms)
[2026-01-16T08:22:40.433+0000][gc,phases   ] GC(104)   Pre Evacuate Collection Set: 37.1ms
[2026-01-16T08:22:40.433+0000][gc,phases   ] GC(104)   Merge Heap Roots: 21.1ms
[2026-01-16T08:22:40.434+0000][gc,phases   ] GC(104)   Evacuate Collection Set: 442.4ms
[2026-01-16T08:22:40.435+0000][gc,phases   ] GC(104)   Post Evacuate Collection Set: 20.0ms
[2026-01-16T08:22:40.435+0000][gc,phases   ] GC(104)   Other: 4.7ms
[2026-01-16T08:22:40.436+0000][gc,heap     ] GC(104) Eden regions: 46->0(46)
[2026-01-16T08:22:40.436+0000][gc,heap     ] GC(104) Survivor regions: 5->5(7)
[2026-01-16T08:22:40.436+0000][gc,heap     ] GC(104) Old regions: 44->45
[2026-01-16T08:22:40.436+0000][gc,heap     ] GC(104) Humongous regions: 56->56
[2026-01-16T08:22:40.451+0000][gc,metaspace] GC(104) Metaspace: 11003K(11392K)->11003K(11392K) NonClass: 9968K(10176K)->9968K(10176K) Class: 1035K(1216K)->1035K(1216K)
[2026-01-16T08:22:40.452+0000][gc          ] GC(104) Pause Young (Normal) (G1 Evacuation Pause) 149M->104M(1024M) 548.948ms
[2026-01-16T08:22:40.452+0000][gc,cpu      ] GC(104) User=0.33s Sys=0.03s Real=0.55s
[2026-01-16T08:22:43.532+0000][gc,start    ] GC(105) Pause Young (Normal) (G1 Evacuation Pause)
[2026-01-16T08:22:43.541+0000][gc,task     ] GC(105) Using 8 workers of 8 for evacuation
[2026-01-16T08:22:44.160+0000][gc,mmu      ] GC(105) MMU target violated: 201.0ms (200.0ms/201.0ms)
[2026-01-16T08:22:44.163+0000][gc,phases   ] GC(105)   Pre Evacuate Collection Set: 40.4ms
[2026-01-16T08:22:44.172+0000][gc,phases   ] GC(105)   Merge Heap Roots: 6.2ms
[2026-01-16T08:22:44.186+0000][gc,phases   ] GC(105)   Evacuate Collection Set: 485.4ms
[2026-01-16T08:22:44.190+0000][gc,phases   ] GC(105)   Post Evacuate Collection Set: 62.8ms
[2026-01-16T08:22:44.191+0000][gc,phases   ] GC(105)   Other: 26.8ms
[2026-01-16T08:22:44.192+0000][gc,heap     ] GC(105) Eden regions: 46->0(47)
[2026-01-16T08:22:44.194+0000][gc,heap     ] GC(105) Survivor regions: 5->4(7)
[2026-01-16T08:22:44.195+0000][gc,heap     ] GC(105) Old regions: 45->45
[2026-01-16T08:22:44.196+0000][gc,heap     ] GC(105) Humongous regions: 56->56
[2026-01-16T08:22:44.201+0000][gc,metaspace] GC(105) Metaspace: 11003K(11392K)->11003K(11392K) NonClass: 9968K(10176K)->9968K(10176K) Class: 1035K(1216K)->1035K(1216K)
[2026-01-16T08:22:44.204+0000][gc          ] GC(105) Pause Young (Normal) (G1 Evacuation Pause) 150M->104M(1024M) 672.323ms
[2026-01-16T08:22:44.206+0000][gc,cpu      ] GC(105) User=0.28s Sys=0.03s Real=0.67s
[2026-01-16T08:22:46.298+0000][gc,start    ] GC(106) Pause Young (Normal) (G1 Evacuation Pause)
[2026-01-16T08:22:46.308+0000][gc,task     ] GC(106) Using 8 workers of 8 for evacuation
[2026-01-16T08:22:47.507+0000][gc,mmu      ] GC(106) MMU target violated: 201.0ms (200.0ms/201.0ms)
[2026-01-16T08:22:47.510+0000][gc,phases   ] GC(106)   Pre Evacuate Collection Set: 54.3ms
[2026-01-16T08:22:47.510+0000][gc,phases   ] GC(106)   Merge Heap Roots: 0.8ms
[2026-01-16T08:22:47.510+0000][gc,phases   ] GC(106)   Evacuate Collection Set: 1054.7ms
[2026-01-16T08:22:47.511+0000][gc,phases   ] GC(106)   Post Evacuate Collection Set: 88.5ms
[2026-01-16T08:22:47.512+0000][gc,phases   ] GC(106)   Other: 3.2ms
[2026-01-16T08:22:47.513+0000][gc,heap     ] GC(106) Eden regions: 47->0(47)
[2026-01-16T08:22:47.515+0000][gc,heap     ] GC(106) Survivor regions: 4->4(7)
[2026-01-16T08:22:47.515+0000][gc,heap     ] GC(106) Old regions: 45->46
[2026-01-16T08:22:47.516+0000][gc,heap     ] GC(106) Humongous regions: 56->56
[2026-01-16T08:22:47.516+0000][gc,metaspace] GC(106) Metaspace: 11008K(11392K)->11008K(11392K) NonClass: 9973K(10176K)->9973K(10176K) Class: 1035K(1216K)->1035K(1216K)
[2026-01-16T08:22:47.516+0000][gc          ] GC(106) Pause Young (Normal) (G1 Evacuation Pause) 151M->105M(1024M) 1218.567ms
[2026-01-16T08:22:47.518+0000][gc,cpu      ] GC(106) User=0.28s Sys=0.10s Real=1.22s
[2026-01-16T08:22:50.836+0000][gc,start    ] GC(107) Pause Young (Normal) (G1 Evacuation Pause)
[2026-01-16T08:22:50.859+0000][gc,task     ] GC(107) Using 8 workers of 8 for evacuation
[2026-01-16T08:22:52.167+0000][gc,mmu      ] GC(107) MMU target violated: 201.0ms (200.0ms/201.0ms)
[2026-01-16T08:22:52.168+0000][gc,phases   ] GC(107)   Pre Evacuate Collection Set: 75.2ms
[2026-01-16T08:22:52.168+0000][gc,phases   ] GC(107)   Merge Heap Roots: 28.9ms
[2026-01-16T08:22:52.168+0000][gc,phases   ] GC(107)   Evacuate Collection Set: 1188.9ms
[2026-01-16T08:22:52.169+0000][gc,phases   ] GC(107)   Post Evacuate Collection Set: 13.3ms
[2026-01-16T08:22:52.172+0000][gc,phases   ] GC(107)   Other: 2.6ms
[2026-01-16T08:22:52.174+0000][gc,heap     ] GC(107) Eden regions: 47->0(46)
[2026-01-16T08:22:52.175+0000][gc,heap     ] GC(107) Survivor regions: 4->5(7)
[2026-01-16T08:22:52.175+0000][gc,heap     ] GC(107) Old regions: 46->46
[2026-01-16T08:22:52.175+0000][gc,heap     ] GC(107) Humongous regions: 56->56
[2026-01-16T08:22:52.176+0000][gc,metaspace] GC(107) Metaspace: 11010K(11392K)->11010K(11392K) NonClass: 9975K(10176K)->9975K(10176K) Class: 1035K(1216K)->1035K(1216K)
[2026-01-16T08:22:52.176+0000][gc          ] GC(107) Pause Young (Normal) (G1 Evacuation Pause) 152M->106M(1024M) 1340.834ms
[2026-01-16T08:22:52.177+0000][gc,cpu      ] GC(107) User=0.48s Sys=0.06s Real=1.37s
[2026-01-16T08:22:55.412+0000][gc,start    ] GC(108) Pause Young (Normal) (G1 Evacuation Pause)
[2026-01-16T08:22:55.423+0000][gc,task     ] GC(108) Using 8 workers of 8 for evacuation
[2026-01-16T08:22:55.889+0000][gc,mmu      ] GC(108) MMU target violated: 201.0ms (200.0ms/201.0ms)
[2026-01-16T08:22:55.896+0000][gc,phases   ] GC(108)   Pre Evacuate Collection Set: 56.7ms
[2026-01-16T08:22:55.898+0000][gc,phases   ] GC(108)   Merge Heap Roots: 0.8ms
[2026-01-16T08:22:55.906+0000][gc,phases   ] GC(108)   Evacuate Collection Set: 392.5ms
[2026-01-16T08:22:55.906+0000][gc,phases   ] GC(108)   Post Evacuate Collection Set: 12.6ms
[2026-01-16T08:22:55.908+0000][gc,phases   ] GC(108)   Other: 10.3ms
[2026-01-16T08:22:55.910+0000][gc,heap     ] GC(108) Eden regions: 46->0(47)
[2026-01-16T08:22:55.910+0000][gc,heap     ] GC(108) Survivor regions: 5->4(7)
[2026-01-16T08:22:55.913+0000][gc,heap     ] GC(108) Old regions: 46->47
[2026-01-16T08:22:55.918+0000][gc,heap     ] GC(108) Humongous regions: 56->56
[2026-01-16T08:22:55.920+0000][gc,metaspace] GC(108) Metaspace: 11011K(11392K)->11011K(11392K) NonClass: 9976K(10176K)->9976K(10176K) Class: 1035K(1216K)->1035K(1216K)
[2026-01-16T08:22:55.923+0000][gc          ] GC(108) Pause Young (Normal) (G1 Evacuation Pause) 152M->106M(1024M) 510.498ms
[2026-01-16T08:22:55.924+0000][gc,cpu      ] GC(108) User=0.27s Sys=0.04s Real=0.51s
[2026-01-16T08:22:58.375+0000][gc,start    ] GC(109) Pause Young (Normal) (G1 Evacuation Pause)
[2026-01-16T08:22:58.392+0000][gc,task     ] GC(109) Using 8 workers of 8 for evacuation
[2026-01-16T08:22:59.246+0000][gc,mmu      ] GC(109) MMU target violated: 201.0ms (200.0ms/201.0ms)
[2026-01-16T08:22:59.250+0000][gc,phases   ] GC(109)   Pre Evacuate Collection Set: 85.3ms
[2026-01-16T08:22:59.250+0000][gc,phases   ] GC(109)   Merge Heap Roots: 9.6ms
[2026-01-16T08:22:59.250+0000][gc,phases   ] GC(109)   Evacuate Collection Set: 668.6ms
[2026-01-16T08:22:59.251+0000][gc,phases   ] GC(109)   Post Evacuate Collection Set: 81.0ms
[2026-01-16T08:22:59.251+0000][gc,phases   ] GC(109)   Other: 20.2ms
[2026-01-16T08:22:59.251+0000][gc,heap     ] GC(109) Eden regions: 47->0(47)
[2026-01-16T08:22:59.251+0000][gc,heap     ] GC(109) Survivor regions: 4->4(7)
[2026-01-16T08:22:59.251+0000][gc,heap     ] GC(109) Old regions: 47->48
[2026-01-16T08:22:59.262+0000][gc,heap     ] GC(109) Humongous regions: 56->56
[2026-01-16T08:22:59.263+0000][gc,metaspace] GC(109) Metaspace: 11012K(11392K)->11012K(11392K) NonClass: 9977K(10176K)->9977K(10176K) Class: 1035K(1216K)->1035K(1216K)
[2026-01-16T08:22:59.263+0000][gc          ] GC(109) Pause Young (Normal) (G1 Evacuation Pause) 153M->107M(1024M) 887.624ms
[2026-01-16T08:22:59.263+0000][gc,cpu      ] GC(109) User=0.46s Sys=0.08s Real=0.92s
[2026-01-16T08:23:02.798+0000][gc,start    ] GC(110) Pause Young (Normal) (G1 Evacuation Pause)
[2026-01-16T08:23:02.821+0000][gc,task     ] GC(110) Using 8 workers of 8 for evacuation
[2026-01-16T08:23:03.860+0000][gc,mmu      ] GC(110) MMU target violated: 201.0ms (200.0ms/201.0ms)
[2026-01-16T08:23:03.869+0000][gc,phases   ] GC(110)   Pre Evacuate Collection Set: 75.1ms
[2026-01-16T08:23:03.873+0000][gc,phases   ] GC(110)   Merge Heap Roots: 22.7ms
[2026-01-16T08:23:03.874+0000][gc,phases   ] GC(110)   Evacuate Collection Set: 837.9ms
[2026-01-16T08:23:03.876+0000][gc,phases   ] GC(110)   Post Evacuate Collection Set: 91.9ms
[2026-01-16T08:23:03.879+0000][gc,phases   ] GC(110)   Other: 18.9ms
[2026-01-16T08:23:03.883+0000][gc,heap     ] GC(110) Eden regions: 47->0(47)
[2026-01-16T08:23:03.888+0000][gc,heap     ] GC(110) Survivor regions: 4->4(7)
[2026-01-16T08:23:03.892+0000][gc,heap     ] GC(110) Old regions: 48->49
[2026-01-16T08:23:03.896+0000][gc,heap     ] GC(110) Humongous regions: 56->56
[2026-01-16T08:23:03.899+0000][gc,metaspace] GC(110) Metaspace: 11014K(11392K)->11014K(11392K) NonClass: 9979K(10176K)->9979K(10176K) Class: 1035K(1216K)->1035K(1216K)
[2026-01-16T08:23:03.903+0000][gc          ] GC(110) Pause Young (Normal) (G1 Evacuation Pause) 154M->107M(1024M) 1104.428ms
[2026-01-16T08:23:03.906+0000][gc,cpu      ] GC(110) User=0.38s Sys=0.06s Real=1.11s
[2026-01-16T08:23:06.996+0000][gc,start    ] GC(111) Pause Young (Normal) (G1 Evacuation Pause)
[2026-01-16T08:23:07.028+0000][gc,task     ] GC(111) Using 8 workers of 8 for evacuation
[2026-01-16T08:23:07.685+0000][gc,mmu      ] GC(111) MMU target violated: 201.0ms (200.0ms/201.0ms)
[2026-01-16T08:23:07.686+0000][gc,phases   ] GC(111)   Pre Evacuate Collection Set: 15.3ms
[2026-01-16T08:23:07.692+0000][gc,phases   ] GC(111)   Merge Heap Roots: 29.3ms
[2026-01-16T08:23:07.694+0000][gc,phases   ] GC(111)   Evacuate Collection Set: 586.1ms
[2026-01-16T08:23:07.697+0000][gc,phases   ] GC(111)   Post Evacuate Collection Set: 10.3ms
[2026-01-16T08:23:07.697+0000][gc,phases   ] GC(111)   Other: 17.0ms
[2026-01-16T08:23:07.697+0000][gc,heap     ] GC(111) Eden regions: 47->0(46)
[2026-01-16T08:23:07.698+0000][gc,heap     ] GC(111) Survivor regions: 4->5(7)
[2026-01-16T08:23:07.698+0000][gc,heap     ] GC(111) Old regions: 49->49
[2026-01-16T08:23:07.699+0000][gc,heap     ] GC(111) Humongous regions: 56->56
[2026-01-16T08:23:07.699+0000][gc,metaspace] GC(111) Metaspace: 11014K(11392K)->11014K(11392K) NonClass: 9979K(10176K)->9979K(10176K) Class: 1035K(1216K)->1035K(1216K)
[2026-01-16T08:23:07.702+0000][gc          ] GC(111) Pause Young (Normal) (G1 Evacuation Pause) 154M->108M(1024M) 706.399ms
[2026-01-16T08:23:07.703+0000][gc,cpu      ] GC(111) User=0.32s Sys=0.04s Real=0.71s
[2026-01-16T08:23:09.410+0000][gc,start    ] GC(112) Pause Young (Normal) (G1 Evacuation Pause)
[2026-01-16T08:23:09.415+0000][gc,task     ] GC(112) Using 8 workers of 8 for evacuation
[2026-01-16T08:23:09.733+0000][gc,mmu      ] GC(112) MMU target violated: 201.0ms (200.0ms/201.0ms)
[2026-01-16T08:23:09.735+0000][gc,phases   ] GC(112)   Pre Evacuate Collection Set: 18.5ms
[2026-01-16T08:23:09.736+0000][gc,phases   ] GC(112)   Merge Heap Roots: 0.5ms
[2026-01-16T08:23:09.736+0000][gc,phases   ] GC(112)   Evacuate Collection Set: 272.6ms
[2026-01-16T08:23:09.739+0000][gc,phases   ] GC(112)   Post Evacuate Collection Set: 10.1ms
[2026-01-16T08:23:09.742+0000][gc,phases   ] GC(112)   Other: 19.5ms
[2026-01-16T08:23:09.744+0000][gc,heap     ] GC(112) Eden regions: 46->0(47)
[2026-01-16T08:23:09.744+0000][gc,heap     ] GC(112) Survivor regions: 5->4(7)
[2026-01-16T08:23:09.745+0000][gc,heap     ] GC(112) Old regions: 49->50
[2026-01-16T08:23:09.745+0000][gc,heap     ] GC(112) Humongous regions: 56->56
[2026-01-16T08:23:09.745+0000][gc,metaspace] GC(112) Metaspace: 11017K(11392K)->11017K(11392K) NonClass: 9982K(10176K)->9982K(10176K) Class: 1035K(1216K)->1035K(1216K)
[2026-01-16T08:23:09.746+0000][gc          ] GC(112) Pause Young (Normal) (G1 Evacuation Pause) 154M->109M(1024M) 335.800ms
[2026-01-16T08:23:09.746+0000][gc,cpu      ] GC(112) User=0.16s Sys=0.07s Real=0.34s
[2026-01-16T08:23:10.363+0000][gc,start    ] GC(113) Pause Young (Normal) (G1 Evacuation Pause)
[2026-01-16T08:23:10.365+0000][gc,task     ] GC(113) Using 8 workers of 8 for evacuation
[2026-01-16T08:23:10.685+0000][gc,mmu      ] GC(113) MMU target violated: 201.0ms (200.0ms/201.0ms)
[2026-01-16T08:23:10.693+0000][gc,phases   ] GC(113)   Pre Evacuate Collection Set: 0.5ms
[2026-01-16T08:23:10.696+0000][gc,phases   ] GC(113)   Merge Heap Roots: 0.2ms
[2026-01-16T08:23:10.707+0000][gc,phases   ] GC(113)   Evacuate Collection Set: 317.0ms
[2026-01-16T08:23:10.709+0000][gc,phases   ] GC(113)   Post Evacuate Collection Set: 1.4ms
[2026-01-16T08:23:10.717+0000][gc,phases   ] GC(113)   Other: 8.6ms
[2026-01-16T08:23:10.719+0000][gc,heap     ] GC(113) Eden regions: 47->0(47)
[2026-01-16T08:23:10.721+0000][gc,heap     ] GC(113) Survivor regions: 4->4(7)
[2026-01-16T08:23:10.722+0000][gc,heap     ] GC(113) Old regions: 50->50
[2026-01-16T08:23:10.724+0000][gc,heap     ] GC(113) Humongous regions: 56->56
[2026-01-16T08:23:10.727+0000][gc,metaspace] GC(113) Metaspace: 11018K(11392K)->11018K(11392K) NonClass: 9982K(10176K)->9982K(10176K) Class: 1035K(1216K)->1035K(1216K)
[2026-01-16T08:23:10.727+0000][gc          ] GC(113) Pause Young (Normal) (G1 Evacuation Pause) 156M->109M(1024M) 364.359ms
[2026-01-16T08:23:10.727+0000][gc,cpu      ] GC(113) User=0.08s Sys=0.01s Real=0.36s
[2026-01-16T08:23:14.643+0000][gc,start    ] GC(114) Pause Young (Normal) (G1 Evacuation Pause)
[2026-01-16T08:23:14.648+0000][gc,task     ] GC(114) Using 8 workers of 8 for evacuation
[2026-01-16T08:23:15.643+0000][gc,mmu      ] GC(114) MMU target violated: 201.0ms (200.0ms/201.0ms)
[2026-01-16T08:23:15.650+0000][gc,phases   ] GC(114)   Pre Evacuate Collection Set: 74.5ms
[2026-01-16T08:23:15.659+0000][gc,phases   ] GC(114)   Merge Heap Roots: 34.3ms
[2026-01-16T08:23:15.661+0000][gc,phases   ] GC(114)   Evacuate Collection Set: 866.3ms
[2026-01-16T08:23:15.663+0000][gc,phases   ] GC(114)   Post Evacuate Collection Set: 12.6ms
[2026-01-16T08:23:15.664+0000][gc,phases   ] GC(114)   Other: 14.0ms
[2026-01-16T08:23:15.669+0000][gc,heap     ] GC(114) Eden regions: 47->0(46)
[2026-01-16T08:23:15.671+0000][gc,heap     ] GC(114) Survivor regions: 4->5(7)
[2026-01-16T08:23:15.678+0000][gc,heap     ] GC(114) Old regions: 50->51
[2026-01-16T08:23:15.678+0000][gc,heap     ] GC(114) Humongous regions: 56->56
[2026-01-16T08:23:15.680+0000][gc,metaspace] GC(114) Metaspace: 11028K(11392K)->11028K(11392K) NonClass: 9992K(10176K)->9992K(10176K) Class: 1036K(1216K)->1036K(1216K)
[2026-01-16T08:23:15.680+0000][gc          ] GC(114) Pause Young (Normal) (G1 Evacuation Pause) 156M->110M(1024M) 1037.233ms
[2026-01-16T08:23:15.685+0000][gc,cpu      ] GC(114) User=0.31s Sys=0.06s Real=1.04s
[2026-01-16T08:23:17.334+0000][gc,start    ] GC(115) Pause Young (Normal) (G1 Evacuation Pause)
[2026-01-16T08:23:17.337+0000][gc,task     ] GC(115) Using 8 workers of 8 for evacuation
[2026-01-16T08:23:17.794+0000][gc,mmu      ] GC(115) MMU target violated: 201.0ms (200.0ms/201.0ms)
[2026-01-16T08:23:17.798+0000][gc,phases   ] GC(115)   Pre Evacuate Collection Set: 31.0ms
[2026-01-16T08:23:17.804+0000][gc,phases   ] GC(115)   Merge Heap Roots: 6.6ms
[2026-01-16T08:23:17.805+0000][gc,phases   ] GC(115)   Evacuate Collection Set: 409.1ms
[2026-01-16T08:23:17.806+0000][gc,phases   ] GC(115)   Post Evacuate Collection Set: 4.5ms
[2026-01-16T08:23:17.806+0000][gc,phases   ] GC(115)   Other: 11.2ms
[2026-01-16T08:23:17.806+0000][gc,heap     ] GC(115) Eden regions: 46->0(47)
[2026-01-16T08:23:17.807+0000][gc,heap     ] GC(115) Survivor regions: 5->4(7)
[2026-01-16T08:23:17.808+0000][gc,heap     ] GC(115) Old regions: 51->52
[2026-01-16T08:23:17.809+0000][gc,heap     ] GC(115) Humongous regions: 56->56
[2026-01-16T08:23:17.809+0000][gc,metaspace] GC(115) Metaspace: 11033K(11392K)->11033K(11392K) NonClass: 9995K(10176K)->9995K(10176K) Class: 1037K(1216K)->1037K(1216K)
[2026-01-16T08:23:17.813+0000][gc          ] GC(115) Pause Young (Normal) (G1 Evacuation Pause) 156M->110M(1024M) 478.920ms
[2026-01-16T08:23:17.816+0000][gc,cpu      ] GC(115) User=0.24s Sys=0.02s Real=0.48s
[2026-01-16T08:23:19.706+0000][gc,start    ] GC(116) Pause Young (Normal) (GCLocker Initiated GC)
[2026-01-16T08:23:19.707+0000][gc,task     ] GC(116) Using 8 workers of 8 for evacuation
[2026-01-16T08:23:20.019+0000][gc,mmu      ] GC(116) MMU target violated: 201.0ms (200.0ms/201.0ms)
[2026-01-16T08:23:20.020+0000][gc,phases   ] GC(116)   Pre Evacuate Collection Set: 18.9ms
[2026-01-16T08:23:20.020+0000][gc,phases   ] GC(116)   Merge Heap Roots: 0.8ms
[2026-01-16T08:23:20.020+0000][gc,phases   ] GC(116)   Evacuate Collection Set: 282.6ms
[2026-01-16T08:23:20.020+0000][gc,phases   ] GC(116)   Post Evacuate Collection Set: 8.8ms
[2026-01-16T08:23:20.020+0000][gc,phases   ] GC(116)   Other: 1.8ms
[2026-01-16T08:23:20.021+0000][gc,heap     ] GC(116) Eden regions: 49->0(47)
[2026-01-16T08:23:20.021+0000][gc,heap     ] GC(116) Survivor regions: 4->4(7)
[2026-01-16T08:23:20.021+0000][gc,heap     ] GC(116) Old regions: 52->52
[2026-01-16T08:23:20.021+0000][gc,heap     ] GC(116) Humongous regions: 56->56
[2026-01-16T08:23:20.022+0000][gc,metaspace] GC(116) Metaspace: 11036K(11392K)->11036K(11392K) NonClass: 9999K(10176K)->9999K(10176K) Class: 1037K(1216K)->1037K(1216K)
[2026-01-16T08:23:20.022+0000][gc          ] GC(116) Pause Young (Normal) (GCLocker Initiated GC) 159M->111M(1024M) 316.222ms
[2026-01-16T08:23:20.023+0000][gc,cpu      ] GC(116) User=0.17s Sys=0.01s Real=0.32s
[2026-01-16T08:23:20.795+0000][gc,start    ] GC(117) Pause Young (Normal) (G1 Evacuation Pause)
[2026-01-16T08:23:20.798+0000][gc,task     ] GC(117) Using 8 workers of 8 for evacuation
[2026-01-16T08:23:21.146+0000][gc,mmu      ] GC(117) MMU target violated: 201.0ms (200.0ms/201.0ms)
[2026-01-16T08:23:21.146+0000][gc,phases   ] GC(117)   Pre Evacuate Collection Set: 31.0ms
[2026-01-16T08:23:21.146+0000][gc,phases   ] GC(117)   Merge Heap Roots: 1.2ms
[2026-01-16T08:23:21.149+0000][gc,phases   ] GC(117)   Evacuate Collection Set: 299.4ms
[2026-01-16T08:23:21.151+0000][gc,phases   ] GC(117)   Post Evacuate Collection Set: 0.8ms
[2026-01-16T08:23:21.152+0000][gc,phases   ] GC(117)   Other: 15.6ms
[2026-01-16T08:23:21.156+0000][gc,heap     ] GC(117) Eden regions: 47->0(46)
[2026-01-16T08:23:21.156+0000][gc,heap     ] GC(117) Survivor regions: 4->5(7)
[2026-01-16T08:23:21.156+0000][gc,heap     ] GC(117) Old regions: 52->53
[2026-01-16T08:23:21.157+0000][gc,heap     ] GC(117) Humongous regions: 56->56
[2026-01-16T08:23:21.157+0000][gc,metaspace] GC(117) Metaspace: 11037K(11392K)->11037K(11392K) NonClass: 9999K(10176K)->9999K(10176K) Class: 1037K(1216K)->1037K(1216K)
[2026-01-16T08:23:21.157+0000][gc          ] GC(117) Pause Young (Normal) (G1 Evacuation Pause) 158M->112M(1024M) 362.177ms
[2026-01-16T08:23:21.157+0000][gc,cpu      ] GC(117) User=0.07s Sys=0.02s Real=0.36s
[2026-01-16T08:23:23.489+0000][gc,start    ] GC(118) Pause Young (Normal) (G1 Evacuation Pause)
[2026-01-16T08:23:23.491+0000][gc,task     ] GC(118) Using 8 workers of 8 for evacuation
[2026-01-16T08:23:23.892+0000][gc,mmu      ] GC(118) MMU target violated: 201.0ms (200.0ms/201.0ms)
[2026-01-16T08:23:23.898+0000][gc,phases   ] GC(118)   Pre Evacuate Collection Set: 49.3ms
[2026-01-16T08:23:23.901+0000][gc,phases   ] GC(118)   Merge Heap Roots: 2.1ms
[2026-01-16T08:23:23.904+0000][gc,phases   ] GC(118)   Evacuate Collection Set: 294.0ms
[2026-01-16T08:23:23.904+0000][gc,phases   ] GC(118)   Post Evacuate Collection Set: 51.3ms
[2026-01-16T08:23:23.906+0000][gc,phases   ] GC(118)   Other: 10.1ms
[2026-01-16T08:23:23.907+0000][gc,heap     ] GC(118) Eden regions: 46->0(47)
[2026-01-16T08:23:23.907+0000][gc,heap     ] GC(118) Survivor regions: 5->4(7)
[2026-01-16T08:23:23.907+0000][gc,heap     ] GC(118) Old regions: 53->54
[2026-01-16T08:23:23.907+0000][gc,heap     ] GC(118) Humongous regions: 56->56
[2026-01-16T08:23:23.907+0000][gc,metaspace] GC(118) Metaspace: 11044K(11392K)->11044K(11392K) NonClass: 10006K(10176K)->10006K(10176K) Class: 1037K(1216K)->1037K(1216K)
[2026-01-16T08:23:23.907+0000][gc          ] GC(118) Pause Young (Normal) (G1 Evacuation Pause) 158M->113M(1024M) 418.573ms
[2026-01-16T08:23:23.907+0000][gc,cpu      ] GC(118) User=0.28s Sys=0.07s Real=0.42s
[2026-01-16T08:23:27.533+0000][gc,start    ] GC(119) Pause Young (Normal) (G1 Evacuation Pause)
[2026-01-16T08:23:27.548+0000][gc,task     ] GC(119) Using 8 workers of 8 for evacuation
[2026-01-16T08:23:28.069+0000][gc,mmu      ] GC(119) MMU target violated: 201.0ms (200.0ms/201.0ms)
[2026-01-16T08:23:28.073+0000][gc,phases   ] GC(119)   Pre Evacuate Collection Set: 84.3ms
[2026-01-16T08:23:28.073+0000][gc,phases   ] GC(119)   Merge Heap Roots: 0.8ms
[2026-01-16T08:23:28.075+0000][gc,phases   ] GC(119)   Evacuate Collection Set: 415.6ms
[2026-01-16T08:23:28.076+0000][gc,phases   ] GC(119)   Post Evacuate Collection Set: 6.7ms
[2026-01-16T08:23:28.076+0000][gc,phases   ] GC(119)   Other: 19.1ms
[2026-01-16T08:23:28.076+0000][gc,heap     ] GC(119) Eden regions: 47->0(45)
[2026-01-16T08:23:28.077+0000][gc,heap     ] GC(119) Survivor regions: 4->6(7)
[2026-01-16T08:23:28.077+0000][gc,heap     ] GC(119) Old regions: 54->54
[2026-01-16T08:23:28.077+0000][gc,heap     ] GC(119) Humongous regions: 56->56
[2026-01-16T08:23:28.077+0000][gc,metaspace] GC(119) Metaspace: 11048K(11392K)->11048K(11392K) NonClass: 10010K(10176K)->10010K(10176K) Class: 1037K(1216K)->1037K(1216K)
[2026-01-16T08:23:28.078+0000][gc          ] GC(119) Pause Young (Normal) (G1 Evacuation Pause) 160M->114M(1024M) 544.736ms
[2026-01-16T08:23:28.078+0000][gc,cpu      ] GC(119) User=0.28s Sys=0.01s Real=0.54s
[2026-01-16T08:23:28.823+0000][gc,start    ] GC(120) Pause Young (Normal) (G1 Evacuation Pause)
[2026-01-16T08:23:28.826+0000][gc,task     ] GC(120) Using 8 workers of 8 for evacuation
[2026-01-16T08:23:29.164+0000][gc,mmu      ] GC(120) MMU target violated: 201.0ms (200.0ms/201.0ms)
[2026-01-16T08:23:29.165+0000][gc,phases   ] GC(120)   Pre Evacuate Collection Set: 11.0ms
[2026-01-16T08:23:29.167+0000][gc,phases   ] GC(120)   Merge Heap Roots: 0.4ms
[2026-01-16T08:23:29.168+0000][gc,phases   ] GC(120)   Evacuate Collection Set: 315.2ms
[2026-01-16T08:23:29.168+0000][gc,phases   ] GC(120)   Post Evacuate Collection Set: 1.4ms
[2026-01-16T08:23:29.168+0000][gc,phases   ] GC(120)   Other: 10.9ms
[2026-01-16T08:23:29.168+0000][gc,heap     ] GC(120) Eden regions: 45->0(47)
[2026-01-16T08:23:29.168+0000][gc,heap     ] GC(120) Survivor regions: 6->4(7)
[2026-01-16T08:23:29.168+0000][gc,heap     ] GC(120) Old regions: 54->55
[2026-01-16T08:23:29.168+0000][gc,heap     ] GC(120) Humongous regions: 56->56
[2026-01-16T08:23:29.168+0000][gc,metaspace] GC(120) Metaspace: 11049K(11392K)->11049K(11392K) NonClass: 10011K(10176K)->10011K(10176K) Class: 1037K(1216K)->1037K(1216K)
[2026-01-16T08:23:29.168+0000][gc          ] GC(120) Pause Young (Normal) (G1 Evacuation Pause) 159M->114M(1024M) 345.063ms
[2026-01-16T08:23:29.168+0000][gc,cpu      ] GC(120) User=0.07s Sys=0.06s Real=0.34s
[2026-01-16T08:23:30.177+0000][gc,start    ] GC(121) Pause Young (Normal) (G1 Evacuation Pause)
[2026-01-16T08:23:30.177+0000][gc,task     ] GC(121) Using 8 workers of 8 for evacuation
[2026-01-16T08:23:30.480+0000][gc,mmu      ] GC(121) MMU target violated: 201.0ms (200.0ms/201.0ms)
[2026-01-16T08:23:30.484+0000][gc,phases   ] GC(121)   Pre Evacuate Collection Set: 11.7ms
[2026-01-16T08:23:30.485+0000][gc,phases   ] GC(121)   Merge Heap Roots: 0.4ms
[2026-01-16T08:23:30.486+0000][gc,phases   ] GC(121)   Evacuate Collection Set: 288.1ms
[2026-01-16T08:23:30.486+0000][gc,phases   ] GC(121)   Post Evacuate Collection Set: 1.7ms
[2026-01-16T08:23:30.487+0000][gc,phases   ] GC(121)   Other: 5.2ms
[2026-01-16T08:23:30.488+0000][gc,heap     ] GC(121) Eden regions: 47->0(46)
[2026-01-16T08:23:30.488+0000][gc,heap     ] GC(121) Survivor regions: 4->5(7)
[2026-01-16T08:23:30.489+0000][gc,heap     ] GC(121) Old regions: 55->55
[2026-01-16T08:23:30.492+0000][gc,heap     ] GC(121) Humongous regions: 56->56
[2026-01-16T08:23:30.496+0000][gc,metaspace] GC(121) Metaspace: 11062K(11392K)->11062K(11392K) NonClass: 10021K(10176K)->10021K(10176K) Class: 1041K(1216K)->1041K(1216K)
[2026-01-16T08:23:30.496+0000][gc          ] GC(121) Pause Young (Normal) (G1 Evacuation Pause) 161M->114M(1024M) 319.419ms
[2026-01-16T08:23:30.498+0000][gc,cpu      ] GC(121) User=0.14s Sys=0.02s Real=0.32s
[2026-01-16T08:23:33.327+0000][gc,start    ] GC(122) Pause Young (Normal) (G1 Evacuation Pause)
[2026-01-16T08:23:33.329+0000][gc,task     ] GC(122) Using 8 workers of 8 for evacuation
[2026-01-16T08:23:34.053+0000][gc,mmu      ] GC(122) MMU target violated: 201.0ms (200.0ms/201.0ms)
[2026-01-16T08:23:34.057+0000][gc,phases   ] GC(122)   Pre Evacuate Collection Set: 28.2ms
[2026-01-16T08:23:34.058+0000][gc,phases   ] GC(122)   Merge Heap Roots: 1.7ms
[2026-01-16T08:23:34.059+0000][gc,phases   ] GC(122)   Evacuate Collection Set: 676.3ms
[2026-01-16T08:23:34.060+0000][gc,phases   ] GC(122)   Post Evacuate Collection Set: 18.0ms
[2026-01-16T08:23:34.061+0000][gc,phases   ] GC(122)   Other: 4.6ms
[2026-01-16T08:23:34.061+0000][gc,heap     ] GC(122) Eden regions: 46->0(46)
[2026-01-16T08:23:34.064+0000][gc,heap     ] GC(122) Survivor regions: 5->5(7)
[2026-01-16T08:23:34.065+0000][gc,heap     ] GC(122) Old regions: 55->55
[2026-01-16T08:23:34.065+0000][gc,heap     ] GC(122) Humongous regions: 56->56
[2026-01-16T08:23:34.065+0000][gc,metaspace] GC(122) Metaspace: 11093K(11392K)->11093K(11392K) NonClass: 10047K(10176K)->10047K(10176K) Class: 1045K(1216K)->1045K(1216K)
[2026-01-16T08:23:34.065+0000][gc          ] GC(122) Pause Young (Normal) (G1 Evacuation Pause) 160M->115M(1024M) 738.235ms
[2026-01-16T08:23:34.066+0000][gc,cpu      ] GC(122) User=0.25s Sys=0.02s Real=0.74s
[2026-01-16T08:23:37.462+0000][gc,start    ] GC(123) Pause Young (Normal) (G1 Evacuation Pause)
[2026-01-16T08:23:37.466+0000][gc,task     ] GC(123) Using 8 workers of 8 for evacuation
[2026-01-16T08:23:37.929+0000][gc,mmu      ] GC(123) MMU target violated: 201.0ms (200.0ms/201.0ms)
[2026-01-16T08:23:37.930+0000][gc,phases   ] GC(123)   Pre Evacuate Collection Set: 36.1ms
[2026-01-16T08:23:37.930+0000][gc,phases   ] GC(123)   Merge Heap Roots: 0.8ms
[2026-01-16T08:23:37.930+0000][gc,phases   ] GC(123)   Evacuate Collection Set: 397.3ms
[2026-01-16T08:23:37.930+0000][gc,phases   ] GC(123)   Post Evacuate Collection Set: 25.9ms
[2026-01-16T08:23:37.930+0000][gc,phases   ] GC(123)   Other: 3.7ms
[2026-01-16T08:23:37.930+0000][gc,heap     ] GC(123) Eden regions: 46->0(46)
[2026-01-16T08:23:37.930+0000][gc,heap     ] GC(123) Survivor regions: 5->5(7)
[2026-01-16T08:23:37.930+0000][gc,heap     ] GC(123) Old regions: 55->56
[2026-01-16T08:23:37.930+0000][gc,heap     ] GC(123) Humongous regions: 56->56
[2026-01-16T08:23:37.930+0000][gc,metaspace] GC(123) Metaspace: 11111K(11456K)->11111K(11456K) NonClass: 10062K(10240K)->10062K(10240K) Class: 1049K(1216K)->1049K(1216K)
[2026-01-16T08:23:37.930+0000][gc          ] GC(123) Pause Young (Normal) (G1 Evacuation Pause) 161M->115M(1024M) 468.398ms
[2026-01-16T08:23:37.930+0000][gc,cpu      ] GC(123) User=0.21s Sys=0.03s Real=0.47s
[2026-01-16T08:23:41.340+0000][gc,start    ] GC(124) Pause Young (Normal) (G1 Evacuation Pause)
[2026-01-16T08:23:41.348+0000][gc,task     ] GC(124) Using 8 workers of 8 for evacuation
[2026-01-16T08:23:42.411+0000][gc,mmu      ] GC(124) MMU target violated: 201.0ms (200.0ms/201.0ms)
[2026-01-16T08:23:42.414+0000][gc,phases   ] GC(124)   Pre Evacuate Collection Set: 104.1ms
[2026-01-16T08:23:42.418+0000][gc,phases   ] GC(124)   Merge Heap Roots: 12.8ms
[2026-01-16T08:23:42.421+0000][gc,phases   ] GC(124)   Evacuate Collection Set: 905.1ms
[2026-01-16T08:23:42.425+0000][gc,phases   ] GC(124)   Post Evacuate Collection Set: 37.1ms
[2026-01-16T08:23:42.427+0000][gc,phases   ] GC(124)   Other: 6.9ms
[2026-01-16T08:23:42.428+0000][gc,heap     ] GC(124) Eden regions: 46->0(47)
[2026-01-16T08:23:42.428+0000][gc,heap     ] GC(124) Survivor regions: 5->4(7)
[2026-01-16T08:23:42.428+0000][gc,heap     ] GC(124) Old regions: 56->57
[2026-01-16T08:23:42.429+0000][gc,heap     ] GC(124) Humongous regions: 56->56
[2026-01-16T08:23:42.429+0000][gc,metaspace] GC(124) Metaspace: 11112K(11456K)->11112K(11456K) NonClass: 10062K(10240K)->10062K(10240K) Class: 1049K(1216K)->1049K(1216K)
[2026-01-16T08:23:42.430+0000][gc          ] GC(124) Pause Young (Normal) (G1 Evacuation Pause) 161M->116M(1024M) 1089.555ms
[2026-01-16T08:23:42.430+0000][gc,cpu      ] GC(124) User=0.39s Sys=0.16s Real=1.09s
[2026-01-16T08:23:45.499+0000][gc,start    ] GC(125) Pause Young (Normal) (G1 Evacuation Pause)
[2026-01-16T08:23:45.502+0000][gc,task     ] GC(125) Using 8 workers of 8 for evacuation
[2026-01-16T08:23:46.179+0000][gc,mmu      ] GC(125) MMU target violated: 201.0ms (200.0ms/201.0ms)
[2026-01-16T08:23:46.180+0000][gc,phases   ] GC(125)   Pre Evacuate Collection Set: 58.7ms
[2026-01-16T08:23:46.180+0000][gc,phases   ] GC(125)   Merge Heap Roots: 5.1ms
[2026-01-16T08:23:46.180+0000][gc,phases   ] GC(125)   Evacuate Collection Set: 559.1ms
[2026-01-16T08:23:46.180+0000][gc,phases   ] GC(125)   Post Evacuate Collection Set: 47.4ms
[2026-01-16T08:23:46.180+0000][gc,phases   ] GC(125)   Other: 8.0ms
[2026-01-16T08:23:46.180+0000][gc,heap     ] GC(125) Eden regions: 47->0(46)
[2026-01-16T08:23:46.180+0000][gc,heap     ] GC(125) Survivor regions: 4->5(7)
[2026-01-16T08:23:46.180+0000][gc,heap     ] GC(125) Old regions: 57->57
[2026-01-16T08:23:46.180+0000][gc,heap     ] GC(125) Humongous regions: 56->56
[2026-01-16T08:23:46.180+0000][gc,metaspace] GC(125) Metaspace: 11114K(11456K)->11114K(11456K) NonClass: 10065K(10240K)->10065K(10240K) Class: 1049K(1216K)->1049K(1216K)
[2026-01-16T08:23:46.181+0000][gc          ] GC(125) Pause Young (Normal) (G1 Evacuation Pause) 163M->117M(1024M) 681.278ms
[2026-01-16T08:23:46.181+0000][gc,cpu      ] GC(125) User=0.32s Sys=0.01s Real=0.68s
[2026-01-16T08:23:48.302+0000][gc,start    ] GC(126) Pause Young (Normal) (G1 Evacuation Pause)
[2026-01-16T08:23:48.305+0000][gc,task     ] GC(126) Using 8 workers of 8 for evacuation
[2026-01-16T08:23:48.829+0000][gc,mmu      ] GC(126) MMU target violated: 201.0ms (200.0ms/201.0ms)
[2026-01-16T08:23:48.832+0000][gc,phases   ] GC(126)   Pre Evacuate Collection Set: 25.4ms
[2026-01-16T08:23:48.834+0000][gc,phases   ] GC(126)   Merge Heap Roots: 2.4ms
[2026-01-16T08:23:48.835+0000][gc,phases   ] GC(126)   Evacuate Collection Set: 486.5ms
[2026-01-16T08:23:48.835+0000][gc,phases   ] GC(126)   Post Evacuate Collection Set: 7.6ms
[2026-01-16T08:23:48.836+0000][gc,phases   ] GC(126)   Other: 5.5ms
[2026-01-16T08:23:48.837+0000][gc,heap     ] GC(126) Eden regions: 46->0(46)
[2026-01-16T08:23:48.837+0000][gc,heap     ] GC(126) Survivor regions: 5->5(7)
[2026-01-16T08:23:48.838+0000][gc,heap     ] GC(126) Old regions: 57->58
[2026-01-16T08:23:48.838+0000][gc,heap     ] GC(126) Humongous regions: 56->56
[2026-01-16T08:23:48.838+0000][gc,metaspace] GC(126) Metaspace: 11115K(11520K)->11115K(11520K) NonClass: 10066K(10304K)->10066K(10304K) Class: 1049K(1216K)->1049K(1216K)
[2026-01-16T08:23:48.839+0000][gc          ] GC(126) Pause Young (Normal) (G1 Evacuation Pause) 163M->117M(1024M) 536.516ms
[2026-01-16T08:23:48.839+0000][gc,cpu      ] GC(126) User=0.22s Sys=0.02s Real=0.55s
[2026-01-16T08:24:01.950+0000][gc,start    ] GC(127) Pause Young (Normal) (G1 Evacuation Pause)
[2026-01-16T08:24:01.985+0000][gc,task     ] GC(127) Using 8 workers of 8 for evacuation
[2026-01-16T08:24:02.613+0000][gc,mmu      ] GC(127) MMU target violated: 201.0ms (200.0ms/201.0ms)
[2026-01-16T08:24:02.618+0000][gc,phases   ] GC(127)   Pre Evacuate Collection Set: 149.3ms
[2026-01-16T08:24:02.619+0000][gc,phases   ] GC(127)   Merge Heap Roots: 3.3ms
[2026-01-16T08:24:02.626+0000][gc,phases   ] GC(127)   Evacuate Collection Set: 459.6ms
[2026-01-16T08:24:02.627+0000][gc,phases   ] GC(127)   Post Evacuate Collection Set: 13.7ms
[2026-01-16T08:24:02.628+0000][gc,phases   ] GC(127)   Other: 15.6ms
[2026-01-16T08:24:02.632+0000][gc,heap     ] GC(127) Eden regions: 46->0(46)
[2026-01-16T08:24:02.642+0000][gc,heap     ] GC(127) Survivor regions: 5->5(7)
[2026-01-16T08:24:02.643+0000][gc,heap     ] GC(127) Old regions: 58->58
[2026-01-16T08:24:02.644+0000][gc,heap     ] GC(127) Humongous regions: 56->56
[2026-01-16T08:24:02.646+0000][gc,metaspace] GC(127) Metaspace: 11135K(11520K)->11135K(11520K) NonClass: 10082K(10304K)->10082K(10304K) Class: 1052K(1216K)->1052K(1216K)
[2026-01-16T08:24:02.649+0000][gc          ] GC(127) Pause Young (Normal) (G1 Evacuation Pause) 163M->118M(1024M) 698.282ms
[2026-01-16T08:24:02.653+0000][gc,cpu      ] GC(127) User=0.30s Sys=0.04s Real=0.70s
[2026-01-16T08:24:06.181+0000][gc,start    ] GC(128) Pause Young (Normal) (G1 Evacuation Pause)
[2026-01-16T08:24:06.185+0000][gc,task     ] GC(128) Using 8 workers of 8 for evacuation
[2026-01-16T08:24:07.350+0000][gc,mmu      ] GC(128) MMU target violated: 201.0ms (200.0ms/201.0ms)
[2026-01-16T08:24:07.366+0000][gc,phases   ] GC(128)   Pre Evacuate Collection Set: 97.8ms
[2026-01-16T08:24:07.369+0000][gc,phases   ] GC(128)   Merge Heap Roots: 29.0ms
[2026-01-16T08:24:07.371+0000][gc,phases   ] GC(128)   Evacuate Collection Set: 771.3ms
[2026-01-16T08:24:07.375+0000][gc,phases   ] GC(128)   Post Evacuate Collection Set: 253.7ms
[2026-01-16T08:24:07.375+0000][gc,phases   ] GC(128)   Other: 29.7ms
[2026-01-16T08:24:07.376+0000][gc,heap     ] GC(128) Eden regions: 46->0(46)
[2026-01-16T08:24:07.376+0000][gc,heap     ] GC(128) Survivor regions: 5->5(7)
[2026-01-16T08:24:07.376+0000][gc,heap     ] GC(128) Old regions: 58->59
[2026-01-16T08:24:07.377+0000][gc,heap     ] GC(128) Humongous regions: 56->56
[2026-01-16T08:24:07.377+0000][gc,metaspace] GC(128) Metaspace: 11140K(11520K)->11140K(11520K) NonClass: 10087K(10304K)->10087K(10304K) Class: 1052K(1216K)->1052K(1216K)
[2026-01-16T08:24:07.425+0000][gc          ] GC(128) Pause Young (Normal) (G1 Evacuation Pause) 164M->119M(1024M) 1244.376ms
[2026-01-16T08:24:07.430+0000][gc,cpu      ] GC(128) User=0.38s Sys=0.07s Real=1.25s
[2026-01-16T08:24:11.024+0000][gc,start    ] GC(129) Pause Young (Normal) (G1 Evacuation Pause)
[2026-01-16T08:24:11.077+0000][gc,task     ] GC(129) Using 8 workers of 8 for evacuation
[2026-01-16T08:24:13.269+0000][gc,mmu      ] GC(129) MMU target violated: 201.0ms (200.0ms/201.0ms)
[2026-01-16T08:24:13.273+0000][gc,phases   ] GC(129)   Pre Evacuate Collection Set: 130.6ms
[2026-01-16T08:24:13.276+0000][gc,phases   ] GC(129)   Merge Heap Roots: 44.2ms
[2026-01-16T08:24:13.277+0000][gc,phases   ] GC(129)   Evacuate Collection Set: 1855.2ms
[2026-01-16T08:24:13.285+0000][gc,phases   ] GC(129)   Post Evacuate Collection Set: 150.4ms
[2026-01-16T08:24:13.286+0000][gc,phases   ] GC(129)   Other: 42.6ms
[2026-01-16T08:24:13.287+0000][gc,heap     ] GC(129) Eden regions: 46->0(46)
[2026-01-16T08:24:13.287+0000][gc,heap     ] GC(129) Survivor regions: 5->5(7)
[2026-01-16T08:24:13.287+0000][gc,heap     ] GC(129) Old regions: 59->60
[2026-01-16T08:24:13.288+0000][gc,heap     ] GC(129) Humongous regions: 56->56
[2026-01-16T08:24:13.289+0000][gc,metaspace] GC(129) Metaspace: 11148K(11520K)->11148K(11520K) NonClass: 10095K(10304K)->10095K(10304K) Class: 1052K(1216K)->1052K(1216K)
[2026-01-16T08:24:13.291+0000][gc          ] GC(129) Pause Young (Normal) (G1 Evacuation Pause) 165M->119M(1024M) 2266.455ms
[2026-01-16T08:24:13.294+0000][gc,cpu      ] GC(129) User=0.73s Sys=0.15s Real=2.27s
[2026-01-16T08:24:15.420+0000][gc,start    ] GC(130) Pause Young (Normal) (G1 Evacuation Pause)
[2026-01-16T08:24:15.432+0000][gc,task     ] GC(130) Using 8 workers of 8 for evacuation
[2026-01-16T08:24:16.001+0000][gc,mmu      ] GC(130) MMU target violated: 201.0ms (200.0ms/201.0ms)
[2026-01-16T08:24:16.008+0000][gc,phases   ] GC(130)   Pre Evacuate Collection Set: 47.1ms
[2026-01-16T08:24:16.011+0000][gc,phases   ] GC(130)   Merge Heap Roots: 15.5ms
[2026-01-16T08:24:16.011+0000][gc,phases   ] GC(130)   Evacuate Collection Set: 489.9ms
[2026-01-16T08:24:16.012+0000][gc,phases   ] GC(130)   Post Evacuate Collection Set: 12.6ms
[2026-01-16T08:24:16.012+0000][gc,phases   ] GC(130)   Other: 11.0ms
[2026-01-16T08:24:16.012+0000][gc,heap     ] GC(130) Eden regions: 46->0(47)
[2026-01-16T08:24:16.014+0000][gc,heap     ] GC(130) Survivor regions: 5->4(7)
[2026-01-16T08:24:16.014+0000][gc,heap     ] GC(130) Old regions: 60->61
[2026-01-16T08:24:16.014+0000][gc,heap     ] GC(130) Humongous regions: 56->56
[2026-01-16T08:24:16.014+0000][gc,metaspace] GC(130) Metaspace: 11149K(11520K)->11149K(11520K) NonClass: 10096K(10304K)->10096K(10304K) Class: 1052K(1216K)->1052K(1216K)
[2026-01-16T08:24:16.015+0000][gc          ] GC(130) Pause Young (Normal) (G1 Evacuation Pause) 165M->120M(1024M) 595.699ms
[2026-01-16T08:24:16.016+0000][gc,cpu      ] GC(130) User=0.22s Sys=0.01s Real=0.60s
[2026-01-16T08:24:17.249+0000][gc,start    ] GC(131) Pause Young (Normal) (G1 Evacuation Pause)
[2026-01-16T08:24:17.249+0000][gc,task     ] GC(131) Using 8 workers of 8 for evacuation
[2026-01-16T08:24:17.861+0000][gc,mmu      ] GC(131) MMU target violated: 201.0ms (200.0ms/201.0ms)
[2026-01-16T08:24:17.863+0000][gc,phases   ] GC(131)   Pre Evacuate Collection Set: 43.8ms
[2026-01-16T08:24:17.865+0000][gc,phases   ] GC(131)   Merge Heap Roots: 0.3ms
[2026-01-16T08:24:17.867+0000][gc,phases   ] GC(131)   Evacuate Collection Set: 545.5ms
[2026-01-16T08:24:17.868+0000][gc,phases   ] GC(131)   Post Evacuate Collection Set: 21.3ms
[2026-01-16T08:24:17.868+0000][gc,phases   ] GC(131)   Other: 2.6ms
[2026-01-16T08:24:17.868+0000][gc,heap     ] GC(131) Eden regions: 47->0(47)
[2026-01-16T08:24:17.868+0000][gc,heap     ] GC(131) Survivor regions: 4->4(7)
[2026-01-16T08:24:17.869+0000][gc,heap     ] GC(131) Old regions: 61->62
[2026-01-16T08:24:17.869+0000][gc,heap     ] GC(131) Humongous regions: 56->56
[2026-01-16T08:24:17.869+0000][gc,metaspace] GC(131) Metaspace: 11156K(11520K)->11156K(11520K) NonClass: 10104K(10304K)->10104K(10304K) Class: 1052K(1216K)->1052K(1216K)
[2026-01-16T08:24:17.869+0000][gc          ] GC(131) Pause Young (Normal) (G1 Evacuation Pause) 167M->120M(1024M) 620.634ms
[2026-01-16T08:24:17.870+0000][gc,cpu      ] GC(131) User=0.19s Sys=0.05s Real=0.62s
[2026-01-16T08:24:19.288+0000][gc,start    ] GC(132) Pause Young (Normal) (G1 Evacuation Pause)
[2026-01-16T08:24:19.290+0000][gc,task     ] GC(132) Using 8 workers of 8 for evacuation
[2026-01-16T08:24:19.432+0000][gc,phases   ] GC(132)   Pre Evacuate Collection Set: 10.2ms
[2026-01-16T08:24:19.432+0000][gc,phases   ] GC(132)   Merge Heap Roots: 0.4ms
[2026-01-16T08:24:19.436+0000][gc,phases   ] GC(132)   Evacuate Collection Set: 120.7ms
[2026-01-16T08:24:19.438+0000][gc,phases   ] GC(132)   Post Evacuate Collection Set: 9.7ms
[2026-01-16T08:24:19.440+0000][gc,phases   ] GC(132)   Other: 0.7ms
[2026-01-16T08:24:19.440+0000][gc,heap     ] GC(132) Eden regions: 47->0(47)
[2026-01-16T08:24:19.440+0000][gc,heap     ] GC(132) Survivor regions: 4->4(7)
[2026-01-16T08:24:19.440+0000][gc,heap     ] GC(132) Old regions: 62->62
[2026-01-16T08:24:19.441+0000][gc,heap     ] GC(132) Humongous regions: 56->56
[2026-01-16T08:24:19.442+0000][gc,metaspace] GC(132) Metaspace: 11159K(11520K)->11159K(11520K) NonClass: 10107K(10304K)->10107K(10304K) Class: 1052K(1216K)->1052K(1216K)
[2026-01-16T08:24:19.443+0000][gc          ] GC(132) Pause Young (Normal) (G1 Evacuation Pause) 167M->121M(1024M) 154.935ms
[2026-01-16T08:24:19.444+0000][gc,cpu      ] GC(132) User=0.10s Sys=0.02s Real=0.16s
[2026-01-16T08:24:20.234+0000][gc,start    ] GC(133) Pause Young (Normal) (G1 Evacuation Pause)
[2026-01-16T08:24:20.235+0000][gc,task     ] GC(133) Using 8 workers of 8 for evacuation
[2026-01-16T08:24:20.338+0000][gc,phases   ] GC(133)   Pre Evacuate Collection Set: 4.4ms
[2026-01-16T08:24:20.342+0000][gc,phases   ] GC(133)   Merge Heap Roots: 0.4ms
[2026-01-16T08:24:20.345+0000][gc,phases   ] GC(133)   Evacuate Collection Set: 96.6ms
[2026-01-16T08:24:20.346+0000][gc,phases   ] GC(133)   Post Evacuate Collection Set: 1.1ms
[2026-01-16T08:24:20.360+0000][gc,phases   ] GC(133)   Other: 0.8ms
[2026-01-16T08:24:20.360+0000][gc,heap     ] GC(133) Eden regions: 47->0(46)
[2026-01-16T08:24:20.361+0000][gc,heap     ] GC(133) Survivor regions: 4->5(7)
[2026-01-16T08:24:20.362+0000][gc,heap     ] GC(133) Old regions: 62->62
[2026-01-16T08:24:20.362+0000][gc,heap     ] GC(133) Humongous regions: 56->56
[2026-01-16T08:24:20.362+0000][gc,metaspace] GC(133) Metaspace: 11162K(11520K)->11162K(11520K) NonClass: 10109K(10304K)->10109K(10304K) Class: 1052K(1216K)->1052K(1216K)
[2026-01-16T08:24:20.363+0000][gc          ] GC(133) Pause Young (Normal) (G1 Evacuation Pause) 168M->122M(1024M) 129.055ms
[2026-01-16T08:24:20.363+0000][gc,cpu      ] GC(133) User=0.05s Sys=0.00s Real=0.12s
[2026-01-16T08:24:21.305+0000][gc,start    ] GC(134) Pause Young (Normal) (G1 Evacuation Pause)
[2026-01-16T08:24:21.307+0000][gc,task     ] GC(134) Using 8 workers of 8 for evacuation
[2026-01-16T08:24:21.616+0000][gc,mmu      ] GC(134) MMU target violated: 201.0ms (200.0ms/201.0ms)
[2026-01-16T08:24:21.616+0000][gc,phases   ] GC(134)   Pre Evacuate Collection Set: 25.2ms
[2026-01-16T08:24:21.616+0000][gc,phases   ] GC(134)   Merge Heap Roots: 1.0ms
[2026-01-16T08:24:21.616+0000][gc,phases   ] GC(134)   Evacuate Collection Set: 269.0ms
[2026-01-16T08:24:21.616+0000][gc,phases   ] GC(134)   Post Evacuate Collection Set: 10.3ms
[2026-01-16T08:24:21.616+0000][gc,phases   ] GC(134)   Other: 4.5ms
[2026-01-16T08:24:21.619+0000][gc,heap     ] GC(134) Eden regions: 46->0(46)
[2026-01-16T08:24:21.621+0000][gc,heap     ] GC(134) Survivor regions: 5->5(7)
[2026-01-16T08:24:21.623+0000][gc,heap     ] GC(134) Old regions: 62->63
[2026-01-16T08:24:21.636+0000][gc,heap     ] GC(134) Humongous regions: 56->56
[2026-01-16T08:24:21.638+0000][gc,metaspace] GC(134) Metaspace: 11164K(11520K)->11164K(11520K) NonClass: 10111K(10304K)->10111K(10304K) Class: 1052K(1216K)->1052K(1216K)
[2026-01-16T08:24:21.640+0000][gc          ] GC(134) Pause Young (Normal) (G1 Evacuation Pause) 168M->122M(1024M) 334.590ms
[2026-01-16T08:24:21.640+0000][gc,cpu      ] GC(134) User=0.22s Sys=0.03s Real=0.33s
[2026-01-16T08:24:23.461+0000][gc,start    ] GC(135) Pause Young (Normal) (G1 Evacuation Pause)
[2026-01-16T08:24:23.467+0000][gc,task     ] GC(135) Using 8 workers of 8 for evacuation
[2026-01-16T08:24:23.742+0000][gc,mmu      ] GC(135) MMU target violated: 201.0ms (200.0ms/201.0ms)
[2026-01-16T08:24:23.745+0000][gc,phases   ] GC(135)   Pre Evacuate Collection Set: 7.5ms
[2026-01-16T08:24:23.749+0000][gc,phases   ] GC(135)   Merge Heap Roots: 8.7ms
[2026-01-16T08:24:23.749+0000][gc,phases   ] GC(135)   Evacuate Collection Set: 233.4ms
[2026-01-16T08:24:23.749+0000][gc,phases   ] GC(135)   Post Evacuate Collection Set: 24.4ms
[2026-01-16T08:24:23.750+0000][gc,phases   ] GC(135)   Other: 4.0ms
[2026-01-16T08:24:23.751+0000][gc,heap     ] GC(135) Eden regions: 46->0(46)
[2026-01-16T08:24:23.751+0000][gc,heap     ] GC(135) Survivor regions: 5->5(7)
[2026-01-16T08:24:23.751+0000][gc,heap     ] GC(135) Old regions: 63->63
[2026-01-16T08:24:23.754+0000][gc,heap     ] GC(135) Humongous regions: 56->56
[2026-01-16T08:24:23.754+0000][gc,metaspace] GC(135) Metaspace: 11164K(11520K)->11164K(11520K) NonClass: 10111K(10304K)->10111K(10304K) Class: 1052K(1216K)->1052K(1216K)
[2026-01-16T08:24:23.755+0000][gc          ] GC(135) Pause Young (Normal) (G1 Evacuation Pause) 168M->123M(1024M) 293.735ms
[2026-01-16T08:24:23.757+0000][gc,cpu      ] GC(135) User=0.16s Sys=0.02s Real=0.30s
[2026-01-16T08:24:29.334+0000][gc,start    ] GC(136) Pause Young (Normal) (G1 Evacuation Pause)
[2026-01-16T08:24:29.335+0000][gc,task     ] GC(136) Using 8 workers of 8 for evacuation
[2026-01-16T08:24:30.378+0000][gc,mmu      ] GC(136) MMU target violated: 201.0ms (200.0ms/201.0ms)
[2026-01-16T08:24:30.379+0000][gc,phases   ] GC(136)   Pre Evacuate Collection Set: 55.2ms
[2026-01-16T08:24:30.385+0000][gc,phases   ] GC(136)   Merge Heap Roots: 9.8ms
[2026-01-16T08:24:30.387+0000][gc,phases   ] GC(136)   Evacuate Collection Set: 865.6ms
[2026-01-16T08:24:30.392+0000][gc,phases   ] GC(136)   Post Evacuate Collection Set: 83.3ms
[2026-01-16T08:24:30.392+0000][gc,phases   ] GC(136)   Other: 30.2ms
[2026-01-16T08:24:30.392+0000][gc,heap     ] GC(136) Eden regions: 46->0(46)
[2026-01-16T08:24:30.394+0000][gc,heap     ] GC(136) Survivor regions: 5->5(7)
[2026-01-16T08:24:30.395+0000][gc,heap     ] GC(136) Old regions: 63->64
[2026-01-16T08:24:30.395+0000][gc,heap     ] GC(136) Humongous regions: 56->56
[2026-01-16T08:24:30.396+0000][gc,metaspace] GC(136) Metaspace: 11172K(11520K)->11172K(11520K) NonClass: 10118K(10304K)->10118K(10304K) Class: 1053K(1216K)->1053K(1216K)
[2026-01-16T08:24:30.396+0000][gc          ] GC(136) Pause Young (Normal) (G1 Evacuation Pause) 169M->123M(1024M) 1062.196ms
[2026-01-16T08:24:30.397+0000][gc,cpu      ] GC(136) User=0.35s Sys=0.09s Real=1.07s
[2026-01-16T08:24:33.033+0000][gc,start    ] GC(137) Pause Young (Normal) (G1 Evacuation Pause)
[2026-01-16T08:24:33.034+0000][gc,task     ] GC(137) Using 8 workers of 8 for evacuation
[2026-01-16T08:24:33.383+0000][gc,mmu      ] GC(137) MMU target violated: 201.0ms (200.0ms/201.0ms)
[2026-01-16T08:24:33.383+0000][gc,phases   ] GC(137)   Pre Evacuate Collection Set: 27.8ms
[2026-01-16T08:24:33.383+0000][gc,phases   ] GC(137)   Merge Heap Roots: 1.1ms
[2026-01-16T08:24:33.386+0000][gc,phases   ] GC(137)   Evacuate Collection Set: 307.0ms
[2026-01-16T08:24:33.386+0000][gc,phases   ] GC(137)   Post Evacuate Collection Set: 11.8ms
[2026-01-16T08:24:33.387+0000][gc,phases   ] GC(137)   Other: 2.1ms
[2026-01-16T08:24:33.387+0000][gc,heap     ] GC(137) Eden regions: 46->0(46)
[2026-01-16T08:24:33.387+0000][gc,heap     ] GC(137) Survivor regions: 5->5(7)
[2026-01-16T08:24:33.387+0000][gc,heap     ] GC(137) Old regions: 64->65
[2026-01-16T08:24:33.387+0000][gc,heap     ] GC(137) Humongous regions: 56->56
[2026-01-16T08:24:33.388+0000][gc,metaspace] GC(137) Metaspace: 11182K(11520K)->11182K(11520K) NonClass: 10128K(10304K)->10128K(10304K) Class: 1054K(1216K)->1054K(1216K)
[2026-01-16T08:24:33.389+0000][gc          ] GC(137) Pause Young (Normal) (G1 Evacuation Pause) 169M->124M(1024M) 355.456ms
[2026-01-16T08:24:33.389+0000][gc,cpu      ] GC(137) User=0.23s Sys=0.02s Real=0.36s
[2026-01-16T08:24:34.803+0000][gc,start    ] GC(138) Pause Young (Normal) (G1 Evacuation Pause)
[2026-01-16T08:24:34.805+0000][gc,task     ] GC(138) Using 8 workers of 8 for evacuation
[2026-01-16T08:24:35.022+0000][gc,mmu      ] GC(138) MMU target violated: 201.0ms (200.0ms/201.0ms)
[2026-01-16T08:24:35.023+0000][gc,phases   ] GC(138)   Pre Evacuate Collection Set: 10.9ms
[2026-01-16T08:24:35.023+0000][gc,phases   ] GC(138)   Merge Heap Roots: 1.1ms
[2026-01-16T08:24:35.023+0000][gc,phases   ] GC(138)   Evacuate Collection Set: 196.7ms
[2026-01-16T08:24:35.023+0000][gc,phases   ] GC(138)   Post Evacuate Collection Set: 3.3ms
[2026-01-16T08:24:35.023+0000][gc,phases   ] GC(138)   Other: 6.0ms
[2026-01-16T08:24:35.023+0000][gc,heap     ] GC(138) Eden regions: 46->0(46)
[2026-01-16T08:24:35.024+0000][gc,heap     ] GC(138) Survivor regions: 5->5(7)
[2026-01-16T08:24:35.024+0000][gc,heap     ] GC(138) Old regions: 65->65
[2026-01-16T08:24:35.024+0000][gc,heap     ] GC(138) Humongous regions: 56->56
[2026-01-16T08:24:35.024+0000][gc,metaspace] GC(138) Metaspace: 11183K(11520K)->11183K(11520K) NonClass: 10128K(10304K)->10128K(10304K) Class: 1054K(1216K)->1054K(1216K)
[2026-01-16T08:24:35.025+0000][gc          ] GC(138) Pause Young (Normal) (G1 Evacuation Pause) 170M->125M(1024M) 221.598ms
[2026-01-16T08:24:35.025+0000][gc,cpu      ] GC(138) User=0.10s Sys=0.05s Real=0.22s
[2026-01-16T08:24:35.888+0000][gc,start    ] GC(139) Pause Young (Normal) (GCLocker Initiated GC)
[2026-01-16T08:24:35.889+0000][gc,task     ] GC(139) Using 8 workers of 8 for evacuation
[2026-01-16T08:24:35.979+0000][gc,phases   ] GC(139)   Pre Evacuate Collection Set: 6.0ms
[2026-01-16T08:24:35.980+0000][gc,phases   ] GC(139)   Merge Heap Roots: 0.2ms
[2026-01-16T08:24:35.983+0000][gc,phases   ] GC(139)   Evacuate Collection Set: 81.5ms
[2026-01-16T08:24:35.983+0000][gc,phases   ] GC(139)   Post Evacuate Collection Set: 1.5ms
[2026-01-16T08:24:35.985+0000][gc,phases   ] GC(139)   Other: 0.7ms
[2026-01-16T08:24:35.985+0000][gc,heap     ] GC(139) Eden regions: 46->0(47)
[2026-01-16T08:24:35.985+0000][gc,heap     ] GC(139) Survivor regions: 5->4(7)
[2026-01-16T08:24:35.985+0000][gc,heap     ] GC(139) Old regions: 65->67
[2026-01-16T08:24:35.986+0000][gc,heap     ] GC(139) Humongous regions: 56->56
[2026-01-16T08:24:35.986+0000][gc,metaspace] GC(139) Metaspace: 11183K(11520K)->11183K(11520K) NonClass: 10128K(10304K)->10128K(10304K) Class: 1054K(1216K)->1054K(1216K)
[2026-01-16T08:24:35.987+0000][gc          ] GC(139) Pause Young (Normal) (GCLocker Initiated GC) 171M->125M(1024M) 98.619ms
[2026-01-16T08:24:35.987+0000][gc,cpu      ] GC(139) User=0.04s Sys=0.02s Real=0.10s
[2026-01-16T08:24:36.987+0000][gc,start    ] GC(140) Pause Young (Normal) (G1 Evacuation Pause)
[2026-01-16T08:24:36.988+0000][gc,task     ] GC(140) Using 8 workers of 8 for evacuation
[2026-01-16T08:24:37.440+0000][gc,mmu      ] GC(140) MMU target violated: 201.0ms (200.0ms/201.0ms)
[2026-01-16T08:24:37.441+0000][gc,phases   ] GC(140)   Pre Evacuate Collection Set: 31.1ms
[2026-01-16T08:24:37.450+0000][gc,phases   ] GC(140)   Merge Heap Roots: 21.9ms
[2026-01-16T08:24:37.463+0000][gc,phases   ] GC(140)   Evacuate Collection Set: 360.9ms
[2026-01-16T08:24:37.480+0000][gc,phases   ] GC(140)   Post Evacuate Collection Set: 37.4ms
[2026-01-16T08:24:37.498+0000][gc,phases   ] GC(140)   Other: 2.2ms
[2026-01-16T08:24:37.515+0000][gc,heap     ] GC(140) Eden regions: 47->0(46)
[2026-01-16T08:24:37.552+0000][gc,heap     ] GC(140) Survivor regions: 4->5(7)
[2026-01-16T08:24:37.553+0000][gc,heap     ] GC(140) Old regions: 67->67
[2026-01-16T08:24:37.553+0000][gc,heap     ] GC(140) Humongous regions: 56->56
[2026-01-16T08:24:37.555+0000][gc,metaspace] GC(140) Metaspace: 11183K(11520K)->11183K(11520K) NonClass: 10128K(10304K)->10128K(10304K) Class: 1054K(1216K)->1054K(1216K)
[2026-01-16T08:24:37.560+0000][gc          ] GC(140) Pause Young (Normal) (G1 Evacuation Pause) 172M->126M(1024M) 573.269ms
[2026-01-16T08:24:37.569+0000][gc,cpu      ] GC(140) User=0.15s Sys=0.01s Real=0.58s
[2026-01-16T08:24:39.759+0000][gc,start    ] GC(141) Pause Young (Normal) (G1 Evacuation Pause)
[2026-01-16T08:24:39.759+0000][gc,task     ] GC(141) Using 8 workers of 8 for evacuation
[2026-01-16T08:24:40.053+0000][gc,mmu      ] GC(141) MMU target violated: 201.0ms (200.0ms/201.0ms)
[2026-01-16T08:24:40.057+0000][gc,phases   ] GC(141)   Pre Evacuate Collection Set: 17.6ms
[2026-01-16T08:24:40.058+0000][gc,phases   ] GC(141)   Merge Heap Roots: 0.8ms
[2026-01-16T08:24:40.058+0000][gc,phases   ] GC(141)   Evacuate Collection Set: 254.8ms
[2026-01-16T08:24:40.058+0000][gc,phases   ] GC(141)   Post Evacuate Collection Set: 19.4ms
[2026-01-16T08:24:40.059+0000][gc,phases   ] GC(141)   Other: 5.6ms
[2026-01-16T08:24:40.059+0000][gc,heap     ] GC(141) Eden regions: 46->0(46)
[2026-01-16T08:24:40.059+0000][gc,heap     ] GC(141) Survivor regions: 5->5(7)
[2026-01-16T08:24:40.059+0000][gc,heap     ] GC(141) Old regions: 67->67
[2026-01-16T08:24:40.060+0000][gc,heap     ] GC(141) Humongous regions: 56->56
[2026-01-16T08:24:40.060+0000][gc,metaspace] GC(141) Metaspace: 11183K(11520K)->11183K(11520K) NonClass: 10128K(10304K)->10128K(10304K) Class: 1054K(1216K)->1054K(1216K)
[2026-01-16T08:24:40.061+0000][gc          ] GC(141) Pause Young (Normal) (G1 Evacuation Pause) 172M->126M(1024M) 301.999ms
[2026-01-16T08:24:40.061+0000][gc,cpu      ] GC(141) User=0.20s Sys=0.01s Real=0.30s
[2026-01-16T08:24:41.279+0000][gc,start    ] GC(142) Pause Young (Normal) (G1 Evacuation Pause)
[2026-01-16T08:24:41.297+0000][gc,task     ] GC(142) Using 8 workers of 8 for evacuation
[2026-01-16T08:24:42.000+0000][gc,mmu      ] GC(142) MMU target violated: 201.0ms (200.0ms/201.0ms)
[2026-01-16T08:24:42.004+0000][gc,phases   ] GC(142)   Pre Evacuate Collection Set: 103.7ms
[2026-01-16T08:24:42.013+0000][gc,phases   ] GC(142)   Merge Heap Roots: 8.2ms
[2026-01-16T08:24:42.019+0000][gc,phases   ] GC(142)   Evacuate Collection Set: 462.6ms
[2026-01-16T08:24:42.019+0000][gc,phases   ] GC(142)   Post Evacuate Collection Set: 127.7ms
[2026-01-16T08:24:42.020+0000][gc,phases   ] GC(142)   Other: 5.0ms
[2026-01-16T08:24:42.021+0000][gc,heap     ] GC(142) Eden regions: 46->0(46)
[2026-01-16T08:24:42.021+0000][gc,heap     ] GC(142) Survivor regions: 5->5(7)
[2026-01-16T08:24:42.022+0000][gc,heap     ] GC(142) Old regions: 67->68
[2026-01-16T08:24:42.022+0000][gc,heap     ] GC(142) Humongous regions: 56->56
[2026-01-16T08:24:42.023+0000][gc,metaspace] GC(142) Metaspace: 11185K(11520K)->11185K(11520K) NonClass: 10130K(10304K)->10130K(10304K) Class: 1054K(1216K)->1054K(1216K)
[2026-01-16T08:24:42.023+0000][gc          ] GC(142) Pause Young (Normal) (G1 Evacuation Pause) 172M->127M(1024M) 744.668ms
[2026-01-16T08:24:42.024+0000][gc,cpu      ] GC(142) User=0.28s Sys=0.04s Real=0.74s
[2026-01-16T08:24:45.714+0000][gc,start    ] GC(143) Pause Young (Normal) (G1 Evacuation Pause)
[2026-01-16T08:24:45.716+0000][gc,task     ] GC(143) Using 8 workers of 8 for evacuation
[2026-01-16T08:24:46.119+0000][gc,mmu      ] GC(143) MMU target violated: 201.0ms (200.0ms/201.0ms)
[2026-01-16T08:24:46.124+0000][gc,phases   ] GC(143)   Pre Evacuate Collection Set: 49.4ms
[2026-01-16T08:24:46.125+0000][gc,phases   ] GC(143)   Merge Heap Roots: 9.9ms
[2026-01-16T08:24:46.127+0000][gc,phases   ] GC(143)   Evacuate Collection Set: 298.6ms
[2026-01-16T08:24:46.129+0000][gc,phases   ] GC(143)   Post Evacuate Collection Set: 36.3ms
[2026-01-16T08:24:46.130+0000][gc,phases   ] GC(143)   Other: 14.5ms
[2026-01-16T08:24:46.130+0000][gc,heap     ] GC(143) Eden regions: 46->0(48)
[2026-01-16T08:24:46.131+0000][gc,heap     ] GC(143) Survivor regions: 5->3(7)
[2026-01-16T08:24:46.132+0000][gc,heap     ] GC(143) Old regions: 68->68
[2026-01-16T08:24:46.132+0000][gc,heap     ] GC(143) Humongous regions: 56->56
[2026-01-16T08:24:46.133+0000][gc,metaspace] GC(143) Metaspace: 11191K(11520K)->11191K(11520K) NonClass: 10136K(10304K)->10136K(10304K) Class: 1054K(1216K)->1054K(1216K)
[2026-01-16T08:24:46.136+0000][gc          ] GC(143) Pause Young (Normal) (G1 Evacuation Pause) 173M->126M(1024M) 422.036ms
[2026-01-16T08:24:46.138+0000][gc,cpu      ] GC(143) User=0.18s Sys=0.04s Real=0.43s
[2026-01-16T08:24:51.000+0000][gc,start    ] GC(144) Pause Young (Normal) (G1 Evacuation Pause)
[2026-01-16T08:24:51.009+0000][gc,task     ] GC(144) Using 8 workers of 8 for evacuation
[2026-01-16T08:24:52.174+0000][gc,mmu      ] GC(144) MMU target violated: 201.0ms (200.0ms/201.0ms)
[2026-01-16T08:24:52.177+0000][gc,phases   ] GC(144)   Pre Evacuate Collection Set: 14.8ms
[2026-01-16T08:24:52.179+0000][gc,phases   ] GC(144)   Merge Heap Roots: 1.3ms
[2026-01-16T08:24:52.179+0000][gc,phases   ] GC(144)   Evacuate Collection Set: 937.8ms
[2026-01-16T08:24:52.184+0000][gc,phases   ] GC(144)   Post Evacuate Collection Set: 209.4ms
[2026-01-16T08:24:52.209+0000][gc,phases   ] GC(144)   Other: 5.7ms
[2026-01-16T08:24:52.219+0000][gc,heap     ] GC(144) Eden regions: 48->0(48)
[2026-01-16T08:24:52.225+0000][gc,heap     ] GC(144) Survivor regions: 3->3(7)
[2026-01-16T08:24:52.231+0000][gc,heap     ] GC(144) Old regions: 68->68
[2026-01-16T08:24:52.237+0000][gc,heap     ] GC(144) Humongous regions: 56->56
[2026-01-16T08:24:52.237+0000][gc,metaspace] GC(144) Metaspace: 11194K(11520K)->11194K(11520K) NonClass: 10139K(10304K)->10139K(10304K) Class: 1054K(1216K)->1054K(1216K)
[2026-01-16T08:24:52.243+0000][gc          ] GC(144) Pause Young (Normal) (G1 Evacuation Pause) 174M->125M(1024M) 1239.119ms
[2026-01-16T08:24:52.246+0000][gc,cpu      ] GC(144) User=0.44s Sys=0.07s Real=1.26s
[2026-01-16T08:25:00.460+0000][gc,start    ] GC(145) Pause Young (Normal) (G1 Evacuation Pause)
[2026-01-16T08:25:00.463+0000][gc,task     ] GC(145) Using 8 workers of 8 for evacuation
[2026-01-16T08:25:00.984+0000][gc,mmu      ] GC(145) MMU target violated: 201.0ms (200.0ms/201.0ms)
[2026-01-16T08:25:00.990+0000][gc,phases   ] GC(145)   Pre Evacuate Collection Set: 20.8ms
[2026-01-16T08:25:00.991+0000][gc,phases   ] GC(145)   Merge Heap Roots: 0.5ms
[2026-01-16T08:25:00.992+0000][gc,phases   ] GC(145)   Evacuate Collection Set: 478.2ms
[2026-01-16T08:25:00.992+0000][gc,phases   ] GC(145)   Post Evacuate Collection Set: 21.1ms
[2026-01-16T08:25:00.992+0000][gc,phases   ] GC(145)   Other: 6.6ms
[2026-01-16T08:25:00.993+0000][gc,heap     ] GC(145) Eden regions: 48->0(48)
[2026-01-16T08:25:00.994+0000][gc,heap     ] GC(145) Survivor regions: 3->3(7)
[2026-01-16T08:25:00.995+0000][gc,heap     ] GC(145) Old regions: 68->68
[2026-01-16T08:25:00.995+0000][gc,heap     ] GC(145) Humongous regions: 56->56
[2026-01-16T08:25:00.996+0000][gc,metaspace] GC(145) Metaspace: 11211K(11520K)->11211K(11520K) NonClass: 10157K(10304K)->10157K(10304K) Class: 1054K(1216K)->1054K(1216K)
[2026-01-16T08:25:00.998+0000][gc          ] GC(145) Pause Young (Normal) (G1 Evacuation Pause) 173M->126M(1024M) 537.088ms
[2026-01-16T08:25:00.998+0000][gc,cpu      ] GC(145) User=0.23s Sys=0.01s Real=0.54s
[2026-01-16T08:25:07.758+0000][gc,start    ] GC(146) Pause Young (Normal) (G1 Evacuation Pause)
[2026-01-16T08:25:07.786+0000][gc,task     ] GC(146) Using 8 workers of 8 for evacuation
[2026-01-16T08:25:09.052+0000][gc,mmu      ] GC(146) MMU target violated: 201.0ms (200.0ms/201.0ms)
[2026-01-16T08:25:09.055+0000][gc,phases   ] GC(146)   Pre Evacuate Collection Set: 66.1ms
[2026-01-16T08:25:09.079+0000][gc,phases   ] GC(146)   Merge Heap Roots: 6.3ms
[2026-01-16T08:25:09.080+0000][gc,phases   ] GC(146)   Evacuate Collection Set: 1132.5ms
[2026-01-16T08:25:09.081+0000][gc,phases   ] GC(146)   Post Evacuate Collection Set: 60.0ms
[2026-01-16T08:25:09.082+0000][gc,phases   ] GC(146)   Other: 4.6ms
[2026-01-16T08:25:09.095+0000][gc,heap     ] GC(146) Eden regions: 48->0(47)
[2026-01-16T08:25:09.106+0000][gc,heap     ] GC(146) Survivor regions: 3->4(7)
[2026-01-16T08:25:09.106+0000][gc,heap     ] GC(146) Old regions: 68->68
[2026-01-16T08:25:09.106+0000][gc,heap     ] GC(146) Humongous regions: 56->56
[2026-01-16T08:25:09.106+0000][gc,metaspace] GC(146) Metaspace: 11219K(11520K)->11219K(11520K) NonClass: 10165K(10304K)->10165K(10304K) Class: 1054K(1216K)->1054K(1216K)
[2026-01-16T08:25:09.107+0000][gc          ] GC(146) Pause Young (Normal) (G1 Evacuation Pause) 174M->127M(1024M) 1349.260ms
[2026-01-16T08:25:09.124+0000][gc,cpu      ] GC(146) User=0.37s Sys=0.03s Real=1.35s
[2026-01-16T08:25:11.601+0000][gc,start    ] GC(147) Pause Young (Normal) (G1 Evacuation Pause)
[2026-01-16T08:25:11.605+0000][gc,task     ] GC(147) Using 8 workers of 8 for evacuation
[2026-01-16T08:25:11.821+0000][gc,mmu      ] GC(147) MMU target violated: 201.0ms (200.0ms/201.0ms)
[2026-01-16T08:25:11.823+0000][gc,phases   ] GC(147)   Pre Evacuate Collection Set: 11.7ms
[2026-01-16T08:25:11.824+0000][gc,phases   ] GC(147)   Merge Heap Roots: 0.2ms
[2026-01-16T08:25:11.824+0000][gc,phases   ] GC(147)   Evacuate Collection Set: 180.5ms
[2026-01-16T08:25:11.824+0000][gc,phases   ] GC(147)   Post Evacuate Collection Set: 16.0ms
[2026-01-16T08:25:11.825+0000][gc,phases   ] GC(147)   Other: 10.2ms
[2026-01-16T08:25:11.825+0000][gc,heap     ] GC(147) Eden regions: 47->0(48)
[2026-01-16T08:25:11.830+0000][gc,heap     ] GC(147) Survivor regions: 4->3(7)
[2026-01-16T08:25:11.832+0000][gc,heap     ] GC(147) Old regions: 68->68
[2026-01-16T08:25:11.832+0000][gc,heap     ] GC(147) Humongous regions: 56->56
[2026-01-16T08:25:11.833+0000][gc,metaspace] GC(147) Metaspace: 11223K(11520K)->11223K(11520K) NonClass: 10168K(10304K)->10168K(10304K) Class: 1054K(1216K)->1054K(1216K)
[2026-01-16T08:25:11.833+0000][gc          ] GC(147) Pause Young (Normal) (G1 Evacuation Pause) 174M->126M(1024M) 231.819ms
[2026-01-16T08:25:11.833+0000][gc,cpu      ] GC(147) User=0.15s Sys=0.01s Real=0.23s
[2026-01-16T08:25:14.056+0000][gc,start    ] GC(148) Pause Young (Normal) (G1 Evacuation Pause)
[2026-01-16T08:25:14.064+0000][gc,task     ] GC(148) Using 8 workers of 8 for evacuation
[2026-01-16T08:25:14.808+0000][gc,mmu      ] GC(148) MMU target violated: 201.0ms (200.0ms/201.0ms)
[2026-01-16T08:25:14.813+0000][gc,phases   ] GC(148)   Pre Evacuate Collection Set: 51.2ms
[2026-01-16T08:25:14.814+0000][gc,phases   ] GC(148)   Merge Heap Roots: 8.7ms
[2026-01-16T08:25:14.814+0000][gc,phases   ] GC(148)   Evacuate Collection Set: 619.9ms
[2026-01-16T08:25:14.814+0000][gc,phases   ] GC(148)   Post Evacuate Collection Set: 41.7ms
[2026-01-16T08:25:14.814+0000][gc,phases   ] GC(148)   Other: 28.0ms
[2026-01-16T08:25:14.814+0000][gc,heap     ] GC(148) Eden regions: 48->0(47)
[2026-01-16T08:25:14.816+0000][gc,heap     ] GC(148) Survivor regions: 3->4(7)
[2026-01-16T08:25:14.817+0000][gc,heap     ] GC(148) Old regions: 68->68
[2026-01-16T08:25:14.817+0000][gc,heap     ] GC(148) Humongous regions: 56->56
[2026-01-16T08:25:14.819+0000][gc,metaspace] GC(148) Metaspace: 11246K(11584K)->11246K(11584K) NonClass: 10192K(10368K)->10192K(10368K) Class: 1054K(1216K)->1054K(1216K)
[2026-01-16T08:25:14.827+0000][gc          ] GC(148) Pause Young (Normal) (G1 Evacuation Pause) 174M->127M(1024M) 770.987ms
[2026-01-16T08:25:14.832+0000][gc,cpu      ] GC(148) User=0.30s Sys=0.02s Real=0.78s
[2026-01-16T08:25:17.373+0000][gc,start    ] GC(149) Pause Young (Normal) (G1 Evacuation Pause)
[2026-01-16T08:25:17.376+0000][gc,task     ] GC(149) Using 8 workers of 8 for evacuation
[2026-01-16T08:25:17.755+0000][gc,mmu      ] GC(149) MMU target violated: 201.0ms (200.0ms/201.0ms)
[2026-01-16T08:25:17.756+0000][gc,phases   ] GC(149)   Pre Evacuate Collection Set: 68.0ms
[2026-01-16T08:25:17.756+0000][gc,phases   ] GC(149)   Merge Heap Roots: 1.5ms
[2026-01-16T08:25:17.757+0000][gc,phases   ] GC(149)   Evacuate Collection Set: 299.3ms
[2026-01-16T08:25:17.758+0000][gc,phases   ] GC(149)   Post Evacuate Collection Set: 5.1ms
[2026-01-16T08:25:17.758+0000][gc,phases   ] GC(149)   Other: 6.8ms
[2026-01-16T08:25:17.759+0000][gc,heap     ] GC(149) Eden regions: 47->0(47)
[2026-01-16T08:25:17.760+0000][gc,heap     ] GC(149) Survivor regions: 4->4(7)
[2026-01-16T08:25:17.760+0000][gc,heap     ] GC(149) Old regions: 68->68
[2026-01-16T08:25:17.761+0000][gc,heap     ] GC(149) Humongous regions: 56->56
[2026-01-16T08:25:17.761+0000][gc,metaspace] GC(149) Metaspace: 11254K(11584K)->11254K(11584K) NonClass: 10199K(10368K)->10199K(10368K) Class: 1054K(1216K)->1054K(1216K)
[2026-01-16T08:25:17.761+0000][gc          ] GC(149) Pause Young (Normal) (G1 Evacuation Pause) 174M->127M(1024M) 388.316ms
[2026-01-16T08:25:17.761+0000][gc,cpu      ] GC(149) User=0.29s Sys=0.02s Real=0.39s
[2026-01-16T08:25:19.602+0000][gc,start    ] GC(150) Pause Young (Normal) (G1 Evacuation Pause)
[2026-01-16T08:25:19.614+0000][gc,task     ] GC(150) Using 8 workers of 8 for evacuation
[2026-01-16T08:25:19.767+0000][gc,phases   ] GC(150)   Pre Evacuate Collection Set: 19.3ms
[2026-01-16T08:25:19.767+0000][gc,phases   ] GC(150)   Merge Heap Roots: 0.3ms
[2026-01-16T08:25:19.770+0000][gc,phases   ] GC(150)   Evacuate Collection Set: 118.6ms
[2026-01-16T08:25:19.771+0000][gc,phases   ] GC(150)   Post Evacuate Collection Set: 9.9ms
[2026-01-16T08:25:19.771+0000][gc,phases   ] GC(150)   Other: 4.8ms
[2026-01-16T08:25:19.773+0000][gc,heap     ] GC(150) Eden regions: 47->0(46)
[2026-01-16T08:25:19.774+0000][gc,heap     ] GC(150) Survivor regions: 4->5(7)
[2026-01-16T08:25:19.775+0000][gc,heap     ] GC(150) Old regions: 68->69
[2026-01-16T08:25:19.776+0000][gc,heap     ] GC(150) Humongous regions: 56->56
[2026-01-16T08:25:19.776+0000][gc,metaspace] GC(150) Metaspace: 11254K(11584K)->11254K(11584K) NonClass: 10199K(10368K)->10199K(10368K) Class: 1054K(1216K)->1054K(1216K)
[2026-01-16T08:25:19.780+0000][gc          ] GC(150) Pause Young (Normal) (G1 Evacuation Pause) 174M->128M(1024M) 177.503ms
[2026-01-16T08:25:19.781+0000][gc,cpu      ] GC(150) User=0.18s Sys=0.02s Real=0.18s
[2026-01-16T08:25:20.307+0000][gc,start    ] GC(151) Pause Young (Normal) (G1 Evacuation Pause)
[2026-01-16T08:25:20.309+0000][gc,task     ] GC(151) Using 8 workers of 8 for evacuation
[2026-01-16T08:25:20.334+0000][gc,phases   ] GC(151)   Pre Evacuate Collection Set: 0.2ms
[2026-01-16T08:25:20.336+0000][gc,phases   ] GC(151)   Merge Heap Roots: 0.1ms
[2026-01-16T08:25:20.337+0000][gc,phases   ] GC(151)   Evacuate Collection Set: 23.3ms
[2026-01-16T08:25:20.337+0000][gc,phases   ] GC(151)   Post Evacuate Collection Set: 0.6ms
[2026-01-16T08:25:20.338+0000][gc,phases   ] GC(151)   Other: 0.7ms
[2026-01-16T08:25:20.339+0000][gc,heap     ] GC(151) Eden regions: 46->0(46)
[2026-01-16T08:25:20.339+0000][gc,heap     ] GC(151) Survivor regions: 5->5(7)
[2026-01-16T08:25:20.339+0000][gc,heap     ] GC(151) Old regions: 69->69
[2026-01-16T08:25:20.340+0000][gc,heap     ] GC(151) Humongous regions: 56->56
[2026-01-16T08:25:20.340+0000][gc,metaspace] GC(151) Metaspace: 11254K(11584K)->11254K(11584K) NonClass: 10199K(10368K)->10199K(10368K) Class: 1054K(1216K)->1054K(1216K)
[2026-01-16T08:25:20.340+0000][gc          ] GC(151) Pause Young (Normal) (G1 Evacuation Pause) 174M->128M(1024M) 33.062ms
[2026-01-16T08:25:20.342+0000][gc,cpu      ] GC(151) User=0.02s Sys=0.00s Real=0.03s
[2026-01-16T08:25:23.450+0000][gc,start    ] GC(152) Pause Young (Normal) (G1 Evacuation Pause)
[2026-01-16T08:25:23.468+0000][gc,task     ] GC(152) Using 8 workers of 8 for evacuation
[2026-01-16T08:25:23.957+0000][gc,mmu      ] GC(152) MMU target violated: 201.0ms (200.0ms/201.0ms)
[2026-01-16T08:25:23.958+0000][gc,phases   ] GC(152)   Pre Evacuate Collection Set: 93.5ms
[2026-01-16T08:25:23.959+0000][gc,phases   ] GC(152)   Merge Heap Roots: 40.0ms
[2026-01-16T08:25:23.960+0000][gc,phases   ] GC(152)   Evacuate Collection Set: 332.4ms
[2026-01-16T08:25:23.961+0000][gc,phases   ] GC(152)   Post Evacuate Collection Set: 21.8ms
[2026-01-16T08:25:23.964+0000][gc,phases   ] GC(152)   Other: 19.1ms
[2026-01-16T08:25:23.966+0000][gc,heap     ] GC(152) Eden regions: 46->0(49)
[2026-01-16T08:25:23.967+0000][gc,heap     ] GC(152) Survivor regions: 5->2(7)
[2026-01-16T08:25:23.968+0000][gc,heap     ] GC(152) Old regions: 69->70
[2026-01-16T08:25:23.970+0000][gc,heap     ] GC(152) Humongous regions: 56->56
[2026-01-16T08:25:23.975+0000][gc,metaspace] GC(152) Metaspace: 11255K(11584K)->11255K(11584K) NonClass: 10200K(10368K)->10200K(10368K) Class: 1054K(1216K)->1054K(1216K)
[2026-01-16T08:25:23.977+0000][gc          ] GC(152) Pause Young (Normal) (G1 Evacuation Pause) 174M->126M(1024M) 526.428ms
[2026-01-16T08:25:23.979+0000][gc,cpu      ] GC(152) User=0.20s Sys=0.02s Real=0.53s
[2026-01-16T08:25:29.604+0000][gc,start    ] GC(153) Pause Young (Normal) (G1 Evacuation Pause)
[2026-01-16T08:25:29.608+0000][gc,task     ] GC(153) Using 8 workers of 8 for evacuation
[2026-01-16T08:25:29.920+0000][gc,mmu      ] GC(153) MMU target violated: 201.0ms (200.0ms/201.0ms)
[2026-01-16T08:25:29.920+0000][gc,phases   ] GC(153)   Pre Evacuate Collection Set: 34.9ms
[2026-01-16T08:25:29.920+0000][gc,phases   ] GC(153)   Merge Heap Roots: 0.3ms
[2026-01-16T08:25:29.922+0000][gc,phases   ] GC(153)   Evacuate Collection Set: 230.2ms
[2026-01-16T08:25:29.925+0000][gc,phases   ] GC(153)   Post Evacuate Collection Set: 40.2ms
[2026-01-16T08:25:29.927+0000][gc,phases   ] GC(153)   Other: 8.9ms
[2026-01-16T08:25:29.933+0000][gc,heap     ] GC(153) Eden regions: 49->0(50)
[2026-01-16T08:25:29.936+0000][gc,heap     ] GC(153) Survivor regions: 2->1(7)
[2026-01-16T08:25:29.938+0000][gc,heap     ] GC(153) Old regions: 70->70
[2026-01-16T08:25:29.939+0000][gc,heap     ] GC(153) Humongous regions: 56->56
[2026-01-16T08:25:29.941+0000][gc,metaspace] GC(153) Metaspace: 11283K(11648K)->11283K(11648K) NonClass: 10228K(10432K)->10228K(10432K) Class: 1054K(1216K)->1054K(1216K)
[2026-01-16T08:25:29.946+0000][gc          ] GC(153) Pause Young (Normal) (G1 Evacuation Pause) 175M->125M(1024M) 341.821ms
[2026-01-16T08:25:29.947+0000][gc,cpu      ] GC(153) User=0.19s Sys=0.02s Real=0.34s
[2026-01-16T08:25:36.389+0000][gc,start    ] GC(154) Pause Young (Normal) (G1 Evacuation Pause)
[2026-01-16T08:25:36.391+0000][gc,task     ] GC(154) Using 8 workers of 8 for evacuation
[2026-01-16T08:25:37.068+0000][gc,mmu      ] GC(154) MMU target violated: 201.0ms (200.0ms/201.0ms)
[2026-01-16T08:25:37.118+0000][gc,phases   ] GC(154)   Pre Evacuate Collection Set: 44.7ms
[2026-01-16T08:25:37.119+0000][gc,phases   ] GC(154)   Merge Heap Roots: 5.1ms
[2026-01-16T08:25:37.130+0000][gc,phases   ] GC(154)   Evacuate Collection Set: 537.0ms
[2026-01-16T08:25:37.130+0000][gc,phases   ] GC(154)   Post Evacuate Collection Set: 87.8ms
[2026-01-16T08:25:37.131+0000][gc,phases   ] GC(154)   Other: 52.5ms
[2026-01-16T08:25:37.131+0000][gc,heap     ] GC(154) Eden regions: 50->0(49)
[2026-01-16T08:25:37.132+0000][gc,heap     ] GC(154) Survivor regions: 1->2(7)
[2026-01-16T08:25:37.132+0000][gc,heap     ] GC(154) Old regions: 70->70
[2026-01-16T08:25:37.133+0000][gc,heap     ] GC(154) Humongous regions: 56->56
[2026-01-16T08:25:37.133+0000][gc,metaspace] GC(154) Metaspace: 11288K(11648K)->11288K(11648K) NonClass: 10232K(10432K)->10232K(10432K) Class: 1055K(1216K)->1055K(1216K)
[2026-01-16T08:25:37.134+0000][gc          ] GC(154) Pause Young (Normal) (G1 Evacuation Pause) 175M->126M(1024M) 744.478ms
[2026-01-16T08:25:37.138+0000][gc,cpu      ] GC(154) User=0.30s Sys=0.02s Real=0.75s
[2026-01-16T08:25:41.092+0000][gc,start    ] GC(155) Pause Young (Normal) (G1 Evacuation Pause)
[2026-01-16T08:25:41.095+0000][gc,task     ] GC(155) Using 8 workers of 8 for evacuation
[2026-01-16T08:25:41.326+0000][gc,mmu      ] GC(155) MMU target violated: 201.0ms (200.0ms/201.0ms)
[2026-01-16T08:25:41.327+0000][gc,phases   ] GC(155)   Pre Evacuate Collection Set: 29.2ms
[2026-01-16T08:25:41.329+0000][gc,phases   ] GC(155)   Merge Heap Roots: 3.4ms
[2026-01-16T08:25:41.331+0000][gc,phases   ] GC(155)   Evacuate Collection Set: 177.4ms
[2026-01-16T08:25:41.333+0000][gc,phases   ] GC(155)   Post Evacuate Collection Set: 17.8ms
[2026-01-16T08:25:41.334+0000][gc,phases   ] GC(155)   Other: 4.2ms
[2026-01-16T08:25:41.336+0000][gc,heap     ] GC(155) Eden regions: 49->0(49)
[2026-01-16T08:25:41.339+0000][gc,heap     ] GC(155) Survivor regions: 2->2(7)
[2026-01-16T08:25:41.339+0000][gc,heap     ] GC(155) Old regions: 70->70
[2026-01-16T08:25:41.341+0000][gc,heap     ] GC(155) Humongous regions: 56->56
[2026-01-16T08:25:41.343+0000][gc,metaspace] GC(155) Metaspace: 11291K(11648K)->11291K(11648K) NonClass: 10235K(10432K)->10235K(10432K) Class: 1055K(1216K)->1055K(1216K)
[2026-01-16T08:25:41.344+0000][gc          ] GC(155) Pause Young (Normal) (G1 Evacuation Pause) 175M->126M(1024M) 252.198ms
[2026-01-16T08:25:41.345+0000][gc,cpu      ] GC(155) User=0.18s Sys=0.01s Real=0.25s
[2026-01-16T08:25:43.533+0000][gc,start    ] GC(156) Pause Young (Normal) (G1 Evacuation Pause)
[2026-01-16T08:25:43.535+0000][gc,task     ] GC(156) Using 8 workers of 8 for evacuation
[2026-01-16T08:25:43.725+0000][gc,phases   ] GC(156)   Pre Evacuate Collection Set: 31.6ms
[2026-01-16T08:25:43.728+0000][gc,phases   ] GC(156)   Merge Heap Roots: 0.8ms
[2026-01-16T08:25:43.733+0000][gc,phases   ] GC(156)   Evacuate Collection Set: 128.5ms
[2026-01-16T08:25:43.740+0000][gc,phases   ] GC(156)   Post Evacuate Collection Set: 21.1ms
[2026-01-16T08:25:43.741+0000][gc,phases   ] GC(156)   Other: 8.1ms
[2026-01-16T08:25:43.742+0000][gc,heap     ] GC(156) Eden regions: 49->0(49)
[2026-01-16T08:25:43.744+0000][gc,heap     ] GC(156) Survivor regions: 2->2(7)
[2026-01-16T08:25:43.749+0000][gc,heap     ] GC(156) Old regions: 70->70
[2026-01-16T08:25:43.749+0000][gc,heap     ] GC(156) Humongous regions: 56->56
[2026-01-16T08:25:43.751+0000][gc,metaspace] GC(156) Metaspace: 11315K(11648K)->11315K(11648K) NonClass: 10259K(10432K)->10259K(10432K) Class: 1055K(1216K)->1055K(1216K)
[2026-01-16T08:25:43.751+0000][gc          ] GC(156) Pause Young (Normal) (G1 Evacuation Pause) 175M->126M(1024M) 217.920ms
[2026-01-16T08:25:43.755+0000][gc,cpu      ] GC(156) User=0.10s Sys=0.00s Real=0.22s
[2026-01-16T08:25:44.539+0000][gc,start    ] GC(157) Pause Young (Normal) (G1 Evacuation Pause)
[2026-01-16T08:25:44.540+0000][gc,task     ] GC(157) Using 8 workers of 8 for evacuation
[2026-01-16T08:25:44.606+0000][gc,phases   ] GC(157)   Pre Evacuate Collection Set: 7.6ms
[2026-01-16T08:25:44.610+0000][gc,phases   ] GC(157)   Merge Heap Roots: 0.1ms
[2026-01-16T08:25:44.610+0000][gc,phases   ] GC(157)   Evacuate Collection Set: 55.9ms
[2026-01-16T08:25:44.611+0000][gc,phases   ] GC(157)   Post Evacuate Collection Set: 2.6ms
[2026-01-16T08:25:44.611+0000][gc,phases   ] GC(157)   Other: 0.7ms
[2026-01-16T08:25:44.612+0000][gc,heap     ] GC(157) Eden regions: 49->0(49)
[2026-01-16T08:25:44.612+0000][gc,heap     ] GC(157) Survivor regions: 2->2(7)
[2026-01-16T08:25:44.613+0000][gc,heap     ] GC(157) Old regions: 70->70
[2026-01-16T08:25:44.613+0000][gc,heap     ] GC(157) Humongous regions: 56->56
[2026-01-16T08:25:44.613+0000][gc,metaspace] GC(157) Metaspace: 11317K(11648K)->11317K(11648K) NonClass: 10261K(10432K)->10261K(10432K) Class: 1055K(1216K)->1055K(1216K)
[2026-01-16T08:25:44.614+0000][gc          ] GC(157) Pause Young (Normal) (G1 Evacuation Pause) 175M->126M(1024M) 74.688ms
[2026-01-16T08:25:44.615+0000][gc,cpu      ] GC(157) User=0.04s Sys=0.00s Real=0.07s
[2026-01-16T08:25:46.799+0000][gc,start    ] GC(158) Pause Young (Normal) (G1 Evacuation Pause)
[2026-01-16T08:25:46.801+0000][gc,task     ] GC(158) Using 8 workers of 8 for evacuation
[2026-01-16T08:25:46.947+0000][gc,phases   ] GC(158)   Pre Evacuate Collection Set: 73.7ms
[2026-01-16T08:25:46.950+0000][gc,phases   ] GC(158)   Merge Heap Roots: 6.5ms
[2026-01-16T08:25:46.951+0000][gc,phases   ] GC(158)   Evacuate Collection Set: 63.3ms
[2026-01-16T08:25:46.952+0000][gc,phases   ] GC(158)   Post Evacuate Collection Set: 1.1ms
[2026-01-16T08:25:46.953+0000][gc,phases   ] GC(158)   Other: 2.2ms
[2026-01-16T08:25:46.958+0000][gc,heap     ] GC(158) Eden regions: 49->0(66)
[2026-01-16T08:25:46.959+0000][gc,heap     ] GC(158) Survivor regions: 2->1(7)
[2026-01-16T08:25:46.960+0000][gc,heap     ] GC(158) Old regions: 70->70
[2026-01-16T08:25:46.961+0000][gc,heap     ] GC(158) Humongous regions: 56->56
[2026-01-16T08:25:46.962+0000][gc,metaspace] GC(158) Metaspace: 11322K(11648K)->11322K(11648K) NonClass: 10266K(10432K)->10266K(10432K) Class: 1055K(1216K)->1055K(1216K)
[2026-01-16T08:25:46.962+0000][gc          ] GC(158) Pause Young (Normal) (G1 Evacuation Pause) 175M->125M(1024M) 163.609ms
[2026-01-16T08:25:46.964+0000][gc,cpu      ] GC(158) User=0.09s Sys=0.01s Real=0.16s
[2026-01-16T08:25:50.421+0000][gc,start    ] GC(159) Pause Young (Normal) (G1 Evacuation Pause)
[2026-01-16T08:25:50.422+0000][gc,task     ] GC(159) Using 8 workers of 8 for evacuation
[2026-01-16T08:25:51.913+0000][gc,mmu      ] GC(159) MMU target violated: 201.0ms (200.0ms/201.0ms)
[2026-01-16T08:25:51.917+0000][gc,phases   ] GC(159)   Pre Evacuate Collection Set: 171.7ms
[2026-01-16T08:25:51.918+0000][gc,phases   ] GC(159)   Merge Heap Roots: 7.3ms
[2026-01-16T08:25:51.918+0000][gc,phases   ] GC(159)   Evacuate Collection Set: 1262.6ms
[2026-01-16T08:25:51.918+0000][gc,phases   ] GC(159)   Post Evacuate Collection Set: 27.2ms
[2026-01-16T08:25:51.918+0000][gc,phases   ] GC(159)   Other: 26.6ms
[2026-01-16T08:25:51.920+0000][gc,heap     ] GC(159) Eden regions: 66->0(49)
[2026-01-16T08:25:51.939+0000][gc,heap     ] GC(159) Survivor regions: 1->2(9)
[2026-01-16T08:25:51.950+0000][gc,heap     ] GC(159) Old regions: 70->70
[2026-01-16T08:25:51.963+0000][gc,heap     ] GC(159) Humongous regions: 56->56
[2026-01-16T08:25:51.965+0000][gc,metaspace] GC(159) Metaspace: 11329K(11648K)->11329K(11648K) NonClass: 10273K(10432K)->10273K(10432K) Class: 1055K(1216K)->1055K(1216K)
[2026-01-16T08:25:51.990+0000][gc          ] GC(159) Pause Young (Normal) (G1 Evacuation Pause) 191M->126M(1024M) 1569.835ms
[2026-01-16T08:25:52.014+0000][gc,cpu      ] GC(159) User=0.67s Sys=0.18s Real=1.59s
[2026-01-16T08:25:56.509+0000][gc,start    ] GC(160) Pause Young (Normal) (G1 Evacuation Pause)
[2026-01-16T08:25:56.510+0000][gc,task     ] GC(160) Using 8 workers of 8 for evacuation
[2026-01-16T08:25:56.815+0000][gc,mmu      ] GC(160) MMU target violated: 201.0ms (200.0ms/201.0ms)
[2026-01-16T08:25:56.823+0000][gc,phases   ] GC(160)   Pre Evacuate Collection Set: 39.4ms
[2026-01-16T08:25:56.826+0000][gc,phases   ] GC(160)   Merge Heap Roots: 5.5ms
[2026-01-16T08:25:56.827+0000][gc,phases   ] GC(160)   Evacuate Collection Set: 238.7ms
[2026-01-16T08:25:56.827+0000][gc,phases   ] GC(160)   Post Evacuate Collection Set: 20.8ms
[2026-01-16T08:25:56.827+0000][gc,phases   ] GC(160)   Other: 8.7ms
[2026-01-16T08:25:56.827+0000][gc,heap     ] GC(160) Eden regions: 49->0(50)
[2026-01-16T08:25:56.827+0000][gc,heap     ] GC(160) Survivor regions: 2->1(7)
[2026-01-16T08:25:56.828+0000][gc,heap     ] GC(160) Old regions: 70->70
[2026-01-16T08:25:56.828+0000][gc,heap     ] GC(160) Humongous regions: 56->56
[2026-01-16T08:25:56.828+0000][gc,metaspace] GC(160) Metaspace: 11341K(11648K)->11341K(11648K) NonClass: 10285K(10432K)->10285K(10432K) Class: 1055K(1216K)->1055K(1216K)
[2026-01-16T08:25:56.861+0000][gc          ] GC(160) Pause Young (Normal) (G1 Evacuation Pause) 175M->126M(1024M) 352.009ms
[2026-01-16T08:25:56.874+0000][gc,cpu      ] GC(160) User=0.18s Sys=0.03s Real=0.36s
[2026-01-16T08:26:00.475+0000][gc,start    ] GC(161) Pause Young (Normal) (G1 Evacuation Pause)
[2026-01-16T08:26:00.489+0000][gc,task     ] GC(161) Using 8 workers of 8 for evacuation
[2026-01-16T08:26:01.375+0000][gc,mmu      ] GC(161) MMU target violated: 201.0ms (200.0ms/201.0ms)
[2026-01-16T08:26:01.381+0000][gc,phases   ] GC(161)   Pre Evacuate Collection Set: 50.8ms
[2026-01-16T08:26:01.385+0000][gc,phases   ] GC(161)   Merge Heap Roots: 13.0ms
[2026-01-16T08:26:01.387+0000][gc,phases   ] GC(161)   Evacuate Collection Set: 758.3ms
[2026-01-16T08:26:01.387+0000][gc,phases   ] GC(161)   Post Evacuate Collection Set: 64.0ms
[2026-01-16T08:26:01.388+0000][gc,phases   ] GC(161)   Other: 6.6ms
[2026-01-16T08:26:01.388+0000][gc,heap     ] GC(161) Eden regions: 50->0(49)
[2026-01-16T08:26:01.389+0000][gc,heap     ] GC(161) Survivor regions: 1->2(7)
[2026-01-16T08:26:01.391+0000][gc,heap     ] GC(161) Old regions: 70->70
[2026-01-16T08:26:01.392+0000][gc,heap     ] GC(161) Humongous regions: 56->56
[2026-01-16T08:26:01.393+0000][gc,metaspace] GC(161) Metaspace: 11342K(11648K)->11342K(11648K) NonClass: 10287K(10432K)->10287K(10432K) Class: 1055K(1216K)->1055K(1216K)
[2026-01-16T08:26:01.395+0000][gc          ] GC(161) Pause Young (Normal) (G1 Evacuation Pause) 176M->126M(1024M) 920.608ms
[2026-01-16T08:26:01.398+0000][gc,cpu      ] GC(161) User=0.27s Sys=0.09s Real=0.92s
[2026-01-16T08:26:03.776+0000][gc,start    ] GC(162) Pause Young (Normal) (G1 Evacuation Pause)
[2026-01-16T08:26:03.783+0000][gc,task     ] GC(162) Using 8 workers of 8 for evacuation
[2026-01-16T08:26:03.922+0000][gc,phases   ] GC(162)   Pre Evacuate Collection Set: 19.2ms
[2026-01-16T08:26:03.922+0000][gc,phases   ] GC(162)   Merge Heap Roots: 5.1ms
[2026-01-16T08:26:03.923+0000][gc,phases   ] GC(162)   Evacuate Collection Set: 103.6ms
[2026-01-16T08:26:03.923+0000][gc,phases   ] GC(162)   Post Evacuate Collection Set: 9.9ms
[2026-01-16T08:26:03.923+0000][gc,phases   ] GC(162)   Other: 1.3ms
[2026-01-16T08:26:03.924+0000][gc,heap     ] GC(162) Eden regions: 49->0(50)
[2026-01-16T08:26:03.924+0000][gc,heap     ] GC(162) Survivor regions: 2->1(7)
[2026-01-16T08:26:03.925+0000][gc,heap     ] GC(162) Old regions: 70->70
[2026-01-16T08:26:03.925+0000][gc,heap     ] GC(162) Humongous regions: 56->56
[2026-01-16T08:26:03.925+0000][gc,metaspace] GC(162) Metaspace: 11352K(11712K)->11352K(11712K) NonClass: 10296K(10496K)->10296K(10496K) Class: 1055K(1216K)->1055K(1216K)
[2026-01-16T08:26:03.926+0000][gc          ] GC(162) Pause Young (Normal) (G1 Evacuation Pause) 175M->125M(1024M) 149.828ms
[2026-01-16T08:26:03.928+0000][gc,cpu      ] GC(162) User=0.07s Sys=0.00s Real=0.15s
[2026-01-16T08:26:06.821+0000][gc,start    ] GC(163) Pause Young (Normal) (G1 Evacuation Pause)
[2026-01-16T08:26:06.822+0000][gc,task     ] GC(163) Using 8 workers of 8 for evacuation
[2026-01-16T08:26:07.158+0000][gc,mmu      ] GC(163) MMU target violated: 201.0ms (200.0ms/201.0ms)
[2026-01-16T08:26:07.158+0000][gc,phases   ] GC(163)   Pre Evacuate Collection Set: 88.4ms
[2026-01-16T08:26:07.158+0000][gc,phases   ] GC(163)   Merge Heap Roots: 0.6ms
[2026-01-16T08:26:07.159+0000][gc,phases   ] GC(163)   Evacuate Collection Set: 219.7ms
[2026-01-16T08:26:07.159+0000][gc,phases   ] GC(163)   Post Evacuate Collection Set: 18.5ms
[2026-01-16T08:26:07.159+0000][gc,phases   ] GC(163)   Other: 9.1ms
[2026-01-16T08:26:07.159+0000][gc,heap     ] GC(163) Eden regions: 50->0(49)
[2026-01-16T08:26:07.168+0000][gc,heap     ] GC(163) Survivor regions: 1->2(7)
[2026-01-16T08:26:07.169+0000][gc,heap     ] GC(163) Old regions: 70->70
[2026-01-16T08:26:07.169+0000][gc,heap     ] GC(163) Humongous regions: 56->56
[2026-01-16T08:26:07.170+0000][gc,metaspace] GC(163) Metaspace: 11366K(11712K)->11366K(11712K) NonClass: 10309K(10496K)->10309K(10496K) Class: 1057K(1216K)->1057K(1216K)
[2026-01-16T08:26:07.173+0000][gc          ] GC(163) Pause Young (Normal) (G1 Evacuation Pause) 175M->126M(1024M) 351.539ms
[2026-01-16T08:26:07.176+0000][gc,cpu      ] GC(163) User=0.12s Sys=0.02s Real=0.35s
[2026-01-16T08:26:13.256+0000][gc,start    ] GC(164) Pause Young (Normal) (G1 Evacuation Pause)
[2026-01-16T08:26:13.265+0000][gc,task     ] GC(164) Using 8 workers of 8 for evacuation
[2026-01-16T08:26:13.416+0000][gc,phases   ] GC(164)   Pre Evacuate Collection Set: 13.0ms
[2026-01-16T08:26:13.416+0000][gc,phases   ] GC(164)   Merge Heap Roots: 3.7ms
[2026-01-16T08:26:13.417+0000][gc,phases   ] GC(164)   Evacuate Collection Set: 105.5ms
[2026-01-16T08:26:13.417+0000][gc,phases   ] GC(164)   Post Evacuate Collection Set: 23.4ms
[2026-01-16T08:26:13.417+0000][gc,phases   ] GC(164)   Other: 8.3ms
[2026-01-16T08:26:13.418+0000][gc,heap     ] GC(164) Eden regions: 49->0(50)
[2026-01-16T08:26:13.418+0000][gc,heap     ] GC(164) Survivor regions: 2->1(7)
[2026-01-16T08:26:13.418+0000][gc,heap     ] GC(164) Old regions: 70->70
[2026-01-16T08:26:13.418+0000][gc,heap     ] GC(164) Humongous regions: 56->56
[2026-01-16T08:26:13.419+0000][gc,metaspace] GC(164) Metaspace: 11450K(11776K)->11450K(11776K) NonClass: 10392K(10560K)->10392K(10560K) Class: 1057K(1216K)->1057K(1216K)
[2026-01-16T08:26:13.419+0000][gc          ] GC(164) Pause Young (Normal) (G1 Evacuation Pause) 175M->125M(1024M) 162.583ms
[2026-01-16T08:26:13.419+0000][gc,cpu      ] GC(164) User=0.08s Sys=0.01s Real=0.16s
[2026-01-16T08:26:14.575+0000][gc,start    ] GC(165) Pause Young (Normal) (G1 Evacuation Pause)
[2026-01-16T08:26:14.581+0000][gc,task     ] GC(165) Using 8 workers of 8 for evacuation
[2026-01-16T08:26:14.649+0000][gc,phases   ] GC(165)   Pre Evacuate Collection Set: 9.9ms
[2026-01-16T08:26:14.651+0000][gc,phases   ] GC(165)   Merge Heap Roots: 0.3ms
[2026-01-16T08:26:14.651+0000][gc,phases   ] GC(165)   Evacuate Collection Set: 52.4ms
[2026-01-16T08:26:14.651+0000][gc,phases   ] GC(165)   Post Evacuate Collection Set: 4.2ms
[2026-01-16T08:26:14.651+0000][gc,phases   ] GC(165)   Other: 1.4ms
[2026-01-16T08:26:14.651+0000][gc,heap     ] GC(165) Eden regions: 50->0(49)
[2026-01-16T08:26:14.651+0000][gc,heap     ] GC(165) Survivor regions: 1->2(7)
[2026-01-16T08:26:14.651+0000][gc,heap     ] GC(165) Old regions: 70->70
[2026-01-16T08:26:14.651+0000][gc,heap     ] GC(165) Humongous regions: 56->56
[2026-01-16T08:26:14.651+0000][gc,metaspace] GC(165) Metaspace: 11452K(11776K)->11452K(11776K) NonClass: 10395K(10560K)->10395K(10560K) Class: 1057K(1216K)->1057K(1216K)
[2026-01-16T08:26:14.651+0000][gc          ] GC(165) Pause Young (Normal) (G1 Evacuation Pause) 175M->126M(1024M) 76.364ms
[2026-01-16T08:26:14.651+0000][gc,cpu      ] GC(165) User=0.04s Sys=0.01s Real=0.07s
[2026-01-16T08:26:22.462+0000][gc,start    ] GC(166) Pause Young (Normal) (G1 Evacuation Pause)
[2026-01-16T08:26:22.473+0000][gc,task     ] GC(166) Using 8 workers of 8 for evacuation
[2026-01-16T08:26:22.968+0000][gc,mmu      ] GC(166) MMU target violated: 201.0ms (200.0ms/201.0ms)
[2026-01-16T08:26:22.972+0000][gc,phases   ] GC(166)   Pre Evacuate Collection Set: 53.5ms
[2026-01-16T08:26:22.972+0000][gc,phases   ] GC(166)   Merge Heap Roots: 0.4ms
[2026-01-16T08:26:22.972+0000][gc,phases   ] GC(166)   Evacuate Collection Set: 428.3ms
[2026-01-16T08:26:22.974+0000][gc,phases   ] GC(166)   Post Evacuate Collection Set: 10.8ms
[2026-01-16T08:26:22.977+0000][gc,phases   ] GC(166)   Other: 9.2ms
[2026-01-16T08:26:22.977+0000][gc,heap     ] GC(166) Eden regions: 49->0(50)
[2026-01-16T08:26:22.977+0000][gc,heap     ] GC(166) Survivor regions: 2->1(7)
[2026-01-16T08:26:22.977+0000][gc,heap     ] GC(166) Old regions: 70->70
[2026-01-16T08:26:22.978+0000][gc,heap     ] GC(166) Humongous regions: 56->56
[2026-01-16T08:26:22.978+0000][gc,metaspace] GC(166) Metaspace: 11459K(11776K)->11459K(11776K) NonClass: 10402K(10560K)->10402K(10560K) Class: 1057K(1216K)->1057K(1216K)
[2026-01-16T08:26:22.980+0000][gc          ] GC(166) Pause Young (Normal) (G1 Evacuation Pause) 175M->125M(1024M) 518.087ms
[2026-01-16T08:26:22.981+0000][gc,cpu      ] GC(166) User=0.23s Sys=0.03s Real=0.52s
[2026-01-16T08:26:25.323+0000][gc,start    ] GC(167) Pause Young (Normal) (G1 Evacuation Pause)
[2026-01-16T08:26:25.326+0000][gc,task     ] GC(167) Using 8 workers of 8 for evacuation
[2026-01-16T08:26:25.440+0000][gc,phases   ] GC(167)   Pre Evacuate Collection Set: 11.1ms
[2026-01-16T08:26:25.440+0000][gc,phases   ] GC(167)   Merge Heap Roots: 0.3ms
[2026-01-16T08:26:25.441+0000][gc,phases   ] GC(167)   Evacuate Collection Set: 97.2ms
[2026-01-16T08:26:25.441+0000][gc,phases   ] GC(167)   Post Evacuate Collection Set: 1.3ms
[2026-01-16T08:26:25.441+0000][gc,phases   ] GC(167)   Other: 4.0ms
[2026-01-16T08:26:25.442+0000][gc,heap     ] GC(167) Eden regions: 50->0(50)
[2026-01-16T08:26:25.442+0000][gc,heap     ] GC(167) Survivor regions: 1->1(7)
[2026-01-16T08:26:25.442+0000][gc,heap     ] GC(167) Old regions: 70->70
[2026-01-16T08:26:25.443+0000][gc,heap     ] GC(167) Humongous regions: 56->56
[2026-01-16T08:26:25.443+0000][gc,metaspace] GC(167) Metaspace: 11460K(11776K)->11460K(11776K) NonClass: 10403K(10560K)->10403K(10560K) Class: 1057K(1216K)->1057K(1216K)
[2026-01-16T08:26:25.444+0000][gc          ] GC(167) Pause Young (Normal) (G1 Evacuation Pause) 175M->126M(1024M) 121.763ms
[2026-01-16T08:26:25.446+0000][gc,cpu      ] GC(167) User=0.06s Sys=0.01s Real=0.12s
[2026-01-16T08:26:26.930+0000][gc,start    ] GC(168) Pause Young (Normal) (G1 Evacuation Pause)
[2026-01-16T08:26:26.931+0000][gc,task     ] GC(168) Using 8 workers of 8 for evacuation
[2026-01-16T08:26:27.084+0000][gc,phases   ] GC(168)   Pre Evacuate Collection Set: 13.9ms
[2026-01-16T08:26:27.088+0000][gc,phases   ] GC(168)   Merge Heap Roots: 0.3ms
[2026-01-16T08:26:27.090+0000][gc,phases   ] GC(168)   Evacuate Collection Set: 121.9ms
[2026-01-16T08:26:27.093+0000][gc,phases   ] GC(168)   Post Evacuate Collection Set: 5.0ms
[2026-01-16T08:26:27.098+0000][gc,phases   ] GC(168)   Other: 12.0ms
[2026-01-16T08:26:27.099+0000][gc,heap     ] GC(168) Eden regions: 50->0(49)
[2026-01-16T08:26:27.099+0000][gc,heap     ] GC(168) Survivor regions: 1->2(7)
[2026-01-16T08:26:27.100+0000][gc,heap     ] GC(168) Old regions: 70->70
[2026-01-16T08:26:27.101+0000][gc,heap     ] GC(168) Humongous regions: 56->56
[2026-01-16T08:26:27.101+0000][gc,metaspace] GC(168) Metaspace: 11462K(11776K)->11462K(11776K) NonClass: 10404K(10560K)->10404K(10560K) Class: 1057K(1216K)->1057K(1216K)
[2026-01-16T08:26:27.102+0000][gc          ] GC(168) Pause Young (Normal) (G1 Evacuation Pause) 176M->126M(1024M) 172.484ms
[2026-01-16T08:26:27.103+0000][gc,cpu      ] GC(168) User=0.07s Sys=0.01s Real=0.18s
[2026-01-16T08:26:35.127+0000][gc,start    ] GC(169) Pause Young (Normal) (G1 Evacuation Pause)
[2026-01-16T08:26:35.133+0000][gc,task     ] GC(169) Using 8 workers of 8 for evacuation
[2026-01-16T08:26:35.394+0000][gc,mmu      ] GC(169) MMU target violated: 201.0ms (200.0ms/201.0ms)
[2026-01-16T08:26:35.395+0000][gc,phases   ] GC(169)   Pre Evacuate Collection Set: 50.0ms
[2026-01-16T08:26:35.395+0000][gc,phases   ] GC(169)   Merge Heap Roots: 10.6ms
[2026-01-16T08:26:35.395+0000][gc,phases   ] GC(169)   Evacuate Collection Set: 187.9ms
[2026-01-16T08:26:35.396+0000][gc,phases   ] GC(169)   Post Evacuate Collection Set: 7.5ms
[2026-01-16T08:26:35.396+0000][gc,phases   ] GC(169)   Other: 6.3ms
[2026-01-16T08:26:35.396+0000][gc,heap     ] GC(169) Eden regions: 49->0(50)
[2026-01-16T08:26:35.397+0000][gc,heap     ] GC(169) Survivor regions: 2->1(7)
[2026-01-16T08:26:35.397+0000][gc,heap     ] GC(169) Old regions: 70->70
[2026-01-16T08:26:35.397+0000][gc,heap     ] GC(169) Humongous regions: 56->56
[2026-01-16T08:26:35.397+0000][gc,metaspace] GC(169) Metaspace: 11466K(11776K)->11466K(11776K) NonClass: 10409K(10560K)->10409K(10560K) Class: 1057K(1216K)->1057K(1216K)
[2026-01-16T08:26:35.398+0000][gc          ] GC(169) Pause Young (Normal) (G1 Evacuation Pause) 175M->126M(1024M) 270.874ms
[2026-01-16T08:26:35.398+0000][gc,cpu      ] GC(169) User=0.12s Sys=0.01s Real=0.27s
[2026-01-16T08:26:38.407+0000][gc,start    ] GC(170) Pause Young (Normal) (G1 Evacuation Pause)
[2026-01-16T08:26:38.410+0000][gc,task     ] GC(170) Using 8 workers of 8 for evacuation
[2026-01-16T08:26:38.654+0000][gc,mmu      ] GC(170) MMU target violated: 201.0ms (200.0ms/201.0ms)
[2026-01-16T08:26:38.655+0000][gc,phases   ] GC(170)   Pre Evacuate Collection Set: 13.8ms
[2026-01-16T08:26:38.658+0000][gc,phases   ] GC(170)   Merge Heap Roots: 3.9ms
[2026-01-16T08:26:38.659+0000][gc,phases   ] GC(170)   Evacuate Collection Set: 180.9ms
[2026-01-16T08:26:38.660+0000][gc,phases   ] GC(170)   Post Evacuate Collection Set: 45.3ms
[2026-01-16T08:26:38.661+0000][gc,phases   ] GC(170)   Other: 2.3ms
[2026-01-16T08:26:38.663+0000][gc,heap     ] GC(170) Eden regions: 50->0(49)
[2026-01-16T08:26:38.665+0000][gc,heap     ] GC(170) Survivor regions: 1->2(7)
[2026-01-16T08:26:38.667+0000][gc,heap     ] GC(170) Old regions: 70->70
[2026-01-16T08:26:38.668+0000][gc,heap     ] GC(170) Humongous regions: 56->56
[2026-01-16T08:26:38.668+0000][gc,metaspace] GC(170) Metaspace: 11466K(11776K)->11466K(11776K) NonClass: 10409K(10560K)->10409K(10560K) Class: 1057K(1216K)->1057K(1216K)
[2026-01-16T08:26:38.668+0000][gc          ] GC(170) Pause Young (Normal) (G1 Evacuation Pause) 176M->126M(1024M) 261.598ms
[2026-01-16T08:26:38.669+0000][gc,cpu      ] GC(170) User=0.10s Sys=0.01s Real=0.26s
[2026-01-16T08:26:42.872+0000][gc,start    ] GC(171) Pause Young (Normal) (G1 Evacuation Pause)
[2026-01-16T08:26:42.874+0000][gc,task     ] GC(171) Using 8 workers of 8 for evacuation
[2026-01-16T08:26:42.936+0000][gc,phases   ] GC(171)   Pre Evacuate Collection Set: 3.2ms
[2026-01-16T08:26:42.950+0000][gc,phases   ] GC(171)   Merge Heap Roots: 0.3ms
[2026-01-16T08:26:42.952+0000][gc,phases   ] GC(171)   Evacuate Collection Set: 51.5ms
[2026-01-16T08:26:42.953+0000][gc,phases   ] GC(171)   Post Evacuate Collection Set: 5.3ms
[2026-01-16T08:26:42.953+0000][gc,phases   ] GC(171)   Other: 2.6ms
[2026-01-16T08:26:42.954+0000][gc,heap     ] GC(171) Eden regions: 49->0(81)
[2026-01-16T08:26:42.954+0000][gc,heap     ] GC(171) Survivor regions: 2->1(7)
[2026-01-16T08:26:42.954+0000][gc,heap     ] GC(171) Old regions: 70->70
[2026-01-16T08:26:42.955+0000][gc,heap     ] GC(171) Humongous regions: 56->56
[2026-01-16T08:26:42.956+0000][gc,metaspace] GC(171) Metaspace: 11472K(11776K)->11472K(11776K) NonClass: 10414K(10560K)->10414K(10560K) Class: 1057K(1216K)->1057K(1216K)
[2026-01-16T08:26:42.957+0000][gc          ] GC(171) Pause Young (Normal) (G1 Evacuation Pause) 175M->125M(1024M) 84.932ms
[2026-01-16T08:26:42.978+0000][gc,cpu      ] GC(171) User=0.05s Sys=0.00s Real=0.11s
[2026-01-16T08:26:52.926+0000][gc,start    ] GC(172) Pause Young (Normal) (G1 Evacuation Pause)
[2026-01-16T08:26:52.944+0000][gc,task     ] GC(172) Using 8 workers of 8 for evacuation
[2026-01-16T08:26:53.210+0000][gc,mmu      ] GC(172) MMU target violated: 201.0ms (200.0ms/201.0ms)
[2026-01-16T08:26:53.211+0000][gc,phases   ] GC(172)   Pre Evacuate Collection Set: 20.7ms
[2026-01-16T08:26:53.211+0000][gc,phases   ] GC(172)   Merge Heap Roots: 1.3ms
[2026-01-16T08:26:53.211+0000][gc,phases   ] GC(172)   Evacuate Collection Set: 226.7ms
[2026-01-16T08:26:53.211+0000][gc,phases   ] GC(172)   Post Evacuate Collection Set: 16.9ms
[2026-01-16T08:26:53.211+0000][gc,phases   ] GC(172)   Other: 9.4ms
[2026-01-16T08:26:53.213+0000][gc,heap     ] GC(172) Eden regions: 92->0(50)
[2026-01-16T08:26:53.213+0000][gc,heap     ] GC(172) Survivor regions: 1->1(12)
[2026-01-16T08:26:53.213+0000][gc,heap     ] GC(172) Old regions: 70->70
[2026-01-16T08:26:53.214+0000][gc,heap     ] GC(172) Humongous regions: 56->56
[2026-01-16T08:26:53.214+0000][gc,metaspace] GC(172) Metaspace: 11481K(11776K)->11481K(11776K) NonClass: 10423K(10560K)->10423K(10560K) Class: 1057K(1216K)->1057K(1216K)
[2026-01-16T08:26:53.214+0000][gc          ] GC(172) Pause Young (Normal) (G1 Evacuation Pause) 217M->125M(1024M) 288.396ms
[2026-01-16T08:26:53.214+0000][gc,cpu      ] GC(172) User=0.19s Sys=0.02s Real=0.29s
[2026-01-16T08:26:57.076+0000][gc,start    ] GC(173) Pause Young (Normal) (G1 Evacuation Pause)
[2026-01-16T08:26:57.108+0000][gc,task     ] GC(173) Using 8 workers of 8 for evacuation
[2026-01-16T08:26:57.503+0000][gc,mmu      ] GC(173) MMU target violated: 201.0ms (200.0ms/201.0ms)
[2026-01-16T08:26:57.504+0000][gc,phases   ] GC(173)   Pre Evacuate Collection Set: 30.6ms
[2026-01-16T08:26:57.509+0000][gc,phases   ] GC(173)   Merge Heap Roots: 5.9ms
[2026-01-16T08:26:57.511+0000][gc,phases   ] GC(173)   Evacuate Collection Set: 302.2ms
[2026-01-16T08:26:57.515+0000][gc,phases   ] GC(173)   Post Evacuate Collection Set: 52.8ms
[2026-01-16T08:26:57.516+0000][gc,phases   ] GC(173)   Other: 4.7ms
[2026-01-16T08:26:57.516+0000][gc,heap     ] GC(173) Eden regions: 50->0(50)
[2026-01-16T08:26:57.517+0000][gc,heap     ] GC(173) Survivor regions: 1->1(7)
[2026-01-16T08:26:57.517+0000][gc,heap     ] GC(173) Old regions: 70->70
[2026-01-16T08:26:57.519+0000][gc,heap     ] GC(173) Humongous regions: 56->56
[2026-01-16T08:26:57.519+0000][gc,metaspace] GC(173) Metaspace: 11488K(11776K)->11488K(11776K) NonClass: 10431K(10560K)->10431K(10560K) Class: 1057K(1216K)->1057K(1216K)
[2026-01-16T08:26:57.519+0000][gc          ] GC(173) Pause Young (Normal) (G1 Evacuation Pause) 175M->126M(1024M) 442.729ms
[2026-01-16T08:26:57.519+0000][gc,cpu      ] GC(173) User=0.15s Sys=0.02s Real=0.44s
[2026-01-16T08:27:02.776+0000][gc,start    ] GC(174) Pause Young (Normal) (G1 Evacuation Pause)
[2026-01-16T08:27:02.796+0000][gc,task     ] GC(174) Using 8 workers of 8 for evacuation
[2026-01-16T08:27:03.088+0000][gc,mmu      ] GC(174) MMU target violated: 201.0ms (200.0ms/201.0ms)
[2026-01-16T08:27:03.092+0000][gc,phases   ] GC(174)   Pre Evacuate Collection Set: 46.3ms
[2026-01-16T08:27:03.097+0000][gc,phases   ] GC(174)   Merge Heap Roots: 37.1ms
[2026-01-16T08:27:03.097+0000][gc,phases   ] GC(174)   Evacuate Collection Set: 168.9ms
[2026-01-16T08:27:03.097+0000][gc,phases   ] GC(174)   Post Evacuate Collection Set: 34.7ms
[2026-01-16T08:27:03.098+0000][gc,phases   ] GC(174)   Other: 9.7ms
[2026-01-16T08:27:03.098+0000][gc,heap     ] GC(174) Eden regions: 50->0(49)
[2026-01-16T08:27:03.098+0000][gc,heap     ] GC(174) Survivor regions: 1->2(7)
[2026-01-16T08:27:03.099+0000][gc,heap     ] GC(174) Old regions: 70->70
[2026-01-16T08:27:03.100+0000][gc,heap     ] GC(174) Humongous regions: 56->56
[2026-01-16T08:27:03.101+0000][gc,metaspace] GC(174) Metaspace: 11508K(11840K)->11508K(11840K) NonClass: 10451K(10624K)->10451K(10624K) Class: 1057K(1216K)->1057K(1216K)
[2026-01-16T08:27:03.104+0000][gc          ] GC(174) Pause Young (Normal) (G1 Evacuation Pause) 176M->126M(1024M) 327.963ms
[2026-01-16T08:27:03.105+0000][gc,cpu      ] GC(174) User=0.16s Sys=0.01s Real=0.33s
[2026-01-16T08:27:03.923+0000][gc,start    ] GC(175) Pause Young (Normal) (G1 Evacuation Pause)
[2026-01-16T08:27:03.925+0000][gc,task     ] GC(175) Using 8 workers of 8 for evacuation
[2026-01-16T08:27:03.947+0000][gc,phases   ] GC(175)   Pre Evacuate Collection Set: 1.4ms
[2026-01-16T08:27:03.947+0000][gc,phases   ] GC(175)   Merge Heap Roots: 0.3ms
[2026-01-16T08:27:03.948+0000][gc,phases   ] GC(175)   Evacuate Collection Set: 16.6ms
[2026-01-16T08:27:03.950+0000][gc,phases   ] GC(175)   Post Evacuate Collection Set: 2.0ms
[2026-01-16T08:27:03.951+0000][gc,phases   ] GC(175)   Other: 2.1ms
[2026-01-16T08:27:03.951+0000][gc,heap     ] GC(175) Eden regions: 49->0(50)
[2026-01-16T08:27:03.951+0000][gc,heap     ] GC(175) Survivor regions: 2->1(7)
[2026-01-16T08:27:03.951+0000][gc,heap     ] GC(175) Old regions: 70->70
[2026-01-16T08:27:03.951+0000][gc,heap     ] GC(175) Humongous regions: 56->56
[2026-01-16T08:27:03.951+0000][gc,metaspace] GC(175) Metaspace: 11518K(11840K)->11518K(11840K) NonClass: 10460K(10624K)->10460K(10624K) Class: 1057K(1216K)->1057K(1216K)
[2026-01-16T08:27:03.952+0000][gc          ] GC(175) Pause Young (Normal) (G1 Evacuation Pause) 175M->126M(1024M) 28.233ms
[2026-01-16T08:27:03.952+0000][gc,cpu      ] GC(175) User=0.03s Sys=0.00s Real=0.03s
[2026-01-16T08:27:04.542+0000][gc,start    ] GC(176) Pause Young (Normal) (G1 Evacuation Pause)
[2026-01-16T08:27:04.546+0000][gc,task     ] GC(176) Using 8 workers of 8 for evacuation
[2026-01-16T08:27:04.578+0000][gc,phases   ] GC(176)   Pre Evacuate Collection Set: 6.0ms
[2026-01-16T08:27:04.580+0000][gc,phases   ] GC(176)   Merge Heap Roots: 0.2ms
[2026-01-16T08:27:04.582+0000][gc,phases   ] GC(176)   Evacuate Collection Set: 17.7ms
[2026-01-16T08:27:04.583+0000][gc,phases   ] GC(176)   Post Evacuate Collection Set: 7.5ms
[2026-01-16T08:27:04.584+0000][gc,phases   ] GC(176)   Other: 0.6ms
[2026-01-16T08:27:04.584+0000][gc,heap     ] GC(176) Eden regions: 50->0(49)
[2026-01-16T08:27:04.587+0000][gc,heap     ] GC(176) Survivor regions: 1->2(7)
[2026-01-16T08:27:04.591+0000][gc,heap     ] GC(176) Old regions: 70->70
[2026-01-16T08:27:04.593+0000][gc,heap     ] GC(176) Humongous regions: 56->56
[2026-01-16T08:27:04.598+0000][gc,metaspace] GC(176) Metaspace: 11525K(11840K)->11525K(11840K) NonClass: 10468K(10624K)->10468K(10624K) Class: 1057K(1216K)->1057K(1216K)
[2026-01-16T08:27:04.599+0000][gc          ] GC(176) Pause Young (Normal) (G1 Evacuation Pause) 176M->126M(1024M) 56.347ms
[2026-01-16T08:27:04.599+0000][gc,cpu      ] GC(176) User=0.03s Sys=0.00s Real=0.05s
[2026-01-16T08:27:14.305+0000][gc,start    ] GC(177) Pause Young (Normal) (G1 Evacuation Pause)
[2026-01-16T08:27:14.313+0000][gc,task     ] GC(177) Using 8 workers of 8 for evacuation
[2026-01-16T08:27:14.495+0000][gc,phases   ] GC(177)   Pre Evacuate Collection Set: 37.1ms
[2026-01-16T08:27:14.498+0000][gc,phases   ] GC(177)   Merge Heap Roots: 4.2ms
[2026-01-16T08:27:14.501+0000][gc,phases   ] GC(177)   Evacuate Collection Set: 109.4ms
[2026-01-16T08:27:14.502+0000][gc,phases   ] GC(177)   Post Evacuate Collection Set: 26.0ms
[2026-01-16T08:27:14.502+0000][gc,phases   ] GC(177)   Other: 5.2ms
[2026-01-16T08:27:14.503+0000][gc,heap     ] GC(177) Eden regions: 54->0(78)
[2026-01-16T08:27:14.503+0000][gc,heap     ] GC(177) Survivor regions: 2->1(7)
[2026-01-16T08:27:14.503+0000][gc,heap     ] GC(177) Old regions: 70->70
[2026-01-16T08:27:14.506+0000][gc,heap     ] GC(177) Humongous regions: 56->56
[2026-01-16T08:27:14.506+0000][gc,metaspace] GC(177) Metaspace: 11535K(11840K)->11535K(11840K) NonClass: 10478K(10624K)->10478K(10624K) Class: 1057K(1216K)->1057K(1216K)
[2026-01-16T08:27:14.508+0000][gc          ] GC(177) Pause Young (Normal) (G1 Evacuation Pause) 180M->126M(1024M) 202.971ms
[2026-01-16T08:27:14.509+0000][gc,cpu      ] GC(177) User=0.07s Sys=0.00s Real=0.20s
[2026-01-16T08:27:24.901+0000][gc,start    ] GC(178) Pause Young (Normal) (G1 Evacuation Pause)
[2026-01-16T08:27:24.911+0000][gc,task     ] GC(178) Using 8 workers of 8 for evacuation
[2026-01-16T08:27:25.098+0000][gc,phases   ] GC(178)   Pre Evacuate Collection Set: 31.7ms
[2026-01-16T08:27:25.101+0000][gc,phases   ] GC(178)   Merge Heap Roots: 0.7ms
[2026-01-16T08:27:25.103+0000][gc,phases   ] GC(178)   Evacuate Collection Set: 122.3ms
[2026-01-16T08:27:25.104+0000][gc,phases   ] GC(178)   Post Evacuate Collection Set: 25.4ms
[2026-01-16T08:27:25.104+0000][gc,phases   ] GC(178)   Other: 8.4ms
[2026-01-16T08:27:25.105+0000][gc,heap     ] GC(178) Eden regions: 108->0(68)
[2026-01-16T08:27:25.106+0000][gc,heap     ] GC(178) Survivor regions: 1->1(14)
[2026-01-16T08:27:25.106+0000][gc,heap     ] GC(178) Old regions: 70->70
[2026-01-16T08:27:25.106+0000][gc,heap     ] GC(178) Humongous regions: 56->56
[2026-01-16T08:27:25.107+0000][gc,metaspace] GC(178) Metaspace: 11545K(11904K)->11545K(11904K) NonClass: 10487K(10688K)->10487K(10688K) Class: 1057K(1216K)->1057K(1216K)
[2026-01-16T08:27:25.108+0000][gc          ] GC(178) Pause Young (Normal) (G1 Evacuation Pause) 234M->126M(1024M) 206.753ms
[2026-01-16T08:27:25.109+0000][gc,cpu      ] GC(178) User=0.14s Sys=0.01s Real=0.20s
[2026-01-16T08:27:32.517+0000][gc,start    ] GC(179) Pause Young (Normal) (G1 Evacuation Pause)
[2026-01-16T08:27:32.520+0000][gc,task     ] GC(179) Using 8 workers of 8 for evacuation
[2026-01-16T08:27:32.630+0000][gc,phases   ] GC(179)   Pre Evacuate Collection Set: 23.7ms
[2026-01-16T08:27:32.633+0000][gc,phases   ] GC(179)   Merge Heap Roots: 0.7ms
[2026-01-16T08:27:32.633+0000][gc,phases   ] GC(179)   Evacuate Collection Set: 75.5ms
[2026-01-16T08:27:32.634+0000][gc,phases   ] GC(179)   Post Evacuate Collection Set: 4.5ms
[2026-01-16T08:27:32.634+0000][gc,phases   ] GC(179)   Other: 6.8ms
[2026-01-16T08:27:32.635+0000][gc,heap     ] GC(179) Eden regions: 93->0(149)
[2026-01-16T08:27:32.635+0000][gc,heap     ] GC(179) Survivor regions: 1->1(12)
[2026-01-16T08:27:32.635+0000][gc,heap     ] GC(179) Old regions: 70->70
[2026-01-16T08:27:32.635+0000][gc,heap     ] GC(179) Humongous regions: 56->56
[2026-01-16T08:27:32.636+0000][gc,metaspace] GC(179) Metaspace: 11554K(11904K)->11554K(11904K) NonClass: 10496K(10688K)->10496K(10688K) Class: 1057K(1216K)->1057K(1216K)
[2026-01-16T08:27:32.637+0000][gc          ] GC(179) Pause Young (Normal) (G1 Evacuation Pause) 219M->125M(1024M) 119.373ms
[2026-01-16T08:27:32.637+0000][gc,cpu      ] GC(179) User=0.06s Sys=0.01s Real=0.12s
[2026-01-16T08:27:45.259+0000][gc,start    ] GC(180) Pause Young (Normal) (G1 Evacuation Pause)
[2026-01-16T08:27:45.263+0000][gc,task     ] GC(180) Using 8 workers of 8 for evacuation
[2026-01-16T08:27:45.487+0000][gc,mmu      ] GC(180) MMU target violated: 201.0ms (200.0ms/201.0ms)
[2026-01-16T08:27:45.487+0000][gc,phases   ] GC(180)   Pre Evacuate Collection Set: 37.1ms
[2026-01-16T08:27:45.488+0000][gc,phases   ] GC(180)   Merge Heap Roots: 3.5ms
[2026-01-16T08:27:45.488+0000][gc,phases   ] GC(180)   Evacuate Collection Set: 157.1ms
[2026-01-16T08:27:45.488+0000][gc,phases   ] GC(180)   Post Evacuate Collection Set: 21.6ms
[2026-01-16T08:27:45.488+0000][gc,phases   ] GC(180)   Other: 5.5ms
[2026-01-16T08:27:45.488+0000][gc,heap     ] GC(180) Eden regions: 142->0(129)
[2026-01-16T08:27:45.488+0000][gc,heap     ] GC(180) Survivor regions: 1->1(18)
[2026-01-16T08:27:45.489+0000][gc,heap     ] GC(180) Old regions: 70->70
[2026-01-16T08:27:45.489+0000][gc,heap     ] GC(180) Humongous regions: 56->56
[2026-01-16T08:27:45.491+0000][gc,metaspace] GC(180) Metaspace: 11594K(11904K)->11594K(11904K) NonClass: 10536K(10688K)->10536K(10688K) Class: 1057K(1216K)->1057K(1216K)
[2026-01-16T08:27:45.492+0000][gc          ] GC(180) Pause Young (Normal) (G1 Evacuation Pause) 267M->126M(1024M) 232.813ms
[2026-01-16T08:27:45.492+0000][gc,cpu      ] GC(180) User=0.11s Sys=0.00s Real=0.23s
[2026-01-16T08:28:01.092+0000][gc,start    ] GC(181) Pause Young (Normal) (G1 Evacuation Pause)
[2026-01-16T08:28:01.094+0000][gc,task     ] GC(181) Using 8 workers of 8 for evacuation
[2026-01-16T08:28:01.631+0000][gc,mmu      ] GC(181) MMU target violated: 201.0ms (200.0ms/201.0ms)
[2026-01-16T08:28:01.633+0000][gc,phases   ] GC(181)   Pre Evacuate Collection Set: 30.9ms
[2026-01-16T08:28:01.634+0000][gc,phases   ] GC(181)   Merge Heap Roots: 15.1ms
[2026-01-16T08:28:01.635+0000][gc,phases   ] GC(181)   Evacuate Collection Set: 384.6ms
[2026-01-16T08:28:01.635+0000][gc,phases   ] GC(181)   Post Evacuate Collection Set: 104.2ms
[2026-01-16T08:28:01.641+0000][gc,phases   ] GC(181)   Other: 4.5ms
[2026-01-16T08:28:01.642+0000][gc,heap     ] GC(181) Eden regions: 158->0(49)
[2026-01-16T08:28:01.642+0000][gc,heap     ] GC(181) Survivor regions: 1->2(20)
[2026-01-16T08:28:01.642+0000][gc,heap     ] GC(181) Old regions: 70->70
[2026-01-16T08:28:01.643+0000][gc,heap     ] GC(181) Humongous regions: 56->56
[2026-01-16T08:28:01.655+0000][gc,metaspace] GC(181) Metaspace: 11614K(11968K)->11614K(11968K) NonClass: 10556K(10752K)->10556K(10752K) Class: 1057K(1216K)->1057K(1216K)
[2026-01-16T08:28:01.657+0000][gc          ] GC(181) Pause Young (Normal) (G1 Evacuation Pause) 284M->126M(1024M) 564.694ms
[2026-01-16T08:28:01.658+0000][gc,cpu      ] GC(181) User=0.29s Sys=0.03s Real=0.56s
[2026-01-16T08:28:04.707+0000][gc,start    ] GC(182) Pause Young (Normal) (G1 Evacuation Pause)
[2026-01-16T08:28:04.709+0000][gc,task     ] GC(182) Using 8 workers of 8 for evacuation
[2026-01-16T08:28:05.006+0000][gc,mmu      ] GC(182) MMU target violated: 201.0ms (200.0ms/201.0ms)
[2026-01-16T08:28:05.006+0000][gc,phases   ] GC(182)   Pre Evacuate Collection Set: 42.7ms
[2026-01-16T08:28:05.006+0000][gc,phases   ] GC(182)   Merge Heap Roots: 5.0ms
[2026-01-16T08:28:05.007+0000][gc,phases   ] GC(182)   Evacuate Collection Set: 233.9ms
[2026-01-16T08:28:05.008+0000][gc,phases   ] GC(182)   Post Evacuate Collection Set: 11.0ms
[2026-01-16T08:28:05.010+0000][gc,phases   ] GC(182)   Other: 4.6ms
[2026-01-16T08:28:05.012+0000][gc,heap     ] GC(182) Eden regions: 49->0(49)
[2026-01-16T08:28:05.015+0000][gc,heap     ] GC(182) Survivor regions: 2->2(7)
[2026-01-16T08:28:05.016+0000][gc,heap     ] GC(182) Old regions: 70->70
[2026-01-16T08:28:05.016+0000][gc,heap     ] GC(182) Humongous regions: 56->56
[2026-01-16T08:28:05.017+0000][gc,metaspace] GC(182) Metaspace: 11614K(11968K)->11614K(11968K) NonClass: 10556K(10752K)->10556K(10752K) Class: 1057K(1216K)->1057K(1216K)
[2026-01-16T08:28:05.017+0000][gc          ] GC(182) Pause Young (Normal) (G1 Evacuation Pause) 175M->127M(1024M) 310.075ms
[2026-01-16T08:28:05.018+0000][gc,cpu      ] GC(182) User=0.16s Sys=0.02s Real=0.31s
[2026-01-16T08:28:10.147+0000][gc,start    ] GC(183) Pause Young (Normal) (G1 Evacuation Pause)
[2026-01-16T08:28:10.148+0000][gc,task     ] GC(183) Using 8 workers of 8 for evacuation
[2026-01-16T08:28:10.422+0000][gc,mmu      ] GC(183) MMU target violated: 201.0ms (200.0ms/201.0ms)
[2026-01-16T08:28:10.422+0000][gc,phases   ] GC(183)   Pre Evacuate Collection Set: 26.3ms
[2026-01-16T08:28:10.422+0000][gc,phases   ] GC(183)   Merge Heap Roots: 6.5ms
[2026-01-16T08:28:10.422+0000][gc,phases   ] GC(183)   Evacuate Collection Set: 229.4ms
[2026-01-16T08:28:10.422+0000][gc,phases   ] GC(183)   Post Evacuate Collection Set: 11.0ms
[2026-01-16T08:28:10.423+0000][gc,phases   ] GC(183)   Other: 0.6ms
[2026-01-16T08:28:10.423+0000][gc,heap     ] GC(183) Eden regions: 49->0(49)
[2026-01-16T08:28:10.423+0000][gc,heap     ] GC(183) Survivor regions: 2->2(7)
[2026-01-16T08:28:10.423+0000][gc,heap     ] GC(183) Old regions: 70->70
[2026-01-16T08:28:10.423+0000][gc,heap     ] GC(183) Humongous regions: 56->56
[2026-01-16T08:28:10.424+0000][gc,metaspace] GC(183) Metaspace: 11622K(11968K)->11622K(11968K) NonClass: 10564K(10752K)->10564K(10752K) Class: 1057K(1216K)->1057K(1216K)
[2026-01-16T08:28:10.438+0000][gc          ] GC(183) Pause Young (Normal) (G1 Evacuation Pause) 176M->126M(1024M) 291.587ms
[2026-01-16T08:28:10.441+0000][gc,cpu      ] GC(183) User=0.16s Sys=0.00s Real=0.30s
[2026-01-16T08:28:12.968+0000][gc,start    ] GC(184) Pause Young (Normal) (G1 Evacuation Pause)
[2026-01-16T08:28:12.971+0000][gc,task     ] GC(184) Using 8 workers of 8 for evacuation
[2026-01-16T08:28:13.087+0000][gc,phases   ] GC(184)   Pre Evacuate Collection Set: 30.4ms
[2026-01-16T08:28:13.090+0000][gc,phases   ] GC(184)   Merge Heap Roots: 10.2ms
[2026-01-16T08:28:13.092+0000][gc,phases   ] GC(184)   Evacuate Collection Set: 60.6ms
[2026-01-16T08:28:13.092+0000][gc,phases   ] GC(184)   Post Evacuate Collection Set: 14.5ms
[2026-01-16T08:28:13.093+0000][gc,phases   ] GC(184)   Other: 0.7ms
[2026-01-16T08:28:13.093+0000][gc,heap     ] GC(184) Eden regions: 49->0(53)
[2026-01-16T08:28:13.094+0000][gc,heap     ] GC(184) Survivor regions: 2->1(7)
[2026-01-16T08:28:13.095+0000][gc,heap     ] GC(184) Old regions: 70->70
[2026-01-16T08:28:13.095+0000][gc,heap     ] GC(184) Humongous regions: 56->56
[2026-01-16T08:28:13.095+0000][gc,metaspace] GC(184) Metaspace: 11623K(11968K)->11623K(11968K) NonClass: 10565K(10752K)->10565K(10752K) Class: 1057K(1216K)->1057K(1216K)
[2026-01-16T08:28:13.100+0000][gc          ] GC(184) Pause Young (Normal) (G1 Evacuation Pause) 175M->125M(1024M) 131.378ms
[2026-01-16T08:28:13.100+0000][gc,cpu      ] GC(184) User=0.05s Sys=0.01s Real=0.13s
[2026-01-16T08:28:15.266+0000][gc,start    ] GC(185) Pause Young (Normal) (G1 Evacuation Pause)
[2026-01-16T08:28:15.267+0000][gc,task     ] GC(185) Using 8 workers of 8 for evacuation
[2026-01-16T08:28:15.447+0000][gc,phases   ] GC(185)   Pre Evacuate Collection Set: 31.1ms
[2026-01-16T08:28:15.452+0000][gc,phases   ] GC(185)   Merge Heap Roots: 0.3ms
[2026-01-16T08:28:15.453+0000][gc,phases   ] GC(185)   Evacuate Collection Set: 140.1ms
[2026-01-16T08:28:15.453+0000][gc,phases   ] GC(185)   Post Evacuate Collection Set: 6.8ms
[2026-01-16T08:28:15.454+0000][gc,phases   ] GC(185)   Other: 1.4ms
[2026-01-16T08:28:15.455+0000][gc,heap     ] GC(185) Eden regions: 50->0(49)
[2026-01-16T08:28:15.456+0000][gc,heap     ] GC(185) Survivor regions: 1->2(7)
[2026-01-16T08:28:15.457+0000][gc,heap     ] GC(185) Old regions: 70->70
[2026-01-16T08:28:15.458+0000][gc,heap     ] GC(185) Humongous regions: 56->56
[2026-01-16T08:28:15.462+0000][gc,metaspace] GC(185) Metaspace: 11623K(11968K)->11623K(11968K) NonClass: 10565K(10752K)->10565K(10752K) Class: 1057K(1216K)->1057K(1216K)
[2026-01-16T08:28:15.465+0000][gc          ] GC(185) Pause Young (Normal) (G1 Evacuation Pause) 175M->126M(1024M) 198.765ms
[2026-01-16T08:28:15.467+0000][gc,cpu      ] GC(185) User=0.08s Sys=0.00s Real=0.20s
[2026-01-16T08:28:16.342+0000][gc,start    ] GC(186) Pause Young (Normal) (G1 Evacuation Pause)
[2026-01-16T08:28:16.343+0000][gc,task     ] GC(186) Using 8 workers of 8 for evacuation
[2026-01-16T08:28:16.374+0000][gc,phases   ] GC(186)   Pre Evacuate Collection Set: 1.3ms
[2026-01-16T08:28:16.374+0000][gc,phases   ] GC(186)   Merge Heap Roots: 0.4ms
[2026-01-16T08:28:16.376+0000][gc,phases   ] GC(186)   Evacuate Collection Set: 24.9ms
[2026-01-16T08:28:16.377+0000][gc,phases   ] GC(186)   Post Evacuate Collection Set: 3.2ms
[2026-01-16T08:28:16.378+0000][gc,phases   ] GC(186)   Other: 0.9ms
[2026-01-16T08:28:16.378+0000][gc,heap     ] GC(186) Eden regions: 49->0(49)
[2026-01-16T08:28:16.379+0000][gc,heap     ] GC(186) Survivor regions: 2->2(7)
[2026-01-16T08:28:16.379+0000][gc,heap     ] GC(186) Old regions: 70->70
[2026-01-16T08:28:16.379+0000][gc,heap     ] GC(186) Humongous regions: 56->56
[2026-01-16T08:28:16.379+0000][gc,metaspace] GC(186) Metaspace: 11625K(11968K)->11625K(11968K) NonClass: 10567K(10752K)->10567K(10752K) Class: 1057K(1216K)->1057K(1216K)
[2026-01-16T08:28:16.380+0000][gc          ] GC(186) Pause Young (Normal) (G1 Evacuation Pause) 175M->127M(1024M) 38.546ms
[2026-01-16T08:28:16.381+0000][gc,cpu      ] GC(186) User=0.02s Sys=0.00s Real=0.04s
[2026-01-16T08:28:23.115+0000][gc,start    ] GC(187) Pause Young (Normal) (G1 Evacuation Pause)
[2026-01-16T08:28:23.117+0000][gc,task     ] GC(187) Using 8 workers of 8 for evacuation
[2026-01-16T08:28:23.285+0000][gc,phases   ] GC(187)   Pre Evacuate Collection Set: 37.6ms
[2026-01-16T08:28:23.286+0000][gc,phases   ] GC(187)   Merge Heap Roots: 2.6ms
[2026-01-16T08:28:23.286+0000][gc,phases   ] GC(187)   Evacuate Collection Set: 104.4ms
[2026-01-16T08:28:23.286+0000][gc,phases   ] GC(187)   Post Evacuate Collection Set: 22.2ms
[2026-01-16T08:28:23.286+0000][gc,phases   ] GC(187)   Other: 1.5ms
[2026-01-16T08:28:23.286+0000][gc,heap     ] GC(187) Eden regions: 49->0(58)
[2026-01-16T08:28:23.286+0000][gc,heap     ] GC(187) Survivor regions: 2->2(7)
[2026-01-16T08:28:23.286+0000][gc,heap     ] GC(187) Old regions: 70->70
[2026-01-16T08:28:23.286+0000][gc,heap     ] GC(187) Humongous regions: 56->56
[2026-01-16T08:28:23.286+0000][gc,metaspace] GC(187) Metaspace: 11626K(11968K)->11626K(11968K) NonClass: 10568K(10752K)->10568K(10752K) Class: 1057K(1216K)->1057K(1216K)
[2026-01-16T08:28:23.286+0000][gc          ] GC(187) Pause Young (Normal) (G1 Evacuation Pause) 176M->126M(1024M) 171.558ms
[2026-01-16T08:28:23.286+0000][gc,cpu      ] GC(187) User=0.08s Sys=0.00s Real=0.17s
[2026-01-16T08:28:27.276+0000][gc,start    ] GC(188) Pause Young (Normal) (G1 Evacuation Pause)
[2026-01-16T08:28:27.284+0000][gc,task     ] GC(188) Using 8 workers of 8 for evacuation
[2026-01-16T08:28:28.290+0000][gc,mmu      ] GC(188) MMU target violated: 201.0ms (200.0ms/201.0ms)
[2026-01-16T08:28:28.310+0000][gc,phases   ] GC(188)   Pre Evacuate Collection Set: 107.3ms
[2026-01-16T08:28:28.374+0000][gc,phases   ] GC(188)   Merge Heap Roots: 56.7ms
[2026-01-16T08:28:28.382+0000][gc,phases   ] GC(188)   Evacuate Collection Set: 772.7ms
[2026-01-16T08:28:28.383+0000][gc,phases   ] GC(188)   Post Evacuate Collection Set: 62.9ms
[2026-01-16T08:28:28.383+0000][gc,phases   ] GC(188)   Other: 27.9ms
[2026-01-16T08:28:28.383+0000][gc,heap     ] GC(188) Eden regions: 49->0(49)
[2026-01-16T08:28:28.390+0000][gc,heap     ] GC(188) Survivor regions: 2->2(7)
[2026-01-16T08:28:28.390+0000][gc,heap     ] GC(188) Old regions: 70->70
[2026-01-16T08:28:28.392+0000][gc,heap     ] GC(188) Humongous regions: 56->56
[2026-01-16T08:28:28.394+0000][gc,metaspace] GC(188) Metaspace: 11631K(11968K)->11631K(11968K) NonClass: 10573K(10752K)->10573K(10752K) Class: 1057K(1216K)->1057K(1216K)
[2026-01-16T08:28:28.420+0000][gc          ] GC(188) Pause Young (Normal) (G1 Evacuation Pause) 175M->127M(1024M) 1125.013ms
[2026-01-16T08:28:28.421+0000][gc,cpu      ] GC(188) User=0.32s Sys=0.05s Real=1.15s
[2026-01-16T08:28:35.377+0000][gc,start    ] GC(189) Pause Young (Normal) (G1 Evacuation Pause)
[2026-01-16T08:28:35.384+0000][gc,task     ] GC(189) Using 8 workers of 8 for evacuation
[2026-01-16T08:28:35.715+0000][gc,mmu      ] GC(189) MMU target violated: 201.0ms (200.0ms/201.0ms)
[2026-01-16T08:28:35.716+0000][gc,phases   ] GC(189)   Pre Evacuate Collection Set: 82.5ms
[2026-01-16T08:28:35.716+0000][gc,phases   ] GC(189)   Merge Heap Roots: 20.3ms
[2026-01-16T08:28:35.716+0000][gc,phases   ] GC(189)   Evacuate Collection Set: 191.7ms
[2026-01-16T08:28:35.717+0000][gc,phases   ] GC(189)   Post Evacuate Collection Set: 27.8ms
[2026-01-16T08:28:35.717+0000][gc,phases   ] GC(189)   Other: 9.4ms
[2026-01-16T08:28:35.719+0000][gc,heap     ] GC(189) Eden regions: 49->0(49)
[2026-01-16T08:28:35.722+0000][gc,heap     ] GC(189) Survivor regions: 2->2(7)
[2026-01-16T08:28:35.722+0000][gc,heap     ] GC(189) Old regions: 70->70
[2026-01-16T08:28:35.722+0000][gc,heap     ] GC(189) Humongous regions: 56->56
[2026-01-16T08:28:35.722+0000][gc,metaspace] GC(189) Metaspace: 11633K(11968K)->11633K(11968K) NonClass: 10575K(10752K)->10575K(10752K) Class: 1057K(1216K)->1057K(1216K)
[2026-01-16T08:28:35.722+0000][gc          ] GC(189) Pause Young (Normal) (G1 Evacuation Pause) 176M->126M(1024M) 344.975ms
[2026-01-16T08:28:35.724+0000][gc,cpu      ] GC(189) User=0.18s Sys=0.02s Real=0.35s
[2026-01-16T08:28:39.916+0000][gc,start    ] GC(190) Pause Young (Normal) (G1 Evacuation Pause)
[2026-01-16T08:28:39.932+0000][gc,task     ] GC(190) Using 8 workers of 8 for evacuation
[2026-01-16T08:28:40.641+0000][gc,mmu      ] GC(190) MMU target violated: 201.0ms (200.0ms/201.0ms)
[2026-01-16T08:28:40.642+0000][gc,phases   ] GC(190)   Pre Evacuate Collection Set: 82.1ms
[2026-01-16T08:28:40.642+0000][gc,phases   ] GC(190)   Merge Heap Roots: 18.8ms
[2026-01-16T08:28:40.642+0000][gc,phases   ] GC(190)   Evacuate Collection Set: 594.5ms
[2026-01-16T08:28:40.643+0000][gc,phases   ] GC(190)   Post Evacuate Collection Set: 9.7ms
[2026-01-16T08:28:40.643+0000][gc,phases   ] GC(190)   Other: 4.0ms
[2026-01-16T08:28:40.644+0000][gc,heap     ] GC(190) Eden regions: 49->0(49)
[2026-01-16T08:28:40.644+0000][gc,heap     ] GC(190) Survivor regions: 2->2(7)
[2026-01-16T08:28:40.649+0000][gc,heap     ] GC(190) Old regions: 70->70
[2026-01-16T08:28:40.650+0000][gc,heap     ] GC(190) Humongous regions: 56->56
[2026-01-16T08:28:40.650+0000][gc,metaspace] GC(190) Metaspace: 11641K(11968K)->11641K(11968K) NonClass: 10583K(10752K)->10583K(10752K) Class: 1057K(1216K)->1057K(1216K)
[2026-01-16T08:28:40.650+0000][gc          ] GC(190) Pause Young (Normal) (G1 Evacuation Pause) 175M->127M(1024M) 734.617ms
[2026-01-16T08:28:40.650+0000][gc,cpu      ] GC(190) User=0.22s Sys=0.02s Real=0.74s
[2026-01-16T08:28:45.137+0000][gc,start    ] GC(191) Pause Young (Normal) (G1 Evacuation Pause)
[2026-01-16T08:28:45.139+0000][gc,task     ] GC(191) Using 8 workers of 8 for evacuation
[2026-01-16T08:28:45.385+0000][gc,mmu      ] GC(191) MMU target violated: 201.0ms (200.0ms/201.0ms)
[2026-01-16T08:28:45.387+0000][gc,phases   ] GC(191)   Pre Evacuate Collection Set: 20.3ms
[2026-01-16T08:28:45.393+0000][gc,phases   ] GC(191)   Merge Heap Roots: 2.0ms
[2026-01-16T08:28:45.395+0000][gc,phases   ] GC(191)   Evacuate Collection Set: 210.5ms
[2026-01-16T08:28:45.395+0000][gc,phases   ] GC(191)   Post Evacuate Collection Set: 11.5ms
[2026-01-16T08:28:45.397+0000][gc,phases   ] GC(191)   Other: 4.4ms
[2026-01-16T08:28:45.398+0000][gc,heap     ] GC(191) Eden regions: 49->0(48)
[2026-01-16T08:28:45.398+0000][gc,heap     ] GC(191) Survivor regions: 2->3(7)
[2026-01-16T08:28:45.398+0000][gc,heap     ] GC(191) Old regions: 70->70
[2026-01-16T08:28:45.400+0000][gc,heap     ] GC(191) Humongous regions: 56->56
[2026-01-16T08:28:45.406+0000][gc,metaspace] GC(191) Metaspace: 11647K(11968K)->11647K(11968K) NonClass: 10589K(10752K)->10589K(10752K) Class: 1057K(1216K)->1057K(1216K)
[2026-01-16T08:28:45.408+0000][gc          ] GC(191) Pause Young (Normal) (G1 Evacuation Pause) 176M->128M(1024M) 271.014ms
[2026-01-16T08:28:45.408+0000][gc,cpu      ] GC(191) User=0.23s Sys=0.03s Real=0.28s
[2026-01-16T08:28:48.511+0000][gc,start    ] GC(192) Pause Young (Normal) (G1 Evacuation Pause)
[2026-01-16T08:28:48.514+0000][gc,task     ] GC(192) Using 8 workers of 8 for evacuation
[2026-01-16T08:28:48.790+0000][gc,mmu      ] GC(192) MMU target violated: 201.0ms (200.0ms/201.0ms)
[2026-01-16T08:28:48.792+0000][gc,phases   ] GC(192)   Pre Evacuate Collection Set: 27.3ms
[2026-01-16T08:28:48.792+0000][gc,phases   ] GC(192)   Merge Heap Roots: 6.7ms
[2026-01-16T08:28:48.792+0000][gc,phases   ] GC(192)   Evacuate Collection Set: 232.6ms
[2026-01-16T08:28:48.792+0000][gc,phases   ] GC(192)   Post Evacuate Collection Set: 8.5ms
[2026-01-16T08:28:48.792+0000][gc,phases   ] GC(192)   Other: 3.5ms
[2026-01-16T08:28:48.793+0000][gc,heap     ] GC(192) Eden regions: 48->0(49)
[2026-01-16T08:28:48.793+0000][gc,heap     ] GC(192) Survivor regions: 3->2(7)
[2026-01-16T08:28:48.793+0000][gc,heap     ] GC(192) Old regions: 70->70
[2026-01-16T08:28:48.793+0000][gc,heap     ] GC(192) Humongous regions: 56->56
[2026-01-16T08:28:48.793+0000][gc,metaspace] GC(192) Metaspace: 11650K(11968K)->11650K(11968K) NonClass: 10592K(10752K)->10592K(10752K) Class: 1057K(1216K)->1057K(1216K)
[2026-01-16T08:28:48.793+0000][gc          ] GC(192) Pause Young (Normal) (G1 Evacuation Pause) 176M->127M(1024M) 281.440ms
[2026-01-16T08:28:48.793+0000][gc,cpu      ] GC(192) User=0.13s Sys=0.00s Real=0.28s
[2026-01-16T08:28:53.308+0000][gc,start    ] GC(193) Pause Young (Normal) (G1 Evacuation Pause)
[2026-01-16T08:28:53.313+0000][gc,task     ] GC(193) Using 8 workers of 8 for evacuation
[2026-01-16T08:28:53.738+0000][gc,mmu      ] GC(193) MMU target violated: 201.0ms (200.0ms/201.0ms)
[2026-01-16T08:28:53.741+0000][gc,phases   ] GC(193)   Pre Evacuate Collection Set: 47.7ms
[2026-01-16T08:28:53.744+0000][gc,phases   ] GC(193)   Merge Heap Roots: 2.8ms
[2026-01-16T08:28:53.746+0000][gc,phases   ] GC(193)   Evacuate Collection Set: 352.6ms
[2026-01-16T08:28:53.746+0000][gc,phases   ] GC(193)   Post Evacuate Collection Set: 20.3ms
[2026-01-16T08:28:53.747+0000][gc,phases   ] GC(193)   Other: 5.0ms
[2026-01-16T08:28:53.747+0000][gc,heap     ] GC(193) Eden regions: 49->0(48)
[2026-01-16T08:28:53.747+0000][gc,heap     ] GC(193) Survivor regions: 2->3(7)
[2026-01-16T08:28:53.747+0000][gc,heap     ] GC(193) Old regions: 70->70
[2026-01-16T08:28:53.748+0000][gc,heap     ] GC(193) Humongous regions: 56->56
[2026-01-16T08:28:53.748+0000][gc,metaspace] GC(193) Metaspace: 11650K(11968K)->11650K(11968K) NonClass: 10592K(10752K)->10592K(10752K) Class: 1057K(1216K)->1057K(1216K)
[2026-01-16T08:28:53.749+0000][gc          ] GC(193) Pause Young (Normal) (G1 Evacuation Pause) 176M->128M(1024M) 441.398ms
[2026-01-16T08:28:53.750+0000][gc,cpu      ] GC(193) User=0.24s Sys=0.01s Real=0.45s
[2026-01-16T08:28:55.439+0000][gc,start    ] GC(194) Pause Young (Normal) (G1 Evacuation Pause)
[2026-01-16T08:28:55.442+0000][gc,task     ] GC(194) Using 8 workers of 8 for evacuation
[2026-01-16T08:28:55.553+0000][gc,phases   ] GC(194)   Pre Evacuate Collection Set: 12.5ms
[2026-01-16T08:28:55.554+0000][gc,phases   ] GC(194)   Merge Heap Roots: 3.7ms
[2026-01-16T08:28:55.554+0000][gc,phases   ] GC(194)   Evacuate Collection Set: 88.5ms
[2026-01-16T08:28:55.554+0000][gc,phases   ] GC(194)   Post Evacuate Collection Set: 5.4ms
[2026-01-16T08:28:55.554+0000][gc,phases   ] GC(194)   Other: 0.7ms
[2026-01-16T08:28:55.560+0000][gc,heap     ] GC(194) Eden regions: 48->0(49)
[2026-01-16T08:28:55.560+0000][gc,heap     ] GC(194) Survivor regions: 3->2(7)
[2026-01-16T08:28:55.560+0000][gc,heap     ] GC(194) Old regions: 70->70
[2026-01-16T08:28:55.560+0000][gc,heap     ] GC(194) Humongous regions: 56->56
[2026-01-16T08:28:55.560+0000][gc,metaspace] GC(194) Metaspace: 11657K(11968K)->11657K(11968K) NonClass: 10599K(10752K)->10599K(10752K) Class: 1057K(1216K)->1057K(1216K)
[2026-01-16T08:28:55.561+0000][gc          ] GC(194) Pause Young (Normal) (G1 Evacuation Pause) 176M->127M(1024M) 122.128ms
[2026-01-16T08:28:55.563+0000][gc,cpu      ] GC(194) User=0.10s Sys=0.01s Real=0.13s
[2026-01-16T08:29:02.910+0000][gc,start    ] GC(195) Pause Young (Normal) (G1 Evacuation Pause)
[2026-01-16T08:29:02.914+0000][gc,task     ] GC(195) Using 8 workers of 8 for evacuation
[2026-01-16T08:29:03.154+0000][gc,mmu      ] GC(195) MMU target violated: 201.0ms (200.0ms/201.0ms)
[2026-01-16T08:29:03.155+0000][gc,phases   ] GC(195)   Pre Evacuate Collection Set: 31.2ms
[2026-01-16T08:29:03.160+0000][gc,phases   ] GC(195)   Merge Heap Roots: 4.4ms
[2026-01-16T08:29:03.161+0000][gc,phases   ] GC(195)   Evacuate Collection Set: 179.5ms
[2026-01-16T08:29:03.170+0000][gc,phases   ] GC(195)   Post Evacuate Collection Set: 19.2ms
[2026-01-16T08:29:03.176+0000][gc,phases   ] GC(195)   Other: 8.5ms
[2026-01-16T08:29:03.181+0000][gc,heap     ] GC(195) Eden regions: 49->0(48)
[2026-01-16T08:29:03.182+0000][gc,heap     ] GC(195) Survivor regions: 2->3(7)
[2026-01-16T08:29:03.182+0000][gc,heap     ] GC(195) Old regions: 70->70
[2026-01-16T08:29:03.182+0000][gc,heap     ] GC(195) Humongous regions: 65->65
[2026-01-16T08:29:03.182+0000][gc,metaspace] GC(195) Metaspace: 11658K(11968K)->11658K(11968K) NonClass: 10600K(10752K)->10600K(10752K) Class: 1057K(1216K)->1057K(1216K)
[2026-01-16T08:29:03.183+0000][gc          ] GC(195) Pause Young (Normal) (G1 Evacuation Pause) 185M->136M(1024M) 272.623ms
[2026-01-16T08:29:03.185+0000][gc,cpu      ] GC(195) User=0.13s Sys=0.01s Real=0.28s
[2026-01-16T08:29:05.084+0000][gc,start    ] GC(196) Pause Young (Normal) (G1 Evacuation Pause)
[2026-01-16T08:29:05.089+0000][gc,task     ] GC(196) Using 8 workers of 8 for evacuation
[2026-01-16T08:29:05.498+0000][gc,mmu      ] GC(196) MMU target violated: 201.0ms (200.0ms/201.0ms)
[2026-01-16T08:29:05.503+0000][gc,phases   ] GC(196)   Pre Evacuate Collection Set: 30.3ms
[2026-01-16T08:29:05.507+0000][gc,phases   ] GC(196)   Merge Heap Roots: 11.1ms
[2026-01-16T08:29:05.507+0000][gc,phases   ] GC(196)   Evacuate Collection Set: 336.3ms
[2026-01-16T08:29:05.507+0000][gc,phases   ] GC(196)   Post Evacuate Collection Set: 27.1ms
[2026-01-16T08:29:05.508+0000][gc,phases   ] GC(196)   Other: 8.4ms
[2026-01-16T08:29:05.511+0000][gc,heap     ] GC(196) Eden regions: 48->0(48)
[2026-01-16T08:29:05.511+0000][gc,heap     ] GC(196) Survivor regions: 3->3(7)
[2026-01-16T08:29:05.511+0000][gc,heap     ] GC(196) Old regions: 70->70
[2026-01-16T08:29:05.511+0000][gc,heap     ] GC(196) Humongous regions: 65->65
[2026-01-16T08:29:05.511+0000][gc,metaspace] GC(196) Metaspace: 11660K(11968K)->11660K(11968K) NonClass: 10602K(10752K)->10602K(10752K) Class: 1057K(1216K)->1057K(1216K)
[2026-01-16T08:29:05.511+0000][gc          ] GC(196) Pause Young (Normal) (G1 Evacuation Pause) 184M->137M(1024M) 427.685ms
[2026-01-16T08:29:05.511+0000][gc,cpu      ] GC(196) User=0.14s Sys=0.01s Real=0.42s
[2026-01-16T08:29:07.177+0000][gc,start    ] GC(197) Pause Young (Normal) (G1 Evacuation Pause)
[2026-01-16T08:29:07.180+0000][gc,task     ] GC(197) Using 8 workers of 8 for evacuation
[2026-01-16T08:29:07.344+0000][gc,phases   ] GC(197)   Pre Evacuate Collection Set: 25.0ms
[2026-01-16T08:29:07.346+0000][gc,phases   ] GC(197)   Merge Heap Roots: 2.0ms
[2026-01-16T08:29:07.346+0000][gc,phases   ] GC(197)   Evacuate Collection Set: 123.9ms
[2026-01-16T08:29:07.346+0000][gc,phases   ] GC(197)   Post Evacuate Collection Set: 7.1ms
[2026-01-16T08:29:07.346+0000][gc,phases   ] GC(197)   Other: 6.0ms
[2026-01-16T08:29:07.347+0000][gc,heap     ] GC(197) Eden regions: 48->0(48)
[2026-01-16T08:29:07.347+0000][gc,heap     ] GC(197) Survivor regions: 3->3(7)
[2026-01-16T08:29:07.347+0000][gc,heap     ] GC(197) Old regions: 70->70
[2026-01-16T08:29:07.347+0000][gc,heap     ] GC(197) Humongous regions: 65->65
[2026-01-16T08:29:07.347+0000][gc,metaspace] GC(197) Metaspace: 11661K(11968K)->11661K(11968K) NonClass: 10603K(10752K)->10603K(10752K) Class: 1057K(1216K)->1057K(1216K)
[2026-01-16T08:29:07.348+0000][gc          ] GC(197) Pause Young (Normal) (G1 Evacuation Pause) 185M->136M(1024M) 170.845ms
[2026-01-16T08:29:07.348+0000][gc,cpu      ] GC(197) User=0.08s Sys=0.00s Real=0.17s
[2026-01-16T08:29:10.400+0000][gc,start    ] GC(198) Pause Young (Normal) (G1 Evacuation Pause)
[2026-01-16T08:29:10.401+0000][gc,task     ] GC(198) Using 8 workers of 8 for evacuation
[2026-01-16T08:29:10.580+0000][gc,phases   ] GC(198)   Pre Evacuate Collection Set: 8.9ms
[2026-01-16T08:29:10.581+0000][gc,phases   ] GC(198)   Merge Heap Roots: 0.6ms
[2026-01-16T08:29:10.581+0000][gc,phases   ] GC(198)   Evacuate Collection Set: 147.4ms
[2026-01-16T08:29:10.581+0000][gc,phases   ] GC(198)   Post Evacuate Collection Set: 10.9ms
[2026-01-16T08:29:10.582+0000][gc,phases   ] GC(198)   Other: 11.5ms
[2026-01-16T08:29:10.582+0000][gc,heap     ] GC(198) Eden regions: 48->0(48)
[2026-01-16T08:29:10.583+0000][gc,heap     ] GC(198) Survivor regions: 3->3(7)
[2026-01-16T08:29:10.584+0000][gc,heap     ] GC(198) Old regions: 70->70
[2026-01-16T08:29:10.584+0000][gc,heap     ] GC(198) Humongous regions: 65->65
[2026-01-16T08:29:10.585+0000][gc,metaspace] GC(198) Metaspace: 11664K(11968K)->11664K(11968K) NonClass: 10606K(10752K)->10606K(10752K) Class: 1057K(1216K)->1057K(1216K)
[2026-01-16T08:29:10.585+0000][gc          ] GC(198) Pause Young (Normal) (G1 Evacuation Pause) 184M->137M(1024M) 185.502ms
[2026-01-16T08:29:10.586+0000][gc,cpu      ] GC(198) User=0.09s Sys=0.00s Real=0.19s
[2026-01-16T08:29:14.569+0000][gc,start    ] GC(199) Pause Young (Normal) (G1 Evacuation Pause)
[2026-01-16T08:29:14.572+0000][gc,task     ] GC(199) Using 8 workers of 8 for evacuation
[2026-01-16T08:29:14.735+0000][gc,phases   ] GC(199)   Pre Evacuate Collection Set: 26.7ms
[2026-01-16T08:29:14.735+0000][gc,phases   ] GC(199)   Merge Heap Roots: 3.1ms
[2026-01-16T08:29:14.736+0000][gc,phases   ] GC(199)   Evacuate Collection Set: 128.7ms
[2026-01-16T08:29:14.736+0000][gc,phases   ] GC(199)   Post Evacuate Collection Set: 2.4ms
[2026-01-16T08:29:14.736+0000][gc,phases   ] GC(199)   Other: 2.1ms
[2026-01-16T08:29:14.739+0000][gc,heap     ] GC(199) Eden regions: 48->0(56)
[2026-01-16T08:29:14.739+0000][gc,heap     ] GC(199) Survivor regions: 3->2(7)
[2026-01-16T08:29:14.740+0000][gc,heap     ] GC(199) Old regions: 70->70
[2026-01-16T08:29:14.740+0000][gc,heap     ] GC(199) Humongous regions: 65->65
[2026-01-16T08:29:14.740+0000][gc,metaspace] GC(199) Metaspace: 11664K(11968K)->11664K(11968K) NonClass: 10606K(10752K)->10606K(10752K) Class: 1057K(1216K)->1057K(1216K)
[2026-01-16T08:29:14.741+0000][gc          ] GC(199) Pause Young (Normal) (G1 Evacuation Pause) 185M->136M(1024M) 171.545ms
[2026-01-16T08:29:14.741+0000][gc,cpu      ] GC(199) User=0.11s Sys=0.01s Real=0.17s
[2026-01-16T08:29:17.841+0000][gc,start    ] GC(200) Pause Young (Normal) (G1 Evacuation Pause)
[2026-01-16T08:29:17.844+0000][gc,task     ] GC(200) Using 8 workers of 8 for evacuation
[2026-01-16T08:29:18.411+0000][gc,mmu      ] GC(200) MMU target violated: 201.0ms (200.0ms/201.0ms)
[2026-01-16T08:29:18.412+0000][gc,phases   ] GC(200)   Pre Evacuate Collection Set: 20.7ms
[2026-01-16T08:29:18.413+0000][gc,phases   ] GC(200)   Merge Heap Roots: 2.1ms
[2026-01-16T08:29:18.417+0000][gc,phases   ] GC(200)   Evacuate Collection Set: 497.9ms
[2026-01-16T08:29:18.420+0000][gc,phases   ] GC(200)   Post Evacuate Collection Set: 46.1ms
[2026-01-16T08:29:18.421+0000][gc,phases   ] GC(200)   Other: 1.8ms
[2026-01-16T08:29:18.421+0000][gc,heap     ] GC(200) Eden regions: 57->0(48)
[2026-01-16T08:29:18.422+0000][gc,heap     ] GC(200) Survivor regions: 2->3(8)
[2026-01-16T08:29:18.422+0000][gc,heap     ] GC(200) Old regions: 70->70
[2026-01-16T08:29:18.425+0000][gc,heap     ] GC(200) Humongous regions: 65->65
[2026-01-16T08:29:18.427+0000][gc,metaspace] GC(200) Metaspace: 11665K(11968K)->11665K(11968K) NonClass: 10607K(10752K)->10607K(10752K) Class: 1057K(1216K)->1057K(1216K)
[2026-01-16T08:29:18.429+0000][gc          ] GC(200) Pause Young (Normal) (G1 Evacuation Pause) 193M->137M(1024M) 588.241ms
[2026-01-16T08:29:18.430+0000][gc,cpu      ] GC(200) User=0.31s Sys=0.01s Real=0.59s
[2026-01-16T08:29:23.740+0000][gc,start    ] GC(201) Pause Young (Normal) (G1 Evacuation Pause)
[2026-01-16T08:29:23.742+0000][gc,task     ] GC(201) Using 8 workers of 8 for evacuation
[2026-01-16T08:29:23.946+0000][gc,mmu      ] GC(201) MMU target violated: 201.0ms (200.0ms/201.0ms)
[2026-01-16T08:29:23.947+0000][gc,phases   ] GC(201)   Pre Evacuate Collection Set: 22.6ms
[2026-01-16T08:29:23.947+0000][gc,phases   ] GC(201)   Merge Heap Roots: 1.8ms
[2026-01-16T08:29:23.947+0000][gc,phases   ] GC(201)   Evacuate Collection Set: 165.1ms
[2026-01-16T08:29:23.948+0000][gc,phases   ] GC(201)   Post Evacuate Collection Set: 13.0ms
[2026-01-16T08:29:23.948+0000][gc,phases   ] GC(201)   Other: 2.1ms
[2026-01-16T08:29:23.949+0000][gc,heap     ] GC(201) Eden regions: 48->0(49)
[2026-01-16T08:29:23.949+0000][gc,heap     ] GC(201) Survivor regions: 3->2(7)
[2026-01-16T08:29:23.949+0000][gc,heap     ] GC(201) Old regions: 70->70
[2026-01-16T08:29:23.950+0000][gc,heap     ] GC(201) Humongous regions: 65->65
[2026-01-16T08:29:23.951+0000][gc,metaspace] GC(201) Metaspace: 11681K(12032K)->11681K(12032K) NonClass: 10623K(10816K)->10623K(10816K) Class: 1057K(1216K)->1057K(1216K)
[2026-01-16T08:29:23.972+0000][gc          ] GC(201) Pause Young (Normal) (G1 Evacuation Pause) 185M->136M(1024M) 231.513ms
[2026-01-16T08:29:23.978+0000][gc,cpu      ] GC(201) User=0.10s Sys=0.01s Real=0.24s
[2026-01-16T08:29:27.004+0000][gc,start    ] GC(202) Pause Young (Normal) (G1 Evacuation Pause)
[2026-01-16T08:29:27.006+0000][gc,task     ] GC(202) Using 8 workers of 8 for evacuation
[2026-01-16T08:29:27.398+0000][gc,mmu      ] GC(202) MMU target violated: 201.0ms (200.0ms/201.0ms)
[2026-01-16T08:29:27.409+0000][gc,phases   ] GC(202)   Pre Evacuate Collection Set: 33.5ms
[2026-01-16T08:29:27.412+0000][gc,phases   ] GC(202)   Merge Heap Roots: 1.3ms
[2026-01-16T08:29:27.416+0000][gc,phases   ] GC(202)   Evacuate Collection Set: 349.4ms
[2026-01-16T08:29:27.434+0000][gc,phases   ] GC(202)   Post Evacuate Collection Set: 4.4ms
[2026-01-16T08:29:27.442+0000][gc,phases   ] GC(202)   Other: 14.4ms
[2026-01-16T08:29:27.468+0000][gc,heap     ] GC(202) Eden regions: 49->0(48)
[2026-01-16T08:29:27.474+0000][gc,heap     ] GC(202) Survivor regions: 2->3(7)
[2026-01-16T08:29:27.480+0000][gc,heap     ] GC(202) Old regions: 70->71
[2026-01-16T08:29:27.486+0000][gc,heap     ] GC(202) Humongous regions: 65->65
[2026-01-16T08:29:27.488+0000][gc,metaspace] GC(202) Metaspace: 11681K(12032K)->11681K(12032K) NonClass: 10623K(10816K)->10623K(10816K) Class: 1057K(1216K)->1057K(1216K)
[2026-01-16T08:29:27.495+0000][gc          ] GC(202) Pause Young (Normal) (G1 Evacuation Pause) 185M->137M(1024M) 521.852ms
[2026-01-16T08:29:27.519+0000][gc,cpu      ] GC(202) User=0.15s Sys=0.03s Real=0.55s
[2026-01-16T08:29:33.283+0000][gc,start    ] GC(203) Pause Young (Normal) (G1 Evacuation Pause)
[2026-01-16T08:29:33.286+0000][gc,task     ] GC(203) Using 8 workers of 8 for evacuation
[2026-01-16T08:29:33.346+0000][gc,phases   ] GC(203)   Pre Evacuate Collection Set: 3.5ms
[2026-01-16T08:29:33.347+0000][gc,phases   ] GC(203)   Merge Heap Roots: 1.7ms
[2026-01-16T08:29:33.347+0000][gc,phases   ] GC(203)   Evacuate Collection Set: 52.3ms
[2026-01-16T08:29:33.347+0000][gc,phases   ] GC(203)   Post Evacuate Collection Set: 2.4ms
[2026-01-16T08:29:33.347+0000][gc,phases   ] GC(203)   Other: 0.5ms
[2026-01-16T08:29:33.347+0000][gc,heap     ] GC(203) Eden regions: 48->0(49)
[2026-01-16T08:29:33.348+0000][gc,heap     ] GC(203) Survivor regions: 3->2(7)
[2026-01-16T08:29:33.348+0000][gc,heap     ] GC(203) Old regions: 71->71
[2026-01-16T08:29:33.348+0000][gc,heap     ] GC(203) Humongous regions: 65->65
[2026-01-16T08:29:33.348+0000][gc,metaspace] GC(203) Metaspace: 11684K(12032K)->11684K(12032K) NonClass: 10626K(10816K)->10626K(10816K) Class: 1057K(1216K)->1057K(1216K)
[2026-01-16T08:29:33.348+0000][gc          ] GC(203) Pause Young (Normal) (G1 Evacuation Pause) 185M->136M(1024M) 64.844ms
[2026-01-16T08:29:33.348+0000][gc,cpu      ] GC(203) User=0.05s Sys=0.01s Real=0.06s
[2026-01-16T08:29:35.042+0000][gc,start    ] GC(204) Pause Young (Normal) (G1 Evacuation Pause)
[2026-01-16T08:29:35.046+0000][gc,task     ] GC(204) Using 8 workers of 8 for evacuation
[2026-01-16T08:29:35.103+0000][gc,phases   ] GC(204)   Pre Evacuate Collection Set: 4.8ms
[2026-01-16T08:29:35.105+0000][gc,phases   ] GC(204)   Merge Heap Roots: 0.3ms
[2026-01-16T08:29:35.105+0000][gc,phases   ] GC(204)   Evacuate Collection Set: 45.2ms
[2026-01-16T08:29:35.105+0000][gc,phases   ] GC(204)   Post Evacuate Collection Set: 3.9ms
[2026-01-16T08:29:35.110+0000][gc,phases   ] GC(204)   Other: 3.6ms
[2026-01-16T08:29:35.112+0000][gc,heap     ] GC(204) Eden regions: 49->0(49)
[2026-01-16T08:29:35.114+0000][gc,heap     ] GC(204) Survivor regions: 2->2(7)
[2026-01-16T08:29:35.114+0000][gc,heap     ] GC(204) Old regions: 71->71
[2026-01-16T08:29:35.114+0000][gc,heap     ] GC(204) Humongous regions: 65->65
[2026-01-16T08:29:35.114+0000][gc,metaspace] GC(204) Metaspace: 11684K(12032K)->11684K(12032K) NonClass: 10626K(10816K)->10626K(10816K) Class: 1057K(1216K)->1057K(1216K)
[2026-01-16T08:29:35.114+0000][gc          ] GC(204) Pause Young (Normal) (G1 Evacuation Pause) 185M->137M(1024M) 71.812ms
[2026-01-16T08:29:35.114+0000][gc,cpu      ] GC(204) User=0.06s Sys=0.00s Real=0.08s
[2026-01-16T08:29:42.502+0000][gc,start    ] GC(205) Pause Young (Normal) (G1 Evacuation Pause)
[2026-01-16T08:29:42.519+0000][gc,task     ] GC(205) Using 8 workers of 8 for evacuation
[2026-01-16T08:29:42.844+0000][gc,mmu      ] GC(205) MMU target violated: 201.0ms (200.0ms/201.0ms)
[2026-01-16T08:29:42.844+0000][gc,phases   ] GC(205)   Pre Evacuate Collection Set: 48.9ms
[2026-01-16T08:29:42.845+0000][gc,phases   ] GC(205)   Merge Heap Roots: 2.3ms
[2026-01-16T08:29:42.845+0000][gc,phases   ] GC(205)   Evacuate Collection Set: 264.7ms
[2026-01-16T08:29:42.846+0000][gc,phases   ] GC(205)   Post Evacuate Collection Set: 7.1ms
[2026-01-16T08:29:42.846+0000][gc,phases   ] GC(205)   Other: 2.5ms
[2026-01-16T08:29:42.847+0000][gc,heap     ] GC(205) Eden regions: 49->0(49)
[2026-01-16T08:29:42.847+0000][gc,heap     ] GC(205) Survivor regions: 2->2(7)
[2026-01-16T08:29:42.847+0000][gc,heap     ] GC(205) Old regions: 71->71
[2026-01-16T08:29:42.848+0000][gc,heap     ] GC(205) Humongous regions: 65->65
[2026-01-16T08:29:42.848+0000][gc,metaspace] GC(205) Metaspace: 11690K(12032K)->11690K(12032K) NonClass: 10632K(10816K)->10632K(10816K) Class: 1057K(1216K)->1057K(1216K)
[2026-01-16T08:29:42.848+0000][gc          ] GC(205) Pause Young (Normal) (G1 Evacuation Pause) 186M->136M(1024M) 347.021ms
[2026-01-16T08:29:42.848+0000][gc,cpu      ] GC(205) User=0.15s Sys=0.01s Real=0.35s
[2026-01-16T08:29:44.327+0000][gc,start    ] GC(206) Pause Young (Normal) (G1 Evacuation Pause)
[2026-01-16T08:29:44.329+0000][gc,task     ] GC(206) Using 8 workers of 8 for evacuation
[2026-01-16T08:29:44.443+0000][gc,phases   ] GC(206)   Pre Evacuate Collection Set: 13.2ms
[2026-01-16T08:29:44.444+0000][gc,phases   ] GC(206)   Merge Heap Roots: 1.4ms
[2026-01-16T08:29:44.445+0000][gc,phases   ] GC(206)   Evacuate Collection Set: 95.2ms
[2026-01-16T08:29:44.445+0000][gc,phases   ] GC(206)   Post Evacuate Collection Set: 1.4ms
[2026-01-16T08:29:44.446+0000][gc,phases   ] GC(206)   Other: 2.2ms
[2026-01-16T08:29:44.446+0000][gc,heap     ] GC(206) Eden regions: 49->0(49)
[2026-01-16T08:29:44.446+0000][gc,heap     ] GC(206) Survivor regions: 2->2(7)
[2026-01-16T08:29:44.446+0000][gc,heap     ] GC(206) Old regions: 71->71
[2026-01-16T08:29:44.446+0000][gc,heap     ] GC(206) Humongous regions: 65->65
[2026-01-16T08:29:44.446+0000][gc,metaspace] GC(206) Metaspace: 11691K(12032K)->11691K(12032K) NonClass: 10633K(10816K)->10633K(10816K) Class: 1057K(1216K)->1057K(1216K)
[2026-01-16T08:29:44.446+0000][gc          ] GC(206) Pause Young (Normal) (G1 Evacuation Pause) 185M->137M(1024M) 119.501ms
[2026-01-16T08:29:44.447+0000][gc,cpu      ] GC(206) User=0.08s Sys=0.00s Real=0.12s
[2026-01-16T08:29:45.902+0000][gc,start    ] GC(207) Pause Young (Normal) (G1 Evacuation Pause)
[2026-01-16T08:29:45.905+0000][gc,task     ] GC(207) Using 8 workers of 8 for evacuation
[2026-01-16T08:29:46.052+0000][gc,phases   ] GC(207)   Pre Evacuate Collection Set: 19.8ms
[2026-01-16T08:29:46.052+0000][gc,phases   ] GC(207)   Merge Heap Roots: 0.7ms
[2026-01-16T08:29:46.052+0000][gc,phases   ] GC(207)   Evacuate Collection Set: 121.7ms
[2026-01-16T08:29:46.053+0000][gc,phases   ] GC(207)   Post Evacuate Collection Set: 5.0ms
[2026-01-16T08:29:46.053+0000][gc,phases   ] GC(207)   Other: 0.4ms
[2026-01-16T08:29:46.053+0000][gc,heap     ] GC(207) Eden regions: 49->0(48)
[2026-01-16T08:29:46.053+0000][gc,heap     ] GC(207) Survivor regions: 2->3(7)
[2026-01-16T08:29:46.054+0000][gc,heap     ] GC(207) Old regions: 71->71
[2026-01-16T08:29:46.054+0000][gc,heap     ] GC(207) Humongous regions: 65->65
[2026-01-16T08:29:46.054+0000][gc,metaspace] GC(207) Metaspace: 11691K(12032K)->11691K(12032K) NonClass: 10633K(10816K)->10633K(10816K) Class: 1057K(1216K)->1057K(1216K)
[2026-01-16T08:29:46.055+0000][gc          ] GC(207) Pause Young (Normal) (G1 Evacuation Pause) 186M->138M(1024M) 152.552ms
[2026-01-16T08:29:46.055+0000][gc,cpu      ] GC(207) User=0.09s Sys=0.00s Real=0.16s
[2026-01-16T08:29:57.083+0000][gc,start    ] GC(208) Pause Young (Normal) (G1 Evacuation Pause)
[2026-01-16T08:29:57.095+0000][gc,task     ] GC(208) Using 8 workers of 8 for evacuation
[2026-01-16T08:29:57.817+0000][gc,mmu      ] GC(208) MMU target violated: 201.0ms (200.0ms/201.0ms)
[2026-01-16T08:29:57.822+0000][gc,phases   ] GC(208)   Pre Evacuate Collection Set: 35.3ms
[2026-01-16T08:29:57.822+0000][gc,phases   ] GC(208)   Merge Heap Roots: 12.8ms
[2026-01-16T08:29:57.824+0000][gc,phases   ] GC(208)   Evacuate Collection Set: 596.7ms
[2026-01-16T08:29:57.824+0000][gc,phases   ] GC(208)   Post Evacuate Collection Set: 69.8ms
[2026-01-16T08:29:57.828+0000][gc,phases   ] GC(208)   Other: 13.2ms
[2026-01-16T08:29:57.833+0000][gc,heap     ] GC(208) Eden regions: 48->0(49)
[2026-01-16T08:29:57.835+0000][gc,heap     ] GC(208) Survivor regions: 3->2(7)
[2026-01-16T08:29:57.836+0000][gc,heap     ] GC(208) Old regions: 71->71
[2026-01-16T08:29:57.836+0000][gc,heap     ] GC(208) Humongous regions: 65->65
[2026-01-16T08:29:57.836+0000][gc,metaspace] GC(208) Metaspace: 11701K(12032K)->11701K(12032K) NonClass: 10643K(10816K)->10643K(10816K) Class: 1057K(1216K)->1057K(1216K)
[2026-01-16T08:29:57.837+0000][gc          ] GC(208) Pause Young (Normal) (G1 Evacuation Pause) 186M->137M(1024M) 754.054ms
[2026-01-16T08:29:57.837+0000][gc,cpu      ] GC(208) User=0.41s Sys=0.06s Real=0.77s
[2026-01-16T08:30:01.868+0000][gc,start    ] GC(209) Pause Young (Normal) (G1 Evacuation Pause)
[2026-01-16T08:30:01.871+0000][gc,task     ] GC(209) Using 8 workers of 8 for evacuation
[2026-01-16T08:30:02.521+0000][gc,mmu      ] GC(209) MMU target violated: 201.0ms (200.0ms/201.0ms)
[2026-01-16T08:30:02.521+0000][gc,phases   ] GC(209)   Pre Evacuate Collection Set: 13.4ms
[2026-01-16T08:30:02.521+0000][gc,phases   ] GC(209)   Merge Heap Roots: 5.1ms
[2026-01-16T08:30:02.522+0000][gc,phases   ] GC(209)   Evacuate Collection Set: 630.5ms
[2026-01-16T08:30:02.522+0000][gc,phases   ] GC(209)   Post Evacuate Collection Set: 8.0ms
[2026-01-16T08:30:02.522+0000][gc,phases   ] GC(209)   Other: 3.5ms
[2026-01-16T08:30:02.522+0000][gc,heap     ] GC(209) Eden regions: 49->0(48)
[2026-01-16T08:30:02.522+0000][gc,heap     ] GC(209) Survivor regions: 2->3(7)
[2026-01-16T08:30:02.522+0000][gc,heap     ] GC(209) Old regions: 71->71
[2026-01-16T08:30:02.522+0000][gc,heap     ] GC(209) Humongous regions: 65->65
[2026-01-16T08:30:02.522+0000][gc,metaspace] GC(209) Metaspace: 11701K(12032K)->11701K(12032K) NonClass: 10643K(10816K)->10643K(10816K) Class: 1057K(1216K)->1057K(1216K)
[2026-01-16T08:30:02.523+0000][gc          ] GC(209) Pause Young (Normal) (G1 Evacuation Pause) 186M->138M(1024M) 664.968ms
[2026-01-16T08:30:02.526+0000][gc,cpu      ] GC(209) User=0.17s Sys=0.03s Real=0.67s
[2026-01-16T08:30:04.143+0000][gc,start    ] GC(210) Pause Young (Normal) (GCLocker Initiated GC)
[2026-01-16T08:30:04.143+0000][gc,task     ] GC(210) Using 8 workers of 8 for evacuation
[2026-01-16T08:30:04.234+0000][gc,phases   ] GC(210)   Pre Evacuate Collection Set: 11.1ms
[2026-01-16T08:30:04.235+0000][gc,phases   ] GC(210)   Merge Heap Roots: 0.7ms
[2026-01-16T08:30:04.235+0000][gc,phases   ] GC(210)   Evacuate Collection Set: 71.0ms
[2026-01-16T08:30:04.235+0000][gc,phases   ] GC(210)   Post Evacuate Collection Set: 7.0ms
[2026-01-16T08:30:04.236+0000][gc,phases   ] GC(210)   Other: 0.7ms
[2026-01-16T08:30:04.236+0000][gc,heap     ] GC(210) Eden regions: 49->0(49)
[2026-01-16T08:30:04.236+0000][gc,heap     ] GC(210) Survivor regions: 3->2(7)
[2026-01-16T08:30:04.236+0000][gc,heap     ] GC(210) Old regions: 71->71
[2026-01-16T08:30:04.236+0000][gc,heap     ] GC(210) Humongous regions: 65->65
[2026-01-16T08:30:04.236+0000][gc,metaspace] GC(210) Metaspace: 11708K(12032K)->11708K(12032K) NonClass: 10650K(10816K)->10650K(10816K) Class: 1057K(1216K)->1057K(1216K)
[2026-01-16T08:30:04.236+0000][gc          ] GC(210) Pause Young (Normal) (GCLocker Initiated GC) 186M->137M(1024M) 93.112ms
[2026-01-16T08:30:04.236+0000][gc,cpu      ] GC(210) User=0.04s Sys=0.01s Real=0.09s
[2026-01-16T08:30:05.568+0000][gc,start    ] GC(211) Pause Young (Normal) (G1 Evacuation Pause)
[2026-01-16T08:30:05.569+0000][gc,task     ] GC(211) Using 8 workers of 8 for evacuation
[2026-01-16T08:30:05.637+0000][gc,phases   ] GC(211)   Pre Evacuate Collection Set: 3.7ms
[2026-01-16T08:30:05.637+0000][gc,phases   ] GC(211)   Merge Heap Roots: 2.6ms
[2026-01-16T08:30:05.637+0000][gc,phases   ] GC(211)   Evacuate Collection Set: 61.2ms
[2026-01-16T08:30:05.637+0000][gc,phases   ] GC(211)   Post Evacuate Collection Set: 0.6ms
[2026-01-16T08:30:05.637+0000][gc,phases   ] GC(211)   Other: 0.3ms
[2026-01-16T08:30:05.637+0000][gc,heap     ] GC(211) Eden regions: 49->0(48)
[2026-01-16T08:30:05.637+0000][gc,heap     ] GC(211) Survivor regions: 2->3(7)
[2026-01-16T08:30:05.637+0000][gc,heap     ] GC(211) Old regions: 71->71
[2026-01-16T08:30:05.637+0000][gc,heap     ] GC(211) Humongous regions: 65->65
[2026-01-16T08:30:05.637+0000][gc,metaspace] GC(211) Metaspace: 11708K(12032K)->11708K(12032K) NonClass: 10650K(10816K)->10650K(10816K) Class: 1057K(1216K)->1057K(1216K)
[2026-01-16T08:30:05.638+0000][gc          ] GC(211) Pause Young (Normal) (G1 Evacuation Pause) 186M->137M(1024M) 70.884ms
[2026-01-16T08:30:05.639+0000][gc,cpu      ] GC(211) User=0.05s Sys=0.00s Real=0.07s
[2026-01-16T08:30:08.509+0000][gc,start    ] GC(212) Pause Young (Normal) (G1 Evacuation Pause)
[2026-01-16T08:30:08.510+0000][gc,task     ] GC(212) Using 8 workers of 8 for evacuation
[2026-01-16T08:30:08.815+0000][gc,mmu      ] GC(212) MMU target violated: 201.0ms (200.0ms/201.0ms)
[2026-01-16T08:30:08.818+0000][gc,phases   ] GC(212)   Pre Evacuate Collection Set: 7.9ms
[2026-01-16T08:30:08.818+0000][gc,phases   ] GC(212)   Merge Heap Roots: 0.4ms
[2026-01-16T08:30:08.818+0000][gc,phases   ] GC(212)   Evacuate Collection Set: 282.7ms
[2026-01-16T08:30:08.820+0000][gc,phases   ] GC(212)   Post Evacuate Collection Set: 12.1ms
[2026-01-16T08:30:08.822+0000][gc,phases   ] GC(212)   Other: 4.2ms
[2026-01-16T08:30:08.824+0000][gc,heap     ] GC(212) Eden regions: 48->0(48)
[2026-01-16T08:30:08.826+0000][gc,heap     ] GC(212) Survivor regions: 3->3(7)
[2026-01-16T08:30:08.828+0000][gc,heap     ] GC(212) Old regions: 71->71
[2026-01-16T08:30:08.831+0000][gc,heap     ] GC(212) Humongous regions: 65->65
[2026-01-16T08:30:08.834+0000][gc,metaspace] GC(212) Metaspace: 11712K(12032K)->11712K(12032K) NonClass: 10654K(10816K)->10654K(10816K) Class: 1058K(1216K)->1058K(1216K)
[2026-01-16T08:30:08.834+0000][gc          ] GC(212) Pause Young (Normal) (G1 Evacuation Pause) 185M->138M(1024M) 325.100ms
[2026-01-16T08:30:08.834+0000][gc,cpu      ] GC(212) User=0.14s Sys=0.04s Real=0.33s
[2026-01-16T08:30:14.254+0000][gc,start    ] GC(213) Pause Young (Normal) (G1 Evacuation Pause)
[2026-01-16T08:30:14.259+0000][gc,task     ] GC(213) Using 8 workers of 8 for evacuation
[2026-01-16T08:30:14.443+0000][gc,phases   ] GC(213)   Pre Evacuate Collection Set: 24.1ms
[2026-01-16T08:30:14.444+0000][gc,phases   ] GC(213)   Merge Heap Roots: 2.9ms
[2026-01-16T08:30:14.445+0000][gc,phases   ] GC(213)   Evacuate Collection Set: 145.6ms
[2026-01-16T08:30:14.445+0000][gc,phases   ] GC(213)   Post Evacuate Collection Set: 11.2ms
[2026-01-16T08:30:14.445+0000][gc,phases   ] GC(213)   Other: 1.3ms
[2026-01-16T08:30:14.445+0000][gc,heap     ] GC(213) Eden regions: 48->0(48)
[2026-01-16T08:30:14.445+0000][gc,heap     ] GC(213) Survivor regions: 3->3(7)
[2026-01-16T08:30:14.446+0000][gc,heap     ] GC(213) Old regions: 71->71
[2026-01-16T08:30:14.446+0000][gc,heap     ] GC(213) Humongous regions: 65->65
[2026-01-16T08:30:14.447+0000][gc,metaspace] GC(213) Metaspace: 11712K(12032K)->11712K(12032K) NonClass: 10654K(10816K)->10654K(10816K) Class: 1058K(1216K)->1058K(1216K)
[2026-01-16T08:30:14.448+0000][gc          ] GC(213) Pause Young (Normal) (G1 Evacuation Pause) 186M->137M(1024M) 193.765ms
[2026-01-16T08:30:14.449+0000][gc,cpu      ] GC(213) User=0.14s Sys=0.02s Real=0.19s
[2026-01-16T08:30:17.812+0000][gc,start    ] GC(214) Pause Young (Normal) (G1 Evacuation Pause)
[2026-01-16T08:30:17.817+0000][gc,task     ] GC(214) Using 8 workers of 8 for evacuation
[2026-01-16T08:30:18.226+0000][gc,mmu      ] GC(214) MMU target violated: 201.0ms (200.0ms/201.0ms)
[2026-01-16T08:30:18.231+0000][gc,phases   ] GC(214)   Pre Evacuate Collection Set: 33.0ms
[2026-01-16T08:30:18.232+0000][gc,phases   ] GC(214)   Merge Heap Roots: 0.3ms
[2026-01-16T08:30:18.232+0000][gc,phases   ] GC(214)   Evacuate Collection Set: 348.2ms
[2026-01-16T08:30:18.232+0000][gc,phases   ] GC(214)   Post Evacuate Collection Set: 23.2ms
[2026-01-16T08:30:18.232+0000][gc,phases   ] GC(214)   Other: 10.7ms
[2026-01-16T08:30:18.234+0000][gc,heap     ] GC(214) Eden regions: 48->0(48)
[2026-01-16T08:30:18.234+0000][gc,heap     ] GC(214) Survivor regions: 3->3(7)
[2026-01-16T08:30:18.234+0000][gc,heap     ] GC(214) Old regions: 71->71
[2026-01-16T08:30:18.234+0000][gc,heap     ] GC(214) Humongous regions: 65->65
[2026-01-16T08:30:18.235+0000][gc,metaspace] GC(214) Metaspace: 11712K(12032K)->11712K(12032K) NonClass: 10654K(10816K)->10654K(10816K) Class: 1058K(1216K)->1058K(1216K)
[2026-01-16T08:30:18.240+0000][gc          ] GC(214) Pause Young (Normal) (G1 Evacuation Pause) 185M->138M(1024M) 428.312ms
[2026-01-16T08:30:18.242+0000][gc,cpu      ] GC(214) User=0.26s Sys=0.04s Real=0.43s
[2026-01-16T08:30:25.474+0000][gc,start    ] GC(215) Pause Young (Normal) (G1 Evacuation Pause)
[2026-01-16T08:30:25.496+0000][gc,task     ] GC(215) Using 8 workers of 8 for evacuation
[2026-01-16T08:30:25.708+0000][gc,mmu      ] GC(215) MMU target violated: 201.0ms (200.0ms/201.0ms)
[2026-01-16T08:30:25.712+0000][gc,phases   ] GC(215)   Pre Evacuate Collection Set: 61.3ms
[2026-01-16T08:30:25.720+0000][gc,phases   ] GC(215)   Merge Heap Roots: 6.9ms
[2026-01-16T08:30:25.720+0000][gc,phases   ] GC(215)   Evacuate Collection Set: 138.1ms
[2026-01-16T08:30:25.720+0000][gc,phases   ] GC(215)   Post Evacuate Collection Set: 3.6ms
[2026-01-16T08:30:25.723+0000][gc,phases   ] GC(215)   Other: 6.4ms
[2026-01-16T08:30:25.723+0000][gc,heap     ] GC(215) Eden regions: 48->0(49)
[2026-01-16T08:30:25.723+0000][gc,heap     ] GC(215) Survivor regions: 3->2(7)
[2026-01-16T08:30:25.723+0000][gc,heap     ] GC(215) Old regions: 71->72
[2026-01-16T08:30:25.723+0000][gc,heap     ] GC(215) Humongous regions: 65->65
[2026-01-16T08:30:25.723+0000][gc,metaspace] GC(215) Metaspace: 11717K(12032K)->11717K(12032K) NonClass: 10658K(10816K)->10658K(10816K) Class: 1058K(1216K)->1058K(1216K)
[2026-01-16T08:30:25.724+0000][gc          ] GC(215) Pause Young (Normal) (G1 Evacuation Pause) 186M->137M(1024M) 249.744ms
[2026-01-16T08:30:25.726+0000][gc,cpu      ] GC(215) User=0.12s Sys=0.01s Real=0.25s
[2026-01-16T08:30:27.464+0000][gc,start    ] GC(216) Pause Young (Normal) (G1 Evacuation Pause)
[2026-01-16T08:30:27.484+0000][gc,task     ] GC(216) Using 8 workers of 8 for evacuation
[2026-01-16T08:30:28.013+0000][gc,mmu      ] GC(216) MMU target violated: 201.0ms (200.0ms/201.0ms)
[2026-01-16T08:30:28.015+0000][gc,phases   ] GC(216)   Pre Evacuate Collection Set: 51.7ms
[2026-01-16T08:30:28.015+0000][gc,phases   ] GC(216)   Merge Heap Roots: 6.3ms
[2026-01-16T08:30:28.017+0000][gc,phases   ] GC(216)   Evacuate Collection Set: 461.8ms
[2026-01-16T08:30:28.020+0000][gc,phases   ] GC(216)   Post Evacuate Collection Set: 7.4ms
[2026-01-16T08:30:28.020+0000][gc,phases   ] GC(216)   Other: 17.4ms
[2026-01-16T08:30:28.020+0000][gc,heap     ] GC(216) Eden regions: 49->0(48)
[2026-01-16T08:30:28.020+0000][gc,heap     ] GC(216) Survivor regions: 2->3(7)
[2026-01-16T08:30:28.022+0000][gc,heap     ] GC(216) Old regions: 72->72
[2026-01-16T08:30:28.024+0000][gc,heap     ] GC(216) Humongous regions: 65->65
[2026-01-16T08:30:28.024+0000][gc,metaspace] GC(216) Metaspace: 11718K(12032K)->11718K(12032K) NonClass: 10659K(10816K)->10659K(10816K) Class: 1058K(1216K)->1058K(1216K)
[2026-01-16T08:30:28.025+0000][gc          ] GC(216) Pause Young (Normal) (G1 Evacuation Pause) 186M->138M(1024M) 560.075ms
[2026-01-16T08:30:28.025+0000][gc,cpu      ] GC(216) User=0.21s Sys=0.03s Real=0.56s
[2026-01-16T08:30:34.166+0000][gc,start    ] GC(217) Pause Young (Normal) (G1 Evacuation Pause)
[2026-01-16T08:30:34.168+0000][gc,task     ] GC(217) Using 8 workers of 8 for evacuation
[2026-01-16T08:30:34.321+0000][gc,phases   ] GC(217)   Pre Evacuate Collection Set: 19.2ms
[2026-01-16T08:30:34.322+0000][gc,phases   ] GC(217)   Merge Heap Roots: 0.8ms
[2026-01-16T08:30:34.322+0000][gc,phases   ] GC(217)   Evacuate Collection Set: 109.6ms
[2026-01-16T08:30:34.323+0000][gc,phases   ] GC(217)   Post Evacuate Collection Set: 22.9ms
[2026-01-16T08:30:34.324+0000][gc,phases   ] GC(217)   Other: 1.4ms
[2026-01-16T08:30:34.324+0000][gc,heap     ] GC(217) Eden regions: 48->0(49)
[2026-01-16T08:30:34.325+0000][gc,heap     ] GC(217) Survivor regions: 3->2(7)
[2026-01-16T08:30:34.327+0000][gc,heap     ] GC(217) Old regions: 72->72
[2026-01-16T08:30:34.327+0000][gc,heap     ] GC(217) Humongous regions: 65->65
[2026-01-16T08:30:34.327+0000][gc,metaspace] GC(217) Metaspace: 11722K(12032K)->11722K(12032K) NonClass: 10664K(10816K)->10664K(10816K) Class: 1058K(1216K)->1058K(1216K)
[2026-01-16T08:30:34.327+0000][gc          ] GC(217) Pause Young (Normal) (G1 Evacuation Pause) 186M->137M(1024M) 161.046ms
[2026-01-16T08:30:34.327+0000][gc,cpu      ] GC(217) User=0.11s Sys=0.01s Real=0.16s
[2026-01-16T08:30:36.833+0000][gc,start    ] GC(218) Pause Young (Normal) (G1 Evacuation Pause)
[2026-01-16T08:30:36.839+0000][gc,task     ] GC(218) Using 8 workers of 8 for evacuation
[2026-01-16T08:30:37.168+0000][gc,mmu      ] GC(218) MMU target violated: 201.0ms (200.0ms/201.0ms)
[2026-01-16T08:30:37.168+0000][gc,phases   ] GC(218)   Pre Evacuate Collection Set: 2.1ms
[2026-01-16T08:30:37.168+0000][gc,phases   ] GC(218)   Merge Heap Roots: 1.2ms
[2026-01-16T08:30:37.169+0000][gc,phases   ] GC(218)   Evacuate Collection Set: 318.1ms
[2026-01-16T08:30:37.169+0000][gc,phases   ] GC(218)   Post Evacuate Collection Set: 7.1ms
[2026-01-16T08:30:37.169+0000][gc,phases   ] GC(218)   Other: 0.8ms
[2026-01-16T08:30:37.169+0000][gc,heap     ] GC(218) Eden regions: 49->0(48)
[2026-01-16T08:30:37.169+0000][gc,heap     ] GC(218) Survivor regions: 2->3(7)
[2026-01-16T08:30:37.169+0000][gc,heap     ] GC(218) Old regions: 72->72
[2026-01-16T08:30:37.169+0000][gc,heap     ] GC(218) Humongous regions: 65->65
[2026-01-16T08:30:37.169+0000][gc,metaspace] GC(218) Metaspace: 11722K(12032K)->11722K(12032K) NonClass: 10664K(10816K)->10664K(10816K) Class: 1058K(1216K)->1058K(1216K)
[2026-01-16T08:30:37.169+0000][gc          ] GC(218) Pause Young (Normal) (G1 Evacuation Pause) 186M->138M(1024M) 336.262ms
[2026-01-16T08:30:37.169+0000][gc,cpu      ] GC(218) User=0.17s Sys=0.01s Real=0.34s
[2026-01-16T08:30:39.901+0000][gc,start    ] GC(219) Pause Young (Normal) (G1 Evacuation Pause)
[2026-01-16T08:30:39.919+0000][gc,task     ] GC(219) Using 8 workers of 8 for evacuation
[2026-01-16T08:30:40.332+0000][gc,mmu      ] GC(219) MMU target violated: 201.0ms (200.0ms/201.0ms)
[2026-01-16T08:30:40.335+0000][gc,phases   ] GC(219)   Pre Evacuate Collection Set: 31.3ms
[2026-01-16T08:30:40.351+0000][gc,phases   ] GC(219)   Merge Heap Roots: 9.7ms
[2026-01-16T08:30:40.353+0000][gc,phases   ] GC(219)   Evacuate Collection Set: 343.4ms
[2026-01-16T08:30:40.357+0000][gc,phases   ] GC(219)   Post Evacuate Collection Set: 20.3ms
[2026-01-16T08:30:40.358+0000][gc,phases   ] GC(219)   Other: 15.1ms
[2026-01-16T08:30:40.360+0000][gc,heap     ] GC(219) Eden regions: 48->0(48)
[2026-01-16T08:30:40.362+0000][gc,heap     ] GC(219) Survivor regions: 3->3(7)
[2026-01-16T08:30:40.363+0000][gc,heap     ] GC(219) Old regions: 72->72
[2026-01-16T08:30:40.363+0000][gc,heap     ] GC(219) Humongous regions: 65->65
[2026-01-16T08:30:40.364+0000][gc,metaspace] GC(219) Metaspace: 11722K(12032K)->11722K(12032K) NonClass: 10664K(10816K)->10664K(10816K) Class: 1058K(1216K)->1058K(1216K)
[2026-01-16T08:30:40.365+0000][gc          ] GC(219) Pause Young (Normal) (G1 Evacuation Pause) 186M->139M(1024M) 463.667ms
[2026-01-16T08:30:40.366+0000][gc,cpu      ] GC(219) User=0.24s Sys=0.02s Real=0.47s
[2026-01-16T08:30:44.610+0000][gc,start    ] GC(220) Pause Young (Normal) (G1 Evacuation Pause)
[2026-01-16T08:30:44.615+0000][gc,task     ] GC(220) Using 8 workers of 8 for evacuation
[2026-01-16T08:30:44.793+0000][gc,phases   ] GC(220)   Pre Evacuate Collection Set: 10.5ms
[2026-01-16T08:30:44.795+0000][gc,phases   ] GC(220)   Merge Heap Roots: 0.4ms
[2026-01-16T08:30:44.795+0000][gc,phases   ] GC(220)   Evacuate Collection Set: 127.6ms
[2026-01-16T08:30:44.795+0000][gc,phases   ] GC(220)   Post Evacuate Collection Set: 39.2ms
[2026-01-16T08:30:44.796+0000][gc,phases   ] GC(220)   Other: 1.0ms
[2026-01-16T08:30:44.796+0000][gc,heap     ] GC(220) Eden regions: 48->0(49)
[2026-01-16T08:30:44.796+0000][gc,heap     ] GC(220) Survivor regions: 3->2(7)
[2026-01-16T08:30:44.797+0000][gc,heap     ] GC(220) Old regions: 72->72
[2026-01-16T08:30:44.797+0000][gc,heap     ] GC(220) Humongous regions: 65->65
[2026-01-16T08:30:44.797+0000][gc,metaspace] GC(220) Metaspace: 11722K(12032K)->11722K(12032K) NonClass: 10664K(10816K)->10664K(10816K) Class: 1058K(1216K)->1058K(1216K)
[2026-01-16T08:30:44.801+0000][gc          ] GC(220) Pause Young (Normal) (G1 Evacuation Pause) 187M->138M(1024M) 190.485ms
[2026-01-16T08:30:44.801+0000][gc,cpu      ] GC(220) User=0.11s Sys=0.02s Real=0.19s
[2026-01-16T08:30:47.563+0000][gc,start    ] GC(221) Pause Young (Normal) (G1 Evacuation Pause)
[2026-01-16T08:30:47.565+0000][gc,task     ] GC(221) Using 8 workers of 8 for evacuation
[2026-01-16T08:30:47.837+0000][gc,mmu      ] GC(221) MMU target violated: 201.0ms (200.0ms/201.0ms)
[2026-01-16T08:30:47.839+0000][gc,phases   ] GC(221)   Pre Evacuate Collection Set: 10.6ms
[2026-01-16T08:30:47.840+0000][gc,phases   ] GC(221)   Merge Heap Roots: 4.4ms
[2026-01-16T08:30:47.840+0000][gc,phases   ] GC(221)   Evacuate Collection Set: 233.9ms
[2026-01-16T08:30:47.840+0000][gc,phases   ] GC(221)   Post Evacuate Collection Set: 13.5ms
[2026-01-16T08:30:47.840+0000][gc,phases   ] GC(221)   Other: 11.6ms
[2026-01-16T08:30:47.840+0000][gc,heap     ] GC(221) Eden regions: 49->0(48)
[2026-01-16T08:30:47.840+0000][gc,heap     ] GC(221) Survivor regions: 2->3(7)
[2026-01-16T08:30:47.840+0000][gc,heap     ] GC(221) Old regions: 72->72
[2026-01-16T08:30:47.840+0000][gc,heap     ] GC(221) Humongous regions: 65->65
[2026-01-16T08:30:47.840+0000][gc,metaspace] GC(221) Metaspace: 11722K(12032K)->11722K(12032K) NonClass: 10664K(10816K)->10664K(10816K) Class: 1058K(1216K)->1058K(1216K)
[2026-01-16T08:30:47.841+0000][gc          ] GC(221) Pause Young (Normal) (G1 Evacuation Pause) 187M->138M(1024M) 277.922ms
[2026-01-16T08:30:47.841+0000][gc,cpu      ] GC(221) User=0.17s Sys=0.01s Real=0.28s
[2026-01-16T08:30:57.297+0000][gc,start    ] GC(222) Pause Young (Normal) (G1 Evacuation Pause)
[2026-01-16T08:30:57.301+0000][gc,task     ] GC(222) Using 8 workers of 8 for evacuation
[2026-01-16T08:30:57.566+0000][gc,mmu      ] GC(222) MMU target violated: 201.0ms (200.0ms/201.0ms)
[2026-01-16T08:30:57.568+0000][gc,phases   ] GC(222)   Pre Evacuate Collection Set: 10.2ms
[2026-01-16T08:30:57.568+0000][gc,phases   ] GC(222)   Merge Heap Roots: 0.5ms
[2026-01-16T08:30:57.569+0000][gc,phases   ] GC(222)   Evacuate Collection Set: 214.3ms
[2026-01-16T08:30:57.569+0000][gc,phases   ] GC(222)   Post Evacuate Collection Set: 35.9ms
[2026-01-16T08:30:57.570+0000][gc,phases   ] GC(222)   Other: 6.3ms
[2026-01-16T08:30:57.571+0000][gc,heap     ] GC(222) Eden regions: 48->0(49)
[2026-01-16T08:30:57.573+0000][gc,heap     ] GC(222) Survivor regions: 3->2(7)
[2026-01-16T08:30:57.573+0000][gc,heap     ] GC(222) Old regions: 72->72
[2026-01-16T08:30:57.573+0000][gc,heap     ] GC(222) Humongous regions: 65->65
[2026-01-16T08:30:57.573+0000][gc,metaspace] GC(222) Metaspace: 11722K(12032K)->11722K(12032K) NonClass: 10664K(10816K)->10664K(10816K) Class: 1058K(1216K)->1058K(1216K)
[2026-01-16T08:30:57.573+0000][gc          ] GC(222) Pause Young (Normal) (G1 Evacuation Pause) 186M->138M(1024M) 276.166ms
[2026-01-16T08:30:57.573+0000][gc,cpu      ] GC(222) User=0.19s Sys=0.01s Real=0.27s
[2026-01-16T08:30:59.498+0000][gc,start    ] GC(223) Pause Young (Normal) (G1 Evacuation Pause)
[2026-01-16T08:30:59.505+0000][gc,task     ] GC(223) Using 8 workers of 8 for evacuation
[2026-01-16T08:30:59.613+0000][gc,phases   ] GC(223)   Pre Evacuate Collection Set: 8.5ms
[2026-01-16T08:30:59.614+0000][gc,phases   ] GC(223)   Merge Heap Roots: 0.7ms
[2026-01-16T08:30:59.614+0000][gc,phases   ] GC(223)   Evacuate Collection Set: 91.7ms
[2026-01-16T08:30:59.615+0000][gc,phases   ] GC(223)   Post Evacuate Collection Set: 4.1ms
[2026-01-16T08:30:59.615+0000][gc,phases   ] GC(223)   Other: 2.9ms
[2026-01-16T08:30:59.615+0000][gc,heap     ] GC(223) Eden regions: 49->0(48)
[2026-01-16T08:30:59.615+0000][gc,heap     ] GC(223) Survivor regions: 2->3(7)
[2026-01-16T08:30:59.616+0000][gc,heap     ] GC(223) Old regions: 72->72
[2026-01-16T08:30:59.616+0000][gc,heap     ] GC(223) Humongous regions: 65->65
[2026-01-16T08:30:59.616+0000][gc,metaspace] GC(223) Metaspace: 11722K(12032K)->11722K(12032K) NonClass: 10664K(10816K)->10664K(10816K) Class: 1058K(1216K)->1058K(1216K)
[2026-01-16T08:30:59.617+0000][gc          ] GC(223) Pause Young (Normal) (G1 Evacuation Pause) 187M->138M(1024M) 119.625ms
[2026-01-16T08:30:59.618+0000][gc,cpu      ] GC(223) User=0.08s Sys=0.01s Real=0.12s
[2026-01-16T08:31:03.120+0000][gc,start    ] GC(224) Pause Young (Normal) (G1 Evacuation Pause)
[2026-01-16T08:31:03.121+0000][gc,task     ] GC(224) Using 8 workers of 8 for evacuation
[2026-01-16T08:31:03.294+0000][gc,phases   ] GC(224)   Pre Evacuate Collection Set: 22.2ms
[2026-01-16T08:31:03.311+0000][gc,phases   ] GC(224)   Merge Heap Roots: 0.5ms
[2026-01-16T08:31:03.311+0000][gc,phases   ] GC(224)   Evacuate Collection Set: 133.1ms
[2026-01-16T08:31:03.364+0000][gc,phases   ] GC(224)   Post Evacuate Collection Set: 16.3ms
[2026-01-16T08:31:03.365+0000][gc,phases   ] GC(224)   Other: 0.3ms
[2026-01-16T08:31:03.374+0000][gc,heap     ] GC(224) Eden regions: 48->0(63)
[2026-01-16T08:31:03.379+0000][gc,heap     ] GC(224) Survivor regions: 3->2(7)
[2026-01-16T08:31:03.384+0000][gc,heap     ] GC(224) Old regions: 72->72
[2026-01-16T08:31:03.386+0000][gc,heap     ] GC(224) Humongous regions: 65->65
[2026-01-16T08:31:03.388+0000][gc,metaspace] GC(224) Metaspace: 11722K(12032K)->11722K(12032K) NonClass: 10664K(10816K)->10664K(10816K) Class: 1058K(1216K)->1058K(1216K)
[2026-01-16T08:31:03.393+0000][gc          ] GC(224) Pause Young (Normal) (G1 Evacuation Pause) 186M->138M(1024M) 272.355ms
[2026-01-16T08:31:03.395+0000][gc,cpu      ] GC(224) User=0.10s Sys=0.01s Real=0.28s
[2026-01-16T08:31:09.313+0000][gc,start    ] GC(225) Pause Young (Normal) (G1 Evacuation Pause)
[2026-01-16T08:31:09.326+0000][gc,task     ] GC(225) Using 8 workers of 8 for evacuation
[2026-01-16T08:31:10.116+0000][gc,mmu      ] GC(225) MMU target violated: 201.0ms (200.0ms/201.0ms)
[2026-01-16T08:31:10.117+0000][gc,phases   ] GC(225)   Pre Evacuate Collection Set: 36.2ms
[2026-01-16T08:31:10.121+0000][gc,phases   ] GC(225)   Merge Heap Roots: 6.2ms
[2026-01-16T08:31:10.122+0000][gc,phases   ] GC(225)   Evacuate Collection Set: 725.4ms
[2026-01-16T08:31:10.122+0000][gc,phases   ] GC(225)   Post Evacuate Collection Set: 19.6ms
[2026-01-16T08:31:10.124+0000][gc,phases   ] GC(225)   Other: 9.4ms
[2026-01-16T08:31:10.128+0000][gc,heap     ] GC(225) Eden regions: 89->0(48)
[2026-01-16T08:31:10.130+0000][gc,heap     ] GC(225) Survivor regions: 2->3(12)
[2026-01-16T08:31:10.146+0000][gc,heap     ] GC(225) Old regions: 72->72
[2026-01-16T08:31:10.146+0000][gc,heap     ] GC(225) Humongous regions: 65->65
[2026-01-16T08:31:10.146+0000][gc,metaspace] GC(225) Metaspace: 11722K(12032K)->11722K(12032K) NonClass: 10664K(10816K)->10664K(10816K) Class: 1058K(1216K)->1058K(1216K)
[2026-01-16T08:31:10.150+0000][gc          ] GC(225) Pause Young (Normal) (G1 Evacuation Pause) 227M->139M(1024M) 836.240ms
[2026-01-16T08:31:10.150+0000][gc,cpu      ] GC(225) User=0.45s Sys=0.03s Real=0.84s
[2026-01-16T08:31:13.568+0000][gc,start    ] GC(226) Pause Young (Normal) (G1 Evacuation Pause)
[2026-01-16T08:31:13.571+0000][gc,task     ] GC(226) Using 8 workers of 8 for evacuation
[2026-01-16T08:31:13.777+0000][gc,mmu      ] GC(226) MMU target violated: 201.0ms (200.0ms/201.0ms)
[2026-01-16T08:31:13.777+0000][gc,phases   ] GC(226)   Pre Evacuate Collection Set: 51.8ms
[2026-01-16T08:31:13.777+0000][gc,phases   ] GC(226)   Merge Heap Roots: 27.4ms
[2026-01-16T08:31:13.777+0000][gc,phases   ] GC(226)   Evacuate Collection Set: 120.5ms
[2026-01-16T08:31:13.778+0000][gc,phases   ] GC(226)   Post Evacuate Collection Set: 3.6ms
[2026-01-16T08:31:13.778+0000][gc,phases   ] GC(226)   Other: 3.5ms
[2026-01-16T08:31:13.779+0000][gc,heap     ] GC(226) Eden regions: 48->0(49)
[2026-01-16T08:31:13.779+0000][gc,heap     ] GC(226) Survivor regions: 3->2(7)
[2026-01-16T08:31:13.779+0000][gc,heap     ] GC(226) Old regions: 72->72
[2026-01-16T08:31:13.779+0000][gc,heap     ] GC(226) Humongous regions: 65->65
[2026-01-16T08:31:13.780+0000][gc,metaspace] GC(226) Metaspace: 11722K(12032K)->11722K(12032K) NonClass: 10664K(10816K)->10664K(10816K) Class: 1058K(1216K)->1058K(1216K)
[2026-01-16T08:31:13.781+0000][gc          ] GC(226) Pause Young (Normal) (G1 Evacuation Pause) 187M->138M(1024M) 213.258ms
[2026-01-16T08:31:13.781+0000][gc,cpu      ] GC(226) User=0.13s Sys=0.02s Real=0.21s
[2026-01-16T08:31:16.152+0000][gc,start    ] GC(227) Pause Young (Normal) (G1 Evacuation Pause)
[2026-01-16T08:31:16.155+0000][gc,task     ] GC(227) Using 8 workers of 8 for evacuation
[2026-01-16T08:31:16.563+0000][gc,mmu      ] GC(227) MMU target violated: 201.0ms (200.0ms/201.0ms)
[2026-01-16T08:31:16.564+0000][gc,phases   ] GC(227)   Pre Evacuate Collection Set: 37.4ms
[2026-01-16T08:31:16.566+0000][gc,phases   ] GC(227)   Merge Heap Roots: 38.5ms
[2026-01-16T08:31:16.585+0000][gc,phases   ] GC(227)   Evacuate Collection Set: 322.9ms
[2026-01-16T08:31:16.587+0000][gc,phases   ] GC(227)   Post Evacuate Collection Set: 8.4ms
[2026-01-16T08:31:16.587+0000][gc,phases   ] GC(227)   Other: 2.7ms
[2026-01-16T08:31:16.588+0000][gc,heap     ] GC(227) Eden regions: 49->0(48)
[2026-01-16T08:31:16.589+0000][gc,heap     ] GC(227) Survivor regions: 2->3(7)
[2026-01-16T08:31:16.590+0000][gc,heap     ] GC(227) Old regions: 72->73
[2026-01-16T08:31:16.593+0000][gc,heap     ] GC(227) Humongous regions: 65->65
[2026-01-16T08:31:16.593+0000][gc,metaspace] GC(227) Metaspace: 11722K(12032K)->11722K(12032K) NonClass: 10664K(10816K)->10664K(10816K) Class: 1058K(1216K)->1058K(1216K)
[2026-01-16T08:31:16.594+0000][gc          ] GC(227) Pause Young (Normal) (G1 Evacuation Pause) 187M->139M(1024M) 442.404ms
[2026-01-16T08:31:16.596+0000][gc,cpu      ] GC(227) User=0.14s Sys=0.01s Real=0.45s
[2026-01-16T08:31:22.498+0000][gc,start    ] GC(228) Pause Young (Normal) (G1 Evacuation Pause)
[2026-01-16T08:31:22.499+0000][gc,task     ] GC(228) Using 8 workers of 8 for evacuation
[2026-01-16T08:31:22.674+0000][gc,phases   ] GC(228)   Pre Evacuate Collection Set: 16.1ms
[2026-01-16T08:31:22.679+0000][gc,phases   ] GC(228)   Merge Heap Roots: 7.4ms
[2026-01-16T08:31:22.679+0000][gc,phases   ] GC(228)   Evacuate Collection Set: 114.7ms
[2026-01-16T08:31:22.684+0000][gc,phases   ] GC(228)   Post Evacuate Collection Set: 28.7ms
[2026-01-16T08:31:22.684+0000][gc,phases   ] GC(228)   Other: 7.4ms
[2026-01-16T08:31:22.684+0000][gc,heap     ] GC(228) Eden regions: 48->0(49)
[2026-01-16T08:31:22.684+0000][gc,heap     ] GC(228) Survivor regions: 3->2(7)
[2026-01-16T08:31:22.684+0000][gc,heap     ] GC(228) Old regions: 73->73
[2026-01-16T08:31:22.684+0000][gc,heap     ] GC(228) Humongous regions: 65->65
[2026-01-16T08:31:22.684+0000][gc,metaspace] GC(228) Metaspace: 11723K(12032K)->11723K(12032K) NonClass: 10665K(10816K)->10665K(10816K) Class: 1058K(1216K)->1058K(1216K)
[2026-01-16T08:31:22.685+0000][gc          ] GC(228) Pause Young (Normal) (G1 Evacuation Pause) 187M->138M(1024M) 186.973ms
[2026-01-16T08:31:22.685+0000][gc,cpu      ] GC(228) User=0.08s Sys=0.01s Real=0.19s
[2026-01-16T08:31:24.616+0000][gc,start    ] GC(229) Pause Young (Normal) (G1 Evacuation Pause)
[2026-01-16T08:31:24.618+0000][gc,task     ] GC(229) Using 8 workers of 8 for evacuation
[2026-01-16T08:31:24.730+0000][gc,phases   ] GC(229)   Pre Evacuate Collection Set: 8.1ms
[2026-01-16T08:31:24.731+0000][gc,phases   ] GC(229)   Merge Heap Roots: 0.4ms
[2026-01-16T08:31:24.731+0000][gc,phases   ] GC(229)   Evacuate Collection Set: 96.1ms
[2026-01-16T08:31:24.732+0000][gc,phases   ] GC(229)   Post Evacuate Collection Set: 5.1ms
[2026-01-16T08:31:24.732+0000][gc,phases   ] GC(229)   Other: 1.7ms
[2026-01-16T08:31:24.733+0000][gc,heap     ] GC(229) Eden regions: 49->0(48)
[2026-01-16T08:31:24.734+0000][gc,heap     ] GC(229) Survivor regions: 2->3(7)
[2026-01-16T08:31:24.734+0000][gc,heap     ] GC(229) Old regions: 73->73
[2026-01-16T08:31:24.734+0000][gc,heap     ] GC(229) Humongous regions: 65->65
[2026-01-16T08:31:24.735+0000][gc,metaspace] GC(229) Metaspace: 11723K(12032K)->11723K(12032K) NonClass: 10665K(10816K)->10665K(10816K) Class: 1058K(1216K)->1058K(1216K)
[2026-01-16T08:31:24.736+0000][gc          ] GC(229) Pause Young (Normal) (G1 Evacuation Pause) 187M->139M(1024M) 119.447ms
[2026-01-16T08:31:24.736+0000][gc,cpu      ] GC(229) User=0.07s Sys=0.00s Real=0.12s
[2026-01-16T08:31:25.934+0000][gc,start    ] GC(230) Pause Young (Normal) (G1 Evacuation Pause)
[2026-01-16T08:31:25.935+0000][gc,task     ] GC(230) Using 8 workers of 8 for evacuation
[2026-01-16T08:31:26.049+0000][gc,phases   ] GC(230)   Pre Evacuate Collection Set: 5.3ms
[2026-01-16T08:31:26.049+0000][gc,phases   ] GC(230)   Merge Heap Roots: 0.3ms
[2026-01-16T08:31:26.051+0000][gc,phases   ] GC(230)   Evacuate Collection Set: 96.3ms
[2026-01-16T08:31:26.054+0000][gc,phases   ] GC(230)   Post Evacuate Collection Set: 11.1ms
[2026-01-16T08:31:26.056+0000][gc,phases   ] GC(230)   Other: 1.1ms
[2026-01-16T08:31:26.056+0000][gc,heap     ] GC(230) Eden regions: 48->0(48)
[2026-01-16T08:31:26.056+0000][gc,heap     ] GC(230) Survivor regions: 3->3(7)
[2026-01-16T08:31:26.057+0000][gc,heap     ] GC(230) Old regions: 73->73
[2026-01-16T08:31:26.057+0000][gc,heap     ] GC(230) Humongous regions: 65->65
[2026-01-16T08:31:26.058+0000][gc,metaspace] GC(230) Metaspace: 11723K(12032K)->11723K(12032K) NonClass: 10665K(10816K)->10665K(10816K) Class: 1058K(1216K)->1058K(1216K)
[2026-01-16T08:31:26.058+0000][gc          ] GC(230) Pause Young (Normal) (G1 Evacuation Pause) 187M->139M(1024M) 124.044ms
[2026-01-16T08:31:26.058+0000][gc,cpu      ] GC(230) User=0.06s Sys=0.00s Real=0.12s
[2026-01-16T08:31:35.571+0000][gc,start    ] GC(231) Pause Young (Normal) (G1 Evacuation Pause)
[2026-01-16T08:31:35.596+0000][gc,task     ] GC(231) Using 8 workers of 8 for evacuation
[2026-01-16T08:31:36.228+0000][gc,mmu      ] GC(231) MMU target violated: 201.0ms (200.0ms/201.0ms)
[2026-01-16T08:31:36.228+0000][gc,phases   ] GC(231)   Pre Evacuate Collection Set: 46.7ms
[2026-01-16T08:31:36.229+0000][gc,phases   ] GC(231)   Merge Heap Roots: 14.6ms
[2026-01-16T08:31:36.229+0000][gc,phases   ] GC(231)   Evacuate Collection Set: 439.5ms
[2026-01-16T08:31:36.229+0000][gc,phases   ] GC(231)   Post Evacuate Collection Set: 118.3ms
[2026-01-16T08:31:36.229+0000][gc,phases   ] GC(231)   Other: 22.4ms
[2026-01-16T08:31:36.277+0000][gc,heap     ] GC(231) Eden regions: 48->0(48)
[2026-01-16T08:31:36.284+0000][gc,heap     ] GC(231) Survivor regions: 3->3(7)
[2026-01-16T08:31:36.290+0000][gc,heap     ] GC(231) Old regions: 73->73
[2026-01-16T08:31:36.301+0000][gc,heap     ] GC(231) Humongous regions: 65->65
[2026-01-16T08:31:36.302+0000][gc,metaspace] GC(231) Metaspace: 11723K(12032K)->11723K(12032K) NonClass: 10665K(10816K)->10665K(10816K) Class: 1058K(1216K)->1058K(1216K)
[2026-01-16T08:31:36.303+0000][gc          ] GC(231) Pause Young (Normal) (G1 Evacuation Pause) 187M->139M(1024M) 731.753ms
[2026-01-16T08:31:36.316+0000][gc,cpu      ] GC(231) User=0.28s Sys=0.12s Real=0.77s
[2026-01-16T08:31:39.562+0000][gc,start    ] GC(232) Pause Young (Normal) (G1 Evacuation Pause)
[2026-01-16T08:31:39.580+0000][gc,task     ] GC(232) Using 8 workers of 8 for evacuation
[2026-01-16T08:31:39.859+0000][gc,mmu      ] GC(232) MMU target violated: 201.0ms (200.0ms/201.0ms)
[2026-01-16T08:31:39.870+0000][gc,phases   ] GC(232)   Pre Evacuate Collection Set: 16.8ms
[2026-01-16T08:31:39.872+0000][gc,phases   ] GC(232)   Merge Heap Roots: 4.0ms
[2026-01-16T08:31:39.874+0000][gc,phases   ] GC(232)   Evacuate Collection Set: 229.4ms
[2026-01-16T08:31:39.875+0000][gc,phases   ] GC(232)   Post Evacuate Collection Set: 26.6ms
[2026-01-16T08:31:39.877+0000][gc,phases   ] GC(232)   Other: 13.8ms
[2026-01-16T08:31:39.877+0000][gc,heap     ] GC(232) Eden regions: 48->0(48)
[2026-01-16T08:31:39.877+0000][gc,heap     ] GC(232) Survivor regions: 3->3(7)
[2026-01-16T08:31:39.878+0000][gc,heap     ] GC(232) Old regions: 73->73
[2026-01-16T08:31:39.879+0000][gc,heap     ] GC(232) Humongous regions: 65->65
[2026-01-16T08:31:39.881+0000][gc,metaspace] GC(232) Metaspace: 11723K(12032K)->11723K(12032K) NonClass: 10665K(10816K)->10665K(10816K) Class: 1058K(1216K)->1058K(1216K)
[2026-01-16T08:31:39.884+0000][gc          ] GC(232) Pause Young (Normal) (G1 Evacuation Pause) 187M->140M(1024M) 321.377ms
[2026-01-16T08:31:39.884+0000][gc,cpu      ] GC(232) User=0.15s Sys=0.02s Real=0.32s
[2026-01-16T08:31:44.316+0000][gc,start    ] GC(233) Pause Young (Normal) (G1 Evacuation Pause)
[2026-01-16T08:31:44.322+0000][gc,task     ] GC(233) Using 8 workers of 8 for evacuation
[2026-01-16T08:31:44.558+0000][gc,mmu      ] GC(233) MMU target violated: 201.0ms (200.0ms/201.0ms)
[2026-01-16T08:31:44.559+0000][gc,phases   ] GC(233)   Pre Evacuate Collection Set: 31.0ms
[2026-01-16T08:31:44.560+0000][gc,phases   ] GC(233)   Merge Heap Roots: 9.6ms
[2026-01-16T08:31:44.560+0000][gc,phases   ] GC(233)   Evacuate Collection Set: 150.7ms
[2026-01-16T08:31:44.568+0000][gc,phases   ] GC(233)   Post Evacuate Collection Set: 38.9ms
[2026-01-16T08:31:44.570+0000][gc,phases   ] GC(233)   Other: 7.9ms
[2026-01-16T08:31:44.581+0000][gc,heap     ] GC(233) Eden regions: 48->0(49)
[2026-01-16T08:31:44.587+0000][gc,heap     ] GC(233) Survivor regions: 3->2(7)
[2026-01-16T08:31:44.587+0000][gc,heap     ] GC(233) Old regions: 73->73
[2026-01-16T08:31:44.587+0000][gc,heap     ] GC(233) Humongous regions: 65->65
[2026-01-16T08:31:44.587+0000][gc,metaspace] GC(233) Metaspace: 11726K(12032K)->11726K(12032K) NonClass: 10667K(10816K)->10667K(10816K) Class: 1058K(1216K)->1058K(1216K)
[2026-01-16T08:31:44.587+0000][gc          ] GC(233) Pause Young (Normal) (G1 Evacuation Pause) 188M->139M(1024M) 271.966ms
[2026-01-16T08:31:44.588+0000][gc,cpu      ] GC(233) User=0.13s Sys=0.01s Real=0.27s
[2026-01-16T08:31:57.056+0000][gc,start    ] GC(234) Pause Young (Normal) (G1 Evacuation Pause)
[2026-01-16T08:31:57.067+0000][gc,task     ] GC(234) Using 8 workers of 8 for evacuation
[2026-01-16T08:31:58.838+0000][gc,mmu      ] GC(234) MMU target violated: 201.0ms (200.0ms/201.0ms)
[2026-01-16T08:31:58.869+0000][gc,phases   ] GC(234)   Pre Evacuate Collection Set: 151.7ms
[2026-01-16T08:31:58.872+0000][gc,phases   ] GC(234)   Merge Heap Roots: 93.3ms
[2026-01-16T08:31:58.879+0000][gc,phases   ] GC(234)   Evacuate Collection Set: 1406.8ms
[2026-01-16T08:31:58.880+0000][gc,phases   ] GC(234)   Post Evacuate Collection Set: 84.9ms
[2026-01-16T08:31:58.890+0000][gc,phases   ] GC(234)   Other: 72.0ms
[2026-01-16T08:31:58.891+0000][gc,heap     ] GC(234) Eden regions: 49->0(48)
[2026-01-16T08:31:58.893+0000][gc,heap     ] GC(234) Survivor regions: 2->3(7)
[2026-01-16T08:31:58.894+0000][gc,heap     ] GC(234) Old regions: 73->73
[2026-01-16T08:31:58.895+0000][gc,heap     ] GC(234) Humongous regions: 65->65
[2026-01-16T08:31:58.896+0000][gc,metaspace] GC(234) Metaspace: 11726K(12032K)->11726K(12032K) NonClass: 10668K(10816K)->10668K(10816K) Class: 1058K(1216K)->1058K(1216K)
[2026-01-16T08:31:58.900+0000][gc          ] GC(234) Pause Young (Normal) (G1 Evacuation Pause) 188M->140M(1024M) 1843.814ms
[2026-01-16T08:31:58.912+0000][gc,cpu      ] GC(234) User=0.65s Sys=0.05s Real=1.85s
[2026-01-16T08:32:16.979+0000][gc,start    ] GC(235) Pause Young (Normal) (G1 Evacuation Pause)
[2026-01-16T08:32:16.981+0000][gc,task     ] GC(235) Using 8 workers of 8 for evacuation
[2026-01-16T08:32:17.872+0000][gc,mmu      ] GC(235) MMU target violated: 201.0ms (200.0ms/201.0ms)
[2026-01-16T08:32:17.873+0000][gc,phases   ] GC(235)   Pre Evacuate Collection Set: 104.0ms
[2026-01-16T08:32:17.873+0000][gc,phases   ] GC(235)   Merge Heap Roots: 8.1ms
[2026-01-16T08:32:17.873+0000][gc,phases   ] GC(235)   Evacuate Collection Set: 718.8ms
[2026-01-16T08:32:17.874+0000][gc,phases   ] GC(235)   Post Evacuate Collection Set: 48.7ms
[2026-01-16T08:32:17.874+0000][gc,phases   ] GC(235)   Other: 12.1ms
[2026-01-16T08:32:17.875+0000][gc,heap     ] GC(235) Eden regions: 48->0(47)
[2026-01-16T08:32:17.876+0000][gc,heap     ] GC(235) Survivor regions: 3->4(7)
[2026-01-16T08:32:17.877+0000][gc,heap     ] GC(235) Old regions: 73->73
[2026-01-16T08:32:17.882+0000][gc,heap     ] GC(235) Humongous regions: 65->65
[2026-01-16T08:32:17.882+0000][gc,metaspace] GC(235) Metaspace: 11765K(12160K)->11765K(12160K) NonClass: 10705K(10880K)->10705K(10880K) Class: 1059K(1280K)->1059K(1280K)
[2026-01-16T08:32:17.883+0000][gc          ] GC(235) Pause Young (Normal) (G1 Evacuation Pause) 188M->140M(1024M) 903.165ms
[2026-01-16T08:32:17.889+0000][gc,cpu      ] GC(235) User=0.40s Sys=0.04s Real=0.91s
[2026-01-16T08:32:22.126+0000][gc,start    ] GC(236) Pause Young (Normal) (G1 Evacuation Pause)
[2026-01-16T08:32:22.128+0000][gc,task     ] GC(236) Using 8 workers of 8 for evacuation
[2026-01-16T08:32:23.086+0000][gc,mmu      ] GC(236) MMU target violated: 201.0ms (200.0ms/201.0ms)
[2026-01-16T08:32:23.103+0000][gc,phases   ] GC(236)   Pre Evacuate Collection Set: 180.8ms
[2026-01-16T08:32:23.107+0000][gc,phases   ] GC(236)   Merge Heap Roots: 9.9ms
[2026-01-16T08:32:23.117+0000][gc,phases   ] GC(236)   Evacuate Collection Set: 738.7ms
[2026-01-16T08:32:23.123+0000][gc,phases   ] GC(236)   Post Evacuate Collection Set: 26.2ms
[2026-01-16T08:32:23.128+0000][gc,phases   ] GC(236)   Other: 20.2ms
[2026-01-16T08:32:23.131+0000][gc,heap     ] GC(236) Eden regions: 47->0(47)
[2026-01-16T08:32:23.132+0000][gc,heap     ] GC(236) Survivor regions: 4->4(7)
[2026-01-16T08:32:23.133+0000][gc,heap     ] GC(236) Old regions: 73->73
[2026-01-16T08:32:23.134+0000][gc,heap     ] GC(236) Humongous regions: 65->65
[2026-01-16T08:32:23.136+0000][gc,metaspace] GC(236) Metaspace: 11768K(12160K)->11768K(12160K) NonClass: 10708K(10880K)->10708K(10880K) Class: 1059K(1280K)->1059K(1280K)
[2026-01-16T08:32:23.139+0000][gc          ] GC(236) Pause Young (Normal) (G1 Evacuation Pause) 187M->141M(1024M) 1013.431ms
[2026-01-16T08:32:23.141+0000][gc,cpu      ] GC(236) User=0.42s Sys=0.03s Real=1.02s
[2026-01-16T08:32:27.323+0000][gc,start    ] GC(237) Pause Young (Normal) (G1 Evacuation Pause)
[2026-01-16T08:32:27.326+0000][gc,task     ] GC(237) Using 8 workers of 8 for evacuation
[2026-01-16T08:32:28.660+0000][gc,mmu      ] GC(237) MMU target violated: 201.0ms (200.0ms/201.0ms)
[2026-01-16T08:32:28.667+0000][gc,phases   ] GC(237)   Pre Evacuate Collection Set: 117.1ms
[2026-01-16T08:32:28.673+0000][gc,phases   ] GC(237)   Merge Heap Roots: 11.3ms
[2026-01-16T08:32:28.675+0000][gc,phases   ] GC(237)   Evacuate Collection Set: 1086.5ms
[2026-01-16T08:32:28.677+0000][gc,phases   ] GC(237)   Post Evacuate Collection Set: 104.0ms
[2026-01-16T08:32:28.682+0000][gc,phases   ] GC(237)   Other: 22.3ms
[2026-01-16T08:32:28.683+0000][gc,heap     ] GC(237) Eden regions: 47->0(46)
[2026-01-16T08:32:28.687+0000][gc,heap     ] GC(237) Survivor regions: 4->5(7)
[2026-01-16T08:32:28.695+0000][gc,heap     ] GC(237) Old regions: 73->74
[2026-01-16T08:32:28.699+0000][gc,heap     ] GC(237) Humongous regions: 65->65
[2026-01-16T08:32:28.700+0000][gc,metaspace] GC(237) Metaspace: 11770K(12160K)->11770K(12160K) NonClass: 10710K(10880K)->10710K(10880K) Class: 1059K(1280K)->1059K(1280K)
[2026-01-16T08:32:28.700+0000][gc          ] GC(237) Pause Young (Normal) (G1 Evacuation Pause) 188M->142M(1024M) 1376.775ms
[2026-01-16T08:32:28.704+0000][gc,cpu      ] GC(237) User=0.65s Sys=0.09s Real=1.38s
[2026-01-16T08:32:34.275+0000][gc,start    ] GC(238) Pause Young (Normal) (G1 Evacuation Pause)
[2026-01-16T08:32:34.282+0000][gc,task     ] GC(238) Using 8 workers of 8 for evacuation
[2026-01-16T08:32:34.783+0000][gc,mmu      ] GC(238) MMU target violated: 201.0ms (200.0ms/201.0ms)
[2026-01-16T08:32:34.790+0000][gc,phases   ] GC(238)   Pre Evacuate Collection Set: 65.2ms
[2026-01-16T08:32:34.791+0000][gc,phases   ] GC(238)   Merge Heap Roots: 86.2ms
[2026-01-16T08:32:34.791+0000][gc,phases   ] GC(238)   Evacuate Collection Set: 331.0ms
[2026-01-16T08:32:34.791+0000][gc,phases   ] GC(238)   Post Evacuate Collection Set: 16.0ms
[2026-01-16T08:32:34.802+0000][gc,phases   ] GC(238)   Other: 12.1ms
[2026-01-16T08:32:34.812+0000][gc,heap     ] GC(238) Eden regions: 46->0(47)
[2026-01-16T08:32:34.813+0000][gc,heap     ] GC(238) Survivor regions: 5->4(7)
[2026-01-16T08:32:34.814+0000][gc,heap     ] GC(238) Old regions: 74->74
[2026-01-16T08:32:34.815+0000][gc,heap     ] GC(238) Humongous regions: 65->65
[2026-01-16T08:32:34.826+0000][gc,metaspace] GC(238) Metaspace: 11779K(12160K)->11779K(12160K) NonClass: 10720K(10880K)->10720K(10880K) Class: 1059K(1280K)->1059K(1280K)
[2026-01-16T08:32:34.869+0000][gc          ] GC(238) Pause Young (Normal) (G1 Evacuation Pause) 188M->141M(1024M) 593.808ms
[2026-01-16T08:32:34.870+0000][gc,cpu      ] GC(238) User=0.23s Sys=0.07s Real=0.60s
[2026-01-16T08:32:39.500+0000][gc,start    ] GC(239) Pause Young (Normal) (G1 Evacuation Pause)
[2026-01-16T08:32:39.502+0000][gc,task     ] GC(239) Using 8 workers of 8 for evacuation
[2026-01-16T08:32:39.914+0000][gc,mmu      ] GC(239) MMU target violated: 201.0ms (200.0ms/201.0ms)
[2026-01-16T08:32:39.917+0000][gc,phases   ] GC(239)   Pre Evacuate Collection Set: 103.3ms
[2026-01-16T08:32:39.919+0000][gc,phases   ] GC(239)   Merge Heap Roots: 3.4ms
[2026-01-16T08:32:39.919+0000][gc,phases   ] GC(239)   Evacuate Collection Set: 271.2ms
[2026-01-16T08:32:39.919+0000][gc,phases   ] GC(239)   Post Evacuate Collection Set: 14.9ms
[2026-01-16T08:32:39.919+0000][gc,phases   ] GC(239)   Other: 22.0ms
[2026-01-16T08:32:39.920+0000][gc,heap     ] GC(239) Eden regions: 47->0(47)
[2026-01-16T08:32:39.920+0000][gc,heap     ] GC(239) Survivor regions: 4->4(7)
[2026-01-16T08:32:39.920+0000][gc,heap     ] GC(239) Old regions: 74->74
[2026-01-16T08:32:39.920+0000][gc,heap     ] GC(239) Humongous regions: 65->65
[2026-01-16T08:32:39.920+0000][gc,metaspace] GC(239) Metaspace: 11780K(12160K)->11780K(12160K) NonClass: 10720K(10880K)->10720K(10880K) Class: 1059K(1280K)->1059K(1280K)
[2026-01-16T08:32:39.920+0000][gc          ] GC(239) Pause Young (Normal) (G1 Evacuation Pause) 188M->142M(1024M) 419.905ms
[2026-01-16T08:32:39.920+0000][gc,cpu      ] GC(239) User=0.27s Sys=0.03s Real=0.42s
[2026-01-16T08:32:42.855+0000][gc,start    ] GC(240) Pause Young (Normal) (G1 Evacuation Pause)
[2026-01-16T08:32:42.863+0000][gc,task     ] GC(240) Using 8 workers of 8 for evacuation
[2026-01-16T08:32:43.473+0000][gc,mmu      ] GC(240) MMU target violated: 201.0ms (200.0ms/201.0ms)
[2026-01-16T08:32:43.482+0000][gc,phases   ] GC(240)   Pre Evacuate Collection Set: 78.4ms
[2026-01-16T08:32:43.482+0000][gc,phases   ] GC(240)   Merge Heap Roots: 2.6ms
[2026-01-16T08:32:43.484+0000][gc,phases   ] GC(240)   Evacuate Collection Set: 453.9ms
[2026-01-16T08:32:43.487+0000][gc,phases   ] GC(240)   Post Evacuate Collection Set: 70.6ms
[2026-01-16T08:32:43.493+0000][gc,phases   ] GC(240)   Other: 13.3ms
[2026-01-16T08:32:43.496+0000][gc,heap     ] GC(240) Eden regions: 47->0(46)
[2026-01-16T08:32:43.497+0000][gc,heap     ] GC(240) Survivor regions: 4->5(7)
[2026-01-16T08:32:43.497+0000][gc,heap     ] GC(240) Old regions: 74->74
[2026-01-16T08:32:43.497+0000][gc,heap     ] GC(240) Humongous regions: 65->65
[2026-01-16T08:32:43.497+0000][gc,metaspace] GC(240) Metaspace: 11781K(12160K)->11781K(12160K) NonClass: 10722K(10880K)->10722K(10880K) Class: 1059K(1280K)->1059K(1280K)
[2026-01-16T08:32:43.498+0000][gc          ] GC(240) Pause Young (Normal) (G1 Evacuation Pause) 189M->142M(1024M) 642.932ms
[2026-01-16T08:32:43.507+0000][gc,cpu      ] GC(240) User=0.26s Sys=0.03s Real=0.66s
[2026-01-16T08:32:47.266+0000][gc,start    ] GC(241) Pause Young (Normal) (G1 Evacuation Pause)
[2026-01-16T08:32:47.269+0000][gc,task     ] GC(241) Using 8 workers of 8 for evacuation
[2026-01-16T08:32:47.651+0000][gc,mmu      ] GC(241) MMU target violated: 201.0ms (200.0ms/201.0ms)
[2026-01-16T08:32:47.652+0000][gc,phases   ] GC(241)   Pre Evacuate Collection Set: 39.0ms
[2026-01-16T08:32:47.652+0000][gc,phases   ] GC(241)   Merge Heap Roots: 5.4ms
[2026-01-16T08:32:47.653+0000][gc,phases   ] GC(241)   Evacuate Collection Set: 303.7ms
[2026-01-16T08:32:47.653+0000][gc,phases   ] GC(241)   Post Evacuate Collection Set: 31.9ms
[2026-01-16T08:32:47.656+0000][gc,phases   ] GC(241)   Other: 3.6ms
[2026-01-16T08:32:47.656+0000][gc,heap     ] GC(241) Eden regions: 46->0(46)
[2026-01-16T08:32:47.657+0000][gc,heap     ] GC(241) Survivor regions: 5->5(7)
[2026-01-16T08:32:47.657+0000][gc,heap     ] GC(241) Old regions: 74->74
[2026-01-16T08:32:47.658+0000][gc,heap     ] GC(241) Humongous regions: 65->65
[2026-01-16T08:32:47.659+0000][gc,metaspace] GC(241) Metaspace: 11782K(12160K)->11782K(12160K) NonClass: 10722K(10880K)->10722K(10880K) Class: 1059K(1280K)->1059K(1280K)
[2026-01-16T08:32:47.661+0000][gc          ] GC(241) Pause Young (Normal) (G1 Evacuation Pause) 188M->143M(1024M) 394.899ms
[2026-01-16T08:32:47.661+0000][gc,cpu      ] GC(241) User=0.16s Sys=0.01s Real=0.40s
[2026-01-16T08:32:53.565+0000][gc,start    ] GC(242) Pause Young (Normal) (G1 Evacuation Pause)
[2026-01-16T08:32:53.568+0000][gc,task     ] GC(242) Using 8 workers of 8 for evacuation
[2026-01-16T08:32:53.985+0000][gc,mmu      ] GC(242) MMU target violated: 201.0ms (200.0ms/201.0ms)
[2026-01-16T08:32:53.985+0000][gc,phases   ] GC(242)   Pre Evacuate Collection Set: 14.1ms
[2026-01-16T08:32:53.993+0000][gc,phases   ] GC(242)   Merge Heap Roots: 0.6ms
[2026-01-16T08:32:53.997+0000][gc,phases   ] GC(242)   Evacuate Collection Set: 381.1ms
[2026-01-16T08:32:54.059+0000][gc,phases   ] GC(242)   Post Evacuate Collection Set: 19.8ms
[2026-01-16T08:32:54.128+0000][gc,phases   ] GC(242)   Other: 1.9ms
[2026-01-16T08:32:54.130+0000][gc,heap     ] GC(242) Eden regions: 46->0(46)
[2026-01-16T08:32:54.133+0000][gc,heap     ] GC(242) Survivor regions: 5->5(7)
[2026-01-16T08:32:54.137+0000][gc,heap     ] GC(242) Old regions: 74->75
[2026-01-16T08:32:54.138+0000][gc,heap     ] GC(242) Humongous regions: 65->65
[2026-01-16T08:32:54.138+0000][gc,metaspace] GC(242) Metaspace: 11786K(12160K)->11786K(12160K) NonClass: 10726K(10880K)->10726K(10880K) Class: 1059K(1280K)->1059K(1280K)
[2026-01-16T08:32:54.142+0000][gc          ] GC(242) Pause Young (Normal) (G1 Evacuation Pause) 189M->143M(1024M) 576.565ms
[2026-01-16T08:32:54.150+0000][gc,cpu      ] GC(242) User=0.28s Sys=0.07s Real=0.59s
[2026-01-16T08:32:56.501+0000][gc,start    ] GC(243) Pause Young (Normal) (G1 Evacuation Pause)
[2026-01-16T08:32:56.504+0000][gc,task     ] GC(243) Using 8 workers of 8 for evacuation
[2026-01-16T08:32:56.752+0000][gc,mmu      ] GC(243) MMU target violated: 201.0ms (200.0ms/201.0ms)
[2026-01-16T08:32:56.753+0000][gc,phases   ] GC(243)   Pre Evacuate Collection Set: 26.0ms
[2026-01-16T08:32:56.757+0000][gc,phases   ] GC(243)   Merge Heap Roots: 9.0ms
[2026-01-16T08:32:56.758+0000][gc,phases   ] GC(243)   Evacuate Collection Set: 164.6ms
[2026-01-16T08:32:56.759+0000][gc,phases   ] GC(243)   Post Evacuate Collection Set: 45.4ms
[2026-01-16T08:32:56.760+0000][gc,phases   ] GC(243)   Other: 4.2ms
[2026-01-16T08:32:56.765+0000][gc,heap     ] GC(243) Eden regions: 46->0(47)
[2026-01-16T08:32:56.767+0000][gc,heap     ] GC(243) Survivor regions: 5->4(7)
[2026-01-16T08:32:56.767+0000][gc,heap     ] GC(243) Old regions: 75->76
[2026-01-16T08:32:56.768+0000][gc,heap     ] GC(243) Humongous regions: 65->65
[2026-01-16T08:32:56.768+0000][gc,metaspace] GC(243) Metaspace: 11786K(12160K)->11786K(12160K) NonClass: 10726K(10880K)->10726K(10880K) Class: 1059K(1280K)->1059K(1280K)
[2026-01-16T08:32:56.768+0000][gc          ] GC(243) Pause Young (Normal) (G1 Evacuation Pause) 189M->144M(1024M) 267.437ms
[2026-01-16T08:32:56.769+0000][gc,cpu      ] GC(243) User=0.12s Sys=0.03s Real=0.27s
[2026-01-16T08:32:59.803+0000][gc,start    ] GC(244) Pause Young (Normal) (G1 Evacuation Pause)
[2026-01-16T08:32:59.805+0000][gc,task     ] GC(244) Using 8 workers of 8 for evacuation
[2026-01-16T08:33:00.466+0000][gc,mmu      ] GC(244) MMU target violated: 201.0ms (200.0ms/201.0ms)
[2026-01-16T08:33:00.469+0000][gc,phases   ] GC(244)   Pre Evacuate Collection Set: 46.1ms
[2026-01-16T08:33:00.473+0000][gc,phases   ] GC(244)   Merge Heap Roots: 7.1ms
[2026-01-16T08:33:00.475+0000][gc,phases   ] GC(244)   Evacuate Collection Set: 595.2ms
[2026-01-16T08:33:00.476+0000][gc,phases   ] GC(244)   Post Evacuate Collection Set: 11.4ms
[2026-01-16T08:33:00.482+0000][gc,phases   ] GC(244)   Other: 5.4ms
[2026-01-16T08:33:00.483+0000][gc,heap     ] GC(244) Eden regions: 47->0(46)
[2026-01-16T08:33:00.490+0000][gc,heap     ] GC(244) Survivor regions: 4->5(7)
[2026-01-16T08:33:00.495+0000][gc,heap     ] GC(244) Old regions: 76->76
[2026-01-16T08:33:00.505+0000][gc,heap     ] GC(244) Humongous regions: 74->74
[2026-01-16T08:33:00.509+0000][gc,metaspace] GC(244) Metaspace: 11786K(12160K)->11786K(12160K) NonClass: 10726K(10880K)->10726K(10880K) Class: 1059K(1280K)->1059K(1280K)
[2026-01-16T08:33:00.511+0000][gc          ] GC(244) Pause Young (Normal) (G1 Evacuation Pause) 200M->154M(1024M) 708.725ms
[2026-01-16T08:33:00.512+0000][gc,cpu      ] GC(244) User=0.27s Sys=0.01s Real=0.71s
[2026-01-16T08:33:03.125+0000][gc,start    ] GC(245) Pause Young (Normal) (G1 Evacuation Pause)
[2026-01-16T08:33:03.128+0000][gc,task     ] GC(245) Using 8 workers of 8 for evacuation
[2026-01-16T08:33:03.404+0000][gc,mmu      ] GC(245) MMU target violated: 201.0ms (200.0ms/201.0ms)
[2026-01-16T08:33:03.411+0000][gc,phases   ] GC(245)   Pre Evacuate Collection Set: 20.1ms
[2026-01-16T08:33:03.413+0000][gc,phases   ] GC(245)   Merge Heap Roots: 1.0ms
[2026-01-16T08:33:03.415+0000][gc,phases   ] GC(245)   Evacuate Collection Set: 229.7ms
[2026-01-16T08:33:03.417+0000][gc,phases   ] GC(245)   Post Evacuate Collection Set: 15.3ms
[2026-01-16T08:33:03.424+0000][gc,phases   ] GC(245)   Other: 17.6ms
[2026-01-16T08:33:03.428+0000][gc,heap     ] GC(245) Eden regions: 46->0(46)
[2026-01-16T08:33:03.432+0000][gc,heap     ] GC(245) Survivor regions: 5->5(7)
[2026-01-16T08:33:03.432+0000][gc,heap     ] GC(245) Old regions: 76->77
[2026-01-16T08:33:03.434+0000][gc,heap     ] GC(245) Humongous regions: 74->65
[2026-01-16T08:33:03.434+0000][gc,metaspace] GC(245) Metaspace: 11787K(12160K)->11787K(12160K) NonClass: 10727K(10880K)->10727K(10880K) Class: 1059K(1280K)->1059K(1280K)
[2026-01-16T08:33:03.481+0000][gc          ] GC(245) Pause Young (Normal) (G1 Evacuation Pause) 200M->146M(1024M) 312.975ms
[2026-01-16T08:33:03.486+0000][gc,cpu      ] GC(245) User=0.17s Sys=0.03s Real=0.36s
[2026-01-16T08:33:06.339+0000][gc,start    ] GC(246) Pause Young (Normal) (G1 Evacuation Pause)
[2026-01-16T08:33:06.344+0000][gc,task     ] GC(246) Using 8 workers of 8 for evacuation
[2026-01-16T08:33:06.672+0000][gc,mmu      ] GC(246) MMU target violated: 201.0ms (200.0ms/201.0ms)
[2026-01-16T08:33:06.673+0000][gc,phases   ] GC(246)   Pre Evacuate Collection Set: 33.2ms
[2026-01-16T08:33:06.674+0000][gc,phases   ] GC(246)   Merge Heap Roots: 5.3ms
[2026-01-16T08:33:06.676+0000][gc,phases   ] GC(246)   Evacuate Collection Set: 238.7ms
[2026-01-16T08:33:06.686+0000][gc,phases   ] GC(246)   Post Evacuate Collection Set: 29.4ms
[2026-01-16T08:33:06.694+0000][gc,phases   ] GC(246)   Other: 22.5ms
[2026-01-16T08:33:06.696+0000][gc,heap     ] GC(246) Eden regions: 46->0(46)
[2026-01-16T08:33:06.696+0000][gc,heap     ] GC(246) Survivor regions: 5->5(7)
[2026-01-16T08:33:06.704+0000][gc,heap     ] GC(246) Old regions: 77->78
[2026-01-16T08:33:06.706+0000][gc,heap     ] GC(246) Humongous regions: 65->65
[2026-01-16T08:33:06.707+0000][gc,metaspace] GC(246) Metaspace: 11787K(12160K)->11787K(12160K) NonClass: 10727K(10880K)->10727K(10880K) Class: 1059K(1280K)->1059K(1280K)
[2026-01-16T08:33:06.707+0000][gc          ] GC(246) Pause Young (Normal) (G1 Evacuation Pause) 192M->146M(1024M) 367.575ms
[2026-01-16T08:33:06.707+0000][gc,cpu      ] GC(246) User=0.12s Sys=0.01s Real=0.37s
[2026-01-16T08:33:10.170+0000][gc,start    ] GC(247) Pause Young (Normal) (G1 Evacuation Pause)
[2026-01-16T08:33:10.171+0000][gc,task     ] GC(247) Using 8 workers of 8 for evacuation
[2026-01-16T08:33:10.516+0000][gc,mmu      ] GC(247) MMU target violated: 201.0ms (200.0ms/201.0ms)
[2026-01-16T08:33:10.516+0000][gc,phases   ] GC(247)   Pre Evacuate Collection Set: 66.8ms
[2026-01-16T08:33:10.516+0000][gc,phases   ] GC(247)   Merge Heap Roots: 6.5ms
[2026-01-16T08:33:10.516+0000][gc,phases   ] GC(247)   Evacuate Collection Set: 268.8ms
[2026-01-16T08:33:10.516+0000][gc,phases   ] GC(247)   Post Evacuate Collection Set: 2.3ms
[2026-01-16T08:33:10.516+0000][gc,phases   ] GC(247)   Other: 0.6ms
[2026-01-16T08:33:10.516+0000][gc,heap     ] GC(247) Eden regions: 46->0(47)
[2026-01-16T08:33:10.516+0000][gc,heap     ] GC(247) Survivor regions: 5->4(7)
[2026-01-16T08:33:10.516+0000][gc,heap     ] GC(247) Old regions: 78->78
[2026-01-16T08:33:10.516+0000][gc,heap     ] GC(247) Humongous regions: 65->65
[2026-01-16T08:33:10.516+0000][gc,metaspace] GC(247) Metaspace: 11787K(12160K)->11787K(12160K) NonClass: 10727K(10880K)->10727K(10880K) Class: 1059K(1280K)->1059K(1280K)
[2026-01-16T08:33:10.516+0000][gc          ] GC(247) Pause Young (Normal) (G1 Evacuation Pause) 192M->146M(1024M) 346.343ms
[2026-01-16T08:33:10.517+0000][gc,cpu      ] GC(247) User=0.15s Sys=0.01s Real=0.34s
[2026-01-16T08:33:13.953+0000][gc,start    ] GC(248) Pause Young (Normal) (G1 Evacuation Pause)
[2026-01-16T08:33:13.965+0000][gc,task     ] GC(248) Using 8 workers of 8 for evacuation
[2026-01-16T08:33:15.032+0000][gc,mmu      ] GC(248) MMU target violated: 201.0ms (200.0ms/201.0ms)
[2026-01-16T08:33:15.034+0000][gc,phases   ] GC(248)   Pre Evacuate Collection Set: 95.0ms
[2026-01-16T08:33:15.035+0000][gc,phases   ] GC(248)   Merge Heap Roots: 1.2ms
[2026-01-16T08:33:15.036+0000][gc,phases   ] GC(248)   Evacuate Collection Set: 939.4ms
[2026-01-16T08:33:15.037+0000][gc,phases   ] GC(248)   Post Evacuate Collection Set: 12.2ms
[2026-01-16T08:33:15.039+0000][gc,phases   ] GC(248)   Other: 21.6ms
[2026-01-16T08:33:15.043+0000][gc,heap     ] GC(248) Eden regions: 47->0(47)
[2026-01-16T08:33:15.045+0000][gc,heap     ] GC(248) Survivor regions: 4->4(7)
[2026-01-16T08:33:15.047+0000][gc,heap     ] GC(248) Old regions: 78->79
[2026-01-16T08:33:15.047+0000][gc,heap     ] GC(248) Humongous regions: 74->74
[2026-01-16T08:33:15.048+0000][gc,metaspace] GC(248) Metaspace: 11787K(12160K)->11787K(12160K) NonClass: 10727K(10880K)->10727K(10880K) Class: 1059K(1280K)->1059K(1280K)
[2026-01-16T08:33:15.050+0000][gc          ] GC(248) Pause Young (Normal) (G1 Evacuation Pause) 202M->156M(1024M) 1097.201ms
[2026-01-16T08:33:15.057+0000][gc,cpu      ] GC(248) User=0.50s Sys=0.08s Real=1.10s
[2026-01-16T08:33:21.105+0000][gc,start    ] GC(249) Pause Young (Normal) (G1 Evacuation Pause)
[2026-01-16T08:33:21.121+0000][gc,task     ] GC(249) Using 8 workers of 8 for evacuation
[2026-01-16T08:33:21.554+0000][gc,mmu      ] GC(249) MMU target violated: 201.0ms (200.0ms/201.0ms)
[2026-01-16T08:33:21.554+0000][gc,phases   ] GC(249)   Pre Evacuate Collection Set: 51.7ms
[2026-01-16T08:33:21.554+0000][gc,phases   ] GC(249)   Merge Heap Roots: 0.3ms
[2026-01-16T08:33:21.554+0000][gc,phases   ] GC(249)   Evacuate Collection Set: 362.5ms
[2026-01-16T08:33:21.554+0000][gc,phases   ] GC(249)   Post Evacuate Collection Set: 6.6ms
[2026-01-16T08:33:21.555+0000][gc,phases   ] GC(249)   Other: 12.9ms
[2026-01-16T08:33:21.556+0000][gc,heap     ] GC(249) Eden regions: 47->0(46)
[2026-01-16T08:33:21.556+0000][gc,heap     ] GC(249) Survivor regions: 4->5(7)
[2026-01-16T08:33:21.556+0000][gc,heap     ] GC(249) Old regions: 79->79
[2026-01-16T08:33:21.556+0000][gc,heap     ] GC(249) Humongous regions: 74->74
[2026-01-16T08:33:21.558+0000][gc,metaspace] GC(249) Metaspace: 11787K(12160K)->11787K(12160K) NonClass: 10728K(10880K)->10728K(10880K) Class: 1059K(1280K)->1059K(1280K)
[2026-01-16T08:33:21.569+0000][gc          ] GC(249) Pause Young (Normal) (G1 Evacuation Pause) 203M->157M(1024M) 459.396ms
[2026-01-16T08:33:21.569+0000][gc,cpu      ] GC(249) User=0.19s Sys=0.02s Real=0.46s
[2026-01-16T08:33:23.679+0000][gc,start    ] GC(250) Pause Young (Normal) (G1 Evacuation Pause)
[2026-01-16T08:33:23.693+0000][gc,task     ] GC(250) Using 8 workers of 8 for evacuation
[2026-01-16T08:33:24.316+0000][gc,mmu      ] GC(250) MMU target violated: 201.0ms (200.0ms/201.0ms)
[2026-01-16T08:33:24.319+0000][gc,phases   ] GC(250)   Pre Evacuate Collection Set: 21.9ms
[2026-01-16T08:33:24.322+0000][gc,phases   ] GC(250)   Merge Heap Roots: 10.0ms
[2026-01-16T08:33:24.322+0000][gc,phases   ] GC(250)   Evacuate Collection Set: 548.0ms
[2026-01-16T08:33:24.322+0000][gc,phases   ] GC(250)   Post Evacuate Collection Set: 39.7ms
[2026-01-16T08:33:24.323+0000][gc,phases   ] GC(250)   Other: 7.0ms
[2026-01-16T08:33:24.323+0000][gc,heap     ] GC(250) Eden regions: 46->0(46)
[2026-01-16T08:33:24.324+0000][gc,heap     ] GC(250) Survivor regions: 5->5(7)
[2026-01-16T08:33:24.324+0000][gc,heap     ] GC(250) Old regions: 79->80
[2026-01-16T08:33:24.324+0000][gc,heap     ] GC(250) Humongous regions: 74->74
[2026-01-16T08:33:24.324+0000][gc,metaspace] GC(250) Metaspace: 11788K(12160K)->11788K(12160K) NonClass: 10728K(10880K)->10728K(10880K) Class: 1059K(1280K)->1059K(1280K)
[2026-01-16T08:33:24.326+0000][gc          ] GC(250) Pause Young (Normal) (G1 Evacuation Pause) 203M->158M(1024M) 645.249ms
[2026-01-16T08:33:24.326+0000][gc,cpu      ] GC(250) User=0.19s Sys=0.01s Real=0.64s
[2026-01-16T08:33:25.546+0000][gc,start    ] GC(251) Pause Young (Normal) (G1 Evacuation Pause)
[2026-01-16T08:33:25.547+0000][gc,task     ] GC(251) Using 8 workers of 8 for evacuation
[2026-01-16T08:33:25.697+0000][gc,phases   ] GC(251)   Pre Evacuate Collection Set: 14.4ms
[2026-01-16T08:33:25.701+0000][gc,phases   ] GC(251)   Merge Heap Roots: 1.5ms
[2026-01-16T08:33:25.702+0000][gc,phases   ] GC(251)   Evacuate Collection Set: 132.3ms
[2026-01-16T08:33:25.703+0000][gc,phases   ] GC(251)   Post Evacuate Collection Set: 1.7ms
[2026-01-16T08:33:25.703+0000][gc,phases   ] GC(251)   Other: 0.4ms
[2026-01-16T08:33:25.703+0000][gc,heap     ] GC(251) Eden regions: 46->0(46)
[2026-01-16T08:33:25.704+0000][gc,heap     ] GC(251) Survivor regions: 5->5(7)
[2026-01-16T08:33:25.705+0000][gc,heap     ] GC(251) Old regions: 80->81
[2026-01-16T08:33:25.705+0000][gc,heap     ] GC(251) Humongous regions: 74->74
[2026-01-16T08:33:25.705+0000][gc,metaspace] GC(251) Metaspace: 11788K(12160K)->11788K(12160K) NonClass: 10729K(10880K)->10729K(10880K) Class: 1059K(1280K)->1059K(1280K)
[2026-01-16T08:33:25.706+0000][gc          ] GC(251) Pause Young (Normal) (G1 Evacuation Pause) 204M->158M(1024M) 159.915ms
[2026-01-16T08:33:25.706+0000][gc,cpu      ] GC(251) User=0.10s Sys=0.01s Real=0.16s
[2026-01-16T08:33:27.797+0000][gc,start    ] GC(252) Pause Young (Normal) (G1 Evacuation Pause)
[2026-01-16T08:33:27.811+0000][gc,task     ] GC(252) Using 8 workers of 8 for evacuation
[2026-01-16T08:33:28.854+0000][gc,mmu      ] GC(252) MMU target violated: 201.0ms (200.0ms/201.0ms)
[2026-01-16T08:33:28.857+0000][gc,phases   ] GC(252)   Pre Evacuate Collection Set: 81.7ms
[2026-01-16T08:33:28.859+0000][gc,phases   ] GC(252)   Merge Heap Roots: 0.5ms
[2026-01-16T08:33:28.865+0000][gc,phases   ] GC(252)   Evacuate Collection Set: 908.0ms
[2026-01-16T08:33:28.874+0000][gc,phases   ] GC(252)   Post Evacuate Collection Set: 34.3ms
[2026-01-16T08:33:28.902+0000][gc,phases   ] GC(252)   Other: 22.2ms
[2026-01-16T08:33:28.916+0000][gc,heap     ] GC(252) Eden regions: 46->0(46)
[2026-01-16T08:33:28.918+0000][gc,heap     ] GC(252) Survivor regions: 5->5(7)
[2026-01-16T08:33:28.918+0000][gc,heap     ] GC(252) Old regions: 81->81
[2026-01-16T08:33:28.922+0000][gc,heap     ] GC(252) Humongous regions: 74->74
[2026-01-16T08:33:28.925+0000][gc,metaspace] GC(252) Metaspace: 11790K(12160K)->11790K(12160K) NonClass: 10731K(10880K)->10731K(10880K) Class: 1059K(1280K)->1059K(1280K)
[2026-01-16T08:33:28.936+0000][gc          ] GC(252) Pause Young (Normal) (G1 Evacuation Pause) 204M->159M(1024M) 1138.864ms
[2026-01-16T08:33:28.938+0000][gc,cpu      ] GC(252) User=0.35s Sys=0.06s Real=1.14s
[2026-01-16T08:33:33.330+0000][gc,start    ] GC(253) Pause Young (Normal) (G1 Evacuation Pause)
[2026-01-16T08:33:33.336+0000][gc,task     ] GC(253) Using 8 workers of 8 for evacuation
[2026-01-16T08:33:33.654+0000][gc,mmu      ] GC(253) MMU target violated: 201.0ms (200.0ms/201.0ms)
[2026-01-16T08:33:33.660+0000][gc,phases   ] GC(253)   Pre Evacuate Collection Set: 11.4ms
[2026-01-16T08:33:33.669+0000][gc,phases   ] GC(253)   Merge Heap Roots: 0.4ms
[2026-01-16T08:33:33.672+0000][gc,phases   ] GC(253)   Evacuate Collection Set: 245.2ms
[2026-01-16T08:33:33.675+0000][gc,phases   ] GC(253)   Post Evacuate Collection Set: 53.7ms
[2026-01-16T08:33:33.677+0000][gc,phases   ] GC(253)   Other: 14.0ms
[2026-01-16T08:33:33.677+0000][gc,heap     ] GC(253) Eden regions: 46->0(46)
[2026-01-16T08:33:33.681+0000][gc,heap     ] GC(253) Survivor regions: 5->5(7)
[2026-01-16T08:33:33.705+0000][gc,heap     ] GC(253) Old regions: 81->82
[2026-01-16T08:33:33.706+0000][gc,heap     ] GC(253) Humongous regions: 74->74
[2026-01-16T08:33:33.708+0000][gc,metaspace] GC(253) Metaspace: 11792K(12160K)->11792K(12160K) NonClass: 10732K(10880K)->10732K(10880K) Class: 1059K(1280K)->1059K(1280K)
[2026-01-16T08:33:33.728+0000][gc          ] GC(253) Pause Young (Normal) (G1 Evacuation Pause) 205M->159M(1024M) 398.131ms
[2026-01-16T08:33:33.744+0000][gc,cpu      ] GC(253) User=0.19s Sys=0.03s Real=0.42s
[2026-01-16T08:33:36.184+0000][gc,start    ] GC(254) Pause Young (Normal) (G1 Evacuation Pause)
[2026-01-16T08:33:36.186+0000][gc,task     ] GC(254) Using 8 workers of 8 for evacuation
[2026-01-16T08:33:36.632+0000][gc,mmu      ] GC(254) MMU target violated: 201.0ms (200.0ms/201.0ms)
[2026-01-16T08:33:36.638+0000][gc,phases   ] GC(254)   Pre Evacuate Collection Set: 35.0ms
[2026-01-16T08:33:36.639+0000][gc,phases   ] GC(254)   Merge Heap Roots: 3.9ms
[2026-01-16T08:33:36.639+0000][gc,phases   ] GC(254)   Evacuate Collection Set: 376.9ms
[2026-01-16T08:33:36.639+0000][gc,phases   ] GC(254)   Post Evacuate Collection Set: 19.0ms
[2026-01-16T08:33:36.639+0000][gc,phases   ] GC(254)   Other: 16.4ms
[2026-01-16T08:33:36.640+0000][gc,heap     ] GC(254) Eden regions: 46->0(46)
[2026-01-16T08:33:36.646+0000][gc,heap     ] GC(254) Survivor regions: 5->5(7)
[2026-01-16T08:33:36.646+0000][gc,heap     ] GC(254) Old regions: 82->83
[2026-01-16T08:33:36.651+0000][gc,heap     ] GC(254) Humongous regions: 74->74
[2026-01-16T08:33:36.651+0000][gc,metaspace] GC(254) Metaspace: 11798K(12160K)->11798K(12160K) NonClass: 10738K(10880K)->10738K(10880K) Class: 1059K(1280K)->1059K(1280K)
[2026-01-16T08:33:36.651+0000][gc          ] GC(254) Pause Young (Normal) (G1 Evacuation Pause) 205M->160M(1024M) 467.094ms
[2026-01-16T08:33:36.652+0000][gc,cpu      ] GC(254) User=0.21s Sys=0.01s Real=0.46s
[2026-01-16T08:33:38.440+0000][gc,start    ] GC(255) Pause Young (Normal) (G1 Evacuation Pause)
[2026-01-16T08:33:38.445+0000][gc,task     ] GC(255) Using 8 workers of 8 for evacuation
[2026-01-16T08:33:38.860+0000][gc,mmu      ] GC(255) MMU target violated: 201.0ms (200.0ms/201.0ms)
[2026-01-16T08:33:38.862+0000][gc,phases   ] GC(255)   Pre Evacuate Collection Set: 61.9ms
[2026-01-16T08:33:38.862+0000][gc,phases   ] GC(255)   Merge Heap Roots: 12.5ms
[2026-01-16T08:33:38.862+0000][gc,phases   ] GC(255)   Evacuate Collection Set: 328.8ms
[2026-01-16T08:33:38.862+0000][gc,phases   ] GC(255)   Post Evacuate Collection Set: 9.4ms
[2026-01-16T08:33:38.862+0000][gc,phases   ] GC(255)   Other: 4.2ms
[2026-01-16T08:33:38.862+0000][gc,heap     ] GC(255) Eden regions: 46->0(47)
[2026-01-16T08:33:38.862+0000][gc,heap     ] GC(255) Survivor regions: 5->4(7)
[2026-01-16T08:33:38.863+0000][gc,heap     ] GC(255) Old regions: 83->84
[2026-01-16T08:33:38.863+0000][gc,heap     ] GC(255) Humongous regions: 74->74
[2026-01-16T08:33:38.863+0000][gc,metaspace] GC(255) Metaspace: 11798K(12160K)->11798K(12160K) NonClass: 10739K(10880K)->10739K(10880K) Class: 1059K(1280K)->1059K(1280K)
[2026-01-16T08:33:38.863+0000][gc          ] GC(255) Pause Young (Normal) (G1 Evacuation Pause) 206M->160M(1024M) 423.099ms
[2026-01-16T08:33:38.863+0000][gc,cpu      ] GC(255) User=0.21s Sys=0.01s Real=0.43s
[2026-01-16T08:33:40.380+0000][gc,start    ] GC(256) Pause Young (Normal) (G1 Evacuation Pause)
[2026-01-16T08:33:40.388+0000][gc,task     ] GC(256) Using 8 workers of 8 for evacuation
[2026-01-16T08:33:41.076+0000][gc,mmu      ] GC(256) MMU target violated: 201.0ms (200.0ms/201.0ms)
[2026-01-16T08:33:41.079+0000][gc,phases   ] GC(256)   Pre Evacuate Collection Set: 42.8ms
[2026-01-16T08:33:41.087+0000][gc,phases   ] GC(256)   Merge Heap Roots: 18.4ms
[2026-01-16T08:33:41.087+0000][gc,phases   ] GC(256)   Evacuate Collection Set: 618.7ms
[2026-01-16T08:33:41.090+0000][gc,phases   ] GC(256)   Post Evacuate Collection Set: 7.3ms
[2026-01-16T08:33:41.104+0000][gc,phases   ] GC(256)   Other: 4.5ms
[2026-01-16T08:33:41.106+0000][gc,heap     ] GC(256) Eden regions: 47->0(46)
[2026-01-16T08:33:41.111+0000][gc,heap     ] GC(256) Survivor regions: 4->5(7)
[2026-01-16T08:33:41.117+0000][gc,heap     ] GC(256) Old regions: 84->84
[2026-01-16T08:33:41.123+0000][gc,heap     ] GC(256) Humongous regions: 74->74
[2026-01-16T08:33:41.126+0000][gc,metaspace] GC(256) Metaspace: 11805K(12224K)->11805K(12224K) NonClass: 10745K(10944K)->10745K(10944K) Class: 1059K(1280K)->1059K(1280K)
[2026-01-16T08:33:41.134+0000][gc          ] GC(256) Pause Young (Normal) (G1 Evacuation Pause) 207M->161M(1024M) 753.013ms
[2026-01-16T08:33:41.137+0000][gc,cpu      ] GC(256) User=0.26s Sys=0.02s Real=0.76s
[2026-01-16T08:33:42.070+0000][gc,start    ] GC(257) Pause Young (Normal) (G1 Evacuation Pause)
[2026-01-16T08:33:42.070+0000][gc,task     ] GC(257) Using 8 workers of 8 for evacuation
[2026-01-16T08:33:42.225+0000][gc,phases   ] GC(257)   Pre Evacuate Collection Set: 8.8ms
[2026-01-16T08:33:42.225+0000][gc,phases   ] GC(257)   Merge Heap Roots: 0.4ms
[2026-01-16T08:33:42.226+0000][gc,phases   ] GC(257)   Evacuate Collection Set: 140.0ms
[2026-01-16T08:33:42.226+0000][gc,phases   ] GC(257)   Post Evacuate Collection Set: 4.9ms
[2026-01-16T08:33:42.227+0000][gc,phases   ] GC(257)   Other: 0.4ms
[2026-01-16T08:33:42.227+0000][gc,heap     ] GC(257) Eden regions: 46->0(46)
[2026-01-16T08:33:42.228+0000][gc,heap     ] GC(257) Survivor regions: 5->5(7)
[2026-01-16T08:33:42.230+0000][gc,heap     ] GC(257) Old regions: 84->84
[2026-01-16T08:33:42.230+0000][gc,heap     ] GC(257) Humongous regions: 74->74
[2026-01-16T08:33:42.230+0000][gc,metaspace] GC(257) Metaspace: 11805K(12224K)->11805K(12224K) NonClass: 10745K(10944K)->10745K(10944K) Class: 1059K(1280K)->1059K(1280K)
[2026-01-16T08:33:42.230+0000][gc          ] GC(257) Pause Young (Normal) (G1 Evacuation Pause) 207M->162M(1024M) 160.204ms
[2026-01-16T08:33:42.230+0000][gc,cpu      ] GC(257) User=0.08s Sys=0.00s Real=0.16s
[2026-01-16T08:33:43.327+0000][gc,start    ] GC(258) Pause Young (Normal) (G1 Evacuation Pause)
[2026-01-16T08:33:43.328+0000][gc,task     ] GC(258) Using 8 workers of 8 for evacuation
[2026-01-16T08:33:43.467+0000][gc,phases   ] GC(258)   Pre Evacuate Collection Set: 2.3ms
[2026-01-16T08:33:43.475+0000][gc,phases   ] GC(258)   Merge Heap Roots: 0.5ms
[2026-01-16T08:33:43.475+0000][gc,phases   ] GC(258)   Evacuate Collection Set: 129.2ms
[2026-01-16T08:33:43.475+0000][gc,phases   ] GC(258)   Post Evacuate Collection Set: 5.2ms
[2026-01-16T08:33:43.476+0000][gc,phases   ] GC(258)   Other: 1.8ms
[2026-01-16T08:33:43.477+0000][gc,heap     ] GC(258) Eden regions: 46->0(47)
[2026-01-16T08:33:43.478+0000][gc,heap     ] GC(258) Survivor regions: 5->4(7)
[2026-01-16T08:33:43.478+0000][gc,heap     ] GC(258) Old regions: 84->85
[2026-01-16T08:33:43.479+0000][gc,heap     ] GC(258) Humongous regions: 74->74
[2026-01-16T08:33:43.479+0000][gc,metaspace] GC(258) Metaspace: 11806K(12224K)->11806K(12224K) NonClass: 10746K(10944K)->10746K(10944K) Class: 1059K(1280K)->1059K(1280K)
[2026-01-16T08:33:43.479+0000][gc          ] GC(258) Pause Young (Normal) (G1 Evacuation Pause) 208M->162M(1024M) 152.430ms
[2026-01-16T08:33:43.480+0000][gc,cpu      ] GC(258) User=0.09s Sys=0.01s Real=0.15s
[2026-01-16T08:33:45.083+0000][gc,start    ] GC(259) Pause Young (Normal) (G1 Evacuation Pause)
[2026-01-16T08:33:45.085+0000][gc,task     ] GC(259) Using 8 workers of 8 for evacuation
[2026-01-16T08:33:45.220+0000][gc,phases   ] GC(259)   Pre Evacuate Collection Set: 27.2ms
[2026-01-16T08:33:45.222+0000][gc,phases   ] GC(259)   Merge Heap Roots: 0.4ms
[2026-01-16T08:33:45.223+0000][gc,phases   ] GC(259)   Evacuate Collection Set: 99.7ms
[2026-01-16T08:33:45.223+0000][gc,phases   ] GC(259)   Post Evacuate Collection Set: 6.9ms
[2026-01-16T08:33:45.225+0000][gc,phases   ] GC(259)   Other: 0.8ms
[2026-01-16T08:33:45.226+0000][gc,heap     ] GC(259) Eden regions: 47->0(46)
[2026-01-16T08:33:45.226+0000][gc,heap     ] GC(259) Survivor regions: 4->5(7)
[2026-01-16T08:33:45.226+0000][gc,heap     ] GC(259) Old regions: 85->85
[2026-01-16T08:33:45.226+0000][gc,heap     ] GC(259) Humongous regions: 74->74
[2026-01-16T08:33:45.227+0000][gc,metaspace] GC(259) Metaspace: 11806K(12224K)->11806K(12224K) NonClass: 10746K(10944K)->10746K(10944K) Class: 1059K(1280K)->1059K(1280K)
[2026-01-16T08:33:45.227+0000][gc          ] GC(259) Pause Young (Normal) (G1 Evacuation Pause) 209M->163M(1024M) 144.132ms
[2026-01-16T08:33:45.227+0000][gc,cpu      ] GC(259) User=0.10s Sys=0.00s Real=0.14s
[2026-01-16T08:33:46.481+0000][gc,start    ] GC(260) Pause Young (Normal) (G1 Evacuation Pause)
[2026-01-16T08:33:46.490+0000][gc,task     ] GC(260) Using 8 workers of 8 for evacuation
[2026-01-16T08:33:46.689+0000][gc,phases   ] GC(260)   Pre Evacuate Collection Set: 38.3ms
[2026-01-16T08:33:46.701+0000][gc,phases   ] GC(260)   Merge Heap Roots: 2.6ms
[2026-01-16T08:33:46.701+0000][gc,phases   ] GC(260)   Evacuate Collection Set: 154.5ms
[2026-01-16T08:33:46.702+0000][gc,phases   ] GC(260)   Post Evacuate Collection Set: 2.3ms
[2026-01-16T08:33:46.702+0000][gc,phases   ] GC(260)   Other: 1.6ms
[2026-01-16T08:33:46.702+0000][gc,heap     ] GC(260) Eden regions: 46->0(46)
[2026-01-16T08:33:46.702+0000][gc,heap     ] GC(260) Survivor regions: 5->5(7)
[2026-01-16T08:33:46.703+0000][gc,heap     ] GC(260) Old regions: 85->86
[2026-01-16T08:33:46.703+0000][gc,heap     ] GC(260) Humongous regions: 74->74
[2026-01-16T08:33:46.703+0000][gc,metaspace] GC(260) Metaspace: 11806K(12224K)->11806K(12224K) NonClass: 10746K(10944K)->10746K(10944K) Class: 1059K(1280K)->1059K(1280K)
[2026-01-16T08:33:46.704+0000][gc          ] GC(260) Pause Young (Normal) (G1 Evacuation Pause) 209M->164M(1024M) 223.749ms
[2026-01-16T08:33:46.707+0000][gc,cpu      ] GC(260) User=0.12s Sys=0.01s Real=0.23s
[2026-01-16T08:33:47.977+0000][gc,start    ] GC(261) Pause Young (Normal) (G1 Evacuation Pause)
[2026-01-16T08:33:47.985+0000][gc,task     ] GC(261) Using 8 workers of 8 for evacuation
[2026-01-16T08:33:48.314+0000][gc,mmu      ] GC(261) MMU target violated: 201.0ms (200.0ms/201.0ms)
[2026-01-16T08:33:48.374+0000][gc,phases   ] GC(261)   Pre Evacuate Collection Set: 18.0ms
[2026-01-16T08:33:48.375+0000][gc,phases   ] GC(261)   Merge Heap Roots: 1.0ms
[2026-01-16T08:33:48.375+0000][gc,phases   ] GC(261)   Evacuate Collection Set: 199.2ms
[2026-01-16T08:33:48.379+0000][gc,phases   ] GC(261)   Post Evacuate Collection Set: 80.0ms
[2026-01-16T08:33:48.389+0000][gc,phases   ] GC(261)   Other: 92.0ms
[2026-01-16T08:33:48.389+0000][gc,heap     ] GC(261) Eden regions: 46->0(46)
[2026-01-16T08:33:48.389+0000][gc,heap     ] GC(261) Survivor regions: 5->5(7)
[2026-01-16T08:33:48.391+0000][gc,heap     ] GC(261) Old regions: 86->87
[2026-01-16T08:33:48.391+0000][gc,heap     ] GC(261) Humongous regions: 74->74
[2026-01-16T08:33:48.392+0000][gc,metaspace] GC(261) Metaspace: 11806K(12224K)->11806K(12224K) NonClass: 10746K(10944K)->10746K(10944K) Class: 1059K(1280K)->1059K(1280K)
[2026-01-16T08:33:48.393+0000][gc          ] GC(261) Pause Young (Normal) (G1 Evacuation Pause) 210M->164M(1024M) 416.287ms
[2026-01-16T08:33:48.393+0000][gc,cpu      ] GC(261) User=0.12s Sys=0.04s Real=0.42s
[2026-01-16T08:33:49.736+0000][gc,start    ] GC(262) Pause Young (Normal) (G1 Evacuation Pause)
[2026-01-16T08:33:49.738+0000][gc,task     ] GC(262) Using 8 workers of 8 for evacuation
[2026-01-16T08:33:49.961+0000][gc,mmu      ] GC(262) MMU target violated: 201.0ms (200.0ms/201.0ms)
[2026-01-16T08:33:49.962+0000][gc,phases   ] GC(262)   Pre Evacuate Collection Set: 23.1ms
[2026-01-16T08:33:49.965+0000][gc,phases   ] GC(262)   Merge Heap Roots: 6.4ms
[2026-01-16T08:33:49.965+0000][gc,phases   ] GC(262)   Evacuate Collection Set: 170.9ms
[2026-01-16T08:33:49.966+0000][gc,phases   ] GC(262)   Post Evacuate Collection Set: 17.7ms
[2026-01-16T08:33:49.966+0000][gc,phases   ] GC(262)   Other: 6.1ms
[2026-01-16T08:33:49.968+0000][gc,heap     ] GC(262) Eden regions: 46->0(46)
[2026-01-16T08:33:49.971+0000][gc,heap     ] GC(262) Survivor regions: 5->5(7)
[2026-01-16T08:33:49.972+0000][gc,heap     ] GC(262) Old regions: 87->87
[2026-01-16T08:33:49.972+0000][gc,heap     ] GC(262) Humongous regions: 74->74
[2026-01-16T08:33:49.973+0000][gc,metaspace] GC(262) Metaspace: 11814K(12224K)->11814K(12224K) NonClass: 10755K(10944K)->10755K(10944K) Class: 1059K(1280K)->1059K(1280K)
[2026-01-16T08:33:49.978+0000][gc          ] GC(262) Pause Young (Normal) (G1 Evacuation Pause) 210M->165M(1024M) 242.316ms
[2026-01-16T08:33:49.978+0000][gc,cpu      ] GC(262) User=0.11s Sys=0.02s Real=0.24s
[2026-01-16T08:33:51.232+0000][gc,start    ] GC(263) Pause Young (Normal) (G1 Evacuation Pause)
[2026-01-16T08:33:51.236+0000][gc,task     ] GC(263) Using 8 workers of 8 for evacuation
[2026-01-16T08:33:51.428+0000][gc,phases   ] GC(263)   Pre Evacuate Collection Set: 17.2ms
[2026-01-16T08:33:51.431+0000][gc,phases   ] GC(263)   Merge Heap Roots: 0.8ms
[2026-01-16T08:33:51.432+0000][gc,phases   ] GC(263)   Evacuate Collection Set: 165.1ms
[2026-01-16T08:33:51.433+0000][gc,phases   ] GC(263)   Post Evacuate Collection Set: 4.2ms
[2026-01-16T08:33:51.433+0000][gc,phases   ] GC(263)   Other: 5.1ms
[2026-01-16T08:33:51.433+0000][gc,heap     ] GC(263) Eden regions: 46->0(46)
[2026-01-16T08:33:51.434+0000][gc,heap     ] GC(263) Survivor regions: 5->5(7)
[2026-01-16T08:33:51.434+0000][gc,heap     ] GC(263) Old regions: 87->88
[2026-01-16T08:33:51.434+0000][gc,heap     ] GC(263) Humongous regions: 74->74
[2026-01-16T08:33:51.435+0000][gc,metaspace] GC(263) Metaspace: 11814K(12224K)->11814K(12224K) NonClass: 10755K(10944K)->10755K(10944K) Class: 1059K(1280K)->1059K(1280K)
[2026-01-16T08:33:51.436+0000][gc          ] GC(263) Pause Young (Normal) (G1 Evacuation Pause) 211M->165M(1024M) 203.949ms
[2026-01-16T08:33:51.437+0000][gc,cpu      ] GC(263) User=0.11s Sys=0.00s Real=0.20s
[2026-01-16T08:33:52.724+0000][gc,start    ] GC(264) Pause Young (Normal) (G1 Evacuation Pause)
[2026-01-16T08:33:52.725+0000][gc,task     ] GC(264) Using 8 workers of 8 for evacuation
[2026-01-16T08:33:52.911+0000][gc,phases   ] GC(264)   Pre Evacuate Collection Set: 6.2ms
[2026-01-16T08:33:52.918+0000][gc,phases   ] GC(264)   Merge Heap Roots: 5.1ms
[2026-01-16T08:33:52.921+0000][gc,phases   ] GC(264)   Evacuate Collection Set: 159.1ms
[2026-01-16T08:33:52.921+0000][gc,phases   ] GC(264)   Post Evacuate Collection Set: 14.9ms
[2026-01-16T08:33:52.921+0000][gc,phases   ] GC(264)   Other: 0.4ms
[2026-01-16T08:33:52.921+0000][gc,heap     ] GC(264) Eden regions: 46->0(46)
[2026-01-16T08:33:52.922+0000][gc,heap     ] GC(264) Survivor regions: 5->5(7)
[2026-01-16T08:33:52.922+0000][gc,heap     ] GC(264) Old regions: 88->89
[2026-01-16T08:33:52.922+0000][gc,heap     ] GC(264) Humongous regions: 74->74
[2026-01-16T08:33:52.922+0000][gc,metaspace] GC(264) Metaspace: 11814K(12224K)->11814K(12224K) NonClass: 10755K(10944K)->10755K(10944K) Class: 1059K(1280K)->1059K(1280K)
[2026-01-16T08:33:52.922+0000][gc          ] GC(264) Pause Young (Normal) (G1 Evacuation Pause) 211M->166M(1024M) 197.455ms
[2026-01-16T08:33:52.922+0000][gc,cpu      ] GC(264) User=0.12s Sys=0.00s Real=0.19s
[2026-01-16T08:33:54.480+0000][gc,start    ] GC(265) Pause Young (Normal) (G1 Evacuation Pause)
[2026-01-16T08:33:54.489+0000][gc,task     ] GC(265) Using 8 workers of 8 for evacuation
[2026-01-16T08:33:54.758+0000][gc,mmu      ] GC(265) MMU target violated: 201.0ms (200.0ms/201.0ms)
[2026-01-16T08:33:54.759+0000][gc,phases   ] GC(265)   Pre Evacuate Collection Set: 36.8ms
[2026-01-16T08:33:54.759+0000][gc,phases   ] GC(265)   Merge Heap Roots: 0.6ms
[2026-01-16T08:33:54.759+0000][gc,phases   ] GC(265)   Evacuate Collection Set: 202.5ms
[2026-01-16T08:33:54.760+0000][gc,phases   ] GC(265)   Post Evacuate Collection Set: 2.2ms
[2026-01-16T08:33:54.761+0000][gc,phases   ] GC(265)   Other: 28.1ms
[2026-01-16T08:33:54.761+0000][gc,heap     ] GC(265) Eden regions: 46->0(144)
[2026-01-16T08:33:54.761+0000][gc,heap     ] GC(265) Survivor regions: 5->3(7)
[2026-01-16T08:33:54.762+0000][gc,heap     ] GC(265) Old regions: 89->89
[2026-01-16T08:33:54.762+0000][gc,heap     ] GC(265) Humongous regions: 74->74
[2026-01-16T08:33:54.763+0000][gc,metaspace] GC(265) Metaspace: 11819K(12224K)->11819K(12224K) NonClass: 10760K(10944K)->10760K(10944K) Class: 1059K(1280K)->1059K(1280K)
[2026-01-16T08:33:54.763+0000][gc          ] GC(265) Pause Young (Normal) (G1 Evacuation Pause) 212M->165M(1024M) 283.613ms
[2026-01-16T08:33:54.764+0000][gc,cpu      ] GC(265) User=0.10s Sys=0.01s Real=0.29s
[2026-01-16T08:34:17.963+0000][gc,start    ] GC(266) Pause Young (Normal) (G1 Evacuation Pause)
[2026-01-16T08:34:18.004+0000][gc,task     ] GC(266) Using 8 workers of 8 for evacuation
[2026-01-16T08:34:18.988+0000][gc,mmu      ] GC(266) MMU target violated: 201.0ms (200.0ms/201.0ms)
[2026-01-16T08:34:18.996+0000][gc,phases   ] GC(266)   Pre Evacuate Collection Set: 44.9ms
[2026-01-16T08:34:18.999+0000][gc,phases   ] GC(266)   Merge Heap Roots: 1.2ms
[2026-01-16T08:34:19.004+0000][gc,phases   ] GC(266)   Evacuate Collection Set: 858.1ms
[2026-01-16T08:34:19.005+0000][gc,phases   ] GC(266)   Post Evacuate Collection Set: 74.0ms
[2026-01-16T08:34:19.006+0000][gc,phases   ] GC(266)   Other: 14.2ms
[2026-01-16T08:34:19.007+0000][gc,heap     ] GC(266) Eden regions: 152->0(47)
[2026-01-16T08:34:19.012+0000][gc,heap     ] GC(266) Survivor regions: 3->4(20)
[2026-01-16T08:34:19.012+0000][gc,heap     ] GC(266) Old regions: 89->89
[2026-01-16T08:34:19.012+0000][gc,heap     ] GC(266) Humongous regions: 74->74
[2026-01-16T08:34:19.015+0000][gc,metaspace] GC(266) Metaspace: 12037K(12480K)->12037K(12480K) NonClass: 10951K(11136K)->10951K(11136K) Class: 1086K(1344K)->1086K(1344K)
[2026-01-16T08:34:19.019+0000][gc          ] GC(266) Pause Young (Normal) (G1 Evacuation Pause) 317M->165M(1024M) 1056.295ms
[2026-01-16T08:34:19.021+0000][gc,cpu      ] GC(266) User=0.49s Sys=0.05s Real=1.06s
[2026-01-16T08:34:22.280+0000][gc,start    ] GC(267) Pause Young (Normal) (G1 Evacuation Pause)
[2026-01-16T08:34:22.285+0000][gc,task     ] GC(267) Using 8 workers of 8 for evacuation
[2026-01-16T08:34:22.768+0000][gc,mmu      ] GC(267) MMU target violated: 201.0ms (200.0ms/201.0ms)
[2026-01-16T08:34:22.770+0000][gc,phases   ] GC(267)   Pre Evacuate Collection Set: 56.4ms
[2026-01-16T08:34:22.771+0000][gc,phases   ] GC(267)   Merge Heap Roots: 4.1ms
[2026-01-16T08:34:22.772+0000][gc,phases   ] GC(267)   Evacuate Collection Set: 374.9ms
[2026-01-16T08:34:22.774+0000][gc,phases   ] GC(267)   Post Evacuate Collection Set: 44.8ms
[2026-01-16T08:34:22.777+0000][gc,phases   ] GC(267)   Other: 5.1ms
[2026-01-16T08:34:22.777+0000][gc,heap     ] GC(267) Eden regions: 47->0(47)
[2026-01-16T08:34:22.779+0000][gc,heap     ] GC(267) Survivor regions: 4->4(7)
[2026-01-16T08:34:22.780+0000][gc,heap     ] GC(267) Old regions: 89->89
[2026-01-16T08:34:22.780+0000][gc,heap     ] GC(267) Humongous regions: 74->74
[2026-01-16T08:34:22.780+0000][gc,metaspace] GC(267) Metaspace: 12062K(12544K)->12062K(12544K) NonClass: 10974K(11200K)->10974K(11200K) Class: 1088K(1344K)->1088K(1344K)
[2026-01-16T08:34:22.780+0000][gc          ] GC(267) Pause Young (Normal) (G1 Evacuation Pause) 212M->166M(1024M) 500.096ms
[2026-01-16T08:34:22.784+0000][gc,cpu      ] GC(267) User=0.20s Sys=0.01s Real=0.50s
[2026-01-16T08:34:23.642+0000][gc,start    ] GC(268) Pause Young (Normal) (G1 Evacuation Pause)
[2026-01-16T08:34:23.645+0000][gc,task     ] GC(268) Using 8 workers of 8 for evacuation
[2026-01-16T08:34:23.934+0000][gc,mmu      ] GC(268) MMU target violated: 201.0ms (200.0ms/201.0ms)
[2026-01-16T08:34:23.935+0000][gc,phases   ] GC(268)   Pre Evacuate Collection Set: 9.0ms
[2026-01-16T08:34:23.936+0000][gc,phases   ] GC(268)   Merge Heap Roots: 0.9ms
[2026-01-16T08:34:23.937+0000][gc,phases   ] GC(268)   Evacuate Collection Set: 265.3ms
[2026-01-16T08:34:23.940+0000][gc,phases   ] GC(268)   Post Evacuate Collection Set: 12.9ms
[2026-01-16T08:34:23.941+0000][gc,phases   ] GC(268)   Other: 2.5ms
[2026-01-16T08:34:23.942+0000][gc,heap     ] GC(268) Eden regions: 47->0(46)
[2026-01-16T08:34:23.945+0000][gc,heap     ] GC(268) Survivor regions: 4->5(7)
[2026-01-16T08:34:23.946+0000][gc,heap     ] GC(268) Old regions: 89->90
[2026-01-16T08:34:23.954+0000][gc,heap     ] GC(268) Humongous regions: 74->74
[2026-01-16T08:34:23.961+0000][gc,metaspace] GC(268) Metaspace: 12068K(12544K)->12068K(12544K) NonClass: 10980K(11200K)->10980K(11200K) Class: 1088K(1344K)->1088K(1344K)
[2026-01-16T08:34:23.964+0000][gc          ] GC(268) Pause Young (Normal) (G1 Evacuation Pause) 213M->167M(1024M) 321.840ms
[2026-01-16T08:34:24.008+0000][gc,cpu      ] GC(268) User=0.12s Sys=0.01s Real=0.37s
[2026-01-16T08:34:25.484+0000][gc,start    ] GC(269) Pause Young (Normal) (G1 Evacuation Pause)
[2026-01-16T08:34:25.490+0000][gc,task     ] GC(269) Using 8 workers of 8 for evacuation
[2026-01-16T08:34:25.650+0000][gc,phases   ] GC(269)   Pre Evacuate Collection Set: 36.3ms
[2026-01-16T08:34:25.651+0000][gc,phases   ] GC(269)   Merge Heap Roots: 0.4ms
[2026-01-16T08:34:25.651+0000][gc,phases   ] GC(269)   Evacuate Collection Set: 115.2ms
[2026-01-16T08:34:25.652+0000][gc,phases   ] GC(269)   Post Evacuate Collection Set: 5.2ms
[2026-01-16T08:34:25.652+0000][gc,phases   ] GC(269)   Other: 3.0ms
[2026-01-16T08:34:25.653+0000][gc,heap     ] GC(269) Eden regions: 46->0(46)
[2026-01-16T08:34:25.653+0000][gc,heap     ] GC(269) Survivor regions: 5->5(7)
[2026-01-16T08:34:25.653+0000][gc,heap     ] GC(269) Old regions: 90->90
[2026-01-16T08:34:25.654+0000][gc,heap     ] GC(269) Humongous regions: 74->74
[2026-01-16T08:34:25.654+0000][gc,metaspace] GC(269) Metaspace: 12083K(12544K)->12083K(12544K) NonClass: 10992K(11200K)->10992K(11200K) Class: 1091K(1344K)->1091K(1344K)
[2026-01-16T08:34:25.654+0000][gc          ] GC(269) Pause Young (Normal) (G1 Evacuation Pause) 213M->167M(1024M) 169.985ms
[2026-01-16T08:34:25.654+0000][gc,cpu      ] GC(269) User=0.08s Sys=0.02s Real=0.17s
[2026-01-16T08:34:26.397+0000][gc,start    ] GC(270) Pause Young (Normal) (G1 Evacuation Pause)
[2026-01-16T08:34:26.401+0000][gc,task     ] GC(270) Using 8 workers of 8 for evacuation
[2026-01-16T08:34:26.489+0000][gc,phases   ] GC(270)   Pre Evacuate Collection Set: 3.3ms
[2026-01-16T08:34:26.492+0000][gc,phases   ] GC(270)   Merge Heap Roots: 0.1ms
[2026-01-16T08:34:26.546+0000][gc,phases   ] GC(270)   Evacuate Collection Set: 80.7ms
[2026-01-16T08:34:26.564+0000][gc,phases   ] GC(270)   Post Evacuate Collection Set: 2.0ms
[2026-01-16T08:34:26.575+0000][gc,phases   ] GC(270)   Other: 2.7ms
[2026-01-16T08:34:26.576+0000][gc,heap     ] GC(270) Eden regions: 46->0(46)
[2026-01-16T08:34:26.577+0000][gc,heap     ] GC(270) Survivor regions: 5->5(7)
[2026-01-16T08:34:26.578+0000][gc,heap     ] GC(270) Old regions: 90->91
[2026-01-16T08:34:26.585+0000][gc,heap     ] GC(270) Humongous regions: 74->74
[2026-01-16T08:34:26.586+0000][gc,metaspace] GC(270) Metaspace: 12085K(12544K)->12085K(12544K) NonClass: 10994K(11200K)->10994K(11200K) Class: 1091K(1344K)->1091K(1344K)
[2026-01-16T08:34:26.593+0000][gc          ] GC(270) Pause Young (Normal) (G1 Evacuation Pause) 213M->168M(1024M) 195.400ms
[2026-01-16T08:34:26.594+0000][gc,cpu      ] GC(270) User=0.06s Sys=0.02s Real=0.19s
[2026-01-16T08:34:27.461+0000][gc,start    ] GC(271) Pause Young (Normal) (G1 Evacuation Pause)
[2026-01-16T08:34:27.462+0000][gc,task     ] GC(271) Using 8 workers of 8 for evacuation
[2026-01-16T08:34:27.790+0000][gc,mmu      ] GC(271) MMU target violated: 201.0ms (200.0ms/201.0ms)
[2026-01-16T08:34:27.795+0000][gc,phases   ] GC(271)   Pre Evacuate Collection Set: 8.8ms
[2026-01-16T08:34:27.796+0000][gc,phases   ] GC(271)   Merge Heap Roots: 0.3ms
[2026-01-16T08:34:27.797+0000][gc,phases   ] GC(271)   Evacuate Collection Set: 294.3ms
[2026-01-16T08:34:27.797+0000][gc,phases   ] GC(271)   Post Evacuate Collection Set: 19.0ms
[2026-01-16T08:34:27.797+0000][gc,phases   ] GC(271)   Other: 10.6ms
[2026-01-16T08:34:27.798+0000][gc,heap     ] GC(271) Eden regions: 46->0(48)
[2026-01-16T08:34:27.799+0000][gc,heap     ] GC(271) Survivor regions: 5->3(7)
[2026-01-16T08:34:27.799+0000][gc,heap     ] GC(271) Old regions: 91->91
[2026-01-16T08:34:27.800+0000][gc,heap     ] GC(271) Humongous regions: 74->74
[2026-01-16T08:34:27.801+0000][gc,metaspace] GC(271) Metaspace: 12096K(12544K)->12096K(12544K) NonClass: 11003K(11200K)->11003K(11200K) Class: 1093K(1344K)->1093K(1344K)
[2026-01-16T08:34:27.802+0000][gc          ] GC(271) Pause Young (Normal) (G1 Evacuation Pause) 214M->167M(1024M) 341.624ms
[2026-01-16T08:34:27.804+0000][gc,cpu      ] GC(271) User=0.08s Sys=0.04s Real=0.34s
[2026-01-16T08:34:32.413+0000][gc,start    ] GC(272) Pause Young (Normal) (G1 Evacuation Pause)
[2026-01-16T08:34:32.425+0000][gc,task     ] GC(272) Using 8 workers of 8 for evacuation
[2026-01-16T08:34:32.731+0000][gc,mmu      ] GC(272) MMU target violated: 201.0ms (200.0ms/201.0ms)
[2026-01-16T08:34:32.732+0000][gc,phases   ] GC(272)   Pre Evacuate Collection Set: 70.3ms
[2026-01-16T08:34:32.733+0000][gc,phases   ] GC(272)   Merge Heap Roots: 13.6ms
[2026-01-16T08:34:32.733+0000][gc,phases   ] GC(272)   Evacuate Collection Set: 193.9ms
[2026-01-16T08:34:32.734+0000][gc,phases   ] GC(272)   Post Evacuate Collection Set: 25.3ms
[2026-01-16T08:34:32.735+0000][gc,phases   ] GC(272)   Other: 4.8ms
[2026-01-16T08:34:32.739+0000][gc,heap     ] GC(272) Eden regions: 48->0(50)
[2026-01-16T08:34:32.744+0000][gc,heap     ] GC(272) Survivor regions: 3->1(7)
[2026-01-16T08:34:32.744+0000][gc,heap     ] GC(272) Old regions: 91->91
[2026-01-16T08:34:32.746+0000][gc,heap     ] GC(272) Humongous regions: 74->74
[2026-01-16T08:34:32.749+0000][gc,metaspace] GC(272) Metaspace: 12112K(12544K)->12112K(12544K) NonClass: 11019K(11200K)->11019K(11200K) Class: 1093K(1344K)->1093K(1344K)
[2026-01-16T08:34:32.752+0000][gc          ] GC(272) Pause Young (Normal) (G1 Evacuation Pause) 215M->165M(1024M) 337.866ms
[2026-01-16T08:34:32.754+0000][gc,cpu      ] GC(272) User=0.15s Sys=0.02s Real=0.34s
[2026-01-16T08:34:36.646+0000][gc,start    ] GC(273) Pause Young (Normal) (G1 Evacuation Pause)
[2026-01-16T08:34:36.647+0000][gc,task     ] GC(273) Using 8 workers of 8 for evacuation
[2026-01-16T08:34:36.803+0000][gc,phases   ] GC(273)   Pre Evacuate Collection Set: 10.5ms
[2026-01-16T08:34:36.806+0000][gc,phases   ] GC(273)   Merge Heap Roots: 0.8ms
[2026-01-16T08:34:36.807+0000][gc,phases   ] GC(273)   Evacuate Collection Set: 122.7ms
[2026-01-16T08:34:36.807+0000][gc,phases   ] GC(273)   Post Evacuate Collection Set: 21.9ms
[2026-01-16T08:34:36.807+0000][gc,phases   ] GC(273)   Other: 0.5ms
[2026-01-16T08:34:36.807+0000][gc,heap     ] GC(273) Eden regions: 76->0(49)
[2026-01-16T08:34:36.807+0000][gc,heap     ] GC(273) Survivor regions: 1->2(10)
[2026-01-16T08:34:36.808+0000][gc,heap     ] GC(273) Old regions: 91->91
[2026-01-16T08:34:36.808+0000][gc,heap     ] GC(273) Humongous regions: 74->74
[2026-01-16T08:34:36.808+0000][gc,metaspace] GC(273) Metaspace: 12118K(12544K)->12118K(12544K) NonClass: 11023K(11200K)->11023K(11200K) Class: 1094K(1344K)->1094K(1344K)
[2026-01-16T08:34:36.808+0000][gc          ] GC(273) Pause Young (Normal) (G1 Evacuation Pause) 241M->166M(1024M) 162.055ms
[2026-01-16T08:34:36.809+0000][gc,cpu      ] GC(273) User=0.11s Sys=0.01s Real=0.16s
[2026-01-16T08:34:42.619+0000][gc,start    ] GC(274) Pause Young (Normal) (G1 Evacuation Pause)
[2026-01-16T08:34:42.620+0000][gc,task     ] GC(274) Using 8 workers of 8 for evacuation
[2026-01-16T08:34:42.818+0000][gc,phases   ] GC(274)   Pre Evacuate Collection Set: 29.8ms
[2026-01-16T08:34:42.818+0000][gc,phases   ] GC(274)   Merge Heap Roots: 4.5ms
[2026-01-16T08:34:42.819+0000][gc,phases   ] GC(274)   Evacuate Collection Set: 122.4ms
[2026-01-16T08:34:42.820+0000][gc,phases   ] GC(274)   Post Evacuate Collection Set: 40.3ms
[2026-01-16T08:34:42.824+0000][gc,phases   ] GC(274)   Other: 0.4ms
[2026-01-16T08:34:42.824+0000][gc,heap     ] GC(274) Eden regions: 51->0(109)
[2026-01-16T08:34:42.826+0000][gc,heap     ] GC(274) Survivor regions: 2->1(7)
[2026-01-16T08:34:42.826+0000][gc,heap     ] GC(274) Old regions: 91->91
[2026-01-16T08:34:42.826+0000][gc,heap     ] GC(274) Humongous regions: 74->74
[2026-01-16T08:34:42.826+0000][gc,metaspace] GC(274) Metaspace: 12121K(12544K)->12121K(12544K) NonClass: 11026K(11200K)->11026K(11200K) Class: 1095K(1344K)->1095K(1344K)
[2026-01-16T08:34:42.826+0000][gc          ] GC(274) Pause Young (Normal) (G1 Evacuation Pause) 217M->165M(1024M) 206.909ms
[2026-01-16T08:34:42.826+0000][gc,cpu      ] GC(274) User=0.08s Sys=0.01s Real=0.21s
[2026-01-16T08:34:53.022+0000][gc,start    ] GC(275) Pause Young (Normal) (G1 Evacuation Pause)
[2026-01-16T08:34:53.028+0000][gc,task     ] GC(275) Using 8 workers of 8 for evacuation
[2026-01-16T08:34:53.300+0000][gc,mmu      ] GC(275) MMU target violated: 201.0ms (200.0ms/201.0ms)
[2026-01-16T08:34:53.300+0000][gc,phases   ] GC(275)   Pre Evacuate Collection Set: 40.2ms
[2026-01-16T08:34:53.301+0000][gc,phases   ] GC(275)   Merge Heap Roots: 3.1ms
[2026-01-16T08:34:53.301+0000][gc,phases   ] GC(275)   Evacuate Collection Set: 209.9ms
[2026-01-16T08:34:53.302+0000][gc,phases   ] GC(275)   Post Evacuate Collection Set: 16.0ms
[2026-01-16T08:34:53.303+0000][gc,phases   ] GC(275)   Other: 4.2ms
[2026-01-16T08:34:53.303+0000][gc,heap     ] GC(275) Eden regions: 105->0(71)
[2026-01-16T08:34:53.304+0000][gc,heap     ] GC(275) Survivor regions: 1->1(14)
[2026-01-16T08:34:53.305+0000][gc,heap     ] GC(275) Old regions: 91->91
[2026-01-16T08:34:53.305+0000][gc,heap     ] GC(275) Humongous regions: 74->74
[2026-01-16T08:34:53.305+0000][gc,metaspace] GC(275) Metaspace: 12121K(12544K)->12121K(12544K) NonClass: 11026K(11200K)->11026K(11200K) Class: 1095K(1344K)->1095K(1344K)
[2026-01-16T08:34:53.306+0000][gc          ] GC(275) Pause Young (Normal) (G1 Evacuation Pause) 270M->165M(1024M) 283.359ms
[2026-01-16T08:34:53.306+0000][gc,cpu      ] GC(275) User=0.18s Sys=0.01s Real=0.29s
[2026-01-16T08:34:59.019+0000][gc,start    ] GC(276) Pause Young (Normal) (G1 Evacuation Pause)
[2026-01-16T08:34:59.020+0000][gc,task     ] GC(276) Using 8 workers of 8 for evacuation
[2026-01-16T08:34:59.354+0000][gc,mmu      ] GC(276) MMU target violated: 201.0ms (200.0ms/201.0ms)
[2026-01-16T08:34:59.356+0000][gc,phases   ] GC(276)   Pre Evacuate Collection Set: 26.8ms
[2026-01-16T08:34:59.359+0000][gc,phases   ] GC(276)   Merge Heap Roots: 6.5ms
[2026-01-16T08:34:59.362+0000][gc,phases   ] GC(276)   Evacuate Collection Set: 280.4ms
[2026-01-16T08:34:59.363+0000][gc,phases   ] GC(276)   Post Evacuate Collection Set: 18.7ms
[2026-01-16T08:34:59.364+0000][gc,phases   ] GC(276)   Other: 3.5ms
[2026-01-16T08:34:59.365+0000][gc,heap     ] GC(276) Eden regions: 89->0(49)
[2026-01-16T08:34:59.365+0000][gc,heap     ] GC(276) Survivor regions: 1->2(12)
[2026-01-16T08:34:59.366+0000][gc,heap     ] GC(276) Old regions: 91->91
[2026-01-16T08:34:59.368+0000][gc,heap     ] GC(276) Humongous regions: 74->74
[2026-01-16T08:34:59.368+0000][gc,metaspace] GC(276) Metaspace: 12121K(12544K)->12121K(12544K) NonClass: 11026K(11200K)->11026K(11200K) Class: 1095K(1344K)->1095K(1344K)
[2026-01-16T08:34:59.370+0000][gc          ] GC(276) Pause Young (Normal) (G1 Evacuation Pause) 254M->166M(1024M) 351.594ms
[2026-01-16T08:34:59.371+0000][gc,cpu      ] GC(276) User=0.23s Sys=0.01s Real=0.35s
[2026-01-16T08:35:03.241+0000][gc,start    ] GC(277) Pause Young (Normal) (G1 Evacuation Pause)
[2026-01-16T08:35:03.243+0000][gc,task     ] GC(277) Using 8 workers of 8 for evacuation
[2026-01-16T08:35:03.371+0000][gc,phases   ] GC(277)   Pre Evacuate Collection Set: 11.4ms
[2026-01-16T08:35:03.372+0000][gc,phases   ] GC(277)   Merge Heap Roots: 1.8ms
[2026-01-16T08:35:03.373+0000][gc,phases   ] GC(277)   Evacuate Collection Set: 101.5ms
[2026-01-16T08:35:03.374+0000][gc,phases   ] GC(277)   Post Evacuate Collection Set: 12.5ms
[2026-01-16T08:35:03.374+0000][gc,phases   ] GC(277)   Other: 2.6ms
[2026-01-16T08:35:03.375+0000][gc,heap     ] GC(277) Eden regions: 49->0(88)
[2026-01-16T08:35:03.376+0000][gc,heap     ] GC(277) Survivor regions: 2->1(7)
[2026-01-16T08:35:03.376+0000][gc,heap     ] GC(277) Old regions: 91->91
[2026-01-16T08:35:03.376+0000][gc,heap     ] GC(277) Humongous regions: 74->74
[2026-01-16T08:35:03.376+0000][gc,metaspace] GC(277) Metaspace: 12121K(12544K)->12121K(12544K) NonClass: 11026K(11200K)->11026K(11200K) Class: 1095K(1344K)->1095K(1344K)
[2026-01-16T08:35:03.376+0000][gc          ] GC(277) Pause Young (Normal) (G1 Evacuation Pause) 215M->165M(1024M) 135.775ms
[2026-01-16T08:35:03.376+0000][gc,cpu      ] GC(277) User=0.10s Sys=0.01s Real=0.13s
[2026-01-16T08:35:13.575+0000][gc,start    ] GC(278) Pause Young (Normal) (G1 Evacuation Pause)
[2026-01-16T08:35:13.581+0000][gc,task     ] GC(278) Using 8 workers of 8 for evacuation
[2026-01-16T08:35:13.761+0000][gc,phases   ] GC(278)   Pre Evacuate Collection Set: 12.9ms
[2026-01-16T08:35:13.761+0000][gc,phases   ] GC(278)   Merge Heap Roots: 2.6ms
[2026-01-16T08:35:13.761+0000][gc,phases   ] GC(278)   Evacuate Collection Set: 142.6ms
[2026-01-16T08:35:13.762+0000][gc,phases   ] GC(278)   Post Evacuate Collection Set: 19.5ms
[2026-01-16T08:35:13.762+0000][gc,phases   ] GC(278)   Other: 2.7ms
[2026-01-16T08:35:13.762+0000][gc,heap     ] GC(278) Eden regions: 99->0(137)
[2026-01-16T08:35:13.762+0000][gc,heap     ] GC(278) Survivor regions: 1->1(13)
[2026-01-16T08:35:13.762+0000][gc,heap     ] GC(278) Old regions: 91->91
[2026-01-16T08:35:13.763+0000][gc,heap     ] GC(278) Humongous regions: 74->74
[2026-01-16T08:35:13.763+0000][gc,metaspace] GC(278) Metaspace: 12121K(12544K)->12121K(12544K) NonClass: 11026K(11200K)->11026K(11200K) Class: 1095K(1344K)->1095K(1344K)
[2026-01-16T08:35:13.764+0000][gc          ] GC(278) Pause Young (Normal) (G1 Evacuation Pause) 264M->165M(1024M) 188.175ms
[2026-01-16T08:35:13.764+0000][gc,cpu      ] GC(278) User=0.13s Sys=0.01s Real=0.19s
[2026-01-16T08:35:23.707+0000][gc,start    ] GC(279) Pause Young (Normal) (G1 Evacuation Pause)
[2026-01-16T08:35:23.709+0000][gc,task     ] GC(279) Using 8 workers of 8 for evacuation
[2026-01-16T08:35:23.988+0000][gc,mmu      ] GC(279) MMU target violated: 201.0ms (200.0ms/201.0ms)
[2026-01-16T08:35:23.998+0000][gc,phases   ] GC(279)   Pre Evacuate Collection Set: 26.1ms
[2026-01-16T08:35:24.001+0000][gc,phases   ] GC(279)   Merge Heap Roots: 4.1ms
[2026-01-16T08:35:24.012+0000][gc,phases   ] GC(279)   Evacuate Collection Set: 209.8ms
[2026-01-16T08:35:24.016+0000][gc,phases   ] GC(279)   Post Evacuate Collection Set: 38.2ms
[2026-01-16T08:35:24.039+0000][gc,phases   ] GC(279)   Other: 11.5ms
[2026-01-16T08:35:24.040+0000][gc,heap     ] GC(279) Eden regions: 114->0(85)
[2026-01-16T08:35:24.040+0000][gc,heap     ] GC(279) Survivor regions: 1->1(15)
[2026-01-16T08:35:24.040+0000][gc,heap     ] GC(279) Old regions: 91->91
[2026-01-16T08:35:24.040+0000][gc,heap     ] GC(279) Humongous regions: 74->74
[2026-01-16T08:35:24.040+0000][gc,metaspace] GC(279) Metaspace: 12150K(12608K)->12150K(12608K) NonClass: 11055K(11264K)->11055K(11264K) Class: 1095K(1344K)->1095K(1344K)
[2026-01-16T08:35:24.040+0000][gc          ] GC(279) Pause Young (Normal) (G1 Evacuation Pause) 279M->165M(1024M) 332.812ms
[2026-01-16T08:35:24.040+0000][gc,cpu      ] GC(279) User=0.13s Sys=0.01s Real=0.34s
[2026-01-16T08:35:27.060+0000][gc,start    ] GC(280) Pause Young (Normal) (G1 Evacuation Pause)
[2026-01-16T08:35:27.064+0000][gc,task     ] GC(280) Using 8 workers of 8 for evacuation
[2026-01-16T08:35:27.657+0000][gc,mmu      ] GC(280) MMU target violated: 201.0ms (200.0ms/201.0ms)
[2026-01-16T08:35:27.662+0000][gc,phases   ] GC(280)   Pre Evacuate Collection Set: 19.5ms
[2026-01-16T08:35:27.662+0000][gc,phases   ] GC(280)   Merge Heap Roots: 8.4ms
[2026-01-16T08:35:27.666+0000][gc,phases   ] GC(280)   Evacuate Collection Set: 505.4ms
[2026-01-16T08:35:27.671+0000][gc,phases   ] GC(280)   Post Evacuate Collection Set: 37.1ms
[2026-01-16T08:35:27.671+0000][gc,phases   ] GC(280)   Other: 28.2ms
[2026-01-16T08:35:27.672+0000][gc,heap     ] GC(280) Eden regions: 87->0(49)
[2026-01-16T08:35:27.672+0000][gc,heap     ] GC(280) Survivor regions: 1->2(11)
[2026-01-16T08:35:27.673+0000][gc,heap     ] GC(280) Old regions: 91->91
[2026-01-16T08:35:27.684+0000][gc,heap     ] GC(280) Humongous regions: 74->74
[2026-01-16T08:35:27.687+0000][gc,metaspace] GC(280) Metaspace: 12150K(12608K)->12150K(12608K) NonClass: 11055K(11264K)->11055K(11264K) Class: 1095K(1344K)->1095K(1344K)
[2026-01-16T08:35:27.689+0000][gc          ] GC(280) Pause Young (Normal) (G1 Evacuation Pause) 252M->166M(1024M) 628.531ms
[2026-01-16T08:35:27.691+0000][gc,cpu      ] GC(280) User=0.13s Sys=0.02s Real=0.63s
[2026-01-16T08:35:35.542+0000][gc,start    ] GC(281) Pause Young (Normal) (G1 Evacuation Pause)
[2026-01-16T08:35:35.545+0000][gc,task     ] GC(281) Using 8 workers of 8 for evacuation
[2026-01-16T08:35:35.905+0000][gc,mmu      ] GC(281) MMU target violated: 201.0ms (200.0ms/201.0ms)
[2026-01-16T08:35:35.907+0000][gc,phases   ] GC(281)   Pre Evacuate Collection Set: 61.5ms
[2026-01-16T08:35:35.907+0000][gc,phases   ] GC(281)   Merge Heap Roots: 37.8ms
[2026-01-16T08:35:35.908+0000][gc,phases   ] GC(281)   Evacuate Collection Set: 229.2ms
[2026-01-16T08:35:35.908+0000][gc,phases   ] GC(281)   Post Evacuate Collection Set: 24.8ms
[2026-01-16T08:35:35.908+0000][gc,phases   ] GC(281)   Other: 8.4ms
[2026-01-16T08:35:35.909+0000][gc,heap     ] GC(281) Eden regions: 49->0(50)
[2026-01-16T08:35:35.909+0000][gc,heap     ] GC(281) Survivor regions: 2->1(7)
[2026-01-16T08:35:35.909+0000][gc,heap     ] GC(281) Old regions: 91->91
[2026-01-16T08:35:35.909+0000][gc,heap     ] GC(281) Humongous regions: 74->74
[2026-01-16T08:35:35.909+0000][gc,metaspace] GC(281) Metaspace: 12150K(12608K)->12150K(12608K) NonClass: 11055K(11264K)->11055K(11264K) Class: 1095K(1344K)->1095K(1344K)
[2026-01-16T08:35:35.911+0000][gc          ] GC(281) Pause Young (Normal) (G1 Evacuation Pause) 215M->165M(1024M) 368.209ms
[2026-01-16T08:35:35.911+0000][gc,cpu      ] GC(281) User=0.11s Sys=0.01s Real=0.37s
[2026-01-16T08:35:38.230+0000][gc,start    ] GC(282) Pause Young (Normal) (G1 Evacuation Pause)
[2026-01-16T08:35:38.230+0000][gc,task     ] GC(282) Using 8 workers of 8 for evacuation
[2026-01-16T08:35:38.357+0000][gc,phases   ] GC(282)   Pre Evacuate Collection Set: 9.4ms
[2026-01-16T08:35:38.357+0000][gc,phases   ] GC(282)   Merge Heap Roots: 3.0ms
[2026-01-16T08:35:38.360+0000][gc,phases   ] GC(282)   Evacuate Collection Set: 108.8ms
[2026-01-16T08:35:38.361+0000][gc,phases   ] GC(282)   Post Evacuate Collection Set: 5.5ms
[2026-01-16T08:35:38.361+0000][gc,phases   ] GC(282)   Other: 0.3ms
[2026-01-16T08:35:38.361+0000][gc,heap     ] GC(282) Eden regions: 50->0(49)
[2026-01-16T08:35:38.362+0000][gc,heap     ] GC(282) Survivor regions: 1->2(7)
[2026-01-16T08:35:38.362+0000][gc,heap     ] GC(282) Old regions: 91->92
[2026-01-16T08:35:38.362+0000][gc,heap     ] GC(282) Humongous regions: 74->74
[2026-01-16T08:35:38.362+0000][gc,metaspace] GC(282) Metaspace: 12150K(12608K)->12150K(12608K) NonClass: 11055K(11264K)->11055K(11264K) Class: 1095K(1344K)->1095K(1344K)
[2026-01-16T08:35:38.363+0000][gc          ] GC(282) Pause Young (Normal) (G1 Evacuation Pause) 215M->166M(1024M) 133.654ms
[2026-01-16T08:35:38.366+0000][gc,cpu      ] GC(282) User=0.07s Sys=0.01s Real=0.14s
[2026-01-16T08:35:44.763+0000][gc,start    ] GC(283) Pause Young (Normal) (G1 Evacuation Pause)
[2026-01-16T08:35:44.775+0000][gc,task     ] GC(283) Using 8 workers of 8 for evacuation
[2026-01-16T08:35:44.911+0000][gc,phases   ] GC(283)   Pre Evacuate Collection Set: 13.5ms
[2026-01-16T08:35:44.912+0000][gc,phases   ] GC(283)   Merge Heap Roots: 1.2ms
[2026-01-16T08:35:44.913+0000][gc,phases   ] GC(283)   Evacuate Collection Set: 114.2ms
[2026-01-16T08:35:44.920+0000][gc,phases   ] GC(283)   Post Evacuate Collection Set: 5.8ms
[2026-01-16T08:35:44.940+0000][gc,phases   ] GC(283)   Other: 8.6ms
[2026-01-16T08:35:44.959+0000][gc,heap     ] GC(283) Eden regions: 49->0(50)
[2026-01-16T08:35:44.965+0000][gc,heap     ] GC(283) Survivor regions: 2->1(7)
[2026-01-16T08:35:44.966+0000][gc,heap     ] GC(283) Old regions: 92->92
[2026-01-16T08:35:44.966+0000][gc,heap     ] GC(283) Humongous regions: 74->74
[2026-01-16T08:35:44.966+0000][gc,metaspace] GC(283) Metaspace: 12150K(12608K)->12150K(12608K) NonClass: 11055K(11264K)->11055K(11264K) Class: 1095K(1344K)->1095K(1344K)
[2026-01-16T08:35:44.966+0000][gc          ] GC(283) Pause Young (Normal) (G1 Evacuation Pause) 215M->165M(1024M) 203.448ms
[2026-01-16T08:35:44.966+0000][gc,cpu      ] GC(283) User=0.10s Sys=0.01s Real=0.21s
[2026-01-16T08:35:49.388+0000][gc,start    ] GC(284) Pause Young (Normal) (G1 Evacuation Pause)
[2026-01-16T08:35:49.427+0000][gc,task     ] GC(284) Using 8 workers of 8 for evacuation
[2026-01-16T08:35:49.574+0000][gc,phases   ] GC(284)   Pre Evacuate Collection Set: 21.3ms
[2026-01-16T08:35:49.575+0000][gc,phases   ] GC(284)   Merge Heap Roots: 2.5ms
[2026-01-16T08:35:49.575+0000][gc,phases   ] GC(284)   Evacuate Collection Set: 111.8ms
[2026-01-16T08:35:49.575+0000][gc,phases   ] GC(284)   Post Evacuate Collection Set: 11.3ms
[2026-01-16T08:35:49.575+0000][gc,phases   ] GC(284)   Other: 1.3ms
[2026-01-16T08:35:49.575+0000][gc,heap     ] GC(284) Eden regions: 54->0(49)
[2026-01-16T08:35:49.575+0000][gc,heap     ] GC(284) Survivor regions: 1->2(7)
[2026-01-16T08:35:49.577+0000][gc,heap     ] GC(284) Old regions: 92->92
[2026-01-16T08:35:49.580+0000][gc,heap     ] GC(284) Humongous regions: 74->74
[2026-01-16T08:35:49.581+0000][gc,metaspace] GC(284) Metaspace: 12150K(12608K)->12150K(12608K) NonClass: 11055K(11264K)->11055K(11264K) Class: 1095K(1344K)->1095K(1344K)
[2026-01-16T08:35:49.581+0000][gc          ] GC(284) Pause Young (Normal) (G1 Evacuation Pause) 219M->166M(1024M) 193.502ms
[2026-01-16T08:35:49.582+0000][gc,cpu      ] GC(284) User=0.15s Sys=0.00s Real=0.19s
[2026-01-16T08:35:55.363+0000][gc,start    ] GC(285) Pause Young (Normal) (G1 Evacuation Pause)
[2026-01-16T08:35:55.369+0000][gc,task     ] GC(285) Using 8 workers of 8 for evacuation
[2026-01-16T08:35:55.485+0000][gc,phases   ] GC(285)   Pre Evacuate Collection Set: 30.6ms
[2026-01-16T08:35:55.485+0000][gc,phases   ] GC(285)   Merge Heap Roots: 23.4ms
[2026-01-16T08:35:55.485+0000][gc,phases   ] GC(285)   Evacuate Collection Set: 57.2ms
[2026-01-16T08:35:55.485+0000][gc,phases   ] GC(285)   Post Evacuate Collection Set: 3.9ms
[2026-01-16T08:35:55.485+0000][gc,phases   ] GC(285)   Other: 2.3ms
[2026-01-16T08:35:55.486+0000][gc,heap     ] GC(285) Eden regions: 49->0(115)
[2026-01-16T08:35:55.489+0000][gc,heap     ] GC(285) Survivor regions: 2->1(7)
[2026-01-16T08:35:55.492+0000][gc,heap     ] GC(285) Old regions: 92->92
[2026-01-16T08:35:55.492+0000][gc,heap     ] GC(285) Humongous regions: 74->74
[2026-01-16T08:35:55.493+0000][gc,metaspace] GC(285) Metaspace: 12151K(12608K)->12151K(12608K) NonClass: 11056K(11264K)->11056K(11264K) Class: 1095K(1344K)->1095K(1344K)
[2026-01-16T08:35:55.493+0000][gc          ] GC(285) Pause Young (Normal) (G1 Evacuation Pause) 215M->165M(1024M) 130.558ms
[2026-01-16T08:35:55.499+0000][gc,cpu      ] GC(285) User=0.12s Sys=0.01s Real=0.14s
[2026-01-16T08:36:03.589+0000][gc,start    ] GC(286) Pause Young (Normal) (G1 Evacuation Pause)
[2026-01-16T08:36:03.592+0000][gc,task     ] GC(286) Using 8 workers of 8 for evacuation
[2026-01-16T08:36:03.870+0000][gc,mmu      ] GC(286) MMU target violated: 201.0ms (200.0ms/201.0ms)
[2026-01-16T08:36:03.871+0000][gc,phases   ] GC(286)   Pre Evacuate Collection Set: 33.4ms
[2026-01-16T08:36:03.871+0000][gc,phases   ] GC(286)   Merge Heap Roots: 5.2ms
[2026-01-16T08:36:03.873+0000][gc,phases   ] GC(286)   Evacuate Collection Set: 217.8ms
[2026-01-16T08:36:03.874+0000][gc,phases   ] GC(286)   Post Evacuate Collection Set: 17.7ms
[2026-01-16T08:36:03.874+0000][gc,phases   ] GC(286)   Other: 5.1ms
[2026-01-16T08:36:03.874+0000][gc,heap     ] GC(286) Eden regions: 108->0(54)
[2026-01-16T08:36:03.874+0000][gc,heap     ] GC(286) Survivor regions: 1->2(14)
[2026-01-16T08:36:03.875+0000][gc,heap     ] GC(286) Old regions: 92->92
[2026-01-16T08:36:03.875+0000][gc,heap     ] GC(286) Humongous regions: 74->74
[2026-01-16T08:36:03.875+0000][gc,metaspace] GC(286) Metaspace: 12151K(12608K)->12151K(12608K) NonClass: 11056K(11264K)->11056K(11264K) Class: 1095K(1344K)->1095K(1344K)
[2026-01-16T08:36:03.875+0000][gc          ] GC(286) Pause Young (Normal) (G1 Evacuation Pause) 273M->166M(1024M) 286.424ms
[2026-01-16T08:36:03.876+0000][gc,cpu      ] GC(286) User=0.16s Sys=0.00s Real=0.28s
[2026-01-16T08:36:07.199+0000][gc,start    ] GC(287) Pause Young (Normal) (G1 Evacuation Pause)
[2026-01-16T08:36:07.203+0000][gc,task     ] GC(287) Using 8 workers of 8 for evacuation
[2026-01-16T08:36:07.386+0000][gc,phases   ] GC(287)   Pre Evacuate Collection Set: 28.5ms
[2026-01-16T08:36:07.388+0000][gc,phases   ] GC(287)   Merge Heap Roots: 5.2ms
[2026-01-16T08:36:07.390+0000][gc,phases   ] GC(287)   Evacuate Collection Set: 129.6ms
[2026-01-16T08:36:07.391+0000][gc,phases   ] GC(287)   Post Evacuate Collection Set: 19.1ms
[2026-01-16T08:36:07.391+0000][gc,phases   ] GC(287)   Other: 1.2ms
[2026-01-16T08:36:07.398+0000][gc,heap     ] GC(287) Eden regions: 58->0(79)
[2026-01-16T08:36:07.398+0000][gc,heap     ] GC(287) Survivor regions: 2->2(8)
[2026-01-16T08:36:07.398+0000][gc,heap     ] GC(287) Old regions: 92->92
[2026-01-16T08:36:07.399+0000][gc,heap     ] GC(287) Humongous regions: 74->74
[2026-01-16T08:36:07.400+0000][gc,metaspace] GC(287) Metaspace: 12152K(12608K)->12152K(12608K) NonClass: 11057K(11264K)->11057K(11264K) Class: 1095K(1344K)->1095K(1344K)
[2026-01-16T08:36:07.401+0000][gc          ] GC(287) Pause Young (Normal) (G1 Evacuation Pause) 224M->166M(1024M) 201.708ms
[2026-01-16T08:36:07.402+0000][gc,cpu      ] GC(287) User=0.09s Sys=0.04s Real=0.20s
[2026-01-16T08:36:21.428+0000][gc,start    ] GC(288) Pause Young (Normal) (G1 Evacuation Pause)
[2026-01-16T08:36:21.435+0000][gc,task     ] GC(288) Using 8 workers of 8 for evacuation
[2026-01-16T08:36:22.001+0000][gc,mmu      ] GC(288) MMU target violated: 201.0ms (200.0ms/201.0ms)
[2026-01-16T08:36:22.005+0000][gc,phases   ] GC(288)   Pre Evacuate Collection Set: 19.6ms
[2026-01-16T08:36:22.010+0000][gc,phases   ] GC(288)   Merge Heap Roots: 6.4ms
[2026-01-16T08:36:22.012+0000][gc,phases   ] GC(288)   Evacuate Collection Set: 493.5ms
[2026-01-16T08:36:22.014+0000][gc,phases   ] GC(288)   Post Evacuate Collection Set: 44.3ms
[2026-01-16T08:36:22.014+0000][gc,phases   ] GC(288)   Other: 6.1ms
[2026-01-16T08:36:22.015+0000][gc,heap     ] GC(288) Eden regions: 82->0(50)
[2026-01-16T08:36:22.015+0000][gc,heap     ] GC(288) Survivor regions: 2->1(11)
[2026-01-16T08:36:22.016+0000][gc,heap     ] GC(288) Old regions: 92->92
[2026-01-16T08:36:22.017+0000][gc,heap     ] GC(288) Humongous regions: 74->74
[2026-01-16T08:36:22.018+0000][gc,metaspace] GC(288) Metaspace: 12152K(12608K)->12152K(12608K) NonClass: 11057K(11264K)->11057K(11264K) Class: 1095K(1344K)->1095K(1344K)
[2026-01-16T08:36:22.018+0000][gc          ] GC(288) Pause Young (Normal) (G1 Evacuation Pause) 248M->165M(1024M) 590.437ms
[2026-01-16T08:36:22.019+0000][gc,cpu      ] GC(288) User=0.25s Sys=0.02s Real=0.59s
[2026-01-16T08:36:25.916+0000][gc,start    ] GC(289) Pause Young (Normal) (G1 Evacuation Pause)
[2026-01-16T08:36:25.922+0000][gc,task     ] GC(289) Using 8 workers of 8 for evacuation
[2026-01-16T08:36:26.352+0000][gc,mmu      ] GC(289) MMU target violated: 201.0ms (200.0ms/201.0ms)
[2026-01-16T08:36:26.353+0000][gc,phases   ] GC(289)   Pre Evacuate Collection Set: 34.6ms
[2026-01-16T08:36:26.355+0000][gc,phases   ] GC(289)   Merge Heap Roots: 1.9ms
[2026-01-16T08:36:26.355+0000][gc,phases   ] GC(289)   Evacuate Collection Set: 355.7ms
[2026-01-16T08:36:26.356+0000][gc,phases   ] GC(289)   Post Evacuate Collection Set: 26.6ms
[2026-01-16T08:36:26.356+0000][gc,phases   ] GC(289)   Other: 12.9ms
[2026-01-16T08:36:26.356+0000][gc,heap     ] GC(289) Eden regions: 50->0(49)
[2026-01-16T08:36:26.356+0000][gc,heap     ] GC(289) Survivor regions: 1->2(7)
[2026-01-16T08:36:26.356+0000][gc,heap     ] GC(289) Old regions: 92->92
[2026-01-16T08:36:26.356+0000][gc,heap     ] GC(289) Humongous regions: 74->74
[2026-01-16T08:36:26.357+0000][gc,metaspace] GC(289) Metaspace: 12152K(12608K)->12152K(12608K) NonClass: 11057K(11264K)->11057K(11264K) Class: 1095K(1344K)->1095K(1344K)
[2026-01-16T08:36:26.357+0000][gc          ] GC(289) Pause Young (Normal) (G1 Evacuation Pause) 215M->166M(1024M) 440.928ms
[2026-01-16T08:36:26.357+0000][gc,cpu      ] GC(289) User=0.28s Sys=0.02s Real=0.44s
[2026-01-16T08:36:32.414+0000][gc,start    ] GC(290) Pause Young (Normal) (G1 Evacuation Pause)
[2026-01-16T08:36:32.426+0000][gc,task     ] GC(290) Using 8 workers of 8 for evacuation
[2026-01-16T08:36:33.261+0000][gc,mmu      ] GC(290) MMU target violated: 201.0ms (200.0ms/201.0ms)
[2026-01-16T08:36:33.266+0000][gc,phases   ] GC(290)   Pre Evacuate Collection Set: 32.5ms
[2026-01-16T08:36:33.266+0000][gc,phases   ] GC(290)   Merge Heap Roots: 8.9ms
[2026-01-16T08:36:33.267+0000][gc,phases   ] GC(290)   Evacuate Collection Set: 685.7ms
[2026-01-16T08:36:33.267+0000][gc,phases   ] GC(290)   Post Evacuate Collection Set: 87.9ms
[2026-01-16T08:36:33.267+0000][gc,phases   ] GC(290)   Other: 31.0ms
[2026-01-16T08:36:33.268+0000][gc,heap     ] GC(290) Eden regions: 49->0(48)
[2026-01-16T08:36:33.268+0000][gc,heap     ] GC(290) Survivor regions: 2->3(7)
[2026-01-16T08:36:33.268+0000][gc,heap     ] GC(290) Old regions: 92->92
[2026-01-16T08:36:33.269+0000][gc,heap     ] GC(290) Humongous regions: 74->74
[2026-01-16T08:36:33.269+0000][gc,metaspace] GC(290) Metaspace: 12152K(12608K)->12152K(12608K) NonClass: 11057K(11264K)->11057K(11264K) Class: 1095K(1344K)->1095K(1344K)
[2026-01-16T08:36:33.270+0000][gc          ] GC(290) Pause Young (Normal) (G1 Evacuation Pause) 215M->167M(1024M) 858.238ms
[2026-01-16T08:36:33.270+0000][gc,cpu      ] GC(290) User=0.38s Sys=0.04s Real=0.86s
[2026-01-16T08:36:37.286+0000][gc,start    ] GC(291) Pause Young (Normal) (G1 Evacuation Pause)
[2026-01-16T08:36:37.298+0000][gc,task     ] GC(291) Using 8 workers of 8 for evacuation
[2026-01-16T08:36:37.886+0000][gc,mmu      ] GC(291) MMU target violated: 201.0ms (200.0ms/201.0ms)
[2026-01-16T08:36:37.890+0000][gc,phases   ] GC(291)   Pre Evacuate Collection Set: 123.9ms
[2026-01-16T08:36:37.890+0000][gc,phases   ] GC(291)   Merge Heap Roots: 8.9ms
[2026-01-16T08:36:37.891+0000][gc,phases   ] GC(291)   Evacuate Collection Set: 420.0ms
[2026-01-16T08:36:37.891+0000][gc,phases   ] GC(291)   Post Evacuate Collection Set: 15.8ms
[2026-01-16T08:36:37.891+0000][gc,phases   ] GC(291)   Other: 22.8ms
[2026-01-16T08:36:37.892+0000][gc,heap     ] GC(291) Eden regions: 48->0(48)
[2026-01-16T08:36:37.893+0000][gc,heap     ] GC(291) Survivor regions: 3->3(7)
[2026-01-16T08:36:37.897+0000][gc,heap     ] GC(291) Old regions: 92->92
[2026-01-16T08:36:37.900+0000][gc,heap     ] GC(291) Humongous regions: 74->74
[2026-01-16T08:36:37.900+0000][gc,metaspace] GC(291) Metaspace: 12154K(12608K)->12154K(12608K) NonClass: 11059K(11264K)->11059K(11264K) Class: 1095K(1344K)->1095K(1344K)
[2026-01-16T08:36:37.901+0000][gc          ] GC(291) Pause Young (Normal) (G1 Evacuation Pause) 215M->167M(1024M) 614.920ms
[2026-01-16T08:36:37.905+0000][gc,cpu      ] GC(291) User=0.30s Sys=0.02s Real=0.63s
[2026-01-16T08:36:42.355+0000][gc,start    ] GC(292) Pause Young (Normal) (G1 Evacuation Pause)
[2026-01-16T08:36:42.360+0000][gc,task     ] GC(292) Using 8 workers of 8 for evacuation
[2026-01-16T08:36:42.962+0000][gc,mmu      ] GC(292) MMU target violated: 201.0ms (200.0ms/201.0ms)
[2026-01-16T08:36:42.964+0000][gc,phases   ] GC(292)   Pre Evacuate Collection Set: 53.3ms
[2026-01-16T08:36:42.964+0000][gc,phases   ] GC(292)   Merge Heap Roots: 3.1ms
[2026-01-16T08:36:42.965+0000][gc,phases   ] GC(292)   Evacuate Collection Set: 510.0ms
[2026-01-16T08:36:42.965+0000][gc,phases   ] GC(292)   Post Evacuate Collection Set: 32.2ms
[2026-01-16T08:36:42.966+0000][gc,phases   ] GC(292)   Other: 5.2ms
[2026-01-16T08:36:42.967+0000][gc,heap     ] GC(292) Eden regions: 48->0(49)
[2026-01-16T08:36:42.967+0000][gc,heap     ] GC(292) Survivor regions: 3->2(7)
[2026-01-16T08:36:42.968+0000][gc,heap     ] GC(292) Old regions: 92->92
[2026-01-16T08:36:42.969+0000][gc,heap     ] GC(292) Humongous regions: 74->74
[2026-01-16T08:36:42.969+0000][gc,metaspace] GC(292) Metaspace: 12159K(12608K)->12159K(12608K) NonClass: 11064K(11264K)->11064K(11264K) Class: 1095K(1344K)->1095K(1344K)
[2026-01-16T08:36:42.972+0000][gc          ] GC(292) Pause Young (Normal) (G1 Evacuation Pause) 215M->167M(1024M) 617.040ms
[2026-01-16T08:36:42.974+0000][gc,cpu      ] GC(292) User=0.25s Sys=0.01s Real=0.63s
[2026-01-16T08:36:45.671+0000][gc,start    ] GC(293) Pause Young (Normal) (G1 Evacuation Pause)
[2026-01-16T08:36:45.735+0000][gc,task     ] GC(293) Using 8 workers of 8 for evacuation
[2026-01-16T08:36:46.000+0000][gc,mmu      ] GC(293) MMU target violated: 201.0ms (200.0ms/201.0ms)
[2026-01-16T08:36:46.003+0000][gc,phases   ] GC(293)   Pre Evacuate Collection Set: 45.5ms
[2026-01-16T08:36:46.004+0000][gc,phases   ] GC(293)   Merge Heap Roots: 7.4ms
[2026-01-16T08:36:46.004+0000][gc,phases   ] GC(293)   Evacuate Collection Set: 186.1ms
[2026-01-16T08:36:46.005+0000][gc,phases   ] GC(293)   Post Evacuate Collection Set: 15.0ms
[2026-01-16T08:36:46.005+0000][gc,phases   ] GC(293)   Other: 20.7ms
[2026-01-16T08:36:46.005+0000][gc,heap     ] GC(293) Eden regions: 49->0(49)
[2026-01-16T08:36:46.005+0000][gc,heap     ] GC(293) Survivor regions: 2->2(7)
[2026-01-16T08:36:46.005+0000][gc,heap     ] GC(293) Old regions: 92->92
[2026-01-16T08:36:46.005+0000][gc,heap     ] GC(293) Humongous regions: 74->74
[2026-01-16T08:36:46.005+0000][gc,metaspace] GC(293) Metaspace: 12159K(12608K)->12159K(12608K) NonClass: 11064K(11264K)->11064K(11264K) Class: 1095K(1344K)->1095K(1344K)
[2026-01-16T08:36:46.010+0000][gc          ] GC(293) Pause Young (Normal) (G1 Evacuation Pause) 216M->166M(1024M) 341.403ms
[2026-01-16T08:36:46.010+0000][gc,cpu      ] GC(293) User=0.13s Sys=0.01s Real=0.34s
[2026-01-16T08:36:50.252+0000][gc,start    ] GC(294) Pause Young (Normal) (G1 Evacuation Pause)
[2026-01-16T08:36:50.265+0000][gc,task     ] GC(294) Using 8 workers of 8 for evacuation
[2026-01-16T08:36:52.021+0000][gc,mmu      ] GC(294) MMU target violated: 201.0ms (200.0ms/201.0ms)
[2026-01-16T08:36:52.037+0000][gc,phases   ] GC(294)   Pre Evacuate Collection Set: 44.3ms
[2026-01-16T08:36:52.038+0000][gc,phases   ] GC(294)   Merge Heap Roots: 6.2ms
[2026-01-16T08:36:52.040+0000][gc,phases   ] GC(294)   Evacuate Collection Set: 1502.2ms
[2026-01-16T08:36:52.041+0000][gc,phases   ] GC(294)   Post Evacuate Collection Set: 172.2ms
[2026-01-16T08:36:52.042+0000][gc,phases   ] GC(294)   Other: 41.0ms
[2026-01-16T08:36:52.043+0000][gc,heap     ] GC(294) Eden regions: 49->0(49)
[2026-01-16T08:36:52.044+0000][gc,heap     ] GC(294) Survivor regions: 2->2(7)
[2026-01-16T08:36:52.045+0000][gc,heap     ] GC(294) Old regions: 92->92
[2026-01-16T08:36:52.046+0000][gc,heap     ] GC(294) Humongous regions: 74->74
[2026-01-16T08:36:52.046+0000][gc,metaspace] GC(294) Metaspace: 12159K(12608K)->12159K(12608K) NonClass: 11064K(11264K)->11064K(11264K) Class: 1095K(1344K)->1095K(1344K)
[2026-01-16T08:36:52.052+0000][gc          ] GC(294) Pause Young (Normal) (G1 Evacuation Pause) 215M->166M(1024M) 1799.915ms
[2026-01-16T08:36:52.052+0000][gc,cpu      ] GC(294) User=0.64s Sys=0.12s Real=1.80s
[2026-01-16T08:37:06.139+0000][gc,start    ] GC(295) Pause Young (Normal) (G1 Evacuation Pause)
[2026-01-16T08:37:06.141+0000][gc,task     ] GC(295) Using 8 workers of 8 for evacuation
[2026-01-16T08:37:06.861+0000][gc,mmu      ] GC(295) MMU target violated: 201.0ms (200.0ms/201.0ms)
[2026-01-16T08:37:06.869+0000][gc,phases   ] GC(295)   Pre Evacuate Collection Set: 49.2ms
[2026-01-16T08:37:06.875+0000][gc,phases   ] GC(295)   Merge Heap Roots: 2.5ms
[2026-01-16T08:37:06.876+0000][gc,phases   ] GC(295)   Evacuate Collection Set: 521.8ms
[2026-01-16T08:37:06.876+0000][gc,phases   ] GC(295)   Post Evacuate Collection Set: 142.6ms
[2026-01-16T08:37:06.880+0000][gc,phases   ] GC(295)   Other: 12.8ms
[2026-01-16T08:37:06.881+0000][gc,heap     ] GC(295) Eden regions: 49->0(48)
[2026-01-16T08:37:06.883+0000][gc,heap     ] GC(295) Survivor regions: 2->3(7)
[2026-01-16T08:37:06.885+0000][gc,heap     ] GC(295) Old regions: 92->92
[2026-01-16T08:37:06.886+0000][gc,heap     ] GC(295) Humongous regions: 83->83
[2026-01-16T08:37:06.889+0000][gc,metaspace] GC(295) Metaspace: 12159K(12608K)->12159K(12608K) NonClass: 11064K(11264K)->11064K(11264K) Class: 1095K(1344K)->1095K(1344K)
[2026-01-16T08:37:06.897+0000][gc          ] GC(295) Pause Young (Normal) (G1 Evacuation Pause) 224M->176M(1024M) 757.869ms
[2026-01-16T08:37:06.917+0000][gc,cpu      ] GC(295) User=0.54s Sys=0.06s Real=0.76s
[2026-01-16T08:37:14.534+0000][gc,start    ] GC(296) Pause Young (Normal) (G1 Evacuation Pause)
[2026-01-16T08:37:14.565+0000][gc,task     ] GC(296) Using 8 workers of 8 for evacuation
[2026-01-16T08:37:18.342+0000][gc,mmu      ] GC(296) MMU target violated: 201.0ms (200.0ms/201.0ms)
[2026-01-16T08:37:18.346+0000][gc,phases   ] GC(296)   Pre Evacuate Collection Set: 112.1ms
[2026-01-16T08:37:18.348+0000][gc,phases   ] GC(296)   Merge Heap Roots: 20.4ms
[2026-01-16T08:37:18.350+0000][gc,phases   ] GC(296)   Evacuate Collection Set: 3269.9ms
[2026-01-16T08:37:18.352+0000][gc,phases   ] GC(296)   Post Evacuate Collection Set: 367.4ms
[2026-01-16T08:37:18.353+0000][gc,phases   ] GC(296)   Other: 11.7ms
[2026-01-16T08:37:18.354+0000][gc,heap     ] GC(296) Eden regions: 48->0(47)
[2026-01-16T08:37:18.358+0000][gc,heap     ] GC(296) Survivor regions: 3->4(7)
[2026-01-16T08:37:18.359+0000][gc,heap     ] GC(296) Old regions: 92->92
[2026-01-16T08:37:18.363+0000][gc,heap     ] GC(296) Humongous regions: 83->74
[2026-01-16T08:37:18.363+0000][gc,metaspace] GC(296) Metaspace: 12161K(12608K)->12161K(12608K) NonClass: 11066K(11264K)->11066K(11264K) Class: 1095K(1344K)->1095K(1344K)
[2026-01-16T08:37:18.376+0000][gc          ] GC(296) Pause Young (Normal) (G1 Evacuation Pause) 224M->168M(1024M) 3841.677ms
[2026-01-16T08:37:18.398+0000][gc,cpu      ] GC(296) User=1.08s Sys=0.14s Real=3.86s
[2026-01-16T08:37:28.007+0000][gc,start    ] GC(297) Pause Young (Normal) (G1 Evacuation Pause)
[2026-01-16T08:37:28.043+0000][gc,task     ] GC(297) Using 8 workers of 8 for evacuation
[2026-01-16T08:37:32.573+0000][gc,mmu      ] GC(297) MMU target violated: 201.0ms (200.0ms/201.0ms)
[2026-01-16T08:37:32.577+0000][gc,phases   ] GC(297)   Pre Evacuate Collection Set: 119.7ms
[2026-01-16T08:37:32.587+0000][gc,phases   ] GC(297)   Merge Heap Roots: 43.1ms
[2026-01-16T08:37:32.588+0000][gc,phases   ] GC(297)   Evacuate Collection Set: 3485.7ms
[2026-01-16T08:37:32.589+0000][gc,phases   ] GC(297)   Post Evacuate Collection Set: 872.5ms
[2026-01-16T08:37:32.591+0000][gc,phases   ] GC(297)   Other: 19.3ms
[2026-01-16T08:37:32.592+0000][gc,heap     ] GC(297) Eden regions: 47->0(47)
[2026-01-16T08:37:32.592+0000][gc,heap     ] GC(297) Survivor regions: 4->4(7)
[2026-01-16T08:37:32.592+0000][gc,heap     ] GC(297) Old regions: 92->92
[2026-01-16T08:37:32.592+0000][gc,heap     ] GC(297) Humongous regions: 83->74
[2026-01-16T08:37:32.599+0000][gc,metaspace] GC(297) Metaspace: 12165K(12608K)->12165K(12608K) NonClass: 11070K(11264K)->11070K(11264K) Class: 1095K(1344K)->1095K(1344K)
[2026-01-16T08:37:32.603+0000][gc          ] GC(297) Pause Young (Normal) (G1 Evacuation Pause) 224M->169M(1024M) 4595.689ms
[2026-01-16T08:37:32.605+0000][gc,cpu      ] GC(297) User=1.45s Sys=0.19s Real=4.61s
[2026-01-16T08:37:40.363+0000][gc,start    ] GC(298) Pause Young (Normal) (GCLocker Initiated GC)
[2026-01-16T08:37:40.412+0000][gc,task     ] GC(298) Using 8 workers of 8 for evacuation
[2026-01-16T08:37:40.961+0000][gc,mmu      ] GC(298) MMU target violated: 201.0ms (200.0ms/201.0ms)
[2026-01-16T08:37:40.962+0000][gc,phases   ] GC(298)   Pre Evacuate Collection Set: 110.1ms
[2026-01-16T08:37:40.962+0000][gc,phases   ] GC(298)   Merge Heap Roots: 16.2ms
[2026-01-16T08:37:40.964+0000][gc,phases   ] GC(298)   Evacuate Collection Set: 383.6ms
[2026-01-16T08:37:40.964+0000][gc,phases   ] GC(298)   Post Evacuate Collection Set: 22.4ms
[2026-01-16T08:37:40.965+0000][gc,phases   ] GC(298)   Other: 17.9ms
[2026-01-16T08:37:40.965+0000][gc,heap     ] GC(298) Eden regions: 49->0(48)
[2026-01-16T08:37:40.965+0000][gc,heap     ] GC(298) Survivor regions: 4->3(7)
[2026-01-16T08:37:40.966+0000][gc,heap     ] GC(298) Old regions: 92->92
[2026-01-16T08:37:40.966+0000][gc,heap     ] GC(298) Humongous regions: 74->74
[2026-01-16T08:37:40.967+0000][gc,metaspace] GC(298) Metaspace: 12168K(12608K)->12168K(12608K) NonClass: 11073K(11264K)->11073K(11264K) Class: 1095K(1344K)->1095K(1344K)
[2026-01-16T08:37:40.968+0000][gc          ] GC(298) Pause Young (Normal) (GCLocker Initiated GC) 217M->168M(1024M) 604.535ms
[2026-01-16T08:37:40.969+0000][gc,cpu      ] GC(298) User=0.39s Sys=0.05s Real=0.61s
[2026-01-16T08:37:47.315+0000][gc,start    ] GC(299) Pause Young (Normal) (G1 Evacuation Pause)
[2026-01-16T08:37:47.322+0000][gc,task     ] GC(299) Using 8 workers of 8 for evacuation
[2026-01-16T08:37:49.428+0000][gc,mmu      ] GC(299) MMU target violated: 201.0ms (200.0ms/201.0ms)
[2026-01-16T08:37:49.433+0000][gc,phases   ] GC(299)   Pre Evacuate Collection Set: 58.8ms
[2026-01-16T08:37:49.438+0000][gc,phases   ] GC(299)   Merge Heap Roots: 9.6ms
[2026-01-16T08:37:49.438+0000][gc,phases   ] GC(299)   Evacuate Collection Set: 1882.3ms
[2026-01-16T08:37:49.439+0000][gc,phases   ] GC(299)   Post Evacuate Collection Set: 154.2ms
[2026-01-16T08:37:49.440+0000][gc,phases   ] GC(299)   Other: 6.4ms
[2026-01-16T08:37:49.442+0000][gc,heap     ] GC(299) Eden regions: 48->0(47)
[2026-01-16T08:37:49.443+0000][gc,heap     ] GC(299) Survivor regions: 3->4(7)
[2026-01-16T08:37:49.443+0000][gc,heap     ] GC(299) Old regions: 92->92
[2026-01-16T08:37:49.443+0000][gc,heap     ] GC(299) Humongous regions: 83->83
[2026-01-16T08:37:49.446+0000][gc,metaspace] GC(299) Metaspace: 12172K(12608K)->12172K(12608K) NonClass: 11077K(11264K)->11077K(11264K) Class: 1095K(1344K)->1095K(1344K)
[2026-01-16T08:37:49.446+0000][gc          ] GC(299) Pause Young (Normal) (G1 Evacuation Pause) 225M->178M(1024M) 2131.072ms
[2026-01-16T08:37:49.452+0000][gc,cpu      ] GC(299) User=0.78s Sys=0.16s Real=2.14s
[2026-01-16T08:37:56.503+0000][gc,start    ] GC(300) Pause Young (Normal) (G1 Evacuation Pause)
[2026-01-16T08:37:56.509+0000][gc,task     ] GC(300) Using 8 workers of 8 for evacuation
[2026-01-16T08:37:57.136+0000][gc,mmu      ] GC(300) MMU target violated: 201.0ms (200.0ms/201.0ms)
[2026-01-16T08:37:57.140+0000][gc,phases   ] GC(300)   Pre Evacuate Collection Set: 29.3ms
[2026-01-16T08:37:57.142+0000][gc,phases   ] GC(300)   Merge Heap Roots: 8.1ms
[2026-01-16T08:37:57.143+0000][gc,phases   ] GC(300)   Evacuate Collection Set: 558.4ms
[2026-01-16T08:37:57.143+0000][gc,phases   ] GC(300)   Post Evacuate Collection Set: 23.3ms
[2026-01-16T08:37:57.222+0000][gc,phases   ] GC(300)   Other: 15.8ms
[2026-01-16T08:37:57.223+0000][gc,heap     ] GC(300) Eden regions: 47->0(46)
[2026-01-16T08:37:57.223+0000][gc,heap     ] GC(300) Survivor regions: 4->5(7)
[2026-01-16T08:37:57.224+0000][gc,heap     ] GC(300) Old regions: 92->92
[2026-01-16T08:37:57.225+0000][gc,heap     ] GC(300) Humongous regions: 83->74
[2026-01-16T08:37:57.227+0000][gc,metaspace] GC(300) Metaspace: 12172K(12608K)->12172K(12608K) NonClass: 11077K(11264K)->11077K(11264K) Class: 1095K(1344K)->1095K(1344K)
[2026-01-16T08:37:57.231+0000][gc          ] GC(300) Pause Young (Normal) (G1 Evacuation Pause) 225M->169M(1024M) 727.765ms
[2026-01-16T08:37:57.234+0000][gc,cpu      ] GC(300) User=0.46s Sys=0.05s Real=0.73s
[2026-01-16T08:38:01.771+0000][gc,start    ] GC(301) Pause Young (Normal) (G1 Evacuation Pause)
[2026-01-16T08:38:01.786+0000][gc,task     ] GC(301) Using 8 workers of 8 for evacuation
[2026-01-16T08:38:05.442+0000][gc,mmu      ] GC(301) MMU target violated: 201.0ms (200.0ms/201.0ms)
[2026-01-16T08:38:05.473+0000][gc,phases   ] GC(301)   Pre Evacuate Collection Set: 115.8ms
[2026-01-16T08:38:05.474+0000][gc,phases   ] GC(301)   Merge Heap Roots: 2363.3ms
[2026-01-16T08:38:05.527+0000][gc,phases   ] GC(301)   Evacuate Collection Set: 1077.5ms
[2026-01-16T08:38:05.527+0000][gc,phases   ] GC(301)   Post Evacuate Collection Set: 83.4ms
[2026-01-16T08:38:05.533+0000][gc,phases   ] GC(301)   Other: 45.5ms
[2026-01-16T08:38:05.540+0000][gc,heap     ] GC(301) Eden regions: 46->0(46)
[2026-01-16T08:38:05.540+0000][gc,heap     ] GC(301) Survivor regions: 5->5(7)
[2026-01-16T08:38:05.541+0000][gc,heap     ] GC(301) Old regions: 92->92
[2026-01-16T08:38:05.543+0000][gc,heap     ] GC(301) Humongous regions: 74->74
[2026-01-16T08:38:05.544+0000][gc,metaspace] GC(301) Metaspace: 12173K(12608K)->12173K(12608K) NonClass: 11078K(11264K)->11078K(11264K) Class: 1095K(1344K)->1095K(1344K)
[2026-01-16T08:38:05.547+0000][gc          ] GC(301) Pause Young (Normal) (G1 Evacuation Pause) 215M->170M(1024M) 3774.714ms
[2026-01-16T08:38:05.554+0000][gc,cpu      ] GC(301) User=0.85s Sys=0.16s Real=3.78s
[2026-01-16T08:38:08.906+0000][gc,start    ] GC(302) Pause Young (Normal) (G1 Evacuation Pause)
[2026-01-16T08:38:08.917+0000][gc,task     ] GC(302) Using 8 workers of 8 for evacuation
[2026-01-16T08:38:10.125+0000][gc,mmu      ] GC(302) MMU target violated: 201.0ms (200.0ms/201.0ms)
[2026-01-16T08:38:10.126+0000][gc,phases   ] GC(302)   Pre Evacuate Collection Set: 118.9ms
[2026-01-16T08:38:10.126+0000][gc,phases   ] GC(302)   Merge Heap Roots: 7.0ms
[2026-01-16T08:38:10.126+0000][gc,phases   ] GC(302)   Evacuate Collection Set: 1016.2ms
[2026-01-16T08:38:10.127+0000][gc,phases   ] GC(302)   Post Evacuate Collection Set: 23.9ms
[2026-01-16T08:38:10.128+0000][gc,phases   ] GC(302)   Other: 43.9ms
[2026-01-16T08:38:10.149+0000][gc,heap     ] GC(302) Eden regions: 46->0(46)
[2026-01-16T08:38:10.158+0000][gc,heap     ] GC(302) Survivor regions: 5->5(7)
[2026-01-16T08:38:10.161+0000][gc,heap     ] GC(302) Old regions: 92->93
[2026-01-16T08:38:10.162+0000][gc,heap     ] GC(302) Humongous regions: 74->74
[2026-01-16T08:38:10.166+0000][gc,metaspace] GC(302) Metaspace: 12173K(12608K)->12173K(12608K) NonClass: 11078K(11264K)->11078K(11264K) Class: 1095K(1344K)->1095K(1344K)
[2026-01-16T08:38:10.168+0000][gc          ] GC(302) Pause Young (Normal) (G1 Evacuation Pause) 216M->171M(1024M) 1262.037ms
[2026-01-16T08:38:10.171+0000][gc,cpu      ] GC(302) User=0.55s Sys=0.06s Real=1.27s
[2026-01-16T08:38:14.426+0000][gc,start    ] GC(303) Pause Young (Normal) (G1 Evacuation Pause)
[2026-01-16T08:38:14.428+0000][gc,task     ] GC(303) Using 8 workers of 8 for evacuation
[2026-01-16T08:38:14.979+0000][gc,mmu      ] GC(303) MMU target violated: 201.0ms (200.0ms/201.0ms)
[2026-01-16T08:38:14.983+0000][gc,phases   ] GC(303)   Pre Evacuate Collection Set: 128.4ms
[2026-01-16T08:38:14.988+0000][gc,phases   ] GC(303)   Merge Heap Roots: 0.9ms
[2026-01-16T08:38:14.988+0000][gc,phases   ] GC(303)   Evacuate Collection Set: 372.1ms
[2026-01-16T08:38:14.988+0000][gc,phases   ] GC(303)   Post Evacuate Collection Set: 24.7ms
[2026-01-16T08:38:14.988+0000][gc,phases   ] GC(303)   Other: 29.9ms
[2026-01-16T08:38:14.988+0000][gc,heap     ] GC(303) Eden regions: 46->0(46)
[2026-01-16T08:38:14.989+0000][gc,heap     ] GC(303) Survivor regions: 5->5(7)
[2026-01-16T08:38:14.989+0000][gc,heap     ] GC(303) Old regions: 93->94
[2026-01-16T08:38:14.989+0000][gc,heap     ] GC(303) Humongous regions: 74->74
[2026-01-16T08:38:14.989+0000][gc,metaspace] GC(303) Metaspace: 12173K(12608K)->12173K(12608K) NonClass: 11078K(11264K)->11078K(11264K) Class: 1095K(1344K)->1095K(1344K)
[2026-01-16T08:38:14.991+0000][gc          ] GC(303) Pause Young (Normal) (G1 Evacuation Pause) 217M->171M(1024M) 564.585ms
[2026-01-16T08:38:14.999+0000][gc,cpu      ] GC(303) User=0.49s Sys=0.06s Real=0.57s
[2026-01-16T08:38:19.502+0000][gc,start    ] GC(304) Pause Young (Normal) (G1 Evacuation Pause)
[2026-01-16T08:38:19.522+0000][gc,task     ] GC(304) Using 8 workers of 8 for evacuation
[2026-01-16T08:38:20.745+0000][gc,mmu      ] GC(304) MMU target violated: 201.0ms (200.0ms/201.0ms)
[2026-01-16T08:38:20.767+0000][gc,phases   ] GC(304)   Pre Evacuate Collection Set: 55.7ms
[2026-01-16T08:38:20.769+0000][gc,phases   ] GC(304)   Merge Heap Roots: 7.2ms
[2026-01-16T08:38:20.771+0000][gc,phases   ] GC(304)   Evacuate Collection Set: 1095.1ms
[2026-01-16T08:38:20.772+0000][gc,phases   ] GC(304)   Post Evacuate Collection Set: 59.5ms
[2026-01-16T08:38:20.773+0000][gc,phases   ] GC(304)   Other: 28.0ms
[2026-01-16T08:38:20.775+0000][gc,heap     ] GC(304) Eden regions: 46->0(46)
[2026-01-16T08:38:20.779+0000][gc,heap     ] GC(304) Survivor regions: 5->5(7)
[2026-01-16T08:38:20.780+0000][gc,heap     ] GC(304) Old regions: 94->95
[2026-01-16T08:38:20.781+0000][gc,heap     ] GC(304) Humongous regions: 74->74
[2026-01-16T08:38:20.783+0000][gc,metaspace] GC(304) Metaspace: 12173K(12608K)->12173K(12608K) NonClass: 11078K(11264K)->11078K(11264K) Class: 1095K(1344K)->1095K(1344K)
[2026-01-16T08:38:20.785+0000][gc          ] GC(304) Pause Young (Normal) (G1 Evacuation Pause) 217M->172M(1024M) 1283.395ms
[2026-01-16T08:38:20.801+0000][gc,cpu      ] GC(304) User=0.50s Sys=0.04s Real=1.30s
[2026-01-16T08:38:29.037+0000][gc,start    ] GC(305) Pause Young (Normal) (G1 Evacuation Pause)
[2026-01-16T08:38:29.070+0000][gc,task     ] GC(305) Using 8 workers of 8 for evacuation
[2026-01-16T08:38:32.236+0000][gc,mmu      ] GC(305) MMU target violated: 201.0ms (200.0ms/201.0ms)
[2026-01-16T08:38:32.237+0000][gc,phases   ] GC(305)   Pre Evacuate Collection Set: 200.4ms
[2026-01-16T08:38:32.239+0000][gc,phases   ] GC(305)   Merge Heap Roots: 24.6ms
[2026-01-16T08:38:32.240+0000][gc,phases   ] GC(305)   Evacuate Collection Set: 2783.0ms
[2026-01-16T08:38:32.247+0000][gc,phases   ] GC(305)   Post Evacuate Collection Set: 148.0ms
[2026-01-16T08:38:32.251+0000][gc,phases   ] GC(305)   Other: 10.7ms
[2026-01-16T08:38:32.254+0000][gc,heap     ] GC(305) Eden regions: 46->0(47)
[2026-01-16T08:38:32.256+0000][gc,heap     ] GC(305) Survivor regions: 5->4(7)
[2026-01-16T08:38:32.259+0000][gc,heap     ] GC(305) Old regions: 95->95
[2026-01-16T08:38:32.264+0000][gc,heap     ] GC(305) Humongous regions: 74->74
[2026-01-16T08:38:32.265+0000][gc,metaspace] GC(305) Metaspace: 12173K(12608K)->12173K(12608K) NonClass: 11078K(11264K)->11078K(11264K) Class: 1095K(1344K)->1095K(1344K)
[2026-01-16T08:38:32.269+0000][gc          ] GC(305) Pause Young (Normal) (G1 Evacuation Pause) 218M->172M(1024M) 3232.071ms
[2026-01-16T08:38:32.283+0000][gc,cpu      ] GC(305) User=1.27s Sys=0.20s Real=3.24s
[2026-01-16T08:38:41.717+0000][gc,start    ] GC(306) Pause Young (Normal) (G1 Evacuation Pause)
[2026-01-16T08:38:41.754+0000][gc,task     ] GC(306) Using 8 workers of 8 for evacuation
[2026-01-16T08:38:43.345+0000][gc,mmu      ] GC(306) MMU target violated: 201.0ms (200.0ms/201.0ms)
[2026-01-16T08:38:43.357+0000][gc,phases   ] GC(306)   Pre Evacuate Collection Set: 48.1ms
[2026-01-16T08:38:43.359+0000][gc,phases   ] GC(306)   Merge Heap Roots: 39.4ms
[2026-01-16T08:38:43.360+0000][gc,phases   ] GC(306)   Evacuate Collection Set: 1451.4ms
[2026-01-16T08:38:43.360+0000][gc,phases   ] GC(306)   Post Evacuate Collection Set: 47.6ms
[2026-01-16T08:38:43.366+0000][gc,phases   ] GC(306)   Other: 18.0ms
[2026-01-16T08:38:43.367+0000][gc,heap     ] GC(306) Eden regions: 47->0(47)
[2026-01-16T08:38:43.368+0000][gc,heap     ] GC(306) Survivor regions: 4->4(7)
[2026-01-16T08:38:43.369+0000][gc,heap     ] GC(306) Old regions: 95->96
[2026-01-16T08:38:43.369+0000][gc,heap     ] GC(306) Humongous regions: 74->74
[2026-01-16T08:38:43.369+0000][gc,metaspace] GC(306) Metaspace: 12179K(12608K)->12179K(12608K) NonClass: 11084K(11264K)->11084K(11264K) Class: 1095K(1344K)->1095K(1344K)
[2026-01-16T08:38:43.373+0000][gc          ] GC(306) Pause Young (Normal) (G1 Evacuation Pause) 219M->173M(1024M) 1656.587ms
[2026-01-16T08:38:43.374+0000][gc,cpu      ] GC(306) User=0.56s Sys=0.08s Real=1.67s
[2026-01-16T08:38:47.688+0000][gc,start    ] GC(307) Pause Young (Normal) (G1 Evacuation Pause)
[2026-01-16T08:38:47.698+0000][gc,task     ] GC(307) Using 8 workers of 8 for evacuation
[2026-01-16T08:38:49.289+0000][gc,mmu      ] GC(307) MMU target violated: 201.0ms (200.0ms/201.0ms)
[2026-01-16T08:38:49.290+0000][gc,phases   ] GC(307)   Pre Evacuate Collection Set: 47.3ms
[2026-01-16T08:38:49.302+0000][gc,phases   ] GC(307)   Merge Heap Roots: 34.2ms
[2026-01-16T08:38:49.305+0000][gc,phases   ] GC(307)   Evacuate Collection Set: 1384.5ms
[2026-01-16T08:38:49.307+0000][gc,phases   ] GC(307)   Post Evacuate Collection Set: 107.8ms
[2026-01-16T08:38:49.308+0000][gc,phases   ] GC(307)   Other: 18.7ms
[2026-01-16T08:38:49.309+0000][gc,heap     ] GC(307) Eden regions: 47->0(47)
[2026-01-16T08:38:49.310+0000][gc,heap     ] GC(307) Survivor regions: 4->4(7)
[2026-01-16T08:38:49.310+0000][gc,heap     ] GC(307) Old regions: 96->97
[2026-01-16T08:38:49.311+0000][gc,heap     ] GC(307) Humongous regions: 74->74
[2026-01-16T08:38:49.313+0000][gc,metaspace] GC(307) Metaspace: 12184K(12608K)->12184K(12608K) NonClass: 11089K(11264K)->11089K(11264K) Class: 1095K(1344K)->1095K(1344K)
[2026-01-16T08:38:49.317+0000][gc          ] GC(307) Pause Young (Normal) (G1 Evacuation Pause) 220M->174M(1024M) 1628.289ms
[2026-01-16T08:38:49.320+0000][gc,cpu      ] GC(307) User=0.51s Sys=0.07s Real=1.63s
[2026-01-16T08:38:54.120+0000][gc,start    ] GC(308) Pause Young (Normal) (G1 Evacuation Pause)
[2026-01-16T08:38:54.127+0000][gc,task     ] GC(308) Using 8 workers of 8 for evacuation
[2026-01-16T08:38:55.792+0000][gc,mmu      ] GC(308) MMU target violated: 201.0ms (200.0ms/201.0ms)
[2026-01-16T08:38:55.795+0000][gc,phases   ] GC(308)   Pre Evacuate Collection Set: 63.7ms
[2026-01-16T08:38:55.806+0000][gc,phases   ] GC(308)   Merge Heap Roots: 7.6ms
[2026-01-16T08:38:55.812+0000][gc,phases   ] GC(308)   Evacuate Collection Set: 1450.0ms
[2026-01-16T08:38:55.814+0000][gc,phases   ] GC(308)   Post Evacuate Collection Set: 135.0ms
[2026-01-16T08:38:55.817+0000][gc,phases   ] GC(308)   Other: 11.3ms
[2026-01-16T08:38:55.818+0000][gc,heap     ] GC(308) Eden regions: 47->0(46)
[2026-01-16T08:38:55.820+0000][gc,heap     ] GC(308) Survivor regions: 4->5(7)
[2026-01-16T08:38:55.820+0000][gc,heap     ] GC(308) Old regions: 97->97
[2026-01-16T08:38:55.820+0000][gc,heap     ] GC(308) Humongous regions: 74->74
[2026-01-16T08:38:55.821+0000][gc,metaspace] GC(308) Metaspace: 12184K(12608K)->12184K(12608K) NonClass: 11089K(11264K)->11089K(11264K) Class: 1095K(1344K)->1095K(1344K)
[2026-01-16T08:38:55.822+0000][gc          ] GC(308) Pause Young (Normal) (G1 Evacuation Pause) 221M->175M(1024M) 1702.479ms
[2026-01-16T08:38:55.823+0000][gc,cpu      ] GC(308) User=0.69s Sys=0.06s Real=1.70s
[2026-01-16T08:38:59.739+0000][gc,start    ] GC(309) Pause Young (Normal) (G1 Evacuation Pause)
[2026-01-16T08:38:59.766+0000][gc,task     ] GC(309) Using 8 workers of 8 for evacuation
[2026-01-16T08:39:00.504+0000][gc,mmu      ] GC(309) MMU target violated: 201.0ms (200.0ms/201.0ms)
[2026-01-16T08:39:00.507+0000][gc,phases   ] GC(309)   Pre Evacuate Collection Set: 51.1ms
[2026-01-16T08:39:00.511+0000][gc,phases   ] GC(309)   Merge Heap Roots: 1.5ms
[2026-01-16T08:39:00.514+0000][gc,phases   ] GC(309)   Evacuate Collection Set: 653.0ms
[2026-01-16T08:39:00.515+0000][gc,phases   ] GC(309)   Post Evacuate Collection Set: 30.7ms
[2026-01-16T08:39:00.517+0000][gc,phases   ] GC(309)   Other: 5.9ms
[2026-01-16T08:39:00.520+0000][gc,heap     ] GC(309) Eden regions: 46->0(46)
[2026-01-16T08:39:00.524+0000][gc,heap     ] GC(309) Survivor regions: 5->5(7)
[2026-01-16T08:39:00.532+0000][gc,heap     ] GC(309) Old regions: 97->98
[2026-01-16T08:39:00.536+0000][gc,heap     ] GC(309) Humongous regions: 74->74
[2026-01-16T08:39:00.537+0000][gc,metaspace] GC(309) Metaspace: 12184K(12608K)->12184K(12608K) NonClass: 11089K(11264K)->11089K(11264K) Class: 1095K(1344K)->1095K(1344K)
[2026-01-16T08:39:00.537+0000][gc          ] GC(309) Pause Young (Normal) (G1 Evacuation Pause) 221M->175M(1024M) 799.126ms
[2026-01-16T08:39:00.540+0000][gc,cpu      ] GC(309) User=0.56s Sys=0.05s Real=0.86s
[2026-01-16T08:39:06.749+0000][gc,start    ] GC(310) Pause Young (Normal) (G1 Evacuation Pause)
[2026-01-16T08:39:06.755+0000][gc,task     ] GC(310) Using 8 workers of 8 for evacuation
[2026-01-16T08:39:08.477+0000][gc,mmu      ] GC(310) MMU target violated: 201.0ms (200.0ms/201.0ms)
[2026-01-16T08:39:08.478+0000][gc,phases   ] GC(310)   Pre Evacuate Collection Set: 127.8ms
[2026-01-16T08:39:08.479+0000][gc,phases   ] GC(310)   Merge Heap Roots: 22.9ms
[2026-01-16T08:39:08.479+0000][gc,phases   ] GC(310)   Evacuate Collection Set: 1499.9ms
[2026-01-16T08:39:08.479+0000][gc,phases   ] GC(310)   Post Evacuate Collection Set: 43.3ms
[2026-01-16T08:39:08.480+0000][gc,phases   ] GC(310)   Other: 5.8ms
[2026-01-16T08:39:08.481+0000][gc,heap     ] GC(310) Eden regions: 46->0(46)
[2026-01-16T08:39:08.481+0000][gc,heap     ] GC(310) Survivor regions: 5->5(7)
[2026-01-16T08:39:08.482+0000][gc,heap     ] GC(310) Old regions: 98->99
[2026-01-16T08:39:08.482+0000][gc,heap     ] GC(310) Humongous regions: 74->74
[2026-01-16T08:39:08.482+0000][gc,metaspace] GC(310) Metaspace: 12190K(12672K)->12190K(12672K) NonClass: 11095K(11328K)->11095K(11328K) Class: 1095K(1344K)->1095K(1344K)
[2026-01-16T08:39:08.486+0000][gc          ] GC(310) Pause Young (Normal) (G1 Evacuation Pause) 221M->176M(1024M) 1712.914ms
[2026-01-16T08:39:08.487+0000][gc,cpu      ] GC(310) User=0.51s Sys=0.04s Real=1.79s
[2026-01-16T08:39:10.660+0000][gc,start    ] GC(311) Pause Young (Normal) (G1 Evacuation Pause)
[2026-01-16T08:39:10.661+0000][gc,task     ] GC(311) Using 8 workers of 8 for evacuation
[2026-01-16T08:39:11.422+0000][gc,mmu      ] GC(311) MMU target violated: 201.0ms (200.0ms/201.0ms)
[2026-01-16T08:39:11.426+0000][gc,phases   ] GC(311)   Pre Evacuate Collection Set: 80.2ms
[2026-01-16T08:39:11.430+0000][gc,phases   ] GC(311)   Merge Heap Roots: 1.6ms
[2026-01-16T08:39:11.430+0000][gc,phases   ] GC(311)   Evacuate Collection Set: 640.9ms
[2026-01-16T08:39:11.431+0000][gc,phases   ] GC(311)   Post Evacuate Collection Set: 37.3ms
[2026-01-16T08:39:11.433+0000][gc,phases   ] GC(311)   Other: 5.2ms
[2026-01-16T08:39:11.434+0000][gc,heap     ] GC(311) Eden regions: 46->0(46)
[2026-01-16T08:39:11.435+0000][gc,heap     ] GC(311) Survivor regions: 5->5(7)
[2026-01-16T08:39:11.438+0000][gc,heap     ] GC(311) Old regions: 99->99
[2026-01-16T08:39:11.438+0000][gc,heap     ] GC(311) Humongous regions: 74->74
[2026-01-16T08:39:11.438+0000][gc,metaspace] GC(311) Metaspace: 12190K(12672K)->12190K(12672K) NonClass: 11095K(11328K)->11095K(11328K) Class: 1095K(1344K)->1095K(1344K)
[2026-01-16T08:39:11.438+0000][gc          ] GC(311) Pause Young (Normal) (G1 Evacuation Pause) 222M->176M(1024M) 778.442ms
[2026-01-16T08:39:11.439+0000][gc,cpu      ] GC(311) User=0.32s Sys=0.03s Real=0.77s
[2026-01-16T08:39:14.803+0000][gc,start    ] GC(312) Pause Young (Normal) (G1 Evacuation Pause)
[2026-01-16T08:39:14.810+0000][gc,task     ] GC(312) Using 8 workers of 8 for evacuation
[2026-01-16T08:39:15.616+0000][gc,mmu      ] GC(312) MMU target violated: 201.0ms (200.0ms/201.0ms)
[2026-01-16T08:39:15.620+0000][gc,phases   ] GC(312)   Pre Evacuate Collection Set: 65.0ms
[2026-01-16T08:39:15.623+0000][gc,phases   ] GC(312)   Merge Heap Roots: 0.4ms
[2026-01-16T08:39:15.625+0000][gc,phases   ] GC(312)   Evacuate Collection Set: 680.3ms
[2026-01-16T08:39:15.636+0000][gc,phases   ] GC(312)   Post Evacuate Collection Set: 37.6ms
[2026-01-16T08:39:15.644+0000][gc,phases   ] GC(312)   Other: 30.9ms
[2026-01-16T08:39:15.644+0000][gc,heap     ] GC(312) Eden regions: 46->0(46)
[2026-01-16T08:39:15.647+0000][gc,heap     ] GC(312) Survivor regions: 5->5(7)
[2026-01-16T08:39:15.647+0000][gc,heap     ] GC(312) Old regions: 99->100
[2026-01-16T08:39:15.648+0000][gc,heap     ] GC(312) Humongous regions: 74->74
[2026-01-16T08:39:15.649+0000][gc,metaspace] GC(312) Metaspace: 12190K(12672K)->12190K(12672K) NonClass: 11095K(11328K)->11095K(11328K) Class: 1095K(1344K)->1095K(1344K)
[2026-01-16T08:39:15.650+0000][gc          ] GC(312) Pause Young (Normal) (G1 Evacuation Pause) 222M->177M(1024M) 847.665ms
[2026-01-16T08:39:15.651+0000][gc,cpu      ] GC(312) User=0.36s Sys=0.03s Real=0.85s
[2026-01-16T08:39:21.161+0000][gc,start    ] GC(313) Pause Young (Normal) (G1 Evacuation Pause)
[2026-01-16T08:39:21.177+0000][gc,task     ] GC(313) Using 8 workers of 8 for evacuation
[2026-01-16T08:39:22.764+0000][gc,mmu      ] GC(313) MMU target violated: 201.0ms (200.0ms/201.0ms)
[2026-01-16T08:39:22.765+0000][gc,phases   ] GC(313)   Pre Evacuate Collection Set: 82.2ms
[2026-01-16T08:39:22.766+0000][gc,phases   ] GC(313)   Merge Heap Roots: 2.2ms
[2026-01-16T08:39:22.766+0000][gc,phases   ] GC(313)   Evacuate Collection Set: 1324.1ms
[2026-01-16T08:39:22.766+0000][gc,phases   ] GC(313)   Post Evacuate Collection Set: 173.5ms
[2026-01-16T08:39:22.767+0000][gc,phases   ] GC(313)   Other: 6.0ms
[2026-01-16T08:39:22.767+0000][gc,heap     ] GC(313) Eden regions: 46->0(47)
[2026-01-16T08:39:22.768+0000][gc,heap     ] GC(313) Survivor regions: 5->4(7)
[2026-01-16T08:39:22.768+0000][gc,heap     ] GC(313) Old regions: 100->101
[2026-01-16T08:39:22.768+0000][gc,heap     ] GC(313) Humongous regions: 74->74
[2026-01-16T08:39:22.771+0000][gc,metaspace] GC(313) Metaspace: 12191K(12672K)->12191K(12672K) NonClass: 11096K(11328K)->11096K(11328K) Class: 1095K(1344K)->1095K(1344K)
[2026-01-16T08:39:22.772+0000][gc          ] GC(313) Pause Young (Normal) (G1 Evacuation Pause) 223M->177M(1024M) 1611.148ms
[2026-01-16T08:39:22.774+0000][gc,cpu      ] GC(313) User=0.66s Sys=0.03s Real=1.63s
[2026-01-16T08:39:27.497+0000][gc,start    ] GC(314) Pause Young (Normal) (G1 Evacuation Pause)
[2026-01-16T08:39:27.500+0000][gc,task     ] GC(314) Using 8 workers of 8 for evacuation
[2026-01-16T08:39:28.115+0000][gc,mmu      ] GC(314) MMU target violated: 201.0ms (200.0ms/201.0ms)
[2026-01-16T08:39:28.118+0000][gc,phases   ] GC(314)   Pre Evacuate Collection Set: 48.1ms
[2026-01-16T08:39:28.118+0000][gc,phases   ] GC(314)   Merge Heap Roots: 7.2ms
[2026-01-16T08:39:28.121+0000][gc,phases   ] GC(314)   Evacuate Collection Set: 528.0ms
[2026-01-16T08:39:28.123+0000][gc,phases   ] GC(314)   Post Evacuate Collection Set: 30.4ms
[2026-01-16T08:39:28.123+0000][gc,phases   ] GC(314)   Other: 4.2ms
[2026-01-16T08:39:28.125+0000][gc,heap     ] GC(314) Eden regions: 47->0(47)
[2026-01-16T08:39:28.126+0000][gc,heap     ] GC(314) Survivor regions: 4->4(7)
[2026-01-16T08:39:28.132+0000][gc,heap     ] GC(314) Old regions: 101->101
[2026-01-16T08:39:28.132+0000][gc,heap     ] GC(314) Humongous regions: 74->74
[2026-01-16T08:39:28.132+0000][gc,metaspace] GC(314) Metaspace: 12192K(12672K)->12192K(12672K) NonClass: 11097K(11328K)->11097K(11328K) Class: 1095K(1344K)->1095K(1344K)
[2026-01-16T08:39:28.132+0000][gc          ] GC(314) Pause Young (Normal) (G1 Evacuation Pause) 224M->178M(1024M) 635.696ms
[2026-01-16T08:39:28.132+0000][gc,cpu      ] GC(314) User=0.61s Sys=0.09s Real=0.64s
[2026-01-16T08:39:34.290+0000][gc,start    ] GC(315) Pause Young (Normal) (G1 Evacuation Pause)
[2026-01-16T08:39:34.307+0000][gc,task     ] GC(315) Using 8 workers of 8 for evacuation
[2026-01-16T08:39:35.012+0000][gc,mmu      ] GC(315) MMU target violated: 201.0ms (200.0ms/201.0ms)
[2026-01-16T08:39:35.028+0000][gc,phases   ] GC(315)   Pre Evacuate Collection Set: 139.2ms
[2026-01-16T08:39:35.051+0000][gc,phases   ] GC(315)   Merge Heap Roots: 2.5ms
[2026-01-16T08:39:35.052+0000][gc,phases   ] GC(315)   Evacuate Collection Set: 442.9ms
[2026-01-16T08:39:35.053+0000][gc,phases   ] GC(315)   Post Evacuate Collection Set: 103.5ms
[2026-01-16T08:39:35.055+0000][gc,phases   ] GC(315)   Other: 32.2ms
[2026-01-16T08:39:35.055+0000][gc,heap     ] GC(315) Eden regions: 47->0(46)
[2026-01-16T08:39:35.056+0000][gc,heap     ] GC(315) Survivor regions: 4->5(7)
[2026-01-16T08:39:35.056+0000][gc,heap     ] GC(315) Old regions: 101->102
[2026-01-16T08:39:35.056+0000][gc,heap     ] GC(315) Humongous regions: 74->74
[2026-01-16T08:39:35.056+0000][gc,metaspace] GC(315) Metaspace: 12193K(12672K)->12193K(12672K) NonClass: 11098K(11328K)->11098K(11328K) Class: 1095K(1344K)->1095K(1344K)
[2026-01-16T08:39:35.057+0000][gc          ] GC(315) Pause Young (Normal) (G1 Evacuation Pause) 225M->179M(1024M) 767.169ms
[2026-01-16T08:39:35.058+0000][gc,cpu      ] GC(315) User=0.33s Sys=0.04s Real=0.76s
[2026-01-16T08:39:37.639+0000][gc,start    ] GC(316) Pause Young (Normal) (G1 Evacuation Pause)
[2026-01-16T08:39:37.643+0000][gc,task     ] GC(316) Using 8 workers of 8 for evacuation
[2026-01-16T08:39:38.176+0000][gc,mmu      ] GC(316) MMU target violated: 201.0ms (200.0ms/201.0ms)
[2026-01-16T08:39:38.176+0000][gc,phases   ] GC(316)   Pre Evacuate Collection Set: 15.9ms
[2026-01-16T08:39:38.182+0000][gc,phases   ] GC(316)   Merge Heap Roots: 7.4ms
[2026-01-16T08:39:38.185+0000][gc,phases   ] GC(316)   Evacuate Collection Set: 489.7ms
[2026-01-16T08:39:38.192+0000][gc,phases   ] GC(316)   Post Evacuate Collection Set: 17.2ms
[2026-01-16T08:39:38.192+0000][gc,phases   ] GC(316)   Other: 4.0ms
[2026-01-16T08:39:38.203+0000][gc,heap     ] GC(316) Eden regions: 46->0(46)
[2026-01-16T08:39:38.204+0000][gc,heap     ] GC(316) Survivor regions: 5->5(7)
[2026-01-16T08:39:38.204+0000][gc,heap     ] GC(316) Old regions: 102->102
[2026-01-16T08:39:38.204+0000][gc,heap     ] GC(316) Humongous regions: 74->74
[2026-01-16T08:39:38.206+0000][gc,metaspace] GC(316) Metaspace: 12195K(12672K)->12195K(12672K) NonClass: 11100K(11328K)->11100K(11328K) Class: 1095K(1344K)->1095K(1344K)
[2026-01-16T08:39:38.206+0000][gc          ] GC(316) Pause Young (Normal) (G1 Evacuation Pause) 225M->180M(1024M) 566.919ms
[2026-01-16T08:39:38.207+0000][gc,cpu      ] GC(316) User=0.27s Sys=0.01s Real=0.57s
[2026-01-16T08:39:39.624+0000][gc,start    ] GC(317) Pause Young (Normal) (G1 Evacuation Pause)
[2026-01-16T08:39:39.627+0000][gc,task     ] GC(317) Using 8 workers of 8 for evacuation
[2026-01-16T08:39:39.782+0000][gc,phases   ] GC(317)   Pre Evacuate Collection Set: 17.6ms
[2026-01-16T08:39:39.783+0000][gc,phases   ] GC(317)   Merge Heap Roots: 0.5ms
[2026-01-16T08:39:39.785+0000][gc,phases   ] GC(317)   Evacuate Collection Set: 133.0ms
[2026-01-16T08:39:39.786+0000][gc,phases   ] GC(317)   Post Evacuate Collection Set: 1.1ms
[2026-01-16T08:39:39.786+0000][gc,phases   ] GC(317)   Other: 3.7ms
[2026-01-16T08:39:39.787+0000][gc,heap     ] GC(317) Eden regions: 46->0(47)
[2026-01-16T08:39:39.787+0000][gc,heap     ] GC(317) Survivor regions: 5->4(7)
[2026-01-16T08:39:39.787+0000][gc,heap     ] GC(317) Old regions: 102->103
[2026-01-16T08:39:39.787+0000][gc,heap     ] GC(317) Humongous regions: 74->74
[2026-01-16T08:39:39.787+0000][gc,metaspace] GC(317) Metaspace: 12201K(12672K)->12201K(12672K) NonClass: 11106K(11328K)->11106K(11328K) Class: 1095K(1344K)->1095K(1344K)
[2026-01-16T08:39:39.787+0000][gc          ] GC(317) Pause Young (Normal) (G1 Evacuation Pause) 226M->180M(1024M) 163.600ms
[2026-01-16T08:39:39.788+0000][gc,cpu      ] GC(317) User=0.07s Sys=0.05s Real=0.16s
[2026-01-16T08:39:40.626+0000][gc,start    ] GC(318) Pause Young (Normal) (G1 Evacuation Pause)
[2026-01-16T08:39:40.627+0000][gc,task     ] GC(318) Using 8 workers of 8 for evacuation
[2026-01-16T08:39:40.774+0000][gc,phases   ] GC(318)   Pre Evacuate Collection Set: 0.4ms
[2026-01-16T08:39:40.775+0000][gc,phases   ] GC(318)   Merge Heap Roots: 0.2ms
[2026-01-16T08:39:40.775+0000][gc,phases   ] GC(318)   Evacuate Collection Set: 141.2ms
[2026-01-16T08:39:40.775+0000][gc,phases   ] GC(318)   Post Evacuate Collection Set: 2.6ms
[2026-01-16T08:39:40.775+0000][gc,phases   ] GC(318)   Other: 2.7ms
[2026-01-16T08:39:40.776+0000][gc,heap     ] GC(318) Eden regions: 47->0(46)
[2026-01-16T08:39:40.776+0000][gc,heap     ] GC(318) Survivor regions: 4->5(7)
[2026-01-16T08:39:40.781+0000][gc,heap     ] GC(318) Old regions: 103->103
[2026-01-16T08:39:40.784+0000][gc,heap     ] GC(318) Humongous regions: 74->74
[2026-01-16T08:39:40.785+0000][gc,metaspace] GC(318) Metaspace: 12201K(12672K)->12201K(12672K) NonClass: 11106K(11328K)->11106K(11328K) Class: 1095K(1344K)->1095K(1344K)
[2026-01-16T08:39:40.785+0000][gc          ] GC(318) Pause Young (Normal) (G1 Evacuation Pause) 227M->181M(1024M) 158.977ms
[2026-01-16T08:39:40.785+0000][gc,cpu      ] GC(318) User=0.10s Sys=0.02s Real=0.16s
[2026-01-16T08:39:41.253+0000][gc,start    ] GC(319) Pause Young (Normal) (G1 Evacuation Pause)
[2026-01-16T08:39:41.253+0000][gc,task     ] GC(319) Using 8 workers of 8 for evacuation
[2026-01-16T08:39:41.347+0000][gc,phases   ] GC(319)   Pre Evacuate Collection Set: 3.6ms
[2026-01-16T08:39:41.347+0000][gc,phases   ] GC(319)   Merge Heap Roots: 0.2ms
[2026-01-16T08:39:41.347+0000][gc,phases   ] GC(319)   Evacuate Collection Set: 87.7ms
[2026-01-16T08:39:41.347+0000][gc,phases   ] GC(319)   Post Evacuate Collection Set: 1.3ms
[2026-01-16T08:39:41.347+0000][gc,phases   ] GC(319)   Other: 0.5ms
[2026-01-16T08:39:41.347+0000][gc,heap     ] GC(319) Eden regions: 46->0(47)
[2026-01-16T08:39:41.348+0000][gc,heap     ] GC(319) Survivor regions: 5->4(7)
[2026-01-16T08:39:41.348+0000][gc,heap     ] GC(319) Old regions: 103->104
[2026-01-16T08:39:41.348+0000][gc,heap     ] GC(319) Humongous regions: 74->74
[2026-01-16T08:39:41.348+0000][gc,metaspace] GC(319) Metaspace: 12201K(12672K)->12201K(12672K) NonClass: 11106K(11328K)->11106K(11328K) Class: 1095K(1344K)->1095K(1344K)
[2026-01-16T08:39:41.348+0000][gc          ] GC(319) Pause Young (Normal) (G1 Evacuation Pause) 227M->181M(1024M) 95.310ms
[2026-01-16T08:39:41.348+0000][gc,cpu      ] GC(319) User=0.04s Sys=0.02s Real=0.09s
[2026-01-16T08:39:42.555+0000][gc,start    ] GC(320) Pause Young (Normal) (G1 Evacuation Pause)
[2026-01-16T08:39:42.559+0000][gc,task     ] GC(320) Using 8 workers of 8 for evacuation
[2026-01-16T08:39:42.823+0000][gc,mmu      ] GC(320) MMU target violated: 201.0ms (200.0ms/201.0ms)
[2026-01-16T08:39:42.837+0000][gc,phases   ] GC(320)   Pre Evacuate Collection Set: 10.5ms
[2026-01-16T08:39:42.841+0000][gc,phases   ] GC(320)   Merge Heap Roots: 2.5ms
[2026-01-16T08:39:42.842+0000][gc,phases   ] GC(320)   Evacuate Collection Set: 245.4ms
[2026-01-16T08:39:42.842+0000][gc,phases   ] GC(320)   Post Evacuate Collection Set: 5.1ms
[2026-01-16T08:39:42.843+0000][gc,phases   ] GC(320)   Other: 14.7ms
[2026-01-16T08:39:42.843+0000][gc,heap     ] GC(320) Eden regions: 47->0(46)
[2026-01-16T08:39:42.843+0000][gc,heap     ] GC(320) Survivor regions: 4->5(7)
[2026-01-16T08:39:42.844+0000][gc,heap     ] GC(320) Old regions: 104->104
[2026-01-16T08:39:42.845+0000][gc,heap     ] GC(320) Humongous regions: 83->83
[2026-01-16T08:39:42.845+0000][gc,metaspace] GC(320) Metaspace: 12201K(12672K)->12201K(12672K) NonClass: 11106K(11328K)->11106K(11328K) Class: 1095K(1344K)->1095K(1344K)
[2026-01-16T08:39:42.845+0000][gc          ] GC(320) Pause Young (Normal) (G1 Evacuation Pause) 237M->191M(1024M) 290.558ms
[2026-01-16T08:39:42.845+0000][gc,cpu      ] GC(320) User=0.11s Sys=0.01s Real=0.29s
[2026-01-16T08:39:43.939+0000][gc,start    ] GC(321) Pause Young (Normal) (G1 Evacuation Pause)
[2026-01-16T08:39:43.941+0000][gc,task     ] GC(321) Using 8 workers of 8 for evacuation
[2026-01-16T08:39:44.141+0000][gc,phases   ] GC(321)   Pre Evacuate Collection Set: 3.6ms
[2026-01-16T08:39:44.142+0000][gc,phases   ] GC(321)   Merge Heap Roots: 0.2ms
[2026-01-16T08:39:44.143+0000][gc,phases   ] GC(321)   Evacuate Collection Set: 173.9ms
[2026-01-16T08:39:44.144+0000][gc,phases   ] GC(321)   Post Evacuate Collection Set: 14.4ms
[2026-01-16T08:39:44.145+0000][gc,phases   ] GC(321)   Other: 7.7ms
[2026-01-16T08:39:44.146+0000][gc,heap     ] GC(321) Eden regions: 46->0(47)
[2026-01-16T08:39:44.146+0000][gc,heap     ] GC(321) Survivor regions: 5->4(7)
[2026-01-16T08:39:44.146+0000][gc,heap     ] GC(321) Old regions: 104->105
[2026-01-16T08:39:44.146+0000][gc,heap     ] GC(321) Humongous regions: 83->83
[2026-01-16T08:39:44.147+0000][gc,metaspace] GC(321) Metaspace: 12201K(12672K)->12201K(12672K) NonClass: 11106K(11328K)->11106K(11328K) Class: 1095K(1344K)->1095K(1344K)
[2026-01-16T08:39:44.148+0000][gc          ] GC(321) Pause Young (Normal) (G1 Evacuation Pause) 237M->191M(1024M) 208.864ms
[2026-01-16T08:39:44.150+0000][gc,cpu      ] GC(321) User=0.08s Sys=0.03s Real=0.21s
[2026-01-16T08:39:45.417+0000][gc,start    ] GC(322) Pause Young (Normal) (G1 Evacuation Pause)
[2026-01-16T08:39:45.420+0000][gc,task     ] GC(322) Using 8 workers of 8 for evacuation
[2026-01-16T08:39:45.716+0000][gc,mmu      ] GC(322) MMU target violated: 201.0ms (200.0ms/201.0ms)
[2026-01-16T08:39:45.717+0000][gc,phases   ] GC(322)   Pre Evacuate Collection Set: 11.4ms
[2026-01-16T08:39:45.717+0000][gc,phases   ] GC(322)   Merge Heap Roots: 1.2ms
[2026-01-16T08:39:45.717+0000][gc,phases   ] GC(322)   Evacuate Collection Set: 281.1ms
[2026-01-16T08:39:45.718+0000][gc,phases   ] GC(322)   Post Evacuate Collection Set: 1.2ms
[2026-01-16T08:39:45.718+0000][gc,phases   ] GC(322)   Other: 2.5ms
[2026-01-16T08:39:45.718+0000][gc,heap     ] GC(322) Eden regions: 47->0(47)
[2026-01-16T08:39:45.718+0000][gc,heap     ] GC(322) Survivor regions: 4->4(7)
[2026-01-16T08:39:45.718+0000][gc,heap     ] GC(322) Old regions: 105->106
[2026-01-16T08:39:45.718+0000][gc,heap     ] GC(322) Humongous regions: 83->83
[2026-01-16T08:39:45.718+0000][gc,metaspace] GC(322) Metaspace: 12202K(12672K)->12202K(12672K) NonClass: 11107K(11328K)->11107K(11328K) Class: 1095K(1344K)->1095K(1344K)
[2026-01-16T08:39:45.718+0000][gc          ] GC(322) Pause Young (Normal) (G1 Evacuation Pause) 238M->192M(1024M) 301.701ms
[2026-01-16T08:39:45.718+0000][gc,cpu      ] GC(322) User=0.09s Sys=0.01s Real=0.31s
[2026-01-16T08:39:48.209+0000][gc,start    ] GC(323) Pause Young (Normal) (G1 Evacuation Pause)
[2026-01-16T08:39:48.210+0000][gc,task     ] GC(323) Using 8 workers of 8 for evacuation
[2026-01-16T08:39:48.440+0000][gc,mmu      ] GC(323) MMU target violated: 201.0ms (200.0ms/201.0ms)
[2026-01-16T08:39:48.441+0000][gc,phases   ] GC(323)   Pre Evacuate Collection Set: 10.8ms
[2026-01-16T08:39:48.441+0000][gc,phases   ] GC(323)   Merge Heap Roots: 0.7ms
[2026-01-16T08:39:48.442+0000][gc,phases   ] GC(323)   Evacuate Collection Set: 210.4ms
[2026-01-16T08:39:48.443+0000][gc,phases   ] GC(323)   Post Evacuate Collection Set: 7.4ms
[2026-01-16T08:39:48.444+0000][gc,phases   ] GC(323)   Other: 2.2ms
[2026-01-16T08:39:48.445+0000][gc,heap     ] GC(323) Eden regions: 47->0(46)
[2026-01-16T08:39:48.446+0000][gc,heap     ] GC(323) Survivor regions: 4->5(7)
[2026-01-16T08:39:48.446+0000][gc,heap     ] GC(323) Old regions: 106->107
[2026-01-16T08:39:48.449+0000][gc,heap     ] GC(323) Humongous regions: 83->83
[2026-01-16T08:39:48.450+0000][gc,metaspace] GC(323) Metaspace: 12202K(12672K)->12202K(12672K) NonClass: 11107K(11328K)->11107K(11328K) Class: 1095K(1344K)->1095K(1344K)
[2026-01-16T08:39:48.454+0000][gc          ] GC(323) Pause Young (Normal) (G1 Evacuation Pause) 239M->193M(1024M) 244.946ms
[2026-01-16T08:39:48.454+0000][gc,cpu      ] GC(323) User=0.18s Sys=0.03s Real=0.24s
[2026-01-16T08:39:49.613+0000][gc,start    ] GC(324) Pause Young (Normal) (G1 Evacuation Pause)
[2026-01-16T08:39:49.625+0000][gc,task     ] GC(324) Using 8 workers of 8 for evacuation
[2026-01-16T08:39:50.008+0000][gc,mmu      ] GC(324) MMU target violated: 201.0ms (200.0ms/201.0ms)
[2026-01-16T08:39:50.009+0000][gc,phases   ] GC(324)   Pre Evacuate Collection Set: 30.5ms
[2026-01-16T08:39:50.010+0000][gc,phases   ] GC(324)   Merge Heap Roots: 11.1ms
[2026-01-16T08:39:50.010+0000][gc,phases   ] GC(324)   Evacuate Collection Set: 328.9ms
[2026-01-16T08:39:50.011+0000][gc,phases   ] GC(324)   Post Evacuate Collection Set: 7.1ms
[2026-01-16T08:39:50.011+0000][gc,phases   ] GC(324)   Other: 10.9ms
[2026-01-16T08:39:50.012+0000][gc,heap     ] GC(324) Eden regions: 46->0(46)
[2026-01-16T08:39:50.012+0000][gc,heap     ] GC(324) Survivor regions: 5->5(7)
[2026-01-16T08:39:50.012+0000][gc,heap     ] GC(324) Old regions: 107->107
[2026-01-16T08:39:50.013+0000][gc,heap     ] GC(324) Humongous regions: 83->83
[2026-01-16T08:39:50.013+0000][gc,metaspace] GC(324) Metaspace: 12203K(12672K)->12203K(12672K) NonClass: 11107K(11328K)->11107K(11328K) Class: 1095K(1344K)->1095K(1344K)
[2026-01-16T08:39:50.014+0000][gc          ] GC(324) Pause Young (Normal) (G1 Evacuation Pause) 239M->193M(1024M) 401.374ms
[2026-01-16T08:39:50.014+0000][gc,cpu      ] GC(324) User=0.14s Sys=0.05s Real=0.40s
[2026-01-16T08:39:51.178+0000][gc,start    ] GC(325) Pause Young (Normal) (G1 Evacuation Pause)
[2026-01-16T08:39:51.182+0000][gc,task     ] GC(325) Using 8 workers of 8 for evacuation
[2026-01-16T08:39:51.449+0000][gc,mmu      ] GC(325) MMU target violated: 201.0ms (200.0ms/201.0ms)
[2026-01-16T08:39:51.453+0000][gc,phases   ] GC(325)   Pre Evacuate Collection Set: 59.7ms
[2026-01-16T08:39:51.453+0000][gc,phases   ] GC(325)   Merge Heap Roots: 1.2ms
[2026-01-16T08:39:51.453+0000][gc,phases   ] GC(325)   Evacuate Collection Set: 194.7ms
[2026-01-16T08:39:51.453+0000][gc,phases   ] GC(325)   Post Evacuate Collection Set: 10.3ms
[2026-01-16T08:39:51.453+0000][gc,phases   ] GC(325)   Other: 5.4ms
[2026-01-16T08:39:51.453+0000][gc,heap     ] GC(325) Eden regions: 46->0(47)
[2026-01-16T08:39:51.453+0000][gc,heap     ] GC(325) Survivor regions: 5->4(7)
[2026-01-16T08:39:51.453+0000][gc,heap     ] GC(325) Old regions: 107->108
[2026-01-16T08:39:51.453+0000][gc,heap     ] GC(325) Humongous regions: 83->83
[2026-01-16T08:39:51.453+0000][gc,metaspace] GC(325) Metaspace: 12203K(12672K)->12203K(12672K) NonClass: 11107K(11328K)->11107K(11328K) Class: 1095K(1344K)->1095K(1344K)
[2026-01-16T08:39:51.458+0000][gc          ] GC(325) Pause Young (Normal) (G1 Evacuation Pause) 239M->194M(1024M) 279.195ms
[2026-01-16T08:39:51.458+0000][gc,cpu      ] GC(325) User=0.09s Sys=0.03s Real=0.27s
[2026-01-16T08:39:52.235+0000][gc,start    ] GC(326) Pause Young (Normal) (GCLocker Initiated GC)
[2026-01-16T08:39:52.236+0000][gc,task     ] GC(326) Using 8 workers of 8 for evacuation
[2026-01-16T08:39:52.913+0000][gc,mmu      ] GC(326) MMU target violated: 201.0ms (200.0ms/201.0ms)
[2026-01-16T08:39:52.917+0000][gc,phases   ] GC(326)   Pre Evacuate Collection Set: 6.1ms
[2026-01-16T08:39:52.917+0000][gc,phases   ] GC(326)   Merge Heap Roots: 0.3ms
[2026-01-16T08:39:52.917+0000][gc,phases   ] GC(326)   Evacuate Collection Set: 659.8ms
[2026-01-16T08:39:52.917+0000][gc,phases   ] GC(326)   Post Evacuate Collection Set: 6.1ms
[2026-01-16T08:39:52.919+0000][gc,phases   ] GC(326)   Other: 8.3ms
[2026-01-16T08:39:52.921+0000][gc,heap     ] GC(326) Eden regions: 52->0(47)
[2026-01-16T08:39:52.922+0000][gc,heap     ] GC(326) Survivor regions: 4->4(7)
[2026-01-16T08:39:52.922+0000][gc,heap     ] GC(326) Old regions: 108->108
[2026-01-16T08:39:52.923+0000][gc,heap     ] GC(326) Humongous regions: 83->83
[2026-01-16T08:39:52.923+0000][gc,metaspace] GC(326) Metaspace: 12203K(12672K)->12203K(12672K) NonClass: 11108K(11328K)->11108K(11328K) Class: 1095K(1344K)->1095K(1344K)
[2026-01-16T08:39:52.925+0000][gc          ] GC(326) Pause Young (Normal) (GCLocker Initiated GC) 245M->194M(1024M) 690.041ms
[2026-01-16T08:39:52.926+0000][gc,cpu      ] GC(326) User=0.29s Sys=0.06s Real=0.69s
[2026-01-16T08:39:53.942+0000][gc,start    ] GC(327) Pause Young (Normal) (G1 Evacuation Pause)
[2026-01-16T08:39:53.945+0000][gc,task     ] GC(327) Using 8 workers of 8 for evacuation
[2026-01-16T08:39:54.106+0000][gc,phases   ] GC(327)   Pre Evacuate Collection Set: 14.5ms
[2026-01-16T08:39:54.110+0000][gc,phases   ] GC(327)   Merge Heap Roots: 0.6ms
[2026-01-16T08:39:54.118+0000][gc,phases   ] GC(327)   Evacuate Collection Set: 123.1ms
[2026-01-16T08:39:54.118+0000][gc,phases   ] GC(327)   Post Evacuate Collection Set: 18.3ms
[2026-01-16T08:39:54.119+0000][gc,phases   ] GC(327)   Other: 4.3ms
[2026-01-16T08:39:54.120+0000][gc,heap     ] GC(327) Eden regions: 47->0(46)
[2026-01-16T08:39:54.123+0000][gc,heap     ] GC(327) Survivor regions: 4->5(7)
[2026-01-16T08:39:54.124+0000][gc,heap     ] GC(327) Old regions: 108->108
[2026-01-16T08:39:54.126+0000][gc,heap     ] GC(327) Humongous regions: 83->83
[2026-01-16T08:39:54.128+0000][gc,metaspace] GC(327) Metaspace: 12203K(12672K)->12203K(12672K) NonClass: 11108K(11328K)->11108K(11328K) Class: 1095K(1344K)->1095K(1344K)
[2026-01-16T08:39:54.129+0000][gc          ] GC(327) Pause Young (Normal) (G1 Evacuation Pause) 241M->195M(1024M) 186.901ms
[2026-01-16T08:39:54.131+0000][gc,cpu      ] GC(327) User=0.08s Sys=0.02s Real=0.19s
[2026-01-16T08:39:55.184+0000][gc,start    ] GC(328) Pause Young (Normal) (G1 Evacuation Pause)
[2026-01-16T08:39:55.187+0000][gc,task     ] GC(328) Using 8 workers of 8 for evacuation
[2026-01-16T08:39:55.518+0000][gc,mmu      ] GC(328) MMU target violated: 201.0ms (200.0ms/201.0ms)
[2026-01-16T08:39:55.518+0000][gc,phases   ] GC(328)   Pre Evacuate Collection Set: 2.7ms
[2026-01-16T08:39:55.518+0000][gc,phases   ] GC(328)   Merge Heap Roots: 0.9ms
[2026-01-16T08:39:55.519+0000][gc,phases   ] GC(328)   Evacuate Collection Set: 318.5ms
[2026-01-16T08:39:55.519+0000][gc,phases   ] GC(328)   Post Evacuate Collection Set: 6.9ms
[2026-01-16T08:39:55.519+0000][gc,phases   ] GC(328)   Other: 2.8ms
[2026-01-16T08:39:55.520+0000][gc,heap     ] GC(328) Eden regions: 46->0(47)
[2026-01-16T08:39:55.521+0000][gc,heap     ] GC(328) Survivor regions: 5->4(7)
[2026-01-16T08:39:55.523+0000][gc,heap     ] GC(328) Old regions: 108->110
[2026-01-16T08:39:55.523+0000][gc,heap     ] GC(328) Humongous regions: 83->83
[2026-01-16T08:39:55.523+0000][gc,metaspace] GC(328) Metaspace: 12204K(12672K)->12204K(12672K) NonClass: 11109K(11328K)->11109K(11328K) Class: 1095K(1344K)->1095K(1344K)
[2026-01-16T08:39:55.526+0000][gc          ] GC(328) Pause Young (Normal) (G1 Evacuation Pause) 241M->195M(1024M) 342.320ms
[2026-01-16T08:39:55.526+0000][gc,cpu      ] GC(328) User=0.10s Sys=0.04s Real=0.34s
[2026-01-16T08:39:57.877+0000][gc,start    ] GC(329) Pause Young (Normal) (G1 Evacuation Pause)
[2026-01-16T08:39:57.878+0000][gc,task     ] GC(329) Using 8 workers of 8 for evacuation
[2026-01-16T08:39:58.763+0000][gc,mmu      ] GC(329) MMU target violated: 201.0ms (200.0ms/201.0ms)
[2026-01-16T08:39:58.765+0000][gc,phases   ] GC(329)   Pre Evacuate Collection Set: 76.6ms
[2026-01-16T08:39:58.766+0000][gc,phases   ] GC(329)   Merge Heap Roots: 70.2ms
[2026-01-16T08:39:58.767+0000][gc,phases   ] GC(329)   Evacuate Collection Set: 730.2ms
[2026-01-16T08:39:58.767+0000][gc,phases   ] GC(329)   Post Evacuate Collection Set: 2.9ms
[2026-01-16T08:39:58.768+0000][gc,phases   ] GC(329)   Other: 6.8ms
[2026-01-16T08:39:58.769+0000][gc,heap     ] GC(329) Eden regions: 47->0(45)
[2026-01-16T08:39:58.771+0000][gc,heap     ] GC(329) Survivor regions: 4->6(7)
[2026-01-16T08:39:58.774+0000][gc,heap     ] GC(329) Old regions: 110->110
[2026-01-16T08:39:58.777+0000][gc,heap     ] GC(329) Humongous regions: 83->83
[2026-01-16T08:39:58.777+0000][gc,metaspace] GC(329) Metaspace: 12205K(12672K)->12205K(12672K) NonClass: 11110K(11328K)->11110K(11328K) Class: 1095K(1344K)->1095K(1344K)
[2026-01-16T08:39:58.780+0000][gc          ] GC(329) Pause Young (Normal) (G1 Evacuation Pause) 242M->197M(1024M) 903.049ms
[2026-01-16T08:39:58.795+0000][gc,cpu      ] GC(329) User=0.26s Sys=0.03s Real=0.92s
[2026-01-16T08:40:01.152+0000][gc,start    ] GC(330) Pause Young (Normal) (G1 Evacuation Pause)
[2026-01-16T08:40:01.158+0000][gc,task     ] GC(330) Using 8 workers of 8 for evacuation
[2026-01-16T08:40:01.689+0000][gc,mmu      ] GC(330) MMU target violated: 201.0ms (200.0ms/201.0ms)
[2026-01-16T08:40:01.690+0000][gc,phases   ] GC(330)   Pre Evacuate Collection Set: 76.1ms
[2026-01-16T08:40:01.690+0000][gc,phases   ] GC(330)   Merge Heap Roots: 5.5ms
[2026-01-16T08:40:01.691+0000][gc,phases   ] GC(330)   Evacuate Collection Set: 428.5ms
[2026-01-16T08:40:01.691+0000][gc,phases   ] GC(330)   Post Evacuate Collection Set: 3.9ms
[2026-01-16T08:40:01.691+0000][gc,phases   ] GC(330)   Other: 19.4ms
[2026-01-16T08:40:01.694+0000][gc,heap     ] GC(330) Eden regions: 45->0(47)
[2026-01-16T08:40:01.694+0000][gc,heap     ] GC(330) Survivor regions: 6->4(7)
[2026-01-16T08:40:01.695+0000][gc,heap     ] GC(330) Old regions: 110->111
[2026-01-16T08:40:01.695+0000][gc,heap     ] GC(330) Humongous regions: 83->83
[2026-01-16T08:40:01.695+0000][gc,metaspace] GC(330) Metaspace: 12211K(12672K)->12211K(12672K) NonClass: 11116K(11328K)->11116K(11328K) Class: 1095K(1344K)->1095K(1344K)
[2026-01-16T08:40:01.698+0000][gc          ] GC(330) Pause Young (Normal) (G1 Evacuation Pause) 242M->197M(1024M) 617.334ms
[2026-01-16T08:40:01.699+0000][gc,cpu      ] GC(330) User=0.18s Sys=0.02s Real=0.63s
[2026-01-16T08:40:02.519+0000][gc,start    ] GC(331) Pause Young (Normal) (G1 Evacuation Pause)
[2026-01-16T08:40:02.521+0000][gc,task     ] GC(331) Using 8 workers of 8 for evacuation
[2026-01-16T08:40:02.630+0000][gc,phases   ] GC(331)   Pre Evacuate Collection Set: 13.3ms
[2026-01-16T08:40:02.631+0000][gc,phases   ] GC(331)   Merge Heap Roots: 0.7ms
[2026-01-16T08:40:02.631+0000][gc,phases   ] GC(331)   Evacuate Collection Set: 79.4ms
[2026-01-16T08:40:02.631+0000][gc,phases   ] GC(331)   Post Evacuate Collection Set: 0.8ms
[2026-01-16T08:40:02.632+0000][gc,phases   ] GC(331)   Other: 14.8ms
[2026-01-16T08:40:02.632+0000][gc,heap     ] GC(331) Eden regions: 47->0(46)
[2026-01-16T08:40:02.634+0000][gc,heap     ] GC(331) Survivor regions: 4->5(7)
[2026-01-16T08:40:02.635+0000][gc,heap     ] GC(331) Old regions: 111->111
[2026-01-16T08:40:02.636+0000][gc,heap     ] GC(331) Humongous regions: 83->83
[2026-01-16T08:40:02.638+0000][gc,metaspace] GC(331) Metaspace: 12222K(12672K)->12222K(12672K) NonClass: 11127K(11328K)->11127K(11328K) Class: 1095K(1344K)->1095K(1344K)
[2026-01-16T08:40:02.643+0000][gc          ] GC(331) Pause Young (Normal) (G1 Evacuation Pause) 244M->198M(1024M) 123.534ms
[2026-01-16T08:40:02.645+0000][gc,cpu      ] GC(331) User=0.05s Sys=0.00s Real=0.12s
[2026-01-16T08:40:03.148+0000][gc,start    ] GC(332) Pause Young (Normal) (G1 Evacuation Pause)
[2026-01-16T08:40:03.157+0000][gc,task     ] GC(332) Using 8 workers of 8 for evacuation
[2026-01-16T08:40:03.357+0000][gc,phases   ] GC(332)   Pre Evacuate Collection Set: 9.8ms
[2026-01-16T08:40:03.357+0000][gc,phases   ] GC(332)   Merge Heap Roots: 1.4ms
[2026-01-16T08:40:03.357+0000][gc,phases   ] GC(332)   Evacuate Collection Set: 104.5ms
[2026-01-16T08:40:03.358+0000][gc,phases   ] GC(332)   Post Evacuate Collection Set: 66.2ms
[2026-01-16T08:40:03.359+0000][gc,phases   ] GC(332)   Other: 18.2ms
[2026-01-16T08:40:03.361+0000][gc,heap     ] GC(332) Eden regions: 46->0(46)
[2026-01-16T08:40:03.363+0000][gc,heap     ] GC(332) Survivor regions: 5->5(7)
[2026-01-16T08:40:03.371+0000][gc,heap     ] GC(332) Old regions: 111->111
[2026-01-16T08:40:03.372+0000][gc,heap     ] GC(332) Humongous regions: 83->83
[2026-01-16T08:40:03.373+0000][gc,metaspace] GC(332) Metaspace: 12222K(12672K)->12222K(12672K) NonClass: 11127K(11328K)->11127K(11328K) Class: 1095K(1344K)->1095K(1344K)
[2026-01-16T08:40:03.374+0000][gc          ] GC(332) Pause Young (Normal) (G1 Evacuation Pause) 244M->198M(1024M) 225.836ms
[2026-01-16T08:40:03.377+0000][gc,cpu      ] GC(332) User=0.05s Sys=0.02s Real=0.22s
[2026-01-16T08:40:04.311+0000][gc,start    ] GC(333) Pause Young (Normal) (G1 Evacuation Pause)
[2026-01-16T08:40:04.340+0000][gc,task     ] GC(333) Using 8 workers of 8 for evacuation
[2026-01-16T08:40:04.682+0000][gc,mmu      ] GC(333) MMU target violated: 201.0ms (200.0ms/201.0ms)
[2026-01-16T08:40:04.682+0000][gc,phases   ] GC(333)   Pre Evacuate Collection Set: 55.9ms
[2026-01-16T08:40:04.682+0000][gc,phases   ] GC(333)   Merge Heap Roots: 9.0ms
[2026-01-16T08:40:04.685+0000][gc,phases   ] GC(333)   Evacuate Collection Set: 266.0ms
[2026-01-16T08:40:04.686+0000][gc,phases   ] GC(333)   Post Evacuate Collection Set: 7.5ms
[2026-01-16T08:40:04.686+0000][gc,phases   ] GC(333)   Other: 3.4ms
[2026-01-16T08:40:04.690+0000][gc,heap     ] GC(333) Eden regions: 46->0(47)
[2026-01-16T08:40:04.693+0000][gc,heap     ] GC(333) Survivor regions: 5->4(7)
[2026-01-16T08:40:04.694+0000][gc,heap     ] GC(333) Old regions: 111->113
[2026-01-16T08:40:04.696+0000][gc,heap     ] GC(333) Humongous regions: 83->83
[2026-01-16T08:40:04.696+0000][gc,metaspace] GC(333) Metaspace: 12222K(12672K)->12222K(12672K) NonClass: 11127K(11328K)->11127K(11328K) Class: 1095K(1344K)->1095K(1344K)
[2026-01-16T08:40:04.697+0000][gc          ] GC(333) Pause Young (Normal) (G1 Evacuation Pause) 244M->198M(1024M) 385.243ms
[2026-01-16T08:40:04.698+0000][gc,cpu      ] GC(333) User=0.12s Sys=0.02s Real=0.39s
[2026-01-16T08:40:05.795+0000][gc,start    ] GC(334) Pause Young (Normal) (G1 Evacuation Pause)
[2026-01-16T08:40:05.799+0000][gc,task     ] GC(334) Using 8 workers of 8 for evacuation
[2026-01-16T08:40:05.970+0000][gc,phases   ] GC(334)   Pre Evacuate Collection Set: 8.8ms
[2026-01-16T08:40:05.971+0000][gc,phases   ] GC(334)   Merge Heap Roots: 2.8ms
[2026-01-16T08:40:05.980+0000][gc,phases   ] GC(334)   Evacuate Collection Set: 156.1ms
[2026-01-16T08:40:05.983+0000][gc,phases   ] GC(334)   Post Evacuate Collection Set: 2.2ms
[2026-01-16T08:40:05.983+0000][gc,phases   ] GC(334)   Other: 0.8ms
[2026-01-16T08:40:05.983+0000][gc,heap     ] GC(334) Eden regions: 47->0(46)
[2026-01-16T08:40:05.984+0000][gc,heap     ] GC(334) Survivor regions: 4->5(7)
[2026-01-16T08:40:06.002+0000][gc,heap     ] GC(334) Old regions: 113->113
[2026-01-16T08:40:06.002+0000][gc,heap     ] GC(334) Humongous regions: 83->83
[2026-01-16T08:40:06.003+0000][gc,metaspace] GC(334) Metaspace: 12222K(12672K)->12222K(12672K) NonClass: 11127K(11328K)->11127K(11328K) Class: 1095K(1344K)->1095K(1344K)
[2026-01-16T08:40:06.003+0000][gc          ] GC(334) Pause Young (Normal) (G1 Evacuation Pause) 245M->199M(1024M) 207.506ms
[2026-01-16T08:40:06.003+0000][gc,cpu      ] GC(334) User=0.09s Sys=0.03s Real=0.21s
[2026-01-16T08:40:06.783+0000][gc,start    ] GC(335) Pause Young (Normal) (G1 Evacuation Pause)
[2026-01-16T08:40:06.784+0000][gc,task     ] GC(335) Using 8 workers of 8 for evacuation
[2026-01-16T08:40:06.886+0000][gc,phases   ] GC(335)   Pre Evacuate Collection Set: 3.3ms
[2026-01-16T08:40:06.887+0000][gc,phases   ] GC(335)   Merge Heap Roots: 2.9ms
[2026-01-16T08:40:06.888+0000][gc,phases   ] GC(335)   Evacuate Collection Set: 92.0ms
[2026-01-16T08:40:06.888+0000][gc,phases   ] GC(335)   Post Evacuate Collection Set: 1.2ms
[2026-01-16T08:40:06.889+0000][gc,phases   ] GC(335)   Other: 2.7ms
[2026-01-16T08:40:06.889+0000][gc,heap     ] GC(335) Eden regions: 46->0(46)
[2026-01-16T08:40:06.890+0000][gc,heap     ] GC(335) Survivor regions: 5->5(7)
[2026-01-16T08:40:06.891+0000][gc,heap     ] GC(335) Old regions: 113->114
[2026-01-16T08:40:06.891+0000][gc,heap     ] GC(335) Humongous regions: 83->83
[2026-01-16T08:40:06.891+0000][gc,metaspace] GC(335) Metaspace: 12222K(12672K)->12222K(12672K) NonClass: 11127K(11328K)->11127K(11328K) Class: 1095K(1344K)->1095K(1344K)
[2026-01-16T08:40:06.892+0000][gc          ] GC(335) Pause Young (Normal) (G1 Evacuation Pause) 245M->200M(1024M) 108.461ms
[2026-01-16T08:40:06.893+0000][gc,cpu      ] GC(335) User=0.05s Sys=0.02s Real=0.11s
[2026-01-16T08:40:07.747+0000][gc,start    ] GC(336) Pause Young (Normal) (G1 Evacuation Pause)
[2026-01-16T08:40:07.760+0000][gc,task     ] GC(336) Using 8 workers of 8 for evacuation
[2026-01-16T08:40:07.918+0000][gc,phases   ] GC(336)   Pre Evacuate Collection Set: 4.0ms
[2026-01-16T08:40:07.953+0000][gc,phases   ] GC(336)   Merge Heap Roots: 0.3ms
[2026-01-16T08:40:07.956+0000][gc,phases   ] GC(336)   Evacuate Collection Set: 146.9ms
[2026-01-16T08:40:07.957+0000][gc,phases   ] GC(336)   Post Evacuate Collection Set: 6.0ms
[2026-01-16T08:40:07.960+0000][gc,phases   ] GC(336)   Other: 1.3ms
[2026-01-16T08:40:07.963+0000][gc,heap     ] GC(336) Eden regions: 46->0(47)
[2026-01-16T08:40:07.972+0000][gc,heap     ] GC(336) Survivor regions: 5->4(7)
[2026-01-16T08:40:07.973+0000][gc,heap     ] GC(336) Old regions: 114->115
[2026-01-16T08:40:07.973+0000][gc,heap     ] GC(336) Humongous regions: 83->83
[2026-01-16T08:40:07.973+0000][gc,metaspace] GC(336) Metaspace: 12222K(12672K)->12222K(12672K) NonClass: 11127K(11328K)->11127K(11328K) Class: 1095K(1344K)->1095K(1344K)
[2026-01-16T08:40:07.974+0000][gc          ] GC(336) Pause Young (Normal) (G1 Evacuation Pause) 246M->200M(1024M) 226.531ms
[2026-01-16T08:40:07.974+0000][gc,cpu      ] GC(336) User=0.10s Sys=0.01s Real=0.22s
[2026-01-16T08:40:09.155+0000][gc,start    ] GC(337) Pause Young (Normal) (G1 Evacuation Pause)
[2026-01-16T08:40:09.157+0000][gc,task     ] GC(337) Using 8 workers of 8 for evacuation
[2026-01-16T08:40:09.661+0000][gc,mmu      ] GC(337) MMU target violated: 201.0ms (200.0ms/201.0ms)
[2026-01-16T08:40:09.691+0000][gc,phases   ] GC(337)   Pre Evacuate Collection Set: 44.1ms
[2026-01-16T08:40:09.694+0000][gc,phases   ] GC(337)   Merge Heap Roots: 5.1ms
[2026-01-16T08:40:09.694+0000][gc,phases   ] GC(337)   Evacuate Collection Set: 444.1ms
[2026-01-16T08:40:09.694+0000][gc,phases   ] GC(337)   Post Evacuate Collection Set: 10.3ms
[2026-01-16T08:40:09.694+0000][gc,phases   ] GC(337)   Other: 31.2ms
[2026-01-16T08:40:09.694+0000][gc,heap     ] GC(337) Eden regions: 47->0(46)
[2026-01-16T08:40:09.694+0000][gc,heap     ] GC(337) Survivor regions: 4->5(7)
[2026-01-16T08:40:09.696+0000][gc,heap     ] GC(337) Old regions: 115->115
[2026-01-16T08:40:09.696+0000][gc,heap     ] GC(337) Humongous regions: 83->83
[2026-01-16T08:40:09.697+0000][gc,metaspace] GC(337) Metaspace: 12222K(12672K)->12222K(12672K) NonClass: 11127K(11328K)->11127K(11328K) Class: 1095K(1344K)->1095K(1344K)
[2026-01-16T08:40:09.698+0000][gc          ] GC(337) Pause Young (Normal) (G1 Evacuation Pause) 247M->201M(1024M) 543.035ms
[2026-01-16T08:40:09.751+0000][gc,cpu      ] GC(337) User=0.14s Sys=0.04s Real=0.54s
[2026-01-16T08:40:11.715+0000][gc,start    ] GC(338) Pause Young (Normal) (G1 Evacuation Pause)
[2026-01-16T08:40:11.721+0000][gc,task     ] GC(338) Using 8 workers of 8 for evacuation
[2026-01-16T08:40:12.937+0000][gc,mmu      ] GC(338) MMU target violated: 201.0ms (200.0ms/201.0ms)
[2026-01-16T08:40:12.939+0000][gc,phases   ] GC(338)   Pre Evacuate Collection Set: 19.8ms
[2026-01-16T08:40:12.940+0000][gc,phases   ] GC(338)   Merge Heap Roots: 0.3ms
[2026-01-16T08:40:12.941+0000][gc,phases   ] GC(338)   Evacuate Collection Set: 1076.7ms
[2026-01-16T08:40:12.942+0000][gc,phases   ] GC(338)   Post Evacuate Collection Set: 112.3ms
[2026-01-16T08:40:12.955+0000][gc,phases   ] GC(338)   Other: 8.8ms
[2026-01-16T08:40:12.960+0000][gc,heap     ] GC(338) Eden regions: 46->0(46)
[2026-01-16T08:40:12.960+0000][gc,heap     ] GC(338) Survivor regions: 5->5(7)
[2026-01-16T08:40:12.961+0000][gc,heap     ] GC(338) Old regions: 115->116
[2026-01-16T08:40:12.961+0000][gc,heap     ] GC(338) Humongous regions: 83->83
[2026-01-16T08:40:12.961+0000][gc,metaspace] GC(338) Metaspace: 12222K(12672K)->12222K(12672K) NonClass: 11127K(11328K)->11127K(11328K) Class: 1095K(1344K)->1095K(1344K)
[2026-01-16T08:40:12.963+0000][gc          ] GC(338) Pause Young (Normal) (G1 Evacuation Pause) 247M->202M(1024M) 1247.510ms
[2026-01-16T08:40:12.967+0000][gc,cpu      ] GC(338) User=0.32s Sys=0.07s Real=1.25s
[2026-01-16T08:40:17.174+0000][gc,start    ] GC(339) Pause Young (Normal) (G1 Evacuation Pause)
[2026-01-16T08:40:17.179+0000][gc,task     ] GC(339) Using 8 workers of 8 for evacuation
[2026-01-16T08:40:18.006+0000][gc,mmu      ] GC(339) MMU target violated: 201.0ms (200.0ms/201.0ms)
[2026-01-16T08:40:18.007+0000][gc,phases   ] GC(339)   Pre Evacuate Collection Set: 58.1ms
[2026-01-16T08:40:18.008+0000][gc,phases   ] GC(339)   Merge Heap Roots: 12.6ms
[2026-01-16T08:40:18.008+0000][gc,phases   ] GC(339)   Evacuate Collection Set: 723.9ms
[2026-01-16T08:40:18.009+0000][gc,phases   ] GC(339)   Post Evacuate Collection Set: 23.5ms
[2026-01-16T08:40:18.009+0000][gc,phases   ] GC(339)   Other: 9.7ms
[2026-01-16T08:40:18.010+0000][gc,heap     ] GC(339) Eden regions: 46->0(46)
[2026-01-16T08:40:18.010+0000][gc,heap     ] GC(339) Survivor regions: 5->5(7)
[2026-01-16T08:40:18.010+0000][gc,heap     ] GC(339) Old regions: 116->116
[2026-01-16T08:40:18.011+0000][gc,heap     ] GC(339) Humongous regions: 83->83
[2026-01-16T08:40:18.011+0000][gc,metaspace] GC(339) Metaspace: 12224K(12672K)->12224K(12672K) NonClass: 11129K(11328K)->11129K(11328K) Class: 1095K(1344K)->1095K(1344K)
[2026-01-16T08:40:18.017+0000][gc          ] GC(339) Pause Young (Normal) (G1 Evacuation Pause) 248M->203M(1024M) 842.742ms
[2026-01-16T08:40:18.017+0000][gc,cpu      ] GC(339) User=0.42s Sys=0.05s Real=0.85s
[2026-01-16T08:40:20.439+0000][gc,start    ] GC(340) Pause Young (Normal) (G1 Evacuation Pause)
[2026-01-16T08:40:20.440+0000][gc,task     ] GC(340) Using 8 workers of 8 for evacuation
[2026-01-16T08:40:20.801+0000][gc,mmu      ] GC(340) MMU target violated: 201.0ms (200.0ms/201.0ms)
[2026-01-16T08:40:20.805+0000][gc,phases   ] GC(340)   Pre Evacuate Collection Set: 16.2ms
[2026-01-16T08:40:20.807+0000][gc,phases   ] GC(340)   Merge Heap Roots: 9.4ms
[2026-01-16T08:40:20.809+0000][gc,phases   ] GC(340)   Evacuate Collection Set: 309.5ms
[2026-01-16T08:40:20.810+0000][gc,phases   ] GC(340)   Post Evacuate Collection Set: 24.6ms
[2026-01-16T08:40:20.811+0000][gc,phases   ] GC(340)   Other: 5.2ms
[2026-01-16T08:40:20.812+0000][gc,heap     ] GC(340) Eden regions: 46->0(47)
[2026-01-16T08:40:20.812+0000][gc,heap     ] GC(340) Survivor regions: 5->4(7)
[2026-01-16T08:40:20.812+0000][gc,heap     ] GC(340) Old regions: 116->118
[2026-01-16T08:40:20.812+0000][gc,heap     ] GC(340) Humongous regions: 83->83
[2026-01-16T08:40:20.815+0000][gc,metaspace] GC(340) Metaspace: 12225K(12672K)->12225K(12672K) NonClass: 11130K(11328K)->11130K(11328K) Class: 1095K(1344K)->1095K(1344K)
[2026-01-16T08:40:20.819+0000][gc          ] GC(340) Pause Young (Normal) (G1 Evacuation Pause) 249M->203M(1024M) 380.140ms
[2026-01-16T08:40:20.820+0000][gc,cpu      ] GC(340) User=0.24s Sys=0.05s Real=0.38s
[2026-01-16T08:40:23.663+0000][gc,start    ] GC(341) Pause Young (Normal) (G1 Evacuation Pause)
[2026-01-16T08:40:23.703+0000][gc,task     ] GC(341) Using 8 workers of 8 for evacuation
[2026-01-16T08:40:25.378+0000][gc,mmu      ] GC(341) MMU target violated: 201.0ms (200.0ms/201.0ms)
[2026-01-16T08:40:25.386+0000][gc,phases   ] GC(341)   Pre Evacuate Collection Set: 146.3ms
[2026-01-16T08:40:25.387+0000][gc,phases   ] GC(341)   Merge Heap Roots: 3.1ms
[2026-01-16T08:40:25.387+0000][gc,phases   ] GC(341)   Evacuate Collection Set: 1366.2ms
[2026-01-16T08:40:25.388+0000][gc,phases   ] GC(341)   Post Evacuate Collection Set: 142.2ms
[2026-01-16T08:40:25.388+0000][gc,phases   ] GC(341)   Other: 25.8ms
[2026-01-16T08:40:25.388+0000][gc,heap     ] GC(341) Eden regions: 47->0(47)
[2026-01-16T08:40:25.389+0000][gc,heap     ] GC(341) Survivor regions: 4->4(7)
[2026-01-16T08:40:25.389+0000][gc,heap     ] GC(341) Old regions: 118->118
[2026-01-16T08:40:25.390+0000][gc,heap     ] GC(341) Humongous regions: 83->83
[2026-01-16T08:40:25.391+0000][gc,metaspace] GC(341) Metaspace: 12225K(12672K)->12225K(12672K) NonClass: 11130K(11328K)->11130K(11328K) Class: 1095K(1344K)->1095K(1344K)
[2026-01-16T08:40:25.399+0000][gc          ] GC(341) Pause Young (Normal) (G1 Evacuation Pause) 250M->203M(1024M) 1736.008ms
[2026-01-16T08:40:25.400+0000][gc,cpu      ] GC(341) User=0.55s Sys=0.13s Real=1.74s
[2026-01-16T08:40:33.596+0000][gc,start    ] GC(342) Pause Young (Normal) (G1 Evacuation Pause)
[2026-01-16T08:40:33.667+0000][gc,task     ] GC(342) Using 8 workers of 8 for evacuation
[2026-01-16T08:40:34.742+0000][gc,mmu      ] GC(342) MMU target violated: 201.0ms (200.0ms/201.0ms)
[2026-01-16T08:40:34.743+0000][gc,phases   ] GC(342)   Pre Evacuate Collection Set: 58.5ms
[2026-01-16T08:40:34.743+0000][gc,phases   ] GC(342)   Merge Heap Roots: 2.2ms
[2026-01-16T08:40:34.744+0000][gc,phases   ] GC(342)   Evacuate Collection Set: 888.2ms
[2026-01-16T08:40:34.744+0000][gc,phases   ] GC(342)   Post Evacuate Collection Set: 21.8ms
[2026-01-16T08:40:34.744+0000][gc,phases   ] GC(342)   Other: 106.1ms
[2026-01-16T08:40:34.744+0000][gc,heap     ] GC(342) Eden regions: 47->0(46)
[2026-01-16T08:40:34.744+0000][gc,heap     ] GC(342) Survivor regions: 4->5(7)
[2026-01-16T08:40:34.744+0000][gc,heap     ] GC(342) Old regions: 118->118
[2026-01-16T08:40:34.745+0000][gc,heap     ] GC(342) Humongous regions: 83->83
[2026-01-16T08:40:34.745+0000][gc,metaspace] GC(342) Metaspace: 12230K(12672K)->12230K(12672K) NonClass: 11135K(11328K)->11135K(11328K) Class: 1095K(1344K)->1095K(1344K)
[2026-01-16T08:40:34.745+0000][gc          ] GC(342) Pause Young (Normal) (G1 Evacuation Pause) 250M->204M(1024M) 1149.424ms
[2026-01-16T08:40:34.748+0000][gc,cpu      ] GC(342) User=0.43s Sys=0.09s Real=1.15s
[2026-01-16T08:40:36.914+0000][gc,start    ] GC(343) Pause Young (Normal) (G1 Evacuation Pause)
[2026-01-16T08:40:36.915+0000][gc,task     ] GC(343) Using 8 workers of 8 for evacuation
[2026-01-16T08:40:37.221+0000][gc,mmu      ] GC(343) MMU target violated: 201.0ms (200.0ms/201.0ms)
[2026-01-16T08:40:37.221+0000][gc,phases   ] GC(343)   Pre Evacuate Collection Set: 30.5ms
[2026-01-16T08:40:37.223+0000][gc,phases   ] GC(343)   Merge Heap Roots: 2.6ms
[2026-01-16T08:40:37.224+0000][gc,phases   ] GC(343)   Evacuate Collection Set: 263.3ms
[2026-01-16T08:40:37.225+0000][gc,phases   ] GC(343)   Post Evacuate Collection Set: 10.6ms
[2026-01-16T08:40:37.226+0000][gc,phases   ] GC(343)   Other: 1.1ms
[2026-01-16T08:40:37.226+0000][gc,heap     ] GC(343) Eden regions: 46->0(46)
[2026-01-16T08:40:37.227+0000][gc,heap     ] GC(343) Survivor regions: 5->5(7)
[2026-01-16T08:40:37.227+0000][gc,heap     ] GC(343) Old regions: 118->118
[2026-01-16T08:40:37.228+0000][gc,heap     ] GC(343) Humongous regions: 83->83
[2026-01-16T08:40:37.229+0000][gc,metaspace] GC(343) Metaspace: 12233K(12672K)->12233K(12672K) NonClass: 11138K(11328K)->11138K(11328K) Class: 1095K(1344K)->1095K(1344K)
[2026-01-16T08:40:37.231+0000][gc          ] GC(343) Pause Young (Normal) (G1 Evacuation Pause) 250M->205M(1024M) 318.427ms
[2026-01-16T08:40:37.232+0000][gc,cpu      ] GC(343) User=0.27s Sys=0.03s Real=0.32s
[2026-01-16T08:40:37.833+0000][gc,start    ] GC(344) Pause Young (Normal) (G1 Evacuation Pause)
[2026-01-16T08:40:37.835+0000][gc,task     ] GC(344) Using 8 workers of 8 for evacuation
[2026-01-16T08:40:38.017+0000][gc,phases   ] GC(344)   Pre Evacuate Collection Set: 1.6ms
[2026-01-16T08:40:38.018+0000][gc,phases   ] GC(344)   Merge Heap Roots: 0.2ms
[2026-01-16T08:40:38.018+0000][gc,phases   ] GC(344)   Evacuate Collection Set: 177.8ms
[2026-01-16T08:40:38.018+0000][gc,phases   ] GC(344)   Post Evacuate Collection Set: 2.1ms
[2026-01-16T08:40:38.019+0000][gc,phases   ] GC(344)   Other: 1.3ms
[2026-01-16T08:40:38.019+0000][gc,heap     ] GC(344) Eden regions: 46->0(46)
[2026-01-16T08:40:38.019+0000][gc,heap     ] GC(344) Survivor regions: 5->5(7)
[2026-01-16T08:40:38.020+0000][gc,heap     ] GC(344) Old regions: 118->119
[2026-01-16T08:40:38.021+0000][gc,heap     ] GC(344) Humongous regions: 83->83
[2026-01-16T08:40:38.021+0000][gc,metaspace] GC(344) Metaspace: 12233K(12672K)->12233K(12672K) NonClass: 11138K(11328K)->11138K(11328K) Class: 1095K(1344K)->1095K(1344K)
[2026-01-16T08:40:38.021+0000][gc          ] GC(344) Pause Young (Normal) (G1 Evacuation Pause) 251M->205M(1024M) 188.790ms
[2026-01-16T08:40:38.022+0000][gc,cpu      ] GC(344) User=0.06s Sys=0.05s Real=0.18s
[2026-01-16T08:40:38.810+0000][gc,start    ] GC(345) Pause Young (Normal) (G1 Evacuation Pause)
[2026-01-16T08:40:38.810+0000][gc,task     ] GC(345) Using 8 workers of 8 for evacuation
[2026-01-16T08:40:39.229+0000][gc,mmu      ] GC(345) MMU target violated: 201.0ms (200.0ms/201.0ms)
[2026-01-16T08:40:39.231+0000][gc,phases   ] GC(345)   Pre Evacuate Collection Set: 71.5ms
[2026-01-16T08:40:39.232+0000][gc,phases   ] GC(345)   Merge Heap Roots: 3.9ms
[2026-01-16T08:40:39.232+0000][gc,phases   ] GC(345)   Evacuate Collection Set: 327.9ms
[2026-01-16T08:40:39.232+0000][gc,phases   ] GC(345)   Post Evacuate Collection Set: 14.5ms
[2026-01-16T08:40:39.233+0000][gc,phases   ] GC(345)   Other: 3.4ms
[2026-01-16T08:40:39.233+0000][gc,heap     ] GC(345) Eden regions: 46->0(46)
[2026-01-16T08:40:39.233+0000][gc,heap     ] GC(345) Survivor regions: 5->5(7)
[2026-01-16T08:40:39.233+0000][gc,heap     ] GC(345) Old regions: 119->120
[2026-01-16T08:40:39.234+0000][gc,heap     ] GC(345) Humongous regions: 83->83
[2026-01-16T08:40:39.234+0000][gc,metaspace] GC(345) Metaspace: 12233K(12672K)->12233K(12672K) NonClass: 11138K(11328K)->11138K(11328K) Class: 1095K(1344K)->1095K(1344K)
[2026-01-16T08:40:39.235+0000][gc          ] GC(345) Pause Young (Normal) (G1 Evacuation Pause) 251M->206M(1024M) 424.971ms
[2026-01-16T08:40:39.235+0000][gc,cpu      ] GC(345) User=0.27s Sys=0.03s Real=0.43s
[2026-01-16T08:40:41.628+0000][gc,start    ] GC(346) Pause Young (Normal) (G1 Evacuation Pause)
[2026-01-16T08:40:41.636+0000][gc,task     ] GC(346) Using 8 workers of 8 for evacuation
[2026-01-16T08:40:43.387+0000][gc,mmu      ] GC(346) MMU target violated: 201.0ms (200.0ms/201.0ms)
[2026-01-16T08:40:43.391+0000][gc,phases   ] GC(346)   Pre Evacuate Collection Set: 170.6ms
[2026-01-16T08:40:43.392+0000][gc,phases   ] GC(346)   Merge Heap Roots: 25.0ms
[2026-01-16T08:40:43.394+0000][gc,phases   ] GC(346)   Evacuate Collection Set: 1444.5ms
[2026-01-16T08:40:43.397+0000][gc,phases   ] GC(346)   Post Evacuate Collection Set: 103.6ms
[2026-01-16T08:40:43.399+0000][gc,phases   ] GC(346)   Other: 14.7ms
[2026-01-16T08:40:43.402+0000][gc,heap     ] GC(346) Eden regions: 46->0(46)
[2026-01-16T08:40:43.407+0000][gc,heap     ] GC(346) Survivor regions: 5->5(7)
[2026-01-16T08:40:43.408+0000][gc,heap     ] GC(346) Old regions: 120->120
[2026-01-16T08:40:43.409+0000][gc,heap     ] GC(346) Humongous regions: 83->83
[2026-01-16T08:40:43.409+0000][gc,metaspace] GC(346) Metaspace: 12233K(12672K)->12233K(12672K) NonClass: 11138K(11328K)->11138K(11328K) Class: 1095K(1344K)->1095K(1344K)
[2026-01-16T08:40:43.411+0000][gc          ] GC(346) Pause Young (Normal) (G1 Evacuation Pause) 252M->207M(1024M) 1782.369ms
[2026-01-16T08:40:43.415+0000][gc,cpu      ] GC(346) User=0.69s Sys=0.09s Real=1.79s
[2026-01-16T08:40:48.273+0000][gc,start    ] GC(347) Pause Young (Normal) (G1 Evacuation Pause)
[2026-01-16T08:40:48.282+0000][gc,task     ] GC(347) Using 8 workers of 8 for evacuation
[2026-01-16T08:40:49.188+0000][gc,mmu      ] GC(347) MMU target violated: 201.0ms (200.0ms/201.0ms)
[2026-01-16T08:40:49.190+0000][gc,phases   ] GC(347)   Pre Evacuate Collection Set: 42.0ms
[2026-01-16T08:40:49.193+0000][gc,phases   ] GC(347)   Merge Heap Roots: 22.0ms
[2026-01-16T08:40:49.195+0000][gc,phases   ] GC(347)   Evacuate Collection Set: 799.8ms
[2026-01-16T08:40:49.199+0000][gc,phases   ] GC(347)   Post Evacuate Collection Set: 29.3ms
[2026-01-16T08:40:49.200+0000][gc,phases   ] GC(347)   Other: 15.2ms
[2026-01-16T08:40:49.205+0000][gc,heap     ] GC(347) Eden regions: 46->0(46)
[2026-01-16T08:40:49.206+0000][gc,heap     ] GC(347) Survivor regions: 5->5(7)
[2026-01-16T08:40:49.210+0000][gc,heap     ] GC(347) Old regions: 120->121
[2026-01-16T08:40:49.211+0000][gc,heap     ] GC(347) Humongous regions: 83->83
[2026-01-16T08:40:49.211+0000][gc,metaspace] GC(347) Metaspace: 12233K(12672K)->12233K(12672K) NonClass: 11138K(11328K)->11138K(11328K) Class: 1095K(1344K)->1095K(1344K)
[2026-01-16T08:40:49.215+0000][gc          ] GC(347) Pause Young (Normal) (G1 Evacuation Pause) 253M->208M(1024M) 942.611ms
[2026-01-16T08:40:49.224+0000][gc,cpu      ] GC(347) User=0.41s Sys=0.04s Real=0.96s
[2026-01-16T08:40:52.095+0000][gc,start    ] GC(348) Pause Young (Normal) (G1 Evacuation Pause)
[2026-01-16T08:40:52.104+0000][gc,task     ] GC(348) Using 8 workers of 8 for evacuation
[2026-01-16T08:40:52.558+0000][gc,mmu      ] GC(348) MMU target violated: 201.0ms (200.0ms/201.0ms)
[2026-01-16T08:40:52.566+0000][gc,phases   ] GC(348)   Pre Evacuate Collection Set: 49.5ms
[2026-01-16T08:40:52.568+0000][gc,phases   ] GC(348)   Merge Heap Roots: 6.8ms
[2026-01-16T08:40:52.573+0000][gc,phases   ] GC(348)   Evacuate Collection Set: 395.6ms
[2026-01-16T08:40:52.582+0000][gc,phases   ] GC(348)   Post Evacuate Collection Set: 1.6ms
[2026-01-16T08:40:52.588+0000][gc,phases   ] GC(348)   Other: 8.6ms
[2026-01-16T08:40:52.590+0000][gc,heap     ] GC(348) Eden regions: 46->0(47)
[2026-01-16T08:40:52.594+0000][gc,heap     ] GC(348) Survivor regions: 5->4(7)
[2026-01-16T08:40:52.598+0000][gc,heap     ] GC(348) Old regions: 121->122
[2026-01-16T08:40:52.603+0000][gc,heap     ] GC(348) Humongous regions: 83->83
[2026-01-16T08:40:52.611+0000][gc,metaspace] GC(348) Metaspace: 12233K(12672K)->12233K(12672K) NonClass: 11138K(11328K)->11138K(11328K) Class: 1095K(1344K)->1095K(1344K)
[2026-01-16T08:40:52.626+0000][gc          ] GC(348) Pause Young (Normal) (G1 Evacuation Pause) 254M->208M(1024M) 530.486ms
[2026-01-16T08:40:52.644+0000][gc,cpu      ] GC(348) User=0.19s Sys=0.04s Real=0.57s
[2026-01-16T08:41:01.182+0000][gc,start    ] GC(349) Pause Young (Normal) (G1 Evacuation Pause)
[2026-01-16T08:41:01.189+0000][gc,task     ] GC(349) Using 8 workers of 8 for evacuation
[2026-01-16T08:41:02.929+0000][gc,mmu      ] GC(349) MMU target violated: 201.0ms (200.0ms/201.0ms)
[2026-01-16T08:41:02.929+0000][gc,phases   ] GC(349)   Pre Evacuate Collection Set: 80.6ms
[2026-01-16T08:41:02.933+0000][gc,phases   ] GC(349)   Merge Heap Roots: 15.7ms
[2026-01-16T08:41:02.934+0000][gc,phases   ] GC(349)   Evacuate Collection Set: 1618.7ms
[2026-01-16T08:41:02.937+0000][gc,phases   ] GC(349)   Post Evacuate Collection Set: 21.3ms
[2026-01-16T08:41:02.939+0000][gc,phases   ] GC(349)   Other: 4.6ms
[2026-01-16T08:41:02.940+0000][gc,heap     ] GC(349) Eden regions: 47->0(46)
[2026-01-16T08:41:02.941+0000][gc,heap     ] GC(349) Survivor regions: 4->5(7)
[2026-01-16T08:41:02.941+0000][gc,heap     ] GC(349) Old regions: 122->122
[2026-01-16T08:41:02.943+0000][gc,heap     ] GC(349) Humongous regions: 83->83
[2026-01-16T08:41:02.946+0000][gc,metaspace] GC(349) Metaspace: 12233K(12672K)->12233K(12672K) NonClass: 11138K(11328K)->11138K(11328K) Class: 1095K(1344K)->1095K(1344K)
[2026-01-16T08:41:02.948+0000][gc          ] GC(349) Pause Young (Normal) (G1 Evacuation Pause) 255M->209M(1024M) 1765.282ms
[2026-01-16T08:41:03.049+0000][gc,cpu      ] GC(349) User=0.64s Sys=0.06s Real=1.77s
[2026-01-16T08:41:06.304+0000][gc,start    ] GC(350) Pause Young (Normal) (G1 Evacuation Pause)
[2026-01-16T08:41:06.318+0000][gc,task     ] GC(350) Using 8 workers of 8 for evacuation
[2026-01-16T08:41:06.951+0000][gc,mmu      ] GC(350) MMU target violated: 201.0ms (200.0ms/201.0ms)
[2026-01-16T08:41:06.952+0000][gc,phases   ] GC(350)   Pre Evacuate Collection Set: 40.4ms
[2026-01-16T08:41:06.952+0000][gc,phases   ] GC(350)   Merge Heap Roots: 1.4ms
[2026-01-16T08:41:06.952+0000][gc,phases   ] GC(350)   Evacuate Collection Set: 554.2ms
[2026-01-16T08:41:06.952+0000][gc,phases   ] GC(350)   Post Evacuate Collection Set: 26.4ms
[2026-01-16T08:41:06.952+0000][gc,phases   ] GC(350)   Other: 12.3ms
[2026-01-16T08:41:06.953+0000][gc,heap     ] GC(350) Eden regions: 46->0(46)
[2026-01-16T08:41:06.965+0000][gc,heap     ] GC(350) Survivor regions: 5->5(7)
[2026-01-16T08:41:06.965+0000][gc,heap     ] GC(350) Old regions: 122->123
[2026-01-16T08:41:06.965+0000][gc,heap     ] GC(350) Humongous regions: 83->83
[2026-01-16T08:41:06.965+0000][gc,metaspace] GC(350) Metaspace: 12233K(12672K)->12233K(12672K) NonClass: 11138K(11328K)->11138K(11328K) Class: 1095K(1344K)->1095K(1344K)
[2026-01-16T08:41:06.965+0000][gc          ] GC(350) Pause Young (Normal) (G1 Evacuation Pause) 255M->209M(1024M) 660.815ms
[2026-01-16T08:41:06.965+0000][gc,cpu      ] GC(350) User=0.29s Sys=0.08s Real=0.66s
[2026-01-16T08:41:09.341+0000][gc,start    ] GC(351) Pause Young (Normal) (G1 Evacuation Pause)
[2026-01-16T08:41:09.350+0000][gc,task     ] GC(351) Using 8 workers of 8 for evacuation
[2026-01-16T08:41:09.984+0000][gc,mmu      ] GC(351) MMU target violated: 201.0ms (200.0ms/201.0ms)
[2026-01-16T08:41:09.992+0000][gc,phases   ] GC(351)   Pre Evacuate Collection Set: 48.0ms
[2026-01-16T08:41:09.992+0000][gc,phases   ] GC(351)   Merge Heap Roots: 0.9ms
[2026-01-16T08:41:09.993+0000][gc,phases   ] GC(351)   Evacuate Collection Set: 543.1ms
[2026-01-16T08:41:09.994+0000][gc,phases   ] GC(351)   Post Evacuate Collection Set: 26.5ms
[2026-01-16T08:41:09.996+0000][gc,phases   ] GC(351)   Other: 23.8ms
[2026-01-16T08:41:10.001+0000][gc,heap     ] GC(351) Eden regions: 46->0(46)
[2026-01-16T08:41:10.004+0000][gc,heap     ] GC(351) Survivor regions: 5->5(7)
[2026-01-16T08:41:10.009+0000][gc,heap     ] GC(351) Old regions: 123->123
[2026-01-16T08:41:10.019+0000][gc,heap     ] GC(351) Humongous regions: 83->83
[2026-01-16T08:41:10.022+0000][gc,metaspace] GC(351) Metaspace: 12233K(12672K)->12233K(12672K) NonClass: 11138K(11328K)->11138K(11328K) Class: 1095K(1344K)->1095K(1344K)
[2026-01-16T08:41:10.025+0000][gc          ] GC(351) Pause Young (Normal) (G1 Evacuation Pause) 255M->210M(1024M) 683.113ms
[2026-01-16T08:41:10.025+0000][gc,cpu      ] GC(351) User=0.32s Sys=0.03s Real=0.69s
[2026-01-16T08:41:16.298+0000][gc,start    ] GC(352) Pause Young (Normal) (G1 Evacuation Pause)
[2026-01-16T08:41:16.300+0000][gc,task     ] GC(352) Using 8 workers of 8 for evacuation
[2026-01-16T08:41:17.830+0000][gc,mmu      ] GC(352) MMU target violated: 201.0ms (200.0ms/201.0ms)
[2026-01-16T08:41:17.831+0000][gc,phases   ] GC(352)   Pre Evacuate Collection Set: 246.3ms
[2026-01-16T08:41:17.832+0000][gc,phases   ] GC(352)   Merge Heap Roots: 18.1ms
[2026-01-16T08:41:17.832+0000][gc,phases   ] GC(352)   Evacuate Collection Set: 1227.6ms
[2026-01-16T08:41:17.834+0000][gc,phases   ] GC(352)   Post Evacuate Collection Set: 27.9ms
[2026-01-16T08:41:17.839+0000][gc,phases   ] GC(352)   Other: 11.2ms
[2026-01-16T08:41:17.842+0000][gc,heap     ] GC(352) Eden regions: 46->0(47)
[2026-01-16T08:41:17.842+0000][gc,heap     ] GC(352) Survivor regions: 5->4(7)
[2026-01-16T08:41:17.843+0000][gc,heap     ] GC(352) Old regions: 123->124
[2026-01-16T08:41:17.843+0000][gc,heap     ] GC(352) Humongous regions: 83->83
[2026-01-16T08:41:17.843+0000][gc,metaspace] GC(352) Metaspace: 12235K(12672K)->12235K(12672K) NonClass: 11140K(11328K)->11140K(11328K) Class: 1095K(1344K)->1095K(1344K)
[2026-01-16T08:41:17.844+0000][gc          ] GC(352) Pause Young (Normal) (G1 Evacuation Pause) 256M->210M(1024M) 1546.470ms
[2026-01-16T08:41:17.848+0000][gc,cpu      ] GC(352) User=0.81s Sys=0.17s Real=1.55s
[2026-01-16T08:41:22.848+0000][gc,start    ] GC(353) Pause Young (Normal) (G1 Evacuation Pause)
[2026-01-16T08:41:22.863+0000][gc,task     ] GC(353) Using 8 workers of 8 for evacuation
[2026-01-16T08:41:24.082+0000][gc,mmu      ] GC(353) MMU target violated: 201.0ms (200.0ms/201.0ms)
[2026-01-16T08:41:24.083+0000][gc,phases   ] GC(353)   Pre Evacuate Collection Set: 48.1ms
[2026-01-16T08:41:24.088+0000][gc,phases   ] GC(353)   Merge Heap Roots: 18.3ms
[2026-01-16T08:41:24.092+0000][gc,phases   ] GC(353)   Evacuate Collection Set: 991.1ms
[2026-01-16T08:41:24.092+0000][gc,phases   ] GC(353)   Post Evacuate Collection Set: 141.8ms
[2026-01-16T08:41:24.094+0000][gc,phases   ] GC(353)   Other: 27.3ms
[2026-01-16T08:41:24.095+0000][gc,heap     ] GC(353) Eden regions: 47->0(46)
[2026-01-16T08:41:24.096+0000][gc,heap     ] GC(353) Survivor regions: 4->5(7)
[2026-01-16T08:41:24.097+0000][gc,heap     ] GC(353) Old regions: 124->124
[2026-01-16T08:41:24.097+0000][gc,heap     ] GC(353) Humongous regions: 83->83
[2026-01-16T08:41:24.099+0000][gc,metaspace] GC(353) Metaspace: 12236K(12672K)->12236K(12672K) NonClass: 11141K(11328K)->11141K(11328K) Class: 1095K(1344K)->1095K(1344K)
[2026-01-16T08:41:24.109+0000][gc          ] GC(353) Pause Young (Normal) (G1 Evacuation Pause) 257M->211M(1024M) 1260.728ms
[2026-01-16T08:41:24.117+0000][gc,cpu      ] GC(353) User=0.67s Sys=0.09s Real=1.26s
[2026-01-16T08:41:31.093+0000][gc,start    ] GC(354) Pause Young (Normal) (G1 Evacuation Pause)
[2026-01-16T08:41:31.112+0000][gc,task     ] GC(354) Using 8 workers of 8 for evacuation
[2026-01-16T08:41:32.842+0000][gc,mmu      ] GC(354) MMU target violated: 201.0ms (200.0ms/201.0ms)
[2026-01-16T08:41:32.842+0000][gc,phases   ] GC(354)   Pre Evacuate Collection Set: 242.8ms
[2026-01-16T08:41:32.843+0000][gc,phases   ] GC(354)   Merge Heap Roots: 14.2ms
[2026-01-16T08:41:32.845+0000][gc,phases   ] GC(354)   Evacuate Collection Set: 1429.0ms
[2026-01-16T08:41:32.845+0000][gc,phases   ] GC(354)   Post Evacuate Collection Set: 23.8ms
[2026-01-16T08:41:32.848+0000][gc,phases   ] GC(354)   Other: 21.0ms
[2026-01-16T08:41:32.850+0000][gc,heap     ] GC(354) Eden regions: 46->0(46)
[2026-01-16T08:41:32.851+0000][gc,heap     ] GC(354) Survivor regions: 5->5(7)
[2026-01-16T08:41:32.852+0000][gc,heap     ] GC(354) Old regions: 124->125
[2026-01-16T08:41:32.854+0000][gc,heap     ] GC(354) Humongous regions: 83->83
[2026-01-16T08:41:32.855+0000][gc,metaspace] GC(354) Metaspace: 12237K(12672K)->12237K(12672K) NonClass: 11142K(11328K)->11142K(11328K) Class: 1095K(1344K)->1095K(1344K)
[2026-01-16T08:41:32.856+0000][gc          ] GC(354) Pause Young (Normal) (G1 Evacuation Pause) 257M->212M(1024M) 1762.804ms
[2026-01-16T08:41:32.857+0000][gc,cpu      ] GC(354) User=0.74s Sys=0.15s Real=1.77s
[2026-01-16T08:41:39.434+0000][gc,start    ] GC(355) Pause Young (Normal) (G1 Evacuation Pause)
[2026-01-16T08:41:39.486+0000][gc,task     ] GC(355) Using 8 workers of 8 for evacuation
[2026-01-16T08:41:40.598+0000][gc,mmu      ] GC(355) MMU target violated: 201.0ms (200.0ms/201.0ms)
[2026-01-16T08:41:40.599+0000][gc,phases   ] GC(355)   Pre Evacuate Collection Set: 164.4ms
[2026-01-16T08:41:40.600+0000][gc,phases   ] GC(355)   Merge Heap Roots: 7.3ms
[2026-01-16T08:41:40.600+0000][gc,phases   ] GC(355)   Evacuate Collection Set: 899.7ms
[2026-01-16T08:41:40.601+0000][gc,phases   ] GC(355)   Post Evacuate Collection Set: 23.4ms
[2026-01-16T08:41:40.601+0000][gc,phases   ] GC(355)   Other: 18.6ms
[2026-01-16T08:41:40.601+0000][gc,heap     ] GC(355) Eden regions: 46->0(47)
[2026-01-16T08:41:40.601+0000][gc,heap     ] GC(355) Survivor regions: 5->4(7)
[2026-01-16T08:41:40.601+0000][gc,heap     ] GC(355) Old regions: 125->126
[2026-01-16T08:41:40.601+0000][gc,heap     ] GC(355) Humongous regions: 83->83
[2026-01-16T08:41:40.602+0000][gc,metaspace] GC(355) Metaspace: 12238K(12736K)->12238K(12736K) NonClass: 11143K(11392K)->11143K(11392K) Class: 1095K(1344K)->1095K(1344K)
[2026-01-16T08:41:40.602+0000][gc          ] GC(355) Pause Young (Normal) (G1 Evacuation Pause) 258M->212M(1024M) 1167.741ms
[2026-01-16T08:41:40.602+0000][gc,cpu      ] GC(355) User=0.51s Sys=0.08s Real=1.16s
[2026-01-16T08:41:45.410+0000][gc,start    ] GC(356) Pause Young (Normal) (G1 Evacuation Pause)
[2026-01-16T08:41:45.421+0000][gc,task     ] GC(356) Using 8 workers of 8 for evacuation
[2026-01-16T08:41:46.753+0000][gc,mmu      ] GC(356) MMU target violated: 201.0ms (200.0ms/201.0ms)
[2026-01-16T08:41:46.758+0000][gc,phases   ] GC(356)   Pre Evacuate Collection Set: 108.1ms
[2026-01-16T08:41:46.761+0000][gc,phases   ] GC(356)   Merge Heap Roots: 2.2ms
[2026-01-16T08:41:46.763+0000][gc,phases   ] GC(356)   Evacuate Collection Set: 1178.1ms
[2026-01-16T08:41:46.765+0000][gc,phases   ] GC(356)   Post Evacuate Collection Set: 32.5ms
[2026-01-16T08:41:46.765+0000][gc,phases   ] GC(356)   Other: 17.2ms
[2026-01-16T08:41:46.766+0000][gc,heap     ] GC(356) Eden regions: 47->0(46)
[2026-01-16T08:41:46.766+0000][gc,heap     ] GC(356) Survivor regions: 4->5(7)
[2026-01-16T08:41:46.767+0000][gc,heap     ] GC(356) Old regions: 126->127
[2026-01-16T08:41:46.767+0000][gc,heap     ] GC(356) Humongous regions: 83->83
[2026-01-16T08:41:46.767+0000][gc,metaspace] GC(356) Metaspace: 12238K(12736K)->12238K(12736K) NonClass: 11143K(11392K)->11143K(11392K) Class: 1095K(1344K)->1095K(1344K)
[2026-01-16T08:41:46.769+0000][gc          ] GC(356) Pause Young (Normal) (G1 Evacuation Pause) 259M->213M(1024M) 1359.066ms
[2026-01-16T08:41:46.771+0000][gc,cpu      ] GC(356) User=0.64s Sys=0.08s Real=1.36s
[2026-01-16T08:41:55.849+0000][gc,start    ] GC(357) Pause Young (Normal) (G1 Evacuation Pause)
[2026-01-16T08:41:55.856+0000][gc,task     ] GC(357) Using 8 workers of 8 for evacuation
[2026-01-16T08:41:57.365+0000][gc,mmu      ] GC(357) MMU target violated: 201.0ms (200.0ms/201.0ms)
[2026-01-16T08:41:57.366+0000][gc,phases   ] GC(357)   Pre Evacuate Collection Set: 61.1ms
[2026-01-16T08:41:57.366+0000][gc,phases   ] GC(357)   Merge Heap Roots: 2.8ms
[2026-01-16T08:41:57.366+0000][gc,phases   ] GC(357)   Evacuate Collection Set: 1370.1ms
[2026-01-16T08:41:57.367+0000][gc,phases   ] GC(357)   Post Evacuate Collection Set: 72.5ms
[2026-01-16T08:41:57.367+0000][gc,phases   ] GC(357)   Other: 3.4ms
[2026-01-16T08:41:57.367+0000][gc,heap     ] GC(357) Eden regions: 46->0(47)
[2026-01-16T08:41:57.369+0000][gc,heap     ] GC(357) Survivor regions: 5->4(7)
[2026-01-16T08:41:57.370+0000][gc,heap     ] GC(357) Old regions: 127->127
[2026-01-16T08:41:57.373+0000][gc,heap     ] GC(357) Humongous regions: 83->83
[2026-01-16T08:41:57.373+0000][gc,metaspace] GC(357) Metaspace: 12238K(12736K)->12238K(12736K) NonClass: 11143K(11392K)->11143K(11392K) Class: 1095K(1344K)->1095K(1344K)
[2026-01-16T08:41:57.377+0000][gc          ] GC(357) Pause Young (Normal) (G1 Evacuation Pause) 259M->213M(1024M) 1528.133ms
[2026-01-16T08:41:57.378+0000][gc,cpu      ] GC(357) User=0.56s Sys=0.09s Real=1.53s
[2026-01-16T08:42:05.622+0000][gc,start    ] GC(358) Pause Young (Normal) (G1 Evacuation Pause)
[2026-01-16T08:42:05.624+0000][gc,task     ] GC(358) Using 8 workers of 8 for evacuation
[2026-01-16T08:42:06.679+0000][gc,mmu      ] GC(358) MMU target violated: 201.0ms (200.0ms/201.0ms)
[2026-01-16T08:42:06.685+0000][gc,phases   ] GC(358)   Pre Evacuate Collection Set: 90.6ms
[2026-01-16T08:42:06.686+0000][gc,phases   ] GC(358)   Merge Heap Roots: 4.4ms
[2026-01-16T08:42:06.686+0000][gc,phases   ] GC(358)   Evacuate Collection Set: 908.8ms
[2026-01-16T08:42:06.687+0000][gc,phases   ] GC(358)   Post Evacuate Collection Set: 35.5ms
[2026-01-16T08:42:06.688+0000][gc,phases   ] GC(358)   Other: 22.6ms
[2026-01-16T08:42:06.689+0000][gc,heap     ] GC(358) Eden regions: 47->0(46)
[2026-01-16T08:42:06.689+0000][gc,heap     ] GC(358) Survivor regions: 4->5(7)
[2026-01-16T08:42:06.699+0000][gc,heap     ] GC(358) Old regions: 127->128
[2026-01-16T08:42:06.699+0000][gc,heap     ] GC(358) Humongous regions: 83->83
[2026-01-16T08:42:06.700+0000][gc,metaspace] GC(358) Metaspace: 12238K(12736K)->12238K(12736K) NonClass: 11143K(11392K)->11143K(11392K) Class: 1095K(1344K)->1095K(1344K)
[2026-01-16T08:42:06.732+0000][gc          ] GC(358) Pause Young (Normal) (G1 Evacuation Pause) 260M->214M(1024M) 1110.004ms
[2026-01-16T08:42:06.738+0000][gc,cpu      ] GC(358) User=0.57s Sys=0.08s Real=1.12s
[2026-01-16T08:42:11.255+0000][gc,start    ] GC(359) Pause Young (Normal) (G1 Evacuation Pause)
[2026-01-16T08:42:11.354+0000][gc,task     ] GC(359) Using 8 workers of 8 for evacuation
[2026-01-16T08:42:12.697+0000][gc,mmu      ] GC(359) MMU target violated: 201.0ms (200.0ms/201.0ms)
[2026-01-16T08:42:12.706+0000][gc,phases   ] GC(359)   Pre Evacuate Collection Set: 66.3ms
[2026-01-16T08:42:12.706+0000][gc,phases   ] GC(359)   Merge Heap Roots: 8.3ms
[2026-01-16T08:42:12.706+0000][gc,phases   ] GC(359)   Evacuate Collection Set: 1124.3ms
[2026-01-16T08:42:12.708+0000][gc,phases   ] GC(359)   Post Evacuate Collection Set: 127.7ms
[2026-01-16T08:42:12.708+0000][gc,phases   ] GC(359)   Other: 57.9ms
[2026-01-16T08:42:12.711+0000][gc,heap     ] GC(359) Eden regions: 46->0(47)
[2026-01-16T08:42:12.713+0000][gc,heap     ] GC(359) Survivor regions: 5->4(7)
[2026-01-16T08:42:12.751+0000][gc,heap     ] GC(359) Old regions: 128->129
[2026-01-16T08:42:12.752+0000][gc,heap     ] GC(359) Humongous regions: 83->83
[2026-01-16T08:42:12.752+0000][gc,metaspace] GC(359) Metaspace: 12260K(12736K)->12260K(12736K) NonClass: 11165K(11392K)->11165K(11392K) Class: 1095K(1344K)->1095K(1344K)
[2026-01-16T08:42:12.753+0000][gc          ] GC(359) Pause Young (Normal) (G1 Evacuation Pause) 260M->215M(1024M) 1498.036ms
[2026-01-16T08:42:12.753+0000][gc,cpu      ] GC(359) User=0.66s Sys=0.13s Real=1.49s
[2026-01-16T08:42:17.526+0000][gc,start    ] GC(360) Pause Young (Normal) (G1 Evacuation Pause)
[2026-01-16T08:42:17.534+0000][gc,task     ] GC(360) Using 8 workers of 8 for evacuation
[2026-01-16T08:42:18.542+0000][gc,mmu      ] GC(360) MMU target violated: 201.0ms (200.0ms/201.0ms)
[2026-01-16T08:42:18.586+0000][gc,phases   ] GC(360)   Pre Evacuate Collection Set: 30.9ms
[2026-01-16T08:42:18.587+0000][gc,phases   ] GC(360)   Merge Heap Roots: 12.1ms
[2026-01-16T08:42:18.588+0000][gc,phases   ] GC(360)   Evacuate Collection Set: 894.6ms
[2026-01-16T08:42:18.590+0000][gc,phases   ] GC(360)   Post Evacuate Collection Set: 69.3ms
[2026-01-16T08:42:18.595+0000][gc,phases   ] GC(360)   Other: 45.9ms
[2026-01-16T08:42:18.597+0000][gc,heap     ] GC(360) Eden regions: 47->0(47)
[2026-01-16T08:42:18.598+0000][gc,heap     ] GC(360) Survivor regions: 4->4(7)
[2026-01-16T08:42:18.599+0000][gc,heap     ] GC(360) Old regions: 129->129
[2026-01-16T08:42:18.601+0000][gc,heap     ] GC(360) Humongous regions: 83->83
[2026-01-16T08:42:18.606+0000][gc,metaspace] GC(360) Metaspace: 12260K(12736K)->12260K(12736K) NonClass: 11165K(11392K)->11165K(11392K) Class: 1095K(1344K)->1095K(1344K)
[2026-01-16T08:42:18.615+0000][gc          ] GC(360) Pause Young (Normal) (G1 Evacuation Pause) 262M->215M(1024M) 1089.099ms
[2026-01-16T08:42:18.619+0000][gc,cpu      ] GC(360) User=0.49s Sys=0.08s Real=1.09s
[2026-01-16T08:42:25.740+0000][gc,start    ] GC(361) Pause Young (Normal) (G1 Evacuation Pause)
[2026-01-16T08:42:25.741+0000][gc,task     ] GC(361) Using 8 workers of 8 for evacuation
[2026-01-16T08:42:26.339+0000][gc,mmu      ] GC(361) MMU target violated: 201.0ms (200.0ms/201.0ms)
[2026-01-16T08:42:26.340+0000][gc,phases   ] GC(361)   Pre Evacuate Collection Set: 65.3ms
[2026-01-16T08:42:26.342+0000][gc,phases   ] GC(361)   Merge Heap Roots: 3.7ms
[2026-01-16T08:42:26.342+0000][gc,phases   ] GC(361)   Evacuate Collection Set: 484.6ms
[2026-01-16T08:42:26.343+0000][gc,phases   ] GC(361)   Post Evacuate Collection Set: 41.2ms
[2026-01-16T08:42:26.343+0000][gc,phases   ] GC(361)   Other: 4.0ms
[2026-01-16T08:42:26.345+0000][gc,heap     ] GC(361) Eden regions: 47->0(46)
[2026-01-16T08:42:26.348+0000][gc,heap     ] GC(361) Survivor regions: 4->5(7)
[2026-01-16T08:42:26.349+0000][gc,heap     ] GC(361) Old regions: 129->129
[2026-01-16T08:42:26.349+0000][gc,heap     ] GC(361) Humongous regions: 83->83
[2026-01-16T08:42:26.349+0000][gc,metaspace] GC(361) Metaspace: 12260K(12736K)->12260K(12736K) NonClass: 11165K(11392K)->11165K(11392K) Class: 1095K(1344K)->1095K(1344K)
[2026-01-16T08:42:26.352+0000][gc          ] GC(361) Pause Young (Normal) (G1 Evacuation Pause) 262M->216M(1024M) 612.874ms
[2026-01-16T08:42:26.356+0000][gc,cpu      ] GC(361) User=0.40s Sys=0.04s Real=0.62s
[2026-01-16T08:42:38.141+0000][gc,start    ] GC(362) Pause Young (Normal) (G1 Evacuation Pause)
[2026-01-16T08:42:38.145+0000][gc,task     ] GC(362) Using 8 workers of 8 for evacuation
[2026-01-16T08:42:39.012+0000][gc,mmu      ] GC(362) MMU target violated: 201.0ms (200.0ms/201.0ms)
[2026-01-16T08:42:39.012+0000][gc,phases   ] GC(362)   Pre Evacuate Collection Set: 37.2ms
[2026-01-16T08:42:39.014+0000][gc,phases   ] GC(362)   Merge Heap Roots: 8.7ms
[2026-01-16T08:42:39.014+0000][gc,phases   ] GC(362)   Evacuate Collection Set: 779.4ms
[2026-01-16T08:42:39.014+0000][gc,phases   ] GC(362)   Post Evacuate Collection Set: 40.0ms
[2026-01-16T08:42:39.018+0000][gc,phases   ] GC(362)   Other: 2.2ms
[2026-01-16T08:42:39.024+0000][gc,heap     ] GC(362) Eden regions: 46->0(46)
[2026-01-16T08:42:39.025+0000][gc,heap     ] GC(362) Survivor regions: 5->5(7)
[2026-01-16T08:42:39.025+0000][gc,heap     ] GC(362) Old regions: 129->131
[2026-01-16T08:42:39.026+0000][gc,heap     ] GC(362) Humongous regions: 83->83
[2026-01-16T08:42:39.027+0000][gc,metaspace] GC(362) Metaspace: 12262K(12736K)->12262K(12736K) NonClass: 11167K(11392K)->11167K(11392K) Class: 1095K(1344K)->1095K(1344K)
[2026-01-16T08:42:39.028+0000][gc          ] GC(362) Pause Young (Normal) (G1 Evacuation Pause) 262M->217M(1024M) 887.223ms
[2026-01-16T08:42:39.029+0000][gc,cpu      ] GC(362) User=0.44s Sys=0.10s Real=0.93s
[2026-01-16T08:42:41.851+0000][gc,start    ] GC(363) Pause Young (Normal) (G1 Evacuation Pause)
[2026-01-16T08:42:41.873+0000][gc,task     ] GC(363) Using 8 workers of 8 for evacuation
[2026-01-16T08:42:43.110+0000][gc,mmu      ] GC(363) MMU target violated: 201.0ms (200.0ms/201.0ms)
[2026-01-16T08:42:43.120+0000][gc,phases   ] GC(363)   Pre Evacuate Collection Set: 113.9ms
[2026-01-16T08:42:43.124+0000][gc,phases   ] GC(363)   Merge Heap Roots: 7.3ms
[2026-01-16T08:42:43.126+0000][gc,phases   ] GC(363)   Evacuate Collection Set: 952.6ms
[2026-01-16T08:42:43.127+0000][gc,phases   ] GC(363)   Post Evacuate Collection Set: 125.4ms
[2026-01-16T08:42:43.128+0000][gc,phases   ] GC(363)   Other: 47.8ms
[2026-01-16T08:42:43.130+0000][gc,heap     ] GC(363) Eden regions: 46->0(47)
[2026-01-16T08:42:43.133+0000][gc,heap     ] GC(363) Survivor regions: 5->4(7)
[2026-01-16T08:42:43.138+0000][gc,heap     ] GC(363) Old regions: 131->132
[2026-01-16T08:42:43.140+0000][gc,heap     ] GC(363) Humongous regions: 83->83
[2026-01-16T08:42:43.142+0000][gc,metaspace] GC(363) Metaspace: 12263K(12736K)->12263K(12736K) NonClass: 11168K(11392K)->11168K(11392K) Class: 1095K(1344K)->1095K(1344K)
[2026-01-16T08:42:43.145+0000][gc          ] GC(363) Pause Young (Normal) (G1 Evacuation Pause) 263M->217M(1024M) 1292.551ms
[2026-01-16T08:42:43.148+0000][gc,cpu      ] GC(363) User=0.50s Sys=0.09s Real=1.30s
[2026-01-16T08:42:52.116+0000][gc,start    ] GC(364) Pause Young (Normal) (G1 Evacuation Pause)
[2026-01-16T08:42:52.130+0000][gc,task     ] GC(364) Using 8 workers of 8 for evacuation
[2026-01-16T08:42:55.649+0000][gc,mmu      ] GC(364) MMU target violated: 201.0ms (200.0ms/201.0ms)
[2026-01-16T08:42:55.709+0000][gc,phases   ] GC(364)   Pre Evacuate Collection Set: 78.0ms
[2026-01-16T08:42:55.713+0000][gc,phases   ] GC(364)   Merge Heap Roots: 78.1ms
[2026-01-16T08:42:55.721+0000][gc,phases   ] GC(364)   Evacuate Collection Set: 1620.2ms
[2026-01-16T08:42:55.726+0000][gc,phases   ] GC(364)   Post Evacuate Collection Set: 1734.8ms
[2026-01-16T08:42:55.730+0000][gc,phases   ] GC(364)   Other: 75.9ms
[2026-01-16T08:42:55.731+0000][gc,heap     ] GC(364) Eden regions: 47->0(46)
[2026-01-16T08:42:55.734+0000][gc,heap     ] GC(364) Survivor regions: 4->5(7)
[2026-01-16T08:42:55.737+0000][gc,heap     ] GC(364) Old regions: 132->132
[2026-01-16T08:42:55.743+0000][gc,heap     ] GC(364) Humongous regions: 83->83
[2026-01-16T08:42:55.747+0000][gc,metaspace] GC(364) Metaspace: 12263K(12736K)->12263K(12736K) NonClass: 11168K(11392K)->11168K(11392K) Class: 1095K(1344K)->1095K(1344K)
[2026-01-16T08:42:55.750+0000][gc          ] GC(364) Pause Young (Normal) (G1 Evacuation Pause) 264M->218M(1024M) 3633.076ms
[2026-01-16T08:42:55.753+0000][gc,cpu      ] GC(364) User=0.75s Sys=0.08s Real=3.64s
[2026-01-16T08:43:02.005+0000][gc,start    ] GC(365) Pause Young (Normal) (G1 Evacuation Pause)
[2026-01-16T08:43:02.015+0000][gc,task     ] GC(365) Using 8 workers of 8 for evacuation
[2026-01-16T08:43:03.318+0000][gc,mmu      ] GC(365) MMU target violated: 201.0ms (200.0ms/201.0ms)
[2026-01-16T08:43:03.342+0000][gc,phases   ] GC(365)   Pre Evacuate Collection Set: 107.6ms
[2026-01-16T08:43:03.365+0000][gc,phases   ] GC(365)   Merge Heap Roots: 4.0ms
[2026-01-16T08:43:03.378+0000][gc,phases   ] GC(365)   Evacuate Collection Set: 1057.4ms
[2026-01-16T08:43:03.385+0000][gc,phases   ] GC(365)   Post Evacuate Collection Set: 78.3ms
[2026-01-16T08:43:03.389+0000][gc,phases   ] GC(365)   Other: 87.6ms
[2026-01-16T08:43:03.391+0000][gc,heap     ] GC(365) Eden regions: 46->0(47)
[2026-01-16T08:43:03.391+0000][gc,heap     ] GC(365) Survivor regions: 5->4(7)
[2026-01-16T08:43:03.391+0000][gc,heap     ] GC(365) Old regions: 132->132
[2026-01-16T08:43:03.392+0000][gc,heap     ] GC(365) Humongous regions: 83->83
[2026-01-16T08:43:03.392+0000][gc,metaspace] GC(365) Metaspace: 12263K(12736K)->12263K(12736K) NonClass: 11168K(11392K)->11168K(11392K) Class: 1095K(1344K)->1095K(1344K)
[2026-01-16T08:43:03.397+0000][gc          ] GC(365) Pause Young (Normal) (G1 Evacuation Pause) 264M->218M(1024M) 1391.515ms
[2026-01-16T08:43:03.399+0000][gc,cpu      ] GC(365) User=0.52s Sys=0.09s Real=1.41s
[2026-01-16T08:43:06.613+0000][gc,start    ] GC(366) Pause Young (Normal) (G1 Evacuation Pause)
[2026-01-16T08:43:06.621+0000][gc,task     ] GC(366) Using 8 workers of 8 for evacuation
[2026-01-16T08:43:07.962+0000][gc,mmu      ] GC(366) MMU target violated: 201.0ms (200.0ms/201.0ms)
[2026-01-16T08:43:07.964+0000][gc,phases   ] GC(366)   Pre Evacuate Collection Set: 83.4ms
[2026-01-16T08:43:07.967+0000][gc,phases   ] GC(366)   Merge Heap Roots: 6.6ms
[2026-01-16T08:43:07.969+0000][gc,phases   ] GC(366)   Evacuate Collection Set: 1153.5ms
[2026-01-16T08:43:07.970+0000][gc,phases   ] GC(366)   Post Evacuate Collection Set: 100.0ms
[2026-01-16T08:43:07.970+0000][gc,phases   ] GC(366)   Other: 3.3ms
[2026-01-16T08:43:07.970+0000][gc,heap     ] GC(366) Eden regions: 47->0(46)
[2026-01-16T08:43:07.971+0000][gc,heap     ] GC(366) Survivor regions: 4->5(7)
[2026-01-16T08:43:07.971+0000][gc,heap     ] GC(366) Old regions: 132->133
[2026-01-16T08:43:07.971+0000][gc,heap     ] GC(366) Humongous regions: 83->83
[2026-01-16T08:43:07.971+0000][gc,metaspace] GC(366) Metaspace: 12263K(12736K)->12263K(12736K) NonClass: 11168K(11392K)->11168K(11392K) Class: 1095K(1344K)->1095K(1344K)
[2026-01-16T08:43:07.972+0000][gc          ] GC(366) Pause Young (Normal) (G1 Evacuation Pause) 265M->219M(1024M) 1361.655ms
[2026-01-16T08:43:07.973+0000][gc,cpu      ] GC(366) User=0.51s Sys=0.08s Real=1.37s
[2026-01-16T08:43:10.059+0000][gc,start    ] GC(367) Pause Young (Normal) (G1 Evacuation Pause)
[2026-01-16T08:43:10.060+0000][gc,task     ] GC(367) Using 8 workers of 8 for evacuation
[2026-01-16T08:43:10.591+0000][gc,mmu      ] GC(367) MMU target violated: 201.0ms (200.0ms/201.0ms)
[2026-01-16T08:43:10.593+0000][gc,phases   ] GC(367)   Pre Evacuate Collection Set: 44.2ms
[2026-01-16T08:43:10.611+0000][gc,phases   ] GC(367)   Merge Heap Roots: 9.8ms
[2026-01-16T08:43:10.611+0000][gc,phases   ] GC(367)   Evacuate Collection Set: 391.0ms
[2026-01-16T08:43:10.611+0000][gc,phases   ] GC(367)   Post Evacuate Collection Set: 84.5ms
[2026-01-16T08:43:10.611+0000][gc,phases   ] GC(367)   Other: 3.5ms
[2026-01-16T08:43:10.613+0000][gc,heap     ] GC(367) Eden regions: 46->0(46)
[2026-01-16T08:43:10.616+0000][gc,heap     ] GC(367) Survivor regions: 5->5(7)
[2026-01-16T08:43:10.621+0000][gc,heap     ] GC(367) Old regions: 133->134
[2026-01-16T08:43:10.621+0000][gc,heap     ] GC(367) Humongous regions: 83->83
[2026-01-16T08:43:10.621+0000][gc,metaspace] GC(367) Metaspace: 12263K(12736K)->12263K(12736K) NonClass: 11168K(11392K)->11168K(11392K) Class: 1095K(1344K)->1095K(1344K)
[2026-01-16T08:43:10.621+0000][gc          ] GC(367) Pause Young (Normal) (G1 Evacuation Pause) 265M->220M(1024M) 562.372ms
[2026-01-16T08:43:10.622+0000][gc,cpu      ] GC(367) User=0.28s Sys=0.05s Real=0.56s
[2026-01-16T08:43:15.465+0000][gc,start    ] GC(368) Pause Young (Normal) (G1 Evacuation Pause)
[2026-01-16T08:43:15.476+0000][gc,task     ] GC(368) Using 8 workers of 8 for evacuation
[2026-01-16T08:43:16.501+0000][gc,mmu      ] GC(368) MMU target violated: 201.0ms (200.0ms/201.0ms)
[2026-01-16T08:43:16.504+0000][gc,phases   ] GC(368)   Pre Evacuate Collection Set: 52.0ms
[2026-01-16T08:43:16.504+0000][gc,phases   ] GC(368)   Merge Heap Roots: 23.1ms
[2026-01-16T08:43:16.506+0000][gc,phases   ] GC(368)   Evacuate Collection Set: 899.0ms
[2026-01-16T08:43:16.506+0000][gc,phases   ] GC(368)   Post Evacuate Collection Set: 47.2ms
[2026-01-16T08:43:16.507+0000][gc,phases   ] GC(368)   Other: 11.7ms
[2026-01-16T08:43:16.507+0000][gc,heap     ] GC(368) Eden regions: 46->0(47)
[2026-01-16T08:43:16.508+0000][gc,heap     ] GC(368) Survivor regions: 5->4(7)
[2026-01-16T08:43:16.508+0000][gc,heap     ] GC(368) Old regions: 134->134
[2026-01-16T08:43:16.508+0000][gc,heap     ] GC(368) Humongous regions: 83->83
[2026-01-16T08:43:16.509+0000][gc,metaspace] GC(368) Metaspace: 12263K(12736K)->12263K(12736K) NonClass: 11168K(11392K)->11168K(11392K) Class: 1095K(1344K)->1095K(1344K)
[2026-01-16T08:43:16.509+0000][gc          ] GC(368) Pause Young (Normal) (G1 Evacuation Pause) 266M->220M(1024M) 1043.882ms
[2026-01-16T08:43:16.510+0000][gc,cpu      ] GC(368) User=0.46s Sys=0.05s Real=1.04s
[2026-01-16T08:43:20.271+0000][gc,start    ] GC(369) Pause Young (Normal) (G1 Evacuation Pause)
[2026-01-16T08:43:20.308+0000][gc,task     ] GC(369) Using 8 workers of 8 for evacuation
[2026-01-16T08:43:22.564+0000][gc,mmu      ] GC(369) MMU target violated: 201.0ms (200.0ms/201.0ms)
[2026-01-16T08:43:22.569+0000][gc,phases   ] GC(369)   Pre Evacuate Collection Set: 151.5ms
[2026-01-16T08:43:22.573+0000][gc,phases   ] GC(369)   Merge Heap Roots: 5.6ms
[2026-01-16T08:43:22.576+0000][gc,phases   ] GC(369)   Evacuate Collection Set: 1808.8ms
[2026-01-16T08:43:22.578+0000][gc,phases   ] GC(369)   Post Evacuate Collection Set: 271.9ms
[2026-01-16T08:43:22.581+0000][gc,phases   ] GC(369)   Other: 24.4ms
[2026-01-16T08:43:22.583+0000][gc,heap     ] GC(369) Eden regions: 47->0(46)
[2026-01-16T08:43:22.585+0000][gc,heap     ] GC(369) Survivor regions: 4->5(7)
[2026-01-16T08:43:22.587+0000][gc,heap     ] GC(369) Old regions: 134->135
[2026-01-16T08:43:22.590+0000][gc,heap     ] GC(369) Humongous regions: 83->83
[2026-01-16T08:43:22.592+0000][gc,metaspace] GC(369) Metaspace: 12263K(12736K)->12263K(12736K) NonClass: 11168K(11392K)->11168K(11392K) Class: 1095K(1344K)->1095K(1344K)
[2026-01-16T08:43:22.594+0000][gc          ] GC(369) Pause Young (Normal) (G1 Evacuation Pause) 267M->221M(1024M) 2322.392ms
[2026-01-16T08:43:22.602+0000][gc,cpu      ] GC(369) User=0.78s Sys=0.16s Real=2.33s
[2026-01-16T08:43:27.257+0000][gc,start    ] GC(370) Pause Young (Normal) (G1 Evacuation Pause)
[2026-01-16T08:43:27.260+0000][gc,task     ] GC(370) Using 8 workers of 8 for evacuation
[2026-01-16T08:43:28.166+0000][gc,mmu      ] GC(370) MMU target violated: 201.0ms (200.0ms/201.0ms)
[2026-01-16T08:43:28.189+0000][gc,phases   ] GC(370)   Pre Evacuate Collection Set: 72.0ms
[2026-01-16T08:43:28.196+0000][gc,phases   ] GC(370)   Merge Heap Roots: 7.0ms
[2026-01-16T08:43:28.197+0000][gc,phases   ] GC(370)   Evacuate Collection Set: 772.5ms
[2026-01-16T08:43:28.197+0000][gc,phases   ] GC(370)   Post Evacuate Collection Set: 44.0ms
[2026-01-16T08:43:28.197+0000][gc,phases   ] GC(370)   Other: 33.6ms
[2026-01-16T08:43:28.198+0000][gc,heap     ] GC(370) Eden regions: 46->0(47)
[2026-01-16T08:43:28.200+0000][gc,heap     ] GC(370) Survivor regions: 5->4(7)
[2026-01-16T08:43:28.200+0000][gc,heap     ] GC(370) Old regions: 135->136
[2026-01-16T08:43:28.202+0000][gc,heap     ] GC(370) Humongous regions: 83->83
[2026-01-16T08:43:28.202+0000][gc,metaspace] GC(370) Metaspace: 12263K(12736K)->12263K(12736K) NonClass: 11168K(11392K)->11168K(11392K) Class: 1095K(1344K)->1095K(1344K)
[2026-01-16T08:43:28.205+0000][gc          ] GC(370) Pause Young (Normal) (G1 Evacuation Pause) 267M->222M(1024M) 947.558ms
[2026-01-16T08:43:28.216+0000][gc,cpu      ] GC(370) User=0.31s Sys=0.05s Real=0.96s
[2026-01-16T08:43:33.161+0000][gc,start    ] GC(371) Pause Young (Normal) (G1 Evacuation Pause)
[2026-01-16T08:43:33.218+0000][gc,task     ] GC(371) Using 8 workers of 8 for evacuation
[2026-01-16T08:43:34.705+0000][gc,mmu      ] GC(371) MMU target violated: 201.0ms (200.0ms/201.0ms)
[2026-01-16T08:43:34.706+0000][gc,phases   ] GC(371)   Pre Evacuate Collection Set: 146.7ms
[2026-01-16T08:43:34.706+0000][gc,phases   ] GC(371)   Merge Heap Roots: 64.7ms
[2026-01-16T08:43:34.707+0000][gc,phases   ] GC(371)   Evacuate Collection Set: 1140.0ms
[2026-01-16T08:43:34.707+0000][gc,phases   ] GC(371)   Post Evacuate Collection Set: 93.3ms
[2026-01-16T08:43:34.707+0000][gc,phases   ] GC(371)   Other: 44.0ms
[2026-01-16T08:43:34.707+0000][gc,heap     ] GC(371) Eden regions: 47->0(46)
[2026-01-16T08:43:34.707+0000][gc,heap     ] GC(371) Survivor regions: 4->5(7)
[2026-01-16T08:43:34.708+0000][gc,heap     ] GC(371) Old regions: 136->136
[2026-01-16T08:43:34.708+0000][gc,heap     ] GC(371) Humongous regions: 83->83
[2026-01-16T08:43:34.708+0000][gc,metaspace] GC(371) Metaspace: 12264K(12736K)->12264K(12736K) NonClass: 11169K(11392K)->11169K(11392K) Class: 1095K(1344K)->1095K(1344K)
[2026-01-16T08:43:34.708+0000][gc          ] GC(371) Pause Young (Normal) (G1 Evacuation Pause) 269M->222M(1024M) 1547.488ms
[2026-01-16T08:43:34.709+0000][gc,cpu      ] GC(371) User=0.57s Sys=0.04s Real=1.55s
[2026-01-16T08:43:42.752+0000][gc,start    ] GC(372) Pause Young (Normal) (G1 Evacuation Pause)
[2026-01-16T08:43:42.777+0000][gc,task     ] GC(372) Using 8 workers of 8 for evacuation
[2026-01-16T08:43:45.936+0000][gc,mmu      ] GC(372) MMU target violated: 201.0ms (200.0ms/201.0ms)
[2026-01-16T08:43:45.953+0000][gc,phases   ] GC(372)   Pre Evacuate Collection Set: 604.5ms
[2026-01-16T08:43:45.961+0000][gc,phases   ] GC(372)   Merge Heap Roots: 88.5ms
[2026-01-16T08:43:45.963+0000][gc,phases   ] GC(372)   Evacuate Collection Set: 2301.4ms
[2026-01-16T08:43:45.966+0000][gc,phases   ] GC(372)   Post Evacuate Collection Set: 88.5ms
[2026-01-16T08:43:45.967+0000][gc,phases   ] GC(372)   Other: 93.2ms
[2026-01-16T08:43:45.973+0000][gc,heap     ] GC(372) Eden regions: 46->0(46)
[2026-01-16T08:43:45.973+0000][gc,heap     ] GC(372) Survivor regions: 5->5(7)
[2026-01-16T08:43:45.975+0000][gc,heap     ] GC(372) Old regions: 136->136
[2026-01-16T08:43:45.976+0000][gc,heap     ] GC(372) Humongous regions: 83->83
[2026-01-16T08:43:45.980+0000][gc,metaspace] GC(372) Metaspace: 12264K(12736K)->12264K(12736K) NonClass: 11169K(11392K)->11169K(11392K) Class: 1095K(1344K)->1095K(1344K)
[2026-01-16T08:43:45.981+0000][gc          ] GC(372) Pause Young (Normal) (G1 Evacuation Pause) 268M->223M(1024M) 3229.080ms
[2026-01-16T08:43:45.994+0000][gc,cpu      ] GC(372) User=0.87s Sys=0.12s Real=3.25s
[2026-01-16T08:43:52.418+0000][gc,start    ] GC(373) Pause Young (Normal) (G1 Evacuation Pause)
[2026-01-16T08:43:52.433+0000][gc,task     ] GC(373) Using 8 workers of 8 for evacuation
[2026-01-16T08:43:53.280+0000][gc,mmu      ] GC(373) MMU target violated: 201.0ms (200.0ms/201.0ms)
[2026-01-16T08:43:53.285+0000][gc,phases   ] GC(373)   Pre Evacuate Collection Set: 75.9ms
[2026-01-16T08:43:53.285+0000][gc,phases   ] GC(373)   Merge Heap Roots: 14.1ms
[2026-01-16T08:43:53.286+0000][gc,phases   ] GC(373)   Evacuate Collection Set: 712.8ms
[2026-01-16T08:43:53.286+0000][gc,phases   ] GC(373)   Post Evacuate Collection Set: 26.3ms
[2026-01-16T08:43:53.287+0000][gc,phases   ] GC(373)   Other: 25.5ms
[2026-01-16T08:43:53.287+0000][gc,heap     ] GC(373) Eden regions: 46->0(46)
[2026-01-16T08:43:53.288+0000][gc,heap     ] GC(373) Survivor regions: 5->5(7)
[2026-01-16T08:43:53.289+0000][gc,heap     ] GC(373) Old regions: 136->137
[2026-01-16T08:43:53.290+0000][gc,heap     ] GC(373) Humongous regions: 83->83
[2026-01-16T08:43:53.290+0000][gc,metaspace] GC(373) Metaspace: 12265K(12736K)->12265K(12736K) NonClass: 11170K(11392K)->11170K(11392K) Class: 1095K(1344K)->1095K(1344K)
[2026-01-16T08:43:53.291+0000][gc          ] GC(373) Pause Young (Normal) (G1 Evacuation Pause) 269M->224M(1024M) 873.220ms
[2026-01-16T08:43:53.301+0000][gc,cpu      ] GC(373) User=0.49s Sys=0.05s Real=0.88s
[2026-01-16T08:43:56.029+0000][gc,start    ] GC(374) Pause Young (Normal) (G1 Evacuation Pause)
[2026-01-16T08:43:56.031+0000][gc,task     ] GC(374) Using 8 workers of 8 for evacuation
[2026-01-16T08:43:56.624+0000][gc,mmu      ] GC(374) MMU target violated: 201.0ms (200.0ms/201.0ms)
[2026-01-16T08:43:56.632+0000][gc,phases   ] GC(374)   Pre Evacuate Collection Set: 106.7ms
[2026-01-16T08:43:56.637+0000][gc,phases   ] GC(374)   Merge Heap Roots: 4.2ms
[2026-01-16T08:43:56.642+0000][gc,phases   ] GC(374)   Evacuate Collection Set: 454.2ms
[2026-01-16T08:43:56.643+0000][gc,phases   ] GC(374)   Post Evacuate Collection Set: 14.3ms
[2026-01-16T08:43:56.644+0000][gc,phases   ] GC(374)   Other: 22.0ms
[2026-01-16T08:43:56.645+0000][gc,heap     ] GC(374) Eden regions: 46->0(47)
[2026-01-16T08:43:56.645+0000][gc,heap     ] GC(374) Survivor regions: 5->4(7)
[2026-01-16T08:43:56.657+0000][gc,heap     ] GC(374) Old regions: 137->138
[2026-01-16T08:43:56.660+0000][gc,heap     ] GC(374) Humongous regions: 83->83
[2026-01-16T08:43:56.667+0000][gc,metaspace] GC(374) Metaspace: 12265K(12736K)->12265K(12736K) NonClass: 11170K(11392K)->11170K(11392K) Class: 1095K(1344K)->1095K(1344K)
[2026-01-16T08:43:56.679+0000][gc          ] GC(374) Pause Young (Normal) (G1 Evacuation Pause) 270M->224M(1024M) 650.283ms
[2026-01-16T08:43:56.760+0000][gc,cpu      ] GC(374) User=0.40s Sys=0.03s Real=0.66s
[2026-01-16T08:44:00.710+0000][gc,start    ] GC(375) Pause Young (Normal) (G1 Evacuation Pause)
[2026-01-16T08:44:00.765+0000][gc,task     ] GC(375) Using 8 workers of 8 for evacuation
[2026-01-16T08:44:02.702+0000][gc,mmu      ] GC(375) MMU target violated: 201.0ms (200.0ms/201.0ms)
[2026-01-16T08:44:02.705+0000][gc,phases   ] GC(375)   Pre Evacuate Collection Set: 148.3ms
[2026-01-16T08:44:02.705+0000][gc,phases   ] GC(375)   Merge Heap Roots: 18.0ms
[2026-01-16T08:44:02.708+0000][gc,phases   ] GC(375)   Evacuate Collection Set: 1544.9ms
[2026-01-16T08:44:02.715+0000][gc,phases   ] GC(375)   Post Evacuate Collection Set: 214.5ms
[2026-01-16T08:44:02.715+0000][gc,phases   ] GC(375)   Other: 16.6ms
[2026-01-16T08:44:02.719+0000][gc,heap     ] GC(375) Eden regions: 47->0(46)
[2026-01-16T08:44:02.722+0000][gc,heap     ] GC(375) Survivor regions: 4->5(7)
[2026-01-16T08:44:02.724+0000][gc,heap     ] GC(375) Old regions: 138->138
[2026-01-16T08:44:02.724+0000][gc,heap     ] GC(375) Humongous regions: 83->83
[2026-01-16T08:44:02.725+0000][gc,metaspace] GC(375) Metaspace: 12267K(12736K)->12267K(12736K) NonClass: 11172K(11392K)->11172K(11392K) Class: 1095K(1344K)->1095K(1344K)
[2026-01-16T08:44:02.727+0000][gc          ] GC(375) Pause Young (Normal) (G1 Evacuation Pause) 271M->225M(1024M) 2049.535ms
[2026-01-16T08:44:02.732+0000][gc,cpu      ] GC(375) User=0.65s Sys=0.09s Real=2.06s
[2026-01-16T08:44:07.981+0000][gc,start    ] GC(376) Pause Young (Normal) (G1 Evacuation Pause)
[2026-01-16T08:44:07.992+0000][gc,task     ] GC(376) Using 8 workers of 8 for evacuation
[2026-01-16T08:44:08.617+0000][gc,mmu      ] GC(376) MMU target violated: 201.0ms (200.0ms/201.0ms)
[2026-01-16T08:44:08.617+0000][gc,phases   ] GC(376)   Pre Evacuate Collection Set: 38.0ms
[2026-01-16T08:44:08.617+0000][gc,phases   ] GC(376)   Merge Heap Roots: 0.3ms
[2026-01-16T08:44:08.617+0000][gc,phases   ] GC(376)   Evacuate Collection Set: 550.8ms
[2026-01-16T08:44:08.617+0000][gc,phases   ] GC(376)   Post Evacuate Collection Set: 34.8ms
[2026-01-16T08:44:08.621+0000][gc,phases   ] GC(376)   Other: 0.8ms
[2026-01-16T08:44:08.621+0000][gc,heap     ] GC(376) Eden regions: 46->0(47)
[2026-01-16T08:44:08.621+0000][gc,heap     ] GC(376) Survivor regions: 5->4(7)
[2026-01-16T08:44:08.621+0000][gc,heap     ] GC(376) Old regions: 138->139
[2026-01-16T08:44:08.621+0000][gc,heap     ] GC(376) Humongous regions: 83->83
[2026-01-16T08:44:08.623+0000][gc,metaspace] GC(376) Metaspace: 12272K(12736K)->12272K(12736K) NonClass: 11177K(11392K)->11177K(11392K) Class: 1095K(1344K)->1095K(1344K)
[2026-01-16T08:44:08.627+0000][gc          ] GC(376) Pause Young (Normal) (G1 Evacuation Pause) 271M->225M(1024M) 646.084ms
[2026-01-16T08:44:08.628+0000][gc,cpu      ] GC(376) User=0.30s Sys=0.04s Real=0.65s
[2026-01-16T08:44:13.084+0000][gc,start    ] GC(377) Pause Young (Normal) (G1 Evacuation Pause)
[2026-01-16T08:44:13.150+0000][gc,task     ] GC(377) Using 8 workers of 8 for evacuation
[2026-01-16T08:44:16.133+0000][gc,mmu      ] GC(377) MMU target violated: 201.0ms (200.0ms/201.0ms)
[2026-01-16T08:44:16.168+0000][gc,phases   ] GC(377)   Pre Evacuate Collection Set: 56.5ms
[2026-01-16T08:44:16.173+0000][gc,phases   ] GC(377)   Merge Heap Roots: 2.9ms
[2026-01-16T08:44:16.173+0000][gc,phases   ] GC(377)   Evacuate Collection Set: 2597.1ms
[2026-01-16T08:44:16.174+0000][gc,phases   ] GC(377)   Post Evacuate Collection Set: 316.4ms
[2026-01-16T08:44:16.174+0000][gc,phases   ] GC(377)   Other: 84.6ms
[2026-01-16T08:44:16.230+0000][gc,heap     ] GC(377) Eden regions: 47->0(46)
[2026-01-16T08:44:16.232+0000][gc,heap     ] GC(377) Survivor regions: 4->5(7)
[2026-01-16T08:44:16.232+0000][gc,heap     ] GC(377) Old regions: 139->139
[2026-01-16T08:44:16.233+0000][gc,heap     ] GC(377) Humongous regions: 83->83
[2026-01-16T08:44:16.235+0000][gc,metaspace] GC(377) Metaspace: 12272K(12736K)->12272K(12736K) NonClass: 11177K(11392K)->11177K(11392K) Class: 1095K(1344K)->1095K(1344K)
[2026-01-16T08:44:16.263+0000][gc          ] GC(377) Pause Young (Normal) (G1 Evacuation Pause) 272M->226M(1024M) 3179.240ms
[2026-01-16T08:44:16.273+0000][gc,cpu      ] GC(377) User=1.15s Sys=0.14s Real=3.23s
[2026-01-16T08:44:18.562+0000][gc,start    ] GC(378) Pause Young (Normal) (G1 Evacuation Pause)
[2026-01-16T08:44:18.570+0000][gc,task     ] GC(378) Using 8 workers of 8 for evacuation
[2026-01-16T08:44:19.772+0000][gc,mmu      ] GC(378) MMU target violated: 201.0ms (200.0ms/201.0ms)
[2026-01-16T08:44:19.775+0000][gc,phases   ] GC(378)   Pre Evacuate Collection Set: 37.4ms
[2026-01-16T08:44:19.780+0000][gc,phases   ] GC(378)   Merge Heap Roots: 10.6ms
[2026-01-16T08:44:19.782+0000][gc,phases   ] GC(378)   Evacuate Collection Set: 1113.4ms
[2026-01-16T08:44:19.784+0000][gc,phases   ] GC(378)   Post Evacuate Collection Set: 31.7ms
[2026-01-16T08:44:19.785+0000][gc,phases   ] GC(378)   Other: 12.3ms
[2026-01-16T08:44:19.786+0000][gc,heap     ] GC(378) Eden regions: 46->0(46)
[2026-01-16T08:44:19.787+0000][gc,heap     ] GC(378) Survivor regions: 5->5(7)
[2026-01-16T08:44:19.787+0000][gc,heap     ] GC(378) Old regions: 139->140
[2026-01-16T08:44:19.788+0000][gc,heap     ] GC(378) Humongous regions: 83->83
[2026-01-16T08:44:19.793+0000][gc,metaspace] GC(378) Metaspace: 12272K(12736K)->12272K(12736K) NonClass: 11177K(11392K)->11177K(11392K) Class: 1095K(1344K)->1095K(1344K)
[2026-01-16T08:44:19.795+0000][gc          ] GC(378) Pause Young (Normal) (G1 Evacuation Pause) 272M->226M(1024M) 1232.506ms
[2026-01-16T08:44:19.799+0000][gc,cpu      ] GC(378) User=0.45s Sys=0.08s Real=1.24s
[2026-01-16T08:44:25.597+0000][gc,start    ] GC(379) Pause Young (Normal) (G1 Evacuation Pause)
[2026-01-16T08:44:25.625+0000][gc,task     ] GC(379) Using 8 workers of 8 for evacuation
[2026-01-16T08:44:26.140+0000][gc,mmu      ] GC(379) MMU target violated: 201.0ms (200.0ms/201.0ms)
[2026-01-16T08:44:26.142+0000][gc,phases   ] GC(379)   Pre Evacuate Collection Set: 54.3ms
[2026-01-16T08:44:26.142+0000][gc,phases   ] GC(379)   Merge Heap Roots: 14.4ms
[2026-01-16T08:44:26.144+0000][gc,phases   ] GC(379)   Evacuate Collection Set: 418.0ms
[2026-01-16T08:44:26.145+0000][gc,phases   ] GC(379)   Post Evacuate Collection Set: 26.1ms
[2026-01-16T08:44:26.145+0000][gc,phases   ] GC(379)   Other: 21.1ms
[2026-01-16T08:44:26.145+0000][gc,heap     ] GC(379) Eden regions: 46->0(46)
[2026-01-16T08:44:26.146+0000][gc,heap     ] GC(379) Survivor regions: 5->5(7)
[2026-01-16T08:44:26.146+0000][gc,heap     ] GC(379) Old regions: 140->140
[2026-01-16T08:44:26.146+0000][gc,heap     ] GC(379) Humongous regions: 83->83
[2026-01-16T08:44:26.147+0000][gc,metaspace] GC(379) Metaspace: 12273K(12736K)->12273K(12736K) NonClass: 11178K(11392K)->11178K(11392K) Class: 1095K(1344K)->1095K(1344K)
[2026-01-16T08:44:26.147+0000][gc          ] GC(379) Pause Young (Normal) (G1 Evacuation Pause) 272M->227M(1024M) 549.457ms
[2026-01-16T08:44:26.148+0000][gc,cpu      ] GC(379) User=0.37s Sys=0.03s Real=0.55s
[2026-01-16T08:44:32.263+0000][gc,start    ] GC(380) Pause Young (Normal) (G1 Evacuation Pause)
[2026-01-16T08:44:32.306+0000][gc,task     ] GC(380) Using 8 workers of 8 for evacuation
[2026-01-16T08:44:34.543+0000][gc,mmu      ] GC(380) MMU target violated: 201.0ms (200.0ms/201.0ms)
[2026-01-16T08:44:34.545+0000][gc,phases   ] GC(380)   Pre Evacuate Collection Set: 188.1ms
[2026-01-16T08:44:34.545+0000][gc,phases   ] GC(380)   Merge Heap Roots: 14.2ms
[2026-01-16T08:44:34.545+0000][gc,phases   ] GC(380)   Evacuate Collection Set: 1877.4ms
[2026-01-16T08:44:34.545+0000][gc,phases   ] GC(380)   Post Evacuate Collection Set: 130.5ms
[2026-01-16T08:44:34.546+0000][gc,phases   ] GC(380)   Other: 36.2ms
[2026-01-16T08:44:34.546+0000][gc,heap     ] GC(380) Eden regions: 46->0(46)
[2026-01-16T08:44:34.547+0000][gc,heap     ] GC(380) Survivor regions: 5->5(7)
[2026-01-16T08:44:34.547+0000][gc,heap     ] GC(380) Old regions: 140->141
[2026-01-16T08:44:34.550+0000][gc,heap     ] GC(380) Humongous regions: 83->83
[2026-01-16T08:44:34.551+0000][gc,metaspace] GC(380) Metaspace: 12279K(12736K)->12279K(12736K) NonClass: 11184K(11392K)->11184K(11392K) Class: 1095K(1344K)->1095K(1344K)
[2026-01-16T08:44:34.568+0000][gc          ] GC(380) Pause Young (Normal) (G1 Evacuation Pause) 273M->228M(1024M) 2305.504ms
[2026-01-16T08:44:34.569+0000][gc,cpu      ] GC(380) User=0.89s Sys=0.10s Real=2.35s
[2026-01-16T08:44:38.031+0000][gc,start    ] GC(381) Pause Young (Normal) (G1 Evacuation Pause)
[2026-01-16T08:44:38.035+0000][gc,task     ] GC(381) Using 8 workers of 8 for evacuation
[2026-01-16T08:44:38.953+0000][gc,mmu      ] GC(381) MMU target violated: 201.0ms (200.0ms/201.0ms)
[2026-01-16T08:44:38.954+0000][gc,phases   ] GC(381)   Pre Evacuate Collection Set: 141.9ms
[2026-01-16T08:44:38.955+0000][gc,phases   ] GC(381)   Merge Heap Roots: 29.1ms
[2026-01-16T08:44:38.955+0000][gc,phases   ] GC(381)   Evacuate Collection Set: 705.5ms
[2026-01-16T08:44:38.955+0000][gc,phases   ] GC(381)   Post Evacuate Collection Set: 38.7ms
[2026-01-16T08:44:38.955+0000][gc,phases   ] GC(381)   Other: 3.8ms
[2026-01-16T08:44:38.955+0000][gc,heap     ] GC(381) Eden regions: 46->0(46)
[2026-01-16T08:44:38.955+0000][gc,heap     ] GC(381) Survivor regions: 5->5(7)
[2026-01-16T08:44:38.955+0000][gc,heap     ] GC(381) Old regions: 141->142
[2026-01-16T08:44:38.955+0000][gc,heap     ] GC(381) Humongous regions: 83->83
[2026-01-16T08:44:38.956+0000][gc,metaspace] GC(381) Metaspace: 12279K(12736K)->12279K(12736K) NonClass: 11184K(11392K)->11184K(11392K) Class: 1095K(1344K)->1095K(1344K)
[2026-01-16T08:44:38.956+0000][gc          ] GC(381) Pause Young (Normal) (G1 Evacuation Pause) 274M->228M(1024M) 924.895ms
[2026-01-16T08:44:38.956+0000][gc,cpu      ] GC(381) User=0.46s Sys=0.04s Real=0.93s
[2026-01-16T08:44:41.961+0000][gc,start    ] GC(382) Pause Young (Normal) (G1 Evacuation Pause)
[2026-01-16T08:44:42.028+0000][gc,task     ] GC(382) Using 8 workers of 8 for evacuation
[2026-01-16T08:44:42.794+0000][gc,mmu      ] GC(382) MMU target violated: 201.0ms (200.0ms/201.0ms)
[2026-01-16T08:44:42.818+0000][gc,phases   ] GC(382)   Pre Evacuate Collection Set: 104.5ms
[2026-01-16T08:44:42.821+0000][gc,phases   ] GC(382)   Merge Heap Roots: 22.6ms
[2026-01-16T08:44:42.823+0000][gc,phases   ] GC(382)   Evacuate Collection Set: 458.4ms
[2026-01-16T08:44:42.825+0000][gc,phases   ] GC(382)   Post Evacuate Collection Set: 178.3ms
[2026-01-16T08:44:42.827+0000][gc,phases   ] GC(382)   Other: 42.9ms
[2026-01-16T08:44:42.827+0000][gc,heap     ] GC(382) Eden regions: 46->0(46)
[2026-01-16T08:44:42.827+0000][gc,heap     ] GC(382) Survivor regions: 5->5(7)
[2026-01-16T08:44:42.835+0000][gc,heap     ] GC(382) Old regions: 142->143
[2026-01-16T08:44:42.837+0000][gc,heap     ] GC(382) Humongous regions: 83->83
[2026-01-16T08:44:42.838+0000][gc,metaspace] GC(382) Metaspace: 12279K(12736K)->12279K(12736K) NonClass: 11184K(11392K)->11184K(11392K) Class: 1095K(1344K)->1095K(1344K)
[2026-01-16T08:44:42.841+0000][gc          ] GC(382) Pause Young (Normal) (G1 Evacuation Pause) 274M->229M(1024M) 879.437ms
[2026-01-16T08:44:42.842+0000][gc,cpu      ] GC(382) User=0.36s Sys=0.04s Real=0.88s
[2026-01-16T08:44:51.579+0000][gc,start    ] GC(383) Pause Young (Normal) (G1 Evacuation Pause)
[2026-01-16T08:44:51.788+0000][gc,task     ] GC(383) Using 8 workers of 8 for evacuation
[2026-01-16T08:44:53.502+0000][gc,mmu      ] GC(383) MMU target violated: 201.0ms (200.0ms/201.0ms)
[2026-01-16T08:44:53.507+0000][gc,phases   ] GC(383)   Pre Evacuate Collection Set: 184.6ms
[2026-01-16T08:44:53.507+0000][gc,phases   ] GC(383)   Merge Heap Roots: 51.7ms
[2026-01-16T08:44:53.508+0000][gc,phases   ] GC(383)   Evacuate Collection Set: 1376.8ms
[2026-01-16T08:44:53.508+0000][gc,phases   ] GC(383)   Post Evacuate Collection Set: 97.3ms
[2026-01-16T08:44:53.508+0000][gc,phases   ] GC(383)   Other: 101.4ms
[2026-01-16T08:44:53.510+0000][gc,heap     ] GC(383) Eden regions: 46->0(47)
[2026-01-16T08:44:53.537+0000][gc,heap     ] GC(383) Survivor regions: 5->4(7)
[2026-01-16T08:44:53.538+0000][gc,heap     ] GC(383) Old regions: 143->144
[2026-01-16T08:44:53.543+0000][gc,heap     ] GC(383) Humongous regions: 83->83
[2026-01-16T08:44:53.544+0000][gc,metaspace] GC(383) Metaspace: 12281K(12736K)->12281K(12736K) NonClass: 11186K(11392K)->11186K(11392K) Class: 1095K(1344K)->1095K(1344K)
[2026-01-16T08:44:53.547+0000][gc          ] GC(383) Pause Young (Normal) (G1 Evacuation Pause) 275M->230M(1024M) 1972.623ms
[2026-01-16T08:44:53.558+0000][gc,cpu      ] GC(383) User=0.69s Sys=0.08s Real=2.08s
[2026-01-16T08:45:01.385+0000][gc,start    ] GC(384) Pause Young (Normal) (G1 Evacuation Pause)
[2026-01-16T08:45:01.455+0000][gc,task     ] GC(384) Using 8 workers of 8 for evacuation
[2026-01-16T08:45:03.720+0000][gc,mmu      ] GC(384) MMU target violated: 201.0ms (200.0ms/201.0ms)
[2026-01-16T08:45:03.722+0000][gc,phases   ] GC(384)   Pre Evacuate Collection Set: 117.2ms
[2026-01-16T08:45:03.722+0000][gc,phases   ] GC(384)   Merge Heap Roots: 17.5ms
[2026-01-16T08:45:03.722+0000][gc,phases   ] GC(384)   Evacuate Collection Set: 1774.9ms
[2026-01-16T08:45:03.724+0000][gc,phases   ] GC(384)   Post Evacuate Collection Set: 346.5ms
[2026-01-16T08:45:03.725+0000][gc,phases   ] GC(384)   Other: 44.8ms
[2026-01-16T08:45:03.726+0000][gc,heap     ] GC(384) Eden regions: 47->0(46)
[2026-01-16T08:45:03.733+0000][gc,heap     ] GC(384) Survivor regions: 4->5(7)
[2026-01-16T08:45:03.734+0000][gc,heap     ] GC(384) Old regions: 144->144
[2026-01-16T08:45:03.735+0000][gc,heap     ] GC(384) Humongous regions: 83->83
[2026-01-16T08:45:03.739+0000][gc,metaspace] GC(384) Metaspace: 12284K(12736K)->12284K(12736K) NonClass: 11189K(11392K)->11189K(11392K) Class: 1095K(1344K)->1095K(1344K)
[2026-01-16T08:45:03.767+0000][gc          ] GC(384) Pause Young (Normal) (G1 Evacuation Pause) 277M->230M(1024M) 2382.077ms
[2026-01-16T08:45:03.771+0000][gc,cpu      ] GC(384) User=0.91s Sys=0.12s Real=2.38s
[2026-01-16T08:45:10.381+0000][gc,start    ] GC(385) Pause Young (Normal) (G1 Evacuation Pause)
[2026-01-16T08:45:10.383+0000][gc,task     ] GC(385) Using 8 workers of 8 for evacuation
[2026-01-16T08:45:11.177+0000][gc,mmu      ] GC(385) MMU target violated: 201.0ms (200.0ms/201.0ms)
[2026-01-16T08:45:11.182+0000][gc,phases   ] GC(385)   Pre Evacuate Collection Set: 92.8ms
[2026-01-16T08:45:11.185+0000][gc,phases   ] GC(385)   Merge Heap Roots: 1.5ms
[2026-01-16T08:45:11.187+0000][gc,phases   ] GC(385)   Evacuate Collection Set: 640.6ms
[2026-01-16T08:45:11.188+0000][gc,phases   ] GC(385)   Post Evacuate Collection Set: 53.2ms
[2026-01-16T08:45:11.188+0000][gc,phases   ] GC(385)   Other: 11.3ms
[2026-01-16T08:45:11.194+0000][gc,heap     ] GC(385) Eden regions: 46->0(46)
[2026-01-16T08:45:11.195+0000][gc,heap     ] GC(385) Survivor regions: 5->5(7)
[2026-01-16T08:45:11.197+0000][gc,heap     ] GC(385) Old regions: 144->145
[2026-01-16T08:45:11.198+0000][gc,heap     ] GC(385) Humongous regions: 83->83
[2026-01-16T08:45:11.198+0000][gc,metaspace] GC(385) Metaspace: 12287K(12736K)->12287K(12736K) NonClass: 11192K(11392K)->11192K(11392K) Class: 1095K(1344K)->1095K(1344K)
[2026-01-16T08:45:11.201+0000][gc          ] GC(385) Pause Young (Normal) (G1 Evacuation Pause) 276M->231M(1024M) 819.939ms
[2026-01-16T08:45:11.201+0000][gc,cpu      ] GC(385) User=0.36s Sys=0.03s Real=0.82s
[2026-01-16T08:45:15.143+0000][gc,start    ] GC(386) Pause Young (Normal) (G1 Evacuation Pause)
[2026-01-16T08:45:15.176+0000][gc,task     ] GC(386) Using 8 workers of 8 for evacuation
[2026-01-16T08:45:16.112+0000][gc,mmu      ] GC(386) MMU target violated: 201.0ms (200.0ms/201.0ms)
[2026-01-16T08:45:16.115+0000][gc,phases   ] GC(386)   Pre Evacuate Collection Set: 83.5ms
[2026-01-16T08:45:16.115+0000][gc,phases   ] GC(386)   Merge Heap Roots: 1.0ms
[2026-01-16T08:45:16.116+0000][gc,phases   ] GC(386)   Evacuate Collection Set: 807.5ms
[2026-01-16T08:45:16.117+0000][gc,phases   ] GC(386)   Post Evacuate Collection Set: 41.2ms
[2026-01-16T08:45:16.121+0000][gc,phases   ] GC(386)   Other: 32.4ms
[2026-01-16T08:45:16.123+0000][gc,heap     ] GC(386) Eden regions: 46->0(46)
[2026-01-16T08:45:16.123+0000][gc,heap     ] GC(386) Survivor regions: 5->5(7)
[2026-01-16T08:45:16.124+0000][gc,heap     ] GC(386) Old regions: 145->146
[2026-01-16T08:45:16.124+0000][gc,heap     ] GC(386) Humongous regions: 83->83
[2026-01-16T08:45:16.124+0000][gc,metaspace] GC(386) Metaspace: 12287K(12736K)->12287K(12736K) NonClass: 11192K(11392K)->11192K(11392K) Class: 1095K(1344K)->1095K(1344K)
[2026-01-16T08:45:16.125+0000][gc          ] GC(386) Pause Young (Normal) (G1 Evacuation Pause) 277M->232M(1024M) 982.580ms
[2026-01-16T08:45:16.126+0000][gc,cpu      ] GC(386) User=0.42s Sys=0.02s Real=0.99s
[2026-01-16T08:45:20.685+0000][gc,start    ] GC(387) Pause Young (Normal) (G1 Evacuation Pause)
[2026-01-16T08:45:20.702+0000][gc,task     ] GC(387) Using 8 workers of 8 for evacuation
[2026-01-16T08:45:21.946+0000][gc,mmu      ] GC(387) MMU target violated: 201.0ms (200.0ms/201.0ms)
[2026-01-16T08:45:21.947+0000][gc,phases   ] GC(387)   Pre Evacuate Collection Set: 80.8ms
[2026-01-16T08:45:21.947+0000][gc,phases   ] GC(387)   Merge Heap Roots: 33.1ms
[2026-01-16T08:45:21.948+0000][gc,phases   ] GC(387)   Evacuate Collection Set: 1083.4ms
[2026-01-16T08:45:21.948+0000][gc,phases   ] GC(387)   Post Evacuate Collection Set: 27.9ms
[2026-01-16T08:45:21.949+0000][gc,phases   ] GC(387)   Other: 19.8ms
[2026-01-16T08:45:21.950+0000][gc,heap     ] GC(387) Eden regions: 46->0(47)
[2026-01-16T08:45:21.952+0000][gc,heap     ] GC(387) Survivor regions: 5->4(7)
[2026-01-16T08:45:21.955+0000][gc,heap     ] GC(387) Old regions: 146->146
[2026-01-16T08:45:21.956+0000][gc,heap     ] GC(387) Humongous regions: 83->83
[2026-01-16T08:45:21.956+0000][gc,metaspace] GC(387) Metaspace: 12287K(12736K)->12287K(12736K) NonClass: 11192K(11392K)->11192K(11392K) Class: 1095K(1344K)->1095K(1344K)
[2026-01-16T08:45:21.958+0000][gc          ] GC(387) Pause Young (Normal) (G1 Evacuation Pause) 278M->232M(1024M) 1272.213ms
[2026-01-16T08:45:21.959+0000][gc,cpu      ] GC(387) User=0.48s Sys=0.03s Real=1.28s
[2026-01-16T08:45:26.858+0000][gc,start    ] GC(388) Pause Young (Normal) (G1 Evacuation Pause)
[2026-01-16T08:45:26.878+0000][gc,task     ] GC(388) Using 8 workers of 8 for evacuation
[2026-01-16T08:45:27.898+0000][gc,mmu      ] GC(388) MMU target violated: 201.0ms (200.0ms/201.0ms)
[2026-01-16T08:45:27.900+0000][gc,phases   ] GC(388)   Pre Evacuate Collection Set: 66.6ms
[2026-01-16T08:45:27.903+0000][gc,phases   ] GC(388)   Merge Heap Roots: 14.1ms
[2026-01-16T08:45:27.904+0000][gc,phases   ] GC(388)   Evacuate Collection Set: 782.4ms
[2026-01-16T08:45:27.905+0000][gc,phases   ] GC(388)   Post Evacuate Collection Set: 154.6ms
[2026-01-16T08:45:27.906+0000][gc,phases   ] GC(388)   Other: 21.8ms
[2026-01-16T08:45:27.906+0000][gc,heap     ] GC(388) Eden regions: 47->0(47)
[2026-01-16T08:45:27.910+0000][gc,heap     ] GC(388) Survivor regions: 4->4(7)
[2026-01-16T08:45:27.911+0000][gc,heap     ] GC(388) Old regions: 146->147
[2026-01-16T08:45:27.911+0000][gc,heap     ] GC(388) Humongous regions: 83->83
[2026-01-16T08:45:27.911+0000][gc,metaspace] GC(388) Metaspace: 12287K(12736K)->12287K(12736K) NonClass: 11192K(11392K)->11192K(11392K) Class: 1095K(1344K)->1095K(1344K)
[2026-01-16T08:45:27.912+0000][gc          ] GC(388) Pause Young (Normal) (G1 Evacuation Pause) 279M->233M(1024M) 1053.242ms
[2026-01-16T08:45:27.912+0000][gc,cpu      ] GC(388) User=0.60s Sys=0.12s Real=1.05s
[2026-01-16T08:45:37.232+0000][gc,start    ] GC(389) Pause Young (Normal) (G1 Evacuation Pause)
[2026-01-16T08:45:37.266+0000][gc,task     ] GC(389) Using 8 workers of 8 for evacuation
[2026-01-16T08:45:39.454+0000][gc,mmu      ] GC(389) MMU target violated: 201.0ms (200.0ms/201.0ms)
[2026-01-16T08:45:39.459+0000][gc,phases   ] GC(389)   Pre Evacuate Collection Set: 53.2ms
[2026-01-16T08:45:39.462+0000][gc,phases   ] GC(389)   Merge Heap Roots: 6.0ms
[2026-01-16T08:45:39.470+0000][gc,phases   ] GC(389)   Evacuate Collection Set: 2018.5ms
[2026-01-16T08:45:39.470+0000][gc,phases   ] GC(389)   Post Evacuate Collection Set: 114.9ms
[2026-01-16T08:45:39.471+0000][gc,phases   ] GC(389)   Other: 9.7ms
[2026-01-16T08:45:39.473+0000][gc,heap     ] GC(389) Eden regions: 47->0(46)
[2026-01-16T08:45:39.474+0000][gc,heap     ] GC(389) Survivor regions: 4->5(7)
[2026-01-16T08:45:39.474+0000][gc,heap     ] GC(389) Old regions: 147->147
[2026-01-16T08:45:39.474+0000][gc,heap     ] GC(389) Humongous regions: 83->83
[2026-01-16T08:45:39.475+0000][gc,metaspace] GC(389) Metaspace: 12287K(12736K)->12287K(12736K) NonClass: 11192K(11392K)->11192K(11392K) Class: 1095K(1344K)->1095K(1344K)
[2026-01-16T08:45:39.479+0000][gc          ] GC(389) Pause Young (Normal) (G1 Evacuation Pause) 280M->233M(1024M) 2256.054ms
[2026-01-16T08:45:39.480+0000][gc,cpu      ] GC(389) User=0.72s Sys=0.05s Real=2.26s
[2026-01-16T08:45:46.895+0000][gc,start    ] GC(390) Pause Young (Normal) (G1 Evacuation Pause)
[2026-01-16T08:45:46.920+0000][gc,task     ] GC(390) Using 8 workers of 8 for evacuation
[2026-01-16T08:45:48.351+0000][gc,mmu      ] GC(390) MMU target violated: 201.0ms (200.0ms/201.0ms)
[2026-01-16T08:45:48.356+0000][gc,phases   ] GC(390)   Pre Evacuate Collection Set: 103.1ms
[2026-01-16T08:45:48.382+0000][gc,phases   ] GC(390)   Merge Heap Roots: 25.3ms
[2026-01-16T08:45:48.384+0000][gc,phases   ] GC(390)   Evacuate Collection Set: 1135.8ms
[2026-01-16T08:45:48.384+0000][gc,phases   ] GC(390)   Post Evacuate Collection Set: 83.5ms
[2026-01-16T08:45:48.443+0000][gc,phases   ] GC(390)   Other: 111.2ms
[2026-01-16T08:45:48.449+0000][gc,heap     ] GC(390) Eden regions: 46->0(47)
[2026-01-16T08:45:48.453+0000][gc,heap     ] GC(390) Survivor regions: 5->4(7)
[2026-01-16T08:45:48.456+0000][gc,heap     ] GC(390) Old regions: 147->148
[2026-01-16T08:45:48.456+0000][gc,heap     ] GC(390) Humongous regions: 83->83
[2026-01-16T08:45:48.456+0000][gc,metaspace] GC(390) Metaspace: 12294K(12736K)->12294K(12736K) NonClass: 11199K(11392K)->11199K(11392K) Class: 1095K(1344K)->1095K(1344K)
[2026-01-16T08:45:48.466+0000][gc          ] GC(390) Pause Young (Normal) (G1 Evacuation Pause) 279M->234M(1024M) 1571.236ms
[2026-01-16T08:45:48.469+0000][gc,cpu      ] GC(390) User=0.62s Sys=0.10s Real=1.58s
[2026-01-16T08:45:52.622+0000][gc,start    ] GC(391) Pause Young (Normal) (G1 Evacuation Pause)
[2026-01-16T08:45:52.631+0000][gc,task     ] GC(391) Using 8 workers of 8 for evacuation
[2026-01-16T08:45:54.204+0000][gc,mmu      ] GC(391) MMU target violated: 201.0ms (200.0ms/201.0ms)
[2026-01-16T08:45:54.205+0000][gc,phases   ] GC(391)   Pre Evacuate Collection Set: 240.7ms
[2026-01-16T08:45:54.206+0000][gc,phases   ] GC(391)   Merge Heap Roots: 0.6ms
[2026-01-16T08:45:54.206+0000][gc,phases   ] GC(391)   Evacuate Collection Set: 1271.6ms
[2026-01-16T08:45:54.206+0000][gc,phases   ] GC(391)   Post Evacuate Collection Set: 28.5ms
[2026-01-16T08:45:54.207+0000][gc,phases   ] GC(391)   Other: 33.0ms
[2026-01-16T08:45:54.207+0000][gc,heap     ] GC(391) Eden regions: 47->0(47)
[2026-01-16T08:45:54.208+0000][gc,heap     ] GC(391) Survivor regions: 4->4(7)
[2026-01-16T08:45:54.208+0000][gc,heap     ] GC(391) Old regions: 148->149
[2026-01-16T08:45:54.209+0000][gc,heap     ] GC(391) Humongous regions: 83->83
[2026-01-16T08:45:54.210+0000][gc,metaspace] GC(391) Metaspace: 12294K(12736K)->12294K(12736K) NonClass: 11199K(11392K)->11199K(11392K) Class: 1095K(1344K)->1095K(1344K)
[2026-01-16T08:45:54.260+0000][gc          ] GC(391) Pause Young (Normal) (G1 Evacuation Pause) 281M->235M(1024M) 1638.131ms
[2026-01-16T08:45:54.270+0000][gc,cpu      ] GC(391) User=0.50s Sys=0.07s Real=1.65s
[2026-01-16T08:45:56.660+0000][gc,start    ] GC(392) Pause Young (Normal) (G1 Evacuation Pause)
[2026-01-16T08:45:56.665+0000][gc,task     ] GC(392) Using 8 workers of 8 for evacuation
[2026-01-16T08:45:57.397+0000][gc,mmu      ] GC(392) MMU target violated: 201.0ms (200.0ms/201.0ms)
[2026-01-16T08:45:57.399+0000][gc,phases   ] GC(392)   Pre Evacuate Collection Set: 51.6ms
[2026-01-16T08:45:57.400+0000][gc,phases   ] GC(392)   Merge Heap Roots: 19.0ms
[2026-01-16T08:45:57.401+0000][gc,phases   ] GC(392)   Evacuate Collection Set: 640.6ms
[2026-01-16T08:45:57.401+0000][gc,phases   ] GC(392)   Post Evacuate Collection Set: 16.4ms
[2026-01-16T08:45:57.402+0000][gc,phases   ] GC(392)   Other: 6.3ms
[2026-01-16T08:45:57.402+0000][gc,heap     ] GC(392) Eden regions: 47->0(47)
[2026-01-16T08:45:57.403+0000][gc,heap     ] GC(392) Survivor regions: 4->4(7)
[2026-01-16T08:45:57.403+0000][gc,heap     ] GC(392) Old regions: 149->149
[2026-01-16T08:45:57.404+0000][gc,heap     ] GC(392) Humongous regions: 83->83
[2026-01-16T08:45:57.404+0000][gc,metaspace] GC(392) Metaspace: 12294K(12736K)->12294K(12736K) NonClass: 11199K(11392K)->11199K(11392K) Class: 1095K(1344K)->1095K(1344K)
[2026-01-16T08:45:57.405+0000][gc          ] GC(392) Pause Young (Normal) (G1 Evacuation Pause) 282M->235M(1024M) 744.645ms
[2026-01-16T08:45:57.405+0000][gc,cpu      ] GC(392) User=0.32s Sys=0.02s Real=0.74s
[2026-01-16T08:45:59.322+0000][gc,start    ] GC(393) Pause Young (Normal) (G1 Evacuation Pause)
[2026-01-16T08:45:59.328+0000][gc,task     ] GC(393) Using 8 workers of 8 for evacuation
[2026-01-16T08:45:59.561+0000][gc,mmu      ] GC(393) MMU target violated: 201.0ms (200.0ms/201.0ms)
[2026-01-16T08:45:59.576+0000][gc,phases   ] GC(393)   Pre Evacuate Collection Set: 1.6ms
[2026-01-16T08:45:59.586+0000][gc,phases   ] GC(393)   Merge Heap Roots: 0.2ms
[2026-01-16T08:45:59.590+0000][gc,phases   ] GC(393)   Evacuate Collection Set: 216.9ms
[2026-01-16T08:45:59.593+0000][gc,phases   ] GC(393)   Post Evacuate Collection Set: 6.8ms
[2026-01-16T08:45:59.602+0000][gc,phases   ] GC(393)   Other: 23.0ms
[2026-01-16T08:45:59.613+0000][gc,heap     ] GC(393) Eden regions: 47->0(47)
[2026-01-16T08:45:59.615+0000][gc,heap     ] GC(393) Survivor regions: 4->4(7)
[2026-01-16T08:45:59.620+0000][gc,heap     ] GC(393) Old regions: 149->150
[2026-01-16T08:45:59.622+0000][gc,heap     ] GC(393) Humongous regions: 83->83
[2026-01-16T08:45:59.627+0000][gc,metaspace] GC(393) Metaspace: 12294K(12736K)->12294K(12736K) NonClass: 11199K(11392K)->11199K(11392K) Class: 1095K(1344K)->1095K(1344K)
[2026-01-16T08:45:59.658+0000][gc          ] GC(393) Pause Young (Normal) (G1 Evacuation Pause) 282M->236M(1024M) 336.489ms
[2026-01-16T08:45:59.663+0000][gc,cpu      ] GC(393) User=0.11s Sys=0.01s Real=0.34s
[2026-01-16T08:46:00.791+0000][gc,start    ] GC(394) Pause Young (Normal) (G1 Evacuation Pause)
[2026-01-16T08:46:00.795+0000][gc,task     ] GC(394) Using 8 workers of 8 for evacuation
[2026-01-16T08:46:00.938+0000][gc,phases   ] GC(394)   Pre Evacuate Collection Set: 0.6ms
[2026-01-16T08:46:00.939+0000][gc,phases   ] GC(394)   Merge Heap Roots: 0.1ms
[2026-01-16T08:46:00.939+0000][gc,phases   ] GC(394)   Evacuate Collection Set: 134.2ms
[2026-01-16T08:46:00.939+0000][gc,phases   ] GC(394)   Post Evacuate Collection Set: 0.8ms
[2026-01-16T08:46:00.942+0000][gc,phases   ] GC(394)   Other: 7.4ms
[2026-01-16T08:46:00.945+0000][gc,heap     ] GC(394) Eden regions: 47->0(47)
[2026-01-16T08:46:00.945+0000][gc,heap     ] GC(394) Survivor regions: 4->4(7)
[2026-01-16T08:46:00.945+0000][gc,heap     ] GC(394) Old regions: 150->150
[2026-01-16T08:46:00.945+0000][gc,heap     ] GC(394) Humongous regions: 83->83
[2026-01-16T08:46:00.945+0000][gc,metaspace] GC(394) Metaspace: 12294K(12736K)->12294K(12736K) NonClass: 11199K(11392K)->11199K(11392K) Class: 1095K(1344K)->1095K(1344K)
[2026-01-16T08:46:00.945+0000][gc          ] GC(394) Pause Young (Normal) (G1 Evacuation Pause) 283M->236M(1024M) 154.768ms
[2026-01-16T08:46:00.945+0000][gc,cpu      ] GC(394) User=0.06s Sys=0.01s Real=0.15s
[2026-01-16T08:46:03.374+0000][gc,start    ] GC(395) Pause Young (Normal) (G1 Evacuation Pause)
[2026-01-16T08:46:03.378+0000][gc,task     ] GC(395) Using 8 workers of 8 for evacuation
[2026-01-16T08:46:03.937+0000][gc,mmu      ] GC(395) MMU target violated: 201.0ms (200.0ms/201.0ms)
[2026-01-16T08:46:03.942+0000][gc,phases   ] GC(395)   Pre Evacuate Collection Set: 1.8ms
[2026-01-16T08:46:03.947+0000][gc,phases   ] GC(395)   Merge Heap Roots: 0.2ms
[2026-01-16T08:46:03.947+0000][gc,phases   ] GC(395)   Evacuate Collection Set: 554.1ms
[2026-01-16T08:46:03.948+0000][gc,phases   ] GC(395)   Post Evacuate Collection Set: 2.7ms
[2026-01-16T08:46:03.948+0000][gc,phases   ] GC(395)   Other: 5.8ms
[2026-01-16T08:46:03.948+0000][gc,heap     ] GC(395) Eden regions: 47->0(47)
[2026-01-16T08:46:03.949+0000][gc,heap     ] GC(395) Survivor regions: 4->4(7)
[2026-01-16T08:46:03.949+0000][gc,heap     ] GC(395) Old regions: 150->151
[2026-01-16T08:46:03.949+0000][gc,heap     ] GC(395) Humongous regions: 83->83
[2026-01-16T08:46:03.950+0000][gc,metaspace] GC(395) Metaspace: 12294K(12736K)->12294K(12736K) NonClass: 11199K(11392K)->11199K(11392K) Class: 1095K(1344K)->1095K(1344K)
[2026-01-16T08:46:03.952+0000][gc          ] GC(395) Pause Young (Normal) (G1 Evacuation Pause) 283M->237M(1024M) 578.107ms
[2026-01-16T08:46:03.953+0000][gc,cpu      ] GC(395) User=0.11s Sys=0.05s Real=0.58s
[2026-01-16T08:46:05.335+0000][gc,start    ] GC(396) Pause Young (Normal) (G1 Evacuation Pause)
[2026-01-16T08:46:05.348+0000][gc,task     ] GC(396) Using 8 workers of 8 for evacuation
[2026-01-16T08:46:05.457+0000][gc,phases   ] GC(396)   Pre Evacuate Collection Set: 6.5ms
[2026-01-16T08:46:05.467+0000][gc,phases   ] GC(396)   Merge Heap Roots: 0.5ms
[2026-01-16T08:46:05.470+0000][gc,phases   ] GC(396)   Evacuate Collection Set: 97.7ms
[2026-01-16T08:46:05.493+0000][gc,phases   ] GC(396)   Post Evacuate Collection Set: 3.4ms
[2026-01-16T08:46:05.494+0000][gc,phases   ] GC(396)   Other: 0.9ms
[2026-01-16T08:46:05.494+0000][gc,heap     ] GC(396) Eden regions: 47->0(47)
[2026-01-16T08:46:05.494+0000][gc,heap     ] GC(396) Survivor regions: 4->4(7)
[2026-01-16T08:46:05.494+0000][gc,heap     ] GC(396) Old regions: 151->152
[2026-01-16T08:46:05.495+0000][gc,heap     ] GC(396) Humongous regions: 83->83
[2026-01-16T08:46:05.495+0000][gc,metaspace] GC(396) Metaspace: 12294K(12736K)->12294K(12736K) NonClass: 11199K(11392K)->11199K(11392K) Class: 1095K(1344K)->1095K(1344K)
[2026-01-16T08:46:05.506+0000][gc          ] GC(396) Pause Young (Normal) (G1 Evacuation Pause) 284M->238M(1024M) 171.548ms
[2026-01-16T08:46:05.508+0000][gc,cpu      ] GC(396) User=0.06s Sys=0.02s Real=0.18s
[2026-01-16T08:46:06.542+0000][gc,start    ] GC(397) Pause Young (Normal) (G1 Evacuation Pause)
[2026-01-16T08:46:06.542+0000][gc,task     ] GC(397) Using 8 workers of 8 for evacuation
[2026-01-16T08:46:06.781+0000][gc,mmu      ] GC(397) MMU target violated: 201.0ms (200.0ms/201.0ms)
[2026-01-16T08:46:06.787+0000][gc,phases   ] GC(397)   Pre Evacuate Collection Set: 7.1ms
[2026-01-16T08:46:06.790+0000][gc,phases   ] GC(397)   Merge Heap Roots: 0.3ms
[2026-01-16T08:46:06.792+0000][gc,phases   ] GC(397)   Evacuate Collection Set: 228.3ms
[2026-01-16T08:46:06.792+0000][gc,phases   ] GC(397)   Post Evacuate Collection Set: 1.7ms
[2026-01-16T08:46:06.793+0000][gc,phases   ] GC(397)   Other: 7.1ms
[2026-01-16T08:46:06.793+0000][gc,heap     ] GC(397) Eden regions: 47->0(44)
[2026-01-16T08:46:06.793+0000][gc,heap     ] GC(397) Survivor regions: 4->7(7)
[2026-01-16T08:46:06.794+0000][gc,heap     ] GC(397) Old regions: 152->152
[2026-01-16T08:46:06.794+0000][gc,heap     ] GC(397) Humongous regions: 83->83
[2026-01-16T08:46:06.794+0000][gc,metaspace] GC(397) Metaspace: 12303K(12736K)->12303K(12736K) NonClass: 11208K(11392K)->11208K(11392K) Class: 1095K(1344K)->1095K(1344K)
[2026-01-16T08:46:06.795+0000][gc          ] GC(397) Pause Young (Normal) (G1 Evacuation Pause) 285M->240M(1024M) 252.893ms
[2026-01-16T08:46:06.795+0000][gc,cpu      ] GC(397) User=0.14s Sys=0.02s Real=0.25s
[2026-01-16T08:46:07.399+0000][gc,start    ] GC(398) Pause Young (Normal) (G1 Evacuation Pause)
[2026-01-16T08:46:07.399+0000][gc,task     ] GC(398) Using 8 workers of 8 for evacuation
[2026-01-16T08:46:07.593+0000][gc,phases   ] GC(398)   Pre Evacuate Collection Set: 1.1ms
[2026-01-16T08:46:07.597+0000][gc,phases   ] GC(398)   Merge Heap Roots: 0.7ms
[2026-01-16T08:46:07.598+0000][gc,phases   ] GC(398)   Evacuate Collection Set: 190.1ms
[2026-01-16T08:46:07.599+0000][gc,phases   ] GC(398)   Post Evacuate Collection Set: 1.2ms
[2026-01-16T08:46:07.600+0000][gc,phases   ] GC(398)   Other: 0.9ms
[2026-01-16T08:46:07.603+0000][gc,heap     ] GC(398) Eden regions: 44->0(48)
[2026-01-16T08:46:07.604+0000][gc,heap     ] GC(398) Survivor regions: 7->3(7)
[2026-01-16T08:46:07.604+0000][gc,heap     ] GC(398) Old regions: 152->155
[2026-01-16T08:46:07.607+0000][gc,heap     ] GC(398) Humongous regions: 83->83
[2026-01-16T08:46:07.612+0000][gc,metaspace] GC(398) Metaspace: 12304K(12736K)->12304K(12736K) NonClass: 11209K(11392K)->11209K(11392K) Class: 1095K(1344K)->1095K(1344K)
[2026-01-16T08:46:07.613+0000][gc          ] GC(398) Pause Young (Normal) (G1 Evacuation Pause) 284M->239M(1024M) 214.746ms
[2026-01-16T08:46:07.614+0000][gc,cpu      ] GC(398) User=0.06s Sys=0.07s Real=0.21s
[2026-01-16T08:46:09.073+0000][gc,start    ] GC(399) Pause Young (Normal) (G1 Evacuation Pause)
[2026-01-16T08:46:09.076+0000][gc,task     ] GC(399) Using 8 workers of 8 for evacuation
[2026-01-16T08:46:09.224+0000][gc,phases   ] GC(399)   Pre Evacuate Collection Set: 5.5ms
[2026-01-16T08:46:09.225+0000][gc,phases   ] GC(399)   Merge Heap Roots: 1.7ms
[2026-01-16T08:46:09.226+0000][gc,phases   ] GC(399)   Evacuate Collection Set: 126.2ms
[2026-01-16T08:46:09.228+0000][gc,phases   ] GC(399)   Post Evacuate Collection Set: 13.9ms
[2026-01-16T08:46:09.230+0000][gc,phases   ] GC(399)   Other: 0.8ms
[2026-01-16T08:46:09.231+0000][gc,heap     ] GC(399) Eden regions: 48->0(48)
[2026-01-16T08:46:09.236+0000][gc,heap     ] GC(399) Survivor regions: 3->3(7)
[2026-01-16T08:46:09.237+0000][gc,heap     ] GC(399) Old regions: 155->155
[2026-01-16T08:46:09.238+0000][gc,heap     ] GC(399) Humongous regions: 83->83
[2026-01-16T08:46:09.239+0000][gc,metaspace] GC(399) Metaspace: 12305K(12736K)->12305K(12736K) NonClass: 11210K(11392K)->11210K(11392K) Class: 1095K(1344K)->1095K(1344K)
[2026-01-16T08:46:09.239+0000][gc          ] GC(399) Pause Young (Normal) (G1 Evacuation Pause) 287M->239M(1024M) 166.515ms
[2026-01-16T08:46:09.240+0000][gc,cpu      ] GC(399) User=0.08s Sys=0.00s Real=0.17s
[2026-01-16T08:46:10.424+0000][gc,start    ] GC(400) Pause Young (Normal) (G1 Evacuation Pause)
[2026-01-16T08:46:10.426+0000][gc,task     ] GC(400) Using 8 workers of 8 for evacuation
[2026-01-16T08:46:10.526+0000][gc,phases   ] GC(400)   Pre Evacuate Collection Set: 12.0ms
[2026-01-16T08:46:10.528+0000][gc,phases   ] GC(400)   Merge Heap Roots: 0.8ms
[2026-01-16T08:46:10.529+0000][gc,phases   ] GC(400)   Evacuate Collection Set: 84.0ms
[2026-01-16T08:46:10.529+0000][gc,phases   ] GC(400)   Post Evacuate Collection Set: 2.9ms
[2026-01-16T08:46:10.529+0000][gc,phases   ] GC(400)   Other: 0.6ms
[2026-01-16T08:46:10.529+0000][gc,heap     ] GC(400) Eden regions: 48->0(47)
[2026-01-16T08:46:10.532+0000][gc,heap     ] GC(400) Survivor regions: 3->4(7)
[2026-01-16T08:46:10.534+0000][gc,heap     ] GC(400) Old regions: 155->155
[2026-01-16T08:46:10.534+0000][gc,heap     ] GC(400) Humongous regions: 83->83
[2026-01-16T08:46:10.534+0000][gc,metaspace] GC(400) Metaspace: 12305K(12736K)->12305K(12736K) NonClass: 11210K(11392K)->11210K(11392K) Class: 1095K(1344K)->1095K(1344K)
[2026-01-16T08:46:10.537+0000][gc          ] GC(400) Pause Young (Normal) (G1 Evacuation Pause) 287M->240M(1024M) 112.047ms
[2026-01-16T08:46:10.537+0000][gc,cpu      ] GC(400) User=0.05s Sys=0.01s Real=0.11s
[2026-01-16T08:46:11.434+0000][gc,start    ] GC(401) Pause Young (Normal) (G1 Evacuation Pause)
[2026-01-16T08:46:11.451+0000][gc,task     ] GC(401) Using 8 workers of 8 for evacuation
[2026-01-16T08:46:11.495+0000][gc,phases   ] GC(401)   Pre Evacuate Collection Set: 3.3ms
[2026-01-16T08:46:11.496+0000][gc,phases   ] GC(401)   Merge Heap Roots: 0.2ms
[2026-01-16T08:46:11.496+0000][gc,phases   ] GC(401)   Evacuate Collection Set: 35.6ms
[2026-01-16T08:46:11.498+0000][gc,phases   ] GC(401)   Post Evacuate Collection Set: 3.8ms
[2026-01-16T08:46:11.498+0000][gc,phases   ] GC(401)   Other: 0.8ms
[2026-01-16T08:46:11.498+0000][gc,heap     ] GC(401) Eden regions: 47->0(47)
[2026-01-16T08:46:11.498+0000][gc,heap     ] GC(401) Survivor regions: 4->4(7)
[2026-01-16T08:46:11.499+0000][gc,heap     ] GC(401) Old regions: 155->155
[2026-01-16T08:46:11.499+0000][gc,heap     ] GC(401) Humongous regions: 83->83
[2026-01-16T08:46:11.499+0000][gc,metaspace] GC(401) Metaspace: 12307K(12736K)->12307K(12736K) NonClass: 11212K(11392K)->11212K(11392K) Class: 1095K(1344K)->1095K(1344K)
[2026-01-16T08:46:11.500+0000][gc          ] GC(401) Pause Young (Normal) (G1 Evacuation Pause) 287M->241M(1024M) 65.777ms
[2026-01-16T08:46:11.500+0000][gc,cpu      ] GC(401) User=0.03s Sys=0.01s Real=0.07s
[2026-01-16T08:46:12.192+0000][gc,start    ] GC(402) Pause Young (Normal) (G1 Evacuation Pause)
[2026-01-16T08:46:12.205+0000][gc,task     ] GC(402) Using 8 workers of 8 for evacuation
[2026-01-16T08:46:12.346+0000][gc,phases   ] GC(402)   Pre Evacuate Collection Set: 27.0ms
[2026-01-16T08:46:12.348+0000][gc,phases   ] GC(402)   Merge Heap Roots: 0.3ms
[2026-01-16T08:46:12.349+0000][gc,phases   ] GC(402)   Evacuate Collection Set: 97.2ms
[2026-01-16T08:46:12.349+0000][gc,phases   ] GC(402)   Post Evacuate Collection Set: 2.4ms
[2026-01-16T08:46:12.349+0000][gc,phases   ] GC(402)   Other: 13.7ms
[2026-01-16T08:46:12.349+0000][gc,heap     ] GC(402) Eden regions: 47->0(46)
[2026-01-16T08:46:12.350+0000][gc,heap     ] GC(402) Survivor regions: 4->5(7)
[2026-01-16T08:46:12.354+0000][gc,heap     ] GC(402) Old regions: 155->155
[2026-01-16T08:46:12.358+0000][gc,heap     ] GC(402) Humongous regions: 83->83
[2026-01-16T08:46:12.358+0000][gc,metaspace] GC(402) Metaspace: 12307K(12736K)->12307K(12736K) NonClass: 11212K(11392K)->11212K(11392K) Class: 1095K(1344K)->1095K(1344K)
[2026-01-16T08:46:12.360+0000][gc          ] GC(402) Pause Young (Normal) (G1 Evacuation Pause) 288M->242M(1024M) 166.199ms
[2026-01-16T08:46:12.361+0000][gc,cpu      ] GC(402) User=0.06s Sys=0.00s Real=0.17s
[2026-01-16T08:46:13.403+0000][gc,start    ] GC(403) Pause Young (Normal) (G1 Evacuation Pause)
[2026-01-16T08:46:13.406+0000][gc,task     ] GC(403) Using 8 workers of 8 for evacuation
[2026-01-16T08:46:13.566+0000][gc,phases   ] GC(403)   Pre Evacuate Collection Set: 2.1ms
[2026-01-16T08:46:13.590+0000][gc,phases   ] GC(403)   Merge Heap Roots: 0.4ms
[2026-01-16T08:46:13.591+0000][gc,phases   ] GC(403)   Evacuate Collection Set: 146.9ms
[2026-01-16T08:46:13.600+0000][gc,phases   ] GC(403)   Post Evacuate Collection Set: 10.6ms
[2026-01-16T08:46:13.600+0000][gc,phases   ] GC(403)   Other: 0.5ms
[2026-01-16T08:46:13.600+0000][gc,heap     ] GC(403) Eden regions: 46->0(46)
[2026-01-16T08:46:13.600+0000][gc,heap     ] GC(403) Survivor regions: 5->5(7)
[2026-01-16T08:46:13.600+0000][gc,heap     ] GC(403) Old regions: 155->156
[2026-01-16T08:46:13.600+0000][gc,heap     ] GC(403) Humongous regions: 83->83
[2026-01-16T08:46:13.600+0000][gc,metaspace] GC(403) Metaspace: 12307K(12736K)->12307K(12736K) NonClass: 11212K(11392K)->11212K(11392K) Class: 1095K(1344K)->1095K(1344K)
[2026-01-16T08:46:13.613+0000][gc          ] GC(403) Pause Young (Normal) (G1 Evacuation Pause) 288M->242M(1024M) 209.849ms
[2026-01-16T08:46:13.628+0000][gc,cpu      ] GC(403) User=0.07s Sys=0.01s Real=0.22s
[2026-01-16T08:46:14.334+0000][gc,start    ] GC(404) Pause Young (Normal) (G1 Evacuation Pause)
[2026-01-16T08:46:14.336+0000][gc,task     ] GC(404) Using 8 workers of 8 for evacuation
[2026-01-16T08:46:14.425+0000][gc,phases   ] GC(404)   Pre Evacuate Collection Set: 10.3ms
[2026-01-16T08:46:14.432+0000][gc,phases   ] GC(404)   Merge Heap Roots: 2.2ms
[2026-01-16T08:46:14.435+0000][gc,phases   ] GC(404)   Evacuate Collection Set: 70.7ms
[2026-01-16T08:46:14.435+0000][gc,phases   ] GC(404)   Post Evacuate Collection Set: 3.8ms
[2026-01-16T08:46:14.435+0000][gc,phases   ] GC(404)   Other: 1.3ms
[2026-01-16T08:46:14.435+0000][gc,heap     ] GC(404) Eden regions: 46->0(89)
[2026-01-16T08:46:14.435+0000][gc,heap     ] GC(404) Survivor regions: 5->5(7)
[2026-01-16T08:46:14.435+0000][gc,heap     ] GC(404) Old regions: 156->156
[2026-01-16T08:46:14.435+0000][gc,heap     ] GC(404) Humongous regions: 83->83
[2026-01-16T08:46:14.435+0000][gc,metaspace] GC(404) Metaspace: 12307K(12736K)->12307K(12736K) NonClass: 11212K(11392K)->11212K(11392K) Class: 1095K(1344K)->1095K(1344K)
[2026-01-16T08:46:14.435+0000][gc          ] GC(404) Pause Young (Normal) (G1 Evacuation Pause) 288M->242M(1024M) 100.888ms
[2026-01-16T08:46:14.435+0000][gc,cpu      ] GC(404) User=0.05s Sys=0.02s Real=0.10s
[2026-01-16T08:46:22.773+0000][gc,start    ] GC(405) Pause Young (Normal) (G1 Evacuation Pause)
[2026-01-16T08:46:22.788+0000][gc,task     ] GC(405) Using 8 workers of 8 for evacuation
[2026-01-16T08:46:24.391+0000][gc,mmu      ] GC(405) MMU target violated: 201.0ms (200.0ms/201.0ms)
[2026-01-16T08:46:24.395+0000][gc,phases   ] GC(405)   Pre Evacuate Collection Set: 82.7ms
[2026-01-16T08:46:24.396+0000][gc,phases   ] GC(405)   Merge Heap Roots: 13.2ms
[2026-01-16T08:46:24.396+0000][gc,phases   ] GC(405)   Evacuate Collection Set: 1430.4ms
[2026-01-16T08:46:24.397+0000][gc,phases   ] GC(405)   Post Evacuate Collection Set: 59.6ms
[2026-01-16T08:46:24.398+0000][gc,phases   ] GC(405)   Other: 23.3ms
[2026-01-16T08:46:24.401+0000][gc,heap     ] GC(405) Eden regions: 87->0(45)
[2026-01-16T08:46:24.403+0000][gc,heap     ] GC(405) Survivor regions: 5->6(12)
[2026-01-16T08:46:24.404+0000][gc,heap     ] GC(405) Old regions: 156->156
[2026-01-16T08:46:24.405+0000][gc,heap     ] GC(405) Humongous regions: 83->83
[2026-01-16T08:46:24.414+0000][gc,metaspace] GC(405) Metaspace: 12351K(12800K)->12351K(12800K) NonClass: 11256K(11456K)->11256K(11456K) Class: 1095K(1344K)->1095K(1344K)
[2026-01-16T08:46:24.417+0000][gc          ] GC(405) Pause Young (Normal) (G1 Evacuation Pause) 329M->244M(1024M) 1643.701ms
[2026-01-16T08:46:24.418+0000][gc,cpu      ] GC(405) User=0.85s Sys=0.05s Real=1.64s
[2026-01-16T08:46:25.938+0000][gc,start    ] GC(406) Pause Young (Normal) (G1 Evacuation Pause)
[2026-01-16T08:46:25.947+0000][gc,task     ] GC(406) Using 8 workers of 8 for evacuation
[2026-01-16T08:46:26.396+0000][gc,mmu      ] GC(406) MMU target violated: 201.0ms (200.0ms/201.0ms)
[2026-01-16T08:46:26.512+0000][gc,phases   ] GC(406)   Pre Evacuate Collection Set: 40.3ms
[2026-01-16T08:46:26.513+0000][gc,phases   ] GC(406)   Merge Heap Roots: 11.1ms
[2026-01-16T08:46:26.513+0000][gc,phases   ] GC(406)   Evacuate Collection Set: 362.5ms
[2026-01-16T08:46:26.513+0000][gc,phases   ] GC(406)   Post Evacuate Collection Set: 4.7ms
[2026-01-16T08:46:26.513+0000][gc,phases   ] GC(406)   Other: 147.3ms
[2026-01-16T08:46:26.513+0000][gc,heap     ] GC(406) Eden regions: 45->0(47)
[2026-01-16T08:46:26.514+0000][gc,heap     ] GC(406) Survivor regions: 6->4(7)
[2026-01-16T08:46:26.514+0000][gc,heap     ] GC(406) Old regions: 156->158
[2026-01-16T08:46:26.514+0000][gc,heap     ] GC(406) Humongous regions: 83->83
[2026-01-16T08:46:26.515+0000][gc,metaspace] GC(406) Metaspace: 12351K(12800K)->12351K(12800K) NonClass: 11256K(11456K)->11256K(11456K) Class: 1095K(1344K)->1095K(1344K)
[2026-01-16T08:46:26.516+0000][gc          ] GC(406) Pause Young (Normal) (G1 Evacuation Pause) 289M->244M(1024M) 577.876ms
[2026-01-16T08:46:26.517+0000][gc,cpu      ] GC(406) User=0.20s Sys=0.08s Real=0.58s
[2026-01-16T08:46:28.606+0000][gc,start    ] GC(407) Pause Young (Normal) (GCLocker Initiated GC)
[2026-01-16T08:46:28.611+0000][gc,task     ] GC(407) Using 8 workers of 8 for evacuation
[2026-01-16T08:46:28.885+0000][gc,mmu      ] GC(407) MMU target violated: 201.0ms (200.0ms/201.0ms)
[2026-01-16T08:46:28.887+0000][gc,phases   ] GC(407)   Pre Evacuate Collection Set: 31.9ms
[2026-01-16T08:46:28.903+0000][gc,phases   ] GC(407)   Merge Heap Roots: 6.8ms
[2026-01-16T08:46:28.905+0000][gc,phases   ] GC(407)   Evacuate Collection Set: 217.9ms
[2026-01-16T08:46:28.905+0000][gc,phases   ] GC(407)   Post Evacuate Collection Set: 2.0ms
[2026-01-16T08:46:28.908+0000][gc,phases   ] GC(407)   Other: 17.4ms
[2026-01-16T08:46:28.914+0000][gc,heap     ] GC(407) Eden regions: 47->0(46)
[2026-01-16T08:46:28.915+0000][gc,heap     ] GC(407) Survivor regions: 4->5(7)
[2026-01-16T08:46:28.918+0000][gc,heap     ] GC(407) Old regions: 158->158
[2026-01-16T08:46:28.920+0000][gc,heap     ] GC(407) Humongous regions: 83->83
[2026-01-16T08:46:28.922+0000][gc,metaspace] GC(407) Metaspace: 12352K(12800K)->12352K(12800K) NonClass: 11257K(11456K)->11257K(11456K) Class: 1095K(1344K)->1095K(1344K)
[2026-01-16T08:46:28.930+0000][gc          ] GC(407) Pause Young (Normal) (GCLocker Initiated GC) 291M->245M(1024M) 323.340ms
[2026-01-16T08:46:28.930+0000][gc,cpu      ] GC(407) User=0.17s Sys=0.01s Real=0.33s
[2026-01-16T08:46:31.450+0000][gc,start    ] GC(408) Pause Young (Normal) (G1 Evacuation Pause)
[2026-01-16T08:46:31.452+0000][gc,task     ] GC(408) Using 8 workers of 8 for evacuation
[2026-01-16T08:46:32.662+0000][gc,mmu      ] GC(408) MMU target violated: 201.0ms (200.0ms/201.0ms)
[2026-01-16T08:46:32.664+0000][gc,phases   ] GC(408)   Pre Evacuate Collection Set: 21.6ms
[2026-01-16T08:46:32.666+0000][gc,phases   ] GC(408)   Merge Heap Roots: 0.9ms
[2026-01-16T08:46:32.670+0000][gc,phases   ] GC(408)   Evacuate Collection Set: 1158.9ms
[2026-01-16T08:46:32.671+0000][gc,phases   ] GC(408)   Post Evacuate Collection Set: 15.6ms
[2026-01-16T08:46:32.672+0000][gc,phases   ] GC(408)   Other: 15.6ms
[2026-01-16T08:46:32.673+0000][gc,heap     ] GC(408) Eden regions: 46->0(46)
[2026-01-16T08:46:32.674+0000][gc,heap     ] GC(408) Survivor regions: 5->5(7)
[2026-01-16T08:46:32.674+0000][gc,heap     ] GC(408) Old regions: 158->159
[2026-01-16T08:46:32.674+0000][gc,heap     ] GC(408) Humongous regions: 83->83
[2026-01-16T08:46:32.674+0000][gc,metaspace] GC(408) Metaspace: 12357K(12864K)->12357K(12864K) NonClass: 11262K(11520K)->11262K(11520K) Class: 1095K(1344K)->1095K(1344K)
[2026-01-16T08:46:32.675+0000][gc          ] GC(408) Pause Young (Normal) (G1 Evacuation Pause) 291M->245M(1024M) 1224.119ms
[2026-01-16T08:46:32.675+0000][gc,cpu      ] GC(408) User=0.30s Sys=0.11s Real=1.22s
[2026-01-16T08:46:34.184+0000][gc,start    ] GC(409) Pause Young (Normal) (G1 Evacuation Pause)
[2026-01-16T08:46:34.191+0000][gc,task     ] GC(409) Using 8 workers of 8 for evacuation
[2026-01-16T08:46:34.598+0000][gc,mmu      ] GC(409) MMU target violated: 201.0ms (200.0ms/201.0ms)
[2026-01-16T08:46:34.600+0000][gc,phases   ] GC(409)   Pre Evacuate Collection Set: 26.4ms
[2026-01-16T08:46:34.601+0000][gc,phases   ] GC(409)   Merge Heap Roots: 3.6ms
[2026-01-16T08:46:34.602+0000][gc,phases   ] GC(409)   Evacuate Collection Set: 367.7ms
[2026-01-16T08:46:34.602+0000][gc,phases   ] GC(409)   Post Evacuate Collection Set: 4.4ms
[2026-01-16T08:46:34.607+0000][gc,phases   ] GC(409)   Other: 7.4ms
[2026-01-16T08:46:34.609+0000][gc,heap     ] GC(409) Eden regions: 46->0(46)
[2026-01-16T08:46:34.610+0000][gc,heap     ] GC(409) Survivor regions: 5->5(7)
[2026-01-16T08:46:34.610+0000][gc,heap     ] GC(409) Old regions: 159->160
[2026-01-16T08:46:34.610+0000][gc,heap     ] GC(409) Humongous regions: 83->83
[2026-01-16T08:46:34.611+0000][gc,metaspace] GC(409) Metaspace: 12360K(12864K)->12360K(12864K) NonClass: 11265K(11520K)->11265K(11520K) Class: 1095K(1344K)->1095K(1344K)
[2026-01-16T08:46:34.611+0000][gc          ] GC(409) Pause Young (Normal) (G1 Evacuation Pause) 291M->246M(1024M) 426.985ms
[2026-01-16T08:46:34.611+0000][gc,cpu      ] GC(409) User=0.11s Sys=0.03s Real=0.43s
[2026-01-16T08:46:35.763+0000][gc,start    ] GC(410) Pause Young (Normal) (G1 Evacuation Pause)
[2026-01-16T08:46:35.763+0000][gc,task     ] GC(410) Using 8 workers of 8 for evacuation
[2026-01-16T08:46:35.940+0000][gc,phases   ] GC(410)   Pre Evacuate Collection Set: 14.2ms
[2026-01-16T08:46:35.941+0000][gc,phases   ] GC(410)   Merge Heap Roots: 2.5ms
[2026-01-16T08:46:35.941+0000][gc,phases   ] GC(410)   Evacuate Collection Set: 153.7ms
[2026-01-16T08:46:35.941+0000][gc,phases   ] GC(410)   Post Evacuate Collection Set: 6.0ms
[2026-01-16T08:46:35.942+0000][gc,phases   ] GC(410)   Other: 0.7ms
[2026-01-16T08:46:35.942+0000][gc,heap     ] GC(410) Eden regions: 46->0(46)
[2026-01-16T08:46:35.943+0000][gc,heap     ] GC(410) Survivor regions: 5->5(7)
[2026-01-16T08:46:35.943+0000][gc,heap     ] GC(410) Old regions: 160->160
[2026-01-16T08:46:35.943+0000][gc,heap     ] GC(410) Humongous regions: 83->83
[2026-01-16T08:46:35.944+0000][gc,metaspace] GC(410) Metaspace: 12366K(12864K)->12366K(12864K) NonClass: 11270K(11520K)->11270K(11520K) Class: 1095K(1344K)->1095K(1344K)
[2026-01-16T08:46:35.944+0000][gc          ] GC(410) Pause Young (Normal) (G1 Evacuation Pause) 292M->246M(1024M) 181.126ms
[2026-01-16T08:46:35.944+0000][gc,cpu      ] GC(410) User=0.07s Sys=0.02s Real=0.18s
[2026-01-16T08:46:37.544+0000][gc,start    ] GC(411) Pause Young (Normal) (G1 Evacuation Pause)
[2026-01-16T08:46:37.581+0000][gc,task     ] GC(411) Using 8 workers of 8 for evacuation
[2026-01-16T08:46:37.999+0000][gc,mmu      ] GC(411) MMU target violated: 201.0ms (200.0ms/201.0ms)
[2026-01-16T08:46:38.000+0000][gc,phases   ] GC(411)   Pre Evacuate Collection Set: 93.0ms
[2026-01-16T08:46:38.002+0000][gc,phases   ] GC(411)   Merge Heap Roots: 2.8ms
[2026-01-16T08:46:38.008+0000][gc,phases   ] GC(411)   Evacuate Collection Set: 307.8ms
[2026-01-16T08:46:38.010+0000][gc,phases   ] GC(411)   Post Evacuate Collection Set: 12.5ms
[2026-01-16T08:46:38.012+0000][gc,phases   ] GC(411)   Other: 2.2ms
[2026-01-16T08:46:38.012+0000][gc,heap     ] GC(411) Eden regions: 46->0(46)
[2026-01-16T08:46:38.013+0000][gc,heap     ] GC(411) Survivor regions: 5->5(7)
[2026-01-16T08:46:38.013+0000][gc,heap     ] GC(411) Old regions: 160->161
[2026-01-16T08:46:38.013+0000][gc,heap     ] GC(411) Humongous regions: 83->83
[2026-01-16T08:46:38.014+0000][gc,metaspace] GC(411) Metaspace: 12366K(12864K)->12366K(12864K) NonClass: 11270K(11520K)->11270K(11520K) Class: 1095K(1344K)->1095K(1344K)
[2026-01-16T08:46:38.016+0000][gc          ] GC(411) Pause Young (Normal) (G1 Evacuation Pause) 292M->248M(1024M) 472.004ms
[2026-01-16T08:46:38.017+0000][gc,cpu      ] GC(411) User=0.17s Sys=0.07s Real=0.47s
[2026-01-16T08:46:39.573+0000][gc,start    ] GC(412) Pause Young (Normal) (G1 Evacuation Pause)
[2026-01-16T08:46:39.623+0000][gc,task     ] GC(412) Using 8 workers of 8 for evacuation
[2026-01-16T08:46:39.898+0000][gc,mmu      ] GC(412) MMU target violated: 201.0ms (200.0ms/201.0ms)
[2026-01-16T08:46:39.903+0000][gc,phases   ] GC(412)   Pre Evacuate Collection Set: 9.9ms
[2026-01-16T08:46:39.906+0000][gc,phases   ] GC(412)   Merge Heap Roots: 13.7ms
[2026-01-16T08:46:39.909+0000][gc,phases   ] GC(412)   Evacuate Collection Set: 238.1ms
[2026-01-16T08:46:39.909+0000][gc,phases   ] GC(412)   Post Evacuate Collection Set: 12.4ms
[2026-01-16T08:46:39.910+0000][gc,phases   ] GC(412)   Other: 33.2ms
[2026-01-16T08:46:39.911+0000][gc,heap     ] GC(412) Eden regions: 46->0(47)
[2026-01-16T08:46:39.911+0000][gc,heap     ] GC(412) Survivor regions: 5->4(7)
[2026-01-16T08:46:39.912+0000][gc,heap     ] GC(412) Old regions: 161->162
[2026-01-16T08:46:39.912+0000][gc,heap     ] GC(412) Humongous regions: 83->83
[2026-01-16T08:46:39.916+0000][gc,metaspace] GC(412) Metaspace: 12367K(12864K)->12367K(12864K) NonClass: 11272K(11520K)->11272K(11520K) Class: 1095K(1344K)->1095K(1344K)
[2026-01-16T08:46:40.017+0000][gc          ] GC(412) Pause Young (Normal) (G1 Evacuation Pause) 294M->248M(1024M) 443.735ms
[2026-01-16T08:46:40.105+0000][gc,cpu      ] GC(412) User=0.10s Sys=0.02s Real=0.54s
[2026-01-16T08:46:41.576+0000][gc,start    ] GC(413) Pause Young (Normal) (G1 Evacuation Pause)
[2026-01-16T08:46:41.588+0000][gc,task     ] GC(413) Using 8 workers of 8 for evacuation
[2026-01-16T08:46:41.890+0000][gc,mmu      ] GC(413) MMU target violated: 201.0ms (200.0ms/201.0ms)
[2026-01-16T08:46:41.892+0000][gc,phases   ] GC(413)   Pre Evacuate Collection Set: 23.4ms
[2026-01-16T08:46:41.892+0000][gc,phases   ] GC(413)   Merge Heap Roots: 28.2ms
[2026-01-16T08:46:41.893+0000][gc,phases   ] GC(413)   Evacuate Collection Set: 238.8ms
[2026-01-16T08:46:41.894+0000][gc,phases   ] GC(413)   Post Evacuate Collection Set: 8.1ms
[2026-01-16T08:46:41.894+0000][gc,phases   ] GC(413)   Other: 13.3ms
[2026-01-16T08:46:41.897+0000][gc,heap     ] GC(413) Eden regions: 47->0(46)
[2026-01-16T08:46:41.899+0000][gc,heap     ] GC(413) Survivor regions: 4->5(7)
[2026-01-16T08:46:41.900+0000][gc,heap     ] GC(413) Old regions: 162->162
[2026-01-16T08:46:41.903+0000][gc,heap     ] GC(413) Humongous regions: 83->83
[2026-01-16T08:46:41.904+0000][gc,metaspace] GC(413) Metaspace: 12367K(12864K)->12367K(12864K) NonClass: 11272K(11520K)->11272K(11520K) Class: 1095K(1344K)->1095K(1344K)
[2026-01-16T08:46:41.904+0000][gc          ] GC(413) Pause Young (Normal) (G1 Evacuation Pause) 295M->249M(1024M) 328.891ms
[2026-01-16T08:46:41.907+0000][gc,cpu      ] GC(413) User=0.12s Sys=0.01s Real=0.33s
[2026-01-16T08:46:44.480+0000][gc,start    ] GC(414) Pause Young (Normal) (G1 Evacuation Pause)
[2026-01-16T08:46:44.490+0000][gc,task     ] GC(414) Using 8 workers of 8 for evacuation
[2026-01-16T08:46:44.835+0000][gc,mmu      ] GC(414) MMU target violated: 201.0ms (200.0ms/201.0ms)
[2026-01-16T08:46:44.853+0000][gc,phases   ] GC(414)   Pre Evacuate Collection Set: 41.6ms
[2026-01-16T08:46:44.854+0000][gc,phases   ] GC(414)   Merge Heap Roots: 4.3ms
[2026-01-16T08:46:44.856+0000][gc,phases   ] GC(414)   Evacuate Collection Set: 283.2ms
[2026-01-16T08:46:44.858+0000][gc,phases   ] GC(414)   Post Evacuate Collection Set: 9.8ms
[2026-01-16T08:46:44.858+0000][gc,phases   ] GC(414)   Other: 25.0ms
[2026-01-16T08:46:44.859+0000][gc,heap     ] GC(414) Eden regions: 46->0(46)
[2026-01-16T08:46:44.859+0000][gc,heap     ] GC(414) Survivor regions: 5->5(7)
[2026-01-16T08:46:44.860+0000][gc,heap     ] GC(414) Old regions: 162->163
[2026-01-16T08:46:44.860+0000][gc,heap     ] GC(414) Humongous regions: 83->83
[2026-01-16T08:46:44.860+0000][gc,metaspace] GC(414) Metaspace: 12369K(12864K)->12369K(12864K) NonClass: 11274K(11520K)->11274K(11520K) Class: 1095K(1344K)->1095K(1344K)
[2026-01-16T08:46:44.861+0000][gc          ] GC(414) Pause Young (Normal) (G1 Evacuation Pause) 295M->250M(1024M) 380.946ms
[2026-01-16T08:46:44.868+0000][gc,cpu      ] GC(414) User=0.17s Sys=0.02s Real=0.39s
[2026-01-16T08:46:46.289+0000][gc,start    ] GC(415) Pause Young (Normal) (G1 Evacuation Pause)
[2026-01-16T08:46:46.290+0000][gc,task     ] GC(415) Using 8 workers of 8 for evacuation
[2026-01-16T08:46:46.599+0000][gc,mmu      ] GC(415) MMU target violated: 201.0ms (200.0ms/201.0ms)
[2026-01-16T08:46:46.610+0000][gc,phases   ] GC(415)   Pre Evacuate Collection Set: 47.0ms
[2026-01-16T08:46:46.612+0000][gc,phases   ] GC(415)   Merge Heap Roots: 0.4ms
[2026-01-16T08:46:46.615+0000][gc,phases   ] GC(415)   Evacuate Collection Set: 236.7ms
[2026-01-16T08:46:46.619+0000][gc,phases   ] GC(415)   Post Evacuate Collection Set: 11.1ms
[2026-01-16T08:46:46.625+0000][gc,phases   ] GC(415)   Other: 24.8ms
[2026-01-16T08:46:46.628+0000][gc,heap     ] GC(415) Eden regions: 46->0(46)
[2026-01-16T08:46:46.628+0000][gc,heap     ] GC(415) Survivor regions: 5->5(7)
[2026-01-16T08:46:46.630+0000][gc,heap     ] GC(415) Old regions: 163->164
[2026-01-16T08:46:46.632+0000][gc,heap     ] GC(415) Humongous regions: 83->83
[2026-01-16T08:46:46.633+0000][gc,metaspace] GC(415) Metaspace: 12370K(12864K)->12370K(12864K) NonClass: 11275K(11520K)->11275K(11520K) Class: 1095K(1344K)->1095K(1344K)
[2026-01-16T08:46:46.637+0000][gc          ] GC(415) Pause Young (Normal) (G1 Evacuation Pause) 296M->251M(1024M) 347.910ms
[2026-01-16T08:46:46.637+0000][gc,cpu      ] GC(415) User=0.19s Sys=0.02s Real=0.35s
[2026-01-16T08:46:48.442+0000][gc,start    ] GC(416) Pause Young (Normal) (G1 Evacuation Pause)
[2026-01-16T08:46:48.445+0000][gc,task     ] GC(416) Using 8 workers of 8 for evacuation
[2026-01-16T08:46:48.908+0000][gc,mmu      ] GC(416) MMU target violated: 201.0ms (200.0ms/201.0ms)
[2026-01-16T08:46:48.911+0000][gc,phases   ] GC(416)   Pre Evacuate Collection Set: 36.4ms
[2026-01-16T08:46:48.914+0000][gc,phases   ] GC(416)   Merge Heap Roots: 0.8ms
[2026-01-16T08:46:48.914+0000][gc,phases   ] GC(416)   Evacuate Collection Set: 390.7ms
[2026-01-16T08:46:48.915+0000][gc,phases   ] GC(416)   Post Evacuate Collection Set: 27.0ms
[2026-01-16T08:46:48.916+0000][gc,phases   ] GC(416)   Other: 11.2ms
[2026-01-16T08:46:48.917+0000][gc,heap     ] GC(416) Eden regions: 46->0(47)
[2026-01-16T08:46:48.920+0000][gc,heap     ] GC(416) Survivor regions: 5->4(7)
[2026-01-16T08:46:48.920+0000][gc,heap     ] GC(416) Old regions: 164->165
[2026-01-16T08:46:48.921+0000][gc,heap     ] GC(416) Humongous regions: 83->83
[2026-01-16T08:46:48.921+0000][gc,metaspace] GC(416) Metaspace: 12370K(12864K)->12370K(12864K) NonClass: 11275K(11520K)->11275K(11520K) Class: 1095K(1344K)->1095K(1344K)
[2026-01-16T08:46:48.923+0000][gc          ] GC(416) Pause Young (Normal) (G1 Evacuation Pause) 297M->251M(1024M) 480.960ms
[2026-01-16T08:46:48.924+0000][gc,cpu      ] GC(416) User=0.18s Sys=0.07s Real=0.48s
[2026-01-16T08:46:51.580+0000][gc,start    ] GC(417) Pause Young (Normal) (G1 Evacuation Pause)
[2026-01-16T08:46:51.581+0000][gc,task     ] GC(417) Using 8 workers of 8 for evacuation
[2026-01-16T08:46:52.108+0000][gc,mmu      ] GC(417) MMU target violated: 201.0ms (200.0ms/201.0ms)
[2026-01-16T08:46:52.112+0000][gc,phases   ] GC(417)   Pre Evacuate Collection Set: 26.7ms
[2026-01-16T08:46:52.118+0000][gc,phases   ] GC(417)   Merge Heap Roots: 0.7ms
[2026-01-16T08:46:52.119+0000][gc,phases   ] GC(417)   Evacuate Collection Set: 462.5ms
[2026-01-16T08:46:52.119+0000][gc,phases   ] GC(417)   Post Evacuate Collection Set: 33.2ms
[2026-01-16T08:46:52.121+0000][gc,phases   ] GC(417)   Other: 7.9ms
[2026-01-16T08:46:52.127+0000][gc,heap     ] GC(417) Eden regions: 47->0(47)
[2026-01-16T08:46:52.127+0000][gc,heap     ] GC(417) Survivor regions: 4->4(7)
[2026-01-16T08:46:52.129+0000][gc,heap     ] GC(417) Old regions: 165->165
[2026-01-16T08:46:52.147+0000][gc,heap     ] GC(417) Humongous regions: 83->83
[2026-01-16T08:46:52.148+0000][gc,metaspace] GC(417) Metaspace: 12370K(12864K)->12370K(12864K) NonClass: 11275K(11520K)->11275K(11520K) Class: 1095K(1344K)->1095K(1344K)
[2026-01-16T08:46:52.158+0000][gc          ] GC(417) Pause Young (Normal) (G1 Evacuation Pause) 298M->251M(1024M) 577.693ms
[2026-01-16T08:46:52.169+0000][gc,cpu      ] GC(417) User=0.15s Sys=0.02s Real=0.59s
[2026-01-16T08:46:54.664+0000][gc,start    ] GC(418) Pause Young (Normal) (G1 Evacuation Pause)
[2026-01-16T08:46:54.665+0000][gc,task     ] GC(418) Using 8 workers of 8 for evacuation
[2026-01-16T08:46:55.076+0000][gc,mmu      ] GC(418) MMU target violated: 201.0ms (200.0ms/201.0ms)
[2026-01-16T08:46:55.077+0000][gc,phases   ] GC(418)   Pre Evacuate Collection Set: 40.6ms
[2026-01-16T08:46:55.081+0000][gc,phases   ] GC(418)   Merge Heap Roots: 0.8ms
[2026-01-16T08:46:55.082+0000][gc,phases   ] GC(418)   Evacuate Collection Set: 326.0ms
[2026-01-16T08:46:55.083+0000][gc,phases   ] GC(418)   Post Evacuate Collection Set: 39.4ms
[2026-01-16T08:46:55.085+0000][gc,phases   ] GC(418)   Other: 5.5ms
[2026-01-16T08:46:55.086+0000][gc,heap     ] GC(418) Eden regions: 47->0(47)
[2026-01-16T08:46:55.088+0000][gc,heap     ] GC(418) Survivor regions: 4->4(7)
[2026-01-16T08:46:55.092+0000][gc,heap     ] GC(418) Old regions: 165->166
[2026-01-16T08:46:55.093+0000][gc,heap     ] GC(418) Humongous regions: 83->83
[2026-01-16T08:46:55.093+0000][gc,metaspace] GC(418) Metaspace: 12371K(12864K)->12371K(12864K) NonClass: 11276K(11520K)->11276K(11520K) Class: 1095K(1344K)->1095K(1344K)
[2026-01-16T08:46:55.095+0000][gc          ] GC(418) Pause Young (Normal) (G1 Evacuation Pause) 298M->252M(1024M) 430.815ms
[2026-01-16T08:46:55.098+0000][gc,cpu      ] GC(418) User=0.17s Sys=0.04s Real=0.43s
[2026-01-16T08:46:56.378+0000][gc,start    ] GC(419) Pause Young (Normal) (G1 Evacuation Pause)
[2026-01-16T08:46:56.400+0000][gc,task     ] GC(419) Using 8 workers of 8 for evacuation
[2026-01-16T08:46:56.923+0000][gc,mmu      ] GC(419) MMU target violated: 201.0ms (200.0ms/201.0ms)
[2026-01-16T08:46:56.925+0000][gc,phases   ] GC(419)   Pre Evacuate Collection Set: 22.7ms
[2026-01-16T08:46:56.934+0000][gc,phases   ] GC(419)   Merge Heap Roots: 0.9ms
[2026-01-16T08:46:56.937+0000][gc,phases   ] GC(419)   Evacuate Collection Set: 460.2ms
[2026-01-16T08:46:56.952+0000][gc,phases   ] GC(419)   Post Evacuate Collection Set: 10.3ms
[2026-01-16T08:46:56.956+0000][gc,phases   ] GC(419)   Other: 46.6ms
[2026-01-16T08:46:56.961+0000][gc,heap     ] GC(419) Eden regions: 47->0(46)
[2026-01-16T08:46:56.965+0000][gc,heap     ] GC(419) Survivor regions: 4->5(7)
[2026-01-16T08:46:56.968+0000][gc,heap     ] GC(419) Old regions: 166->166
[2026-01-16T08:46:56.973+0000][gc,heap     ] GC(419) Humongous regions: 83->83
[2026-01-16T08:46:56.973+0000][gc,metaspace] GC(419) Metaspace: 12372K(12864K)->12372K(12864K) NonClass: 11277K(11520K)->11277K(11520K) Class: 1095K(1344K)->1095K(1344K)
[2026-01-16T08:46:56.974+0000][gc          ] GC(419) Pause Young (Normal) (G1 Evacuation Pause) 299M->253M(1024M) 596.882ms
[2026-01-16T08:46:56.975+0000][gc,cpu      ] GC(419) User=0.25s Sys=0.07s Real=0.60s
[2026-01-16T08:46:59.025+0000][gc,start    ] GC(420) Pause Young (Normal) (G1 Evacuation Pause)
[2026-01-16T08:46:59.033+0000][gc,task     ] GC(420) Using 8 workers of 8 for evacuation
[2026-01-16T08:46:59.697+0000][gc,mmu      ] GC(420) MMU target violated: 201.0ms (200.0ms/201.0ms)
[2026-01-16T08:46:59.747+0000][gc,phases   ] GC(420)   Pre Evacuate Collection Set: 13.0ms
[2026-01-16T08:46:59.750+0000][gc,phases   ] GC(420)   Merge Heap Roots: 1.7ms
[2026-01-16T08:46:59.751+0000][gc,phases   ] GC(420)   Evacuate Collection Set: 610.8ms
[2026-01-16T08:46:59.751+0000][gc,phases   ] GC(420)   Post Evacuate Collection Set: 34.7ms
[2026-01-16T08:46:59.751+0000][gc,phases   ] GC(420)   Other: 55.9ms
[2026-01-16T08:46:59.751+0000][gc,heap     ] GC(420) Eden regions: 46->0(46)
[2026-01-16T08:46:59.751+0000][gc,heap     ] GC(420) Survivor regions: 5->5(7)
[2026-01-16T08:46:59.752+0000][gc,heap     ] GC(420) Old regions: 166->167
[2026-01-16T08:46:59.752+0000][gc,heap     ] GC(420) Humongous regions: 83->83
[2026-01-16T08:46:59.754+0000][gc,metaspace] GC(420) Metaspace: 12372K(12864K)->12372K(12864K) NonClass: 11277K(11520K)->11277K(11520K) Class: 1095K(1344K)->1095K(1344K)
[2026-01-16T08:46:59.759+0000][gc          ] GC(420) Pause Young (Normal) (G1 Evacuation Pause) 299M->253M(1024M) 734.474ms
[2026-01-16T08:46:59.761+0000][gc,cpu      ] GC(420) User=0.37s Sys=0.13s Real=0.73s
[2026-01-16T08:47:02.301+0000][gc,start    ] GC(421) Pause Young (Normal) (G1 Evacuation Pause)
[2026-01-16T08:47:02.304+0000][gc,task     ] GC(421) Using 8 workers of 8 for evacuation
[2026-01-16T08:47:02.676+0000][gc,mmu      ] GC(421) MMU target violated: 201.0ms (200.0ms/201.0ms)
[2026-01-16T08:47:02.678+0000][gc,phases   ] GC(421)   Pre Evacuate Collection Set: 14.5ms
[2026-01-16T08:47:02.680+0000][gc,phases   ] GC(421)   Merge Heap Roots: 2.8ms
[2026-01-16T08:47:02.680+0000][gc,phases   ] GC(421)   Evacuate Collection Set: 336.3ms
[2026-01-16T08:47:02.684+0000][gc,phases   ] GC(421)   Post Evacuate Collection Set: 15.5ms
[2026-01-16T08:47:02.688+0000][gc,phases   ] GC(421)   Other: 5.5ms
[2026-01-16T08:47:02.691+0000][gc,heap     ] GC(421) Eden regions: 46->0(47)
[2026-01-16T08:47:02.728+0000][gc,heap     ] GC(421) Survivor regions: 5->4(7)
[2026-01-16T08:47:02.729+0000][gc,heap     ] GC(421) Old regions: 167->168
[2026-01-16T08:47:02.735+0000][gc,heap     ] GC(421) Humongous regions: 83->83
[2026-01-16T08:47:02.735+0000][gc,metaspace] GC(421) Metaspace: 12373K(12864K)->12373K(12864K) NonClass: 11278K(11520K)->11278K(11520K) Class: 1095K(1344K)->1095K(1344K)
[2026-01-16T08:47:02.784+0000][gc          ] GC(421) Pause Young (Normal) (G1 Evacuation Pause) 299M->253M(1024M) 482.799ms
[2026-01-16T08:47:02.801+0000][gc,cpu      ] GC(421) User=0.14s Sys=0.04s Real=0.49s
[2026-01-16T08:47:08.461+0000][gc,start    ] GC(422) Pause Young (Normal) (G1 Evacuation Pause)
[2026-01-16T08:47:08.501+0000][gc,task     ] GC(422) Using 8 workers of 8 for evacuation
[2026-01-16T08:47:09.592+0000][gc,mmu      ] GC(422) MMU target violated: 201.0ms (200.0ms/201.0ms)
[2026-01-16T08:47:09.595+0000][gc,phases   ] GC(422)   Pre Evacuate Collection Set: 91.2ms
[2026-01-16T08:47:09.596+0000][gc,phases   ] GC(422)   Merge Heap Roots: 38.5ms
[2026-01-16T08:47:09.596+0000][gc,phases   ] GC(422)   Evacuate Collection Set: 758.5ms
[2026-01-16T08:47:09.596+0000][gc,phases   ] GC(422)   Post Evacuate Collection Set: 159.6ms
[2026-01-16T08:47:09.596+0000][gc,phases   ] GC(422)   Other: 47.0ms
[2026-01-16T08:47:09.596+0000][gc,heap     ] GC(422) Eden regions: 47->0(47)
[2026-01-16T08:47:09.598+0000][gc,heap     ] GC(422) Survivor regions: 4->4(7)
[2026-01-16T08:47:09.599+0000][gc,heap     ] GC(422) Old regions: 168->168
[2026-01-16T08:47:09.599+0000][gc,heap     ] GC(422) Humongous regions: 83->83
[2026-01-16T08:47:09.600+0000][gc,metaspace] GC(422) Metaspace: 12374K(12864K)->12374K(12864K) NonClass: 11279K(11520K)->11279K(11520K) Class: 1095K(1344K)->1095K(1344K)
[2026-01-16T08:47:09.607+0000][gc          ] GC(422) Pause Young (Normal) (G1 Evacuation Pause) 300M->254M(1024M) 1145.106ms
[2026-01-16T08:47:09.607+0000][gc,cpu      ] GC(422) User=0.45s Sys=0.05s Real=1.15s
[2026-01-16T08:47:12.637+0000][gc,start    ] GC(423) Pause Young (Normal) (G1 Evacuation Pause)
[2026-01-16T08:47:12.681+0000][gc,task     ] GC(423) Using 8 workers of 8 for evacuation
[2026-01-16T08:47:13.148+0000][gc,mmu      ] GC(423) MMU target violated: 201.0ms (200.0ms/201.0ms)
[2026-01-16T08:47:13.151+0000][gc,phases   ] GC(423)   Pre Evacuate Collection Set: 66.7ms
[2026-01-16T08:47:13.160+0000][gc,phases   ] GC(423)   Merge Heap Roots: 2.3ms
[2026-01-16T08:47:13.162+0000][gc,phases   ] GC(423)   Evacuate Collection Set: 381.5ms
[2026-01-16T08:47:13.165+0000][gc,phases   ] GC(423)   Post Evacuate Collection Set: 13.1ms
[2026-01-16T08:47:13.166+0000][gc,phases   ] GC(423)   Other: 11.4ms
[2026-01-16T08:47:13.167+0000][gc,heap     ] GC(423) Eden regions: 47->0(46)
[2026-01-16T08:47:13.169+0000][gc,heap     ] GC(423) Survivor regions: 4->5(7)
[2026-01-16T08:47:13.171+0000][gc,heap     ] GC(423) Old regions: 168->168
[2026-01-16T08:47:13.174+0000][gc,heap     ] GC(423) Humongous regions: 83->83
[2026-01-16T08:47:13.175+0000][gc,metaspace] GC(423) Metaspace: 12374K(12864K)->12374K(12864K) NonClass: 11279K(11520K)->11279K(11520K) Class: 1095K(1344K)->1095K(1344K)
[2026-01-16T08:47:13.178+0000][gc          ] GC(423) Pause Young (Normal) (G1 Evacuation Pause) 301M->255M(1024M) 540.974ms
[2026-01-16T08:47:13.187+0000][gc,cpu      ] GC(423) User=0.19s Sys=0.01s Real=0.55s
[2026-01-16T08:47:15.113+0000][gc,start    ] GC(424) Pause Young (Normal) (G1 Evacuation Pause)
[2026-01-16T08:47:15.140+0000][gc,task     ] GC(424) Using 8 workers of 8 for evacuation
[2026-01-16T08:47:15.766+0000][gc,mmu      ] GC(424) MMU target violated: 201.0ms (200.0ms/201.0ms)
[2026-01-16T08:47:15.769+0000][gc,phases   ] GC(424)   Pre Evacuate Collection Set: 69.0ms
[2026-01-16T08:47:15.771+0000][gc,phases   ] GC(424)   Merge Heap Roots: 5.2ms
[2026-01-16T08:47:15.772+0000][gc,phases   ] GC(424)   Evacuate Collection Set: 524.9ms
[2026-01-16T08:47:15.777+0000][gc,phases   ] GC(424)   Post Evacuate Collection Set: 20.4ms
[2026-01-16T08:47:15.778+0000][gc,phases   ] GC(424)   Other: 10.1ms
[2026-01-16T08:47:15.780+0000][gc,heap     ] GC(424) Eden regions: 46->0(47)
[2026-01-16T08:47:15.780+0000][gc,heap     ] GC(424) Survivor regions: 5->4(7)
[2026-01-16T08:47:15.781+0000][gc,heap     ] GC(424) Old regions: 168->169
[2026-01-16T08:47:15.781+0000][gc,heap     ] GC(424) Humongous regions: 83->83
[2026-01-16T08:47:15.782+0000][gc,metaspace] GC(424) Metaspace: 12374K(12864K)->12374K(12864K) NonClass: 11279K(11520K)->11279K(11520K) Class: 1095K(1344K)->1095K(1344K)
[2026-01-16T08:47:15.784+0000][gc          ] GC(424) Pause Young (Normal) (G1 Evacuation Pause) 301M->255M(1024M) 670.961ms
[2026-01-16T08:47:15.793+0000][gc,cpu      ] GC(424) User=0.13s Sys=0.01s Real=0.68s
[2026-01-16T08:47:17.586+0000][gc,start    ] GC(425) Pause Young (Normal) (G1 Evacuation Pause)
[2026-01-16T08:47:17.594+0000][gc,task     ] GC(425) Using 8 workers of 8 for evacuation
[2026-01-16T08:47:17.854+0000][gc,mmu      ] GC(425) MMU target violated: 201.0ms (200.0ms/201.0ms)
[2026-01-16T08:47:17.855+0000][gc,phases   ] GC(425)   Pre Evacuate Collection Set: 19.4ms
[2026-01-16T08:47:17.855+0000][gc,phases   ] GC(425)   Merge Heap Roots: 0.6ms
[2026-01-16T08:47:17.856+0000][gc,phases   ] GC(425)   Evacuate Collection Set: 233.8ms
[2026-01-16T08:47:17.856+0000][gc,phases   ] GC(425)   Post Evacuate Collection Set: 5.2ms
[2026-01-16T08:47:17.856+0000][gc,phases   ] GC(425)   Other: 1.9ms
[2026-01-16T08:47:17.856+0000][gc,heap     ] GC(425) Eden regions: 47->0(46)
[2026-01-16T08:47:17.857+0000][gc,heap     ] GC(425) Survivor regions: 4->5(7)
[2026-01-16T08:47:17.857+0000][gc,heap     ] GC(425) Old regions: 169->169
[2026-01-16T08:47:17.857+0000][gc,heap     ] GC(425) Humongous regions: 83->83
[2026-01-16T08:47:17.858+0000][gc,metaspace] GC(425) Metaspace: 12374K(12864K)->12374K(12864K) NonClass: 11279K(11520K)->11279K(11520K) Class: 1095K(1344K)->1095K(1344K)
[2026-01-16T08:47:17.859+0000][gc          ] GC(425) Pause Young (Normal) (G1 Evacuation Pause) 302M->256M(1024M) 272.825ms
[2026-01-16T08:47:17.860+0000][gc,cpu      ] GC(425) User=0.13s Sys=0.00s Real=0.27s
[2026-01-16T08:47:19.144+0000][gc,start    ] GC(426) Pause Young (Normal) (G1 Evacuation Pause)
[2026-01-16T08:47:19.155+0000][gc,task     ] GC(426) Using 8 workers of 8 for evacuation
[2026-01-16T08:47:19.459+0000][gc,mmu      ] GC(426) MMU target violated: 201.0ms (200.0ms/201.0ms)
[2026-01-16T08:47:19.462+0000][gc,phases   ] GC(426)   Pre Evacuate Collection Set: 36.2ms
[2026-01-16T08:47:19.466+0000][gc,phases   ] GC(426)   Merge Heap Roots: 11.6ms
[2026-01-16T08:47:19.470+0000][gc,phases   ] GC(426)   Evacuate Collection Set: 239.4ms
[2026-01-16T08:47:19.472+0000][gc,phases   ] GC(426)   Post Evacuate Collection Set: 10.4ms
[2026-01-16T08:47:19.472+0000][gc,phases   ] GC(426)   Other: 9.3ms
[2026-01-16T08:47:19.473+0000][gc,heap     ] GC(426) Eden regions: 46->0(46)
[2026-01-16T08:47:19.473+0000][gc,heap     ] GC(426) Survivor regions: 5->5(7)
[2026-01-16T08:47:19.473+0000][gc,heap     ] GC(426) Old regions: 169->170
[2026-01-16T08:47:19.473+0000][gc,heap     ] GC(426) Humongous regions: 83->83
[2026-01-16T08:47:19.473+0000][gc,metaspace] GC(426) Metaspace: 12374K(12864K)->12374K(12864K) NonClass: 11279K(11520K)->11279K(11520K) Class: 1095K(1344K)->1095K(1344K)
[2026-01-16T08:47:19.474+0000][gc          ] GC(426) Pause Young (Normal) (G1 Evacuation Pause) 302M->256M(1024M) 329.657ms
[2026-01-16T08:47:19.474+0000][gc,cpu      ] GC(426) User=0.13s Sys=0.01s Real=0.33s
[2026-01-16T08:47:20.357+0000][gc,start    ] GC(427) Pause Young (Normal) (G1 Evacuation Pause)
[2026-01-16T08:47:20.377+0000][gc,task     ] GC(427) Using 8 workers of 8 for evacuation
[2026-01-16T08:47:20.484+0000][gc,phases   ] GC(427)   Pre Evacuate Collection Set: 8.1ms
[2026-01-16T08:47:20.485+0000][gc,phases   ] GC(427)   Merge Heap Roots: 2.9ms
[2026-01-16T08:47:20.485+0000][gc,phases   ] GC(427)   Evacuate Collection Set: 93.4ms
[2026-01-16T08:47:20.485+0000][gc,phases   ] GC(427)   Post Evacuate Collection Set: 1.0ms
[2026-01-16T08:47:20.486+0000][gc,phases   ] GC(427)   Other: 1.4ms
[2026-01-16T08:47:20.486+0000][gc,heap     ] GC(427) Eden regions: 46->0(46)
[2026-01-16T08:47:20.486+0000][gc,heap     ] GC(427) Survivor regions: 5->5(7)
[2026-01-16T08:47:20.487+0000][gc,heap     ] GC(427) Old regions: 170->170
[2026-01-16T08:47:20.487+0000][gc,heap     ] GC(427) Humongous regions: 83->83
[2026-01-16T08:47:20.487+0000][gc,metaspace] GC(427) Metaspace: 12374K(12864K)->12374K(12864K) NonClass: 11279K(11520K)->11279K(11520K) Class: 1095K(1344K)->1095K(1344K)
[2026-01-16T08:47:20.488+0000][gc          ] GC(427) Pause Young (Normal) (G1 Evacuation Pause) 302M->257M(1024M) 130.337ms
[2026-01-16T08:47:20.488+0000][gc,cpu      ] GC(427) User=0.05s Sys=0.01s Real=0.13s
[2026-01-16T08:47:21.327+0000][gc,start    ] GC(428) Pause Young (Normal) (G1 Evacuation Pause)
[2026-01-16T08:47:21.328+0000][gc,task     ] GC(428) Using 8 workers of 8 for evacuation
[2026-01-16T08:47:21.378+0000][gc,phases   ] GC(428)   Pre Evacuate Collection Set: 2.7ms
[2026-01-16T08:47:21.379+0000][gc,phases   ] GC(428)   Merge Heap Roots: 1.4ms
[2026-01-16T08:47:21.380+0000][gc,phases   ] GC(428)   Evacuate Collection Set: 41.0ms
[2026-01-16T08:47:21.381+0000][gc,phases   ] GC(428)   Post Evacuate Collection Set: 4.2ms
[2026-01-16T08:47:21.386+0000][gc,phases   ] GC(428)   Other: 1.3ms
[2026-01-16T08:47:21.388+0000][gc,heap     ] GC(428) Eden regions: 46->0(46)
[2026-01-16T08:47:21.389+0000][gc,heap     ] GC(428) Survivor regions: 5->5(7)
[2026-01-16T08:47:21.392+0000][gc,heap     ] GC(428) Old regions: 170->171
[2026-01-16T08:47:21.393+0000][gc,heap     ] GC(428) Humongous regions: 83->83
[2026-01-16T08:47:21.393+0000][gc,metaspace] GC(428) Metaspace: 12374K(12864K)->12374K(12864K) NonClass: 11279K(11520K)->11279K(11520K) Class: 1095K(1344K)->1095K(1344K)
[2026-01-16T08:47:21.394+0000][gc          ] GC(428) Pause Young (Normal) (G1 Evacuation Pause) 303M->258M(1024M) 66.869ms
[2026-01-16T08:47:21.395+0000][gc,cpu      ] GC(428) User=0.05s Sys=0.00s Real=0.06s
[2026-01-16T08:47:22.785+0000][gc,start    ] GC(429) Pause Young (Normal) (G1 Evacuation Pause)
[2026-01-16T08:47:22.833+0000][gc,task     ] GC(429) Using 8 workers of 8 for evacuation
[2026-01-16T08:47:23.128+0000][gc,mmu      ] GC(429) MMU target violated: 201.0ms (200.0ms/201.0ms)
[2026-01-16T08:47:23.129+0000][gc,phases   ] GC(429)   Pre Evacuate Collection Set: 43.0ms
[2026-01-16T08:47:23.130+0000][gc,phases   ] GC(429)   Merge Heap Roots: 2.2ms
[2026-01-16T08:47:23.131+0000][gc,phases   ] GC(429)   Evacuate Collection Set: 237.4ms
[2026-01-16T08:47:23.132+0000][gc,phases   ] GC(429)   Post Evacuate Collection Set: 9.2ms
[2026-01-16T08:47:23.132+0000][gc,phases   ] GC(429)   Other: 12.0ms
[2026-01-16T08:47:23.133+0000][gc,heap     ] GC(429) Eden regions: 46->0(46)
[2026-01-16T08:47:23.134+0000][gc,heap     ] GC(429) Survivor regions: 5->5(7)
[2026-01-16T08:47:23.135+0000][gc,heap     ] GC(429) Old regions: 171->172
[2026-01-16T08:47:23.137+0000][gc,heap     ] GC(429) Humongous regions: 83->83
[2026-01-16T08:47:23.137+0000][gc,metaspace] GC(429) Metaspace: 12374K(12864K)->12374K(12864K) NonClass: 11279K(11520K)->11279K(11520K) Class: 1095K(1344K)->1095K(1344K)
[2026-01-16T08:47:23.138+0000][gc          ] GC(429) Pause Young (Normal) (G1 Evacuation Pause) 304M->258M(1024M) 352.292ms
[2026-01-16T08:47:23.138+0000][gc,cpu      ] GC(429) User=0.15s Sys=0.02s Real=0.35s
[2026-01-16T08:47:25.117+0000][gc,start    ] GC(430) Pause Young (Normal) (G1 Evacuation Pause)
[2026-01-16T08:47:25.135+0000][gc,task     ] GC(430) Using 8 workers of 8 for evacuation
[2026-01-16T08:47:25.398+0000][gc,mmu      ] GC(430) MMU target violated: 201.0ms (200.0ms/201.0ms)
[2026-01-16T08:47:25.413+0000][gc,phases   ] GC(430)   Pre Evacuate Collection Set: 56.8ms
[2026-01-16T08:47:25.416+0000][gc,phases   ] GC(430)   Merge Heap Roots: 14.8ms
[2026-01-16T08:47:25.416+0000][gc,phases   ] GC(430)   Evacuate Collection Set: 136.5ms
[2026-01-16T08:47:25.416+0000][gc,phases   ] GC(430)   Post Evacuate Collection Set: 7.4ms
[2026-01-16T08:47:25.419+0000][gc,phases   ] GC(430)   Other: 62.6ms
[2026-01-16T08:47:25.421+0000][gc,heap     ] GC(430) Eden regions: 46->0(46)
[2026-01-16T08:47:25.422+0000][gc,heap     ] GC(430) Survivor regions: 5->5(7)
[2026-01-16T08:47:25.423+0000][gc,heap     ] GC(430) Old regions: 172->172
[2026-01-16T08:47:25.423+0000][gc,heap     ] GC(430) Humongous regions: 83->83
[2026-01-16T08:47:25.424+0000][gc,metaspace] GC(430) Metaspace: 12374K(12864K)->12374K(12864K) NonClass: 11279K(11520K)->11279K(11520K) Class: 1095K(1344K)->1095K(1344K)
[2026-01-16T08:47:25.424+0000][gc          ] GC(430) Pause Young (Normal) (G1 Evacuation Pause) 304M->258M(1024M) 307.542ms
[2026-01-16T08:47:25.425+0000][gc,cpu      ] GC(430) User=0.14s Sys=0.03s Real=0.32s
[2026-01-16T08:47:26.921+0000][gc,start    ] GC(431) Pause Young (Normal) (G1 Evacuation Pause)
[2026-01-16T08:47:26.928+0000][gc,task     ] GC(431) Using 8 workers of 8 for evacuation
[2026-01-16T08:47:27.274+0000][gc,mmu      ] GC(431) MMU target violated: 201.0ms (200.0ms/201.0ms)
[2026-01-16T08:47:27.280+0000][gc,phases   ] GC(431)   Pre Evacuate Collection Set: 10.3ms
[2026-01-16T08:47:27.286+0000][gc,phases   ] GC(431)   Merge Heap Roots: 3.2ms
[2026-01-16T08:47:27.286+0000][gc,phases   ] GC(431)   Evacuate Collection Set: 298.7ms
[2026-01-16T08:47:27.288+0000][gc,phases   ] GC(431)   Post Evacuate Collection Set: 30.0ms
[2026-01-16T08:47:27.291+0000][gc,phases   ] GC(431)   Other: 10.1ms
[2026-01-16T08:47:27.293+0000][gc,heap     ] GC(431) Eden regions: 46->0(46)
[2026-01-16T08:47:27.294+0000][gc,heap     ] GC(431) Survivor regions: 5->5(7)
[2026-01-16T08:47:27.294+0000][gc,heap     ] GC(431) Old regions: 172->173
[2026-01-16T08:47:27.298+0000][gc,heap     ] GC(431) Humongous regions: 83->83
[2026-01-16T08:47:27.299+0000][gc,metaspace] GC(431) Metaspace: 12374K(12864K)->12374K(12864K) NonClass: 11279K(11520K)->11279K(11520K) Class: 1095K(1344K)->1095K(1344K)
[2026-01-16T08:47:27.302+0000][gc          ] GC(431) Pause Young (Normal) (G1 Evacuation Pause) 304M->260M(1024M) 380.278ms
[2026-01-16T08:47:27.306+0000][gc,cpu      ] GC(431) User=0.20s Sys=0.06s Real=0.39s
[2026-01-16T08:47:29.110+0000][gc,start    ] GC(432) Pause Young (Normal) (G1 Evacuation Pause)
[2026-01-16T08:47:29.131+0000][gc,task     ] GC(432) Using 8 workers of 8 for evacuation
[2026-01-16T08:47:29.849+0000][gc,mmu      ] GC(432) MMU target violated: 201.0ms (200.0ms/201.0ms)
[2026-01-16T08:47:29.850+0000][gc,phases   ] GC(432)   Pre Evacuate Collection Set: 80.5ms
[2026-01-16T08:47:29.850+0000][gc,phases   ] GC(432)   Merge Heap Roots: 38.7ms
[2026-01-16T08:47:29.850+0000][gc,phases   ] GC(432)   Evacuate Collection Set: 588.2ms
[2026-01-16T08:47:29.850+0000][gc,phases   ] GC(432)   Post Evacuate Collection Set: 4.9ms
[2026-01-16T08:47:29.850+0000][gc,phases   ] GC(432)   Other: 7.1ms
[2026-01-16T08:47:29.850+0000][gc,heap     ] GC(432) Eden regions: 46->0(46)
[2026-01-16T08:47:29.851+0000][gc,heap     ] GC(432) Survivor regions: 5->5(7)
[2026-01-16T08:47:29.851+0000][gc,heap     ] GC(432) Old regions: 173->174
[2026-01-16T08:47:29.851+0000][gc,heap     ] GC(432) Humongous regions: 83->83
[2026-01-16T08:47:29.852+0000][gc,metaspace] GC(432) Metaspace: 12374K(12864K)->12374K(12864K) NonClass: 11279K(11520K)->11279K(11520K) Class: 1095K(1344K)->1095K(1344K)
[2026-01-16T08:47:29.852+0000][gc          ] GC(432) Pause Young (Normal) (G1 Evacuation Pause) 306M->260M(1024M) 741.574ms
[2026-01-16T08:47:29.852+0000][gc,cpu      ] GC(432) User=0.15s Sys=0.10s Real=0.75s
[2026-01-16T08:47:31.261+0000][gc,start    ] GC(433) Pause Young (Normal) (G1 Evacuation Pause)
[2026-01-16T08:47:31.264+0000][gc,task     ] GC(433) Using 8 workers of 8 for evacuation
[2026-01-16T08:47:31.988+0000][gc,mmu      ] GC(433) MMU target violated: 201.0ms (200.0ms/201.0ms)
[2026-01-16T08:47:31.991+0000][gc,phases   ] GC(433)   Pre Evacuate Collection Set: 6.4ms
[2026-01-16T08:47:31.992+0000][gc,phases   ] GC(433)   Merge Heap Roots: 0.8ms
[2026-01-16T08:47:31.992+0000][gc,phases   ] GC(433)   Evacuate Collection Set: 684.2ms
[2026-01-16T08:47:31.993+0000][gc,phases   ] GC(433)   Post Evacuate Collection Set: 30.1ms
[2026-01-16T08:47:31.994+0000][gc,phases   ] GC(433)   Other: 6.3ms
[2026-01-16T08:47:31.995+0000][gc,heap     ] GC(433) Eden regions: 46->0(46)
[2026-01-16T08:47:31.997+0000][gc,heap     ] GC(433) Survivor regions: 5->5(7)
[2026-01-16T08:47:32.001+0000][gc,heap     ] GC(433) Old regions: 174->174
[2026-01-16T08:47:32.003+0000][gc,heap     ] GC(433) Humongous regions: 83->83
[2026-01-16T08:47:32.004+0000][gc,metaspace] GC(433) Metaspace: 12374K(12864K)->12374K(12864K) NonClass: 11279K(11520K)->11279K(11520K) Class: 1095K(1344K)->1095K(1344K)
[2026-01-16T08:47:32.006+0000][gc          ] GC(433) Pause Young (Normal) (G1 Evacuation Pause) 306M->260M(1024M) 745.001ms
[2026-01-16T08:47:32.007+0000][gc,cpu      ] GC(433) User=0.20s Sys=0.10s Real=0.75s
[2026-01-16T08:47:34.679+0000][gc,start    ] GC(434) Pause Young (Normal) (G1 Evacuation Pause)
[2026-01-16T08:47:34.688+0000][gc,task     ] GC(434) Using 8 workers of 8 for evacuation
[2026-01-16T08:47:35.051+0000][gc,mmu      ] GC(434) MMU target violated: 201.0ms (200.0ms/201.0ms)
[2026-01-16T08:47:35.063+0000][gc,phases   ] GC(434)   Pre Evacuate Collection Set: 29.4ms
[2026-01-16T08:47:35.068+0000][gc,phases   ] GC(434)   Merge Heap Roots: 24.4ms
[2026-01-16T08:47:35.069+0000][gc,phases   ] GC(434)   Evacuate Collection Set: 305.2ms
[2026-01-16T08:47:35.069+0000][gc,phases   ] GC(434)   Post Evacuate Collection Set: 3.1ms
[2026-01-16T08:47:35.072+0000][gc,phases   ] GC(434)   Other: 12.6ms
[2026-01-16T08:47:35.073+0000][gc,heap     ] GC(434) Eden regions: 46->0(46)
[2026-01-16T08:47:35.075+0000][gc,heap     ] GC(434) Survivor regions: 5->5(7)
[2026-01-16T08:47:35.078+0000][gc,heap     ] GC(434) Old regions: 174->175
[2026-01-16T08:47:35.080+0000][gc,heap     ] GC(434) Humongous regions: 83->83
[2026-01-16T08:47:35.081+0000][gc,metaspace] GC(434) Metaspace: 12375K(12864K)->12375K(12864K) NonClass: 11280K(11520K)->11280K(11520K) Class: 1095K(1344K)->1095K(1344K)
[2026-01-16T08:47:35.093+0000][gc          ] GC(434) Pause Young (Normal) (G1 Evacuation Pause) 306M->261M(1024M) 413.840ms
[2026-01-16T08:47:35.096+0000][gc,cpu      ] GC(434) User=0.18s Sys=0.03s Real=0.42s
[2026-01-16T08:47:42.263+0000][gc,start    ] GC(435) Pause Young (Normal) (G1 Evacuation Pause)
[2026-01-16T08:47:42.275+0000][gc,task     ] GC(435) Using 8 workers of 8 for evacuation
[2026-01-16T08:47:43.355+0000][gc,mmu      ] GC(435) MMU target violated: 201.0ms (200.0ms/201.0ms)
[2026-01-16T08:47:43.358+0000][gc,phases   ] GC(435)   Pre Evacuate Collection Set: 131.7ms
[2026-01-16T08:47:43.361+0000][gc,phases   ] GC(435)   Merge Heap Roots: 41.7ms
[2026-01-16T08:47:43.363+0000][gc,phases   ] GC(435)   Evacuate Collection Set: 876.3ms
[2026-01-16T08:47:43.364+0000][gc,phases   ] GC(435)   Post Evacuate Collection Set: 27.9ms
[2026-01-16T08:47:43.364+0000][gc,phases   ] GC(435)   Other: 5.9ms
[2026-01-16T08:47:43.365+0000][gc,heap     ] GC(435) Eden regions: 46->0(46)
[2026-01-16T08:47:43.366+0000][gc,heap     ] GC(435) Survivor regions: 5->5(7)
[2026-01-16T08:47:43.366+0000][gc,heap     ] GC(435) Old regions: 175->175
[2026-01-16T08:47:43.366+0000][gc,heap     ] GC(435) Humongous regions: 83->83
[2026-01-16T08:47:43.366+0000][gc,metaspace] GC(435) Metaspace: 12375K(12864K)->12375K(12864K) NonClass: 11280K(11520K)->11280K(11520K) Class: 1095K(1344K)->1095K(1344K)
[2026-01-16T08:47:43.367+0000][gc          ] GC(435) Pause Young (Normal) (G1 Evacuation Pause) 307M->262M(1024M) 1104.380ms
[2026-01-16T08:47:43.368+0000][gc,cpu      ] GC(435) User=0.36s Sys=0.03s Real=1.11s
[2026-01-16T08:47:50.381+0000][gc,start    ] GC(436) Pause Young (Normal) (G1 Evacuation Pause)
[2026-01-16T08:47:50.398+0000][gc,task     ] GC(436) Using 8 workers of 8 for evacuation
[2026-01-16T08:47:51.859+0000][gc,mmu      ] GC(436) MMU target violated: 201.0ms (200.0ms/201.0ms)
[2026-01-16T08:47:51.873+0000][gc,phases   ] GC(436)   Pre Evacuate Collection Set: 40.8ms
[2026-01-16T08:47:51.885+0000][gc,phases   ] GC(436)   Merge Heap Roots: 15.1ms
[2026-01-16T08:47:51.886+0000][gc,phases   ] GC(436)   Evacuate Collection Set: 1298.7ms
[2026-01-16T08:47:51.899+0000][gc,phases   ] GC(436)   Post Evacuate Collection Set: 104.3ms
[2026-01-16T08:47:51.900+0000][gc,phases   ] GC(436)   Other: 16.3ms
[2026-01-16T08:47:51.900+0000][gc,heap     ] GC(436) Eden regions: 46->0(46)
[2026-01-16T08:47:51.901+0000][gc,heap     ] GC(436) Survivor regions: 5->5(7)
[2026-01-16T08:47:51.901+0000][gc,heap     ] GC(436) Old regions: 175->176
[2026-01-16T08:47:51.901+0000][gc,heap     ] GC(436) Humongous regions: 83->83
[2026-01-16T08:47:51.902+0000][gc,metaspace] GC(436) Metaspace: 12377K(12864K)->12377K(12864K) NonClass: 11282K(11520K)->11282K(11520K) Class: 1095K(1344K)->1095K(1344K)
[2026-01-16T08:47:51.902+0000][gc          ] GC(436) Pause Young (Normal) (G1 Evacuation Pause) 308M->262M(1024M) 1521.684ms
[2026-01-16T08:47:51.903+0000][gc,cpu      ] GC(436) User=0.49s Sys=0.08s Real=1.52s
[2026-01-16T08:47:57.706+0000][gc,start    ] GC(437) Pause Young (Normal) (G1 Evacuation Pause)
[2026-01-16T08:47:57.717+0000][gc,task     ] GC(437) Using 8 workers of 8 for evacuation
[2026-01-16T08:47:58.508+0000][gc,mmu      ] GC(437) MMU target violated: 201.0ms (200.0ms/201.0ms)
[2026-01-16T08:47:58.508+0000][gc,phases   ] GC(437)   Pre Evacuate Collection Set: 130.3ms
[2026-01-16T08:47:58.513+0000][gc,phases   ] GC(437)   Merge Heap Roots: 22.6ms
[2026-01-16T08:47:58.515+0000][gc,phases   ] GC(437)   Evacuate Collection Set: 620.4ms
[2026-01-16T08:47:58.516+0000][gc,phases   ] GC(437)   Post Evacuate Collection Set: 12.1ms
[2026-01-16T08:47:58.516+0000][gc,phases   ] GC(437)   Other: 6.4ms
[2026-01-16T08:47:58.517+0000][gc,heap     ] GC(437) Eden regions: 46->0(46)
[2026-01-16T08:47:58.517+0000][gc,heap     ] GC(437) Survivor regions: 5->5(7)
[2026-01-16T08:47:58.518+0000][gc,heap     ] GC(437) Old regions: 176->176
[2026-01-16T08:47:58.518+0000][gc,heap     ] GC(437) Humongous regions: 83->83
[2026-01-16T08:47:58.520+0000][gc,metaspace] GC(437) Metaspace: 12378K(12864K)->12378K(12864K) NonClass: 11283K(11520K)->11283K(11520K) Class: 1095K(1344K)->1095K(1344K)
[2026-01-16T08:47:58.521+0000][gc          ] GC(437) Pause Young (Normal) (G1 Evacuation Pause) 308M->263M(1024M) 814.184ms
[2026-01-16T08:47:58.521+0000][gc,cpu      ] GC(437) User=0.42s Sys=0.05s Real=0.81s
[2026-01-16T08:48:02.151+0000][gc,start    ] GC(438) Pause Young (Normal) (G1 Evacuation Pause)
[2026-01-16T08:48:02.161+0000][gc,task     ] GC(438) Using 8 workers of 8 for evacuation
[2026-01-16T08:48:03.851+0000][gc,mmu      ] GC(438) MMU target violated: 201.0ms (200.0ms/201.0ms)
[2026-01-16T08:48:03.856+0000][gc,phases   ] GC(438)   Pre Evacuate Collection Set: 27.5ms
[2026-01-16T08:48:03.857+0000][gc,phases   ] GC(438)   Merge Heap Roots: 0.8ms
[2026-01-16T08:48:03.857+0000][gc,phases   ] GC(438)   Evacuate Collection Set: 1569.5ms
[2026-01-16T08:48:03.857+0000][gc,phases   ] GC(438)   Post Evacuate Collection Set: 91.0ms
[2026-01-16T08:48:03.858+0000][gc,phases   ] GC(438)   Other: 7.8ms
[2026-01-16T08:48:03.858+0000][gc,heap     ] GC(438) Eden regions: 46->0(47)
[2026-01-16T08:48:03.858+0000][gc,heap     ] GC(438) Survivor regions: 5->4(7)
[2026-01-16T08:48:03.859+0000][gc,heap     ] GC(438) Old regions: 176->178
[2026-01-16T08:48:03.859+0000][gc,heap     ] GC(438) Humongous regions: 83->83
[2026-01-16T08:48:03.859+0000][gc,metaspace] GC(438) Metaspace: 12378K(12864K)->12378K(12864K) NonClass: 11283K(11520K)->11283K(11520K) Class: 1095K(1344K)->1095K(1344K)
[2026-01-16T08:48:03.860+0000][gc          ] GC(438) Pause Young (Normal) (G1 Evacuation Pause) 309M->264M(1024M) 1709.220ms
[2026-01-16T08:48:03.864+0000][gc,cpu      ] GC(438) User=0.60s Sys=0.10s Real=1.72s
[2026-01-16T08:48:08.351+0000][gc,start    ] GC(439) Pause Young (Normal) (G1 Evacuation Pause)
[2026-01-16T08:48:08.366+0000][gc,task     ] GC(439) Using 8 workers of 8 for evacuation
[2026-01-16T08:48:09.151+0000][gc,mmu      ] GC(439) MMU target violated: 201.0ms (200.0ms/201.0ms)
[2026-01-16T08:48:09.154+0000][gc,phases   ] GC(439)   Pre Evacuate Collection Set: 121.6ms
[2026-01-16T08:48:09.158+0000][gc,phases   ] GC(439)   Merge Heap Roots: 25.1ms
[2026-01-16T08:48:09.164+0000][gc,phases   ] GC(439)   Evacuate Collection Set: 571.1ms
[2026-01-16T08:48:09.165+0000][gc,phases   ] GC(439)   Post Evacuate Collection Set: 34.1ms
[2026-01-16T08:48:09.166+0000][gc,phases   ] GC(439)   Other: 9.4ms
[2026-01-16T08:48:09.167+0000][gc,heap     ] GC(439) Eden regions: 47->0(46)
[2026-01-16T08:48:09.167+0000][gc,heap     ] GC(439) Survivor regions: 4->5(7)
[2026-01-16T08:48:09.169+0000][gc,heap     ] GC(439) Old regions: 178->178
[2026-01-16T08:48:09.170+0000][gc,heap     ] GC(439) Humongous regions: 83->83
[2026-01-16T08:48:09.170+0000][gc,metaspace] GC(439) Metaspace: 12404K(12864K)->12404K(12864K) NonClass: 11309K(11520K)->11309K(11520K) Class: 1095K(1344K)->1095K(1344K)
[2026-01-16T08:48:09.171+0000][gc          ] GC(439) Pause Young (Normal) (G1 Evacuation Pause) 311M->264M(1024M) 791.770ms
[2026-01-16T08:48:09.171+0000][gc,cpu      ] GC(439) User=0.43s Sys=0.02s Real=0.79s
[2026-01-16T08:48:15.957+0000][gc,start    ] GC(440) Pause Young (Normal) (G1 Evacuation Pause)
[2026-01-16T08:48:16.011+0000][gc,task     ] GC(440) Using 8 workers of 8 for evacuation
[2026-01-16T08:48:16.512+0000][gc,mmu      ] GC(440) MMU target violated: 201.0ms (200.0ms/201.0ms)
[2026-01-16T08:48:16.516+0000][gc,phases   ] GC(440)   Pre Evacuate Collection Set: 75.4ms
[2026-01-16T08:48:16.516+0000][gc,phases   ] GC(440)   Merge Heap Roots: 2.3ms
[2026-01-16T08:48:16.517+0000][gc,phases   ] GC(440)   Evacuate Collection Set: 359.5ms
[2026-01-16T08:48:16.519+0000][gc,phases   ] GC(440)   Post Evacuate Collection Set: 40.9ms
[2026-01-16T08:48:16.519+0000][gc,phases   ] GC(440)   Other: 27.4ms
[2026-01-16T08:48:16.522+0000][gc,heap     ] GC(440) Eden regions: 46->0(47)
[2026-01-16T08:48:16.524+0000][gc,heap     ] GC(440) Survivor regions: 5->4(7)
[2026-01-16T08:48:16.524+0000][gc,heap     ] GC(440) Old regions: 178->179
[2026-01-16T08:48:16.526+0000][gc,heap     ] GC(440) Humongous regions: 83->83
[2026-01-16T08:48:16.527+0000][gc,metaspace] GC(440) Metaspace: 12413K(12864K)->12413K(12864K) NonClass: 11318K(11520K)->11318K(11520K) Class: 1095K(1344K)->1095K(1344K)
[2026-01-16T08:48:16.531+0000][gc          ] GC(440) Pause Young (Normal) (G1 Evacuation Pause) 310M->265M(1024M) 573.824ms
[2026-01-16T08:48:16.535+0000][gc,cpu      ] GC(440) User=0.25s Sys=0.06s Real=0.58s
[2026-01-16T08:48:19.644+0000][gc,start    ] GC(441) Pause Young (Normal) (G1 Evacuation Pause)
[2026-01-16T08:48:19.659+0000][gc,task     ] GC(441) Using 8 workers of 8 for evacuation
[2026-01-16T08:48:20.143+0000][gc,mmu      ] GC(441) MMU target violated: 201.0ms (200.0ms/201.0ms)
[2026-01-16T08:48:20.145+0000][gc,phases   ] GC(441)   Pre Evacuate Collection Set: 25.0ms
[2026-01-16T08:48:20.149+0000][gc,phases   ] GC(441)   Merge Heap Roots: 5.5ms
[2026-01-16T08:48:20.154+0000][gc,phases   ] GC(441)   Evacuate Collection Set: 412.2ms
[2026-01-16T08:48:20.156+0000][gc,phases   ] GC(441)   Post Evacuate Collection Set: 36.1ms
[2026-01-16T08:48:20.157+0000][gc,phases   ] GC(441)   Other: 8.0ms
[2026-01-16T08:48:20.157+0000][gc,heap     ] GC(441) Eden regions: 47->0(47)
[2026-01-16T08:48:20.158+0000][gc,heap     ] GC(441) Survivor regions: 4->4(7)
[2026-01-16T08:48:20.158+0000][gc,heap     ] GC(441) Old regions: 179->179
[2026-01-16T08:48:20.159+0000][gc,heap     ] GC(441) Humongous regions: 83->83
[2026-01-16T08:48:20.159+0000][gc,metaspace] GC(441) Metaspace: 12413K(12864K)->12413K(12864K) NonClass: 11318K(11520K)->11318K(11520K) Class: 1095K(1344K)->1095K(1344K)
[2026-01-16T08:48:20.168+0000][gc          ] GC(441) Pause Young (Normal) (G1 Evacuation Pause) 312M->265M(1024M) 518.447ms
[2026-01-16T08:48:20.189+0000][gc,cpu      ] GC(441) User=0.27s Sys=0.03s Real=0.54s
[2026-01-16T08:48:27.385+0000][gc,start    ] GC(442) Pause Young (Normal) (G1 Evacuation Pause)
[2026-01-16T08:48:27.389+0000][gc,task     ] GC(442) Using 8 workers of 8 for evacuation
[2026-01-16T08:48:28.945+0000][gc,mmu      ] GC(442) MMU target violated: 201.0ms (200.0ms/201.0ms)
[2026-01-16T08:48:28.948+0000][gc,phases   ] GC(442)   Pre Evacuate Collection Set: 108.9ms
[2026-01-16T08:48:28.953+0000][gc,phases   ] GC(442)   Merge Heap Roots: 20.2ms
[2026-01-16T08:48:28.955+0000][gc,phases   ] GC(442)   Evacuate Collection Set: 1365.2ms
[2026-01-16T08:48:28.957+0000][gc,phases   ] GC(442)   Post Evacuate Collection Set: 55.5ms
[2026-01-16T08:48:28.958+0000][gc,phases   ] GC(442)   Other: 11.4ms
[2026-01-16T08:48:28.958+0000][gc,heap     ] GC(442) Eden regions: 47->0(46)
[2026-01-16T08:48:28.959+0000][gc,heap     ] GC(442) Survivor regions: 4->5(7)
[2026-01-16T08:48:28.959+0000][gc,heap     ] GC(442) Old regions: 179->179
[2026-01-16T08:48:28.963+0000][gc,heap     ] GC(442) Humongous regions: 83->83
[2026-01-16T08:48:28.966+0000][gc,metaspace] GC(442) Metaspace: 12413K(12864K)->12413K(12864K) NonClass: 11318K(11520K)->11318K(11520K) Class: 1095K(1344K)->1095K(1344K)
[2026-01-16T08:48:28.976+0000][gc          ] GC(442) Pause Young (Normal) (G1 Evacuation Pause) 312M->266M(1024M) 1591.613ms
[2026-01-16T08:48:28.981+0000][gc,cpu      ] GC(442) User=0.77s Sys=0.08s Real=1.59s
[2026-01-16T08:48:35.827+0000][gc,start    ] GC(443) Pause Young (Normal) (G1 Evacuation Pause)
[2026-01-16T08:48:35.860+0000][gc,task     ] GC(443) Using 8 workers of 8 for evacuation
[2026-01-16T08:48:36.747+0000][gc,mmu      ] GC(443) MMU target violated: 201.0ms (200.0ms/201.0ms)
[2026-01-16T08:48:36.749+0000][gc,phases   ] GC(443)   Pre Evacuate Collection Set: 30.1ms
[2026-01-16T08:48:36.751+0000][gc,phases   ] GC(443)   Merge Heap Roots: 20.1ms
[2026-01-16T08:48:36.751+0000][gc,phases   ] GC(443)   Evacuate Collection Set: 773.6ms
[2026-01-16T08:48:36.752+0000][gc,phases   ] GC(443)   Post Evacuate Collection Set: 62.0ms
[2026-01-16T08:48:36.752+0000][gc,phases   ] GC(443)   Other: 3.2ms
[2026-01-16T08:48:36.752+0000][gc,heap     ] GC(443) Eden regions: 46->0(47)
[2026-01-16T08:48:36.752+0000][gc,heap     ] GC(443) Survivor regions: 5->4(7)
[2026-01-16T08:48:36.753+0000][gc,heap     ] GC(443) Old regions: 179->181
[2026-01-16T08:48:36.753+0000][gc,heap     ] GC(443) Humongous regions: 83->83
[2026-01-16T08:48:36.754+0000][gc,metaspace] GC(443) Metaspace: 12413K(12864K)->12413K(12864K) NonClass: 11318K(11520K)->11318K(11520K) Class: 1095K(1344K)->1095K(1344K)
[2026-01-16T08:48:36.754+0000][gc          ] GC(443) Pause Young (Normal) (G1 Evacuation Pause) 312M->267M(1024M) 927.221ms
[2026-01-16T08:48:36.754+0000][gc,cpu      ] GC(443) User=0.44s Sys=0.08s Real=0.97s
[2026-01-16T08:48:39.660+0000][gc,start    ] GC(444) Pause Young (Normal) (G1 Evacuation Pause)
[2026-01-16T08:48:39.662+0000][gc,task     ] GC(444) Using 8 workers of 8 for evacuation
[2026-01-16T08:48:40.172+0000][gc,mmu      ] GC(444) MMU target violated: 201.0ms (200.0ms/201.0ms)
[2026-01-16T08:48:40.176+0000][gc,phases   ] GC(444)   Pre Evacuate Collection Set: 18.0ms
[2026-01-16T08:48:40.178+0000][gc,phases   ] GC(444)   Merge Heap Roots: 4.3ms
[2026-01-16T08:48:40.179+0000][gc,phases   ] GC(444)   Evacuate Collection Set: 448.1ms
[2026-01-16T08:48:40.179+0000][gc,phases   ] GC(444)   Post Evacuate Collection Set: 39.4ms
[2026-01-16T08:48:40.179+0000][gc,phases   ] GC(444)   Other: 4.5ms
[2026-01-16T08:48:40.179+0000][gc,heap     ] GC(444) Eden regions: 47->0(47)
[2026-01-16T08:48:40.181+0000][gc,heap     ] GC(444) Survivor regions: 4->4(7)
[2026-01-16T08:48:40.182+0000][gc,heap     ] GC(444) Old regions: 181->181
[2026-01-16T08:48:40.182+0000][gc,heap     ] GC(444) Humongous regions: 83->83
[2026-01-16T08:48:40.184+0000][gc,metaspace] GC(444) Metaspace: 12417K(12864K)->12417K(12864K) NonClass: 11322K(11520K)->11322K(11520K) Class: 1095K(1344K)->1095K(1344K)
[2026-01-16T08:48:40.188+0000][gc          ] GC(444) Pause Young (Normal) (G1 Evacuation Pause) 314M->267M(1024M) 527.463ms
[2026-01-16T08:48:40.190+0000][gc,cpu      ] GC(444) User=0.32s Sys=0.03s Real=0.52s
[2026-01-16T08:48:42.785+0000][gc,start    ] GC(445) Pause Young (Normal) (G1 Evacuation Pause)
[2026-01-16T08:48:42.787+0000][gc,task     ] GC(445) Using 8 workers of 8 for evacuation
[2026-01-16T08:48:43.206+0000][gc,mmu      ] GC(445) MMU target violated: 201.0ms (200.0ms/201.0ms)
[2026-01-16T08:48:43.207+0000][gc,phases   ] GC(445)   Pre Evacuate Collection Set: 49.2ms
[2026-01-16T08:48:43.208+0000][gc,phases   ] GC(445)   Merge Heap Roots: 4.7ms
[2026-01-16T08:48:43.208+0000][gc,phases   ] GC(445)   Evacuate Collection Set: 356.4ms
[2026-01-16T08:48:43.210+0000][gc,phases   ] GC(445)   Post Evacuate Collection Set: 7.7ms
[2026-01-16T08:48:43.212+0000][gc,phases   ] GC(445)   Other: 2.4ms
[2026-01-16T08:48:43.217+0000][gc,heap     ] GC(445) Eden regions: 47->0(47)
[2026-01-16T08:48:43.217+0000][gc,heap     ] GC(445) Survivor regions: 4->4(7)
[2026-01-16T08:48:43.219+0000][gc,heap     ] GC(445) Old regions: 181->182
[2026-01-16T08:48:43.220+0000][gc,heap     ] GC(445) Humongous regions: 83->83
[2026-01-16T08:48:43.220+0000][gc,metaspace] GC(445) Metaspace: 12417K(12864K)->12417K(12864K) NonClass: 11322K(11520K)->11322K(11520K) Class: 1095K(1344K)->1095K(1344K)
[2026-01-16T08:48:43.220+0000][gc          ] GC(445) Pause Young (Normal) (G1 Evacuation Pause) 314M->268M(1024M) 435.672ms
[2026-01-16T08:48:43.221+0000][gc,cpu      ] GC(445) User=0.25s Sys=0.02s Real=0.44s
[2026-01-16T08:48:45.908+0000][gc,start    ] GC(446) Pause Young (Normal) (G1 Evacuation Pause)
[2026-01-16T08:48:45.926+0000][gc,task     ] GC(446) Using 8 workers of 8 for evacuation
[2026-01-16T08:48:46.440+0000][gc,mmu      ] GC(446) MMU target violated: 201.0ms (200.0ms/201.0ms)
[2026-01-16T08:48:46.441+0000][gc,phases   ] GC(446)   Pre Evacuate Collection Set: 48.1ms
[2026-01-16T08:48:46.442+0000][gc,phases   ] GC(446)   Merge Heap Roots: 4.1ms
[2026-01-16T08:48:46.443+0000][gc,phases   ] GC(446)   Evacuate Collection Set: 433.1ms
[2026-01-16T08:48:46.444+0000][gc,phases   ] GC(446)   Post Evacuate Collection Set: 10.4ms
[2026-01-16T08:48:46.445+0000][gc,phases   ] GC(446)   Other: 20.3ms
[2026-01-16T08:48:46.445+0000][gc,heap     ] GC(446) Eden regions: 47->0(46)
[2026-01-16T08:48:46.445+0000][gc,heap     ] GC(446) Survivor regions: 4->5(7)
[2026-01-16T08:48:46.446+0000][gc,heap     ] GC(446) Old regions: 182->183
[2026-01-16T08:48:46.448+0000][gc,heap     ] GC(446) Humongous regions: 83->83
[2026-01-16T08:48:46.451+0000][gc,metaspace] GC(446) Metaspace: 12417K(12864K)->12417K(12864K) NonClass: 11322K(11520K)->11322K(11520K) Class: 1095K(1344K)->1095K(1344K)
[2026-01-16T08:48:46.453+0000][gc          ] GC(446) Pause Young (Normal) (G1 Evacuation Pause) 315M->269M(1024M) 544.595ms
[2026-01-16T08:48:46.454+0000][gc,cpu      ] GC(446) User=0.31s Sys=0.05s Real=0.58s
[2026-01-16T08:48:50.462+0000][gc,start    ] GC(447) Pause Young (Normal) (G1 Evacuation Pause)
[2026-01-16T08:48:50.498+0000][gc,task     ] GC(447) Using 8 workers of 8 for evacuation
[2026-01-16T08:48:51.627+0000][gc,mmu      ] GC(447) MMU target violated: 201.0ms (200.0ms/201.0ms)
[2026-01-16T08:48:51.631+0000][gc,phases   ] GC(447)   Pre Evacuate Collection Set: 511.1ms
[2026-01-16T08:48:51.663+0000][gc,phases   ] GC(447)   Merge Heap Roots: 109.7ms
[2026-01-16T08:48:51.669+0000][gc,phases   ] GC(447)   Evacuate Collection Set: 459.9ms
[2026-01-16T08:48:51.669+0000][gc,phases   ] GC(447)   Post Evacuate Collection Set: 47.1ms
[2026-01-16T08:48:51.669+0000][gc,phases   ] GC(447)   Other: 7.7ms
[2026-01-16T08:48:51.669+0000][gc,heap     ] GC(447) Eden regions: 46->0(47)
[2026-01-16T08:48:51.670+0000][gc,heap     ] GC(447) Survivor regions: 5->4(7)
[2026-01-16T08:48:51.670+0000][gc,heap     ] GC(447) Old regions: 183->183
[2026-01-16T08:48:51.670+0000][gc,heap     ] GC(447) Humongous regions: 83->83
[2026-01-16T08:48:51.673+0000][gc,metaspace] GC(447) Metaspace: 12417K(12864K)->12417K(12864K) NonClass: 11322K(11520K)->11322K(11520K) Class: 1095K(1344K)->1095K(1344K)
[2026-01-16T08:48:51.674+0000][gc          ] GC(447) Pause Young (Normal) (G1 Evacuation Pause) 315M->269M(1024M) 1212.312ms
[2026-01-16T08:48:51.675+0000][gc,cpu      ] GC(447) User=0.31s Sys=0.04s Real=1.21s
[2026-01-16T08:48:53.557+0000][gc,start    ] GC(448) Pause Young (Normal) (G1 Evacuation Pause)
[2026-01-16T08:48:53.581+0000][gc,task     ] GC(448) Using 8 workers of 8 for evacuation
[2026-01-16T08:48:54.069+0000][gc,mmu      ] GC(448) MMU target violated: 201.0ms (200.0ms/201.0ms)
[2026-01-16T08:48:54.071+0000][gc,phases   ] GC(448)   Pre Evacuate Collection Set: 53.1ms
[2026-01-16T08:48:54.071+0000][gc,phases   ] GC(448)   Merge Heap Roots: 2.1ms
[2026-01-16T08:48:54.071+0000][gc,phases   ] GC(448)   Evacuate Collection Set: 391.8ms
[2026-01-16T08:48:54.071+0000][gc,phases   ] GC(448)   Post Evacuate Collection Set: 21.5ms
[2026-01-16T08:48:54.071+0000][gc,phases   ] GC(448)   Other: 21.5ms
[2026-01-16T08:48:54.071+0000][gc,heap     ] GC(448) Eden regions: 47->0(47)
[2026-01-16T08:48:54.071+0000][gc,heap     ] GC(448) Survivor regions: 4->4(7)
[2026-01-16T08:48:54.071+0000][gc,heap     ] GC(448) Old regions: 183->184
[2026-01-16T08:48:54.071+0000][gc,heap     ] GC(448) Humongous regions: 83->83
[2026-01-16T08:48:54.071+0000][gc,metaspace] GC(448) Metaspace: 12417K(12864K)->12417K(12864K) NonClass: 11322K(11520K)->11322K(11520K) Class: 1095K(1344K)->1095K(1344K)
[2026-01-16T08:48:54.072+0000][gc          ] GC(448) Pause Young (Normal) (G1 Evacuation Pause) 316M->270M(1024M) 515.004ms
[2026-01-16T08:48:54.072+0000][gc,cpu      ] GC(448) User=0.20s Sys=0.07s Real=0.52s
[2026-01-16T08:48:56.166+0000][gc,start    ] GC(449) Pause Young (Normal) (G1 Evacuation Pause)
[2026-01-16T08:48:56.169+0000][gc,task     ] GC(449) Using 8 workers of 8 for evacuation
[2026-01-16T08:48:56.706+0000][gc,mmu      ] GC(449) MMU target violated: 201.0ms (200.0ms/201.0ms)
[2026-01-16T08:48:56.710+0000][gc,phases   ] GC(449)   Pre Evacuate Collection Set: 32.3ms
[2026-01-16T08:48:56.711+0000][gc,phases   ] GC(449)   Merge Heap Roots: 6.0ms
[2026-01-16T08:48:56.711+0000][gc,phases   ] GC(449)   Evacuate Collection Set: 347.2ms
[2026-01-16T08:48:56.713+0000][gc,phases   ] GC(449)   Post Evacuate Collection Set: 147.6ms
[2026-01-16T08:48:56.714+0000][gc,phases   ] GC(449)   Other: 7.5ms
[2026-01-16T08:48:56.714+0000][gc,heap     ] GC(449) Eden regions: 47->0(47)
[2026-01-16T08:48:56.715+0000][gc,heap     ] GC(449) Survivor regions: 4->4(7)
[2026-01-16T08:48:56.717+0000][gc,heap     ] GC(449) Old regions: 184->184
[2026-01-16T08:48:56.720+0000][gc,heap     ] GC(449) Humongous regions: 83->83
[2026-01-16T08:48:56.727+0000][gc,metaspace] GC(449) Metaspace: 12417K(12864K)->12417K(12864K) NonClass: 11322K(11520K)->11322K(11520K) Class: 1095K(1344K)->1095K(1344K)
[2026-01-16T08:48:56.734+0000][gc          ] GC(449) Pause Young (Normal) (G1 Evacuation Pause) 317M->270M(1024M) 567.327ms
[2026-01-16T08:48:56.746+0000][gc,cpu      ] GC(449) User=0.23s Sys=0.03s Real=0.58s
[2026-01-16T08:48:59.445+0000][gc,start    ] GC(450) Pause Young (Normal) (G1 Evacuation Pause)
[2026-01-16T08:48:59.449+0000][gc,task     ] GC(450) Using 8 workers of 8 for evacuation
[2026-01-16T08:49:00.544+0000][gc,mmu      ] GC(450) MMU target violated: 201.0ms (200.0ms/201.0ms)
[2026-01-16T08:49:00.546+0000][gc,phases   ] GC(450)   Pre Evacuate Collection Set: 88.9ms
[2026-01-16T08:49:00.546+0000][gc,phases   ] GC(450)   Merge Heap Roots: 10.8ms
[2026-01-16T08:49:00.560+0000][gc,phases   ] GC(450)   Evacuate Collection Set: 849.1ms
[2026-01-16T08:49:00.562+0000][gc,phases   ] GC(450)   Post Evacuate Collection Set: 132.5ms
[2026-01-16T08:49:00.563+0000][gc,phases   ] GC(450)   Other: 16.5ms
[2026-01-16T08:49:00.564+0000][gc,heap     ] GC(450) Eden regions: 47->0(47)
[2026-01-16T08:49:00.564+0000][gc,heap     ] GC(450) Survivor regions: 4->4(7)
[2026-01-16T08:49:00.565+0000][gc,heap     ] GC(450) Old regions: 184->185
[2026-01-16T08:49:00.565+0000][gc,heap     ] GC(450) Humongous regions: 83->83
[2026-01-16T08:49:00.565+0000][gc,metaspace] GC(450) Metaspace: 12417K(12864K)->12417K(12864K) NonClass: 11322K(11520K)->11322K(11520K) Class: 1095K(1344K)->1095K(1344K)
[2026-01-16T08:49:00.565+0000][gc          ] GC(450) Pause Young (Normal) (G1 Evacuation Pause) 317M->271M(1024M) 1120.393ms
[2026-01-16T08:49:00.565+0000][gc,cpu      ] GC(450) User=0.57s Sys=0.05s Real=1.12s
[2026-01-16T08:49:06.867+0000][gc,start    ] GC(451) Pause Young (Normal) (GCLocker Initiated GC)
[2026-01-16T08:49:06.880+0000][gc,task     ] GC(451) Using 8 workers of 8 for evacuation
[2026-01-16T08:49:07.339+0000][gc,mmu      ] GC(451) MMU target violated: 201.0ms (200.0ms/201.0ms)
[2026-01-16T08:49:07.363+0000][gc,phases   ] GC(451)   Pre Evacuate Collection Set: 53.8ms
[2026-01-16T08:49:07.364+0000][gc,phases   ] GC(451)   Merge Heap Roots: 15.6ms
[2026-01-16T08:49:07.364+0000][gc,phases   ] GC(451)   Evacuate Collection Set: 338.8ms
[2026-01-16T08:49:07.365+0000][gc,phases   ] GC(451)   Post Evacuate Collection Set: 44.1ms
[2026-01-16T08:49:07.365+0000][gc,phases   ] GC(451)   Other: 31.6ms
[2026-01-16T08:49:07.366+0000][gc,heap     ] GC(451) Eden regions: 47->0(47)
[2026-01-16T08:49:07.366+0000][gc,heap     ] GC(451) Survivor regions: 4->4(7)
[2026-01-16T08:49:07.367+0000][gc,heap     ] GC(451) Old regions: 185->186
[2026-01-16T08:49:07.368+0000][gc,heap     ] GC(451) Humongous regions: 83->83
[2026-01-16T08:49:07.368+0000][gc,metaspace] GC(451) Metaspace: 12417K(12864K)->12417K(12864K) NonClass: 11322K(11520K)->11322K(11520K) Class: 1095K(1344K)->1095K(1344K)
[2026-01-16T08:49:07.370+0000][gc          ] GC(451) Pause Young (Normal) (GCLocker Initiated GC) 318M->272M(1024M) 503.514ms
[2026-01-16T08:49:07.393+0000][gc,cpu      ] GC(451) User=0.34s Sys=0.02s Real=0.53s
[2026-01-16T08:49:10.518+0000][gc,start    ] GC(452) Pause Young (Normal) (GCLocker Initiated GC)
[2026-01-16T08:49:10.519+0000][gc,task     ] GC(452) Using 8 workers of 8 for evacuation
[2026-01-16T08:49:11.058+0000][gc,mmu      ] GC(452) MMU target violated: 201.0ms (200.0ms/201.0ms)
[2026-01-16T08:49:11.065+0000][gc,phases   ] GC(452)   Pre Evacuate Collection Set: 40.8ms
[2026-01-16T08:49:11.065+0000][gc,phases   ] GC(452)   Merge Heap Roots: 11.1ms
[2026-01-16T08:49:11.065+0000][gc,phases   ] GC(452)   Evacuate Collection Set: 414.9ms
[2026-01-16T08:49:11.066+0000][gc,phases   ] GC(452)   Post Evacuate Collection Set: 66.9ms
[2026-01-16T08:49:11.066+0000][gc,phases   ] GC(452)   Other: 12.1ms
[2026-01-16T08:49:11.066+0000][gc,heap     ] GC(452) Eden regions: 49->0(46)
[2026-01-16T08:49:11.066+0000][gc,heap     ] GC(452) Survivor regions: 4->5(7)
[2026-01-16T08:49:11.066+0000][gc,heap     ] GC(452) Old regions: 186->186
[2026-01-16T08:49:11.067+0000][gc,heap     ] GC(452) Humongous regions: 83->83
[2026-01-16T08:49:11.067+0000][gc,metaspace] GC(452) Metaspace: 12417K(12864K)->12417K(12864K) NonClass: 11322K(11520K)->11322K(11520K) Class: 1095K(1344K)->1095K(1344K)
[2026-01-16T08:49:11.067+0000][gc          ] GC(452) Pause Young (Normal) (GCLocker Initiated GC) 320M->272M(1024M) 548.630ms
[2026-01-16T08:49:11.067+0000][gc,cpu      ] GC(452) User=0.29s Sys=0.02s Real=0.55s
[2026-01-16T08:49:14.576+0000][gc,start    ] GC(453) Pause Young (Normal) (G1 Evacuation Pause)
[2026-01-16T08:49:14.581+0000][gc,task     ] GC(453) Using 8 workers of 8 for evacuation
[2026-01-16T08:49:15.879+0000][gc,mmu      ] GC(453) MMU target violated: 201.0ms (200.0ms/201.0ms)
[2026-01-16T08:49:15.887+0000][gc,phases   ] GC(453)   Pre Evacuate Collection Set: 46.0ms
[2026-01-16T08:49:15.890+0000][gc,phases   ] GC(453)   Merge Heap Roots: 11.0ms
[2026-01-16T08:49:15.895+0000][gc,phases   ] GC(453)   Evacuate Collection Set: 1202.6ms
[2026-01-16T08:49:15.898+0000][gc,phases   ] GC(453)   Post Evacuate Collection Set: 32.8ms
[2026-01-16T08:49:15.898+0000][gc,phases   ] GC(453)   Other: 13.3ms
[2026-01-16T08:49:15.898+0000][gc,heap     ] GC(453) Eden regions: 46->0(47)
[2026-01-16T08:49:15.899+0000][gc,heap     ] GC(453) Survivor regions: 5->4(7)
[2026-01-16T08:49:15.900+0000][gc,heap     ] GC(453) Old regions: 186->187
[2026-01-16T08:49:15.900+0000][gc,heap     ] GC(453) Humongous regions: 83->83
[2026-01-16T08:49:15.901+0000][gc,metaspace] GC(453) Metaspace: 12417K(12864K)->12417K(12864K) NonClass: 11322K(11520K)->11322K(11520K) Class: 1095K(1344K)->1095K(1344K)
[2026-01-16T08:49:15.903+0000][gc          ] GC(453) Pause Young (Normal) (G1 Evacuation Pause) 318M->273M(1024M) 1327.527ms
[2026-01-16T08:49:15.905+0000][gc,cpu      ] GC(453) User=0.47s Sys=0.06s Real=1.33s
[2026-01-16T08:49:20.956+0000][gc,start    ] GC(454) Pause Young (Normal) (G1 Evacuation Pause)
[2026-01-16T08:49:20.959+0000][gc,task     ] GC(454) Using 8 workers of 8 for evacuation
[2026-01-16T08:49:21.278+0000][gc,mmu      ] GC(454) MMU target violated: 201.0ms (200.0ms/201.0ms)
[2026-01-16T08:49:21.280+0000][gc,phases   ] GC(454)   Pre Evacuate Collection Set: 102.0ms
[2026-01-16T08:49:21.283+0000][gc,phases   ] GC(454)   Merge Heap Roots: 1.1ms
[2026-01-16T08:49:21.286+0000][gc,phases   ] GC(454)   Evacuate Collection Set: 202.8ms
[2026-01-16T08:49:21.286+0000][gc,phases   ] GC(454)   Post Evacuate Collection Set: 9.3ms
[2026-01-16T08:49:21.287+0000][gc,phases   ] GC(454)   Other: 5.4ms
[2026-01-16T08:49:21.288+0000][gc,heap     ] GC(454) Eden regions: 47->0(46)
[2026-01-16T08:49:21.289+0000][gc,heap     ] GC(454) Survivor regions: 4->5(7)
[2026-01-16T08:49:21.290+0000][gc,heap     ] GC(454) Old regions: 187->187
[2026-01-16T08:49:21.290+0000][gc,heap     ] GC(454) Humongous regions: 83->83
[2026-01-16T08:49:21.290+0000][gc,metaspace] GC(454) Metaspace: 12417K(12864K)->12417K(12864K) NonClass: 11322K(11520K)->11322K(11520K) Class: 1095K(1344K)->1095K(1344K)
[2026-01-16T08:49:21.291+0000][gc          ] GC(454) Pause Young (Normal) (G1 Evacuation Pause) 320M->274M(1024M) 335.108ms
[2026-01-16T08:49:21.291+0000][gc,cpu      ] GC(454) User=0.31s Sys=0.01s Real=0.34s
[2026-01-16T08:49:22.362+0000][gc,start    ] GC(455) Pause Young (Normal) (G1 Evacuation Pause)
[2026-01-16T08:49:22.363+0000][gc,task     ] GC(455) Using 8 workers of 8 for evacuation
[2026-01-16T08:49:22.497+0000][gc,phases   ] GC(455)   Pre Evacuate Collection Set: 2.9ms
[2026-01-16T08:49:22.528+0000][gc,phases   ] GC(455)   Merge Heap Roots: 0.9ms
[2026-01-16T08:49:22.528+0000][gc,phases   ] GC(455)   Evacuate Collection Set: 127.0ms
[2026-01-16T08:49:22.529+0000][gc,phases   ] GC(455)   Post Evacuate Collection Set: 1.1ms
[2026-01-16T08:49:22.529+0000][gc,phases   ] GC(455)   Other: 2.3ms
[2026-01-16T08:49:22.529+0000][gc,heap     ] GC(455) Eden regions: 46->0(46)
[2026-01-16T08:49:22.529+0000][gc,heap     ] GC(455) Survivor regions: 5->5(7)
[2026-01-16T08:49:22.529+0000][gc,heap     ] GC(455) Old regions: 187->188
[2026-01-16T08:49:22.533+0000][gc,heap     ] GC(455) Humongous regions: 83->83
[2026-01-16T08:49:22.534+0000][gc,metaspace] GC(455) Metaspace: 12418K(12864K)->12418K(12864K) NonClass: 11323K(11520K)->11323K(11520K) Class: 1095K(1344K)->1095K(1344K)
[2026-01-16T08:49:22.541+0000][gc          ] GC(455) Pause Young (Normal) (G1 Evacuation Pause) 320M->274M(1024M) 179.104ms
[2026-01-16T08:49:22.549+0000][gc,cpu      ] GC(455) User=0.07s Sys=0.02s Real=0.18s
[2026-01-16T08:49:23.401+0000][gc,start    ] GC(456) Pause Young (Normal) (G1 Evacuation Pause)
[2026-01-16T08:49:23.402+0000][gc,task     ] GC(456) Using 8 workers of 8 for evacuation
[2026-01-16T08:49:23.565+0000][gc,phases   ] GC(456)   Pre Evacuate Collection Set: 3.8ms
[2026-01-16T08:49:23.568+0000][gc,phases   ] GC(456)   Merge Heap Roots: 11.9ms
[2026-01-16T08:49:23.569+0000][gc,phases   ] GC(456)   Evacuate Collection Set: 139.2ms
[2026-01-16T08:49:23.570+0000][gc,phases   ] GC(456)   Post Evacuate Collection Set: 2.7ms
[2026-01-16T08:49:23.570+0000][gc,phases   ] GC(456)   Other: 6.3ms
[2026-01-16T08:49:23.571+0000][gc,heap     ] GC(456) Eden regions: 46->0(47)
[2026-01-16T08:49:23.571+0000][gc,heap     ] GC(456) Survivor regions: 5->4(7)
[2026-01-16T08:49:23.571+0000][gc,heap     ] GC(456) Old regions: 188->189
[2026-01-16T08:49:23.572+0000][gc,heap     ] GC(456) Humongous regions: 83->83
[2026-01-16T08:49:23.572+0000][gc,metaspace] GC(456) Metaspace: 12418K(12864K)->12418K(12864K) NonClass: 11323K(11520K)->11323K(11520K) Class: 1095K(1344K)->1095K(1344K)
[2026-01-16T08:49:23.573+0000][gc          ] GC(456) Pause Young (Normal) (G1 Evacuation Pause) 320M->275M(1024M) 172.118ms
[2026-01-16T08:49:23.573+0000][gc,cpu      ] GC(456) User=0.06s Sys=0.02s Real=0.17s
[2026-01-16T08:49:25.191+0000][gc,start    ] GC(457) Pause Young (Normal) (G1 Evacuation Pause)
[2026-01-16T08:49:25.243+0000][gc,task     ] GC(457) Using 8 workers of 8 for evacuation
[2026-01-16T08:49:25.601+0000][gc,mmu      ] GC(457) MMU target violated: 201.0ms (200.0ms/201.0ms)
[2026-01-16T08:49:25.608+0000][gc,phases   ] GC(457)   Pre Evacuate Collection Set: 14.1ms
[2026-01-16T08:49:25.609+0000][gc,phases   ] GC(457)   Merge Heap Roots: 0.4ms
[2026-01-16T08:49:25.609+0000][gc,phases   ] GC(457)   Evacuate Collection Set: 326.3ms
[2026-01-16T08:49:25.609+0000][gc,phases   ] GC(457)   Post Evacuate Collection Set: 14.7ms
[2026-01-16T08:49:25.610+0000][gc,phases   ] GC(457)   Other: 43.6ms
[2026-01-16T08:49:25.610+0000][gc,heap     ] GC(457) Eden regions: 47->0(47)
[2026-01-16T08:49:25.611+0000][gc,heap     ] GC(457) Survivor regions: 4->4(7)
[2026-01-16T08:49:25.611+0000][gc,heap     ] GC(457) Old regions: 189->189
[2026-01-16T08:49:25.614+0000][gc,heap     ] GC(457) Humongous regions: 83->83
[2026-01-16T08:49:25.615+0000][gc,metaspace] GC(457) Metaspace: 12418K(12864K)->12418K(12864K) NonClass: 11323K(11520K)->11323K(11520K) Class: 1095K(1344K)->1095K(1344K)
[2026-01-16T08:49:25.621+0000][gc          ] GC(457) Pause Young (Normal) (G1 Evacuation Pause) 322M->275M(1024M) 429.415ms
[2026-01-16T08:49:25.621+0000][gc,cpu      ] GC(457) User=0.25s Sys=0.02s Real=0.43s
[2026-01-16T08:49:29.057+0000][gc,start    ] GC(458) Pause Young (Normal) (GCLocker Initiated GC)
[2026-01-16T08:49:29.067+0000][gc,task     ] GC(458) Using 8 workers of 8 for evacuation
[2026-01-16T08:49:29.804+0000][gc,mmu      ] GC(458) MMU target violated: 201.0ms (200.0ms/201.0ms)
[2026-01-16T08:49:29.806+0000][gc,phases   ] GC(458)   Pre Evacuate Collection Set: 55.0ms
[2026-01-16T08:49:29.816+0000][gc,phases   ] GC(458)   Merge Heap Roots: 6.4ms
[2026-01-16T08:49:29.816+0000][gc,phases   ] GC(458)   Evacuate Collection Set: 593.1ms
[2026-01-16T08:49:29.827+0000][gc,phases   ] GC(458)   Post Evacuate Collection Set: 69.9ms
[2026-01-16T08:49:29.827+0000][gc,phases   ] GC(458)   Other: 14.7ms
[2026-01-16T08:49:29.827+0000][gc,heap     ] GC(458) Eden regions: 50->0(46)
[2026-01-16T08:49:29.827+0000][gc,heap     ] GC(458) Survivor regions: 4->5(7)
[2026-01-16T08:49:29.827+0000][gc,heap     ] GC(458) Old regions: 189->189
[2026-01-16T08:49:29.827+0000][gc,heap     ] GC(458) Humongous regions: 83->83
[2026-01-16T08:49:29.827+0000][gc,metaspace] GC(458) Metaspace: 12418K(12864K)->12418K(12864K) NonClass: 11323K(11520K)->11323K(11520K) Class: 1095K(1344K)->1095K(1344K)
[2026-01-16T08:49:29.830+0000][gc          ] GC(458) Pause Young (Normal) (GCLocker Initiated GC) 325M->276M(1024M) 772.590ms
[2026-01-16T08:49:29.842+0000][gc,cpu      ] GC(458) User=0.44s Sys=0.03s Real=0.79s
[2026-01-16T08:49:33.791+0000][gc,start    ] GC(459) Pause Young (Normal) (G1 Evacuation Pause)
[2026-01-16T08:49:33.802+0000][gc,task     ] GC(459) Using 8 workers of 8 for evacuation
[2026-01-16T08:49:34.785+0000][gc,mmu      ] GC(459) MMU target violated: 201.0ms (200.0ms/201.0ms)
[2026-01-16T08:49:34.790+0000][gc,phases   ] GC(459)   Pre Evacuate Collection Set: 176.3ms
[2026-01-16T08:49:34.797+0000][gc,phases   ] GC(459)   Merge Heap Roots: 18.0ms
[2026-01-16T08:49:34.798+0000][gc,phases   ] GC(459)   Evacuate Collection Set: 770.3ms
[2026-01-16T08:49:34.799+0000][gc,phases   ] GC(459)   Post Evacuate Collection Set: 14.4ms
[2026-01-16T08:49:34.800+0000][gc,phases   ] GC(459)   Other: 10.6ms
[2026-01-16T08:49:34.803+0000][gc,heap     ] GC(459) Eden regions: 46->0(46)
[2026-01-16T08:49:34.808+0000][gc,heap     ] GC(459) Survivor regions: 5->5(7)
[2026-01-16T08:49:34.808+0000][gc,heap     ] GC(459) Old regions: 189->190
[2026-01-16T08:49:34.809+0000][gc,heap     ] GC(459) Humongous regions: 83->83
[2026-01-16T08:49:34.810+0000][gc,metaspace] GC(459) Metaspace: 12418K(12864K)->12418K(12864K) NonClass: 11323K(11520K)->11323K(11520K) Class: 1095K(1344K)->1095K(1344K)
[2026-01-16T08:49:34.811+0000][gc          ] GC(459) Pause Young (Normal) (G1 Evacuation Pause) 322M->276M(1024M) 1021.513ms
[2026-01-16T08:49:34.814+0000][gc,cpu      ] GC(459) User=0.43s Sys=0.07s Real=1.02s
[2026-01-16T08:49:38.518+0000][gc,start    ] GC(460) Pause Young (Normal) (G1 Evacuation Pause)
[2026-01-16T08:49:38.542+0000][gc,task     ] GC(460) Using 8 workers of 8 for evacuation
[2026-01-16T08:49:39.146+0000][gc,mmu      ] GC(460) MMU target violated: 201.0ms (200.0ms/201.0ms)
[2026-01-16T08:49:39.146+0000][gc,phases   ] GC(460)   Pre Evacuate Collection Set: 139.8ms
[2026-01-16T08:49:39.149+0000][gc,phases   ] GC(460)   Merge Heap Roots: 12.3ms
[2026-01-16T08:49:39.149+0000][gc,phases   ] GC(460)   Evacuate Collection Set: 420.0ms
[2026-01-16T08:49:39.149+0000][gc,phases   ] GC(460)   Post Evacuate Collection Set: 12.8ms
[2026-01-16T08:49:39.154+0000][gc,phases   ] GC(460)   Other: 11.1ms
[2026-01-16T08:49:39.154+0000][gc,heap     ] GC(460) Eden regions: 46->0(47)
[2026-01-16T08:49:39.154+0000][gc,heap     ] GC(460) Survivor regions: 5->4(7)
[2026-01-16T08:49:39.155+0000][gc,heap     ] GC(460) Old regions: 190->191
[2026-01-16T08:49:39.170+0000][gc,heap     ] GC(460) Humongous regions: 83->83
[2026-01-16T08:49:39.170+0000][gc,metaspace] GC(460) Metaspace: 12425K(12864K)->12425K(12864K) NonClass: 11330K(11520K)->11330K(11520K) Class: 1095K(1344K)->1095K(1344K)
[2026-01-16T08:49:39.171+0000][gc          ] GC(460) Pause Young (Normal) (G1 Evacuation Pause) 322M->277M(1024M) 644.783ms
[2026-01-16T08:49:39.171+0000][gc,cpu      ] GC(460) User=0.20s Sys=0.07s Real=0.65s
[2026-01-16T08:49:40.458+0000][gc,start    ] GC(461) Pause Young (Normal) (G1 Evacuation Pause)
[2026-01-16T08:49:40.460+0000][gc,task     ] GC(461) Using 8 workers of 8 for evacuation
[2026-01-16T08:49:40.744+0000][gc,mmu      ] GC(461) MMU target violated: 201.0ms (200.0ms/201.0ms)
[2026-01-16T08:49:40.745+0000][gc,phases   ] GC(461)   Pre Evacuate Collection Set: 23.3ms
[2026-01-16T08:49:40.747+0000][gc,phases   ] GC(461)   Merge Heap Roots: 33.2ms
[2026-01-16T08:49:40.748+0000][gc,phases   ] GC(461)   Evacuate Collection Set: 222.0ms
[2026-01-16T08:49:40.748+0000][gc,phases   ] GC(461)   Post Evacuate Collection Set: 4.6ms
[2026-01-16T08:49:40.748+0000][gc,phases   ] GC(461)   Other: 1.8ms
[2026-01-16T08:49:40.748+0000][gc,heap     ] GC(461) Eden regions: 47->0(46)
[2026-01-16T08:49:40.748+0000][gc,heap     ] GC(461) Survivor regions: 4->5(7)
[2026-01-16T08:49:40.748+0000][gc,heap     ] GC(461) Old regions: 191->191
[2026-01-16T08:49:40.750+0000][gc,heap     ] GC(461) Humongous regions: 83->83
[2026-01-16T08:49:40.750+0000][gc,metaspace] GC(461) Metaspace: 12429K(12864K)->12429K(12864K) NonClass: 11334K(11520K)->11334K(11520K) Class: 1095K(1344K)->1095K(1344K)
[2026-01-16T08:49:40.757+0000][gc          ] GC(461) Pause Young (Normal) (G1 Evacuation Pause) 324M->278M(1024M) 299.536ms
[2026-01-16T08:49:40.764+0000][gc,cpu      ] GC(461) User=0.11s Sys=0.01s Real=0.30s
[2026-01-16T08:49:42.471+0000][gc,start    ] GC(462) Pause Young (Normal) (G1 Evacuation Pause)
[2026-01-16T08:49:42.472+0000][gc,task     ] GC(462) Using 8 workers of 8 for evacuation
[2026-01-16T08:49:42.881+0000][gc,mmu      ] GC(462) MMU target violated: 201.0ms (200.0ms/201.0ms)
[2026-01-16T08:49:42.895+0000][gc,phases   ] GC(462)   Pre Evacuate Collection Set: 10.0ms
[2026-01-16T08:49:42.901+0000][gc,phases   ] GC(462)   Merge Heap Roots: 12.8ms
[2026-01-16T08:49:42.902+0000][gc,phases   ] GC(462)   Evacuate Collection Set: 376.8ms
[2026-01-16T08:49:42.907+0000][gc,phases   ] GC(462)   Post Evacuate Collection Set: 8.1ms
[2026-01-16T08:49:42.907+0000][gc,phases   ] GC(462)   Other: 15.3ms
[2026-01-16T08:49:42.908+0000][gc,heap     ] GC(462) Eden regions: 46->0(46)
[2026-01-16T08:49:42.920+0000][gc,heap     ] GC(462) Survivor regions: 5->5(7)
[2026-01-16T08:49:42.920+0000][gc,heap     ] GC(462) Old regions: 191->192
[2026-01-16T08:49:42.921+0000][gc,heap     ] GC(462) Humongous regions: 83->83
[2026-01-16T08:49:42.921+0000][gc,metaspace] GC(462) Metaspace: 12429K(12864K)->12429K(12864K) NonClass: 11334K(11520K)->11334K(11520K) Class: 1095K(1344K)->1095K(1344K)
[2026-01-16T08:49:42.929+0000][gc          ] GC(462) Pause Young (Normal) (G1 Evacuation Pause) 324M->278M(1024M) 457.963ms
[2026-01-16T08:49:42.930+0000][gc,cpu      ] GC(462) User=0.16s Sys=0.02s Real=0.46s
[2026-01-16T08:49:45.388+0000][gc,start    ] GC(463) Pause Young (Normal) (G1 Evacuation Pause)
[2026-01-16T08:49:45.392+0000][gc,task     ] GC(463) Using 8 workers of 8 for evacuation
[2026-01-16T08:49:46.240+0000][gc,mmu      ] GC(463) MMU target violated: 201.0ms (200.0ms/201.0ms)
[2026-01-16T08:49:46.241+0000][gc,phases   ] GC(463)   Pre Evacuate Collection Set: 121.5ms
[2026-01-16T08:49:46.242+0000][gc,phases   ] GC(463)   Merge Heap Roots: 2.6ms
[2026-01-16T08:49:46.244+0000][gc,phases   ] GC(463)   Evacuate Collection Set: 606.1ms
[2026-01-16T08:49:46.245+0000][gc,phases   ] GC(463)   Post Evacuate Collection Set: 52.4ms
[2026-01-16T08:49:46.246+0000][gc,phases   ] GC(463)   Other: 67.0ms
[2026-01-16T08:49:46.247+0000][gc,heap     ] GC(463) Eden regions: 46->0(46)
[2026-01-16T08:49:46.247+0000][gc,heap     ] GC(463) Survivor regions: 5->5(7)
[2026-01-16T08:49:46.248+0000][gc,heap     ] GC(463) Old regions: 192->192
[2026-01-16T08:49:46.248+0000][gc,heap     ] GC(463) Humongous regions: 83->83
[2026-01-16T08:49:46.256+0000][gc,metaspace] GC(463) Metaspace: 12429K(12864K)->12429K(12864K) NonClass: 11334K(11520K)->11334K(11520K) Class: 1095K(1344K)->1095K(1344K)
[2026-01-16T08:49:46.257+0000][gc          ] GC(463) Pause Young (Normal) (G1 Evacuation Pause) 324M->279M(1024M) 868.509ms
[2026-01-16T08:49:46.257+0000][gc,cpu      ] GC(463) User=0.41s Sys=0.05s Real=0.87s
[2026-01-16T08:49:54.313+0000][gc,start    ] GC(464) Pause Young (Normal) (G1 Evacuation Pause)
[2026-01-16T08:49:54.334+0000][gc,task     ] GC(464) Using 8 workers of 8 for evacuation
[2026-01-16T08:49:57.568+0000][gc,mmu      ] GC(464) MMU target violated: 201.0ms (200.0ms/201.0ms)
[2026-01-16T08:49:57.571+0000][gc,phases   ] GC(464)   Pre Evacuate Collection Set: 126.1ms
[2026-01-16T08:49:57.575+0000][gc,phases   ] GC(464)   Merge Heap Roots: 30.1ms
[2026-01-16T08:49:57.578+0000][gc,phases   ] GC(464)   Evacuate Collection Set: 2868.4ms
[2026-01-16T08:49:57.580+0000][gc,phases   ] GC(464)   Post Evacuate Collection Set: 172.5ms
[2026-01-16T08:49:57.585+0000][gc,phases   ] GC(464)   Other: 44.4ms
[2026-01-16T08:49:57.586+0000][gc,heap     ] GC(464) Eden regions: 46->0(46)
[2026-01-16T08:49:57.589+0000][gc,heap     ] GC(464) Survivor regions: 5->5(7)
[2026-01-16T08:49:57.591+0000][gc,heap     ] GC(464) Old regions: 192->193
[2026-01-16T08:49:57.593+0000][gc,heap     ] GC(464) Humongous regions: 83->83
[2026-01-16T08:49:57.593+0000][gc,metaspace] GC(464) Metaspace: 12429K(12864K)->12429K(12864K) NonClass: 11334K(11520K)->11334K(11520K) Class: 1095K(1344K)->1095K(1344K)
[2026-01-16T08:49:57.595+0000][gc          ] GC(464) Pause Young (Normal) (G1 Evacuation Pause) 325M->280M(1024M) 3286.658ms
[2026-01-16T08:49:57.634+0000][gc,cpu      ] GC(464) User=1.34s Sys=0.21s Real=3.29s
[2026-01-16T08:50:02.218+0000][gc,start    ] GC(465) Pause Young (Normal) (G1 Evacuation Pause)
[2026-01-16T08:50:02.222+0000][gc,task     ] GC(465) Using 8 workers of 8 for evacuation
[2026-01-16T08:50:03.667+0000][gc,mmu      ] GC(465) MMU target violated: 201.0ms (200.0ms/201.0ms)
[2026-01-16T08:50:03.707+0000][gc,phases   ] GC(465)   Pre Evacuate Collection Set: 50.0ms
[2026-01-16T08:50:03.710+0000][gc,phases   ] GC(465)   Merge Heap Roots: 2.5ms
[2026-01-16T08:50:03.711+0000][gc,phases   ] GC(465)   Evacuate Collection Set: 1338.5ms
[2026-01-16T08:50:03.712+0000][gc,phases   ] GC(465)   Post Evacuate Collection Set: 41.7ms
[2026-01-16T08:50:03.712+0000][gc,phases   ] GC(465)   Other: 52.2ms
[2026-01-16T08:50:03.713+0000][gc,heap     ] GC(465) Eden regions: 46->0(47)
[2026-01-16T08:50:03.713+0000][gc,heap     ] GC(465) Survivor regions: 5->4(7)
[2026-01-16T08:50:03.713+0000][gc,heap     ] GC(465) Old regions: 193->194
[2026-01-16T08:50:03.713+0000][gc,heap     ] GC(465) Humongous regions: 83->83
[2026-01-16T08:50:03.713+0000][gc,metaspace] GC(465) Metaspace: 12430K(12864K)->12430K(12864K) NonClass: 11335K(11520K)->11335K(11520K) Class: 1095K(1344K)->1095K(1344K)
[2026-01-16T08:50:03.713+0000][gc          ] GC(465) Pause Young (Normal) (G1 Evacuation Pause) 326M->280M(1024M) 1495.156ms
[2026-01-16T08:50:03.713+0000][gc,cpu      ] GC(465) User=0.37s Sys=0.03s Real=1.49s
[2026-01-16T08:50:08.622+0000][gc,start    ] GC(466) Pause Young (Normal) (G1 Evacuation Pause)
[2026-01-16T08:50:08.634+0000][gc,task     ] GC(466) Using 8 workers of 8 for evacuation
[2026-01-16T08:50:10.075+0000][gc,mmu      ] GC(466) MMU target violated: 201.0ms (200.0ms/201.0ms)
[2026-01-16T08:50:10.084+0000][gc,phases   ] GC(466)   Pre Evacuate Collection Set: 66.6ms
[2026-01-16T08:50:10.084+0000][gc,phases   ] GC(466)   Merge Heap Roots: 19.0ms
[2026-01-16T08:50:10.085+0000][gc,phases   ] GC(466)   Evacuate Collection Set: 1279.6ms
[2026-01-16T08:50:10.089+0000][gc,phases   ] GC(466)   Post Evacuate Collection Set: 53.9ms
[2026-01-16T08:50:10.091+0000][gc,phases   ] GC(466)   Other: 29.8ms
[2026-01-16T08:50:10.093+0000][gc,heap     ] GC(466) Eden regions: 47->0(46)
[2026-01-16T08:50:10.094+0000][gc,heap     ] GC(466) Survivor regions: 4->5(7)
[2026-01-16T08:50:10.094+0000][gc,heap     ] GC(466) Old regions: 194->194
[2026-01-16T08:50:10.094+0000][gc,heap     ] GC(466) Humongous regions: 83->83
[2026-01-16T08:50:10.094+0000][gc,metaspace] GC(466) Metaspace: 12430K(12864K)->12430K(12864K) NonClass: 11335K(11520K)->11335K(11520K) Class: 1095K(1344K)->1095K(1344K)
[2026-01-16T08:50:10.094+0000][gc          ] GC(466) Pause Young (Normal) (G1 Evacuation Pause) 327M->281M(1024M) 1469.074ms
[2026-01-16T08:50:10.094+0000][gc,cpu      ] GC(466) User=0.60s Sys=0.07s Real=1.47s
[2026-01-16T08:50:12.819+0000][gc,start    ] GC(467) Pause Young (Normal) (G1 Evacuation Pause)
[2026-01-16T08:50:12.896+0000][gc,task     ] GC(467) Using 8 workers of 8 for evacuation
[2026-01-16T08:50:14.943+0000][gc,mmu      ] GC(467) MMU target violated: 201.0ms (200.0ms/201.0ms)
[2026-01-16T08:50:14.972+0000][gc,phases   ] GC(467)   Pre Evacuate Collection Set: 125.2ms
[2026-01-16T08:50:14.973+0000][gc,phases   ] GC(467)   Merge Heap Roots: 18.9ms
[2026-01-16T08:50:14.973+0000][gc,phases   ] GC(467)   Evacuate Collection Set: 1654.0ms
[2026-01-16T08:50:14.979+0000][gc,phases   ] GC(467)   Post Evacuate Collection Set: 232.7ms
[2026-01-16T08:50:14.987+0000][gc,phases   ] GC(467)   Other: 50.2ms
[2026-01-16T08:50:14.997+0000][gc,heap     ] GC(467) Eden regions: 46->0(46)
[2026-01-16T08:50:14.998+0000][gc,heap     ] GC(467) Survivor regions: 5->5(7)
[2026-01-16T08:50:15.000+0000][gc,heap     ] GC(467) Old regions: 194->195
[2026-01-16T08:50:15.001+0000][gc,heap     ] GC(467) Humongous regions: 83->83
[2026-01-16T08:50:15.011+0000][gc,metaspace] GC(467) Metaspace: 12430K(12864K)->12430K(12864K) NonClass: 11335K(11520K)->11335K(11520K) Class: 1095K(1344K)->1095K(1344K)
[2026-01-16T08:50:15.018+0000][gc          ] GC(467) Pause Young (Normal) (G1 Evacuation Pause) 327M->282M(1024M) 2199.091ms
[2026-01-16T08:50:15.018+0000][gc,cpu      ] GC(467) User=0.67s Sys=0.13s Real=2.20s
[2026-01-16T08:50:19.411+0000][gc,start    ] GC(468) Pause Young (Normal) (G1 Evacuation Pause)
[2026-01-16T08:50:19.415+0000][gc,task     ] GC(468) Using 8 workers of 8 for evacuation
[2026-01-16T08:50:19.719+0000][gc,mmu      ] GC(468) MMU target violated: 201.0ms (200.0ms/201.0ms)
[2026-01-16T08:50:19.720+0000][gc,phases   ] GC(468)   Pre Evacuate Collection Set: 19.7ms
[2026-01-16T08:50:19.722+0000][gc,phases   ] GC(468)   Merge Heap Roots: 2.6ms
[2026-01-16T08:50:19.724+0000][gc,phases   ] GC(468)   Evacuate Collection Set: 264.2ms
[2026-01-16T08:50:19.725+0000][gc,phases   ] GC(468)   Post Evacuate Collection Set: 14.7ms
[2026-01-16T08:50:19.726+0000][gc,phases   ] GC(468)   Other: 6.2ms
[2026-01-16T08:50:19.726+0000][gc,heap     ] GC(468) Eden regions: 46->0(46)
[2026-01-16T08:50:19.731+0000][gc,heap     ] GC(468) Survivor regions: 5->5(7)
[2026-01-16T08:50:19.734+0000][gc,heap     ] GC(468) Old regions: 195->196
[2026-01-16T08:50:19.734+0000][gc,heap     ] GC(468) Humongous regions: 83->83
[2026-01-16T08:50:19.734+0000][gc,metaspace] GC(468) Metaspace: 12431K(12864K)->12431K(12864K) NonClass: 11336K(11520K)->11336K(11520K) Class: 1095K(1344K)->1095K(1344K)
[2026-01-16T08:50:19.735+0000][gc          ] GC(468) Pause Young (Normal) (G1 Evacuation Pause) 328M->282M(1024M) 324.258ms
[2026-01-16T08:50:19.735+0000][gc,cpu      ] GC(468) User=0.28s Sys=0.01s Real=0.33s
[2026-01-16T08:50:22.321+0000][gc,start    ] GC(469) Pause Young (Normal) (G1 Evacuation Pause)
[2026-01-16T08:50:22.331+0000][gc,task     ] GC(469) Using 8 workers of 8 for evacuation
[2026-01-16T08:50:22.805+0000][gc,mmu      ] GC(469) MMU target violated: 201.0ms (200.0ms/201.0ms)
[2026-01-16T08:50:22.805+0000][gc,phases   ] GC(469)   Pre Evacuate Collection Set: 21.4ms
[2026-01-16T08:50:22.805+0000][gc,phases   ] GC(469)   Merge Heap Roots: 14.7ms
[2026-01-16T08:50:22.805+0000][gc,phases   ] GC(469)   Evacuate Collection Set: 402.2ms
[2026-01-16T08:50:22.805+0000][gc,phases   ] GC(469)   Post Evacuate Collection Set: 26.8ms
[2026-01-16T08:50:22.805+0000][gc,phases   ] GC(469)   Other: 16.2ms
[2026-01-16T08:50:22.805+0000][gc,heap     ] GC(469) Eden regions: 46->0(47)
[2026-01-16T08:50:22.805+0000][gc,heap     ] GC(469) Survivor regions: 5->4(7)
[2026-01-16T08:50:22.805+0000][gc,heap     ] GC(469) Old regions: 196->197
[2026-01-16T08:50:22.805+0000][gc,heap     ] GC(469) Humongous regions: 83->83
[2026-01-16T08:50:22.805+0000][gc,metaspace] GC(469) Metaspace: 12431K(12864K)->12431K(12864K) NonClass: 11336K(11520K)->11336K(11520K) Class: 1095K(1344K)->1095K(1344K)
[2026-01-16T08:50:22.805+0000][gc          ] GC(469) Pause Young (Normal) (G1 Evacuation Pause) 328M->283M(1024M) 490.950ms
[2026-01-16T08:50:22.806+0000][gc,cpu      ] GC(469) User=0.35s Sys=0.04s Real=0.49s
[2026-01-16T08:50:24.527+0000][gc,start    ] GC(470) Pause Young (Normal) (G1 Evacuation Pause)
[2026-01-16T08:50:24.532+0000][gc,task     ] GC(470) Using 8 workers of 8 for evacuation
[2026-01-16T08:50:25.220+0000][gc,mmu      ] GC(470) MMU target violated: 201.0ms (200.0ms/201.0ms)
[2026-01-16T08:50:25.221+0000][gc,phases   ] GC(470)   Pre Evacuate Collection Set: 119.7ms
[2026-01-16T08:50:25.223+0000][gc,phases   ] GC(470)   Merge Heap Roots: 3.9ms
[2026-01-16T08:50:25.224+0000][gc,phases   ] GC(470)   Evacuate Collection Set: 530.8ms
[2026-01-16T08:50:25.225+0000][gc,phases   ] GC(470)   Post Evacuate Collection Set: 15.4ms
[2026-01-16T08:50:25.226+0000][gc,phases   ] GC(470)   Other: 20.1ms
[2026-01-16T08:50:25.227+0000][gc,heap     ] GC(470) Eden regions: 47->0(46)
[2026-01-16T08:50:25.227+0000][gc,heap     ] GC(470) Survivor regions: 4->5(7)
[2026-01-16T08:50:25.228+0000][gc,heap     ] GC(470) Old regions: 197->197
[2026-01-16T08:50:25.228+0000][gc,heap     ] GC(470) Humongous regions: 83->83
[2026-01-16T08:50:25.229+0000][gc,metaspace] GC(470) Metaspace: 12432K(12864K)->12432K(12864K) NonClass: 11337K(11520K)->11337K(11520K) Class: 1095K(1344K)->1095K(1344K)
[2026-01-16T08:50:25.230+0000][gc          ] GC(470) Pause Young (Normal) (G1 Evacuation Pause) 330M->283M(1024M) 702.353ms
[2026-01-16T08:50:25.230+0000][gc,cpu      ] GC(470) User=0.32s Sys=0.02s Real=0.70s
[2026-01-16T08:50:29.587+0000][gc,start    ] GC(471) Pause Young (Normal) (G1 Evacuation Pause)
[2026-01-16T08:50:29.595+0000][gc,task     ] GC(471) Using 8 workers of 8 for evacuation
[2026-01-16T08:50:30.926+0000][gc,mmu      ] GC(471) MMU target violated: 201.0ms (200.0ms/201.0ms)
[2026-01-16T08:50:30.932+0000][gc,phases   ] GC(471)   Pre Evacuate Collection Set: 59.8ms
[2026-01-16T08:50:30.953+0000][gc,phases   ] GC(471)   Merge Heap Roots: 22.8ms
[2026-01-16T08:50:30.963+0000][gc,phases   ] GC(471)   Evacuate Collection Set: 1047.8ms
[2026-01-16T08:50:30.965+0000][gc,phases   ] GC(471)   Post Evacuate Collection Set: 197.2ms
[2026-01-16T08:50:30.967+0000][gc,phases   ] GC(471)   Other: 9.1ms
[2026-01-16T08:50:30.971+0000][gc,heap     ] GC(471) Eden regions: 46->0(47)
[2026-01-16T08:50:30.974+0000][gc,heap     ] GC(471) Survivor regions: 5->4(7)
[2026-01-16T08:50:30.976+0000][gc,heap     ] GC(471) Old regions: 197->198
[2026-01-16T08:50:30.976+0000][gc,heap     ] GC(471) Humongous regions: 83->83
[2026-01-16T08:50:30.977+0000][gc,metaspace] GC(471) Metaspace: 12432K(12864K)->12432K(12864K) NonClass: 11337K(11520K)->11337K(11520K) Class: 1095K(1344K)->1095K(1344K)
[2026-01-16T08:50:30.990+0000][gc          ] GC(471) Pause Young (Normal) (G1 Evacuation Pause) 329M->284M(1024M) 1402.895ms
[2026-01-16T08:50:30.992+0000][gc,cpu      ] GC(471) User=0.66s Sys=0.11s Real=1.45s
[2026-01-16T08:50:35.431+0000][gc,start    ] GC(472) Pause Young (Normal) (G1 Evacuation Pause)
[2026-01-16T08:50:35.440+0000][gc,task     ] GC(472) Using 8 workers of 8 for evacuation
[2026-01-16T08:50:36.118+0000][gc,mmu      ] GC(472) MMU target violated: 201.0ms (200.0ms/201.0ms)
[2026-01-16T08:50:36.121+0000][gc,phases   ] GC(472)   Pre Evacuate Collection Set: 51.0ms
[2026-01-16T08:50:36.122+0000][gc,phases   ] GC(472)   Merge Heap Roots: 10.4ms
[2026-01-16T08:50:36.122+0000][gc,phases   ] GC(472)   Evacuate Collection Set: 529.1ms
[2026-01-16T08:50:36.122+0000][gc,phases   ] GC(472)   Post Evacuate Collection Set: 82.8ms
[2026-01-16T08:50:36.123+0000][gc,phases   ] GC(472)   Other: 8.3ms
[2026-01-16T08:50:36.123+0000][gc,heap     ] GC(472) Eden regions: 47->0(47)
[2026-01-16T08:50:36.123+0000][gc,heap     ] GC(472) Survivor regions: 4->4(7)
[2026-01-16T08:50:36.124+0000][gc,heap     ] GC(472) Old regions: 198->199
[2026-01-16T08:50:36.124+0000][gc,heap     ] GC(472) Humongous regions: 83->83
[2026-01-16T08:50:36.124+0000][gc,metaspace] GC(472) Metaspace: 12435K(12864K)->12435K(12864K) NonClass: 11340K(11520K)->11340K(11520K) Class: 1095K(1344K)->1095K(1344K)
[2026-01-16T08:50:36.124+0000][gc          ] GC(472) Pause Young (Normal) (G1 Evacuation Pause) 331M->284M(1024M) 693.518ms
[2026-01-16T08:50:36.125+0000][gc,cpu      ] GC(472) User=0.29s Sys=0.03s Real=0.70s
[2026-01-16T08:50:38.750+0000][gc,start    ] GC(473) Pause Young (Normal) (G1 Evacuation Pause)
[2026-01-16T08:50:38.765+0000][gc,task     ] GC(473) Using 8 workers of 8 for evacuation
[2026-01-16T08:50:39.530+0000][gc,mmu      ] GC(473) MMU target violated: 201.0ms (200.0ms/201.0ms)
[2026-01-16T08:50:39.533+0000][gc,phases   ] GC(473)   Pre Evacuate Collection Set: 74.8ms
[2026-01-16T08:50:39.533+0000][gc,phases   ] GC(473)   Merge Heap Roots: 15.9ms
[2026-01-16T08:50:39.534+0000][gc,phases   ] GC(473)   Evacuate Collection Set: 632.7ms
[2026-01-16T08:50:39.535+0000][gc,phases   ] GC(473)   Post Evacuate Collection Set: 48.6ms
[2026-01-16T08:50:39.539+0000][gc,phases   ] GC(473)   Other: 3.9ms
[2026-01-16T08:50:39.543+0000][gc,heap     ] GC(473) Eden regions: 47->0(46)
[2026-01-16T08:50:39.543+0000][gc,heap     ] GC(473) Survivor regions: 4->5(7)
[2026-01-16T08:50:39.544+0000][gc,heap     ] GC(473) Old regions: 199->199
[2026-01-16T08:50:39.544+0000][gc,heap     ] GC(473) Humongous regions: 83->83
[2026-01-16T08:50:39.544+0000][gc,metaspace] GC(473) Metaspace: 12437K(12864K)->12437K(12864K) NonClass: 11342K(11520K)->11342K(11520K) Class: 1095K(1344K)->1095K(1344K)
[2026-01-16T08:50:39.546+0000][gc          ] GC(473) Pause Young (Normal) (G1 Evacuation Pause) 331M->285M(1024M) 804.657ms
[2026-01-16T08:50:39.549+0000][gc,cpu      ] GC(473) User=0.45s Sys=0.03s Real=0.81s
[2026-01-16T08:50:41.180+0000][gc,start    ] GC(474) Pause Young (Normal) (G1 Evacuation Pause)
[2026-01-16T08:50:41.185+0000][gc,task     ] GC(474) Using 8 workers of 8 for evacuation
[2026-01-16T08:50:42.376+0000][gc,mmu      ] GC(474) MMU target violated: 201.0ms (200.0ms/201.0ms)
[2026-01-16T08:50:42.380+0000][gc,phases   ] GC(474)   Pre Evacuate Collection Set: 32.1ms
[2026-01-16T08:50:42.380+0000][gc,phases   ] GC(474)   Merge Heap Roots: 5.1ms
[2026-01-16T08:50:42.380+0000][gc,phases   ] GC(474)   Evacuate Collection Set: 1108.3ms
[2026-01-16T08:50:42.380+0000][gc,phases   ] GC(474)   Post Evacuate Collection Set: 13.2ms
[2026-01-16T08:50:42.380+0000][gc,phases   ] GC(474)   Other: 33.3ms
[2026-01-16T08:50:42.380+0000][gc,heap     ] GC(474) Eden regions: 46->0(46)
[2026-01-16T08:50:42.381+0000][gc,heap     ] GC(474) Survivor regions: 5->5(7)
[2026-01-16T08:50:42.381+0000][gc,heap     ] GC(474) Old regions: 199->199
[2026-01-16T08:50:42.381+0000][gc,heap     ] GC(474) Humongous regions: 92->92
[2026-01-16T08:50:42.381+0000][gc,metaspace] GC(474) Metaspace: 12437K(12864K)->12437K(12864K) NonClass: 11342K(11520K)->11342K(11520K) Class: 1095K(1344K)->1095K(1344K)
[2026-01-16T08:50:42.382+0000][gc          ] GC(474) Pause Young (Normal) (G1 Evacuation Pause) 340M->295M(1024M) 1202.675ms
[2026-01-16T08:50:42.383+0000][gc,cpu      ] GC(474) User=0.50s Sys=0.08s Real=1.21s
[2026-01-16T08:50:46.076+0000][gc,start    ] GC(475) Pause Young (Normal) (G1 Evacuation Pause)
[2026-01-16T08:50:46.078+0000][gc,task     ] GC(475) Using 8 workers of 8 for evacuation
[2026-01-16T08:50:46.346+0000][gc,mmu      ] GC(475) MMU target violated: 201.0ms (200.0ms/201.0ms)
[2026-01-16T08:50:46.346+0000][gc,phases   ] GC(475)   Pre Evacuate Collection Set: 35.9ms
[2026-01-16T08:50:46.347+0000][gc,phases   ] GC(475)   Merge Heap Roots: 5.6ms
[2026-01-16T08:50:46.347+0000][gc,phases   ] GC(475)   Evacuate Collection Set: 214.7ms
[2026-01-16T08:50:46.347+0000][gc,phases   ] GC(475)   Post Evacuate Collection Set: 9.9ms
[2026-01-16T08:50:46.348+0000][gc,phases   ] GC(475)   Other: 2.0ms
[2026-01-16T08:50:46.348+0000][gc,heap     ] GC(475) Eden regions: 46->0(47)
[2026-01-16T08:50:46.348+0000][gc,heap     ] GC(475) Survivor regions: 5->4(7)
[2026-01-16T08:50:46.349+0000][gc,heap     ] GC(475) Old regions: 199->200
[2026-01-16T08:50:46.352+0000][gc,heap     ] GC(475) Humongous regions: 92->92
[2026-01-16T08:50:46.355+0000][gc,metaspace] GC(475) Metaspace: 12437K(12864K)->12437K(12864K) NonClass: 11342K(11520K)->11342K(11520K) Class: 1095K(1344K)->1095K(1344K)
[2026-01-16T08:50:46.356+0000][gc          ] GC(475) Pause Young (Normal) (G1 Evacuation Pause) 341M->295M(1024M) 279.551ms
[2026-01-16T08:50:46.357+0000][gc,cpu      ] GC(475) User=0.16s Sys=0.02s Real=0.28s
[2026-01-16T08:50:47.394+0000][gc,start    ] GC(476) Pause Young (Normal) (G1 Evacuation Pause)
[2026-01-16T08:50:47.398+0000][gc,task     ] GC(476) Using 8 workers of 8 for evacuation
[2026-01-16T08:50:47.777+0000][gc,mmu      ] GC(476) MMU target violated: 201.0ms (200.0ms/201.0ms)
[2026-01-16T08:50:47.784+0000][gc,phases   ] GC(476)   Pre Evacuate Collection Set: 22.8ms
[2026-01-16T08:50:47.784+0000][gc,phases   ] GC(476)   Merge Heap Roots: 0.4ms
[2026-01-16T08:50:47.787+0000][gc,phases   ] GC(476)   Evacuate Collection Set: 333.7ms
[2026-01-16T08:50:47.787+0000][gc,phases   ] GC(476)   Post Evacuate Collection Set: 17.0ms
[2026-01-16T08:50:47.788+0000][gc,phases   ] GC(476)   Other: 11.6ms
[2026-01-16T08:50:47.788+0000][gc,heap     ] GC(476) Eden regions: 47->0(47)
[2026-01-16T08:50:47.788+0000][gc,heap     ] GC(476) Survivor regions: 4->4(7)
[2026-01-16T08:50:47.788+0000][gc,heap     ] GC(476) Old regions: 200->201
[2026-01-16T08:50:47.788+0000][gc,heap     ] GC(476) Humongous regions: 92->92
[2026-01-16T08:50:47.789+0000][gc,metaspace] GC(476) Metaspace: 12437K(12864K)->12437K(12864K) NonClass: 11342K(11520K)->11342K(11520K) Class: 1095K(1344K)->1095K(1344K)
[2026-01-16T08:50:47.796+0000][gc          ] GC(476) Pause Young (Normal) (G1 Evacuation Pause) 342M->296M(1024M) 402.105ms
[2026-01-16T08:50:47.802+0000][gc,cpu      ] GC(476) User=0.18s Sys=0.02s Real=0.40s
[2026-01-16T08:50:49.307+0000][gc,start    ] GC(477) Pause Young (Normal) (G1 Evacuation Pause)
[2026-01-16T08:50:49.308+0000][gc,task     ] GC(477) Using 8 workers of 8 for evacuation
[2026-01-16T08:50:49.475+0000][gc,phases   ] GC(477)   Pre Evacuate Collection Set: 13.5ms
[2026-01-16T08:50:49.476+0000][gc,phases   ] GC(477)   Merge Heap Roots: 0.6ms
[2026-01-16T08:50:49.476+0000][gc,phases   ] GC(477)   Evacuate Collection Set: 143.6ms
[2026-01-16T08:50:49.476+0000][gc,phases   ] GC(477)   Post Evacuate Collection Set: 9.3ms
[2026-01-16T08:50:49.477+0000][gc,phases   ] GC(477)   Other: 0.5ms
[2026-01-16T08:50:49.477+0000][gc,heap     ] GC(477) Eden regions: 47->0(46)
[2026-01-16T08:50:49.477+0000][gc,heap     ] GC(477) Survivor regions: 4->5(7)
[2026-01-16T08:50:49.478+0000][gc,heap     ] GC(477) Old regions: 201->202
[2026-01-16T08:50:49.479+0000][gc,heap     ] GC(477) Humongous regions: 92->92
[2026-01-16T08:50:49.479+0000][gc,metaspace] GC(477) Metaspace: 12437K(12864K)->12437K(12864K) NonClass: 11342K(11520K)->11342K(11520K) Class: 1095K(1344K)->1095K(1344K)
[2026-01-16T08:50:49.480+0000][gc          ] GC(477) Pause Young (Normal) (G1 Evacuation Pause) 343M->297M(1024M) 173.476ms
[2026-01-16T08:50:49.481+0000][gc,cpu      ] GC(477) User=0.11s Sys=0.01s Real=0.17s
[2026-01-16T08:50:51.833+0000][gc,start    ] GC(478) Pause Young (Normal) (G1 Evacuation Pause)
[2026-01-16T08:50:51.841+0000][gc,task     ] GC(478) Using 8 workers of 8 for evacuation
[2026-01-16T08:50:52.089+0000][gc,mmu      ] GC(478) MMU target violated: 201.0ms (200.0ms/201.0ms)
[2026-01-16T08:50:52.090+0000][gc,phases   ] GC(478)   Pre Evacuate Collection Set: 26.7ms
[2026-01-16T08:50:52.090+0000][gc,phases   ] GC(478)   Merge Heap Roots: 0.5ms
[2026-01-16T08:50:52.090+0000][gc,phases   ] GC(478)   Evacuate Collection Set: 203.7ms
[2026-01-16T08:50:52.091+0000][gc,phases   ] GC(478)   Post Evacuate Collection Set: 13.5ms
[2026-01-16T08:50:52.091+0000][gc,phases   ] GC(478)   Other: 10.4ms
[2026-01-16T08:50:52.091+0000][gc,heap     ] GC(478) Eden regions: 46->0(47)
[2026-01-16T08:50:52.091+0000][gc,heap     ] GC(478) Survivor regions: 5->4(7)
[2026-01-16T08:50:52.091+0000][gc,heap     ] GC(478) Old regions: 202->202
[2026-01-16T08:50:52.091+0000][gc,heap     ] GC(478) Humongous regions: 92->92
[2026-01-16T08:50:52.092+0000][gc,metaspace] GC(478) Metaspace: 12437K(12864K)->12437K(12864K) NonClass: 11342K(11520K)->11342K(11520K) Class: 1095K(1344K)->1095K(1344K)
[2026-01-16T08:50:52.093+0000][gc          ] GC(478) Pause Young (Normal) (G1 Evacuation Pause) 343M->297M(1024M) 259.551ms
[2026-01-16T08:50:52.093+0000][gc,cpu      ] GC(478) User=0.12s Sys=0.01s Real=0.26s
[2026-01-16T08:50:54.308+0000][gc,start    ] GC(479) Pause Young (Normal) (G1 Evacuation Pause)
[2026-01-16T08:50:54.321+0000][gc,task     ] GC(479) Using 8 workers of 8 for evacuation
[2026-01-16T08:50:54.691+0000][gc,mmu      ] GC(479) MMU target violated: 201.0ms (200.0ms/201.0ms)
[2026-01-16T08:50:54.692+0000][gc,phases   ] GC(479)   Pre Evacuate Collection Set: 54.1ms
[2026-01-16T08:50:54.693+0000][gc,phases   ] GC(479)   Merge Heap Roots: 10.2ms
[2026-01-16T08:50:54.694+0000][gc,phases   ] GC(479)   Evacuate Collection Set: 290.4ms
[2026-01-16T08:50:54.695+0000][gc,phases   ] GC(479)   Post Evacuate Collection Set: 8.3ms
[2026-01-16T08:50:54.697+0000][gc,phases   ] GC(479)   Other: 7.5ms
[2026-01-16T08:50:54.697+0000][gc,heap     ] GC(479) Eden regions: 47->0(46)
[2026-01-16T08:50:54.698+0000][gc,heap     ] GC(479) Survivor regions: 4->5(7)
[2026-01-16T08:50:54.699+0000][gc,heap     ] GC(479) Old regions: 202->202
[2026-01-16T08:50:54.700+0000][gc,heap     ] GC(479) Humongous regions: 92->92
[2026-01-16T08:50:54.701+0000][gc,metaspace] GC(479) Metaspace: 12437K(12864K)->12437K(12864K) NonClass: 11342K(11520K)->11342K(11520K) Class: 1095K(1344K)->1095K(1344K)
[2026-01-16T08:50:54.703+0000][gc          ] GC(479) Pause Young (Normal) (G1 Evacuation Pause) 344M->298M(1024M) 395.664ms
[2026-01-16T08:50:54.704+0000][gc,cpu      ] GC(479) User=0.17s Sys=0.02s Real=0.40s
[2026-01-16T08:50:57.072+0000][gc,start    ] GC(480) Pause Young (Normal) (G1 Evacuation Pause)
[2026-01-16T08:50:57.079+0000][gc,task     ] GC(480) Using 8 workers of 8 for evacuation
[2026-01-16T08:50:57.495+0000][gc,mmu      ] GC(480) MMU target violated: 201.0ms (200.0ms/201.0ms)
[2026-01-16T08:50:57.519+0000][gc,phases   ] GC(480)   Pre Evacuate Collection Set: 58.8ms
[2026-01-16T08:50:57.520+0000][gc,phases   ] GC(480)   Merge Heap Roots: 3.7ms
[2026-01-16T08:50:57.520+0000][gc,phases   ] GC(480)   Evacuate Collection Set: 306.7ms
[2026-01-16T08:50:57.523+0000][gc,phases   ] GC(480)   Post Evacuate Collection Set: 41.2ms
[2026-01-16T08:50:57.523+0000][gc,phases   ] GC(480)   Other: 29.2ms
[2026-01-16T08:50:57.524+0000][gc,heap     ] GC(480) Eden regions: 46->0(46)
[2026-01-16T08:50:57.525+0000][gc,heap     ] GC(480) Survivor regions: 5->5(7)
[2026-01-16T08:50:57.530+0000][gc,heap     ] GC(480) Old regions: 202->203
[2026-01-16T08:50:57.532+0000][gc,heap     ] GC(480) Humongous regions: 92->92
[2026-01-16T08:50:57.532+0000][gc,metaspace] GC(480) Metaspace: 12437K(12864K)->12437K(12864K) NonClass: 11342K(11520K)->11342K(11520K) Class: 1095K(1344K)->1095K(1344K)
[2026-01-16T08:50:57.532+0000][gc          ] GC(480) Pause Young (Normal) (G1 Evacuation Pause) 344M->298M(1024M) 461.255ms
[2026-01-16T08:50:57.533+0000][gc,cpu      ] GC(480) User=0.19s Sys=0.08s Real=0.46s
[2026-01-16T08:50:59.557+0000][gc,start    ] GC(481) Pause Young (Normal) (G1 Evacuation Pause)
[2026-01-16T08:50:59.566+0000][gc,task     ] GC(481) Using 8 workers of 8 for evacuation
[2026-01-16T08:51:00.324+0000][gc,mmu      ] GC(481) MMU target violated: 201.0ms (200.0ms/201.0ms)
[2026-01-16T08:51:00.326+0000][gc,phases   ] GC(481)   Pre Evacuate Collection Set: 53.0ms
[2026-01-16T08:51:00.328+0000][gc,phases   ] GC(481)   Merge Heap Roots: 4.6ms
[2026-01-16T08:51:00.329+0000][gc,phases   ] GC(481)   Evacuate Collection Set: 634.3ms
[2026-01-16T08:51:00.331+0000][gc,phases   ] GC(481)   Post Evacuate Collection Set: 62.3ms
[2026-01-16T08:51:00.333+0000][gc,phases   ] GC(481)   Other: 8.1ms
[2026-01-16T08:51:00.333+0000][gc,heap     ] GC(481) Eden regions: 46->0(46)
[2026-01-16T08:51:00.334+0000][gc,heap     ] GC(481) Survivor regions: 5->5(7)
[2026-01-16T08:51:00.335+0000][gc,heap     ] GC(481) Old regions: 203->203
[2026-01-16T08:51:00.336+0000][gc,heap     ] GC(481) Humongous regions: 92->92
[2026-01-16T08:51:00.339+0000][gc,metaspace] GC(481) Metaspace: 12437K(12864K)->12437K(12864K) NonClass: 11342K(11520K)->11342K(11520K) Class: 1095K(1344K)->1095K(1344K)
[2026-01-16T08:51:00.341+0000][gc          ] GC(481) Pause Young (Normal) (G1 Evacuation Pause) 344M->299M(1024M) 783.557ms
[2026-01-16T08:51:00.342+0000][gc,cpu      ] GC(481) User=0.27s Sys=0.08s Real=0.79s
[2026-01-16T08:51:01.932+0000][gc,start    ] GC(482) Pause Young (Normal) (G1 Evacuation Pause)
[2026-01-16T08:51:01.937+0000][gc,task     ] GC(482) Using 8 workers of 8 for evacuation
[2026-01-16T08:51:02.320+0000][gc,mmu      ] GC(482) MMU target violated: 201.0ms (200.0ms/201.0ms)
[2026-01-16T08:51:02.322+0000][gc,phases   ] GC(482)   Pre Evacuate Collection Set: 30.7ms
[2026-01-16T08:51:02.323+0000][gc,phases   ] GC(482)   Merge Heap Roots: 0.5ms
[2026-01-16T08:51:02.334+0000][gc,phases   ] GC(482)   Evacuate Collection Set: 334.3ms
[2026-01-16T08:51:02.334+0000][gc,phases   ] GC(482)   Post Evacuate Collection Set: 15.5ms
[2026-01-16T08:51:02.335+0000][gc,phases   ] GC(482)   Other: 4.2ms
[2026-01-16T08:51:02.338+0000][gc,heap     ] GC(482) Eden regions: 46->0(46)
[2026-01-16T08:51:02.338+0000][gc,heap     ] GC(482) Survivor regions: 5->5(7)
[2026-01-16T08:51:02.340+0000][gc,heap     ] GC(482) Old regions: 203->204
[2026-01-16T08:51:02.342+0000][gc,heap     ] GC(482) Humongous regions: 92->92
[2026-01-16T08:51:02.344+0000][gc,metaspace] GC(482) Metaspace: 12438K(12864K)->12438K(12864K) NonClass: 11343K(11520K)->11343K(11520K) Class: 1095K(1344K)->1095K(1344K)
[2026-01-16T08:51:02.348+0000][gc          ] GC(482) Pause Young (Normal) (G1 Evacuation Pause) 345M->300M(1024M) 416.165ms
[2026-01-16T08:51:02.349+0000][gc,cpu      ] GC(482) User=0.15s Sys=0.01s Real=0.42s
[2026-01-16T08:51:03.430+0000][gc,start    ] GC(483) Pause Young (Normal) (G1 Evacuation Pause)
[2026-01-16T08:51:03.431+0000][gc,task     ] GC(483) Using 8 workers of 8 for evacuation
[2026-01-16T08:51:03.627+0000][gc,phases   ] GC(483)   Pre Evacuate Collection Set: 10.3ms
[2026-01-16T08:51:03.627+0000][gc,phases   ] GC(483)   Merge Heap Roots: 2.8ms
[2026-01-16T08:51:03.627+0000][gc,phases   ] GC(483)   Evacuate Collection Set: 178.5ms
[2026-01-16T08:51:03.627+0000][gc,phases   ] GC(483)   Post Evacuate Collection Set: 1.4ms
[2026-01-16T08:51:03.627+0000][gc,phases   ] GC(483)   Other: 3.2ms
[2026-01-16T08:51:03.628+0000][gc,heap     ] GC(483) Eden regions: 46->0(46)
[2026-01-16T08:51:03.628+0000][gc,heap     ] GC(483) Survivor regions: 5->5(7)
[2026-01-16T08:51:03.628+0000][gc,heap     ] GC(483) Old regions: 204->205
[2026-01-16T08:51:03.628+0000][gc,heap     ] GC(483) Humongous regions: 92->92
[2026-01-16T08:51:03.628+0000][gc,metaspace] GC(483) Metaspace: 12438K(12864K)->12438K(12864K) NonClass: 11343K(11520K)->11343K(11520K) Class: 1095K(1344K)->1095K(1344K)
[2026-01-16T08:51:03.628+0000][gc          ] GC(483) Pause Young (Normal) (G1 Evacuation Pause) 346M->300M(1024M) 198.127ms
[2026-01-16T08:51:03.629+0000][gc,cpu      ] GC(483) User=0.12s Sys=0.02s Real=0.20s
[2026-01-16T08:51:04.146+0000][gc,start    ] GC(484) Pause Young (Normal) (G1 Evacuation Pause)
[2026-01-16T08:51:04.148+0000][gc,task     ] GC(484) Using 8 workers of 8 for evacuation
[2026-01-16T08:51:04.258+0000][gc,phases   ] GC(484)   Pre Evacuate Collection Set: 1.4ms
[2026-01-16T08:51:04.260+0000][gc,phases   ] GC(484)   Merge Heap Roots: 3.4ms
[2026-01-16T08:51:04.261+0000][gc,phases   ] GC(484)   Evacuate Collection Set: 95.8ms
[2026-01-16T08:51:04.261+0000][gc,phases   ] GC(484)   Post Evacuate Collection Set: 1.8ms
[2026-01-16T08:51:04.261+0000][gc,phases   ] GC(484)   Other: 7.9ms
[2026-01-16T08:51:04.262+0000][gc,heap     ] GC(484) Eden regions: 46->0(46)
[2026-01-16T08:51:04.262+0000][gc,heap     ] GC(484) Survivor regions: 5->5(7)
[2026-01-16T08:51:04.262+0000][gc,heap     ] GC(484) Old regions: 205->205
[2026-01-16T08:51:04.263+0000][gc,heap     ] GC(484) Humongous regions: 92->92
[2026-01-16T08:51:04.263+0000][gc,metaspace] GC(484) Metaspace: 12438K(12864K)->12438K(12864K) NonClass: 11343K(11520K)->11343K(11520K) Class: 1095K(1344K)->1095K(1344K)
[2026-01-16T08:51:04.265+0000][gc          ] GC(484) Pause Young (Normal) (G1 Evacuation Pause) 346M->301M(1024M) 118.516ms
[2026-01-16T08:51:04.267+0000][gc,cpu      ] GC(484) User=0.05s Sys=0.01s Real=0.12s
[2026-01-16T08:51:05.573+0000][gc,start    ] GC(485) Pause Young (Normal) (G1 Evacuation Pause)
[2026-01-16T08:51:05.588+0000][gc,task     ] GC(485) Using 8 workers of 8 for evacuation
[2026-01-16T08:51:05.828+0000][gc,mmu      ] GC(485) MMU target violated: 201.0ms (200.0ms/201.0ms)
[2026-01-16T08:51:05.834+0000][gc,phases   ] GC(485)   Pre Evacuate Collection Set: 16.8ms
[2026-01-16T08:51:05.835+0000][gc,phases   ] GC(485)   Merge Heap Roots: 4.7ms
[2026-01-16T08:51:05.838+0000][gc,phases   ] GC(485)   Evacuate Collection Set: 161.7ms
[2026-01-16T08:51:05.840+0000][gc,phases   ] GC(485)   Post Evacuate Collection Set: 43.0ms
[2026-01-16T08:51:05.841+0000][gc,phases   ] GC(485)   Other: 27.1ms
[2026-01-16T08:51:05.842+0000][gc,heap     ] GC(485) Eden regions: 46->0(46)
[2026-01-16T08:51:05.843+0000][gc,heap     ] GC(485) Survivor regions: 5->5(7)
[2026-01-16T08:51:05.843+0000][gc,heap     ] GC(485) Old regions: 205->206
[2026-01-16T08:51:05.843+0000][gc,heap     ] GC(485) Humongous regions: 92->92
[2026-01-16T08:51:05.844+0000][gc,metaspace] GC(485) Metaspace: 12438K(12864K)->12438K(12864K) NonClass: 11343K(11520K)->11343K(11520K) Class: 1095K(1344K)->1095K(1344K)
[2026-01-16T08:51:05.844+0000][gc          ] GC(485) Pause Young (Normal) (G1 Evacuation Pause) 347M->301M(1024M) 271.216ms
[2026-01-16T08:51:05.844+0000][gc,cpu      ] GC(485) User=0.11s Sys=0.01s Real=0.27s
[2026-01-16T08:51:07.229+0000][gc,start    ] GC(486) Pause Young (Normal) (G1 Evacuation Pause)
[2026-01-16T08:51:07.232+0000][gc,task     ] GC(486) Using 8 workers of 8 for evacuation
[2026-01-16T08:51:07.484+0000][gc,mmu      ] GC(486) MMU target violated: 201.0ms (200.0ms/201.0ms)
[2026-01-16T08:51:07.485+0000][gc,phases   ] GC(486)   Pre Evacuate Collection Set: 17.7ms
[2026-01-16T08:51:07.490+0000][gc,phases   ] GC(486)   Merge Heap Roots: 6.0ms
[2026-01-16T08:51:07.491+0000][gc,phases   ] GC(486)   Evacuate Collection Set: 212.2ms
[2026-01-16T08:51:07.491+0000][gc,phases   ] GC(486)   Post Evacuate Collection Set: 7.8ms
[2026-01-16T08:51:07.492+0000][gc,phases   ] GC(486)   Other: 8.9ms
[2026-01-16T08:51:07.494+0000][gc,heap     ] GC(486) Eden regions: 46->0(46)
[2026-01-16T08:51:07.496+0000][gc,heap     ] GC(486) Survivor regions: 5->5(7)
[2026-01-16T08:51:07.496+0000][gc,heap     ] GC(486) Old regions: 206->206
[2026-01-16T08:51:07.497+0000][gc,heap     ] GC(486) Humongous regions: 92->92
[2026-01-16T08:51:07.501+0000][gc,metaspace] GC(486) Metaspace: 12438K(12864K)->12438K(12864K) NonClass: 11343K(11520K)->11343K(11520K) Class: 1095K(1344K)->1095K(1344K)
[2026-01-16T08:51:07.503+0000][gc          ] GC(486) Pause Young (Normal) (G1 Evacuation Pause) 347M->302M(1024M) 273.879ms
[2026-01-16T08:51:07.504+0000][gc,cpu      ] GC(486) User=0.13s Sys=0.03s Real=0.28s
[2026-01-16T08:51:09.323+0000][gc,start    ] GC(487) Pause Young (Normal) (G1 Evacuation Pause)
[2026-01-16T08:51:09.324+0000][gc,task     ] GC(487) Using 8 workers of 8 for evacuation
[2026-01-16T08:51:09.669+0000][gc,mmu      ] GC(487) MMU target violated: 201.0ms (200.0ms/201.0ms)
[2026-01-16T08:51:09.669+0000][gc,phases   ] GC(487)   Pre Evacuate Collection Set: 32.3ms
[2026-01-16T08:51:09.670+0000][gc,phases   ] GC(487)   Merge Heap Roots: 6.1ms
[2026-01-16T08:51:09.670+0000][gc,phases   ] GC(487)   Evacuate Collection Set: 301.6ms
[2026-01-16T08:51:09.670+0000][gc,phases   ] GC(487)   Post Evacuate Collection Set: 3.2ms
[2026-01-16T08:51:09.672+0000][gc,phases   ] GC(487)   Other: 2.6ms
[2026-01-16T08:51:09.672+0000][gc,heap     ] GC(487) Eden regions: 46->0(46)
[2026-01-16T08:51:09.672+0000][gc,heap     ] GC(487) Survivor regions: 5->5(7)
[2026-01-16T08:51:09.673+0000][gc,heap     ] GC(487) Old regions: 206->207
[2026-01-16T08:51:09.681+0000][gc,heap     ] GC(487) Humongous regions: 92->92
[2026-01-16T08:51:09.682+0000][gc,metaspace] GC(487) Metaspace: 12438K(12864K)->12438K(12864K) NonClass: 11343K(11520K)->11343K(11520K) Class: 1095K(1344K)->1095K(1344K)
[2026-01-16T08:51:09.684+0000][gc          ] GC(487) Pause Young (Normal) (G1 Evacuation Pause) 348M->302M(1024M) 361.379ms
[2026-01-16T08:51:09.687+0000][gc,cpu      ] GC(487) User=0.13s Sys=0.02s Real=0.37s
[2026-01-16T08:51:12.565+0000][gc,start    ] GC(488) Pause Young (Normal) (G1 Evacuation Pause)
[2026-01-16T08:51:12.568+0000][gc,task     ] GC(488) Using 8 workers of 8 for evacuation
[2026-01-16T08:51:12.774+0000][gc,mmu      ] GC(488) MMU target violated: 201.0ms (200.0ms/201.0ms)
[2026-01-16T08:51:12.779+0000][gc,phases   ] GC(488)   Pre Evacuate Collection Set: 7.9ms
[2026-01-16T08:51:12.779+0000][gc,phases   ] GC(488)   Merge Heap Roots: 3.9ms
[2026-01-16T08:51:12.781+0000][gc,phases   ] GC(488)   Evacuate Collection Set: 185.8ms
[2026-01-16T08:51:12.782+0000][gc,phases   ] GC(488)   Post Evacuate Collection Set: 6.0ms
[2026-01-16T08:51:12.782+0000][gc,phases   ] GC(488)   Other: 7.6ms
[2026-01-16T08:51:12.782+0000][gc,heap     ] GC(488) Eden regions: 46->0(48)
[2026-01-16T08:51:12.782+0000][gc,heap     ] GC(488) Survivor regions: 5->3(7)
[2026-01-16T08:51:12.782+0000][gc,heap     ] GC(488) Old regions: 207->208
[2026-01-16T08:51:12.782+0000][gc,heap     ] GC(488) Humongous regions: 92->92
[2026-01-16T08:51:12.783+0000][gc,metaspace] GC(488) Metaspace: 12438K(12864K)->12438K(12864K) NonClass: 11343K(11520K)->11343K(11520K) Class: 1095K(1344K)->1095K(1344K)
[2026-01-16T08:51:12.783+0000][gc          ] GC(488) Pause Young (Normal) (G1 Evacuation Pause) 348M->302M(1024M) 218.266ms
[2026-01-16T08:51:12.783+0000][gc,cpu      ] GC(488) User=0.10s Sys=0.02s Real=0.21s
[2026-01-16T08:51:15.660+0000][gc,start    ] GC(489) Pause Young (Normal) (G1 Evacuation Pause)
[2026-01-16T08:51:15.665+0000][gc,task     ] GC(489) Using 8 workers of 8 for evacuation
[2026-01-16T08:51:15.866+0000][gc,mmu      ] GC(489) MMU target violated: 200.3ms (200.0ms/201.0ms)
[2026-01-16T08:51:15.867+0000][gc,phases   ] GC(489)   Pre Evacuate Collection Set: 14.3ms
[2026-01-16T08:51:15.867+0000][gc,phases   ] GC(489)   Merge Heap Roots: 3.1ms
[2026-01-16T08:51:15.867+0000][gc,phases   ] GC(489)   Evacuate Collection Set: 173.9ms
[2026-01-16T08:51:15.868+0000][gc,phases   ] GC(489)   Post Evacuate Collection Set: 8.7ms
[2026-01-16T08:51:15.868+0000][gc,phases   ] GC(489)   Other: 1.7ms
[2026-01-16T08:51:15.868+0000][gc,heap     ] GC(489) Eden regions: 54->0(47)
[2026-01-16T08:51:15.869+0000][gc,heap     ] GC(489) Survivor regions: 3->4(8)
[2026-01-16T08:51:15.869+0000][gc,heap     ] GC(489) Old regions: 208->208
[2026-01-16T08:51:15.869+0000][gc,heap     ] GC(489) Humongous regions: 92->92
[2026-01-16T08:51:15.870+0000][gc,metaspace] GC(489) Metaspace: 12438K(12864K)->12438K(12864K) NonClass: 11343K(11520K)->11343K(11520K) Class: 1095K(1344K)->1095K(1344K)
[2026-01-16T08:51:15.876+0000][gc          ] GC(489) Pause Young (Normal) (G1 Evacuation Pause) 356M->302M(1024M) 215.697ms
[2026-01-16T08:51:15.876+0000][gc,cpu      ] GC(489) User=0.22s Sys=0.02s Real=0.22s
[2026-01-16T08:51:17.346+0000][gc,start    ] GC(490) Pause Young (Normal) (G1 Evacuation Pause)
[2026-01-16T08:51:17.351+0000][gc,task     ] GC(490) Using 8 workers of 8 for evacuation
[2026-01-16T08:51:17.502+0000][gc,phases   ] GC(490)   Pre Evacuate Collection Set: 11.9ms
[2026-01-16T08:51:17.511+0000][gc,phases   ] GC(490)   Merge Heap Roots: 0.5ms
[2026-01-16T08:51:17.511+0000][gc,phases   ] GC(490)   Evacuate Collection Set: 114.3ms
[2026-01-16T08:51:17.511+0000][gc,phases   ] GC(490)   Post Evacuate Collection Set: 10.7ms
[2026-01-16T08:51:17.511+0000][gc,phases   ] GC(490)   Other: 13.9ms
[2026-01-16T08:51:17.511+0000][gc,heap     ] GC(490) Eden regions: 47->0(112)
[2026-01-16T08:51:17.511+0000][gc,heap     ] GC(490) Survivor regions: 4->3(7)
[2026-01-16T08:51:17.511+0000][gc,heap     ] GC(490) Old regions: 208->208
[2026-01-16T08:51:17.511+0000][gc,heap     ] GC(490) Humongous regions: 92->92
[2026-01-16T08:51:17.511+0000][gc,metaspace] GC(490) Metaspace: 12438K(12864K)->12438K(12864K) NonClass: 11343K(11520K)->11343K(11520K) Class: 1095K(1344K)->1095K(1344K)
[2026-01-16T08:51:17.512+0000][gc          ] GC(490) Pause Young (Normal) (G1 Evacuation Pause) 349M->301M(1024M) 165.774ms
[2026-01-16T08:51:17.512+0000][gc,cpu      ] GC(490) User=0.08s Sys=0.00s Real=0.16s
[2026-01-16T08:51:28.409+0000][gc,start    ] GC(491) Pause Young (Normal) (G1 Evacuation Pause)
[2026-01-16T08:51:28.411+0000][gc,task     ] GC(491) Using 8 workers of 8 for evacuation
[2026-01-16T08:51:28.728+0000][gc,mmu      ] GC(491) MMU target violated: 201.0ms (200.0ms/201.0ms)
[2026-01-16T08:51:28.729+0000][gc,phases   ] GC(491)   Pre Evacuate Collection Set: 42.0ms
[2026-01-16T08:51:28.729+0000][gc,phases   ] GC(491)   Merge Heap Roots: 9.8ms
[2026-01-16T08:51:28.730+0000][gc,phases   ] GC(491)   Evacuate Collection Set: 233.9ms
[2026-01-16T08:51:28.731+0000][gc,phases   ] GC(491)   Post Evacuate Collection Set: 29.1ms
[2026-01-16T08:51:28.733+0000][gc,phases   ] GC(491)   Other: 3.8ms
[2026-01-16T08:51:28.737+0000][gc,heap     ] GC(491) Eden regions: 103->0(48)
[2026-01-16T08:51:28.742+0000][gc,heap     ] GC(491) Survivor regions: 3->3(14)
[2026-01-16T08:51:28.746+0000][gc,heap     ] GC(491) Old regions: 208->208
[2026-01-16T08:51:28.746+0000][gc,heap     ] GC(491) Humongous regions: 92->92
[2026-01-16T08:51:28.747+0000][gc,metaspace] GC(491) Metaspace: 12439K(12864K)->12439K(12864K) NonClass: 11344K(11520K)->11344K(11520K) Class: 1095K(1344K)->1095K(1344K)
[2026-01-16T08:51:28.748+0000][gc          ] GC(491) Pause Young (Normal) (G1 Evacuation Pause) 404M->301M(1024M) 339.288ms
[2026-01-16T08:51:28.749+0000][gc,cpu      ] GC(491) User=0.29s Sys=0.05s Real=0.34s
[2026-01-16T08:51:32.336+0000][gc,start    ] GC(492) Pause Young (Normal) (G1 Evacuation Pause)
[2026-01-16T08:51:32.342+0000][gc,task     ] GC(492) Using 8 workers of 8 for evacuation
[2026-01-16T08:51:33.411+0000][gc,mmu      ] GC(492) MMU target violated: 201.0ms (200.0ms/201.0ms)
[2026-01-16T08:51:33.412+0000][gc,phases   ] GC(492)   Pre Evacuate Collection Set: 35.8ms
[2026-01-16T08:51:33.413+0000][gc,phases   ] GC(492)   Merge Heap Roots: 13.6ms
[2026-01-16T08:51:33.413+0000][gc,phases   ] GC(492)   Evacuate Collection Set: 987.7ms
[2026-01-16T08:51:33.413+0000][gc,phases   ] GC(492)   Post Evacuate Collection Set: 29.9ms
[2026-01-16T08:51:33.413+0000][gc,phases   ] GC(492)   Other: 3.1ms
[2026-01-16T08:51:33.413+0000][gc,heap     ] GC(492) Eden regions: 48->0(47)
[2026-01-16T08:51:33.414+0000][gc,heap     ] GC(492) Survivor regions: 3->4(7)
[2026-01-16T08:51:33.414+0000][gc,heap     ] GC(492) Old regions: 208->208
[2026-01-16T08:51:33.414+0000][gc,heap     ] GC(492) Humongous regions: 92->92
[2026-01-16T08:51:33.415+0000][gc,metaspace] GC(492) Metaspace: 12446K(12928K)->12446K(12928K) NonClass: 11350K(11584K)->11350K(11584K) Class: 1095K(1344K)->1095K(1344K)
[2026-01-16T08:51:33.417+0000][gc          ] GC(492) Pause Young (Normal) (G1 Evacuation Pause) 349M->302M(1024M) 1080.608ms
[2026-01-16T08:51:33.419+0000][gc,cpu      ] GC(492) User=0.36s Sys=0.03s Real=1.08s
[2026-01-16T08:51:37.403+0000][gc,start    ] GC(493) Pause Young (Normal) (G1 Evacuation Pause)
[2026-01-16T08:51:37.407+0000][gc,task     ] GC(493) Using 8 workers of 8 for evacuation
[2026-01-16T08:51:37.627+0000][gc,mmu      ] GC(493) MMU target violated: 201.0ms (200.0ms/201.0ms)
[2026-01-16T08:51:37.627+0000][gc,phases   ] GC(493)   Pre Evacuate Collection Set: 43.2ms
[2026-01-16T08:51:37.628+0000][gc,phases   ] GC(493)   Merge Heap Roots: 4.7ms
[2026-01-16T08:51:37.628+0000][gc,phases   ] GC(493)   Evacuate Collection Set: 158.5ms
[2026-01-16T08:51:37.629+0000][gc,phases   ] GC(493)   Post Evacuate Collection Set: 10.6ms
[2026-01-16T08:51:37.629+0000][gc,phases   ] GC(493)   Other: 5.4ms
[2026-01-16T08:51:37.629+0000][gc,heap     ] GC(493) Eden regions: 47->0(47)
[2026-01-16T08:51:37.630+0000][gc,heap     ] GC(493) Survivor regions: 4->4(7)
[2026-01-16T08:51:37.630+0000][gc,heap     ] GC(493) Old regions: 208->208
[2026-01-16T08:51:37.630+0000][gc,heap     ] GC(493) Humongous regions: 92->92
[2026-01-16T08:51:37.631+0000][gc,metaspace] GC(493) Metaspace: 12448K(12928K)->12448K(12928K) NonClass: 11353K(11584K)->11353K(11584K) Class: 1095K(1344K)->1095K(1344K)
[2026-01-16T08:51:37.632+0000][gc          ] GC(493) Pause Young (Normal) (G1 Evacuation Pause) 349M->303M(1024M) 228.750ms
[2026-01-16T08:51:37.632+0000][gc,cpu      ] GC(493) User=0.21s Sys=0.01s Real=0.23s
[2026-01-16T08:51:39.543+0000][gc,start    ] GC(494) Pause Young (Normal) (G1 Evacuation Pause)
[2026-01-16T08:51:39.549+0000][gc,task     ] GC(494) Using 8 workers of 8 for evacuation
[2026-01-16T08:51:39.710+0000][gc,phases   ] GC(494)   Pre Evacuate Collection Set: 13.2ms
[2026-01-16T08:51:39.711+0000][gc,phases   ] GC(494)   Merge Heap Roots: 1.5ms
[2026-01-16T08:51:39.713+0000][gc,phases   ] GC(494)   Evacuate Collection Set: 132.8ms
[2026-01-16T08:51:39.713+0000][gc,phases   ] GC(494)   Post Evacuate Collection Set: 11.3ms
[2026-01-16T08:51:39.713+0000][gc,phases   ] GC(494)   Other: 2.1ms
[2026-01-16T08:51:39.713+0000][gc,heap     ] GC(494) Eden regions: 47->0(48)
[2026-01-16T08:51:39.714+0000][gc,heap     ] GC(494) Survivor regions: 4->3(7)
[2026-01-16T08:51:39.715+0000][gc,heap     ] GC(494) Old regions: 208->208
[2026-01-16T08:51:39.716+0000][gc,heap     ] GC(494) Humongous regions: 92->92
[2026-01-16T08:51:39.716+0000][gc,metaspace] GC(494) Metaspace: 12448K(12928K)->12448K(12928K) NonClass: 11353K(11584K)->11353K(11584K) Class: 1095K(1344K)->1095K(1344K)
[2026-01-16T08:51:39.718+0000][gc          ] GC(494) Pause Young (Normal) (G1 Evacuation Pause) 350M->302M(1024M) 174.903ms
[2026-01-16T08:51:39.719+0000][gc,cpu      ] GC(494) User=0.09s Sys=0.01s Real=0.17s
[2026-01-16T08:51:42.217+0000][gc,start    ] GC(495) Pause Young (Normal) (G1 Evacuation Pause)
[2026-01-16T08:51:42.220+0000][gc,task     ] GC(495) Using 8 workers of 8 for evacuation
[2026-01-16T08:51:42.380+0000][gc,phases   ] GC(495)   Pre Evacuate Collection Set: 15.9ms
[2026-01-16T08:51:42.381+0000][gc,phases   ] GC(495)   Merge Heap Roots: 1.5ms
[2026-01-16T08:51:42.382+0000][gc,phases   ] GC(495)   Evacuate Collection Set: 136.0ms
[2026-01-16T08:51:42.382+0000][gc,phases   ] GC(495)   Post Evacuate Collection Set: 6.0ms
[2026-01-16T08:51:42.382+0000][gc,phases   ] GC(495)   Other: 2.3ms
[2026-01-16T08:51:42.382+0000][gc,heap     ] GC(495) Eden regions: 48->0(47)
[2026-01-16T08:51:42.382+0000][gc,heap     ] GC(495) Survivor regions: 3->4(7)
[2026-01-16T08:51:42.382+0000][gc,heap     ] GC(495) Old regions: 208->208
[2026-01-16T08:51:42.382+0000][gc,heap     ] GC(495) Humongous regions: 92->92
[2026-01-16T08:51:42.383+0000][gc,metaspace] GC(495) Metaspace: 12448K(12928K)->12448K(12928K) NonClass: 11353K(11584K)->11353K(11584K) Class: 1095K(1344K)->1095K(1344K)
[2026-01-16T08:51:42.383+0000][gc          ] GC(495) Pause Young (Normal) (G1 Evacuation Pause) 350M->302M(1024M) 166.055ms
[2026-01-16T08:51:42.383+0000][gc,cpu      ] GC(495) User=0.13s Sys=0.00s Real=0.17s
[2026-01-16T08:51:45.127+0000][gc,start    ] GC(496) Pause Young (Normal) (G1 Evacuation Pause)
[2026-01-16T08:51:45.131+0000][gc,task     ] GC(496) Using 8 workers of 8 for evacuation
[2026-01-16T08:51:45.322+0000][gc,phases   ] GC(496)   Pre Evacuate Collection Set: 14.5ms
[2026-01-16T08:51:45.324+0000][gc,phases   ] GC(496)   Merge Heap Roots: 0.5ms
[2026-01-16T08:51:45.326+0000][gc,phases   ] GC(496)   Evacuate Collection Set: 152.3ms
[2026-01-16T08:51:45.333+0000][gc,phases   ] GC(496)   Post Evacuate Collection Set: 19.3ms
[2026-01-16T08:51:45.339+0000][gc,phases   ] GC(496)   Other: 5.3ms
[2026-01-16T08:51:45.340+0000][gc,heap     ] GC(496) Eden regions: 47->0(48)
[2026-01-16T08:51:45.343+0000][gc,heap     ] GC(496) Survivor regions: 4->3(7)
[2026-01-16T08:51:45.343+0000][gc,heap     ] GC(496) Old regions: 208->208
[2026-01-16T08:51:45.343+0000][gc,heap     ] GC(496) Humongous regions: 92->92
[2026-01-16T08:51:45.345+0000][gc,metaspace] GC(496) Metaspace: 12448K(12928K)->12448K(12928K) NonClass: 11353K(11584K)->11353K(11584K) Class: 1095K(1344K)->1095K(1344K)
[2026-01-16T08:51:45.345+0000][gc          ] GC(496) Pause Young (Normal) (G1 Evacuation Pause) 349M->301M(1024M) 217.830ms
[2026-01-16T08:51:45.348+0000][gc,cpu      ] GC(496) User=0.09s Sys=0.02s Real=0.22s
[2026-01-16T08:51:47.364+0000][gc,start    ] GC(497) Pause Young (Normal) (G1 Evacuation Pause)
[2026-01-16T08:51:47.375+0000][gc,task     ] GC(497) Using 8 workers of 8 for evacuation
[2026-01-16T08:51:47.680+0000][gc,mmu      ] GC(497) MMU target violated: 201.0ms (200.0ms/201.0ms)
[2026-01-16T08:51:47.708+0000][gc,phases   ] GC(497)   Pre Evacuate Collection Set: 36.1ms
[2026-01-16T08:51:47.709+0000][gc,phases   ] GC(497)   Merge Heap Roots: 0.9ms
[2026-01-16T08:51:47.710+0000][gc,phases   ] GC(497)   Evacuate Collection Set: 258.7ms
[2026-01-16T08:51:47.711+0000][gc,phases   ] GC(497)   Post Evacuate Collection Set: 8.5ms
[2026-01-16T08:51:47.715+0000][gc,phases   ] GC(497)   Other: 29.0ms
[2026-01-16T08:51:47.716+0000][gc,heap     ] GC(497) Eden regions: 48->0(48)
[2026-01-16T08:51:47.716+0000][gc,heap     ] GC(497) Survivor regions: 3->3(7)
[2026-01-16T08:51:47.717+0000][gc,heap     ] GC(497) Old regions: 208->208
[2026-01-16T08:51:47.717+0000][gc,heap     ] GC(497) Humongous regions: 92->92
[2026-01-16T08:51:47.718+0000][gc,metaspace] GC(497) Metaspace: 12448K(12928K)->12448K(12928K) NonClass: 11353K(11584K)->11353K(11584K) Class: 1095K(1344K)->1095K(1344K)
[2026-01-16T08:51:47.731+0000][gc          ] GC(497) Pause Young (Normal) (G1 Evacuation Pause) 349M->302M(1024M) 366.976ms
[2026-01-16T08:51:47.733+0000][gc,cpu      ] GC(497) User=0.20s Sys=0.01s Real=0.37s
[2026-01-16T08:51:50.397+0000][gc,start    ] GC(498) Pause Young (Normal) (G1 Evacuation Pause)
[2026-01-16T08:51:50.398+0000][gc,task     ] GC(498) Using 8 workers of 8 for evacuation
[2026-01-16T08:51:50.513+0000][gc,phases   ] GC(498)   Pre Evacuate Collection Set: 9.0ms
[2026-01-16T08:51:50.513+0000][gc,phases   ] GC(498)   Merge Heap Roots: 0.8ms
[2026-01-16T08:51:50.514+0000][gc,phases   ] GC(498)   Evacuate Collection Set: 98.0ms
[2026-01-16T08:51:50.514+0000][gc,phases   ] GC(498)   Post Evacuate Collection Set: 5.6ms
[2026-01-16T08:51:50.515+0000][gc,phases   ] GC(498)   Other: 1.3ms
[2026-01-16T08:51:50.515+0000][gc,heap     ] GC(498) Eden regions: 48->0(48)
[2026-01-16T08:51:50.516+0000][gc,heap     ] GC(498) Survivor regions: 3->3(7)
[2026-01-16T08:51:50.516+0000][gc,heap     ] GC(498) Old regions: 208->208
[2026-01-16T08:51:50.517+0000][gc,heap     ] GC(498) Humongous regions: 92->92
[2026-01-16T08:51:50.517+0000][gc,metaspace] GC(498) Metaspace: 12448K(12928K)->12448K(12928K) NonClass: 11353K(11584K)->11353K(11584K) Class: 1095K(1344K)->1095K(1344K)
[2026-01-16T08:51:50.518+0000][gc          ] GC(498) Pause Young (Normal) (G1 Evacuation Pause) 350M->302M(1024M) 121.164ms
[2026-01-16T08:51:50.525+0000][gc,cpu      ] GC(498) User=0.08s Sys=0.01s Real=0.13s
[2026-01-16T08:52:24.879+0000][gc,start    ] GC(499) Pause Young (Normal) (G1 Evacuation Pause)
[2026-01-16T08:52:26.812+0000][gc,task     ] GC(499) Using 8 workers of 8 for evacuation
[2026-01-16T08:53:45.385+0000][gc,mmu      ] GC(499) MMU target violated: 201.0ms (200.0ms/201.0ms)
[2026-01-16T08:53:45.415+0000][gc,phases   ] GC(499)   Pre Evacuate Collection Set: 38.9ms
[2026-01-16T08:53:45.442+0000][gc,phases   ] GC(499)   Merge Heap Roots: 2.3ms
[2026-01-16T08:53:45.443+0000][gc,phases   ] GC(499)   Evacuate Collection Set: 15605.7ms
[2026-01-16T08:53:45.445+0000][gc,phases   ] GC(499)   Post Evacuate Collection Set: 1078.5ms
[2026-01-16T08:53:45.448+0000][gc,phases   ] GC(499)   Other: 211.9ms
[2026-01-16T08:53:45.466+0000][gc,heap     ] GC(499) Eden regions: 48->0(49)
[2026-01-16T08:53:45.472+0000][gc,heap     ] GC(499) Survivor regions: 3->2(7)
[2026-01-16T08:53:45.474+0000][gc,heap     ] GC(499) Old regions: 208->209
[2026-01-16T08:53:45.477+0000][gc,heap     ] GC(499) Humongous regions: 92->92
[2026-01-16T08:53:45.479+0000][gc,metaspace] GC(499) Metaspace: 12448K(12928K)->12448K(12928K) NonClass: 11353K(11584K)->11353K(11584K) Class: 1095K(1344K)->1095K(1344K)
[2026-01-16T08:53:45.512+0000][gc          ] GC(499) Pause Young (Normal) (G1 Evacuation Pause) 350M->302M(1024M) 18955.164ms
[2026-01-16T08:53:45.516+0000][gc,cpu      ] GC(499) User=4.15s Sys=0.64s Real=18.96s
[2026-01-16T08:54:12.546+0000][gc,start    ] GC(500) Pause Young (Normal) (G1 Evacuation Pause)
[2026-01-16T08:54:12.702+0000][gc,task     ] GC(500) Using 8 workers of 8 for evacuation
[2026-01-16T08:54:13.577+0000][gc,mmu      ] GC(500) MMU target violated: 201.0ms (200.0ms/201.0ms)
[2026-01-16T08:54:13.578+0000][gc,phases   ] GC(500)   Pre Evacuate Collection Set: 185.9ms
[2026-01-16T08:54:13.578+0000][gc,phases   ] GC(500)   Merge Heap Roots: 32.0ms
[2026-01-16T08:54:13.581+0000][gc,phases   ] GC(500)   Evacuate Collection Set: 618.7ms
[2026-01-16T08:54:13.583+0000][gc,phases   ] GC(500)   Post Evacuate Collection Set: 32.0ms
[2026-01-16T08:54:13.584+0000][gc,phases   ] GC(500)   Other: 30.6ms
[2026-01-16T08:54:13.586+0000][gc,heap     ] GC(500) Eden regions: 49->0(48)
[2026-01-16T08:54:13.586+0000][gc,heap     ] GC(500) Survivor regions: 2->3(7)
[2026-01-16T08:54:13.592+0000][gc,heap     ] GC(500) Old regions: 209->209
[2026-01-16T08:54:13.594+0000][gc,heap     ] GC(500) Humongous regions: 92->92
[2026-01-16T08:54:13.597+0000][gc,metaspace] GC(500) Metaspace: 12453K(12928K)->12453K(12928K) NonClass: 11358K(11584K)->11358K(11584K) Class: 1095K(1344K)->1095K(1344K)
[2026-01-16T08:54:13.602+0000][gc          ] GC(500) Pause Young (Normal) (G1 Evacuation Pause) 351M->302M(1024M) 1056.241ms
[2026-01-16T08:54:13.605+0000][gc,cpu      ] GC(500) User=0.59s Sys=0.09s Real=1.06s
[2026-01-16T08:54:20.071+0000][gc,start    ] GC(501) Pause Young (Normal) (G1 Evacuation Pause)
[2026-01-16T08:54:20.098+0000][gc,task     ] GC(501) Using 8 workers of 8 for evacuation
[2026-01-16T08:54:20.894+0000][gc,mmu      ] GC(501) MMU target violated: 201.0ms (200.0ms/201.0ms)
[2026-01-16T08:54:20.899+0000][gc,phases   ] GC(501)   Pre Evacuate Collection Set: 43.3ms
[2026-01-16T08:54:20.900+0000][gc,phases   ] GC(501)   Merge Heap Roots: 8.3ms
[2026-01-16T08:54:20.900+0000][gc,phases   ] GC(501)   Evacuate Collection Set: 703.3ms
[2026-01-16T08:54:20.900+0000][gc,phases   ] GC(501)   Post Evacuate Collection Set: 29.5ms
[2026-01-16T08:54:20.901+0000][gc,phases   ] GC(501)   Other: 16.5ms
[2026-01-16T08:54:20.901+0000][gc,heap     ] GC(501) Eden regions: 48->0(48)
[2026-01-16T08:54:20.915+0000][gc,heap     ] GC(501) Survivor regions: 3->3(7)
[2026-01-16T08:54:20.916+0000][gc,heap     ] GC(501) Old regions: 209->210
[2026-01-16T08:54:20.916+0000][gc,heap     ] GC(501) Humongous regions: 92->92
[2026-01-16T08:54:20.917+0000][gc,metaspace] GC(501) Metaspace: 12465K(12928K)->12465K(12928K) NonClass: 11370K(11584K)->11370K(11584K) Class: 1095K(1344K)->1095K(1344K)
[2026-01-16T08:54:20.918+0000][gc          ] GC(501) Pause Young (Normal) (G1 Evacuation Pause) 350M->303M(1024M) 846.772ms
[2026-01-16T08:54:20.918+0000][gc,cpu      ] GC(501) User=0.51s Sys=0.06s Real=0.85s
[2026-01-16T08:54:28.299+0000][gc,start    ] GC(502) Pause Young (Normal) (G1 Evacuation Pause)
[2026-01-16T08:54:28.312+0000][gc,task     ] GC(502) Using 8 workers of 8 for evacuation
[2026-01-16T08:54:29.532+0000][gc,mmu      ] GC(502) MMU target violated: 201.0ms (200.0ms/201.0ms)
[2026-01-16T08:54:29.538+0000][gc,phases   ] GC(502)   Pre Evacuate Collection Set: 63.9ms
[2026-01-16T08:54:29.545+0000][gc,phases   ] GC(502)   Merge Heap Roots: 30.8ms
[2026-01-16T08:54:29.547+0000][gc,phases   ] GC(502)   Evacuate Collection Set: 1019.8ms
[2026-01-16T08:54:29.548+0000][gc,phases   ] GC(502)   Post Evacuate Collection Set: 91.8ms
[2026-01-16T08:54:29.558+0000][gc,phases   ] GC(502)   Other: 20.7ms
[2026-01-16T08:54:29.561+0000][gc,heap     ] GC(502) Eden regions: 48->0(48)
[2026-01-16T08:54:29.562+0000][gc,heap     ] GC(502) Survivor regions: 3->3(7)
[2026-01-16T08:54:29.564+0000][gc,heap     ] GC(502) Old regions: 210->210
[2026-01-16T08:54:29.566+0000][gc,heap     ] GC(502) Humongous regions: 92->92
[2026-01-16T08:54:29.567+0000][gc,metaspace] GC(502) Metaspace: 12465K(12928K)->12465K(12928K) NonClass: 11370K(11584K)->11370K(11584K) Class: 1095K(1344K)->1095K(1344K)
[2026-01-16T08:54:29.569+0000][gc          ] GC(502) Pause Young (Normal) (G1 Evacuation Pause) 351M->304M(1024M) 1272.750ms
[2026-01-16T08:54:29.572+0000][gc,cpu      ] GC(502) User=0.68s Sys=0.07s Real=1.28s
[2026-01-16T08:54:34.560+0000][gc,start    ] GC(503) Pause Young (Normal) (G1 Evacuation Pause)
[2026-01-16T08:54:34.565+0000][gc,task     ] GC(503) Using 8 workers of 8 for evacuation
[2026-01-16T08:54:35.028+0000][gc,mmu      ] GC(503) MMU target violated: 201.0ms (200.0ms/201.0ms)
[2026-01-16T08:54:35.028+0000][gc,phases   ] GC(503)   Pre Evacuate Collection Set: 27.5ms
[2026-01-16T08:54:35.031+0000][gc,phases   ] GC(503)   Merge Heap Roots: 10.6ms
[2026-01-16T08:54:35.032+0000][gc,phases   ] GC(503)   Evacuate Collection Set: 391.1ms
[2026-01-16T08:54:35.045+0000][gc,phases   ] GC(503)   Post Evacuate Collection Set: 31.3ms
[2026-01-16T08:54:35.046+0000][gc,phases   ] GC(503)   Other: 2.1ms
[2026-01-16T08:54:35.049+0000][gc,heap     ] GC(503) Eden regions: 48->0(47)
[2026-01-16T08:54:35.064+0000][gc,heap     ] GC(503) Survivor regions: 3->4(7)
[2026-01-16T08:54:35.071+0000][gc,heap     ] GC(503) Old regions: 210->210
[2026-01-16T08:54:35.077+0000][gc,heap     ] GC(503) Humongous regions: 92->92
[2026-01-16T08:54:35.085+0000][gc,metaspace] GC(503) Metaspace: 12467K(12928K)->12467K(12928K) NonClass: 11372K(11584K)->11372K(11584K) Class: 1095K(1344K)->1095K(1344K)
[2026-01-16T08:54:35.088+0000][gc          ] GC(503) Pause Young (Normal) (G1 Evacuation Pause) 352M->305M(1024M) 527.391ms
[2026-01-16T08:54:35.088+0000][gc,cpu      ] GC(503) User=0.26s Sys=0.02s Real=0.52s
[2026-01-16T08:54:38.896+0000][gc,start    ] GC(504) Pause Young (Normal) (G1 Evacuation Pause)
[2026-01-16T08:54:38.909+0000][gc,task     ] GC(504) Using 8 workers of 8 for evacuation
[2026-01-16T08:54:39.568+0000][gc,mmu      ] GC(504) MMU target violated: 201.0ms (200.0ms/201.0ms)
[2026-01-16T08:54:39.572+0000][gc,phases   ] GC(504)   Pre Evacuate Collection Set: 42.0ms
[2026-01-16T08:54:39.572+0000][gc,phases   ] GC(504)   Merge Heap Roots: 19.9ms
[2026-01-16T08:54:39.572+0000][gc,phases   ] GC(504)   Evacuate Collection Set: 562.9ms
[2026-01-16T08:54:39.574+0000][gc,phases   ] GC(504)   Post Evacuate Collection Set: 28.3ms
[2026-01-16T08:54:39.581+0000][gc,phases   ] GC(504)   Other: 15.8ms
[2026-01-16T08:54:39.581+0000][gc,heap     ] GC(504) Eden regions: 47->0(46)
[2026-01-16T08:54:39.582+0000][gc,heap     ] GC(504) Survivor regions: 4->5(7)
[2026-01-16T08:54:39.582+0000][gc,heap     ] GC(504) Old regions: 210->210
[2026-01-16T08:54:39.582+0000][gc,heap     ] GC(504) Humongous regions: 92->92
[2026-01-16T08:54:39.585+0000][gc,metaspace] GC(504) Metaspace: 12468K(12928K)->12468K(12928K) NonClass: 11373K(11584K)->11373K(11584K) Class: 1095K(1344K)->1095K(1344K)
[2026-01-16T08:54:39.586+0000][gc          ] GC(504) Pause Young (Normal) (G1 Evacuation Pause) 352M->305M(1024M) 689.456ms
[2026-01-16T08:54:39.588+0000][gc,cpu      ] GC(504) User=0.33s Sys=0.03s Real=0.69s
[2026-01-16T08:54:43.771+0000][gc,start    ] GC(505) Pause Young (Normal) (G1 Evacuation Pause)
[2026-01-16T08:54:43.787+0000][gc,task     ] GC(505) Using 8 workers of 8 for evacuation
[2026-01-16T08:54:44.505+0000][gc,mmu      ] GC(505) MMU target violated: 201.0ms (200.0ms/201.0ms)
[2026-01-16T08:54:44.505+0000][gc,phases   ] GC(505)   Pre Evacuate Collection Set: 62.1ms
[2026-01-16T08:54:44.505+0000][gc,phases   ] GC(505)   Merge Heap Roots: 55.0ms
[2026-01-16T08:54:44.505+0000][gc,phases   ] GC(505)   Evacuate Collection Set: 549.1ms
[2026-01-16T08:54:44.505+0000][gc,phases   ] GC(505)   Post Evacuate Collection Set: 18.1ms
[2026-01-16T08:54:44.505+0000][gc,phases   ] GC(505)   Other: 33.6ms
[2026-01-16T08:54:44.506+0000][gc,heap     ] GC(505) Eden regions: 46->0(46)
[2026-01-16T08:54:44.506+0000][gc,heap     ] GC(505) Survivor regions: 5->5(7)
[2026-01-16T08:54:44.506+0000][gc,heap     ] GC(505) Old regions: 210->211
[2026-01-16T08:54:44.506+0000][gc,heap     ] GC(505) Humongous regions: 92->92
[2026-01-16T08:54:44.506+0000][gc,metaspace] GC(505) Metaspace: 12470K(12928K)->12470K(12928K) NonClass: 11375K(11584K)->11375K(11584K) Class: 1095K(1344K)->1095K(1344K)
[2026-01-16T08:54:44.506+0000][gc          ] GC(505) Pause Young (Normal) (G1 Evacuation Pause) 351M->306M(1024M) 735.191ms
[2026-01-16T08:54:44.506+0000][gc,cpu      ] GC(505) User=0.35s Sys=0.05s Real=0.73s
[2026-01-16T08:54:47.297+0000][gc,start    ] GC(506) Pause Young (Normal) (G1 Evacuation Pause)
[2026-01-16T08:54:47.322+0000][gc,task     ] GC(506) Using 8 workers of 8 for evacuation
[2026-01-16T08:54:47.636+0000][gc,mmu      ] GC(506) MMU target violated: 201.0ms (200.0ms/201.0ms)
[2026-01-16T08:54:47.641+0000][gc,phases   ] GC(506)   Pre Evacuate Collection Set: 48.4ms
[2026-01-16T08:54:47.642+0000][gc,phases   ] GC(506)   Merge Heap Roots: 0.6ms
[2026-01-16T08:54:47.642+0000][gc,phases   ] GC(506)   Evacuate Collection Set: 252.4ms
[2026-01-16T08:54:47.643+0000][gc,phases   ] GC(506)   Post Evacuate Collection Set: 10.5ms
[2026-01-16T08:54:47.644+0000][gc,phases   ] GC(506)   Other: 8.0ms
[2026-01-16T08:54:47.645+0000][gc,heap     ] GC(506) Eden regions: 46->0(46)
[2026-01-16T08:54:47.648+0000][gc,heap     ] GC(506) Survivor regions: 5->5(7)
[2026-01-16T08:54:47.656+0000][gc,heap     ] GC(506) Old regions: 211->211
[2026-01-16T08:54:47.657+0000][gc,heap     ] GC(506) Humongous regions: 92->92
[2026-01-16T08:54:47.658+0000][gc,metaspace] GC(506) Metaspace: 12471K(12928K)->12471K(12928K) NonClass: 11376K(11584K)->11376K(11584K) Class: 1095K(1344K)->1095K(1344K)
[2026-01-16T08:54:47.660+0000][gc          ] GC(506) Pause Young (Normal) (G1 Evacuation Pause) 352M->307M(1024M) 362.895ms
[2026-01-16T08:54:47.661+0000][gc,cpu      ] GC(506) User=0.24s Sys=0.02s Real=0.37s
[2026-01-16T08:54:49.402+0000][gc,start    ] GC(507) Pause Young (Normal) (G1 Evacuation Pause)
[2026-01-16T08:54:49.413+0000][gc,task     ] GC(507) Using 8 workers of 8 for evacuation
[2026-01-16T08:54:49.731+0000][gc,mmu      ] GC(507) MMU target violated: 201.0ms (200.0ms/201.0ms)
[2026-01-16T08:54:49.733+0000][gc,phases   ] GC(507)   Pre Evacuate Collection Set: 24.1ms
[2026-01-16T08:54:49.733+0000][gc,phases   ] GC(507)   Merge Heap Roots: 0.7ms
[2026-01-16T08:54:49.733+0000][gc,phases   ] GC(507)   Evacuate Collection Set: 267.6ms
[2026-01-16T08:54:49.734+0000][gc,phases   ] GC(507)   Post Evacuate Collection Set: 8.6ms
[2026-01-16T08:54:49.734+0000][gc,phases   ] GC(507)   Other: 18.6ms
[2026-01-16T08:54:49.735+0000][gc,heap     ] GC(507) Eden regions: 46->0(47)
[2026-01-16T08:54:49.735+0000][gc,heap     ] GC(507) Survivor regions: 5->4(7)
[2026-01-16T08:54:49.735+0000][gc,heap     ] GC(507) Old regions: 211->213
[2026-01-16T08:54:49.737+0000][gc,heap     ] GC(507) Humongous regions: 92->92
[2026-01-16T08:54:49.737+0000][gc,metaspace] GC(507) Metaspace: 12471K(12928K)->12471K(12928K) NonClass: 11376K(11584K)->11376K(11584K) Class: 1095K(1344K)->1095K(1344K)
[2026-01-16T08:54:49.737+0000][gc          ] GC(507) Pause Young (Normal) (G1 Evacuation Pause) 353M->307M(1024M) 335.131ms
[2026-01-16T08:54:49.738+0000][gc,cpu      ] GC(507) User=0.10s Sys=0.03s Real=0.33s
[2026-01-16T08:54:50.429+0000][gc,start    ] GC(508) Pause Young (Normal) (G1 Evacuation Pause)
[2026-01-16T08:54:50.431+0000][gc,task     ] GC(508) Using 8 workers of 8 for evacuation
[2026-01-16T08:54:50.618+0000][gc,phases   ] GC(508)   Pre Evacuate Collection Set: 0.5ms
[2026-01-16T08:54:50.619+0000][gc,phases   ] GC(508)   Merge Heap Roots: 0.2ms
[2026-01-16T08:54:50.622+0000][gc,phases   ] GC(508)   Evacuate Collection Set: 176.7ms
[2026-01-16T08:54:50.622+0000][gc,phases   ] GC(508)   Post Evacuate Collection Set: 1.2ms
[2026-01-16T08:54:50.623+0000][gc,phases   ] GC(508)   Other: 7.6ms
[2026-01-16T08:54:50.623+0000][gc,heap     ] GC(508) Eden regions: 47->0(46)
[2026-01-16T08:54:50.624+0000][gc,heap     ] GC(508) Survivor regions: 4->5(7)
[2026-01-16T08:54:50.624+0000][gc,heap     ] GC(508) Old regions: 213->213
[2026-01-16T08:54:50.624+0000][gc,heap     ] GC(508) Humongous regions: 92->92
[2026-01-16T08:54:50.625+0000][gc,metaspace] GC(508) Metaspace: 12471K(12928K)->12471K(12928K) NonClass: 11376K(11584K)->11376K(11584K) Class: 1095K(1344K)->1095K(1344K)
[2026-01-16T08:54:50.625+0000][gc          ] GC(508) Pause Young (Normal) (G1 Evacuation Pause) 354M->308M(1024M) 195.856ms
[2026-01-16T08:54:50.625+0000][gc,cpu      ] GC(508) User=0.08s Sys=0.01s Real=0.19s
[2026-01-16T08:54:51.592+0000][gc,start    ] GC(509) Pause Young (Normal) (G1 Evacuation Pause)
[2026-01-16T08:54:51.595+0000][gc,task     ] GC(509) Using 8 workers of 8 for evacuation
[2026-01-16T08:54:51.761+0000][gc,phases   ] GC(509)   Pre Evacuate Collection Set: 23.8ms
[2026-01-16T08:54:51.825+0000][gc,phases   ] GC(509)   Merge Heap Roots: 11.8ms
[2026-01-16T08:54:51.827+0000][gc,phases   ] GC(509)   Evacuate Collection Set: 103.2ms
[2026-01-16T08:54:51.828+0000][gc,phases   ] GC(509)   Post Evacuate Collection Set: 8.2ms
[2026-01-16T08:54:51.829+0000][gc,phases   ] GC(509)   Other: 19.7ms
[2026-01-16T08:54:51.830+0000][gc,heap     ] GC(509) Eden regions: 46->0(47)
[2026-01-16T08:54:51.831+0000][gc,heap     ] GC(509) Survivor regions: 5->4(7)
[2026-01-16T08:54:51.831+0000][gc,heap     ] GC(509) Old regions: 213->213
[2026-01-16T08:54:51.832+0000][gc,heap     ] GC(509) Humongous regions: 92->92
[2026-01-16T08:54:51.835+0000][gc,metaspace] GC(509) Metaspace: 12471K(12928K)->12471K(12928K) NonClass: 11376K(11584K)->11376K(11584K) Class: 1095K(1344K)->1095K(1344K)
[2026-01-16T08:54:51.837+0000][gc          ] GC(509) Pause Young (Normal) (G1 Evacuation Pause) 354M->308M(1024M) 244.479ms
[2026-01-16T08:54:51.838+0000][gc,cpu      ] GC(509) User=0.08s Sys=0.01s Real=0.24s
[2026-01-16T08:54:52.922+0000][gc,start    ] GC(510) Pause Young (Normal) (G1 Evacuation Pause)
[2026-01-16T08:54:52.936+0000][gc,task     ] GC(510) Using 8 workers of 8 for evacuation
[2026-01-16T08:54:53.218+0000][gc,mmu      ] GC(510) MMU target violated: 201.0ms (200.0ms/201.0ms)
[2026-01-16T08:54:53.220+0000][gc,phases   ] GC(510)   Pre Evacuate Collection Set: 14.9ms
[2026-01-16T08:54:53.220+0000][gc,phases   ] GC(510)   Merge Heap Roots: 4.9ms
[2026-01-16T08:54:53.220+0000][gc,phases   ] GC(510)   Evacuate Collection Set: 250.4ms
[2026-01-16T08:54:53.221+0000][gc,phases   ] GC(510)   Post Evacuate Collection Set: 6.9ms
[2026-01-16T08:54:53.222+0000][gc,phases   ] GC(510)   Other: 7.0ms
[2026-01-16T08:54:53.224+0000][gc,heap     ] GC(510) Eden regions: 47->0(47)
[2026-01-16T08:54:53.224+0000][gc,heap     ] GC(510) Survivor regions: 4->4(7)
[2026-01-16T08:54:53.225+0000][gc,heap     ] GC(510) Old regions: 213->214
[2026-01-16T08:54:53.225+0000][gc,heap     ] GC(510) Humongous regions: 92->92
[2026-01-16T08:54:53.238+0000][gc,metaspace] GC(510) Metaspace: 12471K(12928K)->12471K(12928K) NonClass: 11376K(11584K)->11376K(11584K) Class: 1095K(1344K)->1095K(1344K)
[2026-01-16T08:54:53.239+0000][gc          ] GC(510) Pause Young (Normal) (G1 Evacuation Pause) 355M->309M(1024M) 317.779ms
[2026-01-16T08:54:53.243+0000][gc,cpu      ] GC(510) User=0.11s Sys=0.03s Real=0.32s
[2026-01-16T08:54:55.991+0000][gc,start    ] GC(511) Pause Young (Normal) (G1 Evacuation Pause)
[2026-01-16T08:54:56.021+0000][gc,task     ] GC(511) Using 8 workers of 8 for evacuation
[2026-01-16T08:54:56.311+0000][gc,mmu      ] GC(511) MMU target violated: 201.0ms (200.0ms/201.0ms)
[2026-01-16T08:54:56.313+0000][gc,phases   ] GC(511)   Pre Evacuate Collection Set: 22.1ms
[2026-01-16T08:54:56.314+0000][gc,phases   ] GC(511)   Merge Heap Roots: 2.8ms
[2026-01-16T08:54:56.314+0000][gc,phases   ] GC(511)   Evacuate Collection Set: 257.2ms
[2026-01-16T08:54:56.314+0000][gc,phases   ] GC(511)   Post Evacuate Collection Set: 4.8ms
[2026-01-16T08:54:56.314+0000][gc,phases   ] GC(511)   Other: 5.9ms
[2026-01-16T08:54:56.315+0000][gc,heap     ] GC(511) Eden regions: 47->0(46)
[2026-01-16T08:54:56.315+0000][gc,heap     ] GC(511) Survivor regions: 4->5(7)
[2026-01-16T08:54:56.316+0000][gc,heap     ] GC(511) Old regions: 214->214
[2026-01-16T08:54:56.317+0000][gc,heap     ] GC(511) Humongous regions: 92->92
[2026-01-16T08:54:56.317+0000][gc,metaspace] GC(511) Metaspace: 12472K(12928K)->12472K(12928K) NonClass: 11376K(11584K)->11376K(11584K) Class: 1095K(1344K)->1095K(1344K)
[2026-01-16T08:54:56.320+0000][gc          ] GC(511) Pause Young (Normal) (G1 Evacuation Pause) 356M->310M(1024M) 329.608ms
[2026-01-16T08:54:56.327+0000][gc,cpu      ] GC(511) User=0.14s Sys=0.01s Real=0.33s
[2026-01-16T08:54:58.041+0000][gc,start    ] GC(512) Pause Young (Normal) (G1 Evacuation Pause)
[2026-01-16T08:54:58.042+0000][gc,task     ] GC(512) Using 8 workers of 8 for evacuation
[2026-01-16T08:54:58.365+0000][gc,mmu      ] GC(512) MMU target violated: 201.0ms (200.0ms/201.0ms)
[2026-01-16T08:54:58.370+0000][gc,phases   ] GC(512)   Pre Evacuate Collection Set: 26.4ms
[2026-01-16T08:54:58.376+0000][gc,phases   ] GC(512)   Merge Heap Roots: 5.9ms
[2026-01-16T08:54:58.392+0000][gc,phases   ] GC(512)   Evacuate Collection Set: 250.8ms
[2026-01-16T08:54:58.394+0000][gc,phases   ] GC(512)   Post Evacuate Collection Set: 37.9ms
[2026-01-16T08:54:58.397+0000][gc,phases   ] GC(512)   Other: 4.4ms
[2026-01-16T08:54:58.399+0000][gc,heap     ] GC(512) Eden regions: 46->0(47)
[2026-01-16T08:54:58.401+0000][gc,heap     ] GC(512) Survivor regions: 5->4(7)
[2026-01-16T08:54:58.401+0000][gc,heap     ] GC(512) Old regions: 214->215
[2026-01-16T08:54:58.402+0000][gc,heap     ] GC(512) Humongous regions: 92->92
[2026-01-16T08:54:58.403+0000][gc,metaspace] GC(512) Metaspace: 12485K(12928K)->12485K(12928K) NonClass: 11390K(11584K)->11390K(11584K) Class: 1095K(1344K)->1095K(1344K)
[2026-01-16T08:54:58.408+0000][gc          ] GC(512) Pause Young (Normal) (G1 Evacuation Pause) 356M->310M(1024M) 366.382ms
[2026-01-16T08:54:58.426+0000][gc,cpu      ] GC(512) User=0.12s Sys=0.03s Real=0.38s
[2026-01-16T08:55:00.803+0000][gc,start    ] GC(513) Pause Young (Normal) (G1 Evacuation Pause)
[2026-01-16T08:55:00.811+0000][gc,task     ] GC(513) Using 8 workers of 8 for evacuation
[2026-01-16T08:55:01.256+0000][gc,mmu      ] GC(513) MMU target violated: 201.0ms (200.0ms/201.0ms)
[2026-01-16T08:55:01.268+0000][gc,phases   ] GC(513)   Pre Evacuate Collection Set: 21.4ms
[2026-01-16T08:55:01.278+0000][gc,phases   ] GC(513)   Merge Heap Roots: 0.7ms
[2026-01-16T08:55:01.285+0000][gc,phases   ] GC(513)   Evacuate Collection Set: 377.6ms
[2026-01-16T08:55:01.303+0000][gc,phases   ] GC(513)   Post Evacuate Collection Set: 38.3ms
[2026-01-16T08:55:01.309+0000][gc,phases   ] GC(513)   Other: 19.6ms
[2026-01-16T08:55:01.310+0000][gc,heap     ] GC(513) Eden regions: 47->0(46)
[2026-01-16T08:55:01.310+0000][gc,heap     ] GC(513) Survivor regions: 4->5(7)
[2026-01-16T08:55:01.310+0000][gc,heap     ] GC(513) Old regions: 215->215
[2026-01-16T08:55:01.310+0000][gc,heap     ] GC(513) Humongous regions: 92->92
[2026-01-16T08:55:01.310+0000][gc,metaspace] GC(513) Metaspace: 12485K(12928K)->12485K(12928K) NonClass: 11390K(11584K)->11390K(11584K) Class: 1095K(1344K)->1095K(1344K)
[2026-01-16T08:55:01.311+0000][gc          ] GC(513) Pause Young (Normal) (G1 Evacuation Pause) 357M->311M(1024M) 507.362ms
[2026-01-16T08:55:01.317+0000][gc,cpu      ] GC(513) User=0.15s Sys=0.01s Real=0.51s
[2026-01-16T08:55:03.244+0000][gc,start    ] GC(514) Pause Young (Normal) (G1 Evacuation Pause)
[2026-01-16T08:55:03.247+0000][gc,task     ] GC(514) Using 8 workers of 8 for evacuation
[2026-01-16T08:55:03.439+0000][gc,phases   ] GC(514)   Pre Evacuate Collection Set: 18.0ms
[2026-01-16T08:55:03.441+0000][gc,phases   ] GC(514)   Merge Heap Roots: 7.2ms
[2026-01-16T08:55:03.443+0000][gc,phases   ] GC(514)   Evacuate Collection Set: 155.0ms
[2026-01-16T08:55:03.447+0000][gc,phases   ] GC(514)   Post Evacuate Collection Set: 10.3ms
[2026-01-16T08:55:03.448+0000][gc,phases   ] GC(514)   Other: 1.3ms
[2026-01-16T08:55:03.448+0000][gc,heap     ] GC(514) Eden regions: 46->0(46)
[2026-01-16T08:55:03.449+0000][gc,heap     ] GC(514) Survivor regions: 5->5(7)
[2026-01-16T08:55:03.449+0000][gc,heap     ] GC(514) Old regions: 215->216
[2026-01-16T08:55:03.449+0000][gc,heap     ] GC(514) Humongous regions: 92->92
[2026-01-16T08:55:03.450+0000][gc,metaspace] GC(514) Metaspace: 12487K(12928K)->12487K(12928K) NonClass: 11392K(11584K)->11392K(11584K) Class: 1095K(1344K)->1095K(1344K)
[2026-01-16T08:55:03.451+0000][gc          ] GC(514) Pause Young (Normal) (G1 Evacuation Pause) 357M->312M(1024M) 204.005ms
[2026-01-16T08:55:03.451+0000][gc,cpu      ] GC(514) User=0.14s Sys=0.02s Real=0.20s
[2026-01-16T08:55:04.856+0000][gc,start    ] GC(515) Pause Young (Normal) (G1 Evacuation Pause)
[2026-01-16T08:55:04.856+0000][gc,task     ] GC(515) Using 8 workers of 8 for evacuation
[2026-01-16T08:55:05.078+0000][gc,mmu      ] GC(515) MMU target violated: 201.0ms (200.0ms/201.0ms)
[2026-01-16T08:55:05.082+0000][gc,phases   ] GC(515)   Pre Evacuate Collection Set: 2.9ms
[2026-01-16T08:55:05.084+0000][gc,phases   ] GC(515)   Merge Heap Roots: 0.8ms
[2026-01-16T08:55:05.086+0000][gc,phases   ] GC(515)   Evacuate Collection Set: 212.9ms
[2026-01-16T08:55:05.087+0000][gc,phases   ] GC(515)   Post Evacuate Collection Set: 3.1ms
[2026-01-16T08:55:05.088+0000][gc,phases   ] GC(515)   Other: 5.4ms
[2026-01-16T08:55:05.088+0000][gc,heap     ] GC(515) Eden regions: 46->0(46)
[2026-01-16T08:55:05.089+0000][gc,heap     ] GC(515) Survivor regions: 5->5(7)
[2026-01-16T08:55:05.090+0000][gc,heap     ] GC(515) Old regions: 216->217
[2026-01-16T08:55:05.090+0000][gc,heap     ] GC(515) Humongous regions: 92->92
[2026-01-16T08:55:05.091+0000][gc,metaspace] GC(515) Metaspace: 12487K(12928K)->12487K(12928K) NonClass: 11392K(11584K)->11392K(11584K) Class: 1095K(1344K)->1095K(1344K)
[2026-01-16T08:55:05.091+0000][gc          ] GC(515) Pause Young (Normal) (G1 Evacuation Pause) 358M->312M(1024M) 235.016ms
[2026-01-16T08:55:05.092+0000][gc,cpu      ] GC(515) User=0.11s Sys=0.00s Real=0.24s
[2026-01-16T08:55:06.057+0000][gc,start    ] GC(516) Pause Young (Normal) (G1 Evacuation Pause)
[2026-01-16T08:55:06.057+0000][gc,task     ] GC(516) Using 8 workers of 8 for evacuation
[2026-01-16T08:55:06.147+0000][gc,phases   ] GC(516)   Pre Evacuate Collection Set: 7.2ms
[2026-01-16T08:55:06.148+0000][gc,phases   ] GC(516)   Merge Heap Roots: 0.6ms
[2026-01-16T08:55:06.148+0000][gc,phases   ] GC(516)   Evacuate Collection Set: 71.2ms
[2026-01-16T08:55:06.148+0000][gc,phases   ] GC(516)   Post Evacuate Collection Set: 10.0ms
[2026-01-16T08:55:06.149+0000][gc,phases   ] GC(516)   Other: 1.0ms
[2026-01-16T08:55:06.149+0000][gc,heap     ] GC(516) Eden regions: 46->0(47)
[2026-01-16T08:55:06.149+0000][gc,heap     ] GC(516) Survivor regions: 5->4(7)
[2026-01-16T08:55:06.149+0000][gc,heap     ] GC(516) Old regions: 217->218
[2026-01-16T08:55:06.149+0000][gc,heap     ] GC(516) Humongous regions: 94->94
[2026-01-16T08:55:06.149+0000][gc,metaspace] GC(516) Metaspace: 12487K(12928K)->12487K(12928K) NonClass: 11392K(11584K)->11392K(11584K) Class: 1095K(1344K)->1095K(1344K)
[2026-01-16T08:55:06.150+0000][gc          ] GC(516) Pause Young (Normal) (G1 Evacuation Pause) 360M->315M(1024M) 92.873ms
[2026-01-16T08:55:06.151+0000][gc,cpu      ] GC(516) User=0.07s Sys=0.02s Real=0.09s
[2026-01-16T08:55:08.227+0000][gc,start    ] GC(517) Pause Young (Normal) (G1 Evacuation Pause)
[2026-01-16T08:55:08.230+0000][gc,task     ] GC(517) Using 8 workers of 8 for evacuation
[2026-01-16T08:55:08.533+0000][gc,mmu      ] GC(517) MMU target violated: 201.0ms (200.0ms/201.0ms)
[2026-01-16T08:55:08.535+0000][gc,phases   ] GC(517)   Pre Evacuate Collection Set: 5.5ms
[2026-01-16T08:55:08.538+0000][gc,phases   ] GC(517)   Merge Heap Roots: 0.9ms
[2026-01-16T08:55:08.541+0000][gc,phases   ] GC(517)   Evacuate Collection Set: 266.7ms
[2026-01-16T08:55:08.543+0000][gc,phases   ] GC(517)   Post Evacuate Collection Set: 20.1ms
[2026-01-16T08:55:08.544+0000][gc,phases   ] GC(517)   Other: 12.0ms
[2026-01-16T08:55:08.545+0000][gc,heap     ] GC(517) Eden regions: 47->0(47)
[2026-01-16T08:55:08.546+0000][gc,heap     ] GC(517) Survivor regions: 4->4(7)
[2026-01-16T08:55:08.546+0000][gc,heap     ] GC(517) Old regions: 218->218
[2026-01-16T08:55:08.546+0000][gc,heap     ] GC(517) Humongous regions: 94->94
[2026-01-16T08:55:08.547+0000][gc,metaspace] GC(517) Metaspace: 12487K(12928K)->12487K(12928K) NonClass: 11392K(11584K)->11392K(11584K) Class: 1095K(1344K)->1095K(1344K)
[2026-01-16T08:55:08.548+0000][gc          ] GC(517) Pause Young (Normal) (G1 Evacuation Pause) 362M->315M(1024M) 320.293ms
[2026-01-16T08:55:08.549+0000][gc,cpu      ] GC(517) User=0.17s Sys=0.03s Real=0.32s
[2026-01-16T08:55:10.577+0000][gc,start    ] GC(518) Pause Young (Normal) (G1 Evacuation Pause)
[2026-01-16T08:55:10.602+0000][gc,task     ] GC(518) Using 8 workers of 8 for evacuation
[2026-01-16T08:55:11.095+0000][gc,mmu      ] GC(518) MMU target violated: 201.0ms (200.0ms/201.0ms)
[2026-01-16T08:55:11.097+0000][gc,phases   ] GC(518)   Pre Evacuate Collection Set: 8.2ms
[2026-01-16T08:55:11.100+0000][gc,phases   ] GC(518)   Merge Heap Roots: 2.5ms
[2026-01-16T08:55:11.102+0000][gc,phases   ] GC(518)   Evacuate Collection Set: 436.1ms
[2026-01-16T08:55:11.106+0000][gc,phases   ] GC(518)   Post Evacuate Collection Set: 20.1ms
[2026-01-16T08:55:11.108+0000][gc,phases   ] GC(518)   Other: 29.1ms
[2026-01-16T08:55:11.112+0000][gc,heap     ] GC(518) Eden regions: 47->0(47)
[2026-01-16T08:55:11.113+0000][gc,heap     ] GC(518) Survivor regions: 4->4(7)
[2026-01-16T08:55:11.113+0000][gc,heap     ] GC(518) Old regions: 218->219
[2026-01-16T08:55:11.115+0000][gc,heap     ] GC(518) Humongous regions: 94->94
[2026-01-16T08:55:11.117+0000][gc,metaspace] GC(518) Metaspace: 12488K(12928K)->12488K(12928K) NonClass: 11393K(11584K)->11393K(11584K) Class: 1095K(1344K)->1095K(1344K)
[2026-01-16T08:55:11.118+0000][gc          ] GC(518) Pause Young (Normal) (G1 Evacuation Pause) 362M->316M(1024M) 541.101ms
[2026-01-16T08:55:11.127+0000][gc,cpu      ] GC(518) User=0.18s Sys=0.03s Real=0.54s
[2026-01-16T08:55:13.120+0000][gc,start    ] GC(519) Pause Young (Normal) (G1 Evacuation Pause)
[2026-01-16T08:55:13.122+0000][gc,task     ] GC(519) Using 8 workers of 8 for evacuation
[2026-01-16T08:55:13.338+0000][gc,mmu      ] GC(519) MMU target violated: 201.0ms (200.0ms/201.0ms)
[2026-01-16T08:55:13.338+0000][gc,phases   ] GC(519)   Pre Evacuate Collection Set: 18.7ms
[2026-01-16T08:55:13.342+0000][gc,phases   ] GC(519)   Merge Heap Roots: 0.5ms
[2026-01-16T08:55:13.343+0000][gc,phases   ] GC(519)   Evacuate Collection Set: 170.1ms
[2026-01-16T08:55:13.344+0000][gc,phases   ] GC(519)   Post Evacuate Collection Set: 23.8ms
[2026-01-16T08:55:13.345+0000][gc,phases   ] GC(519)   Other: 3.5ms
[2026-01-16T08:55:13.346+0000][gc,heap     ] GC(519) Eden regions: 47->0(46)
[2026-01-16T08:55:13.347+0000][gc,heap     ] GC(519) Survivor regions: 4->5(7)
[2026-01-16T08:55:13.347+0000][gc,heap     ] GC(519) Old regions: 219->219
[2026-01-16T08:55:13.347+0000][gc,heap     ] GC(519) Humongous regions: 94->94
[2026-01-16T08:55:13.352+0000][gc,metaspace] GC(519) Metaspace: 12488K(12928K)->12488K(12928K) NonClass: 11393K(11584K)->11393K(11584K) Class: 1095K(1344K)->1095K(1344K)
[2026-01-16T08:55:13.354+0000][gc          ] GC(519) Pause Young (Normal) (G1 Evacuation Pause) 363M->316M(1024M) 233.925ms
[2026-01-16T08:55:13.354+0000][gc,cpu      ] GC(519) User=0.10s Sys=0.00s Real=0.24s
[2026-01-16T08:55:15.171+0000][gc,start    ] GC(520) Pause Young (Normal) (G1 Evacuation Pause)
[2026-01-16T08:55:15.176+0000][gc,task     ] GC(520) Using 8 workers of 8 for evacuation
[2026-01-16T08:55:17.013+0000][gc,mmu      ] GC(520) MMU target violated: 201.0ms (200.0ms/201.0ms)
[2026-01-16T08:55:17.033+0000][gc,phases   ] GC(520)   Pre Evacuate Collection Set: 21.7ms
[2026-01-16T08:55:17.034+0000][gc,phases   ] GC(520)   Merge Heap Roots: 14.8ms
[2026-01-16T08:55:17.034+0000][gc,phases   ] GC(520)   Evacuate Collection Set: 1727.7ms
[2026-01-16T08:55:17.034+0000][gc,phases   ] GC(520)   Post Evacuate Collection Set: 59.3ms
[2026-01-16T08:55:17.035+0000][gc,phases   ] GC(520)   Other: 33.5ms
[2026-01-16T08:55:17.035+0000][gc,heap     ] GC(520) Eden regions: 46->0(47)
[2026-01-16T08:55:17.037+0000][gc,heap     ] GC(520) Survivor regions: 5->4(7)
[2026-01-16T08:55:17.040+0000][gc,heap     ] GC(520) Old regions: 219->220
[2026-01-16T08:55:17.045+0000][gc,heap     ] GC(520) Humongous regions: 94->94
[2026-01-16T08:55:17.052+0000][gc,metaspace] GC(520) Metaspace: 12488K(12928K)->12488K(12928K) NonClass: 11393K(11584K)->11393K(11584K) Class: 1095K(1344K)->1095K(1344K)
[2026-01-16T08:55:17.053+0000][gc          ] GC(520) Pause Young (Normal) (G1 Evacuation Pause) 362M->317M(1024M) 1882.137ms
[2026-01-16T08:55:17.053+0000][gc,cpu      ] GC(520) User=0.22s Sys=0.04s Real=1.89s
[2026-01-16T08:55:18.765+0000][gc,start    ] GC(521) Pause Young (Normal) (G1 Evacuation Pause)
[2026-01-16T08:55:18.774+0000][gc,task     ] GC(521) Using 8 workers of 8 for evacuation
[2026-01-16T08:55:19.041+0000][gc,mmu      ] GC(521) MMU target violated: 201.0ms (200.0ms/201.0ms)
[2026-01-16T08:55:19.048+0000][gc,phases   ] GC(521)   Pre Evacuate Collection Set: 32.7ms
[2026-01-16T08:55:19.053+0000][gc,phases   ] GC(521)   Merge Heap Roots: 15.6ms
[2026-01-16T08:55:19.057+0000][gc,phases   ] GC(521)   Evacuate Collection Set: 210.2ms
[2026-01-16T08:55:19.058+0000][gc,phases   ] GC(521)   Post Evacuate Collection Set: 5.9ms
[2026-01-16T08:55:19.058+0000][gc,phases   ] GC(521)   Other: 10.3ms
[2026-01-16T08:55:19.059+0000][gc,heap     ] GC(521) Eden regions: 47->0(46)
[2026-01-16T08:55:19.059+0000][gc,heap     ] GC(521) Survivor regions: 4->5(7)
[2026-01-16T08:55:19.059+0000][gc,heap     ] GC(521) Old regions: 220->220
[2026-01-16T08:55:19.060+0000][gc,heap     ] GC(521) Humongous regions: 94->94
[2026-01-16T08:55:19.060+0000][gc,metaspace] GC(521) Metaspace: 12490K(12928K)->12490K(12928K) NonClass: 11395K(11584K)->11395K(11584K) Class: 1095K(1344K)->1095K(1344K)
[2026-01-16T08:55:19.060+0000][gc          ] GC(521) Pause Young (Normal) (G1 Evacuation Pause) 364M->318M(1024M) 295.218ms
[2026-01-16T08:55:19.060+0000][gc,cpu      ] GC(521) User=0.12s Sys=0.01s Real=0.29s
[2026-01-16T08:55:21.460+0000][gc,start    ] GC(522) Pause Young (Normal) (G1 Evacuation Pause)
[2026-01-16T08:55:21.473+0000][gc,task     ] GC(522) Using 8 workers of 8 for evacuation
[2026-01-16T08:55:21.880+0000][gc,mmu      ] GC(522) MMU target violated: 201.0ms (200.0ms/201.0ms)
[2026-01-16T08:55:21.884+0000][gc,phases   ] GC(522)   Pre Evacuate Collection Set: 29.8ms
[2026-01-16T08:55:21.884+0000][gc,phases   ] GC(522)   Merge Heap Roots: 10.1ms
[2026-01-16T08:55:21.888+0000][gc,phases   ] GC(522)   Evacuate Collection Set: 350.1ms
[2026-01-16T08:55:21.890+0000][gc,phases   ] GC(522)   Post Evacuate Collection Set: 2.8ms
[2026-01-16T08:55:21.891+0000][gc,phases   ] GC(522)   Other: 28.9ms
[2026-01-16T08:55:21.892+0000][gc,heap     ] GC(522) Eden regions: 46->0(46)
[2026-01-16T08:55:21.892+0000][gc,heap     ] GC(522) Survivor regions: 5->5(7)
[2026-01-16T08:55:21.894+0000][gc,heap     ] GC(522) Old regions: 220->221
[2026-01-16T08:55:21.897+0000][gc,heap     ] GC(522) Humongous regions: 94->94
[2026-01-16T08:55:21.898+0000][gc,metaspace] GC(522) Metaspace: 12490K(12928K)->12490K(12928K) NonClass: 11395K(11584K)->11395K(11584K) Class: 1095K(1344K)->1095K(1344K)
[2026-01-16T08:55:21.900+0000][gc          ] GC(522) Pause Young (Normal) (G1 Evacuation Pause) 364M->318M(1024M) 439.669ms
[2026-01-16T08:55:21.901+0000][gc,cpu      ] GC(522) User=0.21s Sys=0.03s Real=0.45s
[2026-01-16T08:55:23.977+0000][gc,start    ] GC(523) Pause Young (Normal) (G1 Evacuation Pause)
[2026-01-16T08:55:23.978+0000][gc,task     ] GC(523) Using 8 workers of 8 for evacuation
[2026-01-16T08:55:24.128+0000][gc,phases   ] GC(523)   Pre Evacuate Collection Set: 22.1ms
[2026-01-16T08:55:24.129+0000][gc,phases   ] GC(523)   Merge Heap Roots: 0.7ms
[2026-01-16T08:55:24.129+0000][gc,phases   ] GC(523)   Evacuate Collection Set: 109.5ms
[2026-01-16T08:55:24.129+0000][gc,phases   ] GC(523)   Post Evacuate Collection Set: 15.3ms
[2026-01-16T08:55:24.131+0000][gc,phases   ] GC(523)   Other: 2.0ms
[2026-01-16T08:55:24.132+0000][gc,heap     ] GC(523) Eden regions: 46->0(46)
[2026-01-16T08:55:24.135+0000][gc,heap     ] GC(523) Survivor regions: 5->5(7)
[2026-01-16T08:55:24.140+0000][gc,heap     ] GC(523) Old regions: 221->222
[2026-01-16T08:55:24.142+0000][gc,heap     ] GC(523) Humongous regions: 94->94
[2026-01-16T08:55:24.146+0000][gc,metaspace] GC(523) Metaspace: 12492K(12928K)->12492K(12928K) NonClass: 11397K(11584K)->11397K(11584K) Class: 1095K(1344K)->1095K(1344K)
[2026-01-16T08:55:24.146+0000][gc          ] GC(523) Pause Young (Normal) (G1 Evacuation Pause) 364M->319M(1024M) 169.768ms
[2026-01-16T08:55:24.148+0000][gc,cpu      ] GC(523) User=0.13s Sys=0.02s Real=0.17s
[2026-01-16T08:55:26.463+0000][gc,start    ] GC(524) Pause Young (Normal) (G1 Evacuation Pause)
[2026-01-16T08:55:26.464+0000][gc,task     ] GC(524) Using 8 workers of 8 for evacuation
[2026-01-16T08:55:26.771+0000][gc,mmu      ] GC(524) MMU target violated: 201.0ms (200.0ms/201.0ms)
[2026-01-16T08:55:26.773+0000][gc,phases   ] GC(524)   Pre Evacuate Collection Set: 27.8ms
[2026-01-16T08:55:26.773+0000][gc,phases   ] GC(524)   Merge Heap Roots: 3.8ms
[2026-01-16T08:55:26.775+0000][gc,phases   ] GC(524)   Evacuate Collection Set: 269.2ms
[2026-01-16T08:55:26.778+0000][gc,phases   ] GC(524)   Post Evacuate Collection Set: 5.4ms
[2026-01-16T08:55:26.779+0000][gc,phases   ] GC(524)   Other: 2.8ms
[2026-01-16T08:55:26.780+0000][gc,heap     ] GC(524) Eden regions: 46->0(47)
[2026-01-16T08:55:26.780+0000][gc,heap     ] GC(524) Survivor regions: 5->4(7)
[2026-01-16T08:55:26.781+0000][gc,heap     ] GC(524) Old regions: 222->222
[2026-01-16T08:55:26.784+0000][gc,heap     ] GC(524) Humongous regions: 94->94
[2026-01-16T08:55:26.787+0000][gc,metaspace] GC(524) Metaspace: 12496K(12928K)->12496K(12928K) NonClass: 11401K(11584K)->11401K(11584K) Class: 1095K(1344K)->1095K(1344K)
[2026-01-16T08:55:26.792+0000][gc          ] GC(524) Pause Young (Normal) (G1 Evacuation Pause) 365M->319M(1024M) 328.570ms
[2026-01-16T08:55:26.792+0000][gc,cpu      ] GC(524) User=0.17s Sys=0.00s Real=0.33s
[2026-01-16T08:55:28.451+0000][gc,start    ] GC(525) Pause Young (Normal) (G1 Evacuation Pause)
[2026-01-16T08:55:28.452+0000][gc,task     ] GC(525) Using 8 workers of 8 for evacuation
[2026-01-16T08:55:28.778+0000][gc,mmu      ] GC(525) MMU target violated: 201.0ms (200.0ms/201.0ms)
[2026-01-16T08:55:28.785+0000][gc,phases   ] GC(525)   Pre Evacuate Collection Set: 12.7ms
[2026-01-16T08:55:28.787+0000][gc,phases   ] GC(525)   Merge Heap Roots: 2.4ms
[2026-01-16T08:55:28.787+0000][gc,phases   ] GC(525)   Evacuate Collection Set: 295.8ms
[2026-01-16T08:55:28.790+0000][gc,phases   ] GC(525)   Post Evacuate Collection Set: 14.3ms
[2026-01-16T08:55:28.790+0000][gc,phases   ] GC(525)   Other: 7.8ms
[2026-01-16T08:55:28.791+0000][gc,heap     ] GC(525) Eden regions: 47->0(46)
[2026-01-16T08:55:28.792+0000][gc,heap     ] GC(525) Survivor regions: 4->5(7)
[2026-01-16T08:55:28.793+0000][gc,heap     ] GC(525) Old regions: 222->223
[2026-01-16T08:55:28.794+0000][gc,heap     ] GC(525) Humongous regions: 94->94
[2026-01-16T08:55:28.794+0000][gc,metaspace] GC(525) Metaspace: 12498K(12928K)->12498K(12928K) NonClass: 11403K(11584K)->11403K(11584K) Class: 1095K(1344K)->1095K(1344K)
[2026-01-16T08:55:28.795+0000][gc          ] GC(525) Pause Young (Normal) (G1 Evacuation Pause) 366M->320M(1024M) 343.736ms
[2026-01-16T08:55:28.795+0000][gc,cpu      ] GC(525) User=0.12s Sys=0.01s Real=0.35s
[2026-01-16T08:55:29.861+0000][gc,start    ] GC(526) Pause Young (Normal) (G1 Evacuation Pause)
[2026-01-16T08:55:29.864+0000][gc,task     ] GC(526) Using 8 workers of 8 for evacuation
[2026-01-16T08:55:30.137+0000][gc,mmu      ] GC(526) MMU target violated: 201.0ms (200.0ms/201.0ms)
[2026-01-16T08:55:30.139+0000][gc,phases   ] GC(526)   Pre Evacuate Collection Set: 24.1ms
[2026-01-16T08:55:30.142+0000][gc,phases   ] GC(526)   Merge Heap Roots: 10.8ms
[2026-01-16T08:55:30.142+0000][gc,phases   ] GC(526)   Evacuate Collection Set: 206.3ms
[2026-01-16T08:55:30.143+0000][gc,phases   ] GC(526)   Post Evacuate Collection Set: 29.5ms
[2026-01-16T08:55:30.150+0000][gc,phases   ] GC(526)   Other: 5.3ms
[2026-01-16T08:55:30.151+0000][gc,heap     ] GC(526) Eden regions: 46->0(46)
[2026-01-16T08:55:30.151+0000][gc,heap     ] GC(526) Survivor regions: 5->5(7)
[2026-01-16T08:55:30.151+0000][gc,heap     ] GC(526) Old regions: 223->223
[2026-01-16T08:55:30.151+0000][gc,heap     ] GC(526) Humongous regions: 94->94
[2026-01-16T08:55:30.152+0000][gc,metaspace] GC(526) Metaspace: 12498K(12928K)->12498K(12928K) NonClass: 11403K(11584K)->11403K(11584K) Class: 1095K(1344K)->1095K(1344K)
[2026-01-16T08:55:30.153+0000][gc          ] GC(526) Pause Young (Normal) (G1 Evacuation Pause) 366M->320M(1024M) 291.546ms
[2026-01-16T08:55:30.155+0000][gc,cpu      ] GC(526) User=0.12s Sys=0.01s Real=0.30s
[2026-01-16T08:55:33.596+0000][gc,start    ] GC(527) Pause Young (Normal) (G1 Evacuation Pause)
[2026-01-16T08:55:33.598+0000][gc,task     ] GC(527) Using 8 workers of 8 for evacuation
[2026-01-16T08:55:33.916+0000][gc,mmu      ] GC(527) MMU target violated: 201.0ms (200.0ms/201.0ms)
[2026-01-16T08:55:33.917+0000][gc,phases   ] GC(527)   Pre Evacuate Collection Set: 21.2ms
[2026-01-16T08:55:33.917+0000][gc,phases   ] GC(527)   Merge Heap Roots: 0.7ms
[2026-01-16T08:55:33.917+0000][gc,phases   ] GC(527)   Evacuate Collection Set: 291.6ms
[2026-01-16T08:55:33.918+0000][gc,phases   ] GC(527)   Post Evacuate Collection Set: 3.5ms
[2026-01-16T08:55:33.918+0000][gc,phases   ] GC(527)   Other: 1.5ms
[2026-01-16T08:55:33.918+0000][gc,heap     ] GC(527) Eden regions: 46->0(46)
[2026-01-16T08:55:33.918+0000][gc,heap     ] GC(527) Survivor regions: 5->5(7)
[2026-01-16T08:55:33.919+0000][gc,heap     ] GC(527) Old regions: 223->224
[2026-01-16T08:55:33.919+0000][gc,heap     ] GC(527) Humongous regions: 94->94
[2026-01-16T08:55:33.919+0000][gc,metaspace] GC(527) Metaspace: 12498K(12928K)->12498K(12928K) NonClass: 11403K(11584K)->11403K(11584K) Class: 1095K(1344K)->1095K(1344K)
[2026-01-16T08:55:33.920+0000][gc          ] GC(527) Pause Young (Normal) (G1 Evacuation Pause) 366M->321M(1024M) 324.291ms
[2026-01-16T08:55:33.920+0000][gc,cpu      ] GC(527) User=0.20s Sys=0.01s Real=0.33s
[2026-01-16T08:55:37.367+0000][gc,start    ] GC(528) Pause Young (Normal) (G1 Evacuation Pause)
[2026-01-16T08:55:37.379+0000][gc,task     ] GC(528) Using 8 workers of 8 for evacuation
[2026-01-16T08:55:38.042+0000][gc,mmu      ] GC(528) MMU target violated: 201.0ms (200.0ms/201.0ms)
[2026-01-16T08:55:38.049+0000][gc,phases   ] GC(528)   Pre Evacuate Collection Set: 284.1ms
[2026-01-16T08:55:38.078+0000][gc,phases   ] GC(528)   Merge Heap Roots: 1.9ms
[2026-01-16T08:55:38.100+0000][gc,phases   ] GC(528)   Evacuate Collection Set: 287.7ms
[2026-01-16T08:55:38.107+0000][gc,phases   ] GC(528)   Post Evacuate Collection Set: 78.0ms
[2026-01-16T08:55:38.115+0000][gc,phases   ] GC(528)   Other: 16.2ms
[2026-01-16T08:55:38.137+0000][gc,heap     ] GC(528) Eden regions: 46->0(46)
[2026-01-16T08:55:38.147+0000][gc,heap     ] GC(528) Survivor regions: 5->5(7)
[2026-01-16T08:55:38.184+0000][gc,heap     ] GC(528) Old regions: 224->224
[2026-01-16T08:55:38.184+0000][gc,heap     ] GC(528) Humongous regions: 94->94
[2026-01-16T08:55:38.184+0000][gc,metaspace] GC(528) Metaspace: 12499K(12928K)->12499K(12928K) NonClass: 11403K(11584K)->11403K(11584K) Class: 1095K(1344K)->1095K(1344K)
[2026-01-16T08:55:38.188+0000][gc          ] GC(528) Pause Young (Normal) (G1 Evacuation Pause) 367M->321M(1024M) 820.610ms
[2026-01-16T08:55:38.193+0000][gc,cpu      ] GC(528) User=0.35s Sys=0.09s Real=0.82s
[2026-01-16T08:56:12.150+0000][gc,start    ] GC(529) Pause Young (Normal) (G1 Evacuation Pause)
[2026-01-16T08:56:12.167+0000][gc,task     ] GC(529) Using 8 workers of 8 for evacuation
[2026-01-16T08:56:13.207+0000][gc,mmu      ] GC(529) MMU target violated: 201.0ms (200.0ms/201.0ms)
[2026-01-16T08:56:13.208+0000][gc,phases   ] GC(529)   Pre Evacuate Collection Set: 122.3ms
[2026-01-16T08:56:13.209+0000][gc,phases   ] GC(529)   Merge Heap Roots: 12.9ms
[2026-01-16T08:56:13.210+0000][gc,phases   ] GC(529)   Evacuate Collection Set: 777.0ms
[2026-01-16T08:56:13.212+0000][gc,phases   ] GC(529)   Post Evacuate Collection Set: 123.3ms
[2026-01-16T08:56:13.213+0000][gc,phases   ] GC(529)   Other: 5.9ms
[2026-01-16T08:56:13.221+0000][gc,heap     ] GC(529) Eden regions: 46->0(46)
[2026-01-16T08:56:13.225+0000][gc,heap     ] GC(529) Survivor regions: 5->5(7)
[2026-01-16T08:56:13.229+0000][gc,heap     ] GC(529) Old regions: 224->225
[2026-01-16T08:56:13.232+0000][gc,heap     ] GC(529) Humongous regions: 94->94
[2026-01-16T08:56:13.235+0000][gc,metaspace] GC(529) Metaspace: 12499K(12928K)->12499K(12928K) NonClass: 11403K(11584K)->11403K(11584K) Class: 1095K(1344K)->1095K(1344K)
[2026-01-16T08:56:13.240+0000][gc          ] GC(529) Pause Young (Normal) (G1 Evacuation Pause) 367M->323M(1024M) 1090.150ms
[2026-01-16T08:56:13.244+0000][gc,cpu      ] GC(529) User=0.73s Sys=0.11s Real=1.10s
[2026-01-16T08:56:18.016+0000][gc,start    ] GC(530) Pause Young (Normal) (G1 Evacuation Pause)
[2026-01-16T08:56:18.019+0000][gc,task     ] GC(530) Using 8 workers of 8 for evacuation
[2026-01-16T08:56:19.433+0000][gc,mmu      ] GC(530) MMU target violated: 201.0ms (200.0ms/201.0ms)
[2026-01-16T08:56:19.433+0000][gc,phases   ] GC(530)   Pre Evacuate Collection Set: 80.2ms
[2026-01-16T08:56:19.434+0000][gc,phases   ] GC(530)   Merge Heap Roots: 42.4ms
[2026-01-16T08:56:19.434+0000][gc,phases   ] GC(530)   Evacuate Collection Set: 1194.3ms
[2026-01-16T08:56:19.435+0000][gc,phases   ] GC(530)   Post Evacuate Collection Set: 92.8ms
[2026-01-16T08:56:19.439+0000][gc,phases   ] GC(530)   Other: 4.6ms
[2026-01-16T08:56:19.440+0000][gc,heap     ] GC(530) Eden regions: 46->0(47)
[2026-01-16T08:56:19.441+0000][gc,heap     ] GC(530) Survivor regions: 5->4(7)
[2026-01-16T08:56:19.441+0000][gc,heap     ] GC(530) Old regions: 225->226
[2026-01-16T08:56:19.442+0000][gc,heap     ] GC(530) Humongous regions: 94->94
[2026-01-16T08:56:19.442+0000][gc,metaspace] GC(530) Metaspace: 12500K(12928K)->12500K(12928K) NonClass: 11405K(11584K)->11405K(11584K) Class: 1095K(1344K)->1095K(1344K)
[2026-01-16T08:56:19.444+0000][gc          ] GC(530) Pause Young (Normal) (G1 Evacuation Pause) 369M->323M(1024M) 1428.123ms
[2026-01-16T08:56:19.447+0000][gc,cpu      ] GC(530) User=0.47s Sys=0.08s Real=1.43s
[2026-01-16T08:56:23.907+0000][gc,start    ] GC(531) Pause Young (Normal) (G1 Evacuation Pause)
[2026-01-16T08:56:23.929+0000][gc,task     ] GC(531) Using 8 workers of 8 for evacuation
[2026-01-16T08:56:25.293+0000][gc,mmu      ] GC(531) MMU target violated: 201.0ms (200.0ms/201.0ms)
[2026-01-16T08:56:25.304+0000][gc,phases   ] GC(531)   Pre Evacuate Collection Set: 38.4ms
[2026-01-16T08:56:25.314+0000][gc,phases   ] GC(531)   Merge Heap Roots: 12.9ms
[2026-01-16T08:56:25.316+0000][gc,phases   ] GC(531)   Evacuate Collection Set: 1209.9ms
[2026-01-16T08:56:25.317+0000][gc,phases   ] GC(531)   Post Evacuate Collection Set: 78.4ms
[2026-01-16T08:56:25.322+0000][gc,phases   ] GC(531)   Other: 35.6ms
[2026-01-16T08:56:25.326+0000][gc,heap     ] GC(531) Eden regions: 47->0(47)
[2026-01-16T08:56:25.331+0000][gc,heap     ] GC(531) Survivor regions: 4->4(7)
[2026-01-16T08:56:25.333+0000][gc,heap     ] GC(531) Old regions: 226->227
[2026-01-16T08:56:25.334+0000][gc,heap     ] GC(531) Humongous regions: 94->94
[2026-01-16T08:56:25.334+0000][gc,metaspace] GC(531) Metaspace: 12500K(12928K)->12500K(12928K) NonClass: 11405K(11584K)->11405K(11584K) Class: 1095K(1344K)->1095K(1344K)
[2026-01-16T08:56:25.334+0000][gc          ] GC(531) Pause Young (Normal) (G1 Evacuation Pause) 370M->324M(1024M) 1426.733ms
[2026-01-16T08:56:25.336+0000][gc,cpu      ] GC(531) User=0.42s Sys=0.07s Real=1.43s
[2026-01-16T08:56:35.215+0000][gc,start    ] GC(532) Pause Young (Normal) (G1 Evacuation Pause)
[2026-01-16T08:56:35.283+0000][gc,task     ] GC(532) Using 8 workers of 8 for evacuation
[2026-01-16T08:56:37.375+0000][gc,mmu      ] GC(532) MMU target violated: 201.0ms (200.0ms/201.0ms)
[2026-01-16T08:56:37.376+0000][gc,phases   ] GC(532)   Pre Evacuate Collection Set: 127.9ms
[2026-01-16T08:56:37.376+0000][gc,phases   ] GC(532)   Merge Heap Roots: 42.0ms
[2026-01-16T08:56:37.376+0000][gc,phases   ] GC(532)   Evacuate Collection Set: 1756.7ms
[2026-01-16T08:56:37.376+0000][gc,phases   ] GC(532)   Post Evacuate Collection Set: 145.3ms
[2026-01-16T08:56:37.378+0000][gc,phases   ] GC(532)   Other: 33.7ms
[2026-01-16T08:56:37.380+0000][gc,heap     ] GC(532) Eden regions: 47->0(46)
[2026-01-16T08:56:37.381+0000][gc,heap     ] GC(532) Survivor regions: 4->5(7)
[2026-01-16T08:56:37.382+0000][gc,heap     ] GC(532) Old regions: 227->227
[2026-01-16T08:56:37.382+0000][gc,heap     ] GC(532) Humongous regions: 94->94
[2026-01-16T08:56:37.383+0000][gc,metaspace] GC(532) Metaspace: 12500K(12928K)->12500K(12928K) NonClass: 11405K(11584K)->11405K(11584K) Class: 1095K(1344K)->1095K(1344K)
[2026-01-16T08:56:37.383+0000][gc          ] GC(532) Pause Young (Normal) (G1 Evacuation Pause) 371M->325M(1024M) 2168.774ms
[2026-01-16T08:56:37.385+0000][gc,cpu      ] GC(532) User=1.37s Sys=0.21s Real=2.22s
[2026-01-16T08:56:41.955+0000][gc,start    ] GC(533) Pause Young (Normal) (G1 Evacuation Pause)
[2026-01-16T08:56:42.001+0000][gc,task     ] GC(533) Using 8 workers of 8 for evacuation
[2026-01-16T08:56:43.220+0000][gc,mmu      ] GC(533) MMU target violated: 201.0ms (200.0ms/201.0ms)
[2026-01-16T08:56:43.224+0000][gc,phases   ] GC(533)   Pre Evacuate Collection Set: 45.7ms
[2026-01-16T08:56:43.226+0000][gc,phases   ] GC(533)   Merge Heap Roots: 10.9ms
[2026-01-16T08:56:43.229+0000][gc,phases   ] GC(533)   Evacuate Collection Set: 1099.8ms
[2026-01-16T08:56:43.230+0000][gc,phases   ] GC(533)   Post Evacuate Collection Set: 58.7ms
[2026-01-16T08:56:43.237+0000][gc,phases   ] GC(533)   Other: 19.3ms
[2026-01-16T08:56:43.240+0000][gc,heap     ] GC(533) Eden regions: 46->0(46)
[2026-01-16T08:56:43.242+0000][gc,heap     ] GC(533) Survivor regions: 5->5(7)
[2026-01-16T08:56:43.244+0000][gc,heap     ] GC(533) Old regions: 227->228
[2026-01-16T08:56:43.245+0000][gc,heap     ] GC(533) Humongous regions: 94->94
[2026-01-16T08:56:43.245+0000][gc,metaspace] GC(533) Metaspace: 12501K(12928K)->12501K(12928K) NonClass: 11406K(11584K)->11406K(11584K) Class: 1095K(1344K)->1095K(1344K)
[2026-01-16T08:56:43.253+0000][gc          ] GC(533) Pause Young (Normal) (G1 Evacuation Pause) 371M->325M(1024M) 1298.749ms
[2026-01-16T08:56:43.258+0000][gc,cpu      ] GC(533) User=0.50s Sys=0.09s Real=1.30s
[2026-01-16T08:56:47.510+0000][gc,start    ] GC(534) Pause Young (Normal) (G1 Evacuation Pause)
[2026-01-16T08:56:47.531+0000][gc,task     ] GC(534) Using 8 workers of 8 for evacuation
[2026-01-16T08:56:48.164+0000][gc,mmu      ] GC(534) MMU target violated: 201.0ms (200.0ms/201.0ms)
[2026-01-16T08:56:48.166+0000][gc,phases   ] GC(534)   Pre Evacuate Collection Set: 160.8ms
[2026-01-16T08:56:48.169+0000][gc,phases   ] GC(534)   Merge Heap Roots: 39.3ms
[2026-01-16T08:56:48.180+0000][gc,phases   ] GC(534)   Evacuate Collection Set: 417.1ms
[2026-01-16T08:56:48.183+0000][gc,phases   ] GC(534)   Post Evacuate Collection Set: 14.5ms
[2026-01-16T08:56:48.186+0000][gc,phases   ] GC(534)   Other: 20.1ms
[2026-01-16T08:56:48.187+0000][gc,heap     ] GC(534) Eden regions: 46->0(46)
[2026-01-16T08:56:48.188+0000][gc,heap     ] GC(534) Survivor regions: 5->5(7)
[2026-01-16T08:56:48.191+0000][gc,heap     ] GC(534) Old regions: 228->229
[2026-01-16T08:56:48.191+0000][gc,heap     ] GC(534) Humongous regions: 94->94
[2026-01-16T08:56:48.191+0000][gc,metaspace] GC(534) Metaspace: 12501K(12928K)->12501K(12928K) NonClass: 11406K(11584K)->11406K(11584K) Class: 1095K(1344K)->1095K(1344K)
[2026-01-16T08:56:48.193+0000][gc          ] GC(534) Pause Young (Normal) (G1 Evacuation Pause) 371M->326M(1024M) 682.726ms
[2026-01-16T08:56:48.194+0000][gc,cpu      ] GC(534) User=0.36s Sys=0.03s Real=0.68s
[2026-01-16T08:56:51.172+0000][gc,start    ] GC(535) Pause Young (Normal) (G1 Evacuation Pause)
[2026-01-16T08:56:51.173+0000][gc,task     ] GC(535) Using 8 workers of 8 for evacuation
[2026-01-16T08:56:51.591+0000][gc,mmu      ] GC(535) MMU target violated: 201.0ms (200.0ms/201.0ms)
[2026-01-16T08:56:51.595+0000][gc,phases   ] GC(535)   Pre Evacuate Collection Set: 60.7ms
[2026-01-16T08:56:51.596+0000][gc,phases   ] GC(535)   Merge Heap Roots: 2.6ms
[2026-01-16T08:56:51.599+0000][gc,phases   ] GC(535)   Evacuate Collection Set: 237.5ms
[2026-01-16T08:56:51.603+0000][gc,phases   ] GC(535)   Post Evacuate Collection Set: 95.6ms
[2026-01-16T08:56:51.603+0000][gc,phases   ] GC(535)   Other: 25.8ms
[2026-01-16T08:56:51.604+0000][gc,heap     ] GC(535) Eden regions: 46->0(47)
[2026-01-16T08:56:51.604+0000][gc,heap     ] GC(535) Survivor regions: 5->4(7)
[2026-01-16T08:56:51.605+0000][gc,heap     ] GC(535) Old regions: 229->229
[2026-01-16T08:56:51.605+0000][gc,heap     ] GC(535) Humongous regions: 94->94
[2026-01-16T08:56:51.607+0000][gc,metaspace] GC(535) Metaspace: 12504K(12928K)->12504K(12928K) NonClass: 11409K(11584K)->11409K(11584K) Class: 1095K(1344K)->1095K(1344K)
[2026-01-16T08:56:51.614+0000][gc          ] GC(535) Pause Young (Normal) (G1 Evacuation Pause) 372M->326M(1024M) 442.065ms
[2026-01-16T08:56:51.616+0000][gc,cpu      ] GC(535) User=0.20s Sys=0.05s Real=0.44s
[2026-01-16T08:56:54.169+0000][gc,start    ] GC(536) Pause Young (Normal) (G1 Evacuation Pause)
[2026-01-16T08:56:54.175+0000][gc,task     ] GC(536) Using 8 workers of 8 for evacuation
[2026-01-16T08:56:55.071+0000][gc,mmu      ] GC(536) MMU target violated: 201.0ms (200.0ms/201.0ms)
[2026-01-16T08:56:55.080+0000][gc,phases   ] GC(536)   Pre Evacuate Collection Set: 52.8ms
[2026-01-16T08:56:55.088+0000][gc,phases   ] GC(536)   Merge Heap Roots: 20.4ms
[2026-01-16T08:56:55.090+0000][gc,phases   ] GC(536)   Evacuate Collection Set: 730.0ms
[2026-01-16T08:56:55.091+0000][gc,phases   ] GC(536)   Post Evacuate Collection Set: 87.4ms
[2026-01-16T08:56:55.091+0000][gc,phases   ] GC(536)   Other: 15.1ms
[2026-01-16T08:56:55.093+0000][gc,heap     ] GC(536) Eden regions: 47->0(46)
[2026-01-16T08:56:55.094+0000][gc,heap     ] GC(536) Survivor regions: 4->5(7)
[2026-01-16T08:56:55.095+0000][gc,heap     ] GC(536) Old regions: 229->230
[2026-01-16T08:56:55.095+0000][gc,heap     ] GC(536) Humongous regions: 94->94
[2026-01-16T08:56:55.097+0000][gc,metaspace] GC(536) Metaspace: 12505K(12928K)->12505K(12928K) NonClass: 11410K(11584K)->11410K(11584K) Class: 1095K(1344K)->1095K(1344K)
[2026-01-16T08:56:55.097+0000][gc          ] GC(536) Pause Young (Normal) (G1 Evacuation Pause) 373M->327M(1024M) 927.941ms
[2026-01-16T08:56:55.100+0000][gc,cpu      ] GC(536) User=0.32s Sys=0.03s Real=0.94s
[2026-01-16T08:56:58.387+0000][gc,start    ] GC(537) Pause Young (Normal) (G1 Evacuation Pause)
[2026-01-16T08:56:58.423+0000][gc,task     ] GC(537) Using 8 workers of 8 for evacuation
[2026-01-16T08:57:00.236+0000][gc,mmu      ] GC(537) MMU target violated: 201.0ms (200.0ms/201.0ms)
[2026-01-16T08:57:00.237+0000][gc,phases   ] GC(537)   Pre Evacuate Collection Set: 235.3ms
[2026-01-16T08:57:00.238+0000][gc,phases   ] GC(537)   Merge Heap Roots: 25.9ms
[2026-01-16T08:57:00.240+0000][gc,phases   ] GC(537)   Evacuate Collection Set: 1453.5ms
[2026-01-16T08:57:00.241+0000][gc,phases   ] GC(537)   Post Evacuate Collection Set: 89.6ms
[2026-01-16T08:57:00.243+0000][gc,phases   ] GC(537)   Other: 10.4ms
[2026-01-16T08:57:00.260+0000][gc,heap     ] GC(537) Eden regions: 46->0(47)
[2026-01-16T08:57:00.264+0000][gc,heap     ] GC(537) Survivor regions: 5->4(7)
[2026-01-16T08:57:00.274+0000][gc,heap     ] GC(537) Old regions: 230->231
[2026-01-16T08:57:00.275+0000][gc,heap     ] GC(537) Humongous regions: 94->94
[2026-01-16T08:57:00.277+0000][gc,metaspace] GC(537) Metaspace: 12507K(12928K)->12507K(12928K) NonClass: 11412K(11584K)->11412K(11584K) Class: 1095K(1344K)->1095K(1344K)
[2026-01-16T08:57:00.299+0000][gc          ] GC(537) Pause Young (Normal) (G1 Evacuation Pause) 373M->328M(1024M) 1911.751ms
[2026-01-16T08:57:00.305+0000][gc,cpu      ] GC(537) User=0.62s Sys=0.14s Real=1.92s
[2026-01-16T08:57:05.928+0000][gc,start    ] GC(538) Pause Young (Normal) (G1 Evacuation Pause)
[2026-01-16T08:57:05.931+0000][gc,task     ] GC(538) Using 8 workers of 8 for evacuation
[2026-01-16T08:57:06.399+0000][gc,mmu      ] GC(538) MMU target violated: 201.0ms (200.0ms/201.0ms)
[2026-01-16T08:57:06.405+0000][gc,phases   ] GC(538)   Pre Evacuate Collection Set: 44.4ms
[2026-01-16T08:57:06.405+0000][gc,phases   ] GC(538)   Merge Heap Roots: 14.3ms
[2026-01-16T08:57:06.406+0000][gc,phases   ] GC(538)   Evacuate Collection Set: 395.2ms
[2026-01-16T08:57:06.406+0000][gc,phases   ] GC(538)   Post Evacuate Collection Set: 12.2ms
[2026-01-16T08:57:06.406+0000][gc,phases   ] GC(538)   Other: 7.9ms
[2026-01-16T08:57:06.406+0000][gc,heap     ] GC(538) Eden regions: 47->0(46)
[2026-01-16T08:57:06.407+0000][gc,heap     ] GC(538) Survivor regions: 4->5(7)
[2026-01-16T08:57:06.407+0000][gc,heap     ] GC(538) Old regions: 231->231
[2026-01-16T08:57:06.407+0000][gc,heap     ] GC(538) Humongous regions: 94->94
[2026-01-16T08:57:06.408+0000][gc,metaspace] GC(538) Metaspace: 12507K(12928K)->12507K(12928K) NonClass: 11412K(11584K)->11412K(11584K) Class: 1095K(1344K)->1095K(1344K)
[2026-01-16T08:57:06.410+0000][gc          ] GC(538) Pause Young (Normal) (G1 Evacuation Pause) 375M->329M(1024M) 482.490ms
[2026-01-16T08:57:06.415+0000][gc,cpu      ] GC(538) User=0.28s Sys=0.03s Real=0.48s
[2026-01-16T08:57:09.166+0000][gc,start    ] GC(539) Pause Young (Normal) (G1 Evacuation Pause)
[2026-01-16T08:57:09.173+0000][gc,task     ] GC(539) Using 8 workers of 8 for evacuation
[2026-01-16T08:57:09.356+0000][gc,phases   ] GC(539)   Pre Evacuate Collection Set: 39.6ms
[2026-01-16T08:57:09.359+0000][gc,phases   ] GC(539)   Merge Heap Roots: 3.3ms
[2026-01-16T08:57:09.359+0000][gc,phases   ] GC(539)   Evacuate Collection Set: 119.8ms
[2026-01-16T08:57:09.359+0000][gc,phases   ] GC(539)   Post Evacuate Collection Set: 13.8ms
[2026-01-16T08:57:09.360+0000][gc,phases   ] GC(539)   Other: 6.8ms
[2026-01-16T08:57:09.360+0000][gc,heap     ] GC(539) Eden regions: 46->0(47)
[2026-01-16T08:57:09.360+0000][gc,heap     ] GC(539) Survivor regions: 5->4(7)
[2026-01-16T08:57:09.360+0000][gc,heap     ] GC(539) Old regions: 231->232
[2026-01-16T08:57:09.361+0000][gc,heap     ] GC(539) Humongous regions: 94->94
[2026-01-16T08:57:09.361+0000][gc,metaspace] GC(539) Metaspace: 12526K(12992K)->12526K(12992K) NonClass: 11431K(11648K)->11431K(11648K) Class: 1095K(1344K)->1095K(1344K)
[2026-01-16T08:57:09.362+0000][gc          ] GC(539) Pause Young (Normal) (G1 Evacuation Pause) 375M->329M(1024M) 196.204ms
[2026-01-16T08:57:09.362+0000][gc,cpu      ] GC(539) User=0.16s Sys=0.02s Real=0.19s
[2026-01-16T08:57:10.525+0000][gc,start    ] GC(540) Pause Young (Normal) (G1 Evacuation Pause)
[2026-01-16T08:57:10.527+0000][gc,task     ] GC(540) Using 8 workers of 8 for evacuation
[2026-01-16T08:57:10.619+0000][gc,phases   ] GC(540)   Pre Evacuate Collection Set: 1.9ms
[2026-01-16T08:57:10.620+0000][gc,phases   ] GC(540)   Merge Heap Roots: 2.6ms
[2026-01-16T08:57:10.621+0000][gc,phases   ] GC(540)   Evacuate Collection Set: 82.3ms
[2026-01-16T08:57:10.621+0000][gc,phases   ] GC(540)   Post Evacuate Collection Set: 4.9ms
[2026-01-16T08:57:10.621+0000][gc,phases   ] GC(540)   Other: 0.6ms
[2026-01-16T08:57:10.622+0000][gc,heap     ] GC(540) Eden regions: 47->0(46)
[2026-01-16T08:57:10.622+0000][gc,heap     ] GC(540) Survivor regions: 4->5(7)
[2026-01-16T08:57:10.622+0000][gc,heap     ] GC(540) Old regions: 232->232
[2026-01-16T08:57:10.622+0000][gc,heap     ] GC(540) Humongous regions: 94->94
[2026-01-16T08:57:10.622+0000][gc,metaspace] GC(540) Metaspace: 12526K(12992K)->12526K(12992K) NonClass: 11431K(11648K)->11431K(11648K) Class: 1095K(1344K)->1095K(1344K)
[2026-01-16T08:57:10.623+0000][gc          ] GC(540) Pause Young (Normal) (G1 Evacuation Pause) 376M->329M(1024M) 97.586ms
[2026-01-16T08:57:10.623+0000][gc,cpu      ] GC(540) User=0.07s Sys=0.01s Real=0.10s
[2026-01-16T08:57:11.457+0000][gc,start    ] GC(541) Pause Young (Normal) (G1 Evacuation Pause)
[2026-01-16T08:57:11.467+0000][gc,task     ] GC(541) Using 8 workers of 8 for evacuation
[2026-01-16T08:57:11.805+0000][gc,mmu      ] GC(541) MMU target violated: 201.0ms (200.0ms/201.0ms)
[2026-01-16T08:57:11.806+0000][gc,phases   ] GC(541)   Pre Evacuate Collection Set: 6.7ms
[2026-01-16T08:57:11.806+0000][gc,phases   ] GC(541)   Merge Heap Roots: 3.9ms
[2026-01-16T08:57:11.806+0000][gc,phases   ] GC(541)   Evacuate Collection Set: 306.2ms
[2026-01-16T08:57:11.806+0000][gc,phases   ] GC(541)   Post Evacuate Collection Set: 20.6ms
[2026-01-16T08:57:11.807+0000][gc,phases   ] GC(541)   Other: 1.4ms
[2026-01-16T08:57:11.807+0000][gc,heap     ] GC(541) Eden regions: 46->0(46)
[2026-01-16T08:57:11.807+0000][gc,heap     ] GC(541) Survivor regions: 5->5(7)
[2026-01-16T08:57:11.808+0000][gc,heap     ] GC(541) Old regions: 232->233
[2026-01-16T08:57:11.808+0000][gc,heap     ] GC(541) Humongous regions: 94->94
[2026-01-16T08:57:11.808+0000][gc,metaspace] GC(541) Metaspace: 12526K(12992K)->12526K(12992K) NonClass: 11431K(11648K)->11431K(11648K) Class: 1095K(1344K)->1095K(1344K)
[2026-01-16T08:57:11.810+0000][gc          ] GC(541) Pause Young (Normal) (G1 Evacuation Pause) 375M->330M(1024M) 353.404ms
[2026-01-16T08:57:11.811+0000][gc,cpu      ] GC(541) User=0.13s Sys=0.01s Real=0.35s
[2026-01-16T08:57:14.919+0000][gc,start    ] GC(542) Pause Young (Normal) (G1 Evacuation Pause)
[2026-01-16T08:57:14.925+0000][gc,task     ] GC(542) Using 8 workers of 8 for evacuation
[2026-01-16T08:57:15.816+0000][gc,mmu      ] GC(542) MMU target violated: 201.0ms (200.0ms/201.0ms)
[2026-01-16T08:57:15.818+0000][gc,phases   ] GC(542)   Pre Evacuate Collection Set: 172.4ms
[2026-01-16T08:57:15.819+0000][gc,phases   ] GC(542)   Merge Heap Roots: 15.2ms
[2026-01-16T08:57:15.819+0000][gc,phases   ] GC(542)   Evacuate Collection Set: 625.3ms
[2026-01-16T08:57:15.819+0000][gc,phases   ] GC(542)   Post Evacuate Collection Set: 75.4ms
[2026-01-16T08:57:15.821+0000][gc,phases   ] GC(542)   Other: 5.4ms
[2026-01-16T08:57:15.822+0000][gc,heap     ] GC(542) Eden regions: 46->0(46)
[2026-01-16T08:57:15.826+0000][gc,heap     ] GC(542) Survivor regions: 5->5(7)
[2026-01-16T08:57:15.827+0000][gc,heap     ] GC(542) Old regions: 233->234
[2026-01-16T08:57:15.829+0000][gc,heap     ] GC(542) Humongous regions: 94->94
[2026-01-16T08:57:15.832+0000][gc,metaspace] GC(542) Metaspace: 12526K(12992K)->12526K(12992K) NonClass: 11431K(11648K)->11431K(11648K) Class: 1095K(1344K)->1095K(1344K)
[2026-01-16T08:57:15.832+0000][gc          ] GC(542) Pause Young (Normal) (G1 Evacuation Pause) 376M->331M(1024M) 913.169ms
[2026-01-16T08:57:15.833+0000][gc,cpu      ] GC(542) User=0.44s Sys=0.06s Real=0.91s
[2026-01-16T08:57:18.463+0000][gc,start    ] GC(543) Pause Young (Normal) (G1 Evacuation Pause)
[2026-01-16T08:57:18.471+0000][gc,task     ] GC(543) Using 8 workers of 8 for evacuation
[2026-01-16T08:57:19.287+0000][gc,mmu      ] GC(543) MMU target violated: 201.0ms (200.0ms/201.0ms)
[2026-01-16T08:57:19.291+0000][gc,phases   ] GC(543)   Pre Evacuate Collection Set: 71.2ms
[2026-01-16T08:57:19.291+0000][gc,phases   ] GC(543)   Merge Heap Roots: 3.5ms
[2026-01-16T08:57:19.294+0000][gc,phases   ] GC(543)   Evacuate Collection Set: 658.6ms
[2026-01-16T08:57:19.294+0000][gc,phases   ] GC(543)   Post Evacuate Collection Set: 70.6ms
[2026-01-16T08:57:19.296+0000][gc,phases   ] GC(543)   Other: 16.3ms
[2026-01-16T08:57:19.297+0000][gc,heap     ] GC(543) Eden regions: 46->0(47)
[2026-01-16T08:57:19.297+0000][gc,heap     ] GC(543) Survivor regions: 5->4(7)
[2026-01-16T08:57:19.299+0000][gc,heap     ] GC(543) Old regions: 234->234
[2026-01-16T08:57:19.301+0000][gc,heap     ] GC(543) Humongous regions: 94->94
[2026-01-16T08:57:19.302+0000][gc,metaspace] GC(543) Metaspace: 12527K(12992K)->12527K(12992K) NonClass: 11432K(11648K)->11432K(11648K) Class: 1095K(1344K)->1095K(1344K)
[2026-01-16T08:57:19.302+0000][gc          ] GC(543) Pause Young (Normal) (G1 Evacuation Pause) 377M->331M(1024M) 839.134ms
[2026-01-16T08:57:19.302+0000][gc,cpu      ] GC(543) User=0.33s Sys=0.04s Real=0.84s
[2026-01-16T08:57:20.927+0000][gc,start    ] GC(544) Pause Young (Normal) (G1 Evacuation Pause)
[2026-01-16T08:57:20.930+0000][gc,task     ] GC(544) Using 8 workers of 8 for evacuation
[2026-01-16T08:57:21.127+0000][gc,phases   ] GC(544)   Pre Evacuate Collection Set: 3.7ms
[2026-01-16T08:57:21.129+0000][gc,phases   ] GC(544)   Merge Heap Roots: 1.1ms
[2026-01-16T08:57:21.130+0000][gc,phases   ] GC(544)   Evacuate Collection Set: 173.8ms
[2026-01-16T08:57:21.130+0000][gc,phases   ] GC(544)   Post Evacuate Collection Set: 15.8ms
[2026-01-16T08:57:21.131+0000][gc,phases   ] GC(544)   Other: 2.2ms
[2026-01-16T08:57:21.131+0000][gc,heap     ] GC(544) Eden regions: 47->0(47)
[2026-01-16T08:57:21.132+0000][gc,heap     ] GC(544) Survivor regions: 4->4(7)
[2026-01-16T08:57:21.132+0000][gc,heap     ] GC(544) Old regions: 234->235
[2026-01-16T08:57:21.134+0000][gc,heap     ] GC(544) Humongous regions: 94->94
[2026-01-16T08:57:21.134+0000][gc,metaspace] GC(544) Metaspace: 12527K(12992K)->12527K(12992K) NonClass: 11432K(11648K)->11432K(11648K) Class: 1095K(1344K)->1095K(1344K)
[2026-01-16T08:57:21.135+0000][gc          ] GC(544) Pause Young (Normal) (G1 Evacuation Pause) 378M->332M(1024M) 207.768ms
[2026-01-16T08:57:21.140+0000][gc,cpu      ] GC(544) User=0.09s Sys=0.01s Real=0.21s
[2026-01-16T08:57:21.866+0000][gc,start    ] GC(545) Pause Young (Normal) (G1 Evacuation Pause)
[2026-01-16T08:57:21.867+0000][gc,task     ] GC(545) Using 8 workers of 8 for evacuation
[2026-01-16T08:57:21.963+0000][gc,phases   ] GC(545)   Pre Evacuate Collection Set: 0.8ms
[2026-01-16T08:57:21.967+0000][gc,phases   ] GC(545)   Merge Heap Roots: 0.9ms
[2026-01-16T08:57:21.968+0000][gc,phases   ] GC(545)   Evacuate Collection Set: 91.7ms
[2026-01-16T08:57:21.968+0000][gc,phases   ] GC(545)   Post Evacuate Collection Set: 2.1ms
[2026-01-16T08:57:21.968+0000][gc,phases   ] GC(545)   Other: 1.4ms
[2026-01-16T08:57:21.982+0000][gc,heap     ] GC(545) Eden regions: 47->0(46)
[2026-01-16T08:57:21.982+0000][gc,heap     ] GC(545) Survivor regions: 4->5(7)
[2026-01-16T08:57:21.983+0000][gc,heap     ] GC(545) Old regions: 235->236
[2026-01-16T08:57:21.984+0000][gc,heap     ] GC(545) Humongous regions: 94->94
[2026-01-16T08:57:21.988+0000][gc,metaspace] GC(545) Metaspace: 12527K(12992K)->12527K(12992K) NonClass: 11432K(11648K)->11432K(11648K) Class: 1095K(1344K)->1095K(1344K)
[2026-01-16T08:57:21.990+0000][gc          ] GC(545) Pause Young (Normal) (G1 Evacuation Pause) 379M->333M(1024M) 124.479ms
[2026-01-16T08:57:21.991+0000][gc,cpu      ] GC(545) User=0.07s Sys=0.01s Real=0.13s
[2026-01-16T08:57:22.716+0000][gc,start    ] GC(546) Pause Young (Normal) (G1 Evacuation Pause)
[2026-01-16T08:57:22.718+0000][gc,task     ] GC(546) Using 8 workers of 8 for evacuation
[2026-01-16T08:57:22.899+0000][gc,phases   ] GC(546)   Pre Evacuate Collection Set: 10.0ms
[2026-01-16T08:57:22.901+0000][gc,phases   ] GC(546)   Merge Heap Roots: 5.0ms
[2026-01-16T08:57:22.901+0000][gc,phases   ] GC(546)   Evacuate Collection Set: 152.0ms
[2026-01-16T08:57:22.901+0000][gc,phases   ] GC(546)   Post Evacuate Collection Set: 8.9ms
[2026-01-16T08:57:22.902+0000][gc,phases   ] GC(546)   Other: 4.9ms
[2026-01-16T08:57:22.903+0000][gc,heap     ] GC(546) Eden regions: 46->0(47)
[2026-01-16T08:57:22.904+0000][gc,heap     ] GC(546) Survivor regions: 5->4(7)
[2026-01-16T08:57:22.905+0000][gc,heap     ] GC(546) Old regions: 236->236
[2026-01-16T08:57:22.906+0000][gc,heap     ] GC(546) Humongous regions: 94->94
[2026-01-16T08:57:22.906+0000][gc,metaspace] GC(546) Metaspace: 12527K(12992K)->12527K(12992K) NonClass: 11432K(11648K)->11432K(11648K) Class: 1095K(1344K)->1095K(1344K)
[2026-01-16T08:57:22.907+0000][gc          ] GC(546) Pause Young (Normal) (G1 Evacuation Pause) 379M->333M(1024M) 190.672ms
[2026-01-16T08:57:22.907+0000][gc,cpu      ] GC(546) User=0.09s Sys=0.01s Real=0.19s
[2026-01-16T08:57:24.858+0000][gc,start    ] GC(547) Pause Young (Normal) (G1 Evacuation Pause)
[2026-01-16T08:57:24.860+0000][gc,task     ] GC(547) Using 8 workers of 8 for evacuation
[2026-01-16T08:57:25.078+0000][gc,phases   ] GC(547)   Pre Evacuate Collection Set: 6.8ms
[2026-01-16T08:57:25.079+0000][gc,phases   ] GC(547)   Merge Heap Roots: 2.8ms
[2026-01-16T08:57:25.079+0000][gc,phases   ] GC(547)   Evacuate Collection Set: 167.2ms
[2026-01-16T08:57:25.080+0000][gc,phases   ] GC(547)   Post Evacuate Collection Set: 4.9ms
[2026-01-16T08:57:25.080+0000][gc,phases   ] GC(547)   Other: 36.8ms
[2026-01-16T08:57:25.080+0000][gc,heap     ] GC(547) Eden regions: 47->0(46)
[2026-01-16T08:57:25.080+0000][gc,heap     ] GC(547) Survivor regions: 4->5(7)
[2026-01-16T08:57:25.081+0000][gc,heap     ] GC(547) Old regions: 236->236
[2026-01-16T08:57:25.081+0000][gc,heap     ] GC(547) Humongous regions: 94->94
[2026-01-16T08:57:25.082+0000][gc,metaspace] GC(547) Metaspace: 12527K(12992K)->12527K(12992K) NonClass: 11432K(11648K)->11432K(11648K) Class: 1095K(1344K)->1095K(1344K)
[2026-01-16T08:57:25.083+0000][gc          ] GC(547) Pause Young (Normal) (G1 Evacuation Pause) 380M->334M(1024M) 224.466ms
[2026-01-16T08:57:25.083+0000][gc,cpu      ] GC(547) User=0.15s Sys=0.01s Real=0.22s
[2026-01-16T08:57:26.650+0000][gc,start    ] GC(548) Pause Young (Normal) (GCLocker Initiated GC)
[2026-01-16T08:57:26.652+0000][gc,task     ] GC(548) Using 8 workers of 8 for evacuation
[2026-01-16T08:57:27.156+0000][gc,mmu      ] GC(548) MMU target violated: 201.0ms (200.0ms/201.0ms)
[2026-01-16T08:57:27.159+0000][gc,phases   ] GC(548)   Pre Evacuate Collection Set: 34.4ms
[2026-01-16T08:57:27.171+0000][gc,phases   ] GC(548)   Merge Heap Roots: 0.6ms
[2026-01-16T08:57:27.173+0000][gc,phases   ] GC(548)   Evacuate Collection Set: 374.7ms
[2026-01-16T08:57:27.174+0000][gc,phases   ] GC(548)   Post Evacuate Collection Set: 91.1ms
[2026-01-16T08:57:27.189+0000][gc,phases   ] GC(548)   Other: 6.4ms
[2026-01-16T08:57:27.201+0000][gc,heap     ] GC(548) Eden regions: 47->0(47)
[2026-01-16T08:57:27.202+0000][gc,heap     ] GC(548) Survivor regions: 5->4(7)
[2026-01-16T08:57:27.202+0000][gc,heap     ] GC(548) Old regions: 236->238
[2026-01-16T08:57:27.203+0000][gc,heap     ] GC(548) Humongous regions: 94->94
[2026-01-16T08:57:27.203+0000][gc,metaspace] GC(548) Metaspace: 12527K(12992K)->12527K(12992K) NonClass: 11432K(11648K)->11432K(11648K) Class: 1095K(1344K)->1095K(1344K)
[2026-01-16T08:57:27.203+0000][gc          ] GC(548) Pause Young (Normal) (GCLocker Initiated GC) 381M->335M(1024M) 553.473ms
[2026-01-16T08:57:27.208+0000][gc,cpu      ] GC(548) User=0.18s Sys=0.07s Real=0.56s
[2026-01-16T08:57:28.035+0000][gc,start    ] GC(549) Pause Young (Normal) (G1 Evacuation Pause)
[2026-01-16T08:57:28.041+0000][gc,task     ] GC(549) Using 8 workers of 8 for evacuation
[2026-01-16T08:57:28.278+0000][gc,mmu      ] GC(549) MMU target violated: 201.0ms (200.0ms/201.0ms)
[2026-01-16T08:57:28.279+0000][gc,phases   ] GC(549)   Pre Evacuate Collection Set: 26.9ms
[2026-01-16T08:57:28.282+0000][gc,phases   ] GC(549)   Merge Heap Roots: 8.1ms
[2026-01-16T08:57:28.282+0000][gc,phases   ] GC(549)   Evacuate Collection Set: 186.8ms
[2026-01-16T08:57:28.283+0000][gc,phases   ] GC(549)   Post Evacuate Collection Set: 7.0ms
[2026-01-16T08:57:28.285+0000][gc,phases   ] GC(549)   Other: 8.6ms
[2026-01-16T08:57:28.286+0000][gc,heap     ] GC(549) Eden regions: 47->0(46)
[2026-01-16T08:57:28.291+0000][gc,heap     ] GC(549) Survivor regions: 4->5(7)
[2026-01-16T08:57:28.295+0000][gc,heap     ] GC(549) Old regions: 238->238
[2026-01-16T08:57:28.296+0000][gc,heap     ] GC(549) Humongous regions: 94->94
[2026-01-16T08:57:28.298+0000][gc,metaspace] GC(549) Metaspace: 12527K(12992K)->12527K(12992K) NonClass: 11432K(11648K)->11432K(11648K) Class: 1095K(1344K)->1095K(1344K)
[2026-01-16T08:57:28.299+0000][gc          ] GC(549) Pause Young (Normal) (G1 Evacuation Pause) 382M->335M(1024M) 264.002ms
[2026-01-16T08:57:28.300+0000][gc,cpu      ] GC(549) User=0.13s Sys=0.01s Real=0.27s
[2026-01-16T08:57:29.715+0000][gc,start    ] GC(550) Pause Young (Normal) (G1 Evacuation Pause)
[2026-01-16T08:57:29.730+0000][gc,task     ] GC(550) Using 8 workers of 8 for evacuation
[2026-01-16T08:57:30.342+0000][gc,mmu      ] GC(550) MMU target violated: 201.0ms (200.0ms/201.0ms)
[2026-01-16T08:57:30.342+0000][gc,phases   ] GC(550)   Pre Evacuate Collection Set: 47.1ms
[2026-01-16T08:57:30.343+0000][gc,phases   ] GC(550)   Merge Heap Roots: 4.8ms
[2026-01-16T08:57:30.346+0000][gc,phases   ] GC(550)   Evacuate Collection Set: 549.2ms
[2026-01-16T08:57:30.349+0000][gc,phases   ] GC(550)   Post Evacuate Collection Set: 7.6ms
[2026-01-16T08:57:30.352+0000][gc,phases   ] GC(550)   Other: 3.3ms
[2026-01-16T08:57:30.355+0000][gc,heap     ] GC(550) Eden regions: 46->0(47)
[2026-01-16T08:57:30.358+0000][gc,heap     ] GC(550) Survivor regions: 5->4(7)
[2026-01-16T08:57:30.359+0000][gc,heap     ] GC(550) Old regions: 238->239
[2026-01-16T08:57:30.360+0000][gc,heap     ] GC(550) Humongous regions: 94->94
[2026-01-16T08:57:30.365+0000][gc,metaspace] GC(550) Metaspace: 12527K(12992K)->12527K(12992K) NonClass: 11432K(11648K)->11432K(11648K) Class: 1095K(1344K)->1095K(1344K)
[2026-01-16T08:57:30.368+0000][gc          ] GC(550) Pause Young (Normal) (G1 Evacuation Pause) 381M->336M(1024M) 652.292ms
[2026-01-16T08:57:30.368+0000][gc,cpu      ] GC(550) User=0.17s Sys=0.03s Real=0.66s
[2026-01-16T08:57:33.756+0000][gc,start    ] GC(551) Pause Young (Normal) (G1 Evacuation Pause)
[2026-01-16T08:57:33.764+0000][gc,task     ] GC(551) Using 8 workers of 8 for evacuation
[2026-01-16T08:57:34.213+0000][gc,mmu      ] GC(551) MMU target violated: 201.0ms (200.0ms/201.0ms)
[2026-01-16T08:57:34.219+0000][gc,phases   ] GC(551)   Pre Evacuate Collection Set: 40.6ms
[2026-01-16T08:57:34.221+0000][gc,phases   ] GC(551)   Merge Heap Roots: 6.3ms
[2026-01-16T08:57:34.224+0000][gc,phases   ] GC(551)   Evacuate Collection Set: 390.0ms
[2026-01-16T08:57:34.225+0000][gc,phases   ] GC(551)   Post Evacuate Collection Set: 10.1ms
[2026-01-16T08:57:34.226+0000][gc,phases   ] GC(551)   Other: 7.6ms
[2026-01-16T08:57:34.227+0000][gc,heap     ] GC(551) Eden regions: 47->0(46)
[2026-01-16T08:57:34.227+0000][gc,heap     ] GC(551) Survivor regions: 4->5(7)
[2026-01-16T08:57:34.227+0000][gc,heap     ] GC(551) Old regions: 239->239
[2026-01-16T08:57:34.229+0000][gc,heap     ] GC(551) Humongous regions: 94->94
[2026-01-16T08:57:34.229+0000][gc,metaspace] GC(551) Metaspace: 12529K(12992K)->12529K(12992K) NonClass: 11434K(11648K)->11434K(11648K) Class: 1095K(1344K)->1095K(1344K)
[2026-01-16T08:57:34.231+0000][gc          ] GC(551) Pause Young (Normal) (G1 Evacuation Pause) 383M->336M(1024M) 474.168ms
[2026-01-16T08:57:34.232+0000][gc,cpu      ] GC(551) User=0.21s Sys=0.01s Real=0.48s
[2026-01-16T08:57:36.744+0000][gc,start    ] GC(552) Pause Young (Normal) (G1 Evacuation Pause)
[2026-01-16T08:57:36.749+0000][gc,task     ] GC(552) Using 8 workers of 8 for evacuation
[2026-01-16T08:57:37.345+0000][gc,mmu      ] GC(552) MMU target violated: 201.0ms (200.0ms/201.0ms)
[2026-01-16T08:57:37.345+0000][gc,phases   ] GC(552)   Pre Evacuate Collection Set: 47.9ms
[2026-01-16T08:57:37.346+0000][gc,phases   ] GC(552)   Merge Heap Roots: 6.5ms
[2026-01-16T08:57:37.346+0000][gc,phases   ] GC(552)   Evacuate Collection Set: 521.1ms
[2026-01-16T08:57:37.346+0000][gc,phases   ] GC(552)   Post Evacuate Collection Set: 14.9ms
[2026-01-16T08:57:37.346+0000][gc,phases   ] GC(552)   Other: 5.3ms
[2026-01-16T08:57:37.346+0000][gc,heap     ] GC(552) Eden regions: 46->0(47)
[2026-01-16T08:57:37.346+0000][gc,heap     ] GC(552) Survivor regions: 5->4(7)
[2026-01-16T08:57:37.346+0000][gc,heap     ] GC(552) Old regions: 239->240
[2026-01-16T08:57:37.346+0000][gc,heap     ] GC(552) Humongous regions: 94->94
[2026-01-16T08:57:37.346+0000][gc,metaspace] GC(552) Metaspace: 12529K(12992K)->12529K(12992K) NonClass: 11434K(11648K)->11434K(11648K) Class: 1095K(1344K)->1095K(1344K)
[2026-01-16T08:57:37.346+0000][gc          ] GC(552) Pause Young (Normal) (G1 Evacuation Pause) 382M->337M(1024M) 602.499ms
[2026-01-16T08:57:37.346+0000][gc,cpu      ] GC(552) User=0.13s Sys=0.02s Real=0.60s
[2026-01-16T08:57:38.890+0000][gc,start    ] GC(553) Pause Young (Normal) (G1 Evacuation Pause)
[2026-01-16T08:57:38.894+0000][gc,task     ] GC(553) Using 8 workers of 8 for evacuation
[2026-01-16T08:57:39.216+0000][gc,mmu      ] GC(553) MMU target violated: 201.0ms (200.0ms/201.0ms)
[2026-01-16T08:57:39.218+0000][gc,phases   ] GC(553)   Pre Evacuate Collection Set: 7.0ms
[2026-01-16T08:57:39.218+0000][gc,phases   ] GC(553)   Merge Heap Roots: 3.4ms
[2026-01-16T08:57:39.219+0000][gc,phases   ] GC(553)   Evacuate Collection Set: 173.3ms
[2026-01-16T08:57:39.225+0000][gc,phases   ] GC(553)   Post Evacuate Collection Set: 137.9ms
[2026-01-16T08:57:39.228+0000][gc,phases   ] GC(553)   Other: 2.5ms
[2026-01-16T08:57:39.229+0000][gc,heap     ] GC(553) Eden regions: 47->0(46)
[2026-01-16T08:57:39.230+0000][gc,heap     ] GC(553) Survivor regions: 4->5(7)
[2026-01-16T08:57:39.231+0000][gc,heap     ] GC(553) Old regions: 240->240
[2026-01-16T08:57:39.231+0000][gc,heap     ] GC(553) Humongous regions: 94->94
[2026-01-16T08:57:39.231+0000][gc,metaspace] GC(553) Metaspace: 12529K(12992K)->12529K(12992K) NonClass: 11434K(11648K)->11434K(11648K) Class: 1095K(1344K)->1095K(1344K)
[2026-01-16T08:57:39.233+0000][gc          ] GC(553) Pause Young (Normal) (G1 Evacuation Pause) 384M->337M(1024M) 342.589ms
[2026-01-16T08:57:39.235+0000][gc,cpu      ] GC(553) User=0.18s Sys=0.02s Real=0.34s
[2026-01-16T08:57:40.023+0000][gc,start    ] GC(554) Pause Young (Normal) (G1 Evacuation Pause)
[2026-01-16T08:57:40.024+0000][gc,task     ] GC(554) Using 8 workers of 8 for evacuation
[2026-01-16T08:57:40.242+0000][gc,mmu      ] GC(554) MMU target violated: 201.0ms (200.0ms/201.0ms)
[2026-01-16T08:57:40.244+0000][gc,phases   ] GC(554)   Pre Evacuate Collection Set: 6.1ms
[2026-01-16T08:57:40.247+0000][gc,phases   ] GC(554)   Merge Heap Roots: 10.8ms
[2026-01-16T08:57:40.247+0000][gc,phases   ] GC(554)   Evacuate Collection Set: 197.3ms
[2026-01-16T08:57:40.248+0000][gc,phases   ] GC(554)   Post Evacuate Collection Set: 2.5ms
[2026-01-16T08:57:40.250+0000][gc,phases   ] GC(554)   Other: 3.9ms
[2026-01-16T08:57:40.251+0000][gc,heap     ] GC(554) Eden regions: 46->0(46)
[2026-01-16T08:57:40.251+0000][gc,heap     ] GC(554) Survivor regions: 5->5(7)
[2026-01-16T08:57:40.251+0000][gc,heap     ] GC(554) Old regions: 240->241
[2026-01-16T08:57:40.251+0000][gc,heap     ] GC(554) Humongous regions: 94->94
[2026-01-16T08:57:40.251+0000][gc,metaspace] GC(554) Metaspace: 12529K(12992K)->12529K(12992K) NonClass: 11434K(11648K)->11434K(11648K) Class: 1095K(1344K)->1095K(1344K)
[2026-01-16T08:57:40.251+0000][gc          ] GC(554) Pause Young (Normal) (G1 Evacuation Pause) 383M->338M(1024M) 227.894ms
[2026-01-16T08:57:40.251+0000][gc,cpu      ] GC(554) User=0.08s Sys=0.01s Real=0.23s
[2026-01-16T08:57:41.665+0000][gc,start    ] GC(555) Pause Young (Normal) (G1 Evacuation Pause)
[2026-01-16T08:57:41.667+0000][gc,task     ] GC(555) Using 8 workers of 8 for evacuation
[2026-01-16T08:57:41.949+0000][gc,mmu      ] GC(555) MMU target violated: 201.0ms (200.0ms/201.0ms)
[2026-01-16T08:57:41.949+0000][gc,phases   ] GC(555)   Pre Evacuate Collection Set: 15.7ms
[2026-01-16T08:57:41.950+0000][gc,phases   ] GC(555)   Merge Heap Roots: 0.9ms
[2026-01-16T08:57:41.959+0000][gc,phases   ] GC(555)   Evacuate Collection Set: 214.7ms
[2026-01-16T08:57:41.963+0000][gc,phases   ] GC(555)   Post Evacuate Collection Set: 49.7ms
[2026-01-16T08:57:41.965+0000][gc,phases   ] GC(555)   Other: 1.6ms
[2026-01-16T08:57:41.968+0000][gc,heap     ] GC(555) Eden regions: 46->0(47)
[2026-01-16T08:57:41.974+0000][gc,heap     ] GC(555) Survivor regions: 5->4(7)
[2026-01-16T08:57:41.976+0000][gc,heap     ] GC(555) Old regions: 241->242
[2026-01-16T08:57:41.976+0000][gc,heap     ] GC(555) Humongous regions: 94->94
[2026-01-16T08:57:41.977+0000][gc,metaspace] GC(555) Metaspace: 12534K(12992K)->12534K(12992K) NonClass: 11439K(11648K)->11439K(11648K) Class: 1095K(1344K)->1095K(1344K)
[2026-01-16T08:57:41.978+0000][gc          ] GC(555) Pause Young (Normal) (G1 Evacuation Pause) 384M->338M(1024M) 312.731ms
[2026-01-16T08:57:41.978+0000][gc,cpu      ] GC(555) User=0.15s Sys=0.02s Real=0.32s
[2026-01-16T08:57:44.429+0000][gc,start    ] GC(556) Pause Young (Normal) (G1 Evacuation Pause)
[2026-01-16T08:57:44.436+0000][gc,task     ] GC(556) Using 8 workers of 8 for evacuation
[2026-01-16T08:57:45.007+0000][gc,mmu      ] GC(556) MMU target violated: 201.0ms (200.0ms/201.0ms)
[2026-01-16T08:57:45.009+0000][gc,phases   ] GC(556)   Pre Evacuate Collection Set: 35.2ms
[2026-01-16T08:57:45.030+0000][gc,phases   ] GC(556)   Merge Heap Roots: 16.7ms
[2026-01-16T08:57:45.030+0000][gc,phases   ] GC(556)   Evacuate Collection Set: 475.4ms
[2026-01-16T08:57:45.031+0000][gc,phases   ] GC(556)   Post Evacuate Collection Set: 33.2ms
[2026-01-16T08:57:45.031+0000][gc,phases   ] GC(556)   Other: 12.9ms
[2026-01-16T08:57:45.031+0000][gc,heap     ] GC(556) Eden regions: 47->0(46)
[2026-01-16T08:57:45.034+0000][gc,heap     ] GC(556) Survivor regions: 4->5(7)
[2026-01-16T08:57:45.063+0000][gc,heap     ] GC(556) Old regions: 242->242
[2026-01-16T08:57:45.073+0000][gc,heap     ] GC(556) Humongous regions: 94->94
[2026-01-16T08:57:45.077+0000][gc,metaspace] GC(556) Metaspace: 12536K(12992K)->12536K(12992K) NonClass: 11441K(11648K)->11441K(11648K) Class: 1095K(1344K)->1095K(1344K)
[2026-01-16T08:57:45.079+0000][gc          ] GC(556) Pause Young (Normal) (G1 Evacuation Pause) 385M->339M(1024M) 650.305ms
[2026-01-16T08:57:45.079+0000][gc,cpu      ] GC(556) User=0.17s Sys=0.01s Real=0.65s
[2026-01-16T08:57:47.050+0000][gc,start    ] GC(557) Pause Young (Normal) (G1 Evacuation Pause)
[2026-01-16T08:57:47.059+0000][gc,task     ] GC(557) Using 8 workers of 8 for evacuation
[2026-01-16T08:57:47.378+0000][gc,mmu      ] GC(557) MMU target violated: 201.0ms (200.0ms/201.0ms)
[2026-01-16T08:57:47.378+0000][gc,phases   ] GC(557)   Pre Evacuate Collection Set: 34.1ms
[2026-01-16T08:57:47.380+0000][gc,phases   ] GC(557)   Merge Heap Roots: 11.2ms
[2026-01-16T08:57:47.380+0000][gc,phases   ] GC(557)   Evacuate Collection Set: 223.5ms
[2026-01-16T08:57:47.381+0000][gc,phases   ] GC(557)   Post Evacuate Collection Set: 48.8ms
[2026-01-16T08:57:47.382+0000][gc,phases   ] GC(557)   Other: 1.9ms
[2026-01-16T08:57:47.382+0000][gc,heap     ] GC(557) Eden regions: 46->0(47)
[2026-01-16T08:57:47.383+0000][gc,heap     ] GC(557) Survivor regions: 5->4(7)
[2026-01-16T08:57:47.383+0000][gc,heap     ] GC(557) Old regions: 242->243
[2026-01-16T08:57:47.383+0000][gc,heap     ] GC(557) Humongous regions: 94->94
[2026-01-16T08:57:47.383+0000][gc,metaspace] GC(557) Metaspace: 12538K(12992K)->12538K(12992K) NonClass: 11443K(11648K)->11443K(11648K) Class: 1095K(1344K)->1095K(1344K)
[2026-01-16T08:57:47.384+0000][gc          ] GC(557) Pause Young (Normal) (G1 Evacuation Pause) 385M->340M(1024M) 334.343ms
[2026-01-16T08:57:47.384+0000][gc,cpu      ] GC(557) User=0.18s Sys=0.05s Real=0.33s
[2026-01-16T08:57:48.603+0000][gc,start    ] GC(558) Pause Young (Normal) (G1 Evacuation Pause)
[2026-01-16T08:57:48.614+0000][gc,task     ] GC(558) Using 8 workers of 8 for evacuation
[2026-01-16T08:57:48.831+0000][gc,mmu      ] GC(558) MMU target violated: 201.0ms (200.0ms/201.0ms)
[2026-01-16T08:57:48.832+0000][gc,phases   ] GC(558)   Pre Evacuate Collection Set: 28.0ms
[2026-01-16T08:57:48.833+0000][gc,phases   ] GC(558)   Merge Heap Roots: 5.2ms
[2026-01-16T08:57:48.833+0000][gc,phases   ] GC(558)   Evacuate Collection Set: 156.3ms
[2026-01-16T08:57:48.834+0000][gc,phases   ] GC(558)   Post Evacuate Collection Set: 6.1ms
[2026-01-16T08:57:48.834+0000][gc,phases   ] GC(558)   Other: 22.4ms
[2026-01-16T08:57:48.834+0000][gc,heap     ] GC(558) Eden regions: 47->0(47)
[2026-01-16T08:57:48.835+0000][gc,heap     ] GC(558) Survivor regions: 4->4(7)
[2026-01-16T08:57:48.836+0000][gc,heap     ] GC(558) Old regions: 243->243
[2026-01-16T08:57:48.837+0000][gc,heap     ] GC(558) Humongous regions: 94->94
[2026-01-16T08:57:48.837+0000][gc,metaspace] GC(558) Metaspace: 12539K(12992K)->12539K(12992K) NonClass: 11444K(11648K)->11444K(11648K) Class: 1095K(1344K)->1095K(1344K)
[2026-01-16T08:57:48.837+0000][gc          ] GC(558) Pause Young (Normal) (G1 Evacuation Pause) 387M->340M(1024M) 233.998ms
[2026-01-16T08:57:48.839+0000][gc,cpu      ] GC(558) User=0.12s Sys=0.01s Real=0.24s
[2026-01-16T08:57:49.740+0000][gc,start    ] GC(559) Pause Young (Normal) (G1 Evacuation Pause)
[2026-01-16T08:57:49.741+0000][gc,task     ] GC(559) Using 8 workers of 8 for evacuation
[2026-01-16T08:57:49.916+0000][gc,phases   ] GC(559)   Pre Evacuate Collection Set: 8.0ms
[2026-01-16T08:57:49.917+0000][gc,phases   ] GC(559)   Merge Heap Roots: 2.2ms
[2026-01-16T08:57:49.917+0000][gc,phases   ] GC(559)   Evacuate Collection Set: 144.7ms
[2026-01-16T08:57:49.920+0000][gc,phases   ] GC(559)   Post Evacuate Collection Set: 18.9ms
[2026-01-16T08:57:49.921+0000][gc,phases   ] GC(559)   Other: 1.3ms
[2026-01-16T08:57:49.922+0000][gc,heap     ] GC(559) Eden regions: 47->0(46)
[2026-01-16T08:57:49.923+0000][gc,heap     ] GC(559) Survivor regions: 4->5(7)
[2026-01-16T08:57:49.923+0000][gc,heap     ] GC(559) Old regions: 243->243
[2026-01-16T08:57:49.924+0000][gc,heap     ] GC(559) Humongous regions: 94->94
[2026-01-16T08:57:49.924+0000][gc,metaspace] GC(559) Metaspace: 12539K(12992K)->12539K(12992K) NonClass: 11444K(11648K)->11444K(11648K) Class: 1095K(1344K)->1095K(1344K)
[2026-01-16T08:57:49.925+0000][gc          ] GC(559) Pause Young (Normal) (G1 Evacuation Pause) 387M->341M(1024M) 185.195ms
[2026-01-16T08:57:49.927+0000][gc,cpu      ] GC(559) User=0.07s Sys=0.01s Real=0.19s
[2026-01-16T08:57:50.598+0000][gc,start    ] GC(560) Pause Young (Normal) (G1 Evacuation Pause)
[2026-01-16T08:57:50.600+0000][gc,task     ] GC(560) Using 8 workers of 8 for evacuation
[2026-01-16T08:57:50.678+0000][gc,phases   ] GC(560)   Pre Evacuate Collection Set: 3.5ms
[2026-01-16T08:57:50.681+0000][gc,phases   ] GC(560)   Merge Heap Roots: 0.7ms
[2026-01-16T08:57:50.683+0000][gc,phases   ] GC(560)   Evacuate Collection Set: 71.1ms
[2026-01-16T08:57:50.684+0000][gc,phases   ] GC(560)   Post Evacuate Collection Set: 0.9ms
[2026-01-16T08:57:50.684+0000][gc,phases   ] GC(560)   Other: 1.6ms
[2026-01-16T08:57:50.692+0000][gc,heap     ] GC(560) Eden regions: 46->0(46)
[2026-01-16T08:57:50.697+0000][gc,heap     ] GC(560) Survivor regions: 5->5(7)
[2026-01-16T08:57:50.701+0000][gc,heap     ] GC(560) Old regions: 243->244
[2026-01-16T08:57:50.702+0000][gc,heap     ] GC(560) Humongous regions: 94->94
[2026-01-16T08:57:50.703+0000][gc,metaspace] GC(560) Metaspace: 12541K(12992K)->12541K(12992K) NonClass: 11446K(11648K)->11446K(11648K) Class: 1095K(1344K)->1095K(1344K)
[2026-01-16T08:57:50.705+0000][gc          ] GC(560) Pause Young (Normal) (G1 Evacuation Pause) 387M->342M(1024M) 106.923ms
[2026-01-16T08:57:50.705+0000][gc,cpu      ] GC(560) User=0.04s Sys=0.00s Real=0.10s
[2026-01-16T08:57:51.555+0000][gc,start    ] GC(561) Pause Young (Normal) (G1 Evacuation Pause)
[2026-01-16T08:57:51.560+0000][gc,task     ] GC(561) Using 8 workers of 8 for evacuation
[2026-01-16T08:57:51.712+0000][gc,phases   ] GC(561)   Pre Evacuate Collection Set: 11.1ms
[2026-01-16T08:57:51.713+0000][gc,phases   ] GC(561)   Merge Heap Roots: 0.7ms
[2026-01-16T08:57:51.718+0000][gc,phases   ] GC(561)   Evacuate Collection Set: 107.4ms
[2026-01-16T08:57:51.724+0000][gc,phases   ] GC(561)   Post Evacuate Collection Set: 31.6ms
[2026-01-16T08:57:51.724+0000][gc,phases   ] GC(561)   Other: 1.3ms
[2026-01-16T08:57:51.725+0000][gc,heap     ] GC(561) Eden regions: 46->0(46)
[2026-01-16T08:57:51.729+0000][gc,heap     ] GC(561) Survivor regions: 5->5(7)
[2026-01-16T08:57:51.730+0000][gc,heap     ] GC(561) Old regions: 244->245
[2026-01-16T08:57:51.733+0000][gc,heap     ] GC(561) Humongous regions: 94->94
[2026-01-16T08:57:51.737+0000][gc,metaspace] GC(561) Metaspace: 12542K(12992K)->12542K(12992K) NonClass: 11447K(11648K)->11447K(11648K) Class: 1095K(1344K)->1095K(1344K)
[2026-01-16T08:57:51.738+0000][gc          ] GC(561) Pause Young (Normal) (G1 Evacuation Pause) 388M->342M(1024M) 182.766ms
[2026-01-16T08:57:51.744+0000][gc,cpu      ] GC(561) User=0.12s Sys=0.02s Real=0.19s
[2026-01-16T08:57:55.588+0000][gc,start    ] GC(562) Pause Young (Normal) (G1 Evacuation Pause)
[2026-01-16T08:57:55.591+0000][gc,task     ] GC(562) Using 8 workers of 8 for evacuation
[2026-01-16T08:57:56.032+0000][gc,mmu      ] GC(562) MMU target violated: 201.0ms (200.0ms/201.0ms)
[2026-01-16T08:57:56.036+0000][gc,phases   ] GC(562)   Pre Evacuate Collection Set: 23.2ms
[2026-01-16T08:57:56.037+0000][gc,phases   ] GC(562)   Merge Heap Roots: 5.5ms
[2026-01-16T08:57:56.038+0000][gc,phases   ] GC(562)   Evacuate Collection Set: 371.7ms
[2026-01-16T08:57:56.038+0000][gc,phases   ] GC(562)   Post Evacuate Collection Set: 36.8ms
[2026-01-16T08:57:56.039+0000][gc,phases   ] GC(562)   Other: 8.0ms
[2026-01-16T08:57:56.040+0000][gc,heap     ] GC(562) Eden regions: 46->0(46)
[2026-01-16T08:57:56.040+0000][gc,heap     ] GC(562) Survivor regions: 5->5(7)
[2026-01-16T08:57:56.040+0000][gc,heap     ] GC(562) Old regions: 245->245
[2026-01-16T08:57:56.041+0000][gc,heap     ] GC(562) Humongous regions: 94->94
[2026-01-16T08:57:56.041+0000][gc,metaspace] GC(562) Metaspace: 12543K(12992K)->12543K(12992K) NonClass: 11448K(11648K)->11448K(11648K) Class: 1095K(1344K)->1095K(1344K)
[2026-01-16T08:57:56.042+0000][gc          ] GC(562) Pause Young (Normal) (G1 Evacuation Pause) 388M->343M(1024M) 453.981ms
[2026-01-16T08:57:56.044+0000][gc,cpu      ] GC(562) User=0.30s Sys=0.05s Real=0.46s
[2026-01-16T08:57:58.497+0000][gc,start    ] GC(563) Pause Young (Normal) (G1 Evacuation Pause)
[2026-01-16T08:57:58.498+0000][gc,task     ] GC(563) Using 8 workers of 8 for evacuation
[2026-01-16T08:57:58.812+0000][gc,mmu      ] GC(563) MMU target violated: 201.0ms (200.0ms/201.0ms)
[2026-01-16T08:57:58.821+0000][gc,phases   ] GC(563)   Pre Evacuate Collection Set: 48.8ms
[2026-01-16T08:57:58.824+0000][gc,phases   ] GC(563)   Merge Heap Roots: 1.7ms
[2026-01-16T08:57:58.824+0000][gc,phases   ] GC(563)   Evacuate Collection Set: 250.2ms
[2026-01-16T08:57:58.827+0000][gc,phases   ] GC(563)   Post Evacuate Collection Set: 11.8ms
[2026-01-16T08:57:58.828+0000][gc,phases   ] GC(563)   Other: 10.4ms
[2026-01-16T08:57:58.829+0000][gc,heap     ] GC(563) Eden regions: 46->0(48)
[2026-01-16T08:57:58.829+0000][gc,heap     ] GC(563) Survivor regions: 5->3(7)
[2026-01-16T08:57:58.829+0000][gc,heap     ] GC(563) Old regions: 245->246
[2026-01-16T08:57:58.829+0000][gc,heap     ] GC(563) Humongous regions: 94->94
[2026-01-16T08:57:58.830+0000][gc,metaspace] GC(563) Metaspace: 12544K(12992K)->12544K(12992K) NonClass: 11449K(11648K)->11449K(11648K) Class: 1095K(1344K)->1095K(1344K)
[2026-01-16T08:57:58.830+0000][gc          ] GC(563) Pause Young (Normal) (G1 Evacuation Pause) 389M->342M(1024M) 333.706ms
[2026-01-16T08:57:58.831+0000][gc,cpu      ] GC(563) User=0.11s Sys=0.02s Real=0.34s
[2026-01-16T08:58:01.418+0000][gc,start    ] GC(564) Pause Young (Normal) (G1 Evacuation Pause)
[2026-01-16T08:58:01.419+0000][gc,task     ] GC(564) Using 8 workers of 8 for evacuation
[2026-01-16T08:58:01.717+0000][gc,mmu      ] GC(564) MMU target violated: 201.0ms (200.0ms/201.0ms)
[2026-01-16T08:58:01.719+0000][gc,phases   ] GC(564)   Pre Evacuate Collection Set: 7.5ms
[2026-01-16T08:58:01.722+0000][gc,phases   ] GC(564)   Merge Heap Roots: 0.4ms
[2026-01-16T08:58:01.723+0000][gc,phases   ] GC(564)   Evacuate Collection Set: 281.6ms
[2026-01-16T08:58:01.725+0000][gc,phases   ] GC(564)   Post Evacuate Collection Set: 9.0ms
[2026-01-16T08:58:01.731+0000][gc,phases   ] GC(564)   Other: 1.6ms
[2026-01-16T08:58:01.732+0000][gc,heap     ] GC(564) Eden regions: 48->0(47)
[2026-01-16T08:58:01.735+0000][gc,heap     ] GC(564) Survivor regions: 3->4(7)
[2026-01-16T08:58:01.737+0000][gc,heap     ] GC(564) Old regions: 246->246
[2026-01-16T08:58:01.737+0000][gc,heap     ] GC(564) Humongous regions: 94->94
[2026-01-16T08:58:01.738+0000][gc,metaspace] GC(564) Metaspace: 12544K(12992K)->12544K(12992K) NonClass: 11449K(11648K)->11449K(11648K) Class: 1095K(1344K)->1095K(1344K)
[2026-01-16T08:58:01.739+0000][gc          ] GC(564) Pause Young (Normal) (G1 Evacuation Pause) 390M->342M(1024M) 321.625ms
[2026-01-16T08:58:01.739+0000][gc,cpu      ] GC(564) User=0.12s Sys=0.01s Real=0.32s
[2026-01-16T08:58:05.243+0000][gc,start    ] GC(565) Pause Young (Normal) (G1 Evacuation Pause)
[2026-01-16T08:58:05.248+0000][gc,task     ] GC(565) Using 8 workers of 8 for evacuation
[2026-01-16T08:58:05.649+0000][gc,mmu      ] GC(565) MMU target violated: 201.0ms (200.0ms/201.0ms)
[2026-01-16T08:58:05.651+0000][gc,phases   ] GC(565)   Pre Evacuate Collection Set: 25.1ms
[2026-01-16T08:58:05.653+0000][gc,phases   ] GC(565)   Merge Heap Roots: 10.8ms
[2026-01-16T08:58:05.656+0000][gc,phases   ] GC(565)   Evacuate Collection Set: 302.0ms
[2026-01-16T08:58:05.659+0000][gc,phases   ] GC(565)   Post Evacuate Collection Set: 57.4ms
[2026-01-16T08:58:05.663+0000][gc,phases   ] GC(565)   Other: 7.6ms
[2026-01-16T08:58:05.664+0000][gc,heap     ] GC(565) Eden regions: 47->0(48)
[2026-01-16T08:58:05.665+0000][gc,heap     ] GC(565) Survivor regions: 4->3(7)
[2026-01-16T08:58:05.669+0000][gc,heap     ] GC(565) Old regions: 246->246
[2026-01-16T08:58:05.669+0000][gc,heap     ] GC(565) Humongous regions: 94->94
[2026-01-16T08:58:05.670+0000][gc,metaspace] GC(565) Metaspace: 12551K(12992K)->12551K(12992K) NonClass: 11456K(11648K)->11456K(11648K) Class: 1095K(1344K)->1095K(1344K)
[2026-01-16T08:58:05.672+0000][gc          ] GC(565) Pause Young (Normal) (G1 Evacuation Pause) 389M->341M(1024M) 428.861ms
[2026-01-16T08:58:05.674+0000][gc,cpu      ] GC(565) User=0.12s Sys=0.01s Real=0.43s
[2026-01-16T08:58:09.934+0000][gc,start    ] GC(566) Pause Young (Normal) (G1 Evacuation Pause)
[2026-01-16T08:58:09.938+0000][gc,task     ] GC(566) Using 8 workers of 8 for evacuation
[2026-01-16T08:58:10.388+0000][gc,mmu      ] GC(566) MMU target violated: 201.0ms (200.0ms/201.0ms)
[2026-01-16T08:58:10.389+0000][gc,phases   ] GC(566)   Pre Evacuate Collection Set: 35.8ms
[2026-01-16T08:58:10.392+0000][gc,phases   ] GC(566)   Merge Heap Roots: 28.9ms
[2026-01-16T08:58:10.392+0000][gc,phases   ] GC(566)   Evacuate Collection Set: 369.0ms
[2026-01-16T08:58:10.393+0000][gc,phases   ] GC(566)   Post Evacuate Collection Set: 11.1ms
[2026-01-16T08:58:10.393+0000][gc,phases   ] GC(566)   Other: 5.5ms
[2026-01-16T08:58:10.394+0000][gc,heap     ] GC(566) Eden regions: 48->0(47)
[2026-01-16T08:58:10.394+0000][gc,heap     ] GC(566) Survivor regions: 3->4(7)
[2026-01-16T08:58:10.395+0000][gc,heap     ] GC(566) Old regions: 246->246
[2026-01-16T08:58:10.395+0000][gc,heap     ] GC(566) Humongous regions: 94->94
[2026-01-16T08:58:10.395+0000][gc,metaspace] GC(566) Metaspace: 12554K(13056K)->12554K(13056K) NonClass: 11459K(11712K)->11459K(11712K) Class: 1095K(1344K)->1095K(1344K)
[2026-01-16T08:58:10.396+0000][gc          ] GC(566) Pause Young (Normal) (G1 Evacuation Pause) 389M->342M(1024M) 462.054ms
[2026-01-16T08:58:10.405+0000][gc,cpu      ] GC(566) User=0.25s Sys=0.01s Real=0.47s
[2026-01-16T08:58:13.328+0000][gc,start    ] GC(567) Pause Young (Normal) (G1 Evacuation Pause)
[2026-01-16T08:58:13.352+0000][gc,task     ] GC(567) Using 8 workers of 8 for evacuation
[2026-01-16T08:58:13.851+0000][gc,mmu      ] GC(567) MMU target violated: 201.0ms (200.0ms/201.0ms)
[2026-01-16T08:58:13.852+0000][gc,phases   ] GC(567)   Pre Evacuate Collection Set: 225.9ms
[2026-01-16T08:58:13.854+0000][gc,phases   ] GC(567)   Merge Heap Roots: 6.2ms
[2026-01-16T08:58:13.855+0000][gc,phases   ] GC(567)   Evacuate Collection Set: 230.0ms
[2026-01-16T08:58:13.856+0000][gc,phases   ] GC(567)   Post Evacuate Collection Set: 11.4ms
[2026-01-16T08:58:13.857+0000][gc,phases   ] GC(567)   Other: 42.3ms
[2026-01-16T08:58:13.865+0000][gc,heap     ] GC(567) Eden regions: 47->0(48)
[2026-01-16T08:58:13.867+0000][gc,heap     ] GC(567) Survivor regions: 4->3(7)
[2026-01-16T08:58:13.867+0000][gc,heap     ] GC(567) Old regions: 246->246
[2026-01-16T08:58:13.869+0000][gc,heap     ] GC(567) Humongous regions: 94->94
[2026-01-16T08:58:13.869+0000][gc,metaspace] GC(567) Metaspace: 12581K(13056K)->12581K(13056K) NonClass: 11486K(11712K)->11486K(11712K) Class: 1095K(1344K)->1095K(1344K)
[2026-01-16T08:58:13.870+0000][gc          ] GC(567) Pause Young (Normal) (G1 Evacuation Pause) 389M->341M(1024M) 541.349ms
[2026-01-16T08:58:13.870+0000][gc,cpu      ] GC(567) User=0.15s Sys=0.01s Real=0.55s
[2026-01-16T08:58:17.569+0000][gc,start    ] GC(568) Pause Young (Normal) (G1 Evacuation Pause)
[2026-01-16T08:58:17.602+0000][gc,task     ] GC(568) Using 8 workers of 8 for evacuation
[2026-01-16T08:58:18.090+0000][gc,mmu      ] GC(568) MMU target violated: 201.0ms (200.0ms/201.0ms)
[2026-01-16T08:58:18.090+0000][gc,phases   ] GC(568)   Pre Evacuate Collection Set: 119.8ms
[2026-01-16T08:58:18.092+0000][gc,phases   ] GC(568)   Merge Heap Roots: 65.8ms
[2026-01-16T08:58:18.092+0000][gc,phases   ] GC(568)   Evacuate Collection Set: 267.5ms
[2026-01-16T08:58:18.093+0000][gc,phases   ] GC(568)   Post Evacuate Collection Set: 7.2ms
[2026-01-16T08:58:18.093+0000][gc,phases   ] GC(568)   Other: 45.6ms
[2026-01-16T08:58:18.093+0000][gc,heap     ] GC(568) Eden regions: 48->0(48)
[2026-01-16T08:58:18.094+0000][gc,heap     ] GC(568) Survivor regions: 3->3(7)
[2026-01-16T08:58:18.094+0000][gc,heap     ] GC(568) Old regions: 246->246
[2026-01-16T08:58:18.094+0000][gc,heap     ] GC(568) Humongous regions: 94->94
[2026-01-16T08:58:18.094+0000][gc,metaspace] GC(568) Metaspace: 12592K(13056K)->12592K(13056K) NonClass: 11497K(11712K)->11497K(11712K) Class: 1095K(1344K)->1095K(1344K)
[2026-01-16T08:58:18.095+0000][gc          ] GC(568) Pause Young (Normal) (G1 Evacuation Pause) 389M->342M(1024M) 525.877ms
[2026-01-16T08:58:18.095+0000][gc,cpu      ] GC(568) User=0.33s Sys=0.05s Real=0.52s
[2026-01-16T08:58:25.805+0000][gc,start    ] GC(569) Pause Young (Normal) (G1 Evacuation Pause)
[2026-01-16T08:58:25.810+0000][gc,task     ] GC(569) Using 8 workers of 8 for evacuation
[2026-01-16T08:58:26.572+0000][gc,mmu      ] GC(569) MMU target violated: 201.0ms (200.0ms/201.0ms)
[2026-01-16T08:58:26.572+0000][gc,phases   ] GC(569)   Pre Evacuate Collection Set: 221.1ms
[2026-01-16T08:58:26.572+0000][gc,phases   ] GC(569)   Merge Heap Roots: 39.1ms
[2026-01-16T08:58:26.572+0000][gc,phases   ] GC(569)   Evacuate Collection Set: 469.3ms
[2026-01-16T08:58:26.572+0000][gc,phases   ] GC(569)   Post Evacuate Collection Set: 16.0ms
[2026-01-16T08:58:26.575+0000][gc,phases   ] GC(569)   Other: 16.7ms
[2026-01-16T08:58:26.575+0000][gc,heap     ] GC(569) Eden regions: 48->0(47)
[2026-01-16T08:58:26.577+0000][gc,heap     ] GC(569) Survivor regions: 3->4(7)
[2026-01-16T08:58:26.580+0000][gc,heap     ] GC(569) Old regions: 246->246
[2026-01-16T08:58:26.581+0000][gc,heap     ] GC(569) Humongous regions: 94->94
[2026-01-16T08:58:26.583+0000][gc,metaspace] GC(569) Metaspace: 12612K(13056K)->12612K(13056K) NonClass: 11517K(11712K)->11517K(11712K) Class: 1095K(1344K)->1095K(1344K)
[2026-01-16T08:58:26.584+0000][gc          ] GC(569) Pause Young (Normal) (G1 Evacuation Pause) 390M->342M(1024M) 778.396ms
[2026-01-16T08:58:26.586+0000][gc,cpu      ] GC(569) User=0.45s Sys=0.03s Real=0.78s
[2026-01-16T08:58:30.591+0000][gc,start    ] GC(570) Pause Young (Normal) (G1 Evacuation Pause)
[2026-01-16T08:58:30.592+0000][gc,task     ] GC(570) Using 8 workers of 8 for evacuation
[2026-01-16T08:58:31.257+0000][gc,mmu      ] GC(570) MMU target violated: 201.0ms (200.0ms/201.0ms)
[2026-01-16T08:58:31.258+0000][gc,phases   ] GC(570)   Pre Evacuate Collection Set: 19.3ms
[2026-01-16T08:58:31.259+0000][gc,phases   ] GC(570)   Merge Heap Roots: 9.6ms
[2026-01-16T08:58:31.269+0000][gc,phases   ] GC(570)   Evacuate Collection Set: 561.4ms
[2026-01-16T08:58:31.270+0000][gc,phases   ] GC(570)   Post Evacuate Collection Set: 73.0ms
[2026-01-16T08:58:31.273+0000][gc,phases   ] GC(570)   Other: 2.8ms
[2026-01-16T08:58:31.279+0000][gc,heap     ] GC(570) Eden regions: 47->0(48)
[2026-01-16T08:58:31.280+0000][gc,heap     ] GC(570) Survivor regions: 4->3(7)
[2026-01-16T08:58:31.280+0000][gc,heap     ] GC(570) Old regions: 246->246
[2026-01-16T08:58:31.281+0000][gc,heap     ] GC(570) Humongous regions: 94->94
[2026-01-16T08:58:31.282+0000][gc,metaspace] GC(570) Metaspace: 12623K(13056K)->12623K(13056K) NonClass: 11527K(11712K)->11527K(11712K) Class: 1095K(1344K)->1095K(1344K)
[2026-01-16T08:58:31.283+0000][gc          ] GC(570) Pause Young (Normal) (G1 Evacuation Pause) 389M->341M(1024M) 691.720ms
[2026-01-16T08:58:31.288+0000][gc,cpu      ] GC(570) User=0.33s Sys=0.04s Real=0.70s
[2026-01-16T08:58:37.298+0000][gc,start    ] GC(571) Pause Young (Normal) (G1 Evacuation Pause)
[2026-01-16T08:58:37.311+0000][gc,task     ] GC(571) Using 8 workers of 8 for evacuation
[2026-01-16T08:58:38.449+0000][gc,mmu      ] GC(571) MMU target violated: 201.0ms (200.0ms/201.0ms)
[2026-01-16T08:58:38.482+0000][gc,phases   ] GC(571)   Pre Evacuate Collection Set: 41.5ms
[2026-01-16T08:58:38.486+0000][gc,phases   ] GC(571)   Merge Heap Roots: 19.0ms
[2026-01-16T08:58:38.489+0000][gc,phases   ] GC(571)   Evacuate Collection Set: 965.5ms
[2026-01-16T08:58:38.489+0000][gc,phases   ] GC(571)   Post Evacuate Collection Set: 105.2ms
[2026-01-16T08:58:38.490+0000][gc,phases   ] GC(571)   Other: 42.7ms
[2026-01-16T08:58:38.491+0000][gc,heap     ] GC(571) Eden regions: 48->0(47)
[2026-01-16T08:58:38.491+0000][gc,heap     ] GC(571) Survivor regions: 3->4(7)
[2026-01-16T08:58:38.500+0000][gc,heap     ] GC(571) Old regions: 246->246
[2026-01-16T08:58:38.501+0000][gc,heap     ] GC(571) Humongous regions: 94->94
[2026-01-16T08:58:38.501+0000][gc,metaspace] GC(571) Metaspace: 12631K(13056K)->12631K(13056K) NonClass: 11536K(11712K)->11536K(11712K) Class: 1095K(1344K)->1095K(1344K)
[2026-01-16T08:58:38.503+0000][gc          ] GC(571) Pause Young (Normal) (G1 Evacuation Pause) 389M->342M(1024M) 1205.054ms
[2026-01-16T08:58:38.504+0000][gc,cpu      ] GC(571) User=0.40s Sys=0.04s Real=1.21s
[2026-01-16T08:58:42.673+0000][gc,start    ] GC(572) Pause Young (Normal) (G1 Evacuation Pause)
[2026-01-16T08:58:42.690+0000][gc,task     ] GC(572) Using 8 workers of 8 for evacuation
[2026-01-16T08:58:42.991+0000][gc,mmu      ] GC(572) MMU target violated: 201.0ms (200.0ms/201.0ms)
[2026-01-16T08:58:42.993+0000][gc,phases   ] GC(572)   Pre Evacuate Collection Set: 42.0ms
[2026-01-16T08:58:42.994+0000][gc,phases   ] GC(572)   Merge Heap Roots: 4.7ms
[2026-01-16T08:58:42.996+0000][gc,phases   ] GC(572)   Evacuate Collection Set: 224.5ms
[2026-01-16T08:58:42.997+0000][gc,phases   ] GC(572)   Post Evacuate Collection Set: 27.0ms
[2026-01-16T08:58:42.997+0000][gc,phases   ] GC(572)   Other: 15.8ms
[2026-01-16T08:58:42.998+0000][gc,heap     ] GC(572) Eden regions: 47->0(47)
[2026-01-16T08:58:42.999+0000][gc,heap     ] GC(572) Survivor regions: 4->4(7)
[2026-01-16T08:58:42.999+0000][gc,heap     ] GC(572) Old regions: 246->246
[2026-01-16T08:58:43.002+0000][gc,heap     ] GC(572) Humongous regions: 94->94
[2026-01-16T08:58:43.003+0000][gc,metaspace] GC(572) Metaspace: 12649K(13120K)->12649K(13120K) NonClass: 11554K(11776K)->11554K(11776K) Class: 1095K(1344K)->1095K(1344K)
[2026-01-16T08:58:43.006+0000][gc          ] GC(572) Pause Young (Normal) (G1 Evacuation Pause) 389M->343M(1024M) 332.356ms
[2026-01-16T08:58:43.007+0000][gc,cpu      ] GC(572) User=0.22s Sys=0.02s Real=0.33s
[2026-01-16T08:58:43.921+0000][gc,start    ] GC(573) Pause Young (Normal) (G1 Evacuation Pause)
[2026-01-16T08:58:43.923+0000][gc,task     ] GC(573) Using 8 workers of 8 for evacuation
[2026-01-16T08:58:43.989+0000][gc,phases   ] GC(573)   Pre Evacuate Collection Set: 2.5ms
[2026-01-16T08:58:43.991+0000][gc,phases   ] GC(573)   Merge Heap Roots: 0.3ms
[2026-01-16T08:58:43.992+0000][gc,phases   ] GC(573)   Evacuate Collection Set: 59.8ms
[2026-01-16T08:58:43.995+0000][gc,phases   ] GC(573)   Post Evacuate Collection Set: 1.3ms
[2026-01-16T08:58:43.996+0000][gc,phases   ] GC(573)   Other: 2.3ms
[2026-01-16T08:58:43.996+0000][gc,heap     ] GC(573) Eden regions: 47->0(47)
[2026-01-16T08:58:43.997+0000][gc,heap     ] GC(573) Survivor regions: 4->4(7)
[2026-01-16T08:58:43.997+0000][gc,heap     ] GC(573) Old regions: 246->246
[2026-01-16T08:58:43.998+0000][gc,heap     ] GC(573) Humongous regions: 94->94
[2026-01-16T08:58:43.998+0000][gc,metaspace] GC(573) Metaspace: 12657K(13120K)->12657K(13120K) NonClass: 11562K(11776K)->11562K(11776K) Class: 1095K(1344K)->1095K(1344K)
[2026-01-16T08:58:43.999+0000][gc          ] GC(573) Pause Young (Normal) (G1 Evacuation Pause) 390M->343M(1024M) 77.982ms
[2026-01-16T08:58:44.000+0000][gc,cpu      ] GC(573) User=0.05s Sys=0.01s Real=0.08s
[2026-01-16T08:58:44.773+0000][gc,start    ] GC(574) Pause Young (Normal) (G1 Evacuation Pause)
[2026-01-16T08:58:44.774+0000][gc,task     ] GC(574) Using 8 workers of 8 for evacuation
[2026-01-16T08:58:44.877+0000][gc,phases   ] GC(574)   Pre Evacuate Collection Set: 4.3ms
[2026-01-16T08:58:44.880+0000][gc,phases   ] GC(574)   Merge Heap Roots: 12.3ms
[2026-01-16T08:58:44.880+0000][gc,phases   ] GC(574)   Evacuate Collection Set: 70.3ms
[2026-01-16T08:58:44.881+0000][gc,phases   ] GC(574)   Post Evacuate Collection Set: 9.6ms
[2026-01-16T08:58:44.884+0000][gc,phases   ] GC(574)   Other: 1.6ms
[2026-01-16T08:58:44.887+0000][gc,heap     ] GC(574) Eden regions: 47->0(46)
[2026-01-16T08:58:44.887+0000][gc,heap     ] GC(574) Survivor regions: 4->5(7)
[2026-01-16T08:58:44.888+0000][gc,heap     ] GC(574) Old regions: 246->247
[2026-01-16T08:58:44.889+0000][gc,heap     ] GC(574) Humongous regions: 94->94
[2026-01-16T08:58:44.890+0000][gc,metaspace] GC(574) Metaspace: 12669K(13120K)->12669K(13120K) NonClass: 11574K(11776K)->11574K(11776K) Class: 1095K(1344K)->1095K(1344K)
[2026-01-16T08:58:44.891+0000][gc          ] GC(574) Pause Young (Normal) (G1 Evacuation Pause) 390M->344M(1024M) 118.199ms
[2026-01-16T08:58:44.892+0000][gc,cpu      ] GC(574) User=0.06s Sys=0.03s Real=0.12s
[2026-01-16T08:58:46.783+0000][gc,start    ] GC(575) Pause Young (Normal) (G1 Evacuation Pause)
[2026-01-16T08:58:46.795+0000][gc,task     ] GC(575) Using 8 workers of 8 for evacuation
[2026-01-16T08:58:47.059+0000][gc,mmu      ] GC(575) MMU target violated: 201.0ms (200.0ms/201.0ms)
[2026-01-16T08:58:47.059+0000][gc,phases   ] GC(575)   Pre Evacuate Collection Set: 35.8ms
[2026-01-16T08:58:47.060+0000][gc,phases   ] GC(575)   Merge Heap Roots: 1.2ms
[2026-01-16T08:58:47.060+0000][gc,phases   ] GC(575)   Evacuate Collection Set: 200.5ms
[2026-01-16T08:58:47.060+0000][gc,phases   ] GC(575)   Post Evacuate Collection Set: 23.2ms
[2026-01-16T08:58:47.061+0000][gc,phases   ] GC(575)   Other: 3.7ms
[2026-01-16T08:58:47.061+0000][gc,heap     ] GC(575) Eden regions: 46->0(48)
[2026-01-16T08:58:47.064+0000][gc,heap     ] GC(575) Survivor regions: 5->3(7)
[2026-01-16T08:58:47.065+0000][gc,heap     ] GC(575) Old regions: 247->248
[2026-01-16T08:58:47.066+0000][gc,heap     ] GC(575) Humongous regions: 94->94
[2026-01-16T08:58:47.067+0000][gc,metaspace] GC(575) Metaspace: 12688K(13184K)->12688K(13184K) NonClass: 11593K(11840K)->11593K(11840K) Class: 1095K(1344K)->1095K(1344K)
[2026-01-16T08:58:47.067+0000][gc          ] GC(575) Pause Young (Normal) (G1 Evacuation Pause) 390M->343M(1024M) 284.046ms
[2026-01-16T08:58:47.068+0000][gc,cpu      ] GC(575) User=0.12s Sys=0.03s Real=0.29s
[2026-01-16T08:58:49.205+0000][gc,start    ] GC(576) Pause Young (Normal) (G1 Evacuation Pause)
[2026-01-16T08:58:49.219+0000][gc,task     ] GC(576) Using 8 workers of 8 for evacuation
[2026-01-16T08:58:49.627+0000][gc,mmu      ] GC(576) MMU target violated: 201.0ms (200.0ms/201.0ms)
[2026-01-16T08:58:49.631+0000][gc,phases   ] GC(576)   Pre Evacuate Collection Set: 35.7ms
[2026-01-16T08:58:49.632+0000][gc,phases   ] GC(576)   Merge Heap Roots: 1.5ms
[2026-01-16T08:58:49.633+0000][gc,phases   ] GC(576)   Evacuate Collection Set: 334.0ms
[2026-01-16T08:58:49.635+0000][gc,phases   ] GC(576)   Post Evacuate Collection Set: 33.5ms
[2026-01-16T08:58:49.636+0000][gc,phases   ] GC(576)   Other: 6.8ms
[2026-01-16T08:58:49.636+0000][gc,heap     ] GC(576) Eden regions: 48->0(49)
[2026-01-16T08:58:49.636+0000][gc,heap     ] GC(576) Survivor regions: 3->2(7)
[2026-01-16T08:58:49.636+0000][gc,heap     ] GC(576) Old regions: 248->248
[2026-01-16T08:58:49.636+0000][gc,heap     ] GC(576) Humongous regions: 94->94
[2026-01-16T08:58:49.636+0000][gc,metaspace] GC(576) Metaspace: 12697K(13184K)->12697K(13184K) NonClass: 11602K(11840K)->11602K(11840K) Class: 1095K(1344K)->1095K(1344K)
[2026-01-16T08:58:49.637+0000][gc          ] GC(576) Pause Young (Normal) (G1 Evacuation Pause) 391M->342M(1024M) 431.902ms
[2026-01-16T08:58:49.637+0000][gc,cpu      ] GC(576) User=0.11s Sys=0.03s Real=0.43s
[2026-01-16T08:58:52.576+0000][gc,start    ] GC(577) Pause Young (Normal) (G1 Evacuation Pause)
[2026-01-16T08:58:52.652+0000][gc,task     ] GC(577) Using 8 workers of 8 for evacuation
[2026-01-16T08:58:53.846+0000][gc,mmu      ] GC(577) MMU target violated: 201.0ms (200.0ms/201.0ms)
[2026-01-16T08:58:53.852+0000][gc,phases   ] GC(577)   Pre Evacuate Collection Set: 352.8ms
[2026-01-16T08:58:53.853+0000][gc,phases   ] GC(577)   Merge Heap Roots: 22.0ms
[2026-01-16T08:58:53.855+0000][gc,phases   ] GC(577)   Evacuate Collection Set: 758.1ms
[2026-01-16T08:58:53.857+0000][gc,phases   ] GC(577)   Post Evacuate Collection Set: 54.3ms
[2026-01-16T08:58:53.857+0000][gc,phases   ] GC(577)   Other: 19.9ms
[2026-01-16T08:58:53.858+0000][gc,heap     ] GC(577) Eden regions: 49->0(50)
[2026-01-16T08:58:53.861+0000][gc,heap     ] GC(577) Survivor regions: 2->1(7)
[2026-01-16T08:58:53.869+0000][gc,heap     ] GC(577) Old regions: 248->248
[2026-01-16T08:58:53.874+0000][gc,heap     ] GC(577) Humongous regions: 94->94
[2026-01-16T08:58:53.875+0000][gc,metaspace] GC(577) Metaspace: 12702K(13184K)->12702K(13184K) NonClass: 11607K(11840K)->11607K(11840K) Class: 1095K(1344K)->1095K(1344K)
[2026-01-16T08:58:53.880+0000][gc          ] GC(577) Pause Young (Normal) (G1 Evacuation Pause) 391M->341M(1024M) 1303.405ms
[2026-01-16T08:58:53.881+0000][gc,cpu      ] GC(577) User=0.32s Sys=0.10s Real=1.30s
[2026-01-16T08:58:59.700+0000][gc,start    ] GC(578) Pause Young (Normal) (G1 Evacuation Pause)
[2026-01-16T08:58:59.704+0000][gc,task     ] GC(578) Using 8 workers of 8 for evacuation
[2026-01-16T08:59:00.898+0000][gc,mmu      ] GC(578) MMU target violated: 201.0ms (200.0ms/201.0ms)
[2026-01-16T08:59:00.899+0000][gc,phases   ] GC(578)   Pre Evacuate Collection Set: 75.8ms
[2026-01-16T08:59:00.899+0000][gc,phases   ] GC(578)   Merge Heap Roots: 8.7ms
[2026-01-16T08:59:00.899+0000][gc,phases   ] GC(578)   Evacuate Collection Set: 1073.6ms
[2026-01-16T08:59:00.901+0000][gc,phases   ] GC(578)   Post Evacuate Collection Set: 29.7ms
[2026-01-16T08:59:00.909+0000][gc,phases   ] GC(578)   Other: 8.0ms
[2026-01-16T08:59:00.912+0000][gc,heap     ] GC(578) Eden regions: 50->0(49)
[2026-01-16T08:59:00.913+0000][gc,heap     ] GC(578) Survivor regions: 1->2(7)
[2026-01-16T08:59:00.913+0000][gc,heap     ] GC(578) Old regions: 248->248
[2026-01-16T08:59:00.914+0000][gc,heap     ] GC(578) Humongous regions: 94->94
[2026-01-16T08:59:00.914+0000][gc,metaspace] GC(578) Metaspace: 12702K(13184K)->12702K(13184K) NonClass: 11607K(11840K)->11607K(11840K) Class: 1095K(1344K)->1095K(1344K)
[2026-01-16T08:59:00.914+0000][gc          ] GC(578) Pause Young (Normal) (G1 Evacuation Pause) 391M->342M(1024M) 1214.203ms
[2026-01-16T08:59:00.915+0000][gc,cpu      ] GC(578) User=0.47s Sys=0.05s Real=1.22s
[2026-01-16T08:59:08.640+0000][gc,start    ] GC(579) Pause Young (Normal) (G1 Evacuation Pause)
[2026-01-16T08:59:08.649+0000][gc,task     ] GC(579) Using 8 workers of 8 for evacuation
[2026-01-16T08:59:08.953+0000][gc,mmu      ] GC(579) MMU target violated: 201.0ms (200.0ms/201.0ms)
[2026-01-16T08:59:08.953+0000][gc,phases   ] GC(579)   Pre Evacuate Collection Set: 35.5ms
[2026-01-16T08:59:08.955+0000][gc,phases   ] GC(579)   Merge Heap Roots: 4.4ms
[2026-01-16T08:59:08.955+0000][gc,phases   ] GC(579)   Evacuate Collection Set: 244.1ms
[2026-01-16T08:59:08.955+0000][gc,phases   ] GC(579)   Post Evacuate Collection Set: 18.8ms
[2026-01-16T08:59:08.955+0000][gc,phases   ] GC(579)   Other: 2.3ms
[2026-01-16T08:59:08.955+0000][gc,heap     ] GC(579) Eden regions: 49->0(49)
[2026-01-16T08:59:08.955+0000][gc,heap     ] GC(579) Survivor regions: 2->2(7)
[2026-01-16T08:59:08.955+0000][gc,heap     ] GC(579) Old regions: 248->248
[2026-01-16T08:59:08.955+0000][gc,heap     ] GC(579) Humongous regions: 94->94
[2026-01-16T08:59:08.956+0000][gc,metaspace] GC(579) Metaspace: 12703K(13184K)->12703K(13184K) NonClass: 11608K(11840K)->11608K(11840K) Class: 1095K(1344K)->1095K(1344K)
[2026-01-16T08:59:08.956+0000][gc          ] GC(579) Pause Young (Normal) (G1 Evacuation Pause) 391M->343M(1024M) 315.475ms
[2026-01-16T08:59:08.956+0000][gc,cpu      ] GC(579) User=0.20s Sys=0.01s Real=0.32s
[2026-01-16T08:59:12.489+0000][gc,start    ] GC(580) Pause Young (Normal) (G1 Evacuation Pause)
[2026-01-16T08:59:12.492+0000][gc,task     ] GC(580) Using 8 workers of 8 for evacuation
[2026-01-16T08:59:12.903+0000][gc,mmu      ] GC(580) MMU target violated: 201.0ms (200.0ms/201.0ms)
[2026-01-16T08:59:12.903+0000][gc,phases   ] GC(580)   Pre Evacuate Collection Set: 24.4ms
[2026-01-16T08:59:12.903+0000][gc,phases   ] GC(580)   Merge Heap Roots: 6.3ms
[2026-01-16T08:59:12.904+0000][gc,phases   ] GC(580)   Evacuate Collection Set: 356.7ms
[2026-01-16T08:59:12.904+0000][gc,phases   ] GC(580)   Post Evacuate Collection Set: 12.6ms
[2026-01-16T08:59:12.907+0000][gc,phases   ] GC(580)   Other: 11.0ms
[2026-01-16T08:59:12.908+0000][gc,heap     ] GC(580) Eden regions: 49->0(49)
[2026-01-16T08:59:12.908+0000][gc,heap     ] GC(580) Survivor regions: 2->2(7)
[2026-01-16T08:59:12.917+0000][gc,heap     ] GC(580) Old regions: 248->248
[2026-01-16T08:59:12.918+0000][gc,heap     ] GC(580) Humongous regions: 94->94
[2026-01-16T08:59:12.918+0000][gc,metaspace] GC(580) Metaspace: 12703K(13184K)->12703K(13184K) NonClass: 11608K(11840K)->11608K(11840K) Class: 1095K(1344K)->1095K(1344K)
[2026-01-16T08:59:12.918+0000][gc          ] GC(580) Pause Young (Normal) (G1 Evacuation Pause) 392M->342M(1024M) 429.293ms
[2026-01-16T08:59:12.920+0000][gc,cpu      ] GC(580) User=0.18s Sys=0.01s Real=0.43s
[2026-01-16T08:59:18.480+0000][gc,start    ] GC(581) Pause Young (Normal) (G1 Evacuation Pause)
[2026-01-16T08:59:18.484+0000][gc,task     ] GC(581) Using 8 workers of 8 for evacuation
[2026-01-16T08:59:19.102+0000][gc,mmu      ] GC(581) MMU target violated: 201.0ms (200.0ms/201.0ms)
[2026-01-16T08:59:19.103+0000][gc,phases   ] GC(581)   Pre Evacuate Collection Set: 119.4ms
[2026-01-16T08:59:19.103+0000][gc,phases   ] GC(581)   Merge Heap Roots: 21.0ms
[2026-01-16T08:59:19.104+0000][gc,phases   ] GC(581)   Evacuate Collection Set: 462.2ms
[2026-01-16T08:59:19.122+0000][gc,phases   ] GC(581)   Post Evacuate Collection Set: 12.3ms
[2026-01-16T08:59:19.124+0000][gc,phases   ] GC(581)   Other: 3.6ms
[2026-01-16T08:59:19.126+0000][gc,heap     ] GC(581) Eden regions: 49->0(49)
[2026-01-16T08:59:19.126+0000][gc,heap     ] GC(581) Survivor regions: 2->2(7)
[2026-01-16T08:59:19.127+0000][gc,heap     ] GC(581) Old regions: 248->248
[2026-01-16T08:59:19.127+0000][gc,heap     ] GC(581) Humongous regions: 94->94
[2026-01-16T08:59:19.127+0000][gc,metaspace] GC(581) Metaspace: 12705K(13184K)->12705K(13184K) NonClass: 11610K(11840K)->11610K(11840K) Class: 1095K(1344K)->1095K(1344K)
[2026-01-16T08:59:19.127+0000][gc          ] GC(581) Pause Young (Normal) (G1 Evacuation Pause) 391M->343M(1024M) 647.586ms
[2026-01-16T08:59:19.127+0000][gc,cpu      ] GC(581) User=0.30s Sys=0.07s Real=0.65s
[2026-01-16T08:59:22.234+0000][gc,start    ] GC(582) Pause Young (Normal) (G1 Evacuation Pause)
[2026-01-16T08:59:22.245+0000][gc,task     ] GC(582) Using 8 workers of 8 for evacuation
[2026-01-16T08:59:22.626+0000][gc,mmu      ] GC(582) MMU target violated: 201.0ms (200.0ms/201.0ms)
[2026-01-16T08:59:22.632+0000][gc,phases   ] GC(582)   Pre Evacuate Collection Set: 36.8ms
[2026-01-16T08:59:22.633+0000][gc,phases   ] GC(582)   Merge Heap Roots: 12.2ms
[2026-01-16T08:59:22.637+0000][gc,phases   ] GC(582)   Evacuate Collection Set: 296.6ms
[2026-01-16T08:59:22.638+0000][gc,phases   ] GC(582)   Post Evacuate Collection Set: 28.2ms
[2026-01-16T08:59:22.639+0000][gc,phases   ] GC(582)   Other: 12.9ms
[2026-01-16T08:59:22.645+0000][gc,heap     ] GC(582) Eden regions: 49->0(48)
[2026-01-16T08:59:22.649+0000][gc,heap     ] GC(582) Survivor regions: 2->3(7)
[2026-01-16T08:59:22.651+0000][gc,heap     ] GC(582) Old regions: 248->248
[2026-01-16T08:59:22.660+0000][gc,heap     ] GC(582) Humongous regions: 94->94
[2026-01-16T08:59:22.676+0000][gc,metaspace] GC(582) Metaspace: 12713K(13184K)->12713K(13184K) NonClass: 11618K(11840K)->11618K(11840K) Class: 1095K(1344K)->1095K(1344K)
[2026-01-16T08:59:22.682+0000][gc          ] GC(582) Pause Young (Normal) (G1 Evacuation Pause) 392M->343M(1024M) 447.972ms
[2026-01-16T08:59:22.684+0000][gc,cpu      ] GC(582) User=0.26s Sys=0.02s Real=0.45s
[2026-01-16T08:59:25.910+0000][gc,start    ] GC(583) Pause Young (Normal) (G1 Evacuation Pause)
[2026-01-16T08:59:25.917+0000][gc,task     ] GC(583) Using 8 workers of 8 for evacuation
[2026-01-16T08:59:26.240+0000][gc,mmu      ] GC(583) MMU target violated: 201.0ms (200.0ms/201.0ms)
[2026-01-16T08:59:26.242+0000][gc,phases   ] GC(583)   Pre Evacuate Collection Set: 96.4ms
[2026-01-16T08:59:26.243+0000][gc,phases   ] GC(583)   Merge Heap Roots: 4.5ms
[2026-01-16T08:59:26.245+0000][gc,phases   ] GC(583)   Evacuate Collection Set: 189.5ms
[2026-01-16T08:59:26.251+0000][gc,phases   ] GC(583)   Post Evacuate Collection Set: 31.1ms
[2026-01-16T08:59:26.252+0000][gc,phases   ] GC(583)   Other: 3.1ms
[2026-01-16T08:59:26.255+0000][gc,heap     ] GC(583) Eden regions: 48->0(49)
[2026-01-16T08:59:26.259+0000][gc,heap     ] GC(583) Survivor regions: 3->2(7)
[2026-01-16T08:59:26.263+0000][gc,heap     ] GC(583) Old regions: 248->248
[2026-01-16T08:59:26.264+0000][gc,heap     ] GC(583) Humongous regions: 94->94
[2026-01-16T08:59:26.264+0000][gc,metaspace] GC(583) Metaspace: 12713K(13184K)->12713K(13184K) NonClass: 11618K(11840K)->11618K(11840K) Class: 1095K(1344K)->1095K(1344K)
[2026-01-16T08:59:26.265+0000][gc          ] GC(583) Pause Young (Normal) (G1 Evacuation Pause) 391M->343M(1024M) 401.550ms
[2026-01-16T08:59:26.266+0000][gc,cpu      ] GC(583) User=0.23s Sys=0.02s Real=0.41s
[2026-01-16T08:59:35.960+0000][gc,start    ] GC(584) Pause Young (Normal) (G1 Evacuation Pause)
[2026-01-16T08:59:35.964+0000][gc,task     ] GC(584) Using 8 workers of 8 for evacuation
[2026-01-16T08:59:36.681+0000][gc,mmu      ] GC(584) MMU target violated: 201.0ms (200.0ms/201.0ms)
[2026-01-16T08:59:36.684+0000][gc,phases   ] GC(584)   Pre Evacuate Collection Set: 40.1ms
[2026-01-16T08:59:36.687+0000][gc,phases   ] GC(584)   Merge Heap Roots: 13.8ms
[2026-01-16T08:59:36.698+0000][gc,phases   ] GC(584)   Evacuate Collection Set: 615.4ms
[2026-01-16T08:59:36.699+0000][gc,phases   ] GC(584)   Post Evacuate Collection Set: 41.3ms
[2026-01-16T08:59:36.700+0000][gc,phases   ] GC(584)   Other: 9.4ms
[2026-01-16T08:59:36.705+0000][gc,heap     ] GC(584) Eden regions: 49->0(48)
[2026-01-16T08:59:36.707+0000][gc,heap     ] GC(584) Survivor regions: 2->3(7)
[2026-01-16T08:59:36.709+0000][gc,heap     ] GC(584) Old regions: 248->248
[2026-01-16T08:59:36.711+0000][gc,heap     ] GC(584) Humongous regions: 94->94
[2026-01-16T08:59:36.715+0000][gc,metaspace] GC(584) Metaspace: 12714K(13184K)->12714K(13184K) NonClass: 11619K(11840K)->11619K(11840K) Class: 1095K(1344K)->1095K(1344K)
[2026-01-16T08:59:36.721+0000][gc          ] GC(584) Pause Young (Normal) (G1 Evacuation Pause) 392M->343M(1024M) 761.395ms
[2026-01-16T08:59:36.722+0000][gc,cpu      ] GC(584) User=0.42s Sys=0.02s Real=0.76s
[2026-01-16T08:59:43.153+0000][gc,start    ] GC(585) Pause Young (Normal) (G1 Evacuation Pause)
[2026-01-16T08:59:43.164+0000][gc,task     ] GC(585) Using 8 workers of 8 for evacuation
[2026-01-16T08:59:43.838+0000][gc,mmu      ] GC(585) MMU target violated: 201.0ms (200.0ms/201.0ms)
[2026-01-16T08:59:43.838+0000][gc,phases   ] GC(585)   Pre Evacuate Collection Set: 156.0ms
[2026-01-16T08:59:43.840+0000][gc,phases   ] GC(585)   Merge Heap Roots: 51.7ms
[2026-01-16T08:59:43.841+0000][gc,phases   ] GC(585)   Evacuate Collection Set: 423.8ms
[2026-01-16T08:59:43.841+0000][gc,phases   ] GC(585)   Post Evacuate Collection Set: 27.4ms
[2026-01-16T08:59:43.841+0000][gc,phases   ] GC(585)   Other: 15.6ms
[2026-01-16T08:59:43.842+0000][gc,heap     ] GC(585) Eden regions: 48->0(49)
[2026-01-16T08:59:43.842+0000][gc,heap     ] GC(585) Survivor regions: 3->2(7)
[2026-01-16T08:59:43.842+0000][gc,heap     ] GC(585) Old regions: 248->248
[2026-01-16T08:59:43.843+0000][gc,heap     ] GC(585) Humongous regions: 94->94
[2026-01-16T08:59:43.843+0000][gc,metaspace] GC(585) Metaspace: 12714K(13184K)->12714K(13184K) NonClass: 11619K(11840K)->11619K(11840K) Class: 1095K(1344K)->1095K(1344K)
[2026-01-16T08:59:43.843+0000][gc          ] GC(585) Pause Young (Normal) (G1 Evacuation Pause) 391M->343M(1024M) 690.824ms
[2026-01-16T08:59:43.844+0000][gc,cpu      ] GC(585) User=0.38s Sys=0.05s Real=0.69s
[2026-01-16T08:59:47.810+0000][gc,start    ] GC(586) Pause Young (Normal) (G1 Evacuation Pause)
[2026-01-16T08:59:47.813+0000][gc,task     ] GC(586) Using 8 workers of 8 for evacuation
[2026-01-16T08:59:48.226+0000][gc,mmu      ] GC(586) MMU target violated: 201.0ms (200.0ms/201.0ms)
[2026-01-16T08:59:48.228+0000][gc,phases   ] GC(586)   Pre Evacuate Collection Set: 34.2ms
[2026-01-16T08:59:48.233+0000][gc,phases   ] GC(586)   Merge Heap Roots: 18.0ms
[2026-01-16T08:59:48.235+0000][gc,phases   ] GC(586)   Evacuate Collection Set: 349.8ms
[2026-01-16T08:59:48.243+0000][gc,phases   ] GC(586)   Post Evacuate Collection Set: 10.1ms
[2026-01-16T08:59:48.248+0000][gc,phases   ] GC(586)   Other: 3.0ms
[2026-01-16T08:59:48.249+0000][gc,heap     ] GC(586) Eden regions: 49->0(48)
[2026-01-16T08:59:48.249+0000][gc,heap     ] GC(586) Survivor regions: 2->3(7)
[2026-01-16T08:59:48.250+0000][gc,heap     ] GC(586) Old regions: 248->248
[2026-01-16T08:59:48.250+0000][gc,heap     ] GC(586) Humongous regions: 94->94
[2026-01-16T08:59:48.251+0000][gc,metaspace] GC(586) Metaspace: 12714K(13184K)->12714K(13184K) NonClass: 11619K(11840K)->11619K(11840K) Class: 1095K(1344K)->1095K(1344K)
[2026-01-16T08:59:48.252+0000][gc          ] GC(586) Pause Young (Normal) (G1 Evacuation Pause) 392M->343M(1024M) 441.672ms
[2026-01-16T08:59:48.253+0000][gc,cpu      ] GC(586) User=0.25s Sys=0.04s Real=0.45s
[2026-01-16T08:59:51.096+0000][gc,start    ] GC(587) Pause Young (Normal) (G1 Evacuation Pause)
[2026-01-16T08:59:51.112+0000][gc,task     ] GC(587) Using 8 workers of 8 for evacuation
[2026-01-16T08:59:51.706+0000][gc,mmu      ] GC(587) MMU target violated: 201.0ms (200.0ms/201.0ms)
[2026-01-16T08:59:51.707+0000][gc,phases   ] GC(587)   Pre Evacuate Collection Set: 41.9ms
[2026-01-16T08:59:51.708+0000][gc,phases   ] GC(587)   Merge Heap Roots: 7.3ms
[2026-01-16T08:59:51.708+0000][gc,phases   ] GC(587)   Evacuate Collection Set: 342.0ms
[2026-01-16T08:59:51.709+0000][gc,phases   ] GC(587)   Post Evacuate Collection Set: 127.6ms
[2026-01-16T08:59:51.711+0000][gc,phases   ] GC(587)   Other: 76.1ms
[2026-01-16T08:59:51.711+0000][gc,heap     ] GC(587) Eden regions: 48->0(48)
[2026-01-16T08:59:51.712+0000][gc,heap     ] GC(587) Survivor regions: 3->3(7)
[2026-01-16T08:59:51.712+0000][gc,heap     ] GC(587) Old regions: 248->248
[2026-01-16T08:59:51.712+0000][gc,heap     ] GC(587) Humongous regions: 94->94
[2026-01-16T08:59:51.712+0000][gc,metaspace] GC(587) Metaspace: 12714K(13184K)->12714K(13184K) NonClass: 11619K(11840K)->11619K(11840K) Class: 1095K(1344K)->1095K(1344K)
[2026-01-16T08:59:51.714+0000][gc          ] GC(587) Pause Young (Normal) (G1 Evacuation Pause) 391M->344M(1024M) 618.571ms
[2026-01-16T08:59:51.714+0000][gc,cpu      ] GC(587) User=0.30s Sys=0.05s Real=0.63s
[2026-01-16T08:59:55.058+0000][gc,start    ] GC(588) Pause Young (Normal) (G1 Evacuation Pause)
[2026-01-16T08:59:55.062+0000][gc,task     ] GC(588) Using 8 workers of 8 for evacuation
[2026-01-16T08:59:55.345+0000][gc,mmu      ] GC(588) MMU target violated: 201.0ms (200.0ms/201.0ms)
[2026-01-16T08:59:55.346+0000][gc,phases   ] GC(588)   Pre Evacuate Collection Set: 26.6ms
[2026-01-16T08:59:55.346+0000][gc,phases   ] GC(588)   Merge Heap Roots: 5.5ms
[2026-01-16T08:59:55.349+0000][gc,phases   ] GC(588)   Evacuate Collection Set: 216.8ms
[2026-01-16T08:59:55.352+0000][gc,phases   ] GC(588)   Post Evacuate Collection Set: 27.6ms
[2026-01-16T08:59:55.352+0000][gc,phases   ] GC(588)   Other: 7.5ms
[2026-01-16T08:59:55.353+0000][gc,heap     ] GC(588) Eden regions: 48->0(46)
[2026-01-16T08:59:55.353+0000][gc,heap     ] GC(588) Survivor regions: 3->5(7)
[2026-01-16T08:59:55.353+0000][gc,heap     ] GC(588) Old regions: 248->248
[2026-01-16T08:59:55.353+0000][gc,heap     ] GC(588) Humongous regions: 94->94
[2026-01-16T08:59:55.353+0000][gc,metaspace] GC(588) Metaspace: 12714K(13184K)->12714K(13184K) NonClass: 11619K(11840K)->11619K(11840K) Class: 1095K(1344K)->1095K(1344K)
[2026-01-16T08:59:55.354+0000][gc          ] GC(588) Pause Young (Normal) (G1 Evacuation Pause) 392M->345M(1024M) 295.616ms
[2026-01-16T08:59:55.354+0000][gc,cpu      ] GC(588) User=0.24s Sys=0.03s Real=0.30s
[2026-01-16T08:59:57.677+0000][gc,start    ] GC(589) Pause Young (Normal) (G1 Evacuation Pause)
[2026-01-16T08:59:57.688+0000][gc,task     ] GC(589) Using 8 workers of 8 for evacuation
[2026-01-16T08:59:58.142+0000][gc,mmu      ] GC(589) MMU target violated: 201.0ms (200.0ms/201.0ms)
[2026-01-16T08:59:58.144+0000][gc,phases   ] GC(589)   Pre Evacuate Collection Set: 53.0ms
[2026-01-16T08:59:58.158+0000][gc,phases   ] GC(589)   Merge Heap Roots: 19.6ms
[2026-01-16T08:59:58.166+0000][gc,phases   ] GC(589)   Evacuate Collection Set: 352.3ms
[2026-01-16T08:59:58.167+0000][gc,phases   ] GC(589)   Post Evacuate Collection Set: 23.6ms
[2026-01-16T08:59:58.168+0000][gc,phases   ] GC(589)   Other: 7.9ms
[2026-01-16T08:59:58.172+0000][gc,heap     ] GC(589) Eden regions: 46->0(47)
[2026-01-16T08:59:58.173+0000][gc,heap     ] GC(589) Survivor regions: 5->4(7)
[2026-01-16T08:59:58.178+0000][gc,heap     ] GC(589) Old regions: 248->248
[2026-01-16T08:59:58.180+0000][gc,heap     ] GC(589) Humongous regions: 94->94
[2026-01-16T08:59:58.180+0000][gc,metaspace] GC(589) Metaspace: 12714K(13184K)->12714K(13184K) NonClass: 11619K(11840K)->11619K(11840K) Class: 1095K(1344K)->1095K(1344K)
[2026-01-16T08:59:58.182+0000][gc          ] GC(589) Pause Young (Normal) (G1 Evacuation Pause) 391M->345M(1024M) 504.849ms
[2026-01-16T08:59:58.190+0000][gc,cpu      ] GC(589) User=0.30s Sys=0.03s Real=0.51s
[2026-01-16T09:00:00.572+0000][gc,start    ] GC(590) Pause Young (Normal) (G1 Evacuation Pause)
[2026-01-16T09:00:00.583+0000][gc,task     ] GC(590) Using 8 workers of 8 for evacuation
[2026-01-16T09:00:01.129+0000][gc,mmu      ] GC(590) MMU target violated: 201.0ms (200.0ms/201.0ms)
[2026-01-16T09:00:01.131+0000][gc,phases   ] GC(590)   Pre Evacuate Collection Set: 62.3ms
[2026-01-16T09:00:01.132+0000][gc,phases   ] GC(590)   Merge Heap Roots: 4.3ms
[2026-01-16T09:00:01.133+0000][gc,phases   ] GC(590)   Evacuate Collection Set: 447.2ms
[2026-01-16T09:00:01.140+0000][gc,phases   ] GC(590)   Post Evacuate Collection Set: 27.2ms
[2026-01-16T09:00:01.140+0000][gc,phases   ] GC(590)   Other: 12.3ms
[2026-01-16T09:00:01.140+0000][gc,heap     ] GC(590) Eden regions: 47->0(46)
[2026-01-16T09:00:01.140+0000][gc,heap     ] GC(590) Survivor regions: 4->5(7)
[2026-01-16T09:00:01.140+0000][gc,heap     ] GC(590) Old regions: 248->249
[2026-01-16T09:00:01.140+0000][gc,heap     ] GC(590) Humongous regions: 94->94
[2026-01-16T09:00:01.140+0000][gc,metaspace] GC(590) Metaspace: 12714K(13184K)->12714K(13184K) NonClass: 11619K(11840K)->11619K(11840K) Class: 1095K(1344K)->1095K(1344K)
[2026-01-16T09:00:01.140+0000][gc          ] GC(590) Pause Young (Normal) (G1 Evacuation Pause) 392M->346M(1024M) 568.303ms
[2026-01-16T09:00:01.141+0000][gc,cpu      ] GC(590) User=0.27s Sys=0.07s Real=0.57s
[2026-01-16T09:00:04.064+0000][gc,start    ] GC(591) Pause Young (Normal) (G1 Evacuation Pause)
[2026-01-16T09:00:04.074+0000][gc,task     ] GC(591) Using 8 workers of 8 for evacuation
[2026-01-16T09:00:04.524+0000][gc,mmu      ] GC(591) MMU target violated: 201.0ms (200.0ms/201.0ms)
[2026-01-16T09:00:04.531+0000][gc,phases   ] GC(591)   Pre Evacuate Collection Set: 32.6ms
[2026-01-16T09:00:04.531+0000][gc,phases   ] GC(591)   Merge Heap Roots: 6.3ms
[2026-01-16T09:00:04.532+0000][gc,phases   ] GC(591)   Evacuate Collection Set: 368.8ms
[2026-01-16T09:00:04.532+0000][gc,phases   ] GC(591)   Post Evacuate Collection Set: 26.5ms
[2026-01-16T09:00:04.532+0000][gc,phases   ] GC(591)   Other: 19.3ms
[2026-01-16T09:00:04.533+0000][gc,heap     ] GC(591) Eden regions: 46->0(46)
[2026-01-16T09:00:04.534+0000][gc,heap     ] GC(591) Survivor regions: 5->5(7)
[2026-01-16T09:00:04.536+0000][gc,heap     ] GC(591) Old regions: 249->249
[2026-01-16T09:00:04.538+0000][gc,heap     ] GC(591) Humongous regions: 94->94
[2026-01-16T09:00:04.539+0000][gc,metaspace] GC(591) Metaspace: 12714K(13184K)->12714K(13184K) NonClass: 11619K(11840K)->11619K(11840K) Class: 1095K(1344K)->1095K(1344K)
[2026-01-16T09:00:04.542+0000][gc          ] GC(591) Pause Young (Normal) (G1 Evacuation Pause) 392M->346M(1024M) 472.129ms
[2026-01-16T09:00:04.543+0000][gc,cpu      ] GC(591) User=0.16s Sys=0.01s Real=0.47s
[2026-01-16T09:00:05.526+0000][gc,start    ] GC(592) Pause Young (Normal) (G1 Evacuation Pause)
[2026-01-16T09:00:05.540+0000][gc,task     ] GC(592) Using 8 workers of 8 for evacuation
[2026-01-16T09:00:05.799+0000][gc,mmu      ] GC(592) MMU target violated: 201.0ms (200.0ms/201.0ms)
[2026-01-16T09:00:05.801+0000][gc,phases   ] GC(592)   Pre Evacuate Collection Set: 33.1ms
[2026-01-16T09:00:05.802+0000][gc,phases   ] GC(592)   Merge Heap Roots: 7.3ms
[2026-01-16T09:00:05.803+0000][gc,phases   ] GC(592)   Evacuate Collection Set: 197.7ms
[2026-01-16T09:00:05.803+0000][gc,phases   ] GC(592)   Post Evacuate Collection Set: 3.4ms
[2026-01-16T09:00:05.804+0000][gc,phases   ] GC(592)   Other: 19.8ms
[2026-01-16T09:00:05.804+0000][gc,heap     ] GC(592) Eden regions: 46->0(46)
[2026-01-16T09:00:05.805+0000][gc,heap     ] GC(592) Survivor regions: 5->5(7)
[2026-01-16T09:00:05.805+0000][gc,heap     ] GC(592) Old regions: 249->250
[2026-01-16T09:00:05.806+0000][gc,heap     ] GC(592) Humongous regions: 94->94
[2026-01-16T09:00:05.807+0000][gc,metaspace] GC(592) Metaspace: 12714K(13184K)->12714K(13184K) NonClass: 11619K(11840K)->11619K(11840K) Class: 1095K(1344K)->1095K(1344K)
[2026-01-16T09:00:05.809+0000][gc          ] GC(592) Pause Young (Normal) (G1 Evacuation Pause) 392M->347M(1024M) 283.094ms
[2026-01-16T09:00:05.811+0000][gc,cpu      ] GC(592) User=0.10s Sys=0.01s Real=0.29s
[2026-01-16T09:00:07.548+0000][gc,start    ] GC(593) Pause Young (Normal) (G1 Evacuation Pause)
[2026-01-16T09:00:07.549+0000][gc,task     ] GC(593) Using 8 workers of 8 for evacuation
[2026-01-16T09:00:07.860+0000][gc,mmu      ] GC(593) MMU target violated: 201.0ms (200.0ms/201.0ms)
[2026-01-16T09:00:07.862+0000][gc,phases   ] GC(593)   Pre Evacuate Collection Set: 24.4ms
[2026-01-16T09:00:07.864+0000][gc,phases   ] GC(593)   Merge Heap Roots: 3.9ms
[2026-01-16T09:00:07.864+0000][gc,phases   ] GC(593)   Evacuate Collection Set: 275.0ms
[2026-01-16T09:00:07.864+0000][gc,phases   ] GC(593)   Post Evacuate Collection Set: 5.0ms
[2026-01-16T09:00:07.866+0000][gc,phases   ] GC(593)   Other: 4.4ms
[2026-01-16T09:00:07.867+0000][gc,heap     ] GC(593) Eden regions: 46->0(46)
[2026-01-16T09:00:07.868+0000][gc,heap     ] GC(593) Survivor regions: 5->5(7)
[2026-01-16T09:00:07.869+0000][gc,heap     ] GC(593) Old regions: 250->251
[2026-01-16T09:00:07.870+0000][gc,heap     ] GC(593) Humongous regions: 94->94
[2026-01-16T09:00:07.872+0000][gc,metaspace] GC(593) Metaspace: 12714K(13184K)->12714K(13184K) NonClass: 11619K(11840K)->11619K(11840K) Class: 1095K(1344K)->1095K(1344K)
[2026-01-16T09:00:07.873+0000][gc          ] GC(593) Pause Young (Normal) (G1 Evacuation Pause) 393M->348M(1024M) 325.074ms
[2026-01-16T09:00:07.874+0000][gc,cpu      ] GC(593) User=0.16s Sys=0.03s Real=0.32s
[2026-01-16T09:00:09.988+0000][gc,start    ] GC(594) Pause Young (Normal) (G1 Evacuation Pause)
[2026-01-16T09:00:09.989+0000][gc,task     ] GC(594) Using 8 workers of 8 for evacuation
[2026-01-16T09:00:10.354+0000][gc,mmu      ] GC(594) MMU target violated: 201.0ms (200.0ms/201.0ms)
[2026-01-16T09:00:10.355+0000][gc,phases   ] GC(594)   Pre Evacuate Collection Set: 8.8ms
[2026-01-16T09:00:10.357+0000][gc,phases   ] GC(594)   Merge Heap Roots: 4.0ms
[2026-01-16T09:00:10.357+0000][gc,phases   ] GC(594)   Evacuate Collection Set: 328.2ms
[2026-01-16T09:00:10.359+0000][gc,phases   ] GC(594)   Post Evacuate Collection Set: 23.2ms
[2026-01-16T09:00:10.359+0000][gc,phases   ] GC(594)   Other: 2.3ms
[2026-01-16T09:00:10.359+0000][gc,heap     ] GC(594) Eden regions: 46->0(47)
[2026-01-16T09:00:10.360+0000][gc,heap     ] GC(594) Survivor regions: 5->4(7)
[2026-01-16T09:00:10.360+0000][gc,heap     ] GC(594) Old regions: 251->251
[2026-01-16T09:00:10.360+0000][gc,heap     ] GC(594) Humongous regions: 94->94
[2026-01-16T09:00:10.360+0000][gc,metaspace] GC(594) Metaspace: 12714K(13184K)->12714K(13184K) NonClass: 11619K(11840K)->11619K(11840K) Class: 1095K(1344K)->1095K(1344K)
[2026-01-16T09:00:10.360+0000][gc          ] GC(594) Pause Young (Normal) (G1 Evacuation Pause) 394M->348M(1024M) 372.138ms
[2026-01-16T09:00:10.360+0000][gc,cpu      ] GC(594) User=0.14s Sys=0.01s Real=0.37s
[2026-01-16T09:00:13.299+0000][gc,start    ] GC(595) Pause Young (Normal) (G1 Evacuation Pause)
[2026-01-16T09:00:13.304+0000][gc,task     ] GC(595) Using 8 workers of 8 for evacuation
[2026-01-16T09:00:13.991+0000][gc,mmu      ] GC(595) MMU target violated: 201.0ms (200.0ms/201.0ms)
[2026-01-16T09:00:13.998+0000][gc,phases   ] GC(595)   Pre Evacuate Collection Set: 49.2ms
[2026-01-16T09:00:14.002+0000][gc,phases   ] GC(595)   Merge Heap Roots: 8.1ms
[2026-01-16T09:00:14.002+0000][gc,phases   ] GC(595)   Evacuate Collection Set: 516.3ms
[2026-01-16T09:00:14.003+0000][gc,phases   ] GC(595)   Post Evacuate Collection Set: 106.7ms
[2026-01-16T09:00:14.006+0000][gc,phases   ] GC(595)   Other: 14.2ms
[2026-01-16T09:00:14.009+0000][gc,heap     ] GC(595) Eden regions: 47->0(46)
[2026-01-16T09:00:14.009+0000][gc,heap     ] GC(595) Survivor regions: 4->5(7)
[2026-01-16T09:00:14.010+0000][gc,heap     ] GC(595) Old regions: 251->252
[2026-01-16T09:00:14.010+0000][gc,heap     ] GC(595) Humongous regions: 94->94
[2026-01-16T09:00:14.011+0000][gc,metaspace] GC(595) Metaspace: 12714K(13184K)->12714K(13184K) NonClass: 11619K(11840K)->11619K(11840K) Class: 1095K(1344K)->1095K(1344K)
[2026-01-16T09:00:14.012+0000][gc          ] GC(595) Pause Young (Normal) (G1 Evacuation Pause) 395M->349M(1024M) 712.487ms
[2026-01-16T09:00:14.023+0000][gc,cpu      ] GC(595) User=0.25s Sys=0.09s Real=0.72s
[2026-01-16T09:00:15.947+0000][gc,start    ] GC(596) Pause Young (Normal) (GCLocker Initiated GC)
[2026-01-16T09:00:15.950+0000][gc,task     ] GC(596) Using 8 workers of 8 for evacuation
[2026-01-16T09:00:16.309+0000][gc,mmu      ] GC(596) MMU target violated: 201.0ms (200.0ms/201.0ms)
[2026-01-16T09:00:16.311+0000][gc,phases   ] GC(596)   Pre Evacuate Collection Set: 8.1ms
[2026-01-16T09:00:16.311+0000][gc,phases   ] GC(596)   Merge Heap Roots: 3.2ms
[2026-01-16T09:00:16.311+0000][gc,phases   ] GC(596)   Evacuate Collection Set: 343.5ms
[2026-01-16T09:00:16.312+0000][gc,phases   ] GC(596)   Post Evacuate Collection Set: 3.2ms
[2026-01-16T09:00:16.313+0000][gc,phases   ] GC(596)   Other: 3.2ms
[2026-01-16T09:00:16.315+0000][gc,heap     ] GC(596) Eden regions: 47->0(47)
[2026-01-16T09:00:16.315+0000][gc,heap     ] GC(596) Survivor regions: 5->4(7)
[2026-01-16T09:00:16.316+0000][gc,heap     ] GC(596) Old regions: 252->253
[2026-01-16T09:00:16.316+0000][gc,heap     ] GC(596) Humongous regions: 94->94
[2026-01-16T09:00:16.317+0000][gc,metaspace] GC(596) Metaspace: 12714K(13184K)->12714K(13184K) NonClass: 11619K(11840K)->11619K(11840K) Class: 1095K(1344K)->1095K(1344K)
[2026-01-16T09:00:16.317+0000][gc          ] GC(596) Pause Young (Normal) (GCLocker Initiated GC) 396M->350M(1024M) 369.537ms
[2026-01-16T09:00:16.317+0000][gc,cpu      ] GC(596) User=0.13s Sys=0.01s Real=0.37s
[2026-01-16T09:00:18.230+0000][gc,start    ] GC(597) Pause Young (Normal) (G1 Evacuation Pause)
[2026-01-16T09:00:18.241+0000][gc,task     ] GC(597) Using 8 workers of 8 for evacuation
[2026-01-16T09:00:18.408+0000][gc,phases   ] GC(597)   Pre Evacuate Collection Set: 11.2ms
[2026-01-16T09:00:18.410+0000][gc,phases   ] GC(597)   Merge Heap Roots: 6.1ms
[2026-01-16T09:00:18.411+0000][gc,phases   ] GC(597)   Evacuate Collection Set: 126.0ms
[2026-01-16T09:00:18.412+0000][gc,phases   ] GC(597)   Post Evacuate Collection Set: 20.6ms
[2026-01-16T09:00:18.412+0000][gc,phases   ] GC(597)   Other: 3.4ms
[2026-01-16T09:00:18.414+0000][gc,heap     ] GC(597) Eden regions: 47->0(48)
[2026-01-16T09:00:18.415+0000][gc,heap     ] GC(597) Survivor regions: 4->3(7)
[2026-01-16T09:00:18.416+0000][gc,heap     ] GC(597) Old regions: 253->253
[2026-01-16T09:00:18.417+0000][gc,heap     ] GC(597) Humongous regions: 94->94
[2026-01-16T09:00:18.423+0000][gc,metaspace] GC(597) Metaspace: 12714K(13184K)->12714K(13184K) NonClass: 11619K(11840K)->11619K(11840K) Class: 1095K(1344K)->1095K(1344K)
[2026-01-16T09:00:18.425+0000][gc          ] GC(597) Pause Young (Normal) (G1 Evacuation Pause) 397M->349M(1024M) 195.025ms
[2026-01-16T09:00:18.428+0000][gc,cpu      ] GC(597) User=0.09s Sys=0.01s Real=0.20s
[2026-01-16T09:00:20.646+0000][gc,start    ] GC(598) Pause Young (Normal) (G1 Evacuation Pause)
[2026-01-16T09:00:20.646+0000][gc,task     ] GC(598) Using 8 workers of 8 for evacuation
[2026-01-16T09:00:20.963+0000][gc,mmu      ] GC(598) MMU target violated: 201.0ms (200.0ms/201.0ms)
[2026-01-16T09:00:20.964+0000][gc,phases   ] GC(598)   Pre Evacuate Collection Set: 10.2ms
[2026-01-16T09:00:20.965+0000][gc,phases   ] GC(598)   Merge Heap Roots: 1.9ms
[2026-01-16T09:00:20.965+0000][gc,phases   ] GC(598)   Evacuate Collection Set: 292.9ms
[2026-01-16T09:00:20.965+0000][gc,phases   ] GC(598)   Post Evacuate Collection Set: 11.2ms
[2026-01-16T09:00:20.965+0000][gc,phases   ] GC(598)   Other: 1.2ms
[2026-01-16T09:00:20.966+0000][gc,heap     ] GC(598) Eden regions: 48->0(47)
[2026-01-16T09:00:20.966+0000][gc,heap     ] GC(598) Survivor regions: 3->4(7)
[2026-01-16T09:00:20.967+0000][gc,heap     ] GC(598) Old regions: 253->253
[2026-01-16T09:00:20.968+0000][gc,heap     ] GC(598) Humongous regions: 94->94
[2026-01-16T09:00:20.968+0000][gc,metaspace] GC(598) Metaspace: 12714K(13184K)->12714K(13184K) NonClass: 11619K(11840K)->11619K(11840K) Class: 1095K(1344K)->1095K(1344K)
[2026-01-16T09:00:20.968+0000][gc          ] GC(598) Pause Young (Normal) (G1 Evacuation Pause) 397M->350M(1024M) 322.392ms
[2026-01-16T09:00:20.969+0000][gc,cpu      ] GC(598) User=0.15s Sys=0.01s Real=0.33s
[2026-01-16T09:00:24.670+0000][gc,start    ] GC(599) Pause Young (Normal) (G1 Evacuation Pause)
[2026-01-16T09:00:24.675+0000][gc,task     ] GC(599) Using 8 workers of 8 for evacuation
[2026-01-16T09:00:25.109+0000][gc,mmu      ] GC(599) MMU target violated: 201.0ms (200.0ms/201.0ms)
[2026-01-16T09:00:25.124+0000][gc,phases   ] GC(599)   Pre Evacuate Collection Set: 16.1ms
[2026-01-16T09:00:25.127+0000][gc,phases   ] GC(599)   Merge Heap Roots: 2.0ms
[2026-01-16T09:00:25.128+0000][gc,phases   ] GC(599)   Evacuate Collection Set: 367.1ms
[2026-01-16T09:00:25.147+0000][gc,phases   ] GC(599)   Post Evacuate Collection Set: 47.8ms
[2026-01-16T09:00:25.148+0000][gc,phases   ] GC(599)   Other: 16.3ms
[2026-01-16T09:00:25.148+0000][gc,heap     ] GC(599) Eden regions: 47->0(48)
[2026-01-16T09:00:25.148+0000][gc,heap     ] GC(599) Survivor regions: 4->3(7)
[2026-01-16T09:00:25.148+0000][gc,heap     ] GC(599) Old regions: 253->253
[2026-01-16T09:00:25.148+0000][gc,heap     ] GC(599) Humongous regions: 94->94
[2026-01-16T09:00:25.149+0000][gc,metaspace] GC(599) Metaspace: 12714K(13184K)->12714K(13184K) NonClass: 11619K(11840K)->11619K(11840K) Class: 1095K(1344K)->1095K(1344K)
[2026-01-16T09:00:25.150+0000][gc          ] GC(599) Pause Young (Normal) (G1 Evacuation Pause) 397M->349M(1024M) 480.631ms
[2026-01-16T09:00:25.152+0000][gc,cpu      ] GC(599) User=0.26s Sys=0.04s Real=0.48s
[2026-01-16T09:00:28.272+0000][gc,start    ] GC(600) Pause Young (Normal) (G1 Evacuation Pause)
[2026-01-16T09:00:28.275+0000][gc,task     ] GC(600) Using 8 workers of 8 for evacuation
[2026-01-16T09:00:28.558+0000][gc,mmu      ] GC(600) MMU target violated: 201.0ms (200.0ms/201.0ms)
[2026-01-16T09:00:28.560+0000][gc,phases   ] GC(600)   Pre Evacuate Collection Set: 15.1ms
[2026-01-16T09:00:28.563+0000][gc,phases   ] GC(600)   Merge Heap Roots: 1.6ms
[2026-01-16T09:00:28.597+0000][gc,phases   ] GC(600)   Evacuate Collection Set: 255.4ms
[2026-01-16T09:00:28.598+0000][gc,phases   ] GC(600)   Post Evacuate Collection Set: 8.9ms
[2026-01-16T09:00:28.624+0000][gc,phases   ] GC(600)   Other: 4.7ms
[2026-01-16T09:00:28.624+0000][gc,heap     ] GC(600) Eden regions: 48->0(48)
[2026-01-16T09:00:28.624+0000][gc,heap     ] GC(600) Survivor regions: 3->3(7)
[2026-01-16T09:00:28.624+0000][gc,heap     ] GC(600) Old regions: 253->253
[2026-01-16T09:00:28.624+0000][gc,heap     ] GC(600) Humongous regions: 94->94
[2026-01-16T09:00:28.624+0000][gc,metaspace] GC(600) Metaspace: 12714K(13184K)->12714K(13184K) NonClass: 11619K(11840K)->11619K(11840K) Class: 1095K(1344K)->1095K(1344K)
[2026-01-16T09:00:28.625+0000][gc          ] GC(600) Pause Young (Normal) (G1 Evacuation Pause) 397M->349M(1024M) 352.245ms
[2026-01-16T09:00:28.625+0000][gc,cpu      ] GC(600) User=0.16s Sys=0.01s Real=0.35s
[2026-01-16T09:00:35.184+0000][gc,start    ] GC(601) Pause Young (Normal) (G1 Evacuation Pause)
[2026-01-16T09:00:35.204+0000][gc,task     ] GC(601) Using 8 workers of 8 for evacuation
[2026-01-16T09:00:35.581+0000][gc,mmu      ] GC(601) MMU target violated: 201.0ms (200.0ms/201.0ms)
[2026-01-16T09:00:35.582+0000][gc,phases   ] GC(601)   Pre Evacuate Collection Set: 13.9ms
[2026-01-16T09:00:35.583+0000][gc,phases   ] GC(601)   Merge Heap Roots: 11.3ms
[2026-01-16T09:00:35.586+0000][gc,phases   ] GC(601)   Evacuate Collection Set: 320.3ms
[2026-01-16T09:00:35.587+0000][gc,phases   ] GC(601)   Post Evacuate Collection Set: 31.0ms
[2026-01-16T09:00:35.588+0000][gc,phases   ] GC(601)   Other: 2.3ms
[2026-01-16T09:00:35.590+0000][gc,heap     ] GC(601) Eden regions: 48->0(48)
[2026-01-16T09:00:35.593+0000][gc,heap     ] GC(601) Survivor regions: 3->3(7)
[2026-01-16T09:00:35.595+0000][gc,heap     ] GC(601) Old regions: 253->253
[2026-01-16T09:00:35.596+0000][gc,heap     ] GC(601) Humongous regions: 94->94
[2026-01-16T09:00:35.596+0000][gc,metaspace] GC(601) Metaspace: 12714K(13184K)->12714K(13184K) NonClass: 11619K(11840K)->11619K(11840K) Class: 1095K(1344K)->1095K(1344K)
[2026-01-16T09:00:35.597+0000][gc          ] GC(601) Pause Young (Normal) (G1 Evacuation Pause) 397M->349M(1024M) 413.362ms
[2026-01-16T09:00:35.600+0000][gc,cpu      ] GC(601) User=0.25s Sys=0.02s Real=0.42s
[2026-01-16T09:00:42.575+0000][gc,start    ] GC(602) Pause Young (Normal) (G1 Evacuation Pause)
[2026-01-16T09:00:42.576+0000][gc,task     ] GC(602) Using 8 workers of 8 for evacuation
[2026-01-16T09:00:44.011+0000][gc,mmu      ] GC(602) MMU target violated: 201.0ms (200.0ms/201.0ms)
[2026-01-16T09:00:44.033+0000][gc,phases   ] GC(602)   Pre Evacuate Collection Set: 57.3ms
[2026-01-16T09:00:44.033+0000][gc,phases   ] GC(602)   Merge Heap Roots: 56.5ms
[2026-01-16T09:00:44.033+0000][gc,phases   ] GC(602)   Evacuate Collection Set: 1243.3ms
[2026-01-16T09:00:44.033+0000][gc,phases   ] GC(602)   Post Evacuate Collection Set: 55.3ms
[2026-01-16T09:00:44.033+0000][gc,phases   ] GC(602)   Other: 44.7ms
[2026-01-16T09:00:44.033+0000][gc,heap     ] GC(602) Eden regions: 48->0(48)
[2026-01-16T09:00:44.033+0000][gc,heap     ] GC(602) Survivor regions: 3->3(7)
[2026-01-16T09:00:44.033+0000][gc,heap     ] GC(602) Old regions: 253->253
[2026-01-16T09:00:44.033+0000][gc,heap     ] GC(602) Humongous regions: 94->94
[2026-01-16T09:00:44.033+0000][gc,metaspace] GC(602) Metaspace: 12714K(13184K)->12714K(13184K) NonClass: 11619K(11840K)->11619K(11840K) Class: 1095K(1344K)->1095K(1344K)
[2026-01-16T09:00:44.034+0000][gc          ] GC(602) Pause Young (Normal) (G1 Evacuation Pause) 397M->349M(1024M) 1459.073ms
[2026-01-16T09:00:44.034+0000][gc,cpu      ] GC(602) User=0.60s Sys=0.10s Real=1.46s
[2026-01-16T09:00:49.791+0000][gc,start    ] GC(603) Pause Young (Normal) (G1 Evacuation Pause)
[2026-01-16T09:00:49.794+0000][gc,task     ] GC(603) Using 8 workers of 8 for evacuation
[2026-01-16T09:00:50.662+0000][gc,mmu      ] GC(603) MMU target violated: 201.0ms (200.0ms/201.0ms)
[2026-01-16T09:00:50.669+0000][gc,phases   ] GC(603)   Pre Evacuate Collection Set: 137.3ms
[2026-01-16T09:00:50.671+0000][gc,phases   ] GC(603)   Merge Heap Roots: 70.0ms
[2026-01-16T09:00:50.671+0000][gc,phases   ] GC(603)   Evacuate Collection Set: 626.9ms
[2026-01-16T09:00:50.672+0000][gc,phases   ] GC(603)   Post Evacuate Collection Set: 29.8ms
[2026-01-16T09:00:50.673+0000][gc,phases   ] GC(603)   Other: 12.3ms
[2026-01-16T09:00:50.673+0000][gc,heap     ] GC(603) Eden regions: 48->0(47)
[2026-01-16T09:00:50.674+0000][gc,heap     ] GC(603) Survivor regions: 3->4(7)
[2026-01-16T09:00:50.674+0000][gc,heap     ] GC(603) Old regions: 253->253
[2026-01-16T09:00:50.675+0000][gc,heap     ] GC(603) Humongous regions: 94->94
[2026-01-16T09:00:50.675+0000][gc,metaspace] GC(603) Metaspace: 12714K(13184K)->12714K(13184K) NonClass: 11619K(11840K)->11619K(11840K) Class: 1095K(1344K)->1095K(1344K)
[2026-01-16T09:00:50.675+0000][gc          ] GC(603) Pause Young (Normal) (G1 Evacuation Pause) 397M->350M(1024M) 884.635ms
[2026-01-16T09:00:50.680+0000][gc,cpu      ] GC(603) User=0.49s Sys=0.05s Real=0.89s
[2026-01-16T09:00:53.776+0000][gc,start    ] GC(604) Pause Young (Normal) (G1 Evacuation Pause)
[2026-01-16T09:00:53.786+0000][gc,task     ] GC(604) Using 8 workers of 8 for evacuation
[2026-01-16T09:00:54.974+0000][gc,mmu      ] GC(604) MMU target violated: 201.0ms (200.0ms/201.0ms)
[2026-01-16T09:00:54.974+0000][gc,phases   ] GC(604)   Pre Evacuate Collection Set: 30.2ms
[2026-01-16T09:00:54.975+0000][gc,phases   ] GC(604)   Merge Heap Roots: 14.3ms
[2026-01-16T09:00:54.975+0000][gc,phases   ] GC(604)   Evacuate Collection Set: 1067.9ms
[2026-01-16T09:00:54.975+0000][gc,phases   ] GC(604)   Post Evacuate Collection Set: 70.1ms
[2026-01-16T09:00:54.975+0000][gc,phases   ] GC(604)   Other: 6.6ms
[2026-01-16T09:00:54.975+0000][gc,heap     ] GC(604) Eden regions: 47->0(46)
[2026-01-16T09:00:54.975+0000][gc,heap     ] GC(604) Survivor regions: 4->5(7)
[2026-01-16T09:00:54.975+0000][gc,heap     ] GC(604) Old regions: 253->253
[2026-01-16T09:00:54.976+0000][gc,heap     ] GC(604) Humongous regions: 94->94
[2026-01-16T09:00:54.976+0000][gc,metaspace] GC(604) Metaspace: 12714K(13184K)->12714K(13184K) NonClass: 11619K(11840K)->11619K(11840K) Class: 1095K(1344K)->1095K(1344K)
[2026-01-16T09:00:54.976+0000][gc          ] GC(604) Pause Young (Normal) (G1 Evacuation Pause) 397M->351M(1024M) 1199.876ms
[2026-01-16T09:00:54.976+0000][gc,cpu      ] GC(604) User=0.51s Sys=0.07s Real=1.20s
[2026-01-16T09:00:57.850+0000][gc,start    ] GC(605) Pause Young (Normal) (G1 Evacuation Pause)
[2026-01-16T09:00:57.861+0000][gc,task     ] GC(605) Using 8 workers of 8 for evacuation
[2026-01-16T09:00:59.375+0000][gc,mmu      ] GC(605) MMU target violated: 201.0ms (200.0ms/201.0ms)
[2026-01-16T09:00:59.380+0000][gc,phases   ] GC(605)   Pre Evacuate Collection Set: 44.9ms
[2026-01-16T09:00:59.382+0000][gc,phases   ] GC(605)   Merge Heap Roots: 22.4ms
[2026-01-16T09:00:59.387+0000][gc,phases   ] GC(605)   Evacuate Collection Set: 1377.3ms
[2026-01-16T09:00:59.390+0000][gc,phases   ] GC(605)   Post Evacuate Collection Set: 68.5ms
[2026-01-16T09:00:59.391+0000][gc,phases   ] GC(605)   Other: 6.8ms
[2026-01-16T09:00:59.393+0000][gc,heap     ] GC(605) Eden regions: 46->0(48)
[2026-01-16T09:00:59.395+0000][gc,heap     ] GC(605) Survivor regions: 5->3(7)
[2026-01-16T09:00:59.397+0000][gc,heap     ] GC(605) Old regions: 253->254
[2026-01-16T09:00:59.398+0000][gc,heap     ] GC(605) Humongous regions: 94->94
[2026-01-16T09:00:59.399+0000][gc,metaspace] GC(605) Metaspace: 12714K(13184K)->12714K(13184K) NonClass: 11619K(11840K)->11619K(11840K) Class: 1095K(1344K)->1095K(1344K)
[2026-01-16T09:00:59.403+0000][gc          ] GC(605) Pause Young (Normal) (G1 Evacuation Pause) 397M->350M(1024M) 1553.789ms
[2026-01-16T09:00:59.405+0000][gc,cpu      ] GC(605) User=0.43s Sys=0.06s Real=1.55s
[2026-01-16T09:01:03.361+0000][gc,start    ] GC(606) Pause Young (Normal) (G1 Evacuation Pause)
[2026-01-16T09:01:03.369+0000][gc,task     ] GC(606) Using 8 workers of 8 for evacuation
[2026-01-16T09:01:04.606+0000][gc,mmu      ] GC(606) MMU target violated: 201.0ms (200.0ms/201.0ms)
[2026-01-16T09:01:04.609+0000][gc,phases   ] GC(606)   Pre Evacuate Collection Set: 118.5ms
[2026-01-16T09:01:04.617+0000][gc,phases   ] GC(606)   Merge Heap Roots: 61.1ms
[2026-01-16T09:01:04.621+0000][gc,phases   ] GC(606)   Evacuate Collection Set: 1015.7ms
[2026-01-16T09:01:04.622+0000][gc,phases   ] GC(606)   Post Evacuate Collection Set: 51.8ms
[2026-01-16T09:01:04.634+0000][gc,phases   ] GC(606)   Other: 7.2ms
[2026-01-16T09:01:04.634+0000][gc,heap     ] GC(606) Eden regions: 48->0(47)
[2026-01-16T09:01:04.637+0000][gc,heap     ] GC(606) Survivor regions: 3->4(7)
[2026-01-16T09:01:04.638+0000][gc,heap     ] GC(606) Old regions: 254->254
[2026-01-16T09:01:04.638+0000][gc,heap     ] GC(606) Humongous regions: 94->94
[2026-01-16T09:01:04.640+0000][gc,metaspace] GC(606) Metaspace: 12714K(13184K)->12714K(13184K) NonClass: 11619K(11840K)->11619K(11840K) Class: 1095K(1344K)->1095K(1344K)
[2026-01-16T09:01:04.640+0000][gc          ] GC(606) Pause Young (Normal) (G1 Evacuation Pause) 398M->351M(1024M) 1291.895ms
[2026-01-16T09:01:04.640+0000][gc,cpu      ] GC(606) User=0.52s Sys=0.05s Real=1.29s
[2026-01-16T09:01:07.978+0000][gc,start    ] GC(607) Pause Young (Normal) (G1 Evacuation Pause)
[2026-01-16T09:01:07.993+0000][gc,task     ] GC(607) Using 8 workers of 8 for evacuation
[2026-01-16T09:01:08.572+0000][gc,mmu      ] GC(607) MMU target violated: 201.0ms (200.0ms/201.0ms)
[2026-01-16T09:01:08.574+0000][gc,phases   ] GC(607)   Pre Evacuate Collection Set: 54.3ms
[2026-01-16T09:01:08.575+0000][gc,phases   ] GC(607)   Merge Heap Roots: 27.8ms
[2026-01-16T09:01:08.576+0000][gc,phases   ] GC(607)   Evacuate Collection Set: 473.2ms
[2026-01-16T09:01:08.578+0000][gc,phases   ] GC(607)   Post Evacuate Collection Set: 10.1ms
[2026-01-16T09:01:08.578+0000][gc,phases   ] GC(607)   Other: 28.6ms
[2026-01-16T09:01:08.579+0000][gc,heap     ] GC(607) Eden regions: 47->0(46)
[2026-01-16T09:01:08.582+0000][gc,heap     ] GC(607) Survivor regions: 4->5(7)
[2026-01-16T09:01:08.582+0000][gc,heap     ] GC(607) Old regions: 254->254
[2026-01-16T09:01:08.582+0000][gc,heap     ] GC(607) Humongous regions: 94->94
[2026-01-16T09:01:08.583+0000][gc,metaspace] GC(607) Metaspace: 12714K(13184K)->12714K(13184K) NonClass: 11619K(11840K)->11619K(11840K) Class: 1095K(1344K)->1095K(1344K)
[2026-01-16T09:01:08.584+0000][gc          ] GC(607) Pause Young (Normal) (G1 Evacuation Pause) 398M->351M(1024M) 606.052ms
[2026-01-16T09:01:08.584+0000][gc,cpu      ] GC(607) User=0.33s Sys=0.04s Real=0.61s
[2026-01-16T09:01:10.634+0000][gc,start    ] GC(608) Pause Young (Normal) (G1 Evacuation Pause)
[2026-01-16T09:01:10.652+0000][gc,task     ] GC(608) Using 8 workers of 8 for evacuation
[2026-01-16T09:01:11.053+0000][gc,mmu      ] GC(608) MMU target violated: 201.0ms (200.0ms/201.0ms)
[2026-01-16T09:01:11.054+0000][gc,phases   ] GC(608)   Pre Evacuate Collection Set: 12.4ms
[2026-01-16T09:01:11.054+0000][gc,phases   ] GC(608)   Merge Heap Roots: 21.0ms
[2026-01-16T09:01:11.055+0000][gc,phases   ] GC(608)   Evacuate Collection Set: 345.5ms
[2026-01-16T09:01:11.055+0000][gc,phases   ] GC(608)   Post Evacuate Collection Set: 17.8ms
[2026-01-16T09:01:11.057+0000][gc,phases   ] GC(608)   Other: 5.1ms
[2026-01-16T09:01:11.060+0000][gc,heap     ] GC(608) Eden regions: 46->0(48)
[2026-01-16T09:01:11.060+0000][gc,heap     ] GC(608) Survivor regions: 5->3(7)
[2026-01-16T09:01:11.065+0000][gc,heap     ] GC(608) Old regions: 254->254
[2026-01-16T09:01:11.066+0000][gc,heap     ] GC(608) Humongous regions: 94->94
[2026-01-16T09:01:11.066+0000][gc,metaspace] GC(608) Metaspace: 12714K(13184K)->12714K(13184K) NonClass: 11619K(11840K)->11619K(11840K) Class: 1095K(1344K)->1095K(1344K)
[2026-01-16T09:01:11.067+0000][gc          ] GC(608) Pause Young (Normal) (G1 Evacuation Pause) 397M->350M(1024M) 443.041ms
[2026-01-16T09:01:11.069+0000][gc,cpu      ] GC(608) User=0.13s Sys=0.02s Real=0.45s
[2026-01-16T09:01:14.900+0000][gc,start    ] GC(609) Pause Young (Normal) (G1 Evacuation Pause)
[2026-01-16T09:01:14.915+0000][gc,task     ] GC(609) Using 8 workers of 8 for evacuation
[2026-01-16T09:01:15.359+0000][gc,mmu      ] GC(609) MMU target violated: 201.0ms (200.0ms/201.0ms)
[2026-01-16T09:01:15.360+0000][gc,phases   ] GC(609)   Pre Evacuate Collection Set: 42.0ms
[2026-01-16T09:01:15.360+0000][gc,phases   ] GC(609)   Merge Heap Roots: 0.5ms
[2026-01-16T09:01:15.361+0000][gc,phases   ] GC(609)   Evacuate Collection Set: 386.8ms
[2026-01-16T09:01:15.361+0000][gc,phases   ] GC(609)   Post Evacuate Collection Set: 5.8ms
[2026-01-16T09:01:15.362+0000][gc,phases   ] GC(609)   Other: 9.4ms
[2026-01-16T09:01:15.362+0000][gc,heap     ] GC(609) Eden regions: 48->0(47)
[2026-01-16T09:01:15.362+0000][gc,heap     ] GC(609) Survivor regions: 3->4(7)
[2026-01-16T09:01:15.363+0000][gc,heap     ] GC(609) Old regions: 254->254
[2026-01-16T09:01:15.363+0000][gc,heap     ] GC(609) Humongous regions: 94->94
[2026-01-16T09:01:15.363+0000][gc,metaspace] GC(609) Metaspace: 12715K(13184K)->12715K(13184K) NonClass: 11619K(11840K)->11619K(11840K) Class: 1095K(1344K)->1095K(1344K)
[2026-01-16T09:01:15.363+0000][gc          ] GC(609) Pause Young (Normal) (G1 Evacuation Pause) 398M->351M(1024M) 463.389ms
[2026-01-16T09:01:15.364+0000][gc,cpu      ] GC(609) User=0.23s Sys=0.01s Real=0.47s
[2026-01-16T09:01:17.833+0000][gc,start    ] GC(610) Pause Young (Normal) (G1 Evacuation Pause)
[2026-01-16T09:01:17.846+0000][gc,task     ] GC(610) Using 8 workers of 8 for evacuation
[2026-01-16T09:01:18.246+0000][gc,mmu      ] GC(610) MMU target violated: 201.0ms (200.0ms/201.0ms)
[2026-01-16T09:01:18.249+0000][gc,phases   ] GC(610)   Pre Evacuate Collection Set: 15.1ms
[2026-01-16T09:01:18.251+0000][gc,phases   ] GC(610)   Merge Heap Roots: 5.2ms
[2026-01-16T09:01:18.256+0000][gc,phases   ] GC(610)   Evacuate Collection Set: 357.9ms
[2026-01-16T09:01:18.262+0000][gc,phases   ] GC(610)   Post Evacuate Collection Set: 17.6ms
[2026-01-16T09:01:18.264+0000][gc,phases   ] GC(610)   Other: 8.4ms
[2026-01-16T09:01:18.264+0000][gc,heap     ] GC(610) Eden regions: 47->0(47)
[2026-01-16T09:01:18.264+0000][gc,heap     ] GC(610) Survivor regions: 4->4(7)
[2026-01-16T09:01:18.265+0000][gc,heap     ] GC(610) Old regions: 254->255
[2026-01-16T09:01:18.265+0000][gc,heap     ] GC(610) Humongous regions: 94->94
[2026-01-16T09:01:18.266+0000][gc,metaspace] GC(610) Metaspace: 12715K(13184K)->12715K(13184K) NonClass: 11619K(11840K)->11619K(11840K) Class: 1095K(1344K)->1095K(1344K)
[2026-01-16T09:01:18.267+0000][gc          ] GC(610) Pause Young (Normal) (G1 Evacuation Pause) 398M->351M(1024M) 434.107ms
[2026-01-16T09:01:18.269+0000][gc,cpu      ] GC(610) User=0.18s Sys=0.01s Real=0.43s
[2026-01-16T09:01:21.855+0000][gc,start    ] GC(611) Pause Young (Normal) (G1 Evacuation Pause)
[2026-01-16T09:01:21.855+0000][gc,task     ] GC(611) Using 8 workers of 8 for evacuation
[2026-01-16T09:01:22.290+0000][gc,mmu      ] GC(611) MMU target violated: 201.0ms (200.0ms/201.0ms)
[2026-01-16T09:01:22.290+0000][gc,phases   ] GC(611)   Pre Evacuate Collection Set: 21.8ms
[2026-01-16T09:01:22.292+0000][gc,phases   ] GC(611)   Merge Heap Roots: 26.2ms
[2026-01-16T09:01:22.293+0000][gc,phases   ] GC(611)   Evacuate Collection Set: 357.2ms
[2026-01-16T09:01:22.293+0000][gc,phases   ] GC(611)   Post Evacuate Collection Set: 14.0ms
[2026-01-16T09:01:22.303+0000][gc,phases   ] GC(611)   Other: 15.9ms
[2026-01-16T09:01:22.304+0000][gc,heap     ] GC(611) Eden regions: 47->0(48)
[2026-01-16T09:01:22.304+0000][gc,heap     ] GC(611) Survivor regions: 4->3(7)
[2026-01-16T09:01:22.305+0000][gc,heap     ] GC(611) Old regions: 255->255
[2026-01-16T09:01:22.305+0000][gc,heap     ] GC(611) Humongous regions: 94->94
[2026-01-16T09:01:22.306+0000][gc,metaspace] GC(611) Metaspace: 12715K(13184K)->12715K(13184K) NonClass: 11619K(11840K)->11619K(11840K) Class: 1095K(1344K)->1095K(1344K)
[2026-01-16T09:01:22.309+0000][gc          ] GC(611) Pause Young (Normal) (G1 Evacuation Pause) 398M->351M(1024M) 452.419ms
[2026-01-16T09:01:22.310+0000][gc,cpu      ] GC(611) User=0.20s Sys=0.02s Real=0.45s
[2026-01-16T09:01:26.514+0000][gc,start    ] GC(612) Pause Young (Normal) (G1 Evacuation Pause)
[2026-01-16T09:01:26.521+0000][gc,task     ] GC(612) Using 8 workers of 8 for evacuation
[2026-01-16T09:01:26.984+0000][gc,mmu      ] GC(612) MMU target violated: 201.0ms (200.0ms/201.0ms)
[2026-01-16T09:01:26.988+0000][gc,phases   ] GC(612)   Pre Evacuate Collection Set: 72.8ms
[2026-01-16T09:01:26.991+0000][gc,phases   ] GC(612)   Merge Heap Roots: 0.9ms
[2026-01-16T09:01:26.991+0000][gc,phases   ] GC(612)   Evacuate Collection Set: 350.7ms
[2026-01-16T09:01:26.991+0000][gc,phases   ] GC(612)   Post Evacuate Collection Set: 31.7ms
[2026-01-16T09:01:26.992+0000][gc,phases   ] GC(612)   Other: 11.9ms
[2026-01-16T09:01:26.995+0000][gc,heap     ] GC(612) Eden regions: 48->0(49)
[2026-01-16T09:01:27.001+0000][gc,heap     ] GC(612) Survivor regions: 3->2(7)
[2026-01-16T09:01:27.004+0000][gc,heap     ] GC(612) Old regions: 255->255
[2026-01-16T09:01:27.004+0000][gc,heap     ] GC(612) Humongous regions: 94->94
[2026-01-16T09:01:27.004+0000][gc,metaspace] GC(612) Metaspace: 12715K(13184K)->12715K(13184K) NonClass: 11619K(11840K)->11619K(11840K) Class: 1095K(1344K)->1095K(1344K)
[2026-01-16T09:01:27.004+0000][gc          ] GC(612) Pause Young (Normal) (G1 Evacuation Pause) 399M->350M(1024M) 490.726ms
[2026-01-16T09:01:27.005+0000][gc,cpu      ] GC(612) User=0.18s Sys=0.01s Real=0.49s
[2026-01-16T09:01:30.276+0000][gc,start    ] GC(613) Pause Young (Normal) (G1 Evacuation Pause)
[2026-01-16T09:01:30.276+0000][gc,task     ] GC(613) Using 8 workers of 8 for evacuation
[2026-01-16T09:01:31.863+0000][gc,mmu      ] GC(613) MMU target violated: 201.0ms (200.0ms/201.0ms)
[2026-01-16T09:01:31.872+0000][gc,phases   ] GC(613)   Pre Evacuate Collection Set: 77.2ms
[2026-01-16T09:01:31.873+0000][gc,phases   ] GC(613)   Merge Heap Roots: 2.9ms
[2026-01-16T09:01:31.873+0000][gc,phases   ] GC(613)   Evacuate Collection Set: 1296.1ms
[2026-01-16T09:01:31.873+0000][gc,phases   ] GC(613)   Post Evacuate Collection Set: 201.4ms
[2026-01-16T09:01:31.873+0000][gc,phases   ] GC(613)   Other: 18.2ms
[2026-01-16T09:01:31.874+0000][gc,heap     ] GC(613) Eden regions: 49->0(48)
[2026-01-16T09:01:31.891+0000][gc,heap     ] GC(613) Survivor regions: 2->3(7)
[2026-01-16T09:01:31.939+0000][gc,heap     ] GC(613) Old regions: 255->255
[2026-01-16T09:01:31.940+0000][gc,heap     ] GC(613) Humongous regions: 94->94
[2026-01-16T09:01:31.942+0000][gc,metaspace] GC(613) Metaspace: 12715K(13184K)->12715K(13184K) NonClass: 11619K(11840K)->11619K(11840K) Class: 1095K(1344K)->1095K(1344K)
[2026-01-16T09:01:31.950+0000][gc          ] GC(613) Pause Young (Normal) (G1 Evacuation Pause) 399M->350M(1024M) 1674.060ms
[2026-01-16T09:01:31.956+0000][gc,cpu      ] GC(613) User=0.27s Sys=0.02s Real=1.68s
[2026-01-16T09:01:38.257+0000][gc,start    ] GC(614) Pause Young (Normal) (G1 Evacuation Pause)
[2026-01-16T09:01:38.260+0000][gc,task     ] GC(614) Using 8 workers of 8 for evacuation
[2026-01-16T09:01:38.726+0000][gc,mmu      ] GC(614) MMU target violated: 201.0ms (200.0ms/201.0ms)
[2026-01-16T09:01:38.731+0000][gc,phases   ] GC(614)   Pre Evacuate Collection Set: 29.1ms
[2026-01-16T09:01:38.734+0000][gc,phases   ] GC(614)   Merge Heap Roots: 5.7ms
[2026-01-16T09:01:38.734+0000][gc,phases   ] GC(614)   Evacuate Collection Set: 409.3ms
[2026-01-16T09:01:38.735+0000][gc,phases   ] GC(614)   Post Evacuate Collection Set: 21.0ms
[2026-01-16T09:01:38.735+0000][gc,phases   ] GC(614)   Other: 6.5ms
[2026-01-16T09:01:38.737+0000][gc,heap     ] GC(614) Eden regions: 48->0(49)
[2026-01-16T09:01:38.739+0000][gc,heap     ] GC(614) Survivor regions: 3->2(7)
[2026-01-16T09:01:38.741+0000][gc,heap     ] GC(614) Old regions: 255->255
[2026-01-16T09:01:38.743+0000][gc,heap     ] GC(614) Humongous regions: 94->94
[2026-01-16T09:01:38.743+0000][gc,metaspace] GC(614) Metaspace: 12715K(13184K)->12715K(13184K) NonClass: 11619K(11840K)->11619K(11840K) Class: 1095K(1344K)->1095K(1344K)
[2026-01-16T09:01:38.744+0000][gc          ] GC(614) Pause Young (Normal) (G1 Evacuation Pause) 398M->350M(1024M) 486.536ms
[2026-01-16T09:01:38.744+0000][gc,cpu      ] GC(614) User=0.20s Sys=0.02s Real=0.48s
[2026-01-16T09:01:40.716+0000][gc,start    ] GC(615) Pause Young (Normal) (G1 Evacuation Pause)
[2026-01-16T09:01:40.718+0000][gc,task     ] GC(615) Using 8 workers of 8 for evacuation
[2026-01-16T09:01:40.909+0000][gc,phases   ] GC(615)   Pre Evacuate Collection Set: 9.6ms
[2026-01-16T09:01:40.915+0000][gc,phases   ] GC(615)   Merge Heap Roots: 8.2ms
[2026-01-16T09:01:40.920+0000][gc,phases   ] GC(615)   Evacuate Collection Set: 155.0ms
[2026-01-16T09:01:40.929+0000][gc,phases   ] GC(615)   Post Evacuate Collection Set: 16.3ms
[2026-01-16T09:01:40.929+0000][gc,phases   ] GC(615)   Other: 2.3ms
[2026-01-16T09:01:40.929+0000][gc,heap     ] GC(615) Eden regions: 49->0(48)
[2026-01-16T09:01:40.930+0000][gc,heap     ] GC(615) Survivor regions: 2->3(7)
[2026-01-16T09:01:40.930+0000][gc,heap     ] GC(615) Old regions: 255->255
[2026-01-16T09:01:40.941+0000][gc,heap     ] GC(615) Humongous regions: 94->94
[2026-01-16T09:01:40.941+0000][gc,metaspace] GC(615) Metaspace: 12715K(13184K)->12715K(13184K) NonClass: 11619K(11840K)->11619K(11840K) Class: 1095K(1344K)->1095K(1344K)
[2026-01-16T09:01:40.942+0000][gc          ] GC(615) Pause Young (Normal) (G1 Evacuation Pause) 399M->350M(1024M) 225.601ms
[2026-01-16T09:01:40.949+0000][gc,cpu      ] GC(615) User=0.09s Sys=0.00s Real=0.23s
[2026-01-16T09:01:43.171+0000][gc,start    ] GC(616) Pause Young (Normal) (G1 Evacuation Pause)
[2026-01-16T09:01:43.174+0000][gc,task     ] GC(616) Using 8 workers of 8 for evacuation
[2026-01-16T09:01:43.432+0000][gc,mmu      ] GC(616) MMU target violated: 201.0ms (200.0ms/201.0ms)
[2026-01-16T09:01:43.432+0000][gc,phases   ] GC(616)   Pre Evacuate Collection Set: 6.4ms
[2026-01-16T09:01:43.432+0000][gc,phases   ] GC(616)   Merge Heap Roots: 0.9ms
[2026-01-16T09:01:43.433+0000][gc,phases   ] GC(616)   Evacuate Collection Set: 237.5ms
[2026-01-16T09:01:43.433+0000][gc,phases   ] GC(616)   Post Evacuate Collection Set: 12.4ms
[2026-01-16T09:01:43.433+0000][gc,phases   ] GC(616)   Other: 1.9ms
[2026-01-16T09:01:43.434+0000][gc,heap     ] GC(616) Eden regions: 48->0(48)
[2026-01-16T09:01:43.434+0000][gc,heap     ] GC(616) Survivor regions: 3->3(7)
[2026-01-16T09:01:43.434+0000][gc,heap     ] GC(616) Old regions: 255->255
[2026-01-16T09:01:43.434+0000][gc,heap     ] GC(616) Humongous regions: 94->94
[2026-01-16T09:01:43.434+0000][gc,metaspace] GC(616) Metaspace: 12715K(13184K)->12715K(13184K) NonClass: 11619K(11840K)->11619K(11840K) Class: 1095K(1344K)->1095K(1344K)
[2026-01-16T09:01:43.435+0000][gc          ] GC(616) Pause Young (Normal) (G1 Evacuation Pause) 398M->351M(1024M) 263.293ms
[2026-01-16T09:01:43.435+0000][gc,cpu      ] GC(616) User=0.12s Sys=0.01s Real=0.27s
[2026-01-16T09:01:45.349+0000][gc,start    ] GC(617) Pause Young (Normal) (G1 Evacuation Pause)
[2026-01-16T09:01:45.359+0000][gc,task     ] GC(617) Using 8 workers of 8 for evacuation
[2026-01-16T09:01:45.755+0000][gc,mmu      ] GC(617) MMU target violated: 201.0ms (200.0ms/201.0ms)
[2026-01-16T09:01:45.757+0000][gc,phases   ] GC(617)   Pre Evacuate Collection Set: 13.6ms
[2026-01-16T09:01:45.763+0000][gc,phases   ] GC(617)   Merge Heap Roots: 6.7ms
[2026-01-16T09:01:45.764+0000][gc,phases   ] GC(617)   Evacuate Collection Set: 338.3ms
[2026-01-16T09:01:45.765+0000][gc,phases   ] GC(617)   Post Evacuate Collection Set: 36.0ms
[2026-01-16T09:01:45.765+0000][gc,phases   ] GC(617)   Other: 3.6ms
[2026-01-16T09:01:45.767+0000][gc,heap     ] GC(617) Eden regions: 48->0(47)
[2026-01-16T09:01:45.767+0000][gc,heap     ] GC(617) Survivor regions: 3->4(7)
[2026-01-16T09:01:45.767+0000][gc,heap     ] GC(617) Old regions: 255->255
[2026-01-16T09:01:45.767+0000][gc,heap     ] GC(617) Humongous regions: 94->94
[2026-01-16T09:01:45.767+0000][gc,metaspace] GC(617) Metaspace: 12715K(13184K)->12715K(13184K) NonClass: 11619K(11840K)->11619K(11840K) Class: 1095K(1344K)->1095K(1344K)
[2026-01-16T09:01:45.767+0000][gc          ] GC(617) Pause Young (Normal) (G1 Evacuation Pause) 399M->351M(1024M) 418.669ms
[2026-01-16T09:01:45.768+0000][gc,cpu      ] GC(617) User=0.16s Sys=0.01s Real=0.42s
[2026-01-16T09:01:47.992+0000][gc,start    ] GC(618) Pause Young (Normal) (G1 Evacuation Pause)
[2026-01-16T09:01:47.993+0000][gc,task     ] GC(618) Using 8 workers of 8 for evacuation
[2026-01-16T09:01:48.324+0000][gc,mmu      ] GC(618) MMU target violated: 201.0ms (200.0ms/201.0ms)
[2026-01-16T09:01:48.329+0000][gc,phases   ] GC(618)   Pre Evacuate Collection Set: 52.0ms
[2026-01-16T09:01:48.329+0000][gc,phases   ] GC(618)   Merge Heap Roots: 9.0ms
[2026-01-16T09:01:48.330+0000][gc,phases   ] GC(618)   Evacuate Collection Set: 265.6ms
[2026-01-16T09:01:48.330+0000][gc,phases   ] GC(618)   Post Evacuate Collection Set: 3.7ms
[2026-01-16T09:01:48.331+0000][gc,phases   ] GC(618)   Other: 5.8ms
[2026-01-16T09:01:48.331+0000][gc,heap     ] GC(618) Eden regions: 47->0(48)
[2026-01-16T09:01:48.331+0000][gc,heap     ] GC(618) Survivor regions: 4->3(7)
[2026-01-16T09:01:48.331+0000][gc,heap     ] GC(618) Old regions: 255->255
[2026-01-16T09:01:48.331+0000][gc,heap     ] GC(618) Humongous regions: 94->94
[2026-01-16T09:01:48.331+0000][gc,metaspace] GC(618) Metaspace: 12715K(13184K)->12715K(13184K) NonClass: 11619K(11840K)->11619K(11840K) Class: 1095K(1344K)->1095K(1344K)
[2026-01-16T09:01:48.331+0000][gc          ] GC(618) Pause Young (Normal) (G1 Evacuation Pause) 398M->351M(1024M) 338.817ms
[2026-01-16T09:01:48.331+0000][gc,cpu      ] GC(618) User=0.11s Sys=0.01s Real=0.34s
[2026-01-16T09:01:50.421+0000][gc,start    ] GC(619) Pause Young (Normal) (G1 Evacuation Pause)
[2026-01-16T09:01:50.427+0000][gc,task     ] GC(619) Using 8 workers of 8 for evacuation
[2026-01-16T09:01:50.533+0000][gc,phases   ] GC(619)   Pre Evacuate Collection Set: 8.8ms
[2026-01-16T09:01:50.534+0000][gc,phases   ] GC(619)   Merge Heap Roots: 4.8ms
[2026-01-16T09:01:50.535+0000][gc,phases   ] GC(619)   Evacuate Collection Set: 81.6ms
[2026-01-16T09:01:50.537+0000][gc,phases   ] GC(619)   Post Evacuate Collection Set: 8.8ms
[2026-01-16T09:01:50.538+0000][gc,phases   ] GC(619)   Other: 2.3ms
[2026-01-16T09:01:50.541+0000][gc,heap     ] GC(619) Eden regions: 48->0(49)
[2026-01-16T09:01:50.543+0000][gc,heap     ] GC(619) Survivor regions: 3->2(7)
[2026-01-16T09:01:50.544+0000][gc,heap     ] GC(619) Old regions: 255->256
[2026-01-16T09:01:50.544+0000][gc,heap     ] GC(619) Humongous regions: 94->94
[2026-01-16T09:01:50.547+0000][gc,metaspace] GC(619) Metaspace: 12715K(13184K)->12715K(13184K) NonClass: 11619K(11840K)->11619K(11840K) Class: 1095K(1344K)->1095K(1344K)
[2026-01-16T09:01:50.547+0000][gc          ] GC(619) Pause Young (Normal) (G1 Evacuation Pause) 399M->350M(1024M) 126.681ms
[2026-01-16T09:01:50.548+0000][gc,cpu      ] GC(619) User=0.10s Sys=0.01s Real=0.13s
[2026-01-16T09:01:53.005+0000][gc,start    ] GC(620) Pause Young (Normal) (G1 Evacuation Pause)
[2026-01-16T09:01:53.015+0000][gc,task     ] GC(620) Using 8 workers of 8 for evacuation
[2026-01-16T09:01:53.222+0000][gc,mmu      ] GC(620) MMU target violated: 201.0ms (200.0ms/201.0ms)
[2026-01-16T09:01:53.234+0000][gc,phases   ] GC(620)   Pre Evacuate Collection Set: 24.2ms
[2026-01-16T09:01:53.235+0000][gc,phases   ] GC(620)   Merge Heap Roots: 1.1ms
[2026-01-16T09:01:53.235+0000][gc,phases   ] GC(620)   Evacuate Collection Set: 170.3ms
[2026-01-16T09:01:53.235+0000][gc,phases   ] GC(620)   Post Evacuate Collection Set: 6.2ms
[2026-01-16T09:01:53.235+0000][gc,phases   ] GC(620)   Other: 17.8ms
[2026-01-16T09:01:53.236+0000][gc,heap     ] GC(620) Eden regions: 49->0(49)
[2026-01-16T09:01:53.240+0000][gc,heap     ] GC(620) Survivor regions: 2->2(7)
[2026-01-16T09:01:53.241+0000][gc,heap     ] GC(620) Old regions: 256->256
[2026-01-16T09:01:53.241+0000][gc,heap     ] GC(620) Humongous regions: 94->94
[2026-01-16T09:01:53.244+0000][gc,metaspace] GC(620) Metaspace: 12717K(13184K)->12717K(13184K) NonClass: 11621K(11840K)->11621K(11840K) Class: 1095K(1344K)->1095K(1344K)
[2026-01-16T09:01:53.269+0000][gc          ] GC(620) Pause Young (Normal) (G1 Evacuation Pause) 399M->350M(1024M) 264.539ms
[2026-01-16T09:01:53.270+0000][gc,cpu      ] GC(620) User=0.09s Sys=0.01s Real=0.26s
[2026-01-16T09:01:55.942+0000][gc,start    ] GC(621) Pause Young (Normal) (G1 Evacuation Pause)
[2026-01-16T09:01:55.943+0000][gc,task     ] GC(621) Using 8 workers of 8 for evacuation
[2026-01-16T09:01:56.070+0000][gc,phases   ] GC(621)   Pre Evacuate Collection Set: 10.6ms
[2026-01-16T09:01:56.072+0000][gc,phases   ] GC(621)   Merge Heap Roots: 2.8ms
[2026-01-16T09:01:56.073+0000][gc,phases   ] GC(621)   Evacuate Collection Set: 100.3ms
[2026-01-16T09:01:56.075+0000][gc,phases   ] GC(621)   Post Evacuate Collection Set: 12.2ms
[2026-01-16T09:01:56.076+0000][gc,phases   ] GC(621)   Other: 0.8ms
[2026-01-16T09:01:56.076+0000][gc,heap     ] GC(621) Eden regions: 49->0(49)
[2026-01-16T09:01:56.076+0000][gc,heap     ] GC(621) Survivor regions: 2->2(7)
[2026-01-16T09:01:56.076+0000][gc,heap     ] GC(621) Old regions: 256->256
[2026-01-16T09:01:56.076+0000][gc,heap     ] GC(621) Humongous regions: 94->94
[2026-01-16T09:01:56.076+0000][gc,metaspace] GC(621) Metaspace: 12717K(13184K)->12717K(13184K) NonClass: 11621K(11840K)->11621K(11840K) Class: 1095K(1344K)->1095K(1344K)
[2026-01-16T09:01:56.077+0000][gc          ] GC(621) Pause Young (Normal) (G1 Evacuation Pause) 399M->350M(1024M) 134.444ms
[2026-01-16T09:01:56.077+0000][gc,cpu      ] GC(621) User=0.06s Sys=0.00s Real=0.14s
[2026-01-16T09:02:06.191+0000][gc,start    ] GC(622) Pause Young (Normal) (G1 Evacuation Pause)
[2026-01-16T09:02:06.199+0000][gc,task     ] GC(622) Using 8 workers of 8 for evacuation
[2026-01-16T09:02:06.564+0000][gc,mmu      ] GC(622) MMU target violated: 201.0ms (200.0ms/201.0ms)
[2026-01-16T09:02:06.565+0000][gc,phases   ] GC(622)   Pre Evacuate Collection Set: 75.3ms
[2026-01-16T09:02:06.565+0000][gc,phases   ] GC(622)   Merge Heap Roots: 1.2ms
[2026-01-16T09:02:06.565+0000][gc,phases   ] GC(622)   Evacuate Collection Set: 271.2ms
[2026-01-16T09:02:06.565+0000][gc,phases   ] GC(622)   Post Evacuate Collection Set: 7.3ms
[2026-01-16T09:02:06.565+0000][gc,phases   ] GC(622)   Other: 10.8ms
[2026-01-16T09:02:06.565+0000][gc,heap     ] GC(622) Eden regions: 76->0(50)
[2026-01-16T09:02:06.565+0000][gc,heap     ] GC(622) Survivor regions: 2->1(10)
[2026-01-16T09:02:06.565+0000][gc,heap     ] GC(622) Old regions: 256->256
[2026-01-16T09:02:06.565+0000][gc,heap     ] GC(622) Humongous regions: 94->94
[2026-01-16T09:02:06.565+0000][gc,metaspace] GC(622) Metaspace: 12717K(13184K)->12717K(13184K) NonClass: 11621K(11840K)->11621K(11840K) Class: 1095K(1344K)->1095K(1344K)
[2026-01-16T09:02:06.566+0000][gc          ] GC(622) Pause Young (Normal) (G1 Evacuation Pause) 426M->349M(1024M) 374.639ms
[2026-01-16T09:02:06.567+0000][gc,cpu      ] GC(622) User=0.17s Sys=0.02s Real=0.38s
[2026-01-16T09:02:11.746+0000][gc,start    ] GC(623) Pause Young (Normal) (G1 Evacuation Pause)
[2026-01-16T09:02:11.761+0000][gc,task     ] GC(623) Using 8 workers of 8 for evacuation
[2026-01-16T09:02:12.090+0000][gc,mmu      ] GC(623) MMU target violated: 201.0ms (200.0ms/201.0ms)
[2026-01-16T09:02:12.092+0000][gc,phases   ] GC(623)   Pre Evacuate Collection Set: 100.4ms
[2026-01-16T09:02:12.092+0000][gc,phases   ] GC(623)   Merge Heap Roots: 4.0ms
[2026-01-16T09:02:12.092+0000][gc,phases   ] GC(623)   Evacuate Collection Set: 204.7ms
[2026-01-16T09:02:12.092+0000][gc,phases   ] GC(623)   Post Evacuate Collection Set: 20.1ms
[2026-01-16T09:02:12.093+0000][gc,phases   ] GC(623)   Other: 2.2ms
[2026-01-16T09:02:12.093+0000][gc,heap     ] GC(623) Eden regions: 78->0(49)
[2026-01-16T09:02:12.093+0000][gc,heap     ] GC(623) Survivor regions: 1->2(10)
[2026-01-16T09:02:12.093+0000][gc,heap     ] GC(623) Old regions: 256->256
[2026-01-16T09:02:12.093+0000][gc,heap     ] GC(623) Humongous regions: 94->94
[2026-01-16T09:02:12.094+0000][gc,metaspace] GC(623) Metaspace: 12717K(13184K)->12717K(13184K) NonClass: 11621K(11840K)->11621K(11840K) Class: 1095K(1344K)->1095K(1344K)
[2026-01-16T09:02:12.096+0000][gc          ] GC(623) Pause Young (Normal) (G1 Evacuation Pause) 427M->350M(1024M) 349.497ms
[2026-01-16T09:02:12.096+0000][gc,cpu      ] GC(623) User=0.30s Sys=0.02s Real=0.35s
[2026-01-16T09:02:15.331+0000][gc,start    ] GC(624) Pause Young (Normal) (G1 Evacuation Pause)
[2026-01-16T09:02:15.334+0000][gc,task     ] GC(624) Using 8 workers of 8 for evacuation
[2026-01-16T09:02:15.635+0000][gc,mmu      ] GC(624) MMU target violated: 201.0ms (200.0ms/201.0ms)
[2026-01-16T09:02:15.637+0000][gc,phases   ] GC(624)   Pre Evacuate Collection Set: 25.9ms
[2026-01-16T09:02:15.639+0000][gc,phases   ] GC(624)   Merge Heap Roots: 5.2ms
[2026-01-16T09:02:15.641+0000][gc,phases   ] GC(624)   Evacuate Collection Set: 253.4ms
[2026-01-16T09:02:15.642+0000][gc,phases   ] GC(624)   Post Evacuate Collection Set: 13.0ms
[2026-01-16T09:02:15.642+0000][gc,phases   ] GC(624)   Other: 6.2ms
[2026-01-16T09:02:15.644+0000][gc,heap     ] GC(624) Eden regions: 49->0(50)
[2026-01-16T09:02:15.644+0000][gc,heap     ] GC(624) Survivor regions: 2->1(7)
[2026-01-16T09:02:15.645+0000][gc,heap     ] GC(624) Old regions: 256->256
[2026-01-16T09:02:15.645+0000][gc,heap     ] GC(624) Humongous regions: 94->94
[2026-01-16T09:02:15.646+0000][gc,metaspace] GC(624) Metaspace: 12717K(13184K)->12717K(13184K) NonClass: 11621K(11840K)->11621K(11840K) Class: 1095K(1344K)->1095K(1344K)
[2026-01-16T09:02:15.651+0000][gc          ] GC(624) Pause Young (Normal) (G1 Evacuation Pause) 399M->349M(1024M) 320.717ms
[2026-01-16T09:02:15.653+0000][gc,cpu      ] GC(624) User=0.10s Sys=0.01s Real=0.32s
[2026-01-16T09:02:20.460+0000][gc,start    ] GC(625) Pause Young (Normal) (G1 Evacuation Pause)
[2026-01-16T09:02:20.464+0000][gc,task     ] GC(625) Using 8 workers of 8 for evacuation
[2026-01-16T09:02:20.789+0000][gc,mmu      ] GC(625) MMU target violated: 201.0ms (200.0ms/201.0ms)
[2026-01-16T09:02:20.790+0000][gc,phases   ] GC(625)   Pre Evacuate Collection Set: 20.2ms
[2026-01-16T09:02:20.795+0000][gc,phases   ] GC(625)   Merge Heap Roots: 1.2ms
[2026-01-16T09:02:20.795+0000][gc,phases   ] GC(625)   Evacuate Collection Set: 283.1ms
[2026-01-16T09:02:20.795+0000][gc,phases   ] GC(625)   Post Evacuate Collection Set: 18.3ms
[2026-01-16T09:02:20.795+0000][gc,phases   ] GC(625)   Other: 4.6ms
[2026-01-16T09:02:20.795+0000][gc,heap     ] GC(625) Eden regions: 50->0(49)
[2026-01-16T09:02:20.795+0000][gc,heap     ] GC(625) Survivor regions: 1->2(7)
[2026-01-16T09:02:20.795+0000][gc,heap     ] GC(625) Old regions: 256->256
[2026-01-16T09:02:20.795+0000][gc,heap     ] GC(625) Humongous regions: 94->94
[2026-01-16T09:02:20.795+0000][gc,metaspace] GC(625) Metaspace: 12717K(13184K)->12717K(13184K) NonClass: 11621K(11840K)->11621K(11840K) Class: 1095K(1344K)->1095K(1344K)
[2026-01-16T09:02:20.796+0000][gc          ] GC(625) Pause Young (Normal) (G1 Evacuation Pause) 399M->350M(1024M) 335.192ms
[2026-01-16T09:02:20.796+0000][gc,cpu      ] GC(625) User=0.15s Sys=0.01s Real=0.34s
[2026-01-16T09:02:22.520+0000][gc,start    ] GC(626) Pause Young (Normal) (G1 Evacuation Pause)
[2026-01-16T09:02:22.521+0000][gc,task     ] GC(626) Using 8 workers of 8 for evacuation
[2026-01-16T09:02:22.619+0000][gc,phases   ] GC(626)   Pre Evacuate Collection Set: 7.7ms
[2026-01-16T09:02:22.623+0000][gc,phases   ] GC(626)   Merge Heap Roots: 5.0ms
[2026-01-16T09:02:22.623+0000][gc,phases   ] GC(626)   Evacuate Collection Set: 77.7ms
[2026-01-16T09:02:22.625+0000][gc,phases   ] GC(626)   Post Evacuate Collection Set: 7.2ms
[2026-01-16T09:02:22.625+0000][gc,phases   ] GC(626)   Other: 0.3ms
[2026-01-16T09:02:22.625+0000][gc,heap     ] GC(626) Eden regions: 49->0(50)
[2026-01-16T09:02:22.626+0000][gc,heap     ] GC(626) Survivor regions: 2->1(7)
[2026-01-16T09:02:22.626+0000][gc,heap     ] GC(626) Old regions: 256->256
[2026-01-16T09:02:22.628+0000][gc,heap     ] GC(626) Humongous regions: 94->94
[2026-01-16T09:02:22.629+0000][gc,metaspace] GC(626) Metaspace: 12717K(13184K)->12717K(13184K) NonClass: 11621K(11840K)->11621K(11840K) Class: 1095K(1344K)->1095K(1344K)
[2026-01-16T09:02:22.630+0000][gc          ] GC(626) Pause Young (Normal) (G1 Evacuation Pause) 399M->349M(1024M) 109.442ms
[2026-01-16T09:02:22.630+0000][gc,cpu      ] GC(626) User=0.06s Sys=0.00s Real=0.11s
[2026-01-16T09:02:25.169+0000][gc,start    ] GC(627) Pause Young (Normal) (G1 Evacuation Pause)
[2026-01-16T09:02:25.173+0000][gc,task     ] GC(627) Using 8 workers of 8 for evacuation
[2026-01-16T09:02:25.341+0000][gc,phases   ] GC(627)   Pre Evacuate Collection Set: 19.4ms
[2026-01-16T09:02:25.342+0000][gc,phases   ] GC(627)   Merge Heap Roots: 3.8ms
[2026-01-16T09:02:25.342+0000][gc,phases   ] GC(627)   Evacuate Collection Set: 135.4ms
[2026-01-16T09:02:25.343+0000][gc,phases   ] GC(627)   Post Evacuate Collection Set: 6.7ms
[2026-01-16T09:02:25.343+0000][gc,phases   ] GC(627)   Other: 3.2ms
[2026-01-16T09:02:25.343+0000][gc,heap     ] GC(627) Eden regions: 50->0(50)
[2026-01-16T09:02:25.344+0000][gc,heap     ] GC(627) Survivor regions: 1->1(7)
[2026-01-16T09:02:25.345+0000][gc,heap     ] GC(627) Old regions: 256->256
[2026-01-16T09:02:25.345+0000][gc,heap     ] GC(627) Humongous regions: 94->94
[2026-01-16T09:02:25.346+0000][gc,metaspace] GC(627) Metaspace: 12717K(13184K)->12717K(13184K) NonClass: 11621K(11840K)->11621K(11840K) Class: 1095K(1344K)->1095K(1344K)
[2026-01-16T09:02:25.346+0000][gc          ] GC(627) Pause Young (Normal) (G1 Evacuation Pause) 399M->350M(1024M) 176.603ms
[2026-01-16T09:02:25.346+0000][gc,cpu      ] GC(627) User=0.13s Sys=0.01s Real=0.18s
[2026-01-16T09:02:32.306+0000][gc,start    ] GC(628) Pause Young (Normal) (G1 Evacuation Pause)
[2026-01-16T09:02:32.311+0000][gc,task     ] GC(628) Using 8 workers of 8 for evacuation
[2026-01-16T09:02:32.665+0000][gc,mmu      ] GC(628) MMU target violated: 201.0ms (200.0ms/201.0ms)
[2026-01-16T09:02:32.668+0000][gc,phases   ] GC(628)   Pre Evacuate Collection Set: 30.9ms
[2026-01-16T09:02:32.668+0000][gc,phases   ] GC(628)   Merge Heap Roots: 8.4ms
[2026-01-16T09:02:32.668+0000][gc,phases   ] GC(628)   Evacuate Collection Set: 287.6ms
[2026-01-16T09:02:32.669+0000][gc,phases   ] GC(628)   Post Evacuate Collection Set: 20.0ms
[2026-01-16T09:02:32.669+0000][gc,phases   ] GC(628)   Other: 10.2ms
[2026-01-16T09:02:32.669+0000][gc,heap     ] GC(628) Eden regions: 50->0(49)
[2026-01-16T09:02:32.670+0000][gc,heap     ] GC(628) Survivor regions: 1->2(7)
[2026-01-16T09:02:32.670+0000][gc,heap     ] GC(628) Old regions: 256->256
[2026-01-16T09:02:32.670+0000][gc,heap     ] GC(628) Humongous regions: 94->94
[2026-01-16T09:02:32.671+0000][gc,metaspace] GC(628) Metaspace: 12717K(13184K)->12717K(13184K) NonClass: 11621K(11840K)->11621K(11840K) Class: 1095K(1344K)->1095K(1344K)
[2026-01-16T09:02:32.672+0000][gc          ] GC(628) Pause Young (Normal) (G1 Evacuation Pause) 400M->350M(1024M) 365.601ms
[2026-01-16T09:02:32.673+0000][gc,cpu      ] GC(628) User=0.22s Sys=0.01s Real=0.36s
[2026-01-16T09:02:37.697+0000][gc,start    ] GC(629) Pause Young (Normal) (G1 Evacuation Pause)
[2026-01-16T09:02:37.722+0000][gc,task     ] GC(629) Using 8 workers of 8 for evacuation
[2026-01-16T09:02:38.419+0000][gc,mmu      ] GC(629) MMU target violated: 201.0ms (200.0ms/201.0ms)
[2026-01-16T09:02:38.420+0000][gc,phases   ] GC(629)   Pre Evacuate Collection Set: 72.6ms
[2026-01-16T09:02:38.421+0000][gc,phases   ] GC(629)   Merge Heap Roots: 8.8ms
[2026-01-16T09:02:38.421+0000][gc,phases   ] GC(629)   Evacuate Collection Set: 579.0ms
[2026-01-16T09:02:38.421+0000][gc,phases   ] GC(629)   Post Evacuate Collection Set: 24.4ms
[2026-01-16T09:02:38.422+0000][gc,phases   ] GC(629)   Other: 28.9ms
[2026-01-16T09:02:38.423+0000][gc,heap     ] GC(629) Eden regions: 49->0(50)
[2026-01-16T09:02:38.425+0000][gc,heap     ] GC(629) Survivor regions: 2->1(7)
[2026-01-16T09:02:38.429+0000][gc,heap     ] GC(629) Old regions: 256->256
[2026-01-16T09:02:38.429+0000][gc,heap     ] GC(629) Humongous regions: 94->94
[2026-01-16T09:02:38.432+0000][gc,metaspace] GC(629) Metaspace: 12717K(13184K)->12717K(13184K) NonClass: 11621K(11840K)->11621K(11840K) Class: 1095K(1344K)->1095K(1344K)
[2026-01-16T09:02:38.435+0000][gc          ] GC(629) Pause Young (Normal) (G1 Evacuation Pause) 399M->350M(1024M) 738.767ms
[2026-01-16T09:02:38.436+0000][gc,cpu      ] GC(629) User=0.29s Sys=0.04s Real=0.74s
[2026-01-16T09:02:40.778+0000][gc,start    ] GC(630) Pause Young (Normal) (G1 Evacuation Pause)
[2026-01-16T09:02:40.780+0000][gc,task     ] GC(630) Using 8 workers of 8 for evacuation
[2026-01-16T09:02:41.034+0000][gc,mmu      ] GC(630) MMU target violated: 201.0ms (200.0ms/201.0ms)
[2026-01-16T09:02:41.040+0000][gc,phases   ] GC(630)   Pre Evacuate Collection Set: 5.2ms
[2026-01-16T09:02:41.060+0000][gc,phases   ] GC(630)   Merge Heap Roots: 1.8ms
[2026-01-16T09:02:41.060+0000][gc,phases   ] GC(630)   Evacuate Collection Set: 225.7ms
[2026-01-16T09:02:41.061+0000][gc,phases   ] GC(630)   Post Evacuate Collection Set: 20.5ms
[2026-01-16T09:02:41.062+0000][gc,phases   ] GC(630)   Other: 6.1ms
[2026-01-16T09:02:41.062+0000][gc,heap     ] GC(630) Eden regions: 50->0(49)
[2026-01-16T09:02:41.064+0000][gc,heap     ] GC(630) Survivor regions: 1->2(7)
[2026-01-16T09:02:41.064+0000][gc,heap     ] GC(630) Old regions: 256->256
[2026-01-16T09:02:41.065+0000][gc,heap     ] GC(630) Humongous regions: 94->94
[2026-01-16T09:02:41.066+0000][gc,metaspace] GC(630) Metaspace: 12717K(13184K)->12717K(13184K) NonClass: 11621K(11840K)->11621K(11840K) Class: 1095K(1344K)->1095K(1344K)
[2026-01-16T09:02:41.068+0000][gc          ] GC(630) Pause Young (Normal) (G1 Evacuation Pause) 400M->350M(1024M) 290.031ms
[2026-01-16T09:02:41.069+0000][gc,cpu      ] GC(630) User=0.14s Sys=0.01s Real=0.29s
[2026-01-16T09:02:45.618+0000][gc,start    ] GC(631) Pause Young (Normal) (G1 Evacuation Pause)
[2026-01-16T09:02:45.622+0000][gc,task     ] GC(631) Using 8 workers of 8 for evacuation
[2026-01-16T09:02:45.927+0000][gc,mmu      ] GC(631) MMU target violated: 201.0ms (200.0ms/201.0ms)
[2026-01-16T09:02:45.928+0000][gc,phases   ] GC(631)   Pre Evacuate Collection Set: 42.5ms
[2026-01-16T09:02:45.928+0000][gc,phases   ] GC(631)   Merge Heap Roots: 8.1ms
[2026-01-16T09:02:45.928+0000][gc,phases   ] GC(631)   Evacuate Collection Set: 236.9ms
[2026-01-16T09:02:45.928+0000][gc,phases   ] GC(631)   Post Evacuate Collection Set: 14.1ms
[2026-01-16T09:02:45.928+0000][gc,phases   ] GC(631)   Other: 5.2ms
[2026-01-16T09:02:45.928+0000][gc,heap     ] GC(631) Eden regions: 49->0(50)
[2026-01-16T09:02:45.928+0000][gc,heap     ] GC(631) Survivor regions: 2->1(7)
[2026-01-16T09:02:45.928+0000][gc,heap     ] GC(631) Old regions: 256->256
[2026-01-16T09:02:45.928+0000][gc,heap     ] GC(631) Humongous regions: 94->94
[2026-01-16T09:02:45.928+0000][gc,metaspace] GC(631) Metaspace: 12717K(13184K)->12717K(13184K) NonClass: 11621K(11840K)->11621K(11840K) Class: 1095K(1344K)->1095K(1344K)
[2026-01-16T09:02:45.929+0000][gc          ] GC(631) Pause Young (Normal) (G1 Evacuation Pause) 399M->349M(1024M) 310.620ms
[2026-01-16T09:02:45.938+0000][gc,cpu      ] GC(631) User=0.10s Sys=0.02s Real=0.32s
[2026-01-16T09:02:48.285+0000][gc,start    ] GC(632) Pause Young (Normal) (G1 Evacuation Pause)
[2026-01-16T09:02:48.291+0000][gc,task     ] GC(632) Using 8 workers of 8 for evacuation
[2026-01-16T09:02:48.528+0000][gc,mmu      ] GC(632) MMU target violated: 201.0ms (200.0ms/201.0ms)
[2026-01-16T09:02:48.530+0000][gc,phases   ] GC(632)   Pre Evacuate Collection Set: 19.1ms
[2026-01-16T09:02:48.530+0000][gc,phases   ] GC(632)   Merge Heap Roots: 3.2ms
[2026-01-16T09:02:48.532+0000][gc,phases   ] GC(632)   Evacuate Collection Set: 187.5ms
[2026-01-16T09:02:48.533+0000][gc,phases   ] GC(632)   Post Evacuate Collection Set: 26.1ms
[2026-01-16T09:02:48.533+0000][gc,phases   ] GC(632)   Other: 3.2ms
[2026-01-16T09:02:48.534+0000][gc,heap     ] GC(632) Eden regions: 50->0(49)
[2026-01-16T09:02:48.534+0000][gc,heap     ] GC(632) Survivor regions: 1->2(7)
[2026-01-16T09:02:48.534+0000][gc,heap     ] GC(632) Old regions: 256->256
[2026-01-16T09:02:48.535+0000][gc,heap     ] GC(632) Humongous regions: 94->94
[2026-01-16T09:02:48.536+0000][gc,metaspace] GC(632) Metaspace: 12717K(13184K)->12717K(13184K) NonClass: 11621K(11840K)->11621K(11840K) Class: 1095K(1344K)->1095K(1344K)
[2026-01-16T09:02:48.536+0000][gc          ] GC(632) Pause Young (Normal) (G1 Evacuation Pause) 399M->350M(1024M) 251.095ms
[2026-01-16T09:02:48.536+0000][gc,cpu      ] GC(632) User=0.10s Sys=0.00s Real=0.25s
[2026-01-16T09:02:52.065+0000][gc,start    ] GC(633) Pause Young (Normal) (G1 Evacuation Pause)
[2026-01-16T09:02:52.067+0000][gc,task     ] GC(633) Using 8 workers of 8 for evacuation
[2026-01-16T09:02:52.176+0000][gc,phases   ] GC(633)   Pre Evacuate Collection Set: 8.5ms
[2026-01-16T09:02:52.178+0000][gc,phases   ] GC(633)   Merge Heap Roots: 2.1ms
[2026-01-16T09:02:52.178+0000][gc,phases   ] GC(633)   Evacuate Collection Set: 84.9ms
[2026-01-16T09:02:52.179+0000][gc,phases   ] GC(633)   Post Evacuate Collection Set: 12.5ms
[2026-01-16T09:02:52.179+0000][gc,phases   ] GC(633)   Other: 1.7ms
[2026-01-16T09:02:52.183+0000][gc,heap     ] GC(633) Eden regions: 49->0(50)
[2026-01-16T09:02:52.184+0000][gc,heap     ] GC(633) Survivor regions: 2->1(7)
[2026-01-16T09:02:52.184+0000][gc,heap     ] GC(633) Old regions: 256->256
[2026-01-16T09:02:52.186+0000][gc,heap     ] GC(633) Humongous regions: 94->94
[2026-01-16T09:02:52.186+0000][gc,metaspace] GC(633) Metaspace: 12717K(13184K)->12717K(13184K) NonClass: 11621K(11840K)->11621K(11840K) Class: 1095K(1344K)->1095K(1344K)
[2026-01-16T09:02:52.187+0000][gc          ] GC(633) Pause Young (Normal) (G1 Evacuation Pause) 399M->349M(1024M) 122.199ms
[2026-01-16T09:02:52.188+0000][gc,cpu      ] GC(633) User=0.09s Sys=0.01s Real=0.12s
[2026-01-16T09:02:55.041+0000][gc,start    ] GC(634) Pause Young (Normal) (G1 Evacuation Pause)
[2026-01-16T09:02:55.042+0000][gc,task     ] GC(634) Using 8 workers of 8 for evacuation
[2026-01-16T09:02:55.298+0000][gc,mmu      ] GC(634) MMU target violated: 201.0ms (200.0ms/201.0ms)
[2026-01-16T09:02:55.298+0000][gc,phases   ] GC(634)   Pre Evacuate Collection Set: 17.0ms
[2026-01-16T09:02:55.298+0000][gc,phases   ] GC(634)   Merge Heap Roots: 6.4ms
[2026-01-16T09:02:55.298+0000][gc,phases   ] GC(634)   Evacuate Collection Set: 221.4ms
[2026-01-16T09:02:55.298+0000][gc,phases   ] GC(634)   Post Evacuate Collection Set: 10.5ms
[2026-01-16T09:02:55.298+0000][gc,phases   ] GC(634)   Other: 0.9ms
[2026-01-16T09:02:55.298+0000][gc,heap     ] GC(634) Eden regions: 50->0(49)
[2026-01-16T09:02:55.298+0000][gc,heap     ] GC(634) Survivor regions: 1->2(7)
[2026-01-16T09:02:55.298+0000][gc,heap     ] GC(634) Old regions: 256->256
[2026-01-16T09:02:55.298+0000][gc,heap     ] GC(634) Humongous regions: 94->94
[2026-01-16T09:02:55.298+0000][gc,metaspace] GC(634) Metaspace: 12717K(13184K)->12717K(13184K) NonClass: 11621K(11840K)->11621K(11840K) Class: 1095K(1344K)->1095K(1344K)
[2026-01-16T09:02:55.299+0000][gc          ] GC(634) Pause Young (Normal) (G1 Evacuation Pause) 399M->350M(1024M) 257.435ms
[2026-01-16T09:02:55.299+0000][gc,cpu      ] GC(634) User=0.16s Sys=0.01s Real=0.26s
[2026-01-16T09:02:59.659+0000][gc,start    ] GC(635) Pause Young (Normal) (G1 Evacuation Pause)
[2026-01-16T09:02:59.668+0000][gc,task     ] GC(635) Using 8 workers of 8 for evacuation
[2026-01-16T09:02:59.891+0000][gc,mmu      ] GC(635) MMU target violated: 201.0ms (200.0ms/201.0ms)
[2026-01-16T09:02:59.892+0000][gc,phases   ] GC(635)   Pre Evacuate Collection Set: 75.1ms
[2026-01-16T09:02:59.892+0000][gc,phases   ] GC(635)   Merge Heap Roots: 10.0ms
[2026-01-16T09:02:59.893+0000][gc,phases   ] GC(635)   Evacuate Collection Set: 119.5ms
[2026-01-16T09:02:59.893+0000][gc,phases   ] GC(635)   Post Evacuate Collection Set: 18.3ms
[2026-01-16T09:02:59.893+0000][gc,phases   ] GC(635)   Other: 5.5ms
[2026-01-16T09:02:59.894+0000][gc,heap     ] GC(635) Eden regions: 49->0(56)
[2026-01-16T09:02:59.894+0000][gc,heap     ] GC(635) Survivor regions: 2->1(7)
[2026-01-16T09:02:59.894+0000][gc,heap     ] GC(635) Old regions: 256->256
[2026-01-16T09:02:59.895+0000][gc,heap     ] GC(635) Humongous regions: 94->94
[2026-01-16T09:02:59.895+0000][gc,metaspace] GC(635) Metaspace: 12717K(13184K)->12717K(13184K) NonClass: 11621K(11840K)->11621K(11840K) Class: 1095K(1344K)->1095K(1344K)
[2026-01-16T09:02:59.896+0000][gc          ] GC(635) Pause Young (Normal) (G1 Evacuation Pause) 399M->349M(1024M) 236.857ms
[2026-01-16T09:02:59.899+0000][gc,cpu      ] GC(635) User=0.09s Sys=0.01s Real=0.24s
[2026-01-16T09:03:02.423+0000][gc,start    ] GC(636) Pause Young (Normal) (G1 Evacuation Pause)
[2026-01-16T09:03:02.426+0000][gc,task     ] GC(636) Using 8 workers of 8 for evacuation
[2026-01-16T09:03:02.659+0000][gc,mmu      ] GC(636) MMU target violated: 201.0ms (200.0ms/201.0ms)
[2026-01-16T09:03:02.662+0000][gc,phases   ] GC(636)   Pre Evacuate Collection Set: 30.5ms
[2026-01-16T09:03:02.669+0000][gc,phases   ] GC(636)   Merge Heap Roots: 12.6ms
[2026-01-16T09:03:02.670+0000][gc,phases   ] GC(636)   Evacuate Collection Set: 178.8ms
[2026-01-16T09:03:02.670+0000][gc,phases   ] GC(636)   Post Evacuate Collection Set: 10.4ms
[2026-01-16T09:03:02.670+0000][gc,phases   ] GC(636)   Other: 5.4ms
[2026-01-16T09:03:02.670+0000][gc,heap     ] GC(636) Eden regions: 57->0(49)
[2026-01-16T09:03:02.672+0000][gc,heap     ] GC(636) Survivor regions: 1->2(8)
[2026-01-16T09:03:02.672+0000][gc,heap     ] GC(636) Old regions: 256->256
[2026-01-16T09:03:02.672+0000][gc,heap     ] GC(636) Humongous regions: 94->94
[2026-01-16T09:03:02.673+0000][gc,metaspace] GC(636) Metaspace: 12717K(13184K)->12717K(13184K) NonClass: 11621K(11840K)->11621K(11840K) Class: 1095K(1344K)->1095K(1344K)
[2026-01-16T09:03:02.673+0000][gc          ] GC(636) Pause Young (Normal) (G1 Evacuation Pause) 406M->350M(1024M) 249.383ms
[2026-01-16T09:03:02.673+0000][gc,cpu      ] GC(636) User=0.14s Sys=0.01s Real=0.25s
[2026-01-16T09:03:05.584+0000][gc,start    ] GC(637) Pause Young (Normal) (G1 Evacuation Pause)
[2026-01-16T09:03:05.603+0000][gc,task     ] GC(637) Using 8 workers of 8 for evacuation
[2026-01-16T09:03:05.884+0000][gc,mmu      ] GC(637) MMU target violated: 201.0ms (200.0ms/201.0ms)
[2026-01-16T09:03:05.887+0000][gc,phases   ] GC(637)   Pre Evacuate Collection Set: 57.5ms
[2026-01-16T09:03:05.888+0000][gc,phases   ] GC(637)   Merge Heap Roots: 1.4ms
[2026-01-16T09:03:05.888+0000][gc,phases   ] GC(637)   Evacuate Collection Set: 206.1ms
[2026-01-16T09:03:05.889+0000][gc,phases   ] GC(637)   Post Evacuate Collection Set: 12.1ms
[2026-01-16T09:03:05.891+0000][gc,phases   ] GC(637)   Other: 6.7ms
[2026-01-16T09:03:05.891+0000][gc,heap     ] GC(637) Eden regions: 49->0(49)
[2026-01-16T09:03:05.891+0000][gc,heap     ] GC(637) Survivor regions: 2->2(7)
[2026-01-16T09:03:05.891+0000][gc,heap     ] GC(637) Old regions: 256->256
[2026-01-16T09:03:05.892+0000][gc,heap     ] GC(637) Humongous regions: 94->94
[2026-01-16T09:03:05.892+0000][gc,metaspace] GC(637) Metaspace: 12717K(13184K)->12717K(13184K) NonClass: 11621K(11840K)->11621K(11840K) Class: 1095K(1344K)->1095K(1344K)
[2026-01-16T09:03:05.893+0000][gc          ] GC(637) Pause Young (Normal) (G1 Evacuation Pause) 399M->350M(1024M) 308.985ms
[2026-01-16T09:03:05.893+0000][gc,cpu      ] GC(637) User=0.16s Sys=0.04s Real=0.31s
[2026-01-16T09:03:10.622+0000][gc,start    ] GC(638) Pause Young (Normal) (G1 Evacuation Pause)
[2026-01-16T09:03:10.624+0000][gc,task     ] GC(638) Using 8 workers of 8 for evacuation
[2026-01-16T09:03:10.755+0000][gc,phases   ] GC(638)   Pre Evacuate Collection Set: 13.6ms
[2026-01-16T09:03:10.756+0000][gc,phases   ] GC(638)   Merge Heap Roots: 4.0ms
[2026-01-16T09:03:10.757+0000][gc,phases   ] GC(638)   Evacuate Collection Set: 101.8ms
[2026-01-16T09:03:10.758+0000][gc,phases   ] GC(638)   Post Evacuate Collection Set: 9.9ms
[2026-01-16T09:03:10.758+0000][gc,phases   ] GC(638)   Other: 1.9ms
[2026-01-16T09:03:10.759+0000][gc,heap     ] GC(638) Eden regions: 49->0(78)
[2026-01-16T09:03:10.759+0000][gc,heap     ] GC(638) Survivor regions: 2->1(7)
[2026-01-16T09:03:10.759+0000][gc,heap     ] GC(638) Old regions: 256->256
[2026-01-16T09:03:10.760+0000][gc,heap     ] GC(638) Humongous regions: 94->94
[2026-01-16T09:03:10.760+0000][gc,metaspace] GC(638) Metaspace: 12717K(13184K)->12717K(13184K) NonClass: 11621K(11840K)->11621K(11840K) Class: 1095K(1344K)->1095K(1344K)
[2026-01-16T09:03:10.761+0000][gc          ] GC(638) Pause Young (Normal) (G1 Evacuation Pause) 399M->350M(1024M) 139.462ms
[2026-01-16T09:03:10.762+0000][gc,cpu      ] GC(638) User=0.09s Sys=0.02s Real=0.14s
[2026-01-16T09:03:18.053+0000][gc,start    ] GC(639) Pause Young (Normal) (G1 Evacuation Pause)
[2026-01-16T09:03:18.059+0000][gc,task     ] GC(639) Using 8 workers of 8 for evacuation
[2026-01-16T09:03:18.634+0000][gc,mmu      ] GC(639) MMU target violated: 201.0ms (200.0ms/201.0ms)
[2026-01-16T09:03:18.636+0000][gc,phases   ] GC(639)   Pre Evacuate Collection Set: 87.8ms
[2026-01-16T09:03:18.643+0000][gc,phases   ] GC(639)   Merge Heap Roots: 1.2ms
[2026-01-16T09:03:18.643+0000][gc,phases   ] GC(639)   Evacuate Collection Set: 426.8ms
[2026-01-16T09:03:18.643+0000][gc,phases   ] GC(639)   Post Evacuate Collection Set: 49.1ms
[2026-01-16T09:03:18.644+0000][gc,phases   ] GC(639)   Other: 11.7ms
[2026-01-16T09:03:18.644+0000][gc,heap     ] GC(639) Eden regions: 80->0(50)
[2026-01-16T09:03:18.645+0000][gc,heap     ] GC(639) Survivor regions: 1->1(11)
[2026-01-16T09:03:18.645+0000][gc,heap     ] GC(639) Old regions: 256->256
[2026-01-16T09:03:18.645+0000][gc,heap     ] GC(639) Humongous regions: 94->94
[2026-01-16T09:03:18.645+0000][gc,metaspace] GC(639) Metaspace: 12717K(13184K)->12717K(13184K) NonClass: 11621K(11840K)->11621K(11840K) Class: 1095K(1344K)->1095K(1344K)
[2026-01-16T09:03:18.646+0000][gc          ] GC(639) Pause Young (Normal) (G1 Evacuation Pause) 430M->349M(1024M) 593.535ms
[2026-01-16T09:03:18.648+0000][gc,cpu      ] GC(639) User=0.20s Sys=0.03s Real=0.60s
[2026-01-16T09:03:23.038+0000][gc,start    ] GC(640) Pause Young (Normal) (G1 Evacuation Pause)
[2026-01-16T09:03:23.039+0000][gc,task     ] GC(640) Using 8 workers of 8 for evacuation
[2026-01-16T09:03:23.184+0000][gc,phases   ] GC(640)   Pre Evacuate Collection Set: 13.5ms
[2026-01-16T09:03:23.185+0000][gc,phases   ] GC(640)   Merge Heap Roots: 3.0ms
[2026-01-16T09:03:23.185+0000][gc,phases   ] GC(640)   Evacuate Collection Set: 120.7ms
[2026-01-16T09:03:23.186+0000][gc,phases   ] GC(640)   Post Evacuate Collection Set: 7.2ms
[2026-01-16T09:03:23.186+0000][gc,phases   ] GC(640)   Other: 0.5ms
[2026-01-16T09:03:23.187+0000][gc,heap     ] GC(640) Eden regions: 50->0(49)
[2026-01-16T09:03:23.188+0000][gc,heap     ] GC(640) Survivor regions: 1->2(7)
[2026-01-16T09:03:23.188+0000][gc,heap     ] GC(640) Old regions: 256->256
[2026-01-16T09:03:23.188+0000][gc,heap     ] GC(640) Humongous regions: 94->94
[2026-01-16T09:03:23.191+0000][gc,metaspace] GC(640) Metaspace: 12717K(13184K)->12717K(13184K) NonClass: 11621K(11840K)->11621K(11840K) Class: 1095K(1344K)->1095K(1344K)
[2026-01-16T09:03:23.192+0000][gc          ] GC(640) Pause Young (Normal) (G1 Evacuation Pause) 399M->350M(1024M) 153.920ms
[2026-01-16T09:03:23.192+0000][gc,cpu      ] GC(640) User=0.17s Sys=0.00s Real=0.15s
[2026-01-16T09:03:30.022+0000][gc,start    ] GC(641) Pause Young (Normal) (G1 Evacuation Pause)
[2026-01-16T09:03:30.028+0000][gc,task     ] GC(641) Using 8 workers of 8 for evacuation
[2026-01-16T09:03:31.426+0000][gc,mmu      ] GC(641) MMU target violated: 201.0ms (200.0ms/201.0ms)
[2026-01-16T09:03:31.429+0000][gc,phases   ] GC(641)   Pre Evacuate Collection Set: 102.5ms
[2026-01-16T09:03:31.430+0000][gc,phases   ] GC(641)   Merge Heap Roots: 12.6ms
[2026-01-16T09:03:31.431+0000][gc,phases   ] GC(641)   Evacuate Collection Set: 1019.8ms
[2026-01-16T09:03:31.431+0000][gc,phases   ] GC(641)   Post Evacuate Collection Set: 260.2ms
[2026-01-16T09:03:31.432+0000][gc,phases   ] GC(641)   Other: 6.5ms
[2026-01-16T09:03:31.435+0000][gc,heap     ] GC(641) Eden regions: 49->0(49)
[2026-01-16T09:03:31.436+0000][gc,heap     ] GC(641) Survivor regions: 2->2(7)
[2026-01-16T09:03:31.436+0000][gc,heap     ] GC(641) Old regions: 256->256
[2026-01-16T09:03:31.436+0000][gc,heap     ] GC(641) Humongous regions: 94->94
[2026-01-16T09:03:31.436+0000][gc,metaspace] GC(641) Metaspace: 12717K(13184K)->12717K(13184K) NonClass: 11621K(11840K)->11621K(11840K) Class: 1095K(1344K)->1095K(1344K)
[2026-01-16T09:03:31.438+0000][gc          ] GC(641) Pause Young (Normal) (G1 Evacuation Pause) 399M->350M(1024M) 1415.946ms
[2026-01-16T09:03:31.440+0000][gc,cpu      ] GC(641) User=0.46s Sys=0.08s Real=1.42s
[2026-01-16T09:03:36.649+0000][gc,start    ] GC(642) Pause Young (Normal) (G1 Evacuation Pause)
[2026-01-16T09:03:36.658+0000][gc,task     ] GC(642) Using 8 workers of 8 for evacuation
[2026-01-16T09:03:37.115+0000][gc,mmu      ] GC(642) MMU target violated: 201.0ms (200.0ms/201.0ms)
[2026-01-16T09:03:37.115+0000][gc,phases   ] GC(642)   Pre Evacuate Collection Set: 34.2ms
[2026-01-16T09:03:37.117+0000][gc,phases   ] GC(642)   Merge Heap Roots: 19.6ms
[2026-01-16T09:03:37.130+0000][gc,phases   ] GC(642)   Evacuate Collection Set: 326.3ms
[2026-01-16T09:03:37.131+0000][gc,phases   ] GC(642)   Post Evacuate Collection Set: 72.1ms
[2026-01-16T09:03:37.131+0000][gc,phases   ] GC(642)   Other: 5.0ms
[2026-01-16T09:03:37.131+0000][gc,heap     ] GC(642) Eden regions: 49->0(48)
[2026-01-16T09:03:37.132+0000][gc,heap     ] GC(642) Survivor regions: 2->3(7)
[2026-01-16T09:03:37.132+0000][gc,heap     ] GC(642) Old regions: 256->256
[2026-01-16T09:03:37.132+0000][gc,heap     ] GC(642) Humongous regions: 94->94
[2026-01-16T09:03:37.134+0000][gc,metaspace] GC(642) Metaspace: 12717K(13184K)->12717K(13184K) NonClass: 11622K(11840K)->11622K(11840K) Class: 1095K(1344K)->1095K(1344K)
[2026-01-16T09:03:37.150+0000][gc          ] GC(642) Pause Young (Normal) (G1 Evacuation Pause) 399M->351M(1024M) 500.858ms
[2026-01-16T09:03:37.158+0000][gc,cpu      ] GC(642) User=0.23s Sys=0.02s Real=0.51s
[2026-01-16T09:03:39.859+0000][gc,start    ] GC(643) Pause Young (Normal) (G1 Evacuation Pause)
[2026-01-16T09:03:39.861+0000][gc,task     ] GC(643) Using 8 workers of 8 for evacuation
[2026-01-16T09:03:40.003+0000][gc,phases   ] GC(643)   Pre Evacuate Collection Set: 20.3ms
[2026-01-16T09:03:40.003+0000][gc,phases   ] GC(643)   Merge Heap Roots: 2.0ms
[2026-01-16T09:03:40.004+0000][gc,phases   ] GC(643)   Evacuate Collection Set: 112.2ms
[2026-01-16T09:03:40.004+0000][gc,phases   ] GC(643)   Post Evacuate Collection Set: 5.9ms
[2026-01-16T09:03:40.007+0000][gc,phases   ] GC(643)   Other: 1.3ms
[2026-01-16T09:03:40.007+0000][gc,heap     ] GC(643) Eden regions: 48->0(49)
[2026-01-16T09:03:40.007+0000][gc,heap     ] GC(643) Survivor regions: 3->2(7)
[2026-01-16T09:03:40.008+0000][gc,heap     ] GC(643) Old regions: 256->256
[2026-01-16T09:03:40.008+0000][gc,heap     ] GC(643) Humongous regions: 94->94
[2026-01-16T09:03:40.013+0000][gc,metaspace] GC(643) Metaspace: 12717K(13184K)->12717K(13184K) NonClass: 11622K(11840K)->11622K(11840K) Class: 1095K(1344K)->1095K(1344K)
[2026-01-16T09:03:40.013+0000][gc          ] GC(643) Pause Young (Normal) (G1 Evacuation Pause) 399M->350M(1024M) 154.037ms
[2026-01-16T09:03:40.017+0000][gc,cpu      ] GC(643) User=0.11s Sys=0.01s Real=0.16s
[2026-01-16T09:03:41.974+0000][gc,start    ] GC(644) Pause Young (Normal) (G1 Evacuation Pause)
[2026-01-16T09:03:41.977+0000][gc,task     ] GC(644) Using 8 workers of 8 for evacuation
[2026-01-16T09:03:42.105+0000][gc,phases   ] GC(644)   Pre Evacuate Collection Set: 4.5ms
[2026-01-16T09:03:42.108+0000][gc,phases   ] GC(644)   Merge Heap Roots: 1.0ms
[2026-01-16T09:03:42.108+0000][gc,phases   ] GC(644)   Evacuate Collection Set: 107.1ms
[2026-01-16T09:03:42.108+0000][gc,phases   ] GC(644)   Post Evacuate Collection Set: 12.1ms
[2026-01-16T09:03:42.109+0000][gc,phases   ] GC(644)   Other: 3.7ms
[2026-01-16T09:03:42.109+0000][gc,heap     ] GC(644) Eden regions: 49->0(48)
[2026-01-16T09:03:42.109+0000][gc,heap     ] GC(644) Survivor regions: 2->3(7)
[2026-01-16T09:03:42.109+0000][gc,heap     ] GC(644) Old regions: 256->256
[2026-01-16T09:03:42.109+0000][gc,heap     ] GC(644) Humongous regions: 94->94
[2026-01-16T09:03:42.110+0000][gc,metaspace] GC(644) Metaspace: 12717K(13184K)->12717K(13184K) NonClass: 11622K(11840K)->11622K(11840K) Class: 1095K(1344K)->1095K(1344K)
[2026-01-16T09:03:42.110+0000][gc          ] GC(644) Pause Young (Normal) (G1 Evacuation Pause) 399M->351M(1024M) 136.070ms
[2026-01-16T09:03:42.112+0000][gc,cpu      ] GC(644) User=0.09s Sys=0.00s Real=0.13s
[2026-01-16T09:03:43.266+0000][gc,start    ] GC(645) Pause Young (Normal) (G1 Evacuation Pause)
[2026-01-16T09:03:43.268+0000][gc,task     ] GC(645) Using 8 workers of 8 for evacuation
[2026-01-16T09:03:43.322+0000][gc,phases   ] GC(645)   Pre Evacuate Collection Set: 7.6ms
[2026-01-16T09:03:43.323+0000][gc,phases   ] GC(645)   Merge Heap Roots: 0.7ms
[2026-01-16T09:03:43.324+0000][gc,phases   ] GC(645)   Evacuate Collection Set: 41.7ms
[2026-01-16T09:03:43.327+0000][gc,phases   ] GC(645)   Post Evacuate Collection Set: 2.1ms
[2026-01-16T09:03:43.329+0000][gc,phases   ] GC(645)   Other: 2.1ms
[2026-01-16T09:03:43.329+0000][gc,heap     ] GC(645) Eden regions: 48->0(48)
[2026-01-16T09:03:43.330+0000][gc,heap     ] GC(645) Survivor regions: 3->3(7)
[2026-01-16T09:03:43.332+0000][gc,heap     ] GC(645) Old regions: 256->256
[2026-01-16T09:03:43.332+0000][gc,heap     ] GC(645) Humongous regions: 94->94
[2026-01-16T09:03:43.333+0000][gc,metaspace] GC(645) Metaspace: 12717K(13184K)->12717K(13184K) NonClass: 11622K(11840K)->11622K(11840K) Class: 1095K(1344K)->1095K(1344K)
[2026-01-16T09:03:43.333+0000][gc          ] GC(645) Pause Young (Normal) (G1 Evacuation Pause) 399M->352M(1024M) 66.820ms
[2026-01-16T09:03:43.333+0000][gc,cpu      ] GC(645) User=0.07s Sys=0.00s Real=0.07s
[2026-01-16T09:03:47.724+0000][gc,start    ] GC(646) Pause Young (Normal) (G1 Evacuation Pause)
[2026-01-16T09:03:47.729+0000][gc,task     ] GC(646) Using 8 workers of 8 for evacuation
[2026-01-16T09:03:48.362+0000][gc,mmu      ] GC(646) MMU target violated: 201.0ms (200.0ms/201.0ms)
[2026-01-16T09:03:48.363+0000][gc,phases   ] GC(646)   Pre Evacuate Collection Set: 24.1ms
[2026-01-16T09:03:48.367+0000][gc,phases   ] GC(646)   Merge Heap Roots: 5.0ms
[2026-01-16T09:03:48.368+0000][gc,phases   ] GC(646)   Evacuate Collection Set: 571.9ms
[2026-01-16T09:03:48.370+0000][gc,phases   ] GC(646)   Post Evacuate Collection Set: 26.1ms
[2026-01-16T09:03:48.373+0000][gc,phases   ] GC(646)   Other: 9.3ms
[2026-01-16T09:03:48.375+0000][gc,heap     ] GC(646) Eden regions: 48->0(50)
[2026-01-16T09:03:48.376+0000][gc,heap     ] GC(646) Survivor regions: 3->1(7)
[2026-01-16T09:03:48.377+0000][gc,heap     ] GC(646) Old regions: 256->256
[2026-01-16T09:03:48.377+0000][gc,heap     ] GC(646) Humongous regions: 94->94
[2026-01-16T09:03:48.378+0000][gc,metaspace] GC(646) Metaspace: 12717K(13184K)->12717K(13184K) NonClass: 11622K(11840K)->11622K(11840K) Class: 1095K(1344K)->1095K(1344K)
[2026-01-16T09:03:48.380+0000][gc          ] GC(646) Pause Young (Normal) (G1 Evacuation Pause) 400M->350M(1024M) 655.132ms
[2026-01-16T09:03:48.382+0000][gc,cpu      ] GC(646) User=0.22s Sys=0.05s Real=0.66s
[2026-01-16T09:03:54.086+0000][gc,start    ] GC(647) Pause Young (Normal) (G1 Evacuation Pause)
[2026-01-16T09:03:54.136+0000][gc,task     ] GC(647) Using 8 workers of 8 for evacuation
[2026-01-16T09:03:55.476+0000][gc,mmu      ] GC(647) MMU target violated: 201.0ms (200.0ms/201.0ms)
[2026-01-16T09:03:55.483+0000][gc,phases   ] GC(647)   Pre Evacuate Collection Set: 115.4ms
[2026-01-16T09:03:55.486+0000][gc,phases   ] GC(647)   Merge Heap Roots: 2.0ms
[2026-01-16T09:03:55.489+0000][gc,phases   ] GC(647)   Evacuate Collection Set: 1209.2ms
[2026-01-16T09:03:55.489+0000][gc,phases   ] GC(647)   Post Evacuate Collection Set: 12.1ms
[2026-01-16T09:03:55.489+0000][gc,phases   ] GC(647)   Other: 10.2ms
[2026-01-16T09:03:55.490+0000][gc,heap     ] GC(647) Eden regions: 50->0(49)
[2026-01-16T09:03:55.490+0000][gc,heap     ] GC(647) Survivor regions: 1->2(7)
[2026-01-16T09:03:55.490+0000][gc,heap     ] GC(647) Old regions: 256->256
[2026-01-16T09:03:55.490+0000][gc,heap     ] GC(647) Humongous regions: 94->94
[2026-01-16T09:03:55.490+0000][gc,metaspace] GC(647) Metaspace: 12717K(13184K)->12717K(13184K) NonClass: 11622K(11840K)->11622K(11840K) Class: 1095K(1344K)->1095K(1344K)
[2026-01-16T09:03:55.490+0000][gc          ] GC(647) Pause Young (Normal) (G1 Evacuation Pause) 400M->350M(1024M) 1404.659ms
[2026-01-16T09:03:55.491+0000][gc,cpu      ] GC(647) User=0.47s Sys=0.05s Real=1.40s
[2026-01-16T09:04:03.744+0000][gc,start    ] GC(648) Pause Young (Normal) (G1 Evacuation Pause)
[2026-01-16T09:04:03.750+0000][gc,task     ] GC(648) Using 8 workers of 8 for evacuation
[2026-01-16T09:04:04.594+0000][gc,mmu      ] GC(648) MMU target violated: 201.0ms (200.0ms/201.0ms)
[2026-01-16T09:04:04.594+0000][gc,phases   ] GC(648)   Pre Evacuate Collection Set: 95.4ms
[2026-01-16T09:04:04.594+0000][gc,phases   ] GC(648)   Merge Heap Roots: 29.8ms
[2026-01-16T09:04:04.597+0000][gc,phases   ] GC(648)   Evacuate Collection Set: 678.8ms
[2026-01-16T09:04:04.598+0000][gc,phases   ] GC(648)   Post Evacuate Collection Set: 12.9ms
[2026-01-16T09:04:04.598+0000][gc,phases   ] GC(648)   Other: 17.1ms
[2026-01-16T09:04:04.599+0000][gc,heap     ] GC(648) Eden regions: 49->0(49)
[2026-01-16T09:04:04.600+0000][gc,heap     ] GC(648) Survivor regions: 2->2(7)
[2026-01-16T09:04:04.600+0000][gc,heap     ] GC(648) Old regions: 256->256
[2026-01-16T09:04:04.600+0000][gc,heap     ] GC(648) Humongous regions: 103->94
[2026-01-16T09:04:04.601+0000][gc,metaspace] GC(648) Metaspace: 12720K(13184K)->12720K(13184K) NonClass: 11625K(11840K)->11625K(11840K) Class: 1095K(1344K)->1095K(1344K)
[2026-01-16T09:04:04.602+0000][gc          ] GC(648) Pause Young (Normal) (G1 Evacuation Pause) 408M->351M(1024M) 848.164ms
[2026-01-16T09:04:04.602+0000][gc,cpu      ] GC(648) User=0.46s Sys=0.10s Real=0.85s
[2026-01-16T09:04:09.242+0000][gc,start    ] GC(649) Pause Young (Normal) (G1 Evacuation Pause)
[2026-01-16T09:04:09.247+0000][gc,task     ] GC(649) Using 8 workers of 8 for evacuation
[2026-01-16T09:04:09.836+0000][gc,mmu      ] GC(649) MMU target violated: 201.0ms (200.0ms/201.0ms)
[2026-01-16T09:04:09.840+0000][gc,phases   ] GC(649)   Pre Evacuate Collection Set: 42.6ms
[2026-01-16T09:04:09.841+0000][gc,phases   ] GC(649)   Merge Heap Roots: 6.8ms
[2026-01-16T09:04:09.842+0000][gc,phases   ] GC(649)   Evacuate Collection Set: 523.6ms
[2026-01-16T09:04:09.844+0000][gc,phases   ] GC(649)   Post Evacuate Collection Set: 13.7ms
[2026-01-16T09:04:09.850+0000][gc,phases   ] GC(649)   Other: 5.4ms
[2026-01-16T09:04:09.855+0000][gc,heap     ] GC(649) Eden regions: 49->0(48)
[2026-01-16T09:04:09.859+0000][gc,heap     ] GC(649) Survivor regions: 2->3(7)
[2026-01-16T09:04:09.861+0000][gc,heap     ] GC(649) Old regions: 256->256
[2026-01-16T09:04:09.864+0000][gc,heap     ] GC(649) Humongous regions: 94->94
[2026-01-16T09:04:09.866+0000][gc,metaspace] GC(649) Metaspace: 12720K(13184K)->12720K(13184K) NonClass: 11625K(11840K)->11625K(11840K) Class: 1095K(1344K)->1095K(1344K)
[2026-01-16T09:04:09.868+0000][gc          ] GC(649) Pause Young (Normal) (G1 Evacuation Pause) 400M->351M(1024M) 626.248ms
[2026-01-16T09:04:09.870+0000][gc,cpu      ] GC(649) User=0.31s Sys=0.05s Real=0.63s
[2026-01-16T09:04:13.750+0000][gc,start    ] GC(650) Pause Young (Normal) (G1 Evacuation Pause)
[2026-01-16T09:04:13.754+0000][gc,task     ] GC(650) Using 8 workers of 8 for evacuation
[2026-01-16T09:04:14.528+0000][gc,mmu      ] GC(650) MMU target violated: 201.0ms (200.0ms/201.0ms)
[2026-01-16T09:04:14.530+0000][gc,phases   ] GC(650)   Pre Evacuate Collection Set: 31.3ms
[2026-01-16T09:04:14.536+0000][gc,phases   ] GC(650)   Merge Heap Roots: 11.2ms
[2026-01-16T09:04:14.544+0000][gc,phases   ] GC(650)   Evacuate Collection Set: 708.4ms
[2026-01-16T09:04:14.545+0000][gc,phases   ] GC(650)   Post Evacuate Collection Set: 21.0ms
[2026-01-16T09:04:14.545+0000][gc,phases   ] GC(650)   Other: 5.1ms
[2026-01-16T09:04:14.547+0000][gc,heap     ] GC(650) Eden regions: 48->0(49)
[2026-01-16T09:04:14.548+0000][gc,heap     ] GC(650) Survivor regions: 3->2(7)
[2026-01-16T09:04:14.548+0000][gc,heap     ] GC(650) Old regions: 256->256
[2026-01-16T09:04:14.549+0000][gc,heap     ] GC(650) Humongous regions: 94->94
[2026-01-16T09:04:14.554+0000][gc,metaspace] GC(650) Metaspace: 12720K(13184K)->12720K(13184K) NonClass: 11625K(11840K)->11625K(11840K) Class: 1095K(1344K)->1095K(1344K)
[2026-01-16T09:04:14.555+0000][gc          ] GC(650) Pause Young (Normal) (G1 Evacuation Pause) 399M->351M(1024M) 805.888ms
[2026-01-16T09:04:14.556+0000][gc,cpu      ] GC(650) User=0.26s Sys=0.03s Real=0.81s
[2026-01-16T09:04:16.476+0000][gc,start    ] GC(651) Pause Young (Normal) (G1 Evacuation Pause)
[2026-01-16T09:04:16.481+0000][gc,task     ] GC(651) Using 8 workers of 8 for evacuation
[2026-01-16T09:04:16.861+0000][gc,mmu      ] GC(651) MMU target violated: 201.0ms (200.0ms/201.0ms)
[2026-01-16T09:04:16.861+0000][gc,phases   ] GC(651)   Pre Evacuate Collection Set: 17.4ms
[2026-01-16T09:04:16.862+0000][gc,phases   ] GC(651)   Merge Heap Roots: 1.9ms
[2026-01-16T09:04:16.864+0000][gc,phases   ] GC(651)   Evacuate Collection Set: 316.9ms
[2026-01-16T09:04:16.865+0000][gc,phases   ] GC(651)   Post Evacuate Collection Set: 36.9ms
[2026-01-16T09:04:16.866+0000][gc,phases   ] GC(651)   Other: 7.3ms
[2026-01-16T09:04:16.868+0000][gc,heap     ] GC(651) Eden regions: 49->0(48)
[2026-01-16T09:04:16.868+0000][gc,heap     ] GC(651) Survivor regions: 2->3(7)
[2026-01-16T09:04:16.869+0000][gc,heap     ] GC(651) Old regions: 256->256
[2026-01-16T09:04:16.869+0000][gc,heap     ] GC(651) Humongous regions: 94->94
[2026-01-16T09:04:16.869+0000][gc,metaspace] GC(651) Metaspace: 12720K(13184K)->12720K(13184K) NonClass: 11625K(11840K)->11625K(11840K) Class: 1095K(1344K)->1095K(1344K)
[2026-01-16T09:04:16.881+0000][gc          ] GC(651) Pause Young (Normal) (G1 Evacuation Pause) 400M->351M(1024M) 404.344ms
[2026-01-16T09:04:16.889+0000][gc,cpu      ] GC(651) User=0.16s Sys=0.01s Real=0.41s
[2026-01-16T09:04:19.215+0000][gc,start    ] GC(652) Pause Young (Normal) (G1 Evacuation Pause)
[2026-01-16T09:04:19.216+0000][gc,task     ] GC(652) Using 8 workers of 8 for evacuation
[2026-01-16T09:04:19.428+0000][gc,mmu      ] GC(652) MMU target violated: 201.0ms (200.0ms/201.0ms)
[2026-01-16T09:04:19.428+0000][gc,phases   ] GC(652)   Pre Evacuate Collection Set: 15.8ms
[2026-01-16T09:04:19.430+0000][gc,phases   ] GC(652)   Merge Heap Roots: 0.9ms
[2026-01-16T09:04:19.431+0000][gc,phases   ] GC(652)   Evacuate Collection Set: 191.1ms
[2026-01-16T09:04:19.431+0000][gc,phases   ] GC(652)   Post Evacuate Collection Set: 2.9ms
[2026-01-16T09:04:19.432+0000][gc,phases   ] GC(652)   Other: 2.1ms
[2026-01-16T09:04:19.432+0000][gc,heap     ] GC(652) Eden regions: 48->0(47)
[2026-01-16T09:04:19.432+0000][gc,heap     ] GC(652) Survivor regions: 3->4(7)
[2026-01-16T09:04:19.432+0000][gc,heap     ] GC(652) Old regions: 256->256
[2026-01-16T09:04:19.433+0000][gc,heap     ] GC(652) Humongous regions: 94->94
[2026-01-16T09:04:19.433+0000][gc,metaspace] GC(652) Metaspace: 12720K(13184K)->12720K(13184K) NonClass: 11625K(11840K)->11625K(11840K) Class: 1095K(1344K)->1095K(1344K)
[2026-01-16T09:04:19.434+0000][gc          ] GC(652) Pause Young (Normal) (G1 Evacuation Pause) 399M->352M(1024M) 219.745ms
[2026-01-16T09:04:19.435+0000][gc,cpu      ] GC(652) User=0.11s Sys=0.00s Real=0.22s
[2026-01-16T09:04:20.818+0000][gc,start    ] GC(653) Pause Young (Normal) (G1 Evacuation Pause)
[2026-01-16T09:04:20.820+0000][gc,task     ] GC(653) Using 8 workers of 8 for evacuation
[2026-01-16T09:04:21.072+0000][gc,mmu      ] GC(653) MMU target violated: 201.0ms (200.0ms/201.0ms)
[2026-01-16T09:04:21.073+0000][gc,phases   ] GC(653)   Pre Evacuate Collection Set: 19.5ms
[2026-01-16T09:04:21.075+0000][gc,phases   ] GC(653)   Merge Heap Roots: 2.4ms
[2026-01-16T09:04:21.076+0000][gc,phases   ] GC(653)   Evacuate Collection Set: 200.8ms
[2026-01-16T09:04:21.078+0000][gc,phases   ] GC(653)   Post Evacuate Collection Set: 21.6ms
[2026-01-16T09:04:21.080+0000][gc,phases   ] GC(653)   Other: 10.1ms
[2026-01-16T09:04:21.081+0000][gc,heap     ] GC(653) Eden regions: 47->0(48)
[2026-01-16T09:04:21.082+0000][gc,heap     ] GC(653) Survivor regions: 4->3(7)
[2026-01-16T09:04:21.082+0000][gc,heap     ] GC(653) Old regions: 256->256
[2026-01-16T09:04:21.083+0000][gc,heap     ] GC(653) Humongous regions: 94->94
[2026-01-16T09:04:21.084+0000][gc,metaspace] GC(653) Metaspace: 12720K(13184K)->12720K(13184K) NonClass: 11625K(11840K)->11625K(11840K) Class: 1095K(1344K)->1095K(1344K)
[2026-01-16T09:04:21.089+0000][gc          ] GC(653) Pause Young (Normal) (G1 Evacuation Pause) 399M->351M(1024M) 271.804ms
[2026-01-16T09:04:21.090+0000][gc,cpu      ] GC(653) User=0.10s Sys=0.01s Real=0.27s
[2026-01-16T09:04:23.338+0000][gc,start    ] GC(654) Pause Young (Normal) (G1 Evacuation Pause)
[2026-01-16T09:04:23.341+0000][gc,task     ] GC(654) Using 8 workers of 8 for evacuation
[2026-01-16T09:04:23.573+0000][gc,mmu      ] GC(654) MMU target violated: 201.0ms (200.0ms/201.0ms)
[2026-01-16T09:04:23.577+0000][gc,phases   ] GC(654)   Pre Evacuate Collection Set: 24.0ms
[2026-01-16T09:04:23.577+0000][gc,phases   ] GC(654)   Merge Heap Roots: 6.1ms
[2026-01-16T09:04:23.578+0000][gc,phases   ] GC(654)   Evacuate Collection Set: 190.4ms
[2026-01-16T09:04:23.578+0000][gc,phases   ] GC(654)   Post Evacuate Collection Set: 9.5ms
[2026-01-16T09:04:23.579+0000][gc,phases   ] GC(654)   Other: 6.4ms
[2026-01-16T09:04:23.580+0000][gc,heap     ] GC(654) Eden regions: 48->0(48)
[2026-01-16T09:04:23.581+0000][gc,heap     ] GC(654) Survivor regions: 3->3(7)
[2026-01-16T09:04:23.582+0000][gc,heap     ] GC(654) Old regions: 256->256
[2026-01-16T09:04:23.582+0000][gc,heap     ] GC(654) Humongous regions: 94->94
[2026-01-16T09:04:23.582+0000][gc,metaspace] GC(654) Metaspace: 12720K(13184K)->12720K(13184K) NonClass: 11625K(11840K)->11625K(11840K) Class: 1095K(1344K)->1095K(1344K)
[2026-01-16T09:04:23.585+0000][gc          ] GC(654) Pause Young (Normal) (G1 Evacuation Pause) 399M->351M(1024M) 247.145ms
[2026-01-16T09:04:23.590+0000][gc,cpu      ] GC(654) User=0.17s Sys=0.01s Real=0.25s
[2026-01-16T09:04:27.589+0000][gc,start    ] GC(655) Pause Young (Normal) (G1 Evacuation Pause)
[2026-01-16T09:04:27.591+0000][gc,task     ] GC(655) Using 8 workers of 8 for evacuation
[2026-01-16T09:04:28.115+0000][gc,mmu      ] GC(655) MMU target violated: 201.0ms (200.0ms/201.0ms)
[2026-01-16T09:04:28.116+0000][gc,phases   ] GC(655)   Pre Evacuate Collection Set: 46.1ms
[2026-01-16T09:04:28.116+0000][gc,phases   ] GC(655)   Merge Heap Roots: 25.8ms
[2026-01-16T09:04:28.123+0000][gc,phases   ] GC(655)   Evacuate Collection Set: 423.4ms
[2026-01-16T09:04:28.125+0000][gc,phases   ] GC(655)   Post Evacuate Collection Set: 26.1ms
[2026-01-16T09:04:28.127+0000][gc,phases   ] GC(655)   Other: 3.2ms
[2026-01-16T09:04:28.131+0000][gc,heap     ] GC(655) Eden regions: 48->0(49)
[2026-01-16T09:04:28.132+0000][gc,heap     ] GC(655) Survivor regions: 3->2(7)
[2026-01-16T09:04:28.132+0000][gc,heap     ] GC(655) Old regions: 256->256
[2026-01-16T09:04:28.132+0000][gc,heap     ] GC(655) Humongous regions: 94->94
[2026-01-16T09:04:28.132+0000][gc,metaspace] GC(655) Metaspace: 12732K(13184K)->12732K(13184K) NonClass: 11636K(11840K)->11636K(11840K) Class: 1095K(1344K)->1095K(1344K)
[2026-01-16T09:04:28.132+0000][gc          ] GC(655) Pause Young (Normal) (G1 Evacuation Pause) 399M->351M(1024M) 543.241ms
[2026-01-16T09:04:28.132+0000][gc,cpu      ] GC(655) User=0.24s Sys=0.05s Real=0.55s
[2026-01-16T09:04:31.376+0000][gc,start    ] GC(656) Pause Young (Normal) (G1 Evacuation Pause)
[2026-01-16T09:04:31.384+0000][gc,task     ] GC(656) Using 8 workers of 8 for evacuation
[2026-01-16T09:04:31.798+0000][gc,mmu      ] GC(656) MMU target violated: 201.0ms (200.0ms/201.0ms)
[2026-01-16T09:04:31.799+0000][gc,phases   ] GC(656)   Pre Evacuate Collection Set: 12.8ms
[2026-01-16T09:04:31.800+0000][gc,phases   ] GC(656)   Merge Heap Roots: 2.7ms
[2026-01-16T09:04:31.800+0000][gc,phases   ] GC(656)   Evacuate Collection Set: 337.5ms
[2026-01-16T09:04:31.800+0000][gc,phases   ] GC(656)   Post Evacuate Collection Set: 56.2ms
[2026-01-16T09:04:31.800+0000][gc,phases   ] GC(656)   Other: 6.8ms
[2026-01-16T09:04:31.801+0000][gc,heap     ] GC(656) Eden regions: 49->0(50)
[2026-01-16T09:04:31.802+0000][gc,heap     ] GC(656) Survivor regions: 2->1(7)
[2026-01-16T09:04:31.803+0000][gc,heap     ] GC(656) Old regions: 256->256
[2026-01-16T09:04:31.803+0000][gc,heap     ] GC(656) Humongous regions: 94->94
[2026-01-16T09:04:31.808+0000][gc,metaspace] GC(656) Metaspace: 12732K(13184K)->12732K(13184K) NonClass: 11636K(11840K)->11636K(11840K) Class: 1095K(1344K)->1095K(1344K)
[2026-01-16T09:04:31.810+0000][gc          ] GC(656) Pause Young (Normal) (G1 Evacuation Pause) 400M->350M(1024M) 434.258ms
[2026-01-16T09:04:31.811+0000][gc,cpu      ] GC(656) User=0.20s Sys=0.02s Real=0.43s
[2026-01-16T09:04:38.575+0000][gc,start    ] GC(657) Pause Young (Normal) (G1 Evacuation Pause)
[2026-01-16T09:04:38.596+0000][gc,task     ] GC(657) Using 8 workers of 8 for evacuation
[2026-01-16T09:04:39.498+0000][gc,mmu      ] GC(657) MMU target violated: 201.0ms (200.0ms/201.0ms)
[2026-01-16T09:04:39.499+0000][gc,phases   ] GC(657)   Pre Evacuate Collection Set: 112.7ms
[2026-01-16T09:04:39.502+0000][gc,phases   ] GC(657)   Merge Heap Roots: 34.5ms
[2026-01-16T09:04:39.509+0000][gc,phases   ] GC(657)   Evacuate Collection Set: 631.4ms
[2026-01-16T09:04:39.509+0000][gc,phases   ] GC(657)   Post Evacuate Collection Set: 115.6ms
[2026-01-16T09:04:39.510+0000][gc,phases   ] GC(657)   Other: 8.9ms
[2026-01-16T09:04:39.510+0000][gc,heap     ] GC(657) Eden regions: 50->0(49)
[2026-01-16T09:04:39.511+0000][gc,heap     ] GC(657) Survivor regions: 1->2(7)
[2026-01-16T09:04:39.511+0000][gc,heap     ] GC(657) Old regions: 256->256
[2026-01-16T09:04:39.512+0000][gc,heap     ] GC(657) Humongous regions: 94->94
[2026-01-16T09:04:39.513+0000][gc,metaspace] GC(657) Metaspace: 12732K(13184K)->12732K(13184K) NonClass: 11636K(11840K)->11636K(11840K) Class: 1095K(1344K)->1095K(1344K)
[2026-01-16T09:04:39.513+0000][gc          ] GC(657) Pause Young (Normal) (G1 Evacuation Pause) 400M->351M(1024M) 938.791ms
[2026-01-16T09:04:39.515+0000][gc,cpu      ] GC(657) User=0.41s Sys=0.02s Real=0.94s
[2026-01-16T09:04:43.397+0000][gc,start    ] GC(658) Pause Young (Normal) (G1 Evacuation Pause)
[2026-01-16T09:04:43.400+0000][gc,task     ] GC(658) Using 8 workers of 8 for evacuation
[2026-01-16T09:04:43.759+0000][gc,mmu      ] GC(658) MMU target violated: 201.0ms (200.0ms/201.0ms)
[2026-01-16T09:04:43.761+0000][gc,phases   ] GC(658)   Pre Evacuate Collection Set: 14.8ms
[2026-01-16T09:04:43.762+0000][gc,phases   ] GC(658)   Merge Heap Roots: 7.1ms
[2026-01-16T09:04:43.763+0000][gc,phases   ] GC(658)   Evacuate Collection Set: 324.6ms
[2026-01-16T09:04:43.766+0000][gc,phases   ] GC(658)   Post Evacuate Collection Set: 11.7ms
[2026-01-16T09:04:43.767+0000][gc,phases   ] GC(658)   Other: 3.4ms
[2026-01-16T09:04:43.768+0000][gc,heap     ] GC(658) Eden regions: 49->0(48)
[2026-01-16T09:04:43.769+0000][gc,heap     ] GC(658) Survivor regions: 2->3(7)
[2026-01-16T09:04:43.770+0000][gc,heap     ] GC(658) Old regions: 256->256
[2026-01-16T09:04:43.771+0000][gc,heap     ] GC(658) Humongous regions: 94->94
[2026-01-16T09:04:43.771+0000][gc,metaspace] GC(658) Metaspace: 12732K(13184K)->12732K(13184K) NonClass: 11636K(11840K)->11636K(11840K) Class: 1095K(1344K)->1095K(1344K)
[2026-01-16T09:04:43.774+0000][gc          ] GC(658) Pause Young (Normal) (G1 Evacuation Pause) 400M->351M(1024M) 376.518ms
[2026-01-16T09:04:43.775+0000][gc,cpu      ] GC(658) User=0.24s Sys=0.02s Real=0.38s
[2026-01-16T09:04:47.029+0000][gc,start    ] GC(659) Pause Young (Normal) (G1 Evacuation Pause)
[2026-01-16T09:04:47.042+0000][gc,task     ] GC(659) Using 8 workers of 8 for evacuation
[2026-01-16T09:04:47.673+0000][gc,mmu      ] GC(659) MMU target violated: 201.0ms (200.0ms/201.0ms)
[2026-01-16T09:04:47.674+0000][gc,phases   ] GC(659)   Pre Evacuate Collection Set: 31.5ms
[2026-01-16T09:04:47.676+0000][gc,phases   ] GC(659)   Merge Heap Roots: 19.2ms
[2026-01-16T09:04:47.676+0000][gc,phases   ] GC(659)   Evacuate Collection Set: 544.4ms
[2026-01-16T09:04:47.678+0000][gc,phases   ] GC(659)   Post Evacuate Collection Set: 30.7ms
[2026-01-16T09:04:47.681+0000][gc,phases   ] GC(659)   Other: 16.3ms
[2026-01-16T09:04:47.686+0000][gc,heap     ] GC(659) Eden regions: 48->0(49)
[2026-01-16T09:04:47.691+0000][gc,heap     ] GC(659) Survivor regions: 3->2(7)
[2026-01-16T09:04:47.700+0000][gc,heap     ] GC(659) Old regions: 256->256
[2026-01-16T09:04:47.701+0000][gc,heap     ] GC(659) Humongous regions: 94->94
[2026-01-16T09:04:47.703+0000][gc,metaspace] GC(659) Metaspace: 12732K(13184K)->12732K(13184K) NonClass: 11636K(11840K)->11636K(11840K) Class: 1095K(1344K)->1095K(1344K)
[2026-01-16T09:04:47.712+0000][gc          ] GC(659) Pause Young (Normal) (G1 Evacuation Pause) 399M->351M(1024M) 675.457ms
[2026-01-16T09:04:47.715+0000][gc,cpu      ] GC(659) User=0.29s Sys=0.06s Real=0.69s
[2026-01-16T09:04:51.263+0000][gc,start    ] GC(660) Pause Young (Normal) (G1 Evacuation Pause)
[2026-01-16T09:04:51.282+0000][gc,task     ] GC(660) Using 8 workers of 8 for evacuation
[2026-01-16T09:04:52.200+0000][gc,mmu      ] GC(660) MMU target violated: 201.0ms (200.0ms/201.0ms)
[2026-01-16T09:04:52.204+0000][gc,phases   ] GC(660)   Pre Evacuate Collection Set: 122.0ms
[2026-01-16T09:04:52.205+0000][gc,phases   ] GC(660)   Merge Heap Roots: 16.5ms
[2026-01-16T09:04:52.206+0000][gc,phases   ] GC(660)   Evacuate Collection Set: 709.3ms
[2026-01-16T09:04:52.207+0000][gc,phases   ] GC(660)   Post Evacuate Collection Set: 41.2ms
[2026-01-16T09:04:52.211+0000][gc,phases   ] GC(660)   Other: 33.2ms
[2026-01-16T09:04:52.212+0000][gc,heap     ] GC(660) Eden regions: 49->0(49)
[2026-01-16T09:04:52.214+0000][gc,heap     ] GC(660) Survivor regions: 2->2(7)
[2026-01-16T09:04:52.214+0000][gc,heap     ] GC(660) Old regions: 256->256
[2026-01-16T09:04:52.215+0000][gc,heap     ] GC(660) Humongous regions: 94->94
[2026-01-16T09:04:52.216+0000][gc,metaspace] GC(660) Metaspace: 12732K(13184K)->12732K(13184K) NonClass: 11636K(11840K)->11636K(11840K) Class: 1095K(1344K)->1095K(1344K)
[2026-01-16T09:04:52.216+0000][gc          ] GC(660) Pause Young (Normal) (G1 Evacuation Pause) 400M->351M(1024M) 953.280ms
[2026-01-16T09:04:52.217+0000][gc,cpu      ] GC(660) User=0.39s Sys=0.02s Real=0.95s
[2026-01-16T09:04:55.900+0000][gc,start    ] GC(661) Pause Young (Normal) (G1 Evacuation Pause)
[2026-01-16T09:04:55.906+0000][gc,task     ] GC(661) Using 8 workers of 8 for evacuation
[2026-01-16T09:04:56.429+0000][gc,mmu      ] GC(661) MMU target violated: 201.0ms (200.0ms/201.0ms)
[2026-01-16T09:04:56.434+0000][gc,phases   ] GC(661)   Pre Evacuate Collection Set: 38.3ms
[2026-01-16T09:04:56.434+0000][gc,phases   ] GC(661)   Merge Heap Roots: 10.4ms
[2026-01-16T09:04:56.435+0000][gc,phases   ] GC(661)   Evacuate Collection Set: 447.5ms
[2026-01-16T09:04:56.435+0000][gc,phases   ] GC(661)   Post Evacuate Collection Set: 23.4ms
[2026-01-16T09:04:56.435+0000][gc,phases   ] GC(661)   Other: 8.5ms
[2026-01-16T09:04:56.436+0000][gc,heap     ] GC(661) Eden regions: 49->0(48)
[2026-01-16T09:04:56.436+0000][gc,heap     ] GC(661) Survivor regions: 2->3(7)
[2026-01-16T09:04:56.436+0000][gc,heap     ] GC(661) Old regions: 256->256
[2026-01-16T09:04:56.437+0000][gc,heap     ] GC(661) Humongous regions: 94->94
[2026-01-16T09:04:56.437+0000][gc,metaspace] GC(661) Metaspace: 12732K(13184K)->12732K(13184K) NonClass: 11636K(11840K)->11636K(11840K) Class: 1095K(1344K)->1095K(1344K)
[2026-01-16T09:04:56.437+0000][gc          ] GC(661) Pause Young (Normal) (G1 Evacuation Pause) 400M->352M(1024M) 537.267ms
[2026-01-16T09:04:56.438+0000][gc,cpu      ] GC(661) User=0.24s Sys=0.02s Real=0.54s
[2026-01-16T09:04:58.464+0000][gc,start    ] GC(662) Pause Young (Normal) (G1 Evacuation Pause)
[2026-01-16T09:04:58.464+0000][gc,task     ] GC(662) Using 8 workers of 8 for evacuation
[2026-01-16T09:04:58.694+0000][gc,mmu      ] GC(662) MMU target violated: 201.0ms (200.0ms/201.0ms)
[2026-01-16T09:04:58.694+0000][gc,phases   ] GC(662)   Pre Evacuate Collection Set: 7.6ms
[2026-01-16T09:04:58.694+0000][gc,phases   ] GC(662)   Merge Heap Roots: 10.6ms
[2026-01-16T09:04:58.694+0000][gc,phases   ] GC(662)   Evacuate Collection Set: 203.9ms
[2026-01-16T09:04:58.694+0000][gc,phases   ] GC(662)   Post Evacuate Collection Set: 6.6ms
[2026-01-16T09:04:58.695+0000][gc,phases   ] GC(662)   Other: 1.5ms
[2026-01-16T09:04:58.695+0000][gc,heap     ] GC(662) Eden regions: 48->0(49)
[2026-01-16T09:04:58.695+0000][gc,heap     ] GC(662) Survivor regions: 3->2(7)
[2026-01-16T09:04:58.695+0000][gc,heap     ] GC(662) Old regions: 256->256
[2026-01-16T09:04:58.695+0000][gc,heap     ] GC(662) Humongous regions: 94->94
[2026-01-16T09:04:58.695+0000][gc,metaspace] GC(662) Metaspace: 12732K(13184K)->12732K(13184K) NonClass: 11636K(11840K)->11636K(11840K) Class: 1095K(1344K)->1095K(1344K)
[2026-01-16T09:04:58.695+0000][gc          ] GC(662) Pause Young (Normal) (G1 Evacuation Pause) 400M->351M(1024M) 231.862ms
[2026-01-16T09:04:58.698+0000][gc,cpu      ] GC(662) User=0.09s Sys=0.00s Real=0.23s
[2026-01-16T09:05:00.885+0000][gc,start    ] GC(663) Pause Young (Normal) (G1 Evacuation Pause)
[2026-01-16T09:05:00.888+0000][gc,task     ] GC(663) Using 8 workers of 8 for evacuation
[2026-01-16T09:05:01.055+0000][gc,phases   ] GC(663)   Pre Evacuate Collection Set: 11.8ms
[2026-01-16T09:05:01.055+0000][gc,phases   ] GC(663)   Merge Heap Roots: 3.9ms
[2026-01-16T09:05:01.059+0000][gc,phases   ] GC(663)   Evacuate Collection Set: 147.1ms
[2026-01-16T09:05:01.060+0000][gc,phases   ] GC(663)   Post Evacuate Collection Set: 1.5ms
[2026-01-16T09:05:01.061+0000][gc,phases   ] GC(663)   Other: 2.8ms
[2026-01-16T09:05:01.062+0000][gc,heap     ] GC(663) Eden regions: 49->0(48)
[2026-01-16T09:05:01.063+0000][gc,heap     ] GC(663) Survivor regions: 2->3(7)
[2026-01-16T09:05:01.063+0000][gc,heap     ] GC(663) Old regions: 256->256
[2026-01-16T09:05:01.063+0000][gc,heap     ] GC(663) Humongous regions: 94->94
[2026-01-16T09:05:01.065+0000][gc,metaspace] GC(663) Metaspace: 12732K(13184K)->12732K(13184K) NonClass: 11636K(11840K)->11636K(11840K) Class: 1095K(1344K)->1095K(1344K)
[2026-01-16T09:05:01.068+0000][gc          ] GC(663) Pause Young (Normal) (G1 Evacuation Pause) 400M->351M(1024M) 182.969ms
[2026-01-16T09:05:01.068+0000][gc,cpu      ] GC(663) User=0.09s Sys=0.00s Real=0.18s
[2026-01-16T09:05:05.390+0000][gc,start    ] GC(664) Pause Young (Normal) (G1 Evacuation Pause)
[2026-01-16T09:05:05.399+0000][gc,task     ] GC(664) Using 8 workers of 8 for evacuation
[2026-01-16T09:05:05.871+0000][gc,mmu      ] GC(664) MMU target violated: 201.0ms (200.0ms/201.0ms)
[2026-01-16T09:05:05.874+0000][gc,phases   ] GC(664)   Pre Evacuate Collection Set: 29.4ms
[2026-01-16T09:05:05.877+0000][gc,phases   ] GC(664)   Merge Heap Roots: 0.7ms
[2026-01-16T09:05:05.879+0000][gc,phases   ] GC(664)   Evacuate Collection Set: 345.4ms
[2026-01-16T09:05:05.880+0000][gc,phases   ] GC(664)   Post Evacuate Collection Set: 68.8ms
[2026-01-16T09:05:05.883+0000][gc,phases   ] GC(664)   Other: 30.8ms
[2026-01-16T09:05:05.883+0000][gc,heap     ] GC(664) Eden regions: 48->0(49)
[2026-01-16T09:05:05.884+0000][gc,heap     ] GC(664) Survivor regions: 3->2(7)
[2026-01-16T09:05:05.885+0000][gc,heap     ] GC(664) Old regions: 256->256
[2026-01-16T09:05:05.886+0000][gc,heap     ] GC(664) Humongous regions: 94->94
[2026-01-16T09:05:05.886+0000][gc,metaspace] GC(664) Metaspace: 12732K(13184K)->12732K(13184K) NonClass: 11636K(11840K)->11636K(11840K) Class: 1095K(1344K)->1095K(1344K)
[2026-01-16T09:05:05.887+0000][gc          ] GC(664) Pause Young (Normal) (G1 Evacuation Pause) 399M->351M(1024M) 497.585ms
[2026-01-16T09:05:05.889+0000][gc,cpu      ] GC(664) User=0.22s Sys=0.03s Real=0.51s
[2026-01-16T09:05:07.943+0000][gc,start    ] GC(665) Pause Young (Normal) (G1 Evacuation Pause)
[2026-01-16T09:05:07.965+0000][gc,task     ] GC(665) Using 8 workers of 8 for evacuation
[2026-01-16T09:05:08.368+0000][gc,mmu      ] GC(665) MMU target violated: 201.0ms (200.0ms/201.0ms)
[2026-01-16T09:05:08.371+0000][gc,phases   ] GC(665)   Pre Evacuate Collection Set: 63.0ms
[2026-01-16T09:05:08.372+0000][gc,phases   ] GC(665)   Merge Heap Roots: 28.6ms
[2026-01-16T09:05:08.373+0000][gc,phases   ] GC(665)   Evacuate Collection Set: 268.4ms
[2026-01-16T09:05:08.374+0000][gc,phases   ] GC(665)   Post Evacuate Collection Set: 20.9ms
[2026-01-16T09:05:08.374+0000][gc,phases   ] GC(665)   Other: 42.6ms
[2026-01-16T09:05:08.375+0000][gc,heap     ] GC(665) Eden regions: 49->0(50)
[2026-01-16T09:05:08.375+0000][gc,heap     ] GC(665) Survivor regions: 2->1(7)
[2026-01-16T09:05:08.376+0000][gc,heap     ] GC(665) Old regions: 256->256
[2026-01-16T09:05:08.376+0000][gc,heap     ] GC(665) Humongous regions: 94->94
[2026-01-16T09:05:08.377+0000][gc,metaspace] GC(665) Metaspace: 12732K(13184K)->12732K(13184K) NonClass: 11636K(11840K)->11636K(11840K) Class: 1095K(1344K)->1095K(1344K)
[2026-01-16T09:05:08.377+0000][gc          ] GC(665) Pause Young (Normal) (G1 Evacuation Pause) 400M->350M(1024M) 433.729ms
[2026-01-16T09:05:08.378+0000][gc,cpu      ] GC(665) User=0.09s Sys=0.00s Real=0.44s
[2026-01-16T09:05:11.425+0000][gc,start    ] GC(666) Pause Young (Normal) (G1 Evacuation Pause)
[2026-01-16T09:05:11.449+0000][gc,task     ] GC(666) Using 8 workers of 8 for evacuation
[2026-01-16T09:05:11.683+0000][gc,mmu      ] GC(666) MMU target violated: 201.0ms (200.0ms/201.0ms)
[2026-01-16T09:05:11.687+0000][gc,phases   ] GC(666)   Pre Evacuate Collection Set: 38.9ms
[2026-01-16T09:05:11.687+0000][gc,phases   ] GC(666)   Merge Heap Roots: 7.9ms
[2026-01-16T09:05:11.687+0000][gc,phases   ] GC(666)   Evacuate Collection Set: 160.6ms
[2026-01-16T09:05:11.691+0000][gc,phases   ] GC(666)   Post Evacuate Collection Set: 22.2ms
[2026-01-16T09:05:11.693+0000][gc,phases   ] GC(666)   Other: 8.4ms
[2026-01-16T09:05:11.693+0000][gc,heap     ] GC(666) Eden regions: 50->0(50)
[2026-01-16T09:05:11.695+0000][gc,heap     ] GC(666) Survivor regions: 1->1(7)
[2026-01-16T09:05:11.697+0000][gc,heap     ] GC(666) Old regions: 256->256
[2026-01-16T09:05:11.697+0000][gc,heap     ] GC(666) Humongous regions: 94->94
[2026-01-16T09:05:11.698+0000][gc,metaspace] GC(666) Metaspace: 12732K(13184K)->12732K(13184K) NonClass: 11636K(11840K)->11636K(11840K) Class: 1095K(1344K)->1095K(1344K)
[2026-01-16T09:05:11.698+0000][gc          ] GC(666) Pause Young (Normal) (G1 Evacuation Pause) 400M->350M(1024M) 272.828ms
[2026-01-16T09:05:11.698+0000][gc,cpu      ] GC(666) User=0.11s Sys=0.01s Real=0.27s
[2026-01-16T09:05:13.666+0000][gc,start    ] GC(667) Pause Young (Normal) (G1 Evacuation Pause)
[2026-01-16T09:05:13.669+0000][gc,task     ] GC(667) Using 8 workers of 8 for evacuation
[2026-01-16T09:05:13.749+0000][gc,phases   ] GC(667)   Pre Evacuate Collection Set: 8.7ms
[2026-01-16T09:05:13.753+0000][gc,phases   ] GC(667)   Merge Heap Roots: 1.5ms
[2026-01-16T09:05:13.754+0000][gc,phases   ] GC(667)   Evacuate Collection Set: 54.8ms
[2026-01-16T09:05:13.756+0000][gc,phases   ] GC(667)   Post Evacuate Collection Set: 14.1ms
[2026-01-16T09:05:13.756+0000][gc,phases   ] GC(667)   Other: 1.4ms
[2026-01-16T09:05:13.756+0000][gc,heap     ] GC(667) Eden regions: 50->0(49)
[2026-01-16T09:05:13.756+0000][gc,heap     ] GC(667) Survivor regions: 1->2(7)
[2026-01-16T09:05:13.756+0000][gc,heap     ] GC(667) Old regions: 256->256
[2026-01-16T09:05:13.756+0000][gc,heap     ] GC(667) Humongous regions: 94->94
[2026-01-16T09:05:13.756+0000][gc,metaspace] GC(667) Metaspace: 12732K(13184K)->12732K(13184K) NonClass: 11636K(11840K)->11636K(11840K) Class: 1095K(1344K)->1095K(1344K)
[2026-01-16T09:05:13.757+0000][gc          ] GC(667) Pause Young (Normal) (G1 Evacuation Pause) 400M->351M(1024M) 90.767ms
[2026-01-16T09:05:13.757+0000][gc,cpu      ] GC(667) User=0.06s Sys=0.02s Real=0.09s
[2026-01-16T09:05:20.590+0000][gc,start    ] GC(668) Pause Young (Normal) (G1 Evacuation Pause)
[2026-01-16T09:05:20.605+0000][gc,task     ] GC(668) Using 8 workers of 8 for evacuation
[2026-01-16T09:05:20.805+0000][gc,phases   ] GC(668)   Pre Evacuate Collection Set: 27.0ms
[2026-01-16T09:05:20.805+0000][gc,phases   ] GC(668)   Merge Heap Roots: 9.0ms
[2026-01-16T09:05:20.806+0000][gc,phases   ] GC(668)   Evacuate Collection Set: 131.3ms
[2026-01-16T09:05:20.809+0000][gc,phases   ] GC(668)   Post Evacuate Collection Set: 26.3ms
[2026-01-16T09:05:20.810+0000][gc,phases   ] GC(668)   Other: 6.5ms
[2026-01-16T09:05:20.810+0000][gc,heap     ] GC(668) Eden regions: 49->0(50)
[2026-01-16T09:05:20.811+0000][gc,heap     ] GC(668) Survivor regions: 2->1(7)
[2026-01-16T09:05:20.811+0000][gc,heap     ] GC(668) Old regions: 256->256
[2026-01-16T09:05:20.812+0000][gc,heap     ] GC(668) Humongous regions: 94->94
[2026-01-16T09:05:20.815+0000][gc,metaspace] GC(668) Metaspace: 12732K(13184K)->12732K(13184K) NonClass: 11636K(11840K)->11636K(11840K) Class: 1095K(1344K)->1095K(1344K)
[2026-01-16T09:05:20.816+0000][gc          ] GC(668) Pause Young (Normal) (G1 Evacuation Pause) 400M->350M(1024M) 226.082ms
[2026-01-16T09:05:20.816+0000][gc,cpu      ] GC(668) User=0.11s Sys=0.01s Real=0.23s
[2026-01-16T09:05:22.885+0000][gc,start    ] GC(669) Pause Young (Normal) (G1 Evacuation Pause)
[2026-01-16T09:05:22.887+0000][gc,task     ] GC(669) Using 8 workers of 8 for evacuation
[2026-01-16T09:05:22.957+0000][gc,phases   ] GC(669)   Pre Evacuate Collection Set: 12.4ms
[2026-01-16T09:05:22.958+0000][gc,phases   ] GC(669)   Merge Heap Roots: 4.4ms
[2026-01-16T09:05:22.960+0000][gc,phases   ] GC(669)   Evacuate Collection Set: 46.4ms
[2026-01-16T09:05:22.961+0000][gc,phases   ] GC(669)   Post Evacuate Collection Set: 4.4ms
[2026-01-16T09:05:22.962+0000][gc,phases   ] GC(669)   Other: 2.3ms
[2026-01-16T09:05:22.963+0000][gc,heap     ] GC(669) Eden regions: 50->0(49)
[2026-01-16T09:05:22.963+0000][gc,heap     ] GC(669) Survivor regions: 1->2(7)
[2026-01-16T09:05:22.965+0000][gc,heap     ] GC(669) Old regions: 256->256
[2026-01-16T09:05:22.965+0000][gc,heap     ] GC(669) Humongous regions: 94->94
[2026-01-16T09:05:22.965+0000][gc,metaspace] GC(669) Metaspace: 12732K(13184K)->12732K(13184K) NonClass: 11636K(11840K)->11636K(11840K) Class: 1095K(1344K)->1095K(1344K)
[2026-01-16T09:05:22.968+0000][gc          ] GC(669) Pause Young (Normal) (G1 Evacuation Pause) 400M->351M(1024M) 82.393ms
[2026-01-16T09:05:22.969+0000][gc,cpu      ] GC(669) User=0.07s Sys=0.01s Real=0.08s
[2026-01-16T09:05:31.948+0000][gc,start    ] GC(670) Pause Young (Normal) (G1 Evacuation Pause)
[2026-01-16T09:05:31.955+0000][gc,task     ] GC(670) Using 8 workers of 8 for evacuation
[2026-01-16T09:05:32.292+0000][gc,mmu      ] GC(670) MMU target violated: 201.0ms (200.0ms/201.0ms)
[2026-01-16T09:05:32.298+0000][gc,phases   ] GC(670)   Pre Evacuate Collection Set: 29.9ms
[2026-01-16T09:05:32.299+0000][gc,phases   ] GC(670)   Merge Heap Roots: 7.1ms
[2026-01-16T09:05:32.301+0000][gc,phases   ] GC(670)   Evacuate Collection Set: 232.6ms
[2026-01-16T09:05:32.302+0000][gc,phases   ] GC(670)   Post Evacuate Collection Set: 65.5ms
[2026-01-16T09:05:32.302+0000][gc,phases   ] GC(670)   Other: 8.5ms
[2026-01-16T09:05:32.304+0000][gc,heap     ] GC(670) Eden regions: 49->0(50)
[2026-01-16T09:05:32.307+0000][gc,heap     ] GC(670) Survivor regions: 2->1(7)
[2026-01-16T09:05:32.308+0000][gc,heap     ] GC(670) Old regions: 256->256
[2026-01-16T09:05:32.309+0000][gc,heap     ] GC(670) Humongous regions: 94->94
[2026-01-16T09:05:32.323+0000][gc,metaspace] GC(670) Metaspace: 12732K(13184K)->12732K(13184K) NonClass: 11636K(11840K)->11636K(11840K) Class: 1095K(1344K)->1095K(1344K)
[2026-01-16T09:05:32.324+0000][gc          ] GC(670) Pause Young (Normal) (G1 Evacuation Pause) 400M->350M(1024M) 376.421ms
[2026-01-16T09:05:32.325+0000][gc,cpu      ] GC(670) User=0.23s Sys=0.03s Real=0.38s
[2026-01-16T09:05:36.362+0000][gc,start    ] GC(671) Pause Young (Normal) (G1 Evacuation Pause)
[2026-01-16T09:05:36.370+0000][gc,task     ] GC(671) Using 8 workers of 8 for evacuation
[2026-01-16T09:05:36.511+0000][gc,phases   ] GC(671)   Pre Evacuate Collection Set: 12.8ms
[2026-01-16T09:05:36.512+0000][gc,phases   ] GC(671)   Merge Heap Roots: 8.5ms
[2026-01-16T09:05:36.512+0000][gc,phases   ] GC(671)   Evacuate Collection Set: 110.5ms
[2026-01-16T09:05:36.513+0000][gc,phases   ] GC(671)   Post Evacuate Collection Set: 8.5ms
[2026-01-16T09:05:36.513+0000][gc,phases   ] GC(671)   Other: 0.8ms
[2026-01-16T09:05:36.514+0000][gc,heap     ] GC(671) Eden regions: 50->0(49)
[2026-01-16T09:05:36.514+0000][gc,heap     ] GC(671) Survivor regions: 1->2(7)
[2026-01-16T09:05:36.515+0000][gc,heap     ] GC(671) Old regions: 256->256
[2026-01-16T09:05:36.515+0000][gc,heap     ] GC(671) Humongous regions: 94->94
[2026-01-16T09:05:36.516+0000][gc,metaspace] GC(671) Metaspace: 12732K(13184K)->12732K(13184K) NonClass: 11636K(11840K)->11636K(11840K) Class: 1095K(1344K)->1095K(1344K)
[2026-01-16T09:05:36.519+0000][gc          ] GC(671) Pause Young (Normal) (G1 Evacuation Pause) 400M->351M(1024M) 156.185ms
[2026-01-16T09:05:36.519+0000][gc,cpu      ] GC(671) User=0.13s Sys=0.01s Real=0.18s
[2026-01-16T09:05:38.715+0000][gc,start    ] GC(672) Pause Young (Normal) (G1 Evacuation Pause)
[2026-01-16T09:05:38.717+0000][gc,task     ] GC(672) Using 8 workers of 8 for evacuation
[2026-01-16T09:05:39.076+0000][gc,mmu      ] GC(672) MMU target violated: 201.0ms (200.0ms/201.0ms)
[2026-01-16T09:05:39.082+0000][gc,phases   ] GC(672)   Pre Evacuate Collection Set: 21.8ms
[2026-01-16T09:05:39.087+0000][gc,phases   ] GC(672)   Merge Heap Roots: 16.8ms
[2026-01-16T09:05:39.088+0000][gc,phases   ] GC(672)   Evacuate Collection Set: 229.9ms
[2026-01-16T09:05:39.094+0000][gc,phases   ] GC(672)   Post Evacuate Collection Set: 89.6ms
[2026-01-16T09:05:39.095+0000][gc,phases   ] GC(672)   Other: 7.1ms
[2026-01-16T09:05:39.096+0000][gc,heap     ] GC(672) Eden regions: 49->0(49)
[2026-01-16T09:05:39.096+0000][gc,heap     ] GC(672) Survivor regions: 2->2(7)
[2026-01-16T09:05:39.096+0000][gc,heap     ] GC(672) Old regions: 256->257
[2026-01-16T09:05:39.097+0000][gc,heap     ] GC(672) Humongous regions: 94->94
[2026-01-16T09:05:39.097+0000][gc,metaspace] GC(672) Metaspace: 12736K(13184K)->12736K(13184K) NonClass: 11641K(11840K)->11641K(11840K) Class: 1095K(1344K)->1095K(1344K)
[2026-01-16T09:05:39.098+0000][gc          ] GC(672) Pause Young (Normal) (G1 Evacuation Pause) 400M->351M(1024M) 383.292ms
[2026-01-16T09:05:39.098+0000][gc,cpu      ] GC(672) User=0.13s Sys=0.01s Real=0.38s
[2026-01-16T09:05:41.253+0000][gc,start    ] GC(673) Pause Young (Normal) (G1 Evacuation Pause)
[2026-01-16T09:05:41.272+0000][gc,task     ] GC(673) Using 8 workers of 8 for evacuation
[2026-01-16T09:05:41.467+0000][gc,phases   ] GC(673)   Pre Evacuate Collection Set: 21.6ms
[2026-01-16T09:05:41.467+0000][gc,phases   ] GC(673)   Merge Heap Roots: 0.9ms
[2026-01-16T09:05:41.471+0000][gc,phases   ] GC(673)   Evacuate Collection Set: 135.8ms
[2026-01-16T09:05:41.473+0000][gc,phases   ] GC(673)   Post Evacuate Collection Set: 30.1ms
[2026-01-16T09:05:41.474+0000][gc,phases   ] GC(673)   Other: 7.1ms
[2026-01-16T09:05:41.477+0000][gc,heap     ] GC(673) Eden regions: 49->0(49)
[2026-01-16T09:05:41.479+0000][gc,heap     ] GC(673) Survivor regions: 2->2(7)
[2026-01-16T09:05:41.481+0000][gc,heap     ] GC(673) Old regions: 257->257
[2026-01-16T09:05:41.481+0000][gc,heap     ] GC(673) Humongous regions: 94->94
[2026-01-16T09:05:41.481+0000][gc,metaspace] GC(673) Metaspace: 12736K(13184K)->12736K(13184K) NonClass: 11641K(11840K)->11641K(11840K) Class: 1095K(1344K)->1095K(1344K)
[2026-01-16T09:05:41.481+0000][gc          ] GC(673) Pause Young (Normal) (G1 Evacuation Pause) 400M->351M(1024M) 228.324ms
[2026-01-16T09:05:41.483+0000][gc,cpu      ] GC(673) User=0.09s Sys=0.01s Real=0.24s
[2026-01-16T09:05:45.581+0000][gc,start    ] GC(674) Pause Young (Normal) (G1 Evacuation Pause)
[2026-01-16T09:05:45.596+0000][gc,task     ] GC(674) Using 8 workers of 8 for evacuation
[2026-01-16T09:05:45.827+0000][gc,mmu      ] GC(674) MMU target violated: 201.0ms (200.0ms/201.0ms)
[2026-01-16T09:05:45.828+0000][gc,phases   ] GC(674)   Pre Evacuate Collection Set: 67.6ms
[2026-01-16T09:05:45.830+0000][gc,phases   ] GC(674)   Merge Heap Roots: 0.9ms
[2026-01-16T09:05:45.831+0000][gc,phases   ] GC(674)   Evacuate Collection Set: 132.2ms
[2026-01-16T09:05:45.831+0000][gc,phases   ] GC(674)   Post Evacuate Collection Set: 23.2ms
[2026-01-16T09:05:45.833+0000][gc,phases   ] GC(674)   Other: 15.2ms
[2026-01-16T09:05:45.834+0000][gc,heap     ] GC(674) Eden regions: 49->0(49)
[2026-01-16T09:05:45.835+0000][gc,heap     ] GC(674) Survivor regions: 2->2(7)
[2026-01-16T09:05:45.835+0000][gc,heap     ] GC(674) Old regions: 257->257
[2026-01-16T09:05:45.835+0000][gc,heap     ] GC(674) Humongous regions: 94->94
[2026-01-16T09:05:45.836+0000][gc,metaspace] GC(674) Metaspace: 12736K(13184K)->12736K(13184K) NonClass: 11641K(11840K)->11641K(11840K) Class: 1095K(1344K)->1095K(1344K)
[2026-01-16T09:05:45.837+0000][gc          ] GC(674) Pause Young (Normal) (G1 Evacuation Pause) 400M->351M(1024M) 256.629ms
[2026-01-16T09:05:45.838+0000][gc,cpu      ] GC(674) User=0.10s Sys=0.00s Real=0.26s
[2026-01-16T09:05:48.600+0000][gc,start    ] GC(675) Pause Young (Normal) (G1 Evacuation Pause)
[2026-01-16T09:05:48.601+0000][gc,task     ] GC(675) Using 8 workers of 8 for evacuation
[2026-01-16T09:05:48.738+0000][gc,phases   ] GC(675)   Pre Evacuate Collection Set: 14.4ms
[2026-01-16T09:05:48.739+0000][gc,phases   ] GC(675)   Merge Heap Roots: 0.6ms
[2026-01-16T09:05:48.739+0000][gc,phases   ] GC(675)   Evacuate Collection Set: 103.5ms
[2026-01-16T09:05:48.739+0000][gc,phases   ] GC(675)   Post Evacuate Collection Set: 18.1ms
[2026-01-16T09:05:48.740+0000][gc,phases   ] GC(675)   Other: 0.5ms
[2026-01-16T09:05:48.740+0000][gc,heap     ] GC(675) Eden regions: 49->0(54)
[2026-01-16T09:05:48.743+0000][gc,heap     ] GC(675) Survivor regions: 2->1(7)
[2026-01-16T09:05:48.743+0000][gc,heap     ] GC(675) Old regions: 257->257
[2026-01-16T09:05:48.743+0000][gc,heap     ] GC(675) Humongous regions: 94->94
[2026-01-16T09:05:48.744+0000][gc,metaspace] GC(675) Metaspace: 12736K(13184K)->12736K(13184K) NonClass: 11641K(11840K)->11641K(11840K) Class: 1095K(1344K)->1095K(1344K)
[2026-01-16T09:05:48.745+0000][gc          ] GC(675) Pause Young (Normal) (G1 Evacuation Pause) 400M->350M(1024M) 144.124ms
[2026-01-16T09:05:48.746+0000][gc,cpu      ] GC(675) User=0.08s Sys=0.00s Real=0.15s
[2026-01-16T09:05:51.777+0000][gc,start    ] GC(676) Pause Young (Normal) (G1 Evacuation Pause)
[2026-01-16T09:05:51.781+0000][gc,task     ] GC(676) Using 8 workers of 8 for evacuation
[2026-01-16T09:05:52.366+0000][gc,mmu      ] GC(676) MMU target violated: 201.0ms (200.0ms/201.0ms)
[2026-01-16T09:05:52.370+0000][gc,phases   ] GC(676)   Pre Evacuate Collection Set: 20.0ms
[2026-01-16T09:05:52.370+0000][gc,phases   ] GC(676)   Merge Heap Roots: 6.7ms
[2026-01-16T09:05:52.371+0000][gc,phases   ] GC(676)   Evacuate Collection Set: 528.0ms
[2026-01-16T09:05:52.372+0000][gc,phases   ] GC(676)   Post Evacuate Collection Set: 24.1ms
[2026-01-16T09:05:52.372+0000][gc,phases   ] GC(676)   Other: 10.6ms
[2026-01-16T09:05:52.373+0000][gc,heap     ] GC(676) Eden regions: 56->0(49)
[2026-01-16T09:05:52.374+0000][gc,heap     ] GC(676) Survivor regions: 1->2(8)
[2026-01-16T09:05:52.375+0000][gc,heap     ] GC(676) Old regions: 257->257
[2026-01-16T09:05:52.380+0000][gc,heap     ] GC(676) Humongous regions: 94->94
[2026-01-16T09:05:52.382+0000][gc,metaspace] GC(676) Metaspace: 12736K(13184K)->12736K(13184K) NonClass: 11641K(11840K)->11641K(11840K) Class: 1095K(1344K)->1095K(1344K)
[2026-01-16T09:05:52.388+0000][gc          ] GC(676) Pause Young (Normal) (G1 Evacuation Pause) 406M->351M(1024M) 610.557ms
[2026-01-16T09:05:52.391+0000][gc,cpu      ] GC(676) User=0.22s Sys=0.03s Real=0.61s
[2026-01-16T09:06:00.367+0000][gc,start    ] GC(677) Pause Young (Normal) (G1 Evacuation Pause)
[2026-01-16T09:06:00.371+0000][gc,task     ] GC(677) Using 8 workers of 8 for evacuation
[2026-01-16T09:06:00.508+0000][gc,phases   ] GC(677)   Pre Evacuate Collection Set: 28.0ms
[2026-01-16T09:06:00.508+0000][gc,phases   ] GC(677)   Merge Heap Roots: 3.8ms
[2026-01-16T09:06:00.511+0000][gc,phases   ] GC(677)   Evacuate Collection Set: 84.6ms
[2026-01-16T09:06:00.514+0000][gc,phases   ] GC(677)   Post Evacuate Collection Set: 18.4ms
[2026-01-16T09:06:00.516+0000][gc,phases   ] GC(677)   Other: 3.3ms
[2026-01-16T09:06:00.521+0000][gc,heap     ] GC(677) Eden regions: 49->0(50)
[2026-01-16T09:06:00.521+0000][gc,heap     ] GC(677) Survivor regions: 2->1(7)
[2026-01-16T09:06:00.524+0000][gc,heap     ] GC(677) Old regions: 257->257
[2026-01-16T09:06:00.524+0000][gc,heap     ] GC(677) Humongous regions: 94->94
[2026-01-16T09:06:00.524+0000][gc,metaspace] GC(677) Metaspace: 12736K(13184K)->12736K(13184K) NonClass: 11641K(11840K)->11641K(11840K) Class: 1095K(1344K)->1095K(1344K)
[2026-01-16T09:06:00.525+0000][gc          ] GC(677) Pause Young (Normal) (G1 Evacuation Pause) 400M->350M(1024M) 157.388ms
[2026-01-16T09:06:00.525+0000][gc,cpu      ] GC(677) User=0.11s Sys=0.00s Real=0.16s
[2026-01-16T09:06:02.073+0000][gc,start    ] GC(678) Pause Young (Normal) (G1 Evacuation Pause)
[2026-01-16T09:06:02.074+0000][gc,task     ] GC(678) Using 8 workers of 8 for evacuation
[2026-01-16T09:06:02.168+0000][gc,phases   ] GC(678)   Pre Evacuate Collection Set: 21.4ms
[2026-01-16T09:06:02.171+0000][gc,phases   ] GC(678)   Merge Heap Roots: 4.1ms
[2026-01-16T09:06:02.174+0000][gc,phases   ] GC(678)   Evacuate Collection Set: 57.9ms
[2026-01-16T09:06:02.174+0000][gc,phases   ] GC(678)   Post Evacuate Collection Set: 10.4ms
[2026-01-16T09:06:02.176+0000][gc,phases   ] GC(678)   Other: 0.5ms
[2026-01-16T09:06:02.176+0000][gc,heap     ] GC(678) Eden regions: 50->0(49)
[2026-01-16T09:06:02.177+0000][gc,heap     ] GC(678) Survivor regions: 1->2(7)
[2026-01-16T09:06:02.178+0000][gc,heap     ] GC(678) Old regions: 257->257
[2026-01-16T09:06:02.178+0000][gc,heap     ] GC(678) Humongous regions: 94->94
[2026-01-16T09:06:02.178+0000][gc,metaspace] GC(678) Metaspace: 12736K(13184K)->12736K(13184K) NonClass: 11641K(11840K)->11641K(11840K) Class: 1095K(1344K)->1095K(1344K)
[2026-01-16T09:06:02.179+0000][gc          ] GC(678) Pause Young (Normal) (G1 Evacuation Pause) 400M->351M(1024M) 105.162ms
[2026-01-16T09:06:02.179+0000][gc,cpu      ] GC(678) User=0.06s Sys=0.01s Real=0.10s
[2026-01-16T09:06:12.763+0000][gc,start    ] GC(679) Pause Young (Normal) (G1 Evacuation Pause)
[2026-01-16T09:06:12.775+0000][gc,task     ] GC(679) Using 8 workers of 8 for evacuation
[2026-01-16T09:06:13.163+0000][gc,mmu      ] GC(679) MMU target violated: 201.0ms (200.0ms/201.0ms)
[2026-01-16T09:06:13.164+0000][gc,phases   ] GC(679)   Pre Evacuate Collection Set: 30.6ms
[2026-01-16T09:06:13.167+0000][gc,phases   ] GC(679)   Merge Heap Roots: 11.0ms
[2026-01-16T09:06:13.168+0000][gc,phases   ] GC(679)   Evacuate Collection Set: 298.3ms
[2026-01-16T09:06:13.169+0000][gc,phases   ] GC(679)   Post Evacuate Collection Set: 46.4ms
[2026-01-16T09:06:13.169+0000][gc,phases   ] GC(679)   Other: 2.9ms
[2026-01-16T09:06:13.170+0000][gc,heap     ] GC(679) Eden regions: 49->0(50)
[2026-01-16T09:06:13.170+0000][gc,heap     ] GC(679) Survivor regions: 2->1(7)
[2026-01-16T09:06:13.170+0000][gc,heap     ] GC(679) Old regions: 257->257
[2026-01-16T09:06:13.171+0000][gc,heap     ] GC(679) Humongous regions: 94->94
[2026-01-16T09:06:13.171+0000][gc,metaspace] GC(679) Metaspace: 12736K(13184K)->12736K(13184K) NonClass: 11641K(11840K)->11641K(11840K) Class: 1095K(1344K)->1095K(1344K)
[2026-01-16T09:06:13.172+0000][gc          ] GC(679) Pause Young (Normal) (G1 Evacuation Pause) 400M->350M(1024M) 408.854ms
[2026-01-16T09:06:13.176+0000][gc,cpu      ] GC(679) User=0.19s Sys=0.02s Real=0.42s
[2026-01-16T09:06:15.962+0000][gc,start    ] GC(680) Pause Young (Normal) (G1 Evacuation Pause)
[2026-01-16T09:06:15.969+0000][gc,task     ] GC(680) Using 8 workers of 8 for evacuation
[2026-01-16T09:06:16.050+0000][gc,phases   ] GC(680)   Pre Evacuate Collection Set: 12.1ms
[2026-01-16T09:06:16.054+0000][gc,phases   ] GC(680)   Merge Heap Roots: 6.2ms
[2026-01-16T09:06:16.055+0000][gc,phases   ] GC(680)   Evacuate Collection Set: 52.6ms
[2026-01-16T09:06:16.055+0000][gc,phases   ] GC(680)   Post Evacuate Collection Set: 10.0ms
[2026-01-16T09:06:16.055+0000][gc,phases   ] GC(680)   Other: 1.1ms
[2026-01-16T09:06:16.056+0000][gc,heap     ] GC(680) Eden regions: 50->0(49)
[2026-01-16T09:06:16.056+0000][gc,heap     ] GC(680) Survivor regions: 1->2(7)
[2026-01-16T09:06:16.056+0000][gc,heap     ] GC(680) Old regions: 257->257
[2026-01-16T09:06:16.056+0000][gc,heap     ] GC(680) Humongous regions: 94->94
[2026-01-16T09:06:16.056+0000][gc,metaspace] GC(680) Metaspace: 12736K(13184K)->12736K(13184K) NonClass: 11641K(11840K)->11641K(11840K) Class: 1095K(1344K)->1095K(1344K)
[2026-01-16T09:06:16.056+0000][gc          ] GC(680) Pause Young (Normal) (G1 Evacuation Pause) 400M->351M(1024M) 93.462ms
[2026-01-16T09:06:16.056+0000][gc,cpu      ] GC(680) User=0.08s Sys=0.01s Real=0.09s
[2026-01-16T09:06:17.350+0000][gc,start    ] GC(681) Pause Young (Normal) (G1 Evacuation Pause)
[2026-01-16T09:06:17.352+0000][gc,task     ] GC(681) Using 8 workers of 8 for evacuation
[2026-01-16T09:06:17.432+0000][gc,phases   ] GC(681)   Pre Evacuate Collection Set: 5.6ms
[2026-01-16T09:06:17.432+0000][gc,phases   ] GC(681)   Merge Heap Roots: 3.6ms
[2026-01-16T09:06:17.434+0000][gc,phases   ] GC(681)   Evacuate Collection Set: 65.7ms
[2026-01-16T09:06:17.436+0000][gc,phases   ] GC(681)   Post Evacuate Collection Set: 2.2ms
[2026-01-16T09:06:17.437+0000][gc,phases   ] GC(681)   Other: 2.9ms
[2026-01-16T09:06:17.438+0000][gc,heap     ] GC(681) Eden regions: 49->0(49)
[2026-01-16T09:06:17.438+0000][gc,heap     ] GC(681) Survivor regions: 2->2(7)
[2026-01-16T09:06:17.439+0000][gc,heap     ] GC(681) Old regions: 257->257
[2026-01-16T09:06:17.439+0000][gc,heap     ] GC(681) Humongous regions: 94->94
[2026-01-16T09:06:17.439+0000][gc,metaspace] GC(681) Metaspace: 12736K(13184K)->12736K(13184K) NonClass: 11641K(11840K)->11641K(11840K) Class: 1095K(1344K)->1095K(1344K)
[2026-01-16T09:06:17.439+0000][gc          ] GC(681) Pause Young (Normal) (G1 Evacuation Pause) 400M->351M(1024M) 89.361ms
[2026-01-16T09:06:17.440+0000][gc,cpu      ] GC(681) User=0.08s Sys=0.01s Real=0.09s
[2026-01-16T09:06:18.644+0000][gc,start    ] GC(682) Pause Young (Normal) (G1 Evacuation Pause)
[2026-01-16T09:06:18.644+0000][gc,task     ] GC(682) Using 8 workers of 8 for evacuation
[2026-01-16T09:06:18.732+0000][gc,phases   ] GC(682)   Pre Evacuate Collection Set: 7.9ms
[2026-01-16T09:06:18.736+0000][gc,phases   ] GC(682)   Merge Heap Roots: 2.6ms
[2026-01-16T09:06:18.736+0000][gc,phases   ] GC(682)   Evacuate Collection Set: 71.4ms
[2026-01-16T09:06:18.736+0000][gc,phases   ] GC(682)   Post Evacuate Collection Set: 4.9ms
[2026-01-16T09:06:18.737+0000][gc,phases   ] GC(682)   Other: 1.0ms
[2026-01-16T09:06:18.738+0000][gc,heap     ] GC(682) Eden regions: 49->0(49)
[2026-01-16T09:06:18.738+0000][gc,heap     ] GC(682) Survivor regions: 2->2(7)
[2026-01-16T09:06:18.738+0000][gc,heap     ] GC(682) Old regions: 257->257
[2026-01-16T09:06:18.738+0000][gc,heap     ] GC(682) Humongous regions: 94->94
[2026-01-16T09:06:18.738+0000][gc,metaspace] GC(682) Metaspace: 12736K(13184K)->12736K(13184K) NonClass: 11641K(11840K)->11641K(11840K) Class: 1095K(1344K)->1095K(1344K)
[2026-01-16T09:06:18.739+0000][gc          ] GC(682) Pause Young (Normal) (G1 Evacuation Pause) 400M->351M(1024M) 94.936ms
[2026-01-16T09:06:18.739+0000][gc,cpu      ] GC(682) User=0.04s Sys=0.00s Real=0.10s
[2026-01-16T09:06:21.547+0000][gc,start    ] GC(683) Pause Young (Normal) (G1 Evacuation Pause)
[2026-01-16T09:06:21.549+0000][gc,task     ] GC(683) Using 8 workers of 8 for evacuation
[2026-01-16T09:06:22.093+0000][gc,mmu      ] GC(683) MMU target violated: 201.0ms (200.0ms/201.0ms)
[2026-01-16T09:06:22.097+0000][gc,phases   ] GC(683)   Pre Evacuate Collection Set: 22.3ms
[2026-01-16T09:06:22.099+0000][gc,phases   ] GC(683)   Merge Heap Roots: 29.8ms
[2026-01-16T09:06:22.101+0000][gc,phases   ] GC(683)   Evacuate Collection Set: 459.4ms
[2026-01-16T09:06:22.109+0000][gc,phases   ] GC(683)   Post Evacuate Collection Set: 18.2ms
[2026-01-16T09:06:22.113+0000][gc,phases   ] GC(683)   Other: 18.3ms
[2026-01-16T09:06:22.116+0000][gc,heap     ] GC(683) Eden regions: 49->0(49)
[2026-01-16T09:06:22.118+0000][gc,heap     ] GC(683) Survivor regions: 2->2(7)
[2026-01-16T09:06:22.119+0000][gc,heap     ] GC(683) Old regions: 257->257
[2026-01-16T09:06:22.122+0000][gc,heap     ] GC(683) Humongous regions: 94->94
[2026-01-16T09:06:22.124+0000][gc,metaspace] GC(683) Metaspace: 12736K(13184K)->12736K(13184K) NonClass: 11641K(11840K)->11641K(11840K) Class: 1095K(1344K)->1095K(1344K)
[2026-01-16T09:06:22.125+0000][gc          ] GC(683) Pause Young (Normal) (G1 Evacuation Pause) 400M->351M(1024M) 578.528ms
[2026-01-16T09:06:22.130+0000][gc,cpu      ] GC(683) User=0.19s Sys=0.04s Real=0.58s
[2026-01-16T09:06:33.663+0000][gc,start    ] GC(684) Pause Young (Normal) (G1 Evacuation Pause)
[2026-01-16T09:06:33.667+0000][gc,task     ] GC(684) Using 8 workers of 8 for evacuation
[2026-01-16T09:06:33.980+0000][gc,mmu      ] GC(684) MMU target violated: 201.0ms (200.0ms/201.0ms)
[2026-01-16T09:06:33.981+0000][gc,phases   ] GC(684)   Pre Evacuate Collection Set: 56.2ms
[2026-01-16T09:06:33.981+0000][gc,phases   ] GC(684)   Merge Heap Roots: 19.6ms
[2026-01-16T09:06:33.981+0000][gc,phases   ] GC(684)   Evacuate Collection Set: 215.8ms
[2026-01-16T09:06:33.983+0000][gc,phases   ] GC(684)   Post Evacuate Collection Set: 18.4ms
[2026-01-16T09:06:33.984+0000][gc,phases   ] GC(684)   Other: 4.1ms
[2026-01-16T09:06:33.985+0000][gc,heap     ] GC(684) Eden regions: 49->0(50)
[2026-01-16T09:06:33.985+0000][gc,heap     ] GC(684) Survivor regions: 2->1(7)
[2026-01-16T09:06:33.985+0000][gc,heap     ] GC(684) Old regions: 257->257
[2026-01-16T09:06:33.985+0000][gc,heap     ] GC(684) Humongous regions: 94->94
[2026-01-16T09:06:33.986+0000][gc,metaspace] GC(684) Metaspace: 12737K(13184K)->12737K(13184K) NonClass: 11641K(11840K)->11641K(11840K) Class: 1095K(1344K)->1095K(1344K)
[2026-01-16T09:06:33.987+0000][gc          ] GC(684) Pause Young (Normal) (G1 Evacuation Pause) 400M->350M(1024M) 323.462ms
[2026-01-16T09:06:33.987+0000][gc,cpu      ] GC(684) User=0.13s Sys=0.01s Real=0.33s
[2026-01-16T09:06:37.896+0000][gc,start    ] GC(685) Pause Young (Normal) (G1 Evacuation Pause)
[2026-01-16T09:06:37.900+0000][gc,task     ] GC(685) Using 8 workers of 8 for evacuation
[2026-01-16T09:06:38.220+0000][gc,mmu      ] GC(685) MMU target violated: 201.0ms (200.0ms/201.0ms)
[2026-01-16T09:06:38.221+0000][gc,phases   ] GC(685)   Pre Evacuate Collection Set: 46.6ms
[2026-01-16T09:06:38.222+0000][gc,phases   ] GC(685)   Merge Heap Roots: 10.0ms
[2026-01-16T09:06:38.222+0000][gc,phases   ] GC(685)   Evacuate Collection Set: 253.6ms
[2026-01-16T09:06:38.223+0000][gc,phases   ] GC(685)   Post Evacuate Collection Set: 9.3ms
[2026-01-16T09:06:38.224+0000][gc,phases   ] GC(685)   Other: 3.2ms
[2026-01-16T09:06:38.225+0000][gc,heap     ] GC(685) Eden regions: 50->0(49)
[2026-01-16T09:06:38.226+0000][gc,heap     ] GC(685) Survivor regions: 1->2(7)
[2026-01-16T09:06:38.227+0000][gc,heap     ] GC(685) Old regions: 257->257
[2026-01-16T09:06:38.227+0000][gc,heap     ] GC(685) Humongous regions: 94->94
[2026-01-16T09:06:38.228+0000][gc,metaspace] GC(685) Metaspace: 12737K(13184K)->12737K(13184K) NonClass: 11641K(11840K)->11641K(11840K) Class: 1095K(1344K)->1095K(1344K)
[2026-01-16T09:06:38.229+0000][gc          ] GC(685) Pause Young (Normal) (G1 Evacuation Pause) 400M->351M(1024M) 332.841ms
[2026-01-16T09:06:38.229+0000][gc,cpu      ] GC(685) User=0.19s Sys=0.02s Real=0.33s
[2026-01-16T09:06:40.484+0000][gc,start    ] GC(686) Pause Young (Normal) (G1 Evacuation Pause)
[2026-01-16T09:06:40.485+0000][gc,task     ] GC(686) Using 8 workers of 8 for evacuation
[2026-01-16T09:06:40.566+0000][gc,phases   ] GC(686)   Pre Evacuate Collection Set: 14.3ms
[2026-01-16T09:06:40.572+0000][gc,phases   ] GC(686)   Merge Heap Roots: 0.8ms
[2026-01-16T09:06:40.572+0000][gc,phases   ] GC(686)   Evacuate Collection Set: 58.8ms
[2026-01-16T09:06:40.575+0000][gc,phases   ] GC(686)   Post Evacuate Collection Set: 6.6ms
[2026-01-16T09:06:40.577+0000][gc,phases   ] GC(686)   Other: 0.8ms
[2026-01-16T09:06:40.577+0000][gc,heap     ] GC(686) Eden regions: 49->0(50)
[2026-01-16T09:06:40.578+0000][gc,heap     ] GC(686) Survivor regions: 2->1(7)
[2026-01-16T09:06:40.579+0000][gc,heap     ] GC(686) Old regions: 257->257
[2026-01-16T09:06:40.580+0000][gc,heap     ] GC(686) Humongous regions: 94->94
[2026-01-16T09:06:40.580+0000][gc,metaspace] GC(686) Metaspace: 12737K(13184K)->12737K(13184K) NonClass: 11641K(11840K)->11641K(11840K) Class: 1095K(1344K)->1095K(1344K)
[2026-01-16T09:06:40.583+0000][gc          ] GC(686) Pause Young (Normal) (G1 Evacuation Pause) 400M->350M(1024M) 98.885ms
[2026-01-16T09:06:40.585+0000][gc,cpu      ] GC(686) User=0.10s Sys=0.00s Real=0.10s
[2026-01-16T09:06:43.618+0000][gc,start    ] GC(687) Pause Young (Normal) (G1 Evacuation Pause)
[2026-01-16T09:06:43.619+0000][gc,task     ] GC(687) Using 8 workers of 8 for evacuation
[2026-01-16T09:06:43.790+0000][gc,phases   ] GC(687)   Pre Evacuate Collection Set: 18.9ms
[2026-01-16T09:06:43.792+0000][gc,phases   ] GC(687)   Merge Heap Roots: 2.4ms
[2026-01-16T09:06:43.793+0000][gc,phases   ] GC(687)   Evacuate Collection Set: 133.9ms
[2026-01-16T09:06:43.793+0000][gc,phases   ] GC(687)   Post Evacuate Collection Set: 14.9ms
[2026-01-16T09:06:43.794+0000][gc,phases   ] GC(687)   Other: 0.8ms
[2026-01-16T09:06:43.795+0000][gc,heap     ] GC(687) Eden regions: 50->0(49)
[2026-01-16T09:06:43.795+0000][gc,heap     ] GC(687) Survivor regions: 1->2(7)
[2026-01-16T09:06:43.796+0000][gc,heap     ] GC(687) Old regions: 257->257
[2026-01-16T09:06:43.799+0000][gc,heap     ] GC(687) Humongous regions: 94->94
[2026-01-16T09:06:43.801+0000][gc,metaspace] GC(687) Metaspace: 12737K(13184K)->12737K(13184K) NonClass: 11641K(11840K)->11641K(11840K) Class: 1095K(1344K)->1095K(1344K)
[2026-01-16T09:06:43.805+0000][gc          ] GC(687) Pause Young (Normal) (G1 Evacuation Pause) 400M->351M(1024M) 186.948ms
[2026-01-16T09:06:43.808+0000][gc,cpu      ] GC(687) User=0.07s Sys=0.01s Real=0.19s
[2026-01-16T09:06:46.135+0000][gc,start    ] GC(688) Pause Young (Normal) (G1 Evacuation Pause)
[2026-01-16T09:06:46.145+0000][gc,task     ] GC(688) Using 8 workers of 8 for evacuation
[2026-01-16T09:06:46.413+0000][gc,mmu      ] GC(688) MMU target violated: 201.0ms (200.0ms/201.0ms)
[2026-01-16T09:06:46.416+0000][gc,phases   ] GC(688)   Pre Evacuate Collection Set: 29.8ms
[2026-01-16T09:06:46.417+0000][gc,phases   ] GC(688)   Merge Heap Roots: 0.7ms
[2026-01-16T09:06:46.418+0000][gc,phases   ] GC(688)   Evacuate Collection Set: 221.3ms
[2026-01-16T09:06:46.419+0000][gc,phases   ] GC(688)   Post Evacuate Collection Set: 15.3ms
[2026-01-16T09:06:46.419+0000][gc,phases   ] GC(688)   Other: 9.0ms
[2026-01-16T09:06:46.420+0000][gc,heap     ] GC(688) Eden regions: 49->0(53)
[2026-01-16T09:06:46.420+0000][gc,heap     ] GC(688) Survivor regions: 2->1(7)
[2026-01-16T09:06:46.423+0000][gc,heap     ] GC(688) Old regions: 257->257
[2026-01-16T09:06:46.426+0000][gc,heap     ] GC(688) Humongous regions: 94->94
[2026-01-16T09:06:46.429+0000][gc,metaspace] GC(688) Metaspace: 12737K(13184K)->12737K(13184K) NonClass: 11641K(11840K)->11641K(11840K) Class: 1095K(1344K)->1095K(1344K)
[2026-01-16T09:06:46.430+0000][gc          ] GC(688) Pause Young (Normal) (G1 Evacuation Pause) 400M->350M(1024M) 294.250ms
[2026-01-16T09:06:46.432+0000][gc,cpu      ] GC(688) User=0.05s Sys=0.01s Real=0.30s
[2026-01-16T09:06:49.142+0000][gc,start    ] GC(689) Pause Young (Normal) (G1 Evacuation Pause)
[2026-01-16T09:06:49.144+0000][gc,task     ] GC(689) Using 8 workers of 8 for evacuation
[2026-01-16T09:06:49.327+0000][gc,phases   ] GC(689)   Pre Evacuate Collection Set: 10.8ms
[2026-01-16T09:06:49.329+0000][gc,phases   ] GC(689)   Merge Heap Roots: 2.4ms
[2026-01-16T09:06:49.330+0000][gc,phases   ] GC(689)   Evacuate Collection Set: 158.0ms
[2026-01-16T09:06:49.332+0000][gc,phases   ] GC(689)   Post Evacuate Collection Set: 10.6ms
[2026-01-16T09:06:49.333+0000][gc,phases   ] GC(689)   Other: 1.0ms
[2026-01-16T09:06:49.334+0000][gc,heap     ] GC(689) Eden regions: 50->0(49)
[2026-01-16T09:06:49.334+0000][gc,heap     ] GC(689) Survivor regions: 1->2(7)
[2026-01-16T09:06:49.334+0000][gc,heap     ] GC(689) Old regions: 257->257
[2026-01-16T09:06:49.341+0000][gc,heap     ] GC(689) Humongous regions: 94->94
[2026-01-16T09:06:49.342+0000][gc,metaspace] GC(689) Metaspace: 12737K(13184K)->12737K(13184K) NonClass: 11641K(11840K)->11641K(11840K) Class: 1095K(1344K)->1095K(1344K)
[2026-01-16T09:06:49.342+0000][gc          ] GC(689) Pause Young (Normal) (G1 Evacuation Pause) 400M->351M(1024M) 200.322ms
[2026-01-16T09:06:49.342+0000][gc,cpu      ] GC(689) User=0.11s Sys=0.01s Real=0.20s
[2026-01-16T09:06:52.815+0000][gc,start    ] GC(690) Pause Young (Normal) (G1 Evacuation Pause)
[2026-01-16T09:06:52.821+0000][gc,task     ] GC(690) Using 8 workers of 8 for evacuation
[2026-01-16T09:06:53.202+0000][gc,mmu      ] GC(690) MMU target violated: 201.0ms (200.0ms/201.0ms)
[2026-01-16T09:06:53.206+0000][gc,phases   ] GC(690)   Pre Evacuate Collection Set: 40.9ms
[2026-01-16T09:06:53.207+0000][gc,phases   ] GC(690)   Merge Heap Roots: 11.5ms
[2026-01-16T09:06:53.207+0000][gc,phases   ] GC(690)   Evacuate Collection Set: 323.3ms
[2026-01-16T09:06:53.208+0000][gc,phases   ] GC(690)   Post Evacuate Collection Set: 2.7ms
[2026-01-16T09:06:53.209+0000][gc,phases   ] GC(690)   Other: 6.8ms
[2026-01-16T09:06:53.210+0000][gc,heap     ] GC(690) Eden regions: 49->0(49)
[2026-01-16T09:06:53.210+0000][gc,heap     ] GC(690) Survivor regions: 2->2(7)
[2026-01-16T09:06:53.212+0000][gc,heap     ] GC(690) Old regions: 257->257
[2026-01-16T09:06:53.214+0000][gc,heap     ] GC(690) Humongous regions: 94->94
[2026-01-16T09:06:53.215+0000][gc,metaspace] GC(690) Metaspace: 12737K(13184K)->12737K(13184K) NonClass: 11641K(11840K)->11641K(11840K) Class: 1095K(1344K)->1095K(1344K)
[2026-01-16T09:06:53.216+0000][gc          ] GC(690) Pause Young (Normal) (G1 Evacuation Pause) 400M->351M(1024M) 400.223ms
[2026-01-16T09:06:53.217+0000][gc,cpu      ] GC(690) User=0.24s Sys=0.03s Real=0.40s
[2026-01-16T09:06:59.246+0000][gc,start    ] GC(691) Pause Young (Normal) (G1 Evacuation Pause)
[2026-01-16T09:06:59.250+0000][gc,task     ] GC(691) Using 8 workers of 8 for evacuation
[2026-01-16T09:06:59.438+0000][gc,phases   ] GC(691)   Pre Evacuate Collection Set: 36.4ms
[2026-01-16T09:06:59.439+0000][gc,phases   ] GC(691)   Merge Heap Roots: 12.7ms
[2026-01-16T09:06:59.440+0000][gc,phases   ] GC(691)   Evacuate Collection Set: 123.4ms
[2026-01-16T09:06:59.441+0000][gc,phases   ] GC(691)   Post Evacuate Collection Set: 13.9ms
[2026-01-16T09:06:59.448+0000][gc,phases   ] GC(691)   Other: 3.5ms
[2026-01-16T09:06:59.451+0000][gc,heap     ] GC(691) Eden regions: 49->0(64)
[2026-01-16T09:06:59.454+0000][gc,heap     ] GC(691) Survivor regions: 2->1(7)
[2026-01-16T09:06:59.454+0000][gc,heap     ] GC(691) Old regions: 257->257
[2026-01-16T09:06:59.455+0000][gc,heap     ] GC(691) Humongous regions: 94->94
[2026-01-16T09:06:59.456+0000][gc,metaspace] GC(691) Metaspace: 12738K(13184K)->12738K(13184K) NonClass: 11643K(11840K)->11643K(11840K) Class: 1095K(1344K)->1095K(1344K)
[2026-01-16T09:06:59.457+0000][gc          ] GC(691) Pause Young (Normal) (G1 Evacuation Pause) 400M->351M(1024M) 210.913ms
[2026-01-16T09:06:59.459+0000][gc,cpu      ] GC(691) User=0.16s Sys=0.01s Real=0.21s
[2026-01-16T09:07:02.371+0000][gc,start    ] GC(692) Pause Young (Normal) (G1 Evacuation Pause)
[2026-01-16T09:07:02.374+0000][gc,task     ] GC(692) Using 8 workers of 8 for evacuation
[2026-01-16T09:07:02.565+0000][gc,phases   ] GC(692)   Pre Evacuate Collection Set: 4.7ms
[2026-01-16T09:07:02.566+0000][gc,phases   ] GC(692)   Merge Heap Roots: 1.4ms
[2026-01-16T09:07:02.566+0000][gc,phases   ] GC(692)   Evacuate Collection Set: 163.3ms
[2026-01-16T09:07:02.568+0000][gc,phases   ] GC(692)   Post Evacuate Collection Set: 9.5ms
[2026-01-16T09:07:02.570+0000][gc,phases   ] GC(692)   Other: 8.7ms
[2026-01-16T09:07:02.571+0000][gc,heap     ] GC(692) Eden regions: 62->0(49)
[2026-01-16T09:07:02.580+0000][gc,heap     ] GC(692) Survivor regions: 1->2(8)
[2026-01-16T09:07:02.582+0000][gc,heap     ] GC(692) Old regions: 257->257
[2026-01-16T09:07:02.583+0000][gc,heap     ] GC(692) Humongous regions: 94->94
[2026-01-16T09:07:02.583+0000][gc,metaspace] GC(692) Metaspace: 12738K(13184K)->12738K(13184K) NonClass: 11643K(11840K)->11643K(11840K) Class: 1095K(1344K)->1095K(1344K)
[2026-01-16T09:07:02.584+0000][gc          ] GC(692) Pause Young (Normal) (G1 Evacuation Pause) 413M->351M(1024M) 213.620ms
[2026-01-16T09:07:02.585+0000][gc,cpu      ] GC(692) User=0.17s Sys=0.02s Real=0.21s
[2026-01-16T09:07:07.898+0000][gc,start    ] GC(693) Pause Young (Normal) (G1 Evacuation Pause)
[2026-01-16T09:07:07.902+0000][gc,task     ] GC(693) Using 8 workers of 8 for evacuation
[2026-01-16T09:07:08.102+0000][gc,phases   ] GC(693)   Pre Evacuate Collection Set: 26.1ms
[2026-01-16T09:07:08.116+0000][gc,phases   ] GC(693)   Merge Heap Roots: 5.1ms
[2026-01-16T09:07:08.120+0000][gc,phases   ] GC(693)   Evacuate Collection Set: 133.1ms
[2026-01-16T09:07:08.121+0000][gc,phases   ] GC(693)   Post Evacuate Collection Set: 34.9ms
[2026-01-16T09:07:08.131+0000][gc,phases   ] GC(693)   Other: 1.0ms
[2026-01-16T09:07:08.133+0000][gc,heap     ] GC(693) Eden regions: 51->0(77)
[2026-01-16T09:07:08.133+0000][gc,heap     ] GC(693) Survivor regions: 2->1(7)
[2026-01-16T09:07:08.133+0000][gc,heap     ] GC(693) Old regions: 257->257
[2026-01-16T09:07:08.133+0000][gc,heap     ] GC(693) Humongous regions: 94->94
[2026-01-16T09:07:08.154+0000][gc,metaspace] GC(693) Metaspace: 12738K(13184K)->12738K(13184K) NonClass: 11643K(11840K)->11643K(11840K) Class: 1095K(1344K)->1095K(1344K)
[2026-01-16T09:07:08.157+0000][gc          ] GC(693) Pause Young (Normal) (G1 Evacuation Pause) 402M->351M(1024M) 259.409ms
[2026-01-16T09:07:08.159+0000][gc,cpu      ] GC(693) User=0.12s Sys=0.02s Real=0.26s
[2026-01-16T09:07:17.404+0000][gc,start    ] GC(694) Pause Young (Normal) (G1 Evacuation Pause)
[2026-01-16T09:07:17.417+0000][gc,task     ] GC(694) Using 8 workers of 8 for evacuation
[2026-01-16T09:07:17.769+0000][gc,mmu      ] GC(694) MMU target violated: 201.0ms (200.0ms/201.0ms)
[2026-01-16T09:07:17.770+0000][gc,phases   ] GC(694)   Pre Evacuate Collection Set: 14.1ms
[2026-01-16T09:07:17.770+0000][gc,phases   ] GC(694)   Merge Heap Roots: 3.7ms
[2026-01-16T09:07:17.770+0000][gc,phases   ] GC(694)   Evacuate Collection Set: 309.2ms
[2026-01-16T09:07:17.770+0000][gc,phases   ] GC(694)   Post Evacuate Collection Set: 22.1ms
[2026-01-16T09:07:17.771+0000][gc,phases   ] GC(694)   Other: 5.7ms
[2026-01-16T09:07:17.771+0000][gc,heap     ] GC(694) Eden regions: 83->0(50)
[2026-01-16T09:07:17.771+0000][gc,heap     ] GC(694) Survivor regions: 1->1(11)
[2026-01-16T09:07:17.772+0000][gc,heap     ] GC(694) Old regions: 257->257
[2026-01-16T09:07:17.773+0000][gc,heap     ] GC(694) Humongous regions: 94->94
[2026-01-16T09:07:17.773+0000][gc,metaspace] GC(694) Metaspace: 12738K(13184K)->12738K(13184K) NonClass: 11643K(11840K)->11643K(11840K) Class: 1095K(1344K)->1095K(1344K)
[2026-01-16T09:07:17.774+0000][gc          ] GC(694) Pause Young (Normal) (G1 Evacuation Pause) 434M->350M(1024M) 369.687ms
[2026-01-16T09:07:17.774+0000][gc,cpu      ] GC(694) User=0.20s Sys=0.03s Real=0.37s
[2026-01-16T09:07:25.255+0000][gc,start    ] GC(695) Pause Young (Normal) (G1 Evacuation Pause)
[2026-01-16T09:07:25.300+0000][gc,task     ] GC(695) Using 8 workers of 8 for evacuation
[2026-01-16T09:07:26.501+0000][gc,mmu      ] GC(695) MMU target violated: 201.0ms (200.0ms/201.0ms)
[2026-01-16T09:07:26.509+0000][gc,phases   ] GC(695)   Pre Evacuate Collection Set: 212.7ms
[2026-01-16T09:07:26.522+0000][gc,phases   ] GC(695)   Merge Heap Roots: 61.7ms
[2026-01-16T09:07:26.525+0000][gc,phases   ] GC(695)   Evacuate Collection Set: 680.0ms
[2026-01-16T09:07:26.551+0000][gc,phases   ] GC(695)   Post Evacuate Collection Set: 159.0ms
[2026-01-16T09:07:26.551+0000][gc,phases   ] GC(695)   Other: 95.8ms
[2026-01-16T09:07:26.552+0000][gc,heap     ] GC(695) Eden regions: 50->0(50)
[2026-01-16T09:07:26.552+0000][gc,heap     ] GC(695) Survivor regions: 1->1(7)
[2026-01-16T09:07:26.552+0000][gc,heap     ] GC(695) Old regions: 257->257
[2026-01-16T09:07:26.554+0000][gc,heap     ] GC(695) Humongous regions: 94->94
[2026-01-16T09:07:26.557+0000][gc,metaspace] GC(695) Metaspace: 12738K(13184K)->12738K(13184K) NonClass: 11643K(11840K)->11643K(11840K) Class: 1095K(1344K)->1095K(1344K)
[2026-01-16T09:07:26.557+0000][gc          ] GC(695) Pause Young (Normal) (G1 Evacuation Pause) 400M->351M(1024M) 1301.500ms
[2026-01-16T09:07:26.557+0000][gc,cpu      ] GC(695) User=0.48s Sys=0.05s Real=1.30s
[2026-01-16T09:07:33.843+0000][gc,start    ] GC(696) Pause Young (Normal) (G1 Evacuation Pause)
[2026-01-16T09:07:33.847+0000][gc,task     ] GC(696) Using 8 workers of 8 for evacuation
[2026-01-16T09:07:34.300+0000][gc,mmu      ] GC(696) MMU target violated: 201.0ms (200.0ms/201.0ms)
[2026-01-16T09:07:34.300+0000][gc,phases   ] GC(696)   Pre Evacuate Collection Set: 74.4ms
[2026-01-16T09:07:34.301+0000][gc,phases   ] GC(696)   Merge Heap Roots: 8.9ms
[2026-01-16T09:07:34.301+0000][gc,phases   ] GC(696)   Evacuate Collection Set: 350.8ms
[2026-01-16T09:07:34.302+0000][gc,phases   ] GC(696)   Post Evacuate Collection Set: 12.3ms
[2026-01-16T09:07:34.302+0000][gc,phases   ] GC(696)   Other: 9.6ms
[2026-01-16T09:07:34.303+0000][gc,heap     ] GC(696) Eden regions: 50->0(49)
[2026-01-16T09:07:34.303+0000][gc,heap     ] GC(696) Survivor regions: 1->2(7)
[2026-01-16T09:07:34.303+0000][gc,heap     ] GC(696) Old regions: 257->257
[2026-01-16T09:07:34.303+0000][gc,heap     ] GC(696) Humongous regions: 94->94
[2026-01-16T09:07:34.303+0000][gc,metaspace] GC(696) Metaspace: 12738K(13184K)->12738K(13184K) NonClass: 11643K(11840K)->11643K(11840K) Class: 1095K(1344K)->1095K(1344K)
[2026-01-16T09:07:34.303+0000][gc          ] GC(696) Pause Young (Normal) (G1 Evacuation Pause) 401M->352M(1024M) 460.609ms
[2026-01-16T09:07:34.304+0000][gc,cpu      ] GC(696) User=0.24s Sys=0.01s Real=0.47s
[2026-01-16T09:07:36.425+0000][gc,start    ] GC(697) Pause Young (Normal) (G1 Evacuation Pause)
[2026-01-16T09:07:36.428+0000][gc,task     ] GC(697) Using 8 workers of 8 for evacuation
[2026-01-16T09:07:36.684+0000][gc,mmu      ] GC(697) MMU target violated: 201.0ms (200.0ms/201.0ms)
[2026-01-16T09:07:36.684+0000][gc,phases   ] GC(697)   Pre Evacuate Collection Set: 10.7ms
[2026-01-16T09:07:36.685+0000][gc,phases   ] GC(697)   Merge Heap Roots: 2.3ms
[2026-01-16T09:07:36.688+0000][gc,phases   ] GC(697)   Evacuate Collection Set: 188.9ms
[2026-01-16T09:07:36.690+0000][gc,phases   ] GC(697)   Post Evacuate Collection Set: 50.9ms
[2026-01-16T09:07:36.690+0000][gc,phases   ] GC(697)   Other: 3.4ms
[2026-01-16T09:07:36.691+0000][gc,heap     ] GC(697) Eden regions: 49->0(48)
[2026-01-16T09:07:36.691+0000][gc,heap     ] GC(697) Survivor regions: 2->3(7)
[2026-01-16T09:07:36.692+0000][gc,heap     ] GC(697) Old regions: 257->257
[2026-01-16T09:07:36.692+0000][gc,heap     ] GC(697) Humongous regions: 94->94
[2026-01-16T09:07:36.692+0000][gc,metaspace] GC(697) Metaspace: 12738K(13184K)->12738K(13184K) NonClass: 11643K(11840K)->11643K(11840K) Class: 1095K(1344K)->1095K(1344K)
[2026-01-16T09:07:36.693+0000][gc          ] GC(697) Pause Young (Normal) (G1 Evacuation Pause) 401M->352M(1024M) 268.155ms
[2026-01-16T09:07:36.695+0000][gc,cpu      ] GC(697) User=0.15s Sys=0.02s Real=0.27s
[2026-01-16T09:07:39.328+0000][gc,start    ] GC(698) Pause Young (Normal) (G1 Evacuation Pause)
[2026-01-16T09:07:39.331+0000][gc,task     ] GC(698) Using 8 workers of 8 for evacuation
[2026-01-16T09:07:39.590+0000][gc,mmu      ] GC(698) MMU target violated: 201.0ms (200.0ms/201.0ms)
[2026-01-16T09:07:39.594+0000][gc,phases   ] GC(698)   Pre Evacuate Collection Set: 30.6ms
[2026-01-16T09:07:39.600+0000][gc,phases   ] GC(698)   Merge Heap Roots: 15.3ms
[2026-01-16T09:07:39.601+0000][gc,phases   ] GC(698)   Evacuate Collection Set: 182.6ms
[2026-01-16T09:07:39.613+0000][gc,phases   ] GC(698)   Post Evacuate Collection Set: 27.0ms
[2026-01-16T09:07:39.617+0000][gc,phases   ] GC(698)   Other: 8.1ms
[2026-01-16T09:07:39.622+0000][gc,heap     ] GC(698) Eden regions: 48->0(49)
[2026-01-16T09:07:39.629+0000][gc,heap     ] GC(698) Survivor regions: 3->2(7)
[2026-01-16T09:07:39.630+0000][gc,heap     ] GC(698) Old regions: 257->257
[2026-01-16T09:07:39.641+0000][gc,heap     ] GC(698) Humongous regions: 94->94
[2026-01-16T09:07:39.642+0000][gc,metaspace] GC(698) Metaspace: 12738K(13184K)->12738K(13184K) NonClass: 11643K(11840K)->11643K(11840K) Class: 1095K(1344K)->1095K(1344K)
[2026-01-16T09:07:39.643+0000][gc          ] GC(698) Pause Young (Normal) (G1 Evacuation Pause) 400M->351M(1024M) 315.184ms
[2026-01-16T09:07:39.643+0000][gc,cpu      ] GC(698) User=0.18s Sys=0.03s Real=0.32s
[2026-01-16T09:07:42.124+0000][gc,start    ] GC(699) Pause Young (Normal) (G1 Evacuation Pause)
[2026-01-16T09:07:42.128+0000][gc,task     ] GC(699) Using 8 workers of 8 for evacuation
[2026-01-16T09:07:42.752+0000][gc,mmu      ] GC(699) MMU target violated: 201.0ms (200.0ms/201.0ms)
[2026-01-16T09:07:42.753+0000][gc,phases   ] GC(699)   Pre Evacuate Collection Set: 65.0ms
[2026-01-16T09:07:42.754+0000][gc,phases   ] GC(699)   Merge Heap Roots: 62.3ms
[2026-01-16T09:07:42.754+0000][gc,phases   ] GC(699)   Evacuate Collection Set: 454.5ms
[2026-01-16T09:07:42.754+0000][gc,phases   ] GC(699)   Post Evacuate Collection Set: 34.6ms
[2026-01-16T09:07:42.755+0000][gc,phases   ] GC(699)   Other: 8.8ms
[2026-01-16T09:07:42.755+0000][gc,heap     ] GC(699) Eden regions: 49->0(48)
[2026-01-16T09:07:42.756+0000][gc,heap     ] GC(699) Survivor regions: 2->3(7)
[2026-01-16T09:07:42.758+0000][gc,heap     ] GC(699) Old regions: 257->257
[2026-01-16T09:07:42.759+0000][gc,heap     ] GC(699) Humongous regions: 94->94
[2026-01-16T09:07:42.760+0000][gc,metaspace] GC(699) Metaspace: 12738K(13184K)->12738K(13184K) NonClass: 11643K(11840K)->11643K(11840K) Class: 1095K(1344K)->1095K(1344K)
[2026-01-16T09:07:42.761+0000][gc          ] GC(699) Pause Young (Normal) (G1 Evacuation Pause) 400M->352M(1024M) 636.728ms
[2026-01-16T09:07:42.762+0000][gc,cpu      ] GC(699) User=0.23s Sys=0.04s Real=0.64s
[2026-01-16T09:07:45.989+0000][gc,start    ] GC(700) Pause Young (Normal) (G1 Evacuation Pause)
[2026-01-16T09:07:45.990+0000][gc,task     ] GC(700) Using 8 workers of 8 for evacuation
[2026-01-16T09:07:46.091+0000][gc,phases   ] GC(700)   Pre Evacuate Collection Set: 15.7ms
[2026-01-16T09:07:46.092+0000][gc,phases   ] GC(700)   Merge Heap Roots: 6.4ms
[2026-01-16T09:07:46.092+0000][gc,phases   ] GC(700)   Evacuate Collection Set: 69.7ms
[2026-01-16T09:07:46.092+0000][gc,phases   ] GC(700)   Post Evacuate Collection Set: 8.9ms
[2026-01-16T09:07:46.092+0000][gc,phases   ] GC(700)   Other: 1.1ms
[2026-01-16T09:07:46.093+0000][gc,heap     ] GC(700) Eden regions: 48->0(49)
[2026-01-16T09:07:46.093+0000][gc,heap     ] GC(700) Survivor regions: 3->2(7)
[2026-01-16T09:07:46.094+0000][gc,heap     ] GC(700) Old regions: 257->257
[2026-01-16T09:07:46.094+0000][gc,heap     ] GC(700) Humongous regions: 94->94
[2026-01-16T09:07:46.094+0000][gc,metaspace] GC(700) Metaspace: 12738K(13184K)->12738K(13184K) NonClass: 11643K(11840K)->11643K(11840K) Class: 1095K(1344K)->1095K(1344K)
[2026-01-16T09:07:46.098+0000][gc          ] GC(700) Pause Young (Normal) (G1 Evacuation Pause) 400M->351M(1024M) 109.099ms
[2026-01-16T09:07:46.098+0000][gc,cpu      ] GC(700) User=0.06s Sys=0.01s Real=0.11s
[2026-01-16T09:07:48.512+0000][gc,start    ] GC(701) Pause Young (Normal) (G1 Evacuation Pause)
[2026-01-16T09:07:48.514+0000][gc,task     ] GC(701) Using 8 workers of 8 for evacuation
[2026-01-16T09:07:48.650+0000][gc,phases   ] GC(701)   Pre Evacuate Collection Set: 23.9ms
[2026-01-16T09:07:48.682+0000][gc,phases   ] GC(701)   Merge Heap Roots: 3.7ms
[2026-01-16T09:07:48.683+0000][gc,phases   ] GC(701)   Evacuate Collection Set: 99.8ms
[2026-01-16T09:07:48.684+0000][gc,phases   ] GC(701)   Post Evacuate Collection Set: 7.9ms
[2026-01-16T09:07:48.685+0000][gc,phases   ] GC(701)   Other: 1.7ms
[2026-01-16T09:07:48.685+0000][gc,heap     ] GC(701) Eden regions: 49->0(49)
[2026-01-16T09:07:48.688+0000][gc,heap     ] GC(701) Survivor regions: 2->2(7)
[2026-01-16T09:07:48.688+0000][gc,heap     ] GC(701) Old regions: 257->257
[2026-01-16T09:07:48.688+0000][gc,heap     ] GC(701) Humongous regions: 94->94
[2026-01-16T09:07:48.688+0000][gc,metaspace] GC(701) Metaspace: 12738K(13184K)->12738K(13184K) NonClass: 11643K(11840K)->11643K(11840K) Class: 1095K(1344K)->1095K(1344K)
[2026-01-16T09:07:48.690+0000][gc          ] GC(701) Pause Young (Normal) (G1 Evacuation Pause) 400M->352M(1024M) 178.672ms
[2026-01-16T09:07:48.692+0000][gc,cpu      ] GC(701) User=0.11s Sys=0.01s Real=0.17s
[2026-01-16T09:07:50.458+0000][gc,start    ] GC(702) Pause Young (Normal) (G1 Evacuation Pause)
[2026-01-16T09:07:50.459+0000][gc,task     ] GC(702) Using 8 workers of 8 for evacuation
[2026-01-16T09:07:50.584+0000][gc,phases   ] GC(702)   Pre Evacuate Collection Set: 4.4ms
[2026-01-16T09:07:50.587+0000][gc,phases   ] GC(702)   Merge Heap Roots: 0.5ms
[2026-01-16T09:07:50.587+0000][gc,phases   ] GC(702)   Evacuate Collection Set: 102.6ms
[2026-01-16T09:07:50.587+0000][gc,phases   ] GC(702)   Post Evacuate Collection Set: 14.6ms
[2026-01-16T09:07:50.587+0000][gc,phases   ] GC(702)   Other: 2.9ms
[2026-01-16T09:07:50.588+0000][gc,heap     ] GC(702) Eden regions: 49->0(49)
[2026-01-16T09:07:50.588+0000][gc,heap     ] GC(702) Survivor regions: 2->2(7)
[2026-01-16T09:07:50.588+0000][gc,heap     ] GC(702) Old regions: 257->257
[2026-01-16T09:07:50.588+0000][gc,heap     ] GC(702) Humongous regions: 94->94
[2026-01-16T09:07:50.588+0000][gc,metaspace] GC(702) Metaspace: 12738K(13184K)->12738K(13184K) NonClass: 11643K(11840K)->11643K(11840K) Class: 1095K(1344K)->1095K(1344K)
[2026-01-16T09:07:50.589+0000][gc          ] GC(702) Pause Young (Normal) (G1 Evacuation Pause) 401M->351M(1024M) 131.002ms
[2026-01-16T09:07:50.589+0000][gc,cpu      ] GC(702) User=0.06s Sys=0.00s Real=0.13s
[2026-01-16T09:07:54.536+0000][gc,start    ] GC(703) Pause Young (Normal) (G1 Evacuation Pause)
[2026-01-16T09:07:54.542+0000][gc,task     ] GC(703) Using 8 workers of 8 for evacuation
[2026-01-16T09:07:55.502+0000][gc,mmu      ] GC(703) MMU target violated: 201.0ms (200.0ms/201.0ms)
[2026-01-16T09:07:55.506+0000][gc,phases   ] GC(703)   Pre Evacuate Collection Set: 181.1ms
[2026-01-16T09:07:55.511+0000][gc,phases   ] GC(703)   Merge Heap Roots: 17.8ms
[2026-01-16T09:07:55.511+0000][gc,phases   ] GC(703)   Evacuate Collection Set: 688.9ms
[2026-01-16T09:07:55.511+0000][gc,phases   ] GC(703)   Post Evacuate Collection Set: 69.7ms
[2026-01-16T09:07:55.513+0000][gc,phases   ] GC(703)   Other: 7.1ms
[2026-01-16T09:07:55.514+0000][gc,heap     ] GC(703) Eden regions: 49->0(49)
[2026-01-16T09:07:55.515+0000][gc,heap     ] GC(703) Survivor regions: 2->2(7)
[2026-01-16T09:07:55.516+0000][gc,heap     ] GC(703) Old regions: 257->257
[2026-01-16T09:07:55.517+0000][gc,heap     ] GC(703) Humongous regions: 94->94
[2026-01-16T09:07:55.517+0000][gc,metaspace] GC(703) Metaspace: 12738K(13184K)->12738K(13184K) NonClass: 11643K(11840K)->11643K(11840K) Class: 1095K(1344K)->1095K(1344K)
[2026-01-16T09:07:55.519+0000][gc          ] GC(703) Pause Young (Normal) (G1 Evacuation Pause) 400M->351M(1024M) 982.196ms
[2026-01-16T09:07:55.520+0000][gc,cpu      ] GC(703) User=0.37s Sys=0.03s Real=0.98s
[2026-01-16T09:08:00.331+0000][gc,start    ] GC(704) Pause Young (Normal) (G1 Evacuation Pause)
[2026-01-16T09:08:00.334+0000][gc,task     ] GC(704) Using 8 workers of 8 for evacuation
[2026-01-16T09:08:00.555+0000][gc,mmu      ] GC(704) MMU target violated: 201.0ms (200.0ms/201.0ms)
[2026-01-16T09:08:00.555+0000][gc,phases   ] GC(704)   Pre Evacuate Collection Set: 40.2ms
[2026-01-16T09:08:00.556+0000][gc,phases   ] GC(704)   Merge Heap Roots: 1.1ms
[2026-01-16T09:08:00.558+0000][gc,phases   ] GC(704)   Evacuate Collection Set: 149.5ms
[2026-01-16T09:08:00.559+0000][gc,phases   ] GC(704)   Post Evacuate Collection Set: 18.9ms
[2026-01-16T09:08:00.559+0000][gc,phases   ] GC(704)   Other: 12.2ms
[2026-01-16T09:08:00.560+0000][gc,heap     ] GC(704) Eden regions: 49->0(50)
[2026-01-16T09:08:00.561+0000][gc,heap     ] GC(704) Survivor regions: 2->1(7)
[2026-01-16T09:08:00.561+0000][gc,heap     ] GC(704) Old regions: 257->257
[2026-01-16T09:08:00.562+0000][gc,heap     ] GC(704) Humongous regions: 94->94
[2026-01-16T09:08:00.563+0000][gc,metaspace] GC(704) Metaspace: 12738K(13184K)->12738K(13184K) NonClass: 11643K(11840K)->11643K(11840K) Class: 1095K(1344K)->1095K(1344K)
[2026-01-16T09:08:00.567+0000][gc          ] GC(704) Pause Young (Normal) (G1 Evacuation Pause) 400M->351M(1024M) 235.449ms
[2026-01-16T09:08:00.571+0000][gc,cpu      ] GC(704) User=0.15s Sys=0.01s Real=0.24s
[2026-01-16T09:08:04.333+0000][gc,start    ] GC(705) Pause Young (Normal) (G1 Evacuation Pause)
[2026-01-16T09:08:04.335+0000][gc,task     ] GC(705) Using 8 workers of 8 for evacuation
[2026-01-16T09:08:04.640+0000][gc,mmu      ] GC(705) MMU target violated: 201.0ms (200.0ms/201.0ms)
[2026-01-16T09:08:04.641+0000][gc,phases   ] GC(705)   Pre Evacuate Collection Set: 38.3ms
[2026-01-16T09:08:04.641+0000][gc,phases   ] GC(705)   Merge Heap Roots: 1.9ms
[2026-01-16T09:08:04.645+0000][gc,phases   ] GC(705)   Evacuate Collection Set: 238.0ms
[2026-01-16T09:08:04.646+0000][gc,phases   ] GC(705)   Post Evacuate Collection Set: 14.4ms
[2026-01-16T09:08:04.649+0000][gc,phases   ] GC(705)   Other: 12.8ms
[2026-01-16T09:08:04.650+0000][gc,heap     ] GC(705) Eden regions: 50->0(49)
[2026-01-16T09:08:04.651+0000][gc,heap     ] GC(705) Survivor regions: 1->2(7)
[2026-01-16T09:08:04.652+0000][gc,heap     ] GC(705) Old regions: 257->257
[2026-01-16T09:08:04.652+0000][gc,heap     ] GC(705) Humongous regions: 94->94
[2026-01-16T09:08:04.653+0000][gc,metaspace] GC(705) Metaspace: 12738K(13184K)->12738K(13184K) NonClass: 11643K(11840K)->11643K(11840K) Class: 1095K(1344K)->1095K(1344K)
[2026-01-16T09:08:04.654+0000][gc          ] GC(705) Pause Young (Normal) (G1 Evacuation Pause) 401M->351M(1024M) 321.013ms
[2026-01-16T09:08:04.654+0000][gc,cpu      ] GC(705) User=0.17s Sys=0.01s Real=0.32s
[2026-01-16T09:08:08.748+0000][gc,start    ] GC(706) Pause Young (Normal) (G1 Evacuation Pause)
[2026-01-16T09:08:08.759+0000][gc,task     ] GC(706) Using 8 workers of 8 for evacuation
[2026-01-16T09:08:08.963+0000][gc,mmu      ] GC(706) MMU target violated: 201.0ms (200.0ms/201.0ms)
[2026-01-16T09:08:08.964+0000][gc,phases   ] GC(706)   Pre Evacuate Collection Set: 35.1ms
[2026-01-16T09:08:08.965+0000][gc,phases   ] GC(706)   Merge Heap Roots: 1.2ms
[2026-01-16T09:08:08.966+0000][gc,phases   ] GC(706)   Evacuate Collection Set: 142.3ms
[2026-01-16T09:08:08.967+0000][gc,phases   ] GC(706)   Post Evacuate Collection Set: 19.7ms
[2026-01-16T09:08:08.970+0000][gc,phases   ] GC(706)   Other: 7.0ms
[2026-01-16T09:08:08.971+0000][gc,heap     ] GC(706) Eden regions: 49->0(50)
[2026-01-16T09:08:08.971+0000][gc,heap     ] GC(706) Survivor regions: 2->1(7)
[2026-01-16T09:08:08.972+0000][gc,heap     ] GC(706) Old regions: 257->257
[2026-01-16T09:08:08.973+0000][gc,heap     ] GC(706) Humongous regions: 94->94
[2026-01-16T09:08:08.973+0000][gc,metaspace] GC(706) Metaspace: 12740K(13184K)->12740K(13184K) NonClass: 11644K(11840K)->11644K(11840K) Class: 1096K(1344K)->1096K(1344K)
[2026-01-16T09:08:08.974+0000][gc          ] GC(706) Pause Young (Normal) (G1 Evacuation Pause) 400M->351M(1024M) 226.176ms
[2026-01-16T09:08:08.975+0000][gc,cpu      ] GC(706) User=0.11s Sys=0.01s Real=0.23s
[2026-01-16T09:08:11.333+0000][gc,start    ] GC(707) Pause Young (Normal) (G1 Evacuation Pause)
[2026-01-16T09:08:11.335+0000][gc,task     ] GC(707) Using 8 workers of 8 for evacuation
[2026-01-16T09:08:11.471+0000][gc,phases   ] GC(707)   Pre Evacuate Collection Set: 13.3ms
[2026-01-16T09:08:11.474+0000][gc,phases   ] GC(707)   Merge Heap Roots: 9.0ms
[2026-01-16T09:08:11.476+0000][gc,phases   ] GC(707)   Evacuate Collection Set: 111.2ms
[2026-01-16T09:08:11.477+0000][gc,phases   ] GC(707)   Post Evacuate Collection Set: 1.9ms
[2026-01-16T09:08:11.477+0000][gc,phases   ] GC(707)   Other: 0.8ms
[2026-01-16T09:08:11.478+0000][gc,heap     ] GC(707) Eden regions: 50->0(49)
[2026-01-16T09:08:11.478+0000][gc,heap     ] GC(707) Survivor regions: 1->2(7)
[2026-01-16T09:08:11.485+0000][gc,heap     ] GC(707) Old regions: 257->257
[2026-01-16T09:08:11.485+0000][gc,heap     ] GC(707) Humongous regions: 94->94
[2026-01-16T09:08:11.486+0000][gc,metaspace] GC(707) Metaspace: 12740K(13184K)->12740K(13184K) NonClass: 11644K(11840K)->11644K(11840K) Class: 1096K(1344K)->1096K(1344K)
[2026-01-16T09:08:11.498+0000][gc          ] GC(707) Pause Young (Normal) (G1 Evacuation Pause) 401M->351M(1024M) 165.142ms
[2026-01-16T09:08:11.529+0000][gc,cpu      ] GC(707) User=0.04s Sys=0.01s Real=0.20s
[2026-01-16T09:08:17.434+0000][gc,start    ] GC(708) Pause Young (Normal) (G1 Evacuation Pause)
[2026-01-16T09:08:17.436+0000][gc,task     ] GC(708) Using 8 workers of 8 for evacuation
[2026-01-16T09:08:17.723+0000][gc,mmu      ] GC(708) MMU target violated: 201.0ms (200.0ms/201.0ms)
[2026-01-16T09:08:17.737+0000][gc,phases   ] GC(708)   Pre Evacuate Collection Set: 67.4ms
[2026-01-16T09:08:17.738+0000][gc,phases   ] GC(708)   Merge Heap Roots: 6.4ms
[2026-01-16T09:08:17.757+0000][gc,phases   ] GC(708)   Evacuate Collection Set: 191.0ms
[2026-01-16T09:08:17.757+0000][gc,phases   ] GC(708)   Post Evacuate Collection Set: 20.6ms
[2026-01-16T09:08:17.758+0000][gc,phases   ] GC(708)   Other: 15.8ms
[2026-01-16T09:08:17.759+0000][gc,heap     ] GC(708) Eden regions: 49->0(50)
[2026-01-16T09:08:17.760+0000][gc,heap     ] GC(708) Survivor regions: 2->1(7)
[2026-01-16T09:08:17.762+0000][gc,heap     ] GC(708) Old regions: 257->257
[2026-01-16T09:08:17.763+0000][gc,heap     ] GC(708) Humongous regions: 94->94
[2026-01-16T09:08:17.763+0000][gc,metaspace] GC(708) Metaspace: 12740K(13184K)->12740K(13184K) NonClass: 11644K(11840K)->11644K(11840K) Class: 1096K(1344K)->1096K(1344K)
[2026-01-16T09:08:17.766+0000][gc          ] GC(708) Pause Young (Normal) (G1 Evacuation Pause) 400M->350M(1024M) 332.041ms
[2026-01-16T09:08:17.766+0000][gc,cpu      ] GC(708) User=0.19s Sys=0.03s Real=0.33s
[2026-01-16T09:08:22.147+0000][gc,start    ] GC(709) Pause Young (Normal) (G1 Evacuation Pause)
[2026-01-16T09:08:22.155+0000][gc,task     ] GC(709) Using 8 workers of 8 for evacuation
[2026-01-16T09:08:22.769+0000][gc,mmu      ] GC(709) MMU target violated: 201.0ms (200.0ms/201.0ms)
[2026-01-16T09:08:22.772+0000][gc,phases   ] GC(709)   Pre Evacuate Collection Set: 26.1ms
[2026-01-16T09:08:22.773+0000][gc,phases   ] GC(709)   Merge Heap Roots: 8.0ms
[2026-01-16T09:08:22.775+0000][gc,phases   ] GC(709)   Evacuate Collection Set: 546.6ms
[2026-01-16T09:08:22.776+0000][gc,phases   ] GC(709)   Post Evacuate Collection Set: 26.7ms
[2026-01-16T09:08:22.777+0000][gc,phases   ] GC(709)   Other: 11.8ms
[2026-01-16T09:08:22.778+0000][gc,heap     ] GC(709) Eden regions: 50->0(49)
[2026-01-16T09:08:22.779+0000][gc,heap     ] GC(709) Survivor regions: 1->2(7)
[2026-01-16T09:08:22.780+0000][gc,heap     ] GC(709) Old regions: 257->257
[2026-01-16T09:08:22.780+0000][gc,heap     ] GC(709) Humongous regions: 94->94
[2026-01-16T09:08:22.781+0000][gc,metaspace] GC(709) Metaspace: 12740K(13184K)->12740K(13184K) NonClass: 11644K(11840K)->11644K(11840K) Class: 1096K(1344K)->1096K(1344K)
[2026-01-16T09:08:22.785+0000][gc          ] GC(709) Pause Young (Normal) (G1 Evacuation Pause) 400M->351M(1024M) 637.392ms
[2026-01-16T09:08:22.785+0000][gc,cpu      ] GC(709) User=0.34s Sys=0.03s Real=0.64s
[2026-01-16T09:08:26.949+0000][gc,start    ] GC(710) Pause Young (Normal) (G1 Evacuation Pause)
[2026-01-16T09:08:26.953+0000][gc,task     ] GC(710) Using 8 workers of 8 for evacuation
[2026-01-16T09:08:27.470+0000][gc,mmu      ] GC(710) MMU target violated: 201.0ms (200.0ms/201.0ms)
[2026-01-16T09:08:27.472+0000][gc,phases   ] GC(710)   Pre Evacuate Collection Set: 43.8ms
[2026-01-16T09:08:27.473+0000][gc,phases   ] GC(710)   Merge Heap Roots: 3.9ms
[2026-01-16T09:08:27.473+0000][gc,phases   ] GC(710)   Evacuate Collection Set: 407.1ms
[2026-01-16T09:08:27.473+0000][gc,phases   ] GC(710)   Post Evacuate Collection Set: 58.5ms
[2026-01-16T09:08:27.474+0000][gc,phases   ] GC(710)   Other: 6.0ms
[2026-01-16T09:08:27.474+0000][gc,heap     ] GC(710) Eden regions: 49->0(49)
[2026-01-16T09:08:27.474+0000][gc,heap     ] GC(710) Survivor regions: 2->2(7)
[2026-01-16T09:08:27.474+0000][gc,heap     ] GC(710) Old regions: 257->257
[2026-01-16T09:08:27.474+0000][gc,heap     ] GC(710) Humongous regions: 94->94
[2026-01-16T09:08:27.474+0000][gc,metaspace] GC(710) Metaspace: 12740K(13184K)->12740K(13184K) NonClass: 11644K(11840K)->11644K(11840K) Class: 1096K(1344K)->1096K(1344K)
[2026-01-16T09:08:27.476+0000][gc          ] GC(710) Pause Young (Normal) (G1 Evacuation Pause) 400M->351M(1024M) 526.615ms
[2026-01-16T09:08:27.476+0000][gc,cpu      ] GC(710) User=0.18s Sys=0.02s Real=0.53s
[2026-01-16T09:08:32.280+0000][gc,start    ] GC(711) Pause Young (Normal) (G1 Evacuation Pause)
[2026-01-16T09:08:32.283+0000][gc,task     ] GC(711) Using 8 workers of 8 for evacuation
[2026-01-16T09:08:32.927+0000][gc,mmu      ] GC(711) MMU target violated: 201.0ms (200.0ms/201.0ms)
[2026-01-16T09:08:32.928+0000][gc,phases   ] GC(711)   Pre Evacuate Collection Set: 49.6ms
[2026-01-16T09:08:32.929+0000][gc,phases   ] GC(711)   Merge Heap Roots: 2.9ms
[2026-01-16T09:08:32.930+0000][gc,phases   ] GC(711)   Evacuate Collection Set: 552.1ms
[2026-01-16T09:08:32.930+0000][gc,phases   ] GC(711)   Post Evacuate Collection Set: 35.0ms
[2026-01-16T09:08:32.932+0000][gc,phases   ] GC(711)   Other: 5.0ms
[2026-01-16T09:08:32.937+0000][gc,heap     ] GC(711) Eden regions: 49->0(50)
[2026-01-16T09:08:32.937+0000][gc,heap     ] GC(711) Survivor regions: 2->1(7)
[2026-01-16T09:08:32.937+0000][gc,heap     ] GC(711) Old regions: 257->257
[2026-01-16T09:08:32.937+0000][gc,heap     ] GC(711) Humongous regions: 94->94
[2026-01-16T09:08:32.937+0000][gc,metaspace] GC(711) Metaspace: 12740K(13184K)->12740K(13184K) NonClass: 11644K(11840K)->11644K(11840K) Class: 1096K(1344K)->1096K(1344K)
[2026-01-16T09:08:32.944+0000][gc          ] GC(711) Pause Young (Normal) (G1 Evacuation Pause) 400M->351M(1024M) 663.738ms
[2026-01-16T09:08:32.958+0000][gc,cpu      ] GC(711) User=0.33s Sys=0.04s Real=0.68s
[2026-01-16T09:08:36.973+0000][gc,start    ] GC(712) Pause Young (Normal) (G1 Evacuation Pause)
[2026-01-16T09:08:36.983+0000][gc,task     ] GC(712) Using 8 workers of 8 for evacuation
[2026-01-16T09:08:37.226+0000][gc,mmu      ] GC(712) MMU target violated: 201.0ms (200.0ms/201.0ms)
[2026-01-16T09:08:37.227+0000][gc,phases   ] GC(712)   Pre Evacuate Collection Set: 35.8ms
[2026-01-16T09:08:37.227+0000][gc,phases   ] GC(712)   Merge Heap Roots: 3.9ms
[2026-01-16T09:08:37.228+0000][gc,phases   ] GC(712)   Evacuate Collection Set: 180.0ms
[2026-01-16T09:08:37.228+0000][gc,phases   ] GC(712)   Post Evacuate Collection Set: 22.1ms
[2026-01-16T09:08:37.228+0000][gc,phases   ] GC(712)   Other: 2.5ms
[2026-01-16T09:08:37.229+0000][gc,heap     ] GC(712) Eden regions: 50->0(49)
[2026-01-16T09:08:37.229+0000][gc,heap     ] GC(712) Survivor regions: 1->2(7)
[2026-01-16T09:08:37.230+0000][gc,heap     ] GC(712) Old regions: 257->257
[2026-01-16T09:08:37.230+0000][gc,heap     ] GC(712) Humongous regions: 94->94
[2026-01-16T09:08:37.232+0000][gc,metaspace] GC(712) Metaspace: 12740K(13184K)->12740K(13184K) NonClass: 11644K(11840K)->11644K(11840K) Class: 1096K(1344K)->1096K(1344K)
[2026-01-16T09:08:37.233+0000][gc          ] GC(712) Pause Young (Normal) (G1 Evacuation Pause) 401M->352M(1024M) 259.798ms
[2026-01-16T09:08:37.233+0000][gc,cpu      ] GC(712) User=0.13s Sys=0.01s Real=0.26s
[2026-01-16T09:08:39.372+0000][gc,start    ] GC(713) Pause Young (Normal) (G1 Evacuation Pause)
[2026-01-16T09:08:39.379+0000][gc,task     ] GC(713) Using 8 workers of 8 for evacuation
[2026-01-16T09:08:39.513+0000][gc,phases   ] GC(713)   Pre Evacuate Collection Set: 39.5ms
[2026-01-16T09:08:39.526+0000][gc,phases   ] GC(713)   Merge Heap Roots: 3.8ms
[2026-01-16T09:08:39.526+0000][gc,phases   ] GC(713)   Evacuate Collection Set: 82.5ms
[2026-01-16T09:08:39.527+0000][gc,phases   ] GC(713)   Post Evacuate Collection Set: 7.1ms
[2026-01-16T09:08:39.527+0000][gc,phases   ] GC(713)   Other: 1.6ms
[2026-01-16T09:08:39.527+0000][gc,heap     ] GC(713) Eden regions: 49->0(50)
[2026-01-16T09:08:39.527+0000][gc,heap     ] GC(713) Survivor regions: 2->1(7)
[2026-01-16T09:08:39.527+0000][gc,heap     ] GC(713) Old regions: 257->257
[2026-01-16T09:08:39.527+0000][gc,heap     ] GC(713) Humongous regions: 94->94
[2026-01-16T09:08:39.528+0000][gc,metaspace] GC(713) Metaspace: 12740K(13184K)->12740K(13184K) NonClass: 11644K(11840K)->11644K(11840K) Class: 1096K(1344K)->1096K(1344K)
[2026-01-16T09:08:39.528+0000][gc          ] GC(713) Pause Young (Normal) (G1 Evacuation Pause) 401M->351M(1024M) 155.799ms
[2026-01-16T09:08:39.528+0000][gc,cpu      ] GC(713) User=0.08s Sys=0.00s Real=0.16s
[2026-01-16T09:08:44.899+0000][gc,start    ] GC(714) Pause Young (Normal) (G1 Evacuation Pause)
[2026-01-16T09:08:44.903+0000][gc,task     ] GC(714) Using 8 workers of 8 for evacuation
[2026-01-16T09:08:45.221+0000][gc,mmu      ] GC(714) MMU target violated: 201.0ms (200.0ms/201.0ms)
[2026-01-16T09:08:45.224+0000][gc,phases   ] GC(714)   Pre Evacuate Collection Set: 113.1ms
[2026-01-16T09:08:45.224+0000][gc,phases   ] GC(714)   Merge Heap Roots: 1.7ms
[2026-01-16T09:08:45.225+0000][gc,phases   ] GC(714)   Evacuate Collection Set: 188.0ms
[2026-01-16T09:08:45.226+0000][gc,phases   ] GC(714)   Post Evacuate Collection Set: 8.7ms
[2026-01-16T09:08:45.226+0000][gc,phases   ] GC(714)   Other: 9.5ms
[2026-01-16T09:08:45.226+0000][gc,heap     ] GC(714) Eden regions: 50->0(49)
[2026-01-16T09:08:45.227+0000][gc,heap     ] GC(714) Survivor regions: 1->2(7)
[2026-01-16T09:08:45.228+0000][gc,heap     ] GC(714) Old regions: 257->257
[2026-01-16T09:08:45.229+0000][gc,heap     ] GC(714) Humongous regions: 94->94
[2026-01-16T09:08:45.230+0000][gc,metaspace] GC(714) Metaspace: 12741K(13184K)->12741K(13184K) NonClass: 11645K(11840K)->11645K(11840K) Class: 1096K(1344K)->1096K(1344K)
[2026-01-16T09:08:45.231+0000][gc          ] GC(714) Pause Young (Normal) (G1 Evacuation Pause) 401M->351M(1024M) 332.198ms
[2026-01-16T09:08:45.231+0000][gc,cpu      ] GC(714) User=0.19s Sys=0.02s Real=0.33s
[2026-01-16T09:08:48.085+0000][gc,start    ] GC(715) Pause Young (Normal) (G1 Evacuation Pause)
[2026-01-16T09:08:48.088+0000][gc,task     ] GC(715) Using 8 workers of 8 for evacuation
[2026-01-16T09:08:48.184+0000][gc,phases   ] GC(715)   Pre Evacuate Collection Set: 16.1ms
[2026-01-16T09:08:48.186+0000][gc,phases   ] GC(715)   Merge Heap Roots: 6.5ms
[2026-01-16T09:08:48.188+0000][gc,phases   ] GC(715)   Evacuate Collection Set: 55.4ms
[2026-01-16T09:08:48.192+0000][gc,phases   ] GC(715)   Post Evacuate Collection Set: 15.7ms
[2026-01-16T09:08:48.205+0000][gc,phases   ] GC(715)   Other: 2.0ms
[2026-01-16T09:08:48.209+0000][gc,heap     ] GC(715) Eden regions: 49->0(50)
[2026-01-16T09:08:48.216+0000][gc,heap     ] GC(715) Survivor regions: 2->1(7)
[2026-01-16T09:08:48.216+0000][gc,heap     ] GC(715) Old regions: 257->257
[2026-01-16T09:08:48.217+0000][gc,heap     ] GC(715) Humongous regions: 94->94
[2026-01-16T09:08:48.217+0000][gc,metaspace] GC(715) Metaspace: 12741K(13184K)->12741K(13184K) NonClass: 11645K(11840K)->11645K(11840K) Class: 1096K(1344K)->1096K(1344K)
[2026-01-16T09:08:48.218+0000][gc          ] GC(715) Pause Young (Normal) (G1 Evacuation Pause) 400M->351M(1024M) 132.696ms
[2026-01-16T09:08:48.218+0000][gc,cpu      ] GC(715) User=0.08s Sys=0.02s Real=0.14s
[2026-01-16T09:08:51.751+0000][gc,start    ] GC(716) Pause Young (Normal) (G1 Evacuation Pause)
[2026-01-16T09:08:51.752+0000][gc,task     ] GC(716) Using 8 workers of 8 for evacuation
[2026-01-16T09:08:51.876+0000][gc,phases   ] GC(716)   Pre Evacuate Collection Set: 21.9ms
[2026-01-16T09:08:51.877+0000][gc,phases   ] GC(716)   Merge Heap Roots: 6.9ms
[2026-01-16T09:08:51.877+0000][gc,phases   ] GC(716)   Evacuate Collection Set: 78.5ms
[2026-01-16T09:08:51.877+0000][gc,phases   ] GC(716)   Post Evacuate Collection Set: 14.5ms
[2026-01-16T09:08:51.878+0000][gc,phases   ] GC(716)   Other: 2.5ms
[2026-01-16T09:08:51.879+0000][gc,heap     ] GC(716) Eden regions: 50->0(49)
[2026-01-16T09:08:51.881+0000][gc,heap     ] GC(716) Survivor regions: 1->2(7)
[2026-01-16T09:08:51.882+0000][gc,heap     ] GC(716) Old regions: 257->257
[2026-01-16T09:08:51.882+0000][gc,heap     ] GC(716) Humongous regions: 94->94
[2026-01-16T09:08:51.882+0000][gc,metaspace] GC(716) Metaspace: 12741K(13184K)->12741K(13184K) NonClass: 11645K(11840K)->11645K(11840K) Class: 1096K(1344K)->1096K(1344K)
[2026-01-16T09:08:51.886+0000][gc          ] GC(716) Pause Young (Normal) (G1 Evacuation Pause) 401M->351M(1024M) 134.603ms
[2026-01-16T09:08:51.886+0000][gc,cpu      ] GC(716) User=0.13s Sys=0.00s Real=0.13s
[2026-01-16T09:08:55.811+0000][gc,start    ] GC(717) Pause Young (Normal) (G1 Evacuation Pause)
[2026-01-16T09:08:55.816+0000][gc,task     ] GC(717) Using 8 workers of 8 for evacuation
[2026-01-16T09:08:56.117+0000][gc,mmu      ] GC(717) MMU target violated: 201.0ms (200.0ms/201.0ms)
[2026-01-16T09:08:56.119+0000][gc,phases   ] GC(717)   Pre Evacuate Collection Set: 94.1ms
[2026-01-16T09:08:56.130+0000][gc,phases   ] GC(717)   Merge Heap Roots: 7.1ms
[2026-01-16T09:08:56.131+0000][gc,phases   ] GC(717)   Evacuate Collection Set: 176.1ms
[2026-01-16T09:08:56.134+0000][gc,phases   ] GC(717)   Post Evacuate Collection Set: 22.2ms
[2026-01-16T09:08:56.144+0000][gc,phases   ] GC(717)   Other: 3.5ms
[2026-01-16T09:08:56.147+0000][gc,heap     ] GC(717) Eden regions: 49->0(50)
[2026-01-16T09:08:56.148+0000][gc,heap     ] GC(717) Survivor regions: 2->1(7)
[2026-01-16T09:08:56.148+0000][gc,heap     ] GC(717) Old regions: 257->257
[2026-01-16T09:08:56.148+0000][gc,heap     ] GC(717) Humongous regions: 94->94
[2026-01-16T09:08:56.149+0000][gc,metaspace] GC(717) Metaspace: 12750K(13184K)->12750K(13184K) NonClass: 11654K(11840K)->11654K(11840K) Class: 1096K(1344K)->1096K(1344K)
[2026-01-16T09:08:56.150+0000][gc          ] GC(717) Pause Young (Normal) (G1 Evacuation Pause) 400M->351M(1024M) 339.319ms
[2026-01-16T09:08:56.152+0000][gc,cpu      ] GC(717) User=0.13s Sys=0.01s Real=0.34s
[2026-01-16T09:09:02.947+0000][gc,start    ] GC(718) Pause Young (Normal) (G1 Evacuation Pause)
[2026-01-16T09:09:02.952+0000][gc,task     ] GC(718) Using 8 workers of 8 for evacuation
[2026-01-16T09:09:03.267+0000][gc,mmu      ] GC(718) MMU target violated: 201.0ms (200.0ms/201.0ms)
[2026-01-16T09:09:03.269+0000][gc,phases   ] GC(718)   Pre Evacuate Collection Set: 34.4ms
[2026-01-16T09:09:03.269+0000][gc,phases   ] GC(718)   Merge Heap Roots: 9.2ms
[2026-01-16T09:09:03.270+0000][gc,phases   ] GC(718)   Evacuate Collection Set: 248.4ms
[2026-01-16T09:09:03.270+0000][gc,phases   ] GC(718)   Post Evacuate Collection Set: 21.3ms
[2026-01-16T09:09:03.271+0000][gc,phases   ] GC(718)   Other: 3.3ms
[2026-01-16T09:09:03.271+0000][gc,heap     ] GC(718) Eden regions: 50->0(50)
[2026-01-16T09:09:03.272+0000][gc,heap     ] GC(718) Survivor regions: 1->1(7)
[2026-01-16T09:09:03.273+0000][gc,heap     ] GC(718) Old regions: 257->257
[2026-01-16T09:09:03.273+0000][gc,heap     ] GC(718) Humongous regions: 94->94
[2026-01-16T09:09:03.274+0000][gc,metaspace] GC(718) Metaspace: 12750K(13184K)->12750K(13184K) NonClass: 11654K(11840K)->11654K(11840K) Class: 1096K(1344K)->1096K(1344K)
[2026-01-16T09:09:03.275+0000][gc          ] GC(718) Pause Young (Normal) (G1 Evacuation Pause) 401M->351M(1024M) 327.560ms
[2026-01-16T09:09:03.275+0000][gc,cpu      ] GC(718) User=0.18s Sys=0.02s Real=0.33s
[2026-01-16T09:09:06.663+0000][gc,start    ] GC(719) Pause Young (Normal) (G1 Evacuation Pause)
[2026-01-16T09:09:06.688+0000][gc,task     ] GC(719) Using 8 workers of 8 for evacuation
[2026-01-16T09:09:07.044+0000][gc,mmu      ] GC(719) MMU target violated: 201.0ms (200.0ms/201.0ms)
[2026-01-16T09:09:07.050+0000][gc,phases   ] GC(719)   Pre Evacuate Collection Set: 100.1ms
[2026-01-16T09:09:07.051+0000][gc,phases   ] GC(719)   Merge Heap Roots: 26.9ms
[2026-01-16T09:09:07.051+0000][gc,phases   ] GC(719)   Evacuate Collection Set: 216.2ms
[2026-01-16T09:09:07.052+0000][gc,phases   ] GC(719)   Post Evacuate Collection Set: 11.8ms
[2026-01-16T09:09:07.066+0000][gc,phases   ] GC(719)   Other: 19.6ms
[2026-01-16T09:09:07.074+0000][gc,heap     ] GC(719) Eden regions: 50->0(49)
[2026-01-16T09:09:07.076+0000][gc,heap     ] GC(719) Survivor regions: 1->2(7)
[2026-01-16T09:09:07.077+0000][gc,heap     ] GC(719) Old regions: 257->257
[2026-01-16T09:09:07.077+0000][gc,heap     ] GC(719) Humongous regions: 94->94
[2026-01-16T09:09:07.078+0000][gc,metaspace] GC(719) Metaspace: 12751K(13184K)->12751K(13184K) NonClass: 11655K(11840K)->11655K(11840K) Class: 1096K(1344K)->1096K(1344K)
[2026-01-16T09:09:07.078+0000][gc          ] GC(719) Pause Young (Normal) (G1 Evacuation Pause) 401M->352M(1024M) 414.647ms
[2026-01-16T09:09:07.079+0000][gc,cpu      ] GC(719) User=0.20s Sys=0.03s Real=0.41s
[2026-01-16T09:09:09.050+0000][gc,start    ] GC(720) Pause Young (Normal) (G1 Evacuation Pause)
[2026-01-16T09:09:09.054+0000][gc,task     ] GC(720) Using 8 workers of 8 for evacuation
[2026-01-16T09:09:09.195+0000][gc,phases   ] GC(720)   Pre Evacuate Collection Set: 25.0ms
[2026-01-16T09:09:09.195+0000][gc,phases   ] GC(720)   Merge Heap Roots: 4.1ms
[2026-01-16T09:09:09.196+0000][gc,phases   ] GC(720)   Evacuate Collection Set: 96.4ms
[2026-01-16T09:09:09.200+0000][gc,phases   ] GC(720)   Post Evacuate Collection Set: 12.7ms
[2026-01-16T09:09:09.201+0000][gc,phases   ] GC(720)   Other: 3.1ms
[2026-01-16T09:09:09.201+0000][gc,heap     ] GC(720) Eden regions: 49->0(50)
[2026-01-16T09:09:09.204+0000][gc,heap     ] GC(720) Survivor regions: 2->1(7)
[2026-01-16T09:09:09.208+0000][gc,heap     ] GC(720) Old regions: 257->257
[2026-01-16T09:09:09.210+0000][gc,heap     ] GC(720) Humongous regions: 94->94
[2026-01-16T09:09:09.210+0000][gc,metaspace] GC(720) Metaspace: 12751K(13184K)->12751K(13184K) NonClass: 11655K(11840K)->11655K(11840K) Class: 1096K(1344K)->1096K(1344K)
[2026-01-16T09:09:09.211+0000][gc          ] GC(720) Pause Young (Normal) (G1 Evacuation Pause) 401M->351M(1024M) 161.769ms
[2026-01-16T09:09:09.213+0000][gc,cpu      ] GC(720) User=0.08s Sys=0.01s Real=0.17s
[2026-01-16T09:09:12.380+0000][gc,start    ] GC(721) Pause Young (Normal) (G1 Evacuation Pause)
[2026-01-16T09:09:12.382+0000][gc,task     ] GC(721) Using 8 workers of 8 for evacuation
[2026-01-16T09:09:12.591+0000][gc,mmu      ] GC(721) MMU target violated: 201.0ms (200.0ms/201.0ms)
[2026-01-16T09:09:12.594+0000][gc,phases   ] GC(721)   Pre Evacuate Collection Set: 22.4ms
[2026-01-16T09:09:12.595+0000][gc,phases   ] GC(721)   Merge Heap Roots: 3.5ms
[2026-01-16T09:09:12.595+0000][gc,phases   ] GC(721)   Evacuate Collection Set: 167.3ms
[2026-01-16T09:09:12.595+0000][gc,phases   ] GC(721)   Post Evacuate Collection Set: 12.0ms
[2026-01-16T09:09:12.596+0000][gc,phases   ] GC(721)   Other: 7.7ms
[2026-01-16T09:09:12.597+0000][gc,heap     ] GC(721) Eden regions: 50->0(49)
[2026-01-16T09:09:12.597+0000][gc,heap     ] GC(721) Survivor regions: 1->2(7)
[2026-01-16T09:09:12.598+0000][gc,heap     ] GC(721) Old regions: 257->257
[2026-01-16T09:09:12.598+0000][gc,heap     ] GC(721) Humongous regions: 94->94
[2026-01-16T09:09:12.599+0000][gc,metaspace] GC(721) Metaspace: 12751K(13184K)->12751K(13184K) NonClass: 11655K(11840K)->11655K(11840K) Class: 1096K(1344K)->1096K(1344K)
[2026-01-16T09:09:12.605+0000][gc          ] GC(721) Pause Young (Normal) (G1 Evacuation Pause) 401M->351M(1024M) 224.447ms
[2026-01-16T09:09:12.606+0000][gc,cpu      ] GC(721) User=0.12s Sys=0.00s Real=0.23s
[2026-01-16T09:09:17.562+0000][gc,start    ] GC(722) Pause Young (Normal) (G1 Evacuation Pause)
[2026-01-16T09:09:17.565+0000][gc,task     ] GC(722) Using 8 workers of 8 for evacuation
[2026-01-16T09:09:17.849+0000][gc,mmu      ] GC(722) MMU target violated: 201.0ms (200.0ms/201.0ms)
[2026-01-16T09:09:17.850+0000][gc,phases   ] GC(722)   Pre Evacuate Collection Set: 32.4ms
[2026-01-16T09:09:17.851+0000][gc,phases   ] GC(722)   Merge Heap Roots: 10.9ms
[2026-01-16T09:09:17.851+0000][gc,phases   ] GC(722)   Evacuate Collection Set: 226.4ms
[2026-01-16T09:09:17.852+0000][gc,phases   ] GC(722)   Post Evacuate Collection Set: 3.3ms
[2026-01-16T09:09:17.852+0000][gc,phases   ] GC(722)   Other: 11.6ms
[2026-01-16T09:09:17.853+0000][gc,heap     ] GC(722) Eden regions: 49->0(50)
[2026-01-16T09:09:17.854+0000][gc,heap     ] GC(722) Survivor regions: 2->1(7)
[2026-01-16T09:09:17.855+0000][gc,heap     ] GC(722) Old regions: 257->257
[2026-01-16T09:09:17.856+0000][gc,heap     ] GC(722) Humongous regions: 94->94
[2026-01-16T09:09:17.856+0000][gc,metaspace] GC(722) Metaspace: 12751K(13184K)->12751K(13184K) NonClass: 11655K(11840K)->11655K(11840K) Class: 1096K(1344K)->1096K(1344K)
[2026-01-16T09:09:17.857+0000][gc          ] GC(722) Pause Young (Normal) (G1 Evacuation Pause) 400M->351M(1024M) 294.418ms
[2026-01-16T09:09:17.857+0000][gc,cpu      ] GC(722) User=0.13s Sys=0.01s Real=0.29s
[2026-01-16T09:09:20.105+0000][gc,start    ] GC(723) Pause Young (Normal) (G1 Evacuation Pause)
[2026-01-16T09:09:20.107+0000][gc,task     ] GC(723) Using 8 workers of 8 for evacuation
[2026-01-16T09:09:20.293+0000][gc,phases   ] GC(723)   Pre Evacuate Collection Set: 37.6ms
[2026-01-16T09:09:20.294+0000][gc,phases   ] GC(723)   Merge Heap Roots: 0.5ms
[2026-01-16T09:09:20.295+0000][gc,phases   ] GC(723)   Evacuate Collection Set: 143.0ms
[2026-01-16T09:09:20.297+0000][gc,phases   ] GC(723)   Post Evacuate Collection Set: 4.0ms
[2026-01-16T09:09:20.297+0000][gc,phases   ] GC(723)   Other: 1.8ms
[2026-01-16T09:09:20.299+0000][gc,heap     ] GC(723) Eden regions: 50->0(49)
[2026-01-16T09:09:20.300+0000][gc,heap     ] GC(723) Survivor regions: 1->2(7)
[2026-01-16T09:09:20.301+0000][gc,heap     ] GC(723) Old regions: 257->257
[2026-01-16T09:09:20.301+0000][gc,heap     ] GC(723) Humongous regions: 94->94
[2026-01-16T09:09:20.302+0000][gc,metaspace] GC(723) Metaspace: 12751K(13184K)->12751K(13184K) NonClass: 11655K(11840K)->11655K(11840K) Class: 1096K(1344K)->1096K(1344K)
[2026-01-16T09:09:20.303+0000][gc          ] GC(723) Pause Young (Normal) (G1 Evacuation Pause) 401M->351M(1024M) 197.190ms
[2026-01-16T09:09:20.304+0000][gc,cpu      ] GC(723) User=0.07s Sys=0.02s Real=0.20s
[2026-01-16T09:09:26.499+0000][gc,start    ] GC(724) Pause Young (Normal) (G1 Evacuation Pause)
[2026-01-16T09:09:26.504+0000][gc,task     ] GC(724) Using 8 workers of 8 for evacuation
[2026-01-16T09:09:26.681+0000][gc,phases   ] GC(724)   Pre Evacuate Collection Set: 42.9ms
[2026-01-16T09:09:26.682+0000][gc,phases   ] GC(724)   Merge Heap Roots: 8.2ms
[2026-01-16T09:09:26.683+0000][gc,phases   ] GC(724)   Evacuate Collection Set: 100.6ms
[2026-01-16T09:09:26.683+0000][gc,phases   ] GC(724)   Post Evacuate Collection Set: 24.9ms
[2026-01-16T09:09:26.684+0000][gc,phases   ] GC(724)   Other: 0.8ms
[2026-01-16T09:09:26.684+0000][gc,heap     ] GC(724) Eden regions: 49->0(76)
[2026-01-16T09:09:26.685+0000][gc,heap     ] GC(724) Survivor regions: 2->1(7)
[2026-01-16T09:09:26.685+0000][gc,heap     ] GC(724) Old regions: 257->257
[2026-01-16T09:09:26.685+0000][gc,heap     ] GC(724) Humongous regions: 94->94
[2026-01-16T09:09:26.685+0000][gc,metaspace] GC(724) Metaspace: 12751K(13184K)->12751K(13184K) NonClass: 11655K(11840K)->11655K(11840K) Class: 1096K(1344K)->1096K(1344K)
[2026-01-16T09:09:26.686+0000][gc          ] GC(724) Pause Young (Normal) (G1 Evacuation Pause) 400M->350M(1024M) 186.553ms
[2026-01-16T09:09:26.686+0000][gc,cpu      ] GC(724) User=0.10s Sys=0.01s Real=0.19s
[2026-01-16T09:09:36.169+0000][gc,start    ] GC(725) Pause Young (Normal) (G1 Evacuation Pause)
[2026-01-16T09:09:36.173+0000][gc,task     ] GC(725) Using 8 workers of 8 for evacuation
[2026-01-16T09:09:36.568+0000][gc,mmu      ] GC(725) MMU target violated: 201.0ms (200.0ms/201.0ms)
[2026-01-16T09:09:36.574+0000][gc,phases   ] GC(725)   Pre Evacuate Collection Set: 32.4ms
[2026-01-16T09:09:36.574+0000][gc,phases   ] GC(725)   Merge Heap Roots: 1.6ms
[2026-01-16T09:09:36.586+0000][gc,phases   ] GC(725)   Evacuate Collection Set: 323.5ms
[2026-01-16T09:09:36.588+0000][gc,phases   ] GC(725)   Post Evacuate Collection Set: 36.5ms
[2026-01-16T09:09:36.589+0000][gc,phases   ] GC(725)   Other: 6.9ms
[2026-01-16T09:09:36.589+0000][gc,heap     ] GC(725) Eden regions: 77->0(49)
[2026-01-16T09:09:36.589+0000][gc,heap     ] GC(725) Survivor regions: 1->2(10)
[2026-01-16T09:09:36.590+0000][gc,heap     ] GC(725) Old regions: 257->257
[2026-01-16T09:09:36.590+0000][gc,heap     ] GC(725) Humongous regions: 94->94
[2026-01-16T09:09:36.590+0000][gc,metaspace] GC(725) Metaspace: 12751K(13184K)->12751K(13184K) NonClass: 11655K(11840K)->11655K(11840K) Class: 1096K(1344K)->1096K(1344K)
[2026-01-16T09:09:36.592+0000][gc          ] GC(725) Pause Young (Normal) (G1 Evacuation Pause) 427M->351M(1024M) 422.447ms
[2026-01-16T09:09:36.593+0000][gc,cpu      ] GC(725) User=0.30s Sys=0.00s Real=0.42s
[2026-01-16T09:09:38.725+0000][gc,start    ] GC(726) Pause Young (Normal) (G1 Evacuation Pause)
[2026-01-16T09:09:38.728+0000][gc,task     ] GC(726) Using 8 workers of 8 for evacuation
[2026-01-16T09:09:38.831+0000][gc,phases   ] GC(726)   Pre Evacuate Collection Set: 14.9ms
[2026-01-16T09:09:38.833+0000][gc,phases   ] GC(726)   Merge Heap Roots: 6.0ms
[2026-01-16T09:09:38.834+0000][gc,phases   ] GC(726)   Evacuate Collection Set: 68.9ms
[2026-01-16T09:09:38.834+0000][gc,phases   ] GC(726)   Post Evacuate Collection Set: 9.5ms
[2026-01-16T09:09:38.834+0000][gc,phases   ] GC(726)   Other: 3.7ms
[2026-01-16T09:09:38.838+0000][gc,heap     ] GC(726) Eden regions: 49->0(49)
[2026-01-16T09:09:38.839+0000][gc,heap     ] GC(726) Survivor regions: 2->2(7)
[2026-01-16T09:09:38.839+0000][gc,heap     ] GC(726) Old regions: 257->257
[2026-01-16T09:09:38.840+0000][gc,heap     ] GC(726) Humongous regions: 94->94
[2026-01-16T09:09:38.840+0000][gc,metaspace] GC(726) Metaspace: 12751K(13184K)->12751K(13184K) NonClass: 11655K(11840K)->11655K(11840K) Class: 1096K(1344K)->1096K(1344K)
[2026-01-16T09:09:38.842+0000][gc          ] GC(726) Pause Young (Normal) (G1 Evacuation Pause) 400M->352M(1024M) 117.161ms
[2026-01-16T09:09:38.842+0000][gc,cpu      ] GC(726) User=0.07s Sys=0.00s Real=0.12s
[2026-01-16T09:09:41.708+0000][gc,start    ] GC(727) Pause Young (Normal) (G1 Evacuation Pause)
[2026-01-16T09:09:41.710+0000][gc,task     ] GC(727) Using 8 workers of 8 for evacuation
[2026-01-16T09:09:41.888+0000][gc,phases   ] GC(727)   Pre Evacuate Collection Set: 35.6ms
[2026-01-16T09:09:41.899+0000][gc,phases   ] GC(727)   Merge Heap Roots: 5.6ms
[2026-01-16T09:09:41.899+0000][gc,phases   ] GC(727)   Evacuate Collection Set: 120.7ms
[2026-01-16T09:09:41.899+0000][gc,phases   ] GC(727)   Post Evacuate Collection Set: 15.3ms
[2026-01-16T09:09:41.903+0000][gc,phases   ] GC(727)   Other: 0.8ms
[2026-01-16T09:09:41.904+0000][gc,heap     ] GC(727) Eden regions: 49->0(49)
[2026-01-16T09:09:41.905+0000][gc,heap     ] GC(727) Survivor regions: 2->2(7)
[2026-01-16T09:09:41.906+0000][gc,heap     ] GC(727) Old regions: 257->257
[2026-01-16T09:09:41.906+0000][gc,heap     ] GC(727) Humongous regions: 94->94
[2026-01-16T09:09:41.908+0000][gc,metaspace] GC(727) Metaspace: 12751K(13184K)->12751K(13184K) NonClass: 11655K(11840K)->11655K(11840K) Class: 1096K(1344K)->1096K(1344K)
[2026-01-16T09:09:41.908+0000][gc          ] GC(727) Pause Young (Normal) (G1 Evacuation Pause) 401M->351M(1024M) 199.598ms
[2026-01-16T09:09:41.908+0000][gc,cpu      ] GC(727) User=0.09s Sys=0.00s Real=0.21s
[2026-01-16T09:09:45.917+0000][gc,start    ] GC(728) Pause Young (Normal) (G1 Evacuation Pause)
[2026-01-16T09:09:45.921+0000][gc,task     ] GC(728) Using 8 workers of 8 for evacuation
[2026-01-16T09:09:46.133+0000][gc,mmu      ] GC(728) MMU target violated: 201.0ms (200.0ms/201.0ms)
[2026-01-16T09:09:46.136+0000][gc,phases   ] GC(728)   Pre Evacuate Collection Set: 22.4ms
[2026-01-16T09:09:46.137+0000][gc,phases   ] GC(728)   Merge Heap Roots: 3.4ms
[2026-01-16T09:09:46.138+0000][gc,phases   ] GC(728)   Evacuate Collection Set: 140.9ms
[2026-01-16T09:09:46.139+0000][gc,phases   ] GC(728)   Post Evacuate Collection Set: 44.0ms
[2026-01-16T09:09:46.140+0000][gc,phases   ] GC(728)   Other: 4.2ms
[2026-01-16T09:09:46.140+0000][gc,heap     ] GC(728) Eden regions: 49->0(57)
[2026-01-16T09:09:46.140+0000][gc,heap     ] GC(728) Survivor regions: 2->1(7)
[2026-01-16T09:09:46.141+0000][gc,heap     ] GC(728) Old regions: 257->257
[2026-01-16T09:09:46.141+0000][gc,heap     ] GC(728) Humongous regions: 94->94
[2026-01-16T09:09:46.141+0000][gc,metaspace] GC(728) Metaspace: 12751K(13184K)->12751K(13184K) NonClass: 11655K(11840K)->11655K(11840K) Class: 1096K(1344K)->1096K(1344K)
[2026-01-16T09:09:46.141+0000][gc          ] GC(728) Pause Young (Normal) (G1 Evacuation Pause) 400M->351M(1024M) 223.488ms
[2026-01-16T09:09:46.141+0000][gc,cpu      ] GC(728) User=0.12s Sys=0.01s Real=0.22s
[2026-01-16T09:09:50.350+0000][gc,start    ] GC(729) Pause Young (Normal) (G1 Evacuation Pause)
[2026-01-16T09:09:50.353+0000][gc,task     ] GC(729) Using 8 workers of 8 for evacuation
[2026-01-16T09:09:50.568+0000][gc,mmu      ] GC(729) MMU target violated: 201.0ms (200.0ms/201.0ms)
[2026-01-16T09:09:50.569+0000][gc,phases   ] GC(729)   Pre Evacuate Collection Set: 14.2ms
[2026-01-16T09:09:50.569+0000][gc,phases   ] GC(729)   Merge Heap Roots: 15.1ms
[2026-01-16T09:09:50.569+0000][gc,phases   ] GC(729)   Evacuate Collection Set: 182.4ms
[2026-01-16T09:09:50.570+0000][gc,phases   ] GC(729)   Post Evacuate Collection Set: 2.7ms
[2026-01-16T09:09:50.570+0000][gc,phases   ] GC(729)   Other: 2.2ms
[2026-01-16T09:09:50.571+0000][gc,heap     ] GC(729) Eden regions: 57->0(49)
[2026-01-16T09:09:50.571+0000][gc,heap     ] GC(729) Survivor regions: 1->2(8)
[2026-01-16T09:09:50.571+0000][gc,heap     ] GC(729) Old regions: 257->257
[2026-01-16T09:09:50.571+0000][gc,heap     ] GC(729) Humongous regions: 94->94
[2026-01-16T09:09:50.571+0000][gc,metaspace] GC(729) Metaspace: 12751K(13184K)->12751K(13184K) NonClass: 11655K(11840K)->11655K(11840K) Class: 1096K(1344K)->1096K(1344K)
[2026-01-16T09:09:50.572+0000][gc          ] GC(729) Pause Young (Normal) (G1 Evacuation Pause) 408M->351M(1024M) 222.052ms
[2026-01-16T09:09:50.572+0000][gc,cpu      ] GC(729) User=0.14s Sys=0.00s Real=0.22s
[2026-01-16T09:09:51.691+0000][gc,start    ] GC(730) Pause Young (Normal) (G1 Evacuation Pause)
[2026-01-16T09:09:51.692+0000][gc,task     ] GC(730) Using 8 workers of 8 for evacuation
[2026-01-16T09:09:51.796+0000][gc,phases   ] GC(730)   Pre Evacuate Collection Set: 2.3ms
[2026-01-16T09:09:51.797+0000][gc,phases   ] GC(730)   Merge Heap Roots: 0.5ms
[2026-01-16T09:09:51.797+0000][gc,phases   ] GC(730)   Evacuate Collection Set: 86.2ms
[2026-01-16T09:09:51.797+0000][gc,phases   ] GC(730)   Post Evacuate Collection Set: 13.8ms
[2026-01-16T09:09:51.797+0000][gc,phases   ] GC(730)   Other: 0.6ms
[2026-01-16T09:09:51.797+0000][gc,heap     ] GC(730) Eden regions: 49->0(56)
[2026-01-16T09:09:51.801+0000][gc,heap     ] GC(730) Survivor regions: 2->2(7)
[2026-01-16T09:09:51.803+0000][gc,heap     ] GC(730) Old regions: 257->257
[2026-01-16T09:09:51.803+0000][gc,heap     ] GC(730) Humongous regions: 94->94
[2026-01-16T09:09:51.804+0000][gc,metaspace] GC(730) Metaspace: 12751K(13184K)->12751K(13184K) NonClass: 11655K(11840K)->11655K(11840K) Class: 1096K(1344K)->1096K(1344K)
[2026-01-16T09:09:51.805+0000][gc          ] GC(730) Pause Young (Normal) (G1 Evacuation Pause) 400M->352M(1024M) 113.656ms
[2026-01-16T09:09:51.805+0000][gc,cpu      ] GC(730) User=0.05s Sys=0.01s Real=0.12s
[2026-01-16T09:10:02.035+0000][gc,start    ] GC(731) Pause Young (Normal) (G1 Evacuation Pause)
[2026-01-16T09:10:02.047+0000][gc,task     ] GC(731) Using 8 workers of 8 for evacuation
[2026-01-16T09:10:02.278+0000][gc,mmu      ] GC(731) MMU target violated: 201.0ms (200.0ms/201.0ms)
[2026-01-16T09:10:02.279+0000][gc,phases   ] GC(731)   Pre Evacuate Collection Set: 7.2ms
[2026-01-16T09:10:02.280+0000][gc,phases   ] GC(731)   Merge Heap Roots: 1.8ms
[2026-01-16T09:10:02.280+0000][gc,phases   ] GC(731)   Evacuate Collection Set: 206.8ms
[2026-01-16T09:10:02.280+0000][gc,phases   ] GC(731)   Post Evacuate Collection Set: 14.3ms
[2026-01-16T09:10:02.280+0000][gc,phases   ] GC(731)   Other: 1.8ms
[2026-01-16T09:10:02.281+0000][gc,heap     ] GC(731) Eden regions: 58->0(53)
[2026-01-16T09:10:02.281+0000][gc,heap     ] GC(731) Survivor regions: 2->1(8)
[2026-01-16T09:10:02.281+0000][gc,heap     ] GC(731) Old regions: 257->257
[2026-01-16T09:10:02.282+0000][gc,heap     ] GC(731) Humongous regions: 94->94
[2026-01-16T09:10:02.282+0000][gc,metaspace] GC(731) Metaspace: 12751K(13184K)->12751K(13184K) NonClass: 11655K(11840K)->11655K(11840K) Class: 1096K(1344K)->1096K(1344K)
[2026-01-16T09:10:02.284+0000][gc          ] GC(731) Pause Young (Normal) (G1 Evacuation Pause) 410M->351M(1024M) 248.432ms
[2026-01-16T09:10:02.287+0000][gc,cpu      ] GC(731) User=0.13s Sys=0.01s Real=0.26s
[2026-01-16T09:10:04.441+0000][gc,start    ] GC(732) Pause Young (Normal) (G1 Evacuation Pause)
[2026-01-16T09:10:04.451+0000][gc,task     ] GC(732) Using 8 workers of 8 for evacuation
[2026-01-16T09:10:04.556+0000][gc,phases   ] GC(732)   Pre Evacuate Collection Set: 21.7ms
[2026-01-16T09:10:04.557+0000][gc,phases   ] GC(732)   Merge Heap Roots: 0.9ms
[2026-01-16T09:10:04.558+0000][gc,phases   ] GC(732)   Evacuate Collection Set: 72.7ms
[2026-01-16T09:10:04.559+0000][gc,phases   ] GC(732)   Post Evacuate Collection Set: 7.2ms
[2026-01-16T09:10:04.560+0000][gc,phases   ] GC(732)   Other: 2.7ms
[2026-01-16T09:10:04.560+0000][gc,heap     ] GC(732) Eden regions: 51->0(49)
[2026-01-16T09:10:04.561+0000][gc,heap     ] GC(732) Survivor regions: 1->2(7)
[2026-01-16T09:10:04.561+0000][gc,heap     ] GC(732) Old regions: 257->257
[2026-01-16T09:10:04.561+0000][gc,heap     ] GC(732) Humongous regions: 94->94
[2026-01-16T09:10:04.561+0000][gc,metaspace] GC(732) Metaspace: 12751K(13184K)->12751K(13184K) NonClass: 11655K(11840K)->11655K(11840K) Class: 1096K(1344K)->1096K(1344K)
[2026-01-16T09:10:04.562+0000][gc          ] GC(732) Pause Young (Normal) (G1 Evacuation Pause) 402M->352M(1024M) 121.708ms
[2026-01-16T09:10:04.563+0000][gc,cpu      ] GC(732) User=0.08s Sys=0.01s Real=0.12s
[2026-01-16T09:10:07.239+0000][gc,start    ] GC(733) Pause Young (Normal) (G1 Evacuation Pause)
[2026-01-16T09:10:07.245+0000][gc,task     ] GC(733) Using 8 workers of 8 for evacuation
[2026-01-16T09:10:07.445+0000][gc,phases   ] GC(733)   Pre Evacuate Collection Set: 32.0ms
[2026-01-16T09:10:07.445+0000][gc,phases   ] GC(733)   Merge Heap Roots: 7.1ms
[2026-01-16T09:10:07.446+0000][gc,phases   ] GC(733)   Evacuate Collection Set: 134.4ms
[2026-01-16T09:10:07.446+0000][gc,phases   ] GC(733)   Post Evacuate Collection Set: 17.1ms
[2026-01-16T09:10:07.447+0000][gc,phases   ] GC(733)   Other: 9.6ms
[2026-01-16T09:10:07.449+0000][gc,heap     ] GC(733) Eden regions: 49->0(66)
[2026-01-16T09:10:07.449+0000][gc,heap     ] GC(733) Survivor regions: 2->1(7)
[2026-01-16T09:10:07.450+0000][gc,heap     ] GC(733) Old regions: 257->257
[2026-01-16T09:10:07.450+0000][gc,heap     ] GC(733) Humongous regions: 94->94
[2026-01-16T09:10:07.450+0000][gc,metaspace] GC(733) Metaspace: 12751K(13184K)->12751K(13184K) NonClass: 11655K(11840K)->11655K(11840K) Class: 1096K(1344K)->1096K(1344K)
[2026-01-16T09:10:07.451+0000][gc          ] GC(733) Pause Young (Normal) (G1 Evacuation Pause) 401M->351M(1024M) 211.637ms
[2026-01-16T09:10:07.451+0000][gc,cpu      ] GC(733) User=0.08s Sys=0.01s Real=0.21s
[2026-01-16T09:10:09.910+0000][gc,start    ] GC(734) Pause Young (Normal) (G1 Evacuation Pause)
[2026-01-16T09:10:09.910+0000][gc,task     ] GC(734) Using 8 workers of 8 for evacuation
[2026-01-16T09:10:10.107+0000][gc,phases   ] GC(734)   Pre Evacuate Collection Set: 33.2ms
[2026-01-16T09:10:10.134+0000][gc,phases   ] GC(734)   Merge Heap Roots: 10.4ms
[2026-01-16T09:10:10.148+0000][gc,phases   ] GC(734)   Evacuate Collection Set: 149.6ms
[2026-01-16T09:10:10.163+0000][gc,phases   ] GC(734)   Post Evacuate Collection Set: 2.8ms
[2026-01-16T09:10:10.200+0000][gc,phases   ] GC(734)   Other: 0.7ms
[2026-01-16T09:10:10.239+0000][gc,heap     ] GC(734) Eden regions: 64->0(49)
[2026-01-16T09:10:10.240+0000][gc,heap     ] GC(734) Survivor regions: 1->2(9)
[2026-01-16T09:10:10.245+0000][gc,heap     ] GC(734) Old regions: 257->257
[2026-01-16T09:10:10.246+0000][gc,heap     ] GC(734) Humongous regions: 94->94
[2026-01-16T09:10:10.247+0000][gc,metaspace] GC(734) Metaspace: 12751K(13184K)->12751K(13184K) NonClass: 11655K(11840K)->11655K(11840K) Class: 1096K(1344K)->1096K(1344K)
[2026-01-16T09:10:10.249+0000][gc          ] GC(734) Pause Young (Normal) (G1 Evacuation Pause) 415M->352M(1024M) 339.042ms
[2026-01-16T09:10:10.250+0000][gc,cpu      ] GC(734) User=0.14s Sys=0.02s Real=0.34s
[2026-01-16T09:10:19.122+0000][gc,start    ] GC(735) Pause Young (Normal) (G1 Evacuation Pause)
[2026-01-16T09:10:19.128+0000][gc,task     ] GC(735) Using 8 workers of 8 for evacuation
[2026-01-16T09:10:19.401+0000][gc,mmu      ] GC(735) MMU target violated: 201.0ms (200.0ms/201.0ms)
[2026-01-16T09:10:19.402+0000][gc,phases   ] GC(735)   Pre Evacuate Collection Set: 65.8ms
[2026-01-16T09:10:19.402+0000][gc,phases   ] GC(735)   Merge Heap Roots: 10.7ms
[2026-01-16T09:10:19.406+0000][gc,phases   ] GC(735)   Evacuate Collection Set: 160.3ms
[2026-01-16T09:10:19.407+0000][gc,phases   ] GC(735)   Post Evacuate Collection Set: 22.7ms
[2026-01-16T09:10:19.408+0000][gc,phases   ] GC(735)   Other: 14.2ms
[2026-01-16T09:10:19.409+0000][gc,heap     ] GC(735) Eden regions: 49->0(50)
[2026-01-16T09:10:19.413+0000][gc,heap     ] GC(735) Survivor regions: 2->1(7)
[2026-01-16T09:10:19.416+0000][gc,heap     ] GC(735) Old regions: 257->257
[2026-01-16T09:10:19.424+0000][gc,heap     ] GC(735) Humongous regions: 94->94
[2026-01-16T09:10:19.424+0000][gc,metaspace] GC(735) Metaspace: 12751K(13184K)->12751K(13184K) NonClass: 11655K(11840K)->11655K(11840K) Class: 1096K(1344K)->1096K(1344K)
[2026-01-16T09:10:19.424+0000][gc          ] GC(735) Pause Young (Normal) (G1 Evacuation Pause) 401M->351M(1024M) 302.839ms
[2026-01-16T09:10:19.425+0000][gc,cpu      ] GC(735) User=0.11s Sys=0.01s Real=0.30s
[2026-01-16T09:10:21.842+0000][gc,start    ] GC(736) Pause Young (Normal) (G1 Evacuation Pause)
[2026-01-16T09:10:21.854+0000][gc,task     ] GC(736) Using 8 workers of 8 for evacuation
[2026-01-16T09:10:21.967+0000][gc,phases   ] GC(736)   Pre Evacuate Collection Set: 10.6ms
[2026-01-16T09:10:21.969+0000][gc,phases   ] GC(736)   Merge Heap Roots: 4.1ms
[2026-01-16T09:10:21.970+0000][gc,phases   ] GC(736)   Evacuate Collection Set: 91.5ms
[2026-01-16T09:10:21.970+0000][gc,phases   ] GC(736)   Post Evacuate Collection Set: 5.0ms
[2026-01-16T09:10:21.971+0000][gc,phases   ] GC(736)   Other: 1.0ms
[2026-01-16T09:10:21.972+0000][gc,heap     ] GC(736) Eden regions: 50->0(49)
[2026-01-16T09:10:21.972+0000][gc,heap     ] GC(736) Survivor regions: 1->2(7)
[2026-01-16T09:10:21.972+0000][gc,heap     ] GC(736) Old regions: 257->257
[2026-01-16T09:10:21.973+0000][gc,heap     ] GC(736) Humongous regions: 94->94
[2026-01-16T09:10:21.973+0000][gc,metaspace] GC(736) Metaspace: 12751K(13184K)->12751K(13184K) NonClass: 11655K(11840K)->11655K(11840K) Class: 1096K(1344K)->1096K(1344K)
[2026-01-16T09:10:21.973+0000][gc          ] GC(736) Pause Young (Normal) (G1 Evacuation Pause) 401M->352M(1024M) 131.344ms
[2026-01-16T09:10:21.973+0000][gc,cpu      ] GC(736) User=0.10s Sys=0.01s Real=0.13s
[2026-01-16T09:10:26.889+0000][gc,start    ] GC(737) Pause Young (Normal) (G1 Evacuation Pause)
[2026-01-16T09:10:26.892+0000][gc,task     ] GC(737) Using 8 workers of 8 for evacuation
[2026-01-16T09:10:27.013+0000][gc,phases   ] GC(737)   Pre Evacuate Collection Set: 10.2ms
[2026-01-16T09:10:27.015+0000][gc,phases   ] GC(737)   Merge Heap Roots: 1.1ms
[2026-01-16T09:10:27.015+0000][gc,phases   ] GC(737)   Evacuate Collection Set: 97.7ms
[2026-01-16T09:10:27.015+0000][gc,phases   ] GC(737)   Post Evacuate Collection Set: 10.2ms
[2026-01-16T09:10:27.015+0000][gc,phases   ] GC(737)   Other: 2.2ms
[2026-01-16T09:10:27.016+0000][gc,heap     ] GC(737) Eden regions: 49->0(95)
[2026-01-16T09:10:27.017+0000][gc,heap     ] GC(737) Survivor regions: 2->1(7)
[2026-01-16T09:10:27.019+0000][gc,heap     ] GC(737) Old regions: 257->257
[2026-01-16T09:10:27.019+0000][gc,heap     ] GC(737) Humongous regions: 94->94
[2026-01-16T09:10:27.019+0000][gc,metaspace] GC(737) Metaspace: 12751K(13184K)->12751K(13184K) NonClass: 11655K(11840K)->11655K(11840K) Class: 1096K(1344K)->1096K(1344K)
[2026-01-16T09:10:27.020+0000][gc          ] GC(737) Pause Young (Normal) (G1 Evacuation Pause) 401M->351M(1024M) 130.502ms
[2026-01-16T09:10:27.021+0000][gc,cpu      ] GC(737) User=0.08s Sys=0.00s Real=0.13s
[2026-01-16T09:10:30.965+0000][gc,start    ] GC(738) Pause Young (Normal) (G1 Evacuation Pause)
[2026-01-16T09:10:30.966+0000][gc,task     ] GC(738) Using 8 workers of 8 for evacuation
[2026-01-16T09:10:31.259+0000][gc,mmu      ] GC(738) MMU target violated: 201.0ms (200.0ms/201.0ms)
[2026-01-16T09:10:31.262+0000][gc,phases   ] GC(738)   Pre Evacuate Collection Set: 9.5ms
[2026-01-16T09:10:31.263+0000][gc,phases   ] GC(738)   Merge Heap Roots: 0.5ms
[2026-01-16T09:10:31.263+0000][gc,phases   ] GC(738)   Evacuate Collection Set: 271.7ms
[2026-01-16T09:10:31.267+0000][gc,phases   ] GC(738)   Post Evacuate Collection Set: 9.7ms
[2026-01-16T09:10:31.268+0000][gc,phases   ] GC(738)   Other: 5.0ms
[2026-01-16T09:10:31.273+0000][gc,heap     ] GC(738) Eden regions: 82->0(49)
[2026-01-16T09:10:31.273+0000][gc,heap     ] GC(738) Survivor regions: 1->2(11)
[2026-01-16T09:10:31.275+0000][gc,heap     ] GC(738) Old regions: 257->257
[2026-01-16T09:10:31.276+0000][gc,heap     ] GC(738) Humongous regions: 94->94
[2026-01-16T09:10:31.280+0000][gc,metaspace] GC(738) Metaspace: 12751K(13184K)->12751K(13184K) NonClass: 11655K(11840K)->11655K(11840K) Class: 1096K(1344K)->1096K(1344K)
[2026-01-16T09:10:31.288+0000][gc          ] GC(738) Pause Young (Normal) (G1 Evacuation Pause) 433M->352M(1024M) 322.964ms
[2026-01-16T09:10:31.289+0000][gc,cpu      ] GC(738) User=0.28s Sys=0.03s Real=0.33s
[2026-01-16T09:10:39.353+0000][gc,start    ] GC(739) Pause Young (Normal) (G1 Evacuation Pause)
[2026-01-16T09:10:39.371+0000][gc,task     ] GC(739) Using 8 workers of 8 for evacuation
[2026-01-16T09:10:39.733+0000][gc,mmu      ] GC(739) MMU target violated: 201.0ms (200.0ms/201.0ms)
[2026-01-16T09:10:39.733+0000][gc,phases   ] GC(739)   Pre Evacuate Collection Set: 29.3ms
[2026-01-16T09:10:39.735+0000][gc,phases   ] GC(739)   Merge Heap Roots: 6.4ms
[2026-01-16T09:10:39.735+0000][gc,phases   ] GC(739)   Evacuate Collection Set: 293.9ms
[2026-01-16T09:10:39.736+0000][gc,phases   ] GC(739)   Post Evacuate Collection Set: 26.9ms
[2026-01-16T09:10:39.736+0000][gc,phases   ] GC(739)   Other: 6.8ms
[2026-01-16T09:10:39.737+0000][gc,heap     ] GC(739) Eden regions: 49->0(50)
[2026-01-16T09:10:39.737+0000][gc,heap     ] GC(739) Survivor regions: 2->1(7)
[2026-01-16T09:10:39.738+0000][gc,heap     ] GC(739) Old regions: 257->257
[2026-01-16T09:10:39.739+0000][gc,heap     ] GC(739) Humongous regions: 94->94
[2026-01-16T09:10:39.740+0000][gc,metaspace] GC(739) Metaspace: 12751K(13184K)->12751K(13184K) NonClass: 11655K(11840K)->11655K(11840K) Class: 1096K(1344K)->1096K(1344K)
[2026-01-16T09:10:39.741+0000][gc          ] GC(739) Pause Young (Normal) (G1 Evacuation Pause) 401M->351M(1024M) 387.852ms
[2026-01-16T09:10:39.745+0000][gc,cpu      ] GC(739) User=0.13s Sys=0.02s Real=0.39s
[2026-01-16T09:10:42.388+0000][gc,start    ] GC(740) Pause Young (Normal) (G1 Evacuation Pause)
[2026-01-16T09:10:42.391+0000][gc,task     ] GC(740) Using 8 workers of 8 for evacuation
[2026-01-16T09:10:42.558+0000][gc,phases   ] GC(740)   Pre Evacuate Collection Set: 20.2ms
[2026-01-16T09:10:42.567+0000][gc,phases   ] GC(740)   Merge Heap Roots: 3.7ms
[2026-01-16T09:10:42.568+0000][gc,phases   ] GC(740)   Evacuate Collection Set: 130.2ms
[2026-01-16T09:10:42.570+0000][gc,phases   ] GC(740)   Post Evacuate Collection Set: 8.9ms
[2026-01-16T09:10:42.571+0000][gc,phases   ] GC(740)   Other: 4.5ms
[2026-01-16T09:10:42.576+0000][gc,heap     ] GC(740) Eden regions: 50->0(49)
[2026-01-16T09:10:42.582+0000][gc,heap     ] GC(740) Survivor regions: 1->2(7)
[2026-01-16T09:10:42.582+0000][gc,heap     ] GC(740) Old regions: 257->257
[2026-01-16T09:10:42.583+0000][gc,heap     ] GC(740) Humongous regions: 94->94
[2026-01-16T09:10:42.584+0000][gc,metaspace] GC(740) Metaspace: 12751K(13184K)->12751K(13184K) NonClass: 11655K(11840K)->11655K(11840K) Class: 1096K(1344K)->1096K(1344K)
[2026-01-16T09:10:42.613+0000][gc          ] GC(740) Pause Young (Normal) (G1 Evacuation Pause) 401M->352M(1024M) 224.393ms
[2026-01-16T09:10:42.613+0000][gc,cpu      ] GC(740) User=0.07s Sys=0.00s Real=0.23s
[2026-01-16T09:10:48.630+0000][gc,start    ] GC(741) Pause Young (Normal) (G1 Evacuation Pause)
[2026-01-16T09:10:48.632+0000][gc,task     ] GC(741) Using 8 workers of 8 for evacuation
[2026-01-16T09:10:48.804+0000][gc,phases   ] GC(741)   Pre Evacuate Collection Set: 29.1ms
[2026-01-16T09:10:48.805+0000][gc,phases   ] GC(741)   Merge Heap Roots: 5.5ms
[2026-01-16T09:10:48.806+0000][gc,phases   ] GC(741)   Evacuate Collection Set: 115.9ms
[2026-01-16T09:10:48.808+0000][gc,phases   ] GC(741)   Post Evacuate Collection Set: 19.8ms
[2026-01-16T09:10:48.808+0000][gc,phases   ] GC(741)   Other: 2.6ms
[2026-01-16T09:10:48.809+0000][gc,heap     ] GC(741) Eden regions: 49->0(76)
[2026-01-16T09:10:48.810+0000][gc,heap     ] GC(741) Survivor regions: 2->1(7)
[2026-01-16T09:10:48.810+0000][gc,heap     ] GC(741) Old regions: 257->257
[2026-01-16T09:10:48.810+0000][gc,heap     ] GC(741) Humongous regions: 94->94
[2026-01-16T09:10:48.810+0000][gc,metaspace] GC(741) Metaspace: 12751K(13184K)->12751K(13184K) NonClass: 11655K(11840K)->11655K(11840K) Class: 1096K(1344K)->1096K(1344K)
[2026-01-16T09:10:48.815+0000][gc          ] GC(741) Pause Young (Normal) (G1 Evacuation Pause) 401M->351M(1024M) 185.385ms
[2026-01-16T09:10:48.815+0000][gc,cpu      ] GC(741) User=0.12s Sys=0.01s Real=0.18s
[2026-01-16T09:10:56.182+0000][gc,start    ] GC(742) Pause Young (Normal) (G1 Evacuation Pause)
[2026-01-16T09:10:56.200+0000][gc,task     ] GC(742) Using 8 workers of 8 for evacuation
[2026-01-16T09:10:56.592+0000][gc,mmu      ] GC(742) MMU target violated: 201.0ms (200.0ms/201.0ms)
[2026-01-16T09:10:56.594+0000][gc,phases   ] GC(742)   Pre Evacuate Collection Set: 59.0ms
[2026-01-16T09:10:56.596+0000][gc,phases   ] GC(742)   Merge Heap Roots: 5.0ms
[2026-01-16T09:10:56.597+0000][gc,phases   ] GC(742)   Evacuate Collection Set: 304.8ms
[2026-01-16T09:10:56.597+0000][gc,phases   ] GC(742)   Post Evacuate Collection Set: 18.9ms
[2026-01-16T09:10:56.601+0000][gc,phases   ] GC(742)   Other: 6.7ms
[2026-01-16T09:10:56.609+0000][gc,heap     ] GC(742) Eden regions: 81->0(49)
[2026-01-16T09:10:56.610+0000][gc,heap     ] GC(742) Survivor regions: 1->2(11)
[2026-01-16T09:10:56.611+0000][gc,heap     ] GC(742) Old regions: 257->257
[2026-01-16T09:10:56.612+0000][gc,heap     ] GC(742) Humongous regions: 94->94
[2026-01-16T09:10:56.613+0000][gc,metaspace] GC(742) Metaspace: 12751K(13184K)->12751K(13184K) NonClass: 11655K(11840K)->11655K(11840K) Class: 1096K(1344K)->1096K(1344K)
[2026-01-16T09:10:56.615+0000][gc          ] GC(742) Pause Young (Normal) (G1 Evacuation Pause) 432M->352M(1024M) 432.985ms
[2026-01-16T09:10:56.616+0000][gc,cpu      ] GC(742) User=0.20s Sys=0.01s Real=0.43s
[2026-01-16T09:10:58.721+0000][gc,start    ] GC(743) Pause Young (Normal) (G1 Evacuation Pause)
[2026-01-16T09:10:58.722+0000][gc,task     ] GC(743) Using 8 workers of 8 for evacuation
[2026-01-16T09:10:58.889+0000][gc,phases   ] GC(743)   Pre Evacuate Collection Set: 33.2ms
[2026-01-16T09:10:58.891+0000][gc,phases   ] GC(743)   Merge Heap Roots: 3.3ms
[2026-01-16T09:10:58.894+0000][gc,phases   ] GC(743)   Evacuate Collection Set: 117.0ms
[2026-01-16T09:10:58.897+0000][gc,phases   ] GC(743)   Post Evacuate Collection Set: 12.4ms
[2026-01-16T09:10:58.897+0000][gc,phases   ] GC(743)   Other: 0.8ms
[2026-01-16T09:10:58.897+0000][gc,heap     ] GC(743) Eden regions: 49->0(51)
[2026-01-16T09:10:58.898+0000][gc,heap     ] GC(743) Survivor regions: 2->1(7)
[2026-01-16T09:10:58.898+0000][gc,heap     ] GC(743) Old regions: 257->257
[2026-01-16T09:10:58.900+0000][gc,heap     ] GC(743) Humongous regions: 94->94
[2026-01-16T09:10:58.900+0000][gc,metaspace] GC(743) Metaspace: 12751K(13184K)->12751K(13184K) NonClass: 11655K(11840K)->11655K(11840K) Class: 1096K(1344K)->1096K(1344K)
[2026-01-16T09:10:58.902+0000][gc          ] GC(743) Pause Young (Normal) (G1 Evacuation Pause) 401M->351M(1024M) 181.477ms
[2026-01-16T09:10:58.903+0000][gc,cpu      ] GC(743) User=0.06s Sys=0.00s Real=0.18s
[2026-01-16T09:11:05.349+0000][gc,start    ] GC(744) Pause Young (Normal) (G1 Evacuation Pause)
[2026-01-16T09:11:05.352+0000][gc,task     ] GC(744) Using 8 workers of 8 for evacuation
[2026-01-16T09:11:05.535+0000][gc,phases   ] GC(744)   Pre Evacuate Collection Set: 42.2ms
[2026-01-16T09:11:05.538+0000][gc,phases   ] GC(744)   Merge Heap Roots: 0.8ms
[2026-01-16T09:11:05.541+0000][gc,phases   ] GC(744)   Evacuate Collection Set: 112.2ms
[2026-01-16T09:11:05.543+0000][gc,phases   ] GC(744)   Post Evacuate Collection Set: 24.4ms
[2026-01-16T09:11:05.544+0000][gc,phases   ] GC(744)   Other: 3.0ms
[2026-01-16T09:11:05.544+0000][gc,heap     ] GC(744) Eden regions: 60->0(49)
[2026-01-16T09:11:05.545+0000][gc,heap     ] GC(744) Survivor regions: 1->2(8)
[2026-01-16T09:11:05.545+0000][gc,heap     ] GC(744) Old regions: 257->257
[2026-01-16T09:11:05.545+0000][gc,heap     ] GC(744) Humongous regions: 94->94
[2026-01-16T09:11:05.546+0000][gc,metaspace] GC(744) Metaspace: 12751K(13184K)->12751K(13184K) NonClass: 11655K(11840K)->11655K(11840K) Class: 1096K(1344K)->1096K(1344K)
[2026-01-16T09:11:05.547+0000][gc          ] GC(744) Pause Young (Normal) (G1 Evacuation Pause) 411M->352M(1024M) 198.219ms
[2026-01-16T09:11:05.550+0000][gc,cpu      ] GC(744) User=0.17s Sys=0.01s Real=0.20s
[2026-01-16T09:11:07.100+0000][gc,start    ] GC(745) Pause Young (Normal) (G1 Evacuation Pause)
[2026-01-16T09:11:07.101+0000][gc,task     ] GC(745) Using 8 workers of 8 for evacuation
[2026-01-16T09:11:07.231+0000][gc,phases   ] GC(745)   Pre Evacuate Collection Set: 26.9ms
[2026-01-16T09:11:07.235+0000][gc,phases   ] GC(745)   Merge Heap Roots: 3.7ms
[2026-01-16T09:11:07.235+0000][gc,phases   ] GC(745)   Evacuate Collection Set: 84.8ms
[2026-01-16T09:11:07.236+0000][gc,phases   ] GC(745)   Post Evacuate Collection Set: 11.9ms
[2026-01-16T09:11:07.236+0000][gc,phases   ] GC(745)   Other: 0.9ms
[2026-01-16T09:11:07.244+0000][gc,heap     ] GC(745) Eden regions: 49->0(98)
[2026-01-16T09:11:07.245+0000][gc,heap     ] GC(745) Survivor regions: 2->1(7)
[2026-01-16T09:11:07.245+0000][gc,heap     ] GC(745) Old regions: 257->257
[2026-01-16T09:11:07.245+0000][gc,heap     ] GC(745) Humongous regions: 94->94
[2026-01-16T09:11:07.245+0000][gc,metaspace] GC(745) Metaspace: 12751K(13184K)->12751K(13184K) NonClass: 11655K(11840K)->11655K(11840K) Class: 1096K(1344K)->1096K(1344K)
[2026-01-16T09:11:07.246+0000][gc          ] GC(745) Pause Young (Normal) (G1 Evacuation Pause) 401M->351M(1024M) 145.846ms
[2026-01-16T09:11:07.246+0000][gc,cpu      ] GC(745) User=0.05s Sys=0.00s Real=0.15s
[2026-01-16T09:11:17.604+0000][gc,start    ] GC(746) Pause Young (Normal) (G1 Evacuation Pause)
[2026-01-16T09:11:17.609+0000][gc,task     ] GC(746) Using 8 workers of 8 for evacuation
[2026-01-16T09:11:17.805+0000][gc,phases   ] GC(746)   Pre Evacuate Collection Set: 25.1ms
[2026-01-16T09:11:17.806+0000][gc,phases   ] GC(746)   Merge Heap Roots: 3.0ms
[2026-01-16T09:11:17.807+0000][gc,phases   ] GC(746)   Evacuate Collection Set: 149.9ms
[2026-01-16T09:11:17.807+0000][gc,phases   ] GC(746)   Post Evacuate Collection Set: 14.9ms
[2026-01-16T09:11:17.807+0000][gc,phases   ] GC(746)   Other: 4.4ms
[2026-01-16T09:11:17.807+0000][gc,heap     ] GC(746) Eden regions: 103->0(156)
[2026-01-16T09:11:17.808+0000][gc,heap     ] GC(746) Survivor regions: 1->1(13)
[2026-01-16T09:11:17.809+0000][gc,heap     ] GC(746) Old regions: 257->257
[2026-01-16T09:11:17.810+0000][gc,heap     ] GC(746) Humongous regions: 94->94
[2026-01-16T09:11:17.810+0000][gc,metaspace] GC(746) Metaspace: 12751K(13184K)->12751K(13184K) NonClass: 11655K(11840K)->11655K(11840K) Class: 1096K(1344K)->1096K(1344K)
[2026-01-16T09:11:17.811+0000][gc          ] GC(746) Pause Young (Normal) (G1 Evacuation Pause) 454M->351M(1024M) 206.770ms
[2026-01-16T09:11:17.811+0000][gc,cpu      ] GC(746) User=0.14s Sys=0.01s Real=0.20s
[2026-01-16T09:11:28.065+0000][gc,start    ] GC(747) Pause Young (Normal) (G1 Evacuation Pause)
[2026-01-16T09:11:28.069+0000][gc,task     ] GC(747) Using 8 workers of 8 for evacuation
[2026-01-16T09:11:28.899+0000][gc,mmu      ] GC(747) MMU target violated: 201.0ms (200.0ms/201.0ms)
[2026-01-16T09:11:28.901+0000][gc,phases   ] GC(747)   Pre Evacuate Collection Set: 60.4ms
[2026-01-16T09:11:28.902+0000][gc,phases   ] GC(747)   Merge Heap Roots: 18.5ms
[2026-01-16T09:11:28.902+0000][gc,phases   ] GC(747)   Evacuate Collection Set: 703.5ms
[2026-01-16T09:11:28.902+0000][gc,phases   ] GC(747)   Post Evacuate Collection Set: 31.9ms
[2026-01-16T09:11:28.903+0000][gc,phases   ] GC(747)   Other: 20.4ms
[2026-01-16T09:11:28.903+0000][gc,heap     ] GC(747) Eden regions: 90->0(49)
[2026-01-16T09:11:28.904+0000][gc,heap     ] GC(747) Survivor regions: 1->2(12)
[2026-01-16T09:11:28.907+0000][gc,heap     ] GC(747) Old regions: 257->257
[2026-01-16T09:11:28.909+0000][gc,heap     ] GC(747) Humongous regions: 94->94
[2026-01-16T09:11:28.909+0000][gc,metaspace] GC(747) Metaspace: 12751K(13184K)->12751K(13184K) NonClass: 11655K(11840K)->11655K(11840K) Class: 1096K(1344K)->1096K(1344K)
[2026-01-16T09:11:28.910+0000][gc          ] GC(747) Pause Young (Normal) (G1 Evacuation Pause) 441M->352M(1024M) 845.449ms
[2026-01-16T09:11:28.912+0000][gc,cpu      ] GC(747) User=0.54s Sys=0.04s Real=0.85s
[2026-01-16T09:11:32.171+0000][gc,start    ] GC(748) Pause Young (Normal) (G1 Evacuation Pause)
[2026-01-16T09:11:32.176+0000][gc,task     ] GC(748) Using 8 workers of 8 for evacuation
[2026-01-16T09:11:32.488+0000][gc,mmu      ] GC(748) MMU target violated: 201.0ms (200.0ms/201.0ms)
[2026-01-16T09:11:32.491+0000][gc,phases   ] GC(748)   Pre Evacuate Collection Set: 12.0ms
[2026-01-16T09:11:32.512+0000][gc,phases   ] GC(748)   Merge Heap Roots: 5.8ms
[2026-01-16T09:11:32.514+0000][gc,phases   ] GC(748)   Evacuate Collection Set: 230.7ms
[2026-01-16T09:11:32.516+0000][gc,phases   ] GC(748)   Post Evacuate Collection Set: 58.8ms
[2026-01-16T09:11:32.518+0000][gc,phases   ] GC(748)   Other: 7.9ms
[2026-01-16T09:11:32.518+0000][gc,heap     ] GC(748) Eden regions: 49->0(50)
[2026-01-16T09:11:32.518+0000][gc,heap     ] GC(748) Survivor regions: 2->1(7)
[2026-01-16T09:11:32.519+0000][gc,heap     ] GC(748) Old regions: 257->258
[2026-01-16T09:11:32.519+0000][gc,heap     ] GC(748) Humongous regions: 94->94
[2026-01-16T09:11:32.520+0000][gc,metaspace] GC(748) Metaspace: 12753K(13184K)->12753K(13184K) NonClass: 11657K(11840K)->11657K(11840K) Class: 1096K(1344K)->1096K(1344K)
[2026-01-16T09:11:32.520+0000][gc          ] GC(748) Pause Young (Normal) (G1 Evacuation Pause) 401M->351M(1024M) 349.063ms
[2026-01-16T09:11:32.521+0000][gc,cpu      ] GC(748) User=0.14s Sys=0.00s Real=0.35s
[2026-01-16T09:11:36.904+0000][gc,start    ] GC(749) Pause Young (Normal) (G1 Evacuation Pause)
[2026-01-16T09:11:36.915+0000][gc,task     ] GC(749) Using 8 workers of 8 for evacuation
[2026-01-16T09:11:37.346+0000][gc,mmu      ] GC(749) MMU target violated: 201.0ms (200.0ms/201.0ms)
[2026-01-16T09:11:37.347+0000][gc,phases   ] GC(749)   Pre Evacuate Collection Set: 25.0ms
[2026-01-16T09:11:37.347+0000][gc,phases   ] GC(749)   Merge Heap Roots: 13.9ms
[2026-01-16T09:11:37.349+0000][gc,phases   ] GC(749)   Evacuate Collection Set: 346.3ms
[2026-01-16T09:11:37.352+0000][gc,phases   ] GC(749)   Post Evacuate Collection Set: 43.8ms
[2026-01-16T09:11:37.357+0000][gc,phases   ] GC(749)   Other: 3.5ms
[2026-01-16T09:11:37.358+0000][gc,heap     ] GC(749) Eden regions: 50->0(49)
[2026-01-16T09:11:37.359+0000][gc,heap     ] GC(749) Survivor regions: 1->2(7)
[2026-01-16T09:11:37.360+0000][gc,heap     ] GC(749) Old regions: 258->258
[2026-01-16T09:11:37.360+0000][gc,heap     ] GC(749) Humongous regions: 94->94
[2026-01-16T09:11:37.364+0000][gc,metaspace] GC(749) Metaspace: 12754K(13184K)->12754K(13184K) NonClass: 11658K(11840K)->11658K(11840K) Class: 1096K(1344K)->1096K(1344K)
[2026-01-16T09:11:37.365+0000][gc          ] GC(749) Pause Young (Normal) (G1 Evacuation Pause) 401M->352M(1024M) 460.981ms
[2026-01-16T09:11:37.367+0000][gc,cpu      ] GC(749) User=0.19s Sys=0.01s Real=0.46s
[2026-01-16T09:11:39.338+0000][gc,start    ] GC(750) Pause Young (Normal) (G1 Evacuation Pause)
[2026-01-16T09:11:39.340+0000][gc,task     ] GC(750) Using 8 workers of 8 for evacuation
[2026-01-16T09:11:39.454+0000][gc,phases   ] GC(750)   Pre Evacuate Collection Set: 21.3ms
[2026-01-16T09:11:39.455+0000][gc,phases   ] GC(750)   Merge Heap Roots: 0.5ms
[2026-01-16T09:11:39.455+0000][gc,phases   ] GC(750)   Evacuate Collection Set: 67.7ms
[2026-01-16T09:11:39.455+0000][gc,phases   ] GC(750)   Post Evacuate Collection Set: 23.6ms
[2026-01-16T09:11:39.455+0000][gc,phases   ] GC(750)   Other: 1.0ms
[2026-01-16T09:11:39.456+0000][gc,heap     ] GC(750) Eden regions: 49->0(50)
[2026-01-16T09:11:39.456+0000][gc,heap     ] GC(750) Survivor regions: 2->1(7)
[2026-01-16T09:11:39.456+0000][gc,heap     ] GC(750) Old regions: 258->258
[2026-01-16T09:11:39.456+0000][gc,heap     ] GC(750) Humongous regions: 94->94
[2026-01-16T09:11:39.456+0000][gc,metaspace] GC(750) Metaspace: 12754K(13184K)->12754K(13184K) NonClass: 11658K(11840K)->11658K(11840K) Class: 1096K(1344K)->1096K(1344K)
[2026-01-16T09:11:39.457+0000][gc          ] GC(750) Pause Young (Normal) (G1 Evacuation Pause) 401M->351M(1024M) 118.464ms
[2026-01-16T09:11:39.457+0000][gc,cpu      ] GC(750) User=0.08s Sys=0.01s Real=0.12s
[2026-01-16T09:11:42.825+0000][gc,start    ] GC(751) Pause Young (Normal) (G1 Evacuation Pause)
[2026-01-16T09:11:42.828+0000][gc,task     ] GC(751) Using 8 workers of 8 for evacuation
[2026-01-16T09:11:42.987+0000][gc,phases   ] GC(751)   Pre Evacuate Collection Set: 11.3ms
[2026-01-16T09:11:42.989+0000][gc,phases   ] GC(751)   Merge Heap Roots: 2.1ms
[2026-01-16T09:11:42.991+0000][gc,phases   ] GC(751)   Evacuate Collection Set: 92.5ms
[2026-01-16T09:11:42.995+0000][gc,phases   ] GC(751)   Post Evacuate Collection Set: 51.9ms
[2026-01-16T09:11:42.999+0000][gc,phases   ] GC(751)   Other: 2.5ms
[2026-01-16T09:11:43.000+0000][gc,heap     ] GC(751) Eden regions: 50->0(49)
[2026-01-16T09:11:43.001+0000][gc,heap     ] GC(751) Survivor regions: 1->2(7)
[2026-01-16T09:11:43.003+0000][gc,heap     ] GC(751) Old regions: 258->258
[2026-01-16T09:11:43.005+0000][gc,heap     ] GC(751) Humongous regions: 94->94
[2026-01-16T09:11:43.008+0000][gc,metaspace] GC(751) Metaspace: 12754K(13184K)->12754K(13184K) NonClass: 11658K(11840K)->11658K(11840K) Class: 1096K(1344K)->1096K(1344K)
[2026-01-16T09:11:43.010+0000][gc          ] GC(751) Pause Young (Normal) (G1 Evacuation Pause) 401M->352M(1024M) 185.193ms
[2026-01-16T09:11:43.013+0000][gc,cpu      ] GC(751) User=0.12s Sys=0.01s Real=0.19s
[2026-01-16T09:11:47.126+0000][gc,start    ] GC(752) Pause Young (Normal) (G1 Evacuation Pause)
[2026-01-16T09:11:47.129+0000][gc,task     ] GC(752) Using 8 workers of 8 for evacuation
[2026-01-16T09:11:47.343+0000][gc,mmu      ] GC(752) MMU target violated: 201.0ms (200.0ms/201.0ms)
[2026-01-16T09:11:47.345+0000][gc,phases   ] GC(752)   Pre Evacuate Collection Set: 34.9ms
[2026-01-16T09:11:47.347+0000][gc,phases   ] GC(752)   Merge Heap Roots: 9.0ms
[2026-01-16T09:11:47.348+0000][gc,phases   ] GC(752)   Evacuate Collection Set: 150.3ms
[2026-01-16T09:11:47.348+0000][gc,phases   ] GC(752)   Post Evacuate Collection Set: 16.8ms
[2026-01-16T09:11:47.349+0000][gc,phases   ] GC(752)   Other: 4.5ms
[2026-01-16T09:11:47.350+0000][gc,heap     ] GC(752) Eden regions: 49->0(50)
[2026-01-16T09:11:47.351+0000][gc,heap     ] GC(752) Survivor regions: 2->1(7)
[2026-01-16T09:11:47.353+0000][gc,heap     ] GC(752) Old regions: 258->258
[2026-01-16T09:11:47.353+0000][gc,heap     ] GC(752) Humongous regions: 94->94
[2026-01-16T09:11:47.353+0000][gc,metaspace] GC(752) Metaspace: 12762K(13184K)->12762K(13184K) NonClass: 11666K(11840K)->11666K(11840K) Class: 1096K(1344K)->1096K(1344K)
[2026-01-16T09:11:47.357+0000][gc          ] GC(752) Pause Young (Normal) (G1 Evacuation Pause) 401M->351M(1024M) 231.117ms
[2026-01-16T09:11:47.358+0000][gc,cpu      ] GC(752) User=0.11s Sys=0.00s Real=0.23s
[2026-01-16T09:11:49.515+0000][gc,start    ] GC(753) Pause Young (Normal) (G1 Evacuation Pause)
[2026-01-16T09:11:49.518+0000][gc,task     ] GC(753) Using 8 workers of 8 for evacuation
[2026-01-16T09:11:49.648+0000][gc,phases   ] GC(753)   Pre Evacuate Collection Set: 13.3ms
[2026-01-16T09:11:49.649+0000][gc,phases   ] GC(753)   Merge Heap Roots: 1.0ms
[2026-01-16T09:11:49.651+0000][gc,phases   ] GC(753)   Evacuate Collection Set: 106.1ms
[2026-01-16T09:11:49.652+0000][gc,phases   ] GC(753)   Post Evacuate Collection Set: 7.3ms
[2026-01-16T09:11:49.652+0000][gc,phases   ] GC(753)   Other: 2.9ms
[2026-01-16T09:11:49.653+0000][gc,heap     ] GC(753) Eden regions: 50->0(49)
[2026-01-16T09:11:49.653+0000][gc,heap     ] GC(753) Survivor regions: 1->2(7)
[2026-01-16T09:11:49.655+0000][gc,heap     ] GC(753) Old regions: 258->258
[2026-01-16T09:11:49.656+0000][gc,heap     ] GC(753) Humongous regions: 94->94
[2026-01-16T09:11:49.657+0000][gc,metaspace] GC(753) Metaspace: 12762K(13184K)->12762K(13184K) NonClass: 11666K(11840K)->11666K(11840K) Class: 1096K(1344K)->1096K(1344K)
[2026-01-16T09:11:49.659+0000][gc          ] GC(753) Pause Young (Normal) (G1 Evacuation Pause) 401M->352M(1024M) 144.169ms
[2026-01-16T09:11:49.660+0000][gc,cpu      ] GC(753) User=0.08s Sys=0.00s Real=0.14s
[2026-01-16T09:11:56.164+0000][gc,start    ] GC(754) Pause Young (Normal) (G1 Evacuation Pause)
[2026-01-16T09:11:56.171+0000][gc,task     ] GC(754) Using 8 workers of 8 for evacuation
[2026-01-16T09:11:56.636+0000][gc,mmu      ] GC(754) MMU target violated: 201.0ms (200.0ms/201.0ms)
[2026-01-16T09:11:56.638+0000][gc,phases   ] GC(754)   Pre Evacuate Collection Set: 52.3ms
[2026-01-16T09:11:56.638+0000][gc,phases   ] GC(754)   Merge Heap Roots: 10.1ms
[2026-01-16T09:11:56.640+0000][gc,phases   ] GC(754)   Evacuate Collection Set: 321.3ms
[2026-01-16T09:11:56.648+0000][gc,phases   ] GC(754)   Post Evacuate Collection Set: 77.7ms
[2026-01-16T09:11:56.648+0000][gc,phases   ] GC(754)   Other: 5.4ms
[2026-01-16T09:11:56.649+0000][gc,heap     ] GC(754) Eden regions: 49->0(50)
[2026-01-16T09:11:56.649+0000][gc,heap     ] GC(754) Survivor regions: 2->1(7)
[2026-01-16T09:11:56.650+0000][gc,heap     ] GC(754) Old regions: 258->258
[2026-01-16T09:11:56.650+0000][gc,heap     ] GC(754) Humongous regions: 94->94
[2026-01-16T09:11:56.650+0000][gc,metaspace] GC(754) Metaspace: 12762K(13184K)->12762K(13184K) NonClass: 11666K(11840K)->11666K(11840K) Class: 1096K(1344K)->1096K(1344K)
[2026-01-16T09:11:56.652+0000][gc          ] GC(754) Pause Young (Normal) (G1 Evacuation Pause) 401M->351M(1024M) 487.550ms
[2026-01-16T09:11:56.653+0000][gc,cpu      ] GC(754) User=0.19s Sys=0.00s Real=0.49s
[2026-01-16T09:11:59.392+0000][gc,start    ] GC(755) Pause Young (Normal) (G1 Evacuation Pause)
[2026-01-16T09:11:59.394+0000][gc,task     ] GC(755) Using 8 workers of 8 for evacuation
[2026-01-16T09:11:59.500+0000][gc,phases   ] GC(755)   Pre Evacuate Collection Set: 16.1ms
[2026-01-16T09:11:59.519+0000][gc,phases   ] GC(755)   Merge Heap Roots: 0.9ms
[2026-01-16T09:11:59.519+0000][gc,phases   ] GC(755)   Evacuate Collection Set: 79.8ms
[2026-01-16T09:11:59.519+0000][gc,phases   ] GC(755)   Post Evacuate Collection Set: 5.8ms
[2026-01-16T09:11:59.519+0000][gc,phases   ] GC(755)   Other: 4.0ms
[2026-01-16T09:11:59.519+0000][gc,heap     ] GC(755) Eden regions: 50->0(50)
[2026-01-16T09:11:59.520+0000][gc,heap     ] GC(755) Survivor regions: 1->1(7)
[2026-01-16T09:11:59.520+0000][gc,heap     ] GC(755) Old regions: 258->258
[2026-01-16T09:11:59.520+0000][gc,heap     ] GC(755) Humongous regions: 94->94
[2026-01-16T09:11:59.520+0000][gc,metaspace] GC(755) Metaspace: 12762K(13184K)->12762K(13184K) NonClass: 11666K(11840K)->11666K(11840K) Class: 1096K(1344K)->1096K(1344K)
[2026-01-16T09:11:59.520+0000][gc          ] GC(755) Pause Young (Normal) (G1 Evacuation Pause) 401M->351M(1024M) 128.057ms
[2026-01-16T09:11:59.520+0000][gc,cpu      ] GC(755) User=0.08s Sys=0.01s Real=0.12s
[2026-01-16T09:12:02.303+0000][gc,start    ] GC(756) Pause Young (Normal) (G1 Evacuation Pause)
[2026-01-16T09:12:02.313+0000][gc,task     ] GC(756) Using 8 workers of 8 for evacuation
[2026-01-16T09:12:02.665+0000][gc,mmu      ] GC(756) MMU target violated: 201.0ms (200.0ms/201.0ms)
[2026-01-16T09:12:02.666+0000][gc,phases   ] GC(756)   Pre Evacuate Collection Set: 21.3ms
[2026-01-16T09:12:02.674+0000][gc,phases   ] GC(756)   Merge Heap Roots: 0.4ms
[2026-01-16T09:12:02.675+0000][gc,phases   ] GC(756)   Evacuate Collection Set: 294.3ms
[2026-01-16T09:12:02.677+0000][gc,phases   ] GC(756)   Post Evacuate Collection Set: 26.3ms
[2026-01-16T09:12:02.679+0000][gc,phases   ] GC(756)   Other: 10.6ms
[2026-01-16T09:12:02.683+0000][gc,heap     ] GC(756) Eden regions: 50->0(49)
[2026-01-16T09:12:02.684+0000][gc,heap     ] GC(756) Survivor regions: 1->2(7)
[2026-01-16T09:12:02.684+0000][gc,heap     ] GC(756) Old regions: 258->258
[2026-01-16T09:12:02.685+0000][gc,heap     ] GC(756) Humongous regions: 94->94
[2026-01-16T09:12:02.686+0000][gc,metaspace] GC(756) Metaspace: 12762K(13184K)->12762K(13184K) NonClass: 11666K(11840K)->11666K(11840K) Class: 1096K(1344K)->1096K(1344K)
[2026-01-16T09:12:02.687+0000][gc          ] GC(756) Pause Young (Normal) (G1 Evacuation Pause) 401M->352M(1024M) 383.210ms
[2026-01-16T09:12:02.690+0000][gc,cpu      ] GC(756) User=0.12s Sys=0.01s Real=0.38s
[2026-01-16T09:12:08.186+0000][gc,start    ] GC(757) Pause Young (Normal) (G1 Evacuation Pause)
[2026-01-16T09:12:08.188+0000][gc,task     ] GC(757) Using 8 workers of 8 for evacuation
[2026-01-16T09:12:08.294+0000][gc,phases   ] GC(757)   Pre Evacuate Collection Set: 16.4ms
[2026-01-16T09:12:08.294+0000][gc,phases   ] GC(757)   Merge Heap Roots: 2.9ms
[2026-01-16T09:12:08.295+0000][gc,phases   ] GC(757)   Evacuate Collection Set: 73.7ms
[2026-01-16T09:12:08.296+0000][gc,phases   ] GC(757)   Post Evacuate Collection Set: 9.6ms
[2026-01-16T09:12:08.296+0000][gc,phases   ] GC(757)   Other: 2.8ms
[2026-01-16T09:12:08.298+0000][gc,heap     ] GC(757) Eden regions: 49->0(50)
[2026-01-16T09:12:08.298+0000][gc,heap     ] GC(757) Survivor regions: 2->1(7)
[2026-01-16T09:12:08.299+0000][gc,heap     ] GC(757) Old regions: 258->258
[2026-01-16T09:12:08.300+0000][gc,heap     ] GC(757) Humongous regions: 94->94
[2026-01-16T09:12:08.300+0000][gc,metaspace] GC(757) Metaspace: 12762K(13184K)->12762K(13184K) NonClass: 11666K(11840K)->11666K(11840K) Class: 1096K(1344K)->1096K(1344K)
[2026-01-16T09:12:08.301+0000][gc          ] GC(757) Pause Young (Normal) (G1 Evacuation Pause) 401M->351M(1024M) 115.436ms
[2026-01-16T09:12:08.303+0000][gc,cpu      ] GC(757) User=0.10s Sys=0.01s Real=0.11s
[2026-01-16T09:12:10.646+0000][gc,start    ] GC(758) Pause Young (Normal) (G1 Evacuation Pause)
[2026-01-16T09:12:10.650+0000][gc,task     ] GC(758) Using 8 workers of 8 for evacuation
[2026-01-16T09:12:10.905+0000][gc,mmu      ] GC(758) MMU target violated: 201.0ms (200.0ms/201.0ms)
[2026-01-16T09:12:10.906+0000][gc,phases   ] GC(758)   Pre Evacuate Collection Set: 28.0ms
[2026-01-16T09:12:10.917+0000][gc,phases   ] GC(758)   Merge Heap Roots: 3.2ms
[2026-01-16T09:12:10.922+0000][gc,phases   ] GC(758)   Evacuate Collection Set: 207.1ms
[2026-01-16T09:12:10.928+0000][gc,phases   ] GC(758)   Post Evacuate Collection Set: 7.2ms
[2026-01-16T09:12:10.929+0000][gc,phases   ] GC(758)   Other: 11.0ms
[2026-01-16T09:12:10.939+0000][gc,heap     ] GC(758) Eden regions: 50->0(49)
[2026-01-16T09:12:10.944+0000][gc,heap     ] GC(758) Survivor regions: 1->2(7)
[2026-01-16T09:12:10.945+0000][gc,heap     ] GC(758) Old regions: 258->258
[2026-01-16T09:12:10.963+0000][gc,heap     ] GC(758) Humongous regions: 94->94
[2026-01-16T09:12:10.968+0000][gc,metaspace] GC(758) Metaspace: 12762K(13184K)->12762K(13184K) NonClass: 11666K(11840K)->11666K(11840K) Class: 1096K(1344K)->1096K(1344K)
[2026-01-16T09:12:10.973+0000][gc          ] GC(758) Pause Young (Normal) (G1 Evacuation Pause) 401M->352M(1024M) 326.969ms
[2026-01-16T09:12:10.981+0000][gc,cpu      ] GC(758) User=0.11s Sys=0.02s Real=0.33s
[2026-01-16T09:12:17.098+0000][gc,start    ] GC(759) Pause Young (Normal) (G1 Evacuation Pause)
[2026-01-16T09:12:17.102+0000][gc,task     ] GC(759) Using 8 workers of 8 for evacuation
[2026-01-16T09:12:17.246+0000][gc,phases   ] GC(759)   Pre Evacuate Collection Set: 22.5ms
[2026-01-16T09:12:17.246+0000][gc,phases   ] GC(759)   Merge Heap Roots: 2.3ms
[2026-01-16T09:12:17.246+0000][gc,phases   ] GC(759)   Evacuate Collection Set: 102.9ms
[2026-01-16T09:12:17.246+0000][gc,phases   ] GC(759)   Post Evacuate Collection Set: 13.2ms
[2026-01-16T09:12:17.247+0000][gc,phases   ] GC(759)   Other: 2.9ms
[2026-01-16T09:12:17.248+0000][gc,heap     ] GC(759) Eden regions: 49->0(69)
[2026-01-16T09:12:17.249+0000][gc,heap     ] GC(759) Survivor regions: 2->1(7)
[2026-01-16T09:12:17.249+0000][gc,heap     ] GC(759) Old regions: 258->258
[2026-01-16T09:12:17.250+0000][gc,heap     ] GC(759) Humongous regions: 94->94
[2026-01-16T09:12:17.250+0000][gc,metaspace] GC(759) Metaspace: 12762K(13184K)->12762K(13184K) NonClass: 11666K(11840K)->11666K(11840K) Class: 1096K(1344K)->1096K(1344K)
[2026-01-16T09:12:17.252+0000][gc          ] GC(759) Pause Young (Normal) (G1 Evacuation Pause) 401M->351M(1024M) 154.571ms
[2026-01-16T09:12:17.253+0000][gc,cpu      ] GC(759) User=0.11s Sys=0.00s Real=0.15s
[2026-01-16T09:12:21.149+0000][gc,start    ] GC(760) Pause Young (Normal) (G1 Evacuation Pause)
[2026-01-16T09:12:21.153+0000][gc,task     ] GC(760) Using 8 workers of 8 for evacuation
[2026-01-16T09:12:21.430+0000][gc,mmu      ] GC(760) MMU target violated: 201.0ms (200.0ms/201.0ms)
[2026-01-16T09:12:21.433+0000][gc,phases   ] GC(760)   Pre Evacuate Collection Set: 22.4ms
[2026-01-16T09:12:21.444+0000][gc,phases   ] GC(760)   Merge Heap Roots: 0.4ms
[2026-01-16T09:12:21.444+0000][gc,phases   ] GC(760)   Evacuate Collection Set: 248.2ms
[2026-01-16T09:12:21.445+0000][gc,phases   ] GC(760)   Post Evacuate Collection Set: 4.0ms
[2026-01-16T09:12:21.445+0000][gc,phases   ] GC(760)   Other: 5.4ms
[2026-01-16T09:12:21.445+0000][gc,heap     ] GC(760) Eden regions: 64->0(49)
[2026-01-16T09:12:21.445+0000][gc,heap     ] GC(760) Survivor regions: 1->2(9)
[2026-01-16T09:12:21.445+0000][gc,heap     ] GC(760) Old regions: 258->258
[2026-01-16T09:12:21.445+0000][gc,heap     ] GC(760) Humongous regions: 94->94
[2026-01-16T09:12:21.445+0000][gc,metaspace] GC(760) Metaspace: 12762K(13184K)->12762K(13184K) NonClass: 11666K(11840K)->11666K(11840K) Class: 1096K(1344K)->1096K(1344K)
[2026-01-16T09:12:21.446+0000][gc          ] GC(760) Pause Young (Normal) (G1 Evacuation Pause) 415M->352M(1024M) 296.898ms
[2026-01-16T09:12:21.446+0000][gc,cpu      ] GC(760) User=0.12s Sys=0.01s Real=0.30s
[2026-01-16T09:12:27.686+0000][gc,start    ] GC(761) Pause Young (Normal) (G1 Evacuation Pause)
[2026-01-16T09:12:27.692+0000][gc,task     ] GC(761) Using 8 workers of 8 for evacuation
[2026-01-16T09:12:28.329+0000][gc,mmu      ] GC(761) MMU target violated: 201.0ms (200.0ms/201.0ms)
[2026-01-16T09:12:28.331+0000][gc,phases   ] GC(761)   Pre Evacuate Collection Set: 88.9ms
[2026-01-16T09:12:28.334+0000][gc,phases   ] GC(761)   Merge Heap Roots: 21.4ms
[2026-01-16T09:12:28.337+0000][gc,phases   ] GC(761)   Evacuate Collection Set: 425.5ms
[2026-01-16T09:12:28.339+0000][gc,phases   ] GC(761)   Post Evacuate Collection Set: 81.8ms
[2026-01-16T09:12:28.341+0000][gc,phases   ] GC(761)   Other: 22.0ms
[2026-01-16T09:12:28.342+0000][gc,heap     ] GC(761) Eden regions: 49->0(50)
[2026-01-16T09:12:28.344+0000][gc,heap     ] GC(761) Survivor regions: 2->1(7)
[2026-01-16T09:12:28.345+0000][gc,heap     ] GC(761) Old regions: 258->258
[2026-01-16T09:12:28.346+0000][gc,heap     ] GC(761) Humongous regions: 94->94
[2026-01-16T09:12:28.348+0000][gc,metaspace] GC(761) Metaspace: 12768K(13248K)->12768K(13248K) NonClass: 11672K(11904K)->11672K(11904K) Class: 1096K(1344K)->1096K(1344K)
[2026-01-16T09:12:28.353+0000][gc          ] GC(761) Pause Young (Normal) (G1 Evacuation Pause) 401M->351M(1024M) 666.568ms
[2026-01-16T09:12:28.358+0000][gc,cpu      ] GC(761) User=0.20s Sys=0.02s Real=0.67s
[2026-01-16T09:12:33.095+0000][gc,start    ] GC(762) Pause Young (Normal) (G1 Evacuation Pause)
[2026-01-16T09:12:33.113+0000][gc,task     ] GC(762) Using 8 workers of 8 for evacuation
[2026-01-16T09:12:33.417+0000][gc,mmu      ] GC(762) MMU target violated: 201.0ms (200.0ms/201.0ms)
[2026-01-16T09:12:33.418+0000][gc,phases   ] GC(762)   Pre Evacuate Collection Set: 37.4ms
[2026-01-16T09:12:33.419+0000][gc,phases   ] GC(762)   Merge Heap Roots: 12.4ms
[2026-01-16T09:12:33.419+0000][gc,phases   ] GC(762)   Evacuate Collection Set: 220.6ms
[2026-01-16T09:12:33.424+0000][gc,phases   ] GC(762)   Post Evacuate Collection Set: 30.5ms
[2026-01-16T09:12:33.426+0000][gc,phases   ] GC(762)   Other: 4.2ms
[2026-01-16T09:12:33.427+0000][gc,heap     ] GC(762) Eden regions: 50->0(49)
[2026-01-16T09:12:33.427+0000][gc,heap     ] GC(762) Survivor regions: 1->2(7)
[2026-01-16T09:12:33.427+0000][gc,heap     ] GC(762) Old regions: 258->258
[2026-01-16T09:12:33.428+0000][gc,heap     ] GC(762) Humongous regions: 94->94
[2026-01-16T09:12:33.428+0000][gc,metaspace] GC(762) Metaspace: 12768K(13248K)->12768K(13248K) NonClass: 11672K(11904K)->11672K(11904K) Class: 1096K(1344K)->1096K(1344K)
[2026-01-16T09:12:33.429+0000][gc          ] GC(762) Pause Young (Normal) (G1 Evacuation Pause) 401M->352M(1024M) 333.664ms
[2026-01-16T09:12:33.430+0000][gc,cpu      ] GC(762) User=0.23s Sys=0.02s Real=0.33s
[2026-01-16T09:12:35.863+0000][gc,start    ] GC(763) Pause Young (Normal) (G1 Evacuation Pause)
[2026-01-16T09:12:35.864+0000][gc,task     ] GC(763) Using 8 workers of 8 for evacuation
[2026-01-16T09:12:35.939+0000][gc,phases   ] GC(763)   Pre Evacuate Collection Set: 17.4ms
[2026-01-16T09:12:35.942+0000][gc,phases   ] GC(763)   Merge Heap Roots: 1.0ms
[2026-01-16T09:12:35.942+0000][gc,phases   ] GC(763)   Evacuate Collection Set: 48.4ms
[2026-01-16T09:12:35.942+0000][gc,phases   ] GC(763)   Post Evacuate Collection Set: 7.9ms
[2026-01-16T09:12:35.942+0000][gc,phases   ] GC(763)   Other: 0.9ms
[2026-01-16T09:12:35.943+0000][gc,heap     ] GC(763) Eden regions: 49->0(50)
[2026-01-16T09:12:35.943+0000][gc,heap     ] GC(763) Survivor regions: 2->1(7)
[2026-01-16T09:12:35.943+0000][gc,heap     ] GC(763) Old regions: 258->258
[2026-01-16T09:12:35.943+0000][gc,heap     ] GC(763) Humongous regions: 94->94
[2026-01-16T09:12:35.944+0000][gc,metaspace] GC(763) Metaspace: 12768K(13248K)->12768K(13248K) NonClass: 11672K(11904K)->11672K(11904K) Class: 1096K(1344K)->1096K(1344K)
[2026-01-16T09:12:35.944+0000][gc          ] GC(763) Pause Young (Normal) (G1 Evacuation Pause) 401M->351M(1024M) 80.834ms
[2026-01-16T09:12:35.945+0000][gc,cpu      ] GC(763) User=0.05s Sys=0.00s Real=0.08s
[2026-01-16T09:12:37.236+0000][gc,start    ] GC(764) Pause Young (Normal) (G1 Evacuation Pause)
[2026-01-16T09:12:37.237+0000][gc,task     ] GC(764) Using 8 workers of 8 for evacuation
[2026-01-16T09:12:37.366+0000][gc,phases   ] GC(764)   Pre Evacuate Collection Set: 11.8ms
[2026-01-16T09:12:37.370+0000][gc,phases   ] GC(764)   Merge Heap Roots: 6.8ms
[2026-01-16T09:12:37.375+0000][gc,phases   ] GC(764)   Evacuate Collection Set: 92.6ms
[2026-01-16T09:12:37.375+0000][gc,phases   ] GC(764)   Post Evacuate Collection Set: 16.3ms
[2026-01-16T09:12:37.377+0000][gc,phases   ] GC(764)   Other: 1.9ms
[2026-01-16T09:12:37.381+0000][gc,heap     ] GC(764) Eden regions: 50->0(50)
[2026-01-16T09:12:37.383+0000][gc,heap     ] GC(764) Survivor regions: 1->1(7)
[2026-01-16T09:12:37.383+0000][gc,heap     ] GC(764) Old regions: 258->258
[2026-01-16T09:12:37.383+0000][gc,heap     ] GC(764) Humongous regions: 94->94
[2026-01-16T09:12:37.384+0000][gc,metaspace] GC(764) Metaspace: 12768K(13248K)->12768K(13248K) NonClass: 11672K(11904K)->11672K(11904K) Class: 1096K(1344K)->1096K(1344K)
[2026-01-16T09:12:37.385+0000][gc          ] GC(764) Pause Young (Normal) (G1 Evacuation Pause) 401M->352M(1024M) 148.349ms
[2026-01-16T09:12:37.385+0000][gc,cpu      ] GC(764) User=0.05s Sys=0.00s Real=0.15s
[2026-01-16T09:12:38.222+0000][gc,start    ] GC(765) Pause Young (Normal) (G1 Evacuation Pause)
[2026-01-16T09:12:38.224+0000][gc,task     ] GC(765) Using 8 workers of 8 for evacuation
[2026-01-16T09:12:38.265+0000][gc,phases   ] GC(765)   Pre Evacuate Collection Set: 5.5ms
[2026-01-16T09:12:38.265+0000][gc,phases   ] GC(765)   Merge Heap Roots: 1.8ms
[2026-01-16T09:12:38.266+0000][gc,phases   ] GC(765)   Evacuate Collection Set: 30.5ms
[2026-01-16T09:12:38.267+0000][gc,phases   ] GC(765)   Post Evacuate Collection Set: 1.4ms
[2026-01-16T09:12:38.268+0000][gc,phases   ] GC(765)   Other: 1.3ms
[2026-01-16T09:12:38.270+0000][gc,heap     ] GC(765) Eden regions: 50->0(49)
[2026-01-16T09:12:38.270+0000][gc,heap     ] GC(765) Survivor regions: 1->2(7)
[2026-01-16T09:12:38.271+0000][gc,heap     ] GC(765) Old regions: 258->258
[2026-01-16T09:12:38.273+0000][gc,heap     ] GC(765) Humongous regions: 94->94
[2026-01-16T09:12:38.274+0000][gc,metaspace] GC(765) Metaspace: 12768K(13248K)->12768K(13248K) NonClass: 11672K(11904K)->11672K(11904K) Class: 1096K(1344K)->1096K(1344K)
[2026-01-16T09:12:38.276+0000][gc          ] GC(765) Pause Young (Normal) (G1 Evacuation Pause) 402M->352M(1024M) 53.415ms
[2026-01-16T09:12:38.277+0000][gc,cpu      ] GC(765) User=0.04s Sys=0.00s Real=0.06s
[2026-01-16T09:12:47.194+0000][gc,start    ] GC(766) Pause Young (Normal) (G1 Evacuation Pause)
[2026-01-16T09:12:47.195+0000][gc,task     ] GC(766) Using 8 workers of 8 for evacuation
[2026-01-16T09:12:47.310+0000][gc,phases   ] GC(766)   Pre Evacuate Collection Set: 26.4ms
[2026-01-16T09:12:47.312+0000][gc,phases   ] GC(766)   Merge Heap Roots: 2.7ms
[2026-01-16T09:12:47.313+0000][gc,phases   ] GC(766)   Evacuate Collection Set: 74.4ms
[2026-01-16T09:12:47.313+0000][gc,phases   ] GC(766)   Post Evacuate Collection Set: 6.5ms
[2026-01-16T09:12:47.314+0000][gc,phases   ] GC(766)   Other: 5.1ms
[2026-01-16T09:12:47.315+0000][gc,heap     ] GC(766) Eden regions: 49->0(69)
[2026-01-16T09:12:47.318+0000][gc,heap     ] GC(766) Survivor regions: 2->1(7)
[2026-01-16T09:12:47.320+0000][gc,heap     ] GC(766) Old regions: 258->258
[2026-01-16T09:12:47.321+0000][gc,heap     ] GC(766) Humongous regions: 94->94
[2026-01-16T09:12:47.322+0000][gc,metaspace] GC(766) Metaspace: 12768K(13248K)->12768K(13248K) NonClass: 11672K(11904K)->11672K(11904K) Class: 1096K(1344K)->1096K(1344K)
[2026-01-16T09:12:47.323+0000][gc          ] GC(766) Pause Young (Normal) (G1 Evacuation Pause) 401M->351M(1024M) 128.930ms
[2026-01-16T09:12:47.324+0000][gc,cpu      ] GC(766) User=0.08s Sys=0.01s Real=0.13s
[2026-01-16T09:12:58.232+0000][gc,start    ] GC(767) Pause Young (Normal) (G1 Evacuation Pause)
[2026-01-16T09:12:58.234+0000][gc,task     ] GC(767) Using 8 workers of 8 for evacuation
[2026-01-16T09:12:58.506+0000][gc,mmu      ] GC(767) MMU target violated: 201.0ms (200.0ms/201.0ms)
[2026-01-16T09:12:58.506+0000][gc,phases   ] GC(767)   Pre Evacuate Collection Set: 61.4ms
[2026-01-16T09:12:58.507+0000][gc,phases   ] GC(767)   Merge Heap Roots: 6.4ms
[2026-01-16T09:12:58.507+0000][gc,phases   ] GC(767)   Evacuate Collection Set: 168.0ms
[2026-01-16T09:12:58.510+0000][gc,phases   ] GC(767)   Post Evacuate Collection Set: 24.7ms
[2026-01-16T09:12:58.511+0000][gc,phases   ] GC(767)   Other: 12.4ms
[2026-01-16T09:12:58.512+0000][gc,heap     ] GC(767) Eden regions: 94->0(50)
[2026-01-16T09:12:58.512+0000][gc,heap     ] GC(767) Survivor regions: 1->1(12)
[2026-01-16T09:12:58.512+0000][gc,heap     ] GC(767) Old regions: 258->258
[2026-01-16T09:12:58.512+0000][gc,heap     ] GC(767) Humongous regions: 94->94
[2026-01-16T09:12:58.513+0000][gc,metaspace] GC(767) Metaspace: 12768K(13248K)->12768K(13248K) NonClass: 11672K(11904K)->11672K(11904K) Class: 1096K(1344K)->1096K(1344K)
[2026-01-16T09:12:58.513+0000][gc          ] GC(767) Pause Young (Normal) (G1 Evacuation Pause) 445M->351M(1024M) 281.418ms
[2026-01-16T09:12:58.514+0000][gc,cpu      ] GC(767) User=0.16s Sys=0.01s Real=0.28s
[2026-01-16T09:13:01.532+0000][gc,start    ] GC(768) Pause Young (Normal) (G1 Evacuation Pause)
[2026-01-16T09:13:01.532+0000][gc,task     ] GC(768) Using 8 workers of 8 for evacuation
[2026-01-16T09:13:01.873+0000][gc,mmu      ] GC(768) MMU target violated: 201.0ms (200.0ms/201.0ms)
[2026-01-16T09:13:01.874+0000][gc,phases   ] GC(768)   Pre Evacuate Collection Set: 28.7ms
[2026-01-16T09:13:01.875+0000][gc,phases   ] GC(768)   Merge Heap Roots: 1.7ms
[2026-01-16T09:13:01.877+0000][gc,phases   ] GC(768)   Evacuate Collection Set: 276.4ms
[2026-01-16T09:13:01.878+0000][gc,phases   ] GC(768)   Post Evacuate Collection Set: 33.2ms
[2026-01-16T09:13:01.879+0000][gc,phases   ] GC(768)   Other: 1.7ms
[2026-01-16T09:13:01.881+0000][gc,heap     ] GC(768) Eden regions: 50->0(49)
[2026-01-16T09:13:01.885+0000][gc,heap     ] GC(768) Survivor regions: 1->2(7)
[2026-01-16T09:13:01.885+0000][gc,heap     ] GC(768) Old regions: 258->258
[2026-01-16T09:13:01.885+0000][gc,heap     ] GC(768) Humongous regions: 94->94
[2026-01-16T09:13:01.886+0000][gc,metaspace] GC(768) Metaspace: 12768K(13248K)->12768K(13248K) NonClass: 11672K(11904K)->11672K(11904K) Class: 1096K(1344K)->1096K(1344K)
[2026-01-16T09:13:01.886+0000][gc          ] GC(768) Pause Young (Normal) (G1 Evacuation Pause) 401M->352M(1024M) 354.399ms
[2026-01-16T09:13:01.889+0000][gc,cpu      ] GC(768) User=0.10s Sys=0.00s Real=0.36s
[2026-01-16T09:13:06.143+0000][gc,start    ] GC(769) Pause Young (Normal) (G1 Evacuation Pause)
[2026-01-16T09:13:06.146+0000][gc,task     ] GC(769) Using 8 workers of 8 for evacuation
[2026-01-16T09:13:06.280+0000][gc,phases   ] GC(769)   Pre Evacuate Collection Set: 26.2ms
[2026-01-16T09:13:06.282+0000][gc,phases   ] GC(769)   Merge Heap Roots: 5.2ms
[2026-01-16T09:13:06.284+0000][gc,phases   ] GC(769)   Evacuate Collection Set: 78.6ms
[2026-01-16T09:13:06.284+0000][gc,phases   ] GC(769)   Post Evacuate Collection Set: 19.4ms
[2026-01-16T09:13:06.287+0000][gc,phases   ] GC(769)   Other: 4.9ms
[2026-01-16T09:13:06.288+0000][gc,heap     ] GC(769) Eden regions: 49->0(99)
[2026-01-16T09:13:06.288+0000][gc,heap     ] GC(769) Survivor regions: 2->1(7)
[2026-01-16T09:13:06.288+0000][gc,heap     ] GC(769) Old regions: 258->258
[2026-01-16T09:13:06.289+0000][gc,heap     ] GC(769) Humongous regions: 94->94
[2026-01-16T09:13:06.290+0000][gc,metaspace] GC(769) Metaspace: 12768K(13248K)->12768K(13248K) NonClass: 11672K(11904K)->11672K(11904K) Class: 1096K(1344K)->1096K(1344K)
[2026-01-16T09:13:06.290+0000][gc          ] GC(769) Pause Young (Normal) (G1 Evacuation Pause) 401M->351M(1024M) 147.666ms
[2026-01-16T09:13:06.291+0000][gc,cpu      ] GC(769) User=0.07s Sys=0.01s Real=0.15s
[2026-01-16T09:13:15.495+0000][gc,start    ] GC(770) Pause Young (Normal) (G1 Evacuation Pause)
[2026-01-16T09:13:15.497+0000][gc,task     ] GC(770) Using 8 workers of 8 for evacuation
[2026-01-16T09:13:15.808+0000][gc,mmu      ] GC(770) MMU target violated: 201.0ms (200.0ms/201.0ms)
[2026-01-16T09:13:15.808+0000][gc,phases   ] GC(770)   Pre Evacuate Collection Set: 51.1ms
[2026-01-16T09:13:15.809+0000][gc,phases   ] GC(770)   Merge Heap Roots: 10.5ms
[2026-01-16T09:13:15.809+0000][gc,phases   ] GC(770)   Evacuate Collection Set: 202.5ms
[2026-01-16T09:13:15.810+0000][gc,phases   ] GC(770)   Post Evacuate Collection Set: 22.0ms
[2026-01-16T09:13:15.811+0000][gc,phases   ] GC(770)   Other: 25.6ms
[2026-01-16T09:13:15.811+0000][gc,heap     ] GC(770) Eden regions: 85->0(49)
[2026-01-16T09:13:15.812+0000][gc,heap     ] GC(770) Survivor regions: 1->2(11)
[2026-01-16T09:13:15.814+0000][gc,heap     ] GC(770) Old regions: 258->258
[2026-01-16T09:13:15.816+0000][gc,heap     ] GC(770) Humongous regions: 94->94
[2026-01-16T09:13:15.817+0000][gc,metaspace] GC(770) Metaspace: 12768K(13248K)->12768K(13248K) NonClass: 11672K(11904K)->11672K(11904K) Class: 1096K(1344K)->1096K(1344K)
[2026-01-16T09:13:15.818+0000][gc          ] GC(770) Pause Young (Normal) (G1 Evacuation Pause) 436M->352M(1024M) 322.634ms
[2026-01-16T09:13:15.819+0000][gc,cpu      ] GC(770) User=0.24s Sys=0.05s Real=0.33s
[2026-01-16T09:13:18.150+0000][gc,start    ] GC(771) Pause Young (Normal) (G1 Evacuation Pause)
[2026-01-16T09:13:18.154+0000][gc,task     ] GC(771) Using 8 workers of 8 for evacuation
[2026-01-16T09:13:18.276+0000][gc,phases   ] GC(771)   Pre Evacuate Collection Set: 13.2ms
[2026-01-16T09:13:18.278+0000][gc,phases   ] GC(771)   Merge Heap Roots: 6.7ms
[2026-01-16T09:13:18.278+0000][gc,phases   ] GC(771)   Evacuate Collection Set: 90.4ms
[2026-01-16T09:13:18.279+0000][gc,phases   ] GC(771)   Post Evacuate Collection Set: 8.6ms
[2026-01-16T09:13:18.279+0000][gc,phases   ] GC(771)   Other: 3.3ms
[2026-01-16T09:13:18.279+0000][gc,heap     ] GC(771) Eden regions: 49->0(64)
[2026-01-16T09:13:18.280+0000][gc,heap     ] GC(771) Survivor regions: 2->1(7)
[2026-01-16T09:13:18.280+0000][gc,heap     ] GC(771) Old regions: 258->258
[2026-01-16T09:13:18.280+0000][gc,heap     ] GC(771) Humongous regions: 94->94
[2026-01-16T09:13:18.281+0000][gc,metaspace] GC(771) Metaspace: 12768K(13248K)->12768K(13248K) NonClass: 11672K(11904K)->11672K(11904K) Class: 1096K(1344K)->1096K(1344K)
[2026-01-16T09:13:18.283+0000][gc          ] GC(771) Pause Young (Normal) (G1 Evacuation Pause) 401M->351M(1024M) 132.171ms
[2026-01-16T09:13:18.287+0000][gc,cpu      ] GC(771) User=0.08s Sys=0.01s Real=0.14s
[2026-01-16T09:13:21.638+0000][gc,start    ] GC(772) Pause Young (Normal) (G1 Evacuation Pause)
[2026-01-16T09:13:21.644+0000][gc,task     ] GC(772) Using 8 workers of 8 for evacuation
[2026-01-16T09:13:22.015+0000][gc,mmu      ] GC(772) MMU target violated: 201.0ms (200.0ms/201.0ms)
[2026-01-16T09:13:22.017+0000][gc,phases   ] GC(772)   Pre Evacuate Collection Set: 12.6ms
[2026-01-16T09:13:22.018+0000][gc,phases   ] GC(772)   Merge Heap Roots: 1.0ms
[2026-01-16T09:13:22.018+0000][gc,phases   ] GC(772)   Evacuate Collection Set: 329.2ms
[2026-01-16T09:13:22.018+0000][gc,phases   ] GC(772)   Post Evacuate Collection Set: 19.0ms
[2026-01-16T09:13:22.019+0000][gc,phases   ] GC(772)   Other: 12.1ms
[2026-01-16T09:13:22.019+0000][gc,heap     ] GC(772) Eden regions: 79->0(49)
[2026-01-16T09:13:22.019+0000][gc,heap     ] GC(772) Survivor regions: 1->2(10)
[2026-01-16T09:13:22.020+0000][gc,heap     ] GC(772) Old regions: 258->258
[2026-01-16T09:13:22.020+0000][gc,heap     ] GC(772) Humongous regions: 94->94
[2026-01-16T09:13:22.020+0000][gc,metaspace] GC(772) Metaspace: 12768K(13248K)->12768K(13248K) NonClass: 11672K(11904K)->11672K(11904K) Class: 1096K(1344K)->1096K(1344K)
[2026-01-16T09:13:22.020+0000][gc          ] GC(772) Pause Young (Normal) (G1 Evacuation Pause) 430M->352M(1024M) 382.434ms
[2026-01-16T09:13:22.020+0000][gc,cpu      ] GC(772) User=0.11s Sys=0.01s Real=0.38s
[2026-01-16T09:13:28.028+0000][gc,start    ] GC(773) Pause Young (Normal) (G1 Evacuation Pause)
[2026-01-16T09:13:28.031+0000][gc,task     ] GC(773) Using 8 workers of 8 for evacuation
[2026-01-16T09:13:28.181+0000][gc,phases   ] GC(773)   Pre Evacuate Collection Set: 26.2ms
[2026-01-16T09:13:28.181+0000][gc,phases   ] GC(773)   Merge Heap Roots: 0.3ms
[2026-01-16T09:13:28.182+0000][gc,phases   ] GC(773)   Evacuate Collection Set: 107.4ms
[2026-01-16T09:13:28.183+0000][gc,phases   ] GC(773)   Post Evacuate Collection Set: 14.7ms
[2026-01-16T09:13:28.183+0000][gc,phases   ] GC(773)   Other: 1.9ms
[2026-01-16T09:13:28.184+0000][gc,heap     ] GC(773) Eden regions: 49->0(50)
[2026-01-16T09:13:28.184+0000][gc,heap     ] GC(773) Survivor regions: 2->1(7)
[2026-01-16T09:13:28.184+0000][gc,heap     ] GC(773) Old regions: 258->258
[2026-01-16T09:13:28.185+0000][gc,heap     ] GC(773) Humongous regions: 94->94
[2026-01-16T09:13:28.185+0000][gc,metaspace] GC(773) Metaspace: 12768K(13248K)->12768K(13248K) NonClass: 11672K(11904K)->11672K(11904K) Class: 1096K(1344K)->1096K(1344K)
[2026-01-16T09:13:28.186+0000][gc          ] GC(773) Pause Young (Normal) (G1 Evacuation Pause) 401M->352M(1024M) 157.688ms
[2026-01-16T09:13:28.186+0000][gc,cpu      ] GC(773) User=0.15s Sys=0.02s Real=0.16s
[2026-01-16T09:13:29.958+0000][gc,start    ] GC(774) Pause Young (Normal) (G1 Evacuation Pause)
[2026-01-16T09:13:29.960+0000][gc,task     ] GC(774) Using 8 workers of 8 for evacuation
[2026-01-16T09:13:30.282+0000][gc,mmu      ] GC(774) MMU target violated: 201.0ms (200.0ms/201.0ms)
[2026-01-16T09:13:30.284+0000][gc,phases   ] GC(774)   Pre Evacuate Collection Set: 14.0ms
[2026-01-16T09:13:30.285+0000][gc,phases   ] GC(774)   Merge Heap Roots: 7.1ms
[2026-01-16T09:13:30.286+0000][gc,phases   ] GC(774)   Evacuate Collection Set: 264.7ms
[2026-01-16T09:13:30.289+0000][gc,phases   ] GC(774)   Post Evacuate Collection Set: 19.1ms
[2026-01-16T09:13:30.292+0000][gc,phases   ] GC(774)   Other: 19.6ms
[2026-01-16T09:13:30.309+0000][gc,heap     ] GC(774) Eden regions: 50->0(49)
[2026-01-16T09:13:30.358+0000][gc,heap     ] GC(774) Survivor regions: 1->2(7)
[2026-01-16T09:13:30.374+0000][gc,heap     ] GC(774) Old regions: 258->258
[2026-01-16T09:13:30.426+0000][gc,heap     ] GC(774) Humongous regions: 94->94
[2026-01-16T09:13:30.447+0000][gc,metaspace] GC(774) Metaspace: 12768K(13248K)->12768K(13248K) NonClass: 11672K(11904K)->11672K(11904K) Class: 1096K(1344K)->1096K(1344K)
[2026-01-16T09:13:30.458+0000][gc          ] GC(774) Pause Young (Normal) (G1 Evacuation Pause) 402M->352M(1024M) 500.577ms
[2026-01-16T09:13:30.460+0000][gc,cpu      ] GC(774) User=0.11s Sys=0.02s Real=0.50s
[2026-01-16T09:13:37.499+0000][gc,start    ] GC(775) Pause Young (Normal) (G1 Evacuation Pause)
[2026-01-16T09:13:37.504+0000][gc,task     ] GC(775) Using 8 workers of 8 for evacuation
[2026-01-16T09:13:37.766+0000][gc,mmu      ] GC(775) MMU target violated: 201.0ms (200.0ms/201.0ms)
[2026-01-16T09:13:37.766+0000][gc,phases   ] GC(775)   Pre Evacuate Collection Set: 26.3ms
[2026-01-16T09:13:37.768+0000][gc,phases   ] GC(775)   Merge Heap Roots: 4.9ms
[2026-01-16T09:13:37.768+0000][gc,phases   ] GC(775)   Evacuate Collection Set: 208.5ms
[2026-01-16T09:13:37.769+0000][gc,phases   ] GC(775)   Post Evacuate Collection Set: 21.2ms
[2026-01-16T09:13:37.770+0000][gc,phases   ] GC(775)   Other: 3.4ms
[2026-01-16T09:13:37.771+0000][gc,heap     ] GC(775) Eden regions: 49->0(50)
[2026-01-16T09:13:37.771+0000][gc,heap     ] GC(775) Survivor regions: 2->1(7)
[2026-01-16T09:13:37.771+0000][gc,heap     ] GC(775) Old regions: 258->258
[2026-01-16T09:13:37.772+0000][gc,heap     ] GC(775) Humongous regions: 94->94
[2026-01-16T09:13:37.772+0000][gc,metaspace] GC(775) Metaspace: 12768K(13248K)->12768K(13248K) NonClass: 11672K(11904K)->11672K(11904K) Class: 1096K(1344K)->1096K(1344K)
[2026-01-16T09:13:37.772+0000][gc          ] GC(775) Pause Young (Normal) (G1 Evacuation Pause) 401M->351M(1024M) 273.138ms
[2026-01-16T09:13:37.773+0000][gc,cpu      ] GC(775) User=0.14s Sys=0.01s Real=0.28s
[2026-01-16T09:13:39.508+0000][gc,start    ] GC(776) Pause Young (Normal) (G1 Evacuation Pause)
[2026-01-16T09:13:39.509+0000][gc,task     ] GC(776) Using 8 workers of 8 for evacuation
[2026-01-16T09:13:39.571+0000][gc,phases   ] GC(776)   Pre Evacuate Collection Set: 6.8ms
[2026-01-16T09:13:39.572+0000][gc,phases   ] GC(776)   Merge Heap Roots: 0.7ms
[2026-01-16T09:13:39.572+0000][gc,phases   ] GC(776)   Evacuate Collection Set: 44.9ms
[2026-01-16T09:13:39.572+0000][gc,phases   ] GC(776)   Post Evacuate Collection Set: 7.6ms
[2026-01-16T09:13:39.572+0000][gc,phases   ] GC(776)   Other: 2.5ms
[2026-01-16T09:13:39.574+0000][gc,heap     ] GC(776) Eden regions: 50->0(49)
[2026-01-16T09:13:39.574+0000][gc,heap     ] GC(776) Survivor regions: 1->2(7)
[2026-01-16T09:13:39.574+0000][gc,heap     ] GC(776) Old regions: 258->258
[2026-01-16T09:13:39.574+0000][gc,heap     ] GC(776) Humongous regions: 94->94
[2026-01-16T09:13:39.574+0000][gc,metaspace] GC(776) Metaspace: 12768K(13248K)->12768K(13248K) NonClass: 11672K(11904K)->11672K(11904K) Class: 1096K(1344K)->1096K(1344K)
[2026-01-16T09:13:39.574+0000][gc          ] GC(776) Pause Young (Normal) (G1 Evacuation Pause) 401M->352M(1024M) 66.200ms
[2026-01-16T09:13:39.575+0000][gc,cpu      ] GC(776) User=0.06s Sys=0.01s Real=0.07s
[2026-01-16T09:13:46.654+0000][gc,start    ] GC(777) Pause Young (Normal) (G1 Evacuation Pause)
[2026-01-16T09:13:46.657+0000][gc,task     ] GC(777) Using 8 workers of 8 for evacuation
[2026-01-16T09:13:46.776+0000][gc,phases   ] GC(777)   Pre Evacuate Collection Set: 8.3ms
[2026-01-16T09:13:46.777+0000][gc,phases   ] GC(777)   Merge Heap Roots: 3.2ms
[2026-01-16T09:13:46.777+0000][gc,phases   ] GC(777)   Evacuate Collection Set: 98.8ms
[2026-01-16T09:13:46.777+0000][gc,phases   ] GC(777)   Post Evacuate Collection Set: 5.9ms
[2026-01-16T09:13:46.778+0000][gc,phases   ] GC(777)   Other: 3.3ms
[2026-01-16T09:13:46.780+0000][gc,heap     ] GC(777) Eden regions: 49->0(91)
[2026-01-16T09:13:46.782+0000][gc,heap     ] GC(777) Survivor regions: 2->1(7)
[2026-01-16T09:13:46.782+0000][gc,heap     ] GC(777) Old regions: 258->258
[2026-01-16T09:13:46.783+0000][gc,heap     ] GC(777) Humongous regions: 94->94
[2026-01-16T09:13:46.783+0000][gc,metaspace] GC(777) Metaspace: 12768K(13248K)->12768K(13248K) NonClass: 11672K(11904K)->11672K(11904K) Class: 1096K(1344K)->1096K(1344K)
[2026-01-16T09:13:46.784+0000][gc          ] GC(777) Pause Young (Normal) (G1 Evacuation Pause) 401M->351M(1024M) 129.562ms
[2026-01-16T09:13:46.784+0000][gc,cpu      ] GC(777) User=0.08s Sys=0.01s Real=0.13s
[2026-01-16T09:13:51.559+0000][gc,start    ] GC(778) Pause Young (Normal) (G1 Evacuation Pause)
[2026-01-16T09:13:51.561+0000][gc,task     ] GC(778) Using 8 workers of 8 for evacuation
[2026-01-16T09:13:51.984+0000][gc,mmu      ] GC(778) MMU target violated: 201.0ms (200.0ms/201.0ms)
[2026-01-16T09:13:51.987+0000][gc,phases   ] GC(778)   Pre Evacuate Collection Set: 22.5ms
[2026-01-16T09:13:51.988+0000][gc,phases   ] GC(778)   Merge Heap Roots: 2.9ms
[2026-01-16T09:13:51.989+0000][gc,phases   ] GC(778)   Evacuate Collection Set: 387.6ms
[2026-01-16T09:13:51.989+0000][gc,phases   ] GC(778)   Post Evacuate Collection Set: 6.3ms
[2026-01-16T09:13:51.990+0000][gc,phases   ] GC(778)   Other: 6.6ms
[2026-01-16T09:13:51.991+0000][gc,heap     ] GC(778) Eden regions: 82->0(49)
[2026-01-16T09:13:51.991+0000][gc,heap     ] GC(778) Survivor regions: 1->2(11)
[2026-01-16T09:13:51.992+0000][gc,heap     ] GC(778) Old regions: 258->258
[2026-01-16T09:13:51.993+0000][gc,heap     ] GC(778) Humongous regions: 94->94
[2026-01-16T09:13:51.994+0000][gc,metaspace] GC(778) Metaspace: 12768K(13248K)->12768K(13248K) NonClass: 11672K(11904K)->11672K(11904K) Class: 1096K(1344K)->1096K(1344K)
[2026-01-16T09:13:51.997+0000][gc          ] GC(778) Pause Young (Normal) (G1 Evacuation Pause) 433M->352M(1024M) 437.649ms
[2026-01-16T09:13:51.999+0000][gc,cpu      ] GC(778) User=0.14s Sys=0.01s Real=0.44s
[2026-01-16T09:13:58.757+0000][gc,start    ] GC(779) Pause Young (Normal) (G1 Evacuation Pause)
[2026-01-16T09:13:58.762+0000][gc,task     ] GC(779) Using 8 workers of 8 for evacuation
[2026-01-16T09:13:59.044+0000][gc,mmu      ] GC(779) MMU target violated: 201.0ms (200.0ms/201.0ms)
[2026-01-16T09:13:59.046+0000][gc,phases   ] GC(779)   Pre Evacuate Collection Set: 39.1ms
[2026-01-16T09:13:59.051+0000][gc,phases   ] GC(779)   Merge Heap Roots: 4.1ms
[2026-01-16T09:13:59.054+0000][gc,phases   ] GC(779)   Evacuate Collection Set: 213.6ms
[2026-01-16T09:13:59.054+0000][gc,phases   ] GC(779)   Post Evacuate Collection Set: 16.9ms
[2026-01-16T09:13:59.054+0000][gc,phases   ] GC(779)   Other: 10.8ms
[2026-01-16T09:13:59.055+0000][gc,heap     ] GC(779) Eden regions: 49->0(50)
[2026-01-16T09:13:59.055+0000][gc,heap     ] GC(779) Survivor regions: 2->1(7)
[2026-01-16T09:13:59.055+0000][gc,heap     ] GC(779) Old regions: 258->258
[2026-01-16T09:13:59.056+0000][gc,heap     ] GC(779) Humongous regions: 94->94
[2026-01-16T09:13:59.057+0000][gc,metaspace] GC(779) Metaspace: 12768K(13248K)->12768K(13248K) NonClass: 11672K(11904K)->11672K(11904K) Class: 1096K(1344K)->1096K(1344K)
[2026-01-16T09:13:59.057+0000][gc          ] GC(779) Pause Young (Normal) (G1 Evacuation Pause) 401M->351M(1024M) 299.914ms
[2026-01-16T09:13:59.060+0000][gc,cpu      ] GC(779) User=0.11s Sys=0.01s Real=0.30s
[2026-01-16T09:14:02.290+0000][gc,start    ] GC(780) Pause Young (Normal) (G1 Evacuation Pause)
[2026-01-16T09:14:02.291+0000][gc,task     ] GC(780) Using 8 workers of 8 for evacuation
[2026-01-16T09:14:02.517+0000][gc,mmu      ] GC(780) MMU target violated: 201.0ms (200.0ms/201.0ms)
[2026-01-16T09:14:02.518+0000][gc,phases   ] GC(780)   Pre Evacuate Collection Set: 50.7ms
[2026-01-16T09:14:02.520+0000][gc,phases   ] GC(780)   Merge Heap Roots: 0.5ms
[2026-01-16T09:14:02.521+0000][gc,phases   ] GC(780)   Evacuate Collection Set: 166.2ms
[2026-01-16T09:14:02.523+0000][gc,phases   ] GC(780)   Post Evacuate Collection Set: 5.0ms
[2026-01-16T09:14:02.525+0000][gc,phases   ] GC(780)   Other: 5.4ms
[2026-01-16T09:14:02.525+0000][gc,heap     ] GC(780) Eden regions: 50->0(49)
[2026-01-16T09:14:02.526+0000][gc,heap     ] GC(780) Survivor regions: 1->2(7)
[2026-01-16T09:14:02.526+0000][gc,heap     ] GC(780) Old regions: 258->258
[2026-01-16T09:14:02.526+0000][gc,heap     ] GC(780) Humongous regions: 94->94
[2026-01-16T09:14:02.528+0000][gc,metaspace] GC(780) Metaspace: 12768K(13248K)->12768K(13248K) NonClass: 11672K(11904K)->11672K(11904K) Class: 1096K(1344K)->1096K(1344K)
[2026-01-16T09:14:02.528+0000][gc          ] GC(780) Pause Young (Normal) (G1 Evacuation Pause) 401M->352M(1024M) 238.648ms
[2026-01-16T09:14:02.528+0000][gc,cpu      ] GC(780) User=0.11s Sys=0.01s Real=0.24s
[2026-01-16T09:14:07.073+0000][gc,start    ] GC(781) Pause Young (Normal) (G1 Evacuation Pause)
[2026-01-16T09:14:07.079+0000][gc,task     ] GC(781) Using 8 workers of 8 for evacuation
[2026-01-16T09:14:07.572+0000][gc,mmu      ] GC(781) MMU target violated: 201.0ms (200.0ms/201.0ms)
[2026-01-16T09:14:07.572+0000][gc,phases   ] GC(781)   Pre Evacuate Collection Set: 39.0ms
[2026-01-16T09:14:07.572+0000][gc,phases   ] GC(781)   Merge Heap Roots: 9.6ms
[2026-01-16T09:14:07.572+0000][gc,phases   ] GC(781)   Evacuate Collection Set: 410.0ms
[2026-01-16T09:14:07.573+0000][gc,phases   ] GC(781)   Post Evacuate Collection Set: 25.2ms
[2026-01-16T09:14:07.579+0000][gc,phases   ] GC(781)   Other: 9.5ms
[2026-01-16T09:14:07.580+0000][gc,heap     ] GC(781) Eden regions: 49->0(50)
[2026-01-16T09:14:07.580+0000][gc,heap     ] GC(781) Survivor regions: 2->1(7)
[2026-01-16T09:14:07.580+0000][gc,heap     ] GC(781) Old regions: 258->258
[2026-01-16T09:14:07.581+0000][gc,heap     ] GC(781) Humongous regions: 94->94
[2026-01-16T09:14:07.582+0000][gc,metaspace] GC(781) Metaspace: 12768K(13248K)->12768K(13248K) NonClass: 11672K(11904K)->11672K(11904K) Class: 1096K(1344K)->1096K(1344K)
[2026-01-16T09:14:07.588+0000][gc          ] GC(781) Pause Young (Normal) (G1 Evacuation Pause) 401M->351M(1024M) 515.319ms
[2026-01-16T09:14:07.589+0000][gc,cpu      ] GC(781) User=0.17s Sys=0.02s Real=0.51s
[2026-01-16T09:14:13.134+0000][gc,start    ] GC(782) Pause Young (Normal) (G1 Evacuation Pause)
[2026-01-16T09:14:13.139+0000][gc,task     ] GC(782) Using 8 workers of 8 for evacuation
[2026-01-16T09:14:13.415+0000][gc,mmu      ] GC(782) MMU target violated: 201.0ms (200.0ms/201.0ms)
[2026-01-16T09:14:13.416+0000][gc,phases   ] GC(782)   Pre Evacuate Collection Set: 28.3ms
[2026-01-16T09:14:13.417+0000][gc,phases   ] GC(782)   Merge Heap Roots: 3.9ms
[2026-01-16T09:14:13.420+0000][gc,phases   ] GC(782)   Evacuate Collection Set: 235.2ms
[2026-01-16T09:14:13.421+0000][gc,phases   ] GC(782)   Post Evacuate Collection Set: 6.4ms
[2026-01-16T09:14:13.423+0000][gc,phases   ] GC(782)   Other: 3.6ms
[2026-01-16T09:14:13.423+0000][gc,heap     ] GC(782) Eden regions: 50->0(49)
[2026-01-16T09:14:13.424+0000][gc,heap     ] GC(782) Survivor regions: 1->2(7)
[2026-01-16T09:14:13.424+0000][gc,heap     ] GC(782) Old regions: 258->258
[2026-01-16T09:14:13.425+0000][gc,heap     ] GC(782) Humongous regions: 94->94
[2026-01-16T09:14:13.425+0000][gc,metaspace] GC(782) Metaspace: 12768K(13248K)->12768K(13248K) NonClass: 11672K(11904K)->11672K(11904K) Class: 1096K(1344K)->1096K(1344K)
[2026-01-16T09:14:13.428+0000][gc          ] GC(782) Pause Young (Normal) (G1 Evacuation Pause) 401M->352M(1024M) 293.841ms
[2026-01-16T09:14:13.430+0000][gc,cpu      ] GC(782) User=0.22s Sys=0.01s Real=0.29s
[2026-01-16T09:14:17.352+0000][gc,start    ] GC(783) Pause Young (Normal) (G1 Evacuation Pause)
[2026-01-16T09:14:17.354+0000][gc,task     ] GC(783) Using 8 workers of 8 for evacuation
[2026-01-16T09:14:17.551+0000][gc,phases   ] GC(783)   Pre Evacuate Collection Set: 30.5ms
[2026-01-16T09:14:17.552+0000][gc,phases   ] GC(783)   Merge Heap Roots: 4.1ms
[2026-01-16T09:14:17.552+0000][gc,phases   ] GC(783)   Evacuate Collection Set: 154.3ms
[2026-01-16T09:14:17.553+0000][gc,phases   ] GC(783)   Post Evacuate Collection Set: 7.1ms
[2026-01-16T09:14:17.553+0000][gc,phases   ] GC(783)   Other: 2.0ms
[2026-01-16T09:14:17.554+0000][gc,heap     ] GC(783) Eden regions: 49->0(49)
[2026-01-16T09:14:17.554+0000][gc,heap     ] GC(783) Survivor regions: 2->2(7)
[2026-01-16T09:14:17.555+0000][gc,heap     ] GC(783) Old regions: 258->258
[2026-01-16T09:14:17.556+0000][gc,heap     ] GC(783) Humongous regions: 94->94
[2026-01-16T09:14:17.556+0000][gc,metaspace] GC(783) Metaspace: 12768K(13248K)->12768K(13248K) NonClass: 11672K(11904K)->11672K(11904K) Class: 1096K(1344K)->1096K(1344K)
[2026-01-16T09:14:17.557+0000][gc          ] GC(783) Pause Young (Normal) (G1 Evacuation Pause) 401M->353M(1024M) 205.343ms
[2026-01-16T09:14:17.557+0000][gc,cpu      ] GC(783) User=0.15s Sys=0.01s Real=0.21s
[2026-01-16T09:14:19.016+0000][gc,start    ] GC(784) Pause Young (Normal) (G1 Evacuation Pause)
[2026-01-16T09:14:19.019+0000][gc,task     ] GC(784) Using 8 workers of 8 for evacuation
[2026-01-16T09:14:19.177+0000][gc,phases   ] GC(784)   Pre Evacuate Collection Set: 14.4ms
[2026-01-16T09:14:19.183+0000][gc,phases   ] GC(784)   Merge Heap Roots: 0.5ms
[2026-01-16T09:14:19.184+0000][gc,phases   ] GC(784)   Evacuate Collection Set: 120.4ms
[2026-01-16T09:14:19.184+0000][gc,phases   ] GC(784)   Post Evacuate Collection Set: 20.8ms
[2026-01-16T09:14:19.185+0000][gc,phases   ] GC(784)   Other: 2.4ms
[2026-01-16T09:14:19.188+0000][gc,heap     ] GC(784) Eden regions: 49->0(49)
[2026-01-16T09:14:19.194+0000][gc,heap     ] GC(784) Survivor regions: 2->2(7)
[2026-01-16T09:14:19.208+0000][gc,heap     ] GC(784) Old regions: 258->258
[2026-01-16T09:14:19.210+0000][gc,heap     ] GC(784) Humongous regions: 94->94
[2026-01-16T09:14:19.212+0000][gc,metaspace] GC(784) Metaspace: 12768K(13248K)->12768K(13248K) NonClass: 11672K(11904K)->11672K(11904K) Class: 1096K(1344K)->1096K(1344K)
[2026-01-16T09:14:19.214+0000][gc          ] GC(784) Pause Young (Normal) (G1 Evacuation Pause) 402M->352M(1024M) 198.369ms
[2026-01-16T09:14:19.219+0000][gc,cpu      ] GC(784) User=0.10s Sys=0.00s Real=0.21s
[2026-01-16T09:14:22.542+0000][gc,start    ] GC(785) Pause Young (Normal) (G1 Evacuation Pause)
[2026-01-16T09:14:22.543+0000][gc,task     ] GC(785) Using 8 workers of 8 for evacuation
[2026-01-16T09:14:22.764+0000][gc,mmu      ] GC(785) MMU target violated: 201.0ms (200.0ms/201.0ms)
[2026-01-16T09:14:22.765+0000][gc,phases   ] GC(785)   Pre Evacuate Collection Set: 53.9ms
[2026-01-16T09:14:22.765+0000][gc,phases   ] GC(785)   Merge Heap Roots: 0.8ms
[2026-01-16T09:14:22.765+0000][gc,phases   ] GC(785)   Evacuate Collection Set: 148.2ms
[2026-01-16T09:14:22.766+0000][gc,phases   ] GC(785)   Post Evacuate Collection Set: 14.3ms
[2026-01-16T09:14:22.766+0000][gc,phases   ] GC(785)   Other: 4.5ms
[2026-01-16T09:14:22.767+0000][gc,heap     ] GC(785) Eden regions: 49->0(49)
[2026-01-16T09:14:22.767+0000][gc,heap     ] GC(785) Survivor regions: 2->2(7)
[2026-01-16T09:14:22.768+0000][gc,heap     ] GC(785) Old regions: 258->258
[2026-01-16T09:14:22.768+0000][gc,heap     ] GC(785) Humongous regions: 94->94
[2026-01-16T09:14:22.769+0000][gc,metaspace] GC(785) Metaspace: 12768K(13248K)->12768K(13248K) NonClass: 11672K(11904K)->11672K(11904K) Class: 1096K(1344K)->1096K(1344K)
[2026-01-16T09:14:22.769+0000][gc          ] GC(785) Pause Young (Normal) (G1 Evacuation Pause) 401M->352M(1024M) 227.835ms
[2026-01-16T09:14:22.770+0000][gc,cpu      ] GC(785) User=0.09s Sys=0.03s Real=0.23s
[2026-01-16T09:14:29.364+0000][gc,start    ] GC(786) Pause Young (Normal) (G1 Evacuation Pause)
[2026-01-16T09:14:29.365+0000][gc,task     ] GC(786) Using 8 workers of 8 for evacuation
[2026-01-16T09:14:29.563+0000][gc,phases   ] GC(786)   Pre Evacuate Collection Set: 25.7ms
[2026-01-16T09:14:29.564+0000][gc,phases   ] GC(786)   Merge Heap Roots: 9.9ms
[2026-01-16T09:14:29.564+0000][gc,phases   ] GC(786)   Evacuate Collection Set: 133.5ms
[2026-01-16T09:14:29.564+0000][gc,phases   ] GC(786)   Post Evacuate Collection Set: 26.4ms
[2026-01-16T09:14:29.565+0000][gc,phases   ] GC(786)   Other: 2.1ms
[2026-01-16T09:14:29.566+0000][gc,heap     ] GC(786) Eden regions: 49->0(50)
[2026-01-16T09:14:29.566+0000][gc,heap     ] GC(786) Survivor regions: 2->1(7)
[2026-01-16T09:14:29.567+0000][gc,heap     ] GC(786) Old regions: 258->258
[2026-01-16T09:14:29.568+0000][gc,heap     ] GC(786) Humongous regions: 103->103
[2026-01-16T09:14:29.573+0000][gc,metaspace] GC(786) Metaspace: 12854K(13248K)->12854K(13248K) NonClass: 11744K(11904K)->11744K(11904K) Class: 1109K(1344K)->1109K(1344K)
[2026-01-16T09:14:29.574+0000][gc          ] GC(786) Pause Young (Normal) (G1 Evacuation Pause) 410M->361M(1024M) 209.991ms
[2026-01-16T09:14:29.576+0000][gc,cpu      ] GC(786) User=0.11s Sys=0.01s Real=0.21s
[2026-01-16T09:14:35.886+0000][gc,start    ] GC(787) Pause Young (Normal) (G1 Evacuation Pause)
[2026-01-16T09:14:35.892+0000][gc,task     ] GC(787) Using 8 workers of 8 for evacuation
[2026-01-16T09:14:36.178+0000][gc,mmu      ] GC(787) MMU target violated: 201.0ms (200.0ms/201.0ms)
[2026-01-16T09:14:36.180+0000][gc,phases   ] GC(787)   Pre Evacuate Collection Set: 21.3ms
[2026-01-16T09:14:36.183+0000][gc,phases   ] GC(787)   Merge Heap Roots: 8.2ms
[2026-01-16T09:14:36.184+0000][gc,phases   ] GC(787)   Evacuate Collection Set: 210.4ms
[2026-01-16T09:14:36.185+0000][gc,phases   ] GC(787)   Post Evacuate Collection Set: 44.4ms
[2026-01-16T09:14:36.190+0000][gc,phases   ] GC(787)   Other: 4.7ms
[2026-01-16T09:14:36.194+0000][gc,heap     ] GC(787) Eden regions: 50->0(49)
[2026-01-16T09:14:36.196+0000][gc,heap     ] GC(787) Survivor regions: 1->2(7)
[2026-01-16T09:14:36.197+0000][gc,heap     ] GC(787) Old regions: 258->258
[2026-01-16T09:14:36.197+0000][gc,heap     ] GC(787) Humongous regions: 103->103
[2026-01-16T09:14:36.197+0000][gc,metaspace] GC(787) Metaspace: 12854K(13248K)->12854K(13248K) NonClass: 11744K(11904K)->11744K(11904K) Class: 1109K(1344K)->1109K(1344K)
[2026-01-16T09:14:36.198+0000][gc          ] GC(787) Pause Young (Normal) (G1 Evacuation Pause) 411M->361M(1024M) 311.451ms
[2026-01-16T09:14:36.200+0000][gc,cpu      ] GC(787) User=0.26s Sys=0.03s Real=0.31s
[2026-01-16T09:14:39.481+0000][gc,start    ] GC(788) Pause Young (Normal) (G1 Evacuation Pause)
[2026-01-16T09:14:39.483+0000][gc,task     ] GC(788) Using 8 workers of 8 for evacuation
[2026-01-16T09:14:40.080+0000][gc,mmu      ] GC(788) MMU target violated: 201.0ms (200.0ms/201.0ms)
[2026-01-16T09:14:40.082+0000][gc,phases   ] GC(788)   Pre Evacuate Collection Set: 57.4ms
[2026-01-16T09:14:40.083+0000][gc,phases   ] GC(788)   Merge Heap Roots: 9.9ms
[2026-01-16T09:14:40.083+0000][gc,phases   ] GC(788)   Evacuate Collection Set: 474.7ms
[2026-01-16T09:14:40.088+0000][gc,phases   ] GC(788)   Post Evacuate Collection Set: 42.9ms
[2026-01-16T09:14:40.091+0000][gc,phases   ] GC(788)   Other: 14.0ms
[2026-01-16T09:14:40.093+0000][gc,heap     ] GC(788) Eden regions: 49->0(48)
[2026-01-16T09:14:40.095+0000][gc,heap     ] GC(788) Survivor regions: 2->3(7)
[2026-01-16T09:14:40.098+0000][gc,heap     ] GC(788) Old regions: 258->258
[2026-01-16T09:14:40.100+0000][gc,heap     ] GC(788) Humongous regions: 103->103
[2026-01-16T09:14:40.105+0000][gc,metaspace] GC(788) Metaspace: 12854K(13248K)->12854K(13248K) NonClass: 11744K(11904K)->11744K(11904K) Class: 1109K(1344K)->1109K(1344K)
[2026-01-16T09:14:40.107+0000][gc          ] GC(788) Pause Young (Normal) (G1 Evacuation Pause) 410M->362M(1024M) 625.957ms
[2026-01-16T09:14:40.112+0000][gc,cpu      ] GC(788) User=0.27s Sys=0.04s Real=0.63s
[2026-01-16T09:14:44.758+0000][gc,start    ] GC(789) Pause Young (Normal) (G1 Evacuation Pause)
[2026-01-16T09:14:44.766+0000][gc,task     ] GC(789) Using 8 workers of 8 for evacuation
[2026-01-16T09:14:45.187+0000][gc,mmu      ] GC(789) MMU target violated: 201.0ms (200.0ms/201.0ms)
[2026-01-16T09:14:45.191+0000][gc,phases   ] GC(789)   Pre Evacuate Collection Set: 69.6ms
[2026-01-16T09:14:45.193+0000][gc,phases   ] GC(789)   Merge Heap Roots: 1.1ms
[2026-01-16T09:14:45.193+0000][gc,phases   ] GC(789)   Evacuate Collection Set: 336.1ms
[2026-01-16T09:14:45.193+0000][gc,phases   ] GC(789)   Post Evacuate Collection Set: 12.0ms
[2026-01-16T09:14:45.194+0000][gc,phases   ] GC(789)   Other: 6.9ms
[2026-01-16T09:14:45.195+0000][gc,heap     ] GC(789) Eden regions: 48->0(48)
[2026-01-16T09:14:45.196+0000][gc,heap     ] GC(789) Survivor regions: 3->3(7)
[2026-01-16T09:14:45.197+0000][gc,heap     ] GC(789) Old regions: 258->258
[2026-01-16T09:14:45.197+0000][gc,heap     ] GC(789) Humongous regions: 103->103
[2026-01-16T09:14:45.198+0000][gc,metaspace] GC(789) Metaspace: 12854K(13248K)->12854K(13248K) NonClass: 11744K(11904K)->11744K(11904K) Class: 1109K(1344K)->1109K(1344K)
[2026-01-16T09:14:45.200+0000][gc          ] GC(789) Pause Young (Normal) (G1 Evacuation Pause) 410M->363M(1024M) 442.009ms
[2026-01-16T09:14:45.208+0000][gc,cpu      ] GC(789) User=0.22s Sys=0.01s Real=0.45s
[2026-01-16T09:14:49.213+0000][gc,start    ] GC(790) Pause Young (Normal) (G1 Evacuation Pause)
[2026-01-16T09:14:49.223+0000][gc,task     ] GC(790) Using 8 workers of 8 for evacuation
[2026-01-16T09:14:50.121+0000][gc,mmu      ] GC(790) MMU target violated: 201.0ms (200.0ms/201.0ms)
[2026-01-16T09:14:50.140+0000][gc,phases   ] GC(790)   Pre Evacuate Collection Set: 65.2ms
[2026-01-16T09:14:50.150+0000][gc,phases   ] GC(790)   Merge Heap Roots: 3.5ms
[2026-01-16T09:14:50.157+0000][gc,phases   ] GC(790)   Evacuate Collection Set: 681.4ms
[2026-01-16T09:14:50.163+0000][gc,phases   ] GC(790)   Post Evacuate Collection Set: 121.8ms
[2026-01-16T09:14:50.173+0000][gc,phases   ] GC(790)   Other: 45.6ms
[2026-01-16T09:14:50.176+0000][gc,heap     ] GC(790) Eden regions: 48->0(47)
[2026-01-16T09:14:50.177+0000][gc,heap     ] GC(790) Survivor regions: 3->4(7)
[2026-01-16T09:14:50.178+0000][gc,heap     ] GC(790) Old regions: 258->258
[2026-01-16T09:14:50.179+0000][gc,heap     ] GC(790) Humongous regions: 103->103
[2026-01-16T09:14:50.180+0000][gc,metaspace] GC(790) Metaspace: 12854K(13248K)->12854K(13248K) NonClass: 11744K(11904K)->11744K(11904K) Class: 1109K(1344K)->1109K(1344K)
[2026-01-16T09:14:50.181+0000][gc          ] GC(790) Pause Young (Normal) (G1 Evacuation Pause) 411M->363M(1024M) 968.194ms
[2026-01-16T09:14:50.182+0000][gc,cpu      ] GC(790) User=0.39s Sys=0.05s Real=0.97s
[2026-01-16T09:14:54.597+0000][gc,start    ] GC(791) Pause Young (Normal) (G1 Evacuation Pause)
[2026-01-16T09:14:54.601+0000][gc,task     ] GC(791) Using 8 workers of 8 for evacuation
[2026-01-16T09:14:55.129+0000][gc,mmu      ] GC(791) MMU target violated: 201.0ms (200.0ms/201.0ms)
[2026-01-16T09:14:55.131+0000][gc,phases   ] GC(791)   Pre Evacuate Collection Set: 44.1ms
[2026-01-16T09:14:55.133+0000][gc,phases   ] GC(791)   Merge Heap Roots: 10.6ms
[2026-01-16T09:14:55.134+0000][gc,phases   ] GC(791)   Evacuate Collection Set: 453.4ms
[2026-01-16T09:14:55.140+0000][gc,phases   ] GC(791)   Post Evacuate Collection Set: 13.7ms
[2026-01-16T09:14:55.141+0000][gc,phases   ] GC(791)   Other: 8.8ms
[2026-01-16T09:14:55.141+0000][gc,heap     ] GC(791) Eden regions: 47->0(47)
[2026-01-16T09:14:55.148+0000][gc,heap     ] GC(791) Survivor regions: 4->4(7)
[2026-01-16T09:14:55.148+0000][gc,heap     ] GC(791) Old regions: 258->258
[2026-01-16T09:14:55.149+0000][gc,heap     ] GC(791) Humongous regions: 103->103
[2026-01-16T09:14:55.154+0000][gc,metaspace] GC(791) Metaspace: 12854K(13248K)->12854K(13248K) NonClass: 11744K(11904K)->11744K(11904K) Class: 1109K(1344K)->1109K(1344K)
[2026-01-16T09:14:55.155+0000][gc          ] GC(791) Pause Young (Normal) (G1 Evacuation Pause) 410M->364M(1024M) 558.193ms
[2026-01-16T09:14:55.163+0000][gc,cpu      ] GC(791) User=0.25s Sys=0.01s Real=0.56s
[2026-01-16T09:14:57.174+0000][gc,start    ] GC(792) Pause Young (Normal) (G1 Evacuation Pause)
[2026-01-16T09:14:57.175+0000][gc,task     ] GC(792) Using 8 workers of 8 for evacuation
[2026-01-16T09:14:57.312+0000][gc,phases   ] GC(792)   Pre Evacuate Collection Set: 8.4ms
[2026-01-16T09:14:57.314+0000][gc,phases   ] GC(792)   Merge Heap Roots: 2.2ms
[2026-01-16T09:14:57.314+0000][gc,phases   ] GC(792)   Evacuate Collection Set: 111.3ms
[2026-01-16T09:14:57.314+0000][gc,phases   ] GC(792)   Post Evacuate Collection Set: 14.1ms
[2026-01-16T09:14:57.314+0000][gc,phases   ] GC(792)   Other: 1.8ms
[2026-01-16T09:14:57.315+0000][gc,heap     ] GC(792) Eden regions: 47->0(47)
[2026-01-16T09:14:57.315+0000][gc,heap     ] GC(792) Survivor regions: 4->4(7)
[2026-01-16T09:14:57.315+0000][gc,heap     ] GC(792) Old regions: 258->258
[2026-01-16T09:14:57.315+0000][gc,heap     ] GC(792) Humongous regions: 103->103
[2026-01-16T09:14:57.315+0000][gc,metaspace] GC(792) Metaspace: 12854K(13248K)->12854K(13248K) NonClass: 11744K(11904K)->11744K(11904K) Class: 1109K(1344K)->1109K(1344K)
[2026-01-16T09:14:57.316+0000][gc          ] GC(792) Pause Young (Normal) (G1 Evacuation Pause) 411M->363M(1024M) 141.832ms
[2026-01-16T09:14:57.316+0000][gc,cpu      ] GC(792) User=0.12s Sys=0.00s Real=0.15s
[2026-01-16T09:14:58.154+0000][gc,start    ] GC(793) Pause Young (Normal) (G1 Evacuation Pause)
[2026-01-16T09:14:58.154+0000][gc,task     ] GC(793) Using 8 workers of 8 for evacuation
[2026-01-16T09:14:58.192+0000][gc,phases   ] GC(793)   Pre Evacuate Collection Set: 0.8ms
[2026-01-16T09:14:58.193+0000][gc,phases   ] GC(793)   Merge Heap Roots: 0.3ms
[2026-01-16T09:14:58.193+0000][gc,phases   ] GC(793)   Evacuate Collection Set: 35.5ms
[2026-01-16T09:14:58.194+0000][gc,phases   ] GC(793)   Post Evacuate Collection Set: 1.3ms
[2026-01-16T09:14:58.194+0000][gc,phases   ] GC(793)   Other: 0.3ms
[2026-01-16T09:14:58.195+0000][gc,heap     ] GC(793) Eden regions: 47->0(47)
[2026-01-16T09:14:58.195+0000][gc,heap     ] GC(793) Survivor regions: 4->4(7)
[2026-01-16T09:14:58.196+0000][gc,heap     ] GC(793) Old regions: 258->258
[2026-01-16T09:14:58.196+0000][gc,heap     ] GC(793) Humongous regions: 103->103
[2026-01-16T09:14:58.196+0000][gc,metaspace] GC(793) Metaspace: 12854K(13248K)->12854K(13248K) NonClass: 11744K(11904K)->11744K(11904K) Class: 1109K(1344K)->1109K(1344K)
[2026-01-16T09:14:58.197+0000][gc          ] GC(793) Pause Young (Normal) (G1 Evacuation Pause) 410M->364M(1024M) 42.680ms
[2026-01-16T09:14:58.197+0000][gc,cpu      ] GC(793) User=0.04s Sys=0.01s Real=0.05s
[2026-01-16T09:14:59.239+0000][gc,start    ] GC(794) Pause Young (Normal) (G1 Evacuation Pause)
[2026-01-16T09:14:59.247+0000][gc,task     ] GC(794) Using 8 workers of 8 for evacuation
[2026-01-16T09:14:59.437+0000][gc,phases   ] GC(794)   Pre Evacuate Collection Set: 15.6ms
[2026-01-16T09:14:59.437+0000][gc,phases   ] GC(794)   Merge Heap Roots: 0.9ms
[2026-01-16T09:14:59.438+0000][gc,phases   ] GC(794)   Evacuate Collection Set: 166.0ms
[2026-01-16T09:14:59.438+0000][gc,phases   ] GC(794)   Post Evacuate Collection Set: 7.1ms
[2026-01-16T09:14:59.438+0000][gc,phases   ] GC(794)   Other: 6.5ms
[2026-01-16T09:14:59.438+0000][gc,heap     ] GC(794) Eden regions: 47->0(48)
[2026-01-16T09:14:59.439+0000][gc,heap     ] GC(794) Survivor regions: 4->3(7)
[2026-01-16T09:14:59.439+0000][gc,heap     ] GC(794) Old regions: 258->258
[2026-01-16T09:14:59.439+0000][gc,heap     ] GC(794) Humongous regions: 103->103
[2026-01-16T09:14:59.439+0000][gc,metaspace] GC(794) Metaspace: 12854K(13248K)->12854K(13248K) NonClass: 11744K(11904K)->11744K(11904K) Class: 1109K(1344K)->1109K(1344K)
[2026-01-16T09:14:59.440+0000][gc          ] GC(794) Pause Young (Normal) (G1 Evacuation Pause) 411M->363M(1024M) 200.824ms
[2026-01-16T09:14:59.440+0000][gc,cpu      ] GC(794) User=0.13s Sys=0.00s Real=0.20s
[2026-01-16T09:15:01.616+0000][gc,start    ] GC(795) Pause Young (Normal) (G1 Evacuation Pause)
[2026-01-16T09:15:01.637+0000][gc,task     ] GC(795) Using 8 workers of 8 for evacuation
[2026-01-16T09:15:02.162+0000][gc,mmu      ] GC(795) MMU target violated: 201.0ms (200.0ms/201.0ms)
[2026-01-16T09:15:02.162+0000][gc,phases   ] GC(795)   Pre Evacuate Collection Set: 77.1ms
[2026-01-16T09:15:02.162+0000][gc,phases   ] GC(795)   Merge Heap Roots: 1.5ms
[2026-01-16T09:15:02.162+0000][gc,phases   ] GC(795)   Evacuate Collection Set: 424.0ms
[2026-01-16T09:15:02.162+0000][gc,phases   ] GC(795)   Post Evacuate Collection Set: 8.9ms
[2026-01-16T09:15:02.162+0000][gc,phases   ] GC(795)   Other: 13.2ms
[2026-01-16T09:15:02.162+0000][gc,heap     ] GC(795) Eden regions: 48->0(47)
[2026-01-16T09:15:02.162+0000][gc,heap     ] GC(795) Survivor regions: 3->4(7)
[2026-01-16T09:15:02.164+0000][gc,heap     ] GC(795) Old regions: 258->258
[2026-01-16T09:15:02.164+0000][gc,heap     ] GC(795) Humongous regions: 103->103
[2026-01-16T09:15:02.165+0000][gc,metaspace] GC(795) Metaspace: 12854K(13248K)->12854K(13248K) NonClass: 11744K(11904K)->11744K(11904K) Class: 1109K(1344K)->1109K(1344K)
[2026-01-16T09:15:02.166+0000][gc          ] GC(795) Pause Young (Normal) (G1 Evacuation Pause) 411M->363M(1024M) 550.692ms
[2026-01-16T09:15:02.167+0000][gc,cpu      ] GC(795) User=0.17s Sys=0.02s Real=0.56s
[2026-01-16T09:15:08.001+0000][gc,start    ] GC(796) Pause Young (Normal) (G1 Evacuation Pause)
[2026-01-16T09:15:08.003+0000][gc,task     ] GC(796) Using 8 workers of 8 for evacuation
[2026-01-16T09:15:08.338+0000][gc,mmu      ] GC(796) MMU target violated: 201.0ms (200.0ms/201.0ms)
[2026-01-16T09:15:08.338+0000][gc,phases   ] GC(796)   Pre Evacuate Collection Set: 28.6ms
[2026-01-16T09:15:08.338+0000][gc,phases   ] GC(796)   Merge Heap Roots: 13.9ms
[2026-01-16T09:15:08.338+0000][gc,phases   ] GC(796)   Evacuate Collection Set: 276.2ms
[2026-01-16T09:15:08.339+0000][gc,phases   ] GC(796)   Post Evacuate Collection Set: 13.8ms
[2026-01-16T09:15:08.339+0000][gc,phases   ] GC(796)   Other: 2.9ms
[2026-01-16T09:15:08.339+0000][gc,heap     ] GC(796) Eden regions: 47->0(48)
[2026-01-16T09:15:08.339+0000][gc,heap     ] GC(796) Survivor regions: 4->3(7)
[2026-01-16T09:15:08.339+0000][gc,heap     ] GC(796) Old regions: 258->258
[2026-01-16T09:15:08.339+0000][gc,heap     ] GC(796) Humongous regions: 103->103
[2026-01-16T09:15:08.339+0000][gc,metaspace] GC(796) Metaspace: 12872K(13248K)->12872K(13248K) NonClass: 11755K(11904K)->11755K(11904K) Class: 1117K(1344K)->1117K(1344K)
[2026-01-16T09:15:08.340+0000][gc          ] GC(796) Pause Young (Normal) (G1 Evacuation Pause) 410M->363M(1024M) 338.996ms
[2026-01-16T09:15:08.340+0000][gc,cpu      ] GC(796) User=0.19s Sys=0.01s Real=0.34s
[2026-01-16T09:15:11.442+0000][gc,start    ] GC(797) Pause Young (Normal) (G1 Evacuation Pause)
[2026-01-16T09:15:11.448+0000][gc,task     ] GC(797) Using 8 workers of 8 for evacuation
[2026-01-16T09:15:11.934+0000][gc,mmu      ] GC(797) MMU target violated: 201.0ms (200.0ms/201.0ms)
[2026-01-16T09:15:11.936+0000][gc,phases   ] GC(797)   Pre Evacuate Collection Set: 22.2ms
[2026-01-16T09:15:11.938+0000][gc,phases   ] GC(797)   Merge Heap Roots: 0.5ms
[2026-01-16T09:15:11.939+0000][gc,phases   ] GC(797)   Evacuate Collection Set: 437.3ms
[2026-01-16T09:15:11.939+0000][gc,phases   ] GC(797)   Post Evacuate Collection Set: 17.1ms
[2026-01-16T09:15:11.940+0000][gc,phases   ] GC(797)   Other: 10.3ms
[2026-01-16T09:15:11.940+0000][gc,heap     ] GC(797) Eden regions: 48->0(47)
[2026-01-16T09:15:11.941+0000][gc,heap     ] GC(797) Survivor regions: 3->4(7)
[2026-01-16T09:15:11.942+0000][gc,heap     ] GC(797) Old regions: 258->258
[2026-01-16T09:15:11.942+0000][gc,heap     ] GC(797) Humongous regions: 103->103
[2026-01-16T09:15:11.942+0000][gc,metaspace] GC(797) Metaspace: 12872K(13248K)->12872K(13248K) NonClass: 11755K(11904K)->11755K(11904K) Class: 1117K(1344K)->1117K(1344K)
[2026-01-16T09:15:11.944+0000][gc          ] GC(797) Pause Young (Normal) (G1 Evacuation Pause) 411M->363M(1024M) 501.926ms
[2026-01-16T09:15:11.945+0000][gc,cpu      ] GC(797) User=0.23s Sys=0.00s Real=0.50s
[2026-01-16T09:15:18.122+0000][gc,start    ] GC(798) Pause Young (Normal) (G1 Evacuation Pause)
[2026-01-16T09:15:18.124+0000][gc,task     ] GC(798) Using 8 workers of 8 for evacuation
[2026-01-16T09:15:18.497+0000][gc,mmu      ] GC(798) MMU target violated: 201.0ms (200.0ms/201.0ms)
[2026-01-16T09:15:18.497+0000][gc,phases   ] GC(798)   Pre Evacuate Collection Set: 28.5ms
[2026-01-16T09:15:18.497+0000][gc,phases   ] GC(798)   Merge Heap Roots: 6.4ms
[2026-01-16T09:15:18.497+0000][gc,phases   ] GC(798)   Evacuate Collection Set: 289.5ms
[2026-01-16T09:15:18.497+0000][gc,phases   ] GC(798)   Post Evacuate Collection Set: 46.3ms
[2026-01-16T09:15:18.497+0000][gc,phases   ] GC(798)   Other: 2.9ms
[2026-01-16T09:15:18.498+0000][gc,heap     ] GC(798) Eden regions: 47->0(48)
[2026-01-16T09:15:18.498+0000][gc,heap     ] GC(798) Survivor regions: 4->3(7)
[2026-01-16T09:15:18.498+0000][gc,heap     ] GC(798) Old regions: 258->258
[2026-01-16T09:15:18.498+0000][gc,heap     ] GC(798) Humongous regions: 103->103
[2026-01-16T09:15:18.498+0000][gc,metaspace] GC(798) Metaspace: 12876K(13248K)->12876K(13248K) NonClass: 11759K(11904K)->11759K(11904K) Class: 1117K(1344K)->1117K(1344K)
[2026-01-16T09:15:18.498+0000][gc          ] GC(798) Pause Young (Normal) (G1 Evacuation Pause) 410M->362M(1024M) 376.169ms
[2026-01-16T09:15:18.498+0000][gc,cpu      ] GC(798) User=0.17s Sys=0.01s Real=0.37s
[2026-01-16T09:15:21.112+0000][gc,start    ] GC(799) Pause Young (Normal) (G1 Evacuation Pause)
[2026-01-16T09:15:21.112+0000][gc,task     ] GC(799) Using 8 workers of 8 for evacuation
[2026-01-16T09:15:21.565+0000][gc,mmu      ] GC(799) MMU target violated: 201.0ms (200.0ms/201.0ms)
[2026-01-16T09:15:21.568+0000][gc,phases   ] GC(799)   Pre Evacuate Collection Set: 12.5ms
[2026-01-16T09:15:21.568+0000][gc,phases   ] GC(799)   Merge Heap Roots: 2.9ms
[2026-01-16T09:15:21.569+0000][gc,phases   ] GC(799)   Evacuate Collection Set: 409.0ms
[2026-01-16T09:15:21.570+0000][gc,phases   ] GC(799)   Post Evacuate Collection Set: 27.9ms
[2026-01-16T09:15:21.571+0000][gc,phases   ] GC(799)   Other: 3.7ms
[2026-01-16T09:15:21.572+0000][gc,heap     ] GC(799) Eden regions: 48->0(48)
[2026-01-16T09:15:21.574+0000][gc,heap     ] GC(799) Survivor regions: 3->3(7)
[2026-01-16T09:15:21.574+0000][gc,heap     ] GC(799) Old regions: 258->258
[2026-01-16T09:15:21.577+0000][gc,heap     ] GC(799) Humongous regions: 103->103
[2026-01-16T09:15:21.580+0000][gc,metaspace] GC(799) Metaspace: 12876K(13248K)->12876K(13248K) NonClass: 11759K(11904K)->11759K(11904K) Class: 1117K(1344K)->1117K(1344K)
[2026-01-16T09:15:21.581+0000][gc          ] GC(799) Pause Young (Normal) (G1 Evacuation Pause) 410M->363M(1024M) 469.321ms
[2026-01-16T09:15:21.583+0000][gc,cpu      ] GC(799) User=0.19s Sys=0.01s Real=0.47s
[2026-01-16T09:15:27.116+0000][gc,start    ] GC(800) Pause Young (Normal) (G1 Evacuation Pause)
[2026-01-16T09:15:27.117+0000][gc,task     ] GC(800) Using 8 workers of 8 for evacuation
[2026-01-16T09:15:27.510+0000][gc,mmu      ] GC(800) MMU target violated: 201.0ms (200.0ms/201.0ms)
[2026-01-16T09:15:27.511+0000][gc,phases   ] GC(800)   Pre Evacuate Collection Set: 23.1ms
[2026-01-16T09:15:27.511+0000][gc,phases   ] GC(800)   Merge Heap Roots: 10.3ms
[2026-01-16T09:15:27.512+0000][gc,phases   ] GC(800)   Evacuate Collection Set: 310.5ms
[2026-01-16T09:15:27.512+0000][gc,phases   ] GC(800)   Post Evacuate Collection Set: 29.3ms
[2026-01-16T09:15:27.513+0000][gc,phases   ] GC(800)   Other: 20.4ms
[2026-01-16T09:15:27.513+0000][gc,heap     ] GC(800) Eden regions: 48->0(48)
[2026-01-16T09:15:27.514+0000][gc,heap     ] GC(800) Survivor regions: 3->3(7)
[2026-01-16T09:15:27.514+0000][gc,heap     ] GC(800) Old regions: 258->258
[2026-01-16T09:15:27.515+0000][gc,heap     ] GC(800) Humongous regions: 103->103
[2026-01-16T09:15:27.515+0000][gc,metaspace] GC(800) Metaspace: 12877K(13248K)->12877K(13248K) NonClass: 11760K(11904K)->11760K(11904K) Class: 1117K(1344K)->1117K(1344K)
[2026-01-16T09:15:27.516+0000][gc          ] GC(800) Pause Young (Normal) (G1 Evacuation Pause) 411M->362M(1024M) 400.258ms
[2026-01-16T09:15:27.517+0000][gc,cpu      ] GC(800) User=0.21s Sys=0.04s Real=0.40s
[2026-01-16T09:15:30.628+0000][gc,start    ] GC(801) Pause Young (Normal) (G1 Evacuation Pause)
[2026-01-16T09:15:30.630+0000][gc,task     ] GC(801) Using 8 workers of 8 for evacuation
[2026-01-16T09:15:30.766+0000][gc,phases   ] GC(801)   Pre Evacuate Collection Set: 20.8ms
[2026-01-16T09:15:30.767+0000][gc,phases   ] GC(801)   Merge Heap Roots: 2.6ms
[2026-01-16T09:15:30.767+0000][gc,phases   ] GC(801)   Evacuate Collection Set: 98.0ms
[2026-01-16T09:15:30.768+0000][gc,phases   ] GC(801)   Post Evacuate Collection Set: 12.1ms
[2026-01-16T09:15:30.769+0000][gc,phases   ] GC(801)   Other: 2.9ms
[2026-01-16T09:15:30.769+0000][gc,heap     ] GC(801) Eden regions: 48->0(48)
[2026-01-16T09:15:30.770+0000][gc,heap     ] GC(801) Survivor regions: 3->3(7)
[2026-01-16T09:15:30.770+0000][gc,heap     ] GC(801) Old regions: 258->258
[2026-01-16T09:15:30.771+0000][gc,heap     ] GC(801) Humongous regions: 103->103
[2026-01-16T09:15:30.771+0000][gc,metaspace] GC(801) Metaspace: 12877K(13248K)->12877K(13248K) NonClass: 11760K(11904K)->11760K(11904K) Class: 1117K(1344K)->1117K(1344K)
[2026-01-16T09:15:30.772+0000][gc          ] GC(801) Pause Young (Normal) (G1 Evacuation Pause) 410M->363M(1024M) 144.059ms
[2026-01-16T09:15:30.772+0000][gc,cpu      ] GC(801) User=0.14s Sys=0.00s Real=0.14s
[2026-01-16T09:15:33.290+0000][gc,start    ] GC(802) Pause Young (Normal) (G1 Evacuation Pause)
[2026-01-16T09:15:33.294+0000][gc,task     ] GC(802) Using 8 workers of 8 for evacuation
[2026-01-16T09:15:34.184+0000][gc,mmu      ] GC(802) MMU target violated: 201.0ms (200.0ms/201.0ms)
[2026-01-16T09:15:34.185+0000][gc,phases   ] GC(802)   Pre Evacuate Collection Set: 5.2ms
[2026-01-16T09:15:34.186+0000][gc,phases   ] GC(802)   Merge Heap Roots: 3.3ms
[2026-01-16T09:15:34.187+0000][gc,phases   ] GC(802)   Evacuate Collection Set: 847.1ms
[2026-01-16T09:15:34.188+0000][gc,phases   ] GC(802)   Post Evacuate Collection Set: 30.1ms
[2026-01-16T09:15:34.191+0000][gc,phases   ] GC(802)   Other: 5.7ms
[2026-01-16T09:15:34.192+0000][gc,heap     ] GC(802) Eden regions: 48->0(47)
[2026-01-16T09:15:34.195+0000][gc,heap     ] GC(802) Survivor regions: 3->4(7)
[2026-01-16T09:15:34.195+0000][gc,heap     ] GC(802) Old regions: 258->258
[2026-01-16T09:15:34.198+0000][gc,heap     ] GC(802) Humongous regions: 103->103
[2026-01-16T09:15:34.208+0000][gc,metaspace] GC(802) Metaspace: 12877K(13248K)->12877K(13248K) NonClass: 11760K(11904K)->11760K(11904K) Class: 1117K(1344K)->1117K(1344K)
[2026-01-16T09:15:34.209+0000][gc          ] GC(802) Pause Young (Normal) (G1 Evacuation Pause) 411M->364M(1024M) 919.112ms
[2026-01-16T09:15:34.211+0000][gc,cpu      ] GC(802) User=0.27s Sys=0.03s Real=0.92s
[2026-01-16T09:15:37.863+0000][gc,start    ] GC(803) Pause Young (Normal) (G1 Evacuation Pause)
[2026-01-16T09:15:37.865+0000][gc,task     ] GC(803) Using 8 workers of 8 for evacuation
[2026-01-16T09:15:38.415+0000][gc,mmu      ] GC(803) MMU target violated: 201.0ms (200.0ms/201.0ms)
[2026-01-16T09:15:38.416+0000][gc,phases   ] GC(803)   Pre Evacuate Collection Set: 11.1ms
[2026-01-16T09:15:38.417+0000][gc,phases   ] GC(803)   Merge Heap Roots: 2.8ms
[2026-01-16T09:15:38.418+0000][gc,phases   ] GC(803)   Evacuate Collection Set: 525.7ms
[2026-01-16T09:15:38.418+0000][gc,phases   ] GC(803)   Post Evacuate Collection Set: 8.9ms
[2026-01-16T09:15:38.418+0000][gc,phases   ] GC(803)   Other: 3.1ms
[2026-01-16T09:15:38.421+0000][gc,heap     ] GC(803) Eden regions: 47->0(48)
[2026-01-16T09:15:38.421+0000][gc,heap     ] GC(803) Survivor regions: 4->3(7)
[2026-01-16T09:15:38.422+0000][gc,heap     ] GC(803) Old regions: 258->258
[2026-01-16T09:15:38.423+0000][gc,heap     ] GC(803) Humongous regions: 103->103
[2026-01-16T09:15:38.424+0000][gc,metaspace] GC(803) Metaspace: 12877K(13248K)->12877K(13248K) NonClass: 11760K(11904K)->11760K(11904K) Class: 1117K(1344K)->1117K(1344K)
[2026-01-16T09:15:38.425+0000][gc          ] GC(803) Pause Young (Normal) (G1 Evacuation Pause) 411M->363M(1024M) 561.579ms
[2026-01-16T09:15:38.425+0000][gc,cpu      ] GC(803) User=0.38s Sys=0.04s Real=0.56s
[2026-01-16T09:15:41.803+0000][gc,start    ] GC(804) Pause Young (Normal) (G1 Evacuation Pause)
[2026-01-16T09:15:41.803+0000][gc,task     ] GC(804) Using 8 workers of 8 for evacuation
[2026-01-16T09:15:42.089+0000][gc,mmu      ] GC(804) MMU target violated: 201.0ms (200.0ms/201.0ms)
[2026-01-16T09:15:42.090+0000][gc,phases   ] GC(804)   Pre Evacuate Collection Set: 21.6ms
[2026-01-16T09:15:42.091+0000][gc,phases   ] GC(804)   Merge Heap Roots: 5.1ms
[2026-01-16T09:15:42.092+0000][gc,phases   ] GC(804)   Evacuate Collection Set: 223.4ms
[2026-01-16T09:15:42.092+0000][gc,phases   ] GC(804)   Post Evacuate Collection Set: 34.3ms
[2026-01-16T09:15:42.092+0000][gc,phases   ] GC(804)   Other: 1.9ms
[2026-01-16T09:15:42.093+0000][gc,heap     ] GC(804) Eden regions: 48->0(49)
[2026-01-16T09:15:42.093+0000][gc,heap     ] GC(804) Survivor regions: 3->2(7)
[2026-01-16T09:15:42.093+0000][gc,heap     ] GC(804) Old regions: 258->260
[2026-01-16T09:15:42.093+0000][gc,heap     ] GC(804) Humongous regions: 103->103
[2026-01-16T09:15:42.093+0000][gc,metaspace] GC(804) Metaspace: 12877K(13248K)->12877K(13248K) NonClass: 11760K(11904K)->11760K(11904K) Class: 1117K(1344K)->1117K(1344K)
[2026-01-16T09:15:42.093+0000][gc          ] GC(804) Pause Young (Normal) (G1 Evacuation Pause) 411M->364M(1024M) 290.235ms
[2026-01-16T09:15:42.093+0000][gc,cpu      ] GC(804) User=0.23s Sys=0.03s Real=0.29s
[2026-01-16T09:15:58.047+0000][gc,start    ] GC(805) Pause Young (Normal) (G1 Evacuation Pause)
[2026-01-16T09:15:58.050+0000][gc,task     ] GC(805) Using 8 workers of 8 for evacuation
[2026-01-16T09:15:58.538+0000][gc,mmu      ] GC(805) MMU target violated: 201.0ms (200.0ms/201.0ms)
[2026-01-16T09:15:58.542+0000][gc,phases   ] GC(805)   Pre Evacuate Collection Set: 29.8ms
[2026-01-16T09:15:58.543+0000][gc,phases   ] GC(805)   Merge Heap Roots: 6.9ms
[2026-01-16T09:15:58.544+0000][gc,phases   ] GC(805)   Evacuate Collection Set: 420.7ms
[2026-01-16T09:15:58.545+0000][gc,phases   ] GC(805)   Post Evacuate Collection Set: 28.6ms
[2026-01-16T09:15:58.547+0000][gc,phases   ] GC(805)   Other: 6.5ms
[2026-01-16T09:15:58.548+0000][gc,heap     ] GC(805) Eden regions: 149->0(49)
[2026-01-16T09:15:58.549+0000][gc,heap     ] GC(805) Survivor regions: 2->2(19)
[2026-01-16T09:15:58.552+0000][gc,heap     ] GC(805) Old regions: 260->260
[2026-01-16T09:15:58.576+0000][gc,heap     ] GC(805) Humongous regions: 103->103
[2026-01-16T09:15:58.576+0000][gc,metaspace] GC(805) Metaspace: 12877K(13248K)->12877K(13248K) NonClass: 11760K(11904K)->11760K(11904K) Class: 1117K(1344K)->1117K(1344K)
[2026-01-16T09:15:58.576+0000][gc          ] GC(805) Pause Young (Normal) (G1 Evacuation Pause) 513M->364M(1024M) 528.709ms
[2026-01-16T09:15:58.587+0000][gc,cpu      ] GC(805) User=0.31s Sys=0.02s Real=0.54s
[2026-01-16T09:16:01.218+0000][gc,start    ] GC(806) Pause Young (Normal) (G1 Evacuation Pause)
[2026-01-16T09:16:01.226+0000][gc,task     ] GC(806) Using 8 workers of 8 for evacuation
[2026-01-16T09:16:01.568+0000][gc,mmu      ] GC(806) MMU target violated: 201.0ms (200.0ms/201.0ms)
[2026-01-16T09:16:01.569+0000][gc,phases   ] GC(806)   Pre Evacuate Collection Set: 50.9ms
[2026-01-16T09:16:01.570+0000][gc,phases   ] GC(806)   Merge Heap Roots: 2.0ms
[2026-01-16T09:16:01.570+0000][gc,phases   ] GC(806)   Evacuate Collection Set: 276.1ms
[2026-01-16T09:16:01.570+0000][gc,phases   ] GC(806)   Post Evacuate Collection Set: 5.9ms
[2026-01-16T09:16:01.570+0000][gc,phases   ] GC(806)   Other: 15.0ms
[2026-01-16T09:16:01.571+0000][gc,heap     ] GC(806) Eden regions: 49->0(50)
[2026-01-16T09:16:01.571+0000][gc,heap     ] GC(806) Survivor regions: 2->1(7)
[2026-01-16T09:16:01.571+0000][gc,heap     ] GC(806) Old regions: 260->260
[2026-01-16T09:16:01.571+0000][gc,heap     ] GC(806) Humongous regions: 103->103
[2026-01-16T09:16:01.571+0000][gc,metaspace] GC(806) Metaspace: 12877K(13248K)->12877K(13248K) NonClass: 11760K(11904K)->11760K(11904K) Class: 1117K(1344K)->1117K(1344K)
[2026-01-16T09:16:01.571+0000][gc          ] GC(806) Pause Young (Normal) (G1 Evacuation Pause) 413M->363M(1024M) 352.961ms
[2026-01-16T09:16:01.571+0000][gc,cpu      ] GC(806) User=0.09s Sys=0.01s Real=0.35s
[2026-01-16T09:16:03.340+0000][gc,start    ] GC(807) Pause Young (Normal) (G1 Evacuation Pause)
[2026-01-16T09:16:03.342+0000][gc,task     ] GC(807) Using 8 workers of 8 for evacuation
[2026-01-16T09:16:03.448+0000][gc,phases   ] GC(807)   Pre Evacuate Collection Set: 22.9ms
[2026-01-16T09:16:03.451+0000][gc,phases   ] GC(807)   Merge Heap Roots: 0.4ms
[2026-01-16T09:16:03.452+0000][gc,phases   ] GC(807)   Evacuate Collection Set: 68.7ms
[2026-01-16T09:16:03.453+0000][gc,phases   ] GC(807)   Post Evacuate Collection Set: 11.2ms
[2026-01-16T09:16:03.455+0000][gc,phases   ] GC(807)   Other: 2.9ms
[2026-01-16T09:16:03.456+0000][gc,heap     ] GC(807) Eden regions: 50->0(49)
[2026-01-16T09:16:03.457+0000][gc,heap     ] GC(807) Survivor regions: 1->2(7)
[2026-01-16T09:16:03.459+0000][gc,heap     ] GC(807) Old regions: 260->260
[2026-01-16T09:16:03.461+0000][gc,heap     ] GC(807) Humongous regions: 103->103
[2026-01-16T09:16:03.462+0000][gc,metaspace] GC(807) Metaspace: 12877K(13248K)->12877K(13248K) NonClass: 11760K(11904K)->11760K(11904K) Class: 1117K(1344K)->1117K(1344K)
[2026-01-16T09:16:03.462+0000][gc          ] GC(807) Pause Young (Normal) (G1 Evacuation Pause) 413M->363M(1024M) 122.268ms
[2026-01-16T09:16:03.464+0000][gc,cpu      ] GC(807) User=0.09s Sys=0.00s Real=0.13s
[2026-01-16T09:16:08.837+0000][gc,start    ] GC(808) Pause Young (Normal) (G1 Evacuation Pause)
[2026-01-16T09:16:08.840+0000][gc,task     ] GC(808) Using 8 workers of 8 for evacuation
[2026-01-16T09:16:09.037+0000][gc,phases   ] GC(808)   Pre Evacuate Collection Set: 22.8ms
[2026-01-16T09:16:09.038+0000][gc,phases   ] GC(808)   Merge Heap Roots: 2.7ms
[2026-01-16T09:16:09.039+0000][gc,phases   ] GC(808)   Evacuate Collection Set: 157.6ms
[2026-01-16T09:16:09.040+0000][gc,phases   ] GC(808)   Post Evacuate Collection Set: 11.4ms
[2026-01-16T09:16:09.040+0000][gc,phases   ] GC(808)   Other: 1.8ms
[2026-01-16T09:16:09.041+0000][gc,heap     ] GC(808) Eden regions: 49->0(50)
[2026-01-16T09:16:09.042+0000][gc,heap     ] GC(808) Survivor regions: 2->1(7)
[2026-01-16T09:16:09.043+0000][gc,heap     ] GC(808) Old regions: 260->260
[2026-01-16T09:16:09.043+0000][gc,heap     ] GC(808) Humongous regions: 103->103
[2026-01-16T09:16:09.044+0000][gc,metaspace] GC(808) Metaspace: 12877K(13248K)->12877K(13248K) NonClass: 11760K(11904K)->11760K(11904K) Class: 1117K(1344K)->1117K(1344K)
[2026-01-16T09:16:09.046+0000][gc          ] GC(808) Pause Young (Normal) (G1 Evacuation Pause) 412M->363M(1024M) 209.370ms
[2026-01-16T09:16:09.048+0000][gc,cpu      ] GC(808) User=0.11s Sys=0.01s Real=0.21s
[2026-01-16T09:16:12.823+0000][gc,start    ] GC(809) Pause Young (Normal) (G1 Evacuation Pause)
[2026-01-16T09:16:12.825+0000][gc,task     ] GC(809) Using 8 workers of 8 for evacuation
[2026-01-16T09:16:12.933+0000][gc,phases   ] GC(809)   Pre Evacuate Collection Set: 20.0ms
[2026-01-16T09:16:12.934+0000][gc,phases   ] GC(809)   Merge Heap Roots: 1.3ms
[2026-01-16T09:16:12.934+0000][gc,phases   ] GC(809)   Evacuate Collection Set: 80.9ms
[2026-01-16T09:16:12.934+0000][gc,phases   ] GC(809)   Post Evacuate Collection Set: 5.4ms
[2026-01-16T09:16:12.935+0000][gc,phases   ] GC(809)   Other: 0.9ms
[2026-01-16T09:16:12.935+0000][gc,heap     ] GC(809) Eden regions: 69->0(49)
[2026-01-16T09:16:12.935+0000][gc,heap     ] GC(809) Survivor regions: 1->2(9)
[2026-01-16T09:16:12.935+0000][gc,heap     ] GC(809) Old regions: 260->260
[2026-01-16T09:16:12.935+0000][gc,heap     ] GC(809) Humongous regions: 103->103
[2026-01-16T09:16:12.935+0000][gc,metaspace] GC(809) Metaspace: 12877K(13248K)->12877K(13248K) NonClass: 11760K(11904K)->11760K(11904K) Class: 1117K(1344K)->1117K(1344K)
[2026-01-16T09:16:12.936+0000][gc          ] GC(809) Pause Young (Normal) (G1 Evacuation Pause) 432M->363M(1024M) 112.603ms
[2026-01-16T09:16:12.936+0000][gc,cpu      ] GC(809) User=0.11s Sys=0.01s Real=0.11s
[2026-01-16T09:16:19.361+0000][gc,start    ] GC(810) Pause Young (Normal) (G1 Evacuation Pause)
[2026-01-16T09:16:19.363+0000][gc,task     ] GC(810) Using 8 workers of 8 for evacuation
[2026-01-16T09:16:19.493+0000][gc,phases   ] GC(810)   Pre Evacuate Collection Set: 28.2ms
[2026-01-16T09:16:19.494+0000][gc,phases   ] GC(810)   Merge Heap Roots: 0.5ms
[2026-01-16T09:16:19.494+0000][gc,phases   ] GC(810)   Evacuate Collection Set: 93.9ms
[2026-01-16T09:16:19.495+0000][gc,phases   ] GC(810)   Post Evacuate Collection Set: 6.8ms
[2026-01-16T09:16:19.495+0000][gc,phases   ] GC(810)   Other: 1.3ms
[2026-01-16T09:16:19.496+0000][gc,heap     ] GC(810) Eden regions: 56->0(83)
[2026-01-16T09:16:19.496+0000][gc,heap     ] GC(810) Survivor regions: 2->1(8)
[2026-01-16T09:16:19.496+0000][gc,heap     ] GC(810) Old regions: 260->260
[2026-01-16T09:16:19.496+0000][gc,heap     ] GC(810) Humongous regions: 103->103
[2026-01-16T09:16:19.497+0000][gc,metaspace] GC(810) Metaspace: 12877K(13248K)->12877K(13248K) NonClass: 11760K(11904K)->11760K(11904K) Class: 1117K(1344K)->1117K(1344K)
[2026-01-16T09:16:19.498+0000][gc          ] GC(810) Pause Young (Normal) (G1 Evacuation Pause) 419M->363M(1024M) 136.755ms
[2026-01-16T09:16:19.498+0000][gc,cpu      ] GC(810) User=0.13s Sys=0.01s Real=0.14s
[2026-01-16T09:16:30.193+0000][gc,start    ] GC(811) Pause Young (Normal) (G1 Evacuation Pause)
[2026-01-16T09:16:30.199+0000][gc,task     ] GC(811) Using 8 workers of 8 for evacuation
[2026-01-16T09:16:30.456+0000][gc,mmu      ] GC(811) MMU target violated: 201.0ms (200.0ms/201.0ms)
[2026-01-16T09:16:30.458+0000][gc,phases   ] GC(811)   Pre Evacuate Collection Set: 40.2ms
[2026-01-16T09:16:30.459+0000][gc,phases   ] GC(811)   Merge Heap Roots: 21.7ms
[2026-01-16T09:16:30.459+0000][gc,phases   ] GC(811)   Evacuate Collection Set: 153.6ms
[2026-01-16T09:16:30.462+0000][gc,phases   ] GC(811)   Post Evacuate Collection Set: 32.9ms
[2026-01-16T09:16:30.466+0000][gc,phases   ] GC(811)   Other: 13.5ms
[2026-01-16T09:16:30.468+0000][gc,heap     ] GC(811) Eden regions: 110->0(75)
[2026-01-16T09:16:30.471+0000][gc,heap     ] GC(811) Survivor regions: 1->1(14)
[2026-01-16T09:16:30.472+0000][gc,heap     ] GC(811) Old regions: 260->260
[2026-01-16T09:16:30.479+0000][gc,heap     ] GC(811) Humongous regions: 103->103
[2026-01-16T09:16:30.480+0000][gc,metaspace] GC(811) Metaspace: 12878K(13248K)->12878K(13248K) NonClass: 11761K(11904K)->11761K(11904K) Class: 1117K(1344K)->1117K(1344K)
[2026-01-16T09:16:30.483+0000][gc          ] GC(811) Pause Young (Normal) (G1 Evacuation Pause) 473M->363M(1024M) 290.550ms
[2026-01-16T09:16:30.484+0000][gc,cpu      ] GC(811) User=0.17s Sys=0.02s Real=0.30s
[2026-01-16T09:16:37.977+0000][gc,start    ] GC(812) Pause Young (Normal) (G1 Evacuation Pause)
[2026-01-16T09:16:37.980+0000][gc,task     ] GC(812) Using 8 workers of 8 for evacuation
[2026-01-16T09:16:38.147+0000][gc,phases   ] GC(812)   Pre Evacuate Collection Set: 12.6ms
[2026-01-16T09:16:38.150+0000][gc,phases   ] GC(812)   Merge Heap Roots: 12.8ms
[2026-01-16T09:16:38.150+0000][gc,phases   ] GC(812)   Evacuate Collection Set: 94.7ms
[2026-01-16T09:16:38.151+0000][gc,phases   ] GC(812)   Post Evacuate Collection Set: 44.1ms
[2026-01-16T09:16:38.151+0000][gc,phases   ] GC(812)   Other: 3.2ms
[2026-01-16T09:16:38.152+0000][gc,heap     ] GC(812) Eden regions: 96->0(115)
[2026-01-16T09:16:38.152+0000][gc,heap     ] GC(812) Survivor regions: 1->1(13)
[2026-01-16T09:16:38.153+0000][gc,heap     ] GC(812) Old regions: 260->260
[2026-01-16T09:16:38.153+0000][gc,heap     ] GC(812) Humongous regions: 103->103
[2026-01-16T09:16:38.160+0000][gc,metaspace] GC(812) Metaspace: 12880K(13248K)->12880K(13248K) NonClass: 11762K(11904K)->11762K(11904K) Class: 1117K(1344K)->1117K(1344K)
[2026-01-16T09:16:38.161+0000][gc          ] GC(812) Pause Young (Normal) (G1 Evacuation Pause) 459M->363M(1024M) 184.509ms
[2026-01-16T09:16:38.165+0000][gc,cpu      ] GC(812) User=0.11s Sys=0.01s Real=0.19s
[2026-01-16T09:16:50.117+0000][gc,start    ] GC(813) Pause Young (Normal) (G1 Evacuation Pause)
[2026-01-16T09:16:50.125+0000][gc,task     ] GC(813) Using 8 workers of 8 for evacuation
[2026-01-16T09:16:50.374+0000][gc,mmu      ] GC(813) MMU target violated: 201.0ms (200.0ms/201.0ms)
[2026-01-16T09:16:50.376+0000][gc,phases   ] GC(813)   Pre Evacuate Collection Set: 15.7ms
[2026-01-16T09:16:50.376+0000][gc,phases   ] GC(813)   Merge Heap Roots: 5.5ms
[2026-01-16T09:16:50.381+0000][gc,phases   ] GC(813)   Evacuate Collection Set: 205.2ms
[2026-01-16T09:16:50.382+0000][gc,phases   ] GC(813)   Post Evacuate Collection Set: 21.2ms
[2026-01-16T09:16:50.382+0000][gc,phases   ] GC(813)   Other: 3.3ms
[2026-01-16T09:16:50.382+0000][gc,heap     ] GC(813) Eden regions: 135->0(61)
[2026-01-16T09:16:50.400+0000][gc,heap     ] GC(813) Survivor regions: 1->1(17)
[2026-01-16T09:16:50.401+0000][gc,heap     ] GC(813) Old regions: 260->260
[2026-01-16T09:16:50.401+0000][gc,heap     ] GC(813) Humongous regions: 103->103
[2026-01-16T09:16:50.402+0000][gc,metaspace] GC(813) Metaspace: 12885K(13248K)->12885K(13248K) NonClass: 11768K(11904K)->11768K(11904K) Class: 1117K(1344K)->1117K(1344K)
[2026-01-16T09:16:50.405+0000][gc          ] GC(813) Pause Young (Normal) (G1 Evacuation Pause) 498M->363M(1024M) 288.393ms
[2026-01-16T09:16:50.409+0000][gc,cpu      ] GC(813) User=0.13s Sys=0.02s Real=0.29s
[2026-01-16T09:16:56.918+0000][gc,start    ] GC(814) Pause Young (Normal) (G1 Evacuation Pause)
[2026-01-16T09:16:56.923+0000][gc,task     ] GC(814) Using 8 workers of 8 for evacuation
[2026-01-16T09:16:57.155+0000][gc,mmu      ] GC(814) MMU target violated: 201.0ms (200.0ms/201.0ms)
[2026-01-16T09:16:57.158+0000][gc,phases   ] GC(814)   Pre Evacuate Collection Set: 105.9ms
[2026-01-16T09:16:57.198+0000][gc,phases   ] GC(814)   Merge Heap Roots: 0.9ms
[2026-01-16T09:16:57.199+0000][gc,phases   ] GC(814)   Evacuate Collection Set: 111.4ms
[2026-01-16T09:16:57.200+0000][gc,phases   ] GC(814)   Post Evacuate Collection Set: 13.4ms
[2026-01-16T09:16:57.200+0000][gc,phases   ] GC(814)   Other: 3.5ms
[2026-01-16T09:16:57.201+0000][gc,heap     ] GC(814) Eden regions: 72->0(58)
[2026-01-16T09:16:57.210+0000][gc,heap     ] GC(814) Survivor regions: 1->1(10)
[2026-01-16T09:16:57.211+0000][gc,heap     ] GC(814) Old regions: 260->260
[2026-01-16T09:16:57.212+0000][gc,heap     ] GC(814) Humongous regions: 103->103
[2026-01-16T09:16:57.214+0000][gc,metaspace] GC(814) Metaspace: 12887K(13248K)->12887K(13248K) NonClass: 11769K(11904K)->11769K(11904K) Class: 1117K(1344K)->1117K(1344K)
[2026-01-16T09:16:57.216+0000][gc          ] GC(814) Pause Young (Normal) (G1 Evacuation Pause) 435M->362M(1024M) 298.663ms
[2026-01-16T09:16:57.217+0000][gc,cpu      ] GC(814) User=0.16s Sys=0.01s Real=0.31s
[2026-01-16T09:16:59.903+0000][gc,start    ] GC(815) Pause Young (Normal) (G1 Evacuation Pause)
[2026-01-16T09:16:59.907+0000][gc,task     ] GC(815) Using 8 workers of 8 for evacuation
[2026-01-16T09:17:00.118+0000][gc,mmu      ] GC(815) MMU target violated: 201.0ms (200.0ms/201.0ms)
[2026-01-16T09:17:00.119+0000][gc,phases   ] GC(815)   Pre Evacuate Collection Set: 20.2ms
[2026-01-16T09:17:00.122+0000][gc,phases   ] GC(815)   Merge Heap Roots: 4.8ms
[2026-01-16T09:17:00.122+0000][gc,phases   ] GC(815)   Evacuate Collection Set: 176.8ms
[2026-01-16T09:17:00.124+0000][gc,phases   ] GC(815)   Post Evacuate Collection Set: 6.4ms
[2026-01-16T09:17:00.124+0000][gc,phases   ] GC(815)   Other: 3.9ms
[2026-01-16T09:17:00.125+0000][gc,heap     ] GC(815) Eden regions: 72->0(49)
[2026-01-16T09:17:00.125+0000][gc,heap     ] GC(815) Survivor regions: 1->2(10)
[2026-01-16T09:17:00.125+0000][gc,heap     ] GC(815) Old regions: 260->260
[2026-01-16T09:17:00.126+0000][gc,heap     ] GC(815) Humongous regions: 103->103
[2026-01-16T09:17:00.126+0000][gc,metaspace] GC(815) Metaspace: 12887K(13248K)->12887K(13248K) NonClass: 11769K(11904K)->11769K(11904K) Class: 1117K(1344K)->1117K(1344K)
[2026-01-16T09:17:00.127+0000][gc          ] GC(815) Pause Young (Normal) (G1 Evacuation Pause) 434M->363M(1024M) 223.638ms
[2026-01-16T09:17:00.127+0000][gc,cpu      ] GC(815) User=0.12s Sys=0.01s Real=0.23s
[2026-01-16T09:17:07.279+0000][gc,start    ] GC(816) Pause Young (Normal) (G1 Evacuation Pause)
[2026-01-16T09:17:07.280+0000][gc,task     ] GC(816) Using 8 workers of 8 for evacuation
[2026-01-16T09:17:07.405+0000][gc,phases   ] GC(816)   Pre Evacuate Collection Set: 21.3ms
[2026-01-16T09:17:07.425+0000][gc,phases   ] GC(816)   Merge Heap Roots: 2.4ms
[2026-01-16T09:17:07.435+0000][gc,phases   ] GC(816)   Evacuate Collection Set: 78.4ms
[2026-01-16T09:17:07.435+0000][gc,phases   ] GC(816)   Post Evacuate Collection Set: 21.1ms
[2026-01-16T09:17:07.435+0000][gc,phases   ] GC(816)   Other: 2.4ms
[2026-01-16T09:17:07.435+0000][gc,heap     ] GC(816) Eden regions: 51->0(120)
[2026-01-16T09:17:07.437+0000][gc,heap     ] GC(816) Survivor regions: 2->1(7)
[2026-01-16T09:17:07.437+0000][gc,heap     ] GC(816) Old regions: 260->260
[2026-01-16T09:17:07.438+0000][gc,heap     ] GC(816) Humongous regions: 103->103
[2026-01-16T09:17:07.439+0000][gc,metaspace] GC(816) Metaspace: 12887K(13248K)->12887K(13248K) NonClass: 11769K(11904K)->11769K(11904K) Class: 1117K(1344K)->1117K(1344K)
[2026-01-16T09:17:07.439+0000][gc          ] GC(816) Pause Young (Normal) (G1 Evacuation Pause) 414M->363M(1024M) 160.967ms
[2026-01-16T09:17:07.440+0000][gc,cpu      ] GC(816) User=0.08s Sys=0.01s Real=0.16s
[2026-01-16T09:17:16.872+0000][gc,start    ] GC(817) Pause Young (Normal) (G1 Evacuation Pause)
[2026-01-16T09:17:16.876+0000][gc,task     ] GC(817) Using 8 workers of 8 for evacuation
[2026-01-16T09:17:17.055+0000][gc,phases   ] GC(817)   Pre Evacuate Collection Set: 44.3ms
[2026-01-16T09:17:17.056+0000][gc,phases   ] GC(817)   Merge Heap Roots: 4.8ms
[2026-01-16T09:17:17.057+0000][gc,phases   ] GC(817)   Evacuate Collection Set: 115.5ms
[2026-01-16T09:17:17.057+0000][gc,phases   ] GC(817)   Post Evacuate Collection Set: 8.8ms
[2026-01-16T09:17:17.063+0000][gc,phases   ] GC(817)   Other: 5.6ms
[2026-01-16T09:17:17.063+0000][gc,heap     ] GC(817) Eden regions: 112->0(146)
[2026-01-16T09:17:17.064+0000][gc,heap     ] GC(817) Survivor regions: 1->1(15)
[2026-01-16T09:17:17.065+0000][gc,heap     ] GC(817) Old regions: 260->260
[2026-01-16T09:17:17.066+0000][gc,heap     ] GC(817) Humongous regions: 103->103
[2026-01-16T09:17:17.066+0000][gc,metaspace] GC(817) Metaspace: 12887K(13248K)->12887K(13248K) NonClass: 11769K(11904K)->11769K(11904K) Class: 1117K(1344K)->1117K(1344K)
[2026-01-16T09:17:17.067+0000][gc          ] GC(817) Pause Young (Normal) (G1 Evacuation Pause) 475M->362M(1024M) 195.652ms
[2026-01-16T09:17:17.069+0000][gc,cpu      ] GC(817) User=0.09s Sys=0.01s Real=0.20s
[2026-01-16T09:17:29.191+0000][gc,start    ] GC(818) Pause Young (Normal) (G1 Evacuation Pause)
[2026-01-16T09:17:29.195+0000][gc,task     ] GC(818) Using 8 workers of 8 for evacuation
[2026-01-16T09:17:29.588+0000][gc,mmu      ] GC(818) MMU target violated: 201.0ms (200.0ms/201.0ms)
[2026-01-16T09:17:29.589+0000][gc,phases   ] GC(818)   Pre Evacuate Collection Set: 53.1ms
[2026-01-16T09:17:29.589+0000][gc,phases   ] GC(818)   Merge Heap Roots: 2.9ms
[2026-01-16T09:17:29.589+0000][gc,phases   ] GC(818)   Evacuate Collection Set: 283.0ms
[2026-01-16T09:17:29.591+0000][gc,phases   ] GC(818)   Post Evacuate Collection Set: 18.9ms
[2026-01-16T09:17:29.592+0000][gc,phases   ] GC(818)   Other: 36.1ms
[2026-01-16T09:17:29.593+0000][gc,heap     ] GC(818) Eden regions: 137->0(75)
[2026-01-16T09:17:29.593+0000][gc,heap     ] GC(818) Survivor regions: 1->1(18)
[2026-01-16T09:17:29.593+0000][gc,heap     ] GC(818) Old regions: 260->260
[2026-01-16T09:17:29.594+0000][gc,heap     ] GC(818) Humongous regions: 103->103
[2026-01-16T09:17:29.595+0000][gc,metaspace] GC(818) Metaspace: 12887K(13248K)->12887K(13248K) NonClass: 11769K(11904K)->11769K(11904K) Class: 1117K(1344K)->1117K(1344K)
[2026-01-16T09:17:29.597+0000][gc          ] GC(818) Pause Young (Normal) (G1 Evacuation Pause) 499M->363M(1024M) 405.682ms
[2026-01-16T09:17:29.602+0000][gc,cpu      ] GC(818) User=0.17s Sys=0.03s Real=0.41s
[2026-01-16T09:17:36.236+0000][gc,start    ] GC(819) Pause Young (Normal) (G1 Evacuation Pause)
[2026-01-16T09:17:36.241+0000][gc,task     ] GC(819) Using 8 workers of 8 for evacuation
[2026-01-16T09:17:36.375+0000][gc,phases   ] GC(819)   Pre Evacuate Collection Set: 13.5ms
[2026-01-16T09:17:36.376+0000][gc,phases   ] GC(819)   Merge Heap Roots: 4.1ms
[2026-01-16T09:17:36.377+0000][gc,phases   ] GC(819)   Evacuate Collection Set: 102.7ms
[2026-01-16T09:17:36.380+0000][gc,phases   ] GC(819)   Post Evacuate Collection Set: 12.3ms
[2026-01-16T09:17:36.380+0000][gc,phases   ] GC(819)   Other: 1.4ms
[2026-01-16T09:17:36.381+0000][gc,heap     ] GC(819) Eden regions: 83->0(206)
[2026-01-16T09:17:36.387+0000][gc,heap     ] GC(819) Survivor regions: 1->1(11)
[2026-01-16T09:17:36.388+0000][gc,heap     ] GC(819) Old regions: 260->260
[2026-01-16T09:17:36.389+0000][gc,heap     ] GC(819) Humongous regions: 103->103
[2026-01-16T09:17:36.391+0000][gc,metaspace] GC(819) Metaspace: 12887K(13248K)->12887K(13248K) NonClass: 11769K(11904K)->11769K(11904K) Class: 1117K(1344K)->1117K(1344K)
[2026-01-16T09:17:36.395+0000][gc          ] GC(819) Pause Young (Normal) (G1 Evacuation Pause) 446M->362M(1024M) 158.769ms
[2026-01-16T09:17:36.395+0000][gc,cpu      ] GC(819) User=0.08s Sys=0.01s Real=0.17s
[2026-01-16T09:17:53.637+0000][gc,start    ] GC(820) Pause Young (Normal) (G1 Evacuation Pause)
[2026-01-16T09:17:53.639+0000][gc,task     ] GC(820) Using 8 workers of 8 for evacuation
[2026-01-16T09:17:54.731+0000][gc,mmu      ] GC(820) MMU target violated: 201.0ms (200.0ms/201.0ms)
[2026-01-16T09:17:54.753+0000][gc,phases   ] GC(820)   Pre Evacuate Collection Set: 65.8ms
[2026-01-16T09:17:54.755+0000][gc,phases   ] GC(820)   Merge Heap Roots: 5.7ms
[2026-01-16T09:17:54.757+0000][gc,phases   ] GC(820)   Evacuate Collection Set: 830.9ms
[2026-01-16T09:17:54.771+0000][gc,phases   ] GC(820)   Post Evacuate Collection Set: 185.3ms
[2026-01-16T09:17:54.772+0000][gc,phases   ] GC(820)   Other: 26.1ms
[2026-01-16T09:17:54.774+0000][gc,heap     ] GC(820) Eden regions: 195->0(49)
[2026-01-16T09:17:54.776+0000][gc,heap     ] GC(820) Survivor regions: 1->2(25)
[2026-01-16T09:17:54.776+0000][gc,heap     ] GC(820) Old regions: 260->260
[2026-01-16T09:17:54.783+0000][gc,heap     ] GC(820) Humongous regions: 103->103
[2026-01-16T09:17:54.784+0000][gc,metaspace] GC(820) Metaspace: 12890K(13248K)->12890K(13248K) NonClass: 11773K(11904K)->11773K(11904K) Class: 1117K(1344K)->1117K(1344K)
[2026-01-16T09:17:54.795+0000][gc          ] GC(820) Pause Young (Normal) (G1 Evacuation Pause) 557M->363M(1024M) 1159.437ms
[2026-01-16T09:17:54.797+0000][gc,cpu      ] GC(820) User=0.66s Sys=0.08s Real=1.16s
[2026-01-16T09:17:59.505+0000][gc,start    ] GC(821) Pause Young (Normal) (G1 Evacuation Pause)
[2026-01-16T09:17:59.507+0000][gc,task     ] GC(821) Using 8 workers of 8 for evacuation
[2026-01-16T09:17:59.638+0000][gc,phases   ] GC(821)   Pre Evacuate Collection Set: 18.0ms
[2026-01-16T09:17:59.640+0000][gc,phases   ] GC(821)   Merge Heap Roots: 0.6ms
[2026-01-16T09:17:59.640+0000][gc,phases   ] GC(821)   Evacuate Collection Set: 101.9ms
[2026-01-16T09:17:59.643+0000][gc,phases   ] GC(821)   Post Evacuate Collection Set: 9.3ms
[2026-01-16T09:17:59.643+0000][gc,phases   ] GC(821)   Other: 1.0ms
[2026-01-16T09:17:59.643+0000][gc,heap     ] GC(821) Eden regions: 49->0(50)
[2026-01-16T09:17:59.643+0000][gc,heap     ] GC(821) Survivor regions: 2->1(7)
[2026-01-16T09:17:59.644+0000][gc,heap     ] GC(821) Old regions: 260->260
[2026-01-16T09:17:59.644+0000][gc,heap     ] GC(821) Humongous regions: 103->103
[2026-01-16T09:17:59.644+0000][gc,metaspace] GC(821) Metaspace: 12890K(13248K)->12890K(13248K) NonClass: 11773K(11904K)->11773K(11904K) Class: 1117K(1344K)->1117K(1344K)
[2026-01-16T09:17:59.645+0000][gc          ] GC(821) Pause Young (Normal) (G1 Evacuation Pause) 412M->363M(1024M) 139.754ms
[2026-01-16T09:17:59.645+0000][gc,cpu      ] GC(821) User=0.09s Sys=0.01s Real=0.14s
[2026-01-16T09:18:02.345+0000][gc,start    ] GC(822) Pause Young (Normal) (G1 Evacuation Pause)
[2026-01-16T09:18:02.349+0000][gc,task     ] GC(822) Using 8 workers of 8 for evacuation
[2026-01-16T09:18:02.575+0000][gc,mmu      ] GC(822) MMU target violated: 201.0ms (200.0ms/201.0ms)
[2026-01-16T09:18:02.579+0000][gc,phases   ] GC(822)   Pre Evacuate Collection Set: 46.0ms
[2026-01-16T09:18:02.582+0000][gc,phases   ] GC(822)   Merge Heap Roots: 2.6ms
[2026-01-16T09:18:02.584+0000][gc,phases   ] GC(822)   Evacuate Collection Set: 168.0ms
[2026-01-16T09:18:02.590+0000][gc,phases   ] GC(822)   Post Evacuate Collection Set: 8.3ms
[2026-01-16T09:18:02.590+0000][gc,phases   ] GC(822)   Other: 5.6ms
[2026-01-16T09:18:02.590+0000][gc,heap     ] GC(822) Eden regions: 50->0(49)
[2026-01-16T09:18:02.593+0000][gc,heap     ] GC(822) Survivor regions: 1->2(7)
[2026-01-16T09:18:02.593+0000][gc,heap     ] GC(822) Old regions: 260->260
[2026-01-16T09:18:02.599+0000][gc,heap     ] GC(822) Humongous regions: 103->103
[2026-01-16T09:18:02.601+0000][gc,metaspace] GC(822) Metaspace: 12890K(13248K)->12890K(13248K) NonClass: 11773K(11904K)->11773K(11904K) Class: 1117K(1344K)->1117K(1344K)
[2026-01-16T09:18:02.604+0000][gc          ] GC(822) Pause Young (Normal) (G1 Evacuation Pause) 413M->363M(1024M) 259.397ms
[2026-01-16T09:18:02.604+0000][gc,cpu      ] GC(822) User=0.08s Sys=0.01s Real=0.27s
[2026-01-16T09:18:06.175+0000][gc,start    ] GC(823) Pause Young (Normal) (G1 Evacuation Pause)
[2026-01-16T09:18:06.178+0000][gc,task     ] GC(823) Using 8 workers of 8 for evacuation
[2026-01-16T09:18:06.389+0000][gc,mmu      ] GC(823) MMU target violated: 201.0ms (200.0ms/201.0ms)
[2026-01-16T09:18:06.389+0000][gc,phases   ] GC(823)   Pre Evacuate Collection Set: 86.4ms
[2026-01-16T09:18:06.390+0000][gc,phases   ] GC(823)   Merge Heap Roots: 11.4ms
[2026-01-16T09:18:06.390+0000][gc,phases   ] GC(823)   Evacuate Collection Set: 76.5ms
[2026-01-16T09:18:06.390+0000][gc,phases   ] GC(823)   Post Evacuate Collection Set: 35.6ms
[2026-01-16T09:18:06.391+0000][gc,phases   ] GC(823)   Other: 3.6ms
[2026-01-16T09:18:06.393+0000][gc,heap     ] GC(823) Eden regions: 49->0(50)
[2026-01-16T09:18:06.394+0000][gc,heap     ] GC(823) Survivor regions: 2->1(7)
[2026-01-16T09:18:06.394+0000][gc,heap     ] GC(823) Old regions: 260->260
[2026-01-16T09:18:06.395+0000][gc,heap     ] GC(823) Humongous regions: 103->103
[2026-01-16T09:18:06.395+0000][gc,metaspace] GC(823) Metaspace: 12890K(13248K)->12890K(13248K) NonClass: 11773K(11904K)->11773K(11904K) Class: 1117K(1344K)->1117K(1344K)
[2026-01-16T09:18:06.404+0000][gc          ] GC(823) Pause Young (Normal) (G1 Evacuation Pause) 412M->362M(1024M) 229.617ms
[2026-01-16T09:18:06.405+0000][gc,cpu      ] GC(823) User=0.12s Sys=0.01s Real=0.23s
[2026-01-16T09:18:10.622+0000][gc,start    ] GC(824) Pause Young (Normal) (G1 Evacuation Pause)
[2026-01-16T09:18:10.630+0000][gc,task     ] GC(824) Using 8 workers of 8 for evacuation
[2026-01-16T09:18:10.978+0000][gc,mmu      ] GC(824) MMU target violated: 201.0ms (200.0ms/201.0ms)
[2026-01-16T09:18:10.990+0000][gc,phases   ] GC(824)   Pre Evacuate Collection Set: 16.7ms
[2026-01-16T09:18:10.990+0000][gc,phases   ] GC(824)   Merge Heap Roots: 3.0ms
[2026-01-16T09:18:11.002+0000][gc,phases   ] GC(824)   Evacuate Collection Set: 282.3ms
[2026-01-16T09:18:11.003+0000][gc,phases   ] GC(824)   Post Evacuate Collection Set: 38.2ms
[2026-01-16T09:18:11.004+0000][gc,phases   ] GC(824)   Other: 25.3ms
[2026-01-16T09:18:11.006+0000][gc,heap     ] GC(824) Eden regions: 50->0(50)
[2026-01-16T09:18:11.007+0000][gc,heap     ] GC(824) Survivor regions: 1->1(7)
[2026-01-16T09:18:11.008+0000][gc,heap     ] GC(824) Old regions: 260->260
[2026-01-16T09:18:11.009+0000][gc,heap     ] GC(824) Humongous regions: 103->103
[2026-01-16T09:18:11.010+0000][gc,metaspace] GC(824) Metaspace: 12890K(13248K)->12890K(13248K) NonClass: 11773K(11904K)->11773K(11904K) Class: 1117K(1344K)->1117K(1344K)
[2026-01-16T09:18:11.011+0000][gc          ] GC(824) Pause Young (Normal) (G1 Evacuation Pause) 412M->363M(1024M) 389.511ms
[2026-01-16T09:18:11.012+0000][gc,cpu      ] GC(824) User=0.17s Sys=0.02s Real=0.39s
[2026-01-16T09:18:13.154+0000][gc,start    ] GC(825) Pause Young (Normal) (G1 Evacuation Pause)
[2026-01-16T09:18:13.156+0000][gc,task     ] GC(825) Using 8 workers of 8 for evacuation
[2026-01-16T09:18:13.289+0000][gc,phases   ] GC(825)   Pre Evacuate Collection Set: 13.7ms
[2026-01-16T09:18:13.291+0000][gc,phases   ] GC(825)   Merge Heap Roots: 0.8ms
[2026-01-16T09:18:13.291+0000][gc,phases   ] GC(825)   Evacuate Collection Set: 94.2ms
[2026-01-16T09:18:13.292+0000][gc,phases   ] GC(825)   Post Evacuate Collection Set: 16.0ms
[2026-01-16T09:18:13.302+0000][gc,phases   ] GC(825)   Other: 9.0ms
[2026-01-16T09:18:13.306+0000][gc,heap     ] GC(825) Eden regions: 50->0(49)
[2026-01-16T09:18:13.306+0000][gc,heap     ] GC(825) Survivor regions: 1->2(7)
[2026-01-16T09:18:13.306+0000][gc,heap     ] GC(825) Old regions: 260->260
[2026-01-16T09:18:13.307+0000][gc,heap     ] GC(825) Humongous regions: 103->103
[2026-01-16T09:18:13.310+0000][gc,metaspace] GC(825) Metaspace: 12890K(13248K)->12890K(13248K) NonClass: 11773K(11904K)->11773K(11904K) Class: 1117K(1344K)->1117K(1344K)
[2026-01-16T09:18:13.321+0000][gc          ] GC(825) Pause Young (Normal) (G1 Evacuation Pause) 413M->364M(1024M) 166.346ms
[2026-01-16T09:18:13.323+0000][gc,cpu      ] GC(825) User=0.08s Sys=0.01s Real=0.17s
[2026-01-16T09:18:17.612+0000][gc,start    ] GC(826) Pause Young (Normal) (G1 Evacuation Pause)
[2026-01-16T09:18:17.620+0000][gc,task     ] GC(826) Using 8 workers of 8 for evacuation
[2026-01-16T09:18:17.717+0000][gc,phases   ] GC(826)   Pre Evacuate Collection Set: 18.6ms
[2026-01-16T09:18:17.717+0000][gc,phases   ] GC(826)   Merge Heap Roots: 7.9ms
[2026-01-16T09:18:17.717+0000][gc,phases   ] GC(826)   Evacuate Collection Set: 52.9ms
[2026-01-16T09:18:17.718+0000][gc,phases   ] GC(826)   Post Evacuate Collection Set: 11.5ms
[2026-01-16T09:18:17.718+0000][gc,phases   ] GC(826)   Other: 5.9ms
[2026-01-16T09:18:17.719+0000][gc,heap     ] GC(826) Eden regions: 49->0(50)
[2026-01-16T09:18:17.721+0000][gc,heap     ] GC(826) Survivor regions: 2->1(7)
[2026-01-16T09:18:17.722+0000][gc,heap     ] GC(826) Old regions: 260->260
[2026-01-16T09:18:17.722+0000][gc,heap     ] GC(826) Humongous regions: 103->103
[2026-01-16T09:18:17.725+0000][gc,metaspace] GC(826) Metaspace: 12891K(13248K)->12891K(13248K) NonClass: 11773K(11904K)->11773K(11904K) Class: 1117K(1344K)->1117K(1344K)
[2026-01-16T09:18:17.727+0000][gc          ] GC(826) Pause Young (Normal) (G1 Evacuation Pause) 413M->363M(1024M) 114.977ms
[2026-01-16T09:18:17.727+0000][gc,cpu      ] GC(826) User=0.08s Sys=0.01s Real=0.12s
[2026-01-16T09:18:19.865+0000][gc,start    ] GC(827) Pause Young (Normal) (G1 Evacuation Pause)
[2026-01-16T09:18:19.871+0000][gc,task     ] GC(827) Using 8 workers of 8 for evacuation
[2026-01-16T09:18:19.928+0000][gc,phases   ] GC(827)   Pre Evacuate Collection Set: 5.5ms
[2026-01-16T09:18:19.928+0000][gc,phases   ] GC(827)   Merge Heap Roots: 2.4ms
[2026-01-16T09:18:19.928+0000][gc,phases   ] GC(827)   Evacuate Collection Set: 42.3ms
[2026-01-16T09:18:19.928+0000][gc,phases   ] GC(827)   Post Evacuate Collection Set: 5.5ms
[2026-01-16T09:18:19.929+0000][gc,phases   ] GC(827)   Other: 1.2ms
[2026-01-16T09:18:19.929+0000][gc,heap     ] GC(827) Eden regions: 50->0(49)
[2026-01-16T09:18:19.930+0000][gc,heap     ] GC(827) Survivor regions: 1->2(7)
[2026-01-16T09:18:19.930+0000][gc,heap     ] GC(827) Old regions: 260->260
[2026-01-16T09:18:19.931+0000][gc,heap     ] GC(827) Humongous regions: 103->103
[2026-01-16T09:18:19.931+0000][gc,metaspace] GC(827) Metaspace: 12891K(13248K)->12891K(13248K) NonClass: 11773K(11904K)->11773K(11904K) Class: 1117K(1344K)->1117K(1344K)
[2026-01-16T09:18:19.932+0000][gc          ] GC(827) Pause Young (Normal) (G1 Evacuation Pause) 413M->364M(1024M) 66.948ms
[2026-01-16T09:18:19.933+0000][gc,cpu      ] GC(827) User=0.07s Sys=0.01s Real=0.06s
[2026-01-16T09:18:27.110+0000][gc,start    ] GC(828) Pause Young (Normal) (G1 Evacuation Pause)
[2026-01-16T09:18:27.117+0000][gc,task     ] GC(828) Using 8 workers of 8 for evacuation
[2026-01-16T09:18:27.227+0000][gc,phases   ] GC(828)   Pre Evacuate Collection Set: 33.4ms
[2026-01-16T09:18:27.228+0000][gc,phases   ] GC(828)   Merge Heap Roots: 6.4ms
[2026-01-16T09:18:27.230+0000][gc,phases   ] GC(828)   Evacuate Collection Set: 57.2ms
[2026-01-16T09:18:27.230+0000][gc,phases   ] GC(828)   Post Evacuate Collection Set: 12.2ms
[2026-01-16T09:18:27.231+0000][gc,phases   ] GC(828)   Other: 1.6ms
[2026-01-16T09:18:27.231+0000][gc,heap     ] GC(828) Eden regions: 49->0(123)
[2026-01-16T09:18:27.232+0000][gc,heap     ] GC(828) Survivor regions: 2->1(7)
[2026-01-16T09:18:27.232+0000][gc,heap     ] GC(828) Old regions: 260->260
[2026-01-16T09:18:27.234+0000][gc,heap     ] GC(828) Humongous regions: 103->103
[2026-01-16T09:18:27.235+0000][gc,metaspace] GC(828) Metaspace: 12891K(13248K)->12891K(13248K) NonClass: 11773K(11904K)->11773K(11904K) Class: 1117K(1344K)->1117K(1344K)
[2026-01-16T09:18:27.236+0000][gc          ] GC(828) Pause Young (Normal) (G1 Evacuation Pause) 413M->363M(1024M) 126.422ms
[2026-01-16T09:18:27.237+0000][gc,cpu      ] GC(828) User=0.06s Sys=0.02s Real=0.13s
[2026-01-16T09:18:39.156+0000][gc,start    ] GC(829) Pause Young (Normal) (G1 Evacuation Pause)
[2026-01-16T09:18:39.158+0000][gc,task     ] GC(829) Using 8 workers of 8 for evacuation
[2026-01-16T09:18:39.569+0000][gc,mmu      ] GC(829) MMU target violated: 201.0ms (200.0ms/201.0ms)
[2026-01-16T09:18:39.589+0000][gc,phases   ] GC(829)   Pre Evacuate Collection Set: 54.1ms
[2026-01-16T09:18:39.591+0000][gc,phases   ] GC(829)   Merge Heap Roots: 5.7ms
[2026-01-16T09:18:39.591+0000][gc,phases   ] GC(829)   Evacuate Collection Set: 315.2ms
[2026-01-16T09:18:39.591+0000][gc,phases   ] GC(829)   Post Evacuate Collection Set: 30.1ms
[2026-01-16T09:18:39.592+0000][gc,phases   ] GC(829)   Other: 26.4ms
[2026-01-16T09:18:39.593+0000][gc,heap     ] GC(829) Eden regions: 126->0(55)
[2026-01-16T09:18:39.593+0000][gc,heap     ] GC(829) Survivor regions: 1->1(16)
[2026-01-16T09:18:39.593+0000][gc,heap     ] GC(829) Old regions: 260->260
[2026-01-16T09:18:39.593+0000][gc,heap     ] GC(829) Humongous regions: 103->103
[2026-01-16T09:18:39.594+0000][gc,metaspace] GC(829) Metaspace: 12891K(13248K)->12891K(13248K) NonClass: 11773K(11904K)->11773K(11904K) Class: 1117K(1344K)->1117K(1344K)
[2026-01-16T09:18:39.594+0000][gc          ] GC(829) Pause Young (Normal) (G1 Evacuation Pause) 489M->363M(1024M) 438.290ms
[2026-01-16T09:18:39.595+0000][gc,cpu      ] GC(829) User=0.15s Sys=0.02s Real=0.44s
[2026-01-16T09:18:41.553+0000][gc,start    ] GC(830) Pause Young (Normal) (G1 Evacuation Pause)
[2026-01-16T09:18:41.557+0000][gc,task     ] GC(830) Using 8 workers of 8 for evacuation
[2026-01-16T09:18:41.734+0000][gc,phases   ] GC(830)   Pre Evacuate Collection Set: 23.5ms
[2026-01-16T09:18:41.734+0000][gc,phases   ] GC(830)   Merge Heap Roots: 10.0ms
[2026-01-16T09:18:41.735+0000][gc,phases   ] GC(830)   Evacuate Collection Set: 121.7ms
[2026-01-16T09:18:41.735+0000][gc,phases   ] GC(830)   Post Evacuate Collection Set: 17.9ms
[2026-01-16T09:18:41.740+0000][gc,phases   ] GC(830)   Other: 4.5ms
[2026-01-16T09:18:41.741+0000][gc,heap     ] GC(830) Eden regions: 55->0(49)
[2026-01-16T09:18:41.741+0000][gc,heap     ] GC(830) Survivor regions: 1->2(7)
[2026-01-16T09:18:41.742+0000][gc,heap     ] GC(830) Old regions: 260->260
[2026-01-16T09:18:41.743+0000][gc,heap     ] GC(830) Humongous regions: 103->103
[2026-01-16T09:18:41.743+0000][gc,metaspace] GC(830) Metaspace: 12891K(13248K)->12891K(13248K) NonClass: 11773K(11904K)->11773K(11904K) Class: 1117K(1344K)->1117K(1344K)
[2026-01-16T09:18:41.744+0000][gc          ] GC(830) Pause Young (Normal) (G1 Evacuation Pause) 418M->364M(1024M) 191.299ms
[2026-01-16T09:18:41.745+0000][gc,cpu      ] GC(830) User=0.11s Sys=0.01s Real=0.19s
[2026-01-16T09:18:47.897+0000][gc,start    ] GC(831) Pause Young (Normal) (G1 Evacuation Pause)
[2026-01-16T09:18:47.911+0000][gc,task     ] GC(831) Using 8 workers of 8 for evacuation
[2026-01-16T09:18:48.042+0000][gc,phases   ] GC(831)   Pre Evacuate Collection Set: 18.3ms
[2026-01-16T09:18:48.043+0000][gc,phases   ] GC(831)   Merge Heap Roots: 5.8ms
[2026-01-16T09:18:48.043+0000][gc,phases   ] GC(831)   Evacuate Collection Set: 87.6ms
[2026-01-16T09:18:48.044+0000][gc,phases   ] GC(831)   Post Evacuate Collection Set: 10.9ms
[2026-01-16T09:18:48.044+0000][gc,phases   ] GC(831)   Other: 10.0ms
[2026-01-16T09:18:48.045+0000][gc,heap     ] GC(831) Eden regions: 49->0(113)
[2026-01-16T09:18:48.046+0000][gc,heap     ] GC(831) Survivor regions: 2->1(7)
[2026-01-16T09:18:48.046+0000][gc,heap     ] GC(831) Old regions: 260->260
[2026-01-16T09:18:48.047+0000][gc,heap     ] GC(831) Humongous regions: 103->103
[2026-01-16T09:18:48.047+0000][gc,metaspace] GC(831) Metaspace: 12892K(13248K)->12892K(13248K) NonClass: 11775K(11904K)->11775K(11904K) Class: 1117K(1344K)->1117K(1344K)
[2026-01-16T09:18:48.047+0000][gc          ] GC(831) Pause Young (Normal) (G1 Evacuation Pause) 413M->363M(1024M) 150.330ms
[2026-01-16T09:18:48.048+0000][gc,cpu      ] GC(831) User=0.11s Sys=0.00s Real=0.15s
[2026-01-16T09:18:58.761+0000][gc,start    ] GC(832) Pause Young (Normal) (G1 Evacuation Pause)
[2026-01-16T09:18:58.797+0000][gc,task     ] GC(832) Using 8 workers of 8 for evacuation
[2026-01-16T09:18:59.355+0000][gc,mmu      ] GC(832) MMU target violated: 201.0ms (200.0ms/201.0ms)
[2026-01-16T09:18:59.364+0000][gc,phases   ] GC(832)   Pre Evacuate Collection Set: 115.3ms
[2026-01-16T09:18:59.365+0000][gc,phases   ] GC(832)   Merge Heap Roots: 28.1ms
[2026-01-16T09:18:59.371+0000][gc,phases   ] GC(832)   Evacuate Collection Set: 327.2ms
[2026-01-16T09:18:59.372+0000][gc,phases   ] GC(832)   Post Evacuate Collection Set: 76.5ms
[2026-01-16T09:18:59.373+0000][gc,phases   ] GC(832)   Other: 30.6ms
[2026-01-16T09:18:59.376+0000][gc,heap     ] GC(832) Eden regions: 112->0(50)
[2026-01-16T09:18:59.377+0000][gc,heap     ] GC(832) Survivor regions: 1->1(15)
[2026-01-16T09:18:59.378+0000][gc,heap     ] GC(832) Old regions: 260->260
[2026-01-16T09:18:59.378+0000][gc,heap     ] GC(832) Humongous regions: 103->103
[2026-01-16T09:18:59.379+0000][gc,metaspace] GC(832) Metaspace: 12896K(13248K)->12896K(13248K) NonClass: 11779K(11904K)->11779K(11904K) Class: 1117K(1344K)->1117K(1344K)
[2026-01-16T09:18:59.386+0000][gc          ] GC(832) Pause Young (Normal) (G1 Evacuation Pause) 475M->363M(1024M) 625.307ms
[2026-01-16T09:18:59.389+0000][gc,cpu      ] GC(832) User=0.15s Sys=0.04s Real=0.63s
[2026-01-16T09:19:04.447+0000][gc,start    ] GC(833) Pause Young (Normal) (G1 Evacuation Pause)
[2026-01-16T09:19:04.449+0000][gc,task     ] GC(833) Using 8 workers of 8 for evacuation
[2026-01-16T09:19:04.562+0000][gc,phases   ] GC(833)   Pre Evacuate Collection Set: 13.5ms
[2026-01-16T09:19:04.563+0000][gc,phases   ] GC(833)   Merge Heap Roots: 1.7ms
[2026-01-16T09:19:04.564+0000][gc,phases   ] GC(833)   Evacuate Collection Set: 74.6ms
[2026-01-16T09:19:04.564+0000][gc,phases   ] GC(833)   Post Evacuate Collection Set: 22.8ms
[2026-01-16T09:19:04.567+0000][gc,phases   ] GC(833)   Other: 1.0ms
[2026-01-16T09:19:04.571+0000][gc,heap     ] GC(833) Eden regions: 50->0(49)
[2026-01-16T09:19:04.572+0000][gc,heap     ] GC(833) Survivor regions: 1->2(7)
[2026-01-16T09:19:04.574+0000][gc,heap     ] GC(833) Old regions: 260->260
[2026-01-16T09:19:04.575+0000][gc,heap     ] GC(833) Humongous regions: 103->103
[2026-01-16T09:19:04.575+0000][gc,metaspace] GC(833) Metaspace: 12896K(13248K)->12896K(13248K) NonClass: 11779K(11904K)->11779K(11904K) Class: 1117K(1344K)->1117K(1344K)
[2026-01-16T09:19:04.576+0000][gc          ] GC(833) Pause Young (Normal) (G1 Evacuation Pause) 413M->363M(1024M) 128.374ms
[2026-01-16T09:19:04.577+0000][gc,cpu      ] GC(833) User=0.06s Sys=0.04s Real=0.13s
[2026-01-16T09:19:06.970+0000][gc,start    ] GC(834) Pause Young (Normal) (G1 Evacuation Pause)
[2026-01-16T09:19:06.972+0000][gc,task     ] GC(834) Using 8 workers of 8 for evacuation
[2026-01-16T09:19:07.104+0000][gc,phases   ] GC(834)   Pre Evacuate Collection Set: 9.9ms
[2026-01-16T09:19:07.104+0000][gc,phases   ] GC(834)   Merge Heap Roots: 0.6ms
[2026-01-16T09:19:07.104+0000][gc,phases   ] GC(834)   Evacuate Collection Set: 110.3ms
[2026-01-16T09:19:07.104+0000][gc,phases   ] GC(834)   Post Evacuate Collection Set: 9.1ms
[2026-01-16T09:19:07.104+0000][gc,phases   ] GC(834)   Other: 1.4ms
[2026-01-16T09:19:07.104+0000][gc,heap     ] GC(834) Eden regions: 49->0(118)
[2026-01-16T09:19:07.104+0000][gc,heap     ] GC(834) Survivor regions: 2->1(7)
[2026-01-16T09:19:07.104+0000][gc,heap     ] GC(834) Old regions: 260->260
[2026-01-16T09:19:07.105+0000][gc,heap     ] GC(834) Humongous regions: 103->103
[2026-01-16T09:19:07.105+0000][gc,metaspace] GC(834) Metaspace: 12896K(13248K)->12896K(13248K) NonClass: 11779K(11904K)->11779K(11904K) Class: 1117K(1344K)->1117K(1344K)
[2026-01-16T09:19:07.105+0000][gc          ] GC(834) Pause Young (Normal) (G1 Evacuation Pause) 412M->363M(1024M) 134.863ms
[2026-01-16T09:19:07.105+0000][gc,cpu      ] GC(834) User=0.09s Sys=0.02s Real=0.13s
[2026-01-16T09:19:16.032+0000][gc,start    ] GC(835) Pause Young (Normal) (G1 Evacuation Pause)
[2026-01-16T09:19:16.036+0000][gc,task     ] GC(835) Using 8 workers of 8 for evacuation
[2026-01-16T09:19:16.117+0000][gc,phases   ] GC(835)   Pre Evacuate Collection Set: 9.7ms
[2026-01-16T09:19:16.118+0000][gc,phases   ] GC(835)   Merge Heap Roots: 1.1ms
[2026-01-16T09:19:16.120+0000][gc,phases   ] GC(835)   Evacuate Collection Set: 54.9ms
[2026-01-16T09:19:16.122+0000][gc,phases   ] GC(835)   Post Evacuate Collection Set: 13.7ms
[2026-01-16T09:19:16.123+0000][gc,phases   ] GC(835)   Other: 1.3ms
[2026-01-16T09:19:16.124+0000][gc,heap     ] GC(835) Eden regions: 105->0(234)
[2026-01-16T09:19:16.124+0000][gc,heap     ] GC(835) Survivor regions: 1->1(14)
[2026-01-16T09:19:16.125+0000][gc,heap     ] GC(835) Old regions: 260->260
[2026-01-16T09:19:16.125+0000][gc,heap     ] GC(835) Humongous regions: 103->103
[2026-01-16T09:19:16.127+0000][gc,metaspace] GC(835) Metaspace: 12901K(13248K)->12901K(13248K) NonClass: 11784K(11904K)->11784K(11904K) Class: 1117K(1344K)->1117K(1344K)
[2026-01-16T09:19:16.129+0000][gc          ] GC(835) Pause Young (Normal) (G1 Evacuation Pause) 468M->363M(1024M) 97.737ms
[2026-01-16T09:19:16.130+0000][gc,cpu      ] GC(835) User=0.07s Sys=0.00s Real=0.10s
[2026-01-16T09:19:36.801+0000][gc,start    ] GC(836) Pause Young (Normal) (G1 Evacuation Pause)
[2026-01-16T09:19:36.815+0000][gc,task     ] GC(836) Using 8 workers of 8 for evacuation
[2026-01-16T09:19:37.363+0000][gc,mmu      ] GC(836) MMU target violated: 201.0ms (200.0ms/201.0ms)
[2026-01-16T09:19:37.364+0000][gc,phases   ] GC(836)   Pre Evacuate Collection Set: 82.8ms
[2026-01-16T09:19:37.364+0000][gc,phases   ] GC(836)   Merge Heap Roots: 9.6ms
[2026-01-16T09:19:37.364+0000][gc,phases   ] GC(836)   Evacuate Collection Set: 397.5ms
[2026-01-16T09:19:37.365+0000][gc,phases   ] GC(836)   Post Evacuate Collection Set: 39.2ms
[2026-01-16T09:19:37.365+0000][gc,phases   ] GC(836)   Other: 20.7ms
[2026-01-16T09:19:37.365+0000][gc,heap     ] GC(836) Eden regions: 220->0(49)
[2026-01-16T09:19:37.366+0000][gc,heap     ] GC(836) Survivor regions: 1->2(28)
[2026-01-16T09:19:37.366+0000][gc,heap     ] GC(836) Old regions: 260->260
[2026-01-16T09:19:37.367+0000][gc,heap     ] GC(836) Humongous regions: 103->103
[2026-01-16T09:19:37.367+0000][gc,metaspace] GC(836) Metaspace: 12962K(13376K)->12962K(13376K) NonClass: 11845K(12032K)->11845K(12032K) Class: 1117K(1344K)->1117K(1344K)
[2026-01-16T09:19:37.368+0000][gc          ] GC(836) Pause Young (Normal) (G1 Evacuation Pause) 583M->364M(1024M) 566.701ms
[2026-01-16T09:19:37.368+0000][gc,cpu      ] GC(836) User=0.42s Sys=0.03s Real=0.56s
[2026-01-16T09:19:40.595+0000][gc,start    ] GC(837) Pause Young (Normal) (G1 Evacuation Pause)
[2026-01-16T09:19:40.601+0000][gc,task     ] GC(837) Using 8 workers of 8 for evacuation
[2026-01-16T09:19:40.755+0000][gc,phases   ] GC(837)   Pre Evacuate Collection Set: 30.7ms
[2026-01-16T09:19:40.755+0000][gc,phases   ] GC(837)   Merge Heap Roots: 1.3ms
[2026-01-16T09:19:40.757+0000][gc,phases   ] GC(837)   Evacuate Collection Set: 109.3ms
[2026-01-16T09:19:40.758+0000][gc,phases   ] GC(837)   Post Evacuate Collection Set: 11.5ms
[2026-01-16T09:19:40.759+0000][gc,phases   ] GC(837)   Other: 1.1ms
[2026-01-16T09:19:40.759+0000][gc,heap     ] GC(837) Eden regions: 49->0(96)
[2026-01-16T09:19:40.759+0000][gc,heap     ] GC(837) Survivor regions: 2->1(7)
[2026-01-16T09:19:40.763+0000][gc,heap     ] GC(837) Old regions: 260->260
[2026-01-16T09:19:40.763+0000][gc,heap     ] GC(837) Humongous regions: 103->103
[2026-01-16T09:19:40.763+0000][gc,metaspace] GC(837) Metaspace: 12970K(13376K)->12970K(13376K) NonClass: 11853K(12032K)->11853K(12032K) Class: 1117K(1344K)->1117K(1344K)
[2026-01-16T09:19:40.764+0000][gc          ] GC(837) Pause Young (Normal) (G1 Evacuation Pause) 413M->363M(1024M) 168.900ms
[2026-01-16T09:19:40.764+0000][gc,cpu      ] GC(837) User=0.14s Sys=0.01s Real=0.17s
[2026-01-16T09:19:48.244+0000][gc,start    ] GC(838) Pause Young (Normal) (G1 Evacuation Pause)
[2026-01-16T09:19:48.249+0000][gc,task     ] GC(838) Using 8 workers of 8 for evacuation
[2026-01-16T09:19:48.410+0000][gc,phases   ] GC(838)   Pre Evacuate Collection Set: 14.8ms
[2026-01-16T09:19:48.410+0000][gc,phases   ] GC(838)   Merge Heap Roots: 2.0ms
[2026-01-16T09:19:48.411+0000][gc,phases   ] GC(838)   Evacuate Collection Set: 80.7ms
[2026-01-16T09:19:48.411+0000][gc,phases   ] GC(838)   Post Evacuate Collection Set: 31.7ms
[2026-01-16T09:19:48.411+0000][gc,phases   ] GC(838)   Other: 32.2ms
[2026-01-16T09:19:48.411+0000][gc,heap     ] GC(838) Eden regions: 103->0(236)
[2026-01-16T09:19:48.412+0000][gc,heap     ] GC(838) Survivor regions: 1->1(13)
[2026-01-16T09:19:48.412+0000][gc,heap     ] GC(838) Old regions: 260->260
[2026-01-16T09:19:48.412+0000][gc,heap     ] GC(838) Humongous regions: 103->103
[2026-01-16T09:19:48.413+0000][gc,metaspace] GC(838) Metaspace: 12971K(13376K)->12971K(13376K) NonClass: 11854K(12032K)->11854K(12032K) Class: 1117K(1344K)->1117K(1344K)
[2026-01-16T09:19:48.414+0000][gc          ] GC(838) Pause Young (Normal) (G1 Evacuation Pause) 466M->363M(1024M) 169.889ms
[2026-01-16T09:19:48.414+0000][gc,cpu      ] GC(838) User=0.08s Sys=0.01s Real=0.17s
[2026-01-16T09:20:11.820+0000][gc,start    ] GC(839) Pause Young (Normal) (G1 Evacuation Pause)
[2026-01-16T09:20:11.830+0000][gc,task     ] GC(839) Using 8 workers of 8 for evacuation
[2026-01-16T09:20:12.075+0000][gc,mmu      ] GC(839) MMU target violated: 201.0ms (200.0ms/201.0ms)
[2026-01-16T09:20:12.078+0000][gc,phases   ] GC(839)   Pre Evacuate Collection Set: 56.3ms
[2026-01-16T09:20:12.081+0000][gc,phases   ] GC(839)   Merge Heap Roots: 15.2ms
[2026-01-16T09:20:12.081+0000][gc,phases   ] GC(839)   Evacuate Collection Set: 130.5ms
[2026-01-16T09:20:12.082+0000][gc,phases   ] GC(839)   Post Evacuate Collection Set: 33.7ms
[2026-01-16T09:20:12.082+0000][gc,phases   ] GC(839)   Other: 13.9ms
[2026-01-16T09:20:12.083+0000][gc,heap     ] GC(839) Eden regions: 246->0(120)
[2026-01-16T09:20:12.083+0000][gc,heap     ] GC(839) Survivor regions: 1->1(31)
[2026-01-16T09:20:12.084+0000][gc,heap     ] GC(839) Old regions: 260->260
[2026-01-16T09:20:12.084+0000][gc,heap     ] GC(839) Humongous regions: 103->103
[2026-01-16T09:20:12.085+0000][gc,metaspace] GC(839) Metaspace: 12983K(13376K)->12983K(13376K) NonClass: 11866K(12032K)->11866K(12032K) Class: 1117K(1344K)->1117K(1344K)
[2026-01-16T09:20:12.087+0000][gc          ] GC(839) Pause Young (Normal) (G1 Evacuation Pause) 609M->363M(1024M) 267.636ms
[2026-01-16T09:20:12.090+0000][gc,cpu      ] GC(839) User=0.25s Sys=0.02s Real=0.27s
[2026-01-16T09:20:21.157+0000][gc,start    ] GC(840) Pause Young (Normal) (G1 Evacuation Pause)
[2026-01-16T09:20:21.162+0000][gc,task     ] GC(840) Using 8 workers of 8 for evacuation
[2026-01-16T09:20:21.447+0000][gc,mmu      ] GC(840) MMU target violated: 201.0ms (200.0ms/201.0ms)
[2026-01-16T09:20:21.448+0000][gc,phases   ] GC(840)   Pre Evacuate Collection Set: 27.0ms
[2026-01-16T09:20:21.448+0000][gc,phases   ] GC(840)   Merge Heap Roots: 5.5ms
[2026-01-16T09:20:21.448+0000][gc,phases   ] GC(840)   Evacuate Collection Set: 231.8ms
[2026-01-16T09:20:21.448+0000][gc,phases   ] GC(840)   Post Evacuate Collection Set: 19.5ms
[2026-01-16T09:20:21.448+0000][gc,phases   ] GC(840)   Other: 3.0ms
[2026-01-16T09:20:21.448+0000][gc,heap     ] GC(840) Eden regions: 119->0(50)
[2026-01-16T09:20:21.448+0000][gc,heap     ] GC(840) Survivor regions: 1->1(15)
[2026-01-16T09:20:21.448+0000][gc,heap     ] GC(840) Old regions: 260->260
[2026-01-16T09:20:21.448+0000][gc,heap     ] GC(840) Humongous regions: 103->103
[2026-01-16T09:20:21.449+0000][gc,metaspace] GC(840) Metaspace: 12983K(13376K)->12983K(13376K) NonClass: 11866K(12032K)->11866K(12032K) Class: 1117K(1344K)->1117K(1344K)
[2026-01-16T09:20:21.450+0000][gc          ] GC(840) Pause Young (Normal) (G1 Evacuation Pause) 482M->363M(1024M) 293.349ms
[2026-01-16T09:20:21.450+0000][gc,cpu      ] GC(840) User=0.26s Sys=0.02s Real=0.29s
[2026-01-16T09:20:24.751+0000][gc,start    ] GC(841) Pause Young (Normal) (G1 Evacuation Pause)
[2026-01-16T09:20:24.752+0000][gc,task     ] GC(841) Using 8 workers of 8 for evacuation
[2026-01-16T09:20:24.901+0000][gc,phases   ] GC(841)   Pre Evacuate Collection Set: 4.2ms
[2026-01-16T09:20:24.906+0000][gc,phases   ] GC(841)   Merge Heap Roots: 1.7ms
[2026-01-16T09:20:24.907+0000][gc,phases   ] GC(841)   Evacuate Collection Set: 129.2ms
[2026-01-16T09:20:24.912+0000][gc,phases   ] GC(841)   Post Evacuate Collection Set: 11.7ms
[2026-01-16T09:20:24.913+0000][gc,phases   ] GC(841)   Other: 2.5ms
[2026-01-16T09:20:24.913+0000][gc,heap     ] GC(841) Eden regions: 50->0(49)
[2026-01-16T09:20:24.915+0000][gc,heap     ] GC(841) Survivor regions: 1->2(7)
[2026-01-16T09:20:24.919+0000][gc,heap     ] GC(841) Old regions: 260->260
[2026-01-16T09:20:24.920+0000][gc,heap     ] GC(841) Humongous regions: 103->103
[2026-01-16T09:20:24.920+0000][gc,metaspace] GC(841) Metaspace: 12983K(13376K)->12983K(13376K) NonClass: 11866K(12032K)->11866K(12032K) Class: 1117K(1344K)->1117K(1344K)
[2026-01-16T09:20:24.921+0000][gc          ] GC(841) Pause Young (Normal) (G1 Evacuation Pause) 413M->364M(1024M) 170.053ms
[2026-01-16T09:20:24.922+0000][gc,cpu      ] GC(841) User=0.13s Sys=0.01s Real=0.18s
[2026-01-16T09:20:29.748+0000][gc,start    ] GC(842) Pause Young (Normal) (G1 Evacuation Pause)
[2026-01-16T09:20:29.752+0000][gc,task     ] GC(842) Using 8 workers of 8 for evacuation
[2026-01-16T09:20:30.165+0000][gc,mmu      ] GC(842) MMU target violated: 201.0ms (200.0ms/201.0ms)
[2026-01-16T09:20:30.167+0000][gc,phases   ] GC(842)   Pre Evacuate Collection Set: 41.5ms
[2026-01-16T09:20:30.171+0000][gc,phases   ] GC(842)   Merge Heap Roots: 1.1ms
[2026-01-16T09:20:30.171+0000][gc,phases   ] GC(842)   Evacuate Collection Set: 323.5ms
[2026-01-16T09:20:30.172+0000][gc,phases   ] GC(842)   Post Evacuate Collection Set: 45.4ms
[2026-01-16T09:20:30.173+0000][gc,phases   ] GC(842)   Other: 3.7ms
[2026-01-16T09:20:30.174+0000][gc,heap     ] GC(842) Eden regions: 49->0(50)
[2026-01-16T09:20:30.177+0000][gc,heap     ] GC(842) Survivor regions: 2->1(7)
[2026-01-16T09:20:30.179+0000][gc,heap     ] GC(842) Old regions: 260->260
[2026-01-16T09:20:30.184+0000][gc,heap     ] GC(842) Humongous regions: 103->103
[2026-01-16T09:20:30.185+0000][gc,metaspace] GC(842) Metaspace: 12983K(13376K)->12983K(13376K) NonClass: 11866K(12032K)->11866K(12032K) Class: 1117K(1344K)->1117K(1344K)
[2026-01-16T09:20:30.186+0000][gc          ] GC(842) Pause Young (Normal) (G1 Evacuation Pause) 413M->363M(1024M) 438.350ms
[2026-01-16T09:20:30.187+0000][gc,cpu      ] GC(842) User=0.16s Sys=0.02s Real=0.45s
[2026-01-16T09:20:34.547+0000][gc,start    ] GC(843) Pause Young (Normal) (G1 Evacuation Pause)
[2026-01-16T09:20:34.554+0000][gc,task     ] GC(843) Using 8 workers of 8 for evacuation
[2026-01-16T09:20:34.921+0000][gc,mmu      ] GC(843) MMU target violated: 201.0ms (200.0ms/201.0ms)
[2026-01-16T09:20:34.922+0000][gc,phases   ] GC(843)   Pre Evacuate Collection Set: 37.0ms
[2026-01-16T09:20:34.922+0000][gc,phases   ] GC(843)   Merge Heap Roots: 3.0ms
[2026-01-16T09:20:34.926+0000][gc,phases   ] GC(843)   Evacuate Collection Set: 290.9ms
[2026-01-16T09:20:34.928+0000][gc,phases   ] GC(843)   Post Evacuate Collection Set: 32.0ms
[2026-01-16T09:20:34.928+0000][gc,phases   ] GC(843)   Other: 5.5ms
[2026-01-16T09:20:34.929+0000][gc,heap     ] GC(843) Eden regions: 50->0(49)
[2026-01-16T09:20:34.929+0000][gc,heap     ] GC(843) Survivor regions: 1->2(7)
[2026-01-16T09:20:34.929+0000][gc,heap     ] GC(843) Old regions: 260->260
[2026-01-16T09:20:34.931+0000][gc,heap     ] GC(843) Humongous regions: 103->103
[2026-01-16T09:20:34.936+0000][gc,metaspace] GC(843) Metaspace: 12983K(13376K)->12983K(13376K) NonClass: 11866K(12032K)->11866K(12032K) Class: 1117K(1344K)->1117K(1344K)
[2026-01-16T09:20:34.937+0000][gc          ] GC(843) Pause Young (Normal) (G1 Evacuation Pause) 413M->364M(1024M) 389.404ms
[2026-01-16T09:20:34.937+0000][gc,cpu      ] GC(843) User=0.22s Sys=0.02s Real=0.39s
[2026-01-16T09:20:37.630+0000][gc,start    ] GC(844) Pause Young (Normal) (G1 Evacuation Pause)
[2026-01-16T09:20:37.631+0000][gc,task     ] GC(844) Using 8 workers of 8 for evacuation
[2026-01-16T09:20:38.120+0000][gc,mmu      ] GC(844) MMU target violated: 201.0ms (200.0ms/201.0ms)
[2026-01-16T09:20:38.125+0000][gc,phases   ] GC(844)   Pre Evacuate Collection Set: 133.0ms
[2026-01-16T09:20:38.129+0000][gc,phases   ] GC(844)   Merge Heap Roots: 0.7ms
[2026-01-16T09:20:38.129+0000][gc,phases   ] GC(844)   Evacuate Collection Set: 323.6ms
[2026-01-16T09:20:38.130+0000][gc,phases   ] GC(844)   Post Evacuate Collection Set: 26.4ms
[2026-01-16T09:20:38.130+0000][gc,phases   ] GC(844)   Other: 10.5ms
[2026-01-16T09:20:38.130+0000][gc,heap     ] GC(844) Eden regions: 49->0(50)
[2026-01-16T09:20:38.130+0000][gc,heap     ] GC(844) Survivor regions: 2->1(7)
[2026-01-16T09:20:38.130+0000][gc,heap     ] GC(844) Old regions: 260->260
[2026-01-16T09:20:38.131+0000][gc,heap     ] GC(844) Humongous regions: 103->103
[2026-01-16T09:20:38.131+0000][gc,metaspace] GC(844) Metaspace: 12983K(13376K)->12983K(13376K) NonClass: 11866K(12032K)->11866K(12032K) Class: 1117K(1344K)->1117K(1344K)
[2026-01-16T09:20:38.133+0000][gc          ] GC(844) Pause Young (Normal) (G1 Evacuation Pause) 413M->363M(1024M) 502.561ms
[2026-01-16T09:20:38.155+0000][gc,cpu      ] GC(844) User=0.16s Sys=0.02s Real=0.53s
[2026-01-16T09:20:41.724+0000][gc,start    ] GC(845) Pause Young (Normal) (G1 Evacuation Pause)
[2026-01-16T09:20:41.730+0000][gc,task     ] GC(845) Using 8 workers of 8 for evacuation
[2026-01-16T09:20:42.204+0000][gc,mmu      ] GC(845) MMU target violated: 201.0ms (200.0ms/201.0ms)
[2026-01-16T09:20:42.206+0000][gc,phases   ] GC(845)   Pre Evacuate Collection Set: 54.4ms
[2026-01-16T09:20:42.206+0000][gc,phases   ] GC(845)   Merge Heap Roots: 9.0ms
[2026-01-16T09:20:42.207+0000][gc,phases   ] GC(845)   Evacuate Collection Set: 360.9ms
[2026-01-16T09:20:42.207+0000][gc,phases   ] GC(845)   Post Evacuate Collection Set: 42.1ms
[2026-01-16T09:20:42.208+0000][gc,phases   ] GC(845)   Other: 10.1ms
[2026-01-16T09:20:42.209+0000][gc,heap     ] GC(845) Eden regions: 50->0(49)
[2026-01-16T09:20:42.214+0000][gc,heap     ] GC(845) Survivor regions: 1->2(7)
[2026-01-16T09:20:42.216+0000][gc,heap     ] GC(845) Old regions: 260->260
[2026-01-16T09:20:42.216+0000][gc,heap     ] GC(845) Humongous regions: 103->103
[2026-01-16T09:20:42.217+0000][gc,metaspace] GC(845) Metaspace: 12983K(13376K)->12983K(13376K) NonClass: 11866K(12032K)->11866K(12032K) Class: 1117K(1344K)->1117K(1344K)
[2026-01-16T09:20:42.217+0000][gc          ] GC(845) Pause Young (Normal) (G1 Evacuation Pause) 413M->364M(1024M) 493.372ms
[2026-01-16T09:20:42.218+0000][gc,cpu      ] GC(845) User=0.19s Sys=0.01s Real=0.50s
[2026-01-16T09:20:46.973+0000][gc,start    ] GC(846) Pause Young (Normal) (G1 Evacuation Pause)
[2026-01-16T09:20:46.991+0000][gc,task     ] GC(846) Using 8 workers of 8 for evacuation
[2026-01-16T09:20:47.385+0000][gc,mmu      ] GC(846) MMU target violated: 201.0ms (200.0ms/201.0ms)
[2026-01-16T09:20:47.390+0000][gc,phases   ] GC(846)   Pre Evacuate Collection Set: 56.8ms
[2026-01-16T09:20:47.395+0000][gc,phases   ] GC(846)   Merge Heap Roots: 0.7ms
[2026-01-16T09:20:47.395+0000][gc,phases   ] GC(846)   Evacuate Collection Set: 235.2ms
[2026-01-16T09:20:47.395+0000][gc,phases   ] GC(846)   Post Evacuate Collection Set: 87.5ms
[2026-01-16T09:20:47.395+0000][gc,phases   ] GC(846)   Other: 18.8ms
[2026-01-16T09:20:47.396+0000][gc,heap     ] GC(846) Eden regions: 49->0(50)
[2026-01-16T09:20:47.396+0000][gc,heap     ] GC(846) Survivor regions: 2->1(7)
[2026-01-16T09:20:47.396+0000][gc,heap     ] GC(846) Old regions: 260->260
[2026-01-16T09:20:47.396+0000][gc,heap     ] GC(846) Humongous regions: 103->103
[2026-01-16T09:20:47.396+0000][gc,metaspace] GC(846) Metaspace: 12983K(13376K)->12983K(13376K) NonClass: 11866K(12032K)->11866K(12032K) Class: 1117K(1344K)->1117K(1344K)
[2026-01-16T09:20:47.397+0000][gc          ] GC(846) Pause Young (Normal) (G1 Evacuation Pause) 413M->363M(1024M) 424.700ms
[2026-01-16T09:20:47.398+0000][gc,cpu      ] GC(846) User=0.14s Sys=0.03s Real=0.43s
[2026-01-16T09:20:51.660+0000][gc,start    ] GC(847) Pause Young (Normal) (G1 Evacuation Pause)
[2026-01-16T09:20:51.661+0000][gc,task     ] GC(847) Using 8 workers of 8 for evacuation
[2026-01-16T09:20:51.949+0000][gc,mmu      ] GC(847) MMU target violated: 201.0ms (200.0ms/201.0ms)
[2026-01-16T09:20:51.950+0000][gc,phases   ] GC(847)   Pre Evacuate Collection Set: 25.9ms
[2026-01-16T09:20:51.953+0000][gc,phases   ] GC(847)   Merge Heap Roots: 12.0ms
[2026-01-16T09:20:51.956+0000][gc,phases   ] GC(847)   Evacuate Collection Set: 245.4ms
[2026-01-16T09:20:51.956+0000][gc,phases   ] GC(847)   Post Evacuate Collection Set: 3.5ms
[2026-01-16T09:20:51.958+0000][gc,phases   ] GC(847)   Other: 2.2ms
[2026-01-16T09:20:51.959+0000][gc,heap     ] GC(847) Eden regions: 50->0(49)
[2026-01-16T09:20:51.960+0000][gc,heap     ] GC(847) Survivor regions: 1->2(7)
[2026-01-16T09:20:51.960+0000][gc,heap     ] GC(847) Old regions: 260->260
[2026-01-16T09:20:51.962+0000][gc,heap     ] GC(847) Humongous regions: 103->103
[2026-01-16T09:20:51.966+0000][gc,metaspace] GC(847) Metaspace: 12983K(13376K)->12983K(13376K) NonClass: 11866K(12032K)->11866K(12032K) Class: 1117K(1344K)->1117K(1344K)
[2026-01-16T09:20:51.970+0000][gc          ] GC(847) Pause Young (Normal) (G1 Evacuation Pause) 413M->364M(1024M) 310.769ms
[2026-01-16T09:20:51.972+0000][gc,cpu      ] GC(847) User=0.18s Sys=0.02s Real=0.31s
[2026-01-16T09:20:54.266+0000][gc,start    ] GC(848) Pause Young (Normal) (G1 Evacuation Pause)
[2026-01-16T09:20:54.272+0000][gc,task     ] GC(848) Using 8 workers of 8 for evacuation
[2026-01-16T09:20:54.532+0000][gc,mmu      ] GC(848) MMU target violated: 201.0ms (200.0ms/201.0ms)
[2026-01-16T09:20:54.533+0000][gc,phases   ] GC(848)   Pre Evacuate Collection Set: 18.1ms
[2026-01-16T09:20:54.533+0000][gc,phases   ] GC(848)   Merge Heap Roots: 5.7ms
[2026-01-16T09:20:54.533+0000][gc,phases   ] GC(848)   Evacuate Collection Set: 198.8ms
[2026-01-16T09:20:54.534+0000][gc,phases   ] GC(848)   Post Evacuate Collection Set: 35.4ms
[2026-01-16T09:20:54.534+0000][gc,phases   ] GC(848)   Other: 6.2ms
[2026-01-16T09:20:54.534+0000][gc,heap     ] GC(848) Eden regions: 49->0(49)
[2026-01-16T09:20:54.535+0000][gc,heap     ] GC(848) Survivor regions: 2->2(7)
[2026-01-16T09:20:54.535+0000][gc,heap     ] GC(848) Old regions: 260->260
[2026-01-16T09:20:54.535+0000][gc,heap     ] GC(848) Humongous regions: 103->103
[2026-01-16T09:20:54.535+0000][gc,metaspace] GC(848) Metaspace: 12983K(13376K)->12983K(13376K) NonClass: 11866K(12032K)->11866K(12032K) Class: 1117K(1344K)->1117K(1344K)
[2026-01-16T09:20:54.536+0000][gc          ] GC(848) Pause Young (Normal) (G1 Evacuation Pause) 413M->364M(1024M) 269.778ms
[2026-01-16T09:20:54.536+0000][gc,cpu      ] GC(848) User=0.15s Sys=0.02s Real=0.27s
[2026-01-16T09:20:57.307+0000][gc,start    ] GC(849) Pause Young (Normal) (G1 Evacuation Pause)
[2026-01-16T09:20:57.317+0000][gc,task     ] GC(849) Using 8 workers of 8 for evacuation
[2026-01-16T09:20:57.416+0000][gc,phases   ] GC(849)   Pre Evacuate Collection Set: 21.3ms
[2026-01-16T09:20:57.416+0000][gc,phases   ] GC(849)   Merge Heap Roots: 1.1ms
[2026-01-16T09:20:57.417+0000][gc,phases   ] GC(849)   Evacuate Collection Set: 67.2ms
[2026-01-16T09:20:57.417+0000][gc,phases   ] GC(849)   Post Evacuate Collection Set: 7.7ms
[2026-01-16T09:20:57.423+0000][gc,phases   ] GC(849)   Other: 1.8ms
[2026-01-16T09:20:57.423+0000][gc,heap     ] GC(849) Eden regions: 49->0(95)
[2026-01-16T09:20:57.425+0000][gc,heap     ] GC(849) Survivor regions: 2->1(7)
[2026-01-16T09:20:57.426+0000][gc,heap     ] GC(849) Old regions: 260->260
[2026-01-16T09:20:57.426+0000][gc,heap     ] GC(849) Humongous regions: 103->103
[2026-01-16T09:20:57.426+0000][gc,metaspace] GC(849) Metaspace: 12983K(13376K)->12983K(13376K) NonClass: 11866K(12032K)->11866K(12032K) Class: 1117K(1344K)->1117K(1344K)
[2026-01-16T09:20:57.427+0000][gc          ] GC(849) Pause Young (Normal) (G1 Evacuation Pause) 413M->363M(1024M) 119.829ms
[2026-01-16T09:20:57.427+0000][gc,cpu      ] GC(849) User=0.08s Sys=0.01s Real=0.12s
[2026-01-16T09:21:07.821+0000][gc,start    ] GC(850) Pause Young (Normal) (G1 Evacuation Pause)
[2026-01-16T09:21:07.866+0000][gc,task     ] GC(850) Using 8 workers of 8 for evacuation
[2026-01-16T09:21:08.071+0000][gc,mmu      ] GC(850) MMU target violated: 201.0ms (200.0ms/201.0ms)
[2026-01-16T09:21:08.071+0000][gc,phases   ] GC(850)   Pre Evacuate Collection Set: 22.3ms
[2026-01-16T09:21:08.071+0000][gc,phases   ] GC(850)   Merge Heap Roots: 14.4ms
[2026-01-16T09:21:08.071+0000][gc,phases   ] GC(850)   Evacuate Collection Set: 150.0ms
[2026-01-16T09:21:08.072+0000][gc,phases   ] GC(850)   Post Evacuate Collection Set: 14.2ms
[2026-01-16T09:21:08.072+0000][gc,phases   ] GC(850)   Other: 4.3ms
[2026-01-16T09:21:08.072+0000][gc,heap     ] GC(850) Eden regions: 95->0(160)
[2026-01-16T09:21:08.072+0000][gc,heap     ] GC(850) Survivor regions: 1->1(12)
[2026-01-16T09:21:08.072+0000][gc,heap     ] GC(850) Old regions: 260->260
[2026-01-16T09:21:08.073+0000][gc,heap     ] GC(850) Humongous regions: 103->103
[2026-01-16T09:21:08.073+0000][gc,metaspace] GC(850) Metaspace: 12983K(13376K)->12983K(13376K) NonClass: 11866K(12032K)->11866K(12032K) Class: 1117K(1344K)->1117K(1344K)
[2026-01-16T09:21:08.073+0000][gc          ] GC(850) Pause Young (Normal) (G1 Evacuation Pause) 458M->363M(1024M) 252.239ms
[2026-01-16T09:21:08.074+0000][gc,cpu      ] GC(850) User=0.10s Sys=0.00s Real=0.26s
[2026-01-16T09:21:18.356+0000][gc,start    ] GC(851) Pause Young (Normal) (G1 Evacuation Pause)
[2026-01-16T09:21:18.367+0000][gc,task     ] GC(851) Using 8 workers of 8 for evacuation
[2026-01-16T09:21:18.612+0000][gc,mmu      ] GC(851) MMU target violated: 201.0ms (200.0ms/201.0ms)
[2026-01-16T09:21:18.613+0000][gc,phases   ] GC(851)   Pre Evacuate Collection Set: 26.5ms
[2026-01-16T09:21:18.615+0000][gc,phases   ] GC(851)   Merge Heap Roots: 1.8ms
[2026-01-16T09:21:18.617+0000][gc,phases   ] GC(851)   Evacuate Collection Set: 158.4ms
[2026-01-16T09:21:18.620+0000][gc,phases   ] GC(851)   Post Evacuate Collection Set: 57.1ms
[2026-01-16T09:21:18.621+0000][gc,phases   ] GC(851)   Other: 2.2ms
[2026-01-16T09:21:18.621+0000][gc,heap     ] GC(851) Eden regions: 144->0(152)
[2026-01-16T09:21:18.623+0000][gc,heap     ] GC(851) Survivor regions: 1->1(19)
[2026-01-16T09:21:18.641+0000][gc,heap     ] GC(851) Old regions: 260->260
[2026-01-16T09:21:18.648+0000][gc,heap     ] GC(851) Humongous regions: 103->103
[2026-01-16T09:21:18.648+0000][gc,metaspace] GC(851) Metaspace: 12983K(13376K)->12983K(13376K) NonClass: 11866K(12032K)->11866K(12032K) Class: 1117K(1344K)->1117K(1344K)
[2026-01-16T09:21:18.663+0000][gc          ] GC(851) Pause Young (Normal) (G1 Evacuation Pause) 507M->363M(1024M) 306.751ms
[2026-01-16T09:21:18.666+0000][gc,cpu      ] GC(851) User=0.09s Sys=0.03s Real=0.31s
[2026-01-16T09:21:31.003+0000][gc,start    ] GC(852) Pause Young (Normal) (G1 Evacuation Pause)
[2026-01-16T09:21:31.010+0000][gc,task     ] GC(852) Using 8 workers of 8 for evacuation
[2026-01-16T09:21:31.675+0000][gc,mmu      ] GC(852) MMU target violated: 201.0ms (200.0ms/201.0ms)
[2026-01-16T09:21:31.679+0000][gc,phases   ] GC(852)   Pre Evacuate Collection Set: 48.8ms
[2026-01-16T09:21:31.679+0000][gc,phases   ] GC(852)   Merge Heap Roots: 15.4ms
[2026-01-16T09:21:31.683+0000][gc,phases   ] GC(852)   Evacuate Collection Set: 548.1ms
[2026-01-16T09:21:31.683+0000][gc,phases   ] GC(852)   Post Evacuate Collection Set: 43.7ms
[2026-01-16T09:21:31.683+0000][gc,phases   ] GC(852)   Other: 13.5ms
[2026-01-16T09:21:31.683+0000][gc,heap     ] GC(852) Eden regions: 158->0(49)
[2026-01-16T09:21:31.684+0000][gc,heap     ] GC(852) Survivor regions: 1->2(20)
[2026-01-16T09:21:31.684+0000][gc,heap     ] GC(852) Old regions: 260->260
[2026-01-16T09:21:31.684+0000][gc,heap     ] GC(852) Humongous regions: 103->103
[2026-01-16T09:21:31.684+0000][gc,metaspace] GC(852) Metaspace: 12983K(13376K)->12983K(13376K) NonClass: 11866K(12032K)->11866K(12032K) Class: 1117K(1344K)->1117K(1344K)
[2026-01-16T09:21:31.684+0000][gc          ] GC(852) Pause Young (Normal) (G1 Evacuation Pause) 521M->364M(1024M) 680.726ms
[2026-01-16T09:21:31.684+0000][gc,cpu      ] GC(852) User=0.34s Sys=0.02s Real=0.68s
[2026-01-16T09:21:37.904+0000][gc,start    ] GC(853) Pause Young (Normal) (G1 Evacuation Pause)
[2026-01-16T09:21:37.906+0000][gc,task     ] GC(853) Using 8 workers of 8 for evacuation
[2026-01-16T09:21:39.492+0000][gc,mmu      ] GC(853) MMU target violated: 201.0ms (200.0ms/201.0ms)
[2026-01-16T09:21:39.493+0000][gc,phases   ] GC(853)   Pre Evacuate Collection Set: 11.4ms
[2026-01-16T09:21:39.494+0000][gc,phases   ] GC(853)   Merge Heap Roots: 2.3ms
[2026-01-16T09:21:39.494+0000][gc,phases   ] GC(853)   Evacuate Collection Set: 1542.0ms
[2026-01-16T09:21:39.494+0000][gc,phases   ] GC(853)   Post Evacuate Collection Set: 27.5ms
[2026-01-16T09:21:39.495+0000][gc,phases   ] GC(853)   Other: 4.6ms
[2026-01-16T09:21:39.495+0000][gc,heap     ] GC(853) Eden regions: 49->0(49)
[2026-01-16T09:21:39.495+0000][gc,heap     ] GC(853) Survivor regions: 2->2(7)
[2026-01-16T09:21:39.495+0000][gc,heap     ] GC(853) Old regions: 260->260
[2026-01-16T09:21:39.496+0000][gc,heap     ] GC(853) Humongous regions: 103->103
[2026-01-16T09:21:39.496+0000][gc,metaspace] GC(853) Metaspace: 12983K(13376K)->12983K(13376K) NonClass: 11866K(12032K)->11866K(12032K) Class: 1117K(1344K)->1117K(1344K)
[2026-01-16T09:21:39.497+0000][gc          ] GC(853) Pause Young (Normal) (G1 Evacuation Pause) 413M->364M(1024M) 1593.217ms
[2026-01-16T09:21:39.497+0000][gc,cpu      ] GC(853) User=0.87s Sys=0.11s Real=1.59s
[2026-01-16T09:21:41.358+0000][gc,start    ] GC(854) Pause Young (Normal) (G1 Evacuation Pause)
[2026-01-16T09:21:41.359+0000][gc,task     ] GC(854) Using 8 workers of 8 for evacuation
[2026-01-16T09:21:41.894+0000][gc,mmu      ] GC(854) MMU target violated: 201.0ms (200.0ms/201.0ms)
[2026-01-16T09:21:41.895+0000][gc,phases   ] GC(854)   Pre Evacuate Collection Set: 38.7ms
[2026-01-16T09:21:41.895+0000][gc,phases   ] GC(854)   Merge Heap Roots: 13.1ms
[2026-01-16T09:21:41.895+0000][gc,phases   ] GC(854)   Evacuate Collection Set: 466.4ms
[2026-01-16T09:21:41.896+0000][gc,phases   ] GC(854)   Post Evacuate Collection Set: 7.3ms
[2026-01-16T09:21:41.896+0000][gc,phases   ] GC(854)   Other: 10.3ms
[2026-01-16T09:21:41.896+0000][gc,heap     ] GC(854) Eden regions: 49->0(48)
[2026-01-16T09:21:41.896+0000][gc,heap     ] GC(854) Survivor regions: 2->3(7)
[2026-01-16T09:21:41.896+0000][gc,heap     ] GC(854) Old regions: 260->260
[2026-01-16T09:21:41.896+0000][gc,heap     ] GC(854) Humongous regions: 103->103
[2026-01-16T09:21:41.897+0000][gc,metaspace] GC(854) Metaspace: 12983K(13376K)->12983K(13376K) NonClass: 11866K(12032K)->11866K(12032K) Class: 1117K(1344K)->1117K(1344K)
[2026-01-16T09:21:41.897+0000][gc          ] GC(854) Pause Young (Normal) (G1 Evacuation Pause) 413M->365M(1024M) 538.716ms
[2026-01-16T09:21:41.897+0000][gc,cpu      ] GC(854) User=0.51s Sys=0.02s Real=0.54s
[2026-01-16T09:21:46.896+0000][gc,start    ] GC(855) Pause Young (Normal) (G1 Evacuation Pause)
[2026-01-16T09:21:46.899+0000][gc,task     ] GC(855) Using 8 workers of 8 for evacuation
[2026-01-16T09:21:48.471+0000][gc,mmu      ] GC(855) MMU target violated: 201.0ms (200.0ms/201.0ms)
[2026-01-16T09:21:48.472+0000][gc,phases   ] GC(855)   Pre Evacuate Collection Set: 31.9ms
[2026-01-16T09:21:48.472+0000][gc,phases   ] GC(855)   Merge Heap Roots: 1.9ms
[2026-01-16T09:21:48.473+0000][gc,phases   ] GC(855)   Evacuate Collection Set: 1521.4ms
[2026-01-16T09:21:48.473+0000][gc,phases   ] GC(855)   Post Evacuate Collection Set: 15.9ms
[2026-01-16T09:21:48.473+0000][gc,phases   ] GC(855)   Other: 2.2ms
[2026-01-16T09:21:48.477+0000][gc,heap     ] GC(855) Eden regions: 48->0(49)
[2026-01-16T09:21:48.477+0000][gc,heap     ] GC(855) Survivor regions: 3->2(7)
[2026-01-16T09:21:48.478+0000][gc,heap     ] GC(855) Old regions: 260->261
[2026-01-16T09:21:48.478+0000][gc,heap     ] GC(855) Humongous regions: 103->103
[2026-01-16T09:21:48.478+0000][gc,metaspace] GC(855) Metaspace: 12983K(13376K)->12983K(13376K) NonClass: 11866K(12032K)->11866K(12032K) Class: 1117K(1344K)->1117K(1344K)
[2026-01-16T09:21:48.479+0000][gc          ] GC(855) Pause Young (Normal) (G1 Evacuation Pause) 413M->364M(1024M) 1582.330ms
[2026-01-16T09:21:48.479+0000][gc,cpu      ] GC(855) User=0.72s Sys=0.08s Real=1.58s
[2026-01-16T09:21:49.965+0000][gc,start    ] GC(856) Pause Young (Normal) (G1 Evacuation Pause)
[2026-01-16T09:21:49.966+0000][gc,task     ] GC(856) Using 8 workers of 8 for evacuation
[2026-01-16T09:21:50.104+0000][gc,phases   ] GC(856)   Pre Evacuate Collection Set: 11.0ms
[2026-01-16T09:21:50.104+0000][gc,phases   ] GC(856)   Merge Heap Roots: 1.2ms
[2026-01-16T09:21:50.105+0000][gc,phases   ] GC(856)   Evacuate Collection Set: 122.2ms
[2026-01-16T09:21:50.105+0000][gc,phases   ] GC(856)   Post Evacuate Collection Set: 2.6ms
[2026-01-16T09:21:50.106+0000][gc,phases   ] GC(856)   Other: 0.7ms
[2026-01-16T09:21:50.106+0000][gc,heap     ] GC(856) Eden regions: 49->0(49)
[2026-01-16T09:21:50.107+0000][gc,heap     ] GC(856) Survivor regions: 2->2(7)
[2026-01-16T09:21:50.107+0000][gc,heap     ] GC(856) Old regions: 261->261
[2026-01-16T09:21:50.107+0000][gc,heap     ] GC(856) Humongous regions: 103->103
[2026-01-16T09:21:50.107+0000][gc,metaspace] GC(856) Metaspace: 12983K(13376K)->12983K(13376K) NonClass: 11866K(12032K)->11866K(12032K) Class: 1117K(1344K)->1117K(1344K)
[2026-01-16T09:21:50.111+0000][gc          ] GC(856) Pause Young (Normal) (G1 Evacuation Pause) 413M->364M(1024M) 145.404ms
[2026-01-16T09:21:50.111+0000][gc,cpu      ] GC(856) User=0.11s Sys=0.00s Real=0.14s
[2026-01-16T09:21:50.621+0000][gc,start    ] GC(857) Pause Young (Normal) (G1 Evacuation Pause)
[2026-01-16T09:21:50.625+0000][gc,task     ] GC(857) Using 8 workers of 8 for evacuation
[2026-01-16T09:21:50.663+0000][gc,phases   ] GC(857)   Pre Evacuate Collection Set: 4.3ms
[2026-01-16T09:21:50.670+0000][gc,phases   ] GC(857)   Merge Heap Roots: 0.2ms
[2026-01-16T09:21:50.671+0000][gc,phases   ] GC(857)   Evacuate Collection Set: 27.7ms
[2026-01-16T09:21:50.671+0000][gc,phases   ] GC(857)   Post Evacuate Collection Set: 3.0ms
[2026-01-16T09:21:50.672+0000][gc,phases   ] GC(857)   Other: 3.0ms
[2026-01-16T09:21:50.674+0000][gc,heap     ] GC(857) Eden regions: 49->0(50)
[2026-01-16T09:21:50.676+0000][gc,heap     ] GC(857) Survivor regions: 2->1(7)
[2026-01-16T09:21:50.677+0000][gc,heap     ] GC(857) Old regions: 261->261
[2026-01-16T09:21:50.677+0000][gc,heap     ] GC(857) Humongous regions: 103->103
[2026-01-16T09:21:50.677+0000][gc,metaspace] GC(857) Metaspace: 12983K(13376K)->12983K(13376K) NonClass: 11866K(12032K)->11866K(12032K) Class: 1117K(1344K)->1117K(1344K)
[2026-01-16T09:21:50.677+0000][gc          ] GC(857) Pause Young (Normal) (G1 Evacuation Pause) 413M->363M(1024M) 56.231ms
[2026-01-16T09:21:50.680+0000][gc,cpu      ] GC(857) User=0.04s Sys=0.00s Real=0.06s
[2026-01-16T09:21:57.688+0000][gc,start    ] GC(858) Pause Young (Normal) (G1 Evacuation Pause)
[2026-01-16T09:21:57.691+0000][gc,task     ] GC(858) Using 8 workers of 8 for evacuation
[2026-01-16T09:21:57.886+0000][gc,phases   ] GC(858)   Pre Evacuate Collection Set: 11.5ms
[2026-01-16T09:21:57.887+0000][gc,phases   ] GC(858)   Merge Heap Roots: 4.6ms
[2026-01-16T09:21:57.887+0000][gc,phases   ] GC(858)   Evacuate Collection Set: 169.8ms
[2026-01-16T09:21:57.888+0000][gc,phases   ] GC(858)   Post Evacuate Collection Set: 7.8ms
[2026-01-16T09:21:57.888+0000][gc,phases   ] GC(858)   Other: 1.3ms
[2026-01-16T09:21:57.889+0000][gc,heap     ] GC(858) Eden regions: 50->0(49)
[2026-01-16T09:21:57.889+0000][gc,heap     ] GC(858) Survivor regions: 1->2(7)
[2026-01-16T09:21:57.889+0000][gc,heap     ] GC(858) Old regions: 261->261
[2026-01-16T09:21:57.889+0000][gc,heap     ] GC(858) Humongous regions: 103->103
[2026-01-16T09:21:57.889+0000][gc,metaspace] GC(858) Metaspace: 12983K(13376K)->12983K(13376K) NonClass: 11866K(12032K)->11866K(12032K) Class: 1117K(1344K)->1117K(1344K)
[2026-01-16T09:21:57.890+0000][gc          ] GC(858) Pause Young (Normal) (G1 Evacuation Pause) 413M->364M(1024M) 201.463ms
[2026-01-16T09:21:57.891+0000][gc,cpu      ] GC(858) User=0.25s Sys=0.01s Real=0.20s
[2026-01-16T09:21:59.217+0000][gc,start    ] GC(859) Pause Young (Normal) (G1 Evacuation Pause)
[2026-01-16T09:21:59.218+0000][gc,task     ] GC(859) Using 8 workers of 8 for evacuation
[2026-01-16T09:21:59.354+0000][gc,phases   ] GC(859)   Pre Evacuate Collection Set: 5.9ms
[2026-01-16T09:21:59.354+0000][gc,phases   ] GC(859)   Merge Heap Roots: 7.5ms
[2026-01-16T09:21:59.354+0000][gc,phases   ] GC(859)   Evacuate Collection Set: 107.8ms
[2026-01-16T09:21:59.355+0000][gc,phases   ] GC(859)   Post Evacuate Collection Set: 13.9ms
[2026-01-16T09:21:59.355+0000][gc,phases   ] GC(859)   Other: 0.9ms
[2026-01-16T09:21:59.356+0000][gc,heap     ] GC(859) Eden regions: 49->0(48)
[2026-01-16T09:21:59.356+0000][gc,heap     ] GC(859) Survivor regions: 2->3(7)
[2026-01-16T09:21:59.357+0000][gc,heap     ] GC(859) Old regions: 261->261
[2026-01-16T09:21:59.357+0000][gc,heap     ] GC(859) Humongous regions: 103->103
[2026-01-16T09:21:59.358+0000][gc,metaspace] GC(859) Metaspace: 12983K(13376K)->12983K(13376K) NonClass: 11866K(12032K)->11866K(12032K) Class: 1117K(1344K)->1117K(1344K)
[2026-01-16T09:21:59.358+0000][gc          ] GC(859) Pause Young (Normal) (G1 Evacuation Pause) 413M->365M(1024M) 141.714ms
[2026-01-16T09:21:59.360+0000][gc,cpu      ] GC(859) User=0.14s Sys=0.00s Real=0.14s
[2026-01-16T09:22:06.280+0000][gc,start    ] GC(860) Pause Young (Normal) (G1 Evacuation Pause)
[2026-01-16T09:22:06.282+0000][gc,task     ] GC(860) Using 8 workers of 8 for evacuation
[2026-01-16T09:22:06.414+0000][gc,phases   ] GC(860)   Pre Evacuate Collection Set: 23.2ms
[2026-01-16T09:22:06.416+0000][gc,phases   ] GC(860)   Merge Heap Roots: 3.8ms
[2026-01-16T09:22:06.416+0000][gc,phases   ] GC(860)   Evacuate Collection Set: 89.7ms
[2026-01-16T09:22:06.418+0000][gc,phases   ] GC(860)   Post Evacuate Collection Set: 12.4ms
[2026-01-16T09:22:06.419+0000][gc,phases   ] GC(860)   Other: 2.9ms
[2026-01-16T09:22:06.420+0000][gc,heap     ] GC(860) Eden regions: 48->0(49)
[2026-01-16T09:22:06.420+0000][gc,heap     ] GC(860) Survivor regions: 3->2(7)
[2026-01-16T09:22:06.421+0000][gc,heap     ] GC(860) Old regions: 261->261
[2026-01-16T09:22:06.423+0000][gc,heap     ] GC(860) Humongous regions: 103->103
[2026-01-16T09:22:06.423+0000][gc,metaspace] GC(860) Metaspace: 12984K(13376K)->12984K(13376K) NonClass: 11867K(12032K)->11867K(12032K) Class: 1117K(1344K)->1117K(1344K)
[2026-01-16T09:22:06.424+0000][gc          ] GC(860) Pause Young (Normal) (G1 Evacuation Pause) 413M->364M(1024M) 143.920ms
[2026-01-16T09:22:06.424+0000][gc,cpu      ] GC(860) User=0.23s Sys=0.01s Real=0.14s
[2026-01-16T09:22:07.315+0000][gc,start    ] GC(861) Pause Young (Normal) (G1 Evacuation Pause)
[2026-01-16T09:22:07.317+0000][gc,task     ] GC(861) Using 8 workers of 8 for evacuation
[2026-01-16T09:22:07.373+0000][gc,phases   ] GC(861)   Pre Evacuate Collection Set: 1.0ms
[2026-01-16T09:22:07.373+0000][gc,phases   ] GC(861)   Merge Heap Roots: 2.5ms
[2026-01-16T09:22:07.375+0000][gc,phases   ] GC(861)   Evacuate Collection Set: 48.8ms
[2026-01-16T09:22:07.375+0000][gc,phases   ] GC(861)   Post Evacuate Collection Set: 2.0ms
[2026-01-16T09:22:07.376+0000][gc,phases   ] GC(861)   Other: 1.8ms
[2026-01-16T09:22:07.376+0000][gc,heap     ] GC(861) Eden regions: 49->0(48)
[2026-01-16T09:22:07.377+0000][gc,heap     ] GC(861) Survivor regions: 2->3(7)
[2026-01-16T09:22:07.378+0000][gc,heap     ] GC(861) Old regions: 261->261
[2026-01-16T09:22:07.378+0000][gc,heap     ] GC(861) Humongous regions: 103->103
[2026-01-16T09:22:07.379+0000][gc,metaspace] GC(861) Metaspace: 12984K(13376K)->12984K(13376K) NonClass: 11867K(12032K)->11867K(12032K) Class: 1117K(1344K)->1117K(1344K)
[2026-01-16T09:22:07.384+0000][gc          ] GC(861) Pause Young (Normal) (G1 Evacuation Pause) 413M->365M(1024M) 69.279ms
[2026-01-16T09:22:07.385+0000][gc,cpu      ] GC(861) User=0.05s Sys=0.00s Real=0.07s
[2026-01-16T09:22:16.301+0000][gc,start    ] GC(862) Pause Young (Normal) (G1 Evacuation Pause)
[2026-01-16T09:22:16.306+0000][gc,task     ] GC(862) Using 8 workers of 8 for evacuation
[2026-01-16T09:22:16.784+0000][gc,mmu      ] GC(862) MMU target violated: 201.0ms (200.0ms/201.0ms)
[2026-01-16T09:22:16.786+0000][gc,phases   ] GC(862)   Pre Evacuate Collection Set: 65.5ms
[2026-01-16T09:22:16.789+0000][gc,phases   ] GC(862)   Merge Heap Roots: 21.7ms
[2026-01-16T09:22:16.791+0000][gc,phases   ] GC(862)   Evacuate Collection Set: 351.6ms
[2026-01-16T09:22:16.792+0000][gc,phases   ] GC(862)   Post Evacuate Collection Set: 36.8ms
[2026-01-16T09:22:16.792+0000][gc,phases   ] GC(862)   Other: 5.6ms
[2026-01-16T09:22:16.795+0000][gc,heap     ] GC(862) Eden regions: 48->0(49)
[2026-01-16T09:22:16.796+0000][gc,heap     ] GC(862) Survivor regions: 3->2(7)
[2026-01-16T09:22:16.796+0000][gc,heap     ] GC(862) Old regions: 261->261
[2026-01-16T09:22:16.796+0000][gc,heap     ] GC(862) Humongous regions: 103->103
[2026-01-16T09:22:16.797+0000][gc,metaspace] GC(862) Metaspace: 12984K(13376K)->12984K(13376K) NonClass: 11867K(12032K)->11867K(12032K) Class: 1117K(1344K)->1117K(1344K)
[2026-01-16T09:22:16.798+0000][gc          ] GC(862) Pause Young (Normal) (G1 Evacuation Pause) 413M->364M(1024M) 496.967ms
[2026-01-16T09:22:16.799+0000][gc,cpu      ] GC(862) User=0.37s Sys=0.03s Real=0.50s
[2026-01-16T09:22:18.338+0000][gc,start    ] GC(863) Pause Young (Normal) (G1 Evacuation Pause)
[2026-01-16T09:22:18.345+0000][gc,task     ] GC(863) Using 8 workers of 8 for evacuation
[2026-01-16T09:22:18.464+0000][gc,phases   ] GC(863)   Pre Evacuate Collection Set: 8.9ms
[2026-01-16T09:22:18.469+0000][gc,phases   ] GC(863)   Merge Heap Roots: 0.9ms
[2026-01-16T09:22:18.473+0000][gc,phases   ] GC(863)   Evacuate Collection Set: 99.5ms
[2026-01-16T09:22:18.475+0000][gc,phases   ] GC(863)   Post Evacuate Collection Set: 4.2ms
[2026-01-16T09:22:18.483+0000][gc,phases   ] GC(863)   Other: 7.4ms
[2026-01-16T09:22:18.484+0000][gc,heap     ] GC(863) Eden regions: 49->0(49)
[2026-01-16T09:22:18.484+0000][gc,heap     ] GC(863) Survivor regions: 2->2(7)
[2026-01-16T09:22:18.485+0000][gc,heap     ] GC(863) Old regions: 261->261
[2026-01-16T09:22:18.485+0000][gc,heap     ] GC(863) Humongous regions: 103->103
[2026-01-16T09:22:18.489+0000][gc,metaspace] GC(863) Metaspace: 12984K(13376K)->12984K(13376K) NonClass: 11867K(12032K)->11867K(12032K) Class: 1117K(1344K)->1117K(1344K)
[2026-01-16T09:22:18.489+0000][gc          ] GC(863) Pause Young (Normal) (G1 Evacuation Pause) 413M->364M(1024M) 151.847ms
[2026-01-16T09:22:18.498+0000][gc,cpu      ] GC(863) User=0.16s Sys=0.01s Real=0.16s
[2026-01-16T09:22:19.219+0000][gc,start    ] GC(864) Pause Young (Normal) (G1 Evacuation Pause)
[2026-01-16T09:22:19.220+0000][gc,task     ] GC(864) Using 8 workers of 8 for evacuation
[2026-01-16T09:22:19.283+0000][gc,phases   ] GC(864)   Pre Evacuate Collection Set: 8.0ms
[2026-01-16T09:22:19.284+0000][gc,phases   ] GC(864)   Merge Heap Roots: 1.8ms
[2026-01-16T09:22:19.285+0000][gc,phases   ] GC(864)   Evacuate Collection Set: 49.6ms
[2026-01-16T09:22:19.286+0000][gc,phases   ] GC(864)   Post Evacuate Collection Set: 2.6ms
[2026-01-16T09:22:19.288+0000][gc,phases   ] GC(864)   Other: 1.4ms
[2026-01-16T09:22:19.288+0000][gc,heap     ] GC(864) Eden regions: 49->0(48)
[2026-01-16T09:22:19.292+0000][gc,heap     ] GC(864) Survivor regions: 2->3(7)
[2026-01-16T09:22:19.294+0000][gc,heap     ] GC(864) Old regions: 261->261
[2026-01-16T09:22:19.295+0000][gc,heap     ] GC(864) Humongous regions: 103->103
[2026-01-16T09:22:19.296+0000][gc,metaspace] GC(864) Metaspace: 12984K(13376K)->12984K(13376K) NonClass: 11867K(12032K)->11867K(12032K) Class: 1117K(1344K)->1117K(1344K)
[2026-01-16T09:22:19.297+0000][gc          ] GC(864) Pause Young (Normal) (G1 Evacuation Pause) 413M->365M(1024M) 77.779ms
[2026-01-16T09:22:19.299+0000][gc,cpu      ] GC(864) User=0.10s Sys=0.01s Real=0.08s
[2026-01-16T09:22:29.108+0000][gc,start    ] GC(865) Pause Young (Normal) (G1 Evacuation Pause)
[2026-01-16T09:22:29.112+0000][gc,task     ] GC(865) Using 8 workers of 8 for evacuation
[2026-01-16T09:22:29.579+0000][gc,mmu      ] GC(865) MMU target violated: 201.0ms (200.0ms/201.0ms)
[2026-01-16T09:22:29.586+0000][gc,phases   ] GC(865)   Pre Evacuate Collection Set: 7.9ms
[2026-01-16T09:22:29.587+0000][gc,phases   ] GC(865)   Merge Heap Roots: 2.5ms
[2026-01-16T09:22:29.587+0000][gc,phases   ] GC(865)   Evacuate Collection Set: 443.6ms
[2026-01-16T09:22:29.587+0000][gc,phases   ] GC(865)   Post Evacuate Collection Set: 7.9ms
[2026-01-16T09:22:29.587+0000][gc,phases   ] GC(865)   Other: 12.6ms
[2026-01-16T09:22:29.587+0000][gc,heap     ] GC(865) Eden regions: 48->0(49)
[2026-01-16T09:22:29.587+0000][gc,heap     ] GC(865) Survivor regions: 3->2(7)
[2026-01-16T09:22:29.587+0000][gc,heap     ] GC(865) Old regions: 261->261
[2026-01-16T09:22:29.587+0000][gc,heap     ] GC(865) Humongous regions: 103->103
[2026-01-16T09:22:29.587+0000][gc,metaspace] GC(865) Metaspace: 12984K(13376K)->12984K(13376K) NonClass: 11867K(12032K)->11867K(12032K) Class: 1117K(1344K)->1117K(1344K)
[2026-01-16T09:22:29.587+0000][gc          ] GC(865) Pause Young (Normal) (G1 Evacuation Pause) 413M->364M(1024M) 479.497ms
[2026-01-16T09:22:29.587+0000][gc,cpu      ] GC(865) User=0.29s Sys=0.00s Real=0.48s
[2026-01-16T09:22:30.783+0000][gc,start    ] GC(866) Pause Young (Normal) (G1 Evacuation Pause)
[2026-01-16T09:22:30.785+0000][gc,task     ] GC(866) Using 8 workers of 8 for evacuation
[2026-01-16T09:22:30.955+0000][gc,phases   ] GC(866)   Pre Evacuate Collection Set: 13.1ms
[2026-01-16T09:22:30.960+0000][gc,phases   ] GC(866)   Merge Heap Roots: 1.1ms
[2026-01-16T09:22:30.963+0000][gc,phases   ] GC(866)   Evacuate Collection Set: 127.6ms
[2026-01-16T09:22:30.971+0000][gc,phases   ] GC(866)   Post Evacuate Collection Set: 25.8ms
[2026-01-16T09:22:30.976+0000][gc,phases   ] GC(866)   Other: 2.2ms
[2026-01-16T09:22:30.977+0000][gc,heap     ] GC(866) Eden regions: 49->0(48)
[2026-01-16T09:22:30.978+0000][gc,heap     ] GC(866) Survivor regions: 2->3(7)
[2026-01-16T09:22:30.980+0000][gc,heap     ] GC(866) Old regions: 261->261
[2026-01-16T09:22:30.981+0000][gc,heap     ] GC(866) Humongous regions: 103->103
[2026-01-16T09:22:30.983+0000][gc,metaspace] GC(866) Metaspace: 12984K(13376K)->12984K(13376K) NonClass: 11867K(12032K)->11867K(12032K) Class: 1117K(1344K)->1117K(1344K)
[2026-01-16T09:22:30.986+0000][gc          ] GC(866) Pause Young (Normal) (G1 Evacuation Pause) 413M->365M(1024M) 202.200ms
[2026-01-16T09:22:30.988+0000][gc,cpu      ] GC(866) User=0.12s Sys=0.01s Real=0.21s
[2026-01-16T09:22:38.742+0000][gc,start    ] GC(867) Pause Young (Normal) (G1 Evacuation Pause)
[2026-01-16T09:22:38.781+0000][gc,task     ] GC(867) Using 8 workers of 8 for evacuation
[2026-01-16T09:22:39.388+0000][gc,mmu      ] GC(867) MMU target violated: 201.0ms (200.0ms/201.0ms)
[2026-01-16T09:22:39.393+0000][gc,phases   ] GC(867)   Pre Evacuate Collection Set: 45.6ms
[2026-01-16T09:22:39.398+0000][gc,phases   ] GC(867)   Merge Heap Roots: 19.5ms
[2026-01-16T09:22:39.416+0000][gc,phases   ] GC(867)   Evacuate Collection Set: 481.5ms
[2026-01-16T09:22:39.417+0000][gc,phases   ] GC(867)   Post Evacuate Collection Set: 54.3ms
[2026-01-16T09:22:39.417+0000][gc,phases   ] GC(867)   Other: 13.2ms
[2026-01-16T09:22:39.425+0000][gc,heap     ] GC(867) Eden regions: 48->0(49)
[2026-01-16T09:22:39.429+0000][gc,heap     ] GC(867) Survivor regions: 3->2(7)
[2026-01-16T09:22:39.432+0000][gc,heap     ] GC(867) Old regions: 261->261
[2026-01-16T09:22:39.437+0000][gc,heap     ] GC(867) Humongous regions: 103->103
[2026-01-16T09:22:39.442+0000][gc,metaspace] GC(867) Metaspace: 12984K(13376K)->12984K(13376K) NonClass: 11867K(12032K)->11867K(12032K) Class: 1117K(1344K)->1117K(1344K)
[2026-01-16T09:22:39.454+0000][gc          ] GC(867) Pause Young (Normal) (G1 Evacuation Pause) 413M->364M(1024M) 712.437ms
[2026-01-16T09:22:39.456+0000][gc,cpu      ] GC(867) User=0.28s Sys=0.03s Real=0.71s
[2026-01-16T09:22:42.332+0000][gc,start    ] GC(868) Pause Young (Normal) (G1 Evacuation Pause)
[2026-01-16T09:22:42.334+0000][gc,task     ] GC(868) Using 8 workers of 8 for evacuation
[2026-01-16T09:22:42.622+0000][gc,mmu      ] GC(868) MMU target violated: 201.0ms (200.0ms/201.0ms)
[2026-01-16T09:22:42.622+0000][gc,phases   ] GC(868)   Pre Evacuate Collection Set: 22.2ms
[2026-01-16T09:22:42.629+0000][gc,phases   ] GC(868)   Merge Heap Roots: 1.9ms
[2026-01-16T09:22:42.630+0000][gc,phases   ] GC(868)   Evacuate Collection Set: 253.0ms
[2026-01-16T09:22:42.632+0000][gc,phases   ] GC(868)   Post Evacuate Collection Set: 7.8ms
[2026-01-16T09:22:42.635+0000][gc,phases   ] GC(868)   Other: 3.2ms
[2026-01-16T09:22:42.636+0000][gc,heap     ] GC(868) Eden regions: 49->0(49)
[2026-01-16T09:22:42.636+0000][gc,heap     ] GC(868) Survivor regions: 2->2(7)
[2026-01-16T09:22:42.637+0000][gc,heap     ] GC(868) Old regions: 261->261
[2026-01-16T09:22:42.637+0000][gc,heap     ] GC(868) Humongous regions: 103->103
[2026-01-16T09:22:42.638+0000][gc,metaspace] GC(868) Metaspace: 12984K(13376K)->12984K(13376K) NonClass: 11867K(12032K)->11867K(12032K) Class: 1117K(1344K)->1117K(1344K)
[2026-01-16T09:22:42.638+0000][gc          ] GC(868) Pause Young (Normal) (G1 Evacuation Pause) 413M->365M(1024M) 306.510ms
[2026-01-16T09:22:42.639+0000][gc,cpu      ] GC(868) User=0.22s Sys=0.02s Real=0.31s
[2026-01-16T09:22:47.988+0000][gc,start    ] GC(869) Pause Young (Normal) (G1 Evacuation Pause)
[2026-01-16T09:22:47.998+0000][gc,task     ] GC(869) Using 8 workers of 8 for evacuation
[2026-01-16T09:22:48.154+0000][gc,phases   ] GC(869)   Pre Evacuate Collection Set: 28.6ms
[2026-01-16T09:22:48.154+0000][gc,phases   ] GC(869)   Merge Heap Roots: 7.9ms
[2026-01-16T09:22:48.154+0000][gc,phases   ] GC(869)   Evacuate Collection Set: 89.1ms
[2026-01-16T09:22:48.155+0000][gc,phases   ] GC(869)   Post Evacuate Collection Set: 14.2ms
[2026-01-16T09:22:48.155+0000][gc,phases   ] GC(869)   Other: 9.0ms
[2026-01-16T09:22:48.156+0000][gc,heap     ] GC(869) Eden regions: 49->0(50)
[2026-01-16T09:22:48.156+0000][gc,heap     ] GC(869) Survivor regions: 2->1(7)
[2026-01-16T09:22:48.157+0000][gc,heap     ] GC(869) Old regions: 261->261
[2026-01-16T09:22:48.158+0000][gc,heap     ] GC(869) Humongous regions: 103->103
[2026-01-16T09:22:48.159+0000][gc,metaspace] GC(869) Metaspace: 12984K(13376K)->12984K(13376K) NonClass: 11867K(12032K)->11867K(12032K) Class: 1117K(1344K)->1117K(1344K)
[2026-01-16T09:22:48.189+0000][gc          ] GC(869) Pause Young (Normal) (G1 Evacuation Pause) 414M->364M(1024M) 201.080ms
[2026-01-16T09:22:48.196+0000][gc,cpu      ] GC(869) User=0.15s Sys=0.01s Real=0.20s
[2026-01-16T09:22:51.767+0000][gc,start    ] GC(870) Pause Young (Normal) (G1 Evacuation Pause)
[2026-01-16T09:22:51.773+0000][gc,task     ] GC(870) Using 8 workers of 8 for evacuation
[2026-01-16T09:22:52.056+0000][gc,mmu      ] GC(870) MMU target violated: 201.0ms (200.0ms/201.0ms)
[2026-01-16T09:22:52.056+0000][gc,phases   ] GC(870)   Pre Evacuate Collection Set: 13.4ms
[2026-01-16T09:22:52.058+0000][gc,phases   ] GC(870)   Merge Heap Roots: 5.3ms
[2026-01-16T09:22:52.059+0000][gc,phases   ] GC(870)   Evacuate Collection Set: 241.6ms
[2026-01-16T09:22:52.061+0000][gc,phases   ] GC(870)   Post Evacuate Collection Set: 19.9ms
[2026-01-16T09:22:52.063+0000][gc,phases   ] GC(870)   Other: 3.0ms
[2026-01-16T09:22:52.069+0000][gc,heap     ] GC(870) Eden regions: 50->0(49)
[2026-01-16T09:22:52.072+0000][gc,heap     ] GC(870) Survivor regions: 1->2(7)
[2026-01-16T09:22:52.072+0000][gc,heap     ] GC(870) Old regions: 261->261
[2026-01-16T09:22:52.072+0000][gc,heap     ] GC(870) Humongous regions: 103->103
[2026-01-16T09:22:52.072+0000][gc,metaspace] GC(870) Metaspace: 12990K(13376K)->12990K(13376K) NonClass: 11868K(12032K)->11868K(12032K) Class: 1121K(1344K)->1121K(1344K)
[2026-01-16T09:22:52.073+0000][gc          ] GC(870) Pause Young (Normal) (G1 Evacuation Pause) 414M->365M(1024M) 305.658ms
[2026-01-16T09:22:52.073+0000][gc,cpu      ] GC(870) User=0.15s Sys=0.01s Real=0.30s
[2026-01-16T09:22:55.921+0000][gc,start    ] GC(871) Pause Young (Normal) (G1 Evacuation Pause)
[2026-01-16T09:22:55.934+0000][gc,task     ] GC(871) Using 8 workers of 8 for evacuation
[2026-01-16T09:22:56.688+0000][gc,mmu      ] GC(871) MMU target violated: 201.0ms (200.0ms/201.0ms)
[2026-01-16T09:22:56.690+0000][gc,phases   ] GC(871)   Pre Evacuate Collection Set: 72.0ms
[2026-01-16T09:22:56.690+0000][gc,phases   ] GC(871)   Merge Heap Roots: 17.4ms
[2026-01-16T09:22:56.693+0000][gc,phases   ] GC(871)   Evacuate Collection Set: 630.0ms
[2026-01-16T09:22:56.693+0000][gc,phases   ] GC(871)   Post Evacuate Collection Set: 32.9ms
[2026-01-16T09:22:56.694+0000][gc,phases   ] GC(871)   Other: 3.8ms
[2026-01-16T09:22:56.694+0000][gc,heap     ] GC(871) Eden regions: 49->0(48)
[2026-01-16T09:22:56.694+0000][gc,heap     ] GC(871) Survivor regions: 2->3(7)
[2026-01-16T09:22:56.694+0000][gc,heap     ] GC(871) Old regions: 261->261
[2026-01-16T09:22:56.694+0000][gc,heap     ] GC(871) Humongous regions: 103->103
[2026-01-16T09:22:56.694+0000][gc,metaspace] GC(871) Metaspace: 12991K(13376K)->12991K(13376K) NonClass: 11869K(12032K)->11869K(12032K) Class: 1121K(1344K)->1121K(1344K)
[2026-01-16T09:22:56.713+0000][gc          ] GC(871) Pause Young (Normal) (G1 Evacuation Pause) 414M->366M(1024M) 791.780ms
[2026-01-16T09:22:56.713+0000][gc,cpu      ] GC(871) User=0.35s Sys=0.07s Real=0.79s
[2026-01-16T09:23:00.640+0000][gc,start    ] GC(872) Pause Young (Normal) (G1 Evacuation Pause)
[2026-01-16T09:23:00.641+0000][gc,task     ] GC(872) Using 8 workers of 8 for evacuation
[2026-01-16T09:23:00.810+0000][gc,phases   ] GC(872)   Pre Evacuate Collection Set: 26.7ms
[2026-01-16T09:23:00.810+0000][gc,phases   ] GC(872)   Merge Heap Roots: 7.7ms
[2026-01-16T09:23:00.811+0000][gc,phases   ] GC(872)   Evacuate Collection Set: 118.3ms
[2026-01-16T09:23:00.812+0000][gc,phases   ] GC(872)   Post Evacuate Collection Set: 15.0ms
[2026-01-16T09:23:00.812+0000][gc,phases   ] GC(872)   Other: 1.1ms
[2026-01-16T09:23:00.812+0000][gc,heap     ] GC(872) Eden regions: 48->0(49)
[2026-01-16T09:23:00.813+0000][gc,heap     ] GC(872) Survivor regions: 3->2(7)
[2026-01-16T09:23:00.814+0000][gc,heap     ] GC(872) Old regions: 261->261
[2026-01-16T09:23:00.814+0000][gc,heap     ] GC(872) Humongous regions: 103->103
[2026-01-16T09:23:00.815+0000][gc,metaspace] GC(872) Metaspace: 12993K(13376K)->12993K(13376K) NonClass: 11871K(12032K)->11871K(12032K) Class: 1121K(1344K)->1121K(1344K)
[2026-01-16T09:23:00.815+0000][gc          ] GC(872) Pause Young (Normal) (G1 Evacuation Pause) 414M->365M(1024M) 175.433ms
[2026-01-16T09:23:00.816+0000][gc,cpu      ] GC(872) User=0.17s Sys=0.01s Real=0.17s
[2026-01-16T09:23:02.564+0000][gc,start    ] GC(873) Pause Young (Normal) (G1 Evacuation Pause)
[2026-01-16T09:23:02.564+0000][gc,task     ] GC(873) Using 8 workers of 8 for evacuation
[2026-01-16T09:23:03.196+0000][gc,mmu      ] GC(873) MMU target violated: 201.0ms (200.0ms/201.0ms)
[2026-01-16T09:23:03.196+0000][gc,phases   ] GC(873)   Pre Evacuate Collection Set: 151.6ms
[2026-01-16T09:23:03.196+0000][gc,phases   ] GC(873)   Merge Heap Roots: 0.5ms
[2026-01-16T09:23:03.197+0000][gc,phases   ] GC(873)   Evacuate Collection Set: 476.2ms
[2026-01-16T09:23:03.197+0000][gc,phases   ] GC(873)   Post Evacuate Collection Set: 2.9ms
[2026-01-16T09:23:03.197+0000][gc,phases   ] GC(873)   Other: 0.9ms
[2026-01-16T09:23:03.201+0000][gc,heap     ] GC(873) Eden regions: 49->0(48)
[2026-01-16T09:23:03.201+0000][gc,heap     ] GC(873) Survivor regions: 2->3(7)
[2026-01-16T09:23:03.201+0000][gc,heap     ] GC(873) Old regions: 261->261
[2026-01-16T09:23:03.203+0000][gc,heap     ] GC(873) Humongous regions: 103->103
[2026-01-16T09:23:03.203+0000][gc,metaspace] GC(873) Metaspace: 12995K(13376K)->12995K(13376K) NonClass: 11873K(12032K)->11873K(12032K) Class: 1121K(1344K)->1121K(1344K)
[2026-01-16T09:23:03.205+0000][gc          ] GC(873) Pause Young (Normal) (G1 Evacuation Pause) 414M->366M(1024M) 641.429ms
[2026-01-16T09:23:03.213+0000][gc,cpu      ] GC(873) User=0.28s Sys=0.05s Real=0.65s
[2026-01-16T09:23:06.754+0000][gc,start    ] GC(874) Pause Young (Normal) (G1 Evacuation Pause)
[2026-01-16T09:23:06.758+0000][gc,task     ] GC(874) Using 8 workers of 8 for evacuation
[2026-01-16T09:23:06.872+0000][gc,phases   ] GC(874)   Pre Evacuate Collection Set: 9.7ms
[2026-01-16T09:23:06.872+0000][gc,phases   ] GC(874)   Merge Heap Roots: 10.7ms
[2026-01-16T09:23:06.872+0000][gc,phases   ] GC(874)   Evacuate Collection Set: 74.2ms
[2026-01-16T09:23:06.872+0000][gc,phases   ] GC(874)   Post Evacuate Collection Set: 12.2ms
[2026-01-16T09:23:06.872+0000][gc,phases   ] GC(874)   Other: 6.6ms
[2026-01-16T09:23:06.872+0000][gc,heap     ] GC(874) Eden regions: 48->0(49)
[2026-01-16T09:23:06.872+0000][gc,heap     ] GC(874) Survivor regions: 3->2(7)
[2026-01-16T09:23:06.872+0000][gc,heap     ] GC(874) Old regions: 261->261
[2026-01-16T09:23:06.872+0000][gc,heap     ] GC(874) Humongous regions: 103->103
[2026-01-16T09:23:06.872+0000][gc,metaspace] GC(874) Metaspace: 12996K(13440K)->12996K(13440K) NonClass: 11874K(12096K)->11874K(12096K) Class: 1121K(1344K)->1121K(1344K)
[2026-01-16T09:23:06.872+0000][gc          ] GC(874) Pause Young (Normal) (G1 Evacuation Pause) 414M->365M(1024M) 118.857ms
[2026-01-16T09:23:06.872+0000][gc,cpu      ] GC(874) User=0.08s Sys=0.00s Real=0.12s
[2026-01-16T09:23:07.403+0000][gc,start    ] GC(875) Pause Young (Normal) (G1 Evacuation Pause)
[2026-01-16T09:23:07.403+0000][gc,task     ] GC(875) Using 8 workers of 8 for evacuation
[2026-01-16T09:23:07.455+0000][gc,phases   ] GC(875)   Pre Evacuate Collection Set: 5.5ms
[2026-01-16T09:23:07.455+0000][gc,phases   ] GC(875)   Merge Heap Roots: 0.4ms
[2026-01-16T09:23:07.455+0000][gc,phases   ] GC(875)   Evacuate Collection Set: 42.9ms
[2026-01-16T09:23:07.455+0000][gc,phases   ] GC(875)   Post Evacuate Collection Set: 3.0ms
[2026-01-16T09:23:07.455+0000][gc,phases   ] GC(875)   Other: 0.3ms
[2026-01-16T09:23:07.456+0000][gc,heap     ] GC(875) Eden regions: 49->0(48)
[2026-01-16T09:23:07.456+0000][gc,heap     ] GC(875) Survivor regions: 2->3(7)
[2026-01-16T09:23:07.456+0000][gc,heap     ] GC(875) Old regions: 261->261
[2026-01-16T09:23:07.456+0000][gc,heap     ] GC(875) Humongous regions: 103->103
[2026-01-16T09:23:07.456+0000][gc,metaspace] GC(875) Metaspace: 12996K(13440K)->12996K(13440K) NonClass: 11874K(12096K)->11874K(12096K) Class: 1121K(1344K)->1121K(1344K)
[2026-01-16T09:23:07.456+0000][gc          ] GC(875) Pause Young (Normal) (G1 Evacuation Pause) 414M->366M(1024M) 53.243ms
[2026-01-16T09:23:07.456+0000][gc,cpu      ] GC(875) User=0.03s Sys=0.00s Real=0.05s
[2026-01-16T09:23:16.004+0000][gc,start    ] GC(876) Pause Young (Normal) (G1 Evacuation Pause)
[2026-01-16T09:23:16.008+0000][gc,task     ] GC(876) Using 8 workers of 8 for evacuation
[2026-01-16T09:23:16.106+0000][gc,phases   ] GC(876)   Pre Evacuate Collection Set: 6.5ms
[2026-01-16T09:23:16.106+0000][gc,phases   ] GC(876)   Merge Heap Roots: 0.8ms
[2026-01-16T09:23:16.107+0000][gc,phases   ] GC(876)   Evacuate Collection Set: 85.4ms
[2026-01-16T09:23:16.107+0000][gc,phases   ] GC(876)   Post Evacuate Collection Set: 4.7ms
[2026-01-16T09:23:16.107+0000][gc,phases   ] GC(876)   Other: 0.4ms
[2026-01-16T09:23:16.107+0000][gc,heap     ] GC(876) Eden regions: 48->0(49)
[2026-01-16T09:23:16.108+0000][gc,heap     ] GC(876) Survivor regions: 3->2(7)
[2026-01-16T09:23:16.108+0000][gc,heap     ] GC(876) Old regions: 261->261
[2026-01-16T09:23:16.108+0000][gc,heap     ] GC(876) Humongous regions: 103->103
[2026-01-16T09:23:16.108+0000][gc,metaspace] GC(876) Metaspace: 12997K(13440K)->12997K(13440K) NonClass: 11875K(12096K)->11875K(12096K) Class: 1121K(1344K)->1121K(1344K)
[2026-01-16T09:23:16.110+0000][gc          ] GC(876) Pause Young (Normal) (G1 Evacuation Pause) 414M->365M(1024M) 106.123ms
[2026-01-16T09:23:16.110+0000][gc,cpu      ] GC(876) User=0.23s Sys=0.01s Real=0.11s
[2026-01-16T09:23:17.300+0000][gc,start    ] GC(877) Pause Young (Normal) (G1 Evacuation Pause)
[2026-01-16T09:23:17.303+0000][gc,task     ] GC(877) Using 8 workers of 8 for evacuation
[2026-01-16T09:23:17.396+0000][gc,phases   ] GC(877)   Pre Evacuate Collection Set: 8.5ms
[2026-01-16T09:23:17.400+0000][gc,phases   ] GC(877)   Merge Heap Roots: 1.4ms
[2026-01-16T09:23:17.403+0000][gc,phases   ] GC(877)   Evacuate Collection Set: 77.8ms
[2026-01-16T09:23:17.404+0000][gc,phases   ] GC(877)   Post Evacuate Collection Set: 3.6ms
[2026-01-16T09:23:17.405+0000][gc,phases   ] GC(877)   Other: 2.7ms
[2026-01-16T09:23:17.408+0000][gc,heap     ] GC(877) Eden regions: 49->0(48)
[2026-01-16T09:23:17.408+0000][gc,heap     ] GC(877) Survivor regions: 2->3(7)
[2026-01-16T09:23:17.409+0000][gc,heap     ] GC(877) Old regions: 261->261
[2026-01-16T09:23:17.409+0000][gc,heap     ] GC(877) Humongous regions: 103->103
[2026-01-16T09:23:17.418+0000][gc,metaspace] GC(877) Metaspace: 12997K(13440K)->12997K(13440K) NonClass: 11875K(12096K)->11875K(12096K) Class: 1121K(1344K)->1121K(1344K)
[2026-01-16T09:23:17.422+0000][gc          ] GC(877) Pause Young (Normal) (G1 Evacuation Pause) 414M->366M(1024M) 122.135ms
[2026-01-16T09:23:17.425+0000][gc,cpu      ] GC(877) User=0.06s Sys=0.00s Real=0.12s
[2026-01-16T09:23:17.925+0000][gc,start    ] GC(878) Pause Young (Normal) (G1 Evacuation Pause)
[2026-01-16T09:23:17.935+0000][gc,task     ] GC(878) Using 8 workers of 8 for evacuation
[2026-01-16T09:23:17.961+0000][gc,phases   ] GC(878)   Pre Evacuate Collection Set: 0.7ms
[2026-01-16T09:23:17.962+0000][gc,phases   ] GC(878)   Merge Heap Roots: 0.4ms
[2026-01-16T09:23:17.964+0000][gc,phases   ] GC(878)   Evacuate Collection Set: 20.7ms
[2026-01-16T09:23:17.964+0000][gc,phases   ] GC(878)   Post Evacuate Collection Set: 0.6ms
[2026-01-16T09:23:17.965+0000][gc,phases   ] GC(878)   Other: 3.6ms
[2026-01-16T09:23:17.967+0000][gc,heap     ] GC(878) Eden regions: 48->0(48)
[2026-01-16T09:23:17.968+0000][gc,heap     ] GC(878) Survivor regions: 3->3(7)
[2026-01-16T09:23:17.969+0000][gc,heap     ] GC(878) Old regions: 261->261
[2026-01-16T09:23:17.969+0000][gc,heap     ] GC(878) Humongous regions: 103->103
[2026-01-16T09:23:17.970+0000][gc,metaspace] GC(878) Metaspace: 12997K(13440K)->12997K(13440K) NonClass: 11875K(12096K)->11875K(12096K) Class: 1121K(1344K)->1121K(1344K)
[2026-01-16T09:23:17.972+0000][gc          ] GC(878) Pause Young (Normal) (G1 Evacuation Pause) 414M->366M(1024M) 46.544ms
[2026-01-16T09:23:17.973+0000][gc,cpu      ] GC(878) User=0.04s Sys=0.00s Real=0.05s
[2026-01-16T09:23:28.055+0000][gc,start    ] GC(879) Pause Young (Normal) (G1 Evacuation Pause)
[2026-01-16T09:23:28.062+0000][gc,task     ] GC(879) Using 8 workers of 8 for evacuation
[2026-01-16T09:23:28.286+0000][gc,mmu      ] GC(879) MMU target violated: 201.0ms (200.0ms/201.0ms)
[2026-01-16T09:23:28.305+0000][gc,phases   ] GC(879)   Pre Evacuate Collection Set: 35.2ms
[2026-01-16T09:23:28.305+0000][gc,phases   ] GC(879)   Merge Heap Roots: 11.6ms
[2026-01-16T09:23:28.306+0000][gc,phases   ] GC(879)   Evacuate Collection Set: 150.5ms
[2026-01-16T09:23:28.309+0000][gc,phases   ] GC(879)   Post Evacuate Collection Set: 25.7ms
[2026-01-16T09:23:28.309+0000][gc,phases   ] GC(879)   Other: 20.9ms
[2026-01-16T09:23:28.310+0000][gc,heap     ] GC(879) Eden regions: 48->0(48)
[2026-01-16T09:23:28.312+0000][gc,heap     ] GC(879) Survivor regions: 3->3(7)
[2026-01-16T09:23:28.315+0000][gc,heap     ] GC(879) Old regions: 261->261
[2026-01-16T09:23:28.315+0000][gc,heap     ] GC(879) Humongous regions: 103->103
[2026-01-16T09:23:28.315+0000][gc,metaspace] GC(879) Metaspace: 12997K(13440K)->12997K(13440K) NonClass: 11875K(12096K)->11875K(12096K) Class: 1121K(1344K)->1121K(1344K)
[2026-01-16T09:23:28.315+0000][gc          ] GC(879) Pause Young (Normal) (G1 Evacuation Pause) 414M->366M(1024M) 260.393ms
[2026-01-16T09:23:28.315+0000][gc,cpu      ] GC(879) User=0.22s Sys=0.04s Real=0.26s
[2026-01-16T09:23:30.468+0000][gc,start    ] GC(880) Pause Young (Normal) (G1 Evacuation Pause)
[2026-01-16T09:23:30.482+0000][gc,task     ] GC(880) Using 8 workers of 8 for evacuation
[2026-01-16T09:23:30.735+0000][gc,mmu      ] GC(880) MMU target violated: 201.0ms (200.0ms/201.0ms)
[2026-01-16T09:23:30.735+0000][gc,phases   ] GC(880)   Pre Evacuate Collection Set: 5.4ms
[2026-01-16T09:23:30.737+0000][gc,phases   ] GC(880)   Merge Heap Roots: 4.1ms
[2026-01-16T09:23:30.738+0000][gc,phases   ] GC(880)   Evacuate Collection Set: 213.6ms
[2026-01-16T09:23:30.738+0000][gc,phases   ] GC(880)   Post Evacuate Collection Set: 23.3ms
[2026-01-16T09:23:30.739+0000][gc,phases   ] GC(880)   Other: 12.2ms
[2026-01-16T09:23:30.739+0000][gc,heap     ] GC(880) Eden regions: 48->0(48)
[2026-01-16T09:23:30.742+0000][gc,heap     ] GC(880) Survivor regions: 3->3(7)
[2026-01-16T09:23:30.742+0000][gc,heap     ] GC(880) Old regions: 261->261
[2026-01-16T09:23:30.743+0000][gc,heap     ] GC(880) Humongous regions: 103->103
[2026-01-16T09:23:30.743+0000][gc,metaspace] GC(880) Metaspace: 12997K(13440K)->12997K(13440K) NonClass: 11875K(12096K)->11875K(12096K) Class: 1121K(1344K)->1121K(1344K)
[2026-01-16T09:23:30.743+0000][gc          ] GC(880) Pause Young (Normal) (G1 Evacuation Pause) 414M->366M(1024M) 275.722ms
[2026-01-16T09:23:30.749+0000][gc,cpu      ] GC(880) User=0.12s Sys=0.01s Real=0.28s
[2026-01-16T09:23:36.998+0000][gc,start    ] GC(881) Pause Young (Normal) (G1 Evacuation Pause)
[2026-01-16T09:23:37.002+0000][gc,task     ] GC(881) Using 8 workers of 8 for evacuation
[2026-01-16T09:23:37.631+0000][gc,mmu      ] GC(881) MMU target violated: 201.0ms (200.0ms/201.0ms)
[2026-01-16T09:23:37.640+0000][gc,phases   ] GC(881)   Pre Evacuate Collection Set: 47.6ms
[2026-01-16T09:23:37.645+0000][gc,phases   ] GC(881)   Merge Heap Roots: 29.7ms
[2026-01-16T09:23:37.657+0000][gc,phases   ] GC(881)   Evacuate Collection Set: 480.0ms
[2026-01-16T09:23:37.659+0000][gc,phases   ] GC(881)   Post Evacuate Collection Set: 71.1ms
[2026-01-16T09:23:37.660+0000][gc,phases   ] GC(881)   Other: 10.6ms
[2026-01-16T09:23:37.660+0000][gc,heap     ] GC(881) Eden regions: 48->0(48)
[2026-01-16T09:23:37.660+0000][gc,heap     ] GC(881) Survivor regions: 3->3(7)
[2026-01-16T09:23:37.660+0000][gc,heap     ] GC(881) Old regions: 261->261
[2026-01-16T09:23:37.660+0000][gc,heap     ] GC(881) Humongous regions: 103->103
[2026-01-16T09:23:37.661+0000][gc,metaspace] GC(881) Metaspace: 12997K(13440K)->12997K(13440K) NonClass: 11875K(12096K)->11875K(12096K) Class: 1121K(1344K)->1121K(1344K)
[2026-01-16T09:23:37.661+0000][gc          ] GC(881) Pause Young (Normal) (G1 Evacuation Pause) 414M->366M(1024M) 662.626ms
[2026-01-16T09:23:37.661+0000][gc,cpu      ] GC(881) User=0.21s Sys=0.04s Real=0.66s
[2026-01-16T09:23:40.192+0000][gc,start    ] GC(882) Pause Young (Normal) (G1 Evacuation Pause)
[2026-01-16T09:23:40.195+0000][gc,task     ] GC(882) Using 8 workers of 8 for evacuation
[2026-01-16T09:23:40.366+0000][gc,phases   ] GC(882)   Pre Evacuate Collection Set: 27.0ms
[2026-01-16T09:23:40.367+0000][gc,phases   ] GC(882)   Merge Heap Roots: 1.3ms
[2026-01-16T09:23:40.368+0000][gc,phases   ] GC(882)   Evacuate Collection Set: 136.8ms
[2026-01-16T09:23:40.368+0000][gc,phases   ] GC(882)   Post Evacuate Collection Set: 4.7ms
[2026-01-16T09:23:40.369+0000][gc,phases   ] GC(882)   Other: 3.7ms
[2026-01-16T09:23:40.370+0000][gc,heap     ] GC(882) Eden regions: 48->0(48)
[2026-01-16T09:23:40.370+0000][gc,heap     ] GC(882) Survivor regions: 3->3(7)
[2026-01-16T09:23:40.370+0000][gc,heap     ] GC(882) Old regions: 261->262
[2026-01-16T09:23:40.370+0000][gc,heap     ] GC(882) Humongous regions: 103->103
[2026-01-16T09:23:40.370+0000][gc,metaspace] GC(882) Metaspace: 12998K(13440K)->12998K(13440K) NonClass: 11876K(12096K)->11876K(12096K) Class: 1121K(1344K)->1121K(1344K)
[2026-01-16T09:23:40.372+0000][gc          ] GC(882) Pause Young (Normal) (G1 Evacuation Pause) 414M->366M(1024M) 180.312ms
[2026-01-16T09:23:40.372+0000][gc,cpu      ] GC(882) User=0.11s Sys=0.01s Real=0.18s
[2026-01-16T09:23:41.334+0000][gc,start    ] GC(883) Pause Young (Normal) (G1 Evacuation Pause)
[2026-01-16T09:23:41.335+0000][gc,task     ] GC(883) Using 8 workers of 8 for evacuation
[2026-01-16T09:23:41.435+0000][gc,phases   ] GC(883)   Pre Evacuate Collection Set: 8.1ms
[2026-01-16T09:23:41.441+0000][gc,phases   ] GC(883)   Merge Heap Roots: 0.3ms
[2026-01-16T09:23:41.472+0000][gc,phases   ] GC(883)   Evacuate Collection Set: 81.2ms
[2026-01-16T09:23:41.474+0000][gc,phases   ] GC(883)   Post Evacuate Collection Set: 7.8ms
[2026-01-16T09:23:41.474+0000][gc,phases   ] GC(883)   Other: 2.6ms
[2026-01-16T09:23:41.474+0000][gc,heap     ] GC(883) Eden regions: 48->0(47)
[2026-01-16T09:23:41.474+0000][gc,heap     ] GC(883) Survivor regions: 3->4(7)
[2026-01-16T09:23:41.475+0000][gc,heap     ] GC(883) Old regions: 262->262
[2026-01-16T09:23:41.475+0000][gc,heap     ] GC(883) Humongous regions: 103->103
[2026-01-16T09:23:41.475+0000][gc,metaspace] GC(883) Metaspace: 12998K(13440K)->12998K(13440K) NonClass: 11876K(12096K)->11876K(12096K) Class: 1121K(1344K)->1121K(1344K)
[2026-01-16T09:23:41.475+0000][gc          ] GC(883) Pause Young (Normal) (G1 Evacuation Pause) 414M->367M(1024M) 140.752ms
[2026-01-16T09:23:41.475+0000][gc,cpu      ] GC(883) User=0.14s Sys=0.02s Real=0.14s
[2026-01-16T09:23:46.784+0000][gc,start    ] GC(884) Pause Young (Normal) (G1 Evacuation Pause)
[2026-01-16T09:23:46.784+0000][gc,task     ] GC(884) Using 8 workers of 8 for evacuation
[2026-01-16T09:23:46.880+0000][gc,phases   ] GC(884)   Pre Evacuate Collection Set: 10.1ms
[2026-01-16T09:23:46.882+0000][gc,phases   ] GC(884)   Merge Heap Roots: 2.3ms
[2026-01-16T09:23:46.882+0000][gc,phases   ] GC(884)   Evacuate Collection Set: 71.9ms
[2026-01-16T09:23:46.882+0000][gc,phases   ] GC(884)   Post Evacuate Collection Set: 10.7ms
[2026-01-16T09:23:46.883+0000][gc,phases   ] GC(884)   Other: 0.7ms
[2026-01-16T09:23:46.883+0000][gc,heap     ] GC(884) Eden regions: 47->0(48)
[2026-01-16T09:23:46.884+0000][gc,heap     ] GC(884) Survivor regions: 4->3(7)
[2026-01-16T09:23:46.885+0000][gc,heap     ] GC(884) Old regions: 262->262
[2026-01-16T09:23:46.886+0000][gc,heap     ] GC(884) Humongous regions: 103->103
[2026-01-16T09:23:46.888+0000][gc,metaspace] GC(884) Metaspace: 12998K(13440K)->12998K(13440K) NonClass: 11876K(12096K)->11876K(12096K) Class: 1121K(1344K)->1121K(1344K)
[2026-01-16T09:23:46.889+0000][gc          ] GC(884) Pause Young (Normal) (G1 Evacuation Pause) 414M->366M(1024M) 104.740ms
[2026-01-16T09:23:46.889+0000][gc,cpu      ] GC(884) User=0.16s Sys=0.00s Real=0.11s
[2026-01-16T09:23:47.358+0000][gc,start    ] GC(885) Pause Young (Normal) (G1 Evacuation Pause)
[2026-01-16T09:23:47.359+0000][gc,task     ] GC(885) Using 8 workers of 8 for evacuation
[2026-01-16T09:23:47.394+0000][gc,phases   ] GC(885)   Pre Evacuate Collection Set: 0.5ms
[2026-01-16T09:23:47.395+0000][gc,phases   ] GC(885)   Merge Heap Roots: 0.2ms
[2026-01-16T09:23:47.395+0000][gc,phases   ] GC(885)   Evacuate Collection Set: 24.2ms
[2026-01-16T09:23:47.395+0000][gc,phases   ] GC(885)   Post Evacuate Collection Set: 10.1ms
[2026-01-16T09:23:47.396+0000][gc,phases   ] GC(885)   Other: 0.7ms
[2026-01-16T09:23:47.396+0000][gc,heap     ] GC(885) Eden regions: 48->0(101)
[2026-01-16T09:23:47.397+0000][gc,heap     ] GC(885) Survivor regions: 3->3(7)
[2026-01-16T09:23:47.397+0000][gc,heap     ] GC(885) Old regions: 262->262
[2026-01-16T09:23:47.398+0000][gc,heap     ] GC(885) Humongous regions: 103->103
[2026-01-16T09:23:47.398+0000][gc,metaspace] GC(885) Metaspace: 12998K(13440K)->12998K(13440K) NonClass: 11876K(12096K)->11876K(12096K) Class: 1121K(1344K)->1121K(1344K)
[2026-01-16T09:23:47.399+0000][gc          ] GC(885) Pause Young (Normal) (G1 Evacuation Pause) 414M->367M(1024M) 40.731ms
[2026-01-16T09:23:47.400+0000][gc,cpu      ] GC(885) User=0.03s Sys=0.03s Real=0.04s
[2026-01-16T09:24:11.453+0000][gc,start    ] GC(886) Pause Young (Normal) (G1 Evacuation Pause)
[2026-01-16T09:24:11.456+0000][gc,task     ] GC(886) Using 8 workers of 8 for evacuation
[2026-01-16T09:24:11.760+0000][gc,mmu      ] GC(886) MMU target violated: 201.0ms (200.0ms/201.0ms)
[2026-01-16T09:24:11.761+0000][gc,phases   ] GC(886)   Pre Evacuate Collection Set: 32.0ms
[2026-01-16T09:24:11.762+0000][gc,phases   ] GC(886)   Merge Heap Roots: 15.9ms
[2026-01-16T09:24:11.764+0000][gc,phases   ] GC(886)   Evacuate Collection Set: 243.6ms
[2026-01-16T09:24:11.765+0000][gc,phases   ] GC(886)   Post Evacuate Collection Set: 7.9ms
[2026-01-16T09:24:11.766+0000][gc,phases   ] GC(886)   Other: 7.3ms
[2026-01-16T09:24:11.766+0000][gc,heap     ] GC(886) Eden regions: 250->0(48)
[2026-01-16T09:24:11.766+0000][gc,heap     ] GC(886) Survivor regions: 3->3(32)
[2026-01-16T09:24:11.766+0000][gc,heap     ] GC(886) Old regions: 262->262
[2026-01-16T09:24:11.767+0000][gc,heap     ] GC(886) Humongous regions: 103->103
[2026-01-16T09:24:11.767+0000][gc,metaspace] GC(886) Metaspace: 12998K(13440K)->12998K(13440K) NonClass: 11876K(12096K)->11876K(12096K) Class: 1121K(1344K)->1121K(1344K)
[2026-01-16T09:24:11.767+0000][gc          ] GC(886) Pause Young (Normal) (G1 Evacuation Pause) 617M->367M(1024M) 314.389ms
[2026-01-16T09:24:11.767+0000][gc,cpu      ] GC(886) User=0.60s Sys=0.08s Real=0.31s
[2026-01-16T09:24:19.800+0000][gc,start    ] GC(887) Pause Young (Normal) (G1 Evacuation Pause)
[2026-01-16T09:24:19.803+0000][gc,task     ] GC(887) Using 8 workers of 8 for evacuation
[2026-01-16T09:24:20.064+0000][gc,mmu      ] GC(887) MMU target violated: 201.0ms (200.0ms/201.0ms)
[2026-01-16T09:24:20.065+0000][gc,phases   ] GC(887)   Pre Evacuate Collection Set: 29.6ms
[2026-01-16T09:24:20.066+0000][gc,phases   ] GC(887)   Merge Heap Roots: 1.4ms
[2026-01-16T09:24:20.066+0000][gc,phases   ] GC(887)   Evacuate Collection Set: 198.3ms
[2026-01-16T09:24:20.066+0000][gc,phases   ] GC(887)   Post Evacuate Collection Set: 29.1ms
[2026-01-16T09:24:20.067+0000][gc,phases   ] GC(887)   Other: 5.1ms
[2026-01-16T09:24:20.067+0000][gc,heap     ] GC(887) Eden regions: 76->0(48)
[2026-01-16T09:24:20.067+0000][gc,heap     ] GC(887) Survivor regions: 3->3(10)
[2026-01-16T09:24:20.067+0000][gc,heap     ] GC(887) Old regions: 262->262
[2026-01-16T09:24:20.067+0000][gc,heap     ] GC(887) Humongous regions: 103->103
[2026-01-16T09:24:20.068+0000][gc,metaspace] GC(887) Metaspace: 12998K(13440K)->12998K(13440K) NonClass: 11876K(12096K)->11876K(12096K) Class: 1121K(1344K)->1121K(1344K)
[2026-01-16T09:24:20.068+0000][gc          ] GC(887) Pause Young (Normal) (G1 Evacuation Pause) 443M->367M(1024M) 267.801ms
[2026-01-16T09:24:20.068+0000][gc,cpu      ] GC(887) User=0.15s Sys=0.02s Real=0.27s
[2026-01-16T09:24:26.370+0000][gc,start    ] GC(888) Pause Young (Normal) (G1 Evacuation Pause)
[2026-01-16T09:24:26.374+0000][gc,task     ] GC(888) Using 8 workers of 8 for evacuation
[2026-01-16T09:24:26.675+0000][gc,mmu      ] GC(888) MMU target violated: 201.0ms (200.0ms/201.0ms)
[2026-01-16T09:24:26.677+0000][gc,phases   ] GC(888)   Pre Evacuate Collection Set: 18.6ms
[2026-01-16T09:24:26.677+0000][gc,phases   ] GC(888)   Merge Heap Roots: 6.4ms
[2026-01-16T09:24:26.677+0000][gc,phases   ] GC(888)   Evacuate Collection Set: 237.0ms
[2026-01-16T09:24:26.678+0000][gc,phases   ] GC(888)   Post Evacuate Collection Set: 36.6ms
[2026-01-16T09:24:26.678+0000][gc,phases   ] GC(888)   Other: 3.8ms
[2026-01-16T09:24:26.678+0000][gc,heap     ] GC(888) Eden regions: 50->0(59)
[2026-01-16T09:24:26.679+0000][gc,heap     ] GC(888) Survivor regions: 3->2(7)
[2026-01-16T09:24:26.679+0000][gc,heap     ] GC(888) Old regions: 262->263
[2026-01-16T09:24:26.679+0000][gc,heap     ] GC(888) Humongous regions: 103->103
[2026-01-16T09:24:26.679+0000][gc,metaspace] GC(888) Metaspace: 12998K(13440K)->12998K(13440K) NonClass: 11876K(12096K)->11876K(12096K) Class: 1121K(1344K)->1121K(1344K)
[2026-01-16T09:24:26.684+0000][gc          ] GC(888) Pause Young (Normal) (G1 Evacuation Pause) 417M->366M(1024M) 314.220ms
[2026-01-16T09:24:26.685+0000][gc,cpu      ] GC(888) User=0.17s Sys=0.01s Real=0.31s
[2026-01-16T09:24:30.238+0000][gc,start    ] GC(889) Pause Young (Normal) (G1 Evacuation Pause)
[2026-01-16T09:24:30.239+0000][gc,task     ] GC(889) Using 8 workers of 8 for evacuation
[2026-01-16T09:24:30.401+0000][gc,phases   ] GC(889)   Pre Evacuate Collection Set: 18.4ms
[2026-01-16T09:24:30.406+0000][gc,phases   ] GC(889)   Merge Heap Roots: 2.3ms
[2026-01-16T09:24:30.406+0000][gc,phases   ] GC(889)   Evacuate Collection Set: 136.7ms
[2026-01-16T09:24:30.407+0000][gc,phases   ] GC(889)   Post Evacuate Collection Set: 1.9ms
[2026-01-16T09:24:30.407+0000][gc,phases   ] GC(889)   Other: 3.2ms
[2026-01-16T09:24:30.410+0000][gc,heap     ] GC(889) Eden regions: 87->0(48)
[2026-01-16T09:24:30.410+0000][gc,heap     ] GC(889) Survivor regions: 2->3(12)
[2026-01-16T09:24:30.414+0000][gc,heap     ] GC(889) Old regions: 263->263
[2026-01-16T09:24:30.414+0000][gc,heap     ] GC(889) Humongous regions: 103->103
[2026-01-16T09:24:30.414+0000][gc,metaspace] GC(889) Metaspace: 12998K(13440K)->12998K(13440K) NonClass: 11876K(12096K)->11876K(12096K) Class: 1121K(1344K)->1121K(1344K)
[2026-01-16T09:24:30.417+0000][gc          ] GC(889) Pause Young (Normal) (G1 Evacuation Pause) 453M->367M(1024M) 178.704ms
[2026-01-16T09:24:30.417+0000][gc,cpu      ] GC(889) User=0.19s Sys=0.00s Real=0.18s
[2026-01-16T09:24:37.887+0000][gc,start    ] GC(890) Pause Young (Normal) (G1 Evacuation Pause)
[2026-01-16T09:24:37.904+0000][gc,task     ] GC(890) Using 8 workers of 8 for evacuation
[2026-01-16T09:24:38.468+0000][gc,mmu      ] GC(890) MMU target violated: 201.0ms (200.0ms/201.0ms)
[2026-01-16T09:24:38.473+0000][gc,phases   ] GC(890)   Pre Evacuate Collection Set: 98.8ms
[2026-01-16T09:24:38.474+0000][gc,phases   ] GC(890)   Merge Heap Roots: 20.5ms
[2026-01-16T09:24:38.474+0000][gc,phases   ] GC(890)   Evacuate Collection Set: 420.2ms
[2026-01-16T09:24:38.479+0000][gc,phases   ] GC(890)   Post Evacuate Collection Set: 23.3ms
[2026-01-16T09:24:38.481+0000][gc,phases   ] GC(890)   Other: 18.9ms
[2026-01-16T09:24:38.481+0000][gc,heap     ] GC(890) Eden regions: 48->0(48)
[2026-01-16T09:24:38.483+0000][gc,heap     ] GC(890) Survivor regions: 3->3(7)
[2026-01-16T09:24:38.486+0000][gc,heap     ] GC(890) Old regions: 263->263
[2026-01-16T09:24:38.486+0000][gc,heap     ] GC(890) Humongous regions: 103->103
[2026-01-16T09:24:38.488+0000][gc,metaspace] GC(890) Metaspace: 12998K(13440K)->12998K(13440K) NonClass: 11876K(12096K)->11876K(12096K) Class: 1121K(1344K)->1121K(1344K)
[2026-01-16T09:24:38.492+0000][gc          ] GC(890) Pause Young (Normal) (G1 Evacuation Pause) 415M->367M(1024M) 605.220ms
[2026-01-16T09:24:38.494+0000][gc,cpu      ] GC(890) User=0.37s Sys=0.03s Real=0.61s
[2026-01-16T09:24:40.523+0000][gc,start    ] GC(891) Pause Young (Normal) (G1 Evacuation Pause)
[2026-01-16T09:24:40.527+0000][gc,task     ] GC(891) Using 8 workers of 8 for evacuation
[2026-01-16T09:24:40.612+0000][gc,phases   ] GC(891)   Pre Evacuate Collection Set: 3.9ms
[2026-01-16T09:24:40.613+0000][gc,phases   ] GC(891)   Merge Heap Roots: 1.1ms
[2026-01-16T09:24:40.613+0000][gc,phases   ] GC(891)   Evacuate Collection Set: 63.7ms
[2026-01-16T09:24:40.617+0000][gc,phases   ] GC(891)   Post Evacuate Collection Set: 14.7ms
[2026-01-16T09:24:40.617+0000][gc,phases   ] GC(891)   Other: 2.1ms
[2026-01-16T09:24:40.618+0000][gc,heap     ] GC(891) Eden regions: 48->0(48)
[2026-01-16T09:24:40.618+0000][gc,heap     ] GC(891) Survivor regions: 3->3(7)
[2026-01-16T09:24:40.618+0000][gc,heap     ] GC(891) Old regions: 263->263
[2026-01-16T09:24:40.618+0000][gc,heap     ] GC(891) Humongous regions: 103->103
[2026-01-16T09:24:40.618+0000][gc,metaspace] GC(891) Metaspace: 12998K(13440K)->12998K(13440K) NonClass: 11876K(12096K)->11876K(12096K) Class: 1121K(1344K)->1121K(1344K)
[2026-01-16T09:24:40.619+0000][gc          ] GC(891) Pause Young (Normal) (G1 Evacuation Pause) 415M->368M(1024M) 95.269ms
[2026-01-16T09:24:40.619+0000][gc,cpu      ] GC(891) User=0.09s Sys=0.01s Real=0.10s
[2026-01-16T09:24:46.388+0000][gc,start    ] GC(892) Pause Young (Normal) (G1 Evacuation Pause)
[2026-01-16T09:24:46.397+0000][gc,task     ] GC(892) Using 8 workers of 8 for evacuation
[2026-01-16T09:24:46.669+0000][gc,mmu      ] GC(892) MMU target violated: 201.0ms (200.0ms/201.0ms)
[2026-01-16T09:24:46.671+0000][gc,phases   ] GC(892)   Pre Evacuate Collection Set: 46.5ms
[2026-01-16T09:24:46.672+0000][gc,phases   ] GC(892)   Merge Heap Roots: 18.6ms
[2026-01-16T09:24:46.672+0000][gc,phases   ] GC(892)   Evacuate Collection Set: 168.6ms
[2026-01-16T09:24:46.673+0000][gc,phases   ] GC(892)   Post Evacuate Collection Set: 31.0ms
[2026-01-16T09:24:46.675+0000][gc,phases   ] GC(892)   Other: 15.5ms
[2026-01-16T09:24:46.676+0000][gc,heap     ] GC(892) Eden regions: 48->0(49)
[2026-01-16T09:24:46.676+0000][gc,heap     ] GC(892) Survivor regions: 3->2(7)
[2026-01-16T09:24:46.677+0000][gc,heap     ] GC(892) Old regions: 263->263
[2026-01-16T09:24:46.677+0000][gc,heap     ] GC(892) Humongous regions: 103->103
[2026-01-16T09:24:46.677+0000][gc,metaspace] GC(892) Metaspace: 12998K(13440K)->12998K(13440K) NonClass: 11876K(12096K)->11876K(12096K) Class: 1121K(1344K)->1121K(1344K)
[2026-01-16T09:24:46.678+0000][gc          ] GC(892) Pause Young (Normal) (G1 Evacuation Pause) 416M->367M(1024M) 289.918ms
[2026-01-16T09:24:46.678+0000][gc,cpu      ] GC(892) User=0.20s Sys=0.01s Real=0.29s
[2026-01-16T09:24:49.066+0000][gc,start    ] GC(893) Pause Young (Normal) (G1 Evacuation Pause)
[2026-01-16T09:24:49.067+0000][gc,task     ] GC(893) Using 8 workers of 8 for evacuation
[2026-01-16T09:24:49.270+0000][gc,phases   ] GC(893)   Pre Evacuate Collection Set: 64.3ms
[2026-01-16T09:24:49.277+0000][gc,phases   ] GC(893)   Merge Heap Roots: 0.4ms
[2026-01-16T09:24:49.279+0000][gc,phases   ] GC(893)   Evacuate Collection Set: 86.5ms
[2026-01-16T09:24:49.279+0000][gc,phases   ] GC(893)   Post Evacuate Collection Set: 45.1ms
[2026-01-16T09:24:49.280+0000][gc,phases   ] GC(893)   Other: 7.6ms
[2026-01-16T09:24:49.280+0000][gc,heap     ] GC(893) Eden regions: 49->0(48)
[2026-01-16T09:24:49.280+0000][gc,heap     ] GC(893) Survivor regions: 2->3(7)
[2026-01-16T09:24:49.280+0000][gc,heap     ] GC(893) Old regions: 263->263
[2026-01-16T09:24:49.280+0000][gc,heap     ] GC(893) Humongous regions: 103->103
[2026-01-16T09:24:49.280+0000][gc,metaspace] GC(893) Metaspace: 12998K(13440K)->12998K(13440K) NonClass: 11876K(12096K)->11876K(12096K) Class: 1121K(1344K)->1121K(1344K)
[2026-01-16T09:24:49.280+0000][gc          ] GC(893) Pause Young (Normal) (G1 Evacuation Pause) 416M->367M(1024M) 214.662ms
[2026-01-16T09:24:49.282+0000][gc,cpu      ] GC(893) User=0.11s Sys=0.01s Real=0.21s
[2026-01-16T09:24:50.350+0000][gc,start    ] GC(894) Pause Young (Normal) (G1 Evacuation Pause)
[2026-01-16T09:24:50.351+0000][gc,task     ] GC(894) Using 8 workers of 8 for evacuation
[2026-01-16T09:24:50.398+0000][gc,phases   ] GC(894)   Pre Evacuate Collection Set: 6.9ms
[2026-01-16T09:24:50.400+0000][gc,phases   ] GC(894)   Merge Heap Roots: 1.6ms
[2026-01-16T09:24:50.401+0000][gc,phases   ] GC(894)   Evacuate Collection Set: 35.3ms
[2026-01-16T09:24:50.402+0000][gc,phases   ] GC(894)   Post Evacuate Collection Set: 1.7ms
[2026-01-16T09:24:50.403+0000][gc,phases   ] GC(894)   Other: 1.3ms
[2026-01-16T09:24:50.403+0000][gc,heap     ] GC(894) Eden regions: 48->0(47)
[2026-01-16T09:24:50.403+0000][gc,heap     ] GC(894) Survivor regions: 3->4(7)
[2026-01-16T09:24:50.404+0000][gc,heap     ] GC(894) Old regions: 263->263
[2026-01-16T09:24:50.404+0000][gc,heap     ] GC(894) Humongous regions: 103->103
[2026-01-16T09:24:50.405+0000][gc,metaspace] GC(894) Metaspace: 12998K(13440K)->12998K(13440K) NonClass: 11876K(12096K)->11876K(12096K) Class: 1121K(1344K)->1121K(1344K)
[2026-01-16T09:24:50.408+0000][gc          ] GC(894) Pause Young (Normal) (G1 Evacuation Pause) 415M->368M(1024M) 57.383ms
[2026-01-16T09:24:50.409+0000][gc,cpu      ] GC(894) User=0.04s Sys=0.00s Real=0.06s
[2026-01-16T09:24:57.217+0000][gc,start    ] GC(895) Pause Young (Normal) (G1 Evacuation Pause)
[2026-01-16T09:24:57.233+0000][gc,task     ] GC(895) Using 8 workers of 8 for evacuation
[2026-01-16T09:24:57.410+0000][gc,phases   ] GC(895)   Pre Evacuate Collection Set: 15.0ms
[2026-01-16T09:24:57.411+0000][gc,phases   ] GC(895)   Merge Heap Roots: 3.0ms
[2026-01-16T09:24:57.411+0000][gc,phases   ] GC(895)   Evacuate Collection Set: 137.6ms
[2026-01-16T09:24:57.411+0000][gc,phases   ] GC(895)   Post Evacuate Collection Set: 15.7ms
[2026-01-16T09:24:57.411+0000][gc,phases   ] GC(895)   Other: 6.7ms
[2026-01-16T09:24:57.412+0000][gc,heap     ] GC(895) Eden regions: 47->0(48)
[2026-01-16T09:24:57.416+0000][gc,heap     ] GC(895) Survivor regions: 4->3(7)
[2026-01-16T09:24:57.416+0000][gc,heap     ] GC(895) Old regions: 263->263
[2026-01-16T09:24:57.416+0000][gc,heap     ] GC(895) Humongous regions: 103->103
[2026-01-16T09:24:57.417+0000][gc,metaspace] GC(895) Metaspace: 12998K(13440K)->12998K(13440K) NonClass: 11876K(12096K)->11876K(12096K) Class: 1121K(1344K)->1121K(1344K)
[2026-01-16T09:24:57.417+0000][gc          ] GC(895) Pause Young (Normal) (G1 Evacuation Pause) 415M->367M(1024M) 200.329ms
[2026-01-16T09:24:57.419+0000][gc,cpu      ] GC(895) User=0.15s Sys=0.01s Real=0.20s
[2026-01-16T09:24:58.291+0000][gc,start    ] GC(896) Pause Young (Normal) (G1 Evacuation Pause)
[2026-01-16T09:24:58.292+0000][gc,task     ] GC(896) Using 8 workers of 8 for evacuation
[2026-01-16T09:24:58.361+0000][gc,phases   ] GC(896)   Pre Evacuate Collection Set: 0.3ms
[2026-01-16T09:24:58.361+0000][gc,phases   ] GC(896)   Merge Heap Roots: 0.1ms
[2026-01-16T09:24:58.362+0000][gc,phases   ] GC(896)   Evacuate Collection Set: 61.7ms
[2026-01-16T09:24:58.362+0000][gc,phases   ] GC(896)   Post Evacuate Collection Set: 6.8ms
[2026-01-16T09:24:58.362+0000][gc,phases   ] GC(896)   Other: 0.3ms
[2026-01-16T09:24:58.362+0000][gc,heap     ] GC(896) Eden regions: 48->0(95)
[2026-01-16T09:24:58.362+0000][gc,heap     ] GC(896) Survivor regions: 3->3(7)
[2026-01-16T09:24:58.362+0000][gc,heap     ] GC(896) Old regions: 263->263
[2026-01-16T09:24:58.362+0000][gc,heap     ] GC(896) Humongous regions: 103->103
[2026-01-16T09:24:58.363+0000][gc,metaspace] GC(896) Metaspace: 12998K(13440K)->12998K(13440K) NonClass: 11876K(12096K)->11876K(12096K) Class: 1121K(1344K)->1121K(1344K)
[2026-01-16T09:24:58.363+0000][gc          ] GC(896) Pause Young (Normal) (G1 Evacuation Pause) 415M->368M(1024M) 71.406ms
[2026-01-16T09:24:58.363+0000][gc,cpu      ] GC(896) User=0.06s Sys=0.00s Real=0.07s
[2026-01-16T09:25:07.690+0000][gc,start    ] GC(897) Pause Young (Normal) (G1 Evacuation Pause)
[2026-01-16T09:25:07.693+0000][gc,task     ] GC(897) Using 8 workers of 8 for evacuation
[2026-01-16T09:25:07.771+0000][gc,phases   ] GC(897)   Pre Evacuate Collection Set: 11.1ms
[2026-01-16T09:25:07.771+0000][gc,phases   ] GC(897)   Merge Heap Roots: 0.5ms
[2026-01-16T09:25:07.771+0000][gc,phases   ] GC(897)   Evacuate Collection Set: 58.9ms
[2026-01-16T09:25:07.771+0000][gc,phases   ] GC(897)   Post Evacuate Collection Set: 6.0ms
[2026-01-16T09:25:07.771+0000][gc,phases   ] GC(897)   Other: 1.4ms
[2026-01-16T09:25:07.772+0000][gc,heap     ] GC(897) Eden regions: 82->0(161)
[2026-01-16T09:25:07.772+0000][gc,heap     ] GC(897) Survivor regions: 3->3(11)
[2026-01-16T09:25:07.772+0000][gc,heap     ] GC(897) Old regions: 263->263
[2026-01-16T09:25:07.772+0000][gc,heap     ] GC(897) Humongous regions: 103->103
[2026-01-16T09:25:07.772+0000][gc,metaspace] GC(897) Metaspace: 12998K(13440K)->12998K(13440K) NonClass: 11876K(12096K)->11876K(12096K) Class: 1121K(1344K)->1121K(1344K)
[2026-01-16T09:25:07.774+0000][gc          ] GC(897) Pause Young (Normal) (G1 Evacuation Pause) 450M->368M(1024M) 84.033ms
[2026-01-16T09:25:07.774+0000][gc,cpu      ] GC(897) User=0.22s Sys=0.02s Real=0.08s
[2026-01-16T09:25:20.977+0000][gc,start    ] GC(898) Pause Young (Normal) (G1 Evacuation Pause)
[2026-01-16T09:25:20.988+0000][gc,task     ] GC(898) Using 8 workers of 8 for evacuation
[2026-01-16T09:25:21.157+0000][gc,phases   ] GC(898)   Pre Evacuate Collection Set: 12.4ms
[2026-01-16T09:25:21.158+0000][gc,phases   ] GC(898)   Merge Heap Roots: 5.0ms
[2026-01-16T09:25:21.159+0000][gc,phases   ] GC(898)   Evacuate Collection Set: 137.4ms
[2026-01-16T09:25:21.159+0000][gc,phases   ] GC(898)   Post Evacuate Collection Set: 12.4ms
[2026-01-16T09:25:21.160+0000][gc,phases   ] GC(898)   Other: 2.8ms
[2026-01-16T09:25:21.161+0000][gc,heap     ] GC(898) Eden regions: 173->0(90)
[2026-01-16T09:25:21.162+0000][gc,heap     ] GC(898) Survivor regions: 3->4(22)
[2026-01-16T09:25:21.162+0000][gc,heap     ] GC(898) Old regions: 263->263
[2026-01-16T09:25:21.163+0000][gc,heap     ] GC(898) Humongous regions: 103->103
[2026-01-16T09:25:21.163+0000][gc,metaspace] GC(898) Metaspace: 12999K(13440K)->12999K(13440K) NonClass: 11877K(12096K)->11877K(12096K) Class: 1121K(1344K)->1121K(1344K)
[2026-01-16T09:25:21.167+0000][gc          ] GC(898) Pause Young (Normal) (G1 Evacuation Pause) 541M->369M(1024M) 189.326ms
[2026-01-16T09:25:21.167+0000][gc,cpu      ] GC(898) User=0.28s Sys=0.04s Real=0.19s
[2026-01-16T09:25:29.861+0000][gc,start    ] GC(899) Pause Young (Normal) (G1 Evacuation Pause)
[2026-01-16T09:25:29.899+0000][gc,task     ] GC(899) Using 8 workers of 8 for evacuation
[2026-01-16T09:25:30.213+0000][gc,mmu      ] GC(899) MMU target violated: 201.0ms (200.0ms/201.0ms)
[2026-01-16T09:25:30.213+0000][gc,phases   ] GC(899)   Pre Evacuate Collection Set: 37.7ms
[2026-01-16T09:25:30.214+0000][gc,phases   ] GC(899)   Merge Heap Roots: 7.9ms
[2026-01-16T09:25:30.214+0000][gc,phases   ] GC(899)   Evacuate Collection Set: 256.6ms
[2026-01-16T09:25:30.214+0000][gc,phases   ] GC(899)   Post Evacuate Collection Set: 10.2ms
[2026-01-16T09:25:30.214+0000][gc,phases   ] GC(899)   Other: 12.4ms
[2026-01-16T09:25:30.215+0000][gc,heap     ] GC(899) Eden regions: 102->0(47)
[2026-01-16T09:25:30.215+0000][gc,heap     ] GC(899) Survivor regions: 4->4(14)
[2026-01-16T09:25:30.216+0000][gc,heap     ] GC(899) Old regions: 263->263
[2026-01-16T09:25:30.216+0000][gc,heap     ] GC(899) Humongous regions: 103->103
[2026-01-16T09:25:30.216+0000][gc,metaspace] GC(899) Metaspace: 12999K(13440K)->12999K(13440K) NonClass: 11877K(12096K)->11877K(12096K) Class: 1121K(1344K)->1121K(1344K)
[2026-01-16T09:25:30.217+0000][gc          ] GC(899) Pause Young (Normal) (G1 Evacuation Pause) 471M->369M(1024M) 356.548ms
[2026-01-16T09:25:30.221+0000][gc,cpu      ] GC(899) User=0.23s Sys=0.02s Real=0.36s
[2026-01-16T09:25:36.605+0000][gc,start    ] GC(900) Pause Young (Normal) (G1 Evacuation Pause)
[2026-01-16T09:25:36.729+0000][gc,task     ] GC(900) Using 8 workers of 8 for evacuation
[2026-01-16T09:25:37.024+0000][gc,mmu      ] GC(900) MMU target violated: 201.0ms (200.0ms/201.0ms)
[2026-01-16T09:25:37.027+0000][gc,phases   ] GC(900)   Pre Evacuate Collection Set: 35.8ms
[2026-01-16T09:25:37.029+0000][gc,phases   ] GC(900)   Merge Heap Roots: 9.2ms
[2026-01-16T09:25:37.029+0000][gc,phases   ] GC(900)   Evacuate Collection Set: 220.6ms
[2026-01-16T09:25:37.029+0000][gc,phases   ] GC(900)   Post Evacuate Collection Set: 29.8ms
[2026-01-16T09:25:37.030+0000][gc,phases   ] GC(900)   Other: 3.0ms
[2026-01-16T09:25:37.031+0000][gc,heap     ] GC(900) Eden regions: 47->0(48)
[2026-01-16T09:25:37.031+0000][gc,heap     ] GC(900) Survivor regions: 4->3(7)
[2026-01-16T09:25:37.033+0000][gc,heap     ] GC(900) Old regions: 263->263
[2026-01-16T09:25:37.033+0000][gc,heap     ] GC(900) Humongous regions: 103->103
[2026-01-16T09:25:37.035+0000][gc,metaspace] GC(900) Metaspace: 12999K(13440K)->12999K(13440K) NonClass: 11877K(12096K)->11877K(12096K) Class: 1121K(1344K)->1121K(1344K)
[2026-01-16T09:25:37.039+0000][gc          ] GC(900) Pause Young (Normal) (G1 Evacuation Pause) 416M->368M(1024M) 433.708ms
[2026-01-16T09:25:37.042+0000][gc,cpu      ] GC(900) User=0.20s Sys=0.04s Real=0.43s
[2026-01-16T09:25:39.684+0000][gc,start    ] GC(901) Pause Young (Normal) (G1 Evacuation Pause)
[2026-01-16T09:25:39.685+0000][gc,task     ] GC(901) Using 8 workers of 8 for evacuation
[2026-01-16T09:25:39.815+0000][gc,phases   ] GC(901)   Pre Evacuate Collection Set: 8.9ms
[2026-01-16T09:25:39.815+0000][gc,phases   ] GC(901)   Merge Heap Roots: 0.6ms
[2026-01-16T09:25:39.817+0000][gc,phases   ] GC(901)   Evacuate Collection Set: 117.4ms
[2026-01-16T09:25:39.817+0000][gc,phases   ] GC(901)   Post Evacuate Collection Set: 1.3ms
[2026-01-16T09:25:39.818+0000][gc,phases   ] GC(901)   Other: 1.0ms
[2026-01-16T09:25:39.818+0000][gc,heap     ] GC(901) Eden regions: 58->0(48)
[2026-01-16T09:25:39.818+0000][gc,heap     ] GC(901) Survivor regions: 3->3(8)
[2026-01-16T09:25:39.819+0000][gc,heap     ] GC(901) Old regions: 263->264
[2026-01-16T09:25:39.819+0000][gc,heap     ] GC(901) Humongous regions: 103->103
[2026-01-16T09:25:39.820+0000][gc,metaspace] GC(901) Metaspace: 12999K(13440K)->12999K(13440K) NonClass: 11877K(12096K)->11877K(12096K) Class: 1121K(1344K)->1121K(1344K)
[2026-01-16T09:25:39.820+0000][gc          ] GC(901) Pause Young (Normal) (G1 Evacuation Pause) 426M->369M(1024M) 135.986ms
[2026-01-16T09:25:39.821+0000][gc,cpu      ] GC(901) User=0.10s Sys=0.00s Real=0.14s
[2026-01-16T09:25:47.108+0000][gc,start    ] GC(902) Pause Young (Normal) (G1 Evacuation Pause)
[2026-01-16T09:25:47.116+0000][gc,task     ] GC(902) Using 8 workers of 8 for evacuation
[2026-01-16T09:25:47.485+0000][gc,mmu      ] GC(902) MMU target violated: 201.0ms (200.0ms/201.0ms)
[2026-01-16T09:25:47.486+0000][gc,phases   ] GC(902)   Pre Evacuate Collection Set: 15.9ms
[2026-01-16T09:25:47.486+0000][gc,phases   ] GC(902)   Merge Heap Roots: 8.3ms
[2026-01-16T09:25:47.488+0000][gc,phases   ] GC(902)   Evacuate Collection Set: 297.2ms
[2026-01-16T09:25:47.490+0000][gc,phases   ] GC(902)   Post Evacuate Collection Set: 45.1ms
[2026-01-16T09:25:47.491+0000][gc,phases   ] GC(902)   Other: 5.7ms
[2026-01-16T09:25:47.493+0000][gc,heap     ] GC(902) Eden regions: 53->0(48)
[2026-01-16T09:25:47.498+0000][gc,heap     ] GC(902) Survivor regions: 3->3(7)
[2026-01-16T09:25:47.498+0000][gc,heap     ] GC(902) Old regions: 264->264
[2026-01-16T09:25:47.498+0000][gc,heap     ] GC(902) Humongous regions: 103->103
[2026-01-16T09:25:47.501+0000][gc,metaspace] GC(902) Metaspace: 12999K(13440K)->12999K(13440K) NonClass: 11877K(12096K)->11877K(12096K) Class: 1121K(1344K)->1121K(1344K)
[2026-01-16T09:25:47.503+0000][gc          ] GC(902) Pause Young (Normal) (G1 Evacuation Pause) 422M->368M(1024M) 395.428ms
[2026-01-16T09:25:47.504+0000][gc,cpu      ] GC(902) User=0.17s Sys=0.03s Real=0.39s
[2026-01-16T09:25:51.663+0000][gc,start    ] GC(903) Pause Young (Normal) (G1 Evacuation Pause)
[2026-01-16T09:25:51.670+0000][gc,task     ] GC(903) Using 8 workers of 8 for evacuation
[2026-01-16T09:25:51.923+0000][gc,mmu      ] GC(903) MMU target violated: 201.0ms (200.0ms/201.0ms)
[2026-01-16T09:25:51.924+0000][gc,phases   ] GC(903)   Pre Evacuate Collection Set: 13.3ms
[2026-01-16T09:25:51.925+0000][gc,phases   ] GC(903)   Merge Heap Roots: 10.0ms
[2026-01-16T09:25:51.932+0000][gc,phases   ] GC(903)   Evacuate Collection Set: 211.9ms
[2026-01-16T09:25:51.932+0000][gc,phases   ] GC(903)   Post Evacuate Collection Set: 18.1ms
[2026-01-16T09:25:51.933+0000][gc,phases   ] GC(903)   Other: 1.1ms
[2026-01-16T09:25:51.933+0000][gc,heap     ] GC(903) Eden regions: 48->0(48)
[2026-01-16T09:25:51.934+0000][gc,heap     ] GC(903) Survivor regions: 3->3(7)
[2026-01-16T09:25:51.934+0000][gc,heap     ] GC(903) Old regions: 264->264
[2026-01-16T09:25:51.934+0000][gc,heap     ] GC(903) Humongous regions: 103->103
[2026-01-16T09:25:51.935+0000][gc,metaspace] GC(903) Metaspace: 12999K(13440K)->12999K(13440K) NonClass: 11877K(12096K)->11877K(12096K) Class: 1121K(1344K)->1121K(1344K)
[2026-01-16T09:25:51.935+0000][gc          ] GC(903) Pause Young (Normal) (G1 Evacuation Pause) 416M->369M(1024M) 272.405ms
[2026-01-16T09:25:51.936+0000][gc,cpu      ] GC(903) User=0.15s Sys=0.02s Real=0.28s
[2026-01-16T09:25:55.157+0000][gc,start    ] GC(904) Pause Young (Normal) (G1 Evacuation Pause)
[2026-01-16T09:25:55.160+0000][gc,task     ] GC(904) Using 8 workers of 8 for evacuation
[2026-01-16T09:25:55.712+0000][gc,mmu      ] GC(904) MMU target violated: 201.0ms (200.0ms/201.0ms)
[2026-01-16T09:25:55.714+0000][gc,phases   ] GC(904)   Pre Evacuate Collection Set: 32.1ms
[2026-01-16T09:25:55.725+0000][gc,phases   ] GC(904)   Merge Heap Roots: 6.3ms
[2026-01-16T09:25:55.727+0000][gc,phases   ] GC(904)   Evacuate Collection Set: 485.8ms
[2026-01-16T09:25:55.727+0000][gc,phases   ] GC(904)   Post Evacuate Collection Set: 14.0ms
[2026-01-16T09:25:55.729+0000][gc,phases   ] GC(904)   Other: 16.0ms
[2026-01-16T09:25:55.730+0000][gc,heap     ] GC(904) Eden regions: 48->0(47)
[2026-01-16T09:25:55.731+0000][gc,heap     ] GC(904) Survivor regions: 3->4(7)
[2026-01-16T09:25:55.737+0000][gc,heap     ] GC(904) Old regions: 264->264
[2026-01-16T09:25:55.741+0000][gc,heap     ] GC(904) Humongous regions: 103->103
[2026-01-16T09:25:55.743+0000][gc,metaspace] GC(904) Metaspace: 12999K(13440K)->12999K(13440K) NonClass: 11877K(12096K)->11877K(12096K) Class: 1121K(1344K)->1121K(1344K)
[2026-01-16T09:25:55.744+0000][gc          ] GC(904) Pause Young (Normal) (G1 Evacuation Pause) 417M->369M(1024M) 586.904ms
[2026-01-16T09:25:55.746+0000][gc,cpu      ] GC(904) User=0.24s Sys=0.02s Real=0.60s
[2026-01-16T09:26:00.621+0000][gc,start    ] GC(905) Pause Young (Normal) (G1 Evacuation Pause)
[2026-01-16T09:26:00.623+0000][gc,task     ] GC(905) Using 8 workers of 8 for evacuation
[2026-01-16T09:26:01.026+0000][gc,mmu      ] GC(905) MMU target violated: 201.0ms (200.0ms/201.0ms)
[2026-01-16T09:26:01.030+0000][gc,phases   ] GC(905)   Pre Evacuate Collection Set: 46.9ms
[2026-01-16T09:26:01.031+0000][gc,phases   ] GC(905)   Merge Heap Roots: 50.5ms
[2026-01-16T09:26:01.031+0000][gc,phases   ] GC(905)   Evacuate Collection Set: 253.2ms
[2026-01-16T09:26:01.031+0000][gc,phases   ] GC(905)   Post Evacuate Collection Set: 49.5ms
[2026-01-16T09:26:01.032+0000][gc,phases   ] GC(905)   Other: 7.8ms
[2026-01-16T09:26:01.032+0000][gc,heap     ] GC(905) Eden regions: 47->0(48)
[2026-01-16T09:26:01.032+0000][gc,heap     ] GC(905) Survivor regions: 4->3(7)
[2026-01-16T09:26:01.032+0000][gc,heap     ] GC(905) Old regions: 264->264
[2026-01-16T09:26:01.033+0000][gc,heap     ] GC(905) Humongous regions: 103->103
[2026-01-16T09:26:01.034+0000][gc,metaspace] GC(905) Metaspace: 12999K(13440K)->12999K(13440K) NonClass: 11877K(12096K)->11877K(12096K) Class: 1121K(1344K)->1121K(1344K)
[2026-01-16T09:26:01.045+0000][gc          ] GC(905) Pause Young (Normal) (G1 Evacuation Pause) 416M->369M(1024M) 423.601ms
[2026-01-16T09:26:01.046+0000][gc,cpu      ] GC(905) User=0.23s Sys=0.02s Real=0.43s
[2026-01-16T09:26:02.910+0000][gc,start    ] GC(906) Pause Young (Normal) (G1 Evacuation Pause)
[2026-01-16T09:26:02.911+0000][gc,task     ] GC(906) Using 8 workers of 8 for evacuation
[2026-01-16T09:26:03.035+0000][gc,phases   ] GC(906)   Pre Evacuate Collection Set: 22.0ms
[2026-01-16T09:26:03.036+0000][gc,phases   ] GC(906)   Merge Heap Roots: 0.5ms
[2026-01-16T09:26:03.036+0000][gc,phases   ] GC(906)   Evacuate Collection Set: 88.5ms
[2026-01-16T09:26:03.038+0000][gc,phases   ] GC(906)   Post Evacuate Collection Set: 8.0ms
[2026-01-16T09:26:03.038+0000][gc,phases   ] GC(906)   Other: 0.8ms
[2026-01-16T09:26:03.039+0000][gc,heap     ] GC(906) Eden regions: 48->0(47)
[2026-01-16T09:26:03.039+0000][gc,heap     ] GC(906) Survivor regions: 3->4(7)
[2026-01-16T09:26:03.040+0000][gc,heap     ] GC(906) Old regions: 264->265
[2026-01-16T09:26:03.040+0000][gc,heap     ] GC(906) Humongous regions: 103->103
[2026-01-16T09:26:03.040+0000][gc,metaspace] GC(906) Metaspace: 12999K(13440K)->12999K(13440K) NonClass: 11877K(12096K)->11877K(12096K) Class: 1121K(1344K)->1121K(1344K)
[2026-01-16T09:26:03.041+0000][gc          ] GC(906) Pause Young (Normal) (G1 Evacuation Pause) 417M->370M(1024M) 131.456ms
[2026-01-16T09:26:03.042+0000][gc,cpu      ] GC(906) User=0.08s Sys=0.01s Real=0.13s
[2026-01-16T09:26:07.002+0000][gc,start    ] GC(907) Pause Young (Normal) (G1 Evacuation Pause)
[2026-01-16T09:26:07.012+0000][gc,task     ] GC(907) Using 8 workers of 8 for evacuation
[2026-01-16T09:26:07.456+0000][gc,mmu      ] GC(907) MMU target violated: 201.0ms (200.0ms/201.0ms)
[2026-01-16T09:26:07.462+0000][gc,phases   ] GC(907)   Pre Evacuate Collection Set: 37.2ms
[2026-01-16T09:26:07.467+0000][gc,phases   ] GC(907)   Merge Heap Roots: 27.0ms
[2026-01-16T09:26:07.490+0000][gc,phases   ] GC(907)   Evacuate Collection Set: 313.5ms
[2026-01-16T09:26:07.518+0000][gc,phases   ] GC(907)   Post Evacuate Collection Set: 64.8ms
[2026-01-16T09:26:07.519+0000][gc,phases   ] GC(907)   Other: 8.3ms
[2026-01-16T09:26:07.520+0000][gc,heap     ] GC(907) Eden regions: 47->0(49)
[2026-01-16T09:26:07.523+0000][gc,heap     ] GC(907) Survivor regions: 4->2(7)
[2026-01-16T09:26:07.531+0000][gc,heap     ] GC(907) Old regions: 265->265
[2026-01-16T09:26:07.532+0000][gc,heap     ] GC(907) Humongous regions: 103->103
[2026-01-16T09:26:07.536+0000][gc,metaspace] GC(907) Metaspace: 12999K(13440K)->12999K(13440K) NonClass: 11877K(12096K)->11877K(12096K) Class: 1121K(1344K)->1121K(1344K)
[2026-01-16T09:26:07.538+0000][gc          ] GC(907) Pause Young (Normal) (G1 Evacuation Pause) 417M->369M(1024M) 535.992ms
[2026-01-16T09:26:07.541+0000][gc,cpu      ] GC(907) User=0.16s Sys=0.02s Real=0.54s
[2026-01-16T09:26:11.203+0000][gc,start    ] GC(908) Pause Young (Normal) (G1 Evacuation Pause)
[2026-01-16T09:26:11.204+0000][gc,task     ] GC(908) Using 8 workers of 8 for evacuation
[2026-01-16T09:26:11.985+0000][gc,mmu      ] GC(908) MMU target violated: 201.0ms (200.0ms/201.0ms)
[2026-01-16T09:26:11.986+0000][gc,phases   ] GC(908)   Pre Evacuate Collection Set: 12.6ms
[2026-01-16T09:26:11.986+0000][gc,phases   ] GC(908)   Merge Heap Roots: 0.4ms
[2026-01-16T09:26:11.987+0000][gc,phases   ] GC(908)   Evacuate Collection Set: 685.7ms
[2026-01-16T09:26:11.987+0000][gc,phases   ] GC(908)   Post Evacuate Collection Set: 81.9ms
[2026-01-16T09:26:11.987+0000][gc,phases   ] GC(908)   Other: 1.5ms
[2026-01-16T09:26:11.987+0000][gc,heap     ] GC(908) Eden regions: 49->0(48)
[2026-01-16T09:26:11.988+0000][gc,heap     ] GC(908) Survivor regions: 2->3(7)
[2026-01-16T09:26:11.989+0000][gc,heap     ] GC(908) Old regions: 265->265
[2026-01-16T09:26:11.990+0000][gc,heap     ] GC(908) Humongous regions: 103->103
[2026-01-16T09:26:11.991+0000][gc,metaspace] GC(908) Metaspace: 12999K(13440K)->12999K(13440K) NonClass: 11877K(12096K)->11877K(12096K) Class: 1121K(1344K)->1121K(1344K)
[2026-01-16T09:26:11.992+0000][gc          ] GC(908) Pause Young (Normal) (G1 Evacuation Pause) 418M->369M(1024M) 789.337ms
[2026-01-16T09:26:11.998+0000][gc,cpu      ] GC(908) User=0.24s Sys=0.02s Real=0.79s
[2026-01-16T09:26:16.453+0000][gc,start    ] GC(909) Pause Young (Normal) (G1 Evacuation Pause)
[2026-01-16T09:26:16.459+0000][gc,task     ] GC(909) Using 8 workers of 8 for evacuation
[2026-01-16T09:26:16.728+0000][gc,mmu      ] GC(909) MMU target violated: 201.0ms (200.0ms/201.0ms)
[2026-01-16T09:26:16.730+0000][gc,phases   ] GC(909)   Pre Evacuate Collection Set: 41.3ms
[2026-01-16T09:26:16.737+0000][gc,phases   ] GC(909)   Merge Heap Roots: 17.2ms
[2026-01-16T09:26:16.738+0000][gc,phases   ] GC(909)   Evacuate Collection Set: 183.3ms
[2026-01-16T09:26:16.738+0000][gc,phases   ] GC(909)   Post Evacuate Collection Set: 26.0ms
[2026-01-16T09:26:16.739+0000][gc,phases   ] GC(909)   Other: 4.0ms
[2026-01-16T09:26:16.739+0000][gc,heap     ] GC(909) Eden regions: 48->0(49)
[2026-01-16T09:26:16.739+0000][gc,heap     ] GC(909) Survivor regions: 3->2(7)
[2026-01-16T09:26:16.739+0000][gc,heap     ] GC(909) Old regions: 265->265
[2026-01-16T09:26:16.740+0000][gc,heap     ] GC(909) Humongous regions: 103->103
[2026-01-16T09:26:16.740+0000][gc,metaspace] GC(909) Metaspace: 12999K(13440K)->12999K(13440K) NonClass: 11877K(12096K)->11877K(12096K) Class: 1121K(1344K)->1121K(1344K)
[2026-01-16T09:26:16.741+0000][gc          ] GC(909) Pause Young (Normal) (G1 Evacuation Pause) 417M->369M(1024M) 288.280ms
[2026-01-16T09:26:16.742+0000][gc,cpu      ] GC(909) User=0.15s Sys=0.01s Real=0.29s
[2026-01-16T09:26:20.072+0000][gc,start    ] GC(910) Pause Young (Normal) (G1 Evacuation Pause)
[2026-01-16T09:26:20.072+0000][gc,task     ] GC(910) Using 8 workers of 8 for evacuation
[2026-01-16T09:26:20.246+0000][gc,phases   ] GC(910)   Pre Evacuate Collection Set: 18.2ms
[2026-01-16T09:26:20.249+0000][gc,phases   ] GC(910)   Merge Heap Roots: 14.3ms
[2026-01-16T09:26:20.250+0000][gc,phases   ] GC(910)   Evacuate Collection Set: 133.1ms
[2026-01-16T09:26:20.252+0000][gc,phases   ] GC(910)   Post Evacuate Collection Set: 6.3ms
[2026-01-16T09:26:20.254+0000][gc,phases   ] GC(910)   Other: 2.1ms
[2026-01-16T09:26:20.255+0000][gc,heap     ] GC(910) Eden regions: 49->0(48)
[2026-01-16T09:26:20.255+0000][gc,heap     ] GC(910) Survivor regions: 2->3(7)
[2026-01-16T09:26:20.255+0000][gc,heap     ] GC(910) Old regions: 265->265
[2026-01-16T09:26:20.256+0000][gc,heap     ] GC(910) Humongous regions: 103->103
[2026-01-16T09:26:20.256+0000][gc,metaspace] GC(910) Metaspace: 12999K(13440K)->12999K(13440K) NonClass: 11877K(12096K)->11877K(12096K) Class: 1121K(1344K)->1121K(1344K)
[2026-01-16T09:26:20.256+0000][gc          ] GC(910) Pause Young (Normal) (G1 Evacuation Pause) 418M->369M(1024M) 183.975ms
[2026-01-16T09:26:20.257+0000][gc,cpu      ] GC(910) User=0.14s Sys=0.02s Real=0.18s
[2026-01-16T09:26:22.577+0000][gc,start    ] GC(911) Pause Young (Normal) (G1 Evacuation Pause)
[2026-01-16T09:26:22.591+0000][gc,task     ] GC(911) Using 8 workers of 8 for evacuation
[2026-01-16T09:26:22.914+0000][gc,mmu      ] GC(911) MMU target violated: 201.0ms (200.0ms/201.0ms)
[2026-01-16T09:26:22.918+0000][gc,phases   ] GC(911)   Pre Evacuate Collection Set: 39.4ms
[2026-01-16T09:26:22.921+0000][gc,phases   ] GC(911)   Merge Heap Roots: 11.8ms
[2026-01-16T09:26:22.922+0000][gc,phases   ] GC(911)   Evacuate Collection Set: 244.3ms
[2026-01-16T09:26:22.922+0000][gc,phases   ] GC(911)   Post Evacuate Collection Set: 24.8ms
[2026-01-16T09:26:22.923+0000][gc,phases   ] GC(911)   Other: 7.7ms
[2026-01-16T09:26:22.926+0000][gc,heap     ] GC(911) Eden regions: 48->0(48)
[2026-01-16T09:26:22.927+0000][gc,heap     ] GC(911) Survivor regions: 3->3(7)
[2026-01-16T09:26:22.927+0000][gc,heap     ] GC(911) Old regions: 265->265
[2026-01-16T09:26:22.928+0000][gc,heap     ] GC(911) Humongous regions: 103->103
[2026-01-16T09:26:22.928+0000][gc,metaspace] GC(911) Metaspace: 12999K(13440K)->12999K(13440K) NonClass: 11877K(12096K)->11877K(12096K) Class: 1121K(1344K)->1121K(1344K)
[2026-01-16T09:26:22.931+0000][gc          ] GC(911) Pause Young (Normal) (G1 Evacuation Pause) 417M->370M(1024M) 353.885ms
[2026-01-16T09:26:22.932+0000][gc,cpu      ] GC(911) User=0.18s Sys=0.01s Real=0.36s
[2026-01-16T09:26:27.447+0000][gc,start    ] GC(912) Pause Young (Normal) (G1 Evacuation Pause)
[2026-01-16T09:26:27.448+0000][gc,task     ] GC(912) Using 8 workers of 8 for evacuation
[2026-01-16T09:26:27.532+0000][gc,phases   ] GC(912)   Pre Evacuate Collection Set: 13.6ms
[2026-01-16T09:26:27.532+0000][gc,phases   ] GC(912)   Merge Heap Roots: 4.4ms
[2026-01-16T09:26:27.532+0000][gc,phases   ] GC(912)   Evacuate Collection Set: 58.7ms
[2026-01-16T09:26:27.534+0000][gc,phases   ] GC(912)   Post Evacuate Collection Set: 5.8ms
[2026-01-16T09:26:27.535+0000][gc,phases   ] GC(912)   Other: 1.0ms
[2026-01-16T09:26:27.537+0000][gc,heap     ] GC(912) Eden regions: 48->0(48)
[2026-01-16T09:26:27.537+0000][gc,heap     ] GC(912) Survivor regions: 3->3(7)
[2026-01-16T09:26:27.539+0000][gc,heap     ] GC(912) Old regions: 265->265
[2026-01-16T09:26:27.540+0000][gc,heap     ] GC(912) Humongous regions: 103->103
[2026-01-16T09:26:27.541+0000][gc,metaspace] GC(912) Metaspace: 12999K(13440K)->12999K(13440K) NonClass: 11877K(12096K)->11877K(12096K) Class: 1121K(1344K)->1121K(1344K)
[2026-01-16T09:26:27.542+0000][gc          ] GC(912) Pause Young (Normal) (G1 Evacuation Pause) 418M->369M(1024M) 95.035ms
[2026-01-16T09:26:27.543+0000][gc,cpu      ] GC(912) User=0.09s Sys=0.00s Real=0.10s
[2026-01-16T09:26:29.121+0000][gc,start    ] GC(913) Pause Young (Normal) (G1 Evacuation Pause)
[2026-01-16T09:26:29.128+0000][gc,task     ] GC(913) Using 8 workers of 8 for evacuation
[2026-01-16T09:26:29.506+0000][gc,mmu      ] GC(913) MMU target violated: 201.0ms (200.0ms/201.0ms)
[2026-01-16T09:26:29.513+0000][gc,phases   ] GC(913)   Pre Evacuate Collection Set: 9.6ms
[2026-01-16T09:26:29.519+0000][gc,phases   ] GC(913)   Merge Heap Roots: 9.5ms
[2026-01-16T09:26:29.527+0000][gc,phases   ] GC(913)   Evacuate Collection Set: 334.9ms
[2026-01-16T09:26:29.530+0000][gc,phases   ] GC(913)   Post Evacuate Collection Set: 17.2ms
[2026-01-16T09:26:29.530+0000][gc,phases   ] GC(913)   Other: 13.9ms
[2026-01-16T09:26:29.531+0000][gc,heap     ] GC(913) Eden regions: 48->0(48)
[2026-01-16T09:26:29.532+0000][gc,heap     ] GC(913) Survivor regions: 3->3(7)
[2026-01-16T09:26:29.533+0000][gc,heap     ] GC(913) Old regions: 265->265
[2026-01-16T09:26:29.551+0000][gc,heap     ] GC(913) Humongous regions: 103->103
[2026-01-16T09:26:29.552+0000][gc,metaspace] GC(913) Metaspace: 12999K(13440K)->12999K(13440K) NonClass: 11877K(12096K)->11877K(12096K) Class: 1121K(1344K)->1121K(1344K)
[2026-01-16T09:26:29.553+0000][gc          ] GC(913) Pause Young (Normal) (G1 Evacuation Pause) 417M->370M(1024M) 431.899ms
[2026-01-16T09:26:29.558+0000][gc,cpu      ] GC(913) User=0.13s Sys=0.01s Real=0.44s
[2026-01-16T09:26:38.125+0000][gc,start    ] GC(914) Pause Young (Normal) (G1 Evacuation Pause)
[2026-01-16T09:26:38.133+0000][gc,task     ] GC(914) Using 8 workers of 8 for evacuation
[2026-01-16T09:26:38.435+0000][gc,mmu      ] GC(914) MMU target violated: 201.0ms (200.0ms/201.0ms)
[2026-01-16T09:26:38.437+0000][gc,phases   ] GC(914)   Pre Evacuate Collection Set: 13.8ms
[2026-01-16T09:26:38.439+0000][gc,phases   ] GC(914)   Merge Heap Roots: 3.1ms
[2026-01-16T09:26:38.440+0000][gc,phases   ] GC(914)   Evacuate Collection Set: 273.3ms
[2026-01-16T09:26:38.441+0000][gc,phases   ] GC(914)   Post Evacuate Collection Set: 10.8ms
[2026-01-16T09:26:38.442+0000][gc,phases   ] GC(914)   Other: 2.9ms
[2026-01-16T09:26:38.442+0000][gc,heap     ] GC(914) Eden regions: 48->0(49)
[2026-01-16T09:26:38.442+0000][gc,heap     ] GC(914) Survivor regions: 3->2(7)
[2026-01-16T09:26:38.443+0000][gc,heap     ] GC(914) Old regions: 265->265
[2026-01-16T09:26:38.444+0000][gc,heap     ] GC(914) Humongous regions: 112->112
[2026-01-16T09:26:38.444+0000][gc,metaspace] GC(914) Metaspace: 12999K(13440K)->12999K(13440K) NonClass: 11877K(12096K)->11877K(12096K) Class: 1121K(1344K)->1121K(1344K)
[2026-01-16T09:26:38.445+0000][gc          ] GC(914) Pause Young (Normal) (G1 Evacuation Pause) 427M->378M(1024M) 320.093ms
[2026-01-16T09:26:38.447+0000][gc,cpu      ] GC(914) User=0.10s Sys=0.01s Real=0.32s
[2026-01-16T09:26:46.632+0000][gc,start    ] GC(915) Pause Young (Normal) (G1 Evacuation Pause)
[2026-01-16T09:26:46.638+0000][gc,task     ] GC(915) Using 8 workers of 8 for evacuation
[2026-01-16T09:26:47.009+0000][gc,mmu      ] GC(915) MMU target violated: 201.0ms (200.0ms/201.0ms)
[2026-01-16T09:26:47.010+0000][gc,phases   ] GC(915)   Pre Evacuate Collection Set: 6.5ms
[2026-01-16T09:26:47.011+0000][gc,phases   ] GC(915)   Merge Heap Roots: 1.6ms
[2026-01-16T09:26:47.011+0000][gc,phases   ] GC(915)   Evacuate Collection Set: 347.4ms
[2026-01-16T09:26:47.013+0000][gc,phases   ] GC(915)   Post Evacuate Collection Set: 13.9ms
[2026-01-16T09:26:47.013+0000][gc,phases   ] GC(915)   Other: 3.5ms
[2026-01-16T09:26:47.013+0000][gc,heap     ] GC(915) Eden regions: 49->0(48)
[2026-01-16T09:26:47.013+0000][gc,heap     ] GC(915) Survivor regions: 2->3(7)
[2026-01-16T09:26:47.013+0000][gc,heap     ] GC(915) Old regions: 265->266
[2026-01-16T09:26:47.013+0000][gc,heap     ] GC(915) Humongous regions: 112->112
[2026-01-16T09:26:47.013+0000][gc,metaspace] GC(915) Metaspace: 12999K(13440K)->12999K(13440K) NonClass: 11877K(12096K)->11877K(12096K) Class: 1121K(1344K)->1121K(1344K)
[2026-01-16T09:26:47.015+0000][gc          ] GC(915) Pause Young (Normal) (G1 Evacuation Pause) 427M->379M(1024M) 383.226ms
[2026-01-16T09:26:47.016+0000][gc,cpu      ] GC(915) User=0.22s Sys=0.01s Real=0.38s
[2026-01-16T09:26:49.430+0000][gc,start    ] GC(916) Pause Young (Normal) (G1 Evacuation Pause)
[2026-01-16T09:26:49.438+0000][gc,task     ] GC(916) Using 8 workers of 8 for evacuation
[2026-01-16T09:26:49.886+0000][gc,mmu      ] GC(916) MMU target violated: 201.0ms (200.0ms/201.0ms)
[2026-01-16T09:26:49.888+0000][gc,phases   ] GC(916)   Pre Evacuate Collection Set: 31.8ms
[2026-01-16T09:26:49.888+0000][gc,phases   ] GC(916)   Merge Heap Roots: 12.0ms
[2026-01-16T09:26:49.890+0000][gc,phases   ] GC(916)   Evacuate Collection Set: 383.5ms
[2026-01-16T09:26:49.890+0000][gc,phases   ] GC(916)   Post Evacuate Collection Set: 19.9ms
[2026-01-16T09:26:49.890+0000][gc,phases   ] GC(916)   Other: 2.2ms
[2026-01-16T09:26:49.890+0000][gc,heap     ] GC(916) Eden regions: 48->0(48)
[2026-01-16T09:26:49.891+0000][gc,heap     ] GC(916) Survivor regions: 3->3(7)
[2026-01-16T09:26:49.891+0000][gc,heap     ] GC(916) Old regions: 266->266
[2026-01-16T09:26:49.891+0000][gc,heap     ] GC(916) Humongous regions: 112->112
[2026-01-16T09:26:49.891+0000][gc,metaspace] GC(916) Metaspace: 12999K(13440K)->12999K(13440K) NonClass: 11877K(12096K)->11877K(12096K) Class: 1121K(1344K)->1121K(1344K)
[2026-01-16T09:26:49.891+0000][gc          ] GC(916) Pause Young (Normal) (G1 Evacuation Pause) 427M->379M(1024M) 460.726ms
[2026-01-16T09:26:49.891+0000][gc,cpu      ] GC(916) User=0.20s Sys=0.02s Real=0.47s
[2026-01-16T09:26:51.849+0000][gc,start    ] GC(917) Pause Young (Normal) (G1 Evacuation Pause)
[2026-01-16T09:26:51.855+0000][gc,task     ] GC(917) Using 8 workers of 8 for evacuation
[2026-01-16T09:26:52.134+0000][gc,mmu      ] GC(917) MMU target violated: 201.0ms (200.0ms/201.0ms)
[2026-01-16T09:26:52.139+0000][gc,phases   ] GC(917)   Pre Evacuate Collection Set: 46.7ms
[2026-01-16T09:26:52.140+0000][gc,phases   ] GC(917)   Merge Heap Roots: 2.8ms
[2026-01-16T09:26:52.141+0000][gc,phases   ] GC(917)   Evacuate Collection Set: 224.9ms
[2026-01-16T09:26:52.142+0000][gc,phases   ] GC(917)   Post Evacuate Collection Set: 1.3ms
[2026-01-16T09:26:52.147+0000][gc,phases   ] GC(917)   Other: 8.8ms
[2026-01-16T09:26:52.147+0000][gc,heap     ] GC(917) Eden regions: 48->0(48)
[2026-01-16T09:26:52.149+0000][gc,heap     ] GC(917) Survivor regions: 3->3(7)
[2026-01-16T09:26:52.150+0000][gc,heap     ] GC(917) Old regions: 266->266
[2026-01-16T09:26:52.151+0000][gc,heap     ] GC(917) Humongous regions: 112->112
[2026-01-16T09:26:52.152+0000][gc,metaspace] GC(917) Metaspace: 12999K(13440K)->12999K(13440K) NonClass: 11877K(12096K)->11877K(12096K) Class: 1121K(1344K)->1121K(1344K)
[2026-01-16T09:26:52.152+0000][gc          ] GC(917) Pause Young (Normal) (G1 Evacuation Pause) 427M->380M(1024M) 303.503ms
[2026-01-16T09:26:52.154+0000][gc,cpu      ] GC(917) User=0.21s Sys=0.01s Real=0.31s
[2026-01-16T09:26:55.056+0000][gc,start    ] GC(918) Pause Young (Normal) (G1 Evacuation Pause)
[2026-01-16T09:26:55.082+0000][gc,task     ] GC(918) Using 8 workers of 8 for evacuation
[2026-01-16T09:26:55.393+0000][gc,mmu      ] GC(918) MMU target violated: 201.0ms (200.0ms/201.0ms)
[2026-01-16T09:26:55.394+0000][gc,phases   ] GC(918)   Pre Evacuate Collection Set: 32.4ms
[2026-01-16T09:26:55.399+0000][gc,phases   ] GC(918)   Merge Heap Roots: 1.0ms
[2026-01-16T09:26:55.400+0000][gc,phases   ] GC(918)   Evacuate Collection Set: 268.6ms
[2026-01-16T09:26:55.401+0000][gc,phases   ] GC(918)   Post Evacuate Collection Set: 8.4ms
[2026-01-16T09:26:55.403+0000][gc,phases   ] GC(918)   Other: 10.3ms
[2026-01-16T09:26:55.408+0000][gc,heap     ] GC(918) Eden regions: 48->0(48)
[2026-01-16T09:26:55.408+0000][gc,heap     ] GC(918) Survivor regions: 3->3(7)
[2026-01-16T09:26:55.408+0000][gc,heap     ] GC(918) Old regions: 266->266
[2026-01-16T09:26:55.408+0000][gc,heap     ] GC(918) Humongous regions: 112->112
[2026-01-16T09:26:55.409+0000][gc,metaspace] GC(918) Metaspace: 12999K(13440K)->12999K(13440K) NonClass: 11877K(12096K)->11877K(12096K) Class: 1121K(1344K)->1121K(1344K)
[2026-01-16T09:26:55.409+0000][gc          ] GC(918) Pause Young (Normal) (G1 Evacuation Pause) 428M->379M(1024M) 353.095ms
[2026-01-16T09:26:55.409+0000][gc,cpu      ] GC(918) User=0.21s Sys=0.02s Real=0.35s
[2026-01-16T09:26:58.349+0000][gc,start    ] GC(919) Pause Young (Normal) (G1 Evacuation Pause)
[2026-01-16T09:26:58.357+0000][gc,task     ] GC(919) Using 8 workers of 8 for evacuation
[2026-01-16T09:26:58.521+0000][gc,phases   ] GC(919)   Pre Evacuate Collection Set: 19.9ms
[2026-01-16T09:26:58.522+0000][gc,phases   ] GC(919)   Merge Heap Roots: 0.7ms
[2026-01-16T09:26:58.524+0000][gc,phases   ] GC(919)   Evacuate Collection Set: 133.3ms
[2026-01-16T09:26:58.524+0000][gc,phases   ] GC(919)   Post Evacuate Collection Set: 7.4ms
[2026-01-16T09:26:58.524+0000][gc,phases   ] GC(919)   Other: 2.7ms
[2026-01-16T09:26:58.525+0000][gc,heap     ] GC(919) Eden regions: 48->0(49)
[2026-01-16T09:26:58.525+0000][gc,heap     ] GC(919) Survivor regions: 3->2(7)
[2026-01-16T09:26:58.525+0000][gc,heap     ] GC(919) Old regions: 266->266
[2026-01-16T09:26:58.525+0000][gc,heap     ] GC(919) Humongous regions: 112->112
[2026-01-16T09:26:58.525+0000][gc,metaspace] GC(919) Metaspace: 12999K(13440K)->12999K(13440K) NonClass: 11877K(12096K)->11877K(12096K) Class: 1121K(1344K)->1121K(1344K)
[2026-01-16T09:26:58.525+0000][gc          ] GC(919) Pause Young (Normal) (G1 Evacuation Pause) 427M->378M(1024M) 176.282ms
[2026-01-16T09:26:58.526+0000][gc,cpu      ] GC(919) User=0.09s Sys=0.00s Real=0.18s
[2026-01-16T09:27:00.943+0000][gc,start    ] GC(920) Pause Young (Normal) (G1 Evacuation Pause)
[2026-01-16T09:27:00.952+0000][gc,task     ] GC(920) Using 8 workers of 8 for evacuation
[2026-01-16T09:27:01.173+0000][gc,mmu      ] GC(920) MMU target violated: 201.0ms (200.0ms/201.0ms)
[2026-01-16T09:27:01.173+0000][gc,phases   ] GC(920)   Pre Evacuate Collection Set: 44.4ms
[2026-01-16T09:27:01.173+0000][gc,phases   ] GC(920)   Merge Heap Roots: 32.5ms
[2026-01-16T09:27:01.173+0000][gc,phases   ] GC(920)   Evacuate Collection Set: 130.8ms
[2026-01-16T09:27:01.177+0000][gc,phases   ] GC(920)   Post Evacuate Collection Set: 12.6ms
[2026-01-16T09:27:01.178+0000][gc,phases   ] GC(920)   Other: 0.8ms
[2026-01-16T09:27:01.178+0000][gc,heap     ] GC(920) Eden regions: 49->0(49)
[2026-01-16T09:27:01.178+0000][gc,heap     ] GC(920) Survivor regions: 2->2(7)
[2026-01-16T09:27:01.178+0000][gc,heap     ] GC(920) Old regions: 266->266
[2026-01-16T09:27:01.179+0000][gc,heap     ] GC(920) Humongous regions: 112->112
[2026-01-16T09:27:01.179+0000][gc,metaspace] GC(920) Metaspace: 12999K(13440K)->12999K(13440K) NonClass: 11877K(12096K)->11877K(12096K) Class: 1121K(1344K)->1121K(1344K)
[2026-01-16T09:27:01.179+0000][gc          ] GC(920) Pause Young (Normal) (G1 Evacuation Pause) 427M->379M(1024M) 236.212ms
[2026-01-16T09:27:01.179+0000][gc,cpu      ] GC(920) User=0.11s Sys=0.01s Real=0.23s
[2026-01-16T09:27:06.071+0000][gc,start    ] GC(921) Pause Young (Normal) (G1 Evacuation Pause)
[2026-01-16T09:27:06.072+0000][gc,task     ] GC(921) Using 8 workers of 8 for evacuation
[2026-01-16T09:27:06.222+0000][gc,phases   ] GC(921)   Pre Evacuate Collection Set: 30.2ms
[2026-01-16T09:27:06.223+0000][gc,phases   ] GC(921)   Merge Heap Roots: 3.8ms
[2026-01-16T09:27:06.223+0000][gc,phases   ] GC(921)   Evacuate Collection Set: 93.2ms
[2026-01-16T09:27:06.223+0000][gc,phases   ] GC(921)   Post Evacuate Collection Set: 16.5ms
[2026-01-16T09:27:06.224+0000][gc,phases   ] GC(921)   Other: 6.6ms
[2026-01-16T09:27:06.224+0000][gc,heap     ] GC(921) Eden regions: 49->0(96)
[2026-01-16T09:27:06.225+0000][gc,heap     ] GC(921) Survivor regions: 2->1(7)
[2026-01-16T09:27:06.225+0000][gc,heap     ] GC(921) Old regions: 266->266
[2026-01-16T09:27:06.225+0000][gc,heap     ] GC(921) Humongous regions: 112->112
[2026-01-16T09:27:06.226+0000][gc,metaspace] GC(921) Metaspace: 12999K(13440K)->12999K(13440K) NonClass: 11877K(12096K)->11877K(12096K) Class: 1121K(1344K)->1121K(1344K)
[2026-01-16T09:27:06.227+0000][gc          ] GC(921) Pause Young (Normal) (G1 Evacuation Pause) 428M->378M(1024M) 155.439ms
[2026-01-16T09:27:06.229+0000][gc,cpu      ] GC(921) User=0.10s Sys=0.01s Real=0.16s
[2026-01-16T09:27:12.054+0000][gc,start    ] GC(922) Pause Young (Normal) (G1 Evacuation Pause)
[2026-01-16T09:27:12.059+0000][gc,task     ] GC(922) Using 8 workers of 8 for evacuation
[2026-01-16T09:27:12.661+0000][gc,mmu      ] GC(922) MMU target violated: 201.0ms (200.0ms/201.0ms)
[2026-01-16T09:27:12.664+0000][gc,phases   ] GC(922)   Pre Evacuate Collection Set: 14.2ms
[2026-01-16T09:27:12.665+0000][gc,phases   ] GC(922)   Merge Heap Roots: 8.3ms
[2026-01-16T09:27:12.665+0000][gc,phases   ] GC(922)   Evacuate Collection Set: 296.3ms
[2026-01-16T09:27:12.667+0000][gc,phases   ] GC(922)   Post Evacuate Collection Set: 282.1ms
[2026-01-16T09:27:12.667+0000][gc,phases   ] GC(922)   Other: 4.9ms
[2026-01-16T09:27:12.695+0000][gc,heap     ] GC(922) Eden regions: 106->0(49)
[2026-01-16T09:27:12.700+0000][gc,heap     ] GC(922) Survivor regions: 1->2(14)
[2026-01-16T09:27:12.701+0000][gc,heap     ] GC(922) Old regions: 266->266
[2026-01-16T09:27:12.703+0000][gc,heap     ] GC(922) Humongous regions: 112->112
[2026-01-16T09:27:12.703+0000][gc,metaspace] GC(922) Metaspace: 12999K(13440K)->12999K(13440K) NonClass: 11877K(12096K)->11877K(12096K) Class: 1121K(1344K)->1121K(1344K)
[2026-01-16T09:27:12.708+0000][gc          ] GC(922) Pause Young (Normal) (G1 Evacuation Pause) 484M->379M(1024M) 654.141ms
[2026-01-16T09:27:12.712+0000][gc,cpu      ] GC(922) User=0.29s Sys=0.03s Real=0.65s
[2026-01-16T09:27:17.071+0000][gc,start    ] GC(923) Pause Young (Normal) (G1 Evacuation Pause)
[2026-01-16T09:27:17.072+0000][gc,task     ] GC(923) Using 8 workers of 8 for evacuation
[2026-01-16T09:27:17.182+0000][gc,phases   ] GC(923)   Pre Evacuate Collection Set: 7.5ms
[2026-01-16T09:27:17.183+0000][gc,phases   ] GC(923)   Merge Heap Roots: 0.4ms
[2026-01-16T09:27:17.183+0000][gc,phases   ] GC(923)   Evacuate Collection Set: 88.1ms
[2026-01-16T09:27:17.183+0000][gc,phases   ] GC(923)   Post Evacuate Collection Set: 13.9ms
[2026-01-16T09:27:17.184+0000][gc,phases   ] GC(923)   Other: 0.5ms
[2026-01-16T09:27:17.184+0000][gc,heap     ] GC(923) Eden regions: 49->0(49)
[2026-01-16T09:27:17.185+0000][gc,heap     ] GC(923) Survivor regions: 2->2(7)
[2026-01-16T09:27:17.185+0000][gc,heap     ] GC(923) Old regions: 266->266
[2026-01-16T09:27:17.185+0000][gc,heap     ] GC(923) Humongous regions: 112->112
[2026-01-16T09:27:17.186+0000][gc,metaspace] GC(923) Metaspace: 12999K(13440K)->12999K(13440K) NonClass: 11877K(12096K)->11877K(12096K) Class: 1121K(1344K)->1121K(1344K)
[2026-01-16T09:27:17.188+0000][gc          ] GC(923) Pause Young (Normal) (G1 Evacuation Pause) 428M->379M(1024M) 116.686ms
[2026-01-16T09:27:17.188+0000][gc,cpu      ] GC(923) User=0.09s Sys=0.01s Real=0.12s
[2026-01-16T09:27:17.932+0000][gc,start    ] GC(924) Pause Young (Normal) (G1 Evacuation Pause)
[2026-01-16T09:27:17.934+0000][gc,task     ] GC(924) Using 8 workers of 8 for evacuation
[2026-01-16T09:27:18.051+0000][gc,phases   ] GC(924)   Pre Evacuate Collection Set: 17.8ms
[2026-01-16T09:27:18.053+0000][gc,phases   ] GC(924)   Merge Heap Roots: 2.4ms
[2026-01-16T09:27:18.054+0000][gc,phases   ] GC(924)   Evacuate Collection Set: 92.6ms
[2026-01-16T09:27:18.054+0000][gc,phases   ] GC(924)   Post Evacuate Collection Set: 2.8ms
[2026-01-16T09:27:18.055+0000][gc,phases   ] GC(924)   Other: 1.5ms
[2026-01-16T09:27:18.056+0000][gc,heap     ] GC(924) Eden regions: 49->0(49)
[2026-01-16T09:27:18.056+0000][gc,heap     ] GC(924) Survivor regions: 2->2(7)
[2026-01-16T09:27:18.056+0000][gc,heap     ] GC(924) Old regions: 266->266
[2026-01-16T09:27:18.057+0000][gc,heap     ] GC(924) Humongous regions: 112->112
[2026-01-16T09:27:18.058+0000][gc,metaspace] GC(924) Metaspace: 12999K(13440K)->12999K(13440K) NonClass: 11877K(12096K)->11877K(12096K) Class: 1121K(1344K)->1121K(1344K)
[2026-01-16T09:27:18.058+0000][gc          ] GC(924) Pause Young (Normal) (G1 Evacuation Pause) 428M->379M(1024M) 126.527ms
[2026-01-16T09:27:18.059+0000][gc,cpu      ] GC(924) User=0.10s Sys=0.01s Real=0.13s
[2026-01-16T09:27:26.932+0000][gc,start    ] GC(925) Pause Young (Normal) (G1 Evacuation Pause)
[2026-01-16T09:27:26.935+0000][gc,task     ] GC(925) Using 8 workers of 8 for evacuation
[2026-01-16T09:27:27.019+0000][gc,phases   ] GC(925)   Pre Evacuate Collection Set: 23.0ms
[2026-01-16T09:27:27.020+0000][gc,phases   ] GC(925)   Merge Heap Roots: 2.8ms
[2026-01-16T09:27:27.020+0000][gc,phases   ] GC(925)   Evacuate Collection Set: 49.3ms
[2026-01-16T09:27:27.021+0000][gc,phases   ] GC(925)   Post Evacuate Collection Set: 6.3ms
[2026-01-16T09:27:27.021+0000][gc,phases   ] GC(925)   Other: 4.0ms
[2026-01-16T09:27:27.022+0000][gc,heap     ] GC(925) Eden regions: 49->0(113)
[2026-01-16T09:27:27.023+0000][gc,heap     ] GC(925) Survivor regions: 2->1(7)
[2026-01-16T09:27:27.023+0000][gc,heap     ] GC(925) Old regions: 266->266
[2026-01-16T09:27:27.023+0000][gc,heap     ] GC(925) Humongous regions: 112->112
[2026-01-16T09:27:27.024+0000][gc,metaspace] GC(925) Metaspace: 12999K(13440K)->12999K(13440K) NonClass: 11877K(12096K)->11877K(12096K) Class: 1121K(1344K)->1121K(1344K)
[2026-01-16T09:27:27.024+0000][gc          ] GC(925) Pause Young (Normal) (G1 Evacuation Pause) 428M->378M(1024M) 91.369ms
[2026-01-16T09:27:27.024+0000][gc,cpu      ] GC(925) User=0.11s Sys=0.00s Real=0.10s
[2026-01-16T09:27:38.838+0000][gc,start    ] GC(926) Pause Young (Normal) (G1 Evacuation Pause)
[2026-01-16T09:27:38.843+0000][gc,task     ] GC(926) Using 8 workers of 8 for evacuation
[2026-01-16T09:27:39.036+0000][gc,phases   ] GC(926)   Pre Evacuate Collection Set: 23.0ms
[2026-01-16T09:27:39.036+0000][gc,phases   ] GC(926)   Merge Heap Roots: 15.9ms
[2026-01-16T09:27:39.036+0000][gc,phases   ] GC(926)   Evacuate Collection Set: 118.4ms
[2026-01-16T09:27:39.036+0000][gc,phases   ] GC(926)   Post Evacuate Collection Set: 19.6ms
[2026-01-16T09:27:39.036+0000][gc,phases   ] GC(926)   Other: 16.4ms
[2026-01-16T09:27:39.037+0000][gc,heap     ] GC(926) Eden regions: 146->0(81)
[2026-01-16T09:27:39.037+0000][gc,heap     ] GC(926) Survivor regions: 1->2(19)
[2026-01-16T09:27:39.037+0000][gc,heap     ] GC(926) Old regions: 266->267
[2026-01-16T09:27:39.040+0000][gc,heap     ] GC(926) Humongous regions: 112->112
[2026-01-16T09:27:39.041+0000][gc,metaspace] GC(926) Metaspace: 12999K(13440K)->12999K(13440K) NonClass: 11877K(12096K)->11877K(12096K) Class: 1121K(1344K)->1121K(1344K)
[2026-01-16T09:27:39.041+0000][gc          ] GC(926) Pause Young (Normal) (G1 Evacuation Pause) 524M->379M(1024M) 203.599ms
[2026-01-16T09:27:39.041+0000][gc,cpu      ] GC(926) User=0.14s Sys=0.01s Real=0.21s
[2026-01-16T09:27:48.113+0000][gc,start    ] GC(927) Pause Young (Normal) (G1 Evacuation Pause)
[2026-01-16T09:27:48.114+0000][gc,task     ] GC(927) Using 8 workers of 8 for evacuation
[2026-01-16T09:27:48.226+0000][gc,phases   ] GC(927)   Pre Evacuate Collection Set: 10.1ms
[2026-01-16T09:27:48.226+0000][gc,phases   ] GC(927)   Merge Heap Roots: 1.3ms
[2026-01-16T09:27:48.228+0000][gc,phases   ] GC(927)   Evacuate Collection Set: 91.8ms
[2026-01-16T09:27:48.229+0000][gc,phases   ] GC(927)   Post Evacuate Collection Set: 7.8ms
[2026-01-16T09:27:48.230+0000][gc,phases   ] GC(927)   Other: 0.6ms
[2026-01-16T09:27:48.230+0000][gc,heap     ] GC(927) Eden regions: 118->0(231)
[2026-01-16T09:27:48.234+0000][gc,heap     ] GC(927) Survivor regions: 2->2(15)
[2026-01-16T09:27:48.236+0000][gc,heap     ] GC(927) Old regions: 267->267
[2026-01-16T09:27:48.237+0000][gc,heap     ] GC(927) Humongous regions: 112->112
[2026-01-16T09:27:48.238+0000][gc,metaspace] GC(927) Metaspace: 12999K(13440K)->12999K(13440K) NonClass: 11877K(12096K)->11877K(12096K) Class: 1121K(1344K)->1121K(1344K)
[2026-01-16T09:27:48.238+0000][gc          ] GC(927) Pause Young (Normal) (G1 Evacuation Pause) 497M->379M(1024M) 124.733ms
[2026-01-16T09:27:48.241+0000][gc,cpu      ] GC(927) User=0.11s Sys=0.01s Real=0.13s
[2026-01-16T09:28:16.758+0000][gc,start    ] GC(928) Pause Young (Normal) (G1 Evacuation Pause)
[2026-01-16T09:28:16.763+0000][gc,task     ] GC(928) Using 8 workers of 8 for evacuation
[2026-01-16T09:28:16.969+0000][gc,mmu      ] GC(928) MMU target violated: 201.0ms (200.0ms/201.0ms)
[2026-01-16T09:28:16.973+0000][gc,phases   ] GC(928)   Pre Evacuate Collection Set: 16.6ms
[2026-01-16T09:28:16.974+0000][gc,phases   ] GC(928)   Merge Heap Roots: 2.5ms
[2026-01-16T09:28:16.974+0000][gc,phases   ] GC(928)   Evacuate Collection Set: 155.1ms
[2026-01-16T09:28:16.974+0000][gc,phases   ] GC(928)   Post Evacuate Collection Set: 27.0ms
[2026-01-16T09:28:16.974+0000][gc,phases   ] GC(928)   Other: 8.8ms
[2026-01-16T09:28:16.975+0000][gc,heap     ] GC(928) Eden regions: 289->0(372)
[2026-01-16T09:28:16.975+0000][gc,heap     ] GC(928) Survivor regions: 2->1(37)
[2026-01-16T09:28:16.975+0000][gc,heap     ] GC(928) Old regions: 267->267
[2026-01-16T09:28:16.975+0000][gc,heap     ] GC(928) Humongous regions: 112->112
[2026-01-16T09:28:16.975+0000][gc,metaspace] GC(928) Metaspace: 12999K(13440K)->12999K(13440K) NonClass: 11877K(12096K)->11877K(12096K) Class: 1121K(1344K)->1121K(1344K)
[2026-01-16T09:28:16.975+0000][gc          ] GC(928) Pause Young (Normal) (G1 Evacuation Pause) 668M->378M(1024M) 217.889ms
[2026-01-16T09:28:16.976+0000][gc,cpu      ] GC(928) User=0.15s Sys=0.03s Real=0.22s
[2026-01-16T09:29:07.004+0000][gc,start    ] GC(929) Pause Young (Normal) (G1 Evacuation Pause)
[2026-01-16T09:29:07.017+0000][gc,task     ] GC(929) Using 8 workers of 8 for evacuation
[2026-01-16T09:29:07.180+0000][gc,phases   ] GC(929)   Pre Evacuate Collection Set: 26.7ms
[2026-01-16T09:29:07.182+0000][gc,phases   ] GC(929)   Merge Heap Roots: 5.1ms
[2026-01-16T09:29:07.183+0000][gc,phases   ] GC(929)   Evacuate Collection Set: 107.1ms
[2026-01-16T09:29:07.183+0000][gc,phases   ] GC(929)   Post Evacuate Collection Set: 20.1ms
[2026-01-16T09:29:07.190+0000][gc,phases   ] GC(929)   Other: 8.7ms
[2026-01-16T09:29:07.191+0000][gc,heap     ] GC(929) Eden regions: 591->0(591)
[2026-01-16T09:29:07.191+0000][gc,heap     ] GC(929) Survivor regions: 1->1(53)
[2026-01-16T09:29:07.192+0000][gc,heap     ] GC(929) Old regions: 267->267
[2026-01-16T09:29:07.192+0000][gc,heap     ] GC(929) Humongous regions: 112->112
[2026-01-16T09:29:07.198+0000][gc,metaspace] GC(929) Metaspace: 12999K(13440K)->12999K(13440K) NonClass: 11877K(12096K)->11877K(12096K) Class: 1121K(1344K)->1121K(1344K)
[2026-01-16T09:29:07.198+0000][gc          ] GC(929) Pause Young (Normal) (G1 Evacuation Pause) 969M->378M(1024M) 194.405ms
[2026-01-16T09:29:07.200+0000][gc,cpu      ] GC(929) User=0.18s Sys=0.02s Real=0.20s
[2026-01-16T09:29:59.442+0000][gc,start    ] GC(930) Pause Young (Normal) (G1 Evacuation Pause)
[2026-01-16T09:29:59.448+0000][gc,task     ] GC(930) Using 8 workers of 8 for evacuation
[2026-01-16T09:30:01.168+0000][gc,mmu      ] GC(930) MMU target violated: 201.0ms (200.0ms/201.0ms)
[2026-01-16T09:30:01.206+0000][gc,phases   ] GC(930)   Pre Evacuate Collection Set: 157.2ms
[2026-01-16T09:30:01.211+0000][gc,phases   ] GC(930)   Merge Heap Roots: 130.1ms
[2026-01-16T09:30:01.212+0000][gc,phases   ] GC(930)   Evacuate Collection Set: 1229.0ms
[2026-01-16T09:30:01.217+0000][gc,phases   ] GC(930)   Post Evacuate Collection Set: 202.5ms
[2026-01-16T09:30:01.220+0000][gc,phases   ] GC(930)   Other: 41.4ms
[2026-01-16T09:30:01.226+0000][gc,heap     ] GC(930) Eden regions: 591->0(50)
[2026-01-16T09:30:01.234+0000][gc,heap     ] GC(930) Survivor regions: 1->1(53)
[2026-01-16T09:30:01.236+0000][gc,heap     ] GC(930) Old regions: 267->267
[2026-01-16T09:30:01.241+0000][gc,heap     ] GC(930) Humongous regions: 112->112
[2026-01-16T09:30:01.283+0000][gc,metaspace] GC(930) Metaspace: 12999K(13440K)->12999K(13440K) NonClass: 11877K(12096K)->11877K(12096K) Class: 1121K(1344K)->1121K(1344K)
[2026-01-16T09:30:01.288+0000][gc          ] GC(930) Pause Young (Normal) (G1 Evacuation Pause) 969M->379M(1024M) 1846.640ms
[2026-01-16T09:30:01.298+0000][gc,cpu      ] GC(930) User=0.81s Sys=0.11s Real=1.86s
[2026-01-16T09:30:06.888+0000][gc,start    ] GC(931) Pause Young (Normal) (G1 Evacuation Pause)
[2026-01-16T09:30:06.895+0000][gc,task     ] GC(931) Using 8 workers of 8 for evacuation
[2026-01-16T09:30:07.108+0000][gc,mmu      ] GC(931) MMU target violated: 201.0ms (200.0ms/201.0ms)
[2026-01-16T09:30:07.108+0000][gc,phases   ] GC(931)   Pre Evacuate Collection Set: 19.7ms
[2026-01-16T09:30:07.109+0000][gc,phases   ] GC(931)   Merge Heap Roots: 1.9ms
[2026-01-16T09:30:07.110+0000][gc,phases   ] GC(931)   Evacuate Collection Set: 176.2ms
[2026-01-16T09:30:07.110+0000][gc,phases   ] GC(931)   Post Evacuate Collection Set: 15.0ms
[2026-01-16T09:30:07.111+0000][gc,phases   ] GC(931)   Other: 1.0ms
[2026-01-16T09:30:07.111+0000][gc,heap     ] GC(931) Eden regions: 50->0(49)
[2026-01-16T09:30:07.111+0000][gc,heap     ] GC(931) Survivor regions: 1->2(7)
[2026-01-16T09:30:07.113+0000][gc,heap     ] GC(931) Old regions: 267->267
[2026-01-16T09:30:07.114+0000][gc,heap     ] GC(931) Humongous regions: 112->112
[2026-01-16T09:30:07.114+0000][gc,metaspace] GC(931) Metaspace: 12999K(13440K)->12999K(13440K) NonClass: 11877K(12096K)->11877K(12096K) Class: 1121K(1344K)->1121K(1344K)
[2026-01-16T09:30:07.118+0000][gc          ] GC(931) Pause Young (Normal) (G1 Evacuation Pause) 429M->379M(1024M) 229.853ms
[2026-01-16T09:30:07.118+0000][gc,cpu      ] GC(931) User=0.18s Sys=0.02s Real=0.23s
[2026-01-16T09:30:11.371+0000][gc,start    ] GC(932) Pause Young (Normal) (G1 Evacuation Pause)
[2026-01-16T09:30:11.382+0000][gc,task     ] GC(932) Using 8 workers of 8 for evacuation
[2026-01-16T09:30:11.678+0000][gc,mmu      ] GC(932) MMU target violated: 201.0ms (200.0ms/201.0ms)
[2026-01-16T09:30:11.687+0000][gc,phases   ] GC(932)   Pre Evacuate Collection Set: 32.7ms
[2026-01-16T09:30:11.694+0000][gc,phases   ] GC(932)   Merge Heap Roots: 10.6ms
[2026-01-16T09:30:11.695+0000][gc,phases   ] GC(932)   Evacuate Collection Set: 222.8ms
[2026-01-16T09:30:11.695+0000][gc,phases   ] GC(932)   Post Evacuate Collection Set: 16.9ms
[2026-01-16T09:30:11.695+0000][gc,phases   ] GC(932)   Other: 24.9ms
[2026-01-16T09:30:11.699+0000][gc,heap     ] GC(932) Eden regions: 49->0(50)
[2026-01-16T09:30:11.710+0000][gc,heap     ] GC(932) Survivor regions: 2->1(7)
[2026-01-16T09:30:11.710+0000][gc,heap     ] GC(932) Old regions: 267->267
[2026-01-16T09:30:11.719+0000][gc,heap     ] GC(932) Humongous regions: 112->112
[2026-01-16T09:30:11.720+0000][gc,metaspace] GC(932) Metaspace: 12999K(13440K)->12999K(13440K) NonClass: 11877K(12096K)->11877K(12096K) Class: 1121K(1344K)->1121K(1344K)
[2026-01-16T09:30:11.721+0000][gc          ] GC(932) Pause Young (Normal) (G1 Evacuation Pause) 428M->379M(1024M) 350.069ms
[2026-01-16T09:30:11.722+0000][gc,cpu      ] GC(932) User=0.15s Sys=0.03s Real=0.35s
[2026-01-16T09:30:14.770+0000][gc,start    ] GC(933) Pause Young (Normal) (G1 Evacuation Pause)
[2026-01-16T09:30:14.771+0000][gc,task     ] GC(933) Using 8 workers of 8 for evacuation
[2026-01-16T09:30:15.239+0000][gc,mmu      ] GC(933) MMU target violated: 201.0ms (200.0ms/201.0ms)
[2026-01-16T09:30:15.242+0000][gc,phases   ] GC(933)   Pre Evacuate Collection Set: 26.7ms
[2026-01-16T09:30:15.242+0000][gc,phases   ] GC(933)   Merge Heap Roots: 27.1ms
[2026-01-16T09:30:15.246+0000][gc,phases   ] GC(933)   Evacuate Collection Set: 391.4ms
[2026-01-16T09:30:15.246+0000][gc,phases   ] GC(933)   Post Evacuate Collection Set: 22.2ms
[2026-01-16T09:30:15.247+0000][gc,phases   ] GC(933)   Other: 3.1ms
[2026-01-16T09:30:15.256+0000][gc,heap     ] GC(933) Eden regions: 50->0(49)
[2026-01-16T09:30:15.257+0000][gc,heap     ] GC(933) Survivor regions: 1->2(7)
[2026-01-16T09:30:15.257+0000][gc,heap     ] GC(933) Old regions: 267->267
[2026-01-16T09:30:15.257+0000][gc,heap     ] GC(933) Humongous regions: 112->112
[2026-01-16T09:30:15.257+0000][gc,metaspace] GC(933) Metaspace: 12999K(13440K)->12999K(13440K) NonClass: 11877K(12096K)->11877K(12096K) Class: 1121K(1344K)->1121K(1344K)
[2026-01-16T09:30:15.258+0000][gc          ] GC(933) Pause Young (Normal) (G1 Evacuation Pause) 429M->379M(1024M) 488.680ms
[2026-01-16T09:30:15.265+0000][gc,cpu      ] GC(933) User=0.19s Sys=0.01s Real=0.49s
[2026-01-16T09:30:16.836+0000][gc,start    ] GC(934) Pause Young (Normal) (G1 Evacuation Pause)
[2026-01-16T09:30:16.837+0000][gc,task     ] GC(934) Using 8 workers of 8 for evacuation
[2026-01-16T09:30:16.901+0000][gc,phases   ] GC(934)   Pre Evacuate Collection Set: 10.3ms
[2026-01-16T09:30:16.902+0000][gc,phases   ] GC(934)   Merge Heap Roots: 3.8ms
[2026-01-16T09:30:16.902+0000][gc,phases   ] GC(934)   Evacuate Collection Set: 42.4ms
[2026-01-16T09:30:16.903+0000][gc,phases   ] GC(934)   Post Evacuate Collection Set: 4.8ms
[2026-01-16T09:30:16.903+0000][gc,phases   ] GC(934)   Other: 2.8ms
[2026-01-16T09:30:16.904+0000][gc,heap     ] GC(934) Eden regions: 49->0(50)
[2026-01-16T09:30:16.905+0000][gc,heap     ] GC(934) Survivor regions: 2->1(7)
[2026-01-16T09:30:16.905+0000][gc,heap     ] GC(934) Old regions: 267->267
[2026-01-16T09:30:16.906+0000][gc,heap     ] GC(934) Humongous regions: 112->112
[2026-01-16T09:30:16.906+0000][gc,metaspace] GC(934) Metaspace: 12999K(13440K)->12999K(13440K) NonClass: 11877K(12096K)->11877K(12096K) Class: 1121K(1344K)->1121K(1344K)
[2026-01-16T09:30:16.908+0000][gc          ] GC(934) Pause Young (Normal) (G1 Evacuation Pause) 428M->378M(1024M) 71.566ms
[2026-01-16T09:30:16.908+0000][gc,cpu      ] GC(934) User=0.04s Sys=0.01s Real=0.08s
[2026-01-16T09:30:17.838+0000][gc,start    ] GC(935) Pause Young (Normal) (G1 Evacuation Pause)
[2026-01-16T09:30:17.839+0000][gc,task     ] GC(935) Using 8 workers of 8 for evacuation
[2026-01-16T09:30:17.878+0000][gc,phases   ] GC(935)   Pre Evacuate Collection Set: 4.1ms
[2026-01-16T09:30:17.878+0000][gc,phases   ] GC(935)   Merge Heap Roots: 0.3ms
[2026-01-16T09:30:17.882+0000][gc,phases   ] GC(935)   Evacuate Collection Set: 24.8ms
[2026-01-16T09:30:17.882+0000][gc,phases   ] GC(935)   Post Evacuate Collection Set: 7.8ms
[2026-01-16T09:30:17.883+0000][gc,phases   ] GC(935)   Other: 1.2ms
[2026-01-16T09:30:17.884+0000][gc,heap     ] GC(935) Eden regions: 50->0(49)
[2026-01-16T09:30:17.886+0000][gc,heap     ] GC(935) Survivor regions: 1->2(7)
[2026-01-16T09:30:17.886+0000][gc,heap     ] GC(935) Old regions: 267->267
[2026-01-16T09:30:17.886+0000][gc,heap     ] GC(935) Humongous regions: 112->112
[2026-01-16T09:30:17.887+0000][gc,metaspace] GC(935) Metaspace: 12999K(13440K)->12999K(13440K) NonClass: 11877K(12096K)->11877K(12096K) Class: 1121K(1344K)->1121K(1344K)
[2026-01-16T09:30:17.890+0000][gc          ] GC(935) Pause Young (Normal) (G1 Evacuation Pause) 428M->379M(1024M) 51.886ms
[2026-01-16T09:30:17.891+0000][gc,cpu      ] GC(935) User=0.03s Sys=0.01s Real=0.05s
[2026-01-16T09:30:26.189+0000][gc,start    ] GC(936) Pause Young (Normal) (G1 Evacuation Pause)
[2026-01-16T09:30:26.190+0000][gc,task     ] GC(936) Using 8 workers of 8 for evacuation
[2026-01-16T09:30:26.334+0000][gc,phases   ] GC(936)   Pre Evacuate Collection Set: 19.7ms
[2026-01-16T09:30:26.335+0000][gc,phases   ] GC(936)   Merge Heap Roots: 0.8ms
[2026-01-16T09:30:26.336+0000][gc,phases   ] GC(936)   Evacuate Collection Set: 115.7ms
[2026-01-16T09:30:26.336+0000][gc,phases   ] GC(936)   Post Evacuate Collection Set: 7.8ms
[2026-01-16T09:30:26.336+0000][gc,phases   ] GC(936)   Other: 0.5ms
[2026-01-16T09:30:26.336+0000][gc,heap     ] GC(936) Eden regions: 49->0(50)
[2026-01-16T09:30:26.336+0000][gc,heap     ] GC(936) Survivor regions: 2->1(7)
[2026-01-16T09:30:26.336+0000][gc,heap     ] GC(936) Old regions: 267->267
[2026-01-16T09:30:26.336+0000][gc,heap     ] GC(936) Humongous regions: 112->112
[2026-01-16T09:30:26.336+0000][gc,metaspace] GC(936) Metaspace: 12999K(13440K)->12999K(13440K) NonClass: 11877K(12096K)->11877K(12096K) Class: 1121K(1344K)->1121K(1344K)
[2026-01-16T09:30:26.337+0000][gc          ] GC(936) Pause Young (Normal) (G1 Evacuation Pause) 428M->378M(1024M) 147.212ms
[2026-01-16T09:30:26.337+0000][gc,cpu      ] GC(936) User=0.11s Sys=0.00s Real=0.14s
[2026-01-16T09:30:27.820+0000][gc,start    ] GC(937) Pause Young (Normal) (G1 Evacuation Pause)
[2026-01-16T09:30:27.822+0000][gc,task     ] GC(937) Using 8 workers of 8 for evacuation
[2026-01-16T09:30:27.918+0000][gc,phases   ] GC(937)   Pre Evacuate Collection Set: 11.5ms
[2026-01-16T09:30:27.919+0000][gc,phases   ] GC(937)   Merge Heap Roots: 0.3ms
[2026-01-16T09:30:27.919+0000][gc,phases   ] GC(937)   Evacuate Collection Set: 64.7ms
[2026-01-16T09:30:27.919+0000][gc,phases   ] GC(937)   Post Evacuate Collection Set: 17.7ms
[2026-01-16T09:30:27.920+0000][gc,phases   ] GC(937)   Other: 1.8ms
[2026-01-16T09:30:27.921+0000][gc,heap     ] GC(937) Eden regions: 50->0(49)
[2026-01-16T09:30:27.921+0000][gc,heap     ] GC(937) Survivor regions: 1->2(7)
[2026-01-16T09:30:27.922+0000][gc,heap     ] GC(937) Old regions: 267->267
[2026-01-16T09:30:27.922+0000][gc,heap     ] GC(937) Humongous regions: 112->112
[2026-01-16T09:30:27.924+0000][gc,metaspace] GC(937) Metaspace: 12999K(13440K)->12999K(13440K) NonClass: 11877K(12096K)->11877K(12096K) Class: 1121K(1344K)->1121K(1344K)
[2026-01-16T09:30:27.925+0000][gc          ] GC(937) Pause Young (Normal) (G1 Evacuation Pause) 428M->379M(1024M) 104.760ms
[2026-01-16T09:30:27.926+0000][gc,cpu      ] GC(937) User=0.05s Sys=0.00s Real=0.10s
[2026-01-16T09:30:28.685+0000][gc,start    ] GC(938) Pause Young (Normal) (G1 Evacuation Pause)
[2026-01-16T09:30:28.686+0000][gc,task     ] GC(938) Using 8 workers of 8 for evacuation
[2026-01-16T09:30:28.740+0000][gc,phases   ] GC(938)   Pre Evacuate Collection Set: 1.9ms
[2026-01-16T09:30:28.744+0000][gc,phases   ] GC(938)   Merge Heap Roots: 0.9ms
[2026-01-16T09:30:28.744+0000][gc,phases   ] GC(938)   Evacuate Collection Set: 49.3ms
[2026-01-16T09:30:28.747+0000][gc,phases   ] GC(938)   Post Evacuate Collection Set: 0.8ms
[2026-01-16T09:30:28.749+0000][gc,phases   ] GC(938)   Other: 0.8ms
[2026-01-16T09:30:28.750+0000][gc,heap     ] GC(938) Eden regions: 49->0(49)
[2026-01-16T09:30:28.752+0000][gc,heap     ] GC(938) Survivor regions: 2->2(7)
[2026-01-16T09:30:28.752+0000][gc,heap     ] GC(938) Old regions: 267->267
[2026-01-16T09:30:28.752+0000][gc,heap     ] GC(938) Humongous regions: 112->112
[2026-01-16T09:30:28.753+0000][gc,metaspace] GC(938) Metaspace: 12999K(13440K)->12999K(13440K) NonClass: 11877K(12096K)->11877K(12096K) Class: 1121K(1344K)->1121K(1344K)
[2026-01-16T09:30:28.753+0000][gc          ] GC(938) Pause Young (Normal) (G1 Evacuation Pause) 428M->379M(1024M) 68.937ms
[2026-01-16T09:30:28.754+0000][gc,cpu      ] GC(938) User=0.03s Sys=0.02s Real=0.07s
[2026-01-16T09:30:37.147+0000][gc,start    ] GC(939) Pause Young (Normal) (G1 Evacuation Pause)
[2026-01-16T09:30:37.156+0000][gc,task     ] GC(939) Using 8 workers of 8 for evacuation
[2026-01-16T09:30:37.245+0000][gc,phases   ] GC(939)   Pre Evacuate Collection Set: 28.8ms
[2026-01-16T09:30:37.246+0000][gc,phases   ] GC(939)   Merge Heap Roots: 2.1ms
[2026-01-16T09:30:37.246+0000][gc,phases   ] GC(939)   Evacuate Collection Set: 49.4ms
[2026-01-16T09:30:37.246+0000][gc,phases   ] GC(939)   Post Evacuate Collection Set: 7.9ms
[2026-01-16T09:30:37.247+0000][gc,phases   ] GC(939)   Other: 0.8ms
[2026-01-16T09:30:37.248+0000][gc,heap     ] GC(939) Eden regions: 51->0(124)
[2026-01-16T09:30:37.248+0000][gc,heap     ] GC(939) Survivor regions: 2->1(7)
[2026-01-16T09:30:37.249+0000][gc,heap     ] GC(939) Old regions: 267->267
[2026-01-16T09:30:37.249+0000][gc,heap     ] GC(939) Humongous regions: 112->112
[2026-01-16T09:30:37.250+0000][gc,metaspace] GC(939) Metaspace: 12999K(13440K)->12999K(13440K) NonClass: 11877K(12096K)->11877K(12096K) Class: 1121K(1344K)->1121K(1344K)
[2026-01-16T09:30:37.250+0000][gc          ] GC(939) Pause Young (Normal) (G1 Evacuation Pause) 430M->379M(1024M) 102.940ms
[2026-01-16T09:30:37.251+0000][gc,cpu      ] GC(939) User=0.10s Sys=0.01s Real=0.10s
[2026-01-16T09:30:48.847+0000][gc,start    ] GC(940) Pause Young (Normal) (G1 Evacuation Pause)
[2026-01-16T09:30:48.851+0000][gc,task     ] GC(940) Using 8 workers of 8 for evacuation
[2026-01-16T09:30:49.008+0000][gc,phases   ] GC(940)   Pre Evacuate Collection Set: 31.5ms
[2026-01-16T09:30:49.010+0000][gc,phases   ] GC(940)   Merge Heap Roots: 5.8ms
[2026-01-16T09:30:49.012+0000][gc,phases   ] GC(940)   Evacuate Collection Set: 104.9ms
[2026-01-16T09:30:49.014+0000][gc,phases   ] GC(940)   Post Evacuate Collection Set: 12.6ms
[2026-01-16T09:30:49.014+0000][gc,phases   ] GC(940)   Other: 1.9ms
[2026-01-16T09:30:49.015+0000][gc,heap     ] GC(940) Eden regions: 134->0(95)
[2026-01-16T09:30:49.015+0000][gc,heap     ] GC(940) Survivor regions: 1->2(17)
[2026-01-16T09:30:49.015+0000][gc,heap     ] GC(940) Old regions: 267->267
[2026-01-16T09:30:49.015+0000][gc,heap     ] GC(940) Humongous regions: 112->112
[2026-01-16T09:30:49.016+0000][gc,metaspace] GC(940) Metaspace: 12999K(13440K)->12999K(13440K) NonClass: 11877K(12096K)->11877K(12096K) Class: 1121K(1344K)->1121K(1344K)
[2026-01-16T09:30:49.016+0000][gc          ] GC(940) Pause Young (Normal) (G1 Evacuation Pause) 513M->379M(1024M) 169.150ms
[2026-01-16T09:30:49.017+0000][gc,cpu      ] GC(940) User=0.16s Sys=0.02s Real=0.17s
[2026-01-16T09:30:57.885+0000][gc,start    ] GC(941) Pause Young (Normal) (G1 Evacuation Pause)
[2026-01-16T09:30:57.894+0000][gc,task     ] GC(941) Using 8 workers of 8 for evacuation
[2026-01-16T09:30:58.047+0000][gc,phases   ] GC(941)   Pre Evacuate Collection Set: 39.4ms
[2026-01-16T09:30:58.056+0000][gc,phases   ] GC(941)   Merge Heap Roots: 3.5ms
[2026-01-16T09:30:58.063+0000][gc,phases   ] GC(941)   Evacuate Collection Set: 89.4ms
[2026-01-16T09:30:58.064+0000][gc,phases   ] GC(941)   Post Evacuate Collection Set: 18.3ms
[2026-01-16T09:30:58.064+0000][gc,phases   ] GC(941)   Other: 5.8ms
[2026-01-16T09:30:58.064+0000][gc,heap     ] GC(941) Eden regions: 100->0(154)
[2026-01-16T09:30:58.064+0000][gc,heap     ] GC(941) Survivor regions: 2->1(13)
[2026-01-16T09:30:58.065+0000][gc,heap     ] GC(941) Old regions: 267->267
[2026-01-16T09:30:58.065+0000][gc,heap     ] GC(941) Humongous regions: 112->112
[2026-01-16T09:30:58.065+0000][gc,metaspace] GC(941) Metaspace: 12999K(13440K)->12999K(13440K) NonClass: 11877K(12096K)->11877K(12096K) Class: 1121K(1344K)->1121K(1344K)
[2026-01-16T09:30:58.065+0000][gc          ] GC(941) Pause Young (Normal) (G1 Evacuation Pause) 479M->379M(1024M) 180.103ms
[2026-01-16T09:30:58.065+0000][gc,cpu      ] GC(941) User=0.15s Sys=0.01s Real=0.18s
[2026-01-16T09:31:09.344+0000][gc,start    ] GC(942) Pause Young (Normal) (G1 Evacuation Pause)
[2026-01-16T09:31:09.349+0000][gc,task     ] GC(942) Using 8 workers of 8 for evacuation
[2026-01-16T09:31:09.528+0000][gc,phases   ] GC(942)   Pre Evacuate Collection Set: 12.9ms
[2026-01-16T09:31:09.531+0000][gc,phases   ] GC(942)   Merge Heap Roots: 1.2ms
[2026-01-16T09:31:09.533+0000][gc,phases   ] GC(942)   Evacuate Collection Set: 156.7ms
[2026-01-16T09:31:09.533+0000][gc,phases   ] GC(942)   Post Evacuate Collection Set: 7.3ms
[2026-01-16T09:31:09.534+0000][gc,phases   ] GC(942)   Other: 4.3ms
[2026-01-16T09:31:09.534+0000][gc,heap     ] GC(942) Eden regions: 160->0(113)
[2026-01-16T09:31:09.535+0000][gc,heap     ] GC(942) Survivor regions: 1->2(21)
[2026-01-16T09:31:09.543+0000][gc,heap     ] GC(942) Old regions: 267->267
[2026-01-16T09:31:09.544+0000][gc,heap     ] GC(942) Humongous regions: 112->112
[2026-01-16T09:31:09.544+0000][gc,metaspace] GC(942) Metaspace: 12999K(13440K)->12999K(13440K) NonClass: 11877K(12096K)->11877K(12096K) Class: 1121K(1344K)->1121K(1344K)
[2026-01-16T09:31:09.553+0000][gc          ] GC(942) Pause Young (Normal) (G1 Evacuation Pause) 539M->379M(1024M) 209.458ms
[2026-01-16T09:31:09.555+0000][gc,cpu      ] GC(942) User=0.15s Sys=0.00s Real=0.21s
[2026-01-16T09:31:18.064+0000][gc,start    ] GC(943) Pause Young (Normal) (G1 Evacuation Pause)
[2026-01-16T09:31:18.067+0000][gc,task     ] GC(943) Using 8 workers of 8 for evacuation
[2026-01-16T09:31:18.132+0000][gc,phases   ] GC(943)   Pre Evacuate Collection Set: 9.0ms
[2026-01-16T09:31:18.134+0000][gc,phases   ] GC(943)   Merge Heap Roots: 4.5ms
[2026-01-16T09:31:18.135+0000][gc,phases   ] GC(943)   Evacuate Collection Set: 40.6ms
[2026-01-16T09:31:18.135+0000][gc,phases   ] GC(943)   Post Evacuate Collection Set: 9.4ms
[2026-01-16T09:31:18.136+0000][gc,phases   ] GC(943)   Other: 0.9ms
[2026-01-16T09:31:18.136+0000][gc,heap     ] GC(943) Eden regions: 112->0(251)
[2026-01-16T09:31:18.136+0000][gc,heap     ] GC(943) Survivor regions: 2->2(15)
[2026-01-16T09:31:18.137+0000][gc,heap     ] GC(943) Old regions: 267->267
[2026-01-16T09:31:18.137+0000][gc,heap     ] GC(943) Humongous regions: 112->112
[2026-01-16T09:31:18.138+0000][gc,metaspace] GC(943) Metaspace: 12999K(13440K)->12999K(13440K) NonClass: 11877K(12096K)->11877K(12096K) Class: 1121K(1344K)->1121K(1344K)
[2026-01-16T09:31:18.139+0000][gc          ] GC(943) Pause Young (Normal) (G1 Evacuation Pause) 491M->379M(1024M) 74.714ms
[2026-01-16T09:31:18.140+0000][gc,cpu      ] GC(943) User=0.09s Sys=0.01s Real=0.08s
[2026-01-16T09:31:42.283+0000][gc,start    ] GC(944) Pause Young (Normal) (G1 Evacuation Pause)
[2026-01-16T09:31:42.290+0000][gc,task     ] GC(944) Using 8 workers of 8 for evacuation
[2026-01-16T09:31:42.579+0000][gc,mmu      ] GC(944) MMU target violated: 201.0ms (200.0ms/201.0ms)
[2026-01-16T09:31:42.579+0000][gc,phases   ] GC(944)   Pre Evacuate Collection Set: 33.5ms
[2026-01-16T09:31:42.580+0000][gc,phases   ] GC(944)   Merge Heap Roots: 10.7ms
[2026-01-16T09:31:42.580+0000][gc,phases   ] GC(944)   Evacuate Collection Set: 199.2ms
[2026-01-16T09:31:42.580+0000][gc,phases   ] GC(944)   Post Evacuate Collection Set: 30.2ms
[2026-01-16T09:31:42.580+0000][gc,phases   ] GC(944)   Other: 16.6ms
[2026-01-16T09:31:42.581+0000][gc,heap     ] GC(944) Eden regions: 243->0(175)
[2026-01-16T09:31:42.581+0000][gc,heap     ] GC(944) Survivor regions: 2->2(31)
[2026-01-16T09:31:42.582+0000][gc,heap     ] GC(944) Old regions: 267->267
[2026-01-16T09:31:42.582+0000][gc,heap     ] GC(944) Humongous regions: 112->112
[2026-01-16T09:31:42.582+0000][gc,metaspace] GC(944) Metaspace: 12999K(13440K)->12999K(13440K) NonClass: 11877K(12096K)->11877K(12096K) Class: 1121K(1344K)->1121K(1344K)
[2026-01-16T09:31:42.583+0000][gc          ] GC(944) Pause Young (Normal) (G1 Evacuation Pause) 622M->379M(1024M) 300.880ms
[2026-01-16T09:31:42.583+0000][gc,cpu      ] GC(944) User=0.29s Sys=0.02s Real=0.30s
[2026-01-16T09:32:00.609+0000][gc,start    ] GC(945) Pause Young (Normal) (G1 Evacuation Pause)
[2026-01-16T09:32:00.611+0000][gc,task     ] GC(945) Using 8 workers of 8 for evacuation
[2026-01-16T09:32:00.841+0000][gc,mmu      ] GC(945) MMU target violated: 201.0ms (200.0ms/201.0ms)
[2026-01-16T09:32:00.851+0000][gc,phases   ] GC(945)   Pre Evacuate Collection Set: 15.7ms
[2026-01-16T09:32:00.853+0000][gc,phases   ] GC(945)   Merge Heap Roots: 3.1ms
[2026-01-16T09:32:00.854+0000][gc,phases   ] GC(945)   Evacuate Collection Set: 194.3ms
[2026-01-16T09:32:00.854+0000][gc,phases   ] GC(945)   Post Evacuate Collection Set: 16.6ms
[2026-01-16T09:32:00.854+0000][gc,phases   ] GC(945)   Other: 10.1ms
[2026-01-16T09:32:00.855+0000][gc,heap     ] GC(945) Eden regions: 182->0(103)
[2026-01-16T09:32:00.855+0000][gc,heap     ] GC(945) Survivor regions: 2->2(23)
[2026-01-16T09:32:00.856+0000][gc,heap     ] GC(945) Old regions: 267->267
[2026-01-16T09:32:00.857+0000][gc,heap     ] GC(945) Humongous regions: 112->112
[2026-01-16T09:32:00.857+0000][gc,metaspace] GC(945) Metaspace: 12999K(13440K)->12999K(13440K) NonClass: 11877K(12096K)->11877K(12096K) Class: 1121K(1344K)->1121K(1344K)
[2026-01-16T09:32:00.857+0000][gc          ] GC(945) Pause Young (Normal) (G1 Evacuation Pause) 561M->379M(1024M) 248.630ms
[2026-01-16T09:32:00.859+0000][gc,cpu      ] GC(945) User=0.24s Sys=0.02s Real=0.25s
[2026-01-16T09:32:10.256+0000][gc,start    ] GC(946) Pause Young (Normal) (G1 Evacuation Pause)
[2026-01-16T09:32:10.257+0000][gc,task     ] GC(946) Using 8 workers of 8 for evacuation
[2026-01-16T09:32:10.365+0000][gc,phases   ] GC(946)   Pre Evacuate Collection Set: 14.2ms
[2026-01-16T09:32:10.366+0000][gc,phases   ] GC(946)   Merge Heap Roots: 14.0ms
[2026-01-16T09:32:10.366+0000][gc,phases   ] GC(946)   Evacuate Collection Set: 66.0ms
[2026-01-16T09:32:10.366+0000][gc,phases   ] GC(946)   Post Evacuate Collection Set: 13.4ms
[2026-01-16T09:32:10.367+0000][gc,phases   ] GC(946)   Other: 0.7ms
[2026-01-16T09:32:10.367+0000][gc,heap     ] GC(946) Eden regions: 144->0(224)
[2026-01-16T09:32:10.367+0000][gc,heap     ] GC(946) Survivor regions: 2->2(19)
[2026-01-16T09:32:10.368+0000][gc,heap     ] GC(946) Old regions: 267->267
[2026-01-16T09:32:10.368+0000][gc,heap     ] GC(946) Humongous regions: 112->112
[2026-01-16T09:32:10.368+0000][gc,metaspace] GC(946) Metaspace: 12999K(13440K)->12999K(13440K) NonClass: 11877K(12096K)->11877K(12096K) Class: 1121K(1344K)->1121K(1344K)
[2026-01-16T09:32:10.369+0000][gc          ] GC(946) Pause Young (Normal) (G1 Evacuation Pause) 523M->380M(1024M) 112.684ms
[2026-01-16T09:32:10.371+0000][gc,cpu      ] GC(946) User=0.10s Sys=0.00s Real=0.11s
[2026-01-16T09:32:36.304+0000][gc,start    ] GC(947) Pause Young (Normal) (G1 Evacuation Pause)
[2026-01-16T09:32:36.318+0000][gc,task     ] GC(947) Using 8 workers of 8 for evacuation
[2026-01-16T09:32:36.531+0000][gc,mmu      ] GC(947) MMU target violated: 201.0ms (200.0ms/201.0ms)
[2026-01-16T09:32:36.533+0000][gc,phases   ] GC(947)   Pre Evacuate Collection Set: 49.8ms
[2026-01-16T09:32:36.533+0000][gc,phases   ] GC(947)   Merge Heap Roots: 12.8ms
[2026-01-16T09:32:36.533+0000][gc,phases   ] GC(947)   Evacuate Collection Set: 114.2ms
[2026-01-16T09:32:36.533+0000][gc,phases   ] GC(947)   Post Evacuate Collection Set: 31.3ms
[2026-01-16T09:32:36.534+0000][gc,phases   ] GC(947)   Other: 12.8ms
[2026-01-16T09:32:36.534+0000][gc,heap     ] GC(947) Eden regions: 253->0(260)
[2026-01-16T09:32:36.534+0000][gc,heap     ] GC(947) Survivor regions: 2->1(32)
[2026-01-16T09:32:36.534+0000][gc,heap     ] GC(947) Old regions: 267->267
[2026-01-16T09:32:36.534+0000][gc,heap     ] GC(947) Humongous regions: 112->112
[2026-01-16T09:32:36.535+0000][gc,metaspace] GC(947) Metaspace: 13002K(13440K)->13002K(13440K) NonClass: 11880K(12096K)->11880K(12096K) Class: 1121K(1344K)->1121K(1344K)
[2026-01-16T09:32:36.535+0000][gc          ] GC(947) Pause Young (Normal) (G1 Evacuation Pause) 633M->378M(1024M) 230.678ms
[2026-01-16T09:32:36.535+0000][gc,cpu      ] GC(947) User=0.15s Sys=0.02s Real=0.23s
[2026-01-16T09:32:58.693+0000][gc,start    ] GC(948) Pause Young (Normal) (G1 Evacuation Pause)
[2026-01-16T09:32:58.694+0000][gc,task     ] GC(948) Using 8 workers of 8 for evacuation
[2026-01-16T09:32:58.951+0000][gc,mmu      ] GC(948) MMU target violated: 201.0ms (200.0ms/201.0ms)
[2026-01-16T09:32:58.964+0000][gc,phases   ] GC(948)   Pre Evacuate Collection Set: 13.1ms
[2026-01-16T09:32:58.964+0000][gc,phases   ] GC(948)   Merge Heap Roots: 4.9ms
[2026-01-16T09:32:58.964+0000][gc,phases   ] GC(948)   Evacuate Collection Set: 180.5ms
[2026-01-16T09:32:58.964+0000][gc,phases   ] GC(948)   Post Evacuate Collection Set: 57.1ms
[2026-01-16T09:32:58.964+0000][gc,phases   ] GC(948)   Other: 14.4ms
[2026-01-16T09:32:58.964+0000][gc,heap     ] GC(948) Eden regions: 282->0(191)
[2026-01-16T09:32:58.965+0000][gc,heap     ] GC(948) Survivor regions: 1->2(36)
[2026-01-16T09:32:58.965+0000][gc,heap     ] GC(948) Old regions: 267->267
[2026-01-16T09:32:58.965+0000][gc,heap     ] GC(948) Humongous regions: 112->112
[2026-01-16T09:32:58.965+0000][gc,metaspace] GC(948) Metaspace: 13002K(13440K)->13002K(13440K) NonClass: 11880K(12096K)->11880K(12096K) Class: 1121K(1344K)->1121K(1344K)
[2026-01-16T09:32:58.966+0000][gc          ] GC(948) Pause Young (Normal) (G1 Evacuation Pause) 660M->379M(1024M) 272.633ms
[2026-01-16T09:32:58.966+0000][gc,cpu      ] GC(948) User=0.17s Sys=0.05s Real=0.27s
[2026-01-16T09:33:18.305+0000][gc,start    ] GC(949) Pause Young (Normal) (G1 Evacuation Pause)
[2026-01-16T09:33:18.308+0000][gc,task     ] GC(949) Using 8 workers of 8 for evacuation
[2026-01-16T09:33:18.377+0000][gc,phases   ] GC(949)   Pre Evacuate Collection Set: 11.1ms
[2026-01-16T09:33:18.377+0000][gc,phases   ] GC(949)   Merge Heap Roots: 3.4ms
[2026-01-16T09:33:18.378+0000][gc,phases   ] GC(949)   Evacuate Collection Set: 43.8ms
[2026-01-16T09:33:18.378+0000][gc,phases   ] GC(949)   Post Evacuate Collection Set: 7.4ms
[2026-01-16T09:33:18.378+0000][gc,phases   ] GC(949)   Other: 3.1ms
[2026-01-16T09:33:18.379+0000][gc,heap     ] GC(949) Eden regions: 247->0(494)
[2026-01-16T09:33:18.379+0000][gc,heap     ] GC(949) Survivor regions: 2->2(32)
[2026-01-16T09:33:18.380+0000][gc,heap     ] GC(949) Old regions: 267->267
[2026-01-16T09:33:18.380+0000][gc,heap     ] GC(949) Humongous regions: 112->112
[2026-01-16T09:33:18.380+0000][gc,metaspace] GC(949) Metaspace: 13002K(13440K)->13002K(13440K) NonClass: 11880K(12096K)->11880K(12096K) Class: 1121K(1344K)->1121K(1344K)
[2026-01-16T09:33:18.380+0000][gc          ] GC(949) Pause Young (Normal) (G1 Evacuation Pause) 626M->379M(1024M) 74.890ms
[2026-01-16T09:33:18.380+0000][gc,cpu      ] GC(949) User=0.12s Sys=0.01s Real=0.07s
[2026-01-16T09:34:09.838+0000][gc,start    ] GC(950) Pause Young (Normal) (G1 Evacuation Pause)
[2026-01-16T09:34:09.857+0000][gc,task     ] GC(950) Using 8 workers of 8 for evacuation
[2026-01-16T09:34:10.162+0000][gc,mmu      ] GC(950) MMU target violated: 201.0ms (200.0ms/201.0ms)
[2026-01-16T09:34:10.163+0000][gc,phases   ] GC(950)   Pre Evacuate Collection Set: 62.6ms
[2026-01-16T09:34:10.164+0000][gc,phases   ] GC(950)   Merge Heap Roots: 5.6ms
[2026-01-16T09:34:10.165+0000][gc,phases   ] GC(950)   Evacuate Collection Set: 214.4ms
[2026-01-16T09:34:10.165+0000][gc,phases   ] GC(950)   Post Evacuate Collection Set: 18.0ms
[2026-01-16T09:34:10.166+0000][gc,phases   ] GC(950)   Other: 12.2ms
[2026-01-16T09:34:10.166+0000][gc,heap     ] GC(950) Eden regions: 518->0(107)
[2026-01-16T09:34:10.167+0000][gc,heap     ] GC(950) Survivor regions: 2->2(65)
[2026-01-16T09:34:10.167+0000][gc,heap     ] GC(950) Old regions: 267->267
[2026-01-16T09:34:10.167+0000][gc,heap     ] GC(950) Humongous regions: 112->112
[2026-01-16T09:34:10.168+0000][gc,metaspace] GC(950) Metaspace: 13003K(13440K)->13003K(13440K) NonClass: 11881K(12096K)->11881K(12096K) Class: 1121K(1344K)->1121K(1344K)
[2026-01-16T09:34:10.173+0000][gc          ] GC(950) Pause Young (Normal) (G1 Evacuation Pause) 897M->380M(1024M) 331.091ms
[2026-01-16T09:34:10.173+0000][gc,cpu      ] GC(950) User=0.38s Sys=0.04s Real=0.34s
[2026-01-16T09:34:17.178+0000][gc,start    ] GC(951) Pause Young (Normal) (G1 Evacuation Pause)
[2026-01-16T09:34:17.183+0000][gc,task     ] GC(951) Using 8 workers of 8 for evacuation
[2026-01-16T09:34:17.327+0000][gc,phases   ] GC(951)   Pre Evacuate Collection Set: 51.2ms
[2026-01-16T09:34:17.327+0000][gc,phases   ] GC(951)   Merge Heap Roots: 1.0ms
[2026-01-16T09:34:17.335+0000][gc,phases   ] GC(951)   Evacuate Collection Set: 78.4ms
[2026-01-16T09:34:17.338+0000][gc,phases   ] GC(951)   Post Evacuate Collection Set: 10.6ms
[2026-01-16T09:34:17.338+0000][gc,phases   ] GC(951)   Other: 3.0ms
[2026-01-16T09:34:17.340+0000][gc,heap     ] GC(951) Eden regions: 97->0(493)
[2026-01-16T09:34:17.341+0000][gc,heap     ] GC(951) Survivor regions: 2->1(13)
[2026-01-16T09:34:17.342+0000][gc,heap     ] GC(951) Old regions: 267->267
[2026-01-16T09:34:17.344+0000][gc,heap     ] GC(951) Humongous regions: 112->112
[2026-01-16T09:34:17.346+0000][gc,metaspace] GC(951) Metaspace: 13003K(13440K)->13003K(13440K) NonClass: 11881K(12096K)->11881K(12096K) Class: 1121K(1344K)->1121K(1344K)
[2026-01-16T09:34:17.353+0000][gc          ] GC(951) Pause Young (Normal) (G1 Evacuation Pause) 477M->379M(1024M) 175.388ms
[2026-01-16T09:34:17.354+0000][gc,cpu      ] GC(951) User=0.12s Sys=0.02s Real=0.18s
[2026-01-16T09:34:46.213+0000][gc,start    ] GC(952) Pause Young (Normal) (G1 Evacuation Pause)
[2026-01-16T09:34:46.214+0000][gc,task     ] GC(952) Using 8 workers of 8 for evacuation
[2026-01-16T09:34:46.284+0000][gc,phases   ] GC(952)   Pre Evacuate Collection Set: 9.0ms
[2026-01-16T09:34:46.285+0000][gc,phases   ] GC(952)   Merge Heap Roots: 1.0ms
[2026-01-16T09:34:46.285+0000][gc,phases   ] GC(952)   Evacuate Collection Set: 38.7ms
[2026-01-16T09:34:46.285+0000][gc,phases   ] GC(952)   Post Evacuate Collection Set: 20.4ms
[2026-01-16T09:34:46.285+0000][gc,phases   ] GC(952)   Other: 1.2ms
[2026-01-16T09:34:46.285+0000][gc,heap     ] GC(952) Eden regions: 361->0(591)
[2026-01-16T09:34:46.285+0000][gc,heap     ] GC(952) Survivor regions: 1->1(46)
[2026-01-16T09:34:46.285+0000][gc,heap     ] GC(952) Old regions: 267->267
[2026-01-16T09:34:46.285+0000][gc,heap     ] GC(952) Humongous regions: 112->112
[2026-01-16T09:34:46.285+0000][gc,metaspace] GC(952) Metaspace: 13003K(13440K)->13003K(13440K) NonClass: 11881K(12096K)->11881K(12096K) Class: 1121K(1344K)->1121K(1344K)
[2026-01-16T09:34:46.287+0000][gc          ] GC(952) Pause Young (Normal) (G1 Evacuation Pause) 740M->379M(1024M) 73.709ms
[2026-01-16T09:34:46.287+0000][gc,cpu      ] GC(952) User=0.17s Sys=0.01s Real=0.08s
[2026-01-16T09:35:40.599+0000][gc,start    ] GC(953) Pause Young (Normal) (G1 Evacuation Pause)
[2026-01-16T09:35:40.605+0000][gc,task     ] GC(953) Using 8 workers of 8 for evacuation
[2026-01-16T09:35:40.956+0000][gc,mmu      ] GC(953) MMU target violated: 201.0ms (200.0ms/201.0ms)
[2026-01-16T09:35:40.956+0000][gc,phases   ] GC(953)   Pre Evacuate Collection Set: 83.5ms
[2026-01-16T09:35:40.957+0000][gc,phases   ] GC(953)   Merge Heap Roots: 5.5ms
[2026-01-16T09:35:40.984+0000][gc,phases   ] GC(953)   Evacuate Collection Set: 203.3ms
[2026-01-16T09:35:40.987+0000][gc,phases   ] GC(953)   Post Evacuate Collection Set: 56.9ms
[2026-01-16T09:35:40.987+0000][gc,phases   ] GC(953)   Other: 2.3ms
[2026-01-16T09:35:40.988+0000][gc,heap     ] GC(953) Eden regions: 591->0(80)
[2026-01-16T09:35:40.988+0000][gc,heap     ] GC(953) Survivor regions: 1->1(53)
[2026-01-16T09:35:40.988+0000][gc,heap     ] GC(953) Old regions: 267->267
[2026-01-16T09:35:40.989+0000][gc,heap     ] GC(953) Humongous regions: 112->112
[2026-01-16T09:35:40.989+0000][gc,metaspace] GC(953) Metaspace: 13005K(13440K)->13005K(13440K) NonClass: 11883K(12096K)->11883K(12096K) Class: 1121K(1344K)->1121K(1344K)
[2026-01-16T09:35:40.989+0000][gc          ] GC(953) Pause Young (Normal) (G1 Evacuation Pause) 970M->379M(1024M) 390.540ms
[2026-01-16T09:35:40.990+0000][gc,cpu      ] GC(953) User=0.23s Sys=0.02s Real=0.39s
[2026-01-16T09:35:48.022+0000][gc,start    ] GC(954) Pause Young (Normal) (G1 Evacuation Pause)
[2026-01-16T09:35:48.026+0000][gc,task     ] GC(954) Using 8 workers of 8 for evacuation
[2026-01-16T09:35:48.782+0000][gc,mmu      ] GC(954) MMU target violated: 201.0ms (200.0ms/201.0ms)
[2026-01-16T09:35:48.782+0000][gc,phases   ] GC(954)   Pre Evacuate Collection Set: 59.7ms
[2026-01-16T09:35:48.782+0000][gc,phases   ] GC(954)   Merge Heap Roots: 5.0ms
[2026-01-16T09:35:48.783+0000][gc,phases   ] GC(954)   Evacuate Collection Set: 635.7ms
[2026-01-16T09:35:48.784+0000][gc,phases   ] GC(954)   Post Evacuate Collection Set: 51.7ms
[2026-01-16T09:35:48.794+0000][gc,phases   ] GC(954)   Other: 5.1ms
[2026-01-16T09:35:48.794+0000][gc,heap     ] GC(954) Eden regions: 67->0(49)
[2026-01-16T09:35:48.796+0000][gc,heap     ] GC(954) Survivor regions: 1->2(9)
[2026-01-16T09:35:48.796+0000][gc,heap     ] GC(954) Old regions: 267->267
[2026-01-16T09:35:48.797+0000][gc,heap     ] GC(954) Humongous regions: 112->112
[2026-01-16T09:35:48.797+0000][gc,metaspace] GC(954) Metaspace: 13005K(13440K)->13005K(13440K) NonClass: 11883K(12096K)->11883K(12096K) Class: 1121K(1344K)->1121K(1344K)
[2026-01-16T09:35:48.798+0000][gc          ] GC(954) Pause Young (Normal) (G1 Evacuation Pause) 446M->380M(1024M) 775.866ms
[2026-01-16T09:35:48.815+0000][gc,cpu      ] GC(954) User=0.52s Sys=0.06s Real=0.78s
[2026-01-16T09:35:52.523+0000][gc,start    ] GC(955) Pause Young (Normal) (G1 Evacuation Pause)
[2026-01-16T09:35:52.531+0000][gc,task     ] GC(955) Using 8 workers of 8 for evacuation
[2026-01-16T09:35:52.705+0000][gc,phases   ] GC(955)   Pre Evacuate Collection Set: 26.7ms
[2026-01-16T09:35:52.706+0000][gc,phases   ] GC(955)   Merge Heap Roots: 6.5ms
[2026-01-16T09:35:52.707+0000][gc,phases   ] GC(955)   Evacuate Collection Set: 131.4ms
[2026-01-16T09:35:52.716+0000][gc,phases   ] GC(955)   Post Evacuate Collection Set: 6.8ms
[2026-01-16T09:35:52.724+0000][gc,phases   ] GC(955)   Other: 4.0ms
[2026-01-16T09:35:52.726+0000][gc,heap     ] GC(955) Eden regions: 49->0(50)
[2026-01-16T09:35:52.726+0000][gc,heap     ] GC(955) Survivor regions: 2->1(7)
[2026-01-16T09:35:52.729+0000][gc,heap     ] GC(955) Old regions: 267->267
[2026-01-16T09:35:52.729+0000][gc,heap     ] GC(955) Humongous regions: 112->112
[2026-01-16T09:35:52.730+0000][gc,metaspace] GC(955) Metaspace: 13005K(13440K)->13005K(13440K) NonClass: 11884K(12096K)->11884K(12096K) Class: 1121K(1344K)->1121K(1344K)
[2026-01-16T09:35:52.735+0000][gc          ] GC(955) Pause Young (Normal) (G1 Evacuation Pause) 429M->379M(1024M) 212.732ms
[2026-01-16T09:35:52.740+0000][gc,cpu      ] GC(955) User=0.17s Sys=0.03s Real=0.22s
[2026-01-16T09:35:54.827+0000][gc,start    ] GC(956) Pause Young (Normal) (G1 Evacuation Pause)
[2026-01-16T09:35:54.828+0000][gc,task     ] GC(956) Using 8 workers of 8 for evacuation
[2026-01-16T09:35:55.008+0000][gc,phases   ] GC(956)   Pre Evacuate Collection Set: 24.7ms
[2026-01-16T09:35:55.010+0000][gc,phases   ] GC(956)   Merge Heap Roots: 4.3ms
[2026-01-16T09:35:55.015+0000][gc,phases   ] GC(956)   Evacuate Collection Set: 119.7ms
[2026-01-16T09:35:55.018+0000][gc,phases   ] GC(956)   Post Evacuate Collection Set: 12.9ms
[2026-01-16T09:35:55.020+0000][gc,phases   ] GC(956)   Other: 19.3ms
[2026-01-16T09:35:55.020+0000][gc,heap     ] GC(956) Eden regions: 50->0(49)
[2026-01-16T09:35:55.021+0000][gc,heap     ] GC(956) Survivor regions: 1->2(7)
[2026-01-16T09:35:55.021+0000][gc,heap     ] GC(956) Old regions: 267->267
[2026-01-16T09:35:55.022+0000][gc,heap     ] GC(956) Humongous regions: 112->112
[2026-01-16T09:35:55.022+0000][gc,metaspace] GC(956) Metaspace: 13005K(13440K)->13005K(13440K) NonClass: 11884K(12096K)->11884K(12096K) Class: 1121K(1344K)->1121K(1344K)
[2026-01-16T09:35:55.023+0000][gc          ] GC(956) Pause Young (Normal) (G1 Evacuation Pause) 429M->380M(1024M) 196.080ms
[2026-01-16T09:35:55.024+0000][gc,cpu      ] GC(956) User=0.08s Sys=0.01s Real=0.19s
[2026-01-16T09:35:57.013+0000][gc,start    ] GC(957) Pause Young (Normal) (G1 Evacuation Pause)
[2026-01-16T09:35:57.015+0000][gc,task     ] GC(957) Using 8 workers of 8 for evacuation
[2026-01-16T09:35:57.253+0000][gc,mmu      ] GC(957) MMU target violated: 201.0ms (200.0ms/201.0ms)
[2026-01-16T09:35:57.254+0000][gc,phases   ] GC(957)   Pre Evacuate Collection Set: 17.6ms
[2026-01-16T09:35:57.257+0000][gc,phases   ] GC(957)   Merge Heap Roots: 6.6ms
[2026-01-16T09:35:57.259+0000][gc,phases   ] GC(957)   Evacuate Collection Set: 192.0ms
[2026-01-16T09:35:57.259+0000][gc,phases   ] GC(957)   Post Evacuate Collection Set: 20.9ms
[2026-01-16T09:35:57.259+0000][gc,phases   ] GC(957)   Other: 1.9ms
[2026-01-16T09:35:57.260+0000][gc,heap     ] GC(957) Eden regions: 49->0(50)
[2026-01-16T09:35:57.260+0000][gc,heap     ] GC(957) Survivor regions: 2->1(7)
[2026-01-16T09:35:57.260+0000][gc,heap     ] GC(957) Old regions: 267->267
[2026-01-16T09:35:57.260+0000][gc,heap     ] GC(957) Humongous regions: 112->112
[2026-01-16T09:35:57.260+0000][gc,metaspace] GC(957) Metaspace: 13005K(13440K)->13005K(13440K) NonClass: 11884K(12096K)->11884K(12096K) Class: 1121K(1344K)->1121K(1344K)
[2026-01-16T09:35:57.262+0000][gc          ] GC(957) Pause Young (Normal) (G1 Evacuation Pause) 429M->379M(1024M) 248.443ms
[2026-01-16T09:35:57.262+0000][gc,cpu      ] GC(957) User=0.05s Sys=0.00s Real=0.25s
[2026-01-16T09:35:59.701+0000][gc,start    ] GC(958) Pause Young (Normal) (G1 Evacuation Pause)
[2026-01-16T09:35:59.703+0000][gc,task     ] GC(958) Using 8 workers of 8 for evacuation
[2026-01-16T09:35:59.771+0000][gc,phases   ] GC(958)   Pre Evacuate Collection Set: 5.7ms
[2026-01-16T09:35:59.772+0000][gc,phases   ] GC(958)   Merge Heap Roots: 1.3ms
[2026-01-16T09:35:59.773+0000][gc,phases   ] GC(958)   Evacuate Collection Set: 52.4ms
[2026-01-16T09:35:59.775+0000][gc,phases   ] GC(958)   Post Evacuate Collection Set: 7.3ms
[2026-01-16T09:35:59.776+0000][gc,phases   ] GC(958)   Other: 1.0ms
[2026-01-16T09:35:59.778+0000][gc,heap     ] GC(958) Eden regions: 50->0(49)
[2026-01-16T09:35:59.779+0000][gc,heap     ] GC(958) Survivor regions: 1->2(7)
[2026-01-16T09:35:59.780+0000][gc,heap     ] GC(958) Old regions: 267->267
[2026-01-16T09:35:59.780+0000][gc,heap     ] GC(958) Humongous regions: 112->112
[2026-01-16T09:35:59.782+0000][gc,metaspace] GC(958) Metaspace: 13005K(13440K)->13005K(13440K) NonClass: 11884K(12096K)->11884K(12096K) Class: 1121K(1344K)->1121K(1344K)
[2026-01-16T09:35:59.783+0000][gc          ] GC(958) Pause Young (Normal) (G1 Evacuation Pause) 429M->380M(1024M) 82.022ms
[2026-01-16T09:35:59.787+0000][gc,cpu      ] GC(958) User=0.06s Sys=0.00s Real=0.09s
[2026-01-16T09:36:06.504+0000][gc,start    ] GC(959) Pause Young (Normal) (G1 Evacuation Pause)
[2026-01-16T09:36:06.506+0000][gc,task     ] GC(959) Using 8 workers of 8 for evacuation
[2026-01-16T09:36:06.654+0000][gc,phases   ] GC(959)   Pre Evacuate Collection Set: 16.3ms
[2026-01-16T09:36:06.655+0000][gc,phases   ] GC(959)   Merge Heap Roots: 0.8ms
[2026-01-16T09:36:06.655+0000][gc,phases   ] GC(959)   Evacuate Collection Set: 113.9ms
[2026-01-16T09:36:06.655+0000][gc,phases   ] GC(959)   Post Evacuate Collection Set: 12.7ms
[2026-01-16T09:36:06.655+0000][gc,phases   ] GC(959)   Other: 5.2ms
[2026-01-16T09:36:06.655+0000][gc,heap     ] GC(959) Eden regions: 49->0(85)
[2026-01-16T09:36:06.655+0000][gc,heap     ] GC(959) Survivor regions: 2->1(7)
[2026-01-16T09:36:06.655+0000][gc,heap     ] GC(959) Old regions: 267->267
[2026-01-16T09:36:06.655+0000][gc,heap     ] GC(959) Humongous regions: 112->112
[2026-01-16T09:36:06.655+0000][gc,metaspace] GC(959) Metaspace: 13005K(13440K)->13005K(13440K) NonClass: 11884K(12096K)->11884K(12096K) Class: 1121K(1344K)->1121K(1344K)
[2026-01-16T09:36:06.656+0000][gc          ] GC(959) Pause Young (Normal) (G1 Evacuation Pause) 429M->379M(1024M) 151.694ms
[2026-01-16T09:36:06.656+0000][gc,cpu      ] GC(959) User=0.12s Sys=0.01s Real=0.16s
[2026-01-16T09:36:08.542+0000][gc,start    ] GC(960) Pause Young (Normal) (G1 Evacuation Pause)
[2026-01-16T09:36:08.545+0000][gc,task     ] GC(960) Using 8 workers of 8 for evacuation
[2026-01-16T09:36:08.575+0000][gc,phases   ] GC(960)   Pre Evacuate Collection Set: 3.3ms
[2026-01-16T09:36:08.576+0000][gc,phases   ] GC(960)   Merge Heap Roots: 0.3ms
[2026-01-16T09:36:08.576+0000][gc,phases   ] GC(960)   Evacuate Collection Set: 23.2ms
[2026-01-16T09:36:08.576+0000][gc,phases   ] GC(960)   Post Evacuate Collection Set: 1.7ms
[2026-01-16T09:36:08.576+0000][gc,phases   ] GC(960)   Other: 1.6ms
[2026-01-16T09:36:08.578+0000][gc,heap     ] GC(960) Eden regions: 85->0(87)
[2026-01-16T09:36:08.578+0000][gc,heap     ] GC(960) Survivor regions: 1->2(11)
[2026-01-16T09:36:08.578+0000][gc,heap     ] GC(960) Old regions: 267->267
[2026-01-16T09:36:08.578+0000][gc,heap     ] GC(960) Humongous regions: 112->112
[2026-01-16T09:36:08.578+0000][gc,metaspace] GC(960) Metaspace: 13005K(13440K)->13005K(13440K) NonClass: 11884K(12096K)->11884K(12096K) Class: 1121K(1344K)->1121K(1344K)
[2026-01-16T09:36:08.578+0000][gc          ] GC(960) Pause Young (Normal) (G1 Evacuation Pause) 464M->380M(1024M) 36.070ms
[2026-01-16T09:36:08.578+0000][gc,cpu      ] GC(960) User=0.12s Sys=0.01s Real=0.03s
[2026-01-16T09:36:18.185+0000][gc,start    ] GC(961) Pause Young (Normal) (G1 Evacuation Pause)
[2026-01-16T09:36:18.186+0000][gc,task     ] GC(961) Using 8 workers of 8 for evacuation
[2026-01-16T09:36:18.214+0000][gc,phases   ] GC(961)   Pre Evacuate Collection Set: 3.6ms
[2026-01-16T09:36:18.215+0000][gc,phases   ] GC(961)   Merge Heap Roots: 1.5ms
[2026-01-16T09:36:18.215+0000][gc,phases   ] GC(961)   Evacuate Collection Set: 18.2ms
[2026-01-16T09:36:18.216+0000][gc,phases   ] GC(961)   Post Evacuate Collection Set: 4.2ms
[2026-01-16T09:36:18.216+0000][gc,phases   ] GC(961)   Other: 0.8ms
[2026-01-16T09:36:18.216+0000][gc,heap     ] GC(961) Eden regions: 95->0(210)
[2026-01-16T09:36:18.218+0000][gc,heap     ] GC(961) Survivor regions: 2->2(13)
[2026-01-16T09:36:18.219+0000][gc,heap     ] GC(961) Old regions: 267->267
[2026-01-16T09:36:18.219+0000][gc,heap     ] GC(961) Humongous regions: 112->112
[2026-01-16T09:36:18.220+0000][gc,metaspace] GC(961) Metaspace: 13005K(13440K)->13005K(13440K) NonClass: 11884K(12096K)->11884K(12096K) Class: 1121K(1344K)->1121K(1344K)
[2026-01-16T09:36:18.221+0000][gc          ] GC(961) Pause Young (Normal) (G1 Evacuation Pause) 475M->380M(1024M) 35.391ms
[2026-01-16T09:36:18.221+0000][gc,cpu      ] GC(961) User=0.06s Sys=0.01s Real=0.04s
[2026-01-16T09:36:40.692+0000][gc,start    ] GC(962) Pause Young (Normal) (G1 Evacuation Pause)
[2026-01-16T09:36:40.695+0000][gc,task     ] GC(962) Using 8 workers of 8 for evacuation
[2026-01-16T09:36:40.788+0000][gc,phases   ] GC(962)   Pre Evacuate Collection Set: 16.0ms
[2026-01-16T09:36:40.788+0000][gc,phases   ] GC(962)   Merge Heap Roots: 1.2ms
[2026-01-16T09:36:40.788+0000][gc,phases   ] GC(962)   Evacuate Collection Set: 68.5ms
[2026-01-16T09:36:40.789+0000][gc,phases   ] GC(962)   Post Evacuate Collection Set: 4.9ms
[2026-01-16T09:36:40.791+0000][gc,phases   ] GC(962)   Other: 3.3ms
[2026-01-16T09:36:40.791+0000][gc,heap     ] GC(962) Eden regions: 220->0(343)
[2026-01-16T09:36:40.792+0000][gc,heap     ] GC(962) Survivor regions: 2->2(28)
[2026-01-16T09:36:40.792+0000][gc,heap     ] GC(962) Old regions: 267->267
[2026-01-16T09:36:40.792+0000][gc,heap     ] GC(962) Humongous regions: 112->112
[2026-01-16T09:36:40.793+0000][gc,metaspace] GC(962) Metaspace: 13005K(13440K)->13005K(13440K) NonClass: 11884K(12096K)->11884K(12096K) Class: 1121K(1344K)->1121K(1344K)
[2026-01-16T09:36:40.794+0000][gc          ] GC(962) Pause Young (Normal) (G1 Evacuation Pause) 600M->380M(1024M) 102.655ms
[2026-01-16T09:36:40.795+0000][gc,cpu      ] GC(962) User=0.16s Sys=0.01s Real=0.11s
[2026-01-16T09:37:10.082+0000][gc,start    ] GC(963) Pause Young (Normal) (G1 Evacuation Pause)
[2026-01-16T09:37:10.083+0000][gc,task     ] GC(963) Using 8 workers of 8 for evacuation
[2026-01-16T09:37:10.255+0000][gc,phases   ] GC(963)   Pre Evacuate Collection Set: 42.6ms
[2026-01-16T09:37:10.256+0000][gc,phases   ] GC(963)   Merge Heap Roots: 4.3ms
[2026-01-16T09:37:10.256+0000][gc,phases   ] GC(963)   Evacuate Collection Set: 116.0ms
[2026-01-16T09:37:10.257+0000][gc,phases   ] GC(963)   Post Evacuate Collection Set: 6.8ms
[2026-01-16T09:37:10.257+0000][gc,phases   ] GC(963)   Other: 1.9ms
[2026-01-16T09:37:10.257+0000][gc,heap     ] GC(963) Eden regions: 352->0(436)
[2026-01-16T09:37:10.259+0000][gc,heap     ] GC(963) Survivor regions: 2->2(45)
[2026-01-16T09:37:10.261+0000][gc,heap     ] GC(963) Old regions: 267->267
[2026-01-16T09:37:10.262+0000][gc,heap     ] GC(963) Humongous regions: 112->112
[2026-01-16T09:37:10.264+0000][gc,metaspace] GC(963) Metaspace: 13006K(13440K)->13006K(13440K) NonClass: 11884K(12096K)->11884K(12096K) Class: 1121K(1344K)->1121K(1344K)
[2026-01-16T09:37:10.264+0000][gc          ] GC(963) Pause Young (Normal) (G1 Evacuation Pause) 732M->380M(1024M) 182.575ms
[2026-01-16T09:37:10.271+0000][gc,cpu      ] GC(963) User=0.20s Sys=0.01s Real=0.19s
[2026-01-16T09:37:50.289+0000][gc,start    ] GC(964) Pause Young (Normal) (G1 Evacuation Pause)
[2026-01-16T09:37:50.296+0000][gc,task     ] GC(964) Using 8 workers of 8 for evacuation
[2026-01-16T09:37:50.749+0000][gc,mmu      ] GC(964) MMU target violated: 201.0ms (200.0ms/201.0ms)
[2026-01-16T09:37:50.751+0000][gc,phases   ] GC(964)   Pre Evacuate Collection Set: 48.5ms
[2026-01-16T09:37:50.755+0000][gc,phases   ] GC(964)   Merge Heap Roots: 27.8ms
[2026-01-16T09:37:50.755+0000][gc,phases   ] GC(964)   Evacuate Collection Set: 297.4ms
[2026-01-16T09:37:50.755+0000][gc,phases   ] GC(964)   Post Evacuate Collection Set: 58.2ms
[2026-01-16T09:37:50.757+0000][gc,phases   ] GC(964)   Other: 23.8ms
[2026-01-16T09:37:50.758+0000][gc,heap     ] GC(964) Eden regions: 427->0(49)
[2026-01-16T09:37:50.761+0000][gc,heap     ] GC(964) Survivor regions: 2->2(54)
[2026-01-16T09:37:50.761+0000][gc,heap     ] GC(964) Old regions: 267->267
[2026-01-16T09:37:50.762+0000][gc,heap     ] GC(964) Humongous regions: 112->112
[2026-01-16T09:37:50.765+0000][gc,metaspace] GC(964) Metaspace: 13006K(13440K)->13006K(13440K) NonClass: 11884K(12096K)->11884K(12096K) Class: 1121K(1344K)->1121K(1344K)
[2026-01-16T09:37:50.781+0000][gc          ] GC(964) Pause Young (Normal) (G1 Evacuation Pause) 807M->380M(1024M) 492.285ms
[2026-01-16T09:37:50.782+0000][gc,cpu      ] GC(964) User=0.31s Sys=0.01s Real=0.49s
[2026-01-16T09:37:55.847+0000][gc,start    ] GC(965) Pause Young (Normal) (G1 Evacuation Pause)
[2026-01-16T09:37:55.849+0000][gc,task     ] GC(965) Using 8 workers of 8 for evacuation
[2026-01-16T09:37:56.244+0000][gc,mmu      ] GC(965) MMU target violated: 201.0ms (200.0ms/201.0ms)
[2026-01-16T09:37:56.246+0000][gc,phases   ] GC(965)   Pre Evacuate Collection Set: 22.3ms
[2026-01-16T09:37:56.249+0000][gc,phases   ] GC(965)   Merge Heap Roots: 16.0ms
[2026-01-16T09:37:56.251+0000][gc,phases   ] GC(965)   Evacuate Collection Set: 291.5ms
[2026-01-16T09:37:56.253+0000][gc,phases   ] GC(965)   Post Evacuate Collection Set: 55.4ms
[2026-01-16T09:37:56.254+0000][gc,phases   ] GC(965)   Other: 11.3ms
[2026-01-16T09:37:56.255+0000][gc,heap     ] GC(965) Eden regions: 49->0(49)
[2026-01-16T09:37:56.256+0000][gc,heap     ] GC(965) Survivor regions: 2->2(7)
[2026-01-16T09:37:56.256+0000][gc,heap     ] GC(965) Old regions: 267->267
[2026-01-16T09:37:56.257+0000][gc,heap     ] GC(965) Humongous regions: 112->112
[2026-01-16T09:37:56.260+0000][gc,metaspace] GC(965) Metaspace: 13006K(13440K)->13006K(13440K) NonClass: 11884K(12096K)->11884K(12096K) Class: 1121K(1344K)->1121K(1344K)
[2026-01-16T09:37:56.261+0000][gc          ] GC(965) Pause Young (Normal) (G1 Evacuation Pause) 429M->380M(1024M) 414.313ms
[2026-01-16T09:37:56.266+0000][gc,cpu      ] GC(965) User=0.18s Sys=0.03s Real=0.42s
[2026-01-16T09:37:58.180+0000][gc,start    ] GC(966) Pause Young (Normal) (G1 Evacuation Pause)
[2026-01-16T09:37:58.184+0000][gc,task     ] GC(966) Using 8 workers of 8 for evacuation
[2026-01-16T09:37:58.322+0000][gc,phases   ] GC(966)   Pre Evacuate Collection Set: 7.9ms
[2026-01-16T09:37:58.323+0000][gc,phases   ] GC(966)   Merge Heap Roots: 0.3ms
[2026-01-16T09:37:58.324+0000][gc,phases   ] GC(966)   Evacuate Collection Set: 121.5ms
[2026-01-16T09:37:58.332+0000][gc,phases   ] GC(966)   Post Evacuate Collection Set: 5.0ms
[2026-01-16T09:37:58.334+0000][gc,phases   ] GC(966)   Other: 2.7ms
[2026-01-16T09:37:58.351+0000][gc,heap     ] GC(966) Eden regions: 49->0(50)
[2026-01-16T09:37:58.351+0000][gc,heap     ] GC(966) Survivor regions: 2->1(7)
[2026-01-16T09:37:58.352+0000][gc,heap     ] GC(966) Old regions: 267->267
[2026-01-16T09:37:58.352+0000][gc,heap     ] GC(966) Humongous regions: 112->112
[2026-01-16T09:37:58.353+0000][gc,metaspace] GC(966) Metaspace: 13006K(13440K)->13006K(13440K) NonClass: 11884K(12096K)->11884K(12096K) Class: 1121K(1344K)->1121K(1344K)
[2026-01-16T09:37:58.353+0000][gc          ] GC(966) Pause Young (Normal) (G1 Evacuation Pause) 429M->379M(1024M) 173.288ms
[2026-01-16T09:37:58.354+0000][gc,cpu      ] GC(966) User=0.06s Sys=0.01s Real=0.18s
[2026-01-16T09:38:00.354+0000][gc,start    ] GC(967) Pause Young (Normal) (G1 Evacuation Pause)
[2026-01-16T09:38:00.358+0000][gc,task     ] GC(967) Using 8 workers of 8 for evacuation
[2026-01-16T09:38:00.477+0000][gc,phases   ] GC(967)   Pre Evacuate Collection Set: 3.9ms
[2026-01-16T09:38:00.480+0000][gc,phases   ] GC(967)   Merge Heap Roots: 0.3ms
[2026-01-16T09:38:00.481+0000][gc,phases   ] GC(967)   Evacuate Collection Set: 103.7ms
[2026-01-16T09:38:00.486+0000][gc,phases   ] GC(967)   Post Evacuate Collection Set: 10.4ms
[2026-01-16T09:38:00.487+0000][gc,phases   ] GC(967)   Other: 0.6ms
[2026-01-16T09:38:00.487+0000][gc,heap     ] GC(967) Eden regions: 50->0(49)
[2026-01-16T09:38:00.487+0000][gc,heap     ] GC(967) Survivor regions: 1->2(7)
[2026-01-16T09:38:00.488+0000][gc,heap     ] GC(967) Old regions: 267->267
[2026-01-16T09:38:00.488+0000][gc,heap     ] GC(967) Humongous regions: 112->112
[2026-01-16T09:38:00.489+0000][gc,metaspace] GC(967) Metaspace: 13006K(13440K)->13006K(13440K) NonClass: 11884K(12096K)->11884K(12096K) Class: 1121K(1344K)->1121K(1344K)
[2026-01-16T09:38:00.493+0000][gc          ] GC(967) Pause Young (Normal) (G1 Evacuation Pause) 429M->380M(1024M) 139.789ms
[2026-01-16T09:38:00.494+0000][gc,cpu      ] GC(967) User=0.09s Sys=0.01s Real=0.14s
[2026-01-16T09:38:06.740+0000][gc,start    ] GC(968) Pause Young (Normal) (G1 Evacuation Pause)
[2026-01-16T09:38:06.743+0000][gc,task     ] GC(968) Using 8 workers of 8 for evacuation
[2026-01-16T09:38:06.832+0000][gc,phases   ] GC(968)   Pre Evacuate Collection Set: 8.7ms
[2026-01-16T09:38:06.832+0000][gc,phases   ] GC(968)   Merge Heap Roots: 5.0ms
[2026-01-16T09:38:06.832+0000][gc,phases   ] GC(968)   Evacuate Collection Set: 68.3ms
[2026-01-16T09:38:06.832+0000][gc,phases   ] GC(968)   Post Evacuate Collection Set: 4.8ms
[2026-01-16T09:38:06.832+0000][gc,phases   ] GC(968)   Other: 3.1ms
[2026-01-16T09:38:06.832+0000][gc,heap     ] GC(968) Eden regions: 49->0(83)
[2026-01-16T09:38:06.832+0000][gc,heap     ] GC(968) Survivor regions: 2->1(7)
[2026-01-16T09:38:06.833+0000][gc,heap     ] GC(968) Old regions: 267->267
[2026-01-16T09:38:06.834+0000][gc,heap     ] GC(968) Humongous regions: 112->112
[2026-01-16T09:38:06.834+0000][gc,metaspace] GC(968) Metaspace: 13006K(13440K)->13006K(13440K) NonClass: 11884K(12096K)->11884K(12096K) Class: 1121K(1344K)->1121K(1344K)
[2026-01-16T09:38:06.835+0000][gc          ] GC(968) Pause Young (Normal) (G1 Evacuation Pause) 429M->379M(1024M) 95.306ms
[2026-01-16T09:38:06.836+0000][gc,cpu      ] GC(968) User=0.08s Sys=0.01s Real=0.10s
[2026-01-16T09:38:09.205+0000][gc,start    ] GC(969) Pause Young (Normal) (G1 Evacuation Pause)
[2026-01-16T09:38:09.207+0000][gc,task     ] GC(969) Using 8 workers of 8 for evacuation
[2026-01-16T09:38:09.299+0000][gc,phases   ] GC(969)   Pre Evacuate Collection Set: 12.1ms
[2026-01-16T09:38:09.300+0000][gc,phases   ] GC(969)   Merge Heap Roots: 0.3ms
[2026-01-16T09:38:09.300+0000][gc,phases   ] GC(969)   Evacuate Collection Set: 74.7ms
[2026-01-16T09:38:09.301+0000][gc,phases   ] GC(969)   Post Evacuate Collection Set: 3.6ms
[2026-01-16T09:38:09.301+0000][gc,phases   ] GC(969)   Other: 0.8ms
[2026-01-16T09:38:09.302+0000][gc,heap     ] GC(969) Eden regions: 85->0(93)
[2026-01-16T09:38:09.302+0000][gc,heap     ] GC(969) Survivor regions: 1->2(11)
[2026-01-16T09:38:09.302+0000][gc,heap     ] GC(969) Old regions: 267->267
[2026-01-16T09:38:09.302+0000][gc,heap     ] GC(969) Humongous regions: 112->112
[2026-01-16T09:38:09.303+0000][gc,metaspace] GC(969) Metaspace: 13006K(13440K)->13006K(13440K) NonClass: 11884K(12096K)->11884K(12096K) Class: 1121K(1344K)->1121K(1344K)
[2026-01-16T09:38:09.303+0000][gc          ] GC(969) Pause Young (Normal) (G1 Evacuation Pause) 464M->380M(1024M) 98.202ms
[2026-01-16T09:38:09.303+0000][gc,cpu      ] GC(969) User=0.10s Sys=0.01s Real=0.10s
[2026-01-16T09:38:19.929+0000][gc,start    ] GC(970) Pause Young (Normal) (G1 Evacuation Pause)
[2026-01-16T09:38:19.939+0000][gc,task     ] GC(970) Using 8 workers of 8 for evacuation
[2026-01-16T09:38:20.274+0000][gc,mmu      ] GC(970) MMU target violated: 201.0ms (200.0ms/201.0ms)
[2026-01-16T09:38:20.275+0000][gc,phases   ] GC(970)   Pre Evacuate Collection Set: 20.7ms
[2026-01-16T09:38:20.276+0000][gc,phases   ] GC(970)   Merge Heap Roots: 2.1ms
[2026-01-16T09:38:20.276+0000][gc,phases   ] GC(970)   Evacuate Collection Set: 294.2ms
[2026-01-16T09:38:20.278+0000][gc,phases   ] GC(970)   Post Evacuate Collection Set: 16.8ms
[2026-01-16T09:38:20.279+0000][gc,phases   ] GC(970)   Other: 3.0ms
[2026-01-16T09:38:20.281+0000][gc,heap     ] GC(970) Eden regions: 96->0(49)
[2026-01-16T09:38:20.282+0000][gc,heap     ] GC(970) Survivor regions: 2->2(13)
[2026-01-16T09:38:20.285+0000][gc,heap     ] GC(970) Old regions: 267->267
[2026-01-16T09:38:20.286+0000][gc,heap     ] GC(970) Humongous regions: 112->112
[2026-01-16T09:38:20.286+0000][gc,metaspace] GC(970) Metaspace: 13007K(13440K)->13007K(13440K) NonClass: 11885K(12096K)->11885K(12096K) Class: 1121K(1344K)->1121K(1344K)
[2026-01-16T09:38:20.287+0000][gc          ] GC(970) Pause Young (Normal) (G1 Evacuation Pause) 476M->380M(1024M) 357.596ms
[2026-01-16T09:38:20.287+0000][gc,cpu      ] GC(970) User=0.26s Sys=0.03s Real=0.36s
[2026-01-16T09:38:27.048+0000][gc,start    ] GC(971) Pause Young (Normal) (G1 Evacuation Pause)
[2026-01-16T09:38:27.055+0000][gc,task     ] GC(971) Using 8 workers of 8 for evacuation
[2026-01-16T09:38:27.207+0000][gc,phases   ] GC(971)   Pre Evacuate Collection Set: 39.2ms
[2026-01-16T09:38:27.208+0000][gc,phases   ] GC(971)   Merge Heap Roots: 9.3ms
[2026-01-16T09:38:27.209+0000][gc,phases   ] GC(971)   Evacuate Collection Set: 86.2ms
[2026-01-16T09:38:27.210+0000][gc,phases   ] GC(971)   Post Evacuate Collection Set: 12.2ms
[2026-01-16T09:38:27.210+0000][gc,phases   ] GC(971)   Other: 2.2ms
[2026-01-16T09:38:27.211+0000][gc,heap     ] GC(971) Eden regions: 49->0(70)
[2026-01-16T09:38:27.211+0000][gc,heap     ] GC(971) Survivor regions: 2->1(7)
[2026-01-16T09:38:27.212+0000][gc,heap     ] GC(971) Old regions: 267->267
[2026-01-16T09:38:27.213+0000][gc,heap     ] GC(971) Humongous regions: 112->112
[2026-01-16T09:38:27.214+0000][gc,metaspace] GC(971) Metaspace: 13007K(13440K)->13007K(13440K) NonClass: 11885K(12096K)->11885K(12096K) Class: 1121K(1344K)->1121K(1344K)
[2026-01-16T09:38:27.216+0000][gc          ] GC(971) Pause Young (Normal) (G1 Evacuation Pause) 429M->379M(1024M) 167.509ms
[2026-01-16T09:38:27.221+0000][gc,cpu      ] GC(971) User=0.10s Sys=0.00s Real=0.17s
[2026-01-16T09:38:29.205+0000][gc,start    ] GC(972) Pause Young (Normal) (G1 Evacuation Pause)
[2026-01-16T09:38:29.221+0000][gc,task     ] GC(972) Using 8 workers of 8 for evacuation
[2026-01-16T09:38:29.308+0000][gc,phases   ] GC(972)   Pre Evacuate Collection Set: 15.7ms
[2026-01-16T09:38:29.309+0000][gc,phases   ] GC(972)   Merge Heap Roots: 3.4ms
[2026-01-16T09:38:29.310+0000][gc,phases   ] GC(972)   Evacuate Collection Set: 57.8ms
[2026-01-16T09:38:29.310+0000][gc,phases   ] GC(972)   Post Evacuate Collection Set: 6.1ms
[2026-01-16T09:38:29.310+0000][gc,phases   ] GC(972)   Other: 3.4ms
[2026-01-16T09:38:29.311+0000][gc,heap     ] GC(972) Eden regions: 74->0(69)
[2026-01-16T09:38:29.313+0000][gc,heap     ] GC(972) Survivor regions: 1->2(10)
[2026-01-16T09:38:29.314+0000][gc,heap     ] GC(972) Old regions: 267->267
[2026-01-16T09:38:29.314+0000][gc,heap     ] GC(972) Humongous regions: 112->112
[2026-01-16T09:38:29.315+0000][gc,metaspace] GC(972) Metaspace: 13007K(13440K)->13007K(13440K) NonClass: 11885K(12096K)->11885K(12096K) Class: 1121K(1344K)->1121K(1344K)
[2026-01-16T09:38:29.316+0000][gc          ] GC(972) Pause Young (Normal) (G1 Evacuation Pause) 453M->380M(1024M) 110.879ms
[2026-01-16T09:38:29.317+0000][gc,cpu      ] GC(972) User=0.09s Sys=0.01s Real=0.12s
[2026-01-16T09:38:37.973+0000][gc,start    ] GC(973) Pause Young (Normal) (G1 Evacuation Pause)
[2026-01-16T09:38:37.978+0000][gc,task     ] GC(973) Using 8 workers of 8 for evacuation
[2026-01-16T09:38:38.095+0000][gc,phases   ] GC(973)   Pre Evacuate Collection Set: 28.2ms
[2026-01-16T09:38:38.097+0000][gc,phases   ] GC(973)   Merge Heap Roots: 5.4ms
[2026-01-16T09:38:38.098+0000][gc,phases   ] GC(973)   Evacuate Collection Set: 75.1ms
[2026-01-16T09:38:38.098+0000][gc,phases   ] GC(973)   Post Evacuate Collection Set: 6.2ms
[2026-01-16T09:38:38.098+0000][gc,phases   ] GC(973)   Other: 2.3ms
[2026-01-16T09:38:38.099+0000][gc,heap     ] GC(973) Eden regions: 73->0(112)
[2026-01-16T09:38:38.099+0000][gc,heap     ] GC(973) Survivor regions: 2->2(10)
[2026-01-16T09:38:38.099+0000][gc,heap     ] GC(973) Old regions: 267->267
[2026-01-16T09:38:38.102+0000][gc,heap     ] GC(973) Humongous regions: 112->112
[2026-01-16T09:38:38.102+0000][gc,metaspace] GC(973) Metaspace: 13007K(13440K)->13007K(13440K) NonClass: 11885K(12096K)->11885K(12096K) Class: 1121K(1344K)->1121K(1344K)
[2026-01-16T09:38:38.104+0000][gc          ] GC(973) Pause Young (Normal) (G1 Evacuation Pause) 453M->380M(1024M) 131.513ms
[2026-01-16T09:38:38.106+0000][gc,cpu      ] GC(973) User=0.10s Sys=0.00s Real=0.14s
[2026-01-16T09:38:49.207+0000][gc,start    ] GC(974) Pause Young (Normal) (G1 Evacuation Pause)
[2026-01-16T09:38:49.213+0000][gc,task     ] GC(974) Using 8 workers of 8 for evacuation
[2026-01-16T09:38:49.458+0000][gc,mmu      ] GC(974) MMU target violated: 201.0ms (200.0ms/201.0ms)
[2026-01-16T09:38:49.458+0000][gc,phases   ] GC(974)   Pre Evacuate Collection Set: 16.0ms
[2026-01-16T09:38:49.458+0000][gc,phases   ] GC(974)   Merge Heap Roots: 3.6ms
[2026-01-16T09:38:49.459+0000][gc,phases   ] GC(974)   Evacuate Collection Set: 202.6ms
[2026-01-16T09:38:49.459+0000][gc,phases   ] GC(974)   Post Evacuate Collection Set: 20.8ms
[2026-01-16T09:38:49.460+0000][gc,phases   ] GC(974)   Other: 2.1ms
[2026-01-16T09:38:49.461+0000][gc,heap     ] GC(974) Eden regions: 114->0(91)
[2026-01-16T09:38:49.463+0000][gc,heap     ] GC(974) Survivor regions: 2->2(15)
[2026-01-16T09:38:49.464+0000][gc,heap     ] GC(974) Old regions: 267->267
[2026-01-16T09:38:49.466+0000][gc,heap     ] GC(974) Humongous regions: 112->112
[2026-01-16T09:38:49.467+0000][gc,metaspace] GC(974) Metaspace: 13008K(13440K)->13008K(13440K) NonClass: 11886K(12096K)->11886K(12096K) Class: 1121K(1344K)->1121K(1344K)
[2026-01-16T09:38:49.467+0000][gc          ] GC(974) Pause Young (Normal) (G1 Evacuation Pause) 494M->380M(1024M) 259.765ms
[2026-01-16T09:38:49.469+0000][gc,cpu      ] GC(974) User=0.19s Sys=0.03s Real=0.26s
[2026-01-16T09:38:58.645+0000][gc,start    ] GC(975) Pause Young (Normal) (G1 Evacuation Pause)
[2026-01-16T09:38:58.664+0000][gc,task     ] GC(975) Using 8 workers of 8 for evacuation
[2026-01-16T09:38:58.928+0000][gc,mmu      ] GC(975) MMU target violated: 201.0ms (200.0ms/201.0ms)
[2026-01-16T09:38:58.931+0000][gc,phases   ] GC(975)   Pre Evacuate Collection Set: 21.7ms
[2026-01-16T09:38:58.931+0000][gc,phases   ] GC(975)   Merge Heap Roots: 0.8ms
[2026-01-16T09:38:58.931+0000][gc,phases   ] GC(975)   Evacuate Collection Set: 183.0ms
[2026-01-16T09:38:58.932+0000][gc,phases   ] GC(975)   Post Evacuate Collection Set: 51.4ms
[2026-01-16T09:38:58.932+0000][gc,phases   ] GC(975)   Other: 10.6ms
[2026-01-16T09:38:58.932+0000][gc,heap     ] GC(975) Eden regions: 92->0(82)
[2026-01-16T09:38:58.933+0000][gc,heap     ] GC(975) Survivor regions: 2->1(12)
[2026-01-16T09:38:58.936+0000][gc,heap     ] GC(975) Old regions: 267->267
[2026-01-16T09:38:58.941+0000][gc,heap     ] GC(975) Humongous regions: 112->112
[2026-01-16T09:38:58.941+0000][gc,metaspace] GC(975) Metaspace: 13008K(13440K)->13008K(13440K) NonClass: 11886K(12096K)->11886K(12096K) Class: 1121K(1344K)->1121K(1344K)
[2026-01-16T09:38:58.942+0000][gc          ] GC(975) Pause Young (Normal) (G1 Evacuation Pause) 472M->379M(1024M) 296.668ms
[2026-01-16T09:38:58.942+0000][gc,cpu      ] GC(975) User=0.13s Sys=0.03s Real=0.29s
[2026-01-16T09:39:06.498+0000][gc,start    ] GC(976) Pause Young (Normal) (G1 Evacuation Pause)
[2026-01-16T09:39:06.500+0000][gc,task     ] GC(976) Using 8 workers of 8 for evacuation
[2026-01-16T09:39:06.674+0000][gc,phases   ] GC(976)   Pre Evacuate Collection Set: 15.6ms
[2026-01-16T09:39:06.675+0000][gc,phases   ] GC(976)   Merge Heap Roots: 4.5ms
[2026-01-16T09:39:06.675+0000][gc,phases   ] GC(976)   Evacuate Collection Set: 132.7ms
[2026-01-16T09:39:06.675+0000][gc,phases   ] GC(976)   Post Evacuate Collection Set: 20.6ms
[2026-01-16T09:39:06.675+0000][gc,phases   ] GC(976)   Other: 1.5ms
[2026-01-16T09:39:06.676+0000][gc,heap     ] GC(976) Eden regions: 84->0(128)
[2026-01-16T09:39:06.676+0000][gc,heap     ] GC(976) Survivor regions: 1->1(11)
[2026-01-16T09:39:06.676+0000][gc,heap     ] GC(976) Old regions: 267->267
[2026-01-16T09:39:06.677+0000][gc,heap     ] GC(976) Humongous regions: 112->112
[2026-01-16T09:39:06.677+0000][gc,metaspace] GC(976) Metaspace: 13008K(13440K)->13008K(13440K) NonClass: 11886K(12096K)->11886K(12096K) Class: 1121K(1344K)->1121K(1344K)
[2026-01-16T09:39:06.678+0000][gc          ] GC(976) Pause Young (Normal) (G1 Evacuation Pause) 463M->379M(1024M) 179.523ms
[2026-01-16T09:39:06.678+0000][gc,cpu      ] GC(976) User=0.10s Sys=0.01s Real=0.18s
[2026-01-16T09:39:10.149+0000][gc,start    ] GC(977) Pause Young (Normal) (G1 Evacuation Pause)
[2026-01-16T09:39:10.151+0000][gc,task     ] GC(977) Using 8 workers of 8 for evacuation
[2026-01-16T09:39:10.214+0000][gc,phases   ] GC(977)   Pre Evacuate Collection Set: 7.0ms
[2026-01-16T09:39:10.214+0000][gc,phases   ] GC(977)   Merge Heap Roots: 2.2ms
[2026-01-16T09:39:10.214+0000][gc,phases   ] GC(977)   Evacuate Collection Set: 47.2ms
[2026-01-16T09:39:10.214+0000][gc,phases   ] GC(977)   Post Evacuate Collection Set: 5.3ms
[2026-01-16T09:39:10.214+0000][gc,phases   ] GC(977)   Other: 1.1ms
[2026-01-16T09:39:10.215+0000][gc,heap     ] GC(977) Eden regions: 104->0(248)
[2026-01-16T09:39:10.215+0000][gc,heap     ] GC(977) Survivor regions: 1->1(14)
[2026-01-16T09:39:10.215+0000][gc,heap     ] GC(977) Old regions: 267->268
[2026-01-16T09:39:10.216+0000][gc,heap     ] GC(977) Humongous regions: 112->112
[2026-01-16T09:39:10.217+0000][gc,metaspace] GC(977) Metaspace: 13008K(13440K)->13008K(13440K) NonClass: 11886K(12096K)->11886K(12096K) Class: 1121K(1344K)->1121K(1344K)
[2026-01-16T09:39:10.218+0000][gc          ] GC(977) Pause Young (Normal) (G1 Evacuation Pause) 483M->379M(1024M) 68.299ms
[2026-01-16T09:39:10.219+0000][gc,cpu      ] GC(977) User=0.09s Sys=0.00s Real=0.07s
[2026-01-16T09:39:33.734+0000][gc,start    ] GC(978) Pause Young (Normal) (G1 Evacuation Pause)
[2026-01-16T09:39:33.736+0000][gc,task     ] GC(978) Using 8 workers of 8 for evacuation
[2026-01-16T09:39:33.849+0000][gc,phases   ] GC(978)   Pre Evacuate Collection Set: 27.9ms
[2026-01-16T09:39:33.850+0000][gc,phases   ] GC(978)   Merge Heap Roots: 6.9ms
[2026-01-16T09:39:33.852+0000][gc,phases   ] GC(978)   Evacuate Collection Set: 44.0ms
[2026-01-16T09:39:33.854+0000][gc,phases   ] GC(978)   Post Evacuate Collection Set: 33.9ms
[2026-01-16T09:39:33.856+0000][gc,phases   ] GC(978)   Other: 1.3ms
[2026-01-16T09:39:33.857+0000][gc,heap     ] GC(978) Eden regions: 228->0(322)
[2026-01-16T09:39:33.857+0000][gc,heap     ] GC(978) Survivor regions: 1->1(29)
[2026-01-16T09:39:33.859+0000][gc,heap     ] GC(978) Old regions: 268->268
[2026-01-16T09:39:33.863+0000][gc,heap     ] GC(978) Humongous regions: 112->112
[2026-01-16T09:39:33.863+0000][gc,metaspace] GC(978) Metaspace: 13008K(13440K)->13008K(13440K) NonClass: 11886K(12096K)->11886K(12096K) Class: 1121K(1344K)->1121K(1344K)
[2026-01-16T09:39:33.864+0000][gc          ] GC(978) Pause Young (Normal) (G1 Evacuation Pause) 607M->379M(1024M) 129.360ms
[2026-01-16T09:39:33.865+0000][gc,cpu      ] GC(978) User=0.14s Sys=0.01s Real=0.13s
[2026-01-16T09:40:08.341+0000][gc,start    ] GC(979) Pause Young (Normal) (G1 Evacuation Pause)
[2026-01-16T09:40:08.344+0000][gc,task     ] GC(979) Using 8 workers of 8 for evacuation
[2026-01-16T09:40:08.718+0000][gc,mmu      ] GC(979) MMU target violated: 201.0ms (200.0ms/201.0ms)
[2026-01-16T09:40:08.720+0000][gc,phases   ] GC(979)   Pre Evacuate Collection Set: 77.1ms
[2026-01-16T09:40:08.721+0000][gc,phases   ] GC(979)   Merge Heap Roots: 11.6ms
[2026-01-16T09:40:08.722+0000][gc,phases   ] GC(979)   Evacuate Collection Set: 239.2ms
[2026-01-16T09:40:08.722+0000][gc,phases   ] GC(979)   Post Evacuate Collection Set: 40.4ms
[2026-01-16T09:40:08.722+0000][gc,phases   ] GC(979)   Other: 7.9ms
[2026-01-16T09:40:08.723+0000][gc,heap     ] GC(979) Eden regions: 308->0(53)
[2026-01-16T09:40:08.723+0000][gc,heap     ] GC(979) Survivor regions: 1->2(39)
[2026-01-16T09:40:08.726+0000][gc,heap     ] GC(979) Old regions: 268->268
[2026-01-16T09:40:08.727+0000][gc,heap     ] GC(979) Humongous regions: 112->112
[2026-01-16T09:40:08.727+0000][gc,metaspace] GC(979) Metaspace: 13009K(13440K)->13009K(13440K) NonClass: 11887K(12096K)->11887K(12096K) Class: 1121K(1344K)->1121K(1344K)
[2026-01-16T09:40:08.728+0000][gc          ] GC(979) Pause Young (Normal) (G1 Evacuation Pause) 687M->380M(1024M) 387.137ms
[2026-01-16T09:40:08.728+0000][gc,cpu      ] GC(979) User=0.38s Sys=0.03s Real=0.39s
[2026-01-16T09:40:11.696+0000][gc,start    ] GC(980) Pause Young (Normal) (G1 Evacuation Pause)
[2026-01-16T09:40:11.703+0000][gc,task     ] GC(980) Using 8 workers of 8 for evacuation
[2026-01-16T09:40:11.964+0000][gc,mmu      ] GC(980) MMU target violated: 201.0ms (200.0ms/201.0ms)
[2026-01-16T09:40:11.964+0000][gc,phases   ] GC(980)   Pre Evacuate Collection Set: 37.2ms
[2026-01-16T09:40:11.965+0000][gc,phases   ] GC(980)   Merge Heap Roots: 3.5ms
[2026-01-16T09:40:11.966+0000][gc,phases   ] GC(980)   Evacuate Collection Set: 178.4ms
[2026-01-16T09:40:11.966+0000][gc,phases   ] GC(980)   Post Evacuate Collection Set: 36.5ms
[2026-01-16T09:40:11.967+0000][gc,phases   ] GC(980)   Other: 4.9ms
[2026-01-16T09:40:11.967+0000][gc,heap     ] GC(980) Eden regions: 59->0(49)
[2026-01-16T09:40:11.968+0000][gc,heap     ] GC(980) Survivor regions: 2->2(8)
[2026-01-16T09:40:11.969+0000][gc,heap     ] GC(980) Old regions: 268->268
[2026-01-16T09:40:11.969+0000][gc,heap     ] GC(980) Humongous regions: 112->112
[2026-01-16T09:40:11.969+0000][gc,metaspace] GC(980) Metaspace: 13009K(13440K)->13009K(13440K) NonClass: 11887K(12096K)->11887K(12096K) Class: 1121K(1344K)->1121K(1344K)
[2026-01-16T09:40:11.969+0000][gc          ] GC(980) Pause Young (Normal) (G1 Evacuation Pause) 439M->381M(1024M) 273.293ms
[2026-01-16T09:40:11.970+0000][gc,cpu      ] GC(980) User=0.17s Sys=0.01s Real=0.28s
[2026-01-16T09:40:12.934+0000][gc,start    ] GC(981) Pause Young (Normal) (G1 Evacuation Pause)
[2026-01-16T09:40:12.936+0000][gc,task     ] GC(981) Using 8 workers of 8 for evacuation
[2026-01-16T09:40:13.035+0000][gc,phases   ] GC(981)   Pre Evacuate Collection Set: 12.1ms
[2026-01-16T09:40:13.036+0000][gc,phases   ] GC(981)   Merge Heap Roots: 0.7ms
[2026-01-16T09:40:13.037+0000][gc,phases   ] GC(981)   Evacuate Collection Set: 79.7ms
[2026-01-16T09:40:13.040+0000][gc,phases   ] GC(981)   Post Evacuate Collection Set: 5.5ms
[2026-01-16T09:40:13.040+0000][gc,phases   ] GC(981)   Other: 1.5ms
[2026-01-16T09:40:13.040+0000][gc,heap     ] GC(981) Eden regions: 49->0(69)
[2026-01-16T09:40:13.040+0000][gc,heap     ] GC(981) Survivor regions: 2->2(7)
[2026-01-16T09:40:13.040+0000][gc,heap     ] GC(981) Old regions: 268->268
[2026-01-16T09:40:13.041+0000][gc,heap     ] GC(981) Humongous regions: 112->112
[2026-01-16T09:40:13.042+0000][gc,metaspace] GC(981) Metaspace: 13011K(13440K)->13011K(13440K) NonClass: 11889K(12096K)->11889K(12096K) Class: 1121K(1344K)->1121K(1344K)
[2026-01-16T09:40:13.042+0000][gc          ] GC(981) Pause Young (Normal) (G1 Evacuation Pause) 430M->380M(1024M) 108.638ms
[2026-01-16T09:40:13.042+0000][gc,cpu      ] GC(981) User=0.03s Sys=0.01s Real=0.11s
[2026-01-16T09:40:19.049+0000][gc,start    ] GC(982) Pause Young (Normal) (G1 Evacuation Pause)
[2026-01-16T09:40:19.050+0000][gc,task     ] GC(982) Using 8 workers of 8 for evacuation
[2026-01-16T09:40:19.171+0000][gc,phases   ] GC(982)   Pre Evacuate Collection Set: 24.8ms
[2026-01-16T09:40:19.172+0000][gc,phases   ] GC(982)   Merge Heap Roots: 1.0ms
[2026-01-16T09:40:19.173+0000][gc,phases   ] GC(982)   Evacuate Collection Set: 74.3ms
[2026-01-16T09:40:19.174+0000][gc,phases   ] GC(982)   Post Evacuate Collection Set: 16.2ms
[2026-01-16T09:40:19.175+0000][gc,phases   ] GC(982)   Other: 4.7ms
[2026-01-16T09:40:19.175+0000][gc,heap     ] GC(982) Eden regions: 109->0(149)
[2026-01-16T09:40:19.176+0000][gc,heap     ] GC(982) Survivor regions: 2->2(14)
[2026-01-16T09:40:19.176+0000][gc,heap     ] GC(982) Old regions: 268->268
[2026-01-16T09:40:19.176+0000][gc,heap     ] GC(982) Humongous regions: 112->112
[2026-01-16T09:40:19.177+0000][gc,metaspace] GC(982) Metaspace: 13011K(13440K)->13011K(13440K) NonClass: 11889K(12096K)->11889K(12096K) Class: 1121K(1344K)->1121K(1344K)
[2026-01-16T09:40:19.180+0000][gc          ] GC(982) Pause Young (Normal) (G1 Evacuation Pause) 489M->380M(1024M) 130.825ms
[2026-01-16T09:40:19.181+0000][gc,cpu      ] GC(982) User=0.13s Sys=0.02s Real=0.13s
[2026-01-16T09:40:37.316+0000][gc,start    ] GC(983) Pause Young (Normal) (G1 Evacuation Pause)
[2026-01-16T09:40:37.316+0000][gc,task     ] GC(983) Using 8 workers of 8 for evacuation
[2026-01-16T09:40:37.526+0000][gc,mmu      ] GC(983) MMU target violated: 201.0ms (200.0ms/201.0ms)
[2026-01-16T09:40:37.528+0000][gc,phases   ] GC(983)   Pre Evacuate Collection Set: 24.4ms
[2026-01-16T09:40:37.530+0000][gc,phases   ] GC(983)   Merge Heap Roots: 3.6ms
[2026-01-16T09:40:37.530+0000][gc,phases   ] GC(983)   Evacuate Collection Set: 151.0ms
[2026-01-16T09:40:37.533+0000][gc,phases   ] GC(983)   Post Evacuate Collection Set: 27.5ms
[2026-01-16T09:40:37.534+0000][gc,phases   ] GC(983)   Other: 4.9ms
[2026-01-16T09:40:37.534+0000][gc,heap     ] GC(983) Eden regions: 192->0(216)
[2026-01-16T09:40:37.534+0000][gc,heap     ] GC(983) Survivor regions: 2->1(25)
[2026-01-16T09:40:37.535+0000][gc,heap     ] GC(983) Old regions: 268->268
[2026-01-16T09:40:37.535+0000][gc,heap     ] GC(983) Humongous regions: 112->112
[2026-01-16T09:40:37.536+0000][gc,metaspace] GC(983) Metaspace: 13020K(13440K)->13020K(13440K) NonClass: 11898K(12096K)->11898K(12096K) Class: 1121K(1344K)->1121K(1344K)
[2026-01-16T09:40:37.537+0000][gc          ] GC(983) Pause Young (Normal) (G1 Evacuation Pause) 572M->379M(1024M) 221.281ms
[2026-01-16T09:40:37.539+0000][gc,cpu      ] GC(983) User=0.16s Sys=0.02s Real=0.22s
[2026-01-16T09:40:58.249+0000][gc,start    ] GC(984) Pause Young (Normal) (G1 Evacuation Pause)
[2026-01-16T09:40:58.251+0000][gc,task     ] GC(984) Using 8 workers of 8 for evacuation
[2026-01-16T09:40:58.576+0000][gc,mmu      ] GC(984) MMU target violated: 201.0ms (200.0ms/201.0ms)
[2026-01-16T09:40:58.577+0000][gc,phases   ] GC(984)   Pre Evacuate Collection Set: 19.1ms
[2026-01-16T09:40:58.577+0000][gc,phases   ] GC(984)   Merge Heap Roots: 4.4ms
[2026-01-16T09:40:58.577+0000][gc,phases   ] GC(984)   Evacuate Collection Set: 246.8ms
[2026-01-16T09:40:58.577+0000][gc,phases   ] GC(984)   Post Evacuate Collection Set: 49.2ms
[2026-01-16T09:40:58.577+0000][gc,phases   ] GC(984)   Other: 6.2ms
[2026-01-16T09:40:58.578+0000][gc,heap     ] GC(984) Eden regions: 238->0(230)
[2026-01-16T09:40:58.578+0000][gc,heap     ] GC(984) Survivor regions: 1->1(30)
[2026-01-16T09:40:58.578+0000][gc,heap     ] GC(984) Old regions: 268->268
[2026-01-16T09:40:58.578+0000][gc,heap     ] GC(984) Humongous regions: 112->112
[2026-01-16T09:40:58.578+0000][gc,metaspace] GC(984) Metaspace: 13090K(13504K)->13090K(13504K) NonClass: 11968K(12160K)->11968K(12160K) Class: 1121K(1344K)->1121K(1344K)
[2026-01-16T09:40:58.579+0000][gc          ] GC(984) Pause Young (Normal) (G1 Evacuation Pause) 617M->379M(1024M) 329.482ms
[2026-01-16T09:40:58.579+0000][gc,cpu      ] GC(984) User=0.49s Sys=0.05s Real=0.33s
[2026-01-16T09:41:18.133+0000][gc,start    ] GC(985) Pause Young (Normal) (G1 Evacuation Pause)
[2026-01-16T09:41:18.143+0000][gc,task     ] GC(985) Using 8 workers of 8 for evacuation
[2026-01-16T09:41:18.251+0000][gc,phases   ] GC(985)   Pre Evacuate Collection Set: 13.6ms
[2026-01-16T09:41:18.251+0000][gc,phases   ] GC(985)   Merge Heap Roots: 4.5ms
[2026-01-16T09:41:18.251+0000][gc,phases   ] GC(985)   Evacuate Collection Set: 76.6ms
[2026-01-16T09:41:18.252+0000][gc,phases   ] GC(985)   Post Evacuate Collection Set: 11.4ms
[2026-01-16T09:41:18.252+0000][gc,phases   ] GC(985)   Other: 7.4ms
[2026-01-16T09:41:18.252+0000][gc,heap     ] GC(985) Eden regions: 253->0(285)
[2026-01-16T09:41:18.253+0000][gc,heap     ] GC(985) Survivor regions: 1->2(32)
[2026-01-16T09:41:18.253+0000][gc,heap     ] GC(985) Old regions: 268->268
[2026-01-16T09:41:18.254+0000][gc,heap     ] GC(985) Humongous regions: 112->112
[2026-01-16T09:41:18.254+0000][gc,metaspace] GC(985) Metaspace: 13096K(13504K)->13096K(13504K) NonClass: 11974K(12160K)->11974K(12160K) Class: 1121K(1344K)->1121K(1344K)
[2026-01-16T09:41:18.254+0000][gc          ] GC(985) Pause Young (Normal) (G1 Evacuation Pause) 632M->380M(1024M) 121.192ms
[2026-01-16T09:41:18.255+0000][gc,cpu      ] GC(985) User=0.19s Sys=0.02s Real=0.13s
[2026-01-16T09:41:47.172+0000][gc,start    ] GC(986) Pause Young (Normal) (G1 Evacuation Pause)
[2026-01-16T09:41:47.179+0000][gc,task     ] GC(986) Using 8 workers of 8 for evacuation
[2026-01-16T09:41:47.352+0000][gc,phases   ] GC(986)   Pre Evacuate Collection Set: 16.8ms
[2026-01-16T09:41:47.364+0000][gc,phases   ] GC(986)   Merge Heap Roots: 1.7ms
[2026-01-16T09:41:47.365+0000][gc,phases   ] GC(986)   Evacuate Collection Set: 133.8ms
[2026-01-16T09:41:47.365+0000][gc,phases   ] GC(986)   Post Evacuate Collection Set: 17.7ms
[2026-01-16T09:41:47.366+0000][gc,phases   ] GC(986)   Other: 3.2ms
[2026-01-16T09:41:47.367+0000][gc,heap     ] GC(986) Eden regions: 299->0(411)
[2026-01-16T09:41:47.367+0000][gc,heap     ] GC(986) Survivor regions: 2->1(38)
[2026-01-16T09:41:47.367+0000][gc,heap     ] GC(986) Old regions: 268->268
[2026-01-16T09:41:47.367+0000][gc,heap     ] GC(986) Humongous regions: 112->112
[2026-01-16T09:41:47.368+0000][gc,metaspace] GC(986) Metaspace: 13103K(13504K)->13103K(13504K) NonClass: 11982K(12160K)->11982K(12160K) Class: 1121K(1344K)->1121K(1344K)
[2026-01-16T09:41:47.369+0000][gc          ] GC(986) Pause Young (Normal) (G1 Evacuation Pause) 679M->379M(1024M) 196.994ms
[2026-01-16T09:41:47.371+0000][gc,cpu      ] GC(986) User=0.10s Sys=0.01s Real=0.21s
[2026-01-16T09:42:18.332+0000][gc,start    ] GC(987) Pause Young (Normal) (G1 Evacuation Pause)
[2026-01-16T09:42:18.333+0000][gc,task     ] GC(987) Using 8 workers of 8 for evacuation
[2026-01-16T09:42:18.368+0000][gc,phases   ] GC(987)   Pre Evacuate Collection Set: 3.2ms
[2026-01-16T09:42:18.369+0000][gc,phases   ] GC(987)   Merge Heap Roots: 1.0ms
[2026-01-16T09:42:18.369+0000][gc,phases   ] GC(987)   Evacuate Collection Set: 19.7ms
[2026-01-16T09:42:18.369+0000][gc,phases   ] GC(987)   Post Evacuate Collection Set: 11.0ms
[2026-01-16T09:42:18.369+0000][gc,phases   ] GC(987)   Other: 0.5ms
[2026-01-16T09:42:18.369+0000][gc,heap     ] GC(987) Eden regions: 382->0(569)
[2026-01-16T09:42:18.369+0000][gc,heap     ] GC(987) Survivor regions: 1->2(48)
[2026-01-16T09:42:18.369+0000][gc,heap     ] GC(987) Old regions: 268->268
[2026-01-16T09:42:18.369+0000][gc,heap     ] GC(987) Humongous regions: 112->112
[2026-01-16T09:42:18.369+0000][gc,metaspace] GC(987) Metaspace: 13103K(13504K)->13103K(13504K) NonClass: 11982K(12160K)->11982K(12160K) Class: 1121K(1344K)->1121K(1344K)
[2026-01-16T09:42:18.369+0000][gc          ] GC(987) Pause Young (Normal) (G1 Evacuation Pause) 761M->380M(1024M) 37.032ms
[2026-01-16T09:42:18.369+0000][gc,cpu      ] GC(987) User=0.16s Sys=0.01s Real=0.03s
[2026-01-16T09:43:11.577+0000][gc,start    ] GC(988) Pause Young (Normal) (G1 Evacuation Pause)
[2026-01-16T09:43:11.580+0000][gc,task     ] GC(988) Using 8 workers of 8 for evacuation
[2026-01-16T09:43:11.701+0000][gc,phases   ] GC(988)   Pre Evacuate Collection Set: 45.5ms
[2026-01-16T09:43:11.703+0000][gc,phases   ] GC(988)   Merge Heap Roots: 1.5ms
[2026-01-16T09:43:11.705+0000][gc,phases   ] GC(988)   Evacuate Collection Set: 58.2ms
[2026-01-16T09:43:11.708+0000][gc,phases   ] GC(988)   Post Evacuate Collection Set: 13.1ms
[2026-01-16T09:43:11.709+0000][gc,phases   ] GC(988)   Other: 3.3ms
[2026-01-16T09:43:11.709+0000][gc,heap     ] GC(988) Eden regions: 588->0(588)
[2026-01-16T09:43:11.710+0000][gc,heap     ] GC(988) Survivor regions: 2->2(54)
[2026-01-16T09:43:11.710+0000][gc,heap     ] GC(988) Old regions: 268->268
[2026-01-16T09:43:11.710+0000][gc,heap     ] GC(988) Humongous regions: 112->112
[2026-01-16T09:43:11.711+0000][gc,metaspace] GC(988) Metaspace: 13103K(13504K)->13103K(13504K) NonClass: 11982K(12160K)->11982K(12160K) Class: 1121K(1344K)->1121K(1344K)
[2026-01-16T09:43:11.711+0000][gc          ] GC(988) Pause Young (Normal) (G1 Evacuation Pause) 968M->380M(1024M) 134.323ms
[2026-01-16T09:43:11.712+0000][gc,cpu      ] GC(988) User=0.24s Sys=0.02s Real=0.13s
[2026-01-16T09:44:00.348+0000][gc,start    ] GC(989) Pause Young (Normal) (G1 Evacuation Pause)
[2026-01-16T09:44:00.350+0000][gc,task     ] GC(989) Using 8 workers of 8 for evacuation
[2026-01-16T09:44:00.464+0000][gc,phases   ] GC(989)   Pre Evacuate Collection Set: 15.5ms
[2026-01-16T09:44:00.465+0000][gc,phases   ] GC(989)   Merge Heap Roots: 1.7ms
[2026-01-16T09:44:00.465+0000][gc,phases   ] GC(989)   Evacuate Collection Set: 81.8ms
[2026-01-16T09:44:00.465+0000][gc,phases   ] GC(989)   Post Evacuate Collection Set: 14.2ms
[2026-01-16T09:44:00.466+0000][gc,phases   ] GC(989)   Other: 1.3ms
[2026-01-16T09:44:00.466+0000][gc,heap     ] GC(989) Eden regions: 588->0(588)
[2026-01-16T09:44:00.466+0000][gc,heap     ] GC(989) Survivor regions: 2->2(54)
[2026-01-16T09:44:00.467+0000][gc,heap     ] GC(989) Old regions: 268->268
[2026-01-16T09:44:00.467+0000][gc,heap     ] GC(989) Humongous regions: 112->112
[2026-01-16T09:44:00.467+0000][gc,metaspace] GC(989) Metaspace: 13103K(13504K)->13103K(13504K) NonClass: 11982K(12160K)->11982K(12160K) Class: 1121K(1344K)->1121K(1344K)
[2026-01-16T09:44:00.468+0000][gc          ] GC(989) Pause Young (Normal) (G1 Evacuation Pause) 968M->380M(1024M) 119.450ms
[2026-01-16T09:44:00.468+0000][gc,cpu      ] GC(989) User=0.22s Sys=0.02s Real=0.12s
[2026-01-16T09:44:56.794+0000][gc,start    ] GC(990) Pause Young (Normal) (G1 Evacuation Pause)
[2026-01-16T09:44:56.827+0000][gc,task     ] GC(990) Using 8 workers of 8 for evacuation
[2026-01-16T09:44:57.394+0000][gc,mmu      ] GC(990) MMU target violated: 201.0ms (200.0ms/201.0ms)
[2026-01-16T09:44:57.396+0000][gc,phases   ] GC(990)   Pre Evacuate Collection Set: 139.1ms
[2026-01-16T09:44:57.398+0000][gc,phases   ] GC(990)   Merge Heap Roots: 29.1ms
[2026-01-16T09:44:57.400+0000][gc,phases   ] GC(990)   Evacuate Collection Set: 300.1ms
[2026-01-16T09:44:57.402+0000][gc,phases   ] GC(990)   Post Evacuate Collection Set: 83.0ms
[2026-01-16T09:44:57.405+0000][gc,phases   ] GC(990)   Other: 17.6ms
[2026-01-16T09:44:57.409+0000][gc,heap     ] GC(990) Eden regions: 588->0(50)
[2026-01-16T09:44:57.412+0000][gc,heap     ] GC(990) Survivor regions: 2->1(54)
[2026-01-16T09:44:57.413+0000][gc,heap     ] GC(990) Old regions: 268->268
[2026-01-16T09:44:57.413+0000][gc,heap     ] GC(990) Humongous regions: 112->112
[2026-01-16T09:44:57.415+0000][gc,metaspace] GC(990) Metaspace: 13104K(13504K)->13104K(13504K) NonClass: 11983K(12160K)->11983K(12160K) Class: 1121K(1344K)->1121K(1344K)
[2026-01-16T09:44:57.419+0000][gc          ] GC(990) Pause Young (Normal) (G1 Evacuation Pause) 968M->379M(1024M) 624.090ms
[2026-01-16T09:44:57.423+0000][gc,cpu      ] GC(990) User=0.31s Sys=0.05s Real=0.63s
[2026-01-16T09:44:59.943+0000][gc,start    ] GC(991) Pause Young (Normal) (G1 Evacuation Pause)
[2026-01-16T09:44:59.944+0000][gc,task     ] GC(991) Using 8 workers of 8 for evacuation
[2026-01-16T09:45:00.047+0000][gc,phases   ] GC(991)   Pre Evacuate Collection Set: 7.7ms
[2026-01-16T09:45:00.048+0000][gc,phases   ] GC(991)   Merge Heap Roots: 0.4ms
[2026-01-16T09:45:00.048+0000][gc,phases   ] GC(991)   Evacuate Collection Set: 90.9ms
[2026-01-16T09:45:00.048+0000][gc,phases   ] GC(991)   Post Evacuate Collection Set: 3.8ms
[2026-01-16T09:45:00.048+0000][gc,phases   ] GC(991)   Other: 0.7ms
[2026-01-16T09:45:00.048+0000][gc,heap     ] GC(991) Eden regions: 50->0(49)
[2026-01-16T09:45:00.048+0000][gc,heap     ] GC(991) Survivor regions: 1->2(7)
[2026-01-16T09:45:00.049+0000][gc,heap     ] GC(991) Old regions: 268->268
[2026-01-16T09:45:00.049+0000][gc,heap     ] GC(991) Humongous regions: 112->112
[2026-01-16T09:45:00.049+0000][gc,metaspace] GC(991) Metaspace: 13104K(13504K)->13104K(13504K) NonClass: 11983K(12160K)->11983K(12160K) Class: 1121K(1344K)->1121K(1344K)
[2026-01-16T09:45:00.049+0000][gc          ] GC(991) Pause Young (Normal) (G1 Evacuation Pause) 429M->380M(1024M) 106.332ms
[2026-01-16T09:45:00.050+0000][gc,cpu      ] GC(991) User=0.09s Sys=0.01s Real=0.11s
[2026-01-16T09:45:00.870+0000][gc,start    ] GC(992) Pause Young (Normal) (G1 Evacuation Pause)
[2026-01-16T09:45:00.871+0000][gc,task     ] GC(992) Using 8 workers of 8 for evacuation
[2026-01-16T09:45:00.891+0000][gc,phases   ] GC(992)   Pre Evacuate Collection Set: 0.4ms
[2026-01-16T09:45:00.891+0000][gc,phases   ] GC(992)   Merge Heap Roots: 0.3ms
[2026-01-16T09:45:00.891+0000][gc,phases   ] GC(992)   Evacuate Collection Set: 18.6ms
[2026-01-16T09:45:00.891+0000][gc,phases   ] GC(992)   Post Evacuate Collection Set: 0.4ms
[2026-01-16T09:45:00.891+0000][gc,phases   ] GC(992)   Other: 0.2ms
[2026-01-16T09:45:00.892+0000][gc,heap     ] GC(992) Eden regions: 49->0(49)
[2026-01-16T09:45:00.892+0000][gc,heap     ] GC(992) Survivor regions: 2->2(7)
[2026-01-16T09:45:00.892+0000][gc,heap     ] GC(992) Old regions: 268->268
[2026-01-16T09:45:00.892+0000][gc,heap     ] GC(992) Humongous regions: 112->112
[2026-01-16T09:45:00.896+0000][gc,metaspace] GC(992) Metaspace: 13104K(13504K)->13104K(13504K) NonClass: 11983K(12160K)->11983K(12160K) Class: 1121K(1344K)->1121K(1344K)
[2026-01-16T09:45:00.897+0000][gc          ] GC(992) Pause Young (Normal) (G1 Evacuation Pause) 429M->380M(1024M) 26.095ms
[2026-01-16T09:45:00.897+0000][gc,cpu      ] GC(992) User=0.02s Sys=0.00s Real=0.02s
[2026-01-16T09:45:08.482+0000][gc,start    ] GC(993) Pause Young (Normal) (G1 Evacuation Pause)
[2026-01-16T09:45:08.485+0000][gc,task     ] GC(993) Using 8 workers of 8 for evacuation
[2026-01-16T09:45:08.603+0000][gc,phases   ] GC(993)   Pre Evacuate Collection Set: 17.5ms
[2026-01-16T09:45:08.604+0000][gc,phases   ] GC(993)   Merge Heap Roots: 6.0ms
[2026-01-16T09:45:08.604+0000][gc,phases   ] GC(993)   Evacuate Collection Set: 86.9ms
[2026-01-16T09:45:08.604+0000][gc,phases   ] GC(993)   Post Evacuate Collection Set: 6.8ms
[2026-01-16T09:45:08.605+0000][gc,phases   ] GC(993)   Other: 0.8ms
[2026-01-16T09:45:08.606+0000][gc,heap     ] GC(993) Eden regions: 50->0(168)
[2026-01-16T09:45:08.608+0000][gc,heap     ] GC(993) Survivor regions: 2->1(7)
[2026-01-16T09:45:08.608+0000][gc,heap     ] GC(993) Old regions: 268->268
[2026-01-16T09:45:08.609+0000][gc,heap     ] GC(993) Humongous regions: 112->112
[2026-01-16T09:45:08.610+0000][gc,metaspace] GC(993) Metaspace: 13104K(13504K)->13104K(13504K) NonClass: 11983K(12160K)->11983K(12160K) Class: 1121K(1344K)->1121K(1344K)
[2026-01-16T09:45:08.610+0000][gc          ] GC(993) Pause Young (Normal) (G1 Evacuation Pause) 430M->380M(1024M) 127.983ms
[2026-01-16T09:45:08.611+0000][gc,cpu      ] GC(993) User=0.10s Sys=0.02s Real=0.12s
[2026-01-16T09:45:22.105+0000][gc,start    ] GC(994) Pause Young (Normal) (G1 Evacuation Pause)
[2026-01-16T09:45:22.108+0000][gc,task     ] GC(994) Using 8 workers of 8 for evacuation
[2026-01-16T09:45:22.171+0000][gc,phases   ] GC(994)   Pre Evacuate Collection Set: 10.4ms
[2026-01-16T09:45:22.191+0000][gc,phases   ] GC(994)   Merge Heap Roots: 0.6ms
[2026-01-16T09:45:22.193+0000][gc,phases   ] GC(994)   Evacuate Collection Set: 44.4ms
[2026-01-16T09:45:22.193+0000][gc,phases   ] GC(994)   Post Evacuate Collection Set: 6.0ms
[2026-01-16T09:45:22.193+0000][gc,phases   ] GC(994)   Other: 2.0ms
[2026-01-16T09:45:22.196+0000][gc,heap     ] GC(994) Eden regions: 161->0(223)
[2026-01-16T09:45:22.196+0000][gc,heap     ] GC(994) Survivor regions: 1->2(21)
[2026-01-16T09:45:22.196+0000][gc,heap     ] GC(994) Old regions: 268->268
[2026-01-16T09:45:22.196+0000][gc,heap     ] GC(994) Humongous regions: 112->112
[2026-01-16T09:45:22.196+0000][gc,metaspace] GC(994) Metaspace: 13104K(13504K)->13104K(13504K) NonClass: 11983K(12160K)->11983K(12160K) Class: 1121K(1344K)->1121K(1344K)
[2026-01-16T09:45:22.197+0000][gc          ] GC(994) Pause Young (Normal) (G1 Evacuation Pause) 541M->380M(1024M) 92.150ms
[2026-01-16T09:45:22.201+0000][gc,cpu      ] GC(994) User=0.14s Sys=0.01s Real=0.09s
[2026-01-16T09:45:39.348+0000][gc,start    ] GC(995) Pause Young (Normal) (G1 Evacuation Pause)
[2026-01-16T09:45:39.354+0000][gc,task     ] GC(995) Using 8 workers of 8 for evacuation
[2026-01-16T09:45:39.462+0000][gc,phases   ] GC(995)   Pre Evacuate Collection Set: 10.6ms
[2026-01-16T09:45:39.463+0000][gc,phases   ] GC(995)   Merge Heap Roots: 1.9ms
[2026-01-16T09:45:39.463+0000][gc,phases   ] GC(995)   Evacuate Collection Set: 69.8ms
[2026-01-16T09:45:39.464+0000][gc,phases   ] GC(995)   Post Evacuate Collection Set: 21.4ms
[2026-01-16T09:45:39.465+0000][gc,phases   ] GC(995)   Other: 3.9ms
[2026-01-16T09:45:39.465+0000][gc,heap     ] GC(995) Eden regions: 223->0(381)
[2026-01-16T09:45:39.469+0000][gc,heap     ] GC(995) Survivor regions: 2->2(29)
[2026-01-16T09:45:39.469+0000][gc,heap     ] GC(995) Old regions: 268->268
[2026-01-16T09:45:39.471+0000][gc,heap     ] GC(995) Humongous regions: 112->112
[2026-01-16T09:45:39.472+0000][gc,metaspace] GC(995) Metaspace: 13104K(13504K)->13104K(13504K) NonClass: 11983K(12160K)->11983K(12160K) Class: 1121K(1344K)->1121K(1344K)
[2026-01-16T09:45:39.472+0000][gc          ] GC(995) Pause Young (Normal) (G1 Evacuation Pause) 603M->380M(1024M) 124.266ms
[2026-01-16T09:45:39.472+0000][gc,cpu      ] GC(995) User=0.17s Sys=0.06s Real=0.12s
[2026-01-16T09:46:16.615+0000][gc,start    ] GC(996) Pause Young (Normal) (G1 Evacuation Pause)
[2026-01-16T09:46:16.638+0000][gc,task     ] GC(996) Using 8 workers of 8 for evacuation
[2026-01-16T09:46:16.854+0000][gc,mmu      ] GC(996) MMU target violated: 201.0ms (200.0ms/201.0ms)
[2026-01-16T09:46:16.854+0000][gc,phases   ] GC(996)   Pre Evacuate Collection Set: 56.1ms
[2026-01-16T09:46:16.855+0000][gc,phases   ] GC(996)   Merge Heap Roots: 4.9ms
[2026-01-16T09:46:16.856+0000][gc,phases   ] GC(996)   Evacuate Collection Set: 109.7ms
[2026-01-16T09:46:16.859+0000][gc,phases   ] GC(996)   Post Evacuate Collection Set: 43.1ms
[2026-01-16T09:46:16.864+0000][gc,phases   ] GC(996)   Other: 8.6ms
[2026-01-16T09:46:16.866+0000][gc,heap     ] GC(996) Eden regions: 386->0(218)
[2026-01-16T09:46:16.869+0000][gc,heap     ] GC(996) Survivor regions: 2->1(49)
[2026-01-16T09:46:16.870+0000][gc,heap     ] GC(996) Old regions: 268->268
[2026-01-16T09:46:16.871+0000][gc,heap     ] GC(996) Humongous regions: 112->112
[2026-01-16T09:46:16.872+0000][gc,metaspace] GC(996) Metaspace: 13104K(13504K)->13104K(13504K) NonClass: 11983K(12160K)->11983K(12160K) Class: 1121K(1344K)->1121K(1344K)
[2026-01-16T09:46:16.876+0000][gc          ] GC(996) Pause Young (Normal) (G1 Evacuation Pause) 766M->379M(1024M) 261.271ms
[2026-01-16T09:46:16.880+0000][gc,cpu      ] GC(996) User=0.26s Sys=0.03s Real=0.27s
[2026-01-16T09:46:30.789+0000][gc,start    ] GC(997) Pause Young (Normal) (G1 Evacuation Pause)
[2026-01-16T09:46:30.798+0000][gc,task     ] GC(997) Using 8 workers of 8 for evacuation
[2026-01-16T09:46:31.172+0000][gc,mmu      ] GC(997) MMU target violated: 201.0ms (200.0ms/201.0ms)
[2026-01-16T09:46:31.173+0000][gc,phases   ] GC(997)   Pre Evacuate Collection Set: 63.2ms
[2026-01-16T09:46:31.175+0000][gc,phases   ] GC(997)   Merge Heap Roots: 3.9ms
[2026-01-16T09:46:31.176+0000][gc,phases   ] GC(997)   Evacuate Collection Set: 275.1ms
[2026-01-16T09:46:31.181+0000][gc,phases   ] GC(997)   Post Evacuate Collection Set: 29.0ms
[2026-01-16T09:46:31.184+0000][gc,phases   ] GC(997)   Other: 4.4ms
[2026-01-16T09:46:31.184+0000][gc,heap     ] GC(997) Eden regions: 186->0(49)
[2026-01-16T09:46:31.185+0000][gc,heap     ] GC(997) Survivor regions: 1->2(24)
[2026-01-16T09:46:31.185+0000][gc,heap     ] GC(997) Old regions: 268->268
[2026-01-16T09:46:31.185+0000][gc,heap     ] GC(997) Humongous regions: 112->112
[2026-01-16T09:46:31.186+0000][gc,metaspace] GC(997) Metaspace: 13104K(13504K)->13104K(13504K) NonClass: 11983K(12160K)->11983K(12160K) Class: 1121K(1344K)->1121K(1344K)
[2026-01-16T09:46:31.192+0000][gc          ] GC(997) Pause Young (Normal) (G1 Evacuation Pause) 565M->380M(1024M) 404.988ms
[2026-01-16T09:46:31.193+0000][gc,cpu      ] GC(997) User=0.29s Sys=0.03s Real=0.40s
[2026-01-16T09:46:37.136+0000][gc,start    ] GC(998) Pause Young (Normal) (G1 Evacuation Pause)
[2026-01-16T09:46:37.139+0000][gc,task     ] GC(998) Using 8 workers of 8 for evacuation
[2026-01-16T09:46:37.304+0000][gc,phases   ] GC(998)   Pre Evacuate Collection Set: 22.8ms
[2026-01-16T09:46:37.305+0000][gc,phases   ] GC(998)   Merge Heap Roots: 3.7ms
[2026-01-16T09:46:37.306+0000][gc,phases   ] GC(998)   Evacuate Collection Set: 118.5ms
[2026-01-16T09:46:37.306+0000][gc,phases   ] GC(998)   Post Evacuate Collection Set: 16.0ms
[2026-01-16T09:46:37.306+0000][gc,phases   ] GC(998)   Other: 5.1ms
[2026-01-16T09:46:37.306+0000][gc,heap     ] GC(998) Eden regions: 49->0(101)
[2026-01-16T09:46:37.309+0000][gc,heap     ] GC(998) Survivor regions: 2->1(7)
[2026-01-16T09:46:37.309+0000][gc,heap     ] GC(998) Old regions: 268->268
[2026-01-16T09:46:37.310+0000][gc,heap     ] GC(998) Humongous regions: 112->112
[2026-01-16T09:46:37.311+0000][gc,metaspace] GC(998) Metaspace: 13104K(13504K)->13104K(13504K) NonClass: 11983K(12160K)->11983K(12160K) Class: 1121K(1344K)->1121K(1344K)
[2026-01-16T09:46:37.327+0000][gc          ] GC(998) Pause Young (Normal) (G1 Evacuation Pause) 429M->379M(1024M) 191.002ms
[2026-01-16T09:46:37.328+0000][gc,cpu      ] GC(998) User=0.12s Sys=0.01s Real=0.19s
[2026-01-16T09:46:45.157+0000][gc,start    ] GC(999) Pause Young (Normal) (G1 Evacuation Pause)
[2026-01-16T09:46:45.159+0000][gc,task     ] GC(999) Using 8 workers of 8 for evacuation
[2026-01-16T09:46:45.530+0000][gc,mmu      ] GC(999) MMU target violated: 201.0ms (200.0ms/201.0ms)
[2026-01-16T09:46:45.531+0000][gc,phases   ] GC(999)   Pre Evacuate Collection Set: 42.8ms
[2026-01-16T09:46:45.531+0000][gc,phases   ] GC(999)   Merge Heap Roots: 6.5ms
[2026-01-16T09:46:45.532+0000][gc,phases   ] GC(999)   Evacuate Collection Set: 278.0ms
[2026-01-16T09:46:45.532+0000][gc,phases   ] GC(999)   Post Evacuate Collection Set: 36.6ms
[2026-01-16T09:46:45.532+0000][gc,phases   ] GC(999)   Other: 7.8ms
[2026-01-16T09:46:45.532+0000][gc,heap     ] GC(999) Eden regions: 87->0(49)
[2026-01-16T09:46:45.533+0000][gc,heap     ] GC(999) Survivor regions: 1->2(11)
[2026-01-16T09:46:45.533+0000][gc,heap     ] GC(999) Old regions: 268->268
[2026-01-16T09:46:45.533+0000][gc,heap     ] GC(999) Humongous regions: 112->112
[2026-01-16T09:46:45.533+0000][gc,metaspace] GC(999) Metaspace: 13104K(13504K)->13104K(13504K) NonClass: 11983K(12160K)->11983K(12160K) Class: 1121K(1344K)->1121K(1344K)
[2026-01-16T09:46:45.534+0000][gc          ] GC(999) Pause Young (Normal) (G1 Evacuation Pause) 466M->381M(1024M) 376.581ms
[2026-01-16T09:46:45.534+0000][gc,cpu      ] GC(999) User=0.28s Sys=0.02s Real=0.37s
[2026-01-16T09:46:52.267+0000][gc,start    ] GC(1000) Pause Young (Normal) (G1 Evacuation Pause)
[2026-01-16T09:46:52.279+0000][gc,task     ] GC(1000) Using 8 workers of 8 for evacuation
[2026-01-16T09:46:53.058+0000][gc,mmu      ] GC(1000) MMU target violated: 201.0ms (200.0ms/201.0ms)
[2026-01-16T09:46:53.063+0000][gc,phases   ] GC(1000)   Pre Evacuate Collection Set: 105.7ms
[2026-01-16T09:46:53.065+0000][gc,phases   ] GC(1000)   Merge Heap Roots: 3.8ms
[2026-01-16T09:46:53.071+0000][gc,phases   ] GC(1000)   Evacuate Collection Set: 576.3ms
[2026-01-16T09:46:53.072+0000][gc,phases   ] GC(1000)   Post Evacuate Collection Set: 88.0ms
[2026-01-16T09:46:53.073+0000][gc,phases   ] GC(1000)   Other: 15.7ms
[2026-01-16T09:46:53.078+0000][gc,heap     ] GC(1000) Eden regions: 49->0(50)
[2026-01-16T09:46:53.080+0000][gc,heap     ] GC(1000) Survivor regions: 2->1(7)
[2026-01-16T09:46:53.082+0000][gc,heap     ] GC(1000) Old regions: 268->268
[2026-01-16T09:46:53.085+0000][gc,heap     ] GC(1000) Humongous regions: 112->112
[2026-01-16T09:46:53.085+0000][gc,metaspace] GC(1000) Metaspace: 13104K(13504K)->13104K(13504K) NonClass: 11983K(12160K)->11983K(12160K) Class: 1121K(1344K)->1121K(1344K)
[2026-01-16T09:46:53.101+0000][gc          ] GC(1000) Pause Young (Normal) (G1 Evacuation Pause) 430M->380M(1024M) 834.764ms
[2026-01-16T09:46:53.104+0000][gc,cpu      ] GC(1000) User=0.31s Sys=0.05s Real=0.84s
[2026-01-16T09:46:57.562+0000][gc,start    ] GC(1001) Pause Young (Normal) (G1 Evacuation Pause)
[2026-01-16T09:46:57.566+0000][gc,task     ] GC(1001) Using 8 workers of 8 for evacuation
[2026-01-16T09:46:57.890+0000][gc,mmu      ] GC(1001) MMU target violated: 201.0ms (200.0ms/201.0ms)
[2026-01-16T09:46:57.896+0000][gc,phases   ] GC(1001)   Pre Evacuate Collection Set: 31.0ms
[2026-01-16T09:46:57.897+0000][gc,phases   ] GC(1001)   Merge Heap Roots: 1.6ms
[2026-01-16T09:46:57.898+0000][gc,phases   ] GC(1001)   Evacuate Collection Set: 244.7ms
[2026-01-16T09:46:57.902+0000][gc,phases   ] GC(1001)   Post Evacuate Collection Set: 37.8ms
[2026-01-16T09:46:57.903+0000][gc,phases   ] GC(1001)   Other: 15.2ms
[2026-01-16T09:46:57.903+0000][gc,heap     ] GC(1001) Eden regions: 50->0(49)
[2026-01-16T09:46:57.903+0000][gc,heap     ] GC(1001) Survivor regions: 1->2(7)
[2026-01-16T09:46:57.904+0000][gc,heap     ] GC(1001) Old regions: 268->268
[2026-01-16T09:46:57.904+0000][gc,heap     ] GC(1001) Humongous regions: 112->112
[2026-01-16T09:46:57.904+0000][gc,metaspace] GC(1001) Metaspace: 13104K(13504K)->13104K(13504K) NonClass: 11983K(12160K)->11983K(12160K) Class: 1121K(1344K)->1121K(1344K)
[2026-01-16T09:46:57.905+0000][gc          ] GC(1001) Pause Young (Normal) (G1 Evacuation Pause) 430M->380M(1024M) 342.991ms
[2026-01-16T09:46:57.907+0000][gc,cpu      ] GC(1001) User=0.12s Sys=0.01s Real=0.34s
[2026-01-16T09:46:59.357+0000][gc,start    ] GC(1002) Pause Young (Normal) (G1 Evacuation Pause)
[2026-01-16T09:46:59.360+0000][gc,task     ] GC(1002) Using 8 workers of 8 for evacuation
[2026-01-16T09:46:59.473+0000][gc,phases   ] GC(1002)   Pre Evacuate Collection Set: 9.8ms
[2026-01-16T09:46:59.481+0000][gc,phases   ] GC(1002)   Merge Heap Roots: 8.6ms
[2026-01-16T09:46:59.481+0000][gc,phases   ] GC(1002)   Evacuate Collection Set: 85.0ms
[2026-01-16T09:46:59.484+0000][gc,phases   ] GC(1002)   Post Evacuate Collection Set: 9.0ms
[2026-01-16T09:46:59.484+0000][gc,phases   ] GC(1002)   Other: 2.4ms
[2026-01-16T09:46:59.485+0000][gc,heap     ] GC(1002) Eden regions: 49->0(48)
[2026-01-16T09:46:59.485+0000][gc,heap     ] GC(1002) Survivor regions: 2->3(7)
[2026-01-16T09:46:59.485+0000][gc,heap     ] GC(1002) Old regions: 268->268
[2026-01-16T09:46:59.485+0000][gc,heap     ] GC(1002) Humongous regions: 112->112
[2026-01-16T09:46:59.485+0000][gc,metaspace] GC(1002) Metaspace: 13104K(13504K)->13104K(13504K) NonClass: 11983K(12160K)->11983K(12160K) Class: 1121K(1344K)->1121K(1344K)
[2026-01-16T09:46:59.486+0000][gc          ] GC(1002) Pause Young (Normal) (G1 Evacuation Pause) 429M->381M(1024M) 128.766ms
[2026-01-16T09:46:59.486+0000][gc,cpu      ] GC(1002) User=0.10s Sys=0.01s Real=0.13s
[2026-01-16T09:47:00.416+0000][gc,start    ] GC(1003) Pause Young (Normal) (G1 Evacuation Pause)
[2026-01-16T09:47:00.418+0000][gc,task     ] GC(1003) Using 8 workers of 8 for evacuation
[2026-01-16T09:47:00.466+0000][gc,phases   ] GC(1003)   Pre Evacuate Collection Set: 3.0ms
[2026-01-16T09:47:00.467+0000][gc,phases   ] GC(1003)   Merge Heap Roots: 2.0ms
[2026-01-16T09:47:00.467+0000][gc,phases   ] GC(1003)   Evacuate Collection Set: 38.2ms
[2026-01-16T09:47:00.467+0000][gc,phases   ] GC(1003)   Post Evacuate Collection Set: 3.8ms
[2026-01-16T09:47:00.468+0000][gc,phases   ] GC(1003)   Other: 0.4ms
[2026-01-16T09:47:00.468+0000][gc,heap     ] GC(1003) Eden regions: 48->0(48)
[2026-01-16T09:47:00.469+0000][gc,heap     ] GC(1003) Survivor regions: 3->3(7)
[2026-01-16T09:47:00.469+0000][gc,heap     ] GC(1003) Old regions: 268->268
[2026-01-16T09:47:00.471+0000][gc,heap     ] GC(1003) Humongous regions: 112->112
[2026-01-16T09:47:00.472+0000][gc,metaspace] GC(1003) Metaspace: 13104K(13504K)->13104K(13504K) NonClass: 11983K(12160K)->11983K(12160K) Class: 1121K(1344K)->1121K(1344K)
[2026-01-16T09:47:00.473+0000][gc          ] GC(1003) Pause Young (Normal) (G1 Evacuation Pause) 429M->381M(1024M) 56.606ms
[2026-01-16T09:47:00.473+0000][gc,cpu      ] GC(1003) User=0.03s Sys=0.00s Real=0.06s
[2026-01-16T09:47:06.402+0000][gc,start    ] GC(1004) Pause Young (Normal) (G1 Evacuation Pause)
[2026-01-16T09:47:06.403+0000][gc,task     ] GC(1004) Using 8 workers of 8 for evacuation
[2026-01-16T09:47:06.581+0000][gc,phases   ] GC(1004)   Pre Evacuate Collection Set: 18.6ms
[2026-01-16T09:47:06.582+0000][gc,phases   ] GC(1004)   Merge Heap Roots: 3.8ms
[2026-01-16T09:47:06.583+0000][gc,phases   ] GC(1004)   Evacuate Collection Set: 120.6ms
[2026-01-16T09:47:06.583+0000][gc,phases   ] GC(1004)   Post Evacuate Collection Set: 32.0ms
[2026-01-16T09:47:06.585+0000][gc,phases   ] GC(1004)   Other: 3.1ms
[2026-01-16T09:47:06.585+0000][gc,heap     ] GC(1004) Eden regions: 48->0(91)
[2026-01-16T09:47:06.585+0000][gc,heap     ] GC(1004) Survivor regions: 3->1(7)
[2026-01-16T09:47:06.587+0000][gc,heap     ] GC(1004) Old regions: 268->268
[2026-01-16T09:47:06.588+0000][gc,heap     ] GC(1004) Humongous regions: 112->112
[2026-01-16T09:47:06.590+0000][gc,metaspace] GC(1004) Metaspace: 13104K(13504K)->13104K(13504K) NonClass: 11983K(12160K)->11983K(12160K) Class: 1121K(1344K)->1121K(1344K)
[2026-01-16T09:47:06.591+0000][gc          ] GC(1004) Pause Young (Normal) (G1 Evacuation Pause) 429M->379M(1024M) 188.458ms
[2026-01-16T09:47:06.591+0000][gc,cpu      ] GC(1004) User=0.08s Sys=0.01s Real=0.19s
[2026-01-16T09:47:11.811+0000][gc,start    ] GC(1005) Pause Young (Normal) (G1 Evacuation Pause)
[2026-01-16T09:47:11.811+0000][gc,task     ] GC(1005) Using 8 workers of 8 for evacuation
[2026-01-16T09:47:12.114+0000][gc,mmu      ] GC(1005) MMU target violated: 201.0ms (200.0ms/201.0ms)
[2026-01-16T09:47:12.120+0000][gc,phases   ] GC(1005)   Pre Evacuate Collection Set: 22.3ms
[2026-01-16T09:47:12.123+0000][gc,phases   ] GC(1005)   Merge Heap Roots: 2.5ms
[2026-01-16T09:47:12.124+0000][gc,phases   ] GC(1005)   Evacuate Collection Set: 253.9ms
[2026-01-16T09:47:12.125+0000][gc,phases   ] GC(1005)   Post Evacuate Collection Set: 21.2ms
[2026-01-16T09:47:12.126+0000][gc,phases   ] GC(1005)   Other: 8.5ms
[2026-01-16T09:47:12.128+0000][gc,heap     ] GC(1005) Eden regions: 88->0(49)
[2026-01-16T09:47:12.128+0000][gc,heap     ] GC(1005) Survivor regions: 1->2(12)
[2026-01-16T09:47:12.130+0000][gc,heap     ] GC(1005) Old regions: 268->268
[2026-01-16T09:47:12.133+0000][gc,heap     ] GC(1005) Humongous regions: 112->112
[2026-01-16T09:47:12.135+0000][gc,metaspace] GC(1005) Metaspace: 13104K(13504K)->13104K(13504K) NonClass: 11983K(12160K)->11983K(12160K) Class: 1121K(1344K)->1121K(1344K)
[2026-01-16T09:47:12.136+0000][gc          ] GC(1005) Pause Young (Normal) (G1 Evacuation Pause) 467M->380M(1024M) 325.747ms
[2026-01-16T09:47:12.137+0000][gc,cpu      ] GC(1005) User=0.14s Sys=0.00s Real=0.33s
[2026-01-16T09:47:16.723+0000][gc,start    ] GC(1006) Pause Young (Normal) (G1 Evacuation Pause)
[2026-01-16T09:47:16.728+0000][gc,task     ] GC(1006) Using 8 workers of 8 for evacuation
[2026-01-16T09:47:16.932+0000][gc,mmu      ] GC(1006) MMU target violated: 201.0ms (200.0ms/201.0ms)
[2026-01-16T09:47:16.934+0000][gc,phases   ] GC(1006)   Pre Evacuate Collection Set: 40.1ms
[2026-01-16T09:47:16.935+0000][gc,phases   ] GC(1006)   Merge Heap Roots: 9.2ms
[2026-01-16T09:47:16.936+0000][gc,phases   ] GC(1006)   Evacuate Collection Set: 73.9ms
[2026-01-16T09:47:16.938+0000][gc,phases   ] GC(1006)   Post Evacuate Collection Set: 79.8ms
[2026-01-16T09:47:16.939+0000][gc,phases   ] GC(1006)   Other: 2.6ms
[2026-01-16T09:47:16.940+0000][gc,heap     ] GC(1006) Eden regions: 49->0(59)
[2026-01-16T09:47:16.941+0000][gc,heap     ] GC(1006) Survivor regions: 2->1(7)
[2026-01-16T09:47:16.942+0000][gc,heap     ] GC(1006) Old regions: 268->268
[2026-01-16T09:47:16.942+0000][gc,heap     ] GC(1006) Humongous regions: 112->112
[2026-01-16T09:47:16.943+0000][gc,metaspace] GC(1006) Metaspace: 13104K(13504K)->13104K(13504K) NonClass: 11983K(12160K)->11983K(12160K) Class: 1121K(1344K)->1121K(1344K)
[2026-01-16T09:47:16.945+0000][gc          ] GC(1006) Pause Young (Normal) (G1 Evacuation Pause) 429M->380M(1024M) 221.322ms
[2026-01-16T09:47:16.945+0000][gc,cpu      ] GC(1006) User=0.06s Sys=0.01s Real=0.22s
[2026-01-16T09:47:18.501+0000][gc,start    ] GC(1007) Pause Young (Normal) (G1 Evacuation Pause)
[2026-01-16T09:47:18.505+0000][gc,task     ] GC(1007) Using 8 workers of 8 for evacuation
[2026-01-16T09:47:18.557+0000][gc,phases   ] GC(1007)   Pre Evacuate Collection Set: 8.6ms
[2026-01-16T09:47:18.557+0000][gc,phases   ] GC(1007)   Merge Heap Roots: 1.7ms
[2026-01-16T09:47:18.559+0000][gc,phases   ] GC(1007)   Evacuate Collection Set: 36.3ms
[2026-01-16T09:47:18.563+0000][gc,phases   ] GC(1007)   Post Evacuate Collection Set: 4.9ms
[2026-01-16T09:47:18.563+0000][gc,phases   ] GC(1007)   Other: 0.8ms
[2026-01-16T09:47:18.563+0000][gc,heap     ] GC(1007) Eden regions: 71->0(52)
[2026-01-16T09:47:18.564+0000][gc,heap     ] GC(1007) Survivor regions: 1->2(9)
[2026-01-16T09:47:18.564+0000][gc,heap     ] GC(1007) Old regions: 268->268
[2026-01-16T09:47:18.564+0000][gc,heap     ] GC(1007) Humongous regions: 112->112
[2026-01-16T09:47:18.564+0000][gc,metaspace] GC(1007) Metaspace: 13104K(13504K)->13104K(13504K) NonClass: 11983K(12160K)->11983K(12160K) Class: 1121K(1344K)->1121K(1344K)
[2026-01-16T09:47:18.564+0000][gc          ] GC(1007) Pause Young (Normal) (G1 Evacuation Pause) 451M->381M(1024M) 63.465ms
[2026-01-16T09:47:18.565+0000][gc,cpu      ] GC(1007) User=0.07s Sys=0.00s Real=0.06s
[2026-01-16T09:47:27.254+0000][gc,start    ] GC(1008) Pause Young (Normal) (G1 Evacuation Pause)
[2026-01-16T09:47:27.256+0000][gc,task     ] GC(1008) Using 8 workers of 8 for evacuation
[2026-01-16T09:47:27.375+0000][gc,phases   ] GC(1008)   Pre Evacuate Collection Set: 25.6ms
[2026-01-16T09:47:27.377+0000][gc,phases   ] GC(1008)   Merge Heap Roots: 2.2ms
[2026-01-16T09:47:27.379+0000][gc,phases   ] GC(1008)   Evacuate Collection Set: 61.7ms
[2026-01-16T09:47:27.380+0000][gc,phases   ] GC(1008)   Post Evacuate Collection Set: 25.9ms
[2026-01-16T09:47:27.382+0000][gc,phases   ] GC(1008)   Other: 2.9ms
[2026-01-16T09:47:27.383+0000][gc,heap     ] GC(1008) Eden regions: 62->0(143)
[2026-01-16T09:47:27.385+0000][gc,heap     ] GC(1008) Survivor regions: 2->1(8)
[2026-01-16T09:47:27.385+0000][gc,heap     ] GC(1008) Old regions: 268->268
[2026-01-16T09:47:27.385+0000][gc,heap     ] GC(1008) Humongous regions: 112->112
[2026-01-16T09:47:27.385+0000][gc,metaspace] GC(1008) Metaspace: 13104K(13504K)->13104K(13504K) NonClass: 11983K(12160K)->11983K(12160K) Class: 1121K(1344K)->1121K(1344K)
[2026-01-16T09:47:27.389+0000][gc          ] GC(1008) Pause Young (Normal) (G1 Evacuation Pause) 443M->380M(1024M) 134.433ms
[2026-01-16T09:47:27.391+0000][gc,cpu      ] GC(1008) User=0.09s Sys=0.01s Real=0.14s
[2026-01-16T09:47:43.382+0000][gc,start    ] GC(1009) Pause Young (Normal) (G1 Evacuation Pause)
[2026-01-16T09:47:43.403+0000][gc,task     ] GC(1009) Using 8 workers of 8 for evacuation
[2026-01-16T09:47:44.258+0000][gc,mmu      ] GC(1009) MMU target violated: 201.0ms (200.0ms/201.0ms)
[2026-01-16T09:47:44.260+0000][gc,phases   ] GC(1009)   Pre Evacuate Collection Set: 75.6ms
[2026-01-16T09:47:44.260+0000][gc,phases   ] GC(1009)   Merge Heap Roots: 53.8ms
[2026-01-16T09:47:44.261+0000][gc,phases   ] GC(1009)   Evacuate Collection Set: 631.1ms
[2026-01-16T09:47:44.262+0000][gc,phases   ] GC(1009)   Post Evacuate Collection Set: 86.2ms
[2026-01-16T09:47:44.262+0000][gc,phases   ] GC(1009)   Other: 28.1ms
[2026-01-16T09:47:44.264+0000][gc,heap     ] GC(1009) Eden regions: 151->0(49)
[2026-01-16T09:47:44.265+0000][gc,heap     ] GC(1009) Survivor regions: 1->2(19)
[2026-01-16T09:47:44.265+0000][gc,heap     ] GC(1009) Old regions: 268->268
[2026-01-16T09:47:44.265+0000][gc,heap     ] GC(1009) Humongous regions: 112->112
[2026-01-16T09:47:44.266+0000][gc,metaspace] GC(1009) Metaspace: 13104K(13504K)->13104K(13504K) NonClass: 11983K(12160K)->11983K(12160K) Class: 1121K(1344K)->1121K(1344K)
[2026-01-16T09:47:44.269+0000][gc          ] GC(1009) Pause Young (Normal) (G1 Evacuation Pause) 531M->380M(1024M) 886.744ms
[2026-01-16T09:47:44.270+0000][gc,cpu      ] GC(1009) User=0.55s Sys=0.06s Real=0.89s
[2026-01-16T09:47:47.317+0000][gc,start    ] GC(1010) Pause Young (Normal) (G1 Evacuation Pause)
[2026-01-16T09:47:47.324+0000][gc,task     ] GC(1010) Using 8 workers of 8 for evacuation
[2026-01-16T09:47:47.522+0000][gc,phases   ] GC(1010)   Pre Evacuate Collection Set: 54.7ms
[2026-01-16T09:47:47.523+0000][gc,phases   ] GC(1010)   Merge Heap Roots: 3.3ms
[2026-01-16T09:47:47.528+0000][gc,phases   ] GC(1010)   Evacuate Collection Set: 125.7ms
[2026-01-16T09:47:47.529+0000][gc,phases   ] GC(1010)   Post Evacuate Collection Set: 11.1ms
[2026-01-16T09:47:47.529+0000][gc,phases   ] GC(1010)   Other: 6.2ms
[2026-01-16T09:47:47.529+0000][gc,heap     ] GC(1010) Eden regions: 49->0(50)
[2026-01-16T09:47:47.533+0000][gc,heap     ] GC(1010) Survivor regions: 2->1(7)
[2026-01-16T09:47:47.533+0000][gc,heap     ] GC(1010) Old regions: 268->268
[2026-01-16T09:47:47.534+0000][gc,heap     ] GC(1010) Humongous regions: 112->112
[2026-01-16T09:47:47.534+0000][gc,metaspace] GC(1010) Metaspace: 13104K(13504K)->13104K(13504K) NonClass: 11983K(12160K)->11983K(12160K) Class: 1121K(1344K)->1121K(1344K)
[2026-01-16T09:47:47.534+0000][gc          ] GC(1010) Pause Young (Normal) (G1 Evacuation Pause) 429M->380M(1024M) 217.031ms
[2026-01-16T09:47:47.539+0000][gc,cpu      ] GC(1010) User=0.10s Sys=0.00s Real=0.22s
[2026-01-16T09:47:50.727+0000][gc,start    ] GC(1011) Pause Young (Normal) (G1 Evacuation Pause)
[2026-01-16T09:47:50.728+0000][gc,task     ] GC(1011) Using 8 workers of 8 for evacuation
[2026-01-16T09:47:50.912+0000][gc,phases   ] GC(1011)   Pre Evacuate Collection Set: 21.1ms
[2026-01-16T09:47:50.916+0000][gc,phases   ] GC(1011)   Merge Heap Roots: 4.1ms
[2026-01-16T09:47:50.917+0000][gc,phases   ] GC(1011)   Evacuate Collection Set: 132.0ms
[2026-01-16T09:47:50.918+0000][gc,phases   ] GC(1011)   Post Evacuate Collection Set: 17.8ms
[2026-01-16T09:47:50.919+0000][gc,phases   ] GC(1011)   Other: 2.1ms
[2026-01-16T09:47:50.920+0000][gc,heap     ] GC(1011) Eden regions: 50->0(49)
[2026-01-16T09:47:50.922+0000][gc,heap     ] GC(1011) Survivor regions: 1->2(7)
[2026-01-16T09:47:50.925+0000][gc,heap     ] GC(1011) Old regions: 268->268
[2026-01-16T09:47:50.926+0000][gc,heap     ] GC(1011) Humongous regions: 112->112
[2026-01-16T09:47:50.928+0000][gc,metaspace] GC(1011) Metaspace: 13104K(13504K)->13104K(13504K) NonClass: 11983K(12160K)->11983K(12160K) Class: 1121K(1344K)->1121K(1344K)
[2026-01-16T09:47:50.935+0000][gc          ] GC(1011) Pause Young (Normal) (G1 Evacuation Pause) 430M->380M(1024M) 208.062ms
[2026-01-16T09:47:50.938+0000][gc,cpu      ] GC(1011) User=0.12s Sys=0.02s Real=0.21s
[2026-01-16T09:47:56.917+0000][gc,start    ] GC(1012) Pause Young (Normal) (G1 Evacuation Pause)
[2026-01-16T09:47:56.927+0000][gc,task     ] GC(1012) Using 8 workers of 8 for evacuation
[2026-01-16T09:47:57.163+0000][gc,mmu      ] GC(1012) MMU target violated: 201.0ms (200.0ms/201.0ms)
[2026-01-16T09:47:57.167+0000][gc,phases   ] GC(1012)   Pre Evacuate Collection Set: 39.6ms
[2026-01-16T09:47:57.168+0000][gc,phases   ] GC(1012)   Merge Heap Roots: 0.9ms
[2026-01-16T09:47:57.169+0000][gc,phases   ] GC(1012)   Evacuate Collection Set: 174.0ms
[2026-01-16T09:47:57.169+0000][gc,phases   ] GC(1012)   Post Evacuate Collection Set: 19.7ms
[2026-01-16T09:47:57.170+0000][gc,phases   ] GC(1012)   Other: 6.0ms
[2026-01-16T09:47:57.176+0000][gc,heap     ] GC(1012) Eden regions: 49->0(54)
[2026-01-16T09:47:57.177+0000][gc,heap     ] GC(1012) Survivor regions: 2->1(7)
[2026-01-16T09:47:57.178+0000][gc,heap     ] GC(1012) Old regions: 268->268
[2026-01-16T09:47:57.178+0000][gc,heap     ] GC(1012) Humongous regions: 112->112
[2026-01-16T09:47:57.179+0000][gc,metaspace] GC(1012) Metaspace: 13104K(13504K)->13104K(13504K) NonClass: 11983K(12160K)->11983K(12160K) Class: 1121K(1344K)->1121K(1344K)
[2026-01-16T09:47:57.180+0000][gc          ] GC(1012) Pause Young (Normal) (G1 Evacuation Pause) 429M->379M(1024M) 262.890ms
[2026-01-16T09:47:57.181+0000][gc,cpu      ] GC(1012) User=0.09s Sys=0.01s Real=0.26s
[2026-01-16T09:48:01.025+0000][gc,start    ] GC(1013) Pause Young (Normal) (G1 Evacuation Pause)
[2026-01-16T09:48:01.034+0000][gc,task     ] GC(1013) Using 8 workers of 8 for evacuation
[2026-01-16T09:48:01.451+0000][gc,mmu      ] GC(1013) MMU target violated: 201.0ms (200.0ms/201.0ms)
[2026-01-16T09:48:01.457+0000][gc,phases   ] GC(1013)   Pre Evacuate Collection Set: 50.3ms
[2026-01-16T09:48:01.458+0000][gc,phases   ] GC(1013)   Merge Heap Roots: 12.9ms
[2026-01-16T09:48:01.460+0000][gc,phases   ] GC(1013)   Evacuate Collection Set: 280.6ms
[2026-01-16T09:48:01.462+0000][gc,phases   ] GC(1013)   Post Evacuate Collection Set: 70.5ms
[2026-01-16T09:48:01.464+0000][gc,phases   ] GC(1013)   Other: 9.5ms
[2026-01-16T09:48:01.469+0000][gc,heap     ] GC(1013) Eden regions: 54->0(50)
[2026-01-16T09:48:01.483+0000][gc,heap     ] GC(1013) Survivor regions: 1->1(7)
[2026-01-16T09:48:01.484+0000][gc,heap     ] GC(1013) Old regions: 268->268
[2026-01-16T09:48:01.484+0000][gc,heap     ] GC(1013) Humongous regions: 112->112
[2026-01-16T09:48:01.484+0000][gc,metaspace] GC(1013) Metaspace: 13104K(13504K)->13104K(13504K) NonClass: 11983K(12160K)->11983K(12160K) Class: 1121K(1344K)->1121K(1344K)
[2026-01-16T09:48:01.486+0000][gc          ] GC(1013) Pause Young (Normal) (G1 Evacuation Pause) 433M->380M(1024M) 461.442ms
[2026-01-16T09:48:01.492+0000][gc,cpu      ] GC(1013) User=0.20s Sys=0.02s Real=0.47s
[2026-01-16T09:48:05.087+0000][gc,start    ] GC(1014) Pause Young (Normal) (G1 Evacuation Pause)
[2026-01-16T09:48:05.088+0000][gc,task     ] GC(1014) Using 8 workers of 8 for evacuation
[2026-01-16T09:48:05.502+0000][gc,mmu      ] GC(1014) MMU target violated: 201.0ms (200.0ms/201.0ms)
[2026-01-16T09:48:05.502+0000][gc,phases   ] GC(1014)   Pre Evacuate Collection Set: 50.4ms
[2026-01-16T09:48:05.503+0000][gc,phases   ] GC(1014)   Merge Heap Roots: 11.1ms
[2026-01-16T09:48:05.504+0000][gc,phases   ] GC(1014)   Evacuate Collection Set: 321.2ms
[2026-01-16T09:48:05.504+0000][gc,phases   ] GC(1014)   Post Evacuate Collection Set: 24.6ms
[2026-01-16T09:48:05.505+0000][gc,phases   ] GC(1014)   Other: 6.9ms
[2026-01-16T09:48:05.505+0000][gc,heap     ] GC(1014) Eden regions: 50->0(49)
[2026-01-16T09:48:05.505+0000][gc,heap     ] GC(1014) Survivor regions: 1->2(7)
[2026-01-16T09:48:05.506+0000][gc,heap     ] GC(1014) Old regions: 268->268
[2026-01-16T09:48:05.507+0000][gc,heap     ] GC(1014) Humongous regions: 112->112
[2026-01-16T09:48:05.508+0000][gc,metaspace] GC(1014) Metaspace: 13104K(13504K)->13104K(13504K) NonClass: 11983K(12160K)->11983K(12160K) Class: 1121K(1344K)->1121K(1344K)
[2026-01-16T09:48:05.509+0000][gc          ] GC(1014) Pause Young (Normal) (G1 Evacuation Pause) 430M->381M(1024M) 422.812ms
[2026-01-16T09:48:05.510+0000][gc,cpu      ] GC(1014) User=0.14s Sys=0.01s Real=0.42s
[2026-01-16T09:48:08.664+0000][gc,start    ] GC(1015) Pause Young (Normal) (G1 Evacuation Pause)
[2026-01-16T09:48:08.683+0000][gc,task     ] GC(1015) Using 8 workers of 8 for evacuation
[2026-01-16T09:48:08.929+0000][gc,mmu      ] GC(1015) MMU target violated: 201.0ms (200.0ms/201.0ms)
[2026-01-16T09:48:08.930+0000][gc,phases   ] GC(1015)   Pre Evacuate Collection Set: 58.6ms
[2026-01-16T09:48:08.930+0000][gc,phases   ] GC(1015)   Merge Heap Roots: 3.9ms
[2026-01-16T09:48:08.930+0000][gc,phases   ] GC(1015)   Evacuate Collection Set: 139.1ms
[2026-01-16T09:48:08.930+0000][gc,phases   ] GC(1015)   Post Evacuate Collection Set: 32.2ms
[2026-01-16T09:48:08.930+0000][gc,phases   ] GC(1015)   Other: 13.6ms
[2026-01-16T09:48:08.931+0000][gc,heap     ] GC(1015) Eden regions: 49->0(50)
[2026-01-16T09:48:08.931+0000][gc,heap     ] GC(1015) Survivor regions: 2->1(7)
[2026-01-16T09:48:08.931+0000][gc,heap     ] GC(1015) Old regions: 268->268
[2026-01-16T09:48:08.932+0000][gc,heap     ] GC(1015) Humongous regions: 112->112
[2026-01-16T09:48:08.932+0000][gc,metaspace] GC(1015) Metaspace: 13104K(13504K)->13104K(13504K) NonClass: 11983K(12160K)->11983K(12160K) Class: 1121K(1344K)->1121K(1344K)
[2026-01-16T09:48:08.933+0000][gc          ] GC(1015) Pause Young (Normal) (G1 Evacuation Pause) 430M->380M(1024M) 268.805ms
[2026-01-16T09:48:08.934+0000][gc,cpu      ] GC(1015) User=0.11s Sys=0.01s Real=0.27s
[2026-01-16T09:48:12.319+0000][gc,start    ] GC(1016) Pause Young (Normal) (G1 Evacuation Pause)
[2026-01-16T09:48:12.320+0000][gc,task     ] GC(1016) Using 8 workers of 8 for evacuation
[2026-01-16T09:48:12.473+0000][gc,phases   ] GC(1016)   Pre Evacuate Collection Set: 11.0ms
[2026-01-16T09:48:12.474+0000][gc,phases   ] GC(1016)   Merge Heap Roots: 0.9ms
[2026-01-16T09:48:12.474+0000][gc,phases   ] GC(1016)   Evacuate Collection Set: 124.2ms
[2026-01-16T09:48:12.474+0000][gc,phases   ] GC(1016)   Post Evacuate Collection Set: 15.1ms
[2026-01-16T09:48:12.475+0000][gc,phases   ] GC(1016)   Other: 1.4ms
[2026-01-16T09:48:12.476+0000][gc,heap     ] GC(1016) Eden regions: 50->0(49)
[2026-01-16T09:48:12.477+0000][gc,heap     ] GC(1016) Survivor regions: 1->2(7)
[2026-01-16T09:48:12.477+0000][gc,heap     ] GC(1016) Old regions: 268->268
[2026-01-16T09:48:12.477+0000][gc,heap     ] GC(1016) Humongous regions: 112->112
[2026-01-16T09:48:12.478+0000][gc,metaspace] GC(1016) Metaspace: 13104K(13504K)->13104K(13504K) NonClass: 11983K(12160K)->11983K(12160K) Class: 1121K(1344K)->1121K(1344K)
[2026-01-16T09:48:12.480+0000][gc          ] GC(1016) Pause Young (Normal) (G1 Evacuation Pause) 430M->381M(1024M) 160.726ms
[2026-01-16T09:48:12.481+0000][gc,cpu      ] GC(1016) User=0.10s Sys=0.00s Real=0.16s
[2026-01-16T09:48:17.234+0000][gc,start    ] GC(1017) Pause Young (Normal) (G1 Evacuation Pause)
[2026-01-16T09:48:17.236+0000][gc,task     ] GC(1017) Using 8 workers of 8 for evacuation
[2026-01-16T09:48:17.335+0000][gc,phases   ] GC(1017)   Pre Evacuate Collection Set: 6.6ms
[2026-01-16T09:48:17.335+0000][gc,phases   ] GC(1017)   Merge Heap Roots: 1.9ms
[2026-01-16T09:48:17.335+0000][gc,phases   ] GC(1017)   Evacuate Collection Set: 69.3ms
[2026-01-16T09:48:17.335+0000][gc,phases   ] GC(1017)   Post Evacuate Collection Set: 19.8ms
[2026-01-16T09:48:17.335+0000][gc,phases   ] GC(1017)   Other: 0.9ms
[2026-01-16T09:48:17.335+0000][gc,heap     ] GC(1017) Eden regions: 49->0(66)
[2026-01-16T09:48:17.336+0000][gc,heap     ] GC(1017) Survivor regions: 2->1(7)
[2026-01-16T09:48:17.336+0000][gc,heap     ] GC(1017) Old regions: 268->268
[2026-01-16T09:48:17.336+0000][gc,heap     ] GC(1017) Humongous regions: 112->112
[2026-01-16T09:48:17.337+0000][gc,metaspace] GC(1017) Metaspace: 13104K(13504K)->13104K(13504K) NonClass: 11983K(12160K)->11983K(12160K) Class: 1121K(1344K)->1121K(1344K)
[2026-01-16T09:48:17.339+0000][gc          ] GC(1017) Pause Young (Normal) (G1 Evacuation Pause) 430M->380M(1024M) 104.836ms
[2026-01-16T09:48:17.339+0000][gc,cpu      ] GC(1017) User=0.05s Sys=0.00s Real=0.11s
[2026-01-16T09:48:19.263+0000][gc,start    ] GC(1018) Pause Young (Normal) (G1 Evacuation Pause)
[2026-01-16T09:48:19.267+0000][gc,task     ] GC(1018) Using 8 workers of 8 for evacuation
[2026-01-16T09:48:19.455+0000][gc,phases   ] GC(1018)   Pre Evacuate Collection Set: 16.0ms
[2026-01-16T09:48:19.455+0000][gc,phases   ] GC(1018)   Merge Heap Roots: 0.9ms
[2026-01-16T09:48:19.457+0000][gc,phases   ] GC(1018)   Evacuate Collection Set: 162.7ms
[2026-01-16T09:48:19.459+0000][gc,phases   ] GC(1018)   Post Evacuate Collection Set: 7.4ms
[2026-01-16T09:48:19.459+0000][gc,phases   ] GC(1018)   Other: 0.7ms
[2026-01-16T09:48:19.459+0000][gc,heap     ] GC(1018) Eden regions: 67->0(57)
[2026-01-16T09:48:19.459+0000][gc,heap     ] GC(1018) Survivor regions: 1->2(9)
[2026-01-16T09:48:19.460+0000][gc,heap     ] GC(1018) Old regions: 268->268
[2026-01-16T09:48:19.461+0000][gc,heap     ] GC(1018) Humongous regions: 112->112
[2026-01-16T09:48:19.462+0000][gc,metaspace] GC(1018) Metaspace: 13104K(13504K)->13104K(13504K) NonClass: 11983K(12160K)->11983K(12160K) Class: 1121K(1344K)->1121K(1344K)
[2026-01-16T09:48:19.463+0000][gc          ] GC(1018) Pause Young (Normal) (G1 Evacuation Pause) 447M->381M(1024M) 200.018ms
[2026-01-16T09:48:19.479+0000][gc,cpu      ] GC(1018) User=0.09s Sys=0.01s Real=0.22s
[2026-01-16T09:48:27.210+0000][gc,start    ] GC(1019) Pause Young (Normal) (G1 Evacuation Pause)
[2026-01-16T09:48:27.212+0000][gc,task     ] GC(1019) Using 8 workers of 8 for evacuation
[2026-01-16T09:48:27.265+0000][gc,phases   ] GC(1019)   Pre Evacuate Collection Set: 14.9ms
[2026-01-16T09:48:27.266+0000][gc,phases   ] GC(1019)   Merge Heap Roots: 0.7ms
[2026-01-16T09:48:27.267+0000][gc,phases   ] GC(1019)   Evacuate Collection Set: 28.2ms
[2026-01-16T09:48:27.267+0000][gc,phases   ] GC(1019)   Post Evacuate Collection Set: 8.7ms
[2026-01-16T09:48:27.267+0000][gc,phases   ] GC(1019)   Other: 1.1ms
[2026-01-16T09:48:27.268+0000][gc,heap     ] GC(1019) Eden regions: 58->0(117)
[2026-01-16T09:48:27.268+0000][gc,heap     ] GC(1019) Survivor regions: 2->1(8)
[2026-01-16T09:48:27.268+0000][gc,heap     ] GC(1019) Old regions: 268->268
[2026-01-16T09:48:27.269+0000][gc,heap     ] GC(1019) Humongous regions: 112->112
[2026-01-16T09:48:27.269+0000][gc,metaspace] GC(1019) Metaspace: 13104K(13504K)->13104K(13504K) NonClass: 11983K(12160K)->11983K(12160K) Class: 1121K(1344K)->1121K(1344K)
[2026-01-16T09:48:27.270+0000][gc          ] GC(1019) Pause Young (Normal) (G1 Evacuation Pause) 439M->380M(1024M) 59.921ms
[2026-01-16T09:48:27.270+0000][gc,cpu      ] GC(1019) User=0.07s Sys=0.01s Real=0.06s
[2026-01-16T09:48:37.389+0000][gc,start    ] GC(1020) Pause Young (Normal) (G1 Evacuation Pause)
[2026-01-16T09:48:37.394+0000][gc,task     ] GC(1020) Using 8 workers of 8 for evacuation
[2026-01-16T09:48:37.628+0000][gc,mmu      ] GC(1020) MMU target violated: 201.0ms (200.0ms/201.0ms)
[2026-01-16T09:48:37.629+0000][gc,phases   ] GC(1020)   Pre Evacuate Collection Set: 63.9ms
[2026-01-16T09:48:37.631+0000][gc,phases   ] GC(1020)   Merge Heap Roots: 14.5ms
[2026-01-16T09:48:37.632+0000][gc,phases   ] GC(1020)   Evacuate Collection Set: 130.5ms
[2026-01-16T09:48:37.636+0000][gc,phases   ] GC(1020)   Post Evacuate Collection Set: 11.4ms
[2026-01-16T09:48:37.636+0000][gc,phases   ] GC(1020)   Other: 15.8ms
[2026-01-16T09:48:37.637+0000][gc,heap     ] GC(1020) Eden regions: 117->0(110)
[2026-01-16T09:48:37.638+0000][gc,heap     ] GC(1020) Survivor regions: 1->1(15)
[2026-01-16T09:48:37.638+0000][gc,heap     ] GC(1020) Old regions: 268->268
[2026-01-16T09:48:37.639+0000][gc,heap     ] GC(1020) Humongous regions: 112->112
[2026-01-16T09:48:37.639+0000][gc,metaspace] GC(1020) Metaspace: 13104K(13504K)->13104K(13504K) NonClass: 11983K(12160K)->11983K(12160K) Class: 1121K(1344K)->1121K(1344K)
[2026-01-16T09:48:37.640+0000][gc          ] GC(1020) Pause Young (Normal) (G1 Evacuation Pause) 497M->380M(1024M) 250.985ms
[2026-01-16T09:48:37.641+0000][gc,cpu      ] GC(1020) User=0.18s Sys=0.02s Real=0.25s
[2026-01-16T09:48:47.524+0000][gc,start    ] GC(1021) Pause Young (Normal) (G1 Evacuation Pause)
[2026-01-16T09:48:47.529+0000][gc,task     ] GC(1021) Using 8 workers of 8 for evacuation
[2026-01-16T09:48:47.629+0000][gc,phases   ] GC(1021)   Pre Evacuate Collection Set: 13.0ms
[2026-01-16T09:48:47.629+0000][gc,phases   ] GC(1021)   Merge Heap Roots: 4.9ms
[2026-01-16T09:48:47.630+0000][gc,phases   ] GC(1021)   Evacuate Collection Set: 60.4ms
[2026-01-16T09:48:47.630+0000][gc,phases   ] GC(1021)   Post Evacuate Collection Set: 20.6ms
[2026-01-16T09:48:47.630+0000][gc,phases   ] GC(1021)   Other: 1.5ms
[2026-01-16T09:48:47.631+0000][gc,heap     ] GC(1021) Eden regions: 109->0(180)
[2026-01-16T09:48:47.631+0000][gc,heap     ] GC(1021) Survivor regions: 1->1(14)
[2026-01-16T09:48:47.632+0000][gc,heap     ] GC(1021) Old regions: 268->268
[2026-01-16T09:48:47.632+0000][gc,heap     ] GC(1021) Humongous regions: 112->112
[2026-01-16T09:48:47.633+0000][gc,metaspace] GC(1021) Metaspace: 13104K(13504K)->13104K(13504K) NonClass: 11983K(12160K)->11983K(12160K) Class: 1121K(1344K)->1121K(1344K)
[2026-01-16T09:48:47.636+0000][gc          ] GC(1021) Pause Young (Normal) (G1 Evacuation Pause) 489M->380M(1024M) 111.189ms
[2026-01-16T09:48:47.636+0000][gc,cpu      ] GC(1021) User=0.13s Sys=0.01s Real=0.12s
[2026-01-16T09:49:00.797+0000][gc,start    ] GC(1022) Pause Young (Normal) (G1 Evacuation Pause)
[2026-01-16T09:49:00.800+0000][gc,task     ] GC(1022) Using 8 workers of 8 for evacuation
[2026-01-16T09:49:00.996+0000][gc,phases   ] GC(1022)   Pre Evacuate Collection Set: 33.6ms
[2026-01-16T09:49:00.998+0000][gc,phases   ] GC(1022)   Merge Heap Roots: 3.2ms
[2026-01-16T09:49:00.998+0000][gc,phases   ] GC(1022)   Evacuate Collection Set: 149.0ms
[2026-01-16T09:49:00.999+0000][gc,phases   ] GC(1022)   Post Evacuate Collection Set: 6.4ms
[2026-01-16T09:49:00.999+0000][gc,phases   ] GC(1022)   Other: 3.8ms
[2026-01-16T09:49:00.999+0000][gc,heap     ] GC(1022) Eden regions: 178->0(187)
[2026-01-16T09:49:00.999+0000][gc,heap     ] GC(1022) Survivor regions: 1->2(23)
[2026-01-16T09:49:01.000+0000][gc,heap     ] GC(1022) Old regions: 268->268
[2026-01-16T09:49:01.001+0000][gc,heap     ] GC(1022) Humongous regions: 112->112
[2026-01-16T09:49:01.001+0000][gc,metaspace] GC(1022) Metaspace: 13104K(13504K)->13104K(13504K) NonClass: 11983K(12160K)->11983K(12160K) Class: 1121K(1344K)->1121K(1344K)
[2026-01-16T09:49:01.002+0000][gc          ] GC(1022) Pause Young (Normal) (G1 Evacuation Pause) 558M->381M(1024M) 205.138ms
[2026-01-16T09:49:01.002+0000][gc,cpu      ] GC(1022) User=0.22s Sys=0.02s Real=0.20s
[2026-01-16T09:49:16.894+0000][gc,start    ] GC(1023) Pause Young (Normal) (G1 Evacuation Pause)
[2026-01-16T09:49:16.897+0000][gc,task     ] GC(1023) Using 8 workers of 8 for evacuation
[2026-01-16T09:49:16.988+0000][gc,phases   ] GC(1023)   Pre Evacuate Collection Set: 34.3ms
[2026-01-16T09:49:16.989+0000][gc,phases   ] GC(1023)   Merge Heap Roots: 3.3ms
[2026-01-16T09:49:16.990+0000][gc,phases   ] GC(1023)   Evacuate Collection Set: 42.4ms
[2026-01-16T09:49:16.990+0000][gc,phases   ] GC(1023)   Post Evacuate Collection Set: 10.3ms
[2026-01-16T09:49:16.991+0000][gc,phases   ] GC(1023)   Other: 0.9ms
[2026-01-16T09:49:16.992+0000][gc,heap     ] GC(1023) Eden regions: 161->0(341)
[2026-01-16T09:49:16.992+0000][gc,heap     ] GC(1023) Survivor regions: 2->1(21)
[2026-01-16T09:49:16.993+0000][gc,heap     ] GC(1023) Old regions: 268->268
[2026-01-16T09:49:16.993+0000][gc,heap     ] GC(1023) Humongous regions: 112->112
[2026-01-16T09:49:16.993+0000][gc,metaspace] GC(1023) Metaspace: 13104K(13504K)->13104K(13504K) NonClass: 11983K(12160K)->11983K(12160K) Class: 1121K(1344K)->1121K(1344K)
[2026-01-16T09:49:16.993+0000][gc          ] GC(1023) Pause Young (Normal) (G1 Evacuation Pause) 542M->380M(1024M) 98.858ms
[2026-01-16T09:49:16.993+0000][gc,cpu      ] GC(1023) User=0.09s Sys=0.01s Real=0.10s
[2026-01-16T09:49:49.042+0000][gc,start    ] GC(1024) Pause Young (Normal) (G1 Evacuation Pause)
[2026-01-16T09:49:49.044+0000][gc,task     ] GC(1024) Using 8 workers of 8 for evacuation
[2026-01-16T09:49:49.328+0000][gc,mmu      ] GC(1024) MMU target violated: 201.0ms (200.0ms/201.0ms)
[2026-01-16T09:49:49.330+0000][gc,phases   ] GC(1024)   Pre Evacuate Collection Set: 38.3ms
[2026-01-16T09:49:49.332+0000][gc,phases   ] GC(1024)   Merge Heap Roots: 3.9ms
[2026-01-16T09:49:49.333+0000][gc,phases   ] GC(1024)   Evacuate Collection Set: 203.3ms
[2026-01-16T09:49:49.333+0000][gc,phases   ] GC(1024)   Post Evacuate Collection Set: 33.8ms
[2026-01-16T09:49:49.334+0000][gc,phases   ] GC(1024)   Other: 7.0ms
[2026-01-16T09:49:49.334+0000][gc,heap     ] GC(1024) Eden regions: 344->0(213)
[2026-01-16T09:49:49.334+0000][gc,heap     ] GC(1024) Survivor regions: 1->1(44)
[2026-01-16T09:49:49.335+0000][gc,heap     ] GC(1024) Old regions: 268->268
[2026-01-16T09:49:49.337+0000][gc,heap     ] GC(1024) Humongous regions: 112->112
[2026-01-16T09:49:49.340+0000][gc,metaspace] GC(1024) Metaspace: 13107K(13504K)->13107K(13504K) NonClass: 11985K(12160K)->11985K(12160K) Class: 1121K(1344K)->1121K(1344K)
[2026-01-16T09:49:49.340+0000][gc          ] GC(1024) Pause Young (Normal) (G1 Evacuation Pause) 724M->380M(1024M) 297.775ms
[2026-01-16T09:49:49.343+0000][gc,cpu      ] GC(1024) User=0.22s Sys=0.02s Real=0.30s
[2026-01-16T09:50:10.212+0000][gc,start    ] GC(1025) Pause Young (Normal) (G1 Evacuation Pause)
[2026-01-16T09:50:10.218+0000][gc,task     ] GC(1025) Using 8 workers of 8 for evacuation
[2026-01-16T09:50:10.544+0000][gc,mmu      ] GC(1025) MMU target violated: 201.0ms (200.0ms/201.0ms)
[2026-01-16T09:50:10.551+0000][gc,phases   ] GC(1025)   Pre Evacuate Collection Set: 41.3ms
[2026-01-16T09:50:10.552+0000][gc,phases   ] GC(1025)   Merge Heap Roots: 12.6ms
[2026-01-16T09:50:10.552+0000][gc,phases   ] GC(1025)   Evacuate Collection Set: 235.9ms
[2026-01-16T09:50:10.553+0000][gc,phases   ] GC(1025)   Post Evacuate Collection Set: 35.2ms
[2026-01-16T09:50:10.553+0000][gc,phases   ] GC(1025)   Other: 8.1ms
[2026-01-16T09:50:10.553+0000][gc,heap     ] GC(1025) Eden regions: 209->0(170)
[2026-01-16T09:50:10.554+0000][gc,heap     ] GC(1025) Survivor regions: 1->1(27)
[2026-01-16T09:50:10.554+0000][gc,heap     ] GC(1025) Old regions: 268->268
[2026-01-16T09:50:10.554+0000][gc,heap     ] GC(1025) Humongous regions: 112->112
[2026-01-16T09:50:10.554+0000][gc,metaspace] GC(1025) Metaspace: 13107K(13504K)->13107K(13504K) NonClass: 11985K(12160K)->11985K(12160K) Class: 1121K(1344K)->1121K(1344K)
[2026-01-16T09:50:10.556+0000][gc          ] GC(1025) Pause Young (Normal) (G1 Evacuation Pause) 589M->380M(1024M) 344.144ms
[2026-01-16T09:50:10.556+0000][gc,cpu      ] GC(1025) User=0.19s Sys=0.02s Real=0.34s
[2026-01-16T09:50:20.596+0000][gc,start    ] GC(1026) Pause Young (Normal) (G1 Evacuation Pause)
[2026-01-16T09:50:20.601+0000][gc,task     ] GC(1026) Using 8 workers of 8 for evacuation
[2026-01-16T09:50:20.803+0000][gc,phases   ] GC(1026)   Pre Evacuate Collection Set: 22.2ms
[2026-01-16T09:50:20.805+0000][gc,phases   ] GC(1026)   Merge Heap Roots: 3.5ms
[2026-01-16T09:50:20.807+0000][gc,phases   ] GC(1026)   Evacuate Collection Set: 130.1ms
[2026-01-16T09:50:20.807+0000][gc,phases   ] GC(1026)   Post Evacuate Collection Set: 28.4ms
[2026-01-16T09:50:20.810+0000][gc,phases   ] GC(1026)   Other: 18.2ms
[2026-01-16T09:50:20.810+0000][gc,heap     ] GC(1026) Eden regions: 136->0(235)
[2026-01-16T09:50:20.812+0000][gc,heap     ] GC(1026) Survivor regions: 1->1(18)
[2026-01-16T09:50:20.812+0000][gc,heap     ] GC(1026) Old regions: 268->268
[2026-01-16T09:50:20.812+0000][gc,heap     ] GC(1026) Humongous regions: 112->112
[2026-01-16T09:50:20.813+0000][gc,metaspace] GC(1026) Metaspace: 13107K(13504K)->13107K(13504K) NonClass: 11985K(12160K)->11985K(12160K) Class: 1121K(1344K)->1121K(1344K)
[2026-01-16T09:50:20.813+0000][gc          ] GC(1026) Pause Young (Normal) (G1 Evacuation Pause) 516M->380M(1024M) 217.215ms
[2026-01-16T09:50:20.813+0000][gc,cpu      ] GC(1026) User=0.15s Sys=0.02s Real=0.22s
[2026-01-16T09:50:38.761+0000][gc,start    ] GC(1027) Pause Young (Normal) (G1 Evacuation Pause)
[2026-01-16T09:50:38.762+0000][gc,task     ] GC(1027) Using 8 workers of 8 for evacuation
[2026-01-16T09:50:39.015+0000][gc,mmu      ] GC(1027) MMU target violated: 201.0ms (200.0ms/201.0ms)
[2026-01-16T09:50:39.016+0000][gc,phases   ] GC(1027)   Pre Evacuate Collection Set: 30.1ms
[2026-01-16T09:50:39.016+0000][gc,phases   ] GC(1027)   Merge Heap Roots: 3.4ms
[2026-01-16T09:50:39.017+0000][gc,phases   ] GC(1027)   Evacuate Collection Set: 192.6ms
[2026-01-16T09:50:39.018+0000][gc,phases   ] GC(1027)   Post Evacuate Collection Set: 26.8ms
[2026-01-16T09:50:39.018+0000][gc,phases   ] GC(1027)   Other: 1.2ms
[2026-01-16T09:50:39.019+0000][gc,heap     ] GC(1027) Eden regions: 243->0(186)
[2026-01-16T09:50:39.019+0000][gc,heap     ] GC(1027) Survivor regions: 1->1(31)
[2026-01-16T09:50:39.019+0000][gc,heap     ] GC(1027) Old regions: 268->268
[2026-01-16T09:50:39.020+0000][gc,heap     ] GC(1027) Humongous regions: 112->112
[2026-01-16T09:50:39.020+0000][gc,metaspace] GC(1027) Metaspace: 13107K(13504K)->13107K(13504K) NonClass: 11985K(12160K)->11985K(12160K) Class: 1121K(1344K)->1121K(1344K)
[2026-01-16T09:50:39.023+0000][gc          ] GC(1027) Pause Young (Normal) (G1 Evacuation Pause) 623M->380M(1024M) 262.340ms
[2026-01-16T09:50:39.023+0000][gc,cpu      ] GC(1027) User=0.17s Sys=0.01s Real=0.26s
[2026-01-16T09:50:57.844+0000][gc,start    ] GC(1028) Pause Young (Normal) (G1 Evacuation Pause)
[2026-01-16T09:50:57.847+0000][gc,task     ] GC(1028) Using 8 workers of 8 for evacuation
[2026-01-16T09:50:58.099+0000][gc,mmu      ] GC(1028) MMU target violated: 201.0ms (200.0ms/201.0ms)
[2026-01-16T09:50:58.100+0000][gc,phases   ] GC(1028)   Pre Evacuate Collection Set: 36.2ms
[2026-01-16T09:50:58.101+0000][gc,phases   ] GC(1028)   Merge Heap Roots: 3.9ms
[2026-01-16T09:50:58.101+0000][gc,phases   ] GC(1028)   Evacuate Collection Set: 171.3ms
[2026-01-16T09:50:58.102+0000][gc,phases   ] GC(1028)   Post Evacuate Collection Set: 33.6ms
[2026-01-16T09:50:58.103+0000][gc,phases   ] GC(1028)   Other: 9.0ms
[2026-01-16T09:50:58.103+0000][gc,heap     ] GC(1028) Eden regions: 196->0(206)
[2026-01-16T09:50:58.103+0000][gc,heap     ] GC(1028) Survivor regions: 1->1(25)
[2026-01-16T09:50:58.104+0000][gc,heap     ] GC(1028) Old regions: 268->268
[2026-01-16T09:50:58.104+0000][gc,heap     ] GC(1028) Humongous regions: 112->112
[2026-01-16T09:50:58.104+0000][gc,metaspace] GC(1028) Metaspace: 13108K(13504K)->13108K(13504K) NonClass: 11986K(12160K)->11986K(12160K) Class: 1121K(1344K)->1121K(1344K)
[2026-01-16T09:50:58.105+0000][gc          ] GC(1028) Pause Young (Normal) (G1 Evacuation Pause) 576M->380M(1024M) 263.693ms
[2026-01-16T09:50:58.105+0000][gc,cpu      ] GC(1028) User=0.20s Sys=0.02s Real=0.26s
[2026-01-16T09:51:07.731+0000][gc,start    ] GC(1029) Pause Young (Normal) (G1 Evacuation Pause)
[2026-01-16T09:51:07.737+0000][gc,task     ] GC(1029) Using 8 workers of 8 for evacuation
[2026-01-16T09:51:07.807+0000][gc,phases   ] GC(1029)   Pre Evacuate Collection Set: 11.8ms
[2026-01-16T09:51:07.808+0000][gc,phases   ] GC(1029)   Merge Heap Roots: 1.3ms
[2026-01-16T09:51:07.810+0000][gc,phases   ] GC(1029)   Evacuate Collection Set: 39.6ms
[2026-01-16T09:51:07.811+0000][gc,phases   ] GC(1029)   Post Evacuate Collection Set: 16.8ms
[2026-01-16T09:51:07.815+0000][gc,phases   ] GC(1029)   Other: 2.5ms
[2026-01-16T09:51:07.817+0000][gc,heap     ] GC(1029) Eden regions: 162->0(279)
[2026-01-16T09:51:07.820+0000][gc,heap     ] GC(1029) Survivor regions: 1->2(21)
[2026-01-16T09:51:07.823+0000][gc,heap     ] GC(1029) Old regions: 268->268
[2026-01-16T09:51:07.823+0000][gc,heap     ] GC(1029) Humongous regions: 112->112
[2026-01-16T09:51:07.824+0000][gc,metaspace] GC(1029) Metaspace: 13108K(13504K)->13108K(13504K) NonClass: 11986K(12160K)->11986K(12160K) Class: 1121K(1344K)->1121K(1344K)
[2026-01-16T09:51:07.825+0000][gc          ] GC(1029) Pause Young (Normal) (G1 Evacuation Pause) 542M->380M(1024M) 93.951ms
[2026-01-16T09:51:07.827+0000][gc,cpu      ] GC(1029) User=0.08s Sys=0.00s Real=0.10s
[2026-01-16T09:51:37.244+0000][gc,start    ] GC(1030) Pause Young (Normal) (G1 Evacuation Pause)
[2026-01-16T09:51:37.249+0000][gc,task     ] GC(1030) Using 8 workers of 8 for evacuation
[2026-01-16T09:51:37.397+0000][gc,phases   ] GC(1030)   Pre Evacuate Collection Set: 41.7ms
[2026-01-16T09:51:37.398+0000][gc,phases   ] GC(1030)   Merge Heap Roots: 3.7ms
[2026-01-16T09:51:37.399+0000][gc,phases   ] GC(1030)   Evacuate Collection Set: 87.8ms
[2026-01-16T09:51:37.399+0000][gc,phases   ] GC(1030)   Post Evacuate Collection Set: 13.0ms
[2026-01-16T09:51:37.399+0000][gc,phases   ] GC(1030)   Other: 1.0ms
[2026-01-16T09:51:37.399+0000][gc,heap     ] GC(1030) Eden regions: 295->0(508)
[2026-01-16T09:51:37.400+0000][gc,heap     ] GC(1030) Survivor regions: 2->1(38)
[2026-01-16T09:51:37.400+0000][gc,heap     ] GC(1030) Old regions: 268->268
[2026-01-16T09:51:37.400+0000][gc,heap     ] GC(1030) Humongous regions: 112->112
[2026-01-16T09:51:37.400+0000][gc,metaspace] GC(1030) Metaspace: 13108K(13504K)->13108K(13504K) NonClass: 11986K(12160K)->11986K(12160K) Class: 1121K(1344K)->1121K(1344K)
[2026-01-16T09:51:37.401+0000][gc          ] GC(1030) Pause Young (Normal) (G1 Evacuation Pause) 675M->380M(1024M) 157.001ms
[2026-01-16T09:51:37.402+0000][gc,cpu      ] GC(1030) User=0.14s Sys=0.01s Real=0.16s
[2026-01-16T09:52:11.814+0000][gc,start    ] GC(1031) Pause Young (Normal) (G1 Evacuation Pause)
[2026-01-16T09:52:11.815+0000][gc,task     ] GC(1031) Using 8 workers of 8 for evacuation
[2026-01-16T09:52:11.927+0000][gc,phases   ] GC(1031)   Pre Evacuate Collection Set: 14.1ms
[2026-01-16T09:52:11.927+0000][gc,phases   ] GC(1031)   Merge Heap Roots: 3.4ms
[2026-01-16T09:52:11.927+0000][gc,phases   ] GC(1031)   Evacuate Collection Set: 76.5ms
[2026-01-16T09:52:11.927+0000][gc,phases   ] GC(1031)   Post Evacuate Collection Set: 16.9ms
[2026-01-16T09:52:11.927+0000][gc,phases   ] GC(1031)   Other: 0.7ms
[2026-01-16T09:52:11.928+0000][gc,heap     ] GC(1031) Eden regions: 431->0(588)
[2026-01-16T09:52:11.928+0000][gc,heap     ] GC(1031) Survivor regions: 1->2(54)
[2026-01-16T09:52:11.929+0000][gc,heap     ] GC(1031) Old regions: 268->268
[2026-01-16T09:52:11.929+0000][gc,heap     ] GC(1031) Humongous regions: 112->112
[2026-01-16T09:52:11.929+0000][gc,metaspace] GC(1031) Metaspace: 13108K(13504K)->13108K(13504K) NonClass: 11986K(12160K)->11986K(12160K) Class: 1121K(1344K)->1121K(1344K)
[2026-01-16T09:52:11.930+0000][gc          ] GC(1031) Pause Young (Normal) (G1 Evacuation Pause) 811M->381M(1024M) 116.322ms
[2026-01-16T09:52:11.931+0000][gc,cpu      ] GC(1031) User=0.18s Sys=0.04s Real=0.12s
[2026-01-16T09:53:06.494+0000][gc,start    ] GC(1032) Pause Young (Normal) (G1 Evacuation Pause)
[2026-01-16T09:53:06.501+0000][gc,task     ] GC(1032) Using 8 workers of 8 for evacuation
[2026-01-16T09:53:06.862+0000][gc,mmu      ] GC(1032) MMU target violated: 201.0ms (200.0ms/201.0ms)
[2026-01-16T09:53:06.884+0000][gc,phases   ] GC(1032)   Pre Evacuate Collection Set: 54.4ms
[2026-01-16T09:53:06.891+0000][gc,phases   ] GC(1032)   Merge Heap Roots: 8.1ms
[2026-01-16T09:53:06.892+0000][gc,phases   ] GC(1032)   Evacuate Collection Set: 211.4ms
[2026-01-16T09:53:06.893+0000][gc,phases   ] GC(1032)   Post Evacuate Collection Set: 86.0ms
[2026-01-16T09:53:06.924+0000][gc,phases   ] GC(1032)   Other: 23.5ms
[2026-01-16T09:53:06.941+0000][gc,heap     ] GC(1032) Eden regions: 574->0(547)
[2026-01-16T09:53:06.941+0000][gc,heap     ] GC(1032) Survivor regions: 2->1(68)
[2026-01-16T09:53:06.942+0000][gc,heap     ] GC(1032) Old regions: 268->268
[2026-01-16T09:53:06.942+0000][gc,heap     ] GC(1032) Humongous regions: 112->112
[2026-01-16T09:53:06.943+0000][gc,metaspace] GC(1032) Metaspace: 13108K(13504K)->13108K(13504K) NonClass: 11986K(12160K)->11986K(12160K) Class: 1121K(1344K)->1121K(1344K)
[2026-01-16T09:53:06.944+0000][gc          ] GC(1032) Pause Young (Normal) (G1 Evacuation Pause) 955M->380M(1024M) 454.673ms
[2026-01-16T09:53:06.944+0000][gc,cpu      ] GC(1032) User=0.18s Sys=0.03s Real=0.46s
[2026-01-16T09:53:45.893+0000][gc,start    ] GC(1033) Pause Young (Normal) (G1 Evacuation Pause)
[2026-01-16T09:53:45.901+0000][gc,task     ] GC(1033) Using 8 workers of 8 for evacuation
[2026-01-16T09:53:46.025+0000][gc,phases   ] GC(1033)   Pre Evacuate Collection Set: 16.4ms
[2026-01-16T09:53:46.026+0000][gc,phases   ] GC(1033)   Merge Heap Roots: 1.1ms
[2026-01-16T09:53:46.026+0000][gc,phases   ] GC(1033)   Evacuate Collection Set: 77.5ms
[2026-01-16T09:53:46.026+0000][gc,phases   ] GC(1033)   Post Evacuate Collection Set: 28.8ms
[2026-01-16T09:53:46.026+0000][gc,phases   ] GC(1033)   Other: 6.3ms
[2026-01-16T09:53:46.026+0000][gc,heap     ] GC(1033) Eden regions: 457->0(590)
[2026-01-16T09:53:46.026+0000][gc,heap     ] GC(1033) Survivor regions: 1->1(58)
[2026-01-16T09:53:46.027+0000][gc,heap     ] GC(1033) Old regions: 268->268
[2026-01-16T09:53:46.027+0000][gc,heap     ] GC(1033) Humongous regions: 112->112
[2026-01-16T09:53:46.027+0000][gc,metaspace] GC(1033) Metaspace: 13108K(13504K)->13108K(13504K) NonClass: 11986K(12160K)->11986K(12160K) Class: 1121K(1344K)->1121K(1344K)
[2026-01-16T09:53:46.029+0000][gc          ] GC(1033) Pause Young (Normal) (G1 Evacuation Pause) 837M->380M(1024M) 136.176ms
[2026-01-16T09:53:46.030+0000][gc,cpu      ] GC(1033) User=0.18s Sys=0.02s Real=0.13s
[2026-01-16T09:54:37.694+0000][gc,start    ] GC(1034) Pause Young (Normal) (G1 Evacuation Pause)
[2026-01-16T09:54:37.702+0000][gc,task     ] GC(1034) Using 8 workers of 8 for evacuation
[2026-01-16T09:54:37.878+0000][gc,phases   ] GC(1034)   Pre Evacuate Collection Set: 23.3ms
[2026-01-16T09:54:37.879+0000][gc,phases   ] GC(1034)   Merge Heap Roots: 13.3ms
[2026-01-16T09:54:37.879+0000][gc,phases   ] GC(1034)   Evacuate Collection Set: 108.3ms
[2026-01-16T09:54:37.883+0000][gc,phases   ] GC(1034)   Post Evacuate Collection Set: 29.1ms
[2026-01-16T09:54:37.886+0000][gc,phases   ] GC(1034)   Other: 2.2ms
[2026-01-16T09:54:37.915+0000][gc,heap     ] GC(1034) Eden regions: 590->0(590)
[2026-01-16T09:54:37.938+0000][gc,heap     ] GC(1034) Survivor regions: 1->1(53)
[2026-01-16T09:54:37.939+0000][gc,heap     ] GC(1034) Old regions: 268->268
[2026-01-16T09:54:37.941+0000][gc,heap     ] GC(1034) Humongous regions: 112->112
[2026-01-16T09:54:37.941+0000][gc,metaspace] GC(1034) Metaspace: 13108K(13504K)->13108K(13504K) NonClass: 11986K(12160K)->11986K(12160K) Class: 1121K(1344K)->1121K(1344K)
[2026-01-16T09:54:37.942+0000][gc          ] GC(1034) Pause Young (Normal) (G1 Evacuation Pause) 970M->380M(1024M) 247.931ms
[2026-01-16T09:54:37.942+0000][gc,cpu      ] GC(1034) User=0.26s Sys=0.02s Real=0.25s
[2026-01-16T09:55:26.945+0000][gc,start    ] GC(1035) Pause Young (Normal) (G1 Evacuation Pause)
[2026-01-16T09:55:26.946+0000][gc,task     ] GC(1035) Using 8 workers of 8 for evacuation
[2026-01-16T09:55:26.991+0000][gc,phases   ] GC(1035)   Pre Evacuate Collection Set: 6.6ms
[2026-01-16T09:55:26.991+0000][gc,phases   ] GC(1035)   Merge Heap Roots: 5.5ms
[2026-01-16T09:55:26.991+0000][gc,phases   ] GC(1035)   Evacuate Collection Set: 27.0ms
[2026-01-16T09:55:26.991+0000][gc,phases   ] GC(1035)   Post Evacuate Collection Set: 4.4ms
[2026-01-16T09:55:26.991+0000][gc,phases   ] GC(1035)   Other: 1.7ms
[2026-01-16T09:55:26.991+0000][gc,heap     ] GC(1035) Eden regions: 590->0(590)
[2026-01-16T09:55:26.991+0000][gc,heap     ] GC(1035) Survivor regions: 1->1(53)
[2026-01-16T09:55:26.991+0000][gc,heap     ] GC(1035) Old regions: 268->268
[2026-01-16T09:55:26.991+0000][gc,heap     ] GC(1035) Humongous regions: 112->112
[2026-01-16T09:55:26.991+0000][gc,metaspace] GC(1035) Metaspace: 13108K(13504K)->13108K(13504K) NonClass: 11986K(12160K)->11986K(12160K) Class: 1121K(1344K)->1121K(1344K)
[2026-01-16T09:55:26.992+0000][gc          ] GC(1035) Pause Young (Normal) (G1 Evacuation Pause) 970M->380M(1024M) 46.913ms
[2026-01-16T09:55:26.992+0000][gc,cpu      ] GC(1035) User=0.18s Sys=0.01s Real=0.05s
[2026-01-16T09:56:16.890+0000][gc,start    ] GC(1036) Pause Young (Normal) (G1 Evacuation Pause)
[2026-01-16T09:56:16.890+0000][gc,task     ] GC(1036) Using 8 workers of 8 for evacuation
[2026-01-16T09:56:16.920+0000][gc,phases   ] GC(1036)   Pre Evacuate Collection Set: 2.5ms
[2026-01-16T09:56:16.920+0000][gc,phases   ] GC(1036)   Merge Heap Roots: 0.9ms
[2026-01-16T09:56:16.920+0000][gc,phases   ] GC(1036)   Evacuate Collection Set: 21.9ms
[2026-01-16T09:56:16.920+0000][gc,phases   ] GC(1036)   Post Evacuate Collection Set: 3.3ms
[2026-01-16T09:56:16.920+0000][gc,phases   ] GC(1036)   Other: 0.8ms
[2026-01-16T09:56:16.920+0000][gc,heap     ] GC(1036) Eden regions: 590->0(588)
[2026-01-16T09:56:16.920+0000][gc,heap     ] GC(1036) Survivor regions: 1->2(53)
[2026-01-16T09:56:16.920+0000][gc,heap     ] GC(1036) Old regions: 268->268
[2026-01-16T09:56:16.920+0000][gc,heap     ] GC(1036) Humongous regions: 112->112
[2026-01-16T09:56:16.920+0000][gc,metaspace] GC(1036) Metaspace: 13108K(13504K)->13108K(13504K) NonClass: 11986K(12160K)->11986K(12160K) Class: 1121K(1344K)->1121K(1344K)
[2026-01-16T09:56:16.920+0000][gc          ] GC(1036) Pause Young (Normal) (G1 Evacuation Pause) 970M->381M(1024M) 30.866ms
[2026-01-16T09:56:16.921+0000][gc,cpu      ] GC(1036) User=0.14s Sys=0.02s Real=0.03s
[2026-01-16T09:57:09.169+0000][gc,start    ] GC(1037) Pause Young (Normal) (G1 Evacuation Pause)
[2026-01-16T09:57:09.172+0000][gc,task     ] GC(1037) Using 8 workers of 8 for evacuation
[2026-01-16T09:57:09.277+0000][gc,phases   ] GC(1037)   Pre Evacuate Collection Set: 22.5ms
[2026-01-16T09:57:09.278+0000][gc,phases   ] GC(1037)   Merge Heap Roots: 1.7ms
[2026-01-16T09:57:09.278+0000][gc,phases   ] GC(1037)   Evacuate Collection Set: 56.0ms
[2026-01-16T09:57:09.278+0000][gc,phases   ] GC(1037)   Post Evacuate Collection Set: 23.8ms
[2026-01-16T09:57:09.278+0000][gc,phases   ] GC(1037)   Other: 2.2ms
[2026-01-16T09:57:09.279+0000][gc,heap     ] GC(1037) Eden regions: 588->0(588)
[2026-01-16T09:57:09.279+0000][gc,heap     ] GC(1037) Survivor regions: 2->2(54)
[2026-01-16T09:57:09.279+0000][gc,heap     ] GC(1037) Old regions: 268->268
[2026-01-16T09:57:09.279+0000][gc,heap     ] GC(1037) Humongous regions: 112->112
[2026-01-16T09:57:09.279+0000][gc,metaspace] GC(1037) Metaspace: 13108K(13504K)->13108K(13504K) NonClass: 11986K(12160K)->11986K(12160K) Class: 1121K(1344K)->1121K(1344K)
[2026-01-16T09:57:09.280+0000][gc          ] GC(1037) Pause Young (Normal) (G1 Evacuation Pause) 969M->381M(1024M) 110.729ms
[2026-01-16T09:57:09.280+0000][gc,cpu      ] GC(1037) User=0.17s Sys=0.01s Real=0.11s
[2026-01-16T09:58:05.557+0000][gc,start    ] GC(1038) Pause Young (Normal) (G1 Evacuation Pause)
[2026-01-16T09:58:05.564+0000][gc,task     ] GC(1038) Using 8 workers of 8 for evacuation
[2026-01-16T09:58:05.659+0000][gc,phases   ] GC(1038)   Pre Evacuate Collection Set: 13.8ms
[2026-01-16T09:58:05.660+0000][gc,phases   ] GC(1038)   Merge Heap Roots: 1.0ms
[2026-01-16T09:58:05.660+0000][gc,phases   ] GC(1038)   Evacuate Collection Set: 69.1ms
[2026-01-16T09:58:05.660+0000][gc,phases   ] GC(1038)   Post Evacuate Collection Set: 9.8ms
[2026-01-16T09:58:05.661+0000][gc,phases   ] GC(1038)   Other: 2.0ms
[2026-01-16T09:58:05.661+0000][gc,heap     ] GC(1038) Eden regions: 588->0(588)
[2026-01-16T09:58:05.661+0000][gc,heap     ] GC(1038) Survivor regions: 2->2(54)
[2026-01-16T09:58:05.662+0000][gc,heap     ] GC(1038) Old regions: 268->268
[2026-01-16T09:58:05.662+0000][gc,heap     ] GC(1038) Humongous regions: 112->112
[2026-01-16T09:58:05.662+0000][gc,metaspace] GC(1038) Metaspace: 13108K(13504K)->13108K(13504K) NonClass: 11986K(12160K)->11986K(12160K) Class: 1121K(1344K)->1121K(1344K)
[2026-01-16T09:58:05.663+0000][gc          ] GC(1038) Pause Young (Normal) (G1 Evacuation Pause) 969M->381M(1024M) 106.408ms
[2026-01-16T09:58:05.665+0000][gc,cpu      ] GC(1038) User=0.23s Sys=0.01s Real=0.10s
[2026-01-16T09:58:56.764+0000][gc,start    ] GC(1039) Pause Young (Normal) (G1 Evacuation Pause)
[2026-01-16T09:58:56.775+0000][gc,task     ] GC(1039) Using 8 workers of 8 for evacuation
[2026-01-16T09:58:57.559+0000][gc,mmu      ] GC(1039) MMU target violated: 201.0ms (200.0ms/201.0ms)
[2026-01-16T09:58:57.560+0000][gc,phases   ] GC(1039)   Pre Evacuate Collection Set: 71.3ms
[2026-01-16T09:58:57.562+0000][gc,phases   ] GC(1039)   Merge Heap Roots: 9.1ms
[2026-01-16T09:58:57.563+0000][gc,phases   ] GC(1039)   Evacuate Collection Set: 646.7ms
[2026-01-16T09:58:57.566+0000][gc,phases   ] GC(1039)   Post Evacuate Collection Set: 50.3ms
[2026-01-16T09:58:57.566+0000][gc,phases   ] GC(1039)   Other: 10.8ms
[2026-01-16T09:58:57.567+0000][gc,heap     ] GC(1039) Eden regions: 588->0(50)
[2026-01-16T09:58:57.570+0000][gc,heap     ] GC(1039) Survivor regions: 2->1(54)
[2026-01-16T09:58:57.570+0000][gc,heap     ] GC(1039) Old regions: 268->268
[2026-01-16T09:58:57.570+0000][gc,heap     ] GC(1039) Humongous regions: 112->112
[2026-01-16T09:58:57.570+0000][gc,metaspace] GC(1039) Metaspace: 13108K(13504K)->13108K(13504K) NonClass: 11986K(12160K)->11986K(12160K) Class: 1121K(1344K)->1121K(1344K)
[2026-01-16T09:58:57.573+0000][gc          ] GC(1039) Pause Young (Normal) (G1 Evacuation Pause) 969M->380M(1024M) 808.866ms
[2026-01-16T09:58:57.575+0000][gc,cpu      ] GC(1039) User=0.39s Sys=0.05s Real=0.81s
[2026-01-16T09:59:01.722+0000][gc,start    ] GC(1040) Pause Young (Normal) (G1 Evacuation Pause)
[2026-01-16T09:59:01.724+0000][gc,task     ] GC(1040) Using 8 workers of 8 for evacuation
[2026-01-16T09:59:01.905+0000][gc,phases   ] GC(1040)   Pre Evacuate Collection Set: 33.9ms
[2026-01-16T09:59:01.907+0000][gc,phases   ] GC(1040)   Merge Heap Roots: 5.6ms
[2026-01-16T09:59:01.910+0000][gc,phases   ] GC(1040)   Evacuate Collection Set: 136.1ms
[2026-01-16T09:59:01.915+0000][gc,phases   ] GC(1040)   Post Evacuate Collection Set: 4.1ms
[2026-01-16T09:59:01.921+0000][gc,phases   ] GC(1040)   Other: 1.8ms
[2026-01-16T09:59:01.922+0000][gc,heap     ] GC(1040) Eden regions: 50->0(49)
[2026-01-16T09:59:01.924+0000][gc,heap     ] GC(1040) Survivor regions: 1->2(7)
[2026-01-16T09:59:01.925+0000][gc,heap     ] GC(1040) Old regions: 268->268
[2026-01-16T09:59:01.926+0000][gc,heap     ] GC(1040) Humongous regions: 112->112
[2026-01-16T09:59:01.927+0000][gc,metaspace] GC(1040) Metaspace: 13108K(13504K)->13108K(13504K) NonClass: 11986K(12160K)->11986K(12160K) Class: 1121K(1344K)->1121K(1344K)
[2026-01-16T09:59:01.928+0000][gc          ] GC(1040) Pause Young (Normal) (G1 Evacuation Pause) 430M->381M(1024M) 205.734ms
[2026-01-16T09:59:01.928+0000][gc,cpu      ] GC(1040) User=0.19s Sys=0.01s Real=0.20s
[2026-01-16T09:59:03.237+0000][gc,start    ] GC(1041) Pause Young (Normal) (G1 Evacuation Pause)
[2026-01-16T09:59:03.239+0000][gc,task     ] GC(1041) Using 8 workers of 8 for evacuation
[2026-01-16T09:59:03.312+0000][gc,phases   ] GC(1041)   Pre Evacuate Collection Set: 5.1ms
[2026-01-16T09:59:03.312+0000][gc,phases   ] GC(1041)   Merge Heap Roots: 3.3ms
[2026-01-16T09:59:03.313+0000][gc,phases   ] GC(1041)   Evacuate Collection Set: 62.1ms
[2026-01-16T09:59:03.313+0000][gc,phases   ] GC(1041)   Post Evacuate Collection Set: 2.4ms
[2026-01-16T09:59:03.314+0000][gc,phases   ] GC(1041)   Other: 0.3ms
[2026-01-16T09:59:03.315+0000][gc,heap     ] GC(1041) Eden regions: 49->0(49)
[2026-01-16T09:59:03.316+0000][gc,heap     ] GC(1041) Survivor regions: 2->2(7)
[2026-01-16T09:59:03.316+0000][gc,heap     ] GC(1041) Old regions: 268->268
[2026-01-16T09:59:03.316+0000][gc,heap     ] GC(1041) Humongous regions: 112->112
[2026-01-16T09:59:03.317+0000][gc,metaspace] GC(1041) Metaspace: 13108K(13504K)->13108K(13504K) NonClass: 11986K(12160K)->11986K(12160K) Class: 1121K(1344K)->1121K(1344K)
[2026-01-16T09:59:03.319+0000][gc          ] GC(1041) Pause Young (Normal) (G1 Evacuation Pause) 430M->381M(1024M) 81.174ms
[2026-01-16T09:59:03.319+0000][gc,cpu      ] GC(1041) User=0.08s Sys=0.01s Real=0.08s
[2026-01-16T09:59:07.237+0000][gc,start    ] GC(1042) Pause Young (Normal) (G1 Evacuation Pause)
[2026-01-16T09:59:07.238+0000][gc,task     ] GC(1042) Using 8 workers of 8 for evacuation
[2026-01-16T09:59:07.318+0000][gc,phases   ] GC(1042)   Pre Evacuate Collection Set: 4.1ms
[2026-01-16T09:59:07.319+0000][gc,phases   ] GC(1042)   Merge Heap Roots: 2.4ms
[2026-01-16T09:59:07.319+0000][gc,phases   ] GC(1042)   Evacuate Collection Set: 66.4ms
[2026-01-16T09:59:07.319+0000][gc,phases   ] GC(1042)   Post Evacuate Collection Set: 6.1ms
[2026-01-16T09:59:07.320+0000][gc,phases   ] GC(1042)   Other: 0.8ms
[2026-01-16T09:59:07.321+0000][gc,heap     ] GC(1042) Eden regions: 49->0(50)
[2026-01-16T09:59:07.322+0000][gc,heap     ] GC(1042) Survivor regions: 2->1(7)
[2026-01-16T09:59:07.323+0000][gc,heap     ] GC(1042) Old regions: 268->268
[2026-01-16T09:59:07.323+0000][gc,heap     ] GC(1042) Humongous regions: 112->112
[2026-01-16T09:59:07.324+0000][gc,metaspace] GC(1042) Metaspace: 13108K(13504K)->13108K(13504K) NonClass: 11986K(12160K)->11986K(12160K) Class: 1121K(1344K)->1121K(1344K)
[2026-01-16T09:59:07.327+0000][gc          ] GC(1042) Pause Young (Normal) (G1 Evacuation Pause) 430M->380M(1024M) 89.699ms
[2026-01-16T09:59:07.330+0000][gc,cpu      ] GC(1042) User=0.06s Sys=0.01s Real=0.09s
[2026-01-16T09:59:08.060+0000][gc,start    ] GC(1043) Pause Young (Normal) (G1 Evacuation Pause)
[2026-01-16T09:59:08.061+0000][gc,task     ] GC(1043) Using 8 workers of 8 for evacuation
[2026-01-16T09:59:08.080+0000][gc,phases   ] GC(1043)   Pre Evacuate Collection Set: 0.6ms
[2026-01-16T09:59:08.080+0000][gc,phases   ] GC(1043)   Merge Heap Roots: 0.2ms
[2026-01-16T09:59:08.081+0000][gc,phases   ] GC(1043)   Evacuate Collection Set: 16.8ms
[2026-01-16T09:59:08.081+0000][gc,phases   ] GC(1043)   Post Evacuate Collection Set: 0.9ms
[2026-01-16T09:59:08.081+0000][gc,phases   ] GC(1043)   Other: 0.4ms
[2026-01-16T09:59:08.081+0000][gc,heap     ] GC(1043) Eden regions: 50->0(49)
[2026-01-16T09:59:08.082+0000][gc,heap     ] GC(1043) Survivor regions: 1->2(7)
[2026-01-16T09:59:08.082+0000][gc,heap     ] GC(1043) Old regions: 268->268
[2026-01-16T09:59:08.082+0000][gc,heap     ] GC(1043) Humongous regions: 112->112
[2026-01-16T09:59:08.082+0000][gc,metaspace] GC(1043) Metaspace: 13108K(13504K)->13108K(13504K) NonClass: 11986K(12160K)->11986K(12160K) Class: 1121K(1344K)->1121K(1344K)
[2026-01-16T09:59:08.083+0000][gc          ] GC(1043) Pause Young (Normal) (G1 Evacuation Pause) 430M->381M(1024M) 23.001ms
[2026-01-16T09:59:08.084+0000][gc,cpu      ] GC(1043) User=0.03s Sys=0.00s Real=0.03s
[2026-01-16T09:59:16.636+0000][gc,start    ] GC(1044) Pause Young (Normal) (G1 Evacuation Pause)
[2026-01-16T09:59:16.641+0000][gc,task     ] GC(1044) Using 8 workers of 8 for evacuation
[2026-01-16T09:59:16.711+0000][gc,phases   ] GC(1044)   Pre Evacuate Collection Set: 5.6ms
[2026-01-16T09:59:16.715+0000][gc,phases   ] GC(1044)   Merge Heap Roots: 1.8ms
[2026-01-16T09:59:16.716+0000][gc,phases   ] GC(1044)   Evacuate Collection Set: 52.3ms
[2026-01-16T09:59:16.716+0000][gc,phases   ] GC(1044)   Post Evacuate Collection Set: 8.4ms
[2026-01-16T09:59:16.717+0000][gc,phases   ] GC(1044)   Other: 4.8ms
[2026-01-16T09:59:16.719+0000][gc,heap     ] GC(1044) Eden regions: 49->0(50)
[2026-01-16T09:59:16.721+0000][gc,heap     ] GC(1044) Survivor regions: 2->1(7)
[2026-01-16T09:59:16.721+0000][gc,heap     ] GC(1044) Old regions: 268->269
[2026-01-16T09:59:16.722+0000][gc,heap     ] GC(1044) Humongous regions: 112->112
[2026-01-16T09:59:16.726+0000][gc,metaspace] GC(1044) Metaspace: 13108K(13504K)->13108K(13504K) NonClass: 11986K(12160K)->11986K(12160K) Class: 1121K(1344K)->1121K(1344K)
[2026-01-16T09:59:16.732+0000][gc          ] GC(1044) Pause Young (Normal) (G1 Evacuation Pause) 430M->380M(1024M) 96.578ms
[2026-01-16T09:59:16.732+0000][gc,cpu      ] GC(1044) User=0.08s Sys=0.02s Real=0.10s
[2026-01-16T09:59:17.876+0000][gc,start    ] GC(1045) Pause Young (Normal) (G1 Evacuation Pause)
[2026-01-16T09:59:17.877+0000][gc,task     ] GC(1045) Using 8 workers of 8 for evacuation
[2026-01-16T09:59:17.907+0000][gc,phases   ] GC(1045)   Pre Evacuate Collection Set: 6.9ms
[2026-01-16T09:59:17.907+0000][gc,phases   ] GC(1045)   Merge Heap Roots: 0.7ms
[2026-01-16T09:59:17.908+0000][gc,phases   ] GC(1045)   Evacuate Collection Set: 19.2ms
[2026-01-16T09:59:17.908+0000][gc,phases   ] GC(1045)   Post Evacuate Collection Set: 1.0ms
[2026-01-16T09:59:17.908+0000][gc,phases   ] GC(1045)   Other: 2.4ms
[2026-01-16T09:59:17.909+0000][gc,heap     ] GC(1045) Eden regions: 50->0(49)
[2026-01-16T09:59:17.909+0000][gc,heap     ] GC(1045) Survivor regions: 1->2(7)
[2026-01-16T09:59:17.909+0000][gc,heap     ] GC(1045) Old regions: 269->269
[2026-01-16T09:59:17.909+0000][gc,heap     ] GC(1045) Humongous regions: 112->112
[2026-01-16T09:59:17.911+0000][gc,metaspace] GC(1045) Metaspace: 13108K(13504K)->13108K(13504K) NonClass: 11986K(12160K)->11986K(12160K) Class: 1121K(1344K)->1121K(1344K)
[2026-01-16T09:59:17.912+0000][gc          ] GC(1045) Pause Young (Normal) (G1 Evacuation Pause) 430M->381M(1024M) 35.542ms
[2026-01-16T09:59:17.912+0000][gc,cpu      ] GC(1045) User=0.03s Sys=0.01s Real=0.04s
[2026-01-16T09:59:26.263+0000][gc,start    ] GC(1046) Pause Young (Normal) (G1 Evacuation Pause)
[2026-01-16T09:59:26.265+0000][gc,task     ] GC(1046) Using 8 workers of 8 for evacuation
[2026-01-16T09:59:26.357+0000][gc,phases   ] GC(1046)   Pre Evacuate Collection Set: 13.0ms
[2026-01-16T09:59:26.358+0000][gc,phases   ] GC(1046)   Merge Heap Roots: 7.3ms
[2026-01-16T09:59:26.358+0000][gc,phases   ] GC(1046)   Evacuate Collection Set: 49.4ms
[2026-01-16T09:59:26.361+0000][gc,phases   ] GC(1046)   Post Evacuate Collection Set: 20.7ms
[2026-01-16T09:59:26.363+0000][gc,phases   ] GC(1046)   Other: 1.7ms
[2026-01-16T09:59:26.364+0000][gc,heap     ] GC(1046) Eden regions: 49->0(50)
[2026-01-16T09:59:26.367+0000][gc,heap     ] GC(1046) Survivor regions: 2->1(7)
[2026-01-16T09:59:26.368+0000][gc,heap     ] GC(1046) Old regions: 269->269
[2026-01-16T09:59:26.369+0000][gc,heap     ] GC(1046) Humongous regions: 112->112
[2026-01-16T09:59:26.373+0000][gc,metaspace] GC(1046) Metaspace: 13108K(13504K)->13108K(13504K) NonClass: 11986K(12160K)->11986K(12160K) Class: 1121K(1344K)->1121K(1344K)
[2026-01-16T09:59:26.373+0000][gc          ] GC(1046) Pause Young (Normal) (G1 Evacuation Pause) 430M->380M(1024M) 110.466ms
[2026-01-16T09:59:26.373+0000][gc,cpu      ] GC(1046) User=0.09s Sys=0.01s Real=0.11s
[2026-01-16T09:59:28.216+0000][gc,start    ] GC(1047) Pause Young (Normal) (G1 Evacuation Pause)
[2026-01-16T09:59:28.217+0000][gc,task     ] GC(1047) Using 8 workers of 8 for evacuation
[2026-01-16T09:59:28.499+0000][gc,mmu      ] GC(1047) MMU target violated: 201.0ms (200.0ms/201.0ms)
[2026-01-16T09:59:28.505+0000][gc,phases   ] GC(1047)   Pre Evacuate Collection Set: 25.3ms
[2026-01-16T09:59:28.505+0000][gc,phases   ] GC(1047)   Merge Heap Roots: 2.2ms
[2026-01-16T09:59:28.506+0000][gc,phases   ] GC(1047)   Evacuate Collection Set: 239.9ms
[2026-01-16T09:59:28.515+0000][gc,phases   ] GC(1047)   Post Evacuate Collection Set: 13.1ms
[2026-01-16T09:59:28.516+0000][gc,phases   ] GC(1047)   Other: 7.1ms
[2026-01-16T09:59:28.516+0000][gc,heap     ] GC(1047) Eden regions: 50->0(49)
[2026-01-16T09:59:28.516+0000][gc,heap     ] GC(1047) Survivor regions: 1->2(7)
[2026-01-16T09:59:28.517+0000][gc,heap     ] GC(1047) Old regions: 269->269
[2026-01-16T09:59:28.517+0000][gc,heap     ] GC(1047) Humongous regions: 112->112
[2026-01-16T09:59:28.525+0000][gc,metaspace] GC(1047) Metaspace: 13108K(13504K)->13108K(13504K) NonClass: 11986K(12160K)->11986K(12160K) Class: 1121K(1344K)->1121K(1344K)
[2026-01-16T09:59:28.526+0000][gc          ] GC(1047) Pause Young (Normal) (G1 Evacuation Pause) 430M->381M(1024M) 309.962ms
[2026-01-16T09:59:28.527+0000][gc,cpu      ] GC(1047) User=0.16s Sys=0.01s Real=0.31s
[2026-01-16T09:59:29.305+0000][gc,start    ] GC(1048) Pause Young (Normal) (G1 Evacuation Pause)
[2026-01-16T09:59:29.306+0000][gc,task     ] GC(1048) Using 8 workers of 8 for evacuation
[2026-01-16T09:59:29.364+0000][gc,phases   ] GC(1048)   Pre Evacuate Collection Set: 3.3ms
[2026-01-16T09:59:29.374+0000][gc,phases   ] GC(1048)   Merge Heap Roots: 0.3ms
[2026-01-16T09:59:29.386+0000][gc,phases   ] GC(1048)   Evacuate Collection Set: 52.4ms
[2026-01-16T09:59:29.390+0000][gc,phases   ] GC(1048)   Post Evacuate Collection Set: 1.4ms
[2026-01-16T09:59:29.392+0000][gc,phases   ] GC(1048)   Other: 0.9ms
[2026-01-16T09:59:29.398+0000][gc,heap     ] GC(1048) Eden regions: 49->0(49)
[2026-01-16T09:59:29.400+0000][gc,heap     ] GC(1048) Survivor regions: 2->2(7)
[2026-01-16T09:59:29.401+0000][gc,heap     ] GC(1048) Old regions: 269->269
[2026-01-16T09:59:29.402+0000][gc,heap     ] GC(1048) Humongous regions: 112->112
[2026-01-16T09:59:29.402+0000][gc,metaspace] GC(1048) Metaspace: 13108K(13504K)->13108K(13504K) NonClass: 11986K(12160K)->11986K(12160K) Class: 1121K(1344K)->1121K(1344K)
[2026-01-16T09:59:29.402+0000][gc          ] GC(1048) Pause Young (Normal) (G1 Evacuation Pause) 430M->381M(1024M) 97.378ms
[2026-01-16T09:59:29.403+0000][gc,cpu      ] GC(1048) User=0.04s Sys=0.01s Real=0.10s
[2026-01-16T09:59:38.497+0000][gc,start    ] GC(1049) Pause Young (Normal) (G1 Evacuation Pause)
[2026-01-16T09:59:38.499+0000][gc,task     ] GC(1049) Using 8 workers of 8 for evacuation
[2026-01-16T09:59:38.689+0000][gc,phases   ] GC(1049)   Pre Evacuate Collection Set: 18.9ms
[2026-01-16T09:59:38.691+0000][gc,phases   ] GC(1049)   Merge Heap Roots: 2.4ms
[2026-01-16T09:59:38.693+0000][gc,phases   ] GC(1049)   Evacuate Collection Set: 148.1ms
[2026-01-16T09:59:38.694+0000][gc,phases   ] GC(1049)   Post Evacuate Collection Set: 21.2ms
[2026-01-16T09:59:38.694+0000][gc,phases   ] GC(1049)   Other: 0.8ms
[2026-01-16T09:59:38.694+0000][gc,heap     ] GC(1049) Eden regions: 56->0(49)
[2026-01-16T09:59:38.695+0000][gc,heap     ] GC(1049) Survivor regions: 2->2(8)
[2026-01-16T09:59:38.695+0000][gc,heap     ] GC(1049) Old regions: 269->269
[2026-01-16T09:59:38.696+0000][gc,heap     ] GC(1049) Humongous regions: 112->112
[2026-01-16T09:59:38.697+0000][gc,metaspace] GC(1049) Metaspace: 13108K(13504K)->13108K(13504K) NonClass: 11986K(12160K)->11986K(12160K) Class: 1121K(1344K)->1121K(1344K)
[2026-01-16T09:59:38.699+0000][gc          ] GC(1049) Pause Young (Normal) (G1 Evacuation Pause) 437M->381M(1024M) 202.885ms
[2026-01-16T09:59:38.702+0000][gc,cpu      ] GC(1049) User=0.16s Sys=0.02s Real=0.21s
[2026-01-16T09:59:39.307+0000][gc,start    ] GC(1050) Pause Young (Normal) (G1 Evacuation Pause)
[2026-01-16T09:59:39.308+0000][gc,task     ] GC(1050) Using 8 workers of 8 for evacuation
[2026-01-16T09:59:39.338+0000][gc,phases   ] GC(1050)   Pre Evacuate Collection Set: 0.9ms
[2026-01-16T09:59:39.346+0000][gc,phases   ] GC(1050)   Merge Heap Roots: 0.4ms
[2026-01-16T09:59:39.348+0000][gc,phases   ] GC(1050)   Evacuate Collection Set: 27.4ms
[2026-01-16T09:59:39.350+0000][gc,phases   ] GC(1050)   Post Evacuate Collection Set: 0.6ms
[2026-01-16T09:59:39.351+0000][gc,phases   ] GC(1050)   Other: 0.6ms
[2026-01-16T09:59:39.351+0000][gc,heap     ] GC(1050) Eden regions: 49->0(49)
[2026-01-16T09:59:39.351+0000][gc,heap     ] GC(1050) Survivor regions: 2->2(7)
[2026-01-16T09:59:39.352+0000][gc,heap     ] GC(1050) Old regions: 269->269
[2026-01-16T09:59:39.352+0000][gc,heap     ] GC(1050) Humongous regions: 112->112
[2026-01-16T09:59:39.352+0000][gc,metaspace] GC(1050) Metaspace: 13108K(13504K)->13108K(13504K) NonClass: 11986K(12160K)->11986K(12160K) Class: 1121K(1344K)->1121K(1344K)
[2026-01-16T09:59:39.352+0000][gc          ] GC(1050) Pause Young (Normal) (G1 Evacuation Pause) 430M->381M(1024M) 44.910ms
[2026-01-16T09:59:39.352+0000][gc,cpu      ] GC(1050) User=0.04s Sys=0.00s Real=0.05s
[2026-01-16T09:59:48.762+0000][gc,start    ] GC(1051) Pause Young (Normal) (G1 Evacuation Pause)
[2026-01-16T09:59:48.767+0000][gc,task     ] GC(1051) Using 8 workers of 8 for evacuation
[2026-01-16T09:59:48.943+0000][gc,phases   ] GC(1051)   Pre Evacuate Collection Set: 24.3ms
[2026-01-16T09:59:48.944+0000][gc,phases   ] GC(1051)   Merge Heap Roots: 6.6ms
[2026-01-16T09:59:48.944+0000][gc,phases   ] GC(1051)   Evacuate Collection Set: 122.1ms
[2026-01-16T09:59:48.950+0000][gc,phases   ] GC(1051)   Post Evacuate Collection Set: 20.7ms
[2026-01-16T09:59:48.951+0000][gc,phases   ] GC(1051)   Other: 2.7ms
[2026-01-16T09:59:48.952+0000][gc,heap     ] GC(1051) Eden regions: 76->0(49)
[2026-01-16T09:59:48.954+0000][gc,heap     ] GC(1051) Survivor regions: 2->2(10)
[2026-01-16T09:59:48.956+0000][gc,heap     ] GC(1051) Old regions: 269->269
[2026-01-16T09:59:48.957+0000][gc,heap     ] GC(1051) Humongous regions: 112->112
[2026-01-16T09:59:48.957+0000][gc,metaspace] GC(1051) Metaspace: 13108K(13504K)->13108K(13504K) NonClass: 11986K(12160K)->11986K(12160K) Class: 1121K(1344K)->1121K(1344K)
[2026-01-16T09:59:48.959+0000][gc          ] GC(1051) Pause Young (Normal) (G1 Evacuation Pause) 457M->381M(1024M) 196.689ms
[2026-01-16T09:59:48.959+0000][gc,cpu      ] GC(1051) User=0.17s Sys=0.01s Real=0.20s
[2026-01-16T09:59:49.769+0000][gc,start    ] GC(1052) Pause Young (Normal) (G1 Evacuation Pause)
[2026-01-16T09:59:49.775+0000][gc,task     ] GC(1052) Using 8 workers of 8 for evacuation
[2026-01-16T09:59:49.817+0000][gc,phases   ] GC(1052)   Pre Evacuate Collection Set: 0.5ms
[2026-01-16T09:59:49.818+0000][gc,phases   ] GC(1052)   Merge Heap Roots: 0.3ms
[2026-01-16T09:59:49.818+0000][gc,phases   ] GC(1052)   Evacuate Collection Set: 38.0ms
[2026-01-16T09:59:49.819+0000][gc,phases   ] GC(1052)   Post Evacuate Collection Set: 2.7ms
[2026-01-16T09:59:49.819+0000][gc,phases   ] GC(1052)   Other: 1.3ms
[2026-01-16T09:59:49.819+0000][gc,heap     ] GC(1052) Eden regions: 49->0(49)
[2026-01-16T09:59:49.819+0000][gc,heap     ] GC(1052) Survivor regions: 2->2(7)
[2026-01-16T09:59:49.819+0000][gc,heap     ] GC(1052) Old regions: 269->269
[2026-01-16T09:59:49.819+0000][gc,heap     ] GC(1052) Humongous regions: 112->112
[2026-01-16T09:59:49.819+0000][gc,metaspace] GC(1052) Metaspace: 13108K(13504K)->13108K(13504K) NonClass: 11986K(12160K)->11986K(12160K) Class: 1121K(1344K)->1121K(1344K)
[2026-01-16T09:59:49.819+0000][gc          ] GC(1052) Pause Young (Normal) (G1 Evacuation Pause) 430M->381M(1024M) 50.196ms
[2026-01-16T09:59:49.819+0000][gc,cpu      ] GC(1052) User=0.04s Sys=0.01s Real=0.05s
[2026-01-16T10:00:00.913+0000][gc,start    ] GC(1053) Pause Young (Normal) (G1 Evacuation Pause)
[2026-01-16T10:00:00.916+0000][gc,task     ] GC(1053) Using 8 workers of 8 for evacuation
[2026-01-16T10:00:01.151+0000][gc,mmu      ] GC(1053) MMU target violated: 201.0ms (200.0ms/201.0ms)
[2026-01-16T10:00:01.153+0000][gc,phases   ] GC(1053)   Pre Evacuate Collection Set: 8.2ms
[2026-01-16T10:00:01.154+0000][gc,phases   ] GC(1053)   Merge Heap Roots: 1.6ms
[2026-01-16T10:00:01.158+0000][gc,phases   ] GC(1053)   Evacuate Collection Set: 186.3ms
[2026-01-16T10:00:01.161+0000][gc,phases   ] GC(1053)   Post Evacuate Collection Set: 35.9ms
[2026-01-16T10:00:01.163+0000][gc,phases   ] GC(1053)   Other: 5.2ms
[2026-01-16T10:00:01.164+0000][gc,heap     ] GC(1053) Eden regions: 92->0(49)
[2026-01-16T10:00:01.164+0000][gc,heap     ] GC(1053) Survivor regions: 2->2(12)
[2026-01-16T10:00:01.164+0000][gc,heap     ] GC(1053) Old regions: 269->269
[2026-01-16T10:00:01.165+0000][gc,heap     ] GC(1053) Humongous regions: 112->112
[2026-01-16T10:00:01.165+0000][gc,metaspace] GC(1053) Metaspace: 13108K(13504K)->13108K(13504K) NonClass: 11986K(12160K)->11986K(12160K) Class: 1121K(1344K)->1121K(1344K)
[2026-01-16T10:00:01.166+0000][gc          ] GC(1053) Pause Young (Normal) (G1 Evacuation Pause) 473M->381M(1024M) 253.442ms
[2026-01-16T10:00:01.168+0000][gc,cpu      ] GC(1053) User=0.22s Sys=0.01s Real=0.25s
[2026-01-16T10:00:07.452+0000][gc,start    ] GC(1054) Pause Young (Normal) (G1 Evacuation Pause)
[2026-01-16T10:00:07.453+0000][gc,task     ] GC(1054) Using 8 workers of 8 for evacuation
[2026-01-16T10:00:07.603+0000][gc,phases   ] GC(1054)   Pre Evacuate Collection Set: 28.7ms
[2026-01-16T10:00:07.606+0000][gc,phases   ] GC(1054)   Merge Heap Roots: 0.4ms
[2026-01-16T10:00:07.607+0000][gc,phases   ] GC(1054)   Evacuate Collection Set: 105.3ms
[2026-01-16T10:00:07.607+0000][gc,phases   ] GC(1054)   Post Evacuate Collection Set: 14.5ms
[2026-01-16T10:00:07.607+0000][gc,phases   ] GC(1054)   Other: 1.6ms
[2026-01-16T10:00:07.609+0000][gc,heap     ] GC(1054) Eden regions: 60->0(50)
[2026-01-16T10:00:07.610+0000][gc,heap     ] GC(1054) Survivor regions: 2->1(8)
[2026-01-16T10:00:07.610+0000][gc,heap     ] GC(1054) Old regions: 269->269
[2026-01-16T10:00:07.611+0000][gc,heap     ] GC(1054) Humongous regions: 112->112
[2026-01-16T10:00:07.611+0000][gc,metaspace] GC(1054) Metaspace: 13108K(13504K)->13108K(13504K) NonClass: 11986K(12160K)->11986K(12160K) Class: 1121K(1344K)->1121K(1344K)
[2026-01-16T10:00:07.611+0000][gc          ] GC(1054) Pause Young (Normal) (G1 Evacuation Pause) 441M->380M(1024M) 159.474ms
[2026-01-16T10:00:07.611+0000][gc,cpu      ] GC(1054) User=0.11s Sys=0.01s Real=0.16s
[2026-01-16T10:00:26.520+0000][gc,start    ] GC(1055) Pause Young (Normal) (G1 Evacuation Pause)
[2026-01-16T10:00:26.522+0000][gc,task     ] GC(1055) Using 8 workers of 8 for evacuation
[2026-01-16T10:00:26.880+0000][gc,mmu      ] GC(1055) MMU target violated: 201.0ms (200.0ms/201.0ms)
[2026-01-16T10:00:26.881+0000][gc,phases   ] GC(1055)   Pre Evacuate Collection Set: 49.6ms
[2026-01-16T10:00:26.881+0000][gc,phases   ] GC(1055)   Merge Heap Roots: 18.4ms
[2026-01-16T10:00:26.889+0000][gc,phases   ] GC(1055)   Evacuate Collection Set: 200.0ms
[2026-01-16T10:00:26.893+0000][gc,phases   ] GC(1055)   Post Evacuate Collection Set: 84.1ms
[2026-01-16T10:00:26.893+0000][gc,phases   ] GC(1055)   Other: 7.5ms
[2026-01-16T10:00:26.894+0000][gc,heap     ] GC(1055) Eden regions: 207->0(50)
[2026-01-16T10:00:26.894+0000][gc,heap     ] GC(1055) Survivor regions: 1->1(26)
[2026-01-16T10:00:26.894+0000][gc,heap     ] GC(1055) Old regions: 269->269
[2026-01-16T10:00:26.894+0000][gc,heap     ] GC(1055) Humongous regions: 112->112
[2026-01-16T10:00:26.895+0000][gc,metaspace] GC(1055) Metaspace: 13108K(13504K)->13108K(13504K) NonClass: 11986K(12160K)->11986K(12160K) Class: 1121K(1344K)->1121K(1344K)
[2026-01-16T10:00:26.907+0000][gc          ] GC(1055) Pause Young (Normal) (G1 Evacuation Pause) 587M->380M(1024M) 376.001ms
[2026-01-16T10:00:26.908+0000][gc,cpu      ] GC(1055) User=0.15s Sys=0.01s Real=0.39s
[2026-01-16T10:00:29.609+0000][gc,start    ] GC(1056) Pause Young (Normal) (G1 Evacuation Pause)
[2026-01-16T10:00:29.610+0000][gc,task     ] GC(1056) Using 8 workers of 8 for evacuation
[2026-01-16T10:00:29.849+0000][gc,mmu      ] GC(1056) MMU target violated: 201.0ms (200.0ms/201.0ms)
[2026-01-16T10:00:29.851+0000][gc,phases   ] GC(1056)   Pre Evacuate Collection Set: 7.5ms
[2026-01-16T10:00:29.851+0000][gc,phases   ] GC(1056)   Merge Heap Roots: 0.9ms
[2026-01-16T10:00:29.854+0000][gc,phases   ] GC(1056)   Evacuate Collection Set: 219.8ms
[2026-01-16T10:00:29.859+0000][gc,phases   ] GC(1056)   Post Evacuate Collection Set: 7.3ms
[2026-01-16T10:00:29.862+0000][gc,phases   ] GC(1056)   Other: 4.9ms
[2026-01-16T10:00:29.871+0000][gc,heap     ] GC(1056) Eden regions: 50->0(50)
[2026-01-16T10:00:29.871+0000][gc,heap     ] GC(1056) Survivor regions: 1->1(7)
[2026-01-16T10:00:29.872+0000][gc,heap     ] GC(1056) Old regions: 269->269
[2026-01-16T10:00:29.873+0000][gc,heap     ] GC(1056) Humongous regions: 112->112
[2026-01-16T10:00:29.874+0000][gc,metaspace] GC(1056) Metaspace: 13108K(13504K)->13108K(13504K) NonClass: 11986K(12160K)->11986K(12160K) Class: 1121K(1344K)->1121K(1344K)
[2026-01-16T10:00:29.876+0000][gc          ] GC(1056) Pause Young (Normal) (G1 Evacuation Pause) 430M->381M(1024M) 266.730ms
[2026-01-16T10:00:29.885+0000][gc,cpu      ] GC(1056) User=0.08s Sys=0.01s Real=0.27s
[2026-01-16T10:00:31.212+0000][gc,start    ] GC(1057) Pause Young (Normal) (G1 Evacuation Pause)
[2026-01-16T10:00:31.215+0000][gc,task     ] GC(1057) Using 8 workers of 8 for evacuation
[2026-01-16T10:00:31.319+0000][gc,phases   ] GC(1057)   Pre Evacuate Collection Set: 5.4ms
[2026-01-16T10:00:31.326+0000][gc,phases   ] GC(1057)   Merge Heap Roots: 0.4ms
[2026-01-16T10:00:31.327+0000][gc,phases   ] GC(1057)   Evacuate Collection Set: 93.5ms
[2026-01-16T10:00:31.330+0000][gc,phases   ] GC(1057)   Post Evacuate Collection Set: 2.3ms
[2026-01-16T10:00:31.331+0000][gc,phases   ] GC(1057)   Other: 4.3ms
[2026-01-16T10:00:31.331+0000][gc,heap     ] GC(1057) Eden regions: 50->0(49)
[2026-01-16T10:00:31.346+0000][gc,heap     ] GC(1057) Survivor regions: 1->2(7)
[2026-01-16T10:00:31.346+0000][gc,heap     ] GC(1057) Old regions: 269->269
[2026-01-16T10:00:31.347+0000][gc,heap     ] GC(1057) Humongous regions: 112->112
[2026-01-16T10:00:31.358+0000][gc,metaspace] GC(1057) Metaspace: 13108K(13504K)->13108K(13504K) NonClass: 11986K(12160K)->11986K(12160K) Class: 1121K(1344K)->1121K(1344K)
[2026-01-16T10:00:31.359+0000][gc          ] GC(1057) Pause Young (Normal) (G1 Evacuation Pause) 431M->381M(1024M) 146.357ms
[2026-01-16T10:00:31.359+0000][gc,cpu      ] GC(1057) User=0.06s Sys=0.01s Real=0.15s
[2026-01-16T10:00:38.555+0000][gc,start    ] GC(1058) Pause Young (Normal) (G1 Evacuation Pause)
[2026-01-16T10:00:38.556+0000][gc,task     ] GC(1058) Using 8 workers of 8 for evacuation
[2026-01-16T10:00:38.852+0000][gc,mmu      ] GC(1058) MMU target violated: 201.0ms (200.0ms/201.0ms)
[2026-01-16T10:00:38.857+0000][gc,phases   ] GC(1058)   Pre Evacuate Collection Set: 87.5ms
[2026-01-16T10:00:38.857+0000][gc,phases   ] GC(1058)   Merge Heap Roots: 3.5ms
[2026-01-16T10:00:38.857+0000][gc,phases   ] GC(1058)   Evacuate Collection Set: 172.1ms
[2026-01-16T10:00:38.858+0000][gc,phases   ] GC(1058)   Post Evacuate Collection Set: 34.1ms
[2026-01-16T10:00:38.858+0000][gc,phases   ] GC(1058)   Other: 7.4ms
[2026-01-16T10:00:38.858+0000][gc,heap     ] GC(1058) Eden regions: 49->0(50)
[2026-01-16T10:00:38.858+0000][gc,heap     ] GC(1058) Survivor regions: 2->1(7)
[2026-01-16T10:00:38.858+0000][gc,heap     ] GC(1058) Old regions: 269->269
[2026-01-16T10:00:38.859+0000][gc,heap     ] GC(1058) Humongous regions: 112->112
[2026-01-16T10:00:38.859+0000][gc,metaspace] GC(1058) Metaspace: 13108K(13504K)->13108K(13504K) NonClass: 11986K(12160K)->11986K(12160K) Class: 1121K(1344K)->1121K(1344K)
[2026-01-16T10:00:38.861+0000][gc          ] GC(1058) Pause Young (Normal) (G1 Evacuation Pause) 430M->381M(1024M) 308.889ms
[2026-01-16T10:00:38.865+0000][gc,cpu      ] GC(1058) User=0.16s Sys=0.04s Real=0.31s
[2026-01-16T10:00:39.935+0000][gc,start    ] GC(1059) Pause Young (Normal) (G1 Evacuation Pause)
[2026-01-16T10:00:39.935+0000][gc,task     ] GC(1059) Using 8 workers of 8 for evacuation
[2026-01-16T10:00:39.991+0000][gc,phases   ] GC(1059)   Pre Evacuate Collection Set: 2.2ms
[2026-01-16T10:00:39.995+0000][gc,phases   ] GC(1059)   Merge Heap Roots: 0.7ms
[2026-01-16T10:00:39.997+0000][gc,phases   ] GC(1059)   Evacuate Collection Set: 50.7ms
[2026-01-16T10:00:40.004+0000][gc,phases   ] GC(1059)   Post Evacuate Collection Set: 2.0ms
[2026-01-16T10:00:40.004+0000][gc,phases   ] GC(1059)   Other: 0.5ms
[2026-01-16T10:00:40.004+0000][gc,heap     ] GC(1059) Eden regions: 50->0(49)
[2026-01-16T10:00:40.008+0000][gc,heap     ] GC(1059) Survivor regions: 1->2(7)
[2026-01-16T10:00:40.008+0000][gc,heap     ] GC(1059) Old regions: 269->269
[2026-01-16T10:00:40.011+0000][gc,heap     ] GC(1059) Humongous regions: 112->112
[2026-01-16T10:00:40.011+0000][gc,metaspace] GC(1059) Metaspace: 13108K(13504K)->13108K(13504K) NonClass: 11986K(12160K)->11986K(12160K) Class: 1121K(1344K)->1121K(1344K)
[2026-01-16T10:00:40.011+0000][gc          ] GC(1059) Pause Young (Normal) (G1 Evacuation Pause) 431M->381M(1024M) 76.649ms
[2026-01-16T10:00:40.012+0000][gc,cpu      ] GC(1059) User=0.04s Sys=0.00s Real=0.07s
[2026-01-16T10:00:47.231+0000][gc,start    ] GC(1060) Pause Young (Normal) (G1 Evacuation Pause)
[2026-01-16T10:00:47.261+0000][gc,task     ] GC(1060) Using 8 workers of 8 for evacuation
[2026-01-16T10:00:47.451+0000][gc,phases   ] GC(1060)   Pre Evacuate Collection Set: 29.4ms
[2026-01-16T10:00:47.454+0000][gc,phases   ] GC(1060)   Merge Heap Roots: 1.2ms
[2026-01-16T10:00:47.454+0000][gc,phases   ] GC(1060)   Evacuate Collection Set: 118.9ms
[2026-01-16T10:00:47.454+0000][gc,phases   ] GC(1060)   Post Evacuate Collection Set: 34.9ms
[2026-01-16T10:00:47.454+0000][gc,phases   ] GC(1060)   Other: 5.2ms
[2026-01-16T10:00:47.454+0000][gc,heap     ] GC(1060) Eden regions: 49->0(50)
[2026-01-16T10:00:47.454+0000][gc,heap     ] GC(1060) Survivor regions: 2->1(7)
[2026-01-16T10:00:47.454+0000][gc,heap     ] GC(1060) Old regions: 269->269
[2026-01-16T10:00:47.454+0000][gc,heap     ] GC(1060) Humongous regions: 112->112
[2026-01-16T10:00:47.454+0000][gc,metaspace] GC(1060) Metaspace: 13108K(13504K)->13108K(13504K) NonClass: 11986K(12160K)->11986K(12160K) Class: 1121K(1344K)->1121K(1344K)
[2026-01-16T10:00:47.456+0000][gc          ] GC(1060) Pause Young (Normal) (G1 Evacuation Pause) 430M->381M(1024M) 224.935ms
[2026-01-16T10:00:47.456+0000][gc,cpu      ] GC(1060) User=0.12s Sys=0.02s Real=0.23s
[2026-01-16T10:00:48.358+0000][gc,start    ] GC(1061) Pause Young (Normal) (G1 Evacuation Pause)
[2026-01-16T10:00:48.360+0000][gc,task     ] GC(1061) Using 8 workers of 8 for evacuation
[2026-01-16T10:00:48.392+0000][gc,phases   ] GC(1061)   Pre Evacuate Collection Set: 2.2ms
[2026-01-16T10:00:48.394+0000][gc,phases   ] GC(1061)   Merge Heap Roots: 1.7ms
[2026-01-16T10:00:48.397+0000][gc,phases   ] GC(1061)   Evacuate Collection Set: 21.0ms
[2026-01-16T10:00:48.397+0000][gc,phases   ] GC(1061)   Post Evacuate Collection Set: 4.0ms
[2026-01-16T10:00:48.398+0000][gc,phases   ] GC(1061)   Other: 2.9ms
[2026-01-16T10:00:48.398+0000][gc,heap     ] GC(1061) Eden regions: 50->0(49)
[2026-01-16T10:00:48.398+0000][gc,heap     ] GC(1061) Survivor regions: 1->2(7)
[2026-01-16T10:00:48.399+0000][gc,heap     ] GC(1061) Old regions: 269->269
[2026-01-16T10:00:48.399+0000][gc,heap     ] GC(1061) Humongous regions: 112->112
[2026-01-16T10:00:48.399+0000][gc,metaspace] GC(1061) Metaspace: 13108K(13504K)->13108K(13504K) NonClass: 11986K(12160K)->11986K(12160K) Class: 1121K(1344K)->1121K(1344K)
[2026-01-16T10:00:48.400+0000][gc          ] GC(1061) Pause Young (Normal) (G1 Evacuation Pause) 431M->381M(1024M) 41.358ms
[2026-01-16T10:00:48.400+0000][gc,cpu      ] GC(1061) User=0.02s Sys=0.00s Real=0.04s
[2026-01-16T10:00:57.359+0000][gc,start    ] GC(1062) Pause Young (Normal) (G1 Evacuation Pause)
[2026-01-16T10:00:57.363+0000][gc,task     ] GC(1062) Using 8 workers of 8 for evacuation
[2026-01-16T10:00:57.623+0000][gc,mmu      ] GC(1062) MMU target violated: 201.0ms (200.0ms/201.0ms)
[2026-01-16T10:00:57.624+0000][gc,phases   ] GC(1062)   Pre Evacuate Collection Set: 33.3ms
[2026-01-16T10:00:57.624+0000][gc,phases   ] GC(1062)   Merge Heap Roots: 2.7ms
[2026-01-16T10:00:57.624+0000][gc,phases   ] GC(1062)   Evacuate Collection Set: 201.5ms
[2026-01-16T10:00:57.625+0000][gc,phases   ] GC(1062)   Post Evacuate Collection Set: 16.9ms
[2026-01-16T10:00:57.625+0000][gc,phases   ] GC(1062)   Other: 6.7ms
[2026-01-16T10:00:57.625+0000][gc,heap     ] GC(1062) Eden regions: 49->0(96)
[2026-01-16T10:00:57.625+0000][gc,heap     ] GC(1062) Survivor regions: 2->1(7)
[2026-01-16T10:00:57.626+0000][gc,heap     ] GC(1062) Old regions: 269->269
[2026-01-16T10:00:57.626+0000][gc,heap     ] GC(1062) Humongous regions: 112->112
[2026-01-16T10:00:57.628+0000][gc,metaspace] GC(1062) Metaspace: 13108K(13504K)->13108K(13504K) NonClass: 11986K(12160K)->11986K(12160K) Class: 1121K(1344K)->1121K(1344K)
[2026-01-16T10:00:57.630+0000][gc          ] GC(1062) Pause Young (Normal) (G1 Evacuation Pause) 430M->380M(1024M) 272.008ms
[2026-01-16T10:00:57.631+0000][gc,cpu      ] GC(1062) User=0.12s Sys=0.04s Real=0.27s
[2026-01-16T10:01:01.335+0000][gc,start    ] GC(1063) Pause Young (Normal) (G1 Evacuation Pause)
[2026-01-16T10:01:01.349+0000][gc,task     ] GC(1063) Using 8 workers of 8 for evacuation
[2026-01-16T10:01:01.706+0000][gc,mmu      ] GC(1063) MMU target violated: 201.0ms (200.0ms/201.0ms)
[2026-01-16T10:01:01.708+0000][gc,phases   ] GC(1063)   Pre Evacuate Collection Set: 16.2ms
[2026-01-16T10:01:01.708+0000][gc,phases   ] GC(1063)   Merge Heap Roots: 15.0ms
[2026-01-16T10:01:01.708+0000][gc,phases   ] GC(1063)   Evacuate Collection Set: 313.4ms
[2026-01-16T10:01:01.709+0000][gc,phases   ] GC(1063)   Post Evacuate Collection Set: 7.9ms
[2026-01-16T10:01:01.709+0000][gc,phases   ] GC(1063)   Other: 8.7ms
[2026-01-16T10:01:01.710+0000][gc,heap     ] GC(1063) Eden regions: 83->0(49)
[2026-01-16T10:01:01.710+0000][gc,heap     ] GC(1063) Survivor regions: 1->2(11)
[2026-01-16T10:01:01.710+0000][gc,heap     ] GC(1063) Old regions: 269->269
[2026-01-16T10:01:01.711+0000][gc,heap     ] GC(1063) Humongous regions: 112->112
[2026-01-16T10:01:01.711+0000][gc,metaspace] GC(1063) Metaspace: 13108K(13504K)->13108K(13504K) NonClass: 11986K(12160K)->11986K(12160K) Class: 1121K(1344K)->1121K(1344K)
[2026-01-16T10:01:01.713+0000][gc          ] GC(1063) Pause Young (Normal) (G1 Evacuation Pause) 463M->381M(1024M) 378.828ms
[2026-01-16T10:01:01.714+0000][gc,cpu      ] GC(1063) User=0.15s Sys=0.01s Real=0.38s
[2026-01-16T10:01:07.804+0000][gc,start    ] GC(1064) Pause Young (Normal) (G1 Evacuation Pause)
[2026-01-16T10:01:07.808+0000][gc,task     ] GC(1064) Using 8 workers of 8 for evacuation
[2026-01-16T10:01:07.886+0000][gc,phases   ] GC(1064)   Pre Evacuate Collection Set: 8.1ms
[2026-01-16T10:01:07.887+0000][gc,phases   ] GC(1064)   Merge Heap Roots: 1.5ms
[2026-01-16T10:01:07.888+0000][gc,phases   ] GC(1064)   Evacuate Collection Set: 63.0ms
[2026-01-16T10:01:07.888+0000][gc,phases   ] GC(1064)   Post Evacuate Collection Set: 4.0ms
[2026-01-16T10:01:07.888+0000][gc,phases   ] GC(1064)   Other: 2.3ms
[2026-01-16T10:01:07.889+0000][gc,heap     ] GC(1064) Eden regions: 49->0(50)
[2026-01-16T10:01:07.891+0000][gc,heap     ] GC(1064) Survivor regions: 2->1(7)
[2026-01-16T10:01:07.891+0000][gc,heap     ] GC(1064) Old regions: 269->269
[2026-01-16T10:01:07.891+0000][gc,heap     ] GC(1064) Humongous regions: 112->112
[2026-01-16T10:01:07.892+0000][gc,metaspace] GC(1064) Metaspace: 13108K(13504K)->13108K(13504K) NonClass: 11986K(12160K)->11986K(12160K) Class: 1121K(1344K)->1121K(1344K)
[2026-01-16T10:01:07.892+0000][gc          ] GC(1064) Pause Young (Normal) (G1 Evacuation Pause) 430M->381M(1024M) 88.112ms
[2026-01-16T10:01:07.893+0000][gc,cpu      ] GC(1064) User=0.09s Sys=0.01s Real=0.09s
[2026-01-16T10:01:09.358+0000][gc,start    ] GC(1065) Pause Young (Normal) (G1 Evacuation Pause)
[2026-01-16T10:01:09.362+0000][gc,task     ] GC(1065) Using 8 workers of 8 for evacuation
[2026-01-16T10:01:09.408+0000][gc,phases   ] GC(1065)   Pre Evacuate Collection Set: 7.8ms
[2026-01-16T10:01:09.408+0000][gc,phases   ] GC(1065)   Merge Heap Roots: 0.6ms
[2026-01-16T10:01:09.408+0000][gc,phases   ] GC(1065)   Evacuate Collection Set: 33.6ms
[2026-01-16T10:01:09.409+0000][gc,phases   ] GC(1065)   Post Evacuate Collection Set: 2.6ms
[2026-01-16T10:01:09.409+0000][gc,phases   ] GC(1065)   Other: 1.5ms
[2026-01-16T10:01:09.409+0000][gc,heap     ] GC(1065) Eden regions: 50->0(50)
[2026-01-16T10:01:09.409+0000][gc,heap     ] GC(1065) Survivor regions: 1->2(7)
[2026-01-16T10:01:09.409+0000][gc,heap     ] GC(1065) Old regions: 269->269
[2026-01-16T10:01:09.409+0000][gc,heap     ] GC(1065) Humongous regions: 112->112
[2026-01-16T10:01:09.410+0000][gc,metaspace] GC(1065) Metaspace: 13108K(13504K)->13108K(13504K) NonClass: 11986K(12160K)->11986K(12160K) Class: 1121K(1344K)->1121K(1344K)
[2026-01-16T10:01:09.410+0000][gc          ] GC(1065) Pause Young (Normal) (G1 Evacuation Pause) 431M->381M(1024M) 51.458ms
[2026-01-16T10:01:09.410+0000][gc,cpu      ] GC(1065) User=0.03s Sys=0.00s Real=0.05s
[2026-01-16T10:01:17.306+0000][gc,start    ] GC(1066) Pause Young (Normal) (G1 Evacuation Pause)
[2026-01-16T10:01:17.315+0000][gc,task     ] GC(1066) Using 8 workers of 8 for evacuation
[2026-01-16T10:01:17.547+0000][gc,mmu      ] GC(1066) MMU target violated: 201.0ms (200.0ms/201.0ms)
[2026-01-16T10:01:17.548+0000][gc,phases   ] GC(1066)   Pre Evacuate Collection Set: 41.6ms
[2026-01-16T10:01:17.548+0000][gc,phases   ] GC(1066)   Merge Heap Roots: 0.6ms
[2026-01-16T10:01:17.550+0000][gc,phases   ] GC(1066)   Evacuate Collection Set: 165.8ms
[2026-01-16T10:01:17.551+0000][gc,phases   ] GC(1066)   Post Evacuate Collection Set: 23.5ms
[2026-01-16T10:01:17.552+0000][gc,phases   ] GC(1066)   Other: 3.1ms
[2026-01-16T10:01:17.552+0000][gc,heap     ] GC(1066) Eden regions: 67->0(60)
[2026-01-16T10:01:17.552+0000][gc,heap     ] GC(1066) Survivor regions: 2->1(9)
[2026-01-16T10:01:17.552+0000][gc,heap     ] GC(1066) Old regions: 269->269
[2026-01-16T10:01:17.553+0000][gc,heap     ] GC(1066) Humongous regions: 112->112
[2026-01-16T10:01:17.554+0000][gc,metaspace] GC(1066) Metaspace: 13108K(13504K)->13108K(13504K) NonClass: 11986K(12160K)->11986K(12160K) Class: 1121K(1344K)->1121K(1344K)
[2026-01-16T10:01:17.555+0000][gc          ] GC(1066) Pause Young (Normal) (G1 Evacuation Pause) 448M->381M(1024M) 248.957ms
[2026-01-16T10:01:17.555+0000][gc,cpu      ] GC(1066) User=0.14s Sys=0.01s Real=0.24s
[2026-01-16T10:01:19.002+0000][gc,start    ] GC(1067) Pause Young (Normal) (G1 Evacuation Pause)
[2026-01-16T10:01:19.003+0000][gc,task     ] GC(1067) Using 8 workers of 8 for evacuation
[2026-01-16T10:01:19.057+0000][gc,phases   ] GC(1067)   Pre Evacuate Collection Set: 10.0ms
[2026-01-16T10:01:19.057+0000][gc,phases   ] GC(1067)   Merge Heap Roots: 1.2ms
[2026-01-16T10:01:19.057+0000][gc,phases   ] GC(1067)   Evacuate Collection Set: 33.5ms
[2026-01-16T10:01:19.057+0000][gc,phases   ] GC(1067)   Post Evacuate Collection Set: 6.4ms
[2026-01-16T10:01:19.057+0000][gc,phases   ] GC(1067)   Other: 2.7ms
[2026-01-16T10:01:19.058+0000][gc,heap     ] GC(1067) Eden regions: 59->0(60)
[2026-01-16T10:01:19.058+0000][gc,heap     ] GC(1067) Survivor regions: 1->2(8)
[2026-01-16T10:01:19.058+0000][gc,heap     ] GC(1067) Old regions: 269->269
[2026-01-16T10:01:19.058+0000][gc,heap     ] GC(1067) Humongous regions: 112->112
[2026-01-16T10:01:19.058+0000][gc,metaspace] GC(1067) Metaspace: 13108K(13504K)->13108K(13504K) NonClass: 11986K(12160K)->11986K(12160K) Class: 1121K(1344K)->1121K(1344K)
[2026-01-16T10:01:19.058+0000][gc          ] GC(1067) Pause Young (Normal) (G1 Evacuation Pause) 440M->381M(1024M) 55.305ms
[2026-01-16T10:01:19.058+0000][gc,cpu      ] GC(1067) User=0.05s Sys=0.00s Real=0.06s
[2026-01-16T10:01:28.788+0000][gc,start    ] GC(1068) Pause Young (Normal) (G1 Evacuation Pause)
[2026-01-16T10:01:28.797+0000][gc,task     ] GC(1068) Using 8 workers of 8 for evacuation
[2026-01-16T10:01:28.916+0000][gc,phases   ] GC(1068)   Pre Evacuate Collection Set: 44.2ms
[2026-01-16T10:01:28.917+0000][gc,phases   ] GC(1068)   Merge Heap Roots: 1.8ms
[2026-01-16T10:01:28.918+0000][gc,phases   ] GC(1068)   Evacuate Collection Set: 61.3ms
[2026-01-16T10:01:28.918+0000][gc,phases   ] GC(1068)   Post Evacuate Collection Set: 4.9ms
[2026-01-16T10:01:28.919+0000][gc,phases   ] GC(1068)   Other: 7.7ms
[2026-01-16T10:01:28.919+0000][gc,heap     ] GC(1068) Eden regions: 69->0(108)
[2026-01-16T10:01:28.920+0000][gc,heap     ] GC(1068) Survivor regions: 2->1(9)
[2026-01-16T10:01:28.922+0000][gc,heap     ] GC(1068) Old regions: 269->269
[2026-01-16T10:01:28.927+0000][gc,heap     ] GC(1068) Humongous regions: 112->112
[2026-01-16T10:01:28.928+0000][gc,metaspace] GC(1068) Metaspace: 13108K(13504K)->13108K(13504K) NonClass: 11986K(12160K)->11986K(12160K) Class: 1121K(1344K)->1121K(1344K)
[2026-01-16T10:01:28.929+0000][gc          ] GC(1068) Pause Young (Normal) (G1 Evacuation Pause) 450M->381M(1024M) 140.984ms
[2026-01-16T10:01:28.929+0000][gc,cpu      ] GC(1068) User=0.10s Sys=0.01s Real=0.14s
[2026-01-16T10:01:37.455+0000][gc,start    ] GC(1069) Pause Young (Normal) (G1 Evacuation Pause)
[2026-01-16T10:01:37.469+0000][gc,task     ] GC(1069) Using 8 workers of 8 for evacuation
[2026-01-16T10:01:37.666+0000][gc,phases   ] GC(1069)   Pre Evacuate Collection Set: 60.0ms
[2026-01-16T10:01:37.670+0000][gc,phases   ] GC(1069)   Merge Heap Roots: 4.9ms
[2026-01-16T10:01:37.674+0000][gc,phases   ] GC(1069)   Evacuate Collection Set: 84.9ms
[2026-01-16T10:01:37.675+0000][gc,phases   ] GC(1069)   Post Evacuate Collection Set: 39.3ms
[2026-01-16T10:01:37.681+0000][gc,phases   ] GC(1069)   Other: 14.3ms
[2026-01-16T10:01:37.681+0000][gc,heap     ] GC(1069) Eden regions: 82->0(50)
[2026-01-16T10:01:37.681+0000][gc,heap     ] GC(1069) Survivor regions: 1->1(11)
[2026-01-16T10:01:37.682+0000][gc,heap     ] GC(1069) Old regions: 269->269
[2026-01-16T10:01:37.682+0000][gc,heap     ] GC(1069) Humongous regions: 112->112
[2026-01-16T10:01:37.682+0000][gc,metaspace] GC(1069) Metaspace: 13108K(13504K)->13108K(13504K) NonClass: 11986K(12160K)->11986K(12160K) Class: 1121K(1344K)->1121K(1344K)
[2026-01-16T10:01:37.683+0000][gc          ] GC(1069) Pause Young (Normal) (G1 Evacuation Pause) 463M->380M(1024M) 228.094ms
[2026-01-16T10:01:37.683+0000][gc,cpu      ] GC(1069) User=0.14s Sys=0.02s Real=0.23s
[2026-01-16T10:01:40.194+0000][gc,start    ] GC(1070) Pause Young (Normal) (G1 Evacuation Pause)
[2026-01-16T10:01:40.201+0000][gc,task     ] GC(1070) Using 8 workers of 8 for evacuation
[2026-01-16T10:01:40.426+0000][gc,mmu      ] GC(1070) MMU target violated: 201.0ms (200.0ms/201.0ms)
[2026-01-16T10:01:40.427+0000][gc,phases   ] GC(1070)   Pre Evacuate Collection Set: 26.2ms
[2026-01-16T10:01:40.430+0000][gc,phases   ] GC(1070)   Merge Heap Roots: 4.1ms
[2026-01-16T10:01:40.432+0000][gc,phases   ] GC(1070)   Evacuate Collection Set: 184.7ms
[2026-01-16T10:01:40.434+0000][gc,phases   ] GC(1070)   Post Evacuate Collection Set: 8.5ms
[2026-01-16T10:01:40.435+0000][gc,phases   ] GC(1070)   Other: 3.8ms
[2026-01-16T10:01:40.437+0000][gc,heap     ] GC(1070) Eden regions: 50->0(50)
[2026-01-16T10:01:40.441+0000][gc,heap     ] GC(1070) Survivor regions: 1->1(7)
[2026-01-16T10:01:40.442+0000][gc,heap     ] GC(1070) Old regions: 269->269
[2026-01-16T10:01:40.442+0000][gc,heap     ] GC(1070) Humongous regions: 112->112
[2026-01-16T10:01:40.443+0000][gc,metaspace] GC(1070) Metaspace: 13108K(13504K)->13108K(13504K) NonClass: 11986K(12160K)->11986K(12160K) Class: 1121K(1344K)->1121K(1344K)
[2026-01-16T10:01:40.444+0000][gc          ] GC(1070) Pause Young (Normal) (G1 Evacuation Pause) 430M->381M(1024M) 249.454ms
[2026-01-16T10:01:40.447+0000][gc,cpu      ] GC(1070) User=0.18s Sys=0.01s Real=0.25s
[2026-01-16T10:01:45.901+0000][gc,start    ] GC(1071) Pause Young (Normal) (G1 Evacuation Pause)
[2026-01-16T10:01:45.902+0000][gc,task     ] GC(1071) Using 8 workers of 8 for evacuation
[2026-01-16T10:01:45.969+0000][gc,phases   ] GC(1071)   Pre Evacuate Collection Set: 9.5ms
[2026-01-16T10:01:45.970+0000][gc,phases   ] GC(1071)   Merge Heap Roots: 1.2ms
[2026-01-16T10:01:45.970+0000][gc,phases   ] GC(1071)   Evacuate Collection Set: 46.0ms
[2026-01-16T10:01:45.970+0000][gc,phases   ] GC(1071)   Post Evacuate Collection Set: 8.7ms
[2026-01-16T10:01:45.970+0000][gc,phases   ] GC(1071)   Other: 1.9ms
[2026-01-16T10:01:45.971+0000][gc,heap     ] GC(1071) Eden regions: 50->0(97)
[2026-01-16T10:01:45.971+0000][gc,heap     ] GC(1071) Survivor regions: 1->1(7)
[2026-01-16T10:01:45.971+0000][gc,heap     ] GC(1071) Old regions: 269->269
[2026-01-16T10:01:45.971+0000][gc,heap     ] GC(1071) Humongous regions: 112->112
[2026-01-16T10:01:45.972+0000][gc,metaspace] GC(1071) Metaspace: 13108K(13504K)->13108K(13504K) NonClass: 11986K(12160K)->11986K(12160K) Class: 1121K(1344K)->1121K(1344K)
[2026-01-16T10:01:45.972+0000][gc          ] GC(1071) Pause Young (Normal) (G1 Evacuation Pause) 431M->380M(1024M) 71.432ms
[2026-01-16T10:01:45.972+0000][gc,cpu      ] GC(1071) User=0.07s Sys=0.00s Real=0.08s
[2026-01-16T10:01:48.229+0000][gc,start    ] GC(1072) Pause Young (Normal) (G1 Evacuation Pause)
[2026-01-16T10:01:48.230+0000][gc,task     ] GC(1072) Using 8 workers of 8 for evacuation
[2026-01-16T10:01:48.278+0000][gc,phases   ] GC(1072)   Pre Evacuate Collection Set: 3.9ms
[2026-01-16T10:01:48.281+0000][gc,phases   ] GC(1072)   Merge Heap Roots: 1.0ms
[2026-01-16T10:01:48.282+0000][gc,phases   ] GC(1072)   Evacuate Collection Set: 36.7ms
[2026-01-16T10:01:48.282+0000][gc,phases   ] GC(1072)   Post Evacuate Collection Set: 5.6ms
[2026-01-16T10:01:48.283+0000][gc,phases   ] GC(1072)   Other: 0.4ms
[2026-01-16T10:01:48.283+0000][gc,heap     ] GC(1072) Eden regions: 88->0(96)
[2026-01-16T10:01:48.283+0000][gc,heap     ] GC(1072) Survivor regions: 1->2(12)
[2026-01-16T10:01:48.283+0000][gc,heap     ] GC(1072) Old regions: 269->269
[2026-01-16T10:01:48.284+0000][gc,heap     ] GC(1072) Humongous regions: 112->112
[2026-01-16T10:01:48.284+0000][gc,metaspace] GC(1072) Metaspace: 13108K(13504K)->13108K(13504K) NonClass: 11986K(12160K)->11986K(12160K) Class: 1121K(1344K)->1121K(1344K)
[2026-01-16T10:01:48.284+0000][gc          ] GC(1072) Pause Young (Normal) (G1 Evacuation Pause) 468M->381M(1024M) 54.905ms
[2026-01-16T10:01:48.285+0000][gc,cpu      ] GC(1072) User=0.11s Sys=0.00s Real=0.06s
[2026-01-16T10:01:58.476+0000][gc,start    ] GC(1073) Pause Young (Normal) (G1 Evacuation Pause)
[2026-01-16T10:01:58.477+0000][gc,task     ] GC(1073) Using 8 workers of 8 for evacuation
[2026-01-16T10:01:58.531+0000][gc,phases   ] GC(1073)   Pre Evacuate Collection Set: 4.5ms
[2026-01-16T10:01:58.532+0000][gc,phases   ] GC(1073)   Merge Heap Roots: 3.5ms
[2026-01-16T10:01:58.532+0000][gc,phases   ] GC(1073)   Evacuate Collection Set: 41.6ms
[2026-01-16T10:01:58.533+0000][gc,phases   ] GC(1073)   Post Evacuate Collection Set: 4.0ms
[2026-01-16T10:01:58.534+0000][gc,phases   ] GC(1073)   Other: 0.5ms
[2026-01-16T10:01:58.534+0000][gc,heap     ] GC(1073) Eden regions: 112->0(115)
[2026-01-16T10:01:58.535+0000][gc,heap     ] GC(1073) Survivor regions: 2->2(15)
[2026-01-16T10:01:58.535+0000][gc,heap     ] GC(1073) Old regions: 269->269
[2026-01-16T10:01:58.535+0000][gc,heap     ] GC(1073) Humongous regions: 112->112
[2026-01-16T10:01:58.535+0000][gc,metaspace] GC(1073) Metaspace: 13145K(13568K)->13145K(13568K) NonClass: 12023K(12224K)->12023K(12224K) Class: 1121K(1344K)->1121K(1344K)
[2026-01-16T10:01:58.536+0000][gc          ] GC(1073) Pause Young (Normal) (G1 Evacuation Pause) 493M->381M(1024M) 59.222ms
[2026-01-16T10:01:58.536+0000][gc,cpu      ] GC(1073) User=0.11s Sys=0.02s Real=0.06s
[2026-01-16T10:02:08.231+0000][gc,start    ] GC(1074) Pause Young (Normal) (G1 Evacuation Pause)
[2026-01-16T10:02:08.232+0000][gc,task     ] GC(1074) Using 8 workers of 8 for evacuation
[2026-01-16T10:02:08.295+0000][gc,phases   ] GC(1074)   Pre Evacuate Collection Set: 6.3ms
[2026-01-16T10:02:08.295+0000][gc,phases   ] GC(1074)   Merge Heap Roots: 0.4ms
[2026-01-16T10:02:08.296+0000][gc,phases   ] GC(1074)   Evacuate Collection Set: 43.1ms
[2026-01-16T10:02:08.296+0000][gc,phases   ] GC(1074)   Post Evacuate Collection Set: 12.1ms
[2026-01-16T10:02:08.297+0000][gc,phases   ] GC(1074)   Other: 0.7ms
[2026-01-16T10:02:08.297+0000][gc,heap     ] GC(1074) Eden regions: 118->0(126)
[2026-01-16T10:02:08.298+0000][gc,heap     ] GC(1074) Survivor regions: 2->2(15)
[2026-01-16T10:02:08.299+0000][gc,heap     ] GC(1074) Old regions: 269->269
[2026-01-16T10:02:08.299+0000][gc,heap     ] GC(1074) Humongous regions: 112->112
[2026-01-16T10:02:08.300+0000][gc,metaspace] GC(1074) Metaspace: 13149K(13568K)->13149K(13568K) NonClass: 12027K(12224K)->12027K(12224K) Class: 1121K(1344K)->1121K(1344K)
[2026-01-16T10:02:08.302+0000][gc          ] GC(1074) Pause Young (Normal) (G1 Evacuation Pause) 499M->381M(1024M) 70.395ms
[2026-01-16T10:02:08.303+0000][gc,cpu      ] GC(1074) User=0.11s Sys=0.01s Real=0.08s
[2026-01-16T10:02:18.186+0000][gc,start    ] GC(1075) Pause Young (Normal) (G1 Evacuation Pause)
[2026-01-16T10:02:18.188+0000][gc,task     ] GC(1075) Using 8 workers of 8 for evacuation
[2026-01-16T10:02:18.294+0000][gc,phases   ] GC(1075)   Pre Evacuate Collection Set: 7.7ms
[2026-01-16T10:02:18.295+0000][gc,phases   ] GC(1075)   Merge Heap Roots: 3.0ms
[2026-01-16T10:02:18.297+0000][gc,phases   ] GC(1075)   Evacuate Collection Set: 84.0ms
[2026-01-16T10:02:18.299+0000][gc,phases   ] GC(1075)   Post Evacuate Collection Set: 9.9ms
[2026-01-16T10:02:18.301+0000][gc,phases   ] GC(1075)   Other: 1.4ms
[2026-01-16T10:02:18.305+0000][gc,heap     ] GC(1075) Eden regions: 111->0(144)
[2026-01-16T10:02:18.314+0000][gc,heap     ] GC(1075) Survivor regions: 2->2(15)
[2026-01-16T10:02:18.315+0000][gc,heap     ] GC(1075) Old regions: 269->269
[2026-01-16T10:02:18.315+0000][gc,heap     ] GC(1075) Humongous regions: 112->112
[2026-01-16T10:02:18.316+0000][gc,metaspace] GC(1075) Metaspace: 13160K(13568K)->13160K(13568K) NonClass: 12038K(12224K)->12038K(12224K) Class: 1121K(1344K)->1121K(1344K)
[2026-01-16T10:02:18.316+0000][gc          ] GC(1075) Pause Young (Normal) (G1 Evacuation Pause) 492M->381M(1024M) 129.803ms
[2026-01-16T10:02:18.317+0000][gc,cpu      ] GC(1075) User=0.13s Sys=0.01s Real=0.13s
[2026-01-16T10:02:28.482+0000][gc,start    ] GC(1076) Pause Young (Normal) (G1 Evacuation Pause)
[2026-01-16T10:02:28.489+0000][gc,task     ] GC(1076) Using 8 workers of 8 for evacuation
[2026-01-16T10:02:28.583+0000][gc,phases   ] GC(1076)   Pre Evacuate Collection Set: 18.0ms
[2026-01-16T10:02:28.584+0000][gc,phases   ] GC(1076)   Merge Heap Roots: 1.4ms
[2026-01-16T10:02:28.584+0000][gc,phases   ] GC(1076)   Evacuate Collection Set: 51.3ms
[2026-01-16T10:02:28.584+0000][gc,phases   ] GC(1076)   Post Evacuate Collection Set: 4.4ms
[2026-01-16T10:02:28.585+0000][gc,phases   ] GC(1076)   Other: 20.8ms
[2026-01-16T10:02:28.585+0000][gc,heap     ] GC(1076) Eden regions: 113->0(169)
[2026-01-16T10:02:28.585+0000][gc,heap     ] GC(1076) Survivor regions: 2->2(15)
[2026-01-16T10:02:28.586+0000][gc,heap     ] GC(1076) Old regions: 269->269
[2026-01-16T10:02:28.586+0000][gc,heap     ] GC(1076) Humongous regions: 112->112
[2026-01-16T10:02:28.586+0000][gc,metaspace] GC(1076) Metaspace: 13160K(13568K)->13160K(13568K) NonClass: 12038K(12224K)->12038K(12224K) Class: 1121K(1344K)->1121K(1344K)
[2026-01-16T10:02:28.587+0000][gc          ] GC(1076) Pause Young (Normal) (G1 Evacuation Pause) 494M->381M(1024M) 104.599ms
[2026-01-16T10:02:28.588+0000][gc,cpu      ] GC(1076) User=0.12s Sys=0.03s Real=0.11s
[2026-01-16T10:02:45.853+0000][gc,start    ] GC(1077) Pause Young (Normal) (G1 Evacuation Pause)
[2026-01-16T10:02:45.858+0000][gc,task     ] GC(1077) Using 8 workers of 8 for evacuation
[2026-01-16T10:02:45.910+0000][gc,phases   ] GC(1077)   Pre Evacuate Collection Set: 8.6ms
[2026-01-16T10:02:45.912+0000][gc,phases   ] GC(1077)   Merge Heap Roots: 0.7ms
[2026-01-16T10:02:45.912+0000][gc,phases   ] GC(1077)   Evacuate Collection Set: 32.2ms
[2026-01-16T10:02:45.912+0000][gc,phases   ] GC(1077)   Post Evacuate Collection Set: 8.7ms
[2026-01-16T10:02:45.913+0000][gc,phases   ] GC(1077)   Other: 1.8ms
[2026-01-16T10:02:45.913+0000][gc,heap     ] GC(1077) Eden regions: 142->0(249)
[2026-01-16T10:02:45.913+0000][gc,heap     ] GC(1077) Survivor regions: 2->1(18)
[2026-01-16T10:02:45.913+0000][gc,heap     ] GC(1077) Old regions: 269->269
[2026-01-16T10:02:45.914+0000][gc,heap     ] GC(1077) Humongous regions: 112->112
[2026-01-16T10:02:45.914+0000][gc,metaspace] GC(1077) Metaspace: 13160K(13568K)->13160K(13568K) NonClass: 12038K(12224K)->12038K(12224K) Class: 1121K(1344K)->1121K(1344K)
[2026-01-16T10:02:45.914+0000][gc          ] GC(1077) Pause Young (Normal) (G1 Evacuation Pause) 523M->381M(1024M) 62.476ms
[2026-01-16T10:02:45.915+0000][gc,cpu      ] GC(1077) User=0.11s Sys=0.01s Real=0.06s
[2026-01-16T10:03:00.285+0000][gc,start    ] GC(1078) Pause Young (Normal) (G1 Evacuation Pause)
[2026-01-16T10:03:00.300+0000][gc,task     ] GC(1078) Using 8 workers of 8 for evacuation
[2026-01-16T10:03:00.521+0000][gc,mmu      ] GC(1078) MMU target violated: 201.0ms (200.0ms/201.0ms)
[2026-01-16T10:03:00.524+0000][gc,phases   ] GC(1078)   Pre Evacuate Collection Set: 17.4ms
[2026-01-16T10:03:00.524+0000][gc,phases   ] GC(1078)   Merge Heap Roots: 2.1ms
[2026-01-16T10:03:00.525+0000][gc,phases   ] GC(1078)   Evacuate Collection Set: 178.1ms
[2026-01-16T10:03:00.525+0000][gc,phases   ] GC(1078)   Post Evacuate Collection Set: 15.4ms
[2026-01-16T10:03:00.525+0000][gc,phases   ] GC(1078)   Other: 10.7ms
[2026-01-16T10:03:00.525+0000][gc,heap     ] GC(1078) Eden regions: 183->0(55)
[2026-01-16T10:03:00.525+0000][gc,heap     ] GC(1078) Survivor regions: 1->2(23)
[2026-01-16T10:03:00.525+0000][gc,heap     ] GC(1078) Old regions: 269->269
[2026-01-16T10:03:00.525+0000][gc,heap     ] GC(1078) Humongous regions: 112->112
[2026-01-16T10:03:00.525+0000][gc,metaspace] GC(1078) Metaspace: 13160K(13568K)->13160K(13568K) NonClass: 12038K(12224K)->12038K(12224K) Class: 1121K(1344K)->1121K(1344K)
[2026-01-16T10:03:00.525+0000][gc          ] GC(1078) Pause Young (Normal) (G1 Evacuation Pause) 564M->381M(1024M) 240.485ms
[2026-01-16T10:03:00.525+0000][gc,cpu      ] GC(1078) User=0.15s Sys=0.02s Real=0.24s
[2026-01-16T10:03:08.618+0000][gc,start    ] GC(1079) Pause Young (Normal) (G1 Evacuation Pause)
[2026-01-16T10:03:08.619+0000][gc,task     ] GC(1079) Using 8 workers of 8 for evacuation
[2026-01-16T10:03:08.644+0000][gc,phases   ] GC(1079)   Pre Evacuate Collection Set: 4.7ms
[2026-01-16T10:03:08.645+0000][gc,phases   ] GC(1079)   Merge Heap Roots: 4.4ms
[2026-01-16T10:03:08.647+0000][gc,phases   ] GC(1079)   Evacuate Collection Set: 12.1ms
[2026-01-16T10:03:08.649+0000][gc,phases   ] GC(1079)   Post Evacuate Collection Set: 3.3ms
[2026-01-16T10:03:08.651+0000][gc,phases   ] GC(1079)   Other: 0.9ms
[2026-01-16T10:03:08.653+0000][gc,heap     ] GC(1079) Eden regions: 152->0(85)
[2026-01-16T10:03:08.653+0000][gc,heap     ] GC(1079) Survivor regions: 2->2(20)
[2026-01-16T10:03:08.653+0000][gc,heap     ] GC(1079) Old regions: 269->269
[2026-01-16T10:03:08.654+0000][gc,heap     ] GC(1079) Humongous regions: 112->112
[2026-01-16T10:03:08.654+0000][gc,metaspace] GC(1079) Metaspace: 13160K(13568K)->13160K(13568K) NonClass: 12038K(12224K)->12038K(12224K) Class: 1121K(1344K)->1121K(1344K)
[2026-01-16T10:03:08.654+0000][gc          ] GC(1079) Pause Young (Normal) (G1 Evacuation Pause) 533M->381M(1024M) 36.338ms
[2026-01-16T10:03:08.654+0000][gc,cpu      ] GC(1079) User=0.08s Sys=0.00s Real=0.03s
[2026-01-16T10:03:19.707+0000][gc,start    ] GC(1080) Pause Young (Normal) (G1 Evacuation Pause)
[2026-01-16T10:03:19.730+0000][gc,task     ] GC(1080) Using 8 workers of 8 for evacuation
[2026-01-16T10:03:19.928+0000][gc,phases   ] GC(1080)   Pre Evacuate Collection Set: 27.1ms
[2026-01-16T10:03:19.931+0000][gc,phases   ] GC(1080)   Merge Heap Roots: 12.2ms
[2026-01-16T10:03:19.931+0000][gc,phases   ] GC(1080)   Evacuate Collection Set: 137.3ms
[2026-01-16T10:03:19.931+0000][gc,phases   ] GC(1080)   Post Evacuate Collection Set: 14.2ms
[2026-01-16T10:03:19.932+0000][gc,phases   ] GC(1080)   Other: 7.3ms
[2026-01-16T10:03:19.939+0000][gc,heap     ] GC(1080) Eden regions: 93->0(59)
[2026-01-16T10:03:19.940+0000][gc,heap     ] GC(1080) Survivor regions: 2->2(12)
[2026-01-16T10:03:19.940+0000][gc,heap     ] GC(1080) Old regions: 269->269
[2026-01-16T10:03:19.940+0000][gc,heap     ] GC(1080) Humongous regions: 112->112
[2026-01-16T10:03:19.941+0000][gc,metaspace] GC(1080) Metaspace: 13160K(13568K)->13160K(13568K) NonClass: 12038K(12224K)->12038K(12224K) Class: 1121K(1344K)->1121K(1344K)
[2026-01-16T10:03:19.941+0000][gc          ] GC(1080) Pause Young (Normal) (G1 Evacuation Pause) 474M->381M(1024M) 233.928ms
[2026-01-16T10:03:19.941+0000][gc,cpu      ] GC(1080) User=0.17s Sys=0.01s Real=0.24s
[2026-01-16T10:03:26.685+0000][gc,start    ] GC(1081) Pause Young (Normal) (G1 Evacuation Pause)
[2026-01-16T10:03:26.686+0000][gc,task     ] GC(1081) Using 8 workers of 8 for evacuation
[2026-01-16T10:03:26.705+0000][gc,phases   ] GC(1081)   Pre Evacuate Collection Set: 2.2ms
[2026-01-16T10:03:26.706+0000][gc,phases   ] GC(1081)   Merge Heap Roots: 0.9ms
[2026-01-16T10:03:26.706+0000][gc,phases   ] GC(1081)   Evacuate Collection Set: 10.6ms
[2026-01-16T10:03:26.706+0000][gc,phases   ] GC(1081)   Post Evacuate Collection Set: 5.7ms
[2026-01-16T10:03:26.706+0000][gc,phases   ] GC(1081)   Other: 0.4ms
[2026-01-16T10:03:26.706+0000][gc,heap     ] GC(1081) Eden regions: 96->0(119)
[2026-01-16T10:03:26.706+0000][gc,heap     ] GC(1081) Survivor regions: 2->2(13)
[2026-01-16T10:03:26.706+0000][gc,heap     ] GC(1081) Old regions: 269->269
[2026-01-16T10:03:26.706+0000][gc,heap     ] GC(1081) Humongous regions: 112->112
[2026-01-16T10:03:26.706+0000][gc,metaspace] GC(1081) Metaspace: 13160K(13568K)->13160K(13568K) NonClass: 12038K(12224K)->12038K(12224K) Class: 1121K(1344K)->1121K(1344K)
[2026-01-16T10:03:26.707+0000][gc          ] GC(1081) Pause Young (Normal) (G1 Evacuation Pause) 477M->381M(1024M) 22.850ms
[2026-01-16T10:03:26.708+0000][gc,cpu      ] GC(1081) User=0.08s Sys=0.00s Real=0.02s
[2026-01-16T10:03:46.150+0000][gc,start    ] GC(1082) Pause Young (Normal) (G1 Evacuation Pause)
[2026-01-16T10:03:46.151+0000][gc,task     ] GC(1082) Using 8 workers of 8 for evacuation
[2026-01-16T10:03:46.168+0000][gc,phases   ] GC(1082)   Pre Evacuate Collection Set: 1.5ms
[2026-01-16T10:03:46.169+0000][gc,phases   ] GC(1082)   Merge Heap Roots: 0.3ms
[2026-01-16T10:03:46.169+0000][gc,phases   ] GC(1082)   Evacuate Collection Set: 11.6ms
[2026-01-16T10:03:46.169+0000][gc,phases   ] GC(1082)   Post Evacuate Collection Set: 3.3ms
[2026-01-16T10:03:46.169+0000][gc,phases   ] GC(1082)   Other: 0.7ms
[2026-01-16T10:03:46.169+0000][gc,heap     ] GC(1082) Eden regions: 178->0(355)
[2026-01-16T10:03:46.169+0000][gc,heap     ] GC(1082) Survivor regions: 2->1(23)
[2026-01-16T10:03:46.169+0000][gc,heap     ] GC(1082) Old regions: 269->269
[2026-01-16T10:03:46.169+0000][gc,heap     ] GC(1082) Humongous regions: 112->112
[2026-01-16T10:03:46.169+0000][gc,metaspace] GC(1082) Metaspace: 13160K(13568K)->13160K(13568K) NonClass: 12038K(12224K)->12038K(12224K) Class: 1121K(1344K)->1121K(1344K)
[2026-01-16T10:03:46.169+0000][gc          ] GC(1082) Pause Young (Normal) (G1 Evacuation Pause) 559M->381M(1024M) 18.872ms
[2026-01-16T10:03:46.169+0000][gc,cpu      ] GC(1082) User=0.07s Sys=0.00s Real=0.02s
[2026-01-16T10:03:47.841+0000][gc,start    ] GC(1083) Pause Young (Normal) (G1 Evacuation Pause)
[2026-01-16T10:03:47.841+0000][gc,task     ] GC(1083) Using 8 workers of 8 for evacuation
[2026-01-16T10:03:47.847+0000][gc,phases   ] GC(1083)   Pre Evacuate Collection Set: 0.9ms
[2026-01-16T10:03:47.847+0000][gc,phases   ] GC(1083)   Merge Heap Roots: 0.2ms
[2026-01-16T10:03:47.847+0000][gc,phases   ] GC(1083)   Evacuate Collection Set: 3.2ms
[2026-01-16T10:03:47.847+0000][gc,phases   ] GC(1083)   Post Evacuate Collection Set: 0.6ms
[2026-01-16T10:03:47.847+0000][gc,phases   ] GC(1083)   Other: 0.5ms
[2026-01-16T10:03:47.847+0000][gc,heap     ] GC(1083) Eden regions: 94->0(589)
[2026-01-16T10:03:47.847+0000][gc,heap     ] GC(1083) Survivor regions: 1->1(12)
[2026-01-16T10:03:47.847+0000][gc,heap     ] GC(1083) Old regions: 269->269
[2026-01-16T10:03:47.847+0000][gc,heap     ] GC(1083) Humongous regions: 112->112
[2026-01-16T10:03:47.847+0000][gc,metaspace] GC(1083) Metaspace: 13160K(13568K)->13160K(13568K) NonClass: 12038K(12224K)->12038K(12224K) Class: 1121K(1344K)->1121K(1344K)
[2026-01-16T10:03:47.847+0000][gc          ] GC(1083) Pause Young (Normal) (G1 Evacuation Pause) 475M->380M(1024M) 6.787ms
[2026-01-16T10:03:47.847+0000][gc,cpu      ] GC(1083) User=0.02s Sys=0.01s Real=0.01s
[2026-01-16T10:04:08.597+0000][gc,start    ] GC(1084) Pause Young (Normal) (G1 Evacuation Pause)
[2026-01-16T10:04:08.600+0000][gc,task     ] GC(1084) Using 8 workers of 8 for evacuation
[2026-01-16T10:04:08.635+0000][gc,phases   ] GC(1084)   Pre Evacuate Collection Set: 4.5ms
[2026-01-16T10:04:08.635+0000][gc,phases   ] GC(1084)   Merge Heap Roots: 1.1ms
[2026-01-16T10:04:08.635+0000][gc,phases   ] GC(1084)   Evacuate Collection Set: 25.1ms
[2026-01-16T10:04:08.635+0000][gc,phases   ] GC(1084)   Post Evacuate Collection Set: 2.0ms
[2026-01-16T10:04:08.635+0000][gc,phases   ] GC(1084)   Other: 2.6ms
[2026-01-16T10:04:08.635+0000][gc,heap     ] GC(1084) Eden regions: 221->0(587)
[2026-01-16T10:04:08.635+0000][gc,heap     ] GC(1084) Survivor regions: 1->2(28)
[2026-01-16T10:04:08.635+0000][gc,heap     ] GC(1084) Old regions: 269->269
[2026-01-16T10:04:08.636+0000][gc,heap     ] GC(1084) Humongous regions: 112->112
[2026-01-16T10:04:08.636+0000][gc,metaspace] GC(1084) Metaspace: 13160K(13568K)->13160K(13568K) NonClass: 12038K(12224K)->12038K(12224K) Class: 1121K(1344K)->1121K(1344K)
[2026-01-16T10:04:08.636+0000][gc          ] GC(1084) Pause Young (Normal) (G1 Evacuation Pause) 601M->381M(1024M) 39.464ms
[2026-01-16T10:04:08.636+0000][gc,cpu      ] GC(1084) User=0.16s Sys=0.03s Real=0.04s
[2026-01-16T10:04:39.511+0000][gc,start    ] GC(1085) Pause Young (Normal) (G1 Evacuation Pause)
[2026-01-16T10:04:39.529+0000][gc,task     ] GC(1085) Using 8 workers of 8 for evacuation
[2026-01-16T10:04:39.630+0000][gc,phases   ] GC(1085)   Pre Evacuate Collection Set: 34.4ms
[2026-01-16T10:04:39.630+0000][gc,phases   ] GC(1085)   Merge Heap Roots: 4.0ms
[2026-01-16T10:04:39.630+0000][gc,phases   ] GC(1085)   Evacuate Collection Set: 54.8ms
[2026-01-16T10:04:39.630+0000][gc,phases   ] GC(1085)   Post Evacuate Collection Set: 4.0ms
[2026-01-16T10:04:39.631+0000][gc,phases   ] GC(1085)   Other: 14.3ms
[2026-01-16T10:04:39.631+0000][gc,heap     ] GC(1085) Eden regions: 298->0(296)
[2026-01-16T10:04:39.631+0000][gc,heap     ] GC(1085) Survivor regions: 2->2(38)
[2026-01-16T10:04:39.631+0000][gc,heap     ] GC(1085) Old regions: 269->269
[2026-01-16T10:04:39.631+0000][gc,heap     ] GC(1085) Humongous regions: 112->112
[2026-01-16T10:04:39.632+0000][gc,metaspace] GC(1085) Metaspace: 13165K(13568K)->13165K(13568K) NonClass: 12043K(12224K)->12043K(12224K) Class: 1121K(1344K)->1121K(1344K)
[2026-01-16T10:04:39.633+0000][gc          ] GC(1085) Pause Young (Normal) (G1 Evacuation Pause) 679M->381M(1024M) 121.955ms
[2026-01-16T10:04:39.633+0000][gc,cpu      ] GC(1085) User=0.24s Sys=0.03s Real=0.13s
[2026-01-16T10:05:29.220+0000][gc,start    ] GC(1086) Pause Young (Normal) (G1 Evacuation Pause)
[2026-01-16T10:05:29.226+0000][gc,task     ] GC(1086) Using 8 workers of 8 for evacuation
[2026-01-16T10:05:29.376+0000][gc,phases   ] GC(1086)   Pre Evacuate Collection Set: 25.4ms
[2026-01-16T10:05:29.377+0000][gc,phases   ] GC(1086)   Merge Heap Roots: 2.2ms
[2026-01-16T10:05:29.378+0000][gc,phases   ] GC(1086)   Evacuate Collection Set: 91.1ms
[2026-01-16T10:05:29.378+0000][gc,phases   ] GC(1086)   Post Evacuate Collection Set: 29.1ms
[2026-01-16T10:05:29.379+0000][gc,phases   ] GC(1086)   Other: 1.5ms
[2026-01-16T10:05:29.380+0000][gc,heap     ] GC(1086) Eden regions: 586->0(57)
[2026-01-16T10:05:29.380+0000][gc,heap     ] GC(1086) Survivor regions: 2->2(55)
[2026-01-16T10:05:29.380+0000][gc,heap     ] GC(1086) Old regions: 269->269
[2026-01-16T10:05:29.380+0000][gc,heap     ] GC(1086) Humongous regions: 112->112
[2026-01-16T10:05:29.381+0000][gc,metaspace] GC(1086) Metaspace: 13165K(13568K)->13165K(13568K) NonClass: 12043K(12224K)->12043K(12224K) Class: 1121K(1344K)->1121K(1344K)
[2026-01-16T10:05:29.381+0000][gc          ] GC(1086) Pause Young (Normal) (G1 Evacuation Pause) 967M->381M(1024M) 160.839ms
[2026-01-16T10:05:29.383+0000][gc,cpu      ] GC(1086) User=0.34s Sys=0.04s Real=0.16s
[2026-01-16T10:05:38.081+0000][gc,start    ] GC(1087) Pause Young (Normal) (G1 Evacuation Pause)
[2026-01-16T10:05:38.086+0000][gc,task     ] GC(1087) Using 8 workers of 8 for evacuation
[2026-01-16T10:05:38.148+0000][gc,phases   ] GC(1087)   Pre Evacuate Collection Set: 13.5ms
[2026-01-16T10:05:38.149+0000][gc,phases   ] GC(1087)   Merge Heap Roots: 0.8ms
[2026-01-16T10:05:38.149+0000][gc,phases   ] GC(1087)   Evacuate Collection Set: 36.1ms
[2026-01-16T10:05:38.150+0000][gc,phases   ] GC(1087)   Post Evacuate Collection Set: 8.3ms
[2026-01-16T10:05:38.151+0000][gc,phases   ] GC(1087)   Other: 2.8ms
[2026-01-16T10:05:38.151+0000][gc,heap     ] GC(1087) Eden regions: 81->0(241)
[2026-01-16T10:05:38.152+0000][gc,heap     ] GC(1087) Survivor regions: 2->1(11)
[2026-01-16T10:05:38.152+0000][gc,heap     ] GC(1087) Old regions: 269->269
[2026-01-16T10:05:38.153+0000][gc,heap     ] GC(1087) Humongous regions: 112->112
[2026-01-16T10:05:38.153+0000][gc,metaspace] GC(1087) Metaspace: 13165K(13568K)->13165K(13568K) NonClass: 12043K(12224K)->12043K(12224K) Class: 1121K(1344K)->1121K(1344K)
[2026-01-16T10:05:38.155+0000][gc          ] GC(1087) Pause Young (Normal) (G1 Evacuation Pause) 462M->381M(1024M) 74.552ms
[2026-01-16T10:05:38.158+0000][gc,cpu      ] GC(1087) User=0.15s Sys=0.00s Real=0.08s
[2026-01-16T10:06:07.657+0000][gc,start    ] GC(1088) Pause Young (Normal) (G1 Evacuation Pause)
[2026-01-16T10:06:07.659+0000][gc,task     ] GC(1088) Using 8 workers of 8 for evacuation
[2026-01-16T10:06:07.736+0000][gc,phases   ] GC(1088)   Pre Evacuate Collection Set: 13.8ms
[2026-01-16T10:06:07.736+0000][gc,phases   ] GC(1088)   Merge Heap Roots: 4.3ms
[2026-01-16T10:06:07.736+0000][gc,phases   ] GC(1088)   Evacuate Collection Set: 35.2ms
[2026-01-16T10:06:07.737+0000][gc,phases   ] GC(1088)   Post Evacuate Collection Set: 20.7ms
[2026-01-16T10:06:07.738+0000][gc,phases   ] GC(1088)   Other: 2.5ms
[2026-01-16T10:06:07.739+0000][gc,heap     ] GC(1088) Eden regions: 328->0(233)
[2026-01-16T10:06:07.739+0000][gc,heap     ] GC(1088) Survivor regions: 1->1(42)
[2026-01-16T10:06:07.741+0000][gc,heap     ] GC(1088) Old regions: 269->269
[2026-01-16T10:06:07.742+0000][gc,heap     ] GC(1088) Humongous regions: 112->112
[2026-01-16T10:06:07.745+0000][gc,metaspace] GC(1088) Metaspace: 13165K(13568K)->13165K(13568K) NonClass: 12043K(12224K)->12043K(12224K) Class: 1121K(1344K)->1121K(1344K)
[2026-01-16T10:06:07.746+0000][gc          ] GC(1088) Pause Young (Normal) (G1 Evacuation Pause) 709M->381M(1024M) 88.767ms
[2026-01-16T10:06:07.746+0000][gc,cpu      ] GC(1088) User=0.19s Sys=0.01s Real=0.09s
[2026-01-16T10:06:08.697+0000][gc,start    ] GC(1089) Pause Young (Normal) (G1 Evacuation Pause)
[2026-01-16T10:06:08.699+0000][gc,task     ] GC(1089) Using 8 workers of 8 for evacuation
[2026-01-16T10:06:08.720+0000][gc,phases   ] GC(1089)   Pre Evacuate Collection Set: 0.7ms
[2026-01-16T10:06:08.721+0000][gc,phases   ] GC(1089)   Merge Heap Roots: 0.1ms
[2026-01-16T10:06:08.721+0000][gc,phases   ] GC(1089)   Evacuate Collection Set: 16.2ms
[2026-01-16T10:06:08.721+0000][gc,phases   ] GC(1089)   Post Evacuate Collection Set: 1.3ms
[2026-01-16T10:06:08.721+0000][gc,phases   ] GC(1089)   Other: 3.0ms
[2026-01-16T10:06:08.721+0000][gc,heap     ] GC(1089) Eden regions: 50->0(198)
[2026-01-16T10:06:08.722+0000][gc,heap     ] GC(1089) Survivor regions: 1->2(7)
[2026-01-16T10:06:08.722+0000][gc,heap     ] GC(1089) Old regions: 269->269
[2026-01-16T10:06:08.722+0000][gc,heap     ] GC(1089) Humongous regions: 112->112
[2026-01-16T10:06:08.722+0000][gc,metaspace] GC(1089) Metaspace: 13165K(13568K)->13165K(13568K) NonClass: 12043K(12224K)->12043K(12224K) Class: 1121K(1344K)->1121K(1344K)
[2026-01-16T10:06:08.722+0000][gc          ] GC(1089) Pause Young (Normal) (G1 Evacuation Pause) 431M->381M(1024M) 25.211ms
[2026-01-16T10:06:08.722+0000][gc,cpu      ] GC(1089) User=0.04s Sys=0.00s Real=0.02s
[2026-01-16T10:06:26.136+0000][gc,start    ] GC(1090) Pause Young (Normal) (G1 Evacuation Pause)
[2026-01-16T10:06:26.137+0000][gc,task     ] GC(1090) Using 8 workers of 8 for evacuation
[2026-01-16T10:06:26.167+0000][gc,phases   ] GC(1090)   Pre Evacuate Collection Set: 2.8ms
[2026-01-16T10:06:26.167+0000][gc,phases   ] GC(1090)   Merge Heap Roots: 1.1ms
[2026-01-16T10:06:26.167+0000][gc,phases   ] GC(1090)   Evacuate Collection Set: 13.9ms
[2026-01-16T10:06:26.167+0000][gc,phases   ] GC(1090)   Post Evacuate Collection Set: 11.9ms
[2026-01-16T10:06:26.167+0000][gc,phases   ] GC(1090)   Other: 0.7ms
[2026-01-16T10:06:26.168+0000][gc,heap     ] GC(1090) Eden regions: 171->0(350)
[2026-01-16T10:06:26.168+0000][gc,heap     ] GC(1090) Survivor regions: 2->1(22)
[2026-01-16T10:06:26.168+0000][gc,heap     ] GC(1090) Old regions: 269->269
[2026-01-16T10:06:26.168+0000][gc,heap     ] GC(1090) Humongous regions: 112->112
[2026-01-16T10:06:26.168+0000][gc,metaspace] GC(1090) Metaspace: 13165K(13568K)->13165K(13568K) NonClass: 12043K(12224K)->12043K(12224K) Class: 1121K(1344K)->1121K(1344K)
[2026-01-16T10:06:26.168+0000][gc          ] GC(1090) Pause Young (Normal) (G1 Evacuation Pause) 552M->381M(1024M) 31.464ms
[2026-01-16T10:06:26.168+0000][gc,cpu      ] GC(1090) User=0.13s Sys=0.01s Real=0.03s
[2026-01-16T10:06:33.404+0000][gc,start    ] GC(1091) Pause Young (Normal) (G1 Evacuation Pause)
[2026-01-16T10:06:33.406+0000][gc,task     ] GC(1091) Using 8 workers of 8 for evacuation
[2026-01-16T10:06:33.442+0000][gc,phases   ] GC(1091)   Pre Evacuate Collection Set: 11.5ms
[2026-01-16T10:06:33.444+0000][gc,phases   ] GC(1091)   Merge Heap Roots: 0.8ms
[2026-01-16T10:06:33.444+0000][gc,phases   ] GC(1091)   Evacuate Collection Set: 19.5ms
[2026-01-16T10:06:33.444+0000][gc,phases   ] GC(1091)   Post Evacuate Collection Set: 3.6ms
[2026-01-16T10:06:33.444+0000][gc,phases   ] GC(1091)   Other: 1.3ms
[2026-01-16T10:06:33.444+0000][gc,heap     ] GC(1091) Eden regions: 90->0(589)
[2026-01-16T10:06:33.444+0000][gc,heap     ] GC(1091) Survivor regions: 1->1(12)
[2026-01-16T10:06:33.444+0000][gc,heap     ] GC(1091) Old regions: 269->269
[2026-01-16T10:06:33.444+0000][gc,heap     ] GC(1091) Humongous regions: 112->112
[2026-01-16T10:06:33.444+0000][gc,metaspace] GC(1091) Metaspace: 13165K(13568K)->13165K(13568K) NonClass: 12043K(12224K)->12043K(12224K) Class: 1121K(1344K)->1121K(1344K)
[2026-01-16T10:06:33.446+0000][gc          ] GC(1091) Pause Young (Normal) (G1 Evacuation Pause) 471M->380M(1024M) 41.488ms
[2026-01-16T10:06:33.446+0000][gc,cpu      ] GC(1091) User=0.10s Sys=0.01s Real=0.05s
[2026-01-16T10:06:42.423+0000][gc,start    ] GC(1092) Pause Young (Normal) (G1 Evacuation Pause)
[2026-01-16T10:06:42.425+0000][gc,task     ] GC(1092) Using 8 workers of 8 for evacuation
[2026-01-16T10:06:42.455+0000][gc,phases   ] GC(1092)   Pre Evacuate Collection Set: 5.2ms
[2026-01-16T10:06:42.455+0000][gc,phases   ] GC(1092)   Merge Heap Roots: 1.9ms
[2026-01-16T10:06:42.455+0000][gc,phases   ] GC(1092)   Evacuate Collection Set: 18.1ms
[2026-01-16T10:06:42.456+0000][gc,phases   ] GC(1092)   Post Evacuate Collection Set: 3.2ms
[2026-01-16T10:06:42.456+0000][gc,phases   ] GC(1092)   Other: 2.0ms
[2026-01-16T10:06:42.456+0000][gc,heap     ] GC(1092) Eden regions: 114->0(589)
[2026-01-16T10:06:42.458+0000][gc,heap     ] GC(1092) Survivor regions: 1->1(15)
[2026-01-16T10:06:42.459+0000][gc,heap     ] GC(1092) Old regions: 269->269
[2026-01-16T10:06:42.460+0000][gc,heap     ] GC(1092) Humongous regions: 112->112
[2026-01-16T10:06:42.461+0000][gc,metaspace] GC(1092) Metaspace: 13165K(13568K)->13165K(13568K) NonClass: 12043K(12224K)->12043K(12224K) Class: 1121K(1344K)->1121K(1344K)
[2026-01-16T10:06:42.462+0000][gc          ] GC(1092) Pause Young (Normal) (G1 Evacuation Pause) 494M->380M(1024M) 38.457ms
[2026-01-16T10:06:42.463+0000][gc,cpu      ] GC(1092) User=0.11s Sys=0.01s Real=0.04s
[2026-01-16T10:06:59.505+0000][gc,start    ] GC(1093) Pause Young (Normal) (G1 Evacuation Pause)
[2026-01-16T10:06:59.513+0000][gc,task     ] GC(1093) Using 8 workers of 8 for evacuation
[2026-01-16T10:06:59.640+0000][gc,phases   ] GC(1093)   Pre Evacuate Collection Set: 24.7ms
[2026-01-16T10:06:59.641+0000][gc,phases   ] GC(1093)   Merge Heap Roots: 7.0ms
[2026-01-16T10:06:59.642+0000][gc,phases   ] GC(1093)   Evacuate Collection Set: 79.8ms
[2026-01-16T10:06:59.643+0000][gc,phases   ] GC(1093)   Post Evacuate Collection Set: 12.9ms
[2026-01-16T10:06:59.644+0000][gc,phases   ] GC(1093)   Other: 3.2ms
[2026-01-16T10:06:59.644+0000][gc,heap     ] GC(1093) Eden regions: 193->0(112)
[2026-01-16T10:06:59.647+0000][gc,heap     ] GC(1093) Survivor regions: 1->2(25)
[2026-01-16T10:06:59.649+0000][gc,heap     ] GC(1093) Old regions: 269->269
[2026-01-16T10:06:59.649+0000][gc,heap     ] GC(1093) Humongous regions: 112->112
[2026-01-16T10:06:59.649+0000][gc,metaspace] GC(1093) Metaspace: 13165K(13568K)->13165K(13568K) NonClass: 12043K(12224K)->12043K(12224K) Class: 1121K(1344K)->1121K(1344K)
[2026-01-16T10:06:59.650+0000][gc          ] GC(1093) Pause Young (Normal) (G1 Evacuation Pause) 573M->381M(1024M) 144.902ms
[2026-01-16T10:06:59.650+0000][gc,cpu      ] GC(1093) User=0.14s Sys=0.01s Real=0.15s
[2026-01-16T10:07:36.451+0000][gc,start    ] GC(1094) Pause Young (Normal) (G1 Evacuation Pause)
[2026-01-16T10:07:36.455+0000][gc,task     ] GC(1094) Using 8 workers of 8 for evacuation
[2026-01-16T10:07:36.616+0000][gc,phases   ] GC(1094)   Pre Evacuate Collection Set: 24.0ms
[2026-01-16T10:07:36.619+0000][gc,phases   ] GC(1094)   Merge Heap Roots: 7.4ms
[2026-01-16T10:07:36.621+0000][gc,phases   ] GC(1094)   Evacuate Collection Set: 106.7ms
[2026-01-16T10:07:36.622+0000][gc,phases   ] GC(1094)   Post Evacuate Collection Set: 21.7ms
[2026-01-16T10:07:36.622+0000][gc,phases   ] GC(1094)   Other: 0.9ms
[2026-01-16T10:07:36.623+0000][gc,heap     ] GC(1094) Eden regions: 388->0(248)
[2026-01-16T10:07:36.623+0000][gc,heap     ] GC(1094) Survivor regions: 2->1(49)
[2026-01-16T10:07:36.624+0000][gc,heap     ] GC(1094) Old regions: 269->269
[2026-01-16T10:07:36.625+0000][gc,heap     ] GC(1094) Humongous regions: 112->112
[2026-01-16T10:07:36.625+0000][gc,metaspace] GC(1094) Metaspace: 13165K(13568K)->13165K(13568K) NonClass: 12043K(12224K)->12043K(12224K) Class: 1121K(1344K)->1121K(1344K)
[2026-01-16T10:07:36.625+0000][gc          ] GC(1094) Pause Young (Normal) (G1 Evacuation Pause) 769M->381M(1024M) 173.924ms
[2026-01-16T10:07:36.625+0000][gc,cpu      ] GC(1094) User=0.13s Sys=0.02s Real=0.17s
[2026-01-16T10:07:40.342+0000][gc,start    ] GC(1095) Pause Young (Normal) (G1 Evacuation Pause)
[2026-01-16T10:07:40.350+0000][gc,task     ] GC(1095) Using 8 workers of 8 for evacuation
[2026-01-16T10:07:40.603+0000][gc,mmu      ] GC(1095) MMU target violated: 201.0ms (200.0ms/201.0ms)
[2026-01-16T10:07:40.613+0000][gc,phases   ] GC(1095)   Pre Evacuate Collection Set: 52.9ms
[2026-01-16T10:07:40.618+0000][gc,phases   ] GC(1095)   Merge Heap Roots: 15.1ms
[2026-01-16T10:07:40.619+0000][gc,phases   ] GC(1095)   Evacuate Collection Set: 152.0ms
[2026-01-16T10:07:40.619+0000][gc,phases   ] GC(1095)   Post Evacuate Collection Set: 18.1ms
[2026-01-16T10:07:40.628+0000][gc,phases   ] GC(1095)   Other: 27.4ms
[2026-01-16T10:07:40.629+0000][gc,heap     ] GC(1095) Eden regions: 89->0(49)
[2026-01-16T10:07:40.629+0000][gc,heap     ] GC(1095) Survivor regions: 1->2(12)
[2026-01-16T10:07:40.631+0000][gc,heap     ] GC(1095) Old regions: 269->269
[2026-01-16T10:07:40.631+0000][gc,heap     ] GC(1095) Humongous regions: 112->112
[2026-01-16T10:07:40.632+0000][gc,metaspace] GC(1095) Metaspace: 13165K(13568K)->13165K(13568K) NonClass: 12043K(12224K)->12043K(12224K) Class: 1121K(1344K)->1121K(1344K)
[2026-01-16T10:07:40.635+0000][gc          ] GC(1095) Pause Young (Normal) (G1 Evacuation Pause) 470M->382M(1024M) 292.360ms
[2026-01-16T10:07:40.636+0000][gc,cpu      ] GC(1095) User=0.20s Sys=0.07s Real=0.30s
[2026-01-16T10:07:46.881+0000][gc,start    ] GC(1096) Pause Young (Normal) (G1 Evacuation Pause)
[2026-01-16T10:07:46.886+0000][gc,task     ] GC(1096) Using 8 workers of 8 for evacuation
[2026-01-16T10:07:46.911+0000][gc,phases   ] GC(1096)   Pre Evacuate Collection Set: 2.9ms
[2026-01-16T10:07:46.911+0000][gc,phases   ] GC(1096)   Merge Heap Roots: 0.3ms
[2026-01-16T10:07:46.912+0000][gc,phases   ] GC(1096)   Evacuate Collection Set: 15.9ms
[2026-01-16T10:07:46.912+0000][gc,phases   ] GC(1096)   Post Evacuate Collection Set: 3.1ms
[2026-01-16T10:07:46.912+0000][gc,phases   ] GC(1096)   Other: 2.6ms
[2026-01-16T10:07:46.912+0000][gc,heap     ] GC(1096) Eden regions: 59->0(120)
[2026-01-16T10:07:46.913+0000][gc,heap     ] GC(1096) Survivor regions: 2->1(8)
[2026-01-16T10:07:46.913+0000][gc,heap     ] GC(1096) Old regions: 269->269
[2026-01-16T10:07:46.913+0000][gc,heap     ] GC(1096) Humongous regions: 112->112
[2026-01-16T10:07:46.914+0000][gc,metaspace] GC(1096) Metaspace: 13165K(13568K)->13165K(13568K) NonClass: 12043K(12224K)->12043K(12224K) Class: 1121K(1344K)->1121K(1344K)
[2026-01-16T10:07:46.914+0000][gc          ] GC(1096) Pause Young (Normal) (G1 Evacuation Pause) 441M->381M(1024M) 33.080ms
[2026-01-16T10:07:46.914+0000][gc,cpu      ] GC(1096) User=0.08s Sys=0.01s Real=0.03s
[2026-01-16T10:07:58.129+0000][gc,start    ] GC(1097) Pause Young (Normal) (G1 Evacuation Pause)
[2026-01-16T10:07:58.131+0000][gc,task     ] GC(1097) Using 8 workers of 8 for evacuation
[2026-01-16T10:07:58.157+0000][gc,phases   ] GC(1097)   Pre Evacuate Collection Set: 4.1ms
[2026-01-16T10:07:58.157+0000][gc,phases   ] GC(1097)   Merge Heap Roots: 2.5ms
[2026-01-16T10:07:58.157+0000][gc,phases   ] GC(1097)   Evacuate Collection Set: 17.6ms
[2026-01-16T10:07:58.157+0000][gc,phases   ] GC(1097)   Post Evacuate Collection Set: 1.3ms
[2026-01-16T10:07:58.157+0000][gc,phases   ] GC(1097)   Other: 0.9ms
[2026-01-16T10:07:58.157+0000][gc,heap     ] GC(1097) Eden regions: 180->0(192)
[2026-01-16T10:07:58.158+0000][gc,heap     ] GC(1097) Survivor regions: 1->2(23)
[2026-01-16T10:07:58.158+0000][gc,heap     ] GC(1097) Old regions: 269->269
[2026-01-16T10:07:58.158+0000][gc,heap     ] GC(1097) Humongous regions: 112->112
[2026-01-16T10:07:58.158+0000][gc,metaspace] GC(1097) Metaspace: 13165K(13568K)->13165K(13568K) NonClass: 12043K(12224K)->12043K(12224K) Class: 1121K(1344K)->1121K(1344K)
[2026-01-16T10:07:58.158+0000][gc          ] GC(1097) Pause Young (Normal) (G1 Evacuation Pause) 561M->382M(1024M) 29.340ms
[2026-01-16T10:07:58.158+0000][gc,cpu      ] GC(1097) User=0.15s Sys=0.01s Real=0.03s
[2026-01-16T10:08:15.789+0000][gc,start    ] GC(1098) Pause Young (Normal) (G1 Evacuation Pause)
[2026-01-16T10:08:15.790+0000][gc,task     ] GC(1098) Using 8 workers of 8 for evacuation
[2026-01-16T10:08:15.832+0000][gc,phases   ] GC(1098)   Pre Evacuate Collection Set: 7.5ms
[2026-01-16T10:08:15.832+0000][gc,phases   ] GC(1098)   Merge Heap Roots: 0.9ms
[2026-01-16T10:08:15.833+0000][gc,phases   ] GC(1098)   Evacuate Collection Set: 29.1ms
[2026-01-16T10:08:15.833+0000][gc,phases   ] GC(1098)   Post Evacuate Collection Set: 2.9ms
[2026-01-16T10:08:15.833+0000][gc,phases   ] GC(1098)   Other: 1.8ms
[2026-01-16T10:08:15.833+0000][gc,heap     ] GC(1098) Eden regions: 118->0(301)
[2026-01-16T10:08:15.833+0000][gc,heap     ] GC(1098) Survivor regions: 2->1(15)
[2026-01-16T10:08:15.833+0000][gc,heap     ] GC(1098) Old regions: 269->269
[2026-01-16T10:08:15.834+0000][gc,heap     ] GC(1098) Humongous regions: 112->112
[2026-01-16T10:08:15.834+0000][gc,metaspace] GC(1098) Metaspace: 13165K(13568K)->13165K(13568K) NonClass: 12043K(12224K)->12043K(12224K) Class: 1121K(1344K)->1121K(1344K)
[2026-01-16T10:08:15.834+0000][gc          ] GC(1098) Pause Young (Normal) (G1 Evacuation Pause) 500M->381M(1024M) 45.246ms
[2026-01-16T10:08:15.834+0000][gc,cpu      ] GC(1098) User=0.16s Sys=0.03s Real=0.04s
[2026-01-16T10:08:25.987+0000][gc,start    ] GC(1099) Pause Young (Normal) (G1 Evacuation Pause)
[2026-01-16T10:08:25.997+0000][gc,task     ] GC(1099) Using 8 workers of 8 for evacuation
[2026-01-16T10:08:26.079+0000][gc,phases   ] GC(1099)   Pre Evacuate Collection Set: 23.5ms
[2026-01-16T10:08:26.081+0000][gc,phases   ] GC(1099)   Merge Heap Roots: 17.7ms
[2026-01-16T10:08:26.081+0000][gc,phases   ] GC(1099)   Evacuate Collection Set: 15.2ms
[2026-01-16T10:08:26.081+0000][gc,phases   ] GC(1099)   Post Evacuate Collection Set: 13.5ms
[2026-01-16T10:08:26.082+0000][gc,phases   ] GC(1099)   Other: 13.0ms
[2026-01-16T10:08:26.083+0000][gc,heap     ] GC(1099) Eden regions: 115->0(258)
[2026-01-16T10:08:26.084+0000][gc,heap     ] GC(1099) Survivor regions: 1->1(15)
[2026-01-16T10:08:26.084+0000][gc,heap     ] GC(1099) Old regions: 269->269
[2026-01-16T10:08:26.086+0000][gc,heap     ] GC(1099) Humongous regions: 112->112
[2026-01-16T10:08:26.086+0000][gc,metaspace] GC(1099) Metaspace: 13165K(13568K)->13165K(13568K) NonClass: 12043K(12224K)->12043K(12224K) Class: 1121K(1344K)->1121K(1344K)
[2026-01-16T10:08:26.087+0000][gc          ] GC(1099) Pause Young (Normal) (G1 Evacuation Pause) 496M->381M(1024M) 99.989ms
[2026-01-16T10:08:26.089+0000][gc,cpu      ] GC(1099) User=0.11s Sys=0.02s Real=0.10s
[2026-01-16T10:08:28.031+0000][gc,start    ] GC(1100) Pause Young (Normal) (G1 Evacuation Pause)
[2026-01-16T10:08:28.033+0000][gc,task     ] GC(1100) Using 8 workers of 8 for evacuation
[2026-01-16T10:08:28.052+0000][gc,phases   ] GC(1100)   Pre Evacuate Collection Set: 8.1ms
[2026-01-16T10:08:28.052+0000][gc,phases   ] GC(1100)   Merge Heap Roots: 0.7ms
[2026-01-16T10:08:28.052+0000][gc,phases   ] GC(1100)   Evacuate Collection Set: 7.2ms
[2026-01-16T10:08:28.053+0000][gc,phases   ] GC(1100)   Post Evacuate Collection Set: 1.3ms
[2026-01-16T10:08:28.053+0000][gc,phases   ] GC(1100)   Other: 1.7ms
[2026-01-16T10:08:28.054+0000][gc,heap     ] GC(1100) Eden regions: 107->0(448)
[2026-01-16T10:08:28.054+0000][gc,heap     ] GC(1100) Survivor regions: 1->2(14)
[2026-01-16T10:08:28.054+0000][gc,heap     ] GC(1100) Old regions: 269->269
[2026-01-16T10:08:28.054+0000][gc,heap     ] GC(1100) Humongous regions: 112->112
[2026-01-16T10:08:28.055+0000][gc,metaspace] GC(1100) Metaspace: 13165K(13568K)->13165K(13568K) NonClass: 12043K(12224K)->12043K(12224K) Class: 1121K(1344K)->1121K(1344K)
[2026-01-16T10:08:28.055+0000][gc          ] GC(1100) Pause Young (Normal) (G1 Evacuation Pause) 488M->382M(1024M) 23.931ms
[2026-01-16T10:08:28.056+0000][gc,cpu      ] GC(1100) User=0.05s Sys=0.01s Real=0.02s
[2026-01-16T10:09:01.732+0000][gc,start    ] GC(1101) Pause Young (Normal) (G1 Evacuation Pause)
[2026-01-16T10:09:01.735+0000][gc,task     ] GC(1101) Using 8 workers of 8 for evacuation
[2026-01-16T10:09:02.116+0000][gc,mmu      ] GC(1101) MMU target violated: 201.0ms (200.0ms/201.0ms)
[2026-01-16T10:09:02.117+0000][gc,phases   ] GC(1101)   Pre Evacuate Collection Set: 43.7ms
[2026-01-16T10:09:02.118+0000][gc,phases   ] GC(1101)   Merge Heap Roots: 35.4ms
[2026-01-16T10:09:02.121+0000][gc,phases   ] GC(1101)   Evacuate Collection Set: 276.9ms
[2026-01-16T10:09:02.131+0000][gc,phases   ] GC(1101)   Post Evacuate Collection Set: 23.0ms
[2026-01-16T10:09:02.138+0000][gc,phases   ] GC(1101)   Other: 3.5ms
[2026-01-16T10:09:02.142+0000][gc,heap     ] GC(1101) Eden regions: 332->0(49)
[2026-01-16T10:09:02.143+0000][gc,heap     ] GC(1101) Survivor regions: 2->2(42)
[2026-01-16T10:09:02.143+0000][gc,heap     ] GC(1101) Old regions: 269->269
[2026-01-16T10:09:02.145+0000][gc,heap     ] GC(1101) Humongous regions: 112->112
[2026-01-16T10:09:02.145+0000][gc,metaspace] GC(1101) Metaspace: 13165K(13568K)->13165K(13568K) NonClass: 12043K(12224K)->12043K(12224K) Class: 1121K(1344K)->1121K(1344K)
[2026-01-16T10:09:02.149+0000][gc          ] GC(1101) Pause Young (Normal) (G1 Evacuation Pause) 714M->382M(1024M) 419.184ms
[2026-01-16T10:09:02.151+0000][gc,cpu      ] GC(1101) User=0.38s Sys=0.05s Real=0.42s
[2026-01-16T10:09:06.865+0000][gc,start    ] GC(1102) Pause Young (Normal) (G1 Evacuation Pause)
[2026-01-16T10:09:06.869+0000][gc,task     ] GC(1102) Using 8 workers of 8 for evacuation
[2026-01-16T10:09:06.944+0000][gc,phases   ] GC(1102)   Pre Evacuate Collection Set: 12.9ms
[2026-01-16T10:09:06.946+0000][gc,phases   ] GC(1102)   Merge Heap Roots: 12.8ms
[2026-01-16T10:09:06.946+0000][gc,phases   ] GC(1102)   Evacuate Collection Set: 39.5ms
[2026-01-16T10:09:06.946+0000][gc,phases   ] GC(1102)   Post Evacuate Collection Set: 2.0ms
[2026-01-16T10:09:06.947+0000][gc,phases   ] GC(1102)   Other: 6.6ms
[2026-01-16T10:09:06.947+0000][gc,heap     ] GC(1102) Eden regions: 49->0(50)
[2026-01-16T10:09:06.947+0000][gc,heap     ] GC(1102) Survivor regions: 2->1(7)
[2026-01-16T10:09:06.947+0000][gc,heap     ] GC(1102) Old regions: 269->269
[2026-01-16T10:09:06.947+0000][gc,heap     ] GC(1102) Humongous regions: 112->112
[2026-01-16T10:09:06.948+0000][gc,metaspace] GC(1102) Metaspace: 13165K(13568K)->13165K(13568K) NonClass: 12043K(12224K)->12043K(12224K) Class: 1121K(1344K)->1121K(1344K)
[2026-01-16T10:09:06.948+0000][gc          ] GC(1102) Pause Young (Normal) (G1 Evacuation Pause) 431M->381M(1024M) 83.059ms
[2026-01-16T10:09:06.948+0000][gc,cpu      ] GC(1102) User=0.13s Sys=0.01s Real=0.09s
[2026-01-16T10:09:17.679+0000][gc,start    ] GC(1103) Pause Young (Normal) (G1 Evacuation Pause)
[2026-01-16T10:09:17.688+0000][gc,task     ] GC(1103) Using 8 workers of 8 for evacuation
[2026-01-16T10:09:17.865+0000][gc,phases   ] GC(1103)   Pre Evacuate Collection Set: 32.5ms
[2026-01-16T10:09:17.868+0000][gc,phases   ] GC(1103)   Merge Heap Roots: 8.2ms
[2026-01-16T10:09:17.868+0000][gc,phases   ] GC(1103)   Evacuate Collection Set: 117.8ms
[2026-01-16T10:09:17.869+0000][gc,phases   ] GC(1103)   Post Evacuate Collection Set: 14.3ms
[2026-01-16T10:09:17.869+0000][gc,phases   ] GC(1103)   Other: 5.2ms
[2026-01-16T10:09:17.869+0000][gc,heap     ] GC(1103) Eden regions: 117->0(50)
[2026-01-16T10:09:17.870+0000][gc,heap     ] GC(1103) Survivor regions: 1->1(15)
[2026-01-16T10:09:17.870+0000][gc,heap     ] GC(1103) Old regions: 269->269
[2026-01-16T10:09:17.870+0000][gc,heap     ] GC(1103) Humongous regions: 112->112
[2026-01-16T10:09:17.870+0000][gc,metaspace] GC(1103) Metaspace: 13165K(13568K)->13165K(13568K) NonClass: 12043K(12224K)->12043K(12224K) Class: 1121K(1344K)->1121K(1344K)
[2026-01-16T10:09:17.874+0000][gc          ] GC(1103) Pause Young (Normal) (G1 Evacuation Pause) 498M->381M(1024M) 192.627ms
[2026-01-16T10:09:17.875+0000][gc,cpu      ] GC(1103) User=0.17s Sys=0.02s Real=0.20s
[2026-01-16T10:09:20.267+0000][gc,start    ] GC(1104) Pause Young (Normal) (G1 Evacuation Pause)
[2026-01-16T10:09:20.269+0000][gc,task     ] GC(1104) Using 8 workers of 8 for evacuation
[2026-01-16T10:09:20.308+0000][gc,phases   ] GC(1104)   Pre Evacuate Collection Set: 6.1ms
[2026-01-16T10:09:20.310+0000][gc,phases   ] GC(1104)   Merge Heap Roots: 0.8ms
[2026-01-16T10:09:20.310+0000][gc,phases   ] GC(1104)   Evacuate Collection Set: 20.9ms
[2026-01-16T10:09:20.311+0000][gc,phases   ] GC(1104)   Post Evacuate Collection Set: 5.5ms
[2026-01-16T10:09:20.311+0000][gc,phases   ] GC(1104)   Other: 4.7ms
[2026-01-16T10:09:20.311+0000][gc,heap     ] GC(1104) Eden regions: 73->0(56)
[2026-01-16T10:09:20.312+0000][gc,heap     ] GC(1104) Survivor regions: 1->2(10)
[2026-01-16T10:09:20.312+0000][gc,heap     ] GC(1104) Old regions: 269->269
[2026-01-16T10:09:20.313+0000][gc,heap     ] GC(1104) Humongous regions: 112->112
[2026-01-16T10:09:20.313+0000][gc,metaspace] GC(1104) Metaspace: 13165K(13568K)->13165K(13568K) NonClass: 12043K(12224K)->12043K(12224K) Class: 1121K(1344K)->1121K(1344K)
[2026-01-16T10:09:20.314+0000][gc          ] GC(1104) Pause Young (Normal) (G1 Evacuation Pause) 454M->382M(1024M) 46.607ms
[2026-01-16T10:09:20.320+0000][gc,cpu      ] GC(1104) User=0.06s Sys=0.00s Real=0.06s
[2026-01-16T10:09:28.270+0000][gc,start    ] GC(1105) Pause Young (Normal) (G1 Evacuation Pause)
[2026-01-16T10:09:28.270+0000][gc,task     ] GC(1105) Using 8 workers of 8 for evacuation
[2026-01-16T10:09:28.345+0000][gc,phases   ] GC(1105)   Pre Evacuate Collection Set: 20.8ms
[2026-01-16T10:09:28.346+0000][gc,phases   ] GC(1105)   Merge Heap Roots: 0.4ms
[2026-01-16T10:09:28.346+0000][gc,phases   ] GC(1105)   Evacuate Collection Set: 46.3ms
[2026-01-16T10:09:28.347+0000][gc,phases   ] GC(1105)   Post Evacuate Collection Set: 5.9ms
[2026-01-16T10:09:28.348+0000][gc,phases   ] GC(1105)   Other: 0.8ms
[2026-01-16T10:09:28.348+0000][gc,heap     ] GC(1105) Eden regions: 91->0(99)
[2026-01-16T10:09:28.348+0000][gc,heap     ] GC(1105) Survivor regions: 2->2(12)
[2026-01-16T10:09:28.349+0000][gc,heap     ] GC(1105) Old regions: 269->269
[2026-01-16T10:09:28.350+0000][gc,heap     ] GC(1105) Humongous regions: 112->112
[2026-01-16T10:09:28.350+0000][gc,metaspace] GC(1105) Metaspace: 13165K(13568K)->13165K(13568K) NonClass: 12043K(12224K)->12043K(12224K) Class: 1121K(1344K)->1121K(1344K)
[2026-01-16T10:09:28.350+0000][gc          ] GC(1105) Pause Young (Normal) (G1 Evacuation Pause) 473M->382M(1024M) 80.309ms
[2026-01-16T10:09:28.350+0000][gc,cpu      ] GC(1105) User=0.16s Sys=0.00s Real=0.08s
[2026-01-16T10:09:47.843+0000][gc,start    ] GC(1106) Pause Young (Normal) (G1 Evacuation Pause)
[2026-01-16T10:09:47.844+0000][gc,task     ] GC(1106) Using 8 workers of 8 for evacuation
[2026-01-16T10:09:47.904+0000][gc,phases   ] GC(1106)   Pre Evacuate Collection Set: 4.5ms
[2026-01-16T10:09:47.905+0000][gc,phases   ] GC(1106)   Merge Heap Roots: 0.8ms
[2026-01-16T10:09:47.905+0000][gc,phases   ] GC(1106)   Evacuate Collection Set: 49.1ms
[2026-01-16T10:09:47.905+0000][gc,phases   ] GC(1106)   Post Evacuate Collection Set: 3.8ms
[2026-01-16T10:09:47.905+0000][gc,phases   ] GC(1106)   Other: 1.9ms
[2026-01-16T10:09:47.905+0000][gc,heap     ] GC(1106) Eden regions: 187->0(246)
[2026-01-16T10:09:47.905+0000][gc,heap     ] GC(1106) Survivor regions: 2->1(24)
[2026-01-16T10:09:47.906+0000][gc,heap     ] GC(1106) Old regions: 269->269
[2026-01-16T10:09:47.906+0000][gc,heap     ] GC(1106) Humongous regions: 112->112
[2026-01-16T10:09:47.906+0000][gc,metaspace] GC(1106) Metaspace: 13165K(13568K)->13165K(13568K) NonClass: 12043K(12224K)->12043K(12224K) Class: 1121K(1344K)->1121K(1344K)
[2026-01-16T10:09:47.907+0000][gc          ] GC(1106) Pause Young (Normal) (G1 Evacuation Pause) 569M->381M(1024M) 63.789ms
[2026-01-16T10:09:47.907+0000][gc,cpu      ] GC(1106) User=0.09s Sys=0.00s Real=0.07s
[2026-01-16T10:10:06.538+0000][gc,start    ] GC(1107) Pause Young (Normal) (G1 Evacuation Pause)
[2026-01-16T10:10:06.539+0000][gc,task     ] GC(1107) Using 8 workers of 8 for evacuation
[2026-01-16T10:10:06.565+0000][gc,phases   ] GC(1107)   Pre Evacuate Collection Set: 2.8ms
[2026-01-16T10:10:06.565+0000][gc,phases   ] GC(1107)   Merge Heap Roots: 0.3ms
[2026-01-16T10:10:06.565+0000][gc,phases   ] GC(1107)   Evacuate Collection Set: 15.7ms
[2026-01-16T10:10:06.565+0000][gc,phases   ] GC(1107)   Post Evacuate Collection Set: 6.2ms
[2026-01-16T10:10:06.565+0000][gc,phases   ] GC(1107)   Other: 0.7ms
[2026-01-16T10:10:06.565+0000][gc,heap     ] GC(1107) Eden regions: 218->0(405)
[2026-01-16T10:10:06.565+0000][gc,heap     ] GC(1107) Survivor regions: 1->1(28)
[2026-01-16T10:10:06.566+0000][gc,heap     ] GC(1107) Old regions: 269->269
[2026-01-16T10:10:06.566+0000][gc,heap     ] GC(1107) Humongous regions: 112->112
[2026-01-16T10:10:06.566+0000][gc,metaspace] GC(1107) Metaspace: 13165K(13568K)->13165K(13568K) NonClass: 12043K(12224K)->12043K(12224K) Class: 1121K(1344K)->1121K(1344K)
[2026-01-16T10:10:06.566+0000][gc          ] GC(1107) Pause Young (Normal) (G1 Evacuation Pause) 599M->381M(1024M) 27.349ms
[2026-01-16T10:10:06.566+0000][gc,cpu      ] GC(1107) User=0.10s Sys=0.01s Real=0.02s
[2026-01-16T10:10:46.051+0000][gc,start    ] GC(1108) Pause Young (Normal) (G1 Evacuation Pause)
[2026-01-16T10:10:46.052+0000][gc,task     ] GC(1108) Using 8 workers of 8 for evacuation
[2026-01-16T10:10:46.083+0000][gc,phases   ] GC(1108)   Pre Evacuate Collection Set: 9.7ms
[2026-01-16T10:10:46.083+0000][gc,phases   ] GC(1108)   Merge Heap Roots: 0.5ms
[2026-01-16T10:10:46.084+0000][gc,phases   ] GC(1108)   Evacuate Collection Set: 16.2ms
[2026-01-16T10:10:46.084+0000][gc,phases   ] GC(1108)   Post Evacuate Collection Set: 3.1ms
[2026-01-16T10:10:46.084+0000][gc,phases   ] GC(1108)   Other: 2.2ms
[2026-01-16T10:10:46.084+0000][gc,heap     ] GC(1108) Eden regions: 432->0(589)
[2026-01-16T10:10:46.084+0000][gc,heap     ] GC(1108) Survivor regions: 1->1(55)
[2026-01-16T10:10:46.084+0000][gc,heap     ] GC(1108) Old regions: 269->269
[2026-01-16T10:10:46.084+0000][gc,heap     ] GC(1108) Humongous regions: 112->112
[2026-01-16T10:10:46.084+0000][gc,metaspace] GC(1108) Metaspace: 13165K(13568K)->13165K(13568K) NonClass: 12043K(12224K)->12043K(12224K) Class: 1121K(1344K)->1121K(1344K)
[2026-01-16T10:10:46.085+0000][gc          ] GC(1108) Pause Young (Normal) (G1 Evacuation Pause) 813M->381M(1024M) 33.939ms
[2026-01-16T10:10:46.085+0000][gc,cpu      ] GC(1108) User=0.13s Sys=0.02s Real=0.04s
[2026-01-16T10:11:36.875+0000][gc,start    ] GC(1109) Pause Young (Normal) (G1 Evacuation Pause)
[2026-01-16T10:11:36.876+0000][gc,task     ] GC(1109) Using 8 workers of 8 for evacuation
[2026-01-16T10:11:36.911+0000][gc,phases   ] GC(1109)   Pre Evacuate Collection Set: 5.5ms
[2026-01-16T10:11:36.911+0000][gc,phases   ] GC(1109)   Merge Heap Roots: 1.0ms
[2026-01-16T10:11:36.911+0000][gc,phases   ] GC(1109)   Evacuate Collection Set: 20.1ms
[2026-01-16T10:11:36.911+0000][gc,phases   ] GC(1109)   Post Evacuate Collection Set: 7.1ms
[2026-01-16T10:11:36.912+0000][gc,phases   ] GC(1109)   Other: 1.2ms
[2026-01-16T10:11:36.912+0000][gc,heap     ] GC(1109) Eden regions: 589->0(589)
[2026-01-16T10:11:36.912+0000][gc,heap     ] GC(1109) Survivor regions: 1->1(53)
[2026-01-16T10:11:36.912+0000][gc,heap     ] GC(1109) Old regions: 269->269
[2026-01-16T10:11:36.912+0000][gc,heap     ] GC(1109) Humongous regions: 112->112
[2026-01-16T10:11:36.913+0000][gc,metaspace] GC(1109) Metaspace: 13165K(13568K)->13165K(13568K) NonClass: 12043K(12224K)->12043K(12224K) Class: 1121K(1344K)->1121K(1344K)
[2026-01-16T10:11:36.913+0000][gc          ] GC(1109) Pause Young (Normal) (G1 Evacuation Pause) 970M->381M(1024M) 37.845ms
[2026-01-16T10:11:36.913+0000][gc,cpu      ] GC(1109) User=0.12s Sys=0.01s Real=0.04s
[2026-01-16T10:12:26.935+0000][gc,start    ] GC(1110) Pause Young (Normal) (G1 Evacuation Pause)
[2026-01-16T10:12:26.940+0000][gc,task     ] GC(1110) Using 8 workers of 8 for evacuation
[2026-01-16T10:12:26.988+0000][gc,phases   ] GC(1110)   Pre Evacuate Collection Set: 8.6ms
[2026-01-16T10:12:26.988+0000][gc,phases   ] GC(1110)   Merge Heap Roots: 1.1ms
[2026-01-16T10:12:26.989+0000][gc,phases   ] GC(1110)   Evacuate Collection Set: 27.6ms
[2026-01-16T10:12:26.989+0000][gc,phases   ] GC(1110)   Post Evacuate Collection Set: 9.9ms
[2026-01-16T10:12:26.989+0000][gc,phases   ] GC(1110)   Other: 3.3ms
[2026-01-16T10:12:26.989+0000][gc,heap     ] GC(1110) Eden regions: 589->0(589)
[2026-01-16T10:12:26.989+0000][gc,heap     ] GC(1110) Survivor regions: 1->1(53)
[2026-01-16T10:12:26.990+0000][gc,heap     ] GC(1110) Old regions: 269->269
[2026-01-16T10:12:26.990+0000][gc,heap     ] GC(1110) Humongous regions: 112->112
[2026-01-16T10:12:26.990+0000][gc,metaspace] GC(1110) Metaspace: 13165K(13568K)->13165K(13568K) NonClass: 12043K(12224K)->12043K(12224K) Class: 1121K(1344K)->1121K(1344K)
[2026-01-16T10:12:26.990+0000][gc          ] GC(1110) Pause Young (Normal) (G1 Evacuation Pause) 970M->381M(1024M) 55.570ms
[2026-01-16T10:12:26.991+0000][gc,cpu      ] GC(1110) User=0.16s Sys=0.00s Real=0.05s
[2026-01-16T10:13:17.937+0000][gc,start    ] GC(1111) Pause Young (Normal) (G1 Evacuation Pause)
[2026-01-16T10:13:17.941+0000][gc,task     ] GC(1111) Using 8 workers of 8 for evacuation
[2026-01-16T10:13:18.000+0000][gc,phases   ] GC(1111)   Pre Evacuate Collection Set: 15.2ms
[2026-01-16T10:13:18.000+0000][gc,phases   ] GC(1111)   Merge Heap Roots: 1.4ms
[2026-01-16T10:13:18.001+0000][gc,phases   ] GC(1111)   Evacuate Collection Set: 31.3ms
[2026-01-16T10:13:18.001+0000][gc,phases   ] GC(1111)   Post Evacuate Collection Set: 8.4ms
[2026-01-16T10:13:18.001+0000][gc,phases   ] GC(1111)   Other: 5.1ms
[2026-01-16T10:13:18.002+0000][gc,heap     ] GC(1111) Eden regions: 589->0(586)
[2026-01-16T10:13:18.002+0000][gc,heap     ] GC(1111) Survivor regions: 1->2(53)
[2026-01-16T10:13:18.002+0000][gc,heap     ] GC(1111) Old regions: 269->270
[2026-01-16T10:13:18.002+0000][gc,heap     ] GC(1111) Humongous regions: 112->112
[2026-01-16T10:13:18.002+0000][gc,metaspace] GC(1111) Metaspace: 13165K(13568K)->13165K(13568K) NonClass: 12043K(12224K)->12043K(12224K) Class: 1121K(1344K)->1121K(1344K)
[2026-01-16T10:13:18.003+0000][gc          ] GC(1111) Pause Young (Normal) (G1 Evacuation Pause) 970M->382M(1024M) 66.281ms
[2026-01-16T10:13:18.004+0000][gc,cpu      ] GC(1111) User=0.14s Sys=0.01s Real=0.06s
[2026-01-16T10:14:07.602+0000][gc,start    ] GC(1112) Pause Young (Normal) (G1 Evacuation Pause)
[2026-01-16T10:14:07.603+0000][gc,task     ] GC(1112) Using 8 workers of 8 for evacuation
[2026-01-16T10:14:07.643+0000][gc,phases   ] GC(1112)   Pre Evacuate Collection Set: 9.8ms
[2026-01-16T10:14:07.643+0000][gc,phases   ] GC(1112)   Merge Heap Roots: 1.6ms
[2026-01-16T10:14:07.643+0000][gc,phases   ] GC(1112)   Evacuate Collection Set: 24.4ms
[2026-01-16T10:14:07.644+0000][gc,phases   ] GC(1112)   Post Evacuate Collection Set: 3.8ms
[2026-01-16T10:14:07.644+0000][gc,phases   ] GC(1112)   Other: 1.0ms
[2026-01-16T10:14:07.644+0000][gc,heap     ] GC(1112) Eden regions: 586->0(586)
[2026-01-16T10:14:07.644+0000][gc,heap     ] GC(1112) Survivor regions: 2->2(54)
[2026-01-16T10:14:07.644+0000][gc,heap     ] GC(1112) Old regions: 270->270
[2026-01-16T10:14:07.644+0000][gc,heap     ] GC(1112) Humongous regions: 112->112
[2026-01-16T10:14:07.644+0000][gc,metaspace] GC(1112) Metaspace: 13165K(13568K)->13165K(13568K) NonClass: 12043K(12224K)->12043K(12224K) Class: 1121K(1344K)->1121K(1344K)
[2026-01-16T10:14:07.644+0000][gc          ] GC(1112) Pause Young (Normal) (G1 Evacuation Pause) 968M->382M(1024M) 42.525ms
[2026-01-16T10:14:07.644+0000][gc,cpu      ] GC(1112) User=0.15s Sys=0.02s Real=0.04s
[2026-01-16T10:14:58.184+0000][gc,start    ] GC(1113) Pause Young (Normal) (G1 Evacuation Pause)
[2026-01-16T10:14:58.195+0000][gc,task     ] GC(1113) Using 8 workers of 8 for evacuation
[2026-01-16T10:14:58.242+0000][gc,phases   ] GC(1113)   Pre Evacuate Collection Set: 5.4ms
[2026-01-16T10:14:58.242+0000][gc,phases   ] GC(1113)   Merge Heap Roots: 0.3ms
[2026-01-16T10:14:58.242+0000][gc,phases   ] GC(1113)   Evacuate Collection Set: 31.8ms
[2026-01-16T10:14:58.242+0000][gc,phases   ] GC(1113)   Post Evacuate Collection Set: 9.4ms
[2026-01-16T10:14:58.242+0000][gc,phases   ] GC(1113)   Other: 2.2ms
[2026-01-16T10:14:58.243+0000][gc,heap     ] GC(1113) Eden regions: 586->0(577)
[2026-01-16T10:14:58.243+0000][gc,heap     ] GC(1113) Survivor regions: 2->2(45)
[2026-01-16T10:14:58.243+0000][gc,heap     ] GC(1113) Old regions: 270->270
[2026-01-16T10:14:58.243+0000][gc,heap     ] GC(1113) Humongous regions: 121->121
[2026-01-16T10:14:58.243+0000][gc,metaspace] GC(1113) Metaspace: 13165K(13568K)->13165K(13568K) NonClass: 12044K(12224K)->12044K(12224K) Class: 1121K(1344K)->1121K(1344K)
[2026-01-16T10:14:58.243+0000][gc          ] GC(1113) Pause Young (Normal) (G1 Evacuation Pause) 977M->392M(1024M) 59.519ms
[2026-01-16T10:14:58.243+0000][gc,cpu      ] GC(1113) User=0.27s Sys=0.02s Real=0.05s
[2026-01-16T10:15:48.877+0000][gc,start    ] GC(1114) Pause Young (Normal) (G1 Evacuation Pause)
[2026-01-16T10:15:48.878+0000][gc,task     ] GC(1114) Using 8 workers of 8 for evacuation
[2026-01-16T10:15:48.951+0000][gc,phases   ] GC(1114)   Pre Evacuate Collection Set: 9.4ms
[2026-01-16T10:15:48.951+0000][gc,phases   ] GC(1114)   Merge Heap Roots: 1.0ms
[2026-01-16T10:15:48.951+0000][gc,phases   ] GC(1114)   Evacuate Collection Set: 53.5ms
[2026-01-16T10:15:48.952+0000][gc,phases   ] GC(1114)   Post Evacuate Collection Set: 6.8ms
[2026-01-16T10:15:48.952+0000][gc,phases   ] GC(1114)   Other: 1.7ms
[2026-01-16T10:15:48.952+0000][gc,heap     ] GC(1114) Eden regions: 577->0(577)
[2026-01-16T10:15:48.953+0000][gc,heap     ] GC(1114) Survivor regions: 2->2(54)
[2026-01-16T10:15:48.953+0000][gc,heap     ] GC(1114) Old regions: 270->270
[2026-01-16T10:15:48.953+0000][gc,heap     ] GC(1114) Humongous regions: 121->121
[2026-01-16T10:15:48.954+0000][gc,metaspace] GC(1114) Metaspace: 13221K(13696K)->13221K(13696K) NonClass: 12088K(12288K)->12088K(12288K) Class: 1133K(1408K)->1133K(1408K)
[2026-01-16T10:15:48.955+0000][gc          ] GC(1114) Pause Young (Normal) (G1 Evacuation Pause) 969M->391M(1024M) 77.230ms
[2026-01-16T10:15:48.955+0000][gc,cpu      ] GC(1114) User=0.17s Sys=0.03s Real=0.08s
[2026-01-16T10:16:45.723+0000][gc,start    ] GC(1115) Pause Young (Normal) (G1 Evacuation Pause)
[2026-01-16T10:16:45.725+0000][gc,task     ] GC(1115) Using 8 workers of 8 for evacuation
[2026-01-16T10:16:46.404+0000][gc,mmu      ] GC(1115) MMU target violated: 201.0ms (200.0ms/201.0ms)
[2026-01-16T10:16:46.407+0000][gc,phases   ] GC(1115)   Pre Evacuate Collection Set: 42.9ms
[2026-01-16T10:16:46.414+0000][gc,phases   ] GC(1115)   Merge Heap Roots: 29.0ms
[2026-01-16T10:16:46.415+0000][gc,phases   ] GC(1115)   Evacuate Collection Set: 540.4ms
[2026-01-16T10:16:46.415+0000][gc,phases   ] GC(1115)   Post Evacuate Collection Set: 56.7ms
[2026-01-16T10:16:46.415+0000][gc,phases   ] GC(1115)   Other: 13.0ms
[2026-01-16T10:16:46.416+0000][gc,heap     ] GC(1115) Eden regions: 520->0(47)
[2026-01-16T10:16:46.416+0000][gc,heap     ] GC(1115) Survivor regions: 2->4(66)
[2026-01-16T10:16:46.416+0000][gc,heap     ] GC(1115) Old regions: 270->270
[2026-01-16T10:16:46.417+0000][gc,heap     ] GC(1115) Humongous regions: 121->121
[2026-01-16T10:16:46.417+0000][gc,metaspace] GC(1115) Metaspace: 13221K(13696K)->13221K(13696K) NonClass: 12088K(12288K)->12088K(12288K) Class: 1133K(1408K)->1133K(1408K)
[2026-01-16T10:16:46.418+0000][gc          ] GC(1115) Pause Young (Normal) (G1 Evacuation Pause) 911M->393M(1024M) 694.956ms
[2026-01-16T10:16:46.418+0000][gc,cpu      ] GC(1115) User=0.46s Sys=0.04s Real=0.70s
[2026-01-16T10:16:49.288+0000][gc,start    ] GC(1116) Pause Young (Normal) (G1 Evacuation Pause)
[2026-01-16T10:16:49.289+0000][gc,task     ] GC(1116) Using 8 workers of 8 for evacuation
[2026-01-16T10:16:49.749+0000][gc,mmu      ] GC(1116) MMU target violated: 201.0ms (200.0ms/201.0ms)
[2026-01-16T10:16:49.750+0000][gc,phases   ] GC(1116)   Pre Evacuate Collection Set: 11.0ms
[2026-01-16T10:16:49.750+0000][gc,phases   ] GC(1116)   Merge Heap Roots: 4.9ms
[2026-01-16T10:16:49.750+0000][gc,phases   ] GC(1116)   Evacuate Collection Set: 422.3ms
[2026-01-16T10:16:49.750+0000][gc,phases   ] GC(1116)   Post Evacuate Collection Set: 20.7ms
[2026-01-16T10:16:49.750+0000][gc,phases   ] GC(1116)   Other: 2.0ms
[2026-01-16T10:16:49.750+0000][gc,heap     ] GC(1116) Eden regions: 47->0(47)
[2026-01-16T10:16:49.750+0000][gc,heap     ] GC(1116) Survivor regions: 4->4(7)
[2026-01-16T10:16:49.750+0000][gc,heap     ] GC(1116) Old regions: 270->270
[2026-01-16T10:16:49.750+0000][gc,heap     ] GC(1116) Humongous regions: 121->121
[2026-01-16T10:16:49.751+0000][gc,metaspace] GC(1116) Metaspace: 13221K(13696K)->13221K(13696K) NonClass: 12088K(12288K)->12088K(12288K) Class: 1133K(1408K)->1133K(1408K)
[2026-01-16T10:16:49.751+0000][gc          ] GC(1116) Pause Young (Normal) (G1 Evacuation Pause) 440M->393M(1024M) 463.483ms
[2026-01-16T10:16:49.752+0000][gc,cpu      ] GC(1116) User=0.34s Sys=0.01s Real=0.46s
[2026-01-16T10:16:52.503+0000][gc,start    ] GC(1117) Pause Young (Normal) (G1 Evacuation Pause)
[2026-01-16T10:16:52.506+0000][gc,task     ] GC(1117) Using 8 workers of 8 for evacuation
[2026-01-16T10:16:53.066+0000][gc,mmu      ] GC(1117) MMU target violated: 201.0ms (200.0ms/201.0ms)
[2026-01-16T10:16:53.068+0000][gc,phases   ] GC(1117)   Pre Evacuate Collection Set: 89.3ms
[2026-01-16T10:16:53.069+0000][gc,phases   ] GC(1117)   Merge Heap Roots: 4.3ms
[2026-01-16T10:16:53.070+0000][gc,phases   ] GC(1117)   Evacuate Collection Set: 435.0ms
[2026-01-16T10:16:53.070+0000][gc,phases   ] GC(1117)   Post Evacuate Collection Set: 30.2ms
[2026-01-16T10:16:53.072+0000][gc,phases   ] GC(1117)   Other: 3.1ms
[2026-01-16T10:16:53.076+0000][gc,heap     ] GC(1117) Eden regions: 47->0(46)
[2026-01-16T10:16:53.077+0000][gc,heap     ] GC(1117) Survivor regions: 4->5(7)
[2026-01-16T10:16:53.083+0000][gc,heap     ] GC(1117) Old regions: 270->270
[2026-01-16T10:16:53.088+0000][gc,heap     ] GC(1117) Humongous regions: 121->121
[2026-01-16T10:16:53.091+0000][gc,metaspace] GC(1117) Metaspace: 13221K(13696K)->13221K(13696K) NonClass: 12088K(12288K)->12088K(12288K) Class: 1133K(1408K)->1133K(1408K)
[2026-01-16T10:16:53.096+0000][gc          ] GC(1117) Pause Young (Normal) (G1 Evacuation Pause) 440M->394M(1024M) 593.644ms
[2026-01-16T10:16:53.101+0000][gc,cpu      ] GC(1117) User=0.39s Sys=0.05s Real=0.60s
[2026-01-16T10:16:56.134+0000][gc,start    ] GC(1118) Pause Young (Normal) (G1 Evacuation Pause)
[2026-01-16T10:16:56.137+0000][gc,task     ] GC(1118) Using 8 workers of 8 for evacuation
[2026-01-16T10:16:56.677+0000][gc,mmu      ] GC(1118) MMU target violated: 201.0ms (200.0ms/201.0ms)
[2026-01-16T10:16:56.680+0000][gc,phases   ] GC(1118)   Pre Evacuate Collection Set: 39.4ms
[2026-01-16T10:16:56.692+0000][gc,phases   ] GC(1118)   Merge Heap Roots: 11.3ms
[2026-01-16T10:16:56.693+0000][gc,phases   ] GC(1118)   Evacuate Collection Set: 478.1ms
[2026-01-16T10:16:56.694+0000][gc,phases   ] GC(1118)   Post Evacuate Collection Set: 7.9ms
[2026-01-16T10:16:56.717+0000][gc,phases   ] GC(1118)   Other: 6.0ms
[2026-01-16T10:16:56.719+0000][gc,heap     ] GC(1118) Eden regions: 46->0(47)
[2026-01-16T10:16:56.722+0000][gc,heap     ] GC(1118) Survivor regions: 5->4(7)
[2026-01-16T10:16:56.725+0000][gc,heap     ] GC(1118) Old regions: 270->270
[2026-01-16T10:16:56.727+0000][gc,heap     ] GC(1118) Humongous regions: 121->121
[2026-01-16T10:16:56.727+0000][gc,metaspace] GC(1118) Metaspace: 13223K(13696K)->13223K(13696K) NonClass: 12089K(12288K)->12089K(12288K) Class: 1133K(1408K)->1133K(1408K)
[2026-01-16T10:16:56.728+0000][gc          ] GC(1118) Pause Young (Normal) (G1 Evacuation Pause) 440M->393M(1024M) 593.006ms
[2026-01-16T10:16:56.728+0000][gc,cpu      ] GC(1118) User=0.24s Sys=0.05s Real=0.59s
[2026-01-16T10:16:58.188+0000][gc,start    ] GC(1119) Pause Young (Normal) (G1 Evacuation Pause)
[2026-01-16T10:16:58.189+0000][gc,task     ] GC(1119) Using 8 workers of 8 for evacuation
[2026-01-16T10:16:58.409+0000][gc,mmu      ] GC(1119) MMU target violated: 201.0ms (200.0ms/201.0ms)
[2026-01-16T10:16:58.410+0000][gc,phases   ] GC(1119)   Pre Evacuate Collection Set: 30.6ms
[2026-01-16T10:16:58.411+0000][gc,phases   ] GC(1119)   Merge Heap Roots: 14.0ms
[2026-01-16T10:16:58.412+0000][gc,phases   ] GC(1119)   Evacuate Collection Set: 156.7ms
[2026-01-16T10:16:58.412+0000][gc,phases   ] GC(1119)   Post Evacuate Collection Set: 9.2ms
[2026-01-16T10:16:58.412+0000][gc,phases   ] GC(1119)   Other: 9.9ms
[2026-01-16T10:16:58.413+0000][gc,heap     ] GC(1119) Eden regions: 47->0(47)
[2026-01-16T10:16:58.413+0000][gc,heap     ] GC(1119) Survivor regions: 4->4(7)
[2026-01-16T10:16:58.413+0000][gc,heap     ] GC(1119) Old regions: 270->270
[2026-01-16T10:16:58.419+0000][gc,heap     ] GC(1119) Humongous regions: 121->121
[2026-01-16T10:16:58.419+0000][gc,metaspace] GC(1119) Metaspace: 13223K(13696K)->13223K(13696K) NonClass: 12089K(12288K)->12089K(12288K) Class: 1133K(1408K)->1133K(1408K)
[2026-01-16T10:16:58.453+0000][gc          ] GC(1119) Pause Young (Normal) (G1 Evacuation Pause) 440M->393M(1024M) 265.770ms
[2026-01-16T10:16:58.467+0000][gc,cpu      ] GC(1119) User=0.16s Sys=0.01s Real=0.28s
[2026-01-16T10:16:59.595+0000][gc,start    ] GC(1120) Pause Young (Normal) (G1 Evacuation Pause)
[2026-01-16T10:16:59.596+0000][gc,task     ] GC(1120) Using 8 workers of 8 for evacuation
[2026-01-16T10:16:59.718+0000][gc,phases   ] GC(1120)   Pre Evacuate Collection Set: 1.1ms
[2026-01-16T10:16:59.719+0000][gc,phases   ] GC(1120)   Merge Heap Roots: 0.5ms
[2026-01-16T10:16:59.726+0000][gc,phases   ] GC(1120)   Evacuate Collection Set: 116.3ms
[2026-01-16T10:16:59.731+0000][gc,phases   ] GC(1120)   Post Evacuate Collection Set: 3.6ms
[2026-01-16T10:16:59.739+0000][gc,phases   ] GC(1120)   Other: 0.5ms
[2026-01-16T10:16:59.741+0000][gc,heap     ] GC(1120) Eden regions: 47->0(48)
[2026-01-16T10:16:59.744+0000][gc,heap     ] GC(1120) Survivor regions: 4->3(7)
[2026-01-16T10:16:59.747+0000][gc,heap     ] GC(1120) Old regions: 270->270
[2026-01-16T10:16:59.748+0000][gc,heap     ] GC(1120) Humongous regions: 121->121
[2026-01-16T10:16:59.748+0000][gc,metaspace] GC(1120) Metaspace: 13223K(13696K)->13223K(13696K) NonClass: 12089K(12288K)->12089K(12288K) Class: 1133K(1408K)->1133K(1408K)
[2026-01-16T10:16:59.749+0000][gc          ] GC(1120) Pause Young (Normal) (G1 Evacuation Pause) 440M->393M(1024M) 153.392ms
[2026-01-16T10:16:59.749+0000][gc,cpu      ] GC(1120) User=0.07s Sys=0.00s Real=0.15s
[2026-01-16T10:17:02.057+0000][gc,start    ] GC(1121) Pause Young (Normal) (G1 Evacuation Pause)
[2026-01-16T10:17:02.058+0000][gc,task     ] GC(1121) Using 8 workers of 8 for evacuation
[2026-01-16T10:17:02.317+0000][gc,mmu      ] GC(1121) MMU target violated: 201.0ms (200.0ms/201.0ms)
[2026-01-16T10:17:02.318+0000][gc,phases   ] GC(1121)   Pre Evacuate Collection Set: 15.3ms
[2026-01-16T10:17:02.318+0000][gc,phases   ] GC(1121)   Merge Heap Roots: 0.9ms
[2026-01-16T10:17:02.323+0000][gc,phases   ] GC(1121)   Evacuate Collection Set: 232.5ms
[2026-01-16T10:17:02.326+0000][gc,phases   ] GC(1121)   Post Evacuate Collection Set: 6.4ms
[2026-01-16T10:17:02.326+0000][gc,phases   ] GC(1121)   Other: 4.8ms
[2026-01-16T10:17:02.330+0000][gc,heap     ] GC(1121) Eden regions: 48->0(48)
[2026-01-16T10:17:02.330+0000][gc,heap     ] GC(1121) Survivor regions: 3->3(7)
[2026-01-16T10:17:02.330+0000][gc,heap     ] GC(1121) Old regions: 270->270
[2026-01-16T10:17:02.330+0000][gc,heap     ] GC(1121) Humongous regions: 121->121
[2026-01-16T10:17:02.333+0000][gc,metaspace] GC(1121) Metaspace: 13223K(13696K)->13223K(13696K) NonClass: 12089K(12288K)->12089K(12288K) Class: 1133K(1408K)->1133K(1408K)
[2026-01-16T10:17:02.335+0000][gc          ] GC(1121) Pause Young (Normal) (G1 Evacuation Pause) 441M->393M(1024M) 277.494ms
[2026-01-16T10:17:02.335+0000][gc,cpu      ] GC(1121) User=0.16s Sys=0.01s Real=0.28s
[2026-01-16T10:17:08.657+0000][gc,start    ] GC(1122) Pause Young (Normal) (G1 Evacuation Pause)
[2026-01-16T10:17:08.663+0000][gc,task     ] GC(1122) Using 8 workers of 8 for evacuation
[2026-01-16T10:17:09.011+0000][gc,mmu      ] GC(1122) MMU target violated: 201.0ms (200.0ms/201.0ms)
[2026-01-16T10:17:09.014+0000][gc,phases   ] GC(1122)   Pre Evacuate Collection Set: 34.2ms
[2026-01-16T10:17:09.016+0000][gc,phases   ] GC(1122)   Merge Heap Roots: 4.3ms
[2026-01-16T10:17:09.016+0000][gc,phases   ] GC(1122)   Evacuate Collection Set: 289.1ms
[2026-01-16T10:17:09.017+0000][gc,phases   ] GC(1122)   Post Evacuate Collection Set: 17.3ms
[2026-01-16T10:17:09.017+0000][gc,phases   ] GC(1122)   Other: 6.1ms
[2026-01-16T10:17:09.019+0000][gc,heap     ] GC(1122) Eden regions: 48->0(48)
[2026-01-16T10:17:09.019+0000][gc,heap     ] GC(1122) Survivor regions: 3->3(7)
[2026-01-16T10:17:09.021+0000][gc,heap     ] GC(1122) Old regions: 270->270
[2026-01-16T10:17:09.022+0000][gc,heap     ] GC(1122) Humongous regions: 121->121
[2026-01-16T10:17:09.022+0000][gc,metaspace] GC(1122) Metaspace: 13223K(13696K)->13223K(13696K) NonClass: 12089K(12288K)->12089K(12288K) Class: 1133K(1408K)->1133K(1408K)
[2026-01-16T10:17:09.022+0000][gc          ] GC(1122) Pause Young (Normal) (G1 Evacuation Pause) 441M->392M(1024M) 365.320ms
[2026-01-16T10:17:09.023+0000][gc,cpu      ] GC(1122) User=0.21s Sys=0.01s Real=0.37s
[2026-01-16T10:17:11.304+0000][gc,start    ] GC(1123) Pause Young (Normal) (G1 Evacuation Pause)
[2026-01-16T10:17:11.316+0000][gc,task     ] GC(1123) Using 8 workers of 8 for evacuation
[2026-01-16T10:17:11.569+0000][gc,mmu      ] GC(1123) MMU target violated: 201.0ms (200.0ms/201.0ms)
[2026-01-16T10:17:11.572+0000][gc,phases   ] GC(1123)   Pre Evacuate Collection Set: 35.5ms
[2026-01-16T10:17:11.572+0000][gc,phases   ] GC(1123)   Merge Heap Roots: 2.8ms
[2026-01-16T10:17:11.572+0000][gc,phases   ] GC(1123)   Evacuate Collection Set: 157.6ms
[2026-01-16T10:17:11.572+0000][gc,phases   ] GC(1123)   Post Evacuate Collection Set: 52.5ms
[2026-01-16T10:17:11.572+0000][gc,phases   ] GC(1123)   Other: 7.6ms
[2026-01-16T10:17:11.573+0000][gc,heap     ] GC(1123) Eden regions: 48->0(48)
[2026-01-16T10:17:11.573+0000][gc,heap     ] GC(1123) Survivor regions: 3->3(7)
[2026-01-16T10:17:11.573+0000][gc,heap     ] GC(1123) Old regions: 270->270
[2026-01-16T10:17:11.574+0000][gc,heap     ] GC(1123) Humongous regions: 121->121
[2026-01-16T10:17:11.574+0000][gc,metaspace] GC(1123) Metaspace: 13223K(13696K)->13223K(13696K) NonClass: 12089K(12288K)->12089K(12288K) Class: 1133K(1408K)->1133K(1408K)
[2026-01-16T10:17:11.575+0000][gc          ] GC(1123) Pause Young (Normal) (G1 Evacuation Pause) 440M->393M(1024M) 270.721ms
[2026-01-16T10:17:11.587+0000][gc,cpu      ] GC(1123) User=0.21s Sys=0.02s Real=0.28s
[2026-01-16T10:17:17.457+0000][gc,start    ] GC(1124) Pause Young (Normal) (G1 Evacuation Pause)
[2026-01-16T10:17:17.460+0000][gc,task     ] GC(1124) Using 8 workers of 8 for evacuation
[2026-01-16T10:17:17.724+0000][gc,mmu      ] GC(1124) MMU target violated: 201.0ms (200.0ms/201.0ms)
[2026-01-16T10:17:17.731+0000][gc,phases   ] GC(1124)   Pre Evacuate Collection Set: 39.0ms
[2026-01-16T10:17:17.731+0000][gc,phases   ] GC(1124)   Merge Heap Roots: 5.5ms
[2026-01-16T10:17:17.731+0000][gc,phases   ] GC(1124)   Evacuate Collection Set: 187.6ms
[2026-01-16T10:17:17.736+0000][gc,phases   ] GC(1124)   Post Evacuate Collection Set: 31.9ms
[2026-01-16T10:17:17.739+0000][gc,phases   ] GC(1124)   Other: 7.1ms
[2026-01-16T10:17:17.741+0000][gc,heap     ] GC(1124) Eden regions: 48->0(48)
[2026-01-16T10:17:17.743+0000][gc,heap     ] GC(1124) Survivor regions: 3->3(7)
[2026-01-16T10:17:17.743+0000][gc,heap     ] GC(1124) Old regions: 270->270
[2026-01-16T10:17:17.745+0000][gc,heap     ] GC(1124) Humongous regions: 121->121
[2026-01-16T10:17:17.746+0000][gc,metaspace] GC(1124) Metaspace: 13223K(13696K)->13223K(13696K) NonClass: 12089K(12288K)->12089K(12288K) Class: 1133K(1408K)->1133K(1408K)
[2026-01-16T10:17:17.749+0000][gc          ] GC(1124) Pause Young (Normal) (G1 Evacuation Pause) 441M->392M(1024M) 291.136ms
[2026-01-16T10:17:17.749+0000][gc,cpu      ] GC(1124) User=0.20s Sys=0.02s Real=0.29s
[2026-01-16T10:17:18.884+0000][gc,start    ] GC(1125) Pause Young (Normal) (G1 Evacuation Pause)
[2026-01-16T10:17:18.884+0000][gc,task     ] GC(1125) Using 8 workers of 8 for evacuation
[2026-01-16T10:17:19.014+0000][gc,phases   ] GC(1125)   Pre Evacuate Collection Set: 17.5ms
[2026-01-16T10:17:19.016+0000][gc,phases   ] GC(1125)   Merge Heap Roots: 0.6ms
[2026-01-16T10:17:19.018+0000][gc,phases   ] GC(1125)   Evacuate Collection Set: 108.7ms
[2026-01-16T10:17:19.019+0000][gc,phases   ] GC(1125)   Post Evacuate Collection Set: 2.2ms
[2026-01-16T10:17:19.021+0000][gc,phases   ] GC(1125)   Other: 0.6ms
[2026-01-16T10:17:19.021+0000][gc,heap     ] GC(1125) Eden regions: 48->0(48)
[2026-01-16T10:17:19.023+0000][gc,heap     ] GC(1125) Survivor regions: 3->3(7)
[2026-01-16T10:17:19.024+0000][gc,heap     ] GC(1125) Old regions: 270->270
[2026-01-16T10:17:19.026+0000][gc,heap     ] GC(1125) Humongous regions: 121->121
[2026-01-16T10:17:19.026+0000][gc,metaspace] GC(1125) Metaspace: 13223K(13696K)->13223K(13696K) NonClass: 12089K(12288K)->12089K(12288K) Class: 1133K(1408K)->1133K(1408K)
[2026-01-16T10:17:19.027+0000][gc          ] GC(1125) Pause Young (Normal) (G1 Evacuation Pause) 440M->393M(1024M) 143.642ms
[2026-01-16T10:17:19.029+0000][gc,cpu      ] GC(1125) User=0.06s Sys=0.00s Real=0.14s
[2026-01-16T10:17:26.675+0000][gc,start    ] GC(1126) Pause Young (Normal) (G1 Evacuation Pause)
[2026-01-16T10:17:26.676+0000][gc,task     ] GC(1126) Using 8 workers of 8 for evacuation
[2026-01-16T10:17:26.782+0000][gc,phases   ] GC(1126)   Pre Evacuate Collection Set: 15.5ms
[2026-01-16T10:17:26.785+0000][gc,phases   ] GC(1126)   Merge Heap Roots: 1.7ms
[2026-01-16T10:17:26.786+0000][gc,phases   ] GC(1126)   Evacuate Collection Set: 76.6ms
[2026-01-16T10:17:26.788+0000][gc,phases   ] GC(1126)   Post Evacuate Collection Set: 9.2ms
[2026-01-16T10:17:26.788+0000][gc,phases   ] GC(1126)   Other: 3.3ms
[2026-01-16T10:17:26.789+0000][gc,heap     ] GC(1126) Eden regions: 48->0(102)
[2026-01-16T10:17:26.789+0000][gc,heap     ] GC(1126) Survivor regions: 3->2(7)
[2026-01-16T10:17:26.790+0000][gc,heap     ] GC(1126) Old regions: 270->270
[2026-01-16T10:17:26.791+0000][gc,heap     ] GC(1126) Humongous regions: 121->121
[2026-01-16T10:17:26.792+0000][gc,metaspace] GC(1126) Metaspace: 13223K(13696K)->13223K(13696K) NonClass: 12089K(12288K)->12089K(12288K) Class: 1133K(1408K)->1133K(1408K)
[2026-01-16T10:17:26.792+0000][gc          ] GC(1126) Pause Young (Normal) (G1 Evacuation Pause) 441M->392M(1024M) 117.068ms
[2026-01-16T10:17:26.793+0000][gc,cpu      ] GC(1126) User=0.16s Sys=0.01s Real=0.12s
[2026-01-16T10:17:36.677+0000][gc,start    ] GC(1127) Pause Young (Normal) (G1 Evacuation Pause)
[2026-01-16T10:17:36.682+0000][gc,task     ] GC(1127) Using 8 workers of 8 for evacuation
[2026-01-16T10:17:36.866+0000][gc,phases   ] GC(1127)   Pre Evacuate Collection Set: 30.1ms
[2026-01-16T10:17:36.867+0000][gc,phases   ] GC(1127)   Merge Heap Roots: 14.6ms
[2026-01-16T10:17:36.868+0000][gc,phases   ] GC(1127)   Evacuate Collection Set: 127.9ms
[2026-01-16T10:17:36.868+0000][gc,phases   ] GC(1127)   Post Evacuate Collection Set: 9.5ms
[2026-01-16T10:17:36.869+0000][gc,phases   ] GC(1127)   Other: 1.8ms
[2026-01-16T10:17:36.869+0000][gc,heap     ] GC(1127) Eden regions: 118->0(134)
[2026-01-16T10:17:36.869+0000][gc,heap     ] GC(1127) Survivor regions: 2->2(15)
[2026-01-16T10:17:36.870+0000][gc,heap     ] GC(1127) Old regions: 270->270
[2026-01-16T10:17:36.870+0000][gc,heap     ] GC(1127) Humongous regions: 121->121
[2026-01-16T10:17:36.870+0000][gc,metaspace] GC(1127) Metaspace: 13223K(13696K)->13223K(13696K) NonClass: 12089K(12288K)->12089K(12288K) Class: 1133K(1408K)->1133K(1408K)
[2026-01-16T10:17:36.871+0000][gc          ] GC(1127) Pause Young (Normal) (G1 Evacuation Pause) 510M->392M(1024M) 193.747ms
[2026-01-16T10:17:36.872+0000][gc,cpu      ] GC(1127) User=0.19s Sys=0.02s Real=0.19s
[2026-01-16T10:17:48.284+0000][gc,start    ] GC(1128) Pause Young (Normal) (G1 Evacuation Pause)
[2026-01-16T10:17:48.285+0000][gc,task     ] GC(1128) Using 8 workers of 8 for evacuation
[2026-01-16T10:17:48.436+0000][gc,phases   ] GC(1128)   Pre Evacuate Collection Set: 9.5ms
[2026-01-16T10:17:48.438+0000][gc,phases   ] GC(1128)   Merge Heap Roots: 4.3ms
[2026-01-16T10:17:48.438+0000][gc,phases   ] GC(1128)   Evacuate Collection Set: 115.6ms
[2026-01-16T10:17:48.439+0000][gc,phases   ] GC(1128)   Post Evacuate Collection Set: 21.0ms
[2026-01-16T10:17:48.440+0000][gc,phases   ] GC(1128)   Other: 0.6ms
[2026-01-16T10:17:48.440+0000][gc,heap     ] GC(1128) Eden regions: 164->0(83)
[2026-01-16T10:17:48.440+0000][gc,heap     ] GC(1128) Survivor regions: 2->3(21)
[2026-01-16T10:17:48.440+0000][gc,heap     ] GC(1128) Old regions: 270->270
[2026-01-16T10:17:48.441+0000][gc,heap     ] GC(1128) Humongous regions: 121->121
[2026-01-16T10:17:48.441+0000][gc,metaspace] GC(1128) Metaspace: 13223K(13696K)->13223K(13696K) NonClass: 12089K(12288K)->12089K(12288K) Class: 1133K(1408K)->1133K(1408K)
[2026-01-16T10:17:48.441+0000][gc          ] GC(1128) Pause Young (Normal) (G1 Evacuation Pause) 556M->393M(1024M) 157.675ms
[2026-01-16T10:17:48.441+0000][gc,cpu      ] GC(1128) User=0.26s Sys=0.01s Real=0.16s
[2026-01-16T10:17:58.562+0000][gc,start    ] GC(1129) Pause Young (Normal) (G1 Evacuation Pause)
[2026-01-16T10:17:58.564+0000][gc,task     ] GC(1129) Using 8 workers of 8 for evacuation
[2026-01-16T10:17:58.860+0000][gc,mmu      ] GC(1129) MMU target violated: 201.0ms (200.0ms/201.0ms)
[2026-01-16T10:17:58.861+0000][gc,phases   ] GC(1129)   Pre Evacuate Collection Set: 15.5ms
[2026-01-16T10:17:58.861+0000][gc,phases   ] GC(1129)   Merge Heap Roots: 3.0ms
[2026-01-16T10:17:58.862+0000][gc,phases   ] GC(1129)   Evacuate Collection Set: 273.5ms
[2026-01-16T10:17:58.862+0000][gc,phases   ] GC(1129)   Post Evacuate Collection Set: 3.3ms
[2026-01-16T10:17:58.863+0000][gc,phases   ] GC(1129)   Other: 2.6ms
[2026-01-16T10:17:58.863+0000][gc,heap     ] GC(1129) Eden regions: 111->0(48)
[2026-01-16T10:17:58.863+0000][gc,heap     ] GC(1129) Survivor regions: 3->3(15)
[2026-01-16T10:17:58.863+0000][gc,heap     ] GC(1129) Old regions: 270->270
[2026-01-16T10:17:58.864+0000][gc,heap     ] GC(1129) Humongous regions: 121->121
[2026-01-16T10:17:58.865+0000][gc,metaspace] GC(1129) Metaspace: 13223K(13696K)->13223K(13696K) NonClass: 12089K(12288K)->12089K(12288K) Class: 1133K(1408K)->1133K(1408K)
[2026-01-16T10:17:58.866+0000][gc          ] GC(1129) Pause Young (Normal) (G1 Evacuation Pause) 504M->393M(1024M) 303.459ms
[2026-01-16T10:17:58.866+0000][gc,cpu      ] GC(1129) User=0.21s Sys=0.01s Real=0.30s
[2026-01-16T10:18:01.045+0000][gc,start    ] GC(1130) Pause Young (Normal) (G1 Evacuation Pause)
[2026-01-16T10:18:01.047+0000][gc,task     ] GC(1130) Using 8 workers of 8 for evacuation
[2026-01-16T10:18:01.201+0000][gc,phases   ] GC(1130)   Pre Evacuate Collection Set: 6.4ms
[2026-01-16T10:18:01.213+0000][gc,phases   ] GC(1130)   Merge Heap Roots: 1.4ms
[2026-01-16T10:18:01.216+0000][gc,phases   ] GC(1130)   Evacuate Collection Set: 134.7ms
[2026-01-16T10:18:01.225+0000][gc,phases   ] GC(1130)   Post Evacuate Collection Set: 8.3ms
[2026-01-16T10:18:01.226+0000][gc,phases   ] GC(1130)   Other: 3.4ms
[2026-01-16T10:18:01.226+0000][gc,heap     ] GC(1130) Eden regions: 48->0(92)
[2026-01-16T10:18:01.227+0000][gc,heap     ] GC(1130) Survivor regions: 3->2(7)
[2026-01-16T10:18:01.227+0000][gc,heap     ] GC(1130) Old regions: 270->272
[2026-01-16T10:18:01.227+0000][gc,heap     ] GC(1130) Humongous regions: 121->121
[2026-01-16T10:18:01.228+0000][gc,metaspace] GC(1130) Metaspace: 13223K(13696K)->13223K(13696K) NonClass: 12089K(12288K)->12089K(12288K) Class: 1133K(1408K)->1133K(1408K)
[2026-01-16T10:18:01.228+0000][gc          ] GC(1130) Pause Young (Normal) (G1 Evacuation Pause) 441M->393M(1024M) 182.864ms
[2026-01-16T10:18:01.228+0000][gc,cpu      ] GC(1130) User=0.12s Sys=0.03s Real=0.19s
[2026-01-16T10:18:18.917+0000][gc,start    ] GC(1131) Pause Young (Normal) (G1 Evacuation Pause)
[2026-01-16T10:18:18.921+0000][gc,task     ] GC(1131) Using 8 workers of 8 for evacuation
[2026-01-16T10:18:19.275+0000][gc,mmu      ] GC(1131) MMU target violated: 201.0ms (200.0ms/201.0ms)
[2026-01-16T10:18:19.277+0000][gc,phases   ] GC(1131)   Pre Evacuate Collection Set: 50.2ms
[2026-01-16T10:18:19.278+0000][gc,phases   ] GC(1131)   Merge Heap Roots: 1.1ms
[2026-01-16T10:18:19.278+0000][gc,phases   ] GC(1131)   Evacuate Collection Set: 290.1ms
[2026-01-16T10:18:19.279+0000][gc,phases   ] GC(1131)   Post Evacuate Collection Set: 10.4ms
[2026-01-16T10:18:19.279+0000][gc,phases   ] GC(1131)   Other: 6.1ms
[2026-01-16T10:18:19.280+0000][gc,heap     ] GC(1131) Eden regions: 187->0(49)
[2026-01-16T10:18:19.280+0000][gc,heap     ] GC(1131) Survivor regions: 2->2(24)
[2026-01-16T10:18:19.281+0000][gc,heap     ] GC(1131) Old regions: 272->272
[2026-01-16T10:18:19.282+0000][gc,heap     ] GC(1131) Humongous regions: 121->121
[2026-01-16T10:18:19.282+0000][gc,metaspace] GC(1131) Metaspace: 13223K(13696K)->13223K(13696K) NonClass: 12089K(12288K)->12089K(12288K) Class: 1133K(1408K)->1133K(1408K)
[2026-01-16T10:18:19.283+0000][gc          ] GC(1131) Pause Young (Normal) (G1 Evacuation Pause) 580M->393M(1024M) 365.859ms
[2026-01-16T10:18:19.283+0000][gc,cpu      ] GC(1131) User=0.26s Sys=0.04s Real=0.37s
[2026-01-16T10:18:27.135+0000][gc,start    ] GC(1132) Pause Young (Normal) (G1 Evacuation Pause)
[2026-01-16T10:18:27.136+0000][gc,task     ] GC(1132) Using 8 workers of 8 for evacuation
[2026-01-16T10:18:27.314+0000][gc,phases   ] GC(1132)   Pre Evacuate Collection Set: 35.2ms
[2026-01-16T10:18:27.314+0000][gc,phases   ] GC(1132)   Merge Heap Roots: 11.4ms
[2026-01-16T10:18:27.314+0000][gc,phases   ] GC(1132)   Evacuate Collection Set: 95.6ms
[2026-01-16T10:18:27.314+0000][gc,phases   ] GC(1132)   Post Evacuate Collection Set: 31.6ms
[2026-01-16T10:18:27.314+0000][gc,phases   ] GC(1132)   Other: 4.0ms
[2026-01-16T10:18:27.314+0000][gc,heap     ] GC(1132) Eden regions: 59->0(115)
[2026-01-16T10:18:27.316+0000][gc,heap     ] GC(1132) Survivor regions: 2->1(8)
[2026-01-16T10:18:27.316+0000][gc,heap     ] GC(1132) Old regions: 272->272
[2026-01-16T10:18:27.317+0000][gc,heap     ] GC(1132) Humongous regions: 121->121
[2026-01-16T10:18:27.317+0000][gc,metaspace] GC(1132) Metaspace: 13223K(13696K)->13223K(13696K) NonClass: 12089K(12288K)->12089K(12288K) Class: 1133K(1408K)->1133K(1408K)
[2026-01-16T10:18:27.318+0000][gc          ] GC(1132) Pause Young (Normal) (G1 Evacuation Pause) 452M->392M(1024M) 183.229ms
[2026-01-16T10:18:27.318+0000][gc,cpu      ] GC(1132) User=0.12s Sys=0.01s Real=0.18s
[2026-01-16T10:18:39.333+0000][gc,start    ] GC(1133) Pause Young (Normal) (G1 Evacuation Pause)
[2026-01-16T10:18:39.335+0000][gc,task     ] GC(1133) Using 8 workers of 8 for evacuation
[2026-01-16T10:18:39.876+0000][gc,mmu      ] GC(1133) MMU target violated: 201.0ms (200.0ms/201.0ms)
[2026-01-16T10:18:39.877+0000][gc,phases   ] GC(1133)   Pre Evacuate Collection Set: 24.3ms
[2026-01-16T10:18:39.878+0000][gc,phases   ] GC(1133)   Merge Heap Roots: 10.9ms
[2026-01-16T10:18:39.878+0000][gc,phases   ] GC(1133)   Evacuate Collection Set: 436.7ms
[2026-01-16T10:18:39.879+0000][gc,phases   ] GC(1133)   Post Evacuate Collection Set: 66.4ms
[2026-01-16T10:18:39.879+0000][gc,phases   ] GC(1133)   Other: 4.4ms
[2026-01-16T10:18:39.879+0000][gc,heap     ] GC(1133) Eden regions: 168->0(49)
[2026-01-16T10:18:39.888+0000][gc,heap     ] GC(1133) Survivor regions: 1->2(22)
[2026-01-16T10:18:39.889+0000][gc,heap     ] GC(1133) Old regions: 272->272
[2026-01-16T10:18:39.891+0000][gc,heap     ] GC(1133) Humongous regions: 121->121
[2026-01-16T10:18:39.894+0000][gc,metaspace] GC(1133) Metaspace: 13223K(13696K)->13223K(13696K) NonClass: 12089K(12288K)->12089K(12288K) Class: 1133K(1408K)->1133K(1408K)
[2026-01-16T10:18:39.899+0000][gc          ] GC(1133) Pause Young (Normal) (G1 Evacuation Pause) 560M->393M(1024M) 566.159ms
[2026-01-16T10:18:39.899+0000][gc,cpu      ] GC(1133) User=0.28s Sys=0.02s Real=0.57s
[2026-01-16T10:18:46.677+0000][gc,start    ] GC(1134) Pause Young (Normal) (G1 Evacuation Pause)
[2026-01-16T10:18:46.682+0000][gc,task     ] GC(1134) Using 8 workers of 8 for evacuation
[2026-01-16T10:18:46.794+0000][gc,phases   ] GC(1134)   Pre Evacuate Collection Set: 24.2ms
[2026-01-16T10:18:46.795+0000][gc,phases   ] GC(1134)   Merge Heap Roots: 3.4ms
[2026-01-16T10:18:46.796+0000][gc,phases   ] GC(1134)   Evacuate Collection Set: 68.3ms
[2026-01-16T10:18:46.797+0000][gc,phases   ] GC(1134)   Post Evacuate Collection Set: 11.2ms
[2026-01-16T10:18:46.799+0000][gc,phases   ] GC(1134)   Other: 4.5ms
[2026-01-16T10:18:46.800+0000][gc,heap     ] GC(1134) Eden regions: 49->0(59)
[2026-01-16T10:18:46.802+0000][gc,heap     ] GC(1134) Survivor regions: 2->1(7)
[2026-01-16T10:18:46.803+0000][gc,heap     ] GC(1134) Old regions: 272->272
[2026-01-16T10:18:46.804+0000][gc,heap     ] GC(1134) Humongous regions: 121->121
[2026-01-16T10:18:46.804+0000][gc,metaspace] GC(1134) Metaspace: 13223K(13696K)->13223K(13696K) NonClass: 12089K(12288K)->12089K(12288K) Class: 1133K(1408K)->1133K(1408K)
[2026-01-16T10:18:46.806+0000][gc          ] GC(1134) Pause Young (Normal) (G1 Evacuation Pause) 442M->392M(1024M) 128.121ms
[2026-01-16T10:18:46.806+0000][gc,cpu      ] GC(1134) User=0.11s Sys=0.00s Real=0.13s
[2026-01-16T10:18:49.082+0000][gc,start    ] GC(1135) Pause Young (Normal) (G1 Evacuation Pause)
[2026-01-16T10:18:49.083+0000][gc,task     ] GC(1135) Using 8 workers of 8 for evacuation
[2026-01-16T10:18:49.202+0000][gc,phases   ] GC(1135)   Pre Evacuate Collection Set: 4.0ms
[2026-01-16T10:18:49.203+0000][gc,phases   ] GC(1135)   Merge Heap Roots: 0.3ms
[2026-01-16T10:18:49.204+0000][gc,phases   ] GC(1135)   Evacuate Collection Set: 66.5ms
[2026-01-16T10:18:49.204+0000][gc,phases   ] GC(1135)   Post Evacuate Collection Set: 12.1ms
[2026-01-16T10:18:49.205+0000][gc,phases   ] GC(1135)   Other: 36.8ms
[2026-01-16T10:18:49.206+0000][gc,heap     ] GC(1135) Eden regions: 84->0(61)
[2026-01-16T10:18:49.206+0000][gc,heap     ] GC(1135) Survivor regions: 1->2(11)
[2026-01-16T10:18:49.207+0000][gc,heap     ] GC(1135) Old regions: 272->272
[2026-01-16T10:18:49.208+0000][gc,heap     ] GC(1135) Humongous regions: 121->121
[2026-01-16T10:18:49.209+0000][gc,metaspace] GC(1135) Metaspace: 13223K(13696K)->13223K(13696K) NonClass: 12089K(12288K)->12089K(12288K) Class: 1133K(1408K)->1133K(1408K)
[2026-01-16T10:18:49.210+0000][gc          ] GC(1135) Pause Young (Normal) (G1 Evacuation Pause) 476M->393M(1024M) 127.959ms
[2026-01-16T10:18:49.211+0000][gc,cpu      ] GC(1135) User=0.08s Sys=0.01s Real=0.13s
[2026-01-16T10:18:57.738+0000][gc,start    ] GC(1136) Pause Young (Normal) (G1 Evacuation Pause)
[2026-01-16T10:18:57.743+0000][gc,task     ] GC(1136) Using 8 workers of 8 for evacuation
[2026-01-16T10:18:57.916+0000][gc,phases   ] GC(1136)   Pre Evacuate Collection Set: 63.1ms
[2026-01-16T10:18:57.917+0000][gc,phases   ] GC(1136)   Merge Heap Roots: 5.0ms
[2026-01-16T10:18:57.917+0000][gc,phases   ] GC(1136)   Evacuate Collection Set: 78.0ms
[2026-01-16T10:18:57.917+0000][gc,phases   ] GC(1136)   Post Evacuate Collection Set: 24.6ms
[2026-01-16T10:18:57.917+0000][gc,phases   ] GC(1136)   Other: 4.7ms
[2026-01-16T10:18:57.917+0000][gc,heap     ] GC(1136) Eden regions: 76->0(149)
[2026-01-16T10:18:57.917+0000][gc,heap     ] GC(1136) Survivor regions: 2->1(10)
[2026-01-16T10:18:57.917+0000][gc,heap     ] GC(1136) Old regions: 272->272
[2026-01-16T10:18:57.917+0000][gc,heap     ] GC(1136) Humongous regions: 121->121
[2026-01-16T10:18:57.917+0000][gc,metaspace] GC(1136) Metaspace: 13223K(13696K)->13223K(13696K) NonClass: 12089K(12288K)->12089K(12288K) Class: 1133K(1408K)->1133K(1408K)
[2026-01-16T10:18:57.917+0000][gc          ] GC(1136) Pause Young (Normal) (G1 Evacuation Pause) 469M->393M(1024M) 179.345ms
[2026-01-16T10:18:57.918+0000][gc,cpu      ] GC(1136) User=0.10s Sys=0.02s Real=0.18s
[2026-01-16T10:19:16.073+0000][gc,start    ] GC(1137) Pause Young (Normal) (G1 Evacuation Pause)
[2026-01-16T10:19:16.083+0000][gc,task     ] GC(1137) Using 8 workers of 8 for evacuation
[2026-01-16T10:19:16.134+0000][gc,phases   ] GC(1137)   Pre Evacuate Collection Set: 16.8ms
[2026-01-16T10:19:16.134+0000][gc,phases   ] GC(1137)   Merge Heap Roots: 1.7ms
[2026-01-16T10:19:16.134+0000][gc,phases   ] GC(1137)   Evacuate Collection Set: 22.3ms
[2026-01-16T10:19:16.134+0000][gc,phases   ] GC(1137)   Post Evacuate Collection Set: 9.4ms
[2026-01-16T10:19:16.134+0000][gc,phases   ] GC(1137)   Other: 7.1ms
[2026-01-16T10:19:16.134+0000][gc,heap     ] GC(1137) Eden regions: 190->0(418)
[2026-01-16T10:19:16.134+0000][gc,heap     ] GC(1137) Survivor regions: 1->1(24)
[2026-01-16T10:19:16.134+0000][gc,heap     ] GC(1137) Old regions: 272->272
[2026-01-16T10:19:16.134+0000][gc,heap     ] GC(1137) Humongous regions: 121->121
[2026-01-16T10:19:16.134+0000][gc,metaspace] GC(1137) Metaspace: 13223K(13696K)->13223K(13696K) NonClass: 12089K(12288K)->12089K(12288K) Class: 1133K(1408K)->1133K(1408K)
[2026-01-16T10:19:16.135+0000][gc          ] GC(1137) Pause Young (Normal) (G1 Evacuation Pause) 583M->392M(1024M) 61.357ms
[2026-01-16T10:19:16.135+0000][gc,cpu      ] GC(1137) User=0.18s Sys=0.02s Real=0.06s
[2026-01-16T10:19:56.371+0000][gc,start    ] GC(1138) Pause Young (Normal) (G1 Evacuation Pause)
[2026-01-16T10:19:56.374+0000][gc,task     ] GC(1138) Using 8 workers of 8 for evacuation
[2026-01-16T10:19:56.538+0000][gc,phases   ] GC(1138)   Pre Evacuate Collection Set: 15.9ms
[2026-01-16T10:19:56.539+0000][gc,phases   ] GC(1138)   Merge Heap Roots: 14.8ms
[2026-01-16T10:19:56.547+0000][gc,phases   ] GC(1138)   Evacuate Collection Set: 102.6ms
[2026-01-16T10:19:56.547+0000][gc,phases   ] GC(1138)   Post Evacuate Collection Set: 29.0ms
[2026-01-16T10:19:56.548+0000][gc,phases   ] GC(1138)   Other: 1.5ms
[2026-01-16T10:19:56.550+0000][gc,heap     ] GC(1138) Eden regions: 450->0(577)
[2026-01-16T10:19:56.550+0000][gc,heap     ] GC(1138) Survivor regions: 1->1(57)
[2026-01-16T10:19:56.551+0000][gc,heap     ] GC(1138) Old regions: 272->272
[2026-01-16T10:19:56.552+0000][gc,heap     ] GC(1138) Humongous regions: 121->121
[2026-01-16T10:19:56.554+0000][gc,metaspace] GC(1138) Metaspace: 13223K(13696K)->13223K(13696K) NonClass: 12089K(12288K)->12089K(12288K) Class: 1133K(1408K)->1133K(1408K)
[2026-01-16T10:19:56.562+0000][gc          ] GC(1138) Pause Young (Normal) (G1 Evacuation Pause) 842M->392M(1024M) 190.734ms
[2026-01-16T10:19:56.563+0000][gc,cpu      ] GC(1138) User=0.15s Sys=0.02s Real=0.19s
[2026-01-16T10:20:46.259+0000][gc,start    ] GC(1139) Pause Young (Normal) (G1 Evacuation Pause)
[2026-01-16T10:20:46.262+0000][gc,task     ] GC(1139) Using 8 workers of 8 for evacuation
[2026-01-16T10:20:46.478+0000][gc,mmu      ] GC(1139) MMU target violated: 201.0ms (200.0ms/201.0ms)
[2026-01-16T10:20:46.479+0000][gc,phases   ] GC(1139)   Pre Evacuate Collection Set: 11.6ms
[2026-01-16T10:20:46.480+0000][gc,phases   ] GC(1139)   Merge Heap Roots: 4.5ms
[2026-01-16T10:20:46.482+0000][gc,phases   ] GC(1139)   Evacuate Collection Set: 146.7ms
[2026-01-16T10:20:46.487+0000][gc,phases   ] GC(1139)   Post Evacuate Collection Set: 51.1ms
[2026-01-16T10:20:46.490+0000][gc,phases   ] GC(1139)   Other: 2.7ms
[2026-01-16T10:20:46.491+0000][gc,heap     ] GC(1139) Eden regions: 577->0(326)
[2026-01-16T10:20:46.492+0000][gc,heap     ] GC(1139) Survivor regions: 1->1(53)
[2026-01-16T10:20:46.493+0000][gc,heap     ] GC(1139) Old regions: 272->272
[2026-01-16T10:20:46.496+0000][gc,heap     ] GC(1139) Humongous regions: 121->121
[2026-01-16T10:20:46.498+0000][gc,metaspace] GC(1139) Metaspace: 13223K(13696K)->13223K(13696K) NonClass: 12089K(12288K)->12089K(12288K) Class: 1133K(1408K)->1133K(1408K)
[2026-01-16T10:20:46.498+0000][gc          ] GC(1139) Pause Young (Normal) (G1 Evacuation Pause) 969M->392M(1024M) 239.018ms
[2026-01-16T10:20:46.498+0000][gc,cpu      ] GC(1139) User=0.18s Sys=0.02s Real=0.24s
[2026-01-16T10:21:16.174+0000][gc,start    ] GC(1140) Pause Young (Normal) (G1 Evacuation Pause)
[2026-01-16T10:21:16.177+0000][gc,task     ] GC(1140) Using 8 workers of 8 for evacuation
[2026-01-16T10:21:16.252+0000][gc,phases   ] GC(1140)   Pre Evacuate Collection Set: 6.0ms
[2026-01-16T10:21:16.253+0000][gc,phases   ] GC(1140)   Merge Heap Roots: 4.3ms
[2026-01-16T10:21:16.254+0000][gc,phases   ] GC(1140)   Evacuate Collection Set: 40.3ms
[2026-01-16T10:21:16.254+0000][gc,phases   ] GC(1140)   Post Evacuate Collection Set: 17.2ms
[2026-01-16T10:21:16.254+0000][gc,phases   ] GC(1140)   Other: 6.6ms
[2026-01-16T10:21:16.255+0000][gc,heap     ] GC(1140) Eden regions: 342->0(577)
[2026-01-16T10:21:16.255+0000][gc,heap     ] GC(1140) Survivor regions: 1->1(43)
[2026-01-16T10:21:16.256+0000][gc,heap     ] GC(1140) Old regions: 272->272
[2026-01-16T10:21:16.257+0000][gc,heap     ] GC(1140) Humongous regions: 121->121
[2026-01-16T10:21:16.257+0000][gc,metaspace] GC(1140) Metaspace: 13223K(13696K)->13223K(13696K) NonClass: 12089K(12288K)->12089K(12288K) Class: 1133K(1408K)->1133K(1408K)
[2026-01-16T10:21:16.258+0000][gc          ] GC(1140) Pause Young (Normal) (G1 Evacuation Pause) 734M->392M(1024M) 83.539ms
[2026-01-16T10:21:16.263+0000][gc,cpu      ] GC(1140) User=0.16s Sys=0.02s Real=0.09s
[2026-01-16T10:22:06.049+0000][gc,start    ] GC(1141) Pause Young (Normal) (G1 Evacuation Pause)
[2026-01-16T10:22:06.049+0000][gc,task     ] GC(1141) Using 8 workers of 8 for evacuation
[2026-01-16T10:22:06.069+0000][gc,phases   ] GC(1141)   Pre Evacuate Collection Set: 4.5ms
[2026-01-16T10:22:06.069+0000][gc,phases   ] GC(1141)   Merge Heap Roots: 0.6ms
[2026-01-16T10:22:06.069+0000][gc,phases   ] GC(1141)   Evacuate Collection Set: 11.2ms
[2026-01-16T10:22:06.069+0000][gc,phases   ] GC(1141)   Post Evacuate Collection Set: 3.1ms
[2026-01-16T10:22:06.069+0000][gc,phases   ] GC(1141)   Other: 0.2ms
[2026-01-16T10:22:06.069+0000][gc,heap     ] GC(1141) Eden regions: 577->0(577)
[2026-01-16T10:22:06.069+0000][gc,heap     ] GC(1141) Survivor regions: 1->1(53)
[2026-01-16T10:22:06.069+0000][gc,heap     ] GC(1141) Old regions: 272->272
[2026-01-16T10:22:06.069+0000][gc,heap     ] GC(1141) Humongous regions: 121->121
[2026-01-16T10:22:06.070+0000][gc,metaspace] GC(1141) Metaspace: 13223K(13696K)->13223K(13696K) NonClass: 12089K(12288K)->12089K(12288K) Class: 1133K(1408K)->1133K(1408K)
[2026-01-16T10:22:06.070+0000][gc          ] GC(1141) Pause Young (Normal) (G1 Evacuation Pause) 969M->392M(1024M) 21.023ms
[2026-01-16T10:22:06.070+0000][gc,cpu      ] GC(1141) User=0.11s Sys=0.00s Real=0.02s
[2026-01-16T10:22:56.512+0000][gc,start    ] GC(1142) Pause Young (Normal) (G1 Evacuation Pause)
[2026-01-16T10:22:56.513+0000][gc,task     ] GC(1142) Using 8 workers of 8 for evacuation
[2026-01-16T10:22:56.572+0000][gc,phases   ] GC(1142)   Pre Evacuate Collection Set: 18.4ms
[2026-01-16T10:22:56.573+0000][gc,phases   ] GC(1142)   Merge Heap Roots: 1.5ms
[2026-01-16T10:22:56.573+0000][gc,phases   ] GC(1142)   Evacuate Collection Set: 30.8ms
[2026-01-16T10:22:56.573+0000][gc,phases   ] GC(1142)   Post Evacuate Collection Set: 7.2ms
[2026-01-16T10:22:56.573+0000][gc,phases   ] GC(1142)   Other: 1.2ms
[2026-01-16T10:22:56.573+0000][gc,heap     ] GC(1142) Eden regions: 577->0(577)
[2026-01-16T10:22:56.573+0000][gc,heap     ] GC(1142) Survivor regions: 1->1(53)
[2026-01-16T10:22:56.573+0000][gc,heap     ] GC(1142) Old regions: 272->272
[2026-01-16T10:22:56.573+0000][gc,heap     ] GC(1142) Humongous regions: 121->121
[2026-01-16T10:22:56.573+0000][gc,metaspace] GC(1142) Metaspace: 13223K(13696K)->13223K(13696K) NonClass: 12089K(12288K)->12089K(12288K) Class: 1133K(1408K)->1133K(1408K)
[2026-01-16T10:22:56.573+0000][gc          ] GC(1142) Pause Young (Normal) (G1 Evacuation Pause) 969M->393M(1024M) 61.474ms
[2026-01-16T10:22:56.573+0000][gc,cpu      ] GC(1142) User=0.17s Sys=0.02s Real=0.06s
[2026-01-16T10:23:46.255+0000][gc,start    ] GC(1143) Pause Young (Normal) (G1 Evacuation Pause)
[2026-01-16T10:23:46.255+0000][gc,task     ] GC(1143) Using 8 workers of 8 for evacuation
[2026-01-16T10:23:46.320+0000][gc,phases   ] GC(1143)   Pre Evacuate Collection Set: 8.6ms
[2026-01-16T10:23:46.320+0000][gc,phases   ] GC(1143)   Merge Heap Roots: 1.9ms
[2026-01-16T10:23:46.320+0000][gc,phases   ] GC(1143)   Evacuate Collection Set: 42.4ms
[2026-01-16T10:23:46.321+0000][gc,phases   ] GC(1143)   Post Evacuate Collection Set: 10.9ms
[2026-01-16T10:23:46.321+0000][gc,phases   ] GC(1143)   Other: 0.7ms
[2026-01-16T10:23:46.322+0000][gc,heap     ] GC(1143) Eden regions: 577->0(577)
[2026-01-16T10:23:46.322+0000][gc,heap     ] GC(1143) Survivor regions: 1->1(53)
[2026-01-16T10:23:46.322+0000][gc,heap     ] GC(1143) Old regions: 272->272
[2026-01-16T10:23:46.323+0000][gc,heap     ] GC(1143) Humongous regions: 121->121
[2026-01-16T10:23:46.323+0000][gc,metaspace] GC(1143) Metaspace: 13224K(13696K)->13224K(13696K) NonClass: 12090K(12288K)->12090K(12288K) Class: 1133K(1408K)->1133K(1408K)
[2026-01-16T10:23:46.324+0000][gc          ] GC(1143) Pause Young (Normal) (G1 Evacuation Pause) 970M->393M(1024M) 68.961ms
[2026-01-16T10:23:46.324+0000][gc,cpu      ] GC(1143) User=0.23s Sys=0.03s Real=0.07s
[2026-01-16T10:24:37.616+0000][gc,start    ] GC(1144) Pause Young (Normal) (G1 Evacuation Pause)
[2026-01-16T10:24:37.621+0000][gc,task     ] GC(1144) Using 8 workers of 8 for evacuation
[2026-01-16T10:24:37.732+0000][gc,phases   ] GC(1144)   Pre Evacuate Collection Set: 17.8ms
[2026-01-16T10:24:37.733+0000][gc,phases   ] GC(1144)   Merge Heap Roots: 8.9ms
[2026-01-16T10:24:37.733+0000][gc,phases   ] GC(1144)   Evacuate Collection Set: 54.4ms
[2026-01-16T10:24:37.733+0000][gc,phases   ] GC(1144)   Post Evacuate Collection Set: 25.6ms
[2026-01-16T10:24:37.733+0000][gc,phases   ] GC(1144)   Other: 5.1ms
[2026-01-16T10:24:37.734+0000][gc,heap     ] GC(1144) Eden regions: 577->0(577)
[2026-01-16T10:24:37.734+0000][gc,heap     ] GC(1144) Survivor regions: 1->1(53)
[2026-01-16T10:24:37.734+0000][gc,heap     ] GC(1144) Old regions: 272->272
[2026-01-16T10:24:37.735+0000][gc,heap     ] GC(1144) Humongous regions: 121->121
[2026-01-16T10:24:37.735+0000][gc,metaspace] GC(1144) Metaspace: 13224K(13696K)->13224K(13696K) NonClass: 12090K(12288K)->12090K(12288K) Class: 1133K(1408K)->1133K(1408K)
[2026-01-16T10:24:37.735+0000][gc          ] GC(1144) Pause Young (Normal) (G1 Evacuation Pause) 970M->393M(1024M) 119.449ms
[2026-01-16T10:24:37.736+0000][gc,cpu      ] GC(1144) User=0.19s Sys=0.02s Real=0.12s
[2026-01-16T10:25:29.246+0000][gc,start    ] GC(1145) Pause Young (Normal) (G1 Evacuation Pause)
[2026-01-16T10:25:29.260+0000][gc,task     ] GC(1145) Using 8 workers of 8 for evacuation
[2026-01-16T10:25:29.569+0000][gc,mmu      ] GC(1145) MMU target violated: 201.0ms (200.0ms/201.0ms)
[2026-01-16T10:25:29.572+0000][gc,phases   ] GC(1145)   Pre Evacuate Collection Set: 32.1ms
[2026-01-16T10:25:29.572+0000][gc,phases   ] GC(1145)   Merge Heap Roots: 5.9ms
[2026-01-16T10:25:29.572+0000][gc,phases   ] GC(1145)   Evacuate Collection Set: 236.5ms
[2026-01-16T10:25:29.573+0000][gc,phases   ] GC(1145)   Post Evacuate Collection Set: 32.8ms
[2026-01-16T10:25:29.574+0000][gc,phases   ] GC(1145)   Other: 10.2ms
[2026-01-16T10:25:29.574+0000][gc,heap     ] GC(1145) Eden regions: 577->0(575)
[2026-01-16T10:25:29.575+0000][gc,heap     ] GC(1145) Survivor regions: 1->2(53)
[2026-01-16T10:25:29.575+0000][gc,heap     ] GC(1145) Old regions: 272->272
[2026-01-16T10:25:29.579+0000][gc,heap     ] GC(1145) Humongous regions: 121->121
[2026-01-16T10:25:29.580+0000][gc,metaspace] GC(1145) Metaspace: 13224K(13696K)->13224K(13696K) NonClass: 12090K(12288K)->12090K(12288K) Class: 1133K(1408K)->1133K(1408K)
[2026-01-16T10:25:29.581+0000][gc          ] GC(1145) Pause Young (Normal) (G1 Evacuation Pause) 970M->393M(1024M) 335.210ms
[2026-01-16T10:25:29.582+0000][gc,cpu      ] GC(1145) User=0.34s Sys=0.02s Real=0.34s
[2026-01-16T10:26:18.554+0000][gc,start    ] GC(1146) Pause Young (Normal) (G1 Evacuation Pause)
[2026-01-16T10:26:18.557+0000][gc,task     ] GC(1146) Using 8 workers of 8 for evacuation
[2026-01-16T10:26:18.735+0000][gc,phases   ] GC(1146)   Pre Evacuate Collection Set: 32.9ms
[2026-01-16T10:26:18.736+0000][gc,phases   ] GC(1146)   Merge Heap Roots: 6.6ms
[2026-01-16T10:26:18.737+0000][gc,phases   ] GC(1146)   Evacuate Collection Set: 91.5ms
[2026-01-16T10:26:18.738+0000][gc,phases   ] GC(1146)   Post Evacuate Collection Set: 45.6ms
[2026-01-16T10:26:18.738+0000][gc,phases   ] GC(1146)   Other: 1.5ms
[2026-01-16T10:26:18.738+0000][gc,heap     ] GC(1146) Eden regions: 575->0(575)
[2026-01-16T10:26:18.738+0000][gc,heap     ] GC(1146) Survivor regions: 2->2(54)
[2026-01-16T10:26:18.738+0000][gc,heap     ] GC(1146) Old regions: 272->272
[2026-01-16T10:26:18.739+0000][gc,heap     ] GC(1146) Humongous regions: 121->121
[2026-01-16T10:26:18.739+0000][gc,metaspace] GC(1146) Metaspace: 13224K(13696K)->13224K(13696K) NonClass: 12090K(12288K)->12090K(12288K) Class: 1133K(1408K)->1133K(1408K)
[2026-01-16T10:26:18.739+0000][gc          ] GC(1146) Pause Young (Normal) (G1 Evacuation Pause) 968M->393M(1024M) 185.520ms
[2026-01-16T10:26:18.739+0000][gc,cpu      ] GC(1146) User=0.25s Sys=0.01s Real=0.19s
[2026-01-16T10:26:31.141+0000][gc,start    ] GC(1147) Pause Young (Concurrent Start) (CodeCache GC Threshold)
[2026-01-16T10:26:31.144+0000][gc,task     ] GC(1147) Using 8 workers of 8 for evacuation
[2026-01-16T10:26:31.394+0000][gc,mmu      ] GC(1147) MMU target violated: 201.0ms (200.0ms/201.0ms)
[2026-01-16T10:26:31.399+0000][gc,phases   ] GC(1147)   Pre Evacuate Collection Set: 42.4ms
[2026-01-16T10:26:31.402+0000][gc,phases   ] GC(1147)   Merge Heap Roots: 1.9ms
[2026-01-16T10:26:31.405+0000][gc,phases   ] GC(1147)   Evacuate Collection Set: 115.9ms
[2026-01-16T10:26:31.406+0000][gc,phases   ] GC(1147)   Post Evacuate Collection Set: 54.5ms
[2026-01-16T10:26:31.425+0000][gc,phases   ] GC(1147)   Other: 40.3ms
[2026-01-16T10:26:31.427+0000][gc,heap     ] GC(1147) Eden regions: 173->0(577)
[2026-01-16T10:26:31.428+0000][gc,heap     ] GC(1147) Survivor regions: 2->1(73)
[2026-01-16T10:26:31.429+0000][gc,heap     ] GC(1147) Old regions: 272->272
[2026-01-16T10:26:31.430+0000][gc,heap     ] GC(1147) Humongous regions: 121->121
[2026-01-16T10:26:31.436+0000][gc,metaspace] GC(1147) Metaspace: 13228K(13696K)->13228K(13696K) NonClass: 12094K(12288K)->12094K(12288K) Class: 1133K(1408K)->1133K(1408K)
[2026-01-16T10:26:31.437+0000][gc          ] GC(1147) Pause Young (Concurrent Start) (CodeCache GC Threshold) 566M->393M(1024M) 296.107ms
[2026-01-16T10:26:31.451+0000][gc,cpu      ] GC(1147) User=0.25s Sys=0.06s Real=0.31s
[2026-01-16T10:26:31.509+0000][gc          ] GC(1148) Concurrent Mark Cycle
[2026-01-16T10:26:31.510+0000][gc,marking  ] GC(1148) Concurrent Scan Root Regions
[2026-01-16T10:26:31.713+0000][gc,marking  ] GC(1148) Concurrent Scan Root Regions 202.480ms
[2026-01-16T10:26:31.715+0000][gc,marking  ] GC(1148) Concurrent Mark
[2026-01-16T10:26:31.715+0000][gc,marking  ] GC(1148) Concurrent Mark From Roots
[2026-01-16T10:26:31.717+0000][gc,task     ] GC(1148) Using 2 workers of 2 for marking
[2026-01-16T10:26:32.287+0000][gc,marking  ] GC(1148) Concurrent Mark From Roots 571.872ms
[2026-01-16T10:26:32.287+0000][gc,marking  ] GC(1148) Concurrent Preclean
[2026-01-16T10:26:32.288+0000][gc,marking  ] GC(1148) Concurrent Preclean 0.845ms
[2026-01-16T10:26:32.291+0000][gc,start    ] GC(1148) Pause Remark
[2026-01-16T10:26:35.498+0000][gc,mmu      ] GC(1148) MMU target violated: 201.0ms (200.0ms/201.0ms)
[2026-01-16T10:26:35.501+0000][gc          ] GC(1148) Pause Remark 393M->300M(1024M) 3209.524ms
[2026-01-16T10:26:35.503+0000][gc,cpu      ] GC(1148) User=3.69s Sys=0.59s Real=3.21s
[2026-01-16T10:26:35.576+0000][gc,marking  ] GC(1148) Concurrent Mark 3860.868ms
[2026-01-16T10:26:35.588+0000][gc,marking  ] GC(1148) Concurrent Rebuild Remembered Sets and Scrub Regions
[2026-01-16T10:26:36.197+0000][gc,marking  ] GC(1148) Concurrent Rebuild Remembered Sets and Scrub Regions 609.440ms
[2026-01-16T10:26:36.205+0000][gc,start    ] GC(1148) Pause Cleanup
[2026-01-16T10:26:36.213+0000][gc          ] GC(1148) Pause Cleanup 304M->304M(1024M) 7.973ms
[2026-01-16T10:26:36.216+0000][gc,cpu      ] GC(1148) User=0.00s Sys=0.00s Real=0.01s
[2026-01-16T10:26:36.218+0000][gc,marking  ] GC(1148) Concurrent Clear Claimed Marks
[2026-01-16T10:26:36.218+0000][gc,marking  ] GC(1148) Concurrent Clear Claimed Marks 0.678ms
[2026-01-16T10:26:36.219+0000][gc,marking  ] GC(1148) Concurrent Cleanup for Next Mark
[2026-01-16T10:26:36.551+0000][gc,marking  ] GC(1148) Concurrent Cleanup for Next Mark 332.454ms
[2026-01-16T10:26:36.559+0000][gc          ] GC(1148) Concurrent Mark Cycle 5049.434ms
[2026-01-16T10:26:38.791+0000][gc,start    ] GC(1149) Pause Young (Prepare Mixed) (G1 Evacuation Pause)
[2026-01-16T10:26:38.794+0000][gc,task     ] GC(1149) Using 8 workers of 8 for evacuation
[2026-01-16T10:26:39.040+0000][gc,mmu      ] GC(1149) MMU target violated: 201.0ms (200.0ms/201.0ms)
[2026-01-16T10:26:39.042+0000][gc,phases   ] GC(1149)   Pre Evacuate Collection Set: 28.1ms
[2026-01-16T10:26:39.044+0000][gc,phases   ] GC(1149)   Merge Heap Roots: 4.0ms
[2026-01-16T10:26:39.044+0000][gc,phases   ] GC(1149)   Evacuate Collection Set: 153.1ms
[2026-01-16T10:26:39.044+0000][gc,phases   ] GC(1149)   Post Evacuate Collection Set: 58.1ms
[2026-01-16T10:26:39.044+0000][gc,phases   ] GC(1149)   Other: 4.9ms
[2026-01-16T10:26:39.044+0000][gc,heap     ] GC(1149) Eden regions: 50->0(49)
[2026-01-16T10:26:39.045+0000][gc,heap     ] GC(1149) Survivor regions: 1->2(7)
[2026-01-16T10:26:39.045+0000][gc,heap     ] GC(1149) Old regions: 262->262
[2026-01-16T10:26:39.045+0000][gc,heap     ] GC(1149) Humongous regions: 38->38
[2026-01-16T10:26:39.045+0000][gc,metaspace] GC(1149) Metaspace: 13121K(13696K)->13121K(13696K) NonClass: 12016K(12288K)->12016K(12288K) Class: 1105K(1408K)->1105K(1408K)
[2026-01-16T10:26:39.046+0000][gc          ] GC(1149) Pause Young (Prepare Mixed) (G1 Evacuation Pause) 350M->301M(1024M) 254.529ms
[2026-01-16T10:26:39.058+0000][gc,cpu      ] GC(1149) User=0.13s Sys=0.01s Real=0.25s
[2026-01-16T10:26:39.674+0000][gc,start    ] GC(1150) Pause Young (Mixed) (G1 Evacuation Pause)
[2026-01-16T10:26:39.681+0000][gc,task     ] GC(1150) Using 8 workers of 8 for evacuation
[2026-01-16T10:26:39.813+0000][gc,phases   ] GC(1150)   Pre Evacuate Collection Set: 0.6ms
[2026-01-16T10:26:39.813+0000][gc,phases   ] GC(1150)   Merge Heap Roots: 0.4ms
[2026-01-16T10:26:39.814+0000][gc,phases   ] GC(1150)   Evacuate Collection Set: 126.2ms
[2026-01-16T10:26:39.814+0000][gc,phases   ] GC(1150)   Post Evacuate Collection Set: 3.2ms
[2026-01-16T10:26:39.815+0000][gc,phases   ] GC(1150)   Other: 1.4ms
[2026-01-16T10:26:39.815+0000][gc,heap     ] GC(1150) Eden regions: 49->0(48)
[2026-01-16T10:26:39.815+0000][gc,heap     ] GC(1150) Survivor regions: 2->3(7)
[2026-01-16T10:26:39.816+0000][gc,heap     ] GC(1150) Old regions: 262->237
[2026-01-16T10:26:39.816+0000][gc,heap     ] GC(1150) Humongous regions: 38->38
[2026-01-16T10:26:39.816+0000][gc,metaspace] GC(1150) Metaspace: 13121K(13696K)->13121K(13696K) NonClass: 12016K(12288K)->12016K(12288K) Class: 1105K(1408K)->1105K(1408K)
[2026-01-16T10:26:39.816+0000][gc          ] GC(1150) Pause Young (Mixed) (G1 Evacuation Pause) 350M->277M(1024M) 141.981ms
[2026-01-16T10:26:39.817+0000][gc,cpu      ] GC(1150) User=0.08s Sys=0.00s Real=0.14s
[2026-01-16T10:26:47.423+0000][gc,start    ] GC(1151) Pause Young (Mixed) (G1 Evacuation Pause)
[2026-01-16T10:26:47.425+0000][gc,task     ] GC(1151) Using 8 workers of 8 for evacuation
[2026-01-16T10:26:47.770+0000][gc,mmu      ] GC(1151) MMU target violated: 201.0ms (200.0ms/201.0ms)
[2026-01-16T10:26:47.771+0000][gc,phases   ] GC(1151)   Pre Evacuate Collection Set: 39.1ms
[2026-01-16T10:26:47.773+0000][gc,phases   ] GC(1151)   Merge Heap Roots: 12.6ms
[2026-01-16T10:26:47.775+0000][gc,phases   ] GC(1151)   Evacuate Collection Set: 258.3ms
[2026-01-16T10:26:47.775+0000][gc,phases   ] GC(1151)   Post Evacuate Collection Set: 31.6ms
[2026-01-16T10:26:47.779+0000][gc,phases   ] GC(1151)   Other: 4.7ms
[2026-01-16T10:26:47.779+0000][gc,heap     ] GC(1151) Eden regions: 48->0(51)
[2026-01-16T10:26:47.780+0000][gc,heap     ] GC(1151) Survivor regions: 3->2(7)
[2026-01-16T10:26:47.780+0000][gc,heap     ] GC(1151) Old regions: 237->212
[2026-01-16T10:26:47.780+0000][gc,heap     ] GC(1151) Humongous regions: 38->38
[2026-01-16T10:26:47.780+0000][gc,metaspace] GC(1151) Metaspace: 13121K(13696K)->13121K(13696K) NonClass: 12016K(12288K)->12016K(12288K) Class: 1105K(1408K)->1105K(1408K)
[2026-01-16T10:26:47.780+0000][gc          ] GC(1151) Pause Young (Mixed) (G1 Evacuation Pause) 325M->251M(1024M) 357.518ms
[2026-01-16T10:26:47.781+0000][gc,cpu      ] GC(1151) User=0.21s Sys=0.02s Real=0.36s
[2026-01-16T10:26:49.464+0000][gc,start    ] GC(1152) Pause Young (Mixed) (G1 Evacuation Pause)
[2026-01-16T10:26:49.476+0000][gc,task     ] GC(1152) Using 8 workers of 8 for evacuation
[2026-01-16T10:26:49.624+0000][gc,phases   ] GC(1152)   Pre Evacuate Collection Set: 6.6ms
[2026-01-16T10:26:49.662+0000][gc,phases   ] GC(1152)   Merge Heap Roots: 1.3ms
[2026-01-16T10:26:49.664+0000][gc,phases   ] GC(1152)   Evacuate Collection Set: 104.1ms
[2026-01-16T10:26:49.665+0000][gc,phases   ] GC(1152)   Merge Optional Heap Roots: 0.5ms
[2026-01-16T10:26:49.666+0000][gc,phases   ] GC(1152)   Evacuate Optional Collection Set: 7.6ms
[2026-01-16T10:26:49.667+0000][gc,phases   ] GC(1152)   Post Evacuate Collection Set: 27.1ms
[2026-01-16T10:26:49.668+0000][gc,phases   ] GC(1152)   Other: 0.7ms
[2026-01-16T10:26:49.668+0000][gc,heap     ] GC(1152) Eden regions: 53->0(48)
[2026-01-16T10:26:49.669+0000][gc,heap     ] GC(1152) Survivor regions: 2->3(7)
[2026-01-16T10:26:49.669+0000][gc,heap     ] GC(1152) Old regions: 212->164
[2026-01-16T10:26:49.670+0000][gc,heap     ] GC(1152) Humongous regions: 38->38
[2026-01-16T10:26:49.670+0000][gc,metaspace] GC(1152) Metaspace: 13121K(13696K)->13121K(13696K) NonClass: 12016K(12288K)->12016K(12288K) Class: 1105K(1408K)->1105K(1408K)
[2026-01-16T10:26:49.672+0000][gc          ] GC(1152) Pause Young (Mixed) (G1 Evacuation Pause) 304M->204M(1024M) 208.425ms
[2026-01-16T10:26:49.675+0000][gc,cpu      ] GC(1152) User=0.12s Sys=0.01s Real=0.21s
[2026-01-16T10:26:56.573+0000][gc,start    ] GC(1153) Pause Young (Mixed) (G1 Evacuation Pause)
[2026-01-16T10:26:56.579+0000][gc,task     ] GC(1153) Using 8 workers of 8 for evacuation
[2026-01-16T10:26:56.720+0000][gc,phases   ] GC(1153)   Pre Evacuate Collection Set: 16.8ms
[2026-01-16T10:26:56.722+0000][gc,phases   ] GC(1153)   Merge Heap Roots: 5.0ms
[2026-01-16T10:26:56.724+0000][gc,phases   ] GC(1153)   Evacuate Collection Set: 103.4ms
[2026-01-16T10:26:56.724+0000][gc,phases   ] GC(1153)   Post Evacuate Collection Set: 14.1ms
[2026-01-16T10:26:56.725+0000][gc,phases   ] GC(1153)   Other: 1.3ms
[2026-01-16T10:26:56.726+0000][gc,heap     ] GC(1153) Eden regions: 48->0(67)
[2026-01-16T10:26:56.727+0000][gc,heap     ] GC(1153) Survivor regions: 3->2(7)
[2026-01-16T10:26:56.728+0000][gc,heap     ] GC(1153) Old regions: 164->139
[2026-01-16T10:26:56.729+0000][gc,heap     ] GC(1153) Humongous regions: 38->38
[2026-01-16T10:26:56.732+0000][gc,metaspace] GC(1153) Metaspace: 13121K(13696K)->13121K(13696K) NonClass: 12016K(12288K)->12016K(12288K) Class: 1105K(1408K)->1105K(1408K)
[2026-01-16T10:26:56.734+0000][gc          ] GC(1153) Pause Young (Mixed) (G1 Evacuation Pause) 252M->178M(1024M) 160.060ms
[2026-01-16T10:26:56.734+0000][gc,cpu      ] GC(1153) User=0.13s Sys=0.00s Real=0.16s
[2026-01-16T10:26:58.766+0000][gc,start    ] GC(1154) Pause Young (Mixed) (G1 Evacuation Pause)
[2026-01-16T10:26:58.768+0000][gc,task     ] GC(1154) Using 8 workers of 8 for evacuation
[2026-01-16T10:26:58.857+0000][gc,phases   ] GC(1154)   Pre Evacuate Collection Set: 9.7ms
[2026-01-16T10:26:58.859+0000][gc,phases   ] GC(1154)   Merge Heap Roots: 1.2ms
[2026-01-16T10:26:58.859+0000][gc,phases   ] GC(1154)   Evacuate Collection Set: 54.0ms
[2026-01-16T10:26:58.860+0000][gc,phases   ] GC(1154)   Merge Optional Heap Roots: 0.1ms
[2026-01-16T10:26:58.861+0000][gc,phases   ] GC(1154)   Evacuate Optional Collection Set: 8.4ms
[2026-01-16T10:26:58.862+0000][gc,phases   ] GC(1154)   Post Evacuate Collection Set: 14.5ms
[2026-01-16T10:26:58.862+0000][gc,phases   ] GC(1154)   Other: 1.5ms
[2026-01-16T10:26:58.863+0000][gc,heap     ] GC(1154) Eden regions: 73->0(85)
[2026-01-16T10:26:58.865+0000][gc,heap     ] GC(1154) Survivor regions: 2->3(10)
[2026-01-16T10:26:58.867+0000][gc,heap     ] GC(1154) Old regions: 139->100
[2026-01-16T10:26:58.868+0000][gc,heap     ] GC(1154) Humongous regions: 38->38
[2026-01-16T10:26:58.868+0000][gc,metaspace] GC(1154) Metaspace: 13121K(13696K)->13121K(13696K) NonClass: 12016K(12288K)->12016K(12288K) Class: 1105K(1408K)->1105K(1408K)
[2026-01-16T10:26:58.870+0000][gc          ] GC(1154) Pause Young (Mixed) (G1 Evacuation Pause) 251M->140M(1024M) 103.889ms
[2026-01-16T10:26:58.870+0000][gc,cpu      ] GC(1154) User=0.13s Sys=0.02s Real=0.11s
[2026-01-16T10:27:07.740+0000][gc,start    ] GC(1155) Pause Young (Mixed) (G1 Evacuation Pause)
[2026-01-16T10:27:07.744+0000][gc,task     ] GC(1155) Using 8 workers of 8 for evacuation
[2026-01-16T10:27:07.930+0000][gc,phases   ] GC(1155)   Pre Evacuate Collection Set: 18.0ms
[2026-01-16T10:27:07.930+0000][gc,phases   ] GC(1155)   Merge Heap Roots: 18.6ms
[2026-01-16T10:27:07.930+0000][gc,phases   ] GC(1155)   Evacuate Collection Set: 115.3ms
[2026-01-16T10:27:07.933+0000][gc,phases   ] GC(1155)   Post Evacuate Collection Set: 33.0ms
[2026-01-16T10:27:07.933+0000][gc,phases   ] GC(1155)   Other: 1.6ms
[2026-01-16T10:27:07.934+0000][gc,heap     ] GC(1155) Eden regions: 83->0(98)
[2026-01-16T10:27:07.934+0000][gc,heap     ] GC(1155) Survivor regions: 3->3(11)
[2026-01-16T10:27:07.935+0000][gc,heap     ] GC(1155) Old regions: 100->75
[2026-01-16T10:27:07.936+0000][gc,heap     ] GC(1155) Humongous regions: 38->38
[2026-01-16T10:27:07.936+0000][gc,metaspace] GC(1155) Metaspace: 13121K(13696K)->13121K(13696K) NonClass: 12016K(12288K)->12016K(12288K) Class: 1105K(1408K)->1105K(1408K)
[2026-01-16T10:27:07.937+0000][gc          ] GC(1155) Pause Young (Mixed) (G1 Evacuation Pause) 223M->114M(1024M) 196.636ms
[2026-01-16T10:27:07.938+0000][gc,cpu      ] GC(1155) User=0.21s Sys=0.02s Real=0.19s
[2026-01-16T10:27:16.774+0000][gc,start    ] GC(1156) Pause Young (Mixed) (G1 Evacuation Pause)
[2026-01-16T10:27:16.776+0000][gc,task     ] GC(1156) Using 8 workers of 8 for evacuation
[2026-01-16T10:27:16.893+0000][gc,phases   ] GC(1156)   Pre Evacuate Collection Set: 6.7ms
[2026-01-16T10:27:16.896+0000][gc,phases   ] GC(1156)   Merge Heap Roots: 3.6ms
[2026-01-16T10:27:16.897+0000][gc,phases   ] GC(1156)   Evacuate Collection Set: 80.6ms
[2026-01-16T10:27:16.898+0000][gc,phases   ] GC(1156)   Post Evacuate Collection Set: 24.5ms
[2026-01-16T10:27:16.898+0000][gc,phases   ] GC(1156)   Other: 1.3ms
[2026-01-16T10:27:16.899+0000][gc,heap     ] GC(1156) Eden regions: 99->0(103)
[2026-01-16T10:27:16.899+0000][gc,heap     ] GC(1156) Survivor regions: 3->2(13)
[2026-01-16T10:27:16.900+0000][gc,heap     ] GC(1156) Old regions: 75->69
[2026-01-16T10:27:16.901+0000][gc,heap     ] GC(1156) Humongous regions: 38->38
[2026-01-16T10:27:16.901+0000][gc,metaspace] GC(1156) Metaspace: 13121K(13696K)->13121K(13696K) NonClass: 12016K(12288K)->12016K(12288K) Class: 1105K(1408K)->1105K(1408K)
[2026-01-16T10:27:16.902+0000][gc          ] GC(1156) Pause Young (Mixed) (G1 Evacuation Pause) 213M->108M(1024M) 128.574ms
[2026-01-16T10:27:16.907+0000][gc,cpu      ] GC(1156) User=0.14s Sys=0.00s Real=0.13s
[2026-01-16T10:27:26.895+0000][gc,start    ] GC(1157) Pause Young (Normal) (G1 Evacuation Pause)
[2026-01-16T10:27:26.898+0000][gc,task     ] GC(1157) Using 8 workers of 8 for evacuation
[2026-01-16T10:27:27.097+0000][gc,phases   ] GC(1157)   Pre Evacuate Collection Set: 26.9ms
[2026-01-16T10:27:27.098+0000][gc,phases   ] GC(1157)   Merge Heap Roots: 5.2ms
[2026-01-16T10:27:27.098+0000][gc,phases   ] GC(1157)   Evacuate Collection Set: 153.2ms
[2026-01-16T10:27:27.099+0000][gc,phases   ] GC(1157)   Post Evacuate Collection Set: 11.5ms
[2026-01-16T10:27:27.099+0000][gc,phases   ] GC(1157)   Other: 2.1ms
[2026-01-16T10:27:27.099+0000][gc,heap     ] GC(1157) Eden regions: 105->0(100)
[2026-01-16T10:27:27.100+0000][gc,heap     ] GC(1157) Survivor regions: 2->2(14)
[2026-01-16T10:27:27.101+0000][gc,heap     ] GC(1157) Old regions: 69->69
[2026-01-16T10:27:27.101+0000][gc,heap     ] GC(1157) Humongous regions: 38->38
[2026-01-16T10:27:27.102+0000][gc,metaspace] GC(1157) Metaspace: 13121K(13696K)->13121K(13696K) NonClass: 12016K(12288K)->12016K(12288K) Class: 1105K(1408K)->1105K(1408K)
[2026-01-16T10:27:27.102+0000][gc          ] GC(1157) Pause Young (Normal) (G1 Evacuation Pause) 213M->108M(1024M) 207.212ms
[2026-01-16T10:27:27.102+0000][gc,cpu      ] GC(1157) User=0.13s Sys=0.01s Real=0.21s
[2026-01-16T10:27:36.701+0000][gc,start    ] GC(1158) Pause Young (Normal) (G1 Evacuation Pause)
[2026-01-16T10:27:36.718+0000][gc,task     ] GC(1158) Using 8 workers of 8 for evacuation
[2026-01-16T10:27:36.911+0000][gc,phases   ] GC(1158)   Pre Evacuate Collection Set: 9.6ms
[2026-01-16T10:27:36.918+0000][gc,phases   ] GC(1158)   Merge Heap Roots: 1.8ms
[2026-01-16T10:27:36.919+0000][gc,phases   ] GC(1158)   Evacuate Collection Set: 161.7ms
[2026-01-16T10:27:36.919+0000][gc,phases   ] GC(1158)   Post Evacuate Collection Set: 18.7ms
[2026-01-16T10:27:36.919+0000][gc,phases   ] GC(1158)   Other: 10.9ms
[2026-01-16T10:27:36.920+0000][gc,heap     ] GC(1158) Eden regions: 103->0(96)
[2026-01-16T10:27:36.920+0000][gc,heap     ] GC(1158) Survivor regions: 2->2(14)
[2026-01-16T10:27:36.922+0000][gc,heap     ] GC(1158) Old regions: 69->69
[2026-01-16T10:27:36.922+0000][gc,heap     ] GC(1158) Humongous regions: 38->38
[2026-01-16T10:27:36.922+0000][gc,metaspace] GC(1158) Metaspace: 13121K(13696K)->13121K(13696K) NonClass: 12016K(12288K)->12016K(12288K) Class: 1105K(1408K)->1105K(1408K)
[2026-01-16T10:27:36.923+0000][gc          ] GC(1158) Pause Young (Normal) (G1 Evacuation Pause) 211M->108M(1024M) 221.938ms
[2026-01-16T10:27:36.925+0000][gc,cpu      ] GC(1158) User=0.17s Sys=0.01s Real=0.22s
[2026-01-16T10:27:40.474+0000][gc,start    ] GC(1159) Pause Young (Normal) (G1 Evacuation Pause)
[2026-01-16T10:27:40.476+0000][gc,task     ] GC(1159) Using 8 workers of 8 for evacuation
[2026-01-16T10:27:40.727+0000][gc,mmu      ] GC(1159) MMU target violated: 201.0ms (200.0ms/201.0ms)
[2026-01-16T10:27:40.727+0000][gc,phases   ] GC(1159)   Pre Evacuate Collection Set: 28.0ms
[2026-01-16T10:27:40.728+0000][gc,phases   ] GC(1159)   Merge Heap Roots: 2.6ms
[2026-01-16T10:27:40.728+0000][gc,phases   ] GC(1159)   Evacuate Collection Set: 209.7ms
[2026-01-16T10:27:40.729+0000][gc,phases   ] GC(1159)   Post Evacuate Collection Set: 4.8ms
[2026-01-16T10:27:40.729+0000][gc,phases   ] GC(1159)   Other: 6.4ms
[2026-01-16T10:27:40.729+0000][gc,heap     ] GC(1159) Eden regions: 102->0(83)
[2026-01-16T10:27:40.729+0000][gc,heap     ] GC(1159) Survivor regions: 2->2(13)
[2026-01-16T10:27:40.729+0000][gc,heap     ] GC(1159) Old regions: 69->69
[2026-01-16T10:27:40.730+0000][gc,heap     ] GC(1159) Humongous regions: 38->38
[2026-01-16T10:27:40.730+0000][gc,metaspace] GC(1159) Metaspace: 13121K(13696K)->13121K(13696K) NonClass: 12016K(12288K)->12016K(12288K) Class: 1105K(1408K)->1105K(1408K)
[2026-01-16T10:27:40.730+0000][gc          ] GC(1159) Pause Young (Normal) (G1 Evacuation Pause) 210M->108M(1024M) 255.850ms
[2026-01-16T10:27:40.730+0000][gc,cpu      ] GC(1159) User=0.14s Sys=0.00s Real=0.26s
[2026-01-16T10:27:48.690+0000][gc,start    ] GC(1160) Pause Young (Normal) (G1 Evacuation Pause)
[2026-01-16T10:27:48.692+0000][gc,task     ] GC(1160) Using 8 workers of 8 for evacuation
[2026-01-16T10:27:48.882+0000][gc,phases   ] GC(1160)   Pre Evacuate Collection Set: 22.7ms
[2026-01-16T10:27:48.883+0000][gc,phases   ] GC(1160)   Merge Heap Roots: 1.0ms
[2026-01-16T10:27:48.883+0000][gc,phases   ] GC(1160)   Evacuate Collection Set: 158.0ms
[2026-01-16T10:27:48.883+0000][gc,phases   ] GC(1160)   Post Evacuate Collection Set: 6.6ms
[2026-01-16T10:27:48.883+0000][gc,phases   ] GC(1160)   Other: 1.4ms
[2026-01-16T10:27:48.884+0000][gc,heap     ] GC(1160) Eden regions: 97->0(48)
[2026-01-16T10:27:48.884+0000][gc,heap     ] GC(1160) Survivor regions: 2->3(13)
[2026-01-16T10:27:48.884+0000][gc,heap     ] GC(1160) Old regions: 69->69
[2026-01-16T10:27:48.885+0000][gc,heap     ] GC(1160) Humongous regions: 38->38
[2026-01-16T10:27:48.887+0000][gc,metaspace] GC(1160) Metaspace: 13121K(13696K)->13121K(13696K) NonClass: 12016K(12288K)->12016K(12288K) Class: 1105K(1408K)->1105K(1408K)
[2026-01-16T10:27:48.888+0000][gc          ] GC(1160) Pause Young (Normal) (G1 Evacuation Pause) 205M->109M(1024M) 198.453ms
[2026-01-16T10:27:48.889+0000][gc,cpu      ] GC(1160) User=0.16s Sys=0.01s Real=0.20s
[2026-01-16T10:27:57.285+0000][gc,start    ] GC(1161) Pause Young (Normal) (G1 Evacuation Pause)
[2026-01-16T10:27:57.286+0000][gc,task     ] GC(1161) Using 8 workers of 8 for evacuation
[2026-01-16T10:27:57.382+0000][gc,phases   ] GC(1161)   Pre Evacuate Collection Set: 10.7ms
[2026-01-16T10:27:57.383+0000][gc,phases   ] GC(1161)   Merge Heap Roots: 2.3ms
[2026-01-16T10:27:57.383+0000][gc,phases   ] GC(1161)   Evacuate Collection Set: 71.1ms
[2026-01-16T10:27:57.383+0000][gc,phases   ] GC(1161)   Post Evacuate Collection Set: 10.6ms
[2026-01-16T10:27:57.384+0000][gc,phases   ] GC(1161)   Other: 1.0ms
[2026-01-16T10:27:57.384+0000][gc,heap     ] GC(1161) Eden regions: 49->0(171)
[2026-01-16T10:27:57.385+0000][gc,heap     ] GC(1161) Survivor regions: 3->2(7)
[2026-01-16T10:27:57.386+0000][gc,heap     ] GC(1161) Old regions: 69->70
[2026-01-16T10:27:57.386+0000][gc,heap     ] GC(1161) Humongous regions: 38->38
[2026-01-16T10:27:57.387+0000][gc,metaspace] GC(1161) Metaspace: 13121K(13696K)->13121K(13696K) NonClass: 12016K(12288K)->12016K(12288K) Class: 1105K(1408K)->1105K(1408K)
[2026-01-16T10:27:57.387+0000][gc          ] GC(1161) Pause Young (Normal) (G1 Evacuation Pause) 158M->108M(1024M) 102.764ms
[2026-01-16T10:27:57.388+0000][gc,cpu      ] GC(1161) User=0.12s Sys=0.01s Real=0.11s
[2026-01-16T10:28:09.014+0000][gc,start    ] GC(1162) Pause Young (Normal) (G1 Evacuation Pause)
[2026-01-16T10:28:09.015+0000][gc,task     ] GC(1162) Using 8 workers of 8 for evacuation
[2026-01-16T10:28:09.117+0000][gc,phases   ] GC(1162)   Pre Evacuate Collection Set: 8.9ms
[2026-01-16T10:28:09.117+0000][gc,phases   ] GC(1162)   Merge Heap Roots: 0.4ms
[2026-01-16T10:28:09.118+0000][gc,phases   ] GC(1162)   Evacuate Collection Set: 68.9ms
[2026-01-16T10:28:09.119+0000][gc,phases   ] GC(1162)   Post Evacuate Collection Set: 21.6ms
[2026-01-16T10:28:09.119+0000][gc,phases   ] GC(1162)   Other: 1.5ms
[2026-01-16T10:28:09.120+0000][gc,heap     ] GC(1162) Eden regions: 194->0(166)
[2026-01-16T10:28:09.120+0000][gc,heap     ] GC(1162) Survivor regions: 2->3(25)
[2026-01-16T10:28:09.121+0000][gc,heap     ] GC(1162) Old regions: 70->70
[2026-01-16T10:28:09.123+0000][gc,heap     ] GC(1162) Humongous regions: 38->38
[2026-01-16T10:28:09.123+0000][gc,metaspace] GC(1162) Metaspace: 13121K(13696K)->13121K(13696K) NonClass: 12016K(12288K)->12016K(12288K) Class: 1105K(1408K)->1105K(1408K)
[2026-01-16T10:28:09.125+0000][gc          ] GC(1162) Pause Young (Normal) (G1 Evacuation Pause) 302M->109M(1024M) 110.916ms
[2026-01-16T10:28:09.127+0000][gc,cpu      ] GC(1162) User=0.16s Sys=0.02s Real=0.12s
[2026-01-16T10:28:27.240+0000][gc,start    ] GC(1163) Pause Young (Normal) (G1 Evacuation Pause)
[2026-01-16T10:28:27.248+0000][gc,task     ] GC(1163) Using 8 workers of 8 for evacuation
[2026-01-16T10:28:27.402+0000][gc,phases   ] GC(1163)   Pre Evacuate Collection Set: 17.7ms
[2026-01-16T10:28:27.402+0000][gc,phases   ] GC(1163)   Merge Heap Roots: 0.7ms
[2026-01-16T10:28:27.402+0000][gc,phases   ] GC(1163)   Evacuate Collection Set: 107.0ms
[2026-01-16T10:28:27.402+0000][gc,phases   ] GC(1163)   Post Evacuate Collection Set: 22.8ms
[2026-01-16T10:28:27.403+0000][gc,phases   ] GC(1163)   Other: 9.8ms
[2026-01-16T10:28:27.403+0000][gc,heap     ] GC(1163) Eden regions: 177->0(318)
[2026-01-16T10:28:27.403+0000][gc,heap     ] GC(1163) Survivor regions: 3->2(23)
[2026-01-16T10:28:27.403+0000][gc,heap     ] GC(1163) Old regions: 70->70
[2026-01-16T10:28:27.404+0000][gc,heap     ] GC(1163) Humongous regions: 38->38
[2026-01-16T10:28:27.404+0000][gc,metaspace] GC(1163) Metaspace: 13121K(13696K)->13121K(13696K) NonClass: 12016K(12288K)->12016K(12288K) Class: 1105K(1408K)->1105K(1408K)
[2026-01-16T10:28:27.405+0000][gc          ] GC(1163) Pause Young (Normal) (G1 Evacuation Pause) 286M->108M(1024M) 164.787ms
[2026-01-16T10:28:27.405+0000][gc,cpu      ] GC(1163) User=0.15s Sys=0.01s Real=0.17s
[2026-01-16T10:28:59.305+0000][gc,start    ] GC(1164) Pause Young (Normal) (G1 Evacuation Pause)
[2026-01-16T10:28:59.310+0000][gc,task     ] GC(1164) Using 8 workers of 8 for evacuation
[2026-01-16T10:28:59.462+0000][gc,phases   ] GC(1164)   Pre Evacuate Collection Set: 18.2ms
[2026-01-16T10:28:59.463+0000][gc,phases   ] GC(1164)   Merge Heap Roots: 3.7ms
[2026-01-16T10:28:59.464+0000][gc,phases   ] GC(1164)   Evacuate Collection Set: 102.1ms
[2026-01-16T10:28:59.466+0000][gc,phases   ] GC(1164)   Post Evacuate Collection Set: 23.1ms
[2026-01-16T10:28:59.466+0000][gc,phases   ] GC(1164)   Other: 6.0ms
[2026-01-16T10:28:59.468+0000][gc,heap     ] GC(1164) Eden regions: 340->0(478)
[2026-01-16T10:28:59.468+0000][gc,heap     ] GC(1164) Survivor regions: 2->1(43)
[2026-01-16T10:28:59.469+0000][gc,heap     ] GC(1164) Old regions: 70->70
[2026-01-16T10:28:59.469+0000][gc,heap     ] GC(1164) Humongous regions: 38->38
[2026-01-16T10:28:59.470+0000][gc,metaspace] GC(1164) Metaspace: 13121K(13696K)->13121K(13696K) NonClass: 12016K(12288K)->12016K(12288K) Class: 1105K(1408K)->1105K(1408K)
[2026-01-16T10:28:59.472+0000][gc          ] GC(1164) Pause Young (Normal) (G1 Evacuation Pause) 448M->108M(1024M) 165.550ms
[2026-01-16T10:28:59.474+0000][gc,cpu      ] GC(1164) User=0.18s Sys=0.01s Real=0.17s
[2026-01-16T10:29:48.616+0000][gc,start    ] GC(1165) Pause Young (Normal) (G1 Evacuation Pause)
[2026-01-16T10:29:48.637+0000][gc,task     ] GC(1165) Using 8 workers of 8 for evacuation
[2026-01-16T10:29:49.431+0000][gc,mmu      ] GC(1165) MMU target violated: 201.0ms (200.0ms/201.0ms)
[2026-01-16T10:29:49.434+0000][gc,phases   ] GC(1165)   Pre Evacuate Collection Set: 84.3ms
[2026-01-16T10:29:49.439+0000][gc,phases   ] GC(1165)   Merge Heap Roots: 35.0ms
[2026-01-16T10:29:49.440+0000][gc,phases   ] GC(1165)   Evacuate Collection Set: 514.5ms
[2026-01-16T10:29:49.440+0000][gc,phases   ] GC(1165)   Post Evacuate Collection Set: 143.5ms
[2026-01-16T10:29:49.441+0000][gc,phases   ] GC(1165)   Other: 31.8ms
[2026-01-16T10:29:49.441+0000][gc,heap     ] GC(1165) Eden regions: 560->0(50)
[2026-01-16T10:29:49.442+0000][gc,heap     ] GC(1165) Survivor regions: 1->1(71)
[2026-01-16T10:29:49.442+0000][gc,heap     ] GC(1165) Old regions: 70->70
[2026-01-16T10:29:49.446+0000][gc,heap     ] GC(1165) Humongous regions: 38->38
[2026-01-16T10:29:49.448+0000][gc,metaspace] GC(1165) Metaspace: 13121K(13696K)->13121K(13696K) NonClass: 12016K(12288K)->12016K(12288K) Class: 1105K(1408K)->1105K(1408K)
[2026-01-16T10:29:49.453+0000][gc          ] GC(1165) Pause Young (Normal) (G1 Evacuation Pause) 668M->108M(1024M) 836.138ms
[2026-01-16T10:29:49.454+0000][gc,cpu      ] GC(1165) User=0.42s Sys=0.04s Real=0.84s
[2026-01-16T10:29:59.124+0000][gc,start    ] GC(1166) Pause Young (Normal) (G1 Evacuation Pause)
[2026-01-16T10:29:59.132+0000][gc,task     ] GC(1166) Using 8 workers of 8 for evacuation
[2026-01-16T10:29:59.652+0000][gc,mmu      ] GC(1166) MMU target violated: 201.0ms (200.0ms/201.0ms)
[2026-01-16T10:29:59.655+0000][gc,phases   ] GC(1166)   Pre Evacuate Collection Set: 57.5ms
[2026-01-16T10:29:59.657+0000][gc,phases   ] GC(1166)   Merge Heap Roots: 35.7ms
[2026-01-16T10:29:59.660+0000][gc,phases   ] GC(1166)   Evacuate Collection Set: 347.7ms
[2026-01-16T10:29:59.668+0000][gc,phases   ] GC(1166)   Post Evacuate Collection Set: 68.7ms
[2026-01-16T10:29:59.671+0000][gc,phases   ] GC(1166)   Other: 15.1ms
[2026-01-16T10:29:59.673+0000][gc,heap     ] GC(1166) Eden regions: 50->0(49)
[2026-01-16T10:29:59.674+0000][gc,heap     ] GC(1166) Survivor regions: 1->2(7)
[2026-01-16T10:29:59.674+0000][gc,heap     ] GC(1166) Old regions: 70->70
[2026-01-16T10:29:59.674+0000][gc,heap     ] GC(1166) Humongous regions: 38->38
[2026-01-16T10:29:59.674+0000][gc,metaspace] GC(1166) Metaspace: 13121K(13696K)->13121K(13696K) NonClass: 12016K(12288K)->12016K(12288K) Class: 1105K(1408K)->1105K(1408K)
[2026-01-16T10:29:59.675+0000][gc          ] GC(1166) Pause Young (Normal) (G1 Evacuation Pause) 158M->109M(1024M) 551.949ms
[2026-01-16T10:29:59.675+0000][gc,cpu      ] GC(1166) User=0.28s Sys=0.03s Real=0.55s
[2026-01-16T10:30:01.708+0000][gc,start    ] GC(1167) Pause Young (Normal) (G1 Evacuation Pause)
[2026-01-16T10:30:01.714+0000][gc,task     ] GC(1167) Using 8 workers of 8 for evacuation
[2026-01-16T10:30:01.876+0000][gc,phases   ] GC(1167)   Pre Evacuate Collection Set: 33.8ms
[2026-01-16T10:30:01.877+0000][gc,phases   ] GC(1167)   Merge Heap Roots: 4.1ms
[2026-01-16T10:30:01.878+0000][gc,phases   ] GC(1167)   Evacuate Collection Set: 111.6ms
[2026-01-16T10:30:01.880+0000][gc,phases   ] GC(1167)   Post Evacuate Collection Set: 3.4ms
[2026-01-16T10:30:01.880+0000][gc,phases   ] GC(1167)   Other: 8.7ms
[2026-01-16T10:30:01.880+0000][gc,heap     ] GC(1167) Eden regions: 49->0(49)
[2026-01-16T10:30:01.880+0000][gc,heap     ] GC(1167) Survivor regions: 2->2(7)
[2026-01-16T10:30:01.882+0000][gc,heap     ] GC(1167) Old regions: 70->71
[2026-01-16T10:30:01.883+0000][gc,heap     ] GC(1167) Humongous regions: 38->38
[2026-01-16T10:30:01.883+0000][gc,metaspace] GC(1167) Metaspace: 13121K(13696K)->13121K(13696K) NonClass: 12016K(12288K)->12016K(12288K) Class: 1105K(1408K)->1105K(1408K)
[2026-01-16T10:30:01.883+0000][gc          ] GC(1167) Pause Young (Normal) (G1 Evacuation Pause) 158M->109M(1024M) 175.043ms
[2026-01-16T10:30:01.884+0000][gc,cpu      ] GC(1167) User=0.12s Sys=0.01s Real=0.18s
[2026-01-16T10:30:02.887+0000][gc,start    ] GC(1168) Pause Young (Normal) (G1 Evacuation Pause)
[2026-01-16T10:30:02.893+0000][gc,task     ] GC(1168) Using 8 workers of 8 for evacuation
[2026-01-16T10:30:02.971+0000][gc,phases   ] GC(1168)   Pre Evacuate Collection Set: 0.4ms
[2026-01-16T10:30:02.972+0000][gc,phases   ] GC(1168)   Merge Heap Roots: 0.2ms
[2026-01-16T10:30:02.972+0000][gc,phases   ] GC(1168)   Evacuate Collection Set: 74.2ms
[2026-01-16T10:30:02.972+0000][gc,phases   ] GC(1168)   Post Evacuate Collection Set: 1.5ms
[2026-01-16T10:30:02.972+0000][gc,phases   ] GC(1168)   Other: 1.9ms
[2026-01-16T10:30:02.973+0000][gc,heap     ] GC(1168) Eden regions: 49->0(49)
[2026-01-16T10:30:02.973+0000][gc,heap     ] GC(1168) Survivor regions: 2->2(7)
[2026-01-16T10:30:02.973+0000][gc,heap     ] GC(1168) Old regions: 71->71
[2026-01-16T10:30:02.973+0000][gc,heap     ] GC(1168) Humongous regions: 38->38
[2026-01-16T10:30:02.973+0000][gc,metaspace] GC(1168) Metaspace: 13121K(13696K)->13121K(13696K) NonClass: 12016K(12288K)->12016K(12288K) Class: 1105K(1408K)->1105K(1408K)
[2026-01-16T10:30:02.973+0000][gc          ] GC(1168) Pause Young (Normal) (G1 Evacuation Pause) 158M->109M(1024M) 86.601ms
[2026-01-16T10:30:02.973+0000][gc,cpu      ] GC(1168) User=0.04s Sys=0.01s Real=0.09s
[2026-01-16T10:30:04.337+0000][gc,start    ] GC(1169) Pause Young (Normal) (G1 Evacuation Pause)
[2026-01-16T10:30:04.338+0000][gc,task     ] GC(1169) Using 8 workers of 8 for evacuation
[2026-01-16T10:30:04.542+0000][gc,mmu      ] GC(1169) MMU target violated: 201.0ms (200.0ms/201.0ms)
[2026-01-16T10:30:04.543+0000][gc,phases   ] GC(1169)   Pre Evacuate Collection Set: 27.3ms
[2026-01-16T10:30:04.543+0000][gc,phases   ] GC(1169)   Merge Heap Roots: 0.2ms
[2026-01-16T10:30:04.543+0000][gc,phases   ] GC(1169)   Evacuate Collection Set: 172.5ms
[2026-01-16T10:30:04.543+0000][gc,phases   ] GC(1169)   Post Evacuate Collection Set: 1.4ms
[2026-01-16T10:30:04.543+0000][gc,phases   ] GC(1169)   Other: 3.2ms
[2026-01-16T10:30:04.544+0000][gc,heap     ] GC(1169) Eden regions: 49->0(49)
[2026-01-16T10:30:04.544+0000][gc,heap     ] GC(1169) Survivor regions: 2->2(7)
[2026-01-16T10:30:04.544+0000][gc,heap     ] GC(1169) Old regions: 71->71
[2026-01-16T10:30:04.544+0000][gc,heap     ] GC(1169) Humongous regions: 38->38
[2026-01-16T10:30:04.545+0000][gc,metaspace] GC(1169) Metaspace: 13121K(13696K)->13121K(13696K) NonClass: 12016K(12288K)->12016K(12288K) Class: 1105K(1408K)->1105K(1408K)
[2026-01-16T10:30:04.545+0000][gc          ] GC(1169) Pause Young (Normal) (G1 Evacuation Pause) 158M->109M(1024M) 208.204ms
[2026-01-16T10:30:04.545+0000][gc,cpu      ] GC(1169) User=0.15s Sys=0.01s Real=0.21s
[2026-01-16T10:30:07.687+0000][gc,start    ] GC(1170) Pause Young (Normal) (G1 Evacuation Pause)
[2026-01-16T10:30:07.688+0000][gc,task     ] GC(1170) Using 8 workers of 8 for evacuation
[2026-01-16T10:30:07.799+0000][gc,phases   ] GC(1170)   Pre Evacuate Collection Set: 16.2ms
[2026-01-16T10:30:07.800+0000][gc,phases   ] GC(1170)   Merge Heap Roots: 6.3ms
[2026-01-16T10:30:07.800+0000][gc,phases   ] GC(1170)   Evacuate Collection Set: 74.0ms
[2026-01-16T10:30:07.801+0000][gc,phases   ] GC(1170)   Post Evacuate Collection Set: 7.1ms
[2026-01-16T10:30:07.803+0000][gc,phases   ] GC(1170)   Other: 6.9ms
[2026-01-16T10:30:07.804+0000][gc,heap     ] GC(1170) Eden regions: 49->0(50)
[2026-01-16T10:30:07.804+0000][gc,heap     ] GC(1170) Survivor regions: 2->1(7)
[2026-01-16T10:30:07.806+0000][gc,heap     ] GC(1170) Old regions: 71->71
[2026-01-16T10:30:07.807+0000][gc,heap     ] GC(1170) Humongous regions: 38->38
[2026-01-16T10:30:07.809+0000][gc,metaspace] GC(1170) Metaspace: 13121K(13696K)->13121K(13696K) NonClass: 12016K(12288K)->12016K(12288K) Class: 1105K(1408K)->1105K(1408K)
[2026-01-16T10:30:07.810+0000][gc          ] GC(1170) Pause Young (Normal) (G1 Evacuation Pause) 158M->108M(1024M) 122.554ms
[2026-01-16T10:30:07.811+0000][gc,cpu      ] GC(1170) User=0.09s Sys=0.01s Real=0.12s
[2026-01-16T10:30:09.273+0000][gc,start    ] GC(1171) Pause Young (Normal) (G1 Evacuation Pause)
[2026-01-16T10:30:09.277+0000][gc,task     ] GC(1171) Using 8 workers of 8 for evacuation
[2026-01-16T10:30:09.377+0000][gc,phases   ] GC(1171)   Pre Evacuate Collection Set: 3.0ms
[2026-01-16T10:30:09.383+0000][gc,phases   ] GC(1171)   Merge Heap Roots: 0.9ms
[2026-01-16T10:30:09.386+0000][gc,phases   ] GC(1171)   Evacuate Collection Set: 85.3ms
[2026-01-16T10:30:09.387+0000][gc,phases   ] GC(1171)   Post Evacuate Collection Set: 5.7ms
[2026-01-16T10:30:09.387+0000][gc,phases   ] GC(1171)   Other: 4.6ms
[2026-01-16T10:30:09.388+0000][gc,heap     ] GC(1171) Eden regions: 56->0(49)
[2026-01-16T10:30:09.389+0000][gc,heap     ] GC(1171) Survivor regions: 1->2(8)
[2026-01-16T10:30:09.389+0000][gc,heap     ] GC(1171) Old regions: 71->71
[2026-01-16T10:30:09.390+0000][gc,heap     ] GC(1171) Humongous regions: 38->38
[2026-01-16T10:30:09.391+0000][gc,metaspace] GC(1171) Metaspace: 13121K(13696K)->13121K(13696K) NonClass: 12016K(12288K)->12016K(12288K) Class: 1105K(1408K)->1105K(1408K)
[2026-01-16T10:30:09.392+0000][gc          ] GC(1171) Pause Young (Normal) (G1 Evacuation Pause) 164M->109M(1024M) 118.999ms
[2026-01-16T10:30:09.394+0000][gc,cpu      ] GC(1171) User=0.07s Sys=0.01s Real=0.12s
[2026-01-16T10:30:16.003+0000][gc,start    ] GC(1172) Pause Young (Normal) (G1 Evacuation Pause)
[2026-01-16T10:30:16.003+0000][gc,task     ] GC(1172) Using 8 workers of 8 for evacuation
[2026-01-16T10:30:16.015+0000][gc,phases   ] GC(1172)   Pre Evacuate Collection Set: 2.0ms
[2026-01-16T10:30:16.015+0000][gc,phases   ] GC(1172)   Merge Heap Roots: 0.7ms
[2026-01-16T10:30:16.015+0000][gc,phases   ] GC(1172)   Evacuate Collection Set: 5.2ms
[2026-01-16T10:30:16.016+0000][gc,phases   ] GC(1172)   Post Evacuate Collection Set: 3.6ms
[2026-01-16T10:30:16.016+0000][gc,phases   ] GC(1172)   Other: 0.4ms
[2026-01-16T10:30:16.016+0000][gc,heap     ] GC(1172) Eden regions: 49->0(120)
[2026-01-16T10:30:16.016+0000][gc,heap     ] GC(1172) Survivor regions: 2->1(7)
[2026-01-16T10:30:16.016+0000][gc,heap     ] GC(1172) Old regions: 71->71
[2026-01-16T10:30:16.016+0000][gc,heap     ] GC(1172) Humongous regions: 38->38
[2026-01-16T10:30:16.016+0000][gc,metaspace] GC(1172) Metaspace: 13121K(13696K)->13121K(13696K) NonClass: 12016K(12288K)->12016K(12288K) Class: 1105K(1408K)->1105K(1408K)
[2026-01-16T10:30:16.016+0000][gc          ] GC(1172) Pause Young (Normal) (G1 Evacuation Pause) 158M->108M(1024M) 12.886ms
[2026-01-16T10:30:16.016+0000][gc,cpu      ] GC(1172) User=0.04s Sys=0.00s Real=0.02s
[2026-01-16T10:30:26.896+0000][gc,start    ] GC(1173) Pause Young (Normal) (G1 Evacuation Pause)
[2026-01-16T10:30:26.897+0000][gc,task     ] GC(1173) Using 8 workers of 8 for evacuation
[2026-01-16T10:30:26.903+0000][gc,phases   ] GC(1173)   Pre Evacuate Collection Set: 1.4ms
[2026-01-16T10:30:26.903+0000][gc,phases   ] GC(1173)   Merge Heap Roots: 0.1ms
[2026-01-16T10:30:26.903+0000][gc,phases   ] GC(1173)   Evacuate Collection Set: 3.3ms
[2026-01-16T10:30:26.903+0000][gc,phases   ] GC(1173)   Post Evacuate Collection Set: 0.8ms
[2026-01-16T10:30:26.903+0000][gc,phases   ] GC(1173)   Other: 0.2ms
[2026-01-16T10:30:26.903+0000][gc,heap     ] GC(1173) Eden regions: 146->0(193)
[2026-01-16T10:30:26.903+0000][gc,heap     ] GC(1173) Survivor regions: 1->2(19)
[2026-01-16T10:30:26.903+0000][gc,heap     ] GC(1173) Old regions: 71->71
[2026-01-16T10:30:26.903+0000][gc,heap     ] GC(1173) Humongous regions: 38->38
[2026-01-16T10:30:26.903+0000][gc,metaspace] GC(1173) Metaspace: 13121K(13696K)->13121K(13696K) NonClass: 12016K(12288K)->12016K(12288K) Class: 1105K(1408K)->1105K(1408K)
[2026-01-16T10:30:26.903+0000][gc          ] GC(1173) Pause Young (Normal) (G1 Evacuation Pause) 254M->109M(1024M) 6.840ms
[2026-01-16T10:30:26.903+0000][gc,cpu      ] GC(1173) User=0.03s Sys=0.00s Real=0.00s
[2026-01-16T10:30:46.898+0000][gc,start    ] GC(1174) Pause Young (Normal) (G1 Evacuation Pause)
[2026-01-16T10:30:46.898+0000][gc,task     ] GC(1174) Using 8 workers of 8 for evacuation
[2026-01-16T10:30:46.919+0000][gc,phases   ] GC(1174)   Pre Evacuate Collection Set: 3.5ms
[2026-01-16T10:30:46.919+0000][gc,phases   ] GC(1174)   Merge Heap Roots: 0.5ms
[2026-01-16T10:30:46.919+0000][gc,phases   ] GC(1174)   Evacuate Collection Set: 13.2ms
[2026-01-16T10:30:46.920+0000][gc,phases   ] GC(1174)   Post Evacuate Collection Set: 2.3ms
[2026-01-16T10:30:46.920+0000][gc,phases   ] GC(1174)   Other: 0.8ms
[2026-01-16T10:30:46.920+0000][gc,heap     ] GC(1174) Eden regions: 218->0(402)
[2026-01-16T10:30:46.920+0000][gc,heap     ] GC(1174) Survivor regions: 2->1(28)
[2026-01-16T10:30:46.920+0000][gc,heap     ] GC(1174) Old regions: 71->71
[2026-01-16T10:30:46.920+0000][gc,heap     ] GC(1174) Humongous regions: 38->38
[2026-01-16T10:30:46.921+0000][gc,metaspace] GC(1174) Metaspace: 13121K(13696K)->13121K(13696K) NonClass: 12016K(12288K)->12016K(12288K) Class: 1105K(1408K)->1105K(1408K)
[2026-01-16T10:30:46.921+0000][gc          ] GC(1174) Pause Young (Normal) (G1 Evacuation Pause) 327M->108M(1024M) 23.696ms
[2026-01-16T10:30:46.921+0000][gc,cpu      ] GC(1174) User=0.09s Sys=0.00s Real=0.03s
[2026-01-16T10:31:26.100+0000][gc,start    ] GC(1175) Pause Young (Normal) (G1 Evacuation Pause)
[2026-01-16T10:31:26.102+0000][gc,task     ] GC(1175) Using 8 workers of 8 for evacuation
[2026-01-16T10:31:26.134+0000][gc,phases   ] GC(1175)   Pre Evacuate Collection Set: 3.4ms
[2026-01-16T10:31:26.134+0000][gc,phases   ] GC(1175)   Merge Heap Roots: 1.2ms
[2026-01-16T10:31:26.135+0000][gc,phases   ] GC(1175)   Evacuate Collection Set: 23.4ms
[2026-01-16T10:31:26.135+0000][gc,phases   ] GC(1175)   Post Evacuate Collection Set: 3.7ms
[2026-01-16T10:31:26.135+0000][gc,phases   ] GC(1175)   Other: 0.8ms
[2026-01-16T10:31:26.135+0000][gc,heap     ] GC(1175) Eden regions: 425->0(613)
[2026-01-16T10:31:26.135+0000][gc,heap     ] GC(1175) Survivor regions: 1->1(54)
[2026-01-16T10:31:26.135+0000][gc,heap     ] GC(1175) Old regions: 71->71
[2026-01-16T10:31:26.135+0000][gc,heap     ] GC(1175) Humongous regions: 38->38
[2026-01-16T10:31:26.135+0000][gc,metaspace] GC(1175) Metaspace: 13121K(13696K)->13121K(13696K) NonClass: 12016K(12288K)->12016K(12288K) Class: 1105K(1408K)->1105K(1408K)
[2026-01-16T10:31:26.135+0000][gc          ] GC(1175) Pause Young (Normal) (G1 Evacuation Pause) 533M->108M(1024M) 34.746ms
[2026-01-16T10:31:26.135+0000][gc,cpu      ] GC(1175) User=0.16s Sys=0.01s Real=0.03s
[2026-01-16T10:32:17.096+0000][gc,start    ] GC(1176) Pause Young (Normal) (G1 Evacuation Pause)
[2026-01-16T10:32:17.101+0000][gc,task     ] GC(1176) Using 8 workers of 8 for evacuation
[2026-01-16T10:32:17.284+0000][gc,phases   ] GC(1176)   Pre Evacuate Collection Set: 33.3ms
[2026-01-16T10:32:17.284+0000][gc,phases   ] GC(1176)   Merge Heap Roots: 5.3ms
[2026-01-16T10:32:17.285+0000][gc,phases   ] GC(1176)   Evacuate Collection Set: 124.5ms
[2026-01-16T10:32:17.287+0000][gc,phases   ] GC(1176)   Post Evacuate Collection Set: 15.2ms
[2026-01-16T10:32:17.288+0000][gc,phases   ] GC(1176)   Other: 4.0ms
[2026-01-16T10:32:17.290+0000][gc,heap     ] GC(1176) Eden regions: 586->0(527)
[2026-01-16T10:32:17.291+0000][gc,heap     ] GC(1176) Survivor regions: 1->1(74)
[2026-01-16T10:32:17.292+0000][gc,heap     ] GC(1176) Old regions: 71->71
[2026-01-16T10:32:17.294+0000][gc,heap     ] GC(1176) Humongous regions: 38->38
[2026-01-16T10:32:17.294+0000][gc,metaspace] GC(1176) Metaspace: 13121K(13696K)->13121K(13696K) NonClass: 12016K(12288K)->12016K(12288K) Class: 1105K(1408K)->1105K(1408K)
[2026-01-16T10:32:17.296+0000][gc          ] GC(1176) Pause Young (Normal) (G1 Evacuation Pause) 694M->108M(1024M) 199.861ms
[2026-01-16T10:32:17.297+0000][gc,cpu      ] GC(1176) User=0.20s Sys=0.04s Real=0.20s
[2026-01-16T10:32:56.736+0000][gc,start    ] GC(1177) Pause Young (Normal) (G1 Evacuation Pause)
[2026-01-16T10:32:56.749+0000][gc,task     ] GC(1177) Using 8 workers of 8 for evacuation
[2026-01-16T10:32:57.143+0000][gc,mmu      ] GC(1177) MMU target violated: 201.0ms (200.0ms/201.0ms)
[2026-01-16T10:32:57.143+0000][gc,phases   ] GC(1177)   Pre Evacuate Collection Set: 65.4ms
[2026-01-16T10:32:57.144+0000][gc,phases   ] GC(1177)   Merge Heap Roots: 17.4ms
[2026-01-16T10:32:57.144+0000][gc,phases   ] GC(1177)   Evacuate Collection Set: 268.2ms
[2026-01-16T10:32:57.148+0000][gc,phases   ] GC(1177)   Post Evacuate Collection Set: 38.3ms
[2026-01-16T10:32:57.149+0000][gc,phases   ] GC(1177)   Other: 9.2ms
[2026-01-16T10:32:57.152+0000][gc,heap     ] GC(1177) Eden regions: 459->0(353)
[2026-01-16T10:32:57.152+0000][gc,heap     ] GC(1177) Survivor regions: 1->1(58)
[2026-01-16T10:32:57.153+0000][gc,heap     ] GC(1177) Old regions: 71->71
[2026-01-16T10:32:57.154+0000][gc,heap     ] GC(1177) Humongous regions: 38->38
[2026-01-16T10:32:57.154+0000][gc,metaspace] GC(1177) Metaspace: 13124K(13696K)->13124K(13696K) NonClass: 12019K(12288K)->12019K(12288K) Class: 1105K(1408K)->1105K(1408K)
[2026-01-16T10:32:57.155+0000][gc          ] GC(1177) Pause Young (Normal) (G1 Evacuation Pause) 567M->108M(1024M) 419.007ms
[2026-01-16T10:32:57.156+0000][gc,cpu      ] GC(1177) User=0.36s Sys=0.05s Real=0.42s
[2026-01-16T10:33:19.043+0000][gc,start    ] GC(1178) Pause Young (Normal) (G1 Evacuation Pause)
[2026-01-16T10:33:19.046+0000][gc,task     ] GC(1178) Using 8 workers of 8 for evacuation
[2026-01-16T10:33:19.186+0000][gc,phases   ] GC(1178)   Pre Evacuate Collection Set: 27.7ms
[2026-01-16T10:33:19.186+0000][gc,phases   ] GC(1178)   Merge Heap Roots: 6.2ms
[2026-01-16T10:33:19.187+0000][gc,phases   ] GC(1178)   Evacuate Collection Set: 85.4ms
[2026-01-16T10:33:19.187+0000][gc,phases   ] GC(1178)   Post Evacuate Collection Set: 19.7ms
[2026-01-16T10:33:19.187+0000][gc,phases   ] GC(1178)   Other: 1.7ms
[2026-01-16T10:33:19.187+0000][gc,heap     ] GC(1178) Eden regions: 293->0(358)
[2026-01-16T10:33:19.187+0000][gc,heap     ] GC(1178) Survivor regions: 1->2(37)
[2026-01-16T10:33:19.188+0000][gc,heap     ] GC(1178) Old regions: 71->71
[2026-01-16T10:33:19.188+0000][gc,heap     ] GC(1178) Humongous regions: 38->38
[2026-01-16T10:33:19.188+0000][gc,metaspace] GC(1178) Metaspace: 13124K(13696K)->13124K(13696K) NonClass: 12019K(12288K)->12019K(12288K) Class: 1105K(1408K)->1105K(1408K)
[2026-01-16T10:33:19.188+0000][gc          ] GC(1178) Pause Young (Normal) (G1 Evacuation Pause) 401M->109M(1024M) 144.581ms
[2026-01-16T10:33:19.188+0000][gc,cpu      ] GC(1178) User=0.17s Sys=0.02s Real=0.15s
[2026-01-16T10:33:57.558+0000][gc,start    ] GC(1179) Pause Young (Normal) (G1 Evacuation Pause)
[2026-01-16T10:33:57.562+0000][gc,task     ] GC(1179) Using 8 workers of 8 for evacuation
[2026-01-16T10:33:57.976+0000][gc,mmu      ] GC(1179) MMU target violated: 201.0ms (200.0ms/201.0ms)
[2026-01-16T10:33:57.983+0000][gc,phases   ] GC(1179)   Pre Evacuate Collection Set: 60.1ms
[2026-01-16T10:33:57.987+0000][gc,phases   ] GC(1179)   Merge Heap Roots: 16.7ms
[2026-01-16T10:33:57.989+0000][gc,phases   ] GC(1179)   Evacuate Collection Set: 274.2ms
[2026-01-16T10:33:57.989+0000][gc,phases   ] GC(1179)   Post Evacuate Collection Set: 57.6ms
[2026-01-16T10:33:57.989+0000][gc,phases   ] GC(1179)   Other: 13.2ms
[2026-01-16T10:33:57.992+0000][gc,heap     ] GC(1179) Eden regions: 424->0(73)
[2026-01-16T10:33:57.999+0000][gc,heap     ] GC(1179) Survivor regions: 2->1(54)
[2026-01-16T10:33:58.009+0000][gc,heap     ] GC(1179) Old regions: 71->71
[2026-01-16T10:33:58.013+0000][gc,heap     ] GC(1179) Humongous regions: 38->38
[2026-01-16T10:33:58.019+0000][gc,metaspace] GC(1179) Metaspace: 13124K(13696K)->13124K(13696K) NonClass: 12019K(12288K)->12019K(12288K) Class: 1105K(1408K)->1105K(1408K)
[2026-01-16T10:33:58.022+0000][gc          ] GC(1179) Pause Young (Normal) (G1 Evacuation Pause) 533M->108M(1024M) 463.289ms
[2026-01-16T10:33:58.028+0000][gc,cpu      ] GC(1179) User=0.36s Sys=0.05s Real=0.47s
[2026-01-16T10:34:06.745+0000][gc,start    ] GC(1180) Pause Young (Normal) (G1 Evacuation Pause)
[2026-01-16T10:34:06.746+0000][gc,task     ] GC(1180) Using 8 workers of 8 for evacuation
[2026-01-16T10:34:06.779+0000][gc,phases   ] GC(1180)   Pre Evacuate Collection Set: 5.3ms
[2026-01-16T10:34:06.779+0000][gc,phases   ] GC(1180)   Merge Heap Roots: 2.4ms
[2026-01-16T10:34:06.779+0000][gc,phases   ] GC(1180)   Evacuate Collection Set: 21.7ms
[2026-01-16T10:34:06.780+0000][gc,phases   ] GC(1180)   Post Evacuate Collection Set: 3.4ms
[2026-01-16T10:34:06.780+0000][gc,phases   ] GC(1180)   Other: 0.4ms
[2026-01-16T10:34:06.780+0000][gc,heap     ] GC(1180) Eden regions: 114->0(352)
[2026-01-16T10:34:06.780+0000][gc,heap     ] GC(1180) Survivor regions: 1->1(15)
[2026-01-16T10:34:06.781+0000][gc,heap     ] GC(1180) Old regions: 71->71
[2026-01-16T10:34:06.781+0000][gc,heap     ] GC(1180) Humongous regions: 38->38
[2026-01-16T10:34:06.781+0000][gc,metaspace] GC(1180) Metaspace: 13124K(13696K)->13124K(13696K) NonClass: 12019K(12288K)->12019K(12288K) Class: 1105K(1408K)->1105K(1408K)
[2026-01-16T10:34:06.781+0000][gc          ] GC(1180) Pause Young (Normal) (G1 Evacuation Pause) 222M->108M(1024M) 36.602ms
[2026-01-16T10:34:06.782+0000][gc,cpu      ] GC(1180) User=0.11s Sys=0.01s Real=0.03s
[2026-01-16T10:34:42.141+0000][gc,start    ] GC(1181) Pause Young (Normal) (G1 Evacuation Pause)
[2026-01-16T10:34:42.147+0000][gc,task     ] GC(1181) Using 8 workers of 8 for evacuation
[2026-01-16T10:34:42.554+0000][gc,mmu      ] GC(1181) MMU target violated: 201.0ms (200.0ms/201.0ms)
[2026-01-16T10:34:42.554+0000][gc,phases   ] GC(1181)   Pre Evacuate Collection Set: 46.8ms
[2026-01-16T10:34:42.555+0000][gc,phases   ] GC(1181)   Merge Heap Roots: 5.4ms
[2026-01-16T10:34:42.558+0000][gc,phases   ] GC(1181)   Evacuate Collection Set: 284.3ms
[2026-01-16T10:34:42.558+0000][gc,phases   ] GC(1181)   Post Evacuate Collection Set: 63.9ms
[2026-01-16T10:34:42.560+0000][gc,phases   ] GC(1181)   Other: 8.2ms
[2026-01-16T10:34:42.561+0000][gc,heap     ] GC(1181) Eden regions: 400->0(49)
[2026-01-16T10:34:42.561+0000][gc,heap     ] GC(1181) Survivor regions: 1->2(51)
[2026-01-16T10:34:42.561+0000][gc,heap     ] GC(1181) Old regions: 71->71
[2026-01-16T10:34:42.561+0000][gc,heap     ] GC(1181) Humongous regions: 38->38
[2026-01-16T10:34:42.561+0000][gc,metaspace] GC(1181) Metaspace: 13124K(13696K)->13124K(13696K) NonClass: 12019K(12288K)->12019K(12288K) Class: 1105K(1408K)->1105K(1408K)
[2026-01-16T10:34:42.566+0000][gc          ] GC(1181) Pause Young (Normal) (G1 Evacuation Pause) 508M->109M(1024M) 424.443ms
[2026-01-16T10:34:42.567+0000][gc,cpu      ] GC(1181) User=0.32s Sys=0.04s Real=0.43s
[2026-01-16T10:34:46.726+0000][gc,start    ] GC(1182) Pause Young (Normal) (G1 Evacuation Pause)
[2026-01-16T10:34:46.728+0000][gc,task     ] GC(1182) Using 8 workers of 8 for evacuation
[2026-01-16T10:34:46.755+0000][gc,phases   ] GC(1182)   Pre Evacuate Collection Set: 3.5ms
[2026-01-16T10:34:46.756+0000][gc,phases   ] GC(1182)   Merge Heap Roots: 0.3ms
[2026-01-16T10:34:46.756+0000][gc,phases   ] GC(1182)   Evacuate Collection Set: 20.3ms
[2026-01-16T10:34:46.756+0000][gc,phases   ] GC(1182)   Post Evacuate Collection Set: 2.6ms
[2026-01-16T10:34:46.757+0000][gc,phases   ] GC(1182)   Other: 0.4ms
[2026-01-16T10:34:46.757+0000][gc,heap     ] GC(1182) Eden regions: 49->0(318)
[2026-01-16T10:34:46.757+0000][gc,heap     ] GC(1182) Survivor regions: 2->1(7)
[2026-01-16T10:34:46.757+0000][gc,heap     ] GC(1182) Old regions: 71->71
[2026-01-16T10:34:46.758+0000][gc,heap     ] GC(1182) Humongous regions: 38->38
[2026-01-16T10:34:46.758+0000][gc,metaspace] GC(1182) Metaspace: 13124K(13696K)->13124K(13696K) NonClass: 12019K(12288K)->12019K(12288K) Class: 1105K(1408K)->1105K(1408K)
[2026-01-16T10:34:46.758+0000][gc          ] GC(1182) Pause Young (Normal) (G1 Evacuation Pause) 158M->108M(1024M) 32.716ms
[2026-01-16T10:34:46.759+0000][gc,cpu      ] GC(1182) User=0.04s Sys=0.00s Real=0.03s
[2026-01-16T10:35:01.479+0000][gc,start    ] GC(1183) Pause Young (Normal) (G1 Evacuation Pause)
[2026-01-16T10:35:01.492+0000][gc,task     ] GC(1183) Using 8 workers of 8 for evacuation
[2026-01-16T10:35:01.763+0000][gc,mmu      ] GC(1183) MMU target violated: 201.0ms (200.0ms/201.0ms)
[2026-01-16T10:35:01.768+0000][gc,phases   ] GC(1183)   Pre Evacuate Collection Set: 80.9ms
[2026-01-16T10:35:01.768+0000][gc,phases   ] GC(1183)   Merge Heap Roots: 6.2ms
[2026-01-16T10:35:01.769+0000][gc,phases   ] GC(1183)   Evacuate Collection Set: 151.4ms
[2026-01-16T10:35:01.771+0000][gc,phases   ] GC(1183)   Post Evacuate Collection Set: 15.2ms
[2026-01-16T10:35:01.772+0000][gc,phases   ] GC(1183)   Other: 23.0ms
[2026-01-16T10:35:01.774+0000][gc,heap     ] GC(1183) Eden regions: 205->0(62)
[2026-01-16T10:35:01.778+0000][gc,heap     ] GC(1183) Survivor regions: 1->2(26)
[2026-01-16T10:35:01.778+0000][gc,heap     ] GC(1183) Old regions: 71->71
[2026-01-16T10:35:01.780+0000][gc,heap     ] GC(1183) Humongous regions: 38->38
[2026-01-16T10:35:01.780+0000][gc,metaspace] GC(1183) Metaspace: 13124K(13696K)->13124K(13696K) NonClass: 12019K(12288K)->12019K(12288K) Class: 1105K(1408K)->1105K(1408K)
[2026-01-16T10:35:01.782+0000][gc          ] GC(1183) Pause Young (Normal) (G1 Evacuation Pause) 313M->109M(1024M) 305.862ms
[2026-01-16T10:35:01.787+0000][gc,cpu      ] GC(1183) User=0.25s Sys=0.00s Real=0.31s
[2026-01-16T10:35:07.965+0000][gc,start    ] GC(1184) Pause Young (Normal) (G1 Evacuation Pause)
[2026-01-16T10:35:07.972+0000][gc,task     ] GC(1184) Using 8 workers of 8 for evacuation
[2026-01-16T10:35:08.129+0000][gc,phases   ] GC(1184)   Pre Evacuate Collection Set: 30.9ms
[2026-01-16T10:35:08.132+0000][gc,phases   ] GC(1184)   Merge Heap Roots: 7.4ms
[2026-01-16T10:35:08.133+0000][gc,phases   ] GC(1184)   Evacuate Collection Set: 76.8ms
[2026-01-16T10:35:08.133+0000][gc,phases   ] GC(1184)   Post Evacuate Collection Set: 34.1ms
[2026-01-16T10:35:08.134+0000][gc,phases   ] GC(1184)   Other: 9.9ms
[2026-01-16T10:35:08.134+0000][gc,heap     ] GC(1184) Eden regions: 74->0(105)
[2026-01-16T10:35:08.135+0000][gc,heap     ] GC(1184) Survivor regions: 2->2(10)
[2026-01-16T10:35:08.135+0000][gc,heap     ] GC(1184) Old regions: 71->71
[2026-01-16T10:35:08.135+0000][gc,heap     ] GC(1184) Humongous regions: 38->38
[2026-01-16T10:35:08.135+0000][gc,metaspace] GC(1184) Metaspace: 13124K(13696K)->13124K(13696K) NonClass: 12019K(12288K)->12019K(12288K) Class: 1105K(1408K)->1105K(1408K)
[2026-01-16T10:35:08.135+0000][gc          ] GC(1184) Pause Young (Normal) (G1 Evacuation Pause) 183M->109M(1024M) 170.199ms
[2026-01-16T10:35:08.136+0000][gc,cpu      ] GC(1184) User=0.20s Sys=0.02s Real=0.17s
[2026-01-16T10:35:26.638+0000][gc,start    ] GC(1185) Pause Young (Normal) (G1 Evacuation Pause)
[2026-01-16T10:35:26.643+0000][gc,task     ] GC(1185) Using 8 workers of 8 for evacuation
[2026-01-16T10:35:26.767+0000][gc,phases   ] GC(1185)   Pre Evacuate Collection Set: 28.3ms
[2026-01-16T10:35:26.768+0000][gc,phases   ] GC(1185)   Merge Heap Roots: 4.7ms
[2026-01-16T10:35:26.768+0000][gc,phases   ] GC(1185)   Evacuate Collection Set: 72.8ms
[2026-01-16T10:35:26.769+0000][gc,phases   ] GC(1185)   Post Evacuate Collection Set: 16.3ms
[2026-01-16T10:35:26.770+0000][gc,phases   ] GC(1185)   Other: 1.2ms
[2026-01-16T10:35:26.770+0000][gc,heap     ] GC(1185) Eden regions: 184->0(563)
[2026-01-16T10:35:26.771+0000][gc,heap     ] GC(1185) Survivor regions: 2->1(24)
[2026-01-16T10:35:26.771+0000][gc,heap     ] GC(1185) Old regions: 71->71
[2026-01-16T10:35:26.771+0000][gc,heap     ] GC(1185) Humongous regions: 38->38
[2026-01-16T10:35:26.771+0000][gc,metaspace] GC(1185) Metaspace: 13124K(13696K)->13124K(13696K) NonClass: 12019K(12288K)->12019K(12288K) Class: 1105K(1408K)->1105K(1408K)
[2026-01-16T10:35:26.772+0000][gc          ] GC(1185) Pause Young (Normal) (G1 Evacuation Pause) 293M->108M(1024M) 133.451ms
[2026-01-16T10:35:26.772+0000][gc,cpu      ] GC(1185) User=0.09s Sys=0.02s Real=0.13s
[2026-01-16T10:35:57.080+0000][gc,start    ] GC(1186) Pause Young (Normal) (G1 Evacuation Pause)
[2026-01-16T10:35:57.085+0000][gc,task     ] GC(1186) Using 8 workers of 8 for evacuation
[2026-01-16T10:35:57.181+0000][gc,phases   ] GC(1186)   Pre Evacuate Collection Set: 14.7ms
[2026-01-16T10:35:57.182+0000][gc,phases   ] GC(1186)   Merge Heap Roots: 1.2ms
[2026-01-16T10:35:57.182+0000][gc,phases   ] GC(1186)   Evacuate Collection Set: 57.0ms
[2026-01-16T10:35:57.183+0000][gc,phases   ] GC(1186)   Post Evacuate Collection Set: 14.8ms
[2026-01-16T10:35:57.183+0000][gc,phases   ] GC(1186)   Other: 8.3ms
[2026-01-16T10:35:57.184+0000][gc,heap     ] GC(1186) Eden regions: 351->0(613)
[2026-01-16T10:35:57.184+0000][gc,heap     ] GC(1186) Survivor regions: 1->1(44)
[2026-01-16T10:35:57.184+0000][gc,heap     ] GC(1186) Old regions: 71->71
[2026-01-16T10:35:57.184+0000][gc,heap     ] GC(1186) Humongous regions: 38->38
[2026-01-16T10:35:57.185+0000][gc,metaspace] GC(1186) Metaspace: 13124K(13696K)->13124K(13696K) NonClass: 12019K(12288K)->12019K(12288K) Class: 1105K(1408K)->1105K(1408K)
[2026-01-16T10:35:57.186+0000][gc          ] GC(1186) Pause Young (Normal) (G1 Evacuation Pause) 459M->108M(1024M) 106.414ms
[2026-01-16T10:35:57.187+0000][gc,cpu      ] GC(1186) User=0.11s Sys=0.01s Real=0.11s
[2026-01-16T10:36:48.733+0000][gc,start    ] GC(1187) Pause Young (Normal) (G1 Evacuation Pause)
[2026-01-16T10:36:48.744+0000][gc,task     ] GC(1187) Using 8 workers of 8 for evacuation
[2026-01-16T10:36:48.922+0000][gc,phases   ] GC(1187)   Pre Evacuate Collection Set: 19.1ms
[2026-01-16T10:36:48.928+0000][gc,phases   ] GC(1187)   Merge Heap Roots: 4.9ms
[2026-01-16T10:36:48.929+0000][gc,phases   ] GC(1187)   Evacuate Collection Set: 120.6ms
[2026-01-16T10:36:48.929+0000][gc,phases   ] GC(1187)   Post Evacuate Collection Set: 22.9ms
[2026-01-16T10:36:48.930+0000][gc,phases   ] GC(1187)   Other: 15.3ms
[2026-01-16T10:36:48.930+0000][gc,heap     ] GC(1187) Eden regions: 613->0(612)
[2026-01-16T10:36:48.930+0000][gc,heap     ] GC(1187) Survivor regions: 1->2(77)
[2026-01-16T10:36:48.930+0000][gc,heap     ] GC(1187) Old regions: 71->71
[2026-01-16T10:36:48.930+0000][gc,heap     ] GC(1187) Humongous regions: 38->38
[2026-01-16T10:36:48.930+0000][gc,metaspace] GC(1187) Metaspace: 13124K(13696K)->13124K(13696K) NonClass: 12019K(12288K)->12019K(12288K) Class: 1105K(1408K)->1105K(1408K)
[2026-01-16T10:36:48.934+0000][gc          ] GC(1187) Pause Young (Normal) (G1 Evacuation Pause) 721M->109M(1024M) 201.578ms
[2026-01-16T10:36:48.934+0000][gc,cpu      ] GC(1187) User=0.25s Sys=0.05s Real=0.20s
[2026-01-16T10:37:39.633+0000][gc,start    ] GC(1188) Pause Young (Normal) (G1 Evacuation Pause)
[2026-01-16T10:37:39.636+0000][gc,task     ] GC(1188) Using 8 workers of 8 for evacuation
[2026-01-16T10:37:39.752+0000][gc,phases   ] GC(1188)   Pre Evacuate Collection Set: 19.4ms
[2026-01-16T10:37:39.753+0000][gc,phases   ] GC(1188)   Merge Heap Roots: 1.0ms
[2026-01-16T10:37:39.753+0000][gc,phases   ] GC(1188)   Evacuate Collection Set: 74.1ms
[2026-01-16T10:37:39.755+0000][gc,phases   ] GC(1188)   Post Evacuate Collection Set: 15.9ms
[2026-01-16T10:37:39.755+0000][gc,phases   ] GC(1188)   Other: 6.0ms
[2026-01-16T10:37:39.758+0000][gc,heap     ] GC(1188) Eden regions: 612->0(612)
[2026-01-16T10:37:39.760+0000][gc,heap     ] GC(1188) Survivor regions: 2->2(77)
[2026-01-16T10:37:39.760+0000][gc,heap     ] GC(1188) Old regions: 71->71
[2026-01-16T10:37:39.760+0000][gc,heap     ] GC(1188) Humongous regions: 38->38
[2026-01-16T10:37:39.761+0000][gc,metaspace] GC(1188) Metaspace: 13124K(13696K)->13124K(13696K) NonClass: 12019K(12288K)->12019K(12288K) Class: 1105K(1408K)->1105K(1408K)
[2026-01-16T10:37:39.761+0000][gc          ] GC(1188) Pause Young (Normal) (G1 Evacuation Pause) 721M->109M(1024M) 127.996ms
[2026-01-16T10:37:39.762+0000][gc,cpu      ] GC(1188) User=0.26s Sys=0.05s Real=0.13s
[2026-01-16T10:38:36.465+0000][gc,start    ] GC(1189) Pause Young (Normal) (G1 Evacuation Pause)
[2026-01-16T10:38:36.470+0000][gc,task     ] GC(1189) Using 8 workers of 8 for evacuation
[2026-01-16T10:38:36.581+0000][gc,phases   ] GC(1189)   Pre Evacuate Collection Set: 48.6ms
[2026-01-16T10:38:36.581+0000][gc,phases   ] GC(1189)   Merge Heap Roots: 1.8ms
[2026-01-16T10:38:36.581+0000][gc,phases   ] GC(1189)   Evacuate Collection Set: 43.0ms
[2026-01-16T10:38:36.581+0000][gc,phases   ] GC(1189)   Post Evacuate Collection Set: 15.8ms
[2026-01-16T10:38:36.582+0000][gc,phases   ] GC(1189)   Other: 2.7ms
[2026-01-16T10:38:36.583+0000][gc,heap     ] GC(1189) Eden regions: 612->0(613)
[2026-01-16T10:38:36.584+0000][gc,heap     ] GC(1189) Survivor regions: 2->1(77)
[2026-01-16T10:38:36.584+0000][gc,heap     ] GC(1189) Old regions: 71->71
[2026-01-16T10:38:36.584+0000][gc,heap     ] GC(1189) Humongous regions: 38->38
[2026-01-16T10:38:36.585+0000][gc,metaspace] GC(1189) Metaspace: 13124K(13696K)->13124K(13696K) NonClass: 12019K(12288K)->12019K(12288K) Class: 1105K(1408K)->1105K(1408K)
[2026-01-16T10:38:36.586+0000][gc          ] GC(1189) Pause Young (Normal) (G1 Evacuation Pause) 721M->108M(1024M) 121.063ms
[2026-01-16T10:38:36.588+0000][gc,cpu      ] GC(1189) User=0.25s Sys=0.03s Real=0.12s
[2026-01-16T10:39:26.590+0000][gc,start    ] GC(1190) Pause Young (Normal) (G1 Evacuation Pause)
[2026-01-16T10:39:26.597+0000][gc,task     ] GC(1190) Using 8 workers of 8 for evacuation
[2026-01-16T10:39:26.637+0000][gc,phases   ] GC(1190)   Pre Evacuate Collection Set: 9.3ms
[2026-01-16T10:39:26.637+0000][gc,phases   ] GC(1190)   Merge Heap Roots: 1.2ms
[2026-01-16T10:39:26.637+0000][gc,phases   ] GC(1190)   Evacuate Collection Set: 19.3ms
[2026-01-16T10:39:26.637+0000][gc,phases   ] GC(1190)   Post Evacuate Collection Set: 9.4ms
[2026-01-16T10:39:26.637+0000][gc,phases   ] GC(1190)   Other: 1.2ms
[2026-01-16T10:39:26.637+0000][gc,heap     ] GC(1190) Eden regions: 613->0(612)
[2026-01-16T10:39:26.638+0000][gc,heap     ] GC(1190) Survivor regions: 1->2(77)
[2026-01-16T10:39:26.638+0000][gc,heap     ] GC(1190) Old regions: 71->71
[2026-01-16T10:39:26.638+0000][gc,heap     ] GC(1190) Humongous regions: 38->38
[2026-01-16T10:39:26.638+0000][gc,metaspace] GC(1190) Metaspace: 13124K(13696K)->13124K(13696K) NonClass: 12019K(12288K)->12019K(12288K) Class: 1105K(1408K)->1105K(1408K)
[2026-01-16T10:39:26.638+0000][gc          ] GC(1190) Pause Young (Normal) (G1 Evacuation Pause) 721M->109M(1024M) 48.180ms
[2026-01-16T10:39:26.639+0000][gc,cpu      ] GC(1190) User=0.13s Sys=0.01s Real=0.05s
[2026-01-16T10:40:16.950+0000][gc,start    ] GC(1191) Pause Young (Normal) (G1 Evacuation Pause)
[2026-01-16T10:40:16.950+0000][gc,task     ] GC(1191) Using 8 workers of 8 for evacuation
[2026-01-16T10:40:16.973+0000][gc,phases   ] GC(1191)   Pre Evacuate Collection Set: 2.8ms
[2026-01-16T10:40:16.973+0000][gc,phases   ] GC(1191)   Merge Heap Roots: 0.8ms
[2026-01-16T10:40:16.974+0000][gc,phases   ] GC(1191)   Evacuate Collection Set: 10.2ms
[2026-01-16T10:40:16.974+0000][gc,phases   ] GC(1191)   Post Evacuate Collection Set: 8.7ms
[2026-01-16T10:40:16.974+0000][gc,phases   ] GC(1191)   Other: 0.6ms
[2026-01-16T10:40:16.974+0000][gc,heap     ] GC(1191) Eden regions: 612->0(612)
[2026-01-16T10:40:16.974+0000][gc,heap     ] GC(1191) Survivor regions: 2->2(77)
[2026-01-16T10:40:16.974+0000][gc,heap     ] GC(1191) Old regions: 71->71
[2026-01-16T10:40:16.974+0000][gc,heap     ] GC(1191) Humongous regions: 38->38
[2026-01-16T10:40:16.974+0000][gc,metaspace] GC(1191) Metaspace: 13124K(13696K)->13124K(13696K) NonClass: 12019K(12288K)->12019K(12288K) Class: 1105K(1408K)->1105K(1408K)
[2026-01-16T10:40:16.974+0000][gc          ] GC(1191) Pause Young (Normal) (G1 Evacuation Pause) 721M->109M(1024M) 24.481ms
[2026-01-16T10:40:16.974+0000][gc,cpu      ] GC(1191) User=0.14s Sys=0.01s Real=0.02s
[2026-01-16T10:41:06.930+0000][gc,start    ] GC(1192) Pause Young (Normal) (G1 Evacuation Pause)
[2026-01-16T10:41:06.930+0000][gc,task     ] GC(1192) Using 8 workers of 8 for evacuation
[2026-01-16T10:41:06.964+0000][gc,phases   ] GC(1192)   Pre Evacuate Collection Set: 1.9ms
[2026-01-16T10:41:06.964+0000][gc,phases   ] GC(1192)   Merge Heap Roots: 1.0ms
[2026-01-16T10:41:06.964+0000][gc,phases   ] GC(1192)   Evacuate Collection Set: 17.0ms
[2026-01-16T10:41:06.964+0000][gc,phases   ] GC(1192)   Post Evacuate Collection Set: 13.5ms
[2026-01-16T10:41:06.965+0000][gc,phases   ] GC(1192)   Other: 0.5ms
[2026-01-16T10:41:06.965+0000][gc,heap     ] GC(1192) Eden regions: 612->0(612)
[2026-01-16T10:41:06.965+0000][gc,heap     ] GC(1192) Survivor regions: 2->2(77)
[2026-01-16T10:41:06.965+0000][gc,heap     ] GC(1192) Old regions: 71->71
[2026-01-16T10:41:06.965+0000][gc,heap     ] GC(1192) Humongous regions: 38->38
[2026-01-16T10:41:06.965+0000][gc,metaspace] GC(1192) Metaspace: 13124K(13696K)->13124K(13696K) NonClass: 12019K(12288K)->12019K(12288K) Class: 1105K(1408K)->1105K(1408K)
[2026-01-16T10:41:06.965+0000][gc          ] GC(1192) Pause Young (Normal) (G1 Evacuation Pause) 721M->110M(1024M) 35.345ms
[2026-01-16T10:41:06.965+0000][gc,cpu      ] GC(1192) User=0.18s Sys=0.02s Real=0.03s
[2026-01-16T10:42:06.238+0000][gc,start    ] GC(1193) Pause Young (Normal) (G1 Evacuation Pause)
[2026-01-16T10:42:06.239+0000][gc,task     ] GC(1193) Using 8 workers of 8 for evacuation
[2026-01-16T10:42:06.266+0000][gc,phases   ] GC(1193)   Pre Evacuate Collection Set: 3.8ms
[2026-01-16T10:42:06.267+0000][gc,phases   ] GC(1193)   Merge Heap Roots: 1.1ms
[2026-01-16T10:42:06.267+0000][gc,phases   ] GC(1193)   Evacuate Collection Set: 15.7ms
[2026-01-16T10:42:06.267+0000][gc,phases   ] GC(1193)   Post Evacuate Collection Set: 4.2ms
[2026-01-16T10:42:06.267+0000][gc,phases   ] GC(1193)   Other: 1.2ms
[2026-01-16T10:42:06.268+0000][gc,heap     ] GC(1193) Eden regions: 612->0(613)
[2026-01-16T10:42:06.268+0000][gc,heap     ] GC(1193) Survivor regions: 2->1(77)
[2026-01-16T10:42:06.268+0000][gc,heap     ] GC(1193) Old regions: 71->71
[2026-01-16T10:42:06.268+0000][gc,heap     ] GC(1193) Humongous regions: 38->38
[2026-01-16T10:42:06.268+0000][gc,metaspace] GC(1193) Metaspace: 13124K(13696K)->13124K(13696K) NonClass: 12019K(12288K)->12019K(12288K) Class: 1105K(1408K)->1105K(1408K)
[2026-01-16T10:42:06.268+0000][gc          ] GC(1193) Pause Young (Normal) (G1 Evacuation Pause) 722M->109M(1024M) 29.869ms
[2026-01-16T10:42:06.268+0000][gc,cpu      ] GC(1193) User=0.11s Sys=0.01s Real=0.03s
[2026-01-16T10:42:59.544+0000][gc,start    ] GC(1194) Pause Young (Normal) (G1 Evacuation Pause)
[2026-01-16T10:42:59.553+0000][gc,task     ] GC(1194) Using 8 workers of 8 for evacuation
[2026-01-16T10:42:59.709+0000][gc,phases   ] GC(1194)   Pre Evacuate Collection Set: 37.6ms
[2026-01-16T10:42:59.709+0000][gc,phases   ] GC(1194)   Merge Heap Roots: 5.8ms
[2026-01-16T10:42:59.709+0000][gc,phases   ] GC(1194)   Evacuate Collection Set: 76.7ms
[2026-01-16T10:42:59.709+0000][gc,phases   ] GC(1194)   Post Evacuate Collection Set: 27.6ms
[2026-01-16T10:42:59.709+0000][gc,phases   ] GC(1194)   Other: 6.9ms
[2026-01-16T10:42:59.710+0000][gc,heap     ] GC(1194) Eden regions: 613->0(612)
[2026-01-16T10:42:59.710+0000][gc,heap     ] GC(1194) Survivor regions: 1->2(77)
[2026-01-16T10:42:59.711+0000][gc,heap     ] GC(1194) Old regions: 71->71
[2026-01-16T10:42:59.711+0000][gc,heap     ] GC(1194) Humongous regions: 38->38
[2026-01-16T10:42:59.712+0000][gc,metaspace] GC(1194) Metaspace: 13124K(13696K)->13124K(13696K) NonClass: 12019K(12288K)->12019K(12288K) Class: 1105K(1408K)->1105K(1408K)
[2026-01-16T10:42:59.714+0000][gc          ] GC(1194) Pause Young (Normal) (G1 Evacuation Pause) 722M->109M(1024M) 169.749ms
[2026-01-16T10:42:59.714+0000][gc,cpu      ] GC(1194) User=0.24s Sys=0.03s Real=0.17s
[2026-01-16T10:44:04.080+0000][gc,start    ] GC(1195) Pause Young (Normal) (G1 Evacuation Pause)
[2026-01-16T10:44:04.126+0000][gc,task     ] GC(1195) Using 8 workers of 8 for evacuation
[2026-01-16T10:44:05.003+0000][gc,mmu      ] GC(1195) MMU target violated: 201.0ms (200.0ms/201.0ms)
[2026-01-16T10:44:05.004+0000][gc,phases   ] GC(1195)   Pre Evacuate Collection Set: 90.7ms
[2026-01-16T10:44:05.005+0000][gc,phases   ] GC(1195)   Merge Heap Roots: 40.6ms
[2026-01-16T10:44:05.005+0000][gc,phases   ] GC(1195)   Evacuate Collection Set: 715.2ms
[2026-01-16T10:44:05.005+0000][gc,phases   ] GC(1195)   Post Evacuate Collection Set: 23.6ms
[2026-01-16T10:44:05.005+0000][gc,phases   ] GC(1195)   Other: 8.8ms
[2026-01-16T10:44:05.005+0000][gc,heap     ] GC(1195) Eden regions: 612->0(49)
[2026-01-16T10:44:05.006+0000][gc,heap     ] GC(1195) Survivor regions: 2->2(77)
[2026-01-16T10:44:05.006+0000][gc,heap     ] GC(1195) Old regions: 71->71
[2026-01-16T10:44:05.007+0000][gc,heap     ] GC(1195) Humongous regions: 38->38
[2026-01-16T10:44:05.007+0000][gc,metaspace] GC(1195) Metaspace: 13126K(13696K)->13126K(13696K) NonClass: 12020K(12288K)->12020K(12288K) Class: 1105K(1408K)->1105K(1408K)
[2026-01-16T10:44:05.007+0000][gc          ] GC(1195) Pause Young (Normal) (G1 Evacuation Pause) 721M->110M(1024M) 927.447ms
[2026-01-16T10:44:05.008+0000][gc,cpu      ] GC(1195) User=0.49s Sys=0.04s Real=0.92s
[2026-01-16T10:44:07.124+0000][gc,start    ] GC(1196) Pause Young (Normal) (G1 Evacuation Pause)
[2026-01-16T10:44:07.152+0000][gc,task     ] GC(1196) Using 8 workers of 8 for evacuation
[2026-01-16T10:44:07.456+0000][gc,mmu      ] GC(1196) MMU target violated: 201.0ms (200.0ms/201.0ms)
[2026-01-16T10:44:07.458+0000][gc,phases   ] GC(1196)   Pre Evacuate Collection Set: 21.3ms
[2026-01-16T10:44:07.464+0000][gc,phases   ] GC(1196)   Merge Heap Roots: 6.3ms
[2026-01-16T10:44:07.465+0000][gc,phases   ] GC(1196)   Evacuate Collection Set: 257.6ms
[2026-01-16T10:44:07.465+0000][gc,phases   ] GC(1196)   Post Evacuate Collection Set: 15.0ms
[2026-01-16T10:44:07.466+0000][gc,phases   ] GC(1196)   Other: 27.9ms
[2026-01-16T10:44:07.466+0000][gc,heap     ] GC(1196) Eden regions: 49->0(48)
[2026-01-16T10:44:07.466+0000][gc,heap     ] GC(1196) Survivor regions: 2->3(7)
[2026-01-16T10:44:07.466+0000][gc,heap     ] GC(1196) Old regions: 71->71
[2026-01-16T10:44:07.467+0000][gc,heap     ] GC(1196) Humongous regions: 38->38
[2026-01-16T10:44:07.469+0000][gc,metaspace] GC(1196) Metaspace: 13126K(13696K)->13126K(13696K) NonClass: 12020K(12288K)->12020K(12288K) Class: 1105K(1408K)->1105K(1408K)
[2026-01-16T10:44:07.469+0000][gc          ] GC(1196) Pause Young (Normal) (G1 Evacuation Pause) 159M->110M(1024M) 345.435ms
[2026-01-16T10:44:07.469+0000][gc,cpu      ] GC(1196) User=0.20s Sys=0.01s Real=0.35s
[2026-01-16T10:44:09.494+0000][gc,start    ] GC(1197) Pause Young (Normal) (G1 Evacuation Pause)
[2026-01-16T10:44:09.504+0000][gc,task     ] GC(1197) Using 8 workers of 8 for evacuation
[2026-01-16T10:44:09.942+0000][gc,mmu      ] GC(1197) MMU target violated: 201.0ms (200.0ms/201.0ms)
[2026-01-16T10:44:09.943+0000][gc,phases   ] GC(1197)   Pre Evacuate Collection Set: 93.9ms
[2026-01-16T10:44:09.946+0000][gc,phases   ] GC(1197)   Merge Heap Roots: 26.6ms
[2026-01-16T10:44:09.947+0000][gc,phases   ] GC(1197)   Evacuate Collection Set: 285.5ms
[2026-01-16T10:44:09.948+0000][gc,phases   ] GC(1197)   Post Evacuate Collection Set: 26.9ms
[2026-01-16T10:44:09.950+0000][gc,phases   ] GC(1197)   Other: 13.8ms
[2026-01-16T10:44:09.952+0000][gc,heap     ] GC(1197) Eden regions: 48->0(48)
[2026-01-16T10:44:09.953+0000][gc,heap     ] GC(1197) Survivor regions: 3->3(7)
[2026-01-16T10:44:09.955+0000][gc,heap     ] GC(1197) Old regions: 71->71
[2026-01-16T10:44:09.955+0000][gc,heap     ] GC(1197) Humongous regions: 38->38
[2026-01-16T10:44:09.955+0000][gc,metaspace] GC(1197) Metaspace: 13126K(13696K)->13126K(13696K) NonClass: 12020K(12288K)->12020K(12288K) Class: 1105K(1408K)->1105K(1408K)
[2026-01-16T10:44:09.956+0000][gc          ] GC(1197) Pause Young (Normal) (G1 Evacuation Pause) 158M->111M(1024M) 461.717ms
[2026-01-16T10:44:09.956+0000][gc,cpu      ] GC(1197) User=0.23s Sys=0.04s Real=0.46s
[2026-01-16T10:44:11.622+0000][gc,start    ] GC(1198) Pause Young (Normal) (G1 Evacuation Pause)
[2026-01-16T10:44:11.632+0000][gc,task     ] GC(1198) Using 8 workers of 8 for evacuation
[2026-01-16T10:44:11.757+0000][gc,phases   ] GC(1198)   Pre Evacuate Collection Set: 23.2ms
[2026-01-16T10:44:11.757+0000][gc,phases   ] GC(1198)   Merge Heap Roots: 1.0ms
[2026-01-16T10:44:11.758+0000][gc,phases   ] GC(1198)   Evacuate Collection Set: 98.1ms
[2026-01-16T10:44:11.758+0000][gc,phases   ] GC(1198)   Post Evacuate Collection Set: 2.2ms
[2026-01-16T10:44:11.759+0000][gc,phases   ] GC(1198)   Other: 3.5ms
[2026-01-16T10:44:11.759+0000][gc,heap     ] GC(1198) Eden regions: 48->0(48)
[2026-01-16T10:44:11.760+0000][gc,heap     ] GC(1198) Survivor regions: 3->3(7)
[2026-01-16T10:44:11.761+0000][gc,heap     ] GC(1198) Old regions: 71->71
[2026-01-16T10:44:11.762+0000][gc,heap     ] GC(1198) Humongous regions: 38->38
[2026-01-16T10:44:11.763+0000][gc,metaspace] GC(1198) Metaspace: 13126K(13696K)->13126K(13696K) NonClass: 12020K(12288K)->12020K(12288K) Class: 1105K(1408K)->1105K(1408K)
[2026-01-16T10:44:11.766+0000][gc          ] GC(1198) Pause Young (Normal) (G1 Evacuation Pause) 159M->110M(1024M) 144.132ms
[2026-01-16T10:44:11.777+0000][gc,cpu      ] GC(1198) User=0.12s Sys=0.01s Real=0.15s
[2026-01-16T10:44:13.796+0000][gc,start    ] GC(1199) Pause Young (Normal) (G1 Evacuation Pause)
[2026-01-16T10:44:13.799+0000][gc,task     ] GC(1199) Using 8 workers of 8 for evacuation
[2026-01-16T10:44:13.990+0000][gc,phases   ] GC(1199)   Pre Evacuate Collection Set: 41.4ms
[2026-01-16T10:44:13.991+0000][gc,phases   ] GC(1199)   Merge Heap Roots: 7.3ms
[2026-01-16T10:44:13.992+0000][gc,phases   ] GC(1199)   Evacuate Collection Set: 129.2ms
[2026-01-16T10:44:13.995+0000][gc,phases   ] GC(1199)   Post Evacuate Collection Set: 11.7ms
[2026-01-16T10:44:13.996+0000][gc,phases   ] GC(1199)   Other: 1.2ms
[2026-01-16T10:44:13.998+0000][gc,heap     ] GC(1199) Eden regions: 48->0(49)
[2026-01-16T10:44:14.000+0000][gc,heap     ] GC(1199) Survivor regions: 3->2(7)
[2026-01-16T10:44:14.004+0000][gc,heap     ] GC(1199) Old regions: 71->71
[2026-01-16T10:44:14.008+0000][gc,heap     ] GC(1199) Humongous regions: 38->38
[2026-01-16T10:44:14.011+0000][gc,metaspace] GC(1199) Metaspace: 13126K(13696K)->13126K(13696K) NonClass: 12020K(12288K)->12020K(12288K) Class: 1105K(1408K)->1105K(1408K)
[2026-01-16T10:44:14.014+0000][gc          ] GC(1199) Pause Young (Normal) (G1 Evacuation Pause) 158M->109M(1024M) 217.387ms
[2026-01-16T10:44:14.017+0000][gc,cpu      ] GC(1199) User=0.10s Sys=0.00s Real=0.22s
[2026-01-16T10:44:14.987+0000][gc,start    ] GC(1200) Pause Young (Normal) (G1 Evacuation Pause)
[2026-01-16T10:44:14.989+0000][gc,task     ] GC(1200) Using 8 workers of 8 for evacuation
[2026-01-16T10:44:15.067+0000][gc,phases   ] GC(1200)   Pre Evacuate Collection Set: 5.2ms
[2026-01-16T10:44:15.069+0000][gc,phases   ] GC(1200)   Merge Heap Roots: 0.2ms
[2026-01-16T10:44:15.069+0000][gc,phases   ] GC(1200)   Evacuate Collection Set: 63.4ms
[2026-01-16T10:44:15.071+0000][gc,phases   ] GC(1200)   Post Evacuate Collection Set: 4.0ms
[2026-01-16T10:44:15.071+0000][gc,phases   ] GC(1200)   Other: 4.9ms
[2026-01-16T10:44:15.072+0000][gc,heap     ] GC(1200) Eden regions: 49->0(49)
[2026-01-16T10:44:15.075+0000][gc,heap     ] GC(1200) Survivor regions: 2->2(7)
[2026-01-16T10:44:15.075+0000][gc,heap     ] GC(1200) Old regions: 71->71
[2026-01-16T10:44:15.079+0000][gc,heap     ] GC(1200) Humongous regions: 38->38
[2026-01-16T10:44:15.081+0000][gc,metaspace] GC(1200) Metaspace: 13126K(13696K)->13126K(13696K) NonClass: 12020K(12288K)->12020K(12288K) Class: 1105K(1408K)->1105K(1408K)
[2026-01-16T10:44:15.081+0000][gc          ] GC(1200) Pause Young (Normal) (G1 Evacuation Pause) 158M->110M(1024M) 94.905ms
[2026-01-16T10:44:15.082+0000][gc,cpu      ] GC(1200) User=0.04s Sys=0.00s Real=0.10s
[2026-01-16T10:44:17.426+0000][gc,start    ] GC(1201) Pause Young (Normal) (G1 Evacuation Pause)
[2026-01-16T10:44:17.430+0000][gc,task     ] GC(1201) Using 8 workers of 8 for evacuation
[2026-01-16T10:44:17.513+0000][gc,phases   ] GC(1201)   Pre Evacuate Collection Set: 11.4ms
[2026-01-16T10:44:17.514+0000][gc,phases   ] GC(1201)   Merge Heap Roots: 3.9ms
[2026-01-16T10:44:17.514+0000][gc,phases   ] GC(1201)   Evacuate Collection Set: 48.0ms
[2026-01-16T10:44:17.514+0000][gc,phases   ] GC(1201)   Post Evacuate Collection Set: 17.0ms
[2026-01-16T10:44:17.514+0000][gc,phases   ] GC(1201)   Other: 3.4ms
[2026-01-16T10:44:17.514+0000][gc,heap     ] GC(1201) Eden regions: 49->0(119)
[2026-01-16T10:44:17.514+0000][gc,heap     ] GC(1201) Survivor regions: 2->1(7)
[2026-01-16T10:44:17.515+0000][gc,heap     ] GC(1201) Old regions: 71->71
[2026-01-16T10:44:17.515+0000][gc,heap     ] GC(1201) Humongous regions: 38->38
[2026-01-16T10:44:17.515+0000][gc,metaspace] GC(1201) Metaspace: 13126K(13696K)->13126K(13696K) NonClass: 12020K(12288K)->12020K(12288K) Class: 1105K(1408K)->1105K(1408K)
[2026-01-16T10:44:17.516+0000][gc          ] GC(1201) Pause Young (Normal) (G1 Evacuation Pause) 159M->109M(1024M) 89.783ms
[2026-01-16T10:44:17.518+0000][gc,cpu      ] GC(1201) User=0.09s Sys=0.01s Real=0.09s
[2026-01-16T10:44:27.491+0000][gc,start    ] GC(1202) Pause Young (Normal) (G1 Evacuation Pause)
[2026-01-16T10:44:27.495+0000][gc,task     ] GC(1202) Using 8 workers of 8 for evacuation
[2026-01-16T10:44:27.617+0000][gc,phases   ] GC(1202)   Pre Evacuate Collection Set: 13.6ms
[2026-01-16T10:44:27.617+0000][gc,phases   ] GC(1202)   Merge Heap Roots: 5.6ms
[2026-01-16T10:44:27.618+0000][gc,phases   ] GC(1202)   Evacuate Collection Set: 79.3ms
[2026-01-16T10:44:27.619+0000][gc,phases   ] GC(1202)   Post Evacuate Collection Set: 22.6ms
[2026-01-16T10:44:27.621+0000][gc,phases   ] GC(1202)   Other: 1.2ms
[2026-01-16T10:44:27.622+0000][gc,heap     ] GC(1202) Eden regions: 110->0(158)
[2026-01-16T10:44:27.622+0000][gc,heap     ] GC(1202) Survivor regions: 1->1(14)
[2026-01-16T10:44:27.623+0000][gc,heap     ] GC(1202) Old regions: 71->71
[2026-01-16T10:44:27.624+0000][gc,heap     ] GC(1202) Humongous regions: 38->38
[2026-01-16T10:44:27.625+0000][gc,metaspace] GC(1202) Metaspace: 13129K(13696K)->13129K(13696K) NonClass: 12023K(12288K)->12023K(12288K) Class: 1105K(1408K)->1105K(1408K)
[2026-01-16T10:44:27.627+0000][gc          ] GC(1202) Pause Young (Normal) (G1 Evacuation Pause) 219M->109M(1024M) 135.877ms
[2026-01-16T10:44:27.628+0000][gc,cpu      ] GC(1202) User=0.18s Sys=0.02s Real=0.13s
[2026-01-16T10:44:39.224+0000][gc,start    ] GC(1203) Pause Young (Normal) (G1 Evacuation Pause)
[2026-01-16T10:44:39.228+0000][gc,task     ] GC(1203) Using 8 workers of 8 for evacuation
[2026-01-16T10:44:39.415+0000][gc,phases   ] GC(1203)   Pre Evacuate Collection Set: 8.4ms
[2026-01-16T10:44:39.416+0000][gc,phases   ] GC(1203)   Merge Heap Roots: 5.0ms
[2026-01-16T10:44:39.416+0000][gc,phases   ] GC(1203)   Evacuate Collection Set: 152.8ms
[2026-01-16T10:44:39.417+0000][gc,phases   ] GC(1203)   Post Evacuate Collection Set: 16.9ms
[2026-01-16T10:44:39.417+0000][gc,phases   ] GC(1203)   Other: 5.8ms
[2026-01-16T10:44:39.417+0000][gc,heap     ] GC(1203) Eden regions: 143->0(122)
[2026-01-16T10:44:39.418+0000][gc,heap     ] GC(1203) Survivor regions: 1->2(18)
[2026-01-16T10:44:39.418+0000][gc,heap     ] GC(1203) Old regions: 71->71
[2026-01-16T10:44:39.418+0000][gc,heap     ] GC(1203) Humongous regions: 38->38
[2026-01-16T10:44:39.418+0000][gc,metaspace] GC(1203) Metaspace: 13129K(13696K)->13129K(13696K) NonClass: 12023K(12288K)->12023K(12288K) Class: 1105K(1408K)->1105K(1408K)
[2026-01-16T10:44:39.419+0000][gc          ] GC(1203) Pause Young (Normal) (G1 Evacuation Pause) 252M->109M(1024M) 194.803ms
[2026-01-16T10:44:39.420+0000][gc,cpu      ] GC(1203) User=0.20s Sys=0.01s Real=0.20s
[2026-01-16T10:44:48.988+0000][gc,start    ] GC(1204) Pause Young (Normal) (G1 Evacuation Pause)
[2026-01-16T10:44:48.993+0000][gc,task     ] GC(1204) Using 8 workers of 8 for evacuation
[2026-01-16T10:44:49.159+0000][gc,phases   ] GC(1204)   Pre Evacuate Collection Set: 30.1ms
[2026-01-16T10:44:49.160+0000][gc,phases   ] GC(1204)   Merge Heap Roots: 7.9ms
[2026-01-16T10:44:49.160+0000][gc,phases   ] GC(1204)   Evacuate Collection Set: 109.4ms
[2026-01-16T10:44:49.161+0000][gc,phases   ] GC(1204)   Post Evacuate Collection Set: 14.2ms
[2026-01-16T10:44:49.163+0000][gc,phases   ] GC(1204)   Other: 7.2ms
[2026-01-16T10:44:49.164+0000][gc,heap     ] GC(1204) Eden regions: 121->0(229)
[2026-01-16T10:44:49.164+0000][gc,heap     ] GC(1204) Survivor regions: 2->2(16)
[2026-01-16T10:44:49.164+0000][gc,heap     ] GC(1204) Old regions: 71->71
[2026-01-16T10:44:49.164+0000][gc,heap     ] GC(1204) Humongous regions: 38->38
[2026-01-16T10:44:49.164+0000][gc,metaspace] GC(1204) Metaspace: 13129K(13696K)->13129K(13696K) NonClass: 12023K(12288K)->12023K(12288K) Class: 1105K(1408K)->1105K(1408K)
[2026-01-16T10:44:49.168+0000][gc          ] GC(1204) Pause Young (Normal) (G1 Evacuation Pause) 230M->109M(1024M) 180.062ms
[2026-01-16T10:44:49.169+0000][gc,cpu      ] GC(1204) User=0.14s Sys=0.01s Real=0.18s
[2026-01-16T10:45:10.828+0000][gc,start    ] GC(1205) Pause Young (Normal) (G1 Evacuation Pause)
[2026-01-16T10:45:10.830+0000][gc,task     ] GC(1205) Using 8 workers of 8 for evacuation
[2026-01-16T10:45:10.987+0000][gc,phases   ] GC(1205)   Pre Evacuate Collection Set: 21.1ms
[2026-01-16T10:45:10.992+0000][gc,phases   ] GC(1205)   Merge Heap Roots: 3.4ms
[2026-01-16T10:45:10.992+0000][gc,phases   ] GC(1205)   Evacuate Collection Set: 95.7ms
[2026-01-16T10:45:10.993+0000][gc,phases   ] GC(1205)   Post Evacuate Collection Set: 34.5ms
[2026-01-16T10:45:10.996+0000][gc,phases   ] GC(1205)   Other: 1.0ms
[2026-01-16T10:45:10.997+0000][gc,heap     ] GC(1205) Eden regions: 242->0(338)
[2026-01-16T10:45:10.997+0000][gc,heap     ] GC(1205) Survivor regions: 2->2(31)
[2026-01-16T10:45:11.001+0000][gc,heap     ] GC(1205) Old regions: 71->71
[2026-01-16T10:45:11.002+0000][gc,heap     ] GC(1205) Humongous regions: 38->38
[2026-01-16T10:45:11.004+0000][gc,metaspace] GC(1205) Metaspace: 13129K(13696K)->13129K(13696K) NonClass: 12023K(12288K)->12023K(12288K) Class: 1105K(1408K)->1105K(1408K)
[2026-01-16T10:45:11.008+0000][gc          ] GC(1205) Pause Young (Normal) (G1 Evacuation Pause) 351M->110M(1024M) 179.697ms
[2026-01-16T10:45:11.011+0000][gc,cpu      ] GC(1205) User=0.21s Sys=0.01s Real=0.19s
[2026-01-16T10:45:43.292+0000][gc,start    ] GC(1206) Pause Young (Normal) (G1 Evacuation Pause)
[2026-01-16T10:45:43.298+0000][gc,task     ] GC(1206) Using 8 workers of 8 for evacuation
[2026-01-16T10:45:43.645+0000][gc,mmu      ] GC(1206) MMU target violated: 201.0ms (200.0ms/201.0ms)
[2026-01-16T10:45:43.645+0000][gc,phases   ] GC(1206)   Pre Evacuate Collection Set: 53.2ms
[2026-01-16T10:45:43.646+0000][gc,phases   ] GC(1206)   Merge Heap Roots: 25.5ms
[2026-01-16T10:45:43.646+0000][gc,phases   ] GC(1206)   Evacuate Collection Set: 215.0ms
[2026-01-16T10:45:43.647+0000][gc,phases   ] GC(1206)   Post Evacuate Collection Set: 50.4ms
[2026-01-16T10:45:43.649+0000][gc,phases   ] GC(1206)   Other: 6.6ms
[2026-01-16T10:45:43.649+0000][gc,heap     ] GC(1206) Eden regions: 352->0(101)
[2026-01-16T10:45:43.650+0000][gc,heap     ] GC(1206) Survivor regions: 2->2(45)
[2026-01-16T10:45:43.650+0000][gc,heap     ] GC(1206) Old regions: 71->71
[2026-01-16T10:45:43.653+0000][gc,heap     ] GC(1206) Humongous regions: 38->38
[2026-01-16T10:45:43.653+0000][gc,metaspace] GC(1206) Metaspace: 13129K(13696K)->13129K(13696K) NonClass: 12023K(12288K)->12023K(12288K) Class: 1105K(1408K)->1105K(1408K)
[2026-01-16T10:45:43.654+0000][gc          ] GC(1206) Pause Young (Normal) (G1 Evacuation Pause) 462M->110M(1024M) 361.883ms
[2026-01-16T10:45:43.655+0000][gc,cpu      ] GC(1206) User=0.29s Sys=0.02s Real=0.37s
[2026-01-16T10:45:49.640+0000][gc,start    ] GC(1207) Pause Young (Normal) (G1 Evacuation Pause)
[2026-01-16T10:45:49.645+0000][gc,task     ] GC(1207) Using 8 workers of 8 for evacuation
[2026-01-16T10:45:49.908+0000][gc,mmu      ] GC(1207) MMU target violated: 201.0ms (200.0ms/201.0ms)
[2026-01-16T10:45:49.908+0000][gc,phases   ] GC(1207)   Pre Evacuate Collection Set: 33.3ms
[2026-01-16T10:45:49.908+0000][gc,phases   ] GC(1207)   Merge Heap Roots: 23.4ms
[2026-01-16T10:45:49.909+0000][gc,phases   ] GC(1207)   Evacuate Collection Set: 154.3ms
[2026-01-16T10:45:49.909+0000][gc,phases   ] GC(1207)   Post Evacuate Collection Set: 49.2ms
[2026-01-16T10:45:49.909+0000][gc,phases   ] GC(1207)   Other: 3.7ms
[2026-01-16T10:45:49.910+0000][gc,heap     ] GC(1207) Eden regions: 119->0(67)
[2026-01-16T10:45:49.910+0000][gc,heap     ] GC(1207) Survivor regions: 2->2(16)
[2026-01-16T10:45:49.910+0000][gc,heap     ] GC(1207) Old regions: 71->71
[2026-01-16T10:45:49.910+0000][gc,heap     ] GC(1207) Humongous regions: 38->38
[2026-01-16T10:45:49.911+0000][gc,metaspace] GC(1207) Metaspace: 13133K(13696K)->13133K(13696K) NonClass: 12028K(12288K)->12028K(12288K) Class: 1105K(1408K)->1105K(1408K)
[2026-01-16T10:45:49.915+0000][gc          ] GC(1207) Pause Young (Normal) (G1 Evacuation Pause) 229M->110M(1024M) 274.572ms
[2026-01-16T10:45:49.917+0000][gc,cpu      ] GC(1207) User=0.16s Sys=0.02s Real=0.27s
[2026-01-16T10:45:56.746+0000][gc,start    ] GC(1208) Pause Young (Normal) (G1 Evacuation Pause)
[2026-01-16T10:45:56.748+0000][gc,task     ] GC(1208) Using 8 workers of 8 for evacuation
[2026-01-16T10:45:56.862+0000][gc,phases   ] GC(1208)   Pre Evacuate Collection Set: 23.4ms
[2026-01-16T10:45:56.865+0000][gc,phases   ] GC(1208)   Merge Heap Roots: 0.8ms
[2026-01-16T10:45:56.866+0000][gc,phases   ] GC(1208)   Evacuate Collection Set: 84.3ms
[2026-01-16T10:45:56.867+0000][gc,phases   ] GC(1208)   Post Evacuate Collection Set: 4.2ms
[2026-01-16T10:45:56.867+0000][gc,phases   ] GC(1208)   Other: 1.7ms
[2026-01-16T10:45:56.867+0000][gc,heap     ] GC(1208) Eden regions: 71->0(390)
[2026-01-16T10:45:56.868+0000][gc,heap     ] GC(1208) Survivor regions: 2->1(10)
[2026-01-16T10:45:56.868+0000][gc,heap     ] GC(1208) Old regions: 71->71
[2026-01-16T10:45:56.869+0000][gc,heap     ] GC(1208) Humongous regions: 38->38
[2026-01-16T10:45:56.873+0000][gc,metaspace] GC(1208) Metaspace: 13133K(13696K)->13133K(13696K) NonClass: 12028K(12288K)->12028K(12288K) Class: 1105K(1408K)->1105K(1408K)
[2026-01-16T10:45:56.875+0000][gc          ] GC(1208) Pause Young (Normal) (G1 Evacuation Pause) 181M->109M(1024M) 128.626ms
[2026-01-16T10:45:56.875+0000][gc,cpu      ] GC(1208) User=0.09s Sys=0.01s Real=0.13s
[2026-01-16T10:46:30.359+0000][gc,start    ] GC(1209) Pause Young (Normal) (G1 Evacuation Pause)
[2026-01-16T10:46:30.368+0000][gc,task     ] GC(1209) Using 8 workers of 8 for evacuation
[2026-01-16T10:46:30.502+0000][gc,phases   ] GC(1209)   Pre Evacuate Collection Set: 19.4ms
[2026-01-16T10:46:30.502+0000][gc,phases   ] GC(1209)   Merge Heap Roots: 4.0ms
[2026-01-16T10:46:30.503+0000][gc,phases   ] GC(1209)   Evacuate Collection Set: 90.5ms
[2026-01-16T10:46:30.503+0000][gc,phases   ] GC(1209)   Post Evacuate Collection Set: 16.5ms
[2026-01-16T10:46:30.503+0000][gc,phases   ] GC(1209)   Other: 6.7ms
[2026-01-16T10:46:30.503+0000][gc,heap     ] GC(1209) Eden regions: 413->0(456)
[2026-01-16T10:46:30.503+0000][gc,heap     ] GC(1209) Survivor regions: 1->2(52)
[2026-01-16T10:46:30.504+0000][gc,heap     ] GC(1209) Old regions: 71->71
[2026-01-16T10:46:30.504+0000][gc,heap     ] GC(1209) Humongous regions: 38->38
[2026-01-16T10:46:30.504+0000][gc,metaspace] GC(1209) Metaspace: 13133K(13696K)->13133K(13696K) NonClass: 12028K(12288K)->12028K(12288K) Class: 1105K(1408K)->1105K(1408K)
[2026-01-16T10:46:30.505+0000][gc          ] GC(1209) Pause Young (Normal) (G1 Evacuation Pause) 522M->110M(1024M) 145.680ms
[2026-01-16T10:46:30.505+0000][gc,cpu      ] GC(1209) User=0.25s Sys=0.02s Real=0.15s
[2026-01-16T10:47:08.478+0000][gc,start    ] GC(1210) Pause Young (Normal) (G1 Evacuation Pause)
[2026-01-16T10:47:08.488+0000][gc,task     ] GC(1210) Using 8 workers of 8 for evacuation
[2026-01-16T10:47:09.031+0000][gc,mmu      ] GC(1210) MMU target violated: 201.0ms (200.0ms/201.0ms)
[2026-01-16T10:47:09.034+0000][gc,phases   ] GC(1210)   Pre Evacuate Collection Set: 35.4ms
[2026-01-16T10:47:09.035+0000][gc,phases   ] GC(1210)   Merge Heap Roots: 7.8ms
[2026-01-16T10:47:09.036+0000][gc,phases   ] GC(1210)   Evacuate Collection Set: 383.5ms
[2026-01-16T10:47:09.037+0000][gc,phases   ] GC(1210)   Post Evacuate Collection Set: 108.1ms
[2026-01-16T10:47:09.044+0000][gc,phases   ] GC(1210)   Other: 10.5ms
[2026-01-16T10:47:09.046+0000][gc,heap     ] GC(1210) Eden regions: 425->0(49)
[2026-01-16T10:47:09.048+0000][gc,heap     ] GC(1210) Survivor regions: 2->2(54)
[2026-01-16T10:47:09.048+0000][gc,heap     ] GC(1210) Old regions: 71->71
[2026-01-16T10:47:09.049+0000][gc,heap     ] GC(1210) Humongous regions: 38->38
[2026-01-16T10:47:09.050+0000][gc,metaspace] GC(1210) Metaspace: 13133K(13696K)->13133K(13696K) NonClass: 12028K(12288K)->12028K(12288K) Class: 1105K(1408K)->1105K(1408K)
[2026-01-16T10:47:09.052+0000][gc          ] GC(1210) Pause Young (Normal) (G1 Evacuation Pause) 535M->110M(1024M) 574.382ms
[2026-01-16T10:47:09.053+0000][gc,cpu      ] GC(1210) User=0.32s Sys=0.04s Real=0.58s
[2026-01-16T10:47:10.996+0000][gc,start    ] GC(1211) Pause Young (Normal) (G1 Evacuation Pause)
[2026-01-16T10:47:10.998+0000][gc,task     ] GC(1211) Using 8 workers of 8 for evacuation
[2026-01-16T10:47:11.087+0000][gc,phases   ] GC(1211)   Pre Evacuate Collection Set: 8.8ms
[2026-01-16T10:47:11.088+0000][gc,phases   ] GC(1211)   Merge Heap Roots: 2.6ms
[2026-01-16T10:47:11.088+0000][gc,phases   ] GC(1211)   Evacuate Collection Set: 60.2ms
[2026-01-16T10:47:11.088+0000][gc,phases   ] GC(1211)   Post Evacuate Collection Set: 16.1ms
[2026-01-16T10:47:11.089+0000][gc,phases   ] GC(1211)   Other: 1.9ms
[2026-01-16T10:47:11.090+0000][gc,heap     ] GC(1211) Eden regions: 49->0(61)
[2026-01-16T10:47:11.090+0000][gc,heap     ] GC(1211) Survivor regions: 2->1(7)
[2026-01-16T10:47:11.102+0000][gc,heap     ] GC(1211) Old regions: 71->71
[2026-01-16T10:47:11.102+0000][gc,heap     ] GC(1211) Humongous regions: 38->38
[2026-01-16T10:47:11.104+0000][gc,metaspace] GC(1211) Metaspace: 13133K(13696K)->13133K(13696K) NonClass: 12028K(12288K)->12028K(12288K) Class: 1105K(1408K)->1105K(1408K)
[2026-01-16T10:47:11.104+0000][gc          ] GC(1211) Pause Young (Normal) (G1 Evacuation Pause) 159M->109M(1024M) 108.450ms
[2026-01-16T10:47:11.105+0000][gc,cpu      ] GC(1211) User=0.07s Sys=0.00s Real=0.11s
[2026-01-16T10:47:17.947+0000][gc,start    ] GC(1212) Pause Young (Normal) (G1 Evacuation Pause)
[2026-01-16T10:47:17.948+0000][gc,task     ] GC(1212) Using 8 workers of 8 for evacuation
[2026-01-16T10:47:18.021+0000][gc,phases   ] GC(1212)   Pre Evacuate Collection Set: 10.4ms
[2026-01-16T10:47:18.021+0000][gc,phases   ] GC(1212)   Merge Heap Roots: 4.3ms
[2026-01-16T10:47:18.022+0000][gc,phases   ] GC(1212)   Evacuate Collection Set: 33.2ms
[2026-01-16T10:47:18.023+0000][gc,phases   ] GC(1212)   Post Evacuate Collection Set: 18.5ms
[2026-01-16T10:47:18.023+0000][gc,phases   ] GC(1212)   Other: 4.0ms
[2026-01-16T10:47:18.024+0000][gc,heap     ] GC(1212) Eden regions: 71->0(65)
[2026-01-16T10:47:18.024+0000][gc,heap     ] GC(1212) Survivor regions: 1->2(9)
[2026-01-16T10:47:18.024+0000][gc,heap     ] GC(1212) Old regions: 71->71
[2026-01-16T10:47:18.025+0000][gc,heap     ] GC(1212) Humongous regions: 38->38
[2026-01-16T10:47:18.026+0000][gc,metaspace] GC(1212) Metaspace: 13133K(13696K)->13133K(13696K) NonClass: 12028K(12288K)->12028K(12288K) Class: 1105K(1408K)->1105K(1408K)
[2026-01-16T10:47:18.028+0000][gc          ] GC(1212) Pause Young (Normal) (G1 Evacuation Pause) 180M->110M(1024M) 81.485ms
[2026-01-16T10:47:18.031+0000][gc,cpu      ] GC(1212) User=0.10s Sys=0.01s Real=0.09s
[2026-01-16T10:47:26.460+0000][gc,start    ] GC(1213) Pause Young (Normal) (G1 Evacuation Pause)
[2026-01-16T10:47:26.465+0000][gc,task     ] GC(1213) Using 8 workers of 8 for evacuation
[2026-01-16T10:47:26.543+0000][gc,phases   ] GC(1213)   Pre Evacuate Collection Set: 31.4ms
[2026-01-16T10:47:26.544+0000][gc,phases   ] GC(1213)   Merge Heap Roots: 2.7ms
[2026-01-16T10:47:26.545+0000][gc,phases   ] GC(1213)   Evacuate Collection Set: 23.6ms
[2026-01-16T10:47:26.546+0000][gc,phases   ] GC(1213)   Post Evacuate Collection Set: 16.7ms
[2026-01-16T10:47:26.546+0000][gc,phases   ] GC(1213)   Other: 4.3ms
[2026-01-16T10:47:26.546+0000][gc,heap     ] GC(1213) Eden regions: 70->0(166)
[2026-01-16T10:47:26.547+0000][gc,heap     ] GC(1213) Survivor regions: 2->1(9)
[2026-01-16T10:47:26.548+0000][gc,heap     ] GC(1213) Old regions: 71->71
[2026-01-16T10:47:26.548+0000][gc,heap     ] GC(1213) Humongous regions: 38->38
[2026-01-16T10:47:26.553+0000][gc,metaspace] GC(1213) Metaspace: 13133K(13696K)->13133K(13696K) NonClass: 12028K(12288K)->12028K(12288K) Class: 1105K(1408K)->1105K(1408K)
[2026-01-16T10:47:26.554+0000][gc          ] GC(1213) Pause Young (Normal) (G1 Evacuation Pause) 180M->109M(1024M) 93.594ms
[2026-01-16T10:47:26.554+0000][gc,cpu      ] GC(1213) User=0.09s Sys=0.01s Real=0.09s
[2026-01-16T10:47:38.276+0000][gc,start    ] GC(1214) Pause Young (Normal) (G1 Evacuation Pause)
[2026-01-16T10:47:38.278+0000][gc,task     ] GC(1214) Using 8 workers of 8 for evacuation
[2026-01-16T10:47:38.320+0000][gc,phases   ] GC(1214)   Pre Evacuate Collection Set: 5.6ms
[2026-01-16T10:47:38.320+0000][gc,phases   ] GC(1214)   Merge Heap Roots: 0.9ms
[2026-01-16T10:47:38.320+0000][gc,phases   ] GC(1214)   Evacuate Collection Set: 27.9ms
[2026-01-16T10:47:38.320+0000][gc,phases   ] GC(1214)   Post Evacuate Collection Set: 6.8ms
[2026-01-16T10:47:38.320+0000][gc,phases   ] GC(1214)   Other: 0.9ms
[2026-01-16T10:47:38.321+0000][gc,heap     ] GC(1214) Eden regions: 177->0(263)
[2026-01-16T10:47:38.321+0000][gc,heap     ] GC(1214) Survivor regions: 1->2(23)
[2026-01-16T10:47:38.321+0000][gc,heap     ] GC(1214) Old regions: 71->71
[2026-01-16T10:47:38.321+0000][gc,heap     ] GC(1214) Humongous regions: 38->38
[2026-01-16T10:47:38.321+0000][gc,metaspace] GC(1214) Metaspace: 13133K(13696K)->13133K(13696K) NonClass: 12028K(12288K)->12028K(12288K) Class: 1105K(1408K)->1105K(1408K)
[2026-01-16T10:47:38.322+0000][gc          ] GC(1214) Pause Young (Normal) (G1 Evacuation Pause) 286M->110M(1024M) 45.669ms
[2026-01-16T10:47:38.322+0000][gc,cpu      ] GC(1214) User=0.15s Sys=0.00s Real=0.05s
[2026-01-16T10:48:06.198+0000][gc,start    ] GC(1215) Pause Young (Normal) (G1 Evacuation Pause)
[2026-01-16T10:48:06.199+0000][gc,task     ] GC(1215) Using 8 workers of 8 for evacuation
[2026-01-16T10:48:06.262+0000][gc,phases   ] GC(1215)   Pre Evacuate Collection Set: 11.3ms
[2026-01-16T10:48:06.262+0000][gc,phases   ] GC(1215)   Merge Heap Roots: 2.4ms
[2026-01-16T10:48:06.262+0000][gc,phases   ] GC(1215)   Evacuate Collection Set: 38.2ms
[2026-01-16T10:48:06.262+0000][gc,phases   ] GC(1215)   Post Evacuate Collection Set: 11.3ms
[2026-01-16T10:48:06.263+0000][gc,phases   ] GC(1215)   Other: 0.7ms
[2026-01-16T10:48:06.263+0000][gc,heap     ] GC(1215) Eden regions: 271->0(540)
[2026-01-16T10:48:06.263+0000][gc,heap     ] GC(1215) Survivor regions: 2->1(35)
[2026-01-16T10:48:06.263+0000][gc,heap     ] GC(1215) Old regions: 71->71
[2026-01-16T10:48:06.263+0000][gc,heap     ] GC(1215) Humongous regions: 38->38
[2026-01-16T10:48:06.263+0000][gc,metaspace] GC(1215) Metaspace: 13133K(13696K)->13133K(13696K) NonClass: 12028K(12288K)->12028K(12288K) Class: 1105K(1408K)->1105K(1408K)
[2026-01-16T10:48:06.263+0000][gc          ] GC(1215) Pause Young (Normal) (G1 Evacuation Pause) 381M->109M(1024M) 65.326ms
[2026-01-16T10:48:06.263+0000][gc,cpu      ] GC(1215) User=0.15s Sys=0.01s Real=0.06s
[2026-01-16T10:48:47.147+0000][gc,start    ] GC(1216) Pause Young (Normal) (G1 Evacuation Pause)
[2026-01-16T10:48:47.148+0000][gc,task     ] GC(1216) Using 8 workers of 8 for evacuation
[2026-01-16T10:48:47.235+0000][gc,phases   ] GC(1216)   Pre Evacuate Collection Set: 7.8ms
[2026-01-16T10:48:47.235+0000][gc,phases   ] GC(1216)   Merge Heap Roots: 0.8ms
[2026-01-16T10:48:47.235+0000][gc,phases   ] GC(1216)   Evacuate Collection Set: 42.6ms
[2026-01-16T10:48:47.235+0000][gc,phases   ] GC(1216)   Post Evacuate Collection Set: 34.5ms
[2026-01-16T10:48:47.235+0000][gc,phases   ] GC(1216)   Other: 0.9ms
[2026-01-16T10:48:47.236+0000][gc,heap     ] GC(1216) Eden regions: 501->0(613)
[2026-01-16T10:48:47.236+0000][gc,heap     ] GC(1216) Survivor regions: 1->1(63)
[2026-01-16T10:48:47.236+0000][gc,heap     ] GC(1216) Old regions: 71->71
[2026-01-16T10:48:47.236+0000][gc,heap     ] GC(1216) Humongous regions: 38->38
[2026-01-16T10:48:47.236+0000][gc,metaspace] GC(1216) Metaspace: 13133K(13696K)->13133K(13696K) NonClass: 12028K(12288K)->12028K(12288K) Class: 1105K(1408K)->1105K(1408K)
[2026-01-16T10:48:47.237+0000][gc          ] GC(1216) Pause Young (Normal) (G1 Evacuation Pause) 610M->109M(1024M) 89.868ms
[2026-01-16T10:48:47.237+0000][gc,cpu      ] GC(1216) User=0.19s Sys=0.01s Real=0.09s
[2026-01-16T10:49:38.013+0000][gc,start    ] GC(1217) Pause Young (Normal) (G1 Evacuation Pause)
[2026-01-16T10:49:38.014+0000][gc,task     ] GC(1217) Using 8 workers of 8 for evacuation
[2026-01-16T10:49:38.063+0000][gc,phases   ] GC(1217)   Pre Evacuate Collection Set: 5.9ms
[2026-01-16T10:49:38.063+0000][gc,phases   ] GC(1217)   Merge Heap Roots: 0.8ms
[2026-01-16T10:49:38.063+0000][gc,phases   ] GC(1217)   Evacuate Collection Set: 31.2ms
[2026-01-16T10:49:38.064+0000][gc,phases   ] GC(1217)   Post Evacuate Collection Set: 10.7ms
[2026-01-16T10:49:38.064+0000][gc,phases   ] GC(1217)   Other: 1.1ms
[2026-01-16T10:49:38.064+0000][gc,heap     ] GC(1217) Eden regions: 613->0(612)
[2026-01-16T10:49:38.064+0000][gc,heap     ] GC(1217) Survivor regions: 1->2(77)
[2026-01-16T10:49:38.064+0000][gc,heap     ] GC(1217) Old regions: 71->72
[2026-01-16T10:49:38.064+0000][gc,heap     ] GC(1217) Humongous regions: 38->38
[2026-01-16T10:49:38.064+0000][gc,metaspace] GC(1217) Metaspace: 13133K(13696K)->13133K(13696K) NonClass: 12028K(12288K)->12028K(12288K) Class: 1105K(1408K)->1105K(1408K)
[2026-01-16T10:49:38.064+0000][gc          ] GC(1217) Pause Young (Normal) (G1 Evacuation Pause) 722M->110M(1024M) 51.469ms
[2026-01-16T10:49:38.064+0000][gc,cpu      ] GC(1217) User=0.25s Sys=0.02s Real=0.05s
[2026-01-16T10:50:35.894+0000][gc,start    ] GC(1218) Pause Young (Normal) (G1 Evacuation Pause)
[2026-01-16T10:50:35.895+0000][gc,task     ] GC(1218) Using 8 workers of 8 for evacuation
[2026-01-16T10:50:35.946+0000][gc,phases   ] GC(1218)   Pre Evacuate Collection Set: 11.8ms
[2026-01-16T10:50:35.947+0000][gc,phases   ] GC(1218)   Merge Heap Roots: 0.8ms
[2026-01-16T10:50:35.947+0000][gc,phases   ] GC(1218)   Evacuate Collection Set: 24.2ms
[2026-01-16T10:50:35.947+0000][gc,phases   ] GC(1218)   Post Evacuate Collection Set: 6.3ms
[2026-01-16T10:50:35.947+0000][gc,phases   ] GC(1218)   Other: 8.5ms
[2026-01-16T10:50:35.948+0000][gc,heap     ] GC(1218) Eden regions: 612->0(613)
[2026-01-16T10:50:35.948+0000][gc,heap     ] GC(1218) Survivor regions: 2->1(77)
[2026-01-16T10:50:35.948+0000][gc,heap     ] GC(1218) Old regions: 72->72
[2026-01-16T10:50:35.948+0000][gc,heap     ] GC(1218) Humongous regions: 38->38
[2026-01-16T10:50:35.948+0000][gc,metaspace] GC(1218) Metaspace: 13133K(13696K)->13133K(13696K) NonClass: 12028K(12288K)->12028K(12288K) Class: 1105K(1408K)->1105K(1408K)
[2026-01-16T10:50:35.949+0000][gc          ] GC(1218) Pause Young (Normal) (G1 Evacuation Pause) 722M->109M(1024M) 55.248ms
[2026-01-16T10:50:35.949+0000][gc,cpu      ] GC(1218) User=0.21s Sys=0.02s Real=0.05s
[2026-01-16T10:51:26.613+0000][gc,start    ] GC(1219) Pause Young (Normal) (G1 Evacuation Pause)
[2026-01-16T10:51:26.620+0000][gc,task     ] GC(1219) Using 8 workers of 8 for evacuation
[2026-01-16T10:51:26.674+0000][gc,phases   ] GC(1219)   Pre Evacuate Collection Set: 11.7ms
[2026-01-16T10:51:26.674+0000][gc,phases   ] GC(1219)   Merge Heap Roots: 2.9ms
[2026-01-16T10:51:26.674+0000][gc,phases   ] GC(1219)   Evacuate Collection Set: 28.3ms
[2026-01-16T10:51:26.674+0000][gc,phases   ] GC(1219)   Post Evacuate Collection Set: 9.6ms
[2026-01-16T10:51:26.674+0000][gc,phases   ] GC(1219)   Other: 1.6ms
[2026-01-16T10:51:26.674+0000][gc,heap     ] GC(1219) Eden regions: 613->0(613)
[2026-01-16T10:51:26.674+0000][gc,heap     ] GC(1219) Survivor regions: 1->1(77)
[2026-01-16T10:51:26.675+0000][gc,heap     ] GC(1219) Old regions: 72->72
[2026-01-16T10:51:26.675+0000][gc,heap     ] GC(1219) Humongous regions: 38->38
[2026-01-16T10:51:26.675+0000][gc,metaspace] GC(1219) Metaspace: 13134K(13696K)->13134K(13696K) NonClass: 12028K(12288K)->12028K(12288K) Class: 1105K(1408K)->1105K(1408K)
[2026-01-16T10:51:26.675+0000][gc          ] GC(1219) Pause Young (Normal) (G1 Evacuation Pause) 722M->109M(1024M) 61.821ms
[2026-01-16T10:51:26.675+0000][gc,cpu      ] GC(1219) User=0.13s Sys=0.01s Real=0.06s
[2026-01-16T10:52:16.686+0000][gc,start    ] GC(1220) Pause Young (Normal) (G1 Evacuation Pause)
[2026-01-16T10:52:16.688+0000][gc,task     ] GC(1220) Using 8 workers of 8 for evacuation
[2026-01-16T10:52:16.728+0000][gc,phases   ] GC(1220)   Pre Evacuate Collection Set: 8.2ms
[2026-01-16T10:52:16.728+0000][gc,phases   ] GC(1220)   Merge Heap Roots: 1.8ms
[2026-01-16T10:52:16.728+0000][gc,phases   ] GC(1220)   Evacuate Collection Set: 21.6ms
[2026-01-16T10:52:16.728+0000][gc,phases   ] GC(1220)   Post Evacuate Collection Set: 7.6ms
[2026-01-16T10:52:16.728+0000][gc,phases   ] GC(1220)   Other: 1.7ms
[2026-01-16T10:52:16.728+0000][gc,heap     ] GC(1220) Eden regions: 613->0(612)
[2026-01-16T10:52:16.728+0000][gc,heap     ] GC(1220) Survivor regions: 1->2(77)
[2026-01-16T10:52:16.728+0000][gc,heap     ] GC(1220) Old regions: 72->72
[2026-01-16T10:52:16.728+0000][gc,heap     ] GC(1220) Humongous regions: 38->38
[2026-01-16T10:52:16.728+0000][gc,metaspace] GC(1220) Metaspace: 13134K(13696K)->13134K(13696K) NonClass: 12028K(12288K)->12028K(12288K) Class: 1105K(1408K)->1105K(1408K)
[2026-01-16T10:52:16.729+0000][gc          ] GC(1220) Pause Young (Normal) (G1 Evacuation Pause) 722M->110M(1024M) 43.425ms
[2026-01-16T10:52:16.729+0000][gc,cpu      ] GC(1220) User=0.17s Sys=0.02s Real=0.05s
[2026-01-16T10:53:08.568+0000][gc,start    ] GC(1221) Pause Young (Normal) (G1 Evacuation Pause)
[2026-01-16T10:53:08.573+0000][gc,task     ] GC(1221) Using 8 workers of 8 for evacuation
[2026-01-16T10:53:08.678+0000][gc,phases   ] GC(1221)   Pre Evacuate Collection Set: 12.7ms
[2026-01-16T10:53:08.678+0000][gc,phases   ] GC(1221)   Merge Heap Roots: 0.6ms
[2026-01-16T10:53:08.678+0000][gc,phases   ] GC(1221)   Evacuate Collection Set: 67.2ms
[2026-01-16T10:53:08.680+0000][gc,phases   ] GC(1221)   Post Evacuate Collection Set: 22.6ms
[2026-01-16T10:53:08.680+0000][gc,phases   ] GC(1221)   Other: 2.0ms
[2026-01-16T10:53:08.681+0000][gc,heap     ] GC(1221) Eden regions: 612->0(612)
[2026-01-16T10:53:08.681+0000][gc,heap     ] GC(1221) Survivor regions: 2->2(77)
[2026-01-16T10:53:08.681+0000][gc,heap     ] GC(1221) Old regions: 72->72
[2026-01-16T10:53:08.681+0000][gc,heap     ] GC(1221) Humongous regions: 38->38
[2026-01-16T10:53:08.681+0000][gc,metaspace] GC(1221) Metaspace: 13134K(13696K)->13134K(13696K) NonClass: 12028K(12288K)->12028K(12288K) Class: 1105K(1408K)->1105K(1408K)
[2026-01-16T10:53:08.681+0000][gc          ] GC(1221) Pause Young (Normal) (G1 Evacuation Pause) 722M->110M(1024M) 113.277ms
[2026-01-16T10:53:08.682+0000][gc,cpu      ] GC(1221) User=0.18s Sys=0.03s Real=0.12s
[2026-01-16T10:54:07.125+0000][gc,start    ] GC(1222) Pause Young (Normal) (G1 Evacuation Pause)
[2026-01-16T10:54:07.136+0000][gc,task     ] GC(1222) Using 8 workers of 8 for evacuation
[2026-01-16T10:54:07.273+0000][gc,phases   ] GC(1222)   Pre Evacuate Collection Set: 44.7ms
[2026-01-16T10:54:07.273+0000][gc,phases   ] GC(1222)   Merge Heap Roots: 8.2ms
[2026-01-16T10:54:07.273+0000][gc,phases   ] GC(1222)   Evacuate Collection Set: 58.4ms
[2026-01-16T10:54:07.274+0000][gc,phases   ] GC(1222)   Post Evacuate Collection Set: 23.2ms
[2026-01-16T10:54:07.274+0000][gc,phases   ] GC(1222)   Other: 3.9ms
[2026-01-16T10:54:07.275+0000][gc,heap     ] GC(1222) Eden regions: 612->0(613)
[2026-01-16T10:54:07.276+0000][gc,heap     ] GC(1222) Survivor regions: 2->1(77)
[2026-01-16T10:54:07.276+0000][gc,heap     ] GC(1222) Old regions: 72->72
[2026-01-16T10:54:07.277+0000][gc,heap     ] GC(1222) Humongous regions: 38->38
[2026-01-16T10:54:07.277+0000][gc,metaspace] GC(1222) Metaspace: 13134K(13696K)->13134K(13696K) NonClass: 12028K(12288K)->12028K(12288K) Class: 1105K(1408K)->1105K(1408K)
[2026-01-16T10:54:07.280+0000][gc          ] GC(1222) Pause Young (Normal) (G1 Evacuation Pause) 722M->109M(1024M) 154.618ms
[2026-01-16T10:54:07.282+0000][gc,cpu      ] GC(1222) User=0.18s Sys=0.02s Real=0.16s
[2026-01-16T10:55:01.203+0000][gc,start    ] GC(1223) Pause Young (Normal) (G1 Evacuation Pause)
[2026-01-16T10:55:01.212+0000][gc,task     ] GC(1223) Using 8 workers of 8 for evacuation
[2026-01-16T10:55:01.645+0000][gc,mmu      ] GC(1223) MMU target violated: 201.0ms (200.0ms/201.0ms)
[2026-01-16T10:55:01.648+0000][gc,phases   ] GC(1223)   Pre Evacuate Collection Set: 67.2ms
[2026-01-16T10:55:01.649+0000][gc,phases   ] GC(1223)   Merge Heap Roots: 5.2ms
[2026-01-16T10:55:01.649+0000][gc,phases   ] GC(1223)   Evacuate Collection Set: 238.9ms
[2026-01-16T10:55:01.650+0000][gc,phases   ] GC(1223)   Post Evacuate Collection Set: 108.7ms
[2026-01-16T10:55:01.651+0000][gc,phases   ] GC(1223)   Other: 16.9ms
[2026-01-16T10:55:01.651+0000][gc,heap     ] GC(1223) Eden regions: 613->0(184)
[2026-01-16T10:55:01.653+0000][gc,heap     ] GC(1223) Survivor regions: 1->2(77)
[2026-01-16T10:55:01.654+0000][gc,heap     ] GC(1223) Old regions: 72->72
[2026-01-16T10:55:01.654+0000][gc,heap     ] GC(1223) Humongous regions: 38->38
[2026-01-16T10:55:01.655+0000][gc,metaspace] GC(1223) Metaspace: 13134K(13696K)->13134K(13696K) NonClass: 12028K(12288K)->12028K(12288K) Class: 1105K(1408K)->1105K(1408K)
[2026-01-16T10:55:01.656+0000][gc          ] GC(1223) Pause Young (Normal) (G1 Evacuation Pause) 722M->110M(1024M) 453.645ms
[2026-01-16T10:55:01.658+0000][gc,cpu      ] GC(1223) User=0.38s Sys=0.05s Real=0.46s
[2026-01-16T10:55:17.184+0000][gc,start    ] GC(1224) Pause Young (Normal) (G1 Evacuation Pause)
[2026-01-16T10:55:17.187+0000][gc,task     ] GC(1224) Using 8 workers of 8 for evacuation
[2026-01-16T10:55:17.241+0000][gc,phases   ] GC(1224)   Pre Evacuate Collection Set: 14.3ms
[2026-01-16T10:55:17.241+0000][gc,phases   ] GC(1224)   Merge Heap Roots: 8.3ms
[2026-01-16T10:55:17.241+0000][gc,phases   ] GC(1224)   Evacuate Collection Set: 19.6ms
[2026-01-16T10:55:17.241+0000][gc,phases   ] GC(1224)   Post Evacuate Collection Set: 10.4ms
[2026-01-16T10:55:17.242+0000][gc,phases   ] GC(1224)   Other: 1.6ms
[2026-01-16T10:55:17.242+0000][gc,heap     ] GC(1224) Eden regions: 204->0(613)
[2026-01-16T10:55:17.242+0000][gc,heap     ] GC(1224) Survivor regions: 2->1(26)
[2026-01-16T10:55:17.243+0000][gc,heap     ] GC(1224) Old regions: 72->72
[2026-01-16T10:55:17.243+0000][gc,heap     ] GC(1224) Humongous regions: 38->38
[2026-01-16T10:55:17.243+0000][gc,metaspace] GC(1224) Metaspace: 13134K(13696K)->13134K(13696K) NonClass: 12029K(12288K)->12029K(12288K) Class: 1105K(1408K)->1105K(1408K)
[2026-01-16T10:55:17.244+0000][gc          ] GC(1224) Pause Young (Normal) (G1 Evacuation Pause) 314M->109M(1024M) 59.293ms
[2026-01-16T10:55:17.244+0000][gc,cpu      ] GC(1224) User=0.12s Sys=0.01s Real=0.06s
[2026-01-16T10:56:06.893+0000][gc,start    ] GC(1225) Pause Young (Normal) (G1 Evacuation Pause)
[2026-01-16T10:56:06.895+0000][gc,task     ] GC(1225) Using 8 workers of 8 for evacuation
[2026-01-16T10:56:06.918+0000][gc,phases   ] GC(1225)   Pre Evacuate Collection Set: 3.7ms
[2026-01-16T10:56:06.918+0000][gc,phases   ] GC(1225)   Merge Heap Roots: 6.6ms
[2026-01-16T10:56:06.918+0000][gc,phases   ] GC(1225)   Evacuate Collection Set: 8.9ms
[2026-01-16T10:56:06.918+0000][gc,phases   ] GC(1225)   Post Evacuate Collection Set: 2.9ms
[2026-01-16T10:56:06.918+0000][gc,phases   ] GC(1225)   Other: 0.6ms
[2026-01-16T10:56:06.918+0000][gc,heap     ] GC(1225) Eden regions: 613->0(612)
[2026-01-16T10:56:06.918+0000][gc,heap     ] GC(1225) Survivor regions: 1->2(77)
[2026-01-16T10:56:06.919+0000][gc,heap     ] GC(1225) Old regions: 72->72
[2026-01-16T10:56:06.919+0000][gc,heap     ] GC(1225) Humongous regions: 38->38
[2026-01-16T10:56:06.919+0000][gc,metaspace] GC(1225) Metaspace: 13134K(13696K)->13134K(13696K) NonClass: 12029K(12288K)->12029K(12288K) Class: 1105K(1408K)->1105K(1408K)
[2026-01-16T10:56:06.919+0000][gc          ] GC(1225) Pause Young (Normal) (G1 Evacuation Pause) 722M->110M(1024M) 25.804ms
[2026-01-16T10:56:06.919+0000][gc,cpu      ] GC(1225) User=0.10s Sys=0.01s Real=0.03s
[2026-01-16T10:56:57.057+0000][gc,start    ] GC(1226) Pause Young (Normal) (G1 Evacuation Pause)
[2026-01-16T10:56:57.057+0000][gc,task     ] GC(1226) Using 8 workers of 8 for evacuation
[2026-01-16T10:56:57.080+0000][gc,phases   ] GC(1226)   Pre Evacuate Collection Set: 2.2ms
[2026-01-16T10:56:57.081+0000][gc,phases   ] GC(1226)   Merge Heap Roots: 0.5ms
[2026-01-16T10:56:57.081+0000][gc,phases   ] GC(1226)   Evacuate Collection Set: 16.0ms
[2026-01-16T10:56:57.081+0000][gc,phases   ] GC(1226)   Post Evacuate Collection Set: 3.4ms
[2026-01-16T10:56:57.081+0000][gc,phases   ] GC(1226)   Other: 0.6ms
[2026-01-16T10:56:57.081+0000][gc,heap     ] GC(1226) Eden regions: 612->0(612)
[2026-01-16T10:56:57.081+0000][gc,heap     ] GC(1226) Survivor regions: 2->2(77)
[2026-01-16T10:56:57.082+0000][gc,heap     ] GC(1226) Old regions: 72->72
[2026-01-16T10:56:57.082+0000][gc,heap     ] GC(1226) Humongous regions: 38->38
[2026-01-16T10:56:57.082+0000][gc,metaspace] GC(1226) Metaspace: 13134K(13696K)->13134K(13696K) NonClass: 12029K(12288K)->12029K(12288K) Class: 1105K(1408K)->1105K(1408K)
[2026-01-16T10:56:57.082+0000][gc          ] GC(1226) Pause Young (Normal) (G1 Evacuation Pause) 722M->110M(1024M) 25.115ms
[2026-01-16T10:56:57.082+0000][gc,cpu      ] GC(1226) User=0.12s Sys=0.01s Real=0.02s
[2026-01-16T10:57:56.079+0000][gc,start    ] GC(1227) Pause Young (Normal) (G1 Evacuation Pause)
[2026-01-16T10:57:56.081+0000][gc,task     ] GC(1227) Using 8 workers of 8 for evacuation
[2026-01-16T10:57:56.111+0000][gc,phases   ] GC(1227)   Pre Evacuate Collection Set: 3.2ms
[2026-01-16T10:57:56.111+0000][gc,phases   ] GC(1227)   Merge Heap Roots: 1.3ms
[2026-01-16T10:57:56.111+0000][gc,phases   ] GC(1227)   Evacuate Collection Set: 22.7ms
[2026-01-16T10:57:56.111+0000][gc,phases   ] GC(1227)   Post Evacuate Collection Set: 2.2ms
[2026-01-16T10:57:56.111+0000][gc,phases   ] GC(1227)   Other: 1.2ms
[2026-01-16T10:57:56.111+0000][gc,heap     ] GC(1227) Eden regions: 612->0(613)
[2026-01-16T10:57:56.111+0000][gc,heap     ] GC(1227) Survivor regions: 2->1(77)
[2026-01-16T10:57:56.111+0000][gc,heap     ] GC(1227) Old regions: 72->72
[2026-01-16T10:57:56.111+0000][gc,heap     ] GC(1227) Humongous regions: 38->38
[2026-01-16T10:57:56.111+0000][gc,metaspace] GC(1227) Metaspace: 13134K(13696K)->13134K(13696K) NonClass: 12029K(12288K)->12029K(12288K) Class: 1105K(1408K)->1105K(1408K)
[2026-01-16T10:57:56.112+0000][gc          ] GC(1227) Pause Young (Normal) (G1 Evacuation Pause) 722M->109M(1024M) 32.870ms
[2026-01-16T10:57:56.112+0000][gc,cpu      ] GC(1227) User=0.15s Sys=0.01s Real=0.03s
[2026-01-16T10:58:46.732+0000][gc,start    ] GC(1228) Pause Young (Normal) (G1 Evacuation Pause)
[2026-01-16T10:58:46.733+0000][gc,task     ] GC(1228) Using 8 workers of 8 for evacuation
[2026-01-16T10:58:46.801+0000][gc,phases   ] GC(1228)   Pre Evacuate Collection Set: 6.1ms
[2026-01-16T10:58:46.801+0000][gc,phases   ] GC(1228)   Merge Heap Roots: 6.8ms
[2026-01-16T10:58:46.801+0000][gc,phases   ] GC(1228)   Evacuate Collection Set: 27.6ms
[2026-01-16T10:58:46.801+0000][gc,phases   ] GC(1228)   Post Evacuate Collection Set: 22.1ms
[2026-01-16T10:58:46.801+0000][gc,phases   ] GC(1228)   Other: 5.4ms
[2026-01-16T10:58:46.801+0000][gc,heap     ] GC(1228) Eden regions: 613->0(612)
[2026-01-16T10:58:46.801+0000][gc,heap     ] GC(1228) Survivor regions: 1->2(77)
[2026-01-16T10:58:46.801+0000][gc,heap     ] GC(1228) Old regions: 72->72
[2026-01-16T10:58:46.801+0000][gc,heap     ] GC(1228) Humongous regions: 38->38
[2026-01-16T10:58:46.801+0000][gc,metaspace] GC(1228) Metaspace: 13136K(13696K)->13136K(13696K) NonClass: 12030K(12288K)->12030K(12288K) Class: 1105K(1408K)->1105K(1408K)
[2026-01-16T10:58:46.801+0000][gc          ] GC(1228) Pause Young (Normal) (G1 Evacuation Pause) 722M->110M(1024M) 69.687ms
[2026-01-16T10:58:46.801+0000][gc,cpu      ] GC(1228) User=0.23s Sys=0.02s Real=0.07s
[2026-01-16T10:59:38.268+0000][gc,start    ] GC(1229) Pause Young (Normal) (G1 Evacuation Pause)
[2026-01-16T10:59:38.268+0000][gc,task     ] GC(1229) Using 8 workers of 8 for evacuation
[2026-01-16T10:59:38.304+0000][gc,phases   ] GC(1229)   Pre Evacuate Collection Set: 3.3ms
[2026-01-16T10:59:38.304+0000][gc,phases   ] GC(1229)   Merge Heap Roots: 1.3ms
[2026-01-16T10:59:38.304+0000][gc,phases   ] GC(1229)   Evacuate Collection Set: 25.4ms
[2026-01-16T10:59:38.304+0000][gc,phases   ] GC(1229)   Post Evacuate Collection Set: 4.7ms
[2026-01-16T10:59:38.304+0000][gc,phases   ] GC(1229)   Other: 0.7ms
[2026-01-16T10:59:38.304+0000][gc,heap     ] GC(1229) Eden regions: 612->0(612)
[2026-01-16T10:59:38.304+0000][gc,heap     ] GC(1229) Survivor regions: 2->2(77)
[2026-01-16T10:59:38.304+0000][gc,heap     ] GC(1229) Old regions: 72->72
[2026-01-16T10:59:38.304+0000][gc,heap     ] GC(1229) Humongous regions: 38->38
[2026-01-16T10:59:38.304+0000][gc,metaspace] GC(1229) Metaspace: 13137K(13696K)->13137K(13696K) NonClass: 12032K(12288K)->12032K(12288K) Class: 1105K(1408K)->1105K(1408K)
[2026-01-16T10:59:38.305+0000][gc          ] GC(1229) Pause Young (Normal) (G1 Evacuation Pause) 722M->110M(1024M) 37.414ms
[2026-01-16T10:59:38.305+0000][gc,cpu      ] GC(1229) User=0.15s Sys=0.01s Real=0.04s
[2026-01-16T11:00:37.164+0000][gc,start    ] GC(1230) Pause Young (Normal) (G1 Evacuation Pause)
[2026-01-16T11:00:37.165+0000][gc,task     ] GC(1230) Using 8 workers of 8 for evacuation
[2026-01-16T11:00:37.526+0000][gc,mmu      ] GC(1230) MMU target violated: 201.0ms (200.0ms/201.0ms)
[2026-01-16T11:00:37.528+0000][gc,phases   ] GC(1230)   Pre Evacuate Collection Set: 47.9ms
[2026-01-16T11:00:37.529+0000][gc,phases   ] GC(1230)   Merge Heap Roots: 3.8ms
[2026-01-16T11:00:37.530+0000][gc,phases   ] GC(1230)   Evacuate Collection Set: 269.4ms
[2026-01-16T11:00:37.530+0000][gc,phases   ] GC(1230)   Post Evacuate Collection Set: 28.7ms
[2026-01-16T11:00:37.533+0000][gc,phases   ] GC(1230)   Other: 13.1ms
[2026-01-16T11:00:37.535+0000][gc,heap     ] GC(1230) Eden regions: 612->0(612)
[2026-01-16T11:00:37.537+0000][gc,heap     ] GC(1230) Survivor regions: 2->2(77)
[2026-01-16T11:00:37.537+0000][gc,heap     ] GC(1230) Old regions: 72->72
[2026-01-16T11:00:37.538+0000][gc,heap     ] GC(1230) Humongous regions: 38->38
[2026-01-16T11:00:37.541+0000][gc,metaspace] GC(1230) Metaspace: 13139K(13696K)->13139K(13696K) NonClass: 12034K(12288K)->12034K(12288K) Class: 1105K(1408K)->1105K(1408K)
[2026-01-16T11:00:37.549+0000][gc          ] GC(1230) Pause Young (Normal) (G1 Evacuation Pause) 722M->111M(1024M) 389.960ms
[2026-01-16T11:00:37.550+0000][gc,cpu      ] GC(1230) User=0.43s Sys=0.03s Real=0.39s
[2026-01-16T11:01:27.414+0000][gc,start    ] GC(1231) Pause Young (Normal) (G1 Evacuation Pause)
[2026-01-16T11:01:27.416+0000][gc,task     ] GC(1231) Using 8 workers of 8 for evacuation
[2026-01-16T11:01:27.585+0000][gc,phases   ] GC(1231)   Pre Evacuate Collection Set: 25.9ms
[2026-01-16T11:01:27.586+0000][gc,phases   ] GC(1231)   Merge Heap Roots: 2.0ms
[2026-01-16T11:01:27.587+0000][gc,phases   ] GC(1231)   Evacuate Collection Set: 110.5ms
[2026-01-16T11:01:27.587+0000][gc,phases   ] GC(1231)   Post Evacuate Collection Set: 30.1ms
[2026-01-16T11:01:27.587+0000][gc,phases   ] GC(1231)   Other: 1.4ms
[2026-01-16T11:01:27.588+0000][gc,heap     ] GC(1231) Eden regions: 612->0(612)
[2026-01-16T11:01:27.588+0000][gc,heap     ] GC(1231) Survivor regions: 2->2(77)
[2026-01-16T11:01:27.588+0000][gc,heap     ] GC(1231) Old regions: 72->72
[2026-01-16T11:01:27.588+0000][gc,heap     ] GC(1231) Humongous regions: 38->38
[2026-01-16T11:01:27.589+0000][gc,metaspace] GC(1231) Metaspace: 13140K(13696K)->13140K(13696K) NonClass: 12035K(12288K)->12035K(12288K) Class: 1105K(1408K)->1105K(1408K)
[2026-01-16T11:01:27.590+0000][gc          ] GC(1231) Pause Young (Normal) (G1 Evacuation Pause) 723M->110M(1024M) 176.185ms
[2026-01-16T11:01:27.591+0000][gc,cpu      ] GC(1231) User=0.19s Sys=0.01s Real=0.18s
[2026-01-16T11:02:17.678+0000][gc,start    ] GC(1232) Pause Young (Normal) (G1 Evacuation Pause)
[2026-01-16T11:02:17.681+0000][gc,task     ] GC(1232) Using 8 workers of 8 for evacuation
[2026-01-16T11:02:17.747+0000][gc,phases   ] GC(1232)   Pre Evacuate Collection Set: 10.1ms
[2026-01-16T11:02:17.747+0000][gc,phases   ] GC(1232)   Merge Heap Roots: 1.8ms
[2026-01-16T11:02:17.748+0000][gc,phases   ] GC(1232)   Evacuate Collection Set: 46.0ms
[2026-01-16T11:02:17.748+0000][gc,phases   ] GC(1232)   Post Evacuate Collection Set: 6.8ms
[2026-01-16T11:02:17.748+0000][gc,phases   ] GC(1232)   Other: 1.6ms
[2026-01-16T11:02:17.749+0000][gc,heap     ] GC(1232) Eden regions: 612->0(612)
[2026-01-16T11:02:17.749+0000][gc,heap     ] GC(1232) Survivor regions: 2->2(77)
[2026-01-16T11:02:17.749+0000][gc,heap     ] GC(1232) Old regions: 72->72
[2026-01-16T11:02:17.751+0000][gc,heap     ] GC(1232) Humongous regions: 38->38
[2026-01-16T11:02:17.751+0000][gc,metaspace] GC(1232) Metaspace: 13140K(13696K)->13140K(13696K) NonClass: 12035K(12288K)->12035K(12288K) Class: 1105K(1408K)->1105K(1408K)
[2026-01-16T11:02:17.751+0000][gc          ] GC(1232) Pause Young (Normal) (G1 Evacuation Pause) 722M->110M(1024M) 73.351ms
[2026-01-16T11:02:17.751+0000][gc,cpu      ] GC(1232) User=0.18s Sys=0.02s Real=0.08s
[2026-01-16T11:03:07.500+0000][gc,start    ] GC(1233) Pause Young (Normal) (G1 Evacuation Pause)
[2026-01-16T11:03:07.502+0000][gc,task     ] GC(1233) Using 8 workers of 8 for evacuation
[2026-01-16T11:03:07.537+0000][gc,phases   ] GC(1233)   Pre Evacuate Collection Set: 4.3ms
[2026-01-16T11:03:07.538+0000][gc,phases   ] GC(1233)   Merge Heap Roots: 0.5ms
[2026-01-16T11:03:07.538+0000][gc,phases   ] GC(1233)   Evacuate Collection Set: 24.0ms
[2026-01-16T11:03:07.538+0000][gc,phases   ] GC(1233)   Post Evacuate Collection Set: 5.6ms
[2026-01-16T11:03:07.538+0000][gc,phases   ] GC(1233)   Other: 1.0ms
[2026-01-16T11:03:07.538+0000][gc,heap     ] GC(1233) Eden regions: 612->0(612)
[2026-01-16T11:03:07.538+0000][gc,heap     ] GC(1233) Survivor regions: 2->2(77)
[2026-01-16T11:03:07.538+0000][gc,heap     ] GC(1233) Old regions: 72->72
[2026-01-16T11:03:07.538+0000][gc,heap     ] GC(1233) Humongous regions: 38->38
[2026-01-16T11:03:07.539+0000][gc,metaspace] GC(1233) Metaspace: 13140K(13696K)->13140K(13696K) NonClass: 12035K(12288K)->12035K(12288K) Class: 1105K(1408K)->1105K(1408K)
[2026-01-16T11:03:07.539+0000][gc          ] GC(1233) Pause Young (Normal) (G1 Evacuation Pause) 722M->111M(1024M) 39.189ms
[2026-01-16T11:03:07.539+0000][gc,cpu      ] GC(1233) User=0.14s Sys=0.02s Real=0.04s
[2026-01-16T11:04:06.208+0000][gc,start    ] GC(1234) Pause Young (Normal) (G1 Evacuation Pause)
[2026-01-16T11:04:06.209+0000][gc,task     ] GC(1234) Using 8 workers of 8 for evacuation
[2026-01-16T11:04:06.238+0000][gc,phases   ] GC(1234)   Pre Evacuate Collection Set: 13.6ms
[2026-01-16T11:04:06.238+0000][gc,phases   ] GC(1234)   Merge Heap Roots: 1.0ms
[2026-01-16T11:04:06.238+0000][gc,phases   ] GC(1234)   Evacuate Collection Set: 7.1ms
[2026-01-16T11:04:06.238+0000][gc,phases   ] GC(1234)   Post Evacuate Collection Set: 4.4ms
[2026-01-16T11:04:06.238+0000][gc,phases   ] GC(1234)   Other: 2.6ms
[2026-01-16T11:04:06.238+0000][gc,heap     ] GC(1234) Eden regions: 612->0(613)
[2026-01-16T11:04:06.238+0000][gc,heap     ] GC(1234) Survivor regions: 2->1(77)
[2026-01-16T11:04:06.238+0000][gc,heap     ] GC(1234) Old regions: 72->72
[2026-01-16T11:04:06.238+0000][gc,heap     ] GC(1234) Humongous regions: 38->38
[2026-01-16T11:04:06.238+0000][gc,metaspace] GC(1234) Metaspace: 13140K(13696K)->13140K(13696K) NonClass: 12035K(12288K)->12035K(12288K) Class: 1105K(1408K)->1105K(1408K)
[2026-01-16T11:04:06.239+0000][gc          ] GC(1234) Pause Young (Normal) (G1 Evacuation Pause) 723M->110M(1024M) 30.266ms
[2026-01-16T11:04:06.239+0000][gc,cpu      ] GC(1234) User=0.12s Sys=0.01s Real=0.04s
[2026-01-16T11:04:56.726+0000][gc,start    ] GC(1235) Pause Young (Normal) (G1 Evacuation Pause)
[2026-01-16T11:04:56.728+0000][gc,task     ] GC(1235) Using 8 workers of 8 for evacuation
[2026-01-16T11:04:56.781+0000][gc,phases   ] GC(1235)   Pre Evacuate Collection Set: 7.5ms
[2026-01-16T11:04:56.781+0000][gc,phases   ] GC(1235)   Merge Heap Roots: 4.9ms
[2026-01-16T11:04:56.781+0000][gc,phases   ] GC(1235)   Evacuate Collection Set: 19.9ms
[2026-01-16T11:04:56.781+0000][gc,phases   ] GC(1235)   Post Evacuate Collection Set: 18.5ms
[2026-01-16T11:04:56.781+0000][gc,phases   ] GC(1235)   Other: 1.8ms
[2026-01-16T11:04:56.782+0000][gc,heap     ] GC(1235) Eden regions: 613->0(612)
[2026-01-16T11:04:56.782+0000][gc,heap     ] GC(1235) Survivor regions: 1->2(77)
[2026-01-16T11:04:56.782+0000][gc,heap     ] GC(1235) Old regions: 72->72
[2026-01-16T11:04:56.782+0000][gc,heap     ] GC(1235) Humongous regions: 38->38
[2026-01-16T11:04:56.782+0000][gc,metaspace] GC(1235) Metaspace: 13140K(13696K)->13140K(13696K) NonClass: 12035K(12288K)->12035K(12288K) Class: 1105K(1408K)->1105K(1408K)
[2026-01-16T11:04:56.784+0000][gc          ] GC(1235) Pause Young (Normal) (G1 Evacuation Pause) 723M->110M(1024M) 57.444ms
[2026-01-16T11:04:56.784+0000][gc,cpu      ] GC(1235) User=0.19s Sys=0.01s Real=0.06s
[2026-01-16T11:05:46.858+0000][gc,start    ] GC(1236) Pause Young (Normal) (G1 Evacuation Pause)
[2026-01-16T11:05:46.862+0000][gc,task     ] GC(1236) Using 8 workers of 8 for evacuation
[2026-01-16T11:05:46.883+0000][gc,phases   ] GC(1236)   Pre Evacuate Collection Set: 2.1ms
[2026-01-16T11:05:46.883+0000][gc,phases   ] GC(1236)   Merge Heap Roots: 0.7ms
[2026-01-16T11:05:46.883+0000][gc,phases   ] GC(1236)   Evacuate Collection Set: 14.3ms
[2026-01-16T11:05:46.883+0000][gc,phases   ] GC(1236)   Post Evacuate Collection Set: 2.3ms
[2026-01-16T11:05:46.883+0000][gc,phases   ] GC(1236)   Other: 1.0ms
[2026-01-16T11:05:46.883+0000][gc,heap     ] GC(1236) Eden regions: 612->0(612)
[2026-01-16T11:05:46.883+0000][gc,heap     ] GC(1236) Survivor regions: 2->2(77)
[2026-01-16T11:05:46.883+0000][gc,heap     ] GC(1236) Old regions: 72->72
[2026-01-16T11:05:46.883+0000][gc,heap     ] GC(1236) Humongous regions: 38->38
[2026-01-16T11:05:46.883+0000][gc,metaspace] GC(1236) Metaspace: 13140K(13696K)->13140K(13696K) NonClass: 12035K(12288K)->12035K(12288K) Class: 1105K(1408K)->1105K(1408K)
[2026-01-16T11:05:46.884+0000][gc          ] GC(1236) Pause Young (Normal) (G1 Evacuation Pause) 722M->111M(1024M) 25.406ms
[2026-01-16T11:05:46.884+0000][gc,cpu      ] GC(1236) User=0.11s Sys=0.01s Real=0.03s
[2026-01-16T11:06:45.950+0000][gc,start    ] GC(1237) Pause Young (Normal) (G1 Evacuation Pause)
[2026-01-16T11:06:45.951+0000][gc,task     ] GC(1237) Using 8 workers of 8 for evacuation
[2026-01-16T11:06:45.992+0000][gc,phases   ] GC(1237)   Pre Evacuate Collection Set: 7.4ms
[2026-01-16T11:06:45.992+0000][gc,phases   ] GC(1237)   Merge Heap Roots: 1.2ms
[2026-01-16T11:06:45.992+0000][gc,phases   ] GC(1237)   Evacuate Collection Set: 20.9ms
[2026-01-16T11:06:45.993+0000][gc,phases   ] GC(1237)   Post Evacuate Collection Set: 6.6ms
[2026-01-16T11:06:45.993+0000][gc,phases   ] GC(1237)   Other: 1.3ms
[2026-01-16T11:06:45.993+0000][gc,heap     ] GC(1237) Eden regions: 612->0(613)
[2026-01-16T11:06:45.993+0000][gc,heap     ] GC(1237) Survivor regions: 2->1(77)
[2026-01-16T11:06:45.993+0000][gc,heap     ] GC(1237) Old regions: 72->72
[2026-01-16T11:06:45.993+0000][gc,heap     ] GC(1237) Humongous regions: 38->38
[2026-01-16T11:06:45.993+0000][gc,metaspace] GC(1237) Metaspace: 13141K(13696K)->13141K(13696K) NonClass: 12035K(12288K)->12035K(12288K) Class: 1105K(1408K)->1105K(1408K)
[2026-01-16T11:06:45.994+0000][gc          ] GC(1237) Pause Young (Normal) (G1 Evacuation Pause) 723M->110M(1024M) 43.905ms
[2026-01-16T11:06:45.994+0000][gc,cpu      ] GC(1237) User=0.18s Sys=0.02s Real=0.05s
[2026-01-16T11:07:36.971+0000][gc,start    ] GC(1238) Pause Young (Normal) (G1 Evacuation Pause)
[2026-01-16T11:07:36.973+0000][gc,task     ] GC(1238) Using 8 workers of 8 for evacuation
[2026-01-16T11:07:37.039+0000][gc,phases   ] GC(1238)   Pre Evacuate Collection Set: 9.8ms
[2026-01-16T11:07:37.040+0000][gc,phases   ] GC(1238)   Merge Heap Roots: 3.8ms
[2026-01-16T11:07:37.040+0000][gc,phases   ] GC(1238)   Evacuate Collection Set: 38.6ms
[2026-01-16T11:07:37.040+0000][gc,phases   ] GC(1238)   Post Evacuate Collection Set: 9.9ms
[2026-01-16T11:07:37.041+0000][gc,phases   ] GC(1238)   Other: 2.0ms
[2026-01-16T11:07:37.042+0000][gc,heap     ] GC(1238) Eden regions: 613->0(612)
[2026-01-16T11:07:37.042+0000][gc,heap     ] GC(1238) Survivor regions: 1->2(77)
[2026-01-16T11:07:37.042+0000][gc,heap     ] GC(1238) Old regions: 72->72
[2026-01-16T11:07:37.042+0000][gc,heap     ] GC(1238) Humongous regions: 38->38
[2026-01-16T11:07:37.042+0000][gc,metaspace] GC(1238) Metaspace: 13141K(13696K)->13141K(13696K) NonClass: 12035K(12288K)->12035K(12288K) Class: 1105K(1408K)->1105K(1408K)
[2026-01-16T11:07:37.043+0000][gc          ] GC(1238) Pause Young (Normal) (G1 Evacuation Pause) 723M->110M(1024M) 71.670ms
[2026-01-16T11:07:37.043+0000][gc,cpu      ] GC(1238) User=0.15s Sys=0.02s Real=0.07s
[2026-01-16T11:08:28.540+0000][gc,start    ] GC(1239) Pause Young (Normal) (G1 Evacuation Pause)
[2026-01-16T11:08:28.551+0000][gc,task     ] GC(1239) Using 8 workers of 8 for evacuation
[2026-01-16T11:08:28.670+0000][gc,phases   ] GC(1239)   Pre Evacuate Collection Set: 53.2ms
[2026-01-16T11:08:28.670+0000][gc,phases   ] GC(1239)   Merge Heap Roots: 5.6ms
[2026-01-16T11:08:28.670+0000][gc,phases   ] GC(1239)   Evacuate Collection Set: 48.2ms
[2026-01-16T11:08:28.671+0000][gc,phases   ] GC(1239)   Post Evacuate Collection Set: 10.2ms
[2026-01-16T11:08:28.671+0000][gc,phases   ] GC(1239)   Other: 1.4ms
[2026-01-16T11:08:28.671+0000][gc,heap     ] GC(1239) Eden regions: 612->0(612)
[2026-01-16T11:08:28.671+0000][gc,heap     ] GC(1239) Survivor regions: 2->2(77)
[2026-01-16T11:08:28.672+0000][gc,heap     ] GC(1239) Old regions: 72->72
[2026-01-16T11:08:28.672+0000][gc,heap     ] GC(1239) Humongous regions: 38->38
[2026-01-16T11:08:28.672+0000][gc,metaspace] GC(1239) Metaspace: 13141K(13696K)->13141K(13696K) NonClass: 12035K(12288K)->12035K(12288K) Class: 1105K(1408K)->1105K(1408K)
[2026-01-16T11:08:28.672+0000][gc          ] GC(1239) Pause Young (Normal) (G1 Evacuation Pause) 722M->111M(1024M) 132.548ms
[2026-01-16T11:08:28.673+0000][gc,cpu      ] GC(1239) User=0.20s Sys=0.02s Real=0.13s
[2026-01-16T11:09:19.624+0000][gc,start    ] GC(1240) Pause Young (Normal) (G1 Evacuation Pause)
[2026-01-16T11:09:19.629+0000][gc,task     ] GC(1240) Using 8 workers of 8 for evacuation
[2026-01-16T11:09:19.751+0000][gc,phases   ] GC(1240)   Pre Evacuate Collection Set: 7.0ms
[2026-01-16T11:09:19.751+0000][gc,phases   ] GC(1240)   Merge Heap Roots: 2.1ms
[2026-01-16T11:09:19.751+0000][gc,phases   ] GC(1240)   Evacuate Collection Set: 101.5ms
[2026-01-16T11:09:19.752+0000][gc,phases   ] GC(1240)   Post Evacuate Collection Set: 9.3ms
[2026-01-16T11:09:19.752+0000][gc,phases   ] GC(1240)   Other: 1.7ms
[2026-01-16T11:09:19.754+0000][gc,heap     ] GC(1240) Eden regions: 612->0(612)
[2026-01-16T11:09:19.755+0000][gc,heap     ] GC(1240) Survivor regions: 2->2(77)
[2026-01-16T11:09:19.755+0000][gc,heap     ] GC(1240) Old regions: 72->72
[2026-01-16T11:09:19.756+0000][gc,heap     ] GC(1240) Humongous regions: 38->38
[2026-01-16T11:09:19.756+0000][gc,metaspace] GC(1240) Metaspace: 13141K(13696K)->13141K(13696K) NonClass: 12035K(12288K)->12035K(12288K) Class: 1105K(1408K)->1105K(1408K)
[2026-01-16T11:09:19.763+0000][gc          ] GC(1240) Pause Young (Normal) (G1 Evacuation Pause) 723M->111M(1024M) 139.348ms
[2026-01-16T11:09:19.764+0000][gc,cpu      ] GC(1240) User=0.20s Sys=0.04s Real=0.14s
[2026-01-16T11:10:17.912+0000][gc,start    ] GC(1241) Pause Young (Normal) (G1 Evacuation Pause)
[2026-01-16T11:10:17.943+0000][gc,task     ] GC(1241) Using 8 workers of 8 for evacuation
[2026-01-16T11:10:18.182+0000][gc,mmu      ] GC(1241) MMU target violated: 201.0ms (200.0ms/201.0ms)
[2026-01-16T11:10:18.186+0000][gc,phases   ] GC(1241)   Pre Evacuate Collection Set: 49.0ms
[2026-01-16T11:10:18.186+0000][gc,phases   ] GC(1241)   Merge Heap Roots: 22.3ms
[2026-01-16T11:10:18.188+0000][gc,phases   ] GC(1241)   Evacuate Collection Set: 126.0ms
[2026-01-16T11:10:18.188+0000][gc,phases   ] GC(1241)   Post Evacuate Collection Set: 38.9ms
[2026-01-16T11:10:18.188+0000][gc,phases   ] GC(1241)   Other: 7.5ms
[2026-01-16T11:10:18.188+0000][gc,heap     ] GC(1241) Eden regions: 612->0(613)
[2026-01-16T11:10:18.189+0000][gc,heap     ] GC(1241) Survivor regions: 2->1(77)
[2026-01-16T11:10:18.189+0000][gc,heap     ] GC(1241) Old regions: 72->72
[2026-01-16T11:10:18.189+0000][gc,heap     ] GC(1241) Humongous regions: 38->38
[2026-01-16T11:10:18.190+0000][gc,metaspace] GC(1241) Metaspace: 13141K(13696K)->13141K(13696K) NonClass: 12035K(12288K)->12035K(12288K) Class: 1105K(1408K)->1105K(1408K)
[2026-01-16T11:10:18.191+0000][gc          ] GC(1241) Pause Young (Normal) (G1 Evacuation Pause) 723M->110M(1024M) 278.155ms
[2026-01-16T11:10:18.191+0000][gc,cpu      ] GC(1241) User=0.24s Sys=0.03s Real=0.28s
[2026-01-16T11:11:06.555+0000][gc,start    ] GC(1242) Pause Young (Normal) (G1 Evacuation Pause)
[2026-01-16T11:11:06.555+0000][gc,task     ] GC(1242) Using 8 workers of 8 for evacuation
[2026-01-16T11:11:06.587+0000][gc,phases   ] GC(1242)   Pre Evacuate Collection Set: 2.9ms
[2026-01-16T11:11:06.587+0000][gc,phases   ] GC(1242)   Merge Heap Roots: 0.7ms
[2026-01-16T11:11:06.587+0000][gc,phases   ] GC(1242)   Evacuate Collection Set: 23.6ms
[2026-01-16T11:11:06.587+0000][gc,phases   ] GC(1242)   Post Evacuate Collection Set: 3.0ms
[2026-01-16T11:11:06.588+0000][gc,phases   ] GC(1242)   Other: 0.8ms
[2026-01-16T11:11:06.588+0000][gc,heap     ] GC(1242) Eden regions: 613->0(612)
[2026-01-16T11:11:06.588+0000][gc,heap     ] GC(1242) Survivor regions: 1->2(77)
[2026-01-16T11:11:06.589+0000][gc,heap     ] GC(1242) Old regions: 72->72
[2026-01-16T11:11:06.589+0000][gc,heap     ] GC(1242) Humongous regions: 38->38
[2026-01-16T11:11:06.589+0000][gc,metaspace] GC(1242) Metaspace: 13141K(13696K)->13141K(13696K) NonClass: 12035K(12288K)->12035K(12288K) Class: 1105K(1408K)->1105K(1408K)
[2026-01-16T11:11:06.589+0000][gc          ] GC(1242) Pause Young (Normal) (G1 Evacuation Pause) 723M->111M(1024M) 34.888ms
[2026-01-16T11:11:06.590+0000][gc,cpu      ] GC(1242) User=0.15s Sys=0.02s Real=0.03s
[2026-01-16T11:11:57.234+0000][gc,start    ] GC(1243) Pause Young (Normal) (G1 Evacuation Pause)
[2026-01-16T11:11:57.235+0000][gc,task     ] GC(1243) Using 8 workers of 8 for evacuation
[2026-01-16T11:11:57.280+0000][gc,phases   ] GC(1243)   Pre Evacuate Collection Set: 5.4ms
[2026-01-16T11:11:57.281+0000][gc,phases   ] GC(1243)   Merge Heap Roots: 1.8ms
[2026-01-16T11:11:57.281+0000][gc,phases   ] GC(1243)   Evacuate Collection Set: 32.9ms
[2026-01-16T11:11:57.281+0000][gc,phases   ] GC(1243)   Post Evacuate Collection Set: 4.9ms
[2026-01-16T11:11:57.281+0000][gc,phases   ] GC(1243)   Other: 1.0ms
[2026-01-16T11:11:57.281+0000][gc,heap     ] GC(1243) Eden regions: 612->0(612)
[2026-01-16T11:11:57.281+0000][gc,heap     ] GC(1243) Survivor regions: 2->2(77)
[2026-01-16T11:11:57.281+0000][gc,heap     ] GC(1243) Old regions: 72->72
[2026-01-16T11:11:57.281+0000][gc,heap     ] GC(1243) Humongous regions: 38->38
[2026-01-16T11:11:57.281+0000][gc,metaspace] GC(1243) Metaspace: 13141K(13696K)->13141K(13696K) NonClass: 12035K(12288K)->12035K(12288K) Class: 1105K(1408K)->1105K(1408K)
[2026-01-16T11:11:57.281+0000][gc          ] GC(1243) Pause Young (Normal) (G1 Evacuation Pause) 723M->111M(1024M) 47.513ms
[2026-01-16T11:11:57.281+0000][gc,cpu      ] GC(1243) User=0.25s Sys=0.03s Real=0.04s
[2026-01-16T11:12:56.066+0000][gc,start    ] GC(1244) Pause Young (Normal) (G1 Evacuation Pause)
[2026-01-16T11:12:56.070+0000][gc,task     ] GC(1244) Using 8 workers of 8 for evacuation
[2026-01-16T11:12:56.107+0000][gc,phases   ] GC(1244)   Pre Evacuate Collection Set: 2.3ms
[2026-01-16T11:12:56.107+0000][gc,phases   ] GC(1244)   Merge Heap Roots: 2.2ms
[2026-01-16T11:12:56.107+0000][gc,phases   ] GC(1244)   Evacuate Collection Set: 20.6ms
[2026-01-16T11:12:56.107+0000][gc,phases   ] GC(1244)   Post Evacuate Collection Set: 10.6ms
[2026-01-16T11:12:56.108+0000][gc,phases   ] GC(1244)   Other: 1.1ms
[2026-01-16T11:12:56.108+0000][gc,heap     ] GC(1244) Eden regions: 612->0(613)
[2026-01-16T11:12:56.108+0000][gc,heap     ] GC(1244) Survivor regions: 2->1(77)
[2026-01-16T11:12:56.108+0000][gc,heap     ] GC(1244) Old regions: 72->72
[2026-01-16T11:12:56.108+0000][gc,heap     ] GC(1244) Humongous regions: 38->38
[2026-01-16T11:12:56.108+0000][gc,metaspace] GC(1244) Metaspace: 13141K(13696K)->13141K(13696K) NonClass: 12035K(12288K)->12035K(12288K) Class: 1105K(1408K)->1105K(1408K)
[2026-01-16T11:12:56.108+0000][gc          ] GC(1244) Pause Young (Normal) (G1 Evacuation Pause) 723M->110M(1024M) 42.129ms
[2026-01-16T11:12:56.108+0000][gc,cpu      ] GC(1244) User=0.19s Sys=0.02s Real=0.04s
[2026-01-16T11:13:46.712+0000][gc,start    ] GC(1245) Pause Young (Normal) (G1 Evacuation Pause)
[2026-01-16T11:13:46.720+0000][gc,task     ] GC(1245) Using 8 workers of 8 for evacuation
[2026-01-16T11:13:46.764+0000][gc,phases   ] GC(1245)   Pre Evacuate Collection Set: 7.9ms
[2026-01-16T11:13:46.765+0000][gc,phases   ] GC(1245)   Merge Heap Roots: 5.1ms
[2026-01-16T11:13:46.765+0000][gc,phases   ] GC(1245)   Evacuate Collection Set: 20.7ms
[2026-01-16T11:13:46.765+0000][gc,phases   ] GC(1245)   Post Evacuate Collection Set: 5.7ms
[2026-01-16T11:13:46.765+0000][gc,phases   ] GC(1245)   Other: 4.4ms
[2026-01-16T11:13:46.765+0000][gc,heap     ] GC(1245) Eden regions: 613->0(612)
[2026-01-16T11:13:46.765+0000][gc,heap     ] GC(1245) Survivor regions: 1->2(77)
[2026-01-16T11:13:46.765+0000][gc,heap     ] GC(1245) Old regions: 72->72
[2026-01-16T11:13:46.765+0000][gc,heap     ] GC(1245) Humongous regions: 38->38
[2026-01-16T11:13:46.765+0000][gc,metaspace] GC(1245) Metaspace: 13141K(13696K)->13141K(13696K) NonClass: 12035K(12288K)->12035K(12288K) Class: 1105K(1408K)->1105K(1408K)
[2026-01-16T11:13:46.766+0000][gc          ] GC(1245) Pause Young (Normal) (G1 Evacuation Pause) 723M->110M(1024M) 53.819ms
[2026-01-16T11:13:46.767+0000][gc,cpu      ] GC(1245) User=0.17s Sys=0.01s Real=0.06s
[2026-01-16T11:14:37.479+0000][gc,start    ] GC(1246) Pause Young (Normal) (G1 Evacuation Pause)
[2026-01-16T11:14:37.481+0000][gc,task     ] GC(1246) Using 8 workers of 8 for evacuation
[2026-01-16T11:14:37.527+0000][gc,phases   ] GC(1246)   Pre Evacuate Collection Set: 6.8ms
[2026-01-16T11:14:37.528+0000][gc,phases   ] GC(1246)   Merge Heap Roots: 4.5ms
[2026-01-16T11:14:37.528+0000][gc,phases   ] GC(1246)   Evacuate Collection Set: 27.6ms
[2026-01-16T11:14:37.528+0000][gc,phases   ] GC(1246)   Post Evacuate Collection Set: 5.2ms
[2026-01-16T11:14:37.529+0000][gc,phases   ] GC(1246)   Other: 1.9ms
[2026-01-16T11:14:37.529+0000][gc,heap     ] GC(1246) Eden regions: 612->0(612)
[2026-01-16T11:14:37.529+0000][gc,heap     ] GC(1246) Survivor regions: 2->2(77)
[2026-01-16T11:14:37.529+0000][gc,heap     ] GC(1246) Old regions: 72->72
[2026-01-16T11:14:37.530+0000][gc,heap     ] GC(1246) Humongous regions: 38->38
[2026-01-16T11:14:37.530+0000][gc,metaspace] GC(1246) Metaspace: 13148K(13696K)->13148K(13696K) NonClass: 12042K(12288K)->12042K(12288K) Class: 1105K(1408K)->1105K(1408K)
[2026-01-16T11:14:37.530+0000][gc          ] GC(1246) Pause Young (Normal) (G1 Evacuation Pause) 722M->111M(1024M) 50.361ms
[2026-01-16T11:14:37.530+0000][gc,cpu      ] GC(1246) User=0.16s Sys=0.02s Real=0.05s
[2026-01-16T11:15:28.601+0000][gc,start    ] GC(1247) Pause Young (Normal) (G1 Evacuation Pause)
[2026-01-16T11:15:28.603+0000][gc,task     ] GC(1247) Using 8 workers of 8 for evacuation
[2026-01-16T11:15:28.661+0000][gc,phases   ] GC(1247)   Pre Evacuate Collection Set: 11.4ms
[2026-01-16T11:15:28.662+0000][gc,phases   ] GC(1247)   Merge Heap Roots: 1.0ms
[2026-01-16T11:15:28.662+0000][gc,phases   ] GC(1247)   Evacuate Collection Set: 30.6ms
[2026-01-16T11:15:28.662+0000][gc,phases   ] GC(1247)   Post Evacuate Collection Set: 14.6ms
[2026-01-16T11:15:28.662+0000][gc,phases   ] GC(1247)   Other: 1.3ms
[2026-01-16T11:15:28.662+0000][gc,heap     ] GC(1247) Eden regions: 612->0(611)
[2026-01-16T11:15:28.662+0000][gc,heap     ] GC(1247) Survivor regions: 2->3(77)
[2026-01-16T11:15:28.663+0000][gc,heap     ] GC(1247) Old regions: 72->72
[2026-01-16T11:15:28.663+0000][gc,heap     ] GC(1247) Humongous regions: 38->38
[2026-01-16T11:15:28.663+0000][gc,metaspace] GC(1247) Metaspace: 13154K(13696K)->13154K(13696K) NonClass: 12044K(12288K)->12044K(12288K) Class: 1110K(1408K)->1110K(1408K)
[2026-01-16T11:15:28.663+0000][gc          ] GC(1247) Pause Young (Normal) (G1 Evacuation Pause) 723M->112M(1024M) 62.522ms
[2026-01-16T11:15:28.664+0000][gc,cpu      ] GC(1247) User=0.19s Sys=0.02s Real=0.06s
[2026-01-16T11:16:26.741+0000][gc,start    ] GC(1248) Pause Young (Normal) (G1 Evacuation Pause)
[2026-01-16T11:16:26.742+0000][gc,task     ] GC(1248) Using 8 workers of 8 for evacuation
[2026-01-16T11:16:26.890+0000][gc,phases   ] GC(1248)   Pre Evacuate Collection Set: 12.4ms
[2026-01-16T11:16:26.892+0000][gc,phases   ] GC(1248)   Merge Heap Roots: 1.5ms
[2026-01-16T11:16:26.892+0000][gc,phases   ] GC(1248)   Evacuate Collection Set: 104.9ms
[2026-01-16T11:16:26.892+0000][gc,phases   ] GC(1248)   Post Evacuate Collection Set: 27.4ms
[2026-01-16T11:16:26.893+0000][gc,phases   ] GC(1248)   Other: 1.5ms
[2026-01-16T11:16:26.894+0000][gc,heap     ] GC(1248) Eden regions: 611->0(612)
[2026-01-16T11:16:26.894+0000][gc,heap     ] GC(1248) Survivor regions: 3->2(77)
[2026-01-16T11:16:26.896+0000][gc,heap     ] GC(1248) Old regions: 72->72
[2026-01-16T11:16:26.896+0000][gc,heap     ] GC(1248) Humongous regions: 38->38
[2026-01-16T11:16:26.896+0000][gc,metaspace] GC(1248) Metaspace: 13157K(13696K)->13157K(13696K) NonClass: 12047K(12288K)->12047K(12288K) Class: 1110K(1408K)->1110K(1408K)
[2026-01-16T11:16:26.896+0000][gc          ] GC(1248) Pause Young (Normal) (G1 Evacuation Pause) 723M->111M(1024M) 155.678ms
[2026-01-16T11:16:26.897+0000][gc,cpu      ] GC(1248) User=0.44s Sys=0.08s Real=0.15s
[2026-01-16T11:17:16.721+0000][gc,start    ] GC(1249) Pause Young (Normal) (G1 Evacuation Pause)
[2026-01-16T11:17:16.724+0000][gc,task     ] GC(1249) Using 8 workers of 8 for evacuation
[2026-01-16T11:17:16.793+0000][gc,phases   ] GC(1249)   Pre Evacuate Collection Set: 9.8ms
[2026-01-16T11:17:16.793+0000][gc,phases   ] GC(1249)   Merge Heap Roots: 1.6ms
[2026-01-16T11:17:16.794+0000][gc,phases   ] GC(1249)   Evacuate Collection Set: 42.2ms
[2026-01-16T11:17:16.794+0000][gc,phases   ] GC(1249)   Post Evacuate Collection Set: 11.9ms
[2026-01-16T11:17:16.796+0000][gc,phases   ] GC(1249)   Other: 2.5ms
[2026-01-16T11:17:16.798+0000][gc,heap     ] GC(1249) Eden regions: 612->0(611)
[2026-01-16T11:17:16.798+0000][gc,heap     ] GC(1249) Survivor regions: 2->3(77)
[2026-01-16T11:17:16.799+0000][gc,heap     ] GC(1249) Old regions: 72->72
[2026-01-16T11:17:16.799+0000][gc,heap     ] GC(1249) Humongous regions: 38->38
[2026-01-16T11:17:16.801+0000][gc,metaspace] GC(1249) Metaspace: 13158K(13696K)->13158K(13696K) NonClass: 12048K(12288K)->12048K(12288K) Class: 1110K(1408K)->1110K(1408K)
[2026-01-16T11:17:16.802+0000][gc          ] GC(1249) Pause Young (Normal) (G1 Evacuation Pause) 723M->111M(1024M) 81.021ms
[2026-01-16T11:17:16.802+0000][gc,cpu      ] GC(1249) User=0.23s Sys=0.02s Real=0.08s
[2026-01-16T11:18:06.735+0000][gc,start    ] GC(1250) Pause Young (Normal) (G1 Evacuation Pause)
[2026-01-16T11:18:06.736+0000][gc,task     ] GC(1250) Using 8 workers of 8 for evacuation
[2026-01-16T11:18:06.769+0000][gc,phases   ] GC(1250)   Pre Evacuate Collection Set: 2.1ms
[2026-01-16T11:18:06.769+0000][gc,phases   ] GC(1250)   Merge Heap Roots: 0.9ms
[2026-01-16T11:18:06.770+0000][gc,phases   ] GC(1250)   Evacuate Collection Set: 26.0ms
[2026-01-16T11:18:06.770+0000][gc,phases   ] GC(1250)   Post Evacuate Collection Set: 3.4ms
[2026-01-16T11:18:06.770+0000][gc,phases   ] GC(1250)   Other: 0.8ms
[2026-01-16T11:18:06.771+0000][gc,heap     ] GC(1250) Eden regions: 611->0(611)
[2026-01-16T11:18:06.771+0000][gc,heap     ] GC(1250) Survivor regions: 3->3(77)
[2026-01-16T11:18:06.771+0000][gc,heap     ] GC(1250) Old regions: 72->72
[2026-01-16T11:18:06.771+0000][gc,heap     ] GC(1250) Humongous regions: 38->38
[2026-01-16T11:18:06.771+0000][gc,metaspace] GC(1250) Metaspace: 13162K(13696K)->13162K(13696K) NonClass: 12052K(12288K)->12052K(12288K) Class: 1110K(1408K)->1110K(1408K)
[2026-01-16T11:18:06.772+0000][gc          ] GC(1250) Pause Young (Normal) (G1 Evacuation Pause) 722M->112M(1024M) 36.863ms
[2026-01-16T11:18:06.772+0000][gc,cpu      ] GC(1250) User=0.19s Sys=0.01s Real=0.03s
[2026-01-16T11:19:06.459+0000][gc,start    ] GC(1251) Pause Young (Normal) (G1 Evacuation Pause)
[2026-01-16T11:19:06.460+0000][gc,task     ] GC(1251) Using 8 workers of 8 for evacuation
[2026-01-16T11:19:06.675+0000][gc,mmu      ] GC(1251) MMU target violated: 201.0ms (200.0ms/201.0ms)
[2026-01-16T11:19:06.676+0000][gc,phases   ] GC(1251)   Pre Evacuate Collection Set: 16.6ms
[2026-01-16T11:19:06.676+0000][gc,phases   ] GC(1251)   Merge Heap Roots: 8.7ms
[2026-01-16T11:19:06.676+0000][gc,phases   ] GC(1251)   Evacuate Collection Set: 132.3ms
[2026-01-16T11:19:06.676+0000][gc,phases   ] GC(1251)   Post Evacuate Collection Set: 56.2ms
[2026-01-16T11:19:06.677+0000][gc,phases   ] GC(1251)   Other: 2.0ms
[2026-01-16T11:19:06.677+0000][gc,heap     ] GC(1251) Eden regions: 611->0(612)
[2026-01-16T11:19:06.677+0000][gc,heap     ] GC(1251) Survivor regions: 3->2(77)
[2026-01-16T11:19:06.677+0000][gc,heap     ] GC(1251) Old regions: 72->72
[2026-01-16T11:19:06.677+0000][gc,heap     ] GC(1251) Humongous regions: 38->38
[2026-01-16T11:19:06.677+0000][gc,metaspace] GC(1251) Metaspace: 13162K(13696K)->13162K(13696K) NonClass: 12052K(12288K)->12052K(12288K) Class: 1110K(1408K)->1110K(1408K)
[2026-01-16T11:19:06.677+0000][gc          ] GC(1251) Pause Young (Normal) (G1 Evacuation Pause) 723M->111M(1024M) 218.125ms
[2026-01-16T11:19:06.677+0000][gc,cpu      ] GC(1251) User=0.27s Sys=0.03s Real=0.22s
[2026-01-16T11:19:58.123+0000][gc,start    ] GC(1252) Pause Young (Normal) (G1 Evacuation Pause)
[2026-01-16T11:19:58.127+0000][gc,task     ] GC(1252) Using 8 workers of 8 for evacuation
[2026-01-16T11:19:58.252+0000][gc,phases   ] GC(1252)   Pre Evacuate Collection Set: 15.7ms
[2026-01-16T11:19:58.252+0000][gc,phases   ] GC(1252)   Merge Heap Roots: 0.8ms
[2026-01-16T11:19:58.252+0000][gc,phases   ] GC(1252)   Evacuate Collection Set: 92.3ms
[2026-01-16T11:19:58.252+0000][gc,phases   ] GC(1252)   Post Evacuate Collection Set: 14.8ms
[2026-01-16T11:19:58.253+0000][gc,phases   ] GC(1252)   Other: 2.5ms
[2026-01-16T11:19:58.253+0000][gc,heap     ] GC(1252) Eden regions: 612->0(612)
[2026-01-16T11:19:58.253+0000][gc,heap     ] GC(1252) Survivor regions: 2->2(77)
[2026-01-16T11:19:58.253+0000][gc,heap     ] GC(1252) Old regions: 72->72
[2026-01-16T11:19:58.253+0000][gc,heap     ] GC(1252) Humongous regions: 38->38
[2026-01-16T11:19:58.254+0000][gc,metaspace] GC(1252) Metaspace: 13162K(13696K)->13162K(13696K) NonClass: 12052K(12288K)->12052K(12288K) Class: 1110K(1408K)->1110K(1408K)
[2026-01-16T11:19:58.254+0000][gc          ] GC(1252) Pause Young (Normal) (G1 Evacuation Pause) 723M->111M(1024M) 131.444ms
[2026-01-16T11:19:58.254+0000][gc,cpu      ] GC(1252) User=0.30s Sys=0.03s Real=0.13s
[2026-01-16T11:20:47.364+0000][gc,start    ] GC(1253) Pause Young (Normal) (G1 Evacuation Pause)
[2026-01-16T11:20:47.365+0000][gc,task     ] GC(1253) Using 8 workers of 8 for evacuation
[2026-01-16T11:20:47.420+0000][gc,phases   ] GC(1253)   Pre Evacuate Collection Set: 6.9ms
[2026-01-16T11:20:47.420+0000][gc,phases   ] GC(1253)   Merge Heap Roots: 0.9ms
[2026-01-16T11:20:47.420+0000][gc,phases   ] GC(1253)   Evacuate Collection Set: 37.3ms
[2026-01-16T11:20:47.421+0000][gc,phases   ] GC(1253)   Post Evacuate Collection Set: 9.1ms
[2026-01-16T11:20:47.421+0000][gc,phases   ] GC(1253)   Other: 1.1ms
[2026-01-16T11:20:47.421+0000][gc,heap     ] GC(1253) Eden regions: 612->0(611)
[2026-01-16T11:20:47.421+0000][gc,heap     ] GC(1253) Survivor regions: 2->3(77)
[2026-01-16T11:20:47.421+0000][gc,heap     ] GC(1253) Old regions: 72->72
[2026-01-16T11:20:47.422+0000][gc,heap     ] GC(1253) Humongous regions: 38->38
[2026-01-16T11:20:47.422+0000][gc,metaspace] GC(1253) Metaspace: 13164K(13696K)->13164K(13696K) NonClass: 12054K(12288K)->12054K(12288K) Class: 1110K(1408K)->1110K(1408K)
[2026-01-16T11:20:47.423+0000][gc          ] GC(1253) Pause Young (Normal) (G1 Evacuation Pause) 723M->112M(1024M) 59.088ms
[2026-01-16T11:20:47.423+0000][gc,cpu      ] GC(1253) User=0.23s Sys=0.02s Real=0.06s
[2026-01-16T11:21:37.907+0000][gc,start    ] GC(1254) Pause Young (Normal) (G1 Evacuation Pause)
[2026-01-16T11:21:37.908+0000][gc,task     ] GC(1254) Using 8 workers of 8 for evacuation
[2026-01-16T11:21:37.949+0000][gc,phases   ] GC(1254)   Pre Evacuate Collection Set: 5.1ms
[2026-01-16T11:21:37.949+0000][gc,phases   ] GC(1254)   Merge Heap Roots: 4.7ms
[2026-01-16T11:21:37.949+0000][gc,phases   ] GC(1254)   Evacuate Collection Set: 27.6ms
[2026-01-16T11:21:37.949+0000][gc,phases   ] GC(1254)   Post Evacuate Collection Set: 3.2ms
[2026-01-16T11:21:37.950+0000][gc,phases   ] GC(1254)   Other: 0.7ms
[2026-01-16T11:21:37.950+0000][gc,heap     ] GC(1254) Eden regions: 611->0(611)
[2026-01-16T11:21:37.950+0000][gc,heap     ] GC(1254) Survivor regions: 3->3(77)
[2026-01-16T11:21:37.950+0000][gc,heap     ] GC(1254) Old regions: 72->73
[2026-01-16T11:21:37.950+0000][gc,heap     ] GC(1254) Humongous regions: 38->38
[2026-01-16T11:21:37.950+0000][gc,metaspace] GC(1254) Metaspace: 13164K(13696K)->13164K(13696K) NonClass: 12054K(12288K)->12054K(12288K) Class: 1110K(1408K)->1110K(1408K)
[2026-01-16T11:21:37.951+0000][gc          ] GC(1254) Pause Young (Normal) (G1 Evacuation Pause) 723M->112M(1024M) 43.750ms
[2026-01-16T11:21:37.951+0000][gc,cpu      ] GC(1254) User=0.15s Sys=0.01s Real=0.05s
[2026-01-16T11:22:36.455+0000][gc,start    ] GC(1255) Pause Young (Normal) (G1 Evacuation Pause)
[2026-01-16T11:22:36.476+0000][gc,task     ] GC(1255) Using 8 workers of 8 for evacuation
[2026-01-16T11:22:36.538+0000][gc,phases   ] GC(1255)   Pre Evacuate Collection Set: 6.8ms
[2026-01-16T11:22:36.539+0000][gc,phases   ] GC(1255)   Merge Heap Roots: 1.7ms
[2026-01-16T11:22:36.539+0000][gc,phases   ] GC(1255)   Evacuate Collection Set: 38.4ms
[2026-01-16T11:22:36.539+0000][gc,phases   ] GC(1255)   Post Evacuate Collection Set: 12.7ms
[2026-01-16T11:22:36.539+0000][gc,phases   ] GC(1255)   Other: 11.3ms
[2026-01-16T11:22:36.539+0000][gc,heap     ] GC(1255) Eden regions: 611->0(612)
[2026-01-16T11:22:36.539+0000][gc,heap     ] GC(1255) Survivor regions: 3->2(77)
[2026-01-16T11:22:36.540+0000][gc,heap     ] GC(1255) Old regions: 73->73
[2026-01-16T11:22:36.540+0000][gc,heap     ] GC(1255) Humongous regions: 38->38
[2026-01-16T11:22:36.540+0000][gc,metaspace] GC(1255) Metaspace: 13164K(13696K)->13164K(13696K) NonClass: 12054K(12288K)->12054K(12288K) Class: 1110K(1408K)->1110K(1408K)
[2026-01-16T11:22:36.541+0000][gc          ] GC(1255) Pause Young (Normal) (G1 Evacuation Pause) 723M->111M(1024M) 85.781ms
[2026-01-16T11:22:36.541+0000][gc,cpu      ] GC(1255) User=0.17s Sys=0.02s Real=0.08s
[2026-01-16T11:23:26.558+0000][gc,start    ] GC(1256) Pause Young (Normal) (G1 Evacuation Pause)
[2026-01-16T11:23:26.559+0000][gc,task     ] GC(1256) Using 8 workers of 8 for evacuation
[2026-01-16T11:23:26.584+0000][gc,phases   ] GC(1256)   Pre Evacuate Collection Set: 2.4ms
[2026-01-16T11:23:26.584+0000][gc,phases   ] GC(1256)   Merge Heap Roots: 0.5ms
[2026-01-16T11:23:26.584+0000][gc,phases   ] GC(1256)   Evacuate Collection Set: 16.1ms
[2026-01-16T11:23:26.584+0000][gc,phases   ] GC(1256)   Post Evacuate Collection Set: 5.2ms
[2026-01-16T11:23:26.584+0000][gc,phases   ] GC(1256)   Other: 0.6ms
[2026-01-16T11:23:26.584+0000][gc,heap     ] GC(1256) Eden regions: 612->0(612)
[2026-01-16T11:23:26.584+0000][gc,heap     ] GC(1256) Survivor regions: 2->2(77)
[2026-01-16T11:23:26.584+0000][gc,heap     ] GC(1256) Old regions: 73->73
[2026-01-16T11:23:26.584+0000][gc,heap     ] GC(1256) Humongous regions: 38->38
[2026-01-16T11:23:26.585+0000][gc,metaspace] GC(1256) Metaspace: 13164K(13696K)->13164K(13696K) NonClass: 12054K(12288K)->12054K(12288K) Class: 1110K(1408K)->1110K(1408K)
[2026-01-16T11:23:26.585+0000][gc          ] GC(1256) Pause Young (Normal) (G1 Evacuation Pause) 723M->112M(1024M) 26.619ms
[2026-01-16T11:23:26.585+0000][gc,cpu      ] GC(1256) User=0.13s Sys=0.00s Real=0.03s
[2026-01-16T11:24:18.804+0000][gc,start    ] GC(1257) Pause Young (Normal) (G1 Evacuation Pause)
[2026-01-16T11:24:18.804+0000][gc,task     ] GC(1257) Using 8 workers of 8 for evacuation
[2026-01-16T11:24:18.835+0000][gc,phases   ] GC(1257)   Pre Evacuate Collection Set: 3.4ms
[2026-01-16T11:24:18.835+0000][gc,phases   ] GC(1257)   Merge Heap Roots: 0.6ms
[2026-01-16T11:24:18.836+0000][gc,phases   ] GC(1257)   Evacuate Collection Set: 20.2ms
[2026-01-16T11:24:18.836+0000][gc,phases   ] GC(1257)   Post Evacuate Collection Set: 5.4ms
[2026-01-16T11:24:18.836+0000][gc,phases   ] GC(1257)   Other: 1.1ms
[2026-01-16T11:24:18.836+0000][gc,heap     ] GC(1257) Eden regions: 612->0(611)
[2026-01-16T11:24:18.836+0000][gc,heap     ] GC(1257) Survivor regions: 2->3(77)
[2026-01-16T11:24:18.836+0000][gc,heap     ] GC(1257) Old regions: 73->73
[2026-01-16T11:24:18.836+0000][gc,heap     ] GC(1257) Humongous regions: 38->38
[2026-01-16T11:24:18.837+0000][gc,metaspace] GC(1257) Metaspace: 13164K(13696K)->13164K(13696K) NonClass: 12054K(12288K)->12054K(12288K) Class: 1110K(1408K)->1110K(1408K)
[2026-01-16T11:24:18.839+0000][gc          ] GC(1257) Pause Young (Normal) (G1 Evacuation Pause) 724M->112M(1024M) 35.210ms
[2026-01-16T11:24:18.839+0000][gc,cpu      ] GC(1257) User=0.13s Sys=0.02s Real=0.04s
[2026-01-16T11:25:16.224+0000][gc,start    ] GC(1258) Pause Young (Normal) (G1 Evacuation Pause)
[2026-01-16T11:25:16.226+0000][gc,task     ] GC(1258) Using 8 workers of 8 for evacuation
[2026-01-16T11:25:16.273+0000][gc,phases   ] GC(1258)   Pre Evacuate Collection Set: 4.7ms
[2026-01-16T11:25:16.273+0000][gc,phases   ] GC(1258)   Merge Heap Roots: 1.2ms
[2026-01-16T11:25:16.273+0000][gc,phases   ] GC(1258)   Evacuate Collection Set: 29.3ms
[2026-01-16T11:25:16.274+0000][gc,phases   ] GC(1258)   Post Evacuate Collection Set: 9.9ms
[2026-01-16T11:25:16.274+0000][gc,phases   ] GC(1258)   Other: 1.7ms
[2026-01-16T11:25:16.274+0000][gc,heap     ] GC(1258) Eden regions: 611->0(612)
[2026-01-16T11:25:16.274+0000][gc,heap     ] GC(1258) Survivor regions: 3->2(77)
[2026-01-16T11:25:16.274+0000][gc,heap     ] GC(1258) Old regions: 73->73
[2026-01-16T11:25:16.274+0000][gc,heap     ] GC(1258) Humongous regions: 38->38
[2026-01-16T11:25:16.274+0000][gc,metaspace] GC(1258) Metaspace: 13164K(13696K)->13164K(13696K) NonClass: 12054K(12288K)->12054K(12288K) Class: 1110K(1408K)->1110K(1408K)
[2026-01-16T11:25:16.275+0000][gc          ] GC(1258) Pause Young (Normal) (G1 Evacuation Pause) 723M->111M(1024M) 50.684ms
[2026-01-16T11:25:16.275+0000][gc,cpu      ] GC(1258) User=0.18s Sys=0.01s Real=0.05s
[2026-01-16T11:26:13.437+0000][gc,start    ] GC(1259) Pause Young (Normal) (G1 Evacuation Pause)
[2026-01-16T11:26:13.475+0000][gc,task     ] GC(1259) Using 8 workers of 8 for evacuation
[2026-01-16T11:26:14.628+0000][gc,mmu      ] GC(1259) MMU target violated: 201.0ms (200.0ms/201.0ms)
[2026-01-16T11:26:14.633+0000][gc,phases   ] GC(1259)   Pre Evacuate Collection Set: 138.7ms
[2026-01-16T11:26:14.633+0000][gc,phases   ] GC(1259)   Merge Heap Roots: 9.6ms
[2026-01-16T11:26:14.634+0000][gc,phases   ] GC(1259)   Evacuate Collection Set: 832.4ms
[2026-01-16T11:26:14.634+0000][gc,phases   ] GC(1259)   Post Evacuate Collection Set: 153.9ms
[2026-01-16T11:26:14.635+0000][gc,phases   ] GC(1259)   Other: 23.4ms
[2026-01-16T11:26:14.635+0000][gc,heap     ] GC(1259) Eden regions: 612->0(46)
[2026-01-16T11:26:14.636+0000][gc,heap     ] GC(1259) Survivor regions: 2->5(77)
[2026-01-16T11:26:14.637+0000][gc,heap     ] GC(1259) Old regions: 73->73
[2026-01-16T11:26:14.647+0000][gc,heap     ] GC(1259) Humongous regions: 38->38
[2026-01-16T11:26:14.647+0000][gc,metaspace] GC(1259) Metaspace: 13170K(13696K)->13170K(13696K) NonClass: 12059K(12288K)->12059K(12288K) Class: 1110K(1408K)->1110K(1408K)
[2026-01-16T11:26:14.647+0000][gc          ] GC(1259) Pause Young (Normal) (G1 Evacuation Pause) 723M->114M(1024M) 1209.908ms
[2026-01-16T11:26:14.647+0000][gc,cpu      ] GC(1259) User=0.62s Sys=0.07s Real=1.21s
[2026-01-16T11:26:17.010+0000][gc,start    ] GC(1260) Pause Young (Normal) (G1 Evacuation Pause)
[2026-01-16T11:26:17.011+0000][gc,task     ] GC(1260) Using 8 workers of 8 for evacuation
[2026-01-16T11:26:17.942+0000][gc,mmu      ] GC(1260) MMU target violated: 201.0ms (200.0ms/201.0ms)
[2026-01-16T11:26:17.952+0000][gc,phases   ] GC(1260)   Pre Evacuate Collection Set: 25.4ms
[2026-01-16T11:26:17.952+0000][gc,phases   ] GC(1260)   Merge Heap Roots: 5.0ms
[2026-01-16T11:26:17.952+0000][gc,phases   ] GC(1260)   Evacuate Collection Set: 867.8ms
[2026-01-16T11:26:17.952+0000][gc,phases   ] GC(1260)   Post Evacuate Collection Set: 30.5ms
[2026-01-16T11:26:17.952+0000][gc,phases   ] GC(1260)   Other: 12.5ms
[2026-01-16T11:26:17.952+0000][gc,heap     ] GC(1260) Eden regions: 46->0(46)
[2026-01-16T11:26:17.952+0000][gc,heap     ] GC(1260) Survivor regions: 5->5(7)
[2026-01-16T11:26:17.952+0000][gc,heap     ] GC(1260) Old regions: 73->73
[2026-01-16T11:26:17.952+0000][gc,heap     ] GC(1260) Humongous regions: 38->38
[2026-01-16T11:26:17.952+0000][gc,metaspace] GC(1260) Metaspace: 13170K(13696K)->13170K(13696K) NonClass: 12059K(12288K)->12059K(12288K) Class: 1110K(1408K)->1110K(1408K)
[2026-01-16T11:26:17.952+0000][gc          ] GC(1260) Pause Young (Normal) (G1 Evacuation Pause) 160M->115M(1024M) 942.577ms
[2026-01-16T11:26:17.952+0000][gc,cpu      ] GC(1260) User=0.50s Sys=0.06s Real=0.94s
[2026-01-16T11:26:18.969+0000][gc,start    ] GC(1261) Pause Young (Normal) (G1 Evacuation Pause)
[2026-01-16T11:26:18.973+0000][gc,task     ] GC(1261) Using 8 workers of 8 for evacuation
[2026-01-16T11:26:19.147+0000][gc,phases   ] GC(1261)   Pre Evacuate Collection Set: 14.9ms
[2026-01-16T11:26:19.148+0000][gc,phases   ] GC(1261)   Merge Heap Roots: 8.0ms
[2026-01-16T11:26:19.148+0000][gc,phases   ] GC(1261)   Evacuate Collection Set: 146.3ms
[2026-01-16T11:26:19.149+0000][gc,phases   ] GC(1261)   Post Evacuate Collection Set: 3.9ms
[2026-01-16T11:26:19.149+0000][gc,phases   ] GC(1261)   Other: 1.4ms
[2026-01-16T11:26:19.150+0000][gc,heap     ] GC(1261) Eden regions: 46->0(49)
[2026-01-16T11:26:19.157+0000][gc,heap     ] GC(1261) Survivor regions: 5->2(7)
[2026-01-16T11:26:19.157+0000][gc,heap     ] GC(1261) Old regions: 73->77
[2026-01-16T11:26:19.157+0000][gc,heap     ] GC(1261) Humongous regions: 38->38
[2026-01-16T11:26:19.158+0000][gc,metaspace] GC(1261) Metaspace: 13170K(13696K)->13170K(13696K) NonClass: 12059K(12288K)->12059K(12288K) Class: 1110K(1408K)->1110K(1408K)
[2026-01-16T11:26:19.158+0000][gc          ] GC(1261) Pause Young (Normal) (G1 Evacuation Pause) 161M->115M(1024M) 188.466ms
[2026-01-16T11:26:19.158+0000][gc,cpu      ] GC(1261) User=0.08s Sys=0.04s Real=0.18s
[2026-01-16T11:26:20.771+0000][gc,start    ] GC(1262) Pause Young (Normal) (G1 Evacuation Pause)
[2026-01-16T11:26:20.777+0000][gc,task     ] GC(1262) Using 8 workers of 8 for evacuation
[2026-01-16T11:26:20.954+0000][gc,phases   ] GC(1262)   Pre Evacuate Collection Set: 9.7ms
[2026-01-16T11:26:20.956+0000][gc,phases   ] GC(1262)   Merge Heap Roots: 1.9ms
[2026-01-16T11:26:20.957+0000][gc,phases   ] GC(1262)   Evacuate Collection Set: 156.5ms
[2026-01-16T11:26:20.957+0000][gc,phases   ] GC(1262)   Post Evacuate Collection Set: 7.5ms
[2026-01-16T11:26:20.958+0000][gc,phases   ] GC(1262)   Other: 1.5ms
[2026-01-16T11:26:20.960+0000][gc,heap     ] GC(1262) Eden regions: 49->0(48)
[2026-01-16T11:26:20.962+0000][gc,heap     ] GC(1262) Survivor regions: 2->3(7)
[2026-01-16T11:26:20.964+0000][gc,heap     ] GC(1262) Old regions: 77->77
[2026-01-16T11:26:20.966+0000][gc,heap     ] GC(1262) Humongous regions: 38->38
[2026-01-16T11:26:20.967+0000][gc,metaspace] GC(1262) Metaspace: 13170K(13696K)->13170K(13696K) NonClass: 12059K(12288K)->12059K(12288K) Class: 1110K(1408K)->1110K(1408K)
[2026-01-16T11:26:20.968+0000][gc          ] GC(1262) Pause Young (Normal) (G1 Evacuation Pause) 164M->116M(1024M) 197.253ms
[2026-01-16T11:26:20.968+0000][gc,cpu      ] GC(1262) User=0.11s Sys=0.00s Real=0.19s
[2026-01-16T11:26:22.481+0000][gc,start    ] GC(1263) Pause Young (Normal) (G1 Evacuation Pause)
[2026-01-16T11:26:22.485+0000][gc,task     ] GC(1263) Using 8 workers of 8 for evacuation
[2026-01-16T11:26:22.579+0000][gc,phases   ] GC(1263)   Pre Evacuate Collection Set: 4.3ms
[2026-01-16T11:26:22.581+0000][gc,phases   ] GC(1263)   Merge Heap Roots: 0.6ms
[2026-01-16T11:26:22.589+0000][gc,phases   ] GC(1263)   Evacuate Collection Set: 66.4ms
[2026-01-16T11:26:22.598+0000][gc,phases   ] GC(1263)   Post Evacuate Collection Set: 20.1ms
[2026-01-16T11:26:22.600+0000][gc,phases   ] GC(1263)   Other: 2.5ms
[2026-01-16T11:26:22.603+0000][gc,heap     ] GC(1263) Eden regions: 48->0(48)
[2026-01-16T11:26:22.605+0000][gc,heap     ] GC(1263) Survivor regions: 3->3(7)
[2026-01-16T11:26:22.605+0000][gc,heap     ] GC(1263) Old regions: 77->77
[2026-01-16T11:26:22.606+0000][gc,heap     ] GC(1263) Humongous regions: 38->38
[2026-01-16T11:26:22.606+0000][gc,metaspace] GC(1263) Metaspace: 13170K(13696K)->13170K(13696K) NonClass: 12059K(12288K)->12059K(12288K) Class: 1110K(1408K)->1110K(1408K)
[2026-01-16T11:26:22.606+0000][gc          ] GC(1263) Pause Young (Normal) (G1 Evacuation Pause) 164M->116M(1024M) 125.139ms
[2026-01-16T11:26:22.608+0000][gc,cpu      ] GC(1263) User=0.04s Sys=0.01s Real=0.12s
[2026-01-16T11:26:26.804+0000][gc,start    ] GC(1264) Pause Young (Normal) (G1 Evacuation Pause)
[2026-01-16T11:26:26.805+0000][gc,task     ] GC(1264) Using 8 workers of 8 for evacuation
[2026-01-16T11:26:26.875+0000][gc,phases   ] GC(1264)   Pre Evacuate Collection Set: 6.0ms
[2026-01-16T11:26:26.875+0000][gc,phases   ] GC(1264)   Merge Heap Roots: 3.5ms
[2026-01-16T11:26:26.875+0000][gc,phases   ] GC(1264)   Evacuate Collection Set: 52.3ms
[2026-01-16T11:26:26.875+0000][gc,phases   ] GC(1264)   Post Evacuate Collection Set: 6.7ms
[2026-01-16T11:26:26.876+0000][gc,phases   ] GC(1264)   Other: 1.4ms
[2026-01-16T11:26:26.876+0000][gc,heap     ] GC(1264) Eden regions: 48->0(74)
[2026-01-16T11:26:26.876+0000][gc,heap     ] GC(1264) Survivor regions: 3->2(7)
[2026-01-16T11:26:26.876+0000][gc,heap     ] GC(1264) Old regions: 77->77
[2026-01-16T11:26:26.876+0000][gc,heap     ] GC(1264) Humongous regions: 38->38
[2026-01-16T11:26:26.876+0000][gc,metaspace] GC(1264) Metaspace: 13170K(13696K)->13170K(13696K) NonClass: 12059K(12288K)->12059K(12288K) Class: 1110K(1408K)->1110K(1408K)
[2026-01-16T11:26:26.877+0000][gc          ] GC(1264) Pause Young (Normal) (G1 Evacuation Pause) 164M->116M(1024M) 72.979ms
[2026-01-16T11:26:26.877+0000][gc,cpu      ] GC(1264) User=0.10s Sys=0.01s Real=0.07s
[2026-01-16T11:26:36.953+0000][gc,start    ] GC(1265) Pause Young (Normal) (G1 Evacuation Pause)
[2026-01-16T11:26:36.969+0000][gc,task     ] GC(1265) Using 8 workers of 8 for evacuation
[2026-01-16T11:26:37.006+0000][gc,phases   ] GC(1265)   Pre Evacuate Collection Set: 6.0ms
[2026-01-16T11:26:37.006+0000][gc,phases   ] GC(1265)   Merge Heap Roots: 0.8ms
[2026-01-16T11:26:37.006+0000][gc,phases   ] GC(1265)   Evacuate Collection Set: 26.2ms
[2026-01-16T11:26:37.006+0000][gc,phases   ] GC(1265)   Post Evacuate Collection Set: 2.9ms
[2026-01-16T11:26:37.006+0000][gc,phases   ] GC(1265)   Other: 2.1ms
[2026-01-16T11:26:37.006+0000][gc,heap     ] GC(1265) Eden regions: 104->0(147)
[2026-01-16T11:26:37.007+0000][gc,heap     ] GC(1265) Survivor regions: 2->2(14)
[2026-01-16T11:26:37.007+0000][gc,heap     ] GC(1265) Old regions: 77->77
[2026-01-16T11:26:37.007+0000][gc,heap     ] GC(1265) Humongous regions: 38->38
[2026-01-16T11:26:37.007+0000][gc,metaspace] GC(1265) Metaspace: 13170K(13696K)->13170K(13696K) NonClass: 12060K(12288K)->12060K(12288K) Class: 1110K(1408K)->1110K(1408K)
[2026-01-16T11:26:37.007+0000][gc          ] GC(1265) Pause Young (Normal) (G1 Evacuation Pause) 220M->116M(1024M) 54.047ms
[2026-01-16T11:26:37.007+0000][gc,cpu      ] GC(1265) User=0.11s Sys=0.01s Real=0.05s
[2026-01-16T11:26:47.536+0000][gc,start    ] GC(1266) Pause Young (Normal) (G1 Evacuation Pause)
[2026-01-16T11:26:47.538+0000][gc,task     ] GC(1266) Using 8 workers of 8 for evacuation
[2026-01-16T11:26:47.585+0000][gc,phases   ] GC(1266)   Pre Evacuate Collection Set: 19.6ms
[2026-01-16T11:26:47.585+0000][gc,phases   ] GC(1266)   Merge Heap Roots: 0.9ms
[2026-01-16T11:26:47.585+0000][gc,phases   ] GC(1266)   Evacuate Collection Set: 18.8ms
[2026-01-16T11:26:47.585+0000][gc,phases   ] GC(1266)   Post Evacuate Collection Set: 6.5ms
[2026-01-16T11:26:47.586+0000][gc,phases   ] GC(1266)   Other: 1.3ms
[2026-01-16T11:26:47.586+0000][gc,heap     ] GC(1266) Eden regions: 156->0(173)
[2026-01-16T11:26:47.586+0000][gc,heap     ] GC(1266) Survivor regions: 2->3(20)
[2026-01-16T11:26:47.586+0000][gc,heap     ] GC(1266) Old regions: 77->77
[2026-01-16T11:26:47.586+0000][gc,heap     ] GC(1266) Humongous regions: 38->38
[2026-01-16T11:26:47.587+0000][gc,metaspace] GC(1266) Metaspace: 13170K(13696K)->13170K(13696K) NonClass: 12060K(12288K)->12060K(12288K) Class: 1110K(1408K)->1110K(1408K)
[2026-01-16T11:26:47.587+0000][gc          ] GC(1266) Pause Young (Normal) (G1 Evacuation Pause) 272M->116M(1024M) 50.745ms
[2026-01-16T11:26:47.587+0000][gc,cpu      ] GC(1266) User=0.11s Sys=0.01s Real=0.05s
[2026-01-16T11:27:06.611+0000][gc,start    ] GC(1267) Pause Young (Normal) (G1 Evacuation Pause)
[2026-01-16T11:27:06.613+0000][gc,task     ] GC(1267) Using 8 workers of 8 for evacuation
[2026-01-16T11:27:06.770+0000][gc,phases   ] GC(1267)   Pre Evacuate Collection Set: 22.1ms
[2026-01-16T11:27:06.771+0000][gc,phases   ] GC(1267)   Merge Heap Roots: 19.8ms
[2026-01-16T11:27:06.771+0000][gc,phases   ] GC(1267)   Evacuate Collection Set: 88.1ms
[2026-01-16T11:27:06.771+0000][gc,phases   ] GC(1267)   Post Evacuate Collection Set: 20.5ms
[2026-01-16T11:27:06.771+0000][gc,phases   ] GC(1267)   Other: 3.6ms
[2026-01-16T11:27:06.773+0000][gc,heap     ] GC(1267) Eden regions: 178->0(229)
[2026-01-16T11:27:06.773+0000][gc,heap     ] GC(1267) Survivor regions: 3->3(23)
[2026-01-16T11:27:06.773+0000][gc,heap     ] GC(1267) Old regions: 77->77
[2026-01-16T11:27:06.773+0000][gc,heap     ] GC(1267) Humongous regions: 38->38
[2026-01-16T11:27:06.773+0000][gc,metaspace] GC(1267) Metaspace: 13170K(13696K)->13170K(13696K) NonClass: 12060K(12288K)->12060K(12288K) Class: 1110K(1408K)->1110K(1408K)
[2026-01-16T11:27:06.774+0000][gc          ] GC(1267) Pause Young (Normal) (G1 Evacuation Pause) 294M->116M(1024M) 163.087ms
[2026-01-16T11:27:06.774+0000][gc,cpu      ] GC(1267) User=0.17s Sys=0.02s Real=0.16s
[2026-01-16T11:27:19.388+0000][gc,start    ] GC(1268) Pause Young (Normal) (G1 Evacuation Pause)
[2026-01-16T11:27:19.391+0000][gc,task     ] GC(1268) Using 8 workers of 8 for evacuation
[2026-01-16T11:27:19.521+0000][gc,phases   ] GC(1268)   Pre Evacuate Collection Set: 9.3ms
[2026-01-16T11:27:19.522+0000][gc,phases   ] GC(1268)   Merge Heap Roots: 0.6ms
[2026-01-16T11:27:19.523+0000][gc,phases   ] GC(1268)   Evacuate Collection Set: 109.1ms
[2026-01-16T11:27:19.524+0000][gc,phases   ] GC(1268)   Post Evacuate Collection Set: 10.0ms
[2026-01-16T11:27:19.524+0000][gc,phases   ] GC(1268)   Other: 1.9ms
[2026-01-16T11:27:19.525+0000][gc,heap     ] GC(1268) Eden regions: 218->0(178)
[2026-01-16T11:27:19.526+0000][gc,heap     ] GC(1268) Survivor regions: 3->4(28)
[2026-01-16T11:27:19.527+0000][gc,heap     ] GC(1268) Old regions: 77->77
[2026-01-16T11:27:19.527+0000][gc,heap     ] GC(1268) Humongous regions: 38->38
[2026-01-16T11:27:19.528+0000][gc,metaspace] GC(1268) Metaspace: 13170K(13696K)->13170K(13696K) NonClass: 12060K(12288K)->12060K(12288K) Class: 1110K(1408K)->1110K(1408K)
[2026-01-16T11:27:19.535+0000][gc          ] GC(1268) Pause Young (Normal) (G1 Evacuation Pause) 334M->117M(1024M) 144.367ms
[2026-01-16T11:27:19.541+0000][gc,cpu      ] GC(1268) User=0.19s Sys=0.01s Real=0.16s
[2026-01-16T11:27:36.727+0000][gc,start    ] GC(1269) Pause Young (Normal) (G1 Evacuation Pause)
[2026-01-16T11:27:36.731+0000][gc,task     ] GC(1269) Using 8 workers of 8 for evacuation
[2026-01-16T11:27:36.872+0000][gc,phases   ] GC(1269)   Pre Evacuate Collection Set: 21.8ms
[2026-01-16T11:27:36.875+0000][gc,phases   ] GC(1269)   Merge Heap Roots: 0.8ms
[2026-01-16T11:27:36.877+0000][gc,phases   ] GC(1269)   Evacuate Collection Set: 108.3ms
[2026-01-16T11:27:36.879+0000][gc,phases   ] GC(1269)   Post Evacuate Collection Set: 9.6ms
[2026-01-16T11:27:36.880+0000][gc,phases   ] GC(1269)   Other: 0.5ms
[2026-01-16T11:27:36.881+0000][gc,heap     ] GC(1269) Eden regions: 152->0(375)
[2026-01-16T11:27:36.883+0000][gc,heap     ] GC(1269) Survivor regions: 4->3(20)
[2026-01-16T11:27:36.884+0000][gc,heap     ] GC(1269) Old regions: 77->77
[2026-01-16T11:27:36.884+0000][gc,heap     ] GC(1269) Humongous regions: 38->38
[2026-01-16T11:27:36.884+0000][gc,metaspace] GC(1269) Metaspace: 13170K(13696K)->13170K(13696K) NonClass: 12060K(12288K)->12060K(12288K) Class: 1110K(1408K)->1110K(1408K)
[2026-01-16T11:27:36.885+0000][gc          ] GC(1269) Pause Young (Normal) (G1 Evacuation Pause) 269M->117M(1024M) 157.395ms
[2026-01-16T11:27:36.886+0000][gc,cpu      ] GC(1269) User=0.14s Sys=0.01s Real=0.16s
[2026-01-16T11:28:07.515+0000][gc,start    ] GC(1270) Pause Young (Normal) (G1 Evacuation Pause)
[2026-01-16T11:28:07.517+0000][gc,task     ] GC(1270) Using 8 workers of 8 for evacuation
[2026-01-16T11:28:07.672+0000][gc,phases   ] GC(1270)   Pre Evacuate Collection Set: 7.4ms
[2026-01-16T11:28:07.672+0000][gc,phases   ] GC(1270)   Merge Heap Roots: 3.1ms
[2026-01-16T11:28:07.673+0000][gc,phases   ] GC(1270)   Evacuate Collection Set: 124.3ms
[2026-01-16T11:28:07.673+0000][gc,phases   ] GC(1270)   Post Evacuate Collection Set: 18.9ms
[2026-01-16T11:28:07.674+0000][gc,phases   ] GC(1270)   Other: 1.9ms
[2026-01-16T11:28:07.674+0000][gc,heap     ] GC(1270) Eden regions: 365->0(287)
[2026-01-16T11:28:07.675+0000][gc,heap     ] GC(1270) Survivor regions: 3->4(46)
[2026-01-16T11:28:07.675+0000][gc,heap     ] GC(1270) Old regions: 77->77
[2026-01-16T11:28:07.675+0000][gc,heap     ] GC(1270) Humongous regions: 38->38
[2026-01-16T11:28:07.675+0000][gc,metaspace] GC(1270) Metaspace: 13170K(13696K)->13170K(13696K) NonClass: 12060K(12288K)->12060K(12288K) Class: 1110K(1408K)->1110K(1408K)
[2026-01-16T11:28:07.676+0000][gc          ] GC(1270) Pause Young (Normal) (G1 Evacuation Pause) 482M->118M(1024M) 160.316ms
[2026-01-16T11:28:07.676+0000][gc,cpu      ] GC(1270) User=0.28s Sys=0.02s Real=0.16s
[2026-01-16T11:28:27.903+0000][gc,start    ] GC(1271) Pause Young (Normal) (G1 Evacuation Pause)
[2026-01-16T11:28:27.905+0000][gc,task     ] GC(1271) Using 8 workers of 8 for evacuation
[2026-01-16T11:28:27.954+0000][gc,phases   ] GC(1271)   Pre Evacuate Collection Set: 7.8ms
[2026-01-16T11:28:27.955+0000][gc,phases   ] GC(1271)   Merge Heap Roots: 1.0ms
[2026-01-16T11:28:27.955+0000][gc,phases   ] GC(1271)   Evacuate Collection Set: 36.0ms
[2026-01-16T11:28:27.955+0000][gc,phases   ] GC(1271)   Post Evacuate Collection Set: 2.7ms
[2026-01-16T11:28:27.955+0000][gc,phases   ] GC(1271)   Other: 1.8ms
[2026-01-16T11:28:27.955+0000][gc,heap     ] GC(1271) Eden regions: 277->0(378)
[2026-01-16T11:28:27.955+0000][gc,heap     ] GC(1271) Survivor regions: 4->5(36)
[2026-01-16T11:28:27.955+0000][gc,heap     ] GC(1271) Old regions: 77->77
[2026-01-16T11:28:27.955+0000][gc,heap     ] GC(1271) Humongous regions: 38->38
[2026-01-16T11:28:27.955+0000][gc,metaspace] GC(1271) Metaspace: 13170K(13696K)->13170K(13696K) NonClass: 12060K(12288K)->12060K(12288K) Class: 1110K(1408K)->1110K(1408K)
[2026-01-16T11:28:27.955+0000][gc          ] GC(1271) Pause Young (Normal) (G1 Evacuation Pause) 395M->119M(1024M) 52.474ms
[2026-01-16T11:28:27.955+0000][gc,cpu      ] GC(1271) User=0.23s Sys=0.02s Real=0.05s
[2026-01-16T11:28:59.968+0000][gc,start    ] GC(1272) Pause Young (Normal) (G1 Evacuation Pause)
[2026-01-16T11:28:59.974+0000][gc,task     ] GC(1272) Using 8 workers of 8 for evacuation
[2026-01-16T11:29:00.366+0000][gc,mmu      ] GC(1272) MMU target violated: 201.0ms (200.0ms/201.0ms)
[2026-01-16T11:29:00.366+0000][gc,phases   ] GC(1272)   Pre Evacuate Collection Set: 87.9ms
[2026-01-16T11:29:00.366+0000][gc,phases   ] GC(1272)   Merge Heap Roots: 2.4ms
[2026-01-16T11:29:00.367+0000][gc,phases   ] GC(1272)   Evacuate Collection Set: 284.1ms
[2026-01-16T11:29:00.367+0000][gc,phases   ] GC(1272)   Post Evacuate Collection Set: 8.1ms
[2026-01-16T11:29:00.367+0000][gc,phases   ] GC(1272)   Other: 13.3ms
[2026-01-16T11:29:00.368+0000][gc,heap     ] GC(1272) Eden regions: 365->0(45)
[2026-01-16T11:29:00.368+0000][gc,heap     ] GC(1272) Survivor regions: 5->6(47)
[2026-01-16T11:29:00.368+0000][gc,heap     ] GC(1272) Old regions: 77->77
[2026-01-16T11:29:00.368+0000][gc,heap     ] GC(1272) Humongous regions: 38->38
[2026-01-16T11:29:00.369+0000][gc,metaspace] GC(1272) Metaspace: 13170K(13696K)->13170K(13696K) NonClass: 12060K(12288K)->12060K(12288K) Class: 1110K(1408K)->1110K(1408K)
[2026-01-16T11:29:00.369+0000][gc          ] GC(1272) Pause Young (Normal) (G1 Evacuation Pause) 484M->119M(1024M) 401.143ms
[2026-01-16T11:29:00.369+0000][gc,cpu      ] GC(1272) User=0.42s Sys=0.11s Real=0.40s
[2026-01-16T11:29:06.532+0000][gc,start    ] GC(1273) Pause Young (Normal) (G1 Evacuation Pause)
[2026-01-16T11:29:06.535+0000][gc,task     ] GC(1273) Using 8 workers of 8 for evacuation
[2026-01-16T11:29:06.611+0000][gc,phases   ] GC(1273)   Pre Evacuate Collection Set: 6.6ms
[2026-01-16T11:29:06.611+0000][gc,phases   ] GC(1273)   Merge Heap Roots: 6.4ms
[2026-01-16T11:29:06.612+0000][gc,phases   ] GC(1273)   Evacuate Collection Set: 54.0ms
[2026-01-16T11:29:06.612+0000][gc,phases   ] GC(1273)   Post Evacuate Collection Set: 3.8ms
[2026-01-16T11:29:06.612+0000][gc,phases   ] GC(1273)   Other: 4.1ms
[2026-01-16T11:29:06.612+0000][gc,heap     ] GC(1273) Eden regions: 45->0(179)
[2026-01-16T11:29:06.612+0000][gc,heap     ] GC(1273) Survivor regions: 6->4(7)
[2026-01-16T11:29:06.612+0000][gc,heap     ] GC(1273) Old regions: 77->79
[2026-01-16T11:29:06.613+0000][gc,heap     ] GC(1273) Humongous regions: 38->38
[2026-01-16T11:29:06.613+0000][gc,metaspace] GC(1273) Metaspace: 13170K(13696K)->13170K(13696K) NonClass: 12060K(12288K)->12060K(12288K) Class: 1110K(1408K)->1110K(1408K)
[2026-01-16T11:29:06.614+0000][gc          ] GC(1273) Pause Young (Normal) (G1 Evacuation Pause) 164M->119M(1024M) 81.341ms
[2026-01-16T11:29:06.614+0000][gc,cpu      ] GC(1273) User=0.16s Sys=0.04s Real=0.09s
[2026-01-16T11:29:07.472+0000][gc,start    ] GC(1274) Pause Young (Normal) (G1 Evacuation Pause)
[2026-01-16T11:29:07.472+0000][gc,task     ] GC(1274) Using 8 workers of 8 for evacuation
[2026-01-16T11:29:07.486+0000][gc,phases   ] GC(1274)   Pre Evacuate Collection Set: 0.5ms
[2026-01-16T11:29:07.486+0000][gc,phases   ] GC(1274)   Merge Heap Roots: 0.3ms
[2026-01-16T11:29:07.486+0000][gc,phases   ] GC(1274)   Evacuate Collection Set: 12.1ms
[2026-01-16T11:29:07.486+0000][gc,phases   ] GC(1274)   Post Evacuate Collection Set: 0.9ms
[2026-01-16T11:29:07.486+0000][gc,phases   ] GC(1274)   Other: 0.3ms
[2026-01-16T11:29:07.487+0000][gc,heap     ] GC(1274) Eden regions: 78->0(266)
[2026-01-16T11:29:07.487+0000][gc,heap     ] GC(1274) Survivor regions: 4->4(11)
[2026-01-16T11:29:07.487+0000][gc,heap     ] GC(1274) Old regions: 79->79
[2026-01-16T11:29:07.487+0000][gc,heap     ] GC(1274) Humongous regions: 38->38
[2026-01-16T11:29:07.487+0000][gc,metaspace] GC(1274) Metaspace: 13170K(13696K)->13170K(13696K) NonClass: 12060K(12288K)->12060K(12288K) Class: 1110K(1408K)->1110K(1408K)
[2026-01-16T11:29:07.487+0000][gc          ] GC(1274) Pause Young (Normal) (G1 Evacuation Pause) 197M->119M(1024M) 15.122ms
[2026-01-16T11:29:07.487+0000][gc,cpu      ] GC(1274) User=0.07s Sys=0.01s Real=0.02s
[2026-01-16T11:29:36.802+0000][gc,start    ] GC(1275) Pause Young (Normal) (G1 Evacuation Pause)
[2026-01-16T11:29:36.807+0000][gc,task     ] GC(1275) Using 8 workers of 8 for evacuation
[2026-01-16T11:29:36.889+0000][gc,phases   ] GC(1275)   Pre Evacuate Collection Set: 9.9ms
[2026-01-16T11:29:36.889+0000][gc,phases   ] GC(1275)   Merge Heap Roots: 10.6ms
[2026-01-16T11:29:36.889+0000][gc,phases   ] GC(1275)   Evacuate Collection Set: 44.4ms
[2026-01-16T11:29:36.890+0000][gc,phases   ] GC(1275)   Post Evacuate Collection Set: 11.8ms
[2026-01-16T11:29:36.890+0000][gc,phases   ] GC(1275)   Other: 5.9ms
[2026-01-16T11:29:36.890+0000][gc,heap     ] GC(1275) Eden regions: 276->0(419)
[2026-01-16T11:29:36.890+0000][gc,heap     ] GC(1275) Survivor regions: 4->4(35)
[2026-01-16T11:29:36.890+0000][gc,heap     ] GC(1275) Old regions: 79->79
[2026-01-16T11:29:36.890+0000][gc,heap     ] GC(1275) Humongous regions: 38->38
[2026-01-16T11:29:36.890+0000][gc,metaspace] GC(1275) Metaspace: 13170K(13696K)->13170K(13696K) NonClass: 12060K(12288K)->12060K(12288K) Class: 1110K(1408K)->1110K(1408K)
[2026-01-16T11:29:36.893+0000][gc          ] GC(1275) Pause Young (Normal) (G1 Evacuation Pause) 395M->119M(1024M) 91.791ms
[2026-01-16T11:29:36.893+0000][gc,cpu      ] GC(1275) User=0.28s Sys=0.02s Real=0.09s
[2026-01-16T11:30:08.325+0000][gc,start    ] GC(1276) Pause Young (Normal) (G1 Evacuation Pause)
[2026-01-16T11:30:08.326+0000][gc,task     ] GC(1276) Using 8 workers of 8 for evacuation
[2026-01-16T11:30:08.377+0000][gc,phases   ] GC(1276)   Pre Evacuate Collection Set: 2.3ms
[2026-01-16T11:30:08.377+0000][gc,phases   ] GC(1276)   Merge Heap Roots: 0.7ms
[2026-01-16T11:30:08.377+0000][gc,phases   ] GC(1276)   Evacuate Collection Set: 42.6ms
[2026-01-16T11:30:08.377+0000][gc,phases   ] GC(1276)   Post Evacuate Collection Set: 4.6ms
[2026-01-16T11:30:08.377+0000][gc,phases   ] GC(1276)   Other: 0.6ms
[2026-01-16T11:30:08.377+0000][gc,heap     ] GC(1276) Eden regions: 435->0(557)
[2026-01-16T11:30:08.377+0000][gc,heap     ] GC(1276) Survivor regions: 4->5(55)
[2026-01-16T11:30:08.377+0000][gc,heap     ] GC(1276) Old regions: 79->79
[2026-01-16T11:30:08.377+0000][gc,heap     ] GC(1276) Humongous regions: 38->38
[2026-01-16T11:30:08.377+0000][gc,metaspace] GC(1276) Metaspace: 13170K(13696K)->13170K(13696K) NonClass: 12060K(12288K)->12060K(12288K) Class: 1110K(1408K)->1110K(1408K)
[2026-01-16T11:30:08.377+0000][gc          ] GC(1276) Pause Young (Normal) (G1 Evacuation Pause) 554M->120M(1024M) 51.971ms
[2026-01-16T11:30:08.377+0000][gc,cpu      ] GC(1276) User=0.29s Sys=0.03s Real=0.06s
[2026-01-16T11:30:57.619+0000][gc,start    ] GC(1277) Pause Young (Normal) (G1 Evacuation Pause)
[2026-01-16T11:30:57.620+0000][gc,task     ] GC(1277) Using 8 workers of 8 for evacuation
[2026-01-16T11:30:57.677+0000][gc,phases   ] GC(1277)   Pre Evacuate Collection Set: 3.5ms
[2026-01-16T11:30:57.677+0000][gc,phases   ] GC(1277)   Merge Heap Roots: 0.9ms
[2026-01-16T11:30:57.677+0000][gc,phases   ] GC(1277)   Evacuate Collection Set: 48.6ms
[2026-01-16T11:30:57.677+0000][gc,phases   ] GC(1277)   Post Evacuate Collection Set: 3.1ms
[2026-01-16T11:30:57.677+0000][gc,phases   ] GC(1277)   Other: 0.6ms
[2026-01-16T11:30:57.677+0000][gc,heap     ] GC(1277) Eden regions: 560->0(608)
[2026-01-16T11:30:57.677+0000][gc,heap     ] GC(1277) Survivor regions: 5->6(71)
[2026-01-16T11:30:57.677+0000][gc,heap     ] GC(1277) Old regions: 79->79
[2026-01-16T11:30:57.677+0000][gc,heap     ] GC(1277) Humongous regions: 38->38
[2026-01-16T11:30:57.677+0000][gc,metaspace] GC(1277) Metaspace: 13170K(13696K)->13170K(13696K) NonClass: 12060K(12288K)->12060K(12288K) Class: 1110K(1408K)->1110K(1408K)
[2026-01-16T11:30:57.678+0000][gc          ] GC(1277) Pause Young (Normal) (G1 Evacuation Pause) 680M->121M(1024M) 58.553ms
[2026-01-16T11:30:57.678+0000][gc,cpu      ] GC(1277) User=0.32s Sys=0.04s Real=0.06s
[2026-01-16T11:31:47.201+0000][gc,start    ] GC(1278) Pause Young (Normal) (G1 Evacuation Pause)
[2026-01-16T11:31:47.203+0000][gc,task     ] GC(1278) Using 8 workers of 8 for evacuation
[2026-01-16T11:31:47.267+0000][gc,phases   ] GC(1278)   Pre Evacuate Collection Set: 2.1ms
[2026-01-16T11:31:47.267+0000][gc,phases   ] GC(1278)   Merge Heap Roots: 0.3ms
[2026-01-16T11:31:47.267+0000][gc,phases   ] GC(1278)   Evacuate Collection Set: 53.9ms
[2026-01-16T11:31:47.267+0000][gc,phases   ] GC(1278)   Post Evacuate Collection Set: 7.1ms
[2026-01-16T11:31:47.267+0000][gc,phases   ] GC(1278)   Other: 1.1ms
[2026-01-16T11:31:47.267+0000][gc,heap     ] GC(1278) Eden regions: 608->0(607)
[2026-01-16T11:31:47.267+0000][gc,heap     ] GC(1278) Survivor regions: 6->7(77)
[2026-01-16T11:31:47.267+0000][gc,heap     ] GC(1278) Old regions: 79->79
[2026-01-16T11:31:47.267+0000][gc,heap     ] GC(1278) Humongous regions: 38->38
[2026-01-16T11:31:47.267+0000][gc,metaspace] GC(1278) Metaspace: 13170K(13696K)->13170K(13696K) NonClass: 12060K(12288K)->12060K(12288K) Class: 1110K(1408K)->1110K(1408K)
[2026-01-16T11:31:47.268+0000][gc          ] GC(1278) Pause Young (Normal) (G1 Evacuation Pause) 729M->122M(1024M) 66.284ms
[2026-01-16T11:31:47.268+0000][gc,cpu      ] GC(1278) User=0.34s Sys=0.07s Real=0.06s
[2026-01-16T11:32:46.039+0000][gc,start    ] GC(1279) Pause Young (Normal) (G1 Evacuation Pause)
[2026-01-16T11:32:46.040+0000][gc,task     ] GC(1279) Using 8 workers of 8 for evacuation
[2026-01-16T11:32:46.092+0000][gc,phases   ] GC(1279)   Pre Evacuate Collection Set: 10.2ms
[2026-01-16T11:32:46.094+0000][gc,phases   ] GC(1279)   Merge Heap Roots: 0.7ms
[2026-01-16T11:32:46.094+0000][gc,phases   ] GC(1279)   Evacuate Collection Set: 32.9ms
[2026-01-16T11:32:46.094+0000][gc,phases   ] GC(1279)   Post Evacuate Collection Set: 4.0ms
[2026-01-16T11:32:46.094+0000][gc,phases   ] GC(1279)   Other: 4.4ms
[2026-01-16T11:32:46.094+0000][gc,heap     ] GC(1279) Eden regions: 607->0(607)
[2026-01-16T11:32:46.094+0000][gc,heap     ] GC(1279) Survivor regions: 7->7(77)
[2026-01-16T11:32:46.094+0000][gc,heap     ] GC(1279) Old regions: 79->79
[2026-01-16T11:32:46.096+0000][gc,heap     ] GC(1279) Humongous regions: 38->38
[2026-01-16T11:32:46.096+0000][gc,metaspace] GC(1279) Metaspace: 13170K(13696K)->13170K(13696K) NonClass: 12060K(12288K)->12060K(12288K) Class: 1110K(1408K)->1110K(1408K)
[2026-01-16T11:32:46.096+0000][gc          ] GC(1279) Pause Young (Normal) (G1 Evacuation Pause) 729M->122M(1024M) 57.255ms
[2026-01-16T11:32:46.096+0000][gc,cpu      ] GC(1279) User=0.33s Sys=0.02s Real=0.06s
[2026-01-16T11:33:37.234+0000][gc,start    ] GC(1280) Pause Young (Normal) (G1 Evacuation Pause)
[2026-01-16T11:33:37.248+0000][gc,task     ] GC(1280) Using 8 workers of 8 for evacuation
[2026-01-16T11:33:37.480+0000][gc,mmu      ] GC(1280) MMU target violated: 201.0ms (200.0ms/201.0ms)
[2026-01-16T11:33:37.480+0000][gc,phases   ] GC(1280)   Pre Evacuate Collection Set: 27.2ms
[2026-01-16T11:33:37.480+0000][gc,phases   ] GC(1280)   Merge Heap Roots: 6.0ms
[2026-01-16T11:33:37.480+0000][gc,phases   ] GC(1280)   Evacuate Collection Set: 179.2ms
[2026-01-16T11:33:37.481+0000][gc,phases   ] GC(1280)   Post Evacuate Collection Set: 17.5ms
[2026-01-16T11:33:37.481+0000][gc,phases   ] GC(1280)   Other: 9.3ms
[2026-01-16T11:33:37.481+0000][gc,heap     ] GC(1280) Eden regions: 607->0(606)
[2026-01-16T11:33:37.481+0000][gc,heap     ] GC(1280) Survivor regions: 7->8(77)
[2026-01-16T11:33:37.482+0000][gc,heap     ] GC(1280) Old regions: 79->79
[2026-01-16T11:33:37.482+0000][gc,heap     ] GC(1280) Humongous regions: 38->38
[2026-01-16T11:33:37.482+0000][gc,metaspace] GC(1280) Metaspace: 13170K(13696K)->13170K(13696K) NonClass: 12060K(12288K)->12060K(12288K) Class: 1110K(1408K)->1110K(1408K)
[2026-01-16T11:33:37.482+0000][gc          ] GC(1280) Pause Young (Normal) (G1 Evacuation Pause) 729M->123M(1024M) 248.112ms
[2026-01-16T11:33:37.483+0000][gc,cpu      ] GC(1280) User=0.48s Sys=0.06s Real=0.25s
[2026-01-16T11:34:38.346+0000][gc,start    ] GC(1281) Pause Young (Normal) (G1 Evacuation Pause)
[2026-01-16T11:34:38.361+0000][gc,task     ] GC(1281) Using 8 workers of 8 for evacuation
[2026-01-16T11:34:40.786+0000][gc,mmu      ] GC(1281) MMU target violated: 201.0ms (200.0ms/201.0ms)
[2026-01-16T11:34:40.792+0000][gc,phases   ] GC(1281)   Pre Evacuate Collection Set: 112.7ms
[2026-01-16T11:34:40.795+0000][gc,phases   ] GC(1281)   Merge Heap Roots: 63.6ms
[2026-01-16T11:34:40.795+0000][gc,phases   ] GC(1281)   Evacuate Collection Set: 1883.6ms
[2026-01-16T11:34:40.816+0000][gc,phases   ] GC(1281)   Post Evacuate Collection Set: 356.5ms
[2026-01-16T11:34:40.816+0000][gc,phases   ] GC(1281)   Other: 15.0ms
[2026-01-16T11:34:40.817+0000][gc,heap     ] GC(1281) Eden regions: 606->0(41)
[2026-01-16T11:34:40.817+0000][gc,heap     ] GC(1281) Survivor regions: 8->10(77)
[2026-01-16T11:34:40.817+0000][gc,heap     ] GC(1281) Old regions: 79->79
[2026-01-16T11:34:40.818+0000][gc,heap     ] GC(1281) Humongous regions: 38->38
[2026-01-16T11:34:40.818+0000][gc,metaspace] GC(1281) Metaspace: 13170K(13696K)->13170K(13696K) NonClass: 12060K(12288K)->12060K(12288K) Class: 1110K(1408K)->1110K(1408K)
[2026-01-16T11:34:40.820+0000][gc          ] GC(1281) Pause Young (Normal) (G1 Evacuation Pause) 729M->125M(1024M) 2473.153ms
[2026-01-16T11:34:40.844+0000][gc,cpu      ] GC(1281) User=1.57s Sys=0.14s Real=2.48s
[2026-01-16T11:34:49.624+0000][gc,start    ] GC(1282) Pause Young (Normal) (G1 Evacuation Pause)
[2026-01-16T11:34:49.629+0000][gc,task     ] GC(1282) Using 8 workers of 8 for evacuation
[2026-01-16T11:34:53.297+0000][gc,mmu      ] GC(1282) MMU target violated: 201.0ms (200.0ms/201.0ms)
[2026-01-16T11:34:53.320+0000][gc,phases   ] GC(1282)   Pre Evacuate Collection Set: 111.2ms
[2026-01-16T11:34:53.320+0000][gc,phases   ] GC(1282)   Merge Heap Roots: 5.7ms
[2026-01-16T11:34:53.320+0000][gc,phases   ] GC(1282)   Evacuate Collection Set: 3173.8ms
[2026-01-16T11:34:53.320+0000][gc,phases   ] GC(1282)   Post Evacuate Collection Set: 374.2ms
[2026-01-16T11:34:53.325+0000][gc,phases   ] GC(1282)   Other: 25.8ms
[2026-01-16T11:34:53.325+0000][gc,heap     ] GC(1282) Eden regions: 41->0(46)
[2026-01-16T11:34:53.325+0000][gc,heap     ] GC(1282) Survivor regions: 10->5(7)
[2026-01-16T11:34:53.325+0000][gc,heap     ] GC(1282) Old regions: 79->85
[2026-01-16T11:34:53.325+0000][gc,heap     ] GC(1282) Humongous regions: 38->38
[2026-01-16T11:34:53.325+0000][gc,metaspace] GC(1282) Metaspace: 13171K(13696K)->13171K(13696K) NonClass: 12061K(12288K)->12061K(12288K) Class: 1110K(1408K)->1110K(1408K)
[2026-01-16T11:34:53.326+0000][gc          ] GC(1282) Pause Young (Normal) (G1 Evacuation Pause) 166M->126M(1024M) 3703.040ms
[2026-01-16T11:34:53.327+0000][gc,cpu      ] GC(1282) User=1.51s Sys=0.45s Real=3.71s
[2026-01-16T11:34:56.319+0000][gc,start    ] GC(1283) Pause Young (Normal) (G1 Evacuation Pause)
[2026-01-16T11:34:56.331+0000][gc,task     ] GC(1283) Using 8 workers of 8 for evacuation
[2026-01-16T11:34:57.730+0000][gc,mmu      ] GC(1283) MMU target violated: 201.0ms (200.0ms/201.0ms)
[2026-01-16T11:34:57.736+0000][gc,phases   ] GC(1283)   Pre Evacuate Collection Set: 41.2ms
[2026-01-16T11:34:57.739+0000][gc,phases   ] GC(1283)   Merge Heap Roots: 11.5ms
[2026-01-16T11:34:57.740+0000][gc,phases   ] GC(1283)   Evacuate Collection Set: 1296.4ms
[2026-01-16T11:34:57.741+0000][gc,phases   ] GC(1283)   Post Evacuate Collection Set: 47.7ms
[2026-01-16T11:34:57.741+0000][gc,phases   ] GC(1283)   Other: 14.5ms
[2026-01-16T11:34:57.743+0000][gc,heap     ] GC(1283) Eden regions: 46->0(47)
[2026-01-16T11:34:57.745+0000][gc,heap     ] GC(1283) Survivor regions: 5->4(7)
[2026-01-16T11:34:57.746+0000][gc,heap     ] GC(1283) Old regions: 85->86
[2026-01-16T11:34:57.748+0000][gc,heap     ] GC(1283) Humongous regions: 38->38
[2026-01-16T11:34:57.748+0000][gc,metaspace] GC(1283) Metaspace: 13171K(13696K)->13171K(13696K) NonClass: 12061K(12288K)->12061K(12288K) Class: 1110K(1408K)->1110K(1408K)
[2026-01-16T11:34:57.750+0000][gc          ] GC(1283) Pause Young (Normal) (G1 Evacuation Pause) 172M->127M(1024M) 1430.553ms
[2026-01-16T11:34:57.751+0000][gc,cpu      ] GC(1283) User=0.50s Sys=0.07s Real=1.43s
[2026-01-16T11:35:00.488+0000][gc,start    ] GC(1284) Pause Young (Normal) (G1 Evacuation Pause)
[2026-01-16T11:35:00.489+0000][gc,task     ] GC(1284) Using 8 workers of 8 for evacuation
[2026-01-16T11:35:01.799+0000][gc,mmu      ] GC(1284) MMU target violated: 201.0ms (200.0ms/201.0ms)
[2026-01-16T11:35:01.801+0000][gc,phases   ] GC(1284)   Pre Evacuate Collection Set: 115.7ms
[2026-01-16T11:35:01.803+0000][gc,phases   ] GC(1284)   Merge Heap Roots: 10.5ms
[2026-01-16T11:35:01.803+0000][gc,phases   ] GC(1284)   Evacuate Collection Set: 1082.3ms
[2026-01-16T11:35:01.803+0000][gc,phases   ] GC(1284)   Post Evacuate Collection Set: 101.0ms
[2026-01-16T11:35:01.803+0000][gc,phases   ] GC(1284)   Other: 3.1ms
[2026-01-16T11:35:01.803+0000][gc,heap     ] GC(1284) Eden regions: 47->0(46)
[2026-01-16T11:35:01.805+0000][gc,heap     ] GC(1284) Survivor regions: 4->5(7)
[2026-01-16T11:35:01.805+0000][gc,heap     ] GC(1284) Old regions: 86->86
[2026-01-16T11:35:01.805+0000][gc,heap     ] GC(1284) Humongous regions: 38->38
[2026-01-16T11:35:01.805+0000][gc,metaspace] GC(1284) Metaspace: 13178K(13696K)->13178K(13696K) NonClass: 12068K(12288K)->12068K(12288K) Class: 1110K(1408K)->1110K(1408K)
[2026-01-16T11:35:01.806+0000][gc          ] GC(1284) Pause Young (Normal) (G1 Evacuation Pause) 174M->127M(1024M) 1318.453ms
[2026-01-16T11:35:01.807+0000][gc,cpu      ] GC(1284) User=0.57s Sys=0.06s Real=1.32s
[2026-01-16T11:35:03.985+0000][gc,start    ] GC(1285) Pause Young (Normal) (G1 Evacuation Pause)
[2026-01-16T11:35:03.987+0000][gc,task     ] GC(1285) Using 8 workers of 8 for evacuation
[2026-01-16T11:35:04.871+0000][gc,mmu      ] GC(1285) MMU target violated: 201.0ms (200.0ms/201.0ms)
[2026-01-16T11:35:04.875+0000][gc,phases   ] GC(1285)   Pre Evacuate Collection Set: 115.1ms
[2026-01-16T11:35:04.875+0000][gc,phases   ] GC(1285)   Merge Heap Roots: 20.8ms
[2026-01-16T11:35:04.876+0000][gc,phases   ] GC(1285)   Evacuate Collection Set: 687.6ms
[2026-01-16T11:35:04.876+0000][gc,phases   ] GC(1285)   Post Evacuate Collection Set: 59.3ms
[2026-01-16T11:35:04.877+0000][gc,phases   ] GC(1285)   Other: 5.4ms
[2026-01-16T11:35:04.877+0000][gc,heap     ] GC(1285) Eden regions: 46->0(47)
[2026-01-16T11:35:04.877+0000][gc,heap     ] GC(1285) Survivor regions: 5->4(7)
[2026-01-16T11:35:04.878+0000][gc,heap     ] GC(1285) Old regions: 86->88
[2026-01-16T11:35:04.878+0000][gc,heap     ] GC(1285) Humongous regions: 38->38
[2026-01-16T11:35:04.878+0000][gc,metaspace] GC(1285) Metaspace: 13178K(13696K)->13178K(13696K) NonClass: 12068K(12288K)->12068K(12288K) Class: 1110K(1408K)->1110K(1408K)
[2026-01-16T11:35:04.879+0000][gc          ] GC(1285) Pause Young (Normal) (G1 Evacuation Pause) 173M->128M(1024M) 893.558ms
[2026-01-16T11:35:04.886+0000][gc,cpu      ] GC(1285) User=0.34s Sys=0.08s Real=0.91s
[2026-01-16T11:35:07.838+0000][gc,start    ] GC(1286) Pause Young (Normal) (G1 Evacuation Pause)
[2026-01-16T11:35:07.875+0000][gc,task     ] GC(1286) Using 8 workers of 8 for evacuation
[2026-01-16T11:35:09.032+0000][gc,mmu      ] GC(1286) MMU target violated: 201.0ms (200.0ms/201.0ms)
[2026-01-16T11:35:09.033+0000][gc,phases   ] GC(1286)   Pre Evacuate Collection Set: 157.8ms
[2026-01-16T11:35:09.037+0000][gc,phases   ] GC(1286)   Merge Heap Roots: 12.6ms
[2026-01-16T11:35:09.038+0000][gc,phases   ] GC(1286)   Evacuate Collection Set: 944.9ms
[2026-01-16T11:35:09.038+0000][gc,phases   ] GC(1286)   Post Evacuate Collection Set: 37.7ms
[2026-01-16T11:35:09.039+0000][gc,phases   ] GC(1286)   Other: 7.5ms
[2026-01-16T11:35:09.040+0000][gc,heap     ] GC(1286) Eden regions: 47->0(47)
[2026-01-16T11:35:09.040+0000][gc,heap     ] GC(1286) Survivor regions: 4->4(7)
[2026-01-16T11:35:09.042+0000][gc,heap     ] GC(1286) Old regions: 88->88
[2026-01-16T11:35:09.042+0000][gc,heap     ] GC(1286) Humongous regions: 38->38
[2026-01-16T11:35:09.042+0000][gc,metaspace] GC(1286) Metaspace: 13178K(13696K)->13178K(13696K) NonClass: 12068K(12288K)->12068K(12288K) Class: 1110K(1408K)->1110K(1408K)
[2026-01-16T11:35:09.042+0000][gc          ] GC(1286) Pause Young (Normal) (G1 Evacuation Pause) 175M->129M(1024M) 1204.450ms
[2026-01-16T11:35:09.059+0000][gc,cpu      ] GC(1286) User=0.42s Sys=0.03s Real=1.21s
[2026-01-16T11:35:11.132+0000][gc,start    ] GC(1287) Pause Young (Normal) (G1 Evacuation Pause)
[2026-01-16T11:35:11.134+0000][gc,task     ] GC(1287) Using 8 workers of 8 for evacuation
[2026-01-16T11:35:11.449+0000][gc,mmu      ] GC(1287) MMU target violated: 201.0ms (200.0ms/201.0ms)
[2026-01-16T11:35:11.451+0000][gc,phases   ] GC(1287)   Pre Evacuate Collection Set: 29.6ms
[2026-01-16T11:35:11.453+0000][gc,phases   ] GC(1287)   Merge Heap Roots: 0.6ms
[2026-01-16T11:35:11.453+0000][gc,phases   ] GC(1287)   Evacuate Collection Set: 266.5ms
[2026-01-16T11:35:11.454+0000][gc,phases   ] GC(1287)   Post Evacuate Collection Set: 17.8ms
[2026-01-16T11:35:11.454+0000][gc,phases   ] GC(1287)   Other: 2.2ms
[2026-01-16T11:35:11.455+0000][gc,heap     ] GC(1287) Eden regions: 47->0(47)
[2026-01-16T11:35:11.457+0000][gc,heap     ] GC(1287) Survivor regions: 4->4(7)
[2026-01-16T11:35:11.458+0000][gc,heap     ] GC(1287) Old regions: 88->89
[2026-01-16T11:35:11.460+0000][gc,heap     ] GC(1287) Humongous regions: 38->38
[2026-01-16T11:35:11.466+0000][gc,metaspace] GC(1287) Metaspace: 13178K(13696K)->13178K(13696K) NonClass: 12068K(12288K)->12068K(12288K) Class: 1110K(1408K)->1110K(1408K)
[2026-01-16T11:35:11.466+0000][gc          ] GC(1287) Pause Young (Normal) (G1 Evacuation Pause) 176M->129M(1024M) 333.973ms
[2026-01-16T11:35:11.467+0000][gc,cpu      ] GC(1287) User=0.17s Sys=0.05s Real=0.34s
[2026-01-16T11:35:12.525+0000][gc,start    ] GC(1288) Pause Young (Normal) (G1 Evacuation Pause)
[2026-01-16T11:35:12.532+0000][gc,task     ] GC(1288) Using 8 workers of 8 for evacuation
[2026-01-16T11:35:12.899+0000][gc,mmu      ] GC(1288) MMU target violated: 201.0ms (200.0ms/201.0ms)
[2026-01-16T11:35:12.901+0000][gc,phases   ] GC(1288)   Pre Evacuate Collection Set: 16.7ms
[2026-01-16T11:35:12.904+0000][gc,phases   ] GC(1288)   Merge Heap Roots: 6.6ms
[2026-01-16T11:35:12.905+0000][gc,phases   ] GC(1288)   Evacuate Collection Set: 329.5ms
[2026-01-16T11:35:12.907+0000][gc,phases   ] GC(1288)   Post Evacuate Collection Set: 8.6ms
[2026-01-16T11:35:12.908+0000][gc,phases   ] GC(1288)   Other: 10.3ms
[2026-01-16T11:35:12.908+0000][gc,heap     ] GC(1288) Eden regions: 47->0(47)
[2026-01-16T11:35:12.909+0000][gc,heap     ] GC(1288) Survivor regions: 4->4(7)
[2026-01-16T11:35:12.915+0000][gc,heap     ] GC(1288) Old regions: 89->89
[2026-01-16T11:35:12.920+0000][gc,heap     ] GC(1288) Humongous regions: 38->38
[2026-01-16T11:35:12.929+0000][gc,metaspace] GC(1288) Metaspace: 13178K(13696K)->13178K(13696K) NonClass: 12068K(12288K)->12068K(12288K) Class: 1110K(1408K)->1110K(1408K)
[2026-01-16T11:35:12.929+0000][gc          ] GC(1288) Pause Young (Normal) (G1 Evacuation Pause) 176M->130M(1024M) 404.672ms
[2026-01-16T11:35:12.931+0000][gc,cpu      ] GC(1288) User=0.12s Sys=0.00s Real=0.41s
[2026-01-16T11:35:13.491+0000][gc,start    ] GC(1289) Pause Young (Normal) (G1 Evacuation Pause)
[2026-01-16T11:35:13.492+0000][gc,task     ] GC(1289) Using 8 workers of 8 for evacuation
[2026-01-16T11:35:13.599+0000][gc,phases   ] GC(1289)   Pre Evacuate Collection Set: 2.0ms
[2026-01-16T11:35:13.601+0000][gc,phases   ] GC(1289)   Merge Heap Roots: 0.3ms
[2026-01-16T11:35:13.601+0000][gc,phases   ] GC(1289)   Evacuate Collection Set: 100.5ms
[2026-01-16T11:35:13.602+0000][gc,phases   ] GC(1289)   Post Evacuate Collection Set: 3.3ms
[2026-01-16T11:35:13.602+0000][gc,phases   ] GC(1289)   Other: 0.9ms
[2026-01-16T11:35:13.603+0000][gc,heap     ] GC(1289) Eden regions: 47->0(46)
[2026-01-16T11:35:13.604+0000][gc,heap     ] GC(1289) Survivor regions: 4->5(7)
[2026-01-16T11:35:13.604+0000][gc,heap     ] GC(1289) Old regions: 89->89
[2026-01-16T11:35:13.604+0000][gc,heap     ] GC(1289) Humongous regions: 38->38
[2026-01-16T11:35:13.605+0000][gc,metaspace] GC(1289) Metaspace: 13178K(13696K)->13178K(13696K) NonClass: 12068K(12288K)->12068K(12288K) Class: 1110K(1408K)->1110K(1408K)
[2026-01-16T11:35:13.605+0000][gc          ] GC(1289) Pause Young (Normal) (G1 Evacuation Pause) 177M->130M(1024M) 113.453ms
[2026-01-16T11:35:13.605+0000][gc,cpu      ] GC(1289) User=0.04s Sys=0.00s Real=0.11s
[2026-01-16T11:35:14.461+0000][gc,start    ] GC(1290) Pause Young (Normal) (G1 Evacuation Pause)
[2026-01-16T11:35:14.471+0000][gc,task     ] GC(1290) Using 8 workers of 8 for evacuation
[2026-01-16T11:35:14.653+0000][gc,phases   ] GC(1290)   Pre Evacuate Collection Set: 30.2ms
[2026-01-16T11:35:14.654+0000][gc,phases   ] GC(1290)   Merge Heap Roots: 1.3ms
[2026-01-16T11:35:14.655+0000][gc,phases   ] GC(1290)   Evacuate Collection Set: 141.3ms
[2026-01-16T11:35:14.655+0000][gc,phases   ] GC(1290)   Post Evacuate Collection Set: 7.4ms
[2026-01-16T11:35:14.656+0000][gc,phases   ] GC(1290)   Other: 2.0ms
[2026-01-16T11:35:14.656+0000][gc,heap     ] GC(1290) Eden regions: 46->0(46)
[2026-01-16T11:35:14.658+0000][gc,heap     ] GC(1290) Survivor regions: 5->5(7)
[2026-01-16T11:35:14.658+0000][gc,heap     ] GC(1290) Old regions: 89->90
[2026-01-16T11:35:14.658+0000][gc,heap     ] GC(1290) Humongous regions: 38->38
[2026-01-16T11:35:14.659+0000][gc,metaspace] GC(1290) Metaspace: 13178K(13696K)->13178K(13696K) NonClass: 12068K(12288K)->12068K(12288K) Class: 1110K(1408K)->1110K(1408K)
[2026-01-16T11:35:14.659+0000][gc          ] GC(1290) Pause Young (Normal) (G1 Evacuation Pause) 176M->131M(1024M) 198.259ms
[2026-01-16T11:35:14.659+0000][gc,cpu      ] GC(1290) User=0.10s Sys=0.00s Real=0.20s
[2026-01-16T11:35:15.687+0000][gc,start    ] GC(1291) Pause Young (Normal) (G1 Evacuation Pause)
[2026-01-16T11:35:15.690+0000][gc,task     ] GC(1291) Using 8 workers of 8 for evacuation
[2026-01-16T11:35:15.842+0000][gc,phases   ] GC(1291)   Pre Evacuate Collection Set: 31.3ms
[2026-01-16T11:35:15.843+0000][gc,phases   ] GC(1291)   Merge Heap Roots: 4.3ms
[2026-01-16T11:35:15.845+0000][gc,phases   ] GC(1291)   Evacuate Collection Set: 103.9ms
[2026-01-16T11:35:15.846+0000][gc,phases   ] GC(1291)   Post Evacuate Collection Set: 11.0ms
[2026-01-16T11:35:15.846+0000][gc,phases   ] GC(1291)   Other: 2.1ms
[2026-01-16T11:35:15.846+0000][gc,heap     ] GC(1291) Eden regions: 46->0(46)
[2026-01-16T11:35:15.846+0000][gc,heap     ] GC(1291) Survivor regions: 5->5(7)
[2026-01-16T11:35:15.846+0000][gc,heap     ] GC(1291) Old regions: 90->90
[2026-01-16T11:35:15.847+0000][gc,heap     ] GC(1291) Humongous regions: 38->38
[2026-01-16T11:35:15.849+0000][gc,metaspace] GC(1291) Metaspace: 13178K(13696K)->13178K(13696K) NonClass: 12068K(12288K)->12068K(12288K) Class: 1110K(1408K)->1110K(1408K)
[2026-01-16T11:35:15.851+0000][gc          ] GC(1291) Pause Young (Normal) (G1 Evacuation Pause) 177M->132M(1024M) 164.040ms
[2026-01-16T11:35:15.851+0000][gc,cpu      ] GC(1291) User=0.10s Sys=0.01s Real=0.17s
[2026-01-16T11:35:17.618+0000][gc,start    ] GC(1292) Pause Young (Normal) (G1 Evacuation Pause)
[2026-01-16T11:35:17.619+0000][gc,task     ] GC(1292) Using 8 workers of 8 for evacuation
[2026-01-16T11:35:17.863+0000][gc,mmu      ] GC(1292) MMU target violated: 201.0ms (200.0ms/201.0ms)
[2026-01-16T11:35:17.873+0000][gc,phases   ] GC(1292)   Pre Evacuate Collection Set: 34.9ms
[2026-01-16T11:35:17.874+0000][gc,phases   ] GC(1292)   Merge Heap Roots: 0.7ms
[2026-01-16T11:35:17.874+0000][gc,phases   ] GC(1292)   Evacuate Collection Set: 169.3ms
[2026-01-16T11:35:17.874+0000][gc,phases   ] GC(1292)   Post Evacuate Collection Set: 24.9ms
[2026-01-16T11:35:17.874+0000][gc,phases   ] GC(1292)   Other: 25.2ms
[2026-01-16T11:35:17.874+0000][gc,heap     ] GC(1292) Eden regions: 46->0(46)
[2026-01-16T11:35:17.874+0000][gc,heap     ] GC(1292) Survivor regions: 5->5(7)
[2026-01-16T11:35:17.874+0000][gc,heap     ] GC(1292) Old regions: 90->91
[2026-01-16T11:35:17.874+0000][gc,heap     ] GC(1292) Humongous regions: 38->38
[2026-01-16T11:35:17.874+0000][gc,metaspace] GC(1292) Metaspace: 13178K(13696K)->13178K(13696K) NonClass: 12068K(12288K)->12068K(12288K) Class: 1110K(1408K)->1110K(1408K)
[2026-01-16T11:35:17.874+0000][gc          ] GC(1292) Pause Young (Normal) (G1 Evacuation Pause) 178M->132M(1024M) 256.110ms
[2026-01-16T11:35:17.874+0000][gc,cpu      ] GC(1292) User=0.09s Sys=0.01s Real=0.25s
[2026-01-16T11:35:18.484+0000][gc,start    ] GC(1293) Pause Young (Normal) (G1 Evacuation Pause)
[2026-01-16T11:35:18.489+0000][gc,task     ] GC(1293) Using 8 workers of 8 for evacuation
[2026-01-16T11:35:18.548+0000][gc,phases   ] GC(1293)   Pre Evacuate Collection Set: 0.5ms
[2026-01-16T11:35:18.549+0000][gc,phases   ] GC(1293)   Merge Heap Roots: 0.2ms
[2026-01-16T11:35:18.549+0000][gc,phases   ] GC(1293)   Evacuate Collection Set: 57.0ms
[2026-01-16T11:35:18.549+0000][gc,phases   ] GC(1293)   Post Evacuate Collection Set: 0.4ms
[2026-01-16T11:35:18.549+0000][gc,phases   ] GC(1293)   Other: 0.6ms
[2026-01-16T11:35:18.550+0000][gc,heap     ] GC(1293) Eden regions: 46->0(46)
[2026-01-16T11:35:18.550+0000][gc,heap     ] GC(1293) Survivor regions: 5->5(7)
[2026-01-16T11:35:18.550+0000][gc,heap     ] GC(1293) Old regions: 91->91
[2026-01-16T11:35:18.550+0000][gc,heap     ] GC(1293) Humongous regions: 38->38
[2026-01-16T11:35:18.550+0000][gc,metaspace] GC(1293) Metaspace: 13178K(13696K)->13178K(13696K) NonClass: 12068K(12288K)->12068K(12288K) Class: 1110K(1408K)->1110K(1408K)
[2026-01-16T11:35:18.550+0000][gc          ] GC(1293) Pause Young (Normal) (G1 Evacuation Pause) 178M->133M(1024M) 66.607ms
[2026-01-16T11:35:18.551+0000][gc,cpu      ] GC(1293) User=0.03s Sys=0.00s Real=0.07s
[2026-01-16T11:35:20.461+0000][gc,start    ] GC(1294) Pause Young (Normal) (G1 Evacuation Pause)
[2026-01-16T11:35:20.463+0000][gc,task     ] GC(1294) Using 8 workers of 8 for evacuation
[2026-01-16T11:35:20.716+0000][gc,mmu      ] GC(1294) MMU target violated: 201.0ms (200.0ms/201.0ms)
[2026-01-16T11:35:20.717+0000][gc,phases   ] GC(1294)   Pre Evacuate Collection Set: 14.7ms
[2026-01-16T11:35:20.718+0000][gc,phases   ] GC(1294)   Merge Heap Roots: 5.9ms
[2026-01-16T11:35:20.718+0000][gc,phases   ] GC(1294)   Evacuate Collection Set: 214.0ms
[2026-01-16T11:35:20.718+0000][gc,phases   ] GC(1294)   Post Evacuate Collection Set: 8.3ms
[2026-01-16T11:35:20.719+0000][gc,phases   ] GC(1294)   Other: 11.6ms
[2026-01-16T11:35:20.719+0000][gc,heap     ] GC(1294) Eden regions: 46->0(46)
[2026-01-16T11:35:20.719+0000][gc,heap     ] GC(1294) Survivor regions: 5->5(7)
[2026-01-16T11:35:20.720+0000][gc,heap     ] GC(1294) Old regions: 91->92
[2026-01-16T11:35:20.720+0000][gc,heap     ] GC(1294) Humongous regions: 38->38
[2026-01-16T11:35:20.720+0000][gc,metaspace] GC(1294) Metaspace: 13178K(13696K)->13178K(13696K) NonClass: 12068K(12288K)->12068K(12288K) Class: 1110K(1408K)->1110K(1408K)
[2026-01-16T11:35:20.722+0000][gc          ] GC(1294) Pause Young (Normal) (G1 Evacuation Pause) 179M->133M(1024M) 260.604ms
[2026-01-16T11:35:20.722+0000][gc,cpu      ] GC(1294) User=0.13s Sys=0.01s Real=0.26s
[2026-01-16T11:35:24.766+0000][gc,start    ] GC(1295) Pause Young (Normal) (G1 Evacuation Pause)
[2026-01-16T11:35:24.767+0000][gc,task     ] GC(1295) Using 8 workers of 8 for evacuation
[2026-01-16T11:35:25.202+0000][gc,mmu      ] GC(1295) MMU target violated: 201.0ms (200.0ms/201.0ms)
[2026-01-16T11:35:25.203+0000][gc,phases   ] GC(1295)   Pre Evacuate Collection Set: 50.3ms
[2026-01-16T11:35:25.203+0000][gc,phases   ] GC(1295)   Merge Heap Roots: 5.1ms
[2026-01-16T11:35:25.204+0000][gc,phases   ] GC(1295)   Evacuate Collection Set: 356.0ms
[2026-01-16T11:35:25.207+0000][gc,phases   ] GC(1295)   Post Evacuate Collection Set: 23.5ms
[2026-01-16T11:35:25.209+0000][gc,phases   ] GC(1295)   Other: 1.1ms
[2026-01-16T11:35:25.209+0000][gc,heap     ] GC(1295) Eden regions: 46->0(46)
[2026-01-16T11:35:25.209+0000][gc,heap     ] GC(1295) Survivor regions: 5->5(7)
[2026-01-16T11:35:25.210+0000][gc,heap     ] GC(1295) Old regions: 92->93
[2026-01-16T11:35:25.211+0000][gc,heap     ] GC(1295) Humongous regions: 38->38
[2026-01-16T11:35:25.212+0000][gc,metaspace] GC(1295) Metaspace: 13178K(13696K)->13178K(13696K) NonClass: 12068K(12288K)->12068K(12288K) Class: 1110K(1408K)->1110K(1408K)
[2026-01-16T11:35:25.213+0000][gc          ] GC(1295) Pause Young (Normal) (G1 Evacuation Pause) 179M->134M(1024M) 446.494ms
[2026-01-16T11:35:25.213+0000][gc,cpu      ] GC(1295) User=0.21s Sys=0.02s Real=0.45s
[2026-01-16T11:35:27.857+0000][gc,start    ] GC(1296) Pause Young (Normal) (G1 Evacuation Pause)
[2026-01-16T11:35:27.860+0000][gc,task     ] GC(1296) Using 8 workers of 8 for evacuation
[2026-01-16T11:35:28.045+0000][gc,phases   ] GC(1296)   Pre Evacuate Collection Set: 17.3ms
[2026-01-16T11:35:28.045+0000][gc,phases   ] GC(1296)   Merge Heap Roots: 4.5ms
[2026-01-16T11:35:28.045+0000][gc,phases   ] GC(1296)   Evacuate Collection Set: 152.6ms
[2026-01-16T11:35:28.046+0000][gc,phases   ] GC(1296)   Post Evacuate Collection Set: 9.3ms
[2026-01-16T11:35:28.049+0000][gc,phases   ] GC(1296)   Other: 0.7ms
[2026-01-16T11:35:28.050+0000][gc,heap     ] GC(1296) Eden regions: 46->0(48)
[2026-01-16T11:35:28.052+0000][gc,heap     ] GC(1296) Survivor regions: 5->3(7)
[2026-01-16T11:35:28.052+0000][gc,heap     ] GC(1296) Old regions: 93->93
[2026-01-16T11:35:28.053+0000][gc,heap     ] GC(1296) Humongous regions: 38->38
[2026-01-16T11:35:28.054+0000][gc,metaspace] GC(1296) Metaspace: 13178K(13696K)->13178K(13696K) NonClass: 12068K(12288K)->12068K(12288K) Class: 1110K(1408K)->1110K(1408K)
[2026-01-16T11:35:28.054+0000][gc          ] GC(1296) Pause Young (Normal) (G1 Evacuation Pause) 180M->133M(1024M) 196.954ms
[2026-01-16T11:35:28.054+0000][gc,cpu      ] GC(1296) User=0.11s Sys=0.01s Real=0.20s
[2026-01-16T11:35:30.566+0000][gc,start    ] GC(1297) Pause Young (Normal) (G1 Evacuation Pause)
[2026-01-16T11:35:30.567+0000][gc,task     ] GC(1297) Using 8 workers of 8 for evacuation
[2026-01-16T11:35:30.744+0000][gc,phases   ] GC(1297)   Pre Evacuate Collection Set: 28.9ms
[2026-01-16T11:35:30.748+0000][gc,phases   ] GC(1297)   Merge Heap Roots: 7.9ms
[2026-01-16T11:35:30.753+0000][gc,phases   ] GC(1297)   Evacuate Collection Set: 130.5ms
[2026-01-16T11:35:30.756+0000][gc,phases   ] GC(1297)   Post Evacuate Collection Set: 9.7ms
[2026-01-16T11:35:30.760+0000][gc,phases   ] GC(1297)   Other: 0.7ms
[2026-01-16T11:35:30.762+0000][gc,heap     ] GC(1297) Eden regions: 48->0(47)
[2026-01-16T11:35:30.762+0000][gc,heap     ] GC(1297) Survivor regions: 3->4(7)
[2026-01-16T11:35:30.763+0000][gc,heap     ] GC(1297) Old regions: 93->93
[2026-01-16T11:35:30.764+0000][gc,heap     ] GC(1297) Humongous regions: 38->38
[2026-01-16T11:35:30.764+0000][gc,metaspace] GC(1297) Metaspace: 13178K(13696K)->13178K(13696K) NonClass: 12068K(12288K)->12068K(12288K) Class: 1110K(1408K)->1110K(1408K)
[2026-01-16T11:35:30.765+0000][gc          ] GC(1297) Pause Young (Normal) (G1 Evacuation Pause) 181M->134M(1024M) 199.368ms
[2026-01-16T11:35:30.766+0000][gc,cpu      ] GC(1297) User=0.13s Sys=0.01s Real=0.20s
[2026-01-16T11:35:36.941+0000][gc,start    ] GC(1298) Pause Young (Normal) (G1 Evacuation Pause)
[2026-01-16T11:35:36.945+0000][gc,task     ] GC(1298) Using 8 workers of 8 for evacuation
[2026-01-16T11:35:37.296+0000][gc,mmu      ] GC(1298) MMU target violated: 201.0ms (200.0ms/201.0ms)
[2026-01-16T11:35:37.298+0000][gc,phases   ] GC(1298)   Pre Evacuate Collection Set: 58.6ms
[2026-01-16T11:35:37.298+0000][gc,phases   ] GC(1298)   Merge Heap Roots: 18.9ms
[2026-01-16T11:35:37.298+0000][gc,phases   ] GC(1298)   Evacuate Collection Set: 216.4ms
[2026-01-16T11:35:37.298+0000][gc,phases   ] GC(1298)   Post Evacuate Collection Set: 54.4ms
[2026-01-16T11:35:37.299+0000][gc,phases   ] GC(1298)   Other: 4.4ms
[2026-01-16T11:35:37.300+0000][gc,heap     ] GC(1298) Eden regions: 47->0(48)
[2026-01-16T11:35:37.300+0000][gc,heap     ] GC(1298) Survivor regions: 4->3(7)
[2026-01-16T11:35:37.300+0000][gc,heap     ] GC(1298) Old regions: 93->93
[2026-01-16T11:35:37.300+0000][gc,heap     ] GC(1298) Humongous regions: 38->38
[2026-01-16T11:35:37.300+0000][gc,metaspace] GC(1298) Metaspace: 13178K(13696K)->13178K(13696K) NonClass: 12068K(12288K)->12068K(12288K) Class: 1110K(1408K)->1110K(1408K)
[2026-01-16T11:35:37.302+0000][gc          ] GC(1298) Pause Young (Normal) (G1 Evacuation Pause) 181M->133M(1024M) 361.268ms
[2026-01-16T11:35:37.302+0000][gc,cpu      ] GC(1298) User=0.16s Sys=0.03s Real=0.36s
[2026-01-16T11:35:39.360+0000][gc,start    ] GC(1299) Pause Young (Normal) (G1 Evacuation Pause)
[2026-01-16T11:35:39.362+0000][gc,task     ] GC(1299) Using 8 workers of 8 for evacuation
[2026-01-16T11:35:39.506+0000][gc,phases   ] GC(1299)   Pre Evacuate Collection Set: 16.5ms
[2026-01-16T11:35:39.507+0000][gc,phases   ] GC(1299)   Merge Heap Roots: 7.1ms
[2026-01-16T11:35:39.507+0000][gc,phases   ] GC(1299)   Evacuate Collection Set: 117.4ms
[2026-01-16T11:35:39.508+0000][gc,phases   ] GC(1299)   Post Evacuate Collection Set: 2.6ms
[2026-01-16T11:35:39.509+0000][gc,phases   ] GC(1299)   Other: 1.1ms
[2026-01-16T11:35:39.509+0000][gc,heap     ] GC(1299) Eden regions: 48->0(47)
[2026-01-16T11:35:39.511+0000][gc,heap     ] GC(1299) Survivor regions: 3->4(7)
[2026-01-16T11:35:39.512+0000][gc,heap     ] GC(1299) Old regions: 93->93
[2026-01-16T11:35:39.512+0000][gc,heap     ] GC(1299) Humongous regions: 38->38
[2026-01-16T11:35:39.512+0000][gc,metaspace] GC(1299) Metaspace: 13178K(13696K)->13178K(13696K) NonClass: 12068K(12288K)->12068K(12288K) Class: 1110K(1408K)->1110K(1408K)
[2026-01-16T11:35:39.514+0000][gc          ] GC(1299) Pause Young (Normal) (G1 Evacuation Pause) 181M->134M(1024M) 153.634ms
[2026-01-16T11:35:39.515+0000][gc,cpu      ] GC(1299) User=0.09s Sys=0.01s Real=0.15s
[2026-01-16T11:35:40.056+0000][gc,start    ] GC(1300) Pause Young (Normal) (G1 Evacuation Pause)
[2026-01-16T11:35:40.058+0000][gc,task     ] GC(1300) Using 8 workers of 8 for evacuation
[2026-01-16T11:35:40.103+0000][gc,phases   ] GC(1300)   Pre Evacuate Collection Set: 1.8ms
[2026-01-16T11:35:40.103+0000][gc,phases   ] GC(1300)   Merge Heap Roots: 3.0ms
[2026-01-16T11:35:40.103+0000][gc,phases   ] GC(1300)   Evacuate Collection Set: 23.7ms
[2026-01-16T11:35:40.103+0000][gc,phases   ] GC(1300)   Post Evacuate Collection Set: 1.9ms
[2026-01-16T11:35:40.103+0000][gc,phases   ] GC(1300)   Other: 14.6ms
[2026-01-16T11:35:40.103+0000][gc,heap     ] GC(1300) Eden regions: 47->0(47)
[2026-01-16T11:35:40.104+0000][gc,heap     ] GC(1300) Survivor regions: 4->4(7)
[2026-01-16T11:35:40.104+0000][gc,heap     ] GC(1300) Old regions: 93->93
[2026-01-16T11:35:40.104+0000][gc,heap     ] GC(1300) Humongous regions: 38->38
[2026-01-16T11:35:40.104+0000][gc,metaspace] GC(1300) Metaspace: 13178K(13696K)->13178K(13696K) NonClass: 12068K(12288K)->12068K(12288K) Class: 1110K(1408K)->1110K(1408K)
[2026-01-16T11:35:40.104+0000][gc          ] GC(1300) Pause Young (Normal) (G1 Evacuation Pause) 181M->134M(1024M) 48.500ms
[2026-01-16T11:35:40.105+0000][gc,cpu      ] GC(1300) User=0.03s Sys=0.00s Real=0.05s
[2026-01-16T11:35:47.229+0000][gc,start    ] GC(1301) Pause Young (Normal) (G1 Evacuation Pause)
[2026-01-16T11:35:47.232+0000][gc,task     ] GC(1301) Using 8 workers of 8 for evacuation
[2026-01-16T11:35:47.333+0000][gc,phases   ] GC(1301)   Pre Evacuate Collection Set: 17.6ms
[2026-01-16T11:35:47.334+0000][gc,phases   ] GC(1301)   Merge Heap Roots: 0.6ms
[2026-01-16T11:35:47.341+0000][gc,phases   ] GC(1301)   Evacuate Collection Set: 55.7ms
[2026-01-16T11:35:47.345+0000][gc,phases   ] GC(1301)   Post Evacuate Collection Set: 26.9ms
[2026-01-16T11:35:47.345+0000][gc,phases   ] GC(1301)   Other: 1.2ms
[2026-01-16T11:35:47.345+0000][gc,heap     ] GC(1301) Eden regions: 47->0(106)
[2026-01-16T11:35:47.346+0000][gc,heap     ] GC(1301) Survivor regions: 4->4(7)
[2026-01-16T11:35:47.347+0000][gc,heap     ] GC(1301) Old regions: 93->93
[2026-01-16T11:35:47.347+0000][gc,heap     ] GC(1301) Humongous regions: 38->38
[2026-01-16T11:35:47.348+0000][gc,metaspace] GC(1301) Metaspace: 13178K(13696K)->13178K(13696K) NonClass: 12068K(12288K)->12068K(12288K) Class: 1110K(1408K)->1110K(1408K)
[2026-01-16T11:35:47.349+0000][gc          ] GC(1301) Pause Young (Normal) (G1 Evacuation Pause) 181M->133M(1024M) 119.576ms
[2026-01-16T11:35:47.351+0000][gc,cpu      ] GC(1301) User=0.14s Sys=0.02s Real=0.13s
[2026-01-16T11:35:57.090+0000][gc,start    ] GC(1302) Pause Young (Normal) (G1 Evacuation Pause)
[2026-01-16T11:35:57.094+0000][gc,task     ] GC(1302) Using 8 workers of 8 for evacuation
[2026-01-16T11:35:57.529+0000][gc,mmu      ] GC(1302) MMU target violated: 201.0ms (200.0ms/201.0ms)
[2026-01-16T11:35:57.533+0000][gc,phases   ] GC(1302)   Pre Evacuate Collection Set: 28.0ms
[2026-01-16T11:35:57.534+0000][gc,phases   ] GC(1302)   Merge Heap Roots: 8.0ms
[2026-01-16T11:35:57.534+0000][gc,phases   ] GC(1302)   Evacuate Collection Set: 351.0ms
[2026-01-16T11:35:57.534+0000][gc,phases   ] GC(1302)   Post Evacuate Collection Set: 39.0ms
[2026-01-16T11:35:57.535+0000][gc,phases   ] GC(1302)   Other: 13.7ms
[2026-01-16T11:35:57.535+0000][gc,heap     ] GC(1302) Eden regions: 91->0(47)
[2026-01-16T11:35:57.536+0000][gc,heap     ] GC(1302) Survivor regions: 4->4(12)
[2026-01-16T11:35:57.536+0000][gc,heap     ] GC(1302) Old regions: 93->93
[2026-01-16T11:35:57.537+0000][gc,heap     ] GC(1302) Humongous regions: 38->38
[2026-01-16T11:35:57.539+0000][gc,metaspace] GC(1302) Metaspace: 13178K(13696K)->13178K(13696K) NonClass: 12068K(12288K)->12068K(12288K) Class: 1110K(1408K)->1110K(1408K)
[2026-01-16T11:35:57.541+0000][gc          ] GC(1302) Pause Young (Normal) (G1 Evacuation Pause) 224M->133M(1024M) 450.806ms
[2026-01-16T11:35:57.543+0000][gc,cpu      ] GC(1302) User=0.35s Sys=0.06s Real=0.45s
[2026-01-16T11:35:59.502+0000][gc,start    ] GC(1303) Pause Young (Normal) (G1 Evacuation Pause)
[2026-01-16T11:35:59.503+0000][gc,task     ] GC(1303) Using 8 workers of 8 for evacuation
[2026-01-16T11:35:59.617+0000][gc,phases   ] GC(1303)   Pre Evacuate Collection Set: 10.5ms
[2026-01-16T11:35:59.618+0000][gc,phases   ] GC(1303)   Merge Heap Roots: 0.4ms
[2026-01-16T11:35:59.618+0000][gc,phases   ] GC(1303)   Evacuate Collection Set: 100.4ms
[2026-01-16T11:35:59.619+0000][gc,phases   ] GC(1303)   Post Evacuate Collection Set: 2.4ms
[2026-01-16T11:35:59.619+0000][gc,phases   ] GC(1303)   Other: 0.6ms
[2026-01-16T11:35:59.622+0000][gc,heap     ] GC(1303) Eden regions: 47->0(47)
[2026-01-16T11:35:59.624+0000][gc,heap     ] GC(1303) Survivor regions: 4->4(7)
[2026-01-16T11:35:59.627+0000][gc,heap     ] GC(1303) Old regions: 93->93
[2026-01-16T11:35:59.628+0000][gc,heap     ] GC(1303) Humongous regions: 38->38
[2026-01-16T11:35:59.630+0000][gc,metaspace] GC(1303) Metaspace: 13178K(13696K)->13178K(13696K) NonClass: 12068K(12288K)->12068K(12288K) Class: 1110K(1408K)->1110K(1408K)
[2026-01-16T11:35:59.632+0000][gc          ] GC(1303) Pause Young (Normal) (G1 Evacuation Pause) 180M->134M(1024M) 129.465ms
[2026-01-16T11:35:59.638+0000][gc,cpu      ] GC(1303) User=0.10s Sys=0.00s Real=0.13s
[2026-01-16T11:36:00.256+0000][gc,start    ] GC(1304) Pause Young (Normal) (G1 Evacuation Pause)
[2026-01-16T11:36:00.264+0000][gc,task     ] GC(1304) Using 8 workers of 8 for evacuation
[2026-01-16T11:36:00.326+0000][gc,phases   ] GC(1304)   Pre Evacuate Collection Set: 1.5ms
[2026-01-16T11:36:00.327+0000][gc,phases   ] GC(1304)   Merge Heap Roots: 0.2ms
[2026-01-16T11:36:00.327+0000][gc,phases   ] GC(1304)   Evacuate Collection Set: 53.7ms
[2026-01-16T11:36:00.327+0000][gc,phases   ] GC(1304)   Post Evacuate Collection Set: 1.0ms
[2026-01-16T11:36:00.328+0000][gc,phases   ] GC(1304)   Other: 13.8ms
[2026-01-16T11:36:00.330+0000][gc,heap     ] GC(1304) Eden regions: 47->0(46)
[2026-01-16T11:36:00.332+0000][gc,heap     ] GC(1304) Survivor regions: 4->5(7)
[2026-01-16T11:36:00.333+0000][gc,heap     ] GC(1304) Old regions: 93->93
[2026-01-16T11:36:00.333+0000][gc,heap     ] GC(1304) Humongous regions: 38->38
[2026-01-16T11:36:00.333+0000][gc,metaspace] GC(1304) Metaspace: 13178K(13696K)->13178K(13696K) NonClass: 12068K(12288K)->12068K(12288K) Class: 1110K(1408K)->1110K(1408K)
[2026-01-16T11:36:00.333+0000][gc          ] GC(1304) Pause Young (Normal) (G1 Evacuation Pause) 181M->134M(1024M) 77.774ms
[2026-01-16T11:36:00.334+0000][gc,cpu      ] GC(1304) User=0.05s Sys=0.00s Real=0.08s
[2026-01-16T11:36:07.125+0000][gc,start    ] GC(1305) Pause Young (Normal) (G1 Evacuation Pause)
[2026-01-16T11:36:07.129+0000][gc,task     ] GC(1305) Using 8 workers of 8 for evacuation
[2026-01-16T11:36:07.377+0000][gc,mmu      ] GC(1305) MMU target violated: 201.0ms (200.0ms/201.0ms)
[2026-01-16T11:36:07.378+0000][gc,phases   ] GC(1305)   Pre Evacuate Collection Set: 4.8ms
[2026-01-16T11:36:07.378+0000][gc,phases   ] GC(1305)   Merge Heap Roots: 4.4ms
[2026-01-16T11:36:07.379+0000][gc,phases   ] GC(1305)   Evacuate Collection Set: 191.8ms
[2026-01-16T11:36:07.379+0000][gc,phases   ] GC(1305)   Post Evacuate Collection Set: 43.3ms
[2026-01-16T11:36:07.380+0000][gc,phases   ] GC(1305)   Other: 4.0ms
[2026-01-16T11:36:07.381+0000][gc,heap     ] GC(1305) Eden regions: 46->0(85)
[2026-01-16T11:36:07.382+0000][gc,heap     ] GC(1305) Survivor regions: 5->3(7)
[2026-01-16T11:36:07.383+0000][gc,heap     ] GC(1305) Old regions: 93->94
[2026-01-16T11:36:07.383+0000][gc,heap     ] GC(1305) Humongous regions: 38->38
[2026-01-16T11:36:07.385+0000][gc,metaspace] GC(1305) Metaspace: 13178K(13696K)->13178K(13696K) NonClass: 12068K(12288K)->12068K(12288K) Class: 1110K(1408K)->1110K(1408K)
[2026-01-16T11:36:07.387+0000][gc          ] GC(1305) Pause Young (Normal) (G1 Evacuation Pause) 180M->134M(1024M) 262.571ms
[2026-01-16T11:36:07.390+0000][gc,cpu      ] GC(1305) User=0.17s Sys=0.02s Real=0.27s
[2026-01-16T11:36:16.172+0000][gc,start    ] GC(1306) Pause Young (Normal) (G1 Evacuation Pause)
[2026-01-16T11:36:16.180+0000][gc,task     ] GC(1306) Using 8 workers of 8 for evacuation
[2026-01-16T11:36:16.347+0000][gc,phases   ] GC(1306)   Pre Evacuate Collection Set: 23.2ms
[2026-01-16T11:36:16.347+0000][gc,phases   ] GC(1306)   Merge Heap Roots: 1.6ms
[2026-01-16T11:36:16.347+0000][gc,phases   ] GC(1306)   Evacuate Collection Set: 125.8ms
[2026-01-16T11:36:16.348+0000][gc,phases   ] GC(1306)   Post Evacuate Collection Set: 14.7ms
[2026-01-16T11:36:16.348+0000][gc,phases   ] GC(1306)   Other: 2.0ms
[2026-01-16T11:36:16.348+0000][gc,heap     ] GC(1306) Eden regions: 81->0(99)
[2026-01-16T11:36:16.348+0000][gc,heap     ] GC(1306) Survivor regions: 3->3(11)
[2026-01-16T11:36:16.349+0000][gc,heap     ] GC(1306) Old regions: 94->94
[2026-01-16T11:36:16.349+0000][gc,heap     ] GC(1306) Humongous regions: 38->38
[2026-01-16T11:36:16.349+0000][gc,metaspace] GC(1306) Metaspace: 13178K(13696K)->13178K(13696K) NonClass: 12068K(12288K)->12068K(12288K) Class: 1110K(1408K)->1110K(1408K)
[2026-01-16T11:36:16.349+0000][gc          ] GC(1306) Pause Young (Normal) (G1 Evacuation Pause) 215M->134M(1024M) 177.070ms
[2026-01-16T11:36:16.350+0000][gc,cpu      ] GC(1306) User=0.19s Sys=0.01s Real=0.18s
[2026-01-16T11:36:18.981+0000][gc,start    ] GC(1307) Pause Young (Normal) (G1 Evacuation Pause)
[2026-01-16T11:36:18.982+0000][gc,task     ] GC(1307) Using 8 workers of 8 for evacuation
[2026-01-16T11:36:19.165+0000][gc,phases   ] GC(1307)   Pre Evacuate Collection Set: 2.4ms
[2026-01-16T11:36:19.191+0000][gc,phases   ] GC(1307)   Merge Heap Roots: 0.3ms
[2026-01-16T11:36:19.191+0000][gc,phases   ] GC(1307)   Evacuate Collection Set: 155.4ms
[2026-01-16T11:36:19.191+0000][gc,phases   ] GC(1307)   Post Evacuate Collection Set: 24.4ms
[2026-01-16T11:36:19.192+0000][gc,phases   ] GC(1307)   Other: 0.5ms
[2026-01-16T11:36:19.193+0000][gc,heap     ] GC(1307) Eden regions: 98->0(55)
[2026-01-16T11:36:19.194+0000][gc,heap     ] GC(1307) Survivor regions: 3->4(13)
[2026-01-16T11:36:19.194+0000][gc,heap     ] GC(1307) Old regions: 94->95
[2026-01-16T11:36:19.195+0000][gc,heap     ] GC(1307) Humongous regions: 38->38
[2026-01-16T11:36:19.195+0000][gc,metaspace] GC(1307) Metaspace: 13178K(13696K)->13178K(13696K) NonClass: 12068K(12288K)->12068K(12288K) Class: 1110K(1408K)->1110K(1408K)
[2026-01-16T11:36:19.196+0000][gc          ] GC(1307) Pause Young (Normal) (G1 Evacuation Pause) 232M->135M(1024M) 214.287ms
[2026-01-16T11:36:19.196+0000][gc,cpu      ] GC(1307) User=0.21s Sys=0.03s Real=0.22s
[2026-01-16T11:36:28.593+0000][gc,start    ] GC(1308) Pause Young (Normal) (G1 Evacuation Pause)
[2026-01-16T11:36:28.594+0000][gc,task     ] GC(1308) Using 8 workers of 8 for evacuation
[2026-01-16T11:36:28.875+0000][gc,mmu      ] GC(1308) MMU target violated: 201.0ms (200.0ms/201.0ms)
[2026-01-16T11:36:28.875+0000][gc,phases   ] GC(1308)   Pre Evacuate Collection Set: 53.2ms
[2026-01-16T11:36:28.875+0000][gc,phases   ] GC(1308)   Merge Heap Roots: 1.2ms
[2026-01-16T11:36:28.876+0000][gc,phases   ] GC(1308)   Evacuate Collection Set: 191.2ms
[2026-01-16T11:36:28.876+0000][gc,phases   ] GC(1308)   Post Evacuate Collection Set: 34.0ms
[2026-01-16T11:36:28.877+0000][gc,phases   ] GC(1308)   Other: 1.4ms
[2026-01-16T11:36:28.878+0000][gc,heap     ] GC(1308) Eden regions: 59->0(77)
[2026-01-16T11:36:28.878+0000][gc,heap     ] GC(1308) Survivor regions: 4->3(8)
[2026-01-16T11:36:28.880+0000][gc,heap     ] GC(1308) Old regions: 95->95
[2026-01-16T11:36:28.882+0000][gc,heap     ] GC(1308) Humongous regions: 38->38
[2026-01-16T11:36:28.883+0000][gc,metaspace] GC(1308) Metaspace: 13178K(13696K)->13178K(13696K) NonClass: 12068K(12288K)->12068K(12288K) Class: 1110K(1408K)->1110K(1408K)
[2026-01-16T11:36:28.885+0000][gc          ] GC(1308) Pause Young (Normal) (G1 Evacuation Pause) 194M->134M(1024M) 292.731ms
[2026-01-16T11:36:28.886+0000][gc,cpu      ] GC(1308) User=0.22s Sys=0.01s Real=0.30s
[2026-01-16T11:36:36.695+0000][gc,start    ] GC(1309) Pause Young (Normal) (G1 Evacuation Pause)
[2026-01-16T11:36:36.699+0000][gc,task     ] GC(1309) Using 8 workers of 8 for evacuation
[2026-01-16T11:36:36.811+0000][gc,phases   ] GC(1309)   Pre Evacuate Collection Set: 22.2ms
[2026-01-16T11:36:36.812+0000][gc,phases   ] GC(1309)   Merge Heap Roots: 0.8ms
[2026-01-16T11:36:36.812+0000][gc,phases   ] GC(1309)   Evacuate Collection Set: 67.9ms
[2026-01-16T11:36:36.815+0000][gc,phases   ] GC(1309)   Post Evacuate Collection Set: 19.1ms
[2026-01-16T11:36:36.815+0000][gc,phases   ] GC(1309)   Other: 2.9ms
[2026-01-16T11:36:36.816+0000][gc,heap     ] GC(1309) Eden regions: 84->0(254)
[2026-01-16T11:36:36.816+0000][gc,heap     ] GC(1309) Survivor regions: 3->2(11)
[2026-01-16T11:36:36.817+0000][gc,heap     ] GC(1309) Old regions: 95->95
[2026-01-16T11:36:36.817+0000][gc,heap     ] GC(1309) Humongous regions: 38->38
[2026-01-16T11:36:36.818+0000][gc,metaspace] GC(1309) Metaspace: 13178K(13696K)->13178K(13696K) NonClass: 12068K(12288K)->12068K(12288K) Class: 1110K(1408K)->1110K(1408K)
[2026-01-16T11:36:36.818+0000][gc          ] GC(1309) Pause Young (Normal) (G1 Evacuation Pause) 218M->134M(1024M) 123.360ms
[2026-01-16T11:36:36.821+0000][gc,cpu      ] GC(1309) User=0.14s Sys=0.02s Real=0.12s
[2026-01-16T11:36:59.523+0000][gc,start    ] GC(1310) Pause Young (Normal) (G1 Evacuation Pause)
[2026-01-16T11:36:59.525+0000][gc,task     ] GC(1310) Using 8 workers of 8 for evacuation
[2026-01-16T11:36:59.899+0000][gc,mmu      ] GC(1310) MMU target violated: 201.0ms (200.0ms/201.0ms)
[2026-01-16T11:36:59.899+0000][gc,phases   ] GC(1310)   Pre Evacuate Collection Set: 43.5ms
[2026-01-16T11:36:59.900+0000][gc,phases   ] GC(1310)   Merge Heap Roots: 7.3ms
[2026-01-16T11:36:59.909+0000][gc,phases   ] GC(1310)   Evacuate Collection Set: 294.3ms
[2026-01-16T11:36:59.911+0000][gc,phases   ] GC(1310)   Post Evacuate Collection Set: 24.4ms
[2026-01-16T11:36:59.913+0000][gc,phases   ] GC(1310)   Other: 4.9ms
[2026-01-16T11:36:59.914+0000][gc,heap     ] GC(1310) Eden regions: 247->0(47)
[2026-01-16T11:36:59.916+0000][gc,heap     ] GC(1310) Survivor regions: 2->4(32)
[2026-01-16T11:36:59.917+0000][gc,heap     ] GC(1310) Old regions: 95->95
[2026-01-16T11:36:59.919+0000][gc,heap     ] GC(1310) Humongous regions: 38->38
[2026-01-16T11:36:59.920+0000][gc,metaspace] GC(1310) Metaspace: 13178K(13696K)->13178K(13696K) NonClass: 12068K(12288K)->12068K(12288K) Class: 1110K(1408K)->1110K(1408K)
[2026-01-16T11:36:59.921+0000][gc          ] GC(1310) Pause Young (Normal) (G1 Evacuation Pause) 381M->136M(1024M) 397.954ms
[2026-01-16T11:36:59.922+0000][gc,cpu      ] GC(1310) User=0.48s Sys=0.06s Real=0.39s
[2026-01-16T11:37:01.200+0000][gc,start    ] GC(1311) Pause Young (Normal) (G1 Evacuation Pause)
[2026-01-16T11:37:01.202+0000][gc,task     ] GC(1311) Using 8 workers of 8 for evacuation
[2026-01-16T11:37:01.236+0000][gc,phases   ] GC(1311)   Pre Evacuate Collection Set: 2.2ms
[2026-01-16T11:37:01.236+0000][gc,phases   ] GC(1311)   Merge Heap Roots: 0.9ms
[2026-01-16T11:37:01.237+0000][gc,phases   ] GC(1311)   Evacuate Collection Set: 25.3ms
[2026-01-16T11:37:01.238+0000][gc,phases   ] GC(1311)   Post Evacuate Collection Set: 2.7ms
[2026-01-16T11:37:01.240+0000][gc,phases   ] GC(1311)   Other: 2.5ms
[2026-01-16T11:37:01.242+0000][gc,heap     ] GC(1311) Eden regions: 47->0(122)
[2026-01-16T11:37:01.243+0000][gc,heap     ] GC(1311) Survivor regions: 4->3(7)
[2026-01-16T11:37:01.244+0000][gc,heap     ] GC(1311) Old regions: 95->95
[2026-01-16T11:37:01.244+0000][gc,heap     ] GC(1311) Humongous regions: 38->38
[2026-01-16T11:37:01.244+0000][gc,metaspace] GC(1311) Metaspace: 13178K(13696K)->13178K(13696K) NonClass: 12068K(12288K)->12068K(12288K) Class: 1110K(1408K)->1110K(1408K)
[2026-01-16T11:37:01.245+0000][gc          ] GC(1311) Pause Young (Normal) (G1 Evacuation Pause) 183M->135M(1024M) 44.818ms
[2026-01-16T11:37:01.245+0000][gc,cpu      ] GC(1311) User=0.06s Sys=0.00s Real=0.05s
[2026-01-16T11:37:08.333+0000][gc,start    ] GC(1312) Pause Young (Normal) (G1 Evacuation Pause)
[2026-01-16T11:37:08.336+0000][gc,task     ] GC(1312) Using 8 workers of 8 for evacuation
[2026-01-16T11:37:08.467+0000][gc,phases   ] GC(1312)   Pre Evacuate Collection Set: 12.4ms
[2026-01-16T11:37:08.469+0000][gc,phases   ] GC(1312)   Merge Heap Roots: 1.2ms
[2026-01-16T11:37:08.469+0000][gc,phases   ] GC(1312)   Evacuate Collection Set: 108.5ms
[2026-01-16T11:37:08.471+0000][gc,phases   ] GC(1312)   Post Evacuate Collection Set: 8.4ms
[2026-01-16T11:37:08.471+0000][gc,phases   ] GC(1312)   Other: 0.9ms
[2026-01-16T11:37:08.473+0000][gc,heap     ] GC(1312) Eden regions: 113->0(161)
[2026-01-16T11:37:08.474+0000][gc,heap     ] GC(1312) Survivor regions: 3->3(15)
[2026-01-16T11:37:08.476+0000][gc,heap     ] GC(1312) Old regions: 95->95
[2026-01-16T11:37:08.476+0000][gc,heap     ] GC(1312) Humongous regions: 38->38
[2026-01-16T11:37:08.478+0000][gc,metaspace] GC(1312) Metaspace: 13178K(13696K)->13178K(13696K) NonClass: 12068K(12288K)->12068K(12288K) Class: 1110K(1408K)->1110K(1408K)
[2026-01-16T11:37:08.478+0000][gc          ] GC(1312) Pause Young (Normal) (G1 Evacuation Pause) 248M->135M(1024M) 144.978ms
[2026-01-16T11:37:08.479+0000][gc,cpu      ] GC(1312) User=0.19s Sys=0.01s Real=0.14s
[2026-01-16T11:37:20.461+0000][gc,start    ] GC(1313) Pause Young (Normal) (G1 Evacuation Pause)
[2026-01-16T11:37:20.462+0000][gc,task     ] GC(1313) Using 8 workers of 8 for evacuation
[2026-01-16T11:37:20.672+0000][gc,mmu      ] GC(1313) MMU target violated: 201.0ms (200.0ms/201.0ms)
[2026-01-16T11:37:20.677+0000][gc,phases   ] GC(1313)   Pre Evacuate Collection Set: 16.0ms
[2026-01-16T11:37:20.679+0000][gc,phases   ] GC(1313)   Merge Heap Roots: 8.5ms
[2026-01-16T11:37:20.679+0000][gc,phases   ] GC(1313)   Evacuate Collection Set: 157.9ms
[2026-01-16T11:37:20.680+0000][gc,phases   ] GC(1313)   Post Evacuate Collection Set: 21.7ms
[2026-01-16T11:37:20.680+0000][gc,phases   ] GC(1313)   Other: 11.0ms
[2026-01-16T11:37:20.681+0000][gc,heap     ] GC(1313) Eden regions: 159->0(87)
[2026-01-16T11:37:20.681+0000][gc,heap     ] GC(1313) Survivor regions: 3->4(21)
[2026-01-16T11:37:20.681+0000][gc,heap     ] GC(1313) Old regions: 95->96
[2026-01-16T11:37:20.681+0000][gc,heap     ] GC(1313) Humongous regions: 38->38
[2026-01-16T11:37:20.682+0000][gc,metaspace] GC(1313) Metaspace: 13178K(13696K)->13178K(13696K) NonClass: 12068K(12288K)->12068K(12288K) Class: 1110K(1408K)->1110K(1408K)
[2026-01-16T11:37:20.682+0000][gc          ] GC(1313) Pause Young (Normal) (G1 Evacuation Pause) 294M->136M(1024M) 221.798ms
[2026-01-16T11:37:20.683+0000][gc,cpu      ] GC(1313) User=0.23s Sys=0.01s Real=0.23s
[2026-01-16T11:37:29.365+0000][gc,start    ] GC(1314) Pause Young (Normal) (G1 Evacuation Pause)
[2026-01-16T11:37:29.376+0000][gc,task     ] GC(1314) Using 8 workers of 8 for evacuation
[2026-01-16T11:37:29.838+0000][gc,mmu      ] GC(1314) MMU target violated: 201.0ms (200.0ms/201.0ms)
[2026-01-16T11:37:29.840+0000][gc,phases   ] GC(1314)   Pre Evacuate Collection Set: 50.7ms
[2026-01-16T11:37:29.841+0000][gc,phases   ] GC(1314)   Merge Heap Roots: 13.2ms
[2026-01-16T11:37:29.844+0000][gc,phases   ] GC(1314)   Evacuate Collection Set: 347.9ms
[2026-01-16T11:37:29.854+0000][gc,phases   ] GC(1314)   Post Evacuate Collection Set: 47.8ms
[2026-01-16T11:37:29.856+0000][gc,phases   ] GC(1314)   Other: 11.4ms
[2026-01-16T11:37:29.859+0000][gc,heap     ] GC(1314) Eden regions: 70->0(47)
[2026-01-16T11:37:29.860+0000][gc,heap     ] GC(1314) Survivor regions: 4->4(10)
[2026-01-16T11:37:29.860+0000][gc,heap     ] GC(1314) Old regions: 96->96
[2026-01-16T11:37:29.861+0000][gc,heap     ] GC(1314) Humongous regions: 38->38
[2026-01-16T11:37:29.865+0000][gc,metaspace] GC(1314) Metaspace: 13178K(13696K)->13178K(13696K) NonClass: 12068K(12288K)->12068K(12288K) Class: 1110K(1408K)->1110K(1408K)
[2026-01-16T11:37:29.866+0000][gc          ] GC(1314) Pause Young (Normal) (G1 Evacuation Pause) 206M->136M(1024M) 500.440ms
[2026-01-16T11:37:29.866+0000][gc,cpu      ] GC(1314) User=0.20s Sys=0.02s Real=0.50s
[2026-01-16T11:37:31.216+0000][gc,start    ] GC(1315) Pause Young (Normal) (G1 Evacuation Pause)
[2026-01-16T11:37:31.220+0000][gc,task     ] GC(1315) Using 8 workers of 8 for evacuation
[2026-01-16T11:37:31.428+0000][gc,mmu      ] GC(1315) MMU target violated: 201.0ms (200.0ms/201.0ms)
[2026-01-16T11:37:31.429+0000][gc,phases   ] GC(1315)   Pre Evacuate Collection Set: 16.0ms
[2026-01-16T11:37:31.430+0000][gc,phases   ] GC(1315)   Merge Heap Roots: 17.8ms
[2026-01-16T11:37:31.431+0000][gc,phases   ] GC(1315)   Evacuate Collection Set: 161.8ms
[2026-01-16T11:37:31.431+0000][gc,phases   ] GC(1315)   Post Evacuate Collection Set: 12.5ms
[2026-01-16T11:37:31.431+0000][gc,phases   ] GC(1315)   Other: 2.2ms
[2026-01-16T11:37:31.432+0000][gc,heap     ] GC(1315) Eden regions: 47->0(47)
[2026-01-16T11:37:31.432+0000][gc,heap     ] GC(1315) Survivor regions: 4->4(7)
[2026-01-16T11:37:31.433+0000][gc,heap     ] GC(1315) Old regions: 96->96
[2026-01-16T11:37:31.433+0000][gc,heap     ] GC(1315) Humongous regions: 38->38
[2026-01-16T11:37:31.434+0000][gc,metaspace] GC(1315) Metaspace: 13178K(13696K)->13178K(13696K) NonClass: 12068K(12288K)->12068K(12288K) Class: 1110K(1408K)->1110K(1408K)
[2026-01-16T11:37:31.435+0000][gc          ] GC(1315) Pause Young (Normal) (G1 Evacuation Pause) 183M->136M(1024M) 219.262ms
[2026-01-16T11:37:31.439+0000][gc,cpu      ] GC(1315) User=0.07s Sys=0.00s Real=0.23s
[2026-01-16T11:37:37.706+0000][gc,start    ] GC(1316) Pause Young (Normal) (G1 Evacuation Pause)
[2026-01-16T11:37:37.716+0000][gc,task     ] GC(1316) Using 8 workers of 8 for evacuation
[2026-01-16T11:37:37.980+0000][gc,mmu      ] GC(1316) MMU target violated: 201.0ms (200.0ms/201.0ms)
[2026-01-16T11:37:37.980+0000][gc,phases   ] GC(1316)   Pre Evacuate Collection Set: 61.1ms
[2026-01-16T11:37:37.980+0000][gc,phases   ] GC(1316)   Merge Heap Roots: 7.9ms
[2026-01-16T11:37:37.981+0000][gc,phases   ] GC(1316)   Evacuate Collection Set: 156.1ms
[2026-01-16T11:37:37.982+0000][gc,phases   ] GC(1316)   Post Evacuate Collection Set: 33.2ms
[2026-01-16T11:37:37.983+0000][gc,phases   ] GC(1316)   Other: 7.3ms
[2026-01-16T11:37:37.984+0000][gc,heap     ] GC(1316) Eden regions: 47->0(48)
[2026-01-16T11:37:37.985+0000][gc,heap     ] GC(1316) Survivor regions: 4->3(7)
[2026-01-16T11:37:37.985+0000][gc,heap     ] GC(1316) Old regions: 96->96
[2026-01-16T11:37:37.985+0000][gc,heap     ] GC(1316) Humongous regions: 38->38
[2026-01-16T11:37:37.985+0000][gc,metaspace] GC(1316) Metaspace: 13178K(13696K)->13178K(13696K) NonClass: 12068K(12288K)->12068K(12288K) Class: 1110K(1408K)->1110K(1408K)
[2026-01-16T11:37:37.986+0000][gc          ] GC(1316) Pause Young (Normal) (G1 Evacuation Pause) 183M->136M(1024M) 279.133ms
[2026-01-16T11:37:37.986+0000][gc,cpu      ] GC(1316) User=0.19s Sys=0.02s Real=0.27s
[2026-01-16T11:37:39.851+0000][gc,start    ] GC(1317) Pause Young (Normal) (G1 Evacuation Pause)
[2026-01-16T11:37:39.858+0000][gc,task     ] GC(1317) Using 8 workers of 8 for evacuation
[2026-01-16T11:37:40.084+0000][gc,mmu      ] GC(1317) MMU target violated: 201.0ms (200.0ms/201.0ms)
[2026-01-16T11:37:40.085+0000][gc,phases   ] GC(1317)   Pre Evacuate Collection Set: 38.8ms
[2026-01-16T11:37:40.085+0000][gc,phases   ] GC(1317)   Merge Heap Roots: 2.8ms
[2026-01-16T11:37:40.086+0000][gc,phases   ] GC(1317)   Evacuate Collection Set: 162.2ms
[2026-01-16T11:37:40.087+0000][gc,phases   ] GC(1317)   Post Evacuate Collection Set: 18.5ms
[2026-01-16T11:37:40.087+0000][gc,phases   ] GC(1317)   Other: 5.3ms
[2026-01-16T11:37:40.088+0000][gc,heap     ] GC(1317) Eden regions: 48->0(47)
[2026-01-16T11:37:40.089+0000][gc,heap     ] GC(1317) Survivor regions: 3->4(7)
[2026-01-16T11:37:40.089+0000][gc,heap     ] GC(1317) Old regions: 96->96
[2026-01-16T11:37:40.090+0000][gc,heap     ] GC(1317) Humongous regions: 38->38
[2026-01-16T11:37:40.092+0000][gc,metaspace] GC(1317) Metaspace: 13178K(13696K)->13178K(13696K) NonClass: 12068K(12288K)->12068K(12288K) Class: 1110K(1408K)->1110K(1408K)
[2026-01-16T11:37:40.092+0000][gc          ] GC(1317) Pause Young (Normal) (G1 Evacuation Pause) 184M->136M(1024M) 241.067ms
[2026-01-16T11:37:40.095+0000][gc,cpu      ] GC(1317) User=0.20s Sys=0.01s Real=0.24s
[2026-01-16T11:37:46.929+0000][gc,start    ] GC(1318) Pause Young (Normal) (G1 Evacuation Pause)
[2026-01-16T11:37:46.932+0000][gc,task     ] GC(1318) Using 8 workers of 8 for evacuation
[2026-01-16T11:37:47.218+0000][gc,mmu      ] GC(1318) MMU target violated: 201.0ms (200.0ms/201.0ms)
[2026-01-16T11:37:47.220+0000][gc,phases   ] GC(1318)   Pre Evacuate Collection Set: 27.0ms
[2026-01-16T11:37:47.223+0000][gc,phases   ] GC(1318)   Merge Heap Roots: 12.4ms
[2026-01-16T11:37:47.225+0000][gc,phases   ] GC(1318)   Evacuate Collection Set: 196.9ms
[2026-01-16T11:37:47.226+0000][gc,phases   ] GC(1318)   Post Evacuate Collection Set: 48.5ms
[2026-01-16T11:37:47.226+0000][gc,phases   ] GC(1318)   Other: 3.6ms
[2026-01-16T11:37:47.228+0000][gc,heap     ] GC(1318) Eden regions: 47->0(48)
[2026-01-16T11:37:47.230+0000][gc,heap     ] GC(1318) Survivor regions: 4->3(7)
[2026-01-16T11:37:47.231+0000][gc,heap     ] GC(1318) Old regions: 96->96
[2026-01-16T11:37:47.234+0000][gc,heap     ] GC(1318) Humongous regions: 38->38
[2026-01-16T11:37:47.236+0000][gc,metaspace] GC(1318) Metaspace: 13178K(13696K)->13178K(13696K) NonClass: 12068K(12288K)->12068K(12288K) Class: 1110K(1408K)->1110K(1408K)
[2026-01-16T11:37:47.237+0000][gc          ] GC(1318) Pause Young (Normal) (G1 Evacuation Pause) 183M->135M(1024M) 307.337ms
[2026-01-16T11:37:47.241+0000][gc,cpu      ] GC(1318) User=0.19s Sys=0.02s Real=0.31s
[2026-01-16T11:37:48.661+0000][gc,start    ] GC(1319) Pause Young (Normal) (G1 Evacuation Pause)
[2026-01-16T11:37:48.663+0000][gc,task     ] GC(1319) Using 8 workers of 8 for evacuation
[2026-01-16T11:37:48.727+0000][gc,phases   ] GC(1319)   Pre Evacuate Collection Set: 13.7ms
[2026-01-16T11:37:48.728+0000][gc,phases   ] GC(1319)   Merge Heap Roots: 1.6ms
[2026-01-16T11:37:48.728+0000][gc,phases   ] GC(1319)   Evacuate Collection Set: 45.8ms
[2026-01-16T11:37:48.729+0000][gc,phases   ] GC(1319)   Post Evacuate Collection Set: 2.3ms
[2026-01-16T11:37:48.729+0000][gc,phases   ] GC(1319)   Other: 1.0ms
[2026-01-16T11:37:48.729+0000][gc,heap     ] GC(1319) Eden regions: 57->0(47)
[2026-01-16T11:37:48.730+0000][gc,heap     ] GC(1319) Survivor regions: 3->4(8)
[2026-01-16T11:37:48.732+0000][gc,heap     ] GC(1319) Old regions: 96->96
[2026-01-16T11:37:48.734+0000][gc,heap     ] GC(1319) Humongous regions: 38->38
[2026-01-16T11:37:48.734+0000][gc,metaspace] GC(1319) Metaspace: 13178K(13696K)->13178K(13696K) NonClass: 12068K(12288K)->12068K(12288K) Class: 1110K(1408K)->1110K(1408K)
[2026-01-16T11:37:48.735+0000][gc          ] GC(1319) Pause Young (Normal) (G1 Evacuation Pause) 192M->136M(1024M) 73.814ms
[2026-01-16T11:37:48.735+0000][gc,cpu      ] GC(1319) User=0.08s Sys=0.01s Real=0.07s
[2026-01-16T11:37:50.051+0000][gc,start    ] GC(1320) Pause Young (Normal) (G1 Evacuation Pause)
[2026-01-16T11:37:50.051+0000][gc,task     ] GC(1320) Using 8 workers of 8 for evacuation
[2026-01-16T11:37:50.089+0000][gc,phases   ] GC(1320)   Pre Evacuate Collection Set: 3.1ms
[2026-01-16T11:37:50.089+0000][gc,phases   ] GC(1320)   Merge Heap Roots: 0.5ms
[2026-01-16T11:37:50.090+0000][gc,phases   ] GC(1320)   Evacuate Collection Set: 25.5ms
[2026-01-16T11:37:50.091+0000][gc,phases   ] GC(1320)   Post Evacuate Collection Set: 7.7ms
[2026-01-16T11:37:50.091+0000][gc,phases   ] GC(1320)   Other: 0.5ms
[2026-01-16T11:37:50.092+0000][gc,heap     ] GC(1320) Eden regions: 47->0(161)
[2026-01-16T11:37:50.092+0000][gc,heap     ] GC(1320) Survivor regions: 4->4(7)
[2026-01-16T11:37:50.093+0000][gc,heap     ] GC(1320) Old regions: 96->96
[2026-01-16T11:37:50.093+0000][gc,heap     ] GC(1320) Humongous regions: 38->38
[2026-01-16T11:37:50.094+0000][gc,metaspace] GC(1320) Metaspace: 13178K(13696K)->13178K(13696K) NonClass: 12068K(12288K)->12068K(12288K) Class: 1110K(1408K)->1110K(1408K)
[2026-01-16T11:37:50.096+0000][gc          ] GC(1320) Pause Young (Normal) (G1 Evacuation Pause) 183M->137M(1024M) 45.160ms
[2026-01-16T11:37:50.096+0000][gc,cpu      ] GC(1320) User=0.06s Sys=0.00s Real=0.04s
[2026-01-16T11:38:01.027+0000][gc,start    ] GC(1321) Pause Young (Normal) (G1 Evacuation Pause)
[2026-01-16T11:38:01.030+0000][gc,task     ] GC(1321) Using 8 workers of 8 for evacuation
[2026-01-16T11:38:01.219+0000][gc,phases   ] GC(1321)   Pre Evacuate Collection Set: 16.2ms
[2026-01-16T11:38:01.220+0000][gc,phases   ] GC(1321)   Merge Heap Roots: 1.9ms
[2026-01-16T11:38:01.220+0000][gc,phases   ] GC(1321)   Evacuate Collection Set: 164.9ms
[2026-01-16T11:38:01.221+0000][gc,phases   ] GC(1321)   Post Evacuate Collection Set: 4.7ms
[2026-01-16T11:38:01.221+0000][gc,phases   ] GC(1321)   Other: 1.2ms
[2026-01-16T11:38:01.221+0000][gc,heap     ] GC(1321) Eden regions: 99->0(131)
[2026-01-16T11:38:01.222+0000][gc,heap     ] GC(1321) Survivor regions: 4->4(13)
[2026-01-16T11:38:01.223+0000][gc,heap     ] GC(1321) Old regions: 96->96
[2026-01-16T11:38:01.224+0000][gc,heap     ] GC(1321) Humongous regions: 38->38
[2026-01-16T11:38:01.225+0000][gc,metaspace] GC(1321) Metaspace: 13178K(13696K)->13178K(13696K) NonClass: 12068K(12288K)->12068K(12288K) Class: 1110K(1408K)->1110K(1408K)
[2026-01-16T11:38:01.225+0000][gc          ] GC(1321) Pause Young (Normal) (G1 Evacuation Pause) 236M->137M(1024M) 198.230ms
[2026-01-16T11:38:01.225+0000][gc,cpu      ] GC(1321) User=0.25s Sys=0.01s Real=0.20s
[2026-01-16T11:38:08.205+0000][gc,start    ] GC(1322) Pause Young (Normal) (G1 Evacuation Pause)
[2026-01-16T11:38:08.206+0000][gc,task     ] GC(1322) Using 8 workers of 8 for evacuation
[2026-01-16T11:38:08.293+0000][gc,phases   ] GC(1322)   Pre Evacuate Collection Set: 7.8ms
[2026-01-16T11:38:08.294+0000][gc,phases   ] GC(1322)   Merge Heap Roots: 4.3ms
[2026-01-16T11:38:08.294+0000][gc,phases   ] GC(1322)   Evacuate Collection Set: 66.4ms
[2026-01-16T11:38:08.294+0000][gc,phases   ] GC(1322)   Post Evacuate Collection Set: 7.3ms
[2026-01-16T11:38:08.295+0000][gc,phases   ] GC(1322)   Other: 0.9ms
[2026-01-16T11:38:08.298+0000][gc,heap     ] GC(1322) Eden regions: 88->0(385)
[2026-01-16T11:38:08.299+0000][gc,heap     ] GC(1322) Survivor regions: 4->3(12)
[2026-01-16T11:38:08.306+0000][gc,heap     ] GC(1322) Old regions: 96->96
[2026-01-16T11:38:08.310+0000][gc,heap     ] GC(1322) Humongous regions: 38->38
[2026-01-16T11:38:08.311+0000][gc,metaspace] GC(1322) Metaspace: 13178K(13696K)->13178K(13696K) NonClass: 12068K(12288K)->12068K(12288K) Class: 1110K(1408K)->1110K(1408K)
[2026-01-16T11:38:08.313+0000][gc          ] GC(1322) Pause Young (Normal) (G1 Evacuation Pause) 225M->136M(1024M) 108.349ms
[2026-01-16T11:38:08.315+0000][gc,cpu      ] GC(1322) User=0.15s Sys=0.01s Real=0.11s
[2026-01-16T11:38:50.538+0000][gc,start    ] GC(1323) Pause Young (Normal) (G1 Evacuation Pause)
[2026-01-16T11:38:50.541+0000][gc,task     ] GC(1323) Using 8 workers of 8 for evacuation
[2026-01-16T11:38:50.943+0000][gc,mmu      ] GC(1323) MMU target violated: 201.0ms (200.0ms/201.0ms)
[2026-01-16T11:38:50.945+0000][gc,phases   ] GC(1323)   Pre Evacuate Collection Set: 33.4ms
[2026-01-16T11:38:50.945+0000][gc,phases   ] GC(1323)   Merge Heap Roots: 41.3ms
[2026-01-16T11:38:50.946+0000][gc,phases   ] GC(1323)   Evacuate Collection Set: 265.7ms
[2026-01-16T11:38:50.946+0000][gc,phases   ] GC(1323)   Post Evacuate Collection Set: 57.7ms
[2026-01-16T11:38:50.947+0000][gc,phases   ] GC(1323)   Other: 5.8ms
[2026-01-16T11:38:50.949+0000][gc,heap     ] GC(1323) Eden regions: 436->0(47)
[2026-01-16T11:38:50.950+0000][gc,heap     ] GC(1323) Survivor regions: 3->4(55)
[2026-01-16T11:38:50.950+0000][gc,heap     ] GC(1323) Old regions: 96->97
[2026-01-16T11:38:50.951+0000][gc,heap     ] GC(1323) Humongous regions: 38->38
[2026-01-16T11:38:50.951+0000][gc,metaspace] GC(1323) Metaspace: 13178K(13696K)->13178K(13696K) NonClass: 12068K(12288K)->12068K(12288K) Class: 1110K(1408K)->1110K(1408K)
[2026-01-16T11:38:50.953+0000][gc          ] GC(1323) Pause Young (Normal) (G1 Evacuation Pause) 572M->137M(1024M) 414.561ms
[2026-01-16T11:38:50.954+0000][gc,cpu      ] GC(1323) User=0.47s Sys=0.05s Real=0.41s
[2026-01-16T11:38:53.770+0000][gc,start    ] GC(1324) Pause Young (Normal) (G1 Evacuation Pause)
[2026-01-16T11:38:53.772+0000][gc,task     ] GC(1324) Using 8 workers of 8 for evacuation
[2026-01-16T11:38:53.924+0000][gc,phases   ] GC(1324)   Pre Evacuate Collection Set: 18.7ms
[2026-01-16T11:38:53.926+0000][gc,phases   ] GC(1324)   Merge Heap Roots: 1.6ms
[2026-01-16T11:38:53.926+0000][gc,phases   ] GC(1324)   Evacuate Collection Set: 101.8ms
[2026-01-16T11:38:53.927+0000][gc,phases   ] GC(1324)   Post Evacuate Collection Set: 29.2ms
[2026-01-16T11:38:53.927+0000][gc,phases   ] GC(1324)   Other: 1.8ms
[2026-01-16T11:38:53.927+0000][gc,heap     ] GC(1324) Eden regions: 47->0(47)
[2026-01-16T11:38:53.927+0000][gc,heap     ] GC(1324) Survivor regions: 4->4(7)
[2026-01-16T11:38:53.929+0000][gc,heap     ] GC(1324) Old regions: 97->97
[2026-01-16T11:38:53.929+0000][gc,heap     ] GC(1324) Humongous regions: 38->38
[2026-01-16T11:38:53.929+0000][gc,metaspace] GC(1324) Metaspace: 13178K(13696K)->13178K(13696K) NonClass: 12068K(12288K)->12068K(12288K) Class: 1110K(1408K)->1110K(1408K)
[2026-01-16T11:38:53.930+0000][gc          ] GC(1324) Pause Young (Normal) (G1 Evacuation Pause) 184M->137M(1024M) 159.242ms
[2026-01-16T11:38:53.930+0000][gc,cpu      ] GC(1324) User=0.16s Sys=0.01s Real=0.16s
[2026-01-16T11:38:56.513+0000][gc,start    ] GC(1325) Pause Young (Normal) (G1 Evacuation Pause)
[2026-01-16T11:38:56.514+0000][gc,task     ] GC(1325) Using 8 workers of 8 for evacuation
[2026-01-16T11:38:56.653+0000][gc,phases   ] GC(1325)   Pre Evacuate Collection Set: 9.8ms
[2026-01-16T11:38:56.654+0000][gc,phases   ] GC(1325)   Merge Heap Roots: 1.1ms
[2026-01-16T11:38:56.654+0000][gc,phases   ] GC(1325)   Evacuate Collection Set: 124.8ms
[2026-01-16T11:38:56.654+0000][gc,phases   ] GC(1325)   Post Evacuate Collection Set: 2.9ms
[2026-01-16T11:38:56.655+0000][gc,phases   ] GC(1325)   Other: 0.8ms
[2026-01-16T11:38:56.655+0000][gc,heap     ] GC(1325) Eden regions: 47->0(151)
[2026-01-16T11:38:56.656+0000][gc,heap     ] GC(1325) Survivor regions: 4->3(7)
[2026-01-16T11:38:56.656+0000][gc,heap     ] GC(1325) Old regions: 97->97
[2026-01-16T11:38:56.658+0000][gc,heap     ] GC(1325) Humongous regions: 38->38
[2026-01-16T11:38:56.663+0000][gc,metaspace] GC(1325) Metaspace: 13178K(13696K)->13178K(13696K) NonClass: 12068K(12288K)->12068K(12288K) Class: 1110K(1408K)->1110K(1408K)
[2026-01-16T11:38:56.664+0000][gc          ] GC(1325) Pause Young (Normal) (G1 Evacuation Pause) 184M->137M(1024M) 150.618ms
[2026-01-16T11:38:56.664+0000][gc,cpu      ] GC(1325) User=0.12s Sys=0.01s Real=0.15s
[2026-01-16T11:39:08.860+0000][gc,start    ] GC(1326) Pause Young (Normal) (G1 Evacuation Pause)
[2026-01-16T11:39:08.866+0000][gc,task     ] GC(1326) Using 8 workers of 8 for evacuation
[2026-01-16T11:39:09.392+0000][gc,mmu      ] GC(1326) MMU target violated: 201.0ms (200.0ms/201.0ms)
[2026-01-16T11:39:09.395+0000][gc,phases   ] GC(1326)   Pre Evacuate Collection Set: 37.5ms
[2026-01-16T11:39:09.397+0000][gc,phases   ] GC(1326)   Merge Heap Roots: 8.5ms
[2026-01-16T11:39:09.406+0000][gc,phases   ] GC(1326)   Evacuate Collection Set: 444.8ms
[2026-01-16T11:39:09.409+0000][gc,phases   ] GC(1326)   Post Evacuate Collection Set: 30.2ms
[2026-01-16T11:39:09.411+0000][gc,phases   ] GC(1326)   Other: 10.3ms
[2026-01-16T11:39:09.414+0000][gc,heap     ] GC(1326) Eden regions: 174->0(47)
[2026-01-16T11:39:09.416+0000][gc,heap     ] GC(1326) Survivor regions: 3->4(23)
[2026-01-16T11:39:09.416+0000][gc,heap     ] GC(1326) Old regions: 97->97
[2026-01-16T11:39:09.416+0000][gc,heap     ] GC(1326) Humongous regions: 38->38
[2026-01-16T11:39:09.417+0000][gc,metaspace] GC(1326) Metaspace: 13178K(13696K)->13178K(13696K) NonClass: 12068K(12288K)->12068K(12288K) Class: 1110K(1408K)->1110K(1408K)
[2026-01-16T11:39:09.418+0000][gc          ] GC(1326) Pause Young (Normal) (G1 Evacuation Pause) 311M->138M(1024M) 557.832ms
[2026-01-16T11:39:09.420+0000][gc,cpu      ] GC(1326) User=0.19s Sys=0.05s Real=0.56s
[2026-01-16T11:39:10.862+0000][gc,start    ] GC(1327) Pause Young (Normal) (G1 Evacuation Pause)
[2026-01-16T11:39:10.863+0000][gc,task     ] GC(1327) Using 8 workers of 8 for evacuation
[2026-01-16T11:39:10.935+0000][gc,phases   ] GC(1327)   Pre Evacuate Collection Set: 8.3ms
[2026-01-16T11:39:10.936+0000][gc,phases   ] GC(1327)   Merge Heap Roots: 2.5ms
[2026-01-16T11:39:10.936+0000][gc,phases   ] GC(1327)   Evacuate Collection Set: 43.4ms
[2026-01-16T11:39:10.936+0000][gc,phases   ] GC(1327)   Post Evacuate Collection Set: 16.4ms
[2026-01-16T11:39:10.936+0000][gc,phases   ] GC(1327)   Other: 1.4ms
[2026-01-16T11:39:10.936+0000][gc,heap     ] GC(1327) Eden regions: 47->0(47)
[2026-01-16T11:39:10.937+0000][gc,heap     ] GC(1327) Survivor regions: 4->4(7)
[2026-01-16T11:39:10.937+0000][gc,heap     ] GC(1327) Old regions: 97->97
[2026-01-16T11:39:10.937+0000][gc,heap     ] GC(1327) Humongous regions: 38->38
[2026-01-16T11:39:10.937+0000][gc,metaspace] GC(1327) Metaspace: 13178K(13696K)->13178K(13696K) NonClass: 12068K(12288K)->12068K(12288K) Class: 1110K(1408K)->1110K(1408K)
[2026-01-16T11:39:10.937+0000][gc          ] GC(1327) Pause Young (Normal) (G1 Evacuation Pause) 185M->138M(1024M) 74.581ms
[2026-01-16T11:39:10.940+0000][gc,cpu      ] GC(1327) User=0.09s Sys=0.02s Real=0.08s
[2026-01-16T11:39:17.879+0000][gc,start    ] GC(1328) Pause Young (Normal) (G1 Evacuation Pause)
[2026-01-16T11:39:17.880+0000][gc,task     ] GC(1328) Using 8 workers of 8 for evacuation
[2026-01-16T11:39:18.042+0000][gc,phases   ] GC(1328)   Pre Evacuate Collection Set: 32.9ms
[2026-01-16T11:39:18.043+0000][gc,phases   ] GC(1328)   Merge Heap Roots: 1.9ms
[2026-01-16T11:39:18.043+0000][gc,phases   ] GC(1328)   Evacuate Collection Set: 113.2ms
[2026-01-16T11:39:18.044+0000][gc,phases   ] GC(1328)   Post Evacuate Collection Set: 12.3ms
[2026-01-16T11:39:18.044+0000][gc,phases   ] GC(1328)   Other: 1.6ms
[2026-01-16T11:39:18.044+0000][gc,heap     ] GC(1328) Eden regions: 47->0(48)
[2026-01-16T11:39:18.044+0000][gc,heap     ] GC(1328) Survivor regions: 4->3(7)
[2026-01-16T11:39:18.045+0000][gc,heap     ] GC(1328) Old regions: 97->98
[2026-01-16T11:39:18.046+0000][gc,heap     ] GC(1328) Humongous regions: 38->38
[2026-01-16T11:39:18.046+0000][gc,metaspace] GC(1328) Metaspace: 13178K(13696K)->13178K(13696K) NonClass: 12068K(12288K)->12068K(12288K) Class: 1110K(1408K)->1110K(1408K)
[2026-01-16T11:39:18.046+0000][gc          ] GC(1328) Pause Young (Normal) (G1 Evacuation Pause) 185M->138M(1024M) 167.803ms
[2026-01-16T11:39:18.047+0000][gc,cpu      ] GC(1328) User=0.15s Sys=0.02s Real=0.17s
[2026-01-16T11:39:18.591+0000][gc,start    ] GC(1329) Pause Young (Normal) (G1 Evacuation Pause)
[2026-01-16T11:39:18.595+0000][gc,task     ] GC(1329) Using 8 workers of 8 for evacuation
[2026-01-16T11:39:18.639+0000][gc,phases   ] GC(1329)   Pre Evacuate Collection Set: 3.0ms
[2026-01-16T11:39:18.640+0000][gc,phases   ] GC(1329)   Merge Heap Roots: 2.3ms
[2026-01-16T11:39:18.641+0000][gc,phases   ] GC(1329)   Evacuate Collection Set: 32.7ms
[2026-01-16T11:39:18.641+0000][gc,phases   ] GC(1329)   Post Evacuate Collection Set: 3.6ms
[2026-01-16T11:39:18.641+0000][gc,phases   ] GC(1329)   Other: 1.8ms
[2026-01-16T11:39:18.642+0000][gc,heap     ] GC(1329) Eden regions: 48->0(47)
[2026-01-16T11:39:18.644+0000][gc,heap     ] GC(1329) Survivor regions: 3->4(7)
[2026-01-16T11:39:18.647+0000][gc,heap     ] GC(1329) Old regions: 98->98
[2026-01-16T11:39:18.647+0000][gc,heap     ] GC(1329) Humongous regions: 38->38
[2026-01-16T11:39:18.648+0000][gc,metaspace] GC(1329) Metaspace: 13178K(13696K)->13178K(13696K) NonClass: 12068K(12288K)->12068K(12288K) Class: 1110K(1408K)->1110K(1408K)
[2026-01-16T11:39:18.649+0000][gc          ] GC(1329) Pause Young (Normal) (G1 Evacuation Pause) 186M->138M(1024M) 57.198ms
[2026-01-16T11:39:18.649+0000][gc,cpu      ] GC(1329) User=0.05s Sys=0.01s Real=0.05s
[2026-01-16T11:39:26.952+0000][gc,start    ] GC(1330) Pause Young (Normal) (G1 Evacuation Pause)
[2026-01-16T11:39:26.953+0000][gc,task     ] GC(1330) Using 8 workers of 8 for evacuation
[2026-01-16T11:39:27.077+0000][gc,phases   ] GC(1330)   Pre Evacuate Collection Set: 33.8ms
[2026-01-16T11:39:27.077+0000][gc,phases   ] GC(1330)   Merge Heap Roots: 3.6ms
[2026-01-16T11:39:27.077+0000][gc,phases   ] GC(1330)   Evacuate Collection Set: 69.1ms
[2026-01-16T11:39:27.078+0000][gc,phases   ] GC(1330)   Post Evacuate Collection Set: 15.9ms
[2026-01-16T11:39:27.078+0000][gc,phases   ] GC(1330)   Other: 0.5ms
[2026-01-16T11:39:27.078+0000][gc,heap     ] GC(1330) Eden regions: 47->0(136)
[2026-01-16T11:39:27.078+0000][gc,heap     ] GC(1330) Survivor regions: 4->3(7)
[2026-01-16T11:39:27.078+0000][gc,heap     ] GC(1330) Old regions: 98->98
[2026-01-16T11:39:27.078+0000][gc,heap     ] GC(1330) Humongous regions: 38->38
[2026-01-16T11:39:27.078+0000][gc,metaspace] GC(1330) Metaspace: 13178K(13696K)->13178K(13696K) NonClass: 12068K(12288K)->12068K(12288K) Class: 1110K(1408K)->1110K(1408K)
[2026-01-16T11:39:27.081+0000][gc          ] GC(1330) Pause Young (Normal) (G1 Evacuation Pause) 185M->138M(1024M) 129.493ms
[2026-01-16T11:39:27.083+0000][gc,cpu      ] GC(1330) User=0.14s Sys=0.01s Real=0.13s
[2026-01-16T11:39:39.647+0000][gc,start    ] GC(1331) Pause Young (Normal) (G1 Evacuation Pause)
[2026-01-16T11:39:39.653+0000][gc,task     ] GC(1331) Using 8 workers of 8 for evacuation
[2026-01-16T11:39:40.167+0000][gc,mmu      ] GC(1331) MMU target violated: 201.0ms (200.0ms/201.0ms)
[2026-01-16T11:39:40.168+0000][gc,phases   ] GC(1331)   Pre Evacuate Collection Set: 83.4ms
[2026-01-16T11:39:40.168+0000][gc,phases   ] GC(1331)   Merge Heap Roots: 6.3ms
[2026-01-16T11:39:40.168+0000][gc,phases   ] GC(1331)   Evacuate Collection Set: 386.5ms
[2026-01-16T11:39:40.168+0000][gc,phases   ] GC(1331)   Post Evacuate Collection Set: 34.8ms
[2026-01-16T11:39:40.169+0000][gc,phases   ] GC(1331)   Other: 7.5ms
[2026-01-16T11:39:40.169+0000][gc,heap     ] GC(1331) Eden regions: 177->0(47)
[2026-01-16T11:39:40.169+0000][gc,heap     ] GC(1331) Survivor regions: 3->4(23)
[2026-01-16T11:39:40.170+0000][gc,heap     ] GC(1331) Old regions: 98->98
[2026-01-16T11:39:40.171+0000][gc,heap     ] GC(1331) Humongous regions: 38->38
[2026-01-16T11:39:40.171+0000][gc,metaspace] GC(1331) Metaspace: 13178K(13696K)->13178K(13696K) NonClass: 12068K(12288K)->12068K(12288K) Class: 1110K(1408K)->1110K(1408K)
[2026-01-16T11:39:40.173+0000][gc          ] GC(1331) Pause Young (Normal) (G1 Evacuation Pause) 315M->139M(1024M) 526.330ms
[2026-01-16T11:39:40.174+0000][gc,cpu      ] GC(1331) User=0.30s Sys=0.01s Real=0.53s
[2026-01-16T11:39:46.670+0000][gc,start    ] GC(1332) Pause Young (Normal) (G1 Evacuation Pause)
[2026-01-16T11:39:46.674+0000][gc,task     ] GC(1332) Using 8 workers of 8 for evacuation
[2026-01-16T11:39:46.874+0000][gc,phases   ] GC(1332)   Pre Evacuate Collection Set: 20.7ms
[2026-01-16T11:39:46.877+0000][gc,phases   ] GC(1332)   Merge Heap Roots: 1.3ms
[2026-01-16T11:39:46.877+0000][gc,phases   ] GC(1332)   Evacuate Collection Set: 142.2ms
[2026-01-16T11:39:46.878+0000][gc,phases   ] GC(1332)   Post Evacuate Collection Set: 33.1ms
[2026-01-16T11:39:46.878+0000][gc,phases   ] GC(1332)   Other: 3.4ms
[2026-01-16T11:39:46.879+0000][gc,heap     ] GC(1332) Eden regions: 47->0(48)
[2026-01-16T11:39:46.879+0000][gc,heap     ] GC(1332) Survivor regions: 4->3(7)
[2026-01-16T11:39:46.881+0000][gc,heap     ] GC(1332) Old regions: 98->98
[2026-01-16T11:39:46.881+0000][gc,heap     ] GC(1332) Humongous regions: 38->38
[2026-01-16T11:39:46.882+0000][gc,metaspace] GC(1332) Metaspace: 13178K(13696K)->13178K(13696K) NonClass: 12068K(12288K)->12068K(12288K) Class: 1110K(1408K)->1110K(1408K)
[2026-01-16T11:39:46.883+0000][gc          ] GC(1332) Pause Young (Normal) (G1 Evacuation Pause) 186M->138M(1024M) 212.842ms
[2026-01-16T11:39:46.883+0000][gc,cpu      ] GC(1332) User=0.21s Sys=0.03s Real=0.22s
[2026-01-16T11:39:48.700+0000][gc,start    ] GC(1333) Pause Young (Normal) (G1 Evacuation Pause)
[2026-01-16T11:39:48.704+0000][gc,task     ] GC(1333) Using 8 workers of 8 for evacuation
[2026-01-16T11:39:48.834+0000][gc,phases   ] GC(1333)   Pre Evacuate Collection Set: 10.4ms
[2026-01-16T11:39:48.835+0000][gc,phases   ] GC(1333)   Merge Heap Roots: 4.5ms
[2026-01-16T11:39:48.838+0000][gc,phases   ] GC(1333)   Evacuate Collection Set: 104.3ms
[2026-01-16T11:39:48.840+0000][gc,phases   ] GC(1333)   Post Evacuate Collection Set: 8.6ms
[2026-01-16T11:39:48.857+0000][gc,phases   ] GC(1333)   Other: 2.0ms
[2026-01-16T11:39:48.857+0000][gc,heap     ] GC(1333) Eden regions: 48->0(47)
[2026-01-16T11:39:48.858+0000][gc,heap     ] GC(1333) Survivor regions: 3->4(7)
[2026-01-16T11:39:48.858+0000][gc,heap     ] GC(1333) Old regions: 98->98
[2026-01-16T11:39:48.858+0000][gc,heap     ] GC(1333) Humongous regions: 38->38
[2026-01-16T11:39:48.859+0000][gc,metaspace] GC(1333) Metaspace: 13178K(13696K)->13178K(13696K) NonClass: 12068K(12288K)->12068K(12288K) Class: 1110K(1408K)->1110K(1408K)
[2026-01-16T11:39:48.860+0000][gc          ] GC(1333) Pause Young (Normal) (G1 Evacuation Pause) 186M->138M(1024M) 159.803ms
[2026-01-16T11:39:48.860+0000][gc,cpu      ] GC(1333) User=0.10s Sys=0.01s Real=0.17s
[2026-01-16T11:39:49.664+0000][gc,start    ] GC(1334) Pause Young (Normal) (G1 Evacuation Pause)
[2026-01-16T11:39:49.666+0000][gc,task     ] GC(1334) Using 8 workers of 8 for evacuation
[2026-01-16T11:39:49.709+0000][gc,phases   ] GC(1334)   Pre Evacuate Collection Set: 1.1ms
[2026-01-16T11:39:49.710+0000][gc,phases   ] GC(1334)   Merge Heap Roots: 0.4ms
[2026-01-16T11:39:49.710+0000][gc,phases   ] GC(1334)   Evacuate Collection Set: 36.1ms
[2026-01-16T11:39:49.710+0000][gc,phases   ] GC(1334)   Post Evacuate Collection Set: 3.9ms
[2026-01-16T11:39:49.710+0000][gc,phases   ] GC(1334)   Other: 0.7ms
[2026-01-16T11:39:49.711+0000][gc,heap     ] GC(1334) Eden regions: 47->0(47)
[2026-01-16T11:39:49.711+0000][gc,heap     ] GC(1334) Survivor regions: 4->4(7)
[2026-01-16T11:39:49.711+0000][gc,heap     ] GC(1334) Old regions: 98->98
[2026-01-16T11:39:49.711+0000][gc,heap     ] GC(1334) Humongous regions: 38->38
[2026-01-16T11:39:49.711+0000][gc,metaspace] GC(1334) Metaspace: 13178K(13696K)->13178K(13696K) NonClass: 12068K(12288K)->12068K(12288K) Class: 1110K(1408K)->1110K(1408K)
[2026-01-16T11:39:49.714+0000][gc          ] GC(1334) Pause Young (Normal) (G1 Evacuation Pause) 185M->139M(1024M) 49.981ms
[2026-01-16T11:39:49.715+0000][gc,cpu      ] GC(1334) User=0.04s Sys=0.00s Real=0.05s
[2026-01-16T11:39:57.960+0000][gc,start    ] GC(1335) Pause Young (Normal) (G1 Evacuation Pause)
[2026-01-16T11:39:57.963+0000][gc,task     ] GC(1335) Using 8 workers of 8 for evacuation
[2026-01-16T11:39:58.143+0000][gc,phases   ] GC(1335)   Pre Evacuate Collection Set: 11.0ms
[2026-01-16T11:39:58.143+0000][gc,phases   ] GC(1335)   Merge Heap Roots: 9.4ms
[2026-01-16T11:39:58.143+0000][gc,phases   ] GC(1335)   Evacuate Collection Set: 149.7ms
[2026-01-16T11:39:58.144+0000][gc,phases   ] GC(1335)   Post Evacuate Collection Set: 8.8ms
[2026-01-16T11:39:58.144+0000][gc,phases   ] GC(1335)   Other: 1.4ms
[2026-01-16T11:39:58.145+0000][gc,heap     ] GC(1335) Eden regions: 47->0(47)
[2026-01-16T11:39:58.146+0000][gc,heap     ] GC(1335) Survivor regions: 4->4(7)
[2026-01-16T11:39:58.146+0000][gc,heap     ] GC(1335) Old regions: 98->98
[2026-01-16T11:39:58.147+0000][gc,heap     ] GC(1335) Humongous regions: 38->38
[2026-01-16T11:39:58.147+0000][gc,metaspace] GC(1335) Metaspace: 13178K(13696K)->13178K(13696K) NonClass: 12068K(12288K)->12068K(12288K) Class: 1110K(1408K)->1110K(1408K)
[2026-01-16T11:39:58.148+0000][gc          ] GC(1335) Pause Young (Normal) (G1 Evacuation Pause) 186M->138M(1024M) 188.130ms
[2026-01-16T11:39:58.149+0000][gc,cpu      ] GC(1335) User=0.16s Sys=0.00s Real=0.18s
[2026-01-16T11:39:59.623+0000][gc,start    ] GC(1336) Pause Young (Normal) (G1 Evacuation Pause)
[2026-01-16T11:39:59.628+0000][gc,task     ] GC(1336) Using 8 workers of 8 for evacuation
[2026-01-16T11:39:59.857+0000][gc,mmu      ] GC(1336) MMU target violated: 201.0ms (200.0ms/201.0ms)
[2026-01-16T11:39:59.858+0000][gc,phases   ] GC(1336)   Pre Evacuate Collection Set: 11.8ms
[2026-01-16T11:39:59.858+0000][gc,phases   ] GC(1336)   Merge Heap Roots: 0.6ms
[2026-01-16T11:39:59.858+0000][gc,phases   ] GC(1336)   Evacuate Collection Set: 202.4ms
[2026-01-16T11:39:59.858+0000][gc,phases   ] GC(1336)   Post Evacuate Collection Set: 9.5ms
[2026-01-16T11:39:59.859+0000][gc,phases   ] GC(1336)   Other: 5.2ms
[2026-01-16T11:39:59.859+0000][gc,heap     ] GC(1336) Eden regions: 57->0(47)
[2026-01-16T11:39:59.859+0000][gc,heap     ] GC(1336) Survivor regions: 4->4(8)
[2026-01-16T11:39:59.861+0000][gc,heap     ] GC(1336) Old regions: 98->98
[2026-01-16T11:39:59.861+0000][gc,heap     ] GC(1336) Humongous regions: 38->38
[2026-01-16T11:39:59.861+0000][gc,metaspace] GC(1336) Metaspace: 13178K(13696K)->13178K(13696K) NonClass: 12068K(12288K)->12068K(12288K) Class: 1110K(1408K)->1110K(1408K)
[2026-01-16T11:39:59.862+0000][gc          ] GC(1336) Pause Young (Normal) (G1 Evacuation Pause) 195M->139M(1024M) 239.085ms
[2026-01-16T11:39:59.867+0000][gc,cpu      ] GC(1336) User=0.17s Sys=0.00s Real=0.24s
[2026-01-16T11:40:06.881+0000][gc,start    ] GC(1337) Pause Young (Normal) (G1 Evacuation Pause)
[2026-01-16T11:40:06.887+0000][gc,task     ] GC(1337) Using 8 workers of 8 for evacuation
[2026-01-16T11:40:07.088+0000][gc,phases   ] GC(1337)   Pre Evacuate Collection Set: 28.6ms
[2026-01-16T11:40:07.096+0000][gc,phases   ] GC(1337)   Merge Heap Roots: 6.2ms
[2026-01-16T11:40:07.097+0000][gc,phases   ] GC(1337)   Evacuate Collection Set: 124.1ms
[2026-01-16T11:40:07.098+0000][gc,phases   ] GC(1337)   Post Evacuate Collection Set: 40.4ms
[2026-01-16T11:40:07.098+0000][gc,phases   ] GC(1337)   Other: 2.3ms
[2026-01-16T11:40:07.099+0000][gc,heap     ] GC(1337) Eden regions: 47->0(51)
[2026-01-16T11:40:07.100+0000][gc,heap     ] GC(1337) Survivor regions: 4->3(7)
[2026-01-16T11:40:07.100+0000][gc,heap     ] GC(1337) Old regions: 98->99
[2026-01-16T11:40:07.103+0000][gc,heap     ] GC(1337) Humongous regions: 38->38
[2026-01-16T11:40:07.106+0000][gc,metaspace] GC(1337) Metaspace: 13182K(13696K)->13182K(13696K) NonClass: 12072K(12288K)->12072K(12288K) Class: 1110K(1408K)->1110K(1408K)
[2026-01-16T11:40:07.107+0000][gc          ] GC(1337) Pause Young (Normal) (G1 Evacuation Pause) 186M->138M(1024M) 225.566ms
[2026-01-16T11:40:07.107+0000][gc,cpu      ] GC(1337) User=0.22s Sys=0.02s Real=0.22s
[2026-01-16T11:40:08.638+0000][gc,start    ] GC(1338) Pause Young (Normal) (G1 Evacuation Pause)
[2026-01-16T11:40:08.639+0000][gc,task     ] GC(1338) Using 8 workers of 8 for evacuation
[2026-01-16T11:40:08.701+0000][gc,phases   ] GC(1338)   Pre Evacuate Collection Set: 3.0ms
[2026-01-16T11:40:08.701+0000][gc,phases   ] GC(1338)   Merge Heap Roots: 1.7ms
[2026-01-16T11:40:08.702+0000][gc,phases   ] GC(1338)   Evacuate Collection Set: 47.7ms
[2026-01-16T11:40:08.702+0000][gc,phases   ] GC(1338)   Post Evacuate Collection Set: 8.5ms
[2026-01-16T11:40:08.703+0000][gc,phases   ] GC(1338)   Other: 0.5ms
[2026-01-16T11:40:08.703+0000][gc,heap     ] GC(1338) Eden regions: 68->0(102)
[2026-01-16T11:40:08.704+0000][gc,heap     ] GC(1338) Survivor regions: 3->3(9)
[2026-01-16T11:40:08.704+0000][gc,heap     ] GC(1338) Old regions: 99->99
[2026-01-16T11:40:08.705+0000][gc,heap     ] GC(1338) Humongous regions: 38->38
[2026-01-16T11:40:08.705+0000][gc,metaspace] GC(1338) Metaspace: 13182K(13696K)->13182K(13696K) NonClass: 12072K(12288K)->12072K(12288K) Class: 1110K(1408K)->1110K(1408K)
[2026-01-16T11:40:08.705+0000][gc          ] GC(1338) Pause Young (Normal) (G1 Evacuation Pause) 206M->139M(1024M) 66.823ms
[2026-01-16T11:40:08.705+0000][gc,cpu      ] GC(1338) User=0.11s Sys=0.00s Real=0.07s
[2026-01-16T11:40:16.602+0000][gc,start    ] GC(1339) Pause Young (Normal) (G1 Evacuation Pause)
[2026-01-16T11:40:16.604+0000][gc,task     ] GC(1339) Using 8 workers of 8 for evacuation
[2026-01-16T11:40:16.668+0000][gc,phases   ] GC(1339)   Pre Evacuate Collection Set: 12.7ms
[2026-01-16T11:40:16.669+0000][gc,phases   ] GC(1339)   Merge Heap Roots: 0.8ms
[2026-01-16T11:40:16.669+0000][gc,phases   ] GC(1339)   Evacuate Collection Set: 37.7ms
[2026-01-16T11:40:16.669+0000][gc,phases   ] GC(1339)   Post Evacuate Collection Set: 9.9ms
[2026-01-16T11:40:16.669+0000][gc,phases   ] GC(1339)   Other: 3.0ms
[2026-01-16T11:40:16.670+0000][gc,heap     ] GC(1339) Eden regions: 54->0(185)
[2026-01-16T11:40:16.670+0000][gc,heap     ] GC(1339) Survivor regions: 3->3(8)
[2026-01-16T11:40:16.671+0000][gc,heap     ] GC(1339) Old regions: 99->99
[2026-01-16T11:40:16.671+0000][gc,heap     ] GC(1339) Humongous regions: 38->38
[2026-01-16T11:40:16.672+0000][gc,metaspace] GC(1339) Metaspace: 13182K(13696K)->13182K(13696K) NonClass: 12072K(12288K)->12072K(12288K) Class: 1110K(1408K)->1110K(1408K)
[2026-01-16T11:40:16.672+0000][gc          ] GC(1339) Pause Young (Normal) (G1 Evacuation Pause) 193M->139M(1024M) 70.107ms
[2026-01-16T11:40:16.673+0000][gc,cpu      ] GC(1339) User=0.11s Sys=0.00s Real=0.07s
[2026-01-16T11:40:37.092+0000][gc,start    ] GC(1340) Pause Young (Normal) (G1 Evacuation Pause)
[2026-01-16T11:40:37.098+0000][gc,task     ] GC(1340) Using 8 workers of 8 for evacuation
[2026-01-16T11:40:37.341+0000][gc,mmu      ] GC(1340) MMU target violated: 201.0ms (200.0ms/201.0ms)
[2026-01-16T11:40:37.346+0000][gc,phases   ] GC(1340)   Pre Evacuate Collection Set: 30.6ms
[2026-01-16T11:40:37.346+0000][gc,phases   ] GC(1340)   Merge Heap Roots: 12.1ms
[2026-01-16T11:40:37.350+0000][gc,phases   ] GC(1340)   Evacuate Collection Set: 166.1ms
[2026-01-16T11:40:37.350+0000][gc,phases   ] GC(1340)   Post Evacuate Collection Set: 32.1ms
[2026-01-16T11:40:37.350+0000][gc,phases   ] GC(1340)   Other: 8.0ms
[2026-01-16T11:40:37.351+0000][gc,heap     ] GC(1340) Eden regions: 221->0(146)
[2026-01-16T11:40:37.355+0000][gc,heap     ] GC(1340) Survivor regions: 3->3(28)
[2026-01-16T11:40:37.356+0000][gc,heap     ] GC(1340) Old regions: 99->100
[2026-01-16T11:40:37.356+0000][gc,heap     ] GC(1340) Humongous regions: 38->38
[2026-01-16T11:40:37.356+0000][gc,metaspace] GC(1340) Metaspace: 13182K(13696K)->13182K(13696K) NonClass: 12072K(12288K)->12072K(12288K) Class: 1110K(1408K)->1110K(1408K)
[2026-01-16T11:40:37.356+0000][gc          ] GC(1340) Pause Young (Normal) (G1 Evacuation Pause) 360M->139M(1024M) 264.395ms
[2026-01-16T11:40:37.362+0000][gc,cpu      ] GC(1340) User=0.29s Sys=0.03s Real=0.27s
[2026-01-16T11:40:48.133+0000][gc,start    ] GC(1341) Pause Young (Normal) (G1 Evacuation Pause)
[2026-01-16T11:40:48.138+0000][gc,task     ] GC(1341) Using 8 workers of 8 for evacuation
[2026-01-16T11:40:48.236+0000][gc,phases   ] GC(1341)   Pre Evacuate Collection Set: 19.4ms
[2026-01-16T11:40:48.236+0000][gc,phases   ] GC(1341)   Merge Heap Roots: 1.7ms
[2026-01-16T11:40:48.237+0000][gc,phases   ] GC(1341)   Evacuate Collection Set: 61.9ms
[2026-01-16T11:40:48.237+0000][gc,phases   ] GC(1341)   Post Evacuate Collection Set: 13.0ms
[2026-01-16T11:40:48.237+0000][gc,phases   ] GC(1341)   Other: 1.6ms
[2026-01-16T11:40:48.237+0000][gc,heap     ] GC(1341) Eden regions: 179->0(233)
[2026-01-16T11:40:48.237+0000][gc,heap     ] GC(1341) Survivor regions: 3->3(23)
[2026-01-16T11:40:48.238+0000][gc,heap     ] GC(1341) Old regions: 100->100
[2026-01-16T11:40:48.238+0000][gc,heap     ] GC(1341) Humongous regions: 38->38
[2026-01-16T11:40:48.239+0000][gc,metaspace] GC(1341) Metaspace: 13182K(13696K)->13182K(13696K) NonClass: 12072K(12288K)->12072K(12288K) Class: 1110K(1408K)->1110K(1408K)
[2026-01-16T11:40:48.241+0000][gc          ] GC(1341) Pause Young (Normal) (G1 Evacuation Pause) 318M->140M(1024M) 107.257ms
[2026-01-16T11:40:48.241+0000][gc,cpu      ] GC(1341) User=0.14s Sys=0.01s Real=0.10s
[2026-01-16T11:41:07.655+0000][gc,start    ] GC(1342) Pause Young (Normal) (G1 Evacuation Pause)
[2026-01-16T11:41:07.656+0000][gc,task     ] GC(1342) Using 8 workers of 8 for evacuation
[2026-01-16T11:41:07.708+0000][gc,phases   ] GC(1342)   Pre Evacuate Collection Set: 2.6ms
[2026-01-16T11:41:07.708+0000][gc,phases   ] GC(1342)   Merge Heap Roots: 0.7ms
[2026-01-16T11:41:07.709+0000][gc,phases   ] GC(1342)   Evacuate Collection Set: 45.8ms
[2026-01-16T11:41:07.709+0000][gc,phases   ] GC(1342)   Post Evacuate Collection Set: 3.1ms
[2026-01-16T11:41:07.709+0000][gc,phases   ] GC(1342)   Other: 0.5ms
[2026-01-16T11:41:07.709+0000][gc,heap     ] GC(1342) Eden regions: 241->0(300)
[2026-01-16T11:41:07.709+0000][gc,heap     ] GC(1342) Survivor regions: 3->4(31)
[2026-01-16T11:41:07.709+0000][gc,heap     ] GC(1342) Old regions: 100->100
[2026-01-16T11:41:07.709+0000][gc,heap     ] GC(1342) Humongous regions: 38->38
[2026-01-16T11:41:07.709+0000][gc,metaspace] GC(1342) Metaspace: 13182K(13696K)->13182K(13696K) NonClass: 12072K(12288K)->12072K(12288K) Class: 1110K(1408K)->1110K(1408K)
[2026-01-16T11:41:07.711+0000][gc          ] GC(1342) Pause Young (Normal) (G1 Evacuation Pause) 381M->140M(1024M) 56.324ms
[2026-01-16T11:41:07.712+0000][gc,cpu      ] GC(1342) User=0.35s Sys=0.02s Real=0.05s
[2026-01-16T11:41:39.697+0000][gc,start    ] GC(1343) Pause Young (Normal) (G1 Evacuation Pause)
[2026-01-16T11:41:39.702+0000][gc,task     ] GC(1343) Using 8 workers of 8 for evacuation
[2026-01-16T11:41:39.877+0000][gc,phases   ] GC(1343)   Pre Evacuate Collection Set: 24.4ms
[2026-01-16T11:41:39.880+0000][gc,phases   ] GC(1343)   Merge Heap Roots: 3.0ms
[2026-01-16T11:41:39.881+0000][gc,phases   ] GC(1343)   Evacuate Collection Set: 120.9ms
[2026-01-16T11:41:39.881+0000][gc,phases   ] GC(1343)   Post Evacuate Collection Set: 18.4ms
[2026-01-16T11:41:39.881+0000][gc,phases   ] GC(1343)   Other: 8.7ms
[2026-01-16T11:41:39.883+0000][gc,heap     ] GC(1343) Eden regions: 330->0(262)
[2026-01-16T11:41:39.883+0000][gc,heap     ] GC(1343) Survivor regions: 4->4(42)
[2026-01-16T11:41:39.884+0000][gc,heap     ] GC(1343) Old regions: 100->100
[2026-01-16T11:41:39.885+0000][gc,heap     ] GC(1343) Humongous regions: 38->38
[2026-01-16T11:41:39.886+0000][gc,metaspace] GC(1343) Metaspace: 13182K(13696K)->13182K(13696K) NonClass: 12072K(12288K)->12072K(12288K) Class: 1110K(1408K)->1110K(1408K)
[2026-01-16T11:41:39.887+0000][gc          ] GC(1343) Pause Young (Normal) (G1 Evacuation Pause) 470M->140M(1024M) 190.629ms
[2026-01-16T11:41:39.888+0000][gc,cpu      ] GC(1343) User=0.38s Sys=0.03s Real=0.19s
[2026-01-16T11:41:57.017+0000][gc,start    ] GC(1344) Pause Young (Normal) (G1 Evacuation Pause)
[2026-01-16T11:41:57.020+0000][gc,task     ] GC(1344) Using 8 workers of 8 for evacuation
[2026-01-16T11:41:57.126+0000][gc,phases   ] GC(1344)   Pre Evacuate Collection Set: 19.0ms
[2026-01-16T11:41:57.126+0000][gc,phases   ] GC(1344)   Merge Heap Roots: 4.7ms
[2026-01-16T11:41:57.127+0000][gc,phases   ] GC(1344)   Evacuate Collection Set: 60.3ms
[2026-01-16T11:41:57.127+0000][gc,phases   ] GC(1344)   Post Evacuate Collection Set: 18.9ms
[2026-01-16T11:41:57.128+0000][gc,phases   ] GC(1344)   Other: 2.4ms
[2026-01-16T11:41:57.128+0000][gc,heap     ] GC(1344) Eden regions: 254->0(376)
[2026-01-16T11:41:57.129+0000][gc,heap     ] GC(1344) Survivor regions: 4->4(33)
[2026-01-16T11:41:57.129+0000][gc,heap     ] GC(1344) Old regions: 100->100
[2026-01-16T11:41:57.129+0000][gc,heap     ] GC(1344) Humongous regions: 38->38
[2026-01-16T11:41:57.129+0000][gc,metaspace] GC(1344) Metaspace: 13182K(13696K)->13182K(13696K) NonClass: 12072K(12288K)->12072K(12288K) Class: 1110K(1408K)->1110K(1408K)
[2026-01-16T11:41:57.131+0000][gc          ] GC(1344) Pause Young (Normal) (G1 Evacuation Pause) 394M->141M(1024M) 113.946ms
[2026-01-16T11:41:57.131+0000][gc,cpu      ] GC(1344) User=0.36s Sys=0.05s Real=0.11s
[2026-01-16T11:42:36.358+0000][gc,start    ] GC(1345) Pause Young (Normal) (G1 Evacuation Pause)
[2026-01-16T11:42:36.361+0000][gc,task     ] GC(1345) Using 8 workers of 8 for evacuation
[2026-01-16T11:42:36.442+0000][gc,phases   ] GC(1345)   Pre Evacuate Collection Set: 5.9ms
[2026-01-16T11:42:36.443+0000][gc,phases   ] GC(1345)   Merge Heap Roots: 2.8ms
[2026-01-16T11:42:36.443+0000][gc,phases   ] GC(1345)   Evacuate Collection Set: 67.1ms
[2026-01-16T11:42:36.443+0000][gc,phases   ] GC(1345)   Post Evacuate Collection Set: 4.4ms
[2026-01-16T11:42:36.443+0000][gc,phases   ] GC(1345)   Other: 2.0ms
[2026-01-16T11:42:36.443+0000][gc,heap     ] GC(1345) Eden regions: 405->0(523)
[2026-01-16T11:42:36.443+0000][gc,heap     ] GC(1345) Survivor regions: 4->4(52)
[2026-01-16T11:42:36.443+0000][gc,heap     ] GC(1345) Old regions: 100->100
[2026-01-16T11:42:36.443+0000][gc,heap     ] GC(1345) Humongous regions: 38->38
[2026-01-16T11:42:36.443+0000][gc,metaspace] GC(1345) Metaspace: 13183K(13696K)->13183K(13696K) NonClass: 12073K(12288K)->12073K(12288K) Class: 1110K(1408K)->1110K(1408K)
[2026-01-16T11:42:36.444+0000][gc          ] GC(1345) Pause Young (Normal) (G1 Evacuation Pause) 546M->141M(1024M) 85.871ms
[2026-01-16T11:42:36.445+0000][gc,cpu      ] GC(1345) User=0.39s Sys=0.03s Real=0.08s
[2026-01-16T11:43:17.237+0000][gc,start    ] GC(1346) Pause Young (Normal) (G1 Evacuation Pause)
[2026-01-16T11:43:17.245+0000][gc,task     ] GC(1346) Using 8 workers of 8 for evacuation
[2026-01-16T11:43:17.322+0000][gc,phases   ] GC(1346)   Pre Evacuate Collection Set: 13.1ms
[2026-01-16T11:43:17.322+0000][gc,phases   ] GC(1346)   Merge Heap Roots: 1.0ms
[2026-01-16T11:43:17.322+0000][gc,phases   ] GC(1346)   Evacuate Collection Set: 54.1ms
[2026-01-16T11:43:17.324+0000][gc,phases   ] GC(1346)   Post Evacuate Collection Set: 8.3ms
[2026-01-16T11:43:17.324+0000][gc,phases   ] GC(1346)   Other: 0.7ms
[2026-01-16T11:43:17.325+0000][gc,heap     ] GC(1346) Eden regions: 505->0(609)
[2026-01-16T11:43:17.325+0000][gc,heap     ] GC(1346) Survivor regions: 4->5(64)
[2026-01-16T11:43:17.326+0000][gc,heap     ] GC(1346) Old regions: 100->100
[2026-01-16T11:43:17.327+0000][gc,heap     ] GC(1346) Humongous regions: 38->38
[2026-01-16T11:43:17.327+0000][gc,metaspace] GC(1346) Metaspace: 13184K(13696K)->13184K(13696K) NonClass: 12074K(12288K)->12074K(12288K) Class: 1110K(1408K)->1110K(1408K)
[2026-01-16T11:43:17.327+0000][gc          ] GC(1346) Pause Young (Normal) (G1 Evacuation Pause) 646M->142M(1024M) 90.768ms
[2026-01-16T11:43:17.328+0000][gc,cpu      ] GC(1346) User=0.33s Sys=0.04s Real=0.09s
[2026-01-16T11:44:08.272+0000][gc,start    ] GC(1347) Pause Young (Normal) (G1 Evacuation Pause)
[2026-01-16T11:44:08.273+0000][gc,task     ] GC(1347) Using 8 workers of 8 for evacuation
[2026-01-16T11:44:08.365+0000][gc,phases   ] GC(1347)   Pre Evacuate Collection Set: 3.3ms
[2026-01-16T11:44:08.365+0000][gc,phases   ] GC(1347)   Merge Heap Roots: 1.7ms
[2026-01-16T11:44:08.365+0000][gc,phases   ] GC(1347)   Evacuate Collection Set: 72.4ms
[2026-01-16T11:44:08.365+0000][gc,phases   ] GC(1347)   Post Evacuate Collection Set: 13.7ms
[2026-01-16T11:44:08.365+0000][gc,phases   ] GC(1347)   Other: 0.5ms
[2026-01-16T11:44:08.365+0000][gc,heap     ] GC(1347) Eden regions: 589->0(608)
[2026-01-16T11:44:08.365+0000][gc,heap     ] GC(1347) Survivor regions: 5->6(75)
[2026-01-16T11:44:08.365+0000][gc,heap     ] GC(1347) Old regions: 100->100
[2026-01-16T11:44:08.366+0000][gc,heap     ] GC(1347) Humongous regions: 38->38
[2026-01-16T11:44:08.366+0000][gc,metaspace] GC(1347) Metaspace: 13188K(13696K)->13188K(13696K) NonClass: 12078K(12288K)->12078K(12288K) Class: 1110K(1408K)->1110K(1408K)
[2026-01-16T11:44:08.367+0000][gc          ] GC(1347) Pause Young (Normal) (G1 Evacuation Pause) 731M->143M(1024M) 94.420ms
[2026-01-16T11:44:08.367+0000][gc,cpu      ] GC(1347) User=0.49s Sys=0.04s Real=0.09s
[2026-01-16T11:45:01.107+0000][gc,start    ] GC(1348) Pause Young (Normal) (G1 Evacuation Pause)
[2026-01-16T11:45:01.116+0000][gc,task     ] GC(1348) Using 8 workers of 8 for evacuation
[2026-01-16T11:45:01.865+0000][gc,mmu      ] GC(1348) MMU target violated: 201.0ms (200.0ms/201.0ms)
[2026-01-16T11:45:01.865+0000][gc,phases   ] GC(1348)   Pre Evacuate Collection Set: 32.0ms
[2026-01-16T11:45:01.866+0000][gc,phases   ] GC(1348)   Merge Heap Roots: 9.3ms
[2026-01-16T11:45:01.866+0000][gc,phases   ] GC(1348)   Evacuate Collection Set: 652.6ms
[2026-01-16T11:45:01.866+0000][gc,phases   ] GC(1348)   Post Evacuate Collection Set: 51.0ms
[2026-01-16T11:45:01.866+0000][gc,phases   ] GC(1348)   Other: 6.7ms
[2026-01-16T11:45:01.866+0000][gc,heap     ] GC(1348) Eden regions: 608->0(44)
[2026-01-16T11:45:01.866+0000][gc,heap     ] GC(1348) Survivor regions: 6->7(77)
[2026-01-16T11:45:01.866+0000][gc,heap     ] GC(1348) Old regions: 100->101
[2026-01-16T11:45:01.866+0000][gc,heap     ] GC(1348) Humongous regions: 38->38
[2026-01-16T11:45:01.866+0000][gc,metaspace] GC(1348) Metaspace: 13188K(13696K)->13188K(13696K) NonClass: 12078K(12288K)->12078K(12288K) Class: 1110K(1408K)->1110K(1408K)
[2026-01-16T11:45:01.866+0000][gc          ] GC(1348) Pause Young (Normal) (G1 Evacuation Pause) 751M->144M(1024M) 759.383ms
[2026-01-16T11:45:01.866+0000][gc,cpu      ] GC(1348) User=0.70s Sys=0.05s Real=0.75s
[2026-01-16T11:45:04.660+0000][gc,start    ] GC(1349) Pause Young (Normal) (G1 Evacuation Pause)
[2026-01-16T11:45:04.668+0000][gc,task     ] GC(1349) Using 8 workers of 8 for evacuation
[2026-01-16T11:45:05.158+0000][gc,mmu      ] GC(1349) MMU target violated: 201.0ms (200.0ms/201.0ms)
[2026-01-16T11:45:05.161+0000][gc,phases   ] GC(1349)   Pre Evacuate Collection Set: 43.4ms
[2026-01-16T11:45:05.164+0000][gc,phases   ] GC(1349)   Merge Heap Roots: 16.2ms
[2026-01-16T11:45:05.164+0000][gc,phases   ] GC(1349)   Evacuate Collection Set: 404.7ms
[2026-01-16T11:45:05.164+0000][gc,phases   ] GC(1349)   Post Evacuate Collection Set: 24.6ms
[2026-01-16T11:45:05.165+0000][gc,phases   ] GC(1349)   Other: 5.1ms
[2026-01-16T11:45:05.166+0000][gc,heap     ] GC(1349) Eden regions: 44->0(46)
[2026-01-16T11:45:05.166+0000][gc,heap     ] GC(1349) Survivor regions: 7->5(7)
[2026-01-16T11:45:05.167+0000][gc,heap     ] GC(1349) Old regions: 101->103
[2026-01-16T11:45:05.171+0000][gc,heap     ] GC(1349) Humongous regions: 38->38
[2026-01-16T11:45:05.173+0000][gc,metaspace] GC(1349) Metaspace: 13188K(13696K)->13188K(13696K) NonClass: 12078K(12288K)->12078K(12288K) Class: 1110K(1408K)->1110K(1408K)
[2026-01-16T11:45:05.175+0000][gc          ] GC(1349) Pause Young (Normal) (G1 Evacuation Pause) 188M->145M(1024M) 515.331ms
[2026-01-16T11:45:05.176+0000][gc,cpu      ] GC(1349) User=0.54s Sys=0.05s Real=0.52s
[2026-01-16T11:45:07.551+0000][gc,start    ] GC(1350) Pause Young (Normal) (G1 Evacuation Pause)
[2026-01-16T11:45:07.560+0000][gc,task     ] GC(1350) Using 8 workers of 8 for evacuation
[2026-01-16T11:45:07.795+0000][gc,mmu      ] GC(1350) MMU target violated: 201.0ms (200.0ms/201.0ms)
[2026-01-16T11:45:07.795+0000][gc,phases   ] GC(1350)   Pre Evacuate Collection Set: 43.4ms
[2026-01-16T11:45:07.796+0000][gc,phases   ] GC(1350)   Merge Heap Roots: 5.7ms
[2026-01-16T11:45:07.796+0000][gc,phases   ] GC(1350)   Evacuate Collection Set: 176.0ms
[2026-01-16T11:45:07.797+0000][gc,phases   ] GC(1350)   Post Evacuate Collection Set: 7.2ms
[2026-01-16T11:45:07.797+0000][gc,phases   ] GC(1350)   Other: 3.1ms
[2026-01-16T11:45:07.799+0000][gc,heap     ] GC(1350) Eden regions: 46->0(47)
[2026-01-16T11:45:07.802+0000][gc,heap     ] GC(1350) Survivor regions: 5->4(7)
[2026-01-16T11:45:07.804+0000][gc,heap     ] GC(1350) Old regions: 103->104
[2026-01-16T11:45:07.804+0000][gc,heap     ] GC(1350) Humongous regions: 38->38
[2026-01-16T11:45:07.804+0000][gc,metaspace] GC(1350) Metaspace: 13188K(13696K)->13188K(13696K) NonClass: 12078K(12288K)->12078K(12288K) Class: 1110K(1408K)->1110K(1408K)
[2026-01-16T11:45:07.805+0000][gc          ] GC(1350) Pause Young (Normal) (G1 Evacuation Pause) 191M->144M(1024M) 253.892ms
[2026-01-16T11:45:07.805+0000][gc,cpu      ] GC(1350) User=0.21s Sys=0.03s Real=0.25s
[2026-01-16T11:45:08.470+0000][gc,start    ] GC(1351) Pause Young (Normal) (G1 Evacuation Pause)
[2026-01-16T11:45:08.473+0000][gc,task     ] GC(1351) Using 8 workers of 8 for evacuation
[2026-01-16T11:45:08.549+0000][gc,phases   ] GC(1351)   Pre Evacuate Collection Set: 1.3ms
[2026-01-16T11:45:08.551+0000][gc,phases   ] GC(1351)   Merge Heap Roots: 0.3ms
[2026-01-16T11:45:08.552+0000][gc,phases   ] GC(1351)   Evacuate Collection Set: 70.9ms
[2026-01-16T11:45:08.554+0000][gc,phases   ] GC(1351)   Post Evacuate Collection Set: 1.7ms
[2026-01-16T11:45:08.554+0000][gc,phases   ] GC(1351)   Other: 2.0ms
[2026-01-16T11:45:08.554+0000][gc,heap     ] GC(1351) Eden regions: 47->0(47)
[2026-01-16T11:45:08.554+0000][gc,heap     ] GC(1351) Survivor regions: 4->4(7)
[2026-01-16T11:45:08.555+0000][gc,heap     ] GC(1351) Old regions: 104->104
[2026-01-16T11:45:08.555+0000][gc,heap     ] GC(1351) Humongous regions: 38->38
[2026-01-16T11:45:08.556+0000][gc,metaspace] GC(1351) Metaspace: 13188K(13696K)->13188K(13696K) NonClass: 12078K(12288K)->12078K(12288K) Class: 1110K(1408K)->1110K(1408K)
[2026-01-16T11:45:08.556+0000][gc          ] GC(1351) Pause Young (Normal) (G1 Evacuation Pause) 191M->145M(1024M) 86.187ms
[2026-01-16T11:45:08.557+0000][gc,cpu      ] GC(1351) User=0.07s Sys=0.01s Real=0.09s
[2026-01-16T11:45:17.200+0000][gc,start    ] GC(1352) Pause Young (Normal) (G1 Evacuation Pause)
[2026-01-16T11:45:17.207+0000][gc,task     ] GC(1352) Using 8 workers of 8 for evacuation
[2026-01-16T11:45:17.464+0000][gc,mmu      ] GC(1352) MMU target violated: 201.0ms (200.0ms/201.0ms)
[2026-01-16T11:45:17.464+0000][gc,phases   ] GC(1352)   Pre Evacuate Collection Set: 42.6ms
[2026-01-16T11:45:17.467+0000][gc,phases   ] GC(1352)   Merge Heap Roots: 5.6ms
[2026-01-16T11:45:17.470+0000][gc,phases   ] GC(1352)   Evacuate Collection Set: 176.1ms
[2026-01-16T11:45:17.473+0000][gc,phases   ] GC(1352)   Post Evacuate Collection Set: 25.5ms
[2026-01-16T11:45:17.473+0000][gc,phases   ] GC(1352)   Other: 7.2ms
[2026-01-16T11:45:17.478+0000][gc,heap     ] GC(1352) Eden regions: 47->0(48)
[2026-01-16T11:45:17.478+0000][gc,heap     ] GC(1352) Survivor regions: 4->3(7)
[2026-01-16T11:45:17.479+0000][gc,heap     ] GC(1352) Old regions: 104->104
[2026-01-16T11:45:17.479+0000][gc,heap     ] GC(1352) Humongous regions: 38->38
[2026-01-16T11:45:17.479+0000][gc,metaspace] GC(1352) Metaspace: 13188K(13696K)->13188K(13696K) NonClass: 12078K(12288K)->12078K(12288K) Class: 1110K(1408K)->1110K(1408K)
[2026-01-16T11:45:17.507+0000][gc          ] GC(1352) Pause Young (Normal) (G1 Evacuation Pause) 192M->144M(1024M) 306.814ms
[2026-01-16T11:45:17.509+0000][gc,cpu      ] GC(1352) User=0.23s Sys=0.01s Real=0.30s
[2026-01-16T11:45:19.717+0000][gc,start    ] GC(1353) Pause Young (Normal) (G1 Evacuation Pause)
[2026-01-16T11:45:19.718+0000][gc,task     ] GC(1353) Using 8 workers of 8 for evacuation
[2026-01-16T11:45:20.112+0000][gc,mmu      ] GC(1353) MMU target violated: 201.0ms (200.0ms/201.0ms)
[2026-01-16T11:45:20.113+0000][gc,phases   ] GC(1353)   Pre Evacuate Collection Set: 35.7ms
[2026-01-16T11:45:20.113+0000][gc,phases   ] GC(1353)   Merge Heap Roots: 10.8ms
[2026-01-16T11:45:20.113+0000][gc,phases   ] GC(1353)   Evacuate Collection Set: 333.9ms
[2026-01-16T11:45:20.113+0000][gc,phases   ] GC(1353)   Post Evacuate Collection Set: 8.8ms
[2026-01-16T11:45:20.114+0000][gc,phases   ] GC(1353)   Other: 5.4ms
[2026-01-16T11:45:20.114+0000][gc,heap     ] GC(1353) Eden regions: 69->0(47)
[2026-01-16T11:45:20.114+0000][gc,heap     ] GC(1353) Survivor regions: 3->4(9)
[2026-01-16T11:45:20.114+0000][gc,heap     ] GC(1353) Old regions: 104->104
[2026-01-16T11:45:20.115+0000][gc,heap     ] GC(1353) Humongous regions: 38->38
[2026-01-16T11:45:20.115+0000][gc,metaspace] GC(1353) Metaspace: 13188K(13696K)->13188K(13696K) NonClass: 12078K(12288K)->12078K(12288K) Class: 1110K(1408K)->1110K(1408K)
[2026-01-16T11:45:20.115+0000][gc          ] GC(1353) Pause Young (Normal) (G1 Evacuation Pause) 213M->145M(1024M) 397.968ms
[2026-01-16T11:45:20.115+0000][gc,cpu      ] GC(1353) User=0.20s Sys=0.02s Real=0.40s
[2026-01-16T11:45:27.260+0000][gc,start    ] GC(1354) Pause Young (Normal) (G1 Evacuation Pause)
[2026-01-16T11:45:27.268+0000][gc,task     ] GC(1354) Using 8 workers of 8 for evacuation
[2026-01-16T11:45:27.458+0000][gc,phases   ] GC(1354)   Pre Evacuate Collection Set: 34.4ms
[2026-01-16T11:45:27.458+0000][gc,phases   ] GC(1354)   Merge Heap Roots: 3.6ms
[2026-01-16T11:45:27.459+0000][gc,phases   ] GC(1354)   Evacuate Collection Set: 122.2ms
[2026-01-16T11:45:27.459+0000][gc,phases   ] GC(1354)   Post Evacuate Collection Set: 24.4ms
[2026-01-16T11:45:27.459+0000][gc,phases   ] GC(1354)   Other: 4.8ms
[2026-01-16T11:45:27.460+0000][gc,heap     ] GC(1354) Eden regions: 47->0(48)
[2026-01-16T11:45:27.460+0000][gc,heap     ] GC(1354) Survivor regions: 4->3(7)
[2026-01-16T11:45:27.460+0000][gc,heap     ] GC(1354) Old regions: 104->104
[2026-01-16T11:45:27.461+0000][gc,heap     ] GC(1354) Humongous regions: 38->38
[2026-01-16T11:45:27.464+0000][gc,metaspace] GC(1354) Metaspace: 13188K(13696K)->13188K(13696K) NonClass: 12078K(12288K)->12078K(12288K) Class: 1110K(1408K)->1110K(1408K)
[2026-01-16T11:45:27.470+0000][gc          ] GC(1354) Pause Young (Normal) (G1 Evacuation Pause) 192M->144M(1024M) 210.673ms
[2026-01-16T11:45:27.471+0000][gc,cpu      ] GC(1354) User=0.28s Sys=0.04s Real=0.22s
[2026-01-16T11:45:28.587+0000][gc,start    ] GC(1355) Pause Young (Normal) (G1 Evacuation Pause)
[2026-01-16T11:45:28.588+0000][gc,task     ] GC(1355) Using 8 workers of 8 for evacuation
[2026-01-16T11:45:28.655+0000][gc,phases   ] GC(1355)   Pre Evacuate Collection Set: 4.4ms
[2026-01-16T11:45:28.655+0000][gc,phases   ] GC(1355)   Merge Heap Roots: 0.3ms
[2026-01-16T11:45:28.655+0000][gc,phases   ] GC(1355)   Evacuate Collection Set: 61.3ms
[2026-01-16T11:45:28.655+0000][gc,phases   ] GC(1355)   Post Evacuate Collection Set: 0.9ms
[2026-01-16T11:45:28.655+0000][gc,phases   ] GC(1355)   Other: 0.3ms
[2026-01-16T11:45:28.656+0000][gc,heap     ] GC(1355) Eden regions: 48->0(47)
[2026-01-16T11:45:28.656+0000][gc,heap     ] GC(1355) Survivor regions: 3->4(7)
[2026-01-16T11:45:28.656+0000][gc,heap     ] GC(1355) Old regions: 104->104
[2026-01-16T11:45:28.656+0000][gc,heap     ] GC(1355) Humongous regions: 38->38
[2026-01-16T11:45:28.656+0000][gc,metaspace] GC(1355) Metaspace: 13188K(13696K)->13188K(13696K) NonClass: 12078K(12288K)->12078K(12288K) Class: 1110K(1408K)->1110K(1408K)
[2026-01-16T11:45:28.656+0000][gc          ] GC(1355) Pause Young (Normal) (G1 Evacuation Pause) 192M->145M(1024M) 69.189ms
[2026-01-16T11:45:28.657+0000][gc,cpu      ] GC(1355) User=0.05s Sys=0.00s Real=0.07s
[2026-01-16T11:45:29.003+0000][gc,start    ] GC(1356) Pause Young (Normal) (G1 Evacuation Pause)
[2026-01-16T11:45:29.004+0000][gc,task     ] GC(1356) Using 8 workers of 8 for evacuation
[2026-01-16T11:45:29.049+0000][gc,phases   ] GC(1356)   Pre Evacuate Collection Set: 8.6ms
[2026-01-16T11:45:29.050+0000][gc,phases   ] GC(1356)   Merge Heap Roots: 2.1ms
[2026-01-16T11:45:29.050+0000][gc,phases   ] GC(1356)   Evacuate Collection Set: 32.4ms
[2026-01-16T11:45:29.051+0000][gc,phases   ] GC(1356)   Post Evacuate Collection Set: 2.0ms
[2026-01-16T11:45:29.051+0000][gc,phases   ] GC(1356)   Other: 0.4ms
[2026-01-16T11:45:29.051+0000][gc,heap     ] GC(1356) Eden regions: 47->0(134)
[2026-01-16T11:45:29.051+0000][gc,heap     ] GC(1356) Survivor regions: 4->4(7)
[2026-01-16T11:45:29.052+0000][gc,heap     ] GC(1356) Old regions: 104->104
[2026-01-16T11:45:29.052+0000][gc,heap     ] GC(1356) Humongous regions: 38->38
[2026-01-16T11:45:29.052+0000][gc,metaspace] GC(1356) Metaspace: 13188K(13696K)->13188K(13696K) NonClass: 12078K(12288K)->12078K(12288K) Class: 1110K(1408K)->1110K(1408K)
[2026-01-16T11:45:29.053+0000][gc          ] GC(1356) Pause Young (Normal) (G1 Evacuation Pause) 192M->145M(1024M) 49.169ms
[2026-01-16T11:45:29.053+0000][gc,cpu      ] GC(1356) User=0.04s Sys=0.00s Real=0.05s
[2026-01-16T11:45:47.585+0000][gc,start    ] GC(1357) Pause Young (Normal) (G1 Evacuation Pause)
[2026-01-16T11:45:47.594+0000][gc,task     ] GC(1357) Using 8 workers of 8 for evacuation
[2026-01-16T11:45:47.882+0000][gc,mmu      ] GC(1357) MMU target violated: 201.0ms (200.0ms/201.0ms)
[2026-01-16T11:45:47.883+0000][gc,phases   ] GC(1357)   Pre Evacuate Collection Set: 75.4ms
[2026-01-16T11:45:47.883+0000][gc,phases   ] GC(1357)   Merge Heap Roots: 11.8ms
[2026-01-16T11:45:47.884+0000][gc,phases   ] GC(1357)   Evacuate Collection Set: 179.2ms
[2026-01-16T11:45:47.886+0000][gc,phases   ] GC(1357)   Post Evacuate Collection Set: 18.7ms
[2026-01-16T11:45:47.886+0000][gc,phases   ] GC(1357)   Other: 11.0ms
[2026-01-16T11:45:47.887+0000][gc,heap     ] GC(1357) Eden regions: 155->0(61)
[2026-01-16T11:45:47.888+0000][gc,heap     ] GC(1357) Survivor regions: 4->4(20)
[2026-01-16T11:45:47.889+0000][gc,heap     ] GC(1357) Old regions: 104->104
[2026-01-16T11:45:47.890+0000][gc,heap     ] GC(1357) Humongous regions: 38->38
[2026-01-16T11:45:47.890+0000][gc,metaspace] GC(1357) Metaspace: 13188K(13696K)->13188K(13696K) NonClass: 12078K(12288K)->12078K(12288K) Class: 1110K(1408K)->1110K(1408K)
[2026-01-16T11:45:47.890+0000][gc          ] GC(1357) Pause Young (Normal) (G1 Evacuation Pause) 300M->145M(1024M) 305.756ms
[2026-01-16T11:45:47.891+0000][gc,cpu      ] GC(1357) User=0.26s Sys=0.02s Real=0.31s
[2026-01-16T11:45:56.815+0000][gc,start    ] GC(1358) Pause Young (Normal) (G1 Evacuation Pause)
[2026-01-16T11:45:56.817+0000][gc,task     ] GC(1358) Using 8 workers of 8 for evacuation
[2026-01-16T11:45:57.093+0000][gc,mmu      ] GC(1358) MMU target violated: 201.0ms (200.0ms/201.0ms)
[2026-01-16T11:45:57.094+0000][gc,phases   ] GC(1358)   Pre Evacuate Collection Set: 15.9ms
[2026-01-16T11:45:57.095+0000][gc,phases   ] GC(1358)   Merge Heap Roots: 2.8ms
[2026-01-16T11:45:57.095+0000][gc,phases   ] GC(1358)   Evacuate Collection Set: 215.9ms
[2026-01-16T11:45:57.096+0000][gc,phases   ] GC(1358)   Post Evacuate Collection Set: 41.1ms
[2026-01-16T11:45:57.098+0000][gc,phases   ] GC(1358)   Other: 1.8ms
[2026-01-16T11:45:57.098+0000][gc,heap     ] GC(1358) Eden regions: 93->0(47)
[2026-01-16T11:45:57.098+0000][gc,heap     ] GC(1358) Survivor regions: 4->4(13)
[2026-01-16T11:45:57.098+0000][gc,heap     ] GC(1358) Old regions: 104->104
[2026-01-16T11:45:57.099+0000][gc,heap     ] GC(1358) Humongous regions: 38->38
[2026-01-16T11:45:57.100+0000][gc,metaspace] GC(1358) Metaspace: 13188K(13696K)->13188K(13696K) NonClass: 12078K(12288K)->12078K(12288K) Class: 1110K(1408K)->1110K(1408K)
[2026-01-16T11:45:57.101+0000][gc          ] GC(1358) Pause Young (Normal) (G1 Evacuation Pause) 238M->145M(1024M) 285.875ms
[2026-01-16T11:45:57.103+0000][gc,cpu      ] GC(1358) User=0.25s Sys=0.02s Real=0.29s
[2026-01-16T11:45:58.652+0000][gc,start    ] GC(1359) Pause Young (Normal) (G1 Evacuation Pause)
[2026-01-16T11:45:58.654+0000][gc,task     ] GC(1359) Using 8 workers of 8 for evacuation
[2026-01-16T11:45:58.705+0000][gc,phases   ] GC(1359)   Pre Evacuate Collection Set: 2.5ms
[2026-01-16T11:45:58.706+0000][gc,phases   ] GC(1359)   Merge Heap Roots: 0.4ms
[2026-01-16T11:45:58.706+0000][gc,phases   ] GC(1359)   Evacuate Collection Set: 43.0ms
[2026-01-16T11:45:58.706+0000][gc,phases   ] GC(1359)   Post Evacuate Collection Set: 3.0ms
[2026-01-16T11:45:58.707+0000][gc,phases   ] GC(1359)   Other: 2.2ms
[2026-01-16T11:45:58.707+0000][gc,heap     ] GC(1359) Eden regions: 47->0(51)
[2026-01-16T11:45:58.707+0000][gc,heap     ] GC(1359) Survivor regions: 4->4(7)
[2026-01-16T11:45:58.708+0000][gc,heap     ] GC(1359) Old regions: 104->104
[2026-01-16T11:45:58.708+0000][gc,heap     ] GC(1359) Humongous regions: 38->38
[2026-01-16T11:45:58.708+0000][gc,metaspace] GC(1359) Metaspace: 13188K(13696K)->13188K(13696K) NonClass: 12078K(12288K)->12078K(12288K) Class: 1110K(1408K)->1110K(1408K)
[2026-01-16T11:45:58.709+0000][gc          ] GC(1359) Pause Young (Normal) (G1 Evacuation Pause) 192M->145M(1024M) 56.985ms
[2026-01-16T11:45:58.710+0000][gc,cpu      ] GC(1359) User=0.11s Sys=0.02s Real=0.06s
[2026-01-16T11:46:06.258+0000][gc,start    ] GC(1360) Pause Young (Normal) (G1 Evacuation Pause)
[2026-01-16T11:46:06.260+0000][gc,task     ] GC(1360) Using 8 workers of 8 for evacuation
[2026-01-16T11:46:06.310+0000][gc,phases   ] GC(1360)   Pre Evacuate Collection Set: 5.1ms
[2026-01-16T11:46:06.311+0000][gc,phases   ] GC(1360)   Merge Heap Roots: 0.4ms
[2026-01-16T11:46:06.311+0000][gc,phases   ] GC(1360)   Evacuate Collection Set: 39.0ms
[2026-01-16T11:46:06.312+0000][gc,phases   ] GC(1360)   Post Evacuate Collection Set: 4.0ms
[2026-01-16T11:46:06.312+0000][gc,phases   ] GC(1360)   Other: 1.3ms
[2026-01-16T11:46:06.312+0000][gc,heap     ] GC(1360) Eden regions: 68->0(181)
[2026-01-16T11:46:06.312+0000][gc,heap     ] GC(1360) Survivor regions: 4->4(9)
[2026-01-16T11:46:06.313+0000][gc,heap     ] GC(1360) Old regions: 104->104
[2026-01-16T11:46:06.313+0000][gc,heap     ] GC(1360) Humongous regions: 38->38
[2026-01-16T11:46:06.313+0000][gc,metaspace] GC(1360) Metaspace: 13188K(13696K)->13188K(13696K) NonClass: 12078K(12288K)->12078K(12288K) Class: 1110K(1408K)->1110K(1408K)
[2026-01-16T11:46:06.313+0000][gc          ] GC(1360) Pause Young (Normal) (G1 Evacuation Pause) 213M->145M(1024M) 55.364ms
[2026-01-16T11:46:06.314+0000][gc,cpu      ] GC(1360) User=0.11s Sys=0.01s Real=0.06s
[2026-01-16T11:46:18.790+0000][gc,start    ] GC(1361) Pause Young (Normal) (G1 Evacuation Pause)
[2026-01-16T11:46:18.792+0000][gc,task     ] GC(1361) Using 8 workers of 8 for evacuation
[2026-01-16T11:46:18.958+0000][gc,phases   ] GC(1361)   Pre Evacuate Collection Set: 9.2ms
[2026-01-16T11:46:18.960+0000][gc,phases   ] GC(1361)   Merge Heap Roots: 1.9ms
[2026-01-16T11:46:18.961+0000][gc,phases   ] GC(1361)   Evacuate Collection Set: 146.3ms
[2026-01-16T11:46:18.961+0000][gc,phases   ] GC(1361)   Post Evacuate Collection Set: 8.2ms
[2026-01-16T11:46:18.961+0000][gc,phases   ] GC(1361)   Other: 0.9ms
[2026-01-16T11:46:18.961+0000][gc,heap     ] GC(1361) Eden regions: 180->0(80)
[2026-01-16T11:46:18.961+0000][gc,heap     ] GC(1361) Survivor regions: 4->5(23)
[2026-01-16T11:46:18.962+0000][gc,heap     ] GC(1361) Old regions: 104->104
[2026-01-16T11:46:18.963+0000][gc,heap     ] GC(1361) Humongous regions: 38->38
[2026-01-16T11:46:18.963+0000][gc,metaspace] GC(1361) Metaspace: 13188K(13696K)->13188K(13696K) NonClass: 12078K(12288K)->12078K(12288K) Class: 1110K(1408K)->1110K(1408K)
[2026-01-16T11:46:18.964+0000][gc          ] GC(1361) Pause Young (Normal) (G1 Evacuation Pause) 325M->146M(1024M) 173.678ms
[2026-01-16T11:46:18.964+0000][gc,cpu      ] GC(1361) User=0.32s Sys=0.02s Real=0.18s
[2026-01-16T11:46:27.382+0000][gc,start    ] GC(1362) Pause Young (Normal) (G1 Evacuation Pause)
[2026-01-16T11:46:27.384+0000][gc,task     ] GC(1362) Using 8 workers of 8 for evacuation
[2026-01-16T11:46:27.633+0000][gc,mmu      ] GC(1362) MMU target violated: 201.0ms (200.0ms/201.0ms)
[2026-01-16T11:46:27.635+0000][gc,phases   ] GC(1362)   Pre Evacuate Collection Set: 8.7ms
[2026-01-16T11:46:27.635+0000][gc,phases   ] GC(1362)   Merge Heap Roots: 6.6ms
[2026-01-16T11:46:27.635+0000][gc,phases   ] GC(1362)   Evacuate Collection Set: 185.6ms
[2026-01-16T11:46:27.635+0000][gc,phases   ] GC(1362)   Post Evacuate Collection Set: 43.1ms
[2026-01-16T11:46:27.635+0000][gc,phases   ] GC(1362)   Other: 7.0ms
[2026-01-16T11:46:27.636+0000][gc,heap     ] GC(1362) Eden regions: 94->0(146)
[2026-01-16T11:46:27.636+0000][gc,heap     ] GC(1362) Survivor regions: 5->4(13)
[2026-01-16T11:46:27.636+0000][gc,heap     ] GC(1362) Old regions: 104->105
[2026-01-16T11:46:27.636+0000][gc,heap     ] GC(1362) Humongous regions: 38->38
[2026-01-16T11:46:27.636+0000][gc,metaspace] GC(1362) Metaspace: 13188K(13696K)->13188K(13696K) NonClass: 12078K(12288K)->12078K(12288K) Class: 1110K(1408K)->1110K(1408K)
[2026-01-16T11:46:27.638+0000][gc          ] GC(1362) Pause Young (Normal) (G1 Evacuation Pause) 240M->146M(1024M) 255.338ms
[2026-01-16T11:46:27.642+0000][gc,cpu      ] GC(1362) User=0.27s Sys=0.01s Real=0.26s
[2026-01-16T11:46:38.851+0000][gc,start    ] GC(1363) Pause Young (Normal) (G1 Evacuation Pause)
[2026-01-16T11:46:38.855+0000][gc,task     ] GC(1363) Using 8 workers of 8 for evacuation
[2026-01-16T11:46:39.187+0000][gc,mmu      ] GC(1363) MMU target violated: 201.0ms (200.0ms/201.0ms)
[2026-01-16T11:46:39.188+0000][gc,phases   ] GC(1363)   Pre Evacuate Collection Set: 31.8ms
[2026-01-16T11:46:39.189+0000][gc,phases   ] GC(1363)   Merge Heap Roots: 3.1ms
[2026-01-16T11:46:39.189+0000][gc,phases   ] GC(1363)   Evacuate Collection Set: 271.4ms
[2026-01-16T11:46:39.198+0000][gc,phases   ] GC(1363)   Post Evacuate Collection Set: 24.4ms
[2026-01-16T11:46:39.202+0000][gc,phases   ] GC(1363)   Other: 2.9ms
[2026-01-16T11:46:39.203+0000][gc,heap     ] GC(1363) Eden regions: 141->0(48)
[2026-01-16T11:46:39.204+0000][gc,heap     ] GC(1363) Survivor regions: 4->3(19)
[2026-01-16T11:46:39.205+0000][gc,heap     ] GC(1363) Old regions: 105->106
[2026-01-16T11:46:39.205+0000][gc,heap     ] GC(1363) Humongous regions: 38->38
[2026-01-16T11:46:39.205+0000][gc,metaspace] GC(1363) Metaspace: 13188K(13696K)->13188K(13696K) NonClass: 12078K(12288K)->12078K(12288K) Class: 1110K(1408K)->1110K(1408K)
[2026-01-16T11:46:39.206+0000][gc          ] GC(1363) Pause Young (Normal) (G1 Evacuation Pause) 287M->146M(1024M) 358.637ms
[2026-01-16T11:46:39.207+0000][gc,cpu      ] GC(1363) User=0.28s Sys=0.01s Real=0.36s
[2026-01-16T11:46:47.335+0000][gc,start    ] GC(1364) Pause Young (Normal) (G1 Evacuation Pause)
[2026-01-16T11:46:47.338+0000][gc,task     ] GC(1364) Using 8 workers of 8 for evacuation
[2026-01-16T11:46:47.504+0000][gc,phases   ] GC(1364)   Pre Evacuate Collection Set: 14.6ms
[2026-01-16T11:46:47.506+0000][gc,phases   ] GC(1364)   Merge Heap Roots: 7.9ms
[2026-01-16T11:46:47.506+0000][gc,phases   ] GC(1364)   Evacuate Collection Set: 136.9ms
[2026-01-16T11:46:47.507+0000][gc,phases   ] GC(1364)   Post Evacuate Collection Set: 4.2ms
[2026-01-16T11:46:47.507+0000][gc,phases   ] GC(1364)   Other: 3.7ms
[2026-01-16T11:46:47.508+0000][gc,heap     ] GC(1364) Eden regions: 92->0(101)
[2026-01-16T11:46:47.508+0000][gc,heap     ] GC(1364) Survivor regions: 3->3(12)
[2026-01-16T11:46:47.509+0000][gc,heap     ] GC(1364) Old regions: 106->106
[2026-01-16T11:46:47.511+0000][gc,heap     ] GC(1364) Humongous regions: 38->38
[2026-01-16T11:46:47.511+0000][gc,metaspace] GC(1364) Metaspace: 13188K(13696K)->13188K(13696K) NonClass: 12078K(12288K)->12078K(12288K) Class: 1110K(1408K)->1110K(1408K)
[2026-01-16T11:46:47.513+0000][gc          ] GC(1364) Pause Young (Normal) (G1 Evacuation Pause) 238M->146M(1024M) 177.459ms
[2026-01-16T11:46:47.513+0000][gc,cpu      ] GC(1364) User=0.15s Sys=0.03s Real=0.18s
[2026-01-16T11:47:06.129+0000][gc,start    ] GC(1365) Pause Young (Normal) (G1 Evacuation Pause)
[2026-01-16T11:47:06.142+0000][gc,task     ] GC(1365) Using 8 workers of 8 for evacuation
[2026-01-16T11:47:06.444+0000][gc,mmu      ] GC(1365) MMU target violated: 201.0ms (200.0ms/201.0ms)
[2026-01-16T11:47:06.446+0000][gc,phases   ] GC(1365)   Pre Evacuate Collection Set: 42.1ms
[2026-01-16T11:47:06.446+0000][gc,phases   ] GC(1365)   Merge Heap Roots: 15.3ms
[2026-01-16T11:47:06.447+0000][gc,phases   ] GC(1365)   Evacuate Collection Set: 229.7ms
[2026-01-16T11:47:06.447+0000][gc,phases   ] GC(1365)   Post Evacuate Collection Set: 14.1ms
[2026-01-16T11:47:06.448+0000][gc,phases   ] GC(1365)   Other: 2.7ms
[2026-01-16T11:47:06.448+0000][gc,heap     ] GC(1365) Eden regions: 191->0(48)
[2026-01-16T11:47:06.449+0000][gc,heap     ] GC(1365) Survivor regions: 3->3(25)
[2026-01-16T11:47:06.449+0000][gc,heap     ] GC(1365) Old regions: 106->106
[2026-01-16T11:47:06.450+0000][gc,heap     ] GC(1365) Humongous regions: 38->38
[2026-01-16T11:47:06.450+0000][gc,metaspace] GC(1365) Metaspace: 13188K(13696K)->13188K(13696K) NonClass: 12078K(12288K)->12078K(12288K) Class: 1110K(1408K)->1110K(1408K)
[2026-01-16T11:47:06.452+0000][gc          ] GC(1365) Pause Young (Normal) (G1 Evacuation Pause) 337M->146M(1024M) 322.616ms
[2026-01-16T11:47:06.452+0000][gc,cpu      ] GC(1365) User=0.26s Sys=0.06s Real=0.32s
[2026-01-16T11:47:07.950+0000][gc,start    ] GC(1366) Pause Young (Normal) (G1 Evacuation Pause)
[2026-01-16T11:47:07.951+0000][gc,task     ] GC(1366) Using 8 workers of 8 for evacuation
[2026-01-16T11:47:08.007+0000][gc,phases   ] GC(1366)   Pre Evacuate Collection Set: 6.5ms
[2026-01-16T11:47:08.008+0000][gc,phases   ] GC(1366)   Merge Heap Roots: 3.3ms
[2026-01-16T11:47:08.009+0000][gc,phases   ] GC(1366)   Evacuate Collection Set: 40.1ms
[2026-01-16T11:47:08.010+0000][gc,phases   ] GC(1366)   Post Evacuate Collection Set: 5.2ms
[2026-01-16T11:47:08.010+0000][gc,phases   ] GC(1366)   Other: 1.6ms
[2026-01-16T11:47:08.010+0000][gc,heap     ] GC(1366) Eden regions: 77->0(47)
[2026-01-16T11:47:08.010+0000][gc,heap     ] GC(1366) Survivor regions: 3->4(10)
[2026-01-16T11:47:08.011+0000][gc,heap     ] GC(1366) Old regions: 106->107
[2026-01-16T11:47:08.011+0000][gc,heap     ] GC(1366) Humongous regions: 38->38
[2026-01-16T11:47:08.012+0000][gc,metaspace] GC(1366) Metaspace: 13188K(13696K)->13188K(13696K) NonClass: 12078K(12288K)->12078K(12288K) Class: 1110K(1408K)->1110K(1408K)
[2026-01-16T11:47:08.012+0000][gc          ] GC(1366) Pause Young (Normal) (G1 Evacuation Pause) 223M->147M(1024M) 61.963ms
[2026-01-16T11:47:08.012+0000][gc,cpu      ] GC(1366) User=0.14s Sys=0.01s Real=0.06s
[2026-01-16T11:47:16.220+0000][gc,start    ] GC(1367) Pause Young (Normal) (G1 Evacuation Pause)
[2026-01-16T11:47:16.233+0000][gc,task     ] GC(1367) Using 8 workers of 8 for evacuation
[2026-01-16T11:47:16.513+0000][gc,mmu      ] GC(1367) MMU target violated: 201.0ms (200.0ms/201.0ms)
[2026-01-16T11:47:16.524+0000][gc,phases   ] GC(1367)   Pre Evacuate Collection Set: 41.8ms
[2026-01-16T11:47:16.529+0000][gc,phases   ] GC(1367)   Merge Heap Roots: 4.4ms
[2026-01-16T11:47:16.530+0000][gc,phases   ] GC(1367)   Evacuate Collection Set: 212.1ms
[2026-01-16T11:47:16.530+0000][gc,phases   ] GC(1367)   Post Evacuate Collection Set: 12.0ms
[2026-01-16T11:47:16.530+0000][gc,phases   ] GC(1367)   Other: 21.6ms
[2026-01-16T11:47:16.530+0000][gc,heap     ] GC(1367) Eden regions: 47->0(48)
[2026-01-16T11:47:16.530+0000][gc,heap     ] GC(1367) Survivor regions: 4->3(7)
[2026-01-16T11:47:16.531+0000][gc,heap     ] GC(1367) Old regions: 107->107
[2026-01-16T11:47:16.531+0000][gc,heap     ] GC(1367) Humongous regions: 38->38
[2026-01-16T11:47:16.531+0000][gc,metaspace] GC(1367) Metaspace: 13188K(13696K)->13188K(13696K) NonClass: 12078K(12288K)->12078K(12288K) Class: 1110K(1408K)->1110K(1408K)
[2026-01-16T11:47:16.532+0000][gc          ] GC(1367) Pause Young (Normal) (G1 Evacuation Pause) 194M->146M(1024M) 311.399ms
[2026-01-16T11:47:16.532+0000][gc,cpu      ] GC(1367) User=0.17s Sys=0.04s Real=0.31s
[2026-01-16T11:47:17.296+0000][gc,start    ] GC(1368) Pause Young (Normal) (G1 Evacuation Pause)
[2026-01-16T11:47:17.296+0000][gc,task     ] GC(1368) Using 8 workers of 8 for evacuation
[2026-01-16T11:47:17.348+0000][gc,phases   ] GC(1368)   Pre Evacuate Collection Set: 0.4ms
[2026-01-16T11:47:17.350+0000][gc,phases   ] GC(1368)   Merge Heap Roots: 0.3ms
[2026-01-16T11:47:17.350+0000][gc,phases   ] GC(1368)   Evacuate Collection Set: 50.1ms
[2026-01-16T11:47:17.350+0000][gc,phases   ] GC(1368)   Post Evacuate Collection Set: 0.6ms
[2026-01-16T11:47:17.350+0000][gc,phases   ] GC(1368)   Other: 0.5ms
[2026-01-16T11:47:17.350+0000][gc,heap     ] GC(1368) Eden regions: 48->0(47)
[2026-01-16T11:47:17.351+0000][gc,heap     ] GC(1368) Survivor regions: 3->4(7)
[2026-01-16T11:47:17.351+0000][gc,heap     ] GC(1368) Old regions: 107->107
[2026-01-16T11:47:17.351+0000][gc,heap     ] GC(1368) Humongous regions: 38->38
[2026-01-16T11:47:17.351+0000][gc,metaspace] GC(1368) Metaspace: 13188K(13696K)->13188K(13696K) NonClass: 12078K(12288K)->12078K(12288K) Class: 1110K(1408K)->1110K(1408K)
[2026-01-16T11:47:17.351+0000][gc          ] GC(1368) Pause Young (Normal) (G1 Evacuation Pause) 194M->147M(1024M) 54.978ms
[2026-01-16T11:47:17.351+0000][gc,cpu      ] GC(1368) User=0.04s Sys=0.01s Real=0.05s
[2026-01-16T11:47:17.791+0000][gc,start    ] GC(1369) Pause Young (Normal) (G1 Evacuation Pause)
[2026-01-16T11:47:17.792+0000][gc,task     ] GC(1369) Using 8 workers of 8 for evacuation
[2026-01-16T11:47:17.817+0000][gc,phases   ] GC(1369)   Pre Evacuate Collection Set: 4.6ms
[2026-01-16T11:47:17.817+0000][gc,phases   ] GC(1369)   Merge Heap Roots: 0.3ms
[2026-01-16T11:47:17.818+0000][gc,phases   ] GC(1369)   Evacuate Collection Set: 15.9ms
[2026-01-16T11:47:17.818+0000][gc,phases   ] GC(1369)   Post Evacuate Collection Set: 2.3ms
[2026-01-16T11:47:17.818+0000][gc,phases   ] GC(1369)   Other: 1.4ms
[2026-01-16T11:47:17.818+0000][gc,heap     ] GC(1369) Eden regions: 47->0(140)
[2026-01-16T11:47:17.818+0000][gc,heap     ] GC(1369) Survivor regions: 4->4(7)
[2026-01-16T11:47:17.819+0000][gc,heap     ] GC(1369) Old regions: 107->107
[2026-01-16T11:47:17.819+0000][gc,heap     ] GC(1369) Humongous regions: 38->38
[2026-01-16T11:47:17.820+0000][gc,metaspace] GC(1369) Metaspace: 13188K(13696K)->13188K(13696K) NonClass: 12078K(12288K)->12078K(12288K) Class: 1110K(1408K)->1110K(1408K)
[2026-01-16T11:47:17.820+0000][gc          ] GC(1369) Pause Young (Normal) (G1 Evacuation Pause) 194M->147M(1024M) 29.123ms
[2026-01-16T11:47:17.821+0000][gc,cpu      ] GC(1369) User=0.04s Sys=0.01s Real=0.03s
[2026-01-16T11:47:28.120+0000][gc,start    ] GC(1370) Pause Young (Normal) (G1 Evacuation Pause)
[2026-01-16T11:47:28.126+0000][gc,task     ] GC(1370) Using 8 workers of 8 for evacuation
[2026-01-16T11:47:28.221+0000][gc,phases   ] GC(1370)   Pre Evacuate Collection Set: 13.9ms
[2026-01-16T11:47:28.223+0000][gc,phases   ] GC(1370)   Merge Heap Roots: 2.1ms
[2026-01-16T11:47:28.223+0000][gc,phases   ] GC(1370)   Evacuate Collection Set: 68.6ms
[2026-01-16T11:47:28.224+0000][gc,phases   ] GC(1370)   Post Evacuate Collection Set: 10.0ms
[2026-01-16T11:47:28.224+0000][gc,phases   ] GC(1370)   Other: 1.6ms
[2026-01-16T11:47:28.224+0000][gc,heap     ] GC(1370) Eden regions: 97->0(230)
[2026-01-16T11:47:28.225+0000][gc,heap     ] GC(1370) Survivor regions: 4->4(13)
[2026-01-16T11:47:28.227+0000][gc,heap     ] GC(1370) Old regions: 107->107
[2026-01-16T11:47:28.227+0000][gc,heap     ] GC(1370) Humongous regions: 38->38
[2026-01-16T11:47:28.228+0000][gc,metaspace] GC(1370) Metaspace: 13188K(13696K)->13188K(13696K) NonClass: 12078K(12288K)->12078K(12288K) Class: 1110K(1408K)->1110K(1408K)
[2026-01-16T11:47:28.232+0000][gc          ] GC(1370) Pause Young (Normal) (G1 Evacuation Pause) 244M->147M(1024M) 112.067ms
[2026-01-16T11:47:28.232+0000][gc,cpu      ] GC(1370) User=0.18s Sys=0.01s Real=0.12s
[2026-01-16T11:47:50.482+0000][gc,start    ] GC(1371) Pause Young (Normal) (G1 Evacuation Pause)
[2026-01-16T11:47:50.484+0000][gc,task     ] GC(1371) Using 8 workers of 8 for evacuation
[2026-01-16T11:47:50.673+0000][gc,phases   ] GC(1371)   Pre Evacuate Collection Set: 26.2ms
[2026-01-16T11:47:50.675+0000][gc,phases   ] GC(1371)   Merge Heap Roots: 3.1ms
[2026-01-16T11:47:50.676+0000][gc,phases   ] GC(1371)   Evacuate Collection Set: 129.1ms
[2026-01-16T11:47:50.676+0000][gc,phases   ] GC(1371)   Post Evacuate Collection Set: 27.9ms
[2026-01-16T11:47:50.677+0000][gc,phases   ] GC(1371)   Other: 3.3ms
[2026-01-16T11:47:50.677+0000][gc,heap     ] GC(1371) Eden regions: 268->0(136)
[2026-01-16T11:47:50.679+0000][gc,heap     ] GC(1371) Survivor regions: 4->5(34)
[2026-01-16T11:47:50.679+0000][gc,heap     ] GC(1371) Old regions: 107->107
[2026-01-16T11:47:50.680+0000][gc,heap     ] GC(1371) Humongous regions: 38->38
[2026-01-16T11:47:50.680+0000][gc,metaspace] GC(1371) Metaspace: 13188K(13696K)->13188K(13696K) NonClass: 12078K(12288K)->12078K(12288K) Class: 1110K(1408K)->1110K(1408K)
[2026-01-16T11:47:50.681+0000][gc          ] GC(1371) Pause Young (Normal) (G1 Evacuation Pause) 415M->148M(1024M) 198.987ms
[2026-01-16T11:47:50.682+0000][gc,cpu      ] GC(1371) User=0.28s Sys=0.00s Real=0.20s
[2026-01-16T11:48:07.115+0000][gc,start    ] GC(1372) Pause Young (Normal) (G1 Evacuation Pause)
[2026-01-16T11:48:07.117+0000][gc,task     ] GC(1372) Using 8 workers of 8 for evacuation
[2026-01-16T11:48:07.186+0000][gc,phases   ] GC(1372)   Pre Evacuate Collection Set: 5.6ms
[2026-01-16T11:48:07.187+0000][gc,phases   ] GC(1372)   Merge Heap Roots: 1.1ms
[2026-01-16T11:48:07.187+0000][gc,phases   ] GC(1372)   Evacuate Collection Set: 57.1ms
[2026-01-16T11:48:07.187+0000][gc,phases   ] GC(1372)   Post Evacuate Collection Set: 4.3ms
[2026-01-16T11:48:07.187+0000][gc,phases   ] GC(1372)   Other: 1.5ms
[2026-01-16T11:48:07.188+0000][gc,heap     ] GC(1372) Eden regions: 158->0(373)
[2026-01-16T11:48:07.188+0000][gc,heap     ] GC(1372) Survivor regions: 5->4(21)
[2026-01-16T11:48:07.189+0000][gc,heap     ] GC(1372) Old regions: 107->107
[2026-01-16T11:48:07.189+0000][gc,heap     ] GC(1372) Humongous regions: 38->38
[2026-01-16T11:48:07.190+0000][gc,metaspace] GC(1372) Metaspace: 13188K(13696K)->13188K(13696K) NonClass: 12078K(12288K)->12078K(12288K) Class: 1110K(1408K)->1110K(1408K)
[2026-01-16T11:48:07.192+0000][gc          ] GC(1372) Pause Young (Normal) (G1 Evacuation Pause) 306M->148M(1024M) 76.828ms
[2026-01-16T11:48:07.194+0000][gc,cpu      ] GC(1372) User=0.20s Sys=0.02s Real=0.07s
[2026-01-16T11:48:27.738+0000][gc,start    ] GC(1373) Pause Young (Normal) (G1 Evacuation Pause)
[2026-01-16T11:48:27.740+0000][gc,task     ] GC(1373) Using 8 workers of 8 for evacuation
[2026-01-16T11:48:27.813+0000][gc,phases   ] GC(1373)   Pre Evacuate Collection Set: 13.6ms
[2026-01-16T11:48:27.813+0000][gc,phases   ] GC(1373)   Merge Heap Roots: 3.5ms
[2026-01-16T11:48:27.814+0000][gc,phases   ] GC(1373)   Evacuate Collection Set: 48.5ms
[2026-01-16T11:48:27.814+0000][gc,phases   ] GC(1373)   Post Evacuate Collection Set: 6.6ms
[2026-01-16T11:48:27.814+0000][gc,phases   ] GC(1373)   Other: 1.2ms
[2026-01-16T11:48:27.815+0000][gc,heap     ] GC(1373) Eden regions: 263->0(515)
[2026-01-16T11:48:27.815+0000][gc,heap     ] GC(1373) Survivor regions: 4->4(34)
[2026-01-16T11:48:27.816+0000][gc,heap     ] GC(1373) Old regions: 107->107
[2026-01-16T11:48:27.816+0000][gc,heap     ] GC(1373) Humongous regions: 38->38
[2026-01-16T11:48:27.816+0000][gc,metaspace] GC(1373) Metaspace: 13188K(13696K)->13188K(13696K) NonClass: 12078K(12288K)->12078K(12288K) Class: 1110K(1408K)->1110K(1408K)
[2026-01-16T11:48:27.817+0000][gc          ] GC(1373) Pause Young (Normal) (G1 Evacuation Pause) 411M->148M(1024M) 79.037ms
[2026-01-16T11:48:27.817+0000][gc,cpu      ] GC(1373) User=0.20s Sys=0.03s Real=0.08s
[2026-01-16T11:49:07.489+0000][gc,start    ] GC(1374) Pause Young (Normal) (G1 Evacuation Pause)
[2026-01-16T11:49:07.490+0000][gc,task     ] GC(1374) Using 8 workers of 8 for evacuation
[2026-01-16T11:49:07.552+0000][gc,phases   ] GC(1374)   Pre Evacuate Collection Set: 2.1ms
[2026-01-16T11:49:07.552+0000][gc,phases   ] GC(1374)   Merge Heap Roots: 1.5ms
[2026-01-16T11:49:07.552+0000][gc,phases   ] GC(1374)   Evacuate Collection Set: 48.8ms
[2026-01-16T11:49:07.552+0000][gc,phases   ] GC(1374)   Post Evacuate Collection Set: 9.4ms
[2026-01-16T11:49:07.552+0000][gc,phases   ] GC(1374)   Other: 0.3ms
[2026-01-16T11:49:07.552+0000][gc,heap     ] GC(1374) Eden regions: 487->0(577)
[2026-01-16T11:49:07.552+0000][gc,heap     ] GC(1374) Survivor regions: 4->6(62)
[2026-01-16T11:49:07.552+0000][gc,heap     ] GC(1374) Old regions: 107->107
[2026-01-16T11:49:07.552+0000][gc,heap     ] GC(1374) Humongous regions: 38->38
[2026-01-16T11:49:07.552+0000][gc,metaspace] GC(1374) Metaspace: 13188K(13696K)->13188K(13696K) NonClass: 12078K(12288K)->12078K(12288K) Class: 1110K(1408K)->1110K(1408K)
[2026-01-16T11:49:07.554+0000][gc          ] GC(1374) Pause Young (Normal) (G1 Evacuation Pause) 635M->150M(1024M) 64.795ms
[2026-01-16T11:49:07.554+0000][gc,cpu      ] GC(1374) User=0.35s Sys=0.03s Real=0.06s
[2026-01-16T11:50:04.268+0000][gc,start    ] GC(1375) Pause Young (Normal) (G1 Evacuation Pause)
[2026-01-16T11:50:04.276+0000][gc,task     ] GC(1375) Using 8 workers of 8 for evacuation
[2026-01-16T11:50:05.092+0000][gc,mmu      ] GC(1375) MMU target violated: 201.0ms (200.0ms/201.0ms)
[2026-01-16T11:50:05.095+0000][gc,phases   ] GC(1375)   Pre Evacuate Collection Set: 42.2ms
[2026-01-16T11:50:05.098+0000][gc,phases   ] GC(1375)   Merge Heap Roots: 4.8ms
[2026-01-16T11:50:05.098+0000][gc,phases   ] GC(1375)   Evacuate Collection Set: 685.8ms
[2026-01-16T11:50:05.100+0000][gc,phases   ] GC(1375)   Post Evacuate Collection Set: 71.7ms
[2026-01-16T11:50:05.100+0000][gc,phases   ] GC(1375)   Other: 16.6ms
[2026-01-16T11:50:05.101+0000][gc,heap     ] GC(1375) Eden regions: 608->0(45)
[2026-01-16T11:50:05.105+0000][gc,heap     ] GC(1375) Survivor regions: 6->6(77)
[2026-01-16T11:50:05.106+0000][gc,heap     ] GC(1375) Old regions: 107->108
[2026-01-16T11:50:05.107+0000][gc,heap     ] GC(1375) Humongous regions: 38->38
[2026-01-16T11:50:05.107+0000][gc,metaspace] GC(1375) Metaspace: 13188K(13696K)->13188K(13696K) NonClass: 12078K(12288K)->12078K(12288K) Class: 1110K(1408K)->1110K(1408K)
[2026-01-16T11:50:05.109+0000][gc          ] GC(1375) Pause Young (Normal) (G1 Evacuation Pause) 758M->151M(1024M) 840.803ms
[2026-01-16T11:50:05.113+0000][gc,cpu      ] GC(1375) User=0.88s Sys=0.07s Real=0.85s
[2026-01-16T11:50:07.999+0000][gc,start    ] GC(1376) Pause Young (Normal) (G1 Evacuation Pause)
[2026-01-16T11:50:08.005+0000][gc,task     ] GC(1376) Using 8 workers of 8 for evacuation
[2026-01-16T11:50:08.220+0000][gc,mmu      ] GC(1376) MMU target violated: 201.0ms (200.0ms/201.0ms)
[2026-01-16T11:50:08.221+0000][gc,phases   ] GC(1376)   Pre Evacuate Collection Set: 22.8ms
[2026-01-16T11:50:08.221+0000][gc,phases   ] GC(1376)   Merge Heap Roots: 3.2ms
[2026-01-16T11:50:08.221+0000][gc,phases   ] GC(1376)   Evacuate Collection Set: 174.0ms
[2026-01-16T11:50:08.224+0000][gc,phases   ] GC(1376)   Post Evacuate Collection Set: 13.9ms
[2026-01-16T11:50:08.224+0000][gc,phases   ] GC(1376)   Other: 2.0ms
[2026-01-16T11:50:08.225+0000][gc,heap     ] GC(1376) Eden regions: 45->0(47)
[2026-01-16T11:50:08.226+0000][gc,heap     ] GC(1376) Survivor regions: 6->4(7)
[2026-01-16T11:50:08.226+0000][gc,heap     ] GC(1376) Old regions: 108->110
[2026-01-16T11:50:08.226+0000][gc,heap     ] GC(1376) Humongous regions: 38->38
[2026-01-16T11:50:08.226+0000][gc,metaspace] GC(1376) Metaspace: 13188K(13696K)->13188K(13696K) NonClass: 12078K(12288K)->12078K(12288K) Class: 1110K(1408K)->1110K(1408K)
[2026-01-16T11:50:08.230+0000][gc          ] GC(1376) Pause Young (Normal) (G1 Evacuation Pause) 196M->150M(1024M) 230.873ms
[2026-01-16T11:50:08.230+0000][gc,cpu      ] GC(1376) User=0.31s Sys=0.03s Real=0.23s
[2026-01-16T11:50:09.014+0000][gc,start    ] GC(1377) Pause Young (Normal) (G1 Evacuation Pause)
[2026-01-16T11:50:09.014+0000][gc,task     ] GC(1377) Using 8 workers of 8 for evacuation
[2026-01-16T11:50:09.044+0000][gc,phases   ] GC(1377)   Pre Evacuate Collection Set: 0.5ms
[2026-01-16T11:50:09.044+0000][gc,phases   ] GC(1377)   Merge Heap Roots: 0.6ms
[2026-01-16T11:50:09.044+0000][gc,phases   ] GC(1377)   Evacuate Collection Set: 27.4ms
[2026-01-16T11:50:09.044+0000][gc,phases   ] GC(1377)   Post Evacuate Collection Set: 1.3ms
[2026-01-16T11:50:09.044+0000][gc,phases   ] GC(1377)   Other: 0.3ms
[2026-01-16T11:50:09.044+0000][gc,heap     ] GC(1377) Eden regions: 47->0(47)
[2026-01-16T11:50:09.045+0000][gc,heap     ] GC(1377) Survivor regions: 4->4(7)
[2026-01-16T11:50:09.045+0000][gc,heap     ] GC(1377) Old regions: 110->110
[2026-01-16T11:50:09.045+0000][gc,heap     ] GC(1377) Humongous regions: 38->38
[2026-01-16T11:50:09.045+0000][gc,metaspace] GC(1377) Metaspace: 13188K(13696K)->13188K(13696K) NonClass: 12078K(12288K)->12078K(12288K) Class: 1110K(1408K)->1110K(1408K)
[2026-01-16T11:50:09.046+0000][gc          ] GC(1377) Pause Young (Normal) (G1 Evacuation Pause) 197M->150M(1024M) 32.163ms
[2026-01-16T11:50:09.046+0000][gc,cpu      ] GC(1377) User=0.06s Sys=0.01s Real=0.03s
[2026-01-16T11:50:16.967+0000][gc,start    ] GC(1378) Pause Young (Normal) (G1 Evacuation Pause)
[2026-01-16T11:50:16.969+0000][gc,task     ] GC(1378) Using 8 workers of 8 for evacuation
[2026-01-16T11:50:17.187+0000][gc,mmu      ] GC(1378) MMU target violated: 201.0ms (200.0ms/201.0ms)
[2026-01-16T11:50:17.188+0000][gc,phases   ] GC(1378)   Pre Evacuate Collection Set: 30.9ms
[2026-01-16T11:50:17.190+0000][gc,phases   ] GC(1378)   Merge Heap Roots: 18.9ms
[2026-01-16T11:50:17.190+0000][gc,phases   ] GC(1378)   Evacuate Collection Set: 138.5ms
[2026-01-16T11:50:17.191+0000][gc,phases   ] GC(1378)   Post Evacuate Collection Set: 29.3ms
[2026-01-16T11:50:17.192+0000][gc,phases   ] GC(1378)   Other: 1.9ms
[2026-01-16T11:50:17.192+0000][gc,heap     ] GC(1378) Eden regions: 47->0(49)
[2026-01-16T11:50:17.193+0000][gc,heap     ] GC(1378) Survivor regions: 4->3(7)
[2026-01-16T11:50:17.195+0000][gc,heap     ] GC(1378) Old regions: 110->110
[2026-01-16T11:50:17.195+0000][gc,heap     ] GC(1378) Humongous regions: 38->38
[2026-01-16T11:50:17.195+0000][gc,metaspace] GC(1378) Metaspace: 13188K(13696K)->13188K(13696K) NonClass: 12078K(12288K)->12078K(12288K) Class: 1110K(1408K)->1110K(1408K)
[2026-01-16T11:50:17.197+0000][gc          ] GC(1378) Pause Young (Normal) (G1 Evacuation Pause) 197M->150M(1024M) 230.673ms
[2026-01-16T11:50:17.199+0000][gc,cpu      ] GC(1378) User=0.18s Sys=0.02s Real=0.23s
[2026-01-16T11:50:18.805+0000][gc,start    ] GC(1379) Pause Young (Normal) (G1 Evacuation Pause)
[2026-01-16T11:50:18.806+0000][gc,task     ] GC(1379) Using 8 workers of 8 for evacuation
[2026-01-16T11:50:18.921+0000][gc,phases   ] GC(1379)   Pre Evacuate Collection Set: 16.1ms
[2026-01-16T11:50:18.922+0000][gc,phases   ] GC(1379)   Merge Heap Roots: 1.4ms
[2026-01-16T11:50:18.922+0000][gc,phases   ] GC(1379)   Evacuate Collection Set: 95.7ms
[2026-01-16T11:50:18.923+0000][gc,phases   ] GC(1379)   Post Evacuate Collection Set: 2.0ms
[2026-01-16T11:50:18.923+0000][gc,phases   ] GC(1379)   Other: 0.5ms
[2026-01-16T11:50:18.923+0000][gc,heap     ] GC(1379) Eden regions: 68->0(47)
[2026-01-16T11:50:18.923+0000][gc,heap     ] GC(1379) Survivor regions: 3->4(9)
[2026-01-16T11:50:18.923+0000][gc,heap     ] GC(1379) Old regions: 110->110
[2026-01-16T11:50:18.923+0000][gc,heap     ] GC(1379) Humongous regions: 38->38
[2026-01-16T11:50:18.924+0000][gc,metaspace] GC(1379) Metaspace: 13188K(13696K)->13188K(13696K) NonClass: 12078K(12288K)->12078K(12288K) Class: 1110K(1408K)->1110K(1408K)
[2026-01-16T11:50:18.924+0000][gc          ] GC(1379) Pause Young (Normal) (G1 Evacuation Pause) 218M->151M(1024M) 118.703ms
[2026-01-16T11:50:18.924+0000][gc,cpu      ] GC(1379) User=0.18s Sys=0.01s Real=0.12s
[2026-01-16T11:50:26.311+0000][gc,start    ] GC(1380) Pause Young (Normal) (G1 Evacuation Pause)
[2026-01-16T11:50:26.315+0000][gc,task     ] GC(1380) Using 8 workers of 8 for evacuation
[2026-01-16T11:50:26.443+0000][gc,phases   ] GC(1380)   Pre Evacuate Collection Set: 11.2ms
[2026-01-16T11:50:26.455+0000][gc,phases   ] GC(1380)   Merge Heap Roots: 2.9ms
[2026-01-16T11:50:26.457+0000][gc,phases   ] GC(1380)   Evacuate Collection Set: 80.6ms
[2026-01-16T11:50:26.457+0000][gc,phases   ] GC(1380)   Post Evacuate Collection Set: 30.1ms
[2026-01-16T11:50:26.459+0000][gc,phases   ] GC(1380)   Other: 2.7ms
[2026-01-16T11:50:26.460+0000][gc,heap     ] GC(1380) Eden regions: 47->0(168)
[2026-01-16T11:50:26.461+0000][gc,heap     ] GC(1380) Survivor regions: 4->3(7)
[2026-01-16T11:50:26.464+0000][gc,heap     ] GC(1380) Old regions: 110->110
[2026-01-16T11:50:26.464+0000][gc,heap     ] GC(1380) Humongous regions: 38->38
[2026-01-16T11:50:26.470+0000][gc,metaspace] GC(1380) Metaspace: 13188K(13696K)->13188K(13696K) NonClass: 12078K(12288K)->12078K(12288K) Class: 1110K(1408K)->1110K(1408K)
[2026-01-16T11:50:26.471+0000][gc          ] GC(1380) Pause Young (Normal) (G1 Evacuation Pause) 198M->150M(1024M) 159.261ms
[2026-01-16T11:50:26.473+0000][gc,cpu      ] GC(1380) User=0.23s Sys=0.04s Real=0.16s
[2026-01-16T11:50:37.239+0000][gc,start    ] GC(1381) Pause Young (Normal) (G1 Evacuation Pause)
[2026-01-16T11:50:37.241+0000][gc,task     ] GC(1381) Using 8 workers of 8 for evacuation
[2026-01-16T11:50:37.291+0000][gc,phases   ] GC(1381)   Pre Evacuate Collection Set: 7.3ms
[2026-01-16T11:50:37.291+0000][gc,phases   ] GC(1381)   Merge Heap Roots: 3.1ms
[2026-01-16T11:50:37.291+0000][gc,phases   ] GC(1381)   Evacuate Collection Set: 37.3ms
[2026-01-16T11:50:37.291+0000][gc,phases   ] GC(1381)   Post Evacuate Collection Set: 1.7ms
[2026-01-16T11:50:37.291+0000][gc,phases   ] GC(1381)   Other: 0.8ms
[2026-01-16T11:50:37.291+0000][gc,heap     ] GC(1381) Eden regions: 172->0(224)
[2026-01-16T11:50:37.291+0000][gc,heap     ] GC(1381) Survivor regions: 3->4(22)
[2026-01-16T11:50:37.291+0000][gc,heap     ] GC(1381) Old regions: 110->110
[2026-01-16T11:50:37.292+0000][gc,heap     ] GC(1381) Humongous regions: 38->38
[2026-01-16T11:50:37.292+0000][gc,metaspace] GC(1381) Metaspace: 13188K(13696K)->13188K(13696K) NonClass: 12078K(12288K)->12078K(12288K) Class: 1110K(1408K)->1110K(1408K)
[2026-01-16T11:50:37.292+0000][gc          ] GC(1381) Pause Young (Normal) (G1 Evacuation Pause) 322M->151M(1024M) 53.215ms
[2026-01-16T11:50:37.292+0000][gc,cpu      ] GC(1381) User=0.20s Sys=0.02s Real=0.05s
[2026-01-16T11:50:58.198+0000][gc,start    ] GC(1382) Pause Young (Normal) (G1 Evacuation Pause)
[2026-01-16T11:50:58.199+0000][gc,task     ] GC(1382) Using 8 workers of 8 for evacuation
[2026-01-16T11:50:58.240+0000][gc,phases   ] GC(1382)   Pre Evacuate Collection Set: 2.5ms
[2026-01-16T11:50:58.240+0000][gc,phases   ] GC(1382)   Merge Heap Roots: 1.0ms
[2026-01-16T11:50:58.241+0000][gc,phases   ] GC(1382)   Evacuate Collection Set: 35.2ms
[2026-01-16T11:50:58.241+0000][gc,phases   ] GC(1382)   Post Evacuate Collection Set: 2.5ms
[2026-01-16T11:50:58.241+0000][gc,phases   ] GC(1382)   Other: 0.6ms
[2026-01-16T11:50:58.241+0000][gc,heap     ] GC(1382) Eden regions: 232->0(353)
[2026-01-16T11:50:58.241+0000][gc,heap     ] GC(1382) Survivor regions: 4->5(30)
[2026-01-16T11:50:58.241+0000][gc,heap     ] GC(1382) Old regions: 110->110
[2026-01-16T11:50:58.241+0000][gc,heap     ] GC(1382) Humongous regions: 38->38
[2026-01-16T11:50:58.241+0000][gc,metaspace] GC(1382) Metaspace: 13188K(13696K)->13188K(13696K) NonClass: 12078K(12288K)->12078K(12288K) Class: 1110K(1408K)->1110K(1408K)
[2026-01-16T11:50:58.241+0000][gc          ] GC(1382) Pause Young (Normal) (G1 Evacuation Pause) 383M->151M(1024M) 43.103ms
[2026-01-16T11:50:58.241+0000][gc,cpu      ] GC(1382) User=0.23s Sys=0.02s Real=0.04s
[2026-01-16T11:51:34.283+0000][gc,start    ] GC(1383) Pause Young (Normal) (G1 Evacuation Pause)
[2026-01-16T11:51:34.290+0000][gc,task     ] GC(1383) Using 8 workers of 8 for evacuation
[2026-01-16T11:51:34.639+0000][gc,mmu      ] GC(1383) MMU target violated: 201.0ms (200.0ms/201.0ms)
[2026-01-16T11:51:34.639+0000][gc,phases   ] GC(1383)   Pre Evacuate Collection Set: 57.0ms
[2026-01-16T11:51:34.640+0000][gc,phases   ] GC(1383)   Merge Heap Roots: 18.2ms
[2026-01-16T11:51:34.647+0000][gc,phases   ] GC(1383)   Evacuate Collection Set: 247.9ms
[2026-01-16T11:51:34.648+0000][gc,phases   ] GC(1383)   Post Evacuate Collection Set: 21.5ms
[2026-01-16T11:51:34.651+0000][gc,phases   ] GC(1383)   Other: 4.9ms
[2026-01-16T11:51:34.652+0000][gc,heap     ] GC(1383) Eden regions: 351->0(46)
[2026-01-16T11:51:34.653+0000][gc,heap     ] GC(1383) Survivor regions: 5->5(45)
[2026-01-16T11:51:34.656+0000][gc,heap     ] GC(1383) Old regions: 110->110
[2026-01-16T11:51:34.658+0000][gc,heap     ] GC(1383) Humongous regions: 38->38
[2026-01-16T11:51:34.658+0000][gc,metaspace] GC(1383) Metaspace: 13188K(13696K)->13188K(13696K) NonClass: 12078K(12288K)->12078K(12288K) Class: 1110K(1408K)->1110K(1408K)
[2026-01-16T11:51:34.662+0000][gc          ] GC(1383) Pause Young (Normal) (G1 Evacuation Pause) 502M->152M(1024M) 379.171ms
[2026-01-16T11:51:34.664+0000][gc,cpu      ] GC(1383) User=0.50s Sys=0.05s Real=0.38s
[2026-01-16T11:51:36.174+0000][gc,start    ] GC(1384) Pause Young (Normal) (G1 Evacuation Pause)
[2026-01-16T11:51:36.178+0000][gc,task     ] GC(1384) Using 8 workers of 8 for evacuation
[2026-01-16T11:51:36.437+0000][gc,mmu      ] GC(1384) MMU target violated: 201.0ms (200.0ms/201.0ms)
[2026-01-16T11:51:36.440+0000][gc,phases   ] GC(1384)   Pre Evacuate Collection Set: 5.2ms
[2026-01-16T11:51:36.441+0000][gc,phases   ] GC(1384)   Merge Heap Roots: 3.6ms
[2026-01-16T11:51:36.442+0000][gc,phases   ] GC(1384)   Evacuate Collection Set: 243.7ms
[2026-01-16T11:51:36.442+0000][gc,phases   ] GC(1384)   Post Evacuate Collection Set: 5.9ms
[2026-01-16T11:51:36.443+0000][gc,phases   ] GC(1384)   Other: 3.7ms
[2026-01-16T11:51:36.447+0000][gc,heap     ] GC(1384) Eden regions: 46->0(60)
[2026-01-16T11:51:36.449+0000][gc,heap     ] GC(1384) Survivor regions: 5->4(7)
[2026-01-16T11:51:36.451+0000][gc,heap     ] GC(1384) Old regions: 110->112
[2026-01-16T11:51:36.451+0000][gc,heap     ] GC(1384) Humongous regions: 38->38
[2026-01-16T11:51:36.452+0000][gc,metaspace] GC(1384) Metaspace: 13188K(13696K)->13188K(13696K) NonClass: 12078K(12288K)->12078K(12288K) Class: 1110K(1408K)->1110K(1408K)
[2026-01-16T11:51:36.452+0000][gc          ] GC(1384) Pause Young (Normal) (G1 Evacuation Pause) 198M->152M(1024M) 278.525ms
[2026-01-16T11:51:36.453+0000][gc,cpu      ] GC(1384) User=0.28s Sys=0.03s Real=0.28s
[2026-01-16T11:51:36.995+0000][gc,start    ] GC(1385) Pause Young (Normal) (G1 Evacuation Pause)
[2026-01-16T11:51:36.996+0000][gc,task     ] GC(1385) Using 8 workers of 8 for evacuation
[2026-01-16T11:51:37.077+0000][gc,phases   ] GC(1385)   Pre Evacuate Collection Set: 0.9ms
[2026-01-16T11:51:37.078+0000][gc,phases   ] GC(1385)   Merge Heap Roots: 0.4ms
[2026-01-16T11:51:37.078+0000][gc,phases   ] GC(1385)   Evacuate Collection Set: 76.7ms
[2026-01-16T11:51:37.078+0000][gc,phases   ] GC(1385)   Post Evacuate Collection Set: 2.2ms
[2026-01-16T11:51:37.080+0000][gc,phases   ] GC(1385)   Other: 0.6ms
[2026-01-16T11:51:37.081+0000][gc,heap     ] GC(1385) Eden regions: 47->0(260)
[2026-01-16T11:51:37.081+0000][gc,heap     ] GC(1385) Survivor regions: 4->3(7)
[2026-01-16T11:51:37.081+0000][gc,heap     ] GC(1385) Old regions: 112->112
[2026-01-16T11:51:37.081+0000][gc,heap     ] GC(1385) Humongous regions: 38->38
[2026-01-16T11:51:37.083+0000][gc,metaspace] GC(1385) Metaspace: 13188K(13696K)->13188K(13696K) NonClass: 12078K(12288K)->12078K(12288K) Class: 1110K(1408K)->1110K(1408K)
[2026-01-16T11:51:37.085+0000][gc          ] GC(1385) Pause Young (Normal) (G1 Evacuation Pause) 199M->151M(1024M) 90.025ms
[2026-01-16T11:51:37.086+0000][gc,cpu      ] GC(1385) User=0.07s Sys=0.00s Real=0.09s
[2026-01-16T11:51:57.272+0000][gc,start    ] GC(1386) Pause Young (Normal) (G1 Evacuation Pause)
[2026-01-16T11:51:57.272+0000][gc,task     ] GC(1386) Using 8 workers of 8 for evacuation
[2026-01-16T11:51:57.324+0000][gc,phases   ] GC(1386)   Pre Evacuate Collection Set: 4.0ms
[2026-01-16T11:51:57.324+0000][gc,phases   ] GC(1386)   Merge Heap Roots: 7.3ms
[2026-01-16T11:51:57.324+0000][gc,phases   ] GC(1386)   Evacuate Collection Set: 31.5ms
[2026-01-16T11:51:57.324+0000][gc,phases   ] GC(1386)   Post Evacuate Collection Set: 7.8ms
[2026-01-16T11:51:57.325+0000][gc,phases   ] GC(1386)   Other: 1.2ms
[2026-01-16T11:51:57.325+0000][gc,heap     ] GC(1386) Eden regions: 293->0(343)
[2026-01-16T11:51:57.325+0000][gc,heap     ] GC(1386) Survivor regions: 3->4(37)
[2026-01-16T11:51:57.325+0000][gc,heap     ] GC(1386) Old regions: 112->112
[2026-01-16T11:51:57.325+0000][gc,heap     ] GC(1386) Humongous regions: 38->38
[2026-01-16T11:51:57.325+0000][gc,metaspace] GC(1386) Metaspace: 13188K(13696K)->13188K(13696K) NonClass: 12078K(12288K)->12078K(12288K) Class: 1110K(1408K)->1110K(1408K)
[2026-01-16T11:51:57.326+0000][gc          ] GC(1386) Pause Young (Normal) (G1 Evacuation Pause) 444M->152M(1024M) 54.210ms
[2026-01-16T11:51:57.326+0000][gc,cpu      ] GC(1386) User=0.18s Sys=0.02s Real=0.05s
[2026-01-16T11:52:28.267+0000][gc,start    ] GC(1387) Pause Young (Normal) (G1 Evacuation Pause)
[2026-01-16T11:52:28.268+0000][gc,task     ] GC(1387) Using 8 workers of 8 for evacuation
[2026-01-16T11:52:28.322+0000][gc,phases   ] GC(1387)   Pre Evacuate Collection Set: 6.4ms
[2026-01-16T11:52:28.322+0000][gc,phases   ] GC(1387)   Merge Heap Roots: 0.5ms
[2026-01-16T11:52:28.322+0000][gc,phases   ] GC(1387)   Evacuate Collection Set: 43.9ms
[2026-01-16T11:52:28.322+0000][gc,phases   ] GC(1387)   Post Evacuate Collection Set: 2.2ms
[2026-01-16T11:52:28.322+0000][gc,phases   ] GC(1387)   Other: 1.1ms
[2026-01-16T11:52:28.322+0000][gc,heap     ] GC(1387) Eden regions: 373->0(611)
[2026-01-16T11:52:28.322+0000][gc,heap     ] GC(1387) Survivor regions: 4->3(48)
[2026-01-16T11:52:28.322+0000][gc,heap     ] GC(1387) Old regions: 112->112
[2026-01-16T11:52:28.323+0000][gc,heap     ] GC(1387) Humongous regions: 38->38
[2026-01-16T11:52:28.323+0000][gc,metaspace] GC(1387) Metaspace: 13188K(13696K)->13188K(13696K) NonClass: 12078K(12288K)->12078K(12288K) Class: 1110K(1408K)->1110K(1408K)
[2026-01-16T11:52:28.323+0000][gc          ] GC(1387) Pause Young (Normal) (G1 Evacuation Pause) 525M->152M(1024M) 55.455ms
[2026-01-16T11:52:28.323+0000][gc,cpu      ] GC(1387) User=0.34s Sys=0.03s Real=0.05s
[2026-01-16T11:53:27.632+0000][gc,start    ] GC(1388) Pause Young (Normal) (G1 Evacuation Pause)
[2026-01-16T11:53:27.638+0000][gc,task     ] GC(1388) Using 8 workers of 8 for evacuation
[2026-01-16T11:53:28.249+0000][gc,mmu      ] GC(1388) MMU target violated: 201.0ms (200.0ms/201.0ms)
[2026-01-16T11:53:28.251+0000][gc,phases   ] GC(1388)   Pre Evacuate Collection Set: 24.9ms
[2026-01-16T11:53:28.253+0000][gc,phases   ] GC(1388)   Merge Heap Roots: 8.6ms
[2026-01-16T11:53:28.254+0000][gc,phases   ] GC(1388)   Evacuate Collection Set: 467.9ms
[2026-01-16T11:53:28.254+0000][gc,phases   ] GC(1388)   Post Evacuate Collection Set: 108.2ms
[2026-01-16T11:53:28.256+0000][gc,phases   ] GC(1388)   Other: 3.4ms
[2026-01-16T11:53:28.259+0000][gc,heap     ] GC(1388) Eden regions: 611->0(46)
[2026-01-16T11:53:28.261+0000][gc,heap     ] GC(1388) Survivor regions: 3->5(77)
[2026-01-16T11:53:28.263+0000][gc,heap     ] GC(1388) Old regions: 112->112
[2026-01-16T11:53:28.264+0000][gc,heap     ] GC(1388) Humongous regions: 38->38
[2026-01-16T11:53:28.264+0000][gc,metaspace] GC(1388) Metaspace: 13188K(13696K)->13188K(13696K) NonClass: 12078K(12288K)->12078K(12288K) Class: 1110K(1408K)->1110K(1408K)
[2026-01-16T11:53:28.265+0000][gc          ] GC(1388) Pause Young (Normal) (G1 Evacuation Pause) 763M->153M(1024M) 633.133ms
[2026-01-16T11:53:28.265+0000][gc,cpu      ] GC(1388) User=0.44s Sys=0.06s Real=0.64s
[2026-01-16T11:53:30.615+0000][gc,start    ] GC(1389) Pause Young (Normal) (G1 Evacuation Pause)
[2026-01-16T11:53:30.628+0000][gc,task     ] GC(1389) Using 8 workers of 8 for evacuation
[2026-01-16T11:53:30.877+0000][gc,mmu      ] GC(1389) MMU target violated: 201.0ms (200.0ms/201.0ms)
[2026-01-16T11:53:30.879+0000][gc,phases   ] GC(1389)   Pre Evacuate Collection Set: 30.5ms
[2026-01-16T11:53:30.881+0000][gc,phases   ] GC(1389)   Merge Heap Roots: 1.9ms
[2026-01-16T11:53:30.884+0000][gc,phases   ] GC(1389)   Evacuate Collection Set: 186.9ms
[2026-01-16T11:53:30.886+0000][gc,phases   ] GC(1389)   Post Evacuate Collection Set: 18.3ms
[2026-01-16T11:53:30.889+0000][gc,phases   ] GC(1389)   Other: 12.7ms
[2026-01-16T11:53:30.889+0000][gc,heap     ] GC(1389) Eden regions: 46->0(46)
[2026-01-16T11:53:30.892+0000][gc,heap     ] GC(1389) Survivor regions: 5->5(7)
[2026-01-16T11:53:30.895+0000][gc,heap     ] GC(1389) Old regions: 112->112
[2026-01-16T11:53:30.898+0000][gc,heap     ] GC(1389) Humongous regions: 38->38
[2026-01-16T11:53:30.899+0000][gc,metaspace] GC(1389) Metaspace: 13188K(13696K)->13188K(13696K) NonClass: 12078K(12288K)->12078K(12288K) Class: 1110K(1408K)->1110K(1408K)
[2026-01-16T11:53:30.906+0000][gc          ] GC(1389) Pause Young (Normal) (G1 Evacuation Pause) 199M->154M(1024M) 290.981ms
[2026-01-16T11:53:30.906+0000][gc,cpu      ] GC(1389) User=0.19s Sys=0.02s Real=0.30s
[2026-01-16T11:53:31.473+0000][gc,start    ] GC(1390) Pause Young (Normal) (G1 Evacuation Pause)
[2026-01-16T11:53:31.474+0000][gc,task     ] GC(1390) Using 8 workers of 8 for evacuation
[2026-01-16T11:53:31.600+0000][gc,phases   ] GC(1390)   Pre Evacuate Collection Set: 0.8ms
[2026-01-16T11:53:31.601+0000][gc,phases   ] GC(1390)   Merge Heap Roots: 0.4ms
[2026-01-16T11:53:31.601+0000][gc,phases   ] GC(1390)   Evacuate Collection Set: 122.1ms
[2026-01-16T11:53:31.602+0000][gc,phases   ] GC(1390)   Post Evacuate Collection Set: 2.5ms
[2026-01-16T11:53:31.604+0000][gc,phases   ] GC(1390)   Other: 0.4ms
[2026-01-16T11:53:31.606+0000][gc,heap     ] GC(1390) Eden regions: 46->0(47)
[2026-01-16T11:53:31.609+0000][gc,heap     ] GC(1390) Survivor regions: 5->4(7)
[2026-01-16T11:53:31.610+0000][gc,heap     ] GC(1390) Old regions: 112->113
[2026-01-16T11:53:31.611+0000][gc,heap     ] GC(1390) Humongous regions: 38->38
[2026-01-16T11:53:31.611+0000][gc,metaspace] GC(1390) Metaspace: 13188K(13696K)->13188K(13696K) NonClass: 12078K(12288K)->12078K(12288K) Class: 1110K(1408K)->1110K(1408K)
[2026-01-16T11:53:31.611+0000][gc          ] GC(1390) Pause Young (Normal) (G1 Evacuation Pause) 200M->154M(1024M) 137.756ms
[2026-01-16T11:53:31.611+0000][gc,cpu      ] GC(1390) User=0.21s Sys=0.01s Real=0.14s
[2026-01-16T11:53:37.038+0000][gc,start    ] GC(1391) Pause Young (Normal) (G1 Evacuation Pause)
[2026-01-16T11:53:37.046+0000][gc,task     ] GC(1391) Using 8 workers of 8 for evacuation
[2026-01-16T11:53:37.109+0000][gc,phases   ] GC(1391)   Pre Evacuate Collection Set: 4.4ms
[2026-01-16T11:53:37.109+0000][gc,phases   ] GC(1391)   Merge Heap Roots: 1.3ms
[2026-01-16T11:53:37.110+0000][gc,phases   ] GC(1391)   Evacuate Collection Set: 49.8ms
[2026-01-16T11:53:37.110+0000][gc,phases   ] GC(1391)   Post Evacuate Collection Set: 6.5ms
[2026-01-16T11:53:37.110+0000][gc,phases   ] GC(1391)   Other: 1.0ms
[2026-01-16T11:53:37.110+0000][gc,heap     ] GC(1391) Eden regions: 47->0(47)
[2026-01-16T11:53:37.111+0000][gc,heap     ] GC(1391) Survivor regions: 4->4(7)
[2026-01-16T11:53:37.111+0000][gc,heap     ] GC(1391) Old regions: 113->113
[2026-01-16T11:53:37.111+0000][gc,heap     ] GC(1391) Humongous regions: 38->38
[2026-01-16T11:53:37.111+0000][gc,metaspace] GC(1391) Metaspace: 13188K(13696K)->13188K(13696K) NonClass: 12078K(12288K)->12078K(12288K) Class: 1110K(1408K)->1110K(1408K)
[2026-01-16T11:53:37.112+0000][gc          ] GC(1391) Pause Young (Normal) (G1 Evacuation Pause) 201M->154M(1024M) 73.267ms
[2026-01-16T11:53:37.112+0000][gc,cpu      ] GC(1391) User=0.13s Sys=0.00s Real=0.07s
[2026-01-16T11:53:37.959+0000][gc,start    ] GC(1392) Pause Young (Normal) (G1 Evacuation Pause)
[2026-01-16T11:53:37.961+0000][gc,task     ] GC(1392) Using 8 workers of 8 for evacuation
[2026-01-16T11:53:38.013+0000][gc,phases   ] GC(1392)   Pre Evacuate Collection Set: 1.1ms
[2026-01-16T11:53:38.014+0000][gc,phases   ] GC(1392)   Merge Heap Roots: 0.2ms
[2026-01-16T11:53:38.017+0000][gc,phases   ] GC(1392)   Evacuate Collection Set: 49.9ms
[2026-01-16T11:53:38.017+0000][gc,phases   ] GC(1392)   Post Evacuate Collection Set: 0.8ms
[2026-01-16T11:53:38.017+0000][gc,phases   ] GC(1392)   Other: 0.4ms
[2026-01-16T11:53:38.017+0000][gc,heap     ] GC(1392) Eden regions: 59->0(56)
[2026-01-16T11:53:38.018+0000][gc,heap     ] GC(1392) Survivor regions: 4->4(8)
[2026-01-16T11:53:38.018+0000][gc,heap     ] GC(1392) Old regions: 113->113
[2026-01-16T11:53:38.019+0000][gc,heap     ] GC(1392) Humongous regions: 38->38
[2026-01-16T11:53:38.020+0000][gc,metaspace] GC(1392) Metaspace: 13188K(13696K)->13188K(13696K) NonClass: 12078K(12288K)->12078K(12288K) Class: 1110K(1408K)->1110K(1408K)
[2026-01-16T11:53:38.020+0000][gc          ] GC(1392) Pause Young (Normal) (G1 Evacuation Pause) 213M->154M(1024M) 60.914ms
[2026-01-16T11:53:38.020+0000][gc,cpu      ] GC(1392) User=0.09s Sys=0.00s Real=0.06s
[2026-01-16T11:53:56.283+0000][gc,start    ] GC(1393) Pause Young (Normal) (G1 Evacuation Pause)
[2026-01-16T11:53:56.285+0000][gc,task     ] GC(1393) Using 8 workers of 8 for evacuation
[2026-01-16T11:53:56.872+0000][gc,mmu      ] GC(1393) MMU target violated: 201.0ms (200.0ms/201.0ms)
[2026-01-16T11:53:56.877+0000][gc,phases   ] GC(1393)   Pre Evacuate Collection Set: 39.8ms
[2026-01-16T11:53:56.879+0000][gc,phases   ] GC(1393)   Merge Heap Roots: 4.0ms
[2026-01-16T11:53:56.880+0000][gc,phases   ] GC(1393)   Evacuate Collection Set: 454.6ms
[2026-01-16T11:53:56.888+0000][gc,phases   ] GC(1393)   Post Evacuate Collection Set: 87.1ms
[2026-01-16T11:53:56.889+0000][gc,phases   ] GC(1393)   Other: 5.9ms
[2026-01-16T11:53:56.889+0000][gc,heap     ] GC(1393) Eden regions: 135->0(47)
[2026-01-16T11:53:56.892+0000][gc,heap     ] GC(1393) Survivor regions: 4->4(18)
[2026-01-16T11:53:56.892+0000][gc,heap     ] GC(1393) Old regions: 113->113
[2026-01-16T11:53:56.892+0000][gc,heap     ] GC(1393) Humongous regions: 38->38
[2026-01-16T11:53:56.893+0000][gc,metaspace] GC(1393) Metaspace: 13188K(13696K)->13188K(13696K) NonClass: 12078K(12288K)->12078K(12288K) Class: 1110K(1408K)->1110K(1408K)
[2026-01-16T11:53:56.893+0000][gc          ] GC(1393) Pause Young (Normal) (G1 Evacuation Pause) 289M->154M(1024M) 610.362ms
[2026-01-16T11:53:56.896+0000][gc,cpu      ] GC(1393) User=0.45s Sys=0.09s Real=0.61s
[2026-01-16T11:53:58.450+0000][gc,start    ] GC(1394) Pause Young (Normal) (G1 Evacuation Pause)
[2026-01-16T11:53:58.450+0000][gc,task     ] GC(1394) Using 8 workers of 8 for evacuation
[2026-01-16T11:53:58.570+0000][gc,phases   ] GC(1394)   Pre Evacuate Collection Set: 17.3ms
[2026-01-16T11:53:58.573+0000][gc,phases   ] GC(1394)   Merge Heap Roots: 0.4ms
[2026-01-16T11:53:58.573+0000][gc,phases   ] GC(1394)   Evacuate Collection Set: 90.7ms
[2026-01-16T11:53:58.573+0000][gc,phases   ] GC(1394)   Post Evacuate Collection Set: 9.1ms
[2026-01-16T11:53:58.575+0000][gc,phases   ] GC(1394)   Other: 3.0ms
[2026-01-16T11:53:58.576+0000][gc,heap     ] GC(1394) Eden regions: 47->0(47)
[2026-01-16T11:53:58.578+0000][gc,heap     ] GC(1394) Survivor regions: 4->4(7)
[2026-01-16T11:53:58.584+0000][gc,heap     ] GC(1394) Old regions: 113->113
[2026-01-16T11:53:58.584+0000][gc,heap     ] GC(1394) Humongous regions: 38->38
[2026-01-16T11:53:58.584+0000][gc,metaspace] GC(1394) Metaspace: 13188K(13696K)->13188K(13696K) NonClass: 12078K(12288K)->12078K(12288K) Class: 1110K(1408K)->1110K(1408K)
[2026-01-16T11:53:58.585+0000][gc          ] GC(1394) Pause Young (Normal) (G1 Evacuation Pause) 201M->154M(1024M) 135.016ms
[2026-01-16T11:53:58.585+0000][gc,cpu      ] GC(1394) User=0.14s Sys=0.00s Real=0.14s
[2026-01-16T11:53:59.161+0000][gc,start    ] GC(1395) Pause Young (Normal) (G1 Evacuation Pause)
[2026-01-16T11:53:59.162+0000][gc,task     ] GC(1395) Using 8 workers of 8 for evacuation
[2026-01-16T11:53:59.311+0000][gc,phases   ] GC(1395)   Pre Evacuate Collection Set: 3.1ms
[2026-01-16T11:53:59.315+0000][gc,phases   ] GC(1395)   Merge Heap Roots: 0.6ms
[2026-01-16T11:53:59.318+0000][gc,phases   ] GC(1395)   Evacuate Collection Set: 139.1ms
[2026-01-16T11:53:59.321+0000][gc,phases   ] GC(1395)   Post Evacuate Collection Set: 5.2ms
[2026-01-16T11:53:59.322+0000][gc,phases   ] GC(1395)   Other: 0.7ms
[2026-01-16T11:53:59.323+0000][gc,heap     ] GC(1395) Eden regions: 47->0(46)
[2026-01-16T11:53:59.324+0000][gc,heap     ] GC(1395) Survivor regions: 4->5(7)
[2026-01-16T11:53:59.327+0000][gc,heap     ] GC(1395) Old regions: 113->113
[2026-01-16T11:53:59.330+0000][gc,heap     ] GC(1395) Humongous regions: 38->38
[2026-01-16T11:53:59.333+0000][gc,metaspace] GC(1395) Metaspace: 13188K(13696K)->13188K(13696K) NonClass: 12078K(12288K)->12078K(12288K) Class: 1110K(1408K)->1110K(1408K)
[2026-01-16T11:53:59.333+0000][gc          ] GC(1395) Pause Young (Normal) (G1 Evacuation Pause) 201M->155M(1024M) 172.296ms
[2026-01-16T11:53:59.334+0000][gc,cpu      ] GC(1395) User=0.10s Sys=0.01s Real=0.18s
[2026-01-16T11:54:06.773+0000][gc,start    ] GC(1396) Pause Young (Normal) (G1 Evacuation Pause)
[2026-01-16T11:54:06.781+0000][gc,task     ] GC(1396) Using 8 workers of 8 for evacuation
[2026-01-16T11:54:06.927+0000][gc,phases   ] GC(1396)   Pre Evacuate Collection Set: 17.7ms
[2026-01-16T11:54:06.929+0000][gc,phases   ] GC(1396)   Merge Heap Roots: 1.0ms
[2026-01-16T11:54:06.929+0000][gc,phases   ] GC(1396)   Evacuate Collection Set: 114.3ms
[2026-01-16T11:54:06.929+0000][gc,phases   ] GC(1396)   Post Evacuate Collection Set: 11.7ms
[2026-01-16T11:54:06.929+0000][gc,phases   ] GC(1396)   Other: 3.4ms
[2026-01-16T11:54:06.930+0000][gc,heap     ] GC(1396) Eden regions: 46->0(47)
[2026-01-16T11:54:06.930+0000][gc,heap     ] GC(1396) Survivor regions: 5->4(7)
[2026-01-16T11:54:06.930+0000][gc,heap     ] GC(1396) Old regions: 113->114
[2026-01-16T11:54:06.930+0000][gc,heap     ] GC(1396) Humongous regions: 38->38
[2026-01-16T11:54:06.931+0000][gc,metaspace] GC(1396) Metaspace: 13189K(13696K)->13189K(13696K) NonClass: 12079K(12288K)->12079K(12288K) Class: 1110K(1408K)->1110K(1408K)
[2026-01-16T11:54:06.931+0000][gc          ] GC(1396) Pause Young (Normal) (G1 Evacuation Pause) 201M->154M(1024M) 157.716ms
[2026-01-16T11:54:06.932+0000][gc,cpu      ] GC(1396) User=0.21s Sys=0.01s Real=0.16s
[2026-01-16T11:54:07.397+0000][gc,start    ] GC(1397) Pause Young (Normal) (G1 Evacuation Pause)
[2026-01-16T11:54:07.400+0000][gc,task     ] GC(1397) Using 8 workers of 8 for evacuation
[2026-01-16T11:54:07.434+0000][gc,phases   ] GC(1397)   Pre Evacuate Collection Set: 2.2ms
[2026-01-16T11:54:07.436+0000][gc,phases   ] GC(1397)   Merge Heap Roots: 0.6ms
[2026-01-16T11:54:07.438+0000][gc,phases   ] GC(1397)   Evacuate Collection Set: 28.7ms
[2026-01-16T11:54:07.438+0000][gc,phases   ] GC(1397)   Post Evacuate Collection Set: 0.9ms
[2026-01-16T11:54:07.438+0000][gc,phases   ] GC(1397)   Other: 1.9ms
[2026-01-16T11:54:07.439+0000][gc,heap     ] GC(1397) Eden regions: 47->0(83)
[2026-01-16T11:54:07.439+0000][gc,heap     ] GC(1397) Survivor regions: 4->4(7)
[2026-01-16T11:54:07.439+0000][gc,heap     ] GC(1397) Old regions: 114->114
[2026-01-16T11:54:07.440+0000][gc,heap     ] GC(1397) Humongous regions: 38->38
[2026-01-16T11:54:07.440+0000][gc,metaspace] GC(1397) Metaspace: 13189K(13696K)->13189K(13696K) NonClass: 12079K(12288K)->12079K(12288K) Class: 1110K(1408K)->1110K(1408K)
[2026-01-16T11:54:07.440+0000][gc          ] GC(1397) Pause Young (Normal) (G1 Evacuation Pause) 201M->155M(1024M) 43.619ms
[2026-01-16T11:54:07.441+0000][gc,cpu      ] GC(1397) User=0.03s Sys=0.00s Real=0.04s
[2026-01-16T11:54:17.877+0000][gc,start    ] GC(1398) Pause Young (Normal) (G1 Evacuation Pause)
[2026-01-16T11:54:17.879+0000][gc,task     ] GC(1398) Using 8 workers of 8 for evacuation
[2026-01-16T11:54:18.180+0000][gc,mmu      ] GC(1398) MMU target violated: 201.0ms (200.0ms/201.0ms)
[2026-01-16T11:54:18.181+0000][gc,phases   ] GC(1398)   Pre Evacuate Collection Set: 33.3ms
[2026-01-16T11:54:18.181+0000][gc,phases   ] GC(1398)   Merge Heap Roots: 4.8ms
[2026-01-16T11:54:18.181+0000][gc,phases   ] GC(1398)   Evacuate Collection Set: 244.6ms
[2026-01-16T11:54:18.182+0000][gc,phases   ] GC(1398)   Post Evacuate Collection Set: 5.4ms
[2026-01-16T11:54:18.182+0000][gc,phases   ] GC(1398)   Other: 13.9ms
[2026-01-16T11:54:18.182+0000][gc,heap     ] GC(1398) Eden regions: 111->0(61)
[2026-01-16T11:54:18.183+0000][gc,heap     ] GC(1398) Survivor regions: 4->4(15)
[2026-01-16T11:54:18.183+0000][gc,heap     ] GC(1398) Old regions: 114->114
[2026-01-16T11:54:18.183+0000][gc,heap     ] GC(1398) Humongous regions: 38->38
[2026-01-16T11:54:18.183+0000][gc,metaspace] GC(1398) Metaspace: 13189K(13696K)->13189K(13696K) NonClass: 12079K(12288K)->12079K(12288K) Class: 1110K(1408K)->1110K(1408K)
[2026-01-16T11:54:18.184+0000][gc          ] GC(1398) Pause Young (Normal) (G1 Evacuation Pause) 266M->155M(1024M) 306.868ms
[2026-01-16T11:54:18.184+0000][gc,cpu      ] GC(1398) User=0.19s Sys=0.01s Real=0.31s
[2026-01-16T11:54:28.105+0000][gc,start    ] GC(1399) Pause Young (Normal) (G1 Evacuation Pause)
[2026-01-16T11:54:28.107+0000][gc,task     ] GC(1399) Using 8 workers of 8 for evacuation
[2026-01-16T11:54:28.296+0000][gc,phases   ] GC(1399)   Pre Evacuate Collection Set: 16.1ms
[2026-01-16T11:54:28.297+0000][gc,phases   ] GC(1399)   Merge Heap Roots: 2.2ms
[2026-01-16T11:54:28.299+0000][gc,phases   ] GC(1399)   Evacuate Collection Set: 156.8ms
[2026-01-16T11:54:28.306+0000][gc,phases   ] GC(1399)   Post Evacuate Collection Set: 12.8ms
[2026-01-16T11:54:28.307+0000][gc,phases   ] GC(1399)   Other: 1.6ms
[2026-01-16T11:54:28.307+0000][gc,heap     ] GC(1399) Eden regions: 86->0(69)
[2026-01-16T11:54:28.307+0000][gc,heap     ] GC(1399) Survivor regions: 4->4(12)
[2026-01-16T11:54:28.309+0000][gc,heap     ] GC(1399) Old regions: 114->114
[2026-01-16T11:54:28.310+0000][gc,heap     ] GC(1399) Humongous regions: 38->38
[2026-01-16T11:54:28.310+0000][gc,metaspace] GC(1399) Metaspace: 13189K(13696K)->13189K(13696K) NonClass: 12079K(12288K)->12079K(12288K) Class: 1110K(1408K)->1110K(1408K)
[2026-01-16T11:54:28.312+0000][gc          ] GC(1399) Pause Young (Normal) (G1 Evacuation Pause) 241M->154M(1024M) 207.049ms
[2026-01-16T11:54:28.314+0000][gc,cpu      ] GC(1399) User=0.20s Sys=0.04s Real=0.21s
[2026-01-16T11:54:37.312+0000][gc,start    ] GC(1400) Pause Young (Normal) (G1 Evacuation Pause)
[2026-01-16T11:54:37.317+0000][gc,task     ] GC(1400) Using 8 workers of 8 for evacuation
[2026-01-16T11:54:37.596+0000][gc,mmu      ] GC(1400) MMU target violated: 201.0ms (200.0ms/201.0ms)
[2026-01-16T11:54:37.602+0000][gc,phases   ] GC(1400)   Pre Evacuate Collection Set: 62.8ms
[2026-01-16T11:54:37.604+0000][gc,phases   ] GC(1400)   Merge Heap Roots: 12.7ms
[2026-01-16T11:54:37.604+0000][gc,phases   ] GC(1400)   Evacuate Collection Set: 184.3ms
[2026-01-16T11:54:37.604+0000][gc,phases   ] GC(1400)   Post Evacuate Collection Set: 14.7ms
[2026-01-16T11:54:37.604+0000][gc,phases   ] GC(1400)   Other: 10.6ms
[2026-01-16T11:54:37.604+0000][gc,heap     ] GC(1400) Eden regions: 92->0(47)
[2026-01-16T11:54:37.606+0000][gc,heap     ] GC(1400) Survivor regions: 4->4(12)
[2026-01-16T11:54:37.607+0000][gc,heap     ] GC(1400) Old regions: 114->114
[2026-01-16T11:54:37.607+0000][gc,heap     ] GC(1400) Humongous regions: 38->38
[2026-01-16T11:54:37.607+0000][gc,metaspace] GC(1400) Metaspace: 13189K(13696K)->13189K(13696K) NonClass: 12079K(12288K)->12079K(12288K) Class: 1110K(1408K)->1110K(1408K)
[2026-01-16T11:54:37.608+0000][gc          ] GC(1400) Pause Young (Normal) (G1 Evacuation Pause) 246M->154M(1024M) 295.907ms
[2026-01-16T11:54:37.608+0000][gc,cpu      ] GC(1400) User=0.23s Sys=0.03s Real=0.30s
[2026-01-16T11:54:40.155+0000][gc,start    ] GC(1401) Pause Young (Normal) (G1 Evacuation Pause)
[2026-01-16T11:54:40.157+0000][gc,task     ] GC(1401) Using 8 workers of 8 for evacuation
[2026-01-16T11:54:40.371+0000][gc,mmu      ] GC(1401) MMU target violated: 201.0ms (200.0ms/201.0ms)
[2026-01-16T11:54:40.372+0000][gc,phases   ] GC(1401)   Pre Evacuate Collection Set: 29.5ms
[2026-01-16T11:54:40.373+0000][gc,phases   ] GC(1401)   Merge Heap Roots: 2.6ms
[2026-01-16T11:54:40.373+0000][gc,phases   ] GC(1401)   Evacuate Collection Set: 174.6ms
[2026-01-16T11:54:40.373+0000][gc,phases   ] GC(1401)   Post Evacuate Collection Set: 3.4ms
[2026-01-16T11:54:40.374+0000][gc,phases   ] GC(1401)   Other: 4.7ms
[2026-01-16T11:54:40.374+0000][gc,heap     ] GC(1401) Eden regions: 47->0(47)
[2026-01-16T11:54:40.374+0000][gc,heap     ] GC(1401) Survivor regions: 4->4(7)
[2026-01-16T11:54:40.375+0000][gc,heap     ] GC(1401) Old regions: 114->114
[2026-01-16T11:54:40.375+0000][gc,heap     ] GC(1401) Humongous regions: 38->38
[2026-01-16T11:54:40.375+0000][gc,metaspace] GC(1401) Metaspace: 13189K(13696K)->13189K(13696K) NonClass: 12079K(12288K)->12079K(12288K) Class: 1110K(1408K)->1110K(1408K)
[2026-01-16T11:54:40.375+0000][gc          ] GC(1401) Pause Young (Normal) (G1 Evacuation Pause) 201M->155M(1024M) 220.090ms
[2026-01-16T11:54:40.376+0000][gc,cpu      ] GC(1401) User=0.15s Sys=0.02s Real=0.22s
[2026-01-16T11:54:41.386+0000][gc,start    ] GC(1402) Pause Young (Normal) (G1 Evacuation Pause)
[2026-01-16T11:54:41.387+0000][gc,task     ] GC(1402) Using 8 workers of 8 for evacuation
[2026-01-16T11:54:41.534+0000][gc,phases   ] GC(1402)   Pre Evacuate Collection Set: 0.7ms
[2026-01-16T11:54:41.536+0000][gc,phases   ] GC(1402)   Merge Heap Roots: 0.2ms
[2026-01-16T11:54:41.539+0000][gc,phases   ] GC(1402)   Evacuate Collection Set: 136.2ms
[2026-01-16T11:54:41.539+0000][gc,phases   ] GC(1402)   Post Evacuate Collection Set: 6.7ms
[2026-01-16T11:54:41.539+0000][gc,phases   ] GC(1402)   Other: 2.8ms
[2026-01-16T11:54:41.540+0000][gc,heap     ] GC(1402) Eden regions: 59->0(59)
[2026-01-16T11:54:41.540+0000][gc,heap     ] GC(1402) Survivor regions: 4->4(8)
[2026-01-16T11:54:41.541+0000][gc,heap     ] GC(1402) Old regions: 114->114
[2026-01-16T11:54:41.541+0000][gc,heap     ] GC(1402) Humongous regions: 38->38
[2026-01-16T11:54:41.544+0000][gc,metaspace] GC(1402) Metaspace: 13189K(13696K)->13189K(13696K) NonClass: 12079K(12288K)->12079K(12288K) Class: 1110K(1408K)->1110K(1408K)
[2026-01-16T11:54:41.551+0000][gc          ] GC(1402) Pause Young (Normal) (G1 Evacuation Pause) 214M->155M(1024M) 165.745ms
[2026-01-16T11:54:41.553+0000][gc,cpu      ] GC(1402) User=0.13s Sys=0.02s Real=0.17s
[2026-01-16T11:54:48.288+0000][gc,start    ] GC(1403) Pause Young (Normal) (G1 Evacuation Pause)
[2026-01-16T11:54:48.289+0000][gc,task     ] GC(1403) Using 8 workers of 8 for evacuation
[2026-01-16T11:54:48.658+0000][gc,mmu      ] GC(1403) MMU target violated: 201.0ms (200.0ms/201.0ms)
[2026-01-16T11:54:48.659+0000][gc,phases   ] GC(1403)   Pre Evacuate Collection Set: 8.6ms
[2026-01-16T11:54:48.660+0000][gc,phases   ] GC(1403)   Merge Heap Roots: 2.5ms
[2026-01-16T11:54:48.662+0000][gc,phases   ] GC(1403)   Evacuate Collection Set: 323.9ms
[2026-01-16T11:54:48.664+0000][gc,phases   ] GC(1403)   Post Evacuate Collection Set: 32.8ms
[2026-01-16T11:54:48.665+0000][gc,phases   ] GC(1403)   Other: 2.4ms
[2026-01-16T11:54:48.665+0000][gc,heap     ] GC(1403) Eden regions: 47->0(48)
[2026-01-16T11:54:48.665+0000][gc,heap     ] GC(1403) Survivor regions: 4->3(7)
[2026-01-16T11:54:48.666+0000][gc,heap     ] GC(1403) Old regions: 114->116
[2026-01-16T11:54:48.667+0000][gc,heap     ] GC(1403) Humongous regions: 38->38
[2026-01-16T11:54:48.667+0000][gc,metaspace] GC(1403) Metaspace: 13189K(13696K)->13189K(13696K) NonClass: 12079K(12288K)->12079K(12288K) Class: 1110K(1408K)->1110K(1408K)
[2026-01-16T11:54:48.667+0000][gc          ] GC(1403) Pause Young (Normal) (G1 Evacuation Pause) 202M->155M(1024M) 378.544ms
[2026-01-16T11:54:48.671+0000][gc,cpu      ] GC(1403) User=0.19s Sys=0.01s Real=0.39s
[2026-01-16T11:54:49.424+0000][gc,start    ] GC(1404) Pause Young (Normal) (G1 Evacuation Pause)
[2026-01-16T11:54:49.425+0000][gc,task     ] GC(1404) Using 8 workers of 8 for evacuation
[2026-01-16T11:54:49.512+0000][gc,phases   ] GC(1404)   Pre Evacuate Collection Set: 10.1ms
[2026-01-16T11:54:49.513+0000][gc,phases   ] GC(1404)   Merge Heap Roots: 0.2ms
[2026-01-16T11:54:49.513+0000][gc,phases   ] GC(1404)   Evacuate Collection Set: 67.2ms
[2026-01-16T11:54:49.513+0000][gc,phases   ] GC(1404)   Post Evacuate Collection Set: 9.3ms
[2026-01-16T11:54:49.513+0000][gc,phases   ] GC(1404)   Other: 0.6ms
[2026-01-16T11:54:49.513+0000][gc,heap     ] GC(1404) Eden regions: 48->0(53)
[2026-01-16T11:54:49.514+0000][gc,heap     ] GC(1404) Survivor regions: 3->3(7)
[2026-01-16T11:54:49.514+0000][gc,heap     ] GC(1404) Old regions: 116->116
[2026-01-16T11:54:49.514+0000][gc,heap     ] GC(1404) Humongous regions: 38->38
[2026-01-16T11:54:49.514+0000][gc,metaspace] GC(1404) Metaspace: 13189K(13696K)->13189K(13696K) NonClass: 12079K(12288K)->12079K(12288K) Class: 1110K(1408K)->1110K(1408K)
[2026-01-16T11:54:49.520+0000][gc          ] GC(1404) Pause Young (Normal) (G1 Evacuation Pause) 203M->156M(1024M) 96.271ms
[2026-01-16T11:54:49.522+0000][gc,cpu      ] GC(1404) User=0.06s Sys=0.00s Real=0.10s
[2026-01-16T11:54:57.578+0000][gc,start    ] GC(1405) Pause Young (Normal) (G1 Evacuation Pause)
[2026-01-16T11:54:57.581+0000][gc,task     ] GC(1405) Using 8 workers of 8 for evacuation
[2026-01-16T11:54:57.813+0000][gc,mmu      ] GC(1405) MMU target violated: 201.0ms (200.0ms/201.0ms)
[2026-01-16T11:54:57.816+0000][gc,phases   ] GC(1405)   Pre Evacuate Collection Set: 15.6ms
[2026-01-16T11:54:57.817+0000][gc,phases   ] GC(1405)   Merge Heap Roots: 0.4ms
[2026-01-16T11:54:57.817+0000][gc,phases   ] GC(1405)   Evacuate Collection Set: 148.5ms
[2026-01-16T11:54:57.817+0000][gc,phases   ] GC(1405)   Post Evacuate Collection Set: 67.6ms
[2026-01-16T11:54:57.817+0000][gc,phases   ] GC(1405)   Other: 2.8ms
[2026-01-16T11:54:57.818+0000][gc,heap     ] GC(1405) Eden regions: 54->0(48)
[2026-01-16T11:54:57.818+0000][gc,heap     ] GC(1405) Survivor regions: 3->3(8)
[2026-01-16T11:54:57.818+0000][gc,heap     ] GC(1405) Old regions: 116->116
[2026-01-16T11:54:57.818+0000][gc,heap     ] GC(1405) Humongous regions: 38->38
[2026-01-16T11:54:57.819+0000][gc,metaspace] GC(1405) Metaspace: 13189K(13696K)->13189K(13696K) NonClass: 12079K(12288K)->12079K(12288K) Class: 1110K(1408K)->1110K(1408K)
[2026-01-16T11:54:57.819+0000][gc          ] GC(1405) Pause Young (Normal) (G1 Evacuation Pause) 210M->155M(1024M) 240.953ms
[2026-01-16T11:54:57.821+0000][gc,cpu      ] GC(1405) User=0.17s Sys=0.03s Real=0.25s
[2026-01-16T11:54:58.981+0000][gc,start    ] GC(1406) Pause Young (Normal) (G1 Evacuation Pause)
[2026-01-16T11:54:58.981+0000][gc,task     ] GC(1406) Using 8 workers of 8 for evacuation
[2026-01-16T11:54:59.037+0000][gc,phases   ] GC(1406)   Pre Evacuate Collection Set: 4.3ms
[2026-01-16T11:54:59.039+0000][gc,phases   ] GC(1406)   Merge Heap Roots: 3.8ms
[2026-01-16T11:54:59.040+0000][gc,phases   ] GC(1406)   Evacuate Collection Set: 41.6ms
[2026-01-16T11:54:59.040+0000][gc,phases   ] GC(1406)   Post Evacuate Collection Set: 5.0ms
[2026-01-16T11:54:59.041+0000][gc,phases   ] GC(1406)   Other: 0.8ms
[2026-01-16T11:54:59.041+0000][gc,heap     ] GC(1406) Eden regions: 49->0(102)
[2026-01-16T11:54:59.041+0000][gc,heap     ] GC(1406) Survivor regions: 3->3(7)
[2026-01-16T11:54:59.041+0000][gc,heap     ] GC(1406) Old regions: 116->116
[2026-01-16T11:54:59.042+0000][gc,heap     ] GC(1406) Humongous regions: 38->38
[2026-01-16T11:54:59.045+0000][gc,metaspace] GC(1406) Metaspace: 13189K(13696K)->13189K(13696K) NonClass: 12079K(12288K)->12079K(12288K) Class: 1110K(1408K)->1110K(1408K)
[2026-01-16T11:54:59.045+0000][gc          ] GC(1406) Pause Young (Normal) (G1 Evacuation Pause) 204M->155M(1024M) 64.693ms
[2026-01-16T11:54:59.046+0000][gc,cpu      ] GC(1406) User=0.06s Sys=0.00s Real=0.06s
[2026-01-16T11:55:08.374+0000][gc,start    ] GC(1407) Pause Young (Normal) (G1 Evacuation Pause)
[2026-01-16T11:55:08.378+0000][gc,task     ] GC(1407) Using 8 workers of 8 for evacuation
[2026-01-16T11:55:08.519+0000][gc,phases   ] GC(1407)   Pre Evacuate Collection Set: 57.1ms
[2026-01-16T11:55:08.520+0000][gc,phases   ] GC(1407)   Merge Heap Roots: 0.9ms
[2026-01-16T11:55:08.520+0000][gc,phases   ] GC(1407)   Evacuate Collection Set: 66.1ms
[2026-01-16T11:55:08.520+0000][gc,phases   ] GC(1407)   Post Evacuate Collection Set: 12.5ms
[2026-01-16T11:55:08.520+0000][gc,phases   ] GC(1407)   Other: 5.3ms
[2026-01-16T11:55:08.520+0000][gc,heap     ] GC(1407) Eden regions: 93->0(137)
[2026-01-16T11:55:08.521+0000][gc,heap     ] GC(1407) Survivor regions: 3->3(12)
[2026-01-16T11:55:08.521+0000][gc,heap     ] GC(1407) Old regions: 116->116
[2026-01-16T11:55:08.521+0000][gc,heap     ] GC(1407) Humongous regions: 38->38
[2026-01-16T11:55:08.521+0000][gc,metaspace] GC(1407) Metaspace: 13189K(13696K)->13189K(13696K) NonClass: 12079K(12288K)->12079K(12288K) Class: 1110K(1408K)->1110K(1408K)
[2026-01-16T11:55:08.521+0000][gc          ] GC(1407) Pause Young (Normal) (G1 Evacuation Pause) 248M->155M(1024M) 146.971ms
[2026-01-16T11:55:08.521+0000][gc,cpu      ] GC(1407) User=0.20s Sys=0.02s Real=0.15s
[2026-01-16T11:55:22.933+0000][gc,start    ] GC(1408) Pause Young (Normal) (G1 Evacuation Pause)
[2026-01-16T11:55:22.937+0000][gc,task     ] GC(1408) Using 8 workers of 8 for evacuation
[2026-01-16T11:55:23.346+0000][gc,mmu      ] GC(1408) MMU target violated: 201.0ms (200.0ms/201.0ms)
[2026-01-16T11:55:23.347+0000][gc,phases   ] GC(1408)   Pre Evacuate Collection Set: 38.4ms
[2026-01-16T11:55:23.348+0000][gc,phases   ] GC(1408)   Merge Heap Roots: 7.6ms
[2026-01-16T11:55:23.348+0000][gc,phases   ] GC(1408)   Evacuate Collection Set: 339.2ms
[2026-01-16T11:55:23.348+0000][gc,phases   ] GC(1408)   Post Evacuate Collection Set: 20.6ms
[2026-01-16T11:55:23.349+0000][gc,phases   ] GC(1408)   Other: 4.6ms
[2026-01-16T11:55:23.350+0000][gc,heap     ] GC(1408) Eden regions: 153->0(47)
[2026-01-16T11:55:23.350+0000][gc,heap     ] GC(1408) Survivor regions: 3->4(20)
[2026-01-16T11:55:23.350+0000][gc,heap     ] GC(1408) Old regions: 116->116
[2026-01-16T11:55:23.351+0000][gc,heap     ] GC(1408) Humongous regions: 38->38
[2026-01-16T11:55:23.352+0000][gc,metaspace] GC(1408) Metaspace: 13189K(13696K)->13189K(13696K) NonClass: 12079K(12288K)->12079K(12288K) Class: 1110K(1408K)->1110K(1408K)
[2026-01-16T11:55:23.352+0000][gc          ] GC(1408) Pause Young (Normal) (G1 Evacuation Pause) 308M->156M(1024M) 419.761ms
[2026-01-16T11:55:23.353+0000][gc,cpu      ] GC(1408) User=0.28s Sys=0.03s Real=0.42s
[2026-01-16T11:55:28.811+0000][gc,start    ] GC(1409) Pause Young (Normal) (G1 Evacuation Pause)
[2026-01-16T11:55:28.824+0000][gc,task     ] GC(1409) Using 8 workers of 8 for evacuation
[2026-01-16T11:55:29.097+0000][gc,mmu      ] GC(1409) MMU target violated: 201.0ms (200.0ms/201.0ms)
[2026-01-16T11:55:29.099+0000][gc,phases   ] GC(1409)   Pre Evacuate Collection Set: 53.0ms
[2026-01-16T11:55:29.100+0000][gc,phases   ] GC(1409)   Merge Heap Roots: 35.2ms
[2026-01-16T11:55:29.100+0000][gc,phases   ] GC(1409)   Evacuate Collection Set: 167.9ms
[2026-01-16T11:55:29.101+0000][gc,phases   ] GC(1409)   Post Evacuate Collection Set: 14.5ms
[2026-01-16T11:55:29.101+0000][gc,phases   ] GC(1409)   Other: 10.7ms
[2026-01-16T11:55:29.101+0000][gc,heap     ] GC(1409) Eden regions: 47->0(48)
[2026-01-16T11:55:29.101+0000][gc,heap     ] GC(1409) Survivor regions: 4->3(7)
[2026-01-16T11:55:29.102+0000][gc,heap     ] GC(1409) Old regions: 116->116
[2026-01-16T11:55:29.102+0000][gc,heap     ] GC(1409) Humongous regions: 38->38
[2026-01-16T11:55:29.102+0000][gc,metaspace] GC(1409) Metaspace: 13189K(13696K)->13189K(13696K) NonClass: 12079K(12288K)->12079K(12288K) Class: 1110K(1408K)->1110K(1408K)
[2026-01-16T11:55:29.103+0000][gc          ] GC(1409) Pause Young (Normal) (G1 Evacuation Pause) 203M->156M(1024M) 292.511ms
[2026-01-16T11:55:29.103+0000][gc,cpu      ] GC(1409) User=0.18s Sys=0.01s Real=0.29s
[2026-01-16T11:55:32.545+0000][gc,start    ] GC(1410) Pause Young (Normal) (G1 Evacuation Pause)
[2026-01-16T11:55:32.558+0000][gc,task     ] GC(1410) Using 8 workers of 8 for evacuation
[2026-01-16T11:55:33.373+0000][gc,mmu      ] GC(1410) MMU target violated: 201.0ms (200.0ms/201.0ms)
[2026-01-16T11:55:33.373+0000][gc,phases   ] GC(1410)   Pre Evacuate Collection Set: 110.2ms
[2026-01-16T11:55:33.373+0000][gc,phases   ] GC(1410)   Merge Heap Roots: 8.4ms
[2026-01-16T11:55:33.373+0000][gc,phases   ] GC(1410)   Evacuate Collection Set: 638.3ms
[2026-01-16T11:55:33.374+0000][gc,phases   ] GC(1410)   Post Evacuate Collection Set: 43.2ms
[2026-01-16T11:55:33.374+0000][gc,phases   ] GC(1410)   Other: 23.5ms
[2026-01-16T11:55:33.374+0000][gc,heap     ] GC(1410) Eden regions: 48->0(48)
[2026-01-16T11:55:33.374+0000][gc,heap     ] GC(1410) Survivor regions: 3->3(7)
[2026-01-16T11:55:33.374+0000][gc,heap     ] GC(1410) Old regions: 116->116
[2026-01-16T11:55:33.375+0000][gc,heap     ] GC(1410) Humongous regions: 38->38
[2026-01-16T11:55:33.375+0000][gc,metaspace] GC(1410) Metaspace: 13189K(13696K)->13189K(13696K) NonClass: 12079K(12288K)->12079K(12288K) Class: 1110K(1408K)->1110K(1408K)
[2026-01-16T11:55:33.380+0000][gc          ] GC(1410) Pause Young (Normal) (G1 Evacuation Pause) 204M->156M(1024M) 835.006ms
[2026-01-16T11:55:33.383+0000][gc,cpu      ] GC(1410) User=0.41s Sys=0.03s Real=0.84s
[2026-01-16T11:55:34.628+0000][gc,start    ] GC(1411) Pause Young (Normal) (G1 Evacuation Pause)
[2026-01-16T11:55:34.632+0000][gc,task     ] GC(1411) Using 8 workers of 8 for evacuation
[2026-01-16T11:55:34.764+0000][gc,phases   ] GC(1411)   Pre Evacuate Collection Set: 1.3ms
[2026-01-16T11:55:34.766+0000][gc,phases   ] GC(1411)   Merge Heap Roots: 0.3ms
[2026-01-16T11:55:34.766+0000][gc,phases   ] GC(1411)   Evacuate Collection Set: 108.1ms
[2026-01-16T11:55:34.774+0000][gc,phases   ] GC(1411)   Post Evacuate Collection Set: 16.0ms
[2026-01-16T11:55:34.774+0000][gc,phases   ] GC(1411)   Other: 6.0ms
[2026-01-16T11:55:34.774+0000][gc,heap     ] GC(1411) Eden regions: 48->0(47)
[2026-01-16T11:55:34.774+0000][gc,heap     ] GC(1411) Survivor regions: 3->4(7)
[2026-01-16T11:55:34.776+0000][gc,heap     ] GC(1411) Old regions: 116->116
[2026-01-16T11:55:34.779+0000][gc,heap     ] GC(1411) Humongous regions: 38->38
[2026-01-16T11:55:34.779+0000][gc,metaspace] GC(1411) Metaspace: 13189K(13696K)->13189K(13696K) NonClass: 12079K(12288K)->12079K(12288K) Class: 1110K(1408K)->1110K(1408K)
[2026-01-16T11:55:34.782+0000][gc          ] GC(1411) Pause Young (Normal) (G1 Evacuation Pause) 204M->157M(1024M) 153.282ms
[2026-01-16T11:55:34.782+0000][gc,cpu      ] GC(1411) User=0.08s Sys=0.00s Real=0.15s
[2026-01-16T11:55:38.515+0000][gc,start    ] GC(1412) Pause Young (Normal) (G1 Evacuation Pause)
[2026-01-16T11:55:38.523+0000][gc,task     ] GC(1412) Using 8 workers of 8 for evacuation
[2026-01-16T11:55:38.745+0000][gc,mmu      ] GC(1412) MMU target violated: 201.0ms (200.0ms/201.0ms)
[2026-01-16T11:55:38.745+0000][gc,phases   ] GC(1412)   Pre Evacuate Collection Set: 40.3ms
[2026-01-16T11:55:38.745+0000][gc,phases   ] GC(1412)   Merge Heap Roots: 11.0ms
[2026-01-16T11:55:38.745+0000][gc,phases   ] GC(1412)   Evacuate Collection Set: 152.5ms
[2026-01-16T11:55:38.745+0000][gc,phases   ] GC(1412)   Post Evacuate Collection Set: 17.1ms
[2026-01-16T11:55:38.746+0000][gc,phases   ] GC(1412)   Other: 7.3ms
[2026-01-16T11:55:38.746+0000][gc,heap     ] GC(1412) Eden regions: 47->0(48)
[2026-01-16T11:55:38.746+0000][gc,heap     ] GC(1412) Survivor regions: 4->3(7)
[2026-01-16T11:55:38.746+0000][gc,heap     ] GC(1412) Old regions: 116->116
[2026-01-16T11:55:38.746+0000][gc,heap     ] GC(1412) Humongous regions: 38->38
[2026-01-16T11:55:38.747+0000][gc,metaspace] GC(1412) Metaspace: 13189K(13696K)->13189K(13696K) NonClass: 12079K(12288K)->12079K(12288K) Class: 1110K(1408K)->1110K(1408K)
[2026-01-16T11:55:38.747+0000][gc          ] GC(1412) Pause Young (Normal) (G1 Evacuation Pause) 204M->156M(1024M) 231.850ms
[2026-01-16T11:55:38.747+0000][gc,cpu      ] GC(1412) User=0.16s Sys=0.03s Real=0.24s
[2026-01-16T11:55:41.297+0000][gc,start    ] GC(1413) Pause Young (Normal) (G1 Evacuation Pause)
[2026-01-16T11:55:41.318+0000][gc,task     ] GC(1413) Using 8 workers of 8 for evacuation
[2026-01-16T11:55:41.746+0000][gc,mmu      ] GC(1413) MMU target violated: 201.0ms (200.0ms/201.0ms)
[2026-01-16T11:55:41.749+0000][gc,phases   ] GC(1413)   Pre Evacuate Collection Set: 37.6ms
[2026-01-16T11:55:41.751+0000][gc,phases   ] GC(1413)   Merge Heap Roots: 1.1ms
[2026-01-16T11:55:41.754+0000][gc,phases   ] GC(1413)   Evacuate Collection Set: 285.0ms
[2026-01-16T11:55:41.754+0000][gc,phases   ] GC(1413)   Post Evacuate Collection Set: 102.3ms
[2026-01-16T11:55:41.757+0000][gc,phases   ] GC(1413)   Other: 5.8ms
[2026-01-16T11:55:41.757+0000][gc,heap     ] GC(1413) Eden regions: 48->0(48)
[2026-01-16T11:55:41.760+0000][gc,heap     ] GC(1413) Survivor regions: 3->3(7)
[2026-01-16T11:55:41.763+0000][gc,heap     ] GC(1413) Old regions: 116->117
[2026-01-16T11:55:41.763+0000][gc,heap     ] GC(1413) Humongous regions: 38->38
[2026-01-16T11:55:41.765+0000][gc,metaspace] GC(1413) Metaspace: 13189K(13696K)->13189K(13696K) NonClass: 12079K(12288K)->12079K(12288K) Class: 1110K(1408K)->1110K(1408K)
[2026-01-16T11:55:41.768+0000][gc          ] GC(1413) Pause Young (Normal) (G1 Evacuation Pause) 204M->157M(1024M) 471.307ms
[2026-01-16T11:55:41.768+0000][gc,cpu      ] GC(1413) User=0.26s Sys=0.02s Real=0.48s
[2026-01-16T11:55:47.523+0000][gc,start    ] GC(1414) Pause Young (Normal) (G1 Evacuation Pause)
[2026-01-16T11:55:47.530+0000][gc,task     ] GC(1414) Using 8 workers of 8 for evacuation
[2026-01-16T11:55:47.784+0000][gc,mmu      ] GC(1414) MMU target violated: 201.0ms (200.0ms/201.0ms)
[2026-01-16T11:55:47.784+0000][gc,phases   ] GC(1414)   Pre Evacuate Collection Set: 40.9ms
[2026-01-16T11:55:47.785+0000][gc,phases   ] GC(1414)   Merge Heap Roots: 7.7ms
[2026-01-16T11:55:47.785+0000][gc,phases   ] GC(1414)   Evacuate Collection Set: 164.4ms
[2026-01-16T11:55:47.785+0000][gc,phases   ] GC(1414)   Post Evacuate Collection Set: 36.9ms
[2026-01-16T11:55:47.785+0000][gc,phases   ] GC(1414)   Other: 4.6ms
[2026-01-16T11:55:47.786+0000][gc,heap     ] GC(1414) Eden regions: 48->0(49)
[2026-01-16T11:55:47.786+0000][gc,heap     ] GC(1414) Survivor regions: 3->2(7)
[2026-01-16T11:55:47.787+0000][gc,heap     ] GC(1414) Old regions: 117->117
[2026-01-16T11:55:47.787+0000][gc,heap     ] GC(1414) Humongous regions: 38->38
[2026-01-16T11:55:47.787+0000][gc,metaspace] GC(1414) Metaspace: 13189K(13696K)->13189K(13696K) NonClass: 12079K(12288K)->12079K(12288K) Class: 1110K(1408K)->1110K(1408K)
[2026-01-16T11:55:47.789+0000][gc          ] GC(1414) Pause Young (Normal) (G1 Evacuation Pause) 205M->156M(1024M) 266.153ms
[2026-01-16T11:55:47.791+0000][gc,cpu      ] GC(1414) User=0.19s Sys=0.01s Real=0.26s
[2026-01-16T11:55:51.002+0000][gc,start    ] GC(1415) Pause Young (Normal) (G1 Evacuation Pause)
[2026-01-16T11:55:51.008+0000][gc,task     ] GC(1415) Using 8 workers of 8 for evacuation
[2026-01-16T11:55:51.111+0000][gc,phases   ] GC(1415)   Pre Evacuate Collection Set: 13.5ms
[2026-01-16T11:55:51.114+0000][gc,phases   ] GC(1415)   Merge Heap Roots: 2.2ms
[2026-01-16T11:55:51.114+0000][gc,phases   ] GC(1415)   Evacuate Collection Set: 75.2ms
[2026-01-16T11:55:51.114+0000][gc,phases   ] GC(1415)   Post Evacuate Collection Set: 12.1ms
[2026-01-16T11:55:51.115+0000][gc,phases   ] GC(1415)   Other: 4.9ms
[2026-01-16T11:55:51.115+0000][gc,heap     ] GC(1415) Eden regions: 49->0(48)
[2026-01-16T11:55:51.115+0000][gc,heap     ] GC(1415) Survivor regions: 2->3(7)
[2026-01-16T11:55:51.116+0000][gc,heap     ] GC(1415) Old regions: 117->117
[2026-01-16T11:55:51.116+0000][gc,heap     ] GC(1415) Humongous regions: 38->38
[2026-01-16T11:55:51.116+0000][gc,metaspace] GC(1415) Metaspace: 13189K(13696K)->13189K(13696K) NonClass: 12079K(12288K)->12079K(12288K) Class: 1110K(1408K)->1110K(1408K)
[2026-01-16T11:55:51.117+0000][gc          ] GC(1415) Pause Young (Normal) (G1 Evacuation Pause) 205M->157M(1024M) 114.386ms
[2026-01-16T11:55:51.117+0000][gc,cpu      ] GC(1415) User=0.14s Sys=0.00s Real=0.12s
[2026-01-16T11:55:56.157+0000][gc,start    ] GC(1416) Pause Young (Normal) (G1 Evacuation Pause)
[2026-01-16T11:55:56.163+0000][gc,task     ] GC(1416) Using 8 workers of 8 for evacuation
[2026-01-16T11:55:56.648+0000][gc,mmu      ] GC(1416) MMU target violated: 201.0ms (200.0ms/201.0ms)
[2026-01-16T11:55:56.649+0000][gc,phases   ] GC(1416)   Pre Evacuate Collection Set: 104.0ms
[2026-01-16T11:55:56.649+0000][gc,phases   ] GC(1416)   Merge Heap Roots: 38.2ms
[2026-01-16T11:55:56.650+0000][gc,phases   ] GC(1416)   Evacuate Collection Set: 308.0ms
[2026-01-16T11:55:56.653+0000][gc,phases   ] GC(1416)   Post Evacuate Collection Set: 27.3ms
[2026-01-16T11:55:56.655+0000][gc,phases   ] GC(1416)   Other: 9.1ms
[2026-01-16T11:55:56.658+0000][gc,heap     ] GC(1416) Eden regions: 48->0(49)
[2026-01-16T11:55:56.659+0000][gc,heap     ] GC(1416) Survivor regions: 3->2(7)
[2026-01-16T11:55:56.664+0000][gc,heap     ] GC(1416) Old regions: 117->117
[2026-01-16T11:55:56.666+0000][gc,heap     ] GC(1416) Humongous regions: 38->38
[2026-01-16T11:55:56.670+0000][gc,metaspace] GC(1416) Metaspace: 13189K(13696K)->13189K(13696K) NonClass: 12079K(12288K)->12079K(12288K) Class: 1110K(1408K)->1110K(1408K)
[2026-01-16T11:55:56.673+0000][gc          ] GC(1416) Pause Young (Normal) (G1 Evacuation Pause) 205M->156M(1024M) 516.119ms
[2026-01-16T11:55:56.675+0000][gc,cpu      ] GC(1416) User=0.19s Sys=0.03s Real=0.52s
[2026-01-16T11:55:58.639+0000][gc,start    ] GC(1417) Pause Young (Normal) (G1 Evacuation Pause)
[2026-01-16T11:55:58.639+0000][gc,task     ] GC(1417) Using 8 workers of 8 for evacuation
[2026-01-16T11:55:58.903+0000][gc,mmu      ] GC(1417) MMU target violated: 201.0ms (200.0ms/201.0ms)
[2026-01-16T11:55:58.903+0000][gc,phases   ] GC(1417)   Pre Evacuate Collection Set: 39.1ms
[2026-01-16T11:55:58.903+0000][gc,phases   ] GC(1417)   Merge Heap Roots: 3.8ms
[2026-01-16T11:55:58.903+0000][gc,phases   ] GC(1417)   Evacuate Collection Set: 192.6ms
[2026-01-16T11:55:58.903+0000][gc,phases   ] GC(1417)   Post Evacuate Collection Set: 27.1ms
[2026-01-16T11:55:58.903+0000][gc,phases   ] GC(1417)   Other: 1.1ms
[2026-01-16T11:55:58.904+0000][gc,heap     ] GC(1417) Eden regions: 49->0(48)
[2026-01-16T11:55:58.904+0000][gc,heap     ] GC(1417) Survivor regions: 2->3(7)
[2026-01-16T11:55:58.904+0000][gc,heap     ] GC(1417) Old regions: 117->117
[2026-01-16T11:55:58.904+0000][gc,heap     ] GC(1417) Humongous regions: 38->38
[2026-01-16T11:55:58.904+0000][gc,metaspace] GC(1417) Metaspace: 13189K(13696K)->13189K(13696K) NonClass: 12079K(12288K)->12079K(12288K) Class: 1110K(1408K)->1110K(1408K)
[2026-01-16T11:55:58.907+0000][gc          ] GC(1417) Pause Young (Normal) (G1 Evacuation Pause) 205M->156M(1024M) 267.943ms
[2026-01-16T11:55:58.907+0000][gc,cpu      ] GC(1417) User=0.12s Sys=0.01s Real=0.27s
[2026-01-16T11:56:00.724+0000][gc,start    ] GC(1418) Pause Young (Normal) (G1 Evacuation Pause)
[2026-01-16T11:56:00.737+0000][gc,task     ] GC(1418) Using 8 workers of 8 for evacuation
[2026-01-16T11:56:01.253+0000][gc,mmu      ] GC(1418) MMU target violated: 201.0ms (200.0ms/201.0ms)
[2026-01-16T11:56:01.258+0000][gc,phases   ] GC(1418)   Pre Evacuate Collection Set: 37.7ms
[2026-01-16T11:56:01.259+0000][gc,phases   ] GC(1418)   Merge Heap Roots: 8.6ms
[2026-01-16T11:56:01.260+0000][gc,phases   ] GC(1418)   Evacuate Collection Set: 391.9ms
[2026-01-16T11:56:01.260+0000][gc,phases   ] GC(1418)   Post Evacuate Collection Set: 67.5ms
[2026-01-16T11:56:01.262+0000][gc,phases   ] GC(1418)   Other: 24.1ms
[2026-01-16T11:56:01.263+0000][gc,heap     ] GC(1418) Eden regions: 48->0(48)
[2026-01-16T11:56:01.266+0000][gc,heap     ] GC(1418) Survivor regions: 3->3(7)
[2026-01-16T11:56:01.268+0000][gc,heap     ] GC(1418) Old regions: 117->117
[2026-01-16T11:56:01.271+0000][gc,heap     ] GC(1418) Humongous regions: 38->38
[2026-01-16T11:56:01.272+0000][gc,metaspace] GC(1418) Metaspace: 13189K(13696K)->13189K(13696K) NonClass: 12079K(12288K)->12079K(12288K) Class: 1110K(1408K)->1110K(1408K)
[2026-01-16T11:56:01.274+0000][gc          ] GC(1418) Pause Young (Normal) (G1 Evacuation Pause) 204M->157M(1024M) 551.059ms
[2026-01-16T11:56:01.276+0000][gc,cpu      ] GC(1418) User=0.32s Sys=0.05s Real=0.55s
[2026-01-16T11:56:07.332+0000][gc,start    ] GC(1419) Pause Young (Normal) (G1 Evacuation Pause)
[2026-01-16T11:56:07.334+0000][gc,task     ] GC(1419) Using 8 workers of 8 for evacuation
[2026-01-16T11:56:07.494+0000][gc,phases   ] GC(1419)   Pre Evacuate Collection Set: 13.8ms
[2026-01-16T11:56:07.499+0000][gc,phases   ] GC(1419)   Merge Heap Roots: 10.1ms
[2026-01-16T11:56:07.501+0000][gc,phases   ] GC(1419)   Evacuate Collection Set: 107.6ms
[2026-01-16T11:56:07.503+0000][gc,phases   ] GC(1419)   Post Evacuate Collection Set: 28.4ms
[2026-01-16T11:56:07.504+0000][gc,phases   ] GC(1419)   Other: 1.0ms
[2026-01-16T11:56:07.504+0000][gc,heap     ] GC(1419) Eden regions: 48->0(48)
[2026-01-16T11:56:07.504+0000][gc,heap     ] GC(1419) Survivor regions: 3->3(7)
[2026-01-16T11:56:07.505+0000][gc,heap     ] GC(1419) Old regions: 117->117
[2026-01-16T11:56:07.505+0000][gc,heap     ] GC(1419) Humongous regions: 38->38
[2026-01-16T11:56:07.506+0000][gc,metaspace] GC(1419) Metaspace: 13189K(13696K)->13189K(13696K) NonClass: 12079K(12288K)->12079K(12288K) Class: 1110K(1408K)->1110K(1408K)
[2026-01-16T11:56:07.506+0000][gc          ] GC(1419) Pause Young (Normal) (G1 Evacuation Pause) 205M->156M(1024M) 174.005ms
[2026-01-16T11:56:07.507+0000][gc,cpu      ] GC(1419) User=0.14s Sys=0.00s Real=0.18s
[2026-01-16T11:56:08.537+0000][gc,start    ] GC(1420) Pause Young (Normal) (G1 Evacuation Pause)
[2026-01-16T11:56:08.538+0000][gc,task     ] GC(1420) Using 8 workers of 8 for evacuation
[2026-01-16T11:56:08.637+0000][gc,phases   ] GC(1420)   Pre Evacuate Collection Set: 15.4ms
[2026-01-16T11:56:08.646+0000][gc,phases   ] GC(1420)   Merge Heap Roots: 2.4ms
[2026-01-16T11:56:08.647+0000][gc,phases   ] GC(1420)   Evacuate Collection Set: 72.5ms
[2026-01-16T11:56:08.650+0000][gc,phases   ] GC(1420)   Post Evacuate Collection Set: 8.4ms
[2026-01-16T11:56:08.650+0000][gc,phases   ] GC(1420)   Other: 0.7ms
[2026-01-16T11:56:08.650+0000][gc,heap     ] GC(1420) Eden regions: 48->0(48)
[2026-01-16T11:56:08.652+0000][gc,heap     ] GC(1420) Survivor regions: 3->3(7)
[2026-01-16T11:56:08.654+0000][gc,heap     ] GC(1420) Old regions: 117->117
[2026-01-16T11:56:08.654+0000][gc,heap     ] GC(1420) Humongous regions: 38->38
[2026-01-16T11:56:08.654+0000][gc,metaspace] GC(1420) Metaspace: 13189K(13696K)->13189K(13696K) NonClass: 12079K(12288K)->12079K(12288K) Class: 1110K(1408K)->1110K(1408K)
[2026-01-16T11:56:08.655+0000][gc          ] GC(1420) Pause Young (Normal) (G1 Evacuation Pause) 204M->157M(1024M) 117.486ms
[2026-01-16T11:56:08.655+0000][gc,cpu      ] GC(1420) User=0.06s Sys=0.01s Real=0.12s
[2026-01-16T11:56:16.203+0000][gc,start    ] GC(1421) Pause Young (Normal) (G1 Evacuation Pause)
[2026-01-16T11:56:16.203+0000][gc,task     ] GC(1421) Using 8 workers of 8 for evacuation
[2026-01-16T11:56:16.257+0000][gc,phases   ] GC(1421)   Pre Evacuate Collection Set: 7.5ms
[2026-01-16T11:56:16.257+0000][gc,phases   ] GC(1421)   Merge Heap Roots: 3.1ms
[2026-01-16T11:56:16.257+0000][gc,phases   ] GC(1421)   Evacuate Collection Set: 30.5ms
[2026-01-16T11:56:16.257+0000][gc,phases   ] GC(1421)   Post Evacuate Collection Set: 11.6ms
[2026-01-16T11:56:16.258+0000][gc,phases   ] GC(1421)   Other: 0.4ms
[2026-01-16T11:56:16.258+0000][gc,heap     ] GC(1421) Eden regions: 48->0(56)
[2026-01-16T11:56:16.258+0000][gc,heap     ] GC(1421) Survivor regions: 3->2(7)
[2026-01-16T11:56:16.258+0000][gc,heap     ] GC(1421) Old regions: 117->118
[2026-01-16T11:56:16.258+0000][gc,heap     ] GC(1421) Humongous regions: 38->38
[2026-01-16T11:56:16.258+0000][gc,metaspace] GC(1421) Metaspace: 13189K(13696K)->13189K(13696K) NonClass: 12079K(12288K)->12079K(12288K) Class: 1110K(1408K)->1110K(1408K)
[2026-01-16T11:56:16.258+0000][gc          ] GC(1421) Pause Young (Normal) (G1 Evacuation Pause) 205M->156M(1024M) 55.294ms
[2026-01-16T11:56:16.258+0000][gc,cpu      ] GC(1421) User=0.11s Sys=0.01s Real=0.05s
[2026-01-16T11:56:17.795+0000][gc,start    ] GC(1422) Pause Young (Normal) (G1 Evacuation Pause)
[2026-01-16T11:56:17.797+0000][gc,task     ] GC(1422) Using 8 workers of 8 for evacuation
[2026-01-16T11:56:17.843+0000][gc,phases   ] GC(1422)   Pre Evacuate Collection Set: 2.0ms
[2026-01-16T11:56:17.844+0000][gc,phases   ] GC(1422)   Merge Heap Roots: 0.4ms
[2026-01-16T11:56:17.844+0000][gc,phases   ] GC(1422)   Evacuate Collection Set: 41.7ms
[2026-01-16T11:56:17.847+0000][gc,phases   ] GC(1422)   Post Evacuate Collection Set: 1.8ms
[2026-01-16T11:56:17.847+0000][gc,phases   ] GC(1422)   Other: 1.1ms
[2026-01-16T11:56:17.848+0000][gc,heap     ] GC(1422) Eden regions: 59->0(69)
[2026-01-16T11:56:17.849+0000][gc,heap     ] GC(1422) Survivor regions: 2->3(8)
[2026-01-16T11:56:17.849+0000][gc,heap     ] GC(1422) Old regions: 118->118
[2026-01-16T11:56:17.850+0000][gc,heap     ] GC(1422) Humongous regions: 38->38
[2026-01-16T11:56:17.850+0000][gc,metaspace] GC(1422) Metaspace: 13189K(13696K)->13189K(13696K) NonClass: 12079K(12288K)->12079K(12288K) Class: 1110K(1408K)->1110K(1408K)
[2026-01-16T11:56:17.850+0000][gc          ] GC(1422) Pause Young (Normal) (G1 Evacuation Pause) 215M->157M(1024M) 55.139ms
[2026-01-16T11:56:17.851+0000][gc,cpu      ] GC(1422) User=0.09s Sys=0.02s Real=0.06s
[2026-01-16T11:56:18.213+0000][gc,start    ] GC(1423) Pause Young (Normal) (G1 Evacuation Pause)
[2026-01-16T11:56:18.213+0000][gc,task     ] GC(1423) Using 8 workers of 8 for evacuation
[2026-01-16T11:56:18.249+0000][gc,phases   ] GC(1423)   Pre Evacuate Collection Set: 2.6ms
[2026-01-16T11:56:18.250+0000][gc,phases   ] GC(1423)   Merge Heap Roots: 5.7ms
[2026-01-16T11:56:18.250+0000][gc,phases   ] GC(1423)   Evacuate Collection Set: 26.1ms
[2026-01-16T11:56:18.250+0000][gc,phases   ] GC(1423)   Post Evacuate Collection Set: 0.9ms
[2026-01-16T11:56:18.250+0000][gc,phases   ] GC(1423)   Other: 0.7ms
[2026-01-16T11:56:18.250+0000][gc,heap     ] GC(1423) Eden regions: 48->0(168)
[2026-01-16T11:56:18.250+0000][gc,heap     ] GC(1423) Survivor regions: 3->3(7)
[2026-01-16T11:56:18.250+0000][gc,heap     ] GC(1423) Old regions: 118->118
[2026-01-16T11:56:18.250+0000][gc,heap     ] GC(1423) Humongous regions: 38->38
[2026-01-16T11:56:18.251+0000][gc,metaspace] GC(1423) Metaspace: 13189K(13696K)->13189K(13696K) NonClass: 12079K(12288K)->12079K(12288K) Class: 1110K(1408K)->1110K(1408K)
[2026-01-16T11:56:18.251+0000][gc          ] GC(1423) Pause Young (Normal) (G1 Evacuation Pause) 205M->157M(1024M) 37.949ms
[2026-01-16T11:56:18.251+0000][gc,cpu      ] GC(1423) User=0.04s Sys=0.00s Real=0.04s
[2026-01-16T11:56:37.100+0000][gc,start    ] GC(1424) Pause Young (Normal) (G1 Evacuation Pause)
[2026-01-16T11:56:37.114+0000][gc,task     ] GC(1424) Using 8 workers of 8 for evacuation
[2026-01-16T11:56:37.352+0000][gc,mmu      ] GC(1424) MMU target violated: 201.0ms (200.0ms/201.0ms)
[2026-01-16T11:56:37.353+0000][gc,phases   ] GC(1424)   Pre Evacuate Collection Set: 54.7ms
[2026-01-16T11:56:37.353+0000][gc,phases   ] GC(1424)   Merge Heap Roots: 12.9ms
[2026-01-16T11:56:37.354+0000][gc,phases   ] GC(1424)   Evacuate Collection Set: 153.5ms
[2026-01-16T11:56:37.354+0000][gc,phases   ] GC(1424)   Post Evacuate Collection Set: 13.9ms
[2026-01-16T11:56:37.356+0000][gc,phases   ] GC(1424)   Other: 3.6ms
[2026-01-16T11:56:37.356+0000][gc,heap     ] GC(1424) Eden regions: 137->0(139)
[2026-01-16T11:56:37.356+0000][gc,heap     ] GC(1424) Survivor regions: 3->2(18)
[2026-01-16T11:56:37.356+0000][gc,heap     ] GC(1424) Old regions: 118->118
[2026-01-16T11:56:37.356+0000][gc,heap     ] GC(1424) Humongous regions: 38->38
[2026-01-16T11:56:37.356+0000][gc,metaspace] GC(1424) Metaspace: 13189K(13696K)->13189K(13696K) NonClass: 12079K(12288K)->12079K(12288K) Class: 1110K(1408K)->1110K(1408K)
[2026-01-16T11:56:37.356+0000][gc          ] GC(1424) Pause Young (Normal) (G1 Evacuation Pause) 294M->157M(1024M) 256.351ms
[2026-01-16T11:56:37.357+0000][gc,cpu      ] GC(1424) User=0.20s Sys=0.02s Real=0.26s
[2026-01-16T11:56:47.932+0000][gc,start    ] GC(1425) Pause Young (Normal) (G1 Evacuation Pause)
[2026-01-16T11:56:47.939+0000][gc,task     ] GC(1425) Using 8 workers of 8 for evacuation
[2026-01-16T11:56:48.089+0000][gc,phases   ] GC(1425)   Pre Evacuate Collection Set: 23.9ms
[2026-01-16T11:56:48.090+0000][gc,phases   ] GC(1425)   Merge Heap Roots: 0.6ms
[2026-01-16T11:56:48.090+0000][gc,phases   ] GC(1425)   Evacuate Collection Set: 99.3ms
[2026-01-16T11:56:48.090+0000][gc,phases   ] GC(1425)   Post Evacuate Collection Set: 23.9ms
[2026-01-16T11:56:48.090+0000][gc,phases   ] GC(1425)   Other: 2.4ms
[2026-01-16T11:56:48.091+0000][gc,heap     ] GC(1425) Eden regions: 148->0(98)
[2026-01-16T11:56:48.091+0000][gc,heap     ] GC(1425) Survivor regions: 2->3(19)
[2026-01-16T11:56:48.091+0000][gc,heap     ] GC(1425) Old regions: 118->118
[2026-01-16T11:56:48.091+0000][gc,heap     ] GC(1425) Humongous regions: 38->38
[2026-01-16T11:56:48.091+0000][gc,metaspace] GC(1425) Metaspace: 13189K(13696K)->13189K(13696K) NonClass: 12079K(12288K)->12079K(12288K) Class: 1110K(1408K)->1110K(1408K)
[2026-01-16T11:56:48.092+0000][gc          ] GC(1425) Pause Young (Normal) (G1 Evacuation Pause) 305M->157M(1024M) 159.730ms
[2026-01-16T11:56:48.092+0000][gc,cpu      ] GC(1425) User=0.19s Sys=0.03s Real=0.17s
[2026-01-16T11:56:58.083+0000][gc,start    ] GC(1426) Pause Young (Normal) (G1 Evacuation Pause)
[2026-01-16T11:56:58.086+0000][gc,task     ] GC(1426) Using 8 workers of 8 for evacuation
[2026-01-16T11:56:58.247+0000][gc,phases   ] GC(1426)   Pre Evacuate Collection Set: 13.3ms
[2026-01-16T11:56:58.247+0000][gc,phases   ] GC(1426)   Merge Heap Roots: 4.7ms
[2026-01-16T11:56:58.248+0000][gc,phases   ] GC(1426)   Evacuate Collection Set: 116.3ms
[2026-01-16T11:56:58.248+0000][gc,phases   ] GC(1426)   Post Evacuate Collection Set: 21.2ms
[2026-01-16T11:56:58.248+0000][gc,phases   ] GC(1426)   Other: 6.0ms
[2026-01-16T11:56:58.248+0000][gc,heap     ] GC(1426) Eden regions: 131->0(141)
[2026-01-16T11:56:58.248+0000][gc,heap     ] GC(1426) Survivor regions: 3->3(17)
[2026-01-16T11:56:58.249+0000][gc,heap     ] GC(1426) Old regions: 118->118
[2026-01-16T11:56:58.249+0000][gc,heap     ] GC(1426) Humongous regions: 38->38
[2026-01-16T11:56:58.249+0000][gc,metaspace] GC(1426) Metaspace: 13190K(13696K)->13190K(13696K) NonClass: 12079K(12288K)->12079K(12288K) Class: 1110K(1408K)->1110K(1408K)
[2026-01-16T11:56:58.249+0000][gc          ] GC(1426) Pause Young (Normal) (G1 Evacuation Pause) 288M->158M(1024M) 166.233ms
[2026-01-16T11:56:58.249+0000][gc,cpu      ] GC(1426) User=0.16s Sys=0.04s Real=0.16s
[2026-01-16T11:57:07.630+0000][gc,start    ] GC(1427) Pause Young (Normal) (G1 Evacuation Pause)
[2026-01-16T11:57:07.632+0000][gc,task     ] GC(1427) Using 8 workers of 8 for evacuation
[2026-01-16T11:57:07.730+0000][gc,phases   ] GC(1427)   Pre Evacuate Collection Set: 2.4ms
[2026-01-16T11:57:07.730+0000][gc,phases   ] GC(1427)   Merge Heap Roots: 0.9ms
[2026-01-16T11:57:07.730+0000][gc,phases   ] GC(1427)   Evacuate Collection Set: 80.4ms
[2026-01-16T11:57:07.731+0000][gc,phases   ] GC(1427)   Post Evacuate Collection Set: 13.8ms
[2026-01-16T11:57:07.731+0000][gc,phases   ] GC(1427)   Other: 0.9ms
[2026-01-16T11:57:07.731+0000][gc,heap     ] GC(1427) Eden regions: 165->0(163)
[2026-01-16T11:57:07.731+0000][gc,heap     ] GC(1427) Survivor regions: 3->4(21)
[2026-01-16T11:57:07.731+0000][gc,heap     ] GC(1427) Old regions: 118->118
[2026-01-16T11:57:07.731+0000][gc,heap     ] GC(1427) Humongous regions: 38->38
[2026-01-16T11:57:07.732+0000][gc,metaspace] GC(1427) Metaspace: 13190K(13696K)->13190K(13696K) NonClass: 12079K(12288K)->12079K(12288K) Class: 1110K(1408K)->1110K(1408K)
[2026-01-16T11:57:07.732+0000][gc          ] GC(1427) Pause Young (Normal) (G1 Evacuation Pause) 323M->159M(1024M) 102.140ms
[2026-01-16T11:57:07.732+0000][gc,cpu      ] GC(1427) User=0.18s Sys=0.02s Real=0.11s
[2026-01-16T11:57:26.466+0000][gc,start    ] GC(1428) Pause Young (Normal) (G1 Evacuation Pause)
[2026-01-16T11:57:26.479+0000][gc,task     ] GC(1428) Using 8 workers of 8 for evacuation
[2026-01-16T11:57:26.653+0000][gc,phases   ] GC(1428)   Pre Evacuate Collection Set: 29.5ms
[2026-01-16T11:57:26.654+0000][gc,phases   ] GC(1428)   Merge Heap Roots: 1.5ms
[2026-01-16T11:57:26.654+0000][gc,phases   ] GC(1428)   Evacuate Collection Set: 101.9ms
[2026-01-16T11:57:26.655+0000][gc,phases   ] GC(1428)   Post Evacuate Collection Set: 39.8ms
[2026-01-16T11:57:26.656+0000][gc,phases   ] GC(1428)   Other: 1.6ms
[2026-01-16T11:57:26.656+0000][gc,heap     ] GC(1428) Eden regions: 160->0(257)
[2026-01-16T11:57:26.656+0000][gc,heap     ] GC(1428) Survivor regions: 4->3(21)
[2026-01-16T11:57:26.656+0000][gc,heap     ] GC(1428) Old regions: 118->118
[2026-01-16T11:57:26.658+0000][gc,heap     ] GC(1428) Humongous regions: 38->38
[2026-01-16T11:57:26.658+0000][gc,metaspace] GC(1428) Metaspace: 13190K(13696K)->13190K(13696K) NonClass: 12079K(12288K)->12079K(12288K) Class: 1110K(1408K)->1110K(1408K)
[2026-01-16T11:57:26.665+0000][gc          ] GC(1428) Pause Young (Normal) (G1 Evacuation Pause) 319M->158M(1024M) 198.974ms
[2026-01-16T11:57:26.668+0000][gc,cpu      ] GC(1428) User=0.21s Sys=0.05s Real=0.20s
[2026-01-16T11:57:47.811+0000][gc,start    ] GC(1429) Pause Young (Normal) (G1 Evacuation Pause)
[2026-01-16T11:57:47.812+0000][gc,task     ] GC(1429) Using 8 workers of 8 for evacuation
[2026-01-16T11:57:47.851+0000][gc,phases   ] GC(1429)   Pre Evacuate Collection Set: 9.1ms
[2026-01-16T11:57:47.851+0000][gc,phases   ] GC(1429)   Merge Heap Roots: 6.1ms
[2026-01-16T11:57:47.851+0000][gc,phases   ] GC(1429)   Evacuate Collection Set: 21.0ms
[2026-01-16T11:57:47.851+0000][gc,phases   ] GC(1429)   Post Evacuate Collection Set: 2.2ms
[2026-01-16T11:57:47.852+0000][gc,phases   ] GC(1429)   Other: 0.7ms
[2026-01-16T11:57:47.852+0000][gc,heap     ] GC(1429) Eden regions: 263->0(353)
[2026-01-16T11:57:47.852+0000][gc,heap     ] GC(1429) Survivor regions: 3->4(34)
[2026-01-16T11:57:47.852+0000][gc,heap     ] GC(1429) Old regions: 118->118
[2026-01-16T11:57:47.852+0000][gc,heap     ] GC(1429) Humongous regions: 38->38
[2026-01-16T11:57:47.852+0000][gc,metaspace] GC(1429) Metaspace: 13190K(13696K)->13190K(13696K) NonClass: 12079K(12288K)->12079K(12288K) Class: 1110K(1408K)->1110K(1408K)
[2026-01-16T11:57:47.852+0000][gc          ] GC(1429) Pause Young (Normal) (G1 Evacuation Pause) 421M->159M(1024M) 40.631ms
[2026-01-16T11:57:47.852+0000][gc,cpu      ] GC(1429) User=0.24s Sys=0.01s Real=0.04s
[2026-01-16T11:58:16.818+0000][gc,start    ] GC(1430) Pause Young (Normal) (G1 Evacuation Pause)
[2026-01-16T11:58:16.819+0000][gc,task     ] GC(1430) Using 8 workers of 8 for evacuation
[2026-01-16T11:58:16.879+0000][gc,phases   ] GC(1430)   Pre Evacuate Collection Set: 3.4ms
[2026-01-16T11:58:16.880+0000][gc,phases   ] GC(1430)   Merge Heap Roots: 2.6ms
[2026-01-16T11:58:16.880+0000][gc,phases   ] GC(1430)   Evacuate Collection Set: 51.5ms
[2026-01-16T11:58:16.880+0000][gc,phases   ] GC(1430)   Post Evacuate Collection Set: 2.8ms
[2026-01-16T11:58:16.880+0000][gc,phases   ] GC(1430)   Other: 0.7ms
[2026-01-16T11:58:16.880+0000][gc,heap     ] GC(1430) Eden regions: 331->0(569)
[2026-01-16T11:58:16.880+0000][gc,heap     ] GC(1430) Survivor regions: 4->4(42)
[2026-01-16T11:58:16.881+0000][gc,heap     ] GC(1430) Old regions: 118->119
[2026-01-16T11:58:16.881+0000][gc,heap     ] GC(1430) Humongous regions: 38->38
[2026-01-16T11:58:16.881+0000][gc,metaspace] GC(1430) Metaspace: 13190K(13696K)->13190K(13696K) NonClass: 12079K(12288K)->12079K(12288K) Class: 1110K(1408K)->1110K(1408K)
[2026-01-16T11:58:16.881+0000][gc          ] GC(1430) Pause Young (Normal) (G1 Evacuation Pause) 490M->159M(1024M) 63.682ms
[2026-01-16T11:58:16.881+0000][gc,cpu      ] GC(1430) User=0.30s Sys=0.03s Real=0.06s
[2026-01-16T11:59:06.942+0000][gc,start    ] GC(1431) Pause Young (Normal) (G1 Evacuation Pause)
[2026-01-16T11:59:06.944+0000][gc,task     ] GC(1431) Using 8 workers of 8 for evacuation
[2026-01-16T11:59:07.021+0000][gc,phases   ] GC(1431)   Pre Evacuate Collection Set: 9.3ms
[2026-01-16T11:59:07.021+0000][gc,phases   ] GC(1431)   Merge Heap Roots: 0.5ms
[2026-01-16T11:59:07.021+0000][gc,phases   ] GC(1431)   Evacuate Collection Set: 60.0ms
[2026-01-16T11:59:07.022+0000][gc,phases   ] GC(1431)   Post Evacuate Collection Set: 6.8ms
[2026-01-16T11:59:07.022+0000][gc,phases   ] GC(1431)   Other: 0.8ms
[2026-01-16T11:59:07.022+0000][gc,heap     ] GC(1431) Eden regions: 577->0(609)
[2026-01-16T11:59:07.022+0000][gc,heap     ] GC(1431) Survivor regions: 4->5(73)
[2026-01-16T11:59:07.022+0000][gc,heap     ] GC(1431) Old regions: 119->119
[2026-01-16T11:59:07.023+0000][gc,heap     ] GC(1431) Humongous regions: 38->38
[2026-01-16T11:59:07.023+0000][gc,metaspace] GC(1431) Metaspace: 13190K(13696K)->13190K(13696K) NonClass: 12079K(12288K)->12079K(12288K) Class: 1110K(1408K)->1110K(1408K)
[2026-01-16T11:59:07.024+0000][gc          ] GC(1431) Pause Young (Normal) (G1 Evacuation Pause) 736M->160M(1024M) 82.166ms
[2026-01-16T11:59:07.025+0000][gc,cpu      ] GC(1431) User=0.37s Sys=0.03s Real=0.08s
[2026-01-16T11:59:57.237+0000][gc,start    ] GC(1432) Pause Young (Normal) (G1 Evacuation Pause)
[2026-01-16T11:59:57.238+0000][gc,task     ] GC(1432) Using 8 workers of 8 for evacuation
[2026-01-16T11:59:57.354+0000][gc,phases   ] GC(1432)   Pre Evacuate Collection Set: 5.8ms
[2026-01-16T11:59:57.354+0000][gc,phases   ] GC(1432)   Merge Heap Roots: 4.8ms
[2026-01-16T11:59:57.355+0000][gc,phases   ] GC(1432)   Evacuate Collection Set: 97.0ms
[2026-01-16T11:59:57.355+0000][gc,phases   ] GC(1432)   Post Evacuate Collection Set: 6.6ms
[2026-01-16T11:59:57.355+0000][gc,phases   ] GC(1432)   Other: 2.6ms
[2026-01-16T11:59:57.355+0000][gc,heap     ] GC(1432) Eden regions: 609->0(608)
[2026-01-16T11:59:57.355+0000][gc,heap     ] GC(1432) Survivor regions: 5->6(77)
[2026-01-16T11:59:57.356+0000][gc,heap     ] GC(1432) Old regions: 119->119
[2026-01-16T11:59:57.356+0000][gc,heap     ] GC(1432) Humongous regions: 38->38
[2026-01-16T11:59:57.356+0000][gc,metaspace] GC(1432) Metaspace: 13190K(13696K)->13190K(13696K) NonClass: 12079K(12288K)->12079K(12288K) Class: 1110K(1408K)->1110K(1408K)
[2026-01-16T11:59:57.356+0000][gc          ] GC(1432) Pause Young (Normal) (G1 Evacuation Pause) 769M->161M(1024M) 119.710ms
[2026-01-16T11:59:57.358+0000][gc,cpu      ] GC(1432) User=0.57s Sys=0.05s Real=0.12s
[2026-01-16T12:00:47.009+0000][gc,start    ] GC(1433) Pause Young (Normal) (G1 Evacuation Pause)
[2026-01-16T12:00:47.011+0000][gc,task     ] GC(1433) Using 8 workers of 8 for evacuation
[2026-01-16T12:00:47.099+0000][gc,phases   ] GC(1433)   Pre Evacuate Collection Set: 5.8ms
[2026-01-16T12:00:47.099+0000][gc,phases   ] GC(1433)   Merge Heap Roots: 2.8ms
[2026-01-16T12:00:47.099+0000][gc,phases   ] GC(1433)   Evacuate Collection Set: 63.7ms
[2026-01-16T12:00:47.099+0000][gc,phases   ] GC(1433)   Post Evacuate Collection Set: 13.7ms
[2026-01-16T12:00:47.099+0000][gc,phases   ] GC(1433)   Other: 1.6ms
[2026-01-16T12:00:47.099+0000][gc,heap     ] GC(1433) Eden regions: 608->0(607)
[2026-01-16T12:00:47.099+0000][gc,heap     ] GC(1433) Survivor regions: 6->7(77)
[2026-01-16T12:00:47.100+0000][gc,heap     ] GC(1433) Old regions: 119->119
[2026-01-16T12:00:47.100+0000][gc,heap     ] GC(1433) Humongous regions: 38->38
[2026-01-16T12:00:47.100+0000][gc,metaspace] GC(1433) Metaspace: 13190K(13696K)->13190K(13696K) NonClass: 12079K(12288K)->12079K(12288K) Class: 1110K(1408K)->1110K(1408K)
[2026-01-16T12:00:47.100+0000][gc          ] GC(1433) Pause Young (Normal) (G1 Evacuation Pause) 769M->163M(1024M) 91.487ms
[2026-01-16T12:00:47.100+0000][gc,cpu      ] GC(1433) User=0.35s Sys=0.02s Real=0.09s
[2026-01-16T12:01:37.689+0000][gc,start    ] GC(1434) Pause Young (Normal) (G1 Evacuation Pause)
[2026-01-16T12:01:37.692+0000][gc,task     ] GC(1434) Using 8 workers of 8 for evacuation
[2026-01-16T12:01:37.820+0000][gc,phases   ] GC(1434)   Pre Evacuate Collection Set: 3.8ms
[2026-01-16T12:01:37.821+0000][gc,phases   ] GC(1434)   Merge Heap Roots: 1.9ms
[2026-01-16T12:01:37.822+0000][gc,phases   ] GC(1434)   Evacuate Collection Set: 99.9ms
[2026-01-16T12:01:37.822+0000][gc,phases   ] GC(1434)   Post Evacuate Collection Set: 21.5ms
[2026-01-16T12:01:37.822+0000][gc,phases   ] GC(1434)   Other: 1.4ms
[2026-01-16T12:01:37.823+0000][gc,heap     ] GC(1434) Eden regions: 607->0(606)
[2026-01-16T12:01:37.825+0000][gc,heap     ] GC(1434) Survivor regions: 7->8(77)
[2026-01-16T12:01:37.825+0000][gc,heap     ] GC(1434) Old regions: 119->119
[2026-01-16T12:01:37.825+0000][gc,heap     ] GC(1434) Humongous regions: 38->38
[2026-01-16T12:01:37.825+0000][gc,metaspace] GC(1434) Metaspace: 13190K(13696K)->13190K(13696K) NonClass: 12080K(12288K)->12080K(12288K) Class: 1110K(1408K)->1110K(1408K)
[2026-01-16T12:01:37.826+0000][gc          ] GC(1434) Pause Young (Normal) (G1 Evacuation Pause) 770M->164M(1024M) 136.879ms
[2026-01-16T12:01:37.828+0000][gc,cpu      ] GC(1434) User=0.43s Sys=0.06s Real=0.14s
[2026-01-16T12:02:36.028+0000][gc,start    ] GC(1435) Pause Young (Normal) (G1 Evacuation Pause)
[2026-01-16T12:02:36.034+0000][gc,task     ] GC(1435) Using 8 workers of 8 for evacuation
[2026-01-16T12:02:36.151+0000][gc,phases   ] GC(1435)   Pre Evacuate Collection Set: 3.7ms
[2026-01-16T12:02:36.151+0000][gc,phases   ] GC(1435)   Merge Heap Roots: 1.5ms
[2026-01-16T12:02:36.151+0000][gc,phases   ] GC(1435)   Evacuate Collection Set: 101.7ms
[2026-01-16T12:02:36.152+0000][gc,phases   ] GC(1435)   Post Evacuate Collection Set: 9.9ms
[2026-01-16T12:02:36.152+0000][gc,phases   ] GC(1435)   Other: 0.4ms
[2026-01-16T12:02:36.152+0000][gc,heap     ] GC(1435) Eden regions: 606->0(606)
[2026-01-16T12:02:36.152+0000][gc,heap     ] GC(1435) Survivor regions: 8->8(77)
[2026-01-16T12:02:36.152+0000][gc,heap     ] GC(1435) Old regions: 119->119
[2026-01-16T12:02:36.152+0000][gc,heap     ] GC(1435) Humongous regions: 38->38
[2026-01-16T12:02:36.152+0000][gc,metaspace] GC(1435) Metaspace: 13191K(13696K)->13191K(13696K) NonClass: 12080K(12288K)->12080K(12288K) Class: 1110K(1408K)->1110K(1408K)
[2026-01-16T12:02:36.152+0000][gc          ] GC(1435) Pause Young (Normal) (G1 Evacuation Pause) 770M->164M(1024M) 123.920ms
[2026-01-16T12:02:36.152+0000][gc,cpu      ] GC(1435) User=0.54s Sys=0.04s Real=0.12s
[2026-01-16T12:03:27.075+0000][gc,start    ] GC(1436) Pause Young (Normal) (G1 Evacuation Pause)
[2026-01-16T12:03:27.079+0000][gc,task     ] GC(1436) Using 8 workers of 8 for evacuation
[2026-01-16T12:03:27.332+0000][gc,mmu      ] GC(1436) MMU target violated: 201.0ms (200.0ms/201.0ms)
[2026-01-16T12:03:27.332+0000][gc,phases   ] GC(1436)   Pre Evacuate Collection Set: 35.6ms
[2026-01-16T12:03:27.332+0000][gc,phases   ] GC(1436)   Merge Heap Roots: 5.6ms
[2026-01-16T12:03:27.332+0000][gc,phases   ] GC(1436)   Evacuate Collection Set: 188.5ms
[2026-01-16T12:03:27.333+0000][gc,phases   ] GC(1436)   Post Evacuate Collection Set: 21.0ms
[2026-01-16T12:03:27.333+0000][gc,phases   ] GC(1436)   Other: 3.6ms
[2026-01-16T12:03:27.333+0000][gc,heap     ] GC(1436) Eden regions: 606->0(193)
[2026-01-16T12:03:27.333+0000][gc,heap     ] GC(1436) Survivor regions: 8->9(77)
[2026-01-16T12:03:27.334+0000][gc,heap     ] GC(1436) Old regions: 119->119
[2026-01-16T12:03:27.334+0000][gc,heap     ] GC(1436) Humongous regions: 38->38
[2026-01-16T12:03:27.334+0000][gc,metaspace] GC(1436) Metaspace: 13191K(13696K)->13191K(13696K) NonClass: 12080K(12288K)->12080K(12288K) Class: 1110K(1408K)->1110K(1408K)
[2026-01-16T12:03:27.335+0000][gc          ] GC(1436) Pause Young (Normal) (G1 Evacuation Pause) 770M->165M(1024M) 259.819ms
[2026-01-16T12:03:27.335+0000][gc,cpu      ] GC(1436) User=0.52s Sys=0.05s Real=0.26s
[2026-01-16T12:03:36.308+0000][gc,start    ] GC(1437) Pause Young (Normal) (G1 Evacuation Pause)
[2026-01-16T12:03:36.309+0000][gc,task     ] GC(1437) Using 8 workers of 8 for evacuation
[2026-01-16T12:03:36.663+0000][gc,mmu      ] GC(1437) MMU target violated: 201.0ms (200.0ms/201.0ms)
[2026-01-16T12:03:36.664+0000][gc,phases   ] GC(1437)   Pre Evacuate Collection Set: 17.2ms
[2026-01-16T12:03:36.665+0000][gc,phases   ] GC(1437)   Merge Heap Roots: 7.5ms
[2026-01-16T12:03:36.666+0000][gc,phases   ] GC(1437)   Evacuate Collection Set: 264.1ms
[2026-01-16T12:03:36.667+0000][gc,phases   ] GC(1437)   Post Evacuate Collection Set: 64.7ms
[2026-01-16T12:03:36.668+0000][gc,phases   ] GC(1437)   Other: 1.7ms
[2026-01-16T12:03:36.669+0000][gc,heap     ] GC(1437) Eden regions: 106->0(43)
[2026-01-16T12:03:36.672+0000][gc,heap     ] GC(1437) Survivor regions: 9->8(15)
[2026-01-16T12:03:36.672+0000][gc,heap     ] GC(1437) Old regions: 119->119
[2026-01-16T12:03:36.675+0000][gc,heap     ] GC(1437) Humongous regions: 38->38
[2026-01-16T12:03:36.675+0000][gc,metaspace] GC(1437) Metaspace: 13191K(13696K)->13191K(13696K) NonClass: 12080K(12288K)->12080K(12288K) Class: 1110K(1408K)->1110K(1408K)
[2026-01-16T12:03:36.686+0000][gc          ] GC(1437) Pause Young (Normal) (G1 Evacuation Pause) 271M->164M(1024M) 377.863ms
[2026-01-16T12:03:36.687+0000][gc,cpu      ] GC(1437) User=0.48s Sys=0.03s Real=0.38s
[2026-01-16T12:03:38.108+0000][gc,start    ] GC(1438) Pause Young (Normal) (G1 Evacuation Pause)
[2026-01-16T12:03:38.111+0000][gc,task     ] GC(1438) Using 8 workers of 8 for evacuation
[2026-01-16T12:03:38.386+0000][gc,mmu      ] GC(1438) MMU target violated: 201.0ms (200.0ms/201.0ms)
[2026-01-16T12:03:38.388+0000][gc,phases   ] GC(1438)   Pre Evacuate Collection Set: 5.8ms
[2026-01-16T12:03:38.391+0000][gc,phases   ] GC(1438)   Merge Heap Roots: 4.8ms
[2026-01-16T12:03:38.392+0000][gc,phases   ] GC(1438)   Evacuate Collection Set: 251.7ms
[2026-01-16T12:03:38.393+0000][gc,phases   ] GC(1438)   Post Evacuate Collection Set: 5.1ms
[2026-01-16T12:03:38.393+0000][gc,phases   ] GC(1438)   Other: 10.1ms
[2026-01-16T12:03:38.394+0000][gc,heap     ] GC(1438) Eden regions: 43->0(82)
[2026-01-16T12:03:38.394+0000][gc,heap     ] GC(1438) Survivor regions: 8->5(7)
[2026-01-16T12:03:38.394+0000][gc,heap     ] GC(1438) Old regions: 119->124
[2026-01-16T12:03:38.394+0000][gc,heap     ] GC(1438) Humongous regions: 38->38
[2026-01-16T12:03:38.395+0000][gc,metaspace] GC(1438) Metaspace: 13191K(13696K)->13191K(13696K) NonClass: 12080K(12288K)->12080K(12288K) Class: 1110K(1408K)->1110K(1408K)
[2026-01-16T12:03:38.395+0000][gc          ] GC(1438) Pause Young (Normal) (G1 Evacuation Pause) 207M->165M(1024M) 287.467ms
[2026-01-16T12:03:38.396+0000][gc,cpu      ] GC(1438) User=0.36s Sys=0.02s Real=0.29s
[2026-01-16T12:03:47.581+0000][gc,start    ] GC(1439) Pause Young (Normal) (G1 Evacuation Pause)
[2026-01-16T12:03:47.583+0000][gc,task     ] GC(1439) Using 8 workers of 8 for evacuation
[2026-01-16T12:03:47.802+0000][gc,mmu      ] GC(1439) MMU target violated: 201.0ms (200.0ms/201.0ms)
[2026-01-16T12:03:47.802+0000][gc,phases   ] GC(1439)   Pre Evacuate Collection Set: 19.5ms
[2026-01-16T12:03:47.803+0000][gc,phases   ] GC(1439)   Merge Heap Roots: 17.5ms
[2026-01-16T12:03:47.803+0000][gc,phases   ] GC(1439)   Evacuate Collection Set: 164.9ms
[2026-01-16T12:03:47.803+0000][gc,phases   ] GC(1439)   Post Evacuate Collection Set: 12.4ms
[2026-01-16T12:03:47.805+0000][gc,phases   ] GC(1439)   Other: 5.7ms
[2026-01-16T12:03:47.806+0000][gc,heap     ] GC(1439) Eden regions: 113->0(109)
[2026-01-16T12:03:47.807+0000][gc,heap     ] GC(1439) Survivor regions: 5->5(15)
[2026-01-16T12:03:47.807+0000][gc,heap     ] GC(1439) Old regions: 124->124
[2026-01-16T12:03:47.808+0000][gc,heap     ] GC(1439) Humongous regions: 38->38
[2026-01-16T12:03:47.808+0000][gc,metaspace] GC(1439) Metaspace: 13191K(13696K)->13191K(13696K) NonClass: 12080K(12288K)->12080K(12288K) Class: 1110K(1408K)->1110K(1408K)
[2026-01-16T12:03:47.811+0000][gc          ] GC(1439) Pause Young (Normal) (G1 Evacuation Pause) 278M->165M(1024M) 230.526ms
[2026-01-16T12:03:47.812+0000][gc,cpu      ] GC(1439) User=0.27s Sys=0.03s Real=0.23s
[2026-01-16T12:03:58.906+0000][gc,start    ] GC(1440) Pause Young (Normal) (G1 Evacuation Pause)
[2026-01-16T12:03:58.910+0000][gc,task     ] GC(1440) Using 8 workers of 8 for evacuation
[2026-01-16T12:03:59.137+0000][gc,mmu      ] GC(1440) MMU target violated: 201.0ms (200.0ms/201.0ms)
[2026-01-16T12:03:59.138+0000][gc,phases   ] GC(1440)   Pre Evacuate Collection Set: 66.3ms
[2026-01-16T12:03:59.140+0000][gc,phases   ] GC(1440)   Merge Heap Roots: 2.1ms
[2026-01-16T12:03:59.140+0000][gc,phases   ] GC(1440)   Evacuate Collection Set: 121.0ms
[2026-01-16T12:03:59.141+0000][gc,phases   ] GC(1440)   Post Evacuate Collection Set: 30.9ms
[2026-01-16T12:03:59.142+0000][gc,phases   ] GC(1440)   Other: 8.7ms
[2026-01-16T12:03:59.143+0000][gc,heap     ] GC(1440) Eden regions: 150->0(48)
[2026-01-16T12:03:59.143+0000][gc,heap     ] GC(1440) Survivor regions: 5->5(20)
[2026-01-16T12:03:59.144+0000][gc,heap     ] GC(1440) Old regions: 124->124
[2026-01-16T12:03:59.145+0000][gc,heap     ] GC(1440) Humongous regions: 38->38
[2026-01-16T12:03:59.145+0000][gc,metaspace] GC(1440) Metaspace: 13191K(13696K)->13191K(13696K) NonClass: 12080K(12288K)->12080K(12288K) Class: 1110K(1408K)->1110K(1408K)
[2026-01-16T12:03:59.150+0000][gc          ] GC(1440) Pause Young (Normal) (G1 Evacuation Pause) 315M->166M(1024M) 244.072ms
[2026-01-16T12:03:59.150+0000][gc,cpu      ] GC(1440) User=0.31s Sys=0.03s Real=0.24s
[2026-01-16T12:04:07.839+0000][gc,start    ] GC(1441) Pause Young (Normal) (G1 Evacuation Pause)
[2026-01-16T12:04:07.848+0000][gc,task     ] GC(1441) Using 8 workers of 8 for evacuation
[2026-01-16T12:04:08.042+0000][gc,phases   ] GC(1441)   Pre Evacuate Collection Set: 22.6ms
[2026-01-16T12:04:08.042+0000][gc,phases   ] GC(1441)   Merge Heap Roots: 9.8ms
[2026-01-16T12:04:08.043+0000][gc,phases   ] GC(1441)   Evacuate Collection Set: 136.5ms
[2026-01-16T12:04:08.043+0000][gc,phases   ] GC(1441)   Post Evacuate Collection Set: 21.1ms
[2026-01-16T12:04:08.044+0000][gc,phases   ] GC(1441)   Other: 4.7ms
[2026-01-16T12:04:08.044+0000][gc,heap     ] GC(1441) Eden regions: 83->0(80)
[2026-01-16T12:04:08.045+0000][gc,heap     ] GC(1441) Survivor regions: 5->5(11)
[2026-01-16T12:04:08.046+0000][gc,heap     ] GC(1441) Old regions: 124->124
[2026-01-16T12:04:08.046+0000][gc,heap     ] GC(1441) Humongous regions: 38->38
[2026-01-16T12:04:08.048+0000][gc,metaspace] GC(1441) Metaspace: 13191K(13696K)->13191K(13696K) NonClass: 12081K(12288K)->12081K(12288K) Class: 1110K(1408K)->1110K(1408K)
[2026-01-16T12:04:08.051+0000][gc          ] GC(1441) Pause Young (Normal) (G1 Evacuation Pause) 249M->166M(1024M) 212.510ms
[2026-01-16T12:04:08.052+0000][gc,cpu      ] GC(1441) User=0.25s Sys=0.03s Real=0.21s
[2026-01-16T12:04:16.944+0000][gc,start    ] GC(1442) Pause Young (Normal) (G1 Evacuation Pause)
[2026-01-16T12:04:16.946+0000][gc,task     ] GC(1442) Using 8 workers of 8 for evacuation
[2026-01-16T12:04:16.992+0000][gc,phases   ] GC(1442)   Pre Evacuate Collection Set: 5.1ms
[2026-01-16T12:04:16.992+0000][gc,phases   ] GC(1442)   Merge Heap Roots: 1.1ms
[2026-01-16T12:04:16.993+0000][gc,phases   ] GC(1442)   Evacuate Collection Set: 36.1ms
[2026-01-16T12:04:16.993+0000][gc,phases   ] GC(1442)   Post Evacuate Collection Set: 2.9ms
[2026-01-16T12:04:16.993+0000][gc,phases   ] GC(1442)   Other: 0.9ms
[2026-01-16T12:04:16.993+0000][gc,heap     ] GC(1442) Eden regions: 137->0(251)
[2026-01-16T12:04:16.994+0000][gc,heap     ] GC(1442) Survivor regions: 5->5(18)
[2026-01-16T12:04:16.994+0000][gc,heap     ] GC(1442) Old regions: 124->124
[2026-01-16T12:04:16.994+0000][gc,heap     ] GC(1442) Humongous regions: 38->38
[2026-01-16T12:04:16.995+0000][gc,metaspace] GC(1442) Metaspace: 13191K(13696K)->13191K(13696K) NonClass: 12081K(12288K)->12081K(12288K) Class: 1110K(1408K)->1110K(1408K)
[2026-01-16T12:04:16.996+0000][gc          ] GC(1442) Pause Young (Normal) (G1 Evacuation Pause) 303M->166M(1024M) 51.429ms
[2026-01-16T12:04:16.996+0000][gc,cpu      ] GC(1442) User=0.18s Sys=0.01s Real=0.05s
[2026-01-16T12:04:46.164+0000][gc,start    ] GC(1443) Pause Young (Normal) (G1 Evacuation Pause)
[2026-01-16T12:04:46.164+0000][gc,task     ] GC(1443) Using 8 workers of 8 for evacuation
[2026-01-16T12:04:46.224+0000][gc,phases   ] GC(1443)   Pre Evacuate Collection Set: 2.0ms
[2026-01-16T12:04:46.224+0000][gc,phases   ] GC(1443)   Merge Heap Roots: 0.7ms
[2026-01-16T12:04:46.224+0000][gc,phases   ] GC(1443)   Evacuate Collection Set: 45.8ms
[2026-01-16T12:04:46.224+0000][gc,phases   ] GC(1443)   Post Evacuate Collection Set: 10.5ms
[2026-01-16T12:04:46.224+0000][gc,phases   ] GC(1443)   Other: 0.3ms
[2026-01-16T12:04:46.224+0000][gc,heap     ] GC(1443) Eden regions: 292->0(496)
[2026-01-16T12:04:46.224+0000][gc,heap     ] GC(1443) Survivor regions: 5->5(38)
[2026-01-16T12:04:46.224+0000][gc,heap     ] GC(1443) Old regions: 124->124
[2026-01-16T12:04:46.224+0000][gc,heap     ] GC(1443) Humongous regions: 38->38
[2026-01-16T12:04:46.224+0000][gc,metaspace] GC(1443) Metaspace: 13191K(13696K)->13191K(13696K) NonClass: 12081K(12288K)->12081K(12288K) Class: 1110K(1408K)->1110K(1408K)
[2026-01-16T12:04:46.225+0000][gc          ] GC(1443) Pause Young (Normal) (G1 Evacuation Pause) 458M->165M(1024M) 61.072ms
[2026-01-16T12:04:46.225+0000][gc,cpu      ] GC(1443) User=0.34s Sys=0.02s Real=0.06s
[2026-01-16T12:05:27.061+0000][gc,start    ] GC(1444) Pause Young (Normal) (G1 Evacuation Pause)
[2026-01-16T12:05:27.062+0000][gc,task     ] GC(1444) Using 8 workers of 8 for evacuation
[2026-01-16T12:05:27.121+0000][gc,phases   ] GC(1444)   Pre Evacuate Collection Set: 3.7ms
[2026-01-16T12:05:27.121+0000][gc,phases   ] GC(1444)   Merge Heap Roots: 1.1ms
[2026-01-16T12:05:27.121+0000][gc,phases   ] GC(1444)   Evacuate Collection Set: 47.6ms
[2026-01-16T12:05:27.121+0000][gc,phases   ] GC(1444)   Post Evacuate Collection Set: 5.7ms
[2026-01-16T12:05:27.121+0000][gc,phases   ] GC(1444)   Other: 0.9ms
[2026-01-16T12:05:27.121+0000][gc,heap     ] GC(1444) Eden regions: 519->0(608)
[2026-01-16T12:05:27.121+0000][gc,heap     ] GC(1444) Survivor regions: 5->6(66)
[2026-01-16T12:05:27.121+0000][gc,heap     ] GC(1444) Old regions: 124->124
[2026-01-16T12:05:27.121+0000][gc,heap     ] GC(1444) Humongous regions: 38->38
[2026-01-16T12:05:27.122+0000][gc,metaspace] GC(1444) Metaspace: 13191K(13696K)->13191K(13696K) NonClass: 12081K(12288K)->12081K(12288K) Class: 1110K(1408K)->1110K(1408K)
[2026-01-16T12:05:27.122+0000][gc          ] GC(1444) Pause Young (Normal) (G1 Evacuation Pause) 684M->167M(1024M) 60.843ms
[2026-01-16T12:05:27.122+0000][gc,cpu      ] GC(1444) User=0.34s Sys=0.01s Real=0.06s
[2026-01-16T12:06:17.442+0000][gc,start    ] GC(1445) Pause Young (Normal) (G1 Evacuation Pause)
[2026-01-16T12:06:17.443+0000][gc,task     ] GC(1445) Using 8 workers of 8 for evacuation
[2026-01-16T12:06:17.576+0000][gc,phases   ] GC(1445)   Pre Evacuate Collection Set: 6.8ms
[2026-01-16T12:06:17.576+0000][gc,phases   ] GC(1445)   Merge Heap Roots: 1.6ms
[2026-01-16T12:06:17.576+0000][gc,phases   ] GC(1445)   Evacuate Collection Set: 117.0ms
[2026-01-16T12:06:17.576+0000][gc,phases   ] GC(1445)   Post Evacuate Collection Set: 7.0ms
[2026-01-16T12:06:17.577+0000][gc,phases   ] GC(1445)   Other: 1.1ms
[2026-01-16T12:06:17.577+0000][gc,heap     ] GC(1445) Eden regions: 608->0(607)
[2026-01-16T12:06:17.577+0000][gc,heap     ] GC(1445) Survivor regions: 6->7(77)
[2026-01-16T12:06:17.577+0000][gc,heap     ] GC(1445) Old regions: 124->124
[2026-01-16T12:06:17.577+0000][gc,heap     ] GC(1445) Humongous regions: 38->38
[2026-01-16T12:06:17.577+0000][gc,metaspace] GC(1445) Metaspace: 13191K(13696K)->13191K(13696K) NonClass: 12081K(12288K)->12081K(12288K) Class: 1110K(1408K)->1110K(1408K)
[2026-01-16T12:06:17.579+0000][gc          ] GC(1445) Pause Young (Normal) (G1 Evacuation Pause) 775M->168M(1024M) 136.794ms
[2026-01-16T12:06:17.579+0000][gc,cpu      ] GC(1445) User=0.82s Sys=0.09s Real=0.13s
[2026-01-16T12:07:08.080+0000][gc,start    ] GC(1446) Pause Young (Normal) (G1 Evacuation Pause)
[2026-01-16T12:07:08.084+0000][gc,task     ] GC(1446) Using 8 workers of 8 for evacuation
[2026-01-16T12:07:08.221+0000][gc,phases   ] GC(1446)   Pre Evacuate Collection Set: 11.3ms
[2026-01-16T12:07:08.221+0000][gc,phases   ] GC(1446)   Merge Heap Roots: 1.6ms
[2026-01-16T12:07:08.222+0000][gc,phases   ] GC(1446)   Evacuate Collection Set: 110.8ms
[2026-01-16T12:07:08.222+0000][gc,phases   ] GC(1446)   Post Evacuate Collection Set: 12.1ms
[2026-01-16T12:07:08.222+0000][gc,phases   ] GC(1446)   Other: 1.5ms
[2026-01-16T12:07:08.222+0000][gc,heap     ] GC(1446) Eden regions: 607->0(451)
[2026-01-16T12:07:08.223+0000][gc,heap     ] GC(1446) Survivor regions: 7->9(77)
[2026-01-16T12:07:08.223+0000][gc,heap     ] GC(1446) Old regions: 124->124
[2026-01-16T12:07:08.223+0000][gc,heap     ] GC(1446) Humongous regions: 38->38
[2026-01-16T12:07:08.223+0000][gc,metaspace] GC(1446) Metaspace: 13191K(13696K)->13191K(13696K) NonClass: 12081K(12288K)->12081K(12288K) Class: 1110K(1408K)->1110K(1408K)
[2026-01-16T12:07:08.224+0000][gc          ] GC(1446) Pause Young (Normal) (G1 Evacuation Pause) 775M->169M(1024M) 143.332ms
[2026-01-16T12:07:08.224+0000][gc,cpu      ] GC(1446) User=0.46s Sys=0.06s Real=0.15s
[2026-01-16T12:07:47.012+0000][gc,start    ] GC(1447) Pause Young (Normal) (G1 Evacuation Pause)
[2026-01-16T12:07:47.014+0000][gc,task     ] GC(1447) Using 8 workers of 8 for evacuation
[2026-01-16T12:07:47.131+0000][gc,phases   ] GC(1447)   Pre Evacuate Collection Set: 10.5ms
[2026-01-16T12:07:47.132+0000][gc,phases   ] GC(1447)   Merge Heap Roots: 2.9ms
[2026-01-16T12:07:47.132+0000][gc,phases   ] GC(1447)   Evacuate Collection Set: 84.4ms
[2026-01-16T12:07:47.132+0000][gc,phases   ] GC(1447)   Post Evacuate Collection Set: 17.6ms
[2026-01-16T12:07:47.133+0000][gc,phases   ] GC(1447)   Other: 3.5ms
[2026-01-16T12:07:47.133+0000][gc,heap     ] GC(1447) Eden regions: 440->0(536)
[2026-01-16T12:07:47.133+0000][gc,heap     ] GC(1447) Survivor regions: 9->10(57)
[2026-01-16T12:07:47.133+0000][gc,heap     ] GC(1447) Old regions: 124->124
[2026-01-16T12:07:47.134+0000][gc,heap     ] GC(1447) Humongous regions: 38->38
[2026-01-16T12:07:47.134+0000][gc,metaspace] GC(1447) Metaspace: 13191K(13696K)->13191K(13696K) NonClass: 12081K(12288K)->12081K(12288K) Class: 1110K(1408K)->1110K(1408K)
[2026-01-16T12:07:47.135+0000][gc          ] GC(1447) Pause Young (Normal) (G1 Evacuation Pause) 609M->170M(1024M) 122.565ms
[2026-01-16T12:07:47.135+0000][gc,cpu      ] GC(1447) User=0.46s Sys=0.04s Real=0.13s
[2026-01-16T12:08:36.037+0000][gc,start    ] GC(1448) Pause Young (Normal) (G1 Evacuation Pause)
[2026-01-16T12:08:36.038+0000][gc,task     ] GC(1448) Using 8 workers of 8 for evacuation
[2026-01-16T12:08:36.113+0000][gc,phases   ] GC(1448)   Pre Evacuate Collection Set: 2.1ms
[2026-01-16T12:08:36.113+0000][gc,phases   ] GC(1448)   Merge Heap Roots: 0.7ms
[2026-01-16T12:08:36.113+0000][gc,phases   ] GC(1448)   Evacuate Collection Set: 68.5ms
[2026-01-16T12:08:36.114+0000][gc,phases   ] GC(1448)   Post Evacuate Collection Set: 2.4ms
[2026-01-16T12:08:36.114+0000][gc,phases   ] GC(1448)   Other: 0.9ms
[2026-01-16T12:08:36.114+0000][gc,heap     ] GC(1448) Eden regions: 521->0(605)
[2026-01-16T12:08:36.114+0000][gc,heap     ] GC(1448) Survivor regions: 10->9(67)
[2026-01-16T12:08:36.114+0000][gc,heap     ] GC(1448) Old regions: 124->124
[2026-01-16T12:08:36.114+0000][gc,heap     ] GC(1448) Humongous regions: 38->38
[2026-01-16T12:08:36.115+0000][gc,metaspace] GC(1448) Metaspace: 13191K(13696K)->13191K(13696K) NonClass: 12081K(12288K)->12081K(12288K) Class: 1110K(1408K)->1110K(1408K)
[2026-01-16T12:08:36.115+0000][gc          ] GC(1448) Pause Young (Normal) (G1 Evacuation Pause) 691M->170M(1024M) 77.482ms
[2026-01-16T12:08:36.115+0000][gc,cpu      ] GC(1448) User=0.52s Sys=0.02s Real=0.07s
[2026-01-16T12:09:26.458+0000][gc,start    ] GC(1449) Pause Young (Normal) (G1 Evacuation Pause)
[2026-01-16T12:09:26.459+0000][gc,task     ] GC(1449) Using 8 workers of 8 for evacuation
[2026-01-16T12:09:26.626+0000][gc,phases   ] GC(1449)   Pre Evacuate Collection Set: 9.5ms
[2026-01-16T12:09:26.627+0000][gc,phases   ] GC(1449)   Merge Heap Roots: 0.9ms
[2026-01-16T12:09:26.630+0000][gc,phases   ] GC(1449)   Evacuate Collection Set: 128.9ms
[2026-01-16T12:09:26.631+0000][gc,phases   ] GC(1449)   Post Evacuate Collection Set: 25.3ms
[2026-01-16T12:09:26.632+0000][gc,phases   ] GC(1449)   Other: 1.5ms
[2026-01-16T12:09:26.633+0000][gc,heap     ] GC(1449) Eden regions: 605->0(604)
[2026-01-16T12:09:26.635+0000][gc,heap     ] GC(1449) Survivor regions: 9->10(77)
[2026-01-16T12:09:26.638+0000][gc,heap     ] GC(1449) Old regions: 124->125
[2026-01-16T12:09:26.638+0000][gc,heap     ] GC(1449) Humongous regions: 38->38
[2026-01-16T12:09:26.643+0000][gc,metaspace] GC(1449) Metaspace: 13191K(13696K)->13191K(13696K) NonClass: 12081K(12288K)->12081K(12288K) Class: 1110K(1408K)->1110K(1408K)
[2026-01-16T12:09:26.644+0000][gc          ] GC(1449) Pause Young (Normal) (G1 Evacuation Pause) 775M->171M(1024M) 186.057ms
[2026-01-16T12:09:26.645+0000][gc,cpu      ] GC(1449) User=0.65s Sys=0.06s Real=0.19s
[2026-01-16T12:10:06.247+0000][gc,start    ] GC(1450) Pause Young (Normal) (G1 Evacuation Pause)
[2026-01-16T12:10:06.251+0000][gc,task     ] GC(1450) Using 8 workers of 8 for evacuation
[2026-01-16T12:10:06.328+0000][gc,phases   ] GC(1450)   Pre Evacuate Collection Set: 4.8ms
[2026-01-16T12:10:06.329+0000][gc,phases   ] GC(1450)   Merge Heap Roots: 0.6ms
[2026-01-16T12:10:06.329+0000][gc,phases   ] GC(1450)   Evacuate Collection Set: 62.0ms
[2026-01-16T12:10:06.329+0000][gc,phases   ] GC(1450)   Post Evacuate Collection Set: 7.2ms
[2026-01-16T12:10:06.329+0000][gc,phases   ] GC(1450)   Other: 3.3ms
[2026-01-16T12:10:06.330+0000][gc,heap     ] GC(1450) Eden regions: 456->0(605)
[2026-01-16T12:10:06.330+0000][gc,heap     ] GC(1450) Survivor regions: 10->9(59)
[2026-01-16T12:10:06.330+0000][gc,heap     ] GC(1450) Old regions: 125->126
[2026-01-16T12:10:06.330+0000][gc,heap     ] GC(1450) Humongous regions: 38->38
[2026-01-16T12:10:06.331+0000][gc,metaspace] GC(1450) Metaspace: 13191K(13696K)->13191K(13696K) NonClass: 12081K(12288K)->12081K(12288K) Class: 1110K(1408K)->1110K(1408K)
[2026-01-16T12:10:06.332+0000][gc          ] GC(1450) Pause Young (Normal) (G1 Evacuation Pause) 627M->171M(1024M) 84.389ms
[2026-01-16T12:10:06.332+0000][gc,cpu      ] GC(1450) User=0.37s Sys=0.02s Real=0.09s
[2026-01-16T12:10:57.127+0000][gc,start    ] GC(1451) Pause Young (Normal) (G1 Evacuation Pause)
[2026-01-16T12:10:57.130+0000][gc,task     ] GC(1451) Using 8 workers of 8 for evacuation
[2026-01-16T12:10:57.310+0000][gc,phases   ] GC(1451)   Pre Evacuate Collection Set: 19.0ms
[2026-01-16T12:10:57.310+0000][gc,phases   ] GC(1451)   Merge Heap Roots: 6.6ms
[2026-01-16T12:10:57.310+0000][gc,phases   ] GC(1451)   Evacuate Collection Set: 139.8ms
[2026-01-16T12:10:57.310+0000][gc,phases   ] GC(1451)   Post Evacuate Collection Set: 13.5ms
[2026-01-16T12:10:57.310+0000][gc,phases   ] GC(1451)   Other: 1.7ms
[2026-01-16T12:10:57.310+0000][gc,heap     ] GC(1451) Eden regions: 605->0(604)
[2026-01-16T12:10:57.310+0000][gc,heap     ] GC(1451) Survivor regions: 9->10(77)
[2026-01-16T12:10:57.310+0000][gc,heap     ] GC(1451) Old regions: 126->127
[2026-01-16T12:10:57.310+0000][gc,heap     ] GC(1451) Humongous regions: 38->38
[2026-01-16T12:10:57.310+0000][gc,metaspace] GC(1451) Metaspace: 13191K(13696K)->13191K(13696K) NonClass: 12081K(12288K)->12081K(12288K) Class: 1110K(1408K)->1110K(1408K)
[2026-01-16T12:10:57.311+0000][gc          ] GC(1451) Pause Young (Normal) (G1 Evacuation Pause) 776M->173M(1024M) 183.525ms
[2026-01-16T12:10:57.311+0000][gc,cpu      ] GC(1451) User=0.74s Sys=0.06s Real=0.19s
[2026-01-16T12:11:36.565+0000][gc,start    ] GC(1452) Pause Young (Normal) (G1 Evacuation Pause)
[2026-01-16T12:11:36.569+0000][gc,task     ] GC(1452) Using 8 workers of 8 for evacuation
[2026-01-16T12:11:36.702+0000][gc,phases   ] GC(1452)   Pre Evacuate Collection Set: 11.7ms
[2026-01-16T12:11:36.703+0000][gc,phases   ] GC(1452)   Merge Heap Roots: 1.4ms
[2026-01-16T12:11:36.704+0000][gc,phases   ] GC(1452)   Evacuate Collection Set: 112.8ms
[2026-01-16T12:11:36.704+0000][gc,phases   ] GC(1452)   Post Evacuate Collection Set: 7.6ms
[2026-01-16T12:11:36.704+0000][gc,phases   ] GC(1452)   Other: 1.1ms
[2026-01-16T12:11:36.705+0000][gc,heap     ] GC(1452) Eden regions: 500->0(604)
[2026-01-16T12:11:36.705+0000][gc,heap     ] GC(1452) Survivor regions: 10->10(64)
[2026-01-16T12:11:36.705+0000][gc,heap     ] GC(1452) Old regions: 127->127
[2026-01-16T12:11:36.706+0000][gc,heap     ] GC(1452) Humongous regions: 38->38
[2026-01-16T12:11:36.706+0000][gc,metaspace] GC(1452) Metaspace: 13191K(13696K)->13191K(13696K) NonClass: 12081K(12288K)->12081K(12288K) Class: 1110K(1408K)->1110K(1408K)
[2026-01-16T12:11:36.708+0000][gc          ] GC(1452) Pause Young (Normal) (G1 Evacuation Pause) 673M->174M(1024M) 143.251ms
[2026-01-16T12:11:36.708+0000][gc,cpu      ] GC(1452) User=0.61s Sys=0.07s Real=0.14s
[2026-01-16T12:12:27.480+0000][gc,start    ] GC(1453) Pause Young (Normal) (G1 Evacuation Pause)
[2026-01-16T12:12:27.481+0000][gc,task     ] GC(1453) Using 8 workers of 8 for evacuation
[2026-01-16T12:12:27.606+0000][gc,phases   ] GC(1453)   Pre Evacuate Collection Set: 10.8ms
[2026-01-16T12:12:27.607+0000][gc,phases   ] GC(1453)   Merge Heap Roots: 1.6ms
[2026-01-16T12:12:27.607+0000][gc,phases   ] GC(1453)   Evacuate Collection Set: 101.1ms
[2026-01-16T12:12:27.607+0000][gc,phases   ] GC(1453)   Post Evacuate Collection Set: 11.1ms
[2026-01-16T12:12:27.607+0000][gc,phases   ] GC(1453)   Other: 0.9ms
[2026-01-16T12:12:27.607+0000][gc,heap     ] GC(1453) Eden regions: 604->0(603)
[2026-01-16T12:12:27.607+0000][gc,heap     ] GC(1453) Survivor regions: 10->11(77)
[2026-01-16T12:12:27.607+0000][gc,heap     ] GC(1453) Old regions: 127->127
[2026-01-16T12:12:27.607+0000][gc,heap     ] GC(1453) Humongous regions: 38->38
[2026-01-16T12:12:27.607+0000][gc,metaspace] GC(1453) Metaspace: 13193K(13696K)->13193K(13696K) NonClass: 12082K(12288K)->12082K(12288K) Class: 1110K(1408K)->1110K(1408K)
[2026-01-16T12:12:27.608+0000][gc          ] GC(1453) Pause Young (Normal) (G1 Evacuation Pause) 778M->175M(1024M) 128.084ms
[2026-01-16T12:12:27.608+0000][gc,cpu      ] GC(1453) User=0.62s Sys=0.07s Real=0.12s
[2026-01-16T12:13:17.782+0000][gc,start    ] GC(1454) Pause Young (Normal) (G1 Evacuation Pause)
[2026-01-16T12:13:17.783+0000][gc,task     ] GC(1454) Using 8 workers of 8 for evacuation
[2026-01-16T12:13:17.959+0000][gc,phases   ] GC(1454)   Pre Evacuate Collection Set: 3.6ms
[2026-01-16T12:13:17.960+0000][gc,phases   ] GC(1454)   Merge Heap Roots: 2.0ms
[2026-01-16T12:13:17.960+0000][gc,phases   ] GC(1454)   Evacuate Collection Set: 159.5ms
[2026-01-16T12:13:17.960+0000][gc,phases   ] GC(1454)   Post Evacuate Collection Set: 9.9ms
[2026-01-16T12:13:17.961+0000][gc,phases   ] GC(1454)   Other: 0.8ms
[2026-01-16T12:13:17.961+0000][gc,heap     ] GC(1454) Eden regions: 603->0(602)
[2026-01-16T12:13:17.962+0000][gc,heap     ] GC(1454) Survivor regions: 11->12(77)
[2026-01-16T12:13:17.962+0000][gc,heap     ] GC(1454) Old regions: 127->127
[2026-01-16T12:13:17.963+0000][gc,heap     ] GC(1454) Humongous regions: 38->38
[2026-01-16T12:13:17.963+0000][gc,metaspace] GC(1454) Metaspace: 13193K(13696K)->13193K(13696K) NonClass: 12082K(12288K)->12082K(12288K) Class: 1110K(1408K)->1110K(1408K)
[2026-01-16T12:13:17.964+0000][gc          ] GC(1454) Pause Young (Normal) (G1 Evacuation Pause) 778M->176M(1024M) 181.836ms
[2026-01-16T12:13:17.964+0000][gc,cpu      ] GC(1454) User=0.46s Sys=0.06s Real=0.19s
[2026-01-16T12:14:07.672+0000][gc,start    ] GC(1455) Pause Young (Normal) (G1 Evacuation Pause)
[2026-01-16T12:14:07.678+0000][gc,task     ] GC(1455) Using 8 workers of 8 for evacuation
[2026-01-16T12:14:07.890+0000][gc,mmu      ] GC(1455) MMU target violated: 201.0ms (200.0ms/201.0ms)
[2026-01-16T12:14:07.890+0000][gc,phases   ] GC(1455)   Pre Evacuate Collection Set: 16.7ms
[2026-01-16T12:14:07.891+0000][gc,phases   ] GC(1455)   Merge Heap Roots: 12.2ms
[2026-01-16T12:14:07.892+0000][gc,phases   ] GC(1455)   Evacuate Collection Set: 170.2ms
[2026-01-16T12:14:07.892+0000][gc,phases   ] GC(1455)   Post Evacuate Collection Set: 10.1ms
[2026-01-16T12:14:07.892+0000][gc,phases   ] GC(1455)   Other: 2.4ms
[2026-01-16T12:14:07.892+0000][gc,heap     ] GC(1455) Eden regions: 602->0(499)
[2026-01-16T12:14:07.892+0000][gc,heap     ] GC(1455) Survivor regions: 12->13(77)
[2026-01-16T12:14:07.892+0000][gc,heap     ] GC(1455) Old regions: 127->128
[2026-01-16T12:14:07.892+0000][gc,heap     ] GC(1455) Humongous regions: 38->38
[2026-01-16T12:14:07.892+0000][gc,metaspace] GC(1455) Metaspace: 13193K(13696K)->13193K(13696K) NonClass: 12082K(12288K)->12082K(12288K) Class: 1110K(1408K)->1110K(1408K)
[2026-01-16T12:14:07.893+0000][gc          ] GC(1455) Pause Young (Normal) (G1 Evacuation Pause) 778M->177M(1024M) 220.601ms
[2026-01-16T12:14:07.893+0000][gc,cpu      ] GC(1455) User=0.62s Sys=0.05s Real=0.22s
[2026-01-16T12:15:06.329+0000][gc,start    ] GC(1456) Pause Young (Normal) (G1 Evacuation Pause)
[2026-01-16T12:15:06.332+0000][gc,task     ] GC(1456) Using 8 workers of 8 for evacuation
[2026-01-16T12:15:06.528+0000][gc,phases   ] GC(1456)   Pre Evacuate Collection Set: 14.5ms
[2026-01-16T12:15:06.528+0000][gc,phases   ] GC(1456)   Merge Heap Roots: 5.9ms
[2026-01-16T12:15:06.528+0000][gc,phases   ] GC(1456)   Evacuate Collection Set: 161.0ms
[2026-01-16T12:15:06.529+0000][gc,phases   ] GC(1456)   Post Evacuate Collection Set: 13.0ms
[2026-01-16T12:15:06.529+0000][gc,phases   ] GC(1456)   Other: 1.7ms
[2026-01-16T12:15:06.529+0000][gc,heap     ] GC(1456) Eden regions: 601->0(242)
[2026-01-16T12:15:06.529+0000][gc,heap     ] GC(1456) Survivor regions: 13->13(77)
[2026-01-16T12:15:06.529+0000][gc,heap     ] GC(1456) Old regions: 128->128
[2026-01-16T12:15:06.529+0000][gc,heap     ] GC(1456) Humongous regions: 47->47
[2026-01-16T12:15:06.529+0000][gc,metaspace] GC(1456) Metaspace: 13211K(13696K)->13211K(13696K) NonClass: 12095K(12288K)->12095K(12288K) Class: 1115K(1408K)->1115K(1408K)
[2026-01-16T12:15:06.529+0000][gc          ] GC(1456) Pause Young (Normal) (G1 Evacuation Pause) 787M->186M(1024M) 200.318ms
[2026-01-16T12:15:06.530+0000][gc,cpu      ] GC(1456) User=0.65s Sys=0.06s Real=0.20s
[2026-01-16T12:15:17.268+0000][gc,start    ] GC(1457) Pause Young (Normal) (G1 Evacuation Pause)
[2026-01-16T12:15:17.268+0000][gc,task     ] GC(1457) Using 8 workers of 8 for evacuation
[2026-01-16T12:15:17.361+0000][gc,phases   ] GC(1457)   Pre Evacuate Collection Set: 2.4ms
[2026-01-16T12:15:17.361+0000][gc,phases   ] GC(1457)   Merge Heap Roots: 0.8ms
[2026-01-16T12:15:17.362+0000][gc,phases   ] GC(1457)   Evacuate Collection Set: 79.3ms
[2026-01-16T12:15:17.362+0000][gc,phases   ] GC(1457)   Post Evacuate Collection Set: 8.2ms
[2026-01-16T12:15:17.362+0000][gc,phases   ] GC(1457)   Other: 0.5ms
[2026-01-16T12:15:17.362+0000][gc,heap     ] GC(1457) Eden regions: 177->0(373)
[2026-01-16T12:15:17.362+0000][gc,heap     ] GC(1457) Survivor regions: 13->13(24)
[2026-01-16T12:15:17.363+0000][gc,heap     ] GC(1457) Old regions: 128->128
[2026-01-16T12:15:17.363+0000][gc,heap     ] GC(1457) Humongous regions: 47->47
[2026-01-16T12:15:17.363+0000][gc,metaspace] GC(1457) Metaspace: 13211K(13696K)->13211K(13696K) NonClass: 12095K(12288K)->12095K(12288K) Class: 1115K(1408K)->1115K(1408K)
[2026-01-16T12:15:17.363+0000][gc          ] GC(1457) Pause Young (Normal) (G1 Evacuation Pause) 363M->187M(1024M) 95.497ms
[2026-01-16T12:15:17.364+0000][gc,cpu      ] GC(1457) User=0.40s Sys=0.03s Real=0.09s
[2026-01-16T12:15:48.405+0000][gc,start    ] GC(1458) Pause Young (Normal) (G1 Evacuation Pause)
[2026-01-16T12:15:48.407+0000][gc,task     ] GC(1458) Using 8 workers of 8 for evacuation
[2026-01-16T12:15:48.607+0000][gc,phases   ] GC(1458)   Pre Evacuate Collection Set: 8.2ms
[2026-01-16T12:15:48.607+0000][gc,phases   ] GC(1458)   Merge Heap Roots: 2.0ms
[2026-01-16T12:15:48.607+0000][gc,phases   ] GC(1458)   Evacuate Collection Set: 171.7ms
[2026-01-16T12:15:48.608+0000][gc,phases   ] GC(1458)   Post Evacuate Collection Set: 15.1ms
[2026-01-16T12:15:48.608+0000][gc,phases   ] GC(1458)   Other: 1.7ms
[2026-01-16T12:15:48.609+0000][gc,heap     ] GC(1458) Eden regions: 353->0(302)
[2026-01-16T12:15:48.610+0000][gc,heap     ] GC(1458) Survivor regions: 13->14(46)
[2026-01-16T12:15:48.610+0000][gc,heap     ] GC(1458) Old regions: 128->128
[2026-01-16T12:15:48.610+0000][gc,heap     ] GC(1458) Humongous regions: 47->47
[2026-01-16T12:15:48.610+0000][gc,metaspace] GC(1458) Metaspace: 13211K(13696K)->13211K(13696K) NonClass: 12095K(12288K)->12095K(12288K) Class: 1115K(1408K)->1115K(1408K)
[2026-01-16T12:15:48.611+0000][gc          ] GC(1458) Pause Young (Normal) (G1 Evacuation Pause) 540M->188M(1024M) 205.233ms
[2026-01-16T12:15:48.612+0000][gc,cpu      ] GC(1458) User=0.50s Sys=0.04s Real=0.20s
[2026-01-16T12:15:57.846+0000][gc,start    ] GC(1459) Pause Young (Normal) (G1 Evacuation Pause)
[2026-01-16T12:15:57.854+0000][gc,task     ] GC(1459) Using 8 workers of 8 for evacuation
[2026-01-16T12:15:58.059+0000][gc,mmu      ] GC(1459) MMU target violated: 201.0ms (200.0ms/201.0ms)
[2026-01-16T12:15:58.059+0000][gc,phases   ] GC(1459)   Pre Evacuate Collection Set: 7.9ms
[2026-01-16T12:15:58.061+0000][gc,phases   ] GC(1459)   Merge Heap Roots: 0.6ms
[2026-01-16T12:15:58.063+0000][gc,phases   ] GC(1459)   Evacuate Collection Set: 177.7ms
[2026-01-16T12:15:58.063+0000][gc,phases   ] GC(1459)   Post Evacuate Collection Set: 14.5ms
[2026-01-16T12:15:58.064+0000][gc,phases   ] GC(1459)   Other: 10.9ms
[2026-01-16T12:15:58.064+0000][gc,heap     ] GC(1459) Eden regions: 124->0(373)
[2026-01-16T12:15:58.064+0000][gc,heap     ] GC(1459) Survivor regions: 14->10(18)
[2026-01-16T12:15:58.065+0000][gc,heap     ] GC(1459) Old regions: 128->132
[2026-01-16T12:15:58.065+0000][gc,heap     ] GC(1459) Humongous regions: 47->47
[2026-01-16T12:15:58.065+0000][gc,metaspace] GC(1459) Metaspace: 13211K(13696K)->13211K(13696K) NonClass: 12095K(12288K)->12095K(12288K) Class: 1115K(1408K)->1115K(1408K)
[2026-01-16T12:15:58.066+0000][gc          ] GC(1459) Pause Young (Normal) (G1 Evacuation Pause) 312M->188M(1024M) 219.407ms
[2026-01-16T12:15:58.066+0000][gc,cpu      ] GC(1459) User=0.51s Sys=0.06s Real=0.22s
[2026-01-16T12:16:46.536+0000][gc,start    ] GC(1460) Pause Young (Normal) (G1 Evacuation Pause)
[2026-01-16T12:16:46.541+0000][gc,task     ] GC(1460) Using 8 workers of 8 for evacuation
[2026-01-16T12:16:46.710+0000][gc,phases   ] GC(1460)   Pre Evacuate Collection Set: 20.5ms
[2026-01-16T12:16:46.710+0000][gc,phases   ] GC(1460)   Merge Heap Roots: 2.5ms
[2026-01-16T12:16:46.710+0000][gc,phases   ] GC(1460)   Evacuate Collection Set: 133.1ms
[2026-01-16T12:16:46.710+0000][gc,phases   ] GC(1460)   Post Evacuate Collection Set: 9.6ms
[2026-01-16T12:16:46.710+0000][gc,phases   ] GC(1460)   Other: 5.7ms
[2026-01-16T12:16:46.711+0000][gc,heap     ] GC(1460) Eden regions: 560->0(329)
[2026-01-16T12:16:46.711+0000][gc,heap     ] GC(1460) Survivor regions: 10->11(72)
[2026-01-16T12:16:46.711+0000][gc,heap     ] GC(1460) Old regions: 132->132
[2026-01-16T12:16:46.711+0000][gc,heap     ] GC(1460) Humongous regions: 47->47
[2026-01-16T12:16:46.711+0000][gc,metaspace] GC(1460) Metaspace: 13212K(13696K)->13212K(13696K) NonClass: 12096K(12288K)->12096K(12288K) Class: 1115K(1408K)->1115K(1408K)
[2026-01-16T12:16:46.712+0000][gc          ] GC(1460) Pause Young (Normal) (G1 Evacuation Pause) 748M->189M(1024M) 175.545ms
[2026-01-16T12:16:46.712+0000][gc,cpu      ] GC(1460) User=0.64s Sys=0.05s Real=0.18s
[2026-01-16T12:17:38.255+0000][gc,start    ] GC(1461) Pause Young (Normal) (G1 Evacuation Pause)
[2026-01-16T12:17:38.269+0000][gc,task     ] GC(1461) Using 8 workers of 8 for evacuation
[2026-01-16T12:17:39.096+0000][gc,mmu      ] GC(1461) MMU target violated: 201.0ms (200.0ms/201.0ms)
[2026-01-16T12:17:39.098+0000][gc,phases   ] GC(1461)   Pre Evacuate Collection Set: 91.5ms
[2026-01-16T12:17:39.098+0000][gc,phases   ] GC(1461)   Merge Heap Roots: 17.3ms
[2026-01-16T12:17:39.098+0000][gc,phases   ] GC(1461)   Evacuate Collection Set: 660.1ms
[2026-01-16T12:17:39.099+0000][gc,phases   ] GC(1461)   Post Evacuate Collection Set: 54.9ms
[2026-01-16T12:17:39.099+0000][gc,phases   ] GC(1461)   Other: 9.8ms
[2026-01-16T12:17:39.100+0000][gc,heap     ] GC(1461) Eden regions: 572->0(40)
[2026-01-16T12:17:39.101+0000][gc,heap     ] GC(1461) Survivor regions: 11->11(73)
[2026-01-16T12:17:39.102+0000][gc,heap     ] GC(1461) Old regions: 132->132
[2026-01-16T12:17:39.103+0000][gc,heap     ] GC(1461) Humongous regions: 47->47
[2026-01-16T12:17:39.104+0000][gc,metaspace] GC(1461) Metaspace: 13213K(13696K)->13213K(13696K) NonClass: 12097K(12288K)->12097K(12288K) Class: 1115K(1408K)->1115K(1408K)
[2026-01-16T12:17:39.104+0000][gc          ] GC(1461) Pause Young (Normal) (G1 Evacuation Pause) 761M->189M(1024M) 849.536ms
[2026-01-16T12:17:39.105+0000][gc,cpu      ] GC(1461) User=0.83s Sys=0.09s Real=0.85s
[2026-01-16T12:17:40.981+0000][gc,start    ] GC(1462) Pause Young (Normal) (G1 Evacuation Pause)
[2026-01-16T12:17:40.982+0000][gc,task     ] GC(1462) Using 8 workers of 8 for evacuation
[2026-01-16T12:17:41.288+0000][gc,mmu      ] GC(1462) MMU target violated: 201.0ms (200.0ms/201.0ms)
[2026-01-16T12:17:41.288+0000][gc,phases   ] GC(1462)   Pre Evacuate Collection Set: 6.8ms
[2026-01-16T12:17:41.289+0000][gc,phases   ] GC(1462)   Merge Heap Roots: 0.5ms
[2026-01-16T12:17:41.289+0000][gc,phases   ] GC(1462)   Evacuate Collection Set: 291.3ms
[2026-01-16T12:17:41.290+0000][gc,phases   ] GC(1462)   Post Evacuate Collection Set: 5.7ms
[2026-01-16T12:17:41.290+0000][gc,phases   ] GC(1462)   Other: 2.3ms
[2026-01-16T12:17:41.290+0000][gc,heap     ] GC(1462) Eden regions: 40->0(46)
[2026-01-16T12:17:41.290+0000][gc,heap     ] GC(1462) Survivor regions: 11->5(7)
[2026-01-16T12:17:41.290+0000][gc,heap     ] GC(1462) Old regions: 132->139
[2026-01-16T12:17:41.291+0000][gc,heap     ] GC(1462) Humongous regions: 47->47
[2026-01-16T12:17:41.291+0000][gc,metaspace] GC(1462) Metaspace: 13213K(13696K)->13213K(13696K) NonClass: 12097K(12288K)->12097K(12288K) Class: 1115K(1408K)->1115K(1408K)
[2026-01-16T12:17:41.295+0000][gc          ] GC(1462) Pause Young (Normal) (G1 Evacuation Pause) 229M->190M(1024M) 313.411ms
[2026-01-16T12:17:41.304+0000][gc,cpu      ] GC(1462) User=0.47s Sys=0.03s Real=0.32s
[2026-01-16T12:17:46.052+0000][gc,start    ] GC(1463) Pause Young (Normal) (G1 Evacuation Pause)
[2026-01-16T12:17:46.052+0000][gc,task     ] GC(1463) Using 8 workers of 8 for evacuation
[2026-01-16T12:17:46.101+0000][gc,phases   ] GC(1463)   Pre Evacuate Collection Set: 6.8ms
[2026-01-16T12:17:46.101+0000][gc,phases   ] GC(1463)   Merge Heap Roots: 0.5ms
[2026-01-16T12:17:46.101+0000][gc,phases   ] GC(1463)   Evacuate Collection Set: 34.1ms
[2026-01-16T12:17:46.102+0000][gc,phases   ] GC(1463)   Post Evacuate Collection Set: 6.7ms
[2026-01-16T12:17:46.102+0000][gc,phases   ] GC(1463)   Other: 0.8ms
[2026-01-16T12:17:46.102+0000][gc,heap     ] GC(1463) Eden regions: 46->0(119)
[2026-01-16T12:17:46.102+0000][gc,heap     ] GC(1463) Survivor regions: 5->4(7)
[2026-01-16T12:17:46.102+0000][gc,heap     ] GC(1463) Old regions: 139->140
[2026-01-16T12:17:46.102+0000][gc,heap     ] GC(1463) Humongous regions: 47->47
[2026-01-16T12:17:46.102+0000][gc,metaspace] GC(1463) Metaspace: 13213K(13696K)->13213K(13696K) NonClass: 12097K(12288K)->12097K(12288K) Class: 1115K(1408K)->1115K(1408K)
[2026-01-16T12:17:46.102+0000][gc          ] GC(1463) Pause Young (Normal) (G1 Evacuation Pause) 236M->190M(1024M) 50.464ms
[2026-01-16T12:17:46.102+0000][gc,cpu      ] GC(1463) User=0.19s Sys=0.02s Real=0.05s
[2026-01-16T12:17:58.260+0000][gc,start    ] GC(1464) Pause Young (Normal) (G1 Evacuation Pause)
[2026-01-16T12:17:58.266+0000][gc,task     ] GC(1464) Using 8 workers of 8 for evacuation
[2026-01-16T12:17:58.786+0000][gc,mmu      ] GC(1464) MMU target violated: 201.0ms (200.0ms/201.0ms)
[2026-01-16T12:17:58.788+0000][gc,phases   ] GC(1464)   Pre Evacuate Collection Set: 18.3ms
[2026-01-16T12:17:58.789+0000][gc,phases   ] GC(1464)   Merge Heap Roots: 14.6ms
[2026-01-16T12:17:58.789+0000][gc,phases   ] GC(1464)   Evacuate Collection Set: 451.0ms
[2026-01-16T12:17:58.790+0000][gc,phases   ] GC(1464)   Post Evacuate Collection Set: 29.3ms
[2026-01-16T12:17:58.790+0000][gc,phases   ] GC(1464)   Other: 8.7ms
[2026-01-16T12:17:58.791+0000][gc,heap     ] GC(1464) Eden regions: 129->0(47)
[2026-01-16T12:17:58.791+0000][gc,heap     ] GC(1464) Survivor regions: 4->4(17)
[2026-01-16T12:17:58.791+0000][gc,heap     ] GC(1464) Old regions: 140->140
[2026-01-16T12:17:58.792+0000][gc,heap     ] GC(1464) Humongous regions: 47->47
[2026-01-16T12:17:58.792+0000][gc,metaspace] GC(1464) Metaspace: 13213K(13696K)->13213K(13696K) NonClass: 12097K(12288K)->12097K(12288K) Class: 1115K(1408K)->1115K(1408K)
[2026-01-16T12:17:58.793+0000][gc          ] GC(1464) Pause Young (Normal) (G1 Evacuation Pause) 319M->190M(1024M) 532.982ms
[2026-01-16T12:17:58.793+0000][gc,cpu      ] GC(1464) User=0.33s Sys=0.02s Real=0.54s
[2026-01-16T12:18:01.779+0000][gc,start    ] GC(1465) Pause Young (Normal) (G1 Evacuation Pause)
[2026-01-16T12:18:01.780+0000][gc,task     ] GC(1465) Using 8 workers of 8 for evacuation
[2026-01-16T12:18:02.372+0000][gc,mmu      ] GC(1465) MMU target violated: 201.0ms (200.0ms/201.0ms)
[2026-01-16T12:18:02.383+0000][gc,phases   ] GC(1465)   Pre Evacuate Collection Set: 10.9ms
[2026-01-16T12:18:02.386+0000][gc,phases   ] GC(1465)   Merge Heap Roots: 5.9ms
[2026-01-16T12:18:02.388+0000][gc,phases   ] GC(1465)   Evacuate Collection Set: 566.5ms
[2026-01-16T12:18:02.388+0000][gc,phases   ] GC(1465)   Post Evacuate Collection Set: 7.7ms
[2026-01-16T12:18:02.389+0000][gc,phases   ] GC(1465)   Other: 12.6ms
[2026-01-16T12:18:02.389+0000][gc,heap     ] GC(1465) Eden regions: 47->0(46)
[2026-01-16T12:18:02.391+0000][gc,heap     ] GC(1465) Survivor regions: 4->5(7)
[2026-01-16T12:18:02.392+0000][gc,heap     ] GC(1465) Old regions: 140->140
[2026-01-16T12:18:02.393+0000][gc,heap     ] GC(1465) Humongous regions: 47->47
[2026-01-16T12:18:02.393+0000][gc,metaspace] GC(1465) Metaspace: 13213K(13696K)->13213K(13696K) NonClass: 12097K(12288K)->12097K(12288K) Class: 1115K(1408K)->1115K(1408K)
[2026-01-16T12:18:02.395+0000][gc          ] GC(1465) Pause Young (Normal) (G1 Evacuation Pause) 237M->190M(1024M) 620.575ms
[2026-01-16T12:18:02.405+0000][gc,cpu      ] GC(1465) User=0.44s Sys=0.04s Real=0.63s
[2026-01-16T12:18:30.293+0000][gc,start    ] GC(1466) Pause Young (Normal) (G1 Evacuation Pause)
[2026-01-16T12:18:30.311+0000][gc,task     ] GC(1466) Using 8 workers of 8 for evacuation
[2026-01-16T12:18:35.126+0000][gc,mmu      ] GC(1466) MMU target violated: 201.0ms (200.0ms/201.0ms)
[2026-01-16T12:18:35.127+0000][gc,phases   ] GC(1466)   Pre Evacuate Collection Set: 189.6ms
[2026-01-16T12:18:35.128+0000][gc,phases   ] GC(1466)   Merge Heap Roots: 57.4ms
[2026-01-16T12:18:35.128+0000][gc,phases   ] GC(1466)   Evacuate Collection Set: 4252.4ms
[2026-01-16T12:18:35.128+0000][gc,phases   ] GC(1466)   Post Evacuate Collection Set: 257.1ms
[2026-01-16T12:18:35.129+0000][gc,phases   ] GC(1466)   Other: 61.1ms
[2026-01-16T12:18:35.129+0000][gc,heap     ] GC(1466) Eden regions: 46->0(46)
[2026-01-16T12:18:35.130+0000][gc,heap     ] GC(1466) Survivor regions: 5->5(7)
[2026-01-16T12:18:35.130+0000][gc,heap     ] GC(1466) Old regions: 140->141
[2026-01-16T12:18:35.130+0000][gc,heap     ] GC(1466) Humongous regions: 47->47
[2026-01-16T12:18:35.130+0000][gc,metaspace] GC(1466) Metaspace: 13214K(13696K)->13214K(13696K) NonClass: 12099K(12288K)->12099K(12288K) Class: 1115K(1408K)->1115K(1408K)
[2026-01-16T12:18:35.131+0000][gc          ] GC(1466) Pause Young (Normal) (G1 Evacuation Pause) 236M->191M(1024M) 4837.901ms
[2026-01-16T12:18:35.134+0000][gc,cpu      ] GC(1466) User=1.68s Sys=0.14s Real=4.85s
[2026-01-16T12:18:44.771+0000][gc,start    ] GC(1467) Pause Young (Normal) (G1 Evacuation Pause)
[2026-01-16T12:18:44.773+0000][gc,task     ] GC(1467) Using 8 workers of 8 for evacuation
[2026-01-16T12:18:45.962+0000][gc,mmu      ] GC(1467) MMU target violated: 201.0ms (200.0ms/201.0ms)
[2026-01-16T12:18:45.964+0000][gc,phases   ] GC(1467)   Pre Evacuate Collection Set: 154.3ms
[2026-01-16T12:18:45.965+0000][gc,phases   ] GC(1467)   Merge Heap Roots: 202.3ms
[2026-01-16T12:18:45.966+0000][gc,phases   ] GC(1467)   Evacuate Collection Set: 673.9ms
[2026-01-16T12:18:45.967+0000][gc,phases   ] GC(1467)   Post Evacuate Collection Set: 134.4ms
[2026-01-16T12:18:45.970+0000][gc,phases   ] GC(1467)   Other: 6.3ms
[2026-01-16T12:18:45.970+0000][gc,heap     ] GC(1467) Eden regions: 46->0(47)
[2026-01-16T12:18:45.970+0000][gc,heap     ] GC(1467) Survivor regions: 5->4(7)
[2026-01-16T12:18:45.972+0000][gc,heap     ] GC(1467) Old regions: 141->142
[2026-01-16T12:18:45.973+0000][gc,heap     ] GC(1467) Humongous regions: 47->47
[2026-01-16T12:18:45.979+0000][gc,metaspace] GC(1467) Metaspace: 13216K(13696K)->13216K(13696K) NonClass: 12101K(12288K)->12101K(12288K) Class: 1115K(1408K)->1115K(1408K)
[2026-01-16T12:18:45.981+0000][gc          ] GC(1467) Pause Young (Normal) (G1 Evacuation Pause) 237M->192M(1024M) 1189.568ms
[2026-01-16T12:18:45.984+0000][gc,cpu      ] GC(1467) User=0.36s Sys=0.04s Real=1.20s
[2026-01-16T12:18:49.581+0000][gc,start    ] GC(1468) Pause Young (Normal) (G1 Evacuation Pause)
[2026-01-16T12:18:49.616+0000][gc,task     ] GC(1468) Using 8 workers of 8 for evacuation
[2026-01-16T12:18:50.060+0000][gc,mmu      ] GC(1468) MMU target violated: 201.0ms (200.0ms/201.0ms)
[2026-01-16T12:18:50.066+0000][gc,phases   ] GC(1468)   Pre Evacuate Collection Set: 19.9ms
[2026-01-16T12:18:50.067+0000][gc,phases   ] GC(1468)   Merge Heap Roots: 6.4ms
[2026-01-16T12:18:50.068+0000][gc,phases   ] GC(1468)   Evacuate Collection Set: 400.2ms
[2026-01-16T12:18:50.068+0000][gc,phases   ] GC(1468)   Post Evacuate Collection Set: 15.8ms
[2026-01-16T12:18:50.077+0000][gc,phases   ] GC(1468)   Other: 8.0ms
[2026-01-16T12:18:50.079+0000][gc,heap     ] GC(1468) Eden regions: 47->0(48)
[2026-01-16T12:18:50.084+0000][gc,heap     ] GC(1468) Survivor regions: 4->3(7)
[2026-01-16T12:18:50.084+0000][gc,heap     ] GC(1468) Old regions: 142->142
[2026-01-16T12:18:50.098+0000][gc,heap     ] GC(1468) Humongous regions: 47->47
[2026-01-16T12:18:50.102+0000][gc,metaspace] GC(1468) Metaspace: 13216K(13696K)->13216K(13696K) NonClass: 12101K(12288K)->12101K(12288K) Class: 1115K(1408K)->1115K(1408K)
[2026-01-16T12:18:50.103+0000][gc          ] GC(1468) Pause Young (Normal) (G1 Evacuation Pause) 239M->191M(1024M) 521.050ms
[2026-01-16T12:18:50.103+0000][gc,cpu      ] GC(1468) User=0.33s Sys=0.02s Real=0.52s
[2026-01-16T12:18:51.552+0000][gc,start    ] GC(1469) Pause Young (Normal) (G1 Evacuation Pause)
[2026-01-16T12:18:51.554+0000][gc,task     ] GC(1469) Using 8 workers of 8 for evacuation
[2026-01-16T12:18:51.956+0000][gc,mmu      ] GC(1469) MMU target violated: 201.0ms (200.0ms/201.0ms)
[2026-01-16T12:18:51.966+0000][gc,phases   ] GC(1469)   Pre Evacuate Collection Set: 16.8ms
[2026-01-16T12:18:51.984+0000][gc,phases   ] GC(1469)   Merge Heap Roots: 11.7ms
[2026-01-16T12:18:51.989+0000][gc,phases   ] GC(1469)   Evacuate Collection Set: 351.7ms
[2026-01-16T12:18:51.989+0000][gc,phases   ] GC(1469)   Post Evacuate Collection Set: 18.5ms
[2026-01-16T12:18:51.995+0000][gc,phases   ] GC(1469)   Other: 14.3ms
[2026-01-16T12:18:52.001+0000][gc,heap     ] GC(1469) Eden regions: 48->0(47)
[2026-01-16T12:18:52.006+0000][gc,heap     ] GC(1469) Survivor regions: 3->4(7)
[2026-01-16T12:18:52.017+0000][gc,heap     ] GC(1469) Old regions: 142->142
[2026-01-16T12:18:52.020+0000][gc,heap     ] GC(1469) Humongous regions: 47->47
[2026-01-16T12:18:52.020+0000][gc,metaspace] GC(1469) Metaspace: 13216K(13696K)->13216K(13696K) NonClass: 12101K(12288K)->12101K(12288K) Class: 1115K(1408K)->1115K(1408K)
[2026-01-16T12:18:52.023+0000][gc          ] GC(1469) Pause Young (Normal) (G1 Evacuation Pause) 239M->191M(1024M) 470.622ms
[2026-01-16T12:18:52.026+0000][gc,cpu      ] GC(1469) User=0.18s Sys=0.01s Real=0.48s
[2026-01-16T12:18:52.740+0000][gc,start    ] GC(1470) Pause Young (Normal) (G1 Evacuation Pause)
[2026-01-16T12:18:52.740+0000][gc,task     ] GC(1470) Using 8 workers of 8 for evacuation
[2026-01-16T12:18:52.957+0000][gc,mmu      ] GC(1470) MMU target violated: 201.0ms (200.0ms/201.0ms)
[2026-01-16T12:18:52.961+0000][gc,phases   ] GC(1470)   Pre Evacuate Collection Set: 6.3ms
[2026-01-16T12:18:52.963+0000][gc,phases   ] GC(1470)   Merge Heap Roots: 3.9ms
[2026-01-16T12:18:52.965+0000][gc,phases   ] GC(1470)   Evacuate Collection Set: 198.7ms
[2026-01-16T12:18:52.972+0000][gc,phases   ] GC(1470)   Post Evacuate Collection Set: 6.5ms
[2026-01-16T12:18:52.982+0000][gc,phases   ] GC(1470)   Other: 5.0ms
[2026-01-16T12:18:52.987+0000][gc,heap     ] GC(1470) Eden regions: 47->0(46)
[2026-01-16T12:18:52.996+0000][gc,heap     ] GC(1470) Survivor regions: 4->5(7)
[2026-01-16T12:18:53.000+0000][gc,heap     ] GC(1470) Old regions: 142->142
[2026-01-16T12:18:53.004+0000][gc,heap     ] GC(1470) Humongous regions: 47->47
[2026-01-16T12:18:53.007+0000][gc,metaspace] GC(1470) Metaspace: 13216K(13696K)->13216K(13696K) NonClass: 12101K(12288K)->12101K(12288K) Class: 1115K(1408K)->1115K(1408K)
[2026-01-16T12:18:53.008+0000][gc          ] GC(1470) Pause Young (Normal) (G1 Evacuation Pause) 238M->192M(1024M) 268.073ms
[2026-01-16T12:18:53.019+0000][gc,cpu      ] GC(1470) User=0.06s Sys=0.00s Real=0.28s
[2026-01-16T12:18:55.308+0000][gc,start    ] GC(1471) Pause Young (Normal) (G1 Evacuation Pause)
[2026-01-16T12:18:55.315+0000][gc,task     ] GC(1471) Using 8 workers of 8 for evacuation
[2026-01-16T12:18:55.875+0000][gc,mmu      ] GC(1471) MMU target violated: 201.0ms (200.0ms/201.0ms)
[2026-01-16T12:18:55.878+0000][gc,phases   ] GC(1471)   Pre Evacuate Collection Set: 13.7ms
[2026-01-16T12:18:55.879+0000][gc,phases   ] GC(1471)   Merge Heap Roots: 3.3ms
[2026-01-16T12:18:55.879+0000][gc,phases   ] GC(1471)   Evacuate Collection Set: 512.0ms
[2026-01-16T12:18:55.880+0000][gc,phases   ] GC(1471)   Post Evacuate Collection Set: 13.6ms
[2026-01-16T12:18:55.881+0000][gc,phases   ] GC(1471)   Other: 20.1ms
[2026-01-16T12:18:55.882+0000][gc,heap     ] GC(1471) Eden regions: 46->0(47)
[2026-01-16T12:18:55.887+0000][gc,heap     ] GC(1471) Survivor regions: 5->4(7)
[2026-01-16T12:18:55.890+0000][gc,heap     ] GC(1471) Old regions: 142->143
[2026-01-16T12:18:55.891+0000][gc,heap     ] GC(1471) Humongous regions: 47->47
[2026-01-16T12:18:55.894+0000][gc,metaspace] GC(1471) Metaspace: 13216K(13696K)->13216K(13696K) NonClass: 12101K(12288K)->12101K(12288K) Class: 1115K(1408K)->1115K(1408K)
[2026-01-16T12:18:55.896+0000][gc          ] GC(1471) Pause Young (Normal) (G1 Evacuation Pause) 238M->193M(1024M) 587.993ms
[2026-01-16T12:18:55.897+0000][gc,cpu      ] GC(1471) User=0.23s Sys=0.02s Real=0.59s
[2026-01-16T12:18:59.178+0000][gc,start    ] GC(1472) Pause Young (Normal) (G1 Evacuation Pause)
[2026-01-16T12:18:59.188+0000][gc,task     ] GC(1472) Using 8 workers of 8 for evacuation
[2026-01-16T12:18:59.675+0000][gc,mmu      ] GC(1472) MMU target violated: 201.0ms (200.0ms/201.0ms)
[2026-01-16T12:18:59.675+0000][gc,phases   ] GC(1472)   Pre Evacuate Collection Set: 42.9ms
[2026-01-16T12:18:59.677+0000][gc,phases   ] GC(1472)   Merge Heap Roots: 2.8ms
[2026-01-16T12:18:59.678+0000][gc,phases   ] GC(1472)   Evacuate Collection Set: 396.4ms
[2026-01-16T12:18:59.678+0000][gc,phases   ] GC(1472)   Post Evacuate Collection Set: 42.6ms
[2026-01-16T12:18:59.682+0000][gc,phases   ] GC(1472)   Other: 2.3ms
[2026-01-16T12:18:59.684+0000][gc,heap     ] GC(1472) Eden regions: 47->0(46)
[2026-01-16T12:18:59.684+0000][gc,heap     ] GC(1472) Survivor regions: 4->5(7)
[2026-01-16T12:18:59.684+0000][gc,heap     ] GC(1472) Old regions: 143->143
[2026-01-16T12:18:59.684+0000][gc,heap     ] GC(1472) Humongous regions: 47->47
[2026-01-16T12:18:59.684+0000][gc,metaspace] GC(1472) Metaspace: 13216K(13696K)->13216K(13696K) NonClass: 12101K(12288K)->12101K(12288K) Class: 1115K(1408K)->1115K(1408K)
[2026-01-16T12:18:59.692+0000][gc          ] GC(1472) Pause Young (Normal) (G1 Evacuation Pause) 240M->194M(1024M) 513.752ms
[2026-01-16T12:18:59.696+0000][gc,cpu      ] GC(1472) User=0.31s Sys=0.02s Real=0.52s
[2026-01-16T12:19:01.839+0000][gc,start    ] GC(1473) Pause Young (Normal) (G1 Evacuation Pause)
[2026-01-16T12:19:01.843+0000][gc,task     ] GC(1473) Using 8 workers of 8 for evacuation
[2026-01-16T12:19:02.357+0000][gc,mmu      ] GC(1473) MMU target violated: 201.0ms (200.0ms/201.0ms)
[2026-01-16T12:19:02.357+0000][gc,phases   ] GC(1473)   Pre Evacuate Collection Set: 179.0ms
[2026-01-16T12:19:02.359+0000][gc,phases   ] GC(1473)   Merge Heap Roots: 19.9ms
[2026-01-16T12:19:02.360+0000][gc,phases   ] GC(1473)   Evacuate Collection Set: 304.7ms
[2026-01-16T12:19:02.360+0000][gc,phases   ] GC(1473)   Post Evacuate Collection Set: 3.9ms
[2026-01-16T12:19:02.362+0000][gc,phases   ] GC(1473)   Other: 6.9ms
[2026-01-16T12:19:02.367+0000][gc,heap     ] GC(1473) Eden regions: 46->0(47)
[2026-01-16T12:19:02.367+0000][gc,heap     ] GC(1473) Survivor regions: 5->4(7)
[2026-01-16T12:19:02.367+0000][gc,heap     ] GC(1473) Old regions: 143->144
[2026-01-16T12:19:02.367+0000][gc,heap     ] GC(1473) Humongous regions: 47->47
[2026-01-16T12:19:02.368+0000][gc,metaspace] GC(1473) Metaspace: 13216K(13696K)->13216K(13696K) NonClass: 12101K(12288K)->12101K(12288K) Class: 1115K(1408K)->1115K(1408K)
[2026-01-16T12:19:02.368+0000][gc          ] GC(1473) Pause Young (Normal) (G1 Evacuation Pause) 240M->194M(1024M) 529.075ms
[2026-01-16T12:19:02.369+0000][gc,cpu      ] GC(1473) User=0.36s Sys=0.03s Real=0.53s
[2026-01-16T12:19:03.036+0000][gc,start    ] GC(1474) Pause Young (Normal) (G1 Evacuation Pause)
[2026-01-16T12:19:03.038+0000][gc,task     ] GC(1474) Using 8 workers of 8 for evacuation
[2026-01-16T12:19:03.271+0000][gc,mmu      ] GC(1474) MMU target violated: 201.0ms (200.0ms/201.0ms)
[2026-01-16T12:19:03.272+0000][gc,phases   ] GC(1474)   Pre Evacuate Collection Set: 0.7ms
[2026-01-16T12:19:03.272+0000][gc,phases   ] GC(1474)   Merge Heap Roots: 0.2ms
[2026-01-16T12:19:03.275+0000][gc,phases   ] GC(1474)   Evacuate Collection Set: 222.8ms
[2026-01-16T12:19:03.275+0000][gc,phases   ] GC(1474)   Post Evacuate Collection Set: 5.3ms
[2026-01-16T12:19:03.275+0000][gc,phases   ] GC(1474)   Other: 5.0ms
[2026-01-16T12:19:03.275+0000][gc,heap     ] GC(1474) Eden regions: 47->0(47)
[2026-01-16T12:19:03.276+0000][gc,heap     ] GC(1474) Survivor regions: 4->4(7)
[2026-01-16T12:19:03.276+0000][gc,heap     ] GC(1474) Old regions: 144->145
[2026-01-16T12:19:03.276+0000][gc,heap     ] GC(1474) Humongous regions: 47->47
[2026-01-16T12:19:03.276+0000][gc,metaspace] GC(1474) Metaspace: 13216K(13696K)->13216K(13696K) NonClass: 12101K(12288K)->12101K(12288K) Class: 1115K(1408K)->1115K(1408K)
[2026-01-16T12:19:03.276+0000][gc          ] GC(1474) Pause Young (Normal) (G1 Evacuation Pause) 241M->195M(1024M) 240.470ms
[2026-01-16T12:19:03.276+0000][gc,cpu      ] GC(1474) User=0.11s Sys=0.00s Real=0.24s
[2026-01-16T12:19:04.373+0000][gc,start    ] GC(1475) Pause Young (Normal) (G1 Evacuation Pause)
[2026-01-16T12:19:04.382+0000][gc,task     ] GC(1475) Using 8 workers of 8 for evacuation
[2026-01-16T12:19:05.115+0000][gc,mmu      ] GC(1475) MMU target violated: 201.0ms (200.0ms/201.0ms)
[2026-01-16T12:19:05.120+0000][gc,phases   ] GC(1475)   Pre Evacuate Collection Set: 9.7ms
[2026-01-16T12:19:05.124+0000][gc,phases   ] GC(1475)   Merge Heap Roots: 4.4ms
[2026-01-16T12:19:05.126+0000][gc,phases   ] GC(1475)   Evacuate Collection Set: 678.7ms
[2026-01-16T12:19:05.131+0000][gc,phases   ] GC(1475)   Post Evacuate Collection Set: 39.4ms
[2026-01-16T12:19:05.136+0000][gc,phases   ] GC(1475)   Other: 6.0ms
[2026-01-16T12:19:05.137+0000][gc,heap     ] GC(1475) Eden regions: 47->0(46)
[2026-01-16T12:19:05.138+0000][gc,heap     ] GC(1475) Survivor regions: 4->5(7)
[2026-01-16T12:19:05.141+0000][gc,heap     ] GC(1475) Old regions: 145->145
[2026-01-16T12:19:05.144+0000][gc,heap     ] GC(1475) Humongous regions: 47->47
[2026-01-16T12:19:05.148+0000][gc,metaspace] GC(1475) Metaspace: 13216K(13696K)->13216K(13696K) NonClass: 12101K(12288K)->12101K(12288K) Class: 1115K(1408K)->1115K(1408K)
[2026-01-16T12:19:05.149+0000][gc          ] GC(1475) Pause Young (Normal) (G1 Evacuation Pause) 242M->196M(1024M) 775.728ms
[2026-01-16T12:19:05.150+0000][gc,cpu      ] GC(1475) User=0.16s Sys=0.02s Real=0.78s
[2026-01-16T12:19:07.505+0000][gc,start    ] GC(1476) Pause Young (Normal) (G1 Evacuation Pause)
[2026-01-16T12:19:07.521+0000][gc,task     ] GC(1476) Using 8 workers of 8 for evacuation
[2026-01-16T12:19:08.246+0000][gc,mmu      ] GC(1476) MMU target violated: 201.0ms (200.0ms/201.0ms)
[2026-01-16T12:19:08.248+0000][gc,phases   ] GC(1476)   Pre Evacuate Collection Set: 20.9ms
[2026-01-16T12:19:08.248+0000][gc,phases   ] GC(1476)   Merge Heap Roots: 0.3ms
[2026-01-16T12:19:08.249+0000][gc,phases   ] GC(1476)   Evacuate Collection Set: 665.6ms
[2026-01-16T12:19:08.249+0000][gc,phases   ] GC(1476)   Post Evacuate Collection Set: 30.1ms
[2026-01-16T12:19:08.250+0000][gc,phases   ] GC(1476)   Other: 10.8ms
[2026-01-16T12:19:08.251+0000][gc,heap     ] GC(1476) Eden regions: 46->0(47)
[2026-01-16T12:19:08.251+0000][gc,heap     ] GC(1476) Survivor regions: 5->4(7)
[2026-01-16T12:19:08.251+0000][gc,heap     ] GC(1476) Old regions: 145->146
[2026-01-16T12:19:08.251+0000][gc,heap     ] GC(1476) Humongous regions: 47->47
[2026-01-16T12:19:08.252+0000][gc,metaspace] GC(1476) Metaspace: 13217K(13696K)->13217K(13696K) NonClass: 12101K(12288K)->12101K(12288K) Class: 1115K(1408K)->1115K(1408K)
[2026-01-16T12:19:08.252+0000][gc          ] GC(1476) Pause Young (Normal) (G1 Evacuation Pause) 242M->196M(1024M) 747.280ms
[2026-01-16T12:19:08.252+0000][gc,cpu      ] GC(1476) User=0.34s Sys=0.05s Real=0.75s
[2026-01-16T12:19:10.105+0000][gc,start    ] GC(1477) Pause Young (Normal) (G1 Evacuation Pause)
[2026-01-16T12:19:10.132+0000][gc,task     ] GC(1477) Using 8 workers of 8 for evacuation
[2026-01-16T12:19:10.618+0000][gc,mmu      ] GC(1477) MMU target violated: 201.0ms (200.0ms/201.0ms)
[2026-01-16T12:19:10.620+0000][gc,phases   ] GC(1477)   Pre Evacuate Collection Set: 29.2ms
[2026-01-16T12:19:10.622+0000][gc,phases   ] GC(1477)   Merge Heap Roots: 4.8ms
[2026-01-16T12:19:10.624+0000][gc,phases   ] GC(1477)   Evacuate Collection Set: 425.8ms
[2026-01-16T12:19:10.625+0000][gc,phases   ] GC(1477)   Post Evacuate Collection Set: 22.6ms
[2026-01-16T12:19:10.625+0000][gc,phases   ] GC(1477)   Other: 30.2ms
[2026-01-16T12:19:10.628+0000][gc,heap     ] GC(1477) Eden regions: 47->0(46)
[2026-01-16T12:19:10.635+0000][gc,heap     ] GC(1477) Survivor regions: 4->5(7)
[2026-01-16T12:19:10.638+0000][gc,heap     ] GC(1477) Old regions: 146->146
[2026-01-16T12:19:10.640+0000][gc,heap     ] GC(1477) Humongous regions: 47->47
[2026-01-16T12:19:10.647+0000][gc,metaspace] GC(1477) Metaspace: 13217K(13696K)->13217K(13696K) NonClass: 12101K(12288K)->12101K(12288K) Class: 1115K(1408K)->1115K(1408K)
[2026-01-16T12:19:10.655+0000][gc          ] GC(1477) Pause Young (Normal) (G1 Evacuation Pause) 243M->196M(1024M) 549.514ms
[2026-01-16T12:19:10.657+0000][gc,cpu      ] GC(1477) User=0.18s Sys=0.02s Real=0.55s
[2026-01-16T12:19:12.753+0000][gc,start    ] GC(1478) Pause Young (Normal) (G1 Evacuation Pause)
[2026-01-16T12:19:12.768+0000][gc,task     ] GC(1478) Using 8 workers of 8 for evacuation
[2026-01-16T12:19:13.017+0000][gc,mmu      ] GC(1478) MMU target violated: 201.0ms (200.0ms/201.0ms)
[2026-01-16T12:19:13.021+0000][gc,phases   ] GC(1478)   Pre Evacuate Collection Set: 12.9ms
[2026-01-16T12:19:13.024+0000][gc,phases   ] GC(1478)   Merge Heap Roots: 0.4ms
[2026-01-16T12:19:13.024+0000][gc,phases   ] GC(1478)   Evacuate Collection Set: 217.0ms
[2026-01-16T12:19:13.025+0000][gc,phases   ] GC(1478)   Post Evacuate Collection Set: 5.9ms
[2026-01-16T12:19:13.026+0000][gc,phases   ] GC(1478)   Other: 17.2ms
[2026-01-16T12:19:13.030+0000][gc,heap     ] GC(1478) Eden regions: 46->0(46)
[2026-01-16T12:19:13.032+0000][gc,heap     ] GC(1478) Survivor regions: 5->5(7)
[2026-01-16T12:19:13.033+0000][gc,heap     ] GC(1478) Old regions: 146->147
