[2025-12-24T14:06:58.328+0000][gc,init] CardTable entry size: 512
[2025-12-24T14:06:58.330+0000][gc     ] Using G1
[2025-12-24T14:06:58.356+0000][gc,init] Version: 21.0.4+7-LTS (release)
[2025-12-24T14:06:58.362+0000][gc,init] CPUs: 8 total, 8 available
[2025-12-24T14:06:58.368+0000][gc,init] Memory: 13709M
[2025-12-24T14:06:58.369+0000][gc,init] Large Page Support: Disabled
[2025-12-24T14:06:58.369+0000][gc,init] NUMA Support: Disabled
[2025-12-24T14:06:58.372+0000][gc,init] Compressed Oops: Enabled (32-bit)
[2025-12-24T14:06:58.372+0000][gc,init] Heap Region Size: 1M
[2025-12-24T14:06:58.377+0000][gc,init] Heap Min Capacity: 1G
[2025-12-24T14:06:58.379+0000][gc,init] Heap Initial Capacity: 1G
[2025-12-24T14:06:58.382+0000][gc,init] Heap Max Capacity: 1G
[2025-12-24T14:06:58.384+0000][gc,init] Pre-touch: Disabled
[2025-12-24T14:06:58.386+0000][gc,init] Parallel Workers: 8
[2025-12-24T14:06:58.387+0000][gc,init] Concurrent Workers: 2
[2025-12-24T14:06:58.389+0000][gc,init] Concurrent Refinement Workers: 8
[2025-12-24T14:06:58.392+0000][gc,init] Periodic GC: Disabled
[2025-12-24T14:06:58.551+0000][gc,metaspace] CDS archive(s) mapped at: [0x0000009800000000-0x0000009800bd0000-0x00000098036b0000), size 57344000, SharedBaseAddress: 0x0000009800000000, ArchiveRelocationMode: 1.
[2025-12-24T14:06:58.555+0000][gc,metaspace] Compressed class space mapped at: 0x0000009804000000-0x0000009844000000, reserved size: 1073741824
[2025-12-24T14:06:58.562+0000][gc,metaspace] Narrow klass base: 0x0000009800000000, Narrow klass shift: 0, Narrow klass range: 0x100000000
[2025-12-24T14:07:04.128+0000][gc,start    ] GC(0) Pause Young (Normal) (G1 Evacuation Pause)
[2025-12-24T14:07:04.131+0000][gc,task     ] GC(0) Using 8 workers of 8 for evacuation
[2025-12-24T14:07:04.264+0000][gc,phases   ] GC(0)   Pre Evacuate Collection Set: 1.4ms
[2025-12-24T14:07:04.265+0000][gc,phases   ] GC(0)   Merge Heap Roots: 0.1ms
[2025-12-24T14:07:04.265+0000][gc,phases   ] GC(0)   Evacuate Collection Set: 112.9ms
[2025-12-24T14:07:04.269+0000][gc,phases   ] GC(0)   Post Evacuate Collection Set: 19.0ms
[2025-12-24T14:07:04.269+0000][gc,phases   ] GC(0)   Other: 2.5ms
[2025-12-24T14:07:04.269+0000][gc,heap     ] GC(0) Eden regions: 51->0(44)
[2025-12-24T14:07:04.269+0000][gc,heap     ] GC(0) Survivor regions: 0->7(7)
[2025-12-24T14:07:04.269+0000][gc,heap     ] GC(0) Old regions: 1->7
[2025-12-24T14:07:04.269+0000][gc,heap     ] GC(0) Humongous regions: 0->0
[2025-12-24T14:07:04.269+0000][gc,metaspace] GC(0) Metaspace: 5215K(5376K)->5215K(5376K) NonClass: 4620K(4672K)->4620K(4672K) Class: 594K(704K)->594K(704K)
[2025-12-24T14:07:04.270+0000][gc          ] GC(0) Pause Young (Normal) (G1 Evacuation Pause) 51M->13M(1024M) 141.863ms
[2025-12-24T14:07:04.270+0000][gc,cpu      ] GC(0) User=0.10s Sys=0.06s Real=0.14s
[2025-12-24T14:07:09.196+0000][gc,start    ] GC(1) Pause Young (Normal) (G1 Evacuation Pause)
[2025-12-24T14:07:09.196+0000][gc,task     ] GC(1) Using 8 workers of 8 for evacuation
[2025-12-24T14:07:09.223+0000][gc,phases   ] GC(1)   Pre Evacuate Collection Set: 1.2ms
[2025-12-24T14:07:09.223+0000][gc,phases   ] GC(1)   Merge Heap Roots: 0.2ms
[2025-12-24T14:07:09.223+0000][gc,phases   ] GC(1)   Evacuate Collection Set: 24.3ms
[2025-12-24T14:07:09.223+0000][gc,phases   ] GC(1)   Post Evacuate Collection Set: 1.0ms
[2025-12-24T14:07:09.223+0000][gc,phases   ] GC(1)   Other: 0.2ms
[2025-12-24T14:07:09.224+0000][gc,heap     ] GC(1) Eden regions: 44->0(47)
[2025-12-24T14:07:09.224+0000][gc,heap     ] GC(1) Survivor regions: 7->4(7)
[2025-12-24T14:07:09.224+0000][gc,heap     ] GC(1) Old regions: 7->15
[2025-12-24T14:07:09.224+0000][gc,heap     ] GC(1) Humongous regions: 131->131
[2025-12-24T14:07:09.224+0000][gc,metaspace] GC(1) Metaspace: 7114K(7360K)->7114K(7360K) NonClass: 6218K(6336K)->6218K(6336K) Class: 896K(1024K)->896K(1024K)
[2025-12-24T14:07:09.224+0000][gc          ] GC(1) Pause Young (Normal) (G1 Evacuation Pause) 188M->148M(1024M) 28.254ms
[2025-12-24T14:07:09.224+0000][gc,cpu      ] GC(1) User=0.05s Sys=0.02s Real=0.03s
[2025-12-24T14:07:09.638+0000][gc,start    ] GC(2) Pause Young (Normal) (G1 Evacuation Pause)
[2025-12-24T14:07:09.639+0000][gc,task     ] GC(2) Using 8 workers of 8 for evacuation
[2025-12-24T14:07:09.643+0000][gc,phases   ] GC(2)   Pre Evacuate Collection Set: 0.5ms
[2025-12-24T14:07:09.643+0000][gc,phases   ] GC(2)   Merge Heap Roots: 0.0ms
[2025-12-24T14:07:09.643+0000][gc,phases   ] GC(2)   Evacuate Collection Set: 2.4ms
[2025-12-24T14:07:09.643+0000][gc,phases   ] GC(2)   Post Evacuate Collection Set: 0.3ms
[2025-12-24T14:07:09.643+0000][gc,phases   ] GC(2)   Other: 0.2ms
[2025-12-24T14:07:09.643+0000][gc,heap     ] GC(2) Eden regions: 49->0(124)
[2025-12-24T14:07:09.643+0000][gc,heap     ] GC(2) Survivor regions: 4->5(7)
[2025-12-24T14:07:09.643+0000][gc,heap     ] GC(2) Old regions: 15->15
[2025-12-24T14:07:09.643+0000][gc,heap     ] GC(2) Humongous regions: 131->131
[2025-12-24T14:07:09.643+0000][gc,metaspace] GC(2) Metaspace: 7944K(8256K)->7944K(8256K) NonClass: 6881K(7040K)->6881K(7040K) Class: 1062K(1216K)->1062K(1216K)
[2025-12-24T14:07:09.643+0000][gc          ] GC(2) Pause Young (Normal) (G1 Evacuation Pause) 197M->149M(1024M) 5.005ms
[2025-12-24T14:07:09.643+0000][gc,cpu      ] GC(2) User=0.01s Sys=0.00s Real=0.01s
[2025-12-24T14:07:18.891+0000][gc,start    ] GC(3) Pause Young (Normal) (G1 Evacuation Pause)
[2025-12-24T14:07:18.892+0000][gc,task     ] GC(3) Using 8 workers of 8 for evacuation
[2025-12-24T14:07:18.939+0000][gc,phases   ] GC(3)   Pre Evacuate Collection Set: 2.8ms
[2025-12-24T14:07:18.941+0000][gc,phases   ] GC(3)   Merge Heap Roots: 0.1ms
[2025-12-24T14:07:18.943+0000][gc,phases   ] GC(3)   Evacuate Collection Set: 34.3ms
[2025-12-24T14:07:18.947+0000][gc,phases   ] GC(3)   Post Evacuate Collection Set: 8.9ms
[2025-12-24T14:07:18.950+0000][gc,phases   ] GC(3)   Other: 1.1ms
[2025-12-24T14:07:18.952+0000][gc,heap     ] GC(3) Eden regions: 126->0(607)
[2025-12-24T14:07:18.957+0000][gc,heap     ] GC(3) Survivor regions: 5->7(17)
[2025-12-24T14:07:18.958+0000][gc,heap     ] GC(3) Old regions: 15->15
[2025-12-24T14:07:18.959+0000][gc,heap     ] GC(3) Humongous regions: 131->131
[2025-12-24T14:07:18.960+0000][gc,metaspace] GC(3) Metaspace: 10831K(11072K)->10831K(11072K) NonClass: 9430K(9536K)->9430K(9536K) Class: 1400K(1536K)->1400K(1536K)
[2025-12-24T14:07:18.961+0000][gc          ] GC(3) Pause Young (Normal) (G1 Evacuation Pause) 275M->152M(1024M) 69.794ms
[2025-12-24T14:07:18.961+0000][gc,cpu      ] GC(3) User=0.14s Sys=0.04s Real=0.07s
[2025-12-24T14:07:49.192+0000][gc,start    ] GC(4) Pause Young (Normal) (G1 Evacuation Pause)
[2025-12-24T14:07:49.193+0000][gc,task     ] GC(4) Using 8 workers of 8 for evacuation
[2025-12-24T14:07:49.208+0000][gc,phases   ] GC(4)   Pre Evacuate Collection Set: 0.8ms
[2025-12-24T14:07:49.209+0000][gc,phases   ] GC(4)   Merge Heap Roots: 0.2ms
[2025-12-24T14:07:49.209+0000][gc,phases   ] GC(4)   Evacuate Collection Set: 13.6ms
[2025-12-24T14:07:49.209+0000][gc,phases   ] GC(4)   Post Evacuate Collection Set: 0.9ms
[2025-12-24T14:07:49.209+0000][gc,phases   ] GC(4)   Other: 0.3ms
[2025-12-24T14:07:49.209+0000][gc,heap     ] GC(4) Eden regions: 607->0(603)
[2025-12-24T14:07:49.209+0000][gc,heap     ] GC(4) Survivor regions: 7->11(77)
[2025-12-24T14:07:49.209+0000][gc,heap     ] GC(4) Old regions: 15->15
[2025-12-24T14:07:49.209+0000][gc,heap     ] GC(4) Humongous regions: 131->131
[2025-12-24T14:07:49.209+0000][gc,metaspace] GC(4) Metaspace: 11517K(11840K)->11517K(11840K) NonClass: 10069K(10240K)->10069K(10240K) Class: 1448K(1600K)->1448K(1600K)
[2025-12-24T14:07:49.209+0000][gc          ] GC(4) Pause Young (Normal) (G1 Evacuation Pause) 759M->155M(1024M) 16.956ms
[2025-12-24T14:07:49.209+0000][gc,cpu      ] GC(4) User=0.05s Sys=0.02s Real=0.01s
[2025-12-24T14:08:28.852+0000][gc,start    ] GC(5) Pause Young (Normal) (G1 Evacuation Pause)
[2025-12-24T14:08:28.852+0000][gc,task     ] GC(5) Using 8 workers of 8 for evacuation
[2025-12-24T14:08:28.874+0000][gc,phases   ] GC(5)   Pre Evacuate Collection Set: 2.1ms
[2025-12-24T14:08:28.874+0000][gc,phases   ] GC(5)   Merge Heap Roots: 0.4ms
[2025-12-24T14:08:28.875+0000][gc,phases   ] GC(5)   Evacuate Collection Set: 14.5ms
[2025-12-24T14:08:28.875+0000][gc,phases   ] GC(5)   Post Evacuate Collection Set: 2.9ms
[2025-12-24T14:08:28.875+0000][gc,phases   ] GC(5)   Other: 1.9ms
[2025-12-24T14:08:28.875+0000][gc,heap     ] GC(5) Eden regions: 603->0(604)
[2025-12-24T14:08:28.875+0000][gc,heap     ] GC(5) Survivor regions: 11->10(77)
[2025-12-24T14:08:28.875+0000][gc,heap     ] GC(5) Old regions: 15->15
[2025-12-24T14:08:28.875+0000][gc,heap     ] GC(5) Humongous regions: 131->131
[2025-12-24T14:08:28.876+0000][gc,metaspace] GC(5) Metaspace: 11976K(12288K)->11976K(12288K) NonClass: 10523K(10688K)->10523K(10688K) Class: 1452K(1600K)->1452K(1600K)
[2025-12-24T14:08:28.876+0000][gc          ] GC(5) Pause Young (Normal) (G1 Evacuation Pause) 758M->154M(1024M) 24.113ms
[2025-12-24T14:08:28.876+0000][gc,cpu      ] GC(5) User=0.11s Sys=0.00s Real=0.02s
[2025-12-24T14:08:59.170+0000][gc,start    ] GC(6) Pause Young (Normal) (G1 Evacuation Pause)
[2025-12-24T14:08:59.171+0000][gc,task     ] GC(6) Using 8 workers of 8 for evacuation
[2025-12-24T14:08:59.186+0000][gc,phases   ] GC(6)   Pre Evacuate Collection Set: 0.9ms
[2025-12-24T14:08:59.186+0000][gc,phases   ] GC(6)   Merge Heap Roots: 0.2ms
[2025-12-24T14:08:59.186+0000][gc,phases   ] GC(6)   Evacuate Collection Set: 12.1ms
[2025-12-24T14:08:59.186+0000][gc,phases   ] GC(6)   Post Evacuate Collection Set: 1.5ms
[2025-12-24T14:08:59.186+0000][gc,phases   ] GC(6)   Other: 0.2ms
[2025-12-24T14:08:59.186+0000][gc,heap     ] GC(6) Eden regions: 604->0(602)
[2025-12-24T14:08:59.187+0000][gc,heap     ] GC(6) Survivor regions: 10->12(77)
[2025-12-24T14:08:59.187+0000][gc,heap     ] GC(6) Old regions: 15->15
[2025-12-24T14:08:59.187+0000][gc,heap     ] GC(6) Humongous regions: 131->131
[2025-12-24T14:08:59.187+0000][gc,metaspace] GC(6) Metaspace: 12274K(12544K)->12274K(12544K) NonClass: 10817K(10944K)->10817K(10944K) Class: 1456K(1600K)->1456K(1600K)
[2025-12-24T14:08:59.187+0000][gc          ] GC(6) Pause Young (Normal) (G1 Evacuation Pause) 758M->156M(1024M) 16.501ms
[2025-12-24T14:08:59.187+0000][gc,cpu      ] GC(6) User=0.07s Sys=0.01s Real=0.02s
[2025-12-24T14:09:38.879+0000][gc,start    ] GC(7) Pause Young (Normal) (G1 Evacuation Pause)
[2025-12-24T14:09:38.880+0000][gc,task     ] GC(7) Using 8 workers of 8 for evacuation
[2025-12-24T14:09:38.897+0000][gc,phases   ] GC(7)   Pre Evacuate Collection Set: 1.9ms
[2025-12-24T14:09:38.897+0000][gc,phases   ] GC(7)   Merge Heap Roots: 0.4ms
[2025-12-24T14:09:38.897+0000][gc,phases   ] GC(7)   Evacuate Collection Set: 13.0ms
[2025-12-24T14:09:38.897+0000][gc,phases   ] GC(7)   Post Evacuate Collection Set: 1.2ms
[2025-12-24T14:09:38.897+0000][gc,phases   ] GC(7)   Other: 0.3ms
[2025-12-24T14:09:38.897+0000][gc,heap     ] GC(7) Eden regions: 602->0(602)
[2025-12-24T14:09:38.897+0000][gc,heap     ] GC(7) Survivor regions: 12->12(77)
[2025-12-24T14:09:38.898+0000][gc,heap     ] GC(7) Old regions: 15->15
[2025-12-24T14:09:38.898+0000][gc,heap     ] GC(7) Humongous regions: 131->131
[2025-12-24T14:09:38.898+0000][gc,metaspace] GC(7) Metaspace: 12527K(12864K)->12527K(12864K) NonClass: 11071K(11264K)->11071K(11264K) Class: 1456K(1600K)->1456K(1600K)
[2025-12-24T14:09:38.898+0000][gc          ] GC(7) Pause Young (Normal) (G1 Evacuation Pause) 758M->156M(1024M) 19.102ms
[2025-12-24T14:09:38.898+0000][gc,cpu      ] GC(7) User=0.11s Sys=0.00s Real=0.02s
[2025-12-24T14:10:09.204+0000][gc,start    ] GC(8) Pause Young (Normal) (G1 Evacuation Pause)
[2025-12-24T14:10:09.205+0000][gc,task     ] GC(8) Using 8 workers of 8 for evacuation
[2025-12-24T14:10:09.226+0000][gc,phases   ] GC(8)   Pre Evacuate Collection Set: 1.0ms
[2025-12-24T14:10:09.227+0000][gc,phases   ] GC(8)   Merge Heap Roots: 0.2ms
[2025-12-24T14:10:09.227+0000][gc,phases   ] GC(8)   Evacuate Collection Set: 18.9ms
[2025-12-24T14:10:09.227+0000][gc,phases   ] GC(8)   Post Evacuate Collection Set: 1.1ms
[2025-12-24T14:10:09.227+0000][gc,phases   ] GC(8)   Other: 0.3ms
[2025-12-24T14:10:09.227+0000][gc,heap     ] GC(8) Eden regions: 602->0(601)
[2025-12-24T14:10:09.227+0000][gc,heap     ] GC(8) Survivor regions: 12->13(77)
[2025-12-24T14:10:09.227+0000][gc,heap     ] GC(8) Old regions: 15->15
[2025-12-24T14:10:09.227+0000][gc,heap     ] GC(8) Humongous regions: 131->131
[2025-12-24T14:10:09.227+0000][gc,metaspace] GC(8) Metaspace: 13052K(13376K)->13052K(13376K) NonClass: 11535K(11712K)->11535K(11712K) Class: 1517K(1664K)->1517K(1664K)
[2025-12-24T14:10:09.227+0000][gc          ] GC(8) Pause Young (Normal) (G1 Evacuation Pause) 758M->158M(1024M) 23.424ms
[2025-12-24T14:10:09.227+0000][gc,cpu      ] GC(8) User=0.15s Sys=0.00s Real=0.03s
[2025-12-24T14:10:48.873+0000][gc,start    ] GC(9) Pause Young (Normal) (G1 Evacuation Pause)
[2025-12-24T14:10:48.874+0000][gc,task     ] GC(9) Using 8 workers of 8 for evacuation
[2025-12-24T14:10:48.896+0000][gc,phases   ] GC(9)   Pre Evacuate Collection Set: 1.2ms
[2025-12-24T14:10:48.896+0000][gc,phases   ] GC(9)   Merge Heap Roots: 0.2ms
[2025-12-24T14:10:48.896+0000][gc,phases   ] GC(9)   Evacuate Collection Set: 18.4ms
[2025-12-24T14:10:48.896+0000][gc,phases   ] GC(9)   Post Evacuate Collection Set: 1.4ms
[2025-12-24T14:10:48.896+0000][gc,phases   ] GC(9)   Other: 0.3ms
[2025-12-24T14:10:48.896+0000][gc,heap     ] GC(9) Eden regions: 601->0(601)
[2025-12-24T14:10:48.896+0000][gc,heap     ] GC(9) Survivor regions: 13->13(77)
[2025-12-24T14:10:48.896+0000][gc,heap     ] GC(9) Old regions: 15->15
[2025-12-24T14:10:48.896+0000][gc,heap     ] GC(9) Humongous regions: 131->131
[2025-12-24T14:10:48.896+0000][gc,metaspace] GC(9) Metaspace: 13174K(13504K)->13174K(13504K) NonClass: 11655K(11840K)->11655K(11840K) Class: 1519K(1664K)->1519K(1664K)
[2025-12-24T14:10:48.896+0000][gc          ] GC(9) Pause Young (Normal) (G1 Evacuation Pause) 759M->157M(1024M) 23.276ms
[2025-12-24T14:10:48.896+0000][gc,cpu      ] GC(9) User=0.13s Sys=0.00s Real=0.03s
[2025-12-24T14:11:19.202+0000][gc,start    ] GC(10) Pause Young (Normal) (G1 Evacuation Pause)
[2025-12-24T14:11:19.202+0000][gc,task     ] GC(10) Using 8 workers of 8 for evacuation
[2025-12-24T14:11:19.226+0000][gc,phases   ] GC(10)   Pre Evacuate Collection Set: 1.1ms
[2025-12-24T14:11:19.226+0000][gc,phases   ] GC(10)   Merge Heap Roots: 0.1ms
[2025-12-24T14:11:19.226+0000][gc,phases   ] GC(10)   Evacuate Collection Set: 18.9ms
[2025-12-24T14:11:19.226+0000][gc,phases   ] GC(10)   Post Evacuate Collection Set: 3.1ms
[2025-12-24T14:11:19.226+0000][gc,phases   ] GC(10)   Other: 0.2ms
[2025-12-24T14:11:19.226+0000][gc,heap     ] GC(10) Eden regions: 601->0(599)
[2025-12-24T14:11:19.226+0000][gc,heap     ] GC(10) Survivor regions: 13->15(77)
[2025-12-24T14:11:19.226+0000][gc,heap     ] GC(10) Old regions: 15->15
[2025-12-24T14:11:19.226+0000][gc,heap     ] GC(10) Humongous regions: 131->131
[2025-12-24T14:11:19.226+0000][gc,metaspace] GC(10) Metaspace: 13267K(13568K)->13267K(13568K) NonClass: 11746K(11904K)->11746K(11904K) Class: 1521K(1664K)->1521K(1664K)
[2025-12-24T14:11:19.227+0000][gc          ] GC(10) Pause Young (Normal) (G1 Evacuation Pause) 758M->159M(1024M) 24.737ms
[2025-12-24T14:11:19.227+0000][gc,cpu      ] GC(10) User=0.11s Sys=0.01s Real=0.03s
[2025-12-24T14:11:58.838+0000][gc,start    ] GC(11) Pause Young (Normal) (G1 Evacuation Pause)
[2025-12-24T14:11:58.839+0000][gc,task     ] GC(11) Using 8 workers of 8 for evacuation
[2025-12-24T14:11:58.955+0000][gc,phases   ] GC(11)   Pre Evacuate Collection Set: 2.7ms
[2025-12-24T14:11:58.955+0000][gc,phases   ] GC(11)   Merge Heap Roots: 0.5ms
[2025-12-24T14:11:58.955+0000][gc,phases   ] GC(11)   Evacuate Collection Set: 101.1ms
[2025-12-24T14:11:58.955+0000][gc,phases   ] GC(11)   Post Evacuate Collection Set: 10.2ms
[2025-12-24T14:11:58.956+0000][gc,phases   ] GC(11)   Other: 0.8ms
[2025-12-24T14:11:58.956+0000][gc,heap     ] GC(11) Eden regions: 599->0(603)
[2025-12-24T14:11:58.957+0000][gc,heap     ] GC(11) Survivor regions: 15->11(77)
[2025-12-24T14:11:58.957+0000][gc,heap     ] GC(11) Old regions: 15->15
[2025-12-24T14:11:58.957+0000][gc,heap     ] GC(11) Humongous regions: 131->131
[2025-12-24T14:11:58.958+0000][gc,metaspace] GC(11) Metaspace: 13308K(13568K)->13308K(13568K) NonClass: 11784K(11904K)->11784K(11904K) Class: 1524K(1664K)->1524K(1664K)
[2025-12-24T14:11:58.962+0000][gc          ] GC(11) Pause Young (Normal) (G1 Evacuation Pause) 758M->155M(1024M) 123.623ms
[2025-12-24T14:11:58.962+0000][gc,cpu      ] GC(11) User=0.57s Sys=0.07s Real=0.12s
[2025-12-24T14:12:29.124+0000][gc,start    ] GC(12) Pause Young (Normal) (G1 Evacuation Pause)
[2025-12-24T14:12:29.125+0000][gc,task     ] GC(12) Using 8 workers of 8 for evacuation
[2025-12-24T14:12:29.146+0000][gc,phases   ] GC(12)   Pre Evacuate Collection Set: 0.9ms
[2025-12-24T14:12:29.146+0000][gc,phases   ] GC(12)   Merge Heap Roots: 0.2ms
[2025-12-24T14:12:29.146+0000][gc,phases   ] GC(12)   Evacuate Collection Set: 18.7ms
[2025-12-24T14:12:29.146+0000][gc,phases   ] GC(12)   Post Evacuate Collection Set: 1.1ms
[2025-12-24T14:12:29.146+0000][gc,phases   ] GC(12)   Other: 0.2ms
[2025-12-24T14:12:29.146+0000][gc,heap     ] GC(12) Eden regions: 603->0(602)
[2025-12-24T14:12:29.146+0000][gc,heap     ] GC(12) Survivor regions: 11->12(77)
[2025-12-24T14:12:29.146+0000][gc,heap     ] GC(12) Old regions: 15->15
[2025-12-24T14:12:29.146+0000][gc,heap     ] GC(12) Humongous regions: 131->131
[2025-12-24T14:12:29.146+0000][gc,metaspace] GC(12) Metaspace: 13356K(13696K)->13356K(13696K) NonClass: 11830K(12032K)->11830K(12032K) Class: 1526K(1664K)->1526K(1664K)
[2025-12-24T14:12:29.146+0000][gc          ] GC(12) Pause Young (Normal) (G1 Evacuation Pause) 758M->156M(1024M) 22.108ms
[2025-12-24T14:12:29.146+0000][gc,cpu      ] GC(12) User=0.14s Sys=0.00s Real=0.02s
[2025-12-24T14:13:08.829+0000][gc,start    ] GC(13) Pause Young (Normal) (G1 Evacuation Pause)
[2025-12-24T14:13:08.830+0000][gc,task     ] GC(13) Using 8 workers of 8 for evacuation
[2025-12-24T14:13:08.853+0000][gc,phases   ] GC(13)   Pre Evacuate Collection Set: 0.8ms
[2025-12-24T14:13:08.853+0000][gc,phases   ] GC(13)   Merge Heap Roots: 0.6ms
[2025-12-24T14:13:08.853+0000][gc,phases   ] GC(13)   Evacuate Collection Set: 19.6ms
[2025-12-24T14:13:08.853+0000][gc,phases   ] GC(13)   Post Evacuate Collection Set: 1.1ms
[2025-12-24T14:13:08.853+0000][gc,phases   ] GC(13)   Other: 0.4ms
[2025-12-24T14:13:08.853+0000][gc,heap     ] GC(13) Eden regions: 602->0(603)
[2025-12-24T14:13:08.853+0000][gc,heap     ] GC(13) Survivor regions: 12->11(77)
[2025-12-24T14:13:08.853+0000][gc,heap     ] GC(13) Old regions: 15->15
[2025-12-24T14:13:08.853+0000][gc,heap     ] GC(13) Humongous regions: 131->131
[2025-12-24T14:13:08.853+0000][gc,metaspace] GC(13) Metaspace: 13371K(13696K)->13371K(13696K) NonClass: 11845K(12032K)->11845K(12032K) Class: 1526K(1664K)->1526K(1664K)
[2025-12-24T14:13:08.853+0000][gc          ] GC(13) Pause Young (Normal) (G1 Evacuation Pause) 758M->156M(1024M) 24.006ms
[2025-12-24T14:13:08.854+0000][gc,cpu      ] GC(13) User=0.16s Sys=0.01s Real=0.03s
[2025-12-24T14:13:39.115+0000][gc,start    ] GC(14) Pause Young (Normal) (G1 Evacuation Pause)
[2025-12-24T14:13:39.115+0000][gc,task     ] GC(14) Using 8 workers of 8 for evacuation
[2025-12-24T14:13:39.135+0000][gc,phases   ] GC(14)   Pre Evacuate Collection Set: 1.2ms
[2025-12-24T14:13:39.135+0000][gc,phases   ] GC(14)   Merge Heap Roots: 2.2ms
[2025-12-24T14:13:39.135+0000][gc,phases   ] GC(14)   Evacuate Collection Set: 15.3ms
[2025-12-24T14:13:39.135+0000][gc,phases   ] GC(14)   Post Evacuate Collection Set: 1.0ms
[2025-12-24T14:13:39.135+0000][gc,phases   ] GC(14)   Other: 0.2ms
[2025-12-24T14:13:39.135+0000][gc,heap     ] GC(14) Eden regions: 603->0(600)
[2025-12-24T14:13:39.135+0000][gc,heap     ] GC(14) Survivor regions: 11->14(77)
[2025-12-24T14:13:39.135+0000][gc,heap     ] GC(14) Old regions: 15->15
[2025-12-24T14:13:39.135+0000][gc,heap     ] GC(14) Humongous regions: 131->131
[2025-12-24T14:13:39.135+0000][gc,metaspace] GC(14) Metaspace: 13398K(13696K)->13398K(13696K) NonClass: 11872K(12032K)->11872K(12032K) Class: 1526K(1664K)->1526K(1664K)
[2025-12-24T14:13:39.135+0000][gc          ] GC(14) Pause Young (Normal) (G1 Evacuation Pause) 759M->158M(1024M) 20.762ms
[2025-12-24T14:13:39.136+0000][gc,cpu      ] GC(14) User=0.15s Sys=0.00s Real=0.02s
[2025-12-24T14:14:18.840+0000][gc,start    ] GC(15) Pause Young (Normal) (G1 Evacuation Pause)
[2025-12-24T14:14:18.841+0000][gc,task     ] GC(15) Using 8 workers of 8 for evacuation
[2025-12-24T14:14:18.871+0000][gc,phases   ] GC(15)   Pre Evacuate Collection Set: 1.2ms
[2025-12-24T14:14:18.871+0000][gc,phases   ] GC(15)   Merge Heap Roots: 0.3ms
[2025-12-24T14:14:18.871+0000][gc,phases   ] GC(15)   Evacuate Collection Set: 27.2ms
[2025-12-24T14:14:18.871+0000][gc,phases   ] GC(15)   Post Evacuate Collection Set: 1.3ms
[2025-12-24T14:14:18.871+0000][gc,phases   ] GC(15)   Other: 0.3ms
[2025-12-24T14:14:18.871+0000][gc,heap     ] GC(15) Eden regions: 600->0(602)
[2025-12-24T14:14:18.872+0000][gc,heap     ] GC(15) Survivor regions: 14->12(77)
[2025-12-24T14:14:18.872+0000][gc,heap     ] GC(15) Old regions: 15->15
[2025-12-24T14:14:18.872+0000][gc,heap     ] GC(15) Humongous regions: 131->131
[2025-12-24T14:14:18.872+0000][gc,metaspace] GC(15) Metaspace: 13432K(13696K)->13432K(13696K) NonClass: 11904K(12032K)->11904K(12032K) Class: 1527K(1664K)->1527K(1664K)
[2025-12-24T14:14:18.872+0000][gc          ] GC(15) Pause Young (Normal) (G1 Evacuation Pause) 758M->156M(1024M) 31.852ms
[2025-12-24T14:14:18.872+0000][gc,cpu      ] GC(15) User=0.19s Sys=0.00s Real=0.03s
[2025-12-24T14:14:49.144+0000][gc,start    ] GC(16) Pause Young (Normal) (G1 Evacuation Pause)
[2025-12-24T14:14:49.145+0000][gc,task     ] GC(16) Using 8 workers of 8 for evacuation
[2025-12-24T14:14:49.162+0000][gc,phases   ] GC(16)   Pre Evacuate Collection Set: 0.8ms
[2025-12-24T14:14:49.163+0000][gc,phases   ] GC(16)   Merge Heap Roots: 0.2ms
[2025-12-24T14:14:49.163+0000][gc,phases   ] GC(16)   Evacuate Collection Set: 14.5ms
[2025-12-24T14:14:49.163+0000][gc,phases   ] GC(16)   Post Evacuate Collection Set: 2.1ms
[2025-12-24T14:14:49.163+0000][gc,phases   ] GC(16)   Other: 0.2ms
[2025-12-24T14:14:49.163+0000][gc,heap     ] GC(16) Eden regions: 602->0(602)
[2025-12-24T14:14:49.163+0000][gc,heap     ] GC(16) Survivor regions: 12->12(77)
[2025-12-24T14:14:49.163+0000][gc,heap     ] GC(16) Old regions: 15->17
[2025-12-24T14:14:49.163+0000][gc,heap     ] GC(16) Humongous regions: 131->131
[2025-12-24T14:14:49.163+0000][gc,metaspace] GC(16) Metaspace: 13445K(13760K)->13445K(13760K) NonClass: 11918K(12096K)->11918K(12096K) Class: 1527K(1664K)->1527K(1664K)
[2025-12-24T14:14:49.163+0000][gc          ] GC(16) Pause Young (Normal) (G1 Evacuation Pause) 758M->159M(1024M) 19.315ms
[2025-12-24T14:14:49.163+0000][gc,cpu      ] GC(16) User=0.09s Sys=0.01s Real=0.02s
[2025-12-24T14:15:28.828+0000][gc,start    ] GC(17) Pause Young (Normal) (G1 Evacuation Pause)
[2025-12-24T14:15:28.829+0000][gc,task     ] GC(17) Using 8 workers of 8 for evacuation
[2025-12-24T14:15:28.852+0000][gc,phases   ] GC(17)   Pre Evacuate Collection Set: 3.7ms
[2025-12-24T14:15:28.852+0000][gc,phases   ] GC(17)   Merge Heap Roots: 0.2ms
[2025-12-24T14:15:28.852+0000][gc,phases   ] GC(17)   Evacuate Collection Set: 17.8ms
[2025-12-24T14:15:28.852+0000][gc,phases   ] GC(17)   Post Evacuate Collection Set: 1.2ms
[2025-12-24T14:15:28.852+0000][gc,phases   ] GC(17)   Other: 0.2ms
[2025-12-24T14:15:28.852+0000][gc,heap     ] GC(17) Eden regions: 602->0(603)
[2025-12-24T14:15:28.852+0000][gc,heap     ] GC(17) Survivor regions: 12->11(77)
[2025-12-24T14:15:28.853+0000][gc,heap     ] GC(17) Old regions: 17->18
[2025-12-24T14:15:28.853+0000][gc,heap     ] GC(17) Humongous regions: 131->131
[2025-12-24T14:15:28.853+0000][gc,metaspace] GC(17) Metaspace: 13485K(13824K)->13485K(13824K) NonClass: 11957K(12160K)->11957K(12160K) Class: 1527K(1664K)->1527K(1664K)
[2025-12-24T14:15:28.853+0000][gc          ] GC(17) Pause Young (Normal) (G1 Evacuation Pause) 761M->158M(1024M) 24.905ms
[2025-12-24T14:15:28.853+0000][gc,cpu      ] GC(17) User=0.15s Sys=0.00s Real=0.02s
[2025-12-24T14:15:59.129+0000][gc,start    ] GC(18) Pause Young (Normal) (G1 Evacuation Pause)
[2025-12-24T14:15:59.130+0000][gc,task     ] GC(18) Using 8 workers of 8 for evacuation
[2025-12-24T14:15:59.144+0000][gc,phases   ] GC(18)   Pre Evacuate Collection Set: 0.9ms
[2025-12-24T14:15:59.144+0000][gc,phases   ] GC(18)   Merge Heap Roots: 0.2ms
[2025-12-24T14:15:59.144+0000][gc,phases   ] GC(18)   Evacuate Collection Set: 11.7ms
[2025-12-24T14:15:59.144+0000][gc,phases   ] GC(18)   Post Evacuate Collection Set: 1.0ms
[2025-12-24T14:15:59.144+0000][gc,phases   ] GC(18)   Other: 0.3ms
[2025-12-24T14:15:59.144+0000][gc,heap     ] GC(18) Eden regions: 603->0(609)
[2025-12-24T14:15:59.145+0000][gc,heap     ] GC(18) Survivor regions: 11->5(77)
[2025-12-24T14:15:59.145+0000][gc,heap     ] GC(18) Old regions: 18->21
[2025-12-24T14:15:59.145+0000][gc,heap     ] GC(18) Humongous regions: 131->131
[2025-12-24T14:15:59.145+0000][gc,metaspace] GC(18) Metaspace: 13516K(13824K)->13516K(13824K) NonClass: 11989K(12160K)->11989K(12160K) Class: 1527K(1664K)->1527K(1664K)
[2025-12-24T14:15:59.145+0000][gc          ] GC(18) Pause Young (Normal) (G1 Evacuation Pause) 761M->156M(1024M) 15.840ms
[2025-12-24T14:15:59.145+0000][gc,cpu      ] GC(18) User=0.10s Sys=0.00s Real=0.02s
[2025-12-24T14:16:38.856+0000][gc,start    ] GC(19) Pause Young (Normal) (G1 Evacuation Pause)
[2025-12-24T14:16:38.857+0000][gc,task     ] GC(19) Using 8 workers of 8 for evacuation
[2025-12-24T14:16:38.869+0000][gc,phases   ] GC(19)   Pre Evacuate Collection Set: 0.9ms
[2025-12-24T14:16:38.869+0000][gc,phases   ] GC(19)   Merge Heap Roots: 0.2ms
[2025-12-24T14:16:38.869+0000][gc,phases   ] GC(19)   Evacuate Collection Set: 8.9ms
[2025-12-24T14:16:38.869+0000][gc,phases   ] GC(19)   Post Evacuate Collection Set: 1.1ms
[2025-12-24T14:16:38.869+0000][gc,phases   ] GC(19)   Other: 0.2ms
[2025-12-24T14:16:38.869+0000][gc,heap     ] GC(19) Eden regions: 609->0(610)
[2025-12-24T14:16:38.869+0000][gc,heap     ] GC(19) Survivor regions: 5->4(77)
[2025-12-24T14:16:38.869+0000][gc,heap     ] GC(19) Old regions: 21->22
[2025-12-24T14:16:38.869+0000][gc,heap     ] GC(19) Humongous regions: 131->131
[2025-12-24T14:16:38.869+0000][gc,metaspace] GC(19) Metaspace: 13526K(13824K)->13526K(13824K) NonClass: 11999K(12160K)->11999K(12160K) Class: 1527K(1664K)->1527K(1664K)
[2025-12-24T14:16:38.869+0000][gc          ] GC(19) Pause Young (Normal) (G1 Evacuation Pause) 765M->155M(1024M) 13.291ms
[2025-12-24T14:16:38.870+0000][gc,cpu      ] GC(19) User=0.07s Sys=0.00s Real=0.02s
[2025-12-24T14:17:09.232+0000][gc,start    ] GC(20) Pause Young (Normal) (G1 Evacuation Pause)
[2025-12-24T14:17:09.233+0000][gc,task     ] GC(20) Using 8 workers of 8 for evacuation
[2025-12-24T14:17:09.246+0000][gc,phases   ] GC(20)   Pre Evacuate Collection Set: 1.1ms
[2025-12-24T14:17:09.246+0000][gc,phases   ] GC(20)   Merge Heap Roots: 0.2ms
[2025-12-24T14:17:09.246+0000][gc,phases   ] GC(20)   Evacuate Collection Set: 9.9ms
[2025-12-24T14:17:09.246+0000][gc,phases   ] GC(20)   Post Evacuate Collection Set: 1.4ms
[2025-12-24T14:17:09.246+0000][gc,phases   ] GC(20)   Other: 0.3ms
[2025-12-24T14:17:09.246+0000][gc,heap     ] GC(20) Eden regions: 610->0(608)
[2025-12-24T14:17:09.246+0000][gc,heap     ] GC(20) Survivor regions: 4->6(77)
[2025-12-24T14:17:09.246+0000][gc,heap     ] GC(20) Old regions: 22->22
[2025-12-24T14:17:09.246+0000][gc,heap     ] GC(20) Humongous regions: 131->131
[2025-12-24T14:17:09.246+0000][gc,metaspace] GC(20) Metaspace: 13535K(13824K)->13535K(13824K) NonClass: 12008K(12160K)->12008K(12160K) Class: 1527K(1664K)->1527K(1664K)
[2025-12-24T14:17:09.246+0000][gc          ] GC(20) Pause Young (Normal) (G1 Evacuation Pause) 765M->157M(1024M) 14.324ms
[2025-12-24T14:17:09.246+0000][gc,cpu      ] GC(20) User=0.07s Sys=0.00s Real=0.01s
[2025-12-24T14:17:51.903+0000][gc,start    ] GC(21) Pause Young (Normal) (G1 Evacuation Pause)
[2025-12-24T14:17:51.903+0000][gc,task     ] GC(21) Using 8 workers of 8 for evacuation
[2025-12-24T14:17:51.918+0000][gc,phases   ] GC(21)   Pre Evacuate Collection Set: 1.5ms
[2025-12-24T14:17:51.918+0000][gc,phases   ] GC(21)   Merge Heap Roots: 0.2ms
[2025-12-24T14:17:51.918+0000][gc,phases   ] GC(21)   Evacuate Collection Set: 11.7ms
[2025-12-24T14:17:51.918+0000][gc,phases   ] GC(21)   Post Evacuate Collection Set: 1.2ms
[2025-12-24T14:17:51.919+0000][gc,phases   ] GC(21)   Other: 0.3ms
[2025-12-24T14:17:51.919+0000][gc,heap     ] GC(21) Eden regions: 608->0(609)
[2025-12-24T14:17:51.919+0000][gc,heap     ] GC(21) Survivor regions: 6->5(77)
[2025-12-24T14:17:51.919+0000][gc,heap     ] GC(21) Old regions: 22->22
[2025-12-24T14:17:51.919+0000][gc,heap     ] GC(21) Humongous regions: 131->131
[2025-12-24T14:17:51.919+0000][gc,metaspace] GC(21) Metaspace: 13623K(14016K)->13623K(14016K) NonClass: 12089K(12288K)->12089K(12288K) Class: 1534K(1728K)->1534K(1728K)
[2025-12-24T14:17:51.919+0000][gc          ] GC(21) Pause Young (Normal) (G1 Evacuation Pause) 765M->157M(1024M) 16.233ms
[2025-12-24T14:17:51.919+0000][gc,cpu      ] GC(21) User=0.09s Sys=0.00s Real=0.02s
[2025-12-24T14:18:22.282+0000][gc,start    ] GC(22) Pause Young (Normal) (G1 Evacuation Pause)
[2025-12-24T14:18:22.283+0000][gc,task     ] GC(22) Using 8 workers of 8 for evacuation
[2025-12-24T14:18:22.296+0000][gc,phases   ] GC(22)   Pre Evacuate Collection Set: 2.5ms
[2025-12-24T14:18:22.297+0000][gc,phases   ] GC(22)   Merge Heap Roots: 0.8ms
[2025-12-24T14:18:22.297+0000][gc,phases   ] GC(22)   Evacuate Collection Set: 7.7ms
[2025-12-24T14:18:22.297+0000][gc,phases   ] GC(22)   Post Evacuate Collection Set: 1.9ms
[2025-12-24T14:18:22.297+0000][gc,phases   ] GC(22)   Other: 0.3ms
[2025-12-24T14:18:22.297+0000][gc,heap     ] GC(22) Eden regions: 609->0(606)
[2025-12-24T14:18:22.297+0000][gc,heap     ] GC(22) Survivor regions: 5->8(77)
[2025-12-24T14:18:22.297+0000][gc,heap     ] GC(22) Old regions: 22->22
[2025-12-24T14:18:22.297+0000][gc,heap     ] GC(22) Humongous regions: 131->131
[2025-12-24T14:18:22.297+0000][gc,metaspace] GC(22) Metaspace: 13624K(14016K)->13624K(14016K) NonClass: 12090K(12288K)->12090K(12288K) Class: 1534K(1728K)->1534K(1728K)
[2025-12-24T14:18:22.297+0000][gc          ] GC(22) Pause Young (Normal) (G1 Evacuation Pause) 766M->159M(1024M) 15.070ms
[2025-12-24T14:18:22.297+0000][gc,cpu      ] GC(22) User=0.07s Sys=0.00s Real=0.02s
[2025-12-24T14:19:01.878+0000][gc,start    ] GC(23) Pause Young (Normal) (G1 Evacuation Pause)
[2025-12-24T14:19:01.878+0000][gc,task     ] GC(23) Using 8 workers of 8 for evacuation
[2025-12-24T14:19:01.888+0000][gc,phases   ] GC(23)   Pre Evacuate Collection Set: 1.0ms
[2025-12-24T14:19:01.889+0000][gc,phases   ] GC(23)   Merge Heap Roots: 0.2ms
[2025-12-24T14:19:01.889+0000][gc,phases   ] GC(23)   Evacuate Collection Set: 7.7ms
[2025-12-24T14:19:01.889+0000][gc,phases   ] GC(23)   Post Evacuate Collection Set: 1.1ms
[2025-12-24T14:19:01.889+0000][gc,phases   ] GC(23)   Other: 0.3ms
[2025-12-24T14:19:01.889+0000][gc,heap     ] GC(23) Eden regions: 606->0(607)
[2025-12-24T14:19:01.889+0000][gc,heap     ] GC(23) Survivor regions: 8->7(77)
[2025-12-24T14:19:01.889+0000][gc,heap     ] GC(23) Old regions: 22->22
[2025-12-24T14:19:01.889+0000][gc,heap     ] GC(23) Humongous regions: 131->131
[2025-12-24T14:19:01.889+0000][gc,metaspace] GC(23) Metaspace: 13627K(14016K)->13627K(14016K) NonClass: 12092K(12288K)->12092K(12288K) Class: 1534K(1728K)->1534K(1728K)
[2025-12-24T14:19:01.889+0000][gc          ] GC(23) Pause Young (Normal) (G1 Evacuation Pause) 765M->159M(1024M) 11.308ms
[2025-12-24T14:19:01.889+0000][gc,cpu      ] GC(23) User=0.06s Sys=0.00s Real=0.01s
[2025-12-24T14:19:32.383+0000][gc,start    ] GC(24) Pause Young (Normal) (G1 Evacuation Pause)
[2025-12-24T14:19:32.384+0000][gc,task     ] GC(24) Using 8 workers of 8 for evacuation
[2025-12-24T14:19:32.393+0000][gc,phases   ] GC(24)   Pre Evacuate Collection Set: 1.1ms
[2025-12-24T14:19:32.393+0000][gc,phases   ] GC(24)   Merge Heap Roots: 0.3ms
[2025-12-24T14:19:32.393+0000][gc,phases   ] GC(24)   Evacuate Collection Set: 6.7ms
[2025-12-24T14:19:32.393+0000][gc,phases   ] GC(24)   Post Evacuate Collection Set: 0.9ms
[2025-12-24T14:19:32.393+0000][gc,phases   ] GC(24)   Other: 0.3ms
[2025-12-24T14:19:32.394+0000][gc,heap     ] GC(24) Eden regions: 607->0(605)
[2025-12-24T14:19:32.394+0000][gc,heap     ] GC(24) Survivor regions: 7->9(77)
[2025-12-24T14:19:32.394+0000][gc,heap     ] GC(24) Old regions: 22->22
[2025-12-24T14:19:32.394+0000][gc,heap     ] GC(24) Humongous regions: 131->131
[2025-12-24T14:19:32.394+0000][gc,metaspace] GC(24) Metaspace: 13678K(14016K)->13678K(14016K) NonClass: 12143K(12288K)->12143K(12288K) Class: 1534K(1728K)->1534K(1728K)
[2025-12-24T14:19:32.394+0000][gc          ] GC(24) Pause Young (Normal) (G1 Evacuation Pause) 766M->161M(1024M) 11.366ms
[2025-12-24T14:19:32.394+0000][gc,cpu      ] GC(24) User=0.05s Sys=0.00s Real=0.01s
[2025-12-24T14:20:11.903+0000][gc,start    ] GC(25) Pause Young (Normal) (G1 Evacuation Pause)
[2025-12-24T14:20:11.904+0000][gc,task     ] GC(25) Using 8 workers of 8 for evacuation
[2025-12-24T14:20:11.910+0000][gc,phases   ] GC(25)   Pre Evacuate Collection Set: 0.9ms
[2025-12-24T14:20:11.910+0000][gc,phases   ] GC(25)   Merge Heap Roots: 0.2ms
[2025-12-24T14:20:11.910+0000][gc,phases   ] GC(25)   Evacuate Collection Set: 4.3ms
[2025-12-24T14:20:11.910+0000][gc,phases   ] GC(25)   Post Evacuate Collection Set: 0.9ms
[2025-12-24T14:20:11.910+0000][gc,phases   ] GC(25)   Other: 0.2ms
[2025-12-24T14:20:11.910+0000][gc,heap     ] GC(25) Eden regions: 605->0(609)
[2025-12-24T14:20:11.910+0000][gc,heap     ] GC(25) Survivor regions: 9->5(77)
[2025-12-24T14:20:11.911+0000][gc,heap     ] GC(25) Old regions: 22->22
[2025-12-24T14:20:11.911+0000][gc,heap     ] GC(25) Humongous regions: 131->131
[2025-12-24T14:20:11.911+0000][gc,metaspace] GC(25) Metaspace: 13710K(14080K)->13710K(14080K) NonClass: 12176K(12352K)->12176K(12352K) Class: 1534K(1728K)->1534K(1728K)
[2025-12-24T14:20:11.911+0000][gc          ] GC(25) Pause Young (Normal) (G1 Evacuation Pause) 766M->156M(1024M) 7.622ms
[2025-12-24T14:20:11.911+0000][gc,cpu      ] GC(25) User=0.04s Sys=0.00s Real=0.01s
[2025-12-24T14:20:42.297+0000][gc,start    ] GC(26) Pause Young (Normal) (G1 Evacuation Pause)
[2025-12-24T14:20:42.298+0000][gc,task     ] GC(26) Using 8 workers of 8 for evacuation
[2025-12-24T14:20:42.307+0000][gc,phases   ] GC(26)   Pre Evacuate Collection Set: 0.8ms
[2025-12-24T14:20:42.307+0000][gc,phases   ] GC(26)   Merge Heap Roots: 0.2ms
[2025-12-24T14:20:42.307+0000][gc,phases   ] GC(26)   Evacuate Collection Set: 7.2ms
[2025-12-24T14:20:42.307+0000][gc,phases   ] GC(26)   Post Evacuate Collection Set: 0.8ms
[2025-12-24T14:20:42.307+0000][gc,phases   ] GC(26)   Other: 0.2ms
[2025-12-24T14:20:42.307+0000][gc,heap     ] GC(26) Eden regions: 609->0(607)
[2025-12-24T14:20:42.307+0000][gc,heap     ] GC(26) Survivor regions: 5->7(77)
[2025-12-24T14:20:42.307+0000][gc,heap     ] GC(26) Old regions: 22->22
[2025-12-24T14:20:42.307+0000][gc,heap     ] GC(26) Humongous regions: 131->131
[2025-12-24T14:20:42.307+0000][gc,metaspace] GC(26) Metaspace: 13721K(14144K)->13721K(14144K) NonClass: 12187K(12416K)->12187K(12416K) Class: 1534K(1728K)->1534K(1728K)
[2025-12-24T14:20:42.307+0000][gc          ] GC(26) Pause Young (Normal) (G1 Evacuation Pause) 765M->159M(1024M) 10.180ms
[2025-12-24T14:20:42.307+0000][gc,cpu      ] GC(26) User=0.06s Sys=0.00s Real=0.01s
[2025-12-24T14:21:21.982+0000][gc,start    ] GC(27) Pause Young (Normal) (G1 Evacuation Pause)
[2025-12-24T14:21:21.982+0000][gc,task     ] GC(27) Using 8 workers of 8 for evacuation
[2025-12-24T14:21:22.001+0000][gc,phases   ] GC(27)   Pre Evacuate Collection Set: 0.9ms
[2025-12-24T14:21:22.002+0000][gc,phases   ] GC(27)   Merge Heap Roots: 0.2ms
[2025-12-24T14:21:22.002+0000][gc,phases   ] GC(27)   Evacuate Collection Set: 16.7ms
[2025-12-24T14:21:22.002+0000][gc,phases   ] GC(27)   Post Evacuate Collection Set: 1.1ms
[2025-12-24T14:21:22.002+0000][gc,phases   ] GC(27)   Other: 0.2ms
[2025-12-24T14:21:22.002+0000][gc,heap     ] GC(27) Eden regions: 607->0(608)
[2025-12-24T14:21:22.002+0000][gc,heap     ] GC(27) Survivor regions: 7->6(77)
[2025-12-24T14:21:22.002+0000][gc,heap     ] GC(27) Old regions: 22->22
[2025-12-24T14:21:22.002+0000][gc,heap     ] GC(27) Humongous regions: 131->131
[2025-12-24T14:21:22.002+0000][gc,metaspace] GC(27) Metaspace: 13759K(14144K)->13759K(14144K) NonClass: 12225K(12416K)->12225K(12416K) Class: 1534K(1728K)->1534K(1728K)
[2025-12-24T14:21:22.002+0000][gc          ] GC(27) Pause Young (Normal) (G1 Evacuation Pause) 766M->158M(1024M) 20.668ms
[2025-12-24T14:21:22.002+0000][gc,cpu      ] GC(27) User=0.12s Sys=0.00s Real=0.02s
[2025-12-24T14:21:52.313+0000][gc,start    ] GC(28) Pause Young (Normal) (G1 Evacuation Pause)
[2025-12-24T14:21:52.314+0000][gc,task     ] GC(28) Using 8 workers of 8 for evacuation
[2025-12-24T14:21:52.326+0000][gc,phases   ] GC(28)   Pre Evacuate Collection Set: 4.7ms
[2025-12-24T14:21:52.327+0000][gc,phases   ] GC(28)   Merge Heap Roots: 1.0ms
[2025-12-24T14:21:52.327+0000][gc,phases   ] GC(28)   Evacuate Collection Set: 5.4ms
[2025-12-24T14:21:52.327+0000][gc,phases   ] GC(28)   Post Evacuate Collection Set: 0.9ms
[2025-12-24T14:21:52.327+0000][gc,phases   ] GC(28)   Other: 0.3ms
[2025-12-24T14:21:52.327+0000][gc,heap     ] GC(28) Eden regions: 608->0(606)
[2025-12-24T14:21:52.327+0000][gc,heap     ] GC(28) Survivor regions: 6->8(77)
[2025-12-24T14:21:52.327+0000][gc,heap     ] GC(28) Old regions: 22->22
[2025-12-24T14:21:52.327+0000][gc,heap     ] GC(28) Humongous regions: 131->131
[2025-12-24T14:21:52.327+0000][gc,metaspace] GC(28) Metaspace: 13771K(14144K)->13771K(14144K) NonClass: 12237K(12416K)->12237K(12416K) Class: 1534K(1728K)->1534K(1728K)
[2025-12-24T14:21:52.327+0000][gc          ] GC(28) Pause Young (Normal) (G1 Evacuation Pause) 766M->160M(1024M) 14.034ms
[2025-12-24T14:21:52.327+0000][gc,cpu      ] GC(28) User=0.07s Sys=0.01s Real=0.01s
[2025-12-24T14:22:31.998+0000][gc,start    ] GC(29) Pause Young (Normal) (G1 Evacuation Pause)
[2025-12-24T14:22:31.999+0000][gc,task     ] GC(29) Using 8 workers of 8 for evacuation
[2025-12-24T14:22:32.008+0000][gc,phases   ] GC(29)   Pre Evacuate Collection Set: 1.1ms
[2025-12-24T14:22:32.008+0000][gc,phases   ] GC(29)   Merge Heap Roots: 0.2ms
[2025-12-24T14:22:32.008+0000][gc,phases   ] GC(29)   Evacuate Collection Set: 6.3ms
[2025-12-24T14:22:32.008+0000][gc,phases   ] GC(29)   Post Evacuate Collection Set: 0.9ms
[2025-12-24T14:22:32.008+0000][gc,phases   ] GC(29)   Other: 0.3ms
[2025-12-24T14:22:32.008+0000][gc,heap     ] GC(29) Eden regions: 606->0(607)
[2025-12-24T14:22:32.008+0000][gc,heap     ] GC(29) Survivor regions: 8->7(77)
[2025-12-24T14:22:32.008+0000][gc,heap     ] GC(29) Old regions: 22->23
[2025-12-24T14:22:32.008+0000][gc,heap     ] GC(29) Humongous regions: 131->131
[2025-12-24T14:22:32.008+0000][gc,metaspace] GC(29) Metaspace: 13780K(14144K)->13780K(14144K) NonClass: 12246K(12416K)->12246K(12416K) Class: 1534K(1728K)->1534K(1728K)
[2025-12-24T14:22:32.008+0000][gc          ] GC(29) Pause Young (Normal) (G1 Evacuation Pause) 766M->160M(1024M) 9.877ms
[2025-12-24T14:22:32.008+0000][gc,cpu      ] GC(29) User=0.05s Sys=0.00s Real=0.01s
[2025-12-24T14:23:02.326+0000][gc,start    ] GC(30) Pause Young (Normal) (G1 Evacuation Pause)
[2025-12-24T14:23:02.327+0000][gc,task     ] GC(30) Using 8 workers of 8 for evacuation
[2025-12-24T14:23:02.341+0000][gc,phases   ] GC(30)   Pre Evacuate Collection Set: 0.8ms
[2025-12-24T14:23:02.341+0000][gc,phases   ] GC(30)   Merge Heap Roots: 0.2ms
[2025-12-24T14:23:02.341+0000][gc,phases   ] GC(30)   Evacuate Collection Set: 12.0ms
[2025-12-24T14:23:02.341+0000][gc,phases   ] GC(30)   Post Evacuate Collection Set: 1.0ms
[2025-12-24T14:23:02.341+0000][gc,phases   ] GC(30)   Other: 0.2ms
[2025-12-24T14:23:02.341+0000][gc,heap     ] GC(30) Eden regions: 607->0(607)
[2025-12-24T14:23:02.341+0000][gc,heap     ] GC(30) Survivor regions: 7->7(77)
[2025-12-24T14:23:02.341+0000][gc,heap     ] GC(30) Old regions: 23->23
[2025-12-24T14:23:02.341+0000][gc,heap     ] GC(30) Humongous regions: 131->131
[2025-12-24T14:23:02.342+0000][gc,metaspace] GC(30) Metaspace: 13795K(14144K)->13795K(14144K) NonClass: 12261K(12416K)->12261K(12416K) Class: 1534K(1728K)->1534K(1728K)
[2025-12-24T14:23:02.342+0000][gc          ] GC(30) Pause Young (Normal) (G1 Evacuation Pause) 767M->159M(1024M) 15.314ms
[2025-12-24T14:23:02.342+0000][gc,cpu      ] GC(30) User=0.09s Sys=0.00s Real=0.01s
[2025-12-24T14:23:42.006+0000][gc,start    ] GC(31) Pause Young (Normal) (G1 Evacuation Pause)
[2025-12-24T14:23:42.008+0000][gc,task     ] GC(31) Using 8 workers of 8 for evacuation
[2025-12-24T14:23:42.017+0000][gc,phases   ] GC(31)   Pre Evacuate Collection Set: 0.8ms
[2025-12-24T14:23:42.017+0000][gc,phases   ] GC(31)   Merge Heap Roots: 0.2ms
[2025-12-24T14:23:42.018+0000][gc,phases   ] GC(31)   Evacuate Collection Set: 7.7ms
[2025-12-24T14:23:42.018+0000][gc,phases   ] GC(31)   Post Evacuate Collection Set: 0.9ms
[2025-12-24T14:23:42.018+0000][gc,phases   ] GC(31)   Other: 0.2ms
[2025-12-24T14:23:42.018+0000][gc,heap     ] GC(31) Eden regions: 607->0(605)
[2025-12-24T14:23:42.018+0000][gc,heap     ] GC(31) Survivor regions: 7->9(77)
[2025-12-24T14:23:42.018+0000][gc,heap     ] GC(31) Old regions: 23->23
[2025-12-24T14:23:42.018+0000][gc,heap     ] GC(31) Humongous regions: 131->131
[2025-12-24T14:23:42.018+0000][gc,metaspace] GC(31) Metaspace: 13807K(14208K)->13807K(14208K) NonClass: 12272K(12480K)->12272K(12480K) Class: 1534K(1728K)->1534K(1728K)
[2025-12-24T14:23:42.018+0000][gc          ] GC(31) Pause Young (Normal) (G1 Evacuation Pause) 766M->162M(1024M) 11.551ms
[2025-12-24T14:23:42.018+0000][gc,cpu      ] GC(31) User=0.06s Sys=0.00s Real=0.01s
[2025-12-24T14:24:21.737+0000][gc,start    ] GC(32) Pause Young (Normal) (G1 Evacuation Pause)
[2025-12-24T14:24:21.737+0000][gc,task     ] GC(32) Using 8 workers of 8 for evacuation
[2025-12-24T14:24:21.744+0000][gc,phases   ] GC(32)   Pre Evacuate Collection Set: 0.9ms
[2025-12-24T14:24:21.744+0000][gc,phases   ] GC(32)   Merge Heap Roots: 0.2ms
[2025-12-24T14:24:21.744+0000][gc,phases   ] GC(32)   Evacuate Collection Set: 4.4ms
[2025-12-24T14:24:21.744+0000][gc,phases   ] GC(32)   Post Evacuate Collection Set: 1.2ms
[2025-12-24T14:24:21.744+0000][gc,phases   ] GC(32)   Other: 0.3ms
[2025-12-24T14:24:21.744+0000][gc,heap     ] GC(32) Eden regions: 605->0(609)
[2025-12-24T14:24:21.745+0000][gc,heap     ] GC(32) Survivor regions: 9->5(77)
[2025-12-24T14:24:21.745+0000][gc,heap     ] GC(32) Old regions: 23->23
[2025-12-24T14:24:21.745+0000][gc,heap     ] GC(32) Humongous regions: 131->131
[2025-12-24T14:24:21.745+0000][gc,metaspace] GC(32) Metaspace: 13842K(14208K)->13842K(14208K) NonClass: 12308K(12480K)->12308K(12480K) Class: 1534K(1728K)->1534K(1728K)
[2025-12-24T14:24:21.745+0000][gc          ] GC(32) Pause Young (Normal) (G1 Evacuation Pause) 767M->157M(1024M) 8.215ms
[2025-12-24T14:24:21.745+0000][gc,cpu      ] GC(32) User=0.04s Sys=0.00s Real=0.01s
[2025-12-24T14:24:52.079+0000][gc,start    ] GC(33) Pause Young (Normal) (G1 Evacuation Pause)
[2025-12-24T14:24:52.079+0000][gc,task     ] GC(33) Using 8 workers of 8 for evacuation
[2025-12-24T14:24:52.087+0000][gc,phases   ] GC(33)   Pre Evacuate Collection Set: 1.0ms
[2025-12-24T14:24:52.088+0000][gc,phases   ] GC(33)   Merge Heap Roots: 0.2ms
[2025-12-24T14:24:52.088+0000][gc,phases   ] GC(33)   Evacuate Collection Set: 5.9ms
[2025-12-24T14:24:52.088+0000][gc,phases   ] GC(33)   Post Evacuate Collection Set: 1.0ms
[2025-12-24T14:24:52.088+0000][gc,phases   ] GC(33)   Other: 0.2ms
[2025-12-24T14:24:52.088+0000][gc,heap     ] GC(33) Eden regions: 609->0(608)
[2025-12-24T14:24:52.088+0000][gc,heap     ] GC(33) Survivor regions: 5->6(77)
[2025-12-24T14:24:52.088+0000][gc,heap     ] GC(33) Old regions: 23->23
[2025-12-24T14:24:52.088+0000][gc,heap     ] GC(33) Humongous regions: 131->131
[2025-12-24T14:24:52.088+0000][gc,metaspace] GC(33) Metaspace: 13850K(14208K)->13850K(14208K) NonClass: 12316K(12480K)->12316K(12480K) Class: 1534K(1728K)->1534K(1728K)
[2025-12-24T14:24:52.088+0000][gc          ] GC(33) Pause Young (Normal) (G1 Evacuation Pause) 766M->159M(1024M) 9.378ms
[2025-12-24T14:24:52.088+0000][gc,cpu      ] GC(33) User=0.05s Sys=0.00s Real=0.01s
[2025-12-24T14:25:31.795+0000][gc,start    ] GC(34) Pause Young (Normal) (G1 Evacuation Pause)
[2025-12-24T14:25:31.796+0000][gc,task     ] GC(34) Using 8 workers of 8 for evacuation
[2025-12-24T14:25:31.810+0000][gc,phases   ] GC(34)   Pre Evacuate Collection Set: 0.7ms
[2025-12-24T14:25:31.810+0000][gc,phases   ] GC(34)   Merge Heap Roots: 0.2ms
[2025-12-24T14:25:31.810+0000][gc,phases   ] GC(34)   Evacuate Collection Set: 11.5ms
[2025-12-24T14:25:31.810+0000][gc,phases   ] GC(34)   Post Evacuate Collection Set: 1.3ms
[2025-12-24T14:25:31.810+0000][gc,phases   ] GC(34)   Other: 0.2ms
[2025-12-24T14:25:31.810+0000][gc,heap     ] GC(34) Eden regions: 608->0(608)
[2025-12-24T14:25:31.810+0000][gc,heap     ] GC(34) Survivor regions: 6->6(77)
[2025-12-24T14:25:31.810+0000][gc,heap     ] GC(34) Old regions: 23->23
[2025-12-24T14:25:31.810+0000][gc,heap     ] GC(34) Humongous regions: 131->131
[2025-12-24T14:25:31.810+0000][gc,metaspace] GC(34) Metaspace: 13853K(14208K)->13853K(14208K) NonClass: 12318K(12480K)->12318K(12480K) Class: 1534K(1728K)->1534K(1728K)
[2025-12-24T14:25:31.810+0000][gc          ] GC(34) Pause Young (Normal) (G1 Evacuation Pause) 767M->159M(1024M) 14.857ms
[2025-12-24T14:25:31.810+0000][gc,cpu      ] GC(34) User=0.10s Sys=0.00s Real=0.02s
[2025-12-24T14:26:02.089+0000][gc,start    ] GC(35) Pause Young (Normal) (G1 Evacuation Pause)
[2025-12-24T14:26:02.090+0000][gc,task     ] GC(35) Using 8 workers of 8 for evacuation
[2025-12-24T14:26:02.101+0000][gc,phases   ] GC(35)   Pre Evacuate Collection Set: 1.0ms
[2025-12-24T14:26:02.101+0000][gc,phases   ] GC(35)   Merge Heap Roots: 0.3ms
[2025-12-24T14:26:02.101+0000][gc,phases   ] GC(35)   Evacuate Collection Set: 7.5ms
[2025-12-24T14:26:02.102+0000][gc,phases   ] GC(35)   Post Evacuate Collection Set: 2.0ms
[2025-12-24T14:26:02.102+0000][gc,phases   ] GC(35)   Other: 0.3ms
[2025-12-24T14:26:02.102+0000][gc,heap     ] GC(35) Eden regions: 608->0(606)
[2025-12-24T14:26:02.102+0000][gc,heap     ] GC(35) Survivor regions: 6->8(77)
[2025-12-24T14:26:02.102+0000][gc,heap     ] GC(35) Old regions: 23->23
[2025-12-24T14:26:02.102+0000][gc,heap     ] GC(35) Humongous regions: 131->131
[2025-12-24T14:26:02.102+0000][gc,metaspace] GC(35) Metaspace: 13858K(14208K)->13858K(14208K) NonClass: 12323K(12480K)->12323K(12480K) Class: 1534K(1728K)->1534K(1728K)
[2025-12-24T14:26:02.102+0000][gc          ] GC(35) Pause Young (Normal) (G1 Evacuation Pause) 767M->161M(1024M) 12.807ms
[2025-12-24T14:26:02.102+0000][gc,cpu      ] GC(35) User=0.06s Sys=0.00s Real=0.01s
[2025-12-24T14:26:41.832+0000][gc,start    ] GC(36) Pause Young (Normal) (G1 Evacuation Pause)
[2025-12-24T14:26:41.834+0000][gc,task     ] GC(36) Using 8 workers of 8 for evacuation
[2025-12-24T14:26:41.849+0000][gc,phases   ] GC(36)   Pre Evacuate Collection Set: 1.0ms
[2025-12-24T14:26:41.849+0000][gc,phases   ] GC(36)   Merge Heap Roots: 0.2ms
[2025-12-24T14:26:41.849+0000][gc,phases   ] GC(36)   Evacuate Collection Set: 8.5ms
[2025-12-24T14:26:41.849+0000][gc,phases   ] GC(36)   Post Evacuate Collection Set: 5.5ms
[2025-12-24T14:26:41.849+0000][gc,phases   ] GC(36)   Other: 0.3ms
[2025-12-24T14:26:41.849+0000][gc,heap     ] GC(36) Eden regions: 606->0(607)
[2025-12-24T14:26:41.850+0000][gc,heap     ] GC(36) Survivor regions: 8->7(77)
[2025-12-24T14:26:41.850+0000][gc,heap     ] GC(36) Old regions: 23->24
[2025-12-24T14:26:41.850+0000][gc,heap     ] GC(36) Humongous regions: 131->131
[2025-12-24T14:26:41.850+0000][gc,metaspace] GC(36) Metaspace: 13870K(14208K)->13870K(14208K) NonClass: 12335K(12480K)->12335K(12480K) Class: 1534K(1728K)->1534K(1728K)
[2025-12-24T14:26:41.850+0000][gc          ] GC(36) Pause Young (Normal) (G1 Evacuation Pause) 767M->161M(1024M) 17.387ms
[2025-12-24T14:26:41.850+0000][gc,cpu      ] GC(36) User=0.08s Sys=0.00s Real=0.02s
[2025-12-24T14:27:12.038+0000][gc,start    ] GC(37) Pause Young (Normal) (G1 Evacuation Pause)
[2025-12-24T14:27:12.039+0000][gc,task     ] GC(37) Using 8 workers of 8 for evacuation
[2025-12-24T14:27:12.058+0000][gc,phases   ] GC(37)   Pre Evacuate Collection Set: 1.0ms
[2025-12-24T14:27:12.058+0000][gc,phases   ] GC(37)   Merge Heap Roots: 0.2ms
[2025-12-24T14:27:12.058+0000][gc,phases   ] GC(37)   Evacuate Collection Set: 16.6ms
[2025-12-24T14:27:12.058+0000][gc,phases   ] GC(37)   Post Evacuate Collection Set: 1.1ms
[2025-12-24T14:27:12.058+0000][gc,phases   ] GC(37)   Other: 0.3ms
[2025-12-24T14:27:12.058+0000][gc,heap     ] GC(37) Eden regions: 607->0(605)
[2025-12-24T14:27:12.058+0000][gc,heap     ] GC(37) Survivor regions: 7->9(77)
[2025-12-24T14:27:12.058+0000][gc,heap     ] GC(37) Old regions: 24->24
[2025-12-24T14:27:12.058+0000][gc,heap     ] GC(37) Humongous regions: 131->131
[2025-12-24T14:27:12.059+0000][gc,metaspace] GC(37) Metaspace: 13923K(14336K)->13923K(14336K) NonClass: 12377K(12544K)->12377K(12544K) Class: 1546K(1792K)->1546K(1792K)
[2025-12-24T14:27:12.059+0000][gc          ] GC(37) Pause Young (Normal) (G1 Evacuation Pause) 768M->163M(1024M) 20.543ms
[2025-12-24T14:27:12.059+0000][gc,cpu      ] GC(37) User=0.12s Sys=0.00s Real=0.02s
[2025-12-24T14:27:51.853+0000][gc,start    ] GC(38) Pause Young (Normal) (G1 Evacuation Pause)
[2025-12-24T14:27:51.854+0000][gc,task     ] GC(38) Using 8 workers of 8 for evacuation
[2025-12-24T14:27:51.873+0000][gc,phases   ] GC(38)   Pre Evacuate Collection Set: 0.9ms
[2025-12-24T14:27:51.873+0000][gc,phases   ] GC(38)   Merge Heap Roots: 0.2ms
[2025-12-24T14:27:51.873+0000][gc,phases   ] GC(38)   Evacuate Collection Set: 15.5ms
[2025-12-24T14:27:51.873+0000][gc,phases   ] GC(38)   Post Evacuate Collection Set: 2.2ms
[2025-12-24T14:27:51.873+0000][gc,phases   ] GC(38)   Other: 0.2ms
[2025-12-24T14:27:51.873+0000][gc,heap     ] GC(38) Eden regions: 605->0(605)
[2025-12-24T14:27:51.873+0000][gc,heap     ] GC(38) Survivor regions: 9->9(77)
[2025-12-24T14:27:51.873+0000][gc,heap     ] GC(38) Old regions: 24->24
[2025-12-24T14:27:51.874+0000][gc,heap     ] GC(38) Humongous regions: 131->131
[2025-12-24T14:27:51.874+0000][gc,metaspace] GC(38) Metaspace: 13927K(14400K)->13927K(14400K) NonClass: 12380K(12608K)->12380K(12608K) Class: 1546K(1792K)->1546K(1792K)
[2025-12-24T14:27:51.874+0000][gc          ] GC(38) Pause Young (Normal) (G1 Evacuation Pause) 768M->162M(1024M) 20.298ms
[2025-12-24T14:27:51.874+0000][gc,cpu      ] GC(38) User=0.13s Sys=0.00s Real=0.02s
[2025-12-24T14:28:22.207+0000][gc,start    ] GC(39) Pause Young (Normal) (G1 Evacuation Pause)
[2025-12-24T14:28:22.208+0000][gc,task     ] GC(39) Using 8 workers of 8 for evacuation
[2025-12-24T14:28:22.230+0000][gc,phases   ] GC(39)   Pre Evacuate Collection Set: 2.6ms
[2025-12-24T14:28:22.231+0000][gc,phases   ] GC(39)   Merge Heap Roots: 0.7ms
[2025-12-24T14:28:22.231+0000][gc,phases   ] GC(39)   Evacuate Collection Set: 17.9ms
[2025-12-24T14:28:22.231+0000][gc,phases   ] GC(39)   Post Evacuate Collection Set: 1.3ms
[2025-12-24T14:28:22.231+0000][gc,phases   ] GC(39)   Other: 0.3ms
[2025-12-24T14:28:22.231+0000][gc,heap     ] GC(39) Eden regions: 605->0(608)
[2025-12-24T14:28:22.231+0000][gc,heap     ] GC(39) Survivor regions: 9->6(77)
[2025-12-24T14:28:22.231+0000][gc,heap     ] GC(39) Old regions: 24->24
[2025-12-24T14:28:22.231+0000][gc,heap     ] GC(39) Humongous regions: 131->131
[2025-12-24T14:28:22.231+0000][gc,metaspace] GC(39) Metaspace: 14147K(14656K)->14147K(14656K) NonClass: 12569K(12800K)->12569K(12800K) Class: 1577K(1856K)->1577K(1856K)
[2025-12-24T14:28:22.231+0000][gc          ] GC(39) Pause Young (Normal) (G1 Evacuation Pause) 767M->160M(1024M) 24.285ms
[2025-12-24T14:28:22.231+0000][gc,cpu      ] GC(39) User=0.13s Sys=0.00s Real=0.02s
[2025-12-24T14:29:01.882+0000][gc,start    ] GC(40) Pause Young (Normal) (G1 Evacuation Pause)
[2025-12-24T14:29:01.882+0000][gc,task     ] GC(40) Using 8 workers of 8 for evacuation
[2025-12-24T14:29:01.899+0000][gc,phases   ] GC(40)   Pre Evacuate Collection Set: 0.9ms
[2025-12-24T14:29:01.899+0000][gc,phases   ] GC(40)   Merge Heap Roots: 0.2ms
[2025-12-24T14:29:01.899+0000][gc,phases   ] GC(40)   Evacuate Collection Set: 13.9ms
[2025-12-24T14:29:01.899+0000][gc,phases   ] GC(40)   Post Evacuate Collection Set: 1.3ms
[2025-12-24T14:29:01.899+0000][gc,phases   ] GC(40)   Other: 0.2ms
[2025-12-24T14:29:01.899+0000][gc,heap     ] GC(40) Eden regions: 608->0(608)
[2025-12-24T14:29:01.899+0000][gc,heap     ] GC(40) Survivor regions: 6->6(77)
[2025-12-24T14:29:01.899+0000][gc,heap     ] GC(40) Old regions: 24->25
[2025-12-24T14:29:01.899+0000][gc,heap     ] GC(40) Humongous regions: 131->131
[2025-12-24T14:29:01.899+0000][gc,metaspace] GC(40) Metaspace: 14211K(14656K)->14211K(14656K) NonClass: 12629K(12800K)->12629K(12800K) Class: 1582K(1856K)->1582K(1856K)
[2025-12-24T14:29:01.899+0000][gc          ] GC(40) Pause Young (Normal) (G1 Evacuation Pause) 768M->160M(1024M) 17.592ms
[2025-12-24T14:29:01.899+0000][gc,cpu      ] GC(40) User=0.11s Sys=0.01s Real=0.02s
[2025-12-24T14:29:32.215+0000][gc,start    ] GC(41) Pause Young (Normal) (G1 Evacuation Pause)
[2025-12-24T14:29:32.215+0000][gc,task     ] GC(41) Using 8 workers of 8 for evacuation
[2025-12-24T14:29:32.234+0000][gc,phases   ] GC(41)   Pre Evacuate Collection Set: 1.0ms
[2025-12-24T14:29:32.234+0000][gc,phases   ] GC(41)   Merge Heap Roots: 0.2ms
[2025-12-24T14:29:32.234+0000][gc,phases   ] GC(41)   Evacuate Collection Set: 16.0ms
[2025-12-24T14:29:32.234+0000][gc,phases   ] GC(41)   Post Evacuate Collection Set: 1.0ms
[2025-12-24T14:29:32.234+0000][gc,phases   ] GC(41)   Other: 0.3ms
[2025-12-24T14:29:32.234+0000][gc,heap     ] GC(41) Eden regions: 608->0(606)
[2025-12-24T14:29:32.234+0000][gc,heap     ] GC(41) Survivor regions: 6->8(77)
[2025-12-24T14:29:32.234+0000][gc,heap     ] GC(41) Old regions: 25->25
[2025-12-24T14:29:32.234+0000][gc,heap     ] GC(41) Humongous regions: 131->131
[2025-12-24T14:29:32.234+0000][gc,metaspace] GC(41) Metaspace: 14224K(14656K)->14224K(14656K) NonClass: 12641K(12800K)->12641K(12800K) Class: 1582K(1856K)->1582K(1856K)
[2025-12-24T14:29:32.235+0000][gc          ] GC(41) Pause Young (Normal) (G1 Evacuation Pause) 768M->162M(1024M) 19.745ms
[2025-12-24T14:29:32.235+0000][gc,cpu      ] GC(41) User=0.11s Sys=0.00s Real=0.02s
[2025-12-24T14:30:11.907+0000][gc,start    ] GC(42) Pause Young (Normal) (G1 Evacuation Pause)
[2025-12-24T14:30:11.908+0000][gc,task     ] GC(42) Using 8 workers of 8 for evacuation
[2025-12-24T14:30:11.923+0000][gc,phases   ] GC(42)   Pre Evacuate Collection Set: 1.0ms
[2025-12-24T14:30:11.923+0000][gc,phases   ] GC(42)   Merge Heap Roots: 0.3ms
[2025-12-24T14:30:11.923+0000][gc,phases   ] GC(42)   Evacuate Collection Set: 12.3ms
[2025-12-24T14:30:11.923+0000][gc,phases   ] GC(42)   Post Evacuate Collection Set: 1.6ms
[2025-12-24T14:30:11.924+0000][gc,phases   ] GC(42)   Other: 0.3ms
[2025-12-24T14:30:11.924+0000][gc,heap     ] GC(42) Eden regions: 606->0(607)
[2025-12-24T14:30:11.924+0000][gc,heap     ] GC(42) Survivor regions: 8->7(77)
[2025-12-24T14:30:11.924+0000][gc,heap     ] GC(42) Old regions: 25->25
[2025-12-24T14:30:11.924+0000][gc,heap     ] GC(42) Humongous regions: 131->131
[2025-12-24T14:30:11.924+0000][gc,metaspace] GC(42) Metaspace: 14229K(14656K)->14229K(14656K) NonClass: 12646K(12800K)->12646K(12800K) Class: 1583K(1856K)->1583K(1856K)
[2025-12-24T14:30:11.924+0000][gc          ] GC(42) Pause Young (Normal) (G1 Evacuation Pause) 768M->162M(1024M) 16.690ms
[2025-12-24T14:30:11.924+0000][gc,cpu      ] GC(42) User=0.08s Sys=0.01s Real=0.02s
[2025-12-24T14:30:42.297+0000][gc,start    ] GC(43) Pause Young (Normal) (G1 Evacuation Pause)
[2025-12-24T14:30:42.298+0000][gc,task     ] GC(43) Using 8 workers of 8 for evacuation
[2025-12-24T14:30:42.316+0000][gc,phases   ] GC(43)   Pre Evacuate Collection Set: 1.0ms
[2025-12-24T14:30:42.316+0000][gc,phases   ] GC(43)   Merge Heap Roots: 0.2ms
[2025-12-24T14:30:42.316+0000][gc,phases   ] GC(43)   Evacuate Collection Set: 14.2ms
[2025-12-24T14:30:42.316+0000][gc,phases   ] GC(43)   Post Evacuate Collection Set: 2.1ms
[2025-12-24T14:30:42.317+0000][gc,phases   ] GC(43)   Other: 0.3ms
[2025-12-24T14:30:42.317+0000][gc,heap     ] GC(43) Eden regions: 607->0(605)
[2025-12-24T14:30:42.317+0000][gc,heap     ] GC(43) Survivor regions: 7->9(77)
[2025-12-24T14:30:42.317+0000][gc,heap     ] GC(43) Old regions: 25->25
[2025-12-24T14:30:42.317+0000][gc,heap     ] GC(43) Humongous regions: 131->131
[2025-12-24T14:30:42.317+0000][gc,metaspace] GC(43) Metaspace: 14234K(14720K)->14234K(14720K) NonClass: 12650K(12864K)->12650K(12864K) Class: 1583K(1856K)->1583K(1856K)
[2025-12-24T14:30:42.317+0000][gc          ] GC(43) Pause Young (Normal) (G1 Evacuation Pause) 769M->164M(1024M) 20.880ms
[2025-12-24T14:30:42.318+0000][gc,cpu      ] GC(43) User=0.11s Sys=0.00s Real=0.02s
[2025-12-24T14:31:21.929+0000][gc,start    ] GC(44) Pause Young (Normal) (G1 Evacuation Pause)
[2025-12-24T14:31:21.930+0000][gc,task     ] GC(44) Using 8 workers of 8 for evacuation
[2025-12-24T14:31:21.951+0000][gc,phases   ] GC(44)   Pre Evacuate Collection Set: 1.0ms
[2025-12-24T14:31:21.951+0000][gc,phases   ] GC(44)   Merge Heap Roots: 0.2ms
[2025-12-24T14:31:21.951+0000][gc,phases   ] GC(44)   Evacuate Collection Set: 18.3ms
[2025-12-24T14:31:21.951+0000][gc,phases   ] GC(44)   Post Evacuate Collection Set: 1.4ms
[2025-12-24T14:31:21.951+0000][gc,phases   ] GC(44)   Other: 0.2ms
[2025-12-24T14:31:21.951+0000][gc,heap     ] GC(44) Eden regions: 605->0(606)
[2025-12-24T14:31:21.951+0000][gc,heap     ] GC(44) Survivor regions: 9->8(77)
[2025-12-24T14:31:21.952+0000][gc,heap     ] GC(44) Old regions: 25->26
[2025-12-24T14:31:21.952+0000][gc,heap     ] GC(44) Humongous regions: 131->131
[2025-12-24T14:31:21.952+0000][gc,metaspace] GC(44) Metaspace: 14235K(14720K)->14235K(14720K) NonClass: 12651K(12864K)->12651K(12864K) Class: 1583K(1856K)->1583K(1856K)
[2025-12-24T14:31:21.952+0000][gc          ] GC(44) Pause Young (Normal) (G1 Evacuation Pause) 769M->163M(1024M) 23.052ms
[2025-12-24T14:31:21.952+0000][gc,cpu      ] GC(44) User=0.15s Sys=0.00s Real=0.02s
[2025-12-24T14:31:52.368+0000][gc,start    ] GC(45) Pause Young (Normal) (G1 Evacuation Pause)
[2025-12-24T14:31:52.369+0000][gc,task     ] GC(45) Using 8 workers of 8 for evacuation
[2025-12-24T14:31:52.386+0000][gc,phases   ] GC(45)   Pre Evacuate Collection Set: 0.9ms
[2025-12-24T14:31:52.386+0000][gc,phases   ] GC(45)   Merge Heap Roots: 0.2ms
[2025-12-24T14:31:52.386+0000][gc,phases   ] GC(45)   Evacuate Collection Set: 12.4ms
[2025-12-24T14:31:52.386+0000][gc,phases   ] GC(45)   Post Evacuate Collection Set: 3.1ms
[2025-12-24T14:31:52.386+0000][gc,phases   ] GC(45)   Other: 0.2ms
[2025-12-24T14:31:52.386+0000][gc,heap     ] GC(45) Eden regions: 606->0(604)
[2025-12-24T14:31:52.386+0000][gc,heap     ] GC(45) Survivor regions: 8->10(77)
[2025-12-24T14:31:52.386+0000][gc,heap     ] GC(45) Old regions: 26->26
[2025-12-24T14:31:52.386+0000][gc,heap     ] GC(45) Humongous regions: 131->131
[2025-12-24T14:31:52.386+0000][gc,metaspace] GC(45) Metaspace: 14241K(14720K)->14241K(14720K) NonClass: 12657K(12864K)->12657K(12864K) Class: 1583K(1856K)->1583K(1856K)
[2025-12-24T14:31:52.386+0000][gc          ] GC(45) Pause Young (Normal) (G1 Evacuation Pause) 769M->166M(1024M) 17.972ms
[2025-12-24T14:31:52.386+0000][gc,cpu      ] GC(45) User=0.10s Sys=0.00s Real=0.02s
[2025-12-24T14:32:31.913+0000][gc,start    ] GC(46) Pause Young (Normal) (G1 Evacuation Pause)
[2025-12-24T14:32:31.913+0000][gc,task     ] GC(46) Using 8 workers of 8 for evacuation
[2025-12-24T14:32:31.921+0000][gc,phases   ] GC(46)   Pre Evacuate Collection Set: 1.0ms
[2025-12-24T14:32:31.921+0000][gc,phases   ] GC(46)   Merge Heap Roots: 0.2ms
[2025-12-24T14:32:31.921+0000][gc,phases   ] GC(46)   Evacuate Collection Set: 5.5ms
[2025-12-24T14:32:31.921+0000][gc,phases   ] GC(46)   Post Evacuate Collection Set: 1.3ms
[2025-12-24T14:32:31.921+0000][gc,phases   ] GC(46)   Other: 0.2ms
[2025-12-24T14:32:31.922+0000][gc,heap     ] GC(46) Eden regions: 604->0(608)
[2025-12-24T14:32:31.922+0000][gc,heap     ] GC(46) Survivor regions: 10->6(77)
[2025-12-24T14:32:31.922+0000][gc,heap     ] GC(46) Old regions: 26->26
[2025-12-24T14:32:31.922+0000][gc,heap     ] GC(46) Humongous regions: 131->131
[2025-12-24T14:32:31.922+0000][gc,metaspace] GC(46) Metaspace: 14241K(14720K)->14241K(14720K) NonClass: 12657K(12864K)->12657K(12864K) Class: 1583K(1856K)->1583K(1856K)
[2025-12-24T14:32:31.922+0000][gc          ] GC(46) Pause Young (Normal) (G1 Evacuation Pause) 770M->161M(1024M) 9.426ms
[2025-12-24T14:32:31.922+0000][gc,cpu      ] GC(46) User=0.04s Sys=0.00s Real=0.01s
[2025-12-24T14:33:02.171+0000][gc,start    ] GC(47) Pause Young (Normal) (G1 Evacuation Pause)
[2025-12-24T14:33:02.171+0000][gc,task     ] GC(47) Using 8 workers of 8 for evacuation
[2025-12-24T14:33:02.189+0000][gc,phases   ] GC(47)   Pre Evacuate Collection Set: 0.9ms
[2025-12-24T14:33:02.189+0000][gc,phases   ] GC(47)   Merge Heap Roots: 0.2ms
[2025-12-24T14:33:02.190+0000][gc,phases   ] GC(47)   Evacuate Collection Set: 15.9ms
[2025-12-24T14:33:02.190+0000][gc,phases   ] GC(47)   Post Evacuate Collection Set: 1.1ms
[2025-12-24T14:33:02.190+0000][gc,phases   ] GC(47)   Other: 0.2ms
[2025-12-24T14:33:02.190+0000][gc,heap     ] GC(47) Eden regions: 608->0(607)
[2025-12-24T14:33:02.190+0000][gc,heap     ] GC(47) Survivor regions: 6->7(77)
[2025-12-24T14:33:02.190+0000][gc,heap     ] GC(47) Old regions: 26->26
[2025-12-24T14:33:02.190+0000][gc,heap     ] GC(47) Humongous regions: 131->131
[2025-12-24T14:33:02.190+0000][gc,metaspace] GC(47) Metaspace: 14247K(14720K)->14247K(14720K) NonClass: 12663K(12864K)->12663K(12864K) Class: 1583K(1856K)->1583K(1856K)
[2025-12-24T14:33:02.190+0000][gc          ] GC(47) Pause Young (Normal) (G1 Evacuation Pause) 769M->163M(1024M) 19.386ms
[2025-12-24T14:33:02.190+0000][gc,cpu      ] GC(47) User=0.13s Sys=0.00s Real=0.02s
[2025-12-24T14:33:41.957+0000][gc,start    ] GC(48) Pause Young (Normal) (G1 Evacuation Pause)
[2025-12-24T14:33:41.957+0000][gc,task     ] GC(48) Using 8 workers of 8 for evacuation
[2025-12-24T14:33:41.975+0000][gc,phases   ] GC(48)   Pre Evacuate Collection Set: 1.0ms
[2025-12-24T14:33:41.975+0000][gc,phases   ] GC(48)   Merge Heap Roots: 0.2ms
[2025-12-24T14:33:41.975+0000][gc,phases   ] GC(48)   Evacuate Collection Set: 15.3ms
[2025-12-24T14:33:41.975+0000][gc,phases   ] GC(48)   Post Evacuate Collection Set: 1.0ms
[2025-12-24T14:33:41.975+0000][gc,phases   ] GC(48)   Other: 0.2ms
[2025-12-24T14:33:41.975+0000][gc,heap     ] GC(48) Eden regions: 607->0(607)
[2025-12-24T14:33:41.975+0000][gc,heap     ] GC(48) Survivor regions: 7->7(77)
[2025-12-24T14:33:41.975+0000][gc,heap     ] GC(48) Old regions: 26->26
[2025-12-24T14:33:41.975+0000][gc,heap     ] GC(48) Humongous regions: 131->131
[2025-12-24T14:33:41.975+0000][gc,metaspace] GC(48) Metaspace: 14251K(14720K)->14251K(14720K) NonClass: 12667K(12864K)->12667K(12864K) Class: 1583K(1856K)->1583K(1856K)
[2025-12-24T14:33:41.975+0000][gc          ] GC(48) Pause Young (Normal) (G1 Evacuation Pause) 770M->163M(1024M) 18.751ms
[2025-12-24T14:33:41.975+0000][gc,cpu      ] GC(48) User=0.12s Sys=0.01s Real=0.02s
[2025-12-24T14:34:21.688+0000][gc,start    ] GC(49) Pause Young (Normal) (G1 Evacuation Pause)
[2025-12-24T14:34:21.689+0000][gc,task     ] GC(49) Using 8 workers of 8 for evacuation
[2025-12-24T14:34:21.705+0000][gc,phases   ] GC(49)   Pre Evacuate Collection Set: 0.8ms
[2025-12-24T14:34:21.705+0000][gc,phases   ] GC(49)   Merge Heap Roots: 0.3ms
[2025-12-24T14:34:21.706+0000][gc,phases   ] GC(49)   Evacuate Collection Set: 12.8ms
[2025-12-24T14:34:21.706+0000][gc,phases   ] GC(49)   Post Evacuate Collection Set: 1.9ms
[2025-12-24T14:34:21.706+0000][gc,phases   ] GC(49)   Other: 0.2ms
[2025-12-24T14:34:21.706+0000][gc,heap     ] GC(49) Eden regions: 607->0(608)
[2025-12-24T14:34:21.706+0000][gc,heap     ] GC(49) Survivor regions: 7->6(77)
[2025-12-24T14:34:21.706+0000][gc,heap     ] GC(49) Old regions: 26->27
[2025-12-24T14:34:21.706+0000][gc,heap     ] GC(49) Humongous regions: 131->131
[2025-12-24T14:34:21.706+0000][gc,metaspace] GC(49) Metaspace: 14251K(14720K)->14251K(14720K) NonClass: 12667K(12864K)->12667K(12864K) Class: 1583K(1856K)->1583K(1856K)
[2025-12-24T14:34:21.706+0000][gc          ] GC(49) Pause Young (Normal) (G1 Evacuation Pause) 770M->163M(1024M) 17.843ms
[2025-12-24T14:34:21.706+0000][gc,cpu      ] GC(49) User=0.11s Sys=0.00s Real=0.02s
[2025-12-24T14:34:51.995+0000][gc,start    ] GC(50) Pause Young (Normal) (G1 Evacuation Pause)
[2025-12-24T14:34:51.996+0000][gc,task     ] GC(50) Using 8 workers of 8 for evacuation
[2025-12-24T14:34:52.009+0000][gc,phases   ] GC(50)   Pre Evacuate Collection Set: 0.8ms
[2025-12-24T14:34:52.010+0000][gc,phases   ] GC(50)   Merge Heap Roots: 0.2ms
[2025-12-24T14:34:52.010+0000][gc,phases   ] GC(50)   Evacuate Collection Set: 10.6ms
[2025-12-24T14:34:52.010+0000][gc,phases   ] GC(50)   Post Evacuate Collection Set: 1.4ms
[2025-12-24T14:34:52.010+0000][gc,phases   ] GC(50)   Other: 0.2ms
[2025-12-24T14:34:52.010+0000][gc,heap     ] GC(50) Eden regions: 608->0(606)
[2025-12-24T14:34:52.010+0000][gc,heap     ] GC(50) Survivor regions: 6->8(77)
[2025-12-24T14:34:52.010+0000][gc,heap     ] GC(50) Old regions: 27->27
[2025-12-24T14:34:52.011+0000][gc,heap     ] GC(50) Humongous regions: 131->131
[2025-12-24T14:34:52.011+0000][gc,metaspace] GC(50) Metaspace: 14252K(14720K)->14252K(14720K) NonClass: 12668K(12864K)->12668K(12864K) Class: 1583K(1856K)->1583K(1856K)
[2025-12-24T14:34:52.011+0000][gc          ] GC(50) Pause Young (Normal) (G1 Evacuation Pause) 771M->165M(1024M) 16.138ms
[2025-12-24T14:34:52.011+0000][gc,cpu      ] GC(50) User=0.08s Sys=0.00s Real=0.01s
[2025-12-24T14:35:31.813+0000][gc,start    ] GC(51) Pause Young (Normal) (G1 Evacuation Pause)
[2025-12-24T14:35:31.814+0000][gc,task     ] GC(51) Using 8 workers of 8 for evacuation
[2025-12-24T14:35:31.837+0000][gc,phases   ] GC(51)   Pre Evacuate Collection Set: 1.0ms
[2025-12-24T14:35:31.837+0000][gc,phases   ] GC(51)   Merge Heap Roots: 0.4ms
[2025-12-24T14:35:31.837+0000][gc,phases   ] GC(51)   Evacuate Collection Set: 20.3ms
[2025-12-24T14:35:31.837+0000][gc,phases   ] GC(51)   Post Evacuate Collection Set: 1.5ms
[2025-12-24T14:35:31.837+0000][gc,phases   ] GC(51)   Other: 0.2ms
[2025-12-24T14:35:31.837+0000][gc,heap     ] GC(51) Eden regions: 606->0(605)
[2025-12-24T14:35:31.838+0000][gc,heap     ] GC(51) Survivor regions: 8->9(77)
[2025-12-24T14:35:31.838+0000][gc,heap     ] GC(51) Old regions: 27->27
[2025-12-24T14:35:31.838+0000][gc,heap     ] GC(51) Humongous regions: 131->131
[2025-12-24T14:35:31.838+0000][gc,metaspace] GC(51) Metaspace: 14463K(14912K)->14463K(14912K) NonClass: 12844K(13056K)->12844K(13056K) Class: 1619K(1856K)->1619K(1856K)
[2025-12-24T14:35:31.838+0000][gc          ] GC(51) Pause Young (Normal) (G1 Evacuation Pause) 771M->166M(1024M) 24.654ms
[2025-12-24T14:35:31.838+0000][gc,cpu      ] GC(51) User=0.12s Sys=0.01s Real=0.02s
[2025-12-24T14:36:01.875+0000][gc,start    ] GC(52) Pause Young (Normal) (G1 Evacuation Pause)
[2025-12-24T14:36:01.875+0000][gc,task     ] GC(52) Using 8 workers of 8 for evacuation
[2025-12-24T14:36:01.888+0000][gc,phases   ] GC(52)   Pre Evacuate Collection Set: 1.0ms
[2025-12-24T14:36:01.889+0000][gc,phases   ] GC(52)   Merge Heap Roots: 0.4ms
[2025-12-24T14:36:01.889+0000][gc,phases   ] GC(52)   Evacuate Collection Set: 10.2ms
[2025-12-24T14:36:01.889+0000][gc,phases   ] GC(52)   Post Evacuate Collection Set: 1.3ms
[2025-12-24T14:36:01.889+0000][gc,phases   ] GC(52)   Other: 0.3ms
[2025-12-24T14:36:01.889+0000][gc,heap     ] GC(52) Eden regions: 605->0(607)
[2025-12-24T14:36:01.889+0000][gc,heap     ] GC(52) Survivor regions: 9->7(77)
[2025-12-24T14:36:01.889+0000][gc,heap     ] GC(52) Old regions: 27->27
[2025-12-24T14:36:01.889+0000][gc,heap     ] GC(52) Humongous regions: 131->131
[2025-12-24T14:36:01.889+0000][gc,metaspace] GC(52) Metaspace: 14674K(15104K)->14674K(15104K) NonClass: 13054K(13248K)->13054K(13248K) Class: 1619K(1856K)->1619K(1856K)
[2025-12-24T14:36:01.889+0000][gc          ] GC(52) Pause Young (Normal) (G1 Evacuation Pause) 771M->164M(1024M) 14.768ms
[2025-12-24T14:36:01.890+0000][gc,cpu      ] GC(52) User=0.09s Sys=0.01s Real=0.01s
[2025-12-24T14:36:32.129+0000][gc,start    ] GC(53) Pause Young (Normal) (G1 Evacuation Pause)
[2025-12-24T14:36:32.130+0000][gc,task     ] GC(53) Using 8 workers of 8 for evacuation
[2025-12-24T14:36:32.146+0000][gc,phases   ] GC(53)   Pre Evacuate Collection Set: 1.0ms
[2025-12-24T14:36:32.146+0000][gc,phases   ] GC(53)   Merge Heap Roots: 0.2ms
[2025-12-24T14:36:32.146+0000][gc,phases   ] GC(53)   Evacuate Collection Set: 13.4ms
[2025-12-24T14:36:32.146+0000][gc,phases   ] GC(53)   Post Evacuate Collection Set: 0.9ms
[2025-12-24T14:36:32.146+0000][gc,phases   ] GC(53)   Other: 0.2ms
[2025-12-24T14:36:32.146+0000][gc,heap     ] GC(53) Eden regions: 607->0(605)
[2025-12-24T14:36:32.146+0000][gc,heap     ] GC(53) Survivor regions: 7->9(77)
[2025-12-24T14:36:32.146+0000][gc,heap     ] GC(53) Old regions: 27->28
[2025-12-24T14:36:32.146+0000][gc,heap     ] GC(53) Humongous regions: 131->131
[2025-12-24T14:36:32.146+0000][gc,metaspace] GC(53) Metaspace: 14676K(15104K)->14676K(15104K) NonClass: 13057K(13248K)->13057K(13248K) Class: 1619K(1856K)->1619K(1856K)
[2025-12-24T14:36:32.146+0000][gc          ] GC(53) Pause Young (Normal) (G1 Evacuation Pause) 771M->167M(1024M) 16.760ms
[2025-12-24T14:36:32.146+0000][gc,cpu      ] GC(53) User=0.11s Sys=0.01s Real=0.02s
[2025-12-24T14:37:11.855+0000][gc,start    ] GC(54) Pause Young (Normal) (G1 Evacuation Pause)
[2025-12-24T14:37:11.856+0000][gc,task     ] GC(54) Using 8 workers of 8 for evacuation
[2025-12-24T14:37:11.876+0000][gc,phases   ] GC(54)   Pre Evacuate Collection Set: 1.4ms
[2025-12-24T14:37:11.876+0000][gc,phases   ] GC(54)   Merge Heap Roots: 0.6ms
[2025-12-24T14:37:11.876+0000][gc,phases   ] GC(54)   Evacuate Collection Set: 17.1ms
[2025-12-24T14:37:11.876+0000][gc,phases   ] GC(54)   Post Evacuate Collection Set: 1.0ms
[2025-12-24T14:37:11.876+0000][gc,phases   ] GC(54)   Other: 0.1ms
[2025-12-24T14:37:11.877+0000][gc,heap     ] GC(54) Eden regions: 605->0(605)
[2025-12-24T14:37:11.877+0000][gc,heap     ] GC(54) Survivor regions: 9->9(77)
[2025-12-24T14:37:11.877+0000][gc,heap     ] GC(54) Old regions: 28->28
[2025-12-24T14:37:11.877+0000][gc,heap     ] GC(54) Humongous regions: 131->131
[2025-12-24T14:37:11.877+0000][gc,metaspace] GC(54) Metaspace: 14679K(15104K)->14679K(15104K) NonClass: 13060K(13248K)->13060K(13248K) Class: 1619K(1856K)->1619K(1856K)
[2025-12-24T14:37:11.877+0000][gc          ] GC(54) Pause Young (Normal) (G1 Evacuation Pause) 772M->166M(1024M) 21.465ms
[2025-12-24T14:37:11.877+0000][gc,cpu      ] GC(54) User=0.13s Sys=0.00s Real=0.02s
[2025-12-24T14:37:42.166+0000][gc,start    ] GC(55) Pause Young (Normal) (G1 Evacuation Pause)
[2025-12-24T14:37:42.166+0000][gc,task     ] GC(55) Using 8 workers of 8 for evacuation
[2025-12-24T14:37:42.182+0000][gc,phases   ] GC(55)   Pre Evacuate Collection Set: 1.2ms
[2025-12-24T14:37:42.182+0000][gc,phases   ] GC(55)   Merge Heap Roots: 0.6ms
[2025-12-24T14:37:42.182+0000][gc,phases   ] GC(55)   Evacuate Collection Set: 12.1ms
[2025-12-24T14:37:42.182+0000][gc,phases   ] GC(55)   Post Evacuate Collection Set: 1.4ms
[2025-12-24T14:37:42.182+0000][gc,phases   ] GC(55)   Other: 0.2ms
[2025-12-24T14:37:42.182+0000][gc,heap     ] GC(55) Eden regions: 605->0(603)
[2025-12-24T14:37:42.182+0000][gc,heap     ] GC(55) Survivor regions: 9->11(77)
[2025-12-24T14:37:42.182+0000][gc,heap     ] GC(55) Old regions: 28->28
[2025-12-24T14:37:42.182+0000][gc,heap     ] GC(55) Humongous regions: 131->131
[2025-12-24T14:37:42.182+0000][gc,metaspace] GC(55) Metaspace: 14693K(15104K)->14693K(15104K) NonClass: 13071K(13248K)->13071K(13248K) Class: 1621K(1856K)->1621K(1856K)
[2025-12-24T14:37:42.182+0000][gc          ] GC(55) Pause Young (Normal) (G1 Evacuation Pause) 771M->168M(1024M) 16.652ms
[2025-12-24T14:37:42.182+0000][gc,cpu      ] GC(55) User=0.09s Sys=0.00s Real=0.02s
[2025-12-24T14:38:21.788+0000][gc,start    ] GC(56) Pause Young (Normal) (G1 Evacuation Pause)
[2025-12-24T14:38:21.788+0000][gc,task     ] GC(56) Using 8 workers of 8 for evacuation
[2025-12-24T14:38:21.808+0000][gc,phases   ] GC(56)   Pre Evacuate Collection Set: 1.0ms
[2025-12-24T14:38:21.808+0000][gc,phases   ] GC(56)   Merge Heap Roots: 0.3ms
[2025-12-24T14:38:21.809+0000][gc,phases   ] GC(56)   Evacuate Collection Set: 17.3ms
[2025-12-24T14:38:21.809+0000][gc,phases   ] GC(56)   Post Evacuate Collection Set: 1.2ms
[2025-12-24T14:38:21.809+0000][gc,phases   ] GC(56)   Other: 0.3ms
[2025-12-24T14:38:21.809+0000][gc,heap     ] GC(56) Eden regions: 603->0(604)
[2025-12-24T14:38:21.809+0000][gc,heap     ] GC(56) Survivor regions: 11->10(77)
[2025-12-24T14:38:21.809+0000][gc,heap     ] GC(56) Old regions: 28->28
[2025-12-24T14:38:21.809+0000][gc,heap     ] GC(56) Humongous regions: 131->131
[2025-12-24T14:38:21.809+0000][gc,metaspace] GC(56) Metaspace: 14697K(15104K)->14697K(15104K) NonClass: 13076K(13248K)->13076K(13248K) Class: 1621K(1856K)->1621K(1856K)
[2025-12-24T14:38:21.809+0000][gc          ] GC(56) Pause Young (Normal) (G1 Evacuation Pause) 771M->168M(1024M) 21.389ms
[2025-12-24T14:38:21.809+0000][gc,cpu      ] GC(56) User=0.15s Sys=0.00s Real=0.02s
[2025-12-24T14:38:52.055+0000][gc,start    ] GC(57) Pause Young (Normal) (G1 Evacuation Pause)
[2025-12-24T14:38:52.056+0000][gc,task     ] GC(57) Using 8 workers of 8 for evacuation
[2025-12-24T14:38:52.076+0000][gc,phases   ] GC(57)   Pre Evacuate Collection Set: 1.4ms
[2025-12-24T14:38:52.077+0000][gc,phases   ] GC(57)   Merge Heap Roots: 0.2ms
[2025-12-24T14:38:52.077+0000][gc,phases   ] GC(57)   Evacuate Collection Set: 15.8ms
[2025-12-24T14:38:52.077+0000][gc,phases   ] GC(57)   Post Evacuate Collection Set: 2.2ms
[2025-12-24T14:38:52.077+0000][gc,phases   ] GC(57)   Other: 0.6ms
[2025-12-24T14:38:52.077+0000][gc,heap     ] GC(57) Eden regions: 604->0(603)
[2025-12-24T14:38:52.077+0000][gc,heap     ] GC(57) Survivor regions: 10->11(77)
[2025-12-24T14:38:52.077+0000][gc,heap     ] GC(57) Old regions: 28->29
[2025-12-24T14:38:52.077+0000][gc,heap     ] GC(57) Humongous regions: 131->131
[2025-12-24T14:38:52.077+0000][gc,metaspace] GC(57) Metaspace: 14704K(15104K)->14704K(15104K) NonClass: 13083K(13248K)->13083K(13248K) Class: 1621K(1856K)->1621K(1856K)
[2025-12-24T14:38:52.077+0000][gc          ] GC(57) Pause Young (Normal) (G1 Evacuation Pause) 772M->170M(1024M) 22.706ms
[2025-12-24T14:38:52.077+0000][gc,cpu      ] GC(57) User=0.12s Sys=0.02s Real=0.03s
[2025-12-24T14:39:31.770+0000][gc,start    ] GC(58) Pause Young (Normal) (G1 Evacuation Pause)
[2025-12-24T14:39:31.771+0000][gc,task     ] GC(58) Using 8 workers of 8 for evacuation
[2025-12-24T14:39:31.790+0000][gc,phases   ] GC(58)   Pre Evacuate Collection Set: 1.4ms
[2025-12-24T14:39:31.790+0000][gc,phases   ] GC(58)   Merge Heap Roots: 0.4ms
[2025-12-24T14:39:31.790+0000][gc,phases   ] GC(58)   Evacuate Collection Set: 15.7ms
[2025-12-24T14:39:31.790+0000][gc,phases   ] GC(58)   Post Evacuate Collection Set: 1.2ms
[2025-12-24T14:39:31.790+0000][gc,phases   ] GC(58)   Other: 0.7ms
[2025-12-24T14:39:31.790+0000][gc,heap     ] GC(58) Eden regions: 603->0(608)
[2025-12-24T14:39:31.790+0000][gc,heap     ] GC(58) Survivor regions: 11->6(77)
[2025-12-24T14:39:31.790+0000][gc,heap     ] GC(58) Old regions: 29->29
[2025-12-24T14:39:31.791+0000][gc,heap     ] GC(58) Humongous regions: 131->131
[2025-12-24T14:39:31.791+0000][gc,metaspace] GC(58) Metaspace: 14750K(15168K)->14750K(15168K) NonClass: 13128K(13312K)->13128K(13312K) Class: 1621K(1856K)->1621K(1856K)
[2025-12-24T14:39:31.791+0000][gc          ] GC(58) Pause Young (Normal) (G1 Evacuation Pause) 773M->165M(1024M) 20.810ms
[2025-12-24T14:39:31.791+0000][gc,cpu      ] GC(58) User=0.14s Sys=0.00s Real=0.03s
[2025-12-24T14:40:01.972+0000][gc,start    ] GC(59) Pause Young (Normal) (G1 Evacuation Pause)
[2025-12-24T14:40:01.972+0000][gc,task     ] GC(59) Using 8 workers of 8 for evacuation
[2025-12-24T14:40:01.988+0000][gc,phases   ] GC(59)   Pre Evacuate Collection Set: 1.4ms
[2025-12-24T14:40:01.988+0000][gc,phases   ] GC(59)   Merge Heap Roots: 0.8ms
[2025-12-24T14:40:01.988+0000][gc,phases   ] GC(59)   Evacuate Collection Set: 12.1ms
[2025-12-24T14:40:01.988+0000][gc,phases   ] GC(59)   Post Evacuate Collection Set: 1.0ms
[2025-12-24T14:40:01.988+0000][gc,phases   ] GC(59)   Other: 0.2ms
[2025-12-24T14:40:01.988+0000][gc,heap     ] GC(59) Eden regions: 608->0(606)
[2025-12-24T14:40:01.988+0000][gc,heap     ] GC(59) Survivor regions: 6->8(77)
[2025-12-24T14:40:01.988+0000][gc,heap     ] GC(59) Old regions: 29->29
[2025-12-24T14:40:01.988+0000][gc,heap     ] GC(59) Humongous regions: 131->131
[2025-12-24T14:40:01.988+0000][gc,metaspace] GC(59) Metaspace: 14764K(15232K)->14764K(15232K) NonClass: 13142K(13376K)->13142K(13376K) Class: 1621K(1856K)->1621K(1856K)
[2025-12-24T14:40:01.988+0000][gc          ] GC(59) Pause Young (Normal) (G1 Evacuation Pause) 773M->167M(1024M) 16.496ms
[2025-12-24T14:40:01.989+0000][gc,cpu      ] GC(59) User=0.10s Sys=0.00s Real=0.02s
[2025-12-24T14:40:41.700+0000][gc,start    ] GC(60) Pause Young (Normal) (G1 Evacuation Pause)
[2025-12-24T14:40:41.701+0000][gc,task     ] GC(60) Using 8 workers of 8 for evacuation
[2025-12-24T14:40:41.718+0000][gc,phases   ] GC(60)   Pre Evacuate Collection Set: 1.0ms
[2025-12-24T14:40:41.718+0000][gc,phases   ] GC(60)   Merge Heap Roots: 0.2ms
[2025-12-24T14:40:41.718+0000][gc,phases   ] GC(60)   Evacuate Collection Set: 14.8ms
[2025-12-24T14:40:41.718+0000][gc,phases   ] GC(60)   Post Evacuate Collection Set: 0.9ms
[2025-12-24T14:40:41.718+0000][gc,phases   ] GC(60)   Other: 0.2ms
[2025-12-24T14:40:41.718+0000][gc,heap     ] GC(60) Eden regions: 606->0(607)
[2025-12-24T14:40:41.718+0000][gc,heap     ] GC(60) Survivor regions: 8->7(77)
[2025-12-24T14:40:41.718+0000][gc,heap     ] GC(60) Old regions: 29->29
[2025-12-24T14:40:41.718+0000][gc,heap     ] GC(60) Humongous regions: 131->131
[2025-12-24T14:40:41.718+0000][gc,metaspace] GC(60) Metaspace: 14769K(15232K)->14769K(15232K) NonClass: 13147K(13376K)->13147K(13376K) Class: 1621K(1856K)->1621K(1856K)
[2025-12-24T14:40:41.719+0000][gc          ] GC(60) Pause Young (Normal) (G1 Evacuation Pause) 773M->166M(1024M) 18.750ms
[2025-12-24T14:40:41.719+0000][gc,cpu      ] GC(60) User=0.10s Sys=0.00s Real=0.02s
[2025-12-24T14:41:11.998+0000][gc,start    ] GC(61) Pause Young (Normal) (G1 Evacuation Pause)
[2025-12-24T14:41:12.001+0000][gc,task     ] GC(61) Using 8 workers of 8 for evacuation
[2025-12-24T14:41:12.023+0000][gc,phases   ] GC(61)   Pre Evacuate Collection Set: 1.9ms
[2025-12-24T14:41:12.023+0000][gc,phases   ] GC(61)   Merge Heap Roots: 0.4ms
[2025-12-24T14:41:12.023+0000][gc,phases   ] GC(61)   Evacuate Collection Set: 18.4ms
[2025-12-24T14:41:12.023+0000][gc,phases   ] GC(61)   Post Evacuate Collection Set: 1.1ms
[2025-12-24T14:41:12.023+0000][gc,phases   ] GC(61)   Other: 1.1ms
[2025-12-24T14:41:12.023+0000][gc,heap     ] GC(61) Eden regions: 607->0(605)
[2025-12-24T14:41:12.023+0000][gc,heap     ] GC(61) Survivor regions: 7->9(77)
[2025-12-24T14:41:12.023+0000][gc,heap     ] GC(61) Old regions: 29->30
[2025-12-24T14:41:12.023+0000][gc,heap     ] GC(61) Humongous regions: 131->131
[2025-12-24T14:41:12.024+0000][gc,metaspace] GC(61) Metaspace: 14795K(15232K)->14795K(15232K) NonClass: 13173K(13376K)->13173K(13376K) Class: 1621K(1856K)->1621K(1856K)
[2025-12-24T14:41:12.024+0000][gc          ] GC(61) Pause Young (Normal) (G1 Evacuation Pause) 773M->168M(1024M) 25.146ms
[2025-12-24T14:41:12.024+0000][gc,cpu      ] GC(61) User=0.14s Sys=0.00s Real=0.03s
[2025-12-24T14:41:51.667+0000][gc,start    ] GC(62) Pause Young (Normal) (G1 Evacuation Pause)
[2025-12-24T14:41:51.668+0000][gc,task     ] GC(62) Using 8 workers of 8 for evacuation
[2025-12-24T14:41:51.681+0000][gc,phases   ] GC(62)   Pre Evacuate Collection Set: 0.9ms
[2025-12-24T14:41:51.681+0000][gc,phases   ] GC(62)   Merge Heap Roots: 0.3ms
[2025-12-24T14:41:51.681+0000][gc,phases   ] GC(62)   Evacuate Collection Set: 11.0ms
[2025-12-24T14:41:51.681+0000][gc,phases   ] GC(62)   Post Evacuate Collection Set: 1.1ms
[2025-12-24T14:41:51.682+0000][gc,phases   ] GC(62)   Other: 0.2ms
[2025-12-24T14:41:51.682+0000][gc,heap     ] GC(62) Eden regions: 605->0(606)
[2025-12-24T14:41:51.682+0000][gc,heap     ] GC(62) Survivor regions: 9->8(77)
[2025-12-24T14:41:51.682+0000][gc,heap     ] GC(62) Old regions: 30->30
[2025-12-24T14:41:51.682+0000][gc,heap     ] GC(62) Humongous regions: 131->131
[2025-12-24T14:41:51.682+0000][gc,metaspace] GC(62) Metaspace: 14795K(15232K)->14795K(15232K) NonClass: 13173K(13376K)->13173K(13376K) Class: 1621K(1856K)->1621K(1856K)
[2025-12-24T14:41:51.682+0000][gc          ] GC(62) Pause Young (Normal) (G1 Evacuation Pause) 773M->168M(1024M) 14.950ms
[2025-12-24T14:41:51.682+0000][gc,cpu      ] GC(62) User=0.09s Sys=0.00s Real=0.02s
[2025-12-24T14:42:21.937+0000][gc,start    ] GC(63) Pause Young (Normal) (G1 Evacuation Pause)
[2025-12-24T14:42:21.937+0000][gc,task     ] GC(63) Using 8 workers of 8 for evacuation
[2025-12-24T14:42:21.956+0000][gc,phases   ] GC(63)   Pre Evacuate Collection Set: 0.9ms
[2025-12-24T14:42:21.956+0000][gc,phases   ] GC(63)   Merge Heap Roots: 0.2ms
[2025-12-24T14:42:21.956+0000][gc,phases   ] GC(63)   Evacuate Collection Set: 16.2ms
[2025-12-24T14:42:21.956+0000][gc,phases   ] GC(63)   Post Evacuate Collection Set: 1.0ms
[2025-12-24T14:42:21.956+0000][gc,phases   ] GC(63)   Other: 0.2ms
[2025-12-24T14:42:21.956+0000][gc,heap     ] GC(63) Eden regions: 606->0(604)
[2025-12-24T14:42:21.956+0000][gc,heap     ] GC(63) Survivor regions: 8->10(77)
[2025-12-24T14:42:21.956+0000][gc,heap     ] GC(63) Old regions: 30->30
[2025-12-24T14:42:21.956+0000][gc,heap     ] GC(63) Humongous regions: 131->131
[2025-12-24T14:42:21.956+0000][gc,metaspace] GC(63) Metaspace: 14797K(15232K)->14797K(15232K) NonClass: 13176K(13376K)->13176K(13376K) Class: 1621K(1856K)->1621K(1856K)
[2025-12-24T14:42:21.957+0000][gc          ] GC(63) Pause Young (Normal) (G1 Evacuation Pause) 774M->170M(1024M) 19.717ms
[2025-12-24T14:42:21.957+0000][gc,cpu      ] GC(63) User=0.12s Sys=0.00s Real=0.02s
[2025-12-24T14:42:52.183+0000][gc,start    ] GC(64) Pause Young (Normal) (G1 Evacuation Pause)
[2025-12-24T14:42:52.184+0000][gc,task     ] GC(64) Using 8 workers of 8 for evacuation
[2025-12-24T14:42:52.205+0000][gc,phases   ] GC(64)   Pre Evacuate Collection Set: 1.1ms
[2025-12-24T14:42:52.205+0000][gc,phases   ] GC(64)   Merge Heap Roots: 0.3ms
[2025-12-24T14:42:52.205+0000][gc,phases   ] GC(64)   Evacuate Collection Set: 17.8ms
[2025-12-24T14:42:52.205+0000][gc,phases   ] GC(64)   Post Evacuate Collection Set: 1.0ms
[2025-12-24T14:42:52.205+0000][gc,phases   ] GC(64)   Other: 0.2ms
[2025-12-24T14:42:52.205+0000][gc,heap     ] GC(64) Eden regions: 604->0(602)
[2025-12-24T14:42:52.205+0000][gc,heap     ] GC(64) Survivor regions: 10->12(77)
[2025-12-24T14:42:52.205+0000][gc,heap     ] GC(64) Old regions: 30->30
[2025-12-24T14:42:52.205+0000][gc,heap     ] GC(64) Humongous regions: 131->131
[2025-12-24T14:42:52.205+0000][gc,metaspace] GC(64) Metaspace: 14805K(15296K)->14805K(15296K) NonClass: 13183K(13376K)->13183K(13376K) Class: 1622K(1920K)->1622K(1920K)
[2025-12-24T14:42:52.205+0000][gc          ] GC(64) Pause Young (Normal) (G1 Evacuation Pause) 774M->172M(1024M) 22.173ms
[2025-12-24T14:42:52.205+0000][gc,cpu      ] GC(64) User=0.12s Sys=0.00s Real=0.03s
[2025-12-24T14:43:31.887+0000][gc,start    ] GC(65) Pause Young (Normal) (G1 Evacuation Pause)
[2025-12-24T14:43:31.887+0000][gc,task     ] GC(65) Using 8 workers of 8 for evacuation
[2025-12-24T14:43:31.908+0000][gc,phases   ] GC(65)   Pre Evacuate Collection Set: 1.1ms
[2025-12-24T14:43:31.908+0000][gc,phases   ] GC(65)   Merge Heap Roots: 0.2ms
[2025-12-24T14:43:31.908+0000][gc,phases   ] GC(65)   Evacuate Collection Set: 14.4ms
[2025-12-24T14:43:31.908+0000][gc,phases   ] GC(65)   Post Evacuate Collection Set: 4.8ms
[2025-12-24T14:43:31.908+0000][gc,phases   ] GC(65)   Other: 0.3ms
[2025-12-24T14:43:31.909+0000][gc,heap     ] GC(65) Eden regions: 602->0(603)
[2025-12-24T14:43:31.909+0000][gc,heap     ] GC(65) Survivor regions: 12->11(77)
[2025-12-24T14:43:31.909+0000][gc,heap     ] GC(65) Old regions: 30->31
[2025-12-24T14:43:31.909+0000][gc,heap     ] GC(65) Humongous regions: 131->131
[2025-12-24T14:43:31.909+0000][gc,metaspace] GC(65) Metaspace: 14815K(15296K)->14815K(15296K) NonClass: 13193K(13376K)->13193K(13376K) Class: 1622K(1920K)->1622K(1920K)
[2025-12-24T14:43:31.909+0000][gc          ] GC(65) Pause Young (Normal) (G1 Evacuation Pause) 774M->172M(1024M) 21.902ms
[2025-12-24T14:43:31.909+0000][gc,cpu      ] GC(65) User=0.11s Sys=0.01s Real=0.02s
[2025-12-24T14:44:02.108+0000][gc,start    ] GC(66) Pause Young (Normal) (G1 Evacuation Pause)
[2025-12-24T14:44:02.108+0000][gc,task     ] GC(66) Using 8 workers of 8 for evacuation
[2025-12-24T14:44:02.119+0000][gc,phases   ] GC(66)   Pre Evacuate Collection Set: 0.9ms
[2025-12-24T14:44:02.119+0000][gc,phases   ] GC(66)   Merge Heap Roots: 0.2ms
[2025-12-24T14:44:02.119+0000][gc,phases   ] GC(66)   Evacuate Collection Set: 7.3ms
[2025-12-24T14:44:02.119+0000][gc,phases   ] GC(66)   Post Evacuate Collection Set: 1.6ms
[2025-12-24T14:44:02.119+0000][gc,phases   ] GC(66)   Other: 0.2ms
[2025-12-24T14:44:02.119+0000][gc,heap     ] GC(66) Eden regions: 603->0(606)
[2025-12-24T14:44:02.119+0000][gc,heap     ] GC(66) Survivor regions: 11->8(77)
[2025-12-24T14:44:02.119+0000][gc,heap     ] GC(66) Old regions: 31->31
[2025-12-24T14:44:02.119+0000][gc,heap     ] GC(66) Humongous regions: 131->131
[2025-12-24T14:44:02.119+0000][gc,metaspace] GC(66) Metaspace: 14820K(15296K)->14820K(15296K) NonClass: 13198K(13376K)->13198K(13376K) Class: 1622K(1920K)->1622K(1920K)
[2025-12-24T14:44:02.119+0000][gc          ] GC(66) Pause Young (Normal) (G1 Evacuation Pause) 775M->169M(1024M) 11.452ms
[2025-12-24T14:44:02.119+0000][gc,cpu      ] GC(66) User=0.07s Sys=0.00s Real=0.01s
[2025-12-24T14:44:42.079+0000][gc,start    ] GC(67) Pause Young (Normal) (G1 Evacuation Pause)
[2025-12-24T14:44:42.080+0000][gc,task     ] GC(67) Using 8 workers of 8 for evacuation
[2025-12-24T14:44:42.095+0000][gc,phases   ] GC(67)   Pre Evacuate Collection Set: 2.8ms
[2025-12-24T14:44:42.095+0000][gc,phases   ] GC(67)   Merge Heap Roots: 0.2ms
[2025-12-24T14:44:42.095+0000][gc,phases   ] GC(67)   Evacuate Collection Set: 10.4ms
[2025-12-24T14:44:42.095+0000][gc,phases   ] GC(67)   Post Evacuate Collection Set: 1.1ms
[2025-12-24T14:44:42.096+0000][gc,phases   ] GC(67)   Other: 0.5ms
[2025-12-24T14:44:42.096+0000][gc,heap     ] GC(67) Eden regions: 606->0(608)
[2025-12-24T14:44:42.096+0000][gc,heap     ] GC(67) Survivor regions: 8->6(77)
[2025-12-24T14:44:42.096+0000][gc,heap     ] GC(67) Old regions: 31->32
[2025-12-24T14:44:42.096+0000][gc,heap     ] GC(67) Humongous regions: 131->131
[2025-12-24T14:44:42.096+0000][gc,metaspace] GC(67) Metaspace: 14820K(15296K)->14820K(15296K) NonClass: 13198K(13376K)->13198K(13376K) Class: 1622K(1920K)->1622K(1920K)
[2025-12-24T14:44:42.097+0000][gc          ] GC(67) Pause Young (Normal) (G1 Evacuation Pause) 775M->168M(1024M) 17.366ms
[2025-12-24T14:44:42.097+0000][gc,cpu      ] GC(67) User=0.08s Sys=0.01s Real=0.02s
[2025-12-24T14:45:12.095+0000][gc,start    ] GC(68) Pause Young (Concurrent Start) (CodeCache GC Threshold)
[2025-12-24T14:45:12.095+0000][gc,task     ] GC(68) Using 8 workers of 8 for evacuation
[2025-12-24T14:45:12.115+0000][gc,phases   ] GC(68)   Pre Evacuate Collection Set: 2.8ms
[2025-12-24T14:45:12.115+0000][gc,phases   ] GC(68)   Merge Heap Roots: 0.3ms
[2025-12-24T14:45:12.115+0000][gc,phases   ] GC(68)   Evacuate Collection Set: 15.3ms
[2025-12-24T14:45:12.115+0000][gc,phases   ] GC(68)   Post Evacuate Collection Set: 1.0ms
[2025-12-24T14:45:12.115+0000][gc,phases   ] GC(68)   Other: 0.2ms
[2025-12-24T14:45:12.115+0000][gc,heap     ] GC(68) Eden regions: 596->0(606)
[2025-12-24T14:45:12.115+0000][gc,heap     ] GC(68) Survivor regions: 6->8(77)
[2025-12-24T14:45:12.116+0000][gc,heap     ] GC(68) Old regions: 32->33
[2025-12-24T14:45:12.116+0000][gc,heap     ] GC(68) Humongous regions: 131->131
[2025-12-24T14:45:12.116+0000][gc,metaspace] GC(68) Metaspace: 14823K(15296K)->14823K(15296K) NonClass: 13201K(13376K)->13201K(13376K) Class: 1622K(1920K)->1622K(1920K)
[2025-12-24T14:45:12.116+0000][gc          ] GC(68) Pause Young (Concurrent Start) (CodeCache GC Threshold) 764M->170M(1024M) 20.636ms
[2025-12-24T14:45:12.116+0000][gc,cpu      ] GC(68) User=0.13s Sys=0.00s Real=0.02s
[2025-12-24T14:45:12.116+0000][gc          ] GC(69) Concurrent Mark Cycle
[2025-12-24T14:45:12.117+0000][gc,marking  ] GC(69) Concurrent Scan Root Regions
[2025-12-24T14:45:12.120+0000][gc,marking  ] GC(69) Concurrent Scan Root Regions 3.157ms
[2025-12-24T14:45:12.121+0000][gc,marking  ] GC(69) Concurrent Mark
[2025-12-24T14:45:12.121+0000][gc,marking  ] GC(69) Concurrent Mark From Roots
[2025-12-24T14:45:12.121+0000][gc,task     ] GC(69) Using 2 workers of 2 for marking
[2025-12-24T14:45:12.148+0000][gc,marking  ] GC(69) Concurrent Mark From Roots 27.286ms
[2025-12-24T14:45:12.148+0000][gc,marking  ] GC(69) Concurrent Preclean
[2025-12-24T14:45:12.148+0000][gc,marking  ] GC(69) Concurrent Preclean 0.220ms
[2025-12-24T14:45:12.148+0000][gc,start    ] GC(69) Pause Remark
[2025-12-24T14:45:12.196+0000][gc          ] GC(69) Pause Remark 179M->179M(1024M) 47.941ms
[2025-12-24T14:45:12.197+0000][gc,cpu      ] GC(69) User=0.31s Sys=0.00s Real=0.05s
[2025-12-24T14:45:12.197+0000][gc,marking  ] GC(69) Concurrent Mark 76.075ms
[2025-12-24T14:45:12.198+0000][gc,marking  ] GC(69) Concurrent Rebuild Remembered Sets and Scrub Regions
[2025-12-24T14:45:12.206+0000][gc,marking  ] GC(69) Concurrent Rebuild Remembered Sets and Scrub Regions 7.525ms
[2025-12-24T14:45:12.206+0000][gc,start    ] GC(69) Pause Cleanup
[2025-12-24T14:45:12.206+0000][gc          ] GC(69) Pause Cleanup 182M->182M(1024M) 0.173ms
[2025-12-24T14:45:12.206+0000][gc,cpu      ] GC(69) User=0.00s Sys=0.00s Real=0.00s
[2025-12-24T14:45:12.206+0000][gc,marking  ] GC(69) Concurrent Clear Claimed Marks
[2025-12-24T14:45:12.207+0000][gc,marking  ] GC(69) Concurrent Clear Claimed Marks 0.124ms
[2025-12-24T14:45:12.207+0000][gc,marking  ] GC(69) Concurrent Cleanup for Next Mark
[2025-12-24T14:45:12.235+0000][gc,marking  ] GC(69) Concurrent Cleanup for Next Mark 28.457ms
[2025-12-24T14:45:12.235+0000][gc          ] GC(69) Concurrent Mark Cycle 119.014ms
[2025-12-24T14:45:51.756+0000][gc,start    ] GC(70) Pause Young (Prepare Mixed) (G1 Evacuation Pause)
[2025-12-24T14:45:51.756+0000][gc,task     ] GC(70) Using 8 workers of 8 for evacuation
[2025-12-24T14:45:51.776+0000][gc,phases   ] GC(70)   Pre Evacuate Collection Set: 1.1ms
[2025-12-24T14:45:51.776+0000][gc,phases   ] GC(70)   Merge Heap Roots: 0.4ms
[2025-12-24T14:45:51.776+0000][gc,phases   ] GC(70)   Evacuate Collection Set: 16.9ms
[2025-12-24T14:45:51.776+0000][gc,phases   ] GC(70)   Post Evacuate Collection Set: 1.3ms
[2025-12-24T14:45:51.776+0000][gc,phases   ] GC(70)   Other: 0.2ms
[2025-12-24T14:45:51.776+0000][gc,heap     ] GC(70) Eden regions: 606->0(607)
[2025-12-24T14:45:51.776+0000][gc,heap     ] GC(70) Survivor regions: 8->7(77)
[2025-12-24T14:45:51.776+0000][gc,heap     ] GC(70) Old regions: 33->33
[2025-12-24T14:45:51.777+0000][gc,heap     ] GC(70) Humongous regions: 131->131
[2025-12-24T14:45:51.777+0000][gc,metaspace] GC(70) Metaspace: 14717K(15296K)->14717K(15296K) NonClass: 13124K(13376K)->13124K(13376K) Class: 1593K(1920K)->1593K(1920K)
[2025-12-24T14:45:51.777+0000][gc          ] GC(70) Pause Young (Prepare Mixed) (G1 Evacuation Pause) 776M->170M(1024M) 21.194ms
[2025-12-24T14:45:51.777+0000][gc,cpu      ] GC(70) User=0.14s Sys=0.00s Real=0.02s
[2025-12-24T14:46:22.029+0000][gc,start    ] GC(71) Pause Young (Mixed) (G1 Evacuation Pause)
[2025-12-24T14:46:22.029+0000][gc,task     ] GC(71) Using 8 workers of 8 for evacuation
[2025-12-24T14:46:22.039+0000][gc,phases   ] GC(71)   Pre Evacuate Collection Set: 0.9ms
[2025-12-24T14:46:22.039+0000][gc,phases   ] GC(71)   Merge Heap Roots: 0.3ms
[2025-12-24T14:46:22.039+0000][gc,phases   ] GC(71)   Evacuate Collection Set: 7.1ms
[2025-12-24T14:46:22.039+0000][gc,phases   ] GC(71)   Post Evacuate Collection Set: 1.0ms
[2025-12-24T14:46:22.039+0000][gc,phases   ] GC(71)   Other: 0.2ms
[2025-12-24T14:46:22.039+0000][gc,heap     ] GC(71) Eden regions: 607->0(605)
[2025-12-24T14:46:22.039+0000][gc,heap     ] GC(71) Survivor regions: 7->9(77)
[2025-12-24T14:46:22.039+0000][gc,heap     ] GC(71) Old regions: 33->30
[2025-12-24T14:46:22.039+0000][gc,heap     ] GC(71) Humongous regions: 131->131
[2025-12-24T14:46:22.039+0000][gc,metaspace] GC(71) Metaspace: 14717K(15296K)->14717K(15296K) NonClass: 13124K(13376K)->13124K(13376K) Class: 1593K(1920K)->1593K(1920K)
[2025-12-24T14:46:22.039+0000][gc          ] GC(71) Pause Young (Mixed) (G1 Evacuation Pause) 777M->169M(1024M) 10.649ms
[2025-12-24T14:46:22.039+0000][gc,cpu      ] GC(71) User=0.06s Sys=0.00s Real=0.01s
[2025-12-24T14:47:01.684+0000][gc,start    ] GC(72) Pause Young (Normal) (G1 Evacuation Pause)
[2025-12-24T14:47:01.685+0000][gc,task     ] GC(72) Using 8 workers of 8 for evacuation
[2025-12-24T14:47:01.707+0000][gc,phases   ] GC(72)   Pre Evacuate Collection Set: 1.0ms
[2025-12-24T14:47:01.707+0000][gc,phases   ] GC(72)   Merge Heap Roots: 0.3ms
[2025-12-24T14:47:01.707+0000][gc,phases   ] GC(72)   Evacuate Collection Set: 19.2ms
[2025-12-24T14:47:01.707+0000][gc,phases   ] GC(72)   Post Evacuate Collection Set: 1.4ms
[2025-12-24T14:47:01.707+0000][gc,phases   ] GC(72)   Other: 0.2ms
[2025-12-24T14:47:01.707+0000][gc,heap     ] GC(72) Eden regions: 605->0(606)
[2025-12-24T14:47:01.707+0000][gc,heap     ] GC(72) Survivor regions: 9->8(77)
[2025-12-24T14:47:01.708+0000][gc,heap     ] GC(72) Old regions: 30->30
[2025-12-24T14:47:01.708+0000][gc,heap     ] GC(72) Humongous regions: 131->131
[2025-12-24T14:47:01.708+0000][gc,metaspace] GC(72) Metaspace: 14718K(15296K)->14718K(15296K) NonClass: 13125K(13376K)->13125K(13376K) Class: 1593K(1920K)->1593K(1920K)
[2025-12-24T14:47:01.708+0000][gc          ] GC(72) Pause Young (Normal) (G1 Evacuation Pause) 774M->168M(1024M) 23.537ms
[2025-12-24T14:47:01.708+0000][gc,cpu      ] GC(72) User=0.12s Sys=0.00s Real=0.02s
[2025-12-24T14:47:31.930+0000][gc,start    ] GC(73) Pause Young (Normal) (G1 Evacuation Pause)
[2025-12-24T14:47:31.930+0000][gc,task     ] GC(73) Using 8 workers of 8 for evacuation
[2025-12-24T14:47:31.950+0000][gc,phases   ] GC(73)   Pre Evacuate Collection Set: 1.0ms
[2025-12-24T14:47:31.950+0000][gc,phases   ] GC(73)   Merge Heap Roots: 0.2ms
[2025-12-24T14:47:31.950+0000][gc,phases   ] GC(73)   Evacuate Collection Set: 17.4ms
[2025-12-24T14:47:31.950+0000][gc,phases   ] GC(73)   Post Evacuate Collection Set: 0.9ms
[2025-12-24T14:47:31.950+0000][gc,phases   ] GC(73)   Other: 0.2ms
[2025-12-24T14:47:31.950+0000][gc,heap     ] GC(73) Eden regions: 606->0(604)
[2025-12-24T14:47:31.950+0000][gc,heap     ] GC(73) Survivor regions: 8->10(77)
[2025-12-24T14:47:31.950+0000][gc,heap     ] GC(73) Old regions: 30->31
[2025-12-24T14:47:31.950+0000][gc,heap     ] GC(73) Humongous regions: 131->131
[2025-12-24T14:47:31.950+0000][gc,metaspace] GC(73) Metaspace: 14720K(15296K)->14720K(15296K) NonClass: 13126K(13376K)->13126K(13376K) Class: 1593K(1920K)->1593K(1920K)
[2025-12-24T14:47:31.950+0000][gc          ] GC(73) Pause Young (Normal) (G1 Evacuation Pause) 774M->170M(1024M) 20.687ms
[2025-12-24T14:47:31.950+0000][gc,cpu      ] GC(73) User=0.15s Sys=0.00s Real=0.02s
[2025-12-24T14:48:02.171+0000][gc,start    ] GC(74) Pause Young (Normal) (G1 Evacuation Pause)
[2025-12-24T14:48:02.171+0000][gc,task     ] GC(74) Using 8 workers of 8 for evacuation
[2025-12-24T14:48:02.189+0000][gc,phases   ] GC(74)   Pre Evacuate Collection Set: 1.0ms
[2025-12-24T14:48:02.189+0000][gc,phases   ] GC(74)   Merge Heap Roots: 0.3ms
[2025-12-24T14:48:02.189+0000][gc,phases   ] GC(74)   Evacuate Collection Set: 15.2ms
[2025-12-24T14:48:02.189+0000][gc,phases   ] GC(74)   Post Evacuate Collection Set: 0.9ms
[2025-12-24T14:48:02.189+0000][gc,phases   ] GC(74)   Other: 0.2ms
[2025-12-24T14:48:02.189+0000][gc,heap     ] GC(74) Eden regions: 604->0(607)
[2025-12-24T14:48:02.189+0000][gc,heap     ] GC(74) Survivor regions: 10->7(77)
[2025-12-24T14:48:02.189+0000][gc,heap     ] GC(74) Old regions: 31->31
[2025-12-24T14:48:02.189+0000][gc,heap     ] GC(74) Humongous regions: 131->131
[2025-12-24T14:48:02.189+0000][gc,metaspace] GC(74) Metaspace: 14720K(15296K)->14720K(15296K) NonClass: 13127K(13376K)->13127K(13376K) Class: 1593K(1920K)->1593K(1920K)
[2025-12-24T14:48:02.189+0000][gc          ] GC(74) Pause Young (Normal) (G1 Evacuation Pause) 774M->167M(1024M) 18.669ms
[2025-12-24T14:48:02.190+0000][gc,cpu      ] GC(74) User=0.09s Sys=0.00s Real=0.02s
[2025-12-24T14:48:41.851+0000][gc,start    ] GC(75) Pause Young (Normal) (G1 Evacuation Pause)
[2025-12-24T14:48:41.852+0000][gc,task     ] GC(75) Using 8 workers of 8 for evacuation
[2025-12-24T14:48:41.869+0000][gc,phases   ] GC(75)   Pre Evacuate Collection Set: 1.0ms
[2025-12-24T14:48:41.869+0000][gc,phases   ] GC(75)   Merge Heap Roots: 0.2ms
[2025-12-24T14:48:41.869+0000][gc,phases   ] GC(75)   Evacuate Collection Set: 12.7ms
[2025-12-24T14:48:41.869+0000][gc,phases   ] GC(75)   Post Evacuate Collection Set: 3.1ms
[2025-12-24T14:48:41.869+0000][gc,phases   ] GC(75)   Other: 0.2ms
[2025-12-24T14:48:41.869+0000][gc,heap     ] GC(75) Eden regions: 607->0(608)
[2025-12-24T14:48:41.869+0000][gc,heap     ] GC(75) Survivor regions: 7->6(77)
[2025-12-24T14:48:41.869+0000][gc,heap     ] GC(75) Old regions: 31->31
[2025-12-24T14:48:41.869+0000][gc,heap     ] GC(75) Humongous regions: 131->131
[2025-12-24T14:48:41.869+0000][gc,metaspace] GC(75) Metaspace: 14734K(15296K)->14734K(15296K) NonClass: 13141K(13376K)->13141K(13376K) Class: 1593K(1920K)->1593K(1920K)
[2025-12-24T14:48:41.869+0000][gc          ] GC(75) Pause Young (Normal) (G1 Evacuation Pause) 774M->167M(1024M) 18.352ms
[2025-12-24T14:48:41.870+0000][gc,cpu      ] GC(75) User=0.11s Sys=0.00s Real=0.02s
[2025-12-24T14:49:12.210+0000][gc,start    ] GC(76) Pause Young (Normal) (G1 Evacuation Pause)
[2025-12-24T14:49:12.211+0000][gc,task     ] GC(76) Using 8 workers of 8 for evacuation
[2025-12-24T14:49:12.232+0000][gc,phases   ] GC(76)   Pre Evacuate Collection Set: 1.2ms
[2025-12-24T14:49:12.232+0000][gc,phases   ] GC(76)   Merge Heap Roots: 0.3ms
[2025-12-24T14:49:12.232+0000][gc,phases   ] GC(76)   Evacuate Collection Set: 17.9ms
[2025-12-24T14:49:12.232+0000][gc,phases   ] GC(76)   Post Evacuate Collection Set: 1.2ms
[2025-12-24T14:49:12.233+0000][gc,phases   ] GC(76)   Other: 0.2ms
[2025-12-24T14:49:12.233+0000][gc,heap     ] GC(76) Eden regions: 608->0(606)
[2025-12-24T14:49:12.233+0000][gc,heap     ] GC(76) Survivor regions: 6->8(77)
[2025-12-24T14:49:12.233+0000][gc,heap     ] GC(76) Old regions: 31->31
[2025-12-24T14:49:12.233+0000][gc,heap     ] GC(76) Humongous regions: 131->131
[2025-12-24T14:49:12.233+0000][gc,metaspace] GC(76) Metaspace: 14740K(15360K)->14740K(15360K) NonClass: 13146K(13440K)->13146K(13440K) Class: 1593K(1920K)->1593K(1920K)
[2025-12-24T14:49:12.233+0000][gc          ] GC(76) Pause Young (Normal) (G1 Evacuation Pause) 775M->169M(1024M) 22.593ms
[2025-12-24T14:49:12.233+0000][gc,cpu      ] GC(76) User=0.11s Sys=0.01s Real=0.03s
[2025-12-24T14:49:51.801+0000][gc,start    ] GC(77) Pause Young (Normal) (G1 Evacuation Pause)
[2025-12-24T14:49:51.803+0000][gc,task     ] GC(77) Using 8 workers of 8 for evacuation
[2025-12-24T14:49:51.820+0000][gc,phases   ] GC(77)   Pre Evacuate Collection Set: 0.9ms
[2025-12-24T14:49:51.820+0000][gc,phases   ] GC(77)   Merge Heap Roots: 0.3ms
[2025-12-24T14:49:51.820+0000][gc,phases   ] GC(77)   Evacuate Collection Set: 14.9ms
[2025-12-24T14:49:51.820+0000][gc,phases   ] GC(77)   Post Evacuate Collection Set: 1.1ms
[2025-12-24T14:49:51.820+0000][gc,phases   ] GC(77)   Other: 0.3ms
[2025-12-24T14:49:51.820+0000][gc,heap     ] GC(77) Eden regions: 606->0(607)
[2025-12-24T14:49:51.820+0000][gc,heap     ] GC(77) Survivor regions: 8->7(77)
[2025-12-24T14:49:51.821+0000][gc,heap     ] GC(77) Old regions: 31->31
[2025-12-24T14:49:51.821+0000][gc,heap     ] GC(77) Humongous regions: 131->131
[2025-12-24T14:49:51.821+0000][gc,metaspace] GC(77) Metaspace: 14909K(15424K)->14909K(15424K) NonClass: 13315K(13504K)->13315K(13504K) Class: 1593K(1920K)->1593K(1920K)
[2025-12-24T14:49:51.821+0000][gc          ] GC(77) Pause Young (Normal) (G1 Evacuation Pause) 775M->168M(1024M) 19.489ms
[2025-12-24T14:49:51.821+0000][gc,cpu      ] GC(77) User=0.11s Sys=0.00s Real=0.02s
[2025-12-24T14:50:22.048+0000][gc,start    ] GC(78) Pause Young (Normal) (G1 Evacuation Pause)
[2025-12-24T14:50:22.048+0000][gc,task     ] GC(78) Using 8 workers of 8 for evacuation
[2025-12-24T14:50:22.061+0000][gc,phases   ] GC(78)   Pre Evacuate Collection Set: 0.9ms
[2025-12-24T14:50:22.062+0000][gc,phases   ] GC(78)   Merge Heap Roots: 0.2ms
[2025-12-24T14:50:22.062+0000][gc,phases   ] GC(78)   Evacuate Collection Set: 10.7ms
[2025-12-24T14:50:22.062+0000][gc,phases   ] GC(78)   Post Evacuate Collection Set: 1.4ms
[2025-12-24T14:50:22.062+0000][gc,phases   ] GC(78)   Other: 0.2ms
[2025-12-24T14:50:22.062+0000][gc,heap     ] GC(78) Eden regions: 607->0(605)
[2025-12-24T14:50:22.062+0000][gc,heap     ] GC(78) Survivor regions: 7->9(77)
[2025-12-24T14:50:22.062+0000][gc,heap     ] GC(78) Old regions: 31->32
[2025-12-24T14:50:22.062+0000][gc,heap     ] GC(78) Humongous regions: 131->131
[2025-12-24T14:50:22.062+0000][gc,metaspace] GC(78) Metaspace: 14909K(15424K)->14909K(15424K) NonClass: 13315K(13504K)->13315K(13504K) Class: 1593K(1920K)->1593K(1920K)
[2025-12-24T14:50:22.062+0000][gc          ] GC(78) Pause Young (Normal) (G1 Evacuation Pause) 775M->170M(1024M) 14.658ms
[2025-12-24T14:50:22.062+0000][gc,cpu      ] GC(78) User=0.08s Sys=0.00s Real=0.02s
[2025-12-24T14:51:01.717+0000][gc,start    ] GC(79) Pause Young (Normal) (G1 Evacuation Pause)
[2025-12-24T14:51:01.718+0000][gc,task     ] GC(79) Using 8 workers of 8 for evacuation
[2025-12-24T14:51:01.733+0000][gc,phases   ] GC(79)   Pre Evacuate Collection Set: 1.0ms
[2025-12-24T14:51:01.733+0000][gc,phases   ] GC(79)   Merge Heap Roots: 0.3ms
[2025-12-24T14:51:01.733+0000][gc,phases   ] GC(79)   Evacuate Collection Set: 10.7ms
[2025-12-24T14:51:01.733+0000][gc,phases   ] GC(79)   Post Evacuate Collection Set: 2.8ms
[2025-12-24T14:51:01.733+0000][gc,phases   ] GC(79)   Other: 0.2ms
[2025-12-24T14:51:01.734+0000][gc,heap     ] GC(79) Eden regions: 605->0(606)
[2025-12-24T14:51:01.734+0000][gc,heap     ] GC(79) Survivor regions: 9->8(77)
[2025-12-24T14:51:01.734+0000][gc,heap     ] GC(79) Old regions: 32->32
[2025-12-24T14:51:01.734+0000][gc,heap     ] GC(79) Humongous regions: 131->131
[2025-12-24T14:51:01.734+0000][gc,metaspace] GC(79) Metaspace: 14915K(15424K)->14915K(15424K) NonClass: 13322K(13504K)->13322K(13504K) Class: 1593K(1920K)->1593K(1920K)
[2025-12-24T14:51:01.734+0000][gc          ] GC(79) Pause Young (Normal) (G1 Evacuation Pause) 775M->170M(1024M) 16.380ms
[2025-12-24T14:51:01.734+0000][gc,cpu      ] GC(79) User=0.09s Sys=0.00s Real=0.02s
[2025-12-24T14:51:32.369+0000][gc,start    ] GC(80) Pause Young (Normal) (G1 Evacuation Pause)
[2025-12-24T14:51:32.369+0000][gc,task     ] GC(80) Using 8 workers of 8 for evacuation
[2025-12-24T14:51:32.396+0000][gc,phases   ] GC(80)   Pre Evacuate Collection Set: 3.2ms
[2025-12-24T14:51:32.396+0000][gc,phases   ] GC(80)   Merge Heap Roots: 1.1ms
[2025-12-24T14:51:32.396+0000][gc,phases   ] GC(80)   Evacuate Collection Set: 20.1ms
[2025-12-24T14:51:32.396+0000][gc,phases   ] GC(80)   Post Evacuate Collection Set: 1.5ms
[2025-12-24T14:51:32.396+0000][gc,phases   ] GC(80)   Other: 0.6ms
[2025-12-24T14:51:32.396+0000][gc,heap     ] GC(80) Eden regions: 606->0(604)
[2025-12-24T14:51:32.396+0000][gc,heap     ] GC(80) Survivor regions: 8->10(77)
[2025-12-24T14:51:32.396+0000][gc,heap     ] GC(80) Old regions: 32->32
[2025-12-24T14:51:32.396+0000][gc,heap     ] GC(80) Humongous regions: 131->131
[2025-12-24T14:51:32.396+0000][gc,metaspace] GC(80) Metaspace: 14917K(15424K)->14917K(15424K) NonClass: 13323K(13504K)->13323K(13504K) Class: 1593K(1920K)->1593K(1920K)
[2025-12-24T14:51:32.396+0000][gc          ] GC(80) Pause Young (Normal) (G1 Evacuation Pause) 776M->171M(1024M) 27.804ms
[2025-12-24T14:51:32.396+0000][gc,cpu      ] GC(80) User=0.17s Sys=0.01s Real=0.03s
[2025-12-24T14:53:32.088+0000][gc,start    ] GC(81) Pause Young (Normal) (G1 Evacuation Pause)
[2025-12-24T14:53:32.090+0000][gc,task     ] GC(81) Using 8 workers of 8 for evacuation
[2025-12-24T14:53:32.103+0000][gc,phases   ] GC(81)   Pre Evacuate Collection Set: 1.8ms
[2025-12-24T14:53:32.103+0000][gc,phases   ] GC(81)   Merge Heap Roots: 0.3ms
[2025-12-24T14:53:32.103+0000][gc,phases   ] GC(81)   Evacuate Collection Set: 9.5ms
[2025-12-24T14:53:32.103+0000][gc,phases   ] GC(81)   Post Evacuate Collection Set: 1.2ms
[2025-12-24T14:53:32.103+0000][gc,phases   ] GC(81)   Other: 0.4ms
[2025-12-24T14:53:32.103+0000][gc,heap     ] GC(81) Eden regions: 604->0(609)
[2025-12-24T14:53:32.103+0000][gc,heap     ] GC(81) Survivor regions: 10->5(77)
[2025-12-24T14:53:32.103+0000][gc,heap     ] GC(81) Old regions: 32->32
[2025-12-24T14:53:32.103+0000][gc,heap     ] GC(81) Humongous regions: 131->131
[2025-12-24T14:53:32.103+0000][gc,metaspace] GC(81) Metaspace: 14921K(15424K)->14921K(15424K) NonClass: 13325K(13504K)->13325K(13504K) Class: 1595K(1920K)->1595K(1920K)
[2025-12-24T14:53:32.104+0000][gc          ] GC(81) Pause Young (Normal) (G1 Evacuation Pause) 775M->167M(1024M) 15.193ms
[2025-12-24T14:53:32.104+0000][gc,cpu      ] GC(81) User=0.06s Sys=0.01s Real=0.01s
[2025-12-24T14:54:08.836+0000][gc,start    ] GC(82) Pause Young (Normal) (G1 Evacuation Pause)
[2025-12-24T14:54:08.836+0000][gc,task     ] GC(82) Using 8 workers of 8 for evacuation
[2025-12-24T14:54:08.850+0000][gc,phases   ] GC(82)   Pre Evacuate Collection Set: 1.1ms
[2025-12-24T14:54:08.850+0000][gc,phases   ] GC(82)   Merge Heap Roots: 0.5ms
[2025-12-24T14:54:08.850+0000][gc,phases   ] GC(82)   Evacuate Collection Set: 8.3ms
[2025-12-24T14:54:08.850+0000][gc,phases   ] GC(82)   Post Evacuate Collection Set: 2.5ms
[2025-12-24T14:54:08.850+0000][gc,phases   ] GC(82)   Other: 1.0ms
[2025-12-24T14:54:08.850+0000][gc,heap     ] GC(82) Eden regions: 609->0(608)
[2025-12-24T14:54:08.850+0000][gc,heap     ] GC(82) Survivor regions: 5->6(77)
[2025-12-24T14:54:08.850+0000][gc,heap     ] GC(82) Old regions: 32->33
[2025-12-24T14:54:08.850+0000][gc,heap     ] GC(82) Humongous regions: 131->131
[2025-12-24T14:54:08.850+0000][gc,metaspace] GC(82) Metaspace: 14921K(15424K)->14921K(15424K) NonClass: 13325K(13504K)->13325K(13504K) Class: 1595K(1920K)->1595K(1920K)
[2025-12-24T14:54:08.850+0000][gc          ] GC(82) Pause Young (Normal) (G1 Evacuation Pause) 776M->168M(1024M) 14.632ms
[2025-12-24T14:54:08.850+0000][gc,cpu      ] GC(82) User=0.08s Sys=0.00s Real=0.02s
[2025-12-24T14:54:39.453+0000][gc,start    ] GC(83) Pause Young (Normal) (G1 Evacuation Pause)
[2025-12-24T14:54:39.453+0000][gc,task     ] GC(83) Using 8 workers of 8 for evacuation
[2025-12-24T14:54:39.471+0000][gc,phases   ] GC(83)   Pre Evacuate Collection Set: 1.6ms
[2025-12-24T14:54:39.471+0000][gc,phases   ] GC(83)   Merge Heap Roots: 0.2ms
[2025-12-24T14:54:39.471+0000][gc,phases   ] GC(83)   Evacuate Collection Set: 13.1ms
[2025-12-24T14:54:39.471+0000][gc,phases   ] GC(83)   Post Evacuate Collection Set: 2.9ms
[2025-12-24T14:54:39.472+0000][gc,phases   ] GC(83)   Other: 0.2ms
[2025-12-24T14:54:39.472+0000][gc,heap     ] GC(83) Eden regions: 608->0(606)
[2025-12-24T14:54:39.472+0000][gc,heap     ] GC(83) Survivor regions: 6->8(77)
[2025-12-24T14:54:39.472+0000][gc,heap     ] GC(83) Old regions: 33->33
[2025-12-24T14:54:39.472+0000][gc,heap     ] GC(83) Humongous regions: 131->131
[2025-12-24T14:54:39.472+0000][gc,metaspace] GC(83) Metaspace: 14921K(15424K)->14921K(15424K) NonClass: 13325K(13504K)->13325K(13504K) Class: 1595K(1920K)->1595K(1920K)
[2025-12-24T14:54:39.472+0000][gc          ] GC(83) Pause Young (Normal) (G1 Evacuation Pause) 776M->170M(1024M) 19.397ms
[2025-12-24T14:54:39.472+0000][gc,cpu      ] GC(83) User=0.12s Sys=0.00s Real=0.02s
[2025-12-24T14:55:18.775+0000][gc,start    ] GC(84) Pause Young (Normal) (G1 Evacuation Pause)
[2025-12-24T14:55:18.776+0000][gc,task     ] GC(84) Using 8 workers of 8 for evacuation
[2025-12-24T14:55:18.797+0000][gc,phases   ] GC(84)   Pre Evacuate Collection Set: 2.6ms
[2025-12-24T14:55:18.797+0000][gc,phases   ] GC(84)   Merge Heap Roots: 2.3ms
[2025-12-24T14:55:18.797+0000][gc,phases   ] GC(84)   Evacuate Collection Set: 14.0ms
[2025-12-24T14:55:18.797+0000][gc,phases   ] GC(84)   Post Evacuate Collection Set: 1.2ms
[2025-12-24T14:55:18.797+0000][gc,phases   ] GC(84)   Other: 0.3ms
[2025-12-24T14:55:18.797+0000][gc,heap     ] GC(84) Eden regions: 606->0(607)
[2025-12-24T14:55:18.797+0000][gc,heap     ] GC(84) Survivor regions: 8->7(77)
[2025-12-24T14:55:18.797+0000][gc,heap     ] GC(84) Old regions: 33->33
[2025-12-24T14:55:18.797+0000][gc,heap     ] GC(84) Humongous regions: 131->131
[2025-12-24T14:55:18.797+0000][gc,metaspace] GC(84) Metaspace: 14927K(15424K)->14927K(15424K) NonClass: 13331K(13504K)->13331K(13504K) Class: 1595K(1920K)->1595K(1920K)
[2025-12-24T14:55:18.797+0000][gc          ] GC(84) Pause Young (Normal) (G1 Evacuation Pause) 776M->170M(1024M) 22.211ms
[2025-12-24T14:55:18.797+0000][gc,cpu      ] GC(84) User=0.13s Sys=0.01s Real=0.02s
[2025-12-24T14:55:49.062+0000][gc,start    ] GC(85) Pause Young (Normal) (G1 Evacuation Pause)
[2025-12-24T14:55:49.063+0000][gc,task     ] GC(85) Using 8 workers of 8 for evacuation
[2025-12-24T14:55:49.080+0000][gc,phases   ] GC(85)   Pre Evacuate Collection Set: 0.9ms
[2025-12-24T14:55:49.080+0000][gc,phases   ] GC(85)   Merge Heap Roots: 0.2ms
[2025-12-24T14:55:49.080+0000][gc,phases   ] GC(85)   Evacuate Collection Set: 12.4ms
[2025-12-24T14:55:49.080+0000][gc,phases   ] GC(85)   Post Evacuate Collection Set: 2.9ms
[2025-12-24T14:55:49.080+0000][gc,phases   ] GC(85)   Other: 0.4ms
[2025-12-24T14:55:49.080+0000][gc,heap     ] GC(85) Eden regions: 607->0(605)
[2025-12-24T14:55:49.080+0000][gc,heap     ] GC(85) Survivor regions: 7->9(77)
[2025-12-24T14:55:49.080+0000][gc,heap     ] GC(85) Old regions: 33->33
[2025-12-24T14:55:49.080+0000][gc,heap     ] GC(85) Humongous regions: 131->131
[2025-12-24T14:55:49.081+0000][gc,metaspace] GC(85) Metaspace: 14930K(15424K)->14930K(15424K) NonClass: 13334K(13504K)->13334K(13504K) Class: 1595K(1920K)->1595K(1920K)
[2025-12-24T14:55:49.081+0000][gc          ] GC(85) Pause Young (Normal) (G1 Evacuation Pause) 777M->172M(1024M) 18.657ms
[2025-12-24T14:55:49.081+0000][gc,cpu      ] GC(85) User=0.11s Sys=0.00s Real=0.01s
[2025-12-24T14:56:28.714+0000][gc,start    ] GC(86) Pause Young (Normal) (G1 Evacuation Pause)
[2025-12-24T14:56:28.715+0000][gc,task     ] GC(86) Using 8 workers of 8 for evacuation
[2025-12-24T14:56:28.738+0000][gc,phases   ] GC(86)   Pre Evacuate Collection Set: 1.7ms
[2025-12-24T14:56:28.738+0000][gc,phases   ] GC(86)   Merge Heap Roots: 0.9ms
[2025-12-24T14:56:28.738+0000][gc,phases   ] GC(86)   Evacuate Collection Set: 19.1ms
[2025-12-24T14:56:28.738+0000][gc,phases   ] GC(86)   Post Evacuate Collection Set: 1.0ms
[2025-12-24T14:56:28.738+0000][gc,phases   ] GC(86)   Other: 0.3ms
[2025-12-24T14:56:28.738+0000][gc,heap     ] GC(86) Eden regions: 605->0(606)
[2025-12-24T14:56:28.738+0000][gc,heap     ] GC(86) Survivor regions: 9->8(77)
[2025-12-24T14:56:28.738+0000][gc,heap     ] GC(86) Old regions: 33->34
[2025-12-24T14:56:28.738+0000][gc,heap     ] GC(86) Humongous regions: 131->131
[2025-12-24T14:56:28.738+0000][gc,metaspace] GC(86) Metaspace: 14930K(15424K)->14930K(15424K) NonClass: 13334K(13504K)->13334K(13504K) Class: 1595K(1920K)->1595K(1920K)
[2025-12-24T14:56:28.738+0000][gc          ] GC(86) Pause Young (Normal) (G1 Evacuation Pause) 777M->171M(1024M) 23.900ms
[2025-12-24T14:56:28.738+0000][gc,cpu      ] GC(86) User=0.14s Sys=0.00s Real=0.03s
[2025-12-24T14:56:58.975+0000][gc,start    ] GC(87) Pause Young (Normal) (G1 Evacuation Pause)
[2025-12-24T14:56:58.976+0000][gc,task     ] GC(87) Using 8 workers of 8 for evacuation
[2025-12-24T14:56:59.005+0000][gc,phases   ] GC(87)   Pre Evacuate Collection Set: 4.0ms
[2025-12-24T14:56:59.005+0000][gc,phases   ] GC(87)   Merge Heap Roots: 3.3ms
[2025-12-24T14:56:59.005+0000][gc,phases   ] GC(87)   Evacuate Collection Set: 18.6ms
[2025-12-24T14:56:59.005+0000][gc,phases   ] GC(87)   Post Evacuate Collection Set: 2.0ms
[2025-12-24T14:56:59.006+0000][gc,phases   ] GC(87)   Other: 1.1ms
[2025-12-24T14:56:59.006+0000][gc,heap     ] GC(87) Eden regions: 606->0(604)
[2025-12-24T14:56:59.007+0000][gc,heap     ] GC(87) Survivor regions: 8->10(77)
[2025-12-24T14:56:59.007+0000][gc,heap     ] GC(87) Old regions: 34->34
[2025-12-24T14:56:59.007+0000][gc,heap     ] GC(87) Humongous regions: 131->131
[2025-12-24T14:56:59.007+0000][gc,metaspace] GC(87) Metaspace: 14936K(15424K)->14936K(15424K) NonClass: 13340K(13504K)->13340K(13504K) Class: 1595K(1920K)->1595K(1920K)
[2025-12-24T14:56:59.008+0000][gc          ] GC(87) Pause Young (Normal) (G1 Evacuation Pause) 777M->173M(1024M) 32.412ms
[2025-12-24T14:56:59.008+0000][gc,cpu      ] GC(87) User=0.09s Sys=0.02s Real=0.04s
[2025-12-24T14:57:38.619+0000][gc,start    ] GC(88) Pause Young (Normal) (G1 Evacuation Pause)
[2025-12-24T14:57:38.619+0000][gc,task     ] GC(88) Using 8 workers of 8 for evacuation
[2025-12-24T14:57:38.638+0000][gc,phases   ] GC(88)   Pre Evacuate Collection Set: 1.3ms
[2025-12-24T14:57:38.639+0000][gc,phases   ] GC(88)   Merge Heap Roots: 0.6ms
[2025-12-24T14:57:38.639+0000][gc,phases   ] GC(88)   Evacuate Collection Set: 15.1ms
[2025-12-24T14:57:38.639+0000][gc,phases   ] GC(88)   Post Evacuate Collection Set: 1.4ms
[2025-12-24T14:57:38.639+0000][gc,phases   ] GC(88)   Other: 0.3ms
[2025-12-24T14:57:38.639+0000][gc,heap     ] GC(88) Eden regions: 604->0(609)
[2025-12-24T14:57:38.639+0000][gc,heap     ] GC(88) Survivor regions: 10->5(77)
[2025-12-24T14:57:38.639+0000][gc,heap     ] GC(88) Old regions: 34->34
[2025-12-24T14:57:38.640+0000][gc,heap     ] GC(88) Humongous regions: 131->131
[2025-12-24T14:57:38.640+0000][gc,metaspace] GC(88) Metaspace: 14947K(15424K)->14947K(15424K) NonClass: 13351K(13504K)->13351K(13504K) Class: 1595K(1920K)->1595K(1920K)
[2025-12-24T14:57:38.640+0000][gc          ] GC(88) Pause Young (Normal) (G1 Evacuation Pause) 777M->168M(1024M) 21.150ms
[2025-12-24T14:57:38.640+0000][gc,cpu      ] GC(88) User=0.11s Sys=0.00s Real=0.02s
[2025-12-24T14:58:08.902+0000][gc,start    ] GC(89) Pause Young (Normal) (G1 Evacuation Pause)
[2025-12-24T14:58:08.903+0000][gc,task     ] GC(89) Using 8 workers of 8 for evacuation
[2025-12-24T14:58:08.922+0000][gc,phases   ] GC(89)   Pre Evacuate Collection Set: 0.9ms
[2025-12-24T14:58:08.922+0000][gc,phases   ] GC(89)   Merge Heap Roots: 0.3ms
[2025-12-24T14:58:08.922+0000][gc,phases   ] GC(89)   Evacuate Collection Set: 15.7ms
[2025-12-24T14:58:08.922+0000][gc,phases   ] GC(89)   Post Evacuate Collection Set: 1.8ms
[2025-12-24T14:58:08.922+0000][gc,phases   ] GC(89)   Other: 0.4ms
[2025-12-24T14:58:08.922+0000][gc,heap     ] GC(89) Eden regions: 609->0(608)
[2025-12-24T14:58:08.922+0000][gc,heap     ] GC(89) Survivor regions: 5->6(77)
[2025-12-24T14:58:08.922+0000][gc,heap     ] GC(89) Old regions: 34->34
[2025-12-24T14:58:08.922+0000][gc,heap     ] GC(89) Humongous regions: 131->131
[2025-12-24T14:58:08.923+0000][gc,metaspace] GC(89) Metaspace: 14947K(15424K)->14947K(15424K) NonClass: 13351K(13504K)->13351K(13504K) Class: 1595K(1920K)->1595K(1920K)
[2025-12-24T14:58:08.923+0000][gc          ] GC(89) Pause Young (Normal) (G1 Evacuation Pause) 777M->170M(1024M) 20.620ms
[2025-12-24T14:58:08.923+0000][gc,cpu      ] GC(89) User=0.13s Sys=0.00s Real=0.02s
[2025-12-24T14:58:39.117+0000][gc,start    ] GC(90) Pause Young (Normal) (G1 Evacuation Pause)
[2025-12-24T14:58:39.119+0000][gc,task     ] GC(90) Using 8 workers of 8 for evacuation
[2025-12-24T14:58:39.132+0000][gc,phases   ] GC(90)   Pre Evacuate Collection Set: 3.5ms
[2025-12-24T14:58:39.132+0000][gc,phases   ] GC(90)   Merge Heap Roots: 1.5ms
[2025-12-24T14:58:39.132+0000][gc,phases   ] GC(90)   Evacuate Collection Set: 6.6ms
[2025-12-24T14:58:39.132+0000][gc,phases   ] GC(90)   Post Evacuate Collection Set: 1.0ms
[2025-12-24T14:58:39.132+0000][gc,phases   ] GC(90)   Other: 0.4ms
[2025-12-24T14:58:39.132+0000][gc,heap     ] GC(90) Eden regions: 608->0(607)
[2025-12-24T14:58:39.132+0000][gc,heap     ] GC(90) Survivor regions: 6->7(77)
[2025-12-24T14:58:39.132+0000][gc,heap     ] GC(90) Old regions: 34->34
[2025-12-24T14:58:39.132+0000][gc,heap     ] GC(90) Humongous regions: 131->131
[2025-12-24T14:58:39.132+0000][gc,metaspace] GC(90) Metaspace: 14947K(15424K)->14947K(15424K) NonClass: 13351K(13504K)->13351K(13504K) Class: 1595K(1920K)->1595K(1920K)
[2025-12-24T14:58:39.133+0000][gc          ] GC(90) Pause Young (Normal) (G1 Evacuation Pause) 778M->171M(1024M) 15.064ms
[2025-12-24T14:58:39.133+0000][gc,cpu      ] GC(90) User=0.08s Sys=0.00s Real=0.01s
[2025-12-24T14:59:18.827+0000][gc,start    ] GC(91) Pause Young (Normal) (G1 Evacuation Pause)
[2025-12-24T14:59:18.828+0000][gc,task     ] GC(91) Using 8 workers of 8 for evacuation
[2025-12-24T14:59:18.848+0000][gc,phases   ] GC(91)   Pre Evacuate Collection Set: 1.0ms
[2025-12-24T14:59:18.849+0000][gc,phases   ] GC(91)   Merge Heap Roots: 0.3ms
[2025-12-24T14:59:18.849+0000][gc,phases   ] GC(91)   Evacuate Collection Set: 16.5ms
[2025-12-24T14:59:18.849+0000][gc,phases   ] GC(91)   Post Evacuate Collection Set: 1.1ms
[2025-12-24T14:59:18.850+0000][gc,phases   ] GC(91)   Other: 0.3ms
[2025-12-24T14:59:18.850+0000][gc,heap     ] GC(91) Eden regions: 607->0(607)
[2025-12-24T14:59:18.850+0000][gc,heap     ] GC(91) Survivor regions: 7->7(77)
[2025-12-24T14:59:18.851+0000][gc,heap     ] GC(91) Old regions: 34->35
[2025-12-24T14:59:18.851+0000][gc,heap     ] GC(91) Humongous regions: 131->131
[2025-12-24T14:59:18.851+0000][gc,metaspace] GC(91) Metaspace: 14948K(15424K)->14948K(15424K) NonClass: 13352K(13504K)->13352K(13504K) Class: 1595K(1920K)->1595K(1920K)
[2025-12-24T14:59:18.851+0000][gc          ] GC(91) Pause Young (Normal) (G1 Evacuation Pause) 778M->172M(1024M) 23.907ms
[2025-12-24T14:59:18.851+0000][gc,cpu      ] GC(91) User=0.10s Sys=0.02s Real=0.02s
[2025-12-24T14:59:49.157+0000][gc,start    ] GC(92) Pause Young (Normal) (G1 Evacuation Pause)
[2025-12-24T14:59:49.158+0000][gc,task     ] GC(92) Using 8 workers of 8 for evacuation
[2025-12-24T14:59:49.189+0000][gc,phases   ] GC(92)   Pre Evacuate Collection Set: 1.6ms
[2025-12-24T14:59:49.189+0000][gc,phases   ] GC(92)   Merge Heap Roots: 0.7ms
[2025-12-24T14:59:49.189+0000][gc,phases   ] GC(92)   Evacuate Collection Set: 25.4ms
[2025-12-24T14:59:49.189+0000][gc,phases   ] GC(92)   Post Evacuate Collection Set: 2.9ms
[2025-12-24T14:59:49.189+0000][gc,phases   ] GC(92)   Other: 0.6ms
[2025-12-24T14:59:49.189+0000][gc,heap     ] GC(92) Eden regions: 607->0(605)
[2025-12-24T14:59:49.190+0000][gc,heap     ] GC(92) Survivor regions: 7->9(77)
[2025-12-24T14:59:49.190+0000][gc,heap     ] GC(92) Old regions: 35->35
[2025-12-24T14:59:49.190+0000][gc,heap     ] GC(92) Humongous regions: 131->131
[2025-12-24T14:59:49.190+0000][gc,metaspace] GC(92) Metaspace: 14948K(15424K)->14948K(15424K) NonClass: 13352K(13504K)->13352K(13504K) Class: 1595K(1920K)->1595K(1920K)
[2025-12-24T14:59:49.190+0000][gc          ] GC(92) Pause Young (Normal) (G1 Evacuation Pause) 779M->173M(1024M) 32.994ms
[2025-12-24T14:59:49.190+0000][gc,cpu      ] GC(92) User=0.19s Sys=0.01s Real=0.03s
[2025-12-24T15:00:28.769+0000][gc,start    ] GC(93) Pause Young (Normal) (G1 Evacuation Pause)
[2025-12-24T15:00:28.770+0000][gc,task     ] GC(93) Using 8 workers of 8 for evacuation
[2025-12-24T15:00:28.786+0000][gc,phases   ] GC(93)   Pre Evacuate Collection Set: 1.2ms
[2025-12-24T15:00:28.786+0000][gc,phases   ] GC(93)   Merge Heap Roots: 0.3ms
[2025-12-24T15:00:28.786+0000][gc,phases   ] GC(93)   Evacuate Collection Set: 12.7ms
[2025-12-24T15:00:28.786+0000][gc,phases   ] GC(93)   Post Evacuate Collection Set: 1.6ms
[2025-12-24T15:00:28.787+0000][gc,phases   ] GC(93)   Other: 0.2ms
[2025-12-24T15:00:28.787+0000][gc,heap     ] GC(93) Eden regions: 605->0(605)
[2025-12-24T15:00:28.787+0000][gc,heap     ] GC(93) Survivor regions: 9->9(77)
[2025-12-24T15:00:28.787+0000][gc,heap     ] GC(93) Old regions: 35->35
[2025-12-24T15:00:28.787+0000][gc,heap     ] GC(93) Humongous regions: 131->131
[2025-12-24T15:00:28.787+0000][gc,metaspace] GC(93) Metaspace: 14950K(15424K)->14950K(15424K) NonClass: 13354K(13504K)->13354K(13504K) Class: 1596K(1920K)->1596K(1920K)
[2025-12-24T15:00:28.787+0000][gc          ] GC(93) Pause Young (Normal) (G1 Evacuation Pause) 778M->173M(1024M) 17.412ms
[2025-12-24T15:00:28.787+0000][gc,cpu      ] GC(93) User=0.11s Sys=0.00s Real=0.01s
[2025-12-24T15:00:58.999+0000][gc,start    ] GC(94) Pause Young (Normal) (G1 Evacuation Pause)
[2025-12-24T15:00:59.000+0000][gc,task     ] GC(94) Using 8 workers of 8 for evacuation
[2025-12-24T15:00:59.022+0000][gc,phases   ] GC(94)   Pre Evacuate Collection Set: 1.6ms
[2025-12-24T15:00:59.022+0000][gc,phases   ] GC(94)   Merge Heap Roots: 1.5ms
[2025-12-24T15:00:59.022+0000][gc,phases   ] GC(94)   Evacuate Collection Set: 17.4ms
[2025-12-24T15:00:59.023+0000][gc,phases   ] GC(94)   Post Evacuate Collection Set: 1.4ms
[2025-12-24T15:00:59.023+0000][gc,phases   ] GC(94)   Other: 0.4ms
[2025-12-24T15:00:59.023+0000][gc,heap     ] GC(94) Eden regions: 605->0(604)
[2025-12-24T15:00:59.023+0000][gc,heap     ] GC(94) Survivor regions: 9->10(77)
[2025-12-24T15:00:59.023+0000][gc,heap     ] GC(94) Old regions: 35->35
[2025-12-24T15:00:59.023+0000][gc,heap     ] GC(94) Humongous regions: 131->131
[2025-12-24T15:00:59.023+0000][gc,metaspace] GC(94) Metaspace: 14950K(15424K)->14950K(15424K) NonClass: 13354K(13504K)->13354K(13504K) Class: 1596K(1920K)->1596K(1920K)
[2025-12-24T15:00:59.023+0000][gc          ] GC(94) Pause Young (Normal) (G1 Evacuation Pause) 778M->175M(1024M) 23.904ms
[2025-12-24T15:00:59.023+0000][gc,cpu      ] GC(94) User=0.09s Sys=0.01s Real=0.02s
[2025-12-24T15:01:38.662+0000][gc,start    ] GC(95) Pause Young (Normal) (G1 Evacuation Pause)
[2025-12-24T15:01:38.664+0000][gc,task     ] GC(95) Using 8 workers of 8 for evacuation
[2025-12-24T15:01:38.680+0000][gc,phases   ] GC(95)   Pre Evacuate Collection Set: 1.1ms
[2025-12-24T15:01:38.680+0000][gc,phases   ] GC(95)   Merge Heap Roots: 0.3ms
[2025-12-24T15:01:38.680+0000][gc,phases   ] GC(95)   Evacuate Collection Set: 11.7ms
[2025-12-24T15:01:38.680+0000][gc,phases   ] GC(95)   Post Evacuate Collection Set: 2.6ms
[2025-12-24T15:01:38.680+0000][gc,phases   ] GC(95)   Other: 0.5ms
[2025-12-24T15:01:38.681+0000][gc,heap     ] GC(95) Eden regions: 604->0(605)
[2025-12-24T15:01:38.681+0000][gc,heap     ] GC(95) Survivor regions: 10->9(77)
[2025-12-24T15:01:38.681+0000][gc,heap     ] GC(95) Old regions: 35->36
[2025-12-24T15:01:38.681+0000][gc,heap     ] GC(95) Humongous regions: 131->131
[2025-12-24T15:01:38.681+0000][gc,metaspace] GC(95) Metaspace: 14956K(15424K)->14956K(15424K) NonClass: 13359K(13504K)->13359K(13504K) Class: 1596K(1920K)->1596K(1920K)
[2025-12-24T15:01:38.681+0000][gc          ] GC(95) Pause Young (Normal) (G1 Evacuation Pause) 779M->174M(1024M) 18.697ms
[2025-12-24T15:01:38.681+0000][gc,cpu      ] GC(95) User=0.10s Sys=0.00s Real=0.02s
[2025-12-24T15:02:08.917+0000][gc,start    ] GC(96) Pause Young (Normal) (G1 Evacuation Pause)
[2025-12-24T15:02:08.917+0000][gc,task     ] GC(96) Using 8 workers of 8 for evacuation
[2025-12-24T15:02:08.931+0000][gc,phases   ] GC(96)   Pre Evacuate Collection Set: 1.0ms
[2025-12-24T15:02:08.931+0000][gc,phases   ] GC(96)   Merge Heap Roots: 0.2ms
[2025-12-24T15:02:08.931+0000][gc,phases   ] GC(96)   Evacuate Collection Set: 9.8ms
[2025-12-24T15:02:08.931+0000][gc,phases   ] GC(96)   Post Evacuate Collection Set: 1.8ms
[2025-12-24T15:02:08.931+0000][gc,phases   ] GC(96)   Other: 0.3ms
[2025-12-24T15:02:08.931+0000][gc,heap     ] GC(96) Eden regions: 605->0(608)
[2025-12-24T15:02:08.931+0000][gc,heap     ] GC(96) Survivor regions: 9->6(77)
[2025-12-24T15:02:08.931+0000][gc,heap     ] GC(96) Old regions: 36->36
[2025-12-24T15:02:08.931+0000][gc,heap     ] GC(96) Humongous regions: 131->131
[2025-12-24T15:02:08.931+0000][gc,metaspace] GC(96) Metaspace: 14962K(15424K)->14962K(15424K) NonClass: 13366K(13504K)->13366K(13504K) Class: 1596K(1920K)->1596K(1920K)
[2025-12-24T15:02:08.931+0000][gc          ] GC(96) Pause Young (Normal) (G1 Evacuation Pause) 779M->172M(1024M) 14.603ms
[2025-12-24T15:02:08.931+0000][gc,cpu      ] GC(96) User=0.09s Sys=0.01s Real=0.01s
[2025-12-24T15:02:48.621+0000][gc,start    ] GC(97) Pause Young (Normal) (G1 Evacuation Pause)
[2025-12-24T15:02:48.621+0000][gc,task     ] GC(97) Using 8 workers of 8 for evacuation
[2025-12-24T15:02:48.647+0000][gc,phases   ] GC(97)   Pre Evacuate Collection Set: 1.8ms
[2025-12-24T15:02:48.647+0000][gc,phases   ] GC(97)   Merge Heap Roots: 0.3ms
[2025-12-24T15:02:48.647+0000][gc,phases   ] GC(97)   Evacuate Collection Set: 21.7ms
[2025-12-24T15:02:48.647+0000][gc,phases   ] GC(97)   Post Evacuate Collection Set: 1.7ms
[2025-12-24T15:02:48.647+0000][gc,phases   ] GC(97)   Other: 0.3ms
[2025-12-24T15:02:48.647+0000][gc,heap     ] GC(97) Eden regions: 608->0(609)
[2025-12-24T15:02:48.648+0000][gc,heap     ] GC(97) Survivor regions: 6->5(77)
[2025-12-24T15:02:48.648+0000][gc,heap     ] GC(97) Old regions: 36->36
[2025-12-24T15:02:48.648+0000][gc,heap     ] GC(97) Humongous regions: 131->131
[2025-12-24T15:02:48.648+0000][gc,metaspace] GC(97) Metaspace: 14962K(15424K)->14962K(15424K) NonClass: 13366K(13504K)->13366K(13504K) Class: 1596K(1920K)->1596K(1920K)
[2025-12-24T15:02:48.649+0000][gc          ] GC(97) Pause Young (Normal) (G1 Evacuation Pause) 780M->171M(1024M) 27.986ms
[2025-12-24T15:02:48.649+0000][gc,cpu      ] GC(97) User=0.15s Sys=0.00s Real=0.03s
[2025-12-24T15:03:18.924+0000][gc,start    ] GC(98) Pause Young (Normal) (G1 Evacuation Pause)
[2025-12-24T15:03:18.925+0000][gc,task     ] GC(98) Using 8 workers of 8 for evacuation
[2025-12-24T15:03:18.941+0000][gc,phases   ] GC(98)   Pre Evacuate Collection Set: 1.1ms
[2025-12-24T15:03:18.941+0000][gc,phases   ] GC(98)   Merge Heap Roots: 0.2ms
[2025-12-24T15:03:18.941+0000][gc,phases   ] GC(98)   Evacuate Collection Set: 13.8ms
[2025-12-24T15:03:18.941+0000][gc,phases   ] GC(98)   Post Evacuate Collection Set: 1.1ms
[2025-12-24T15:03:18.941+0000][gc,phases   ] GC(98)   Other: 0.3ms
[2025-12-24T15:03:18.942+0000][gc,heap     ] GC(98) Eden regions: 609->0(607)
[2025-12-24T15:03:18.942+0000][gc,heap     ] GC(98) Survivor regions: 5->7(77)
[2025-12-24T15:03:18.942+0000][gc,heap     ] GC(98) Old regions: 36->36
[2025-12-24T15:03:18.942+0000][gc,heap     ] GC(98) Humongous regions: 131->131
[2025-12-24T15:03:18.942+0000][gc,metaspace] GC(98) Metaspace: 14962K(15424K)->14962K(15424K) NonClass: 13366K(13504K)->13366K(13504K) Class: 1596K(1920K)->1596K(1920K)
[2025-12-24T15:03:18.942+0000][gc          ] GC(98) Pause Young (Normal) (G1 Evacuation Pause) 780M->173M(1024M) 17.696ms
[2025-12-24T15:03:18.942+0000][gc,cpu      ] GC(98) User=0.12s Sys=0.00s Real=0.02s
[2025-12-24T15:03:49.319+0000][gc,start    ] GC(99) Pause Young (Normal) (G1 Evacuation Pause)
[2025-12-24T15:03:49.320+0000][gc,task     ] GC(99) Using 8 workers of 8 for evacuation
[2025-12-24T15:03:49.365+0000][gc,phases   ] GC(99)   Pre Evacuate Collection Set: 1.6ms
[2025-12-24T15:03:49.366+0000][gc,phases   ] GC(99)   Merge Heap Roots: 1.1ms
[2025-12-24T15:03:49.366+0000][gc,phases   ] GC(99)   Evacuate Collection Set: 41.2ms
[2025-12-24T15:03:49.366+0000][gc,phases   ] GC(99)   Post Evacuate Collection Set: 1.5ms
[2025-12-24T15:03:49.366+0000][gc,phases   ] GC(99)   Other: 0.3ms
[2025-12-24T15:03:49.366+0000][gc,heap     ] GC(99) Eden regions: 607->0(605)
[2025-12-24T15:03:49.366+0000][gc,heap     ] GC(99) Survivor regions: 7->9(77)
[2025-12-24T15:03:49.366+0000][gc,heap     ] GC(99) Old regions: 36->37
[2025-12-24T15:03:49.366+0000][gc,heap     ] GC(99) Humongous regions: 131->131
[2025-12-24T15:03:49.366+0000][gc,metaspace] GC(99) Metaspace: 14962K(15424K)->14962K(15424K) NonClass: 13366K(13504K)->13366K(13504K) Class: 1596K(1920K)->1596K(1920K)
[2025-12-24T15:03:49.366+0000][gc          ] GC(99) Pause Young (Normal) (G1 Evacuation Pause) 780M->175M(1024M) 46.587ms
[2025-12-24T15:03:49.366+0000][gc,cpu      ] GC(99) User=0.20s Sys=0.06s Real=0.05s
[2025-12-24T15:04:28.789+0000][gc,start    ] GC(100) Pause Young (Normal) (G1 Evacuation Pause)
[2025-12-24T15:04:28.790+0000][gc,task     ] GC(100) Using 8 workers of 8 for evacuation
[2025-12-24T15:04:28.804+0000][gc,phases   ] GC(100)   Pre Evacuate Collection Set: 1.1ms
[2025-12-24T15:04:28.804+0000][gc,phases   ] GC(100)   Merge Heap Roots: 0.2ms
[2025-12-24T15:04:28.804+0000][gc,phases   ] GC(100)   Evacuate Collection Set: 11.4ms
[2025-12-24T15:04:28.804+0000][gc,phases   ] GC(100)   Post Evacuate Collection Set: 1.2ms
[2025-12-24T15:04:28.804+0000][gc,phases   ] GC(100)   Other: 0.2ms
[2025-12-24T15:04:28.804+0000][gc,heap     ] GC(100) Eden regions: 605->0(606)
[2025-12-24T15:04:28.804+0000][gc,heap     ] GC(100) Survivor regions: 9->8(77)
[2025-12-24T15:04:28.804+0000][gc,heap     ] GC(100) Old regions: 37->37
[2025-12-24T15:04:28.804+0000][gc,heap     ] GC(100) Humongous regions: 131->131
[2025-12-24T15:04:28.804+0000][gc,metaspace] GC(100) Metaspace: 14967K(15488K)->14967K(15488K) NonClass: 13371K(13568K)->13371K(13568K) Class: 1596K(1920K)->1596K(1920K)
[2025-12-24T15:04:28.805+0000][gc          ] GC(100) Pause Young (Normal) (G1 Evacuation Pause) 780M->174M(1024M) 15.238ms
[2025-12-24T15:04:28.805+0000][gc,cpu      ] GC(100) User=0.08s Sys=0.00s Real=0.01s
[2025-12-24T15:04:59.039+0000][gc,start    ] GC(101) Pause Young (Normal) (G1 Evacuation Pause)
[2025-12-24T15:04:59.039+0000][gc,task     ] GC(101) Using 8 workers of 8 for evacuation
[2025-12-24T15:04:59.059+0000][gc,phases   ] GC(101)   Pre Evacuate Collection Set: 1.0ms
[2025-12-24T15:04:59.059+0000][gc,phases   ] GC(101)   Merge Heap Roots: 0.2ms
[2025-12-24T15:04:59.060+0000][gc,phases   ] GC(101)   Evacuate Collection Set: 17.7ms
[2025-12-24T15:04:59.060+0000][gc,phases   ] GC(101)   Post Evacuate Collection Set: 1.1ms
[2025-12-24T15:04:59.060+0000][gc,phases   ] GC(101)   Other: 0.3ms
[2025-12-24T15:04:59.060+0000][gc,heap     ] GC(101) Eden regions: 606->0(604)
[2025-12-24T15:04:59.060+0000][gc,heap     ] GC(101) Survivor regions: 8->10(77)
[2025-12-24T15:04:59.060+0000][gc,heap     ] GC(101) Old regions: 37->37
[2025-12-24T15:04:59.060+0000][gc,heap     ] GC(101) Humongous regions: 131->131
[2025-12-24T15:04:59.060+0000][gc,metaspace] GC(101) Metaspace: 14967K(15488K)->14967K(15488K) NonClass: 13371K(13568K)->13371K(13568K) Class: 1596K(1920K)->1596K(1920K)
[2025-12-24T15:04:59.060+0000][gc          ] GC(101) Pause Young (Normal) (G1 Evacuation Pause) 780M->177M(1024M) 21.670ms
[2025-12-24T15:04:59.060+0000][gc,cpu      ] GC(101) User=0.14s Sys=0.00s Real=0.02s
[2025-12-24T15:05:38.694+0000][gc,start    ] GC(102) Pause Young (Normal) (G1 Evacuation Pause)
[2025-12-24T15:05:38.694+0000][gc,task     ] GC(102) Using 8 workers of 8 for evacuation
[2025-12-24T15:05:38.709+0000][gc,phases   ] GC(102)   Pre Evacuate Collection Set: 1.0ms
[2025-12-24T15:05:38.709+0000][gc,phases   ] GC(102)   Merge Heap Roots: 0.3ms
[2025-12-24T15:05:38.709+0000][gc,phases   ] GC(102)   Evacuate Collection Set: 8.5ms
[2025-12-24T15:05:38.709+0000][gc,phases   ] GC(102)   Post Evacuate Collection Set: 4.8ms
[2025-12-24T15:05:38.709+0000][gc,phases   ] GC(102)   Other: 0.2ms
[2025-12-24T15:05:38.710+0000][gc,heap     ] GC(102) Eden regions: 604->0(604)
[2025-12-24T15:05:38.710+0000][gc,heap     ] GC(102) Survivor regions: 10->10(77)
[2025-12-24T15:05:38.710+0000][gc,heap     ] GC(102) Old regions: 37->37
[2025-12-24T15:05:38.710+0000][gc,heap     ] GC(102) Humongous regions: 131->131
[2025-12-24T15:05:38.710+0000][gc,metaspace] GC(102) Metaspace: 14979K(15488K)->14979K(15488K) NonClass: 13383K(13568K)->13383K(13568K) Class: 1596K(1920K)->1596K(1920K)
[2025-12-24T15:05:38.710+0000][gc          ] GC(102) Pause Young (Normal) (G1 Evacuation Pause) 781M->177M(1024M) 16.062ms
[2025-12-24T15:05:38.710+0000][gc,cpu      ] GC(102) User=0.09s Sys=0.00s Real=0.02s
[2025-12-24T15:06:08.936+0000][gc,start    ] GC(103) Pause Young (Normal) (G1 Evacuation Pause)
[2025-12-24T15:06:08.936+0000][gc,task     ] GC(103) Using 8 workers of 8 for evacuation
[2025-12-24T15:06:08.947+0000][gc,phases   ] GC(103)   Pre Evacuate Collection Set: 0.8ms
[2025-12-24T15:06:08.947+0000][gc,phases   ] GC(103)   Merge Heap Roots: 0.3ms
[2025-12-24T15:06:08.947+0000][gc,phases   ] GC(103)   Evacuate Collection Set: 8.5ms
[2025-12-24T15:06:08.947+0000][gc,phases   ] GC(103)   Post Evacuate Collection Set: 1.0ms
[2025-12-24T15:06:08.947+0000][gc,phases   ] GC(103)   Other: 0.2ms
[2025-12-24T15:06:08.947+0000][gc,heap     ] GC(103) Eden regions: 604->0(608)
[2025-12-24T15:06:08.947+0000][gc,heap     ] GC(103) Survivor regions: 10->6(77)
[2025-12-24T15:06:08.947+0000][gc,heap     ] GC(103) Old regions: 37->38
[2025-12-24T15:06:08.947+0000][gc,heap     ] GC(103) Humongous regions: 131->131
[2025-12-24T15:06:08.947+0000][gc,metaspace] GC(103) Metaspace: 14981K(15488K)->14981K(15488K) NonClass: 13385K(13568K)->13385K(13568K) Class: 1596K(1920K)->1596K(1920K)
[2025-12-24T15:06:08.947+0000][gc          ] GC(103) Pause Young (Normal) (G1 Evacuation Pause) 781M->173M(1024M) 11.859ms
[2025-12-24T15:06:08.948+0000][gc,cpu      ] GC(103) User=0.07s Sys=0.00s Real=0.01s
[2025-12-24T15:06:48.625+0000][gc,start    ] GC(104) Pause Young (Normal) (G1 Evacuation Pause)
[2025-12-24T15:06:48.625+0000][gc,task     ] GC(104) Using 8 workers of 8 for evacuation
[2025-12-24T15:06:48.638+0000][gc,phases   ] GC(104)   Pre Evacuate Collection Set: 1.1ms
[2025-12-24T15:06:48.638+0000][gc,phases   ] GC(104)   Merge Heap Roots: 0.3ms
[2025-12-24T15:06:48.638+0000][gc,phases   ] GC(104)   Evacuate Collection Set: 10.2ms
[2025-12-24T15:06:48.638+0000][gc,phases   ] GC(104)   Post Evacuate Collection Set: 1.1ms
[2025-12-24T15:06:48.638+0000][gc,phases   ] GC(104)   Other: 0.3ms
[2025-12-24T15:06:48.638+0000][gc,heap     ] GC(104) Eden regions: 608->0(609)
[2025-12-24T15:06:48.638+0000][gc,heap     ] GC(104) Survivor regions: 6->5(77)
[2025-12-24T15:06:48.638+0000][gc,heap     ] GC(104) Old regions: 38->38
[2025-12-24T15:06:48.639+0000][gc,heap     ] GC(104) Humongous regions: 131->131
[2025-12-24T15:06:48.639+0000][gc,metaspace] GC(104) Metaspace: 14981K(15488K)->14981K(15488K) NonClass: 13385K(13568K)->13385K(13568K) Class: 1596K(1920K)->1596K(1920K)
[2025-12-24T15:06:48.639+0000][gc          ] GC(104) Pause Young (Normal) (G1 Evacuation Pause) 781M->173M(1024M) 14.066ms
[2025-12-24T15:06:48.639+0000][gc,cpu      ] GC(104) User=0.07s Sys=0.01s Real=0.01s
[2025-12-24T15:07:19.088+0000][gc,start    ] GC(105) Pause Young (Normal) (G1 Evacuation Pause)
[2025-12-24T15:07:19.089+0000][gc,task     ] GC(105) Using 8 workers of 8 for evacuation
[2025-12-24T15:07:19.109+0000][gc,phases   ] GC(105)   Pre Evacuate Collection Set: 2.9ms
[2025-12-24T15:07:19.109+0000][gc,phases   ] GC(105)   Merge Heap Roots: 0.5ms
[2025-12-24T15:07:19.109+0000][gc,phases   ] GC(105)   Evacuate Collection Set: 14.1ms
[2025-12-24T15:07:19.109+0000][gc,phases   ] GC(105)   Post Evacuate Collection Set: 1.3ms
[2025-12-24T15:07:19.109+0000][gc,phases   ] GC(105)   Other: 1.0ms
[2025-12-24T15:07:19.109+0000][gc,heap     ] GC(105) Eden regions: 609->0(607)
[2025-12-24T15:07:19.109+0000][gc,heap     ] GC(105) Survivor regions: 5->7(77)
[2025-12-24T15:07:19.109+0000][gc,heap     ] GC(105) Old regions: 38->38
[2025-12-24T15:07:19.109+0000][gc,heap     ] GC(105) Humongous regions: 131->131
[2025-12-24T15:07:19.109+0000][gc,metaspace] GC(105) Metaspace: 14981K(15488K)->14981K(15488K) NonClass: 13385K(13568K)->13385K(13568K) Class: 1596K(1920K)->1596K(1920K)
[2025-12-24T15:07:19.109+0000][gc          ] GC(105) Pause Young (Normal) (G1 Evacuation Pause) 782M->175M(1024M) 21.830ms
[2025-12-24T15:07:19.109+0000][gc,cpu      ] GC(105) User=0.09s Sys=0.00s Real=0.02s
[2025-12-24T15:07:58.570+0000][gc,start    ] GC(106) Pause Young (Normal) (G1 Evacuation Pause)
[2025-12-24T15:07:58.571+0000][gc,task     ] GC(106) Using 8 workers of 8 for evacuation
[2025-12-24T15:07:58.584+0000][gc,phases   ] GC(106)   Pre Evacuate Collection Set: 3.1ms
[2025-12-24T15:07:58.584+0000][gc,phases   ] GC(106)   Merge Heap Roots: 0.3ms
[2025-12-24T15:07:58.584+0000][gc,phases   ] GC(106)   Evacuate Collection Set: 8.4ms
[2025-12-24T15:07:58.584+0000][gc,phases   ] GC(106)   Post Evacuate Collection Set: 1.2ms
[2025-12-24T15:07:58.584+0000][gc,phases   ] GC(106)   Other: 0.3ms
[2025-12-24T15:07:58.584+0000][gc,heap     ] GC(106) Eden regions: 607->0(608)
[2025-12-24T15:07:58.584+0000][gc,heap     ] GC(106) Survivor regions: 7->6(77)
[2025-12-24T15:07:58.584+0000][gc,heap     ] GC(106) Old regions: 38->38
[2025-12-24T15:07:58.584+0000][gc,heap     ] GC(106) Humongous regions: 131->131
[2025-12-24T15:07:58.584+0000][gc,metaspace] GC(106) Metaspace: 14982K(15488K)->14982K(15488K) NonClass: 13386K(13568K)->13386K(13568K) Class: 1596K(1920K)->1596K(1920K)
[2025-12-24T15:07:58.584+0000][gc          ] GC(106) Pause Young (Normal) (G1 Evacuation Pause) 782M->174M(1024M) 14.345ms
[2025-12-24T15:07:58.584+0000][gc,cpu      ] GC(106) User=0.07s Sys=0.00s Real=0.01s
[2025-12-24T15:08:28.892+0000][gc,start    ] GC(107) Pause Young (Normal) (G1 Evacuation Pause)
[2025-12-24T15:08:28.892+0000][gc,task     ] GC(107) Using 8 workers of 8 for evacuation
[2025-12-24T15:08:28.911+0000][gc,phases   ] GC(107)   Pre Evacuate Collection Set: 1.2ms
[2025-12-24T15:08:28.911+0000][gc,phases   ] GC(107)   Merge Heap Roots: 0.4ms
[2025-12-24T15:08:28.911+0000][gc,phases   ] GC(107)   Evacuate Collection Set: 14.2ms
[2025-12-24T15:08:28.911+0000][gc,phases   ] GC(107)   Post Evacuate Collection Set: 2.4ms
[2025-12-24T15:08:28.911+0000][gc,phases   ] GC(107)   Other: 0.2ms
[2025-12-24T15:08:28.911+0000][gc,heap     ] GC(107) Eden regions: 608->0(606)
[2025-12-24T15:08:28.911+0000][gc,heap     ] GC(107) Survivor regions: 6->8(77)
[2025-12-24T15:08:28.911+0000][gc,heap     ] GC(107) Old regions: 38->38
[2025-12-24T15:08:28.911+0000][gc,heap     ] GC(107) Humongous regions: 131->131
[2025-12-24T15:08:28.911+0000][gc,metaspace] GC(107) Metaspace: 14987K(15488K)->14987K(15488K) NonClass: 13391K(13568K)->13391K(13568K) Class: 1596K(1920K)->1596K(1920K)
[2025-12-24T15:08:28.911+0000][gc          ] GC(107) Pause Young (Normal) (G1 Evacuation Pause) 782M->176M(1024M) 19.503ms
[2025-12-24T15:08:28.912+0000][gc,cpu      ] GC(107) User=0.12s Sys=0.01s Real=0.02s
[2025-12-24T15:08:59.080+0000][gc,start    ] GC(108) Pause Young (Normal) (G1 Evacuation Pause)
[2025-12-24T15:08:59.080+0000][gc,task     ] GC(108) Using 8 workers of 8 for evacuation
[2025-12-24T15:08:59.107+0000][gc,phases   ] GC(108)   Pre Evacuate Collection Set: 4.1ms
[2025-12-24T15:08:59.107+0000][gc,phases   ] GC(108)   Merge Heap Roots: 0.6ms
[2025-12-24T15:08:59.107+0000][gc,phases   ] GC(108)   Evacuate Collection Set: 20.3ms
[2025-12-24T15:08:59.107+0000][gc,phases   ] GC(108)   Post Evacuate Collection Set: 1.2ms
[2025-12-24T15:08:59.107+0000][gc,phases   ] GC(108)   Other: 0.3ms
[2025-12-24T15:08:59.107+0000][gc,heap     ] GC(108) Eden regions: 606->0(602)
[2025-12-24T15:08:59.107+0000][gc,heap     ] GC(108) Survivor regions: 8->12(77)
[2025-12-24T15:08:59.107+0000][gc,heap     ] GC(108) Old regions: 38->39
[2025-12-24T15:08:59.107+0000][gc,heap     ] GC(108) Humongous regions: 149->149
[2025-12-24T15:08:59.107+0000][gc,metaspace] GC(108) Metaspace: 15097K(15552K)->15097K(15552K) NonClass: 13485K(13632K)->13485K(13632K) Class: 1612K(1920K)->1612K(1920K)
[2025-12-24T15:08:59.107+0000][gc          ] GC(108) Pause Young (Normal) (G1 Evacuation Pause) 800M->199M(1024M) 27.645ms
[2025-12-24T15:08:59.107+0000][gc,cpu      ] GC(108) User=0.17s Sys=0.00s Real=0.03s
[2025-12-24T15:09:38.738+0000][gc,start    ] GC(109) Pause Young (Normal) (G1 Evacuation Pause)
[2025-12-24T15:09:38.740+0000][gc,task     ] GC(109) Using 8 workers of 8 for evacuation
[2025-12-24T15:09:38.761+0000][gc,phases   ] GC(109)   Pre Evacuate Collection Set: 3.7ms
[2025-12-24T15:09:38.761+0000][gc,phases   ] GC(109)   Merge Heap Roots: 0.5ms
[2025-12-24T15:09:38.761+0000][gc,phases   ] GC(109)   Evacuate Collection Set: 15.0ms
[2025-12-24T15:09:38.762+0000][gc,phases   ] GC(109)   Post Evacuate Collection Set: 1.2ms
[2025-12-24T15:09:38.762+0000][gc,phases   ] GC(109)   Other: 0.8ms
[2025-12-24T15:09:38.762+0000][gc,heap     ] GC(109) Eden regions: 602->0(603)
[2025-12-24T15:09:38.762+0000][gc,heap     ] GC(109) Survivor regions: 12->11(77)
[2025-12-24T15:09:38.762+0000][gc,heap     ] GC(109) Old regions: 39->39
[2025-12-24T15:09:38.762+0000][gc,heap     ] GC(109) Humongous regions: 149->149
[2025-12-24T15:09:38.762+0000][gc,metaspace] GC(109) Metaspace: 15113K(15552K)->15113K(15552K) NonClass: 13494K(13632K)->13494K(13632K) Class: 1618K(1920K)->1618K(1920K)
[2025-12-24T15:09:38.762+0000][gc          ] GC(109) Pause Young (Normal) (G1 Evacuation Pause) 801M->198M(1024M) 23.677ms
[2025-12-24T15:09:38.762+0000][gc,cpu      ] GC(109) User=0.12s Sys=0.00s Real=0.02s
[2025-12-24T15:10:09.055+0000][gc,start    ] GC(110) Pause Young (Normal) (G1 Evacuation Pause)
[2025-12-24T15:10:09.056+0000][gc,task     ] GC(110) Using 8 workers of 8 for evacuation
[2025-12-24T15:10:09.075+0000][gc,phases   ] GC(110)   Pre Evacuate Collection Set: 1.0ms
[2025-12-24T15:10:09.075+0000][gc,phases   ] GC(110)   Merge Heap Roots: 0.3ms
[2025-12-24T15:10:09.076+0000][gc,phases   ] GC(110)   Evacuate Collection Set: 17.1ms
[2025-12-24T15:10:09.076+0000][gc,phases   ] GC(110)   Post Evacuate Collection Set: 1.1ms
[2025-12-24T15:10:09.076+0000][gc,phases   ] GC(110)   Other: 0.2ms
[2025-12-24T15:10:09.076+0000][gc,heap     ] GC(110) Eden regions: 603->0(602)
[2025-12-24T15:10:09.076+0000][gc,heap     ] GC(110) Survivor regions: 11->12(77)
[2025-12-24T15:10:09.076+0000][gc,heap     ] GC(110) Old regions: 39->39
[2025-12-24T15:10:09.076+0000][gc,heap     ] GC(110) Humongous regions: 149->149
[2025-12-24T15:10:09.076+0000][gc,metaspace] GC(110) Metaspace: 15113K(15552K)->15113K(15552K) NonClass: 13495K(13632K)->13495K(13632K) Class: 1618K(1920K)->1618K(1920K)
[2025-12-24T15:10:09.076+0000][gc          ] GC(110) Pause Young (Normal) (G1 Evacuation Pause) 801M->199M(1024M) 20.814ms
[2025-12-24T15:10:09.076+0000][gc,cpu      ] GC(110) User=0.13s Sys=0.01s Real=0.02s
[2025-12-24T15:10:48.623+0000][gc,start    ] GC(111) Pause Young (Normal) (G1 Evacuation Pause)
[2025-12-24T15:10:48.624+0000][gc,task     ] GC(111) Using 8 workers of 8 for evacuation
[2025-12-24T15:10:48.644+0000][gc,phases   ] GC(111)   Pre Evacuate Collection Set: 2.2ms
[2025-12-24T15:10:48.644+0000][gc,phases   ] GC(111)   Merge Heap Roots: 1.9ms
[2025-12-24T15:10:48.644+0000][gc,phases   ] GC(111)   Evacuate Collection Set: 14.3ms
[2025-12-24T15:10:48.644+0000][gc,phases   ] GC(111)   Post Evacuate Collection Set: 1.3ms
[2025-12-24T15:10:48.644+0000][gc,phases   ] GC(111)   Other: 0.8ms
[2025-12-24T15:10:48.645+0000][gc,heap     ] GC(111) Eden regions: 602->0(607)
[2025-12-24T15:10:48.645+0000][gc,heap     ] GC(111) Survivor regions: 12->7(77)
[2025-12-24T15:10:48.645+0000][gc,heap     ] GC(111) Old regions: 39->39
[2025-12-24T15:10:48.645+0000][gc,heap     ] GC(111) Humongous regions: 149->149
[2025-12-24T15:10:48.645+0000][gc,metaspace] GC(111) Metaspace: 15115K(15552K)->15115K(15552K) NonClass: 13496K(13632K)->13496K(13632K) Class: 1618K(1920K)->1618K(1920K)
[2025-12-24T15:10:48.645+0000][gc          ] GC(111) Pause Young (Normal) (G1 Evacuation Pause) 801M->194M(1024M) 21.677ms
[2025-12-24T15:10:48.645+0000][gc,cpu      ] GC(111) User=0.09s Sys=0.01s Real=0.02s
[2025-12-24T15:11:18.906+0000][gc,start    ] GC(112) Pause Young (Normal) (G1 Evacuation Pause)
[2025-12-24T15:11:18.908+0000][gc,task     ] GC(112) Using 8 workers of 8 for evacuation
[2025-12-24T15:11:18.926+0000][gc,phases   ] GC(112)   Pre Evacuate Collection Set: 1.2ms
[2025-12-24T15:11:18.927+0000][gc,phases   ] GC(112)   Merge Heap Roots: 0.3ms
[2025-12-24T15:11:18.927+0000][gc,phases   ] GC(112)   Evacuate Collection Set: 15.9ms
[2025-12-24T15:11:18.927+0000][gc,phases   ] GC(112)   Post Evacuate Collection Set: 1.2ms
[2025-12-24T15:11:18.927+0000][gc,phases   ] GC(112)   Other: 0.3ms
[2025-12-24T15:11:18.927+0000][gc,heap     ] GC(112) Eden regions: 607->0(606)
[2025-12-24T15:11:18.927+0000][gc,heap     ] GC(112) Survivor regions: 7->8(77)
[2025-12-24T15:11:18.927+0000][gc,heap     ] GC(112) Old regions: 39->40
[2025-12-24T15:11:18.927+0000][gc,heap     ] GC(112) Humongous regions: 149->149
[2025-12-24T15:11:18.927+0000][gc,metaspace] GC(112) Metaspace: 15118K(15552K)->15118K(15552K) NonClass: 13500K(13632K)->13500K(13632K) Class: 1618K(1920K)->1618K(1920K)
[2025-12-24T15:11:18.927+0000][gc          ] GC(112) Pause Young (Normal) (G1 Evacuation Pause) 801M->195M(1024M) 20.662ms
[2025-12-24T15:11:18.927+0000][gc,cpu      ] GC(112) User=0.14s Sys=0.00s Real=0.02s
[2025-12-24T15:11:58.047+0000][gc,start    ] GC(113) Pause Young (Normal) (G1 Evacuation Pause)
[2025-12-24T15:11:58.048+0000][gc,task     ] GC(113) Using 8 workers of 8 for evacuation
[2025-12-24T15:11:58.065+0000][gc,phases   ] GC(113)   Pre Evacuate Collection Set: 2.4ms
[2025-12-24T15:11:58.065+0000][gc,phases   ] GC(113)   Merge Heap Roots: 0.4ms
[2025-12-24T15:11:58.065+0000][gc,phases   ] GC(113)   Evacuate Collection Set: 12.5ms
[2025-12-24T15:11:58.066+0000][gc,phases   ] GC(113)   Post Evacuate Collection Set: 1.5ms
[2025-12-24T15:11:58.066+0000][gc,phases   ] GC(113)   Other: 0.6ms
[2025-12-24T15:11:58.066+0000][gc,heap     ] GC(113) Eden regions: 606->0(607)
[2025-12-24T15:11:58.066+0000][gc,heap     ] GC(113) Survivor regions: 8->7(77)
[2025-12-24T15:11:58.066+0000][gc,heap     ] GC(113) Old regions: 40->40
[2025-12-24T15:11:58.066+0000][gc,heap     ] GC(113) Humongous regions: 149->149
[2025-12-24T15:11:58.066+0000][gc,metaspace] GC(113) Metaspace: 15125K(15552K)->15125K(15552K) NonClass: 13506K(13632K)->13506K(13632K) Class: 1618K(1920K)->1618K(1920K)
[2025-12-24T15:11:58.066+0000][gc          ] GC(113) Pause Young (Normal) (G1 Evacuation Pause) 801M->195M(1024M) 19.299ms
[2025-12-24T15:11:58.066+0000][gc,cpu      ] GC(113) User=0.11s Sys=0.01s Real=0.01s
[2025-12-24T15:12:28.815+0000][gc,start    ] GC(114) Pause Young (Normal) (G1 Evacuation Pause)
[2025-12-24T15:12:28.816+0000][gc,task     ] GC(114) Using 8 workers of 8 for evacuation
[2025-12-24T15:12:28.837+0000][gc,phases   ] GC(114)   Pre Evacuate Collection Set: 0.9ms
[2025-12-24T15:12:28.837+0000][gc,phases   ] GC(114)   Merge Heap Roots: 0.3ms
[2025-12-24T15:12:28.837+0000][gc,phases   ] GC(114)   Evacuate Collection Set: 18.4ms
[2025-12-24T15:12:28.837+0000][gc,phases   ] GC(114)   Post Evacuate Collection Set: 1.0ms
[2025-12-24T15:12:28.837+0000][gc,phases   ] GC(114)   Other: 0.5ms
[2025-12-24T15:12:28.837+0000][gc,heap     ] GC(114) Eden regions: 607->0(605)
[2025-12-24T15:12:28.837+0000][gc,heap     ] GC(114) Survivor regions: 7->9(77)
[2025-12-24T15:12:28.837+0000][gc,heap     ] GC(114) Old regions: 40->40
[2025-12-24T15:12:28.837+0000][gc,heap     ] GC(114) Humongous regions: 149->149
[2025-12-24T15:12:28.837+0000][gc,metaspace] GC(114) Metaspace: 15220K(15680K)->15220K(15680K) NonClass: 13601K(13760K)->13601K(13760K) Class: 1618K(1920K)->1618K(1920K)
[2025-12-24T15:12:28.837+0000][gc          ] GC(114) Pause Young (Normal) (G1 Evacuation Pause) 802M->197M(1024M) 22.290ms
[2025-12-24T15:12:28.837+0000][gc,cpu      ] GC(114) User=0.14s Sys=0.00s Real=0.03s
[2025-12-24T15:12:59.122+0000][gc,start    ] GC(115) Pause Young (Normal) (G1 Evacuation Pause)
[2025-12-24T15:12:59.122+0000][gc,task     ] GC(115) Using 8 workers of 8 for evacuation
[2025-12-24T15:12:59.167+0000][gc,phases   ] GC(115)   Pre Evacuate Collection Set: 1.6ms
[2025-12-24T15:12:59.168+0000][gc,phases   ] GC(115)   Merge Heap Roots: 0.6ms
[2025-12-24T15:12:59.168+0000][gc,phases   ] GC(115)   Evacuate Collection Set: 41.2ms
[2025-12-24T15:12:59.168+0000][gc,phases   ] GC(115)   Post Evacuate Collection Set: 1.4ms
[2025-12-24T15:12:59.168+0000][gc,phases   ] GC(115)   Other: 0.3ms
[2025-12-24T15:12:59.168+0000][gc,heap     ] GC(115) Eden regions: 605->0(603)
[2025-12-24T15:12:59.168+0000][gc,heap     ] GC(115) Survivor regions: 9->11(77)
[2025-12-24T15:12:59.168+0000][gc,heap     ] GC(115) Old regions: 40->40
[2025-12-24T15:12:59.168+0000][gc,heap     ] GC(115) Humongous regions: 149->149
[2025-12-24T15:12:59.168+0000][gc,metaspace] GC(115) Metaspace: 15269K(15744K)->15269K(15744K) NonClass: 13650K(13824K)->13650K(13824K) Class: 1618K(1920K)->1618K(1920K)
[2025-12-24T15:12:59.168+0000][gc          ] GC(115) Pause Young (Normal) (G1 Evacuation Pause) 802M->199M(1024M) 46.238ms
[2025-12-24T15:12:59.168+0000][gc,cpu      ] GC(115) User=0.24s Sys=0.01s Real=0.05s
[2025-12-24T15:13:38.720+0000][gc,start    ] GC(116) Pause Young (Normal) (G1 Evacuation Pause)
[2025-12-24T15:13:38.721+0000][gc,task     ] GC(116) Using 8 workers of 8 for evacuation
[2025-12-24T15:13:38.742+0000][gc,phases   ] GC(116)   Pre Evacuate Collection Set: 0.9ms
[2025-12-24T15:13:38.742+0000][gc,phases   ] GC(116)   Merge Heap Roots: 0.3ms
[2025-12-24T15:13:38.742+0000][gc,phases   ] GC(116)   Evacuate Collection Set: 18.5ms
[2025-12-24T15:13:38.742+0000][gc,phases   ] GC(116)   Post Evacuate Collection Set: 1.2ms
[2025-12-24T15:13:38.742+0000][gc,phases   ] GC(116)   Other: 0.3ms
[2025-12-24T15:13:38.742+0000][gc,heap     ] GC(116) Eden regions: 603->0(605)
[2025-12-24T15:13:38.742+0000][gc,heap     ] GC(116) Survivor regions: 11->9(77)
[2025-12-24T15:13:38.742+0000][gc,heap     ] GC(116) Old regions: 40->41
[2025-12-24T15:13:38.742+0000][gc,heap     ] GC(116) Humongous regions: 149->149
[2025-12-24T15:13:38.743+0000][gc,metaspace] GC(116) Metaspace: 15270K(15744K)->15270K(15744K) NonClass: 13651K(13824K)->13651K(13824K) Class: 1618K(1920K)->1618K(1920K)
[2025-12-24T15:13:38.743+0000][gc          ] GC(116) Pause Young (Normal) (G1 Evacuation Pause) 802M->197M(1024M) 22.652ms
[2025-12-24T15:13:38.743+0000][gc,cpu      ] GC(116) User=0.14s Sys=0.01s Real=0.03s
[2025-12-24T15:14:08.975+0000][gc,start    ] GC(117) Pause Young (Normal) (G1 Evacuation Pause)
[2025-12-24T15:14:08.975+0000][gc,task     ] GC(117) Using 8 workers of 8 for evacuation
[2025-12-24T15:14:08.995+0000][gc,phases   ] GC(117)   Pre Evacuate Collection Set: 0.9ms
[2025-12-24T15:14:08.995+0000][gc,phases   ] GC(117)   Merge Heap Roots: 0.4ms
[2025-12-24T15:14:08.995+0000][gc,phases   ] GC(117)   Evacuate Collection Set: 15.2ms
[2025-12-24T15:14:08.995+0000][gc,phases   ] GC(117)   Post Evacuate Collection Set: 2.2ms
[2025-12-24T15:14:08.995+0000][gc,phases   ] GC(117)   Other: 0.7ms
[2025-12-24T15:14:08.996+0000][gc,heap     ] GC(117) Eden regions: 605->0(604)
[2025-12-24T15:14:08.996+0000][gc,heap     ] GC(117) Survivor regions: 9->10(77)
[2025-12-24T15:14:08.996+0000][gc,heap     ] GC(117) Old regions: 41->41
[2025-12-24T15:14:08.996+0000][gc,heap     ] GC(117) Humongous regions: 149->149
[2025-12-24T15:14:08.996+0000][gc,metaspace] GC(117) Metaspace: 15270K(15744K)->15270K(15744K) NonClass: 13651K(13824K)->13651K(13824K) Class: 1618K(1920K)->1618K(1920K)
[2025-12-24T15:14:08.996+0000][gc          ] GC(117) Pause Young (Normal) (G1 Evacuation Pause) 802M->199M(1024M) 21.886ms
[2025-12-24T15:14:08.996+0000][gc,cpu      ] GC(117) User=0.12s Sys=0.00s Real=0.02s
[2025-12-24T15:14:48.647+0000][gc,start    ] GC(118) Pause Young (Normal) (G1 Evacuation Pause)
[2025-12-24T15:14:48.648+0000][gc,task     ] GC(118) Using 8 workers of 8 for evacuation
[2025-12-24T15:14:48.670+0000][gc,phases   ] GC(118)   Pre Evacuate Collection Set: 2.0ms
[2025-12-24T15:14:48.670+0000][gc,phases   ] GC(118)   Merge Heap Roots: 1.9ms
[2025-12-24T15:14:48.670+0000][gc,phases   ] GC(118)   Evacuate Collection Set: 17.4ms
[2025-12-24T15:14:48.671+0000][gc,phases   ] GC(118)   Post Evacuate Collection Set: 1.0ms
[2025-12-24T15:14:48.671+0000][gc,phases   ] GC(118)   Other: 0.3ms
[2025-12-24T15:14:48.671+0000][gc,heap     ] GC(118) Eden regions: 604->0(609)
[2025-12-24T15:14:48.671+0000][gc,heap     ] GC(118) Survivor regions: 10->5(77)
[2025-12-24T15:14:48.671+0000][gc,heap     ] GC(118) Old regions: 41->41
[2025-12-24T15:14:48.671+0000][gc,heap     ] GC(118) Humongous regions: 149->149
[2025-12-24T15:14:48.671+0000][gc,metaspace] GC(118) Metaspace: 15270K(15744K)->15270K(15744K) NonClass: 13651K(13824K)->13651K(13824K) Class: 1618K(1920K)->1618K(1920K)
[2025-12-24T15:14:48.671+0000][gc          ] GC(118) Pause Young (Normal) (G1 Evacuation Pause) 803M->194M(1024M) 23.725ms
[2025-12-24T15:14:48.671+0000][gc,cpu      ] GC(118) User=0.15s Sys=0.01s Real=0.03s
[2025-12-24T15:15:18.896+0000][gc,start    ] GC(119) Pause Young (Normal) (G1 Evacuation Pause)
[2025-12-24T15:15:18.897+0000][gc,task     ] GC(119) Using 8 workers of 8 for evacuation
[2025-12-24T15:15:18.915+0000][gc,phases   ] GC(119)   Pre Evacuate Collection Set: 1.1ms
[2025-12-24T15:15:18.915+0000][gc,phases   ] GC(119)   Merge Heap Roots: 0.3ms
[2025-12-24T15:15:18.915+0000][gc,phases   ] GC(119)   Evacuate Collection Set: 14.8ms
[2025-12-24T15:15:18.915+0000][gc,phases   ] GC(119)   Post Evacuate Collection Set: 1.2ms
[2025-12-24T15:15:18.915+0000][gc,phases   ] GC(119)   Other: 0.4ms
[2025-12-24T15:15:18.915+0000][gc,heap     ] GC(119) Eden regions: 609->0(608)
[2025-12-24T15:15:18.915+0000][gc,heap     ] GC(119) Survivor regions: 5->6(77)
[2025-12-24T15:15:18.915+0000][gc,heap     ] GC(119) Old regions: 41->41
[2025-12-24T15:15:18.915+0000][gc,heap     ] GC(119) Humongous regions: 149->149
[2025-12-24T15:15:18.915+0000][gc,metaspace] GC(119) Metaspace: 15270K(15744K)->15270K(15744K) NonClass: 13651K(13824K)->13651K(13824K) Class: 1618K(1920K)->1618K(1920K)
[2025-12-24T15:15:18.916+0000][gc          ] GC(119) Pause Young (Normal) (G1 Evacuation Pause) 803M->195M(1024M) 19.230ms
[2025-12-24T15:15:18.916+0000][gc,cpu      ] GC(119) User=0.11s Sys=0.00s Real=0.02s
[2025-12-24T15:15:58.562+0000][gc,start    ] GC(120) Pause Young (Normal) (G1 Evacuation Pause)
[2025-12-24T15:15:58.562+0000][gc,task     ] GC(120) Using 8 workers of 8 for evacuation
[2025-12-24T15:15:58.572+0000][gc,phases   ] GC(120)   Pre Evacuate Collection Set: 1.0ms
[2025-12-24T15:15:58.572+0000][gc,phases   ] GC(120)   Merge Heap Roots: 0.2ms
[2025-12-24T15:15:58.572+0000][gc,phases   ] GC(120)   Evacuate Collection Set: 7.1ms
[2025-12-24T15:15:58.572+0000][gc,phases   ] GC(120)   Post Evacuate Collection Set: 0.9ms
[2025-12-24T15:15:58.572+0000][gc,phases   ] GC(120)   Other: 0.2ms
[2025-12-24T15:15:58.572+0000][gc,heap     ] GC(120) Eden regions: 608->0(608)
[2025-12-24T15:15:58.572+0000][gc,heap     ] GC(120) Survivor regions: 6->6(77)
[2025-12-24T15:15:58.572+0000][gc,heap     ] GC(120) Old regions: 41->41
[2025-12-24T15:15:58.572+0000][gc,heap     ] GC(120) Humongous regions: 149->149
[2025-12-24T15:15:58.572+0000][gc,metaspace] GC(120) Metaspace: 15270K(15744K)->15270K(15744K) NonClass: 13651K(13824K)->13651K(13824K) Class: 1618K(1920K)->1618K(1920K)
[2025-12-24T15:15:58.572+0000][gc          ] GC(120) Pause Young (Normal) (G1 Evacuation Pause) 803M->195M(1024M) 10.632ms
[2025-12-24T15:15:58.572+0000][gc,cpu      ] GC(120) User=0.05s Sys=0.00s Real=0.01s
[2025-12-24T15:16:28.977+0000][gc,start    ] GC(121) Pause Young (Normal) (G1 Evacuation Pause)
[2025-12-24T15:16:28.977+0000][gc,task     ] GC(121) Using 8 workers of 8 for evacuation
[2025-12-24T15:16:28.997+0000][gc,phases   ] GC(121)   Pre Evacuate Collection Set: 1.0ms
[2025-12-24T15:16:28.997+0000][gc,phases   ] GC(121)   Merge Heap Roots: 0.3ms
[2025-12-24T15:16:28.997+0000][gc,phases   ] GC(121)   Evacuate Collection Set: 16.8ms
[2025-12-24T15:16:28.997+0000][gc,phases   ] GC(121)   Post Evacuate Collection Set: 1.0ms
[2025-12-24T15:16:28.997+0000][gc,phases   ] GC(121)   Other: 0.3ms
[2025-12-24T15:16:28.997+0000][gc,heap     ] GC(121) Eden regions: 608->0(607)
[2025-12-24T15:16:28.997+0000][gc,heap     ] GC(121) Survivor regions: 6->7(77)
[2025-12-24T15:16:28.997+0000][gc,heap     ] GC(121) Old regions: 41->42
[2025-12-24T15:16:28.997+0000][gc,heap     ] GC(121) Humongous regions: 149->149
[2025-12-24T15:16:28.997+0000][gc,metaspace] GC(121) Metaspace: 15271K(15744K)->15271K(15744K) NonClass: 13652K(13824K)->13652K(13824K) Class: 1618K(1920K)->1618K(1920K)
[2025-12-24T15:16:28.997+0000][gc          ] GC(121) Pause Young (Normal) (G1 Evacuation Pause) 803M->196M(1024M) 20.687ms
[2025-12-24T15:16:28.998+0000][gc,cpu      ] GC(121) User=0.14s Sys=0.00s Real=0.02s
[2025-12-24T15:16:59.100+0000][gc,start    ] GC(122) Pause Young (Normal) (G1 Evacuation Pause)
[2025-12-24T15:16:59.101+0000][gc,task     ] GC(122) Using 8 workers of 8 for evacuation
[2025-12-24T15:16:59.111+0000][gc,phases   ] GC(122)   Pre Evacuate Collection Set: 1.0ms
[2025-12-24T15:16:59.111+0000][gc,phases   ] GC(122)   Merge Heap Roots: 0.4ms
[2025-12-24T15:16:59.111+0000][gc,phases   ] GC(122)   Evacuate Collection Set: 7.8ms
[2025-12-24T15:16:59.111+0000][gc,phases   ] GC(122)   Post Evacuate Collection Set: 1.1ms
[2025-12-24T15:16:59.111+0000][gc,phases   ] GC(122)   Other: 0.3ms
[2025-12-24T15:16:59.112+0000][gc,heap     ] GC(122) Eden regions: 607->0(606)
[2025-12-24T15:16:59.112+0000][gc,heap     ] GC(122) Survivor regions: 7->8(77)
[2025-12-24T15:16:59.112+0000][gc,heap     ] GC(122) Old regions: 42->42
[2025-12-24T15:16:59.112+0000][gc,heap     ] GC(122) Humongous regions: 149->149
[2025-12-24T15:16:59.112+0000][gc,metaspace] GC(122) Metaspace: 15271K(15744K)->15271K(15744K) NonClass: 13652K(13824K)->13652K(13824K) Class: 1618K(1920K)->1618K(1920K)
[2025-12-24T15:16:59.112+0000][gc          ] GC(122) Pause Young (Normal) (G1 Evacuation Pause) 803M->197M(1024M) 11.836ms
[2025-12-24T15:16:59.112+0000][gc,cpu      ] GC(122) User=0.06s Sys=0.00s Real=0.01s
[2025-12-24T15:17:38.742+0000][gc,start    ] GC(123) Pause Young (Normal) (G1 Evacuation Pause)
[2025-12-24T15:17:38.743+0000][gc,task     ] GC(123) Using 8 workers of 8 for evacuation
[2025-12-24T15:17:38.762+0000][gc,phases   ] GC(123)   Pre Evacuate Collection Set: 1.5ms
[2025-12-24T15:17:38.762+0000][gc,phases   ] GC(123)   Merge Heap Roots: 1.1ms
[2025-12-24T15:17:38.762+0000][gc,phases   ] GC(123)   Evacuate Collection Set: 14.4ms
[2025-12-24T15:17:38.762+0000][gc,phases   ] GC(123)   Post Evacuate Collection Set: 1.3ms
[2025-12-24T15:17:38.763+0000][gc,phases   ] GC(123)   Other: 0.9ms
[2025-12-24T15:17:38.763+0000][gc,heap     ] GC(123) Eden regions: 606->0(607)
[2025-12-24T15:17:38.763+0000][gc,heap     ] GC(123) Survivor regions: 8->7(77)
[2025-12-24T15:17:38.763+0000][gc,heap     ] GC(123) Old regions: 42->43
[2025-12-24T15:17:38.763+0000][gc,heap     ] GC(123) Humongous regions: 149->149
[2025-12-24T15:17:38.763+0000][gc,metaspace] GC(123) Metaspace: 15271K(15744K)->15271K(15744K) NonClass: 13652K(13824K)->13652K(13824K) Class: 1618K(1920K)->1618K(1920K)
[2025-12-24T15:17:38.763+0000][gc          ] GC(123) Pause Young (Normal) (G1 Evacuation Pause) 803M->198M(1024M) 20.418ms
[2025-12-24T15:17:38.763+0000][gc,cpu      ] GC(123) User=0.13s Sys=0.01s Real=0.02s
[2025-12-24T15:18:08.989+0000][gc,start    ] GC(124) Pause Young (Normal) (G1 Evacuation Pause)
[2025-12-24T15:18:08.990+0000][gc,task     ] GC(124) Using 8 workers of 8 for evacuation
[2025-12-24T15:18:08.998+0000][gc,phases   ] GC(124)   Pre Evacuate Collection Set: 1.0ms
[2025-12-24T15:18:08.998+0000][gc,phases   ] GC(124)   Merge Heap Roots: 0.2ms
[2025-12-24T15:18:08.998+0000][gc,phases   ] GC(124)   Evacuate Collection Set: 5.8ms
[2025-12-24T15:18:08.998+0000][gc,phases   ] GC(124)   Post Evacuate Collection Set: 1.0ms
[2025-12-24T15:18:08.998+0000][gc,phases   ] GC(124)   Other: 0.3ms
[2025-12-24T15:18:08.998+0000][gc,heap     ] GC(124) Eden regions: 607->0(606)
[2025-12-24T15:18:08.998+0000][gc,heap     ] GC(124) Survivor regions: 7->8(77)
[2025-12-24T15:18:08.998+0000][gc,heap     ] GC(124) Old regions: 43->43
[2025-12-24T15:18:08.999+0000][gc,heap     ] GC(124) Humongous regions: 149->149
[2025-12-24T15:18:08.999+0000][gc,metaspace] GC(124) Metaspace: 15271K(15744K)->15271K(15744K) NonClass: 13652K(13824K)->13652K(13824K) Class: 1618K(1920K)->1618K(1920K)
[2025-12-24T15:18:08.999+0000][gc          ] GC(124) Pause Young (Normal) (G1 Evacuation Pause) 805M->199M(1024M) 9.578ms
[2025-12-24T15:18:08.999+0000][gc,cpu      ] GC(124) User=0.05s Sys=0.00s Real=0.01s
[2025-12-24T15:18:48.700+0000][gc,start    ] GC(125) Pause Young (Normal) (G1 Evacuation Pause)
[2025-12-24T15:18:48.700+0000][gc,task     ] GC(125) Using 8 workers of 8 for evacuation
[2025-12-24T15:18:48.711+0000][gc,phases   ] GC(125)   Pre Evacuate Collection Set: 1.1ms
[2025-12-24T15:18:48.711+0000][gc,phases   ] GC(125)   Merge Heap Roots: 0.2ms
[2025-12-24T15:18:48.711+0000][gc,phases   ] GC(125)   Evacuate Collection Set: 8.0ms
[2025-12-24T15:18:48.711+0000][gc,phases   ] GC(125)   Post Evacuate Collection Set: 1.1ms
[2025-12-24T15:18:48.711+0000][gc,phases   ] GC(125)   Other: 0.3ms
[2025-12-24T15:18:48.711+0000][gc,heap     ] GC(125) Eden regions: 606->0(611)
[2025-12-24T15:18:48.711+0000][gc,heap     ] GC(125) Survivor regions: 8->3(77)
[2025-12-24T15:18:48.711+0000][gc,heap     ] GC(125) Old regions: 43->43
[2025-12-24T15:18:48.711+0000][gc,heap     ] GC(125) Humongous regions: 149->149
[2025-12-24T15:18:48.711+0000][gc,metaspace] GC(125) Metaspace: 15271K(15744K)->15271K(15744K) NonClass: 13652K(13824K)->13652K(13824K) Class: 1618K(1920K)->1618K(1920K)
[2025-12-24T15:18:48.711+0000][gc          ] GC(125) Pause Young (Normal) (G1 Evacuation Pause) 805M->194M(1024M) 11.663ms
[2025-12-24T15:18:48.711+0000][gc,cpu      ] GC(125) User=0.07s Sys=0.00s Real=0.02s
[2025-12-24T15:19:18.945+0000][gc,start    ] GC(126) Pause Young (Normal) (G1 Evacuation Pause)
[2025-12-24T15:19:18.945+0000][gc,task     ] GC(126) Using 8 workers of 8 for evacuation
[2025-12-24T15:19:18.957+0000][gc,phases   ] GC(126)   Pre Evacuate Collection Set: 0.9ms
[2025-12-24T15:19:18.958+0000][gc,phases   ] GC(126)   Merge Heap Roots: 0.2ms
[2025-12-24T15:19:18.958+0000][gc,phases   ] GC(126)   Evacuate Collection Set: 9.3ms
[2025-12-24T15:19:18.958+0000][gc,phases   ] GC(126)   Post Evacuate Collection Set: 1.3ms
[2025-12-24T15:19:18.958+0000][gc,phases   ] GC(126)   Other: 0.5ms
[2025-12-24T15:19:18.958+0000][gc,heap     ] GC(126) Eden regions: 611->0(609)
[2025-12-24T15:19:18.958+0000][gc,heap     ] GC(126) Survivor regions: 3->5(77)
[2025-12-24T15:19:18.958+0000][gc,heap     ] GC(126) Old regions: 43->43
[2025-12-24T15:19:18.958+0000][gc,heap     ] GC(126) Humongous regions: 149->149
[2025-12-24T15:19:18.958+0000][gc,metaspace] GC(126) Metaspace: 15271K(15744K)->15271K(15744K) NonClass: 13652K(13824K)->13652K(13824K) Class: 1618K(1920K)->1618K(1920K)
[2025-12-24T15:19:18.959+0000][gc          ] GC(126) Pause Young (Normal) (G1 Evacuation Pause) 805M->196M(1024M) 14.080ms
[2025-12-24T15:19:18.959+0000][gc,cpu      ] GC(126) User=0.06s Sys=0.01s Real=0.02s
[2025-12-24T15:19:58.661+0000][gc,start    ] GC(127) Pause Young (Normal) (G1 Evacuation Pause)
[2025-12-24T15:19:58.662+0000][gc,task     ] GC(127) Using 8 workers of 8 for evacuation
[2025-12-24T15:19:58.679+0000][gc,phases   ] GC(127)   Pre Evacuate Collection Set: 3.5ms
[2025-12-24T15:19:58.679+0000][gc,phases   ] GC(127)   Merge Heap Roots: 0.5ms
[2025-12-24T15:19:58.679+0000][gc,phases   ] GC(127)   Evacuate Collection Set: 11.3ms
[2025-12-24T15:19:58.679+0000][gc,phases   ] GC(127)   Post Evacuate Collection Set: 1.1ms
[2025-12-24T15:19:58.679+0000][gc,phases   ] GC(127)   Other: 0.5ms
[2025-12-24T15:19:58.680+0000][gc,heap     ] GC(127) Eden regions: 609->0(609)
[2025-12-24T15:19:58.680+0000][gc,heap     ] GC(127) Survivor regions: 5->5(77)
[2025-12-24T15:19:58.680+0000][gc,heap     ] GC(127) Old regions: 43->43
[2025-12-24T15:19:58.680+0000][gc,heap     ] GC(127) Humongous regions: 149->149
[2025-12-24T15:19:58.680+0000][gc,metaspace] GC(127) Metaspace: 15278K(15744K)->15278K(15744K) NonClass: 13659K(13824K)->13659K(13824K) Class: 1619K(1920K)->1619K(1920K)
[2025-12-24T15:19:58.680+0000][gc          ] GC(127) Pause Young (Normal) (G1 Evacuation Pause) 805M->195M(1024M) 19.032ms
[2025-12-24T15:19:58.680+0000][gc,cpu      ] GC(127) User=0.07s Sys=0.01s Real=0.02s
[2025-12-24T15:20:28.928+0000][gc,start    ] GC(128) Pause Young (Normal) (G1 Evacuation Pause)
[2025-12-24T15:20:28.928+0000][gc,task     ] GC(128) Using 8 workers of 8 for evacuation
[2025-12-24T15:20:28.936+0000][gc,phases   ] GC(128)   Pre Evacuate Collection Set: 1.0ms
[2025-12-24T15:20:28.936+0000][gc,phases   ] GC(128)   Merge Heap Roots: 0.2ms
[2025-12-24T15:20:28.936+0000][gc,phases   ] GC(128)   Evacuate Collection Set: 5.0ms
[2025-12-24T15:20:28.936+0000][gc,phases   ] GC(128)   Post Evacuate Collection Set: 0.9ms
[2025-12-24T15:20:28.936+0000][gc,phases   ] GC(128)   Other: 0.3ms
[2025-12-24T15:20:28.936+0000][gc,heap     ] GC(128) Eden regions: 609->0(607)
[2025-12-24T15:20:28.936+0000][gc,heap     ] GC(128) Survivor regions: 5->7(77)
[2025-12-24T15:20:28.936+0000][gc,heap     ] GC(128) Old regions: 43->43
[2025-12-24T15:20:28.936+0000][gc,heap     ] GC(128) Humongous regions: 149->149
[2025-12-24T15:20:28.936+0000][gc,metaspace] GC(128) Metaspace: 15278K(15744K)->15278K(15744K) NonClass: 13659K(13824K)->13659K(13824K) Class: 1619K(1920K)->1619K(1920K)
[2025-12-24T15:20:28.936+0000][gc          ] GC(128) Pause Young (Normal) (G1 Evacuation Pause) 804M->197M(1024M) 8.508ms
[2025-12-24T15:20:28.937+0000][gc,cpu      ] GC(128) User=0.04s Sys=0.01s Real=0.01s
[2025-12-24T15:21:08.570+0000][gc,start    ] GC(129) Pause Young (Normal) (G1 Evacuation Pause)
[2025-12-24T15:21:08.570+0000][gc,task     ] GC(129) Using 8 workers of 8 for evacuation
[2025-12-24T15:21:08.581+0000][gc,phases   ] GC(129)   Pre Evacuate Collection Set: 0.9ms
[2025-12-24T15:21:08.581+0000][gc,phases   ] GC(129)   Merge Heap Roots: 0.2ms
[2025-12-24T15:21:08.581+0000][gc,phases   ] GC(129)   Evacuate Collection Set: 6.0ms
[2025-12-24T15:21:08.581+0000][gc,phases   ] GC(129)   Post Evacuate Collection Set: 3.2ms
[2025-12-24T15:21:08.581+0000][gc,phases   ] GC(129)   Other: 0.2ms
[2025-12-24T15:21:08.581+0000][gc,heap     ] GC(129) Eden regions: 607->0(608)
[2025-12-24T15:21:08.581+0000][gc,heap     ] GC(129) Survivor regions: 7->6(77)
[2025-12-24T15:21:08.581+0000][gc,heap     ] GC(129) Old regions: 43->43
[2025-12-24T15:21:08.582+0000][gc,heap     ] GC(129) Humongous regions: 149->149
[2025-12-24T15:21:08.582+0000][gc,metaspace] GC(129) Metaspace: 15278K(15744K)->15278K(15744K) NonClass: 13659K(13824K)->13659K(13824K) Class: 1619K(1920K)->1619K(1920K)
[2025-12-24T15:21:08.582+0000][gc          ] GC(129) Pause Young (Normal) (G1 Evacuation Pause) 804M->197M(1024M) 11.717ms
[2025-12-24T15:21:08.582+0000][gc,cpu      ] GC(129) User=0.06s Sys=0.00s Real=0.01s
[2025-12-24T15:21:38.807+0000][gc,start    ] GC(130) Pause Young (Normal) (G1 Evacuation Pause)
[2025-12-24T15:21:38.807+0000][gc,task     ] GC(130) Using 8 workers of 8 for evacuation
[2025-12-24T15:21:38.819+0000][gc,phases   ] GC(130)   Pre Evacuate Collection Set: 0.9ms
[2025-12-24T15:21:38.819+0000][gc,phases   ] GC(130)   Merge Heap Roots: 0.2ms
[2025-12-24T15:21:38.819+0000][gc,phases   ] GC(130)   Evacuate Collection Set: 9.7ms
[2025-12-24T15:21:38.819+0000][gc,phases   ] GC(130)   Post Evacuate Collection Set: 0.9ms
[2025-12-24T15:21:38.819+0000][gc,phases   ] GC(130)   Other: 0.2ms
[2025-12-24T15:21:38.819+0000][gc,heap     ] GC(130) Eden regions: 608->0(606)
[2025-12-24T15:21:38.819+0000][gc,heap     ] GC(130) Survivor regions: 6->8(77)
[2025-12-24T15:21:38.819+0000][gc,heap     ] GC(130) Old regions: 43->43
[2025-12-24T15:21:38.820+0000][gc,heap     ] GC(130) Humongous regions: 149->149
[2025-12-24T15:21:38.820+0000][gc,metaspace] GC(130) Metaspace: 15278K(15744K)->15278K(15744K) NonClass: 13659K(13824K)->13659K(13824K) Class: 1619K(1920K)->1619K(1920K)
[2025-12-24T15:21:38.820+0000][gc          ] GC(130) Pause Young (Normal) (G1 Evacuation Pause) 805M->199M(1024M) 13.036ms
[2025-12-24T15:21:38.820+0000][gc,cpu      ] GC(130) User=0.08s Sys=0.01s Real=0.01s
[2025-12-24T15:22:09.038+0000][gc,start    ] GC(131) Pause Young (Normal) (G1 Evacuation Pause)
[2025-12-24T15:22:09.039+0000][gc,task     ] GC(131) Using 8 workers of 8 for evacuation
[2025-12-24T15:22:09.049+0000][gc,phases   ] GC(131)   Pre Evacuate Collection Set: 1.0ms
[2025-12-24T15:22:09.049+0000][gc,phases   ] GC(131)   Merge Heap Roots: 0.2ms
[2025-12-24T15:22:09.049+0000][gc,phases   ] GC(131)   Evacuate Collection Set: 7.2ms
[2025-12-24T15:22:09.049+0000][gc,phases   ] GC(131)   Post Evacuate Collection Set: 1.8ms
[2025-12-24T15:22:09.049+0000][gc,phases   ] GC(131)   Other: 0.2ms
[2025-12-24T15:22:09.050+0000][gc,heap     ] GC(131) Eden regions: 606->0(604)
[2025-12-24T15:22:09.050+0000][gc,heap     ] GC(131) Survivor regions: 8->10(77)
[2025-12-24T15:22:09.050+0000][gc,heap     ] GC(131) Old regions: 43->44
[2025-12-24T15:22:09.050+0000][gc,heap     ] GC(131) Humongous regions: 149->149
[2025-12-24T15:22:09.050+0000][gc,metaspace] GC(131) Metaspace: 15279K(15744K)->15279K(15744K) NonClass: 13660K(13824K)->13660K(13824K) Class: 1619K(1920K)->1619K(1920K)
[2025-12-24T15:22:09.050+0000][gc          ] GC(131) Pause Young (Normal) (G1 Evacuation Pause) 805M->201M(1024M) 11.332ms
[2025-12-24T15:22:09.050+0000][gc,cpu      ] GC(131) User=0.06s Sys=0.00s Real=0.01s
[2025-12-24T15:22:48.697+0000][gc,start    ] GC(132) Pause Young (Normal) (G1 Evacuation Pause)
[2025-12-24T15:22:48.698+0000][gc,task     ] GC(132) Using 8 workers of 8 for evacuation
[2025-12-24T15:22:48.713+0000][gc,phases   ] GC(132)   Pre Evacuate Collection Set: 4.0ms
[2025-12-24T15:22:48.713+0000][gc,phases   ] GC(132)   Merge Heap Roots: 0.2ms
[2025-12-24T15:22:48.714+0000][gc,phases   ] GC(132)   Evacuate Collection Set: 8.2ms
[2025-12-24T15:22:48.714+0000][gc,phases   ] GC(132)   Post Evacuate Collection Set: 2.9ms
[2025-12-24T15:22:48.714+0000][gc,phases   ] GC(132)   Other: 0.6ms
[2025-12-24T15:22:48.714+0000][gc,heap     ] GC(132) Eden regions: 604->0(605)
[2025-12-24T15:22:48.714+0000][gc,heap     ] GC(132) Survivor regions: 10->9(77)
[2025-12-24T15:22:48.714+0000][gc,heap     ] GC(132) Old regions: 44->44
[2025-12-24T15:22:48.714+0000][gc,heap     ] GC(132) Humongous regions: 149->149
[2025-12-24T15:22:48.714+0000][gc,metaspace] GC(132) Metaspace: 15279K(15744K)->15279K(15744K) NonClass: 13660K(13824K)->13660K(13824K) Class: 1619K(1920K)->1619K(1920K)
[2025-12-24T15:22:48.714+0000][gc          ] GC(132) Pause Young (Normal) (G1 Evacuation Pause) 805M->200M(1024M) 17.076ms
[2025-12-24T15:22:48.714+0000][gc,cpu      ] GC(132) User=0.07s Sys=0.00s Real=0.01s
[2025-12-24T15:23:18.946+0000][gc,start    ] GC(133) Pause Young (Normal) (G1 Evacuation Pause)
[2025-12-24T15:23:18.947+0000][gc,task     ] GC(133) Using 8 workers of 8 for evacuation
[2025-12-24T15:23:18.963+0000][gc,phases   ] GC(133)   Pre Evacuate Collection Set: 1.0ms
[2025-12-24T15:23:18.964+0000][gc,phases   ] GC(133)   Merge Heap Roots: 0.2ms
[2025-12-24T15:23:18.964+0000][gc,phases   ] GC(133)   Evacuate Collection Set: 14.0ms
[2025-12-24T15:23:18.964+0000][gc,phases   ] GC(133)   Post Evacuate Collection Set: 1.1ms
[2025-12-24T15:23:18.964+0000][gc,phases   ] GC(133)   Other: 0.2ms
[2025-12-24T15:23:18.964+0000][gc,heap     ] GC(133) Eden regions: 605->0(607)
[2025-12-24T15:23:18.964+0000][gc,heap     ] GC(133) Survivor regions: 9->7(77)
[2025-12-24T15:23:18.964+0000][gc,heap     ] GC(133) Old regions: 44->44
[2025-12-24T15:23:18.964+0000][gc,heap     ] GC(133) Humongous regions: 149->149
[2025-12-24T15:23:18.964+0000][gc,metaspace] GC(133) Metaspace: 15279K(15744K)->15279K(15744K) NonClass: 13660K(13824K)->13660K(13824K) Class: 1619K(1920K)->1619K(1920K)
[2025-12-24T15:23:18.964+0000][gc          ] GC(133) Pause Young (Normal) (G1 Evacuation Pause) 805M->198M(1024M) 17.699ms
[2025-12-24T15:23:18.964+0000][gc,cpu      ] GC(133) User=0.11s Sys=0.00s Real=0.01s
[2025-12-24T15:23:58.618+0000][gc,start    ] GC(134) Pause Young (Normal) (G1 Evacuation Pause)
[2025-12-24T15:23:58.619+0000][gc,task     ] GC(134) Using 8 workers of 8 for evacuation
[2025-12-24T15:23:58.627+0000][gc,phases   ] GC(134)   Pre Evacuate Collection Set: 1.1ms
[2025-12-24T15:23:58.627+0000][gc,phases   ] GC(134)   Merge Heap Roots: 0.2ms
[2025-12-24T15:23:58.627+0000][gc,phases   ] GC(134)   Evacuate Collection Set: 5.2ms
[2025-12-24T15:23:58.627+0000][gc,phases   ] GC(134)   Post Evacuate Collection Set: 1.1ms
[2025-12-24T15:23:58.627+0000][gc,phases   ] GC(134)   Other: 0.2ms
[2025-12-24T15:23:58.627+0000][gc,heap     ] GC(134) Eden regions: 607->0(608)
[2025-12-24T15:23:58.627+0000][gc,heap     ] GC(134) Survivor regions: 7->6(77)
[2025-12-24T15:23:58.627+0000][gc,heap     ] GC(134) Old regions: 44->44
[2025-12-24T15:23:58.627+0000][gc,heap     ] GC(134) Humongous regions: 149->149
[2025-12-24T15:23:58.627+0000][gc,metaspace] GC(134) Metaspace: 15281K(15744K)->15281K(15744K) NonClass: 13662K(13824K)->13662K(13824K) Class: 1619K(1920K)->1619K(1920K)
[2025-12-24T15:23:58.627+0000][gc          ] GC(134) Pause Young (Normal) (G1 Evacuation Pause) 805M->197M(1024M) 9.073ms
[2025-12-24T15:23:58.628+0000][gc,cpu      ] GC(134) User=0.04s Sys=0.00s Real=0.01s
[2025-12-24T15:24:28.861+0000][gc,start    ] GC(135) Pause Young (Normal) (G1 Evacuation Pause)
[2025-12-24T15:24:28.862+0000][gc,task     ] GC(135) Using 8 workers of 8 for evacuation
[2025-12-24T15:24:28.872+0000][gc,phases   ] GC(135)   Pre Evacuate Collection Set: 1.1ms
[2025-12-24T15:24:28.872+0000][gc,phases   ] GC(135)   Merge Heap Roots: 0.2ms
[2025-12-24T15:24:28.873+0000][gc,phases   ] GC(135)   Evacuate Collection Set: 5.6ms
[2025-12-24T15:24:28.873+0000][gc,phases   ] GC(135)   Post Evacuate Collection Set: 3.5ms
[2025-12-24T15:24:28.873+0000][gc,phases   ] GC(135)   Other: 0.2ms
[2025-12-24T15:24:28.873+0000][gc,heap     ] GC(135) Eden regions: 608->0(607)
[2025-12-24T15:24:28.873+0000][gc,heap     ] GC(135) Survivor regions: 6->7(77)
[2025-12-24T15:24:28.873+0000][gc,heap     ] GC(135) Old regions: 44->44
[2025-12-24T15:24:28.873+0000][gc,heap     ] GC(135) Humongous regions: 149->149
[2025-12-24T15:24:28.873+0000][gc,metaspace] GC(135) Metaspace: 15283K(15744K)->15283K(15744K) NonClass: 13664K(13824K)->13664K(13824K) Class: 1619K(1920K)->1619K(1920K)
[2025-12-24T15:24:28.873+0000][gc          ] GC(135) Pause Young (Normal) (G1 Evacuation Pause) 805M->199M(1024M) 11.507ms
[2025-12-24T15:24:28.873+0000][gc,cpu      ] GC(135) User=0.05s Sys=0.00s Real=0.01s
[2025-12-24T15:25:08.544+0000][gc,start    ] GC(136) Pause Young (Normal) (G1 Evacuation Pause)
[2025-12-24T15:25:08.544+0000][gc,task     ] GC(136) Using 8 workers of 8 for evacuation
[2025-12-24T15:25:08.561+0000][gc,phases   ] GC(136)   Pre Evacuate Collection Set: 1.3ms
[2025-12-24T15:25:08.561+0000][gc,phases   ] GC(136)   Merge Heap Roots: 0.3ms
[2025-12-24T15:25:08.561+0000][gc,phases   ] GC(136)   Evacuate Collection Set: 13.4ms
[2025-12-24T15:25:08.561+0000][gc,phases   ] GC(136)   Post Evacuate Collection Set: 1.2ms
[2025-12-24T15:25:08.561+0000][gc,phases   ] GC(136)   Other: 0.2ms
[2025-12-24T15:25:08.561+0000][gc,heap     ] GC(136) Eden regions: 607->0(607)
[2025-12-24T15:25:08.561+0000][gc,heap     ] GC(136) Survivor regions: 7->7(77)
[2025-12-24T15:25:08.561+0000][gc,heap     ] GC(136) Old regions: 44->44
[2025-12-24T15:25:08.561+0000][gc,heap     ] GC(136) Humongous regions: 149->149
[2025-12-24T15:25:08.561+0000][gc,metaspace] GC(136) Metaspace: 15283K(15744K)->15283K(15744K) NonClass: 13664K(13824K)->13664K(13824K) Class: 1619K(1920K)->1619K(1920K)
[2025-12-24T15:25:08.561+0000][gc          ] GC(136) Pause Young (Normal) (G1 Evacuation Pause) 806M->198M(1024M) 17.460ms
[2025-12-24T15:25:08.561+0000][gc,cpu      ] GC(136) User=0.09s Sys=0.01s Real=0.02s
[2025-12-24T15:25:38.840+0000][gc,start    ] GC(137) Pause Young (Normal) (G1 Evacuation Pause)
[2025-12-24T15:25:38.841+0000][gc,task     ] GC(137) Using 8 workers of 8 for evacuation
[2025-12-24T15:25:38.860+0000][gc,phases   ] GC(137)   Pre Evacuate Collection Set: 2.2ms
[2025-12-24T15:25:38.860+0000][gc,phases   ] GC(137)   Merge Heap Roots: 1.6ms
[2025-12-24T15:25:38.860+0000][gc,phases   ] GC(137)   Evacuate Collection Set: 14.4ms
[2025-12-24T15:25:38.860+0000][gc,phases   ] GC(137)   Post Evacuate Collection Set: 1.0ms
[2025-12-24T15:25:38.860+0000][gc,phases   ] GC(137)   Other: 0.2ms
[2025-12-24T15:25:38.861+0000][gc,heap     ] GC(137) Eden regions: 607->0(606)
[2025-12-24T15:25:38.861+0000][gc,heap     ] GC(137) Survivor regions: 7->8(77)
[2025-12-24T15:25:38.861+0000][gc,heap     ] GC(137) Old regions: 44->44
[2025-12-24T15:25:38.861+0000][gc,heap     ] GC(137) Humongous regions: 149->149
[2025-12-24T15:25:38.861+0000][gc,metaspace] GC(137) Metaspace: 15283K(15744K)->15283K(15744K) NonClass: 13664K(13824K)->13664K(13824K) Class: 1619K(1920K)->1619K(1920K)
[2025-12-24T15:25:38.861+0000][gc          ] GC(137) Pause Young (Normal) (G1 Evacuation Pause) 805M->200M(1024M) 20.427ms
[2025-12-24T15:25:38.861+0000][gc,cpu      ] GC(137) User=0.14s Sys=0.00s Real=0.02s
[2025-12-24T15:26:13.411+0000][gc,start    ] GC(138) Pause Young (Normal) (G1 Evacuation Pause)
[2025-12-24T15:26:13.413+0000][gc,task     ] GC(138) Using 8 workers of 8 for evacuation
[2025-12-24T15:26:13.445+0000][gc,phases   ] GC(138)   Pre Evacuate Collection Set: 12.1ms
[2025-12-24T15:26:13.446+0000][gc,phases   ] GC(138)   Merge Heap Roots: 1.3ms
[2025-12-24T15:26:13.446+0000][gc,phases   ] GC(138)   Evacuate Collection Set: 16.3ms
[2025-12-24T15:26:13.446+0000][gc,phases   ] GC(138)   Post Evacuate Collection Set: 1.7ms
[2025-12-24T15:26:13.446+0000][gc,phases   ] GC(138)   Other: 0.9ms
[2025-12-24T15:26:13.446+0000][gc,heap     ] GC(138) Eden regions: 606->0(606)
[2025-12-24T15:26:13.446+0000][gc,heap     ] GC(138) Survivor regions: 8->8(77)
[2025-12-24T15:26:13.446+0000][gc,heap     ] GC(138) Old regions: 44->44
[2025-12-24T15:26:13.447+0000][gc,heap     ] GC(138) Humongous regions: 149->149
[2025-12-24T15:26:13.447+0000][gc,metaspace] GC(138) Metaspace: 15288K(15744K)->15288K(15744K) NonClass: 13669K(13824K)->13669K(13824K) Class: 1619K(1920K)->1619K(1920K)
[2025-12-24T15:26:13.447+0000][gc          ] GC(138) Pause Young (Normal) (G1 Evacuation Pause) 806M->199M(1024M) 36.059ms
[2025-12-24T15:26:13.447+0000][gc,cpu      ] GC(138) User=0.20s Sys=0.01s Real=0.04s
[2025-12-24T15:26:48.748+0000][gc,start    ] GC(139) Pause Young (Normal) (G1 Evacuation Pause)
[2025-12-24T15:26:48.750+0000][gc,task     ] GC(139) Using 8 workers of 8 for evacuation
[2025-12-24T15:26:48.768+0000][gc,phases   ] GC(139)   Pre Evacuate Collection Set: 3.1ms
[2025-12-24T15:26:48.768+0000][gc,phases   ] GC(139)   Merge Heap Roots: 0.3ms
[2025-12-24T15:26:48.768+0000][gc,phases   ] GC(139)   Evacuate Collection Set: 12.6ms
[2025-12-24T15:26:48.768+0000][gc,phases   ] GC(139)   Post Evacuate Collection Set: 1.6ms
[2025-12-24T15:26:48.768+0000][gc,phases   ] GC(139)   Other: 0.4ms
[2025-12-24T15:26:48.768+0000][gc,heap     ] GC(139) Eden regions: 606->0(604)
[2025-12-24T15:26:48.769+0000][gc,heap     ] GC(139) Survivor regions: 8->10(77)
[2025-12-24T15:26:48.769+0000][gc,heap     ] GC(139) Old regions: 44->44
[2025-12-24T15:26:48.769+0000][gc,heap     ] GC(139) Humongous regions: 149->149
[2025-12-24T15:26:48.769+0000][gc,metaspace] GC(139) Metaspace: 15288K(15744K)->15288K(15744K) NonClass: 13669K(13824K)->13669K(13824K) Class: 1619K(1920K)->1619K(1920K)
[2025-12-24T15:26:48.769+0000][gc          ] GC(139) Pause Young (Normal) (G1 Evacuation Pause) 805M->202M(1024M) 20.648ms
[2025-12-24T15:26:48.769+0000][gc,cpu      ] GC(139) User=0.12s Sys=0.00s Real=0.02s
[2025-12-24T15:27:18.952+0000][gc,start    ] GC(140) Pause Young (Normal) (G1 Evacuation Pause)
[2025-12-24T15:27:18.952+0000][gc,task     ] GC(140) Using 8 workers of 8 for evacuation
[2025-12-24T15:27:18.960+0000][gc,phases   ] GC(140)   Pre Evacuate Collection Set: 1.1ms
[2025-12-24T15:27:18.960+0000][gc,phases   ] GC(140)   Merge Heap Roots: 0.2ms
[2025-12-24T15:27:18.960+0000][gc,phases   ] GC(140)   Evacuate Collection Set: 5.3ms
[2025-12-24T15:27:18.960+0000][gc,phases   ] GC(140)   Post Evacuate Collection Set: 0.9ms
[2025-12-24T15:27:18.960+0000][gc,phases   ] GC(140)   Other: 0.2ms
[2025-12-24T15:27:18.961+0000][gc,heap     ] GC(140) Eden regions: 604->0(607)
[2025-12-24T15:27:18.961+0000][gc,heap     ] GC(140) Survivor regions: 10->7(77)
[2025-12-24T15:27:18.961+0000][gc,heap     ] GC(140) Old regions: 44->45
[2025-12-24T15:27:18.961+0000][gc,heap     ] GC(140) Humongous regions: 149->149
[2025-12-24T15:27:18.961+0000][gc,metaspace] GC(140) Metaspace: 15288K(15744K)->15288K(15744K) NonClass: 13669K(13824K)->13669K(13824K) Class: 1619K(1920K)->1619K(1920K)
[2025-12-24T15:27:18.961+0000][gc          ] GC(140) Pause Young (Normal) (G1 Evacuation Pause) 806M->199M(1024M) 9.051ms
[2025-12-24T15:27:18.961+0000][gc,cpu      ] GC(140) User=0.04s Sys=0.00s Real=0.01s
[2025-12-24T15:27:58.663+0000][gc,start    ] GC(141) Pause Young (Normal) (G1 Evacuation Pause)
[2025-12-24T15:27:58.664+0000][gc,task     ] GC(141) Using 8 workers of 8 for evacuation
[2025-12-24T15:27:58.687+0000][gc,phases   ] GC(141)   Pre Evacuate Collection Set: 1.2ms
[2025-12-24T15:27:58.687+0000][gc,phases   ] GC(141)   Merge Heap Roots: 0.3ms
[2025-12-24T15:27:58.687+0000][gc,phases   ] GC(141)   Evacuate Collection Set: 19.1ms
[2025-12-24T15:27:58.687+0000][gc,phases   ] GC(141)   Post Evacuate Collection Set: 2.2ms
[2025-12-24T15:27:58.688+0000][gc,phases   ] GC(141)   Other: 0.5ms
[2025-12-24T15:27:58.688+0000][gc,heap     ] GC(141) Eden regions: 607->0(608)
[2025-12-24T15:27:58.688+0000][gc,heap     ] GC(141) Survivor regions: 7->6(77)
[2025-12-24T15:27:58.688+0000][gc,heap     ] GC(141) Old regions: 45->45
[2025-12-24T15:27:58.688+0000][gc,heap     ] GC(141) Humongous regions: 149->149
[2025-12-24T15:27:58.688+0000][gc,metaspace] GC(141) Metaspace: 15288K(15744K)->15288K(15744K) NonClass: 13669K(13824K)->13669K(13824K) Class: 1619K(1920K)->1619K(1920K)
[2025-12-24T15:27:58.688+0000][gc          ] GC(141) Pause Young (Normal) (G1 Evacuation Pause) 806M->198M(1024M) 24.882ms
[2025-12-24T15:27:58.688+0000][gc,cpu      ] GC(141) User=0.14s Sys=0.01s Real=0.02s
[2025-12-24T15:28:28.885+0000][gc,start    ] GC(142) Pause Young (Normal) (G1 Evacuation Pause)
[2025-12-24T15:28:28.885+0000][gc,task     ] GC(142) Using 8 workers of 8 for evacuation
[2025-12-24T15:28:28.901+0000][gc,phases   ] GC(142)   Pre Evacuate Collection Set: 1.4ms
[2025-12-24T15:28:28.901+0000][gc,phases   ] GC(142)   Merge Heap Roots: 1.1ms
[2025-12-24T15:28:28.901+0000][gc,phases   ] GC(142)   Evacuate Collection Set: 11.3ms
[2025-12-24T15:28:28.901+0000][gc,phases   ] GC(142)   Post Evacuate Collection Set: 1.1ms
[2025-12-24T15:28:28.901+0000][gc,phases   ] GC(142)   Other: 0.5ms
[2025-12-24T15:28:28.901+0000][gc,heap     ] GC(142) Eden regions: 608->0(606)
[2025-12-24T15:28:28.901+0000][gc,heap     ] GC(142) Survivor regions: 6->8(77)
[2025-12-24T15:28:28.901+0000][gc,heap     ] GC(142) Old regions: 45->45
[2025-12-24T15:28:28.901+0000][gc,heap     ] GC(142) Humongous regions: 149->149
[2025-12-24T15:28:28.901+0000][gc,metaspace] GC(142) Metaspace: 15288K(15744K)->15288K(15744K) NonClass: 13669K(13824K)->13669K(13824K) Class: 1619K(1920K)->1619K(1920K)
[2025-12-24T15:28:28.901+0000][gc          ] GC(142) Pause Young (Normal) (G1 Evacuation Pause) 806M->200M(1024M) 16.265ms
[2025-12-24T15:28:28.901+0000][gc,cpu      ] GC(142) User=0.10s Sys=0.00s Real=0.02s
[2025-12-24T15:29:08.655+0000][gc,start    ] GC(143) Pause Young (Normal) (G1 Evacuation Pause)
[2025-12-24T15:29:08.656+0000][gc,task     ] GC(143) Using 8 workers of 8 for evacuation
[2025-12-24T15:29:08.673+0000][gc,phases   ] GC(143)   Pre Evacuate Collection Set: 2.0ms
[2025-12-24T15:29:08.673+0000][gc,phases   ] GC(143)   Merge Heap Roots: 0.4ms
[2025-12-24T15:29:08.673+0000][gc,phases   ] GC(143)   Evacuate Collection Set: 12.3ms
[2025-12-24T15:29:08.673+0000][gc,phases   ] GC(143)   Post Evacuate Collection Set: 1.5ms
[2025-12-24T15:29:08.673+0000][gc,phases   ] GC(143)   Other: 0.7ms
[2025-12-24T15:29:08.673+0000][gc,heap     ] GC(143) Eden regions: 606->0(607)
[2025-12-24T15:29:08.673+0000][gc,heap     ] GC(143) Survivor regions: 8->7(77)
[2025-12-24T15:29:08.673+0000][gc,heap     ] GC(143) Old regions: 45->45
[2025-12-24T15:29:08.674+0000][gc,heap     ] GC(143) Humongous regions: 149->149
[2025-12-24T15:29:08.674+0000][gc,metaspace] GC(143) Metaspace: 15290K(15744K)->15290K(15744K) NonClass: 13671K(13824K)->13671K(13824K) Class: 1619K(1920K)->1619K(1920K)
[2025-12-24T15:29:08.674+0000][gc          ] GC(143) Pause Young (Normal) (G1 Evacuation Pause) 806M->200M(1024M) 18.930ms
[2025-12-24T15:29:08.674+0000][gc,cpu      ] GC(143) User=0.10s Sys=0.00s Real=0.02s
[2025-12-24T15:29:38.826+0000][gc,start    ] GC(144) Pause Young (Normal) (G1 Evacuation Pause)
[2025-12-24T15:29:38.827+0000][gc,task     ] GC(144) Using 8 workers of 8 for evacuation
[2025-12-24T15:29:38.844+0000][gc,phases   ] GC(144)   Pre Evacuate Collection Set: 1.0ms
[2025-12-24T15:29:38.844+0000][gc,phases   ] GC(144)   Merge Heap Roots: 0.3ms
[2025-12-24T15:29:38.844+0000][gc,phases   ] GC(144)   Evacuate Collection Set: 13.7ms
[2025-12-24T15:29:38.844+0000][gc,phases   ] GC(144)   Post Evacuate Collection Set: 1.2ms
[2025-12-24T15:29:38.844+0000][gc,phases   ] GC(144)   Other: 0.2ms
[2025-12-24T15:29:38.844+0000][gc,heap     ] GC(144) Eden regions: 607->0(606)
[2025-12-24T15:29:38.844+0000][gc,heap     ] GC(144) Survivor regions: 7->8(77)
[2025-12-24T15:29:38.844+0000][gc,heap     ] GC(144) Old regions: 45->46
[2025-12-24T15:29:38.844+0000][gc,heap     ] GC(144) Humongous regions: 149->149
[2025-12-24T15:29:38.844+0000][gc,metaspace] GC(144) Metaspace: 15290K(15744K)->15290K(15744K) NonClass: 13671K(13824K)->13671K(13824K) Class: 1619K(1920K)->1619K(1920K)
[2025-12-24T15:29:38.844+0000][gc          ] GC(144) Pause Young (Normal) (G1 Evacuation Pause) 807M->202M(1024M) 18.220ms
[2025-12-24T15:29:38.845+0000][gc,cpu      ] GC(144) User=0.11s Sys=0.00s Real=0.02s
[2025-12-24T15:30:18.633+0000][gc,start    ] GC(145) Pause Young (Normal) (G1 Evacuation Pause)
[2025-12-24T15:30:18.634+0000][gc,task     ] GC(145) Using 8 workers of 8 for evacuation
[2025-12-24T15:30:18.678+0000][gc,phases   ] GC(145)   Pre Evacuate Collection Set: 3.7ms
[2025-12-24T15:30:18.679+0000][gc,phases   ] GC(145)   Merge Heap Roots: 1.0ms
[2025-12-24T15:30:18.679+0000][gc,phases   ] GC(145)   Evacuate Collection Set: 35.2ms
[2025-12-24T15:30:18.679+0000][gc,phases   ] GC(145)   Post Evacuate Collection Set: 2.7ms
[2025-12-24T15:30:18.680+0000][gc,phases   ] GC(145)   Other: 1.1ms
[2025-12-24T15:30:18.680+0000][gc,heap     ] GC(145) Eden regions: 606->0(606)
[2025-12-24T15:30:18.680+0000][gc,heap     ] GC(145) Survivor regions: 8->8(77)
[2025-12-24T15:30:18.680+0000][gc,heap     ] GC(145) Old regions: 46->46
[2025-12-24T15:30:18.680+0000][gc,heap     ] GC(145) Humongous regions: 149->149
[2025-12-24T15:30:18.680+0000][gc,metaspace] GC(145) Metaspace: 15290K(15744K)->15290K(15744K) NonClass: 13671K(13824K)->13671K(13824K) Class: 1619K(1920K)->1619K(1920K)
[2025-12-24T15:30:18.680+0000][gc          ] GC(145) Pause Young (Normal) (G1 Evacuation Pause) 808M->201M(1024M) 47.345ms
[2025-12-24T15:30:18.681+0000][gc,cpu      ] GC(145) User=0.08s Sys=0.00s Real=0.05s
[2025-12-24T15:30:48.758+0000][gc,start    ] GC(146) Pause Young (Normal) (G1 Evacuation Pause)
[2025-12-24T15:30:48.758+0000][gc,task     ] GC(146) Using 8 workers of 8 for evacuation
[2025-12-24T15:30:48.777+0000][gc,phases   ] GC(146)   Pre Evacuate Collection Set: 1.1ms
[2025-12-24T15:30:48.777+0000][gc,phases   ] GC(146)   Merge Heap Roots: 0.3ms
[2025-12-24T15:30:48.777+0000][gc,phases   ] GC(146)   Evacuate Collection Set: 15.6ms
[2025-12-24T15:30:48.778+0000][gc,phases   ] GC(146)   Post Evacuate Collection Set: 1.5ms
[2025-12-24T15:30:48.778+0000][gc,phases   ] GC(146)   Other: 0.4ms
[2025-12-24T15:30:48.778+0000][gc,heap     ] GC(146) Eden regions: 606->0(604)
[2025-12-24T15:30:48.778+0000][gc,heap     ] GC(146) Survivor regions: 8->10(77)
[2025-12-24T15:30:48.778+0000][gc,heap     ] GC(146) Old regions: 46->46
[2025-12-24T15:30:48.778+0000][gc,heap     ] GC(146) Humongous regions: 149->149
[2025-12-24T15:30:48.778+0000][gc,metaspace] GC(146) Metaspace: 15290K(15744K)->15290K(15744K) NonClass: 13671K(13824K)->13671K(13824K) Class: 1619K(1920K)->1619K(1920K)
[2025-12-24T15:30:48.778+0000][gc          ] GC(146) Pause Young (Normal) (G1 Evacuation Pause) 807M->203M(1024M) 20.879ms
[2025-12-24T15:30:48.779+0000][gc,cpu      ] GC(146) User=0.13s Sys=0.00s Real=0.02s
[2025-12-24T15:31:18.944+0000][gc,start    ] GC(147) Pause Young (Normal) (G1 Evacuation Pause)
[2025-12-24T15:31:18.944+0000][gc,task     ] GC(147) Using 8 workers of 8 for evacuation
[2025-12-24T15:31:18.954+0000][gc,phases   ] GC(147)   Pre Evacuate Collection Set: 0.8ms
[2025-12-24T15:31:18.954+0000][gc,phases   ] GC(147)   Merge Heap Roots: 0.2ms
[2025-12-24T15:31:18.955+0000][gc,phases   ] GC(147)   Evacuate Collection Set: 7.4ms
[2025-12-24T15:31:18.955+0000][gc,phases   ] GC(147)   Post Evacuate Collection Set: 1.4ms
[2025-12-24T15:31:18.955+0000][gc,phases   ] GC(147)   Other: 0.2ms
[2025-12-24T15:31:18.955+0000][gc,heap     ] GC(147) Eden regions: 604->0(608)
[2025-12-24T15:31:18.955+0000][gc,heap     ] GC(147) Survivor regions: 10->6(77)
[2025-12-24T15:31:18.955+0000][gc,heap     ] GC(147) Old regions: 46->46
[2025-12-24T15:31:18.955+0000][gc,heap     ] GC(147) Humongous regions: 149->149
[2025-12-24T15:31:18.955+0000][gc,metaspace] GC(147) Metaspace: 15291K(15744K)->15291K(15744K) NonClass: 13672K(13824K)->13672K(13824K) Class: 1619K(1920K)->1619K(1920K)
[2025-12-24T15:31:18.956+0000][gc          ] GC(147) Pause Young (Normal) (G1 Evacuation Pause) 807M->200M(1024M) 11.894ms
[2025-12-24T15:31:18.956+0000][gc,cpu      ] GC(147) User=0.07s Sys=0.00s Real=0.01s
[2025-12-24T15:31:58.661+0000][gc,start    ] GC(148) Pause Young (Normal) (G1 Evacuation Pause)
[2025-12-24T15:31:58.662+0000][gc,task     ] GC(148) Using 8 workers of 8 for evacuation
[2025-12-24T15:31:58.679+0000][gc,phases   ] GC(148)   Pre Evacuate Collection Set: 1.1ms
[2025-12-24T15:31:58.679+0000][gc,phases   ] GC(148)   Merge Heap Roots: 0.2ms
[2025-12-24T15:31:58.679+0000][gc,phases   ] GC(148)   Evacuate Collection Set: 14.2ms
[2025-12-24T15:31:58.679+0000][gc,phases   ] GC(148)   Post Evacuate Collection Set: 1.4ms
[2025-12-24T15:31:58.679+0000][gc,phases   ] GC(148)   Other: 0.3ms
[2025-12-24T15:31:58.679+0000][gc,heap     ] GC(148) Eden regions: 608->0(608)
[2025-12-24T15:31:58.679+0000][gc,heap     ] GC(148) Survivor regions: 6->6(77)
[2025-12-24T15:31:58.679+0000][gc,heap     ] GC(148) Old regions: 46->46
[2025-12-24T15:31:58.679+0000][gc,heap     ] GC(148) Humongous regions: 149->149
[2025-12-24T15:31:58.680+0000][gc,metaspace] GC(148) Metaspace: 15292K(15744K)->15292K(15744K) NonClass: 13673K(13824K)->13673K(13824K) Class: 1619K(1920K)->1619K(1920K)
[2025-12-24T15:31:58.680+0000][gc          ] GC(148) Pause Young (Normal) (G1 Evacuation Pause) 808M->200M(1024M) 18.608ms
[2025-12-24T15:31:58.680+0000][gc,cpu      ] GC(148) User=0.11s Sys=0.00s Real=0.02s
[2025-12-24T15:32:28.892+0000][gc,start    ] GC(149) Pause Young (Normal) (G1 Evacuation Pause)
[2025-12-24T15:32:28.893+0000][gc,task     ] GC(149) Using 8 workers of 8 for evacuation
[2025-12-24T15:32:28.905+0000][gc,phases   ] GC(149)   Pre Evacuate Collection Set: 1.0ms
[2025-12-24T15:32:28.905+0000][gc,phases   ] GC(149)   Merge Heap Roots: 0.2ms
[2025-12-24T15:32:28.905+0000][gc,phases   ] GC(149)   Evacuate Collection Set: 8.6ms
[2025-12-24T15:32:28.905+0000][gc,phases   ] GC(149)   Post Evacuate Collection Set: 1.2ms
[2025-12-24T15:32:28.905+0000][gc,phases   ] GC(149)   Other: 0.4ms
[2025-12-24T15:32:28.905+0000][gc,heap     ] GC(149) Eden regions: 608->0(606)
[2025-12-24T15:32:28.905+0000][gc,heap     ] GC(149) Survivor regions: 6->8(77)
[2025-12-24T15:32:28.905+0000][gc,heap     ] GC(149) Old regions: 46->47
[2025-12-24T15:32:28.905+0000][gc,heap     ] GC(149) Humongous regions: 149->149
[2025-12-24T15:32:28.905+0000][gc,metaspace] GC(149) Metaspace: 15292K(15744K)->15292K(15744K) NonClass: 13673K(13824K)->13673K(13824K) Class: 1619K(1920K)->1619K(1920K)
[2025-12-24T15:32:28.906+0000][gc          ] GC(149) Pause Young (Normal) (G1 Evacuation Pause) 808M->202M(1024M) 13.211ms
[2025-12-24T15:32:28.906+0000][gc,cpu      ] GC(149) User=0.06s Sys=0.00s Real=0.01s
[2025-12-24T15:33:08.610+0000][gc,start    ] GC(150) Pause Young (Normal) (G1 Evacuation Pause)
[2025-12-24T15:33:08.610+0000][gc,task     ] GC(150) Using 8 workers of 8 for evacuation
[2025-12-24T15:33:08.626+0000][gc,phases   ] GC(150)   Pre Evacuate Collection Set: 1.1ms
[2025-12-24T15:33:08.626+0000][gc,phases   ] GC(150)   Merge Heap Roots: 0.2ms
[2025-12-24T15:33:08.626+0000][gc,phases   ] GC(150)   Evacuate Collection Set: 9.9ms
[2025-12-24T15:33:08.626+0000][gc,phases   ] GC(150)   Post Evacuate Collection Set: 3.8ms
[2025-12-24T15:33:08.626+0000][gc,phases   ] GC(150)   Other: 0.2ms
[2025-12-24T15:33:08.626+0000][gc,heap     ] GC(150) Eden regions: 606->0(607)
[2025-12-24T15:33:08.626+0000][gc,heap     ] GC(150) Survivor regions: 8->7(77)
[2025-12-24T15:33:08.626+0000][gc,heap     ] GC(150) Old regions: 47->47
[2025-12-24T15:33:08.626+0000][gc,heap     ] GC(150) Humongous regions: 149->149
[2025-12-24T15:33:08.626+0000][gc,metaspace] GC(150) Metaspace: 15292K(15744K)->15292K(15744K) NonClass: 13673K(13824K)->13673K(13824K) Class: 1619K(1920K)->1619K(1920K)
[2025-12-24T15:33:08.626+0000][gc          ] GC(150) Pause Young (Normal) (G1 Evacuation Pause) 808M->201M(1024M) 16.435ms
[2025-12-24T15:33:08.626+0000][gc,cpu      ] GC(150) User=0.09s Sys=0.00s Real=0.02s
[2025-12-24T15:33:38.822+0000][gc,start    ] GC(151) Pause Young (Normal) (G1 Evacuation Pause)
[2025-12-24T15:33:38.823+0000][gc,task     ] GC(151) Using 8 workers of 8 for evacuation
[2025-12-24T15:33:38.837+0000][gc,phases   ] GC(151)   Pre Evacuate Collection Set: 1.0ms
[2025-12-24T15:33:38.837+0000][gc,phases   ] GC(151)   Merge Heap Roots: 0.2ms
[2025-12-24T15:33:38.837+0000][gc,phases   ] GC(151)   Evacuate Collection Set: 11.8ms
[2025-12-24T15:33:38.837+0000][gc,phases   ] GC(151)   Post Evacuate Collection Set: 1.1ms
[2025-12-24T15:33:38.837+0000][gc,phases   ] GC(151)   Other: 0.2ms
[2025-12-24T15:33:38.837+0000][gc,heap     ] GC(151) Eden regions: 607->0(605)
[2025-12-24T15:33:38.838+0000][gc,heap     ] GC(151) Survivor regions: 7->9(77)
[2025-12-24T15:33:38.838+0000][gc,heap     ] GC(151) Old regions: 47->47
[2025-12-24T15:33:38.838+0000][gc,heap     ] GC(151) Humongous regions: 149->149
[2025-12-24T15:33:38.838+0000][gc,metaspace] GC(151) Metaspace: 15311K(15744K)->15311K(15744K) NonClass: 13692K(13824K)->13692K(13824K) Class: 1619K(1920K)->1619K(1920K)
[2025-12-24T15:33:38.838+0000][gc          ] GC(151) Pause Young (Normal) (G1 Evacuation Pause) 808M->204M(1024M) 16.120ms
[2025-12-24T15:33:38.838+0000][gc,cpu      ] GC(151) User=0.09s Sys=0.00s Real=0.02s
[2025-12-24T15:34:18.513+0000][gc,start    ] GC(152) Pause Young (Normal) (G1 Evacuation Pause)
[2025-12-24T15:34:18.514+0000][gc,task     ] GC(152) Using 8 workers of 8 for evacuation
[2025-12-24T15:34:18.539+0000][gc,phases   ] GC(152)   Pre Evacuate Collection Set: 1.1ms
[2025-12-24T15:34:18.540+0000][gc,phases   ] GC(152)   Merge Heap Roots: 0.2ms
[2025-12-24T15:34:18.540+0000][gc,phases   ] GC(152)   Evacuate Collection Set: 21.0ms
[2025-12-24T15:34:18.540+0000][gc,phases   ] GC(152)   Post Evacuate Collection Set: 2.2ms
[2025-12-24T15:34:18.540+0000][gc,phases   ] GC(152)   Other: 0.8ms
[2025-12-24T15:34:18.540+0000][gc,heap     ] GC(152) Eden regions: 605->0(606)
[2025-12-24T15:34:18.540+0000][gc,heap     ] GC(152) Survivor regions: 9->8(77)
[2025-12-24T15:34:18.540+0000][gc,heap     ] GC(152) Old regions: 47->47
[2025-12-24T15:34:18.540+0000][gc,heap     ] GC(152) Humongous regions: 149->149
[2025-12-24T15:34:18.541+0000][gc,metaspace] GC(152) Metaspace: 15380K(15808K)->15380K(15808K) NonClass: 13761K(13888K)->13761K(13888K) Class: 1619K(1920K)->1619K(1920K)
[2025-12-24T15:34:18.541+0000][gc          ] GC(152) Pause Young (Normal) (G1 Evacuation Pause) 809M->203M(1024M) 27.233ms
[2025-12-24T15:34:18.541+0000][gc,cpu      ] GC(152) User=0.15s Sys=0.00s Real=0.02s
[2025-12-24T15:34:49.105+0000][gc,start    ] GC(153) Pause Young (Normal) (G1 Evacuation Pause)
[2025-12-24T15:34:49.107+0000][gc,task     ] GC(153) Using 8 workers of 8 for evacuation
[2025-12-24T15:34:49.134+0000][gc,phases   ] GC(153)   Pre Evacuate Collection Set: 1.2ms
[2025-12-24T15:34:49.134+0000][gc,phases   ] GC(153)   Merge Heap Roots: 0.3ms
[2025-12-24T15:34:49.135+0000][gc,phases   ] GC(153)   Evacuate Collection Set: 21.3ms
[2025-12-24T15:34:49.135+0000][gc,phases   ] GC(153)   Post Evacuate Collection Set: 3.1ms
[2025-12-24T15:34:49.135+0000][gc,phases   ] GC(153)   Other: 1.2ms
[2025-12-24T15:34:49.135+0000][gc,heap     ] GC(153) Eden regions: 606->0(604)
[2025-12-24T15:34:49.135+0000][gc,heap     ] GC(153) Survivor regions: 8->10(77)
[2025-12-24T15:34:49.135+0000][gc,heap     ] GC(153) Old regions: 47->48
[2025-12-24T15:34:49.135+0000][gc,heap     ] GC(153) Humongous regions: 149->149
[2025-12-24T15:34:49.135+0000][gc,metaspace] GC(153) Metaspace: 15380K(15808K)->15380K(15808K) NonClass: 13761K(13888K)->13761K(13888K) Class: 1619K(1920K)->1619K(1920K)
[2025-12-24T15:34:49.135+0000][gc          ] GC(153) Pause Young (Normal) (G1 Evacuation Pause) 809M->205M(1024M) 29.968ms
[2025-12-24T15:34:49.135+0000][gc,cpu      ] GC(153) User=0.17s Sys=0.01s Real=0.03s
[2025-12-24T15:35:19.012+0000][gc,start    ] GC(154) Pause Young (Normal) (G1 Evacuation Pause)
[2025-12-24T15:35:19.013+0000][gc,task     ] GC(154) Using 8 workers of 8 for evacuation
[2025-12-24T15:35:19.036+0000][gc,phases   ] GC(154)   Pre Evacuate Collection Set: 1.2ms
[2025-12-24T15:35:19.036+0000][gc,phases   ] GC(154)   Merge Heap Roots: 0.3ms
[2025-12-24T15:35:19.036+0000][gc,phases   ] GC(154)   Evacuate Collection Set: 16.3ms
[2025-12-24T15:35:19.036+0000][gc,phases   ] GC(154)   Post Evacuate Collection Set: 4.6ms
[2025-12-24T15:35:19.036+0000][gc,phases   ] GC(154)   Other: 0.6ms
[2025-12-24T15:35:19.036+0000][gc,heap     ] GC(154) Eden regions: 604->0(603)
[2025-12-24T15:35:19.036+0000][gc,heap     ] GC(154) Survivor regions: 10->11(77)
[2025-12-24T15:35:19.036+0000][gc,heap     ] GC(154) Old regions: 48->48
[2025-12-24T15:35:19.036+0000][gc,heap     ] GC(154) Humongous regions: 149->149
[2025-12-24T15:35:19.036+0000][gc,metaspace] GC(154) Metaspace: 15380K(15808K)->15380K(15808K) NonClass: 13761K(13888K)->13761K(13888K) Class: 1619K(1920K)->1619K(1920K)
[2025-12-24T15:35:19.037+0000][gc          ] GC(154) Pause Young (Normal) (G1 Evacuation Pause) 809M->206M(1024M) 24.577ms
[2025-12-24T15:35:19.037+0000][gc,cpu      ] GC(154) User=0.13s Sys=0.00s Real=0.02s
[2025-12-24T15:35:58.700+0000][gc,start    ] GC(155) Pause Young (Normal) (G1 Evacuation Pause)
[2025-12-24T15:35:58.701+0000][gc,task     ] GC(155) Using 8 workers of 8 for evacuation
[2025-12-24T15:35:58.720+0000][gc,phases   ] GC(155)   Pre Evacuate Collection Set: 1.2ms
[2025-12-24T15:35:58.720+0000][gc,phases   ] GC(155)   Merge Heap Roots: 0.3ms
[2025-12-24T15:35:58.720+0000][gc,phases   ] GC(155)   Evacuate Collection Set: 16.7ms
[2025-12-24T15:35:58.721+0000][gc,phases   ] GC(155)   Post Evacuate Collection Set: 1.3ms
[2025-12-24T15:35:58.721+0000][gc,phases   ] GC(155)   Other: 0.2ms
[2025-12-24T15:35:58.721+0000][gc,heap     ] GC(155) Eden regions: 603->0(608)
[2025-12-24T15:35:58.721+0000][gc,heap     ] GC(155) Survivor regions: 11->6(77)
[2025-12-24T15:35:58.721+0000][gc,heap     ] GC(155) Old regions: 48->48
[2025-12-24T15:35:58.721+0000][gc,heap     ] GC(155) Humongous regions: 149->149
[2025-12-24T15:35:58.721+0000][gc,metaspace] GC(155) Metaspace: 15380K(15808K)->15380K(15808K) NonClass: 13761K(13888K)->13761K(13888K) Class: 1619K(1920K)->1619K(1920K)
[2025-12-24T15:35:58.721+0000][gc          ] GC(155) Pause Young (Normal) (G1 Evacuation Pause) 809M->201M(1024M) 20.667ms
[2025-12-24T15:35:58.721+0000][gc,cpu      ] GC(155) User=0.13s Sys=0.00s Real=0.02s
[2025-12-24T15:36:28.998+0000][gc,start    ] GC(156) Pause Young (Normal) (G1 Evacuation Pause)
[2025-12-24T15:36:28.999+0000][gc,task     ] GC(156) Using 8 workers of 8 for evacuation
[2025-12-24T15:36:29.014+0000][gc,phases   ] GC(156)   Pre Evacuate Collection Set: 1.1ms
[2025-12-24T15:36:29.014+0000][gc,phases   ] GC(156)   Merge Heap Roots: 0.3ms
[2025-12-24T15:36:29.014+0000][gc,phases   ] GC(156)   Evacuate Collection Set: 12.3ms
[2025-12-24T15:36:29.014+0000][gc,phases   ] GC(156)   Post Evacuate Collection Set: 1.0ms
[2025-12-24T15:36:29.014+0000][gc,phases   ] GC(156)   Other: 0.4ms
[2025-12-24T15:36:29.015+0000][gc,heap     ] GC(156) Eden regions: 608->0(607)
[2025-12-24T15:36:29.015+0000][gc,heap     ] GC(156) Survivor regions: 6->7(77)
[2025-12-24T15:36:29.015+0000][gc,heap     ] GC(156) Old regions: 48->48
[2025-12-24T15:36:29.015+0000][gc,heap     ] GC(156) Humongous regions: 149->149
[2025-12-24T15:36:29.015+0000][gc,metaspace] GC(156) Metaspace: 15381K(15808K)->15381K(15808K) NonClass: 13761K(13888K)->13761K(13888K) Class: 1619K(1920K)->1619K(1920K)
[2025-12-24T15:36:29.015+0000][gc          ] GC(156) Pause Young (Normal) (G1 Evacuation Pause) 809M->203M(1024M) 16.800ms
[2025-12-24T15:36:29.015+0000][gc,cpu      ] GC(156) User=0.10s Sys=0.00s Real=0.01s
[2025-12-24T15:37:08.625+0000][gc,start    ] GC(157) Pause Young (Normal) (G1 Evacuation Pause)
[2025-12-24T15:37:08.626+0000][gc,task     ] GC(157) Using 8 workers of 8 for evacuation
[2025-12-24T15:37:08.647+0000][gc,phases   ] GC(157)   Pre Evacuate Collection Set: 2.0ms
[2025-12-24T15:37:08.647+0000][gc,phases   ] GC(157)   Merge Heap Roots: 0.6ms
[2025-12-24T15:37:08.647+0000][gc,phases   ] GC(157)   Evacuate Collection Set: 17.3ms
[2025-12-24T15:37:08.647+0000][gc,phases   ] GC(157)   Post Evacuate Collection Set: 1.2ms
[2025-12-24T15:37:08.648+0000][gc,phases   ] GC(157)   Other: 0.3ms
[2025-12-24T15:37:08.648+0000][gc,heap     ] GC(157) Eden regions: 607->0(607)
[2025-12-24T15:37:08.648+0000][gc,heap     ] GC(157) Survivor regions: 7->7(77)
[2025-12-24T15:37:08.648+0000][gc,heap     ] GC(157) Old regions: 48->48
[2025-12-24T15:37:08.648+0000][gc,heap     ] GC(157) Humongous regions: 149->149
[2025-12-24T15:37:08.648+0000][gc,metaspace] GC(157) Metaspace: 15381K(15808K)->15381K(15808K) NonClass: 13761K(13888K)->13761K(13888K) Class: 1619K(1920K)->1619K(1920K)
[2025-12-24T15:37:08.648+0000][gc          ] GC(157) Pause Young (Normal) (G1 Evacuation Pause) 810M->203M(1024M) 22.737ms
[2025-12-24T15:37:08.648+0000][gc,cpu      ] GC(157) User=0.13s Sys=0.01s Real=0.03s
[2025-12-24T15:37:39.020+0000][gc,start    ] GC(158) Pause Young (Normal) (G1 Evacuation Pause)
[2025-12-24T15:37:39.021+0000][gc,task     ] GC(158) Using 8 workers of 8 for evacuation
[2025-12-24T15:37:39.031+0000][gc,phases   ] GC(158)   Pre Evacuate Collection Set: 1.1ms
[2025-12-24T15:37:39.032+0000][gc,phases   ] GC(158)   Merge Heap Roots: 0.2ms
[2025-12-24T15:37:39.032+0000][gc,phases   ] GC(158)   Evacuate Collection Set: 7.7ms
[2025-12-24T15:37:39.032+0000][gc,phases   ] GC(158)   Post Evacuate Collection Set: 1.2ms
[2025-12-24T15:37:39.032+0000][gc,phases   ] GC(158)   Other: 0.4ms
[2025-12-24T15:37:39.032+0000][gc,heap     ] GC(158) Eden regions: 607->0(605)
[2025-12-24T15:37:39.032+0000][gc,heap     ] GC(158) Survivor regions: 7->9(77)
[2025-12-24T15:37:39.032+0000][gc,heap     ] GC(158) Old regions: 48->49
[2025-12-24T15:37:39.032+0000][gc,heap     ] GC(158) Humongous regions: 149->149
[2025-12-24T15:37:39.032+0000][gc,metaspace] GC(158) Metaspace: 15381K(15808K)->15381K(15808K) NonClass: 13761K(13888K)->13761K(13888K) Class: 1619K(1920K)->1619K(1920K)
[2025-12-24T15:37:39.032+0000][gc          ] GC(158) Pause Young (Normal) (G1 Evacuation Pause) 810M->205M(1024M) 11.704ms
[2025-12-24T15:37:39.032+0000][gc,cpu      ] GC(158) User=0.06s Sys=0.01s Real=0.01s
[2025-12-24T15:38:18.659+0000][gc,start    ] GC(159) Pause Young (Normal) (G1 Evacuation Pause)
[2025-12-24T15:38:18.659+0000][gc,task     ] GC(159) Using 8 workers of 8 for evacuation
[2025-12-24T15:38:18.681+0000][gc,phases   ] GC(159)   Pre Evacuate Collection Set: 2.1ms
[2025-12-24T15:38:18.681+0000][gc,phases   ] GC(159)   Merge Heap Roots: 0.9ms
[2025-12-24T15:38:18.681+0000][gc,phases   ] GC(159)   Evacuate Collection Set: 17.1ms
[2025-12-24T15:38:18.681+0000][gc,phases   ] GC(159)   Post Evacuate Collection Set: 1.1ms
[2025-12-24T15:38:18.681+0000][gc,phases   ] GC(159)   Other: 0.3ms
[2025-12-24T15:38:18.681+0000][gc,heap     ] GC(159) Eden regions: 605->0(606)
[2025-12-24T15:38:18.681+0000][gc,heap     ] GC(159) Survivor regions: 9->8(77)
[2025-12-24T15:38:18.681+0000][gc,heap     ] GC(159) Old regions: 49->49
[2025-12-24T15:38:18.681+0000][gc,heap     ] GC(159) Humongous regions: 149->149
[2025-12-24T15:38:18.681+0000][gc,metaspace] GC(159) Metaspace: 15381K(15808K)->15381K(15808K) NonClass: 13761K(13888K)->13761K(13888K) Class: 1619K(1920K)->1619K(1920K)
[2025-12-24T15:38:18.681+0000][gc          ] GC(159) Pause Young (Normal) (G1 Evacuation Pause) 810M->204M(1024M) 22.572ms
[2025-12-24T15:38:18.681+0000][gc,cpu      ] GC(159) User=0.14s Sys=0.00s Real=0.02s
[2025-12-24T15:38:48.942+0000][gc,start    ] GC(160) Pause Young (Normal) (G1 Evacuation Pause)
[2025-12-24T15:38:48.943+0000][gc,task     ] GC(160) Using 8 workers of 8 for evacuation
[2025-12-24T15:38:48.959+0000][gc,phases   ] GC(160)   Pre Evacuate Collection Set: 1.2ms
[2025-12-24T15:38:48.959+0000][gc,phases   ] GC(160)   Merge Heap Roots: 0.3ms
[2025-12-24T15:38:48.959+0000][gc,phases   ] GC(160)   Evacuate Collection Set: 13.4ms
[2025-12-24T15:38:48.959+0000][gc,phases   ] GC(160)   Post Evacuate Collection Set: 1.4ms
[2025-12-24T15:38:48.959+0000][gc,phases   ] GC(160)   Other: 0.2ms
[2025-12-24T15:38:48.959+0000][gc,heap     ] GC(160) Eden regions: 606->0(604)
[2025-12-24T15:38:48.959+0000][gc,heap     ] GC(160) Survivor regions: 8->10(77)
[2025-12-24T15:38:48.959+0000][gc,heap     ] GC(160) Old regions: 49->49
[2025-12-24T15:38:48.959+0000][gc,heap     ] GC(160) Humongous regions: 149->149
[2025-12-24T15:38:48.959+0000][gc,metaspace] GC(160) Metaspace: 15381K(15808K)->15381K(15808K) NonClass: 13761K(13888K)->13761K(13888K) Class: 1619K(1920K)->1619K(1920K)
[2025-12-24T15:38:48.959+0000][gc          ] GC(160) Pause Young (Normal) (G1 Evacuation Pause) 810M->206M(1024M) 17.464ms
[2025-12-24T15:38:48.960+0000][gc,cpu      ] GC(160) User=0.10s Sys=0.00s Real=0.02s
[2025-12-24T15:39:22.254+0000][gc,start    ] GC(161) Pause Young (Normal) (G1 Evacuation Pause)
[2025-12-24T15:39:22.258+0000][gc,task     ] GC(161) Using 8 workers of 8 for evacuation
[2025-12-24T15:39:22.278+0000][gc,phases   ] GC(161)   Pre Evacuate Collection Set: 1.6ms
[2025-12-24T15:39:22.278+0000][gc,phases   ] GC(161)   Merge Heap Roots: 0.4ms
[2025-12-24T15:39:22.278+0000][gc,phases   ] GC(161)   Evacuate Collection Set: 16.6ms
[2025-12-24T15:39:22.278+0000][gc,phases   ] GC(161)   Post Evacuate Collection Set: 1.2ms
[2025-12-24T15:39:22.278+0000][gc,phases   ] GC(161)   Other: 0.7ms
[2025-12-24T15:39:22.278+0000][gc,heap     ] GC(161) Eden regions: 604->0(605)
[2025-12-24T15:39:22.279+0000][gc,heap     ] GC(161) Survivor regions: 10->9(77)
[2025-12-24T15:39:22.279+0000][gc,heap     ] GC(161) Old regions: 49->49
[2025-12-24T15:39:22.279+0000][gc,heap     ] GC(161) Humongous regions: 149->149
[2025-12-24T15:39:22.279+0000][gc,metaspace] GC(161) Metaspace: 15381K(15808K)->15381K(15808K) NonClass: 13762K(13888K)->13762K(13888K) Class: 1619K(1920K)->1619K(1920K)
[2025-12-24T15:39:22.279+0000][gc          ] GC(161) Pause Young (Normal) (G1 Evacuation Pause) 810M->206M(1024M) 24.864ms
[2025-12-24T15:39:22.279+0000][gc,cpu      ] GC(161) User=0.11s Sys=0.00s Real=0.03s
[2025-12-24T15:39:58.844+0000][gc,start    ] GC(162) Pause Young (Normal) (G1 Evacuation Pause)
[2025-12-24T15:39:58.845+0000][gc,task     ] GC(162) Using 8 workers of 8 for evacuation
[2025-12-24T15:39:58.856+0000][gc,phases   ] GC(162)   Pre Evacuate Collection Set: 1.4ms
[2025-12-24T15:39:58.856+0000][gc,phases   ] GC(162)   Merge Heap Roots: 0.3ms
[2025-12-24T15:39:58.856+0000][gc,phases   ] GC(162)   Evacuate Collection Set: 8.7ms
[2025-12-24T15:39:58.856+0000][gc,phases   ] GC(162)   Post Evacuate Collection Set: 1.0ms
[2025-12-24T15:39:58.856+0000][gc,phases   ] GC(162)   Other: 0.2ms
[2025-12-24T15:39:58.857+0000][gc,heap     ] GC(162) Eden regions: 605->0(608)
[2025-12-24T15:39:58.857+0000][gc,heap     ] GC(162) Survivor regions: 9->6(77)
[2025-12-24T15:39:58.857+0000][gc,heap     ] GC(162) Old regions: 49->50
[2025-12-24T15:39:58.857+0000][gc,heap     ] GC(162) Humongous regions: 149->149
[2025-12-24T15:39:58.857+0000][gc,metaspace] GC(162) Metaspace: 15385K(15808K)->15385K(15808K) NonClass: 13766K(13888K)->13766K(13888K) Class: 1619K(1920K)->1619K(1920K)
[2025-12-24T15:39:58.857+0000][gc          ] GC(162) Pause Young (Normal) (G1 Evacuation Pause) 811M->203M(1024M) 12.725ms
[2025-12-24T15:39:58.857+0000][gc,cpu      ] GC(162) User=0.07s Sys=0.00s Real=0.01s
[2025-12-24T15:40:29.077+0000][gc,start    ] GC(163) Pause Young (Normal) (G1 Evacuation Pause)
[2025-12-24T15:40:29.078+0000][gc,task     ] GC(163) Using 8 workers of 8 for evacuation
[2025-12-24T15:40:29.089+0000][gc,phases   ] GC(163)   Pre Evacuate Collection Set: 1.3ms
[2025-12-24T15:40:29.089+0000][gc,phases   ] GC(163)   Merge Heap Roots: 0.3ms
[2025-12-24T15:40:29.089+0000][gc,phases   ] GC(163)   Evacuate Collection Set: 8.2ms
[2025-12-24T15:40:29.089+0000][gc,phases   ] GC(163)   Post Evacuate Collection Set: 1.1ms
[2025-12-24T15:40:29.089+0000][gc,phases   ] GC(163)   Other: 0.2ms
[2025-12-24T15:40:29.089+0000][gc,heap     ] GC(163) Eden regions: 608->0(606)
[2025-12-24T15:40:29.089+0000][gc,heap     ] GC(163) Survivor regions: 6->8(77)
[2025-12-24T15:40:29.089+0000][gc,heap     ] GC(163) Old regions: 50->50
[2025-12-24T15:40:29.089+0000][gc,heap     ] GC(163) Humongous regions: 149->149
[2025-12-24T15:40:29.089+0000][gc,metaspace] GC(163) Metaspace: 15385K(15808K)->15385K(15808K) NonClass: 13766K(13888K)->13766K(13888K) Class: 1619K(1920K)->1619K(1920K)
[2025-12-24T15:40:29.089+0000][gc          ] GC(163) Pause Young (Normal) (G1 Evacuation Pause) 811M->205M(1024M) 12.102ms
[2025-12-24T15:40:29.089+0000][gc,cpu      ] GC(163) User=0.06s Sys=0.00s Real=0.01s
[2025-12-24T15:41:08.789+0000][gc,start    ] GC(164) Pause Young (Normal) (G1 Evacuation Pause)
[2025-12-24T15:41:08.790+0000][gc,task     ] GC(164) Using 8 workers of 8 for evacuation
[2025-12-24T15:41:08.809+0000][gc,phases   ] GC(164)   Pre Evacuate Collection Set: 2.9ms
[2025-12-24T15:41:08.809+0000][gc,phases   ] GC(164)   Merge Heap Roots: 0.4ms
[2025-12-24T15:41:08.809+0000][gc,phases   ] GC(164)   Evacuate Collection Set: 13.8ms
[2025-12-24T15:41:08.809+0000][gc,phases   ] GC(164)   Post Evacuate Collection Set: 1.4ms
[2025-12-24T15:41:08.809+0000][gc,phases   ] GC(164)   Other: 0.3ms
[2025-12-24T15:41:08.811+0000][gc,heap     ] GC(164) Eden regions: 606->0(607)
[2025-12-24T15:41:08.811+0000][gc,heap     ] GC(164) Survivor regions: 8->7(77)
[2025-12-24T15:41:08.811+0000][gc,heap     ] GC(164) Old regions: 50->50
[2025-12-24T15:41:08.811+0000][gc,heap     ] GC(164) Humongous regions: 149->149
[2025-12-24T15:41:08.812+0000][gc,metaspace] GC(164) Metaspace: 15385K(15808K)->15385K(15808K) NonClass: 13766K(13888K)->13766K(13888K) Class: 1619K(1920K)->1619K(1920K)
[2025-12-24T15:41:08.812+0000][gc          ] GC(164) Pause Young (Normal) (G1 Evacuation Pause) 811M->204M(1024M) 22.556ms
[2025-12-24T15:41:08.812+0000][gc,cpu      ] GC(164) User=0.06s Sys=0.01s Real=0.03s
[2025-12-24T15:41:39.079+0000][gc,start    ] GC(165) Pause Young (Normal) (G1 Evacuation Pause)
[2025-12-24T15:41:39.081+0000][gc,task     ] GC(165) Using 8 workers of 8 for evacuation
[2025-12-24T15:41:39.099+0000][gc,phases   ] GC(165)   Pre Evacuate Collection Set: 2.9ms
[2025-12-24T15:41:39.099+0000][gc,phases   ] GC(165)   Merge Heap Roots: 0.8ms
[2025-12-24T15:41:39.099+0000][gc,phases   ] GC(165)   Evacuate Collection Set: 11.0ms
[2025-12-24T15:41:39.099+0000][gc,phases   ] GC(165)   Post Evacuate Collection Set: 2.8ms
[2025-12-24T15:41:39.100+0000][gc,phases   ] GC(165)   Other: 1.1ms
[2025-12-24T15:41:39.100+0000][gc,heap     ] GC(165) Eden regions: 607->0(606)
[2025-12-24T15:41:39.100+0000][gc,heap     ] GC(165) Survivor regions: 7->8(77)
[2025-12-24T15:41:39.100+0000][gc,heap     ] GC(165) Old regions: 50->50
[2025-12-24T15:41:39.100+0000][gc,heap     ] GC(165) Humongous regions: 149->149
[2025-12-24T15:41:39.100+0000][gc,metaspace] GC(165) Metaspace: 15387K(15808K)->15387K(15808K) NonClass: 13767K(13888K)->13767K(13888K) Class: 1619K(1920K)->1619K(1920K)
[2025-12-24T15:41:39.100+0000][gc          ] GC(165) Pause Young (Normal) (G1 Evacuation Pause) 811M->206M(1024M) 20.892ms
[2025-12-24T15:41:39.100+0000][gc,cpu      ] GC(165) User=0.11s Sys=0.00s Real=0.02s
[2025-12-24T15:42:18.665+0000][gc,start    ] GC(166) Pause Young (Normal) (G1 Evacuation Pause)
[2025-12-24T15:42:18.665+0000][gc,task     ] GC(166) Using 8 workers of 8 for evacuation
[2025-12-24T15:42:18.683+0000][gc,phases   ] GC(166)   Pre Evacuate Collection Set: 1.0ms
[2025-12-24T15:42:18.683+0000][gc,phases   ] GC(166)   Merge Heap Roots: 0.2ms
[2025-12-24T15:42:18.683+0000][gc,phases   ] GC(166)   Evacuate Collection Set: 15.5ms
[2025-12-24T15:42:18.683+0000][gc,phases   ] GC(166)   Post Evacuate Collection Set: 1.1ms
[2025-12-24T15:42:18.684+0000][gc,phases   ] GC(166)   Other: 0.2ms
[2025-12-24T15:42:18.684+0000][gc,heap     ] GC(166) Eden regions: 606->0(606)
[2025-12-24T15:42:18.684+0000][gc,heap     ] GC(166) Survivor regions: 8->8(77)
[2025-12-24T15:42:18.684+0000][gc,heap     ] GC(166) Old regions: 50->51
[2025-12-24T15:42:18.684+0000][gc,heap     ] GC(166) Humongous regions: 149->149
[2025-12-24T15:42:18.684+0000][gc,metaspace] GC(166) Metaspace: 15388K(15808K)->15388K(15808K) NonClass: 13768K(13888K)->13768K(13888K) Class: 1619K(1920K)->1619K(1920K)
[2025-12-24T15:42:18.684+0000][gc          ] GC(166) Pause Young (Normal) (G1 Evacuation Pause) 812M->206M(1024M) 18.973ms
[2025-12-24T15:42:18.684+0000][gc,cpu      ] GC(166) User=0.11s Sys=0.02s Real=0.02s
[2025-12-24T15:42:48.925+0000][gc,start    ] GC(167) Pause Young (Normal) (G1 Evacuation Pause)
[2025-12-24T15:42:48.925+0000][gc,task     ] GC(167) Using 8 workers of 8 for evacuation
[2025-12-24T15:42:48.940+0000][gc,phases   ] GC(167)   Pre Evacuate Collection Set: 1.0ms
[2025-12-24T15:42:48.940+0000][gc,phases   ] GC(167)   Merge Heap Roots: 0.3ms
[2025-12-24T15:42:48.940+0000][gc,phases   ] GC(167)   Evacuate Collection Set: 11.6ms
[2025-12-24T15:42:48.940+0000][gc,phases   ] GC(167)   Post Evacuate Collection Set: 1.1ms
[2025-12-24T15:42:48.940+0000][gc,phases   ] GC(167)   Other: 0.3ms
[2025-12-24T15:42:48.940+0000][gc,heap     ] GC(167) Eden regions: 606->0(605)
[2025-12-24T15:42:48.940+0000][gc,heap     ] GC(167) Survivor regions: 8->9(77)
[2025-12-24T15:42:48.940+0000][gc,heap     ] GC(167) Old regions: 51->51
[2025-12-24T15:42:48.940+0000][gc,heap     ] GC(167) Humongous regions: 149->149
[2025-12-24T15:42:48.940+0000][gc,metaspace] GC(167) Metaspace: 15388K(15808K)->15388K(15808K) NonClass: 13768K(13888K)->13768K(13888K) Class: 1619K(1920K)->1619K(1920K)
[2025-12-24T15:42:48.940+0000][gc          ] GC(167) Pause Young (Normal) (G1 Evacuation Pause) 812M->208M(1024M) 15.621ms
[2025-12-24T15:42:48.940+0000][gc,cpu      ] GC(167) User=0.09s Sys=0.00s Real=0.02s
[2025-12-24T15:43:28.597+0000][gc,start    ] GC(168) Pause Young (Normal) (G1 Evacuation Pause)
[2025-12-24T15:43:28.598+0000][gc,task     ] GC(168) Using 8 workers of 8 for evacuation
[2025-12-24T15:43:28.626+0000][gc,phases   ] GC(168)   Pre Evacuate Collection Set: 6.0ms
[2025-12-24T15:43:28.626+0000][gc,phases   ] GC(168)   Merge Heap Roots: 1.4ms
[2025-12-24T15:43:28.626+0000][gc,phases   ] GC(168)   Evacuate Collection Set: 17.4ms
[2025-12-24T15:43:28.626+0000][gc,phases   ] GC(168)   Post Evacuate Collection Set: 2.3ms
[2025-12-24T15:43:28.626+0000][gc,phases   ] GC(168)   Other: 0.5ms
[2025-12-24T15:43:28.626+0000][gc,heap     ] GC(168) Eden regions: 605->0(605)
[2025-12-24T15:43:28.627+0000][gc,heap     ] GC(168) Survivor regions: 9->9(77)
[2025-12-24T15:43:28.627+0000][gc,heap     ] GC(168) Old regions: 51->51
[2025-12-24T15:43:28.627+0000][gc,heap     ] GC(168) Humongous regions: 149->149
[2025-12-24T15:43:28.627+0000][gc,metaspace] GC(168) Metaspace: 15388K(15808K)->15388K(15808K) NonClass: 13769K(13888K)->13769K(13888K) Class: 1619K(1920K)->1619K(1920K)
[2025-12-24T15:43:28.627+0000][gc          ] GC(168) Pause Young (Normal) (G1 Evacuation Pause) 813M->207M(1024M) 29.628ms
[2025-12-24T15:43:28.627+0000][gc,cpu      ] GC(168) User=0.14s Sys=0.00s Real=0.02s
[2025-12-24T15:43:58.825+0000][gc,start    ] GC(169) Pause Young (Normal) (G1 Evacuation Pause)
[2025-12-24T15:43:58.825+0000][gc,task     ] GC(169) Using 8 workers of 8 for evacuation
[2025-12-24T15:43:58.839+0000][gc,phases   ] GC(169)   Pre Evacuate Collection Set: 1.0ms
[2025-12-24T15:43:58.839+0000][gc,phases   ] GC(169)   Merge Heap Roots: 0.3ms
[2025-12-24T15:43:58.839+0000][gc,phases   ] GC(169)   Evacuate Collection Set: 10.5ms
[2025-12-24T15:43:58.839+0000][gc,phases   ] GC(169)   Post Evacuate Collection Set: 1.2ms
[2025-12-24T15:43:58.839+0000][gc,phases   ] GC(169)   Other: 0.3ms
[2025-12-24T15:43:58.839+0000][gc,heap     ] GC(169) Eden regions: 605->0(608)
[2025-12-24T15:43:58.839+0000][gc,heap     ] GC(169) Survivor regions: 9->6(77)
[2025-12-24T15:43:58.839+0000][gc,heap     ] GC(169) Old regions: 51->51
[2025-12-24T15:43:58.839+0000][gc,heap     ] GC(169) Humongous regions: 149->149
[2025-12-24T15:43:58.839+0000][gc,metaspace] GC(169) Metaspace: 15388K(15808K)->15388K(15808K) NonClass: 13769K(13888K)->13769K(13888K) Class: 1619K(1920K)->1619K(1920K)
[2025-12-24T15:43:58.839+0000][gc          ] GC(169) Pause Young (Normal) (G1 Evacuation Pause) 812M->204M(1024M) 14.582ms
[2025-12-24T15:43:58.839+0000][gc,cpu      ] GC(169) User=0.09s Sys=0.00s Real=0.02s
[2025-12-24T15:44:29.197+0000][gc,start    ] GC(170) Pause Young (Normal) (G1 Evacuation Pause)
[2025-12-24T15:44:29.197+0000][gc,task     ] GC(170) Using 8 workers of 8 for evacuation
[2025-12-24T15:44:29.216+0000][gc,phases   ] GC(170)   Pre Evacuate Collection Set: 1.2ms
[2025-12-24T15:44:29.216+0000][gc,phases   ] GC(170)   Merge Heap Roots: 1.4ms
[2025-12-24T15:44:29.216+0000][gc,phases   ] GC(170)   Evacuate Collection Set: 14.2ms
[2025-12-24T15:44:29.216+0000][gc,phases   ] GC(170)   Post Evacuate Collection Set: 1.3ms
[2025-12-24T15:44:29.216+0000][gc,phases   ] GC(170)   Other: 0.3ms
[2025-12-24T15:44:29.216+0000][gc,heap     ] GC(170) Eden regions: 608->0(607)
[2025-12-24T15:44:29.216+0000][gc,heap     ] GC(170) Survivor regions: 6->7(77)
[2025-12-24T15:44:29.216+0000][gc,heap     ] GC(170) Old regions: 51->52
[2025-12-24T15:44:29.216+0000][gc,heap     ] GC(170) Humongous regions: 149->149
[2025-12-24T15:44:29.216+0000][gc,metaspace] GC(170) Metaspace: 15401K(15872K)->15401K(15872K) NonClass: 13782K(13952K)->13782K(13952K) Class: 1619K(1920K)->1619K(1920K)
[2025-12-24T15:44:29.216+0000][gc          ] GC(170) Pause Young (Normal) (G1 Evacuation Pause) 812M->206M(1024M) 19.651ms
[2025-12-24T15:44:29.216+0000][gc,cpu      ] GC(170) User=0.11s Sys=0.00s Real=0.02s
[2025-12-24T15:45:08.991+0000][gc,start    ] GC(171) Pause Young (Normal) (G1 Evacuation Pause)
[2025-12-24T15:45:08.998+0000][gc,task     ] GC(171) Using 8 workers of 8 for evacuation
[2025-12-24T15:45:09.011+0000][gc,phases   ] GC(171)   Pre Evacuate Collection Set: 2.3ms
[2025-12-24T15:45:09.011+0000][gc,phases   ] GC(171)   Merge Heap Roots: 0.6ms
[2025-12-24T15:45:09.011+0000][gc,phases   ] GC(171)   Evacuate Collection Set: 8.8ms
[2025-12-24T15:45:09.011+0000][gc,phases   ] GC(171)   Post Evacuate Collection Set: 1.1ms
[2025-12-24T15:45:09.011+0000][gc,phases   ] GC(171)   Other: 0.5ms
[2025-12-24T15:45:09.011+0000][gc,heap     ] GC(171) Eden regions: 607->0(607)
[2025-12-24T15:45:09.011+0000][gc,heap     ] GC(171) Survivor regions: 7->7(77)
[2025-12-24T15:45:09.011+0000][gc,heap     ] GC(171) Old regions: 52->52
[2025-12-24T15:45:09.011+0000][gc,heap     ] GC(171) Humongous regions: 149->149
[2025-12-24T15:45:09.011+0000][gc,metaspace] GC(171) Metaspace: 15401K(15872K)->15401K(15872K) NonClass: 13782K(13952K)->13782K(13952K) Class: 1619K(1920K)->1619K(1920K)
[2025-12-24T15:45:09.011+0000][gc          ] GC(171) Pause Young (Normal) (G1 Evacuation Pause) 813M->206M(1024M) 20.108ms
[2025-12-24T15:45:09.012+0000][gc,cpu      ] GC(171) User=0.08s Sys=0.00s Real=0.02s
[2025-12-24T15:45:39.046+0000][gc,start    ] GC(172) Pause Young (Normal) (G1 Evacuation Pause)
[2025-12-24T15:45:39.047+0000][gc,task     ] GC(172) Using 8 workers of 8 for evacuation
[2025-12-24T15:45:39.059+0000][gc,phases   ] GC(172)   Pre Evacuate Collection Set: 1.0ms
[2025-12-24T15:45:39.059+0000][gc,phases   ] GC(172)   Merge Heap Roots: 0.3ms
[2025-12-24T15:45:39.059+0000][gc,phases   ] GC(172)   Evacuate Collection Set: 9.7ms
[2025-12-24T15:45:39.059+0000][gc,phases   ] GC(172)   Post Evacuate Collection Set: 1.0ms
[2025-12-24T15:45:39.059+0000][gc,phases   ] GC(172)   Other: 0.3ms
[2025-12-24T15:45:39.059+0000][gc,heap     ] GC(172) Eden regions: 607->0(606)
[2025-12-24T15:45:39.059+0000][gc,heap     ] GC(172) Survivor regions: 7->8(77)
[2025-12-24T15:45:39.059+0000][gc,heap     ] GC(172) Old regions: 52->52
[2025-12-24T15:45:39.059+0000][gc,heap     ] GC(172) Humongous regions: 149->149
[2025-12-24T15:45:39.060+0000][gc,metaspace] GC(172) Metaspace: 15401K(15872K)->15401K(15872K) NonClass: 13782K(13952K)->13782K(13952K) Class: 1619K(1920K)->1619K(1920K)
[2025-12-24T15:45:39.060+0000][gc          ] GC(172) Pause Young (Normal) (G1 Evacuation Pause) 813M->208M(1024M) 13.427ms
[2025-12-24T15:45:39.060+0000][gc,cpu      ] GC(172) User=0.07s Sys=0.00s Real=0.01s
[2025-12-24T15:46:18.701+0000][gc,start    ] GC(173) Pause Young (Normal) (G1 Evacuation Pause)
[2025-12-24T15:46:18.701+0000][gc,task     ] GC(173) Using 8 workers of 8 for evacuation
[2025-12-24T15:46:18.719+0000][gc,phases   ] GC(173)   Pre Evacuate Collection Set: 1.1ms
[2025-12-24T15:46:18.719+0000][gc,phases   ] GC(173)   Merge Heap Roots: 1.9ms
[2025-12-24T15:46:18.719+0000][gc,phases   ] GC(173)   Evacuate Collection Set: 13.1ms
[2025-12-24T15:46:18.719+0000][gc,phases   ] GC(173)   Post Evacuate Collection Set: 1.1ms
[2025-12-24T15:46:18.719+0000][gc,phases   ] GC(173)   Other: 0.2ms
[2025-12-24T15:46:18.719+0000][gc,heap     ] GC(173) Eden regions: 606->0(606)
[2025-12-24T15:46:18.719+0000][gc,heap     ] GC(173) Survivor regions: 8->8(77)
[2025-12-24T15:46:18.719+0000][gc,heap     ] GC(173) Old regions: 52->52
[2025-12-24T15:46:18.719+0000][gc,heap     ] GC(173) Humongous regions: 149->149
[2025-12-24T15:46:18.719+0000][gc,metaspace] GC(173) Metaspace: 15402K(15872K)->15402K(15872K) NonClass: 13783K(13952K)->13783K(13952K) Class: 1619K(1920K)->1619K(1920K)
[2025-12-24T15:46:18.720+0000][gc          ] GC(173) Pause Young (Normal) (G1 Evacuation Pause) 814M->207M(1024M) 18.608ms
[2025-12-24T15:46:18.720+0000][gc,cpu      ] GC(173) User=0.10s Sys=0.00s Real=0.02s
[2025-12-24T15:46:49.013+0000][gc,start    ] GC(174) Pause Young (Normal) (G1 Evacuation Pause)
[2025-12-24T15:46:49.013+0000][gc,task     ] GC(174) Using 8 workers of 8 for evacuation
[2025-12-24T15:46:49.026+0000][gc,phases   ] GC(174)   Pre Evacuate Collection Set: 1.1ms
[2025-12-24T15:46:49.027+0000][gc,phases   ] GC(174)   Merge Heap Roots: 0.3ms
[2025-12-24T15:46:49.027+0000][gc,phases   ] GC(174)   Evacuate Collection Set: 10.6ms
[2025-12-24T15:46:49.027+0000][gc,phases   ] GC(174)   Post Evacuate Collection Set: 1.1ms
[2025-12-24T15:46:49.027+0000][gc,phases   ] GC(174)   Other: 0.3ms
[2025-12-24T15:46:49.027+0000][gc,heap     ] GC(174) Eden regions: 606->0(605)
[2025-12-24T15:46:49.027+0000][gc,heap     ] GC(174) Survivor regions: 8->9(77)
[2025-12-24T15:46:49.027+0000][gc,heap     ] GC(174) Old regions: 52->52
[2025-12-24T15:46:49.027+0000][gc,heap     ] GC(174) Humongous regions: 149->149
[2025-12-24T15:46:49.027+0000][gc,metaspace] GC(174) Metaspace: 15402K(15872K)->15402K(15872K) NonClass: 13783K(13952K)->13783K(13952K) Class: 1619K(1920K)->1619K(1920K)
[2025-12-24T15:46:49.027+0000][gc          ] GC(174) Pause Young (Normal) (G1 Evacuation Pause) 813M->209M(1024M) 14.514ms
[2025-12-24T15:46:49.027+0000][gc,cpu      ] GC(174) User=0.08s Sys=0.00s Real=0.01s
[2025-12-24T15:47:28.613+0000][gc,start    ] GC(175) Pause Young (Normal) (G1 Evacuation Pause)
[2025-12-24T15:47:28.614+0000][gc,task     ] GC(175) Using 8 workers of 8 for evacuation
[2025-12-24T15:47:28.632+0000][gc,phases   ] GC(175)   Pre Evacuate Collection Set: 1.0ms
[2025-12-24T15:47:28.632+0000][gc,phases   ] GC(175)   Merge Heap Roots: 0.2ms
[2025-12-24T15:47:28.632+0000][gc,phases   ] GC(175)   Evacuate Collection Set: 15.0ms
[2025-12-24T15:47:28.632+0000][gc,phases   ] GC(175)   Post Evacuate Collection Set: 1.9ms
[2025-12-24T15:47:28.632+0000][gc,phases   ] GC(175)   Other: 0.3ms
[2025-12-24T15:47:28.633+0000][gc,heap     ] GC(175) Eden regions: 605->0(606)
[2025-12-24T15:47:28.633+0000][gc,heap     ] GC(175) Survivor regions: 9->8(77)
[2025-12-24T15:47:28.633+0000][gc,heap     ] GC(175) Old regions: 52->53
[2025-12-24T15:47:28.633+0000][gc,heap     ] GC(175) Humongous regions: 149->149
[2025-12-24T15:47:28.633+0000][gc,metaspace] GC(175) Metaspace: 15402K(15872K)->15402K(15872K) NonClass: 13783K(13952K)->13783K(13952K) Class: 1619K(1920K)->1619K(1920K)
[2025-12-24T15:47:28.634+0000][gc          ] GC(175) Pause Young (Normal) (G1 Evacuation Pause) 814M->209M(1024M) 21.047ms
[2025-12-24T15:47:28.634+0000][gc,cpu      ] GC(175) User=0.11s Sys=0.01s Real=0.02s
[2025-12-24T15:47:58.867+0000][gc,start    ] GC(176) Pause Young (Normal) (G1 Evacuation Pause)
[2025-12-24T15:47:58.867+0000][gc,task     ] GC(176) Using 8 workers of 8 for evacuation
[2025-12-24T15:47:58.888+0000][gc,phases   ] GC(176)   Pre Evacuate Collection Set: 1.1ms
[2025-12-24T15:47:58.888+0000][gc,phases   ] GC(176)   Merge Heap Roots: 0.3ms
[2025-12-24T15:47:58.888+0000][gc,phases   ] GC(176)   Evacuate Collection Set: 17.2ms
[2025-12-24T15:47:58.888+0000][gc,phases   ] GC(176)   Post Evacuate Collection Set: 1.2ms
[2025-12-24T15:47:58.888+0000][gc,phases   ] GC(176)   Other: 0.3ms
[2025-12-24T15:47:58.888+0000][gc,heap     ] GC(176) Eden regions: 606->0(604)
[2025-12-24T15:47:58.888+0000][gc,heap     ] GC(176) Survivor regions: 8->10(77)
[2025-12-24T15:47:58.888+0000][gc,heap     ] GC(176) Old regions: 53->53
[2025-12-24T15:47:58.888+0000][gc,heap     ] GC(176) Humongous regions: 149->149
[2025-12-24T15:47:58.888+0000][gc,metaspace] GC(176) Metaspace: 15402K(15872K)->15402K(15872K) NonClass: 13783K(13952K)->13783K(13952K) Class: 1619K(1920K)->1619K(1920K)
[2025-12-24T15:47:58.888+0000][gc          ] GC(176) Pause Young (Normal) (G1 Evacuation Pause) 815M->210M(1024M) 21.254ms
[2025-12-24T15:47:58.888+0000][gc,cpu      ] GC(176) User=0.14s Sys=0.01s Real=0.02s
[2025-12-24T15:48:29.119+0000][gc,start    ] GC(177) Pause Young (Normal) (G1 Evacuation Pause)
[2025-12-24T15:48:29.119+0000][gc,task     ] GC(177) Using 8 workers of 8 for evacuation
[2025-12-24T15:48:29.134+0000][gc,phases   ] GC(177)   Pre Evacuate Collection Set: 1.1ms
[2025-12-24T15:48:29.134+0000][gc,phases   ] GC(177)   Merge Heap Roots: 0.3ms
[2025-12-24T15:48:29.134+0000][gc,phases   ] GC(177)   Evacuate Collection Set: 11.4ms
[2025-12-24T15:48:29.134+0000][gc,phases   ] GC(177)   Post Evacuate Collection Set: 1.4ms
[2025-12-24T15:48:29.134+0000][gc,phases   ] GC(177)   Other: 0.5ms
[2025-12-24T15:48:29.135+0000][gc,heap     ] GC(177) Eden regions: 604->0(607)
[2025-12-24T15:48:29.135+0000][gc,heap     ] GC(177) Survivor regions: 10->7(77)
[2025-12-24T15:48:29.135+0000][gc,heap     ] GC(177) Old regions: 53->53
[2025-12-24T15:48:29.135+0000][gc,heap     ] GC(177) Humongous regions: 149->149
[2025-12-24T15:48:29.135+0000][gc,metaspace] GC(177) Metaspace: 15402K(15872K)->15402K(15872K) NonClass: 13783K(13952K)->13783K(13952K) Class: 1619K(1920K)->1619K(1920K)
[2025-12-24T15:48:29.135+0000][gc          ] GC(177) Pause Young (Normal) (G1 Evacuation Pause) 814M->208M(1024M) 15.872ms
[2025-12-24T15:48:29.135+0000][gc,cpu      ] GC(177) User=0.09s Sys=0.00s Real=0.01s
[2025-12-24T15:49:08.812+0000][gc,start    ] GC(178) Pause Young (Normal) (G1 Evacuation Pause)
[2025-12-24T15:49:08.813+0000][gc,task     ] GC(178) Using 8 workers of 8 for evacuation
[2025-12-24T15:49:08.831+0000][gc,phases   ] GC(178)   Pre Evacuate Collection Set: 1.4ms
[2025-12-24T15:49:08.831+0000][gc,phases   ] GC(178)   Merge Heap Roots: 0.3ms
[2025-12-24T15:49:08.831+0000][gc,phases   ] GC(178)   Evacuate Collection Set: 13.7ms
[2025-12-24T15:49:08.831+0000][gc,phases   ] GC(178)   Post Evacuate Collection Set: 2.0ms
[2025-12-24T15:49:08.831+0000][gc,phases   ] GC(178)   Other: 0.3ms
[2025-12-24T15:49:08.831+0000][gc,heap     ] GC(178) Eden regions: 607->0(607)
[2025-12-24T15:49:08.831+0000][gc,heap     ] GC(178) Survivor regions: 7->7(77)
[2025-12-24T15:49:08.831+0000][gc,heap     ] GC(178) Old regions: 53->53
[2025-12-24T15:49:08.831+0000][gc,heap     ] GC(178) Humongous regions: 149->149
[2025-12-24T15:49:08.831+0000][gc,metaspace] GC(178) Metaspace: 15402K(15872K)->15402K(15872K) NonClass: 13783K(13952K)->13783K(13952K) Class: 1619K(1920K)->1619K(1920K)
[2025-12-24T15:49:08.832+0000][gc          ] GC(178) Pause Young (Normal) (G1 Evacuation Pause) 815M->207M(1024M) 19.108ms
[2025-12-24T15:49:08.832+0000][gc,cpu      ] GC(178) User=0.12s Sys=0.00s Real=0.02s
[2025-12-24T15:49:39.191+0000][gc,start    ] GC(179) Pause Young (Normal) (G1 Evacuation Pause)
[2025-12-24T15:49:39.191+0000][gc,task     ] GC(179) Using 8 workers of 8 for evacuation
[2025-12-24T15:49:39.207+0000][gc,phases   ] GC(179)   Pre Evacuate Collection Set: 1.2ms
[2025-12-24T15:49:39.207+0000][gc,phases   ] GC(179)   Merge Heap Roots: 0.3ms
[2025-12-24T15:49:39.207+0000][gc,phases   ] GC(179)   Evacuate Collection Set: 12.8ms
[2025-12-24T15:49:39.207+0000][gc,phases   ] GC(179)   Post Evacuate Collection Set: 1.3ms
[2025-12-24T15:49:39.207+0000][gc,phases   ] GC(179)   Other: 0.2ms
[2025-12-24T15:49:39.207+0000][gc,heap     ] GC(179) Eden regions: 607->0(606)
[2025-12-24T15:49:39.207+0000][gc,heap     ] GC(179) Survivor regions: 7->8(77)
[2025-12-24T15:49:39.208+0000][gc,heap     ] GC(179) Old regions: 53->54
[2025-12-24T15:49:39.208+0000][gc,heap     ] GC(179) Humongous regions: 149->149
[2025-12-24T15:49:39.208+0000][gc,metaspace] GC(179) Metaspace: 15402K(15872K)->15402K(15872K) NonClass: 13783K(13952K)->13783K(13952K) Class: 1619K(1920K)->1619K(1920K)
[2025-12-24T15:49:39.208+0000][gc          ] GC(179) Pause Young (Normal) (G1 Evacuation Pause) 814M->210M(1024M) 16.724ms
[2025-12-24T15:49:39.208+0000][gc,cpu      ] GC(179) User=0.09s Sys=0.00s Real=0.02s
[2025-12-24T15:50:18.722+0000][gc,start    ] GC(180) Pause Young (Normal) (G1 Evacuation Pause)
[2025-12-24T15:50:18.722+0000][gc,task     ] GC(180) Using 8 workers of 8 for evacuation
[2025-12-24T15:50:18.742+0000][gc,phases   ] GC(180)   Pre Evacuate Collection Set: 1.2ms
[2025-12-24T15:50:18.742+0000][gc,phases   ] GC(180)   Merge Heap Roots: 0.2ms
[2025-12-24T15:50:18.742+0000][gc,phases   ] GC(180)   Evacuate Collection Set: 16.8ms
[2025-12-24T15:50:18.743+0000][gc,phases   ] GC(180)   Post Evacuate Collection Set: 1.4ms
[2025-12-24T15:50:18.743+0000][gc,phases   ] GC(180)   Other: 0.3ms
[2025-12-24T15:50:18.743+0000][gc,heap     ] GC(180) Eden regions: 606->0(606)
[2025-12-24T15:50:18.743+0000][gc,heap     ] GC(180) Survivor regions: 8->8(77)
[2025-12-24T15:50:18.743+0000][gc,heap     ] GC(180) Old regions: 54->54
[2025-12-24T15:50:18.743+0000][gc,heap     ] GC(180) Humongous regions: 149->149
[2025-12-24T15:50:18.743+0000][gc,metaspace] GC(180) Metaspace: 15407K(15872K)->15407K(15872K) NonClass: 13788K(13952K)->13788K(13952K) Class: 1619K(1920K)->1619K(1920K)
[2025-12-24T15:50:18.743+0000][gc          ] GC(180) Pause Young (Normal) (G1 Evacuation Pause) 816M->209M(1024M) 21.265ms
[2025-12-24T15:50:18.743+0000][gc,cpu      ] GC(180) User=0.12s Sys=0.00s Real=0.02s
[2025-12-24T15:50:48.965+0000][gc,start    ] GC(181) Pause Young (Normal) (G1 Evacuation Pause)
[2025-12-24T15:50:48.965+0000][gc,task     ] GC(181) Using 8 workers of 8 for evacuation
[2025-12-24T15:50:48.979+0000][gc,phases   ] GC(181)   Pre Evacuate Collection Set: 1.2ms
[2025-12-24T15:50:48.979+0000][gc,phases   ] GC(181)   Merge Heap Roots: 0.9ms
[2025-12-24T15:50:48.979+0000][gc,phases   ] GC(181)   Evacuate Collection Set: 9.6ms
[2025-12-24T15:50:48.979+0000][gc,phases   ] GC(181)   Post Evacuate Collection Set: 1.3ms
[2025-12-24T15:50:48.979+0000][gc,phases   ] GC(181)   Other: 0.4ms
[2025-12-24T15:50:48.979+0000][gc,heap     ] GC(181) Eden regions: 606->0(605)
[2025-12-24T15:50:48.979+0000][gc,heap     ] GC(181) Survivor regions: 8->9(77)
[2025-12-24T15:50:48.979+0000][gc,heap     ] GC(181) Old regions: 54->54
[2025-12-24T15:50:48.979+0000][gc,heap     ] GC(181) Humongous regions: 149->149
[2025-12-24T15:50:48.979+0000][gc,metaspace] GC(181) Metaspace: 15407K(15872K)->15407K(15872K) NonClass: 13788K(13952K)->13788K(13952K) Class: 1619K(1920K)->1619K(1920K)
[2025-12-24T15:50:48.979+0000][gc          ] GC(181) Pause Young (Normal) (G1 Evacuation Pause) 815M->211M(1024M) 14.617ms
[2025-12-24T15:50:48.979+0000][gc,cpu      ] GC(181) User=0.09s Sys=0.00s Real=0.01s
[2025-12-24T15:51:28.644+0000][gc,start    ] GC(182) Pause Young (Normal) (G1 Evacuation Pause)
[2025-12-24T15:51:28.644+0000][gc,task     ] GC(182) Using 8 workers of 8 for evacuation
[2025-12-24T15:51:28.663+0000][gc,phases   ] GC(182)   Pre Evacuate Collection Set: 1.2ms
[2025-12-24T15:51:28.663+0000][gc,phases   ] GC(182)   Merge Heap Roots: 0.4ms
[2025-12-24T15:51:28.663+0000][gc,phases   ] GC(182)   Evacuate Collection Set: 15.6ms
[2025-12-24T15:51:28.663+0000][gc,phases   ] GC(182)   Post Evacuate Collection Set: 1.3ms
[2025-12-24T15:51:28.664+0000][gc,phases   ] GC(182)   Other: 0.3ms
[2025-12-24T15:51:28.664+0000][gc,heap     ] GC(182) Eden regions: 605->0(606)
[2025-12-24T15:51:28.664+0000][gc,heap     ] GC(182) Survivor regions: 9->8(77)
[2025-12-24T15:51:28.664+0000][gc,heap     ] GC(182) Old regions: 54->54
[2025-12-24T15:51:28.664+0000][gc,heap     ] GC(182) Humongous regions: 149->149
[2025-12-24T15:51:28.664+0000][gc,metaspace] GC(182) Metaspace: 15409K(15872K)->15409K(15872K) NonClass: 13790K(13952K)->13790K(13952K) Class: 1619K(1920K)->1619K(1920K)
[2025-12-24T15:51:28.664+0000][gc          ] GC(182) Pause Young (Normal) (G1 Evacuation Pause) 816M->210M(1024M) 19.952ms
[2025-12-24T15:51:28.664+0000][gc,cpu      ] GC(182) User=0.14s Sys=0.01s Real=0.02s
[2025-12-24T15:51:58.856+0000][gc,start    ] GC(183) Pause Young (Normal) (G1 Evacuation Pause)
[2025-12-24T15:51:58.857+0000][gc,task     ] GC(183) Using 8 workers of 8 for evacuation
[2025-12-24T15:51:58.868+0000][gc,phases   ] GC(183)   Pre Evacuate Collection Set: 1.1ms
[2025-12-24T15:51:58.868+0000][gc,phases   ] GC(183)   Merge Heap Roots: 0.3ms
[2025-12-24T15:51:58.868+0000][gc,phases   ] GC(183)   Evacuate Collection Set: 8.5ms
[2025-12-24T15:51:58.868+0000][gc,phases   ] GC(183)   Post Evacuate Collection Set: 1.0ms
[2025-12-24T15:51:58.868+0000][gc,phases   ] GC(183)   Other: 0.3ms
[2025-12-24T15:51:58.868+0000][gc,heap     ] GC(183) Eden regions: 606->0(604)
[2025-12-24T15:51:58.868+0000][gc,heap     ] GC(183) Survivor regions: 8->10(77)
[2025-12-24T15:51:58.868+0000][gc,heap     ] GC(183) Old regions: 54->55
[2025-12-24T15:51:58.868+0000][gc,heap     ] GC(183) Humongous regions: 149->149
[2025-12-24T15:51:58.869+0000][gc,metaspace] GC(183) Metaspace: 15410K(15872K)->15410K(15872K) NonClass: 13791K(13952K)->13791K(13952K) Class: 1619K(1920K)->1619K(1920K)
[2025-12-24T15:51:58.869+0000][gc          ] GC(183) Pause Young (Normal) (G1 Evacuation Pause) 816M->212M(1024M) 12.366ms
[2025-12-24T15:51:58.869+0000][gc,cpu      ] GC(183) User=0.07s Sys=0.00s Real=0.01s
[2025-12-24T15:52:34.248+0000][gc,start    ] GC(184) Pause Young (Normal) (G1 Evacuation Pause)
[2025-12-24T15:52:34.252+0000][gc,task     ] GC(184) Using 8 workers of 8 for evacuation
[2025-12-24T15:52:34.274+0000][gc,phases   ] GC(184)   Pre Evacuate Collection Set: 2.1ms
[2025-12-24T15:52:34.274+0000][gc,phases   ] GC(184)   Merge Heap Roots: 0.4ms
[2025-12-24T15:52:34.274+0000][gc,phases   ] GC(184)   Evacuate Collection Set: 14.7ms
[2025-12-24T15:52:34.274+0000][gc,phases   ] GC(184)   Post Evacuate Collection Set: 4.2ms
[2025-12-24T15:52:34.275+0000][gc,phases   ] GC(184)   Other: 0.7ms
[2025-12-24T15:52:34.275+0000][gc,heap     ] GC(184) Eden regions: 604->0(609)
[2025-12-24T15:52:34.275+0000][gc,heap     ] GC(184) Survivor regions: 10->5(77)
[2025-12-24T15:52:34.275+0000][gc,heap     ] GC(184) Old regions: 55->55
[2025-12-24T15:52:34.275+0000][gc,heap     ] GC(184) Humongous regions: 149->149
[2025-12-24T15:52:34.275+0000][gc,metaspace] GC(184) Metaspace: 15410K(15872K)->15410K(15872K) NonClass: 13791K(13952K)->13791K(13952K) Class: 1619K(1920K)->1619K(1920K)
[2025-12-24T15:52:34.275+0000][gc          ] GC(184) Pause Young (Normal) (G1 Evacuation Pause) 816M->207M(1024M) 27.823ms
[2025-12-24T15:52:34.275+0000][gc,cpu      ] GC(184) User=0.13s Sys=0.01s Real=0.03s
[2025-12-24T15:53:08.945+0000][gc,start    ] GC(185) Pause Young (Normal) (G1 Evacuation Pause)
[2025-12-24T15:53:08.945+0000][gc,task     ] GC(185) Using 8 workers of 8 for evacuation
[2025-12-24T15:53:08.958+0000][gc,phases   ] GC(185)   Pre Evacuate Collection Set: 1.2ms
[2025-12-24T15:53:08.958+0000][gc,phases   ] GC(185)   Merge Heap Roots: 0.3ms
[2025-12-24T15:53:08.958+0000][gc,phases   ] GC(185)   Evacuate Collection Set: 9.4ms
[2025-12-24T15:53:08.958+0000][gc,phases   ] GC(185)   Post Evacuate Collection Set: 1.2ms
[2025-12-24T15:53:08.958+0000][gc,phases   ] GC(185)   Other: 0.3ms
[2025-12-24T15:53:08.958+0000][gc,heap     ] GC(185) Eden regions: 609->0(608)
[2025-12-24T15:53:08.958+0000][gc,heap     ] GC(185) Survivor regions: 5->6(77)
[2025-12-24T15:53:08.958+0000][gc,heap     ] GC(185) Old regions: 55->55
[2025-12-24T15:53:08.958+0000][gc,heap     ] GC(185) Humongous regions: 149->149
[2025-12-24T15:53:08.958+0000][gc,metaspace] GC(185) Metaspace: 15410K(15872K)->15410K(15872K) NonClass: 13791K(13952K)->13791K(13952K) Class: 1619K(1920K)->1619K(1920K)
[2025-12-24T15:53:08.958+0000][gc          ] GC(185) Pause Young (Normal) (G1 Evacuation Pause) 816M->209M(1024M) 13.617ms
[2025-12-24T15:53:08.958+0000][gc,cpu      ] GC(185) User=0.07s Sys=0.00s Real=0.02s
[2025-12-24T15:53:39.166+0000][gc,start    ] GC(186) Pause Young (Normal) (G1 Evacuation Pause)
[2025-12-24T15:53:39.167+0000][gc,task     ] GC(186) Using 8 workers of 8 for evacuation
[2025-12-24T15:53:39.187+0000][gc,phases   ] GC(186)   Pre Evacuate Collection Set: 1.0ms
[2025-12-24T15:53:39.187+0000][gc,phases   ] GC(186)   Merge Heap Roots: 0.3ms
[2025-12-24T15:53:39.187+0000][gc,phases   ] GC(186)   Evacuate Collection Set: 17.3ms
[2025-12-24T15:53:39.187+0000][gc,phases   ] GC(186)   Post Evacuate Collection Set: 1.0ms
[2025-12-24T15:53:39.187+0000][gc,phases   ] GC(186)   Other: 0.3ms
[2025-12-24T15:53:39.187+0000][gc,heap     ] GC(186) Eden regions: 608->0(606)
[2025-12-24T15:53:39.187+0000][gc,heap     ] GC(186) Survivor regions: 6->8(77)
[2025-12-24T15:53:39.187+0000][gc,heap     ] GC(186) Old regions: 55->55
[2025-12-24T15:53:39.187+0000][gc,heap     ] GC(186) Humongous regions: 149->149
[2025-12-24T15:53:39.187+0000][gc,metaspace] GC(186) Metaspace: 15410K(15872K)->15410K(15872K) NonClass: 13791K(13952K)->13791K(13952K) Class: 1619K(1920K)->1619K(1920K)
[2025-12-24T15:53:39.187+0000][gc          ] GC(186) Pause Young (Normal) (G1 Evacuation Pause) 817M->211M(1024M) 21.105ms
[2025-12-24T15:53:39.188+0000][gc,cpu      ] GC(186) User=0.13s Sys=0.01s Real=0.02s
[2025-12-24T15:54:18.793+0000][gc,start    ] GC(187) Pause Young (Normal) (G1 Evacuation Pause)
[2025-12-24T15:54:18.793+0000][gc,task     ] GC(187) Using 8 workers of 8 for evacuation
[2025-12-24T15:54:18.807+0000][gc,phases   ] GC(187)   Pre Evacuate Collection Set: 1.2ms
[2025-12-24T15:54:18.807+0000][gc,phases   ] GC(187)   Merge Heap Roots: 0.2ms
[2025-12-24T15:54:18.807+0000][gc,phases   ] GC(187)   Evacuate Collection Set: 10.7ms
[2025-12-24T15:54:18.807+0000][gc,phases   ] GC(187)   Post Evacuate Collection Set: 1.1ms
[2025-12-24T15:54:18.807+0000][gc,phases   ] GC(187)   Other: 0.2ms
[2025-12-24T15:54:18.807+0000][gc,heap     ] GC(187) Eden regions: 606->0(606)
[2025-12-24T15:54:18.807+0000][gc,heap     ] GC(187) Survivor regions: 8->8(77)
[2025-12-24T15:54:18.807+0000][gc,heap     ] GC(187) Old regions: 55->55
[2025-12-24T15:54:18.807+0000][gc,heap     ] GC(187) Humongous regions: 149->149
[2025-12-24T15:54:18.807+0000][gc,metaspace] GC(187) Metaspace: 15410K(15872K)->15410K(15872K) NonClass: 13791K(13952K)->13791K(13952K) Class: 1619K(1920K)->1619K(1920K)
[2025-12-24T15:54:18.808+0000][gc          ] GC(187) Pause Young (Normal) (G1 Evacuation Pause) 817M->211M(1024M) 14.638ms
[2025-12-24T15:54:18.808+0000][gc,cpu      ] GC(187) User=0.08s Sys=0.00s Real=0.02s
[2025-12-24T15:54:49.046+0000][gc,start    ] GC(188) Pause Young (Normal) (G1 Evacuation Pause)
[2025-12-24T15:54:49.046+0000][gc,task     ] GC(188) Using 8 workers of 8 for evacuation
[2025-12-24T15:54:49.058+0000][gc,phases   ] GC(188)   Pre Evacuate Collection Set: 1.0ms
[2025-12-24T15:54:49.058+0000][gc,phases   ] GC(188)   Merge Heap Roots: 0.2ms
[2025-12-24T15:54:49.058+0000][gc,phases   ] GC(188)   Evacuate Collection Set: 8.9ms
[2025-12-24T15:54:49.058+0000][gc,phases   ] GC(188)   Post Evacuate Collection Set: 1.0ms
[2025-12-24T15:54:49.058+0000][gc,phases   ] GC(188)   Other: 0.3ms
[2025-12-24T15:54:49.058+0000][gc,heap     ] GC(188) Eden regions: 606->0(605)
[2025-12-24T15:54:49.058+0000][gc,heap     ] GC(188) Survivor regions: 8->9(77)
[2025-12-24T15:54:49.058+0000][gc,heap     ] GC(188) Old regions: 55->56
[2025-12-24T15:54:49.058+0000][gc,heap     ] GC(188) Humongous regions: 149->149
[2025-12-24T15:54:49.058+0000][gc,metaspace] GC(188) Metaspace: 15410K(15872K)->15410K(15872K) NonClass: 13791K(13952K)->13791K(13952K) Class: 1619K(1920K)->1619K(1920K)
[2025-12-24T15:54:49.058+0000][gc          ] GC(188) Pause Young (Normal) (G1 Evacuation Pause) 817M->213M(1024M) 12.595ms
[2025-12-24T15:54:49.058+0000][gc,cpu      ] GC(188) User=0.08s Sys=0.00s Real=0.02s
[2025-12-24T15:55:28.698+0000][gc,start    ] GC(189) Pause Young (Normal) (G1 Evacuation Pause)
[2025-12-24T15:55:28.698+0000][gc,task     ] GC(189) Using 8 workers of 8 for evacuation
[2025-12-24T15:55:28.715+0000][gc,phases   ] GC(189)   Pre Evacuate Collection Set: 2.1ms
[2025-12-24T15:55:28.715+0000][gc,phases   ] GC(189)   Merge Heap Roots: 0.5ms
[2025-12-24T15:55:28.715+0000][gc,phases   ] GC(189)   Evacuate Collection Set: 12.7ms
[2025-12-24T15:55:28.715+0000][gc,phases   ] GC(189)   Post Evacuate Collection Set: 0.9ms
[2025-12-24T15:55:28.715+0000][gc,phases   ] GC(189)   Other: 0.2ms
[2025-12-24T15:55:28.715+0000][gc,heap     ] GC(189) Eden regions: 605->0(606)
[2025-12-24T15:55:28.715+0000][gc,heap     ] GC(189) Survivor regions: 9->8(77)
[2025-12-24T15:55:28.715+0000][gc,heap     ] GC(189) Old regions: 56->56
[2025-12-24T15:55:28.715+0000][gc,heap     ] GC(189) Humongous regions: 149->149
[2025-12-24T15:55:28.715+0000][gc,metaspace] GC(189) Metaspace: 15439K(15936K)->15439K(15936K) NonClass: 13820K(14016K)->13820K(14016K) Class: 1619K(1920K)->1619K(1920K)
[2025-12-24T15:55:28.715+0000][gc          ] GC(189) Pause Young (Normal) (G1 Evacuation Pause) 818M->212M(1024M) 17.291ms
[2025-12-24T15:55:28.715+0000][gc,cpu      ] GC(189) User=0.11s Sys=0.00s Real=0.02s
[2025-12-24T15:55:58.955+0000][gc,start    ] GC(190) Pause Young (Normal) (G1 Evacuation Pause)
[2025-12-24T15:55:58.956+0000][gc,task     ] GC(190) Using 8 workers of 8 for evacuation
[2025-12-24T15:55:58.975+0000][gc,phases   ] GC(190)   Pre Evacuate Collection Set: 1.4ms
[2025-12-24T15:55:58.976+0000][gc,phases   ] GC(190)   Merge Heap Roots: 0.3ms
[2025-12-24T15:55:58.976+0000][gc,phases   ] GC(190)   Evacuate Collection Set: 16.9ms
[2025-12-24T15:55:58.976+0000][gc,phases   ] GC(190)   Post Evacuate Collection Set: 1.0ms
[2025-12-24T15:55:58.976+0000][gc,phases   ] GC(190)   Other: 0.2ms
[2025-12-24T15:55:58.976+0000][gc,heap     ] GC(190) Eden regions: 606->0(604)
[2025-12-24T15:55:58.976+0000][gc,heap     ] GC(190) Survivor regions: 8->10(77)
[2025-12-24T15:55:58.976+0000][gc,heap     ] GC(190) Old regions: 56->56
[2025-12-24T15:55:58.976+0000][gc,heap     ] GC(190) Humongous regions: 149->149
[2025-12-24T15:55:58.976+0000][gc,metaspace] GC(190) Metaspace: 15439K(15936K)->15439K(15936K) NonClass: 13820K(14016K)->13820K(14016K) Class: 1619K(1920K)->1619K(1920K)
[2025-12-24T15:55:58.976+0000][gc          ] GC(190) Pause Young (Normal) (G1 Evacuation Pause) 818M->214M(1024M) 20.915ms
[2025-12-24T15:55:58.976+0000][gc,cpu      ] GC(190) User=0.14s Sys=0.00s Real=0.02s
[2025-12-24T15:56:38.628+0000][gc,start    ] GC(191) Pause Young (Normal) (G1 Evacuation Pause)
[2025-12-24T15:56:38.628+0000][gc,task     ] GC(191) Using 8 workers of 8 for evacuation
[2025-12-24T15:56:38.647+0000][gc,phases   ] GC(191)   Pre Evacuate Collection Set: 1.3ms
[2025-12-24T15:56:38.648+0000][gc,phases   ] GC(191)   Merge Heap Roots: 0.3ms
[2025-12-24T15:56:38.648+0000][gc,phases   ] GC(191)   Evacuate Collection Set: 16.1ms
[2025-12-24T15:56:38.648+0000][gc,phases   ] GC(191)   Post Evacuate Collection Set: 1.2ms
[2025-12-24T15:56:38.648+0000][gc,phases   ] GC(191)   Other: 0.2ms
[2025-12-24T15:56:38.648+0000][gc,heap     ] GC(191) Eden regions: 604->0(609)
[2025-12-24T15:56:38.648+0000][gc,heap     ] GC(191) Survivor regions: 10->5(77)
[2025-12-24T15:56:38.648+0000][gc,heap     ] GC(191) Old regions: 56->56
[2025-12-24T15:56:38.648+0000][gc,heap     ] GC(191) Humongous regions: 149->149
[2025-12-24T15:56:38.648+0000][gc,metaspace] GC(191) Metaspace: 15442K(15936K)->15442K(15936K) NonClass: 13823K(14016K)->13823K(14016K) Class: 1619K(1920K)->1619K(1920K)
[2025-12-24T15:56:38.648+0000][gc          ] GC(191) Pause Young (Normal) (G1 Evacuation Pause) 818M->209M(1024M) 20.224ms
[2025-12-24T15:56:38.648+0000][gc,cpu      ] GC(191) User=0.12s Sys=0.00s Real=0.02s
[2025-12-24T15:57:08.849+0000][gc,start    ] GC(192) Pause Young (Normal) (G1 Evacuation Pause)
[2025-12-24T15:57:08.849+0000][gc,task     ] GC(192) Using 8 workers of 8 for evacuation
[2025-12-24T15:57:08.858+0000][gc,phases   ] GC(192)   Pre Evacuate Collection Set: 1.0ms
[2025-12-24T15:57:08.858+0000][gc,phases   ] GC(192)   Merge Heap Roots: 0.2ms
[2025-12-24T15:57:08.858+0000][gc,phases   ] GC(192)   Evacuate Collection Set: 6.2ms
[2025-12-24T15:57:08.858+0000][gc,phases   ] GC(192)   Post Evacuate Collection Set: 0.9ms
[2025-12-24T15:57:08.858+0000][gc,phases   ] GC(192)   Other: 0.1ms
[2025-12-24T15:57:08.858+0000][gc,heap     ] GC(192) Eden regions: 609->0(608)
[2025-12-24T15:57:08.858+0000][gc,heap     ] GC(192) Survivor regions: 5->6(77)
[2025-12-24T15:57:08.858+0000][gc,heap     ] GC(192) Old regions: 56->57
[2025-12-24T15:57:08.858+0000][gc,heap     ] GC(192) Humongous regions: 149->149
[2025-12-24T15:57:08.858+0000][gc,metaspace] GC(192) Metaspace: 15442K(15936K)->15442K(15936K) NonClass: 13823K(14016K)->13823K(14016K) Class: 1619K(1920K)->1619K(1920K)
[2025-12-24T15:57:08.858+0000][gc          ] GC(192) Pause Young (Normal) (G1 Evacuation Pause) 818M->211M(1024M) 9.304ms
[2025-12-24T15:57:08.858+0000][gc,cpu      ] GC(192) User=0.05s Sys=0.01s Real=0.01s
[2025-12-24T15:57:39.097+0000][gc,start    ] GC(193) Pause Young (Normal) (G1 Evacuation Pause)
[2025-12-24T15:57:39.097+0000][gc,task     ] GC(193) Using 8 workers of 8 for evacuation
[2025-12-24T15:57:39.108+0000][gc,phases   ] GC(193)   Pre Evacuate Collection Set: 1.0ms
[2025-12-24T15:57:39.108+0000][gc,phases   ] GC(193)   Merge Heap Roots: 0.2ms
[2025-12-24T15:57:39.108+0000][gc,phases   ] GC(193)   Evacuate Collection Set: 8.3ms
[2025-12-24T15:57:39.109+0000][gc,phases   ] GC(193)   Post Evacuate Collection Set: 1.3ms
[2025-12-24T15:57:39.109+0000][gc,phases   ] GC(193)   Other: 0.2ms
[2025-12-24T15:57:39.109+0000][gc,heap     ] GC(193) Eden regions: 608->0(606)
[2025-12-24T15:57:39.109+0000][gc,heap     ] GC(193) Survivor regions: 6->8(77)
[2025-12-24T15:57:39.109+0000][gc,heap     ] GC(193) Old regions: 57->57
[2025-12-24T15:57:39.109+0000][gc,heap     ] GC(193) Humongous regions: 149->149
[2025-12-24T15:57:39.109+0000][gc,metaspace] GC(193) Metaspace: 15442K(15936K)->15442K(15936K) NonClass: 13823K(14016K)->13823K(14016K) Class: 1619K(1920K)->1619K(1920K)
[2025-12-24T15:57:39.109+0000][gc          ] GC(193) Pause Young (Normal) (G1 Evacuation Pause) 819M->212M(1024M) 12.049ms
[2025-12-24T15:57:39.109+0000][gc,cpu      ] GC(193) User=0.07s Sys=0.00s Real=0.01s
[2025-12-24T15:58:18.795+0000][gc,start    ] GC(194) Pause Young (Normal) (G1 Evacuation Pause)
[2025-12-24T15:58:18.796+0000][gc,task     ] GC(194) Using 8 workers of 8 for evacuation
[2025-12-24T15:58:18.811+0000][gc,phases   ] GC(194)   Pre Evacuate Collection Set: 2.1ms
[2025-12-24T15:58:18.811+0000][gc,phases   ] GC(194)   Merge Heap Roots: 0.3ms
[2025-12-24T15:58:18.811+0000][gc,phases   ] GC(194)   Evacuate Collection Set: 10.4ms
[2025-12-24T15:58:18.812+0000][gc,phases   ] GC(194)   Post Evacuate Collection Set: 1.7ms
[2025-12-24T15:58:18.812+0000][gc,phases   ] GC(194)   Other: 0.5ms
[2025-12-24T15:58:18.812+0000][gc,heap     ] GC(194) Eden regions: 606->0(607)
[2025-12-24T15:58:18.812+0000][gc,heap     ] GC(194) Survivor regions: 8->7(77)
[2025-12-24T15:58:18.812+0000][gc,heap     ] GC(194) Old regions: 57->57
[2025-12-24T15:58:18.812+0000][gc,heap     ] GC(194) Humongous regions: 149->149
[2025-12-24T15:58:18.812+0000][gc,metaspace] GC(194) Metaspace: 15442K(15936K)->15442K(15936K) NonClass: 13823K(14016K)->13823K(14016K) Class: 1619K(1920K)->1619K(1920K)
[2025-12-24T15:58:18.812+0000][gc          ] GC(194) Pause Young (Normal) (G1 Evacuation Pause) 818M->212M(1024M) 18.122ms
[2025-12-24T15:58:18.812+0000][gc,cpu      ] GC(194) User=0.10s Sys=0.00s Real=0.02s
[2025-12-24T15:58:49.034+0000][gc,start    ] GC(195) Pause Young (Normal) (G1 Evacuation Pause)
[2025-12-24T15:58:49.034+0000][gc,task     ] GC(195) Using 8 workers of 8 for evacuation
[2025-12-24T15:58:49.047+0000][gc,phases   ] GC(195)   Pre Evacuate Collection Set: 1.0ms
[2025-12-24T15:58:49.048+0000][gc,phases   ] GC(195)   Merge Heap Roots: 0.2ms
[2025-12-24T15:58:49.048+0000][gc,phases   ] GC(195)   Evacuate Collection Set: 10.7ms
[2025-12-24T15:58:49.048+0000][gc,phases   ] GC(195)   Post Evacuate Collection Set: 1.0ms
[2025-12-24T15:58:49.048+0000][gc,phases   ] GC(195)   Other: 0.2ms
[2025-12-24T15:58:49.048+0000][gc,heap     ] GC(195) Eden regions: 607->0(605)
[2025-12-24T15:58:49.048+0000][gc,heap     ] GC(195) Survivor regions: 7->9(77)
[2025-12-24T15:58:49.048+0000][gc,heap     ] GC(195) Old regions: 57->57
[2025-12-24T15:58:49.048+0000][gc,heap     ] GC(195) Humongous regions: 149->149
[2025-12-24T15:58:49.048+0000][gc,metaspace] GC(195) Metaspace: 15442K(15936K)->15442K(15936K) NonClass: 13823K(14016K)->13823K(14016K) Class: 1619K(1920K)->1619K(1920K)
[2025-12-24T15:58:49.048+0000][gc          ] GC(195) Pause Young (Normal) (G1 Evacuation Pause) 819M->214M(1024M) 14.333ms
[2025-12-24T15:58:49.048+0000][gc,cpu      ] GC(195) User=0.08s Sys=0.01s Real=0.01s
[2025-12-24T15:59:28.746+0000][gc,start    ] GC(196) Pause Young (Normal) (G1 Evacuation Pause)
[2025-12-24T15:59:28.746+0000][gc,task     ] GC(196) Using 8 workers of 8 for evacuation
[2025-12-24T15:59:28.763+0000][gc,phases   ] GC(196)   Pre Evacuate Collection Set: 1.0ms
[2025-12-24T15:59:28.763+0000][gc,phases   ] GC(196)   Merge Heap Roots: 0.3ms
[2025-12-24T15:59:28.763+0000][gc,phases   ] GC(196)   Evacuate Collection Set: 12.9ms
[2025-12-24T15:59:28.763+0000][gc,phases   ] GC(196)   Post Evacuate Collection Set: 1.4ms
[2025-12-24T15:59:28.764+0000][gc,phases   ] GC(196)   Other: 0.5ms
[2025-12-24T15:59:28.764+0000][gc,heap     ] GC(196) Eden regions: 605->0(606)
[2025-12-24T15:59:28.764+0000][gc,heap     ] GC(196) Survivor regions: 9->8(77)
[2025-12-24T15:59:28.764+0000][gc,heap     ] GC(196) Old regions: 57->58
[2025-12-24T15:59:28.764+0000][gc,heap     ] GC(196) Humongous regions: 149->149
[2025-12-24T15:59:28.764+0000][gc,metaspace] GC(196) Metaspace: 15443K(15936K)->15443K(15936K) NonClass: 13823K(14016K)->13823K(14016K) Class: 1619K(1920K)->1619K(1920K)
[2025-12-24T15:59:28.765+0000][gc          ] GC(196) Pause Young (Normal) (G1 Evacuation Pause) 819M->213M(1024M) 18.769ms
[2025-12-24T15:59:28.765+0000][gc,cpu      ] GC(196) User=0.11s Sys=0.01s Real=0.02s
[2025-12-24T15:59:58.961+0000][gc,start    ] GC(197) Pause Young (Normal) (G1 Evacuation Pause)
[2025-12-24T15:59:58.962+0000][gc,task     ] GC(197) Using 8 workers of 8 for evacuation
[2025-12-24T15:59:58.975+0000][gc,phases   ] GC(197)   Pre Evacuate Collection Set: 0.9ms
[2025-12-24T15:59:58.975+0000][gc,phases   ] GC(197)   Merge Heap Roots: 0.2ms
[2025-12-24T15:59:58.975+0000][gc,phases   ] GC(197)   Evacuate Collection Set: 11.1ms
[2025-12-24T15:59:58.975+0000][gc,phases   ] GC(197)   Post Evacuate Collection Set: 0.9ms
[2025-12-24T15:59:58.975+0000][gc,phases   ] GC(197)   Other: 0.2ms
[2025-12-24T15:59:58.975+0000][gc,heap     ] GC(197) Eden regions: 606->0(604)
[2025-12-24T15:59:58.976+0000][gc,heap     ] GC(197) Survivor regions: 8->10(77)
[2025-12-24T15:59:58.976+0000][gc,heap     ] GC(197) Old regions: 58->58
[2025-12-24T15:59:58.976+0000][gc,heap     ] GC(197) Humongous regions: 149->149
[2025-12-24T15:59:58.976+0000][gc,metaspace] GC(197) Metaspace: 15443K(15936K)->15443K(15936K) NonClass: 13823K(14016K)->13823K(14016K) Class: 1619K(1920K)->1619K(1920K)
[2025-12-24T15:59:58.977+0000][gc          ] GC(197) Pause Young (Normal) (G1 Evacuation Pause) 819M->215M(1024M) 15.462ms
[2025-12-24T15:59:58.977+0000][gc,cpu      ] GC(197) User=0.07s Sys=0.00s Real=0.01s
[2025-12-24T16:00:38.656+0000][gc,start    ] GC(198) Pause Young (Normal) (G1 Evacuation Pause)
[2025-12-24T16:00:38.657+0000][gc,task     ] GC(198) Using 8 workers of 8 for evacuation
[2025-12-24T16:00:38.675+0000][gc,phases   ] GC(198)   Pre Evacuate Collection Set: 1.4ms
[2025-12-24T16:00:38.675+0000][gc,phases   ] GC(198)   Merge Heap Roots: 0.7ms
[2025-12-24T16:00:38.675+0000][gc,phases   ] GC(198)   Evacuate Collection Set: 14.7ms
[2025-12-24T16:00:38.675+0000][gc,phases   ] GC(198)   Post Evacuate Collection Set: 1.0ms
[2025-12-24T16:00:38.675+0000][gc,phases   ] GC(198)   Other: 0.2ms
[2025-12-24T16:00:38.675+0000][gc,heap     ] GC(198) Eden regions: 604->0(609)
[2025-12-24T16:00:38.675+0000][gc,heap     ] GC(198) Survivor regions: 10->5(77)
[2025-12-24T16:00:38.675+0000][gc,heap     ] GC(198) Old regions: 58->58
[2025-12-24T16:00:38.675+0000][gc,heap     ] GC(198) Humongous regions: 149->149
[2025-12-24T16:00:38.675+0000][gc,metaspace] GC(198) Metaspace: 15443K(15936K)->15443K(15936K) NonClass: 13823K(14016K)->13823K(14016K) Class: 1619K(1920K)->1619K(1920K)
[2025-12-24T16:00:38.676+0000][gc          ] GC(198) Pause Young (Normal) (G1 Evacuation Pause) 819M->210M(1024M) 19.076ms
[2025-12-24T16:00:38.676+0000][gc,cpu      ] GC(198) User=0.09s Sys=0.00s Real=0.02s
[2025-12-24T16:01:08.888+0000][gc,start    ] GC(199) Pause Young (Normal) (G1 Evacuation Pause)
[2025-12-24T16:01:08.889+0000][gc,task     ] GC(199) Using 8 workers of 8 for evacuation
[2025-12-24T16:01:08.901+0000][gc,phases   ] GC(199)   Pre Evacuate Collection Set: 0.9ms
[2025-12-24T16:01:08.901+0000][gc,phases   ] GC(199)   Merge Heap Roots: 0.2ms
[2025-12-24T16:01:08.901+0000][gc,phases   ] GC(199)   Evacuate Collection Set: 9.4ms
[2025-12-24T16:01:08.901+0000][gc,phases   ] GC(199)   Post Evacuate Collection Set: 1.0ms
[2025-12-24T16:01:08.902+0000][gc,phases   ] GC(199)   Other: 0.2ms
[2025-12-24T16:01:08.902+0000][gc,heap     ] GC(199) Eden regions: 609->0(608)
[2025-12-24T16:01:08.902+0000][gc,heap     ] GC(199) Survivor regions: 5->6(77)
[2025-12-24T16:01:08.902+0000][gc,heap     ] GC(199) Old regions: 58->58
[2025-12-24T16:01:08.902+0000][gc,heap     ] GC(199) Humongous regions: 149->149
[2025-12-24T16:01:08.902+0000][gc,metaspace] GC(199) Metaspace: 15443K(15936K)->15443K(15936K) NonClass: 13824K(14016K)->13824K(14016K) Class: 1619K(1920K)->1619K(1920K)
[2025-12-24T16:01:08.902+0000][gc          ] GC(199) Pause Young (Normal) (G1 Evacuation Pause) 819M->212M(1024M) 13.527ms
[2025-12-24T16:01:08.902+0000][gc,cpu      ] GC(199) User=0.08s Sys=0.00s Real=0.01s
[2025-12-24T16:01:48.598+0000][gc,start    ] GC(200) Pause Young (Normal) (G1 Evacuation Pause)
[2025-12-24T16:01:48.599+0000][gc,task     ] GC(200) Using 8 workers of 8 for evacuation
[2025-12-24T16:01:48.616+0000][gc,phases   ] GC(200)   Pre Evacuate Collection Set: 1.3ms
[2025-12-24T16:01:48.616+0000][gc,phases   ] GC(200)   Merge Heap Roots: 0.2ms
[2025-12-24T16:01:48.616+0000][gc,phases   ] GC(200)   Evacuate Collection Set: 13.5ms
[2025-12-24T16:01:48.616+0000][gc,phases   ] GC(200)   Post Evacuate Collection Set: 1.8ms
[2025-12-24T16:01:48.616+0000][gc,phases   ] GC(200)   Other: 0.2ms
[2025-12-24T16:01:48.616+0000][gc,heap     ] GC(200) Eden regions: 608->0(608)
[2025-12-24T16:01:48.616+0000][gc,heap     ] GC(200) Survivor regions: 6->6(77)
[2025-12-24T16:01:48.616+0000][gc,heap     ] GC(200) Old regions: 58->58
[2025-12-24T16:01:48.616+0000][gc,heap     ] GC(200) Humongous regions: 149->149
[2025-12-24T16:01:48.616+0000][gc,metaspace] GC(200) Metaspace: 15443K(15936K)->15443K(15936K) NonClass: 13824K(14016K)->13824K(14016K) Class: 1619K(1920K)->1619K(1920K)
[2025-12-24T16:01:48.617+0000][gc          ] GC(200) Pause Young (Normal) (G1 Evacuation Pause) 820M->212M(1024M) 18.158ms
[2025-12-24T16:01:48.617+0000][gc,cpu      ] GC(200) User=0.08s Sys=0.00s Real=0.02s
[2025-12-24T16:02:18.938+0000][gc,start    ] GC(201) Pause Young (Normal) (G1 Evacuation Pause)
[2025-12-24T16:02:18.939+0000][gc,task     ] GC(201) Using 8 workers of 8 for evacuation
[2025-12-24T16:02:18.952+0000][gc,phases   ] GC(201)   Pre Evacuate Collection Set: 1.1ms
[2025-12-24T16:02:18.952+0000][gc,phases   ] GC(201)   Merge Heap Roots: 0.3ms
[2025-12-24T16:02:18.952+0000][gc,phases   ] GC(201)   Evacuate Collection Set: 10.7ms
[2025-12-24T16:02:18.953+0000][gc,phases   ] GC(201)   Post Evacuate Collection Set: 1.0ms
[2025-12-24T16:02:18.953+0000][gc,phases   ] GC(201)   Other: 0.2ms
[2025-12-24T16:02:18.953+0000][gc,heap     ] GC(201) Eden regions: 608->0(607)
[2025-12-24T16:02:18.953+0000][gc,heap     ] GC(201) Survivor regions: 6->7(77)
[2025-12-24T16:02:18.953+0000][gc,heap     ] GC(201) Old regions: 58->59
[2025-12-24T16:02:18.953+0000][gc,heap     ] GC(201) Humongous regions: 149->149
[2025-12-24T16:02:18.953+0000][gc,metaspace] GC(201) Metaspace: 15443K(15936K)->15443K(15936K) NonClass: 13824K(14016K)->13824K(14016K) Class: 1619K(1920K)->1619K(1920K)
[2025-12-24T16:02:18.953+0000][gc          ] GC(201) Pause Young (Normal) (G1 Evacuation Pause) 820M->213M(1024M) 14.575ms
[2025-12-24T16:02:18.953+0000][gc,cpu      ] GC(201) User=0.09s Sys=0.00s Real=0.01s
[2025-12-24T16:02:49.095+0000][gc,start    ] GC(202) Pause Young (Normal) (G1 Evacuation Pause)
[2025-12-24T16:02:49.095+0000][gc,task     ] GC(202) Using 8 workers of 8 for evacuation
[2025-12-24T16:02:49.114+0000][gc,phases   ] GC(202)   Pre Evacuate Collection Set: 0.9ms
[2025-12-24T16:02:49.114+0000][gc,phases   ] GC(202)   Merge Heap Roots: 0.3ms
[2025-12-24T16:02:49.114+0000][gc,phases   ] GC(202)   Evacuate Collection Set: 16.3ms
[2025-12-24T16:02:49.114+0000][gc,phases   ] GC(202)   Post Evacuate Collection Set: 1.1ms
[2025-12-24T16:02:49.114+0000][gc,phases   ] GC(202)   Other: 0.2ms
[2025-12-24T16:02:49.114+0000][gc,heap     ] GC(202) Eden regions: 607->0(605)
[2025-12-24T16:02:49.114+0000][gc,heap     ] GC(202) Survivor regions: 7->9(77)
[2025-12-24T16:02:49.114+0000][gc,heap     ] GC(202) Old regions: 59->59
[2025-12-24T16:02:49.115+0000][gc,heap     ] GC(202) Humongous regions: 149->149
[2025-12-24T16:02:49.115+0000][gc,metaspace] GC(202) Metaspace: 15443K(15936K)->15443K(15936K) NonClass: 13824K(14016K)->13824K(14016K) Class: 1619K(1920K)->1619K(1920K)
[2025-12-24T16:02:49.115+0000][gc          ] GC(202) Pause Young (Normal) (G1 Evacuation Pause) 820M->216M(1024M) 20.147ms
[2025-12-24T16:02:49.115+0000][gc,cpu      ] GC(202) User=0.12s Sys=0.00s Real=0.02s
[2025-12-24T16:03:28.768+0000][gc,start    ] GC(203) Pause Young (Normal) (G1 Evacuation Pause)
[2025-12-24T16:03:28.768+0000][gc,task     ] GC(203) Using 8 workers of 8 for evacuation
[2025-12-24T16:03:28.787+0000][gc,phases   ] GC(203)   Pre Evacuate Collection Set: 1.8ms
[2025-12-24T16:03:28.788+0000][gc,phases   ] GC(203)   Merge Heap Roots: 0.4ms
[2025-12-24T16:03:28.788+0000][gc,phases   ] GC(203)   Evacuate Collection Set: 14.7ms
[2025-12-24T16:03:28.788+0000][gc,phases   ] GC(203)   Post Evacuate Collection Set: 2.1ms
[2025-12-24T16:03:28.788+0000][gc,phases   ] GC(203)   Other: 0.2ms
[2025-12-24T16:03:28.788+0000][gc,heap     ] GC(203) Eden regions: 605->0(606)
[2025-12-24T16:03:28.788+0000][gc,heap     ] GC(203) Survivor regions: 9->8(77)
[2025-12-24T16:03:28.788+0000][gc,heap     ] GC(203) Old regions: 59->59
[2025-12-24T16:03:28.788+0000][gc,heap     ] GC(203) Humongous regions: 149->149
[2025-12-24T16:03:28.788+0000][gc,metaspace] GC(203) Metaspace: 15443K(15936K)->15443K(15936K) NonClass: 13824K(14016K)->13824K(14016K) Class: 1619K(1920K)->1619K(1920K)
[2025-12-24T16:03:28.788+0000][gc          ] GC(203) Pause Young (Normal) (G1 Evacuation Pause) 821M->215M(1024M) 20.224ms
[2025-12-24T16:03:28.788+0000][gc,cpu      ] GC(203) User=0.14s Sys=0.00s Real=0.02s
[2025-12-24T16:03:59.002+0000][gc,start    ] GC(204) Pause Young (Normal) (G1 Evacuation Pause)
[2025-12-24T16:03:59.003+0000][gc,task     ] GC(204) Using 8 workers of 8 for evacuation
[2025-12-24T16:03:59.020+0000][gc,phases   ] GC(204)   Pre Evacuate Collection Set: 1.0ms
[2025-12-24T16:03:59.020+0000][gc,phases   ] GC(204)   Merge Heap Roots: 0.3ms
[2025-12-24T16:03:59.020+0000][gc,phases   ] GC(204)   Evacuate Collection Set: 14.5ms
[2025-12-24T16:03:59.020+0000][gc,phases   ] GC(204)   Post Evacuate Collection Set: 1.0ms
[2025-12-24T16:03:59.020+0000][gc,phases   ] GC(204)   Other: 0.3ms
[2025-12-24T16:03:59.020+0000][gc,heap     ] GC(204) Eden regions: 606->0(604)
[2025-12-24T16:03:59.020+0000][gc,heap     ] GC(204) Survivor regions: 8->10(77)
[2025-12-24T16:03:59.020+0000][gc,heap     ] GC(204) Old regions: 59->59
[2025-12-24T16:03:59.020+0000][gc,heap     ] GC(204) Humongous regions: 149->149
[2025-12-24T16:03:59.020+0000][gc,metaspace] GC(204) Metaspace: 15443K(15936K)->15443K(15936K) NonClass: 13824K(14016K)->13824K(14016K) Class: 1619K(1920K)->1619K(1920K)
[2025-12-24T16:03:59.020+0000][gc          ] GC(204) Pause Young (Normal) (G1 Evacuation Pause) 821M->217M(1024M) 18.621ms
[2025-12-24T16:03:59.021+0000][gc,cpu      ] GC(204) User=0.11s Sys=0.00s Real=0.02s
[2025-12-24T16:04:38.714+0000][gc,start    ] GC(205) Pause Young (Normal) (G1 Evacuation Pause)
[2025-12-24T16:04:38.714+0000][gc,task     ] GC(205) Using 8 workers of 8 for evacuation
[2025-12-24T16:04:38.732+0000][gc,phases   ] GC(205)   Pre Evacuate Collection Set: 1.2ms
[2025-12-24T16:04:38.732+0000][gc,phases   ] GC(205)   Merge Heap Roots: 0.2ms
[2025-12-24T16:04:38.732+0000][gc,phases   ] GC(205)   Evacuate Collection Set: 15.2ms
[2025-12-24T16:04:38.732+0000][gc,phases   ] GC(205)   Post Evacuate Collection Set: 1.3ms
[2025-12-24T16:04:38.732+0000][gc,phases   ] GC(205)   Other: 0.2ms
[2025-12-24T16:04:38.732+0000][gc,heap     ] GC(205) Eden regions: 604->0(605)
[2025-12-24T16:04:38.733+0000][gc,heap     ] GC(205) Survivor regions: 10->9(77)
[2025-12-24T16:04:38.733+0000][gc,heap     ] GC(205) Old regions: 59->60
[2025-12-24T16:04:38.733+0000][gc,heap     ] GC(205) Humongous regions: 149->149
[2025-12-24T16:04:38.733+0000][gc,metaspace] GC(205) Metaspace: 15443K(15936K)->15443K(15936K) NonClass: 13824K(14016K)->13824K(14016K) Class: 1619K(1920K)->1619K(1920K)
[2025-12-24T16:04:38.733+0000][gc          ] GC(205) Pause Young (Normal) (G1 Evacuation Pause) 821M->216M(1024M) 19.362ms
[2025-12-24T16:04:38.733+0000][gc,cpu      ] GC(205) User=0.11s Sys=0.00s Real=0.02s
[2025-12-24T16:18:28.887+0000][gc,start    ] GC(206) Pause Young (Normal) (G1 Evacuation Pause)
[2025-12-24T16:18:28.888+0000][gc,task     ] GC(206) Using 8 workers of 8 for evacuation
[2025-12-24T16:18:28.900+0000][gc,phases   ] GC(206)   Pre Evacuate Collection Set: 0.9ms
[2025-12-24T16:18:28.900+0000][gc,phases   ] GC(206)   Merge Heap Roots: 0.3ms
[2025-12-24T16:18:28.900+0000][gc,phases   ] GC(206)   Evacuate Collection Set: 9.8ms
[2025-12-24T16:18:28.900+0000][gc,phases   ] GC(206)   Post Evacuate Collection Set: 1.0ms
[2025-12-24T16:18:28.900+0000][gc,phases   ] GC(206)   Other: 0.3ms
[2025-12-24T16:18:28.900+0000][gc,heap     ] GC(206) Eden regions: 605->0(607)
[2025-12-24T16:18:28.900+0000][gc,heap     ] GC(206) Survivor regions: 9->7(77)
[2025-12-24T16:18:28.900+0000][gc,heap     ] GC(206) Old regions: 60->60
[2025-12-24T16:18:28.900+0000][gc,heap     ] GC(206) Humongous regions: 151->151
[2025-12-24T16:18:28.900+0000][gc,metaspace] GC(206) Metaspace: 15450K(15936K)->15450K(15936K) NonClass: 13831K(14016K)->13831K(14016K) Class: 1619K(1920K)->1619K(1920K)
[2025-12-24T16:18:28.901+0000][gc          ] GC(206) Pause Young (Normal) (G1 Evacuation Pause) 823M->216M(1024M) 13.196ms
[2025-12-24T16:18:28.901+0000][gc,cpu      ] GC(206) User=0.08s Sys=0.00s Real=0.02s
[2025-12-24T16:19:08.494+0000][gc,start    ] GC(207) Pause Young (Normal) (G1 Evacuation Pause)
[2025-12-24T16:19:08.494+0000][gc,task     ] GC(207) Using 8 workers of 8 for evacuation
[2025-12-24T16:19:08.507+0000][gc,phases   ] GC(207)   Pre Evacuate Collection Set: 1.1ms
[2025-12-24T16:19:08.508+0000][gc,phases   ] GC(207)   Merge Heap Roots: 0.2ms
[2025-12-24T16:19:08.508+0000][gc,phases   ] GC(207)   Evacuate Collection Set: 10.3ms
[2025-12-24T16:19:08.508+0000][gc,phases   ] GC(207)   Post Evacuate Collection Set: 1.2ms
[2025-12-24T16:19:08.508+0000][gc,phases   ] GC(207)   Other: 0.2ms
[2025-12-24T16:19:08.508+0000][gc,heap     ] GC(207) Eden regions: 607->0(609)
[2025-12-24T16:19:08.508+0000][gc,heap     ] GC(207) Survivor regions: 7->5(77)
[2025-12-24T16:19:08.508+0000][gc,heap     ] GC(207) Old regions: 60->60
[2025-12-24T16:19:08.508+0000][gc,heap     ] GC(207) Humongous regions: 151->151
[2025-12-24T16:19:08.508+0000][gc,metaspace] GC(207) Metaspace: 15453K(15936K)->15453K(15936K) NonClass: 13834K(14016K)->13834K(14016K) Class: 1619K(1920K)->1619K(1920K)
[2025-12-24T16:19:08.508+0000][gc          ] GC(207) Pause Young (Normal) (G1 Evacuation Pause) 823M->215M(1024M) 14.163ms
[2025-12-24T16:19:08.508+0000][gc,cpu      ] GC(207) User=0.08s Sys=0.00s Real=0.01s
[2025-12-24T16:19:38.749+0000][gc,start    ] GC(208) Pause Young (Normal) (G1 Evacuation Pause)
[2025-12-24T16:19:38.749+0000][gc,task     ] GC(208) Using 8 workers of 8 for evacuation
[2025-12-24T16:19:38.769+0000][gc,phases   ] GC(208)   Pre Evacuate Collection Set: 4.2ms
[2025-12-24T16:19:38.769+0000][gc,phases   ] GC(208)   Merge Heap Roots: 0.6ms
[2025-12-24T16:19:38.769+0000][gc,phases   ] GC(208)   Evacuate Collection Set: 10.3ms
[2025-12-24T16:19:38.769+0000][gc,phases   ] GC(208)   Post Evacuate Collection Set: 4.1ms
[2025-12-24T16:19:38.769+0000][gc,phases   ] GC(208)   Other: 0.2ms
[2025-12-24T16:19:38.769+0000][gc,heap     ] GC(208) Eden regions: 609->0(607)
[2025-12-24T16:19:38.769+0000][gc,heap     ] GC(208) Survivor regions: 5->7(77)
[2025-12-24T16:19:38.769+0000][gc,heap     ] GC(208) Old regions: 60->60
[2025-12-24T16:19:38.769+0000][gc,heap     ] GC(208) Humongous regions: 151->151
[2025-12-24T16:19:38.769+0000][gc,metaspace] GC(208) Metaspace: 15453K(15936K)->15453K(15936K) NonClass: 13834K(14016K)->13834K(14016K) Class: 1619K(1920K)->1619K(1920K)
[2025-12-24T16:19:38.769+0000][gc          ] GC(208) Pause Young (Normal) (G1 Evacuation Pause) 824M->217M(1024M) 20.784ms
[2025-12-24T16:19:38.770+0000][gc,cpu      ] GC(208) User=0.13s Sys=0.00s Real=0.02s
[2025-12-24T16:20:09.144+0000][gc,start    ] GC(209) Pause Young (Normal) (G1 Evacuation Pause)
[2025-12-24T16:20:09.146+0000][gc,task     ] GC(209) Using 8 workers of 8 for evacuation
[2025-12-24T16:20:09.184+0000][gc,phases   ] GC(209)   Pre Evacuate Collection Set: 2.0ms
[2025-12-24T16:20:09.184+0000][gc,phases   ] GC(209)   Merge Heap Roots: 0.3ms
[2025-12-24T16:20:09.184+0000][gc,phases   ] GC(209)   Evacuate Collection Set: 29.9ms
[2025-12-24T16:20:09.184+0000][gc,phases   ] GC(209)   Post Evacuate Collection Set: 5.3ms
[2025-12-24T16:20:09.184+0000][gc,phases   ] GC(209)   Other: 0.6ms
[2025-12-24T16:20:09.184+0000][gc,heap     ] GC(209) Eden regions: 607->0(605)
[2025-12-24T16:20:09.184+0000][gc,heap     ] GC(209) Survivor regions: 7->9(77)
[2025-12-24T16:20:09.184+0000][gc,heap     ] GC(209) Old regions: 60->61
[2025-12-24T16:20:09.184+0000][gc,heap     ] GC(209) Humongous regions: 151->151
[2025-12-24T16:20:09.184+0000][gc,metaspace] GC(209) Metaspace: 15453K(15936K)->15453K(15936K) NonClass: 13834K(14016K)->13834K(14016K) Class: 1619K(1920K)->1619K(1920K)
[2025-12-24T16:20:09.185+0000][gc          ] GC(209) Pause Young (Normal) (G1 Evacuation Pause) 824M->219M(1024M) 41.079ms
[2025-12-24T16:20:09.185+0000][gc,cpu      ] GC(209) User=0.22s Sys=0.03s Real=0.04s
[2025-12-24T16:20:48.529+0000][gc,start    ] GC(210) Pause Young (Normal) (G1 Evacuation Pause)
[2025-12-24T16:20:48.529+0000][gc,task     ] GC(210) Using 8 workers of 8 for evacuation
[2025-12-24T16:20:48.548+0000][gc,phases   ] GC(210)   Pre Evacuate Collection Set: 1.1ms
[2025-12-24T16:20:48.548+0000][gc,phases   ] GC(210)   Merge Heap Roots: 0.2ms
[2025-12-24T16:20:48.548+0000][gc,phases   ] GC(210)   Evacuate Collection Set: 15.7ms
[2025-12-24T16:20:48.548+0000][gc,phases   ] GC(210)   Post Evacuate Collection Set: 1.2ms
[2025-12-24T16:20:48.548+0000][gc,phases   ] GC(210)   Other: 0.2ms
[2025-12-24T16:20:48.548+0000][gc,heap     ] GC(210) Eden regions: 605->0(606)
[2025-12-24T16:20:48.548+0000][gc,heap     ] GC(210) Survivor regions: 9->8(77)
[2025-12-24T16:20:48.548+0000][gc,heap     ] GC(210) Old regions: 61->61
[2025-12-24T16:20:48.548+0000][gc,heap     ] GC(210) Humongous regions: 151->151
[2025-12-24T16:20:48.548+0000][gc,metaspace] GC(210) Metaspace: 15454K(15936K)->15454K(15936K) NonClass: 13834K(14016K)->13834K(14016K) Class: 1619K(1920K)->1619K(1920K)
[2025-12-24T16:20:48.549+0000][gc          ] GC(210) Pause Young (Normal) (G1 Evacuation Pause) 824M->219M(1024M) 19.618ms
[2025-12-24T16:20:48.549+0000][gc,cpu      ] GC(210) User=0.12s Sys=0.00s Real=0.02s
[2025-12-24T16:21:18.759+0000][gc,start    ] GC(211) Pause Young (Normal) (G1 Evacuation Pause)
[2025-12-24T16:21:18.760+0000][gc,task     ] GC(211) Using 8 workers of 8 for evacuation
[2025-12-24T16:21:18.778+0000][gc,phases   ] GC(211)   Pre Evacuate Collection Set: 5.0ms
[2025-12-24T16:21:18.778+0000][gc,phases   ] GC(211)   Merge Heap Roots: 0.6ms
[2025-12-24T16:21:18.779+0000][gc,phases   ] GC(211)   Evacuate Collection Set: 11.6ms
[2025-12-24T16:21:18.779+0000][gc,phases   ] GC(211)   Post Evacuate Collection Set: 1.2ms
[2025-12-24T16:21:18.779+0000][gc,phases   ] GC(211)   Other: 0.4ms
[2025-12-24T16:21:18.779+0000][gc,heap     ] GC(211) Eden regions: 606->0(604)
[2025-12-24T16:21:18.779+0000][gc,heap     ] GC(211) Survivor regions: 8->10(77)
[2025-12-24T16:21:18.779+0000][gc,heap     ] GC(211) Old regions: 61->61
[2025-12-24T16:21:18.779+0000][gc,heap     ] GC(211) Humongous regions: 151->151
[2025-12-24T16:21:18.779+0000][gc,metaspace] GC(211) Metaspace: 15454K(15936K)->15454K(15936K) NonClass: 13834K(14016K)->13834K(14016K) Class: 1619K(1920K)->1619K(1920K)
[2025-12-24T16:21:18.779+0000][gc          ] GC(211) Pause Young (Normal) (G1 Evacuation Pause) 825M->221M(1024M) 20.135ms
[2025-12-24T16:21:18.779+0000][gc,cpu      ] GC(211) User=0.10s Sys=0.00s Real=0.02s
[2025-12-24T16:21:58.424+0000][gc,start    ] GC(212) Pause Young (Normal) (G1 Evacuation Pause)
[2025-12-24T16:21:58.425+0000][gc,task     ] GC(212) Using 8 workers of 8 for evacuation
[2025-12-24T16:21:58.445+0000][gc,phases   ] GC(212)   Pre Evacuate Collection Set: 1.4ms
[2025-12-24T16:21:58.445+0000][gc,phases   ] GC(212)   Merge Heap Roots: 1.2ms
[2025-12-24T16:21:58.445+0000][gc,phases   ] GC(212)   Evacuate Collection Set: 16.0ms
[2025-12-24T16:21:58.445+0000][gc,phases   ] GC(212)   Post Evacuate Collection Set: 1.4ms
[2025-12-24T16:21:58.445+0000][gc,phases   ] GC(212)   Other: 0.2ms
[2025-12-24T16:21:58.446+0000][gc,heap     ] GC(212) Eden regions: 604->0(603)
[2025-12-24T16:21:58.446+0000][gc,heap     ] GC(212) Survivor regions: 10->11(77)
[2025-12-24T16:21:58.446+0000][gc,heap     ] GC(212) Old regions: 61->61
[2025-12-24T16:21:58.446+0000][gc,heap     ] GC(212) Humongous regions: 151->151
[2025-12-24T16:21:58.446+0000][gc,metaspace] GC(212) Metaspace: 15460K(15936K)->15460K(15936K) NonClass: 13838K(14016K)->13838K(14016K) Class: 1622K(1920K)->1622K(1920K)
[2025-12-24T16:21:58.446+0000][gc          ] GC(212) Pause Young (Normal) (G1 Evacuation Pause) 825M->222M(1024M) 21.689ms
[2025-12-24T16:21:58.446+0000][gc,cpu      ] GC(212) User=0.12s Sys=0.01s Real=0.02s
[2025-12-24T16:22:28.659+0000][gc,start    ] GC(213) Pause Young (Normal) (G1 Evacuation Pause)
[2025-12-24T16:22:28.660+0000][gc,task     ] GC(213) Using 8 workers of 8 for evacuation
[2025-12-24T16:22:28.679+0000][gc,phases   ] GC(213)   Pre Evacuate Collection Set: 1.1ms
[2025-12-24T16:22:28.679+0000][gc,phases   ] GC(213)   Merge Heap Roots: 0.2ms
[2025-12-24T16:22:28.679+0000][gc,phases   ] GC(213)   Evacuate Collection Set: 16.2ms
[2025-12-24T16:22:28.679+0000][gc,phases   ] GC(213)   Post Evacuate Collection Set: 1.1ms
[2025-12-24T16:22:28.679+0000][gc,phases   ] GC(213)   Other: 0.3ms
[2025-12-24T16:22:28.680+0000][gc,heap     ] GC(213) Eden regions: 603->0(607)
[2025-12-24T16:22:28.680+0000][gc,heap     ] GC(213) Survivor regions: 11->7(77)
[2025-12-24T16:22:28.680+0000][gc,heap     ] GC(213) Old regions: 61->62
[2025-12-24T16:22:28.680+0000][gc,heap     ] GC(213) Humongous regions: 151->151
[2025-12-24T16:22:28.680+0000][gc,metaspace] GC(213) Metaspace: 15513K(15936K)->15513K(15936K) NonClass: 13880K(14016K)->13880K(14016K) Class: 1633K(1920K)->1633K(1920K)
[2025-12-24T16:22:28.680+0000][gc          ] GC(213) Pause Young (Normal) (G1 Evacuation Pause) 825M->219M(1024M) 20.865ms
[2025-12-24T16:22:28.680+0000][gc,cpu      ] GC(213) User=0.14s Sys=0.00s Real=0.02s
[2025-12-24T16:23:08.340+0000][gc,start    ] GC(214) Pause Young (Normal) (G1 Evacuation Pause)
[2025-12-24T16:23:08.340+0000][gc,task     ] GC(214) Using 8 workers of 8 for evacuation
[2025-12-24T16:23:08.360+0000][gc,phases   ] GC(214)   Pre Evacuate Collection Set: 3.6ms
[2025-12-24T16:23:08.360+0000][gc,phases   ] GC(214)   Merge Heap Roots: 0.9ms
[2025-12-24T16:23:08.360+0000][gc,phases   ] GC(214)   Evacuate Collection Set: 13.4ms
[2025-12-24T16:23:08.360+0000][gc,phases   ] GC(214)   Post Evacuate Collection Set: 2.0ms
[2025-12-24T16:23:08.360+0000][gc,phases   ] GC(214)   Other: 0.2ms
[2025-12-24T16:23:08.361+0000][gc,heap     ] GC(214) Eden regions: 607->0(607)
[2025-12-24T16:23:08.361+0000][gc,heap     ] GC(214) Survivor regions: 7->7(77)
[2025-12-24T16:23:08.361+0000][gc,heap     ] GC(214) Old regions: 62->62
[2025-12-24T16:23:08.361+0000][gc,heap     ] GC(214) Humongous regions: 151->151
[2025-12-24T16:23:08.361+0000][gc,metaspace] GC(214) Metaspace: 15513K(15936K)->15513K(15936K) NonClass: 13880K(14016K)->13880K(14016K) Class: 1633K(1920K)->1633K(1920K)
[2025-12-24T16:23:08.361+0000][gc          ] GC(214) Pause Young (Normal) (G1 Evacuation Pause) 826M->218M(1024M) 21.576ms
[2025-12-24T16:23:08.361+0000][gc,cpu      ] GC(214) User=0.12s Sys=0.00s Real=0.03s
[2025-12-24T16:23:38.606+0000][gc,start    ] GC(215) Pause Young (Normal) (G1 Evacuation Pause)
[2025-12-24T16:23:38.606+0000][gc,task     ] GC(215) Using 8 workers of 8 for evacuation
[2025-12-24T16:23:38.621+0000][gc,phases   ] GC(215)   Pre Evacuate Collection Set: 1.1ms
[2025-12-24T16:23:38.621+0000][gc,phases   ] GC(215)   Merge Heap Roots: 0.3ms
[2025-12-24T16:23:38.621+0000][gc,phases   ] GC(215)   Evacuate Collection Set: 11.9ms
[2025-12-24T16:23:38.621+0000][gc,phases   ] GC(215)   Post Evacuate Collection Set: 1.2ms
[2025-12-24T16:23:38.621+0000][gc,phases   ] GC(215)   Other: 0.2ms
[2025-12-24T16:23:38.621+0000][gc,heap     ] GC(215) Eden regions: 607->0(606)
[2025-12-24T16:23:38.621+0000][gc,heap     ] GC(215) Survivor regions: 7->8(77)
[2025-12-24T16:23:38.621+0000][gc,heap     ] GC(215) Old regions: 62->62
[2025-12-24T16:23:38.621+0000][gc,heap     ] GC(215) Humongous regions: 151->151
[2025-12-24T16:23:38.621+0000][gc,metaspace] GC(215) Metaspace: 15513K(15936K)->15513K(15936K) NonClass: 13880K(14016K)->13880K(14016K) Class: 1633K(1920K)->1633K(1920K)
[2025-12-24T16:23:38.622+0000][gc          ] GC(215) Pause Young (Normal) (G1 Evacuation Pause) 825M->220M(1024M) 16.006ms
[2025-12-24T16:23:38.622+0000][gc,cpu      ] GC(215) User=0.09s Sys=0.01s Real=0.02s
[2025-12-24T16:24:08.929+0000][gc,start    ] GC(216) Pause Young (Normal) (G1 Evacuation Pause)
[2025-12-24T16:24:08.930+0000][gc,task     ] GC(216) Using 8 workers of 8 for evacuation
[2025-12-24T16:24:08.944+0000][gc,phases   ] GC(216)   Pre Evacuate Collection Set: 1.0ms
[2025-12-24T16:24:08.944+0000][gc,phases   ] GC(216)   Merge Heap Roots: 0.3ms
[2025-12-24T16:24:08.944+0000][gc,phases   ] GC(216)   Evacuate Collection Set: 11.8ms
[2025-12-24T16:24:08.944+0000][gc,phases   ] GC(216)   Post Evacuate Collection Set: 1.1ms
[2025-12-24T16:24:08.944+0000][gc,phases   ] GC(216)   Other: 0.2ms
[2025-12-24T16:24:08.945+0000][gc,heap     ] GC(216) Eden regions: 606->0(604)
[2025-12-24T16:24:08.945+0000][gc,heap     ] GC(216) Survivor regions: 8->10(77)
[2025-12-24T16:24:08.945+0000][gc,heap     ] GC(216) Old regions: 62->62
[2025-12-24T16:24:08.945+0000][gc,heap     ] GC(216) Humongous regions: 151->151
[2025-12-24T16:24:08.945+0000][gc,metaspace] GC(216) Metaspace: 15513K(15936K)->15513K(15936K) NonClass: 13880K(14016K)->13880K(14016K) Class: 1633K(1920K)->1633K(1920K)
[2025-12-24T16:24:08.945+0000][gc          ] GC(216) Pause Young (Normal) (G1 Evacuation Pause) 826M->222M(1024M) 15.459ms
[2025-12-24T16:24:08.945+0000][gc,cpu      ] GC(216) User=0.10s Sys=0.00s Real=0.01s
[2025-12-24T16:24:48.530+0000][gc,start    ] GC(217) Pause Young (Normal) (G1 Evacuation Pause)
[2025-12-24T16:24:48.530+0000][gc,task     ] GC(217) Using 8 workers of 8 for evacuation
[2025-12-24T16:24:48.551+0000][gc,phases   ] GC(217)   Pre Evacuate Collection Set: 1.2ms
[2025-12-24T16:24:48.551+0000][gc,phases   ] GC(217)   Merge Heap Roots: 0.2ms
[2025-12-24T16:24:48.552+0000][gc,phases   ] GC(217)   Evacuate Collection Set: 17.9ms
[2025-12-24T16:24:48.552+0000][gc,phases   ] GC(217)   Post Evacuate Collection Set: 1.5ms
[2025-12-24T16:24:48.552+0000][gc,phases   ] GC(217)   Other: 0.2ms
[2025-12-24T16:24:48.552+0000][gc,heap     ] GC(217) Eden regions: 604->0(606)
[2025-12-24T16:24:48.552+0000][gc,heap     ] GC(217) Survivor regions: 10->8(77)
[2025-12-24T16:24:48.552+0000][gc,heap     ] GC(217) Old regions: 62->62
[2025-12-24T16:24:48.552+0000][gc,heap     ] GC(217) Humongous regions: 151->151
[2025-12-24T16:24:48.552+0000][gc,metaspace] GC(217) Metaspace: 15513K(15936K)->15513K(15936K) NonClass: 13880K(14016K)->13880K(14016K) Class: 1633K(1920K)->1633K(1920K)
[2025-12-24T16:24:48.552+0000][gc          ] GC(217) Pause Young (Normal) (G1 Evacuation Pause) 826M->220M(1024M) 22.460ms
[2025-12-24T16:24:48.553+0000][gc,cpu      ] GC(217) User=0.13s Sys=0.00s Real=0.02s
[2025-12-24T16:25:18.827+0000][gc,start    ] GC(218) Pause Young (Normal) (G1 Evacuation Pause)
[2025-12-24T16:25:18.827+0000][gc,task     ] GC(218) Using 8 workers of 8 for evacuation
[2025-12-24T16:25:18.892+0000][gc,phases   ] GC(218)   Pre Evacuate Collection Set: 3.0ms
[2025-12-24T16:25:18.893+0000][gc,phases   ] GC(218)   Merge Heap Roots: 0.6ms
[2025-12-24T16:25:18.893+0000][gc,phases   ] GC(218)   Evacuate Collection Set: 57.8ms
[2025-12-24T16:25:18.893+0000][gc,phases   ] GC(218)   Post Evacuate Collection Set: 3.1ms
[2025-12-24T16:25:18.898+0000][gc,phases   ] GC(218)   Other: 0.5ms
[2025-12-24T16:25:18.898+0000][gc,heap     ] GC(218) Eden regions: 606->0(604)
[2025-12-24T16:25:18.898+0000][gc,heap     ] GC(218) Survivor regions: 8->10(77)
[2025-12-24T16:25:18.898+0000][gc,heap     ] GC(218) Old regions: 62->63
[2025-12-24T16:25:18.899+0000][gc,heap     ] GC(218) Humongous regions: 151->151
[2025-12-24T16:25:18.899+0000][gc,metaspace] GC(218) Metaspace: 15513K(15936K)->15513K(15936K) NonClass: 13880K(14016K)->13880K(14016K) Class: 1633K(1920K)->1633K(1920K)
[2025-12-24T16:25:18.899+0000][gc          ] GC(218) Pause Young (Normal) (G1 Evacuation Pause) 826M->223M(1024M) 72.840ms
[2025-12-24T16:25:18.900+0000][gc,cpu      ] GC(218) User=0.14s Sys=0.01s Real=0.07s
[2025-12-24T16:25:58.486+0000][gc,start    ] GC(219) Pause Young (Normal) (G1 Evacuation Pause)
[2025-12-24T16:25:58.487+0000][gc,task     ] GC(219) Using 8 workers of 8 for evacuation
[2025-12-24T16:25:58.512+0000][gc,phases   ] GC(219)   Pre Evacuate Collection Set: 2.9ms
[2025-12-24T16:25:58.512+0000][gc,phases   ] GC(219)   Merge Heap Roots: 1.2ms
[2025-12-24T16:25:58.512+0000][gc,phases   ] GC(219)   Evacuate Collection Set: 19.5ms
[2025-12-24T16:25:58.512+0000][gc,phases   ] GC(219)   Post Evacuate Collection Set: 1.2ms
[2025-12-24T16:25:58.512+0000][gc,phases   ] GC(219)   Other: 0.2ms
[2025-12-24T16:25:58.512+0000][gc,heap     ] GC(219) Eden regions: 604->0(605)
[2025-12-24T16:25:58.512+0000][gc,heap     ] GC(219) Survivor regions: 10->9(77)
[2025-12-24T16:25:58.512+0000][gc,heap     ] GC(219) Old regions: 63->63
[2025-12-24T16:25:58.513+0000][gc,heap     ] GC(219) Humongous regions: 151->151
[2025-12-24T16:25:58.513+0000][gc,metaspace] GC(219) Metaspace: 15513K(15936K)->15513K(15936K) NonClass: 13880K(14016K)->13880K(14016K) Class: 1633K(1920K)->1633K(1920K)
[2025-12-24T16:25:58.513+0000][gc          ] GC(219) Pause Young (Normal) (G1 Evacuation Pause) 827M->221M(1024M) 26.286ms
[2025-12-24T16:25:58.513+0000][gc,cpu      ] GC(219) User=0.17s Sys=0.00s Real=0.03s
[2025-12-24T16:26:28.701+0000][gc,start    ] GC(220) Pause Young (Normal) (G1 Evacuation Pause)
[2025-12-24T16:26:28.701+0000][gc,task     ] GC(220) Using 8 workers of 8 for evacuation
[2025-12-24T16:26:28.719+0000][gc,phases   ] GC(220)   Pre Evacuate Collection Set: 1.0ms
[2025-12-24T16:26:28.719+0000][gc,phases   ] GC(220)   Merge Heap Roots: 0.3ms
[2025-12-24T16:26:28.719+0000][gc,phases   ] GC(220)   Evacuate Collection Set: 12.4ms
[2025-12-24T16:26:28.719+0000][gc,phases   ] GC(220)   Post Evacuate Collection Set: 3.5ms
[2025-12-24T16:26:28.719+0000][gc,phases   ] GC(220)   Other: 0.4ms
[2025-12-24T16:26:28.719+0000][gc,heap     ] GC(220) Eden regions: 605->0(603)
[2025-12-24T16:26:28.719+0000][gc,heap     ] GC(220) Survivor regions: 9->11(77)
[2025-12-24T16:26:28.719+0000][gc,heap     ] GC(220) Old regions: 63->63
[2025-12-24T16:26:28.719+0000][gc,heap     ] GC(220) Humongous regions: 151->151
[2025-12-24T16:26:28.719+0000][gc,metaspace] GC(220) Metaspace: 15513K(15936K)->15513K(15936K) NonClass: 13880K(14016K)->13880K(14016K) Class: 1633K(1920K)->1633K(1920K)
[2025-12-24T16:26:28.719+0000][gc          ] GC(220) Pause Young (Normal) (G1 Evacuation Pause) 826M->224M(1024M) 18.708ms
[2025-12-24T16:26:28.719+0000][gc,cpu      ] GC(220) User=0.09s Sys=0.01s Real=0.02s
[2025-12-24T16:27:08.385+0000][gc,start    ] GC(221) Pause Young (Normal) (G1 Evacuation Pause)
[2025-12-24T16:27:08.388+0000][gc,task     ] GC(221) Using 8 workers of 8 for evacuation
[2025-12-24T16:27:08.421+0000][gc,phases   ] GC(221)   Pre Evacuate Collection Set: 2.4ms
[2025-12-24T16:27:08.421+0000][gc,phases   ] GC(221)   Merge Heap Roots: 0.4ms
[2025-12-24T16:27:08.421+0000][gc,phases   ] GC(221)   Evacuate Collection Set: 28.4ms
[2025-12-24T16:27:08.421+0000][gc,phases   ] GC(221)   Post Evacuate Collection Set: 1.5ms
[2025-12-24T16:27:08.422+0000][gc,phases   ] GC(221)   Other: 0.5ms
[2025-12-24T16:27:08.422+0000][gc,heap     ] GC(221) Eden regions: 603->0(609)
[2025-12-24T16:27:08.422+0000][gc,heap     ] GC(221) Survivor regions: 11->5(77)
[2025-12-24T16:27:08.422+0000][gc,heap     ] GC(221) Old regions: 63->63
[2025-12-24T16:27:08.422+0000][gc,heap     ] GC(221) Humongous regions: 151->151
[2025-12-24T16:27:08.422+0000][gc,metaspace] GC(221) Metaspace: 15513K(15936K)->15513K(15936K) NonClass: 13880K(14016K)->13880K(14016K) Class: 1633K(1920K)->1633K(1920K)
[2025-12-24T16:27:08.422+0000][gc          ] GC(221) Pause Young (Normal) (G1 Evacuation Pause) 827M->218M(1024M) 37.029ms
[2025-12-24T16:27:08.422+0000][gc,cpu      ] GC(221) User=0.09s Sys=0.00s Real=0.04s
[2025-12-24T16:27:38.587+0000][gc,start    ] GC(222) Pause Young (Normal) (G1 Evacuation Pause)
[2025-12-24T16:27:38.587+0000][gc,task     ] GC(222) Using 8 workers of 8 for evacuation
[2025-12-24T16:27:38.602+0000][gc,phases   ] GC(222)   Pre Evacuate Collection Set: 1.0ms
[2025-12-24T16:27:38.603+0000][gc,phases   ] GC(222)   Merge Heap Roots: 0.2ms
[2025-12-24T16:27:38.603+0000][gc,phases   ] GC(222)   Evacuate Collection Set: 10.9ms
[2025-12-24T16:27:38.603+0000][gc,phases   ] GC(222)   Post Evacuate Collection Set: 2.6ms
[2025-12-24T16:27:38.603+0000][gc,phases   ] GC(222)   Other: 0.2ms
[2025-12-24T16:27:38.603+0000][gc,heap     ] GC(222) Eden regions: 609->0(608)
[2025-12-24T16:27:38.603+0000][gc,heap     ] GC(222) Survivor regions: 5->6(77)
[2025-12-24T16:27:38.603+0000][gc,heap     ] GC(222) Old regions: 63->64
[2025-12-24T16:27:38.603+0000][gc,heap     ] GC(222) Humongous regions: 151->151
[2025-12-24T16:27:38.603+0000][gc,metaspace] GC(222) Metaspace: 15513K(15936K)->15513K(15936K) NonClass: 13880K(14016K)->13880K(14016K) Class: 1633K(1920K)->1633K(1920K)
[2025-12-24T16:27:38.603+0000][gc          ] GC(222) Pause Young (Normal) (G1 Evacuation Pause) 827M->220M(1024M) 16.529ms
[2025-12-24T16:27:38.603+0000][gc,cpu      ] GC(222) User=0.09s Sys=0.00s Real=0.02s
[2025-12-24T16:28:08.832+0000][gc,start    ] GC(223) Pause Young (Normal) (G1 Evacuation Pause)
[2025-12-24T16:28:08.834+0000][gc,task     ] GC(223) Using 8 workers of 8 for evacuation
[2025-12-24T16:28:08.851+0000][gc,phases   ] GC(223)   Pre Evacuate Collection Set: 1.2ms
[2025-12-24T16:28:08.852+0000][gc,phases   ] GC(223)   Merge Heap Roots: 0.2ms
[2025-12-24T16:28:08.852+0000][gc,phases   ] GC(223)   Evacuate Collection Set: 15.1ms
[2025-12-24T16:28:08.852+0000][gc,phases   ] GC(223)   Post Evacuate Collection Set: 1.1ms
[2025-12-24T16:28:08.852+0000][gc,phases   ] GC(223)   Other: 0.3ms
[2025-12-24T16:28:08.852+0000][gc,heap     ] GC(223) Eden regions: 608->0(607)
[2025-12-24T16:28:08.852+0000][gc,heap     ] GC(223) Survivor regions: 6->7(77)
[2025-12-24T16:28:08.852+0000][gc,heap     ] GC(223) Old regions: 64->64
[2025-12-24T16:28:08.852+0000][gc,heap     ] GC(223) Humongous regions: 151->151
[2025-12-24T16:28:08.852+0000][gc,metaspace] GC(223) Metaspace: 15513K(15936K)->15513K(15936K) NonClass: 13880K(14016K)->13880K(14016K) Class: 1633K(1920K)->1633K(1920K)
[2025-12-24T16:28:08.852+0000][gc          ] GC(223) Pause Young (Normal) (G1 Evacuation Pause) 828M->221M(1024M) 20.378ms
[2025-12-24T16:28:08.852+0000][gc,cpu      ] GC(223) User=0.13s Sys=0.01s Real=0.02s
[2025-12-24T16:28:48.514+0000][gc,start    ] GC(224) Pause Young (Normal) (G1 Evacuation Pause)
[2025-12-24T16:28:48.515+0000][gc,task     ] GC(224) Using 8 workers of 8 for evacuation
[2025-12-24T16:28:48.531+0000][gc,phases   ] GC(224)   Pre Evacuate Collection Set: 4.9ms
[2025-12-24T16:28:48.531+0000][gc,phases   ] GC(224)   Merge Heap Roots: 0.3ms
[2025-12-24T16:28:48.531+0000][gc,phases   ] GC(224)   Evacuate Collection Set: 9.5ms
[2025-12-24T16:28:48.531+0000][gc,phases   ] GC(224)   Post Evacuate Collection Set: 1.1ms
[2025-12-24T16:28:48.531+0000][gc,phases   ] GC(224)   Other: 0.4ms
[2025-12-24T16:28:48.531+0000][gc,heap     ] GC(224) Eden regions: 607->0(607)
[2025-12-24T16:28:48.531+0000][gc,heap     ] GC(224) Survivor regions: 7->7(77)
[2025-12-24T16:28:48.531+0000][gc,heap     ] GC(224) Old regions: 64->64
[2025-12-24T16:28:48.531+0000][gc,heap     ] GC(224) Humongous regions: 151->151
[2025-12-24T16:28:48.531+0000][gc,metaspace] GC(224) Metaspace: 15515K(15936K)->15515K(15936K) NonClass: 13881K(14016K)->13881K(14016K) Class: 1633K(1920K)->1633K(1920K)
[2025-12-24T16:28:48.531+0000][gc          ] GC(224) Pause Young (Normal) (G1 Evacuation Pause) 828M->220M(1024M) 17.253ms
[2025-12-24T16:28:48.532+0000][gc,cpu      ] GC(224) User=0.11s Sys=0.00s Real=0.02s
[2025-12-24T16:46:19.779+0000][gc,start    ] GC(225) Pause Young (Normal) (G1 Evacuation Pause)
[2025-12-24T16:46:19.780+0000][gc,task     ] GC(225) Using 8 workers of 8 for evacuation
[2025-12-24T16:46:19.795+0000][gc,phases   ] GC(225)   Pre Evacuate Collection Set: 1.1ms
[2025-12-24T16:46:19.795+0000][gc,phases   ] GC(225)   Merge Heap Roots: 0.3ms
[2025-12-24T16:46:19.795+0000][gc,phases   ] GC(225)   Evacuate Collection Set: 12.1ms
[2025-12-24T16:46:19.795+0000][gc,phases   ] GC(225)   Post Evacuate Collection Set: 1.1ms
[2025-12-24T16:46:19.795+0000][gc,phases   ] GC(225)   Other: 0.3ms
[2025-12-24T16:46:19.795+0000][gc,heap     ] GC(225) Eden regions: 607->0(605)
[2025-12-24T16:46:19.795+0000][gc,heap     ] GC(225) Survivor regions: 7->9(77)
[2025-12-24T16:46:19.795+0000][gc,heap     ] GC(225) Old regions: 64->64
[2025-12-24T16:46:19.795+0000][gc,heap     ] GC(225) Humongous regions: 151->151
[2025-12-24T16:46:19.795+0000][gc,metaspace] GC(225) Metaspace: 15523K(15936K)->15523K(15936K) NonClass: 13889K(14016K)->13889K(14016K) Class: 1633K(1920K)->1633K(1920K)
[2025-12-24T16:46:19.795+0000][gc          ] GC(225) Pause Young (Normal) (G1 Evacuation Pause) 827M->223M(1024M) 16.407ms
[2025-12-24T16:46:19.796+0000][gc,cpu      ] GC(225) User=0.10s Sys=0.00s Real=0.02s
[2025-12-24T16:46:59.461+0000][gc,start    ] GC(226) Pause Young (Normal) (G1 Evacuation Pause)
[2025-12-24T16:46:59.462+0000][gc,task     ] GC(226) Using 8 workers of 8 for evacuation
[2025-12-24T16:46:59.482+0000][gc,phases   ] GC(226)   Pre Evacuate Collection Set: 1.4ms
[2025-12-24T16:46:59.482+0000][gc,phases   ] GC(226)   Merge Heap Roots: 1.3ms
[2025-12-24T16:46:59.482+0000][gc,phases   ] GC(226)   Evacuate Collection Set: 15.9ms
[2025-12-24T16:46:59.482+0000][gc,phases   ] GC(226)   Post Evacuate Collection Set: 1.2ms
[2025-12-24T16:46:59.482+0000][gc,phases   ] GC(226)   Other: 0.4ms
[2025-12-24T16:46:59.482+0000][gc,heap     ] GC(226) Eden regions: 605->0(607)
[2025-12-24T16:46:59.482+0000][gc,heap     ] GC(226) Survivor regions: 9->7(77)
[2025-12-24T16:46:59.482+0000][gc,heap     ] GC(226) Old regions: 64->65
[2025-12-24T16:46:59.482+0000][gc,heap     ] GC(226) Humongous regions: 151->151
[2025-12-24T16:46:59.482+0000][gc,metaspace] GC(226) Metaspace: 15537K(16000K)->15537K(16000K) NonClass: 13903K(14080K)->13903K(14080K) Class: 1633K(1920K)->1633K(1920K)
[2025-12-24T16:46:59.483+0000][gc          ] GC(226) Pause Young (Normal) (G1 Evacuation Pause) 828M->221M(1024M) 21.438ms
[2025-12-24T16:46:59.483+0000][gc,cpu      ] GC(226) User=0.12s Sys=0.02s Real=0.02s
[2025-12-24T16:47:29.672+0000][gc,start    ] GC(227) Pause Young (Normal) (G1 Evacuation Pause)
[2025-12-24T16:47:29.673+0000][gc,task     ] GC(227) Using 8 workers of 8 for evacuation
[2025-12-24T16:47:29.692+0000][gc,phases   ] GC(227)   Pre Evacuate Collection Set: 1.0ms
[2025-12-24T16:47:29.692+0000][gc,phases   ] GC(227)   Merge Heap Roots: 1.7ms
[2025-12-24T16:47:29.692+0000][gc,phases   ] GC(227)   Evacuate Collection Set: 14.7ms
[2025-12-24T16:47:29.692+0000][gc,phases   ] GC(227)   Post Evacuate Collection Set: 1.0ms
[2025-12-24T16:47:29.692+0000][gc,phases   ] GC(227)   Other: 0.2ms
[2025-12-24T16:47:29.692+0000][gc,heap     ] GC(227) Eden regions: 607->0(606)
[2025-12-24T16:47:29.692+0000][gc,heap     ] GC(227) Survivor regions: 7->8(77)
[2025-12-24T16:47:29.692+0000][gc,heap     ] GC(227) Old regions: 65->65
[2025-12-24T16:47:29.692+0000][gc,heap     ] GC(227) Humongous regions: 151->151
[2025-12-24T16:47:29.692+0000][gc,metaspace] GC(227) Metaspace: 15539K(16000K)->15539K(16000K) NonClass: 13905K(14080K)->13905K(14080K) Class: 1633K(1920K)->1633K(1920K)
[2025-12-24T16:47:29.692+0000][gc          ] GC(227) Pause Young (Normal) (G1 Evacuation Pause) 828M->223M(1024M) 19.630ms
[2025-12-24T16:47:29.692+0000][gc,cpu      ] GC(227) User=0.13s Sys=0.00s Real=0.02s
[2025-12-24T16:48:09.372+0000][gc,start    ] GC(228) Pause Young (Normal) (G1 Evacuation Pause)
[2025-12-24T16:48:09.373+0000][gc,task     ] GC(228) Using 8 workers of 8 for evacuation
[2025-12-24T16:48:09.380+0000][gc,phases   ] GC(228)   Pre Evacuate Collection Set: 1.0ms
[2025-12-24T16:48:09.380+0000][gc,phases   ] GC(228)   Merge Heap Roots: 0.2ms
[2025-12-24T16:48:09.380+0000][gc,phases   ] GC(228)   Evacuate Collection Set: 5.3ms
[2025-12-24T16:48:09.380+0000][gc,phases   ] GC(228)   Post Evacuate Collection Set: 1.1ms
[2025-12-24T16:48:09.381+0000][gc,phases   ] GC(228)   Other: 0.2ms
[2025-12-24T16:48:09.381+0000][gc,heap     ] GC(228) Eden regions: 606->0(611)
[2025-12-24T16:48:09.381+0000][gc,heap     ] GC(228) Survivor regions: 8->3(77)
[2025-12-24T16:48:09.381+0000][gc,heap     ] GC(228) Old regions: 65->65
[2025-12-24T16:48:09.381+0000][gc,heap     ] GC(228) Humongous regions: 151->151
[2025-12-24T16:48:09.381+0000][gc,metaspace] GC(228) Metaspace: 15539K(16000K)->15539K(16000K) NonClass: 13905K(14080K)->13905K(14080K) Class: 1633K(1920K)->1633K(1920K)
[2025-12-24T16:48:09.381+0000][gc          ] GC(228) Pause Young (Normal) (G1 Evacuation Pause) 829M->218M(1024M) 8.834ms
[2025-12-24T16:48:09.381+0000][gc,cpu      ] GC(228) User=0.04s Sys=0.00s Real=0.01s
[2025-12-24T16:48:39.625+0000][gc,start    ] GC(229) Pause Young (Normal) (G1 Evacuation Pause)
[2025-12-24T16:48:39.625+0000][gc,task     ] GC(229) Using 8 workers of 8 for evacuation
[2025-12-24T16:48:39.641+0000][gc,phases   ] GC(229)   Pre Evacuate Collection Set: 1.1ms
[2025-12-24T16:48:39.641+0000][gc,phases   ] GC(229)   Merge Heap Roots: 0.2ms
[2025-12-24T16:48:39.641+0000][gc,phases   ] GC(229)   Evacuate Collection Set: 11.3ms
[2025-12-24T16:48:39.641+0000][gc,phases   ] GC(229)   Post Evacuate Collection Set: 2.8ms
[2025-12-24T16:48:39.641+0000][gc,phases   ] GC(229)   Other: 0.2ms
[2025-12-24T16:48:39.641+0000][gc,heap     ] GC(229) Eden regions: 611->0(609)
[2025-12-24T16:48:39.641+0000][gc,heap     ] GC(229) Survivor regions: 3->5(77)
[2025-12-24T16:48:39.641+0000][gc,heap     ] GC(229) Old regions: 65->65
[2025-12-24T16:48:39.641+0000][gc,heap     ] GC(229) Humongous regions: 151->151
[2025-12-24T16:48:39.642+0000][gc,metaspace] GC(229) Metaspace: 15539K(16000K)->15539K(16000K) NonClass: 13905K(14080K)->13905K(14080K) Class: 1633K(1920K)->1633K(1920K)
[2025-12-24T16:48:39.642+0000][gc          ] GC(229) Pause Young (Normal) (G1 Evacuation Pause) 829M->220M(1024M) 16.808ms
[2025-12-24T16:48:39.642+0000][gc,cpu      ] GC(229) User=0.11s Sys=0.00s Real=0.02s
[2025-12-24T16:49:19.308+0000][gc,start    ] GC(230) Pause Young (Normal) (G1 Evacuation Pause)
[2025-12-24T16:49:19.308+0000][gc,task     ] GC(230) Using 8 workers of 8 for evacuation
[2025-12-24T16:49:19.328+0000][gc,phases   ] GC(230)   Pre Evacuate Collection Set: 1.8ms
[2025-12-24T16:49:19.328+0000][gc,phases   ] GC(230)   Merge Heap Roots: 0.2ms
[2025-12-24T16:49:19.328+0000][gc,phases   ] GC(230)   Evacuate Collection Set: 15.9ms
[2025-12-24T16:49:19.328+0000][gc,phases   ] GC(230)   Post Evacuate Collection Set: 1.4ms
[2025-12-24T16:49:19.328+0000][gc,phases   ] GC(230)   Other: 0.3ms
[2025-12-24T16:49:19.328+0000][gc,heap     ] GC(230) Eden regions: 609->0(610)
[2025-12-24T16:49:19.329+0000][gc,heap     ] GC(230) Survivor regions: 5->4(77)
[2025-12-24T16:49:19.329+0000][gc,heap     ] GC(230) Old regions: 65->65
[2025-12-24T16:49:19.329+0000][gc,heap     ] GC(230) Humongous regions: 151->151
[2025-12-24T16:49:19.329+0000][gc,metaspace] GC(230) Metaspace: 15539K(16000K)->15539K(16000K) NonClass: 13905K(14080K)->13905K(14080K) Class: 1633K(1920K)->1633K(1920K)
[2025-12-24T16:49:19.329+0000][gc          ] GC(230) Pause Young (Normal) (G1 Evacuation Pause) 829M->219M(1024M) 20.806ms
[2025-12-24T16:49:19.329+0000][gc,cpu      ] GC(230) User=0.11s Sys=0.01s Real=0.02s
[2025-12-24T16:49:49.558+0000][gc,start    ] GC(231) Pause Young (Normal) (G1 Evacuation Pause)
[2025-12-24T16:49:49.559+0000][gc,task     ] GC(231) Using 8 workers of 8 for evacuation
[2025-12-24T16:49:49.571+0000][gc,phases   ] GC(231)   Pre Evacuate Collection Set: 1.7ms
[2025-12-24T16:49:49.571+0000][gc,phases   ] GC(231)   Merge Heap Roots: 0.5ms
[2025-12-24T16:49:49.571+0000][gc,phases   ] GC(231)   Evacuate Collection Set: 8.1ms
[2025-12-24T16:49:49.573+0000][gc,phases   ] GC(231)   Post Evacuate Collection Set: 1.6ms
[2025-12-24T16:49:49.573+0000][gc,phases   ] GC(231)   Other: 0.3ms
[2025-12-24T16:49:49.573+0000][gc,heap     ] GC(231) Eden regions: 610->0(608)
[2025-12-24T16:49:49.573+0000][gc,heap     ] GC(231) Survivor regions: 4->6(77)
[2025-12-24T16:49:49.573+0000][gc,heap     ] GC(231) Old regions: 65->66
[2025-12-24T16:49:49.573+0000][gc,heap     ] GC(231) Humongous regions: 151->151
[2025-12-24T16:49:49.573+0000][gc,metaspace] GC(231) Metaspace: 15540K(16000K)->15540K(16000K) NonClass: 13906K(14080K)->13906K(14080K) Class: 1633K(1920K)->1633K(1920K)
[2025-12-24T16:49:49.573+0000][gc          ] GC(231) Pause Young (Normal) (G1 Evacuation Pause) 829M->221M(1024M) 15.096ms
[2025-12-24T16:49:49.573+0000][gc,cpu      ] GC(231) User=0.07s Sys=0.01s Real=0.02s
[2025-12-24T16:50:19.796+0000][gc,start    ] GC(232) Pause Young (Normal) (G1 Evacuation Pause)
[2025-12-24T16:50:19.797+0000][gc,task     ] GC(232) Using 8 workers of 8 for evacuation
[2025-12-24T16:50:19.810+0000][gc,phases   ] GC(232)   Pre Evacuate Collection Set: 1.1ms
[2025-12-24T16:50:19.810+0000][gc,phases   ] GC(232)   Merge Heap Roots: 0.2ms
[2025-12-24T16:50:19.810+0000][gc,phases   ] GC(232)   Evacuate Collection Set: 10.1ms
[2025-12-24T16:50:19.811+0000][gc,phases   ] GC(232)   Post Evacuate Collection Set: 1.3ms
[2025-12-24T16:50:19.811+0000][gc,phases   ] GC(232)   Other: 0.3ms
[2025-12-24T16:50:19.811+0000][gc,heap     ] GC(232) Eden regions: 608->0(606)
[2025-12-24T16:50:19.811+0000][gc,heap     ] GC(232) Survivor regions: 6->8(77)
[2025-12-24T16:50:19.811+0000][gc,heap     ] GC(232) Old regions: 66->66
[2025-12-24T16:50:19.811+0000][gc,heap     ] GC(232) Humongous regions: 151->151
[2025-12-24T16:50:19.811+0000][gc,metaspace] GC(232) Metaspace: 15540K(16000K)->15540K(16000K) NonClass: 13906K(14080K)->13906K(14080K) Class: 1633K(1920K)->1633K(1920K)
[2025-12-24T16:50:19.811+0000][gc          ] GC(232) Pause Young (Normal) (G1 Evacuation Pause) 829M->223M(1024M) 14.784ms
[2025-12-24T16:50:19.811+0000][gc,cpu      ] GC(232) User=0.09s Sys=0.00s Real=0.02s
[2025-12-24T16:50:59.497+0000][gc,start    ] GC(233) Pause Young (Normal) (G1 Evacuation Pause)
[2025-12-24T16:50:59.498+0000][gc,task     ] GC(233) Using 8 workers of 8 for evacuation
[2025-12-24T16:50:59.510+0000][gc,phases   ] GC(233)   Pre Evacuate Collection Set: 1.1ms
[2025-12-24T16:50:59.510+0000][gc,phases   ] GC(233)   Merge Heap Roots: 0.3ms
[2025-12-24T16:50:59.510+0000][gc,phases   ] GC(233)   Evacuate Collection Set: 8.2ms
[2025-12-24T16:50:59.510+0000][gc,phases   ] GC(233)   Post Evacuate Collection Set: 1.7ms
[2025-12-24T16:50:59.510+0000][gc,phases   ] GC(233)   Other: 0.2ms
[2025-12-24T16:50:59.510+0000][gc,heap     ] GC(233) Eden regions: 606->0(606)
[2025-12-24T16:50:59.510+0000][gc,heap     ] GC(233) Survivor regions: 8->8(77)
[2025-12-24T16:50:59.510+0000][gc,heap     ] GC(233) Old regions: 66->66
[2025-12-24T16:50:59.510+0000][gc,heap     ] GC(233) Humongous regions: 151->151
[2025-12-24T16:50:59.510+0000][gc,metaspace] GC(233) Metaspace: 15540K(16000K)->15540K(16000K) NonClass: 13906K(14080K)->13906K(14080K) Class: 1633K(1920K)->1633K(1920K)
[2025-12-24T16:50:59.511+0000][gc          ] GC(233) Pause Young (Normal) (G1 Evacuation Pause) 829M->223M(1024M) 13.911ms
[2025-12-24T16:50:59.511+0000][gc,cpu      ] GC(233) User=0.07s Sys=0.00s Real=0.02s
[2025-12-24T16:51:29.732+0000][gc,start    ] GC(234) Pause Young (Normal) (G1 Evacuation Pause)
[2025-12-24T16:51:29.733+0000][gc,task     ] GC(234) Using 8 workers of 8 for evacuation
[2025-12-24T16:51:29.742+0000][gc,phases   ] GC(234)   Pre Evacuate Collection Set: 1.2ms
[2025-12-24T16:51:29.742+0000][gc,phases   ] GC(234)   Merge Heap Roots: 0.2ms
[2025-12-24T16:51:29.743+0000][gc,phases   ] GC(234)   Evacuate Collection Set: 6.2ms
[2025-12-24T16:51:29.743+0000][gc,phases   ] GC(234)   Post Evacuate Collection Set: 1.1ms
[2025-12-24T16:51:29.743+0000][gc,phases   ] GC(234)   Other: 0.2ms
[2025-12-24T16:51:29.743+0000][gc,heap     ] GC(234) Eden regions: 606->0(604)
[2025-12-24T16:51:29.743+0000][gc,heap     ] GC(234) Survivor regions: 8->10(77)
[2025-12-24T16:51:29.743+0000][gc,heap     ] GC(234) Old regions: 66->66
[2025-12-24T16:51:29.743+0000][gc,heap     ] GC(234) Humongous regions: 151->151
[2025-12-24T16:51:29.743+0000][gc,metaspace] GC(234) Metaspace: 15544K(16000K)->15544K(16000K) NonClass: 13910K(14080K)->13910K(14080K) Class: 1633K(1920K)->1633K(1920K)
[2025-12-24T16:51:29.743+0000][gc          ] GC(234) Pause Young (Normal) (G1 Evacuation Pause) 829M->225M(1024M) 11.129ms
[2025-12-24T16:51:29.744+0000][gc,cpu      ] GC(234) User=0.05s Sys=0.00s Real=0.01s
[2025-12-24T16:52:09.397+0000][gc,start    ] GC(235) Pause Young (Normal) (G1 Evacuation Pause)
[2025-12-24T16:52:09.397+0000][gc,task     ] GC(235) Using 8 workers of 8 for evacuation
[2025-12-24T16:52:09.403+0000][gc,phases   ] GC(235)   Pre Evacuate Collection Set: 1.0ms
[2025-12-24T16:52:09.403+0000][gc,phases   ] GC(235)   Merge Heap Roots: 0.2ms
[2025-12-24T16:52:09.403+0000][gc,phases   ] GC(235)   Evacuate Collection Set: 3.6ms
[2025-12-24T16:52:09.403+0000][gc,phases   ] GC(235)   Post Evacuate Collection Set: 0.9ms
[2025-12-24T16:52:09.403+0000][gc,phases   ] GC(235)   Other: 0.2ms
[2025-12-24T16:52:09.403+0000][gc,heap     ] GC(235) Eden regions: 604->0(609)
[2025-12-24T16:52:09.403+0000][gc,heap     ] GC(235) Survivor regions: 10->5(77)
[2025-12-24T16:52:09.403+0000][gc,heap     ] GC(235) Old regions: 66->66
[2025-12-24T16:52:09.403+0000][gc,heap     ] GC(235) Humongous regions: 151->151
[2025-12-24T16:52:09.403+0000][gc,metaspace] GC(235) Metaspace: 15544K(16000K)->15544K(16000K) NonClass: 13910K(14080K)->13910K(14080K) Class: 1633K(1920K)->1633K(1920K)
[2025-12-24T16:52:09.404+0000][gc          ] GC(235) Pause Young (Normal) (G1 Evacuation Pause) 829M->220M(1024M) 6.964ms
[2025-12-24T16:52:09.404+0000][gc,cpu      ] GC(235) User=0.03s Sys=0.00s Real=0.01s
[2025-12-24T16:52:39.648+0000][gc,start    ] GC(236) Pause Young (Normal) (G1 Evacuation Pause)
[2025-12-24T16:52:39.648+0000][gc,task     ] GC(236) Using 8 workers of 8 for evacuation
[2025-12-24T16:52:39.659+0000][gc,phases   ] GC(236)   Pre Evacuate Collection Set: 2.0ms
[2025-12-24T16:52:39.660+0000][gc,phases   ] GC(236)   Merge Heap Roots: 2.9ms
[2025-12-24T16:52:39.660+0000][gc,phases   ] GC(236)   Evacuate Collection Set: 4.9ms
[2025-12-24T16:52:39.660+0000][gc,phases   ] GC(236)   Post Evacuate Collection Set: 1.2ms
[2025-12-24T16:52:39.660+0000][gc,phases   ] GC(236)   Other: 0.5ms
[2025-12-24T16:52:39.660+0000][gc,heap     ] GC(236) Eden regions: 609->0(608)
[2025-12-24T16:52:39.660+0000][gc,heap     ] GC(236) Survivor regions: 5->6(77)
[2025-12-24T16:52:39.660+0000][gc,heap     ] GC(236) Old regions: 66->66
[2025-12-24T16:52:39.660+0000][gc,heap     ] GC(236) Humongous regions: 151->151
[2025-12-24T16:52:39.660+0000][gc,metaspace] GC(236) Metaspace: 15544K(16000K)->15544K(16000K) NonClass: 13910K(14080K)->13910K(14080K) Class: 1633K(1920K)->1633K(1920K)
[2025-12-24T16:52:39.660+0000][gc          ] GC(236) Pause Young (Normal) (G1 Evacuation Pause) 829M->221M(1024M) 12.661ms
[2025-12-24T16:52:39.660+0000][gc,cpu      ] GC(236) User=0.06s Sys=0.00s Real=0.01s
[2025-12-24T16:53:19.333+0000][gc,start    ] GC(237) Pause Young (Normal) (G1 Evacuation Pause)
[2025-12-24T16:53:19.334+0000][gc,task     ] GC(237) Using 8 workers of 8 for evacuation
[2025-12-24T16:53:19.341+0000][gc,phases   ] GC(237)   Pre Evacuate Collection Set: 1.0ms
[2025-12-24T16:53:19.341+0000][gc,phases   ] GC(237)   Merge Heap Roots: 0.2ms
[2025-12-24T16:53:19.341+0000][gc,phases   ] GC(237)   Evacuate Collection Set: 4.7ms
[2025-12-24T16:53:19.341+0000][gc,phases   ] GC(237)   Post Evacuate Collection Set: 0.9ms
[2025-12-24T16:53:19.341+0000][gc,phases   ] GC(237)   Other: 0.2ms
[2025-12-24T16:53:19.341+0000][gc,heap     ] GC(237) Eden regions: 608->0(608)
[2025-12-24T16:53:19.341+0000][gc,heap     ] GC(237) Survivor regions: 6->6(77)
[2025-12-24T16:53:19.341+0000][gc,heap     ] GC(237) Old regions: 66->66
[2025-12-24T16:53:19.341+0000][gc,heap     ] GC(237) Humongous regions: 151->151
[2025-12-24T16:53:19.341+0000][gc,metaspace] GC(237) Metaspace: 15545K(16000K)->15545K(16000K) NonClass: 13911K(14080K)->13911K(14080K) Class: 1633K(1920K)->1633K(1920K)
[2025-12-24T16:53:19.341+0000][gc          ] GC(237) Pause Young (Normal) (G1 Evacuation Pause) 829M->221M(1024M) 8.634ms
[2025-12-24T16:53:19.342+0000][gc,cpu      ] GC(237) User=0.04s Sys=0.00s Real=0.01s
[2025-12-24T16:53:49.603+0000][gc,start    ] GC(238) Pause Young (Normal) (G1 Evacuation Pause)
[2025-12-24T16:53:49.604+0000][gc,task     ] GC(238) Using 8 workers of 8 for evacuation
[2025-12-24T16:53:49.618+0000][gc,phases   ] GC(238)   Pre Evacuate Collection Set: 1.1ms
[2025-12-24T16:53:49.618+0000][gc,phases   ] GC(238)   Merge Heap Roots: 0.2ms
[2025-12-24T16:53:49.618+0000][gc,phases   ] GC(238)   Evacuate Collection Set: 10.0ms
[2025-12-24T16:53:49.618+0000][gc,phases   ] GC(238)   Post Evacuate Collection Set: 2.3ms
[2025-12-24T16:53:49.618+0000][gc,phases   ] GC(238)   Other: 0.2ms
[2025-12-24T16:53:49.618+0000][gc,heap     ] GC(238) Eden regions: 608->0(607)
[2025-12-24T16:53:49.618+0000][gc,heap     ] GC(238) Survivor regions: 6->7(77)
[2025-12-24T16:53:49.618+0000][gc,heap     ] GC(238) Old regions: 66->66
[2025-12-24T16:53:49.618+0000][gc,heap     ] GC(238) Humongous regions: 151->151
[2025-12-24T16:53:49.618+0000][gc,metaspace] GC(238) Metaspace: 15545K(16000K)->15545K(16000K) NonClass: 13911K(14080K)->13911K(14080K) Class: 1633K(1920K)->1633K(1920K)
[2025-12-24T16:53:49.618+0000][gc          ] GC(238) Pause Young (Normal) (G1 Evacuation Pause) 829M->223M(1024M) 15.626ms
[2025-12-24T16:53:49.618+0000][gc,cpu      ] GC(238) User=0.08s Sys=0.00s Real=0.01s
[2025-12-24T16:54:19.830+0000][gc,start    ] GC(239) Pause Young (Normal) (G1 Evacuation Pause)
[2025-12-24T16:54:19.832+0000][gc,task     ] GC(239) Using 8 workers of 8 for evacuation
[2025-12-24T16:54:19.845+0000][gc,phases   ] GC(239)   Pre Evacuate Collection Set: 1.0ms
[2025-12-24T16:54:19.846+0000][gc,phases   ] GC(239)   Merge Heap Roots: 0.3ms
[2025-12-24T16:54:19.846+0000][gc,phases   ] GC(239)   Evacuate Collection Set: 11.3ms
[2025-12-24T16:54:19.846+0000][gc,phases   ] GC(239)   Post Evacuate Collection Set: 1.0ms
[2025-12-24T16:54:19.846+0000][gc,phases   ] GC(239)   Other: 0.2ms
[2025-12-24T16:54:19.846+0000][gc,heap     ] GC(239) Eden regions: 607->0(605)
[2025-12-24T16:54:19.846+0000][gc,heap     ] GC(239) Survivor regions: 7->9(77)
[2025-12-24T16:54:19.846+0000][gc,heap     ] GC(239) Old regions: 66->66
[2025-12-24T16:54:19.846+0000][gc,heap     ] GC(239) Humongous regions: 151->151
[2025-12-24T16:54:19.846+0000][gc,metaspace] GC(239) Metaspace: 15545K(16000K)->15545K(16000K) NonClass: 13911K(14080K)->13911K(14080K) Class: 1633K(1920K)->1633K(1920K)
[2025-12-24T16:54:19.846+0000][gc          ] GC(239) Pause Young (Normal) (G1 Evacuation Pause) 830M->224M(1024M) 15.738ms
[2025-12-24T16:54:19.846+0000][gc,cpu      ] GC(239) User=0.08s Sys=0.00s Real=0.02s
[2025-12-24T16:54:59.524+0000][gc,start    ] GC(240) Pause Young (Normal) (G1 Evacuation Pause)
[2025-12-24T16:54:59.524+0000][gc,task     ] GC(240) Using 8 workers of 8 for evacuation
[2025-12-24T16:54:59.539+0000][gc,phases   ] GC(240)   Pre Evacuate Collection Set: 1.0ms
[2025-12-24T16:54:59.540+0000][gc,phases   ] GC(240)   Merge Heap Roots: 0.2ms
[2025-12-24T16:54:59.540+0000][gc,phases   ] GC(240)   Evacuate Collection Set: 13.0ms
[2025-12-24T16:54:59.540+0000][gc,phases   ] GC(240)   Post Evacuate Collection Set: 1.0ms
[2025-12-24T16:54:59.540+0000][gc,phases   ] GC(240)   Other: 0.2ms
[2025-12-24T16:54:59.540+0000][gc,heap     ] GC(240) Eden regions: 605->0(606)
[2025-12-24T16:54:59.540+0000][gc,heap     ] GC(240) Survivor regions: 9->8(77)
[2025-12-24T16:54:59.540+0000][gc,heap     ] GC(240) Old regions: 66->66
[2025-12-24T16:54:59.540+0000][gc,heap     ] GC(240) Humongous regions: 151->151
[2025-12-24T16:54:59.540+0000][gc,metaspace] GC(240) Metaspace: 15545K(16000K)->15545K(16000K) NonClass: 13912K(14080K)->13912K(14080K) Class: 1633K(1920K)->1633K(1920K)
[2025-12-24T16:54:59.540+0000][gc          ] GC(240) Pause Young (Normal) (G1 Evacuation Pause) 829M->224M(1024M) 16.699ms
[2025-12-24T16:54:59.540+0000][gc,cpu      ] GC(240) User=0.10s Sys=0.00s Real=0.02s
[2025-12-24T16:55:29.784+0000][gc,start    ] GC(241) Pause Young (Normal) (G1 Evacuation Pause)
[2025-12-24T16:55:29.785+0000][gc,task     ] GC(241) Using 8 workers of 8 for evacuation
[2025-12-24T16:55:29.805+0000][gc,phases   ] GC(241)   Pre Evacuate Collection Set: 1.1ms
[2025-12-24T16:55:29.805+0000][gc,phases   ] GC(241)   Merge Heap Roots: 2.1ms
[2025-12-24T16:55:29.806+0000][gc,phases   ] GC(241)   Evacuate Collection Set: 15.6ms
[2025-12-24T16:55:29.806+0000][gc,phases   ] GC(241)   Post Evacuate Collection Set: 1.2ms
[2025-12-24T16:55:29.806+0000][gc,phases   ] GC(241)   Other: 0.4ms
[2025-12-24T16:55:29.806+0000][gc,heap     ] GC(241) Eden regions: 606->0(604)
[2025-12-24T16:55:29.806+0000][gc,heap     ] GC(241) Survivor regions: 8->10(77)
[2025-12-24T16:55:29.806+0000][gc,heap     ] GC(241) Old regions: 66->66
[2025-12-24T16:55:29.806+0000][gc,heap     ] GC(241) Humongous regions: 151->151
[2025-12-24T16:55:29.806+0000][gc,metaspace] GC(241) Metaspace: 15545K(16000K)->15545K(16000K) NonClass: 13912K(14080K)->13912K(14080K) Class: 1633K(1920K)->1633K(1920K)
[2025-12-24T16:55:29.806+0000][gc          ] GC(241) Pause Young (Normal) (G1 Evacuation Pause) 830M->226M(1024M) 21.780ms
[2025-12-24T16:55:29.806+0000][gc,cpu      ] GC(241) User=0.15s Sys=0.00s Real=0.02s
[2025-12-24T16:56:09.441+0000][gc,start    ] GC(242) Pause Young (Normal) (G1 Evacuation Pause)
[2025-12-24T16:56:09.442+0000][gc,task     ] GC(242) Using 8 workers of 8 for evacuation
[2025-12-24T16:56:09.466+0000][gc,phases   ] GC(242)   Pre Evacuate Collection Set: 1.1ms
[2025-12-24T16:56:09.466+0000][gc,phases   ] GC(242)   Merge Heap Roots: 0.2ms
[2025-12-24T16:56:09.466+0000][gc,phases   ] GC(242)   Evacuate Collection Set: 21.0ms
[2025-12-24T16:56:09.466+0000][gc,phases   ] GC(242)   Post Evacuate Collection Set: 1.0ms
[2025-12-24T16:56:09.466+0000][gc,phases   ] GC(242)   Other: 0.2ms
[2025-12-24T16:56:09.466+0000][gc,heap     ] GC(242) Eden regions: 604->0(604)
[2025-12-24T16:56:09.466+0000][gc,heap     ] GC(242) Survivor regions: 10->10(77)
[2025-12-24T16:56:09.466+0000][gc,heap     ] GC(242) Old regions: 66->67
[2025-12-24T16:56:09.466+0000][gc,heap     ] GC(242) Humongous regions: 151->151
[2025-12-24T16:56:09.466+0000][gc,metaspace] GC(242) Metaspace: 15545K(16000K)->15545K(16000K) NonClass: 13912K(14080K)->13912K(14080K) Class: 1633K(1920K)->1633K(1920K)
[2025-12-24T16:56:09.466+0000][gc          ] GC(242) Pause Young (Normal) (G1 Evacuation Pause) 830M->226M(1024M) 25.569ms
[2025-12-24T16:56:09.466+0000][gc,cpu      ] GC(242) User=0.15s Sys=0.00s Real=0.02s
[2025-12-24T16:56:39.701+0000][gc,start    ] GC(243) Pause Young (Normal) (G1 Evacuation Pause)
[2025-12-24T16:56:39.701+0000][gc,task     ] GC(243) Using 8 workers of 8 for evacuation
[2025-12-24T16:56:39.712+0000][gc,phases   ] GC(243)   Pre Evacuate Collection Set: 0.9ms
[2025-12-24T16:56:39.713+0000][gc,phases   ] GC(243)   Merge Heap Roots: 0.2ms
[2025-12-24T16:56:39.713+0000][gc,phases   ] GC(243)   Evacuate Collection Set: 8.9ms
[2025-12-24T16:56:39.713+0000][gc,phases   ] GC(243)   Post Evacuate Collection Set: 1.1ms
[2025-12-24T16:56:39.713+0000][gc,phases   ] GC(243)   Other: 0.2ms
[2025-12-24T16:56:39.713+0000][gc,heap     ] GC(243) Eden regions: 604->0(608)
[2025-12-24T16:56:39.713+0000][gc,heap     ] GC(243) Survivor regions: 10->6(77)
[2025-12-24T16:56:39.713+0000][gc,heap     ] GC(243) Old regions: 67->67
[2025-12-24T16:56:39.713+0000][gc,heap     ] GC(243) Humongous regions: 151->151
[2025-12-24T16:56:39.713+0000][gc,metaspace] GC(243) Metaspace: 15548K(16000K)->15548K(16000K) NonClass: 13914K(14080K)->13914K(14080K) Class: 1633K(1920K)->1633K(1920K)
[2025-12-24T16:56:39.713+0000][gc          ] GC(243) Pause Young (Normal) (G1 Evacuation Pause) 830M->223M(1024M) 12.477ms
[2025-12-24T16:56:39.713+0000][gc,cpu      ] GC(243) User=0.06s Sys=0.01s Real=0.02s
[2025-12-24T16:57:19.343+0000][gc,start    ] GC(244) Pause Young (Normal) (G1 Evacuation Pause)
[2025-12-24T16:57:19.343+0000][gc,task     ] GC(244) Using 8 workers of 8 for evacuation
[2025-12-24T16:57:19.356+0000][gc,phases   ] GC(244)   Pre Evacuate Collection Set: 2.9ms
[2025-12-24T16:57:19.356+0000][gc,phases   ] GC(244)   Merge Heap Roots: 0.5ms
[2025-12-24T16:57:19.356+0000][gc,phases   ] GC(244)   Evacuate Collection Set: 7.8ms
[2025-12-24T16:57:19.356+0000][gc,phases   ] GC(244)   Post Evacuate Collection Set: 1.2ms
[2025-12-24T16:57:19.356+0000][gc,phases   ] GC(244)   Other: 0.2ms
[2025-12-24T16:57:19.356+0000][gc,heap     ] GC(244) Eden regions: 608->0(608)
[2025-12-24T16:57:19.356+0000][gc,heap     ] GC(244) Survivor regions: 6->6(77)
[2025-12-24T16:57:19.356+0000][gc,heap     ] GC(244) Old regions: 67->67
[2025-12-24T16:57:19.357+0000][gc,heap     ] GC(244) Humongous regions: 151->151
[2025-12-24T16:57:19.357+0000][gc,metaspace] GC(244) Metaspace: 15551K(16000K)->15551K(16000K) NonClass: 13917K(14080K)->13917K(14080K) Class: 1633K(1920K)->1633K(1920K)
[2025-12-24T16:57:19.357+0000][gc          ] GC(244) Pause Young (Normal) (G1 Evacuation Pause) 831M->222M(1024M) 13.895ms
[2025-12-24T16:57:19.357+0000][gc,cpu      ] GC(244) User=0.07s Sys=0.00s Real=0.02s
[2025-12-24T16:57:49.600+0000][gc,start    ] GC(245) Pause Young (Normal) (G1 Evacuation Pause)
[2025-12-24T16:57:49.601+0000][gc,task     ] GC(245) Using 8 workers of 8 for evacuation
[2025-12-24T16:57:49.610+0000][gc,phases   ] GC(245)   Pre Evacuate Collection Set: 1.0ms
[2025-12-24T16:57:49.610+0000][gc,phases   ] GC(245)   Merge Heap Roots: 0.2ms
[2025-12-24T16:57:49.610+0000][gc,phases   ] GC(245)   Evacuate Collection Set: 6.4ms
[2025-12-24T16:57:49.610+0000][gc,phases   ] GC(245)   Post Evacuate Collection Set: 1.0ms
[2025-12-24T16:57:49.610+0000][gc,phases   ] GC(245)   Other: 0.2ms
[2025-12-24T16:57:49.611+0000][gc,heap     ] GC(245) Eden regions: 608->0(607)
[2025-12-24T16:57:49.611+0000][gc,heap     ] GC(245) Survivor regions: 6->7(77)
[2025-12-24T16:57:49.611+0000][gc,heap     ] GC(245) Old regions: 67->67
[2025-12-24T16:57:49.611+0000][gc,heap     ] GC(245) Humongous regions: 151->151
[2025-12-24T16:57:49.611+0000][gc,metaspace] GC(245) Metaspace: 15551K(16000K)->15551K(16000K) NonClass: 13917K(14080K)->13917K(14080K) Class: 1633K(1920K)->1633K(1920K)
[2025-12-24T16:57:49.611+0000][gc          ] GC(245) Pause Young (Normal) (G1 Evacuation Pause) 830M->224M(1024M) 10.725ms
[2025-12-24T16:57:49.611+0000][gc,cpu      ] GC(245) User=0.05s Sys=0.00s Real=0.01s
[2025-12-24T16:58:26.336+0000][gc,start    ] GC(246) Pause Young (Normal) (G1 Evacuation Pause)
[2025-12-24T16:58:26.337+0000][gc,task     ] GC(246) Using 8 workers of 8 for evacuation
[2025-12-24T16:58:26.376+0000][gc,phases   ] GC(246)   Pre Evacuate Collection Set: 3.0ms
[2025-12-24T16:58:26.377+0000][gc,phases   ] GC(246)   Merge Heap Roots: 4.9ms
[2025-12-24T16:58:26.377+0000][gc,phases   ] GC(246)   Evacuate Collection Set: 23.4ms
[2025-12-24T16:58:26.386+0000][gc,phases   ] GC(246)   Post Evacuate Collection Set: 6.2ms
[2025-12-24T16:58:26.389+0000][gc,phases   ] GC(246)   Other: 1.8ms
[2025-12-24T16:58:26.389+0000][gc,heap     ] GC(246) Eden regions: 607->0(607)
[2025-12-24T16:58:26.389+0000][gc,heap     ] GC(246) Survivor regions: 7->7(77)
[2025-12-24T16:58:26.389+0000][gc,heap     ] GC(246) Old regions: 67->67
[2025-12-24T16:58:26.389+0000][gc,heap     ] GC(246) Humongous regions: 151->151
[2025-12-24T16:58:26.389+0000][gc,metaspace] GC(246) Metaspace: 15551K(16000K)->15551K(16000K) NonClass: 13917K(14080K)->13917K(14080K) Class: 1633K(1920K)->1633K(1920K)
[2025-12-24T16:58:26.390+0000][gc          ] GC(246) Pause Young (Normal) (G1 Evacuation Pause) 831M->224M(1024M) 53.908ms
[2025-12-24T16:58:26.390+0000][gc,cpu      ] GC(246) User=0.17s Sys=0.01s Real=0.05s
[2025-12-24T16:58:59.556+0000][gc,start    ] GC(247) Pause Young (Normal) (G1 Evacuation Pause)
[2025-12-24T16:58:59.556+0000][gc,task     ] GC(247) Using 8 workers of 8 for evacuation
[2025-12-24T16:58:59.579+0000][gc,phases   ] GC(247)   Pre Evacuate Collection Set: 1.3ms
[2025-12-24T16:58:59.579+0000][gc,phases   ] GC(247)   Merge Heap Roots: 0.2ms
[2025-12-24T16:58:59.579+0000][gc,phases   ] GC(247)   Evacuate Collection Set: 19.9ms
[2025-12-24T16:58:59.579+0000][gc,phases   ] GC(247)   Post Evacuate Collection Set: 1.2ms
[2025-12-24T16:58:59.579+0000][gc,phases   ] GC(247)   Other: 0.2ms
[2025-12-24T16:58:59.579+0000][gc,heap     ] GC(247) Eden regions: 607->0(605)
[2025-12-24T16:58:59.579+0000][gc,heap     ] GC(247) Survivor regions: 7->9(77)
[2025-12-24T16:58:59.579+0000][gc,heap     ] GC(247) Old regions: 67->68
[2025-12-24T16:58:59.580+0000][gc,heap     ] GC(247) Humongous regions: 151->151
[2025-12-24T16:58:59.580+0000][gc,metaspace] GC(247) Metaspace: 15551K(16000K)->15551K(16000K) NonClass: 13917K(14080K)->13917K(14080K) Class: 1633K(1920K)->1633K(1920K)
[2025-12-24T16:58:59.580+0000][gc          ] GC(247) Pause Young (Normal) (G1 Evacuation Pause) 831M->226M(1024M) 23.724ms
[2025-12-24T16:58:59.580+0000][gc,cpu      ] GC(247) User=0.15s Sys=0.00s Real=0.03s
[2025-12-24T16:59:29.789+0000][gc,start    ] GC(248) Pause Young (Normal) (G1 Evacuation Pause)
[2025-12-24T16:59:29.790+0000][gc,task     ] GC(248) Using 8 workers of 8 for evacuation
[2025-12-24T16:59:29.804+0000][gc,phases   ] GC(248)   Pre Evacuate Collection Set: 1.1ms
[2025-12-24T16:59:29.804+0000][gc,phases   ] GC(248)   Merge Heap Roots: 0.2ms
[2025-12-24T16:59:29.804+0000][gc,phases   ] GC(248)   Evacuate Collection Set: 11.9ms
[2025-12-24T16:59:29.804+0000][gc,phases   ] GC(248)   Post Evacuate Collection Set: 1.0ms
[2025-12-24T16:59:29.804+0000][gc,phases   ] GC(248)   Other: 0.2ms
[2025-12-24T16:59:29.804+0000][gc,heap     ] GC(248) Eden regions: 605->0(604)
[2025-12-24T16:59:29.805+0000][gc,heap     ] GC(248) Survivor regions: 9->10(77)
[2025-12-24T16:59:29.805+0000][gc,heap     ] GC(248) Old regions: 68->68
[2025-12-24T16:59:29.805+0000][gc,heap     ] GC(248) Humongous regions: 151->151
[2025-12-24T16:59:29.805+0000][gc,metaspace] GC(248) Metaspace: 15551K(16000K)->15551K(16000K) NonClass: 13917K(14080K)->13917K(14080K) Class: 1633K(1920K)->1633K(1920K)
[2025-12-24T16:59:29.805+0000][gc          ] GC(248) Pause Young (Normal) (G1 Evacuation Pause) 831M->228M(1024M) 15.541ms
[2025-12-24T16:59:29.805+0000][gc,cpu      ] GC(248) User=0.08s Sys=0.01s Real=0.01s
[2025-12-24T17:00:09.458+0000][gc,start    ] GC(249) Pause Young (Normal) (G1 Evacuation Pause)
[2025-12-24T17:00:09.459+0000][gc,task     ] GC(249) Using 8 workers of 8 for evacuation
[2025-12-24T17:00:09.481+0000][gc,phases   ] GC(249)   Pre Evacuate Collection Set: 1.0ms
[2025-12-24T17:00:09.481+0000][gc,phases   ] GC(249)   Merge Heap Roots: 0.2ms
[2025-12-24T17:00:09.481+0000][gc,phases   ] GC(249)   Evacuate Collection Set: 20.1ms
[2025-12-24T17:00:09.482+0000][gc,phases   ] GC(249)   Post Evacuate Collection Set: 1.1ms
[2025-12-24T17:00:09.482+0000][gc,phases   ] GC(249)   Other: 0.2ms
[2025-12-24T17:00:09.482+0000][gc,heap     ] GC(249) Eden regions: 604->0(605)
[2025-12-24T17:00:09.482+0000][gc,heap     ] GC(249) Survivor regions: 10->9(77)
[2025-12-24T17:00:09.482+0000][gc,heap     ] GC(249) Old regions: 68->68
[2025-12-24T17:00:09.482+0000][gc,heap     ] GC(249) Humongous regions: 151->151
[2025-12-24T17:00:09.482+0000][gc,metaspace] GC(249) Metaspace: 15551K(16000K)->15551K(16000K) NonClass: 13918K(14080K)->13918K(14080K) Class: 1633K(1920K)->1633K(1920K)
[2025-12-24T17:00:09.482+0000][gc          ] GC(249) Pause Young (Normal) (G1 Evacuation Pause) 832M->227M(1024M) 23.867ms
[2025-12-24T17:00:09.482+0000][gc,cpu      ] GC(249) User=0.15s Sys=0.00s Real=0.02s
[2025-12-24T17:00:39.692+0000][gc,start    ] GC(250) Pause Young (Normal) (G1 Evacuation Pause)
[2025-12-24T17:00:39.693+0000][gc,task     ] GC(250) Using 8 workers of 8 for evacuation
[2025-12-24T17:00:39.702+0000][gc,phases   ] GC(250)   Pre Evacuate Collection Set: 1.2ms
[2025-12-24T17:00:39.702+0000][gc,phases   ] GC(250)   Merge Heap Roots: 0.3ms
[2025-12-24T17:00:39.702+0000][gc,phases   ] GC(250)   Evacuate Collection Set: 6.2ms
[2025-12-24T17:00:39.702+0000][gc,phases   ] GC(250)   Post Evacuate Collection Set: 1.1ms
[2025-12-24T17:00:39.702+0000][gc,phases   ] GC(250)   Other: 0.3ms
[2025-12-24T17:00:39.702+0000][gc,heap     ] GC(250) Eden regions: 605->0(608)
[2025-12-24T17:00:39.702+0000][gc,heap     ] GC(250) Survivor regions: 9->6(77)
[2025-12-24T17:00:39.702+0000][gc,heap     ] GC(250) Old regions: 68->68
[2025-12-24T17:00:39.702+0000][gc,heap     ] GC(250) Humongous regions: 151->151
[2025-12-24T17:00:39.703+0000][gc,metaspace] GC(250) Metaspace: 15551K(16000K)->15551K(16000K) NonClass: 13918K(14080K)->13918K(14080K) Class: 1633K(1920K)->1633K(1920K)
[2025-12-24T17:00:39.703+0000][gc          ] GC(250) Pause Young (Normal) (G1 Evacuation Pause) 832M->224M(1024M) 11.023ms
[2025-12-24T17:00:39.703+0000][gc,cpu      ] GC(250) User=0.06s Sys=0.00s Real=0.01s
[2025-12-24T17:01:19.374+0000][gc,start    ] GC(251) Pause Young (Normal) (G1 Evacuation Pause)
[2025-12-24T17:01:19.376+0000][gc,task     ] GC(251) Using 8 workers of 8 for evacuation
[2025-12-24T17:01:19.393+0000][gc,phases   ] GC(251)   Pre Evacuate Collection Set: 1.2ms
[2025-12-24T17:01:19.393+0000][gc,phases   ] GC(251)   Merge Heap Roots: 0.2ms
[2025-12-24T17:01:19.393+0000][gc,phases   ] GC(251)   Evacuate Collection Set: 14.6ms
[2025-12-24T17:01:19.393+0000][gc,phases   ] GC(251)   Post Evacuate Collection Set: 1.3ms
[2025-12-24T17:01:19.393+0000][gc,phases   ] GC(251)   Other: 0.2ms
[2025-12-24T17:01:19.393+0000][gc,heap     ] GC(251) Eden regions: 608->0(608)
[2025-12-24T17:01:19.394+0000][gc,heap     ] GC(251) Survivor regions: 6->6(77)
[2025-12-24T17:01:19.394+0000][gc,heap     ] GC(251) Old regions: 68->69
[2025-12-24T17:01:19.394+0000][gc,heap     ] GC(251) Humongous regions: 151->151
[2025-12-24T17:01:19.394+0000][gc,metaspace] GC(251) Metaspace: 15554K(16000K)->15554K(16000K) NonClass: 13921K(14080K)->13921K(14080K) Class: 1633K(1920K)->1633K(1920K)
[2025-12-24T17:01:19.394+0000][gc          ] GC(251) Pause Young (Normal) (G1 Evacuation Pause) 832M->224M(1024M) 19.381ms
[2025-12-24T17:01:19.394+0000][gc,cpu      ] GC(251) User=0.10s Sys=0.01s Real=0.02s
[2025-12-24T17:01:49.629+0000][gc,start    ] GC(252) Pause Young (Normal) (G1 Evacuation Pause)
[2025-12-24T17:01:49.630+0000][gc,task     ] GC(252) Using 8 workers of 8 for evacuation
[2025-12-24T17:01:49.648+0000][gc,phases   ] GC(252)   Pre Evacuate Collection Set: 4.5ms
[2025-12-24T17:01:49.648+0000][gc,phases   ] GC(252)   Merge Heap Roots: 0.3ms
[2025-12-24T17:01:49.648+0000][gc,phases   ] GC(252)   Evacuate Collection Set: 11.2ms
[2025-12-24T17:01:49.648+0000][gc,phases   ] GC(252)   Post Evacuate Collection Set: 2.2ms
[2025-12-24T17:01:49.648+0000][gc,phases   ] GC(252)   Other: 0.3ms
[2025-12-24T17:01:49.649+0000][gc,heap     ] GC(252) Eden regions: 608->0(607)
[2025-12-24T17:01:49.649+0000][gc,heap     ] GC(252) Survivor regions: 6->7(77)
[2025-12-24T17:01:49.649+0000][gc,heap     ] GC(252) Old regions: 69->69
[2025-12-24T17:01:49.649+0000][gc,heap     ] GC(252) Humongous regions: 151->151
[2025-12-24T17:01:49.649+0000][gc,metaspace] GC(252) Metaspace: 15554K(16000K)->15554K(16000K) NonClass: 13921K(14080K)->13921K(14080K) Class: 1633K(1920K)->1633K(1920K)
[2025-12-24T17:01:49.649+0000][gc          ] GC(252) Pause Young (Normal) (G1 Evacuation Pause) 832M->226M(1024M) 20.365ms
[2025-12-24T17:01:49.649+0000][gc,cpu      ] GC(252) User=0.12s Sys=0.00s Real=0.02s
[2025-12-24T17:02:29.307+0000][gc,start    ] GC(253) Pause Young (Normal) (G1 Evacuation Pause)
[2025-12-24T17:02:29.308+0000][gc,task     ] GC(253) Using 8 workers of 8 for evacuation
[2025-12-24T17:02:29.325+0000][gc,phases   ] GC(253)   Pre Evacuate Collection Set: 5.2ms
[2025-12-24T17:02:29.325+0000][gc,phases   ] GC(253)   Merge Heap Roots: 0.2ms
[2025-12-24T17:02:29.325+0000][gc,phases   ] GC(253)   Evacuate Collection Set: 10.0ms
[2025-12-24T17:02:29.326+0000][gc,phases   ] GC(253)   Post Evacuate Collection Set: 1.1ms
[2025-12-24T17:02:29.326+0000][gc,phases   ] GC(253)   Other: 0.3ms
[2025-12-24T17:02:29.326+0000][gc,heap     ] GC(253) Eden regions: 607->0(607)
[2025-12-24T17:02:29.326+0000][gc,heap     ] GC(253) Survivor regions: 7->7(77)
[2025-12-24T17:02:29.326+0000][gc,heap     ] GC(253) Old regions: 69->69
[2025-12-24T17:02:29.326+0000][gc,heap     ] GC(253) Humongous regions: 151->151
[2025-12-24T17:02:29.326+0000][gc,metaspace] GC(253) Metaspace: 15554K(16000K)->15554K(16000K) NonClass: 13921K(14080K)->13921K(14080K) Class: 1633K(1920K)->1633K(1920K)
[2025-12-24T17:02:29.326+0000][gc          ] GC(253) Pause Young (Normal) (G1 Evacuation Pause) 833M->225M(1024M) 18.901ms
[2025-12-24T17:02:29.326+0000][gc,cpu      ] GC(253) User=0.11s Sys=0.00s Real=0.02s
[2025-12-24T17:02:59.584+0000][gc,start    ] GC(254) Pause Young (Normal) (G1 Evacuation Pause)
[2025-12-24T17:02:59.585+0000][gc,task     ] GC(254) Using 8 workers of 8 for evacuation
[2025-12-24T17:02:59.599+0000][gc,phases   ] GC(254)   Pre Evacuate Collection Set: 2.9ms
[2025-12-24T17:02:59.599+0000][gc,phases   ] GC(254)   Merge Heap Roots: 0.5ms
[2025-12-24T17:02:59.599+0000][gc,phases   ] GC(254)   Evacuate Collection Set: 9.3ms
[2025-12-24T17:02:59.599+0000][gc,phases   ] GC(254)   Post Evacuate Collection Set: 1.0ms
[2025-12-24T17:02:59.599+0000][gc,phases   ] GC(254)   Other: 0.4ms
[2025-12-24T17:02:59.599+0000][gc,heap     ] GC(254) Eden regions: 607->0(605)
[2025-12-24T17:02:59.599+0000][gc,heap     ] GC(254) Survivor regions: 7->9(77)
[2025-12-24T17:02:59.600+0000][gc,heap     ] GC(254) Old regions: 69->69
[2025-12-24T17:02:59.600+0000][gc,heap     ] GC(254) Humongous regions: 151->151
[2025-12-24T17:02:59.600+0000][gc,metaspace] GC(254) Metaspace: 15555K(16000K)->15555K(16000K) NonClass: 13921K(14080K)->13921K(14080K) Class: 1633K(1920K)->1633K(1920K)
[2025-12-24T17:02:59.600+0000][gc          ] GC(254) Pause Young (Normal) (G1 Evacuation Pause) 832M->227M(1024M) 15.572ms
[2025-12-24T17:02:59.600+0000][gc,cpu      ] GC(254) User=0.09s Sys=0.00s Real=0.02s
[2025-12-24T17:03:29.844+0000][gc,start    ] GC(255) Pause Young (Normal) (G1 Evacuation Pause)
[2025-12-24T17:03:29.845+0000][gc,task     ] GC(255) Using 8 workers of 8 for evacuation
[2025-12-24T17:03:29.859+0000][gc,phases   ] GC(255)   Pre Evacuate Collection Set: 1.1ms
[2025-12-24T17:03:29.859+0000][gc,phases   ] GC(255)   Merge Heap Roots: 0.3ms
[2025-12-24T17:03:29.859+0000][gc,phases   ] GC(255)   Evacuate Collection Set: 11.5ms
[2025-12-24T17:03:29.859+0000][gc,phases   ] GC(255)   Post Evacuate Collection Set: 1.1ms
[2025-12-24T17:03:29.859+0000][gc,phases   ] GC(255)   Other: 0.3ms
[2025-12-24T17:03:29.859+0000][gc,heap     ] GC(255) Eden regions: 605->0(604)
[2025-12-24T17:03:29.860+0000][gc,heap     ] GC(255) Survivor regions: 9->10(77)
[2025-12-24T17:03:29.860+0000][gc,heap     ] GC(255) Old regions: 69->69
[2025-12-24T17:03:29.860+0000][gc,heap     ] GC(255) Humongous regions: 151->151
[2025-12-24T17:03:29.860+0000][gc,metaspace] GC(255) Metaspace: 15561K(16000K)->15561K(16000K) NonClass: 13927K(14080K)->13927K(14080K) Class: 1633K(1920K)->1633K(1920K)
[2025-12-24T17:03:29.860+0000][gc          ] GC(255) Pause Young (Normal) (G1 Evacuation Pause) 832M->229M(1024M) 15.630ms
[2025-12-24T17:03:29.860+0000][gc,cpu      ] GC(255) User=0.08s Sys=0.00s Real=0.02s
[2025-12-24T17:04:09.475+0000][gc,start    ] GC(256) Pause Young (Normal) (G1 Evacuation Pause)
[2025-12-24T17:04:09.476+0000][gc,task     ] GC(256) Using 8 workers of 8 for evacuation
[2025-12-24T17:04:09.496+0000][gc,phases   ] GC(256)   Pre Evacuate Collection Set: 1.1ms
[2025-12-24T17:04:09.496+0000][gc,phases   ] GC(256)   Merge Heap Roots: 0.3ms
[2025-12-24T17:04:09.496+0000][gc,phases   ] GC(256)   Evacuate Collection Set: 16.9ms
[2025-12-24T17:04:09.496+0000][gc,phases   ] GC(256)   Post Evacuate Collection Set: 1.2ms
[2025-12-24T17:04:09.496+0000][gc,phases   ] GC(256)   Other: 0.2ms
[2025-12-24T17:04:09.496+0000][gc,heap     ] GC(256) Eden regions: 604->0(605)
[2025-12-24T17:04:09.496+0000][gc,heap     ] GC(256) Survivor regions: 10->9(77)
[2025-12-24T17:04:09.496+0000][gc,heap     ] GC(256) Old regions: 69->70
[2025-12-24T17:04:09.496+0000][gc,heap     ] GC(256) Humongous regions: 151->151
[2025-12-24T17:04:09.496+0000][gc,metaspace] GC(256) Metaspace: 15561K(16000K)->15561K(16000K) NonClass: 13927K(14080K)->13927K(14080K) Class: 1633K(1920K)->1633K(1920K)
[2025-12-24T17:04:09.497+0000][gc          ] GC(256) Pause Young (Normal) (G1 Evacuation Pause) 833M->229M(1024M) 21.557ms
[2025-12-24T17:04:09.497+0000][gc,cpu      ] GC(256) User=0.12s Sys=0.00s Real=0.02s
[2025-12-24T17:04:39.717+0000][gc,start    ] GC(257) Pause Young (Normal) (G1 Evacuation Pause)
[2025-12-24T17:04:39.718+0000][gc,task     ] GC(257) Using 8 workers of 8 for evacuation
[2025-12-24T17:04:39.726+0000][gc,phases   ] GC(257)   Pre Evacuate Collection Set: 1.1ms
[2025-12-24T17:04:39.726+0000][gc,phases   ] GC(257)   Merge Heap Roots: 0.2ms
[2025-12-24T17:04:39.726+0000][gc,phases   ] GC(257)   Evacuate Collection Set: 5.4ms
[2025-12-24T17:04:39.726+0000][gc,phases   ] GC(257)   Post Evacuate Collection Set: 1.0ms
[2025-12-24T17:04:39.726+0000][gc,phases   ] GC(257)   Other: 0.2ms
[2025-12-24T17:04:39.726+0000][gc,heap     ] GC(257) Eden regions: 605->0(608)
[2025-12-24T17:04:39.726+0000][gc,heap     ] GC(257) Survivor regions: 9->6(77)
[2025-12-24T17:04:39.726+0000][gc,heap     ] GC(257) Old regions: 70->70
[2025-12-24T17:04:39.726+0000][gc,heap     ] GC(257) Humongous regions: 151->151
[2025-12-24T17:04:39.726+0000][gc,metaspace] GC(257) Metaspace: 15561K(16000K)->15561K(16000K) NonClass: 13927K(14080K)->13927K(14080K) Class: 1633K(1920K)->1633K(1920K)
[2025-12-24T17:04:39.726+0000][gc          ] GC(257) Pause Young (Normal) (G1 Evacuation Pause) 834M->226M(1024M) 9.262ms
[2025-12-24T17:04:39.726+0000][gc,cpu      ] GC(257) User=0.05s Sys=0.01s Real=0.01s
[2025-12-24T17:05:19.431+0000][gc,start    ] GC(258) Pause Young (Normal) (G1 Evacuation Pause)
[2025-12-24T17:05:19.431+0000][gc,task     ] GC(258) Using 8 workers of 8 for evacuation
[2025-12-24T17:05:19.470+0000][gc,phases   ] GC(258)   Pre Evacuate Collection Set: 3.4ms
[2025-12-24T17:05:19.470+0000][gc,phases   ] GC(258)   Merge Heap Roots: 0.6ms
[2025-12-24T17:05:19.471+0000][gc,phases   ] GC(258)   Evacuate Collection Set: 32.4ms
[2025-12-24T17:05:19.471+0000][gc,phases   ] GC(258)   Post Evacuate Collection Set: 1.6ms
[2025-12-24T17:05:19.471+0000][gc,phases   ] GC(258)   Other: 0.7ms
[2025-12-24T17:05:19.471+0000][gc,heap     ] GC(258) Eden regions: 608->0(609)
[2025-12-24T17:05:19.471+0000][gc,heap     ] GC(258) Survivor regions: 6->5(77)
[2025-12-24T17:05:19.471+0000][gc,heap     ] GC(258) Old regions: 70->70
[2025-12-24T17:05:19.471+0000][gc,heap     ] GC(258) Humongous regions: 151->151
[2025-12-24T17:05:19.472+0000][gc,metaspace] GC(258) Metaspace: 15561K(16000K)->15561K(16000K) NonClass: 13927K(14080K)->13927K(14080K) Class: 1633K(1920K)->1633K(1920K)
[2025-12-24T17:05:19.472+0000][gc          ] GC(258) Pause Young (Normal) (G1 Evacuation Pause) 834M->225M(1024M) 41.861ms
[2025-12-24T17:05:19.473+0000][gc,cpu      ] GC(258) User=0.23s Sys=0.01s Real=0.04s
[2025-12-24T17:05:49.661+0000][gc,start    ] GC(259) Pause Young (Normal) (G1 Evacuation Pause)
[2025-12-24T17:05:49.662+0000][gc,task     ] GC(259) Using 8 workers of 8 for evacuation
[2025-12-24T17:05:49.674+0000][gc,phases   ] GC(259)   Pre Evacuate Collection Set: 1.0ms
[2025-12-24T17:05:49.674+0000][gc,phases   ] GC(259)   Merge Heap Roots: 0.2ms
[2025-12-24T17:05:49.674+0000][gc,phases   ] GC(259)   Evacuate Collection Set: 9.4ms
[2025-12-24T17:05:49.674+0000][gc,phases   ] GC(259)   Post Evacuate Collection Set: 1.1ms
[2025-12-24T17:05:49.674+0000][gc,phases   ] GC(259)   Other: 0.2ms
[2025-12-24T17:05:49.674+0000][gc,heap     ] GC(259) Eden regions: 609->0(607)
[2025-12-24T17:05:49.674+0000][gc,heap     ] GC(259) Survivor regions: 5->7(77)
[2025-12-24T17:05:49.674+0000][gc,heap     ] GC(259) Old regions: 70->70
[2025-12-24T17:05:49.674+0000][gc,heap     ] GC(259) Humongous regions: 151->151
[2025-12-24T17:05:49.674+0000][gc,metaspace] GC(259) Metaspace: 15561K(16000K)->15561K(16000K) NonClass: 13927K(14080K)->13927K(14080K) Class: 1633K(1920K)->1633K(1920K)
[2025-12-24T17:05:49.674+0000][gc          ] GC(259) Pause Young (Normal) (G1 Evacuation Pause) 834M->227M(1024M) 13.227ms
[2025-12-24T17:05:49.675+0000][gc,cpu      ] GC(259) User=0.06s Sys=0.01s Real=0.02s
[2025-12-24T17:06:29.367+0000][gc,start    ] GC(260) Pause Young (Normal) (G1 Evacuation Pause)
[2025-12-24T17:06:29.367+0000][gc,task     ] GC(260) Using 8 workers of 8 for evacuation
[2025-12-24T17:06:29.384+0000][gc,phases   ] GC(260)   Pre Evacuate Collection Set: 1.0ms
[2025-12-24T17:06:29.384+0000][gc,phases   ] GC(260)   Merge Heap Roots: 0.3ms
[2025-12-24T17:06:29.384+0000][gc,phases   ] GC(260)   Evacuate Collection Set: 11.3ms
[2025-12-24T17:06:29.384+0000][gc,phases   ] GC(260)   Post Evacuate Collection Set: 3.6ms
[2025-12-24T17:06:29.384+0000][gc,phases   ] GC(260)   Other: 0.2ms
[2025-12-24T17:06:29.384+0000][gc,heap     ] GC(260) Eden regions: 607->0(608)
[2025-12-24T17:06:29.384+0000][gc,heap     ] GC(260) Survivor regions: 7->6(77)
[2025-12-24T17:06:29.384+0000][gc,heap     ] GC(260) Old regions: 70->71
[2025-12-24T17:06:29.384+0000][gc,heap     ] GC(260) Humongous regions: 151->151
[2025-12-24T17:06:29.384+0000][gc,metaspace] GC(260) Metaspace: 15561K(16000K)->15561K(16000K) NonClass: 13927K(14080K)->13927K(14080K) Class: 1633K(1920K)->1633K(1920K)
[2025-12-24T17:06:29.385+0000][gc          ] GC(260) Pause Young (Normal) (G1 Evacuation Pause) 834M->227M(1024M) 17.629ms
[2025-12-24T17:06:29.385+0000][gc,cpu      ] GC(260) User=0.10s Sys=0.00s Real=0.02s
[2025-12-24T17:06:59.758+0000][gc,start    ] GC(261) Pause Young (Normal) (G1 Evacuation Pause)
[2025-12-24T17:06:59.759+0000][gc,task     ] GC(261) Using 8 workers of 8 for evacuation
[2025-12-24T17:06:59.777+0000][gc,phases   ] GC(261)   Pre Evacuate Collection Set: 1.5ms
[2025-12-24T17:06:59.777+0000][gc,phases   ] GC(261)   Merge Heap Roots: 0.3ms
[2025-12-24T17:06:59.777+0000][gc,phases   ] GC(261)   Evacuate Collection Set: 14.4ms
[2025-12-24T17:06:59.777+0000][gc,phases   ] GC(261)   Post Evacuate Collection Set: 1.3ms
[2025-12-24T17:06:59.777+0000][gc,phases   ] GC(261)   Other: 0.3ms
[2025-12-24T17:06:59.777+0000][gc,heap     ] GC(261) Eden regions: 608->0(606)
[2025-12-24T17:06:59.777+0000][gc,heap     ] GC(261) Survivor regions: 6->8(77)
[2025-12-24T17:06:59.777+0000][gc,heap     ] GC(261) Old regions: 71->71
[2025-12-24T17:06:59.777+0000][gc,heap     ] GC(261) Humongous regions: 151->151
[2025-12-24T17:06:59.777+0000][gc,metaspace] GC(261) Metaspace: 15562K(16000K)->15562K(16000K) NonClass: 13928K(14080K)->13928K(14080K) Class: 1633K(1920K)->1633K(1920K)
[2025-12-24T17:06:59.777+0000][gc          ] GC(261) Pause Young (Normal) (G1 Evacuation Pause) 835M->229M(1024M) 19.013ms
[2025-12-24T17:06:59.778+0000][gc,cpu      ] GC(261) User=0.11s Sys=0.00s Real=0.02s
[2025-12-24T17:07:29.853+0000][gc,start    ] GC(262) Pause Young (Normal) (G1 Evacuation Pause)
[2025-12-24T17:07:29.854+0000][gc,task     ] GC(262) Using 8 workers of 8 for evacuation
[2025-12-24T17:07:29.870+0000][gc,phases   ] GC(262)   Pre Evacuate Collection Set: 1.0ms
[2025-12-24T17:07:29.870+0000][gc,phases   ] GC(262)   Merge Heap Roots: 0.2ms
[2025-12-24T17:07:29.870+0000][gc,phases   ] GC(262)   Evacuate Collection Set: 12.8ms
[2025-12-24T17:07:29.870+0000][gc,phases   ] GC(262)   Post Evacuate Collection Set: 1.4ms
[2025-12-24T17:07:29.870+0000][gc,phases   ] GC(262)   Other: 0.2ms
[2025-12-24T17:07:29.870+0000][gc,heap     ] GC(262) Eden regions: 606->0(604)
[2025-12-24T17:07:29.870+0000][gc,heap     ] GC(262) Survivor regions: 8->10(77)
[2025-12-24T17:07:29.870+0000][gc,heap     ] GC(262) Old regions: 71->71
[2025-12-24T17:07:29.870+0000][gc,heap     ] GC(262) Humongous regions: 151->151
[2025-12-24T17:07:29.870+0000][gc,metaspace] GC(262) Metaspace: 15563K(16000K)->15563K(16000K) NonClass: 13930K(14080K)->13930K(14080K) Class: 1633K(1920K)->1633K(1920K)
[2025-12-24T17:07:29.871+0000][gc          ] GC(262) Pause Young (Normal) (G1 Evacuation Pause) 835M->231M(1024M) 17.567ms
[2025-12-24T17:07:29.871+0000][gc,cpu      ] GC(262) User=0.09s Sys=0.01s Real=0.02s
[2025-12-24T17:08:09.523+0000][gc,start    ] GC(263) Pause Young (Normal) (G1 Evacuation Pause)
[2025-12-24T17:08:09.523+0000][gc,task     ] GC(263) Using 8 workers of 8 for evacuation
[2025-12-24T17:08:09.545+0000][gc,phases   ] GC(263)   Pre Evacuate Collection Set: 1.2ms
[2025-12-24T17:08:09.545+0000][gc,phases   ] GC(263)   Merge Heap Roots: 0.8ms
[2025-12-24T17:08:09.545+0000][gc,phases   ] GC(263)   Evacuate Collection Set: 18.0ms
[2025-12-24T17:08:09.545+0000][gc,phases   ] GC(263)   Post Evacuate Collection Set: 1.4ms
[2025-12-24T17:08:09.545+0000][gc,phases   ] GC(263)   Other: 0.3ms
[2025-12-24T17:08:09.546+0000][gc,heap     ] GC(263) Eden regions: 604->0(605)
[2025-12-24T17:08:09.546+0000][gc,heap     ] GC(263) Survivor regions: 10->9(77)
[2025-12-24T17:08:09.546+0000][gc,heap     ] GC(263) Old regions: 71->71
[2025-12-24T17:08:09.546+0000][gc,heap     ] GC(263) Humongous regions: 151->151
[2025-12-24T17:08:09.546+0000][gc,metaspace] GC(263) Metaspace: 15563K(16000K)->15563K(16000K) NonClass: 13930K(14080K)->13930K(14080K) Class: 1633K(1920K)->1633K(1920K)
[2025-12-24T17:08:09.546+0000][gc          ] GC(263) Pause Young (Normal) (G1 Evacuation Pause) 835M->230M(1024M) 23.332ms
[2025-12-24T17:08:09.546+0000][gc,cpu      ] GC(263) User=0.15s Sys=0.01s Real=0.02s
[2025-12-24T17:08:39.797+0000][gc,start    ] GC(264) Pause Young (Normal) (G1 Evacuation Pause)
[2025-12-24T17:08:39.799+0000][gc,task     ] GC(264) Using 8 workers of 8 for evacuation
[2025-12-24T17:08:39.814+0000][gc,phases   ] GC(264)   Pre Evacuate Collection Set: 1.9ms
[2025-12-24T17:08:39.815+0000][gc,phases   ] GC(264)   Merge Heap Roots: 0.2ms
[2025-12-24T17:08:39.815+0000][gc,phases   ] GC(264)   Evacuate Collection Set: 12.0ms
[2025-12-24T17:08:39.815+0000][gc,phases   ] GC(264)   Post Evacuate Collection Set: 1.3ms
[2025-12-24T17:08:39.815+0000][gc,phases   ] GC(264)   Other: 0.5ms
[2025-12-24T17:08:39.815+0000][gc,heap     ] GC(264) Eden regions: 605->0(603)
[2025-12-24T17:08:39.815+0000][gc,heap     ] GC(264) Survivor regions: 9->11(77)
[2025-12-24T17:08:39.815+0000][gc,heap     ] GC(264) Old regions: 71->72
[2025-12-24T17:08:39.815+0000][gc,heap     ] GC(264) Humongous regions: 151->151
[2025-12-24T17:08:39.815+0000][gc,metaspace] GC(264) Metaspace: 15563K(16000K)->15563K(16000K) NonClass: 13930K(14080K)->13930K(14080K) Class: 1633K(1920K)->1633K(1920K)
[2025-12-24T17:08:39.815+0000][gc          ] GC(264) Pause Young (Normal) (G1 Evacuation Pause) 835M->232M(1024M) 18.065ms
[2025-12-24T17:08:39.816+0000][gc,cpu      ] GC(264) User=0.09s Sys=0.00s Real=0.02s
[2025-12-24T17:09:19.438+0000][gc,start    ] GC(265) Pause Young (Normal) (G1 Evacuation Pause)
[2025-12-24T17:09:19.438+0000][gc,task     ] GC(265) Using 8 workers of 8 for evacuation
[2025-12-24T17:09:19.455+0000][gc,phases   ] GC(265)   Pre Evacuate Collection Set: 1.1ms
[2025-12-24T17:09:19.455+0000][gc,phases   ] GC(265)   Merge Heap Roots: 0.3ms
[2025-12-24T17:09:19.456+0000][gc,phases   ] GC(265)   Evacuate Collection Set: 14.2ms
[2025-12-24T17:09:19.456+0000][gc,phases   ] GC(265)   Post Evacuate Collection Set: 1.2ms
[2025-12-24T17:09:19.456+0000][gc,phases   ] GC(265)   Other: 0.2ms
[2025-12-24T17:09:19.456+0000][gc,heap     ] GC(265) Eden regions: 603->0(609)
[2025-12-24T17:09:19.456+0000][gc,heap     ] GC(265) Survivor regions: 11->5(77)
[2025-12-24T17:09:19.456+0000][gc,heap     ] GC(265) Old regions: 72->72
[2025-12-24T17:09:19.456+0000][gc,heap     ] GC(265) Humongous regions: 151->151
[2025-12-24T17:09:19.456+0000][gc,metaspace] GC(265) Metaspace: 15563K(16000K)->15563K(16000K) NonClass: 13930K(14080K)->13930K(14080K) Class: 1633K(1920K)->1633K(1920K)
[2025-12-24T17:09:19.456+0000][gc          ] GC(265) Pause Young (Normal) (G1 Evacuation Pause) 835M->227M(1024M) 18.252ms
[2025-12-24T17:09:19.456+0000][gc,cpu      ] GC(265) User=0.11s Sys=0.00s Real=0.02s
[2025-12-24T17:09:49.661+0000][gc,start    ] GC(266) Pause Young (Normal) (G1 Evacuation Pause)
[2025-12-24T17:09:49.662+0000][gc,task     ] GC(266) Using 8 workers of 8 for evacuation
[2025-12-24T17:09:49.677+0000][gc,phases   ] GC(266)   Pre Evacuate Collection Set: 1.1ms
[2025-12-24T17:09:49.677+0000][gc,phases   ] GC(266)   Merge Heap Roots: 0.3ms
[2025-12-24T17:09:49.677+0000][gc,phases   ] GC(266)   Evacuate Collection Set: 11.9ms
[2025-12-24T17:09:49.677+0000][gc,phases   ] GC(266)   Post Evacuate Collection Set: 1.1ms
[2025-12-24T17:09:49.677+0000][gc,phases   ] GC(266)   Other: 0.2ms
[2025-12-24T17:09:49.677+0000][gc,heap     ] GC(266) Eden regions: 609->0(607)
[2025-12-24T17:09:49.677+0000][gc,heap     ] GC(266) Survivor regions: 5->7(77)
[2025-12-24T17:09:49.677+0000][gc,heap     ] GC(266) Old regions: 72->72
[2025-12-24T17:09:49.677+0000][gc,heap     ] GC(266) Humongous regions: 151->151
[2025-12-24T17:09:49.677+0000][gc,metaspace] GC(266) Metaspace: 15563K(16000K)->15563K(16000K) NonClass: 13930K(14080K)->13930K(14080K) Class: 1633K(1920K)->1633K(1920K)
[2025-12-24T17:09:49.677+0000][gc          ] GC(266) Pause Young (Normal) (G1 Evacuation Pause) 836M->229M(1024M) 16.393ms
[2025-12-24T17:09:49.677+0000][gc,cpu      ] GC(266) User=0.09s Sys=0.00s Real=0.02s
[2025-12-24T17:10:29.347+0000][gc,start    ] GC(267) Pause Young (Normal) (G1 Evacuation Pause)
[2025-12-24T17:10:29.347+0000][gc,task     ] GC(267) Using 8 workers of 8 for evacuation
[2025-12-24T17:10:29.364+0000][gc,phases   ] GC(267)   Pre Evacuate Collection Set: 1.7ms
[2025-12-24T17:10:29.364+0000][gc,phases   ] GC(267)   Merge Heap Roots: 0.3ms
[2025-12-24T17:10:29.364+0000][gc,phases   ] GC(267)   Evacuate Collection Set: 13.1ms
[2025-12-24T17:10:29.365+0000][gc,phases   ] GC(267)   Post Evacuate Collection Set: 1.4ms
[2025-12-24T17:10:29.365+0000][gc,phases   ] GC(267)   Other: 0.3ms
[2025-12-24T17:10:29.365+0000][gc,heap     ] GC(267) Eden regions: 607->0(608)
[2025-12-24T17:10:29.365+0000][gc,heap     ] GC(267) Survivor regions: 7->6(77)
[2025-12-24T17:10:29.365+0000][gc,heap     ] GC(267) Old regions: 72->72
[2025-12-24T17:10:29.365+0000][gc,heap     ] GC(267) Humongous regions: 151->151
[2025-12-24T17:10:29.365+0000][gc,metaspace] GC(267) Metaspace: 15564K(16000K)->15564K(16000K) NonClass: 13930K(14080K)->13930K(14080K) Class: 1633K(1920K)->1633K(1920K)
[2025-12-24T17:10:29.365+0000][gc          ] GC(267) Pause Young (Normal) (G1 Evacuation Pause) 836M->228M(1024M) 18.051ms
[2025-12-24T17:10:29.365+0000][gc,cpu      ] GC(267) User=0.10s Sys=0.00s Real=0.02s
[2025-12-24T17:10:59.602+0000][gc,start    ] GC(268) Pause Young (Normal) (G1 Evacuation Pause)
[2025-12-24T17:10:59.603+0000][gc,task     ] GC(268) Using 8 workers of 8 for evacuation
[2025-12-24T17:10:59.625+0000][gc,phases   ] GC(268)   Pre Evacuate Collection Set: 2.8ms
[2025-12-24T17:10:59.625+0000][gc,phases   ] GC(268)   Merge Heap Roots: 0.9ms
[2025-12-24T17:10:59.625+0000][gc,phases   ] GC(268)   Evacuate Collection Set: 16.0ms
[2025-12-24T17:10:59.625+0000][gc,phases   ] GC(268)   Post Evacuate Collection Set: 1.5ms
[2025-12-24T17:10:59.626+0000][gc,phases   ] GC(268)   Other: 0.8ms
[2025-12-24T17:10:59.626+0000][gc,heap     ] GC(268) Eden regions: 608->0(606)
[2025-12-24T17:10:59.626+0000][gc,heap     ] GC(268) Survivor regions: 6->8(77)
[2025-12-24T17:10:59.626+0000][gc,heap     ] GC(268) Old regions: 72->72
[2025-12-24T17:10:59.626+0000][gc,heap     ] GC(268) Humongous regions: 151->151
[2025-12-24T17:10:59.626+0000][gc,metaspace] GC(268) Metaspace: 15564K(16000K)->15564K(16000K) NonClass: 13930K(14080K)->13930K(14080K) Class: 1633K(1920K)->1633K(1920K)
[2025-12-24T17:10:59.626+0000][gc          ] GC(268) Pause Young (Normal) (G1 Evacuation Pause) 836M->230M(1024M) 24.138ms
[2025-12-24T17:10:59.626+0000][gc,cpu      ] GC(268) User=0.13s Sys=0.00s Real=0.03s
[2025-12-24T17:11:29.941+0000][gc,start    ] GC(269) Pause Young (Normal) (G1 Evacuation Pause)
[2025-12-24T17:11:29.942+0000][gc,task     ] GC(269) Using 8 workers of 8 for evacuation
[2025-12-24T17:11:30.111+0000][gc,phases   ] GC(269)   Pre Evacuate Collection Set: 1.8ms
[2025-12-24T17:11:30.112+0000][gc,phases   ] GC(269)   Merge Heap Roots: 0.4ms
[2025-12-24T17:11:30.112+0000][gc,phases   ] GC(269)   Evacuate Collection Set: 157.8ms
[2025-12-24T17:11:30.114+0000][gc,phases   ] GC(269)   Post Evacuate Collection Set: 8.5ms
[2025-12-24T17:11:30.116+0000][gc,phases   ] GC(269)   Other: 0.4ms
[2025-12-24T17:11:30.117+0000][gc,heap     ] GC(269) Eden regions: 606->0(606)
[2025-12-24T17:11:30.118+0000][gc,heap     ] GC(269) Survivor regions: 8->8(77)
[2025-12-24T17:11:30.118+0000][gc,heap     ] GC(269) Old regions: 72->73
[2025-12-24T17:11:30.119+0000][gc,heap     ] GC(269) Humongous regions: 151->151
[2025-12-24T17:11:30.119+0000][gc,metaspace] GC(269) Metaspace: 15569K(16000K)->15569K(16000K) NonClass: 13936K(14080K)->13936K(14080K) Class: 1633K(1920K)->1633K(1920K)
[2025-12-24T17:11:30.121+0000][gc          ] GC(269) Pause Young (Normal) (G1 Evacuation Pause) 836M->230M(1024M) 179.178ms
[2025-12-24T17:11:30.122+0000][gc,cpu      ] GC(269) User=0.83s Sys=0.08s Real=0.18s
[2025-12-24T17:12:09.508+0000][gc,start    ] GC(270) Pause Young (Normal) (G1 Evacuation Pause)
[2025-12-24T17:12:09.509+0000][gc,task     ] GC(270) Using 8 workers of 8 for evacuation
[2025-12-24T17:12:09.528+0000][gc,phases   ] GC(270)   Pre Evacuate Collection Set: 4.3ms
[2025-12-24T17:12:09.528+0000][gc,phases   ] GC(270)   Merge Heap Roots: 0.7ms
[2025-12-24T17:12:09.528+0000][gc,phases   ] GC(270)   Evacuate Collection Set: 12.2ms
[2025-12-24T17:12:09.528+0000][gc,phases   ] GC(270)   Post Evacuate Collection Set: 1.5ms
[2025-12-24T17:12:09.528+0000][gc,phases   ] GC(270)   Other: 0.4ms
[2025-12-24T17:12:09.528+0000][gc,heap     ] GC(270) Eden regions: 606->0(605)
[2025-12-24T17:12:09.528+0000][gc,heap     ] GC(270) Survivor regions: 8->9(77)
[2025-12-24T17:12:09.528+0000][gc,heap     ] GC(270) Old regions: 73->73
[2025-12-24T17:12:09.528+0000][gc,heap     ] GC(270) Humongous regions: 151->151
[2025-12-24T17:12:09.529+0000][gc,metaspace] GC(270) Metaspace: 15569K(16000K)->15569K(16000K) NonClass: 13936K(14080K)->13936K(14080K) Class: 1633K(1920K)->1633K(1920K)
[2025-12-24T17:12:09.529+0000][gc          ] GC(270) Pause Young (Normal) (G1 Evacuation Pause) 836M->232M(1024M) 20.545ms
[2025-12-24T17:12:09.529+0000][gc,cpu      ] GC(270) User=0.10s Sys=0.00s Real=0.02s
[2025-12-24T17:12:39.911+0000][gc,start    ] GC(271) Pause Young (Normal) (G1 Evacuation Pause)
[2025-12-24T17:12:39.912+0000][gc,task     ] GC(271) Using 8 workers of 8 for evacuation
[2025-12-24T17:12:39.950+0000][gc,phases   ] GC(271)   Pre Evacuate Collection Set: 4.3ms
[2025-12-24T17:12:39.952+0000][gc,phases   ] GC(271)   Merge Heap Roots: 2.0ms
[2025-12-24T17:12:39.952+0000][gc,phases   ] GC(271)   Evacuate Collection Set: 23.9ms
[2025-12-24T17:12:39.952+0000][gc,phases   ] GC(271)   Post Evacuate Collection Set: 6.7ms
[2025-12-24T17:12:39.952+0000][gc,phases   ] GC(271)   Other: 1.7ms
[2025-12-24T17:12:39.952+0000][gc,heap     ] GC(271) Eden regions: 605->0(603)
[2025-12-24T17:12:39.953+0000][gc,heap     ] GC(271) Survivor regions: 9->11(77)
[2025-12-24T17:12:39.953+0000][gc,heap     ] GC(271) Old regions: 73->73
[2025-12-24T17:12:39.953+0000][gc,heap     ] GC(271) Humongous regions: 151->151
[2025-12-24T17:12:39.953+0000][gc,metaspace] GC(271) Metaspace: 15569K(16000K)->15569K(16000K) NonClass: 13936K(14080K)->13936K(14080K) Class: 1633K(1920K)->1633K(1920K)
[2025-12-24T17:12:39.953+0000][gc          ] GC(271) Pause Young (Normal) (G1 Evacuation Pause) 837M->234M(1024M) 42.773ms
[2025-12-24T17:12:39.953+0000][gc,cpu      ] GC(271) User=0.14s Sys=0.01s Real=0.04s
[2025-12-24T17:13:19.429+0000][gc,start    ] GC(272) Pause Young (Normal) (G1 Evacuation Pause)
[2025-12-24T17:13:19.429+0000][gc,task     ] GC(272) Using 8 workers of 8 for evacuation
[2025-12-24T17:13:19.448+0000][gc,phases   ] GC(272)   Pre Evacuate Collection Set: 1.2ms
[2025-12-24T17:13:19.448+0000][gc,phases   ] GC(272)   Merge Heap Roots: 0.3ms
[2025-12-24T17:13:19.448+0000][gc,phases   ] GC(272)   Evacuate Collection Set: 15.9ms
[2025-12-24T17:13:19.448+0000][gc,phases   ] GC(272)   Post Evacuate Collection Set: 1.0ms
[2025-12-24T17:13:19.448+0000][gc,phases   ] GC(272)   Other: 0.2ms
[2025-12-24T17:13:19.448+0000][gc,heap     ] GC(272) Eden regions: 603->0(608)
[2025-12-24T17:13:19.448+0000][gc,heap     ] GC(272) Survivor regions: 11->6(77)
[2025-12-24T17:13:19.449+0000][gc,heap     ] GC(272) Old regions: 73->73
[2025-12-24T17:13:19.449+0000][gc,heap     ] GC(272) Humongous regions: 151->151
[2025-12-24T17:13:19.449+0000][gc,metaspace] GC(272) Metaspace: 15569K(16000K)->15569K(16000K) NonClass: 13936K(14080K)->13936K(14080K) Class: 1633K(1920K)->1633K(1920K)
[2025-12-24T17:13:19.449+0000][gc          ] GC(272) Pause Young (Normal) (G1 Evacuation Pause) 837M->229M(1024M) 19.749ms
[2025-12-24T17:13:19.449+0000][gc,cpu      ] GC(272) User=0.12s Sys=0.01s Real=0.02s
[2025-12-24T17:13:49.691+0000][gc,start    ] GC(273) Pause Young (Normal) (G1 Evacuation Pause)
[2025-12-24T17:13:49.692+0000][gc,task     ] GC(273) Using 8 workers of 8 for evacuation
[2025-12-24T17:13:49.712+0000][gc,phases   ] GC(273)   Pre Evacuate Collection Set: 4.2ms
[2025-12-24T17:13:49.713+0000][gc,phases   ] GC(273)   Merge Heap Roots: 0.6ms
[2025-12-24T17:13:49.713+0000][gc,phases   ] GC(273)   Evacuate Collection Set: 13.6ms
[2025-12-24T17:13:49.713+0000][gc,phases   ] GC(273)   Post Evacuate Collection Set: 1.2ms
[2025-12-24T17:13:49.713+0000][gc,phases   ] GC(273)   Other: 0.4ms
[2025-12-24T17:13:49.713+0000][gc,heap     ] GC(273) Eden regions: 608->0(607)
[2025-12-24T17:13:49.713+0000][gc,heap     ] GC(273) Survivor regions: 6->7(77)
[2025-12-24T17:13:49.713+0000][gc,heap     ] GC(273) Old regions: 73->74
[2025-12-24T17:13:49.713+0000][gc,heap     ] GC(273) Humongous regions: 151->151
[2025-12-24T17:13:49.713+0000][gc,metaspace] GC(273) Metaspace: 15569K(16000K)->15569K(16000K) NonClass: 13936K(14080K)->13936K(14080K) Class: 1633K(1920K)->1633K(1920K)
[2025-12-24T17:13:49.713+0000][gc          ] GC(273) Pause Young (Normal) (G1 Evacuation Pause) 837M->230M(1024M) 22.007ms
[2025-12-24T17:13:49.713+0000][gc,cpu      ] GC(273) User=0.13s Sys=0.00s Real=0.02s
[2025-12-24T17:14:29.383+0000][gc,start    ] GC(274) Pause Young (Normal) (G1 Evacuation Pause)
[2025-12-24T17:14:29.383+0000][gc,task     ] GC(274) Using 8 workers of 8 for evacuation
[2025-12-24T17:14:29.407+0000][gc,phases   ] GC(274)   Pre Evacuate Collection Set: 1.1ms
[2025-12-24T17:14:29.407+0000][gc,phases   ] GC(274)   Merge Heap Roots: 0.2ms
[2025-12-24T17:14:29.407+0000][gc,phases   ] GC(274)   Evacuate Collection Set: 20.4ms
[2025-12-24T17:14:29.407+0000][gc,phases   ] GC(274)   Post Evacuate Collection Set: 1.3ms
[2025-12-24T17:14:29.407+0000][gc,phases   ] GC(274)   Other: 0.2ms
[2025-12-24T17:14:29.407+0000][gc,heap     ] GC(274) Eden regions: 607->0(608)
[2025-12-24T17:14:29.407+0000][gc,heap     ] GC(274) Survivor regions: 7->6(77)
[2025-12-24T17:14:29.407+0000][gc,heap     ] GC(274) Old regions: 74->74
[2025-12-24T17:14:29.407+0000][gc,heap     ] GC(274) Humongous regions: 151->151
[2025-12-24T17:14:29.407+0000][gc,metaspace] GC(274) Metaspace: 15569K(16000K)->15569K(16000K) NonClass: 13936K(14080K)->13936K(14080K) Class: 1633K(1920K)->1633K(1920K)
[2025-12-24T17:14:29.407+0000][gc          ] GC(274) Pause Young (Normal) (G1 Evacuation Pause) 837M->230M(1024M) 24.421ms
[2025-12-24T17:14:29.407+0000][gc,cpu      ] GC(274) User=0.15s Sys=0.01s Real=0.03s
[2025-12-24T17:14:59.741+0000][gc,start    ] GC(275) Pause Young (Normal) (G1 Evacuation Pause)
[2025-12-24T17:14:59.741+0000][gc,task     ] GC(275) Using 8 workers of 8 for evacuation
[2025-12-24T17:14:59.754+0000][gc,phases   ] GC(275)   Pre Evacuate Collection Set: 1.1ms
[2025-12-24T17:14:59.754+0000][gc,phases   ] GC(275)   Merge Heap Roots: 0.3ms
[2025-12-24T17:14:59.754+0000][gc,phases   ] GC(275)   Evacuate Collection Set: 9.8ms
[2025-12-24T17:14:59.754+0000][gc,phases   ] GC(275)   Post Evacuate Collection Set: 1.1ms
[2025-12-24T17:14:59.754+0000][gc,phases   ] GC(275)   Other: 0.3ms
[2025-12-24T17:14:59.754+0000][gc,heap     ] GC(275) Eden regions: 608->0(606)
[2025-12-24T17:14:59.754+0000][gc,heap     ] GC(275) Survivor regions: 6->8(77)
[2025-12-24T17:14:59.754+0000][gc,heap     ] GC(275) Old regions: 74->74
[2025-12-24T17:14:59.754+0000][gc,heap     ] GC(275) Humongous regions: 151->151
[2025-12-24T17:14:59.754+0000][gc,metaspace] GC(275) Metaspace: 15569K(16000K)->15569K(16000K) NonClass: 13936K(14080K)->13936K(14080K) Class: 1633K(1920K)->1633K(1920K)
[2025-12-24T17:14:59.754+0000][gc          ] GC(275) Pause Young (Normal) (G1 Evacuation Pause) 838M->232M(1024M) 13.753ms
[2025-12-24T17:14:59.755+0000][gc,cpu      ] GC(275) User=0.08s Sys=0.00s Real=0.02s
[2025-12-24T17:15:39.279+0000][gc,start    ] GC(276) Pause Young (Normal) (G1 Evacuation Pause)
[2025-12-24T17:15:39.280+0000][gc,task     ] GC(276) Using 8 workers of 8 for evacuation
[2025-12-24T17:15:39.299+0000][gc,phases   ] GC(276)   Pre Evacuate Collection Set: 1.6ms
[2025-12-24T17:15:39.299+0000][gc,phases   ] GC(276)   Merge Heap Roots: 0.3ms
[2025-12-24T17:15:39.300+0000][gc,phases   ] GC(276)   Evacuate Collection Set: 15.0ms
[2025-12-24T17:15:39.300+0000][gc,phases   ] GC(276)   Post Evacuate Collection Set: 1.6ms
[2025-12-24T17:15:39.300+0000][gc,phases   ] GC(276)   Other: 0.3ms
[2025-12-24T17:15:39.300+0000][gc,heap     ] GC(276) Eden regions: 606->0(607)
[2025-12-24T17:15:39.300+0000][gc,heap     ] GC(276) Survivor regions: 8->7(77)
[2025-12-24T17:15:39.300+0000][gc,heap     ] GC(276) Old regions: 74->74
[2025-12-24T17:15:39.300+0000][gc,heap     ] GC(276) Humongous regions: 151->151
[2025-12-24T17:15:39.300+0000][gc,metaspace] GC(276) Metaspace: 15570K(16000K)->15570K(16000K) NonClass: 13936K(14080K)->13936K(14080K) Class: 1633K(1920K)->1633K(1920K)
[2025-12-24T17:15:39.300+0000][gc          ] GC(276) Pause Young (Normal) (G1 Evacuation Pause) 838M->231M(1024M) 21.011ms
[2025-12-24T17:15:39.300+0000][gc,cpu      ] GC(276) User=0.09s Sys=0.00s Real=0.02s
[2025-12-24T17:16:09.599+0000][gc,start    ] GC(277) Pause Young (Normal) (G1 Evacuation Pause)
[2025-12-24T17:16:09.599+0000][gc,task     ] GC(277) Using 8 workers of 8 for evacuation
[2025-12-24T17:16:09.622+0000][gc,phases   ] GC(277)   Pre Evacuate Collection Set: 1.1ms
[2025-12-24T17:16:09.622+0000][gc,phases   ] GC(277)   Merge Heap Roots: 0.5ms
[2025-12-24T17:16:09.622+0000][gc,phases   ] GC(277)   Evacuate Collection Set: 19.8ms
[2025-12-24T17:16:09.622+0000][gc,phases   ] GC(277)   Post Evacuate Collection Set: 1.1ms
[2025-12-24T17:16:09.622+0000][gc,phases   ] GC(277)   Other: 0.3ms
[2025-12-24T17:16:09.622+0000][gc,heap     ] GC(277) Eden regions: 607->0(605)
[2025-12-24T17:16:09.622+0000][gc,heap     ] GC(277) Survivor regions: 7->9(77)
[2025-12-24T17:16:09.622+0000][gc,heap     ] GC(277) Old regions: 74->74
[2025-12-24T17:16:09.622+0000][gc,heap     ] GC(277) Humongous regions: 151->151
[2025-12-24T17:16:09.623+0000][gc,metaspace] GC(277) Metaspace: 15570K(16000K)->15570K(16000K) NonClass: 13936K(14080K)->13936K(14080K) Class: 1633K(1920K)->1633K(1920K)
[2025-12-24T17:16:09.623+0000][gc          ] GC(277) Pause Young (Normal) (G1 Evacuation Pause) 838M->233M(1024M) 24.039ms
[2025-12-24T17:16:09.623+0000][gc,cpu      ] GC(277) User=0.14s Sys=0.01s Real=0.03s
[2025-12-24T17:16:39.788+0000][gc,start    ] GC(278) Pause Young (Normal) (G1 Evacuation Pause)
[2025-12-24T17:16:39.789+0000][gc,task     ] GC(278) Using 8 workers of 8 for evacuation
[2025-12-24T17:16:39.817+0000][gc,phases   ] GC(278)   Pre Evacuate Collection Set: 1.2ms
[2025-12-24T17:16:39.817+0000][gc,phases   ] GC(278)   Merge Heap Roots: 0.3ms
[2025-12-24T17:16:39.817+0000][gc,phases   ] GC(278)   Evacuate Collection Set: 24.8ms
[2025-12-24T17:16:39.817+0000][gc,phases   ] GC(278)   Post Evacuate Collection Set: 1.3ms
[2025-12-24T17:16:39.817+0000][gc,phases   ] GC(278)   Other: 0.2ms
[2025-12-24T17:16:39.817+0000][gc,heap     ] GC(278) Eden regions: 605->0(603)
[2025-12-24T17:16:39.817+0000][gc,heap     ] GC(278) Survivor regions: 9->11(77)
[2025-12-24T17:16:39.817+0000][gc,heap     ] GC(278) Old regions: 74->75
[2025-12-24T17:16:39.817+0000][gc,heap     ] GC(278) Humongous regions: 151->151
[2025-12-24T17:16:39.817+0000][gc,metaspace] GC(278) Metaspace: 15570K(16000K)->15570K(16000K) NonClass: 13936K(14080K)->13936K(14080K) Class: 1633K(1920K)->1633K(1920K)
[2025-12-24T17:16:39.817+0000][gc          ] GC(278) Pause Young (Normal) (G1 Evacuation Pause) 838M->235M(1024M) 29.161ms
[2025-12-24T17:16:39.817+0000][gc,cpu      ] GC(278) User=0.12s Sys=0.05s Real=0.03s
[2025-12-24T17:17:19.415+0000][gc,start    ] GC(279) Pause Young (Normal) (G1 Evacuation Pause)
[2025-12-24T17:17:19.416+0000][gc,task     ] GC(279) Using 8 workers of 8 for evacuation
[2025-12-24T17:17:19.424+0000][gc,phases   ] GC(279)   Pre Evacuate Collection Set: 1.2ms
[2025-12-24T17:17:19.424+0000][gc,phases   ] GC(279)   Merge Heap Roots: 0.3ms
[2025-12-24T17:17:19.424+0000][gc,phases   ] GC(279)   Evacuate Collection Set: 5.2ms
[2025-12-24T17:17:19.424+0000][gc,phases   ] GC(279)   Post Evacuate Collection Set: 1.0ms
[2025-12-24T17:17:19.424+0000][gc,phases   ] GC(279)   Other: 0.5ms
[2025-12-24T17:17:19.424+0000][gc,heap     ] GC(279) Eden regions: 603->0(609)
[2025-12-24T17:17:19.424+0000][gc,heap     ] GC(279) Survivor regions: 11->5(77)
[2025-12-24T17:17:19.424+0000][gc,heap     ] GC(279) Old regions: 75->75
[2025-12-24T17:17:19.424+0000][gc,heap     ] GC(279) Humongous regions: 151->151
[2025-12-24T17:17:19.424+0000][gc,metaspace] GC(279) Metaspace: 15570K(16000K)->15570K(16000K) NonClass: 13936K(14080K)->13936K(14080K) Class: 1633K(1920K)->1633K(1920K)
[2025-12-24T17:17:19.424+0000][gc          ] GC(279) Pause Young (Normal) (G1 Evacuation Pause) 838M->230M(1024M) 9.176ms
[2025-12-24T17:17:19.425+0000][gc,cpu      ] GC(279) User=0.04s Sys=0.00s Real=0.01s
[2025-12-24T17:17:49.739+0000][gc,start    ] GC(280) Pause Young (Normal) (G1 Evacuation Pause)
[2025-12-24T17:17:49.740+0000][gc,task     ] GC(280) Using 8 workers of 8 for evacuation
[2025-12-24T17:17:49.755+0000][gc,phases   ] GC(280)   Pre Evacuate Collection Set: 1.0ms
[2025-12-24T17:17:49.755+0000][gc,phases   ] GC(280)   Merge Heap Roots: 0.3ms
[2025-12-24T17:17:49.755+0000][gc,phases   ] GC(280)   Evacuate Collection Set: 12.2ms
[2025-12-24T17:17:49.755+0000][gc,phases   ] GC(280)   Post Evacuate Collection Set: 1.1ms
[2025-12-24T17:17:49.755+0000][gc,phases   ] GC(280)   Other: 0.3ms
[2025-12-24T17:17:49.755+0000][gc,heap     ] GC(280) Eden regions: 609->0(607)
[2025-12-24T17:17:49.755+0000][gc,heap     ] GC(280) Survivor regions: 5->7(77)
[2025-12-24T17:17:49.755+0000][gc,heap     ] GC(280) Old regions: 75->75
[2025-12-24T17:17:49.755+0000][gc,heap     ] GC(280) Humongous regions: 151->151
[2025-12-24T17:17:49.755+0000][gc,metaspace] GC(280) Metaspace: 15571K(16000K)->15571K(16000K) NonClass: 13937K(14080K)->13937K(14080K) Class: 1633K(1920K)->1633K(1920K)
[2025-12-24T17:17:49.755+0000][gc          ] GC(280) Pause Young (Normal) (G1 Evacuation Pause) 839M->232M(1024M) 16.146ms
[2025-12-24T17:17:49.755+0000][gc,cpu      ] GC(280) User=0.09s Sys=0.00s Real=0.02s
[2025-12-24T17:18:29.523+0000][gc,start    ] GC(281) Pause Young (Normal) (G1 Evacuation Pause)
[2025-12-24T17:18:29.525+0000][gc,task     ] GC(281) Using 8 workers of 8 for evacuation
[2025-12-24T17:18:29.553+0000][gc,phases   ] GC(281)   Pre Evacuate Collection Set: 9.2ms
[2025-12-24T17:18:29.553+0000][gc,phases   ] GC(281)   Merge Heap Roots: 0.4ms
[2025-12-24T17:18:29.553+0000][gc,phases   ] GC(281)   Evacuate Collection Set: 14.6ms
[2025-12-24T17:18:29.553+0000][gc,phases   ] GC(281)   Post Evacuate Collection Set: 2.6ms
[2025-12-24T17:18:29.553+0000][gc,phases   ] GC(281)   Other: 0.4ms
[2025-12-24T17:18:29.553+0000][gc,heap     ] GC(281) Eden regions: 607->0(608)
[2025-12-24T17:18:29.553+0000][gc,heap     ] GC(281) Survivor regions: 7->6(77)
[2025-12-24T17:18:29.553+0000][gc,heap     ] GC(281) Old regions: 75->75
[2025-12-24T17:18:29.553+0000][gc,heap     ] GC(281) Humongous regions: 151->151
[2025-12-24T17:18:29.553+0000][gc,metaspace] GC(281) Metaspace: 15571K(16000K)->15571K(16000K) NonClass: 13937K(14080K)->13937K(14080K) Class: 1633K(1920K)->1633K(1920K)
[2025-12-24T17:18:29.553+0000][gc          ] GC(281) Pause Young (Normal) (G1 Evacuation Pause) 839M->231M(1024M) 30.107ms
[2025-12-24T17:18:29.553+0000][gc,cpu      ] GC(281) User=0.12s Sys=0.01s Real=0.03s
[2025-12-24T17:18:59.669+0000][gc,start    ] GC(282) Pause Young (Normal) (G1 Evacuation Pause)
[2025-12-24T17:18:59.669+0000][gc,task     ] GC(282) Using 8 workers of 8 for evacuation
[2025-12-24T17:18:59.687+0000][gc,phases   ] GC(282)   Pre Evacuate Collection Set: 4.1ms
[2025-12-24T17:18:59.687+0000][gc,phases   ] GC(282)   Merge Heap Roots: 0.4ms
[2025-12-24T17:18:59.688+0000][gc,phases   ] GC(282)   Evacuate Collection Set: 12.2ms
[2025-12-24T17:18:59.688+0000][gc,phases   ] GC(282)   Post Evacuate Collection Set: 1.2ms
[2025-12-24T17:18:59.688+0000][gc,phases   ] GC(282)   Other: 0.3ms
[2025-12-24T17:18:59.688+0000][gc,heap     ] GC(282) Eden regions: 608->0(606)
[2025-12-24T17:18:59.688+0000][gc,heap     ] GC(282) Survivor regions: 6->8(77)
[2025-12-24T17:18:59.688+0000][gc,heap     ] GC(282) Old regions: 75->76
[2025-12-24T17:18:59.688+0000][gc,heap     ] GC(282) Humongous regions: 151->151
[2025-12-24T17:18:59.688+0000][gc,metaspace] GC(282) Metaspace: 15571K(16000K)->15571K(16000K) NonClass: 13937K(14080K)->13937K(14080K) Class: 1633K(1920K)->1633K(1920K)
[2025-12-24T17:18:59.688+0000][gc          ] GC(282) Pause Young (Normal) (G1 Evacuation Pause) 839M->233M(1024M) 19.338ms
[2025-12-24T17:18:59.688+0000][gc,cpu      ] GC(282) User=0.10s Sys=0.00s Real=0.02s
[2025-12-24T17:19:39.295+0000][gc,start    ] GC(283) Pause Young (Normal) (G1 Evacuation Pause)
[2025-12-24T17:19:39.298+0000][gc,task     ] GC(283) Using 8 workers of 8 for evacuation
[2025-12-24T17:19:39.316+0000][gc,phases   ] GC(283)   Pre Evacuate Collection Set: 2.6ms
[2025-12-24T17:19:39.316+0000][gc,phases   ] GC(283)   Merge Heap Roots: 0.3ms
[2025-12-24T17:19:39.316+0000][gc,phases   ] GC(283)   Evacuate Collection Set: 13.6ms
[2025-12-24T17:19:39.316+0000][gc,phases   ] GC(283)   Post Evacuate Collection Set: 1.5ms
[2025-12-24T17:19:39.317+0000][gc,phases   ] GC(283)   Other: 0.8ms
[2025-12-24T17:19:39.317+0000][gc,heap     ] GC(283) Eden regions: 606->0(607)
[2025-12-24T17:19:39.317+0000][gc,heap     ] GC(283) Survivor regions: 8->7(77)
[2025-12-24T17:19:39.317+0000][gc,heap     ] GC(283) Old regions: 76->76
[2025-12-24T17:19:39.317+0000][gc,heap     ] GC(283) Humongous regions: 151->151
[2025-12-24T17:19:39.317+0000][gc,metaspace] GC(283) Metaspace: 15571K(16000K)->15571K(16000K) NonClass: 13937K(14080K)->13937K(14080K) Class: 1633K(1920K)->1633K(1920K)
[2025-12-24T17:19:39.317+0000][gc          ] GC(283) Pause Young (Normal) (G1 Evacuation Pause) 839M->232M(1024M) 22.790ms
[2025-12-24T17:19:39.317+0000][gc,cpu      ] GC(283) User=0.10s Sys=0.01s Real=0.02s
[2025-12-24T17:20:09.611+0000][gc,start    ] GC(284) Pause Young (Normal) (G1 Evacuation Pause)
[2025-12-24T17:20:09.611+0000][gc,task     ] GC(284) Using 8 workers of 8 for evacuation
[2025-12-24T17:20:09.631+0000][gc,phases   ] GC(284)   Pre Evacuate Collection Set: 1.3ms
[2025-12-24T17:20:09.632+0000][gc,phases   ] GC(284)   Merge Heap Roots: 0.2ms
[2025-12-24T17:20:09.632+0000][gc,phases   ] GC(284)   Evacuate Collection Set: 16.7ms
[2025-12-24T17:20:09.632+0000][gc,phases   ] GC(284)   Post Evacuate Collection Set: 1.5ms
[2025-12-24T17:20:09.632+0000][gc,phases   ] GC(284)   Other: 0.3ms
[2025-12-24T17:20:09.632+0000][gc,heap     ] GC(284) Eden regions: 607->0(605)
[2025-12-24T17:20:09.632+0000][gc,heap     ] GC(284) Survivor regions: 7->9(77)
[2025-12-24T17:20:09.632+0000][gc,heap     ] GC(284) Old regions: 76->76
[2025-12-24T17:20:09.632+0000][gc,heap     ] GC(284) Humongous regions: 151->151
[2025-12-24T17:20:09.632+0000][gc,metaspace] GC(284) Metaspace: 15571K(16000K)->15571K(16000K) NonClass: 13937K(14080K)->13937K(14080K) Class: 1633K(1920K)->1633K(1920K)
[2025-12-24T17:20:09.632+0000][gc          ] GC(284) Pause Young (Normal) (G1 Evacuation Pause) 839M->235M(1024M) 21.281ms
[2025-12-24T17:20:09.632+0000][gc,cpu      ] GC(284) User=0.14s Sys=0.00s Real=0.02s
[2025-12-24T17:20:40.326+0000][gc,start    ] GC(285) Pause Young (Normal) (G1 Evacuation Pause)
[2025-12-24T17:20:40.327+0000][gc,task     ] GC(285) Using 8 workers of 8 for evacuation
[2025-12-24T17:20:40.351+0000][gc,phases   ] GC(285)   Pre Evacuate Collection Set: 7.0ms
[2025-12-24T17:20:40.351+0000][gc,phases   ] GC(285)   Merge Heap Roots: 1.2ms
[2025-12-24T17:20:40.351+0000][gc,phases   ] GC(285)   Evacuate Collection Set: 13.6ms
[2025-12-24T17:20:40.351+0000][gc,phases   ] GC(285)   Post Evacuate Collection Set: 1.3ms
[2025-12-24T17:20:40.351+0000][gc,phases   ] GC(285)   Other: 1.1ms
[2025-12-24T17:20:40.352+0000][gc,heap     ] GC(285) Eden regions: 605->0(604)
[2025-12-24T17:20:40.352+0000][gc,heap     ] GC(285) Survivor regions: 9->10(77)
[2025-12-24T17:20:40.352+0000][gc,heap     ] GC(285) Old regions: 76->76
[2025-12-24T17:20:40.352+0000][gc,heap     ] GC(285) Humongous regions: 151->151
[2025-12-24T17:20:40.352+0000][gc,metaspace] GC(285) Metaspace: 15571K(16000K)->15571K(16000K) NonClass: 13937K(14080K)->13937K(14080K) Class: 1633K(1920K)->1633K(1920K)
[2025-12-24T17:20:40.352+0000][gc          ] GC(285) Pause Young (Normal) (G1 Evacuation Pause) 840M->236M(1024M) 26.009ms
[2025-12-24T17:20:40.352+0000][gc,cpu      ] GC(285) User=0.13s Sys=0.01s Real=0.03s
[2025-12-24T17:21:19.428+0000][gc,start    ] GC(286) Pause Young (Normal) (G1 Evacuation Pause)
[2025-12-24T17:21:19.428+0000][gc,task     ] GC(286) Using 8 workers of 8 for evacuation
[2025-12-24T17:21:19.446+0000][gc,phases   ] GC(286)   Pre Evacuate Collection Set: 1.2ms
[2025-12-24T17:21:19.446+0000][gc,phases   ] GC(286)   Merge Heap Roots: 0.3ms
[2025-12-24T17:21:19.446+0000][gc,phases   ] GC(286)   Evacuate Collection Set: 15.2ms
[2025-12-24T17:21:19.447+0000][gc,phases   ] GC(286)   Post Evacuate Collection Set: 1.3ms
[2025-12-24T17:21:19.447+0000][gc,phases   ] GC(286)   Other: 0.2ms
[2025-12-24T17:21:19.447+0000][gc,heap     ] GC(286) Eden regions: 604->0(604)
[2025-12-24T17:21:19.447+0000][gc,heap     ] GC(286) Survivor regions: 10->10(77)
[2025-12-24T17:21:19.447+0000][gc,heap     ] GC(286) Old regions: 76->77
[2025-12-24T17:21:19.447+0000][gc,heap     ] GC(286) Humongous regions: 151->151
[2025-12-24T17:21:19.447+0000][gc,metaspace] GC(286) Metaspace: 15571K(16000K)->15571K(16000K) NonClass: 13937K(14080K)->13937K(14080K) Class: 1633K(1920K)->1633K(1920K)
[2025-12-24T17:21:19.447+0000][gc          ] GC(286) Pause Young (Normal) (G1 Evacuation Pause) 840M->236M(1024M) 19.171ms
[2025-12-24T17:21:19.447+0000][gc,cpu      ] GC(286) User=0.13s Sys=0.00s Real=0.02s
[2025-12-24T17:21:49.663+0000][gc,start    ] GC(287) Pause Young (Normal) (G1 Evacuation Pause)
[2025-12-24T17:21:49.664+0000][gc,task     ] GC(287) Using 8 workers of 8 for evacuation
[2025-12-24T17:21:49.674+0000][gc,phases   ] GC(287)   Pre Evacuate Collection Set: 1.2ms
[2025-12-24T17:21:49.674+0000][gc,phases   ] GC(287)   Merge Heap Roots: 0.3ms
[2025-12-24T17:21:49.674+0000][gc,phases   ] GC(287)   Evacuate Collection Set: 6.8ms
[2025-12-24T17:21:49.674+0000][gc,phases   ] GC(287)   Post Evacuate Collection Set: 1.1ms
[2025-12-24T17:21:49.674+0000][gc,phases   ] GC(287)   Other: 0.2ms
[2025-12-24T17:21:49.674+0000][gc,heap     ] GC(287) Eden regions: 604->0(607)
[2025-12-24T17:21:49.674+0000][gc,heap     ] GC(287) Survivor regions: 10->7(77)
[2025-12-24T17:21:49.674+0000][gc,heap     ] GC(287) Old regions: 77->77
[2025-12-24T17:21:49.674+0000][gc,heap     ] GC(287) Humongous regions: 151->151
[2025-12-24T17:21:49.674+0000][gc,metaspace] GC(287) Metaspace: 15571K(16000K)->15571K(16000K) NonClass: 13937K(14080K)->13937K(14080K) Class: 1633K(1920K)->1633K(1920K)
[2025-12-24T17:21:49.674+0000][gc          ] GC(287) Pause Young (Normal) (G1 Evacuation Pause) 840M->233M(1024M) 10.964ms
[2025-12-24T17:21:49.674+0000][gc,cpu      ] GC(287) User=0.06s Sys=0.00s Real=0.01s
[2025-12-24T17:22:29.363+0000][gc,start    ] GC(288) Pause Young (Normal) (G1 Evacuation Pause)
[2025-12-24T17:22:29.364+0000][gc,task     ] GC(288) Using 8 workers of 8 for evacuation
[2025-12-24T17:22:29.379+0000][gc,phases   ] GC(288)   Pre Evacuate Collection Set: 1.2ms
[2025-12-24T17:22:29.379+0000][gc,phases   ] GC(288)   Merge Heap Roots: 0.3ms
[2025-12-24T17:22:29.379+0000][gc,phases   ] GC(288)   Evacuate Collection Set: 10.0ms
[2025-12-24T17:22:29.379+0000][gc,phases   ] GC(288)   Post Evacuate Collection Set: 2.6ms
[2025-12-24T17:22:29.379+0000][gc,phases   ] GC(288)   Other: 0.7ms
[2025-12-24T17:22:29.379+0000][gc,heap     ] GC(288) Eden regions: 607->0(608)
[2025-12-24T17:22:29.379+0000][gc,heap     ] GC(288) Survivor regions: 7->6(77)
[2025-12-24T17:22:29.380+0000][gc,heap     ] GC(288) Old regions: 77->77
[2025-12-24T17:22:29.380+0000][gc,heap     ] GC(288) Humongous regions: 151->151
[2025-12-24T17:22:29.380+0000][gc,metaspace] GC(288) Metaspace: 15571K(16000K)->15571K(16000K) NonClass: 13937K(14080K)->13937K(14080K) Class: 1633K(1920K)->1633K(1920K)
[2025-12-24T17:22:29.380+0000][gc          ] GC(288) Pause Young (Normal) (G1 Evacuation Pause) 840M->232M(1024M) 16.517ms
[2025-12-24T17:22:29.380+0000][gc,cpu      ] GC(288) User=0.09s Sys=0.00s Real=0.02s
[2025-12-24T17:22:59.606+0000][gc,start    ] GC(289) Pause Young (Normal) (G1 Evacuation Pause)
[2025-12-24T17:22:59.607+0000][gc,task     ] GC(289) Using 8 workers of 8 for evacuation
[2025-12-24T17:22:59.623+0000][gc,phases   ] GC(289)   Pre Evacuate Collection Set: 1.0ms
[2025-12-24T17:22:59.623+0000][gc,phases   ] GC(289)   Merge Heap Roots: 0.3ms
[2025-12-24T17:22:59.624+0000][gc,phases   ] GC(289)   Evacuate Collection Set: 12.9ms
[2025-12-24T17:22:59.624+0000][gc,phases   ] GC(289)   Post Evacuate Collection Set: 1.1ms
[2025-12-24T17:22:59.624+0000][gc,phases   ] GC(289)   Other: 0.8ms
[2025-12-24T17:22:59.624+0000][gc,heap     ] GC(289) Eden regions: 608->0(607)
[2025-12-24T17:22:59.624+0000][gc,heap     ] GC(289) Survivor regions: 6->7(77)
[2025-12-24T17:22:59.624+0000][gc,heap     ] GC(289) Old regions: 77->77
[2025-12-24T17:22:59.624+0000][gc,heap     ] GC(289) Humongous regions: 151->151
[2025-12-24T17:22:59.624+0000][gc,metaspace] GC(289) Metaspace: 15571K(16000K)->15571K(16000K) NonClass: 13937K(14080K)->13937K(14080K) Class: 1633K(1920K)->1633K(1920K)
[2025-12-24T17:22:59.624+0000][gc          ] GC(289) Pause Young (Normal) (G1 Evacuation Pause) 840M->234M(1024M) 18.020ms
[2025-12-24T17:22:59.624+0000][gc,cpu      ] GC(289) User=0.11s Sys=0.00s Real=0.02s
[2025-12-24T17:23:39.298+0000][gc,start    ] GC(290) Pause Young (Normal) (G1 Evacuation Pause)
[2025-12-24T17:23:39.300+0000][gc,task     ] GC(290) Using 8 workers of 8 for evacuation
[2025-12-24T17:23:39.324+0000][gc,phases   ] GC(290)   Pre Evacuate Collection Set: 2.7ms
[2025-12-24T17:23:39.325+0000][gc,phases   ] GC(290)   Merge Heap Roots: 1.5ms
[2025-12-24T17:23:39.325+0000][gc,phases   ] GC(290)   Evacuate Collection Set: 14.7ms
[2025-12-24T17:23:39.325+0000][gc,phases   ] GC(290)   Post Evacuate Collection Set: 4.6ms
[2025-12-24T17:23:39.325+0000][gc,phases   ] GC(290)   Other: 0.7ms
[2025-12-24T17:23:39.325+0000][gc,heap     ] GC(290) Eden regions: 607->0(607)
[2025-12-24T17:23:39.325+0000][gc,heap     ] GC(290) Survivor regions: 7->7(77)
[2025-12-24T17:23:39.325+0000][gc,heap     ] GC(290) Old regions: 77->77
[2025-12-24T17:23:39.325+0000][gc,heap     ] GC(290) Humongous regions: 151->151
[2025-12-24T17:23:39.325+0000][gc,metaspace] GC(290) Metaspace: 15573K(16000K)->15573K(16000K) NonClass: 13939K(14080K)->13939K(14080K) Class: 1633K(1920K)->1633K(1920K)
[2025-12-24T17:23:39.325+0000][gc          ] GC(290) Pause Young (Normal) (G1 Evacuation Pause) 841M->234M(1024M) 26.824ms
[2025-12-24T17:23:39.325+0000][gc,cpu      ] GC(290) User=0.15s Sys=0.00s Real=0.03s
[2025-12-24T17:24:09.741+0000][gc,start    ] GC(291) Pause Young (Normal) (G1 Evacuation Pause)
[2025-12-24T17:24:09.742+0000][gc,task     ] GC(291) Using 8 workers of 8 for evacuation
[2025-12-24T17:24:09.773+0000][gc,phases   ] GC(291)   Pre Evacuate Collection Set: 2.3ms
[2025-12-24T17:24:09.773+0000][gc,phases   ] GC(291)   Merge Heap Roots: 0.4ms
[2025-12-24T17:24:09.774+0000][gc,phases   ] GC(291)   Evacuate Collection Set: 26.2ms
[2025-12-24T17:24:09.774+0000][gc,phases   ] GC(291)   Post Evacuate Collection Set: 1.4ms
[2025-12-24T17:24:09.774+0000][gc,phases   ] GC(291)   Other: 0.5ms
[2025-12-24T17:24:09.774+0000][gc,heap     ] GC(291) Eden regions: 607->0(605)
[2025-12-24T17:24:09.774+0000][gc,heap     ] GC(291) Survivor regions: 7->9(77)
[2025-12-24T17:24:09.774+0000][gc,heap     ] GC(291) Old regions: 77->78
[2025-12-24T17:24:09.774+0000][gc,heap     ] GC(291) Humongous regions: 151->151
[2025-12-24T17:24:09.775+0000][gc,metaspace] GC(291) Metaspace: 15573K(16000K)->15573K(16000K) NonClass: 13939K(14080K)->13939K(14080K) Class: 1633K(1920K)->1633K(1920K)
[2025-12-24T17:24:09.775+0000][gc          ] GC(291) Pause Young (Normal) (G1 Evacuation Pause) 841M->236M(1024M) 34.001ms
[2025-12-24T17:24:09.775+0000][gc,cpu      ] GC(291) User=0.15s Sys=0.01s Real=0.03s
[2025-12-24T17:24:39.846+0000][gc,start    ] GC(292) Pause Young (Normal) (G1 Evacuation Pause)
[2025-12-24T17:24:39.847+0000][gc,task     ] GC(292) Using 8 workers of 8 for evacuation
[2025-12-24T17:24:39.863+0000][gc,phases   ] GC(292)   Pre Evacuate Collection Set: 1.3ms
[2025-12-24T17:24:39.863+0000][gc,phases   ] GC(292)   Merge Heap Roots: 0.3ms
[2025-12-24T17:24:39.863+0000][gc,phases   ] GC(292)   Evacuate Collection Set: 13.0ms
[2025-12-24T17:24:39.863+0000][gc,phases   ] GC(292)   Post Evacuate Collection Set: 1.2ms
[2025-12-24T17:24:39.863+0000][gc,phases   ] GC(292)   Other: 0.2ms
[2025-12-24T17:24:39.863+0000][gc,heap     ] GC(292) Eden regions: 605->0(604)
[2025-12-24T17:24:39.864+0000][gc,heap     ] GC(292) Survivor regions: 9->10(77)
[2025-12-24T17:24:39.864+0000][gc,heap     ] GC(292) Old regions: 78->78
[2025-12-24T17:24:39.864+0000][gc,heap     ] GC(292) Humongous regions: 151->151
[2025-12-24T17:24:39.864+0000][gc,metaspace] GC(292) Metaspace: 15574K(16000K)->15574K(16000K) NonClass: 13940K(14080K)->13940K(14080K) Class: 1633K(1920K)->1633K(1920K)
[2025-12-24T17:24:39.864+0000][gc          ] GC(292) Pause Young (Normal) (G1 Evacuation Pause) 841M->238M(1024M) 17.382ms
[2025-12-24T17:24:39.864+0000][gc,cpu      ] GC(292) User=0.10s Sys=0.00s Real=0.02s
[2025-12-24T17:25:19.464+0000][gc,start    ] GC(293) Pause Young (Normal) (G1 Evacuation Pause)
[2025-12-24T17:25:19.465+0000][gc,task     ] GC(293) Using 8 workers of 8 for evacuation
[2025-12-24T17:25:19.480+0000][gc,phases   ] GC(293)   Pre Evacuate Collection Set: 1.0ms
[2025-12-24T17:25:19.480+0000][gc,phases   ] GC(293)   Merge Heap Roots: 0.3ms
[2025-12-24T17:25:19.481+0000][gc,phases   ] GC(293)   Evacuate Collection Set: 11.9ms
[2025-12-24T17:25:19.481+0000][gc,phases   ] GC(293)   Post Evacuate Collection Set: 2.3ms
[2025-12-24T17:25:19.481+0000][gc,phases   ] GC(293)   Other: 0.2ms
[2025-12-24T17:25:19.481+0000][gc,heap     ] GC(293) Eden regions: 604->0(605)
[2025-12-24T17:25:19.481+0000][gc,heap     ] GC(293) Survivor regions: 10->9(77)
[2025-12-24T17:25:19.481+0000][gc,heap     ] GC(293) Old regions: 78->78
[2025-12-24T17:25:19.481+0000][gc,heap     ] GC(293) Humongous regions: 151->151
[2025-12-24T17:25:19.481+0000][gc,metaspace] GC(293) Metaspace: 15575K(16000K)->15575K(16000K) NonClass: 13942K(14080K)->13942K(14080K) Class: 1633K(1920K)->1633K(1920K)
[2025-12-24T17:25:19.481+0000][gc          ] GC(293) Pause Young (Normal) (G1 Evacuation Pause) 842M->237M(1024M) 16.762ms
[2025-12-24T17:25:19.481+0000][gc,cpu      ] GC(293) User=0.09s Sys=0.00s Real=0.02s
[2025-12-24T17:25:49.753+0000][gc,start    ] GC(294) Pause Young (Normal) (G1 Evacuation Pause)
[2025-12-24T17:25:49.753+0000][gc,task     ] GC(294) Using 8 workers of 8 for evacuation
[2025-12-24T17:25:49.762+0000][gc,phases   ] GC(294)   Pre Evacuate Collection Set: 1.0ms
[2025-12-24T17:25:49.762+0000][gc,phases   ] GC(294)   Merge Heap Roots: 0.2ms
[2025-12-24T17:25:49.762+0000][gc,phases   ] GC(294)   Evacuate Collection Set: 6.2ms
[2025-12-24T17:25:49.762+0000][gc,phases   ] GC(294)   Post Evacuate Collection Set: 1.2ms
[2025-12-24T17:25:49.763+0000][gc,phases   ] GC(294)   Other: 0.2ms
[2025-12-24T17:25:49.763+0000][gc,heap     ] GC(294) Eden regions: 605->0(607)
[2025-12-24T17:25:49.763+0000][gc,heap     ] GC(294) Survivor regions: 9->7(77)
[2025-12-24T17:25:49.763+0000][gc,heap     ] GC(294) Old regions: 78->78
[2025-12-24T17:25:49.763+0000][gc,heap     ] GC(294) Humongous regions: 151->151
[2025-12-24T17:25:49.763+0000][gc,metaspace] GC(294) Metaspace: 15575K(16000K)->15575K(16000K) NonClass: 13942K(14080K)->13942K(14080K) Class: 1633K(1920K)->1633K(1920K)
[2025-12-24T17:25:49.763+0000][gc          ] GC(294) Pause Young (Normal) (G1 Evacuation Pause) 842M->235M(1024M) 10.357ms
[2025-12-24T17:25:49.763+0000][gc,cpu      ] GC(294) User=0.05s Sys=0.00s Real=0.01s
[2025-12-24T17:26:29.374+0000][gc,start    ] GC(295) Pause Young (Normal) (G1 Evacuation Pause)
[2025-12-24T17:26:29.375+0000][gc,task     ] GC(295) Using 8 workers of 8 for evacuation
[2025-12-24T17:26:29.404+0000][gc,phases   ] GC(295)   Pre Evacuate Collection Set: 4.6ms
[2025-12-24T17:26:29.404+0000][gc,phases   ] GC(295)   Merge Heap Roots: 1.1ms
[2025-12-24T17:26:29.404+0000][gc,phases   ] GC(295)   Evacuate Collection Set: 21.3ms
[2025-12-24T17:26:29.404+0000][gc,phases   ] GC(295)   Post Evacuate Collection Set: 1.1ms
[2025-12-24T17:26:29.404+0000][gc,phases   ] GC(295)   Other: 0.4ms
[2025-12-24T17:26:29.404+0000][gc,heap     ] GC(295) Eden regions: 607->0(608)
[2025-12-24T17:26:29.404+0000][gc,heap     ] GC(295) Survivor regions: 7->6(77)
[2025-12-24T17:26:29.404+0000][gc,heap     ] GC(295) Old regions: 78->79
[2025-12-24T17:26:29.404+0000][gc,heap     ] GC(295) Humongous regions: 151->151
[2025-12-24T17:26:29.405+0000][gc,metaspace] GC(295) Metaspace: 15575K(16000K)->15575K(16000K) NonClass: 13942K(14080K)->13942K(14080K) Class: 1633K(1920K)->1633K(1920K)
[2025-12-24T17:26:29.405+0000][gc          ] GC(295) Pause Young (Normal) (G1 Evacuation Pause) 842M->234M(1024M) 30.596ms
[2025-12-24T17:26:29.405+0000][gc,cpu      ] GC(295) User=0.17s Sys=0.02s Real=0.03s
[2025-12-24T17:26:59.631+0000][gc,start    ] GC(296) Pause Young (Normal) (G1 Evacuation Pause)
[2025-12-24T17:26:59.632+0000][gc,task     ] GC(296) Using 8 workers of 8 for evacuation
[2025-12-24T17:26:59.641+0000][gc,phases   ] GC(296)   Pre Evacuate Collection Set: 1.1ms
[2025-12-24T17:26:59.642+0000][gc,phases   ] GC(296)   Merge Heap Roots: 0.2ms
[2025-12-24T17:26:59.642+0000][gc,phases   ] GC(296)   Evacuate Collection Set: 6.8ms
[2025-12-24T17:26:59.642+0000][gc,phases   ] GC(296)   Post Evacuate Collection Set: 1.4ms
[2025-12-24T17:26:59.642+0000][gc,phases   ] GC(296)   Other: 0.2ms
[2025-12-24T17:26:59.642+0000][gc,heap     ] GC(296) Eden regions: 608->0(607)
[2025-12-24T17:26:59.642+0000][gc,heap     ] GC(296) Survivor regions: 6->7(77)
[2025-12-24T17:26:59.642+0000][gc,heap     ] GC(296) Old regions: 79->79
[2025-12-24T17:26:59.642+0000][gc,heap     ] GC(296) Humongous regions: 151->151
[2025-12-24T17:26:59.642+0000][gc,metaspace] GC(296) Metaspace: 15575K(16000K)->15575K(16000K) NonClass: 13942K(14080K)->13942K(14080K) Class: 1633K(1920K)->1633K(1920K)
[2025-12-24T17:26:59.642+0000][gc          ] GC(296) Pause Young (Normal) (G1 Evacuation Pause) 842M->236M(1024M) 11.807ms
[2025-12-24T17:26:59.643+0000][gc,cpu      ] GC(296) User=0.06s Sys=0.00s Real=0.02s
[2025-12-24T17:27:39.338+0000][gc,start    ] GC(297) Pause Young (Normal) (G1 Evacuation Pause)
[2025-12-24T17:27:39.339+0000][gc,task     ] GC(297) Using 8 workers of 8 for evacuation
[2025-12-24T17:27:39.356+0000][gc,phases   ] GC(297)   Pre Evacuate Collection Set: 1.2ms
[2025-12-24T17:27:39.356+0000][gc,phases   ] GC(297)   Merge Heap Roots: 0.3ms
[2025-12-24T17:27:39.356+0000][gc,phases   ] GC(297)   Evacuate Collection Set: 14.6ms
[2025-12-24T17:27:39.356+0000][gc,phases   ] GC(297)   Post Evacuate Collection Set: 1.2ms
[2025-12-24T17:27:39.356+0000][gc,phases   ] GC(297)   Other: 0.2ms
[2025-12-24T17:27:39.356+0000][gc,heap     ] GC(297) Eden regions: 607->0(607)
[2025-12-24T17:27:39.356+0000][gc,heap     ] GC(297) Survivor regions: 7->7(77)
[2025-12-24T17:27:39.356+0000][gc,heap     ] GC(297) Old regions: 79->79
[2025-12-24T17:27:39.356+0000][gc,heap     ] GC(297) Humongous regions: 151->151
[2025-12-24T17:27:39.357+0000][gc,metaspace] GC(297) Metaspace: 15581K(16000K)->15581K(16000K) NonClass: 13947K(14080K)->13947K(14080K) Class: 1633K(1920K)->1633K(1920K)
[2025-12-24T17:27:39.357+0000][gc          ] GC(297) Pause Young (Normal) (G1 Evacuation Pause) 843M->236M(1024M) 18.554ms
[2025-12-24T17:27:39.357+0000][gc,cpu      ] GC(297) User=0.12s Sys=0.00s Real=0.02s
[2025-12-24T17:28:09.570+0000][gc,start    ] GC(298) Pause Young (Normal) (G1 Evacuation Pause)
[2025-12-24T17:28:09.571+0000][gc,task     ] GC(298) Using 8 workers of 8 for evacuation
[2025-12-24T17:28:09.588+0000][gc,phases   ] GC(298)   Pre Evacuate Collection Set: 1.2ms
[2025-12-24T17:28:09.589+0000][gc,phases   ] GC(298)   Merge Heap Roots: 0.3ms
[2025-12-24T17:28:09.589+0000][gc,phases   ] GC(298)   Evacuate Collection Set: 14.6ms
[2025-12-24T17:28:09.589+0000][gc,phases   ] GC(298)   Post Evacuate Collection Set: 1.0ms
[2025-12-24T17:28:09.589+0000][gc,phases   ] GC(298)   Other: 0.2ms
[2025-12-24T17:28:09.589+0000][gc,heap     ] GC(298) Eden regions: 607->0(605)
[2025-12-24T17:28:09.589+0000][gc,heap     ] GC(298) Survivor regions: 7->9(77)
[2025-12-24T17:28:09.589+0000][gc,heap     ] GC(298) Old regions: 79->79
[2025-12-24T17:28:09.589+0000][gc,heap     ] GC(298) Humongous regions: 151->151
[2025-12-24T17:28:09.589+0000][gc,metaspace] GC(298) Metaspace: 15581K(16000K)->15581K(16000K) NonClass: 13947K(14080K)->13947K(14080K) Class: 1633K(1920K)->1633K(1920K)
[2025-12-24T17:28:09.589+0000][gc          ] GC(298) Pause Young (Normal) (G1 Evacuation Pause) 843M->238M(1024M) 19.481ms
[2025-12-24T17:28:09.589+0000][gc,cpu      ] GC(298) User=0.11s Sys=0.00s Real=0.02s
[2025-12-24T17:28:39.877+0000][gc,start    ] GC(299) Pause Young (Normal) (G1 Evacuation Pause)
[2025-12-24T17:28:39.878+0000][gc,task     ] GC(299) Using 8 workers of 8 for evacuation
[2025-12-24T17:28:39.899+0000][gc,phases   ] GC(299)   Pre Evacuate Collection Set: 3.0ms
[2025-12-24T17:28:39.899+0000][gc,phases   ] GC(299)   Merge Heap Roots: 0.8ms
[2025-12-24T17:28:39.899+0000][gc,phases   ] GC(299)   Evacuate Collection Set: 16.1ms
[2025-12-24T17:28:39.899+0000][gc,phases   ] GC(299)   Post Evacuate Collection Set: 1.0ms
[2025-12-24T17:28:39.899+0000][gc,phases   ] GC(299)   Other: 0.3ms
[2025-12-24T17:28:39.899+0000][gc,heap     ] GC(299) Eden regions: 605->0(606)
[2025-12-24T17:28:39.899+0000][gc,heap     ] GC(299) Survivor regions: 9->8(77)
[2025-12-24T17:28:39.899+0000][gc,heap     ] GC(299) Old regions: 79->80
[2025-12-24T17:28:39.899+0000][gc,heap     ] GC(299) Humongous regions: 151->151
[2025-12-24T17:28:39.899+0000][gc,metaspace] GC(299) Metaspace: 15581K(16000K)->15581K(16000K) NonClass: 13947K(14080K)->13947K(14080K) Class: 1633K(1920K)->1633K(1920K)
[2025-12-24T17:28:39.900+0000][gc          ] GC(299) Pause Young (Normal) (G1 Evacuation Pause) 843M->237M(1024M) 22.813ms
[2025-12-24T17:28:39.900+0000][gc,cpu      ] GC(299) User=0.14s Sys=0.00s Real=0.03s
[2025-12-24T17:29:19.465+0000][gc,start    ] GC(300) Pause Young (Normal) (G1 Evacuation Pause)
[2025-12-24T17:29:19.465+0000][gc,task     ] GC(300) Using 8 workers of 8 for evacuation
[2025-12-24T17:29:19.486+0000][gc,phases   ] GC(300)   Pre Evacuate Collection Set: 1.1ms
[2025-12-24T17:29:19.486+0000][gc,phases   ] GC(300)   Merge Heap Roots: 0.2ms
[2025-12-24T17:29:19.486+0000][gc,phases   ] GC(300)   Evacuate Collection Set: 17.5ms
[2025-12-24T17:29:19.486+0000][gc,phases   ] GC(300)   Post Evacuate Collection Set: 1.2ms
[2025-12-24T17:29:19.486+0000][gc,phases   ] GC(300)   Other: 0.2ms
[2025-12-24T17:29:19.486+0000][gc,heap     ] GC(300) Eden regions: 606->0(604)
[2025-12-24T17:29:19.486+0000][gc,heap     ] GC(300) Survivor regions: 8->10(77)
[2025-12-24T17:29:19.486+0000][gc,heap     ] GC(300) Old regions: 80->80
[2025-12-24T17:29:19.486+0000][gc,heap     ] GC(300) Humongous regions: 151->151
[2025-12-24T17:29:19.486+0000][gc,metaspace] GC(300) Metaspace: 15581K(16000K)->15581K(16000K) NonClass: 13947K(14080K)->13947K(14080K) Class: 1633K(1920K)->1633K(1920K)
[2025-12-24T17:29:19.486+0000][gc          ] GC(300) Pause Young (Normal) (G1 Evacuation Pause) 843M->239M(1024M) 21.301ms
[2025-12-24T17:29:19.486+0000][gc,cpu      ] GC(300) User=0.14s Sys=0.01s Real=0.03s
[2025-12-24T17:29:49.707+0000][gc,start    ] GC(301) Pause Young (Normal) (G1 Evacuation Pause)
[2025-12-24T17:29:49.708+0000][gc,task     ] GC(301) Using 8 workers of 8 for evacuation
[2025-12-24T17:29:49.719+0000][gc,phases   ] GC(301)   Pre Evacuate Collection Set: 1.1ms
[2025-12-24T17:29:49.719+0000][gc,phases   ] GC(301)   Merge Heap Roots: 0.3ms
[2025-12-24T17:29:49.719+0000][gc,phases   ] GC(301)   Evacuate Collection Set: 8.0ms
[2025-12-24T17:29:49.719+0000][gc,phases   ] GC(301)   Post Evacuate Collection Set: 1.1ms
[2025-12-24T17:29:49.719+0000][gc,phases   ] GC(301)   Other: 0.5ms
[2025-12-24T17:29:49.719+0000][gc,heap     ] GC(301) Eden regions: 604->0(608)
[2025-12-24T17:29:49.719+0000][gc,heap     ] GC(301) Survivor regions: 10->6(77)
[2025-12-24T17:29:49.719+0000][gc,heap     ] GC(301) Old regions: 80->80
[2025-12-24T17:29:49.719+0000][gc,heap     ] GC(301) Humongous regions: 151->151
[2025-12-24T17:29:49.719+0000][gc,metaspace] GC(301) Metaspace: 15581K(16000K)->15581K(16000K) NonClass: 13947K(14080K)->13947K(14080K) Class: 1633K(1920K)->1633K(1920K)
[2025-12-24T17:29:49.719+0000][gc          ] GC(301) Pause Young (Normal) (G1 Evacuation Pause) 843M->236M(1024M) 12.177ms
[2025-12-24T17:29:49.719+0000][gc,cpu      ] GC(301) User=0.07s Sys=0.00s Real=0.01s
[2025-12-24T17:30:29.411+0000][gc,start    ] GC(302) Pause Young (Normal) (G1 Evacuation Pause)
[2025-12-24T17:30:29.411+0000][gc,task     ] GC(302) Using 8 workers of 8 for evacuation
[2025-12-24T17:30:29.430+0000][gc,phases   ] GC(302)   Pre Evacuate Collection Set: 1.2ms
[2025-12-24T17:30:29.431+0000][gc,phases   ] GC(302)   Merge Heap Roots: 0.3ms
[2025-12-24T17:30:29.431+0000][gc,phases   ] GC(302)   Evacuate Collection Set: 16.3ms
[2025-12-24T17:30:29.431+0000][gc,phases   ] GC(302)   Post Evacuate Collection Set: 1.2ms
[2025-12-24T17:30:29.431+0000][gc,phases   ] GC(302)   Other: 0.2ms
[2025-12-24T17:30:29.431+0000][gc,heap     ] GC(302) Eden regions: 608->0(608)
[2025-12-24T17:30:29.431+0000][gc,heap     ] GC(302) Survivor regions: 6->6(77)
[2025-12-24T17:30:29.431+0000][gc,heap     ] GC(302) Old regions: 80->80
[2025-12-24T17:30:29.431+0000][gc,heap     ] GC(302) Humongous regions: 151->151
[2025-12-24T17:30:29.431+0000][gc,metaspace] GC(302) Metaspace: 15581K(16000K)->15581K(16000K) NonClass: 13947K(14080K)->13947K(14080K) Class: 1633K(1920K)->1633K(1920K)
[2025-12-24T17:30:29.431+0000][gc          ] GC(302) Pause Young (Normal) (G1 Evacuation Pause) 844M->236M(1024M) 20.393ms
[2025-12-24T17:30:29.431+0000][gc,cpu      ] GC(302) User=0.10s Sys=0.01s Real=0.02s
[2025-12-24T17:30:59.714+0000][gc,start    ] GC(303) Pause Young (Normal) (G1 Evacuation Pause)
[2025-12-24T17:30:59.714+0000][gc,task     ] GC(303) Using 8 workers of 8 for evacuation
[2025-12-24T17:30:59.736+0000][gc,phases   ] GC(303)   Pre Evacuate Collection Set: 1.1ms
[2025-12-24T17:30:59.736+0000][gc,phases   ] GC(303)   Merge Heap Roots: 0.3ms
[2025-12-24T17:30:59.736+0000][gc,phases   ] GC(303)   Evacuate Collection Set: 18.7ms
[2025-12-24T17:30:59.736+0000][gc,phases   ] GC(303)   Post Evacuate Collection Set: 1.5ms
[2025-12-24T17:30:59.736+0000][gc,phases   ] GC(303)   Other: 0.2ms
[2025-12-24T17:30:59.736+0000][gc,heap     ] GC(303) Eden regions: 608->0(606)
[2025-12-24T17:30:59.736+0000][gc,heap     ] GC(303) Survivor regions: 6->8(77)
[2025-12-24T17:30:59.737+0000][gc,heap     ] GC(303) Old regions: 80->81
[2025-12-24T17:30:59.737+0000][gc,heap     ] GC(303) Humongous regions: 151->151
[2025-12-24T17:30:59.737+0000][gc,metaspace] GC(303) Metaspace: 15581K(16000K)->15581K(16000K) NonClass: 13947K(14080K)->13947K(14080K) Class: 1633K(1920K)->1633K(1920K)
[2025-12-24T17:30:59.737+0000][gc          ] GC(303) Pause Young (Normal) (G1 Evacuation Pause) 844M->238M(1024M) 23.051ms
[2025-12-24T17:30:59.737+0000][gc,cpu      ] GC(303) User=0.13s Sys=0.02s Real=0.02s
[2025-12-24T17:31:39.346+0000][gc,start    ] GC(304) Pause Young (Normal) (G1 Evacuation Pause)
[2025-12-24T17:31:39.347+0000][gc,task     ] GC(304) Using 8 workers of 8 for evacuation
[2025-12-24T17:31:39.361+0000][gc,phases   ] GC(304)   Pre Evacuate Collection Set: 1.1ms
[2025-12-24T17:31:39.361+0000][gc,phases   ] GC(304)   Merge Heap Roots: 0.3ms
[2025-12-24T17:31:39.361+0000][gc,phases   ] GC(304)   Evacuate Collection Set: 9.0ms
[2025-12-24T17:31:39.361+0000][gc,phases   ] GC(304)   Post Evacuate Collection Set: 3.0ms
[2025-12-24T17:31:39.361+0000][gc,phases   ] GC(304)   Other: 0.3ms
[2025-12-24T17:31:39.361+0000][gc,heap     ] GC(304) Eden regions: 606->0(607)
[2025-12-24T17:31:39.361+0000][gc,heap     ] GC(304) Survivor regions: 8->7(77)
[2025-12-24T17:31:39.361+0000][gc,heap     ] GC(304) Old regions: 81->81
[2025-12-24T17:31:39.361+0000][gc,heap     ] GC(304) Humongous regions: 151->151
[2025-12-24T17:31:39.361+0000][gc,metaspace] GC(304) Metaspace: 15582K(16000K)->15582K(16000K) NonClass: 13948K(14080K)->13948K(14080K) Class: 1633K(1920K)->1633K(1920K)
[2025-12-24T17:31:39.362+0000][gc          ] GC(304) Pause Young (Normal) (G1 Evacuation Pause) 844M->237M(1024M) 15.356ms
[2025-12-24T17:31:39.362+0000][gc,cpu      ] GC(304) User=0.07s Sys=0.00s Real=0.02s
[2025-12-24T17:32:09.584+0000][gc,start    ] GC(305) Pause Young (Normal) (G1 Evacuation Pause)
[2025-12-24T17:32:09.585+0000][gc,task     ] GC(305) Using 8 workers of 8 for evacuation
[2025-12-24T17:32:09.601+0000][gc,phases   ] GC(305)   Pre Evacuate Collection Set: 1.0ms
[2025-12-24T17:32:09.602+0000][gc,phases   ] GC(305)   Merge Heap Roots: 0.3ms
[2025-12-24T17:32:09.602+0000][gc,phases   ] GC(305)   Evacuate Collection Set: 12.9ms
[2025-12-24T17:32:09.602+0000][gc,phases   ] GC(305)   Post Evacuate Collection Set: 2.3ms
[2025-12-24T17:32:09.602+0000][gc,phases   ] GC(305)   Other: 0.2ms
[2025-12-24T17:32:09.602+0000][gc,heap     ] GC(305) Eden regions: 607->0(605)
[2025-12-24T17:32:09.602+0000][gc,heap     ] GC(305) Survivor regions: 7->9(77)
[2025-12-24T17:32:09.602+0000][gc,heap     ] GC(305) Old regions: 81->81
[2025-12-24T17:32:09.602+0000][gc,heap     ] GC(305) Humongous regions: 151->151
[2025-12-24T17:32:09.602+0000][gc,metaspace] GC(305) Metaspace: 15582K(16000K)->15582K(16000K) NonClass: 13948K(14080K)->13948K(14080K) Class: 1633K(1920K)->1633K(1920K)
[2025-12-24T17:32:09.603+0000][gc          ] GC(305) Pause Young (Normal) (G1 Evacuation Pause) 844M->239M(1024M) 18.435ms
[2025-12-24T17:32:09.603+0000][gc,cpu      ] GC(305) User=0.10s Sys=0.00s Real=0.02s
[2025-12-24T17:32:49.167+0000][gc,start    ] GC(306) Pause Young (Normal) (G1 Evacuation Pause)
[2025-12-24T17:32:49.167+0000][gc,task     ] GC(306) Using 8 workers of 8 for evacuation
[2025-12-24T17:32:49.186+0000][gc,phases   ] GC(306)   Pre Evacuate Collection Set: 1.5ms
[2025-12-24T17:32:49.186+0000][gc,phases   ] GC(306)   Merge Heap Roots: 0.4ms
[2025-12-24T17:32:49.186+0000][gc,phases   ] GC(306)   Evacuate Collection Set: 14.9ms
[2025-12-24T17:32:49.186+0000][gc,phases   ] GC(306)   Post Evacuate Collection Set: 1.3ms
[2025-12-24T17:32:49.186+0000][gc,phases   ] GC(306)   Other: 0.3ms
[2025-12-24T17:32:49.186+0000][gc,heap     ] GC(306) Eden regions: 605->0(606)
[2025-12-24T17:32:49.186+0000][gc,heap     ] GC(306) Survivor regions: 9->8(77)
[2025-12-24T17:32:49.186+0000][gc,heap     ] GC(306) Old regions: 81->81
[2025-12-24T17:32:49.186+0000][gc,heap     ] GC(306) Humongous regions: 151->151
[2025-12-24T17:32:49.187+0000][gc,metaspace] GC(306) Metaspace: 15582K(16000K)->15582K(16000K) NonClass: 13948K(14080K)->13948K(14080K) Class: 1633K(1920K)->1633K(1920K)
[2025-12-24T17:32:49.187+0000][gc          ] GC(306) Pause Young (Normal) (G1 Evacuation Pause) 844M->239M(1024M) 19.897ms
[2025-12-24T17:32:49.187+0000][gc,cpu      ] GC(306) User=0.09s Sys=0.01s Real=0.02s
[2025-12-24T17:33:19.396+0000][gc,start    ] GC(307) Pause Young (Normal) (G1 Evacuation Pause)
[2025-12-24T17:33:19.398+0000][gc,task     ] GC(307) Using 8 workers of 8 for evacuation
[2025-12-24T17:33:19.409+0000][gc,phases   ] GC(307)   Pre Evacuate Collection Set: 1.1ms
[2025-12-24T17:33:19.409+0000][gc,phases   ] GC(307)   Merge Heap Roots: 0.6ms
[2025-12-24T17:33:19.409+0000][gc,phases   ] GC(307)   Evacuate Collection Set: 8.0ms
[2025-12-24T17:33:19.409+0000][gc,phases   ] GC(307)   Post Evacuate Collection Set: 0.9ms
[2025-12-24T17:33:19.409+0000][gc,phases   ] GC(307)   Other: 0.3ms
[2025-12-24T17:33:19.409+0000][gc,heap     ] GC(307) Eden regions: 606->0(605)
[2025-12-24T17:33:19.409+0000][gc,heap     ] GC(307) Survivor regions: 8->9(77)
[2025-12-24T17:33:19.409+0000][gc,heap     ] GC(307) Old regions: 81->81
[2025-12-24T17:33:19.409+0000][gc,heap     ] GC(307) Humongous regions: 151->151
[2025-12-24T17:33:19.409+0000][gc,metaspace] GC(307) Metaspace: 15582K(16000K)->15582K(16000K) NonClass: 13948K(14080K)->13948K(14080K) Class: 1633K(1920K)->1633K(1920K)
[2025-12-24T17:33:19.409+0000][gc          ] GC(307) Pause Young (Normal) (G1 Evacuation Pause) 845M->240M(1024M) 12.886ms
[2025-12-24T17:33:19.409+0000][gc,cpu      ] GC(307) User=0.05s Sys=0.00s Real=0.01s
[2025-12-24T17:33:49.631+0000][gc,start    ] GC(308) Pause Young (Normal) (G1 Evacuation Pause)
[2025-12-24T17:33:49.632+0000][gc,task     ] GC(308) Using 8 workers of 8 for evacuation
[2025-12-24T17:33:49.655+0000][gc,phases   ] GC(308)   Pre Evacuate Collection Set: 4.7ms
[2025-12-24T17:33:49.655+0000][gc,phases   ] GC(308)   Merge Heap Roots: 1.2ms
[2025-12-24T17:33:49.655+0000][gc,phases   ] GC(308)   Evacuate Collection Set: 16.1ms
[2025-12-24T17:33:49.655+0000][gc,phases   ] GC(308)   Post Evacuate Collection Set: 1.0ms
[2025-12-24T17:33:49.655+0000][gc,phases   ] GC(308)   Other: 0.2ms
[2025-12-24T17:33:49.655+0000][gc,heap     ] GC(308) Eden regions: 605->0(602)
[2025-12-24T17:33:49.655+0000][gc,heap     ] GC(308) Survivor regions: 9->12(77)
[2025-12-24T17:33:49.655+0000][gc,heap     ] GC(308) Old regions: 81->82
[2025-12-24T17:33:49.655+0000][gc,heap     ] GC(308) Humongous regions: 151->151
[2025-12-24T17:33:49.655+0000][gc,metaspace] GC(308) Metaspace: 15582K(16000K)->15582K(16000K) NonClass: 13948K(14080K)->13948K(14080K) Class: 1633K(1920K)->1633K(1920K)
[2025-12-24T17:33:49.655+0000][gc          ] GC(308) Pause Young (Normal) (G1 Evacuation Pause) 845M->243M(1024M) 24.330ms
[2025-12-24T17:33:49.655+0000][gc,cpu      ] GC(308) User=0.16s Sys=0.01s Real=0.02s
[2025-12-24T17:34:29.303+0000][gc,start    ] GC(309) Pause Young (Normal) (G1 Evacuation Pause)
[2025-12-24T17:34:29.303+0000][gc,task     ] GC(309) Using 8 workers of 8 for evacuation
[2025-12-24T17:34:29.322+0000][gc,phases   ] GC(309)   Pre Evacuate Collection Set: 3.6ms
[2025-12-24T17:34:29.322+0000][gc,phases   ] GC(309)   Merge Heap Roots: 1.2ms
[2025-12-24T17:34:29.322+0000][gc,phases   ] GC(309)   Evacuate Collection Set: 12.0ms
[2025-12-24T17:34:29.322+0000][gc,phases   ] GC(309)   Post Evacuate Collection Set: 1.3ms
[2025-12-24T17:34:29.322+0000][gc,phases   ] GC(309)   Other: 0.6ms
[2025-12-24T17:34:29.322+0000][gc,heap     ] GC(309) Eden regions: 602->0(608)
[2025-12-24T17:34:29.323+0000][gc,heap     ] GC(309) Survivor regions: 12->6(77)
[2025-12-24T17:34:29.323+0000][gc,heap     ] GC(309) Old regions: 82->82
[2025-12-24T17:34:29.323+0000][gc,heap     ] GC(309) Humongous regions: 151->151
[2025-12-24T17:34:29.323+0000][gc,metaspace] GC(309) Metaspace: 15582K(16000K)->15582K(16000K) NonClass: 13948K(14080K)->13948K(14080K) Class: 1633K(1920K)->1633K(1920K)
[2025-12-24T17:34:29.323+0000][gc          ] GC(309) Pause Young (Normal) (G1 Evacuation Pause) 845M->238M(1024M) 20.217ms
[2025-12-24T17:34:29.323+0000][gc,cpu      ] GC(309) User=0.10s Sys=0.00s Real=0.02s
[2025-12-24T17:35:00.262+0000][gc,start    ] GC(310) Pause Young (Normal) (G1 Evacuation Pause)
[2025-12-24T17:35:00.262+0000][gc,task     ] GC(310) Using 8 workers of 8 for evacuation
[2025-12-24T17:35:00.274+0000][gc,phases   ] GC(310)   Pre Evacuate Collection Set: 2.1ms
[2025-12-24T17:35:00.274+0000][gc,phases   ] GC(310)   Merge Heap Roots: 0.4ms
[2025-12-24T17:35:00.275+0000][gc,phases   ] GC(310)   Evacuate Collection Set: 8.4ms
[2025-12-24T17:35:00.275+0000][gc,phases   ] GC(310)   Post Evacuate Collection Set: 1.1ms
[2025-12-24T17:35:00.275+0000][gc,phases   ] GC(310)   Other: 0.2ms
[2025-12-24T17:35:00.275+0000][gc,heap     ] GC(310) Eden regions: 608->0(607)
[2025-12-24T17:35:00.275+0000][gc,heap     ] GC(310) Survivor regions: 6->7(77)
[2025-12-24T17:35:00.275+0000][gc,heap     ] GC(310) Old regions: 82->82
[2025-12-24T17:35:00.275+0000][gc,heap     ] GC(310) Humongous regions: 151->151
[2025-12-24T17:35:00.275+0000][gc,metaspace] GC(310) Metaspace: 15583K(16000K)->15583K(16000K) NonClass: 13949K(14080K)->13949K(14080K) Class: 1633K(1920K)->1633K(1920K)
[2025-12-24T17:35:00.275+0000][gc          ] GC(310) Pause Young (Normal) (G1 Evacuation Pause) 846M->239M(1024M) 13.482ms
[2025-12-24T17:35:00.275+0000][gc,cpu      ] GC(310) User=0.07s Sys=0.00s Real=0.01s
[2025-12-24T17:35:39.252+0000][gc,start    ] GC(311) Pause Young (Normal) (G1 Evacuation Pause)
[2025-12-24T17:35:39.252+0000][gc,task     ] GC(311) Using 8 workers of 8 for evacuation
[2025-12-24T17:35:39.274+0000][gc,phases   ] GC(311)   Pre Evacuate Collection Set: 1.7ms
[2025-12-24T17:35:39.274+0000][gc,phases   ] GC(311)   Merge Heap Roots: 0.5ms
[2025-12-24T17:35:39.274+0000][gc,phases   ] GC(311)   Evacuate Collection Set: 16.9ms
[2025-12-24T17:35:39.274+0000][gc,phases   ] GC(311)   Post Evacuate Collection Set: 2.4ms
[2025-12-24T17:35:39.274+0000][gc,phases   ] GC(311)   Other: 0.5ms
[2025-12-24T17:35:39.274+0000][gc,heap     ] GC(311) Eden regions: 607->0(608)
[2025-12-24T17:35:39.275+0000][gc,heap     ] GC(311) Survivor regions: 7->6(77)
[2025-12-24T17:35:39.275+0000][gc,heap     ] GC(311) Old regions: 82->82
[2025-12-24T17:35:39.275+0000][gc,heap     ] GC(311) Humongous regions: 151->151
[2025-12-24T17:35:39.275+0000][gc,metaspace] GC(311) Metaspace: 15583K(16000K)->15583K(16000K) NonClass: 13949K(14080K)->13949K(14080K) Class: 1633K(1920K)->1633K(1920K)
[2025-12-24T17:35:39.275+0000][gc          ] GC(311) Pause Young (Normal) (G1 Evacuation Pause) 846M->238M(1024M) 23.287ms
[2025-12-24T17:35:39.275+0000][gc,cpu      ] GC(311) User=0.15s Sys=0.00s Real=0.03s
[2025-12-24T17:36:09.514+0000][gc,start    ] GC(312) Pause Young (Normal) (G1 Evacuation Pause)
[2025-12-24T17:36:09.515+0000][gc,task     ] GC(312) Using 8 workers of 8 for evacuation
[2025-12-24T17:36:09.649+0000][gc,phases   ] GC(312)   Pre Evacuate Collection Set: 11.3ms
[2025-12-24T17:36:09.652+0000][gc,phases   ] GC(312)   Merge Heap Roots: 0.6ms
[2025-12-24T17:36:09.655+0000][gc,phases   ] GC(312)   Evacuate Collection Set: 95.9ms
[2025-12-24T17:36:09.659+0000][gc,phases   ] GC(312)   Post Evacuate Collection Set: 19.7ms
[2025-12-24T17:36:09.661+0000][gc,phases   ] GC(312)   Other: 6.9ms
[2025-12-24T17:36:09.664+0000][gc,heap     ] GC(312) Eden regions: 608->0(606)
[2025-12-24T17:36:09.664+0000][gc,heap     ] GC(312) Survivor regions: 6->8(77)
[2025-12-24T17:36:09.664+0000][gc,heap     ] GC(312) Old regions: 82->83
[2025-12-24T17:36:09.665+0000][gc,heap     ] GC(312) Humongous regions: 151->151
[2025-12-24T17:36:09.665+0000][gc,metaspace] GC(312) Metaspace: 15583K(16000K)->15583K(16000K) NonClass: 13949K(14080K)->13949K(14080K) Class: 1633K(1920K)->1633K(1920K)
[2025-12-24T17:36:09.666+0000][gc          ] GC(312) Pause Young (Normal) (G1 Evacuation Pause) 846M->240M(1024M) 151.487ms
[2025-12-24T17:36:09.667+0000][gc,cpu      ] GC(312) User=0.50s Sys=0.04s Real=0.15s
[2025-12-24T17:36:49.172+0000][gc,start    ] GC(313) Pause Young (Normal) (G1 Evacuation Pause)
[2025-12-24T17:36:49.173+0000][gc,task     ] GC(313) Using 8 workers of 8 for evacuation
[2025-12-24T17:36:49.197+0000][gc,phases   ] GC(313)   Pre Evacuate Collection Set: 1.7ms
[2025-12-24T17:36:49.197+0000][gc,phases   ] GC(313)   Merge Heap Roots: 0.3ms
[2025-12-24T17:36:49.197+0000][gc,phases   ] GC(313)   Evacuate Collection Set: 19.6ms
[2025-12-24T17:36:49.197+0000][gc,phases   ] GC(313)   Post Evacuate Collection Set: 1.3ms
[2025-12-24T17:36:49.197+0000][gc,phases   ] GC(313)   Other: 0.6ms
[2025-12-24T17:36:49.197+0000][gc,heap     ] GC(313) Eden regions: 606->0(607)
[2025-12-24T17:36:49.197+0000][gc,heap     ] GC(313) Survivor regions: 8->7(77)
[2025-12-24T17:36:49.197+0000][gc,heap     ] GC(313) Old regions: 83->83
[2025-12-24T17:36:49.197+0000][gc,heap     ] GC(313) Humongous regions: 151->151
[2025-12-24T17:36:49.197+0000][gc,metaspace] GC(313) Metaspace: 15583K(16000K)->15583K(16000K) NonClass: 13949K(14080K)->13949K(14080K) Class: 1633K(1920K)->1633K(1920K)
[2025-12-24T17:36:49.198+0000][gc          ] GC(313) Pause Young (Normal) (G1 Evacuation Pause) 846M->240M(1024M) 25.418ms
[2025-12-24T17:36:49.198+0000][gc,cpu      ] GC(313) User=0.12s Sys=0.01s Real=0.02s
[2025-12-24T17:37:19.396+0000][gc,start    ] GC(314) Pause Young (Normal) (G1 Evacuation Pause)
[2025-12-24T17:37:19.396+0000][gc,task     ] GC(314) Using 8 workers of 8 for evacuation
[2025-12-24T17:37:19.410+0000][gc,phases   ] GC(314)   Pre Evacuate Collection Set: 1.1ms
[2025-12-24T17:37:19.410+0000][gc,phases   ] GC(314)   Merge Heap Roots: 0.3ms
[2025-12-24T17:37:19.410+0000][gc,phases   ] GC(314)   Evacuate Collection Set: 11.6ms
[2025-12-24T17:37:19.411+0000][gc,phases   ] GC(314)   Post Evacuate Collection Set: 1.3ms
[2025-12-24T17:37:19.411+0000][gc,phases   ] GC(314)   Other: 0.2ms
[2025-12-24T17:37:19.411+0000][gc,heap     ] GC(314) Eden regions: 607->0(605)
[2025-12-24T17:37:19.411+0000][gc,heap     ] GC(314) Survivor regions: 7->9(77)
[2025-12-24T17:37:19.411+0000][gc,heap     ] GC(314) Old regions: 83->83
[2025-12-24T17:37:19.411+0000][gc,heap     ] GC(314) Humongous regions: 151->151
[2025-12-24T17:37:19.411+0000][gc,metaspace] GC(314) Metaspace: 15583K(16000K)->15583K(16000K) NonClass: 13949K(14080K)->13949K(14080K) Class: 1633K(1920K)->1633K(1920K)
[2025-12-24T17:37:19.411+0000][gc          ] GC(314) Pause Young (Normal) (G1 Evacuation Pause) 847M->242M(1024M) 15.392ms
[2025-12-24T17:37:19.411+0000][gc,cpu      ] GC(314) User=0.09s Sys=0.01s Real=0.02s
[2025-12-24T17:37:49.696+0000][gc,start    ] GC(315) Pause Young (Normal) (G1 Evacuation Pause)
[2025-12-24T17:37:49.696+0000][gc,task     ] GC(315) Using 8 workers of 8 for evacuation
[2025-12-24T17:37:49.716+0000][gc,phases   ] GC(315)   Pre Evacuate Collection Set: 1.5ms
[2025-12-24T17:37:49.716+0000][gc,phases   ] GC(315)   Merge Heap Roots: 0.3ms
[2025-12-24T17:37:49.716+0000][gc,phases   ] GC(315)   Evacuate Collection Set: 16.3ms
[2025-12-24T17:37:49.716+0000][gc,phases   ] GC(315)   Post Evacuate Collection Set: 1.3ms
[2025-12-24T17:37:49.716+0000][gc,phases   ] GC(315)   Other: 0.2ms
[2025-12-24T17:37:49.716+0000][gc,heap     ] GC(315) Eden regions: 605->0(604)
[2025-12-24T17:37:49.716+0000][gc,heap     ] GC(315) Survivor regions: 9->10(77)
[2025-12-24T17:37:49.716+0000][gc,heap     ] GC(315) Old regions: 83->83
[2025-12-24T17:37:49.716+0000][gc,heap     ] GC(315) Humongous regions: 151->151
[2025-12-24T17:37:49.716+0000][gc,metaspace] GC(315) Metaspace: 15583K(16000K)->15583K(16000K) NonClass: 13949K(14080K)->13949K(14080K) Class: 1633K(1920K)->1633K(1920K)
[2025-12-24T17:37:49.716+0000][gc          ] GC(315) Pause Young (Normal) (G1 Evacuation Pause) 847M->243M(1024M) 20.583ms
[2025-12-24T17:37:49.716+0000][gc,cpu      ] GC(315) User=0.13s Sys=0.00s Real=0.02s
[2025-12-24T17:38:29.545+0000][gc,start    ] GC(316) Pause Young (Normal) (G1 Evacuation Pause)
[2025-12-24T17:38:29.546+0000][gc,task     ] GC(316) Using 8 workers of 8 for evacuation
[2025-12-24T17:38:29.578+0000][gc,phases   ] GC(316)   Pre Evacuate Collection Set: 6.7ms
[2025-12-24T17:38:29.578+0000][gc,phases   ] GC(316)   Merge Heap Roots: 0.7ms
[2025-12-24T17:38:29.578+0000][gc,phases   ] GC(316)   Evacuate Collection Set: 20.6ms
[2025-12-24T17:38:29.579+0000][gc,phases   ] GC(316)   Post Evacuate Collection Set: 1.6ms
[2025-12-24T17:38:29.579+0000][gc,phases   ] GC(316)   Other: 2.3ms
[2025-12-24T17:38:29.579+0000][gc,heap     ] GC(316) Eden regions: 604->0(608)
[2025-12-24T17:38:29.579+0000][gc,heap     ] GC(316) Survivor regions: 10->6(77)
[2025-12-24T17:38:29.579+0000][gc,heap     ] GC(316) Old regions: 83->84
[2025-12-24T17:38:29.579+0000][gc,heap     ] GC(316) Humongous regions: 151->151
[2025-12-24T17:38:29.579+0000][gc,metaspace] GC(316) Metaspace: 15583K(16000K)->15583K(16000K) NonClass: 13949K(14080K)->13949K(14080K) Class: 1633K(1920K)->1633K(1920K)
[2025-12-24T17:38:29.579+0000][gc          ] GC(316) Pause Young (Normal) (G1 Evacuation Pause) 847M->239M(1024M) 34.139ms
[2025-12-24T17:38:29.579+0000][gc,cpu      ] GC(316) User=0.13s Sys=0.01s Real=0.04s
[2025-12-24T17:38:59.665+0000][gc,start    ] GC(317) Pause Young (Normal) (G1 Evacuation Pause)
[2025-12-24T17:38:59.665+0000][gc,task     ] GC(317) Using 8 workers of 8 for evacuation
[2025-12-24T17:38:59.681+0000][gc,phases   ] GC(317)   Pre Evacuate Collection Set: 1.6ms
[2025-12-24T17:38:59.681+0000][gc,phases   ] GC(317)   Merge Heap Roots: 0.6ms
[2025-12-24T17:38:59.681+0000][gc,phases   ] GC(317)   Evacuate Collection Set: 11.0ms
[2025-12-24T17:38:59.681+0000][gc,phases   ] GC(317)   Post Evacuate Collection Set: 1.6ms
[2025-12-24T17:38:59.681+0000][gc,phases   ] GC(317)   Other: 0.7ms
[2025-12-24T17:38:59.681+0000][gc,heap     ] GC(317) Eden regions: 608->0(605)
[2025-12-24T17:38:59.681+0000][gc,heap     ] GC(317) Survivor regions: 6->9(77)
[2025-12-24T17:38:59.681+0000][gc,heap     ] GC(317) Old regions: 84->84
[2025-12-24T17:38:59.681+0000][gc,heap     ] GC(317) Humongous regions: 151->151
[2025-12-24T17:38:59.681+0000][gc,metaspace] GC(317) Metaspace: 15593K(16000K)->15593K(16000K) NonClass: 13959K(14080K)->13959K(14080K) Class: 1633K(1920K)->1633K(1920K)
[2025-12-24T17:38:59.681+0000][gc          ] GC(317) Pause Young (Normal) (G1 Evacuation Pause) 847M->242M(1024M) 16.663ms
[2025-12-24T17:38:59.681+0000][gc,cpu      ] GC(317) User=0.10s Sys=0.00s Real=0.01s
[2025-12-24T17:39:39.239+0000][gc,start    ] GC(318) Pause Young (Normal) (G1 Evacuation Pause)
[2025-12-24T17:39:39.240+0000][gc,task     ] GC(318) Using 8 workers of 8 for evacuation
[2025-12-24T17:39:39.269+0000][gc,phases   ] GC(318)   Pre Evacuate Collection Set: 1.1ms
[2025-12-24T17:39:39.269+0000][gc,phases   ] GC(318)   Merge Heap Roots: 0.3ms
[2025-12-24T17:39:39.269+0000][gc,phases   ] GC(318)   Evacuate Collection Set: 21.5ms
[2025-12-24T17:39:39.269+0000][gc,phases   ] GC(318)   Post Evacuate Collection Set: 5.8ms
[2025-12-24T17:39:39.270+0000][gc,phases   ] GC(318)   Other: 0.3ms
[2025-12-24T17:39:39.270+0000][gc,heap     ] GC(318) Eden regions: 605->0(606)
[2025-12-24T17:39:39.270+0000][gc,heap     ] GC(318) Survivor regions: 9->8(77)
[2025-12-24T17:39:39.270+0000][gc,heap     ] GC(318) Old regions: 84->84
[2025-12-24T17:39:39.270+0000][gc,heap     ] GC(318) Humongous regions: 151->151
[2025-12-24T17:39:39.270+0000][gc,metaspace] GC(318) Metaspace: 15599K(16000K)->15599K(16000K) NonClass: 13961K(14080K)->13961K(14080K) Class: 1637K(1920K)->1637K(1920K)
[2025-12-24T17:39:39.270+0000][gc          ] GC(318) Pause Young (Normal) (G1 Evacuation Pause) 847M->241M(1024M) 30.545ms
[2025-12-24T17:39:39.270+0000][gc,cpu      ] GC(318) User=0.16s Sys=0.00s Real=0.03s
[2025-12-24T17:40:09.475+0000][gc,start    ] GC(319) Pause Young (Normal) (G1 Evacuation Pause)
[2025-12-24T17:40:09.476+0000][gc,task     ] GC(319) Using 8 workers of 8 for evacuation
[2025-12-24T17:40:09.490+0000][gc,phases   ] GC(319)   Pre Evacuate Collection Set: 1.0ms
[2025-12-24T17:40:09.490+0000][gc,phases   ] GC(319)   Merge Heap Roots: 0.3ms
[2025-12-24T17:40:09.491+0000][gc,phases   ] GC(319)   Evacuate Collection Set: 11.4ms
[2025-12-24T17:40:09.491+0000][gc,phases   ] GC(319)   Post Evacuate Collection Set: 1.1ms
[2025-12-24T17:40:09.491+0000][gc,phases   ] GC(319)   Other: 0.2ms
[2025-12-24T17:40:09.491+0000][gc,heap     ] GC(319) Eden regions: 606->0(604)
[2025-12-24T17:40:09.491+0000][gc,heap     ] GC(319) Survivor regions: 8->10(77)
[2025-12-24T17:40:09.491+0000][gc,heap     ] GC(319) Old regions: 84->84
[2025-12-24T17:40:09.491+0000][gc,heap     ] GC(319) Humongous regions: 151->151
[2025-12-24T17:40:09.491+0000][gc,metaspace] GC(319) Metaspace: 15599K(16000K)->15599K(16000K) NonClass: 13961K(14080K)->13961K(14080K) Class: 1637K(1920K)->1637K(1920K)
[2025-12-24T17:40:09.491+0000][gc          ] GC(319) Pause Young (Normal) (G1 Evacuation Pause) 847M->243M(1024M) 16.375ms
[2025-12-24T17:40:09.491+0000][gc,cpu      ] GC(319) User=0.09s Sys=0.00s Real=0.02s
[2025-12-24T17:40:49.143+0000][gc,start    ] GC(320) Pause Young (Normal) (G1 Evacuation Pause)
[2025-12-24T17:40:49.145+0000][gc,task     ] GC(320) Using 8 workers of 8 for evacuation
[2025-12-24T17:40:49.171+0000][gc,phases   ] GC(320)   Pre Evacuate Collection Set: 3.8ms
[2025-12-24T17:40:49.171+0000][gc,phases   ] GC(320)   Merge Heap Roots: 1.1ms
[2025-12-24T17:40:49.171+0000][gc,phases   ] GC(320)   Evacuate Collection Set: 19.2ms
[2025-12-24T17:40:49.171+0000][gc,phases   ] GC(320)   Post Evacuate Collection Set: 1.4ms
[2025-12-24T17:40:49.171+0000][gc,phases   ] GC(320)   Other: 0.6ms
[2025-12-24T17:40:49.171+0000][gc,heap     ] GC(320) Eden regions: 604->0(606)
[2025-12-24T17:40:49.171+0000][gc,heap     ] GC(320) Survivor regions: 10->8(77)
[2025-12-24T17:40:49.171+0000][gc,heap     ] GC(320) Old regions: 84->85
[2025-12-24T17:40:49.171+0000][gc,heap     ] GC(320) Humongous regions: 151->151
[2025-12-24T17:40:49.171+0000][gc,metaspace] GC(320) Metaspace: 15603K(16000K)->15603K(16000K) NonClass: 13965K(14080K)->13965K(14080K) Class: 1637K(1920K)->1637K(1920K)
[2025-12-24T17:40:49.171+0000][gc          ] GC(320) Pause Young (Normal) (G1 Evacuation Pause) 847M->242M(1024M) 28.310ms
[2025-12-24T17:40:49.172+0000][gc,cpu      ] GC(320) User=0.13s Sys=0.02s Real=0.03s
[2025-12-24T17:41:19.424+0000][gc,start    ] GC(321) Pause Young (Normal) (G1 Evacuation Pause)
[2025-12-24T17:41:19.425+0000][gc,task     ] GC(321) Using 8 workers of 8 for evacuation
[2025-12-24T17:41:19.449+0000][gc,phases   ] GC(321)   Pre Evacuate Collection Set: 1.1ms
[2025-12-24T17:41:19.450+0000][gc,phases   ] GC(321)   Merge Heap Roots: 0.3ms
[2025-12-24T17:41:19.450+0000][gc,phases   ] GC(321)   Evacuate Collection Set: 20.9ms
[2025-12-24T17:41:19.450+0000][gc,phases   ] GC(321)   Post Evacuate Collection Set: 2.3ms
[2025-12-24T17:41:19.451+0000][gc,phases   ] GC(321)   Other: 0.2ms
[2025-12-24T17:41:19.451+0000][gc,heap     ] GC(321) Eden regions: 606->0(604)
[2025-12-24T17:41:19.451+0000][gc,heap     ] GC(321) Survivor regions: 8->10(77)
[2025-12-24T17:41:19.452+0000][gc,heap     ] GC(321) Old regions: 85->85
[2025-12-24T17:41:19.452+0000][gc,heap     ] GC(321) Humongous regions: 151->151
[2025-12-24T17:41:19.452+0000][gc,metaspace] GC(321) Metaspace: 15604K(16000K)->15604K(16000K) NonClass: 13967K(14080K)->13967K(14080K) Class: 1637K(1920K)->1637K(1920K)
[2025-12-24T17:41:19.452+0000][gc          ] GC(321) Pause Young (Normal) (G1 Evacuation Pause) 848M->244M(1024M) 28.798ms
[2025-12-24T17:41:19.453+0000][gc,cpu      ] GC(321) User=0.18s Sys=0.00s Real=0.03s
[2025-12-24T17:41:49.647+0000][gc,start    ] GC(322) Pause Young (Normal) (G1 Evacuation Pause)
[2025-12-24T17:41:49.647+0000][gc,task     ] GC(322) Using 8 workers of 8 for evacuation
[2025-12-24T17:41:49.669+0000][gc,phases   ] GC(322)   Pre Evacuate Collection Set: 3.4ms
[2025-12-24T17:41:49.669+0000][gc,phases   ] GC(322)   Merge Heap Roots: 0.3ms
[2025-12-24T17:41:49.669+0000][gc,phases   ] GC(322)   Evacuate Collection Set: 16.1ms
[2025-12-24T17:41:49.669+0000][gc,phases   ] GC(322)   Post Evacuate Collection Set: 1.7ms
[2025-12-24T17:41:49.669+0000][gc,phases   ] GC(322)   Other: 0.2ms
[2025-12-24T17:41:49.670+0000][gc,heap     ] GC(322) Eden regions: 604->0(602)
[2025-12-24T17:41:49.670+0000][gc,heap     ] GC(322) Survivor regions: 10->12(77)
[2025-12-24T17:41:49.670+0000][gc,heap     ] GC(322) Old regions: 85->85
[2025-12-24T17:41:49.670+0000][gc,heap     ] GC(322) Humongous regions: 151->151
[2025-12-24T17:41:49.670+0000][gc,metaspace] GC(322) Metaspace: 15604K(16000K)->15604K(16000K) NonClass: 13967K(14080K)->13967K(14080K) Class: 1637K(1920K)->1637K(1920K)
[2025-12-24T17:41:49.670+0000][gc          ] GC(322) Pause Young (Normal) (G1 Evacuation Pause) 848M->246M(1024M) 23.092ms
[2025-12-24T17:41:49.670+0000][gc,cpu      ] GC(322) User=0.14s Sys=0.00s Real=0.02s
[2025-12-24T17:42:29.333+0000][gc,start    ] GC(323) Pause Young (Normal) (G1 Evacuation Pause)
[2025-12-24T17:42:29.334+0000][gc,task     ] GC(323) Using 8 workers of 8 for evacuation
[2025-12-24T17:42:29.355+0000][gc,phases   ] GC(323)   Pre Evacuate Collection Set: 1.4ms
[2025-12-24T17:42:29.355+0000][gc,phases   ] GC(323)   Merge Heap Roots: 0.3ms
[2025-12-24T17:42:29.355+0000][gc,phases   ] GC(323)   Evacuate Collection Set: 17.6ms
[2025-12-24T17:42:29.355+0000][gc,phases   ] GC(323)   Post Evacuate Collection Set: 1.3ms
[2025-12-24T17:42:29.355+0000][gc,phases   ] GC(323)   Other: 0.2ms
[2025-12-24T17:42:29.355+0000][gc,heap     ] GC(323) Eden regions: 602->0(608)
[2025-12-24T17:42:29.355+0000][gc,heap     ] GC(323) Survivor regions: 12->6(77)
[2025-12-24T17:42:29.355+0000][gc,heap     ] GC(323) Old regions: 85->85
[2025-12-24T17:42:29.356+0000][gc,heap     ] GC(323) Humongous regions: 151->151
[2025-12-24T17:42:29.356+0000][gc,metaspace] GC(323) Metaspace: 15608K(16000K)->15608K(16000K) NonClass: 13971K(14080K)->13971K(14080K) Class: 1637K(1920K)->1637K(1920K)
[2025-12-24T17:42:29.356+0000][gc          ] GC(323) Pause Young (Normal) (G1 Evacuation Pause) 848M->241M(1024M) 22.610ms
[2025-12-24T17:42:29.356+0000][gc,cpu      ] GC(323) User=0.15s Sys=0.00s Real=0.02s
[2025-12-24T17:42:59.965+0000][gc,start    ] GC(324) Pause Young (Normal) (G1 Evacuation Pause)
[2025-12-24T17:42:59.965+0000][gc,task     ] GC(324) Using 8 workers of 8 for evacuation
[2025-12-24T17:42:59.980+0000][gc,phases   ] GC(324)   Pre Evacuate Collection Set: 1.3ms
[2025-12-24T17:42:59.980+0000][gc,phases   ] GC(324)   Merge Heap Roots: 0.6ms
[2025-12-24T17:42:59.980+0000][gc,phases   ] GC(324)   Evacuate Collection Set: 11.1ms
[2025-12-24T17:42:59.980+0000][gc,phases   ] GC(324)   Post Evacuate Collection Set: 1.5ms
[2025-12-24T17:42:59.981+0000][gc,phases   ] GC(324)   Other: 0.3ms
[2025-12-24T17:42:59.981+0000][gc,heap     ] GC(324) Eden regions: 608->0(607)
[2025-12-24T17:42:59.981+0000][gc,heap     ] GC(324) Survivor regions: 6->7(77)
[2025-12-24T17:42:59.981+0000][gc,heap     ] GC(324) Old regions: 85->85
[2025-12-24T17:42:59.981+0000][gc,heap     ] GC(324) Humongous regions: 151->151
[2025-12-24T17:42:59.981+0000][gc,metaspace] GC(324) Metaspace: 15608K(16000K)->15608K(16000K) NonClass: 13971K(14080K)->13971K(14080K) Class: 1637K(1920K)->1637K(1920K)
[2025-12-24T17:42:59.981+0000][gc          ] GC(324) Pause Young (Normal) (G1 Evacuation Pause) 849M->242M(1024M) 16.910ms
[2025-12-24T17:42:59.982+0000][gc,cpu      ] GC(324) User=0.09s Sys=0.00s Real=0.01s
[2025-12-24T17:43:39.234+0000][gc,start    ] GC(325) Pause Young (Normal) (G1 Evacuation Pause)
[2025-12-24T17:43:39.235+0000][gc,task     ] GC(325) Using 8 workers of 8 for evacuation
[2025-12-24T17:43:39.246+0000][gc,phases   ] GC(325)   Pre Evacuate Collection Set: 1.7ms
[2025-12-24T17:43:39.247+0000][gc,phases   ] GC(325)   Merge Heap Roots: 0.4ms
[2025-12-24T17:43:39.247+0000][gc,phases   ] GC(325)   Evacuate Collection Set: 7.9ms
[2025-12-24T17:43:39.247+0000][gc,phases   ] GC(325)   Post Evacuate Collection Set: 1.6ms
[2025-12-24T17:43:39.247+0000][gc,phases   ] GC(325)   Other: 0.2ms
[2025-12-24T17:43:39.247+0000][gc,heap     ] GC(325) Eden regions: 607->0(608)
[2025-12-24T17:43:39.247+0000][gc,heap     ] GC(325) Survivor regions: 7->6(77)
[2025-12-24T17:43:39.247+0000][gc,heap     ] GC(325) Old regions: 85->86
[2025-12-24T17:43:39.247+0000][gc,heap     ] GC(325) Humongous regions: 151->151
[2025-12-24T17:43:39.247+0000][gc,metaspace] GC(325) Metaspace: 15608K(16000K)->15608K(16000K) NonClass: 13971K(14080K)->13971K(14080K) Class: 1637K(1920K)->1637K(1920K)
[2025-12-24T17:43:39.247+0000][gc          ] GC(325) Pause Young (Normal) (G1 Evacuation Pause) 849M->241M(1024M) 12.959ms
[2025-12-24T17:43:39.247+0000][gc,cpu      ] GC(325) User=0.07s Sys=0.00s Real=0.01s
[2025-12-24T17:44:09.492+0000][gc,start    ] GC(326) Pause Young (Normal) (G1 Evacuation Pause)
[2025-12-24T17:44:09.492+0000][gc,task     ] GC(326) Using 8 workers of 8 for evacuation
[2025-12-24T17:44:09.510+0000][gc,phases   ] GC(326)   Pre Evacuate Collection Set: 1.1ms
[2025-12-24T17:44:09.510+0000][gc,phases   ] GC(326)   Merge Heap Roots: 0.2ms
[2025-12-24T17:44:09.510+0000][gc,phases   ] GC(326)   Evacuate Collection Set: 13.8ms
[2025-12-24T17:44:09.510+0000][gc,phases   ] GC(326)   Post Evacuate Collection Set: 2.3ms
[2025-12-24T17:44:09.510+0000][gc,phases   ] GC(326)   Other: 0.2ms
[2025-12-24T17:44:09.510+0000][gc,heap     ] GC(326) Eden regions: 608->0(606)
[2025-12-24T17:44:09.510+0000][gc,heap     ] GC(326) Survivor regions: 6->8(77)
[2025-12-24T17:44:09.510+0000][gc,heap     ] GC(326) Old regions: 86->86
[2025-12-24T17:44:09.510+0000][gc,heap     ] GC(326) Humongous regions: 151->151
[2025-12-24T17:44:09.511+0000][gc,metaspace] GC(326) Metaspace: 15608K(16000K)->15608K(16000K) NonClass: 13971K(14080K)->13971K(14080K) Class: 1637K(1920K)->1637K(1920K)
[2025-12-24T17:44:09.511+0000][gc          ] GC(326) Pause Young (Normal) (G1 Evacuation Pause) 849M->243M(1024M) 18.930ms
[2025-12-24T17:44:09.511+0000][gc,cpu      ] GC(326) User=0.12s Sys=0.00s Real=0.02s
[2025-12-24T17:44:49.164+0000][gc,start    ] GC(327) Pause Young (Normal) (G1 Evacuation Pause)
[2025-12-24T17:44:49.164+0000][gc,task     ] GC(327) Using 8 workers of 8 for evacuation
[2025-12-24T17:44:49.183+0000][gc,phases   ] GC(327)   Pre Evacuate Collection Set: 1.2ms
[2025-12-24T17:44:49.184+0000][gc,phases   ] GC(327)   Merge Heap Roots: 0.3ms
[2025-12-24T17:44:49.184+0000][gc,phases   ] GC(327)   Evacuate Collection Set: 15.3ms
[2025-12-24T17:44:49.184+0000][gc,phases   ] GC(327)   Post Evacuate Collection Set: 1.9ms
[2025-12-24T17:44:49.184+0000][gc,phases   ] GC(327)   Other: 0.3ms
[2025-12-24T17:44:49.184+0000][gc,heap     ] GC(327) Eden regions: 606->0(607)
[2025-12-24T17:44:49.185+0000][gc,heap     ] GC(327) Survivor regions: 8->7(77)
[2025-12-24T17:44:49.185+0000][gc,heap     ] GC(327) Old regions: 86->86
[2025-12-24T17:44:49.185+0000][gc,heap     ] GC(327) Humongous regions: 151->151
[2025-12-24T17:44:49.185+0000][gc,metaspace] GC(327) Metaspace: 15609K(16000K)->15609K(16000K) NonClass: 13972K(14080K)->13972K(14080K) Class: 1637K(1920K)->1637K(1920K)
[2025-12-24T17:44:49.185+0000][gc          ] GC(327) Pause Young (Normal) (G1 Evacuation Pause) 849M->242M(1024M) 21.227ms
[2025-12-24T17:44:49.185+0000][gc,cpu      ] GC(327) User=0.14s Sys=0.00s Real=0.02s
[2025-12-24T17:45:19.405+0000][gc,start    ] GC(328) Pause Young (Normal) (G1 Evacuation Pause)
[2025-12-24T17:45:19.406+0000][gc,task     ] GC(328) Using 8 workers of 8 for evacuation
[2025-12-24T17:45:19.428+0000][gc,phases   ] GC(328)   Pre Evacuate Collection Set: 1.1ms
[2025-12-24T17:45:19.429+0000][gc,phases   ] GC(328)   Merge Heap Roots: 0.2ms
[2025-12-24T17:45:19.429+0000][gc,phases   ] GC(328)   Evacuate Collection Set: 20.0ms
[2025-12-24T17:45:19.429+0000][gc,phases   ] GC(328)   Post Evacuate Collection Set: 1.0ms
[2025-12-24T17:45:19.429+0000][gc,phases   ] GC(328)   Other: 0.2ms
[2025-12-24T17:45:19.429+0000][gc,heap     ] GC(328) Eden regions: 607->0(606)
[2025-12-24T17:45:19.429+0000][gc,heap     ] GC(328) Survivor regions: 7->8(77)
[2025-12-24T17:45:19.429+0000][gc,heap     ] GC(328) Old regions: 86->86
[2025-12-24T17:45:19.429+0000][gc,heap     ] GC(328) Humongous regions: 151->151
[2025-12-24T17:45:19.429+0000][gc,metaspace] GC(328) Metaspace: 15609K(16000K)->15609K(16000K) NonClass: 13972K(14080K)->13972K(14080K) Class: 1637K(1920K)->1637K(1920K)
[2025-12-24T17:45:19.429+0000][gc          ] GC(328) Pause Young (Normal) (G1 Evacuation Pause) 849M->244M(1024M) 23.552ms
[2025-12-24T17:45:19.429+0000][gc,cpu      ] GC(328) User=0.16s Sys=0.01s Real=0.02s
[2025-12-24T17:45:49.839+0000][gc,start    ] GC(329) Pause Young (Normal) (G1 Evacuation Pause)
[2025-12-24T17:45:49.840+0000][gc,task     ] GC(329) Using 8 workers of 8 for evacuation
[2025-12-24T17:45:49.865+0000][gc,phases   ] GC(329)   Pre Evacuate Collection Set: 1.5ms
[2025-12-24T17:45:49.865+0000][gc,phases   ] GC(329)   Merge Heap Roots: 0.3ms
[2025-12-24T17:45:49.865+0000][gc,phases   ] GC(329)   Evacuate Collection Set: 22.2ms
[2025-12-24T17:45:49.866+0000][gc,phases   ] GC(329)   Post Evacuate Collection Set: 1.0ms
[2025-12-24T17:45:49.866+0000][gc,phases   ] GC(329)   Other: 0.3ms
[2025-12-24T17:45:49.866+0000][gc,heap     ] GC(329) Eden regions: 606->0(605)
[2025-12-24T17:45:49.866+0000][gc,heap     ] GC(329) Survivor regions: 8->9(77)
[2025-12-24T17:45:49.866+0000][gc,heap     ] GC(329) Old regions: 86->87
[2025-12-24T17:45:49.866+0000][gc,heap     ] GC(329) Humongous regions: 151->151
[2025-12-24T17:45:49.866+0000][gc,metaspace] GC(329) Metaspace: 15609K(16000K)->15609K(16000K) NonClass: 13972K(14080K)->13972K(14080K) Class: 1637K(1920K)->1637K(1920K)
[2025-12-24T17:45:49.866+0000][gc          ] GC(329) Pause Young (Normal) (G1 Evacuation Pause) 850M->245M(1024M) 27.323ms
[2025-12-24T17:45:49.866+0000][gc,cpu      ] GC(329) User=0.16s Sys=0.02s Real=0.03s
[2025-12-24T17:46:29.630+0000][gc,start    ] GC(330) Pause Young (Normal) (G1 Evacuation Pause)
[2025-12-24T17:46:29.634+0000][gc,task     ] GC(330) Using 8 workers of 8 for evacuation
[2025-12-24T17:46:29.714+0000][gc,phases   ] GC(330)   Pre Evacuate Collection Set: 7.7ms
[2025-12-24T17:46:29.714+0000][gc,phases   ] GC(330)   Merge Heap Roots: 0.5ms
[2025-12-24T17:46:29.714+0000][gc,phases   ] GC(330)   Evacuate Collection Set: 64.7ms
[2025-12-24T17:46:29.714+0000][gc,phases   ] GC(330)   Post Evacuate Collection Set: 6.2ms
[2025-12-24T17:46:29.715+0000][gc,phases   ] GC(330)   Other: 2.1ms
[2025-12-24T17:46:29.715+0000][gc,heap     ] GC(330) Eden regions: 605->0(605)
[2025-12-24T17:46:29.715+0000][gc,heap     ] GC(330) Survivor regions: 9->9(77)
[2025-12-24T17:46:29.715+0000][gc,heap     ] GC(330) Old regions: 87->87
[2025-12-24T17:46:29.715+0000][gc,heap     ] GC(330) Humongous regions: 151->151
[2025-12-24T17:46:29.716+0000][gc,metaspace] GC(330) Metaspace: 15612K(16000K)->15612K(16000K) NonClass: 13975K(14080K)->13975K(14080K) Class: 1637K(1920K)->1637K(1920K)
[2025-12-24T17:46:29.716+0000][gc          ] GC(330) Pause Young (Normal) (G1 Evacuation Pause) 850M->245M(1024M) 85.580ms
[2025-12-24T17:46:29.716+0000][gc,cpu      ] GC(330) User=0.51s Sys=0.03s Real=0.09s
[2025-12-24T17:46:59.557+0000][gc,start    ] GC(331) Pause Young (Normal) (G1 Evacuation Pause)
[2025-12-24T17:46:59.558+0000][gc,task     ] GC(331) Using 8 workers of 8 for evacuation
[2025-12-24T17:46:59.575+0000][gc,phases   ] GC(331)   Pre Evacuate Collection Set: 1.1ms
[2025-12-24T17:46:59.575+0000][gc,phases   ] GC(331)   Merge Heap Roots: 0.2ms
[2025-12-24T17:46:59.575+0000][gc,phases   ] GC(331)   Evacuate Collection Set: 14.0ms
[2025-12-24T17:46:59.575+0000][gc,phases   ] GC(331)   Post Evacuate Collection Set: 1.1ms
[2025-12-24T17:46:59.575+0000][gc,phases   ] GC(331)   Other: 0.2ms
[2025-12-24T17:46:59.575+0000][gc,heap     ] GC(331) Eden regions: 605->0(608)
[2025-12-24T17:46:59.575+0000][gc,heap     ] GC(331) Survivor regions: 9->6(77)
[2025-12-24T17:46:59.575+0000][gc,heap     ] GC(331) Old regions: 87->87
[2025-12-24T17:46:59.575+0000][gc,heap     ] GC(331) Humongous regions: 151->151
[2025-12-24T17:46:59.575+0000][gc,metaspace] GC(331) Metaspace: 15613K(16000K)->15613K(16000K) NonClass: 13976K(14080K)->13976K(14080K) Class: 1637K(1920K)->1637K(1920K)
[2025-12-24T17:46:59.575+0000][gc          ] GC(331) Pause Young (Normal) (G1 Evacuation Pause) 850M->242M(1024M) 17.722ms
[2025-12-24T17:46:59.575+0000][gc,cpu      ] GC(331) User=0.12s Sys=0.00s Real=0.02s
[2025-12-24T17:47:39.251+0000][gc,start    ] GC(332) Pause Young (Normal) (G1 Evacuation Pause)
[2025-12-24T17:47:39.251+0000][gc,task     ] GC(332) Using 8 workers of 8 for evacuation
[2025-12-24T17:47:39.282+0000][gc,phases   ] GC(332)   Pre Evacuate Collection Set: 1.8ms
[2025-12-24T17:47:39.282+0000][gc,phases   ] GC(332)   Merge Heap Roots: 0.3ms
[2025-12-24T17:47:39.282+0000][gc,phases   ] GC(332)   Evacuate Collection Set: 25.6ms
[2025-12-24T17:47:39.282+0000][gc,phases   ] GC(332)   Post Evacuate Collection Set: 2.5ms
[2025-12-24T17:47:39.282+0000][gc,phases   ] GC(332)   Other: 0.3ms
[2025-12-24T17:47:39.282+0000][gc,heap     ] GC(332) Eden regions: 608->0(610)
[2025-12-24T17:47:39.282+0000][gc,heap     ] GC(332) Survivor regions: 6->4(77)
[2025-12-24T17:47:39.282+0000][gc,heap     ] GC(332) Old regions: 87->88
[2025-12-24T17:47:39.283+0000][gc,heap     ] GC(332) Humongous regions: 151->151
[2025-12-24T17:47:39.283+0000][gc,metaspace] GC(332) Metaspace: 15614K(16000K)->15614K(16000K) NonClass: 13976K(14080K)->13976K(14080K) Class: 1637K(1920K)->1637K(1920K)
[2025-12-24T17:47:39.283+0000][gc          ] GC(332) Pause Young (Normal) (G1 Evacuation Pause) 850M->241M(1024M) 31.944ms
[2025-12-24T17:47:39.283+0000][gc,cpu      ] GC(332) User=0.20s Sys=0.00s Real=0.04s
[2025-12-24T17:48:09.496+0000][gc,start    ] GC(333) Pause Young (Normal) (G1 Evacuation Pause)
[2025-12-24T17:48:09.498+0000][gc,task     ] GC(333) Using 8 workers of 8 for evacuation
[2025-12-24T17:48:09.508+0000][gc,phases   ] GC(333)   Pre Evacuate Collection Set: 1.7ms
[2025-12-24T17:48:09.508+0000][gc,phases   ] GC(333)   Merge Heap Roots: 0.2ms
[2025-12-24T17:48:09.508+0000][gc,phases   ] GC(333)   Evacuate Collection Set: 6.7ms
[2025-12-24T17:48:09.508+0000][gc,phases   ] GC(333)   Post Evacuate Collection Set: 1.2ms
[2025-12-24T17:48:09.508+0000][gc,phases   ] GC(333)   Other: 0.7ms
[2025-12-24T17:48:09.508+0000][gc,heap     ] GC(333) Eden regions: 610->0(608)
[2025-12-24T17:48:09.508+0000][gc,heap     ] GC(333) Survivor regions: 4->6(77)
[2025-12-24T17:48:09.508+0000][gc,heap     ] GC(333) Old regions: 88->88
[2025-12-24T17:48:09.508+0000][gc,heap     ] GC(333) Humongous regions: 151->151
[2025-12-24T17:48:09.508+0000][gc,metaspace] GC(333) Metaspace: 15614K(16000K)->15614K(16000K) NonClass: 13976K(14080K)->13976K(14080K) Class: 1637K(1920K)->1637K(1920K)
[2025-12-24T17:48:09.508+0000][gc          ] GC(333) Pause Young (Normal) (G1 Evacuation Pause) 851M->243M(1024M) 12.738ms
[2025-12-24T17:48:09.509+0000][gc,cpu      ] GC(333) User=0.06s Sys=0.00s Real=0.01s
[2025-12-24T17:48:49.175+0000][gc,start    ] GC(334) Pause Young (Normal) (G1 Evacuation Pause)
[2025-12-24T17:48:49.175+0000][gc,task     ] GC(334) Using 8 workers of 8 for evacuation
[2025-12-24T17:48:49.188+0000][gc,phases   ] GC(334)   Pre Evacuate Collection Set: 1.3ms
[2025-12-24T17:48:49.188+0000][gc,phases   ] GC(334)   Merge Heap Roots: 0.2ms
[2025-12-24T17:48:49.188+0000][gc,phases   ] GC(334)   Evacuate Collection Set: 9.3ms
[2025-12-24T17:48:49.188+0000][gc,phases   ] GC(334)   Post Evacuate Collection Set: 1.2ms
[2025-12-24T17:48:49.188+0000][gc,phases   ] GC(334)   Other: 0.6ms
[2025-12-24T17:48:49.188+0000][gc,heap     ] GC(334) Eden regions: 608->0(609)
[2025-12-24T17:48:49.188+0000][gc,heap     ] GC(334) Survivor regions: 6->5(77)
[2025-12-24T17:48:49.188+0000][gc,heap     ] GC(334) Old regions: 88->88
[2025-12-24T17:48:49.189+0000][gc,heap     ] GC(334) Humongous regions: 151->151
[2025-12-24T17:48:49.189+0000][gc,metaspace] GC(334) Metaspace: 15614K(16000K)->15614K(16000K) NonClass: 13976K(14080K)->13976K(14080K) Class: 1637K(1920K)->1637K(1920K)
[2025-12-24T17:48:49.189+0000][gc          ] GC(334) Pause Young (Normal) (G1 Evacuation Pause) 851M->243M(1024M) 13.910ms
[2025-12-24T17:48:49.189+0000][gc,cpu      ] GC(334) User=0.08s Sys=0.00s Real=0.02s
[2025-12-24T17:49:19.428+0000][gc,start    ] GC(335) Pause Young (Normal) (G1 Evacuation Pause)
[2025-12-24T17:49:19.428+0000][gc,task     ] GC(335) Using 8 workers of 8 for evacuation
[2025-12-24T17:49:19.439+0000][gc,phases   ] GC(335)   Pre Evacuate Collection Set: 1.4ms
[2025-12-24T17:49:19.439+0000][gc,phases   ] GC(335)   Merge Heap Roots: 0.2ms
[2025-12-24T17:49:19.439+0000][gc,phases   ] GC(335)   Evacuate Collection Set: 7.8ms
[2025-12-24T17:49:19.439+0000][gc,phases   ] GC(335)   Post Evacuate Collection Set: 1.3ms
[2025-12-24T17:49:19.439+0000][gc,phases   ] GC(335)   Other: 0.3ms
[2025-12-24T17:49:19.440+0000][gc,heap     ] GC(335) Eden regions: 609->0(607)
[2025-12-24T17:49:19.440+0000][gc,heap     ] GC(335) Survivor regions: 5->7(77)
[2025-12-24T17:49:19.440+0000][gc,heap     ] GC(335) Old regions: 88->88
[2025-12-24T17:49:19.440+0000][gc,heap     ] GC(335) Humongous regions: 151->151
[2025-12-24T17:49:19.440+0000][gc,metaspace] GC(335) Metaspace: 15614K(16000K)->15614K(16000K) NonClass: 13976K(14080K)->13976K(14080K) Class: 1637K(1920K)->1637K(1920K)
[2025-12-24T17:49:19.440+0000][gc          ] GC(335) Pause Young (Normal) (G1 Evacuation Pause) 852M->244M(1024M) 12.085ms
[2025-12-24T17:49:19.440+0000][gc,cpu      ] GC(335) User=0.07s Sys=0.00s Real=0.01s
[2025-12-24T17:49:59.096+0000][gc,start    ] GC(336) Pause Young (Normal) (G1 Evacuation Pause)
[2025-12-24T17:49:59.098+0000][gc,task     ] GC(336) Using 8 workers of 8 for evacuation
[2025-12-24T17:49:59.119+0000][gc,phases   ] GC(336)   Pre Evacuate Collection Set: 1.3ms
[2025-12-24T17:49:59.119+0000][gc,phases   ] GC(336)   Merge Heap Roots: 0.4ms
[2025-12-24T17:49:59.119+0000][gc,phases   ] GC(336)   Evacuate Collection Set: 17.5ms
[2025-12-24T17:49:59.119+0000][gc,phases   ] GC(336)   Post Evacuate Collection Set: 1.7ms
[2025-12-24T17:49:59.119+0000][gc,phases   ] GC(336)   Other: 0.3ms
[2025-12-24T17:49:59.119+0000][gc,heap     ] GC(336) Eden regions: 607->0(607)
[2025-12-24T17:49:59.119+0000][gc,heap     ] GC(336) Survivor regions: 7->7(77)
[2025-12-24T17:49:59.120+0000][gc,heap     ] GC(336) Old regions: 88->88
[2025-12-24T17:49:59.120+0000][gc,heap     ] GC(336) Humongous regions: 151->151
[2025-12-24T17:49:59.120+0000][gc,metaspace] GC(336) Metaspace: 15614K(16000K)->15614K(16000K) NonClass: 13976K(14080K)->13976K(14080K) Class: 1637K(1920K)->1637K(1920K)
[2025-12-24T17:49:59.120+0000][gc          ] GC(336) Pause Young (Normal) (G1 Evacuation Pause) 851M->244M(1024M) 23.354ms
[2025-12-24T17:49:59.120+0000][gc,cpu      ] GC(336) User=0.12s Sys=0.00s Real=0.02s
[2025-12-24T17:50:29.353+0000][gc,start    ] GC(337) Pause Young (Normal) (G1 Evacuation Pause)
[2025-12-24T17:50:29.353+0000][gc,task     ] GC(337) Using 8 workers of 8 for evacuation
[2025-12-24T17:50:29.368+0000][gc,phases   ] GC(337)   Pre Evacuate Collection Set: 1.3ms
[2025-12-24T17:50:29.368+0000][gc,phases   ] GC(337)   Merge Heap Roots: 0.2ms
[2025-12-24T17:50:29.369+0000][gc,phases   ] GC(337)   Evacuate Collection Set: 11.5ms
[2025-12-24T17:50:29.369+0000][gc,phases   ] GC(337)   Post Evacuate Collection Set: 1.6ms
[2025-12-24T17:50:29.369+0000][gc,phases   ] GC(337)   Other: 0.3ms
[2025-12-24T17:50:29.369+0000][gc,heap     ] GC(337) Eden regions: 607->0(605)
[2025-12-24T17:50:29.369+0000][gc,heap     ] GC(337) Survivor regions: 7->9(77)
[2025-12-24T17:50:29.369+0000][gc,heap     ] GC(337) Old regions: 88->88
[2025-12-24T17:50:29.369+0000][gc,heap     ] GC(337) Humongous regions: 151->151
[2025-12-24T17:50:29.369+0000][gc,metaspace] GC(337) Metaspace: 15614K(16000K)->15614K(16000K) NonClass: 13976K(14080K)->13976K(14080K) Class: 1637K(1920K)->1637K(1920K)
[2025-12-24T17:50:29.370+0000][gc          ] GC(337) Pause Young (Normal) (G1 Evacuation Pause) 851M->246M(1024M) 17.050ms
[2025-12-24T17:50:29.370+0000][gc,cpu      ] GC(337) User=0.09s Sys=0.00s Real=0.02s
[2025-12-24T17:50:59.721+0000][gc,start    ] GC(338) Pause Young (Normal) (G1 Evacuation Pause)
[2025-12-24T17:50:59.722+0000][gc,task     ] GC(338) Using 8 workers of 8 for evacuation
[2025-12-24T17:50:59.741+0000][gc,phases   ] GC(338)   Pre Evacuate Collection Set: 1.9ms
[2025-12-24T17:50:59.741+0000][gc,phases   ] GC(338)   Merge Heap Roots: 0.8ms
[2025-12-24T17:50:59.742+0000][gc,phases   ] GC(338)   Evacuate Collection Set: 15.0ms
[2025-12-24T17:50:59.742+0000][gc,phases   ] GC(338)   Post Evacuate Collection Set: 1.3ms
[2025-12-24T17:50:59.742+0000][gc,phases   ] GC(338)   Other: 0.5ms
[2025-12-24T17:50:59.742+0000][gc,heap     ] GC(338) Eden regions: 605->0(608)
[2025-12-24T17:50:59.742+0000][gc,heap     ] GC(338) Survivor regions: 9->6(77)
[2025-12-24T17:50:59.742+0000][gc,heap     ] GC(338) Old regions: 88->88
[2025-12-24T17:50:59.742+0000][gc,heap     ] GC(338) Humongous regions: 151->151
[2025-12-24T17:50:59.742+0000][gc,metaspace] GC(338) Metaspace: 15614K(16000K)->15614K(16000K) NonClass: 13976K(14080K)->13976K(14080K) Class: 1637K(1920K)->1637K(1920K)
[2025-12-24T17:50:59.742+0000][gc          ] GC(338) Pause Young (Normal) (G1 Evacuation Pause) 851M->243M(1024M) 20.735ms
[2025-12-24T17:50:59.742+0000][gc,cpu      ] GC(338) User=0.12s Sys=0.01s Real=0.03s
[2025-12-24T17:51:39.292+0000][gc,start    ] GC(339) Pause Young (Normal) (G1 Evacuation Pause)
[2025-12-24T17:51:39.293+0000][gc,task     ] GC(339) Using 8 workers of 8 for evacuation
[2025-12-24T17:51:39.310+0000][gc,phases   ] GC(339)   Pre Evacuate Collection Set: 1.0ms
[2025-12-24T17:51:39.310+0000][gc,phases   ] GC(339)   Merge Heap Roots: 0.2ms
[2025-12-24T17:51:39.310+0000][gc,phases   ] GC(339)   Evacuate Collection Set: 14.7ms
[2025-12-24T17:51:39.310+0000][gc,phases   ] GC(339)   Post Evacuate Collection Set: 1.2ms
[2025-12-24T17:51:39.310+0000][gc,phases   ] GC(339)   Other: 0.3ms
[2025-12-24T17:51:39.310+0000][gc,heap     ] GC(339) Eden regions: 608->0(609)
[2025-12-24T17:51:39.310+0000][gc,heap     ] GC(339) Survivor regions: 6->5(77)
[2025-12-24T17:51:39.310+0000][gc,heap     ] GC(339) Old regions: 88->88
[2025-12-24T17:51:39.311+0000][gc,heap     ] GC(339) Humongous regions: 151->151
[2025-12-24T17:51:39.311+0000][gc,metaspace] GC(339) Metaspace: 15614K(16000K)->15614K(16000K) NonClass: 13976K(14080K)->13976K(14080K) Class: 1637K(1920K)->1637K(1920K)
[2025-12-24T17:51:39.311+0000][gc          ] GC(339) Pause Young (Normal) (G1 Evacuation Pause) 851M->243M(1024M) 18.670ms
[2025-12-24T17:51:39.311+0000][gc,cpu      ] GC(339) User=0.12s Sys=0.01s Real=0.02s
[2025-12-24T17:52:09.490+0000][gc,start    ] GC(340) Pause Young (Normal) (G1 Evacuation Pause)
[2025-12-24T17:52:09.491+0000][gc,task     ] GC(340) Using 8 workers of 8 for evacuation
[2025-12-24T17:52:09.498+0000][gc,phases   ] GC(340)   Pre Evacuate Collection Set: 1.1ms
[2025-12-24T17:52:09.499+0000][gc,phases   ] GC(340)   Merge Heap Roots: 0.2ms
[2025-12-24T17:52:09.499+0000][gc,phases   ] GC(340)   Evacuate Collection Set: 5.1ms
[2025-12-24T17:52:09.499+0000][gc,phases   ] GC(340)   Post Evacuate Collection Set: 1.0ms
[2025-12-24T17:52:09.499+0000][gc,phases   ] GC(340)   Other: 0.2ms
[2025-12-24T17:52:09.499+0000][gc,heap     ] GC(340) Eden regions: 609->0(607)
[2025-12-24T17:52:09.499+0000][gc,heap     ] GC(340) Survivor regions: 5->7(77)
[2025-12-24T17:52:09.499+0000][gc,heap     ] GC(340) Old regions: 88->88
[2025-12-24T17:52:09.499+0000][gc,heap     ] GC(340) Humongous regions: 151->151
[2025-12-24T17:52:09.499+0000][gc,metaspace] GC(340) Metaspace: 15614K(16000K)->15614K(16000K) NonClass: 13976K(14080K)->13976K(14080K) Class: 1637K(1920K)->1637K(1920K)
[2025-12-24T17:52:09.499+0000][gc          ] GC(340) Pause Young (Normal) (G1 Evacuation Pause) 852M->244M(1024M) 8.897ms
[2025-12-24T17:52:09.499+0000][gc,cpu      ] GC(340) User=0.05s Sys=0.00s Real=0.01s
[2025-12-24T17:52:49.177+0000][gc,start    ] GC(341) Pause Young (Normal) (G1 Evacuation Pause)
[2025-12-24T17:52:49.177+0000][gc,task     ] GC(341) Using 8 workers of 8 for evacuation
[2025-12-24T17:52:49.194+0000][gc,phases   ] GC(341)   Pre Evacuate Collection Set: 1.7ms
[2025-12-24T17:52:49.194+0000][gc,phases   ] GC(341)   Merge Heap Roots: 0.5ms
[2025-12-24T17:52:49.194+0000][gc,phases   ] GC(341)   Evacuate Collection Set: 12.5ms
[2025-12-24T17:52:49.194+0000][gc,phases   ] GC(341)   Post Evacuate Collection Set: 1.3ms
[2025-12-24T17:52:49.194+0000][gc,phases   ] GC(341)   Other: 0.3ms
[2025-12-24T17:52:49.194+0000][gc,heap     ] GC(341) Eden regions: 607->0(607)
[2025-12-24T17:52:49.194+0000][gc,heap     ] GC(341) Survivor regions: 7->7(77)
[2025-12-24T17:52:49.194+0000][gc,heap     ] GC(341) Old regions: 88->88
[2025-12-24T17:52:49.194+0000][gc,heap     ] GC(341) Humongous regions: 151->151
[2025-12-24T17:52:49.194+0000][gc,metaspace] GC(341) Metaspace: 15614K(16000K)->15614K(16000K) NonClass: 13977K(14080K)->13977K(14080K) Class: 1637K(1920K)->1637K(1920K)
[2025-12-24T17:52:49.194+0000][gc          ] GC(341) Pause Young (Normal) (G1 Evacuation Pause) 851M->244M(1024M) 17.390ms
[2025-12-24T17:52:49.194+0000][gc,cpu      ] GC(341) User=0.12s Sys=0.00s Real=0.01s
[2025-12-24T17:53:19.436+0000][gc,start    ] GC(342) Pause Young (Normal) (G1 Evacuation Pause)
[2025-12-24T17:53:19.436+0000][gc,task     ] GC(342) Using 8 workers of 8 for evacuation
[2025-12-24T17:53:19.453+0000][gc,phases   ] GC(342)   Pre Evacuate Collection Set: 1.1ms
[2025-12-24T17:53:19.453+0000][gc,phases   ] GC(342)   Merge Heap Roots: 0.2ms
[2025-12-24T17:53:19.453+0000][gc,phases   ] GC(342)   Evacuate Collection Set: 14.0ms
[2025-12-24T17:53:19.453+0000][gc,phases   ] GC(342)   Post Evacuate Collection Set: 1.2ms
[2025-12-24T17:53:19.454+0000][gc,phases   ] GC(342)   Other: 0.4ms
[2025-12-24T17:53:19.454+0000][gc,heap     ] GC(342) Eden regions: 607->0(606)
[2025-12-24T17:53:19.454+0000][gc,heap     ] GC(342) Survivor regions: 7->8(77)
[2025-12-24T17:53:19.454+0000][gc,heap     ] GC(342) Old regions: 88->88
[2025-12-24T17:53:19.454+0000][gc,heap     ] GC(342) Humongous regions: 151->151
[2025-12-24T17:53:19.454+0000][gc,metaspace] GC(342) Metaspace: 15614K(16000K)->15614K(16000K) NonClass: 13977K(14080K)->13977K(14080K) Class: 1637K(1920K)->1637K(1920K)
[2025-12-24T17:53:19.454+0000][gc          ] GC(342) Pause Young (Normal) (G1 Evacuation Pause) 851M->246M(1024M) 18.003ms
[2025-12-24T17:53:19.454+0000][gc,cpu      ] GC(342) User=0.11s Sys=0.00s Real=0.02s
[2025-12-24T17:53:59.126+0000][gc,start    ] GC(343) Pause Young (Normal) (G1 Evacuation Pause)
[2025-12-24T17:53:59.127+0000][gc,task     ] GC(343) Using 8 workers of 8 for evacuation
[2025-12-24T17:53:59.146+0000][gc,phases   ] GC(343)   Pre Evacuate Collection Set: 3.9ms
[2025-12-24T17:53:59.146+0000][gc,phases   ] GC(343)   Merge Heap Roots: 0.3ms
[2025-12-24T17:53:59.146+0000][gc,phases   ] GC(343)   Evacuate Collection Set: 12.0ms
[2025-12-24T17:53:59.146+0000][gc,phases   ] GC(343)   Post Evacuate Collection Set: 2.2ms
[2025-12-24T17:53:59.146+0000][gc,phases   ] GC(343)   Other: 0.6ms
[2025-12-24T17:53:59.146+0000][gc,heap     ] GC(343) Eden regions: 606->0(606)
[2025-12-24T17:53:59.146+0000][gc,heap     ] GC(343) Survivor regions: 8->8(77)
[2025-12-24T17:53:59.146+0000][gc,heap     ] GC(343) Old regions: 88->88
[2025-12-24T17:53:59.146+0000][gc,heap     ] GC(343) Humongous regions: 151->151
[2025-12-24T17:53:59.146+0000][gc,metaspace] GC(343) Metaspace: 15614K(16000K)->15614K(16000K) NonClass: 13977K(14080K)->13977K(14080K) Class: 1637K(1920K)->1637K(1920K)
[2025-12-24T17:53:59.146+0000][gc          ] GC(343) Pause Young (Normal) (G1 Evacuation Pause) 852M->246M(1024M) 20.157ms
[2025-12-24T17:53:59.146+0000][gc,cpu      ] GC(343) User=0.10s Sys=0.00s Real=0.02s
[2025-12-24T17:54:29.376+0000][gc,start    ] GC(344) Pause Young (Normal) (G1 Evacuation Pause)
[2025-12-24T17:54:29.377+0000][gc,task     ] GC(344) Using 8 workers of 8 for evacuation
[2025-12-24T17:54:29.388+0000][gc,phases   ] GC(344)   Pre Evacuate Collection Set: 1.2ms
[2025-12-24T17:54:29.388+0000][gc,phases   ] GC(344)   Merge Heap Roots: 0.3ms
[2025-12-24T17:54:29.388+0000][gc,phases   ] GC(344)   Evacuate Collection Set: 7.8ms
[2025-12-24T17:54:29.388+0000][gc,phases   ] GC(344)   Post Evacuate Collection Set: 1.1ms
[2025-12-24T17:54:29.388+0000][gc,phases   ] GC(344)   Other: 0.4ms
[2025-12-24T17:54:29.388+0000][gc,heap     ] GC(344) Eden regions: 606->0(604)
[2025-12-24T17:54:29.389+0000][gc,heap     ] GC(344) Survivor regions: 8->10(77)
[2025-12-24T17:54:29.389+0000][gc,heap     ] GC(344) Old regions: 88->88
[2025-12-24T17:54:29.389+0000][gc,heap     ] GC(344) Humongous regions: 151->151
[2025-12-24T17:54:29.389+0000][gc,metaspace] GC(344) Metaspace: 15614K(16000K)->15614K(16000K) NonClass: 13977K(14080K)->13977K(14080K) Class: 1637K(1920K)->1637K(1920K)
[2025-12-24T17:54:29.389+0000][gc          ] GC(344) Pause Young (Normal) (G1 Evacuation Pause) 852M->248M(1024M) 12.858ms
[2025-12-24T17:54:29.389+0000][gc,cpu      ] GC(344) User=0.07s Sys=0.01s Real=0.01s
[2025-12-24T17:54:59.579+0000][gc,start    ] GC(345) Pause Young (Normal) (G1 Evacuation Pause)
[2025-12-24T17:54:59.580+0000][gc,task     ] GC(345) Using 8 workers of 8 for evacuation
[2025-12-24T17:54:59.601+0000][gc,phases   ] GC(345)   Pre Evacuate Collection Set: 1.0ms
[2025-12-24T17:54:59.601+0000][gc,phases   ] GC(345)   Merge Heap Roots: 0.3ms
[2025-12-24T17:54:59.601+0000][gc,phases   ] GC(345)   Evacuate Collection Set: 18.3ms
[2025-12-24T17:54:59.601+0000][gc,phases   ] GC(345)   Post Evacuate Collection Set: 1.0ms
[2025-12-24T17:54:59.601+0000][gc,phases   ] GC(345)   Other: 0.2ms
[2025-12-24T17:54:59.601+0000][gc,heap     ] GC(345) Eden regions: 604->0(603)
[2025-12-24T17:54:59.601+0000][gc,heap     ] GC(345) Survivor regions: 10->11(77)
[2025-12-24T17:54:59.601+0000][gc,heap     ] GC(345) Old regions: 88->89
[2025-12-24T17:54:59.601+0000][gc,heap     ] GC(345) Humongous regions: 151->151
[2025-12-24T17:54:59.601+0000][gc,metaspace] GC(345) Metaspace: 15614K(16000K)->15614K(16000K) NonClass: 13977K(14080K)->13977K(14080K) Class: 1637K(1920K)->1637K(1920K)
[2025-12-24T17:54:59.601+0000][gc          ] GC(345) Pause Young (Normal) (G1 Evacuation Pause) 852M->249M(1024M) 22.007ms
[2025-12-24T17:54:59.602+0000][gc,cpu      ] GC(345) User=0.12s Sys=0.04s Real=0.02s
[2025-12-24T17:55:39.330+0000][gc,start    ] GC(346) Pause Young (Normal) (G1 Evacuation Pause)
[2025-12-24T17:55:39.330+0000][gc,task     ] GC(346) Using 8 workers of 8 for evacuation
[2025-12-24T17:55:39.343+0000][gc,phases   ] GC(346)   Pre Evacuate Collection Set: 1.3ms
[2025-12-24T17:55:39.343+0000][gc,phases   ] GC(346)   Merge Heap Roots: 0.2ms
[2025-12-24T17:55:39.343+0000][gc,phases   ] GC(346)   Evacuate Collection Set: 9.3ms
[2025-12-24T17:55:39.343+0000][gc,phases   ] GC(346)   Post Evacuate Collection Set: 1.1ms
[2025-12-24T17:55:39.343+0000][gc,phases   ] GC(346)   Other: 0.4ms
[2025-12-24T17:55:39.343+0000][gc,heap     ] GC(346) Eden regions: 603->0(608)
[2025-12-24T17:55:39.343+0000][gc,heap     ] GC(346) Survivor regions: 11->6(77)
[2025-12-24T17:55:39.343+0000][gc,heap     ] GC(346) Old regions: 89->89
[2025-12-24T17:55:39.343+0000][gc,heap     ] GC(346) Humongous regions: 151->151
[2025-12-24T17:55:39.343+0000][gc,metaspace] GC(346) Metaspace: 15614K(16000K)->15614K(16000K) NonClass: 13977K(14080K)->13977K(14080K) Class: 1637K(1920K)->1637K(1920K)
[2025-12-24T17:55:39.344+0000][gc          ] GC(346) Pause Young (Normal) (G1 Evacuation Pause) 852M->244M(1024M) 13.578ms
[2025-12-24T17:55:39.344+0000][gc,cpu      ] GC(346) User=0.08s Sys=0.00s Real=0.01s
[2025-12-24T17:56:09.532+0000][gc,start    ] GC(347) Pause Young (Normal) (G1 Evacuation Pause)
[2025-12-24T17:56:09.532+0000][gc,task     ] GC(347) Using 8 workers of 8 for evacuation
[2025-12-24T17:56:09.556+0000][gc,phases   ] GC(347)   Pre Evacuate Collection Set: 1.1ms
[2025-12-24T17:56:09.556+0000][gc,phases   ] GC(347)   Merge Heap Roots: 2.4ms
[2025-12-24T17:56:09.557+0000][gc,phases   ] GC(347)   Evacuate Collection Set: 17.1ms
[2025-12-24T17:56:09.557+0000][gc,phases   ] GC(347)   Post Evacuate Collection Set: 2.6ms
[2025-12-24T17:56:09.557+0000][gc,phases   ] GC(347)   Other: 0.7ms
[2025-12-24T17:56:09.557+0000][gc,heap     ] GC(347) Eden regions: 608->0(607)
[2025-12-24T17:56:09.557+0000][gc,heap     ] GC(347) Survivor regions: 6->7(77)
[2025-12-24T17:56:09.557+0000][gc,heap     ] GC(347) Old regions: 89->89
[2025-12-24T17:56:09.557+0000][gc,heap     ] GC(347) Humongous regions: 151->151
[2025-12-24T17:56:09.557+0000][gc,metaspace] GC(347) Metaspace: 15614K(16000K)->15614K(16000K) NonClass: 13977K(14080K)->13977K(14080K) Class: 1637K(1920K)->1637K(1920K)
[2025-12-24T17:56:09.557+0000][gc          ] GC(347) Pause Young (Normal) (G1 Evacuation Pause) 852M->246M(1024M) 25.478ms
[2025-12-24T17:56:09.557+0000][gc,cpu      ] GC(347) User=0.14s Sys=0.01s Real=0.03s
[2025-12-24T17:56:49.206+0000][gc,start    ] GC(348) Pause Young (Normal) (G1 Evacuation Pause)
[2025-12-24T17:56:49.207+0000][gc,task     ] GC(348) Using 8 workers of 8 for evacuation
[2025-12-24T17:56:49.218+0000][gc,phases   ] GC(348)   Pre Evacuate Collection Set: 1.2ms
[2025-12-24T17:56:49.218+0000][gc,phases   ] GC(348)   Merge Heap Roots: 0.2ms
[2025-12-24T17:56:49.218+0000][gc,phases   ] GC(348)   Evacuate Collection Set: 7.8ms
[2025-12-24T17:56:49.218+0000][gc,phases   ] GC(348)   Post Evacuate Collection Set: 1.2ms
[2025-12-24T17:56:49.218+0000][gc,phases   ] GC(348)   Other: 0.2ms
[2025-12-24T17:56:49.218+0000][gc,heap     ] GC(348) Eden regions: 607->0(607)
[2025-12-24T17:56:49.218+0000][gc,heap     ] GC(348) Survivor regions: 7->7(77)
[2025-12-24T17:56:49.219+0000][gc,heap     ] GC(348) Old regions: 89->89
[2025-12-24T17:56:49.219+0000][gc,heap     ] GC(348) Humongous regions: 151->151
[2025-12-24T17:56:49.219+0000][gc,metaspace] GC(348) Metaspace: 15615K(16000K)->15615K(16000K) NonClass: 13978K(14080K)->13978K(14080K) Class: 1637K(1920K)->1637K(1920K)
[2025-12-24T17:56:49.219+0000][gc          ] GC(348) Pause Young (Normal) (G1 Evacuation Pause) 853M->245M(1024M) 13.183ms
[2025-12-24T17:56:49.219+0000][gc,cpu      ] GC(348) User=0.07s Sys=0.01s Real=0.01s
[2025-12-24T17:57:19.423+0000][gc,start    ] GC(349) Pause Young (Normal) (G1 Evacuation Pause)
[2025-12-24T17:57:19.423+0000][gc,task     ] GC(349) Using 8 workers of 8 for evacuation
[2025-12-24T17:57:19.437+0000][gc,phases   ] GC(349)   Pre Evacuate Collection Set: 1.2ms
[2025-12-24T17:57:19.437+0000][gc,phases   ] GC(349)   Merge Heap Roots: 0.2ms
[2025-12-24T17:57:19.437+0000][gc,phases   ] GC(349)   Evacuate Collection Set: 10.2ms
[2025-12-24T17:57:19.437+0000][gc,phases   ] GC(349)   Post Evacuate Collection Set: 1.7ms
[2025-12-24T17:57:19.437+0000][gc,phases   ] GC(349)   Other: 0.3ms
[2025-12-24T17:57:19.437+0000][gc,heap     ] GC(349) Eden regions: 607->0(606)
[2025-12-24T17:57:19.437+0000][gc,heap     ] GC(349) Survivor regions: 7->8(77)
[2025-12-24T17:57:19.437+0000][gc,heap     ] GC(349) Old regions: 89->89
[2025-12-24T17:57:19.437+0000][gc,heap     ] GC(349) Humongous regions: 151->151
[2025-12-24T17:57:19.437+0000][gc,metaspace] GC(349) Metaspace: 15616K(16000K)->15616K(16000K) NonClass: 13978K(14080K)->13978K(14080K) Class: 1637K(1920K)->1637K(1920K)
[2025-12-24T17:57:19.437+0000][gc          ] GC(349) Pause Young (Normal) (G1 Evacuation Pause) 852M->247M(1024M) 14.829ms
[2025-12-24T17:57:19.437+0000][gc,cpu      ] GC(349) User=0.09s Sys=0.00s Real=0.01s
[2025-12-24T17:57:59.163+0000][gc,start    ] GC(350) Pause Young (Normal) (G1 Evacuation Pause)
[2025-12-24T17:57:59.164+0000][gc,task     ] GC(350) Using 8 workers of 8 for evacuation
[2025-12-24T17:57:59.193+0000][gc,phases   ] GC(350)   Pre Evacuate Collection Set: 1.4ms
[2025-12-24T17:57:59.193+0000][gc,phases   ] GC(350)   Merge Heap Roots: 3.9ms
[2025-12-24T17:57:59.193+0000][gc,phases   ] GC(350)   Evacuate Collection Set: 16.8ms
[2025-12-24T17:57:59.193+0000][gc,phases   ] GC(350)   Post Evacuate Collection Set: 6.8ms
[2025-12-24T17:57:59.193+0000][gc,phases   ] GC(350)   Other: 0.3ms
[2025-12-24T17:57:59.193+0000][gc,heap     ] GC(350) Eden regions: 606->0(606)
[2025-12-24T17:57:59.193+0000][gc,heap     ] GC(350) Survivor regions: 8->8(77)
[2025-12-24T17:57:59.193+0000][gc,heap     ] GC(350) Old regions: 89->90
[2025-12-24T17:57:59.193+0000][gc,heap     ] GC(350) Humongous regions: 151->151
[2025-12-24T17:57:59.194+0000][gc,metaspace] GC(350) Metaspace: 15616K(16000K)->15616K(16000K) NonClass: 13978K(14080K)->13978K(14080K) Class: 1637K(1920K)->1637K(1920K)
[2025-12-24T17:57:59.194+0000][gc          ] GC(350) Pause Young (Normal) (G1 Evacuation Pause) 853M->247M(1024M) 30.496ms
[2025-12-24T17:57:59.194+0000][gc,cpu      ] GC(350) User=0.13s Sys=0.01s Real=0.03s
[2025-12-24T17:58:29.418+0000][gc,start    ] GC(351) Pause Young (Normal) (G1 Evacuation Pause)
[2025-12-24T17:58:29.418+0000][gc,task     ] GC(351) Using 8 workers of 8 for evacuation
[2025-12-24T17:58:29.462+0000][gc,phases   ] GC(351)   Pre Evacuate Collection Set: 1.1ms
[2025-12-24T17:58:29.462+0000][gc,phases   ] GC(351)   Merge Heap Roots: 0.3ms
[2025-12-24T17:58:29.462+0000][gc,phases   ] GC(351)   Evacuate Collection Set: 40.9ms
[2025-12-24T17:58:29.462+0000][gc,phases   ] GC(351)   Post Evacuate Collection Set: 1.2ms
[2025-12-24T17:58:29.462+0000][gc,phases   ] GC(351)   Other: 0.2ms
[2025-12-24T17:58:29.462+0000][gc,heap     ] GC(351) Eden regions: 606->0(605)
[2025-12-24T17:58:29.462+0000][gc,heap     ] GC(351) Survivor regions: 8->9(77)
[2025-12-24T17:58:29.462+0000][gc,heap     ] GC(351) Old regions: 90->90
[2025-12-24T17:58:29.462+0000][gc,heap     ] GC(351) Humongous regions: 151->151
[2025-12-24T17:58:29.462+0000][gc,metaspace] GC(351) Metaspace: 15616K(16000K)->15616K(16000K) NonClass: 13978K(14080K)->13978K(14080K) Class: 1637K(1920K)->1637K(1920K)
[2025-12-24T17:58:29.462+0000][gc          ] GC(351) Pause Young (Normal) (G1 Evacuation Pause) 853M->249M(1024M) 44.842ms
[2025-12-24T17:58:29.462+0000][gc,cpu      ] GC(351) User=0.21s Sys=0.11s Real=0.05s
[2025-12-24T17:58:59.637+0000][gc,start    ] GC(352) Pause Young (Normal) (G1 Evacuation Pause)
[2025-12-24T17:58:59.637+0000][gc,task     ] GC(352) Using 8 workers of 8 for evacuation
[2025-12-24T17:58:59.659+0000][gc,phases   ] GC(352)   Pre Evacuate Collection Set: 3.8ms
[2025-12-24T17:58:59.659+0000][gc,phases   ] GC(352)   Merge Heap Roots: 0.7ms
[2025-12-24T17:58:59.659+0000][gc,phases   ] GC(352)   Evacuate Collection Set: 14.2ms
[2025-12-24T17:58:59.659+0000][gc,phases   ] GC(352)   Post Evacuate Collection Set: 1.7ms
[2025-12-24T17:58:59.660+0000][gc,phases   ] GC(352)   Other: 1.3ms
[2025-12-24T17:58:59.660+0000][gc,heap     ] GC(352) Eden regions: 605->0(603)
[2025-12-24T17:58:59.660+0000][gc,heap     ] GC(352) Survivor regions: 9->11(77)
[2025-12-24T17:58:59.660+0000][gc,heap     ] GC(352) Old regions: 90->90
[2025-12-24T17:58:59.660+0000][gc,heap     ] GC(352) Humongous regions: 151->151
[2025-12-24T17:58:59.660+0000][gc,metaspace] GC(352) Metaspace: 15616K(16000K)->15616K(16000K) NonClass: 13978K(14080K)->13978K(14080K) Class: 1637K(1920K)->1637K(1920K)
[2025-12-24T17:58:59.660+0000][gc          ] GC(352) Pause Young (Normal) (G1 Evacuation Pause) 854M->251M(1024M) 23.232ms
[2025-12-24T17:58:59.660+0000][gc,cpu      ] GC(352) User=0.13s Sys=0.01s Real=0.02s
[2025-12-24T17:59:39.252+0000][gc,start    ] GC(353) Pause Young (Normal) (G1 Evacuation Pause)
[2025-12-24T17:59:39.252+0000][gc,task     ] GC(353) Using 8 workers of 8 for evacuation
[2025-12-24T17:59:39.263+0000][gc,phases   ] GC(353)   Pre Evacuate Collection Set: 1.4ms
[2025-12-24T17:59:39.263+0000][gc,phases   ] GC(353)   Merge Heap Roots: 0.2ms
[2025-12-24T17:59:39.264+0000][gc,phases   ] GC(353)   Evacuate Collection Set: 8.4ms
[2025-12-24T17:59:39.264+0000][gc,phases   ] GC(353)   Post Evacuate Collection Set: 1.0ms
[2025-12-24T17:59:39.264+0000][gc,phases   ] GC(353)   Other: 0.2ms
[2025-12-24T17:59:39.264+0000][gc,heap     ] GC(353) Eden regions: 603->0(608)
[2025-12-24T17:59:39.264+0000][gc,heap     ] GC(353) Survivor regions: 11->6(77)
[2025-12-24T17:59:39.264+0000][gc,heap     ] GC(353) Old regions: 90->90
[2025-12-24T17:59:39.264+0000][gc,heap     ] GC(353) Humongous regions: 151->151
[2025-12-24T17:59:39.264+0000][gc,metaspace] GC(353) Metaspace: 15616K(16000K)->15616K(16000K) NonClass: 13978K(14080K)->13978K(14080K) Class: 1637K(1920K)->1637K(1920K)
[2025-12-24T17:59:39.264+0000][gc          ] GC(353) Pause Young (Normal) (G1 Evacuation Pause) 854M->246M(1024M) 12.495ms
[2025-12-24T17:59:39.264+0000][gc,cpu      ] GC(353) User=0.08s Sys=0.00s Real=0.02s
[2025-12-24T18:00:09.517+0000][gc,start    ] GC(354) Pause Young (Normal) (G1 Evacuation Pause)
[2025-12-24T18:00:09.517+0000][gc,task     ] GC(354) Using 8 workers of 8 for evacuation
[2025-12-24T18:00:09.527+0000][gc,phases   ] GC(354)   Pre Evacuate Collection Set: 1.2ms
[2025-12-24T18:00:09.527+0000][gc,phases   ] GC(354)   Merge Heap Roots: 0.3ms
[2025-12-24T18:00:09.527+0000][gc,phases   ] GC(354)   Evacuate Collection Set: 6.5ms
[2025-12-24T18:00:09.527+0000][gc,phases   ] GC(354)   Post Evacuate Collection Set: 1.2ms
[2025-12-24T18:00:09.527+0000][gc,phases   ] GC(354)   Other: 0.4ms
[2025-12-24T18:00:09.527+0000][gc,heap     ] GC(354) Eden regions: 608->0(607)
[2025-12-24T18:00:09.527+0000][gc,heap     ] GC(354) Survivor regions: 6->7(77)
[2025-12-24T18:00:09.527+0000][gc,heap     ] GC(354) Old regions: 90->90
[2025-12-24T18:00:09.528+0000][gc,heap     ] GC(354) Humongous regions: 151->151
[2025-12-24T18:00:09.528+0000][gc,metaspace] GC(354) Metaspace: 15616K(16000K)->15616K(16000K) NonClass: 13978K(14080K)->13978K(14080K) Class: 1637K(1920K)->1637K(1920K)
[2025-12-24T18:00:09.528+0000][gc          ] GC(354) Pause Young (Normal) (G1 Evacuation Pause) 854M->247M(1024M) 11.056ms
[2025-12-24T18:00:09.528+0000][gc,cpu      ] GC(354) User=0.06s Sys=0.00s Real=0.01s
[2025-12-24T18:00:49.190+0000][gc,start    ] GC(355) Pause Young (Normal) (G1 Evacuation Pause)
[2025-12-24T18:00:49.191+0000][gc,task     ] GC(355) Using 8 workers of 8 for evacuation
[2025-12-24T18:00:49.204+0000][gc,phases   ] GC(355)   Pre Evacuate Collection Set: 1.3ms
[2025-12-24T18:00:49.205+0000][gc,phases   ] GC(355)   Merge Heap Roots: 0.3ms
[2025-12-24T18:00:49.205+0000][gc,phases   ] GC(355)   Evacuate Collection Set: 10.6ms
[2025-12-24T18:00:49.206+0000][gc,phases   ] GC(355)   Post Evacuate Collection Set: 1.2ms
[2025-12-24T18:00:49.206+0000][gc,phases   ] GC(355)   Other: 0.2ms
[2025-12-24T18:00:49.206+0000][gc,heap     ] GC(355) Eden regions: 607->0(607)
[2025-12-24T18:00:49.206+0000][gc,heap     ] GC(355) Survivor regions: 7->7(77)
[2025-12-24T18:00:49.206+0000][gc,heap     ] GC(355) Old regions: 90->91
[2025-12-24T18:00:49.206+0000][gc,heap     ] GC(355) Humongous regions: 151->151
[2025-12-24T18:00:49.206+0000][gc,metaspace] GC(355) Metaspace: 15616K(16000K)->15616K(16000K) NonClass: 13978K(14080K)->13978K(14080K) Class: 1637K(1920K)->1637K(1920K)
[2025-12-24T18:00:49.206+0000][gc          ] GC(355) Pause Young (Normal) (G1 Evacuation Pause) 854M->247M(1024M) 15.857ms
[2025-12-24T18:00:49.206+0000][gc,cpu      ] GC(355) User=0.09s Sys=0.01s Real=0.01s
[2025-12-24T18:01:19.430+0000][gc,start    ] GC(356) Pause Young (Normal) (G1 Evacuation Pause)
[2025-12-24T18:01:19.431+0000][gc,task     ] GC(356) Using 8 workers of 8 for evacuation
[2025-12-24T18:01:19.445+0000][gc,phases   ] GC(356)   Pre Evacuate Collection Set: 1.8ms
[2025-12-24T18:01:19.445+0000][gc,phases   ] GC(356)   Merge Heap Roots: 0.6ms
[2025-12-24T18:01:19.445+0000][gc,phases   ] GC(356)   Evacuate Collection Set: 10.4ms
[2025-12-24T18:01:19.445+0000][gc,phases   ] GC(356)   Post Evacuate Collection Set: 1.1ms
[2025-12-24T18:01:19.445+0000][gc,phases   ] GC(356)   Other: 0.4ms
[2025-12-24T18:01:19.445+0000][gc,heap     ] GC(356) Eden regions: 607->0(606)
[2025-12-24T18:01:19.445+0000][gc,heap     ] GC(356) Survivor regions: 7->8(77)
[2025-12-24T18:01:19.446+0000][gc,heap     ] GC(356) Old regions: 91->91
[2025-12-24T18:01:19.446+0000][gc,heap     ] GC(356) Humongous regions: 151->151
[2025-12-24T18:01:19.446+0000][gc,metaspace] GC(356) Metaspace: 15616K(16000K)->15616K(16000K) NonClass: 13978K(14080K)->13978K(14080K) Class: 1637K(1920K)->1637K(1920K)
[2025-12-24T18:01:19.446+0000][gc          ] GC(356) Pause Young (Normal) (G1 Evacuation Pause) 854M->249M(1024M) 15.615ms
[2025-12-24T18:01:19.446+0000][gc,cpu      ] GC(356) User=0.10s Sys=0.00s Real=0.01s
[2025-12-24T18:01:59.112+0000][gc,start    ] GC(357) Pause Young (Normal) (G1 Evacuation Pause)
[2025-12-24T18:01:59.112+0000][gc,task     ] GC(357) Using 8 workers of 8 for evacuation
[2025-12-24T18:01:59.133+0000][gc,phases   ] GC(357)   Pre Evacuate Collection Set: 1.3ms
[2025-12-24T18:01:59.133+0000][gc,phases   ] GC(357)   Merge Heap Roots: 0.3ms
[2025-12-24T18:01:59.133+0000][gc,phases   ] GC(357)   Evacuate Collection Set: 17.7ms
[2025-12-24T18:01:59.133+0000][gc,phases   ] GC(357)   Post Evacuate Collection Set: 1.5ms
[2025-12-24T18:01:59.133+0000][gc,phases   ] GC(357)   Other: 0.2ms
[2025-12-24T18:01:59.134+0000][gc,heap     ] GC(357) Eden regions: 606->0(606)
[2025-12-24T18:01:59.134+0000][gc,heap     ] GC(357) Survivor regions: 8->8(77)
[2025-12-24T18:01:59.134+0000][gc,heap     ] GC(357) Old regions: 91->91
[2025-12-24T18:01:59.134+0000][gc,heap     ] GC(357) Humongous regions: 151->151
[2025-12-24T18:01:59.134+0000][gc,metaspace] GC(357) Metaspace: 15616K(16000K)->15616K(16000K) NonClass: 13978K(14080K)->13978K(14080K) Class: 1637K(1920K)->1637K(1920K)
[2025-12-24T18:01:59.134+0000][gc          ] GC(357) Pause Young (Normal) (G1 Evacuation Pause) 855M->248M(1024M) 21.989ms
[2025-12-24T18:01:59.134+0000][gc,cpu      ] GC(357) User=0.14s Sys=0.00s Real=0.02s
[2025-12-24T18:02:29.386+0000][gc,start    ] GC(358) Pause Young (Normal) (G1 Evacuation Pause)
[2025-12-24T18:02:29.387+0000][gc,task     ] GC(358) Using 8 workers of 8 for evacuation
[2025-12-24T18:02:29.414+0000][gc,phases   ] GC(358)   Pre Evacuate Collection Set: 1.9ms
[2025-12-24T18:02:29.414+0000][gc,phases   ] GC(358)   Merge Heap Roots: 0.4ms
[2025-12-24T18:02:29.414+0000][gc,phases   ] GC(358)   Evacuate Collection Set: 21.4ms
[2025-12-24T18:02:29.414+0000][gc,phases   ] GC(358)   Post Evacuate Collection Set: 2.5ms
[2025-12-24T18:02:29.414+0000][gc,phases   ] GC(358)   Other: 0.3ms
[2025-12-24T18:02:29.414+0000][gc,heap     ] GC(358) Eden regions: 606->0(605)
[2025-12-24T18:02:29.415+0000][gc,heap     ] GC(358) Survivor regions: 8->9(77)
[2025-12-24T18:02:29.415+0000][gc,heap     ] GC(358) Old regions: 91->91
[2025-12-24T18:02:29.415+0000][gc,heap     ] GC(358) Humongous regions: 151->151
[2025-12-24T18:02:29.415+0000][gc,metaspace] GC(358) Metaspace: 15616K(16000K)->15616K(16000K) NonClass: 13978K(14080K)->13978K(14080K) Class: 1637K(1920K)->1637K(1920K)
[2025-12-24T18:02:29.416+0000][gc          ] GC(358) Pause Young (Normal) (G1 Evacuation Pause) 854M->250M(1024M) 30.306ms
[2025-12-24T18:02:29.416+0000][gc,cpu      ] GC(358) User=0.16s Sys=0.01s Real=0.03s
[2025-12-24T18:02:59.698+0000][gc,start    ] GC(359) Pause Young (Normal) (G1 Evacuation Pause)
[2025-12-24T18:02:59.699+0000][gc,task     ] GC(359) Using 8 workers of 8 for evacuation
[2025-12-24T18:02:59.721+0000][gc,phases   ] GC(359)   Pre Evacuate Collection Set: 3.4ms
[2025-12-24T18:02:59.721+0000][gc,phases   ] GC(359)   Merge Heap Roots: 0.3ms
[2025-12-24T18:02:59.721+0000][gc,phases   ] GC(359)   Evacuate Collection Set: 17.1ms
[2025-12-24T18:02:59.722+0000][gc,phases   ] GC(359)   Post Evacuate Collection Set: 1.3ms
[2025-12-24T18:02:59.722+0000][gc,phases   ] GC(359)   Other: 0.4ms
[2025-12-24T18:02:59.722+0000][gc,heap     ] GC(359) Eden regions: 605->0(603)
[2025-12-24T18:02:59.722+0000][gc,heap     ] GC(359) Survivor regions: 9->11(77)
[2025-12-24T18:02:59.722+0000][gc,heap     ] GC(359) Old regions: 91->92
[2025-12-24T18:02:59.722+0000][gc,heap     ] GC(359) Humongous regions: 151->151
[2025-12-24T18:02:59.722+0000][gc,metaspace] GC(359) Metaspace: 15616K(16000K)->15616K(16000K) NonClass: 13978K(14080K)->13978K(14080K) Class: 1637K(1920K)->1637K(1920K)
[2025-12-24T18:02:59.722+0000][gc          ] GC(359) Pause Young (Normal) (G1 Evacuation Pause) 855M->252M(1024M) 23.700ms
[2025-12-24T18:02:59.722+0000][gc,cpu      ] GC(359) User=0.15s Sys=0.00s Real=0.03s
[2025-12-24T18:03:39.252+0000][gc,start    ] GC(360) Pause Young (Normal) (G1 Evacuation Pause)
[2025-12-24T18:03:39.253+0000][gc,task     ] GC(360) Using 8 workers of 8 for evacuation
[2025-12-24T18:03:39.277+0000][gc,phases   ] GC(360)   Pre Evacuate Collection Set: 1.2ms
[2025-12-24T18:03:39.278+0000][gc,phases   ] GC(360)   Merge Heap Roots: 0.3ms
[2025-12-24T18:03:39.278+0000][gc,phases   ] GC(360)   Evacuate Collection Set: 21.5ms
[2025-12-24T18:03:39.278+0000][gc,phases   ] GC(360)   Post Evacuate Collection Set: 1.2ms
[2025-12-24T18:03:39.278+0000][gc,phases   ] GC(360)   Other: 0.3ms
[2025-12-24T18:03:39.278+0000][gc,heap     ] GC(360) Eden regions: 603->0(609)
[2025-12-24T18:03:39.278+0000][gc,heap     ] GC(360) Survivor regions: 11->5(77)
[2025-12-24T18:03:39.278+0000][gc,heap     ] GC(360) Old regions: 92->92
[2025-12-24T18:03:39.278+0000][gc,heap     ] GC(360) Humongous regions: 151->151
[2025-12-24T18:03:39.278+0000][gc,metaspace] GC(360) Metaspace: 15616K(16000K)->15616K(16000K) NonClass: 13978K(14080K)->13978K(14080K) Class: 1637K(1920K)->1637K(1920K)
[2025-12-24T18:03:39.278+0000][gc          ] GC(360) Pause Young (Normal) (G1 Evacuation Pause) 855M->247M(1024M) 25.966ms
[2025-12-24T18:03:39.278+0000][gc,cpu      ] GC(360) User=0.14s Sys=0.00s Real=0.03s
[2025-12-24T18:04:09.469+0000][gc,start    ] GC(361) Pause Young (Normal) (G1 Evacuation Pause)
[2025-12-24T18:04:09.469+0000][gc,task     ] GC(361) Using 8 workers of 8 for evacuation
[2025-12-24T18:04:09.478+0000][gc,phases   ] GC(361)   Pre Evacuate Collection Set: 1.3ms
[2025-12-24T18:04:09.478+0000][gc,phases   ] GC(361)   Merge Heap Roots: 0.2ms
[2025-12-24T18:04:09.478+0000][gc,phases   ] GC(361)   Evacuate Collection Set: 6.1ms
[2025-12-24T18:04:09.478+0000][gc,phases   ] GC(361)   Post Evacuate Collection Set: 1.1ms
[2025-12-24T18:04:09.479+0000][gc,phases   ] GC(361)   Other: 0.3ms
[2025-12-24T18:04:09.479+0000][gc,heap     ] GC(361) Eden regions: 609->0(607)
[2025-12-24T18:04:09.479+0000][gc,heap     ] GC(361) Survivor regions: 5->7(77)
[2025-12-24T18:04:09.479+0000][gc,heap     ] GC(361) Old regions: 92->92
[2025-12-24T18:04:09.479+0000][gc,heap     ] GC(361) Humongous regions: 151->151
[2025-12-24T18:04:09.479+0000][gc,metaspace] GC(361) Metaspace: 15616K(16000K)->15616K(16000K) NonClass: 13978K(14080K)->13978K(14080K) Class: 1637K(1920K)->1637K(1920K)
[2025-12-24T18:04:09.479+0000][gc          ] GC(361) Pause Young (Normal) (G1 Evacuation Pause) 856M->249M(1024M) 10.046ms
[2025-12-24T18:04:09.479+0000][gc,cpu      ] GC(361) User=0.06s Sys=0.00s Real=0.01s
[2025-12-24T18:04:49.152+0000][gc,start    ] GC(362) Pause Young (Normal) (G1 Evacuation Pause)
[2025-12-24T18:04:49.152+0000][gc,task     ] GC(362) Using 8 workers of 8 for evacuation
[2025-12-24T18:04:49.164+0000][gc,phases   ] GC(362)   Pre Evacuate Collection Set: 1.8ms
[2025-12-24T18:04:49.164+0000][gc,phases   ] GC(362)   Merge Heap Roots: 0.2ms
[2025-12-24T18:04:49.164+0000][gc,phases   ] GC(362)   Evacuate Collection Set: 8.4ms
[2025-12-24T18:04:49.164+0000][gc,phases   ] GC(362)   Post Evacuate Collection Set: 1.0ms
[2025-12-24T18:04:49.164+0000][gc,phases   ] GC(362)   Other: 0.3ms
[2025-12-24T18:04:49.164+0000][gc,heap     ] GC(362) Eden regions: 607->0(607)
[2025-12-24T18:04:49.164+0000][gc,heap     ] GC(362) Survivor regions: 7->7(77)
[2025-12-24T18:04:49.165+0000][gc,heap     ] GC(362) Old regions: 92->92
[2025-12-24T18:04:49.165+0000][gc,heap     ] GC(362) Humongous regions: 151->151
[2025-12-24T18:04:49.165+0000][gc,metaspace] GC(362) Metaspace: 15618K(16000K)->15618K(16000K) NonClass: 13981K(14080K)->13981K(14080K) Class: 1637K(1920K)->1637K(1920K)
[2025-12-24T18:04:49.165+0000][gc          ] GC(362) Pause Young (Normal) (G1 Evacuation Pause) 856M->249M(1024M) 12.812ms
[2025-12-24T18:04:49.165+0000][gc,cpu      ] GC(362) User=0.07s Sys=0.00s Real=0.02s
[2025-12-24T18:05:19.402+0000][gc,start    ] GC(363) Pause Young (Normal) (G1 Evacuation Pause)
[2025-12-24T18:05:19.402+0000][gc,task     ] GC(363) Using 8 workers of 8 for evacuation
[2025-12-24T18:05:19.415+0000][gc,phases   ] GC(363)   Pre Evacuate Collection Set: 1.4ms
[2025-12-24T18:05:19.415+0000][gc,phases   ] GC(363)   Merge Heap Roots: 0.3ms
[2025-12-24T18:05:19.415+0000][gc,phases   ] GC(363)   Evacuate Collection Set: 7.2ms
[2025-12-24T18:05:19.415+0000][gc,phases   ] GC(363)   Post Evacuate Collection Set: 3.2ms
[2025-12-24T18:05:19.416+0000][gc,phases   ] GC(363)   Other: 0.5ms
[2025-12-24T18:05:19.416+0000][gc,heap     ] GC(363) Eden regions: 607->0(606)
[2025-12-24T18:05:19.416+0000][gc,heap     ] GC(363) Survivor regions: 7->8(77)
[2025-12-24T18:05:19.416+0000][gc,heap     ] GC(363) Old regions: 92->93
[2025-12-24T18:05:19.416+0000][gc,heap     ] GC(363) Humongous regions: 151->151
[2025-12-24T18:05:19.416+0000][gc,metaspace] GC(363) Metaspace: 15618K(16000K)->15618K(16000K) NonClass: 13981K(14080K)->13981K(14080K) Class: 1637K(1920K)->1637K(1920K)
[2025-12-24T18:05:19.416+0000][gc          ] GC(363) Pause Young (Normal) (G1 Evacuation Pause) 856M->250M(1024M) 14.197ms
[2025-12-24T18:05:19.416+0000][gc,cpu      ] GC(363) User=0.07s Sys=0.00s Real=0.02s
[2025-12-24T18:05:59.111+0000][gc,start    ] GC(364) Pause Young (Normal) (G1 Evacuation Pause)
[2025-12-24T18:05:59.111+0000][gc,task     ] GC(364) Using 8 workers of 8 for evacuation
[2025-12-24T18:05:59.130+0000][gc,phases   ] GC(364)   Pre Evacuate Collection Set: 3.1ms
[2025-12-24T18:05:59.130+0000][gc,phases   ] GC(364)   Merge Heap Roots: 1.0ms
[2025-12-24T18:05:59.130+0000][gc,phases   ] GC(364)   Evacuate Collection Set: 12.3ms
[2025-12-24T18:05:59.130+0000][gc,phases   ] GC(364)   Post Evacuate Collection Set: 1.5ms
[2025-12-24T18:05:59.131+0000][gc,phases   ] GC(364)   Other: 0.7ms
[2025-12-24T18:05:59.131+0000][gc,heap     ] GC(364) Eden regions: 606->0(606)
[2025-12-24T18:05:59.131+0000][gc,heap     ] GC(364) Survivor regions: 8->8(77)
[2025-12-24T18:05:59.131+0000][gc,heap     ] GC(364) Old regions: 93->93
[2025-12-24T18:05:59.131+0000][gc,heap     ] GC(364) Humongous regions: 151->151
[2025-12-24T18:05:59.132+0000][gc,metaspace] GC(364) Metaspace: 15618K(16000K)->15618K(16000K) NonClass: 13981K(14080K)->13981K(14080K) Class: 1637K(1920K)->1637K(1920K)
[2025-12-24T18:05:59.134+0000][gc          ] GC(364) Pause Young (Normal) (G1 Evacuation Pause) 856M->250M(1024M) 22.887ms
[2025-12-24T18:05:59.134+0000][gc,cpu      ] GC(364) User=0.13s Sys=0.00s Real=0.02s
[2025-12-24T18:06:29.550+0000][gc,start    ] GC(365) Pause Young (Normal) (G1 Evacuation Pause)
[2025-12-24T18:06:29.550+0000][gc,task     ] GC(365) Using 8 workers of 8 for evacuation
[2025-12-24T18:06:29.561+0000][gc,phases   ] GC(365)   Pre Evacuate Collection Set: 1.1ms
[2025-12-24T18:06:29.562+0000][gc,phases   ] GC(365)   Merge Heap Roots: 0.3ms
[2025-12-24T18:06:29.562+0000][gc,phases   ] GC(365)   Evacuate Collection Set: 8.5ms
[2025-12-24T18:06:29.562+0000][gc,phases   ] GC(365)   Post Evacuate Collection Set: 1.2ms
[2025-12-24T18:06:29.562+0000][gc,phases   ] GC(365)   Other: 0.2ms
[2025-12-24T18:06:29.562+0000][gc,heap     ] GC(365) Eden regions: 606->0(605)
[2025-12-24T18:06:29.562+0000][gc,heap     ] GC(365) Survivor regions: 8->9(77)
[2025-12-24T18:06:29.562+0000][gc,heap     ] GC(365) Old regions: 93->93
[2025-12-24T18:06:29.562+0000][gc,heap     ] GC(365) Humongous regions: 151->151
[2025-12-24T18:06:29.562+0000][gc,metaspace] GC(365) Metaspace: 15620K(16064K)->15620K(16064K) NonClass: 13983K(14144K)->13983K(14144K) Class: 1637K(1920K)->1637K(1920K)
[2025-12-24T18:06:29.562+0000][gc          ] GC(365) Pause Young (Normal) (G1 Evacuation Pause) 856M->252M(1024M) 12.531ms
[2025-12-24T18:06:29.562+0000][gc,cpu      ] GC(365) User=0.08s Sys=0.00s Real=0.01s
[2025-12-24T18:07:07.528+0000][gc,start    ] GC(366) Pause Young (Normal) (G1 Evacuation Pause)
[2025-12-24T18:07:07.530+0000][gc,task     ] GC(366) Using 8 workers of 8 for evacuation
[2025-12-24T18:07:07.548+0000][gc,phases   ] GC(366)   Pre Evacuate Collection Set: 1.5ms
[2025-12-24T18:07:07.548+0000][gc,phases   ] GC(366)   Merge Heap Roots: 0.3ms
[2025-12-24T18:07:07.548+0000][gc,phases   ] GC(366)   Evacuate Collection Set: 14.9ms
[2025-12-24T18:07:07.548+0000][gc,phases   ] GC(366)   Post Evacuate Collection Set: 1.6ms
[2025-12-24T18:07:07.548+0000][gc,phases   ] GC(366)   Other: 0.3ms
[2025-12-24T18:07:07.548+0000][gc,heap     ] GC(366) Eden regions: 605->0(606)
[2025-12-24T18:07:07.548+0000][gc,heap     ] GC(366) Survivor regions: 9->8(77)
[2025-12-24T18:07:07.548+0000][gc,heap     ] GC(366) Old regions: 93->93
[2025-12-24T18:07:07.549+0000][gc,heap     ] GC(366) Humongous regions: 151->151
[2025-12-24T18:07:07.549+0000][gc,metaspace] GC(366) Metaspace: 15620K(16064K)->15620K(16064K) NonClass: 13983K(14144K)->13983K(14144K) Class: 1637K(1920K)->1637K(1920K)
[2025-12-24T18:07:07.549+0000][gc          ] GC(366) Pause Young (Normal) (G1 Evacuation Pause) 857M->251M(1024M) 20.227ms
[2025-12-24T18:07:07.549+0000][gc,cpu      ] GC(366) User=0.11s Sys=0.00s Real=0.02s
[2025-12-24T18:07:39.251+0000][gc,start    ] GC(367) Pause Young (Normal) (G1 Evacuation Pause)
[2025-12-24T18:07:39.252+0000][gc,task     ] GC(367) Using 8 workers of 8 for evacuation
[2025-12-24T18:07:39.262+0000][gc,phases   ] GC(367)   Pre Evacuate Collection Set: 1.0ms
[2025-12-24T18:07:39.263+0000][gc,phases   ] GC(367)   Merge Heap Roots: 0.3ms
[2025-12-24T18:07:39.263+0000][gc,phases   ] GC(367)   Evacuate Collection Set: 7.8ms
[2025-12-24T18:07:39.263+0000][gc,phases   ] GC(367)   Post Evacuate Collection Set: 1.3ms
[2025-12-24T18:07:39.263+0000][gc,phases   ] GC(367)   Other: 0.3ms
[2025-12-24T18:07:39.263+0000][gc,heap     ] GC(367) Eden regions: 606->0(608)
[2025-12-24T18:07:39.263+0000][gc,heap     ] GC(367) Survivor regions: 8->6(77)
[2025-12-24T18:07:39.263+0000][gc,heap     ] GC(367) Old regions: 93->93
[2025-12-24T18:07:39.263+0000][gc,heap     ] GC(367) Humongous regions: 151->151
[2025-12-24T18:07:39.263+0000][gc,metaspace] GC(367) Metaspace: 15620K(16064K)->15620K(16064K) NonClass: 13983K(14144K)->13983K(14144K) Class: 1637K(1920K)->1637K(1920K)
[2025-12-24T18:07:39.263+0000][gc          ] GC(367) Pause Young (Normal) (G1 Evacuation Pause) 857M->249M(1024M) 12.277ms
[2025-12-24T18:07:39.263+0000][gc,cpu      ] GC(367) User=0.07s Sys=0.00s Real=0.01s
[2025-12-24T18:08:09.534+0000][gc,start    ] GC(368) Pause Young (Normal) (G1 Evacuation Pause)
[2025-12-24T18:08:09.535+0000][gc,task     ] GC(368) Using 8 workers of 8 for evacuation
[2025-12-24T18:08:09.556+0000][gc,phases   ] GC(368)   Pre Evacuate Collection Set: 1.2ms
[2025-12-24T18:08:09.556+0000][gc,phases   ] GC(368)   Merge Heap Roots: 0.2ms
[2025-12-24T18:08:09.556+0000][gc,phases   ] GC(368)   Evacuate Collection Set: 18.4ms
[2025-12-24T18:08:09.557+0000][gc,phases   ] GC(368)   Post Evacuate Collection Set: 1.5ms
[2025-12-24T18:08:09.557+0000][gc,phases   ] GC(368)   Other: 0.2ms
[2025-12-24T18:08:09.557+0000][gc,heap     ] GC(368) Eden regions: 608->0(607)
[2025-12-24T18:08:09.557+0000][gc,heap     ] GC(368) Survivor regions: 6->7(77)
[2025-12-24T18:08:09.557+0000][gc,heap     ] GC(368) Old regions: 93->94
[2025-12-24T18:08:09.557+0000][gc,heap     ] GC(368) Humongous regions: 151->151
[2025-12-24T18:08:09.557+0000][gc,metaspace] GC(368) Metaspace: 15620K(16064K)->15620K(16064K) NonClass: 13983K(14144K)->13983K(14144K) Class: 1637K(1920K)->1637K(1920K)
[2025-12-24T18:08:09.557+0000][gc          ] GC(368) Pause Young (Normal) (G1 Evacuation Pause) 857M->251M(1024M) 22.910ms
[2025-12-24T18:08:09.557+0000][gc,cpu      ] GC(368) User=0.14s Sys=0.00s Real=0.02s
[2025-12-24T18:08:49.199+0000][gc,start    ] GC(369) Pause Young (Normal) (G1 Evacuation Pause)
[2025-12-24T18:08:49.199+0000][gc,task     ] GC(369) Using 8 workers of 8 for evacuation
[2025-12-24T18:08:49.214+0000][gc,phases   ] GC(369)   Pre Evacuate Collection Set: 1.0ms
[2025-12-24T18:08:49.214+0000][gc,phases   ] GC(369)   Merge Heap Roots: 0.3ms
[2025-12-24T18:08:49.214+0000][gc,phases   ] GC(369)   Evacuate Collection Set: 11.7ms
[2025-12-24T18:08:49.214+0000][gc,phases   ] GC(369)   Post Evacuate Collection Set: 1.3ms
[2025-12-24T18:08:49.214+0000][gc,phases   ] GC(369)   Other: 0.3ms
[2025-12-24T18:08:49.214+0000][gc,heap     ] GC(369) Eden regions: 607->0(608)
[2025-12-24T18:08:49.214+0000][gc,heap     ] GC(369) Survivor regions: 7->6(77)
[2025-12-24T18:08:49.214+0000][gc,heap     ] GC(369) Old regions: 94->94
[2025-12-24T18:08:49.214+0000][gc,heap     ] GC(369) Humongous regions: 151->151
[2025-12-24T18:08:49.214+0000][gc,metaspace] GC(369) Metaspace: 15620K(16064K)->15620K(16064K) NonClass: 13983K(14144K)->13983K(14144K) Class: 1637K(1920K)->1637K(1920K)
[2025-12-24T18:08:49.214+0000][gc          ] GC(369) Pause Young (Normal) (G1 Evacuation Pause) 858M->250M(1024M) 15.719ms
[2025-12-24T18:08:49.214+0000][gc,cpu      ] GC(369) User=0.10s Sys=0.00s Real=0.02s
[2025-12-24T18:09:19.473+0000][gc,start    ] GC(370) Pause Young (Normal) (G1 Evacuation Pause)
[2025-12-24T18:09:19.473+0000][gc,task     ] GC(370) Using 8 workers of 8 for evacuation
[2025-12-24T18:09:19.488+0000][gc,phases   ] GC(370)   Pre Evacuate Collection Set: 1.1ms
[2025-12-24T18:09:19.488+0000][gc,phases   ] GC(370)   Merge Heap Roots: 0.2ms
[2025-12-24T18:09:19.488+0000][gc,phases   ] GC(370)   Evacuate Collection Set: 12.1ms
[2025-12-24T18:09:19.488+0000][gc,phases   ] GC(370)   Post Evacuate Collection Set: 1.1ms
[2025-12-24T18:09:19.488+0000][gc,phases   ] GC(370)   Other: 0.2ms
[2025-12-24T18:09:19.489+0000][gc,heap     ] GC(370) Eden regions: 608->0(606)
[2025-12-24T18:09:19.489+0000][gc,heap     ] GC(370) Survivor regions: 6->8(77)
[2025-12-24T18:09:19.489+0000][gc,heap     ] GC(370) Old regions: 94->94
[2025-12-24T18:09:19.489+0000][gc,heap     ] GC(370) Humongous regions: 151->151
[2025-12-24T18:09:19.489+0000][gc,metaspace] GC(370) Metaspace: 15620K(16064K)->15620K(16064K) NonClass: 13983K(14144K)->13983K(14144K) Class: 1637K(1920K)->1637K(1920K)
[2025-12-24T18:09:19.489+0000][gc          ] GC(370) Pause Young (Normal) (G1 Evacuation Pause) 858M->252M(1024M) 15.977ms
[2025-12-24T18:09:19.489+0000][gc,cpu      ] GC(370) User=0.10s Sys=0.00s Real=0.02s
[2025-12-24T18:09:59.104+0000][gc,start    ] GC(371) Pause Young (Normal) (G1 Evacuation Pause)
[2025-12-24T18:09:59.104+0000][gc,task     ] GC(371) Using 8 workers of 8 for evacuation
[2025-12-24T18:09:59.126+0000][gc,phases   ] GC(371)   Pre Evacuate Collection Set: 1.6ms
[2025-12-24T18:09:59.126+0000][gc,phases   ] GC(371)   Merge Heap Roots: 0.5ms
[2025-12-24T18:09:59.126+0000][gc,phases   ] GC(371)   Evacuate Collection Set: 18.0ms
[2025-12-24T18:09:59.126+0000][gc,phases   ] GC(371)   Post Evacuate Collection Set: 1.1ms
[2025-12-24T18:09:59.126+0000][gc,phases   ] GC(371)   Other: 0.3ms
[2025-12-24T18:09:59.126+0000][gc,heap     ] GC(371) Eden regions: 606->0(607)
[2025-12-24T18:09:59.126+0000][gc,heap     ] GC(371) Survivor regions: 8->7(77)
[2025-12-24T18:09:59.126+0000][gc,heap     ] GC(371) Old regions: 94->94
[2025-12-24T18:09:59.126+0000][gc,heap     ] GC(371) Humongous regions: 151->151
[2025-12-24T18:09:59.126+0000][gc,metaspace] GC(371) Metaspace: 15620K(16064K)->15620K(16064K) NonClass: 13983K(14144K)->13983K(14144K) Class: 1637K(1920K)->1637K(1920K)
[2025-12-24T18:09:59.126+0000][gc          ] GC(371) Pause Young (Normal) (G1 Evacuation Pause) 858M->251M(1024M) 22.570ms
[2025-12-24T18:09:59.127+0000][gc,cpu      ] GC(371) User=0.15s Sys=0.00s Real=0.03s
[2025-12-24T18:10:29.340+0000][gc,start    ] GC(372) Pause Young (Normal) (G1 Evacuation Pause)
[2025-12-24T18:10:29.340+0000][gc,task     ] GC(372) Using 8 workers of 8 for evacuation
[2025-12-24T18:10:29.361+0000][gc,phases   ] GC(372)   Pre Evacuate Collection Set: 1.4ms
[2025-12-24T18:10:29.361+0000][gc,phases   ] GC(372)   Merge Heap Roots: 0.4ms
[2025-12-24T18:10:29.361+0000][gc,phases   ] GC(372)   Evacuate Collection Set: 17.9ms
[2025-12-24T18:10:29.361+0000][gc,phases   ] GC(372)   Post Evacuate Collection Set: 1.1ms
[2025-12-24T18:10:29.362+0000][gc,phases   ] GC(372)   Other: 0.3ms
[2025-12-24T18:10:29.362+0000][gc,heap     ] GC(372) Eden regions: 607->0(605)
[2025-12-24T18:10:29.362+0000][gc,heap     ] GC(372) Survivor regions: 7->9(77)
[2025-12-24T18:10:29.362+0000][gc,heap     ] GC(372) Old regions: 94->95
[2025-12-24T18:10:29.362+0000][gc,heap     ] GC(372) Humongous regions: 151->151
[2025-12-24T18:10:29.362+0000][gc,metaspace] GC(372) Metaspace: 15620K(16064K)->15620K(16064K) NonClass: 13983K(14144K)->13983K(14144K) Class: 1637K(1920K)->1637K(1920K)
[2025-12-24T18:10:29.362+0000][gc          ] GC(372) Pause Young (Normal) (G1 Evacuation Pause) 858M->254M(1024M) 22.391ms
[2025-12-24T18:10:29.362+0000][gc,cpu      ] GC(372) User=0.14s Sys=0.01s Real=0.02s
[2025-12-24T18:11:09.037+0000][gc,start    ] GC(373) Pause Young (Normal) (G1 Evacuation Pause)
[2025-12-24T18:11:09.037+0000][gc,task     ] GC(373) Using 8 workers of 8 for evacuation
[2025-12-24T18:11:09.058+0000][gc,phases   ] GC(373)   Pre Evacuate Collection Set: 1.2ms
[2025-12-24T18:11:09.058+0000][gc,phases   ] GC(373)   Merge Heap Roots: 0.3ms
[2025-12-24T18:11:09.058+0000][gc,phases   ] GC(373)   Evacuate Collection Set: 17.7ms
[2025-12-24T18:11:09.058+0000][gc,phases   ] GC(373)   Post Evacuate Collection Set: 1.3ms
[2025-12-24T18:11:09.058+0000][gc,phases   ] GC(373)   Other: 0.3ms
[2025-12-24T18:11:09.058+0000][gc,heap     ] GC(373) Eden regions: 605->0(606)
[2025-12-24T18:11:09.059+0000][gc,heap     ] GC(373) Survivor regions: 9->8(77)
[2025-12-24T18:11:09.059+0000][gc,heap     ] GC(373) Old regions: 95->95
[2025-12-24T18:11:09.059+0000][gc,heap     ] GC(373) Humongous regions: 151->151
[2025-12-24T18:11:09.059+0000][gc,metaspace] GC(373) Metaspace: 15620K(16064K)->15620K(16064K) NonClass: 13983K(14144K)->13983K(14144K) Class: 1637K(1920K)->1637K(1920K)
[2025-12-24T18:11:09.059+0000][gc          ] GC(373) Pause Young (Normal) (G1 Evacuation Pause) 859M->253M(1024M) 22.375ms
[2025-12-24T18:11:09.059+0000][gc,cpu      ] GC(373) User=0.14s Sys=0.00s Real=0.02s
[2025-12-24T18:11:39.287+0000][gc,start    ] GC(374) Pause Young (Normal) (G1 Evacuation Pause)
[2025-12-24T18:11:39.288+0000][gc,task     ] GC(374) Using 8 workers of 8 for evacuation
[2025-12-24T18:11:39.307+0000][gc,phases   ] GC(374)   Pre Evacuate Collection Set: 1.1ms
[2025-12-24T18:11:39.307+0000][gc,phases   ] GC(374)   Merge Heap Roots: 0.3ms
[2025-12-24T18:11:39.307+0000][gc,phases   ] GC(374)   Evacuate Collection Set: 13.4ms
[2025-12-24T18:11:39.307+0000][gc,phases   ] GC(374)   Post Evacuate Collection Set: 3.3ms
[2025-12-24T18:11:39.307+0000][gc,phases   ] GC(374)   Other: 0.3ms
[2025-12-24T18:11:39.307+0000][gc,heap     ] GC(374) Eden regions: 606->0(604)
[2025-12-24T18:11:39.307+0000][gc,heap     ] GC(374) Survivor regions: 8->10(77)
[2025-12-24T18:11:39.307+0000][gc,heap     ] GC(374) Old regions: 95->95
[2025-12-24T18:11:39.307+0000][gc,heap     ] GC(374) Humongous regions: 151->151
[2025-12-24T18:11:39.307+0000][gc,metaspace] GC(374) Metaspace: 15620K(16064K)->15620K(16064K) NonClass: 13983K(14144K)->13983K(14144K) Class: 1637K(1920K)->1637K(1920K)
[2025-12-24T18:11:39.308+0000][gc          ] GC(374) Pause Young (Normal) (G1 Evacuation Pause) 859M->255M(1024M) 20.361ms
[2025-12-24T18:11:39.308+0000][gc,cpu      ] GC(374) User=0.10s Sys=0.01s Real=0.02s
[2025-12-24T18:12:09.524+0000][gc,start    ] GC(375) Pause Young (Normal) (G1 Evacuation Pause)
[2025-12-24T18:12:09.525+0000][gc,task     ] GC(375) Using 8 workers of 8 for evacuation
[2025-12-24T18:12:09.537+0000][gc,phases   ] GC(375)   Pre Evacuate Collection Set: 1.2ms
[2025-12-24T18:12:09.537+0000][gc,phases   ] GC(375)   Merge Heap Roots: 0.4ms
[2025-12-24T18:12:09.537+0000][gc,phases   ] GC(375)   Evacuate Collection Set: 9.1ms
[2025-12-24T18:12:09.537+0000][gc,phases   ] GC(375)   Post Evacuate Collection Set: 1.1ms
[2025-12-24T18:12:09.537+0000][gc,phases   ] GC(375)   Other: 0.3ms
[2025-12-24T18:12:09.537+0000][gc,heap     ] GC(375) Eden regions: 604->0(607)
[2025-12-24T18:12:09.537+0000][gc,heap     ] GC(375) Survivor regions: 10->7(77)
[2025-12-24T18:12:09.537+0000][gc,heap     ] GC(375) Old regions: 95->95
[2025-12-24T18:12:09.537+0000][gc,heap     ] GC(375) Humongous regions: 151->151
[2025-12-24T18:12:09.537+0000][gc,metaspace] GC(375) Metaspace: 15620K(16064K)->15620K(16064K) NonClass: 13983K(14144K)->13983K(14144K) Class: 1637K(1920K)->1637K(1920K)
[2025-12-24T18:12:09.537+0000][gc          ] GC(375) Pause Young (Normal) (G1 Evacuation Pause) 859M->252M(1024M) 13.435ms
[2025-12-24T18:12:09.537+0000][gc,cpu      ] GC(375) User=0.06s Sys=0.01s Real=0.01s
[2025-12-24T18:12:49.186+0000][gc,start    ] GC(376) Pause Young (Normal) (G1 Evacuation Pause)
[2025-12-24T18:12:49.187+0000][gc,task     ] GC(376) Using 8 workers of 8 for evacuation
[2025-12-24T18:12:49.205+0000][gc,phases   ] GC(376)   Pre Evacuate Collection Set: 1.0ms
[2025-12-24T18:12:49.205+0000][gc,phases   ] GC(376)   Merge Heap Roots: 0.3ms
[2025-12-24T18:12:49.205+0000][gc,phases   ] GC(376)   Evacuate Collection Set: 15.1ms
[2025-12-24T18:12:49.205+0000][gc,phases   ] GC(376)   Post Evacuate Collection Set: 1.5ms
[2025-12-24T18:12:49.205+0000][gc,phases   ] GC(376)   Other: 0.3ms
[2025-12-24T18:12:49.206+0000][gc,heap     ] GC(376) Eden regions: 607->0(608)
[2025-12-24T18:12:49.206+0000][gc,heap     ] GC(376) Survivor regions: 7->6(77)
[2025-12-24T18:12:49.206+0000][gc,heap     ] GC(376) Old regions: 95->96
[2025-12-24T18:12:49.206+0000][gc,heap     ] GC(376) Humongous regions: 151->151
[2025-12-24T18:12:49.206+0000][gc,metaspace] GC(376) Metaspace: 15620K(16064K)->15620K(16064K) NonClass: 13983K(14144K)->13983K(14144K) Class: 1637K(1920K)->1637K(1920K)
[2025-12-24T18:12:49.206+0000][gc          ] GC(376) Pause Young (Normal) (G1 Evacuation Pause) 859M->252M(1024M) 19.913ms
[2025-12-24T18:12:49.206+0000][gc,cpu      ] GC(376) User=0.12s Sys=0.00s Real=0.02s
[2025-12-24T18:13:19.436+0000][gc,start    ] GC(377) Pause Young (Normal) (G1 Evacuation Pause)
[2025-12-24T18:13:19.437+0000][gc,task     ] GC(377) Using 8 workers of 8 for evacuation
[2025-12-24T18:13:19.454+0000][gc,phases   ] GC(377)   Pre Evacuate Collection Set: 2.6ms
[2025-12-24T18:13:19.454+0000][gc,phases   ] GC(377)   Merge Heap Roots: 0.3ms
[2025-12-24T18:13:19.454+0000][gc,phases   ] GC(377)   Evacuate Collection Set: 9.7ms
[2025-12-24T18:13:19.454+0000][gc,phases   ] GC(377)   Post Evacuate Collection Set: 1.2ms
[2025-12-24T18:13:19.455+0000][gc,phases   ] GC(377)   Other: 3.3ms
[2025-12-24T18:13:19.455+0000][gc,heap     ] GC(377) Eden regions: 608->0(606)
[2025-12-24T18:13:19.455+0000][gc,heap     ] GC(377) Survivor regions: 6->8(77)
[2025-12-24T18:13:19.455+0000][gc,heap     ] GC(377) Old regions: 96->96
[2025-12-24T18:13:19.455+0000][gc,heap     ] GC(377) Humongous regions: 151->151
[2025-12-24T18:13:19.455+0000][gc,metaspace] GC(377) Metaspace: 15620K(16064K)->15620K(16064K) NonClass: 13983K(14144K)->13983K(14144K) Class: 1637K(1920K)->1637K(1920K)
[2025-12-24T18:13:19.455+0000][gc          ] GC(377) Pause Young (Normal) (G1 Evacuation Pause) 860M->253M(1024M) 19.105ms
[2025-12-24T18:13:19.455+0000][gc,cpu      ] GC(377) User=0.09s Sys=0.00s Real=0.01s
[2025-12-24T18:13:59.116+0000][gc,start    ] GC(378) Pause Young (Normal) (G1 Evacuation Pause)
[2025-12-24T18:13:59.116+0000][gc,task     ] GC(378) Using 8 workers of 8 for evacuation
[2025-12-24T18:13:59.139+0000][gc,phases   ] GC(378)   Pre Evacuate Collection Set: 1.3ms
[2025-12-24T18:13:59.139+0000][gc,phases   ] GC(378)   Merge Heap Roots: 0.2ms
[2025-12-24T18:13:59.139+0000][gc,phases   ] GC(378)   Evacuate Collection Set: 19.1ms
[2025-12-24T18:13:59.139+0000][gc,phases   ] GC(378)   Post Evacuate Collection Set: 1.7ms
[2025-12-24T18:13:59.139+0000][gc,phases   ] GC(378)   Other: 0.4ms
[2025-12-24T18:13:59.139+0000][gc,heap     ] GC(378) Eden regions: 606->0(607)
[2025-12-24T18:13:59.139+0000][gc,heap     ] GC(378) Survivor regions: 8->7(77)
[2025-12-24T18:13:59.139+0000][gc,heap     ] GC(378) Old regions: 96->96
[2025-12-24T18:13:59.139+0000][gc,heap     ] GC(378) Humongous regions: 151->151
[2025-12-24T18:13:59.139+0000][gc,metaspace] GC(378) Metaspace: 15620K(16064K)->15620K(16064K) NonClass: 13983K(14144K)->13983K(14144K) Class: 1637K(1920K)->1637K(1920K)
[2025-12-24T18:13:59.140+0000][gc          ] GC(378) Pause Young (Normal) (G1 Evacuation Pause) 859M->253M(1024M) 23.741ms
[2025-12-24T18:13:59.140+0000][gc,cpu      ] GC(378) User=0.16s Sys=0.00s Real=0.02s
[2025-12-24T18:14:29.412+0000][gc,start    ] GC(379) Pause Young (Normal) (G1 Evacuation Pause)
[2025-12-24T18:14:29.412+0000][gc,task     ] GC(379) Using 8 workers of 8 for evacuation
[2025-12-24T18:14:29.436+0000][gc,phases   ] GC(379)   Pre Evacuate Collection Set: 1.3ms
[2025-12-24T18:14:29.436+0000][gc,phases   ] GC(379)   Merge Heap Roots: 0.3ms
[2025-12-24T18:14:29.436+0000][gc,phases   ] GC(379)   Evacuate Collection Set: 20.5ms
[2025-12-24T18:14:29.436+0000][gc,phases   ] GC(379)   Post Evacuate Collection Set: 1.2ms
[2025-12-24T18:14:29.436+0000][gc,phases   ] GC(379)   Other: 0.4ms
[2025-12-24T18:14:29.436+0000][gc,heap     ] GC(379) Eden regions: 607->0(605)
[2025-12-24T18:14:29.436+0000][gc,heap     ] GC(379) Survivor regions: 7->9(77)
[2025-12-24T18:14:29.436+0000][gc,heap     ] GC(379) Old regions: 96->96
[2025-12-24T18:14:29.436+0000][gc,heap     ] GC(379) Humongous regions: 151->151
[2025-12-24T18:14:29.436+0000][gc,metaspace] GC(379) Metaspace: 15623K(16064K)->15623K(16064K) NonClass: 13986K(14144K)->13986K(14144K) Class: 1637K(1920K)->1637K(1920K)
[2025-12-24T18:14:29.437+0000][gc          ] GC(379) Pause Young (Normal) (G1 Evacuation Pause) 860M->255M(1024M) 24.927ms
[2025-12-24T18:14:29.437+0000][gc,cpu      ] GC(379) User=0.16s Sys=0.01s Real=0.02s
[2025-12-24T18:15:09.026+0000][gc,start    ] GC(380) Pause Young (Normal) (G1 Evacuation Pause)
[2025-12-24T18:15:09.027+0000][gc,task     ] GC(380) Using 8 workers of 8 for evacuation
[2025-12-24T18:15:09.039+0000][gc,phases   ] GC(380)   Pre Evacuate Collection Set: 1.3ms
[2025-12-24T18:15:09.039+0000][gc,phases   ] GC(380)   Merge Heap Roots: 0.3ms
[2025-12-24T18:15:09.039+0000][gc,phases   ] GC(380)   Evacuate Collection Set: 8.7ms
[2025-12-24T18:15:09.039+0000][gc,phases   ] GC(380)   Post Evacuate Collection Set: 1.2ms
[2025-12-24T18:15:09.039+0000][gc,phases   ] GC(380)   Other: 0.2ms
[2025-12-24T18:15:09.040+0000][gc,heap     ] GC(380) Eden regions: 605->0(606)
[2025-12-24T18:15:09.040+0000][gc,heap     ] GC(380) Survivor regions: 9->8(77)
[2025-12-24T18:15:09.040+0000][gc,heap     ] GC(380) Old regions: 96->97
[2025-12-24T18:15:09.040+0000][gc,heap     ] GC(380) Humongous regions: 151->151
[2025-12-24T18:15:09.040+0000][gc,metaspace] GC(380) Metaspace: 15623K(16064K)->15623K(16064K) NonClass: 13986K(14144K)->13986K(14144K) Class: 1637K(1920K)->1637K(1920K)
[2025-12-24T18:15:09.040+0000][gc          ] GC(380) Pause Young (Normal) (G1 Evacuation Pause) 860M->254M(1024M) 14.084ms
[2025-12-24T18:15:09.040+0000][gc,cpu      ] GC(380) User=0.08s Sys=0.00s Real=0.01s
[2025-12-24T18:15:39.274+0000][gc,start    ] GC(381) Pause Young (Normal) (G1 Evacuation Pause)
[2025-12-24T18:15:39.274+0000][gc,task     ] GC(381) Using 8 workers of 8 for evacuation
[2025-12-24T18:15:39.294+0000][gc,phases   ] GC(381)   Pre Evacuate Collection Set: 4.1ms
[2025-12-24T18:15:39.294+0000][gc,phases   ] GC(381)   Merge Heap Roots: 0.4ms
[2025-12-24T18:15:39.294+0000][gc,phases   ] GC(381)   Evacuate Collection Set: 14.0ms
[2025-12-24T18:15:39.294+0000][gc,phases   ] GC(381)   Post Evacuate Collection Set: 1.1ms
[2025-12-24T18:15:39.294+0000][gc,phases   ] GC(381)   Other: 0.2ms
[2025-12-24T18:15:39.294+0000][gc,heap     ] GC(381) Eden regions: 606->0(604)
[2025-12-24T18:15:39.294+0000][gc,heap     ] GC(381) Survivor regions: 8->10(77)
[2025-12-24T18:15:39.294+0000][gc,heap     ] GC(381) Old regions: 97->97
[2025-12-24T18:15:39.294+0000][gc,heap     ] GC(381) Humongous regions: 151->151
[2025-12-24T18:15:39.294+0000][gc,metaspace] GC(381) Metaspace: 15623K(16064K)->15623K(16064K) NonClass: 13986K(14144K)->13986K(14144K) Class: 1637K(1920K)->1637K(1920K)
[2025-12-24T18:15:39.295+0000][gc          ] GC(381) Pause Young (Normal) (G1 Evacuation Pause) 860M->256M(1024M) 20.797ms
[2025-12-24T18:15:39.295+0000][gc,cpu      ] GC(381) User=0.12s Sys=0.00s Real=0.02s
[2025-12-24T18:16:09.522+0000][gc,start    ] GC(382) Pause Young (Normal) (G1 Evacuation Pause)
[2025-12-24T18:16:09.522+0000][gc,task     ] GC(382) Using 8 workers of 8 for evacuation
[2025-12-24T18:16:09.532+0000][gc,phases   ] GC(382)   Pre Evacuate Collection Set: 1.3ms
[2025-12-24T18:16:09.532+0000][gc,phases   ] GC(382)   Merge Heap Roots: 0.2ms
[2025-12-24T18:16:09.532+0000][gc,phases   ] GC(382)   Evacuate Collection Set: 6.7ms
[2025-12-24T18:16:09.532+0000][gc,phases   ] GC(382)   Post Evacuate Collection Set: 1.4ms
[2025-12-24T18:16:09.532+0000][gc,phases   ] GC(382)   Other: 0.2ms
[2025-12-24T18:16:09.532+0000][gc,heap     ] GC(382) Eden regions: 604->0(607)
[2025-12-24T18:16:09.532+0000][gc,heap     ] GC(382) Survivor regions: 10->7(77)
[2025-12-24T18:16:09.532+0000][gc,heap     ] GC(382) Old regions: 97->97
[2025-12-24T18:16:09.532+0000][gc,heap     ] GC(382) Humongous regions: 151->151
[2025-12-24T18:16:09.532+0000][gc,metaspace] GC(382) Metaspace: 15624K(16064K)->15624K(16064K) NonClass: 13987K(14144K)->13987K(14144K) Class: 1637K(1920K)->1637K(1920K)
[2025-12-24T18:16:09.533+0000][gc          ] GC(382) Pause Young (Normal) (G1 Evacuation Pause) 860M->253M(1024M) 10.919ms
[2025-12-24T18:16:09.533+0000][gc,cpu      ] GC(382) User=0.06s Sys=0.01s Real=0.01s
[2025-12-24T18:16:49.182+0000][gc,start    ] GC(383) Pause Young (Normal) (G1 Evacuation Pause)
[2025-12-24T18:16:49.182+0000][gc,task     ] GC(383) Using 8 workers of 8 for evacuation
[2025-12-24T18:16:49.195+0000][gc,phases   ] GC(383)   Pre Evacuate Collection Set: 1.3ms
[2025-12-24T18:16:49.195+0000][gc,phases   ] GC(383)   Merge Heap Roots: 0.3ms
[2025-12-24T18:16:49.195+0000][gc,phases   ] GC(383)   Evacuate Collection Set: 9.2ms
[2025-12-24T18:16:49.195+0000][gc,phases   ] GC(383)   Post Evacuate Collection Set: 1.4ms
[2025-12-24T18:16:49.195+0000][gc,phases   ] GC(383)   Other: 0.2ms
[2025-12-24T18:16:49.195+0000][gc,heap     ] GC(383) Eden regions: 607->0(608)
[2025-12-24T18:16:49.195+0000][gc,heap     ] GC(383) Survivor regions: 7->6(77)
[2025-12-24T18:16:49.195+0000][gc,heap     ] GC(383) Old regions: 97->97
[2025-12-24T18:16:49.195+0000][gc,heap     ] GC(383) Humongous regions: 151->151
[2025-12-24T18:16:49.195+0000][gc,metaspace] GC(383) Metaspace: 15635K(16064K)->15635K(16064K) NonClass: 13997K(14144K)->13997K(14144K) Class: 1637K(1920K)->1637K(1920K)
[2025-12-24T18:16:49.195+0000][gc          ] GC(383) Pause Young (Normal) (G1 Evacuation Pause) 860M->253M(1024M) 13.614ms
[2025-12-24T18:16:49.195+0000][gc,cpu      ] GC(383) User=0.07s Sys=0.00s Real=0.02s
[2025-12-24T18:17:19.442+0000][gc,start    ] GC(384) Pause Young (Normal) (G1 Evacuation Pause)
[2025-12-24T18:17:19.443+0000][gc,task     ] GC(384) Using 8 workers of 8 for evacuation
[2025-12-24T18:17:19.460+0000][gc,phases   ] GC(384)   Pre Evacuate Collection Set: 1.7ms
[2025-12-24T18:17:19.460+0000][gc,phases   ] GC(384)   Merge Heap Roots: 1.1ms
[2025-12-24T18:17:19.460+0000][gc,phases   ] GC(384)   Evacuate Collection Set: 13.0ms
[2025-12-24T18:17:19.460+0000][gc,phases   ] GC(384)   Post Evacuate Collection Set: 1.2ms
[2025-12-24T18:17:19.460+0000][gc,phases   ] GC(384)   Other: 0.2ms
[2025-12-24T18:17:19.460+0000][gc,heap     ] GC(384) Eden regions: 608->0(606)
[2025-12-24T18:17:19.460+0000][gc,heap     ] GC(384) Survivor regions: 6->8(77)
[2025-12-24T18:17:19.461+0000][gc,heap     ] GC(384) Old regions: 97->97
[2025-12-24T18:17:19.461+0000][gc,heap     ] GC(384) Humongous regions: 151->151
[2025-12-24T18:17:19.461+0000][gc,metaspace] GC(384) Metaspace: 15635K(16064K)->15635K(16064K) NonClass: 13997K(14144K)->13997K(14144K) Class: 1637K(1920K)->1637K(1920K)
[2025-12-24T18:17:19.461+0000][gc          ] GC(384) Pause Young (Normal) (G1 Evacuation Pause) 861M->255M(1024M) 18.520ms
[2025-12-24T18:17:19.461+0000][gc,cpu      ] GC(384) User=0.11s Sys=0.01s Real=0.01s
[2025-12-24T18:17:59.111+0000][gc,start    ] GC(385) Pause Young (Normal) (G1 Evacuation Pause)
[2025-12-24T18:17:59.112+0000][gc,task     ] GC(385) Using 8 workers of 8 for evacuation
[2025-12-24T18:17:59.132+0000][gc,phases   ] GC(385)   Pre Evacuate Collection Set: 1.3ms
[2025-12-24T18:17:59.133+0000][gc,phases   ] GC(385)   Merge Heap Roots: 0.3ms
[2025-12-24T18:17:59.133+0000][gc,phases   ] GC(385)   Evacuate Collection Set: 17.5ms
[2025-12-24T18:17:59.133+0000][gc,phases   ] GC(385)   Post Evacuate Collection Set: 1.3ms
[2025-12-24T18:17:59.133+0000][gc,phases   ] GC(385)   Other: 0.3ms
[2025-12-24T18:17:59.133+0000][gc,heap     ] GC(385) Eden regions: 606->0(607)
[2025-12-24T18:17:59.133+0000][gc,heap     ] GC(385) Survivor regions: 8->7(77)
[2025-12-24T18:17:59.133+0000][gc,heap     ] GC(385) Old regions: 97->98
[2025-12-24T18:17:59.133+0000][gc,heap     ] GC(385) Humongous regions: 151->151
[2025-12-24T18:17:59.133+0000][gc,metaspace] GC(385) Metaspace: 15635K(16064K)->15635K(16064K) NonClass: 13997K(14144K)->13997K(14144K) Class: 1637K(1920K)->1637K(1920K)
[2025-12-24T18:17:59.133+0000][gc          ] GC(385) Pause Young (Normal) (G1 Evacuation Pause) 861M->255M(1024M) 22.083ms
[2025-12-24T18:17:59.133+0000][gc,cpu      ] GC(385) User=0.13s Sys=0.00s Real=0.02s
[2025-12-24T18:18:29.349+0000][gc,start    ] GC(386) Pause Young (Normal) (G1 Evacuation Pause)
[2025-12-24T18:18:29.349+0000][gc,task     ] GC(386) Using 8 workers of 8 for evacuation
[2025-12-24T18:18:29.359+0000][gc,phases   ] GC(386)   Pre Evacuate Collection Set: 1.0ms
[2025-12-24T18:18:29.359+0000][gc,phases   ] GC(386)   Merge Heap Roots: 0.2ms
[2025-12-24T18:18:29.359+0000][gc,phases   ] GC(386)   Evacuate Collection Set: 7.2ms
[2025-12-24T18:18:29.359+0000][gc,phases   ] GC(386)   Post Evacuate Collection Set: 1.0ms
[2025-12-24T18:18:29.359+0000][gc,phases   ] GC(386)   Other: 0.2ms
[2025-12-24T18:18:29.359+0000][gc,heap     ] GC(386) Eden regions: 607->0(605)
[2025-12-24T18:18:29.359+0000][gc,heap     ] GC(386) Survivor regions: 7->9(77)
[2025-12-24T18:18:29.359+0000][gc,heap     ] GC(386) Old regions: 98->98
[2025-12-24T18:18:29.359+0000][gc,heap     ] GC(386) Humongous regions: 151->151
[2025-12-24T18:18:29.359+0000][gc,metaspace] GC(386) Metaspace: 15635K(16064K)->15635K(16064K) NonClass: 13997K(14144K)->13997K(14144K) Class: 1637K(1920K)->1637K(1920K)
[2025-12-24T18:18:29.360+0000][gc          ] GC(386) Pause Young (Normal) (G1 Evacuation Pause) 862M->256M(1024M) 10.725ms
[2025-12-24T18:18:29.360+0000][gc,cpu      ] GC(386) User=0.05s Sys=0.00s Real=0.01s
[2025-12-24T18:19:09.068+0000][gc,start    ] GC(387) Pause Young (Normal) (G1 Evacuation Pause)
[2025-12-24T18:19:09.068+0000][gc,task     ] GC(387) Using 8 workers of 8 for evacuation
[2025-12-24T18:19:09.086+0000][gc,phases   ] GC(387)   Pre Evacuate Collection Set: 1.3ms
[2025-12-24T18:19:09.086+0000][gc,phases   ] GC(387)   Merge Heap Roots: 0.3ms
[2025-12-24T18:19:09.086+0000][gc,phases   ] GC(387)   Evacuate Collection Set: 12.7ms
[2025-12-24T18:19:09.086+0000][gc,phases   ] GC(387)   Post Evacuate Collection Set: 3.0ms
[2025-12-24T18:19:09.086+0000][gc,phases   ] GC(387)   Other: 0.2ms
[2025-12-24T18:19:09.086+0000][gc,heap     ] GC(387) Eden regions: 605->0(606)
[2025-12-24T18:19:09.086+0000][gc,heap     ] GC(387) Survivor regions: 9->8(77)
[2025-12-24T18:19:09.086+0000][gc,heap     ] GC(387) Old regions: 98->98
[2025-12-24T18:19:09.087+0000][gc,heap     ] GC(387) Humongous regions: 151->151
[2025-12-24T18:19:09.087+0000][gc,metaspace] GC(387) Metaspace: 15635K(16064K)->15635K(16064K) NonClass: 13997K(14144K)->13997K(14144K) Class: 1637K(1920K)->1637K(1920K)
[2025-12-24T18:19:09.087+0000][gc          ] GC(387) Pause Young (Normal) (G1 Evacuation Pause) 861M->256M(1024M) 18.599ms
[2025-12-24T18:19:09.087+0000][gc,cpu      ] GC(387) User=0.09s Sys=0.01s Real=0.02s
[2025-12-24T18:19:39.302+0000][gc,start    ] GC(388) Pause Young (Normal) (G1 Evacuation Pause)
[2025-12-24T18:19:39.302+0000][gc,task     ] GC(388) Using 8 workers of 8 for evacuation
[2025-12-24T18:19:39.319+0000][gc,phases   ] GC(388)   Pre Evacuate Collection Set: 1.3ms
[2025-12-24T18:19:39.319+0000][gc,phases   ] GC(388)   Merge Heap Roots: 0.4ms
[2025-12-24T18:19:39.319+0000][gc,phases   ] GC(388)   Evacuate Collection Set: 13.4ms
[2025-12-24T18:19:39.319+0000][gc,phases   ] GC(388)   Post Evacuate Collection Set: 1.3ms
[2025-12-24T18:19:39.319+0000][gc,phases   ] GC(388)   Other: 0.4ms
[2025-12-24T18:19:39.319+0000][gc,heap     ] GC(388) Eden regions: 606->0(604)
[2025-12-24T18:19:39.319+0000][gc,heap     ] GC(388) Survivor regions: 8->10(77)
[2025-12-24T18:19:39.319+0000][gc,heap     ] GC(388) Old regions: 98->98
[2025-12-24T18:19:39.320+0000][gc,heap     ] GC(388) Humongous regions: 151->151
[2025-12-24T18:19:39.320+0000][gc,metaspace] GC(388) Metaspace: 15635K(16064K)->15635K(16064K) NonClass: 13997K(14144K)->13997K(14144K) Class: 1637K(1920K)->1637K(1920K)
[2025-12-24T18:19:39.320+0000][gc          ] GC(388) Pause Young (Normal) (G1 Evacuation Pause) 862M->258M(1024M) 18.374ms
[2025-12-24T18:19:39.320+0000][gc,cpu      ] GC(388) User=0.12s Sys=0.00s Real=0.02s
[2025-12-24T18:20:09.553+0000][gc,start    ] GC(389) Pause Young (Normal) (G1 Evacuation Pause)
[2025-12-24T18:20:09.554+0000][gc,task     ] GC(389) Using 8 workers of 8 for evacuation
[2025-12-24T18:20:09.599+0000][gc,phases   ] GC(389)   Pre Evacuate Collection Set: 9.3ms
[2025-12-24T18:20:09.600+0000][gc,phases   ] GC(389)   Merge Heap Roots: 0.6ms
[2025-12-24T18:20:09.600+0000][gc,phases   ] GC(389)   Evacuate Collection Set: 28.8ms
[2025-12-24T18:20:09.600+0000][gc,phases   ] GC(389)   Post Evacuate Collection Set: 3.8ms
[2025-12-24T18:20:09.601+0000][gc,phases   ] GC(389)   Other: 2.8ms
[2025-12-24T18:20:09.601+0000][gc,heap     ] GC(389) Eden regions: 604->0(602)
[2025-12-24T18:20:09.601+0000][gc,heap     ] GC(389) Survivor regions: 10->12(77)
[2025-12-24T18:20:09.601+0000][gc,heap     ] GC(389) Old regions: 98->99
[2025-12-24T18:20:09.601+0000][gc,heap     ] GC(389) Humongous regions: 151->151
[2025-12-24T18:20:09.601+0000][gc,metaspace] GC(389) Metaspace: 15635K(16064K)->15635K(16064K) NonClass: 13997K(14144K)->13997K(14144K) Class: 1637K(1920K)->1637K(1920K)
[2025-12-24T18:20:09.601+0000][gc          ] GC(389) Pause Young (Normal) (G1 Evacuation Pause) 862M->260M(1024M) 48.515ms
[2025-12-24T18:20:09.601+0000][gc,cpu      ] GC(389) User=0.09s Sys=0.02s Real=0.05s
[2025-12-24T18:20:49.174+0000][gc,start    ] GC(390) Pause Young (Normal) (G1 Evacuation Pause)
[2025-12-24T18:20:49.174+0000][gc,task     ] GC(390) Using 8 workers of 8 for evacuation
[2025-12-24T18:20:49.189+0000][gc,phases   ] GC(390)   Pre Evacuate Collection Set: 1.1ms
[2025-12-24T18:20:49.189+0000][gc,phases   ] GC(390)   Merge Heap Roots: 0.3ms
[2025-12-24T18:20:49.189+0000][gc,phases   ] GC(390)   Evacuate Collection Set: 11.3ms
[2025-12-24T18:20:49.189+0000][gc,phases   ] GC(390)   Post Evacuate Collection Set: 1.7ms
[2025-12-24T18:20:49.189+0000][gc,phases   ] GC(390)   Other: 0.2ms
[2025-12-24T18:20:49.189+0000][gc,heap     ] GC(390) Eden regions: 602->0(608)
[2025-12-24T18:20:49.189+0000][gc,heap     ] GC(390) Survivor regions: 12->6(77)
[2025-12-24T18:20:49.189+0000][gc,heap     ] GC(390) Old regions: 99->99
[2025-12-24T18:20:49.189+0000][gc,heap     ] GC(390) Humongous regions: 151->151
[2025-12-24T18:20:49.189+0000][gc,metaspace] GC(390) Metaspace: 15635K(16064K)->15635K(16064K) NonClass: 13997K(14144K)->13997K(14144K) Class: 1637K(1920K)->1637K(1920K)
[2025-12-24T18:20:49.189+0000][gc          ] GC(390) Pause Young (Normal) (G1 Evacuation Pause) 862M->255M(1024M) 15.648ms
[2025-12-24T18:20:49.189+0000][gc,cpu      ] GC(390) User=0.09s Sys=0.00s Real=0.01s
[2025-12-24T18:21:19.406+0000][gc,start    ] GC(391) Pause Young (Normal) (G1 Evacuation Pause)
[2025-12-24T18:21:19.407+0000][gc,task     ] GC(391) Using 8 workers of 8 for evacuation
[2025-12-24T18:21:19.419+0000][gc,phases   ] GC(391)   Pre Evacuate Collection Set: 1.3ms
[2025-12-24T18:21:19.419+0000][gc,phases   ] GC(391)   Merge Heap Roots: 0.2ms
[2025-12-24T18:21:19.419+0000][gc,phases   ] GC(391)   Evacuate Collection Set: 9.0ms
[2025-12-24T18:21:19.419+0000][gc,phases   ] GC(391)   Post Evacuate Collection Set: 1.1ms
[2025-12-24T18:21:19.419+0000][gc,phases   ] GC(391)   Other: 0.3ms
[2025-12-24T18:21:19.419+0000][gc,heap     ] GC(391) Eden regions: 608->0(607)
[2025-12-24T18:21:19.419+0000][gc,heap     ] GC(391) Survivor regions: 6->7(77)
[2025-12-24T18:21:19.419+0000][gc,heap     ] GC(391) Old regions: 99->99
[2025-12-24T18:21:19.419+0000][gc,heap     ] GC(391) Humongous regions: 151->151
[2025-12-24T18:21:19.419+0000][gc,metaspace] GC(391) Metaspace: 15635K(16064K)->15635K(16064K) NonClass: 13998K(14144K)->13998K(14144K) Class: 1637K(1920K)->1637K(1920K)
[2025-12-24T18:21:19.419+0000][gc          ] GC(391) Pause Young (Normal) (G1 Evacuation Pause) 863M->256M(1024M) 12.897ms
[2025-12-24T18:21:19.419+0000][gc,cpu      ] GC(391) User=0.08s Sys=0.00s Real=0.02s
[2025-12-24T18:21:59.110+0000][gc,start    ] GC(392) Pause Young (Normal) (G1 Evacuation Pause)
[2025-12-24T18:21:59.110+0000][gc,task     ] GC(392) Using 8 workers of 8 for evacuation
[2025-12-24T18:21:59.130+0000][gc,phases   ] GC(392)   Pre Evacuate Collection Set: 1.1ms
[2025-12-24T18:21:59.130+0000][gc,phases   ] GC(392)   Merge Heap Roots: 0.4ms
[2025-12-24T18:21:59.130+0000][gc,phases   ] GC(392)   Evacuate Collection Set: 16.3ms
[2025-12-24T18:21:59.130+0000][gc,phases   ] GC(392)   Post Evacuate Collection Set: 1.4ms
[2025-12-24T18:21:59.130+0000][gc,phases   ] GC(392)   Other: 0.4ms
[2025-12-24T18:21:59.130+0000][gc,heap     ] GC(392) Eden regions: 607->0(607)
[2025-12-24T18:21:59.130+0000][gc,heap     ] GC(392) Survivor regions: 7->7(77)
[2025-12-24T18:21:59.130+0000][gc,heap     ] GC(392) Old regions: 99->99
[2025-12-24T18:21:59.130+0000][gc,heap     ] GC(392) Humongous regions: 151->151
[2025-12-24T18:21:59.130+0000][gc,metaspace] GC(392) Metaspace: 15635K(16064K)->15635K(16064K) NonClass: 13998K(14144K)->13998K(14144K) Class: 1637K(1920K)->1637K(1920K)
[2025-12-24T18:21:59.130+0000][gc          ] GC(392) Pause Young (Normal) (G1 Evacuation Pause) 863M->256M(1024M) 20.932ms
[2025-12-24T18:21:59.131+0000][gc,cpu      ] GC(392) User=0.13s Sys=0.00s Real=0.02s
[2025-12-24T18:22:29.343+0000][gc,start    ] GC(393) Pause Young (Normal) (G1 Evacuation Pause)
[2025-12-24T18:22:29.344+0000][gc,task     ] GC(393) Using 8 workers of 8 for evacuation
[2025-12-24T18:22:29.358+0000][gc,phases   ] GC(393)   Pre Evacuate Collection Set: 1.1ms
[2025-12-24T18:22:29.358+0000][gc,phases   ] GC(393)   Merge Heap Roots: 0.2ms
[2025-12-24T18:22:29.359+0000][gc,phases   ] GC(393)   Evacuate Collection Set: 11.4ms
[2025-12-24T18:22:29.359+0000][gc,phases   ] GC(393)   Post Evacuate Collection Set: 1.2ms
[2025-12-24T18:22:29.359+0000][gc,phases   ] GC(393)   Other: 0.3ms
[2025-12-24T18:22:29.359+0000][gc,heap     ] GC(393) Eden regions: 607->0(606)
[2025-12-24T18:22:29.359+0000][gc,heap     ] GC(393) Survivor regions: 7->8(77)
[2025-12-24T18:22:29.359+0000][gc,heap     ] GC(393) Old regions: 99->100
[2025-12-24T18:22:29.359+0000][gc,heap     ] GC(393) Humongous regions: 151->151
[2025-12-24T18:22:29.359+0000][gc,metaspace] GC(393) Metaspace: 15635K(16064K)->15635K(16064K) NonClass: 13998K(14144K)->13998K(14144K) Class: 1637K(1920K)->1637K(1920K)
[2025-12-24T18:22:29.359+0000][gc          ] GC(393) Pause Young (Normal) (G1 Evacuation Pause) 863M->258M(1024M) 15.669ms
[2025-12-24T18:22:29.359+0000][gc,cpu      ] GC(393) User=0.09s Sys=0.01s Real=0.02s
[2025-12-24T18:23:09.034+0000][gc,start    ] GC(394) Pause Young (Normal) (G1 Evacuation Pause)
[2025-12-24T18:23:09.035+0000][gc,task     ] GC(394) Using 8 workers of 8 for evacuation
[2025-12-24T18:23:09.048+0000][gc,phases   ] GC(394)   Pre Evacuate Collection Set: 1.1ms
[2025-12-24T18:23:09.048+0000][gc,phases   ] GC(394)   Merge Heap Roots: 0.3ms
[2025-12-24T18:23:09.048+0000][gc,phases   ] GC(394)   Evacuate Collection Set: 7.7ms
[2025-12-24T18:23:09.048+0000][gc,phases   ] GC(394)   Post Evacuate Collection Set: 1.0ms
[2025-12-24T18:23:09.048+0000][gc,phases   ] GC(394)   Other: 2.2ms
[2025-12-24T18:23:09.048+0000][gc,heap     ] GC(394) Eden regions: 606->0(606)
[2025-12-24T18:23:09.048+0000][gc,heap     ] GC(394) Survivor regions: 8->8(77)
[2025-12-24T18:23:09.048+0000][gc,heap     ] GC(394) Old regions: 100->100
[2025-12-24T18:23:09.048+0000][gc,heap     ] GC(394) Humongous regions: 151->151
[2025-12-24T18:23:09.048+0000][gc,metaspace] GC(394) Metaspace: 15635K(16064K)->15635K(16064K) NonClass: 13998K(14144K)->13998K(14144K) Class: 1637K(1920K)->1637K(1920K)
[2025-12-24T18:23:09.049+0000][gc          ] GC(394) Pause Young (Normal) (G1 Evacuation Pause) 864M->257M(1024M) 14.182ms
[2025-12-24T18:23:09.049+0000][gc,cpu      ] GC(394) User=0.07s Sys=0.00s Real=0.01s
[2025-12-24T18:23:39.272+0000][gc,start    ] GC(395) Pause Young (Normal) (G1 Evacuation Pause)
[2025-12-24T18:23:39.273+0000][gc,task     ] GC(395) Using 8 workers of 8 for evacuation
[2025-12-24T18:23:39.298+0000][gc,phases   ] GC(395)   Pre Evacuate Collection Set: 3.5ms
[2025-12-24T18:23:39.298+0000][gc,phases   ] GC(395)   Merge Heap Roots: 1.1ms
[2025-12-24T18:23:39.298+0000][gc,phases   ] GC(395)   Evacuate Collection Set: 18.3ms
[2025-12-24T18:23:39.298+0000][gc,phases   ] GC(395)   Post Evacuate Collection Set: 1.7ms
[2025-12-24T18:23:39.298+0000][gc,phases   ] GC(395)   Other: 0.3ms
[2025-12-24T18:23:39.298+0000][gc,heap     ] GC(395) Eden regions: 606->0(605)
[2025-12-24T18:23:39.298+0000][gc,heap     ] GC(395) Survivor regions: 8->9(77)
[2025-12-24T18:23:39.298+0000][gc,heap     ] GC(395) Old regions: 100->100
[2025-12-24T18:23:39.298+0000][gc,heap     ] GC(395) Humongous regions: 151->151
[2025-12-24T18:23:39.298+0000][gc,metaspace] GC(395) Metaspace: 15635K(16064K)->15635K(16064K) NonClass: 13998K(14144K)->13998K(14144K) Class: 1637K(1920K)->1637K(1920K)
[2025-12-24T18:23:39.299+0000][gc          ] GC(395) Pause Young (Normal) (G1 Evacuation Pause) 863M->259M(1024M) 26.599ms
[2025-12-24T18:23:39.299+0000][gc,cpu      ] GC(395) User=0.15s Sys=0.00s Real=0.02s
[2025-12-24T18:24:09.489+0000][gc,start    ] GC(396) Pause Young (Normal) (G1 Evacuation Pause)
[2025-12-24T18:24:09.493+0000][gc,task     ] GC(396) Using 8 workers of 8 for evacuation
[2025-12-24T18:24:09.518+0000][gc,phases   ] GC(396)   Pre Evacuate Collection Set: 4.5ms
[2025-12-24T18:24:09.518+0000][gc,phases   ] GC(396)   Merge Heap Roots: 1.5ms
[2025-12-24T18:24:09.518+0000][gc,phases   ] GC(396)   Evacuate Collection Set: 16.1ms
[2025-12-24T18:24:09.518+0000][gc,phases   ] GC(396)   Post Evacuate Collection Set: 1.9ms
[2025-12-24T18:24:09.518+0000][gc,phases   ] GC(396)   Other: 0.8ms
[2025-12-24T18:24:09.518+0000][gc,heap     ] GC(396) Eden regions: 605->0(603)
[2025-12-24T18:24:09.518+0000][gc,heap     ] GC(396) Survivor regions: 9->11(77)
[2025-12-24T18:24:09.518+0000][gc,heap     ] GC(396) Old regions: 100->100
[2025-12-24T18:24:09.518+0000][gc,heap     ] GC(396) Humongous regions: 151->151
[2025-12-24T18:24:09.518+0000][gc,metaspace] GC(396) Metaspace: 15635K(16064K)->15635K(16064K) NonClass: 13998K(14144K)->13998K(14144K) Class: 1637K(1920K)->1637K(1920K)
[2025-12-24T18:24:09.518+0000][gc          ] GC(396) Pause Young (Normal) (G1 Evacuation Pause) 864M->261M(1024M) 28.737ms
[2025-12-24T18:24:09.518+0000][gc,cpu      ] GC(396) User=0.15s Sys=0.00s Real=0.02s
[2025-12-24T18:24:49.187+0000][gc,start    ] GC(397) Pause Young (Normal) (G1 Evacuation Pause)
[2025-12-24T18:24:49.188+0000][gc,task     ] GC(397) Using 8 workers of 8 for evacuation
[2025-12-24T18:24:49.204+0000][gc,phases   ] GC(397)   Pre Evacuate Collection Set: 1.5ms
[2025-12-24T18:24:49.204+0000][gc,phases   ] GC(397)   Merge Heap Roots: 0.3ms
[2025-12-24T18:24:49.204+0000][gc,phases   ] GC(397)   Evacuate Collection Set: 12.2ms
[2025-12-24T18:24:49.204+0000][gc,phases   ] GC(397)   Post Evacuate Collection Set: 1.5ms
[2025-12-24T18:24:49.204+0000][gc,phases   ] GC(397)   Other: 0.4ms
[2025-12-24T18:24:49.204+0000][gc,heap     ] GC(397) Eden regions: 603->0(608)
[2025-12-24T18:24:49.204+0000][gc,heap     ] GC(397) Survivor regions: 11->6(77)
[2025-12-24T18:24:49.204+0000][gc,heap     ] GC(397) Old regions: 100->100
[2025-12-24T18:24:49.204+0000][gc,heap     ] GC(397) Humongous regions: 151->151
[2025-12-24T18:24:49.204+0000][gc,metaspace] GC(397) Metaspace: 15635K(16064K)->15635K(16064K) NonClass: 13998K(14144K)->13998K(14144K) Class: 1637K(1920K)->1637K(1920K)
[2025-12-24T18:24:49.204+0000][gc          ] GC(397) Pause Young (Normal) (G1 Evacuation Pause) 864M->256M(1024M) 17.265ms
[2025-12-24T18:24:49.204+0000][gc,cpu      ] GC(397) User=0.09s Sys=0.01s Real=0.01s
[2025-12-24T18:25:19.601+0000][gc,start    ] GC(398) Pause Young (Normal) (G1 Evacuation Pause)
[2025-12-24T18:25:19.602+0000][gc,task     ] GC(398) Using 8 workers of 8 for evacuation
[2025-12-24T18:25:19.626+0000][gc,phases   ] GC(398)   Pre Evacuate Collection Set: 2.5ms
[2025-12-24T18:25:19.627+0000][gc,phases   ] GC(398)   Merge Heap Roots: 0.5ms
[2025-12-24T18:25:19.627+0000][gc,phases   ] GC(398)   Evacuate Collection Set: 19.4ms
[2025-12-24T18:25:19.627+0000][gc,phases   ] GC(398)   Post Evacuate Collection Set: 1.6ms
[2025-12-24T18:25:19.627+0000][gc,phases   ] GC(398)   Other: 1.0ms
[2025-12-24T18:25:19.627+0000][gc,heap     ] GC(398) Eden regions: 608->0(607)
[2025-12-24T18:25:19.627+0000][gc,heap     ] GC(398) Survivor regions: 6->7(77)
[2025-12-24T18:25:19.627+0000][gc,heap     ] GC(398) Old regions: 100->101
[2025-12-24T18:25:19.627+0000][gc,heap     ] GC(398) Humongous regions: 151->151
[2025-12-24T18:25:19.627+0000][gc,metaspace] GC(398) Metaspace: 15635K(16064K)->15635K(16064K) NonClass: 13998K(14144K)->13998K(14144K) Class: 1637K(1920K)->1637K(1920K)
[2025-12-24T18:25:19.627+0000][gc          ] GC(398) Pause Young (Normal) (G1 Evacuation Pause) 864M->258M(1024M) 26.335ms
[2025-12-24T18:25:19.627+0000][gc,cpu      ] GC(398) User=0.15s Sys=0.01s Real=0.03s
[2025-12-24T18:25:59.131+0000][gc,start    ] GC(399) Pause Young (Normal) (G1 Evacuation Pause)
[2025-12-24T18:25:59.132+0000][gc,task     ] GC(399) Using 8 workers of 8 for evacuation
[2025-12-24T18:25:59.153+0000][gc,phases   ] GC(399)   Pre Evacuate Collection Set: 1.6ms
[2025-12-24T18:25:59.153+0000][gc,phases   ] GC(399)   Merge Heap Roots: 0.3ms
[2025-12-24T18:25:59.153+0000][gc,phases   ] GC(399)   Evacuate Collection Set: 14.0ms
[2025-12-24T18:25:59.154+0000][gc,phases   ] GC(399)   Post Evacuate Collection Set: 4.9ms
[2025-12-24T18:25:59.154+0000][gc,phases   ] GC(399)   Other: 0.4ms
[2025-12-24T18:25:59.154+0000][gc,heap     ] GC(399) Eden regions: 607->0(607)
[2025-12-24T18:25:59.154+0000][gc,heap     ] GC(399) Survivor regions: 7->7(77)
[2025-12-24T18:25:59.154+0000][gc,heap     ] GC(399) Old regions: 101->101
[2025-12-24T18:25:59.154+0000][gc,heap     ] GC(399) Humongous regions: 151->151
[2025-12-24T18:25:59.154+0000][gc,metaspace] GC(399) Metaspace: 15635K(16064K)->15635K(16064K) NonClass: 13998K(14144K)->13998K(14144K) Class: 1637K(1920K)->1637K(1920K)
[2025-12-24T18:25:59.154+0000][gc          ] GC(399) Pause Young (Normal) (G1 Evacuation Pause) 865M->257M(1024M) 23.059ms
[2025-12-24T18:25:59.154+0000][gc,cpu      ] GC(399) User=0.12s Sys=0.01s Real=0.03s
[2025-12-24T18:26:29.355+0000][gc,start    ] GC(400) Pause Young (Normal) (G1 Evacuation Pause)
[2025-12-24T18:26:29.355+0000][gc,task     ] GC(400) Using 8 workers of 8 for evacuation
[2025-12-24T18:26:29.377+0000][gc,phases   ] GC(400)   Pre Evacuate Collection Set: 1.1ms
[2025-12-24T18:26:29.377+0000][gc,phases   ] GC(400)   Merge Heap Roots: 0.3ms
[2025-12-24T18:26:29.377+0000][gc,phases   ] GC(400)   Evacuate Collection Set: 18.1ms
[2025-12-24T18:26:29.377+0000][gc,phases   ] GC(400)   Post Evacuate Collection Set: 1.7ms
[2025-12-24T18:26:29.377+0000][gc,phases   ] GC(400)   Other: 0.3ms
[2025-12-24T18:26:29.377+0000][gc,heap     ] GC(400) Eden regions: 607->0(606)
[2025-12-24T18:26:29.378+0000][gc,heap     ] GC(400) Survivor regions: 7->8(77)
[2025-12-24T18:26:29.378+0000][gc,heap     ] GC(400) Old regions: 101->101
[2025-12-24T18:26:29.378+0000][gc,heap     ] GC(400) Humongous regions: 151->151
[2025-12-24T18:26:29.378+0000][gc,metaspace] GC(400) Metaspace: 15635K(16064K)->15635K(16064K) NonClass: 13998K(14144K)->13998K(14144K) Class: 1637K(1920K)->1637K(1920K)
[2025-12-24T18:26:29.378+0000][gc          ] GC(400) Pause Young (Normal) (G1 Evacuation Pause) 864M->259M(1024M) 23.011ms
[2025-12-24T18:26:29.378+0000][gc,cpu      ] GC(400) User=0.14s Sys=0.01s Real=0.02s
[2025-12-24T18:27:09.029+0000][gc,start    ] GC(401) Pause Young (Normal) (G1 Evacuation Pause)
[2025-12-24T18:27:09.030+0000][gc,task     ] GC(401) Using 8 workers of 8 for evacuation
[2025-12-24T18:27:09.048+0000][gc,phases   ] GC(401)   Pre Evacuate Collection Set: 1.2ms
[2025-12-24T18:27:09.048+0000][gc,phases   ] GC(401)   Merge Heap Roots: 0.3ms
[2025-12-24T18:27:09.048+0000][gc,phases   ] GC(401)   Evacuate Collection Set: 13.8ms
[2025-12-24T18:27:09.048+0000][gc,phases   ] GC(401)   Post Evacuate Collection Set: 1.9ms
[2025-12-24T18:27:09.048+0000][gc,phases   ] GC(401)   Other: 0.4ms
[2025-12-24T18:27:09.048+0000][gc,heap     ] GC(401) Eden regions: 606->0(606)
[2025-12-24T18:27:09.048+0000][gc,heap     ] GC(401) Survivor regions: 8->8(77)
[2025-12-24T18:27:09.048+0000][gc,heap     ] GC(401) Old regions: 101->101
[2025-12-24T18:27:09.048+0000][gc,heap     ] GC(401) Humongous regions: 151->151
[2025-12-24T18:27:09.048+0000][gc,metaspace] GC(401) Metaspace: 15637K(16064K)->15637K(16064K) NonClass: 14000K(14144K)->14000K(14144K) Class: 1637K(1920K)->1637K(1920K)
[2025-12-24T18:27:09.048+0000][gc          ] GC(401) Pause Young (Normal) (G1 Evacuation Pause) 865M->259M(1024M) 19.027ms
[2025-12-24T18:27:09.049+0000][gc,cpu      ] GC(401) User=0.11s Sys=0.00s Real=0.01s
[2025-12-24T18:27:39.307+0000][gc,start    ] GC(402) Pause Young (Normal) (G1 Evacuation Pause)
[2025-12-24T18:27:39.308+0000][gc,task     ] GC(402) Using 8 workers of 8 for evacuation
[2025-12-24T18:27:39.333+0000][gc,phases   ] GC(402)   Pre Evacuate Collection Set: 4.5ms
[2025-12-24T18:27:39.333+0000][gc,phases   ] GC(402)   Merge Heap Roots: 1.5ms
[2025-12-24T18:27:39.333+0000][gc,phases   ] GC(402)   Evacuate Collection Set: 16.1ms
[2025-12-24T18:27:39.333+0000][gc,phases   ] GC(402)   Post Evacuate Collection Set: 1.5ms
[2025-12-24T18:27:39.333+0000][gc,phases   ] GC(402)   Other: 1.1ms
[2025-12-24T18:27:39.333+0000][gc,heap     ] GC(402) Eden regions: 606->0(605)
[2025-12-24T18:27:39.333+0000][gc,heap     ] GC(402) Survivor regions: 8->9(77)
[2025-12-24T18:27:39.333+0000][gc,heap     ] GC(402) Old regions: 101->102
[2025-12-24T18:27:39.333+0000][gc,heap     ] GC(402) Humongous regions: 151->151
[2025-12-24T18:27:39.333+0000][gc,metaspace] GC(402) Metaspace: 15637K(16064K)->15637K(16064K) NonClass: 14000K(14144K)->14000K(14144K) Class: 1637K(1920K)->1637K(1920K)
[2025-12-24T18:27:39.333+0000][gc          ] GC(402) Pause Young (Normal) (G1 Evacuation Pause) 865M->260M(1024M) 26.060ms
[2025-12-24T18:27:39.334+0000][gc,cpu      ] GC(402) User=0.16s Sys=0.00s Real=0.03s
[2025-12-24T18:28:15.561+0000][gc,start    ] GC(403) Pause Young (Normal) (G1 Evacuation Pause)
[2025-12-24T18:28:15.562+0000][gc,task     ] GC(403) Using 8 workers of 8 for evacuation
[2025-12-24T18:28:15.586+0000][gc,phases   ] GC(403)   Pre Evacuate Collection Set: 7.2ms
[2025-12-24T18:28:15.586+0000][gc,phases   ] GC(403)   Merge Heap Roots: 0.4ms
[2025-12-24T18:28:15.586+0000][gc,phases   ] GC(403)   Evacuate Collection Set: 14.5ms
[2025-12-24T18:28:15.586+0000][gc,phases   ] GC(403)   Post Evacuate Collection Set: 1.6ms
[2025-12-24T18:28:15.587+0000][gc,phases   ] GC(403)   Other: 0.5ms
[2025-12-24T18:28:15.587+0000][gc,heap     ] GC(403) Eden regions: 605->0(606)
[2025-12-24T18:28:15.587+0000][gc,heap     ] GC(403) Survivor regions: 9->8(77)
[2025-12-24T18:28:15.587+0000][gc,heap     ] GC(403) Old regions: 102->102
[2025-12-24T18:28:15.587+0000][gc,heap     ] GC(403) Humongous regions: 151->151
[2025-12-24T18:28:15.587+0000][gc,metaspace] GC(403) Metaspace: 15637K(16064K)->15637K(16064K) NonClass: 14000K(14144K)->14000K(14144K) Class: 1637K(1920K)->1637K(1920K)
[2025-12-24T18:28:15.587+0000][gc          ] GC(403) Pause Young (Normal) (G1 Evacuation Pause) 865M->260M(1024M) 25.682ms
[2025-12-24T18:28:15.587+0000][gc,cpu      ] GC(403) User=0.12s Sys=0.00s Real=0.03s
[2025-12-24T18:28:49.214+0000][gc,start    ] GC(404) Pause Young (Normal) (G1 Evacuation Pause)
[2025-12-24T18:28:49.214+0000][gc,task     ] GC(404) Using 8 workers of 8 for evacuation
[2025-12-24T18:28:49.227+0000][gc,phases   ] GC(404)   Pre Evacuate Collection Set: 1.4ms
[2025-12-24T18:28:49.227+0000][gc,phases   ] GC(404)   Merge Heap Roots: 0.3ms
[2025-12-24T18:28:49.227+0000][gc,phases   ] GC(404)   Evacuate Collection Set: 10.1ms
[2025-12-24T18:28:49.227+0000][gc,phases   ] GC(404)   Post Evacuate Collection Set: 1.2ms
[2025-12-24T18:28:49.228+0000][gc,phases   ] GC(404)   Other: 0.2ms
[2025-12-24T18:28:49.228+0000][gc,heap     ] GC(404) Eden regions: 606->0(608)
[2025-12-24T18:28:49.228+0000][gc,heap     ] GC(404) Survivor regions: 8->6(77)
[2025-12-24T18:28:49.228+0000][gc,heap     ] GC(404) Old regions: 102->102
[2025-12-24T18:28:49.228+0000][gc,heap     ] GC(404) Humongous regions: 151->151
[2025-12-24T18:28:49.228+0000][gc,metaspace] GC(404) Metaspace: 15637K(16064K)->15637K(16064K) NonClass: 14000K(14144K)->14000K(14144K) Class: 1637K(1920K)->1637K(1920K)
[2025-12-24T18:28:49.228+0000][gc          ] GC(404) Pause Young (Normal) (G1 Evacuation Pause) 866M->258M(1024M) 14.387ms
[2025-12-24T18:28:49.228+0000][gc,cpu      ] GC(404) User=0.08s Sys=0.00s Real=0.01s
[2025-12-24T18:29:19.440+0000][gc,start    ] GC(405) Pause Young (Normal) (G1 Evacuation Pause)
[2025-12-24T18:29:19.441+0000][gc,task     ] GC(405) Using 8 workers of 8 for evacuation
[2025-12-24T18:29:19.462+0000][gc,phases   ] GC(405)   Pre Evacuate Collection Set: 1.2ms
[2025-12-24T18:29:19.462+0000][gc,phases   ] GC(405)   Merge Heap Roots: 0.3ms
[2025-12-24T18:29:19.462+0000][gc,phases   ] GC(405)   Evacuate Collection Set: 18.2ms
[2025-12-24T18:29:19.462+0000][gc,phases   ] GC(405)   Post Evacuate Collection Set: 1.1ms
[2025-12-24T18:29:19.462+0000][gc,phases   ] GC(405)   Other: 0.3ms
[2025-12-24T18:29:19.462+0000][gc,heap     ] GC(405) Eden regions: 608->0(607)
[2025-12-24T18:29:19.462+0000][gc,heap     ] GC(405) Survivor regions: 6->7(77)
[2025-12-24T18:29:19.462+0000][gc,heap     ] GC(405) Old regions: 102->102
[2025-12-24T18:29:19.462+0000][gc,heap     ] GC(405) Humongous regions: 151->151
[2025-12-24T18:29:19.462+0000][gc,metaspace] GC(405) Metaspace: 15637K(16064K)->15637K(16064K) NonClass: 14000K(14144K)->14000K(14144K) Class: 1637K(1920K)->1637K(1920K)
[2025-12-24T18:29:19.462+0000][gc          ] GC(405) Pause Young (Normal) (G1 Evacuation Pause) 866M->259M(1024M) 22.167ms
[2025-12-24T18:29:19.462+0000][gc,cpu      ] GC(405) User=0.13s Sys=0.00s Real=0.03s
[2025-12-24T18:29:59.282+0000][gc,start    ] GC(406) Pause Young (Normal) (G1 Evacuation Pause)
[2025-12-24T18:29:59.282+0000][gc,task     ] GC(406) Using 8 workers of 8 for evacuation
[2025-12-24T18:29:59.297+0000][gc,phases   ] GC(406)   Pre Evacuate Collection Set: 1.6ms
[2025-12-24T18:29:59.297+0000][gc,phases   ] GC(406)   Merge Heap Roots: 0.4ms
[2025-12-24T18:29:59.297+0000][gc,phases   ] GC(406)   Evacuate Collection Set: 10.6ms
[2025-12-24T18:29:59.297+0000][gc,phases   ] GC(406)   Post Evacuate Collection Set: 1.8ms
[2025-12-24T18:29:59.297+0000][gc,phases   ] GC(406)   Other: 0.2ms
[2025-12-24T18:29:59.297+0000][gc,heap     ] GC(406) Eden regions: 607->0(608)
[2025-12-24T18:29:59.297+0000][gc,heap     ] GC(406) Survivor regions: 7->6(77)
[2025-12-24T18:29:59.297+0000][gc,heap     ] GC(406) Old regions: 102->103
[2025-12-24T18:29:59.297+0000][gc,heap     ] GC(406) Humongous regions: 151->151
[2025-12-24T18:29:59.297+0000][gc,metaspace] GC(406) Metaspace: 15637K(16064K)->15637K(16064K) NonClass: 14000K(14144K)->14000K(14144K) Class: 1637K(1920K)->1637K(1920K)
[2025-12-24T18:29:59.297+0000][gc          ] GC(406) Pause Young (Normal) (G1 Evacuation Pause) 866M->259M(1024M) 15.731ms
[2025-12-24T18:29:59.297+0000][gc,cpu      ] GC(406) User=0.09s Sys=0.00s Real=0.01s
[2025-12-24T18:30:29.398+0000][gc,start    ] GC(407) Pause Young (Normal) (G1 Evacuation Pause)
[2025-12-24T18:30:29.399+0000][gc,task     ] GC(407) Using 8 workers of 8 for evacuation
[2025-12-24T18:30:29.412+0000][gc,phases   ] GC(407)   Pre Evacuate Collection Set: 2.8ms
[2025-12-24T18:30:29.413+0000][gc,phases   ] GC(407)   Merge Heap Roots: 0.6ms
[2025-12-24T18:30:29.413+0000][gc,phases   ] GC(407)   Evacuate Collection Set: 9.2ms
[2025-12-24T18:30:29.413+0000][gc,phases   ] GC(407)   Post Evacuate Collection Set: 1.0ms
[2025-12-24T18:30:29.413+0000][gc,phases   ] GC(407)   Other: 0.3ms
[2025-12-24T18:30:29.413+0000][gc,heap     ] GC(407) Eden regions: 608->0(606)
[2025-12-24T18:30:29.413+0000][gc,heap     ] GC(407) Survivor regions: 6->8(77)
[2025-12-24T18:30:29.413+0000][gc,heap     ] GC(407) Old regions: 103->103
[2025-12-24T18:30:29.413+0000][gc,heap     ] GC(407) Humongous regions: 151->151
[2025-12-24T18:30:29.413+0000][gc,metaspace] GC(407) Metaspace: 15637K(16064K)->15637K(16064K) NonClass: 14000K(14144K)->14000K(14144K) Class: 1637K(1920K)->1637K(1920K)
[2025-12-24T18:30:29.413+0000][gc          ] GC(407) Pause Young (Normal) (G1 Evacuation Pause) 867M->261M(1024M) 15.088ms
[2025-12-24T18:30:29.413+0000][gc,cpu      ] GC(407) User=0.08s Sys=0.00s Real=0.01s
[2025-12-24T18:31:09.039+0000][gc,start    ] GC(408) Pause Young (Normal) (G1 Evacuation Pause)
[2025-12-24T18:31:09.039+0000][gc,task     ] GC(408) Using 8 workers of 8 for evacuation
[2025-12-24T18:31:09.053+0000][gc,phases   ] GC(408)   Pre Evacuate Collection Set: 1.2ms
[2025-12-24T18:31:09.053+0000][gc,phases   ] GC(408)   Merge Heap Roots: 0.2ms
[2025-12-24T18:31:09.053+0000][gc,phases   ] GC(408)   Evacuate Collection Set: 11.4ms
[2025-12-24T18:31:09.053+0000][gc,phases   ] GC(408)   Post Evacuate Collection Set: 1.1ms
[2025-12-24T18:31:09.053+0000][gc,phases   ] GC(408)   Other: 0.2ms
[2025-12-24T18:31:09.054+0000][gc,heap     ] GC(408) Eden regions: 606->0(606)
[2025-12-24T18:31:09.054+0000][gc,heap     ] GC(408) Survivor regions: 8->8(77)
[2025-12-24T18:31:09.054+0000][gc,heap     ] GC(408) Old regions: 103->103
[2025-12-24T18:31:09.054+0000][gc,heap     ] GC(408) Humongous regions: 151->151
[2025-12-24T18:31:09.054+0000][gc,metaspace] GC(408) Metaspace: 15637K(16064K)->15637K(16064K) NonClass: 14000K(14144K)->14000K(14144K) Class: 1637K(1920K)->1637K(1920K)
[2025-12-24T18:31:09.054+0000][gc          ] GC(408) Pause Young (Normal) (G1 Evacuation Pause) 867M->260M(1024M) 15.329ms
[2025-12-24T18:31:09.054+0000][gc,cpu      ] GC(408) User=0.09s Sys=0.00s Real=0.01s
[2025-12-24T18:31:39.299+0000][gc,start    ] GC(409) Pause Young (Normal) (G1 Evacuation Pause)
[2025-12-24T18:31:39.299+0000][gc,task     ] GC(409) Using 8 workers of 8 for evacuation
[2025-12-24T18:31:39.314+0000][gc,phases   ] GC(409)   Pre Evacuate Collection Set: 1.6ms
[2025-12-24T18:31:39.314+0000][gc,phases   ] GC(409)   Merge Heap Roots: 0.5ms
[2025-12-24T18:31:39.315+0000][gc,phases   ] GC(409)   Evacuate Collection Set: 11.6ms
[2025-12-24T18:31:39.315+0000][gc,phases   ] GC(409)   Post Evacuate Collection Set: 1.1ms
[2025-12-24T18:31:39.315+0000][gc,phases   ] GC(409)   Other: 0.2ms
[2025-12-24T18:31:39.315+0000][gc,heap     ] GC(409) Eden regions: 606->0(605)
[2025-12-24T18:31:39.315+0000][gc,heap     ] GC(409) Survivor regions: 8->9(77)
[2025-12-24T18:31:39.315+0000][gc,heap     ] GC(409) Old regions: 103->103
[2025-12-24T18:31:39.315+0000][gc,heap     ] GC(409) Humongous regions: 151->151
[2025-12-24T18:31:39.315+0000][gc,metaspace] GC(409) Metaspace: 15637K(16064K)->15637K(16064K) NonClass: 14000K(14144K)->14000K(14144K) Class: 1637K(1920K)->1637K(1920K)
[2025-12-24T18:31:39.315+0000][gc          ] GC(409) Pause Young (Normal) (G1 Evacuation Pause) 866M->262M(1024M) 16.155ms
[2025-12-24T18:31:39.315+0000][gc,cpu      ] GC(409) User=0.09s Sys=0.00s Real=0.02s
[2025-12-24T18:32:18.948+0000][gc,start    ] GC(410) Pause Young (Normal) (G1 Evacuation Pause)
[2025-12-24T18:32:18.948+0000][gc,task     ] GC(410) Using 8 workers of 8 for evacuation
[2025-12-24T18:32:18.978+0000][gc,phases   ] GC(410)   Pre Evacuate Collection Set: 1.4ms
[2025-12-24T18:32:18.978+0000][gc,phases   ] GC(410)   Merge Heap Roots: 0.3ms
[2025-12-24T18:32:18.979+0000][gc,phases   ] GC(410)   Evacuate Collection Set: 26.4ms
[2025-12-24T18:32:18.979+0000][gc,phases   ] GC(410)   Post Evacuate Collection Set: 1.5ms
[2025-12-24T18:32:18.979+0000][gc,phases   ] GC(410)   Other: 0.4ms
[2025-12-24T18:32:18.979+0000][gc,heap     ] GC(410) Eden regions: 605->0(606)
[2025-12-24T18:32:18.979+0000][gc,heap     ] GC(410) Survivor regions: 9->8(77)
[2025-12-24T18:32:18.979+0000][gc,heap     ] GC(410) Old regions: 103->103
[2025-12-24T18:32:18.979+0000][gc,heap     ] GC(410) Humongous regions: 151->151
[2025-12-24T18:32:18.979+0000][gc,metaspace] GC(410) Metaspace: 15637K(16064K)->15637K(16064K) NonClass: 14000K(14144K)->14000K(14144K) Class: 1637K(1920K)->1637K(1920K)
[2025-12-24T18:32:18.979+0000][gc          ] GC(410) Pause Young (Normal) (G1 Evacuation Pause) 867M->261M(1024M) 31.491ms
[2025-12-24T18:32:18.979+0000][gc,cpu      ] GC(410) User=0.14s Sys=0.00s Real=0.03s
[2025-12-24T18:32:49.209+0000][gc,start    ] GC(411) Pause Young (Normal) (G1 Evacuation Pause)
[2025-12-24T18:32:49.210+0000][gc,task     ] GC(411) Using 8 workers of 8 for evacuation
[2025-12-24T18:32:49.220+0000][gc,phases   ] GC(411)   Pre Evacuate Collection Set: 1.2ms
[2025-12-24T18:32:49.221+0000][gc,phases   ] GC(411)   Merge Heap Roots: 0.3ms
[2025-12-24T18:32:49.221+0000][gc,phases   ] GC(411)   Evacuate Collection Set: 6.7ms
[2025-12-24T18:32:49.221+0000][gc,phases   ] GC(411)   Post Evacuate Collection Set: 2.2ms
[2025-12-24T18:32:49.221+0000][gc,phases   ] GC(411)   Other: 0.2ms
[2025-12-24T18:32:49.221+0000][gc,heap     ] GC(411) Eden regions: 606->0(608)
[2025-12-24T18:32:49.221+0000][gc,heap     ] GC(411) Survivor regions: 8->6(77)
[2025-12-24T18:32:49.221+0000][gc,heap     ] GC(411) Old regions: 103->104
[2025-12-24T18:32:49.221+0000][gc,heap     ] GC(411) Humongous regions: 151->151
[2025-12-24T18:32:49.221+0000][gc,metaspace] GC(411) Metaspace: 15637K(16064K)->15637K(16064K) NonClass: 14000K(14144K)->14000K(14144K) Class: 1637K(1920K)->1637K(1920K)
[2025-12-24T18:32:49.221+0000][gc          ] GC(411) Pause Young (Normal) (G1 Evacuation Pause) 867M->259M(1024M) 11.730ms
[2025-12-24T18:32:49.221+0000][gc,cpu      ] GC(411) User=0.06s Sys=0.01s Real=0.02s
[2025-12-24T18:33:19.483+0000][gc,start    ] GC(412) Pause Young (Normal) (G1 Evacuation Pause)
[2025-12-24T18:33:19.484+0000][gc,task     ] GC(412) Using 8 workers of 8 for evacuation
[2025-12-24T18:33:19.495+0000][gc,phases   ] GC(412)   Pre Evacuate Collection Set: 1.1ms
[2025-12-24T18:33:19.496+0000][gc,phases   ] GC(412)   Merge Heap Roots: 0.3ms
[2025-12-24T18:33:19.496+0000][gc,phases   ] GC(412)   Evacuate Collection Set: 9.2ms
[2025-12-24T18:33:19.496+0000][gc,phases   ] GC(412)   Post Evacuate Collection Set: 1.1ms
[2025-12-24T18:33:19.496+0000][gc,phases   ] GC(412)   Other: 0.2ms
[2025-12-24T18:33:19.496+0000][gc,heap     ] GC(412) Eden regions: 608->0(607)
[2025-12-24T18:33:19.496+0000][gc,heap     ] GC(412) Survivor regions: 6->7(77)
[2025-12-24T18:33:19.496+0000][gc,heap     ] GC(412) Old regions: 104->104
[2025-12-24T18:33:19.496+0000][gc,heap     ] GC(412) Humongous regions: 151->151
[2025-12-24T18:33:19.496+0000][gc,metaspace] GC(412) Metaspace: 15637K(16064K)->15637K(16064K) NonClass: 14000K(14144K)->14000K(14144K) Class: 1637K(1920K)->1637K(1920K)
[2025-12-24T18:33:19.496+0000][gc          ] GC(412) Pause Young (Normal) (G1 Evacuation Pause) 867M->260M(1024M) 12.982ms
[2025-12-24T18:33:19.496+0000][gc,cpu      ] GC(412) User=0.08s Sys=0.00s Real=0.01s
[2025-12-24T18:33:59.197+0000][gc,start    ] GC(413) Pause Young (Normal) (G1 Evacuation Pause)
[2025-12-24T18:33:59.198+0000][gc,task     ] GC(413) Using 8 workers of 8 for evacuation
[2025-12-24T18:33:59.218+0000][gc,phases   ] GC(413)   Pre Evacuate Collection Set: 2.0ms
[2025-12-24T18:33:59.218+0000][gc,phases   ] GC(413)   Merge Heap Roots: 0.5ms
[2025-12-24T18:33:59.218+0000][gc,phases   ] GC(413)   Evacuate Collection Set: 15.5ms
[2025-12-24T18:33:59.218+0000][gc,phases   ] GC(413)   Post Evacuate Collection Set: 2.1ms
[2025-12-24T18:33:59.218+0000][gc,phases   ] GC(413)   Other: 0.4ms
[2025-12-24T18:33:59.218+0000][gc,heap     ] GC(413) Eden regions: 607->0(608)
[2025-12-24T18:33:59.218+0000][gc,heap     ] GC(413) Survivor regions: 7->6(77)
[2025-12-24T18:33:59.219+0000][gc,heap     ] GC(413) Old regions: 104->104
[2025-12-24T18:33:59.219+0000][gc,heap     ] GC(413) Humongous regions: 151->151
[2025-12-24T18:33:59.219+0000][gc,metaspace] GC(413) Metaspace: 15637K(16064K)->15637K(16064K) NonClass: 14000K(14144K)->14000K(14144K) Class: 1637K(1920K)->1637K(1920K)
[2025-12-24T18:33:59.219+0000][gc          ] GC(413) Pause Young (Normal) (G1 Evacuation Pause) 867M->260M(1024M) 22.208ms
[2025-12-24T18:33:59.219+0000][gc,cpu      ] GC(413) User=0.12s Sys=0.00s Real=0.03s
[2025-12-24T18:34:29.384+0000][gc,start    ] GC(414) Pause Young (Normal) (G1 Evacuation Pause)
[2025-12-24T18:34:29.384+0000][gc,task     ] GC(414) Using 8 workers of 8 for evacuation
[2025-12-24T18:34:29.396+0000][gc,phases   ] GC(414)   Pre Evacuate Collection Set: 1.2ms
[2025-12-24T18:34:29.396+0000][gc,phases   ] GC(414)   Merge Heap Roots: 0.2ms
[2025-12-24T18:34:29.397+0000][gc,phases   ] GC(414)   Evacuate Collection Set: 9.4ms
[2025-12-24T18:34:29.397+0000][gc,phases   ] GC(414)   Post Evacuate Collection Set: 1.0ms
[2025-12-24T18:34:29.397+0000][gc,phases   ] GC(414)   Other: 0.2ms
[2025-12-24T18:34:29.397+0000][gc,heap     ] GC(414) Eden regions: 608->0(606)
[2025-12-24T18:34:29.397+0000][gc,heap     ] GC(414) Survivor regions: 6->8(77)
[2025-12-24T18:34:29.397+0000][gc,heap     ] GC(414) Old regions: 104->104
[2025-12-24T18:34:29.397+0000][gc,heap     ] GC(414) Humongous regions: 151->151
[2025-12-24T18:34:29.397+0000][gc,metaspace] GC(414) Metaspace: 15637K(16064K)->15637K(16064K) NonClass: 14000K(14144K)->14000K(14144K) Class: 1637K(1920K)->1637K(1920K)
[2025-12-24T18:34:29.397+0000][gc          ] GC(414) Pause Young (Normal) (G1 Evacuation Pause) 868M->262M(1024M) 13.028ms
[2025-12-24T18:34:29.397+0000][gc,cpu      ] GC(414) User=0.08s Sys=0.00s Real=0.01s
[2025-12-24T18:35:09.056+0000][gc,start    ] GC(415) Pause Young (Normal) (G1 Evacuation Pause)
[2025-12-24T18:35:09.057+0000][gc,task     ] GC(415) Using 8 workers of 8 for evacuation
[2025-12-24T18:35:09.089+0000][gc,phases   ] GC(415)   Pre Evacuate Collection Set: 4.4ms
[2025-12-24T18:35:09.089+0000][gc,phases   ] GC(415)   Merge Heap Roots: 0.5ms
[2025-12-24T18:35:09.089+0000][gc,phases   ] GC(415)   Evacuate Collection Set: 25.4ms
[2025-12-24T18:35:09.089+0000][gc,phases   ] GC(415)   Post Evacuate Collection Set: 1.7ms
[2025-12-24T18:35:09.089+0000][gc,phases   ] GC(415)   Other: 0.3ms
[2025-12-24T18:35:09.090+0000][gc,heap     ] GC(415) Eden regions: 606->0(607)
[2025-12-24T18:35:09.090+0000][gc,heap     ] GC(415) Survivor regions: 8->7(77)
[2025-12-24T18:35:09.090+0000][gc,heap     ] GC(415) Old regions: 104->105
[2025-12-24T18:35:09.090+0000][gc,heap     ] GC(415) Humongous regions: 151->151
[2025-12-24T18:35:09.090+0000][gc,metaspace] GC(415) Metaspace: 15637K(16064K)->15637K(16064K) NonClass: 14000K(14144K)->14000K(14144K) Class: 1637K(1920K)->1637K(1920K)
[2025-12-24T18:35:09.090+0000][gc          ] GC(415) Pause Young (Normal) (G1 Evacuation Pause) 868M->262M(1024M) 33.748ms
[2025-12-24T18:35:09.090+0000][gc,cpu      ] GC(415) User=0.14s Sys=0.04s Real=0.04s
[2025-12-24T18:35:44.607+0000][gc,start    ] GC(416) Pause Young (Normal) (G1 Evacuation Pause)
[2025-12-24T18:35:44.608+0000][gc,task     ] GC(416) Using 8 workers of 8 for evacuation
[2025-12-24T18:35:44.631+0000][gc,phases   ] GC(416)   Pre Evacuate Collection Set: 1.6ms
[2025-12-24T18:35:44.632+0000][gc,phases   ] GC(416)   Merge Heap Roots: 0.5ms
[2025-12-24T18:35:44.632+0000][gc,phases   ] GC(416)   Evacuate Collection Set: 15.9ms
[2025-12-24T18:35:44.632+0000][gc,phases   ] GC(416)   Post Evacuate Collection Set: 4.6ms
[2025-12-24T18:35:44.632+0000][gc,phases   ] GC(416)   Other: 0.6ms
[2025-12-24T18:35:44.632+0000][gc,heap     ] GC(416) Eden regions: 607->0(605)
[2025-12-24T18:35:44.632+0000][gc,heap     ] GC(416) Survivor regions: 7->9(77)
[2025-12-24T18:35:44.632+0000][gc,heap     ] GC(416) Old regions: 105->105
[2025-12-24T18:35:44.632+0000][gc,heap     ] GC(416) Humongous regions: 151->151
[2025-12-24T18:35:44.633+0000][gc,metaspace] GC(416) Metaspace: 15639K(16064K)->15639K(16064K) NonClass: 14002K(14144K)->14002K(14144K) Class: 1637K(1920K)->1637K(1920K)
[2025-12-24T18:35:44.633+0000][gc          ] GC(416) Pause Young (Normal) (G1 Evacuation Pause) 869M->264M(1024M) 25.681ms
[2025-12-24T18:35:44.633+0000][gc,cpu      ] GC(416) User=0.10s Sys=0.00s Real=0.02s
[2025-12-24T18:36:18.965+0000][gc,start    ] GC(417) Pause Young (Normal) (G1 Evacuation Pause)
[2025-12-24T18:36:18.966+0000][gc,task     ] GC(417) Using 8 workers of 8 for evacuation
[2025-12-24T18:36:18.990+0000][gc,phases   ] GC(417)   Pre Evacuate Collection Set: 1.3ms
[2025-12-24T18:36:18.990+0000][gc,phases   ] GC(417)   Merge Heap Roots: 0.3ms
[2025-12-24T18:36:18.990+0000][gc,phases   ] GC(417)   Evacuate Collection Set: 20.5ms
[2025-12-24T18:36:18.990+0000][gc,phases   ] GC(417)   Post Evacuate Collection Set: 2.1ms
[2025-12-24T18:36:18.990+0000][gc,phases   ] GC(417)   Other: 0.2ms
[2025-12-24T18:36:18.991+0000][gc,heap     ] GC(417) Eden regions: 605->0(606)
[2025-12-24T18:36:18.991+0000][gc,heap     ] GC(417) Survivor regions: 9->8(77)
[2025-12-24T18:36:18.991+0000][gc,heap     ] GC(417) Old regions: 105->105
[2025-12-24T18:36:18.991+0000][gc,heap     ] GC(417) Humongous regions: 151->151
[2025-12-24T18:36:18.991+0000][gc,metaspace] GC(417) Metaspace: 15641K(16064K)->15641K(16064K) NonClass: 14004K(14144K)->14004K(14144K) Class: 1637K(1920K)->1637K(1920K)
[2025-12-24T18:36:18.991+0000][gc          ] GC(417) Pause Young (Normal) (G1 Evacuation Pause) 869M->263M(1024M) 25.904ms
[2025-12-24T18:36:18.991+0000][gc,cpu      ] GC(417) User=0.13s Sys=0.01s Real=0.03s
[2025-12-24T18:36:49.216+0000][gc,start    ] GC(418) Pause Young (Normal) (G1 Evacuation Pause)
[2025-12-24T18:36:49.216+0000][gc,task     ] GC(418) Using 8 workers of 8 for evacuation
[2025-12-24T18:36:49.230+0000][gc,phases   ] GC(418)   Pre Evacuate Collection Set: 1.3ms
[2025-12-24T18:36:49.230+0000][gc,phases   ] GC(418)   Merge Heap Roots: 0.3ms
[2025-12-24T18:36:49.230+0000][gc,phases   ] GC(418)   Evacuate Collection Set: 10.7ms
[2025-12-24T18:36:49.230+0000][gc,phases   ] GC(418)   Post Evacuate Collection Set: 1.1ms
[2025-12-24T18:36:49.230+0000][gc,phases   ] GC(418)   Other: 0.3ms
[2025-12-24T18:36:49.230+0000][gc,heap     ] GC(418) Eden regions: 606->0(604)
[2025-12-24T18:36:49.230+0000][gc,heap     ] GC(418) Survivor regions: 8->10(77)
[2025-12-24T18:36:49.230+0000][gc,heap     ] GC(418) Old regions: 105->105
[2025-12-24T18:36:49.230+0000][gc,heap     ] GC(418) Humongous regions: 151->151
[2025-12-24T18:36:49.230+0000][gc,metaspace] GC(418) Metaspace: 15641K(16064K)->15641K(16064K) NonClass: 14004K(14144K)->14004K(14144K) Class: 1637K(1920K)->1637K(1920K)
[2025-12-24T18:36:49.231+0000][gc          ] GC(418) Pause Young (Normal) (G1 Evacuation Pause) 869M->265M(1024M) 14.994ms
[2025-12-24T18:36:49.231+0000][gc,cpu      ] GC(418) User=0.08s Sys=0.00s Real=0.02s
[2025-12-24T18:37:19.458+0000][gc,start    ] GC(419) Pause Young (Normal) (G1 Evacuation Pause)
[2025-12-24T18:37:19.459+0000][gc,task     ] GC(419) Using 8 workers of 8 for evacuation
[2025-12-24T18:37:19.468+0000][gc,phases   ] GC(419)   Pre Evacuate Collection Set: 1.1ms
[2025-12-24T18:37:19.468+0000][gc,phases   ] GC(419)   Merge Heap Roots: 0.4ms
[2025-12-24T18:37:19.468+0000][gc,phases   ] GC(419)   Evacuate Collection Set: 6.1ms
[2025-12-24T18:37:19.468+0000][gc,phases   ] GC(419)   Post Evacuate Collection Set: 1.2ms
[2025-12-24T18:37:19.468+0000][gc,phases   ] GC(419)   Other: 0.3ms
[2025-12-24T18:37:19.468+0000][gc,heap     ] GC(419) Eden regions: 604->0(607)
[2025-12-24T18:37:19.468+0000][gc,heap     ] GC(419) Survivor regions: 10->7(77)
[2025-12-24T18:37:19.469+0000][gc,heap     ] GC(419) Old regions: 105->106
[2025-12-24T18:37:19.469+0000][gc,heap     ] GC(419) Humongous regions: 151->151
[2025-12-24T18:37:19.469+0000][gc,metaspace] GC(419) Metaspace: 15641K(16064K)->15641K(16064K) NonClass: 14004K(14144K)->14004K(14144K) Class: 1637K(1920K)->1637K(1920K)
[2025-12-24T18:37:19.469+0000][gc          ] GC(419) Pause Young (Normal) (G1 Evacuation Pause) 869M->262M(1024M) 11.163ms
[2025-12-24T18:37:19.469+0000][gc,cpu      ] GC(419) User=0.05s Sys=0.00s Real=0.01s
[2025-12-24T18:37:59.125+0000][gc,start    ] GC(420) Pause Young (Normal) (G1 Evacuation Pause)
[2025-12-24T18:37:59.126+0000][gc,task     ] GC(420) Using 8 workers of 8 for evacuation
[2025-12-24T18:37:59.143+0000][gc,phases   ] GC(420)   Pre Evacuate Collection Set: 1.3ms
[2025-12-24T18:37:59.143+0000][gc,phases   ] GC(420)   Merge Heap Roots: 0.3ms
[2025-12-24T18:37:59.143+0000][gc,phases   ] GC(420)   Evacuate Collection Set: 13.9ms
[2025-12-24T18:37:59.143+0000][gc,phases   ] GC(420)   Post Evacuate Collection Set: 1.1ms
[2025-12-24T18:37:59.143+0000][gc,phases   ] GC(420)   Other: 0.2ms
[2025-12-24T18:37:59.143+0000][gc,heap     ] GC(420) Eden regions: 607->0(608)
[2025-12-24T18:37:59.143+0000][gc,heap     ] GC(420) Survivor regions: 7->6(77)
[2025-12-24T18:37:59.143+0000][gc,heap     ] GC(420) Old regions: 106->106
[2025-12-24T18:37:59.143+0000][gc,heap     ] GC(420) Humongous regions: 151->151
[2025-12-24T18:37:59.143+0000][gc,metaspace] GC(420) Metaspace: 15641K(16064K)->15641K(16064K) NonClass: 14004K(14144K)->14004K(14144K) Class: 1637K(1920K)->1637K(1920K)
[2025-12-24T18:37:59.143+0000][gc          ] GC(420) Pause Young (Normal) (G1 Evacuation Pause) 869M->262M(1024M) 18.105ms
[2025-12-24T18:37:59.143+0000][gc,cpu      ] GC(420) User=0.11s Sys=0.01s Real=0.02s
[2025-12-24T18:38:29.401+0000][gc,start    ] GC(421) Pause Young (Normal) (G1 Evacuation Pause)
[2025-12-24T18:38:29.401+0000][gc,task     ] GC(421) Using 8 workers of 8 for evacuation
[2025-12-24T18:38:29.419+0000][gc,phases   ] GC(421)   Pre Evacuate Collection Set: 1.1ms
[2025-12-24T18:38:29.419+0000][gc,phases   ] GC(421)   Merge Heap Roots: 0.3ms
[2025-12-24T18:38:29.419+0000][gc,phases   ] GC(421)   Evacuate Collection Set: 13.9ms
[2025-12-24T18:38:29.420+0000][gc,phases   ] GC(421)   Post Evacuate Collection Set: 2.0ms
[2025-12-24T18:38:29.420+0000][gc,phases   ] GC(421)   Other: 0.5ms
[2025-12-24T18:38:29.420+0000][gc,heap     ] GC(421) Eden regions: 608->0(606)
[2025-12-24T18:38:29.420+0000][gc,heap     ] GC(421) Survivor regions: 6->8(77)
[2025-12-24T18:38:29.420+0000][gc,heap     ] GC(421) Old regions: 106->106
[2025-12-24T18:38:29.420+0000][gc,heap     ] GC(421) Humongous regions: 151->151
[2025-12-24T18:38:29.420+0000][gc,metaspace] GC(421) Metaspace: 15641K(16064K)->15641K(16064K) NonClass: 14004K(14144K)->14004K(14144K) Class: 1637K(1920K)->1637K(1920K)
[2025-12-24T18:38:29.420+0000][gc          ] GC(421) Pause Young (Normal) (G1 Evacuation Pause) 870M->264M(1024M) 19.510ms
[2025-12-24T18:38:29.420+0000][gc,cpu      ] GC(421) User=0.10s Sys=0.00s Real=0.02s
[2025-12-24T18:39:09.064+0000][gc,start    ] GC(422) Pause Young (Normal) (G1 Evacuation Pause)
[2025-12-24T18:39:09.065+0000][gc,task     ] GC(422) Using 8 workers of 8 for evacuation
[2025-12-24T18:39:09.097+0000][gc,phases   ] GC(422)   Pre Evacuate Collection Set: 4.7ms
[2025-12-24T18:39:09.097+0000][gc,phases   ] GC(422)   Merge Heap Roots: 2.3ms
[2025-12-24T18:39:09.097+0000][gc,phases   ] GC(422)   Evacuate Collection Set: 22.3ms
[2025-12-24T18:39:09.097+0000][gc,phases   ] GC(422)   Post Evacuate Collection Set: 2.0ms
[2025-12-24T18:39:09.097+0000][gc,phases   ] GC(422)   Other: 1.1ms
[2025-12-24T18:39:09.098+0000][gc,heap     ] GC(422) Eden regions: 606->0(605)
[2025-12-24T18:39:09.098+0000][gc,heap     ] GC(422) Survivor regions: 8->9(77)
[2025-12-24T18:39:09.098+0000][gc,heap     ] GC(422) Old regions: 106->106
[2025-12-24T18:39:09.098+0000][gc,heap     ] GC(422) Humongous regions: 151->151
[2025-12-24T18:39:09.098+0000][gc,metaspace] GC(422) Metaspace: 15649K(16064K)->15649K(16064K) NonClass: 14012K(14144K)->14012K(14144K) Class: 1637K(1920K)->1637K(1920K)
[2025-12-24T18:39:09.098+0000][gc          ] GC(422) Pause Young (Normal) (G1 Evacuation Pause) 870M->265M(1024M) 34.075ms
[2025-12-24T18:39:09.098+0000][gc,cpu      ] GC(422) User=0.18s Sys=0.01s Real=0.03s
[2025-12-24T18:39:39.298+0000][gc,start    ] GC(423) Pause Young (Normal) (G1 Evacuation Pause)
[2025-12-24T18:39:39.299+0000][gc,task     ] GC(423) Using 8 workers of 8 for evacuation
[2025-12-24T18:39:39.317+0000][gc,phases   ] GC(423)   Pre Evacuate Collection Set: 1.4ms
[2025-12-24T18:39:39.317+0000][gc,phases   ] GC(423)   Merge Heap Roots: 0.3ms
[2025-12-24T18:39:39.317+0000][gc,phases   ] GC(423)   Evacuate Collection Set: 14.6ms
[2025-12-24T18:39:39.317+0000][gc,phases   ] GC(423)   Post Evacuate Collection Set: 1.1ms
[2025-12-24T18:39:39.317+0000][gc,phases   ] GC(423)   Other: 0.3ms
[2025-12-24T18:39:39.318+0000][gc,heap     ] GC(423) Eden regions: 605->0(603)
[2025-12-24T18:39:39.318+0000][gc,heap     ] GC(423) Survivor regions: 9->11(77)
[2025-12-24T18:39:39.318+0000][gc,heap     ] GC(423) Old regions: 106->107
[2025-12-24T18:39:39.318+0000][gc,heap     ] GC(423) Humongous regions: 151->151
[2025-12-24T18:39:39.318+0000][gc,metaspace] GC(423) Metaspace: 15659K(16064K)->15659K(16064K) NonClass: 14017K(14144K)->14017K(14144K) Class: 1642K(1920K)->1642K(1920K)
[2025-12-24T18:39:39.318+0000][gc          ] GC(423) Pause Young (Normal) (G1 Evacuation Pause) 870M->267M(1024M) 19.722ms
[2025-12-24T18:39:39.318+0000][gc,cpu      ] GC(423) User=0.11s Sys=0.01s Real=0.02s
[2025-12-24T18:40:18.951+0000][gc,start    ] GC(424) Pause Young (Normal) (G1 Evacuation Pause)
[2025-12-24T18:40:18.952+0000][gc,task     ] GC(424) Using 8 workers of 8 for evacuation
[2025-12-24T18:40:18.974+0000][gc,phases   ] GC(424)   Pre Evacuate Collection Set: 1.2ms
[2025-12-24T18:40:18.974+0000][gc,phases   ] GC(424)   Merge Heap Roots: 0.9ms
[2025-12-24T18:40:18.974+0000][gc,phases   ] GC(424)   Evacuate Collection Set: 18.6ms
[2025-12-24T18:40:18.974+0000][gc,phases   ] GC(424)   Post Evacuate Collection Set: 1.5ms
[2025-12-24T18:40:18.974+0000][gc,phases   ] GC(424)   Other: 0.4ms
[2025-12-24T18:40:18.975+0000][gc,heap     ] GC(424) Eden regions: 603->0(605)
[2025-12-24T18:40:18.975+0000][gc,heap     ] GC(424) Survivor regions: 11->9(77)
[2025-12-24T18:40:18.975+0000][gc,heap     ] GC(424) Old regions: 107->107
[2025-12-24T18:40:18.975+0000][gc,heap     ] GC(424) Humongous regions: 151->151
[2025-12-24T18:40:18.975+0000][gc,metaspace] GC(424) Metaspace: 15659K(16064K)->15659K(16064K) NonClass: 14017K(14144K)->14017K(14144K) Class: 1642K(1920K)->1642K(1920K)
[2025-12-24T18:40:18.975+0000][gc          ] GC(424) Pause Young (Normal) (G1 Evacuation Pause) 870M->266M(1024M) 24.577ms
[2025-12-24T18:40:18.976+0000][gc,cpu      ] GC(424) User=0.16s Sys=0.00s Real=0.02s
[2025-12-24T18:40:49.185+0000][gc,start    ] GC(425) Pause Young (Normal) (G1 Evacuation Pause)
[2025-12-24T18:40:49.186+0000][gc,task     ] GC(425) Using 8 workers of 8 for evacuation
[2025-12-24T18:40:49.205+0000][gc,phases   ] GC(425)   Pre Evacuate Collection Set: 1.0ms
[2025-12-24T18:40:49.205+0000][gc,phases   ] GC(425)   Merge Heap Roots: 0.3ms
[2025-12-24T18:40:49.205+0000][gc,phases   ] GC(425)   Evacuate Collection Set: 15.1ms
[2025-12-24T18:40:49.205+0000][gc,phases   ] GC(425)   Post Evacuate Collection Set: 1.6ms
[2025-12-24T18:40:49.205+0000][gc,phases   ] GC(425)   Other: 0.5ms
[2025-12-24T18:40:49.205+0000][gc,heap     ] GC(425) Eden regions: 605->0(603)
[2025-12-24T18:40:49.205+0000][gc,heap     ] GC(425) Survivor regions: 9->11(77)
[2025-12-24T18:40:49.206+0000][gc,heap     ] GC(425) Old regions: 107->107
[2025-12-24T18:40:49.206+0000][gc,heap     ] GC(425) Humongous regions: 151->151
[2025-12-24T18:40:49.206+0000][gc,metaspace] GC(425) Metaspace: 15659K(16064K)->15659K(16064K) NonClass: 14017K(14144K)->14017K(14144K) Class: 1642K(1920K)->1642K(1920K)
[2025-12-24T18:40:49.206+0000][gc          ] GC(425) Pause Young (Normal) (G1 Evacuation Pause) 871M->267M(1024M) 20.468ms
[2025-12-24T18:40:49.206+0000][gc,cpu      ] GC(425) User=0.13s Sys=0.01s Real=0.02s
[2025-12-24T18:41:19.410+0000][gc,start    ] GC(426) Pause Young (Normal) (G1 Evacuation Pause)
[2025-12-24T18:41:19.411+0000][gc,task     ] GC(426) Using 8 workers of 8 for evacuation
[2025-12-24T18:41:19.420+0000][gc,phases   ] GC(426)   Pre Evacuate Collection Set: 1.2ms
[2025-12-24T18:41:19.421+0000][gc,phases   ] GC(426)   Merge Heap Roots: 0.2ms
[2025-12-24T18:41:19.421+0000][gc,phases   ] GC(426)   Evacuate Collection Set: 6.7ms
[2025-12-24T18:41:19.421+0000][gc,phases   ] GC(426)   Post Evacuate Collection Set: 1.0ms
[2025-12-24T18:41:19.421+0000][gc,phases   ] GC(426)   Other: 0.3ms
[2025-12-24T18:41:19.421+0000][gc,heap     ] GC(426) Eden regions: 603->0(607)
[2025-12-24T18:41:19.421+0000][gc,heap     ] GC(426) Survivor regions: 11->7(77)
[2025-12-24T18:41:19.421+0000][gc,heap     ] GC(426) Old regions: 107->107
[2025-12-24T18:41:19.421+0000][gc,heap     ] GC(426) Humongous regions: 151->151
[2025-12-24T18:41:19.421+0000][gc,metaspace] GC(426) Metaspace: 15660K(16064K)->15660K(16064K) NonClass: 14018K(14144K)->14018K(14144K) Class: 1642K(1920K)->1642K(1920K)
[2025-12-24T18:41:19.421+0000][gc          ] GC(426) Pause Young (Normal) (G1 Evacuation Pause) 870M->264M(1024M) 10.746ms
[2025-12-24T18:41:19.421+0000][gc,cpu      ] GC(426) User=0.06s Sys=0.00s Real=0.01s
[2025-12-24T18:41:59.129+0000][gc,start    ] GC(427) Pause Young (Normal) (G1 Evacuation Pause)
[2025-12-24T18:41:59.129+0000][gc,task     ] GC(427) Using 8 workers of 8 for evacuation
[2025-12-24T18:41:59.150+0000][gc,phases   ] GC(427)   Pre Evacuate Collection Set: 1.3ms
[2025-12-24T18:41:59.150+0000][gc,phases   ] GC(427)   Merge Heap Roots: 0.3ms
[2025-12-24T18:41:59.151+0000][gc,phases   ] GC(427)   Evacuate Collection Set: 17.0ms
[2025-12-24T18:41:59.151+0000][gc,phases   ] GC(427)   Post Evacuate Collection Set: 1.9ms
[2025-12-24T18:41:59.151+0000][gc,phases   ] GC(427)   Other: 0.3ms
[2025-12-24T18:41:59.151+0000][gc,heap     ] GC(427) Eden regions: 607->0(607)
[2025-12-24T18:41:59.151+0000][gc,heap     ] GC(427) Survivor regions: 7->7(77)
[2025-12-24T18:41:59.151+0000][gc,heap     ] GC(427) Old regions: 107->107
[2025-12-24T18:41:59.151+0000][gc,heap     ] GC(427) Humongous regions: 151->151
[2025-12-24T18:41:59.151+0000][gc,metaspace] GC(427) Metaspace: 15661K(16064K)->15661K(16064K) NonClass: 14019K(14144K)->14019K(14144K) Class: 1642K(1920K)->1642K(1920K)
[2025-12-24T18:41:59.151+0000][gc          ] GC(427) Pause Young (Normal) (G1 Evacuation Pause) 871M->264M(1024M) 22.476ms
[2025-12-24T18:41:59.151+0000][gc,cpu      ] GC(427) User=0.13s Sys=0.00s Real=0.03s
[2025-12-24T18:42:29.541+0000][gc,start    ] GC(428) Pause Young (Normal) (G1 Evacuation Pause)
[2025-12-24T18:42:29.542+0000][gc,task     ] GC(428) Using 8 workers of 8 for evacuation
[2025-12-24T18:42:29.559+0000][gc,phases   ] GC(428)   Pre Evacuate Collection Set: 1.3ms
[2025-12-24T18:42:29.559+0000][gc,phases   ] GC(428)   Merge Heap Roots: 0.3ms
[2025-12-24T18:42:29.559+0000][gc,phases   ] GC(428)   Evacuate Collection Set: 14.0ms
[2025-12-24T18:42:29.560+0000][gc,phases   ] GC(428)   Post Evacuate Collection Set: 1.8ms
[2025-12-24T18:42:29.560+0000][gc,phases   ] GC(428)   Other: 0.4ms
[2025-12-24T18:42:29.560+0000][gc,heap     ] GC(428) Eden regions: 607->0(606)
[2025-12-24T18:42:29.560+0000][gc,heap     ] GC(428) Survivor regions: 7->8(77)
[2025-12-24T18:42:29.560+0000][gc,heap     ] GC(428) Old regions: 107->108
[2025-12-24T18:42:29.560+0000][gc,heap     ] GC(428) Humongous regions: 151->151
[2025-12-24T18:42:29.560+0000][gc,metaspace] GC(428) Metaspace: 15661K(16064K)->15661K(16064K) NonClass: 14019K(14144K)->14019K(14144K) Class: 1642K(1920K)->1642K(1920K)
[2025-12-24T18:42:29.560+0000][gc          ] GC(428) Pause Young (Normal) (G1 Evacuation Pause) 871M->265M(1024M) 19.142ms
[2025-12-24T18:42:29.560+0000][gc,cpu      ] GC(428) User=0.12s Sys=0.00s Real=0.02s
[2025-12-24T18:43:09.039+0000][gc,start    ] GC(429) Pause Young (Normal) (G1 Evacuation Pause)
[2025-12-24T18:43:09.040+0000][gc,task     ] GC(429) Using 8 workers of 8 for evacuation
[2025-12-24T18:43:09.054+0000][gc,phases   ] GC(429)   Pre Evacuate Collection Set: 1.2ms
[2025-12-24T18:43:09.055+0000][gc,phases   ] GC(429)   Merge Heap Roots: 0.3ms
[2025-12-24T18:43:09.055+0000][gc,phases   ] GC(429)   Evacuate Collection Set: 12.1ms
[2025-12-24T18:43:09.055+0000][gc,phases   ] GC(429)   Post Evacuate Collection Set: 1.0ms
[2025-12-24T18:43:09.055+0000][gc,phases   ] GC(429)   Other: 0.2ms
[2025-12-24T18:43:09.055+0000][gc,heap     ] GC(429) Eden regions: 606->0(607)
[2025-12-24T18:43:09.055+0000][gc,heap     ] GC(429) Survivor regions: 8->7(77)
[2025-12-24T18:43:09.055+0000][gc,heap     ] GC(429) Old regions: 108->108
[2025-12-24T18:43:09.055+0000][gc,heap     ] GC(429) Humongous regions: 151->151
[2025-12-24T18:43:09.055+0000][gc,metaspace] GC(429) Metaspace: 15661K(16064K)->15661K(16064K) NonClass: 14019K(14144K)->14019K(14144K) Class: 1642K(1920K)->1642K(1920K)
[2025-12-24T18:43:09.055+0000][gc          ] GC(429) Pause Young (Normal) (G1 Evacuation Pause) 871M->265M(1024M) 15.969ms
[2025-12-24T18:43:09.055+0000][gc,cpu      ] GC(429) User=0.10s Sys=0.00s Real=0.02s
[2025-12-24T18:43:39.280+0000][gc,start    ] GC(430) Pause Young (Normal) (G1 Evacuation Pause)
[2025-12-24T18:43:39.281+0000][gc,task     ] GC(430) Using 8 workers of 8 for evacuation
[2025-12-24T18:43:39.299+0000][gc,phases   ] GC(430)   Pre Evacuate Collection Set: 1.1ms
[2025-12-24T18:43:39.299+0000][gc,phases   ] GC(430)   Merge Heap Roots: 0.3ms
[2025-12-24T18:43:39.299+0000][gc,phases   ] GC(430)   Evacuate Collection Set: 14.4ms
[2025-12-24T18:43:39.299+0000][gc,phases   ] GC(430)   Post Evacuate Collection Set: 1.3ms
[2025-12-24T18:43:39.299+0000][gc,phases   ] GC(430)   Other: 0.6ms
[2025-12-24T18:43:39.299+0000][gc,heap     ] GC(430) Eden regions: 607->0(606)
[2025-12-24T18:43:39.299+0000][gc,heap     ] GC(430) Survivor regions: 7->8(77)
[2025-12-24T18:43:39.299+0000][gc,heap     ] GC(430) Old regions: 108->108
[2025-12-24T18:43:39.299+0000][gc,heap     ] GC(430) Humongous regions: 151->151
[2025-12-24T18:43:39.299+0000][gc,metaspace] GC(430) Metaspace: 15661K(16064K)->15661K(16064K) NonClass: 14019K(14144K)->14019K(14144K) Class: 1642K(1920K)->1642K(1920K)
[2025-12-24T18:43:39.299+0000][gc          ] GC(430) Pause Young (Normal) (G1 Evacuation Pause) 872M->266M(1024M) 19.625ms
[2025-12-24T18:43:39.299+0000][gc,cpu      ] GC(430) User=0.12s Sys=0.00s Real=0.02s
[2025-12-24T18:44:18.980+0000][gc,start    ] GC(431) Pause Young (Normal) (G1 Evacuation Pause)
[2025-12-24T18:44:18.982+0000][gc,task     ] GC(431) Using 8 workers of 8 for evacuation
[2025-12-24T18:44:19.012+0000][gc,phases   ] GC(431)   Pre Evacuate Collection Set: 5.0ms
[2025-12-24T18:44:19.012+0000][gc,phases   ] GC(431)   Merge Heap Roots: 0.5ms
[2025-12-24T18:44:19.012+0000][gc,phases   ] GC(431)   Evacuate Collection Set: 22.1ms
[2025-12-24T18:44:19.012+0000][gc,phases   ] GC(431)   Post Evacuate Collection Set: 1.7ms
[2025-12-24T18:44:19.012+0000][gc,phases   ] GC(431)   Other: 1.2ms
[2025-12-24T18:44:19.013+0000][gc,heap     ] GC(431) Eden regions: 606->0(606)
[2025-12-24T18:44:19.013+0000][gc,heap     ] GC(431) Survivor regions: 8->8(77)
[2025-12-24T18:44:19.013+0000][gc,heap     ] GC(431) Old regions: 108->108
[2025-12-24T18:44:19.013+0000][gc,heap     ] GC(431) Humongous regions: 151->151
[2025-12-24T18:44:19.013+0000][gc,metaspace] GC(431) Metaspace: 15663K(16064K)->15663K(16064K) NonClass: 14021K(14144K)->14021K(14144K) Class: 1642K(1920K)->1642K(1920K)
[2025-12-24T18:44:19.014+0000][gc          ] GC(431) Pause Young (Normal) (G1 Evacuation Pause) 872M->266M(1024M) 33.329ms
[2025-12-24T18:44:19.014+0000][gc,cpu      ] GC(431) User=0.14s Sys=0.00s Real=0.03s
[2025-12-24T18:44:49.225+0000][gc,start    ] GC(432) Pause Young (Normal) (G1 Evacuation Pause)
[2025-12-24T18:44:49.226+0000][gc,task     ] GC(432) Using 8 workers of 8 for evacuation
[2025-12-24T18:44:49.240+0000][gc,phases   ] GC(432)   Pre Evacuate Collection Set: 1.3ms
[2025-12-24T18:44:49.240+0000][gc,phases   ] GC(432)   Merge Heap Roots: 0.3ms
[2025-12-24T18:44:49.240+0000][gc,phases   ] GC(432)   Evacuate Collection Set: 11.7ms
[2025-12-24T18:44:49.240+0000][gc,phases   ] GC(432)   Post Evacuate Collection Set: 1.0ms
[2025-12-24T18:44:49.240+0000][gc,phases   ] GC(432)   Other: 0.2ms
[2025-12-24T18:44:49.240+0000][gc,heap     ] GC(432) Eden regions: 606->0(605)
[2025-12-24T18:44:49.241+0000][gc,heap     ] GC(432) Survivor regions: 8->9(77)
[2025-12-24T18:44:49.241+0000][gc,heap     ] GC(432) Old regions: 108->109
[2025-12-24T18:44:49.241+0000][gc,heap     ] GC(432) Humongous regions: 151->151
[2025-12-24T18:44:49.241+0000][gc,metaspace] GC(432) Metaspace: 15663K(16064K)->15663K(16064K) NonClass: 14021K(14144K)->14021K(14144K) Class: 1642K(1920K)->1642K(1920K)
[2025-12-24T18:44:49.241+0000][gc          ] GC(432) Pause Young (Normal) (G1 Evacuation Pause) 872M->267M(1024M) 15.563ms
[2025-12-24T18:44:49.241+0000][gc,cpu      ] GC(432) User=0.08s Sys=0.02s Real=0.01s
[2025-12-24T18:45:19.452+0000][gc,start    ] GC(433) Pause Young (Normal) (G1 Evacuation Pause)
[2025-12-24T18:45:19.453+0000][gc,task     ] GC(433) Using 8 workers of 8 for evacuation
[2025-12-24T18:45:19.478+0000][gc,phases   ] GC(433)   Pre Evacuate Collection Set: 1.1ms
[2025-12-24T18:45:19.478+0000][gc,phases   ] GC(433)   Merge Heap Roots: 0.4ms
[2025-12-24T18:45:19.478+0000][gc,phases   ] GC(433)   Evacuate Collection Set: 21.8ms
[2025-12-24T18:45:19.478+0000][gc,phases   ] GC(433)   Post Evacuate Collection Set: 1.5ms
[2025-12-24T18:45:19.478+0000][gc,phases   ] GC(433)   Other: 0.3ms
[2025-12-24T18:45:19.478+0000][gc,heap     ] GC(433) Eden regions: 605->0(604)
[2025-12-24T18:45:19.478+0000][gc,heap     ] GC(433) Survivor regions: 9->10(77)
[2025-12-24T18:45:19.478+0000][gc,heap     ] GC(433) Old regions: 109->109
[2025-12-24T18:45:19.478+0000][gc,heap     ] GC(433) Humongous regions: 151->151
[2025-12-24T18:45:19.479+0000][gc,metaspace] GC(433) Metaspace: 15664K(16064K)->15664K(16064K) NonClass: 14021K(14144K)->14021K(14144K) Class: 1642K(1920K)->1642K(1920K)
[2025-12-24T18:45:19.479+0000][gc          ] GC(433) Pause Young (Normal) (G1 Evacuation Pause) 872M->269M(1024M) 26.370ms
[2025-12-24T18:45:19.479+0000][gc,cpu      ] GC(433) User=0.17s Sys=0.00s Real=0.02s
[2025-12-24T18:45:59.091+0000][gc,start    ] GC(434) Pause Young (Normal) (G1 Evacuation Pause)
[2025-12-24T18:45:59.092+0000][gc,task     ] GC(434) Using 8 workers of 8 for evacuation
[2025-12-24T18:45:59.109+0000][gc,phases   ] GC(434)   Pre Evacuate Collection Set: 1.2ms
[2025-12-24T18:45:59.109+0000][gc,phases   ] GC(434)   Merge Heap Roots: 0.3ms
[2025-12-24T18:45:59.109+0000][gc,phases   ] GC(434)   Evacuate Collection Set: 13.9ms
[2025-12-24T18:45:59.109+0000][gc,phases   ] GC(434)   Post Evacuate Collection Set: 1.1ms
[2025-12-24T18:45:59.109+0000][gc,phases   ] GC(434)   Other: 0.2ms
[2025-12-24T18:45:59.109+0000][gc,heap     ] GC(434) Eden regions: 604->0(609)
[2025-12-24T18:45:59.109+0000][gc,heap     ] GC(434) Survivor regions: 10->5(77)
[2025-12-24T18:45:59.109+0000][gc,heap     ] GC(434) Old regions: 109->109
[2025-12-24T18:45:59.109+0000][gc,heap     ] GC(434) Humongous regions: 151->151
[2025-12-24T18:45:59.109+0000][gc,metaspace] GC(434) Metaspace: 15664K(16064K)->15664K(16064K) NonClass: 14021K(14144K)->14021K(14144K) Class: 1642K(1920K)->1642K(1920K)
[2025-12-24T18:45:59.109+0000][gc          ] GC(434) Pause Young (Normal) (G1 Evacuation Pause) 873M->264M(1024M) 18.332ms
[2025-12-24T18:45:59.109+0000][gc,cpu      ] GC(434) User=0.10s Sys=0.00s Real=0.02s
[2025-12-24T18:46:30.163+0000][gc,start    ] GC(435) Pause Young (Normal) (G1 Evacuation Pause)
[2025-12-24T18:46:30.164+0000][gc,task     ] GC(435) Using 8 workers of 8 for evacuation
[2025-12-24T18:46:30.185+0000][gc,phases   ] GC(435)   Pre Evacuate Collection Set: 2.6ms
[2025-12-24T18:46:30.185+0000][gc,phases   ] GC(435)   Merge Heap Roots: 0.5ms
[2025-12-24T18:46:30.185+0000][gc,phases   ] GC(435)   Evacuate Collection Set: 15.3ms
[2025-12-24T18:46:30.185+0000][gc,phases   ] GC(435)   Post Evacuate Collection Set: 2.2ms
[2025-12-24T18:46:30.186+0000][gc,phases   ] GC(435)   Other: 0.8ms
[2025-12-24T18:46:30.186+0000][gc,heap     ] GC(435) Eden regions: 609->0(607)
[2025-12-24T18:46:30.186+0000][gc,heap     ] GC(435) Survivor regions: 5->7(77)
[2025-12-24T18:46:30.186+0000][gc,heap     ] GC(435) Old regions: 109->109
[2025-12-24T18:46:30.186+0000][gc,heap     ] GC(435) Humongous regions: 151->151
[2025-12-24T18:46:30.186+0000][gc,metaspace] GC(435) Metaspace: 15666K(16064K)->15666K(16064K) NonClass: 14024K(14144K)->14024K(14144K) Class: 1642K(1920K)->1642K(1920K)
[2025-12-24T18:46:30.186+0000][gc          ] GC(435) Pause Young (Normal) (G1 Evacuation Pause) 873M->266M(1024M) 23.170ms
[2025-12-24T18:46:30.186+0000][gc,cpu      ] GC(435) User=0.13s Sys=0.00s Real=0.02s
[2025-12-24T18:47:09.111+0000][gc,start    ] GC(436) Pause Young (Normal) (G1 Evacuation Pause)
[2025-12-24T18:47:09.112+0000][gc,task     ] GC(436) Using 8 workers of 8 for evacuation
[2025-12-24T18:47:09.136+0000][gc,phases   ] GC(436)   Pre Evacuate Collection Set: 1.4ms
[2025-12-24T18:47:09.136+0000][gc,phases   ] GC(436)   Merge Heap Roots: 0.2ms
[2025-12-24T18:47:09.136+0000][gc,phases   ] GC(436)   Evacuate Collection Set: 21.2ms
[2025-12-24T18:47:09.136+0000][gc,phases   ] GC(436)   Post Evacuate Collection Set: 1.3ms
[2025-12-24T18:47:09.136+0000][gc,phases   ] GC(436)   Other: 0.2ms
[2025-12-24T18:47:09.137+0000][gc,heap     ] GC(436) Eden regions: 607->0(608)
[2025-12-24T18:47:09.137+0000][gc,heap     ] GC(436) Survivor regions: 7->6(77)
[2025-12-24T18:47:09.137+0000][gc,heap     ] GC(436) Old regions: 109->110
[2025-12-24T18:47:09.137+0000][gc,heap     ] GC(436) Humongous regions: 151->151
[2025-12-24T18:47:09.137+0000][gc,metaspace] GC(436) Metaspace: 15666K(16064K)->15666K(16064K) NonClass: 14024K(14144K)->14024K(14144K) Class: 1642K(1920K)->1642K(1920K)
[2025-12-24T18:47:09.137+0000][gc          ] GC(436) Pause Young (Normal) (G1 Evacuation Pause) 873M->265M(1024M) 25.375ms
[2025-12-24T18:47:09.137+0000][gc,cpu      ] GC(436) User=0.18s Sys=0.00s Real=0.03s
[2025-12-24T18:47:39.331+0000][gc,start    ] GC(437) Pause Young (Normal) (G1 Evacuation Pause)
[2025-12-24T18:47:39.332+0000][gc,task     ] GC(437) Using 8 workers of 8 for evacuation
[2025-12-24T18:47:39.343+0000][gc,phases   ] GC(437)   Pre Evacuate Collection Set: 1.1ms
[2025-12-24T18:47:39.343+0000][gc,phases   ] GC(437)   Merge Heap Roots: 0.3ms
[2025-12-24T18:47:39.343+0000][gc,phases   ] GC(437)   Evacuate Collection Set: 8.1ms
[2025-12-24T18:47:39.344+0000][gc,phases   ] GC(437)   Post Evacuate Collection Set: 1.8ms
[2025-12-24T18:47:39.344+0000][gc,phases   ] GC(437)   Other: 0.2ms
[2025-12-24T18:47:39.344+0000][gc,heap     ] GC(437) Eden regions: 608->0(608)
[2025-12-24T18:47:39.344+0000][gc,heap     ] GC(437) Survivor regions: 6->6(77)
[2025-12-24T18:47:39.344+0000][gc,heap     ] GC(437) Old regions: 110->110
[2025-12-24T18:47:39.344+0000][gc,heap     ] GC(437) Humongous regions: 151->151
[2025-12-24T18:47:39.344+0000][gc,metaspace] GC(437) Metaspace: 15666K(16064K)->15666K(16064K) NonClass: 14024K(14144K)->14024K(14144K) Class: 1642K(1920K)->1642K(1920K)
[2025-12-24T18:47:39.344+0000][gc          ] GC(437) Pause Young (Normal) (G1 Evacuation Pause) 873M->266M(1024M) 12.870ms
[2025-12-24T18:47:39.344+0000][gc,cpu      ] GC(437) User=0.06s Sys=0.00s Real=0.02s
[2025-12-24T18:48:18.965+0000][gc,start    ] GC(438) Pause Young (Normal) (G1 Evacuation Pause)
[2025-12-24T18:48:18.966+0000][gc,task     ] GC(438) Using 8 workers of 8 for evacuation
[2025-12-24T18:48:18.981+0000][gc,phases   ] GC(438)   Pre Evacuate Collection Set: 2.2ms
[2025-12-24T18:48:18.981+0000][gc,phases   ] GC(438)   Merge Heap Roots: 0.3ms
[2025-12-24T18:48:18.981+0000][gc,phases   ] GC(438)   Evacuate Collection Set: 10.8ms
[2025-12-24T18:48:18.981+0000][gc,phases   ] GC(438)   Post Evacuate Collection Set: 1.2ms
[2025-12-24T18:48:18.981+0000][gc,phases   ] GC(438)   Other: 0.5ms
[2025-12-24T18:48:18.981+0000][gc,heap     ] GC(438) Eden regions: 608->0(608)
[2025-12-24T18:48:18.981+0000][gc,heap     ] GC(438) Survivor regions: 6->6(77)
[2025-12-24T18:48:18.981+0000][gc,heap     ] GC(438) Old regions: 110->110
[2025-12-24T18:48:18.981+0000][gc,heap     ] GC(438) Humongous regions: 151->151
[2025-12-24T18:48:18.981+0000][gc,metaspace] GC(438) Metaspace: 15666K(16064K)->15666K(16064K) NonClass: 14024K(14144K)->14024K(14144K) Class: 1642K(1920K)->1642K(1920K)
[2025-12-24T18:48:18.982+0000][gc          ] GC(438) Pause Young (Normal) (G1 Evacuation Pause) 874M->265M(1024M) 16.318ms
[2025-12-24T18:48:18.982+0000][gc,cpu      ] GC(438) User=0.10s Sys=0.00s Real=0.02s
[2025-12-24T18:48:49.205+0000][gc,start    ] GC(439) Pause Young (Normal) (G1 Evacuation Pause)
[2025-12-24T18:48:49.205+0000][gc,task     ] GC(439) Using 8 workers of 8 for evacuation
[2025-12-24T18:48:49.238+0000][gc,phases   ] GC(439)   Pre Evacuate Collection Set: 6.1ms
[2025-12-24T18:48:49.238+0000][gc,phases   ] GC(439)   Merge Heap Roots: 0.8ms
[2025-12-24T18:48:49.238+0000][gc,phases   ] GC(439)   Evacuate Collection Set: 23.9ms
[2025-12-24T18:48:49.238+0000][gc,phases   ] GC(439)   Post Evacuate Collection Set: 1.5ms
[2025-12-24T18:48:49.238+0000][gc,phases   ] GC(439)   Other: 0.5ms
[2025-12-24T18:48:49.238+0000][gc,heap     ] GC(439) Eden regions: 608->0(606)
[2025-12-24T18:48:49.238+0000][gc,heap     ] GC(439) Survivor regions: 6->8(77)
[2025-12-24T18:48:49.239+0000][gc,heap     ] GC(439) Old regions: 110->110
[2025-12-24T18:48:49.239+0000][gc,heap     ] GC(439) Humongous regions: 151->151
[2025-12-24T18:48:49.239+0000][gc,metaspace] GC(439) Metaspace: 15666K(16064K)->15666K(16064K) NonClass: 14024K(14144K)->14024K(14144K) Class: 1642K(1920K)->1642K(1920K)
[2025-12-24T18:48:49.239+0000][gc          ] GC(439) Pause Young (Normal) (G1 Evacuation Pause) 873M->267M(1024M) 34.179ms
[2025-12-24T18:48:49.239+0000][gc,cpu      ] GC(439) User=0.20s Sys=0.01s Real=0.03s
[2025-12-24T18:49:28.792+0000][gc,start    ] GC(440) Pause Young (Normal) (G1 Evacuation Pause)
[2025-12-24T18:49:28.793+0000][gc,task     ] GC(440) Using 8 workers of 8 for evacuation
[2025-12-24T18:49:28.846+0000][gc,phases   ] GC(440)   Pre Evacuate Collection Set: 12.0ms
[2025-12-24T18:49:28.846+0000][gc,phases   ] GC(440)   Merge Heap Roots: 1.7ms
[2025-12-24T18:49:28.846+0000][gc,phases   ] GC(440)   Evacuate Collection Set: 34.7ms
[2025-12-24T18:49:28.846+0000][gc,phases   ] GC(440)   Post Evacuate Collection Set: 2.9ms
[2025-12-24T18:49:28.846+0000][gc,phases   ] GC(440)   Other: 1.7ms
[2025-12-24T18:49:28.846+0000][gc,heap     ] GC(440) Eden regions: 606->0(607)
[2025-12-24T18:49:28.846+0000][gc,heap     ] GC(440) Survivor regions: 8->7(77)
[2025-12-24T18:49:28.846+0000][gc,heap     ] GC(440) Old regions: 110->110
[2025-12-24T18:49:28.846+0000][gc,heap     ] GC(440) Humongous regions: 151->151
[2025-12-24T18:49:28.846+0000][gc,metaspace] GC(440) Metaspace: 15666K(16064K)->15666K(16064K) NonClass: 14024K(14144K)->14024K(14144K) Class: 1642K(1920K)->1642K(1920K)
[2025-12-24T18:49:28.847+0000][gc          ] GC(440) Pause Young (Normal) (G1 Evacuation Pause) 873M->267M(1024M) 55.498ms
[2025-12-24T18:49:28.847+0000][gc,cpu      ] GC(440) User=0.26s Sys=0.01s Real=0.05s
[2025-12-24T18:49:59.030+0000][gc,start    ] GC(441) Pause Young (Normal) (G1 Evacuation Pause)
[2025-12-24T18:49:59.030+0000][gc,task     ] GC(441) Using 8 workers of 8 for evacuation
[2025-12-24T18:49:59.039+0000][gc,phases   ] GC(441)   Pre Evacuate Collection Set: 1.1ms
[2025-12-24T18:49:59.039+0000][gc,phases   ] GC(441)   Merge Heap Roots: 0.2ms
[2025-12-24T18:49:59.039+0000][gc,phases   ] GC(441)   Evacuate Collection Set: 5.8ms
[2025-12-24T18:49:59.039+0000][gc,phases   ] GC(441)   Post Evacuate Collection Set: 1.1ms
[2025-12-24T18:49:59.039+0000][gc,phases   ] GC(441)   Other: 0.3ms
[2025-12-24T18:49:59.039+0000][gc,heap     ] GC(441) Eden regions: 607->0(610)
[2025-12-24T18:49:59.039+0000][gc,heap     ] GC(441) Survivor regions: 7->4(77)
[2025-12-24T18:49:59.039+0000][gc,heap     ] GC(441) Old regions: 110->110
[2025-12-24T18:49:59.039+0000][gc,heap     ] GC(441) Humongous regions: 151->151
[2025-12-24T18:49:59.039+0000][gc,metaspace] GC(441) Metaspace: 15666K(16064K)->15666K(16064K) NonClass: 14024K(14144K)->14024K(14144K) Class: 1642K(1920K)->1642K(1920K)
[2025-12-24T18:49:59.039+0000][gc          ] GC(441) Pause Young (Normal) (G1 Evacuation Pause) 874M->264M(1024M) 9.747ms
[2025-12-24T18:49:59.039+0000][gc,cpu      ] GC(441) User=0.06s Sys=0.00s Real=0.01s
[2025-12-24T18:50:29.283+0000][gc,start    ] GC(442) Pause Young (Normal) (G1 Evacuation Pause)
[2025-12-24T18:50:29.284+0000][gc,task     ] GC(442) Using 8 workers of 8 for evacuation
[2025-12-24T18:50:29.292+0000][gc,phases   ] GC(442)   Pre Evacuate Collection Set: 1.2ms
[2025-12-24T18:50:29.292+0000][gc,phases   ] GC(442)   Merge Heap Roots: 0.2ms
[2025-12-24T18:50:29.292+0000][gc,phases   ] GC(442)   Evacuate Collection Set: 4.9ms
[2025-12-24T18:50:29.292+0000][gc,phases   ] GC(442)   Post Evacuate Collection Set: 1.7ms
[2025-12-24T18:50:29.293+0000][gc,phases   ] GC(442)   Other: 0.2ms
[2025-12-24T18:50:29.293+0000][gc,heap     ] GC(442) Eden regions: 610->0(607)
[2025-12-24T18:50:29.293+0000][gc,heap     ] GC(442) Survivor regions: 4->7(77)
[2025-12-24T18:50:29.293+0000][gc,heap     ] GC(442) Old regions: 110->110
[2025-12-24T18:50:29.293+0000][gc,heap     ] GC(442) Humongous regions: 151->151
[2025-12-24T18:50:29.293+0000][gc,metaspace] GC(442) Metaspace: 15666K(16064K)->15666K(16064K) NonClass: 14024K(14144K)->14024K(14144K) Class: 1642K(1920K)->1642K(1920K)
[2025-12-24T18:50:29.293+0000][gc          ] GC(442) Pause Young (Normal) (G1 Evacuation Pause) 874M->266M(1024M) 9.561ms
[2025-12-24T18:50:29.293+0000][gc,cpu      ] GC(442) User=0.04s Sys=0.00s Real=0.01s
[2025-12-24T18:51:08.949+0000][gc,start    ] GC(443) Pause Young (Normal) (G1 Evacuation Pause)
[2025-12-24T18:51:08.951+0000][gc,task     ] GC(443) Using 8 workers of 8 for evacuation
[2025-12-24T18:51:08.961+0000][gc,phases   ] GC(443)   Pre Evacuate Collection Set: 1.2ms
[2025-12-24T18:51:08.961+0000][gc,phases   ] GC(443)   Merge Heap Roots: 0.3ms
[2025-12-24T18:51:08.962+0000][gc,phases   ] GC(443)   Evacuate Collection Set: 7.6ms
[2025-12-24T18:51:08.962+0000][gc,phases   ] GC(443)   Post Evacuate Collection Set: 1.4ms
[2025-12-24T18:51:08.962+0000][gc,phases   ] GC(443)   Other: 0.3ms
[2025-12-24T18:51:08.962+0000][gc,heap     ] GC(443) Eden regions: 607->0(608)
[2025-12-24T18:51:08.962+0000][gc,heap     ] GC(443) Survivor regions: 7->6(77)
[2025-12-24T18:51:08.962+0000][gc,heap     ] GC(443) Old regions: 110->110
[2025-12-24T18:51:08.962+0000][gc,heap     ] GC(443) Humongous regions: 151->151
[2025-12-24T18:51:08.962+0000][gc,metaspace] GC(443) Metaspace: 15666K(16064K)->15666K(16064K) NonClass: 14024K(14144K)->14024K(14144K) Class: 1642K(1920K)->1642K(1920K)
[2025-12-24T18:51:08.962+0000][gc          ] GC(443) Pause Young (Normal) (G1 Evacuation Pause) 873M->265M(1024M) 12.833ms
[2025-12-24T18:51:08.962+0000][gc,cpu      ] GC(443) User=0.06s Sys=0.01s Real=0.02s
[2025-12-24T18:51:39.249+0000][gc,start    ] GC(444) Pause Young (Normal) (G1 Evacuation Pause)
[2025-12-24T18:51:39.249+0000][gc,task     ] GC(444) Using 8 workers of 8 for evacuation
[2025-12-24T18:51:39.270+0000][gc,phases   ] GC(444)   Pre Evacuate Collection Set: 1.0ms
[2025-12-24T18:51:39.270+0000][gc,phases   ] GC(444)   Merge Heap Roots: 0.2ms
[2025-12-24T18:51:39.270+0000][gc,phases   ] GC(444)   Evacuate Collection Set: 11.1ms
[2025-12-24T18:51:39.271+0000][gc,phases   ] GC(444)   Post Evacuate Collection Set: 7.8ms
[2025-12-24T18:51:39.271+0000][gc,phases   ] GC(444)   Other: 0.3ms
[2025-12-24T18:51:39.271+0000][gc,heap     ] GC(444) Eden regions: 608->0(606)
[2025-12-24T18:51:39.272+0000][gc,heap     ] GC(444) Survivor regions: 6->8(77)
[2025-12-24T18:51:39.272+0000][gc,heap     ] GC(444) Old regions: 110->110
[2025-12-24T18:51:39.272+0000][gc,heap     ] GC(444) Humongous regions: 151->151
[2025-12-24T18:51:39.272+0000][gc,metaspace] GC(444) Metaspace: 15668K(16064K)->15668K(16064K) NonClass: 14026K(14144K)->14026K(14144K) Class: 1642K(1920K)->1642K(1920K)
[2025-12-24T18:51:39.272+0000][gc          ] GC(444) Pause Young (Normal) (G1 Evacuation Pause) 873M->268M(1024M) 23.467ms
[2025-12-24T18:51:39.272+0000][gc,cpu      ] GC(444) User=0.10s Sys=0.00s Real=0.03s
[2025-12-24T18:52:18.878+0000][gc,start    ] GC(445) Pause Young (Normal) (G1 Evacuation Pause)
[2025-12-24T18:52:18.878+0000][gc,task     ] GC(445) Using 8 workers of 8 for evacuation
[2025-12-24T18:52:18.899+0000][gc,phases   ] GC(445)   Pre Evacuate Collection Set: 4.8ms
[2025-12-24T18:52:18.899+0000][gc,phases   ] GC(445)   Merge Heap Roots: 0.9ms
[2025-12-24T18:52:18.899+0000][gc,phases   ] GC(445)   Evacuate Collection Set: 13.1ms
[2025-12-24T18:52:18.899+0000][gc,phases   ] GC(445)   Post Evacuate Collection Set: 1.2ms
[2025-12-24T18:52:18.899+0000][gc,phases   ] GC(445)   Other: 0.9ms
[2025-12-24T18:52:18.900+0000][gc,heap     ] GC(445) Eden regions: 606->0(607)
[2025-12-24T18:52:18.900+0000][gc,heap     ] GC(445) Survivor regions: 8->7(77)
[2025-12-24T18:52:18.900+0000][gc,heap     ] GC(445) Old regions: 110->110
[2025-12-24T18:52:18.900+0000][gc,heap     ] GC(445) Humongous regions: 151->151
[2025-12-24T18:52:18.900+0000][gc,metaspace] GC(445) Metaspace: 15668K(16064K)->15668K(16064K) NonClass: 14026K(14144K)->14026K(14144K) Class: 1642K(1920K)->1642K(1920K)
[2025-12-24T18:52:18.900+0000][gc          ] GC(445) Pause Young (Normal) (G1 Evacuation Pause) 874M->267M(1024M) 22.285ms
[2025-12-24T18:52:18.900+0000][gc,cpu      ] GC(445) User=0.12s Sys=0.01s Real=0.02s
[2025-12-24T18:52:49.132+0000][gc,start    ] GC(446) Pause Young (Normal) (G1 Evacuation Pause)
[2025-12-24T18:52:49.133+0000][gc,task     ] GC(446) Using 8 workers of 8 for evacuation
[2025-12-24T18:52:49.153+0000][gc,phases   ] GC(446)   Pre Evacuate Collection Set: 1.2ms
[2025-12-24T18:52:49.153+0000][gc,phases   ] GC(446)   Merge Heap Roots: 0.2ms
[2025-12-24T18:52:49.153+0000][gc,phases   ] GC(446)   Evacuate Collection Set: 17.2ms
[2025-12-24T18:52:49.153+0000][gc,phases   ] GC(446)   Post Evacuate Collection Set: 1.1ms
[2025-12-24T18:52:49.153+0000][gc,phases   ] GC(446)   Other: 0.2ms
[2025-12-24T18:52:49.153+0000][gc,heap     ] GC(446) Eden regions: 607->0(605)
[2025-12-24T18:52:49.153+0000][gc,heap     ] GC(446) Survivor regions: 7->9(77)
[2025-12-24T18:52:49.153+0000][gc,heap     ] GC(446) Old regions: 110->111
[2025-12-24T18:52:49.153+0000][gc,heap     ] GC(446) Humongous regions: 151->151
[2025-12-24T18:52:49.153+0000][gc,metaspace] GC(446) Metaspace: 15668K(16064K)->15668K(16064K) NonClass: 14026K(14144K)->14026K(14144K) Class: 1642K(1920K)->1642K(1920K)
[2025-12-24T18:52:49.153+0000][gc          ] GC(446) Pause Young (Normal) (G1 Evacuation Pause) 874M->269M(1024M) 21.023ms
[2025-12-24T18:52:49.153+0000][gc,cpu      ] GC(446) User=0.11s Sys=0.03s Real=0.02s
[2025-12-24T18:53:28.814+0000][gc,start    ] GC(447) Pause Young (Normal) (G1 Evacuation Pause)
[2025-12-24T18:53:28.815+0000][gc,task     ] GC(447) Using 8 workers of 8 for evacuation
[2025-12-24T18:53:28.834+0000][gc,phases   ] GC(447)   Pre Evacuate Collection Set: 1.2ms
[2025-12-24T18:53:28.834+0000][gc,phases   ] GC(447)   Merge Heap Roots: 0.3ms
[2025-12-24T18:53:28.834+0000][gc,phases   ] GC(447)   Evacuate Collection Set: 16.6ms
[2025-12-24T18:53:28.834+0000][gc,phases   ] GC(447)   Post Evacuate Collection Set: 1.2ms
[2025-12-24T18:53:28.835+0000][gc,phases   ] GC(447)   Other: 0.4ms
[2025-12-24T18:53:28.835+0000][gc,heap     ] GC(447) Eden regions: 605->0(606)
[2025-12-24T18:53:28.835+0000][gc,heap     ] GC(447) Survivor regions: 9->8(77)
[2025-12-24T18:53:28.835+0000][gc,heap     ] GC(447) Old regions: 111->111
[2025-12-24T18:53:28.835+0000][gc,heap     ] GC(447) Humongous regions: 151->151
[2025-12-24T18:53:28.835+0000][gc,metaspace] GC(447) Metaspace: 15668K(16064K)->15668K(16064K) NonClass: 14026K(14144K)->14026K(14144K) Class: 1642K(1920K)->1642K(1920K)
[2025-12-24T18:53:28.835+0000][gc          ] GC(447) Pause Young (Normal) (G1 Evacuation Pause) 874M->268M(1024M) 21.133ms
[2025-12-24T18:53:28.835+0000][gc,cpu      ] GC(447) User=0.14s Sys=0.00s Real=0.02s
[2025-12-24T18:53:59.056+0000][gc,start    ] GC(448) Pause Young (Normal) (G1 Evacuation Pause)
[2025-12-24T18:53:59.057+0000][gc,task     ] GC(448) Using 8 workers of 8 for evacuation
[2025-12-24T18:53:59.074+0000][gc,phases   ] GC(448)   Pre Evacuate Collection Set: 1.1ms
[2025-12-24T18:53:59.074+0000][gc,phases   ] GC(448)   Merge Heap Roots: 0.2ms
[2025-12-24T18:53:59.074+0000][gc,phases   ] GC(448)   Evacuate Collection Set: 12.6ms
[2025-12-24T18:53:59.074+0000][gc,phases   ] GC(448)   Post Evacuate Collection Set: 2.5ms
[2025-12-24T18:53:59.074+0000][gc,phases   ] GC(448)   Other: 0.3ms
[2025-12-24T18:53:59.074+0000][gc,heap     ] GC(448) Eden regions: 606->0(609)
[2025-12-24T18:53:59.074+0000][gc,heap     ] GC(448) Survivor regions: 8->5(77)
[2025-12-24T18:53:59.074+0000][gc,heap     ] GC(448) Old regions: 111->111
[2025-12-24T18:53:59.074+0000][gc,heap     ] GC(448) Humongous regions: 151->151
[2025-12-24T18:53:59.074+0000][gc,metaspace] GC(448) Metaspace: 15668K(16064K)->15668K(16064K) NonClass: 14026K(14144K)->14026K(14144K) Class: 1642K(1920K)->1642K(1920K)
[2025-12-24T18:53:59.075+0000][gc          ] GC(448) Pause Young (Normal) (G1 Evacuation Pause) 874M->266M(1024M) 18.719ms
[2025-12-24T18:53:59.075+0000][gc,cpu      ] GC(448) User=0.12s Sys=0.00s Real=0.02s
[2025-12-24T18:54:29.322+0000][gc,start    ] GC(449) Pause Young (Normal) (G1 Evacuation Pause)
[2025-12-24T18:54:29.323+0000][gc,task     ] GC(449) Using 8 workers of 8 for evacuation
[2025-12-24T18:54:29.337+0000][gc,phases   ] GC(449)   Pre Evacuate Collection Set: 2.0ms
[2025-12-24T18:54:29.338+0000][gc,phases   ] GC(449)   Merge Heap Roots: 0.3ms
[2025-12-24T18:54:29.338+0000][gc,phases   ] GC(449)   Evacuate Collection Set: 10.1ms
[2025-12-24T18:54:29.338+0000][gc,phases   ] GC(449)   Post Evacuate Collection Set: 1.7ms
[2025-12-24T18:54:29.338+0000][gc,phases   ] GC(449)   Other: 0.5ms
[2025-12-24T18:54:29.338+0000][gc,heap     ] GC(449) Eden regions: 609->0(607)
[2025-12-24T18:54:29.338+0000][gc,heap     ] GC(449) Survivor regions: 5->7(77)
[2025-12-24T18:54:29.338+0000][gc,heap     ] GC(449) Old regions: 111->111
[2025-12-24T18:54:29.338+0000][gc,heap     ] GC(449) Humongous regions: 151->151
[2025-12-24T18:54:29.338+0000][gc,metaspace] GC(449) Metaspace: 15680K(16064K)->15680K(16064K) NonClass: 14038K(14144K)->14038K(14144K) Class: 1642K(1920K)->1642K(1920K)
[2025-12-24T18:54:29.339+0000][gc          ] GC(449) Pause Young (Normal) (G1 Evacuation Pause) 875M->267M(1024M) 16.436ms
[2025-12-24T18:54:29.339+0000][gc,cpu      ] GC(449) User=0.08s Sys=0.01s Real=0.02s
[2025-12-24T18:55:08.961+0000][gc,start    ] GC(450) Pause Young (Normal) (G1 Evacuation Pause)
[2025-12-24T18:55:08.962+0000][gc,task     ] GC(450) Using 8 workers of 8 for evacuation
[2025-12-24T18:55:08.978+0000][gc,phases   ] GC(450)   Pre Evacuate Collection Set: 1.1ms
[2025-12-24T18:55:08.978+0000][gc,phases   ] GC(450)   Merge Heap Roots: 0.3ms
[2025-12-24T18:55:08.978+0000][gc,phases   ] GC(450)   Evacuate Collection Set: 13.7ms
[2025-12-24T18:55:08.978+0000][gc,phases   ] GC(450)   Post Evacuate Collection Set: 1.1ms
[2025-12-24T18:55:08.978+0000][gc,phases   ] GC(450)   Other: 0.3ms
[2025-12-24T18:55:08.978+0000][gc,heap     ] GC(450) Eden regions: 607->0(608)
[2025-12-24T18:55:08.978+0000][gc,heap     ] GC(450) Survivor regions: 7->6(77)
[2025-12-24T18:55:08.978+0000][gc,heap     ] GC(450) Old regions: 111->111
[2025-12-24T18:55:08.978+0000][gc,heap     ] GC(450) Humongous regions: 151->151
[2025-12-24T18:55:08.979+0000][gc,metaspace] GC(450) Metaspace: 15680K(16064K)->15680K(16064K) NonClass: 14038K(14144K)->14038K(14144K) Class: 1642K(1920K)->1642K(1920K)
[2025-12-24T18:55:08.979+0000][gc          ] GC(450) Pause Young (Normal) (G1 Evacuation Pause) 874M->267M(1024M) 17.669ms
[2025-12-24T18:55:08.979+0000][gc,cpu      ] GC(450) User=0.11s Sys=0.00s Real=0.02s
[2025-12-24T18:55:39.248+0000][gc,start    ] GC(451) Pause Young (Normal) (G1 Evacuation Pause)
[2025-12-24T18:55:39.250+0000][gc,task     ] GC(451) Using 8 workers of 8 for evacuation
[2025-12-24T18:55:39.268+0000][gc,phases   ] GC(451)   Pre Evacuate Collection Set: 4.1ms
[2025-12-24T18:55:39.269+0000][gc,phases   ] GC(451)   Merge Heap Roots: 1.0ms
[2025-12-24T18:55:39.269+0000][gc,phases   ] GC(451)   Evacuate Collection Set: 10.5ms
[2025-12-24T18:55:39.269+0000][gc,phases   ] GC(451)   Post Evacuate Collection Set: 1.5ms
[2025-12-24T18:55:39.269+0000][gc,phases   ] GC(451)   Other: 1.5ms
[2025-12-24T18:55:39.269+0000][gc,heap     ] GC(451) Eden regions: 608->0(606)
[2025-12-24T18:55:39.269+0000][gc,heap     ] GC(451) Survivor regions: 6->8(77)
[2025-12-24T18:55:39.269+0000][gc,heap     ] GC(451) Old regions: 111->111
[2025-12-24T18:55:39.269+0000][gc,heap     ] GC(451) Humongous regions: 151->151
[2025-12-24T18:55:39.269+0000][gc,metaspace] GC(451) Metaspace: 15681K(16064K)->15681K(16064K) NonClass: 14039K(14144K)->14039K(14144K) Class: 1642K(1920K)->1642K(1920K)
[2025-12-24T18:55:39.269+0000][gc          ] GC(451) Pause Young (Normal) (G1 Evacuation Pause) 875M->269M(1024M) 21.572ms
[2025-12-24T18:55:39.269+0000][gc,cpu      ] GC(451) User=0.10s Sys=0.00s Real=0.02s
[2025-12-24T18:56:18.907+0000][gc,start    ] GC(452) Pause Young (Normal) (G1 Evacuation Pause)
[2025-12-24T18:56:18.907+0000][gc,task     ] GC(452) Using 8 workers of 8 for evacuation
[2025-12-24T18:56:18.929+0000][gc,phases   ] GC(452)   Pre Evacuate Collection Set: 1.2ms
[2025-12-24T18:56:18.929+0000][gc,phases   ] GC(452)   Merge Heap Roots: 0.3ms
[2025-12-24T18:56:18.929+0000][gc,phases   ] GC(452)   Evacuate Collection Set: 18.2ms
[2025-12-24T18:56:18.929+0000][gc,phases   ] GC(452)   Post Evacuate Collection Set: 1.8ms
[2025-12-24T18:56:18.929+0000][gc,phases   ] GC(452)   Other: 0.3ms
[2025-12-24T18:56:18.929+0000][gc,heap     ] GC(452) Eden regions: 606->0(606)
[2025-12-24T18:56:18.930+0000][gc,heap     ] GC(452) Survivor regions: 8->8(77)
[2025-12-24T18:56:18.930+0000][gc,heap     ] GC(452) Old regions: 111->111
[2025-12-24T18:56:18.930+0000][gc,heap     ] GC(452) Humongous regions: 151->151
[2025-12-24T18:56:18.930+0000][gc,metaspace] GC(452) Metaspace: 15681K(16064K)->15681K(16064K) NonClass: 14039K(14144K)->14039K(14144K) Class: 1642K(1920K)->1642K(1920K)
[2025-12-24T18:56:18.930+0000][gc          ] GC(452) Pause Young (Normal) (G1 Evacuation Pause) 875M->269M(1024M) 23.086ms
[2025-12-24T18:56:18.930+0000][gc,cpu      ] GC(452) User=0.16s Sys=0.00s Real=0.02s
[2025-12-24T18:56:49.180+0000][gc,start    ] GC(453) Pause Young (Normal) (G1 Evacuation Pause)
[2025-12-24T18:56:49.181+0000][gc,task     ] GC(453) Using 8 workers of 8 for evacuation
[2025-12-24T18:56:49.194+0000][gc,phases   ] GC(453)   Pre Evacuate Collection Set: 1.2ms
[2025-12-24T18:56:49.194+0000][gc,phases   ] GC(453)   Merge Heap Roots: 0.3ms
[2025-12-24T18:56:49.194+0000][gc,phases   ] GC(453)   Evacuate Collection Set: 9.4ms
[2025-12-24T18:56:49.194+0000][gc,phases   ] GC(453)   Post Evacuate Collection Set: 1.5ms
[2025-12-24T18:56:49.194+0000][gc,phases   ] GC(453)   Other: 0.4ms
[2025-12-24T18:56:49.194+0000][gc,heap     ] GC(453) Eden regions: 606->0(605)
[2025-12-24T18:56:49.194+0000][gc,heap     ] GC(453) Survivor regions: 8->9(77)
[2025-12-24T18:56:49.194+0000][gc,heap     ] GC(453) Old regions: 111->112
[2025-12-24T18:56:49.194+0000][gc,heap     ] GC(453) Humongous regions: 151->151
[2025-12-24T18:56:49.194+0000][gc,metaspace] GC(453) Metaspace: 15681K(16064K)->15681K(16064K) NonClass: 14039K(14144K)->14039K(14144K) Class: 1642K(1920K)->1642K(1920K)
[2025-12-24T18:56:49.194+0000][gc          ] GC(453) Pause Young (Normal) (G1 Evacuation Pause) 875M->271M(1024M) 14.457ms
[2025-12-24T18:56:49.195+0000][gc,cpu      ] GC(453) User=0.09s Sys=0.00s Real=0.01s
[2025-12-24T18:57:28.838+0000][gc,start    ] GC(454) Pause Young (Normal) (G1 Evacuation Pause)
[2025-12-24T18:57:28.839+0000][gc,task     ] GC(454) Using 8 workers of 8 for evacuation
[2025-12-24T18:57:28.859+0000][gc,phases   ] GC(454)   Pre Evacuate Collection Set: 1.3ms
[2025-12-24T18:57:28.860+0000][gc,phases   ] GC(454)   Merge Heap Roots: 1.1ms
[2025-12-24T18:57:28.860+0000][gc,phases   ] GC(454)   Evacuate Collection Set: 15.8ms
[2025-12-24T18:57:28.860+0000][gc,phases   ] GC(454)   Post Evacuate Collection Set: 1.6ms
[2025-12-24T18:57:28.860+0000][gc,phases   ] GC(454)   Other: 0.7ms
[2025-12-24T18:57:28.860+0000][gc,heap     ] GC(454) Eden regions: 605->0(606)
[2025-12-24T18:57:28.860+0000][gc,heap     ] GC(454) Survivor regions: 9->8(77)
[2025-12-24T18:57:28.860+0000][gc,heap     ] GC(454) Old regions: 112->112
[2025-12-24T18:57:28.860+0000][gc,heap     ] GC(454) Humongous regions: 151->151
[2025-12-24T18:57:28.860+0000][gc,metaspace] GC(454) Metaspace: 15681K(16064K)->15681K(16064K) NonClass: 14039K(14144K)->14039K(14144K) Class: 1642K(1920K)->1642K(1920K)
[2025-12-24T18:57:28.860+0000][gc          ] GC(454) Pause Young (Normal) (G1 Evacuation Pause) 876M->270M(1024M) 21.850ms
[2025-12-24T18:57:28.860+0000][gc,cpu      ] GC(454) User=0.13s Sys=0.00s Real=0.02s
[2025-12-24T18:57:59.060+0000][gc,start    ] GC(455) Pause Young (Normal) (G1 Evacuation Pause)
[2025-12-24T18:57:59.061+0000][gc,task     ] GC(455) Using 8 workers of 8 for evacuation
[2025-12-24T18:57:59.076+0000][gc,phases   ] GC(455)   Pre Evacuate Collection Set: 1.2ms
[2025-12-24T18:57:59.077+0000][gc,phases   ] GC(455)   Merge Heap Roots: 0.3ms
[2025-12-24T18:57:59.077+0000][gc,phases   ] GC(455)   Evacuate Collection Set: 12.5ms
[2025-12-24T18:57:59.077+0000][gc,phases   ] GC(455)   Post Evacuate Collection Set: 1.1ms
[2025-12-24T18:57:59.077+0000][gc,phases   ] GC(455)   Other: 0.3ms
[2025-12-24T18:57:59.077+0000][gc,heap     ] GC(455) Eden regions: 606->0(604)
[2025-12-24T18:57:59.077+0000][gc,heap     ] GC(455) Survivor regions: 8->10(77)
[2025-12-24T18:57:59.077+0000][gc,heap     ] GC(455) Old regions: 112->112
[2025-12-24T18:57:59.077+0000][gc,heap     ] GC(455) Humongous regions: 151->151
[2025-12-24T18:57:59.077+0000][gc,metaspace] GC(455) Metaspace: 15681K(16064K)->15681K(16064K) NonClass: 14039K(14144K)->14039K(14144K) Class: 1642K(1920K)->1642K(1920K)
[2025-12-24T18:57:59.077+0000][gc          ] GC(455) Pause Young (Normal) (G1 Evacuation Pause) 876M->272M(1024M) 16.776ms
[2025-12-24T18:57:59.077+0000][gc,cpu      ] GC(455) User=0.11s Sys=0.00s Real=0.02s
[2025-12-24T18:58:29.387+0000][gc,start    ] GC(456) Pause Young (Normal) (G1 Evacuation Pause)
[2025-12-24T18:58:29.388+0000][gc,task     ] GC(456) Using 8 workers of 8 for evacuation
[2025-12-24T18:58:29.399+0000][gc,phases   ] GC(456)   Pre Evacuate Collection Set: 1.3ms
[2025-12-24T18:58:29.399+0000][gc,phases   ] GC(456)   Merge Heap Roots: 0.3ms
[2025-12-24T18:58:29.399+0000][gc,phases   ] GC(456)   Evacuate Collection Set: 8.3ms
[2025-12-24T18:58:29.400+0000][gc,phases   ] GC(456)   Post Evacuate Collection Set: 1.1ms
[2025-12-24T18:58:29.400+0000][gc,phases   ] GC(456)   Other: 0.4ms
[2025-12-24T18:58:29.400+0000][gc,heap     ] GC(456) Eden regions: 604->0(607)
[2025-12-24T18:58:29.400+0000][gc,heap     ] GC(456) Survivor regions: 10->7(77)
[2025-12-24T18:58:29.400+0000][gc,heap     ] GC(456) Old regions: 112->112
[2025-12-24T18:58:29.400+0000][gc,heap     ] GC(456) Humongous regions: 151->151
[2025-12-24T18:58:29.400+0000][gc,metaspace] GC(456) Metaspace: 15681K(16064K)->15681K(16064K) NonClass: 14039K(14144K)->14039K(14144K) Class: 1642K(1920K)->1642K(1920K)
[2025-12-24T18:58:29.400+0000][gc          ] GC(456) Pause Young (Normal) (G1 Evacuation Pause) 876M->269M(1024M) 12.879ms
[2025-12-24T18:58:29.400+0000][gc,cpu      ] GC(456) User=0.07s Sys=0.00s Real=0.01s
[2025-12-24T18:59:08.969+0000][gc,start    ] GC(457) Pause Young (Normal) (G1 Evacuation Pause)
[2025-12-24T18:59:08.970+0000][gc,task     ] GC(457) Using 8 workers of 8 for evacuation
[2025-12-24T18:59:08.987+0000][gc,phases   ] GC(457)   Pre Evacuate Collection Set: 1.1ms
[2025-12-24T18:59:08.987+0000][gc,phases   ] GC(457)   Merge Heap Roots: 0.2ms
[2025-12-24T18:59:08.987+0000][gc,phases   ] GC(457)   Evacuate Collection Set: 14.2ms
[2025-12-24T18:59:08.987+0000][gc,phases   ] GC(457)   Post Evacuate Collection Set: 1.5ms
[2025-12-24T18:59:08.987+0000][gc,phases   ] GC(457)   Other: 0.2ms
[2025-12-24T18:59:08.987+0000][gc,heap     ] GC(457) Eden regions: 607->0(608)
[2025-12-24T18:59:08.987+0000][gc,heap     ] GC(457) Survivor regions: 7->6(77)
[2025-12-24T18:59:08.987+0000][gc,heap     ] GC(457) Old regions: 112->112
[2025-12-24T18:59:08.988+0000][gc,heap     ] GC(457) Humongous regions: 151->151
[2025-12-24T18:59:08.988+0000][gc,metaspace] GC(457) Metaspace: 15681K(16064K)->15681K(16064K) NonClass: 14039K(14144K)->14039K(14144K) Class: 1642K(1920K)->1642K(1920K)
[2025-12-24T18:59:08.988+0000][gc          ] GC(457) Pause Young (Normal) (G1 Evacuation Pause) 876M->268M(1024M) 18.286ms
[2025-12-24T18:59:08.988+0000][gc,cpu      ] GC(457) User=0.11s Sys=0.00s Real=0.02s
[2025-12-24T18:59:39.288+0000][gc,start    ] GC(458) Pause Young (Normal) (G1 Evacuation Pause)
[2025-12-24T18:59:39.289+0000][gc,task     ] GC(458) Using 8 workers of 8 for evacuation
[2025-12-24T18:59:39.306+0000][gc,phases   ] GC(458)   Pre Evacuate Collection Set: 1.0ms
[2025-12-24T18:59:39.306+0000][gc,phases   ] GC(458)   Merge Heap Roots: 0.3ms
[2025-12-24T18:59:39.306+0000][gc,phases   ] GC(458)   Evacuate Collection Set: 13.2ms
[2025-12-24T18:59:39.306+0000][gc,phases   ] GC(458)   Post Evacuate Collection Set: 2.1ms
[2025-12-24T18:59:39.306+0000][gc,phases   ] GC(458)   Other: 0.4ms
[2025-12-24T18:59:39.307+0000][gc,heap     ] GC(458) Eden regions: 608->0(606)
[2025-12-24T18:59:39.307+0000][gc,heap     ] GC(458) Survivor regions: 6->8(77)
[2025-12-24T18:59:39.307+0000][gc,heap     ] GC(458) Old regions: 112->113
[2025-12-24T18:59:39.307+0000][gc,heap     ] GC(458) Humongous regions: 151->151
[2025-12-24T18:59:39.307+0000][gc,metaspace] GC(458) Metaspace: 15681K(16064K)->15681K(16064K) NonClass: 14039K(14144K)->14039K(14144K) Class: 1642K(1920K)->1642K(1920K)
[2025-12-24T18:59:39.307+0000][gc          ] GC(458) Pause Young (Normal) (G1 Evacuation Pause) 876M->271M(1024M) 18.498ms
[2025-12-24T18:59:39.307+0000][gc,cpu      ] GC(458) User=0.08s Sys=0.02s Real=0.02s
[2025-12-24T19:00:18.899+0000][gc,start    ] GC(459) Pause Young (Normal) (G1 Evacuation Pause)
[2025-12-24T19:00:18.900+0000][gc,task     ] GC(459) Using 8 workers of 8 for evacuation
[2025-12-24T19:00:18.919+0000][gc,phases   ] GC(459)   Pre Evacuate Collection Set: 1.3ms
[2025-12-24T19:00:18.919+0000][gc,phases   ] GC(459)   Merge Heap Roots: 0.3ms
[2025-12-24T19:00:18.919+0000][gc,phases   ] GC(459)   Evacuate Collection Set: 16.8ms
[2025-12-24T19:00:18.919+0000][gc,phases   ] GC(459)   Post Evacuate Collection Set: 1.1ms
[2025-12-24T19:00:18.919+0000][gc,phases   ] GC(459)   Other: 0.2ms
[2025-12-24T19:00:18.920+0000][gc,heap     ] GC(459) Eden regions: 606->0(607)
[2025-12-24T19:00:18.920+0000][gc,heap     ] GC(459) Survivor regions: 8->7(77)
[2025-12-24T19:00:18.920+0000][gc,heap     ] GC(459) Old regions: 113->113
[2025-12-24T19:00:18.920+0000][gc,heap     ] GC(459) Humongous regions: 151->151
[2025-12-24T19:00:18.920+0000][gc,metaspace] GC(459) Metaspace: 15681K(16064K)->15681K(16064K) NonClass: 14039K(14144K)->14039K(14144K) Class: 1642K(1920K)->1642K(1920K)
[2025-12-24T19:00:18.920+0000][gc          ] GC(459) Pause Young (Normal) (G1 Evacuation Pause) 877M->270M(1024M) 20.772ms
[2025-12-24T19:00:18.920+0000][gc,cpu      ] GC(459) User=0.14s Sys=0.00s Real=0.02s
[2025-12-24T19:00:49.141+0000][gc,start    ] GC(460) Pause Young (Normal) (G1 Evacuation Pause)
[2025-12-24T19:00:49.141+0000][gc,task     ] GC(460) Using 8 workers of 8 for evacuation
[2025-12-24T19:00:49.155+0000][gc,phases   ] GC(460)   Pre Evacuate Collection Set: 1.1ms
[2025-12-24T19:00:49.155+0000][gc,phases   ] GC(460)   Merge Heap Roots: 0.3ms
[2025-12-24T19:00:49.155+0000][gc,phases   ] GC(460)   Evacuate Collection Set: 10.7ms
[2025-12-24T19:00:49.155+0000][gc,phases   ] GC(460)   Post Evacuate Collection Set: 1.1ms
[2025-12-24T19:00:49.155+0000][gc,phases   ] GC(460)   Other: 0.3ms
[2025-12-24T19:00:49.155+0000][gc,heap     ] GC(460) Eden regions: 607->0(604)
[2025-12-24T19:00:49.155+0000][gc,heap     ] GC(460) Survivor regions: 7->10(77)
[2025-12-24T19:00:49.155+0000][gc,heap     ] GC(460) Old regions: 113->113
[2025-12-24T19:00:49.155+0000][gc,heap     ] GC(460) Humongous regions: 151->151
[2025-12-24T19:00:49.155+0000][gc,metaspace] GC(460) Metaspace: 15681K(16064K)->15681K(16064K) NonClass: 14039K(14144K)->14039K(14144K) Class: 1642K(1920K)->1642K(1920K)
[2025-12-24T19:00:49.156+0000][gc          ] GC(460) Pause Young (Normal) (G1 Evacuation Pause) 877M->272M(1024M) 15.048ms
[2025-12-24T19:00:49.156+0000][gc,cpu      ] GC(460) User=0.09s Sys=0.00s Real=0.02s
[2025-12-24T19:01:28.845+0000][gc,start    ] GC(461) Pause Young (Normal) (G1 Evacuation Pause)
[2025-12-24T19:01:28.845+0000][gc,task     ] GC(461) Using 8 workers of 8 for evacuation
[2025-12-24T19:01:28.871+0000][gc,phases   ] GC(461)   Pre Evacuate Collection Set: 1.1ms
[2025-12-24T19:01:28.871+0000][gc,phases   ] GC(461)   Merge Heap Roots: 0.3ms
[2025-12-24T19:01:28.872+0000][gc,phases   ] GC(461)   Evacuate Collection Set: 22.8ms
[2025-12-24T19:01:28.872+0000][gc,phases   ] GC(461)   Post Evacuate Collection Set: 1.5ms
[2025-12-24T19:01:28.872+0000][gc,phases   ] GC(461)   Other: 0.2ms
[2025-12-24T19:01:28.872+0000][gc,heap     ] GC(461) Eden regions: 604->0(606)
[2025-12-24T19:01:28.872+0000][gc,heap     ] GC(461) Survivor regions: 10->8(77)
[2025-12-24T19:01:28.872+0000][gc,heap     ] GC(461) Old regions: 113->113
[2025-12-24T19:01:28.872+0000][gc,heap     ] GC(461) Humongous regions: 151->151
[2025-12-24T19:01:28.872+0000][gc,metaspace] GC(461) Metaspace: 15681K(16064K)->15681K(16064K) NonClass: 14039K(14144K)->14039K(14144K) Class: 1642K(1920K)->1642K(1920K)
[2025-12-24T19:01:28.872+0000][gc          ] GC(461) Pause Young (Normal) (G1 Evacuation Pause) 876M->271M(1024M) 26.982ms
[2025-12-24T19:01:28.872+0000][gc,cpu      ] GC(461) User=0.17s Sys=0.00s Real=0.02s
[2025-12-24T19:01:59.105+0000][gc,start    ] GC(462) Pause Young (Normal) (G1 Evacuation Pause)
[2025-12-24T19:01:59.105+0000][gc,task     ] GC(462) Using 8 workers of 8 for evacuation
[2025-12-24T19:01:59.131+0000][gc,phases   ] GC(462)   Pre Evacuate Collection Set: 1.2ms
[2025-12-24T19:01:59.132+0000][gc,phases   ] GC(462)   Merge Heap Roots: 0.2ms
[2025-12-24T19:01:59.132+0000][gc,phases   ] GC(462)   Evacuate Collection Set: 23.1ms
[2025-12-24T19:01:59.132+0000][gc,phases   ] GC(462)   Post Evacuate Collection Set: 1.5ms
[2025-12-24T19:01:59.132+0000][gc,phases   ] GC(462)   Other: 0.2ms
[2025-12-24T19:01:59.132+0000][gc,heap     ] GC(462) Eden regions: 606->0(604)
[2025-12-24T19:01:59.132+0000][gc,heap     ] GC(462) Survivor regions: 8->10(77)
[2025-12-24T19:01:59.132+0000][gc,heap     ] GC(462) Old regions: 113->114
[2025-12-24T19:01:59.132+0000][gc,heap     ] GC(462) Humongous regions: 151->151
[2025-12-24T19:01:59.132+0000][gc,metaspace] GC(462) Metaspace: 15681K(16064K)->15681K(16064K) NonClass: 14039K(14144K)->14039K(14144K) Class: 1642K(1920K)->1642K(1920K)
[2025-12-24T19:01:59.132+0000][gc          ] GC(462) Pause Young (Normal) (G1 Evacuation Pause) 877M->273M(1024M) 27.293ms
[2025-12-24T19:01:59.132+0000][gc,cpu      ] GC(462) User=0.19s Sys=0.00s Real=0.03s
[2025-12-24T19:02:35.433+0000][gc,start    ] GC(463) Pause Young (Normal) (G1 Evacuation Pause)
[2025-12-24T19:02:35.434+0000][gc,task     ] GC(463) Using 8 workers of 8 for evacuation
[2025-12-24T19:02:35.499+0000][gc,phases   ] GC(463)   Pre Evacuate Collection Set: 1.5ms
[2025-12-24T19:02:35.499+0000][gc,phases   ] GC(463)   Merge Heap Roots: 0.5ms
[2025-12-24T19:02:35.499+0000][gc,phases   ] GC(463)   Evacuate Collection Set: 30.0ms
[2025-12-24T19:02:35.499+0000][gc,phases   ] GC(463)   Post Evacuate Collection Set: 8.1ms
[2025-12-24T19:02:35.499+0000][gc,phases   ] GC(463)   Other: 24.5ms
[2025-12-24T19:02:35.506+0000][gc,heap     ] GC(463) Eden regions: 604->0(609)
[2025-12-24T19:02:35.506+0000][gc,heap     ] GC(463) Survivor regions: 10->5(77)
[2025-12-24T19:02:35.506+0000][gc,heap     ] GC(463) Old regions: 114->114
[2025-12-24T19:02:35.506+0000][gc,heap     ] GC(463) Humongous regions: 151->151
[2025-12-24T19:02:35.506+0000][gc,metaspace] GC(463) Metaspace: 15681K(16064K)->15681K(16064K) NonClass: 14039K(14144K)->14039K(14144K) Class: 1642K(1920K)->1642K(1920K)
[2025-12-24T19:02:35.507+0000][gc          ] GC(463) Pause Young (Normal) (G1 Evacuation Pause) 877M->268M(1024M) 73.100ms
[2025-12-24T19:02:35.507+0000][gc,cpu      ] GC(463) User=0.20s Sys=0.01s Real=0.07s
[2025-12-24T19:03:08.982+0000][gc,start    ] GC(464) Pause Young (Normal) (G1 Evacuation Pause)
[2025-12-24T19:03:08.983+0000][gc,task     ] GC(464) Using 8 workers of 8 for evacuation
[2025-12-24T19:03:08.997+0000][gc,phases   ] GC(464)   Pre Evacuate Collection Set: 3.6ms
[2025-12-24T19:03:08.997+0000][gc,phases   ] GC(464)   Merge Heap Roots: 1.0ms
[2025-12-24T19:03:08.997+0000][gc,phases   ] GC(464)   Evacuate Collection Set: 7.6ms
[2025-12-24T19:03:08.997+0000][gc,phases   ] GC(464)   Post Evacuate Collection Set: 1.2ms
[2025-12-24T19:03:08.997+0000][gc,phases   ] GC(464)   Other: 0.5ms
[2025-12-24T19:03:08.997+0000][gc,heap     ] GC(464) Eden regions: 609->0(608)
[2025-12-24T19:03:08.997+0000][gc,heap     ] GC(464) Survivor regions: 5->6(77)
[2025-12-24T19:03:08.997+0000][gc,heap     ] GC(464) Old regions: 114->114
[2025-12-24T19:03:08.997+0000][gc,heap     ] GC(464) Humongous regions: 151->151
[2025-12-24T19:03:08.997+0000][gc,metaspace] GC(464) Metaspace: 15681K(16064K)->15681K(16064K) NonClass: 14039K(14144K)->14039K(14144K) Class: 1642K(1920K)->1642K(1920K)
[2025-12-24T19:03:08.997+0000][gc          ] GC(464) Pause Young (Normal) (G1 Evacuation Pause) 877M->270M(1024M) 15.100ms
[2025-12-24T19:03:08.997+0000][gc,cpu      ] GC(464) User=0.08s Sys=0.00s Real=0.01s
[2025-12-24T19:03:39.223+0000][gc,start    ] GC(465) Pause Young (Normal) (G1 Evacuation Pause)
[2025-12-24T19:03:39.223+0000][gc,task     ] GC(465) Using 8 workers of 8 for evacuation
[2025-12-24T19:03:39.243+0000][gc,phases   ] GC(465)   Pre Evacuate Collection Set: 2.2ms
[2025-12-24T19:03:39.243+0000][gc,phases   ] GC(465)   Merge Heap Roots: 2.5ms
[2025-12-24T19:03:39.243+0000][gc,phases   ] GC(465)   Evacuate Collection Set: 13.6ms
[2025-12-24T19:03:39.243+0000][gc,phases   ] GC(465)   Post Evacuate Collection Set: 1.2ms
[2025-12-24T19:03:39.243+0000][gc,phases   ] GC(465)   Other: 0.4ms
[2025-12-24T19:03:39.243+0000][gc,heap     ] GC(465) Eden regions: 608->0(606)
[2025-12-24T19:03:39.243+0000][gc,heap     ] GC(465) Survivor regions: 6->8(77)
[2025-12-24T19:03:39.243+0000][gc,heap     ] GC(465) Old regions: 114->114
[2025-12-24T19:03:39.243+0000][gc,heap     ] GC(465) Humongous regions: 151->151
[2025-12-24T19:03:39.243+0000][gc,metaspace] GC(465) Metaspace: 15681K(16064K)->15681K(16064K) NonClass: 14039K(14144K)->14039K(14144K) Class: 1642K(1920K)->1642K(1920K)
[2025-12-24T19:03:39.244+0000][gc          ] GC(465) Pause Young (Normal) (G1 Evacuation Pause) 878M->272M(1024M) 21.072ms
[2025-12-24T19:03:39.244+0000][gc,cpu      ] GC(465) User=0.13s Sys=0.00s Real=0.02s
[2025-12-24T19:04:18.931+0000][gc,start    ] GC(466) Pause Young (Normal) (G1 Evacuation Pause)
[2025-12-24T19:04:18.931+0000][gc,task     ] GC(466) Using 8 workers of 8 for evacuation
[2025-12-24T19:04:18.948+0000][gc,phases   ] GC(466)   Pre Evacuate Collection Set: 1.4ms
[2025-12-24T19:04:18.948+0000][gc,phases   ] GC(466)   Merge Heap Roots: 0.3ms
[2025-12-24T19:04:18.948+0000][gc,phases   ] GC(466)   Evacuate Collection Set: 13.0ms
[2025-12-24T19:04:18.948+0000][gc,phases   ] GC(466)   Post Evacuate Collection Set: 1.5ms
[2025-12-24T19:04:18.948+0000][gc,phases   ] GC(466)   Other: 0.3ms
[2025-12-24T19:04:18.948+0000][gc,heap     ] GC(466) Eden regions: 606->0(607)
[2025-12-24T19:04:18.948+0000][gc,heap     ] GC(466) Survivor regions: 8->7(77)
[2025-12-24T19:04:18.948+0000][gc,heap     ] GC(466) Old regions: 114->114
[2025-12-24T19:04:18.948+0000][gc,heap     ] GC(466) Humongous regions: 151->151
[2025-12-24T19:04:18.948+0000][gc,metaspace] GC(466) Metaspace: 15681K(16064K)->15681K(16064K) NonClass: 14039K(14144K)->14039K(14144K) Class: 1642K(1920K)->1642K(1920K)
[2025-12-24T19:04:18.948+0000][gc          ] GC(466) Pause Young (Normal) (G1 Evacuation Pause) 878M->271M(1024M) 17.674ms
[2025-12-24T19:04:18.948+0000][gc,cpu      ] GC(466) User=0.10s Sys=0.00s Real=0.02s
[2025-12-24T19:04:49.169+0000][gc,start    ] GC(467) Pause Young (Normal) (G1 Evacuation Pause)
[2025-12-24T19:04:49.169+0000][gc,task     ] GC(467) Using 8 workers of 8 for evacuation
[2025-12-24T19:04:49.190+0000][gc,phases   ] GC(467)   Pre Evacuate Collection Set: 1.2ms
[2025-12-24T19:04:49.190+0000][gc,phases   ] GC(467)   Merge Heap Roots: 0.2ms
[2025-12-24T19:04:49.190+0000][gc,phases   ] GC(467)   Evacuate Collection Set: 17.6ms
[2025-12-24T19:04:49.190+0000][gc,phases   ] GC(467)   Post Evacuate Collection Set: 1.1ms
[2025-12-24T19:04:49.190+0000][gc,phases   ] GC(467)   Other: 0.2ms
[2025-12-24T19:04:49.190+0000][gc,heap     ] GC(467) Eden regions: 607->0(605)
[2025-12-24T19:04:49.190+0000][gc,heap     ] GC(467) Survivor regions: 7->9(77)
[2025-12-24T19:04:49.190+0000][gc,heap     ] GC(467) Old regions: 114->115
[2025-12-24T19:04:49.190+0000][gc,heap     ] GC(467) Humongous regions: 151->151
[2025-12-24T19:04:49.190+0000][gc,metaspace] GC(467) Metaspace: 15681K(16064K)->15681K(16064K) NonClass: 14039K(14144K)->14039K(14144K) Class: 1642K(1920K)->1642K(1920K)
[2025-12-24T19:04:49.190+0000][gc          ] GC(467) Pause Young (Normal) (G1 Evacuation Pause) 878M->274M(1024M) 21.650ms
[2025-12-24T19:04:49.191+0000][gc,cpu      ] GC(467) User=0.14s Sys=0.01s Real=0.02s
[2025-12-24T19:05:28.984+0000][gc,start    ] GC(468) Pause Young (Normal) (G1 Evacuation Pause)
[2025-12-24T19:05:28.984+0000][gc,task     ] GC(468) Using 8 workers of 8 for evacuation
[2025-12-24T19:05:29.002+0000][gc,phases   ] GC(468)   Pre Evacuate Collection Set: 1.1ms
[2025-12-24T19:05:29.002+0000][gc,phases   ] GC(468)   Merge Heap Roots: 0.3ms
[2025-12-24T19:05:29.002+0000][gc,phases   ] GC(468)   Evacuate Collection Set: 14.4ms
[2025-12-24T19:05:29.002+0000][gc,phases   ] GC(468)   Post Evacuate Collection Set: 1.2ms
[2025-12-24T19:05:29.002+0000][gc,phases   ] GC(468)   Other: 0.3ms
[2025-12-24T19:05:29.002+0000][gc,heap     ] GC(468) Eden regions: 605->0(606)
[2025-12-24T19:05:29.002+0000][gc,heap     ] GC(468) Survivor regions: 9->8(77)
[2025-12-24T19:05:29.002+0000][gc,heap     ] GC(468) Old regions: 115->115
[2025-12-24T19:05:29.002+0000][gc,heap     ] GC(468) Humongous regions: 151->151
[2025-12-24T19:05:29.002+0000][gc,metaspace] GC(468) Metaspace: 15681K(16064K)->15681K(16064K) NonClass: 14039K(14144K)->14039K(14144K) Class: 1642K(1920K)->1642K(1920K)
[2025-12-24T19:05:29.003+0000][gc          ] GC(468) Pause Young (Normal) (G1 Evacuation Pause) 879M->273M(1024M) 18.544ms
[2025-12-24T19:05:29.003+0000][gc,cpu      ] GC(468) User=0.11s Sys=0.00s Real=0.02s
[2025-12-24T19:05:59.090+0000][gc,start    ] GC(469) Pause Young (Normal) (G1 Evacuation Pause)
[2025-12-24T19:05:59.090+0000][gc,task     ] GC(469) Using 8 workers of 8 for evacuation
[2025-12-24T19:05:59.110+0000][gc,phases   ] GC(469)   Pre Evacuate Collection Set: 1.1ms
[2025-12-24T19:05:59.110+0000][gc,phases   ] GC(469)   Merge Heap Roots: 0.3ms
[2025-12-24T19:05:59.110+0000][gc,phases   ] GC(469)   Evacuate Collection Set: 16.8ms
[2025-12-24T19:05:59.110+0000][gc,phases   ] GC(469)   Post Evacuate Collection Set: 1.1ms
[2025-12-24T19:05:59.110+0000][gc,phases   ] GC(469)   Other: 0.4ms
[2025-12-24T19:05:59.110+0000][gc,heap     ] GC(469) Eden regions: 606->0(604)
[2025-12-24T19:05:59.110+0000][gc,heap     ] GC(469) Survivor regions: 8->10(77)
[2025-12-24T19:05:59.110+0000][gc,heap     ] GC(469) Old regions: 115->115
[2025-12-24T19:05:59.110+0000][gc,heap     ] GC(469) Humongous regions: 151->151
[2025-12-24T19:05:59.110+0000][gc,metaspace] GC(469) Metaspace: 15681K(16064K)->15681K(16064K) NonClass: 14039K(14144K)->14039K(14144K) Class: 1642K(1920K)->1642K(1920K)
[2025-12-24T19:05:59.110+0000][gc          ] GC(469) Pause Young (Normal) (G1 Evacuation Pause) 879M->275M(1024M) 20.914ms
[2025-12-24T19:05:59.110+0000][gc,cpu      ] GC(469) User=0.13s Sys=0.00s Real=0.02s
[2025-12-24T19:06:38.784+0000][gc,start    ] GC(470) Pause Young (Normal) (G1 Evacuation Pause)
[2025-12-24T19:06:38.785+0000][gc,task     ] GC(470) Using 8 workers of 8 for evacuation
[2025-12-24T19:06:38.816+0000][gc,phases   ] GC(470)   Pre Evacuate Collection Set: 1.7ms
[2025-12-24T19:06:38.816+0000][gc,phases   ] GC(470)   Merge Heap Roots: 0.5ms
[2025-12-24T19:06:38.816+0000][gc,phases   ] GC(470)   Evacuate Collection Set: 21.3ms
[2025-12-24T19:06:38.816+0000][gc,phases   ] GC(470)   Post Evacuate Collection Set: 6.4ms
[2025-12-24T19:06:38.816+0000][gc,phases   ] GC(470)   Other: 0.4ms
[2025-12-24T19:06:38.816+0000][gc,heap     ] GC(470) Eden regions: 604->0(609)
[2025-12-24T19:06:38.816+0000][gc,heap     ] GC(470) Survivor regions: 10->5(77)
[2025-12-24T19:06:38.816+0000][gc,heap     ] GC(470) Old regions: 115->115
[2025-12-24T19:06:38.816+0000][gc,heap     ] GC(470) Humongous regions: 151->151
[2025-12-24T19:06:38.816+0000][gc,metaspace] GC(470) Metaspace: 15681K(16064K)->15681K(16064K) NonClass: 14039K(14144K)->14039K(14144K) Class: 1642K(1920K)->1642K(1920K)
[2025-12-24T19:06:38.816+0000][gc          ] GC(470) Pause Young (Normal) (G1 Evacuation Pause) 879M->270M(1024M) 32.010ms
[2025-12-24T19:06:38.816+0000][gc,cpu      ] GC(470) User=0.12s Sys=0.00s Real=0.03s
[2025-12-24T19:07:09.006+0000][gc,start    ] GC(471) Pause Young (Normal) (G1 Evacuation Pause)
[2025-12-24T19:07:09.007+0000][gc,task     ] GC(471) Using 8 workers of 8 for evacuation
[2025-12-24T19:07:09.025+0000][gc,phases   ] GC(471)   Pre Evacuate Collection Set: 1.2ms
[2025-12-24T19:07:09.025+0000][gc,phases   ] GC(471)   Merge Heap Roots: 0.2ms
[2025-12-24T19:07:09.025+0000][gc,phases   ] GC(471)   Evacuate Collection Set: 15.4ms
[2025-12-24T19:07:09.025+0000][gc,phases   ] GC(471)   Post Evacuate Collection Set: 1.2ms
[2025-12-24T19:07:09.025+0000][gc,phases   ] GC(471)   Other: 0.2ms
[2025-12-24T19:07:09.025+0000][gc,heap     ] GC(471) Eden regions: 609->0(608)
[2025-12-24T19:07:09.025+0000][gc,heap     ] GC(471) Survivor regions: 5->6(77)
[2025-12-24T19:07:09.025+0000][gc,heap     ] GC(471) Old regions: 115->116
[2025-12-24T19:07:09.025+0000][gc,heap     ] GC(471) Humongous regions: 151->151
[2025-12-24T19:07:09.025+0000][gc,metaspace] GC(471) Metaspace: 15681K(16064K)->15681K(16064K) NonClass: 14039K(14144K)->14039K(14144K) Class: 1642K(1920K)->1642K(1920K)
[2025-12-24T19:07:09.025+0000][gc          ] GC(471) Pause Young (Normal) (G1 Evacuation Pause) 879M->272M(1024M) 19.376ms
[2025-12-24T19:07:09.025+0000][gc,cpu      ] GC(471) User=0.13s Sys=0.00s Real=0.01s
[2025-12-24T19:07:39.250+0000][gc,start    ] GC(472) Pause Young (Normal) (G1 Evacuation Pause)
[2025-12-24T19:07:39.252+0000][gc,task     ] GC(472) Using 8 workers of 8 for evacuation
[2025-12-24T19:07:39.264+0000][gc,phases   ] GC(472)   Pre Evacuate Collection Set: 2.0ms
[2025-12-24T19:07:39.264+0000][gc,phases   ] GC(472)   Merge Heap Roots: 0.3ms
[2025-12-24T19:07:39.264+0000][gc,phases   ] GC(472)   Evacuate Collection Set: 7.4ms
[2025-12-24T19:07:39.264+0000][gc,phases   ] GC(472)   Post Evacuate Collection Set: 1.4ms
[2025-12-24T19:07:39.264+0000][gc,phases   ] GC(472)   Other: 0.9ms
[2025-12-24T19:07:39.264+0000][gc,heap     ] GC(472) Eden regions: 608->0(607)
[2025-12-24T19:07:39.264+0000][gc,heap     ] GC(472) Survivor regions: 6->7(77)
[2025-12-24T19:07:39.264+0000][gc,heap     ] GC(472) Old regions: 116->116
[2025-12-24T19:07:39.264+0000][gc,heap     ] GC(472) Humongous regions: 151->151
[2025-12-24T19:07:39.264+0000][gc,metaspace] GC(472) Metaspace: 15681K(16064K)->15681K(16064K) NonClass: 14039K(14144K)->14039K(14144K) Class: 1642K(1920K)->1642K(1920K)
[2025-12-24T19:07:39.264+0000][gc          ] GC(472) Pause Young (Normal) (G1 Evacuation Pause) 880M->273M(1024M) 14.380ms
[2025-12-24T19:07:39.265+0000][gc,cpu      ] GC(472) User=0.07s Sys=0.00s Real=0.02s
[2025-12-24T19:08:18.992+0000][gc,start    ] GC(473) Pause Young (Normal) (G1 Evacuation Pause)
[2025-12-24T19:08:18.993+0000][gc,task     ] GC(473) Using 8 workers of 8 for evacuation
[2025-12-24T19:08:19.011+0000][gc,phases   ] GC(473)   Pre Evacuate Collection Set: 4.3ms
[2025-12-24T19:08:19.011+0000][gc,phases   ] GC(473)   Merge Heap Roots: 0.4ms
[2025-12-24T19:08:19.011+0000][gc,phases   ] GC(473)   Evacuate Collection Set: 8.0ms
[2025-12-24T19:08:19.011+0000][gc,phases   ] GC(473)   Post Evacuate Collection Set: 5.2ms
[2025-12-24T19:08:19.011+0000][gc,phases   ] GC(473)   Other: 0.6ms
[2025-12-24T19:08:19.011+0000][gc,heap     ] GC(473) Eden regions: 607->0(607)
[2025-12-24T19:08:19.011+0000][gc,heap     ] GC(473) Survivor regions: 7->7(77)
[2025-12-24T19:08:19.011+0000][gc,heap     ] GC(473) Old regions: 116->116
[2025-12-24T19:08:19.011+0000][gc,heap     ] GC(473) Humongous regions: 151->151
[2025-12-24T19:08:19.012+0000][gc,metaspace] GC(473) Metaspace: 15681K(16064K)->15681K(16064K) NonClass: 14039K(14144K)->14039K(14144K) Class: 1642K(1920K)->1642K(1920K)
[2025-12-24T19:08:19.012+0000][gc          ] GC(473) Pause Young (Normal) (G1 Evacuation Pause) 880M->273M(1024M) 19.620ms
[2025-12-24T19:08:19.012+0000][gc,cpu      ] GC(473) User=0.11s Sys=0.00s Real=0.02s
[2025-12-24T19:08:49.174+0000][gc,start    ] GC(474) Pause Young (Normal) (G1 Evacuation Pause)
[2025-12-24T19:08:49.175+0000][gc,task     ] GC(474) Using 8 workers of 8 for evacuation
[2025-12-24T19:08:49.186+0000][gc,phases   ] GC(474)   Pre Evacuate Collection Set: 1.1ms
[2025-12-24T19:08:49.187+0000][gc,phases   ] GC(474)   Merge Heap Roots: 0.3ms
[2025-12-24T19:08:49.187+0000][gc,phases   ] GC(474)   Evacuate Collection Set: 8.9ms
[2025-12-24T19:08:49.187+0000][gc,phases   ] GC(474)   Post Evacuate Collection Set: 1.1ms
[2025-12-24T19:08:49.187+0000][gc,phases   ] GC(474)   Other: 0.3ms
[2025-12-24T19:08:49.187+0000][gc,heap     ] GC(474) Eden regions: 607->0(605)
[2025-12-24T19:08:49.187+0000][gc,heap     ] GC(474) Survivor regions: 7->9(77)
[2025-12-24T19:08:49.187+0000][gc,heap     ] GC(474) Old regions: 116->116
[2025-12-24T19:08:49.187+0000][gc,heap     ] GC(474) Humongous regions: 151->151
[2025-12-24T19:08:49.187+0000][gc,metaspace] GC(474) Metaspace: 15681K(16064K)->15681K(16064K) NonClass: 14039K(14144K)->14039K(14144K) Class: 1642K(1920K)->1642K(1920K)
[2025-12-24T19:08:49.187+0000][gc          ] GC(474) Pause Young (Normal) (G1 Evacuation Pause) 880M->275M(1024M) 12.959ms
[2025-12-24T19:08:49.187+0000][gc,cpu      ] GC(474) User=0.07s Sys=0.00s Real=0.01s
[2025-12-24T19:09:28.857+0000][gc,start    ] GC(475) Pause Young (Normal) (G1 Evacuation Pause)
[2025-12-24T19:09:28.858+0000][gc,task     ] GC(475) Using 8 workers of 8 for evacuation
[2025-12-24T19:09:28.872+0000][gc,phases   ] GC(475)   Pre Evacuate Collection Set: 1.2ms
[2025-12-24T19:09:28.872+0000][gc,phases   ] GC(475)   Merge Heap Roots: 0.3ms
[2025-12-24T19:09:28.872+0000][gc,phases   ] GC(475)   Evacuate Collection Set: 11.6ms
[2025-12-24T19:09:28.872+0000][gc,phases   ] GC(475)   Post Evacuate Collection Set: 1.2ms
[2025-12-24T19:09:28.873+0000][gc,phases   ] GC(475)   Other: 0.3ms
[2025-12-24T19:09:28.873+0000][gc,heap     ] GC(475) Eden regions: 605->0(606)
[2025-12-24T19:09:28.873+0000][gc,heap     ] GC(475) Survivor regions: 9->8(77)
[2025-12-24T19:09:28.873+0000][gc,heap     ] GC(475) Old regions: 116->117
[2025-12-24T19:09:28.873+0000][gc,heap     ] GC(475) Humongous regions: 151->151
[2025-12-24T19:09:28.873+0000][gc,metaspace] GC(475) Metaspace: 15681K(16064K)->15681K(16064K) NonClass: 14039K(14144K)->14039K(14144K) Class: 1642K(1920K)->1642K(1920K)
[2025-12-24T19:09:28.873+0000][gc          ] GC(475) Pause Young (Normal) (G1 Evacuation Pause) 880M->274M(1024M) 16.007ms
[2025-12-24T19:09:28.873+0000][gc,cpu      ] GC(475) User=0.10s Sys=0.00s Real=0.02s
[2025-12-24T19:09:59.106+0000][gc,start    ] GC(476) Pause Young (Normal) (G1 Evacuation Pause)
[2025-12-24T19:09:59.107+0000][gc,task     ] GC(476) Using 8 workers of 8 for evacuation
[2025-12-24T19:09:59.121+0000][gc,phases   ] GC(476)   Pre Evacuate Collection Set: 1.2ms
[2025-12-24T19:09:59.121+0000][gc,phases   ] GC(476)   Merge Heap Roots: 0.4ms
[2025-12-24T19:09:59.122+0000][gc,phases   ] GC(476)   Evacuate Collection Set: 11.6ms
[2025-12-24T19:09:59.122+0000][gc,phases   ] GC(476)   Post Evacuate Collection Set: 1.1ms
[2025-12-24T19:09:59.122+0000][gc,phases   ] GC(476)   Other: 0.2ms
[2025-12-24T19:09:59.122+0000][gc,heap     ] GC(476) Eden regions: 606->0(604)
[2025-12-24T19:09:59.122+0000][gc,heap     ] GC(476) Survivor regions: 8->10(77)
[2025-12-24T19:09:59.122+0000][gc,heap     ] GC(476) Old regions: 117->117
[2025-12-24T19:09:59.122+0000][gc,heap     ] GC(476) Humongous regions: 151->151
[2025-12-24T19:09:59.122+0000][gc,metaspace] GC(476) Metaspace: 15681K(16064K)->15681K(16064K) NonClass: 14039K(14144K)->14039K(14144K) Class: 1642K(1920K)->1642K(1920K)
[2025-12-24T19:09:59.122+0000][gc          ] GC(476) Pause Young (Normal) (G1 Evacuation Pause) 880M->276M(1024M) 15.615ms
[2025-12-24T19:09:59.122+0000][gc,cpu      ] GC(476) User=0.09s Sys=0.00s Real=0.02s
[2025-12-24T19:10:38.786+0000][gc,start    ] GC(477) Pause Young (Normal) (G1 Evacuation Pause)
[2025-12-24T19:10:38.787+0000][gc,task     ] GC(477) Using 8 workers of 8 for evacuation
[2025-12-24T19:10:38.800+0000][gc,phases   ] GC(477)   Pre Evacuate Collection Set: 1.1ms
[2025-12-24T19:10:38.800+0000][gc,phases   ] GC(477)   Merge Heap Roots: 0.3ms
[2025-12-24T19:10:38.801+0000][gc,phases   ] GC(477)   Evacuate Collection Set: 10.0ms
[2025-12-24T19:10:38.801+0000][gc,phases   ] GC(477)   Post Evacuate Collection Set: 1.6ms
[2025-12-24T19:10:38.801+0000][gc,phases   ] GC(477)   Other: 0.3ms
[2025-12-24T19:10:38.801+0000][gc,heap     ] GC(477) Eden regions: 604->0(609)
[2025-12-24T19:10:38.801+0000][gc,heap     ] GC(477) Survivor regions: 10->5(77)
[2025-12-24T19:10:38.801+0000][gc,heap     ] GC(477) Old regions: 117->117
[2025-12-24T19:10:38.801+0000][gc,heap     ] GC(477) Humongous regions: 151->151
[2025-12-24T19:10:38.801+0000][gc,metaspace] GC(477) Metaspace: 15681K(16064K)->15681K(16064K) NonClass: 14039K(14144K)->14039K(14144K) Class: 1642K(1920K)->1642K(1920K)
[2025-12-24T19:10:38.801+0000][gc          ] GC(477) Pause Young (Normal) (G1 Evacuation Pause) 880M->271M(1024M) 15.309ms
[2025-12-24T19:10:38.801+0000][gc,cpu      ] GC(477) User=0.05s Sys=0.01s Real=0.01s
[2025-12-24T19:11:09.001+0000][gc,start    ] GC(478) Pause Young (Normal) (G1 Evacuation Pause)
[2025-12-24T19:11:09.002+0000][gc,task     ] GC(478) Using 8 workers of 8 for evacuation
[2025-12-24T19:11:09.014+0000][gc,phases   ] GC(478)   Pre Evacuate Collection Set: 1.0ms
[2025-12-24T19:11:09.014+0000][gc,phases   ] GC(478)   Merge Heap Roots: 0.3ms
[2025-12-24T19:11:09.014+0000][gc,phases   ] GC(478)   Evacuate Collection Set: 9.3ms
[2025-12-24T19:11:09.014+0000][gc,phases   ] GC(478)   Post Evacuate Collection Set: 1.1ms
[2025-12-24T19:11:09.014+0000][gc,phases   ] GC(478)   Other: 0.2ms
[2025-12-24T19:11:09.014+0000][gc,heap     ] GC(478) Eden regions: 609->0(608)
[2025-12-24T19:11:09.014+0000][gc,heap     ] GC(478) Survivor regions: 5->6(77)
[2025-12-24T19:11:09.014+0000][gc,heap     ] GC(478) Old regions: 117->117
[2025-12-24T19:11:09.014+0000][gc,heap     ] GC(478) Humongous regions: 151->151
[2025-12-24T19:11:09.014+0000][gc,metaspace] GC(478) Metaspace: 15681K(16064K)->15681K(16064K) NonClass: 14039K(14144K)->14039K(14144K) Class: 1642K(1920K)->1642K(1920K)
[2025-12-24T19:11:09.014+0000][gc          ] GC(478) Pause Young (Normal) (G1 Evacuation Pause) 880M->273M(1024M) 13.148ms
[2025-12-24T19:11:09.014+0000][gc,cpu      ] GC(478) User=0.08s Sys=0.00s Real=0.02s
[2025-12-24T19:11:39.259+0000][gc,start    ] GC(479) Pause Young (Normal) (G1 Evacuation Pause)
[2025-12-24T19:11:39.259+0000][gc,task     ] GC(479) Using 8 workers of 8 for evacuation
[2025-12-24T19:11:39.279+0000][gc,phases   ] GC(479)   Pre Evacuate Collection Set: 1.0ms
[2025-12-24T19:11:39.279+0000][gc,phases   ] GC(479)   Merge Heap Roots: 0.3ms
[2025-12-24T19:11:39.279+0000][gc,phases   ] GC(479)   Evacuate Collection Set: 17.3ms
[2025-12-24T19:11:39.280+0000][gc,phases   ] GC(479)   Post Evacuate Collection Set: 1.3ms
[2025-12-24T19:11:39.280+0000][gc,phases   ] GC(479)   Other: 0.2ms
[2025-12-24T19:11:39.280+0000][gc,heap     ] GC(479) Eden regions: 608->0(607)
[2025-12-24T19:11:39.280+0000][gc,heap     ] GC(479) Survivor regions: 6->7(77)
[2025-12-24T19:11:39.280+0000][gc,heap     ] GC(479) Old regions: 117->118
[2025-12-24T19:11:39.280+0000][gc,heap     ] GC(479) Humongous regions: 151->151
[2025-12-24T19:11:39.280+0000][gc,metaspace] GC(479) Metaspace: 15681K(16064K)->15681K(16064K) NonClass: 14039K(14144K)->14039K(14144K) Class: 1642K(1920K)->1642K(1920K)
[2025-12-24T19:11:39.280+0000][gc          ] GC(479) Pause Young (Normal) (G1 Evacuation Pause) 881M->275M(1024M) 21.349ms
[2025-12-24T19:11:39.280+0000][gc,cpu      ] GC(479) User=0.14s Sys=0.00s Real=0.02s
[2025-12-24T19:12:18.949+0000][gc,start    ] GC(480) Pause Young (Normal) (G1 Evacuation Pause)
[2025-12-24T19:12:18.950+0000][gc,task     ] GC(480) Using 8 workers of 8 for evacuation
[2025-12-24T19:12:18.962+0000][gc,phases   ] GC(480)   Pre Evacuate Collection Set: 1.2ms
[2025-12-24T19:12:18.962+0000][gc,phases   ] GC(480)   Merge Heap Roots: 0.3ms
[2025-12-24T19:12:18.962+0000][gc,phases   ] GC(480)   Evacuate Collection Set: 9.2ms
[2025-12-24T19:12:18.962+0000][gc,phases   ] GC(480)   Post Evacuate Collection Set: 1.2ms
[2025-12-24T19:12:18.962+0000][gc,phases   ] GC(480)   Other: 0.2ms
[2025-12-24T19:12:18.962+0000][gc,heap     ] GC(480) Eden regions: 607->0(607)
[2025-12-24T19:12:18.962+0000][gc,heap     ] GC(480) Survivor regions: 7->7(77)
[2025-12-24T19:12:18.962+0000][gc,heap     ] GC(480) Old regions: 118->118
[2025-12-24T19:12:18.962+0000][gc,heap     ] GC(480) Humongous regions: 151->151
[2025-12-24T19:12:18.962+0000][gc,metaspace] GC(480) Metaspace: 15681K(16064K)->15681K(16064K) NonClass: 14039K(14144K)->14039K(14144K) Class: 1642K(1920K)->1642K(1920K)
[2025-12-24T19:12:18.963+0000][gc          ] GC(480) Pause Young (Normal) (G1 Evacuation Pause) 882M->274M(1024M) 13.106ms
[2025-12-24T19:12:18.963+0000][gc,cpu      ] GC(480) User=0.07s Sys=0.00s Real=0.01s
[2025-12-24T19:12:49.187+0000][gc,start    ] GC(481) Pause Young (Normal) (G1 Evacuation Pause)
[2025-12-24T19:12:49.188+0000][gc,task     ] GC(481) Using 8 workers of 8 for evacuation
[2025-12-24T19:12:49.204+0000][gc,phases   ] GC(481)   Pre Evacuate Collection Set: 1.3ms
[2025-12-24T19:12:49.204+0000][gc,phases   ] GC(481)   Merge Heap Roots: 0.3ms
[2025-12-24T19:12:49.204+0000][gc,phases   ] GC(481)   Evacuate Collection Set: 13.1ms
[2025-12-24T19:12:49.204+0000][gc,phases   ] GC(481)   Post Evacuate Collection Set: 1.1ms
[2025-12-24T19:12:49.204+0000][gc,phases   ] GC(481)   Other: 0.3ms
[2025-12-24T19:12:49.205+0000][gc,heap     ] GC(481) Eden regions: 607->0(605)
[2025-12-24T19:12:49.205+0000][gc,heap     ] GC(481) Survivor regions: 7->9(77)
[2025-12-24T19:12:49.205+0000][gc,heap     ] GC(481) Old regions: 118->118
[2025-12-24T19:12:49.205+0000][gc,heap     ] GC(481) Humongous regions: 151->151
[2025-12-24T19:12:49.205+0000][gc,metaspace] GC(481) Metaspace: 15681K(16064K)->15681K(16064K) NonClass: 14039K(14144K)->14039K(14144K) Class: 1642K(1920K)->1642K(1920K)
[2025-12-24T19:12:49.205+0000][gc          ] GC(481) Pause Young (Normal) (G1 Evacuation Pause) 881M->277M(1024M) 17.541ms
[2025-12-24T19:12:49.205+0000][gc,cpu      ] GC(481) User=0.10s Sys=0.00s Real=0.01s
[2025-12-24T19:13:28.877+0000][gc,start    ] GC(482) Pause Young (Normal) (G1 Evacuation Pause)
[2025-12-24T19:13:28.878+0000][gc,task     ] GC(482) Using 8 workers of 8 for evacuation
[2025-12-24T19:13:28.892+0000][gc,phases   ] GC(482)   Pre Evacuate Collection Set: 1.2ms
[2025-12-24T19:13:28.892+0000][gc,phases   ] GC(482)   Merge Heap Roots: 0.3ms
[2025-12-24T19:13:28.892+0000][gc,phases   ] GC(482)   Evacuate Collection Set: 11.0ms
[2025-12-24T19:13:28.892+0000][gc,phases   ] GC(482)   Post Evacuate Collection Set: 1.2ms
[2025-12-24T19:13:28.892+0000][gc,phases   ] GC(482)   Other: 0.2ms
[2025-12-24T19:13:28.892+0000][gc,heap     ] GC(482) Eden regions: 605->0(606)
[2025-12-24T19:13:28.892+0000][gc,heap     ] GC(482) Survivor regions: 9->8(77)
[2025-12-24T19:13:28.892+0000][gc,heap     ] GC(482) Old regions: 118->118
[2025-12-24T19:13:28.892+0000][gc,heap     ] GC(482) Humongous regions: 151->151
[2025-12-24T19:13:28.892+0000][gc,metaspace] GC(482) Metaspace: 15681K(16064K)->15681K(16064K) NonClass: 14039K(14144K)->14039K(14144K) Class: 1642K(1920K)->1642K(1920K)
[2025-12-24T19:13:28.892+0000][gc          ] GC(482) Pause Young (Normal) (G1 Evacuation Pause) 882M->276M(1024M) 14.983ms
[2025-12-24T19:13:28.893+0000][gc,cpu      ] GC(482) User=0.10s Sys=0.00s Real=0.01s
[2025-12-24T19:13:59.104+0000][gc,start    ] GC(483) Pause Young (Normal) (G1 Evacuation Pause)
[2025-12-24T19:13:59.104+0000][gc,task     ] GC(483) Using 8 workers of 8 for evacuation
[2025-12-24T19:13:59.120+0000][gc,phases   ] GC(483)   Pre Evacuate Collection Set: 1.1ms
[2025-12-24T19:13:59.120+0000][gc,phases   ] GC(483)   Merge Heap Roots: 0.3ms
[2025-12-24T19:13:59.120+0000][gc,phases   ] GC(483)   Evacuate Collection Set: 12.0ms
[2025-12-24T19:13:59.120+0000][gc,phases   ] GC(483)   Post Evacuate Collection Set: 2.0ms
[2025-12-24T19:13:59.120+0000][gc,phases   ] GC(483)   Other: 0.3ms
[2025-12-24T19:13:59.120+0000][gc,heap     ] GC(483) Eden regions: 606->0(604)
[2025-12-24T19:13:59.120+0000][gc,heap     ] GC(483) Survivor regions: 8->10(77)
[2025-12-24T19:13:59.120+0000][gc,heap     ] GC(483) Old regions: 118->119
[2025-12-24T19:13:59.120+0000][gc,heap     ] GC(483) Humongous regions: 151->151
[2025-12-24T19:13:59.120+0000][gc,metaspace] GC(483) Metaspace: 15681K(16064K)->15681K(16064K) NonClass: 14039K(14144K)->14039K(14144K) Class: 1642K(1920K)->1642K(1920K)
[2025-12-24T19:13:59.120+0000][gc          ] GC(483) Pause Young (Normal) (G1 Evacuation Pause) 882M->278M(1024M) 16.853ms
[2025-12-24T19:13:59.120+0000][gc,cpu      ] GC(483) User=0.10s Sys=0.01s Real=0.02s
[2025-12-24T19:14:38.774+0000][gc,start    ] GC(484) Pause Young (Normal) (G1 Evacuation Pause)
[2025-12-24T19:14:38.775+0000][gc,task     ] GC(484) Using 8 workers of 8 for evacuation
[2025-12-24T19:14:38.793+0000][gc,phases   ] GC(484)   Pre Evacuate Collection Set: 1.3ms
[2025-12-24T19:14:38.793+0000][gc,phases   ] GC(484)   Merge Heap Roots: 0.2ms
[2025-12-24T19:14:38.793+0000][gc,phases   ] GC(484)   Evacuate Collection Set: 14.0ms
[2025-12-24T19:14:38.793+0000][gc,phases   ] GC(484)   Post Evacuate Collection Set: 1.5ms
[2025-12-24T19:14:38.793+0000][gc,phases   ] GC(484)   Other: 0.2ms
[2025-12-24T19:14:38.793+0000][gc,heap     ] GC(484) Eden regions: 604->0(605)
[2025-12-24T19:14:38.793+0000][gc,heap     ] GC(484) Survivor regions: 10->9(77)
[2025-12-24T19:14:38.793+0000][gc,heap     ] GC(484) Old regions: 119->119
[2025-12-24T19:14:38.793+0000][gc,heap     ] GC(484) Humongous regions: 151->151
[2025-12-24T19:14:38.793+0000][gc,metaspace] GC(484) Metaspace: 15681K(16064K)->15681K(16064K) NonClass: 14039K(14144K)->14039K(14144K) Class: 1642K(1920K)->1642K(1920K)
[2025-12-24T19:14:38.793+0000][gc          ] GC(484) Pause Young (Normal) (G1 Evacuation Pause) 882M->277M(1024M) 19.163ms
[2025-12-24T19:14:38.793+0000][gc,cpu      ] GC(484) User=0.11s Sys=0.01s Real=0.02s
[2025-12-24T19:15:09.014+0000][gc,start    ] GC(485) Pause Young (Normal) (G1 Evacuation Pause)
[2025-12-24T19:15:09.015+0000][gc,task     ] GC(485) Using 8 workers of 8 for evacuation
[2025-12-24T19:15:09.031+0000][gc,phases   ] GC(485)   Pre Evacuate Collection Set: 1.3ms
[2025-12-24T19:15:09.031+0000][gc,phases   ] GC(485)   Merge Heap Roots: 0.4ms
[2025-12-24T19:15:09.031+0000][gc,phases   ] GC(485)   Evacuate Collection Set: 12.8ms
[2025-12-24T19:15:09.031+0000][gc,phases   ] GC(485)   Post Evacuate Collection Set: 1.1ms
[2025-12-24T19:15:09.031+0000][gc,phases   ] GC(485)   Other: 0.3ms
[2025-12-24T19:15:09.031+0000][gc,heap     ] GC(485) Eden regions: 605->0(608)
[2025-12-24T19:15:09.031+0000][gc,heap     ] GC(485) Survivor regions: 9->6(77)
[2025-12-24T19:15:09.031+0000][gc,heap     ] GC(485) Old regions: 119->119
[2025-12-24T19:15:09.031+0000][gc,heap     ] GC(485) Humongous regions: 151->151
[2025-12-24T19:15:09.031+0000][gc,metaspace] GC(485) Metaspace: 15681K(16064K)->15681K(16064K) NonClass: 14039K(14144K)->14039K(14144K) Class: 1642K(1920K)->1642K(1920K)
[2025-12-24T19:15:09.031+0000][gc          ] GC(485) Pause Young (Normal) (G1 Evacuation Pause) 882M->275M(1024M) 17.182ms
[2025-12-24T19:15:09.031+0000][gc,cpu      ] GC(485) User=0.11s Sys=0.00s Real=0.02s
[2025-12-24T19:15:39.301+0000][gc,start    ] GC(486) Pause Young (Normal) (G1 Evacuation Pause)
[2025-12-24T19:15:39.302+0000][gc,task     ] GC(486) Using 8 workers of 8 for evacuation
[2025-12-24T19:15:39.313+0000][gc,phases   ] GC(486)   Pre Evacuate Collection Set: 1.3ms
[2025-12-24T19:15:39.313+0000][gc,phases   ] GC(486)   Merge Heap Roots: 0.3ms
[2025-12-24T19:15:39.313+0000][gc,phases   ] GC(486)   Evacuate Collection Set: 7.5ms
[2025-12-24T19:15:39.313+0000][gc,phases   ] GC(486)   Post Evacuate Collection Set: 1.3ms
[2025-12-24T19:15:39.313+0000][gc,phases   ] GC(486)   Other: 0.3ms
[2025-12-24T19:15:39.313+0000][gc,heap     ] GC(486) Eden regions: 608->0(606)
[2025-12-24T19:15:39.313+0000][gc,heap     ] GC(486) Survivor regions: 6->8(77)
[2025-12-24T19:15:39.313+0000][gc,heap     ] GC(486) Old regions: 119->119
[2025-12-24T19:15:39.313+0000][gc,heap     ] GC(486) Humongous regions: 151->151
[2025-12-24T19:15:39.313+0000][gc,metaspace] GC(486) Metaspace: 15681K(16064K)->15681K(16064K) NonClass: 14039K(14144K)->14039K(14144K) Class: 1642K(1920K)->1642K(1920K)
[2025-12-24T19:15:39.313+0000][gc          ] GC(486) Pause Young (Normal) (G1 Evacuation Pause) 883M->276M(1024M) 12.104ms
[2025-12-24T19:15:39.314+0000][gc,cpu      ] GC(486) User=0.06s Sys=0.00s Real=0.01s
[2025-12-24T19:16:18.941+0000][gc,start    ] GC(487) Pause Young (Normal) (G1 Evacuation Pause)
[2025-12-24T19:16:18.942+0000][gc,task     ] GC(487) Using 8 workers of 8 for evacuation
[2025-12-24T19:16:18.962+0000][gc,phases   ] GC(487)   Pre Evacuate Collection Set: 3.1ms
[2025-12-24T19:16:18.962+0000][gc,phases   ] GC(487)   Merge Heap Roots: 0.3ms
[2025-12-24T19:16:18.962+0000][gc,phases   ] GC(487)   Evacuate Collection Set: 13.7ms
[2025-12-24T19:16:18.962+0000][gc,phases   ] GC(487)   Post Evacuate Collection Set: 2.2ms
[2025-12-24T19:16:18.962+0000][gc,phases   ] GC(487)   Other: 0.4ms
[2025-12-24T19:16:18.962+0000][gc,heap     ] GC(487) Eden regions: 606->0(607)
[2025-12-24T19:16:18.962+0000][gc,heap     ] GC(487) Survivor regions: 8->7(77)
[2025-12-24T19:16:18.962+0000][gc,heap     ] GC(487) Old regions: 119->119
[2025-12-24T19:16:18.962+0000][gc,heap     ] GC(487) Humongous regions: 151->151
[2025-12-24T19:16:18.962+0000][gc,metaspace] GC(487) Metaspace: 15681K(16064K)->15681K(16064K) NonClass: 14039K(14144K)->14039K(14144K) Class: 1642K(1920K)->1642K(1920K)
[2025-12-24T19:16:18.962+0000][gc          ] GC(487) Pause Young (Normal) (G1 Evacuation Pause) 882M->276M(1024M) 21.793ms
[2025-12-24T19:16:18.963+0000][gc,cpu      ] GC(487) User=0.12s Sys=0.00s Real=0.02s
[2025-12-24T19:16:49.184+0000][gc,start    ] GC(488) Pause Young (Normal) (G1 Evacuation Pause)
[2025-12-24T19:16:49.184+0000][gc,task     ] GC(488) Using 8 workers of 8 for evacuation
[2025-12-24T19:16:49.206+0000][gc,phases   ] GC(488)   Pre Evacuate Collection Set: 3.1ms
[2025-12-24T19:16:49.206+0000][gc,phases   ] GC(488)   Merge Heap Roots: 1.2ms
[2025-12-24T19:16:49.206+0000][gc,phases   ] GC(488)   Evacuate Collection Set: 15.1ms
[2025-12-24T19:16:49.206+0000][gc,phases   ] GC(488)   Post Evacuate Collection Set: 1.4ms
[2025-12-24T19:16:49.206+0000][gc,phases   ] GC(488)   Other: 0.8ms
[2025-12-24T19:16:49.206+0000][gc,heap     ] GC(488) Eden regions: 607->0(605)
[2025-12-24T19:16:49.206+0000][gc,heap     ] GC(488) Survivor regions: 7->9(77)
[2025-12-24T19:16:49.206+0000][gc,heap     ] GC(488) Old regions: 119->120
[2025-12-24T19:16:49.207+0000][gc,heap     ] GC(488) Humongous regions: 151->151
[2025-12-24T19:16:49.207+0000][gc,metaspace] GC(488) Metaspace: 15681K(16064K)->15681K(16064K) NonClass: 14039K(14144K)->14039K(14144K) Class: 1642K(1920K)->1642K(1920K)
[2025-12-24T19:16:49.207+0000][gc          ] GC(488) Pause Young (Normal) (G1 Evacuation Pause) 883M->278M(1024M) 22.857ms
[2025-12-24T19:16:49.207+0000][gc,cpu      ] GC(488) User=0.14s Sys=0.00s Real=0.02s
[2025-12-24T19:17:28.842+0000][gc,start    ] GC(489) Pause Young (Normal) (G1 Evacuation Pause)
[2025-12-24T19:17:28.842+0000][gc,task     ] GC(489) Using 8 workers of 8 for evacuation
[2025-12-24T19:17:28.855+0000][gc,phases   ] GC(489)   Pre Evacuate Collection Set: 1.1ms
[2025-12-24T19:17:28.855+0000][gc,phases   ] GC(489)   Merge Heap Roots: 0.3ms
[2025-12-24T19:17:28.855+0000][gc,phases   ] GC(489)   Evacuate Collection Set: 8.8ms
[2025-12-24T19:17:28.855+0000][gc,phases   ] GC(489)   Post Evacuate Collection Set: 2.4ms
[2025-12-24T19:17:28.855+0000][gc,phases   ] GC(489)   Other: 0.2ms
[2025-12-24T19:17:28.856+0000][gc,heap     ] GC(489) Eden regions: 605->0(606)
[2025-12-24T19:17:28.856+0000][gc,heap     ] GC(489) Survivor regions: 9->8(77)
[2025-12-24T19:17:28.856+0000][gc,heap     ] GC(489) Old regions: 120->120
[2025-12-24T19:17:28.856+0000][gc,heap     ] GC(489) Humongous regions: 151->151
[2025-12-24T19:17:28.856+0000][gc,metaspace] GC(489) Metaspace: 15681K(16064K)->15681K(16064K) NonClass: 14039K(14144K)->14039K(14144K) Class: 1642K(1920K)->1642K(1920K)
[2025-12-24T19:17:28.856+0000][gc          ] GC(489) Pause Young (Normal) (G1 Evacuation Pause) 883M->278M(1024M) 13.952ms
[2025-12-24T19:17:28.856+0000][gc,cpu      ] GC(489) User=0.08s Sys=0.00s Real=0.02s
[2025-12-24T19:17:59.129+0000][gc,start    ] GC(490) Pause Young (Normal) (G1 Evacuation Pause)
[2025-12-24T19:17:59.130+0000][gc,task     ] GC(490) Using 8 workers of 8 for evacuation
[2025-12-24T19:17:59.148+0000][gc,phases   ] GC(490)   Pre Evacuate Collection Set: 1.4ms
[2025-12-24T19:17:59.149+0000][gc,phases   ] GC(490)   Merge Heap Roots: 0.3ms
[2025-12-24T19:17:59.149+0000][gc,phases   ] GC(490)   Evacuate Collection Set: 12.1ms
[2025-12-24T19:17:59.149+0000][gc,phases   ] GC(490)   Post Evacuate Collection Set: 3.9ms
[2025-12-24T19:17:59.149+0000][gc,phases   ] GC(490)   Other: 0.5ms
[2025-12-24T19:17:59.149+0000][gc,heap     ] GC(490) Eden regions: 606->0(605)
[2025-12-24T19:17:59.149+0000][gc,heap     ] GC(490) Survivor regions: 8->9(77)
[2025-12-24T19:17:59.149+0000][gc,heap     ] GC(490) Old regions: 120->120
[2025-12-24T19:17:59.149+0000][gc,heap     ] GC(490) Humongous regions: 151->151
[2025-12-24T19:17:59.149+0000][gc,metaspace] GC(490) Metaspace: 15681K(16064K)->15681K(16064K) NonClass: 14039K(14144K)->14039K(14144K) Class: 1642K(1920K)->1642K(1920K)
[2025-12-24T19:17:59.150+0000][gc          ] GC(490) Pause Young (Normal) (G1 Evacuation Pause) 884M->279M(1024M) 20.763ms
[2025-12-24T19:17:59.150+0000][gc,cpu      ] GC(490) User=0.11s Sys=0.00s Real=0.02s
[2025-12-24T19:18:38.785+0000][gc,start    ] GC(491) Pause Young (Normal) (G1 Evacuation Pause)
[2025-12-24T19:18:38.785+0000][gc,task     ] GC(491) Using 8 workers of 8 for evacuation
[2025-12-24T19:18:38.813+0000][gc,phases   ] GC(491)   Pre Evacuate Collection Set: 5.4ms
[2025-12-24T19:18:38.813+0000][gc,phases   ] GC(491)   Merge Heap Roots: 0.7ms
[2025-12-24T19:18:38.813+0000][gc,phases   ] GC(491)   Evacuate Collection Set: 19.6ms
[2025-12-24T19:18:38.813+0000][gc,phases   ] GC(491)   Post Evacuate Collection Set: 1.3ms
[2025-12-24T19:18:38.813+0000][gc,phases   ] GC(491)   Other: 0.3ms
[2025-12-24T19:18:38.813+0000][gc,heap     ] GC(491) Eden regions: 605->0(605)
[2025-12-24T19:18:38.813+0000][gc,heap     ] GC(491) Survivor regions: 9->9(77)
[2025-12-24T19:18:38.813+0000][gc,heap     ] GC(491) Old regions: 120->120
[2025-12-24T19:18:38.813+0000][gc,heap     ] GC(491) Humongous regions: 151->151
[2025-12-24T19:18:38.813+0000][gc,metaspace] GC(491) Metaspace: 15688K(16064K)->15688K(16064K) NonClass: 14046K(14144K)->14046K(14144K) Class: 1642K(1920K)->1642K(1920K)
[2025-12-24T19:18:38.813+0000][gc          ] GC(491) Pause Young (Normal) (G1 Evacuation Pause) 884M->279M(1024M) 28.785ms
[2025-12-24T19:18:38.813+0000][gc,cpu      ] GC(491) User=0.19s Sys=0.00s Real=0.03s
[2025-12-24T19:19:09.017+0000][gc,start    ] GC(492) Pause Young (Normal) (G1 Evacuation Pause)
[2025-12-24T19:19:09.018+0000][gc,task     ] GC(492) Using 8 workers of 8 for evacuation
[2025-12-24T19:19:09.033+0000][gc,phases   ] GC(492)   Pre Evacuate Collection Set: 1.1ms
[2025-12-24T19:19:09.034+0000][gc,phases   ] GC(492)   Merge Heap Roots: 0.2ms
[2025-12-24T19:19:09.034+0000][gc,phases   ] GC(492)   Evacuate Collection Set: 12.3ms
[2025-12-24T19:19:09.034+0000][gc,phases   ] GC(492)   Post Evacuate Collection Set: 1.4ms
[2025-12-24T19:19:09.034+0000][gc,phases   ] GC(492)   Other: 0.2ms
[2025-12-24T19:19:09.034+0000][gc,heap     ] GC(492) Eden regions: 605->0(608)
[2025-12-24T19:19:09.034+0000][gc,heap     ] GC(492) Survivor regions: 9->6(77)
[2025-12-24T19:19:09.034+0000][gc,heap     ] GC(492) Old regions: 120->121
[2025-12-24T19:19:09.034+0000][gc,heap     ] GC(492) Humongous regions: 151->151
[2025-12-24T19:19:09.034+0000][gc,metaspace] GC(492) Metaspace: 15688K(16064K)->15688K(16064K) NonClass: 14046K(14144K)->14046K(14144K) Class: 1642K(1920K)->1642K(1920K)
[2025-12-24T19:19:09.034+0000][gc          ] GC(492) Pause Young (Normal) (G1 Evacuation Pause) 884M->276M(1024M) 17.010ms
[2025-12-24T19:19:09.034+0000][gc,cpu      ] GC(492) User=0.07s Sys=0.02s Real=0.02s
[2025-12-24T19:19:46.037+0000][gc,start    ] GC(493) Pause Young (Normal) (G1 Evacuation Pause)
[2025-12-24T19:19:46.038+0000][gc,task     ] GC(493) Using 8 workers of 8 for evacuation
[2025-12-24T19:19:46.052+0000][gc,phases   ] GC(493)   Pre Evacuate Collection Set: 2.1ms
[2025-12-24T19:19:46.053+0000][gc,phases   ] GC(493)   Merge Heap Roots: 0.6ms
[2025-12-24T19:19:46.053+0000][gc,phases   ] GC(493)   Evacuate Collection Set: 9.8ms
[2025-12-24T19:19:46.053+0000][gc,phases   ] GC(493)   Post Evacuate Collection Set: 1.6ms
[2025-12-24T19:19:46.053+0000][gc,phases   ] GC(493)   Other: 0.4ms
[2025-12-24T19:19:46.053+0000][gc,heap     ] GC(493) Eden regions: 608->0(609)
[2025-12-24T19:19:46.053+0000][gc,heap     ] GC(493) Survivor regions: 6->5(77)
[2025-12-24T19:19:46.053+0000][gc,heap     ] GC(493) Old regions: 121->121
[2025-12-24T19:19:46.053+0000][gc,heap     ] GC(493) Humongous regions: 151->151
[2025-12-24T19:19:46.053+0000][gc,metaspace] GC(493) Metaspace: 15688K(16064K)->15688K(16064K) NonClass: 14046K(14144K)->14046K(14144K) Class: 1642K(1920K)->1642K(1920K)
[2025-12-24T19:19:46.054+0000][gc          ] GC(493) Pause Young (Normal) (G1 Evacuation Pause) 884M->275M(1024M) 16.968ms
[2025-12-24T19:19:46.054+0000][gc,cpu      ] GC(493) User=0.08s Sys=0.00s Real=0.01s
[2025-12-24T19:20:18.930+0000][gc,start    ] GC(494) Pause Young (Normal) (G1 Evacuation Pause)
[2025-12-24T19:20:18.931+0000][gc,task     ] GC(494) Using 8 workers of 8 for evacuation
[2025-12-24T19:20:18.947+0000][gc,phases   ] GC(494)   Pre Evacuate Collection Set: 1.1ms
[2025-12-24T19:20:18.947+0000][gc,phases   ] GC(494)   Merge Heap Roots: 0.3ms
[2025-12-24T19:20:18.947+0000][gc,phases   ] GC(494)   Evacuate Collection Set: 13.7ms
[2025-12-24T19:20:18.947+0000][gc,phases   ] GC(494)   Post Evacuate Collection Set: 1.1ms
[2025-12-24T19:20:18.948+0000][gc,phases   ] GC(494)   Other: 0.3ms
[2025-12-24T19:20:18.948+0000][gc,heap     ] GC(494) Eden regions: 609->0(607)
[2025-12-24T19:20:18.948+0000][gc,heap     ] GC(494) Survivor regions: 5->7(77)
[2025-12-24T19:20:18.948+0000][gc,heap     ] GC(494) Old regions: 121->121
[2025-12-24T19:20:18.948+0000][gc,heap     ] GC(494) Humongous regions: 151->151
[2025-12-24T19:20:18.948+0000][gc,metaspace] GC(494) Metaspace: 15688K(16064K)->15688K(16064K) NonClass: 14046K(14144K)->14046K(14144K) Class: 1642K(1920K)->1642K(1920K)
[2025-12-24T19:20:18.948+0000][gc          ] GC(494) Pause Young (Normal) (G1 Evacuation Pause) 884M->278M(1024M) 17.726ms
[2025-12-24T19:20:18.948+0000][gc,cpu      ] GC(494) User=0.11s Sys=0.01s Real=0.02s
[2025-12-24T19:20:49.193+0000][gc,start    ] GC(495) Pause Young (Normal) (G1 Evacuation Pause)
[2025-12-24T19:20:49.193+0000][gc,task     ] GC(495) Using 8 workers of 8 for evacuation
[2025-12-24T19:20:49.217+0000][gc,phases   ] GC(495)   Pre Evacuate Collection Set: 3.6ms
[2025-12-24T19:20:49.217+0000][gc,phases   ] GC(495)   Merge Heap Roots: 1.4ms
[2025-12-24T19:20:49.217+0000][gc,phases   ] GC(495)   Evacuate Collection Set: 16.9ms
[2025-12-24T19:20:49.217+0000][gc,phases   ] GC(495)   Post Evacuate Collection Set: 1.2ms
[2025-12-24T19:20:49.217+0000][gc,phases   ] GC(495)   Other: 0.9ms
[2025-12-24T19:20:49.217+0000][gc,heap     ] GC(495) Eden regions: 607->0(606)
[2025-12-24T19:20:49.217+0000][gc,heap     ] GC(495) Survivor regions: 7->8(77)
[2025-12-24T19:20:49.217+0000][gc,heap     ] GC(495) Old regions: 121->121
[2025-12-24T19:20:49.217+0000][gc,heap     ] GC(495) Humongous regions: 151->151
[2025-12-24T19:20:49.218+0000][gc,metaspace] GC(495) Metaspace: 15688K(16064K)->15688K(16064K) NonClass: 14046K(14144K)->14046K(14144K) Class: 1642K(1920K)->1642K(1920K)
[2025-12-24T19:20:49.218+0000][gc          ] GC(495) Pause Young (Normal) (G1 Evacuation Pause) 885M->279M(1024M) 25.046ms
[2025-12-24T19:20:49.218+0000][gc,cpu      ] GC(495) User=0.16s Sys=0.00s Real=0.02s
[2025-12-24T19:21:28.850+0000][gc,start    ] GC(496) Pause Young (Normal) (G1 Evacuation Pause)
[2025-12-24T19:21:28.850+0000][gc,task     ] GC(496) Using 8 workers of 8 for evacuation
[2025-12-24T19:21:28.863+0000][gc,phases   ] GC(496)   Pre Evacuate Collection Set: 1.1ms
[2025-12-24T19:21:28.863+0000][gc,phases   ] GC(496)   Merge Heap Roots: 0.3ms
[2025-12-24T19:21:28.863+0000][gc,phases   ] GC(496)   Evacuate Collection Set: 9.9ms
[2025-12-24T19:21:28.863+0000][gc,phases   ] GC(496)   Post Evacuate Collection Set: 1.2ms
[2025-12-24T19:21:28.863+0000][gc,phases   ] GC(496)   Other: 0.3ms
[2025-12-24T19:21:28.863+0000][gc,heap     ] GC(496) Eden regions: 606->0(606)
[2025-12-24T19:21:28.863+0000][gc,heap     ] GC(496) Survivor regions: 8->8(77)
[2025-12-24T19:21:28.863+0000][gc,heap     ] GC(496) Old regions: 121->121
[2025-12-24T19:21:28.863+0000][gc,heap     ] GC(496) Humongous regions: 151->151
[2025-12-24T19:21:28.864+0000][gc,metaspace] GC(496) Metaspace: 15691K(16064K)->15691K(16064K) NonClass: 14049K(14144K)->14049K(14144K) Class: 1642K(1920K)->1642K(1920K)
[2025-12-24T19:21:28.864+0000][gc          ] GC(496) Pause Young (Normal) (G1 Evacuation Pause) 885M->279M(1024M) 14.027ms
[2025-12-24T19:21:28.864+0000][gc,cpu      ] GC(496) User=0.08s Sys=0.00s Real=0.02s
[2025-12-24T19:21:59.096+0000][gc,start    ] GC(497) Pause Young (Normal) (G1 Evacuation Pause)
[2025-12-24T19:21:59.097+0000][gc,task     ] GC(497) Using 8 workers of 8 for evacuation
[2025-12-24T19:21:59.112+0000][gc,phases   ] GC(497)   Pre Evacuate Collection Set: 1.2ms
[2025-12-24T19:21:59.112+0000][gc,phases   ] GC(497)   Merge Heap Roots: 0.4ms
[2025-12-24T19:21:59.112+0000][gc,phases   ] GC(497)   Evacuate Collection Set: 11.9ms
[2025-12-24T19:21:59.112+0000][gc,phases   ] GC(497)   Post Evacuate Collection Set: 1.3ms
[2025-12-24T19:21:59.112+0000][gc,phases   ] GC(497)   Other: 0.4ms
[2025-12-24T19:21:59.112+0000][gc,heap     ] GC(497) Eden regions: 606->0(605)
[2025-12-24T19:21:59.113+0000][gc,heap     ] GC(497) Survivor regions: 8->9(77)
[2025-12-24T19:21:59.113+0000][gc,heap     ] GC(497) Old regions: 121->122
[2025-12-24T19:21:59.113+0000][gc,heap     ] GC(497) Humongous regions: 151->151
[2025-12-24T19:21:59.113+0000][gc,metaspace] GC(497) Metaspace: 15691K(16064K)->15691K(16064K) NonClass: 14049K(14144K)->14049K(14144K) Class: 1642K(1920K)->1642K(1920K)
[2025-12-24T19:21:59.113+0000][gc          ] GC(497) Pause Young (Normal) (G1 Evacuation Pause) 885M->281M(1024M) 16.595ms
[2025-12-24T19:21:59.113+0000][gc,cpu      ] GC(497) User=0.10s Sys=0.00s Real=0.02s
[2025-12-24T19:22:38.859+0000][gc,start    ] GC(498) Pause Young (Normal) (G1 Evacuation Pause)
[2025-12-24T19:22:38.860+0000][gc,task     ] GC(498) Using 8 workers of 8 for evacuation
[2025-12-24T19:22:38.877+0000][gc,phases   ] GC(498)   Pre Evacuate Collection Set: 2.8ms
[2025-12-24T19:22:38.877+0000][gc,phases   ] GC(498)   Merge Heap Roots: 0.9ms
[2025-12-24T19:22:38.877+0000][gc,phases   ] GC(498)   Evacuate Collection Set: 11.6ms
[2025-12-24T19:22:38.877+0000][gc,phases   ] GC(498)   Post Evacuate Collection Set: 1.5ms
[2025-12-24T19:22:38.877+0000][gc,phases   ] GC(498)   Other: 0.4ms
[2025-12-24T19:22:38.877+0000][gc,heap     ] GC(498) Eden regions: 605->0(606)
[2025-12-24T19:22:38.877+0000][gc,heap     ] GC(498) Survivor regions: 9->8(77)
[2025-12-24T19:22:38.877+0000][gc,heap     ] GC(498) Old regions: 122->122
[2025-12-24T19:22:38.877+0000][gc,heap     ] GC(498) Humongous regions: 151->151
[2025-12-24T19:22:38.877+0000][gc,metaspace] GC(498) Metaspace: 15691K(16064K)->15691K(16064K) NonClass: 14049K(14144K)->14049K(14144K) Class: 1642K(1920K)->1642K(1920K)
[2025-12-24T19:22:38.878+0000][gc          ] GC(498) Pause Young (Normal) (G1 Evacuation Pause) 886M->280M(1024M) 18.387ms
[2025-12-24T19:22:38.878+0000][gc,cpu      ] GC(498) User=0.12s Sys=0.00s Real=0.02s
[2025-12-24T20:32:57.832+0000][gc,start    ] GC(499) Pause Young (Normal) (G1 Evacuation Pause)
[2025-12-24T20:32:57.833+0000][gc,task     ] GC(499) Using 8 workers of 8 for evacuation
[2025-12-24T20:32:57.858+0000][gc,phases   ] GC(499)   Pre Evacuate Collection Set: 2.2ms
[2025-12-24T20:32:57.859+0000][gc,phases   ] GC(499)   Merge Heap Roots: 1.8ms
[2025-12-24T20:32:57.859+0000][gc,phases   ] GC(499)   Evacuate Collection Set: 19.6ms
[2025-12-24T20:32:57.859+0000][gc,phases   ] GC(499)   Post Evacuate Collection Set: 1.3ms
[2025-12-24T20:32:57.859+0000][gc,phases   ] GC(499)   Other: 0.6ms
[2025-12-24T20:32:57.859+0000][gc,heap     ] GC(499) Eden regions: 606->0(604)
[2025-12-24T20:32:57.859+0000][gc,heap     ] GC(499) Survivor regions: 8->10(77)
[2025-12-24T20:32:57.859+0000][gc,heap     ] GC(499) Old regions: 122->122
[2025-12-24T20:32:57.859+0000][gc,heap     ] GC(499) Humongous regions: 151->151
[2025-12-24T20:32:57.859+0000][gc,metaspace] GC(499) Metaspace: 15699K(16128K)->15699K(16128K) NonClass: 14057K(14208K)->14057K(14208K) Class: 1642K(1920K)->1642K(1920K)
[2025-12-24T20:32:57.859+0000][gc          ] GC(499) Pause Young (Normal) (G1 Evacuation Pause) 886M->282M(1024M) 26.644ms
[2025-12-24T20:32:57.859+0000][gc,cpu      ] GC(499) User=0.18s Sys=0.00s Real=0.03s
[2025-12-24T21:41:40.136+0000][gc,start    ] GC(500) Pause Young (Normal) (G1 Evacuation Pause)
[2025-12-24T21:41:40.137+0000][gc,task     ] GC(500) Using 8 workers of 8 for evacuation
[2025-12-24T21:41:40.147+0000][gc,phases   ] GC(500)   Pre Evacuate Collection Set: 1.5ms
[2025-12-24T21:41:40.147+0000][gc,phases   ] GC(500)   Merge Heap Roots: 0.3ms
[2025-12-24T21:41:40.147+0000][gc,phases   ] GC(500)   Evacuate Collection Set: 7.1ms
[2025-12-24T21:41:40.147+0000][gc,phases   ] GC(500)   Post Evacuate Collection Set: 1.3ms
[2025-12-24T21:41:40.148+0000][gc,phases   ] GC(500)   Other: 0.5ms
[2025-12-24T21:41:40.148+0000][gc,heap     ] GC(500) Eden regions: 604->0(609)
[2025-12-24T21:41:40.148+0000][gc,heap     ] GC(500) Survivor regions: 10->5(77)
[2025-12-24T21:41:40.148+0000][gc,heap     ] GC(500) Old regions: 122->122
[2025-12-24T21:41:40.148+0000][gc,heap     ] GC(500) Humongous regions: 151->151
[2025-12-24T21:41:40.148+0000][gc,metaspace] GC(500) Metaspace: 15703K(16128K)->15703K(16128K) NonClass: 14061K(14208K)->14061K(14208K) Class: 1642K(1920K)->1642K(1920K)
[2025-12-24T21:41:40.148+0000][gc          ] GC(500) Pause Young (Normal) (G1 Evacuation Pause) 886M->277M(1024M) 12.193ms
[2025-12-24T21:41:40.148+0000][gc,cpu      ] GC(500) User=0.06s Sys=0.00s Real=0.02s
[2025-12-24T23:41:45.755+0000][gc,start    ] GC(501) Pause Young (Normal) (G1 Evacuation Pause)
[2025-12-24T23:41:45.756+0000][gc,task     ] GC(501) Using 8 workers of 8 for evacuation
[2025-12-24T23:41:45.791+0000][gc,phases   ] GC(501)   Pre Evacuate Collection Set: 2.5ms
[2025-12-24T23:41:45.791+0000][gc,phases   ] GC(501)   Merge Heap Roots: 0.5ms
[2025-12-24T23:41:45.791+0000][gc,phases   ] GC(501)   Evacuate Collection Set: 28.3ms
[2025-12-24T23:41:45.791+0000][gc,phases   ] GC(501)   Post Evacuate Collection Set: 3.5ms
[2025-12-24T23:41:45.791+0000][gc,phases   ] GC(501)   Other: 0.3ms
[2025-12-24T23:41:45.792+0000][gc,heap     ] GC(501) Eden regions: 609->0(607)
[2025-12-24T23:41:45.792+0000][gc,heap     ] GC(501) Survivor regions: 5->7(77)
[2025-12-24T23:41:45.792+0000][gc,heap     ] GC(501) Old regions: 122->123
[2025-12-24T23:41:45.792+0000][gc,heap     ] GC(501) Humongous regions: 151->151
[2025-12-24T23:41:45.792+0000][gc,metaspace] GC(501) Metaspace: 15722K(16128K)->15722K(16128K) NonClass: 14080K(14208K)->14080K(14208K) Class: 1642K(1920K)->1642K(1920K)
[2025-12-24T23:41:45.792+0000][gc          ] GC(501) Pause Young (Normal) (G1 Evacuation Pause) 886M->279M(1024M) 37.195ms
[2025-12-24T23:41:45.792+0000][gc,cpu      ] GC(501) User=0.09s Sys=0.03s Real=0.04s
[2025-12-25T00:44:19.862+0000][gc,start    ] GC(502) Pause Young (Normal) (G1 Evacuation Pause)
[2025-12-25T00:44:19.864+0000][gc,task     ] GC(502) Using 8 workers of 8 for evacuation
[2025-12-25T00:44:19.884+0000][gc,phases   ] GC(502)   Pre Evacuate Collection Set: 1.1ms
[2025-12-25T00:44:19.884+0000][gc,phases   ] GC(502)   Merge Heap Roots: 0.3ms
[2025-12-25T00:44:19.884+0000][gc,phases   ] GC(502)   Evacuate Collection Set: 16.9ms
[2025-12-25T00:44:19.885+0000][gc,phases   ] GC(502)   Post Evacuate Collection Set: 1.7ms
[2025-12-25T00:44:19.885+0000][gc,phases   ] GC(502)   Other: 0.3ms
[2025-12-25T00:44:19.885+0000][gc,heap     ] GC(502) Eden regions: 607->0(605)
[2025-12-25T00:44:19.885+0000][gc,heap     ] GC(502) Survivor regions: 7->9(77)
[2025-12-25T00:44:19.885+0000][gc,heap     ] GC(502) Old regions: 123->123
[2025-12-25T00:44:19.885+0000][gc,heap     ] GC(502) Humongous regions: 151->151
[2025-12-25T00:44:19.885+0000][gc,metaspace] GC(502) Metaspace: 15728K(16128K)->15728K(16128K) NonClass: 14086K(14208K)->14086K(14208K) Class: 1642K(1920K)->1642K(1920K)
[2025-12-25T00:44:19.885+0000][gc          ] GC(502) Pause Young (Normal) (G1 Evacuation Pause) 886M->281M(1024M) 22.434ms
[2025-12-25T00:44:19.885+0000][gc,cpu      ] GC(502) User=0.13s Sys=0.00s Real=0.02s
[2025-12-25T01:20:12.153+0000][gc,start    ] GC(503) Pause Young (Normal) (G1 Evacuation Pause)
[2025-12-25T01:20:12.153+0000][gc,task     ] GC(503) Using 8 workers of 8 for evacuation
[2025-12-25T01:20:12.169+0000][gc,phases   ] GC(503)   Pre Evacuate Collection Set: 1.1ms
[2025-12-25T01:20:12.169+0000][gc,phases   ] GC(503)   Merge Heap Roots: 0.3ms
[2025-12-25T01:20:12.169+0000][gc,phases   ] GC(503)   Evacuate Collection Set: 12.7ms
[2025-12-25T01:20:12.169+0000][gc,phases   ] GC(503)   Post Evacuate Collection Set: 1.4ms
[2025-12-25T01:20:12.169+0000][gc,phases   ] GC(503)   Other: 0.3ms
[2025-12-25T01:20:12.169+0000][gc,heap     ] GC(503) Eden regions: 605->0(606)
[2025-12-25T01:20:12.169+0000][gc,heap     ] GC(503) Survivor regions: 9->8(77)
[2025-12-25T01:20:12.169+0000][gc,heap     ] GC(503) Old regions: 123->123
[2025-12-25T01:20:12.169+0000][gc,heap     ] GC(503) Humongous regions: 151->151
[2025-12-25T01:20:12.169+0000][gc,metaspace] GC(503) Metaspace: 15732K(16128K)->15732K(16128K) NonClass: 14090K(14208K)->14090K(14208K) Class: 1642K(1920K)->1642K(1920K)
[2025-12-25T01:20:12.169+0000][gc          ] GC(503) Pause Young (Normal) (G1 Evacuation Pause) 886M->281M(1024M) 16.712ms
[2025-12-25T01:20:12.170+0000][gc,cpu      ] GC(503) User=0.11s Sys=0.00s Real=0.02s
[2025-12-25T01:20:42.347+0000][gc,start    ] GC(504) Pause Young (Normal) (G1 Evacuation Pause)
[2025-12-25T01:20:42.348+0000][gc,task     ] GC(504) Using 8 workers of 8 for evacuation
[2025-12-25T01:20:42.360+0000][gc,phases   ] GC(504)   Pre Evacuate Collection Set: 1.3ms
[2025-12-25T01:20:42.360+0000][gc,phases   ] GC(504)   Merge Heap Roots: 0.4ms
[2025-12-25T01:20:42.360+0000][gc,phases   ] GC(504)   Evacuate Collection Set: 8.2ms
[2025-12-25T01:20:42.360+0000][gc,phases   ] GC(504)   Post Evacuate Collection Set: 1.1ms
[2025-12-25T01:20:42.360+0000][gc,phases   ] GC(504)   Other: 0.3ms
[2025-12-25T01:20:42.360+0000][gc,heap     ] GC(504) Eden regions: 606->0(605)
[2025-12-25T01:20:42.360+0000][gc,heap     ] GC(504) Survivor regions: 8->9(77)
[2025-12-25T01:20:42.360+0000][gc,heap     ] GC(504) Old regions: 123->123
[2025-12-25T01:20:42.360+0000][gc,heap     ] GC(504) Humongous regions: 151->151
[2025-12-25T01:20:42.360+0000][gc,metaspace] GC(504) Metaspace: 15732K(16128K)->15732K(16128K) NonClass: 14090K(14208K)->14090K(14208K) Class: 1642K(1920K)->1642K(1920K)
[2025-12-25T01:20:42.360+0000][gc          ] GC(504) Pause Young (Normal) (G1 Evacuation Pause) 887M->282M(1024M) 12.800ms
[2025-12-25T01:20:42.360+0000][gc,cpu      ] GC(504) User=0.07s Sys=0.00s Real=0.01s
[2025-12-25T01:21:22.036+0000][gc,start    ] GC(505) Pause Young (Normal) (G1 Evacuation Pause)
[2025-12-25T01:21:22.037+0000][gc,task     ] GC(505) Using 8 workers of 8 for evacuation
[2025-12-25T01:21:22.061+0000][gc,phases   ] GC(505)   Pre Evacuate Collection Set: 1.3ms
[2025-12-25T01:21:22.061+0000][gc,phases   ] GC(505)   Merge Heap Roots: 0.9ms
[2025-12-25T01:21:22.061+0000][gc,phases   ] GC(505)   Evacuate Collection Set: 19.4ms
[2025-12-25T01:21:22.061+0000][gc,phases   ] GC(505)   Post Evacuate Collection Set: 1.7ms
[2025-12-25T01:21:22.061+0000][gc,phases   ] GC(505)   Other: 0.3ms
[2025-12-25T01:21:22.061+0000][gc,heap     ] GC(505) Eden regions: 605->0(606)
[2025-12-25T01:21:22.061+0000][gc,heap     ] GC(505) Survivor regions: 9->8(77)
[2025-12-25T01:21:22.061+0000][gc,heap     ] GC(505) Old regions: 123->124
[2025-12-25T01:21:22.061+0000][gc,heap     ] GC(505) Humongous regions: 151->151
[2025-12-25T01:21:22.061+0000][gc,metaspace] GC(505) Metaspace: 15732K(16128K)->15732K(16128K) NonClass: 14090K(14208K)->14090K(14208K) Class: 1642K(1920K)->1642K(1920K)
[2025-12-25T01:21:22.061+0000][gc          ] GC(505) Pause Young (Normal) (G1 Evacuation Pause) 887M->282M(1024M) 25.112ms
[2025-12-25T01:21:22.061+0000][gc,cpu      ] GC(505) User=0.14s Sys=0.00s Real=0.02s
[2025-12-25T01:21:52.257+0000][gc,start    ] GC(506) Pause Young (Normal) (G1 Evacuation Pause)
[2025-12-25T01:21:52.258+0000][gc,task     ] GC(506) Using 8 workers of 8 for evacuation
[2025-12-25T01:21:52.270+0000][gc,phases   ] GC(506)   Pre Evacuate Collection Set: 1.1ms
[2025-12-25T01:21:52.270+0000][gc,phases   ] GC(506)   Merge Heap Roots: 0.3ms
[2025-12-25T01:21:52.270+0000][gc,phases   ] GC(506)   Evacuate Collection Set: 9.7ms
[2025-12-25T01:21:52.270+0000][gc,phases   ] GC(506)   Post Evacuate Collection Set: 1.0ms
[2025-12-25T01:21:52.270+0000][gc,phases   ] GC(506)   Other: 0.3ms
[2025-12-25T01:21:52.270+0000][gc,heap     ] GC(506) Eden regions: 606->0(604)
[2025-12-25T01:21:52.270+0000][gc,heap     ] GC(506) Survivor regions: 8->10(77)
[2025-12-25T01:21:52.270+0000][gc,heap     ] GC(506) Old regions: 124->124
[2025-12-25T01:21:52.270+0000][gc,heap     ] GC(506) Humongous regions: 151->151
[2025-12-25T01:21:52.270+0000][gc,metaspace] GC(506) Metaspace: 15732K(16128K)->15732K(16128K) NonClass: 14090K(14208K)->14090K(14208K) Class: 1642K(1920K)->1642K(1920K)
[2025-12-25T01:21:52.271+0000][gc          ] GC(506) Pause Young (Normal) (G1 Evacuation Pause) 888M->283M(1024M) 13.633ms
[2025-12-25T01:21:52.271+0000][gc,cpu      ] GC(506) User=0.08s Sys=0.00s Real=0.02s
[2025-12-25T01:22:22.562+0000][gc,start    ] GC(507) Pause Young (Normal) (G1 Evacuation Pause)
[2025-12-25T01:22:22.563+0000][gc,task     ] GC(507) Using 8 workers of 8 for evacuation
[2025-12-25T01:22:22.586+0000][gc,phases   ] GC(507)   Pre Evacuate Collection Set: 1.4ms
[2025-12-25T01:22:22.586+0000][gc,phases   ] GC(507)   Merge Heap Roots: 0.3ms
[2025-12-25T01:22:22.586+0000][gc,phases   ] GC(507)   Evacuate Collection Set: 19.5ms
[2025-12-25T01:22:22.586+0000][gc,phases   ] GC(507)   Post Evacuate Collection Set: 1.4ms
[2025-12-25T01:22:22.586+0000][gc,phases   ] GC(507)   Other: 0.3ms
[2025-12-25T01:22:22.586+0000][gc,heap     ] GC(507) Eden regions: 604->0(607)
[2025-12-25T01:22:22.586+0000][gc,heap     ] GC(507) Survivor regions: 10->7(77)
[2025-12-25T01:22:22.586+0000][gc,heap     ] GC(507) Old regions: 124->124
[2025-12-25T01:22:22.586+0000][gc,heap     ] GC(507) Humongous regions: 151->151
[2025-12-25T01:22:22.586+0000][gc,metaspace] GC(507) Metaspace: 15732K(16128K)->15732K(16128K) NonClass: 14090K(14208K)->14090K(14208K) Class: 1642K(1920K)->1642K(1920K)
[2025-12-25T01:22:22.587+0000][gc          ] GC(507) Pause Young (Normal) (G1 Evacuation Pause) 887M->281M(1024M) 24.411ms
[2025-12-25T01:22:22.587+0000][gc,cpu      ] GC(507) User=0.14s Sys=0.00s Real=0.02s
[2025-12-25T01:23:02.173+0000][gc,start    ] GC(508) Pause Young (Normal) (G1 Evacuation Pause)
[2025-12-25T01:23:02.174+0000][gc,task     ] GC(508) Using 8 workers of 8 for evacuation
[2025-12-25T01:23:02.195+0000][gc,phases   ] GC(508)   Pre Evacuate Collection Set: 1.3ms
[2025-12-25T01:23:02.196+0000][gc,phases   ] GC(508)   Merge Heap Roots: 0.3ms
[2025-12-25T01:23:02.196+0000][gc,phases   ] GC(508)   Evacuate Collection Set: 18.3ms
[2025-12-25T01:23:02.196+0000][gc,phases   ] GC(508)   Post Evacuate Collection Set: 1.6ms
[2025-12-25T01:23:02.196+0000][gc,phases   ] GC(508)   Other: 0.3ms
[2025-12-25T01:23:02.196+0000][gc,heap     ] GC(508) Eden regions: 607->0(608)
[2025-12-25T01:23:02.196+0000][gc,heap     ] GC(508) Survivor regions: 7->6(77)
[2025-12-25T01:23:02.196+0000][gc,heap     ] GC(508) Old regions: 124->124
[2025-12-25T01:23:02.196+0000][gc,heap     ] GC(508) Humongous regions: 151->151
[2025-12-25T01:23:02.196+0000][gc,metaspace] GC(508) Metaspace: 15732K(16128K)->15732K(16128K) NonClass: 14090K(14208K)->14090K(14208K) Class: 1642K(1920K)->1642K(1920K)
[2025-12-25T01:23:02.196+0000][gc          ] GC(508) Pause Young (Normal) (G1 Evacuation Pause) 888M->280M(1024M) 23.411ms
[2025-12-25T01:23:02.197+0000][gc,cpu      ] GC(508) User=0.15s Sys=0.01s Real=0.03s
[2025-12-25T01:23:32.517+0000][gc,start    ] GC(509) Pause Young (Normal) (G1 Evacuation Pause)
[2025-12-25T01:23:32.517+0000][gc,task     ] GC(509) Using 8 workers of 8 for evacuation
[2025-12-25T01:23:32.532+0000][gc,phases   ] GC(509)   Pre Evacuate Collection Set: 1.1ms
[2025-12-25T01:23:32.532+0000][gc,phases   ] GC(509)   Merge Heap Roots: 0.2ms
[2025-12-25T01:23:32.532+0000][gc,phases   ] GC(509)   Evacuate Collection Set: 12.5ms
[2025-12-25T01:23:32.533+0000][gc,phases   ] GC(509)   Post Evacuate Collection Set: 1.0ms
[2025-12-25T01:23:32.533+0000][gc,phases   ] GC(509)   Other: 0.2ms
[2025-12-25T01:23:32.533+0000][gc,heap     ] GC(509) Eden regions: 608->0(606)
[2025-12-25T01:23:32.533+0000][gc,heap     ] GC(509) Survivor regions: 6->8(77)
[2025-12-25T01:23:32.533+0000][gc,heap     ] GC(509) Old regions: 124->125
[2025-12-25T01:23:32.533+0000][gc,heap     ] GC(509) Humongous regions: 151->151
[2025-12-25T01:23:32.533+0000][gc,metaspace] GC(509) Metaspace: 15732K(16128K)->15732K(16128K) NonClass: 14090K(14208K)->14090K(14208K) Class: 1642K(1920K)->1642K(1920K)
[2025-12-25T01:23:32.533+0000][gc          ] GC(509) Pause Young (Normal) (G1 Evacuation Pause) 888M->282M(1024M) 16.114ms
[2025-12-25T01:23:32.533+0000][gc,cpu      ] GC(509) User=0.07s Sys=0.03s Real=0.02s
[2025-12-25T01:24:12.101+0000][gc,start    ] GC(510) Pause Young (Normal) (G1 Evacuation Pause)
[2025-12-25T01:24:12.101+0000][gc,task     ] GC(510) Using 8 workers of 8 for evacuation
[2025-12-25T01:24:12.122+0000][gc,phases   ] GC(510)   Pre Evacuate Collection Set: 1.1ms
[2025-12-25T01:24:12.122+0000][gc,phases   ] GC(510)   Merge Heap Roots: 0.3ms
[2025-12-25T01:24:12.122+0000][gc,phases   ] GC(510)   Evacuate Collection Set: 17.6ms
[2025-12-25T01:24:12.122+0000][gc,phases   ] GC(510)   Post Evacuate Collection Set: 1.2ms
[2025-12-25T01:24:12.122+0000][gc,phases   ] GC(510)   Other: 0.3ms
[2025-12-25T01:24:12.122+0000][gc,heap     ] GC(510) Eden regions: 606->0(606)
[2025-12-25T01:24:12.122+0000][gc,heap     ] GC(510) Survivor regions: 8->8(77)
[2025-12-25T01:24:12.122+0000][gc,heap     ] GC(510) Old regions: 125->125
[2025-12-25T01:24:12.123+0000][gc,heap     ] GC(510) Humongous regions: 151->151
[2025-12-25T01:24:12.123+0000][gc,metaspace] GC(510) Metaspace: 15732K(16128K)->15732K(16128K) NonClass: 14090K(14208K)->14090K(14208K) Class: 1642K(1920K)->1642K(1920K)
[2025-12-25T01:24:12.123+0000][gc          ] GC(510) Pause Young (Normal) (G1 Evacuation Pause) 888M->282M(1024M) 22.010ms
[2025-12-25T01:24:12.123+0000][gc,cpu      ] GC(510) User=0.11s Sys=0.00s Real=0.03s
[2025-12-25T01:24:42.331+0000][gc,start    ] GC(511) Pause Young (Normal) (G1 Evacuation Pause)
[2025-12-25T01:24:42.332+0000][gc,task     ] GC(511) Using 8 workers of 8 for evacuation
[2025-12-25T01:24:42.350+0000][gc,phases   ] GC(511)   Pre Evacuate Collection Set: 1.3ms
[2025-12-25T01:24:42.350+0000][gc,phases   ] GC(511)   Merge Heap Roots: 0.3ms
[2025-12-25T01:24:42.350+0000][gc,phases   ] GC(511)   Evacuate Collection Set: 12.7ms
[2025-12-25T01:24:42.350+0000][gc,phases   ] GC(511)   Post Evacuate Collection Set: 2.9ms
[2025-12-25T01:24:42.350+0000][gc,phases   ] GC(511)   Other: 0.5ms
[2025-12-25T01:24:42.350+0000][gc,heap     ] GC(511) Eden regions: 606->0(605)
[2025-12-25T01:24:42.350+0000][gc,heap     ] GC(511) Survivor regions: 8->9(77)
[2025-12-25T01:24:42.350+0000][gc,heap     ] GC(511) Old regions: 125->125
[2025-12-25T01:24:42.350+0000][gc,heap     ] GC(511) Humongous regions: 151->151
[2025-12-25T01:24:42.351+0000][gc,metaspace] GC(511) Metaspace: 15743K(16128K)->15743K(16128K) NonClass: 14101K(14208K)->14101K(14208K) Class: 1642K(1920K)->1642K(1920K)
[2025-12-25T01:24:42.351+0000][gc          ] GC(511) Pause Young (Normal) (G1 Evacuation Pause) 888M->284M(1024M) 19.795ms
[2025-12-25T01:24:42.351+0000][gc,cpu      ] GC(511) User=0.12s Sys=0.00s Real=0.02s
[2025-12-25T01:25:21.997+0000][gc,start    ] GC(512) Pause Young (Normal) (G1 Evacuation Pause)
[2025-12-25T01:25:21.998+0000][gc,task     ] GC(512) Using 8 workers of 8 for evacuation
[2025-12-25T01:25:22.020+0000][gc,phases   ] GC(512)   Pre Evacuate Collection Set: 1.1ms
[2025-12-25T01:25:22.020+0000][gc,phases   ] GC(512)   Merge Heap Roots: 0.2ms
[2025-12-25T01:25:22.020+0000][gc,phases   ] GC(512)   Evacuate Collection Set: 19.3ms
[2025-12-25T01:25:22.020+0000][gc,phases   ] GC(512)   Post Evacuate Collection Set: 1.3ms
[2025-12-25T01:25:22.020+0000][gc,phases   ] GC(512)   Other: 0.2ms
[2025-12-25T01:25:22.020+0000][gc,heap     ] GC(512) Eden regions: 605->0(606)
[2025-12-25T01:25:22.020+0000][gc,heap     ] GC(512) Survivor regions: 9->8(77)
[2025-12-25T01:25:22.020+0000][gc,heap     ] GC(512) Old regions: 125->125
[2025-12-25T01:25:22.020+0000][gc,heap     ] GC(512) Humongous regions: 151->151
[2025-12-25T01:25:22.021+0000][gc,metaspace] GC(512) Metaspace: 15743K(16128K)->15743K(16128K) NonClass: 14101K(14208K)->14101K(14208K) Class: 1642K(1920K)->1642K(1920K)
[2025-12-25T01:25:22.021+0000][gc          ] GC(512) Pause Young (Normal) (G1 Evacuation Pause) 889M->283M(1024M) 23.271ms
[2025-12-25T01:25:22.021+0000][gc,cpu      ] GC(512) User=0.16s Sys=0.00s Real=0.02s
[2025-12-25T01:25:52.225+0000][gc,start    ] GC(513) Pause Young (Normal) (G1 Evacuation Pause)
[2025-12-25T01:25:52.225+0000][gc,task     ] GC(513) Using 8 workers of 8 for evacuation
[2025-12-25T01:25:52.247+0000][gc,phases   ] GC(513)   Pre Evacuate Collection Set: 1.0ms
[2025-12-25T01:25:52.248+0000][gc,phases   ] GC(513)   Merge Heap Roots: 0.2ms
[2025-12-25T01:25:52.248+0000][gc,phases   ] GC(513)   Evacuate Collection Set: 19.6ms
[2025-12-25T01:25:52.248+0000][gc,phases   ] GC(513)   Post Evacuate Collection Set: 1.3ms
[2025-12-25T01:25:52.248+0000][gc,phases   ] GC(513)   Other: 0.3ms
[2025-12-25T01:25:52.248+0000][gc,heap     ] GC(513) Eden regions: 606->0(604)
[2025-12-25T01:25:52.248+0000][gc,heap     ] GC(513) Survivor regions: 8->10(77)
[2025-12-25T01:25:52.248+0000][gc,heap     ] GC(513) Old regions: 125->125
[2025-12-25T01:25:52.248+0000][gc,heap     ] GC(513) Humongous regions: 151->151
[2025-12-25T01:25:52.248+0000][gc,metaspace] GC(513) Metaspace: 15743K(16128K)->15743K(16128K) NonClass: 14101K(14208K)->14101K(14208K) Class: 1642K(1920K)->1642K(1920K)
[2025-12-25T01:25:52.248+0000][gc          ] GC(513) Pause Young (Normal) (G1 Evacuation Pause) 889M->285M(1024M) 23.502ms
[2025-12-25T01:25:52.248+0000][gc,cpu      ] GC(513) User=0.12s Sys=0.00s Real=0.03s
[2025-12-25T01:26:22.486+0000][gc,start    ] GC(514) Pause Young (Normal) (G1 Evacuation Pause)
[2025-12-25T01:26:22.487+0000][gc,task     ] GC(514) Using 8 workers of 8 for evacuation
[2025-12-25T01:26:22.499+0000][gc,phases   ] GC(514)   Pre Evacuate Collection Set: 1.1ms
[2025-12-25T01:26:22.499+0000][gc,phases   ] GC(514)   Merge Heap Roots: 0.3ms
[2025-12-25T01:26:22.499+0000][gc,phases   ] GC(514)   Evacuate Collection Set: 9.2ms
[2025-12-25T01:26:22.499+0000][gc,phases   ] GC(514)   Post Evacuate Collection Set: 1.2ms
[2025-12-25T01:26:22.499+0000][gc,phases   ] GC(514)   Other: 0.3ms
[2025-12-25T01:26:22.499+0000][gc,heap     ] GC(514) Eden regions: 604->0(607)
[2025-12-25T01:26:22.500+0000][gc,heap     ] GC(514) Survivor regions: 10->7(77)
[2025-12-25T01:26:22.500+0000][gc,heap     ] GC(514) Old regions: 125->126
[2025-12-25T01:26:22.500+0000][gc,heap     ] GC(514) Humongous regions: 151->151
[2025-12-25T01:26:22.500+0000][gc,metaspace] GC(514) Metaspace: 15743K(16128K)->15743K(16128K) NonClass: 14101K(14208K)->14101K(14208K) Class: 1642K(1920K)->1642K(1920K)
[2025-12-25T01:26:22.500+0000][gc          ] GC(514) Pause Young (Normal) (G1 Evacuation Pause) 889M->282M(1024M) 13.305ms
[2025-12-25T01:26:22.500+0000][gc,cpu      ] GC(514) User=0.08s Sys=0.00s Real=0.01s
[2025-12-25T01:27:02.132+0000][gc,start    ] GC(515) Pause Young (Normal) (G1 Evacuation Pause)
[2025-12-25T01:27:02.133+0000][gc,task     ] GC(515) Using 8 workers of 8 for evacuation
[2025-12-25T01:27:02.153+0000][gc,phases   ] GC(515)   Pre Evacuate Collection Set: 1.0ms
[2025-12-25T01:27:02.153+0000][gc,phases   ] GC(515)   Merge Heap Roots: 0.2ms
[2025-12-25T01:27:02.153+0000][gc,phases   ] GC(515)   Evacuate Collection Set: 17.3ms
[2025-12-25T01:27:02.153+0000][gc,phases   ] GC(515)   Post Evacuate Collection Set: 1.0ms
[2025-12-25T01:27:02.153+0000][gc,phases   ] GC(515)   Other: 0.2ms
[2025-12-25T01:27:02.153+0000][gc,heap     ] GC(515) Eden regions: 607->0(608)
[2025-12-25T01:27:02.153+0000][gc,heap     ] GC(515) Survivor regions: 7->6(77)
[2025-12-25T01:27:02.153+0000][gc,heap     ] GC(515) Old regions: 126->126
[2025-12-25T01:27:02.153+0000][gc,heap     ] GC(515) Humongous regions: 151->151
[2025-12-25T01:27:02.153+0000][gc,metaspace] GC(515) Metaspace: 15743K(16128K)->15743K(16128K) NonClass: 14101K(14208K)->14101K(14208K) Class: 1642K(1920K)->1642K(1920K)
[2025-12-25T01:27:02.153+0000][gc          ] GC(515) Pause Young (Normal) (G1 Evacuation Pause) 889M->282M(1024M) 20.704ms
[2025-12-25T01:27:02.153+0000][gc,cpu      ] GC(515) User=0.14s Sys=0.00s Real=0.02s
[2025-12-25T01:27:32.389+0000][gc,start    ] GC(516) Pause Young (Normal) (G1 Evacuation Pause)
[2025-12-25T01:27:32.391+0000][gc,task     ] GC(516) Using 8 workers of 8 for evacuation
[2025-12-25T01:27:32.403+0000][gc,phases   ] GC(516)   Pre Evacuate Collection Set: 1.1ms
[2025-12-25T01:27:32.403+0000][gc,phases   ] GC(516)   Merge Heap Roots: 0.3ms
[2025-12-25T01:27:32.403+0000][gc,phases   ] GC(516)   Evacuate Collection Set: 9.8ms
[2025-12-25T01:27:32.403+0000][gc,phases   ] GC(516)   Post Evacuate Collection Set: 1.0ms
[2025-12-25T01:27:32.404+0000][gc,phases   ] GC(516)   Other: 0.3ms
[2025-12-25T01:27:32.404+0000][gc,heap     ] GC(516) Eden regions: 608->0(606)
[2025-12-25T01:27:32.404+0000][gc,heap     ] GC(516) Survivor regions: 6->8(77)
[2025-12-25T01:27:32.404+0000][gc,heap     ] GC(516) Old regions: 126->126
[2025-12-25T01:27:32.404+0000][gc,heap     ] GC(516) Humongous regions: 151->151
[2025-12-25T01:27:32.404+0000][gc,metaspace] GC(516) Metaspace: 15743K(16128K)->15743K(16128K) NonClass: 14101K(14208K)->14101K(14208K) Class: 1642K(1920K)->1642K(1920K)
[2025-12-25T01:27:32.404+0000][gc          ] GC(516) Pause Young (Normal) (G1 Evacuation Pause) 890M->283M(1024M) 14.498ms
[2025-12-25T01:27:32.404+0000][gc,cpu      ] GC(516) User=0.07s Sys=0.01s Real=0.01s
[2025-12-25T01:28:12.081+0000][gc,start    ] GC(517) Pause Young (Normal) (G1 Evacuation Pause)
[2025-12-25T01:28:12.082+0000][gc,task     ] GC(517) Using 8 workers of 8 for evacuation
[2025-12-25T01:28:12.100+0000][gc,phases   ] GC(517)   Pre Evacuate Collection Set: 1.2ms
[2025-12-25T01:28:12.100+0000][gc,phases   ] GC(517)   Merge Heap Roots: 0.3ms
[2025-12-25T01:28:12.100+0000][gc,phases   ] GC(517)   Evacuate Collection Set: 14.1ms
[2025-12-25T01:28:12.100+0000][gc,phases   ] GC(517)   Post Evacuate Collection Set: 1.4ms
[2025-12-25T01:28:12.100+0000][gc,phases   ] GC(517)   Other: 0.2ms
[2025-12-25T01:28:12.100+0000][gc,heap     ] GC(517) Eden regions: 606->0(607)
[2025-12-25T01:28:12.100+0000][gc,heap     ] GC(517) Survivor regions: 8->7(77)
[2025-12-25T01:28:12.100+0000][gc,heap     ] GC(517) Old regions: 126->126
[2025-12-25T01:28:12.100+0000][gc,heap     ] GC(517) Humongous regions: 151->151
[2025-12-25T01:28:12.100+0000][gc,metaspace] GC(517) Metaspace: 15743K(16128K)->15743K(16128K) NonClass: 14101K(14208K)->14101K(14208K) Class: 1642K(1920K)->1642K(1920K)
[2025-12-25T01:28:12.100+0000][gc          ] GC(517) Pause Young (Normal) (G1 Evacuation Pause) 889M->283M(1024M) 19.088ms
[2025-12-25T01:28:12.100+0000][gc,cpu      ] GC(517) User=0.12s Sys=0.00s Real=0.02s
[2025-12-25T01:28:42.347+0000][gc,start    ] GC(518) Pause Young (Normal) (G1 Evacuation Pause)
[2025-12-25T01:28:42.347+0000][gc,task     ] GC(518) Using 8 workers of 8 for evacuation
[2025-12-25T01:28:42.361+0000][gc,phases   ] GC(518)   Pre Evacuate Collection Set: 1.3ms
[2025-12-25T01:28:42.361+0000][gc,phases   ] GC(518)   Merge Heap Roots: 0.2ms
[2025-12-25T01:28:42.361+0000][gc,phases   ] GC(518)   Evacuate Collection Set: 10.4ms
[2025-12-25T01:28:42.361+0000][gc,phases   ] GC(518)   Post Evacuate Collection Set: 1.1ms
[2025-12-25T01:28:42.361+0000][gc,phases   ] GC(518)   Other: 0.2ms
[2025-12-25T01:28:42.361+0000][gc,heap     ] GC(518) Eden regions: 607->0(605)
[2025-12-25T01:28:42.361+0000][gc,heap     ] GC(518) Survivor regions: 7->9(77)
[2025-12-25T01:28:42.361+0000][gc,heap     ] GC(518) Old regions: 126->127
[2025-12-25T01:28:42.361+0000][gc,heap     ] GC(518) Humongous regions: 151->151
[2025-12-25T01:28:42.361+0000][gc,metaspace] GC(518) Metaspace: 15743K(16128K)->15743K(16128K) NonClass: 14101K(14208K)->14101K(14208K) Class: 1642K(1920K)->1642K(1920K)
[2025-12-25T01:28:42.361+0000][gc          ] GC(518) Pause Young (Normal) (G1 Evacuation Pause) 890M->285M(1024M) 14.329ms
[2025-12-25T01:28:42.361+0000][gc,cpu      ] GC(518) User=0.08s Sys=0.00s Real=0.01s
[2025-12-25T01:29:22.003+0000][gc,start    ] GC(519) Pause Young (Normal) (G1 Evacuation Pause)
[2025-12-25T01:29:22.003+0000][gc,task     ] GC(519) Using 8 workers of 8 for evacuation
[2025-12-25T01:29:22.026+0000][gc,phases   ] GC(519)   Pre Evacuate Collection Set: 1.3ms
[2025-12-25T01:29:22.026+0000][gc,phases   ] GC(519)   Merge Heap Roots: 0.3ms
[2025-12-25T01:29:22.027+0000][gc,phases   ] GC(519)   Evacuate Collection Set: 20.0ms
[2025-12-25T01:29:22.027+0000][gc,phases   ] GC(519)   Post Evacuate Collection Set: 1.1ms
[2025-12-25T01:29:22.027+0000][gc,phases   ] GC(519)   Other: 0.3ms
[2025-12-25T01:29:22.027+0000][gc,heap     ] GC(519) Eden regions: 605->0(606)
[2025-12-25T01:29:22.027+0000][gc,heap     ] GC(519) Survivor regions: 9->8(77)
[2025-12-25T01:29:22.027+0000][gc,heap     ] GC(519) Old regions: 127->127
[2025-12-25T01:29:22.027+0000][gc,heap     ] GC(519) Humongous regions: 151->151
[2025-12-25T01:29:22.027+0000][gc,metaspace] GC(519) Metaspace: 15743K(16128K)->15743K(16128K) NonClass: 14101K(14208K)->14101K(14208K) Class: 1642K(1920K)->1642K(1920K)
[2025-12-25T01:29:22.027+0000][gc          ] GC(519) Pause Young (Normal) (G1 Evacuation Pause) 890M->285M(1024M) 24.213ms
[2025-12-25T01:29:22.027+0000][gc,cpu      ] GC(519) User=0.16s Sys=0.01s Real=0.02s
[2025-12-25T01:29:52.229+0000][gc,start    ] GC(520) Pause Young (Normal) (G1 Evacuation Pause)
[2025-12-25T01:29:52.229+0000][gc,task     ] GC(520) Using 8 workers of 8 for evacuation
[2025-12-25T01:29:52.242+0000][gc,phases   ] GC(520)   Pre Evacuate Collection Set: 1.1ms
[2025-12-25T01:29:52.242+0000][gc,phases   ] GC(520)   Merge Heap Roots: 0.2ms
[2025-12-25T01:29:52.242+0000][gc,phases   ] GC(520)   Evacuate Collection Set: 9.1ms
[2025-12-25T01:29:52.242+0000][gc,phases   ] GC(520)   Post Evacuate Collection Set: 1.7ms
[2025-12-25T01:29:52.242+0000][gc,phases   ] GC(520)   Other: 0.2ms
[2025-12-25T01:29:52.242+0000][gc,heap     ] GC(520) Eden regions: 606->0(604)
[2025-12-25T01:29:52.242+0000][gc,heap     ] GC(520) Survivor regions: 8->10(77)
[2025-12-25T01:29:52.242+0000][gc,heap     ] GC(520) Old regions: 127->127
[2025-12-25T01:29:52.242+0000][gc,heap     ] GC(520) Humongous regions: 151->151
[2025-12-25T01:29:52.242+0000][gc,metaspace] GC(520) Metaspace: 15743K(16128K)->15743K(16128K) NonClass: 14101K(14208K)->14101K(14208K) Class: 1642K(1920K)->1642K(1920K)
[2025-12-25T01:29:52.242+0000][gc          ] GC(520) Pause Young (Normal) (G1 Evacuation Pause) 891M->286M(1024M) 13.562ms
[2025-12-25T01:29:52.243+0000][gc,cpu      ] GC(520) User=0.07s Sys=0.00s Real=0.02s
[2025-12-25T01:30:28.910+0000][gc,start    ] GC(521) Pause Young (Normal) (G1 Evacuation Pause)
[2025-12-25T01:30:28.910+0000][gc,task     ] GC(521) Using 8 workers of 8 for evacuation
[2025-12-25T01:30:28.927+0000][gc,phases   ] GC(521)   Pre Evacuate Collection Set: 1.3ms
[2025-12-25T01:30:28.927+0000][gc,phases   ] GC(521)   Merge Heap Roots: 0.3ms
[2025-12-25T01:30:28.927+0000][gc,phases   ] GC(521)   Evacuate Collection Set: 13.4ms
[2025-12-25T01:30:28.927+0000][gc,phases   ] GC(521)   Post Evacuate Collection Set: 1.3ms
[2025-12-25T01:30:28.927+0000][gc,phases   ] GC(521)   Other: 0.2ms
[2025-12-25T01:30:28.927+0000][gc,heap     ] GC(521) Eden regions: 604->0(605)
[2025-12-25T01:30:28.927+0000][gc,heap     ] GC(521) Survivor regions: 10->9(77)
[2025-12-25T01:30:28.927+0000][gc,heap     ] GC(521) Old regions: 127->127
[2025-12-25T01:30:28.927+0000][gc,heap     ] GC(521) Humongous regions: 151->151
[2025-12-25T01:30:28.927+0000][gc,metaspace] GC(521) Metaspace: 15750K(16192K)->15750K(16192K) NonClass: 14107K(14272K)->14107K(14272K) Class: 1642K(1920K)->1642K(1920K)
[2025-12-25T01:30:28.928+0000][gc          ] GC(521) Pause Young (Normal) (G1 Evacuation Pause) 890M->286M(1024M) 17.921ms
[2025-12-25T01:30:28.928+0000][gc,cpu      ] GC(521) User=0.10s Sys=0.00s Real=0.01s
[2025-12-25T01:31:05.273+0000][gc,start    ] GC(522) Pause Young (Normal) (G1 Evacuation Pause)
[2025-12-25T01:31:05.274+0000][gc,task     ] GC(522) Using 8 workers of 8 for evacuation
[2025-12-25T01:31:05.549+0000][gc,mmu      ] GC(522) MMU target violated: 201.0ms (200.0ms/201.0ms)
[2025-12-25T01:31:05.551+0000][gc,phases   ] GC(522)   Pre Evacuate Collection Set: 6.0ms
[2025-12-25T01:31:05.723+0000][gc,phases   ] GC(522)   Merge Heap Roots: 0.4ms
[2025-12-25T01:31:05.750+0000][gc,phases   ] GC(522)   Evacuate Collection Set: 234.2ms
[2025-12-25T01:31:05.778+0000][gc,phases   ] GC(522)   Post Evacuate Collection Set: 34.1ms
[2025-12-25T01:31:05.827+0000][gc,phases   ] GC(522)   Other: 3.2ms
[2025-12-25T01:31:05.834+0000][gc,heap     ] GC(522) Eden regions: 605->0(608)
[2025-12-25T01:31:05.906+0000][gc,heap     ] GC(522) Survivor regions: 9->6(77)
[2025-12-25T01:31:05.906+0000][gc,heap     ] GC(522) Old regions: 127->128
[2025-12-25T01:31:05.907+0000][gc,heap     ] GC(522) Humongous regions: 151->151
[2025-12-25T01:31:06.007+0000][gc,metaspace] GC(522) Metaspace: 15750K(16192K)->15750K(16192K) NonClass: 14108K(14272K)->14108K(14272K) Class: 1642K(1920K)->1642K(1920K)
[2025-12-25T01:31:06.007+0000][gc          ] GC(522) Pause Young (Normal) (G1 Evacuation Pause) 891M->284M(1024M) 734.293ms
[2025-12-25T01:31:06.009+0000][gc,cpu      ] GC(522) User=0.44s Sys=0.03s Real=0.74s
[2025-12-25T01:31:32.446+0000][gc,start    ] GC(523) Pause Young (Normal) (G1 Evacuation Pause)
[2025-12-25T01:31:32.446+0000][gc,task     ] GC(523) Using 8 workers of 8 for evacuation
[2025-12-25T01:31:32.456+0000][gc,phases   ] GC(523)   Pre Evacuate Collection Set: 1.2ms
[2025-12-25T01:31:32.456+0000][gc,phases   ] GC(523)   Merge Heap Roots: 0.3ms
[2025-12-25T01:31:32.456+0000][gc,phases   ] GC(523)   Evacuate Collection Set: 6.4ms
[2025-12-25T01:31:32.457+0000][gc,phases   ] GC(523)   Post Evacuate Collection Set: 1.8ms
[2025-12-25T01:31:32.457+0000][gc,phases   ] GC(523)   Other: 0.2ms
[2025-12-25T01:31:32.457+0000][gc,heap     ] GC(523) Eden regions: 608->0(606)
[2025-12-25T01:31:32.457+0000][gc,heap     ] GC(523) Survivor regions: 6->8(77)
[2025-12-25T01:31:32.457+0000][gc,heap     ] GC(523) Old regions: 128->128
[2025-12-25T01:31:32.457+0000][gc,heap     ] GC(523) Humongous regions: 151->151
[2025-12-25T01:31:32.457+0000][gc,metaspace] GC(523) Metaspace: 15760K(16192K)->15760K(16192K) NonClass: 14118K(14272K)->14118K(14272K) Class: 1642K(1920K)->1642K(1920K)
[2025-12-25T01:31:32.457+0000][gc          ] GC(523) Pause Young (Normal) (G1 Evacuation Pause) 892M->285M(1024M) 11.607ms
[2025-12-25T01:31:32.457+0000][gc,cpu      ] GC(523) User=0.05s Sys=0.00s Real=0.01s
[2025-12-25T01:32:12.119+0000][gc,start    ] GC(524) Pause Young (Normal) (G1 Evacuation Pause)
[2025-12-25T01:32:12.120+0000][gc,task     ] GC(524) Using 8 workers of 8 for evacuation
[2025-12-25T01:32:12.134+0000][gc,phases   ] GC(524)   Pre Evacuate Collection Set: 1.7ms
[2025-12-25T01:32:12.137+0000][gc,phases   ] GC(524)   Merge Heap Roots: 0.4ms
[2025-12-25T01:32:12.138+0000][gc,phases   ] GC(524)   Evacuate Collection Set: 10.7ms
[2025-12-25T01:32:12.138+0000][gc,phases   ] GC(524)   Post Evacuate Collection Set: 1.5ms
[2025-12-25T01:32:12.138+0000][gc,phases   ] GC(524)   Other: 0.3ms
[2025-12-25T01:32:12.138+0000][gc,heap     ] GC(524) Eden regions: 606->0(607)
[2025-12-25T01:32:12.138+0000][gc,heap     ] GC(524) Survivor regions: 8->7(77)
[2025-12-25T01:32:12.138+0000][gc,heap     ] GC(524) Old regions: 128->128
[2025-12-25T01:32:12.138+0000][gc,heap     ] GC(524) Humongous regions: 151->151
[2025-12-25T01:32:12.138+0000][gc,metaspace] GC(524) Metaspace: 15760K(16192K)->15760K(16192K) NonClass: 14118K(14272K)->14118K(14272K) Class: 1642K(1920K)->1642K(1920K)
[2025-12-25T01:32:12.139+0000][gc          ] GC(524) Pause Young (Normal) (G1 Evacuation Pause) 891M->285M(1024M) 19.890ms
[2025-12-25T01:32:12.139+0000][gc,cpu      ] GC(524) User=0.06s Sys=0.00s Real=0.02s
[2025-12-25T01:32:42.463+0000][gc,start    ] GC(525) Pause Young (Normal) (G1 Evacuation Pause)
[2025-12-25T01:32:42.464+0000][gc,task     ] GC(525) Using 8 workers of 8 for evacuation
[2025-12-25T01:32:42.478+0000][gc,phases   ] GC(525)   Pre Evacuate Collection Set: 1.2ms
[2025-12-25T01:32:42.479+0000][gc,phases   ] GC(525)   Merge Heap Roots: 0.3ms
[2025-12-25T01:32:42.479+0000][gc,phases   ] GC(525)   Evacuate Collection Set: 11.8ms
[2025-12-25T01:32:42.479+0000][gc,phases   ] GC(525)   Post Evacuate Collection Set: 1.3ms
[2025-12-25T01:32:42.479+0000][gc,phases   ] GC(525)   Other: 0.2ms
[2025-12-25T01:32:42.479+0000][gc,heap     ] GC(525) Eden regions: 607->0(606)
[2025-12-25T01:32:42.479+0000][gc,heap     ] GC(525) Survivor regions: 7->8(77)
[2025-12-25T01:32:42.479+0000][gc,heap     ] GC(525) Old regions: 128->128
[2025-12-25T01:32:42.479+0000][gc,heap     ] GC(525) Humongous regions: 151->151
[2025-12-25T01:32:42.479+0000][gc,metaspace] GC(525) Metaspace: 15760K(16192K)->15760K(16192K) NonClass: 14118K(14272K)->14118K(14272K) Class: 1642K(1920K)->1642K(1920K)
[2025-12-25T01:32:42.479+0000][gc          ] GC(525) Pause Young (Normal) (G1 Evacuation Pause) 892M->286M(1024M) 16.430ms
[2025-12-25T01:32:42.479+0000][gc,cpu      ] GC(525) User=0.09s Sys=0.01s Real=0.01s
[2025-12-25T01:33:21.981+0000][gc,start    ] GC(526) Pause Young (Normal) (G1 Evacuation Pause)
[2025-12-25T01:33:21.981+0000][gc,task     ] GC(526) Using 8 workers of 8 for evacuation
[2025-12-25T01:33:21.998+0000][gc,phases   ] GC(526)   Pre Evacuate Collection Set: 1.2ms
[2025-12-25T01:33:21.998+0000][gc,phases   ] GC(526)   Merge Heap Roots: 0.4ms
[2025-12-25T01:33:21.998+0000][gc,phases   ] GC(526)   Evacuate Collection Set: 12.5ms
[2025-12-25T01:33:21.999+0000][gc,phases   ] GC(526)   Post Evacuate Collection Set: 2.3ms
[2025-12-25T01:33:21.999+0000][gc,phases   ] GC(526)   Other: 0.4ms
[2025-12-25T01:33:21.999+0000][gc,heap     ] GC(526) Eden regions: 606->0(606)
[2025-12-25T01:33:21.999+0000][gc,heap     ] GC(526) Survivor regions: 8->8(77)
[2025-12-25T01:33:21.999+0000][gc,heap     ] GC(526) Old regions: 128->129
[2025-12-25T01:33:21.999+0000][gc,heap     ] GC(526) Humongous regions: 151->151
[2025-12-25T01:33:21.999+0000][gc,metaspace] GC(526) Metaspace: 15760K(16192K)->15760K(16192K) NonClass: 14118K(14272K)->14118K(14272K) Class: 1642K(1920K)->1642K(1920K)
[2025-12-25T01:33:21.999+0000][gc          ] GC(526) Pause Young (Normal) (G1 Evacuation Pause) 892M->286M(1024M) 18.101ms
[2025-12-25T01:33:21.999+0000][gc,cpu      ] GC(526) User=0.11s Sys=0.00s Real=0.02s
[2025-12-25T01:33:52.264+0000][gc,start    ] GC(527) Pause Young (Normal) (G1 Evacuation Pause)
[2025-12-25T01:33:52.264+0000][gc,task     ] GC(527) Using 8 workers of 8 for evacuation
[2025-12-25T01:33:52.283+0000][gc,phases   ] GC(527)   Pre Evacuate Collection Set: 1.1ms
[2025-12-25T01:33:52.283+0000][gc,phases   ] GC(527)   Merge Heap Roots: 0.3ms
[2025-12-25T01:33:52.283+0000][gc,phases   ] GC(527)   Evacuate Collection Set: 14.2ms
[2025-12-25T01:33:52.283+0000][gc,phases   ] GC(527)   Post Evacuate Collection Set: 2.6ms
[2025-12-25T01:33:52.283+0000][gc,phases   ] GC(527)   Other: 0.4ms
[2025-12-25T01:33:52.283+0000][gc,heap     ] GC(527) Eden regions: 606->0(603)
[2025-12-25T01:33:52.283+0000][gc,heap     ] GC(527) Survivor regions: 8->11(77)
[2025-12-25T01:33:52.283+0000][gc,heap     ] GC(527) Old regions: 129->129
[2025-12-25T01:33:52.283+0000][gc,heap     ] GC(527) Humongous regions: 151->151
[2025-12-25T01:33:52.283+0000][gc,metaspace] GC(527) Metaspace: 15775K(16192K)->15775K(16192K) NonClass: 14133K(14272K)->14133K(14272K) Class: 1642K(1920K)->1642K(1920K)
[2025-12-25T01:33:52.283+0000][gc          ] GC(527) Pause Young (Normal) (G1 Evacuation Pause) 892M->289M(1024M) 19.680ms
[2025-12-25T01:33:52.283+0000][gc,cpu      ] GC(527) User=0.12s Sys=0.00s Real=0.02s
[2025-12-25T01:34:22.487+0000][gc,start    ] GC(528) Pause Young (Normal) (G1 Evacuation Pause)
[2025-12-25T01:34:22.488+0000][gc,task     ] GC(528) Using 8 workers of 8 for evacuation
[2025-12-25T01:34:22.504+0000][gc,phases   ] GC(528)   Pre Evacuate Collection Set: 4.1ms
[2025-12-25T01:34:22.504+0000][gc,phases   ] GC(528)   Merge Heap Roots: 0.2ms
[2025-12-25T01:34:22.504+0000][gc,phases   ] GC(528)   Evacuate Collection Set: 10.7ms
[2025-12-25T01:34:22.505+0000][gc,phases   ] GC(528)   Post Evacuate Collection Set: 1.0ms
[2025-12-25T01:34:22.505+0000][gc,phases   ] GC(528)   Other: 0.5ms
[2025-12-25T01:34:22.505+0000][gc,heap     ] GC(528) Eden regions: 603->0(602)
[2025-12-25T01:34:22.505+0000][gc,heap     ] GC(528) Survivor regions: 11->12(77)
[2025-12-25T01:34:22.505+0000][gc,heap     ] GC(528) Old regions: 129->129
[2025-12-25T01:34:22.505+0000][gc,heap     ] GC(528) Humongous regions: 151->151
[2025-12-25T01:34:22.505+0000][gc,metaspace] GC(528) Metaspace: 15780K(16192K)->15780K(16192K) NonClass: 14135K(14272K)->14135K(14272K) Class: 1645K(1920K)->1645K(1920K)
[2025-12-25T01:34:22.505+0000][gc          ] GC(528) Pause Young (Normal) (G1 Evacuation Pause) 892M->291M(1024M) 18.216ms
[2025-12-25T01:34:22.505+0000][gc,cpu      ] GC(528) User=0.10s Sys=0.00s Real=0.01s
[2025-12-25T01:35:02.101+0000][gc,start    ] GC(529) Pause Young (Normal) (G1 Evacuation Pause)
[2025-12-25T01:35:02.101+0000][gc,task     ] GC(529) Using 8 workers of 8 for evacuation
[2025-12-25T01:35:02.117+0000][gc,phases   ] GC(529)   Pre Evacuate Collection Set: 3.6ms
[2025-12-25T01:35:02.117+0000][gc,phases   ] GC(529)   Merge Heap Roots: 0.2ms
[2025-12-25T01:35:02.117+0000][gc,phases   ] GC(529)   Evacuate Collection Set: 9.7ms
[2025-12-25T01:35:02.117+0000][gc,phases   ] GC(529)   Post Evacuate Collection Set: 1.3ms
[2025-12-25T01:35:02.117+0000][gc,phases   ] GC(529)   Other: 0.5ms
[2025-12-25T01:35:02.117+0000][gc,heap     ] GC(529) Eden regions: 602->0(607)
[2025-12-25T01:35:02.117+0000][gc,heap     ] GC(529) Survivor regions: 12->7(77)
[2025-12-25T01:35:02.117+0000][gc,heap     ] GC(529) Old regions: 129->129
[2025-12-25T01:35:02.117+0000][gc,heap     ] GC(529) Humongous regions: 151->151
[2025-12-25T01:35:02.117+0000][gc,metaspace] GC(529) Metaspace: 15780K(16192K)->15780K(16192K) NonClass: 14135K(14272K)->14135K(14272K) Class: 1645K(1920K)->1645K(1920K)
[2025-12-25T01:35:02.117+0000][gc          ] GC(529) Pause Young (Normal) (G1 Evacuation Pause) 893M->286M(1024M) 16.629ms
[2025-12-25T01:35:02.117+0000][gc,cpu      ] GC(529) User=0.09s Sys=0.00s Real=0.02s
[2025-12-25T01:35:32.357+0000][gc,start    ] GC(530) Pause Young (Normal) (G1 Evacuation Pause)
[2025-12-25T01:35:32.357+0000][gc,task     ] GC(530) Using 8 workers of 8 for evacuation
[2025-12-25T01:35:32.374+0000][gc,phases   ] GC(530)   Pre Evacuate Collection Set: 1.1ms
[2025-12-25T01:35:32.374+0000][gc,phases   ] GC(530)   Merge Heap Roots: 0.2ms
[2025-12-25T01:35:32.374+0000][gc,phases   ] GC(530)   Evacuate Collection Set: 13.9ms
[2025-12-25T01:35:32.374+0000][gc,phases   ] GC(530)   Post Evacuate Collection Set: 1.2ms
[2025-12-25T01:35:32.374+0000][gc,phases   ] GC(530)   Other: 0.2ms
[2025-12-25T01:35:32.374+0000][gc,heap     ] GC(530) Eden regions: 607->0(606)
[2025-12-25T01:35:32.374+0000][gc,heap     ] GC(530) Survivor regions: 7->8(77)
[2025-12-25T01:35:32.374+0000][gc,heap     ] GC(530) Old regions: 129->130
[2025-12-25T01:35:32.374+0000][gc,heap     ] GC(530) Humongous regions: 151->151
[2025-12-25T01:35:32.375+0000][gc,metaspace] GC(530) Metaspace: 15780K(16192K)->15780K(16192K) NonClass: 14135K(14272K)->14135K(14272K) Class: 1645K(1920K)->1645K(1920K)
[2025-12-25T01:35:32.375+0000][gc          ] GC(530) Pause Young (Normal) (G1 Evacuation Pause) 893M->287M(1024M) 17.723ms
[2025-12-25T01:35:32.375+0000][gc,cpu      ] GC(530) User=0.11s Sys=0.01s Real=0.02s
[2025-12-25T01:36:12.025+0000][gc,start    ] GC(531) Pause Young (Normal) (G1 Evacuation Pause)
[2025-12-25T01:36:12.026+0000][gc,task     ] GC(531) Using 8 workers of 8 for evacuation
[2025-12-25T01:36:12.047+0000][gc,phases   ] GC(531)   Pre Evacuate Collection Set: 1.1ms
[2025-12-25T01:36:12.047+0000][gc,phases   ] GC(531)   Merge Heap Roots: 0.3ms
[2025-12-25T01:36:12.047+0000][gc,phases   ] GC(531)   Evacuate Collection Set: 18.4ms
[2025-12-25T01:36:12.047+0000][gc,phases   ] GC(531)   Post Evacuate Collection Set: 1.2ms
[2025-12-25T01:36:12.047+0000][gc,phases   ] GC(531)   Other: 0.3ms
[2025-12-25T01:36:12.047+0000][gc,heap     ] GC(531) Eden regions: 606->0(607)
[2025-12-25T01:36:12.047+0000][gc,heap     ] GC(531) Survivor regions: 8->7(77)
[2025-12-25T01:36:12.047+0000][gc,heap     ] GC(531) Old regions: 130->130
[2025-12-25T01:36:12.047+0000][gc,heap     ] GC(531) Humongous regions: 151->151
[2025-12-25T01:36:12.048+0000][gc,metaspace] GC(531) Metaspace: 15780K(16192K)->15780K(16192K) NonClass: 14135K(14272K)->14135K(14272K) Class: 1645K(1920K)->1645K(1920K)
[2025-12-25T01:36:12.048+0000][gc          ] GC(531) Pause Young (Normal) (G1 Evacuation Pause) 893M->287M(1024M) 22.616ms
[2025-12-25T01:36:12.048+0000][gc,cpu      ] GC(531) User=0.15s Sys=0.00s Real=0.02s
[2025-12-25T01:36:42.281+0000][gc,start    ] GC(532) Pause Young (Normal) (G1 Evacuation Pause)
[2025-12-25T01:36:42.282+0000][gc,task     ] GC(532) Using 8 workers of 8 for evacuation
[2025-12-25T01:36:42.297+0000][gc,phases   ] GC(532)   Pre Evacuate Collection Set: 1.3ms
[2025-12-25T01:36:42.297+0000][gc,phases   ] GC(532)   Merge Heap Roots: 0.4ms
[2025-12-25T01:36:42.297+0000][gc,phases   ] GC(532)   Evacuate Collection Set: 11.3ms
[2025-12-25T01:36:42.297+0000][gc,phases   ] GC(532)   Post Evacuate Collection Set: 1.4ms
[2025-12-25T01:36:42.297+0000][gc,phases   ] GC(532)   Other: 0.4ms
[2025-12-25T01:36:42.297+0000][gc,heap     ] GC(532) Eden regions: 607->0(605)
[2025-12-25T01:36:42.297+0000][gc,heap     ] GC(532) Survivor regions: 7->9(77)
[2025-12-25T01:36:42.297+0000][gc,heap     ] GC(532) Old regions: 130->130
[2025-12-25T01:36:42.297+0000][gc,heap     ] GC(532) Humongous regions: 151->151
[2025-12-25T01:36:42.297+0000][gc,metaspace] GC(532) Metaspace: 15780K(16192K)->15780K(16192K) NonClass: 14135K(14272K)->14135K(14272K) Class: 1645K(1920K)->1645K(1920K)
[2025-12-25T01:36:42.297+0000][gc          ] GC(532) Pause Young (Normal) (G1 Evacuation Pause) 894M->288M(1024M) 15.980ms
[2025-12-25T01:36:42.297+0000][gc,cpu      ] GC(532) User=0.09s Sys=0.00s Real=0.02s
[2025-12-25T01:37:21.957+0000][gc,start    ] GC(533) Pause Young (Normal) (G1 Evacuation Pause)
[2025-12-25T01:37:21.958+0000][gc,task     ] GC(533) Using 8 workers of 8 for evacuation
[2025-12-25T01:37:21.973+0000][gc,phases   ] GC(533)   Pre Evacuate Collection Set: 2.8ms
[2025-12-25T01:37:21.973+0000][gc,phases   ] GC(533)   Merge Heap Roots: 0.5ms
[2025-12-25T01:37:21.973+0000][gc,phases   ] GC(533)   Evacuate Collection Set: 11.1ms
[2025-12-25T01:37:21.973+0000][gc,phases   ] GC(533)   Post Evacuate Collection Set: 1.1ms
[2025-12-25T01:37:21.973+0000][gc,phases   ] GC(533)   Other: 0.4ms
[2025-12-25T01:37:21.973+0000][gc,heap     ] GC(533) Eden regions: 605->0(606)
[2025-12-25T01:37:21.973+0000][gc,heap     ] GC(533) Survivor regions: 9->8(77)
[2025-12-25T01:37:21.973+0000][gc,heap     ] GC(533) Old regions: 130->130
[2025-12-25T01:37:21.973+0000][gc,heap     ] GC(533) Humongous regions: 151->151
[2025-12-25T01:37:21.973+0000][gc,metaspace] GC(533) Metaspace: 15780K(16192K)->15780K(16192K) NonClass: 14135K(14272K)->14135K(14272K) Class: 1645K(1920K)->1645K(1920K)
[2025-12-25T01:37:21.974+0000][gc          ] GC(533) Pause Young (Normal) (G1 Evacuation Pause) 893M->287M(1024M) 16.808ms
[2025-12-25T01:37:21.974+0000][gc,cpu      ] GC(533) User=0.10s Sys=0.00s Real=0.01s
[2025-12-25T01:37:52.200+0000][gc,start    ] GC(534) Pause Young (Normal) (G1 Evacuation Pause)
[2025-12-25T01:37:52.201+0000][gc,task     ] GC(534) Using 8 workers of 8 for evacuation
[2025-12-25T01:37:52.230+0000][gc,phases   ] GC(534)   Pre Evacuate Collection Set: 4.6ms
[2025-12-25T01:37:52.230+0000][gc,phases   ] GC(534)   Merge Heap Roots: 1.7ms
[2025-12-25T01:37:52.230+0000][gc,phases   ] GC(534)   Evacuate Collection Set: 20.5ms
[2025-12-25T01:37:52.230+0000][gc,phases   ] GC(534)   Post Evacuate Collection Set: 1.3ms
[2025-12-25T01:37:52.230+0000][gc,phases   ] GC(534)   Other: 1.0ms
[2025-12-25T01:37:52.230+0000][gc,heap     ] GC(534) Eden regions: 606->0(605)
[2025-12-25T01:37:52.230+0000][gc,heap     ] GC(534) Survivor regions: 8->9(77)
[2025-12-25T01:37:52.230+0000][gc,heap     ] GC(534) Old regions: 130->130
[2025-12-25T01:37:52.230+0000][gc,heap     ] GC(534) Humongous regions: 151->151
[2025-12-25T01:37:52.230+0000][gc,metaspace] GC(534) Metaspace: 15780K(16192K)->15780K(16192K) NonClass: 14135K(14272K)->14135K(14272K) Class: 1645K(1920K)->1645K(1920K)
[2025-12-25T01:37:52.231+0000][gc          ] GC(534) Pause Young (Normal) (G1 Evacuation Pause) 893M->289M(1024M) 30.423ms
[2025-12-25T01:37:52.231+0000][gc,cpu      ] GC(534) User=0.17s Sys=0.01s Real=0.03s
[2025-12-25T01:38:22.417+0000][gc,start    ] GC(535) Pause Young (Normal) (G1 Evacuation Pause)
[2025-12-25T01:38:22.418+0000][gc,task     ] GC(535) Using 8 workers of 8 for evacuation
[2025-12-25T01:38:22.432+0000][gc,phases   ] GC(535)   Pre Evacuate Collection Set: 1.1ms
[2025-12-25T01:38:22.432+0000][gc,phases   ] GC(535)   Merge Heap Roots: 0.3ms
[2025-12-25T01:38:22.432+0000][gc,phases   ] GC(535)   Evacuate Collection Set: 10.8ms
[2025-12-25T01:38:22.432+0000][gc,phases   ] GC(535)   Post Evacuate Collection Set: 1.9ms
[2025-12-25T01:38:22.432+0000][gc,phases   ] GC(535)   Other: 0.2ms
[2025-12-25T01:38:22.433+0000][gc,heap     ] GC(535) Eden regions: 605->0(604)
[2025-12-25T01:38:22.433+0000][gc,heap     ] GC(535) Survivor regions: 9->10(77)
[2025-12-25T01:38:22.433+0000][gc,heap     ] GC(535) Old regions: 130->131
[2025-12-25T01:38:22.433+0000][gc,heap     ] GC(535) Humongous regions: 151->151
[2025-12-25T01:38:22.433+0000][gc,metaspace] GC(535) Metaspace: 15780K(16192K)->15780K(16192K) NonClass: 14135K(14272K)->14135K(14272K) Class: 1645K(1920K)->1645K(1920K)
[2025-12-25T01:38:22.433+0000][gc          ] GC(535) Pause Young (Normal) (G1 Evacuation Pause) 894M->290M(1024M) 15.539ms
[2025-12-25T01:38:22.433+0000][gc,cpu      ] GC(535) User=0.09s Sys=0.00s Real=0.01s
[2025-12-25T01:39:01.979+0000][gc,start    ] GC(536) Pause Young (Normal) (G1 Evacuation Pause)
[2025-12-25T01:39:01.980+0000][gc,task     ] GC(536) Using 8 workers of 8 for evacuation
[2025-12-25T01:39:01.999+0000][gc,phases   ] GC(536)   Pre Evacuate Collection Set: 4.5ms
[2025-12-25T01:39:01.999+0000][gc,phases   ] GC(536)   Merge Heap Roots: 0.8ms
[2025-12-25T01:39:02.000+0000][gc,phases   ] GC(536)   Evacuate Collection Set: 11.8ms
[2025-12-25T01:39:02.000+0000][gc,phases   ] GC(536)   Post Evacuate Collection Set: 1.3ms
[2025-12-25T01:39:02.000+0000][gc,phases   ] GC(536)   Other: 1.3ms
[2025-12-25T01:39:02.000+0000][gc,heap     ] GC(536) Eden regions: 604->0(609)
[2025-12-25T01:39:02.000+0000][gc,heap     ] GC(536) Survivor regions: 10->5(77)
[2025-12-25T01:39:02.000+0000][gc,heap     ] GC(536) Old regions: 131->131
[2025-12-25T01:39:02.000+0000][gc,heap     ] GC(536) Humongous regions: 151->151
[2025-12-25T01:39:02.000+0000][gc,metaspace] GC(536) Metaspace: 15780K(16192K)->15780K(16192K) NonClass: 14135K(14272K)->14135K(14272K) Class: 1645K(1920K)->1645K(1920K)
[2025-12-25T01:39:02.000+0000][gc          ] GC(536) Pause Young (Normal) (G1 Evacuation Pause) 894M->286M(1024M) 21.045ms
[2025-12-25T01:39:02.000+0000][gc,cpu      ] GC(536) User=0.10s Sys=0.00s Real=0.02s
[2025-12-25T01:39:32.288+0000][gc,start    ] GC(537) Pause Young (Normal) (G1 Evacuation Pause)
[2025-12-25T01:39:32.289+0000][gc,task     ] GC(537) Using 8 workers of 8 for evacuation
[2025-12-25T01:39:32.306+0000][gc,phases   ] GC(537)   Pre Evacuate Collection Set: 1.8ms
[2025-12-25T01:39:32.306+0000][gc,phases   ] GC(537)   Merge Heap Roots: 0.5ms
[2025-12-25T01:39:32.307+0000][gc,phases   ] GC(537)   Evacuate Collection Set: 12.7ms
[2025-12-25T01:39:32.307+0000][gc,phases   ] GC(537)   Post Evacuate Collection Set: 1.9ms
[2025-12-25T01:39:32.307+0000][gc,phases   ] GC(537)   Other: 0.4ms
[2025-12-25T01:39:32.307+0000][gc,heap     ] GC(537) Eden regions: 609->0(608)
[2025-12-25T01:39:32.307+0000][gc,heap     ] GC(537) Survivor regions: 5->6(77)
[2025-12-25T01:39:32.307+0000][gc,heap     ] GC(537) Old regions: 131->131
[2025-12-25T01:39:32.307+0000][gc,heap     ] GC(537) Humongous regions: 151->151
[2025-12-25T01:39:32.307+0000][gc,metaspace] GC(537) Metaspace: 15780K(16192K)->15780K(16192K) NonClass: 14135K(14272K)->14135K(14272K) Class: 1645K(1920K)->1645K(1920K)
[2025-12-25T01:39:32.307+0000][gc          ] GC(537) Pause Young (Normal) (G1 Evacuation Pause) 895M->287M(1024M) 18.760ms
[2025-12-25T01:39:32.307+0000][gc,cpu      ] GC(537) User=0.08s Sys=0.01s Real=0.02s
[2025-12-25T01:55:11.217+0000][gc,start    ] GC(538) Pause Young (Normal) (G1 Evacuation Pause)
[2025-12-25T01:55:11.217+0000][gc,task     ] GC(538) Using 8 workers of 8 for evacuation
[2025-12-25T01:55:11.235+0000][gc,phases   ] GC(538)   Pre Evacuate Collection Set: 3.2ms
[2025-12-25T01:55:11.235+0000][gc,phases   ] GC(538)   Merge Heap Roots: 0.8ms
[2025-12-25T01:55:11.235+0000][gc,phases   ] GC(538)   Evacuate Collection Set: 12.1ms
[2025-12-25T01:55:11.235+0000][gc,phases   ] GC(538)   Post Evacuate Collection Set: 1.3ms
[2025-12-25T01:55:11.235+0000][gc,phases   ] GC(538)   Other: 0.3ms
[2025-12-25T01:55:11.235+0000][gc,heap     ] GC(538) Eden regions: 608->0(608)
[2025-12-25T01:55:11.235+0000][gc,heap     ] GC(538) Survivor regions: 6->6(77)
[2025-12-25T01:55:11.235+0000][gc,heap     ] GC(538) Old regions: 131->131
[2025-12-25T01:55:11.235+0000][gc,heap     ] GC(538) Humongous regions: 151->151
[2025-12-25T01:55:11.235+0000][gc,metaspace] GC(538) Metaspace: 15781K(16192K)->15781K(16192K) NonClass: 14136K(14272K)->14136K(14272K) Class: 1645K(1920K)->1645K(1920K)
[2025-12-25T01:55:11.236+0000][gc          ] GC(538) Pause Young (Normal) (G1 Evacuation Pause) 895M->286M(1024M) 19.210ms
[2025-12-25T01:55:11.236+0000][gc,cpu      ] GC(538) User=0.10s Sys=0.01s Real=0.02s
[2025-12-25T01:55:41.495+0000][gc,start    ] GC(539) Pause Young (Normal) (G1 Evacuation Pause)
[2025-12-25T01:55:41.495+0000][gc,task     ] GC(539) Using 8 workers of 8 for evacuation
[2025-12-25T01:55:41.508+0000][gc,phases   ] GC(539)   Pre Evacuate Collection Set: 1.8ms
[2025-12-25T01:55:41.508+0000][gc,phases   ] GC(539)   Merge Heap Roots: 0.3ms
[2025-12-25T01:55:41.508+0000][gc,phases   ] GC(539)   Evacuate Collection Set: 8.4ms
[2025-12-25T01:55:41.508+0000][gc,phases   ] GC(539)   Post Evacuate Collection Set: 1.3ms
[2025-12-25T01:55:41.508+0000][gc,phases   ] GC(539)   Other: 0.4ms
[2025-12-25T01:55:41.508+0000][gc,heap     ] GC(539) Eden regions: 608->0(607)
[2025-12-25T01:55:41.508+0000][gc,heap     ] GC(539) Survivor regions: 6->7(77)
[2025-12-25T01:55:41.508+0000][gc,heap     ] GC(539) Old regions: 131->132
[2025-12-25T01:55:41.508+0000][gc,heap     ] GC(539) Humongous regions: 151->151
[2025-12-25T01:55:41.508+0000][gc,metaspace] GC(539) Metaspace: 15781K(16192K)->15781K(16192K) NonClass: 14136K(14272K)->14136K(14272K) Class: 1645K(1920K)->1645K(1920K)
[2025-12-25T01:55:41.508+0000][gc          ] GC(539) Pause Young (Normal) (G1 Evacuation Pause) 894M->288M(1024M) 13.457ms
[2025-12-25T01:55:41.508+0000][gc,cpu      ] GC(539) User=0.08s Sys=0.00s Real=0.01s
[2025-12-25T01:56:21.136+0000][gc,start    ] GC(540) Pause Young (Normal) (G1 Evacuation Pause)
[2025-12-25T01:56:21.137+0000][gc,task     ] GC(540) Using 8 workers of 8 for evacuation
[2025-12-25T01:56:21.152+0000][gc,phases   ] GC(540)   Pre Evacuate Collection Set: 1.2ms
[2025-12-25T01:56:21.152+0000][gc,phases   ] GC(540)   Merge Heap Roots: 0.3ms
[2025-12-25T01:56:21.152+0000][gc,phases   ] GC(540)   Evacuate Collection Set: 11.7ms
[2025-12-25T01:56:21.152+0000][gc,phases   ] GC(540)   Post Evacuate Collection Set: 1.5ms
[2025-12-25T01:56:21.152+0000][gc,phases   ] GC(540)   Other: 0.2ms
[2025-12-25T01:56:21.152+0000][gc,heap     ] GC(540) Eden regions: 607->0(608)
[2025-12-25T01:56:21.152+0000][gc,heap     ] GC(540) Survivor regions: 7->6(77)
[2025-12-25T01:56:21.152+0000][gc,heap     ] GC(540) Old regions: 132->132
[2025-12-25T01:56:21.152+0000][gc,heap     ] GC(540) Humongous regions: 151->151
[2025-12-25T01:56:21.152+0000][gc,metaspace] GC(540) Metaspace: 15782K(16192K)->15782K(16192K) NonClass: 14137K(14272K)->14137K(14272K) Class: 1645K(1920K)->1645K(1920K)
[2025-12-25T01:56:21.152+0000][gc          ] GC(540) Pause Young (Normal) (G1 Evacuation Pause) 895M->288M(1024M) 15.878ms
[2025-12-25T01:56:21.152+0000][gc,cpu      ] GC(540) User=0.09s Sys=0.00s Real=0.01s
[2025-12-25T01:56:51.466+0000][gc,start    ] GC(541) Pause Young (Normal) (G1 Evacuation Pause)
[2025-12-25T01:56:51.466+0000][gc,task     ] GC(541) Using 8 workers of 8 for evacuation
[2025-12-25T01:56:51.488+0000][gc,phases   ] GC(541)   Pre Evacuate Collection Set: 1.6ms
[2025-12-25T01:56:51.488+0000][gc,phases   ] GC(541)   Merge Heap Roots: 0.8ms
[2025-12-25T01:56:51.488+0000][gc,phases   ] GC(541)   Evacuate Collection Set: 17.8ms
[2025-12-25T01:56:51.488+0000][gc,phases   ] GC(541)   Post Evacuate Collection Set: 1.2ms
[2025-12-25T01:56:51.488+0000][gc,phases   ] GC(541)   Other: 0.2ms
[2025-12-25T01:56:51.488+0000][gc,heap     ] GC(541) Eden regions: 608->0(606)
[2025-12-25T01:56:51.488+0000][gc,heap     ] GC(541) Survivor regions: 6->8(77)
[2025-12-25T01:56:51.488+0000][gc,heap     ] GC(541) Old regions: 132->132
[2025-12-25T01:56:51.488+0000][gc,heap     ] GC(541) Humongous regions: 151->151
[2025-12-25T01:56:51.489+0000][gc,metaspace] GC(541) Metaspace: 15782K(16192K)->15782K(16192K) NonClass: 14137K(14272K)->14137K(14272K) Class: 1645K(1920K)->1645K(1920K)
[2025-12-25T01:56:51.489+0000][gc          ] GC(541) Pause Young (Normal) (G1 Evacuation Pause) 896M->289M(1024M) 23.002ms
[2025-12-25T01:56:51.489+0000][gc,cpu      ] GC(541) User=0.15s Sys=0.01s Real=0.02s
[2025-12-25T01:57:31.045+0000][gc,start    ] GC(542) Pause Young (Normal) (G1 Evacuation Pause)
[2025-12-25T01:57:31.045+0000][gc,task     ] GC(542) Using 8 workers of 8 for evacuation
[2025-12-25T01:57:31.062+0000][gc,phases   ] GC(542)   Pre Evacuate Collection Set: 3.2ms
[2025-12-25T01:57:31.062+0000][gc,phases   ] GC(542)   Merge Heap Roots: 0.4ms
[2025-12-25T01:57:31.062+0000][gc,phases   ] GC(542)   Evacuate Collection Set: 11.5ms
[2025-12-25T01:57:31.062+0000][gc,phases   ] GC(542)   Post Evacuate Collection Set: 1.2ms
[2025-12-25T01:57:31.062+0000][gc,phases   ] GC(542)   Other: 0.2ms
[2025-12-25T01:57:31.062+0000][gc,heap     ] GC(542) Eden regions: 606->0(608)
[2025-12-25T01:57:31.062+0000][gc,heap     ] GC(542) Survivor regions: 8->6(77)
[2025-12-25T01:57:31.062+0000][gc,heap     ] GC(542) Old regions: 132->133
[2025-12-25T01:57:31.062+0000][gc,heap     ] GC(542) Humongous regions: 151->151
[2025-12-25T01:57:31.062+0000][gc,metaspace] GC(542) Metaspace: 15785K(16192K)->15785K(16192K) NonClass: 14140K(14272K)->14140K(14272K) Class: 1645K(1920K)->1645K(1920K)
[2025-12-25T01:57:31.062+0000][gc          ] GC(542) Pause Young (Normal) (G1 Evacuation Pause) 895M->288M(1024M) 17.268ms
[2025-12-25T01:57:31.062+0000][gc,cpu      ] GC(542) User=0.08s Sys=0.01s Real=0.02s
[2025-12-25T01:58:01.283+0000][gc,start    ] GC(543) Pause Young (Normal) (G1 Evacuation Pause)
[2025-12-25T01:58:01.284+0000][gc,task     ] GC(543) Using 8 workers of 8 for evacuation
[2025-12-25T01:58:01.294+0000][gc,phases   ] GC(543)   Pre Evacuate Collection Set: 1.1ms
[2025-12-25T01:58:01.294+0000][gc,phases   ] GC(543)   Merge Heap Roots: 0.3ms
[2025-12-25T01:58:01.294+0000][gc,phases   ] GC(543)   Evacuate Collection Set: 7.1ms
[2025-12-25T01:58:01.294+0000][gc,phases   ] GC(543)   Post Evacuate Collection Set: 1.1ms
[2025-12-25T01:58:01.294+0000][gc,phases   ] GC(543)   Other: 0.2ms
[2025-12-25T01:58:01.294+0000][gc,heap     ] GC(543) Eden regions: 608->0(606)
[2025-12-25T01:58:01.294+0000][gc,heap     ] GC(543) Survivor regions: 6->8(77)
[2025-12-25T01:58:01.294+0000][gc,heap     ] GC(543) Old regions: 133->133
[2025-12-25T01:58:01.294+0000][gc,heap     ] GC(543) Humongous regions: 151->151
[2025-12-25T01:58:01.294+0000][gc,metaspace] GC(543) Metaspace: 15785K(16192K)->15785K(16192K) NonClass: 14140K(14272K)->14140K(14272K) Class: 1645K(1920K)->1645K(1920K)
[2025-12-25T01:58:01.294+0000][gc          ] GC(543) Pause Young (Normal) (G1 Evacuation Pause) 896M->290M(1024M) 10.949ms
[2025-12-25T01:58:01.294+0000][gc,cpu      ] GC(543) User=0.06s Sys=0.00s Real=0.01s
[2025-12-25T01:58:31.693+0000][gc,start    ] GC(544) Pause Young (Normal) (G1 Evacuation Pause)
[2025-12-25T01:58:31.695+0000][gc,task     ] GC(544) Using 8 workers of 8 for evacuation
[2025-12-25T01:58:31.705+0000][gc,phases   ] GC(544)   Pre Evacuate Collection Set: 3.6ms
[2025-12-25T01:58:31.705+0000][gc,phases   ] GC(544)   Merge Heap Roots: 0.2ms
[2025-12-25T01:58:31.705+0000][gc,phases   ] GC(544)   Evacuate Collection Set: 4.4ms
[2025-12-25T01:58:31.705+0000][gc,phases   ] GC(544)   Post Evacuate Collection Set: 1.0ms
[2025-12-25T01:58:31.705+0000][gc,phases   ] GC(544)   Other: 0.9ms
[2025-12-25T01:58:31.705+0000][gc,heap     ] GC(544) Eden regions: 606->0(609)
[2025-12-25T01:58:31.705+0000][gc,heap     ] GC(544) Survivor regions: 8->5(77)
[2025-12-25T01:58:31.705+0000][gc,heap     ] GC(544) Old regions: 133->133
[2025-12-25T01:58:31.705+0000][gc,heap     ] GC(544) Humongous regions: 151->151
[2025-12-25T01:58:31.705+0000][gc,metaspace] GC(544) Metaspace: 15785K(16192K)->15785K(16192K) NonClass: 14140K(14272K)->14140K(14272K) Class: 1645K(1920K)->1645K(1920K)
[2025-12-25T01:58:31.705+0000][gc          ] GC(544) Pause Young (Normal) (G1 Evacuation Pause) 896M->288M(1024M) 12.126ms
[2025-12-25T01:58:31.705+0000][gc,cpu      ] GC(544) User=0.04s Sys=0.01s Real=0.01s
[2025-12-25T01:59:11.213+0000][gc,start    ] GC(545) Pause Young (Normal) (G1 Evacuation Pause)
[2025-12-25T01:59:11.213+0000][gc,task     ] GC(545) Using 8 workers of 8 for evacuation
[2025-12-25T01:59:11.221+0000][gc,phases   ] GC(545)   Pre Evacuate Collection Set: 1.0ms
[2025-12-25T01:59:11.221+0000][gc,phases   ] GC(545)   Merge Heap Roots: 0.2ms
[2025-12-25T01:59:11.221+0000][gc,phases   ] GC(545)   Evacuate Collection Set: 4.2ms
[2025-12-25T01:59:11.221+0000][gc,phases   ] GC(545)   Post Evacuate Collection Set: 2.4ms
[2025-12-25T01:59:11.222+0000][gc,phases   ] GC(545)   Other: 0.2ms
[2025-12-25T01:59:11.222+0000][gc,heap     ] GC(545) Eden regions: 609->0(610)
[2025-12-25T01:59:11.222+0000][gc,heap     ] GC(545) Survivor regions: 5->4(77)
[2025-12-25T01:59:11.222+0000][gc,heap     ] GC(545) Old regions: 133->133
[2025-12-25T01:59:11.222+0000][gc,heap     ] GC(545) Humongous regions: 151->151
[2025-12-25T01:59:11.222+0000][gc,metaspace] GC(545) Metaspace: 15785K(16192K)->15785K(16192K) NonClass: 14140K(14272K)->14140K(14272K) Class: 1645K(1920K)->1645K(1920K)
[2025-12-25T01:59:11.222+0000][gc          ] GC(545) Pause Young (Normal) (G1 Evacuation Pause) 897M->287M(1024M) 9.443ms
[2025-12-25T01:59:11.222+0000][gc,cpu      ] GC(545) User=0.05s Sys=0.00s Real=0.01s
[2025-12-25T01:59:41.572+0000][gc,start    ] GC(546) Pause Young (Normal) (G1 Evacuation Pause)
[2025-12-25T01:59:41.572+0000][gc,task     ] GC(546) Using 8 workers of 8 for evacuation
[2025-12-25T01:59:41.590+0000][gc,phases   ] GC(546)   Pre Evacuate Collection Set: 4.9ms
[2025-12-25T01:59:41.591+0000][gc,phases   ] GC(546)   Merge Heap Roots: 0.7ms
[2025-12-25T01:59:41.592+0000][gc,phases   ] GC(546)   Evacuate Collection Set: 6.7ms
[2025-12-25T01:59:41.592+0000][gc,phases   ] GC(546)   Post Evacuate Collection Set: 5.6ms
[2025-12-25T01:59:41.592+0000][gc,phases   ] GC(546)   Other: 0.5ms
[2025-12-25T01:59:41.592+0000][gc,heap     ] GC(546) Eden regions: 610->0(607)
[2025-12-25T01:59:41.592+0000][gc,heap     ] GC(546) Survivor regions: 4->7(77)
[2025-12-25T01:59:41.592+0000][gc,heap     ] GC(546) Old regions: 133->133
[2025-12-25T01:59:41.592+0000][gc,heap     ] GC(546) Humongous regions: 151->151
[2025-12-25T01:59:41.592+0000][gc,metaspace] GC(546) Metaspace: 15785K(16192K)->15785K(16192K) NonClass: 14140K(14272K)->14140K(14272K) Class: 1645K(1920K)->1645K(1920K)
[2025-12-25T01:59:41.593+0000][gc          ] GC(546) Pause Young (Normal) (G1 Evacuation Pause) 897M->289M(1024M) 20.954ms
[2025-12-25T01:59:41.593+0000][gc,cpu      ] GC(546) User=0.10s Sys=0.00s Real=0.02s
[2025-12-25T02:00:21.217+0000][gc,start    ] GC(547) Pause Young (Normal) (G1 Evacuation Pause)
[2025-12-25T02:00:21.217+0000][gc,task     ] GC(547) Using 8 workers of 8 for evacuation
[2025-12-25T02:00:21.231+0000][gc,phases   ] GC(547)   Pre Evacuate Collection Set: 1.3ms
[2025-12-25T02:00:21.232+0000][gc,phases   ] GC(547)   Merge Heap Roots: 0.4ms
[2025-12-25T02:00:21.232+0000][gc,phases   ] GC(547)   Evacuate Collection Set: 9.2ms
[2025-12-25T02:00:21.232+0000][gc,phases   ] GC(547)   Post Evacuate Collection Set: 2.8ms
[2025-12-25T02:00:21.232+0000][gc,phases   ] GC(547)   Other: 0.5ms
[2025-12-25T02:00:21.232+0000][gc,heap     ] GC(547) Eden regions: 607->0(608)
[2025-12-25T02:00:21.232+0000][gc,heap     ] GC(547) Survivor regions: 7->6(77)
[2025-12-25T02:00:21.232+0000][gc,heap     ] GC(547) Old regions: 133->133
[2025-12-25T02:00:21.232+0000][gc,heap     ] GC(547) Humongous regions: 151->151
[2025-12-25T02:00:21.232+0000][gc,metaspace] GC(547) Metaspace: 15785K(16192K)->15785K(16192K) NonClass: 14140K(14272K)->14140K(14272K) Class: 1645K(1920K)->1645K(1920K)
[2025-12-25T02:00:21.232+0000][gc          ] GC(547) Pause Young (Normal) (G1 Evacuation Pause) 896M->289M(1024M) 15.640ms
[2025-12-25T02:00:21.232+0000][gc,cpu      ] GC(547) User=0.08s Sys=0.00s Real=0.02s
[2025-12-25T02:00:51.415+0000][gc,start    ] GC(548) Pause Young (Normal) (G1 Evacuation Pause)
[2025-12-25T02:00:51.416+0000][gc,task     ] GC(548) Using 8 workers of 8 for evacuation
[2025-12-25T02:00:51.434+0000][gc,phases   ] GC(548)   Pre Evacuate Collection Set: 2.4ms
[2025-12-25T02:00:51.434+0000][gc,phases   ] GC(548)   Merge Heap Roots: 1.1ms
[2025-12-25T02:00:51.434+0000][gc,phases   ] GC(548)   Evacuate Collection Set: 13.4ms
[2025-12-25T02:00:51.434+0000][gc,phases   ] GC(548)   Post Evacuate Collection Set: 1.2ms
[2025-12-25T02:00:51.434+0000][gc,phases   ] GC(548)   Other: 0.3ms
[2025-12-25T02:00:51.434+0000][gc,heap     ] GC(548) Eden regions: 608->0(606)
[2025-12-25T02:00:51.434+0000][gc,heap     ] GC(548) Survivor regions: 6->8(77)
[2025-12-25T02:00:51.434+0000][gc,heap     ] GC(548) Old regions: 133->133
[2025-12-25T02:00:51.434+0000][gc,heap     ] GC(548) Humongous regions: 151->151
[2025-12-25T02:00:51.435+0000][gc,metaspace] GC(548) Metaspace: 15785K(16192K)->15785K(16192K) NonClass: 14140K(14272K)->14140K(14272K) Class: 1645K(1920K)->1645K(1920K)
[2025-12-25T02:00:51.435+0000][gc          ] GC(548) Pause Young (Normal) (G1 Evacuation Pause) 897M->290M(1024M) 19.589ms
[2025-12-25T02:00:51.435+0000][gc,cpu      ] GC(548) User=0.12s Sys=0.00s Real=0.02s
[2025-12-25T02:01:31.092+0000][gc,start    ] GC(549) Pause Young (Normal) (G1 Evacuation Pause)
[2025-12-25T02:01:31.092+0000][gc,task     ] GC(549) Using 8 workers of 8 for evacuation
[2025-12-25T02:01:31.102+0000][gc,phases   ] GC(549)   Pre Evacuate Collection Set: 1.2ms
[2025-12-25T02:01:31.102+0000][gc,phases   ] GC(549)   Merge Heap Roots: 0.2ms
[2025-12-25T02:01:31.102+0000][gc,phases   ] GC(549)   Evacuate Collection Set: 6.9ms
[2025-12-25T02:01:31.102+0000][gc,phases   ] GC(549)   Post Evacuate Collection Set: 1.1ms
[2025-12-25T02:01:31.102+0000][gc,phases   ] GC(549)   Other: 0.2ms
[2025-12-25T02:01:31.102+0000][gc,heap     ] GC(549) Eden regions: 606->0(607)
[2025-12-25T02:01:31.102+0000][gc,heap     ] GC(549) Survivor regions: 8->7(77)
[2025-12-25T02:01:31.102+0000][gc,heap     ] GC(549) Old regions: 133->133
[2025-12-25T02:01:31.102+0000][gc,heap     ] GC(549) Humongous regions: 151->151
[2025-12-25T02:01:31.103+0000][gc,metaspace] GC(549) Metaspace: 15785K(16192K)->15785K(16192K) NonClass: 14140K(14272K)->14140K(14272K) Class: 1645K(1920K)->1645K(1920K)
[2025-12-25T02:01:31.103+0000][gc          ] GC(549) Pause Young (Normal) (G1 Evacuation Pause) 896M->290M(1024M) 10.683ms
[2025-12-25T02:01:31.103+0000][gc,cpu      ] GC(549) User=0.05s Sys=0.01s Real=0.01s
[2025-12-25T02:02:01.334+0000][gc,start    ] GC(550) Pause Young (Normal) (G1 Evacuation Pause)
[2025-12-25T02:02:01.334+0000][gc,task     ] GC(550) Using 8 workers of 8 for evacuation
[2025-12-25T02:02:01.353+0000][gc,phases   ] GC(550)   Pre Evacuate Collection Set: 1.0ms
[2025-12-25T02:02:01.353+0000][gc,phases   ] GC(550)   Merge Heap Roots: 0.3ms
[2025-12-25T02:02:01.354+0000][gc,phases   ] GC(550)   Evacuate Collection Set: 12.2ms
[2025-12-25T02:02:01.354+0000][gc,phases   ] GC(550)   Post Evacuate Collection Set: 5.1ms
[2025-12-25T02:02:01.354+0000][gc,phases   ] GC(550)   Other: 0.3ms
[2025-12-25T02:02:01.354+0000][gc,heap     ] GC(550) Eden regions: 607->0(605)
[2025-12-25T02:02:01.354+0000][gc,heap     ] GC(550) Survivor regions: 7->9(77)
[2025-12-25T02:02:01.354+0000][gc,heap     ] GC(550) Old regions: 133->133
[2025-12-25T02:02:01.354+0000][gc,heap     ] GC(550) Humongous regions: 151->151
[2025-12-25T02:02:01.354+0000][gc,metaspace] GC(550) Metaspace: 15785K(16192K)->15785K(16192K) NonClass: 14140K(14272K)->14140K(14272K) Class: 1645K(1920K)->1645K(1920K)
[2025-12-25T02:02:01.354+0000][gc          ] GC(550) Pause Young (Normal) (G1 Evacuation Pause) 897M->292M(1024M) 20.107ms
[2025-12-25T02:02:01.354+0000][gc,cpu      ] GC(550) User=0.11s Sys=0.01s Real=0.02s
[2025-12-25T02:02:31.558+0000][gc,start    ] GC(551) Pause Young (Normal) (G1 Evacuation Pause)
[2025-12-25T02:02:31.559+0000][gc,task     ] GC(551) Using 8 workers of 8 for evacuation
[2025-12-25T02:02:31.575+0000][gc,phases   ] GC(551)   Pre Evacuate Collection Set: 3.4ms
[2025-12-25T02:02:31.575+0000][gc,phases   ] GC(551)   Merge Heap Roots: 0.2ms
[2025-12-25T02:02:31.575+0000][gc,phases   ] GC(551)   Evacuate Collection Set: 7.0ms
[2025-12-25T02:02:31.576+0000][gc,phases   ] GC(551)   Post Evacuate Collection Set: 4.8ms
[2025-12-25T02:02:31.576+0000][gc,phases   ] GC(551)   Other: 1.3ms
[2025-12-25T02:02:31.576+0000][gc,heap     ] GC(551) Eden regions: 605->0(608)
[2025-12-25T02:02:31.576+0000][gc,heap     ] GC(551) Survivor regions: 9->6(77)
[2025-12-25T02:02:31.576+0000][gc,heap     ] GC(551) Old regions: 133->133
[2025-12-25T02:02:31.576+0000][gc,heap     ] GC(551) Humongous regions: 151->151
[2025-12-25T02:02:31.576+0000][gc,metaspace] GC(551) Metaspace: 15785K(16192K)->15785K(16192K) NonClass: 14140K(14272K)->14140K(14272K) Class: 1645K(1920K)->1645K(1920K)
[2025-12-25T02:02:31.576+0000][gc          ] GC(551) Pause Young (Normal) (G1 Evacuation Pause) 897M->289M(1024M) 18.282ms
[2025-12-25T02:02:31.576+0000][gc,cpu      ] GC(551) User=0.09s Sys=0.00s Real=0.01s
[2025-12-25T02:03:11.280+0000][gc,start    ] GC(552) Pause Young (Normal) (G1 Evacuation Pause)
[2025-12-25T02:03:11.281+0000][gc,task     ] GC(552) Using 8 workers of 8 for evacuation
[2025-12-25T02:03:11.293+0000][gc,phases   ] GC(552)   Pre Evacuate Collection Set: 1.1ms
[2025-12-25T02:03:11.293+0000][gc,phases   ] GC(552)   Merge Heap Roots: 0.2ms
[2025-12-25T02:03:11.293+0000][gc,phases   ] GC(552)   Evacuate Collection Set: 9.1ms
[2025-12-25T02:03:11.293+0000][gc,phases   ] GC(552)   Post Evacuate Collection Set: 1.2ms
[2025-12-25T02:03:11.293+0000][gc,phases   ] GC(552)   Other: 0.2ms
[2025-12-25T02:03:11.293+0000][gc,heap     ] GC(552) Eden regions: 608->0(608)
[2025-12-25T02:03:11.293+0000][gc,heap     ] GC(552) Survivor regions: 6->6(77)
[2025-12-25T02:03:11.293+0000][gc,heap     ] GC(552) Old regions: 133->133
[2025-12-25T02:03:11.293+0000][gc,heap     ] GC(552) Humongous regions: 151->151
[2025-12-25T02:03:11.294+0000][gc,metaspace] GC(552) Metaspace: 15785K(16192K)->15785K(16192K) NonClass: 14140K(14272K)->14140K(14272K) Class: 1645K(1920K)->1645K(1920K)
[2025-12-25T02:03:11.294+0000][gc          ] GC(552) Pause Young (Normal) (G1 Evacuation Pause) 897M->289M(1024M) 13.593ms
[2025-12-25T02:03:11.294+0000][gc,cpu      ] GC(552) User=0.07s Sys=0.01s Real=0.01s
[2025-12-25T02:03:41.601+0000][gc,start    ] GC(553) Pause Young (Normal) (G1 Evacuation Pause)
[2025-12-25T02:03:41.601+0000][gc,task     ] GC(553) Using 8 workers of 8 for evacuation
[2025-12-25T02:03:41.614+0000][gc,phases   ] GC(553)   Pre Evacuate Collection Set: 1.2ms
[2025-12-25T02:03:41.614+0000][gc,phases   ] GC(553)   Merge Heap Roots: 0.2ms
[2025-12-25T02:03:41.614+0000][gc,phases   ] GC(553)   Evacuate Collection Set: 9.9ms
[2025-12-25T02:03:41.614+0000][gc,phases   ] GC(553)   Post Evacuate Collection Set: 1.2ms
[2025-12-25T02:03:41.614+0000][gc,phases   ] GC(553)   Other: 0.3ms
[2025-12-25T02:03:41.615+0000][gc,heap     ] GC(553) Eden regions: 608->0(607)
[2025-12-25T02:03:41.615+0000][gc,heap     ] GC(553) Survivor regions: 6->7(77)
[2025-12-25T02:03:41.615+0000][gc,heap     ] GC(553) Old regions: 133->133
[2025-12-25T02:03:41.615+0000][gc,heap     ] GC(553) Humongous regions: 151->151
[2025-12-25T02:03:41.615+0000][gc,metaspace] GC(553) Metaspace: 15785K(16192K)->15785K(16192K) NonClass: 14140K(14272K)->14140K(14272K) Class: 1645K(1920K)->1645K(1920K)
[2025-12-25T02:03:41.615+0000][gc          ] GC(553) Pause Young (Normal) (G1 Evacuation Pause) 897M->290M(1024M) 14.123ms
[2025-12-25T02:03:41.615+0000][gc,cpu      ] GC(553) User=0.07s Sys=0.00s Real=0.01s
[2025-12-25T02:04:21.209+0000][gc,start    ] GC(554) Pause Young (Normal) (G1 Evacuation Pause)
[2025-12-25T02:04:21.210+0000][gc,task     ] GC(554) Using 8 workers of 8 for evacuation
[2025-12-25T02:04:21.225+0000][gc,phases   ] GC(554)   Pre Evacuate Collection Set: 1.1ms
[2025-12-25T02:04:21.225+0000][gc,phases   ] GC(554)   Merge Heap Roots: 0.4ms
[2025-12-25T02:04:21.226+0000][gc,phases   ] GC(554)   Evacuate Collection Set: 12.1ms
[2025-12-25T02:04:21.226+0000][gc,phases   ] GC(554)   Post Evacuate Collection Set: 1.4ms
[2025-12-25T02:04:21.226+0000][gc,phases   ] GC(554)   Other: 0.6ms
[2025-12-25T02:04:21.226+0000][gc,heap     ] GC(554) Eden regions: 607->0(607)
[2025-12-25T02:04:21.226+0000][gc,heap     ] GC(554) Survivor regions: 7->7(77)
[2025-12-25T02:04:21.226+0000][gc,heap     ] GC(554) Old regions: 133->133
[2025-12-25T02:04:21.226+0000][gc,heap     ] GC(554) Humongous regions: 151->151
[2025-12-25T02:04:21.226+0000][gc,metaspace] GC(554) Metaspace: 15785K(16192K)->15785K(16192K) NonClass: 14140K(14272K)->14140K(14272K) Class: 1645K(1920K)->1645K(1920K)
[2025-12-25T02:04:21.227+0000][gc          ] GC(554) Pause Young (Normal) (G1 Evacuation Pause) 897M->290M(1024M) 17.618ms
[2025-12-25T02:04:21.227+0000][gc,cpu      ] GC(554) User=0.10s Sys=0.00s Real=0.02s
[2025-12-25T02:04:52.205+0000][gc,start    ] GC(555) Pause Young (Normal) (G1 Evacuation Pause)
[2025-12-25T02:04:52.215+0000][gc,task     ] GC(555) Using 8 workers of 8 for evacuation
[2025-12-25T02:04:52.320+0000][gc,phases   ] GC(555)   Pre Evacuate Collection Set: 10.3ms
[2025-12-25T02:04:52.322+0000][gc,phases   ] GC(555)   Merge Heap Roots: 3.4ms
[2025-12-25T02:04:52.323+0000][gc,phases   ] GC(555)   Evacuate Collection Set: 46.3ms
[2025-12-25T02:04:52.331+0000][gc,phases   ] GC(555)   Post Evacuate Collection Set: 25.2ms
[2025-12-25T02:04:52.339+0000][gc,phases   ] GC(555)   Other: 19.3ms
[2025-12-25T02:04:52.341+0000][gc,heap     ] GC(555) Eden regions: 607->0(605)
[2025-12-25T02:04:52.343+0000][gc,heap     ] GC(555) Survivor regions: 7->9(77)
[2025-12-25T02:04:52.346+0000][gc,heap     ] GC(555) Old regions: 133->134
[2025-12-25T02:04:52.346+0000][gc,heap     ] GC(555) Humongous regions: 151->151
[2025-12-25T02:04:52.347+0000][gc,metaspace] GC(555) Metaspace: 15785K(16192K)->15785K(16192K) NonClass: 14140K(14272K)->14140K(14272K) Class: 1645K(1920K)->1645K(1920K)
[2025-12-25T02:04:52.350+0000][gc          ] GC(555) Pause Young (Normal) (G1 Evacuation Pause) 897M->292M(1024M) 145.787ms
[2025-12-25T02:04:52.352+0000][gc,cpu      ] GC(555) User=0.19s Sys=0.04s Real=0.15s
[2025-12-25T02:05:31.212+0000][gc,start    ] GC(556) Pause Young (Normal) (G1 Evacuation Pause)
[2025-12-25T02:05:31.212+0000][gc,task     ] GC(556) Using 8 workers of 8 for evacuation
[2025-12-25T02:05:31.230+0000][gc,phases   ] GC(556)   Pre Evacuate Collection Set: 1.3ms
[2025-12-25T02:05:31.230+0000][gc,phases   ] GC(556)   Merge Heap Roots: 0.3ms
[2025-12-25T02:05:31.230+0000][gc,phases   ] GC(556)   Evacuate Collection Set: 15.4ms
[2025-12-25T02:05:31.230+0000][gc,phases   ] GC(556)   Post Evacuate Collection Set: 1.2ms
[2025-12-25T02:05:31.230+0000][gc,phases   ] GC(556)   Other: 0.2ms
[2025-12-25T02:05:31.231+0000][gc,heap     ] GC(556) Eden regions: 605->0(606)
[2025-12-25T02:05:31.231+0000][gc,heap     ] GC(556) Survivor regions: 9->8(77)
[2025-12-25T02:05:31.231+0000][gc,heap     ] GC(556) Old regions: 134->134
[2025-12-25T02:05:31.231+0000][gc,heap     ] GC(556) Humongous regions: 151->151
[2025-12-25T02:05:31.231+0000][gc,metaspace] GC(556) Metaspace: 15785K(16192K)->15785K(16192K) NonClass: 14140K(14272K)->14140K(14272K) Class: 1645K(1920K)->1645K(1920K)
[2025-12-25T02:05:31.231+0000][gc          ] GC(556) Pause Young (Normal) (G1 Evacuation Pause) 897M->291M(1024M) 19.396ms
[2025-12-25T02:05:31.231+0000][gc,cpu      ] GC(556) User=0.14s Sys=0.00s Real=0.02s
[2025-12-25T02:06:01.454+0000][gc,start    ] GC(557) Pause Young (Normal) (G1 Evacuation Pause)
[2025-12-25T02:06:01.455+0000][gc,task     ] GC(557) Using 8 workers of 8 for evacuation
[2025-12-25T02:06:01.477+0000][gc,phases   ] GC(557)   Pre Evacuate Collection Set: 4.6ms
[2025-12-25T02:06:01.477+0000][gc,phases   ] GC(557)   Merge Heap Roots: 1.3ms
[2025-12-25T02:06:01.477+0000][gc,phases   ] GC(557)   Evacuate Collection Set: 14.7ms
[2025-12-25T02:06:01.477+0000][gc,phases   ] GC(557)   Post Evacuate Collection Set: 1.2ms
[2025-12-25T02:06:01.477+0000][gc,phases   ] GC(557)   Other: 0.5ms
[2025-12-25T02:06:01.477+0000][gc,heap     ] GC(557) Eden regions: 606->0(604)
[2025-12-25T02:06:01.477+0000][gc,heap     ] GC(557) Survivor regions: 8->10(77)
[2025-12-25T02:06:01.477+0000][gc,heap     ] GC(557) Old regions: 134->134
[2025-12-25T02:06:01.477+0000][gc,heap     ] GC(557) Humongous regions: 151->151
[2025-12-25T02:06:01.478+0000][gc,metaspace] GC(557) Metaspace: 15785K(16192K)->15785K(16192K) NonClass: 14140K(14272K)->14140K(14272K) Class: 1645K(1920K)->1645K(1920K)
[2025-12-25T02:06:01.478+0000][gc          ] GC(557) Pause Young (Normal) (G1 Evacuation Pause) 897M->293M(1024M) 23.283ms
[2025-12-25T02:06:01.478+0000][gc,cpu      ] GC(557) User=0.15s Sys=0.00s Real=0.02s
[2025-12-25T02:06:31.645+0000][gc,start    ] GC(558) Pause Young (Normal) (G1 Evacuation Pause)
[2025-12-25T02:06:31.645+0000][gc,task     ] GC(558) Using 8 workers of 8 for evacuation
[2025-12-25T02:06:31.659+0000][gc,phases   ] GC(558)   Pre Evacuate Collection Set: 1.1ms
[2025-12-25T02:06:31.659+0000][gc,phases   ] GC(558)   Merge Heap Roots: 0.3ms
[2025-12-25T02:06:31.659+0000][gc,phases   ] GC(558)   Evacuate Collection Set: 11.0ms
[2025-12-25T02:06:31.659+0000][gc,phases   ] GC(558)   Post Evacuate Collection Set: 1.1ms
[2025-12-25T02:06:31.660+0000][gc,phases   ] GC(558)   Other: 0.3ms
[2025-12-25T02:06:31.660+0000][gc,heap     ] GC(558) Eden regions: 604->0(603)
[2025-12-25T02:06:31.660+0000][gc,heap     ] GC(558) Survivor regions: 10->11(77)
[2025-12-25T02:06:31.660+0000][gc,heap     ] GC(558) Old regions: 134->134
[2025-12-25T02:06:31.660+0000][gc,heap     ] GC(558) Humongous regions: 151->151
[2025-12-25T02:06:31.660+0000][gc,metaspace] GC(558) Metaspace: 15785K(16192K)->15785K(16192K) NonClass: 14140K(14272K)->14140K(14272K) Class: 1645K(1920K)->1645K(1920K)
[2025-12-25T02:06:31.660+0000][gc          ] GC(558) Pause Young (Normal) (G1 Evacuation Pause) 897M->295M(1024M) 15.009ms
[2025-12-25T02:06:31.660+0000][gc,cpu      ] GC(558) User=0.10s Sys=0.00s Real=0.01s
[2025-12-25T02:07:11.282+0000][gc,start    ] GC(559) Pause Young (Normal) (G1 Evacuation Pause)
[2025-12-25T02:07:11.284+0000][gc,task     ] GC(559) Using 8 workers of 8 for evacuation
[2025-12-25T02:07:11.298+0000][gc,phases   ] GC(559)   Pre Evacuate Collection Set: 3.0ms
[2025-12-25T02:07:11.298+0000][gc,phases   ] GC(559)   Merge Heap Roots: 0.3ms
[2025-12-25T02:07:11.298+0000][gc,phases   ] GC(559)   Evacuate Collection Set: 8.9ms
[2025-12-25T02:07:11.298+0000][gc,phases   ] GC(559)   Post Evacuate Collection Set: 1.4ms
[2025-12-25T02:07:11.299+0000][gc,phases   ] GC(559)   Other: 0.7ms
[2025-12-25T02:07:11.299+0000][gc,heap     ] GC(559) Eden regions: 603->0(608)
[2025-12-25T02:07:11.299+0000][gc,heap     ] GC(559) Survivor regions: 11->6(77)
[2025-12-25T02:07:11.299+0000][gc,heap     ] GC(559) Old regions: 134->134
[2025-12-25T02:07:11.299+0000][gc,heap     ] GC(559) Humongous regions: 151->151
[2025-12-25T02:07:11.299+0000][gc,metaspace] GC(559) Metaspace: 15785K(16192K)->15785K(16192K) NonClass: 14140K(14272K)->14140K(14272K) Class: 1645K(1920K)->1645K(1920K)
[2025-12-25T02:07:11.299+0000][gc          ] GC(559) Pause Young (Normal) (G1 Evacuation Pause) 898M->290M(1024M) 17.522ms
[2025-12-25T02:07:11.299+0000][gc,cpu      ] GC(559) User=0.08s Sys=0.01s Real=0.02s
[2025-12-25T02:07:41.704+0000][gc,start    ] GC(560) Pause Young (Normal) (G1 Evacuation Pause)
[2025-12-25T02:07:41.704+0000][gc,task     ] GC(560) Using 8 workers of 8 for evacuation
[2025-12-25T02:07:41.724+0000][gc,phases   ] GC(560)   Pre Evacuate Collection Set: 1.4ms
[2025-12-25T02:07:41.724+0000][gc,phases   ] GC(560)   Merge Heap Roots: 0.3ms
[2025-12-25T02:07:41.724+0000][gc,phases   ] GC(560)   Evacuate Collection Set: 16.2ms
[2025-12-25T02:07:41.724+0000][gc,phases   ] GC(560)   Post Evacuate Collection Set: 1.5ms
[2025-12-25T02:07:41.724+0000][gc,phases   ] GC(560)   Other: 0.2ms
[2025-12-25T02:07:41.724+0000][gc,heap     ] GC(560) Eden regions: 608->0(606)
[2025-12-25T02:07:41.724+0000][gc,heap     ] GC(560) Survivor regions: 6->8(77)
[2025-12-25T02:07:41.725+0000][gc,heap     ] GC(560) Old regions: 134->135
[2025-12-25T02:07:41.725+0000][gc,heap     ] GC(560) Humongous regions: 151->151
[2025-12-25T02:07:41.725+0000][gc,metaspace] GC(560) Metaspace: 15785K(16192K)->15785K(16192K) NonClass: 14140K(14272K)->14140K(14272K) Class: 1645K(1920K)->1645K(1920K)
[2025-12-25T02:07:41.725+0000][gc          ] GC(560) Pause Young (Normal) (G1 Evacuation Pause) 898M->292M(1024M) 20.995ms
[2025-12-25T02:07:41.725+0000][gc,cpu      ] GC(560) User=0.08s Sys=0.05s Real=0.02s
[2025-12-25T02:08:21.242+0000][gc,start    ] GC(561) Pause Young (Normal) (G1 Evacuation Pause)
[2025-12-25T02:08:21.242+0000][gc,task     ] GC(561) Using 8 workers of 8 for evacuation
[2025-12-25T02:08:21.256+0000][gc,phases   ] GC(561)   Pre Evacuate Collection Set: 1.2ms
[2025-12-25T02:08:21.256+0000][gc,phases   ] GC(561)   Merge Heap Roots: 0.3ms
[2025-12-25T02:08:21.256+0000][gc,phases   ] GC(561)   Evacuate Collection Set: 10.5ms
[2025-12-25T02:08:21.256+0000][gc,phases   ] GC(561)   Post Evacuate Collection Set: 1.3ms
[2025-12-25T02:08:21.256+0000][gc,phases   ] GC(561)   Other: 0.2ms
[2025-12-25T02:08:21.256+0000][gc,heap     ] GC(561) Eden regions: 606->0(607)
[2025-12-25T02:08:21.256+0000][gc,heap     ] GC(561) Survivor regions: 8->7(77)
[2025-12-25T02:08:21.256+0000][gc,heap     ] GC(561) Old regions: 135->135
[2025-12-25T02:08:21.256+0000][gc,heap     ] GC(561) Humongous regions: 151->151
[2025-12-25T02:08:21.256+0000][gc,metaspace] GC(561) Metaspace: 15785K(16192K)->15785K(16192K) NonClass: 14140K(14272K)->14140K(14272K) Class: 1645K(1920K)->1645K(1920K)
[2025-12-25T02:08:21.256+0000][gc          ] GC(561) Pause Young (Normal) (G1 Evacuation Pause) 898M->292M(1024M) 14.640ms
[2025-12-25T02:08:21.256+0000][gc,cpu      ] GC(561) User=0.09s Sys=0.00s Real=0.02s
[2025-12-25T02:08:51.461+0000][gc,start    ] GC(562) Pause Young (Normal) (G1 Evacuation Pause)
[2025-12-25T02:08:51.462+0000][gc,task     ] GC(562) Using 8 workers of 8 for evacuation
[2025-12-25T02:08:51.478+0000][gc,phases   ] GC(562)   Pre Evacuate Collection Set: 1.1ms
[2025-12-25T02:08:51.478+0000][gc,phases   ] GC(562)   Merge Heap Roots: 0.3ms
[2025-12-25T02:08:51.479+0000][gc,phases   ] GC(562)   Evacuate Collection Set: 14.0ms
[2025-12-25T02:08:51.479+0000][gc,phases   ] GC(562)   Post Evacuate Collection Set: 1.1ms
[2025-12-25T02:08:51.479+0000][gc,phases   ] GC(562)   Other: 0.3ms
[2025-12-25T02:08:51.479+0000][gc,heap     ] GC(562) Eden regions: 607->0(606)
[2025-12-25T02:08:51.479+0000][gc,heap     ] GC(562) Survivor regions: 7->8(77)
[2025-12-25T02:08:51.479+0000][gc,heap     ] GC(562) Old regions: 135->135
[2025-12-25T02:08:51.479+0000][gc,heap     ] GC(562) Humongous regions: 151->151
[2025-12-25T02:08:51.479+0000][gc,metaspace] GC(562) Metaspace: 15785K(16192K)->15785K(16192K) NonClass: 14140K(14272K)->14140K(14272K) Class: 1645K(1920K)->1645K(1920K)
[2025-12-25T02:08:51.479+0000][gc          ] GC(562) Pause Young (Normal) (G1 Evacuation Pause) 899M->293M(1024M) 17.870ms
[2025-12-25T02:08:51.479+0000][gc,cpu      ] GC(562) User=0.11s Sys=0.01s Real=0.02s
[2025-12-25T02:09:31.130+0000][gc,start    ] GC(563) Pause Young (Normal) (G1 Evacuation Pause)
[2025-12-25T02:09:31.131+0000][gc,task     ] GC(563) Using 8 workers of 8 for evacuation
[2025-12-25T02:09:31.151+0000][gc,phases   ] GC(563)   Pre Evacuate Collection Set: 1.1ms
[2025-12-25T02:09:31.151+0000][gc,phases   ] GC(563)   Merge Heap Roots: 0.3ms
[2025-12-25T02:09:31.151+0000][gc,phases   ] GC(563)   Evacuate Collection Set: 17.1ms
[2025-12-25T02:09:31.151+0000][gc,phases   ] GC(563)   Post Evacuate Collection Set: 0.9ms
[2025-12-25T02:09:31.151+0000][gc,phases   ] GC(563)   Other: 0.2ms
[2025-12-25T02:09:31.151+0000][gc,heap     ] GC(563) Eden regions: 606->0(606)
[2025-12-25T02:09:31.151+0000][gc,heap     ] GC(563) Survivor regions: 8->8(77)
[2025-12-25T02:09:31.151+0000][gc,heap     ] GC(563) Old regions: 135->135
[2025-12-25T02:09:31.151+0000][gc,heap     ] GC(563) Humongous regions: 151->151
[2025-12-25T02:09:31.151+0000][gc,metaspace] GC(563) Metaspace: 15785K(16192K)->15785K(16192K) NonClass: 14140K(14272K)->14140K(14272K) Class: 1645K(1920K)->1645K(1920K)
[2025-12-25T02:09:31.151+0000][gc          ] GC(563) Pause Young (Normal) (G1 Evacuation Pause) 899M->293M(1024M) 20.414ms
[2025-12-25T02:09:31.151+0000][gc,cpu      ] GC(563) User=0.14s Sys=0.00s Real=0.02s
[2025-12-25T02:10:01.354+0000][gc,start    ] GC(564) Pause Young (Normal) (G1 Evacuation Pause)
[2025-12-25T02:10:01.355+0000][gc,task     ] GC(564) Using 8 workers of 8 for evacuation
[2025-12-25T02:10:01.376+0000][gc,phases   ] GC(564)   Pre Evacuate Collection Set: 1.1ms
[2025-12-25T02:10:01.376+0000][gc,phases   ] GC(564)   Merge Heap Roots: 0.2ms
[2025-12-25T02:10:01.376+0000][gc,phases   ] GC(564)   Evacuate Collection Set: 18.0ms
[2025-12-25T02:10:01.376+0000][gc,phases   ] GC(564)   Post Evacuate Collection Set: 1.2ms
[2025-12-25T02:10:01.376+0000][gc,phases   ] GC(564)   Other: 0.3ms
[2025-12-25T02:10:01.376+0000][gc,heap     ] GC(564) Eden regions: 606->0(605)
[2025-12-25T02:10:01.376+0000][gc,heap     ] GC(564) Survivor regions: 8->9(77)
[2025-12-25T02:10:01.376+0000][gc,heap     ] GC(564) Old regions: 135->136
[2025-12-25T02:10:01.376+0000][gc,heap     ] GC(564) Humongous regions: 151->151
[2025-12-25T02:10:01.376+0000][gc,metaspace] GC(564) Metaspace: 15790K(16256K)->15790K(16256K) NonClass: 14144K(14336K)->14144K(14336K) Class: 1645K(1920K)->1645K(1920K)
[2025-12-25T02:10:01.376+0000][gc          ] GC(564) Pause Young (Normal) (G1 Evacuation Pause) 899M->294M(1024M) 22.278ms
[2025-12-25T02:10:01.376+0000][gc,cpu      ] GC(564) User=0.15s Sys=0.00s Real=0.03s
[2025-12-25T02:10:31.566+0000][gc,start    ] GC(565) Pause Young (Normal) (G1 Evacuation Pause)
[2025-12-25T02:10:31.566+0000][gc,task     ] GC(565) Using 8 workers of 8 for evacuation
[2025-12-25T02:10:31.580+0000][gc,phases   ] GC(565)   Pre Evacuate Collection Set: 1.1ms
[2025-12-25T02:10:31.580+0000][gc,phases   ] GC(565)   Merge Heap Roots: 0.3ms
[2025-12-25T02:10:31.580+0000][gc,phases   ] GC(565)   Evacuate Collection Set: 10.7ms
[2025-12-25T02:10:31.580+0000][gc,phases   ] GC(565)   Post Evacuate Collection Set: 1.0ms
[2025-12-25T02:10:31.580+0000][gc,phases   ] GC(565)   Other: 0.3ms
[2025-12-25T02:10:31.580+0000][gc,heap     ] GC(565) Eden regions: 605->0(604)
[2025-12-25T02:10:31.580+0000][gc,heap     ] GC(565) Survivor regions: 9->10(77)
[2025-12-25T02:10:31.580+0000][gc,heap     ] GC(565) Old regions: 136->136
[2025-12-25T02:10:31.580+0000][gc,heap     ] GC(565) Humongous regions: 151->151
[2025-12-25T02:10:31.580+0000][gc,metaspace] GC(565) Metaspace: 15790K(16256K)->15790K(16256K) NonClass: 14144K(14336K)->14144K(14336K) Class: 1645K(1920K)->1645K(1920K)
[2025-12-25T02:10:31.581+0000][gc          ] GC(565) Pause Young (Normal) (G1 Evacuation Pause) 899M->296M(1024M) 14.599ms
[2025-12-25T02:10:31.581+0000][gc,cpu      ] GC(565) User=0.08s Sys=0.00s Real=0.01s
[2025-12-25T02:11:11.309+0000][gc,start    ] GC(566) Pause Young (Normal) (G1 Evacuation Pause)
[2025-12-25T02:11:11.309+0000][gc,task     ] GC(566) Using 8 workers of 8 for evacuation
[2025-12-25T02:11:11.320+0000][gc,phases   ] GC(566)   Pre Evacuate Collection Set: 1.1ms
[2025-12-25T02:11:11.320+0000][gc,phases   ] GC(566)   Merge Heap Roots: 0.2ms
[2025-12-25T02:11:11.320+0000][gc,phases   ] GC(566)   Evacuate Collection Set: 7.5ms
[2025-12-25T02:11:11.320+0000][gc,phases   ] GC(566)   Post Evacuate Collection Set: 1.7ms
[2025-12-25T02:11:11.320+0000][gc,phases   ] GC(566)   Other: 0.2ms
[2025-12-25T02:11:11.321+0000][gc,heap     ] GC(566) Eden regions: 604->0(608)
[2025-12-25T02:11:11.321+0000][gc,heap     ] GC(566) Survivor regions: 10->6(77)
[2025-12-25T02:11:11.321+0000][gc,heap     ] GC(566) Old regions: 136->136
[2025-12-25T02:11:11.321+0000][gc,heap     ] GC(566) Humongous regions: 151->151
[2025-12-25T02:11:11.321+0000][gc,metaspace] GC(566) Metaspace: 15790K(16256K)->15790K(16256K) NonClass: 14144K(14336K)->14144K(14336K) Class: 1645K(1920K)->1645K(1920K)
[2025-12-25T02:11:11.321+0000][gc          ] GC(566) Pause Young (Normal) (G1 Evacuation Pause) 900M->291M(1024M) 11.989ms
[2025-12-25T02:11:11.321+0000][gc,cpu      ] GC(566) User=0.07s Sys=0.00s Real=0.01s
[2025-12-25T02:11:41.646+0000][gc,start    ] GC(567) Pause Young (Normal) (G1 Evacuation Pause)
[2025-12-25T02:11:41.647+0000][gc,task     ] GC(567) Using 8 workers of 8 for evacuation
[2025-12-25T02:11:41.658+0000][gc,phases   ] GC(567)   Pre Evacuate Collection Set: 1.2ms
[2025-12-25T02:11:41.658+0000][gc,phases   ] GC(567)   Merge Heap Roots: 0.3ms
[2025-12-25T02:11:41.658+0000][gc,phases   ] GC(567)   Evacuate Collection Set: 8.5ms
[2025-12-25T02:11:41.659+0000][gc,phases   ] GC(567)   Post Evacuate Collection Set: 1.2ms
[2025-12-25T02:11:41.659+0000][gc,phases   ] GC(567)   Other: 0.3ms
[2025-12-25T02:11:41.659+0000][gc,heap     ] GC(567) Eden regions: 608->0(607)
[2025-12-25T02:11:41.659+0000][gc,heap     ] GC(567) Survivor regions: 6->7(77)
[2025-12-25T02:11:41.659+0000][gc,heap     ] GC(567) Old regions: 136->136
[2025-12-25T02:11:41.659+0000][gc,heap     ] GC(567) Humongous regions: 151->151
[2025-12-25T02:11:41.659+0000][gc,metaspace] GC(567) Metaspace: 15790K(16256K)->15790K(16256K) NonClass: 14144K(14336K)->14144K(14336K) Class: 1645K(1920K)->1645K(1920K)
[2025-12-25T02:11:41.659+0000][gc          ] GC(567) Pause Young (Normal) (G1 Evacuation Pause) 899M->293M(1024M) 12.761ms
[2025-12-25T02:11:41.659+0000][gc,cpu      ] GC(567) User=0.07s Sys=0.00s Real=0.02s
[2025-12-25T02:12:21.218+0000][gc,start    ] GC(568) Pause Young (Normal) (G1 Evacuation Pause)
[2025-12-25T02:12:21.218+0000][gc,task     ] GC(568) Using 8 workers of 8 for evacuation
[2025-12-25T02:12:21.229+0000][gc,phases   ] GC(568)   Pre Evacuate Collection Set: 1.0ms
[2025-12-25T02:12:21.229+0000][gc,phases   ] GC(568)   Merge Heap Roots: 0.3ms
[2025-12-25T02:12:21.229+0000][gc,phases   ] GC(568)   Evacuate Collection Set: 7.1ms
[2025-12-25T02:12:21.229+0000][gc,phases   ] GC(568)   Post Evacuate Collection Set: 2.3ms
[2025-12-25T02:12:21.229+0000][gc,phases   ] GC(568)   Other: 0.2ms
[2025-12-25T02:12:21.229+0000][gc,heap     ] GC(568) Eden regions: 607->0(607)
[2025-12-25T02:12:21.230+0000][gc,heap     ] GC(568) Survivor regions: 7->7(77)
[2025-12-25T02:12:21.230+0000][gc,heap     ] GC(568) Old regions: 136->136
[2025-12-25T02:12:21.230+0000][gc,heap     ] GC(568) Humongous regions: 151->151
[2025-12-25T02:12:21.230+0000][gc,metaspace] GC(568) Metaspace: 15790K(16256K)->15790K(16256K) NonClass: 14144K(14336K)->14144K(14336K) Class: 1645K(1920K)->1645K(1920K)
[2025-12-25T02:12:21.230+0000][gc          ] GC(568) Pause Young (Normal) (G1 Evacuation Pause) 900M->293M(1024M) 11.908ms
[2025-12-25T02:12:21.230+0000][gc,cpu      ] GC(568) User=0.07s Sys=0.00s Real=0.01s
[2025-12-25T02:12:51.432+0000][gc,start    ] GC(569) Pause Young (Normal) (G1 Evacuation Pause)
[2025-12-25T02:12:51.433+0000][gc,task     ] GC(569) Using 8 workers of 8 for evacuation
[2025-12-25T02:12:51.450+0000][gc,phases   ] GC(569)   Pre Evacuate Collection Set: 3.4ms
[2025-12-25T02:12:51.451+0000][gc,phases   ] GC(569)   Merge Heap Roots: 1.0ms
[2025-12-25T02:12:51.451+0000][gc,phases   ] GC(569)   Evacuate Collection Set: 11.2ms
[2025-12-25T02:12:51.451+0000][gc,phases   ] GC(569)   Post Evacuate Collection Set: 1.3ms
[2025-12-25T02:12:51.451+0000][gc,phases   ] GC(569)   Other: 0.6ms
[2025-12-25T02:12:51.451+0000][gc,heap     ] GC(569) Eden regions: 607->0(606)
[2025-12-25T02:12:51.451+0000][gc,heap     ] GC(569) Survivor regions: 7->8(77)
[2025-12-25T02:12:51.451+0000][gc,heap     ] GC(569) Old regions: 136->137
[2025-12-25T02:12:51.451+0000][gc,heap     ] GC(569) Humongous regions: 151->151
[2025-12-25T02:12:51.451+0000][gc,metaspace] GC(569) Metaspace: 15790K(16256K)->15790K(16256K) NonClass: 14144K(14336K)->14144K(14336K) Class: 1645K(1920K)->1645K(1920K)
[2025-12-25T02:12:51.451+0000][gc          ] GC(569) Pause Young (Normal) (G1 Evacuation Pause) 900M->294M(1024M) 19.774ms
[2025-12-25T02:12:51.451+0000][gc,cpu      ] GC(569) User=0.11s Sys=0.01s Real=0.02s
[2025-12-25T02:13:31.149+0000][gc,start    ] GC(570) Pause Young (Normal) (G1 Evacuation Pause)
[2025-12-25T02:13:31.149+0000][gc,task     ] GC(570) Using 8 workers of 8 for evacuation
[2025-12-25T02:13:31.169+0000][gc,phases   ] GC(570)   Pre Evacuate Collection Set: 1.1ms
[2025-12-25T02:13:31.169+0000][gc,phases   ] GC(570)   Merge Heap Roots: 0.3ms
[2025-12-25T02:13:31.169+0000][gc,phases   ] GC(570)   Evacuate Collection Set: 15.1ms
[2025-12-25T02:13:31.169+0000][gc,phases   ] GC(570)   Post Evacuate Collection Set: 2.6ms
[2025-12-25T02:13:31.169+0000][gc,phases   ] GC(570)   Other: 0.2ms
[2025-12-25T02:13:31.169+0000][gc,heap     ] GC(570) Eden regions: 606->0(606)
[2025-12-25T02:13:31.169+0000][gc,heap     ] GC(570) Survivor regions: 8->8(77)
[2025-12-25T02:13:31.169+0000][gc,heap     ] GC(570) Old regions: 137->137
[2025-12-25T02:13:31.169+0000][gc,heap     ] GC(570) Humongous regions: 151->151
[2025-12-25T02:13:31.169+0000][gc,metaspace] GC(570) Metaspace: 15790K(16256K)->15790K(16256K) NonClass: 14144K(14336K)->14144K(14336K) Class: 1645K(1920K)->1645K(1920K)
[2025-12-25T02:13:31.169+0000][gc          ] GC(570) Pause Young (Normal) (G1 Evacuation Pause) 900M->294M(1024M) 20.495ms
[2025-12-25T02:13:31.170+0000][gc,cpu      ] GC(570) User=0.13s Sys=0.01s Real=0.03s
[2025-12-25T02:14:01.407+0000][gc,start    ] GC(571) Pause Young (Normal) (G1 Evacuation Pause)
[2025-12-25T02:14:01.408+0000][gc,task     ] GC(571) Using 8 workers of 8 for evacuation
[2025-12-25T02:14:01.429+0000][gc,phases   ] GC(571)   Pre Evacuate Collection Set: 1.1ms
[2025-12-25T02:14:01.429+0000][gc,phases   ] GC(571)   Merge Heap Roots: 0.3ms
[2025-12-25T02:14:01.429+0000][gc,phases   ] GC(571)   Evacuate Collection Set: 18.9ms
[2025-12-25T02:14:01.430+0000][gc,phases   ] GC(571)   Post Evacuate Collection Set: 1.2ms
[2025-12-25T02:14:01.430+0000][gc,phases   ] GC(571)   Other: 0.2ms
[2025-12-25T02:14:01.430+0000][gc,heap     ] GC(571) Eden regions: 606->0(605)
[2025-12-25T02:14:01.430+0000][gc,heap     ] GC(571) Survivor regions: 8->9(77)
[2025-12-25T02:14:01.430+0000][gc,heap     ] GC(571) Old regions: 137->137
[2025-12-25T02:14:01.430+0000][gc,heap     ] GC(571) Humongous regions: 151->151
[2025-12-25T02:14:01.430+0000][gc,metaspace] GC(571) Metaspace: 15790K(16256K)->15790K(16256K) NonClass: 14144K(14336K)->14144K(14336K) Class: 1645K(1920K)->1645K(1920K)
[2025-12-25T02:14:01.430+0000][gc          ] GC(571) Pause Young (Normal) (G1 Evacuation Pause) 900M->296M(1024M) 22.832ms
[2025-12-25T02:14:01.430+0000][gc,cpu      ] GC(571) User=0.16s Sys=0.00s Real=0.02s
[2025-12-25T02:14:33.418+0000][gc,start    ] GC(572) Pause Young (Normal) (G1 Evacuation Pause)
[2025-12-25T02:14:33.419+0000][gc,task     ] GC(572) Using 8 workers of 8 for evacuation
[2025-12-25T02:14:33.438+0000][gc,phases   ] GC(572)   Pre Evacuate Collection Set: 2.1ms
[2025-12-25T02:14:33.438+0000][gc,phases   ] GC(572)   Merge Heap Roots: 0.7ms
[2025-12-25T02:14:33.438+0000][gc,phases   ] GC(572)   Evacuate Collection Set: 13.4ms
[2025-12-25T02:14:33.438+0000][gc,phases   ] GC(572)   Post Evacuate Collection Set: 2.1ms
[2025-12-25T02:14:33.438+0000][gc,phases   ] GC(572)   Other: 0.5ms
[2025-12-25T02:14:33.438+0000][gc,heap     ] GC(572) Eden regions: 605->0(606)
[2025-12-25T02:14:33.438+0000][gc,heap     ] GC(572) Survivor regions: 9->8(77)
[2025-12-25T02:14:33.438+0000][gc,heap     ] GC(572) Old regions: 137->137
[2025-12-25T02:14:33.438+0000][gc,heap     ] GC(572) Humongous regions: 151->151
[2025-12-25T02:14:33.438+0000][gc,metaspace] GC(572) Metaspace: 15790K(16256K)->15790K(16256K) NonClass: 14144K(14336K)->14144K(14336K) Class: 1645K(1920K)->1645K(1920K)
[2025-12-25T02:14:33.438+0000][gc          ] GC(572) Pause Young (Normal) (G1 Evacuation Pause) 901M->295M(1024M) 20.278ms
[2025-12-25T02:14:33.438+0000][gc,cpu      ] GC(572) User=0.10s Sys=0.00s Real=0.02s
[2025-12-25T02:15:11.293+0000][gc,start    ] GC(573) Pause Young (Normal) (G1 Evacuation Pause)
[2025-12-25T02:15:11.294+0000][gc,task     ] GC(573) Using 8 workers of 8 for evacuation
[2025-12-25T02:15:11.312+0000][gc,phases   ] GC(573)   Pre Evacuate Collection Set: 2.7ms
[2025-12-25T02:15:11.312+0000][gc,phases   ] GC(573)   Merge Heap Roots: 1.6ms
[2025-12-25T02:15:11.312+0000][gc,phases   ] GC(573)   Evacuate Collection Set: 13.1ms
[2025-12-25T02:15:11.312+0000][gc,phases   ] GC(573)   Post Evacuate Collection Set: 1.1ms
[2025-12-25T02:15:11.313+0000][gc,phases   ] GC(573)   Other: 0.2ms
[2025-12-25T02:15:11.313+0000][gc,heap     ] GC(573) Eden regions: 606->0(608)
[2025-12-25T02:15:11.313+0000][gc,heap     ] GC(573) Survivor regions: 8->6(77)
[2025-12-25T02:15:11.313+0000][gc,heap     ] GC(573) Old regions: 137->137
[2025-12-25T02:15:11.313+0000][gc,heap     ] GC(573) Humongous regions: 151->151
[2025-12-25T02:15:11.313+0000][gc,metaspace] GC(573) Metaspace: 15790K(16256K)->15790K(16256K) NonClass: 14144K(14336K)->14144K(14336K) Class: 1645K(1920K)->1645K(1920K)
[2025-12-25T02:15:11.313+0000][gc          ] GC(573) Pause Young (Normal) (G1 Evacuation Pause) 901M->293M(1024M) 19.760ms
[2025-12-25T02:15:11.313+0000][gc,cpu      ] GC(573) User=0.11s Sys=0.01s Real=0.02s
[2025-12-25T02:15:41.652+0000][gc,start    ] GC(574) Pause Young (Normal) (G1 Evacuation Pause)
[2025-12-25T02:15:41.654+0000][gc,task     ] GC(574) Using 8 workers of 8 for evacuation
[2025-12-25T02:15:41.673+0000][gc,phases   ] GC(574)   Pre Evacuate Collection Set: 3.8ms
[2025-12-25T02:15:41.673+0000][gc,phases   ] GC(574)   Merge Heap Roots: 0.4ms
[2025-12-25T02:15:41.673+0000][gc,phases   ] GC(574)   Evacuate Collection Set: 12.9ms
[2025-12-25T02:15:41.673+0000][gc,phases   ] GC(574)   Post Evacuate Collection Set: 1.0ms
[2025-12-25T02:15:41.674+0000][gc,phases   ] GC(574)   Other: 1.3ms
[2025-12-25T02:15:41.674+0000][gc,heap     ] GC(574) Eden regions: 608->0(607)
[2025-12-25T02:15:41.674+0000][gc,heap     ] GC(574) Survivor regions: 6->7(77)
[2025-12-25T02:15:41.674+0000][gc,heap     ] GC(574) Old regions: 137->138
[2025-12-25T02:15:41.674+0000][gc,heap     ] GC(574) Humongous regions: 151->151
[2025-12-25T02:15:41.674+0000][gc,metaspace] GC(574) Metaspace: 15790K(16256K)->15790K(16256K) NonClass: 14144K(14336K)->14144K(14336K) Class: 1645K(1920K)->1645K(1920K)
[2025-12-25T02:15:41.674+0000][gc          ] GC(574) Pause Young (Normal) (G1 Evacuation Pause) 901M->294M(1024M) 21.634ms
[2025-12-25T02:15:41.674+0000][gc,cpu      ] GC(574) User=0.12s Sys=0.00s Real=0.03s
[2025-12-25T02:16:21.265+0000][gc,start    ] GC(575) Pause Young (Normal) (G1 Evacuation Pause)
[2025-12-25T02:16:21.265+0000][gc,task     ] GC(575) Using 8 workers of 8 for evacuation
[2025-12-25T02:16:21.276+0000][gc,phases   ] GC(575)   Pre Evacuate Collection Set: 1.1ms
[2025-12-25T02:16:21.277+0000][gc,phases   ] GC(575)   Merge Heap Roots: 0.3ms
[2025-12-25T02:16:21.277+0000][gc,phases   ] GC(575)   Evacuate Collection Set: 8.3ms
[2025-12-25T02:16:21.277+0000][gc,phases   ] GC(575)   Post Evacuate Collection Set: 1.2ms
[2025-12-25T02:16:21.277+0000][gc,phases   ] GC(575)   Other: 0.2ms
[2025-12-25T02:16:21.277+0000][gc,heap     ] GC(575) Eden regions: 607->0(608)
[2025-12-25T02:16:21.277+0000][gc,heap     ] GC(575) Survivor regions: 7->6(77)
[2025-12-25T02:16:21.277+0000][gc,heap     ] GC(575) Old regions: 138->138
[2025-12-25T02:16:21.277+0000][gc,heap     ] GC(575) Humongous regions: 151->151
[2025-12-25T02:16:21.277+0000][gc,metaspace] GC(575) Metaspace: 15790K(16256K)->15790K(16256K) NonClass: 14144K(14336K)->14144K(14336K) Class: 1645K(1920K)->1645K(1920K)
[2025-12-25T02:16:21.277+0000][gc          ] GC(575) Pause Young (Normal) (G1 Evacuation Pause) 901M->294M(1024M) 12.353ms
[2025-12-25T02:16:21.277+0000][gc,cpu      ] GC(575) User=0.06s Sys=0.00s Real=0.01s
[2025-12-25T02:16:52.299+0000][gc,start    ] GC(576) Pause Young (Normal) (G1 Evacuation Pause)
[2025-12-25T02:16:52.300+0000][gc,task     ] GC(576) Using 8 workers of 8 for evacuation
[2025-12-25T02:16:52.325+0000][gc,phases   ] GC(576)   Pre Evacuate Collection Set: 4.0ms
[2025-12-25T02:16:52.325+0000][gc,phases   ] GC(576)   Merge Heap Roots: 1.2ms
[2025-12-25T02:16:52.325+0000][gc,phases   ] GC(576)   Evacuate Collection Set: 15.6ms
[2025-12-25T02:16:52.325+0000][gc,phases   ] GC(576)   Post Evacuate Collection Set: 3.8ms
[2025-12-25T02:16:52.326+0000][gc,phases   ] GC(576)   Other: 0.9ms
[2025-12-25T02:16:52.326+0000][gc,heap     ] GC(576) Eden regions: 608->0(606)
[2025-12-25T02:16:52.326+0000][gc,heap     ] GC(576) Survivor regions: 6->8(77)
[2025-12-25T02:16:52.326+0000][gc,heap     ] GC(576) Old regions: 138->138
[2025-12-25T02:16:52.326+0000][gc,heap     ] GC(576) Humongous regions: 151->151
[2025-12-25T02:16:52.326+0000][gc,metaspace] GC(576) Metaspace: 15790K(16256K)->15790K(16256K) NonClass: 14144K(14336K)->14144K(14336K) Class: 1645K(1920K)->1645K(1920K)
[2025-12-25T02:16:52.326+0000][gc          ] GC(576) Pause Young (Normal) (G1 Evacuation Pause) 902M->296M(1024M) 27.076ms
[2025-12-25T02:16:52.326+0000][gc,cpu      ] GC(576) User=0.15s Sys=0.00s Real=0.03s
[2025-12-25T02:17:31.173+0000][gc,start    ] GC(577) Pause Young (Normal) (G1 Evacuation Pause)
[2025-12-25T02:17:31.173+0000][gc,task     ] GC(577) Using 8 workers of 8 for evacuation
[2025-12-25T02:17:31.191+0000][gc,phases   ] GC(577)   Pre Evacuate Collection Set: 1.4ms
[2025-12-25T02:17:31.191+0000][gc,phases   ] GC(577)   Merge Heap Roots: 0.4ms
[2025-12-25T02:17:31.191+0000][gc,phases   ] GC(577)   Evacuate Collection Set: 14.2ms
[2025-12-25T02:17:31.191+0000][gc,phases   ] GC(577)   Post Evacuate Collection Set: 1.2ms
[2025-12-25T02:17:31.191+0000][gc,phases   ] GC(577)   Other: 0.3ms
[2025-12-25T02:17:31.191+0000][gc,heap     ] GC(577) Eden regions: 606->0(606)
[2025-12-25T02:17:31.191+0000][gc,heap     ] GC(577) Survivor regions: 8->8(77)
[2025-12-25T02:17:31.191+0000][gc,heap     ] GC(577) Old regions: 138->138
[2025-12-25T02:17:31.191+0000][gc,heap     ] GC(577) Humongous regions: 151->151
[2025-12-25T02:17:31.191+0000][gc,metaspace] GC(577) Metaspace: 15790K(16256K)->15790K(16256K) NonClass: 14144K(14336K)->14144K(14336K) Class: 1645K(1920K)->1645K(1920K)
[2025-12-25T02:17:31.191+0000][gc          ] GC(577) Pause Young (Normal) (G1 Evacuation Pause) 902M->296M(1024M) 18.517ms
[2025-12-25T02:17:31.191+0000][gc,cpu      ] GC(577) User=0.12s Sys=0.00s Real=0.02s
[2025-12-25T02:18:01.481+0000][gc,start    ] GC(578) Pause Young (Normal) (G1 Evacuation Pause)
[2025-12-25T02:18:01.485+0000][gc,task     ] GC(578) Using 8 workers of 8 for evacuation
[2025-12-25T02:18:01.506+0000][gc,phases   ] GC(578)   Pre Evacuate Collection Set: 3.0ms
[2025-12-25T02:18:01.506+0000][gc,phases   ] GC(578)   Merge Heap Roots: 0.3ms
[2025-12-25T02:18:01.506+0000][gc,phases   ] GC(578)   Evacuate Collection Set: 16.1ms
[2025-12-25T02:18:01.506+0000][gc,phases   ] GC(578)   Post Evacuate Collection Set: 1.2ms
[2025-12-25T02:18:01.506+0000][gc,phases   ] GC(578)   Other: 0.7ms
[2025-12-25T02:18:01.506+0000][gc,heap     ] GC(578) Eden regions: 606->0(605)
[2025-12-25T02:18:01.506+0000][gc,heap     ] GC(578) Survivor regions: 8->9(77)
[2025-12-25T02:18:01.506+0000][gc,heap     ] GC(578) Old regions: 138->139
[2025-12-25T02:18:01.506+0000][gc,heap     ] GC(578) Humongous regions: 151->151
[2025-12-25T02:18:01.506+0000][gc,metaspace] GC(578) Metaspace: 15791K(16256K)->15791K(16256K) NonClass: 14146K(14336K)->14146K(14336K) Class: 1645K(1920K)->1645K(1920K)
[2025-12-25T02:18:01.507+0000][gc          ] GC(578) Pause Young (Normal) (G1 Evacuation Pause) 902M->297M(1024M) 25.934ms
[2025-12-25T02:18:01.507+0000][gc,cpu      ] GC(578) User=0.10s Sys=0.03s Real=0.02s
[2025-12-25T02:18:41.083+0000][gc,start    ] GC(579) Pause Young (Normal) (G1 Evacuation Pause)
[2025-12-25T02:18:41.085+0000][gc,task     ] GC(579) Using 8 workers of 8 for evacuation
[2025-12-25T02:18:41.113+0000][gc,phases   ] GC(579)   Pre Evacuate Collection Set: 5.0ms
[2025-12-25T02:18:41.113+0000][gc,phases   ] GC(579)   Merge Heap Roots: 0.7ms
[2025-12-25T02:18:41.114+0000][gc,phases   ] GC(579)   Evacuate Collection Set: 20.3ms
[2025-12-25T02:18:41.114+0000][gc,phases   ] GC(579)   Post Evacuate Collection Set: 1.8ms
[2025-12-25T02:18:41.114+0000][gc,phases   ] GC(579)   Other: 0.4ms
[2025-12-25T02:18:41.114+0000][gc,heap     ] GC(579) Eden regions: 605->0(605)
[2025-12-25T02:18:41.114+0000][gc,heap     ] GC(579) Survivor regions: 9->9(77)
[2025-12-25T02:18:41.114+0000][gc,heap     ] GC(579) Old regions: 139->139
[2025-12-25T02:18:41.114+0000][gc,heap     ] GC(579) Humongous regions: 151->151
[2025-12-25T02:18:41.114+0000][gc,metaspace] GC(579) Metaspace: 15791K(16256K)->15791K(16256K) NonClass: 14146K(14336K)->14146K(14336K) Class: 1645K(1920K)->1645K(1920K)
[2025-12-25T02:18:41.114+0000][gc          ] GC(579) Pause Young (Normal) (G1 Evacuation Pause) 902M->297M(1024M) 31.104ms
[2025-12-25T02:18:41.114+0000][gc,cpu      ] GC(579) User=0.16s Sys=0.01s Real=0.03s
[2025-12-25T02:19:11.321+0000][gc,start    ] GC(580) Pause Young (Normal) (G1 Evacuation Pause)
[2025-12-25T02:19:11.322+0000][gc,task     ] GC(580) Using 8 workers of 8 for evacuation
[2025-12-25T02:19:11.331+0000][gc,phases   ] GC(580)   Pre Evacuate Collection Set: 1.2ms
[2025-12-25T02:19:11.332+0000][gc,phases   ] GC(580)   Merge Heap Roots: 0.2ms
[2025-12-25T02:19:11.332+0000][gc,phases   ] GC(580)   Evacuate Collection Set: 4.9ms
[2025-12-25T02:19:11.332+0000][gc,phases   ] GC(580)   Post Evacuate Collection Set: 2.9ms
[2025-12-25T02:19:11.332+0000][gc,phases   ] GC(580)   Other: 0.3ms
[2025-12-25T02:19:11.332+0000][gc,heap     ] GC(580) Eden regions: 605->0(609)
[2025-12-25T02:19:11.332+0000][gc,heap     ] GC(580) Survivor regions: 9->5(77)
[2025-12-25T02:19:11.332+0000][gc,heap     ] GC(580) Old regions: 139->139
[2025-12-25T02:19:11.332+0000][gc,heap     ] GC(580) Humongous regions: 151->151
[2025-12-25T02:19:11.332+0000][gc,metaspace] GC(580) Metaspace: 15791K(16256K)->15791K(16256K) NonClass: 14146K(14336K)->14146K(14336K) Class: 1645K(1920K)->1645K(1920K)
[2025-12-25T02:19:11.332+0000][gc          ] GC(580) Pause Young (Normal) (G1 Evacuation Pause) 902M->294M(1024M) 10.839ms
[2025-12-25T02:19:11.332+0000][gc,cpu      ] GC(580) User=0.05s Sys=0.00s Real=0.01s
[2025-12-25T02:19:41.810+0000][gc,start    ] GC(581) Pause Young (Normal) (G1 Evacuation Pause)
[2025-12-25T02:19:41.812+0000][gc,task     ] GC(581) Using 8 workers of 8 for evacuation
[2025-12-25T02:19:41.829+0000][gc,phases   ] GC(581)   Pre Evacuate Collection Set: 2.4ms
[2025-12-25T02:19:41.829+0000][gc,phases   ] GC(581)   Merge Heap Roots: 0.6ms
[2025-12-25T02:19:41.829+0000][gc,phases   ] GC(581)   Evacuate Collection Set: 9.6ms
[2025-12-25T02:19:41.829+0000][gc,phases   ] GC(581)   Post Evacuate Collection Set: 3.4ms
[2025-12-25T02:19:41.829+0000][gc,phases   ] GC(581)   Other: 0.7ms
[2025-12-25T02:19:41.829+0000][gc,heap     ] GC(581) Eden regions: 609->0(607)
[2025-12-25T02:19:41.829+0000][gc,heap     ] GC(581) Survivor regions: 5->7(77)
[2025-12-25T02:19:41.829+0000][gc,heap     ] GC(581) Old regions: 139->139
[2025-12-25T02:19:41.829+0000][gc,heap     ] GC(581) Humongous regions: 151->151
[2025-12-25T02:19:41.829+0000][gc,metaspace] GC(581) Metaspace: 15791K(16256K)->15791K(16256K) NonClass: 14146K(14336K)->14146K(14336K) Class: 1645K(1920K)->1645K(1920K)
[2025-12-25T02:19:41.829+0000][gc          ] GC(581) Pause Young (Normal) (G1 Evacuation Pause) 903M->296M(1024M) 19.710ms
[2025-12-25T02:19:41.830+0000][gc,cpu      ] GC(581) User=0.10s Sys=0.00s Real=0.02s
[2025-12-25T02:20:21.266+0000][gc,start    ] GC(582) Pause Young (Normal) (G1 Evacuation Pause)
[2025-12-25T02:20:21.267+0000][gc,task     ] GC(582) Using 8 workers of 8 for evacuation
[2025-12-25T02:20:21.283+0000][gc,phases   ] GC(582)   Pre Evacuate Collection Set: 1.4ms
[2025-12-25T02:20:21.283+0000][gc,phases   ] GC(582)   Merge Heap Roots: 0.4ms
[2025-12-25T02:20:21.283+0000][gc,phases   ] GC(582)   Evacuate Collection Set: 13.3ms
[2025-12-25T02:20:21.283+0000][gc,phases   ] GC(582)   Post Evacuate Collection Set: 1.1ms
[2025-12-25T02:20:21.283+0000][gc,phases   ] GC(582)   Other: 0.2ms
[2025-12-25T02:20:21.284+0000][gc,heap     ] GC(582) Eden regions: 607->0(608)
[2025-12-25T02:20:21.284+0000][gc,heap     ] GC(582) Survivor regions: 7->6(77)
[2025-12-25T02:20:21.284+0000][gc,heap     ] GC(582) Old regions: 139->140
[2025-12-25T02:20:21.284+0000][gc,heap     ] GC(582) Humongous regions: 151->151
[2025-12-25T02:20:21.284+0000][gc,metaspace] GC(582) Metaspace: 15791K(16256K)->15791K(16256K) NonClass: 14146K(14336K)->14146K(14336K) Class: 1645K(1920K)->1645K(1920K)
[2025-12-25T02:20:21.284+0000][gc          ] GC(582) Pause Young (Normal) (G1 Evacuation Pause) 903M->295M(1024M) 17.446ms
[2025-12-25T02:20:21.284+0000][gc,cpu      ] GC(582) User=0.09s Sys=0.00s Real=0.02s
[2025-12-25T02:20:51.534+0000][gc,start    ] GC(583) Pause Young (Normal) (G1 Evacuation Pause)
[2025-12-25T02:20:51.535+0000][gc,task     ] GC(583) Using 8 workers of 8 for evacuation
[2025-12-25T02:20:51.554+0000][gc,phases   ] GC(583)   Pre Evacuate Collection Set: 1.1ms
[2025-12-25T02:20:51.554+0000][gc,phases   ] GC(583)   Merge Heap Roots: 0.3ms
[2025-12-25T02:20:51.554+0000][gc,phases   ] GC(583)   Evacuate Collection Set: 13.5ms
[2025-12-25T02:20:51.554+0000][gc,phases   ] GC(583)   Post Evacuate Collection Set: 3.2ms
[2025-12-25T02:20:51.554+0000][gc,phases   ] GC(583)   Other: 0.3ms
[2025-12-25T02:20:51.554+0000][gc,heap     ] GC(583) Eden regions: 608->0(606)
[2025-12-25T02:20:51.554+0000][gc,heap     ] GC(583) Survivor regions: 6->8(77)
[2025-12-25T02:20:51.554+0000][gc,heap     ] GC(583) Old regions: 140->140
[2025-12-25T02:20:51.554+0000][gc,heap     ] GC(583) Humongous regions: 151->151
[2025-12-25T02:20:51.554+0000][gc,metaspace] GC(583) Metaspace: 15791K(16256K)->15791K(16256K) NonClass: 14146K(14336K)->14146K(14336K) Class: 1645K(1920K)->1645K(1920K)
[2025-12-25T02:20:51.554+0000][gc          ] GC(583) Pause Young (Normal) (G1 Evacuation Pause) 903M->297M(1024M) 20.347ms
[2025-12-25T02:20:51.554+0000][gc,cpu      ] GC(583) User=0.11s Sys=0.00s Real=0.02s
[2025-12-25T02:21:31.312+0000][gc,start    ] GC(584) Pause Young (Normal) (G1 Evacuation Pause)
[2025-12-25T02:21:31.312+0000][gc,task     ] GC(584) Using 8 workers of 8 for evacuation
[2025-12-25T02:21:31.333+0000][gc,phases   ] GC(584)   Pre Evacuate Collection Set: 1.6ms
[2025-12-25T02:21:31.333+0000][gc,phases   ] GC(584)   Merge Heap Roots: 0.3ms
[2025-12-25T02:21:31.334+0000][gc,phases   ] GC(584)   Evacuate Collection Set: 15.5ms
[2025-12-25T02:21:31.334+0000][gc,phases   ] GC(584)   Post Evacuate Collection Set: 2.9ms
[2025-12-25T02:21:31.334+0000][gc,phases   ] GC(584)   Other: 0.6ms
[2025-12-25T02:21:31.334+0000][gc,heap     ] GC(584) Eden regions: 606->0(607)
[2025-12-25T02:21:31.334+0000][gc,heap     ] GC(584) Survivor regions: 8->7(77)
[2025-12-25T02:21:31.334+0000][gc,heap     ] GC(584) Old regions: 140->140
[2025-12-25T02:21:31.334+0000][gc,heap     ] GC(584) Humongous regions: 151->151
[2025-12-25T02:21:31.334+0000][gc,metaspace] GC(584) Metaspace: 15791K(16256K)->15791K(16256K) NonClass: 14146K(14336K)->14146K(14336K) Class: 1645K(1920K)->1645K(1920K)
[2025-12-25T02:21:31.334+0000][gc          ] GC(584) Pause Young (Normal) (G1 Evacuation Pause) 903M->297M(1024M) 22.737ms
[2025-12-25T02:21:31.334+0000][gc,cpu      ] GC(584) User=0.10s Sys=0.00s Real=0.03s
[2025-12-25T02:22:01.453+0000][gc,start    ] GC(585) Pause Young (Normal) (G1 Evacuation Pause)
[2025-12-25T02:22:01.453+0000][gc,task     ] GC(585) Using 8 workers of 8 for evacuation
[2025-12-25T02:22:01.475+0000][gc,phases   ] GC(585)   Pre Evacuate Collection Set: 1.1ms
[2025-12-25T02:22:01.475+0000][gc,phases   ] GC(585)   Merge Heap Roots: 0.2ms
[2025-12-25T02:22:01.475+0000][gc,phases   ] GC(585)   Evacuate Collection Set: 19.2ms
[2025-12-25T02:22:01.476+0000][gc,phases   ] GC(585)   Post Evacuate Collection Set: 1.2ms
[2025-12-25T02:22:01.476+0000][gc,phases   ] GC(585)   Other: 0.2ms
[2025-12-25T02:22:01.476+0000][gc,heap     ] GC(585) Eden regions: 607->0(605)
[2025-12-25T02:22:01.476+0000][gc,heap     ] GC(585) Survivor regions: 7->9(77)
[2025-12-25T02:22:01.476+0000][gc,heap     ] GC(585) Old regions: 140->140
[2025-12-25T02:22:01.476+0000][gc,heap     ] GC(585) Humongous regions: 151->151
[2025-12-25T02:22:01.476+0000][gc,metaspace] GC(585) Metaspace: 15791K(16256K)->15791K(16256K) NonClass: 14146K(14336K)->14146K(14336K) Class: 1645K(1920K)->1645K(1920K)
[2025-12-25T02:22:01.476+0000][gc          ] GC(585) Pause Young (Normal) (G1 Evacuation Pause) 904M->299M(1024M) 23.323ms
[2025-12-25T02:22:01.476+0000][gc,cpu      ] GC(585) User=0.14s Sys=0.00s Real=0.02s
[2025-12-25T02:22:41.118+0000][gc,start    ] GC(586) Pause Young (Normal) (G1 Evacuation Pause)
[2025-12-25T02:22:41.118+0000][gc,task     ] GC(586) Using 8 workers of 8 for evacuation
[2025-12-25T02:22:41.140+0000][gc,phases   ] GC(586)   Pre Evacuate Collection Set: 1.0ms
[2025-12-25T02:22:41.140+0000][gc,phases   ] GC(586)   Merge Heap Roots: 0.3ms
[2025-12-25T02:22:41.140+0000][gc,phases   ] GC(586)   Evacuate Collection Set: 18.9ms
[2025-12-25T02:22:41.140+0000][gc,phases   ] GC(586)   Post Evacuate Collection Set: 1.4ms
[2025-12-25T02:22:41.140+0000][gc,phases   ] GC(586)   Other: 0.2ms
[2025-12-25T02:22:41.141+0000][gc,heap     ] GC(586) Eden regions: 605->0(606)
[2025-12-25T02:22:41.141+0000][gc,heap     ] GC(586) Survivor regions: 9->8(77)
[2025-12-25T02:22:41.141+0000][gc,heap     ] GC(586) Old regions: 140->140
[2025-12-25T02:22:41.141+0000][gc,heap     ] GC(586) Humongous regions: 151->151
[2025-12-25T02:22:41.141+0000][gc,metaspace] GC(586) Metaspace: 15791K(16256K)->15791K(16256K) NonClass: 14146K(14336K)->14146K(14336K) Class: 1645K(1920K)->1645K(1920K)
[2025-12-25T02:22:41.141+0000][gc          ] GC(586) Pause Young (Normal) (G1 Evacuation Pause) 904M->298M(1024M) 23.119ms
[2025-12-25T02:22:41.141+0000][gc,cpu      ] GC(586) User=0.16s Sys=0.00s Real=0.02s
[2025-12-25T02:23:11.387+0000][gc,start    ] GC(587) Pause Young (Normal) (G1 Evacuation Pause)
[2025-12-25T02:23:11.388+0000][gc,task     ] GC(587) Using 8 workers of 8 for evacuation
[2025-12-25T02:23:11.404+0000][gc,phases   ] GC(587)   Pre Evacuate Collection Set: 1.2ms
[2025-12-25T02:23:11.404+0000][gc,phases   ] GC(587)   Merge Heap Roots: 0.3ms
[2025-12-25T02:23:11.404+0000][gc,phases   ] GC(587)   Evacuate Collection Set: 13.1ms
[2025-12-25T02:23:11.404+0000][gc,phases   ] GC(587)   Post Evacuate Collection Set: 1.1ms
[2025-12-25T02:23:11.404+0000][gc,phases   ] GC(587)   Other: 0.2ms
[2025-12-25T02:23:11.404+0000][gc,heap     ] GC(587) Eden regions: 606->0(604)
[2025-12-25T02:23:11.404+0000][gc,heap     ] GC(587) Survivor regions: 8->10(77)
[2025-12-25T02:23:11.404+0000][gc,heap     ] GC(587) Old regions: 140->141
[2025-12-25T02:23:11.404+0000][gc,heap     ] GC(587) Humongous regions: 151->151
[2025-12-25T02:23:11.404+0000][gc,metaspace] GC(587) Metaspace: 15791K(16256K)->15791K(16256K) NonClass: 14146K(14336K)->14146K(14336K) Class: 1645K(1920K)->1645K(1920K)
[2025-12-25T02:23:11.405+0000][gc          ] GC(587) Pause Young (Normal) (G1 Evacuation Pause) 904M->300M(1024M) 17.024ms
[2025-12-25T02:23:11.405+0000][gc,cpu      ] GC(587) User=0.08s Sys=0.02s Real=0.01s
[2025-12-25T02:23:41.942+0000][gc,start    ] GC(588) Pause Young (Normal) (G1 Evacuation Pause)
[2025-12-25T02:23:41.946+0000][gc,task     ] GC(588) Using 8 workers of 8 for evacuation
[2025-12-25T02:23:41.959+0000][gc,phases   ] GC(588)   Pre Evacuate Collection Set: 2.1ms
[2025-12-25T02:23:41.959+0000][gc,phases   ] GC(588)   Merge Heap Roots: 0.8ms
[2025-12-25T02:23:41.959+0000][gc,phases   ] GC(588)   Evacuate Collection Set: 8.0ms
[2025-12-25T02:23:41.960+0000][gc,phases   ] GC(588)   Post Evacuate Collection Set: 2.0ms
[2025-12-25T02:23:41.960+0000][gc,phases   ] GC(588)   Other: 0.5ms
[2025-12-25T02:23:41.960+0000][gc,heap     ] GC(588) Eden regions: 604->0(607)
[2025-12-25T02:23:41.960+0000][gc,heap     ] GC(588) Survivor regions: 10->7(77)
[2025-12-25T02:23:41.960+0000][gc,heap     ] GC(588) Old regions: 141->141
[2025-12-25T02:23:41.960+0000][gc,heap     ] GC(588) Humongous regions: 151->151
[2025-12-25T02:23:41.960+0000][gc,metaspace] GC(588) Metaspace: 15791K(16256K)->15791K(16256K) NonClass: 14146K(14336K)->14146K(14336K) Class: 1645K(1920K)->1645K(1920K)
[2025-12-25T02:23:41.960+0000][gc          ] GC(588) Pause Young (Normal) (G1 Evacuation Pause) 904M->298M(1024M) 18.336ms
[2025-12-25T02:23:41.960+0000][gc,cpu      ] GC(588) User=0.08s Sys=0.00s Real=0.02s
[2025-12-25T02:24:21.426+0000][gc,start    ] GC(589) Pause Young (Normal) (G1 Evacuation Pause)
[2025-12-25T02:24:21.427+0000][gc,task     ] GC(589) Using 8 workers of 8 for evacuation
[2025-12-25T02:24:21.442+0000][gc,phases   ] GC(589)   Pre Evacuate Collection Set: 3.2ms
[2025-12-25T02:24:21.442+0000][gc,phases   ] GC(589)   Merge Heap Roots: 0.5ms
[2025-12-25T02:24:21.442+0000][gc,phases   ] GC(589)   Evacuate Collection Set: 9.5ms
[2025-12-25T02:24:21.442+0000][gc,phases   ] GC(589)   Post Evacuate Collection Set: 1.1ms
[2025-12-25T02:24:21.442+0000][gc,phases   ] GC(589)   Other: 0.6ms
[2025-12-25T02:24:21.443+0000][gc,heap     ] GC(589) Eden regions: 607->0(608)
[2025-12-25T02:24:21.443+0000][gc,heap     ] GC(589) Survivor regions: 7->6(77)
[2025-12-25T02:24:21.443+0000][gc,heap     ] GC(589) Old regions: 141->141
[2025-12-25T02:24:21.443+0000][gc,heap     ] GC(589) Humongous regions: 151->151
[2025-12-25T02:24:21.443+0000][gc,metaspace] GC(589) Metaspace: 15791K(16256K)->15791K(16256K) NonClass: 14146K(14336K)->14146K(14336K) Class: 1645K(1920K)->1645K(1920K)
[2025-12-25T02:24:21.443+0000][gc          ] GC(589) Pause Young (Normal) (G1 Evacuation Pause) 905M->297M(1024M) 16.554ms
[2025-12-25T02:24:21.443+0000][gc,cpu      ] GC(589) User=0.09s Sys=0.00s Real=0.02s
[2025-12-25T02:24:51.538+0000][gc,start    ] GC(590) Pause Young (Normal) (G1 Evacuation Pause)
[2025-12-25T02:24:51.539+0000][gc,task     ] GC(590) Using 8 workers of 8 for evacuation
[2025-12-25T02:24:51.551+0000][gc,phases   ] GC(590)   Pre Evacuate Collection Set: 1.2ms
[2025-12-25T02:24:51.551+0000][gc,phases   ] GC(590)   Merge Heap Roots: 0.2ms
[2025-12-25T02:24:51.551+0000][gc,phases   ] GC(590)   Evacuate Collection Set: 9.8ms
[2025-12-25T02:24:51.551+0000][gc,phases   ] GC(590)   Post Evacuate Collection Set: 1.1ms
[2025-12-25T02:24:51.551+0000][gc,phases   ] GC(590)   Other: 0.2ms
[2025-12-25T02:24:51.551+0000][gc,heap     ] GC(590) Eden regions: 608->0(606)
[2025-12-25T02:24:51.551+0000][gc,heap     ] GC(590) Survivor regions: 6->8(77)
[2025-12-25T02:24:51.552+0000][gc,heap     ] GC(590) Old regions: 141->141
[2025-12-25T02:24:51.552+0000][gc,heap     ] GC(590) Humongous regions: 151->151
[2025-12-25T02:24:51.552+0000][gc,metaspace] GC(590) Metaspace: 15791K(16256K)->15791K(16256K) NonClass: 14146K(14336K)->14146K(14336K) Class: 1645K(1920K)->1645K(1920K)
[2025-12-25T02:24:51.552+0000][gc          ] GC(590) Pause Young (Normal) (G1 Evacuation Pause) 905M->299M(1024M) 13.665ms
[2025-12-25T02:24:51.552+0000][gc,cpu      ] GC(590) User=0.08s Sys=0.00s Real=0.02s
[2025-12-25T02:25:31.005+0000][gc,start    ] GC(591) Pause Young (Normal) (G1 Evacuation Pause)
[2025-12-25T02:25:31.006+0000][gc,task     ] GC(591) Using 8 workers of 8 for evacuation
[2025-12-25T02:25:31.026+0000][gc,phases   ] GC(591)   Pre Evacuate Collection Set: 1.1ms
[2025-12-25T02:25:31.026+0000][gc,phases   ] GC(591)   Merge Heap Roots: 0.3ms
[2025-12-25T02:25:31.026+0000][gc,phases   ] GC(591)   Evacuate Collection Set: 16.9ms
[2025-12-25T02:25:31.026+0000][gc,phases   ] GC(591)   Post Evacuate Collection Set: 1.2ms
[2025-12-25T02:25:31.026+0000][gc,phases   ] GC(591)   Other: 0.2ms
[2025-12-25T02:25:31.026+0000][gc,heap     ] GC(591) Eden regions: 606->0(607)
[2025-12-25T02:25:31.026+0000][gc,heap     ] GC(591) Survivor regions: 8->7(77)
[2025-12-25T02:25:31.026+0000][gc,heap     ] GC(591) Old regions: 141->142
[2025-12-25T02:25:31.026+0000][gc,heap     ] GC(591) Humongous regions: 151->151
[2025-12-25T02:25:31.026+0000][gc,metaspace] GC(591) Metaspace: 15791K(16256K)->15791K(16256K) NonClass: 14146K(14336K)->14146K(14336K) Class: 1645K(1920K)->1645K(1920K)
[2025-12-25T02:25:31.027+0000][gc          ] GC(591) Pause Young (Normal) (G1 Evacuation Pause) 905M->298M(1024M) 21.055ms
[2025-12-25T02:25:31.027+0000][gc,cpu      ] GC(591) User=0.13s Sys=0.00s Real=0.02s
[2025-12-25T02:26:01.291+0000][gc,start    ] GC(592) Pause Young (Normal) (G1 Evacuation Pause)
[2025-12-25T02:26:01.292+0000][gc,task     ] GC(592) Using 8 workers of 8 for evacuation
[2025-12-25T02:26:01.305+0000][gc,phases   ] GC(592)   Pre Evacuate Collection Set: 1.2ms
[2025-12-25T02:26:01.305+0000][gc,phases   ] GC(592)   Merge Heap Roots: 0.3ms
[2025-12-25T02:26:01.305+0000][gc,phases   ] GC(592)   Evacuate Collection Set: 9.9ms
[2025-12-25T02:26:01.305+0000][gc,phases   ] GC(592)   Post Evacuate Collection Set: 1.3ms
[2025-12-25T02:26:01.305+0000][gc,phases   ] GC(592)   Other: 0.3ms
[2025-12-25T02:26:01.305+0000][gc,heap     ] GC(592) Eden regions: 607->0(605)
[2025-12-25T02:26:01.305+0000][gc,heap     ] GC(592) Survivor regions: 7->9(77)
[2025-12-25T02:26:01.305+0000][gc,heap     ] GC(592) Old regions: 142->142
[2025-12-25T02:26:01.305+0000][gc,heap     ] GC(592) Humongous regions: 151->151
[2025-12-25T02:26:01.305+0000][gc,metaspace] GC(592) Metaspace: 15791K(16256K)->15791K(16256K) NonClass: 14146K(14336K)->14146K(14336K) Class: 1645K(1920K)->1645K(1920K)
[2025-12-25T02:26:01.306+0000][gc          ] GC(592) Pause Young (Normal) (G1 Evacuation Pause) 905M->300M(1024M) 14.882ms
[2025-12-25T02:26:01.306+0000][gc,cpu      ] GC(592) User=0.08s Sys=0.00s Real=0.02s
[2025-12-25T02:26:40.937+0000][gc,start    ] GC(593) Pause Young (Normal) (G1 Evacuation Pause)
[2025-12-25T02:26:40.937+0000][gc,task     ] GC(593) Using 8 workers of 8 for evacuation
[2025-12-25T02:26:40.958+0000][gc,phases   ] GC(593)   Pre Evacuate Collection Set: 1.7ms
[2025-12-25T02:26:40.958+0000][gc,phases   ] GC(593)   Merge Heap Roots: 0.7ms
[2025-12-25T02:26:40.958+0000][gc,phases   ] GC(593)   Evacuate Collection Set: 17.3ms
[2025-12-25T02:26:40.958+0000][gc,phases   ] GC(593)   Post Evacuate Collection Set: 1.2ms
[2025-12-25T02:26:40.959+0000][gc,phases   ] GC(593)   Other: 0.2ms
[2025-12-25T02:26:40.959+0000][gc,heap     ] GC(593) Eden regions: 605->0(606)
[2025-12-25T02:26:40.959+0000][gc,heap     ] GC(593) Survivor regions: 9->8(77)
[2025-12-25T02:26:40.959+0000][gc,heap     ] GC(593) Old regions: 142->142
[2025-12-25T02:26:40.959+0000][gc,heap     ] GC(593) Humongous regions: 151->151
[2025-12-25T02:26:40.959+0000][gc,metaspace] GC(593) Metaspace: 15791K(16256K)->15791K(16256K) NonClass: 14146K(14336K)->14146K(14336K) Class: 1645K(1920K)->1645K(1920K)
[2025-12-25T02:26:40.959+0000][gc          ] GC(593) Pause Young (Normal) (G1 Evacuation Pause) 905M->299M(1024M) 22.407ms
[2025-12-25T02:26:40.959+0000][gc,cpu      ] GC(593) User=0.13s Sys=0.00s Real=0.02s
[2025-12-25T02:27:11.168+0000][gc,start    ] GC(594) Pause Young (Normal) (G1 Evacuation Pause)
[2025-12-25T02:27:11.168+0000][gc,task     ] GC(594) Using 8 workers of 8 for evacuation
[2025-12-25T02:27:11.184+0000][gc,phases   ] GC(594)   Pre Evacuate Collection Set: 1.0ms
[2025-12-25T02:27:11.184+0000][gc,phases   ] GC(594)   Merge Heap Roots: 0.3ms
[2025-12-25T02:27:11.184+0000][gc,phases   ] GC(594)   Evacuate Collection Set: 13.3ms
[2025-12-25T02:27:11.184+0000][gc,phases   ] GC(594)   Post Evacuate Collection Set: 1.0ms
[2025-12-25T02:27:11.184+0000][gc,phases   ] GC(594)   Other: 0.2ms
[2025-12-25T02:27:11.185+0000][gc,heap     ] GC(594) Eden regions: 606->0(604)
[2025-12-25T02:27:11.185+0000][gc,heap     ] GC(594) Survivor regions: 8->10(77)
[2025-12-25T02:27:11.185+0000][gc,heap     ] GC(594) Old regions: 142->142
[2025-12-25T02:27:11.185+0000][gc,heap     ] GC(594) Humongous regions: 151->151
[2025-12-25T02:27:11.185+0000][gc,metaspace] GC(594) Metaspace: 15791K(16256K)->15791K(16256K) NonClass: 14146K(14336K)->14146K(14336K) Class: 1645K(1920K)->1645K(1920K)
[2025-12-25T02:27:11.185+0000][gc          ] GC(594) Pause Young (Normal) (G1 Evacuation Pause) 905M->302M(1024M) 16.932ms
[2025-12-25T02:27:11.185+0000][gc,cpu      ] GC(594) User=0.09s Sys=0.01s Real=0.02s
[2025-12-25T02:27:41.390+0000][gc,start    ] GC(595) Pause Young (Normal) (G1 Evacuation Pause)
[2025-12-25T02:27:41.391+0000][gc,task     ] GC(595) Using 8 workers of 8 for evacuation
[2025-12-25T02:27:41.404+0000][gc,phases   ] GC(595)   Pre Evacuate Collection Set: 1.1ms
[2025-12-25T02:27:41.404+0000][gc,phases   ] GC(595)   Merge Heap Roots: 0.4ms
[2025-12-25T02:27:41.404+0000][gc,phases   ] GC(595)   Evacuate Collection Set: 10.3ms
[2025-12-25T02:27:41.404+0000][gc,phases   ] GC(595)   Post Evacuate Collection Set: 1.0ms
[2025-12-25T02:27:41.404+0000][gc,phases   ] GC(595)   Other: 0.2ms
[2025-12-25T02:27:41.404+0000][gc,heap     ] GC(595) Eden regions: 604->0(608)
[2025-12-25T02:27:41.404+0000][gc,heap     ] GC(595) Survivor regions: 10->6(77)
[2025-12-25T02:27:41.404+0000][gc,heap     ] GC(595) Old regions: 142->143
[2025-12-25T02:27:41.405+0000][gc,heap     ] GC(595) Humongous regions: 151->151
[2025-12-25T02:27:41.405+0000][gc,metaspace] GC(595) Metaspace: 15791K(16256K)->15791K(16256K) NonClass: 14146K(14336K)->14146K(14336K) Class: 1645K(1920K)->1645K(1920K)
[2025-12-25T02:27:41.405+0000][gc          ] GC(595) Pause Young (Normal) (G1 Evacuation Pause) 906M->299M(1024M) 14.260ms
[2025-12-25T02:27:41.405+0000][gc,cpu      ] GC(595) User=0.08s Sys=0.01s Real=0.01s
[2025-12-25T02:28:21.249+0000][gc,start    ] GC(596) Pause Young (Normal) (G1 Evacuation Pause)
[2025-12-25T02:28:21.250+0000][gc,task     ] GC(596) Using 8 workers of 8 for evacuation
[2025-12-25T02:28:21.298+0000][gc,phases   ] GC(596)   Pre Evacuate Collection Set: 9.5ms
[2025-12-25T02:28:21.298+0000][gc,phases   ] GC(596)   Merge Heap Roots: 2.0ms
[2025-12-25T02:28:21.299+0000][gc,phases   ] GC(596)   Evacuate Collection Set: 29.1ms
[2025-12-25T02:28:21.299+0000][gc,phases   ] GC(596)   Post Evacuate Collection Set: 6.1ms
[2025-12-25T02:28:21.299+0000][gc,phases   ] GC(596)   Other: 0.9ms
[2025-12-25T02:28:21.299+0000][gc,heap     ] GC(596) Eden regions: 608->0(608)
[2025-12-25T02:28:21.299+0000][gc,heap     ] GC(596) Survivor regions: 6->6(77)
[2025-12-25T02:28:21.300+0000][gc,heap     ] GC(596) Old regions: 143->143
[2025-12-25T02:28:21.300+0000][gc,heap     ] GC(596) Humongous regions: 151->151
[2025-12-25T02:28:21.300+0000][gc,metaspace] GC(596) Metaspace: 15791K(16256K)->15791K(16256K) NonClass: 14146K(14336K)->14146K(14336K) Class: 1645K(1920K)->1645K(1920K)
[2025-12-25T02:28:21.301+0000][gc          ] GC(596) Pause Young (Normal) (G1 Evacuation Pause) 907M->298M(1024M) 51.743ms
[2025-12-25T02:28:21.301+0000][gc,cpu      ] GC(596) User=0.12s Sys=0.01s Real=0.05s
[2025-12-25T02:28:51.518+0000][gc,start    ] GC(597) Pause Young (Normal) (G1 Evacuation Pause)
[2025-12-25T02:28:51.518+0000][gc,task     ] GC(597) Using 8 workers of 8 for evacuation
[2025-12-25T02:28:51.537+0000][gc,phases   ] GC(597)   Pre Evacuate Collection Set: 1.2ms
[2025-12-25T02:28:51.538+0000][gc,phases   ] GC(597)   Merge Heap Roots: 0.3ms
[2025-12-25T02:28:51.538+0000][gc,phases   ] GC(597)   Evacuate Collection Set: 16.4ms
[2025-12-25T02:28:51.538+0000][gc,phases   ] GC(597)   Post Evacuate Collection Set: 1.1ms
[2025-12-25T02:28:51.538+0000][gc,phases   ] GC(597)   Other: 0.2ms
[2025-12-25T02:28:51.538+0000][gc,heap     ] GC(597) Eden regions: 608->0(606)
[2025-12-25T02:28:51.538+0000][gc,heap     ] GC(597) Survivor regions: 6->8(77)
[2025-12-25T02:28:51.538+0000][gc,heap     ] GC(597) Old regions: 143->143
[2025-12-25T02:28:51.538+0000][gc,heap     ] GC(597) Humongous regions: 151->151
[2025-12-25T02:28:51.538+0000][gc,metaspace] GC(597) Metaspace: 15791K(16256K)->15791K(16256K) NonClass: 14146K(14336K)->14146K(14336K) Class: 1645K(1920K)->1645K(1920K)
[2025-12-25T02:28:51.538+0000][gc          ] GC(597) Pause Young (Normal) (G1 Evacuation Pause) 906M->300M(1024M) 20.073ms
[2025-12-25T02:28:51.538+0000][gc,cpu      ] GC(597) User=0.14s Sys=0.00s Real=0.02s
[2025-12-25T02:29:31.020+0000][gc,start    ] GC(598) Pause Young (Normal) (G1 Evacuation Pause)
[2025-12-25T02:29:31.021+0000][gc,task     ] GC(598) Using 8 workers of 8 for evacuation
[2025-12-25T02:29:31.043+0000][gc,phases   ] GC(598)   Pre Evacuate Collection Set: 1.2ms
[2025-12-25T02:29:31.043+0000][gc,phases   ] GC(598)   Merge Heap Roots: 0.3ms
[2025-12-25T02:29:31.043+0000][gc,phases   ] GC(598)   Evacuate Collection Set: 19.5ms
[2025-12-25T02:29:31.044+0000][gc,phases   ] GC(598)   Post Evacuate Collection Set: 1.3ms
[2025-12-25T02:29:31.044+0000][gc,phases   ] GC(598)   Other: 0.3ms
[2025-12-25T02:29:31.044+0000][gc,heap     ] GC(598) Eden regions: 606->0(607)
[2025-12-25T02:29:31.044+0000][gc,heap     ] GC(598) Survivor regions: 8->7(77)
[2025-12-25T02:29:31.044+0000][gc,heap     ] GC(598) Old regions: 143->143
[2025-12-25T02:29:31.044+0000][gc,heap     ] GC(598) Humongous regions: 151->151
[2025-12-25T02:29:31.044+0000][gc,metaspace] GC(598) Metaspace: 15791K(16256K)->15791K(16256K) NonClass: 14146K(14336K)->14146K(14336K) Class: 1645K(1920K)->1645K(1920K)
[2025-12-25T02:29:31.044+0000][gc          ] GC(598) Pause Young (Normal) (G1 Evacuation Pause) 906M->300M(1024M) 23.787ms
[2025-12-25T02:29:31.044+0000][gc,cpu      ] GC(598) User=0.14s Sys=0.00s Real=0.02s
[2025-12-25T02:30:01.267+0000][gc,start    ] GC(599) Pause Young (Normal) (G1 Evacuation Pause)
[2025-12-25T02:30:01.268+0000][gc,task     ] GC(599) Using 8 workers of 8 for evacuation
[2025-12-25T02:30:01.281+0000][gc,phases   ] GC(599)   Pre Evacuate Collection Set: 1.3ms
[2025-12-25T02:30:01.281+0000][gc,phases   ] GC(599)   Merge Heap Roots: 0.4ms
[2025-12-25T02:30:01.281+0000][gc,phases   ] GC(599)   Evacuate Collection Set: 7.0ms
[2025-12-25T02:30:01.281+0000][gc,phases   ] GC(599)   Post Evacuate Collection Set: 3.5ms
[2025-12-25T02:30:01.281+0000][gc,phases   ] GC(599)   Other: 0.3ms
[2025-12-25T02:30:01.281+0000][gc,heap     ] GC(599) Eden regions: 607->0(605)
[2025-12-25T02:30:01.281+0000][gc,heap     ] GC(599) Survivor regions: 7->9(77)
[2025-12-25T02:30:01.281+0000][gc,heap     ] GC(599) Old regions: 143->144
[2025-12-25T02:30:01.282+0000][gc,heap     ] GC(599) Humongous regions: 151->151
[2025-12-25T02:30:01.282+0000][gc,metaspace] GC(599) Metaspace: 15793K(16256K)->15793K(16256K) NonClass: 14147K(14336K)->14147K(14336K) Class: 1645K(1920K)->1645K(1920K)
[2025-12-25T02:30:01.282+0000][gc          ] GC(599) Pause Young (Normal) (G1 Evacuation Pause) 907M->302M(1024M) 14.817ms
[2025-12-25T02:30:01.282+0000][gc,cpu      ] GC(599) User=0.08s Sys=0.00s Real=0.01s
[2025-12-25T02:30:40.932+0000][gc,start    ] GC(600) Pause Young (Normal) (G1 Evacuation Pause)
[2025-12-25T02:30:40.932+0000][gc,task     ] GC(600) Using 8 workers of 8 for evacuation
[2025-12-25T02:30:40.952+0000][gc,phases   ] GC(600)   Pre Evacuate Collection Set: 1.8ms
[2025-12-25T02:30:40.952+0000][gc,phases   ] GC(600)   Merge Heap Roots: 0.5ms
[2025-12-25T02:30:40.952+0000][gc,phases   ] GC(600)   Evacuate Collection Set: 14.6ms
[2025-12-25T02:30:40.952+0000][gc,phases   ] GC(600)   Post Evacuate Collection Set: 2.3ms
[2025-12-25T02:30:40.952+0000][gc,phases   ] GC(600)   Other: 0.2ms
[2025-12-25T02:30:40.953+0000][gc,heap     ] GC(600) Eden regions: 605->0(606)
[2025-12-25T02:30:40.953+0000][gc,heap     ] GC(600) Survivor regions: 9->8(77)
[2025-12-25T02:30:40.953+0000][gc,heap     ] GC(600) Old regions: 144->144
[2025-12-25T02:30:40.953+0000][gc,heap     ] GC(600) Humongous regions: 151->151
[2025-12-25T02:30:40.953+0000][gc,metaspace] GC(600) Metaspace: 15793K(16256K)->15793K(16256K) NonClass: 14147K(14336K)->14147K(14336K) Class: 1645K(1920K)->1645K(1920K)
[2025-12-25T02:30:40.953+0000][gc          ] GC(600) Pause Young (Normal) (G1 Evacuation Pause) 907M->301M(1024M) 21.167ms
[2025-12-25T02:30:40.953+0000][gc,cpu      ] GC(600) User=0.11s Sys=0.01s Real=0.02s
[2025-12-25T02:31:11.185+0000][gc,start    ] GC(601) Pause Young (Normal) (G1 Evacuation Pause)
[2025-12-25T02:31:11.185+0000][gc,task     ] GC(601) Using 8 workers of 8 for evacuation
[2025-12-25T02:31:11.205+0000][gc,phases   ] GC(601)   Pre Evacuate Collection Set: 1.3ms
[2025-12-25T02:31:11.205+0000][gc,phases   ] GC(601)   Merge Heap Roots: 0.3ms
[2025-12-25T02:31:11.205+0000][gc,phases   ] GC(601)   Evacuate Collection Set: 16.8ms
[2025-12-25T02:31:11.205+0000][gc,phases   ] GC(601)   Post Evacuate Collection Set: 1.1ms
[2025-12-25T02:31:11.205+0000][gc,phases   ] GC(601)   Other: 0.2ms
[2025-12-25T02:31:11.205+0000][gc,heap     ] GC(601) Eden regions: 606->0(604)
[2025-12-25T02:31:11.205+0000][gc,heap     ] GC(601) Survivor regions: 8->10(77)
[2025-12-25T02:31:11.205+0000][gc,heap     ] GC(601) Old regions: 144->144
[2025-12-25T02:31:11.205+0000][gc,heap     ] GC(601) Humongous regions: 151->151
[2025-12-25T02:31:11.205+0000][gc,metaspace] GC(601) Metaspace: 15796K(16256K)->15796K(16256K) NonClass: 14150K(14336K)->14150K(14336K) Class: 1645K(1920K)->1645K(1920K)
[2025-12-25T02:31:11.206+0000][gc          ] GC(601) Pause Young (Normal) (G1 Evacuation Pause) 907M->303M(1024M) 20.780ms
[2025-12-25T02:31:11.206+0000][gc,cpu      ] GC(601) User=0.14s Sys=0.00s Real=0.02s
[2025-12-25T02:31:41.418+0000][gc,start    ] GC(602) Pause Young (Normal) (G1 Evacuation Pause)
[2025-12-25T02:31:41.419+0000][gc,task     ] GC(602) Using 8 workers of 8 for evacuation
[2025-12-25T02:31:41.434+0000][gc,phases   ] GC(602)   Pre Evacuate Collection Set: 1.3ms
[2025-12-25T02:31:41.434+0000][gc,phases   ] GC(602)   Merge Heap Roots: 0.3ms
[2025-12-25T02:31:41.435+0000][gc,phases   ] GC(602)   Evacuate Collection Set: 12.2ms
[2025-12-25T02:31:41.435+0000][gc,phases   ] GC(602)   Post Evacuate Collection Set: 1.3ms
[2025-12-25T02:31:41.435+0000][gc,phases   ] GC(602)   Other: 0.3ms
[2025-12-25T02:31:41.435+0000][gc,heap     ] GC(602) Eden regions: 604->0(603)
[2025-12-25T02:31:41.435+0000][gc,heap     ] GC(602) Survivor regions: 10->11(77)
[2025-12-25T02:31:41.435+0000][gc,heap     ] GC(602) Old regions: 144->144
[2025-12-25T02:31:41.435+0000][gc,heap     ] GC(602) Humongous regions: 151->151
[2025-12-25T02:31:41.435+0000][gc,metaspace] GC(602) Metaspace: 15796K(16256K)->15796K(16256K) NonClass: 14150K(14336K)->14150K(14336K) Class: 1645K(1920K)->1645K(1920K)
[2025-12-25T02:31:41.435+0000][gc          ] GC(602) Pause Young (Normal) (G1 Evacuation Pause) 907M->305M(1024M) 17.442ms
[2025-12-25T02:31:41.435+0000][gc,cpu      ] GC(602) User=0.10s Sys=0.00s Real=0.02s
[2025-12-25T02:32:21.099+0000][gc,start    ] GC(603) Pause Young (Normal) (G1 Evacuation Pause)
[2025-12-25T02:32:21.100+0000][gc,task     ] GC(603) Using 8 workers of 8 for evacuation
[2025-12-25T02:32:21.115+0000][gc,phases   ] GC(603)   Pre Evacuate Collection Set: 5.2ms
[2025-12-25T02:32:21.115+0000][gc,phases   ] GC(603)   Merge Heap Roots: 0.3ms
[2025-12-25T02:32:21.115+0000][gc,phases   ] GC(603)   Evacuate Collection Set: 6.8ms
[2025-12-25T02:32:21.115+0000][gc,phases   ] GC(603)   Post Evacuate Collection Set: 2.2ms
[2025-12-25T02:32:21.115+0000][gc,phases   ] GC(603)   Other: 0.4ms
[2025-12-25T02:32:21.115+0000][gc,heap     ] GC(603) Eden regions: 603->0(608)
[2025-12-25T02:32:21.115+0000][gc,heap     ] GC(603) Survivor regions: 11->6(77)
[2025-12-25T02:32:21.115+0000][gc,heap     ] GC(603) Old regions: 144->144
[2025-12-25T02:32:21.115+0000][gc,heap     ] GC(603) Humongous regions: 151->151
[2025-12-25T02:32:21.115+0000][gc,metaspace] GC(603) Metaspace: 15802K(16256K)->15802K(16256K) NonClass: 14157K(14336K)->14157K(14336K) Class: 1645K(1920K)->1645K(1920K)
[2025-12-25T02:32:21.115+0000][gc          ] GC(603) Pause Young (Normal) (G1 Evacuation Pause) 908M->300M(1024M) 16.245ms
[2025-12-25T02:32:21.115+0000][gc,cpu      ] GC(603) User=0.07s Sys=0.00s Real=0.02s
[2025-12-25T02:32:51.563+0000][gc,start    ] GC(604) Pause Young (Normal) (G1 Evacuation Pause)
[2025-12-25T02:32:51.564+0000][gc,task     ] GC(604) Using 8 workers of 8 for evacuation
[2025-12-25T02:32:51.586+0000][gc,phases   ] GC(604)   Pre Evacuate Collection Set: 1.4ms
[2025-12-25T02:32:51.587+0000][gc,phases   ] GC(604)   Merge Heap Roots: 0.3ms
[2025-12-25T02:32:51.587+0000][gc,phases   ] GC(604)   Evacuate Collection Set: 17.4ms
[2025-12-25T02:32:51.587+0000][gc,phases   ] GC(604)   Post Evacuate Collection Set: 3.0ms
[2025-12-25T02:32:51.587+0000][gc,phases   ] GC(604)   Other: 0.3ms
[2025-12-25T02:32:51.587+0000][gc,heap     ] GC(604) Eden regions: 608->0(607)
[2025-12-25T02:32:51.587+0000][gc,heap     ] GC(604) Survivor regions: 6->7(77)
[2025-12-25T02:32:51.587+0000][gc,heap     ] GC(604) Old regions: 144->145
[2025-12-25T02:32:51.587+0000][gc,heap     ] GC(604) Humongous regions: 151->151
[2025-12-25T02:32:51.587+0000][gc,metaspace] GC(604) Metaspace: 15802K(16256K)->15802K(16256K) NonClass: 14157K(14336K)->14157K(14336K) Class: 1645K(1920K)->1645K(1920K)
[2025-12-25T02:32:51.587+0000][gc          ] GC(604) Pause Young (Normal) (G1 Evacuation Pause) 908M->302M(1024M) 23.715ms
[2025-12-25T02:32:51.587+0000][gc,cpu      ] GC(604) User=0.14s Sys=0.02s Real=0.02s
[2025-12-25T02:33:31.038+0000][gc,start    ] GC(605) Pause Young (Normal) (G1 Evacuation Pause)
[2025-12-25T02:33:31.039+0000][gc,task     ] GC(605) Using 8 workers of 8 for evacuation
[2025-12-25T02:33:31.063+0000][gc,phases   ] GC(605)   Pre Evacuate Collection Set: 5.4ms
[2025-12-25T02:33:31.063+0000][gc,phases   ] GC(605)   Merge Heap Roots: 1.7ms
[2025-12-25T02:33:31.063+0000][gc,phases   ] GC(605)   Evacuate Collection Set: 14.6ms
[2025-12-25T02:33:31.063+0000][gc,phases   ] GC(605)   Post Evacuate Collection Set: 1.5ms
[2025-12-25T02:33:31.063+0000][gc,phases   ] GC(605)   Other: 1.0ms
[2025-12-25T02:33:31.063+0000][gc,heap     ] GC(605) Eden regions: 607->0(607)
[2025-12-25T02:33:31.063+0000][gc,heap     ] GC(605) Survivor regions: 7->7(77)
[2025-12-25T02:33:31.064+0000][gc,heap     ] GC(605) Old regions: 145->145
[2025-12-25T02:33:31.064+0000][gc,heap     ] GC(605) Humongous regions: 151->151
[2025-12-25T02:33:31.064+0000][gc,metaspace] GC(605) Metaspace: 15802K(16256K)->15802K(16256K) NonClass: 14157K(14336K)->14157K(14336K) Class: 1645K(1920K)->1645K(1920K)
[2025-12-25T02:33:31.064+0000][gc          ] GC(605) Pause Young (Normal) (G1 Evacuation Pause) 909M->301M(1024M) 25.466ms
[2025-12-25T02:33:31.064+0000][gc,cpu      ] GC(605) User=0.13s Sys=0.00s Real=0.03s
[2025-12-25T02:34:01.390+0000][gc,start    ] GC(606) Pause Young (Normal) (G1 Evacuation Pause)
[2025-12-25T02:34:01.392+0000][gc,task     ] GC(606) Using 8 workers of 8 for evacuation
[2025-12-25T02:34:01.409+0000][gc,phases   ] GC(606)   Pre Evacuate Collection Set: 1.2ms
[2025-12-25T02:34:01.409+0000][gc,phases   ] GC(606)   Merge Heap Roots: 0.3ms
[2025-12-25T02:34:01.409+0000][gc,phases   ] GC(606)   Evacuate Collection Set: 13.6ms
[2025-12-25T02:34:01.409+0000][gc,phases   ] GC(606)   Post Evacuate Collection Set: 1.5ms
[2025-12-25T02:34:01.409+0000][gc,phases   ] GC(606)   Other: 0.2ms
[2025-12-25T02:34:01.409+0000][gc,heap     ] GC(606) Eden regions: 607->0(606)
[2025-12-25T02:34:01.409+0000][gc,heap     ] GC(606) Survivor regions: 7->8(77)
[2025-12-25T02:34:01.409+0000][gc,heap     ] GC(606) Old regions: 145->145
[2025-12-25T02:34:01.410+0000][gc,heap     ] GC(606) Humongous regions: 151->151
[2025-12-25T02:34:01.410+0000][gc,metaspace] GC(606) Metaspace: 15802K(16256K)->15802K(16256K) NonClass: 14157K(14336K)->14157K(14336K) Class: 1645K(1920K)->1645K(1920K)
[2025-12-25T02:34:01.410+0000][gc          ] GC(606) Pause Young (Normal) (G1 Evacuation Pause) 908M->303M(1024M) 19.871ms
[2025-12-25T02:34:01.410+0000][gc,cpu      ] GC(606) User=0.12s Sys=0.00s Real=0.02s
[2025-12-25T02:34:40.925+0000][gc,start    ] GC(607) Pause Young (Normal) (G1 Evacuation Pause)
[2025-12-25T02:34:40.926+0000][gc,task     ] GC(607) Using 8 workers of 8 for evacuation
[2025-12-25T02:34:40.948+0000][gc,phases   ] GC(607)   Pre Evacuate Collection Set: 3.7ms
[2025-12-25T02:34:40.948+0000][gc,phases   ] GC(607)   Merge Heap Roots: 0.9ms
[2025-12-25T02:34:40.948+0000][gc,phases   ] GC(607)   Evacuate Collection Set: 15.7ms
[2025-12-25T02:34:40.948+0000][gc,phases   ] GC(607)   Post Evacuate Collection Set: 1.2ms
[2025-12-25T02:34:40.948+0000][gc,phases   ] GC(607)   Other: 0.4ms
[2025-12-25T02:34:40.948+0000][gc,heap     ] GC(607) Eden regions: 606->0(607)
[2025-12-25T02:34:40.948+0000][gc,heap     ] GC(607) Survivor regions: 8->7(77)
[2025-12-25T02:34:40.948+0000][gc,heap     ] GC(607) Old regions: 145->145
[2025-12-25T02:34:40.948+0000][gc,heap     ] GC(607) Humongous regions: 151->151
[2025-12-25T02:34:40.948+0000][gc,metaspace] GC(607) Metaspace: 15802K(16256K)->15802K(16256K) NonClass: 14157K(14336K)->14157K(14336K) Class: 1645K(1920K)->1645K(1920K)
[2025-12-25T02:34:40.948+0000][gc          ] GC(607) Pause Young (Normal) (G1 Evacuation Pause) 909M->302M(1024M) 23.090ms
[2025-12-25T02:34:40.948+0000][gc,cpu      ] GC(607) User=0.15s Sys=0.00s Real=0.02s
[2025-12-25T02:35:11.181+0000][gc,start    ] GC(608) Pause Young (Normal) (G1 Evacuation Pause)
[2025-12-25T02:35:11.181+0000][gc,task     ] GC(608) Using 8 workers of 8 for evacuation
[2025-12-25T02:35:11.193+0000][gc,phases   ] GC(608)   Pre Evacuate Collection Set: 1.3ms
[2025-12-25T02:35:11.194+0000][gc,phases   ] GC(608)   Merge Heap Roots: 0.3ms
[2025-12-25T02:35:11.194+0000][gc,phases   ] GC(608)   Evacuate Collection Set: 9.6ms
[2025-12-25T02:35:11.194+0000][gc,phases   ] GC(608)   Post Evacuate Collection Set: 1.0ms
[2025-12-25T02:35:11.194+0000][gc,phases   ] GC(608)   Other: 0.2ms
[2025-12-25T02:35:11.194+0000][gc,heap     ] GC(608) Eden regions: 607->0(604)
[2025-12-25T02:35:11.194+0000][gc,heap     ] GC(608) Survivor regions: 7->10(77)
[2025-12-25T02:35:11.194+0000][gc,heap     ] GC(608) Old regions: 145->146
[2025-12-25T02:35:11.194+0000][gc,heap     ] GC(608) Humongous regions: 151->151
[2025-12-25T02:35:11.194+0000][gc,metaspace] GC(608) Metaspace: 15803K(16256K)->15803K(16256K) NonClass: 14157K(14336K)->14157K(14336K) Class: 1645K(1920K)->1645K(1920K)
[2025-12-25T02:35:11.194+0000][gc          ] GC(608) Pause Young (Normal) (G1 Evacuation Pause) 909M->305M(1024M) 13.522ms
[2025-12-25T02:35:11.194+0000][gc,cpu      ] GC(608) User=0.08s Sys=0.00s Real=0.01s
[2025-12-25T02:35:41.430+0000][gc,start    ] GC(609) Pause Young (Normal) (G1 Evacuation Pause)
[2025-12-25T02:35:41.431+0000][gc,task     ] GC(609) Using 8 workers of 8 for evacuation
[2025-12-25T02:35:41.452+0000][gc,phases   ] GC(609)   Pre Evacuate Collection Set: 5.0ms
[2025-12-25T02:35:41.452+0000][gc,phases   ] GC(609)   Merge Heap Roots: 1.4ms
[2025-12-25T02:35:41.452+0000][gc,phases   ] GC(609)   Evacuate Collection Set: 12.1ms
[2025-12-25T02:35:41.452+0000][gc,phases   ] GC(609)   Post Evacuate Collection Set: 1.5ms
[2025-12-25T02:35:41.452+0000][gc,phases   ] GC(609)   Other: 1.1ms
[2025-12-25T02:35:41.452+0000][gc,heap     ] GC(609) Eden regions: 604->0(603)
[2025-12-25T02:35:41.452+0000][gc,heap     ] GC(609) Survivor regions: 10->11(77)
[2025-12-25T02:35:41.453+0000][gc,heap     ] GC(609) Old regions: 146->146
[2025-12-25T02:35:41.453+0000][gc,heap     ] GC(609) Humongous regions: 151->151
[2025-12-25T02:35:41.453+0000][gc,metaspace] GC(609) Metaspace: 15803K(16256K)->15803K(16256K) NonClass: 14157K(14336K)->14157K(14336K) Class: 1645K(1920K)->1645K(1920K)
[2025-12-25T02:35:41.453+0000][gc          ] GC(609) Pause Young (Normal) (G1 Evacuation Pause) 909M->306M(1024M) 22.396ms
[2025-12-25T02:35:41.453+0000][gc,cpu      ] GC(609) User=0.11s Sys=0.00s Real=0.02s
[2025-12-25T02:36:21.100+0000][gc,start    ] GC(610) Pause Young (Normal) (G1 Evacuation Pause)
[2025-12-25T02:36:21.101+0000][gc,task     ] GC(610) Using 8 workers of 8 for evacuation
[2025-12-25T02:36:21.117+0000][gc,phases   ] GC(610)   Pre Evacuate Collection Set: 1.4ms
[2025-12-25T02:36:21.117+0000][gc,phases   ] GC(610)   Merge Heap Roots: 0.2ms
[2025-12-25T02:36:21.117+0000][gc,phases   ] GC(610)   Evacuate Collection Set: 13.2ms
[2025-12-25T02:36:21.117+0000][gc,phases   ] GC(610)   Post Evacuate Collection Set: 1.1ms
[2025-12-25T02:36:21.117+0000][gc,phases   ] GC(610)   Other: 0.2ms
[2025-12-25T02:36:21.117+0000][gc,heap     ] GC(610) Eden regions: 603->0(608)
[2025-12-25T02:36:21.117+0000][gc,heap     ] GC(610) Survivor regions: 11->6(77)
[2025-12-25T02:36:21.117+0000][gc,heap     ] GC(610) Old regions: 146->146
[2025-12-25T02:36:21.117+0000][gc,heap     ] GC(610) Humongous regions: 151->151
[2025-12-25T02:36:21.117+0000][gc,metaspace] GC(610) Metaspace: 15803K(16256K)->15803K(16256K) NonClass: 14157K(14336K)->14157K(14336K) Class: 1645K(1920K)->1645K(1920K)
[2025-12-25T02:36:21.117+0000][gc          ] GC(610) Pause Young (Normal) (G1 Evacuation Pause) 909M->301M(1024M) 16.868ms
[2025-12-25T02:36:21.117+0000][gc,cpu      ] GC(610) User=0.11s Sys=0.00s Real=0.02s
[2025-12-25T02:36:51.370+0000][gc,start    ] GC(611) Pause Young (Normal) (G1 Evacuation Pause)
[2025-12-25T02:36:51.374+0000][gc,task     ] GC(611) Using 8 workers of 8 for evacuation
[2025-12-25T02:36:51.394+0000][gc,phases   ] GC(611)   Pre Evacuate Collection Set: 4.0ms
[2025-12-25T02:36:51.394+0000][gc,phases   ] GC(611)   Merge Heap Roots: 1.2ms
[2025-12-25T02:36:51.394+0000][gc,phases   ] GC(611)   Evacuate Collection Set: 11.0ms
[2025-12-25T02:36:51.395+0000][gc,phases   ] GC(611)   Post Evacuate Collection Set: 3.5ms
[2025-12-25T02:36:51.395+0000][gc,phases   ] GC(611)   Other: 1.3ms
[2025-12-25T02:36:51.395+0000][gc,heap     ] GC(611) Eden regions: 608->0(607)
[2025-12-25T02:36:51.395+0000][gc,heap     ] GC(611) Survivor regions: 6->7(77)
[2025-12-25T02:36:51.395+0000][gc,heap     ] GC(611) Old regions: 146->146
[2025-12-25T02:36:51.395+0000][gc,heap     ] GC(611) Humongous regions: 151->151
[2025-12-25T02:36:51.395+0000][gc,metaspace] GC(611) Metaspace: 15803K(16256K)->15803K(16256K) NonClass: 14157K(14336K)->14157K(14336K) Class: 1645K(1920K)->1645K(1920K)
[2025-12-25T02:36:51.395+0000][gc          ] GC(611) Pause Young (Normal) (G1 Evacuation Pause) 909M->303M(1024M) 24.945ms
[2025-12-25T02:36:51.395+0000][gc,cpu      ] GC(611) User=0.09s Sys=0.00s Real=0.02s
[2025-12-25T02:37:31.092+0000][gc,start    ] GC(612) Pause Young (Normal) (G1 Evacuation Pause)
[2025-12-25T02:37:31.092+0000][gc,task     ] GC(612) Using 8 workers of 8 for evacuation
[2025-12-25T02:37:31.128+0000][gc,phases   ] GC(612)   Pre Evacuate Collection Set: 3.1ms
[2025-12-25T02:37:31.128+0000][gc,phases   ] GC(612)   Merge Heap Roots: 2.2ms
[2025-12-25T02:37:31.128+0000][gc,phases   ] GC(612)   Evacuate Collection Set: 27.9ms
[2025-12-25T02:37:31.128+0000][gc,phases   ] GC(612)   Post Evacuate Collection Set: 2.2ms
[2025-12-25T02:37:31.128+0000][gc,phases   ] GC(612)   Other: 0.3ms
[2025-12-25T02:37:31.129+0000][gc,heap     ] GC(612) Eden regions: 607->0(608)
[2025-12-25T02:37:31.129+0000][gc,heap     ] GC(612) Survivor regions: 7->6(77)
[2025-12-25T02:37:31.129+0000][gc,heap     ] GC(612) Old regions: 146->147
[2025-12-25T02:37:31.129+0000][gc,heap     ] GC(612) Humongous regions: 151->151
[2025-12-25T02:37:31.129+0000][gc,metaspace] GC(612) Metaspace: 15803K(16256K)->15803K(16256K) NonClass: 14157K(14336K)->14157K(14336K) Class: 1645K(1920K)->1645K(1920K)
[2025-12-25T02:37:31.129+0000][gc          ] GC(612) Pause Young (Normal) (G1 Evacuation Pause) 910M->302M(1024M) 37.194ms
[2025-12-25T02:37:31.129+0000][gc,cpu      ] GC(612) User=0.23s Sys=0.01s Real=0.04s
[2025-12-25T02:38:01.243+0000][gc,start    ] GC(613) Pause Young (Normal) (G1 Evacuation Pause)
[2025-12-25T02:38:01.244+0000][gc,task     ] GC(613) Using 8 workers of 8 for evacuation
[2025-12-25T02:38:01.261+0000][gc,phases   ] GC(613)   Pre Evacuate Collection Set: 1.6ms
[2025-12-25T02:38:01.261+0000][gc,phases   ] GC(613)   Merge Heap Roots: 1.2ms
[2025-12-25T02:38:01.261+0000][gc,phases   ] GC(613)   Evacuate Collection Set: 12.9ms
[2025-12-25T02:38:01.261+0000][gc,phases   ] GC(613)   Post Evacuate Collection Set: 1.5ms
[2025-12-25T02:38:01.261+0000][gc,phases   ] GC(613)   Other: 0.2ms
[2025-12-25T02:38:01.261+0000][gc,heap     ] GC(613) Eden regions: 608->0(605)
[2025-12-25T02:38:01.261+0000][gc,heap     ] GC(613) Survivor regions: 6->9(77)
[2025-12-25T02:38:01.261+0000][gc,heap     ] GC(613) Old regions: 147->147
[2025-12-25T02:38:01.262+0000][gc,heap     ] GC(613) Humongous regions: 151->151
[2025-12-25T02:38:01.262+0000][gc,metaspace] GC(613) Metaspace: 15804K(16256K)->15804K(16256K) NonClass: 14159K(14336K)->14159K(14336K) Class: 1645K(1920K)->1645K(1920K)
[2025-12-25T02:38:01.262+0000][gc          ] GC(613) Pause Young (Normal) (G1 Evacuation Pause) 910M->305M(1024M) 18.259ms
[2025-12-25T02:38:01.262+0000][gc,cpu      ] GC(613) User=0.11s Sys=0.00s Real=0.02s
[2025-12-25T02:38:40.926+0000][gc,start    ] GC(614) Pause Young (Normal) (G1 Evacuation Pause)
[2025-12-25T02:38:40.926+0000][gc,task     ] GC(614) Using 8 workers of 8 for evacuation
[2025-12-25T02:38:40.948+0000][gc,phases   ] GC(614)   Pre Evacuate Collection Set: 2.0ms
[2025-12-25T02:38:40.948+0000][gc,phases   ] GC(614)   Merge Heap Roots: 1.2ms
[2025-12-25T02:38:40.948+0000][gc,phases   ] GC(614)   Evacuate Collection Set: 16.1ms
[2025-12-25T02:38:40.948+0000][gc,phases   ] GC(614)   Post Evacuate Collection Set: 1.3ms
[2025-12-25T02:38:40.948+0000][gc,phases   ] GC(614)   Other: 0.6ms
[2025-12-25T02:38:40.948+0000][gc,heap     ] GC(614) Eden regions: 605->0(606)
[2025-12-25T02:38:40.948+0000][gc,heap     ] GC(614) Survivor regions: 9->8(77)
[2025-12-25T02:38:40.948+0000][gc,heap     ] GC(614) Old regions: 147->147
[2025-12-25T02:38:40.948+0000][gc,heap     ] GC(614) Humongous regions: 151->151
[2025-12-25T02:38:40.948+0000][gc,metaspace] GC(614) Metaspace: 15804K(16256K)->15804K(16256K) NonClass: 14159K(14336K)->14159K(14336K) Class: 1645K(1920K)->1645K(1920K)
[2025-12-25T02:38:40.948+0000][gc          ] GC(614) Pause Young (Normal) (G1 Evacuation Pause) 910M->304M(1024M) 22.383ms
[2025-12-25T02:38:40.948+0000][gc,cpu      ] GC(614) User=0.14s Sys=0.00s Real=0.02s
[2025-12-25T02:39:11.174+0000][gc,start    ] GC(615) Pause Young (Normal) (G1 Evacuation Pause)
[2025-12-25T02:39:11.174+0000][gc,task     ] GC(615) Using 8 workers of 8 for evacuation
[2025-12-25T02:39:11.197+0000][gc,phases   ] GC(615)   Pre Evacuate Collection Set: 1.1ms
[2025-12-25T02:39:11.197+0000][gc,phases   ] GC(615)   Merge Heap Roots: 0.2ms
[2025-12-25T02:39:11.198+0000][gc,phases   ] GC(615)   Evacuate Collection Set: 20.5ms
[2025-12-25T02:39:11.198+0000][gc,phases   ] GC(615)   Post Evacuate Collection Set: 1.2ms
[2025-12-25T02:39:11.198+0000][gc,phases   ] GC(615)   Other: 0.2ms
[2025-12-25T02:39:11.198+0000][gc,heap     ] GC(615) Eden regions: 606->0(605)
[2025-12-25T02:39:11.198+0000][gc,heap     ] GC(615) Survivor regions: 8->9(77)
[2025-12-25T02:39:11.198+0000][gc,heap     ] GC(615) Old regions: 147->147
[2025-12-25T02:39:11.198+0000][gc,heap     ] GC(615) Humongous regions: 151->151
[2025-12-25T02:39:11.198+0000][gc,metaspace] GC(615) Metaspace: 15804K(16256K)->15804K(16256K) NonClass: 14159K(14336K)->14159K(14336K) Class: 1645K(1920K)->1645K(1920K)
[2025-12-25T02:39:11.198+0000][gc          ] GC(615) Pause Young (Normal) (G1 Evacuation Pause) 910M->306M(1024M) 24.431ms
[2025-12-25T02:39:11.198+0000][gc,cpu      ] GC(615) User=0.17s Sys=0.01s Real=0.02s
[2025-12-25T02:39:41.529+0000][gc,start    ] GC(616) Pause Young (Normal) (G1 Evacuation Pause)
[2025-12-25T02:39:41.530+0000][gc,task     ] GC(616) Using 8 workers of 8 for evacuation
[2025-12-25T02:39:41.549+0000][gc,phases   ] GC(616)   Pre Evacuate Collection Set: 1.8ms
[2025-12-25T02:39:41.549+0000][gc,phases   ] GC(616)   Merge Heap Roots: 0.3ms
[2025-12-25T02:39:41.549+0000][gc,phases   ] GC(616)   Evacuate Collection Set: 15.3ms
[2025-12-25T02:39:41.549+0000][gc,phases   ] GC(616)   Post Evacuate Collection Set: 1.2ms
[2025-12-25T02:39:41.549+0000][gc,phases   ] GC(616)   Other: 0.3ms
[2025-12-25T02:39:41.549+0000][gc,heap     ] GC(616) Eden regions: 605->0(603)
[2025-12-25T02:39:41.549+0000][gc,heap     ] GC(616) Survivor regions: 9->11(77)
[2025-12-25T02:39:41.549+0000][gc,heap     ] GC(616) Old regions: 147->147
[2025-12-25T02:39:41.549+0000][gc,heap     ] GC(616) Humongous regions: 151->151
[2025-12-25T02:39:41.550+0000][gc,metaspace] GC(616) Metaspace: 15804K(16256K)->15804K(16256K) NonClass: 14159K(14336K)->14159K(14336K) Class: 1645K(1920K)->1645K(1920K)
[2025-12-25T02:39:41.550+0000][gc          ] GC(616) Pause Young (Normal) (G1 Evacuation Pause) 911M->308M(1024M) 20.665ms
[2025-12-25T02:39:41.550+0000][gc,cpu      ] GC(616) User=0.13s Sys=0.01s Real=0.02s
[2025-12-25T02:40:21.008+0000][gc,start    ] GC(617) Pause Young (Normal) (G1 Evacuation Pause)
[2025-12-25T02:40:21.013+0000][gc,task     ] GC(617) Using 8 workers of 8 for evacuation
[2025-12-25T02:40:21.035+0000][gc,phases   ] GC(617)   Pre Evacuate Collection Set: 1.7ms
[2025-12-25T02:40:21.035+0000][gc,phases   ] GC(617)   Merge Heap Roots: 0.4ms
[2025-12-25T02:40:21.035+0000][gc,phases   ] GC(617)   Evacuate Collection Set: 18.3ms
[2025-12-25T02:40:21.035+0000][gc,phases   ] GC(617)   Post Evacuate Collection Set: 1.2ms
[2025-12-25T02:40:21.036+0000][gc,phases   ] GC(617)   Other: 0.3ms
[2025-12-25T02:40:21.036+0000][gc,heap     ] GC(617) Eden regions: 603->0(609)
[2025-12-25T02:40:21.036+0000][gc,heap     ] GC(617) Survivor regions: 11->5(77)
[2025-12-25T02:40:21.036+0000][gc,heap     ] GC(617) Old regions: 147->148
[2025-12-25T02:40:21.036+0000][gc,heap     ] GC(617) Humongous regions: 151->151
[2025-12-25T02:40:21.036+0000][gc,metaspace] GC(617) Metaspace: 15805K(16256K)->15805K(16256K) NonClass: 14160K(14336K)->14160K(14336K) Class: 1645K(1920K)->1645K(1920K)
[2025-12-25T02:40:21.036+0000][gc          ] GC(617) Pause Young (Normal) (G1 Evacuation Pause) 911M->303M(1024M) 27.474ms
[2025-12-25T02:40:21.036+0000][gc,cpu      ] GC(617) User=0.14s Sys=0.01s Real=0.03s
[2025-12-25T02:40:51.522+0000][gc,start    ] GC(618) Pause Young (Normal) (G1 Evacuation Pause)
[2025-12-25T02:40:51.523+0000][gc,task     ] GC(618) Using 8 workers of 8 for evacuation
[2025-12-25T02:40:51.542+0000][gc,phases   ] GC(618)   Pre Evacuate Collection Set: 1.1ms
[2025-12-25T02:40:51.542+0000][gc,phases   ] GC(618)   Merge Heap Roots: 0.3ms
[2025-12-25T02:40:51.542+0000][gc,phases   ] GC(618)   Evacuate Collection Set: 15.7ms
[2025-12-25T02:40:51.542+0000][gc,phases   ] GC(618)   Post Evacuate Collection Set: 1.2ms
[2025-12-25T02:40:51.542+0000][gc,phases   ] GC(618)   Other: 0.3ms
[2025-12-25T02:40:51.542+0000][gc,heap     ] GC(618) Eden regions: 609->0(607)
[2025-12-25T02:40:51.542+0000][gc,heap     ] GC(618) Survivor regions: 5->7(77)
[2025-12-25T02:40:51.542+0000][gc,heap     ] GC(618) Old regions: 148->148
[2025-12-25T02:40:51.542+0000][gc,heap     ] GC(618) Humongous regions: 151->151
[2025-12-25T02:40:51.542+0000][gc,metaspace] GC(618) Metaspace: 15805K(16256K)->15805K(16256K) NonClass: 14160K(14336K)->14160K(14336K) Class: 1645K(1920K)->1645K(1920K)
[2025-12-25T02:40:51.542+0000][gc          ] GC(618) Pause Young (Normal) (G1 Evacuation Pause) 912M->305M(1024M) 19.997ms
[2025-12-25T02:40:51.542+0000][gc,cpu      ] GC(618) User=0.13s Sys=0.00s Real=0.02s
[2025-12-25T02:41:30.990+0000][gc,start    ] GC(619) Pause Young (Normal) (G1 Evacuation Pause)
[2025-12-25T02:41:30.991+0000][gc,task     ] GC(619) Using 8 workers of 8 for evacuation
[2025-12-25T02:41:31.007+0000][gc,phases   ] GC(619)   Pre Evacuate Collection Set: 1.3ms
[2025-12-25T02:41:31.007+0000][gc,phases   ] GC(619)   Merge Heap Roots: 1.4ms
[2025-12-25T02:41:31.007+0000][gc,phases   ] GC(619)   Evacuate Collection Set: 11.6ms
[2025-12-25T02:41:31.007+0000][gc,phases   ] GC(619)   Post Evacuate Collection Set: 1.5ms
[2025-12-25T02:41:31.008+0000][gc,phases   ] GC(619)   Other: 0.3ms
[2025-12-25T02:41:31.008+0000][gc,heap     ] GC(619) Eden regions: 607->0(608)
[2025-12-25T02:41:31.008+0000][gc,heap     ] GC(619) Survivor regions: 7->6(77)
[2025-12-25T02:41:31.008+0000][gc,heap     ] GC(619) Old regions: 148->148
[2025-12-25T02:41:31.008+0000][gc,heap     ] GC(619) Humongous regions: 151->151
[2025-12-25T02:41:31.008+0000][gc,metaspace] GC(619) Metaspace: 15805K(16256K)->15805K(16256K) NonClass: 14160K(14336K)->14160K(14336K) Class: 1645K(1920K)->1645K(1920K)
[2025-12-25T02:41:31.008+0000][gc          ] GC(619) Pause Young (Normal) (G1 Evacuation Pause) 912M->304M(1024M) 17.533ms
[2025-12-25T02:41:31.008+0000][gc,cpu      ] GC(619) User=0.09s Sys=0.01s Real=0.02s
[2025-12-25T02:42:01.133+0000][gc,start    ] GC(620) Pause Young (Normal) (G1 Evacuation Pause)
[2025-12-25T02:42:01.133+0000][gc,task     ] GC(620) Using 8 workers of 8 for evacuation
[2025-12-25T02:42:01.152+0000][gc,phases   ] GC(620)   Pre Evacuate Collection Set: 1.1ms
[2025-12-25T02:42:01.153+0000][gc,phases   ] GC(620)   Merge Heap Roots: 0.5ms
[2025-12-25T02:42:01.153+0000][gc,phases   ] GC(620)   Evacuate Collection Set: 16.3ms
[2025-12-25T02:42:01.153+0000][gc,phases   ] GC(620)   Post Evacuate Collection Set: 1.1ms
[2025-12-25T02:42:01.153+0000][gc,phases   ] GC(620)   Other: 0.2ms
[2025-12-25T02:42:01.153+0000][gc,heap     ] GC(620) Eden regions: 608->0(606)
[2025-12-25T02:42:01.153+0000][gc,heap     ] GC(620) Survivor regions: 6->8(77)
[2025-12-25T02:42:01.153+0000][gc,heap     ] GC(620) Old regions: 148->148
[2025-12-25T02:42:01.153+0000][gc,heap     ] GC(620) Humongous regions: 151->151
[2025-12-25T02:42:01.153+0000][gc,metaspace] GC(620) Metaspace: 15805K(16256K)->15805K(16256K) NonClass: 14160K(14336K)->14160K(14336K) Class: 1645K(1920K)->1645K(1920K)
[2025-12-25T02:42:01.153+0000][gc          ] GC(620) Pause Young (Normal) (G1 Evacuation Pause) 912M->306M(1024M) 20.024ms
[2025-12-25T02:42:01.153+0000][gc,cpu      ] GC(620) User=0.14s Sys=0.00s Real=0.02s
[2025-12-25T02:42:40.840+0000][gc,start    ] GC(621) Pause Young (Normal) (G1 Evacuation Pause)
[2025-12-25T02:42:40.841+0000][gc,task     ] GC(621) Using 8 workers of 8 for evacuation
[2025-12-25T02:42:40.873+0000][gc,phases   ] GC(621)   Pre Evacuate Collection Set: 1.5ms
[2025-12-25T02:42:40.873+0000][gc,phases   ] GC(621)   Merge Heap Roots: 0.3ms
[2025-12-25T02:42:40.873+0000][gc,phases   ] GC(621)   Evacuate Collection Set: 28.3ms
[2025-12-25T02:42:40.873+0000][gc,phases   ] GC(621)   Post Evacuate Collection Set: 2.1ms
[2025-12-25T02:42:40.873+0000][gc,phases   ] GC(621)   Other: 0.2ms
[2025-12-25T02:42:40.873+0000][gc,heap     ] GC(621) Eden regions: 606->0(607)
[2025-12-25T02:42:40.874+0000][gc,heap     ] GC(621) Survivor regions: 8->7(77)
[2025-12-25T02:42:40.874+0000][gc,heap     ] GC(621) Old regions: 148->149
[2025-12-25T02:42:40.874+0000][gc,heap     ] GC(621) Humongous regions: 151->151
[2025-12-25T02:42:40.874+0000][gc,metaspace] GC(621) Metaspace: 15805K(16256K)->15805K(16256K) NonClass: 14160K(14336K)->14160K(14336K) Class: 1645K(1920K)->1645K(1920K)
[2025-12-25T02:42:40.874+0000][gc          ] GC(621) Pause Young (Normal) (G1 Evacuation Pause) 912M->305M(1024M) 34.114ms
[2025-12-25T02:42:40.874+0000][gc,cpu      ] GC(621) User=0.20s Sys=0.01s Real=0.03s
[2025-12-25T02:43:11.100+0000][gc,start    ] GC(622) Pause Young (Normal) (G1 Evacuation Pause)
[2025-12-25T02:43:11.103+0000][gc,task     ] GC(622) Using 8 workers of 8 for evacuation
[2025-12-25T02:43:11.122+0000][gc,phases   ] GC(622)   Pre Evacuate Collection Set: 3.4ms
[2025-12-25T02:43:11.122+0000][gc,phases   ] GC(622)   Merge Heap Roots: 1.3ms
[2025-12-25T02:43:11.122+0000][gc,phases   ] GC(622)   Evacuate Collection Set: 11.7ms
[2025-12-25T02:43:11.122+0000][gc,phases   ] GC(622)   Post Evacuate Collection Set: 1.4ms
[2025-12-25T02:43:11.122+0000][gc,phases   ] GC(622)   Other: 1.2ms
[2025-12-25T02:43:11.122+0000][gc,heap     ] GC(622) Eden regions: 607->0(605)
[2025-12-25T02:43:11.122+0000][gc,heap     ] GC(622) Survivor regions: 7->9(77)
[2025-12-25T02:43:11.122+0000][gc,heap     ] GC(622) Old regions: 149->149
[2025-12-25T02:43:11.122+0000][gc,heap     ] GC(622) Humongous regions: 151->151
[2025-12-25T02:43:11.122+0000][gc,metaspace] GC(622) Metaspace: 15805K(16256K)->15805K(16256K) NonClass: 14160K(14336K)->14160K(14336K) Class: 1645K(1920K)->1645K(1920K)
[2025-12-25T02:43:11.123+0000][gc          ] GC(622) Pause Young (Normal) (G1 Evacuation Pause) 912M->307M(1024M) 22.220ms
[2025-12-25T02:43:11.123+0000][gc,cpu      ] GC(622) User=0.11s Sys=0.00s Real=0.02s
[2025-12-25T02:43:41.528+0000][gc,start    ] GC(623) Pause Young (Normal) (G1 Evacuation Pause)
[2025-12-25T02:43:41.530+0000][gc,task     ] GC(623) Using 8 workers of 8 for evacuation
[2025-12-25T02:43:41.546+0000][gc,phases   ] GC(623)   Pre Evacuate Collection Set: 2.9ms
[2025-12-25T02:43:41.546+0000][gc,phases   ] GC(623)   Merge Heap Roots: 0.3ms
[2025-12-25T02:43:41.546+0000][gc,phases   ] GC(623)   Evacuate Collection Set: 9.4ms
[2025-12-25T02:43:41.546+0000][gc,phases   ] GC(623)   Post Evacuate Collection Set: 3.5ms
[2025-12-25T02:43:41.546+0000][gc,phases   ] GC(623)   Other: 0.2ms
[2025-12-25T02:43:41.546+0000][gc,heap     ] GC(623) Eden regions: 605->0(604)
[2025-12-25T02:43:41.546+0000][gc,heap     ] GC(623) Survivor regions: 9->10(77)
[2025-12-25T02:43:41.546+0000][gc,heap     ] GC(623) Old regions: 149->149
[2025-12-25T02:43:41.546+0000][gc,heap     ] GC(623) Humongous regions: 151->151
[2025-12-25T02:43:41.546+0000][gc,metaspace] GC(623) Metaspace: 15805K(16256K)->15805K(16256K) NonClass: 14160K(14336K)->14160K(14336K) Class: 1645K(1920K)->1645K(1920K)
[2025-12-25T02:43:41.547+0000][gc          ] GC(623) Pause Young (Normal) (G1 Evacuation Pause) 912M->309M(1024M) 18.456ms
[2025-12-25T02:43:41.547+0000][gc,cpu      ] GC(623) User=0.09s Sys=0.00s Real=0.02s
[2025-12-25T02:44:20.991+0000][gc,start    ] GC(624) Pause Young (Normal) (G1 Evacuation Pause)
[2025-12-25T02:44:20.992+0000][gc,task     ] GC(624) Using 8 workers of 8 for evacuation
[2025-12-25T02:44:21.015+0000][gc,phases   ] GC(624)   Pre Evacuate Collection Set: 1.9ms
[2025-12-25T02:44:21.015+0000][gc,phases   ] GC(624)   Merge Heap Roots: 0.4ms
[2025-12-25T02:44:21.015+0000][gc,phases   ] GC(624)   Evacuate Collection Set: 18.1ms
[2025-12-25T02:44:21.015+0000][gc,phases   ] GC(624)   Post Evacuate Collection Set: 2.0ms
[2025-12-25T02:44:21.016+0000][gc,phases   ] GC(624)   Other: 0.5ms
[2025-12-25T02:44:21.016+0000][gc,heap     ] GC(624) Eden regions: 604->0(604)
[2025-12-25T02:44:21.016+0000][gc,heap     ] GC(624) Survivor regions: 10->10(77)
[2025-12-25T02:44:21.016+0000][gc,heap     ] GC(624) Old regions: 149->149
[2025-12-25T02:44:21.016+0000][gc,heap     ] GC(624) Humongous regions: 151->151
[2025-12-25T02:44:21.016+0000][gc,metaspace] GC(624) Metaspace: 15806K(16256K)->15806K(16256K) NonClass: 14161K(14336K)->14161K(14336K) Class: 1645K(1920K)->1645K(1920K)
[2025-12-25T02:44:21.016+0000][gc          ] GC(624) Pause Young (Normal) (G1 Evacuation Pause) 913M->309M(1024M) 24.850ms
[2025-12-25T02:44:21.016+0000][gc,cpu      ] GC(624) User=0.11s Sys=0.00s Real=0.03s
[2025-12-25T02:44:51.226+0000][gc,start    ] GC(625) Pause Young (Normal) (G1 Evacuation Pause)
[2025-12-25T02:44:51.227+0000][gc,task     ] GC(625) Using 8 workers of 8 for evacuation
[2025-12-25T02:44:51.246+0000][gc,phases   ] GC(625)   Pre Evacuate Collection Set: 1.1ms
[2025-12-25T02:44:51.246+0000][gc,phases   ] GC(625)   Merge Heap Roots: 0.2ms
[2025-12-25T02:44:51.246+0000][gc,phases   ] GC(625)   Evacuate Collection Set: 16.3ms
[2025-12-25T02:44:51.246+0000][gc,phases   ] GC(625)   Post Evacuate Collection Set: 1.2ms
[2025-12-25T02:44:51.246+0000][gc,phases   ] GC(625)   Other: 0.2ms
[2025-12-25T02:44:51.246+0000][gc,heap     ] GC(625) Eden regions: 604->0(607)
[2025-12-25T02:44:51.246+0000][gc,heap     ] GC(625) Survivor regions: 10->7(77)
[2025-12-25T02:44:51.246+0000][gc,heap     ] GC(625) Old regions: 149->150
[2025-12-25T02:44:51.246+0000][gc,heap     ] GC(625) Humongous regions: 151->151
[2025-12-25T02:44:51.246+0000][gc,metaspace] GC(625) Metaspace: 15806K(16256K)->15806K(16256K) NonClass: 14161K(14336K)->14161K(14336K) Class: 1645K(1920K)->1645K(1920K)
[2025-12-25T02:44:51.246+0000][gc          ] GC(625) Pause Young (Normal) (G1 Evacuation Pause) 913M->306M(1024M) 20.236ms
[2025-12-25T02:44:51.246+0000][gc,cpu      ] GC(625) User=0.13s Sys=0.00s Real=0.02s
[2025-12-25T02:45:30.911+0000][gc,start    ] GC(626) Pause Young (Normal) (G1 Evacuation Pause)
[2025-12-25T02:45:30.911+0000][gc,task     ] GC(626) Using 8 workers of 8 for evacuation
[2025-12-25T02:45:30.927+0000][gc,phases   ] GC(626)   Pre Evacuate Collection Set: 1.3ms
[2025-12-25T02:45:30.928+0000][gc,phases   ] GC(626)   Merge Heap Roots: 0.3ms
[2025-12-25T02:45:30.928+0000][gc,phases   ] GC(626)   Evacuate Collection Set: 12.6ms
[2025-12-25T02:45:30.928+0000][gc,phases   ] GC(626)   Post Evacuate Collection Set: 1.9ms
[2025-12-25T02:45:30.928+0000][gc,phases   ] GC(626)   Other: 0.2ms
[2025-12-25T02:45:30.928+0000][gc,heap     ] GC(626) Eden regions: 607->0(608)
[2025-12-25T02:45:30.928+0000][gc,heap     ] GC(626) Survivor regions: 7->6(77)
[2025-12-25T02:45:30.928+0000][gc,heap     ] GC(626) Old regions: 150->150
[2025-12-25T02:45:30.928+0000][gc,heap     ] GC(626) Humongous regions: 151->151
[2025-12-25T02:45:30.928+0000][gc,metaspace] GC(626) Metaspace: 15806K(16256K)->15806K(16256K) NonClass: 14161K(14336K)->14161K(14336K) Class: 1645K(1920K)->1645K(1920K)
[2025-12-25T02:45:30.928+0000][gc          ] GC(626) Pause Young (Normal) (G1 Evacuation Pause) 913M->305M(1024M) 17.629ms
[2025-12-25T02:45:30.928+0000][gc,cpu      ] GC(626) User=0.11s Sys=0.00s Real=0.02s
[2025-12-25T02:46:01.199+0000][gc,start    ] GC(627) Pause Young (Normal) (G1 Evacuation Pause)
[2025-12-25T02:46:01.199+0000][gc,task     ] GC(627) Using 8 workers of 8 for evacuation
[2025-12-25T02:46:01.218+0000][gc,phases   ] GC(627)   Pre Evacuate Collection Set: 1.3ms
[2025-12-25T02:46:01.218+0000][gc,phases   ] GC(627)   Merge Heap Roots: 0.3ms
[2025-12-25T02:46:01.218+0000][gc,phases   ] GC(627)   Evacuate Collection Set: 16.4ms
[2025-12-25T02:46:01.219+0000][gc,phases   ] GC(627)   Post Evacuate Collection Set: 1.2ms
[2025-12-25T02:46:01.219+0000][gc,phases   ] GC(627)   Other: 0.2ms
[2025-12-25T02:46:01.219+0000][gc,heap     ] GC(627) Eden regions: 608->0(606)
[2025-12-25T02:46:01.219+0000][gc,heap     ] GC(627) Survivor regions: 6->8(77)
[2025-12-25T02:46:01.219+0000][gc,heap     ] GC(627) Old regions: 150->150
[2025-12-25T02:46:01.219+0000][gc,heap     ] GC(627) Humongous regions: 151->151
[2025-12-25T02:46:01.219+0000][gc,metaspace] GC(627) Metaspace: 15806K(16256K)->15806K(16256K) NonClass: 14161K(14336K)->14161K(14336K) Class: 1645K(1920K)->1645K(1920K)
[2025-12-25T02:46:01.219+0000][gc          ] GC(627) Pause Young (Normal) (G1 Evacuation Pause) 913M->307M(1024M) 20.348ms
[2025-12-25T02:46:01.219+0000][gc,cpu      ] GC(627) User=0.14s Sys=0.00s Real=0.02s
[2025-12-25T02:46:42.630+0000][gc,start    ] GC(628) Pause Young (Normal) (G1 Evacuation Pause)
[2025-12-25T02:46:42.632+0000][gc,task     ] GC(628) Using 8 workers of 8 for evacuation
[2025-12-25T02:46:42.670+0000][gc,phases   ] GC(628)   Pre Evacuate Collection Set: 2.4ms
[2025-12-25T02:46:42.670+0000][gc,phases   ] GC(628)   Merge Heap Roots: 0.5ms
[2025-12-25T02:46:42.670+0000][gc,phases   ] GC(628)   Evacuate Collection Set: 32.9ms
[2025-12-25T02:46:42.670+0000][gc,phases   ] GC(628)   Post Evacuate Collection Set: 1.9ms
[2025-12-25T02:46:42.670+0000][gc,phases   ] GC(628)   Other: 0.5ms
[2025-12-25T02:46:42.671+0000][gc,heap     ] GC(628) Eden regions: 606->0(607)
[2025-12-25T02:46:42.671+0000][gc,heap     ] GC(628) Survivor regions: 8->7(77)
[2025-12-25T02:46:42.671+0000][gc,heap     ] GC(628) Old regions: 150->150
[2025-12-25T02:46:42.671+0000][gc,heap     ] GC(628) Humongous regions: 151->151
[2025-12-25T02:46:42.671+0000][gc,metaspace] GC(628) Metaspace: 15806K(16256K)->15806K(16256K) NonClass: 14161K(14336K)->14161K(14336K) Class: 1645K(1920K)->1645K(1920K)
[2025-12-25T02:46:42.672+0000][gc          ] GC(628) Pause Young (Normal) (G1 Evacuation Pause) 913M->307M(1024M) 41.581ms
[2025-12-25T02:46:42.672+0000][gc,cpu      ] GC(628) User=0.16s Sys=0.01s Real=0.04s
[2025-12-25T02:47:11.071+0000][gc,start    ] GC(629) Pause Young (Normal) (G1 Evacuation Pause)
[2025-12-25T02:47:11.071+0000][gc,task     ] GC(629) Using 8 workers of 8 for evacuation
[2025-12-25T02:47:11.086+0000][gc,phases   ] GC(629)   Pre Evacuate Collection Set: 1.1ms
[2025-12-25T02:47:11.086+0000][gc,phases   ] GC(629)   Merge Heap Roots: 0.3ms
[2025-12-25T02:47:11.087+0000][gc,phases   ] GC(629)   Evacuate Collection Set: 9.9ms
[2025-12-25T02:47:11.087+0000][gc,phases   ] GC(629)   Post Evacuate Collection Set: 3.7ms
[2025-12-25T02:47:11.087+0000][gc,phases   ] GC(629)   Other: 0.2ms
[2025-12-25T02:47:11.087+0000][gc,heap     ] GC(629) Eden regions: 607->0(605)
[2025-12-25T02:47:11.087+0000][gc,heap     ] GC(629) Survivor regions: 7->9(77)
[2025-12-25T02:47:11.087+0000][gc,heap     ] GC(629) Old regions: 150->151
[2025-12-25T02:47:11.087+0000][gc,heap     ] GC(629) Humongous regions: 151->151
[2025-12-25T02:47:11.087+0000][gc,metaspace] GC(629) Metaspace: 15806K(16256K)->15806K(16256K) NonClass: 14161K(14336K)->14161K(14336K) Class: 1645K(1920K)->1645K(1920K)
[2025-12-25T02:47:11.087+0000][gc          ] GC(629) Pause Young (Normal) (G1 Evacuation Pause) 914M->309M(1024M) 16.442ms
[2025-12-25T02:47:11.087+0000][gc,cpu      ] GC(629) User=0.09s Sys=0.01s Real=0.02s
[2025-12-25T02:47:41.329+0000][gc,start    ] GC(630) Pause Young (Normal) (G1 Evacuation Pause)
[2025-12-25T02:47:41.329+0000][gc,task     ] GC(630) Using 8 workers of 8 for evacuation
[2025-12-25T02:47:41.344+0000][gc,phases   ] GC(630)   Pre Evacuate Collection Set: 1.1ms
[2025-12-25T02:47:41.344+0000][gc,phases   ] GC(630)   Merge Heap Roots: 0.3ms
[2025-12-25T02:47:41.344+0000][gc,phases   ] GC(630)   Evacuate Collection Set: 12.1ms
[2025-12-25T02:47:41.344+0000][gc,phases   ] GC(630)   Post Evacuate Collection Set: 1.1ms
[2025-12-25T02:47:41.344+0000][gc,phases   ] GC(630)   Other: 0.2ms
[2025-12-25T02:47:41.344+0000][gc,heap     ] GC(630) Eden regions: 605->0(604)
[2025-12-25T02:47:41.345+0000][gc,heap     ] GC(630) Survivor regions: 9->10(77)
[2025-12-25T02:47:41.345+0000][gc,heap     ] GC(630) Old regions: 151->151
[2025-12-25T02:47:41.345+0000][gc,heap     ] GC(630) Humongous regions: 151->151
[2025-12-25T02:47:41.345+0000][gc,metaspace] GC(630) Metaspace: 15806K(16256K)->15806K(16256K) NonClass: 14161K(14336K)->14161K(14336K) Class: 1645K(1920K)->1645K(1920K)
[2025-12-25T02:47:41.345+0000][gc          ] GC(630) Pause Young (Normal) (G1 Evacuation Pause) 914M->310M(1024M) 16.072ms
[2025-12-25T02:47:41.345+0000][gc,cpu      ] GC(630) User=0.10s Sys=0.00s Real=0.02s
[2025-12-25T02:48:20.981+0000][gc,start    ] GC(631) Pause Young (Normal) (G1 Evacuation Pause)
[2025-12-25T02:48:20.982+0000][gc,task     ] GC(631) Using 8 workers of 8 for evacuation
[2025-12-25T02:48:21.007+0000][gc,phases   ] GC(631)   Pre Evacuate Collection Set: 1.2ms
[2025-12-25T02:48:21.008+0000][gc,phases   ] GC(631)   Merge Heap Roots: 0.3ms
[2025-12-25T02:48:21.008+0000][gc,phases   ] GC(631)   Evacuate Collection Set: 22.8ms
[2025-12-25T02:48:21.008+0000][gc,phases   ] GC(631)   Post Evacuate Collection Set: 1.1ms
[2025-12-25T02:48:21.008+0000][gc,phases   ] GC(631)   Other: 0.2ms
[2025-12-25T02:48:21.008+0000][gc,heap     ] GC(631) Eden regions: 604->0(604)
[2025-12-25T02:48:21.008+0000][gc,heap     ] GC(631) Survivor regions: 10->10(77)
[2025-12-25T02:48:21.008+0000][gc,heap     ] GC(631) Old regions: 151->151
[2025-12-25T02:48:21.008+0000][gc,heap     ] GC(631) Humongous regions: 151->151
[2025-12-25T02:48:21.008+0000][gc,metaspace] GC(631) Metaspace: 15806K(16256K)->15806K(16256K) NonClass: 14161K(14336K)->14161K(14336K) Class: 1645K(1920K)->1645K(1920K)
[2025-12-25T02:48:21.008+0000][gc          ] GC(631) Pause Young (Normal) (G1 Evacuation Pause) 914M->311M(1024M) 26.758ms
[2025-12-25T02:48:21.008+0000][gc,cpu      ] GC(631) User=0.18s Sys=0.01s Real=0.02s
[2025-12-25T02:48:51.384+0000][gc,start    ] GC(632) Pause Young (Normal) (G1 Evacuation Pause)
[2025-12-25T02:48:51.384+0000][gc,task     ] GC(632) Using 8 workers of 8 for evacuation
[2025-12-25T02:48:51.406+0000][gc,phases   ] GC(632)   Pre Evacuate Collection Set: 1.1ms
[2025-12-25T02:48:51.406+0000][gc,phases   ] GC(632)   Merge Heap Roots: 0.3ms
[2025-12-25T02:48:51.406+0000][gc,phases   ] GC(632)   Evacuate Collection Set: 18.6ms
[2025-12-25T02:48:51.406+0000][gc,phases   ] GC(632)   Post Evacuate Collection Set: 1.1ms
[2025-12-25T02:48:51.406+0000][gc,phases   ] GC(632)   Other: 0.3ms
[2025-12-25T02:48:51.406+0000][gc,heap     ] GC(632) Eden regions: 604->0(606)
[2025-12-25T02:48:51.406+0000][gc,heap     ] GC(632) Survivor regions: 10->8(77)
[2025-12-25T02:48:51.406+0000][gc,heap     ] GC(632) Old regions: 151->151
[2025-12-25T02:48:51.406+0000][gc,heap     ] GC(632) Humongous regions: 151->151
[2025-12-25T02:48:51.406+0000][gc,metaspace] GC(632) Metaspace: 15812K(16256K)->15812K(16256K) NonClass: 14167K(14336K)->14167K(14336K) Class: 1645K(1920K)->1645K(1920K)
[2025-12-25T02:48:51.406+0000][gc          ] GC(632) Pause Young (Normal) (G1 Evacuation Pause) 915M->309M(1024M) 22.515ms
[2025-12-25T02:48:51.406+0000][gc,cpu      ] GC(632) User=0.16s Sys=0.00s Real=0.02s
[2025-12-25T02:49:30.875+0000][gc,start    ] GC(633) Pause Young (Normal) (G1 Evacuation Pause)
[2025-12-25T02:49:30.876+0000][gc,task     ] GC(633) Using 8 workers of 8 for evacuation
[2025-12-25T02:49:30.893+0000][gc,phases   ] GC(633)   Pre Evacuate Collection Set: 1.1ms
[2025-12-25T02:49:30.893+0000][gc,phases   ] GC(633)   Merge Heap Roots: 0.3ms
[2025-12-25T02:49:30.893+0000][gc,phases   ] GC(633)   Evacuate Collection Set: 14.6ms
[2025-12-25T02:49:30.893+0000][gc,phases   ] GC(633)   Post Evacuate Collection Set: 1.1ms
[2025-12-25T02:49:30.893+0000][gc,phases   ] GC(633)   Other: 0.2ms
[2025-12-25T02:49:30.893+0000][gc,heap     ] GC(633) Eden regions: 606->0(607)
[2025-12-25T02:49:30.893+0000][gc,heap     ] GC(633) Survivor regions: 8->7(77)
[2025-12-25T02:49:30.894+0000][gc,heap     ] GC(633) Old regions: 151->151
[2025-12-25T02:49:30.894+0000][gc,heap     ] GC(633) Humongous regions: 151->151
[2025-12-25T02:49:30.894+0000][gc,metaspace] GC(633) Metaspace: 15812K(16256K)->15812K(16256K) NonClass: 14167K(14336K)->14167K(14336K) Class: 1645K(1920K)->1645K(1920K)
[2025-12-25T02:49:30.894+0000][gc          ] GC(633) Pause Young (Normal) (G1 Evacuation Pause) 915M->308M(1024M) 18.443ms
[2025-12-25T02:49:30.894+0000][gc,cpu      ] GC(633) User=0.12s Sys=0.00s Real=0.02s
[2025-12-25T02:50:01.260+0000][gc,start    ] GC(634) Pause Young (Normal) (G1 Evacuation Pause)
[2025-12-25T02:50:01.261+0000][gc,task     ] GC(634) Using 8 workers of 8 for evacuation
[2025-12-25T02:50:01.273+0000][gc,phases   ] GC(634)   Pre Evacuate Collection Set: 1.3ms
[2025-12-25T02:50:01.273+0000][gc,phases   ] GC(634)   Merge Heap Roots: 0.5ms
[2025-12-25T02:50:01.273+0000][gc,phases   ] GC(634)   Evacuate Collection Set: 8.7ms
[2025-12-25T02:50:01.273+0000][gc,phases   ] GC(634)   Post Evacuate Collection Set: 1.4ms
[2025-12-25T02:50:01.273+0000][gc,phases   ] GC(634)   Other: 0.4ms
[2025-12-25T02:50:01.273+0000][gc,heap     ] GC(634) Eden regions: 607->0(605)
[2025-12-25T02:50:01.273+0000][gc,heap     ] GC(634) Survivor regions: 7->9(77)
[2025-12-25T02:50:01.273+0000][gc,heap     ] GC(634) Old regions: 151->152
[2025-12-25T02:50:01.273+0000][gc,heap     ] GC(634) Humongous regions: 151->151
[2025-12-25T02:50:01.273+0000][gc,metaspace] GC(634) Metaspace: 15817K(16256K)->15817K(16256K) NonClass: 14172K(14336K)->14172K(14336K) Class: 1645K(1920K)->1645K(1920K)
[2025-12-25T02:50:01.273+0000][gc          ] GC(634) Pause Young (Normal) (G1 Evacuation Pause) 915M->310M(1024M) 13.207ms
[2025-12-25T02:50:01.273+0000][gc,cpu      ] GC(634) User=0.07s Sys=0.00s Real=0.01s
[2025-12-25T02:50:40.808+0000][gc,start    ] GC(635) Pause Young (Normal) (G1 Evacuation Pause)
[2025-12-25T02:50:40.809+0000][gc,task     ] GC(635) Using 8 workers of 8 for evacuation
[2025-12-25T02:50:40.834+0000][gc,phases   ] GC(635)   Pre Evacuate Collection Set: 1.2ms
[2025-12-25T02:50:40.834+0000][gc,phases   ] GC(635)   Merge Heap Roots: 1.6ms
[2025-12-25T02:50:40.835+0000][gc,phases   ] GC(635)   Evacuate Collection Set: 19.3ms
[2025-12-25T02:50:40.835+0000][gc,phases   ] GC(635)   Post Evacuate Collection Set: 3.2ms
[2025-12-25T02:50:40.835+0000][gc,phases   ] GC(635)   Other: 0.2ms
[2025-12-25T02:50:40.835+0000][gc,heap     ] GC(635) Eden regions: 605->0(607)
[2025-12-25T02:50:40.835+0000][gc,heap     ] GC(635) Survivor regions: 9->7(77)
[2025-12-25T02:50:40.835+0000][gc,heap     ] GC(635) Old regions: 152->152
[2025-12-25T02:50:40.835+0000][gc,heap     ] GC(635) Humongous regions: 151->151
[2025-12-25T02:50:40.835+0000][gc,metaspace] GC(635) Metaspace: 15817K(16256K)->15817K(16256K) NonClass: 14172K(14336K)->14172K(14336K) Class: 1645K(1920K)->1645K(1920K)
[2025-12-25T02:50:40.835+0000][gc          ] GC(635) Pause Young (Normal) (G1 Evacuation Pause) 915M->309M(1024M) 26.843ms
[2025-12-25T02:50:40.835+0000][gc,cpu      ] GC(635) User=0.17s Sys=0.00s Real=0.03s
[2025-12-25T02:51:11.032+0000][gc,start    ] GC(636) Pause Young (Normal) (G1 Evacuation Pause)
[2025-12-25T02:51:11.033+0000][gc,task     ] GC(636) Using 8 workers of 8 for evacuation
[2025-12-25T02:51:11.055+0000][gc,phases   ] GC(636)   Pre Evacuate Collection Set: 1.0ms
[2025-12-25T02:51:11.055+0000][gc,phases   ] GC(636)   Merge Heap Roots: 0.3ms
[2025-12-25T02:51:11.055+0000][gc,phases   ] GC(636)   Evacuate Collection Set: 20.1ms
[2025-12-25T02:51:11.055+0000][gc,phases   ] GC(636)   Post Evacuate Collection Set: 1.0ms
[2025-12-25T02:51:11.055+0000][gc,phases   ] GC(636)   Other: 0.2ms
[2025-12-25T02:51:11.056+0000][gc,heap     ] GC(636) Eden regions: 607->0(604)
[2025-12-25T02:51:11.056+0000][gc,heap     ] GC(636) Survivor regions: 7->10(77)
[2025-12-25T02:51:11.056+0000][gc,heap     ] GC(636) Old regions: 152->152
[2025-12-25T02:51:11.056+0000][gc,heap     ] GC(636) Humongous regions: 151->151
[2025-12-25T02:51:11.056+0000][gc,metaspace] GC(636) Metaspace: 15817K(16256K)->15817K(16256K) NonClass: 14172K(14336K)->14172K(14336K) Class: 1645K(1920K)->1645K(1920K)
[2025-12-25T02:51:11.056+0000][gc          ] GC(636) Pause Young (Normal) (G1 Evacuation Pause) 916M->311M(1024M) 23.512ms
[2025-12-25T02:51:11.056+0000][gc,cpu      ] GC(636) User=0.15s Sys=0.00s Real=0.02s
[2025-12-25T02:51:41.574+0000][gc,start    ] GC(637) Pause Young (Normal) (G1 Evacuation Pause)
[2025-12-25T02:51:41.575+0000][gc,task     ] GC(637) Using 8 workers of 8 for evacuation
[2025-12-25T02:51:41.592+0000][gc,phases   ] GC(637)   Pre Evacuate Collection Set: 1.3ms
[2025-12-25T02:51:41.592+0000][gc,phases   ] GC(637)   Merge Heap Roots: 0.3ms
[2025-12-25T02:51:41.592+0000][gc,phases   ] GC(637)   Evacuate Collection Set: 14.6ms
[2025-12-25T02:51:41.593+0000][gc,phases   ] GC(637)   Post Evacuate Collection Set: 1.1ms
[2025-12-25T02:51:41.593+0000][gc,phases   ] GC(637)   Other: 0.2ms
[2025-12-25T02:51:41.593+0000][gc,heap     ] GC(637) Eden regions: 604->0(604)
[2025-12-25T02:51:41.593+0000][gc,heap     ] GC(637) Survivor regions: 10->10(77)
[2025-12-25T02:51:41.593+0000][gc,heap     ] GC(637) Old regions: 152->152
[2025-12-25T02:51:41.593+0000][gc,heap     ] GC(637) Humongous regions: 151->151
[2025-12-25T02:51:41.593+0000][gc,metaspace] GC(637) Metaspace: 15817K(16256K)->15817K(16256K) NonClass: 14172K(14336K)->14172K(14336K) Class: 1645K(1920K)->1645K(1920K)
[2025-12-25T02:51:41.593+0000][gc          ] GC(637) Pause Young (Normal) (G1 Evacuation Pause) 915M->312M(1024M) 18.565ms
[2025-12-25T02:51:41.593+0000][gc,cpu      ] GC(637) User=0.11s Sys=0.01s Real=0.02s
[2025-12-25T02:52:20.956+0000][gc,start    ] GC(638) Pause Young (Normal) (G1 Evacuation Pause)
[2025-12-25T02:52:20.957+0000][gc,task     ] GC(638) Using 8 workers of 8 for evacuation
[2025-12-25T02:52:20.979+0000][gc,phases   ] GC(638)   Pre Evacuate Collection Set: 1.1ms
[2025-12-25T02:52:20.979+0000][gc,phases   ] GC(638)   Merge Heap Roots: 0.3ms
[2025-12-25T02:52:20.979+0000][gc,phases   ] GC(638)   Evacuate Collection Set: 19.5ms
[2025-12-25T02:52:20.979+0000][gc,phases   ] GC(638)   Post Evacuate Collection Set: 1.1ms
[2025-12-25T02:52:20.979+0000][gc,phases   ] GC(638)   Other: 0.2ms
[2025-12-25T02:52:20.980+0000][gc,heap     ] GC(638) Eden regions: 604->0(604)
[2025-12-25T02:52:20.980+0000][gc,heap     ] GC(638) Survivor regions: 10->10(77)
[2025-12-25T02:52:20.980+0000][gc,heap     ] GC(638) Old regions: 152->153
[2025-12-25T02:52:20.980+0000][gc,heap     ] GC(638) Humongous regions: 151->151
[2025-12-25T02:52:20.980+0000][gc,metaspace] GC(638) Metaspace: 15817K(16256K)->15817K(16256K) NonClass: 14172K(14336K)->14172K(14336K) Class: 1645K(1920K)->1645K(1920K)
[2025-12-25T02:52:20.980+0000][gc          ] GC(638) Pause Young (Normal) (G1 Evacuation Pause) 916M->312M(1024M) 23.491ms
[2025-12-25T02:52:20.980+0000][gc,cpu      ] GC(638) User=0.15s Sys=0.01s Real=0.03s
[2025-12-25T02:52:51.178+0000][gc,start    ] GC(639) Pause Young (Normal) (G1 Evacuation Pause)
[2025-12-25T02:52:51.178+0000][gc,task     ] GC(639) Using 8 workers of 8 for evacuation
[2025-12-25T02:52:51.202+0000][gc,phases   ] GC(639)   Pre Evacuate Collection Set: 1.3ms
[2025-12-25T02:52:51.202+0000][gc,phases   ] GC(639)   Merge Heap Roots: 0.3ms
[2025-12-25T02:52:51.202+0000][gc,phases   ] GC(639)   Evacuate Collection Set: 20.4ms
[2025-12-25T02:52:51.202+0000][gc,phases   ] GC(639)   Post Evacuate Collection Set: 1.1ms
[2025-12-25T02:52:51.202+0000][gc,phases   ] GC(639)   Other: 0.2ms
[2025-12-25T02:52:51.202+0000][gc,heap     ] GC(639) Eden regions: 604->0(603)
[2025-12-25T02:52:51.202+0000][gc,heap     ] GC(639) Survivor regions: 10->11(77)
[2025-12-25T02:52:51.202+0000][gc,heap     ] GC(639) Old regions: 153->153
[2025-12-25T02:52:51.202+0000][gc,heap     ] GC(639) Humongous regions: 151->151
[2025-12-25T02:52:51.202+0000][gc,metaspace] GC(639) Metaspace: 15817K(16256K)->15817K(16256K) NonClass: 14172K(14336K)->14172K(14336K) Class: 1645K(1920K)->1645K(1920K)
[2025-12-25T02:52:51.202+0000][gc          ] GC(639) Pause Young (Normal) (G1 Evacuation Pause) 916M->314M(1024M) 24.371ms
[2025-12-25T02:52:51.202+0000][gc,cpu      ] GC(639) User=0.15s Sys=0.01s Real=0.03s
[2025-12-25T02:53:30.880+0000][gc,start    ] GC(640) Pause Young (Normal) (G1 Evacuation Pause)
[2025-12-25T02:53:30.880+0000][gc,task     ] GC(640) Using 8 workers of 8 for evacuation
[2025-12-25T02:53:30.901+0000][gc,phases   ] GC(640)   Pre Evacuate Collection Set: 1.5ms
[2025-12-25T02:53:30.901+0000][gc,phases   ] GC(640)   Merge Heap Roots: 0.6ms
[2025-12-25T02:53:30.901+0000][gc,phases   ] GC(640)   Evacuate Collection Set: 17.1ms
[2025-12-25T02:53:30.901+0000][gc,phases   ] GC(640)   Post Evacuate Collection Set: 1.4ms
[2025-12-25T02:53:30.901+0000][gc,phases   ] GC(640)   Other: 0.3ms
[2025-12-25T02:53:30.901+0000][gc,heap     ] GC(640) Eden regions: 603->0(608)
[2025-12-25T02:53:30.901+0000][gc,heap     ] GC(640) Survivor regions: 11->6(77)
[2025-12-25T02:53:30.901+0000][gc,heap     ] GC(640) Old regions: 153->153
[2025-12-25T02:53:30.901+0000][gc,heap     ] GC(640) Humongous regions: 151->151
[2025-12-25T02:53:30.902+0000][gc,metaspace] GC(640) Metaspace: 15817K(16256K)->15817K(16256K) NonClass: 14172K(14336K)->14172K(14336K) Class: 1645K(1920K)->1645K(1920K)
[2025-12-25T02:53:30.902+0000][gc          ] GC(640) Pause Young (Normal) (G1 Evacuation Pause) 917M->308M(1024M) 21.909ms
[2025-12-25T02:53:30.902+0000][gc,cpu      ] GC(640) User=0.15s Sys=0.00s Real=0.02s
[2025-12-25T02:54:01.121+0000][gc,start    ] GC(641) Pause Young (Normal) (G1 Evacuation Pause)
[2025-12-25T02:54:01.122+0000][gc,task     ] GC(641) Using 8 workers of 8 for evacuation
[2025-12-25T02:54:01.143+0000][gc,phases   ] GC(641)   Pre Evacuate Collection Set: 4.7ms
[2025-12-25T02:54:01.143+0000][gc,phases   ] GC(641)   Merge Heap Roots: 0.9ms
[2025-12-25T02:54:01.143+0000][gc,phases   ] GC(641)   Evacuate Collection Set: 14.1ms
[2025-12-25T02:54:01.143+0000][gc,phases   ] GC(641)   Post Evacuate Collection Set: 1.0ms
[2025-12-25T02:54:01.143+0000][gc,phases   ] GC(641)   Other: 0.2ms
[2025-12-25T02:54:01.143+0000][gc,heap     ] GC(641) Eden regions: 608->0(607)
[2025-12-25T02:54:01.143+0000][gc,heap     ] GC(641) Survivor regions: 6->7(77)
[2025-12-25T02:54:01.143+0000][gc,heap     ] GC(641) Old regions: 153->153
[2025-12-25T02:54:01.143+0000][gc,heap     ] GC(641) Humongous regions: 151->151
[2025-12-25T02:54:01.143+0000][gc,metaspace] GC(641) Metaspace: 15817K(16256K)->15817K(16256K) NonClass: 14172K(14336K)->14172K(14336K) Class: 1645K(1920K)->1645K(1920K)
[2025-12-25T02:54:01.143+0000][gc          ] GC(641) Pause Young (Normal) (G1 Evacuation Pause) 916M->309M(1024M) 21.987ms
[2025-12-25T02:54:01.143+0000][gc,cpu      ] GC(641) User=0.14s Sys=0.00s Real=0.02s
[2025-12-25T02:54:40.768+0000][gc,start    ] GC(642) Pause Young (Normal) (G1 Evacuation Pause)
[2025-12-25T02:54:40.768+0000][gc,task     ] GC(642) Using 8 workers of 8 for evacuation
[2025-12-25T02:54:40.788+0000][gc,phases   ] GC(642)   Pre Evacuate Collection Set: 1.4ms
[2025-12-25T02:54:40.788+0000][gc,phases   ] GC(642)   Merge Heap Roots: 0.3ms
[2025-12-25T02:54:40.788+0000][gc,phases   ] GC(642)   Evacuate Collection Set: 16.5ms
[2025-12-25T02:54:40.788+0000][gc,phases   ] GC(642)   Post Evacuate Collection Set: 1.3ms
[2025-12-25T02:54:40.788+0000][gc,phases   ] GC(642)   Other: 0.2ms
[2025-12-25T02:54:40.788+0000][gc,heap     ] GC(642) Eden regions: 607->0(608)
[2025-12-25T02:54:40.788+0000][gc,heap     ] GC(642) Survivor regions: 7->6(77)
[2025-12-25T02:54:40.788+0000][gc,heap     ] GC(642) Old regions: 153->154
[2025-12-25T02:54:40.788+0000][gc,heap     ] GC(642) Humongous regions: 151->151
[2025-12-25T02:54:40.788+0000][gc,metaspace] GC(642) Metaspace: 15817K(16256K)->15817K(16256K) NonClass: 14172K(14336K)->14172K(14336K) Class: 1645K(1920K)->1645K(1920K)
[2025-12-25T02:54:40.788+0000][gc          ] GC(642) Pause Young (Normal) (G1 Evacuation Pause) 916M->309M(1024M) 20.780ms
[2025-12-25T02:54:40.788+0000][gc,cpu      ] GC(642) User=0.12s Sys=0.00s Real=0.02s
[2025-12-25T02:55:11.008+0000][gc,start    ] GC(643) Pause Young (Normal) (G1 Evacuation Pause)
[2025-12-25T02:55:11.009+0000][gc,task     ] GC(643) Using 8 workers of 8 for evacuation
[2025-12-25T02:55:11.027+0000][gc,phases   ] GC(643)   Pre Evacuate Collection Set: 1.2ms
[2025-12-25T02:55:11.028+0000][gc,phases   ] GC(643)   Merge Heap Roots: 0.2ms
[2025-12-25T02:55:11.028+0000][gc,phases   ] GC(643)   Evacuate Collection Set: 15.7ms
[2025-12-25T02:55:11.028+0000][gc,phases   ] GC(643)   Post Evacuate Collection Set: 1.2ms
[2025-12-25T02:55:11.028+0000][gc,phases   ] GC(643)   Other: 0.2ms
[2025-12-25T02:55:11.028+0000][gc,heap     ] GC(643) Eden regions: 608->0(607)
[2025-12-25T02:55:11.028+0000][gc,heap     ] GC(643) Survivor regions: 6->7(77)
[2025-12-25T02:55:11.028+0000][gc,heap     ] GC(643) Old regions: 154->154
[2025-12-25T02:55:11.028+0000][gc,heap     ] GC(643) Humongous regions: 151->151
[2025-12-25T02:55:11.028+0000][gc,metaspace] GC(643) Metaspace: 15817K(16256K)->15817K(16256K) NonClass: 14172K(14336K)->14172K(14336K) Class: 1645K(1920K)->1645K(1920K)
[2025-12-25T02:55:11.028+0000][gc          ] GC(643) Pause Young (Normal) (G1 Evacuation Pause) 917M->311M(1024M) 19.784ms
[2025-12-25T02:55:11.028+0000][gc,cpu      ] GC(643) User=0.14s Sys=0.00s Real=0.02s
[2025-12-25T02:55:41.269+0000][gc,start    ] GC(644) Pause Young (Normal) (G1 Evacuation Pause)
[2025-12-25T02:55:41.270+0000][gc,task     ] GC(644) Using 8 workers of 8 for evacuation
[2025-12-25T02:55:41.286+0000][gc,phases   ] GC(644)   Pre Evacuate Collection Set: 1.1ms
[2025-12-25T02:55:41.286+0000][gc,phases   ] GC(644)   Merge Heap Roots: 0.3ms
[2025-12-25T02:55:41.286+0000][gc,phases   ] GC(644)   Evacuate Collection Set: 13.0ms
[2025-12-25T02:55:41.286+0000][gc,phases   ] GC(644)   Post Evacuate Collection Set: 1.1ms
[2025-12-25T02:55:41.286+0000][gc,phases   ] GC(644)   Other: 0.2ms
[2025-12-25T02:55:41.286+0000][gc,heap     ] GC(644) Eden regions: 607->0(606)
[2025-12-25T02:55:41.286+0000][gc,heap     ] GC(644) Survivor regions: 7->8(77)
[2025-12-25T02:55:41.286+0000][gc,heap     ] GC(644) Old regions: 154->154
[2025-12-25T02:55:41.286+0000][gc,heap     ] GC(644) Humongous regions: 151->151
[2025-12-25T02:55:41.286+0000][gc,metaspace] GC(644) Metaspace: 15817K(16256K)->15817K(16256K) NonClass: 14172K(14336K)->14172K(14336K) Class: 1645K(1920K)->1645K(1920K)
[2025-12-25T02:55:41.286+0000][gc          ] GC(644) Pause Young (Normal) (G1 Evacuation Pause) 918M->312M(1024M) 16.844ms
[2025-12-25T02:55:41.286+0000][gc,cpu      ] GC(644) User=0.10s Sys=0.01s Real=0.02s
[2025-12-25T02:56:20.972+0000][gc,start    ] GC(645) Pause Young (Normal) (G1 Evacuation Pause)
[2025-12-25T02:56:20.973+0000][gc,task     ] GC(645) Using 8 workers of 8 for evacuation
[2025-12-25T02:56:20.990+0000][gc,phases   ] GC(645)   Pre Evacuate Collection Set: 1.1ms
[2025-12-25T02:56:20.991+0000][gc,phases   ] GC(645)   Merge Heap Roots: 0.3ms
[2025-12-25T02:56:20.991+0000][gc,phases   ] GC(645)   Evacuate Collection Set: 15.3ms
[2025-12-25T02:56:20.991+0000][gc,phases   ] GC(645)   Post Evacuate Collection Set: 1.1ms
[2025-12-25T02:56:20.991+0000][gc,phases   ] GC(645)   Other: 0.2ms
[2025-12-25T02:56:20.991+0000][gc,heap     ] GC(645) Eden regions: 606->0(606)
[2025-12-25T02:56:20.991+0000][gc,heap     ] GC(645) Survivor regions: 8->8(77)
[2025-12-25T02:56:20.991+0000][gc,heap     ] GC(645) Old regions: 154->154
[2025-12-25T02:56:20.991+0000][gc,heap     ] GC(645) Humongous regions: 151->151
[2025-12-25T02:56:20.991+0000][gc,metaspace] GC(645) Metaspace: 15821K(16256K)->15821K(16256K) NonClass: 14175K(14336K)->14175K(14336K) Class: 1645K(1920K)->1645K(1920K)
[2025-12-25T02:56:20.991+0000][gc          ] GC(645) Pause Young (Normal) (G1 Evacuation Pause) 918M->312M(1024M) 19.154ms
[2025-12-25T02:56:20.991+0000][gc,cpu      ] GC(645) User=0.11s Sys=0.00s Real=0.02s
[2025-12-25T02:56:51.210+0000][gc,start    ] GC(646) Pause Young (Normal) (G1 Evacuation Pause)
[2025-12-25T02:56:51.211+0000][gc,task     ] GC(646) Using 8 workers of 8 for evacuation
[2025-12-25T02:56:51.225+0000][gc,phases   ] GC(646)   Pre Evacuate Collection Set: 1.1ms
[2025-12-25T02:56:51.225+0000][gc,phases   ] GC(646)   Merge Heap Roots: 0.2ms
[2025-12-25T02:56:51.225+0000][gc,phases   ] GC(646)   Evacuate Collection Set: 11.7ms
[2025-12-25T02:56:51.225+0000][gc,phases   ] GC(646)   Post Evacuate Collection Set: 1.2ms
[2025-12-25T02:56:51.225+0000][gc,phases   ] GC(646)   Other: 0.2ms
[2025-12-25T02:56:51.226+0000][gc,heap     ] GC(646) Eden regions: 606->0(605)
[2025-12-25T02:56:51.226+0000][gc,heap     ] GC(646) Survivor regions: 8->9(77)
[2025-12-25T02:56:51.226+0000][gc,heap     ] GC(646) Old regions: 154->154
[2025-12-25T02:56:51.226+0000][gc,heap     ] GC(646) Humongous regions: 151->151
[2025-12-25T02:56:51.226+0000][gc,metaspace] GC(646) Metaspace: 15821K(16256K)->15821K(16256K) NonClass: 14175K(14336K)->14175K(14336K) Class: 1645K(1920K)->1645K(1920K)
[2025-12-25T02:56:51.226+0000][gc          ] GC(646) Pause Young (Normal) (G1 Evacuation Pause) 918M->313M(1024M) 15.609ms
[2025-12-25T02:56:51.226+0000][gc,cpu      ] GC(646) User=0.09s Sys=0.00s Real=0.01s
[2025-12-25T02:57:30.872+0000][gc,start    ] GC(647) Pause Young (Normal) (G1 Evacuation Pause)
[2025-12-25T02:57:30.872+0000][gc,task     ] GC(647) Using 8 workers of 8 for evacuation
[2025-12-25T02:57:30.882+0000][gc,phases   ] GC(647)   Pre Evacuate Collection Set: 1.3ms
[2025-12-25T02:57:30.883+0000][gc,phases   ] GC(647)   Merge Heap Roots: 0.3ms
[2025-12-25T02:57:30.883+0000][gc,phases   ] GC(647)   Evacuate Collection Set: 5.3ms
[2025-12-25T02:57:30.883+0000][gc,phases   ] GC(647)   Post Evacuate Collection Set: 2.9ms
[2025-12-25T02:57:30.883+0000][gc,phases   ] GC(647)   Other: 0.2ms
[2025-12-25T02:57:30.883+0000][gc,heap     ] GC(647) Eden regions: 605->0(611)
[2025-12-25T02:57:30.883+0000][gc,heap     ] GC(647) Survivor regions: 9->3(77)
[2025-12-25T02:57:30.883+0000][gc,heap     ] GC(647) Old regions: 154->155
[2025-12-25T02:57:30.883+0000][gc,heap     ] GC(647) Humongous regions: 151->151
[2025-12-25T02:57:30.883+0000][gc,metaspace] GC(647) Metaspace: 15821K(16256K)->15821K(16256K) NonClass: 14175K(14336K)->14175K(14336K) Class: 1645K(1920K)->1645K(1920K)
[2025-12-25T02:57:30.883+0000][gc          ] GC(647) Pause Young (Normal) (G1 Evacuation Pause) 918M->308M(1024M) 11.383ms
[2025-12-25T02:57:30.884+0000][gc,cpu      ] GC(647) User=0.05s Sys=0.00s Real=0.01s
[2025-12-25T02:58:01.223+0000][gc,start    ] GC(648) Pause Young (Normal) (G1 Evacuation Pause)
[2025-12-25T02:58:01.223+0000][gc,task     ] GC(648) Using 8 workers of 8 for evacuation
[2025-12-25T02:58:01.232+0000][gc,phases   ] GC(648)   Pre Evacuate Collection Set: 1.5ms
[2025-12-25T02:58:01.232+0000][gc,phases   ] GC(648)   Merge Heap Roots: 0.3ms
[2025-12-25T02:58:01.232+0000][gc,phases   ] GC(648)   Evacuate Collection Set: 5.0ms
[2025-12-25T02:58:01.232+0000][gc,phases   ] GC(648)   Post Evacuate Collection Set: 1.1ms
[2025-12-25T02:58:01.232+0000][gc,phases   ] GC(648)   Other: 0.2ms
[2025-12-25T02:58:01.232+0000][gc,heap     ] GC(648) Eden regions: 611->0(609)
[2025-12-25T02:58:01.232+0000][gc,heap     ] GC(648) Survivor regions: 3->5(77)
[2025-12-25T02:58:01.232+0000][gc,heap     ] GC(648) Old regions: 155->155
[2025-12-25T02:58:01.232+0000][gc,heap     ] GC(648) Humongous regions: 151->151
[2025-12-25T02:58:01.232+0000][gc,metaspace] GC(648) Metaspace: 15821K(16256K)->15821K(16256K) NonClass: 14175K(14336K)->14175K(14336K) Class: 1645K(1920K)->1645K(1920K)
[2025-12-25T02:58:01.232+0000][gc          ] GC(648) Pause Young (Normal) (G1 Evacuation Pause) 919M->310M(1024M) 9.511ms
[2025-12-25T02:58:01.232+0000][gc,cpu      ] GC(648) User=0.05s Sys=0.01s Real=0.01s
[2025-12-25T02:58:40.862+0000][gc,start    ] GC(649) Pause Young (Normal) (G1 Evacuation Pause)
[2025-12-25T02:58:40.863+0000][gc,task     ] GC(649) Using 8 workers of 8 for evacuation
[2025-12-25T02:58:40.881+0000][gc,phases   ] GC(649)   Pre Evacuate Collection Set: 2.8ms
[2025-12-25T02:58:40.881+0000][gc,phases   ] GC(649)   Merge Heap Roots: 0.4ms
[2025-12-25T02:58:40.881+0000][gc,phases   ] GC(649)   Evacuate Collection Set: 11.8ms
[2025-12-25T02:58:40.881+0000][gc,phases   ] GC(649)   Post Evacuate Collection Set: 2.5ms
[2025-12-25T02:58:40.882+0000][gc,phases   ] GC(649)   Other: 0.7ms
[2025-12-25T02:58:40.882+0000][gc,heap     ] GC(649) Eden regions: 609->0(610)
[2025-12-25T02:58:40.882+0000][gc,heap     ] GC(649) Survivor regions: 5->4(77)
[2025-12-25T02:58:40.882+0000][gc,heap     ] GC(649) Old regions: 155->155
[2025-12-25T02:58:40.882+0000][gc,heap     ] GC(649) Humongous regions: 151->151
[2025-12-25T02:58:40.882+0000][gc,metaspace] GC(649) Metaspace: 15821K(16256K)->15821K(16256K) NonClass: 14175K(14336K)->14175K(14336K) Class: 1645K(1920K)->1645K(1920K)
[2025-12-25T02:58:40.882+0000][gc          ] GC(649) Pause Young (Normal) (G1 Evacuation Pause) 919M->309M(1024M) 20.028ms
[2025-12-25T02:58:40.882+0000][gc,cpu      ] GC(649) User=0.11s Sys=0.01s Real=0.02s
[2025-12-25T02:59:11.476+0000][gc,start    ] GC(650) Pause Young (Normal) (G1 Evacuation Pause)
[2025-12-25T02:59:11.477+0000][gc,task     ] GC(650) Using 8 workers of 8 for evacuation
[2025-12-25T02:59:11.495+0000][gc,phases   ] GC(650)   Pre Evacuate Collection Set: 1.3ms
[2025-12-25T02:59:11.495+0000][gc,phases   ] GC(650)   Merge Heap Roots: 0.3ms
[2025-12-25T02:59:11.495+0000][gc,phases   ] GC(650)   Evacuate Collection Set: 13.8ms
[2025-12-25T02:59:11.495+0000][gc,phases   ] GC(650)   Post Evacuate Collection Set: 1.8ms
[2025-12-25T02:59:11.496+0000][gc,phases   ] GC(650)   Other: 0.6ms
[2025-12-25T02:59:11.496+0000][gc,heap     ] GC(650) Eden regions: 610->0(608)
[2025-12-25T02:59:11.496+0000][gc,heap     ] GC(650) Survivor regions: 4->6(77)
[2025-12-25T02:59:11.496+0000][gc,heap     ] GC(650) Old regions: 155->155
[2025-12-25T02:59:11.496+0000][gc,heap     ] GC(650) Humongous regions: 151->151
[2025-12-25T02:59:11.496+0000][gc,metaspace] GC(650) Metaspace: 15821K(16256K)->15821K(16256K) NonClass: 14175K(14336K)->14175K(14336K) Class: 1645K(1920K)->1645K(1920K)
[2025-12-25T02:59:11.496+0000][gc          ] GC(650) Pause Young (Normal) (G1 Evacuation Pause) 919M->311M(1024M) 20.393ms
[2025-12-25T02:59:11.496+0000][gc,cpu      ] GC(650) User=0.11s Sys=0.01s Real=0.02s
[2025-12-25T02:59:50.724+0000][gc,start    ] GC(651) Pause Young (Normal) (G1 Evacuation Pause)
[2025-12-25T02:59:50.725+0000][gc,task     ] GC(651) Using 8 workers of 8 for evacuation
[2025-12-25T02:59:50.748+0000][gc,phases   ] GC(651)   Pre Evacuate Collection Set: 2.2ms
[2025-12-25T02:59:50.748+0000][gc,phases   ] GC(651)   Merge Heap Roots: 0.2ms
[2025-12-25T02:59:50.748+0000][gc,phases   ] GC(651)   Evacuate Collection Set: 18.5ms
[2025-12-25T02:59:50.748+0000][gc,phases   ] GC(651)   Post Evacuate Collection Set: 1.8ms
[2025-12-25T02:59:50.748+0000][gc,phases   ] GC(651)   Other: 0.4ms
[2025-12-25T02:59:50.748+0000][gc,heap     ] GC(651) Eden regions: 608->0(608)
[2025-12-25T02:59:50.748+0000][gc,heap     ] GC(651) Survivor regions: 6->6(77)
[2025-12-25T02:59:50.748+0000][gc,heap     ] GC(651) Old regions: 155->155
[2025-12-25T02:59:50.748+0000][gc,heap     ] GC(651) Humongous regions: 151->151
[2025-12-25T02:59:50.748+0000][gc,metaspace] GC(651) Metaspace: 15821K(16256K)->15821K(16256K) NonClass: 14175K(14336K)->14175K(14336K) Class: 1645K(1920K)->1645K(1920K)
[2025-12-25T02:59:50.748+0000][gc          ] GC(651) Pause Young (Normal) (G1 Evacuation Pause) 919M->310M(1024M) 24.362ms
[2025-12-25T02:59:50.748+0000][gc,cpu      ] GC(651) User=0.11s Sys=0.00s Real=0.02s
[2025-12-25T03:00:21.014+0000][gc,start    ] GC(652) Pause Young (Normal) (G1 Evacuation Pause)
[2025-12-25T03:00:21.016+0000][gc,task     ] GC(652) Using 8 workers of 8 for evacuation
[2025-12-25T03:00:21.031+0000][gc,phases   ] GC(652)   Pre Evacuate Collection Set: 1.3ms
[2025-12-25T03:00:21.031+0000][gc,phases   ] GC(652)   Merge Heap Roots: 0.2ms
[2025-12-25T03:00:21.031+0000][gc,phases   ] GC(652)   Evacuate Collection Set: 12.1ms
[2025-12-25T03:00:21.031+0000][gc,phases   ] GC(652)   Post Evacuate Collection Set: 1.2ms
[2025-12-25T03:00:21.031+0000][gc,phases   ] GC(652)   Other: 0.3ms
[2025-12-25T03:00:21.031+0000][gc,heap     ] GC(652) Eden regions: 608->0(606)
[2025-12-25T03:00:21.031+0000][gc,heap     ] GC(652) Survivor regions: 6->8(77)
[2025-12-25T03:00:21.031+0000][gc,heap     ] GC(652) Old regions: 155->155
[2025-12-25T03:00:21.031+0000][gc,heap     ] GC(652) Humongous regions: 151->151
[2025-12-25T03:00:21.031+0000][gc,metaspace] GC(652) Metaspace: 15822K(16256K)->15822K(16256K) NonClass: 14177K(14336K)->14177K(14336K) Class: 1645K(1920K)->1645K(1920K)
[2025-12-25T03:00:21.031+0000][gc          ] GC(652) Pause Young (Normal) (G1 Evacuation Pause) 918M->313M(1024M) 17.388ms
[2025-12-25T03:00:21.031+0000][gc,cpu      ] GC(652) User=0.09s Sys=0.00s Real=0.02s
[2025-12-25T03:00:51.340+0000][gc,start    ] GC(653) Pause Young (Normal) (G1 Evacuation Pause)
[2025-12-25T03:00:51.340+0000][gc,task     ] GC(653) Using 8 workers of 8 for evacuation
[2025-12-25T03:00:51.361+0000][gc,phases   ] GC(653)   Pre Evacuate Collection Set: 1.1ms
[2025-12-25T03:00:51.361+0000][gc,phases   ] GC(653)   Merge Heap Roots: 0.2ms
[2025-12-25T03:00:51.361+0000][gc,phases   ] GC(653)   Evacuate Collection Set: 17.5ms
[2025-12-25T03:00:51.361+0000][gc,phases   ] GC(653)   Post Evacuate Collection Set: 1.1ms
[2025-12-25T03:00:51.361+0000][gc,phases   ] GC(653)   Other: 0.3ms
[2025-12-25T03:00:51.361+0000][gc,heap     ] GC(653) Eden regions: 606->0(604)
[2025-12-25T03:00:51.361+0000][gc,heap     ] GC(653) Survivor regions: 8->10(77)
[2025-12-25T03:00:51.361+0000][gc,heap     ] GC(653) Old regions: 155->155
[2025-12-25T03:00:51.361+0000][gc,heap     ] GC(653) Humongous regions: 151->151
[2025-12-25T03:00:51.361+0000][gc,metaspace] GC(653) Metaspace: 15822K(16256K)->15822K(16256K) NonClass: 14177K(14336K)->14177K(14336K) Class: 1645K(1920K)->1645K(1920K)
[2025-12-25T03:00:51.361+0000][gc          ] GC(653) Pause Young (Normal) (G1 Evacuation Pause) 919M->315M(1024M) 21.489ms
[2025-12-25T03:00:51.361+0000][gc,cpu      ] GC(653) User=0.13s Sys=0.00s Real=0.02s
[2025-12-25T03:01:30.900+0000][gc,start    ] GC(654) Pause Young (Normal) (G1 Evacuation Pause)
[2025-12-25T03:01:30.901+0000][gc,task     ] GC(654) Using 8 workers of 8 for evacuation
[2025-12-25T03:01:30.918+0000][gc,phases   ] GC(654)   Pre Evacuate Collection Set: 3.9ms
[2025-12-25T03:01:30.918+0000][gc,phases   ] GC(654)   Merge Heap Roots: 1.0ms
[2025-12-25T03:01:30.918+0000][gc,phases   ] GC(654)   Evacuate Collection Set: 10.9ms
[2025-12-25T03:01:30.918+0000][gc,phases   ] GC(654)   Post Evacuate Collection Set: 1.2ms
[2025-12-25T03:01:30.918+0000][gc,phases   ] GC(654)   Other: 0.2ms
[2025-12-25T03:01:30.918+0000][gc,heap     ] GC(654) Eden regions: 604->0(609)
[2025-12-25T03:01:30.918+0000][gc,heap     ] GC(654) Survivor regions: 10->5(77)
[2025-12-25T03:01:30.918+0000][gc,heap     ] GC(654) Old regions: 155->155
[2025-12-25T03:01:30.918+0000][gc,heap     ] GC(654) Humongous regions: 151->151
[2025-12-25T03:01:30.918+0000][gc,metaspace] GC(654) Metaspace: 15837K(16256K)->15837K(16256K) NonClass: 14192K(14336K)->14192K(14336K) Class: 1645K(1920K)->1645K(1920K)
[2025-12-25T03:01:30.918+0000][gc          ] GC(654) Pause Young (Normal) (G1 Evacuation Pause) 919M->310M(1024M) 18.264ms
[2025-12-25T03:01:30.918+0000][gc,cpu      ] GC(654) User=0.11s Sys=0.00s Real=0.02s
[2025-12-25T03:02:01.151+0000][gc,start    ] GC(655) Pause Young (Normal) (G1 Evacuation Pause)
[2025-12-25T03:02:01.152+0000][gc,task     ] GC(655) Using 8 workers of 8 for evacuation
[2025-12-25T03:02:01.163+0000][gc,phases   ] GC(655)   Pre Evacuate Collection Set: 1.0ms
[2025-12-25T03:02:01.163+0000][gc,phases   ] GC(655)   Merge Heap Roots: 0.2ms
[2025-12-25T03:02:01.163+0000][gc,phases   ] GC(655)   Evacuate Collection Set: 9.1ms
[2025-12-25T03:02:01.163+0000][gc,phases   ] GC(655)   Post Evacuate Collection Set: 1.0ms
[2025-12-25T03:02:01.163+0000][gc,phases   ] GC(655)   Other: 0.2ms
[2025-12-25T03:02:01.163+0000][gc,heap     ] GC(655) Eden regions: 609->0(608)
[2025-12-25T03:02:01.163+0000][gc,heap     ] GC(655) Survivor regions: 5->6(77)
[2025-12-25T03:02:01.163+0000][gc,heap     ] GC(655) Old regions: 155->155
[2025-12-25T03:02:01.163+0000][gc,heap     ] GC(655) Humongous regions: 151->151
[2025-12-25T03:02:01.164+0000][gc,metaspace] GC(655) Metaspace: 15837K(16256K)->15837K(16256K) NonClass: 14192K(14336K)->14192K(14336K) Class: 1645K(1920K)->1645K(1920K)
[2025-12-25T03:02:01.164+0000][gc          ] GC(655) Pause Young (Normal) (G1 Evacuation Pause) 919M->311M(1024M) 12.540ms
[2025-12-25T03:02:01.164+0000][gc,cpu      ] GC(655) User=0.08s Sys=0.00s Real=0.02s
[2025-12-25T03:02:40.821+0000][gc,start    ] GC(656) Pause Young (Normal) (G1 Evacuation Pause)
[2025-12-25T03:02:40.821+0000][gc,task     ] GC(656) Using 8 workers of 8 for evacuation
[2025-12-25T03:02:40.838+0000][gc,phases   ] GC(656)   Pre Evacuate Collection Set: 1.1ms
[2025-12-25T03:02:40.838+0000][gc,phases   ] GC(656)   Merge Heap Roots: 0.2ms
[2025-12-25T03:02:40.839+0000][gc,phases   ] GC(656)   Evacuate Collection Set: 14.4ms
[2025-12-25T03:02:40.839+0000][gc,phases   ] GC(656)   Post Evacuate Collection Set: 1.2ms
[2025-12-25T03:02:40.839+0000][gc,phases   ] GC(656)   Other: 0.2ms
[2025-12-25T03:02:40.839+0000][gc,heap     ] GC(656) Eden regions: 608->0(608)
[2025-12-25T03:02:40.839+0000][gc,heap     ] GC(656) Survivor regions: 6->6(77)
[2025-12-25T03:02:40.839+0000][gc,heap     ] GC(656) Old regions: 155->155
[2025-12-25T03:02:40.839+0000][gc,heap     ] GC(656) Humongous regions: 151->151
[2025-12-25T03:02:40.839+0000][gc,metaspace] GC(656) Metaspace: 15837K(16256K)->15837K(16256K) NonClass: 14192K(14336K)->14192K(14336K) Class: 1645K(1920K)->1645K(1920K)
[2025-12-25T03:02:40.839+0000][gc          ] GC(656) Pause Young (Normal) (G1 Evacuation Pause) 919M->311M(1024M) 18.389ms
[2025-12-25T03:02:40.839+0000][gc,cpu      ] GC(656) User=0.12s Sys=0.00s Real=0.02s
[2025-12-25T03:03:11.094+0000][gc,start    ] GC(657) Pause Young (Normal) (G1 Evacuation Pause)
[2025-12-25T03:03:11.094+0000][gc,task     ] GC(657) Using 8 workers of 8 for evacuation
[2025-12-25T03:03:11.112+0000][gc,phases   ] GC(657)   Pre Evacuate Collection Set: 1.1ms
[2025-12-25T03:03:11.112+0000][gc,phases   ] GC(657)   Merge Heap Roots: 0.3ms
[2025-12-25T03:03:11.112+0000][gc,phases   ] GC(657)   Evacuate Collection Set: 14.6ms
[2025-12-25T03:03:11.112+0000][gc,phases   ] GC(657)   Post Evacuate Collection Set: 1.3ms
[2025-12-25T03:03:11.112+0000][gc,phases   ] GC(657)   Other: 0.4ms
[2025-12-25T03:03:11.112+0000][gc,heap     ] GC(657) Eden regions: 608->0(606)
[2025-12-25T03:03:11.112+0000][gc,heap     ] GC(657) Survivor regions: 6->8(77)
[2025-12-25T03:03:11.112+0000][gc,heap     ] GC(657) Old regions: 155->155
[2025-12-25T03:03:11.112+0000][gc,heap     ] GC(657) Humongous regions: 151->151
[2025-12-25T03:03:11.113+0000][gc,metaspace] GC(657) Metaspace: 15837K(16256K)->15837K(16256K) NonClass: 14192K(14336K)->14192K(14336K) Class: 1645K(1920K)->1645K(1920K)
[2025-12-25T03:03:11.113+0000][gc          ] GC(657) Pause Young (Normal) (G1 Evacuation Pause) 919M->313M(1024M) 18.843ms
[2025-12-25T03:03:11.113+0000][gc,cpu      ] GC(657) User=0.11s Sys=0.01s Real=0.02s
[2025-12-25T03:03:50.747+0000][gc,start    ] GC(658) Pause Young (Normal) (G1 Evacuation Pause)
[2025-12-25T03:03:50.748+0000][gc,task     ] GC(658) Using 8 workers of 8 for evacuation
[2025-12-25T03:03:50.766+0000][gc,phases   ] GC(658)   Pre Evacuate Collection Set: 1.8ms
[2025-12-25T03:03:50.766+0000][gc,phases   ] GC(658)   Merge Heap Roots: 0.8ms
[2025-12-25T03:03:50.766+0000][gc,phases   ] GC(658)   Evacuate Collection Set: 13.3ms
[2025-12-25T03:03:50.766+0000][gc,phases   ] GC(658)   Post Evacuate Collection Set: 1.3ms
[2025-12-25T03:03:50.766+0000][gc,phases   ] GC(658)   Other: 0.5ms
[2025-12-25T03:03:50.766+0000][gc,heap     ] GC(658) Eden regions: 606->0(607)
[2025-12-25T03:03:50.766+0000][gc,heap     ] GC(658) Survivor regions: 8->7(77)
[2025-12-25T03:03:50.766+0000][gc,heap     ] GC(658) Old regions: 155->156
[2025-12-25T03:03:50.766+0000][gc,heap     ] GC(658) Humongous regions: 151->151
[2025-12-25T03:03:50.766+0000][gc,metaspace] GC(658) Metaspace: 15837K(16256K)->15837K(16256K) NonClass: 14192K(14336K)->14192K(14336K) Class: 1645K(1920K)->1645K(1920K)
[2025-12-25T03:03:50.767+0000][gc          ] GC(658) Pause Young (Normal) (G1 Evacuation Pause) 919M->312M(1024M) 19.178ms
[2025-12-25T03:03:50.767+0000][gc,cpu      ] GC(658) User=0.12s Sys=0.00s Real=0.02s
[2025-12-25T03:04:20.995+0000][gc,start    ] GC(659) Pause Young (Normal) (G1 Evacuation Pause)
[2025-12-25T03:04:20.995+0000][gc,task     ] GC(659) Using 8 workers of 8 for evacuation
[2025-12-25T03:04:21.006+0000][gc,phases   ] GC(659)   Pre Evacuate Collection Set: 1.2ms
[2025-12-25T03:04:21.006+0000][gc,phases   ] GC(659)   Merge Heap Roots: 0.3ms
[2025-12-25T03:04:21.006+0000][gc,phases   ] GC(659)   Evacuate Collection Set: 8.5ms
[2025-12-25T03:04:21.006+0000][gc,phases   ] GC(659)   Post Evacuate Collection Set: 1.0ms
[2025-12-25T03:04:21.006+0000][gc,phases   ] GC(659)   Other: 0.2ms
[2025-12-25T03:04:21.007+0000][gc,heap     ] GC(659) Eden regions: 607->0(605)
[2025-12-25T03:04:21.007+0000][gc,heap     ] GC(659) Survivor regions: 7->9(77)
[2025-12-25T03:04:21.007+0000][gc,heap     ] GC(659) Old regions: 156->156
[2025-12-25T03:04:21.007+0000][gc,heap     ] GC(659) Humongous regions: 151->151
[2025-12-25T03:04:21.007+0000][gc,metaspace] GC(659) Metaspace: 15837K(16256K)->15837K(16256K) NonClass: 14192K(14336K)->14192K(14336K) Class: 1645K(1920K)->1645K(1920K)
[2025-12-25T03:04:21.007+0000][gc          ] GC(659) Pause Young (Normal) (G1 Evacuation Pause) 919M->314M(1024M) 12.236ms
[2025-12-25T03:04:21.007+0000][gc,cpu      ] GC(659) User=0.07s Sys=0.01s Real=0.01s
[2025-12-25T03:04:51.315+0000][gc,start    ] GC(660) Pause Young (Normal) (G1 Evacuation Pause)
[2025-12-25T03:04:51.316+0000][gc,task     ] GC(660) Using 8 workers of 8 for evacuation
[2025-12-25T03:04:51.334+0000][gc,phases   ] GC(660)   Pre Evacuate Collection Set: 5.7ms
[2025-12-25T03:04:51.334+0000][gc,phases   ] GC(660)   Merge Heap Roots: 0.3ms
[2025-12-25T03:04:51.334+0000][gc,phases   ] GC(660)   Evacuate Collection Set: 10.3ms
[2025-12-25T03:04:51.334+0000][gc,phases   ] GC(660)   Post Evacuate Collection Set: 1.3ms
[2025-12-25T03:04:51.334+0000][gc,phases   ] GC(660)   Other: 0.4ms
[2025-12-25T03:04:51.334+0000][gc,heap     ] GC(660) Eden regions: 605->0(604)
[2025-12-25T03:04:51.334+0000][gc,heap     ] GC(660) Survivor regions: 9->10(77)
[2025-12-25T03:04:51.335+0000][gc,heap     ] GC(660) Old regions: 156->156
[2025-12-25T03:04:51.335+0000][gc,heap     ] GC(660) Humongous regions: 151->151
[2025-12-25T03:04:51.335+0000][gc,metaspace] GC(660) Metaspace: 15837K(16256K)->15837K(16256K) NonClass: 14192K(14336K)->14192K(14336K) Class: 1645K(1920K)->1645K(1920K)
[2025-12-25T03:04:51.335+0000][gc          ] GC(660) Pause Young (Normal) (G1 Evacuation Pause) 919M->316M(1024M) 19.217ms
[2025-12-25T03:04:51.335+0000][gc,cpu      ] GC(660) User=0.11s Sys=0.01s Real=0.02s
[2025-12-25T03:05:30.897+0000][gc,start    ] GC(661) Pause Young (Normal) (G1 Evacuation Pause)
[2025-12-25T03:05:30.897+0000][gc,task     ] GC(661) Using 8 workers of 8 for evacuation
[2025-12-25T03:05:30.907+0000][gc,phases   ] GC(661)   Pre Evacuate Collection Set: 1.0ms
[2025-12-25T03:05:30.907+0000][gc,phases   ] GC(661)   Merge Heap Roots: 0.3ms
[2025-12-25T03:05:30.907+0000][gc,phases   ] GC(661)   Evacuate Collection Set: 6.8ms
[2025-12-25T03:05:30.907+0000][gc,phases   ] GC(661)   Post Evacuate Collection Set: 1.0ms
[2025-12-25T03:05:30.907+0000][gc,phases   ] GC(661)   Other: 0.2ms
[2025-12-25T03:05:30.907+0000][gc,heap     ] GC(661) Eden regions: 604->0(608)
[2025-12-25T03:05:30.907+0000][gc,heap     ] GC(661) Survivor regions: 10->6(77)
[2025-12-25T03:05:30.907+0000][gc,heap     ] GC(661) Old regions: 156->156
[2025-12-25T03:05:30.907+0000][gc,heap     ] GC(661) Humongous regions: 151->151
[2025-12-25T03:05:30.907+0000][gc,metaspace] GC(661) Metaspace: 15837K(16256K)->15837K(16256K) NonClass: 14192K(14336K)->14192K(14336K) Class: 1645K(1920K)->1645K(1920K)
[2025-12-25T03:05:30.907+0000][gc          ] GC(661) Pause Young (Normal) (G1 Evacuation Pause) 920M->311M(1024M) 10.520ms
[2025-12-25T03:05:30.907+0000][gc,cpu      ] GC(661) User=0.06s Sys=0.00s Real=0.01s
[2025-12-25T03:06:01.413+0000][gc,start    ] GC(662) Pause Young (Normal) (G1 Evacuation Pause)
[2025-12-25T03:06:01.415+0000][gc,task     ] GC(662) Using 8 workers of 8 for evacuation
[2025-12-25T03:06:01.431+0000][gc,phases   ] GC(662)   Pre Evacuate Collection Set: 1.6ms
[2025-12-25T03:06:01.431+0000][gc,phases   ] GC(662)   Merge Heap Roots: 0.6ms
[2025-12-25T03:06:01.431+0000][gc,phases   ] GC(662)   Evacuate Collection Set: 11.6ms
[2025-12-25T03:06:01.432+0000][gc,phases   ] GC(662)   Post Evacuate Collection Set: 1.6ms
[2025-12-25T03:06:01.432+0000][gc,phases   ] GC(662)   Other: 0.7ms
[2025-12-25T03:06:01.432+0000][gc,heap     ] GC(662) Eden regions: 608->0(607)
[2025-12-25T03:06:01.432+0000][gc,heap     ] GC(662) Survivor regions: 6->7(77)
[2025-12-25T03:06:01.432+0000][gc,heap     ] GC(662) Old regions: 156->156
[2025-12-25T03:06:01.432+0000][gc,heap     ] GC(662) Humongous regions: 151->151
[2025-12-25T03:06:01.432+0000][gc,metaspace] GC(662) Metaspace: 15837K(16256K)->15837K(16256K) NonClass: 14192K(14336K)->14192K(14336K) Class: 1645K(1920K)->1645K(1920K)
[2025-12-25T03:06:01.432+0000][gc          ] GC(662) Pause Young (Normal) (G1 Evacuation Pause) 919M->312M(1024M) 18.872ms
[2025-12-25T03:06:01.432+0000][gc,cpu      ] GC(662) User=0.10s Sys=0.00s Real=0.02s
[2025-12-25T03:06:40.833+0000][gc,start    ] GC(663) Pause Young (Normal) (G1 Evacuation Pause)
[2025-12-25T03:06:40.834+0000][gc,task     ] GC(663) Using 8 workers of 8 for evacuation
[2025-12-25T03:06:40.850+0000][gc,phases   ] GC(663)   Pre Evacuate Collection Set: 1.5ms
[2025-12-25T03:06:40.850+0000][gc,phases   ] GC(663)   Merge Heap Roots: 0.5ms
[2025-12-25T03:06:40.850+0000][gc,phases   ] GC(663)   Evacuate Collection Set: 12.4ms
[2025-12-25T03:06:40.851+0000][gc,phases   ] GC(663)   Post Evacuate Collection Set: 1.2ms
[2025-12-25T03:06:40.851+0000][gc,phases   ] GC(663)   Other: 0.2ms
[2025-12-25T03:06:40.851+0000][gc,heap     ] GC(663) Eden regions: 607->0(608)
[2025-12-25T03:06:40.851+0000][gc,heap     ] GC(663) Survivor regions: 7->6(77)
[2025-12-25T03:06:40.851+0000][gc,heap     ] GC(663) Old regions: 156->156
[2025-12-25T03:06:40.851+0000][gc,heap     ] GC(663) Humongous regions: 151->151
[2025-12-25T03:06:40.851+0000][gc,metaspace] GC(663) Metaspace: 15837K(16256K)->15837K(16256K) NonClass: 14192K(14336K)->14192K(14336K) Class: 1645K(1920K)->1645K(1920K)
[2025-12-25T03:06:40.851+0000][gc          ] GC(663) Pause Young (Normal) (G1 Evacuation Pause) 919M->312M(1024M) 18.071ms
[2025-12-25T03:06:40.851+0000][gc,cpu      ] GC(663) User=0.10s Sys=0.00s Real=0.01s
[2025-12-25T03:07:11.090+0000][gc,start    ] GC(664) Pause Young (Normal) (G1 Evacuation Pause)
[2025-12-25T03:07:11.091+0000][gc,task     ] GC(664) Using 8 workers of 8 for evacuation
[2025-12-25T03:07:11.116+0000][gc,phases   ] GC(664)   Pre Evacuate Collection Set: 1.1ms
[2025-12-25T03:07:11.116+0000][gc,phases   ] GC(664)   Merge Heap Roots: 0.4ms
[2025-12-25T03:07:11.116+0000][gc,phases   ] GC(664)   Evacuate Collection Set: 22.2ms
[2025-12-25T03:07:11.116+0000][gc,phases   ] GC(664)   Post Evacuate Collection Set: 1.2ms
[2025-12-25T03:07:11.116+0000][gc,phases   ] GC(664)   Other: 0.2ms
[2025-12-25T03:07:11.116+0000][gc,heap     ] GC(664) Eden regions: 608->0(606)
[2025-12-25T03:07:11.116+0000][gc,heap     ] GC(664) Survivor regions: 6->8(77)
[2025-12-25T03:07:11.116+0000][gc,heap     ] GC(664) Old regions: 156->156
[2025-12-25T03:07:11.117+0000][gc,heap     ] GC(664) Humongous regions: 151->151
[2025-12-25T03:07:11.117+0000][gc,metaspace] GC(664) Metaspace: 15837K(16256K)->15837K(16256K) NonClass: 14192K(14336K)->14192K(14336K) Class: 1645K(1920K)->1645K(1920K)
[2025-12-25T03:07:11.117+0000][gc          ] GC(664) Pause Young (Normal) (G1 Evacuation Pause) 920M->314M(1024M) 26.404ms
[2025-12-25T03:07:11.117+0000][gc,cpu      ] GC(664) User=0.18s Sys=0.00s Real=0.03s
[2025-12-25T03:07:50.734+0000][gc,start    ] GC(665) Pause Young (Normal) (G1 Evacuation Pause)
[2025-12-25T03:07:50.734+0000][gc,task     ] GC(665) Using 8 workers of 8 for evacuation
[2025-12-25T03:07:50.751+0000][gc,phases   ] GC(665)   Pre Evacuate Collection Set: 0.9ms
[2025-12-25T03:07:50.751+0000][gc,phases   ] GC(665)   Merge Heap Roots: 0.4ms
[2025-12-25T03:07:50.751+0000][gc,phases   ] GC(665)   Evacuate Collection Set: 14.1ms
[2025-12-25T03:07:50.751+0000][gc,phases   ] GC(665)   Post Evacuate Collection Set: 1.1ms
[2025-12-25T03:07:50.751+0000][gc,phases   ] GC(665)   Other: 0.2ms
[2025-12-25T03:07:50.751+0000][gc,heap     ] GC(665) Eden regions: 606->0(607)
[2025-12-25T03:07:50.751+0000][gc,heap     ] GC(665) Survivor regions: 8->7(77)
[2025-12-25T03:07:50.752+0000][gc,heap     ] GC(665) Old regions: 156->157
[2025-12-25T03:07:50.752+0000][gc,heap     ] GC(665) Humongous regions: 151->151
[2025-12-25T03:07:50.752+0000][gc,metaspace] GC(665) Metaspace: 15837K(16256K)->15837K(16256K) NonClass: 14192K(14336K)->14192K(14336K) Class: 1645K(1920K)->1645K(1920K)
[2025-12-25T03:07:50.752+0000][gc          ] GC(665) Pause Young (Normal) (G1 Evacuation Pause) 920M->313M(1024M) 17.880ms
[2025-12-25T03:07:50.752+0000][gc,cpu      ] GC(665) User=0.09s Sys=0.00s Real=0.02s
[2025-12-25T03:08:21.015+0000][gc,start    ] GC(666) Pause Young (Normal) (G1 Evacuation Pause)
[2025-12-25T03:08:21.016+0000][gc,task     ] GC(666) Using 8 workers of 8 for evacuation
[2025-12-25T03:08:21.029+0000][gc,phases   ] GC(666)   Pre Evacuate Collection Set: 2.6ms
[2025-12-25T03:08:21.029+0000][gc,phases   ] GC(666)   Merge Heap Roots: 0.3ms
[2025-12-25T03:08:21.029+0000][gc,phases   ] GC(666)   Evacuate Collection Set: 8.2ms
[2025-12-25T03:08:21.029+0000][gc,phases   ] GC(666)   Post Evacuate Collection Set: 1.1ms
[2025-12-25T03:08:21.029+0000][gc,phases   ] GC(666)   Other: 0.3ms
[2025-12-25T03:08:21.029+0000][gc,heap     ] GC(666) Eden regions: 607->0(605)
[2025-12-25T03:08:21.029+0000][gc,heap     ] GC(666) Survivor regions: 7->9(77)
[2025-12-25T03:08:21.030+0000][gc,heap     ] GC(666) Old regions: 157->157
[2025-12-25T03:08:21.030+0000][gc,heap     ] GC(666) Humongous regions: 151->151
[2025-12-25T03:08:21.030+0000][gc,metaspace] GC(666) Metaspace: 15838K(16256K)->15838K(16256K) NonClass: 14192K(14336K)->14192K(14336K) Class: 1645K(1920K)->1645K(1920K)
[2025-12-25T03:08:21.030+0000][gc          ] GC(666) Pause Young (Normal) (G1 Evacuation Pause) 920M->315M(1024M) 14.716ms
[2025-12-25T03:08:21.030+0000][gc,cpu      ] GC(666) User=0.08s Sys=0.00s Real=0.02s
[2025-12-25T03:08:51.279+0000][gc,start    ] GC(667) Pause Young (Normal) (G1 Evacuation Pause)
[2025-12-25T03:08:51.280+0000][gc,task     ] GC(667) Using 8 workers of 8 for evacuation
[2025-12-25T03:08:51.302+0000][gc,phases   ] GC(667)   Pre Evacuate Collection Set: 1.1ms
[2025-12-25T03:08:51.302+0000][gc,phases   ] GC(667)   Merge Heap Roots: 0.3ms
[2025-12-25T03:08:51.302+0000][gc,phases   ] GC(667)   Evacuate Collection Set: 19.4ms
[2025-12-25T03:08:51.302+0000][gc,phases   ] GC(667)   Post Evacuate Collection Set: 1.6ms
[2025-12-25T03:08:51.303+0000][gc,phases   ] GC(667)   Other: 0.2ms
[2025-12-25T03:08:51.303+0000][gc,heap     ] GC(667) Eden regions: 605->0(604)
[2025-12-25T03:08:51.303+0000][gc,heap     ] GC(667) Survivor regions: 9->10(77)
[2025-12-25T03:08:51.303+0000][gc,heap     ] GC(667) Old regions: 157->157
[2025-12-25T03:08:51.303+0000][gc,heap     ] GC(667) Humongous regions: 151->151
[2025-12-25T03:08:51.303+0000][gc,metaspace] GC(667) Metaspace: 15838K(16256K)->15838K(16256K) NonClass: 14192K(14336K)->14192K(14336K) Class: 1645K(1920K)->1645K(1920K)
[2025-12-25T03:08:51.303+0000][gc          ] GC(667) Pause Young (Normal) (G1 Evacuation Pause) 920M->317M(1024M) 23.996ms
[2025-12-25T03:08:51.303+0000][gc,cpu      ] GC(667) User=0.15s Sys=0.01s Real=0.02s
[2025-12-25T03:09:30.911+0000][gc,start    ] GC(668) Pause Young (Normal) (G1 Evacuation Pause)
[2025-12-25T03:09:30.912+0000][gc,task     ] GC(668) Using 8 workers of 8 for evacuation
[2025-12-25T03:09:30.932+0000][gc,phases   ] GC(668)   Pre Evacuate Collection Set: 1.2ms
[2025-12-25T03:09:30.932+0000][gc,phases   ] GC(668)   Merge Heap Roots: 0.2ms
[2025-12-25T03:09:30.932+0000][gc,phases   ] GC(668)   Evacuate Collection Set: 17.8ms
[2025-12-25T03:09:30.933+0000][gc,phases   ] GC(668)   Post Evacuate Collection Set: 1.2ms
[2025-12-25T03:09:30.933+0000][gc,phases   ] GC(668)   Other: 0.3ms
[2025-12-25T03:09:30.933+0000][gc,heap     ] GC(668) Eden regions: 604->0(604)
[2025-12-25T03:09:30.933+0000][gc,heap     ] GC(668) Survivor regions: 10->10(77)
[2025-12-25T03:09:30.933+0000][gc,heap     ] GC(668) Old regions: 157->157
[2025-12-25T03:09:30.933+0000][gc,heap     ] GC(668) Humongous regions: 151->151
[2025-12-25T03:09:30.933+0000][gc,metaspace] GC(668) Metaspace: 15838K(16256K)->15838K(16256K) NonClass: 14192K(14336K)->14192K(14336K) Class: 1645K(1920K)->1645K(1920K)
[2025-12-25T03:09:30.933+0000][gc          ] GC(668) Pause Young (Normal) (G1 Evacuation Pause) 921M->317M(1024M) 21.720ms
[2025-12-25T03:09:30.933+0000][gc,cpu      ] GC(668) User=0.14s Sys=0.00s Real=0.02s
[2025-12-25T03:10:01.127+0000][gc,start    ] GC(669) Pause Young (Normal) (G1 Evacuation Pause)
[2025-12-25T03:10:01.128+0000][gc,task     ] GC(669) Using 8 workers of 8 for evacuation
[2025-12-25T03:10:01.141+0000][gc,phases   ] GC(669)   Pre Evacuate Collection Set: 1.1ms
[2025-12-25T03:10:01.141+0000][gc,phases   ] GC(669)   Merge Heap Roots: 0.2ms
[2025-12-25T03:10:01.141+0000][gc,phases   ] GC(669)   Evacuate Collection Set: 10.8ms
[2025-12-25T03:10:01.141+0000][gc,phases   ] GC(669)   Post Evacuate Collection Set: 1.1ms
[2025-12-25T03:10:01.141+0000][gc,phases   ] GC(669)   Other: 0.2ms
[2025-12-25T03:10:01.141+0000][gc,heap     ] GC(669) Eden regions: 604->0(607)
[2025-12-25T03:10:01.141+0000][gc,heap     ] GC(669) Survivor regions: 10->7(77)
[2025-12-25T03:10:01.141+0000][gc,heap     ] GC(669) Old regions: 157->158
[2025-12-25T03:10:01.141+0000][gc,heap     ] GC(669) Humongous regions: 151->151
[2025-12-25T03:10:01.141+0000][gc,metaspace] GC(669) Metaspace: 15838K(16256K)->15838K(16256K) NonClass: 14192K(14336K)->14192K(14336K) Class: 1645K(1920K)->1645K(1920K)
[2025-12-25T03:10:01.141+0000][gc          ] GC(669) Pause Young (Normal) (G1 Evacuation Pause) 921M->314M(1024M) 14.227ms
[2025-12-25T03:10:01.141+0000][gc,cpu      ] GC(669) User=0.09s Sys=0.00s Real=0.01s
[2025-12-25T03:10:40.840+0000][gc,start    ] GC(670) Pause Young (Normal) (G1 Evacuation Pause)
[2025-12-25T03:10:40.841+0000][gc,task     ] GC(670) Using 8 workers of 8 for evacuation
[2025-12-25T03:10:40.860+0000][gc,phases   ] GC(670)   Pre Evacuate Collection Set: 4.4ms
[2025-12-25T03:10:40.861+0000][gc,phases   ] GC(670)   Merge Heap Roots: 0.7ms
[2025-12-25T03:10:40.861+0000][gc,phases   ] GC(670)   Evacuate Collection Set: 12.7ms
[2025-12-25T03:10:40.861+0000][gc,phases   ] GC(670)   Post Evacuate Collection Set: 1.2ms
[2025-12-25T03:10:40.861+0000][gc,phases   ] GC(670)   Other: 0.5ms
[2025-12-25T03:10:40.861+0000][gc,heap     ] GC(670) Eden regions: 607->0(608)
[2025-12-25T03:10:40.861+0000][gc,heap     ] GC(670) Survivor regions: 7->6(77)
[2025-12-25T03:10:40.861+0000][gc,heap     ] GC(670) Old regions: 158->158
[2025-12-25T03:10:40.861+0000][gc,heap     ] GC(670) Humongous regions: 151->151
[2025-12-25T03:10:40.861+0000][gc,metaspace] GC(670) Metaspace: 15838K(16256K)->15838K(16256K) NonClass: 14192K(14336K)->14192K(14336K) Class: 1645K(1920K)->1645K(1920K)
[2025-12-25T03:10:40.861+0000][gc          ] GC(670) Pause Young (Normal) (G1 Evacuation Pause) 921M->313M(1024M) 20.917ms
[2025-12-25T03:10:40.861+0000][gc,cpu      ] GC(670) User=0.11s Sys=0.00s Real=0.02s
[2025-12-25T03:11:11.041+0000][gc,start    ] GC(671) Pause Young (Normal) (G1 Evacuation Pause)
[2025-12-25T03:11:11.041+0000][gc,task     ] GC(671) Using 8 workers of 8 for evacuation
[2025-12-25T03:11:11.053+0000][gc,phases   ] GC(671)   Pre Evacuate Collection Set: 1.3ms
[2025-12-25T03:11:11.054+0000][gc,phases   ] GC(671)   Merge Heap Roots: 0.3ms
[2025-12-25T03:11:11.054+0000][gc,phases   ] GC(671)   Evacuate Collection Set: 9.4ms
[2025-12-25T03:11:11.054+0000][gc,phases   ] GC(671)   Post Evacuate Collection Set: 1.0ms
[2025-12-25T03:11:11.054+0000][gc,phases   ] GC(671)   Other: 0.2ms
[2025-12-25T03:11:11.054+0000][gc,heap     ] GC(671) Eden regions: 608->0(607)
[2025-12-25T03:11:11.054+0000][gc,heap     ] GC(671) Survivor regions: 6->7(77)
[2025-12-25T03:11:11.054+0000][gc,heap     ] GC(671) Old regions: 158->158
[2025-12-25T03:11:11.054+0000][gc,heap     ] GC(671) Humongous regions: 151->151
[2025-12-25T03:11:11.054+0000][gc,metaspace] GC(671) Metaspace: 15838K(16256K)->15838K(16256K) NonClass: 14192K(14336K)->14192K(14336K) Class: 1645K(1920K)->1645K(1920K)
[2025-12-25T03:11:11.054+0000][gc          ] GC(671) Pause Young (Normal) (G1 Evacuation Pause) 921M->315M(1024M) 13.190ms
[2025-12-25T03:11:11.054+0000][gc,cpu      ] GC(671) User=0.07s Sys=0.00s Real=0.02s
[2025-12-25T03:11:50.721+0000][gc,start    ] GC(672) Pause Young (Normal) (G1 Evacuation Pause)
[2025-12-25T03:11:50.722+0000][gc,task     ] GC(672) Using 8 workers of 8 for evacuation
[2025-12-25T03:11:50.735+0000][gc,phases   ] GC(672)   Pre Evacuate Collection Set: 1.1ms
[2025-12-25T03:11:50.735+0000][gc,phases   ] GC(672)   Merge Heap Roots: 0.2ms
[2025-12-25T03:11:50.735+0000][gc,phases   ] GC(672)   Evacuate Collection Set: 10.2ms
[2025-12-25T03:11:50.735+0000][gc,phases   ] GC(672)   Post Evacuate Collection Set: 1.0ms
[2025-12-25T03:11:50.735+0000][gc,phases   ] GC(672)   Other: 0.2ms
[2025-12-25T03:11:50.735+0000][gc,heap     ] GC(672) Eden regions: 607->0(607)
[2025-12-25T03:11:50.735+0000][gc,heap     ] GC(672) Survivor regions: 7->7(77)
[2025-12-25T03:11:50.735+0000][gc,heap     ] GC(672) Old regions: 158->158
[2025-12-25T03:11:50.735+0000][gc,heap     ] GC(672) Humongous regions: 151->151
[2025-12-25T03:11:50.735+0000][gc,metaspace] GC(672) Metaspace: 15838K(16256K)->15838K(16256K) NonClass: 14192K(14336K)->14192K(14336K) Class: 1645K(1920K)->1645K(1920K)
[2025-12-25T03:11:50.735+0000][gc          ] GC(672) Pause Young (Normal) (G1 Evacuation Pause) 922M->315M(1024M) 13.876ms
[2025-12-25T03:11:50.735+0000][gc,cpu      ] GC(672) User=0.09s Sys=0.00s Real=0.01s
[2025-12-25T03:12:21.027+0000][gc,start    ] GC(673) Pause Young (Normal) (G1 Evacuation Pause)
[2025-12-25T03:12:21.029+0000][gc,task     ] GC(673) Using 8 workers of 8 for evacuation
[2025-12-25T03:12:21.051+0000][gc,phases   ] GC(673)   Pre Evacuate Collection Set: 4.1ms
[2025-12-25T03:12:21.051+0000][gc,phases   ] GC(673)   Merge Heap Roots: 0.7ms
[2025-12-25T03:12:21.051+0000][gc,phases   ] GC(673)   Evacuate Collection Set: 15.1ms
[2025-12-25T03:12:21.051+0000][gc,phases   ] GC(673)   Post Evacuate Collection Set: 1.5ms
[2025-12-25T03:12:21.052+0000][gc,phases   ] GC(673)   Other: 1.4ms
[2025-12-25T03:12:21.052+0000][gc,heap     ] GC(673) Eden regions: 607->0(605)
[2025-12-25T03:12:21.052+0000][gc,heap     ] GC(673) Survivor regions: 7->9(77)
[2025-12-25T03:12:21.052+0000][gc,heap     ] GC(673) Old regions: 158->159
[2025-12-25T03:12:21.052+0000][gc,heap     ] GC(673) Humongous regions: 151->151
[2025-12-25T03:12:21.052+0000][gc,metaspace] GC(673) Metaspace: 15842K(16256K)->15842K(16256K) NonClass: 14197K(14336K)->14197K(14336K) Class: 1645K(1920K)->1645K(1920K)
[2025-12-25T03:12:21.052+0000][gc          ] GC(673) Pause Young (Normal) (G1 Evacuation Pause) 922M->317M(1024M) 24.512ms
[2025-12-25T03:12:21.052+0000][gc,cpu      ] GC(673) User=0.14s Sys=0.00s Real=0.03s
[2025-12-25T03:12:51.221+0000][gc,start    ] GC(674) Pause Young (Normal) (G1 Evacuation Pause)
[2025-12-25T03:12:51.222+0000][gc,task     ] GC(674) Using 8 workers of 8 for evacuation
[2025-12-25T03:12:51.241+0000][gc,phases   ] GC(674)   Pre Evacuate Collection Set: 1.1ms
[2025-12-25T03:12:51.241+0000][gc,phases   ] GC(674)   Merge Heap Roots: 0.3ms
[2025-12-25T03:12:51.241+0000][gc,phases   ] GC(674)   Evacuate Collection Set: 16.2ms
[2025-12-25T03:12:51.241+0000][gc,phases   ] GC(674)   Post Evacuate Collection Set: 1.6ms
[2025-12-25T03:12:51.241+0000][gc,phases   ] GC(674)   Other: 0.2ms
[2025-12-25T03:12:51.241+0000][gc,heap     ] GC(674) Eden regions: 605->0(604)
[2025-12-25T03:12:51.241+0000][gc,heap     ] GC(674) Survivor regions: 9->10(77)
[2025-12-25T03:12:51.241+0000][gc,heap     ] GC(674) Old regions: 159->159
[2025-12-25T03:12:51.242+0000][gc,heap     ] GC(674) Humongous regions: 151->151
[2025-12-25T03:12:51.242+0000][gc,metaspace] GC(674) Metaspace: 15842K(16256K)->15842K(16256K) NonClass: 14197K(14336K)->14197K(14336K) Class: 1645K(1920K)->1645K(1920K)
[2025-12-25T03:12:51.242+0000][gc          ] GC(674) Pause Young (Normal) (G1 Evacuation Pause) 922M->318M(1024M) 20.550ms
[2025-12-25T03:12:51.242+0000][gc,cpu      ] GC(674) User=0.12s Sys=0.00s Real=0.02s
[2025-12-25T03:13:30.844+0000][gc,start    ] GC(675) Pause Young (Normal) (G1 Evacuation Pause)
[2025-12-25T03:13:30.845+0000][gc,task     ] GC(675) Using 8 workers of 8 for evacuation
[2025-12-25T03:13:30.863+0000][gc,phases   ] GC(675)   Pre Evacuate Collection Set: 1.9ms
[2025-12-25T03:13:30.863+0000][gc,phases   ] GC(675)   Merge Heap Roots: 0.7ms
[2025-12-25T03:13:30.863+0000][gc,phases   ] GC(675)   Evacuate Collection Set: 14.2ms
[2025-12-25T03:13:30.863+0000][gc,phases   ] GC(675)   Post Evacuate Collection Set: 1.2ms
[2025-12-25T03:13:30.863+0000][gc,phases   ] GC(675)   Other: 0.2ms
[2025-12-25T03:13:30.863+0000][gc,heap     ] GC(675) Eden regions: 604->0(604)
[2025-12-25T03:13:30.863+0000][gc,heap     ] GC(675) Survivor regions: 10->10(77)
[2025-12-25T03:13:30.863+0000][gc,heap     ] GC(675) Old regions: 159->159
[2025-12-25T03:13:30.863+0000][gc,heap     ] GC(675) Humongous regions: 151->151
[2025-12-25T03:13:30.863+0000][gc,metaspace] GC(675) Metaspace: 15842K(16256K)->15842K(16256K) NonClass: 14197K(14336K)->14197K(14336K) Class: 1645K(1920K)->1645K(1920K)
[2025-12-25T03:13:30.863+0000][gc          ] GC(675) Pause Young (Normal) (G1 Evacuation Pause) 922M->318M(1024M) 19.032ms
[2025-12-25T03:13:30.863+0000][gc,cpu      ] GC(675) User=0.13s Sys=0.00s Real=0.01s
[2025-12-25T03:14:01.084+0000][gc,start    ] GC(676) Pause Young (Normal) (G1 Evacuation Pause)
[2025-12-25T03:14:01.084+0000][gc,task     ] GC(676) Using 8 workers of 8 for evacuation
[2025-12-25T03:14:01.098+0000][gc,phases   ] GC(676)   Pre Evacuate Collection Set: 2.2ms
[2025-12-25T03:14:01.098+0000][gc,phases   ] GC(676)   Merge Heap Roots: 0.4ms
[2025-12-25T03:14:01.099+0000][gc,phases   ] GC(676)   Evacuate Collection Set: 10.0ms
[2025-12-25T03:14:01.099+0000][gc,phases   ] GC(676)   Post Evacuate Collection Set: 1.1ms
[2025-12-25T03:14:01.099+0000][gc,phases   ] GC(676)   Other: 0.3ms
[2025-12-25T03:14:01.099+0000][gc,heap     ] GC(676) Eden regions: 604->0(607)
[2025-12-25T03:14:01.099+0000][gc,heap     ] GC(676) Survivor regions: 10->7(77)
[2025-12-25T03:14:01.099+0000][gc,heap     ] GC(676) Old regions: 159->159
[2025-12-25T03:14:01.099+0000][gc,heap     ] GC(676) Humongous regions: 151->151
[2025-12-25T03:14:01.099+0000][gc,metaspace] GC(676) Metaspace: 15842K(16256K)->15842K(16256K) NonClass: 14197K(14336K)->14197K(14336K) Class: 1645K(1920K)->1645K(1920K)
[2025-12-25T03:14:01.099+0000][gc          ] GC(676) Pause Young (Normal) (G1 Evacuation Pause) 922M->315M(1024M) 15.489ms
[2025-12-25T03:14:01.099+0000][gc,cpu      ] GC(676) User=0.09s Sys=0.00s Real=0.01s
[2025-12-25T03:14:40.870+0000][gc,start    ] GC(677) Pause Young (Normal) (G1 Evacuation Pause)
[2025-12-25T03:14:40.872+0000][gc,task     ] GC(677) Using 8 workers of 8 for evacuation
[2025-12-25T03:14:40.914+0000][gc,phases   ] GC(677)   Pre Evacuate Collection Set: 15.5ms
[2025-12-25T03:14:40.917+0000][gc,phases   ] GC(677)   Merge Heap Roots: 0.4ms
[2025-12-25T03:14:40.917+0000][gc,phases   ] GC(677)   Evacuate Collection Set: 23.0ms
[2025-12-25T03:14:40.918+0000][gc,phases   ] GC(677)   Post Evacuate Collection Set: 2.3ms
[2025-12-25T03:14:40.918+0000][gc,phases   ] GC(677)   Other: 1.1ms
[2025-12-25T03:14:40.918+0000][gc,heap     ] GC(677) Eden regions: 607->0(608)
[2025-12-25T03:14:40.918+0000][gc,heap     ] GC(677) Survivor regions: 7->6(77)
[2025-12-25T03:14:40.919+0000][gc,heap     ] GC(677) Old regions: 159->159
[2025-12-25T03:14:40.919+0000][gc,heap     ] GC(677) Humongous regions: 151->151
[2025-12-25T03:14:40.919+0000][gc,metaspace] GC(677) Metaspace: 15842K(16256K)->15842K(16256K) NonClass: 14197K(14336K)->14197K(14336K) Class: 1645K(1920K)->1645K(1920K)
[2025-12-25T03:14:40.919+0000][gc          ] GC(677) Pause Young (Normal) (G1 Evacuation Pause) 922M->315M(1024M) 49.109ms
[2025-12-25T03:14:40.920+0000][gc,cpu      ] GC(677) User=0.15s Sys=0.01s Real=0.05s
[2025-12-25T03:15:11.164+0000][gc,start    ] GC(678) Pause Young (Normal) (G1 Evacuation Pause)
[2025-12-25T03:15:11.165+0000][gc,task     ] GC(678) Using 8 workers of 8 for evacuation
[2025-12-25T03:15:11.183+0000][gc,phases   ] GC(678)   Pre Evacuate Collection Set: 1.1ms
[2025-12-25T03:15:11.183+0000][gc,phases   ] GC(678)   Merge Heap Roots: 0.2ms
[2025-12-25T03:15:11.183+0000][gc,phases   ] GC(678)   Evacuate Collection Set: 12.8ms
[2025-12-25T03:15:11.183+0000][gc,phases   ] GC(678)   Post Evacuate Collection Set: 3.0ms
[2025-12-25T03:15:11.183+0000][gc,phases   ] GC(678)   Other: 0.2ms
[2025-12-25T03:15:11.183+0000][gc,heap     ] GC(678) Eden regions: 608->0(607)
[2025-12-25T03:15:11.183+0000][gc,heap     ] GC(678) Survivor regions: 6->7(77)
[2025-12-25T03:15:11.183+0000][gc,heap     ] GC(678) Old regions: 159->160
[2025-12-25T03:15:11.183+0000][gc,heap     ] GC(678) Humongous regions: 151->151
[2025-12-25T03:15:11.183+0000][gc,metaspace] GC(678) Metaspace: 15844K(16256K)->15844K(16256K) NonClass: 14199K(14336K)->14199K(14336K) Class: 1645K(1920K)->1645K(1920K)
[2025-12-25T03:15:11.183+0000][gc          ] GC(678) Pause Young (Normal) (G1 Evacuation Pause) 923M->317M(1024M) 19.062ms
[2025-12-25T03:15:11.183+0000][gc,cpu      ] GC(678) User=0.12s Sys=0.00s Real=0.02s
[2025-12-25T03:15:50.708+0000][gc,start    ] GC(679) Pause Young (Normal) (G1 Evacuation Pause)
[2025-12-25T03:15:50.708+0000][gc,task     ] GC(679) Using 8 workers of 8 for evacuation
[2025-12-25T03:15:50.719+0000][gc,phases   ] GC(679)   Pre Evacuate Collection Set: 1.0ms
[2025-12-25T03:15:50.719+0000][gc,phases   ] GC(679)   Merge Heap Roots: 0.2ms
[2025-12-25T03:15:50.719+0000][gc,phases   ] GC(679)   Evacuate Collection Set: 7.6ms
[2025-12-25T03:15:50.719+0000][gc,phases   ] GC(679)   Post Evacuate Collection Set: 1.9ms
[2025-12-25T03:15:50.719+0000][gc,phases   ] GC(679)   Other: 0.1ms
[2025-12-25T03:15:50.719+0000][gc,heap     ] GC(679) Eden regions: 607->0(607)
[2025-12-25T03:15:50.719+0000][gc,heap     ] GC(679) Survivor regions: 7->7(77)
[2025-12-25T03:15:50.719+0000][gc,heap     ] GC(679) Old regions: 160->160
[2025-12-25T03:15:50.719+0000][gc,heap     ] GC(679) Humongous regions: 151->151
[2025-12-25T03:15:50.719+0000][gc,metaspace] GC(679) Metaspace: 15844K(16256K)->15844K(16256K) NonClass: 14199K(14336K)->14199K(14336K) Class: 1645K(1920K)->1645K(1920K)
[2025-12-25T03:15:50.719+0000][gc          ] GC(679) Pause Young (Normal) (G1 Evacuation Pause) 924M->316M(1024M) 11.806ms
[2025-12-25T03:15:50.719+0000][gc,cpu      ] GC(679) User=0.07s Sys=0.00s Real=0.02s
[2025-12-25T03:16:20.999+0000][gc,start    ] GC(680) Pause Young (Normal) (G1 Evacuation Pause)
[2025-12-25T03:16:21.002+0000][gc,task     ] GC(680) Using 8 workers of 8 for evacuation
[2025-12-25T03:16:21.045+0000][gc,phases   ] GC(680)   Pre Evacuate Collection Set: 3.3ms
[2025-12-25T03:16:21.046+0000][gc,phases   ] GC(680)   Merge Heap Roots: 0.7ms
[2025-12-25T03:16:21.046+0000][gc,phases   ] GC(680)   Evacuate Collection Set: 35.3ms
[2025-12-25T03:16:21.046+0000][gc,phases   ] GC(680)   Post Evacuate Collection Set: 3.7ms
[2025-12-25T03:16:21.046+0000][gc,phases   ] GC(680)   Other: 0.8ms
[2025-12-25T03:16:21.046+0000][gc,heap     ] GC(680) Eden regions: 607->0(606)
[2025-12-25T03:16:21.046+0000][gc,heap     ] GC(680) Survivor regions: 7->8(77)
[2025-12-25T03:16:21.046+0000][gc,heap     ] GC(680) Old regions: 160->160
[2025-12-25T03:16:21.046+0000][gc,heap     ] GC(680) Humongous regions: 151->151
[2025-12-25T03:16:21.046+0000][gc,metaspace] GC(680) Metaspace: 15844K(16256K)->15844K(16256K) NonClass: 14199K(14336K)->14199K(14336K) Class: 1645K(1920K)->1645K(1920K)
[2025-12-25T03:16:21.046+0000][gc          ] GC(680) Pause Young (Normal) (G1 Evacuation Pause) 923M->318M(1024M) 46.846ms
[2025-12-25T03:16:21.046+0000][gc,cpu      ] GC(680) User=0.20s Sys=0.00s Real=0.05s
[2025-12-25T03:16:51.194+0000][gc,start    ] GC(681) Pause Young (Normal) (G1 Evacuation Pause)
[2025-12-25T03:16:51.195+0000][gc,task     ] GC(681) Using 8 workers of 8 for evacuation
[2025-12-25T03:16:51.213+0000][gc,phases   ] GC(681)   Pre Evacuate Collection Set: 1.1ms
[2025-12-25T03:16:51.213+0000][gc,phases   ] GC(681)   Merge Heap Roots: 0.3ms
[2025-12-25T03:16:51.213+0000][gc,phases   ] GC(681)   Evacuate Collection Set: 15.3ms
[2025-12-25T03:16:51.213+0000][gc,phases   ] GC(681)   Post Evacuate Collection Set: 1.3ms
[2025-12-25T03:16:51.213+0000][gc,phases   ] GC(681)   Other: 0.2ms
[2025-12-25T03:16:51.213+0000][gc,heap     ] GC(681) Eden regions: 606->0(604)
[2025-12-25T03:16:51.213+0000][gc,heap     ] GC(681) Survivor regions: 8->10(77)
[2025-12-25T03:16:51.213+0000][gc,heap     ] GC(681) Old regions: 160->160
[2025-12-25T03:16:51.213+0000][gc,heap     ] GC(681) Humongous regions: 151->151
[2025-12-25T03:16:51.213+0000][gc,metaspace] GC(681) Metaspace: 15844K(16256K)->15844K(16256K) NonClass: 14199K(14336K)->14199K(14336K) Class: 1645K(1920K)->1645K(1920K)
[2025-12-25T03:16:51.213+0000][gc          ] GC(681) Pause Young (Normal) (G1 Evacuation Pause) 924M->320M(1024M) 19.412ms
[2025-12-25T03:16:51.214+0000][gc,cpu      ] GC(681) User=0.13s Sys=0.00s Real=0.02s
[2025-12-25T03:17:30.879+0000][gc,start    ] GC(682) Pause Young (Normal) (G1 Evacuation Pause)
[2025-12-25T03:17:30.879+0000][gc,task     ] GC(682) Using 8 workers of 8 for evacuation
[2025-12-25T03:17:30.900+0000][gc,phases   ] GC(682)   Pre Evacuate Collection Set: 1.1ms
[2025-12-25T03:17:30.900+0000][gc,phases   ] GC(682)   Merge Heap Roots: 0.2ms
[2025-12-25T03:17:30.901+0000][gc,phases   ] GC(682)   Evacuate Collection Set: 18.7ms
[2025-12-25T03:17:30.901+0000][gc,phases   ] GC(682)   Post Evacuate Collection Set: 1.2ms
[2025-12-25T03:17:30.901+0000][gc,phases   ] GC(682)   Other: 0.2ms
[2025-12-25T03:17:30.901+0000][gc,heap     ] GC(682) Eden regions: 604->0(605)
[2025-12-25T03:17:30.901+0000][gc,heap     ] GC(682) Survivor regions: 10->9(77)
[2025-12-25T03:17:30.901+0000][gc,heap     ] GC(682) Old regions: 160->161
[2025-12-25T03:17:30.901+0000][gc,heap     ] GC(682) Humongous regions: 151->151
[2025-12-25T03:17:30.901+0000][gc,metaspace] GC(682) Metaspace: 15844K(16256K)->15844K(16256K) NonClass: 14199K(14336K)->14199K(14336K) Class: 1645K(1920K)->1645K(1920K)
[2025-12-25T03:17:30.901+0000][gc          ] GC(682) Pause Young (Normal) (G1 Evacuation Pause) 924M->320M(1024M) 22.509ms
[2025-12-25T03:17:30.901+0000][gc,cpu      ] GC(682) User=0.12s Sys=0.01s Real=0.02s
[2025-12-25T03:18:01.108+0000][gc,start    ] GC(683) Pause Young (Normal) (G1 Evacuation Pause)
[2025-12-25T03:18:01.109+0000][gc,task     ] GC(683) Using 8 workers of 8 for evacuation
[2025-12-25T03:18:01.128+0000][gc,phases   ] GC(683)   Pre Evacuate Collection Set: 1.0ms
[2025-12-25T03:18:01.128+0000][gc,phases   ] GC(683)   Merge Heap Roots: 0.3ms
[2025-12-25T03:18:01.128+0000][gc,phases   ] GC(683)   Evacuate Collection Set: 13.3ms
[2025-12-25T03:18:01.129+0000][gc,phases   ] GC(683)   Post Evacuate Collection Set: 4.8ms
[2025-12-25T03:18:01.129+0000][gc,phases   ] GC(683)   Other: 0.2ms
[2025-12-25T03:18:01.129+0000][gc,heap     ] GC(683) Eden regions: 605->0(603)
[2025-12-25T03:18:01.129+0000][gc,heap     ] GC(683) Survivor regions: 9->11(77)
[2025-12-25T03:18:01.129+0000][gc,heap     ] GC(683) Old regions: 161->161
[2025-12-25T03:18:01.129+0000][gc,heap     ] GC(683) Humongous regions: 151->151
[2025-12-25T03:18:01.129+0000][gc,metaspace] GC(683) Metaspace: 15845K(16256K)->15845K(16256K) NonClass: 14199K(14336K)->14199K(14336K) Class: 1645K(1920K)->1645K(1920K)
[2025-12-25T03:18:01.129+0000][gc          ] GC(683) Pause Young (Normal) (G1 Evacuation Pause) 925M->322M(1024M) 20.660ms
[2025-12-25T03:18:01.129+0000][gc,cpu      ] GC(683) User=0.12s Sys=0.00s Real=0.02s
[2025-12-25T03:18:40.787+0000][gc,start    ] GC(684) Pause Young (Normal) (G1 Evacuation Pause)
[2025-12-25T03:18:40.788+0000][gc,task     ] GC(684) Using 8 workers of 8 for evacuation
[2025-12-25T03:18:40.806+0000][gc,phases   ] GC(684)   Pre Evacuate Collection Set: 5.9ms
[2025-12-25T03:18:40.806+0000][gc,phases   ] GC(684)   Merge Heap Roots: 0.7ms
[2025-12-25T03:18:40.806+0000][gc,phases   ] GC(684)   Evacuate Collection Set: 8.2ms
[2025-12-25T03:18:40.806+0000][gc,phases   ] GC(684)   Post Evacuate Collection Set: 1.6ms
[2025-12-25T03:18:40.806+0000][gc,phases   ] GC(684)   Other: 1.3ms
[2025-12-25T03:18:40.806+0000][gc,heap     ] GC(684) Eden regions: 603->0(609)
[2025-12-25T03:18:40.806+0000][gc,heap     ] GC(684) Survivor regions: 11->5(77)
[2025-12-25T03:18:40.807+0000][gc,heap     ] GC(684) Old regions: 161->161
[2025-12-25T03:18:40.807+0000][gc,heap     ] GC(684) Humongous regions: 151->151
[2025-12-25T03:18:40.807+0000][gc,metaspace] GC(684) Metaspace: 15845K(16256K)->15845K(16256K) NonClass: 14199K(14336K)->14199K(14336K) Class: 1645K(1920K)->1645K(1920K)
[2025-12-25T03:18:40.807+0000][gc          ] GC(684) Pause Young (Normal) (G1 Evacuation Pause) 925M->316M(1024M) 20.207ms
[2025-12-25T03:18:40.808+0000][gc,cpu      ] GC(684) User=0.08s Sys=0.00s Real=0.02s
[2025-12-25T03:19:11.122+0000][gc,start    ] GC(685) Pause Young (Normal) (G1 Evacuation Pause)
[2025-12-25T03:19:11.122+0000][gc,task     ] GC(685) Using 8 workers of 8 for evacuation
[2025-12-25T03:19:11.131+0000][gc,phases   ] GC(685)   Pre Evacuate Collection Set: 1.0ms
[2025-12-25T03:19:11.132+0000][gc,phases   ] GC(685)   Merge Heap Roots: 0.3ms
[2025-12-25T03:19:11.132+0000][gc,phases   ] GC(685)   Evacuate Collection Set: 7.0ms
[2025-12-25T03:19:11.132+0000][gc,phases   ] GC(685)   Post Evacuate Collection Set: 1.0ms
[2025-12-25T03:19:11.132+0000][gc,phases   ] GC(685)   Other: 0.2ms
[2025-12-25T03:19:11.132+0000][gc,heap     ] GC(685) Eden regions: 609->0(607)
[2025-12-25T03:19:11.132+0000][gc,heap     ] GC(685) Survivor regions: 5->7(77)
[2025-12-25T03:19:11.132+0000][gc,heap     ] GC(685) Old regions: 161->161
[2025-12-25T03:19:11.132+0000][gc,heap     ] GC(685) Humongous regions: 151->151
[2025-12-25T03:19:11.132+0000][gc,metaspace] GC(685) Metaspace: 15845K(16256K)->15845K(16256K) NonClass: 14199K(14336K)->14199K(14336K) Class: 1645K(1920K)->1645K(1920K)
[2025-12-25T03:19:11.132+0000][gc          ] GC(685) Pause Young (Normal) (G1 Evacuation Pause) 925M->318M(1024M) 10.213ms
[2025-12-25T03:19:11.132+0000][gc,cpu      ] GC(685) User=0.06s Sys=0.00s Real=0.01s
[2025-12-25T03:19:50.714+0000][gc,start    ] GC(686) Pause Young (Normal) (G1 Evacuation Pause)
[2025-12-25T03:19:50.714+0000][gc,task     ] GC(686) Using 8 workers of 8 for evacuation
[2025-12-25T03:19:50.728+0000][gc,phases   ] GC(686)   Pre Evacuate Collection Set: 1.1ms
[2025-12-25T03:19:50.728+0000][gc,phases   ] GC(686)   Merge Heap Roots: 0.2ms
[2025-12-25T03:19:50.728+0000][gc,phases   ] GC(686)   Evacuate Collection Set: 10.7ms
[2025-12-25T03:19:50.728+0000][gc,phases   ] GC(686)   Post Evacuate Collection Set: 1.1ms
[2025-12-25T03:19:50.728+0000][gc,phases   ] GC(686)   Other: 0.3ms
[2025-12-25T03:19:50.728+0000][gc,heap     ] GC(686) Eden regions: 607->0(607)
[2025-12-25T03:19:50.728+0000][gc,heap     ] GC(686) Survivor regions: 7->7(77)
[2025-12-25T03:19:50.728+0000][gc,heap     ] GC(686) Old regions: 161->162
[2025-12-25T03:19:50.728+0000][gc,heap     ] GC(686) Humongous regions: 151->151
[2025-12-25T03:19:50.728+0000][gc,metaspace] GC(686) Metaspace: 15845K(16256K)->15845K(16256K) NonClass: 14199K(14336K)->14199K(14336K) Class: 1645K(1920K)->1645K(1920K)
[2025-12-25T03:19:50.728+0000][gc          ] GC(686) Pause Young (Normal) (G1 Evacuation Pause) 925M->318M(1024M) 14.443ms
[2025-12-25T03:19:50.728+0000][gc,cpu      ] GC(686) User=0.09s Sys=0.00s Real=0.02s
[2025-12-25T03:20:20.944+0000][gc,start    ] GC(687) Pause Young (Normal) (G1 Evacuation Pause)
[2025-12-25T03:20:20.944+0000][gc,task     ] GC(687) Using 8 workers of 8 for evacuation
[2025-12-25T03:20:20.960+0000][gc,phases   ] GC(687)   Pre Evacuate Collection Set: 1.0ms
[2025-12-25T03:20:20.960+0000][gc,phases   ] GC(687)   Merge Heap Roots: 0.3ms
[2025-12-25T03:20:20.960+0000][gc,phases   ] GC(687)   Evacuate Collection Set: 11.8ms
[2025-12-25T03:20:20.960+0000][gc,phases   ] GC(687)   Post Evacuate Collection Set: 2.4ms
[2025-12-25T03:20:20.960+0000][gc,phases   ] GC(687)   Other: 0.4ms
[2025-12-25T03:20:20.961+0000][gc,heap     ] GC(687) Eden regions: 607->0(606)
[2025-12-25T03:20:20.961+0000][gc,heap     ] GC(687) Survivor regions: 7->8(77)
[2025-12-25T03:20:20.961+0000][gc,heap     ] GC(687) Old regions: 162->162
[2025-12-25T03:20:20.961+0000][gc,heap     ] GC(687) Humongous regions: 151->151
[2025-12-25T03:20:20.961+0000][gc,metaspace] GC(687) Metaspace: 15852K(16256K)->15852K(16256K) NonClass: 14207K(14336K)->14207K(14336K) Class: 1645K(1920K)->1645K(1920K)
[2025-12-25T03:20:20.961+0000][gc          ] GC(687) Pause Young (Normal) (G1 Evacuation Pause) 925M->320M(1024M) 17.374ms
[2025-12-25T03:20:20.961+0000][gc,cpu      ] GC(687) User=0.09s Sys=0.00s Real=0.02s
[2025-12-25T03:20:51.143+0000][gc,start    ] GC(688) Pause Young (Normal) (G1 Evacuation Pause)
[2025-12-25T03:20:51.143+0000][gc,task     ] GC(688) Using 8 workers of 8 for evacuation
[2025-12-25T03:20:51.161+0000][gc,phases   ] GC(688)   Pre Evacuate Collection Set: 1.0ms
[2025-12-25T03:20:51.162+0000][gc,phases   ] GC(688)   Merge Heap Roots: 0.2ms
[2025-12-25T03:20:51.162+0000][gc,phases   ] GC(688)   Evacuate Collection Set: 15.6ms
[2025-12-25T03:20:51.162+0000][gc,phases   ] GC(688)   Post Evacuate Collection Set: 1.0ms
[2025-12-25T03:20:51.162+0000][gc,phases   ] GC(688)   Other: 0.2ms
[2025-12-25T03:20:51.162+0000][gc,heap     ] GC(688) Eden regions: 606->0(605)
[2025-12-25T03:20:51.162+0000][gc,heap     ] GC(688) Survivor regions: 8->9(77)
[2025-12-25T03:20:51.162+0000][gc,heap     ] GC(688) Old regions: 162->162
[2025-12-25T03:20:51.162+0000][gc,heap     ] GC(688) Humongous regions: 151->151
[2025-12-25T03:20:51.162+0000][gc,metaspace] GC(688) Metaspace: 15852K(16256K)->15852K(16256K) NonClass: 14207K(14336K)->14207K(14336K) Class: 1645K(1920K)->1645K(1920K)
[2025-12-25T03:20:51.162+0000][gc          ] GC(688) Pause Young (Normal) (G1 Evacuation Pause) 926M->321M(1024M) 19.128ms
[2025-12-25T03:20:51.162+0000][gc,cpu      ] GC(688) User=0.11s Sys=0.00s Real=0.02s
[2025-12-25T03:21:30.844+0000][gc,start    ] GC(689) Pause Young (Normal) (G1 Evacuation Pause)
[2025-12-25T03:21:30.845+0000][gc,task     ] GC(689) Using 8 workers of 8 for evacuation
[2025-12-25T03:21:30.857+0000][gc,phases   ] GC(689)   Pre Evacuate Collection Set: 1.1ms
[2025-12-25T03:21:30.857+0000][gc,phases   ] GC(689)   Merge Heap Roots: 0.2ms
[2025-12-25T03:21:30.857+0000][gc,phases   ] GC(689)   Evacuate Collection Set: 9.8ms
[2025-12-25T03:21:30.857+0000][gc,phases   ] GC(689)   Post Evacuate Collection Set: 1.0ms
[2025-12-25T03:21:30.857+0000][gc,phases   ] GC(689)   Other: 0.2ms
[2025-12-25T03:21:30.857+0000][gc,heap     ] GC(689) Eden regions: 605->0(604)
[2025-12-25T03:21:30.857+0000][gc,heap     ] GC(689) Survivor regions: 9->10(77)
[2025-12-25T03:21:30.858+0000][gc,heap     ] GC(689) Old regions: 162->162
[2025-12-25T03:21:30.858+0000][gc,heap     ] GC(689) Humongous regions: 151->151
[2025-12-25T03:21:30.858+0000][gc,metaspace] GC(689) Metaspace: 15852K(16256K)->15852K(16256K) NonClass: 14207K(14336K)->14207K(14336K) Class: 1645K(1920K)->1645K(1920K)
[2025-12-25T03:21:30.858+0000][gc          ] GC(689) Pause Young (Normal) (G1 Evacuation Pause) 926M->322M(1024M) 13.221ms
[2025-12-25T03:21:30.858+0000][gc,cpu      ] GC(689) User=0.07s Sys=0.00s Real=0.01s
[2025-12-25T03:22:01.082+0000][gc,start    ] GC(690) Pause Young (Normal) (G1 Evacuation Pause)
[2025-12-25T03:22:01.084+0000][gc,task     ] GC(690) Using 8 workers of 8 for evacuation
[2025-12-25T03:22:01.102+0000][gc,phases   ] GC(690)   Pre Evacuate Collection Set: 1.0ms
[2025-12-25T03:22:01.102+0000][gc,phases   ] GC(690)   Merge Heap Roots: 0.3ms
[2025-12-25T03:22:01.102+0000][gc,phases   ] GC(690)   Evacuate Collection Set: 16.2ms
[2025-12-25T03:22:01.102+0000][gc,phases   ] GC(690)   Post Evacuate Collection Set: 1.1ms
[2025-12-25T03:22:01.102+0000][gc,phases   ] GC(690)   Other: 0.2ms
[2025-12-25T03:22:01.103+0000][gc,heap     ] GC(690) Eden regions: 604->0(603)
[2025-12-25T03:22:01.103+0000][gc,heap     ] GC(690) Survivor regions: 10->11(77)
[2025-12-25T03:22:01.103+0000][gc,heap     ] GC(690) Old regions: 162->163
[2025-12-25T03:22:01.103+0000][gc,heap     ] GC(690) Humongous regions: 151->151
[2025-12-25T03:22:01.103+0000][gc,metaspace] GC(690) Metaspace: 15852K(16256K)->15852K(16256K) NonClass: 14207K(14336K)->14207K(14336K) Class: 1645K(1920K)->1645K(1920K)
[2025-12-25T03:22:01.103+0000][gc          ] GC(690) Pause Young (Normal) (G1 Evacuation Pause) 926M->323M(1024M) 20.380ms
[2025-12-25T03:22:01.103+0000][gc,cpu      ] GC(690) User=0.11s Sys=0.00s Real=0.02s
[2025-12-25T03:22:40.766+0000][gc,start    ] GC(691) Pause Young (Normal) (G1 Evacuation Pause)
[2025-12-25T03:22:40.767+0000][gc,task     ] GC(691) Using 8 workers of 8 for evacuation
[2025-12-25T03:22:40.783+0000][gc,phases   ] GC(691)   Pre Evacuate Collection Set: 1.0ms
[2025-12-25T03:22:40.783+0000][gc,phases   ] GC(691)   Merge Heap Roots: 0.3ms
[2025-12-25T03:22:40.783+0000][gc,phases   ] GC(691)   Evacuate Collection Set: 13.1ms
[2025-12-25T03:22:40.783+0000][gc,phases   ] GC(691)   Post Evacuate Collection Set: 1.3ms
[2025-12-25T03:22:40.783+0000][gc,phases   ] GC(691)   Other: 0.3ms
[2025-12-25T03:22:40.783+0000][gc,heap     ] GC(691) Eden regions: 603->0(609)
[2025-12-25T03:22:40.783+0000][gc,heap     ] GC(691) Survivor regions: 11->5(77)
[2025-12-25T03:22:40.783+0000][gc,heap     ] GC(691) Old regions: 163->163
[2025-12-25T03:22:40.783+0000][gc,heap     ] GC(691) Humongous regions: 151->151
[2025-12-25T03:22:40.783+0000][gc,metaspace] GC(691) Metaspace: 15852K(16256K)->15852K(16256K) NonClass: 14207K(14336K)->14207K(14336K) Class: 1645K(1920K)->1645K(1920K)
[2025-12-25T03:22:40.783+0000][gc          ] GC(691) Pause Young (Normal) (G1 Evacuation Pause) 926M->318M(1024M) 17.302ms
[2025-12-25T03:22:40.783+0000][gc,cpu      ] GC(691) User=0.11s Sys=0.00s Real=0.02s
[2025-12-25T03:23:11.107+0000][gc,start    ] GC(692) Pause Young (Normal) (G1 Evacuation Pause)
[2025-12-25T03:23:11.109+0000][gc,task     ] GC(692) Using 8 workers of 8 for evacuation
[2025-12-25T03:23:11.123+0000][gc,phases   ] GC(692)   Pre Evacuate Collection Set: 4.3ms
[2025-12-25T03:23:11.124+0000][gc,phases   ] GC(692)   Merge Heap Roots: 0.5ms
[2025-12-25T03:23:11.124+0000][gc,phases   ] GC(692)   Evacuate Collection Set: 7.6ms
[2025-12-25T03:23:11.124+0000][gc,phases   ] GC(692)   Post Evacuate Collection Set: 1.1ms
[2025-12-25T03:23:11.124+0000][gc,phases   ] GC(692)   Other: 1.0ms
[2025-12-25T03:23:11.124+0000][gc,heap     ] GC(692) Eden regions: 609->0(607)
[2025-12-25T03:23:11.124+0000][gc,heap     ] GC(692) Survivor regions: 5->7(77)
[2025-12-25T03:23:11.124+0000][gc,heap     ] GC(692) Old regions: 163->163
[2025-12-25T03:23:11.124+0000][gc,heap     ] GC(692) Humongous regions: 151->151
[2025-12-25T03:23:11.124+0000][gc,metaspace] GC(692) Metaspace: 15852K(16256K)->15852K(16256K) NonClass: 14207K(14336K)->14207K(14336K) Class: 1645K(1920K)->1645K(1920K)
[2025-12-25T03:23:11.124+0000][gc          ] GC(692) Pause Young (Normal) (G1 Evacuation Pause) 927M->320M(1024M) 18.479ms
[2025-12-25T03:23:11.125+0000][gc,cpu      ] GC(692) User=0.07s Sys=0.00s Real=0.02s
[2025-12-25T03:23:50.690+0000][gc,start    ] GC(693) Pause Young (Normal) (G1 Evacuation Pause)
[2025-12-25T03:23:50.691+0000][gc,task     ] GC(693) Using 8 workers of 8 for evacuation
[2025-12-25T03:23:50.707+0000][gc,phases   ] GC(693)   Pre Evacuate Collection Set: 2.5ms
[2025-12-25T03:23:50.707+0000][gc,phases   ] GC(693)   Merge Heap Roots: 0.7ms
[2025-12-25T03:23:50.707+0000][gc,phases   ] GC(693)   Evacuate Collection Set: 11.6ms
[2025-12-25T03:23:50.707+0000][gc,phases   ] GC(693)   Post Evacuate Collection Set: 1.1ms
[2025-12-25T03:23:50.708+0000][gc,phases   ] GC(693)   Other: 0.3ms
[2025-12-25T03:23:50.708+0000][gc,heap     ] GC(693) Eden regions: 607->0(608)
[2025-12-25T03:23:50.708+0000][gc,heap     ] GC(693) Survivor regions: 7->6(77)
[2025-12-25T03:23:50.708+0000][gc,heap     ] GC(693) Old regions: 163->163
[2025-12-25T03:23:50.708+0000][gc,heap     ] GC(693) Humongous regions: 151->151
[2025-12-25T03:23:50.708+0000][gc,metaspace] GC(693) Metaspace: 15852K(16256K)->15852K(16256K) NonClass: 14207K(14336K)->14207K(14336K) Class: 1645K(1920K)->1645K(1920K)
[2025-12-25T03:23:50.708+0000][gc          ] GC(693) Pause Young (Normal) (G1 Evacuation Pause) 927M->319M(1024M) 17.471ms
[2025-12-25T03:23:50.708+0000][gc,cpu      ] GC(693) User=0.08s Sys=0.01s Real=0.02s
[2025-12-25T03:24:20.953+0000][gc,start    ] GC(694) Pause Young (Normal) (G1 Evacuation Pause)
[2025-12-25T03:24:20.953+0000][gc,task     ] GC(694) Using 8 workers of 8 for evacuation
[2025-12-25T03:24:20.968+0000][gc,phases   ] GC(694)   Pre Evacuate Collection Set: 1.1ms
[2025-12-25T03:24:20.968+0000][gc,phases   ] GC(694)   Merge Heap Roots: 0.2ms
[2025-12-25T03:24:20.968+0000][gc,phases   ] GC(694)   Evacuate Collection Set: 11.5ms
[2025-12-25T03:24:20.968+0000][gc,phases   ] GC(694)   Post Evacuate Collection Set: 1.4ms
[2025-12-25T03:24:20.968+0000][gc,phases   ] GC(694)   Other: 0.2ms
[2025-12-25T03:24:20.968+0000][gc,heap     ] GC(694) Eden regions: 608->0(606)
[2025-12-25T03:24:20.968+0000][gc,heap     ] GC(694) Survivor regions: 6->8(77)
[2025-12-25T03:24:20.968+0000][gc,heap     ] GC(694) Old regions: 163->164
[2025-12-25T03:24:20.968+0000][gc,heap     ] GC(694) Humongous regions: 151->151
[2025-12-25T03:24:20.968+0000][gc,metaspace] GC(694) Metaspace: 15852K(16256K)->15852K(16256K) NonClass: 14207K(14336K)->14207K(14336K) Class: 1645K(1920K)->1645K(1920K)
[2025-12-25T03:24:20.968+0000][gc          ] GC(694) Pause Young (Normal) (G1 Evacuation Pause) 927M->321M(1024M) 15.342ms
[2025-12-25T03:24:20.968+0000][gc,cpu      ] GC(694) User=0.09s Sys=0.01s Real=0.01s
[2025-12-25T03:24:51.150+0000][gc,start    ] GC(695) Pause Young (Normal) (G1 Evacuation Pause)
[2025-12-25T03:24:51.150+0000][gc,task     ] GC(695) Using 8 workers of 8 for evacuation
[2025-12-25T03:24:51.168+0000][gc,phases   ] GC(695)   Pre Evacuate Collection Set: 1.3ms
[2025-12-25T03:24:51.168+0000][gc,phases   ] GC(695)   Merge Heap Roots: 0.7ms
[2025-12-25T03:24:51.168+0000][gc,phases   ] GC(695)   Evacuate Collection Set: 14.4ms
[2025-12-25T03:24:51.168+0000][gc,phases   ] GC(695)   Post Evacuate Collection Set: 1.1ms
[2025-12-25T03:24:51.168+0000][gc,phases   ] GC(695)   Other: 0.2ms
[2025-12-25T03:24:51.168+0000][gc,heap     ] GC(695) Eden regions: 606->0(605)
[2025-12-25T03:24:51.168+0000][gc,heap     ] GC(695) Survivor regions: 8->9(77)
[2025-12-25T03:24:51.168+0000][gc,heap     ] GC(695) Old regions: 164->164
[2025-12-25T03:24:51.168+0000][gc,heap     ] GC(695) Humongous regions: 151->151
[2025-12-25T03:24:51.168+0000][gc,metaspace] GC(695) Metaspace: 15852K(16256K)->15852K(16256K) NonClass: 14207K(14336K)->14207K(14336K) Class: 1645K(1920K)->1645K(1920K)
[2025-12-25T03:24:51.168+0000][gc          ] GC(695) Pause Young (Normal) (G1 Evacuation Pause) 927M->323M(1024M) 18.853ms
[2025-12-25T03:24:51.169+0000][gc,cpu      ] GC(695) User=0.11s Sys=0.00s Real=0.02s
[2025-12-25T03:25:30.912+0000][gc,start    ] GC(696) Pause Young (Normal) (G1 Evacuation Pause)
[2025-12-25T03:25:30.912+0000][gc,task     ] GC(696) Using 8 workers of 8 for evacuation
[2025-12-25T03:25:30.935+0000][gc,phases   ] GC(696)   Pre Evacuate Collection Set: 1.1ms
[2025-12-25T03:25:30.935+0000][gc,phases   ] GC(696)   Merge Heap Roots: 0.2ms
[2025-12-25T03:25:30.935+0000][gc,phases   ] GC(696)   Evacuate Collection Set: 19.7ms
[2025-12-25T03:25:30.935+0000][gc,phases   ] GC(696)   Post Evacuate Collection Set: 1.1ms
[2025-12-25T03:25:30.935+0000][gc,phases   ] GC(696)   Other: 0.2ms
[2025-12-25T03:25:30.935+0000][gc,heap     ] GC(696) Eden regions: 605->0(605)
[2025-12-25T03:25:30.935+0000][gc,heap     ] GC(696) Survivor regions: 9->9(77)
[2025-12-25T03:25:30.935+0000][gc,heap     ] GC(696) Old regions: 164->164
[2025-12-25T03:25:30.935+0000][gc,heap     ] GC(696) Humongous regions: 151->151
[2025-12-25T03:25:30.935+0000][gc,metaspace] GC(696) Metaspace: 15852K(16256K)->15852K(16256K) NonClass: 14207K(14336K)->14207K(14336K) Class: 1645K(1920K)->1645K(1920K)
[2025-12-25T03:25:30.935+0000][gc          ] GC(696) Pause Young (Normal) (G1 Evacuation Pause) 928M->323M(1024M) 23.456ms
[2025-12-25T03:25:30.936+0000][gc,cpu      ] GC(696) User=0.17s Sys=0.00s Real=0.03s
[2025-12-25T03:26:01.311+0000][gc,start    ] GC(697) Pause Young (Normal) (G1 Evacuation Pause)
[2025-12-25T03:26:01.312+0000][gc,task     ] GC(697) Using 8 workers of 8 for evacuation
[2025-12-25T03:26:01.327+0000][gc,phases   ] GC(697)   Pre Evacuate Collection Set: 1.1ms
[2025-12-25T03:26:01.327+0000][gc,phases   ] GC(697)   Merge Heap Roots: 0.4ms
[2025-12-25T03:26:01.327+0000][gc,phases   ] GC(697)   Evacuate Collection Set: 12.5ms
[2025-12-25T03:26:01.327+0000][gc,phases   ] GC(697)   Post Evacuate Collection Set: 1.1ms
[2025-12-25T03:26:01.327+0000][gc,phases   ] GC(697)   Other: 0.2ms
[2025-12-25T03:26:01.327+0000][gc,heap     ] GC(697) Eden regions: 605->0(603)
[2025-12-25T03:26:01.327+0000][gc,heap     ] GC(697) Survivor regions: 9->11(77)
[2025-12-25T03:26:01.328+0000][gc,heap     ] GC(697) Old regions: 164->164
[2025-12-25T03:26:01.328+0000][gc,heap     ] GC(697) Humongous regions: 151->151
[2025-12-25T03:26:01.328+0000][gc,metaspace] GC(697) Metaspace: 15852K(16256K)->15852K(16256K) NonClass: 14207K(14336K)->14207K(14336K) Class: 1645K(1920K)->1645K(1920K)
[2025-12-25T03:26:01.328+0000][gc          ] GC(697) Pause Young (Normal) (G1 Evacuation Pause) 928M->324M(1024M) 17.152ms
[2025-12-25T03:26:01.328+0000][gc,cpu      ] GC(697) User=0.11s Sys=0.01s Real=0.02s
[2025-12-25T03:26:40.771+0000][gc,start    ] GC(698) Pause Young (Normal) (G1 Evacuation Pause)
[2025-12-25T03:26:40.772+0000][gc,task     ] GC(698) Using 8 workers of 8 for evacuation
[2025-12-25T03:26:40.789+0000][gc,phases   ] GC(698)   Pre Evacuate Collection Set: 1.8ms
[2025-12-25T03:26:40.789+0000][gc,phases   ] GC(698)   Merge Heap Roots: 0.6ms
[2025-12-25T03:26:40.789+0000][gc,phases   ] GC(698)   Evacuate Collection Set: 13.2ms
[2025-12-25T03:26:40.789+0000][gc,phases   ] GC(698)   Post Evacuate Collection Set: 1.5ms
[2025-12-25T03:26:40.789+0000][gc,phases   ] GC(698)   Other: 0.6ms
[2025-12-25T03:26:40.789+0000][gc,heap     ] GC(698) Eden regions: 603->0(609)
[2025-12-25T03:26:40.790+0000][gc,heap     ] GC(698) Survivor regions: 11->5(77)
[2025-12-25T03:26:40.790+0000][gc,heap     ] GC(698) Old regions: 164->164
[2025-12-25T03:26:40.790+0000][gc,heap     ] GC(698) Humongous regions: 151->151
[2025-12-25T03:26:40.790+0000][gc,metaspace] GC(698) Metaspace: 15852K(16256K)->15852K(16256K) NonClass: 14207K(14336K)->14207K(14336K) Class: 1645K(1920K)->1645K(1920K)
[2025-12-25T03:26:40.790+0000][gc          ] GC(698) Pause Young (Normal) (G1 Evacuation Pause) 927M->319M(1024M) 18.718ms
[2025-12-25T03:26:40.790+0000][gc,cpu      ] GC(698) User=0.09s Sys=0.00s Real=0.02s
[2025-12-25T03:27:11.028+0000][gc,start    ] GC(699) Pause Young (Normal) (G1 Evacuation Pause)
[2025-12-25T03:27:11.029+0000][gc,task     ] GC(699) Using 8 workers of 8 for evacuation
[2025-12-25T03:27:11.050+0000][gc,phases   ] GC(699)   Pre Evacuate Collection Set: 1.0ms
[2025-12-25T03:27:11.050+0000][gc,phases   ] GC(699)   Merge Heap Roots: 0.3ms
[2025-12-25T03:27:11.050+0000][gc,phases   ] GC(699)   Evacuate Collection Set: 18.6ms
[2025-12-25T03:27:11.050+0000][gc,phases   ] GC(699)   Post Evacuate Collection Set: 1.0ms
[2025-12-25T03:27:11.050+0000][gc,phases   ] GC(699)   Other: 0.2ms
[2025-12-25T03:27:11.050+0000][gc,heap     ] GC(699) Eden regions: 609->0(607)
[2025-12-25T03:27:11.050+0000][gc,heap     ] GC(699) Survivor regions: 5->7(77)
[2025-12-25T03:27:11.050+0000][gc,heap     ] GC(699) Old regions: 164->165
[2025-12-25T03:27:11.050+0000][gc,heap     ] GC(699) Humongous regions: 151->151
[2025-12-25T03:27:11.050+0000][gc,metaspace] GC(699) Metaspace: 15852K(16256K)->15852K(16256K) NonClass: 14207K(14336K)->14207K(14336K) Class: 1645K(1920K)->1645K(1920K)
[2025-12-25T03:27:11.050+0000][gc          ] GC(699) Pause Young (Normal) (G1 Evacuation Pause) 928M->321M(1024M) 22.000ms
[2025-12-25T03:27:11.051+0000][gc,cpu      ] GC(699) User=0.13s Sys=0.00s Real=0.03s
[2025-12-25T03:27:50.687+0000][gc,start    ] GC(700) Pause Young (Normal) (G1 Evacuation Pause)
[2025-12-25T03:27:50.689+0000][gc,task     ] GC(700) Using 8 workers of 8 for evacuation
[2025-12-25T03:27:50.710+0000][gc,phases   ] GC(700)   Pre Evacuate Collection Set: 3.9ms
[2025-12-25T03:27:50.710+0000][gc,phases   ] GC(700)   Merge Heap Roots: 0.8ms
[2025-12-25T03:27:50.710+0000][gc,phases   ] GC(700)   Evacuate Collection Set: 14.7ms
[2025-12-25T03:27:50.710+0000][gc,phases   ] GC(700)   Post Evacuate Collection Set: 1.4ms
[2025-12-25T03:27:50.710+0000][gc,phases   ] GC(700)   Other: 0.8ms
[2025-12-25T03:27:50.710+0000][gc,heap     ] GC(700) Eden regions: 607->0(608)
[2025-12-25T03:27:50.711+0000][gc,heap     ] GC(700) Survivor regions: 7->6(77)
[2025-12-25T03:27:50.711+0000][gc,heap     ] GC(700) Old regions: 165->165
[2025-12-25T03:27:50.711+0000][gc,heap     ] GC(700) Humongous regions: 151->151
[2025-12-25T03:27:50.711+0000][gc,metaspace] GC(700) Metaspace: 15852K(16256K)->15852K(16256K) NonClass: 14207K(14336K)->14207K(14336K) Class: 1645K(1920K)->1645K(1920K)
[2025-12-25T03:27:50.711+0000][gc          ] GC(700) Pause Young (Normal) (G1 Evacuation Pause) 928M->320M(1024M) 23.546ms
[2025-12-25T03:27:50.711+0000][gc,cpu      ] GC(700) User=0.11s Sys=0.00s Real=0.03s
[2025-12-25T03:28:21.124+0000][gc,start    ] GC(701) Pause Young (Normal) (G1 Evacuation Pause)
[2025-12-25T03:28:21.127+0000][gc,task     ] GC(701) Using 8 workers of 8 for evacuation
[2025-12-25T03:28:21.150+0000][gc,phases   ] GC(701)   Pre Evacuate Collection Set: 2.6ms
[2025-12-25T03:28:21.151+0000][gc,phases   ] GC(701)   Merge Heap Roots: 0.4ms
[2025-12-25T03:28:21.151+0000][gc,phases   ] GC(701)   Evacuate Collection Set: 16.6ms
[2025-12-25T03:28:21.151+0000][gc,phases   ] GC(701)   Post Evacuate Collection Set: 3.7ms
[2025-12-25T03:28:21.151+0000][gc,phases   ] GC(701)   Other: 1.6ms
[2025-12-25T03:28:21.151+0000][gc,heap     ] GC(701) Eden regions: 608->0(606)
[2025-12-25T03:28:21.151+0000][gc,heap     ] GC(701) Survivor regions: 6->8(77)
[2025-12-25T03:28:21.151+0000][gc,heap     ] GC(701) Old regions: 165->165
[2025-12-25T03:28:21.151+0000][gc,heap     ] GC(701) Humongous regions: 151->151
[2025-12-25T03:28:21.151+0000][gc,metaspace] GC(701) Metaspace: 15853K(16256K)->15853K(16256K) NonClass: 14208K(14336K)->14208K(14336K) Class: 1645K(1920K)->1645K(1920K)
[2025-12-25T03:28:21.151+0000][gc          ] GC(701) Pause Young (Normal) (G1 Evacuation Pause) 928M->323M(1024M) 27.754ms
[2025-12-25T03:28:21.151+0000][gc,cpu      ] GC(701) User=0.12s Sys=0.00s Real=0.03s
[2025-12-25T03:28:51.179+0000][gc,start    ] GC(702) Pause Young (Normal) (G1 Evacuation Pause)
[2025-12-25T03:28:51.180+0000][gc,task     ] GC(702) Using 8 workers of 8 for evacuation
[2025-12-25T03:28:51.193+0000][gc,phases   ] GC(702)   Pre Evacuate Collection Set: 1.1ms
[2025-12-25T03:28:51.194+0000][gc,phases   ] GC(702)   Merge Heap Roots: 0.2ms
[2025-12-25T03:28:51.194+0000][gc,phases   ] GC(702)   Evacuate Collection Set: 11.3ms
[2025-12-25T03:28:51.194+0000][gc,phases   ] GC(702)   Post Evacuate Collection Set: 1.0ms
[2025-12-25T03:28:51.194+0000][gc,phases   ] GC(702)   Other: 0.3ms
[2025-12-25T03:28:51.194+0000][gc,heap     ] GC(702) Eden regions: 606->0(605)
[2025-12-25T03:28:51.194+0000][gc,heap     ] GC(702) Survivor regions: 8->9(77)
[2025-12-25T03:28:51.194+0000][gc,heap     ] GC(702) Old regions: 165->165
[2025-12-25T03:28:51.194+0000][gc,heap     ] GC(702) Humongous regions: 151->151
[2025-12-25T03:28:51.194+0000][gc,metaspace] GC(702) Metaspace: 15853K(16256K)->15853K(16256K) NonClass: 14208K(14336K)->14208K(14336K) Class: 1645K(1920K)->1645K(1920K)
[2025-12-25T03:28:51.194+0000][gc          ] GC(702) Pause Young (Normal) (G1 Evacuation Pause) 929M->324M(1024M) 14.963ms
[2025-12-25T03:28:51.194+0000][gc,cpu      ] GC(702) User=0.09s Sys=0.01s Real=0.01s
[2025-12-25T03:29:30.823+0000][gc,start    ] GC(703) Pause Young (Normal) (G1 Evacuation Pause)
[2025-12-25T03:29:30.823+0000][gc,task     ] GC(703) Using 8 workers of 8 for evacuation
[2025-12-25T03:29:30.841+0000][gc,phases   ] GC(703)   Pre Evacuate Collection Set: 1.1ms
[2025-12-25T03:29:30.842+0000][gc,phases   ] GC(703)   Merge Heap Roots: 0.2ms
[2025-12-25T03:29:30.842+0000][gc,phases   ] GC(703)   Evacuate Collection Set: 14.9ms
[2025-12-25T03:29:30.842+0000][gc,phases   ] GC(703)   Post Evacuate Collection Set: 1.7ms
[2025-12-25T03:29:30.842+0000][gc,phases   ] GC(703)   Other: 0.2ms
[2025-12-25T03:29:30.842+0000][gc,heap     ] GC(703) Eden regions: 605->0(606)
[2025-12-25T03:29:30.842+0000][gc,heap     ] GC(703) Survivor regions: 9->8(77)
[2025-12-25T03:29:30.842+0000][gc,heap     ] GC(703) Old regions: 165->166
[2025-12-25T03:29:30.842+0000][gc,heap     ] GC(703) Humongous regions: 151->151
[2025-12-25T03:29:30.842+0000][gc,metaspace] GC(703) Metaspace: 15853K(16256K)->15853K(16256K) NonClass: 14208K(14336K)->14208K(14336K) Class: 1645K(1920K)->1645K(1920K)
[2025-12-25T03:29:30.842+0000][gc          ] GC(703) Pause Young (Normal) (G1 Evacuation Pause) 929M->324M(1024M) 19.163ms
[2025-12-25T03:29:30.842+0000][gc,cpu      ] GC(703) User=0.13s Sys=0.00s Real=0.02s
[2025-12-25T03:30:01.064+0000][gc,start    ] GC(704) Pause Young (Normal) (G1 Evacuation Pause)
[2025-12-25T03:30:01.064+0000][gc,task     ] GC(704) Using 8 workers of 8 for evacuation
[2025-12-25T03:30:01.083+0000][gc,phases   ] GC(704)   Pre Evacuate Collection Set: 1.3ms
[2025-12-25T03:30:01.083+0000][gc,phases   ] GC(704)   Merge Heap Roots: 0.4ms
[2025-12-25T03:30:01.083+0000][gc,phases   ] GC(704)   Evacuate Collection Set: 15.0ms
[2025-12-25T03:30:01.083+0000][gc,phases   ] GC(704)   Post Evacuate Collection Set: 1.7ms
[2025-12-25T03:30:01.083+0000][gc,phases   ] GC(704)   Other: 0.2ms
[2025-12-25T03:30:01.083+0000][gc,heap     ] GC(704) Eden regions: 606->0(604)
[2025-12-25T03:30:01.083+0000][gc,heap     ] GC(704) Survivor regions: 8->10(77)
[2025-12-25T03:30:01.083+0000][gc,heap     ] GC(704) Old regions: 166->166
[2025-12-25T03:30:01.084+0000][gc,heap     ] GC(704) Humongous regions: 151->151
[2025-12-25T03:30:01.084+0000][gc,metaspace] GC(704) Metaspace: 15853K(16256K)->15853K(16256K) NonClass: 14208K(14336K)->14208K(14336K) Class: 1645K(1920K)->1645K(1920K)
[2025-12-25T03:30:01.084+0000][gc          ] GC(704) Pause Young (Normal) (G1 Evacuation Pause) 930M->326M(1024M) 19.598ms
[2025-12-25T03:30:01.084+0000][gc,cpu      ] GC(704) User=0.12s Sys=0.00s Real=0.02s
[2025-12-25T03:30:40.728+0000][gc,start    ] GC(705) Pause Young (Normal) (G1 Evacuation Pause)
[2025-12-25T03:30:40.728+0000][gc,task     ] GC(705) Using 8 workers of 8 for evacuation
[2025-12-25T03:30:40.744+0000][gc,phases   ] GC(705)   Pre Evacuate Collection Set: 2.4ms
[2025-12-25T03:30:40.744+0000][gc,phases   ] GC(705)   Merge Heap Roots: 0.6ms
[2025-12-25T03:30:40.744+0000][gc,phases   ] GC(705)   Evacuate Collection Set: 11.2ms
[2025-12-25T03:30:40.744+0000][gc,phases   ] GC(705)   Post Evacuate Collection Set: 1.1ms
[2025-12-25T03:30:40.744+0000][gc,phases   ] GC(705)   Other: 0.3ms
[2025-12-25T03:30:40.744+0000][gc,heap     ] GC(705) Eden regions: 604->0(609)
[2025-12-25T03:30:40.744+0000][gc,heap     ] GC(705) Survivor regions: 10->5(77)
[2025-12-25T03:30:40.744+0000][gc,heap     ] GC(705) Old regions: 166->166
[2025-12-25T03:30:40.744+0000][gc,heap     ] GC(705) Humongous regions: 151->151
[2025-12-25T03:30:40.744+0000][gc,metaspace] GC(705) Metaspace: 15853K(16256K)->15853K(16256K) NonClass: 14208K(14336K)->14208K(14336K) Class: 1645K(1920K)->1645K(1920K)
[2025-12-25T03:30:40.744+0000][gc          ] GC(705) Pause Young (Normal) (G1 Evacuation Pause) 930M->321M(1024M) 16.614ms
[2025-12-25T03:30:40.744+0000][gc,cpu      ] GC(705) User=0.10s Sys=0.01s Real=0.02s
[2025-12-25T03:31:10.979+0000][gc,start    ] GC(706) Pause Young (Normal) (G1 Evacuation Pause)
[2025-12-25T03:31:10.980+0000][gc,task     ] GC(706) Using 8 workers of 8 for evacuation
[2025-12-25T03:31:10.991+0000][gc,phases   ] GC(706)   Pre Evacuate Collection Set: 1.1ms
[2025-12-25T03:31:10.991+0000][gc,phases   ] GC(706)   Merge Heap Roots: 0.3ms
[2025-12-25T03:31:10.991+0000][gc,phases   ] GC(706)   Evacuate Collection Set: 5.9ms
[2025-12-25T03:31:10.991+0000][gc,phases   ] GC(706)   Post Evacuate Collection Set: 3.6ms
[2025-12-25T03:31:10.992+0000][gc,phases   ] GC(706)   Other: 0.2ms
[2025-12-25T03:31:10.992+0000][gc,heap     ] GC(706) Eden regions: 609->0(608)
[2025-12-25T03:31:10.992+0000][gc,heap     ] GC(706) Survivor regions: 5->6(77)
[2025-12-25T03:31:10.992+0000][gc,heap     ] GC(706) Old regions: 166->166
[2025-12-25T03:31:10.992+0000][gc,heap     ] GC(706) Humongous regions: 151->151
[2025-12-25T03:31:10.992+0000][gc,metaspace] GC(706) Metaspace: 15853K(16256K)->15853K(16256K) NonClass: 14208K(14336K)->14208K(14336K) Class: 1645K(1920K)->1645K(1920K)
[2025-12-25T03:31:10.992+0000][gc          ] GC(706) Pause Young (Normal) (G1 Evacuation Pause) 930M->322M(1024M) 13.035ms
[2025-12-25T03:31:10.992+0000][gc,cpu      ] GC(706) User=0.07s Sys=0.00s Real=0.01s
[2025-12-25T03:31:50.656+0000][gc,start    ] GC(707) Pause Young (Normal) (G1 Evacuation Pause)
[2025-12-25T03:31:50.657+0000][gc,task     ] GC(707) Using 8 workers of 8 for evacuation
[2025-12-25T03:31:50.678+0000][gc,phases   ] GC(707)   Pre Evacuate Collection Set: 2.7ms
[2025-12-25T03:31:50.678+0000][gc,phases   ] GC(707)   Merge Heap Roots: 1.6ms
[2025-12-25T03:31:50.678+0000][gc,phases   ] GC(707)   Evacuate Collection Set: 12.0ms
[2025-12-25T03:31:50.678+0000][gc,phases   ] GC(707)   Post Evacuate Collection Set: 3.3ms
[2025-12-25T03:31:50.678+0000][gc,phases   ] GC(707)   Other: 1.0ms
[2025-12-25T03:31:50.678+0000][gc,heap     ] GC(707) Eden regions: 608->0(608)
[2025-12-25T03:31:50.678+0000][gc,heap     ] GC(707) Survivor regions: 6->6(77)
[2025-12-25T03:31:50.678+0000][gc,heap     ] GC(707) Old regions: 166->167
[2025-12-25T03:31:50.678+0000][gc,heap     ] GC(707) Humongous regions: 151->151
[2025-12-25T03:31:50.678+0000][gc,metaspace] GC(707) Metaspace: 15853K(16256K)->15853K(16256K) NonClass: 14208K(14336K)->14208K(14336K) Class: 1645K(1920K)->1645K(1920K)
[2025-12-25T03:31:50.679+0000][gc          ] GC(707) Pause Young (Normal) (G1 Evacuation Pause) 930M->322M(1024M) 22.429ms
[2025-12-25T03:31:50.679+0000][gc,cpu      ] GC(707) User=0.11s Sys=0.01s Real=0.03s
[2025-12-25T03:32:20.893+0000][gc,start    ] GC(708) Pause Young (Normal) (G1 Evacuation Pause)
[2025-12-25T03:32:20.894+0000][gc,task     ] GC(708) Using 8 workers of 8 for evacuation
[2025-12-25T03:32:20.906+0000][gc,phases   ] GC(708)   Pre Evacuate Collection Set: 1.0ms
[2025-12-25T03:32:20.906+0000][gc,phases   ] GC(708)   Merge Heap Roots: 0.2ms
[2025-12-25T03:32:20.906+0000][gc,phases   ] GC(708)   Evacuate Collection Set: 10.3ms
[2025-12-25T03:32:20.906+0000][gc,phases   ] GC(708)   Post Evacuate Collection Set: 1.0ms
[2025-12-25T03:32:20.906+0000][gc,phases   ] GC(708)   Other: 0.2ms
[2025-12-25T03:32:20.907+0000][gc,heap     ] GC(708) Eden regions: 608->0(606)
[2025-12-25T03:32:20.907+0000][gc,heap     ] GC(708) Survivor regions: 6->8(77)
[2025-12-25T03:32:20.907+0000][gc,heap     ] GC(708) Old regions: 167->167
[2025-12-25T03:32:20.907+0000][gc,heap     ] GC(708) Humongous regions: 151->151
[2025-12-25T03:32:20.907+0000][gc,metaspace] GC(708) Metaspace: 15853K(16256K)->15853K(16256K) NonClass: 14208K(14336K)->14208K(14336K) Class: 1645K(1920K)->1645K(1920K)
[2025-12-25T03:32:20.907+0000][gc          ] GC(708) Pause Young (Normal) (G1 Evacuation Pause) 930M->324M(1024M) 13.671ms
[2025-12-25T03:32:20.907+0000][gc,cpu      ] GC(708) User=0.08s Sys=0.00s Real=0.02s
[2025-12-25T03:33:00.592+0000][gc,start    ] GC(709) Pause Young (Normal) (G1 Evacuation Pause)
[2025-12-25T03:33:00.592+0000][gc,task     ] GC(709) Using 8 workers of 8 for evacuation
[2025-12-25T03:33:00.614+0000][gc,phases   ] GC(709)   Pre Evacuate Collection Set: 1.5ms
[2025-12-25T03:33:00.615+0000][gc,phases   ] GC(709)   Merge Heap Roots: 0.3ms
[2025-12-25T03:33:00.615+0000][gc,phases   ] GC(709)   Evacuate Collection Set: 17.1ms
[2025-12-25T03:33:00.615+0000][gc,phases   ] GC(709)   Post Evacuate Collection Set: 2.8ms
[2025-12-25T03:33:00.615+0000][gc,phases   ] GC(709)   Other: 0.2ms
[2025-12-25T03:33:00.615+0000][gc,heap     ] GC(709) Eden regions: 606->0(607)
[2025-12-25T03:33:00.615+0000][gc,heap     ] GC(709) Survivor regions: 8->7(77)
[2025-12-25T03:33:00.615+0000][gc,heap     ] GC(709) Old regions: 167->167
[2025-12-25T03:33:00.615+0000][gc,heap     ] GC(709) Humongous regions: 151->151
[2025-12-25T03:33:00.615+0000][gc,metaspace] GC(709) Metaspace: 15853K(16256K)->15853K(16256K) NonClass: 14208K(14336K)->14208K(14336K) Class: 1645K(1920K)->1645K(1920K)
[2025-12-25T03:33:00.615+0000][gc          ] GC(709) Pause Young (Normal) (G1 Evacuation Pause) 930M->324M(1024M) 23.199ms
[2025-12-25T03:33:00.615+0000][gc,cpu      ] GC(709) User=0.14s Sys=0.01s Real=0.03s
[2025-12-25T03:33:30.845+0000][gc,start    ] GC(710) Pause Young (Normal) (G1 Evacuation Pause)
[2025-12-25T03:33:30.845+0000][gc,task     ] GC(710) Using 8 workers of 8 for evacuation
[2025-12-25T03:33:30.870+0000][gc,phases   ] GC(710)   Pre Evacuate Collection Set: 3.8ms
[2025-12-25T03:33:30.870+0000][gc,phases   ] GC(710)   Merge Heap Roots: 1.2ms
[2025-12-25T03:33:30.870+0000][gc,phases   ] GC(710)   Evacuate Collection Set: 17.4ms
[2025-12-25T03:33:30.870+0000][gc,phases   ] GC(710)   Post Evacuate Collection Set: 1.2ms
[2025-12-25T03:33:30.870+0000][gc,phases   ] GC(710)   Other: 0.8ms
[2025-12-25T03:33:30.870+0000][gc,heap     ] GC(710) Eden regions: 607->0(605)
[2025-12-25T03:33:30.870+0000][gc,heap     ] GC(710) Survivor regions: 7->9(77)
[2025-12-25T03:33:30.870+0000][gc,heap     ] GC(710) Old regions: 167->167
[2025-12-25T03:33:30.870+0000][gc,heap     ] GC(710) Humongous regions: 151->151
[2025-12-25T03:33:30.870+0000][gc,metaspace] GC(710) Metaspace: 15853K(16256K)->15853K(16256K) NonClass: 14208K(14336K)->14208K(14336K) Class: 1645K(1920K)->1645K(1920K)
[2025-12-25T03:33:30.870+0000][gc          ] GC(710) Pause Young (Normal) (G1 Evacuation Pause) 931M->325M(1024M) 25.449ms
[2025-12-25T03:33:30.871+0000][gc,cpu      ] GC(710) User=0.13s Sys=0.01s Real=0.03s
[2025-12-25T03:34:01.072+0000][gc,start    ] GC(711) Pause Young (Normal) (G1 Evacuation Pause)
[2025-12-25T03:34:01.073+0000][gc,task     ] GC(711) Using 8 workers of 8 for evacuation
[2025-12-25T03:34:01.086+0000][gc,phases   ] GC(711)   Pre Evacuate Collection Set: 1.7ms
[2025-12-25T03:34:01.086+0000][gc,phases   ] GC(711)   Merge Heap Roots: 0.6ms
[2025-12-25T03:34:01.086+0000][gc,phases   ] GC(711)   Evacuate Collection Set: 9.5ms
[2025-12-25T03:34:01.087+0000][gc,phases   ] GC(711)   Post Evacuate Collection Set: 1.3ms
[2025-12-25T03:34:01.087+0000][gc,phases   ] GC(711)   Other: 0.3ms
[2025-12-25T03:34:01.087+0000][gc,heap     ] GC(711) Eden regions: 605->0(604)
[2025-12-25T03:34:01.087+0000][gc,heap     ] GC(711) Survivor regions: 9->10(77)
[2025-12-25T03:34:01.087+0000][gc,heap     ] GC(711) Old regions: 167->167
[2025-12-25T03:34:01.087+0000][gc,heap     ] GC(711) Humongous regions: 151->151
[2025-12-25T03:34:01.087+0000][gc,metaspace] GC(711) Metaspace: 15853K(16256K)->15853K(16256K) NonClass: 14208K(14336K)->14208K(14336K) Class: 1645K(1920K)->1645K(1920K)
[2025-12-25T03:34:01.087+0000][gc          ] GC(711) Pause Young (Normal) (G1 Evacuation Pause) 930M->327M(1024M) 14.521ms
[2025-12-25T03:34:01.087+0000][gc,cpu      ] GC(711) User=0.08s Sys=0.00s Real=0.01s
[2025-12-25T03:34:40.743+0000][gc,start    ] GC(712) Pause Young (Normal) (G1 Evacuation Pause)
[2025-12-25T03:34:40.743+0000][gc,task     ] GC(712) Using 8 workers of 8 for evacuation
[2025-12-25T03:34:40.764+0000][gc,phases   ] GC(712)   Pre Evacuate Collection Set: 1.1ms
[2025-12-25T03:34:40.764+0000][gc,phases   ] GC(712)   Merge Heap Roots: 0.4ms
[2025-12-25T03:34:40.764+0000][gc,phases   ] GC(712)   Evacuate Collection Set: 17.5ms
[2025-12-25T03:34:40.764+0000][gc,phases   ] GC(712)   Post Evacuate Collection Set: 1.5ms
[2025-12-25T03:34:40.764+0000][gc,phases   ] GC(712)   Other: 0.3ms
[2025-12-25T03:34:40.764+0000][gc,heap     ] GC(712) Eden regions: 604->0(605)
[2025-12-25T03:34:40.764+0000][gc,heap     ] GC(712) Survivor regions: 10->9(77)
[2025-12-25T03:34:40.764+0000][gc,heap     ] GC(712) Old regions: 167->168
[2025-12-25T03:34:40.764+0000][gc,heap     ] GC(712) Humongous regions: 151->151
[2025-12-25T03:34:40.764+0000][gc,metaspace] GC(712) Metaspace: 15853K(16256K)->15853K(16256K) NonClass: 14208K(14336K)->14208K(14336K) Class: 1645K(1920K)->1645K(1920K)
[2025-12-25T03:34:40.765+0000][gc          ] GC(712) Pause Young (Normal) (G1 Evacuation Pause) 931M->327M(1024M) 22.023ms
[2025-12-25T03:34:40.765+0000][gc,cpu      ] GC(712) User=0.13s Sys=0.00s Real=0.02s
[2025-12-25T03:35:11.019+0000][gc,start    ] GC(713) Pause Young (Normal) (G1 Evacuation Pause)
[2025-12-25T03:35:11.019+0000][gc,task     ] GC(713) Using 8 workers of 8 for evacuation
[2025-12-25T03:35:11.033+0000][gc,phases   ] GC(713)   Pre Evacuate Collection Set: 1.2ms
[2025-12-25T03:35:11.033+0000][gc,phases   ] GC(713)   Merge Heap Roots: 0.2ms
[2025-12-25T03:35:11.033+0000][gc,phases   ] GC(713)   Evacuate Collection Set: 11.0ms
[2025-12-25T03:35:11.033+0000][gc,phases   ] GC(713)   Post Evacuate Collection Set: 1.1ms
[2025-12-25T03:35:11.034+0000][gc,phases   ] GC(713)   Other: 0.3ms
[2025-12-25T03:35:11.034+0000][gc,heap     ] GC(713) Eden regions: 605->0(607)
[2025-12-25T03:35:11.034+0000][gc,heap     ] GC(713) Survivor regions: 9->7(77)
[2025-12-25T03:35:11.034+0000][gc,heap     ] GC(713) Old regions: 168->168
[2025-12-25T03:35:11.034+0000][gc,heap     ] GC(713) Humongous regions: 151->151
[2025-12-25T03:35:11.034+0000][gc,metaspace] GC(713) Metaspace: 15857K(16256K)->15857K(16256K) NonClass: 14212K(14336K)->14212K(14336K) Class: 1645K(1920K)->1645K(1920K)
[2025-12-25T03:35:11.034+0000][gc          ] GC(713) Pause Young (Normal) (G1 Evacuation Pause) 932M->324M(1024M) 15.281ms
[2025-12-25T03:35:11.034+0000][gc,cpu      ] GC(713) User=0.08s Sys=0.00s Real=0.01s
[2025-12-25T03:35:50.673+0000][gc,start    ] GC(714) Pause Young (Normal) (G1 Evacuation Pause)
[2025-12-25T03:35:50.674+0000][gc,task     ] GC(714) Using 8 workers of 8 for evacuation
[2025-12-25T03:35:50.692+0000][gc,phases   ] GC(714)   Pre Evacuate Collection Set: 3.9ms
[2025-12-25T03:35:50.692+0000][gc,phases   ] GC(714)   Merge Heap Roots: 0.7ms
[2025-12-25T03:35:50.692+0000][gc,phases   ] GC(714)   Evacuate Collection Set: 10.6ms
[2025-12-25T03:35:50.692+0000][gc,phases   ] GC(714)   Post Evacuate Collection Set: 1.8ms
[2025-12-25T03:35:50.693+0000][gc,phases   ] GC(714)   Other: 0.4ms
[2025-12-25T03:35:50.693+0000][gc,heap     ] GC(714) Eden regions: 607->0(608)
[2025-12-25T03:35:50.693+0000][gc,heap     ] GC(714) Survivor regions: 7->6(77)
[2025-12-25T03:35:50.693+0000][gc,heap     ] GC(714) Old regions: 168->168
[2025-12-25T03:35:50.693+0000][gc,heap     ] GC(714) Humongous regions: 151->151
[2025-12-25T03:35:50.693+0000][gc,metaspace] GC(714) Metaspace: 15857K(16256K)->15857K(16256K) NonClass: 14212K(14336K)->14212K(14336K) Class: 1645K(1920K)->1645K(1920K)
[2025-12-25T03:35:50.693+0000][gc          ] GC(714) Pause Young (Normal) (G1 Evacuation Pause) 931M->323M(1024M) 19.946ms
[2025-12-25T03:35:50.693+0000][gc,cpu      ] GC(714) User=0.09s Sys=0.01s Real=0.02s
[2025-12-25T03:36:20.925+0000][gc,start    ] GC(715) Pause Young (Normal) (G1 Evacuation Pause)
[2025-12-25T03:36:20.926+0000][gc,task     ] GC(715) Using 8 workers of 8 for evacuation
[2025-12-25T03:36:20.943+0000][gc,phases   ] GC(715)   Pre Evacuate Collection Set: 3.6ms
[2025-12-25T03:36:20.944+0000][gc,phases   ] GC(715)   Merge Heap Roots: 1.3ms
[2025-12-25T03:36:20.944+0000][gc,phases   ] GC(715)   Evacuate Collection Set: 10.2ms
[2025-12-25T03:36:20.944+0000][gc,phases   ] GC(715)   Post Evacuate Collection Set: 1.5ms
[2025-12-25T03:36:20.944+0000][gc,phases   ] GC(715)   Other: 0.6ms
[2025-12-25T03:36:20.944+0000][gc,heap     ] GC(715) Eden regions: 608->0(607)
[2025-12-25T03:36:20.944+0000][gc,heap     ] GC(715) Survivor regions: 6->7(77)
[2025-12-25T03:36:20.944+0000][gc,heap     ] GC(715) Old regions: 168->168
[2025-12-25T03:36:20.944+0000][gc,heap     ] GC(715) Humongous regions: 151->151
[2025-12-25T03:36:20.944+0000][gc,metaspace] GC(715) Metaspace: 15857K(16256K)->15857K(16256K) NonClass: 14212K(14336K)->14212K(14336K) Class: 1645K(1920K)->1645K(1920K)
[2025-12-25T03:36:20.945+0000][gc          ] GC(715) Pause Young (Normal) (G1 Evacuation Pause) 931M->325M(1024M) 19.263ms
[2025-12-25T03:36:20.945+0000][gc,cpu      ] GC(715) User=0.10s Sys=0.00s Real=0.02s
[2025-12-25T03:37:00.587+0000][gc,start    ] GC(716) Pause Young (Normal) (G1 Evacuation Pause)
[2025-12-25T03:37:00.588+0000][gc,task     ] GC(716) Using 8 workers of 8 for evacuation
[2025-12-25T03:37:00.604+0000][gc,phases   ] GC(716)   Pre Evacuate Collection Set: 1.3ms
[2025-12-25T03:37:00.604+0000][gc,phases   ] GC(716)   Merge Heap Roots: 0.3ms
[2025-12-25T03:37:00.604+0000][gc,phases   ] GC(716)   Evacuate Collection Set: 12.7ms
[2025-12-25T03:37:00.604+0000][gc,phases   ] GC(716)   Post Evacuate Collection Set: 1.6ms
[2025-12-25T03:37:00.604+0000][gc,phases   ] GC(716)   Other: 0.3ms
[2025-12-25T03:37:00.604+0000][gc,heap     ] GC(716) Eden regions: 607->0(607)
[2025-12-25T03:37:00.604+0000][gc,heap     ] GC(716) Survivor regions: 7->7(77)
[2025-12-25T03:37:00.605+0000][gc,heap     ] GC(716) Old regions: 168->169
[2025-12-25T03:37:00.605+0000][gc,heap     ] GC(716) Humongous regions: 151->151
[2025-12-25T03:37:00.605+0000][gc,metaspace] GC(716) Metaspace: 15857K(16256K)->15857K(16256K) NonClass: 14212K(14336K)->14212K(14336K) Class: 1645K(1920K)->1645K(1920K)
[2025-12-25T03:37:00.605+0000][gc          ] GC(716) Pause Young (Normal) (G1 Evacuation Pause) 932M->325M(1024M) 17.665ms
[2025-12-25T03:37:00.605+0000][gc,cpu      ] GC(716) User=0.09s Sys=0.01s Real=0.02s
[2025-12-25T03:37:30.816+0000][gc,start    ] GC(717) Pause Young (Normal) (G1 Evacuation Pause)
[2025-12-25T03:37:30.817+0000][gc,task     ] GC(717) Using 8 workers of 8 for evacuation
[2025-12-25T03:37:30.830+0000][gc,phases   ] GC(717)   Pre Evacuate Collection Set: 1.1ms
[2025-12-25T03:37:30.830+0000][gc,phases   ] GC(717)   Merge Heap Roots: 0.3ms
[2025-12-25T03:37:30.830+0000][gc,phases   ] GC(717)   Evacuate Collection Set: 10.3ms
[2025-12-25T03:37:30.830+0000][gc,phases   ] GC(717)   Post Evacuate Collection Set: 1.2ms
[2025-12-25T03:37:30.830+0000][gc,phases   ] GC(717)   Other: 0.3ms
[2025-12-25T03:37:30.830+0000][gc,heap     ] GC(717) Eden regions: 607->0(605)
[2025-12-25T03:37:30.830+0000][gc,heap     ] GC(717) Survivor regions: 7->9(77)
[2025-12-25T03:37:30.830+0000][gc,heap     ] GC(717) Old regions: 169->169
[2025-12-25T03:37:30.830+0000][gc,heap     ] GC(717) Humongous regions: 151->151
[2025-12-25T03:37:30.830+0000][gc,metaspace] GC(717) Metaspace: 15857K(16256K)->15857K(16256K) NonClass: 14212K(14336K)->14212K(14336K) Class: 1645K(1920K)->1645K(1920K)
[2025-12-25T03:37:30.830+0000][gc          ] GC(717) Pause Young (Normal) (G1 Evacuation Pause) 932M->327M(1024M) 14.142ms
[2025-12-25T03:37:30.830+0000][gc,cpu      ] GC(717) User=0.08s Sys=0.00s Real=0.02s
[2025-12-25T03:38:01.066+0000][gc,start    ] GC(718) Pause Young (Normal) (G1 Evacuation Pause)
[2025-12-25T03:38:01.066+0000][gc,task     ] GC(718) Using 8 workers of 8 for evacuation
[2025-12-25T03:38:01.081+0000][gc,phases   ] GC(718)   Pre Evacuate Collection Set: 1.1ms
[2025-12-25T03:38:01.081+0000][gc,phases   ] GC(718)   Merge Heap Roots: 0.3ms
[2025-12-25T03:38:01.081+0000][gc,phases   ] GC(718)   Evacuate Collection Set: 11.1ms
[2025-12-25T03:38:01.081+0000][gc,phases   ] GC(718)   Post Evacuate Collection Set: 1.9ms
[2025-12-25T03:38:01.081+0000][gc,phases   ] GC(718)   Other: 0.4ms
[2025-12-25T03:38:01.081+0000][gc,heap     ] GC(718) Eden regions: 605->0(604)
[2025-12-25T03:38:01.081+0000][gc,heap     ] GC(718) Survivor regions: 9->10(77)
[2025-12-25T03:38:01.081+0000][gc,heap     ] GC(718) Old regions: 169->169
[2025-12-25T03:38:01.081+0000][gc,heap     ] GC(718) Humongous regions: 151->151
[2025-12-25T03:38:01.081+0000][gc,metaspace] GC(718) Metaspace: 15857K(16256K)->15857K(16256K) NonClass: 14212K(14336K)->14212K(14336K) Class: 1645K(1920K)->1645K(1920K)
[2025-12-25T03:38:01.082+0000][gc          ] GC(718) Pause Young (Normal) (G1 Evacuation Pause) 932M->329M(1024M) 15.976ms
[2025-12-25T03:38:01.082+0000][gc,cpu      ] GC(718) User=0.10s Sys=0.00s Real=0.02s
[2025-12-25T03:38:40.725+0000][gc,start    ] GC(719) Pause Young (Normal) (G1 Evacuation Pause)
[2025-12-25T03:38:40.726+0000][gc,task     ] GC(719) Using 8 workers of 8 for evacuation
[2025-12-25T03:38:40.740+0000][gc,phases   ] GC(719)   Pre Evacuate Collection Set: 1.2ms
[2025-12-25T03:38:40.740+0000][gc,phases   ] GC(719)   Merge Heap Roots: 0.2ms
[2025-12-25T03:38:40.740+0000][gc,phases   ] GC(719)   Evacuate Collection Set: 10.9ms
[2025-12-25T03:38:40.740+0000][gc,phases   ] GC(719)   Post Evacuate Collection Set: 1.3ms
[2025-12-25T03:38:40.740+0000][gc,phases   ] GC(719)   Other: 0.2ms
[2025-12-25T03:38:40.740+0000][gc,heap     ] GC(719) Eden regions: 604->0(605)
[2025-12-25T03:38:40.740+0000][gc,heap     ] GC(719) Survivor regions: 10->9(77)
[2025-12-25T03:38:40.740+0000][gc,heap     ] GC(719) Old regions: 169->169
[2025-12-25T03:38:40.740+0000][gc,heap     ] GC(719) Humongous regions: 151->151
[2025-12-25T03:38:40.740+0000][gc,metaspace] GC(719) Metaspace: 15857K(16256K)->15857K(16256K) NonClass: 14212K(14336K)->14212K(14336K) Class: 1645K(1920K)->1645K(1920K)
[2025-12-25T03:38:40.740+0000][gc          ] GC(719) Pause Young (Normal) (G1 Evacuation Pause) 933M->328M(1024M) 15.015ms
[2025-12-25T03:38:40.740+0000][gc,cpu      ] GC(719) User=0.10s Sys=0.00s Real=0.01s
[2025-12-25T03:39:10.955+0000][gc,start    ] GC(720) Pause Young (Normal) (G1 Evacuation Pause)
[2025-12-25T03:39:10.955+0000][gc,task     ] GC(720) Using 8 workers of 8 for evacuation
[2025-12-25T03:39:10.969+0000][gc,phases   ] GC(720)   Pre Evacuate Collection Set: 2.2ms
[2025-12-25T03:39:10.969+0000][gc,phases   ] GC(720)   Merge Heap Roots: 0.4ms
[2025-12-25T03:39:10.969+0000][gc,phases   ] GC(720)   Evacuate Collection Set: 8.6ms
[2025-12-25T03:39:10.969+0000][gc,phases   ] GC(720)   Post Evacuate Collection Set: 1.7ms
[2025-12-25T03:39:10.969+0000][gc,phases   ] GC(720)   Other: 0.3ms
[2025-12-25T03:39:10.969+0000][gc,heap     ] GC(720) Eden regions: 605->0(607)
[2025-12-25T03:39:10.969+0000][gc,heap     ] GC(720) Survivor regions: 9->7(77)
[2025-12-25T03:39:10.969+0000][gc,heap     ] GC(720) Old regions: 169->170
[2025-12-25T03:39:10.969+0000][gc,heap     ] GC(720) Humongous regions: 151->151
[2025-12-25T03:39:10.969+0000][gc,metaspace] GC(720) Metaspace: 15863K(16320K)->15863K(16320K) NonClass: 14218K(14400K)->14218K(14400K) Class: 1645K(1920K)->1645K(1920K)
[2025-12-25T03:39:10.969+0000][gc          ] GC(720) Pause Young (Normal) (G1 Evacuation Pause) 933M->326M(1024M) 14.224ms
[2025-12-25T03:39:10.969+0000][gc,cpu      ] GC(720) User=0.08s Sys=0.00s Real=0.01s
[2025-12-25T03:39:50.671+0000][gc,start    ] GC(721) Pause Young (Normal) (G1 Evacuation Pause)
[2025-12-25T03:39:50.672+0000][gc,task     ] GC(721) Using 8 workers of 8 for evacuation
[2025-12-25T03:39:50.691+0000][gc,phases   ] GC(721)   Pre Evacuate Collection Set: 1.4ms
[2025-12-25T03:39:50.691+0000][gc,phases   ] GC(721)   Merge Heap Roots: 0.3ms
[2025-12-25T03:39:50.691+0000][gc,phases   ] GC(721)   Evacuate Collection Set: 13.2ms
[2025-12-25T03:39:50.691+0000][gc,phases   ] GC(721)   Post Evacuate Collection Set: 4.1ms
[2025-12-25T03:39:50.691+0000][gc,phases   ] GC(721)   Other: 0.3ms
[2025-12-25T03:39:50.691+0000][gc,heap     ] GC(721) Eden regions: 607->0(608)
[2025-12-25T03:39:50.691+0000][gc,heap     ] GC(721) Survivor regions: 7->6(77)
[2025-12-25T03:39:50.691+0000][gc,heap     ] GC(721) Old regions: 170->170
[2025-12-25T03:39:50.691+0000][gc,heap     ] GC(721) Humongous regions: 151->151
[2025-12-25T03:39:50.692+0000][gc,metaspace] GC(721) Metaspace: 15863K(16320K)->15863K(16320K) NonClass: 14218K(14400K)->14218K(14400K) Class: 1645K(1920K)->1645K(1920K)
[2025-12-25T03:39:50.692+0000][gc          ] GC(721) Pause Young (Normal) (G1 Evacuation Pause) 933M->325M(1024M) 20.440ms
[2025-12-25T03:39:50.692+0000][gc,cpu      ] GC(721) User=0.08s Sys=0.00s Real=0.02s
[2025-12-25T03:40:20.936+0000][gc,start    ] GC(722) Pause Young (Normal) (G1 Evacuation Pause)
[2025-12-25T03:40:20.936+0000][gc,task     ] GC(722) Using 8 workers of 8 for evacuation
[2025-12-25T03:40:20.952+0000][gc,phases   ] GC(722)   Pre Evacuate Collection Set: 1.3ms
[2025-12-25T03:40:20.952+0000][gc,phases   ] GC(722)   Merge Heap Roots: 0.3ms
[2025-12-25T03:40:20.952+0000][gc,phases   ] GC(722)   Evacuate Collection Set: 12.6ms
[2025-12-25T03:40:20.952+0000][gc,phases   ] GC(722)   Post Evacuate Collection Set: 1.2ms
[2025-12-25T03:40:20.952+0000][gc,phases   ] GC(722)   Other: 0.3ms
[2025-12-25T03:40:20.953+0000][gc,heap     ] GC(722) Eden regions: 608->0(607)
[2025-12-25T03:40:20.953+0000][gc,heap     ] GC(722) Survivor regions: 6->7(77)
[2025-12-25T03:40:20.953+0000][gc,heap     ] GC(722) Old regions: 170->170
[2025-12-25T03:40:20.953+0000][gc,heap     ] GC(722) Humongous regions: 151->151
[2025-12-25T03:40:20.953+0000][gc,metaspace] GC(722) Metaspace: 15863K(16320K)->15863K(16320K) NonClass: 14218K(14400K)->14218K(14400K) Class: 1645K(1920K)->1645K(1920K)
[2025-12-25T03:40:20.953+0000][gc          ] GC(722) Pause Young (Normal) (G1 Evacuation Pause) 933M->327M(1024M) 16.753ms
[2025-12-25T03:40:20.953+0000][gc,cpu      ] GC(722) User=0.10s Sys=0.00s Real=0.02s
[2025-12-25T03:41:00.614+0000][gc,start    ] GC(723) Pause Young (Normal) (G1 Evacuation Pause)
[2025-12-25T03:41:00.615+0000][gc,task     ] GC(723) Using 8 workers of 8 for evacuation
[2025-12-25T03:41:00.636+0000][gc,phases   ] GC(723)   Pre Evacuate Collection Set: 1.4ms
[2025-12-25T03:41:00.636+0000][gc,phases   ] GC(723)   Merge Heap Roots: 0.4ms
[2025-12-25T03:41:00.636+0000][gc,phases   ] GC(723)   Evacuate Collection Set: 17.4ms
[2025-12-25T03:41:00.636+0000][gc,phases   ] GC(723)   Post Evacuate Collection Set: 1.4ms
[2025-12-25T03:41:00.636+0000][gc,phases   ] GC(723)   Other: 0.3ms
[2025-12-25T03:41:00.636+0000][gc,heap     ] GC(723) Eden regions: 607->0(608)
[2025-12-25T03:41:00.636+0000][gc,heap     ] GC(723) Survivor regions: 7->6(77)
[2025-12-25T03:41:00.636+0000][gc,heap     ] GC(723) Old regions: 170->170
[2025-12-25T03:41:00.636+0000][gc,heap     ] GC(723) Humongous regions: 151->151
[2025-12-25T03:41:00.637+0000][gc,metaspace] GC(723) Metaspace: 15863K(16320K)->15863K(16320K) NonClass: 14218K(14400K)->14218K(14400K) Class: 1645K(1920K)->1645K(1920K)
[2025-12-25T03:41:00.637+0000][gc          ] GC(723) Pause Young (Normal) (G1 Evacuation Pause) 934M->326M(1024M) 22.309ms
[2025-12-25T03:41:00.637+0000][gc,cpu      ] GC(723) User=0.13s Sys=0.00s Real=0.02s
[2025-12-25T03:41:30.874+0000][gc,start    ] GC(724) Pause Young (Normal) (G1 Evacuation Pause)
[2025-12-25T03:41:30.874+0000][gc,task     ] GC(724) Using 8 workers of 8 for evacuation
[2025-12-25T03:41:30.894+0000][gc,phases   ] GC(724)   Pre Evacuate Collection Set: 1.0ms
[2025-12-25T03:41:30.895+0000][gc,phases   ] GC(724)   Merge Heap Roots: 0.3ms
[2025-12-25T03:41:30.895+0000][gc,phases   ] GC(724)   Evacuate Collection Set: 17.1ms
[2025-12-25T03:41:30.895+0000][gc,phases   ] GC(724)   Post Evacuate Collection Set: 1.3ms
[2025-12-25T03:41:30.895+0000][gc,phases   ] GC(724)   Other: 0.3ms
[2025-12-25T03:41:30.895+0000][gc,heap     ] GC(724) Eden regions: 608->0(606)
[2025-12-25T03:41:30.895+0000][gc,heap     ] GC(724) Survivor regions: 6->8(77)
[2025-12-25T03:41:30.895+0000][gc,heap     ] GC(724) Old regions: 170->171
[2025-12-25T03:41:30.895+0000][gc,heap     ] GC(724) Humongous regions: 151->151
[2025-12-25T03:41:30.895+0000][gc,metaspace] GC(724) Metaspace: 15863K(16320K)->15863K(16320K) NonClass: 14218K(14400K)->14218K(14400K) Class: 1645K(1920K)->1645K(1920K)
[2025-12-25T03:41:30.895+0000][gc          ] GC(724) Pause Young (Normal) (G1 Evacuation Pause) 934M->328M(1024M) 21.099ms
[2025-12-25T03:41:30.895+0000][gc,cpu      ] GC(724) User=0.11s Sys=0.01s Real=0.02s
[2025-12-25T03:42:01.163+0000][gc,start    ] GC(725) Pause Young (Normal) (G1 Evacuation Pause)
[2025-12-25T03:42:01.164+0000][gc,task     ] GC(725) Using 8 workers of 8 for evacuation
[2025-12-25T03:42:01.178+0000][gc,phases   ] GC(725)   Pre Evacuate Collection Set: 1.1ms
[2025-12-25T03:42:01.178+0000][gc,phases   ] GC(725)   Merge Heap Roots: 0.4ms
[2025-12-25T03:42:01.178+0000][gc,phases   ] GC(725)   Evacuate Collection Set: 11.6ms
[2025-12-25T03:42:01.178+0000][gc,phases   ] GC(725)   Post Evacuate Collection Set: 1.0ms
[2025-12-25T03:42:01.178+0000][gc,phases   ] GC(725)   Other: 0.2ms
[2025-12-25T03:42:01.178+0000][gc,heap     ] GC(725) Eden regions: 606->0(604)
[2025-12-25T03:42:01.178+0000][gc,heap     ] GC(725) Survivor regions: 8->10(77)
[2025-12-25T03:42:01.178+0000][gc,heap     ] GC(725) Old regions: 171->171
[2025-12-25T03:42:01.178+0000][gc,heap     ] GC(725) Humongous regions: 151->151
[2025-12-25T03:42:01.178+0000][gc,metaspace] GC(725) Metaspace: 15863K(16320K)->15863K(16320K) NonClass: 14218K(14400K)->14218K(14400K) Class: 1645K(1920K)->1645K(1920K)
[2025-12-25T03:42:01.178+0000][gc          ] GC(725) Pause Young (Normal) (G1 Evacuation Pause) 934M->331M(1024M) 15.134ms
[2025-12-25T03:42:01.178+0000][gc,cpu      ] GC(725) User=0.09s Sys=0.00s Real=0.01s
[2025-12-25T03:42:40.896+0000][gc,start    ] GC(726) Pause Young (Normal) (G1 Evacuation Pause)
[2025-12-25T03:42:40.896+0000][gc,task     ] GC(726) Using 8 workers of 8 for evacuation
[2025-12-25T03:42:40.911+0000][gc,phases   ] GC(726)   Pre Evacuate Collection Set: 1.4ms
[2025-12-25T03:42:40.911+0000][gc,phases   ] GC(726)   Merge Heap Roots: 0.3ms
[2025-12-25T03:42:40.911+0000][gc,phases   ] GC(726)   Evacuate Collection Set: 11.6ms
[2025-12-25T03:42:40.911+0000][gc,phases   ] GC(726)   Post Evacuate Collection Set: 1.1ms
[2025-12-25T03:42:40.911+0000][gc,phases   ] GC(726)   Other: 0.3ms
[2025-12-25T03:42:40.911+0000][gc,heap     ] GC(726) Eden regions: 604->0(605)
[2025-12-25T03:42:40.911+0000][gc,heap     ] GC(726) Survivor regions: 10->9(77)
[2025-12-25T03:42:40.911+0000][gc,heap     ] GC(726) Old regions: 171->171
[2025-12-25T03:42:40.911+0000][gc,heap     ] GC(726) Humongous regions: 151->151
[2025-12-25T03:42:40.911+0000][gc,metaspace] GC(726) Metaspace: 15863K(16320K)->15863K(16320K) NonClass: 14218K(14400K)->14218K(14400K) Class: 1645K(1920K)->1645K(1920K)
[2025-12-25T03:42:40.911+0000][gc          ] GC(726) Pause Young (Normal) (G1 Evacuation Pause) 935M->330M(1024M) 15.699ms
[2025-12-25T03:42:40.911+0000][gc,cpu      ] GC(726) User=0.10s Sys=0.00s Real=0.02s
[2025-12-25T03:43:11.081+0000][gc,start    ] GC(727) Pause Young (Normal) (G1 Evacuation Pause)
[2025-12-25T03:43:11.082+0000][gc,task     ] GC(727) Using 8 workers of 8 for evacuation
[2025-12-25T03:43:11.105+0000][gc,phases   ] GC(727)   Pre Evacuate Collection Set: 1.5ms
[2025-12-25T03:43:11.105+0000][gc,phases   ] GC(727)   Merge Heap Roots: 0.5ms
[2025-12-25T03:43:11.105+0000][gc,phases   ] GC(727)   Evacuate Collection Set: 17.3ms
[2025-12-25T03:43:11.105+0000][gc,phases   ] GC(727)   Post Evacuate Collection Set: 3.3ms
[2025-12-25T03:43:11.105+0000][gc,phases   ] GC(727)   Other: 0.4ms
[2025-12-25T03:43:11.105+0000][gc,heap     ] GC(727) Eden regions: 605->0(603)
[2025-12-25T03:43:11.105+0000][gc,heap     ] GC(727) Survivor regions: 9->11(77)
[2025-12-25T03:43:11.105+0000][gc,heap     ] GC(727) Old regions: 171->171
[2025-12-25T03:43:11.105+0000][gc,heap     ] GC(727) Humongous regions: 151->151
[2025-12-25T03:43:11.106+0000][gc,metaspace] GC(727) Metaspace: 15863K(16320K)->15863K(16320K) NonClass: 14218K(14400K)->14218K(14400K) Class: 1645K(1920K)->1645K(1920K)
[2025-12-25T03:43:11.106+0000][gc          ] GC(727) Pause Young (Normal) (G1 Evacuation Pause) 935M->332M(1024M) 24.257ms
[2025-12-25T03:43:11.106+0000][gc,cpu      ] GC(727) User=0.14s Sys=0.01s Real=0.02s
[2025-12-25T03:43:50.714+0000][gc,start    ] GC(728) Pause Young (Normal) (G1 Evacuation Pause)
[2025-12-25T03:43:50.715+0000][gc,task     ] GC(728) Using 8 workers of 8 for evacuation
[2025-12-25T03:43:50.730+0000][gc,phases   ] GC(728)   Pre Evacuate Collection Set: 1.1ms
[2025-12-25T03:43:50.730+0000][gc,phases   ] GC(728)   Merge Heap Roots: 0.3ms
[2025-12-25T03:43:50.730+0000][gc,phases   ] GC(728)   Evacuate Collection Set: 9.1ms
[2025-12-25T03:43:50.730+0000][gc,phases   ] GC(728)   Post Evacuate Collection Set: 3.9ms
[2025-12-25T03:43:50.730+0000][gc,phases   ] GC(728)   Other: 0.2ms
[2025-12-25T03:43:50.730+0000][gc,heap     ] GC(728) Eden regions: 603->0(609)
[2025-12-25T03:43:50.730+0000][gc,heap     ] GC(728) Survivor regions: 11->5(77)
[2025-12-25T03:43:50.730+0000][gc,heap     ] GC(728) Old regions: 171->171
[2025-12-25T03:43:50.730+0000][gc,heap     ] GC(728) Humongous regions: 151->151
[2025-12-25T03:43:50.730+0000][gc,metaspace] GC(728) Metaspace: 15863K(16320K)->15863K(16320K) NonClass: 14218K(14400K)->14218K(14400K) Class: 1645K(1920K)->1645K(1920K)
[2025-12-25T03:43:50.731+0000][gc          ] GC(728) Pause Young (Normal) (G1 Evacuation Pause) 935M->326M(1024M) 16.079ms
[2025-12-25T03:43:50.731+0000][gc,cpu      ] GC(728) User=0.09s Sys=0.00s Real=0.02s
[2025-12-25T03:44:20.944+0000][gc,start    ] GC(729) Pause Young (Normal) (G1 Evacuation Pause)
[2025-12-25T03:44:20.945+0000][gc,task     ] GC(729) Using 8 workers of 8 for evacuation
[2025-12-25T03:44:20.965+0000][gc,phases   ] GC(729)   Pre Evacuate Collection Set: 1.0ms
[2025-12-25T03:44:20.965+0000][gc,phases   ] GC(729)   Merge Heap Roots: 0.3ms
[2025-12-25T03:44:20.965+0000][gc,phases   ] GC(729)   Evacuate Collection Set: 17.5ms
[2025-12-25T03:44:20.965+0000][gc,phases   ] GC(729)   Post Evacuate Collection Set: 1.0ms
[2025-12-25T03:44:20.965+0000][gc,phases   ] GC(729)   Other: 0.3ms
[2025-12-25T03:44:20.965+0000][gc,heap     ] GC(729) Eden regions: 609->0(607)
[2025-12-25T03:44:20.965+0000][gc,heap     ] GC(729) Survivor regions: 5->7(77)
[2025-12-25T03:44:20.965+0000][gc,heap     ] GC(729) Old regions: 171->172
[2025-12-25T03:44:20.966+0000][gc,heap     ] GC(729) Humongous regions: 151->151
[2025-12-25T03:44:20.966+0000][gc,metaspace] GC(729) Metaspace: 15863K(16320K)->15863K(16320K) NonClass: 14218K(14400K)->14218K(14400K) Class: 1645K(1920K)->1645K(1920K)
[2025-12-25T03:44:20.966+0000][gc          ] GC(729) Pause Young (Normal) (G1 Evacuation Pause) 935M->328M(1024M) 21.330ms
[2025-12-25T03:44:20.966+0000][gc,cpu      ] GC(729) User=0.15s Sys=0.00s Real=0.02s
[2025-12-25T03:45:00.616+0000][gc,start    ] GC(730) Pause Young (Normal) (G1 Evacuation Pause)
[2025-12-25T03:45:00.618+0000][gc,task     ] GC(730) Using 8 workers of 8 for evacuation
[2025-12-25T03:45:00.633+0000][gc,phases   ] GC(730)   Pre Evacuate Collection Set: 1.1ms
[2025-12-25T03:45:00.633+0000][gc,phases   ] GC(730)   Merge Heap Roots: 0.3ms
[2025-12-25T03:45:00.633+0000][gc,phases   ] GC(730)   Evacuate Collection Set: 12.0ms
[2025-12-25T03:45:00.633+0000][gc,phases   ] GC(730)   Post Evacuate Collection Set: 1.4ms
[2025-12-25T03:45:00.633+0000][gc,phases   ] GC(730)   Other: 0.3ms
[2025-12-25T03:45:00.633+0000][gc,heap     ] GC(730) Eden regions: 607->0(608)
[2025-12-25T03:45:00.633+0000][gc,heap     ] GC(730) Survivor regions: 7->6(77)
[2025-12-25T03:45:00.633+0000][gc,heap     ] GC(730) Old regions: 172->172
[2025-12-25T03:45:00.634+0000][gc,heap     ] GC(730) Humongous regions: 151->151
[2025-12-25T03:45:00.634+0000][gc,metaspace] GC(730) Metaspace: 15864K(16320K)->15864K(16320K) NonClass: 14219K(14400K)->14219K(14400K) Class: 1645K(1920K)->1645K(1920K)
[2025-12-25T03:45:00.634+0000][gc          ] GC(730) Pause Young (Normal) (G1 Evacuation Pause) 935M->328M(1024M) 17.593ms
[2025-12-25T03:45:00.634+0000][gc,cpu      ] GC(730) User=0.10s Sys=0.00s Real=0.02s
[2025-12-25T03:45:30.858+0000][gc,start    ] GC(731) Pause Young (Normal) (G1 Evacuation Pause)
[2025-12-25T03:45:30.859+0000][gc,task     ] GC(731) Using 8 workers of 8 for evacuation
[2025-12-25T03:45:30.871+0000][gc,phases   ] GC(731)   Pre Evacuate Collection Set: 1.0ms
[2025-12-25T03:45:30.871+0000][gc,phases   ] GC(731)   Merge Heap Roots: 0.3ms
[2025-12-25T03:45:30.871+0000][gc,phases   ] GC(731)   Evacuate Collection Set: 10.1ms
[2025-12-25T03:45:30.872+0000][gc,phases   ] GC(731)   Post Evacuate Collection Set: 1.0ms
[2025-12-25T03:45:30.872+0000][gc,phases   ] GC(731)   Other: 0.2ms
[2025-12-25T03:45:30.872+0000][gc,heap     ] GC(731) Eden regions: 608->0(606)
[2025-12-25T03:45:30.872+0000][gc,heap     ] GC(731) Survivor regions: 6->8(77)
[2025-12-25T03:45:30.872+0000][gc,heap     ] GC(731) Old regions: 172->172
[2025-12-25T03:45:30.872+0000][gc,heap     ] GC(731) Humongous regions: 151->151
[2025-12-25T03:45:30.872+0000][gc,metaspace] GC(731) Metaspace: 15864K(16320K)->15864K(16320K) NonClass: 14219K(14400K)->14219K(14400K) Class: 1645K(1920K)->1645K(1920K)
[2025-12-25T03:45:30.872+0000][gc          ] GC(731) Pause Young (Normal) (G1 Evacuation Pause) 936M->330M(1024M) 13.542ms
[2025-12-25T03:45:30.872+0000][gc,cpu      ] GC(731) User=0.08s Sys=0.01s Real=0.02s
[2025-12-25T03:46:01.138+0000][gc,start    ] GC(732) Pause Young (Normal) (G1 Evacuation Pause)
[2025-12-25T03:46:01.138+0000][gc,task     ] GC(732) Using 8 workers of 8 for evacuation
[2025-12-25T03:46:01.157+0000][gc,phases   ] GC(732)   Pre Evacuate Collection Set: 1.7ms
[2025-12-25T03:46:01.157+0000][gc,phases   ] GC(732)   Merge Heap Roots: 0.6ms
[2025-12-25T03:46:01.157+0000][gc,phases   ] GC(732)   Evacuate Collection Set: 14.8ms
[2025-12-25T03:46:01.157+0000][gc,phases   ] GC(732)   Post Evacuate Collection Set: 1.2ms
[2025-12-25T03:46:01.157+0000][gc,phases   ] GC(732)   Other: 0.3ms
[2025-12-25T03:46:01.157+0000][gc,heap     ] GC(732) Eden regions: 606->0(604)
[2025-12-25T03:46:01.157+0000][gc,heap     ] GC(732) Survivor regions: 8->10(77)
[2025-12-25T03:46:01.157+0000][gc,heap     ] GC(732) Old regions: 172->172
[2025-12-25T03:46:01.157+0000][gc,heap     ] GC(732) Humongous regions: 151->151
[2025-12-25T03:46:01.158+0000][gc,metaspace] GC(732) Metaspace: 15864K(16320K)->15864K(16320K) NonClass: 14219K(14400K)->14219K(14400K) Class: 1645K(1920K)->1645K(1920K)
[2025-12-25T03:46:01.158+0000][gc          ] GC(732) Pause Young (Normal) (G1 Evacuation Pause) 936M->332M(1024M) 19.759ms
[2025-12-25T03:46:01.158+0000][gc,cpu      ] GC(732) User=0.12s Sys=0.00s Real=0.02s
[2025-12-25T03:46:40.797+0000][gc,start    ] GC(733) Pause Young (Normal) (G1 Evacuation Pause)
[2025-12-25T03:46:40.797+0000][gc,task     ] GC(733) Using 8 workers of 8 for evacuation
[2025-12-25T03:46:40.820+0000][gc,phases   ] GC(733)   Pre Evacuate Collection Set: 1.0ms
[2025-12-25T03:46:40.820+0000][gc,phases   ] GC(733)   Merge Heap Roots: 0.3ms
[2025-12-25T03:46:40.820+0000][gc,phases   ] GC(733)   Evacuate Collection Set: 20.3ms
[2025-12-25T03:46:40.820+0000][gc,phases   ] GC(733)   Post Evacuate Collection Set: 1.1ms
[2025-12-25T03:46:40.821+0000][gc,phases   ] GC(733)   Other: 0.2ms
[2025-12-25T03:46:40.821+0000][gc,heap     ] GC(733) Eden regions: 604->0(605)
[2025-12-25T03:46:40.821+0000][gc,heap     ] GC(733) Survivor regions: 10->9(77)
[2025-12-25T03:46:40.821+0000][gc,heap     ] GC(733) Old regions: 172->173
[2025-12-25T03:46:40.821+0000][gc,heap     ] GC(733) Humongous regions: 151->151
[2025-12-25T03:46:40.821+0000][gc,metaspace] GC(733) Metaspace: 15864K(16320K)->15864K(16320K) NonClass: 14219K(14400K)->14219K(14400K) Class: 1645K(1920K)->1645K(1920K)
[2025-12-25T03:46:40.821+0000][gc          ] GC(733) Pause Young (Normal) (G1 Evacuation Pause) 936M->331M(1024M) 23.910ms
[2025-12-25T03:46:40.821+0000][gc,cpu      ] GC(733) User=0.15s Sys=0.00s Real=0.03s
[2025-12-25T03:47:11.222+0000][gc,start    ] GC(734) Pause Young (Normal) (G1 Evacuation Pause)
[2025-12-25T03:47:11.222+0000][gc,task     ] GC(734) Using 8 workers of 8 for evacuation
[2025-12-25T03:47:11.249+0000][gc,phases   ] GC(734)   Pre Evacuate Collection Set: 1.0ms
[2025-12-25T03:47:11.249+0000][gc,phases   ] GC(734)   Merge Heap Roots: 0.3ms
[2025-12-25T03:47:11.249+0000][gc,phases   ] GC(734)   Evacuate Collection Set: 23.8ms
[2025-12-25T03:47:11.249+0000][gc,phases   ] GC(734)   Post Evacuate Collection Set: 1.4ms
[2025-12-25T03:47:11.249+0000][gc,phases   ] GC(734)   Other: 0.2ms
[2025-12-25T03:47:11.250+0000][gc,heap     ] GC(734) Eden regions: 605->0(604)
[2025-12-25T03:47:11.250+0000][gc,heap     ] GC(734) Survivor regions: 9->10(77)
[2025-12-25T03:47:11.250+0000][gc,heap     ] GC(734) Old regions: 173->173
[2025-12-25T03:47:11.250+0000][gc,heap     ] GC(734) Humongous regions: 151->151
[2025-12-25T03:47:11.250+0000][gc,metaspace] GC(734) Metaspace: 15867K(16320K)->15867K(16320K) NonClass: 14222K(14400K)->14222K(14400K) Class: 1645K(1920K)->1645K(1920K)
[2025-12-25T03:47:11.250+0000][gc          ] GC(734) Pause Young (Normal) (G1 Evacuation Pause) 936M->333M(1024M) 27.998ms
[2025-12-25T03:47:11.250+0000][gc,cpu      ] GC(734) User=0.18s Sys=0.01s Real=0.03s
[2025-12-25T03:47:50.690+0000][gc,start    ] GC(735) Pause Young (Normal) (G1 Evacuation Pause)
[2025-12-25T03:47:50.691+0000][gc,task     ] GC(735) Using 8 workers of 8 for evacuation
[2025-12-25T03:47:50.713+0000][gc,phases   ] GC(735)   Pre Evacuate Collection Set: 2.2ms
[2025-12-25T03:47:50.713+0000][gc,phases   ] GC(735)   Merge Heap Roots: 2.7ms
[2025-12-25T03:47:50.713+0000][gc,phases   ] GC(735)   Evacuate Collection Set: 14.2ms
[2025-12-25T03:47:50.713+0000][gc,phases   ] GC(735)   Post Evacuate Collection Set: 1.4ms
[2025-12-25T03:47:50.713+0000][gc,phases   ] GC(735)   Other: 1.5ms
[2025-12-25T03:47:50.713+0000][gc,heap     ] GC(735) Eden regions: 604->0(609)
[2025-12-25T03:47:50.713+0000][gc,heap     ] GC(735) Survivor regions: 10->5(77)
[2025-12-25T03:47:50.713+0000][gc,heap     ] GC(735) Old regions: 173->173
[2025-12-25T03:47:50.714+0000][gc,heap     ] GC(735) Humongous regions: 151->151
[2025-12-25T03:47:50.714+0000][gc,metaspace] GC(735) Metaspace: 15867K(16320K)->15867K(16320K) NonClass: 14222K(14400K)->14222K(14400K) Class: 1645K(1920K)->1645K(1920K)
[2025-12-25T03:47:50.714+0000][gc          ] GC(735) Pause Young (Normal) (G1 Evacuation Pause) 937M->328M(1024M) 23.468ms
[2025-12-25T03:47:50.714+0000][gc,cpu      ] GC(735) User=0.12s Sys=0.01s Real=0.02s
[2025-12-25T03:48:21.137+0000][gc,start    ] GC(736) Pause Young (Normal) (G1 Evacuation Pause)
[2025-12-25T03:48:21.137+0000][gc,task     ] GC(736) Using 8 workers of 8 for evacuation
[2025-12-25T03:48:21.162+0000][gc,phases   ] GC(736)   Pre Evacuate Collection Set: 1.3ms
[2025-12-25T03:48:21.162+0000][gc,phases   ] GC(736)   Merge Heap Roots: 0.5ms
[2025-12-25T03:48:21.163+0000][gc,phases   ] GC(736)   Evacuate Collection Set: 20.4ms
[2025-12-25T03:48:21.163+0000][gc,phases   ] GC(736)   Post Evacuate Collection Set: 2.5ms
[2025-12-25T03:48:21.163+0000][gc,phases   ] GC(736)   Other: 0.2ms
[2025-12-25T03:48:21.163+0000][gc,heap     ] GC(736) Eden regions: 609->0(607)
[2025-12-25T03:48:21.163+0000][gc,heap     ] GC(736) Survivor regions: 5->7(77)
[2025-12-25T03:48:21.163+0000][gc,heap     ] GC(736) Old regions: 173->173
[2025-12-25T03:48:21.164+0000][gc,heap     ] GC(736) Humongous regions: 151->151
[2025-12-25T03:48:21.164+0000][gc,metaspace] GC(736) Metaspace: 15867K(16320K)->15867K(16320K) NonClass: 14222K(14400K)->14222K(14400K) Class: 1645K(1920K)->1645K(1920K)
[2025-12-25T03:48:21.164+0000][gc          ] GC(736) Pause Young (Normal) (G1 Evacuation Pause) 937M->330M(1024M) 26.977ms
[2025-12-25T03:48:21.164+0000][gc,cpu      ] GC(736) User=0.16s Sys=0.00s Real=0.02s
[2025-12-25T03:48:57.712+0000][gc,start    ] GC(737) Pause Young (Normal) (G1 Evacuation Pause)
[2025-12-25T03:48:57.713+0000][gc,task     ] GC(737) Using 8 workers of 8 for evacuation
[2025-12-25T03:48:57.742+0000][gc,phases   ] GC(737)   Pre Evacuate Collection Set: 1.3ms
[2025-12-25T03:48:57.742+0000][gc,phases   ] GC(737)   Merge Heap Roots: 0.4ms
[2025-12-25T03:48:57.742+0000][gc,phases   ] GC(737)   Evacuate Collection Set: 24.6ms
[2025-12-25T03:48:57.742+0000][gc,phases   ] GC(737)   Post Evacuate Collection Set: 2.1ms
[2025-12-25T03:48:57.743+0000][gc,phases   ] GC(737)   Other: 0.4ms
[2025-12-25T03:48:57.743+0000][gc,heap     ] GC(737) Eden regions: 607->0(606)
[2025-12-25T03:48:57.743+0000][gc,heap     ] GC(737) Survivor regions: 7->8(77)
[2025-12-25T03:48:57.743+0000][gc,heap     ] GC(737) Old regions: 173->174
[2025-12-25T03:48:57.743+0000][gc,heap     ] GC(737) Humongous regions: 151->151
[2025-12-25T03:48:57.743+0000][gc,metaspace] GC(737) Metaspace: 15868K(16320K)->15868K(16320K) NonClass: 14223K(14400K)->14223K(14400K) Class: 1645K(1920K)->1645K(1920K)
[2025-12-25T03:48:57.743+0000][gc          ] GC(737) Pause Young (Normal) (G1 Evacuation Pause) 937M->331M(1024M) 30.921ms
[2025-12-25T03:48:57.743+0000][gc,cpu      ] GC(737) User=0.17s Sys=0.01s Real=0.04s
[2025-12-25T03:49:30.747+0000][gc,start    ] GC(738) Pause Young (Normal) (G1 Evacuation Pause)
[2025-12-25T03:49:30.748+0000][gc,task     ] GC(738) Using 8 workers of 8 for evacuation
[2025-12-25T03:49:30.787+0000][gc,phases   ] GC(738)   Pre Evacuate Collection Set: 1.3ms
[2025-12-25T03:49:30.788+0000][gc,phases   ] GC(738)   Merge Heap Roots: 0.4ms
[2025-12-25T03:49:30.789+0000][gc,phases   ] GC(738)   Evacuate Collection Set: 34.1ms
[2025-12-25T03:49:30.789+0000][gc,phases   ] GC(738)   Post Evacuate Collection Set: 3.0ms
[2025-12-25T03:49:30.789+0000][gc,phases   ] GC(738)   Other: 0.6ms
[2025-12-25T03:49:30.789+0000][gc,heap     ] GC(738) Eden regions: 606->0(602)
[2025-12-25T03:49:30.789+0000][gc,heap     ] GC(738) Survivor regions: 8->12(77)
[2025-12-25T03:49:30.789+0000][gc,heap     ] GC(738) Old regions: 174->174
[2025-12-25T03:49:30.789+0000][gc,heap     ] GC(738) Humongous regions: 151->151
[2025-12-25T03:49:30.789+0000][gc,metaspace] GC(738) Metaspace: 16036K(16448K)->16036K(16448K) NonClass: 14391K(14528K)->14391K(14528K) Class: 1645K(1920K)->1645K(1920K)
[2025-12-25T03:49:30.789+0000][gc          ] GC(738) Pause Young (Normal) (G1 Evacuation Pause) 937M->335M(1024M) 42.235ms
[2025-12-25T03:49:30.789+0000][gc,cpu      ] GC(738) User=0.23s Sys=0.00s Real=0.04s
[2025-12-25T03:50:00.892+0000][gc,start    ] GC(739) Pause Young (Normal) (G1 Evacuation Pause)
[2025-12-25T03:50:00.893+0000][gc,task     ] GC(739) Using 8 workers of 8 for evacuation
[2025-12-25T03:50:00.938+0000][gc,phases   ] GC(739)   Pre Evacuate Collection Set: 1.3ms
[2025-12-25T03:50:00.939+0000][gc,phases   ] GC(739)   Merge Heap Roots: 1.6ms
[2025-12-25T03:50:00.939+0000][gc,phases   ] GC(739)   Evacuate Collection Set: 36.9ms
[2025-12-25T03:50:00.939+0000][gc,phases   ] GC(739)   Post Evacuate Collection Set: 4.4ms
[2025-12-25T03:50:00.939+0000][gc,phases   ] GC(739)   Other: 1.2ms
[2025-12-25T03:50:00.939+0000][gc,heap     ] GC(739) Eden regions: 602->0(604)
[2025-12-25T03:50:00.939+0000][gc,heap     ] GC(739) Survivor regions: 12->10(77)
[2025-12-25T03:50:00.939+0000][gc,heap     ] GC(739) Old regions: 174->174
[2025-12-25T03:50:00.939+0000][gc,heap     ] GC(739) Humongous regions: 151->151
[2025-12-25T03:50:00.939+0000][gc,metaspace] GC(739) Metaspace: 16202K(16576K)->16202K(16576K) NonClass: 14528K(14656K)->14528K(14656K) Class: 1674K(1920K)->1674K(1920K)
[2025-12-25T03:50:00.939+0000][gc          ] GC(739) Pause Young (Normal) (G1 Evacuation Pause) 937M->333M(1024M) 46.897ms
[2025-12-25T03:50:00.940+0000][gc,cpu      ] GC(739) User=0.31s Sys=0.01s Real=0.05s
[2025-12-25T03:50:30.868+0000][gc,start    ] GC(740) Pause Young (Normal) (G1 Evacuation Pause)
[2025-12-25T03:50:30.869+0000][gc,task     ] GC(740) Using 8 workers of 8 for evacuation
[2025-12-25T03:50:30.881+0000][gc,phases   ] GC(740)   Pre Evacuate Collection Set: 1.1ms
[2025-12-25T03:50:30.881+0000][gc,phases   ] GC(740)   Merge Heap Roots: 0.3ms
[2025-12-25T03:50:30.881+0000][gc,phases   ] GC(740)   Evacuate Collection Set: 8.1ms
[2025-12-25T03:50:30.881+0000][gc,phases   ] GC(740)   Post Evacuate Collection Set: 2.6ms
[2025-12-25T03:50:30.881+0000][gc,phases   ] GC(740)   Other: 0.2ms
[2025-12-25T03:50:30.881+0000][gc,heap     ] GC(740) Eden regions: 604->0(606)
[2025-12-25T03:50:30.882+0000][gc,heap     ] GC(740) Survivor regions: 10->8(77)
[2025-12-25T03:50:30.882+0000][gc,heap     ] GC(740) Old regions: 174->174
[2025-12-25T03:50:30.882+0000][gc,heap     ] GC(740) Humongous regions: 151->151
[2025-12-25T03:50:30.882+0000][gc,metaspace] GC(740) Metaspace: 16207K(16576K)->16207K(16576K) NonClass: 14533K(14656K)->14533K(14656K) Class: 1674K(1920K)->1674K(1920K)
[2025-12-25T03:50:30.882+0000][gc          ] GC(740) Pause Young (Normal) (G1 Evacuation Pause) 937M->332M(1024M) 13.829ms
[2025-12-25T03:50:30.882+0000][gc,cpu      ] GC(740) User=0.06s Sys=0.01s Real=0.01s
[2025-12-25T03:51:01.031+0000][gc,start    ] GC(741) Pause Young (Normal) (G1 Evacuation Pause)
[2025-12-25T03:51:01.032+0000][gc,task     ] GC(741) Using 8 workers of 8 for evacuation
[2025-12-25T03:51:01.055+0000][gc,phases   ] GC(741)   Pre Evacuate Collection Set: 1.1ms
[2025-12-25T03:51:01.055+0000][gc,phases   ] GC(741)   Merge Heap Roots: 0.3ms
[2025-12-25T03:51:01.055+0000][gc,phases   ] GC(741)   Evacuate Collection Set: 20.4ms
[2025-12-25T03:51:01.055+0000][gc,phases   ] GC(741)   Post Evacuate Collection Set: 1.2ms
[2025-12-25T03:51:01.055+0000][gc,phases   ] GC(741)   Other: 0.2ms
[2025-12-25T03:51:01.056+0000][gc,heap     ] GC(741) Eden regions: 606->0(603)
[2025-12-25T03:51:01.056+0000][gc,heap     ] GC(741) Survivor regions: 8->11(77)
[2025-12-25T03:51:01.056+0000][gc,heap     ] GC(741) Old regions: 174->175
[2025-12-25T03:51:01.056+0000][gc,heap     ] GC(741) Humongous regions: 151->151
[2025-12-25T03:51:01.056+0000][gc,metaspace] GC(741) Metaspace: 16208K(16576K)->16208K(16576K) NonClass: 14534K(14656K)->14534K(14656K) Class: 1674K(1920K)->1674K(1920K)
[2025-12-25T03:51:01.056+0000][gc          ] GC(741) Pause Young (Normal) (G1 Evacuation Pause) 938M->335M(1024M) 24.356ms
[2025-12-25T03:51:01.056+0000][gc,cpu      ] GC(741) User=0.15s Sys=0.00s Real=0.02s
[2025-12-25T03:51:40.662+0000][gc,start    ] GC(742) Pause Young (Normal) (G1 Evacuation Pause)
[2025-12-25T03:51:40.662+0000][gc,task     ] GC(742) Using 8 workers of 8 for evacuation
[2025-12-25T03:51:40.683+0000][gc,phases   ] GC(742)   Pre Evacuate Collection Set: 1.0ms
[2025-12-25T03:51:40.684+0000][gc,phases   ] GC(742)   Merge Heap Roots: 0.3ms
[2025-12-25T03:51:40.684+0000][gc,phases   ] GC(742)   Evacuate Collection Set: 18.6ms
[2025-12-25T03:51:40.684+0000][gc,phases   ] GC(742)   Post Evacuate Collection Set: 1.1ms
[2025-12-25T03:51:40.684+0000][gc,phases   ] GC(742)   Other: 0.3ms
[2025-12-25T03:51:40.684+0000][gc,heap     ] GC(742) Eden regions: 603->0(605)
[2025-12-25T03:51:40.684+0000][gc,heap     ] GC(742) Survivor regions: 11->9(77)
[2025-12-25T03:51:40.684+0000][gc,heap     ] GC(742) Old regions: 175->175
[2025-12-25T03:51:40.684+0000][gc,heap     ] GC(742) Humongous regions: 151->151
[2025-12-25T03:51:40.684+0000][gc,metaspace] GC(742) Metaspace: 16208K(16576K)->16208K(16576K) NonClass: 14534K(14656K)->14534K(14656K) Class: 1674K(1920K)->1674K(1920K)
[2025-12-25T03:51:40.684+0000][gc          ] GC(742) Pause Young (Normal) (G1 Evacuation Pause) 938M->333M(1024M) 22.353ms
[2025-12-25T03:51:40.684+0000][gc,cpu      ] GC(742) User=0.16s Sys=0.00s Real=0.02s
[2025-12-25T03:52:10.857+0000][gc,start    ] GC(743) Pause Young (Normal) (G1 Evacuation Pause)
[2025-12-25T03:52:10.857+0000][gc,task     ] GC(743) Using 8 workers of 8 for evacuation
[2025-12-25T03:52:10.875+0000][gc,phases   ] GC(743)   Pre Evacuate Collection Set: 1.1ms
[2025-12-25T03:52:10.875+0000][gc,phases   ] GC(743)   Merge Heap Roots: 0.3ms
[2025-12-25T03:52:10.875+0000][gc,phases   ] GC(743)   Evacuate Collection Set: 13.3ms
[2025-12-25T03:52:10.875+0000][gc,phases   ] GC(743)   Post Evacuate Collection Set: 2.1ms
[2025-12-25T03:52:10.875+0000][gc,phases   ] GC(743)   Other: 0.6ms
[2025-12-25T03:52:10.875+0000][gc,heap     ] GC(743) Eden regions: 605->0(603)
[2025-12-25T03:52:10.875+0000][gc,heap     ] GC(743) Survivor regions: 9->11(77)
[2025-12-25T03:52:10.875+0000][gc,heap     ] GC(743) Old regions: 175->175
[2025-12-25T03:52:10.875+0000][gc,heap     ] GC(743) Humongous regions: 151->151
[2025-12-25T03:52:10.875+0000][gc,metaspace] GC(743) Metaspace: 16208K(16576K)->16208K(16576K) NonClass: 14534K(14656K)->14534K(14656K) Class: 1674K(1920K)->1674K(1920K)
[2025-12-25T03:52:10.875+0000][gc          ] GC(743) Pause Young (Normal) (G1 Evacuation Pause) 938M->335M(1024M) 18.810ms
[2025-12-25T03:52:10.876+0000][gc,cpu      ] GC(743) User=0.12s Sys=0.00s Real=0.02s
[2025-12-25T03:52:41.100+0000][gc,start    ] GC(744) Pause Young (Normal) (G1 Evacuation Pause)
[2025-12-25T03:52:41.100+0000][gc,task     ] GC(744) Using 8 workers of 8 for evacuation
[2025-12-25T03:52:41.121+0000][gc,phases   ] GC(744)   Pre Evacuate Collection Set: 1.8ms
[2025-12-25T03:52:41.121+0000][gc,phases   ] GC(744)   Merge Heap Roots: 0.9ms
[2025-12-25T03:52:41.121+0000][gc,phases   ] GC(744)   Evacuate Collection Set: 16.4ms
[2025-12-25T03:52:41.121+0000][gc,phases   ] GC(744)   Post Evacuate Collection Set: 1.1ms
[2025-12-25T03:52:41.122+0000][gc,phases   ] GC(744)   Other: 0.7ms
[2025-12-25T03:52:41.122+0000][gc,heap     ] GC(744) Eden regions: 603->0(603)
[2025-12-25T03:52:41.122+0000][gc,heap     ] GC(744) Survivor regions: 11->11(77)
[2025-12-25T03:52:41.122+0000][gc,heap     ] GC(744) Old regions: 175->175
[2025-12-25T03:52:41.122+0000][gc,heap     ] GC(744) Humongous regions: 151->151
[2025-12-25T03:52:41.122+0000][gc,metaspace] GC(744) Metaspace: 16208K(16576K)->16208K(16576K) NonClass: 14534K(14656K)->14534K(14656K) Class: 1674K(1920K)->1674K(1920K)
[2025-12-25T03:52:41.122+0000][gc          ] GC(744) Pause Young (Normal) (G1 Evacuation Pause) 938M->336M(1024M) 22.329ms
[2025-12-25T03:52:41.122+0000][gc,cpu      ] GC(744) User=0.14s Sys=0.00s Real=0.02s
[2025-12-25T03:53:20.711+0000][gc,start    ] GC(745) Pause Young (Normal) (G1 Evacuation Pause)
[2025-12-25T03:53:20.712+0000][gc,task     ] GC(745) Using 8 workers of 8 for evacuation
[2025-12-25T03:53:20.729+0000][gc,phases   ] GC(745)   Pre Evacuate Collection Set: 1.1ms
[2025-12-25T03:53:20.729+0000][gc,phases   ] GC(745)   Merge Heap Roots: 0.3ms
[2025-12-25T03:53:20.729+0000][gc,phases   ] GC(745)   Evacuate Collection Set: 14.4ms
[2025-12-25T03:53:20.729+0000][gc,phases   ] GC(745)   Post Evacuate Collection Set: 1.3ms
[2025-12-25T03:53:20.730+0000][gc,phases   ] GC(745)   Other: 0.3ms
[2025-12-25T03:53:20.730+0000][gc,heap     ] GC(745) Eden regions: 603->0(608)
[2025-12-25T03:53:20.730+0000][gc,heap     ] GC(745) Survivor regions: 11->6(77)
[2025-12-25T03:53:20.730+0000][gc,heap     ] GC(745) Old regions: 175->175
[2025-12-25T03:53:20.730+0000][gc,heap     ] GC(745) Humongous regions: 151->151
[2025-12-25T03:53:20.730+0000][gc,metaspace] GC(745) Metaspace: 16208K(16576K)->16208K(16576K) NonClass: 14534K(14656K)->14534K(14656K) Class: 1674K(1920K)->1674K(1920K)
[2025-12-25T03:53:20.730+0000][gc          ] GC(745) Pause Young (Normal) (G1 Evacuation Pause) 939M->331M(1024M) 18.713ms
[2025-12-25T03:53:20.730+0000][gc,cpu      ] GC(745) User=0.12s Sys=0.00s Real=0.01s
[2025-12-25T03:53:50.969+0000][gc,start    ] GC(746) Pause Young (Normal) (G1 Evacuation Pause)
[2025-12-25T03:53:50.969+0000][gc,task     ] GC(746) Using 8 workers of 8 for evacuation
[2025-12-25T03:53:50.990+0000][gc,phases   ] GC(746)   Pre Evacuate Collection Set: 1.2ms
[2025-12-25T03:53:50.990+0000][gc,phases   ] GC(746)   Merge Heap Roots: 0.4ms
[2025-12-25T03:53:50.990+0000][gc,phases   ] GC(746)   Evacuate Collection Set: 17.2ms
[2025-12-25T03:53:50.990+0000][gc,phases   ] GC(746)   Post Evacuate Collection Set: 1.3ms
[2025-12-25T03:53:50.990+0000][gc,phases   ] GC(746)   Other: 0.3ms
[2025-12-25T03:53:50.990+0000][gc,heap     ] GC(746) Eden regions: 608->0(607)
[2025-12-25T03:53:50.990+0000][gc,heap     ] GC(746) Survivor regions: 6->7(77)
[2025-12-25T03:53:50.990+0000][gc,heap     ] GC(746) Old regions: 175->176
[2025-12-25T03:53:50.990+0000][gc,heap     ] GC(746) Humongous regions: 151->151
[2025-12-25T03:53:50.990+0000][gc,metaspace] GC(746) Metaspace: 16208K(16576K)->16208K(16576K) NonClass: 14534K(14656K)->14534K(14656K) Class: 1674K(1920K)->1674K(1920K)
[2025-12-25T03:53:50.990+0000][gc          ] GC(746) Pause Young (Normal) (G1 Evacuation Pause) 939M->333M(1024M) 21.492ms
[2025-12-25T03:53:50.990+0000][gc,cpu      ] GC(746) User=0.14s Sys=0.00s Real=0.03s
[2025-12-25T03:54:30.587+0000][gc,start    ] GC(747) Pause Young (Normal) (G1 Evacuation Pause)
[2025-12-25T03:54:30.587+0000][gc,task     ] GC(747) Using 8 workers of 8 for evacuation
[2025-12-25T03:54:30.602+0000][gc,phases   ] GC(747)   Pre Evacuate Collection Set: 1.2ms
[2025-12-25T03:54:30.602+0000][gc,phases   ] GC(747)   Merge Heap Roots: 0.3ms
[2025-12-25T03:54:30.602+0000][gc,phases   ] GC(747)   Evacuate Collection Set: 11.3ms
[2025-12-25T03:54:30.602+0000][gc,phases   ] GC(747)   Post Evacuate Collection Set: 1.4ms
[2025-12-25T03:54:30.602+0000][gc,phases   ] GC(747)   Other: 0.2ms
[2025-12-25T03:54:30.602+0000][gc,heap     ] GC(747) Eden regions: 607->0(608)
[2025-12-25T03:54:30.602+0000][gc,heap     ] GC(747) Survivor regions: 7->6(77)
[2025-12-25T03:54:30.602+0000][gc,heap     ] GC(747) Old regions: 176->176
[2025-12-25T03:54:30.602+0000][gc,heap     ] GC(747) Humongous regions: 151->151
[2025-12-25T03:54:30.602+0000][gc,metaspace] GC(747) Metaspace: 16208K(16576K)->16208K(16576K) NonClass: 14534K(14656K)->14534K(14656K) Class: 1674K(1920K)->1674K(1920K)
[2025-12-25T03:54:30.602+0000][gc          ] GC(747) Pause Young (Normal) (G1 Evacuation Pause) 940M->331M(1024M) 15.462ms
[2025-12-25T03:54:30.602+0000][gc,cpu      ] GC(747) User=0.09s Sys=0.00s Real=0.02s
[2025-12-25T03:55:00.842+0000][gc,start    ] GC(748) Pause Young (Normal) (G1 Evacuation Pause)
[2025-12-25T03:55:00.842+0000][gc,task     ] GC(748) Using 8 workers of 8 for evacuation
[2025-12-25T03:55:00.862+0000][gc,phases   ] GC(748)   Pre Evacuate Collection Set: 2.2ms
[2025-12-25T03:55:00.863+0000][gc,phases   ] GC(748)   Merge Heap Roots: 1.6ms
[2025-12-25T03:55:00.863+0000][gc,phases   ] GC(748)   Evacuate Collection Set: 15.0ms
[2025-12-25T03:55:00.863+0000][gc,phases   ] GC(748)   Post Evacuate Collection Set: 1.1ms
[2025-12-25T03:55:00.863+0000][gc,phases   ] GC(748)   Other: 0.2ms
[2025-12-25T03:55:00.863+0000][gc,heap     ] GC(748) Eden regions: 608->0(606)
[2025-12-25T03:55:00.863+0000][gc,heap     ] GC(748) Survivor regions: 6->8(77)
[2025-12-25T03:55:00.863+0000][gc,heap     ] GC(748) Old regions: 176->176
[2025-12-25T03:55:00.863+0000][gc,heap     ] GC(748) Humongous regions: 151->151
[2025-12-25T03:55:00.863+0000][gc,metaspace] GC(748) Metaspace: 16211K(16576K)->16211K(16576K) NonClass: 14536K(14656K)->14536K(14656K) Class: 1674K(1920K)->1674K(1920K)
[2025-12-25T03:55:00.863+0000][gc          ] GC(748) Pause Young (Normal) (G1 Evacuation Pause) 939M->333M(1024M) 21.095ms
[2025-12-25T03:55:00.863+0000][gc,cpu      ] GC(748) User=0.09s Sys=0.00s Real=0.02s
[2025-12-25T03:55:31.090+0000][gc,start    ] GC(749) Pause Young (Normal) (G1 Evacuation Pause)
[2025-12-25T03:55:31.090+0000][gc,task     ] GC(749) Using 8 workers of 8 for evacuation
[2025-12-25T03:55:31.111+0000][gc,phases   ] GC(749)   Pre Evacuate Collection Set: 2.6ms
[2025-12-25T03:55:31.111+0000][gc,phases   ] GC(749)   Merge Heap Roots: 2.0ms
[2025-12-25T03:55:31.111+0000][gc,phases   ] GC(749)   Evacuate Collection Set: 14.8ms
[2025-12-25T03:55:31.111+0000][gc,phases   ] GC(749)   Post Evacuate Collection Set: 1.2ms
[2025-12-25T03:55:31.112+0000][gc,phases   ] GC(749)   Other: 0.3ms
[2025-12-25T03:55:31.112+0000][gc,heap     ] GC(749) Eden regions: 606->0(605)
[2025-12-25T03:55:31.112+0000][gc,heap     ] GC(749) Survivor regions: 8->9(77)
[2025-12-25T03:55:31.112+0000][gc,heap     ] GC(749) Old regions: 176->176
[2025-12-25T03:55:31.112+0000][gc,heap     ] GC(749) Humongous regions: 151->151
[2025-12-25T03:55:31.112+0000][gc,metaspace] GC(749) Metaspace: 16211K(16576K)->16211K(16576K) NonClass: 14536K(14656K)->14536K(14656K) Class: 1674K(1920K)->1674K(1920K)
[2025-12-25T03:55:31.112+0000][gc          ] GC(749) Pause Young (Normal) (G1 Evacuation Pause) 939M->335M(1024M) 21.965ms
[2025-12-25T03:55:31.112+0000][gc,cpu      ] GC(749) User=0.15s Sys=0.00s Real=0.02s
[2025-12-25T03:56:11.013+0000][gc,start    ] GC(750) Pause Young (Normal) (G1 Evacuation Pause)
[2025-12-25T03:56:11.014+0000][gc,task     ] GC(750) Using 8 workers of 8 for evacuation
[2025-12-25T03:56:11.034+0000][gc,phases   ] GC(750)   Pre Evacuate Collection Set: 1.4ms
[2025-12-25T03:56:11.034+0000][gc,phases   ] GC(750)   Merge Heap Roots: 0.4ms
[2025-12-25T03:56:11.035+0000][gc,phases   ] GC(750)   Evacuate Collection Set: 16.2ms
[2025-12-25T03:56:11.035+0000][gc,phases   ] GC(750)   Post Evacuate Collection Set: 1.4ms
[2025-12-25T03:56:11.035+0000][gc,phases   ] GC(750)   Other: 0.4ms
[2025-12-25T03:56:11.035+0000][gc,heap     ] GC(750) Eden regions: 605->0(607)
[2025-12-25T03:56:11.035+0000][gc,heap     ] GC(750) Survivor regions: 9->7(77)
[2025-12-25T03:56:11.035+0000][gc,heap     ] GC(750) Old regions: 176->177
[2025-12-25T03:56:11.036+0000][gc,heap     ] GC(750) Humongous regions: 151->151
[2025-12-25T03:56:11.038+0000][gc,metaspace] GC(750) Metaspace: 16211K(16576K)->16211K(16576K) NonClass: 14537K(14656K)->14537K(14656K) Class: 1674K(1920K)->1674K(1920K)
[2025-12-25T03:56:11.038+0000][gc          ] GC(750) Pause Young (Normal) (G1 Evacuation Pause) 940M->334M(1024M) 24.495ms
[2025-12-25T03:56:11.038+0000][gc,cpu      ] GC(750) User=0.10s Sys=0.01s Real=0.03s
[2025-12-25T03:56:41.253+0000][gc,start    ] GC(751) Pause Young (Normal) (G1 Evacuation Pause)
[2025-12-25T03:56:41.253+0000][gc,task     ] GC(751) Using 8 workers of 8 for evacuation
[2025-12-25T03:56:41.273+0000][gc,phases   ] GC(751)   Pre Evacuate Collection Set: 1.3ms
[2025-12-25T03:56:41.273+0000][gc,phases   ] GC(751)   Merge Heap Roots: 0.4ms
[2025-12-25T03:56:41.273+0000][gc,phases   ] GC(751)   Evacuate Collection Set: 16.1ms
[2025-12-25T03:56:41.273+0000][gc,phases   ] GC(751)   Post Evacuate Collection Set: 1.4ms
[2025-12-25T03:56:41.273+0000][gc,phases   ] GC(751)   Other: 0.6ms
[2025-12-25T03:56:41.273+0000][gc,heap     ] GC(751) Eden regions: 607->0(605)
[2025-12-25T03:56:41.273+0000][gc,heap     ] GC(751) Survivor regions: 7->9(77)
[2025-12-25T03:56:41.274+0000][gc,heap     ] GC(751) Old regions: 177->177
[2025-12-25T03:56:41.274+0000][gc,heap     ] GC(751) Humongous regions: 151->151
[2025-12-25T03:56:41.274+0000][gc,metaspace] GC(751) Metaspace: 16218K(16576K)->16218K(16576K) NonClass: 14543K(14656K)->14543K(14656K) Class: 1674K(1920K)->1674K(1920K)
[2025-12-25T03:56:41.274+0000][gc          ] GC(751) Pause Young (Normal) (G1 Evacuation Pause) 941M->335M(1024M) 20.737ms
[2025-12-25T03:56:41.274+0000][gc,cpu      ] GC(751) User=0.12s Sys=0.00s Real=0.02s
[2025-12-25T03:57:11.427+0000][gc,start    ] GC(752) Pause Young (Normal) (G1 Evacuation Pause)
[2025-12-25T03:57:11.427+0000][gc,task     ] GC(752) Using 8 workers of 8 for evacuation
[2025-12-25T03:57:11.448+0000][gc,phases   ] GC(752)   Pre Evacuate Collection Set: 1.3ms
[2025-12-25T03:57:11.448+0000][gc,phases   ] GC(752)   Merge Heap Roots: 0.5ms
[2025-12-25T03:57:11.448+0000][gc,phases   ] GC(752)   Evacuate Collection Set: 17.8ms
[2025-12-25T03:57:11.448+0000][gc,phases   ] GC(752)   Post Evacuate Collection Set: 1.1ms
[2025-12-25T03:57:11.449+0000][gc,phases   ] GC(752)   Other: 0.3ms
[2025-12-25T03:57:11.449+0000][gc,heap     ] GC(752) Eden regions: 605->0(604)
[2025-12-25T03:57:11.449+0000][gc,heap     ] GC(752) Survivor regions: 9->10(77)
[2025-12-25T03:57:11.449+0000][gc,heap     ] GC(752) Old regions: 177->178
[2025-12-25T03:57:11.449+0000][gc,heap     ] GC(752) Humongous regions: 151->151
[2025-12-25T03:57:11.449+0000][gc,metaspace] GC(752) Metaspace: 16218K(16576K)->16218K(16576K) NonClass: 14544K(14656K)->14544K(14656K) Class: 1674K(1920K)->1674K(1920K)
[2025-12-25T03:57:11.449+0000][gc          ] GC(752) Pause Young (Normal) (G1 Evacuation Pause) 940M->337M(1024M) 22.147ms
[2025-12-25T03:57:11.449+0000][gc,cpu      ] GC(752) User=0.10s Sys=0.00s Real=0.03s
[2025-12-25T03:57:51.095+0000][gc,start    ] GC(753) Pause Young (Normal) (G1 Evacuation Pause)
[2025-12-25T03:57:51.095+0000][gc,task     ] GC(753) Using 8 workers of 8 for evacuation
[2025-12-25T03:57:51.107+0000][gc,phases   ] GC(753)   Pre Evacuate Collection Set: 1.2ms
[2025-12-25T03:57:51.107+0000][gc,phases   ] GC(753)   Merge Heap Roots: 0.2ms
[2025-12-25T03:57:51.107+0000][gc,phases   ] GC(753)   Evacuate Collection Set: 8.6ms
[2025-12-25T03:57:51.107+0000][gc,phases   ] GC(753)   Post Evacuate Collection Set: 1.3ms
[2025-12-25T03:57:51.107+0000][gc,phases   ] GC(753)   Other: 0.2ms
[2025-12-25T03:57:51.107+0000][gc,heap     ] GC(753) Eden regions: 604->0(610)
[2025-12-25T03:57:51.107+0000][gc,heap     ] GC(753) Survivor regions: 10->4(77)
[2025-12-25T03:57:51.107+0000][gc,heap     ] GC(753) Old regions: 178->178
[2025-12-25T03:57:51.107+0000][gc,heap     ] GC(753) Humongous regions: 151->151
[2025-12-25T03:57:51.107+0000][gc,metaspace] GC(753) Metaspace: 16218K(16576K)->16218K(16576K) NonClass: 14544K(14656K)->14544K(14656K) Class: 1674K(1920K)->1674K(1920K)
[2025-12-25T03:57:51.107+0000][gc          ] GC(753) Pause Young (Normal) (G1 Evacuation Pause) 941M->332M(1024M) 12.514ms
[2025-12-25T03:57:51.108+0000][gc,cpu      ] GC(753) User=0.07s Sys=0.00s Real=0.02s
[2025-12-25T03:58:21.367+0000][gc,start    ] GC(754) Pause Young (Normal) (G1 Evacuation Pause)
[2025-12-25T03:58:21.368+0000][gc,task     ] GC(754) Using 8 workers of 8 for evacuation
[2025-12-25T03:58:21.378+0000][gc,phases   ] GC(754)   Pre Evacuate Collection Set: 1.1ms
[2025-12-25T03:58:21.378+0000][gc,phases   ] GC(754)   Merge Heap Roots: 0.2ms
[2025-12-25T03:58:21.378+0000][gc,phases   ] GC(754)   Evacuate Collection Set: 5.6ms
[2025-12-25T03:58:21.378+0000][gc,phases   ] GC(754)   Post Evacuate Collection Set: 2.9ms
[2025-12-25T03:58:21.378+0000][gc,phases   ] GC(754)   Other: 0.2ms
[2025-12-25T03:58:21.378+0000][gc,heap     ] GC(754) Eden regions: 610->0(608)
[2025-12-25T03:58:21.378+0000][gc,heap     ] GC(754) Survivor regions: 4->6(77)
[2025-12-25T03:58:21.378+0000][gc,heap     ] GC(754) Old regions: 178->178
[2025-12-25T03:58:21.378+0000][gc,heap     ] GC(754) Humongous regions: 151->151
[2025-12-25T03:58:21.379+0000][gc,metaspace] GC(754) Metaspace: 16220K(16576K)->16220K(16576K) NonClass: 14546K(14656K)->14546K(14656K) Class: 1674K(1920K)->1674K(1920K)
[2025-12-25T03:58:21.379+0000][gc          ] GC(754) Pause Young (Normal) (G1 Evacuation Pause) 942M->333M(1024M) 11.172ms
[2025-12-25T03:58:21.379+0000][gc,cpu      ] GC(754) User=0.06s Sys=0.00s Real=0.01s
[2025-12-25T03:59:00.969+0000][gc,start    ] GC(755) Pause Young (Normal) (G1 Evacuation Pause)
[2025-12-25T03:59:00.970+0000][gc,task     ] GC(755) Using 8 workers of 8 for evacuation
[2025-12-25T03:59:00.983+0000][gc,phases   ] GC(755)   Pre Evacuate Collection Set: 1.6ms
[2025-12-25T03:59:00.983+0000][gc,phases   ] GC(755)   Merge Heap Roots: 0.2ms
[2025-12-25T03:59:00.983+0000][gc,phases   ] GC(755)   Evacuate Collection Set: 6.0ms
[2025-12-25T03:59:00.983+0000][gc,phases   ] GC(755)   Post Evacuate Collection Set: 5.0ms
[2025-12-25T03:59:00.983+0000][gc,phases   ] GC(755)   Other: 0.2ms
[2025-12-25T03:59:00.983+0000][gc,heap     ] GC(755) Eden regions: 608->0(609)
[2025-12-25T03:59:00.983+0000][gc,heap     ] GC(755) Survivor regions: 6->5(77)
[2025-12-25T03:59:00.983+0000][gc,heap     ] GC(755) Old regions: 178->178
[2025-12-25T03:59:00.983+0000][gc,heap     ] GC(755) Humongous regions: 151->151
[2025-12-25T03:59:00.983+0000][gc,metaspace] GC(755) Metaspace: 16220K(16576K)->16220K(16576K) NonClass: 14546K(14656K)->14546K(14656K) Class: 1674K(1920K)->1674K(1920K)
[2025-12-25T03:59:00.983+0000][gc          ] GC(755) Pause Young (Normal) (G1 Evacuation Pause) 941M->333M(1024M) 14.296ms
[2025-12-25T03:59:00.983+0000][gc,cpu      ] GC(755) User=0.07s Sys=0.00s Real=0.01s
[2025-12-25T03:59:31.170+0000][gc,start    ] GC(756) Pause Young (Normal) (G1 Evacuation Pause)
[2025-12-25T03:59:31.170+0000][gc,task     ] GC(756) Using 8 workers of 8 for evacuation
[2025-12-25T03:59:31.187+0000][gc,phases   ] GC(756)   Pre Evacuate Collection Set: 1.5ms
[2025-12-25T03:59:31.187+0000][gc,phases   ] GC(756)   Merge Heap Roots: 0.7ms
[2025-12-25T03:59:31.187+0000][gc,phases   ] GC(756)   Evacuate Collection Set: 12.5ms
[2025-12-25T03:59:31.187+0000][gc,phases   ] GC(756)   Post Evacuate Collection Set: 1.4ms
[2025-12-25T03:59:31.187+0000][gc,phases   ] GC(756)   Other: 0.4ms
[2025-12-25T03:59:31.187+0000][gc,heap     ] GC(756) Eden regions: 609->0(608)
[2025-12-25T03:59:31.187+0000][gc,heap     ] GC(756) Survivor regions: 5->6(77)
[2025-12-25T03:59:31.187+0000][gc,heap     ] GC(756) Old regions: 178->178
[2025-12-25T03:59:31.187+0000][gc,heap     ] GC(756) Humongous regions: 151->151
[2025-12-25T03:59:31.187+0000][gc,metaspace] GC(756) Metaspace: 16220K(16576K)->16220K(16576K) NonClass: 14546K(14656K)->14546K(14656K) Class: 1674K(1920K)->1674K(1920K)
[2025-12-25T03:59:31.187+0000][gc          ] GC(756) Pause Young (Normal) (G1 Evacuation Pause) 942M->334M(1024M) 17.746ms
[2025-12-25T03:59:31.187+0000][gc,cpu      ] GC(756) User=0.09s Sys=0.00s Real=0.02s
[2025-12-25T04:00:01.369+0000][gc,start    ] GC(757) Pause Young (Normal) (G1 Evacuation Pause)
[2025-12-25T04:00:01.369+0000][gc,task     ] GC(757) Using 8 workers of 8 for evacuation
[2025-12-25T04:00:01.382+0000][gc,phases   ] GC(757)   Pre Evacuate Collection Set: 2.1ms
[2025-12-25T04:00:01.382+0000][gc,phases   ] GC(757)   Merge Heap Roots: 0.3ms
[2025-12-25T04:00:01.382+0000][gc,phases   ] GC(757)   Evacuate Collection Set: 8.5ms
[2025-12-25T04:00:01.382+0000][gc,phases   ] GC(757)   Post Evacuate Collection Set: 1.1ms
[2025-12-25T04:00:01.382+0000][gc,phases   ] GC(757)   Other: 0.3ms
[2025-12-25T04:00:01.382+0000][gc,heap     ] GC(757) Eden regions: 608->0(606)
[2025-12-25T04:00:01.382+0000][gc,heap     ] GC(757) Survivor regions: 6->8(77)
[2025-12-25T04:00:01.382+0000][gc,heap     ] GC(757) Old regions: 178->179
[2025-12-25T04:00:01.382+0000][gc,heap     ] GC(757) Humongous regions: 151->151
[2025-12-25T04:00:01.382+0000][gc,metaspace] GC(757) Metaspace: 16222K(16576K)->16222K(16576K) NonClass: 14548K(14656K)->14548K(14656K) Class: 1674K(1920K)->1674K(1920K)
[2025-12-25T04:00:01.382+0000][gc          ] GC(757) Pause Young (Normal) (G1 Evacuation Pause) 942M->336M(1024M) 13.472ms
[2025-12-25T04:00:01.382+0000][gc,cpu      ] GC(757) User=0.08s Sys=0.00s Real=0.01s
[2025-12-25T04:00:41.094+0000][gc,start    ] GC(758) Pause Young (Normal) (G1 Evacuation Pause)
[2025-12-25T04:00:41.095+0000][gc,task     ] GC(758) Using 8 workers of 8 for evacuation
[2025-12-25T04:00:41.117+0000][gc,phases   ] GC(758)   Pre Evacuate Collection Set: 2.9ms
[2025-12-25T04:00:41.117+0000][gc,phases   ] GC(758)   Merge Heap Roots: 0.9ms
[2025-12-25T04:00:41.117+0000][gc,phases   ] GC(758)   Evacuate Collection Set: 16.8ms
[2025-12-25T04:00:41.118+0000][gc,phases   ] GC(758)   Post Evacuate Collection Set: 1.6ms
[2025-12-25T04:00:41.118+0000][gc,phases   ] GC(758)   Other: 0.2ms
[2025-12-25T04:00:41.118+0000][gc,heap     ] GC(758) Eden regions: 606->0(606)
[2025-12-25T04:00:41.118+0000][gc,heap     ] GC(758) Survivor regions: 8->8(77)
[2025-12-25T04:00:41.118+0000][gc,heap     ] GC(758) Old regions: 179->179
[2025-12-25T04:00:41.118+0000][gc,heap     ] GC(758) Humongous regions: 151->151
[2025-12-25T04:00:41.118+0000][gc,metaspace] GC(758) Metaspace: 16222K(16576K)->16222K(16576K) NonClass: 14548K(14656K)->14548K(14656K) Class: 1674K(1920K)->1674K(1920K)
[2025-12-25T04:00:41.118+0000][gc          ] GC(758) Pause Young (Normal) (G1 Evacuation Pause) 942M->336M(1024M) 23.614ms
[2025-12-25T04:00:41.118+0000][gc,cpu      ] GC(758) User=0.16s Sys=0.00s Real=0.03s
[2025-12-25T04:01:11.271+0000][gc,start    ] GC(759) Pause Young (Normal) (G1 Evacuation Pause)
[2025-12-25T04:01:11.271+0000][gc,task     ] GC(759) Using 8 workers of 8 for evacuation
[2025-12-25T04:01:11.291+0000][gc,phases   ] GC(759)   Pre Evacuate Collection Set: 1.1ms
[2025-12-25T04:01:11.292+0000][gc,phases   ] GC(759)   Merge Heap Roots: 0.2ms
[2025-12-25T04:01:11.292+0000][gc,phases   ] GC(759)   Evacuate Collection Set: 17.2ms
[2025-12-25T04:01:11.292+0000][gc,phases   ] GC(759)   Post Evacuate Collection Set: 1.1ms
[2025-12-25T04:01:11.292+0000][gc,phases   ] GC(759)   Other: 0.3ms
[2025-12-25T04:01:11.292+0000][gc,heap     ] GC(759) Eden regions: 606->0(605)
[2025-12-25T04:01:11.292+0000][gc,heap     ] GC(759) Survivor regions: 8->9(77)
[2025-12-25T04:01:11.292+0000][gc,heap     ] GC(759) Old regions: 179->179
[2025-12-25T04:01:11.292+0000][gc,heap     ] GC(759) Humongous regions: 151->151
[2025-12-25T04:01:11.292+0000][gc,metaspace] GC(759) Metaspace: 16222K(16576K)->16222K(16576K) NonClass: 14548K(14656K)->14548K(14656K) Class: 1674K(1920K)->1674K(1920K)
[2025-12-25T04:01:11.292+0000][gc          ] GC(759) Pause Young (Normal) (G1 Evacuation Pause) 942M->338M(1024M) 21.128ms
[2025-12-25T04:01:11.292+0000][gc,cpu      ] GC(759) User=0.14s Sys=0.01s Real=0.02s
[2025-12-25T04:01:50.894+0000][gc,start    ] GC(760) Pause Young (Normal) (G1 Evacuation Pause)
[2025-12-25T04:01:50.894+0000][gc,task     ] GC(760) Using 8 workers of 8 for evacuation
[2025-12-25T04:01:50.901+0000][gc,phases   ] GC(760)   Pre Evacuate Collection Set: 1.1ms
[2025-12-25T04:01:50.902+0000][gc,phases   ] GC(760)   Merge Heap Roots: 0.3ms
[2025-12-25T04:01:50.902+0000][gc,phases   ] GC(760)   Evacuate Collection Set: 4.7ms
[2025-12-25T04:01:50.902+0000][gc,phases   ] GC(760)   Post Evacuate Collection Set: 1.1ms
[2025-12-25T04:01:50.902+0000][gc,phases   ] GC(760)   Other: 0.3ms
[2025-12-25T04:01:50.902+0000][gc,heap     ] GC(760) Eden regions: 605->0(610)
[2025-12-25T04:01:50.902+0000][gc,heap     ] GC(760) Survivor regions: 9->4(77)
[2025-12-25T04:01:50.902+0000][gc,heap     ] GC(760) Old regions: 179->179
[2025-12-25T04:01:50.902+0000][gc,heap     ] GC(760) Humongous regions: 151->151
[2025-12-25T04:01:50.902+0000][gc,metaspace] GC(760) Metaspace: 16225K(16576K)->16225K(16576K) NonClass: 14551K(14656K)->14551K(14656K) Class: 1674K(1920K)->1674K(1920K)
[2025-12-25T04:01:50.902+0000][gc          ] GC(760) Pause Young (Normal) (G1 Evacuation Pause) 943M->333M(1024M) 8.524ms
[2025-12-25T04:01:50.902+0000][gc,cpu      ] GC(760) User=0.04s Sys=0.00s Real=0.01s
[2025-12-25T04:02:21.284+0000][gc,start    ] GC(761) Pause Young (Normal) (G1 Evacuation Pause)
[2025-12-25T04:02:21.285+0000][gc,task     ] GC(761) Using 8 workers of 8 for evacuation
[2025-12-25T04:02:21.298+0000][gc,phases   ] GC(761)   Pre Evacuate Collection Set: 2.9ms
[2025-12-25T04:02:21.298+0000][gc,phases   ] GC(761)   Merge Heap Roots: 0.2ms
[2025-12-25T04:02:21.299+0000][gc,phases   ] GC(761)   Evacuate Collection Set: 9.2ms
[2025-12-25T04:02:21.299+0000][gc,phases   ] GC(761)   Post Evacuate Collection Set: 1.3ms
[2025-12-25T04:02:21.299+0000][gc,phases   ] GC(761)   Other: 0.2ms
[2025-12-25T04:02:21.299+0000][gc,heap     ] GC(761) Eden regions: 610->0(608)
[2025-12-25T04:02:21.299+0000][gc,heap     ] GC(761) Survivor regions: 4->6(77)
[2025-12-25T04:02:21.299+0000][gc,heap     ] GC(761) Old regions: 179->179
[2025-12-25T04:02:21.299+0000][gc,heap     ] GC(761) Humongous regions: 151->151
[2025-12-25T04:02:21.299+0000][gc,metaspace] GC(761) Metaspace: 16225K(16576K)->16225K(16576K) NonClass: 14551K(14656K)->14551K(14656K) Class: 1674K(1920K)->1674K(1920K)
[2025-12-25T04:02:21.299+0000][gc          ] GC(761) Pause Young (Normal) (G1 Evacuation Pause) 943M->334M(1024M) 14.897ms
[2025-12-25T04:02:21.299+0000][gc,cpu      ] GC(761) User=0.08s Sys=0.00s Real=0.02s
[2025-12-25T04:02:51.382+0000][gc,start    ] GC(762) Pause Young (Normal) (G1 Evacuation Pause)
[2025-12-25T04:02:51.383+0000][gc,task     ] GC(762) Using 8 workers of 8 for evacuation
[2025-12-25T04:02:51.392+0000][gc,phases   ] GC(762)   Pre Evacuate Collection Set: 1.2ms
[2025-12-25T04:02:51.392+0000][gc,phases   ] GC(762)   Merge Heap Roots: 0.2ms
[2025-12-25T04:02:51.393+0000][gc,phases   ] GC(762)   Evacuate Collection Set: 6.7ms
[2025-12-25T04:02:51.393+0000][gc,phases   ] GC(762)   Post Evacuate Collection Set: 1.1ms
[2025-12-25T04:02:51.393+0000][gc,phases   ] GC(762)   Other: 0.2ms
[2025-12-25T04:02:51.393+0000][gc,heap     ] GC(762) Eden regions: 608->0(607)
[2025-12-25T04:02:51.393+0000][gc,heap     ] GC(762) Survivor regions: 6->7(77)
[2025-12-25T04:02:51.393+0000][gc,heap     ] GC(762) Old regions: 179->179
[2025-12-25T04:02:51.393+0000][gc,heap     ] GC(762) Humongous regions: 151->151
[2025-12-25T04:02:51.393+0000][gc,metaspace] GC(762) Metaspace: 16225K(16576K)->16225K(16576K) NonClass: 14551K(14656K)->14551K(14656K) Class: 1674K(1920K)->1674K(1920K)
[2025-12-25T04:02:51.393+0000][gc          ] GC(762) Pause Young (Normal) (G1 Evacuation Pause) 942M->336M(1024M) 10.709ms
[2025-12-25T04:02:51.393+0000][gc,cpu      ] GC(762) User=0.05s Sys=0.01s Real=0.01s
[2025-12-25T04:03:31.018+0000][gc,start    ] GC(763) Pause Young (Normal) (G1 Evacuation Pause)
[2025-12-25T04:03:31.018+0000][gc,task     ] GC(763) Using 8 workers of 8 for evacuation
[2025-12-25T04:03:31.030+0000][gc,phases   ] GC(763)   Pre Evacuate Collection Set: 1.2ms
[2025-12-25T04:03:31.031+0000][gc,phases   ] GC(763)   Merge Heap Roots: 0.4ms
[2025-12-25T04:03:31.031+0000][gc,phases   ] GC(763)   Evacuate Collection Set: 8.9ms
[2025-12-25T04:03:31.031+0000][gc,phases   ] GC(763)   Post Evacuate Collection Set: 1.3ms
[2025-12-25T04:03:31.031+0000][gc,phases   ] GC(763)   Other: 0.3ms
[2025-12-25T04:03:31.031+0000][gc,heap     ] GC(763) Eden regions: 607->0(607)
[2025-12-25T04:03:31.031+0000][gc,heap     ] GC(763) Survivor regions: 7->7(77)
[2025-12-25T04:03:31.031+0000][gc,heap     ] GC(763) Old regions: 179->179
[2025-12-25T04:03:31.031+0000][gc,heap     ] GC(763) Humongous regions: 151->151
[2025-12-25T04:03:31.031+0000][gc,metaspace] GC(763) Metaspace: 16225K(16576K)->16225K(16576K) NonClass: 14551K(14656K)->14551K(14656K) Class: 1674K(1920K)->1674K(1920K)
[2025-12-25T04:03:31.031+0000][gc          ] GC(763) Pause Young (Normal) (G1 Evacuation Pause) 943M->335M(1024M) 13.034ms
[2025-12-25T04:03:31.031+0000][gc,cpu      ] GC(763) User=0.08s Sys=0.01s Real=0.01s
[2025-12-25T04:04:01.324+0000][gc,start    ] GC(764) Pause Young (Normal) (G1 Evacuation Pause)
[2025-12-25T04:04:01.324+0000][gc,task     ] GC(764) Using 8 workers of 8 for evacuation
[2025-12-25T04:04:01.338+0000][gc,phases   ] GC(764)   Pre Evacuate Collection Set: 4.3ms
[2025-12-25T04:04:01.338+0000][gc,phases   ] GC(764)   Merge Heap Roots: 0.3ms
[2025-12-25T04:04:01.338+0000][gc,phases   ] GC(764)   Evacuate Collection Set: 7.4ms
[2025-12-25T04:04:01.338+0000][gc,phases   ] GC(764)   Post Evacuate Collection Set: 1.1ms
[2025-12-25T04:04:01.338+0000][gc,phases   ] GC(764)   Other: 0.6ms
[2025-12-25T04:04:01.338+0000][gc,heap     ] GC(764) Eden regions: 607->0(605)
[2025-12-25T04:04:01.338+0000][gc,heap     ] GC(764) Survivor regions: 7->9(77)
[2025-12-25T04:04:01.338+0000][gc,heap     ] GC(764) Old regions: 179->179
[2025-12-25T04:04:01.338+0000][gc,heap     ] GC(764) Humongous regions: 151->151
[2025-12-25T04:04:01.338+0000][gc,metaspace] GC(764) Metaspace: 16225K(16576K)->16225K(16576K) NonClass: 14551K(14656K)->14551K(14656K) Class: 1674K(1920K)->1674K(1920K)
[2025-12-25T04:04:01.339+0000][gc          ] GC(764) Pause Young (Normal) (G1 Evacuation Pause) 942M->338M(1024M) 14.912ms
[2025-12-25T04:04:01.339+0000][gc,cpu      ] GC(764) User=0.07s Sys=0.00s Real=0.02s
[2025-12-25T04:04:40.915+0000][gc,start    ] GC(765) Pause Young (Normal) (G1 Evacuation Pause)
[2025-12-25T04:04:40.920+0000][gc,task     ] GC(765) Using 8 workers of 8 for evacuation
[2025-12-25T04:04:40.964+0000][gc,phases   ] GC(765)   Pre Evacuate Collection Set: 2.6ms
[2025-12-25T04:04:40.964+0000][gc,phases   ] GC(765)   Merge Heap Roots: 1.4ms
[2025-12-25T04:04:40.965+0000][gc,phases   ] GC(765)   Evacuate Collection Set: 34.6ms
[2025-12-25T04:04:40.965+0000][gc,phases   ] GC(765)   Post Evacuate Collection Set: 4.1ms
[2025-12-25T04:04:40.965+0000][gc,phases   ] GC(765)   Other: 4.6ms
[2025-12-25T04:04:40.965+0000][gc,heap     ] GC(765) Eden regions: 605->0(606)
[2025-12-25T04:04:40.965+0000][gc,heap     ] GC(765) Survivor regions: 9->8(77)
[2025-12-25T04:04:40.965+0000][gc,heap     ] GC(765) Old regions: 179->179
[2025-12-25T04:04:40.965+0000][gc,heap     ] GC(765) Humongous regions: 151->151
[2025-12-25T04:04:40.965+0000][gc,metaspace] GC(765) Metaspace: 16225K(16576K)->16225K(16576K) NonClass: 14551K(14656K)->14551K(14656K) Class: 1674K(1920K)->1674K(1920K)
[2025-12-25T04:04:40.965+0000][gc          ] GC(765) Pause Young (Normal) (G1 Evacuation Pause) 943M->337M(1024M) 51.611ms
[2025-12-25T04:04:40.965+0000][gc,cpu      ] GC(765) User=0.25s Sys=0.01s Real=0.05s
[2025-12-25T04:05:11.234+0000][gc,start    ] GC(766) Pause Young (Normal) (G1 Evacuation Pause)
[2025-12-25T04:05:11.234+0000][gc,task     ] GC(766) Using 8 workers of 8 for evacuation
[2025-12-25T04:05:11.250+0000][gc,phases   ] GC(766)   Pre Evacuate Collection Set: 1.4ms
[2025-12-25T04:05:11.250+0000][gc,phases   ] GC(766)   Merge Heap Roots: 0.4ms
[2025-12-25T04:05:11.250+0000][gc,phases   ] GC(766)   Evacuate Collection Set: 12.1ms
[2025-12-25T04:05:11.250+0000][gc,phases   ] GC(766)   Post Evacuate Collection Set: 2.1ms
[2025-12-25T04:05:11.251+0000][gc,phases   ] GC(766)   Other: 0.2ms
[2025-12-25T04:05:11.251+0000][gc,heap     ] GC(766) Eden regions: 606->0(604)
[2025-12-25T04:05:11.251+0000][gc,heap     ] GC(766) Survivor regions: 8->10(77)
[2025-12-25T04:05:11.251+0000][gc,heap     ] GC(766) Old regions: 179->179
[2025-12-25T04:05:11.251+0000][gc,heap     ] GC(766) Humongous regions: 151->151
[2025-12-25T04:05:11.251+0000][gc,metaspace] GC(766) Metaspace: 16232K(16576K)->16232K(16576K) NonClass: 14558K(14656K)->14558K(14656K) Class: 1674K(1920K)->1674K(1920K)
[2025-12-25T04:05:11.251+0000][gc          ] GC(766) Pause Young (Normal) (G1 Evacuation Pause) 943M->339M(1024M) 17.167ms
[2025-12-25T04:05:11.251+0000][gc,cpu      ] GC(766) User=0.11s Sys=0.00s Real=0.02s
[2025-12-25T04:05:41.397+0000][gc,start    ] GC(767) Pause Young (Normal) (G1 Evacuation Pause)
[2025-12-25T04:05:41.398+0000][gc,task     ] GC(767) Using 8 workers of 8 for evacuation
[2025-12-25T04:05:41.418+0000][gc,phases   ] GC(767)   Pre Evacuate Collection Set: 1.1ms
[2025-12-25T04:05:41.418+0000][gc,phases   ] GC(767)   Merge Heap Roots: 0.3ms
[2025-12-25T04:05:41.419+0000][gc,phases   ] GC(767)   Evacuate Collection Set: 17.9ms
[2025-12-25T04:05:41.419+0000][gc,phases   ] GC(767)   Post Evacuate Collection Set: 1.1ms
[2025-12-25T04:05:41.419+0000][gc,phases   ] GC(767)   Other: 0.2ms
[2025-12-25T04:05:41.419+0000][gc,heap     ] GC(767) Eden regions: 604->0(603)
[2025-12-25T04:05:41.419+0000][gc,heap     ] GC(767) Survivor regions: 10->11(77)
[2025-12-25T04:05:41.419+0000][gc,heap     ] GC(767) Old regions: 179->180
[2025-12-25T04:05:41.419+0000][gc,heap     ] GC(767) Humongous regions: 151->151
[2025-12-25T04:05:41.419+0000][gc,metaspace] GC(767) Metaspace: 16232K(16576K)->16232K(16576K) NonClass: 14558K(14656K)->14558K(14656K) Class: 1674K(1920K)->1674K(1920K)
[2025-12-25T04:05:41.419+0000][gc          ] GC(767) Pause Young (Normal) (G1 Evacuation Pause) 943M->340M(1024M) 21.962ms
[2025-12-25T04:05:41.419+0000][gc,cpu      ] GC(767) User=0.15s Sys=0.00s Real=0.02s
[2025-12-25T04:06:20.959+0000][gc,start    ] GC(768) Pause Young (Normal) (G1 Evacuation Pause)
[2025-12-25T04:06:20.961+0000][gc,task     ] GC(768) Using 8 workers of 8 for evacuation
[2025-12-25T04:06:20.984+0000][gc,phases   ] GC(768)   Pre Evacuate Collection Set: 4.7ms
[2025-12-25T04:06:20.985+0000][gc,phases   ] GC(768)   Merge Heap Roots: 1.3ms
[2025-12-25T04:06:20.985+0000][gc,phases   ] GC(768)   Evacuate Collection Set: 14.7ms
[2025-12-25T04:06:20.985+0000][gc,phases   ] GC(768)   Post Evacuate Collection Set: 1.4ms
[2025-12-25T04:06:20.985+0000][gc,phases   ] GC(768)   Other: 1.4ms
[2025-12-25T04:06:20.985+0000][gc,heap     ] GC(768) Eden regions: 603->0(608)
[2025-12-25T04:06:20.985+0000][gc,heap     ] GC(768) Survivor regions: 11->6(77)
[2025-12-25T04:06:20.985+0000][gc,heap     ] GC(768) Old regions: 180->180
[2025-12-25T04:06:20.985+0000][gc,heap     ] GC(768) Humongous regions: 151->151
[2025-12-25T04:06:20.985+0000][gc,metaspace] GC(768) Metaspace: 16232K(16576K)->16232K(16576K) NonClass: 14558K(14656K)->14558K(14656K) Class: 1674K(1920K)->1674K(1920K)
[2025-12-25T04:06:20.985+0000][gc          ] GC(768) Pause Young (Normal) (G1 Evacuation Pause) 943M->335M(1024M) 26.289ms
[2025-12-25T04:06:20.985+0000][gc,cpu      ] GC(768) User=0.14s Sys=0.01s Real=0.03s
[2025-12-25T04:06:51.305+0000][gc,start    ] GC(769) Pause Young (Normal) (G1 Evacuation Pause)
[2025-12-25T04:06:51.305+0000][gc,task     ] GC(769) Using 8 workers of 8 for evacuation
[2025-12-25T04:06:51.327+0000][gc,phases   ] GC(769)   Pre Evacuate Collection Set: 3.6ms
[2025-12-25T04:06:51.327+0000][gc,phases   ] GC(769)   Merge Heap Roots: 1.5ms
[2025-12-25T04:06:51.327+0000][gc,phases   ] GC(769)   Evacuate Collection Set: 15.5ms
[2025-12-25T04:06:51.328+0000][gc,phases   ] GC(769)   Post Evacuate Collection Set: 1.2ms
[2025-12-25T04:06:51.328+0000][gc,phases   ] GC(769)   Other: 0.3ms
[2025-12-25T04:06:51.328+0000][gc,heap     ] GC(769) Eden regions: 608->0(607)
[2025-12-25T04:06:51.328+0000][gc,heap     ] GC(769) Survivor regions: 6->7(77)
[2025-12-25T04:06:51.328+0000][gc,heap     ] GC(769) Old regions: 180->180
[2025-12-25T04:06:51.328+0000][gc,heap     ] GC(769) Humongous regions: 151->151
[2025-12-25T04:06:51.328+0000][gc,metaspace] GC(769) Metaspace: 16233K(16576K)->16233K(16576K) NonClass: 14559K(14656K)->14559K(14656K) Class: 1674K(1920K)->1674K(1920K)
[2025-12-25T04:06:51.328+0000][gc          ] GC(769) Pause Young (Normal) (G1 Evacuation Pause) 943M->337M(1024M) 23.032ms
[2025-12-25T04:06:51.328+0000][gc,cpu      ] GC(769) User=0.15s Sys=0.00s Real=0.02s
[2025-12-25T04:07:21.412+0000][gc,start    ] GC(770) Pause Young (Normal) (G1 Evacuation Pause)
[2025-12-25T04:07:21.413+0000][gc,task     ] GC(770) Using 8 workers of 8 for evacuation
[2025-12-25T04:07:21.427+0000][gc,phases   ] GC(770)   Pre Evacuate Collection Set: 1.2ms
[2025-12-25T04:07:21.427+0000][gc,phases   ] GC(770)   Merge Heap Roots: 0.3ms
[2025-12-25T04:07:21.427+0000][gc,phases   ] GC(770)   Evacuate Collection Set: 10.8ms
[2025-12-25T04:07:21.427+0000][gc,phases   ] GC(770)   Post Evacuate Collection Set: 1.5ms
[2025-12-25T04:07:21.427+0000][gc,phases   ] GC(770)   Other: 0.3ms
[2025-12-25T04:07:21.427+0000][gc,heap     ] GC(770) Eden regions: 607->0(606)
[2025-12-25T04:07:21.427+0000][gc,heap     ] GC(770) Survivor regions: 7->8(77)
[2025-12-25T04:07:21.427+0000][gc,heap     ] GC(770) Old regions: 180->180
[2025-12-25T04:07:21.427+0000][gc,heap     ] GC(770) Humongous regions: 151->151
[2025-12-25T04:07:21.427+0000][gc,metaspace] GC(770) Metaspace: 16233K(16576K)->16233K(16576K) NonClass: 14559K(14656K)->14559K(14656K) Class: 1674K(1920K)->1674K(1920K)
[2025-12-25T04:07:21.427+0000][gc          ] GC(770) Pause Young (Normal) (G1 Evacuation Pause) 944M->338M(1024M) 15.470ms
[2025-12-25T04:07:21.428+0000][gc,cpu      ] GC(770) User=0.08s Sys=0.00s Real=0.02s
[2025-12-25T04:08:01.029+0000][gc,start    ] GC(771) Pause Young (Normal) (G1 Evacuation Pause)
[2025-12-25T04:08:01.030+0000][gc,task     ] GC(771) Using 8 workers of 8 for evacuation
[2025-12-25T04:08:01.060+0000][gc,phases   ] GC(771)   Pre Evacuate Collection Set: 4.6ms
[2025-12-25T04:08:01.060+0000][gc,phases   ] GC(771)   Merge Heap Roots: 1.1ms
[2025-12-25T04:08:01.060+0000][gc,phases   ] GC(771)   Evacuate Collection Set: 21.4ms
[2025-12-25T04:08:01.060+0000][gc,phases   ] GC(771)   Post Evacuate Collection Set: 1.8ms
[2025-12-25T04:08:01.060+0000][gc,phases   ] GC(771)   Other: 1.1ms
[2025-12-25T04:08:01.060+0000][gc,heap     ] GC(771) Eden regions: 606->0(606)
[2025-12-25T04:08:01.060+0000][gc,heap     ] GC(771) Survivor regions: 8->8(77)
[2025-12-25T04:08:01.060+0000][gc,heap     ] GC(771) Old regions: 180->180
[2025-12-25T04:08:01.060+0000][gc,heap     ] GC(771) Humongous regions: 151->151
[2025-12-25T04:08:01.060+0000][gc,metaspace] GC(771) Metaspace: 16233K(16576K)->16233K(16576K) NonClass: 14559K(14656K)->14559K(14656K) Class: 1674K(1920K)->1674K(1920K)
[2025-12-25T04:08:01.060+0000][gc          ] GC(771) Pause Young (Normal) (G1 Evacuation Pause) 944M->338M(1024M) 31.003ms
[2025-12-25T04:08:01.060+0000][gc,cpu      ] GC(771) User=0.16s Sys=0.00s Real=0.03s
[2025-12-25T04:08:31.287+0000][gc,start    ] GC(772) Pause Young (Normal) (G1 Evacuation Pause)
[2025-12-25T04:08:31.287+0000][gc,task     ] GC(772) Using 8 workers of 8 for evacuation
[2025-12-25T04:08:31.307+0000][gc,phases   ] GC(772)   Pre Evacuate Collection Set: 1.2ms
[2025-12-25T04:08:31.307+0000][gc,phases   ] GC(772)   Merge Heap Roots: 0.3ms
[2025-12-25T04:08:31.307+0000][gc,phases   ] GC(772)   Evacuate Collection Set: 16.5ms
[2025-12-25T04:08:31.307+0000][gc,phases   ] GC(772)   Post Evacuate Collection Set: 1.3ms
[2025-12-25T04:08:31.307+0000][gc,phases   ] GC(772)   Other: 0.3ms
[2025-12-25T04:08:31.307+0000][gc,heap     ] GC(772) Eden regions: 606->0(605)
[2025-12-25T04:08:31.307+0000][gc,heap     ] GC(772) Survivor regions: 8->9(77)
[2025-12-25T04:08:31.307+0000][gc,heap     ] GC(772) Old regions: 180->181
[2025-12-25T04:08:31.308+0000][gc,heap     ] GC(772) Humongous regions: 151->151
[2025-12-25T04:08:31.308+0000][gc,metaspace] GC(772) Metaspace: 16233K(16576K)->16233K(16576K) NonClass: 14559K(14656K)->14559K(14656K) Class: 1674K(1920K)->1674K(1920K)
[2025-12-25T04:08:31.308+0000][gc          ] GC(772) Pause Young (Normal) (G1 Evacuation Pause) 944M->339M(1024M) 20.838ms
[2025-12-25T04:08:31.308+0000][gc,cpu      ] GC(772) User=0.12s Sys=0.02s Real=0.02s
[2025-12-25T04:09:10.906+0000][gc,start    ] GC(773) Pause Young (Normal) (G1 Evacuation Pause)
[2025-12-25T04:09:10.907+0000][gc,task     ] GC(773) Using 8 workers of 8 for evacuation
[2025-12-25T04:09:10.926+0000][gc,phases   ] GC(773)   Pre Evacuate Collection Set: 1.2ms
[2025-12-25T04:09:10.927+0000][gc,phases   ] GC(773)   Merge Heap Roots: 0.4ms
[2025-12-25T04:09:10.927+0000][gc,phases   ] GC(773)   Evacuate Collection Set: 16.1ms
[2025-12-25T04:09:10.927+0000][gc,phases   ] GC(773)   Post Evacuate Collection Set: 1.6ms
[2025-12-25T04:09:10.927+0000][gc,phases   ] GC(773)   Other: 0.3ms
[2025-12-25T04:09:10.927+0000][gc,heap     ] GC(773) Eden regions: 605->0(605)
[2025-12-25T04:09:10.927+0000][gc,heap     ] GC(773) Survivor regions: 9->9(77)
[2025-12-25T04:09:10.927+0000][gc,heap     ] GC(773) Old regions: 181->181
[2025-12-25T04:09:10.927+0000][gc,heap     ] GC(773) Humongous regions: 151->151
[2025-12-25T04:09:10.927+0000][gc,metaspace] GC(773) Metaspace: 16233K(16576K)->16233K(16576K) NonClass: 14559K(14656K)->14559K(14656K) Class: 1674K(1920K)->1674K(1920K)
[2025-12-25T04:09:10.927+0000][gc          ] GC(773) Pause Young (Normal) (G1 Evacuation Pause) 944M->339M(1024M) 21.151ms
[2025-12-25T04:09:10.927+0000][gc,cpu      ] GC(773) User=0.11s Sys=0.01s Real=0.02s
[2025-12-25T04:09:41.228+0000][gc,start    ] GC(774) Pause Young (Normal) (G1 Evacuation Pause)
[2025-12-25T04:09:41.228+0000][gc,task     ] GC(774) Using 8 workers of 8 for evacuation
[2025-12-25T04:09:41.243+0000][gc,phases   ] GC(774)   Pre Evacuate Collection Set: 1.1ms
[2025-12-25T04:09:41.243+0000][gc,phases   ] GC(774)   Merge Heap Roots: 0.3ms
[2025-12-25T04:09:41.243+0000][gc,phases   ] GC(774)   Evacuate Collection Set: 10.6ms
[2025-12-25T04:09:41.243+0000][gc,phases   ] GC(774)   Post Evacuate Collection Set: 1.2ms
[2025-12-25T04:09:41.243+0000][gc,phases   ] GC(774)   Other: 1.1ms
[2025-12-25T04:09:41.243+0000][gc,heap     ] GC(774) Eden regions: 605->0(604)
[2025-12-25T04:09:41.243+0000][gc,heap     ] GC(774) Survivor regions: 9->10(77)
[2025-12-25T04:09:41.243+0000][gc,heap     ] GC(774) Old regions: 181->181
[2025-12-25T04:09:41.243+0000][gc,heap     ] GC(774) Humongous regions: 151->151
[2025-12-25T04:09:41.243+0000][gc,metaspace] GC(774) Metaspace: 16233K(16576K)->16233K(16576K) NonClass: 14559K(14656K)->14559K(14656K) Class: 1674K(1920K)->1674K(1920K)
[2025-12-25T04:09:41.244+0000][gc          ] GC(774) Pause Young (Normal) (G1 Evacuation Pause) 944M->341M(1024M) 15.906ms
[2025-12-25T04:09:41.244+0000][gc,cpu      ] GC(774) User=0.09s Sys=0.01s Real=0.02s
[2025-12-25T04:10:11.383+0000][gc,start    ] GC(775) Pause Young (Normal) (G1 Evacuation Pause)
[2025-12-25T04:10:11.385+0000][gc,task     ] GC(775) Using 8 workers of 8 for evacuation
[2025-12-25T04:10:11.398+0000][gc,phases   ] GC(775)   Pre Evacuate Collection Set: 1.0ms
[2025-12-25T04:10:11.398+0000][gc,phases   ] GC(775)   Merge Heap Roots: 0.5ms
[2025-12-25T04:10:11.398+0000][gc,phases   ] GC(775)   Evacuate Collection Set: 9.6ms
[2025-12-25T04:10:11.398+0000][gc,phases   ] GC(775)   Post Evacuate Collection Set: 1.1ms
[2025-12-25T04:10:11.398+0000][gc,phases   ] GC(775)   Other: 0.3ms
[2025-12-25T04:10:11.398+0000][gc,heap     ] GC(775) Eden regions: 604->0(607)
[2025-12-25T04:10:11.398+0000][gc,heap     ] GC(775) Survivor regions: 10->7(77)
[2025-12-25T04:10:11.399+0000][gc,heap     ] GC(775) Old regions: 181->182
[2025-12-25T04:10:11.399+0000][gc,heap     ] GC(775) Humongous regions: 151->151
[2025-12-25T04:10:11.399+0000][gc,metaspace] GC(775) Metaspace: 16234K(16640K)->16234K(16640K) NonClass: 14560K(14720K)->14560K(14720K) Class: 1674K(1920K)->1674K(1920K)
[2025-12-25T04:10:11.399+0000][gc          ] GC(775) Pause Young (Normal) (G1 Evacuation Pause) 945M->338M(1024M) 15.508ms
[2025-12-25T04:10:11.399+0000][gc,cpu      ] GC(775) User=0.08s Sys=0.00s Real=0.01s
[2025-12-25T04:10:50.993+0000][gc,start    ] GC(776) Pause Young (Normal) (G1 Evacuation Pause)
[2025-12-25T04:10:50.994+0000][gc,task     ] GC(776) Using 8 workers of 8 for evacuation
[2025-12-25T04:10:51.009+0000][gc,phases   ] GC(776)   Pre Evacuate Collection Set: 1.1ms
[2025-12-25T04:10:51.009+0000][gc,phases   ] GC(776)   Merge Heap Roots: 0.3ms
[2025-12-25T04:10:51.009+0000][gc,phases   ] GC(776)   Evacuate Collection Set: 11.0ms
[2025-12-25T04:10:51.009+0000][gc,phases   ] GC(776)   Post Evacuate Collection Set: 2.5ms
[2025-12-25T04:10:51.009+0000][gc,phases   ] GC(776)   Other: 0.3ms
[2025-12-25T04:10:51.009+0000][gc,heap     ] GC(776) Eden regions: 607->0(608)
[2025-12-25T04:10:51.009+0000][gc,heap     ] GC(776) Survivor regions: 7->6(77)
[2025-12-25T04:10:51.009+0000][gc,heap     ] GC(776) Old regions: 182->182
[2025-12-25T04:10:51.010+0000][gc,heap     ] GC(776) Humongous regions: 151->151
[2025-12-25T04:10:51.010+0000][gc,metaspace] GC(776) Metaspace: 16234K(16640K)->16234K(16640K) NonClass: 14560K(14720K)->14560K(14720K) Class: 1674K(1920K)->1674K(1920K)
[2025-12-25T04:10:51.010+0000][gc          ] GC(776) Pause Young (Normal) (G1 Evacuation Pause) 945M->337M(1024M) 16.477ms
[2025-12-25T04:10:51.010+0000][gc,cpu      ] GC(776) User=0.10s Sys=0.00s Real=0.01s
[2025-12-25T04:11:21.305+0000][gc,start    ] GC(777) Pause Young (Normal) (G1 Evacuation Pause)
[2025-12-25T04:11:21.306+0000][gc,task     ] GC(777) Using 8 workers of 8 for evacuation
[2025-12-25T04:11:21.324+0000][gc,phases   ] GC(777)   Pre Evacuate Collection Set: 1.0ms
[2025-12-25T04:11:21.325+0000][gc,phases   ] GC(777)   Merge Heap Roots: 0.3ms
[2025-12-25T04:11:21.325+0000][gc,phases   ] GC(777)   Evacuate Collection Set: 15.9ms
[2025-12-25T04:11:21.325+0000][gc,phases   ] GC(777)   Post Evacuate Collection Set: 1.1ms
[2025-12-25T04:11:21.325+0000][gc,phases   ] GC(777)   Other: 0.2ms
[2025-12-25T04:11:21.325+0000][gc,heap     ] GC(777) Eden regions: 608->0(607)
[2025-12-25T04:11:21.325+0000][gc,heap     ] GC(777) Survivor regions: 6->7(77)
[2025-12-25T04:11:21.325+0000][gc,heap     ] GC(777) Old regions: 182->182
[2025-12-25T04:11:21.325+0000][gc,heap     ] GC(777) Humongous regions: 151->151
[2025-12-25T04:11:21.325+0000][gc,metaspace] GC(777) Metaspace: 16234K(16640K)->16234K(16640K) NonClass: 14560K(14720K)->14560K(14720K) Class: 1674K(1920K)->1674K(1920K)
[2025-12-25T04:11:21.325+0000][gc          ] GC(777) Pause Young (Normal) (G1 Evacuation Pause) 945M->339M(1024M) 19.520ms
[2025-12-25T04:11:21.325+0000][gc,cpu      ] GC(777) User=0.14s Sys=0.00s Real=0.01s
[2025-12-25T04:12:00.966+0000][gc,start    ] GC(778) Pause Young (Normal) (G1 Evacuation Pause)
[2025-12-25T04:12:00.968+0000][gc,task     ] GC(778) Using 8 workers of 8 for evacuation
[2025-12-25T04:12:01.004+0000][gc,phases   ] GC(778)   Pre Evacuate Collection Set: 3.5ms
[2025-12-25T04:12:01.005+0000][gc,phases   ] GC(778)   Merge Heap Roots: 0.7ms
[2025-12-25T04:12:01.005+0000][gc,phases   ] GC(778)   Evacuate Collection Set: 26.3ms
[2025-12-25T04:12:01.005+0000][gc,phases   ] GC(778)   Post Evacuate Collection Set: 5.1ms
[2025-12-25T04:12:01.005+0000][gc,phases   ] GC(778)   Other: 1.1ms
[2025-12-25T04:12:01.005+0000][gc,heap     ] GC(778) Eden regions: 607->0(607)
[2025-12-25T04:12:01.005+0000][gc,heap     ] GC(778) Survivor regions: 7->7(77)
[2025-12-25T04:12:01.005+0000][gc,heap     ] GC(778) Old regions: 182->182
[2025-12-25T04:12:01.007+0000][gc,heap     ] GC(778) Humongous regions: 151->151
[2025-12-25T04:12:01.007+0000][gc,metaspace] GC(778) Metaspace: 16234K(16640K)->16234K(16640K) NonClass: 14560K(14720K)->14560K(14720K) Class: 1674K(1920K)->1674K(1920K)
[2025-12-25T04:12:01.007+0000][gc          ] GC(778) Pause Young (Normal) (G1 Evacuation Pause) 946M->338M(1024M) 41.396ms
[2025-12-25T04:12:01.007+0000][gc,cpu      ] GC(778) User=0.09s Sys=0.01s Real=0.05s
[2025-12-25T04:12:31.175+0000][gc,start    ] GC(779) Pause Young (Normal) (G1 Evacuation Pause)
[2025-12-25T04:12:31.175+0000][gc,task     ] GC(779) Using 8 workers of 8 for evacuation
[2025-12-25T04:12:31.190+0000][gc,phases   ] GC(779)   Pre Evacuate Collection Set: 1.2ms
[2025-12-25T04:12:31.191+0000][gc,phases   ] GC(779)   Merge Heap Roots: 0.3ms
[2025-12-25T04:12:31.191+0000][gc,phases   ] GC(779)   Evacuate Collection Set: 10.0ms
[2025-12-25T04:12:31.191+0000][gc,phases   ] GC(779)   Post Evacuate Collection Set: 3.4ms
[2025-12-25T04:12:31.191+0000][gc,phases   ] GC(779)   Other: 0.2ms
[2025-12-25T04:12:31.191+0000][gc,heap     ] GC(779) Eden regions: 607->0(606)
[2025-12-25T04:12:31.191+0000][gc,heap     ] GC(779) Survivor regions: 7->8(77)
[2025-12-25T04:12:31.191+0000][gc,heap     ] GC(779) Old regions: 182->182
[2025-12-25T04:12:31.191+0000][gc,heap     ] GC(779) Humongous regions: 151->151
[2025-12-25T04:12:31.192+0000][gc,metaspace] GC(779) Metaspace: 16234K(16640K)->16234K(16640K) NonClass: 14560K(14720K)->14560K(14720K) Class: 1674K(1920K)->1674K(1920K)
[2025-12-25T04:12:31.192+0000][gc          ] GC(779) Pause Young (Normal) (G1 Evacuation Pause) 945M->340M(1024M) 16.952ms
[2025-12-25T04:12:31.192+0000][gc,cpu      ] GC(779) User=0.08s Sys=0.00s Real=0.02s
[2025-12-25T04:13:01.485+0000][gc,start    ] GC(780) Pause Young (Normal) (G1 Evacuation Pause)
[2025-12-25T04:13:01.486+0000][gc,task     ] GC(780) Using 8 workers of 8 for evacuation
[2025-12-25T04:13:01.510+0000][gc,phases   ] GC(780)   Pre Evacuate Collection Set: 1.2ms
[2025-12-25T04:13:01.511+0000][gc,phases   ] GC(780)   Merge Heap Roots: 0.3ms
[2025-12-25T04:13:01.511+0000][gc,phases   ] GC(780)   Evacuate Collection Set: 20.9ms
[2025-12-25T04:13:01.511+0000][gc,phases   ] GC(780)   Post Evacuate Collection Set: 2.2ms
[2025-12-25T04:13:01.511+0000][gc,phases   ] GC(780)   Other: 0.2ms
[2025-12-25T04:13:01.511+0000][gc,heap     ] GC(780) Eden regions: 606->0(604)
[2025-12-25T04:13:01.511+0000][gc,heap     ] GC(780) Survivor regions: 8->10(77)
[2025-12-25T04:13:01.511+0000][gc,heap     ] GC(780) Old regions: 182->183
[2025-12-25T04:13:01.511+0000][gc,heap     ] GC(780) Humongous regions: 151->151
[2025-12-25T04:13:01.511+0000][gc,metaspace] GC(780) Metaspace: 16234K(16640K)->16234K(16640K) NonClass: 14560K(14720K)->14560K(14720K) Class: 1674K(1920K)->1674K(1920K)
[2025-12-25T04:13:01.511+0000][gc          ] GC(780) Pause Young (Normal) (G1 Evacuation Pause) 946M->342M(1024M) 25.923ms
[2025-12-25T04:13:01.511+0000][gc,cpu      ] GC(780) User=0.17s Sys=0.00s Real=0.03s
[2025-12-25T04:13:41.031+0000][gc,start    ] GC(781) Pause Young (Normal) (G1 Evacuation Pause)
[2025-12-25T04:13:41.032+0000][gc,task     ] GC(781) Using 8 workers of 8 for evacuation
[2025-12-25T04:13:41.060+0000][gc,phases   ] GC(781)   Pre Evacuate Collection Set: 1.8ms
[2025-12-25T04:13:41.060+0000][gc,phases   ] GC(781)   Merge Heap Roots: 1.2ms
[2025-12-25T04:13:41.060+0000][gc,phases   ] GC(781)   Evacuate Collection Set: 23.4ms
[2025-12-25T04:13:41.060+0000][gc,phases   ] GC(781)   Post Evacuate Collection Set: 1.6ms
[2025-12-25T04:13:41.060+0000][gc,phases   ] GC(781)   Other: 0.7ms
[2025-12-25T04:13:41.060+0000][gc,heap     ] GC(781) Eden regions: 604->0(606)
[2025-12-25T04:13:41.061+0000][gc,heap     ] GC(781) Survivor regions: 10->8(76)
[2025-12-25T04:13:41.061+0000][gc,heap     ] GC(781) Old regions: 183->183
[2025-12-25T04:13:41.061+0000][gc,heap     ] GC(781) Humongous regions: 151->151
[2025-12-25T04:13:41.061+0000][gc,metaspace] GC(781) Metaspace: 16234K(16640K)->16234K(16640K) NonClass: 14560K(14720K)->14560K(14720K) Class: 1674K(1920K)->1674K(1920K)
[2025-12-25T04:13:41.061+0000][gc          ] GC(781) Pause Young (Normal) (G1 Evacuation Pause) 946M->341M(1024M) 30.013ms
[2025-12-25T04:13:41.061+0000][gc,cpu      ] GC(781) User=0.18s Sys=0.01s Real=0.03s
[2025-12-25T04:14:11.319+0000][gc,start    ] GC(782) Pause Young (Normal) (G1 Evacuation Pause)
[2025-12-25T04:14:11.329+0000][gc,task     ] GC(782) Using 8 workers of 8 for evacuation
[2025-12-25T04:14:11.351+0000][gc,phases   ] GC(782)   Pre Evacuate Collection Set: 1.6ms
[2025-12-25T04:14:11.352+0000][gc,phases   ] GC(782)   Merge Heap Roots: 0.4ms
[2025-12-25T04:14:11.352+0000][gc,phases   ] GC(782)   Evacuate Collection Set: 14.4ms
[2025-12-25T04:14:11.352+0000][gc,phases   ] GC(782)   Post Evacuate Collection Set: 4.8ms
[2025-12-25T04:14:11.352+0000][gc,phases   ] GC(782)   Other: 5.6ms
[2025-12-25T04:14:11.352+0000][gc,heap     ] GC(782) Eden regions: 606->0(608)
[2025-12-25T04:14:11.352+0000][gc,heap     ] GC(782) Survivor regions: 8->6(76)
[2025-12-25T04:14:11.352+0000][gc,heap     ] GC(782) Old regions: 183->183
[2025-12-25T04:14:11.352+0000][gc,heap     ] GC(782) Humongous regions: 151->151
[2025-12-25T04:14:11.353+0000][gc,metaspace] GC(782) Metaspace: 16234K(16640K)->16234K(16640K) NonClass: 14560K(14720K)->14560K(14720K) Class: 1674K(1920K)->1674K(1920K)
[2025-12-25T04:14:11.353+0000][gc          ] GC(782) Pause Young (Normal) (G1 Evacuation Pause) 947M->338M(1024M) 33.574ms
[2025-12-25T04:14:11.353+0000][gc,cpu      ] GC(782) User=0.11s Sys=0.01s Real=0.03s
[2025-12-25T04:14:41.552+0000][gc,start    ] GC(783) Pause Young (Normal) (G1 Evacuation Pause)
[2025-12-25T04:14:41.553+0000][gc,task     ] GC(783) Using 8 workers of 8 for evacuation
[2025-12-25T04:14:41.570+0000][gc,phases   ] GC(783)   Pre Evacuate Collection Set: 1.1ms
[2025-12-25T04:14:41.571+0000][gc,phases   ] GC(783)   Merge Heap Roots: 0.9ms
[2025-12-25T04:14:41.571+0000][gc,phases   ] GC(783)   Evacuate Collection Set: 14.2ms
[2025-12-25T04:14:41.571+0000][gc,phases   ] GC(783)   Post Evacuate Collection Set: 1.3ms
[2025-12-25T04:14:41.571+0000][gc,phases   ] GC(783)   Other: 0.6ms
[2025-12-25T04:14:41.571+0000][gc,heap     ] GC(783) Eden regions: 608->0(607)
[2025-12-25T04:14:41.571+0000][gc,heap     ] GC(783) Survivor regions: 6->7(76)
[2025-12-25T04:14:41.571+0000][gc,heap     ] GC(783) Old regions: 183->183
[2025-12-25T04:14:41.571+0000][gc,heap     ] GC(783) Humongous regions: 151->151
[2025-12-25T04:14:41.571+0000][gc,metaspace] GC(783) Metaspace: 16234K(16640K)->16234K(16640K) NonClass: 14560K(14720K)->14560K(14720K) Class: 1674K(1920K)->1674K(1920K)
[2025-12-25T04:14:41.571+0000][gc          ] GC(783) Pause Young (Normal) (G1 Evacuation Pause) 946M->340M(1024M) 18.962ms
[2025-12-25T04:14:41.571+0000][gc,cpu      ] GC(783) User=0.11s Sys=0.00s Real=0.02s
[2025-12-25T04:15:21.129+0000][gc,start    ] GC(784) Pause Young (Normal) (G1 Evacuation Pause)
[2025-12-25T04:15:21.129+0000][gc,task     ] GC(784) Using 8 workers of 8 for evacuation
[2025-12-25T04:15:21.148+0000][gc,phases   ] GC(784)   Pre Evacuate Collection Set: 1.0ms
[2025-12-25T04:15:21.148+0000][gc,phases   ] GC(784)   Merge Heap Roots: 0.2ms
[2025-12-25T04:15:21.148+0000][gc,phases   ] GC(784)   Evacuate Collection Set: 16.4ms
[2025-12-25T04:15:21.148+0000][gc,phases   ] GC(784)   Post Evacuate Collection Set: 1.2ms
[2025-12-25T04:15:21.149+0000][gc,phases   ] GC(784)   Other: 0.2ms
[2025-12-25T04:15:21.149+0000][gc,heap     ] GC(784) Eden regions: 607->0(608)
[2025-12-25T04:15:21.149+0000][gc,heap     ] GC(784) Survivor regions: 7->6(76)
[2025-12-25T04:15:21.149+0000][gc,heap     ] GC(784) Old regions: 183->184
[2025-12-25T04:15:21.149+0000][gc,heap     ] GC(784) Humongous regions: 151->151
[2025-12-25T04:15:21.149+0000][gc,metaspace] GC(784) Metaspace: 16247K(16640K)->16247K(16640K) NonClass: 14573K(14720K)->14573K(14720K) Class: 1674K(1920K)->1674K(1920K)
[2025-12-25T04:15:21.149+0000][gc          ] GC(784) Pause Young (Normal) (G1 Evacuation Pause) 947M->340M(1024M) 20.365ms
[2025-12-25T04:15:21.149+0000][gc,cpu      ] GC(784) User=0.12s Sys=0.01s Real=0.02s
[2025-12-25T04:15:51.367+0000][gc,start    ] GC(785) Pause Young (Normal) (G1 Evacuation Pause)
[2025-12-25T04:15:51.368+0000][gc,task     ] GC(785) Using 8 workers of 8 for evacuation
[2025-12-25T04:15:51.382+0000][gc,phases   ] GC(785)   Pre Evacuate Collection Set: 1.1ms
[2025-12-25T04:15:51.382+0000][gc,phases   ] GC(785)   Merge Heap Roots: 0.4ms
[2025-12-25T04:15:51.382+0000][gc,phases   ] GC(785)   Evacuate Collection Set: 11.1ms
[2025-12-25T04:15:51.382+0000][gc,phases   ] GC(785)   Post Evacuate Collection Set: 1.2ms
[2025-12-25T04:15:51.382+0000][gc,phases   ] GC(785)   Other: 0.2ms
[2025-12-25T04:15:51.382+0000][gc,heap     ] GC(785) Eden regions: 608->0(606)
[2025-12-25T04:15:51.382+0000][gc,heap     ] GC(785) Survivor regions: 6->8(75)
[2025-12-25T04:15:51.382+0000][gc,heap     ] GC(785) Old regions: 184->184
[2025-12-25T04:15:51.382+0000][gc,heap     ] GC(785) Humongous regions: 151->151
[2025-12-25T04:15:51.382+0000][gc,metaspace] GC(785) Metaspace: 16247K(16640K)->16247K(16640K) NonClass: 14573K(14720K)->14573K(14720K) Class: 1674K(1920K)->1674K(1920K)
[2025-12-25T04:15:51.382+0000][gc          ] GC(785) Pause Young (Normal) (G1 Evacuation Pause) 948M->342M(1024M) 15.019ms
[2025-12-25T04:15:51.382+0000][gc,cpu      ] GC(785) User=0.09s Sys=0.00s Real=0.02s
[2025-12-25T04:16:31.017+0000][gc,start    ] GC(786) Pause Young (Normal) (G1 Evacuation Pause)
[2025-12-25T04:16:31.018+0000][gc,task     ] GC(786) Using 8 workers of 8 for evacuation
[2025-12-25T04:16:31.042+0000][gc,phases   ] GC(786)   Pre Evacuate Collection Set: 4.4ms
[2025-12-25T04:16:31.042+0000][gc,phases   ] GC(786)   Merge Heap Roots: 1.6ms
[2025-12-25T04:16:31.042+0000][gc,phases   ] GC(786)   Evacuate Collection Set: 15.6ms
[2025-12-25T04:16:31.043+0000][gc,phases   ] GC(786)   Post Evacuate Collection Set: 2.1ms
[2025-12-25T04:16:31.043+0000][gc,phases   ] GC(786)   Other: 0.7ms
[2025-12-25T04:16:31.043+0000][gc,heap     ] GC(786) Eden regions: 606->0(607)
[2025-12-25T04:16:31.043+0000][gc,heap     ] GC(786) Survivor regions: 8->7(75)
[2025-12-25T04:16:31.043+0000][gc,heap     ] GC(786) Old regions: 184->184
[2025-12-25T04:16:31.043+0000][gc,heap     ] GC(786) Humongous regions: 151->151
[2025-12-25T04:16:31.043+0000][gc,metaspace] GC(786) Metaspace: 16247K(16640K)->16247K(16640K) NonClass: 14573K(14720K)->14573K(14720K) Class: 1674K(1920K)->1674K(1920K)
[2025-12-25T04:16:31.043+0000][gc          ] GC(786) Pause Young (Normal) (G1 Evacuation Pause) 948M->341M(1024M) 25.776ms
[2025-12-25T04:16:31.043+0000][gc,cpu      ] GC(786) User=0.12s Sys=0.01s Real=0.03s
[2025-12-25T04:17:01.291+0000][gc,start    ] GC(787) Pause Young (Normal) (G1 Evacuation Pause)
[2025-12-25T04:17:01.292+0000][gc,task     ] GC(787) Using 8 workers of 8 for evacuation
[2025-12-25T04:17:01.315+0000][gc,phases   ] GC(787)   Pre Evacuate Collection Set: 1.2ms
[2025-12-25T04:17:01.315+0000][gc,phases   ] GC(787)   Merge Heap Roots: 0.3ms
[2025-12-25T04:17:01.315+0000][gc,phases   ] GC(787)   Evacuate Collection Set: 20.0ms
[2025-12-25T04:17:01.315+0000][gc,phases   ] GC(787)   Post Evacuate Collection Set: 1.5ms
[2025-12-25T04:17:01.315+0000][gc,phases   ] GC(787)   Other: 0.3ms
[2025-12-25T04:17:01.315+0000][gc,heap     ] GC(787) Eden regions: 607->0(605)
[2025-12-25T04:17:01.315+0000][gc,heap     ] GC(787) Survivor regions: 7->9(75)
[2025-12-25T04:17:01.315+0000][gc,heap     ] GC(787) Old regions: 184->184
[2025-12-25T04:17:01.315+0000][gc,heap     ] GC(787) Humongous regions: 151->151
[2025-12-25T04:17:01.316+0000][gc,metaspace] GC(787) Metaspace: 16247K(16640K)->16247K(16640K) NonClass: 14573K(14720K)->14573K(14720K) Class: 1674K(1920K)->1674K(1920K)
[2025-12-25T04:17:01.316+0000][gc          ] GC(787) Pause Young (Normal) (G1 Evacuation Pause) 948M->343M(1024M) 24.420ms
[2025-12-25T04:17:01.316+0000][gc,cpu      ] GC(787) User=0.16s Sys=0.00s Real=0.02s
[2025-12-25T04:17:31.526+0000][gc,start    ] GC(788) Pause Young (Normal) (G1 Evacuation Pause)
[2025-12-25T04:17:31.526+0000][gc,task     ] GC(788) Using 8 workers of 8 for evacuation
[2025-12-25T04:17:31.546+0000][gc,phases   ] GC(788)   Pre Evacuate Collection Set: 1.2ms
[2025-12-25T04:17:31.546+0000][gc,phases   ] GC(788)   Merge Heap Roots: 0.3ms
[2025-12-25T04:17:31.546+0000][gc,phases   ] GC(788)   Evacuate Collection Set: 16.9ms
[2025-12-25T04:17:31.546+0000][gc,phases   ] GC(788)   Post Evacuate Collection Set: 1.0ms
[2025-12-25T04:17:31.546+0000][gc,phases   ] GC(788)   Other: 0.2ms
[2025-12-25T04:17:31.546+0000][gc,heap     ] GC(788) Eden regions: 605->0(604)
[2025-12-25T04:17:31.546+0000][gc,heap     ] GC(788) Survivor regions: 9->10(75)
[2025-12-25T04:17:31.546+0000][gc,heap     ] GC(788) Old regions: 184->185
[2025-12-25T04:17:31.546+0000][gc,heap     ] GC(788) Humongous regions: 151->151
[2025-12-25T04:17:31.546+0000][gc,metaspace] GC(788) Metaspace: 16247K(16640K)->16247K(16640K) NonClass: 14573K(14720K)->14573K(14720K) Class: 1674K(1920K)->1674K(1920K)
[2025-12-25T04:17:31.546+0000][gc          ] GC(788) Pause Young (Normal) (G1 Evacuation Pause) 948M->344M(1024M) 20.642ms
[2025-12-25T04:17:31.546+0000][gc,cpu      ] GC(788) User=0.14s Sys=0.00s Real=0.02s
[2025-12-25T04:18:11.112+0000][gc,start    ] GC(789) Pause Young (Normal) (G1 Evacuation Pause)
[2025-12-25T04:18:11.113+0000][gc,task     ] GC(789) Using 8 workers of 8 for evacuation
[2025-12-25T04:18:11.129+0000][gc,phases   ] GC(789)   Pre Evacuate Collection Set: 1.7ms
[2025-12-25T04:18:11.130+0000][gc,phases   ] GC(789)   Merge Heap Roots: 0.4ms
[2025-12-25T04:18:11.130+0000][gc,phases   ] GC(789)   Evacuate Collection Set: 13.1ms
[2025-12-25T04:18:11.130+0000][gc,phases   ] GC(789)   Post Evacuate Collection Set: 1.1ms
[2025-12-25T04:18:11.130+0000][gc,phases   ] GC(789)   Other: 0.4ms
[2025-12-25T04:18:11.130+0000][gc,heap     ] GC(789) Eden regions: 604->0(605)
[2025-12-25T04:18:11.130+0000][gc,heap     ] GC(789) Survivor regions: 10->9(74)
[2025-12-25T04:18:11.130+0000][gc,heap     ] GC(789) Old regions: 185->185
[2025-12-25T04:18:11.130+0000][gc,heap     ] GC(789) Humongous regions: 151->151
[2025-12-25T04:18:11.131+0000][gc,metaspace] GC(789) Metaspace: 16247K(16640K)->16247K(16640K) NonClass: 14573K(14720K)->14573K(14720K) Class: 1674K(1920K)->1674K(1920K)
[2025-12-25T04:18:11.133+0000][gc          ] GC(789) Pause Young (Normal) (G1 Evacuation Pause) 948M->344M(1024M) 19.006ms
[2025-12-25T04:18:11.134+0000][gc,cpu      ] GC(789) User=0.11s Sys=0.00s Real=0.02s
[2025-12-25T04:18:41.483+0000][gc,start    ] GC(790) Pause Young (Normal) (G1 Evacuation Pause)
[2025-12-25T04:18:41.484+0000][gc,task     ] GC(790) Using 8 workers of 8 for evacuation
[2025-12-25T04:18:41.499+0000][gc,phases   ] GC(790)   Pre Evacuate Collection Set: 1.7ms
[2025-12-25T04:18:41.499+0000][gc,phases   ] GC(790)   Merge Heap Roots: 0.4ms
[2025-12-25T04:18:41.499+0000][gc,phases   ] GC(790)   Evacuate Collection Set: 11.5ms
[2025-12-25T04:18:41.499+0000][gc,phases   ] GC(790)   Post Evacuate Collection Set: 1.3ms
[2025-12-25T04:18:41.499+0000][gc,phases   ] GC(790)   Other: 0.2ms
[2025-12-25T04:18:41.499+0000][gc,heap     ] GC(790) Eden regions: 605->0(608)
[2025-12-25T04:18:41.499+0000][gc,heap     ] GC(790) Survivor regions: 9->6(74)
[2025-12-25T04:18:41.499+0000][gc,heap     ] GC(790) Old regions: 185->185
[2025-12-25T04:18:41.499+0000][gc,heap     ] GC(790) Humongous regions: 151->151
[2025-12-25T04:18:41.499+0000][gc,metaspace] GC(790) Metaspace: 16247K(16640K)->16247K(16640K) NonClass: 14573K(14720K)->14573K(14720K) Class: 1674K(1920K)->1674K(1920K)
[2025-12-25T04:18:41.499+0000][gc          ] GC(790) Pause Young (Normal) (G1 Evacuation Pause) 949M->341M(1024M) 16.030ms
[2025-12-25T04:18:41.499+0000][gc,cpu      ] GC(790) User=0.10s Sys=0.00s Real=0.02s
[2025-12-25T04:19:11.817+0000][gc,start    ] GC(791) Pause Young (Normal) (G1 Evacuation Pause)
[2025-12-25T04:19:11.817+0000][gc,task     ] GC(791) Using 8 workers of 8 for evacuation
[2025-12-25T04:19:11.847+0000][gc,phases   ] GC(791)   Pre Evacuate Collection Set: 1.6ms
[2025-12-25T04:19:11.847+0000][gc,phases   ] GC(791)   Merge Heap Roots: 0.7ms
[2025-12-25T04:19:11.847+0000][gc,phases   ] GC(791)   Evacuate Collection Set: 22.8ms
[2025-12-25T04:19:11.847+0000][gc,phases   ] GC(791)   Post Evacuate Collection Set: 3.6ms
[2025-12-25T04:19:11.847+0000][gc,phases   ] GC(791)   Other: 0.5ms
[2025-12-25T04:19:11.847+0000][gc,heap     ] GC(791) Eden regions: 608->0(604)
[2025-12-25T04:19:11.847+0000][gc,heap     ] GC(791) Survivor regions: 6->10(74)
[2025-12-25T04:19:11.847+0000][gc,heap     ] GC(791) Old regions: 185->185
[2025-12-25T04:19:11.847+0000][gc,heap     ] GC(791) Humongous regions: 151->151
[2025-12-25T04:19:11.847+0000][gc,metaspace] GC(791) Metaspace: 16258K(16640K)->16258K(16640K) NonClass: 14584K(14720K)->14584K(14720K) Class: 1674K(1920K)->1674K(1920K)
[2025-12-25T04:19:11.847+0000][gc          ] GC(791) Pause Young (Normal) (G1 Evacuation Pause) 949M->345M(1024M) 30.190ms
[2025-12-25T04:19:11.847+0000][gc,cpu      ] GC(791) User=0.21s Sys=0.00s Real=0.03s
[2025-12-25T04:19:45.977+0000][gc,start    ] GC(792) Pause Young (Normal) (G1 Evacuation Pause)
[2025-12-25T04:19:45.980+0000][gc,task     ] GC(792) Using 8 workers of 8 for evacuation
[2025-12-25T04:19:46.062+0000][gc,phases   ] GC(792)   Pre Evacuate Collection Set: 12.5ms
[2025-12-25T04:19:46.063+0000][gc,phases   ] GC(792)   Merge Heap Roots: 1.0ms
[2025-12-25T04:19:46.063+0000][gc,phases   ] GC(792)   Evacuate Collection Set: 52.0ms
[2025-12-25T04:19:46.064+0000][gc,phases   ] GC(792)   Post Evacuate Collection Set: 14.4ms
[2025-12-25T04:19:46.067+0000][gc,phases   ] GC(792)   Other: 2.6ms
[2025-12-25T04:19:46.075+0000][gc,heap     ] GC(792) Eden regions: 604->0(607)
[2025-12-25T04:19:46.076+0000][gc,heap     ] GC(792) Survivor regions: 10->7(74)
[2025-12-25T04:19:46.076+0000][gc,heap     ] GC(792) Old regions: 185->185
[2025-12-25T04:19:46.076+0000][gc,heap     ] GC(792) Humongous regions: 151->151
[2025-12-25T04:19:46.079+0000][gc,metaspace] GC(792) Metaspace: 16259K(16640K)->16259K(16640K) NonClass: 14584K(14720K)->14584K(14720K) Class: 1674K(1920K)->1674K(1920K)
[2025-12-25T04:19:46.081+0000][gc          ] GC(792) Pause Young (Normal) (G1 Evacuation Pause) 949M->342M(1024M) 104.223ms
[2025-12-25T04:19:46.082+0000][gc,cpu      ] GC(792) User=0.25s Sys=0.02s Real=0.10s
[2025-12-25T04:20:21.124+0000][gc,start    ] GC(793) Pause Young (Normal) (G1 Evacuation Pause)
[2025-12-25T04:20:21.124+0000][gc,task     ] GC(793) Using 8 workers of 8 for evacuation
[2025-12-25T04:20:21.257+0000][gc,phases   ] GC(793)   Pre Evacuate Collection Set: 3.4ms
[2025-12-25T04:20:21.259+0000][gc,phases   ] GC(793)   Merge Heap Roots: 0.6ms
[2025-12-25T04:20:21.259+0000][gc,phases   ] GC(793)   Evacuate Collection Set: 104.7ms
[2025-12-25T04:20:21.259+0000][gc,phases   ] GC(793)   Post Evacuate Collection Set: 23.7ms
[2025-12-25T04:20:21.262+0000][gc,phases   ] GC(793)   Other: 0.7ms
[2025-12-25T04:20:21.263+0000][gc,heap     ] GC(793) Eden regions: 607->0(602)
[2025-12-25T04:20:21.263+0000][gc,heap     ] GC(793) Survivor regions: 7->12(74)
[2025-12-25T04:20:21.263+0000][gc,heap     ] GC(793) Old regions: 185->186
[2025-12-25T04:20:21.263+0000][gc,heap     ] GC(793) Humongous regions: 151->151
[2025-12-25T04:20:21.263+0000][gc,metaspace] GC(793) Metaspace: 16259K(16640K)->16259K(16640K) NonClass: 14584K(14720K)->14584K(14720K) Class: 1674K(1920K)->1674K(1920K)
[2025-12-25T04:20:21.264+0000][gc          ] GC(793) Pause Young (Normal) (G1 Evacuation Pause) 949M->347M(1024M) 140.520ms
[2025-12-25T04:20:21.265+0000][gc,cpu      ] GC(793) User=0.64s Sys=0.08s Real=0.14s
[2025-12-25T04:20:51.947+0000][gc,start    ] GC(794) Pause Young (Normal) (G1 Evacuation Pause)
[2025-12-25T04:20:51.948+0000][gc,task     ] GC(794) Using 8 workers of 8 for evacuation
[2025-12-25T04:20:51.978+0000][gc,phases   ] GC(794)   Pre Evacuate Collection Set: 2.4ms
[2025-12-25T04:20:51.978+0000][gc,phases   ] GC(794)   Merge Heap Roots: 0.5ms
[2025-12-25T04:20:51.978+0000][gc,phases   ] GC(794)   Evacuate Collection Set: 24.2ms
[2025-12-25T04:20:51.978+0000][gc,phases   ] GC(794)   Post Evacuate Collection Set: 1.7ms
[2025-12-25T04:20:51.978+0000][gc,phases   ] GC(794)   Other: 0.7ms
[2025-12-25T04:20:51.978+0000][gc,heap     ] GC(794) Eden regions: 602->0(601)
[2025-12-25T04:20:51.978+0000][gc,heap     ] GC(794) Survivor regions: 12->13(73)
[2025-12-25T04:20:51.978+0000][gc,heap     ] GC(794) Old regions: 186->186
[2025-12-25T04:20:51.978+0000][gc,heap     ] GC(794) Humongous regions: 151->151
[2025-12-25T04:20:51.978+0000][gc,metaspace] GC(794) Metaspace: 16259K(16640K)->16259K(16640K) NonClass: 14584K(14720K)->14584K(14720K) Class: 1674K(1920K)->1674K(1920K)
[2025-12-25T04:20:51.978+0000][gc          ] GC(794) Pause Young (Normal) (G1 Evacuation Pause) 949M->349M(1024M) 31.377ms
[2025-12-25T04:20:51.978+0000][gc,cpu      ] GC(794) User=0.21s Sys=0.00s Real=0.04s
[2025-12-25T04:21:21.597+0000][gc,start    ] GC(795) Pause Young (Normal) (G1 Evacuation Pause)
[2025-12-25T04:21:21.599+0000][gc,task     ] GC(795) Using 8 workers of 8 for evacuation
[2025-12-25T04:21:21.642+0000][gc,phases   ] GC(795)   Pre Evacuate Collection Set: 6.4ms
[2025-12-25T04:21:21.642+0000][gc,phases   ] GC(795)   Merge Heap Roots: 2.7ms
[2025-12-25T04:21:21.642+0000][gc,phases   ] GC(795)   Evacuate Collection Set: 19.4ms
[2025-12-25T04:21:21.642+0000][gc,phases   ] GC(795)   Post Evacuate Collection Set: 12.6ms
[2025-12-25T04:21:21.642+0000][gc,phases   ] GC(795)   Other: 1.7ms
[2025-12-25T04:21:21.642+0000][gc,heap     ] GC(795) Eden regions: 601->0(604)
[2025-12-25T04:21:21.642+0000][gc,heap     ] GC(795) Survivor regions: 13->10(73)
[2025-12-25T04:21:21.642+0000][gc,heap     ] GC(795) Old regions: 186->186
[2025-12-25T04:21:21.642+0000][gc,heap     ] GC(795) Humongous regions: 151->151
[2025-12-25T04:21:21.643+0000][gc,metaspace] GC(795) Metaspace: 16259K(16640K)->16259K(16640K) NonClass: 14584K(14720K)->14584K(14720K) Class: 1674K(1920K)->1674K(1920K)
[2025-12-25T04:21:21.643+0000][gc          ] GC(795) Pause Young (Normal) (G1 Evacuation Pause) 950M->345M(1024M) 45.531ms
[2025-12-25T04:21:21.643+0000][gc,cpu      ] GC(795) User=0.18s Sys=0.02s Real=0.05s
[2025-12-25T04:22:01.082+0000][gc,start    ] GC(796) Pause Young (Normal) (G1 Evacuation Pause)
[2025-12-25T04:22:01.082+0000][gc,task     ] GC(796) Using 8 workers of 8 for evacuation
[2025-12-25T04:22:01.217+0000][gc,phases   ] GC(796)   Pre Evacuate Collection Set: 1.1ms
[2025-12-25T04:22:01.218+0000][gc,phases   ] GC(796)   Merge Heap Roots: 0.2ms
[2025-12-25T04:22:01.219+0000][gc,phases   ] GC(796)   Evacuate Collection Set: 120.6ms
[2025-12-25T04:22:01.219+0000][gc,phases   ] GC(796)   Post Evacuate Collection Set: 10.5ms
[2025-12-25T04:22:01.219+0000][gc,phases   ] GC(796)   Other: 2.3ms
[2025-12-25T04:22:01.219+0000][gc,heap     ] GC(796) Eden regions: 604->0(605)
[2025-12-25T04:22:01.219+0000][gc,heap     ] GC(796) Survivor regions: 10->9(73)
[2025-12-25T04:22:01.219+0000][gc,heap     ] GC(796) Old regions: 186->186
[2025-12-25T04:22:01.219+0000][gc,heap     ] GC(796) Humongous regions: 151->151
[2025-12-25T04:22:01.219+0000][gc,metaspace] GC(796) Metaspace: 16259K(16640K)->16259K(16640K) NonClass: 14584K(14720K)->14584K(14720K) Class: 1674K(1920K)->1674K(1920K)
[2025-12-25T04:22:01.219+0000][gc          ] GC(796) Pause Young (Normal) (G1 Evacuation Pause) 949M->344M(1024M) 137.210ms
[2025-12-25T04:22:01.220+0000][gc,cpu      ] GC(796) User=0.84s Sys=0.05s Real=0.14s
[2025-12-25T04:22:31.294+0000][gc,start    ] GC(797) Pause Young (Normal) (G1 Evacuation Pause)
[2025-12-25T04:22:31.295+0000][gc,task     ] GC(797) Using 8 workers of 8 for evacuation
[2025-12-25T04:22:31.315+0000][gc,phases   ] GC(797)   Pre Evacuate Collection Set: 2.9ms
[2025-12-25T04:22:31.315+0000][gc,phases   ] GC(797)   Merge Heap Roots: 1.3ms
[2025-12-25T04:22:31.315+0000][gc,phases   ] GC(797)   Evacuate Collection Set: 14.2ms
[2025-12-25T04:22:31.315+0000][gc,phases   ] GC(797)   Post Evacuate Collection Set: 1.3ms
[2025-12-25T04:22:31.315+0000][gc,phases   ] GC(797)   Other: 0.8ms
[2025-12-25T04:22:31.316+0000][gc,heap     ] GC(797) Eden regions: 605->0(604)
[2025-12-25T04:22:31.316+0000][gc,heap     ] GC(797) Survivor regions: 9->10(73)
[2025-12-25T04:22:31.316+0000][gc,heap     ] GC(797) Old regions: 186->187
[2025-12-25T04:22:31.316+0000][gc,heap     ] GC(797) Humongous regions: 151->151
[2025-12-25T04:22:31.316+0000][gc,metaspace] GC(797) Metaspace: 16259K(16640K)->16259K(16640K) NonClass: 14584K(14720K)->14584K(14720K) Class: 1674K(1920K)->1674K(1920K)
[2025-12-25T04:22:31.316+0000][gc          ] GC(797) Pause Young (Normal) (G1 Evacuation Pause) 949M->346M(1024M) 21.681ms
[2025-12-25T04:22:31.316+0000][gc,cpu      ] GC(797) User=0.13s Sys=0.00s Real=0.02s
[2025-12-25T04:23:04.370+0000][gc,start    ] GC(798) Pause Young (Normal) (G1 Evacuation Pause)
[2025-12-25T04:23:04.386+0000][gc,task     ] GC(798) Using 8 workers of 8 for evacuation
[2025-12-25T04:23:04.459+0000][gc,phases   ] GC(798)   Pre Evacuate Collection Set: 16.5ms
[2025-12-25T04:23:04.460+0000][gc,phases   ] GC(798)   Merge Heap Roots: 4.8ms
[2025-12-25T04:23:04.460+0000][gc,phases   ] GC(798)   Evacuate Collection Set: 41.1ms
[2025-12-25T04:23:04.460+0000][gc,phases   ] GC(798)   Post Evacuate Collection Set: 6.5ms
[2025-12-25T04:23:04.460+0000][gc,phases   ] GC(798)   Other: 9.5ms
[2025-12-25T04:23:04.461+0000][gc,heap     ] GC(798) Eden regions: 604->0(605)
[2025-12-25T04:23:04.461+0000][gc,heap     ] GC(798) Survivor regions: 10->9(72)
[2025-12-25T04:23:04.461+0000][gc,heap     ] GC(798) Old regions: 187->187
[2025-12-25T04:23:04.461+0000][gc,heap     ] GC(798) Humongous regions: 151->151
[2025-12-25T04:23:04.461+0000][gc,metaspace] GC(798) Metaspace: 16259K(16640K)->16259K(16640K) NonClass: 14584K(14720K)->14584K(14720K) Class: 1674K(1920K)->1674K(1920K)
[2025-12-25T04:23:04.461+0000][gc          ] GC(798) Pause Young (Normal) (G1 Evacuation Pause) 950M->346M(1024M) 91.554ms
[2025-12-25T04:23:04.461+0000][gc,cpu      ] GC(798) User=0.35s Sys=0.02s Real=0.09s
[2025-12-25T04:23:41.156+0000][gc,start    ] GC(799) Pause Young (Normal) (G1 Evacuation Pause)
[2025-12-25T04:23:41.164+0000][gc,task     ] GC(799) Using 8 workers of 8 for evacuation
[2025-12-25T04:23:41.210+0000][gc,phases   ] GC(799)   Pre Evacuate Collection Set: 13.1ms
[2025-12-25T04:23:41.210+0000][gc,phases   ] GC(799)   Merge Heap Roots: 1.1ms
[2025-12-25T04:23:41.210+0000][gc,phases   ] GC(799)   Evacuate Collection Set: 28.7ms
[2025-12-25T04:23:41.210+0000][gc,phases   ] GC(799)   Post Evacuate Collection Set: 2.1ms
[2025-12-25T04:23:41.210+0000][gc,phases   ] GC(799)   Other: 6.6ms
[2025-12-25T04:23:41.210+0000][gc,heap     ] GC(799) Eden regions: 605->0(603)
[2025-12-25T04:23:41.211+0000][gc,heap     ] GC(799) Survivor regions: 9->11(72)
[2025-12-25T04:23:41.211+0000][gc,heap     ] GC(799) Old regions: 187->187
[2025-12-25T04:23:41.211+0000][gc,heap     ] GC(799) Humongous regions: 151->151
[2025-12-25T04:23:41.211+0000][gc,metaspace] GC(799) Metaspace: 16259K(16640K)->16259K(16640K) NonClass: 14584K(14720K)->14584K(14720K) Class: 1674K(1920K)->1674K(1920K)
[2025-12-25T04:23:41.211+0000][gc          ] GC(799) Pause Young (Normal) (G1 Evacuation Pause) 951M->348M(1024M) 55.176ms
[2025-12-25T04:23:41.211+0000][gc,cpu      ] GC(799) User=0.26s Sys=0.01s Real=0.06s
[2025-12-25T04:24:11.370+0000][gc,start    ] GC(800) Pause Young (Normal) (G1 Evacuation Pause)
[2025-12-25T04:24:11.371+0000][gc,task     ] GC(800) Using 8 workers of 8 for evacuation
[2025-12-25T04:24:11.387+0000][gc,phases   ] GC(800)   Pre Evacuate Collection Set: 1.1ms
[2025-12-25T04:24:11.387+0000][gc,phases   ] GC(800)   Merge Heap Roots: 0.3ms
[2025-12-25T04:24:11.387+0000][gc,phases   ] GC(800)   Evacuate Collection Set: 13.2ms
[2025-12-25T04:24:11.387+0000][gc,phases   ] GC(800)   Post Evacuate Collection Set: 1.1ms
[2025-12-25T04:24:11.387+0000][gc,phases   ] GC(800)   Other: 0.3ms
[2025-12-25T04:24:11.387+0000][gc,heap     ] GC(800) Eden regions: 603->0(601)
[2025-12-25T04:24:11.387+0000][gc,heap     ] GC(800) Survivor regions: 11->13(72)
[2025-12-25T04:24:11.387+0000][gc,heap     ] GC(800) Old regions: 187->187
[2025-12-25T04:24:11.387+0000][gc,heap     ] GC(800) Humongous regions: 151->151
[2025-12-25T04:24:11.387+0000][gc,metaspace] GC(800) Metaspace: 16259K(16640K)->16259K(16640K) NonClass: 14584K(14720K)->14584K(14720K) Class: 1674K(1920K)->1674K(1920K)
[2025-12-25T04:24:11.387+0000][gc          ] GC(800) Pause Young (Normal) (G1 Evacuation Pause) 951M->350M(1024M) 17.176ms
[2025-12-25T04:24:11.388+0000][gc,cpu      ] GC(800) User=0.10s Sys=0.00s Real=0.01s
[2025-12-25T04:24:50.989+0000][gc,start    ] GC(801) Pause Young (Normal) (G1 Evacuation Pause)
[2025-12-25T04:24:50.990+0000][gc,task     ] GC(801) Using 8 workers of 8 for evacuation
[2025-12-25T04:24:51.024+0000][gc,phases   ] GC(801)   Pre Evacuate Collection Set: 2.9ms
[2025-12-25T04:24:51.024+0000][gc,phases   ] GC(801)   Merge Heap Roots: 0.4ms
[2025-12-25T04:24:51.025+0000][gc,phases   ] GC(801)   Evacuate Collection Set: 29.0ms
[2025-12-25T04:24:51.025+0000][gc,phases   ] GC(801)   Post Evacuate Collection Set: 1.3ms
[2025-12-25T04:24:51.025+0000][gc,phases   ] GC(801)   Other: 1.0ms
[2025-12-25T04:24:51.025+0000][gc,heap     ] GC(801) Eden regions: 601->0(603)
[2025-12-25T04:24:51.025+0000][gc,heap     ] GC(801) Survivor regions: 13->11(72)
[2025-12-25T04:24:51.025+0000][gc,heap     ] GC(801) Old regions: 187->187
[2025-12-25T04:24:51.025+0000][gc,heap     ] GC(801) Humongous regions: 151->151
[2025-12-25T04:24:51.025+0000][gc,metaspace] GC(801) Metaspace: 16259K(16640K)->16259K(16640K) NonClass: 14584K(14720K)->14584K(14720K) Class: 1674K(1920K)->1674K(1920K)
[2025-12-25T04:24:51.025+0000][gc          ] GC(801) Pause Young (Normal) (G1 Evacuation Pause) 951M->348M(1024M) 36.555ms
[2025-12-25T04:24:51.025+0000][gc,cpu      ] GC(801) User=0.24s Sys=0.00s Real=0.03s
[2025-12-25T04:25:21.310+0000][gc,start    ] GC(802) Pause Young (Normal) (G1 Evacuation Pause)
[2025-12-25T04:25:21.311+0000][gc,task     ] GC(802) Using 8 workers of 8 for evacuation
[2025-12-25T04:25:21.366+0000][gc,phases   ] GC(802)   Pre Evacuate Collection Set: 5.8ms
[2025-12-25T04:25:21.366+0000][gc,phases   ] GC(802)   Merge Heap Roots: 0.7ms
[2025-12-25T04:25:21.366+0000][gc,phases   ] GC(802)   Evacuate Collection Set: 43.6ms
[2025-12-25T04:25:21.366+0000][gc,phases   ] GC(802)   Post Evacuate Collection Set: 4.0ms
[2025-12-25T04:25:21.366+0000][gc,phases   ] GC(802)   Other: 0.8ms
[2025-12-25T04:25:21.366+0000][gc,heap     ] GC(802) Eden regions: 603->0(601)
[2025-12-25T04:25:21.366+0000][gc,heap     ] GC(802) Survivor regions: 11->13(72)
[2025-12-25T04:25:21.366+0000][gc,heap     ] GC(802) Old regions: 187->188
[2025-12-25T04:25:21.366+0000][gc,heap     ] GC(802) Humongous regions: 151->151
[2025-12-25T04:25:21.366+0000][gc,metaspace] GC(802) Metaspace: 16259K(16640K)->16259K(16640K) NonClass: 14584K(14720K)->14584K(14720K) Class: 1674K(1920K)->1674K(1920K)
[2025-12-25T04:25:21.366+0000][gc          ] GC(802) Pause Young (Normal) (G1 Evacuation Pause) 951M->350M(1024M) 56.645ms
[2025-12-25T04:25:21.366+0000][gc,cpu      ] GC(802) User=0.37s Sys=0.02s Real=0.05s
[2025-12-25T04:25:51.420+0000][gc,start    ] GC(803) Pause Young (Normal) (G1 Evacuation Pause)
[2025-12-25T04:25:51.421+0000][gc,task     ] GC(803) Using 8 workers of 8 for evacuation
[2025-12-25T04:25:51.444+0000][gc,phases   ] GC(803)   Pre Evacuate Collection Set: 1.1ms
[2025-12-25T04:25:51.444+0000][gc,phases   ] GC(803)   Merge Heap Roots: 0.5ms
[2025-12-25T04:25:51.444+0000][gc,phases   ] GC(803)   Evacuate Collection Set: 19.5ms
[2025-12-25T04:25:51.444+0000][gc,phases   ] GC(803)   Post Evacuate Collection Set: 1.3ms
[2025-12-25T04:25:51.444+0000][gc,phases   ] GC(803)   Other: 0.3ms
[2025-12-25T04:25:51.444+0000][gc,heap     ] GC(803) Eden regions: 601->0(604)
[2025-12-25T04:25:51.444+0000][gc,heap     ] GC(803) Survivor regions: 13->10(71)
[2025-12-25T04:25:51.444+0000][gc,heap     ] GC(803) Old regions: 188->188
[2025-12-25T04:25:51.444+0000][gc,heap     ] GC(803) Humongous regions: 151->151
[2025-12-25T04:25:51.444+0000][gc,metaspace] GC(803) Metaspace: 16259K(16640K)->16259K(16640K) NonClass: 14584K(14720K)->14584K(14720K) Class: 1674K(1920K)->1674K(1920K)
[2025-12-25T04:25:51.445+0000][gc          ] GC(803) Pause Young (Normal) (G1 Evacuation Pause) 951M->347M(1024M) 24.070ms
[2025-12-25T04:25:51.445+0000][gc,cpu      ] GC(803) User=0.14s Sys=0.00s Real=0.02s
[2025-12-25T04:26:31.062+0000][gc,start    ] GC(804) Pause Young (Normal) (G1 Evacuation Pause)
[2025-12-25T04:26:31.063+0000][gc,task     ] GC(804) Using 8 workers of 8 for evacuation
[2025-12-25T04:26:31.087+0000][gc,phases   ] GC(804)   Pre Evacuate Collection Set: 1.3ms
[2025-12-25T04:26:31.087+0000][gc,phases   ] GC(804)   Merge Heap Roots: 0.3ms
[2025-12-25T04:26:31.087+0000][gc,phases   ] GC(804)   Evacuate Collection Set: 18.1ms
[2025-12-25T04:26:31.087+0000][gc,phases   ] GC(804)   Post Evacuate Collection Set: 3.8ms
[2025-12-25T04:26:31.087+0000][gc,phases   ] GC(804)   Other: 0.5ms
[2025-12-25T04:26:31.087+0000][gc,heap     ] GC(804) Eden regions: 604->0(605)
[2025-12-25T04:26:31.087+0000][gc,heap     ] GC(804) Survivor regions: 10->9(71)
[2025-12-25T04:26:31.087+0000][gc,heap     ] GC(804) Old regions: 188->188
[2025-12-25T04:26:31.087+0000][gc,heap     ] GC(804) Humongous regions: 151->151
[2025-12-25T04:26:31.087+0000][gc,metaspace] GC(804) Metaspace: 16259K(16640K)->16259K(16640K) NonClass: 14584K(14720K)->14584K(14720K) Class: 1674K(1920K)->1674K(1920K)
[2025-12-25T04:26:31.088+0000][gc          ] GC(804) Pause Young (Normal) (G1 Evacuation Pause) 951M->347M(1024M) 25.984ms
[2025-12-25T04:26:31.088+0000][gc,cpu      ] GC(804) User=0.14s Sys=0.00s Real=0.02s
[2025-12-25T04:27:01.271+0000][gc,start    ] GC(805) Pause Young (Normal) (G1 Evacuation Pause)
[2025-12-25T04:27:01.271+0000][gc,task     ] GC(805) Using 8 workers of 8 for evacuation
[2025-12-25T04:27:01.293+0000][gc,phases   ] GC(805)   Pre Evacuate Collection Set: 1.0ms
[2025-12-25T04:27:01.294+0000][gc,phases   ] GC(805)   Merge Heap Roots: 0.3ms
[2025-12-25T04:27:01.294+0000][gc,phases   ] GC(805)   Evacuate Collection Set: 19.4ms
[2025-12-25T04:27:01.294+0000][gc,phases   ] GC(805)   Post Evacuate Collection Set: 1.1ms
[2025-12-25T04:27:01.294+0000][gc,phases   ] GC(805)   Other: 0.3ms
[2025-12-25T04:27:01.294+0000][gc,heap     ] GC(805) Eden regions: 605->0(604)
[2025-12-25T04:27:01.294+0000][gc,heap     ] GC(805) Survivor regions: 9->10(71)
[2025-12-25T04:27:01.294+0000][gc,heap     ] GC(805) Old regions: 188->188
[2025-12-25T04:27:01.294+0000][gc,heap     ] GC(805) Humongous regions: 151->151
[2025-12-25T04:27:01.294+0000][gc,metaspace] GC(805) Metaspace: 16259K(16640K)->16259K(16640K) NonClass: 14584K(14720K)->14584K(14720K) Class: 1674K(1920K)->1674K(1920K)
[2025-12-25T04:27:01.294+0000][gc          ] GC(805) Pause Young (Normal) (G1 Evacuation Pause) 952M->348M(1024M) 23.275ms
[2025-12-25T04:27:01.294+0000][gc,cpu      ] GC(805) User=0.15s Sys=0.00s Real=0.02s
[2025-12-25T04:27:31.561+0000][gc,start    ] GC(806) Pause Young (Normal) (G1 Evacuation Pause)
[2025-12-25T04:27:31.562+0000][gc,task     ] GC(806) Using 8 workers of 8 for evacuation
[2025-12-25T04:27:31.595+0000][gc,phases   ] GC(806)   Pre Evacuate Collection Set: 1.9ms
[2025-12-25T04:27:31.595+0000][gc,phases   ] GC(806)   Merge Heap Roots: 0.7ms
[2025-12-25T04:27:31.595+0000][gc,phases   ] GC(806)   Evacuate Collection Set: 26.4ms
[2025-12-25T04:27:31.595+0000][gc,phases   ] GC(806)   Post Evacuate Collection Set: 3.6ms
[2025-12-25T04:27:31.596+0000][gc,phases   ] GC(806)   Other: 0.6ms
[2025-12-25T04:27:31.596+0000][gc,heap     ] GC(806) Eden regions: 604->0(603)
[2025-12-25T04:27:31.596+0000][gc,heap     ] GC(806) Survivor regions: 10->11(71)
[2025-12-25T04:27:31.596+0000][gc,heap     ] GC(806) Old regions: 188->189
[2025-12-25T04:27:31.596+0000][gc,heap     ] GC(806) Humongous regions: 151->151
[2025-12-25T04:27:31.597+0000][gc,metaspace] GC(806) Metaspace: 16259K(16640K)->16259K(16640K) NonClass: 14584K(14720K)->14584K(14720K) Class: 1674K(1920K)->1674K(1920K)
[2025-12-25T04:27:31.597+0000][gc          ] GC(806) Pause Young (Normal) (G1 Evacuation Pause) 952M->350M(1024M) 35.523ms
[2025-12-25T04:27:31.597+0000][gc,cpu      ] GC(806) User=0.17s Sys=0.04s Real=0.03s
[2025-12-25T04:28:11.156+0000][gc,start    ] GC(807) Pause Young (Normal) (G1 Evacuation Pause)
[2025-12-25T04:28:11.157+0000][gc,task     ] GC(807) Using 8 workers of 8 for evacuation
[2025-12-25T04:28:11.179+0000][gc,phases   ] GC(807)   Pre Evacuate Collection Set: 1.9ms
[2025-12-25T04:28:11.180+0000][gc,phases   ] GC(807)   Merge Heap Roots: 0.3ms
[2025-12-25T04:28:11.180+0000][gc,phases   ] GC(807)   Evacuate Collection Set: 18.4ms
[2025-12-25T04:28:11.180+0000][gc,phases   ] GC(807)   Post Evacuate Collection Set: 1.3ms
[2025-12-25T04:28:11.180+0000][gc,phases   ] GC(807)   Other: 0.5ms
[2025-12-25T04:28:11.180+0000][gc,heap     ] GC(807) Eden regions: 603->0(605)
[2025-12-25T04:28:11.180+0000][gc,heap     ] GC(807) Survivor regions: 11->9(70)
[2025-12-25T04:28:11.180+0000][gc,heap     ] GC(807) Old regions: 189->191
[2025-12-25T04:28:11.180+0000][gc,heap     ] GC(807) Humongous regions: 151->151
[2025-12-25T04:28:11.180+0000][gc,metaspace] GC(807) Metaspace: 16259K(16640K)->16259K(16640K) NonClass: 14584K(14720K)->14584K(14720K) Class: 1674K(1920K)->1674K(1920K)
[2025-12-25T04:28:11.180+0000][gc          ] GC(807) Pause Young (Normal) (G1 Evacuation Pause) 953M->350M(1024M) 23.761ms
[2025-12-25T04:28:11.180+0000][gc,cpu      ] GC(807) User=0.16s Sys=0.00s Real=0.03s
[2025-12-25T04:28:41.372+0000][gc,start    ] GC(808) Pause Young (Normal) (G1 Evacuation Pause)
[2025-12-25T04:28:41.372+0000][gc,task     ] GC(808) Using 8 workers of 8 for evacuation
[2025-12-25T04:28:41.397+0000][gc,phases   ] GC(808)   Pre Evacuate Collection Set: 2.9ms
[2025-12-25T04:28:41.397+0000][gc,phases   ] GC(808)   Merge Heap Roots: 0.6ms
[2025-12-25T04:28:41.397+0000][gc,phases   ] GC(808)   Evacuate Collection Set: 18.1ms
[2025-12-25T04:28:41.397+0000][gc,phases   ] GC(808)   Post Evacuate Collection Set: 2.7ms
[2025-12-25T04:28:41.397+0000][gc,phases   ] GC(808)   Other: 0.3ms
[2025-12-25T04:28:41.397+0000][gc,heap     ] GC(808) Eden regions: 605->0(604)
[2025-12-25T04:28:41.397+0000][gc,heap     ] GC(808) Survivor regions: 9->10(68)
[2025-12-25T04:28:41.397+0000][gc,heap     ] GC(808) Old regions: 191->192
[2025-12-25T04:28:41.397+0000][gc,heap     ] GC(808) Humongous regions: 151->151
[2025-12-25T04:28:41.397+0000][gc,metaspace] GC(808) Metaspace: 16259K(16640K)->16259K(16640K) NonClass: 14584K(14720K)->14584K(14720K) Class: 1674K(1920K)->1674K(1920K)
[2025-12-25T04:28:41.397+0000][gc          ] GC(808) Pause Young (Normal) (G1 Evacuation Pause) 955M->351M(1024M) 25.558ms
[2025-12-25T04:28:41.397+0000][gc,cpu      ] GC(808) User=0.17s Sys=0.00s Real=0.02s
[2025-12-25T04:29:20.998+0000][gc,start    ] GC(809) Pause Young (Normal) (G1 Evacuation Pause)
[2025-12-25T04:29:21.000+0000][gc,task     ] GC(809) Using 8 workers of 8 for evacuation
[2025-12-25T04:29:21.038+0000][gc,phases   ] GC(809)   Pre Evacuate Collection Set: 2.0ms
[2025-12-25T04:29:21.039+0000][gc,phases   ] GC(809)   Merge Heap Roots: 2.5ms
[2025-12-25T04:29:21.039+0000][gc,phases   ] GC(809)   Evacuate Collection Set: 29.6ms
[2025-12-25T04:29:21.039+0000][gc,phases   ] GC(809)   Post Evacuate Collection Set: 2.9ms
[2025-12-25T04:29:21.039+0000][gc,phases   ] GC(809)   Other: 1.9ms
[2025-12-25T04:29:21.039+0000][gc,heap     ] GC(809) Eden regions: 604->0(605)
[2025-12-25T04:29:21.039+0000][gc,heap     ] GC(809) Survivor regions: 10->9(67)
[2025-12-25T04:29:21.039+0000][gc,heap     ] GC(809) Old regions: 192->193
[2025-12-25T04:29:21.039+0000][gc,heap     ] GC(809) Humongous regions: 151->151
[2025-12-25T04:29:21.039+0000][gc,metaspace] GC(809) Metaspace: 16259K(16640K)->16259K(16640K) NonClass: 14584K(14720K)->14584K(14720K) Class: 1674K(1920K)->1674K(1920K)
[2025-12-25T04:29:21.040+0000][gc          ] GC(809) Pause Young (Normal) (G1 Evacuation Pause) 955M->351M(1024M) 41.616ms
[2025-12-25T04:29:21.040+0000][gc,cpu      ] GC(809) User=0.20s Sys=0.01s Real=0.05s
[2025-12-25T04:29:51.200+0000][gc,start    ] GC(810) Pause Young (Normal) (G1 Evacuation Pause)
[2025-12-25T04:29:51.200+0000][gc,task     ] GC(810) Using 8 workers of 8 for evacuation
[2025-12-25T04:29:51.215+0000][gc,phases   ] GC(810)   Pre Evacuate Collection Set: 4.2ms
[2025-12-25T04:29:51.215+0000][gc,phases   ] GC(810)   Merge Heap Roots: 1.2ms
[2025-12-25T04:29:51.215+0000][gc,phases   ] GC(810)   Evacuate Collection Set: 7.7ms
[2025-12-25T04:29:51.215+0000][gc,phases   ] GC(810)   Post Evacuate Collection Set: 1.1ms
[2025-12-25T04:29:51.215+0000][gc,phases   ] GC(810)   Other: 0.2ms
[2025-12-25T04:29:51.215+0000][gc,heap     ] GC(810) Eden regions: 605->0(608)
[2025-12-25T04:29:51.215+0000][gc,heap     ] GC(810) Survivor regions: 9->6(66)
[2025-12-25T04:29:51.215+0000][gc,heap     ] GC(810) Old regions: 193->193
[2025-12-25T04:29:51.215+0000][gc,heap     ] GC(810) Humongous regions: 151->151
[2025-12-25T04:29:51.215+0000][gc,metaspace] GC(810) Metaspace: 16259K(16640K)->16259K(16640K) NonClass: 14584K(14720K)->14584K(14720K) Class: 1674K(1920K)->1674K(1920K)
[2025-12-25T04:29:51.215+0000][gc          ] GC(810) Pause Young (Normal) (G1 Evacuation Pause) 956M->348M(1024M) 15.548ms
[2025-12-25T04:29:51.215+0000][gc,cpu      ] GC(810) User=0.08s Sys=0.00s Real=0.01s
[2025-12-25T04:30:21.455+0000][gc,start    ] GC(811) Pause Young (Normal) (G1 Evacuation Pause)
[2025-12-25T04:30:21.456+0000][gc,task     ] GC(811) Using 8 workers of 8 for evacuation
[2025-12-25T04:30:21.492+0000][gc,phases   ] GC(811)   Pre Evacuate Collection Set: 1.0ms
[2025-12-25T04:30:21.492+0000][gc,phases   ] GC(811)   Merge Heap Roots: 0.3ms
[2025-12-25T04:30:21.492+0000][gc,phases   ] GC(811)   Evacuate Collection Set: 30.6ms
[2025-12-25T04:30:21.492+0000][gc,phases   ] GC(811)   Post Evacuate Collection Set: 3.6ms
[2025-12-25T04:30:21.493+0000][gc,phases   ] GC(811)   Other: 0.2ms
[2025-12-25T04:30:21.493+0000][gc,heap     ] GC(811) Eden regions: 608->0(607)
[2025-12-25T04:30:21.493+0000][gc,heap     ] GC(811) Survivor regions: 6->7(66)
[2025-12-25T04:30:21.494+0000][gc,heap     ] GC(811) Old regions: 193->193
[2025-12-25T04:30:21.494+0000][gc,heap     ] GC(811) Humongous regions: 151->151
[2025-12-25T04:30:21.494+0000][gc,metaspace] GC(811) Metaspace: 16259K(16640K)->16259K(16640K) NonClass: 14584K(14720K)->14584K(14720K) Class: 1674K(1920K)->1674K(1920K)
[2025-12-25T04:30:21.494+0000][gc          ] GC(811) Pause Young (Normal) (G1 Evacuation Pause) 956M->350M(1024M) 38.708ms
[2025-12-25T04:30:21.495+0000][gc,cpu      ] GC(811) User=0.21s Sys=0.01s Real=0.04s
[2025-12-25T04:31:01.093+0000][gc,start    ] GC(812) Pause Young (Normal) (G1 Evacuation Pause)
[2025-12-25T04:31:01.093+0000][gc,task     ] GC(812) Using 8 workers of 8 for evacuation
[2025-12-25T04:31:01.114+0000][gc,phases   ] GC(812)   Pre Evacuate Collection Set: 1.2ms
[2025-12-25T04:31:01.114+0000][gc,phases   ] GC(812)   Merge Heap Roots: 0.3ms
[2025-12-25T04:31:01.114+0000][gc,phases   ] GC(812)   Evacuate Collection Set: 17.0ms
[2025-12-25T04:31:01.114+0000][gc,phases   ] GC(812)   Post Evacuate Collection Set: 1.5ms
[2025-12-25T04:31:01.114+0000][gc,phases   ] GC(812)   Other: 0.3ms
[2025-12-25T04:31:01.114+0000][gc,heap     ] GC(812) Eden regions: 607->0(608)
[2025-12-25T04:31:01.114+0000][gc,heap     ] GC(812) Survivor regions: 7->6(66)
[2025-12-25T04:31:01.114+0000][gc,heap     ] GC(812) Old regions: 193->193
[2025-12-25T04:31:01.114+0000][gc,heap     ] GC(812) Humongous regions: 151->151
[2025-12-25T04:31:01.115+0000][gc,metaspace] GC(812) Metaspace: 16259K(16640K)->16259K(16640K) NonClass: 14584K(14720K)->14584K(14720K) Class: 1674K(1920K)->1674K(1920K)
[2025-12-25T04:31:01.115+0000][gc          ] GC(812) Pause Young (Normal) (G1 Evacuation Pause) 957M->349M(1024M) 21.933ms
[2025-12-25T04:31:01.115+0000][gc,cpu      ] GC(812) User=0.13s Sys=0.01s Real=0.02s
[2025-12-25T04:31:31.365+0000][gc,start    ] GC(813) Pause Young (Normal) (G1 Evacuation Pause)
[2025-12-25T04:31:31.366+0000][gc,task     ] GC(813) Using 8 workers of 8 for evacuation
[2025-12-25T04:31:31.380+0000][gc,phases   ] GC(813)   Pre Evacuate Collection Set: 1.2ms
[2025-12-25T04:31:31.380+0000][gc,phases   ] GC(813)   Merge Heap Roots: 0.4ms
[2025-12-25T04:31:31.380+0000][gc,phases   ] GC(813)   Evacuate Collection Set: 11.2ms
[2025-12-25T04:31:31.380+0000][gc,phases   ] GC(813)   Post Evacuate Collection Set: 1.2ms
[2025-12-25T04:31:31.381+0000][gc,phases   ] GC(813)   Other: 0.3ms
[2025-12-25T04:31:31.381+0000][gc,heap     ] GC(813) Eden regions: 608->0(606)
[2025-12-25T04:31:31.381+0000][gc,heap     ] GC(813) Survivor regions: 6->8(66)
[2025-12-25T04:31:31.381+0000][gc,heap     ] GC(813) Old regions: 193->193
[2025-12-25T04:31:31.381+0000][gc,heap     ] GC(813) Humongous regions: 151->151
[2025-12-25T04:31:31.381+0000][gc,metaspace] GC(813) Metaspace: 16259K(16640K)->16259K(16640K) NonClass: 14584K(14720K)->14584K(14720K) Class: 1674K(1920K)->1674K(1920K)
[2025-12-25T04:31:31.381+0000][gc          ] GC(813) Pause Young (Normal) (G1 Evacuation Pause) 957M->351M(1024M) 15.607ms
[2025-12-25T04:31:31.381+0000][gc,cpu      ] GC(813) User=0.10s Sys=0.00s Real=0.02s
[2025-12-25T04:32:10.944+0000][gc,start    ] GC(814) Pause Young (Normal) (G1 Evacuation Pause)
[2025-12-25T04:32:10.946+0000][gc,task     ] GC(814) Using 8 workers of 8 for evacuation
[2025-12-25T04:32:10.976+0000][gc,phases   ] GC(814)   Pre Evacuate Collection Set: 2.0ms
[2025-12-25T04:32:10.976+0000][gc,phases   ] GC(814)   Merge Heap Roots: 0.5ms
[2025-12-25T04:32:10.976+0000][gc,phases   ] GC(814)   Evacuate Collection Set: 25.3ms
[2025-12-25T04:32:10.976+0000][gc,phases   ] GC(814)   Post Evacuate Collection Set: 1.8ms
[2025-12-25T04:32:10.977+0000][gc,phases   ] GC(814)   Other: 0.7ms
[2025-12-25T04:32:10.977+0000][gc,heap     ] GC(814) Eden regions: 606->0(607)
[2025-12-25T04:32:10.977+0000][gc,heap     ] GC(814) Survivor regions: 8->7(66)
[2025-12-25T04:32:10.977+0000][gc,heap     ] GC(814) Old regions: 193->194
[2025-12-25T04:32:10.977+0000][gc,heap     ] GC(814) Humongous regions: 151->151
[2025-12-25T04:32:10.977+0000][gc,metaspace] GC(814) Metaspace: 16259K(16640K)->16259K(16640K) NonClass: 14584K(14720K)->14584K(14720K) Class: 1674K(1920K)->1674K(1920K)
[2025-12-25T04:32:10.978+0000][gc          ] GC(814) Pause Young (Normal) (G1 Evacuation Pause) 957M->350M(1024M) 33.134ms
[2025-12-25T04:32:10.978+0000][gc,cpu      ] GC(814) User=0.17s Sys=0.01s Real=0.03s
[2025-12-25T04:32:41.199+0000][gc,start    ] GC(815) Pause Young (Normal) (G1 Evacuation Pause)
[2025-12-25T04:32:41.199+0000][gc,task     ] GC(815) Using 8 workers of 8 for evacuation
[2025-12-25T04:32:41.221+0000][gc,phases   ] GC(815)   Pre Evacuate Collection Set: 1.1ms
[2025-12-25T04:32:41.221+0000][gc,phases   ] GC(815)   Merge Heap Roots: 0.7ms
[2025-12-25T04:32:41.221+0000][gc,phases   ] GC(815)   Evacuate Collection Set: 18.3ms
[2025-12-25T04:32:41.221+0000][gc,phases   ] GC(815)   Post Evacuate Collection Set: 1.3ms
[2025-12-25T04:32:41.221+0000][gc,phases   ] GC(815)   Other: 0.3ms
[2025-12-25T04:32:41.222+0000][gc,heap     ] GC(815) Eden regions: 607->0(605)
[2025-12-25T04:32:41.222+0000][gc,heap     ] GC(815) Survivor regions: 7->9(65)
[2025-12-25T04:32:41.222+0000][gc,heap     ] GC(815) Old regions: 194->194
[2025-12-25T04:32:41.222+0000][gc,heap     ] GC(815) Humongous regions: 151->151
[2025-12-25T04:32:41.222+0000][gc,metaspace] GC(815) Metaspace: 16259K(16640K)->16259K(16640K) NonClass: 14584K(14720K)->14584K(14720K) Class: 1674K(1920K)->1674K(1920K)
[2025-12-25T04:32:41.222+0000][gc          ] GC(815) Pause Young (Normal) (G1 Evacuation Pause) 957M->352M(1024M) 22.671ms
[2025-12-25T04:32:41.222+0000][gc,cpu      ] GC(815) User=0.13s Sys=0.01s Real=0.03s
[2025-12-25T04:33:11.456+0000][gc,start    ] GC(816) Pause Young (Normal) (G1 Evacuation Pause)
[2025-12-25T04:33:11.456+0000][gc,task     ] GC(816) Using 8 workers of 8 for evacuation
[2025-12-25T04:33:11.479+0000][gc,phases   ] GC(816)   Pre Evacuate Collection Set: 4.5ms
[2025-12-25T04:33:11.479+0000][gc,phases   ] GC(816)   Merge Heap Roots: 0.8ms
[2025-12-25T04:33:11.479+0000][gc,phases   ] GC(816)   Evacuate Collection Set: 15.5ms
[2025-12-25T04:33:11.479+0000][gc,phases   ] GC(816)   Post Evacuate Collection Set: 1.1ms
[2025-12-25T04:33:11.479+0000][gc,phases   ] GC(816)   Other: 1.2ms
[2025-12-25T04:33:11.479+0000][gc,heap     ] GC(816) Eden regions: 605->0(604)
[2025-12-25T04:33:11.480+0000][gc,heap     ] GC(816) Survivor regions: 9->10(65)
[2025-12-25T04:33:11.480+0000][gc,heap     ] GC(816) Old regions: 194->194
[2025-12-25T04:33:11.480+0000][gc,heap     ] GC(816) Humongous regions: 151->151
[2025-12-25T04:33:11.480+0000][gc,metaspace] GC(816) Metaspace: 16259K(16640K)->16259K(16640K) NonClass: 14584K(14720K)->14584K(14720K) Class: 1674K(1920K)->1674K(1920K)
[2025-12-25T04:33:11.480+0000][gc          ] GC(816) Pause Young (Normal) (G1 Evacuation Pause) 957M->354M(1024M) 24.178ms
[2025-12-25T04:33:11.480+0000][gc,cpu      ] GC(816) User=0.13s Sys=0.00s Real=0.03s
[2025-12-25T04:33:51.027+0000][gc,start    ] GC(817) Pause Young (Normal) (G1 Evacuation Pause)
[2025-12-25T04:33:51.028+0000][gc,task     ] GC(817) Using 8 workers of 8 for evacuation
[2025-12-25T04:33:51.048+0000][gc,phases   ] GC(817)   Pre Evacuate Collection Set: 1.0ms
[2025-12-25T04:33:51.048+0000][gc,phases   ] GC(817)   Merge Heap Roots: 0.3ms
[2025-12-25T04:33:51.048+0000][gc,phases   ] GC(817)   Evacuate Collection Set: 16.8ms
[2025-12-25T04:33:51.048+0000][gc,phases   ] GC(817)   Post Evacuate Collection Set: 1.7ms
[2025-12-25T04:33:51.048+0000][gc,phases   ] GC(817)   Other: 0.3ms
[2025-12-25T04:33:51.048+0000][gc,heap     ] GC(817) Eden regions: 604->0(609)
[2025-12-25T04:33:51.048+0000][gc,heap     ] GC(817) Survivor regions: 10->5(65)
[2025-12-25T04:33:51.048+0000][gc,heap     ] GC(817) Old regions: 194->194
[2025-12-25T04:33:51.049+0000][gc,heap     ] GC(817) Humongous regions: 151->151
[2025-12-25T04:33:51.049+0000][gc,metaspace] GC(817) Metaspace: 16259K(16640K)->16259K(16640K) NonClass: 14584K(14720K)->14584K(14720K) Class: 1674K(1920K)->1674K(1920K)
[2025-12-25T04:33:51.049+0000][gc          ] GC(817) Pause Young (Normal) (G1 Evacuation Pause) 958M->349M(1024M) 21.596ms
[2025-12-25T04:33:51.049+0000][gc,cpu      ] GC(817) User=0.11s Sys=0.00s Real=0.02s
[2025-12-25T04:34:21.290+0000][gc,start    ] GC(818) Pause Young (Normal) (G1 Evacuation Pause)
[2025-12-25T04:34:21.290+0000][gc,task     ] GC(818) Using 8 workers of 8 for evacuation
[2025-12-25T04:34:21.315+0000][gc,phases   ] GC(818)   Pre Evacuate Collection Set: 3.3ms
[2025-12-25T04:34:21.315+0000][gc,phases   ] GC(818)   Merge Heap Roots: 0.6ms
[2025-12-25T04:34:21.315+0000][gc,phases   ] GC(818)   Evacuate Collection Set: 16.5ms
[2025-12-25T04:34:21.315+0000][gc,phases   ] GC(818)   Post Evacuate Collection Set: 3.5ms
[2025-12-25T04:34:21.315+0000][gc,phases   ] GC(818)   Other: 0.3ms
[2025-12-25T04:34:21.315+0000][gc,heap     ] GC(818) Eden regions: 609->0(608)
[2025-12-25T04:34:21.315+0000][gc,heap     ] GC(818) Survivor regions: 5->6(65)
[2025-12-25T04:34:21.315+0000][gc,heap     ] GC(818) Old regions: 194->195
[2025-12-25T04:34:21.315+0000][gc,heap     ] GC(818) Humongous regions: 151->151
[2025-12-25T04:34:21.315+0000][gc,metaspace] GC(818) Metaspace: 16259K(16640K)->16259K(16640K) NonClass: 14584K(14720K)->14584K(14720K) Class: 1674K(1920K)->1674K(1920K)
[2025-12-25T04:34:21.315+0000][gc          ] GC(818) Pause Young (Normal) (G1 Evacuation Pause) 958M->351M(1024M) 25.229ms
[2025-12-25T04:34:21.315+0000][gc,cpu      ] GC(818) User=0.14s Sys=0.01s Real=0.02s
[2025-12-25T04:34:51.866+0000][gc,start    ] GC(819) Pause Young (Normal) (G1 Evacuation Pause)
[2025-12-25T04:34:51.866+0000][gc,task     ] GC(819) Using 8 workers of 8 for evacuation
[2025-12-25T04:34:51.891+0000][gc,phases   ] GC(819)   Pre Evacuate Collection Set: 1.7ms
[2025-12-25T04:34:51.891+0000][gc,phases   ] GC(819)   Merge Heap Roots: 0.4ms
[2025-12-25T04:34:51.891+0000][gc,phases   ] GC(819)   Evacuate Collection Set: 21.3ms
[2025-12-25T04:34:51.891+0000][gc,phases   ] GC(819)   Post Evacuate Collection Set: 1.1ms
[2025-12-25T04:34:51.891+0000][gc,phases   ] GC(819)   Other: 0.3ms
[2025-12-25T04:34:51.891+0000][gc,heap     ] GC(819) Eden regions: 608->0(607)
[2025-12-25T04:34:51.891+0000][gc,heap     ] GC(819) Survivor regions: 6->7(64)
[2025-12-25T04:34:51.891+0000][gc,heap     ] GC(819) Old regions: 195->195
[2025-12-25T04:34:51.891+0000][gc,heap     ] GC(819) Humongous regions: 151->151
[2025-12-25T04:34:51.891+0000][gc,metaspace] GC(819) Metaspace: 16259K(16640K)->16259K(16640K) NonClass: 14584K(14720K)->14584K(14720K) Class: 1674K(1920K)->1674K(1920K)
[2025-12-25T04:34:51.892+0000][gc          ] GC(819) Pause Young (Normal) (G1 Evacuation Pause) 959M->352M(1024M) 25.986ms
[2025-12-25T04:34:51.892+0000][gc,cpu      ] GC(819) User=0.17s Sys=0.00s Real=0.03s
[2025-12-25T04:35:31.181+0000][gc,start    ] GC(820) Pause Young (Normal) (G1 Evacuation Pause)
[2025-12-25T04:35:31.181+0000][gc,task     ] GC(820) Using 8 workers of 8 for evacuation
[2025-12-25T04:35:31.201+0000][gc,phases   ] GC(820)   Pre Evacuate Collection Set: 1.6ms
[2025-12-25T04:35:31.201+0000][gc,phases   ] GC(820)   Merge Heap Roots: 0.6ms
[2025-12-25T04:35:31.201+0000][gc,phases   ] GC(820)   Evacuate Collection Set: 16.6ms
[2025-12-25T04:35:31.201+0000][gc,phases   ] GC(820)   Post Evacuate Collection Set: 1.2ms
[2025-12-25T04:35:31.202+0000][gc,phases   ] GC(820)   Other: 0.3ms
[2025-12-25T04:35:31.202+0000][gc,heap     ] GC(820) Eden regions: 607->0(607)
[2025-12-25T04:35:31.202+0000][gc,heap     ] GC(820) Survivor regions: 7->7(64)
[2025-12-25T04:35:31.202+0000][gc,heap     ] GC(820) Old regions: 195->195
[2025-12-25T04:35:31.202+0000][gc,heap     ] GC(820) Humongous regions: 151->151
[2025-12-25T04:35:31.202+0000][gc,metaspace] GC(820) Metaspace: 16259K(16640K)->16259K(16640K) NonClass: 14584K(14720K)->14584K(14720K) Class: 1674K(1920K)->1674K(1920K)
[2025-12-25T04:35:31.202+0000][gc          ] GC(820) Pause Young (Normal) (G1 Evacuation Pause) 959M->352M(1024M) 21.475ms
[2025-12-25T04:35:31.202+0000][gc,cpu      ] GC(820) User=0.14s Sys=0.01s Real=0.02s
[2025-12-25T04:36:01.372+0000][gc,start    ] GC(821) Pause Young (Normal) (G1 Evacuation Pause)
[2025-12-25T04:36:01.374+0000][gc,task     ] GC(821) Using 8 workers of 8 for evacuation
[2025-12-25T04:36:01.388+0000][gc,phases   ] GC(821)   Pre Evacuate Collection Set: 1.1ms
[2025-12-25T04:36:01.388+0000][gc,phases   ] GC(821)   Merge Heap Roots: 0.3ms
[2025-12-25T04:36:01.389+0000][gc,phases   ] GC(821)   Evacuate Collection Set: 11.5ms
[2025-12-25T04:36:01.389+0000][gc,phases   ] GC(821)   Post Evacuate Collection Set: 1.8ms
[2025-12-25T04:36:01.389+0000][gc,phases   ] GC(821)   Other: 0.2ms
[2025-12-25T04:36:01.389+0000][gc,heap     ] GC(821) Eden regions: 607->0(605)
[2025-12-25T04:36:01.389+0000][gc,heap     ] GC(821) Survivor regions: 7->9(64)
[2025-12-25T04:36:01.389+0000][gc,heap     ] GC(821) Old regions: 195->195
[2025-12-25T04:36:01.389+0000][gc,heap     ] GC(821) Humongous regions: 151->151
[2025-12-25T04:36:01.389+0000][gc,metaspace] GC(821) Metaspace: 16259K(16640K)->16259K(16640K) NonClass: 14584K(14720K)->14584K(14720K) Class: 1674K(1920K)->1674K(1920K)
[2025-12-25T04:36:01.389+0000][gc          ] GC(821) Pause Young (Normal) (G1 Evacuation Pause) 959M->354M(1024M) 16.546ms
[2025-12-25T04:36:01.389+0000][gc,cpu      ] GC(821) User=0.10s Sys=0.00s Real=0.01s
[2025-12-25T04:36:40.999+0000][gc,start    ] GC(822) Pause Young (Normal) (G1 Evacuation Pause)
[2025-12-25T04:36:40.999+0000][gc,task     ] GC(822) Using 8 workers of 8 for evacuation
[2025-12-25T04:36:41.021+0000][gc,phases   ] GC(822)   Pre Evacuate Collection Set: 2.9ms
[2025-12-25T04:36:41.021+0000][gc,phases   ] GC(822)   Merge Heap Roots: 1.2ms
[2025-12-25T04:36:41.021+0000][gc,phases   ] GC(822)   Evacuate Collection Set: 15.4ms
[2025-12-25T04:36:41.021+0000][gc,phases   ] GC(822)   Post Evacuate Collection Set: 1.4ms
[2025-12-25T04:36:41.021+0000][gc,phases   ] GC(822)   Other: 0.8ms
[2025-12-25T04:36:41.021+0000][gc,heap     ] GC(822) Eden regions: 605->0(607)
[2025-12-25T04:36:41.021+0000][gc,heap     ] GC(822) Survivor regions: 9->7(64)
[2025-12-25T04:36:41.021+0000][gc,heap     ] GC(822) Old regions: 195->196
[2025-12-25T04:36:41.021+0000][gc,heap     ] GC(822) Humongous regions: 151->151
[2025-12-25T04:36:41.021+0000][gc,metaspace] GC(822) Metaspace: 16259K(16640K)->16259K(16640K) NonClass: 14584K(14720K)->14584K(14720K) Class: 1674K(1920K)->1674K(1920K)
[2025-12-25T04:36:41.021+0000][gc          ] GC(822) Pause Young (Normal) (G1 Evacuation Pause) 959M->353M(1024M) 22.878ms
[2025-12-25T04:36:41.021+0000][gc,cpu      ] GC(822) User=0.14s Sys=0.00s Real=0.03s
[2025-12-25T04:37:11.241+0000][gc,start    ] GC(823) Pause Young (Normal) (G1 Evacuation Pause)
[2025-12-25T04:37:11.242+0000][gc,task     ] GC(823) Using 8 workers of 8 for evacuation
[2025-12-25T04:37:11.261+0000][gc,phases   ] GC(823)   Pre Evacuate Collection Set: 1.2ms
[2025-12-25T04:37:11.261+0000][gc,phases   ] GC(823)   Merge Heap Roots: 0.2ms
[2025-12-25T04:37:11.261+0000][gc,phases   ] GC(823)   Evacuate Collection Set: 15.7ms
[2025-12-25T04:37:11.261+0000][gc,phases   ] GC(823)   Post Evacuate Collection Set: 1.2ms
[2025-12-25T04:37:11.261+0000][gc,phases   ] GC(823)   Other: 0.4ms
[2025-12-25T04:37:11.261+0000][gc,heap     ] GC(823) Eden regions: 607->0(605)
[2025-12-25T04:37:11.261+0000][gc,heap     ] GC(823) Survivor regions: 7->9(63)
[2025-12-25T04:37:11.261+0000][gc,heap     ] GC(823) Old regions: 196->196
[2025-12-25T04:37:11.261+0000][gc,heap     ] GC(823) Humongous regions: 151->151
[2025-12-25T04:37:11.261+0000][gc,metaspace] GC(823) Metaspace: 16259K(16640K)->16259K(16640K) NonClass: 14584K(14720K)->14584K(14720K) Class: 1674K(1920K)->1674K(1920K)
[2025-12-25T04:37:11.261+0000][gc          ] GC(823) Pause Young (Normal) (G1 Evacuation Pause) 960M->355M(1024M) 19.979ms
[2025-12-25T04:37:11.261+0000][gc,cpu      ] GC(823) User=0.14s Sys=0.01s Real=0.02s
[2025-12-25T04:37:41.492+0000][gc,start    ] GC(824) Pause Young (Normal) (G1 Evacuation Pause)
[2025-12-25T04:37:41.493+0000][gc,task     ] GC(824) Using 8 workers of 8 for evacuation
[2025-12-25T04:37:41.504+0000][gc,phases   ] GC(824)   Pre Evacuate Collection Set: 1.1ms
[2025-12-25T04:37:41.504+0000][gc,phases   ] GC(824)   Merge Heap Roots: 0.2ms
[2025-12-25T04:37:41.504+0000][gc,phases   ] GC(824)   Evacuate Collection Set: 8.5ms
[2025-12-25T04:37:41.504+0000][gc,phases   ] GC(824)   Post Evacuate Collection Set: 1.1ms
[2025-12-25T04:37:41.504+0000][gc,phases   ] GC(824)   Other: 0.2ms
[2025-12-25T04:37:41.504+0000][gc,heap     ] GC(824) Eden regions: 605->0(603)
[2025-12-25T04:37:41.504+0000][gc,heap     ] GC(824) Survivor regions: 9->11(63)
[2025-12-25T04:37:41.504+0000][gc,heap     ] GC(824) Old regions: 196->196
[2025-12-25T04:37:41.504+0000][gc,heap     ] GC(824) Humongous regions: 151->151
[2025-12-25T04:37:41.504+0000][gc,metaspace] GC(824) Metaspace: 16259K(16640K)->16259K(16640K) NonClass: 14584K(14720K)->14584K(14720K) Class: 1674K(1920K)->1674K(1920K)
[2025-12-25T04:37:41.504+0000][gc          ] GC(824) Pause Young (Normal) (G1 Evacuation Pause) 960M->357M(1024M) 12.346ms
[2025-12-25T04:37:41.504+0000][gc,cpu      ] GC(824) User=0.07s Sys=0.00s Real=0.01s
[2025-12-25T04:38:21.078+0000][gc,start    ] GC(825) Pause Young (Normal) (G1 Evacuation Pause)
[2025-12-25T04:38:21.079+0000][gc,task     ] GC(825) Using 8 workers of 8 for evacuation
[2025-12-25T04:38:21.096+0000][gc,phases   ] GC(825)   Pre Evacuate Collection Set: 1.1ms
[2025-12-25T04:38:21.096+0000][gc,phases   ] GC(825)   Merge Heap Roots: 0.2ms
[2025-12-25T04:38:21.096+0000][gc,phases   ] GC(825)   Evacuate Collection Set: 14.8ms
[2025-12-25T04:38:21.096+0000][gc,phases   ] GC(825)   Post Evacuate Collection Set: 1.1ms
[2025-12-25T04:38:21.096+0000][gc,phases   ] GC(825)   Other: 0.2ms
[2025-12-25T04:38:21.096+0000][gc,heap     ] GC(825) Eden regions: 603->0(608)
[2025-12-25T04:38:21.096+0000][gc,heap     ] GC(825) Survivor regions: 11->6(63)
[2025-12-25T04:38:21.096+0000][gc,heap     ] GC(825) Old regions: 196->196
[2025-12-25T04:38:21.096+0000][gc,heap     ] GC(825) Humongous regions: 151->151
[2025-12-25T04:38:21.096+0000][gc,metaspace] GC(825) Metaspace: 16259K(16640K)->16259K(16640K) NonClass: 14584K(14720K)->14584K(14720K) Class: 1674K(1920K)->1674K(1920K)
[2025-12-25T04:38:21.097+0000][gc          ] GC(825) Pause Young (Normal) (G1 Evacuation Pause) 960M->351M(1024M) 18.441ms
[2025-12-25T04:38:21.097+0000][gc,cpu      ] GC(825) User=0.12s Sys=0.00s Real=0.02s
[2025-12-25T04:38:51.300+0000][gc,start    ] GC(826) Pause Young (Normal) (G1 Evacuation Pause)
[2025-12-25T04:38:51.301+0000][gc,task     ] GC(826) Using 8 workers of 8 for evacuation
[2025-12-25T04:38:51.317+0000][gc,phases   ] GC(826)   Pre Evacuate Collection Set: 1.5ms
[2025-12-25T04:38:51.317+0000][gc,phases   ] GC(826)   Merge Heap Roots: 0.7ms
[2025-12-25T04:38:51.317+0000][gc,phases   ] GC(826)   Evacuate Collection Set: 12.5ms
[2025-12-25T04:38:51.317+0000][gc,phases   ] GC(826)   Post Evacuate Collection Set: 1.1ms
[2025-12-25T04:38:51.317+0000][gc,phases   ] GC(826)   Other: 0.2ms
[2025-12-25T04:38:51.317+0000][gc,heap     ] GC(826) Eden regions: 608->0(607)
[2025-12-25T04:38:51.317+0000][gc,heap     ] GC(826) Survivor regions: 6->7(63)
[2025-12-25T04:38:51.317+0000][gc,heap     ] GC(826) Old regions: 196->196
[2025-12-25T04:38:51.317+0000][gc,heap     ] GC(826) Humongous regions: 151->151
[2025-12-25T04:38:51.317+0000][gc,metaspace] GC(826) Metaspace: 16259K(16640K)->16259K(16640K) NonClass: 14584K(14720K)->14584K(14720K) Class: 1674K(1920K)->1674K(1920K)
[2025-12-25T04:38:51.317+0000][gc          ] GC(826) Pause Young (Normal) (G1 Evacuation Pause) 959M->353M(1024M) 16.960ms
[2025-12-25T04:38:51.317+0000][gc,cpu      ] GC(826) User=0.10s Sys=0.01s Real=0.02s
[2025-12-25T04:39:30.961+0000][gc,start    ] GC(827) Pause Young (Normal) (G1 Evacuation Pause)
[2025-12-25T04:39:30.962+0000][gc,task     ] GC(827) Using 8 workers of 8 for evacuation
[2025-12-25T04:39:31.014+0000][gc,phases   ] GC(827)   Pre Evacuate Collection Set: 5.4ms
[2025-12-25T04:39:31.015+0000][gc,phases   ] GC(827)   Merge Heap Roots: 2.9ms
[2025-12-25T04:39:31.015+0000][gc,phases   ] GC(827)   Evacuate Collection Set: 29.0ms
[2025-12-25T04:39:31.015+0000][gc,phases   ] GC(827)   Post Evacuate Collection Set: 10.8ms
[2025-12-25T04:39:31.017+0000][gc,phases   ] GC(827)   Other: 0.8ms
[2025-12-25T04:39:31.017+0000][gc,heap     ] GC(827) Eden regions: 607->0(608)
[2025-12-25T04:39:31.017+0000][gc,heap     ] GC(827) Survivor regions: 7->6(63)
[2025-12-25T04:39:31.017+0000][gc,heap     ] GC(827) Old regions: 196->197
[2025-12-25T04:39:31.020+0000][gc,heap     ] GC(827) Humongous regions: 151->151
[2025-12-25T04:39:31.020+0000][gc,metaspace] GC(827) Metaspace: 16259K(16640K)->16259K(16640K) NonClass: 14584K(14720K)->14584K(14720K) Class: 1674K(1920K)->1674K(1920K)
[2025-12-25T04:39:31.023+0000][gc          ] GC(827) Pause Young (Normal) (G1 Evacuation Pause) 960M->352M(1024M) 61.091ms
[2025-12-25T04:39:31.025+0000][gc,cpu      ] GC(827) User=0.23s Sys=0.01s Real=0.06s
[2025-12-25T04:40:01.179+0000][gc,start    ] GC(828) Pause Young (Normal) (G1 Evacuation Pause)
[2025-12-25T04:40:01.180+0000][gc,task     ] GC(828) Using 8 workers of 8 for evacuation
[2025-12-25T04:40:01.201+0000][gc,phases   ] GC(828)   Pre Evacuate Collection Set: 1.3ms
[2025-12-25T04:40:01.201+0000][gc,phases   ] GC(828)   Merge Heap Roots: 0.2ms
[2025-12-25T04:40:01.201+0000][gc,phases   ] GC(828)   Evacuate Collection Set: 18.4ms
[2025-12-25T04:40:01.201+0000][gc,phases   ] GC(828)   Post Evacuate Collection Set: 1.0ms
[2025-12-25T04:40:01.201+0000][gc,phases   ] GC(828)   Other: 0.3ms
[2025-12-25T04:40:01.201+0000][gc,heap     ] GC(828) Eden regions: 608->0(606)
[2025-12-25T04:40:01.201+0000][gc,heap     ] GC(828) Survivor regions: 6->8(62)
[2025-12-25T04:40:01.201+0000][gc,heap     ] GC(828) Old regions: 197->197
[2025-12-25T04:40:01.201+0000][gc,heap     ] GC(828) Humongous regions: 151->151
[2025-12-25T04:40:01.201+0000][gc,metaspace] GC(828) Metaspace: 16259K(16640K)->16259K(16640K) NonClass: 14585K(14720K)->14585K(14720K) Class: 1674K(1920K)->1674K(1920K)
[2025-12-25T04:40:01.201+0000][gc          ] GC(828) Pause Young (Normal) (G1 Evacuation Pause) 960M->354M(1024M) 22.271ms
[2025-12-25T04:40:01.201+0000][gc,cpu      ] GC(828) User=0.15s Sys=0.00s Real=0.03s
[2025-12-25T04:40:31.522+0000][gc,start    ] GC(829) Pause Young (Normal) (G1 Evacuation Pause)
[2025-12-25T04:40:31.523+0000][gc,task     ] GC(829) Using 8 workers of 8 for evacuation
[2025-12-25T04:40:31.580+0000][gc,phases   ] GC(829)   Pre Evacuate Collection Set: 1.2ms
[2025-12-25T04:40:31.580+0000][gc,phases   ] GC(829)   Merge Heap Roots: 0.3ms
[2025-12-25T04:40:31.580+0000][gc,phases   ] GC(829)   Evacuate Collection Set: 52.8ms
[2025-12-25T04:40:31.581+0000][gc,phases   ] GC(829)   Post Evacuate Collection Set: 2.5ms
[2025-12-25T04:40:31.581+0000][gc,phases   ] GC(829)   Other: 0.2ms
[2025-12-25T04:40:31.581+0000][gc,heap     ] GC(829) Eden regions: 606->0(605)
[2025-12-25T04:40:31.581+0000][gc,heap     ] GC(829) Survivor regions: 8->9(62)
[2025-12-25T04:40:31.581+0000][gc,heap     ] GC(829) Old regions: 197->197
[2025-12-25T04:40:31.581+0000][gc,heap     ] GC(829) Humongous regions: 151->151
[2025-12-25T04:40:31.581+0000][gc,metaspace] GC(829) Metaspace: 16259K(16640K)->16259K(16640K) NonClass: 14585K(14720K)->14585K(14720K) Class: 1674K(1920K)->1674K(1920K)
[2025-12-25T04:40:31.581+0000][gc          ] GC(829) Pause Young (Normal) (G1 Evacuation Pause) 960M->356M(1024M) 59.126ms
[2025-12-25T04:40:31.582+0000][gc,cpu      ] GC(829) User=0.35s Sys=0.01s Real=0.06s
[2025-12-25T04:41:11.063+0000][gc,start    ] GC(830) Pause Young (Normal) (G1 Evacuation Pause)
[2025-12-25T04:41:11.064+0000][gc,task     ] GC(830) Using 8 workers of 8 for evacuation
[2025-12-25T04:41:11.089+0000][gc,phases   ] GC(830)   Pre Evacuate Collection Set: 1.1ms
[2025-12-25T04:41:11.090+0000][gc,phases   ] GC(830)   Merge Heap Roots: 0.3ms
[2025-12-25T04:41:11.090+0000][gc,phases   ] GC(830)   Evacuate Collection Set: 22.4ms
[2025-12-25T04:41:11.090+0000][gc,phases   ] GC(830)   Post Evacuate Collection Set: 1.5ms
[2025-12-25T04:41:11.090+0000][gc,phases   ] GC(830)   Other: 0.3ms
[2025-12-25T04:41:11.090+0000][gc,heap     ] GC(830) Eden regions: 605->0(605)
[2025-12-25T04:41:11.090+0000][gc,heap     ] GC(830) Survivor regions: 9->9(62)
[2025-12-25T04:41:11.090+0000][gc,heap     ] GC(830) Old regions: 197->197
[2025-12-25T04:41:11.090+0000][gc,heap     ] GC(830) Humongous regions: 151->151
[2025-12-25T04:41:11.090+0000][gc,metaspace] GC(830) Metaspace: 16259K(16640K)->16259K(16640K) NonClass: 14585K(14720K)->14585K(14720K) Class: 1674K(1920K)->1674K(1920K)
[2025-12-25T04:41:11.090+0000][gc          ] GC(830) Pause Young (Normal) (G1 Evacuation Pause) 961M->356M(1024M) 26.610ms
[2025-12-25T04:41:11.090+0000][gc,cpu      ] GC(830) User=0.14s Sys=0.00s Real=0.03s
[2025-12-25T04:41:41.373+0000][gc,start    ] GC(831) Pause Young (Normal) (G1 Evacuation Pause)
[2025-12-25T04:41:41.374+0000][gc,task     ] GC(831) Using 8 workers of 8 for evacuation
[2025-12-25T04:41:41.390+0000][gc,phases   ] GC(831)   Pre Evacuate Collection Set: 1.2ms
[2025-12-25T04:41:41.390+0000][gc,phases   ] GC(831)   Merge Heap Roots: 0.3ms
[2025-12-25T04:41:41.390+0000][gc,phases   ] GC(831)   Evacuate Collection Set: 12.5ms
[2025-12-25T04:41:41.390+0000][gc,phases   ] GC(831)   Post Evacuate Collection Set: 1.1ms
[2025-12-25T04:41:41.390+0000][gc,phases   ] GC(831)   Other: 0.4ms
[2025-12-25T04:41:41.390+0000][gc,heap     ] GC(831) Eden regions: 605->0(603)
[2025-12-25T04:41:41.390+0000][gc,heap     ] GC(831) Survivor regions: 9->10(62)
[2025-12-25T04:41:41.390+0000][gc,heap     ] GC(831) Old regions: 197->198
[2025-12-25T04:41:41.390+0000][gc,heap     ] GC(831) Humongous regions: 151->151
[2025-12-25T04:41:41.390+0000][gc,metaspace] GC(831) Metaspace: 16259K(16640K)->16259K(16640K) NonClass: 14585K(14720K)->14585K(14720K) Class: 1674K(1920K)->1674K(1920K)
[2025-12-25T04:41:41.391+0000][gc          ] GC(831) Pause Young (Normal) (G1 Evacuation Pause) 961M->357M(1024M) 17.292ms
[2025-12-25T04:41:41.391+0000][gc,cpu      ] GC(831) User=0.10s Sys=0.00s Real=0.01s
[2025-12-25T04:42:11.558+0000][gc,start    ] GC(832) Pause Young (Normal) (G1 Evacuation Pause)
[2025-12-25T04:42:11.558+0000][gc,task     ] GC(832) Using 8 workers of 8 for evacuation
[2025-12-25T04:42:11.578+0000][gc,phases   ] GC(832)   Pre Evacuate Collection Set: 3.9ms
[2025-12-25T04:42:11.578+0000][gc,phases   ] GC(832)   Merge Heap Roots: 1.0ms
[2025-12-25T04:42:11.578+0000][gc,phases   ] GC(832)   Evacuate Collection Set: 13.6ms
[2025-12-25T04:42:11.578+0000][gc,phases   ] GC(832)   Post Evacuate Collection Set: 1.1ms
[2025-12-25T04:42:11.578+0000][gc,phases   ] GC(832)   Other: 0.2ms
[2025-12-25T04:42:11.578+0000][gc,heap     ] GC(832) Eden regions: 603->0(608)
[2025-12-25T04:42:11.578+0000][gc,heap     ] GC(832) Survivor regions: 10->6(62)
[2025-12-25T04:42:11.579+0000][gc,heap     ] GC(832) Old regions: 198->198
[2025-12-25T04:42:11.579+0000][gc,heap     ] GC(832) Humongous regions: 151->151
[2025-12-25T04:42:11.579+0000][gc,metaspace] GC(832) Metaspace: 16259K(16640K)->16259K(16640K) NonClass: 14585K(14720K)->14585K(14720K) Class: 1674K(1920K)->1674K(1920K)
[2025-12-25T04:42:11.579+0000][gc          ] GC(832) Pause Young (Normal) (G1 Evacuation Pause) 960M->354M(1024M) 20.773ms
[2025-12-25T04:42:11.579+0000][gc,cpu      ] GC(832) User=0.13s Sys=0.01s Real=0.02s
[2025-12-25T04:42:51.358+0000][gc,start    ] GC(833) Pause Young (Normal) (G1 Evacuation Pause)
[2025-12-25T04:42:51.359+0000][gc,task     ] GC(833) Using 8 workers of 8 for evacuation
[2025-12-25T04:42:51.387+0000][gc,phases   ] GC(833)   Pre Evacuate Collection Set: 3.6ms
[2025-12-25T04:42:51.387+0000][gc,phases   ] GC(833)   Merge Heap Roots: 0.7ms
[2025-12-25T04:42:51.387+0000][gc,phases   ] GC(833)   Evacuate Collection Set: 21.1ms
[2025-12-25T04:42:51.388+0000][gc,phases   ] GC(833)   Post Evacuate Collection Set: 2.0ms
[2025-12-25T04:42:51.388+0000][gc,phases   ] GC(833)   Other: 0.8ms
[2025-12-25T04:42:51.388+0000][gc,heap     ] GC(833) Eden regions: 608->0(608)
[2025-12-25T04:42:51.388+0000][gc,heap     ] GC(833) Survivor regions: 6->6(61)
[2025-12-25T04:42:51.388+0000][gc,heap     ] GC(833) Old regions: 198->198
[2025-12-25T04:42:51.388+0000][gc,heap     ] GC(833) Humongous regions: 151->151
[2025-12-25T04:42:51.388+0000][gc,metaspace] GC(833) Metaspace: 16259K(16640K)->16259K(16640K) NonClass: 14585K(14720K)->14585K(14720K) Class: 1674K(1920K)->1674K(1920K)
[2025-12-25T04:42:51.388+0000][gc          ] GC(833) Pause Young (Normal) (G1 Evacuation Pause) 962M->353M(1024M) 30.496ms
[2025-12-25T04:42:51.388+0000][gc,cpu      ] GC(833) User=0.16s Sys=0.01s Real=0.03s
[2025-12-25T04:43:21.356+0000][gc,start    ] GC(834) Pause Young (Normal) (G1 Evacuation Pause)
[2025-12-25T04:43:21.357+0000][gc,task     ] GC(834) Using 8 workers of 8 for evacuation
[2025-12-25T04:43:21.368+0000][gc,phases   ] GC(834)   Pre Evacuate Collection Set: 1.2ms
[2025-12-25T04:43:21.368+0000][gc,phases   ] GC(834)   Merge Heap Roots: 0.3ms
[2025-12-25T04:43:21.368+0000][gc,phases   ] GC(834)   Evacuate Collection Set: 8.6ms
[2025-12-25T04:43:21.368+0000][gc,phases   ] GC(834)   Post Evacuate Collection Set: 1.1ms
[2025-12-25T04:43:21.368+0000][gc,phases   ] GC(834)   Other: 0.2ms
[2025-12-25T04:43:21.368+0000][gc,heap     ] GC(834) Eden regions: 608->0(606)
[2025-12-25T04:43:21.368+0000][gc,heap     ] GC(834) Survivor regions: 6->8(61)
[2025-12-25T04:43:21.368+0000][gc,heap     ] GC(834) Old regions: 198->198
[2025-12-25T04:43:21.368+0000][gc,heap     ] GC(834) Humongous regions: 151->151
[2025-12-25T04:43:21.369+0000][gc,metaspace] GC(834) Metaspace: 16259K(16640K)->16259K(16640K) NonClass: 14585K(14720K)->14585K(14720K) Class: 1674K(1920K)->1674K(1920K)
[2025-12-25T04:43:21.369+0000][gc          ] GC(834) Pause Young (Normal) (G1 Evacuation Pause) 961M->356M(1024M) 12.615ms
[2025-12-25T04:43:21.369+0000][gc,cpu      ] GC(834) User=0.07s Sys=0.00s Real=0.01s
[2025-12-25T04:44:00.986+0000][gc,start    ] GC(835) Pause Young (Normal) (G1 Evacuation Pause)
[2025-12-25T04:44:00.986+0000][gc,task     ] GC(835) Using 8 workers of 8 for evacuation
[2025-12-25T04:44:00.998+0000][gc,phases   ] GC(835)   Pre Evacuate Collection Set: 1.1ms
[2025-12-25T04:44:00.999+0000][gc,phases   ] GC(835)   Merge Heap Roots: 0.3ms
[2025-12-25T04:44:00.999+0000][gc,phases   ] GC(835)   Evacuate Collection Set: 6.9ms
[2025-12-25T04:44:00.999+0000][gc,phases   ] GC(835)   Post Evacuate Collection Set: 3.3ms
[2025-12-25T04:44:00.999+0000][gc,phases   ] GC(835)   Other: 0.2ms
[2025-12-25T04:44:00.999+0000][gc,heap     ] GC(835) Eden regions: 606->0(607)
[2025-12-25T04:44:00.999+0000][gc,heap     ] GC(835) Survivor regions: 8->7(61)
[2025-12-25T04:44:00.999+0000][gc,heap     ] GC(835) Old regions: 198->199
[2025-12-25T04:44:00.999+0000][gc,heap     ] GC(835) Humongous regions: 151->151
[2025-12-25T04:44:00.999+0000][gc,metaspace] GC(835) Metaspace: 16259K(16640K)->16259K(16640K) NonClass: 14585K(14720K)->14585K(14720K) Class: 1674K(1920K)->1674K(1920K)
[2025-12-25T04:44:00.999+0000][gc          ] GC(835) Pause Young (Normal) (G1 Evacuation Pause) 962M->355M(1024M) 13.489ms
[2025-12-25T04:44:01.000+0000][gc,cpu      ] GC(835) User=0.07s Sys=0.01s Real=0.01s
[2025-12-25T04:44:31.440+0000][gc,start    ] GC(836) Pause Young (Normal) (G1 Evacuation Pause)
[2025-12-25T04:44:31.441+0000][gc,task     ] GC(836) Using 8 workers of 8 for evacuation
[2025-12-25T04:44:31.461+0000][gc,phases   ] GC(836)   Pre Evacuate Collection Set: 1.2ms
[2025-12-25T04:44:31.461+0000][gc,phases   ] GC(836)   Merge Heap Roots: 0.3ms
[2025-12-25T04:44:31.461+0000][gc,phases   ] GC(836)   Evacuate Collection Set: 16.6ms
[2025-12-25T04:44:31.461+0000][gc,phases   ] GC(836)   Post Evacuate Collection Set: 1.3ms
[2025-12-25T04:44:31.461+0000][gc,phases   ] GC(836)   Other: 0.3ms
[2025-12-25T04:44:31.461+0000][gc,heap     ] GC(836) Eden regions: 607->0(606)
[2025-12-25T04:44:31.461+0000][gc,heap     ] GC(836) Survivor regions: 7->8(60)
[2025-12-25T04:44:31.461+0000][gc,heap     ] GC(836) Old regions: 199->199
[2025-12-25T04:44:31.461+0000][gc,heap     ] GC(836) Humongous regions: 151->151
[2025-12-25T04:44:31.461+0000][gc,metaspace] GC(836) Metaspace: 16259K(16640K)->16259K(16640K) NonClass: 14585K(14720K)->14585K(14720K) Class: 1674K(1920K)->1674K(1920K)
[2025-12-25T04:44:31.461+0000][gc          ] GC(836) Pause Young (Normal) (G1 Evacuation Pause) 962M->357M(1024M) 21.102ms
[2025-12-25T04:44:31.462+0000][gc,cpu      ] GC(836) User=0.14s Sys=0.00s Real=0.02s
[2025-12-25T04:45:01.428+0000][gc,start    ] GC(837) Pause Young (Normal) (G1 Evacuation Pause)
[2025-12-25T04:45:01.428+0000][gc,task     ] GC(837) Using 8 workers of 8 for evacuation
[2025-12-25T04:45:01.451+0000][gc,phases   ] GC(837)   Pre Evacuate Collection Set: 4.0ms
[2025-12-25T04:45:01.451+0000][gc,phases   ] GC(837)   Merge Heap Roots: 1.0ms
[2025-12-25T04:45:01.451+0000][gc,phases   ] GC(837)   Evacuate Collection Set: 12.1ms
[2025-12-25T04:45:01.451+0000][gc,phases   ] GC(837)   Post Evacuate Collection Set: 4.3ms
[2025-12-25T04:45:01.451+0000][gc,phases   ] GC(837)   Other: 0.7ms
[2025-12-25T04:45:01.451+0000][gc,heap     ] GC(837) Eden regions: 606->0(602)
[2025-12-25T04:45:01.451+0000][gc,heap     ] GC(837) Survivor regions: 8->10(60)
[2025-12-25T04:45:01.451+0000][gc,heap     ] GC(837) Old regions: 199->199
[2025-12-25T04:45:01.451+0000][gc,heap     ] GC(837) Humongous regions: 151->151
[2025-12-25T04:45:01.451+0000][gc,metaspace] GC(837) Metaspace: 16259K(16640K)->16259K(16640K) NonClass: 14585K(14720K)->14585K(14720K) Class: 1674K(1920K)->1674K(1920K)
[2025-12-25T04:45:01.451+0000][gc          ] GC(837) Pause Young (Normal) (G1 Evacuation Pause) 963M->358M(1024M) 23.555ms
[2025-12-25T04:45:01.451+0000][gc,cpu      ] GC(837) User=0.13s Sys=0.00s Real=0.03s
[2025-12-25T04:45:41.096+0000][gc,start    ] GC(838) Pause Young (Normal) (G1 Evacuation Pause)
[2025-12-25T04:45:41.096+0000][gc,task     ] GC(838) Using 8 workers of 8 for evacuation
[2025-12-25T04:45:41.116+0000][gc,phases   ] GC(838)   Pre Evacuate Collection Set: 1.0ms
[2025-12-25T04:45:41.116+0000][gc,phases   ] GC(838)   Merge Heap Roots: 0.2ms
[2025-12-25T04:45:41.116+0000][gc,phases   ] GC(838)   Evacuate Collection Set: 17.7ms
[2025-12-25T04:45:41.116+0000][gc,phases   ] GC(838)   Post Evacuate Collection Set: 1.1ms
[2025-12-25T04:45:41.116+0000][gc,phases   ] GC(838)   Other: 0.2ms
[2025-12-25T04:45:41.117+0000][gc,heap     ] GC(838) Eden regions: 602->0(604)
[2025-12-25T04:45:41.117+0000][gc,heap     ] GC(838) Survivor regions: 10->9(62)
[2025-12-25T04:45:41.117+0000][gc,heap     ] GC(838) Old regions: 199->199
[2025-12-25T04:45:41.117+0000][gc,heap     ] GC(838) Humongous regions: 151->151
[2025-12-25T04:45:41.117+0000][gc,metaspace] GC(838) Metaspace: 16259K(16640K)->16259K(16640K) NonClass: 14585K(14720K)->14585K(14720K) Class: 1674K(1920K)->1674K(1920K)
[2025-12-25T04:45:41.117+0000][gc          ] GC(838) Pause Young (Normal) (G1 Evacuation Pause) 960M->358M(1024M) 21.148ms
[2025-12-25T04:45:41.117+0000][gc,cpu      ] GC(838) User=0.13s Sys=0.00s Real=0.02s
[2025-12-25T04:46:11.289+0000][gc,start    ] GC(839) Pause Young (Normal) (G1 Evacuation Pause)
[2025-12-25T04:46:11.290+0000][gc,task     ] GC(839) Using 8 workers of 8 for evacuation
[2025-12-25T04:46:11.308+0000][gc,phases   ] GC(839)   Pre Evacuate Collection Set: 3.2ms
[2025-12-25T04:46:11.308+0000][gc,phases   ] GC(839)   Merge Heap Roots: 1.3ms
[2025-12-25T04:46:11.308+0000][gc,phases   ] GC(839)   Evacuate Collection Set: 12.5ms
[2025-12-25T04:46:11.308+0000][gc,phases   ] GC(839)   Post Evacuate Collection Set: 0.9ms
[2025-12-25T04:46:11.308+0000][gc,phases   ] GC(839)   Other: 0.3ms
[2025-12-25T04:46:11.308+0000][gc,heap     ] GC(839) Eden regions: 604->0(602)
[2025-12-25T04:46:11.308+0000][gc,heap     ] GC(839) Survivor regions: 9->10(61)
[2025-12-25T04:46:11.308+0000][gc,heap     ] GC(839) Old regions: 199->199
[2025-12-25T04:46:11.308+0000][gc,heap     ] GC(839) Humongous regions: 151->151
[2025-12-25T04:46:11.308+0000][gc,metaspace] GC(839) Metaspace: 16259K(16640K)->16259K(16640K) NonClass: 14585K(14720K)->14585K(14720K) Class: 1674K(1920K)->1674K(1920K)
[2025-12-25T04:46:11.308+0000][gc          ] GC(839) Pause Young (Normal) (G1 Evacuation Pause) 962M->359M(1024M) 19.234ms
[2025-12-25T04:46:11.309+0000][gc,cpu      ] GC(839) User=0.12s Sys=0.00s Real=0.02s
[2025-12-25T04:46:43.020+0000][gc,start    ] GC(840) Pause Young (Normal) (G1 Evacuation Pause)
[2025-12-25T04:46:43.021+0000][gc,task     ] GC(840) Using 8 workers of 8 for evacuation
[2025-12-25T04:46:43.036+0000][gc,phases   ] GC(840)   Pre Evacuate Collection Set: 2.4ms
[2025-12-25T04:46:43.036+0000][gc,phases   ] GC(840)   Merge Heap Roots: 0.4ms
[2025-12-25T04:46:43.036+0000][gc,phases   ] GC(840)   Evacuate Collection Set: 10.0ms
[2025-12-25T04:46:43.036+0000][gc,phases   ] GC(840)   Post Evacuate Collection Set: 1.7ms
[2025-12-25T04:46:43.036+0000][gc,phases   ] GC(840)   Other: 0.4ms
[2025-12-25T04:46:43.036+0000][gc,heap     ] GC(840) Eden regions: 602->0(609)
[2025-12-25T04:46:43.036+0000][gc,heap     ] GC(840) Survivor regions: 10->5(62)
[2025-12-25T04:46:43.036+0000][gc,heap     ] GC(840) Old regions: 199->200
[2025-12-25T04:46:43.037+0000][gc,heap     ] GC(840) Humongous regions: 151->151
[2025-12-25T04:46:43.037+0000][gc,metaspace] GC(840) Metaspace: 16259K(16640K)->16259K(16640K) NonClass: 14585K(14720K)->14585K(14720K) Class: 1674K(1920K)->1674K(1920K)
[2025-12-25T04:46:43.037+0000][gc          ] GC(840) Pause Young (Normal) (G1 Evacuation Pause) 961M->354M(1024M) 17.456ms
[2025-12-25T04:46:43.038+0000][gc,cpu      ] GC(840) User=0.07s Sys=0.01s Real=0.02s
[2025-12-25T04:47:21.124+0000][gc,start    ] GC(841) Pause Young (Normal) (G1 Evacuation Pause)
[2025-12-25T04:47:21.125+0000][gc,task     ] GC(841) Using 8 workers of 8 for evacuation
[2025-12-25T04:47:21.142+0000][gc,phases   ] GC(841)   Pre Evacuate Collection Set: 1.1ms
[2025-12-25T04:47:21.143+0000][gc,phases   ] GC(841)   Merge Heap Roots: 0.3ms
[2025-12-25T04:47:21.143+0000][gc,phases   ] GC(841)   Evacuate Collection Set: 15.1ms
[2025-12-25T04:47:21.143+0000][gc,phases   ] GC(841)   Post Evacuate Collection Set: 1.1ms
[2025-12-25T04:47:21.143+0000][gc,phases   ] GC(841)   Other: 0.2ms
[2025-12-25T04:47:21.143+0000][gc,heap     ] GC(841) Eden regions: 609->0(608)
[2025-12-25T04:47:21.143+0000][gc,heap     ] GC(841) Survivor regions: 5->6(59)
[2025-12-25T04:47:21.143+0000][gc,heap     ] GC(841) Old regions: 200->200
[2025-12-25T04:47:21.143+0000][gc,heap     ] GC(841) Humongous regions: 151->151
[2025-12-25T04:47:21.143+0000][gc,metaspace] GC(841) Metaspace: 16259K(16640K)->16259K(16640K) NonClass: 14585K(14720K)->14585K(14720K) Class: 1674K(1920K)->1674K(1920K)
[2025-12-25T04:47:21.143+0000][gc          ] GC(841) Pause Young (Normal) (G1 Evacuation Pause) 963M->356M(1024M) 18.953ms
[2025-12-25T04:47:21.143+0000][gc,cpu      ] GC(841) User=0.12s Sys=0.01s Real=0.02s
[2025-12-25T04:47:51.291+0000][gc,start    ] GC(842) Pause Young (Normal) (G1 Evacuation Pause)
[2025-12-25T04:47:51.291+0000][gc,task     ] GC(842) Using 8 workers of 8 for evacuation
[2025-12-25T04:47:51.308+0000][gc,phases   ] GC(842)   Pre Evacuate Collection Set: 1.1ms
[2025-12-25T04:47:51.308+0000][gc,phases   ] GC(842)   Merge Heap Roots: 0.8ms
[2025-12-25T04:47:51.308+0000][gc,phases   ] GC(842)   Evacuate Collection Set: 13.6ms
[2025-12-25T04:47:51.309+0000][gc,phases   ] GC(842)   Post Evacuate Collection Set: 1.2ms
[2025-12-25T04:47:51.309+0000][gc,phases   ] GC(842)   Other: 0.4ms
[2025-12-25T04:47:51.309+0000][gc,heap     ] GC(842) Eden regions: 608->0(605)
[2025-12-25T04:47:51.309+0000][gc,heap     ] GC(842) Survivor regions: 6->8(59)
[2025-12-25T04:47:51.309+0000][gc,heap     ] GC(842) Old regions: 200->200
[2025-12-25T04:47:51.309+0000][gc,heap     ] GC(842) Humongous regions: 151->151
[2025-12-25T04:47:51.309+0000][gc,metaspace] GC(842) Metaspace: 16259K(16640K)->16259K(16640K) NonClass: 14585K(14720K)->14585K(14720K) Class: 1674K(1920K)->1674K(1920K)
[2025-12-25T04:47:51.309+0000][gc          ] GC(842) Pause Young (Normal) (G1 Evacuation Pause) 964M->357M(1024M) 18.353ms
[2025-12-25T04:47:51.309+0000][gc,cpu      ] GC(842) User=0.12s Sys=0.00s Real=0.02s
[2025-12-25T04:48:31.030+0000][gc,start    ] GC(843) Pause Young (Normal) (G1 Evacuation Pause)
[2025-12-25T04:48:31.031+0000][gc,task     ] GC(843) Using 8 workers of 8 for evacuation
[2025-12-25T04:48:31.054+0000][gc,phases   ] GC(843)   Pre Evacuate Collection Set: 1.1ms
[2025-12-25T04:48:31.054+0000][gc,phases   ] GC(843)   Merge Heap Roots: 0.3ms
[2025-12-25T04:48:31.054+0000][gc,phases   ] GC(843)   Evacuate Collection Set: 20.8ms
[2025-12-25T04:48:31.054+0000][gc,phases   ] GC(843)   Post Evacuate Collection Set: 1.0ms
[2025-12-25T04:48:31.054+0000][gc,phases   ] GC(843)   Other: 0.2ms
[2025-12-25T04:48:31.055+0000][gc,heap     ] GC(843) Eden regions: 605->0(607)
[2025-12-25T04:48:31.055+0000][gc,heap     ] GC(843) Survivor regions: 8->7(60)
[2025-12-25T04:48:31.055+0000][gc,heap     ] GC(843) Old regions: 200->200
[2025-12-25T04:48:31.055+0000][gc,heap     ] GC(843) Humongous regions: 151->151
[2025-12-25T04:48:31.055+0000][gc,metaspace] GC(843) Metaspace: 16259K(16640K)->16259K(16640K) NonClass: 14585K(14720K)->14585K(14720K) Class: 1674K(1920K)->1674K(1920K)
[2025-12-25T04:48:31.055+0000][gc          ] GC(843) Pause Young (Normal) (G1 Evacuation Pause) 962M->357M(1024M) 24.590ms
[2025-12-25T04:48:31.055+0000][gc,cpu      ] GC(843) User=0.15s Sys=0.02s Real=0.03s
[2025-12-25T04:49:01.273+0000][gc,start    ] GC(844) Pause Young (Normal) (G1 Evacuation Pause)
[2025-12-25T04:49:01.274+0000][gc,task     ] GC(844) Using 8 workers of 8 for evacuation
[2025-12-25T04:49:01.298+0000][gc,phases   ] GC(844)   Pre Evacuate Collection Set: 1.1ms
[2025-12-25T04:49:01.298+0000][gc,phases   ] GC(844)   Merge Heap Roots: 0.3ms
[2025-12-25T04:49:01.298+0000][gc,phases   ] GC(844)   Evacuate Collection Set: 21.7ms
[2025-12-25T04:49:01.298+0000][gc,phases   ] GC(844)   Post Evacuate Collection Set: 1.1ms
[2025-12-25T04:49:01.298+0000][gc,phases   ] GC(844)   Other: 0.4ms
[2025-12-25T04:49:01.298+0000][gc,heap     ] GC(844) Eden regions: 607->0(600)
[2025-12-25T04:49:01.298+0000][gc,heap     ] GC(844) Survivor regions: 7->10(59)
[2025-12-25T04:49:01.298+0000][gc,heap     ] GC(844) Old regions: 200->201
[2025-12-25T04:49:01.299+0000][gc,heap     ] GC(844) Humongous regions: 151->151
[2025-12-25T04:49:01.299+0000][gc,metaspace] GC(844) Metaspace: 16261K(16640K)->16261K(16640K) NonClass: 14587K(14720K)->14587K(14720K) Class: 1674K(1920K)->1674K(1920K)
[2025-12-25T04:49:01.299+0000][gc          ] GC(844) Pause Young (Normal) (G1 Evacuation Pause) 964M->360M(1024M) 25.508ms
[2025-12-25T04:49:01.299+0000][gc,cpu      ] GC(844) User=0.17s Sys=0.01s Real=0.02s
[2025-12-25T04:49:31.449+0000][gc,start    ] GC(845) Pause Young (Normal) (G1 Evacuation Pause)
[2025-12-25T04:49:31.449+0000][gc,task     ] GC(845) Using 8 workers of 8 for evacuation
[2025-12-25T04:49:31.465+0000][gc,phases   ] GC(845)   Pre Evacuate Collection Set: 1.1ms
[2025-12-25T04:49:31.465+0000][gc,phases   ] GC(845)   Merge Heap Roots: 0.3ms
[2025-12-25T04:49:31.465+0000][gc,phases   ] GC(845)   Evacuate Collection Set: 12.9ms
[2025-12-25T04:49:31.465+0000][gc,phases   ] GC(845)   Post Evacuate Collection Set: 1.3ms
[2025-12-25T04:49:31.465+0000][gc,phases   ] GC(845)   Other: 0.3ms
[2025-12-25T04:49:31.465+0000][gc,heap     ] GC(845) Eden regions: 600->0(596)
[2025-12-25T04:49:31.466+0000][gc,heap     ] GC(845) Survivor regions: 10->12(62)
[2025-12-25T04:49:31.466+0000][gc,heap     ] GC(845) Old regions: 201->201
[2025-12-25T04:49:31.466+0000][gc,heap     ] GC(845) Humongous regions: 151->151
[2025-12-25T04:49:31.466+0000][gc,metaspace] GC(845) Metaspace: 16261K(16640K)->16261K(16640K) NonClass: 14587K(14720K)->14587K(14720K) Class: 1674K(1920K)->1674K(1920K)
[2025-12-25T04:49:31.466+0000][gc          ] GC(845) Pause Young (Normal) (G1 Evacuation Pause) 960M->362M(1024M) 17.031ms
[2025-12-25T04:49:31.466+0000][gc,cpu      ] GC(845) User=0.10s Sys=0.01s Real=0.02s
[2025-12-25T04:50:11.074+0000][gc,start    ] GC(846) Pause Young (Normal) (G1 Evacuation Pause)
[2025-12-25T04:50:11.074+0000][gc,task     ] GC(846) Using 8 workers of 8 for evacuation
[2025-12-25T04:50:11.098+0000][gc,phases   ] GC(846)   Pre Evacuate Collection Set: 1.2ms
[2025-12-25T04:50:11.098+0000][gc,phases   ] GC(846)   Merge Heap Roots: 0.3ms
[2025-12-25T04:50:11.098+0000][gc,phases   ] GC(846)   Evacuate Collection Set: 21.0ms
[2025-12-25T04:50:11.098+0000][gc,phases   ] GC(846)   Post Evacuate Collection Set: 1.1ms
[2025-12-25T04:50:11.098+0000][gc,phases   ] GC(846)   Other: 0.2ms
[2025-12-25T04:50:11.098+0000][gc,heap     ] GC(846) Eden regions: 596->0(600)
[2025-12-25T04:50:11.098+0000][gc,heap     ] GC(846) Survivor regions: 12->10(64)
[2025-12-25T04:50:11.098+0000][gc,heap     ] GC(846) Old regions: 201->201
[2025-12-25T04:50:11.098+0000][gc,heap     ] GC(846) Humongous regions: 151->151
[2025-12-25T04:50:11.098+0000][gc,metaspace] GC(846) Metaspace: 16261K(16640K)->16261K(16640K) NonClass: 14587K(14720K)->14587K(14720K) Class: 1674K(1920K)->1674K(1920K)
[2025-12-25T04:50:11.099+0000][gc          ] GC(846) Pause Young (Normal) (G1 Evacuation Pause) 958M->361M(1024M) 24.754ms
[2025-12-25T04:50:11.099+0000][gc,cpu      ] GC(846) User=0.15s Sys=0.00s Real=0.02s
[2025-12-25T04:50:41.272+0000][gc,start    ] GC(847) Pause Young (Normal) (G1 Evacuation Pause)
[2025-12-25T04:50:41.272+0000][gc,task     ] GC(847) Using 8 workers of 8 for evacuation
[2025-12-25T04:50:41.284+0000][gc,phases   ] GC(847)   Pre Evacuate Collection Set: 1.1ms
[2025-12-25T04:50:41.284+0000][gc,phases   ] GC(847)   Merge Heap Roots: 0.3ms
[2025-12-25T04:50:41.284+0000][gc,phases   ] GC(847)   Evacuate Collection Set: 8.2ms
[2025-12-25T04:50:41.284+0000][gc,phases   ] GC(847)   Post Evacuate Collection Set: 2.2ms
[2025-12-25T04:50:41.285+0000][gc,phases   ] GC(847)   Other: 0.3ms
[2025-12-25T04:50:41.285+0000][gc,heap     ] GC(847) Eden regions: 600->0(606)
[2025-12-25T04:50:41.285+0000][gc,heap     ] GC(847) Survivor regions: 10->7(62)
[2025-12-25T04:50:41.285+0000][gc,heap     ] GC(847) Old regions: 201->201
[2025-12-25T04:50:41.285+0000][gc,heap     ] GC(847) Humongous regions: 151->151
[2025-12-25T04:50:41.285+0000][gc,metaspace] GC(847) Metaspace: 16261K(16640K)->16261K(16640K) NonClass: 14587K(14720K)->14587K(14720K) Class: 1674K(1920K)->1674K(1920K)
[2025-12-25T04:50:41.285+0000][gc          ] GC(847) Pause Young (Normal) (G1 Evacuation Pause) 961M->358M(1024M) 13.136ms
[2025-12-25T04:50:41.285+0000][gc,cpu      ] GC(847) User=0.07s Sys=0.00s Real=0.01s
[2025-12-25T04:51:11.469+0000][gc,start    ] GC(848) Pause Young (Normal) (G1 Evacuation Pause)
[2025-12-25T04:51:11.470+0000][gc,task     ] GC(848) Using 8 workers of 8 for evacuation
[2025-12-25T04:51:11.482+0000][gc,phases   ] GC(848)   Pre Evacuate Collection Set: 2.3ms
[2025-12-25T04:51:11.483+0000][gc,phases   ] GC(848)   Merge Heap Roots: 0.3ms
[2025-12-25T04:51:11.483+0000][gc,phases   ] GC(848)   Evacuate Collection Set: 8.6ms
[2025-12-25T04:51:11.483+0000][gc,phases   ] GC(848)   Post Evacuate Collection Set: 1.1ms
[2025-12-25T04:51:11.483+0000][gc,phases   ] GC(848)   Other: 0.2ms
[2025-12-25T04:51:11.483+0000][gc,heap     ] GC(848) Eden regions: 606->0(603)
[2025-12-25T04:51:11.483+0000][gc,heap     ] GC(848) Survivor regions: 7->8(59)
[2025-12-25T04:51:11.483+0000][gc,heap     ] GC(848) Old regions: 201->202
[2025-12-25T04:51:11.483+0000][gc,heap     ] GC(848) Humongous regions: 151->151
[2025-12-25T04:51:11.483+0000][gc,metaspace] GC(848) Metaspace: 16261K(16640K)->16261K(16640K) NonClass: 14587K(14720K)->14587K(14720K) Class: 1674K(1920K)->1674K(1920K)
[2025-12-25T04:51:11.483+0000][gc          ] GC(848) Pause Young (Normal) (G1 Evacuation Pause) 964M->359M(1024M) 14.173ms
[2025-12-25T04:51:11.484+0000][gc,cpu      ] GC(848) User=0.07s Sys=0.00s Real=0.02s
[2025-12-25T04:51:51.104+0000][gc,start    ] GC(849) Pause Young (Normal) (G1 Evacuation Pause)
[2025-12-25T04:51:51.104+0000][gc,task     ] GC(849) Using 8 workers of 8 for evacuation
[2025-12-25T04:51:51.116+0000][gc,phases   ] GC(849)   Pre Evacuate Collection Set: 1.0ms
[2025-12-25T04:51:51.116+0000][gc,phases   ] GC(849)   Merge Heap Roots: 0.2ms
[2025-12-25T04:51:51.117+0000][gc,phases   ] GC(849)   Evacuate Collection Set: 9.4ms
[2025-12-25T04:51:51.117+0000][gc,phases   ] GC(849)   Post Evacuate Collection Set: 1.5ms
[2025-12-25T04:51:51.117+0000][gc,phases   ] GC(849)   Other: 0.2ms
[2025-12-25T04:51:51.117+0000][gc,heap     ] GC(849) Eden regions: 603->0(605)
[2025-12-25T04:51:51.117+0000][gc,heap     ] GC(849) Survivor regions: 8->7(60)
[2025-12-25T04:51:51.117+0000][gc,heap     ] GC(849) Old regions: 202->202
[2025-12-25T04:51:51.117+0000][gc,heap     ] GC(849) Humongous regions: 151->151
[2025-12-25T04:51:51.117+0000][gc,metaspace] GC(849) Metaspace: 16261K(16640K)->16261K(16640K) NonClass: 14587K(14720K)->14587K(14720K) Class: 1674K(1920K)->1674K(1920K)
[2025-12-25T04:51:51.117+0000][gc          ] GC(849) Pause Young (Normal) (G1 Evacuation Pause) 962M->358M(1024M) 13.317ms
[2025-12-25T04:51:51.117+0000][gc,cpu      ] GC(849) User=0.09s Sys=0.00s Real=0.01s
[2025-12-25T04:52:21.315+0000][gc,start    ] GC(850) Pause Young (Normal) (G1 Evacuation Pause)
[2025-12-25T04:52:21.315+0000][gc,task     ] GC(850) Using 8 workers of 8 for evacuation
[2025-12-25T04:52:21.335+0000][gc,phases   ] GC(850)   Pre Evacuate Collection Set: 1.0ms
[2025-12-25T04:52:21.335+0000][gc,phases   ] GC(850)   Merge Heap Roots: 0.2ms
[2025-12-25T04:52:21.336+0000][gc,phases   ] GC(850)   Evacuate Collection Set: 17.2ms
[2025-12-25T04:52:21.336+0000][gc,phases   ] GC(850)   Post Evacuate Collection Set: 1.1ms
[2025-12-25T04:52:21.336+0000][gc,phases   ] GC(850)   Other: 0.3ms
[2025-12-25T04:52:21.336+0000][gc,heap     ] GC(850) Eden regions: 605->0(603)
[2025-12-25T04:52:21.336+0000][gc,heap     ] GC(850) Survivor regions: 7->8(59)
[2025-12-25T04:52:21.336+0000][gc,heap     ] GC(850) Old regions: 202->202
[2025-12-25T04:52:21.336+0000][gc,heap     ] GC(850) Humongous regions: 151->151
[2025-12-25T04:52:21.336+0000][gc,metaspace] GC(850) Metaspace: 16261K(16640K)->16261K(16640K) NonClass: 14587K(14720K)->14587K(14720K) Class: 1674K(1920K)->1674K(1920K)
[2025-12-25T04:52:21.336+0000][gc          ] GC(850) Pause Young (Normal) (G1 Evacuation Pause) 963M->360M(1024M) 21.101ms
[2025-12-25T04:52:21.336+0000][gc,cpu      ] GC(850) User=0.14s Sys=0.01s Real=0.02s
[2025-12-25T04:53:00.971+0000][gc,start    ] GC(851) Pause Young (Normal) (G1 Evacuation Pause)
[2025-12-25T04:53:00.972+0000][gc,task     ] GC(851) Using 8 workers of 8 for evacuation
[2025-12-25T04:53:00.987+0000][gc,phases   ] GC(851)   Pre Evacuate Collection Set: 1.0ms
[2025-12-25T04:53:00.988+0000][gc,phases   ] GC(851)   Merge Heap Roots: 0.2ms
[2025-12-25T04:53:00.988+0000][gc,phases   ] GC(851)   Evacuate Collection Set: 13.1ms
[2025-12-25T04:53:00.988+0000][gc,phases   ] GC(851)   Post Evacuate Collection Set: 1.1ms
[2025-12-25T04:53:00.988+0000][gc,phases   ] GC(851)   Other: 0.2ms
[2025-12-25T04:53:00.988+0000][gc,heap     ] GC(851) Eden regions: 603->0(605)
[2025-12-25T04:53:00.988+0000][gc,heap     ] GC(851) Survivor regions: 8->7(60)
[2025-12-25T04:53:00.988+0000][gc,heap     ] GC(851) Old regions: 202->202
[2025-12-25T04:53:00.988+0000][gc,heap     ] GC(851) Humongous regions: 151->151
[2025-12-25T04:53:00.988+0000][gc,metaspace] GC(851) Metaspace: 16261K(16640K)->16261K(16640K) NonClass: 14587K(14720K)->14587K(14720K) Class: 1674K(1920K)->1674K(1920K)
[2025-12-25T04:53:00.988+0000][gc          ] GC(851) Pause Young (Normal) (G1 Evacuation Pause) 963M->359M(1024M) 16.821ms
[2025-12-25T04:53:00.988+0000][gc,cpu      ] GC(851) User=0.09s Sys=0.00s Real=0.02s
[2025-12-25T04:53:31.178+0000][gc,start    ] GC(852) Pause Young (Normal) (G1 Evacuation Pause)
[2025-12-25T04:53:31.178+0000][gc,task     ] GC(852) Using 8 workers of 8 for evacuation
[2025-12-25T04:53:31.194+0000][gc,phases   ] GC(852)   Pre Evacuate Collection Set: 1.1ms
[2025-12-25T04:53:31.195+0000][gc,phases   ] GC(852)   Merge Heap Roots: 0.2ms
[2025-12-25T04:53:31.195+0000][gc,phases   ] GC(852)   Evacuate Collection Set: 13.2ms
[2025-12-25T04:53:31.195+0000][gc,phases   ] GC(852)   Post Evacuate Collection Set: 1.6ms
[2025-12-25T04:53:31.195+0000][gc,phases   ] GC(852)   Other: 0.2ms
[2025-12-25T04:53:31.195+0000][gc,heap     ] GC(852) Eden regions: 605->0(601)
[2025-12-25T04:53:31.195+0000][gc,heap     ] GC(852) Survivor regions: 7->9(59)
[2025-12-25T04:53:31.195+0000][gc,heap     ] GC(852) Old regions: 202->202
[2025-12-25T04:53:31.195+0000][gc,heap     ] GC(852) Humongous regions: 151->151
[2025-12-25T04:53:31.195+0000][gc,metaspace] GC(852) Metaspace: 16261K(16640K)->16261K(16640K) NonClass: 14587K(14720K)->14587K(14720K) Class: 1674K(1920K)->1674K(1920K)
[2025-12-25T04:53:31.195+0000][gc          ] GC(852) Pause Young (Normal) (G1 Evacuation Pause) 964M->361M(1024M) 17.498ms
[2025-12-25T04:53:31.195+0000][gc,cpu      ] GC(852) User=0.10s Sys=0.00s Real=0.02s
[2025-12-25T04:54:05.305+0000][gc,start    ] GC(853) Pause Young (Normal) (G1 Evacuation Pause)
[2025-12-25T04:54:05.307+0000][gc,task     ] GC(853) Using 8 workers of 8 for evacuation
[2025-12-25T04:54:05.365+0000][gc,phases   ] GC(853)   Pre Evacuate Collection Set: 4.1ms
[2025-12-25T04:54:05.366+0000][gc,phases   ] GC(853)   Merge Heap Roots: 1.3ms
[2025-12-25T04:54:05.366+0000][gc,phases   ] GC(853)   Evacuate Collection Set: 47.9ms
[2025-12-25T04:54:05.366+0000][gc,phases   ] GC(853)   Post Evacuate Collection Set: 4.0ms
[2025-12-25T04:54:05.366+0000][gc,phases   ] GC(853)   Other: 1.1ms
[2025-12-25T04:54:05.366+0000][gc,heap     ] GC(853) Eden regions: 601->0(598)
[2025-12-25T04:54:05.367+0000][gc,heap     ] GC(853) Survivor regions: 9->10(61)
[2025-12-25T04:54:05.367+0000][gc,heap     ] GC(853) Old regions: 202->203
[2025-12-25T04:54:05.367+0000][gc,heap     ] GC(853) Humongous regions: 151->151
[2025-12-25T04:54:05.367+0000][gc,metaspace] GC(853) Metaspace: 16261K(16640K)->16261K(16640K) NonClass: 14587K(14720K)->14587K(14720K) Class: 1674K(1920K)->1674K(1920K)
[2025-12-25T04:54:05.368+0000][gc          ] GC(853) Pause Young (Normal) (G1 Evacuation Pause) 962M->362M(1024M) 62.299ms
[2025-12-25T04:54:05.368+0000][gc,cpu      ] GC(853) User=0.40s Sys=0.01s Real=0.07s
[2025-12-25T04:54:44.162+0000][gc,start    ] GC(854) Pause Young (Normal) (G1 Evacuation Pause)
[2025-12-25T04:54:44.164+0000][gc,task     ] GC(854) Using 8 workers of 8 for evacuation
[2025-12-25T04:54:44.205+0000][gc,phases   ] GC(854)   Pre Evacuate Collection Set: 4.4ms
[2025-12-25T04:54:44.205+0000][gc,phases   ] GC(854)   Merge Heap Roots: 1.7ms
[2025-12-25T04:54:44.205+0000][gc,phases   ] GC(854)   Evacuate Collection Set: 30.6ms
[2025-12-25T04:54:44.205+0000][gc,phases   ] GC(854)   Post Evacuate Collection Set: 1.5ms
[2025-12-25T04:54:44.205+0000][gc,phases   ] GC(854)   Other: 2.9ms
[2025-12-25T04:54:44.205+0000][gc,heap     ] GC(854) Eden regions: 598->0(602)
[2025-12-25T04:54:44.205+0000][gc,heap     ] GC(854) Survivor regions: 10->8(62)
[2025-12-25T04:54:44.205+0000][gc,heap     ] GC(854) Old regions: 203->203
[2025-12-25T04:54:44.205+0000][gc,heap     ] GC(854) Humongous regions: 151->151
[2025-12-25T04:54:44.206+0000][gc,metaspace] GC(854) Metaspace: 16262K(16640K)->16262K(16640K) NonClass: 14587K(14720K)->14587K(14720K) Class: 1674K(1920K)->1674K(1920K)
[2025-12-25T04:54:44.206+0000][gc          ] GC(854) Pause Young (Normal) (G1 Evacuation Pause) 960M->361M(1024M) 43.819ms
[2025-12-25T04:54:44.206+0000][gc,cpu      ] GC(854) User=0.18s Sys=0.02s Real=0.04s
[2025-12-25T05:10:12.379+0000][gc,start    ] GC(855) Pause Young (Normal) (G1 Evacuation Pause)
[2025-12-25T05:10:12.381+0000][gc,task     ] GC(855) Using 8 workers of 8 for evacuation
[2025-12-25T05:10:12.396+0000][gc,phases   ] GC(855)   Pre Evacuate Collection Set: 1.4ms
[2025-12-25T05:10:12.396+0000][gc,phases   ] GC(855)   Merge Heap Roots: 0.7ms
[2025-12-25T05:10:12.396+0000][gc,phases   ] GC(855)   Evacuate Collection Set: 11.1ms
[2025-12-25T05:10:12.396+0000][gc,phases   ] GC(855)   Post Evacuate Collection Set: 1.1ms
[2025-12-25T05:10:12.396+0000][gc,phases   ] GC(855)   Other: 0.7ms
[2025-12-25T05:10:12.396+0000][gc,heap     ] GC(855) Eden regions: 602->0(608)
[2025-12-25T05:10:12.396+0000][gc,heap     ] GC(855) Survivor regions: 8->5(60)
[2025-12-25T05:10:12.396+0000][gc,heap     ] GC(855) Old regions: 203->203
[2025-12-25T05:10:12.396+0000][gc,heap     ] GC(855) Humongous regions: 151->151
[2025-12-25T05:10:12.396+0000][gc,metaspace] GC(855) Metaspace: 16265K(16640K)->16265K(16640K) NonClass: 14590K(14720K)->14590K(14720K) Class: 1674K(1920K)->1674K(1920K)
[2025-12-25T05:10:12.396+0000][gc          ] GC(855) Pause Young (Normal) (G1 Evacuation Pause) 963M->358M(1024M) 17.440ms
[2025-12-25T05:10:12.396+0000][gc,cpu      ] GC(855) User=0.09s Sys=0.00s Real=0.01s
[2025-12-25T05:10:42.575+0000][gc,start    ] GC(856) Pause Young (Normal) (G1 Evacuation Pause)
[2025-12-25T05:10:42.576+0000][gc,task     ] GC(856) Using 8 workers of 8 for evacuation
[2025-12-25T05:10:42.594+0000][gc,phases   ] GC(856)   Pre Evacuate Collection Set: 1.4ms
[2025-12-25T05:10:42.595+0000][gc,phases   ] GC(856)   Merge Heap Roots: 0.5ms
[2025-12-25T05:10:42.596+0000][gc,phases   ] GC(856)   Evacuate Collection Set: 13.8ms
[2025-12-25T05:10:42.596+0000][gc,phases   ] GC(856)   Post Evacuate Collection Set: 1.6ms
[2025-12-25T05:10:42.596+0000][gc,phases   ] GC(856)   Other: 0.5ms
[2025-12-25T05:10:42.596+0000][gc,heap     ] GC(856) Eden regions: 608->0(604)
[2025-12-25T05:10:42.596+0000][gc,heap     ] GC(856) Survivor regions: 5->7(57)
[2025-12-25T05:10:42.596+0000][gc,heap     ] GC(856) Old regions: 203->203
[2025-12-25T05:10:42.596+0000][gc,heap     ] GC(856) Humongous regions: 151->151
[2025-12-25T05:10:42.596+0000][gc,metaspace] GC(856) Metaspace: 16265K(16640K)->16265K(16640K) NonClass: 14590K(14720K)->14590K(14720K) Class: 1674K(1920K)->1674K(1920K)
[2025-12-25T05:10:42.596+0000][gc          ] GC(856) Pause Young (Normal) (G1 Evacuation Pause) 966M->360M(1024M) 21.571ms
[2025-12-25T05:10:42.596+0000][gc,cpu      ] GC(856) User=0.09s Sys=0.00s Real=0.03s
[2025-12-25T05:11:23.016+0000][gc,start    ] GC(857) Pause Young (Normal) (G1 Evacuation Pause)
[2025-12-25T05:11:23.017+0000][gc,task     ] GC(857) Using 8 workers of 8 for evacuation
[2025-12-25T05:11:23.069+0000][gc,phases   ] GC(857)   Pre Evacuate Collection Set: 5.2ms
[2025-12-25T05:11:23.069+0000][gc,phases   ] GC(857)   Merge Heap Roots: 1.3ms
[2025-12-25T05:11:23.070+0000][gc,phases   ] GC(857)   Evacuate Collection Set: 37.7ms
[2025-12-25T05:11:23.071+0000][gc,phases   ] GC(857)   Post Evacuate Collection Set: 6.3ms
[2025-12-25T05:11:23.072+0000][gc,phases   ] GC(857)   Other: 0.8ms
[2025-12-25T05:11:23.073+0000][gc,heap     ] GC(857) Eden regions: 604->0(605)
[2025-12-25T05:11:23.073+0000][gc,heap     ] GC(857) Survivor regions: 7->6(59)
[2025-12-25T05:11:23.074+0000][gc,heap     ] GC(857) Old regions: 203->204
[2025-12-25T05:11:23.074+0000][gc,heap     ] GC(857) Humongous regions: 151->151
[2025-12-25T05:11:23.075+0000][gc,metaspace] GC(857) Metaspace: 16265K(16640K)->16265K(16640K) NonClass: 14590K(14720K)->14590K(14720K) Class: 1674K(1920K)->1674K(1920K)
[2025-12-25T05:11:23.075+0000][gc          ] GC(857) Pause Young (Normal) (G1 Evacuation Pause) 964M->359M(1024M) 59.288ms
[2025-12-25T05:11:23.075+0000][gc,cpu      ] GC(857) User=0.22s Sys=0.00s Real=0.06s
[2025-12-25T05:11:52.410+0000][gc,start    ] GC(858) Pause Young (Normal) (G1 Evacuation Pause)
[2025-12-25T05:11:52.411+0000][gc,task     ] GC(858) Using 8 workers of 8 for evacuation
[2025-12-25T05:11:52.423+0000][gc,phases   ] GC(858)   Pre Evacuate Collection Set: 1.1ms
[2025-12-25T05:11:52.423+0000][gc,phases   ] GC(858)   Merge Heap Roots: 0.3ms
[2025-12-25T05:11:52.423+0000][gc,phases   ] GC(858)   Evacuate Collection Set: 8.0ms
[2025-12-25T05:11:52.423+0000][gc,phases   ] GC(858)   Post Evacuate Collection Set: 2.5ms
[2025-12-25T05:11:52.423+0000][gc,phases   ] GC(858)   Other: 0.3ms
[2025-12-25T05:11:52.423+0000][gc,heap     ] GC(858) Eden regions: 605->0(603)
[2025-12-25T05:11:52.423+0000][gc,heap     ] GC(858) Survivor regions: 6->7(58)
[2025-12-25T05:11:52.423+0000][gc,heap     ] GC(858) Old regions: 204->204
[2025-12-25T05:11:52.423+0000][gc,heap     ] GC(858) Humongous regions: 151->151
[2025-12-25T05:11:52.424+0000][gc,metaspace] GC(858) Metaspace: 16265K(16640K)->16265K(16640K) NonClass: 14590K(14720K)->14590K(14720K) Class: 1674K(1920K)->1674K(1920K)
[2025-12-25T05:11:52.424+0000][gc          ] GC(858) Pause Young (Normal) (G1 Evacuation Pause) 964M->360M(1024M) 13.554ms
[2025-12-25T05:11:52.424+0000][gc,cpu      ] GC(858) User=0.07s Sys=0.00s Real=0.02s
[2025-12-25T05:27:26.447+0000][gc,start    ] GC(859) Pause Young (Normal) (G1 Evacuation Pause)
[2025-12-25T05:27:26.448+0000][gc,task     ] GC(859) Using 8 workers of 8 for evacuation
[2025-12-25T05:27:26.480+0000][gc,phases   ] GC(859)   Pre Evacuate Collection Set: 3.5ms
[2025-12-25T05:27:26.480+0000][gc,phases   ] GC(859)   Merge Heap Roots: 0.9ms
[2025-12-25T05:27:26.480+0000][gc,phases   ] GC(859)   Evacuate Collection Set: 21.7ms
[2025-12-25T05:27:26.480+0000][gc,phases   ] GC(859)   Post Evacuate Collection Set: 5.0ms
[2025-12-25T05:27:26.480+0000][gc,phases   ] GC(859)   Other: 0.8ms
[2025-12-25T05:27:26.481+0000][gc,heap     ] GC(859) Eden regions: 603->0(607)
[2025-12-25T05:27:26.481+0000][gc,heap     ] GC(859) Survivor regions: 7->5(59)
[2025-12-25T05:27:26.481+0000][gc,heap     ] GC(859) Old regions: 204->204
[2025-12-25T05:27:26.481+0000][gc,heap     ] GC(859) Humongous regions: 151->151
[2025-12-25T05:27:26.481+0000][gc,metaspace] GC(859) Metaspace: 16269K(16640K)->16269K(16640K) NonClass: 14595K(14720K)->14595K(14720K) Class: 1674K(1920K)->1674K(1920K)
[2025-12-25T05:27:26.481+0000][gc          ] GC(859) Pause Young (Normal) (G1 Evacuation Pause) 963M->359M(1024M) 34.693ms
[2025-12-25T05:27:26.481+0000][gc,cpu      ] GC(859) User=0.19s Sys=0.01s Real=0.03s
[2025-12-25T05:28:00.479+0000][gc,start    ] GC(860) Pause Young (Normal) (G1 Evacuation Pause)
[2025-12-25T05:28:00.479+0000][gc,task     ] GC(860) Using 8 workers of 8 for evacuation
[2025-12-25T05:28:00.487+0000][gc,phases   ] GC(860)   Pre Evacuate Collection Set: 1.0ms
[2025-12-25T05:28:00.487+0000][gc,phases   ] GC(860)   Merge Heap Roots: 0.2ms
[2025-12-25T05:28:00.487+0000][gc,phases   ] GC(860)   Evacuate Collection Set: 5.6ms
[2025-12-25T05:28:00.488+0000][gc,phases   ] GC(860)   Post Evacuate Collection Set: 0.9ms
[2025-12-25T05:28:00.488+0000][gc,phases   ] GC(860)   Other: 0.2ms
[2025-12-25T05:28:00.488+0000][gc,heap     ] GC(860) Eden regions: 607->0(603)
[2025-12-25T05:28:00.488+0000][gc,heap     ] GC(860) Survivor regions: 5->7(57)
[2025-12-25T05:28:00.488+0000][gc,heap     ] GC(860) Old regions: 204->204
[2025-12-25T05:28:00.488+0000][gc,heap     ] GC(860) Humongous regions: 151->151
[2025-12-25T05:28:00.488+0000][gc,metaspace] GC(860) Metaspace: 16269K(16640K)->16269K(16640K) NonClass: 14595K(14720K)->14595K(14720K) Class: 1674K(1920K)->1674K(1920K)
[2025-12-25T05:28:00.488+0000][gc          ] GC(860) Pause Young (Normal) (G1 Evacuation Pause) 966M->361M(1024M) 8.838ms
[2025-12-25T05:28:00.488+0000][gc,cpu      ] GC(860) User=0.05s Sys=0.00s Real=0.01s
[2025-12-25T05:28:30.700+0000][gc,start    ] GC(861) Pause Young (Normal) (G1 Evacuation Pause)
[2025-12-25T05:28:30.701+0000][gc,task     ] GC(861) Using 8 workers of 8 for evacuation
[2025-12-25T05:28:30.712+0000][gc,phases   ] GC(861)   Pre Evacuate Collection Set: 1.0ms
[2025-12-25T05:28:30.713+0000][gc,phases   ] GC(861)   Merge Heap Roots: 0.2ms
[2025-12-25T05:28:30.713+0000][gc,phases   ] GC(861)   Evacuate Collection Set: 9.4ms
[2025-12-25T05:28:30.713+0000][gc,phases   ] GC(861)   Post Evacuate Collection Set: 0.9ms
[2025-12-25T05:28:30.713+0000][gc,phases   ] GC(861)   Other: 0.2ms
[2025-12-25T05:28:30.713+0000][gc,heap     ] GC(861) Eden regions: 603->0(600)
[2025-12-25T05:28:30.713+0000][gc,heap     ] GC(861) Survivor regions: 7->8(59)
[2025-12-25T05:28:30.713+0000][gc,heap     ] GC(861) Old regions: 204->205
[2025-12-25T05:28:30.713+0000][gc,heap     ] GC(861) Humongous regions: 151->151
[2025-12-25T05:28:30.713+0000][gc,metaspace] GC(861) Metaspace: 16269K(16640K)->16269K(16640K) NonClass: 14595K(14720K)->14595K(14720K) Class: 1674K(1920K)->1674K(1920K)
[2025-12-25T05:28:30.713+0000][gc          ] GC(861) Pause Young (Normal) (G1 Evacuation Pause) 964M->362M(1024M) 12.794ms
[2025-12-25T05:28:30.713+0000][gc,cpu      ] GC(861) User=0.08s Sys=0.00s Real=0.02s
[2025-12-25T05:29:10.347+0000][gc,start    ] GC(862) Pause Young (Normal) (G1 Evacuation Pause)
[2025-12-25T05:29:10.347+0000][gc,task     ] GC(862) Using 8 workers of 8 for evacuation
[2025-12-25T05:29:10.353+0000][gc,phases   ] GC(862)   Pre Evacuate Collection Set: 1.1ms
[2025-12-25T05:29:10.354+0000][gc,phases   ] GC(862)   Merge Heap Roots: 0.2ms
[2025-12-25T05:29:10.354+0000][gc,phases   ] GC(862)   Evacuate Collection Set: 3.6ms
[2025-12-25T05:29:10.354+0000][gc,phases   ] GC(862)   Post Evacuate Collection Set: 1.0ms
[2025-12-25T05:29:10.354+0000][gc,phases   ] GC(862)   Other: 0.3ms
[2025-12-25T05:29:10.354+0000][gc,heap     ] GC(862) Eden regions: 600->0(610)
[2025-12-25T05:29:10.354+0000][gc,heap     ] GC(862) Survivor regions: 8->3(60)
[2025-12-25T05:29:10.354+0000][gc,heap     ] GC(862) Old regions: 205->205
[2025-12-25T05:29:10.354+0000][gc,heap     ] GC(862) Humongous regions: 151->151
[2025-12-25T05:29:10.354+0000][gc,metaspace] GC(862) Metaspace: 16269K(16640K)->16269K(16640K) NonClass: 14595K(14720K)->14595K(14720K) Class: 1674K(1920K)->1674K(1920K)
[2025-12-25T05:29:10.354+0000][gc          ] GC(862) Pause Young (Normal) (G1 Evacuation Pause) 962M->357M(1024M) 7.309ms
[2025-12-25T05:29:10.354+0000][gc,cpu      ] GC(862) User=0.02s Sys=0.01s Real=0.01s
[2025-12-25T05:29:40.576+0000][gc,start    ] GC(863) Pause Young (Normal) (G1 Evacuation Pause)
[2025-12-25T05:29:40.577+0000][gc,task     ] GC(863) Using 8 workers of 8 for evacuation
[2025-12-25T05:29:40.585+0000][gc,phases   ] GC(863)   Pre Evacuate Collection Set: 1.1ms
[2025-12-25T05:29:40.585+0000][gc,phases   ] GC(863)   Merge Heap Roots: 0.2ms
[2025-12-25T05:29:40.585+0000][gc,phases   ] GC(863)   Evacuate Collection Set: 4.7ms
[2025-12-25T05:29:40.586+0000][gc,phases   ] GC(863)   Post Evacuate Collection Set: 1.9ms
[2025-12-25T05:29:40.586+0000][gc,phases   ] GC(863)   Other: 0.4ms
[2025-12-25T05:29:40.586+0000][gc,heap     ] GC(863) Eden regions: 610->0(606)
[2025-12-25T05:29:40.586+0000][gc,heap     ] GC(863) Survivor regions: 3->5(55)
[2025-12-25T05:29:40.586+0000][gc,heap     ] GC(863) Old regions: 205->205
[2025-12-25T05:29:40.586+0000][gc,heap     ] GC(863) Humongous regions: 151->151
[2025-12-25T05:29:40.586+0000][gc,metaspace] GC(863) Metaspace: 16269K(16640K)->16269K(16640K) NonClass: 14595K(14720K)->14595K(14720K) Class: 1674K(1920K)->1674K(1920K)
[2025-12-25T05:29:40.586+0000][gc          ] GC(863) Pause Young (Normal) (G1 Evacuation Pause) 967M->359M(1024M) 10.102ms
[2025-12-25T05:29:40.586+0000][gc,cpu      ] GC(863) User=0.04s Sys=0.00s Real=0.01s
[2025-12-25T05:30:10.790+0000][gc,start    ] GC(864) Pause Young (Normal) (G1 Evacuation Pause)
[2025-12-25T05:30:10.790+0000][gc,task     ] GC(864) Using 8 workers of 8 for evacuation
[2025-12-25T05:30:10.812+0000][gc,phases   ] GC(864)   Pre Evacuate Collection Set: 2.2ms
[2025-12-25T05:30:10.812+0000][gc,phases   ] GC(864)   Merge Heap Roots: 1.4ms
[2025-12-25T05:30:10.812+0000][gc,phases   ] GC(864)   Evacuate Collection Set: 16.3ms
[2025-12-25T05:30:10.812+0000][gc,phases   ] GC(864)   Post Evacuate Collection Set: 1.3ms
[2025-12-25T05:30:10.812+0000][gc,phases   ] GC(864)   Other: 0.5ms
[2025-12-25T05:30:10.812+0000][gc,heap     ] GC(864) Eden regions: 606->0(604)
[2025-12-25T05:30:10.812+0000][gc,heap     ] GC(864) Survivor regions: 5->6(57)
[2025-12-25T05:30:10.813+0000][gc,heap     ] GC(864) Old regions: 205->205
[2025-12-25T05:30:10.813+0000][gc,heap     ] GC(864) Humongous regions: 151->151
[2025-12-25T05:30:10.813+0000][gc,metaspace] GC(864) Metaspace: 16269K(16640K)->16269K(16640K) NonClass: 14595K(14720K)->14595K(14720K) Class: 1674K(1920K)->1674K(1920K)
[2025-12-25T05:30:10.813+0000][gc          ] GC(864) Pause Young (Normal) (G1 Evacuation Pause) 965M->361M(1024M) 23.152ms
[2025-12-25T05:30:10.813+0000][gc,cpu      ] GC(864) User=0.14s Sys=0.00s Real=0.02s
[2025-12-25T05:30:50.433+0000][gc,start    ] GC(865) Pause Young (Normal) (G1 Evacuation Pause)
[2025-12-25T05:30:50.434+0000][gc,task     ] GC(865) Using 8 workers of 8 for evacuation
[2025-12-25T05:30:50.452+0000][gc,phases   ] GC(865)   Pre Evacuate Collection Set: 1.0ms
[2025-12-25T05:30:50.452+0000][gc,phases   ] GC(865)   Merge Heap Roots: 0.2ms
[2025-12-25T05:30:50.452+0000][gc,phases   ] GC(865)   Evacuate Collection Set: 15.2ms
[2025-12-25T05:30:50.452+0000][gc,phases   ] GC(865)   Post Evacuate Collection Set: 1.1ms
[2025-12-25T05:30:50.452+0000][gc,phases   ] GC(865)   Other: 0.2ms
[2025-12-25T05:30:50.452+0000][gc,heap     ] GC(865) Eden regions: 604->0(604)
[2025-12-25T05:30:50.452+0000][gc,heap     ] GC(865) Survivor regions: 6->6(58)
[2025-12-25T05:30:50.452+0000][gc,heap     ] GC(865) Old regions: 205->205
[2025-12-25T05:30:50.452+0000][gc,heap     ] GC(865) Humongous regions: 151->151
[2025-12-25T05:30:50.452+0000][gc,metaspace] GC(865) Metaspace: 16269K(16640K)->16269K(16640K) NonClass: 14595K(14720K)->14595K(14720K) Class: 1674K(1920K)->1674K(1920K)
[2025-12-25T05:30:50.452+0000][gc          ] GC(865) Pause Young (Normal) (G1 Evacuation Pause) 965M->360M(1024M) 18.797ms
[2025-12-25T05:30:50.452+0000][gc,cpu      ] GC(865) User=0.12s Sys=0.00s Real=0.02s
[2025-12-25T05:31:20.623+0000][gc,start    ] GC(866) Pause Young (Normal) (G1 Evacuation Pause)
[2025-12-25T05:31:20.623+0000][gc,task     ] GC(866) Using 8 workers of 8 for evacuation
[2025-12-25T05:31:20.636+0000][gc,phases   ] GC(866)   Pre Evacuate Collection Set: 1.0ms
[2025-12-25T05:31:20.636+0000][gc,phases   ] GC(866)   Merge Heap Roots: 0.2ms
[2025-12-25T05:31:20.636+0000][gc,phases   ] GC(866)   Evacuate Collection Set: 9.8ms
[2025-12-25T05:31:20.636+0000][gc,phases   ] GC(866)   Post Evacuate Collection Set: 1.0ms
[2025-12-25T05:31:20.636+0000][gc,phases   ] GC(866)   Other: 0.3ms
[2025-12-25T05:31:20.636+0000][gc,heap     ] GC(866) Eden regions: 604->0(600)
[2025-12-25T05:31:20.636+0000][gc,heap     ] GC(866) Survivor regions: 6->8(58)
[2025-12-25T05:31:20.636+0000][gc,heap     ] GC(866) Old regions: 205->205
[2025-12-25T05:31:20.636+0000][gc,heap     ] GC(866) Humongous regions: 151->151
[2025-12-25T05:31:20.636+0000][gc,metaspace] GC(866) Metaspace: 16269K(16640K)->16269K(16640K) NonClass: 14595K(14720K)->14595K(14720K) Class: 1674K(1920K)->1674K(1920K)
[2025-12-25T05:31:20.636+0000][gc          ] GC(866) Pause Young (Normal) (G1 Evacuation Pause) 964M->362M(1024M) 13.631ms
[2025-12-25T05:31:20.636+0000][gc,cpu      ] GC(866) User=0.08s Sys=0.00s Real=0.02s
[2025-12-25T05:31:52.686+0000][gc,start    ] GC(867) Pause Young (Normal) (G1 Evacuation Pause)
[2025-12-25T05:31:52.687+0000][gc,task     ] GC(867) Using 8 workers of 8 for evacuation
[2025-12-25T05:31:52.702+0000][gc,phases   ] GC(867)   Pre Evacuate Collection Set: 2.2ms
[2025-12-25T05:31:52.702+0000][gc,phases   ] GC(867)   Merge Heap Roots: 0.4ms
[2025-12-25T05:31:52.702+0000][gc,phases   ] GC(867)   Evacuate Collection Set: 9.8ms
[2025-12-25T05:31:52.702+0000][gc,phases   ] GC(867)   Post Evacuate Collection Set: 1.9ms
[2025-12-25T05:31:52.702+0000][gc,phases   ] GC(867)   Other: 0.7ms
[2025-12-25T05:31:52.702+0000][gc,heap     ] GC(867) Eden regions: 600->0(602)
[2025-12-25T05:31:52.702+0000][gc,heap     ] GC(867) Survivor regions: 8->7(60)
[2025-12-25T05:31:52.703+0000][gc,heap     ] GC(867) Old regions: 205->205
[2025-12-25T05:31:52.703+0000][gc,heap     ] GC(867) Humongous regions: 151->151
[2025-12-25T05:31:52.703+0000][gc,metaspace] GC(867) Metaspace: 16269K(16640K)->16269K(16640K) NonClass: 14595K(14720K)->14595K(14720K) Class: 1674K(1920K)->1674K(1920K)
[2025-12-25T05:31:52.703+0000][gc          ] GC(867) Pause Young (Normal) (G1 Evacuation Pause) 962M->361M(1024M) 17.174ms
[2025-12-25T05:31:52.703+0000][gc,cpu      ] GC(867) User=0.09s Sys=0.00s Real=0.01s
[2025-12-25T05:32:30.467+0000][gc,start    ] GC(868) Pause Young (Normal) (G1 Evacuation Pause)
[2025-12-25T05:32:30.467+0000][gc,task     ] GC(868) Using 8 workers of 8 for evacuation
[2025-12-25T05:32:30.482+0000][gc,phases   ] GC(868)   Pre Evacuate Collection Set: 1.0ms
[2025-12-25T05:32:30.482+0000][gc,phases   ] GC(868)   Merge Heap Roots: 0.2ms
[2025-12-25T05:32:30.482+0000][gc,phases   ] GC(868)   Evacuate Collection Set: 12.5ms
[2025-12-25T05:32:30.482+0000][gc,phases   ] GC(868)   Post Evacuate Collection Set: 1.1ms
[2025-12-25T05:32:30.482+0000][gc,phases   ] GC(868)   Other: 0.2ms
[2025-12-25T05:32:30.482+0000][gc,heap     ] GC(868) Eden regions: 602->0(600)
[2025-12-25T05:32:30.482+0000][gc,heap     ] GC(868) Survivor regions: 7->8(59)
[2025-12-25T05:32:30.482+0000][gc,heap     ] GC(868) Old regions: 205->205
[2025-12-25T05:32:30.483+0000][gc,heap     ] GC(868) Humongous regions: 151->151
[2025-12-25T05:32:30.483+0000][gc,metaspace] GC(868) Metaspace: 16269K(16640K)->16269K(16640K) NonClass: 14595K(14720K)->14595K(14720K) Class: 1674K(1920K)->1674K(1920K)
[2025-12-25T05:32:30.483+0000][gc          ] GC(868) Pause Young (Normal) (G1 Evacuation Pause) 963M->363M(1024M) 16.171ms
[2025-12-25T05:32:30.483+0000][gc,cpu      ] GC(868) User=0.09s Sys=0.00s Real=0.01s
[2025-12-25T05:33:00.681+0000][gc,start    ] GC(869) Pause Young (Normal) (G1 Evacuation Pause)
[2025-12-25T05:33:00.682+0000][gc,task     ] GC(869) Using 8 workers of 8 for evacuation
[2025-12-25T05:33:00.700+0000][gc,phases   ] GC(869)   Pre Evacuate Collection Set: 0.9ms
[2025-12-25T05:33:00.700+0000][gc,phases   ] GC(869)   Merge Heap Roots: 0.2ms
[2025-12-25T05:33:00.700+0000][gc,phases   ] GC(869)   Evacuate Collection Set: 14.8ms
[2025-12-25T05:33:00.700+0000][gc,phases   ] GC(869)   Post Evacuate Collection Set: 2.0ms
[2025-12-25T05:33:00.700+0000][gc,phases   ] GC(869)   Other: 0.1ms
[2025-12-25T05:33:00.700+0000][gc,heap     ] GC(869) Eden regions: 600->0(596)
[2025-12-25T05:33:00.700+0000][gc,heap     ] GC(869) Survivor regions: 8->10(60)
[2025-12-25T05:33:00.700+0000][gc,heap     ] GC(869) Old regions: 205->205
[2025-12-25T05:33:00.700+0000][gc,heap     ] GC(869) Humongous regions: 151->151
[2025-12-25T05:33:00.701+0000][gc,metaspace] GC(869) Metaspace: 16269K(16640K)->16269K(16640K) NonClass: 14595K(14720K)->14595K(14720K) Class: 1674K(1920K)->1674K(1920K)
[2025-12-25T05:33:00.701+0000][gc          ] GC(869) Pause Young (Normal) (G1 Evacuation Pause) 963M->364M(1024M) 19.183ms
[2025-12-25T05:33:00.701+0000][gc,cpu      ] GC(869) User=0.13s Sys=0.00s Real=0.01s
[2025-12-25T05:33:40.286+0000][gc,start    ] GC(870) Pause Young (Normal) (G1 Evacuation Pause)
[2025-12-25T05:33:40.286+0000][gc,task     ] GC(870) Using 8 workers of 8 for evacuation
[2025-12-25T05:33:40.297+0000][gc,phases   ] GC(870)   Pre Evacuate Collection Set: 2.0ms
[2025-12-25T05:33:40.297+0000][gc,phases   ] GC(870)   Merge Heap Roots: 0.3ms
[2025-12-25T05:33:40.297+0000][gc,phases   ] GC(870)   Evacuate Collection Set: 6.5ms
[2025-12-25T05:33:40.297+0000][gc,phases   ] GC(870)   Post Evacuate Collection Set: 1.1ms
[2025-12-25T05:33:40.297+0000][gc,phases   ] GC(870)   Other: 0.6ms
[2025-12-25T05:33:40.297+0000][gc,heap     ] GC(870) Eden regions: 596->0(606)
[2025-12-25T05:33:40.297+0000][gc,heap     ] GC(870) Survivor regions: 10->5(62)
[2025-12-25T05:33:40.297+0000][gc,heap     ] GC(870) Old regions: 205->205
[2025-12-25T05:33:40.297+0000][gc,heap     ] GC(870) Humongous regions: 151->151
[2025-12-25T05:33:40.298+0000][gc,metaspace] GC(870) Metaspace: 16271K(16640K)->16271K(16640K) NonClass: 14596K(14720K)->14596K(14720K) Class: 1674K(1920K)->1674K(1920K)
[2025-12-25T05:33:40.298+0000][gc          ] GC(870) Pause Young (Normal) (G1 Evacuation Pause) 960M->359M(1024M) 11.652ms
[2025-12-25T05:33:40.298+0000][gc,cpu      ] GC(870) User=0.06s Sys=0.00s Real=0.01s
[2025-12-25T05:34:10.516+0000][gc,start    ] GC(871) Pause Young (Normal) (G1 Evacuation Pause)
[2025-12-25T05:34:10.516+0000][gc,task     ] GC(871) Using 8 workers of 8 for evacuation
[2025-12-25T05:34:10.528+0000][gc,phases   ] GC(871)   Pre Evacuate Collection Set: 1.0ms
[2025-12-25T05:34:10.528+0000][gc,phases   ] GC(871)   Merge Heap Roots: 0.2ms
[2025-12-25T05:34:10.528+0000][gc,phases   ] GC(871)   Evacuate Collection Set: 8.3ms
[2025-12-25T05:34:10.528+0000][gc,phases   ] GC(871)   Post Evacuate Collection Set: 1.2ms
[2025-12-25T05:34:10.528+0000][gc,phases   ] GC(871)   Other: 0.3ms
[2025-12-25T05:34:10.528+0000][gc,heap     ] GC(871) Eden regions: 606->0(604)
[2025-12-25T05:34:10.528+0000][gc,heap     ] GC(871) Survivor regions: 5->6(57)
[2025-12-25T05:34:10.528+0000][gc,heap     ] GC(871) Old regions: 205->205
[2025-12-25T05:34:10.528+0000][gc,heap     ] GC(871) Humongous regions: 151->151
[2025-12-25T05:34:10.528+0000][gc,metaspace] GC(871) Metaspace: 16271K(16640K)->16271K(16640K) NonClass: 14596K(14720K)->14596K(14720K) Class: 1674K(1920K)->1674K(1920K)
[2025-12-25T05:34:10.528+0000][gc          ] GC(871) Pause Young (Normal) (G1 Evacuation Pause) 965M->361M(1024M) 12.197ms
[2025-12-25T05:34:10.528+0000][gc,cpu      ] GC(871) User=0.07s Sys=0.00s Real=0.01s
[2025-12-25T05:34:40.699+0000][gc,start    ] GC(872) Pause Young (Normal) (G1 Evacuation Pause)
[2025-12-25T05:34:40.700+0000][gc,task     ] GC(872) Using 8 workers of 8 for evacuation
[2025-12-25T05:34:40.719+0000][gc,phases   ] GC(872)   Pre Evacuate Collection Set: 1.1ms
[2025-12-25T05:34:40.719+0000][gc,phases   ] GC(872)   Merge Heap Roots: 0.3ms
[2025-12-25T05:34:40.719+0000][gc,phases   ] GC(872)   Evacuate Collection Set: 16.0ms
[2025-12-25T05:34:40.719+0000][gc,phases   ] GC(872)   Post Evacuate Collection Set: 1.3ms
[2025-12-25T05:34:40.719+0000][gc,phases   ] GC(872)   Other: 0.3ms
[2025-12-25T05:34:40.719+0000][gc,heap     ] GC(872) Eden regions: 604->0(600)
[2025-12-25T05:34:40.719+0000][gc,heap     ] GC(872) Survivor regions: 6->8(58)
[2025-12-25T05:34:40.719+0000][gc,heap     ] GC(872) Old regions: 205->205
[2025-12-25T05:34:40.719+0000][gc,heap     ] GC(872) Humongous regions: 151->151
[2025-12-25T05:34:40.719+0000][gc,metaspace] GC(872) Metaspace: 16271K(16640K)->16271K(16640K) NonClass: 14596K(14720K)->14596K(14720K) Class: 1674K(1920K)->1674K(1920K)
[2025-12-25T05:34:40.719+0000][gc          ] GC(872) Pause Young (Normal) (G1 Evacuation Pause) 965M->362M(1024M) 20.113ms
[2025-12-25T05:34:40.719+0000][gc,cpu      ] GC(872) User=0.13s Sys=0.00s Real=0.02s
[2025-12-25T05:35:20.357+0000][gc,start    ] GC(873) Pause Young (Normal) (G1 Evacuation Pause)
[2025-12-25T05:35:20.358+0000][gc,task     ] GC(873) Using 8 workers of 8 for evacuation
[2025-12-25T05:35:20.372+0000][gc,phases   ] GC(873)   Pre Evacuate Collection Set: 1.1ms
[2025-12-25T05:35:20.372+0000][gc,phases   ] GC(873)   Merge Heap Roots: 0.2ms
[2025-12-25T05:35:20.372+0000][gc,phases   ] GC(873)   Evacuate Collection Set: 9.7ms
[2025-12-25T05:35:20.372+0000][gc,phases   ] GC(873)   Post Evacuate Collection Set: 2.6ms
[2025-12-25T05:35:20.372+0000][gc,phases   ] GC(873)   Other: 0.2ms
[2025-12-25T05:35:20.372+0000][gc,heap     ] GC(873) Eden regions: 600->0(602)
[2025-12-25T05:35:20.372+0000][gc,heap     ] GC(873) Survivor regions: 8->7(60)
[2025-12-25T05:35:20.372+0000][gc,heap     ] GC(873) Old regions: 205->205
[2025-12-25T05:35:20.372+0000][gc,heap     ] GC(873) Humongous regions: 151->151
[2025-12-25T05:35:20.372+0000][gc,metaspace] GC(873) Metaspace: 16271K(16640K)->16271K(16640K) NonClass: 14596K(14720K)->14596K(14720K) Class: 1674K(1920K)->1674K(1920K)
[2025-12-25T05:35:20.372+0000][gc          ] GC(873) Pause Young (Normal) (G1 Evacuation Pause) 962M->362M(1024M) 15.298ms
[2025-12-25T05:35:20.373+0000][gc,cpu      ] GC(873) User=0.08s Sys=0.01s Real=0.01s
[2025-12-25T05:35:50.549+0000][gc,start    ] GC(874) Pause Young (Normal) (G1 Evacuation Pause)
[2025-12-25T05:35:50.549+0000][gc,task     ] GC(874) Using 8 workers of 8 for evacuation
[2025-12-25T05:35:50.565+0000][gc,phases   ] GC(874)   Pre Evacuate Collection Set: 1.0ms
[2025-12-25T05:35:50.565+0000][gc,phases   ] GC(874)   Merge Heap Roots: 0.4ms
[2025-12-25T05:35:50.565+0000][gc,phases   ] GC(874)   Evacuate Collection Set: 13.1ms
[2025-12-25T05:35:50.565+0000][gc,phases   ] GC(874)   Post Evacuate Collection Set: 1.1ms
[2025-12-25T05:35:50.565+0000][gc,phases   ] GC(874)   Other: 0.3ms
[2025-12-25T05:35:50.566+0000][gc,heap     ] GC(874) Eden regions: 602->0(597)
[2025-12-25T05:35:50.566+0000][gc,heap     ] GC(874) Survivor regions: 7->9(59)
[2025-12-25T05:35:50.566+0000][gc,heap     ] GC(874) Old regions: 205->206
[2025-12-25T05:35:50.566+0000][gc,heap     ] GC(874) Humongous regions: 151->151
[2025-12-25T05:35:50.566+0000][gc,metaspace] GC(874) Metaspace: 16271K(16640K)->16271K(16640K) NonClass: 14596K(14720K)->14596K(14720K) Class: 1674K(1920K)->1674K(1920K)
[2025-12-25T05:35:50.566+0000][gc          ] GC(874) Pause Young (Normal) (G1 Evacuation Pause) 964M->364M(1024M) 17.442ms
[2025-12-25T05:35:50.566+0000][gc,cpu      ] GC(874) User=0.11s Sys=0.01s Real=0.02s
[2025-12-25T05:36:20.740+0000][gc,start    ] GC(875) Pause Young (Normal) (G1 Evacuation Pause)
[2025-12-25T05:36:20.741+0000][gc,task     ] GC(875) Using 8 workers of 8 for evacuation
[2025-12-25T05:36:20.758+0000][gc,phases   ] GC(875)   Pre Evacuate Collection Set: 1.8ms
[2025-12-25T05:36:20.758+0000][gc,phases   ] GC(875)   Merge Heap Roots: 0.7ms
[2025-12-25T05:36:20.758+0000][gc,phases   ] GC(875)   Evacuate Collection Set: 12.8ms
[2025-12-25T05:36:20.758+0000][gc,phases   ] GC(875)   Post Evacuate Collection Set: 1.2ms
[2025-12-25T05:36:20.758+0000][gc,phases   ] GC(875)   Other: 0.4ms
[2025-12-25T05:36:20.758+0000][gc,heap     ] GC(875) Eden regions: 597->0(595)
[2025-12-25T05:36:20.758+0000][gc,heap     ] GC(875) Survivor regions: 9->10(61)
[2025-12-25T05:36:20.758+0000][gc,heap     ] GC(875) Old regions: 206->206
[2025-12-25T05:36:20.758+0000][gc,heap     ] GC(875) Humongous regions: 151->151
[2025-12-25T05:36:20.758+0000][gc,metaspace] GC(875) Metaspace: 16271K(16640K)->16271K(16640K) NonClass: 14596K(14720K)->14596K(14720K) Class: 1674K(1920K)->1674K(1920K)
[2025-12-25T05:36:20.758+0000][gc          ] GC(875) Pause Young (Normal) (G1 Evacuation Pause) 961M->365M(1024M) 18.142ms
[2025-12-25T05:36:20.758+0000][gc,cpu      ] GC(875) User=0.11s Sys=0.01s Real=0.02s
[2025-12-25T05:37:00.366+0000][gc,start    ] GC(876) Pause Young (Normal) (G1 Evacuation Pause)
[2025-12-25T05:37:00.367+0000][gc,task     ] GC(876) Using 8 workers of 8 for evacuation
[2025-12-25T05:37:00.384+0000][gc,phases   ] GC(876)   Pre Evacuate Collection Set: 5.3ms
[2025-12-25T05:37:00.384+0000][gc,phases   ] GC(876)   Merge Heap Roots: 0.3ms
[2025-12-25T05:37:00.384+0000][gc,phases   ] GC(876)   Evacuate Collection Set: 8.3ms
[2025-12-25T05:37:00.384+0000][gc,phases   ] GC(876)   Post Evacuate Collection Set: 3.3ms
[2025-12-25T05:37:00.385+0000][gc,phases   ] GC(876)   Other: 0.2ms
[2025-12-25T05:37:00.385+0000][gc,heap     ] GC(876) Eden regions: 595->0(597)
[2025-12-25T05:37:00.385+0000][gc,heap     ] GC(876) Survivor regions: 10->9(62)
[2025-12-25T05:37:00.385+0000][gc,heap     ] GC(876) Old regions: 206->206
[2025-12-25T05:37:00.385+0000][gc,heap     ] GC(876) Humongous regions: 151->151
[2025-12-25T05:37:00.385+0000][gc,metaspace] GC(876) Metaspace: 16272K(16640K)->16272K(16640K) NonClass: 14597K(14720K)->14597K(14720K) Class: 1674K(1920K)->1674K(1920K)
[2025-12-25T05:37:00.385+0000][gc          ] GC(876) Pause Young (Normal) (G1 Evacuation Pause) 960M->364M(1024M) 18.503ms
[2025-12-25T05:37:00.385+0000][gc,cpu      ] GC(876) User=0.12s Sys=0.00s Real=0.02s
[2025-12-25T05:37:30.549+0000][gc,start    ] GC(877) Pause Young (Normal) (G1 Evacuation Pause)
[2025-12-25T05:37:30.549+0000][gc,task     ] GC(877) Using 8 workers of 8 for evacuation
[2025-12-25T05:37:30.563+0000][gc,phases   ] GC(877)   Pre Evacuate Collection Set: 1.0ms
[2025-12-25T05:37:30.563+0000][gc,phases   ] GC(877)   Merge Heap Roots: 0.3ms
[2025-12-25T05:37:30.563+0000][gc,phases   ] GC(877)   Evacuate Collection Set: 10.7ms
[2025-12-25T05:37:30.563+0000][gc,phases   ] GC(877)   Post Evacuate Collection Set: 0.9ms
[2025-12-25T05:37:30.563+0000][gc,phases   ] GC(877)   Other: 0.2ms
[2025-12-25T05:37:30.563+0000][gc,heap     ] GC(877) Eden regions: 597->0(603)
[2025-12-25T05:37:30.563+0000][gc,heap     ] GC(877) Survivor regions: 9->6(61)
[2025-12-25T05:37:30.563+0000][gc,heap     ] GC(877) Old regions: 206->206
[2025-12-25T05:37:30.563+0000][gc,heap     ] GC(877) Humongous regions: 151->151
[2025-12-25T05:37:30.563+0000][gc,metaspace] GC(877) Metaspace: 16273K(16640K)->16273K(16640K) NonClass: 14598K(14720K)->14598K(14720K) Class: 1674K(1920K)->1674K(1920K)
[2025-12-25T05:37:30.563+0000][gc          ] GC(877) Pause Young (Normal) (G1 Evacuation Pause) 961M->361M(1024M) 14.319ms
[2025-12-25T05:37:30.563+0000][gc,cpu      ] GC(877) User=0.09s Sys=0.00s Real=0.02s
[2025-12-25T05:38:00.805+0000][gc,start    ] GC(878) Pause Young (Normal) (G1 Evacuation Pause)
[2025-12-25T05:38:00.805+0000][gc,task     ] GC(878) Using 8 workers of 8 for evacuation
[2025-12-25T05:38:00.818+0000][gc,phases   ] GC(878)   Pre Evacuate Collection Set: 1.0ms
[2025-12-25T05:38:00.818+0000][gc,phases   ] GC(878)   Merge Heap Roots: 0.2ms
[2025-12-25T05:38:00.818+0000][gc,phases   ] GC(878)   Evacuate Collection Set: 10.4ms
[2025-12-25T05:38:00.818+0000][gc,phases   ] GC(878)   Post Evacuate Collection Set: 0.9ms
[2025-12-25T05:38:00.818+0000][gc,phases   ] GC(878)   Other: 0.2ms
[2025-12-25T05:38:00.818+0000][gc,heap     ] GC(878) Eden regions: 603->0(601)
[2025-12-25T05:38:00.818+0000][gc,heap     ] GC(878) Survivor regions: 6->7(58)
[2025-12-25T05:38:00.818+0000][gc,heap     ] GC(878) Old regions: 206->206
[2025-12-25T05:38:00.818+0000][gc,heap     ] GC(878) Humongous regions: 151->151
[2025-12-25T05:38:00.818+0000][gc,metaspace] GC(878) Metaspace: 16273K(16640K)->16273K(16640K) NonClass: 14598K(14720K)->14598K(14720K) Class: 1674K(1920K)->1674K(1920K)
[2025-12-25T05:38:00.818+0000][gc          ] GC(878) Pause Young (Normal) (G1 Evacuation Pause) 964M->363M(1024M) 13.817ms
[2025-12-25T05:38:00.818+0000][gc,cpu      ] GC(878) User=0.09s Sys=0.01s Real=0.01s
[2025-12-25T05:38:40.417+0000][gc,start    ] GC(879) Pause Young (Normal) (G1 Evacuation Pause)
[2025-12-25T05:38:40.417+0000][gc,task     ] GC(879) Using 8 workers of 8 for evacuation
[2025-12-25T05:38:40.436+0000][gc,phases   ] GC(879)   Pre Evacuate Collection Set: 1.0ms
[2025-12-25T05:38:40.436+0000][gc,phases   ] GC(879)   Merge Heap Roots: 0.2ms
[2025-12-25T05:38:40.437+0000][gc,phases   ] GC(879)   Evacuate Collection Set: 16.4ms
[2025-12-25T05:38:40.437+0000][gc,phases   ] GC(879)   Post Evacuate Collection Set: 1.3ms
[2025-12-25T05:38:40.437+0000][gc,phases   ] GC(879)   Other: 0.3ms
[2025-12-25T05:38:40.437+0000][gc,heap     ] GC(879) Eden regions: 601->0(602)
[2025-12-25T05:38:40.437+0000][gc,heap     ] GC(879) Survivor regions: 7->6(59)
[2025-12-25T05:38:40.437+0000][gc,heap     ] GC(879) Old regions: 206->207
[2025-12-25T05:38:40.437+0000][gc,heap     ] GC(879) Humongous regions: 151->151
[2025-12-25T05:38:40.437+0000][gc,metaspace] GC(879) Metaspace: 16277K(16640K)->16277K(16640K) NonClass: 14602K(14720K)->14602K(14720K) Class: 1674K(1920K)->1674K(1920K)
[2025-12-25T05:38:40.437+0000][gc          ] GC(879) Pause Young (Normal) (G1 Evacuation Pause) 964M->363M(1024M) 20.578ms
[2025-12-25T05:38:40.437+0000][gc,cpu      ] GC(879) User=0.13s Sys=0.01s Real=0.02s
[2025-12-25T05:39:10.604+0000][gc,start    ] GC(880) Pause Young (Normal) (G1 Evacuation Pause)
[2025-12-25T05:39:10.604+0000][gc,task     ] GC(880) Using 8 workers of 8 for evacuation
[2025-12-25T05:39:10.622+0000][gc,phases   ] GC(880)   Pre Evacuate Collection Set: 1.0ms
[2025-12-25T05:39:10.622+0000][gc,phases   ] GC(880)   Merge Heap Roots: 0.7ms
[2025-12-25T05:39:10.622+0000][gc,phases   ] GC(880)   Evacuate Collection Set: 14.9ms
[2025-12-25T05:39:10.622+0000][gc,phases   ] GC(880)   Post Evacuate Collection Set: 1.2ms
[2025-12-25T05:39:10.622+0000][gc,phases   ] GC(880)   Other: 0.2ms
[2025-12-25T05:39:10.623+0000][gc,heap     ] GC(880) Eden regions: 602->0(600)
[2025-12-25T05:39:10.623+0000][gc,heap     ] GC(880) Survivor regions: 6->7(58)
[2025-12-25T05:39:10.623+0000][gc,heap     ] GC(880) Old regions: 207->207
[2025-12-25T05:39:10.623+0000][gc,heap     ] GC(880) Humongous regions: 151->151
[2025-12-25T05:39:10.623+0000][gc,metaspace] GC(880) Metaspace: 16277K(16640K)->16277K(16640K) NonClass: 14602K(14720K)->14602K(14720K) Class: 1674K(1920K)->1674K(1920K)
[2025-12-25T05:39:10.623+0000][gc          ] GC(880) Pause Young (Normal) (G1 Evacuation Pause) 965M->364M(1024M) 19.227ms
[2025-12-25T05:39:10.623+0000][gc,cpu      ] GC(880) User=0.12s Sys=0.00s Real=0.02s
[2025-12-25T05:39:40.801+0000][gc,start    ] GC(881) Pause Young (Normal) (G1 Evacuation Pause)
[2025-12-25T05:39:40.802+0000][gc,task     ] GC(881) Using 8 workers of 8 for evacuation
[2025-12-25T05:39:40.819+0000][gc,phases   ] GC(881)   Pre Evacuate Collection Set: 1.3ms
[2025-12-25T05:39:40.820+0000][gc,phases   ] GC(881)   Merge Heap Roots: 0.3ms
[2025-12-25T05:39:40.820+0000][gc,phases   ] GC(881)   Evacuate Collection Set: 14.7ms
[2025-12-25T05:39:40.820+0000][gc,phases   ] GC(881)   Post Evacuate Collection Set: 1.4ms
[2025-12-25T05:39:40.820+0000][gc,phases   ] GC(881)   Other: 0.2ms
[2025-12-25T05:39:40.820+0000][gc,heap     ] GC(881) Eden regions: 600->0(596)
[2025-12-25T05:39:40.820+0000][gc,heap     ] GC(881) Survivor regions: 7->9(59)
[2025-12-25T05:39:40.820+0000][gc,heap     ] GC(881) Old regions: 207->207
[2025-12-25T05:39:40.820+0000][gc,heap     ] GC(881) Humongous regions: 151->151
[2025-12-25T05:39:40.820+0000][gc,metaspace] GC(881) Metaspace: 16277K(16640K)->16277K(16640K) NonClass: 14602K(14720K)->14602K(14720K) Class: 1674K(1920K)->1674K(1920K)
[2025-12-25T05:39:40.820+0000][gc          ] GC(881) Pause Young (Normal) (G1 Evacuation Pause) 964M->365M(1024M) 19.214ms
[2025-12-25T05:39:40.820+0000][gc,cpu      ] GC(881) User=0.12s Sys=0.00s Real=0.02s
[2025-12-25T05:40:20.428+0000][gc,start    ] GC(882) Pause Young (Normal) (G1 Evacuation Pause)
[2025-12-25T05:40:20.429+0000][gc,task     ] GC(882) Using 8 workers of 8 for evacuation
[2025-12-25T05:40:20.442+0000][gc,phases   ] GC(882)   Pre Evacuate Collection Set: 1.2ms
[2025-12-25T05:40:20.442+0000][gc,phases   ] GC(882)   Merge Heap Roots: 0.3ms
[2025-12-25T05:40:20.442+0000][gc,phases   ] GC(882)   Evacuate Collection Set: 10.0ms
[2025-12-25T05:40:20.442+0000][gc,phases   ] GC(882)   Post Evacuate Collection Set: 1.2ms
[2025-12-25T05:40:20.442+0000][gc,phases   ] GC(882)   Other: 0.3ms
[2025-12-25T05:40:20.442+0000][gc,heap     ] GC(882) Eden regions: 596->0(598)
[2025-12-25T05:40:20.442+0000][gc,heap     ] GC(882) Survivor regions: 9->8(61)
[2025-12-25T05:40:20.442+0000][gc,heap     ] GC(882) Old regions: 207->207
[2025-12-25T05:40:20.442+0000][gc,heap     ] GC(882) Humongous regions: 151->151
[2025-12-25T05:40:20.442+0000][gc,metaspace] GC(882) Metaspace: 16277K(16640K)->16277K(16640K) NonClass: 14602K(14720K)->14602K(14720K) Class: 1674K(1920K)->1674K(1920K)
[2025-12-25T05:40:20.442+0000][gc          ] GC(882) Pause Young (Normal) (G1 Evacuation Pause) 961M->365M(1024M) 14.405ms
[2025-12-25T05:40:20.443+0000][gc,cpu      ] GC(882) User=0.07s Sys=0.00s Real=0.01s
[2025-12-25T05:40:50.597+0000][gc,start    ] GC(883) Pause Young (Normal) (G1 Evacuation Pause)
[2025-12-25T05:40:50.597+0000][gc,task     ] GC(883) Using 8 workers of 8 for evacuation
[2025-12-25T05:40:50.619+0000][gc,phases   ] GC(883)   Pre Evacuate Collection Set: 4.1ms
[2025-12-25T05:40:50.620+0000][gc,phases   ] GC(883)   Merge Heap Roots: 1.5ms
[2025-12-25T05:40:50.620+0000][gc,phases   ] GC(883)   Evacuate Collection Set: 14.2ms
[2025-12-25T05:40:50.620+0000][gc,phases   ] GC(883)   Post Evacuate Collection Set: 1.3ms
[2025-12-25T05:40:50.620+0000][gc,phases   ] GC(883)   Other: 0.9ms
[2025-12-25T05:40:50.620+0000][gc,heap     ] GC(883) Eden regions: 598->0(595)
[2025-12-25T05:40:50.620+0000][gc,heap     ] GC(883) Survivor regions: 8->9(60)
[2025-12-25T05:40:50.620+0000][gc,heap     ] GC(883) Old regions: 207->208
[2025-12-25T05:40:50.620+0000][gc,heap     ] GC(883) Humongous regions: 151->151
[2025-12-25T05:40:50.620+0000][gc,metaspace] GC(883) Metaspace: 16277K(16640K)->16277K(16640K) NonClass: 14602K(14720K)->14602K(14720K) Class: 1674K(1920K)->1674K(1920K)
[2025-12-25T05:40:50.620+0000][gc          ] GC(883) Pause Young (Normal) (G1 Evacuation Pause) 963M->367M(1024M) 23.427ms
[2025-12-25T05:40:50.620+0000][gc,cpu      ] GC(883) User=0.13s Sys=0.00s Real=0.02s
[2025-12-25T05:41:20.792+0000][gc,start    ] GC(884) Pause Young (Normal) (G1 Evacuation Pause)
[2025-12-25T05:41:20.792+0000][gc,task     ] GC(884) Using 8 workers of 8 for evacuation
[2025-12-25T05:41:20.809+0000][gc,phases   ] GC(884)   Pre Evacuate Collection Set: 1.5ms
[2025-12-25T05:41:20.810+0000][gc,phases   ] GC(884)   Merge Heap Roots: 0.3ms
[2025-12-25T05:41:20.810+0000][gc,phases   ] GC(884)   Evacuate Collection Set: 13.7ms
[2025-12-25T05:41:20.810+0000][gc,phases   ] GC(884)   Post Evacuate Collection Set: 1.0ms
[2025-12-25T05:41:20.810+0000][gc,phases   ] GC(884)   Other: 0.4ms
[2025-12-25T05:41:20.810+0000][gc,heap     ] GC(884) Eden regions: 595->0(591)
[2025-12-25T05:41:20.810+0000][gc,heap     ] GC(884) Survivor regions: 9->11(61)
[2025-12-25T05:41:20.810+0000][gc,heap     ] GC(884) Old regions: 208->208
[2025-12-25T05:41:20.810+0000][gc,heap     ] GC(884) Humongous regions: 151->151
[2025-12-25T05:41:20.810+0000][gc,metaspace] GC(884) Metaspace: 16277K(16640K)->16277K(16640K) NonClass: 14602K(14720K)->14602K(14720K) Class: 1674K(1920K)->1674K(1920K)
[2025-12-25T05:41:20.810+0000][gc          ] GC(884) Pause Young (Normal) (G1 Evacuation Pause) 962M->368M(1024M) 18.363ms
[2025-12-25T05:41:20.810+0000][gc,cpu      ] GC(884) User=0.11s Sys=0.00s Real=0.02s
[2025-12-25T05:42:00.401+0000][gc,start    ] GC(885) Pause Young (Normal) (G1 Evacuation Pause)
[2025-12-25T05:42:00.401+0000][gc,task     ] GC(885) Using 8 workers of 8 for evacuation
[2025-12-25T05:42:00.416+0000][gc,phases   ] GC(885)   Pre Evacuate Collection Set: 1.0ms
[2025-12-25T05:42:00.416+0000][gc,phases   ] GC(885)   Merge Heap Roots: 0.3ms
[2025-12-25T05:42:00.416+0000][gc,phases   ] GC(885)   Evacuate Collection Set: 12.0ms
[2025-12-25T05:42:00.416+0000][gc,phases   ] GC(885)   Post Evacuate Collection Set: 1.1ms
[2025-12-25T05:42:00.416+0000][gc,phases   ] GC(885)   Other: 0.2ms
[2025-12-25T05:42:00.416+0000][gc,heap     ] GC(885) Eden regions: 591->0(603)
[2025-12-25T05:42:00.416+0000][gc,heap     ] GC(885) Survivor regions: 11->5(63)
[2025-12-25T05:42:00.417+0000][gc,heap     ] GC(885) Old regions: 208->208
[2025-12-25T05:42:00.417+0000][gc,heap     ] GC(885) Humongous regions: 151->151
[2025-12-25T05:42:00.417+0000][gc,metaspace] GC(885) Metaspace: 16277K(16640K)->16277K(16640K) NonClass: 14602K(14720K)->14602K(14720K) Class: 1674K(1920K)->1674K(1920K)
[2025-12-25T05:42:00.417+0000][gc          ] GC(885) Pause Young (Normal) (G1 Evacuation Pause) 959M->363M(1024M) 15.746ms
[2025-12-25T05:42:00.417+0000][gc,cpu      ] GC(885) User=0.11s Sys=0.00s Real=0.02s
[2025-12-25T05:42:30.554+0000][gc,start    ] GC(886) Pause Young (Normal) (G1 Evacuation Pause)
[2025-12-25T05:42:30.554+0000][gc,task     ] GC(886) Using 8 workers of 8 for evacuation
[2025-12-25T05:42:30.572+0000][gc,phases   ] GC(886)   Pre Evacuate Collection Set: 1.0ms
[2025-12-25T05:42:30.572+0000][gc,phases   ] GC(886)   Merge Heap Roots: 0.3ms
[2025-12-25T05:42:30.572+0000][gc,phases   ] GC(886)   Evacuate Collection Set: 14.8ms
[2025-12-25T05:42:30.572+0000][gc,phases   ] GC(886)   Post Evacuate Collection Set: 1.2ms
[2025-12-25T05:42:30.572+0000][gc,phases   ] GC(886)   Other: 0.2ms
[2025-12-25T05:42:30.572+0000][gc,heap     ] GC(886) Eden regions: 603->0(601)
[2025-12-25T05:42:30.572+0000][gc,heap     ] GC(886) Survivor regions: 5->6(57)
[2025-12-25T05:42:30.572+0000][gc,heap     ] GC(886) Old regions: 208->208
[2025-12-25T05:42:30.572+0000][gc,heap     ] GC(886) Humongous regions: 151->151
[2025-12-25T05:42:30.572+0000][gc,metaspace] GC(886) Metaspace: 16277K(16640K)->16277K(16640K) NonClass: 14602K(14720K)->14602K(14720K) Class: 1674K(1920K)->1674K(1920K)
[2025-12-25T05:42:30.572+0000][gc          ] GC(886) Pause Young (Normal) (G1 Evacuation Pause) 966M->364M(1024M) 18.309ms
[2025-12-25T05:42:30.572+0000][gc,cpu      ] GC(886) User=0.13s Sys=0.00s Real=0.01s
[2025-12-25T05:43:00.702+0000][gc,start    ] GC(887) Pause Young (Normal) (G1 Evacuation Pause)
[2025-12-25T05:43:00.703+0000][gc,task     ] GC(887) Using 8 workers of 8 for evacuation
[2025-12-25T05:43:00.714+0000][gc,phases   ] GC(887)   Pre Evacuate Collection Set: 1.1ms
[2025-12-25T05:43:00.714+0000][gc,phases   ] GC(887)   Merge Heap Roots: 0.3ms
[2025-12-25T05:43:00.714+0000][gc,phases   ] GC(887)   Evacuate Collection Set: 9.1ms
[2025-12-25T05:43:00.714+0000][gc,phases   ] GC(887)   Post Evacuate Collection Set: 0.9ms
[2025-12-25T05:43:00.714+0000][gc,phases   ] GC(887)   Other: 0.2ms
[2025-12-25T05:43:00.714+0000][gc,heap     ] GC(887) Eden regions: 601->0(596)
[2025-12-25T05:43:00.714+0000][gc,heap     ] GC(887) Survivor regions: 6->8(58)
[2025-12-25T05:43:00.714+0000][gc,heap     ] GC(887) Old regions: 208->209
[2025-12-25T05:43:00.714+0000][gc,heap     ] GC(887) Humongous regions: 151->151
[2025-12-25T05:43:00.714+0000][gc,metaspace] GC(887) Metaspace: 16277K(16640K)->16277K(16640K) NonClass: 14602K(14720K)->14602K(14720K) Class: 1674K(1920K)->1674K(1920K)
[2025-12-25T05:43:00.715+0000][gc          ] GC(887) Pause Young (Normal) (G1 Evacuation Pause) 965M->366M(1024M) 12.529ms
[2025-12-25T05:43:00.715+0000][gc,cpu      ] GC(887) User=0.07s Sys=0.01s Real=0.01s
[2025-12-25T05:43:40.411+0000][gc,start    ] GC(888) Pause Young (Normal) (G1 Evacuation Pause)
[2025-12-25T05:43:40.412+0000][gc,task     ] GC(888) Using 8 workers of 8 for evacuation
[2025-12-25T05:43:40.428+0000][gc,phases   ] GC(888)   Pre Evacuate Collection Set: 1.1ms
[2025-12-25T05:43:40.428+0000][gc,phases   ] GC(888)   Merge Heap Roots: 0.3ms
[2025-12-25T05:43:40.428+0000][gc,phases   ] GC(888)   Evacuate Collection Set: 13.4ms
[2025-12-25T05:43:40.428+0000][gc,phases   ] GC(888)   Post Evacuate Collection Set: 1.1ms
[2025-12-25T05:43:40.428+0000][gc,phases   ] GC(888)   Other: 0.2ms
[2025-12-25T05:43:40.428+0000][gc,heap     ] GC(888) Eden regions: 596->0(598)
[2025-12-25T05:43:40.428+0000][gc,heap     ] GC(888) Survivor regions: 8->7(60)
[2025-12-25T05:43:40.428+0000][gc,heap     ] GC(888) Old regions: 209->209
[2025-12-25T05:43:40.428+0000][gc,heap     ] GC(888) Humongous regions: 151->151
[2025-12-25T05:43:40.428+0000][gc,metaspace] GC(888) Metaspace: 16277K(16640K)->16277K(16640K) NonClass: 14602K(14720K)->14602K(14720K) Class: 1674K(1920K)->1674K(1920K)
[2025-12-25T05:43:40.428+0000][gc          ] GC(888) Pause Young (Normal) (G1 Evacuation Pause) 962M->366M(1024M) 17.282ms
[2025-12-25T05:43:40.429+0000][gc,cpu      ] GC(888) User=0.09s Sys=0.01s Real=0.02s
[2025-12-25T05:44:10.595+0000][gc,start    ] GC(889) Pause Young (Normal) (G1 Evacuation Pause)
[2025-12-25T05:44:10.596+0000][gc,task     ] GC(889) Using 8 workers of 8 for evacuation
[2025-12-25T05:44:10.606+0000][gc,phases   ] GC(889)   Pre Evacuate Collection Set: 1.1ms
[2025-12-25T05:44:10.606+0000][gc,phases   ] GC(889)   Merge Heap Roots: 0.4ms
[2025-12-25T05:44:10.606+0000][gc,phases   ] GC(889)   Evacuate Collection Set: 7.2ms
[2025-12-25T05:44:10.606+0000][gc,phases   ] GC(889)   Post Evacuate Collection Set: 1.1ms
[2025-12-25T05:44:10.606+0000][gc,phases   ] GC(889)   Other: 0.2ms
[2025-12-25T05:44:10.606+0000][gc,heap     ] GC(889) Eden regions: 598->0(594)
[2025-12-25T05:44:10.606+0000][gc,heap     ] GC(889) Survivor regions: 7->9(59)
[2025-12-25T05:44:10.606+0000][gc,heap     ] GC(889) Old regions: 209->209
[2025-12-25T05:44:10.606+0000][gc,heap     ] GC(889) Humongous regions: 151->151
[2025-12-25T05:44:10.606+0000][gc,metaspace] GC(889) Metaspace: 16277K(16640K)->16277K(16640K) NonClass: 14602K(14720K)->14602K(14720K) Class: 1674K(1920K)->1674K(1920K)
[2025-12-25T05:44:10.606+0000][gc          ] GC(889) Pause Young (Normal) (G1 Evacuation Pause) 964M->367M(1024M) 10.951ms
[2025-12-25T05:44:10.606+0000][gc,cpu      ] GC(889) User=0.06s Sys=0.00s Real=0.01s
[2025-12-25T05:44:40.767+0000][gc,start    ] GC(890) Pause Young (Normal) (G1 Evacuation Pause)
[2025-12-25T05:44:40.768+0000][gc,task     ] GC(890) Using 8 workers of 8 for evacuation
[2025-12-25T05:44:40.787+0000][gc,phases   ] GC(890)   Pre Evacuate Collection Set: 1.0ms
[2025-12-25T05:44:40.787+0000][gc,phases   ] GC(890)   Merge Heap Roots: 0.2ms
[2025-12-25T05:44:40.787+0000][gc,phases   ] GC(890)   Evacuate Collection Set: 16.4ms
[2025-12-25T05:44:40.787+0000][gc,phases   ] GC(890)   Post Evacuate Collection Set: 1.2ms
[2025-12-25T05:44:40.787+0000][gc,phases   ] GC(890)   Other: 0.3ms
[2025-12-25T05:44:40.787+0000][gc,heap     ] GC(890) Eden regions: 594->0(592)
[2025-12-25T05:44:40.787+0000][gc,heap     ] GC(890) Survivor regions: 9->10(61)
[2025-12-25T05:44:40.787+0000][gc,heap     ] GC(890) Old regions: 209->209
[2025-12-25T05:44:40.787+0000][gc,heap     ] GC(890) Humongous regions: 151->151
[2025-12-25T05:44:40.788+0000][gc,metaspace] GC(890) Metaspace: 16277K(16640K)->16277K(16640K) NonClass: 14602K(14720K)->14602K(14720K) Class: 1674K(1920K)->1674K(1920K)
[2025-12-25T05:44:40.788+0000][gc          ] GC(890) Pause Young (Normal) (G1 Evacuation Pause) 961M->368M(1024M) 20.423ms
[2025-12-25T05:44:40.788+0000][gc,cpu      ] GC(890) User=0.13s Sys=0.00s Real=0.02s
[2025-12-25T05:45:20.362+0000][gc,start    ] GC(891) Pause Young (Normal) (G1 Evacuation Pause)
[2025-12-25T05:45:20.363+0000][gc,task     ] GC(891) Using 8 workers of 8 for evacuation
[2025-12-25T05:45:20.381+0000][gc,phases   ] GC(891)   Pre Evacuate Collection Set: 1.0ms
[2025-12-25T05:45:20.381+0000][gc,phases   ] GC(891)   Merge Heap Roots: 0.2ms
[2025-12-25T05:45:20.381+0000][gc,phases   ] GC(891)   Evacuate Collection Set: 15.1ms
[2025-12-25T05:45:20.381+0000][gc,phases   ] GC(891)   Post Evacuate Collection Set: 1.3ms
[2025-12-25T05:45:20.381+0000][gc,phases   ] GC(891)   Other: 0.2ms
[2025-12-25T05:45:20.381+0000][gc,heap     ] GC(891) Eden regions: 592->0(594)
[2025-12-25T05:45:20.381+0000][gc,heap     ] GC(891) Survivor regions: 10->9(62)
[2025-12-25T05:45:20.381+0000][gc,heap     ] GC(891) Old regions: 209->209
[2025-12-25T05:45:20.381+0000][gc,heap     ] GC(891) Humongous regions: 151->151
[2025-12-25T05:45:20.381+0000][gc,metaspace] GC(891) Metaspace: 16277K(16640K)->16277K(16640K) NonClass: 14602K(14720K)->14602K(14720K) Class: 1674K(1920K)->1674K(1920K)
[2025-12-25T05:45:20.381+0000][gc          ] GC(891) Pause Young (Normal) (G1 Evacuation Pause) 960M->368M(1024M) 18.832ms
[2025-12-25T05:45:20.381+0000][gc,cpu      ] GC(891) User=0.13s Sys=0.00s Real=0.02s
[2025-12-25T05:45:50.503+0000][gc,start    ] GC(892) Pause Young (Normal) (G1 Evacuation Pause)
[2025-12-25T05:45:50.504+0000][gc,task     ] GC(892) Using 8 workers of 8 for evacuation
[2025-12-25T05:45:50.518+0000][gc,phases   ] GC(892)   Pre Evacuate Collection Set: 1.1ms
[2025-12-25T05:45:50.518+0000][gc,phases   ] GC(892)   Merge Heap Roots: 0.2ms
[2025-12-25T05:45:50.519+0000][gc,phases   ] GC(892)   Evacuate Collection Set: 11.0ms
[2025-12-25T05:45:50.519+0000][gc,phases   ] GC(892)   Post Evacuate Collection Set: 1.6ms
[2025-12-25T05:45:50.519+0000][gc,phases   ] GC(892)   Other: 0.5ms
[2025-12-25T05:45:50.519+0000][gc,heap     ] GC(892) Eden regions: 594->0(599)
[2025-12-25T05:45:50.519+0000][gc,heap     ] GC(892) Survivor regions: 9->6(61)
[2025-12-25T05:45:50.519+0000][gc,heap     ] GC(892) Old regions: 209->210
[2025-12-25T05:45:50.519+0000][gc,heap     ] GC(892) Humongous regions: 151->151
[2025-12-25T05:45:50.519+0000][gc,metaspace] GC(892) Metaspace: 16277K(16640K)->16277K(16640K) NonClass: 14602K(14720K)->14602K(14720K) Class: 1674K(1920K)->1674K(1920K)
[2025-12-25T05:45:50.519+0000][gc          ] GC(892) Pause Young (Normal) (G1 Evacuation Pause) 962M->365M(1024M) 16.740ms
[2025-12-25T05:45:50.519+0000][gc,cpu      ] GC(892) User=0.09s Sys=0.00s Real=0.02s
[2025-12-25T05:46:20.715+0000][gc,start    ] GC(893) Pause Young (Normal) (G1 Evacuation Pause)
[2025-12-25T05:46:20.716+0000][gc,task     ] GC(893) Using 8 workers of 8 for evacuation
[2025-12-25T05:46:20.727+0000][gc,phases   ] GC(893)   Pre Evacuate Collection Set: 1.1ms
[2025-12-25T05:46:20.727+0000][gc,phases   ] GC(893)   Merge Heap Roots: 0.4ms
[2025-12-25T05:46:20.728+0000][gc,phases   ] GC(893)   Evacuate Collection Set: 6.9ms
[2025-12-25T05:46:20.728+0000][gc,phases   ] GC(893)   Post Evacuate Collection Set: 2.8ms
[2025-12-25T05:46:20.728+0000][gc,phases   ] GC(893)   Other: 0.2ms
[2025-12-25T05:46:20.728+0000][gc,heap     ] GC(893) Eden regions: 599->0(597)
[2025-12-25T05:46:20.728+0000][gc,heap     ] GC(893) Survivor regions: 6->7(58)
[2025-12-25T05:46:20.728+0000][gc,heap     ] GC(893) Old regions: 210->210
[2025-12-25T05:46:20.728+0000][gc,heap     ] GC(893) Humongous regions: 151->151
[2025-12-25T05:46:20.728+0000][gc,metaspace] GC(893) Metaspace: 16277K(16640K)->16277K(16640K) NonClass: 14602K(14720K)->14602K(14720K) Class: 1674K(1920K)->1674K(1920K)
[2025-12-25T05:46:20.728+0000][gc          ] GC(893) Pause Young (Normal) (G1 Evacuation Pause) 964M->366M(1024M) 13.129ms
[2025-12-25T05:46:20.728+0000][gc,cpu      ] GC(893) User=0.07s Sys=0.00s Real=0.01s
[2025-12-25T05:47:00.357+0000][gc,start    ] GC(894) Pause Young (Normal) (G1 Evacuation Pause)
[2025-12-25T05:47:00.358+0000][gc,task     ] GC(894) Using 8 workers of 8 for evacuation
[2025-12-25T05:47:00.367+0000][gc,phases   ] GC(894)   Pre Evacuate Collection Set: 1.1ms
[2025-12-25T05:47:00.367+0000][gc,phases   ] GC(894)   Merge Heap Roots: 0.3ms
[2025-12-25T05:47:00.367+0000][gc,phases   ] GC(894)   Evacuate Collection Set: 6.6ms
[2025-12-25T05:47:00.367+0000][gc,phases   ] GC(894)   Post Evacuate Collection Set: 1.0ms
[2025-12-25T05:47:00.367+0000][gc,phases   ] GC(894)   Other: 0.2ms
[2025-12-25T05:47:00.367+0000][gc,heap     ] GC(894) Eden regions: 597->0(599)
[2025-12-25T05:47:00.367+0000][gc,heap     ] GC(894) Survivor regions: 7->6(59)
[2025-12-25T05:47:00.367+0000][gc,heap     ] GC(894) Old regions: 210->210
[2025-12-25T05:47:00.367+0000][gc,heap     ] GC(894) Humongous regions: 151->151
[2025-12-25T05:47:00.367+0000][gc,metaspace] GC(894) Metaspace: 16277K(16640K)->16277K(16640K) NonClass: 14602K(14720K)->14602K(14720K) Class: 1674K(1920K)->1674K(1920K)
[2025-12-25T05:47:00.367+0000][gc          ] GC(894) Pause Young (Normal) (G1 Evacuation Pause) 963M->365M(1024M) 10.329ms
[2025-12-25T05:47:00.367+0000][gc,cpu      ] GC(894) User=0.06s Sys=0.00s Real=0.01s
[2025-12-25T05:47:30.574+0000][gc,start    ] GC(895) Pause Young (Normal) (G1 Evacuation Pause)
[2025-12-25T05:47:30.575+0000][gc,task     ] GC(895) Using 8 workers of 8 for evacuation
[2025-12-25T05:47:30.591+0000][gc,phases   ] GC(895)   Pre Evacuate Collection Set: 1.1ms
[2025-12-25T05:47:30.591+0000][gc,phases   ] GC(895)   Merge Heap Roots: 0.5ms
[2025-12-25T05:47:30.591+0000][gc,phases   ] GC(895)   Evacuate Collection Set: 13.1ms
[2025-12-25T05:47:30.591+0000][gc,phases   ] GC(895)   Post Evacuate Collection Set: 1.2ms
[2025-12-25T05:47:30.591+0000][gc,phases   ] GC(895)   Other: 0.3ms
[2025-12-25T05:47:30.591+0000][gc,heap     ] GC(895) Eden regions: 599->0(595)
[2025-12-25T05:47:30.591+0000][gc,heap     ] GC(895) Survivor regions: 6->8(58)
[2025-12-25T05:47:30.591+0000][gc,heap     ] GC(895) Old regions: 210->210
[2025-12-25T05:47:30.592+0000][gc,heap     ] GC(895) Humongous regions: 151->151
[2025-12-25T05:47:30.592+0000][gc,metaspace] GC(895) Metaspace: 16277K(16640K)->16277K(16640K) NonClass: 14602K(14720K)->14602K(14720K) Class: 1674K(1920K)->1674K(1920K)
[2025-12-25T05:47:30.592+0000][gc          ] GC(895) Pause Young (Normal) (G1 Evacuation Pause) 964M->368M(1024M) 17.604ms
[2025-12-25T05:47:30.592+0000][gc,cpu      ] GC(895) User=0.11s Sys=0.00s Real=0.02s
[2025-12-25T05:48:00.691+0000][gc,start    ] GC(896) Pause Young (Normal) (G1 Evacuation Pause)
[2025-12-25T05:48:00.692+0000][gc,task     ] GC(896) Using 8 workers of 8 for evacuation
[2025-12-25T05:48:00.705+0000][gc,phases   ] GC(896)   Pre Evacuate Collection Set: 1.1ms
[2025-12-25T05:48:00.705+0000][gc,phases   ] GC(896)   Merge Heap Roots: 0.2ms
[2025-12-25T05:48:00.705+0000][gc,phases   ] GC(896)   Evacuate Collection Set: 10.4ms
[2025-12-25T05:48:00.705+0000][gc,phases   ] GC(896)   Post Evacuate Collection Set: 1.0ms
[2025-12-25T05:48:00.705+0000][gc,phases   ] GC(896)   Other: 0.2ms
[2025-12-25T05:48:00.705+0000][gc,heap     ] GC(896) Eden regions: 595->0(593)
[2025-12-25T05:48:00.705+0000][gc,heap     ] GC(896) Survivor regions: 8->9(60)
[2025-12-25T05:48:00.705+0000][gc,heap     ] GC(896) Old regions: 210->210
[2025-12-25T05:48:00.705+0000][gc,heap     ] GC(896) Humongous regions: 151->151
[2025-12-25T05:48:00.705+0000][gc,metaspace] GC(896) Metaspace: 16277K(16640K)->16277K(16640K) NonClass: 14602K(14720K)->14602K(14720K) Class: 1674K(1920K)->1674K(1920K)
[2025-12-25T05:48:00.705+0000][gc          ] GC(896) Pause Young (Normal) (G1 Evacuation Pause) 963M->369M(1024M) 14.050ms
[2025-12-25T05:48:00.705+0000][gc,cpu      ] GC(896) User=0.08s Sys=0.00s Real=0.01s
[2025-12-25T05:48:40.411+0000][gc,start    ] GC(897) Pause Young (Normal) (G1 Evacuation Pause)
[2025-12-25T05:48:40.412+0000][gc,task     ] GC(897) Using 8 workers of 8 for evacuation
[2025-12-25T05:48:40.435+0000][gc,phases   ] GC(897)   Pre Evacuate Collection Set: 7.8ms
[2025-12-25T05:48:40.435+0000][gc,phases   ] GC(897)   Merge Heap Roots: 0.9ms
[2025-12-25T05:48:40.435+0000][gc,phases   ] GC(897)   Evacuate Collection Set: 12.2ms
[2025-12-25T05:48:40.435+0000][gc,phases   ] GC(897)   Post Evacuate Collection Set: 1.2ms
[2025-12-25T05:48:40.435+0000][gc,phases   ] GC(897)   Other: 0.6ms
[2025-12-25T05:48:40.435+0000][gc,heap     ] GC(897) Eden regions: 593->0(594)
[2025-12-25T05:48:40.435+0000][gc,heap     ] GC(897) Survivor regions: 9->8(61)
[2025-12-25T05:48:40.435+0000][gc,heap     ] GC(897) Old regions: 210->211
[2025-12-25T05:48:40.435+0000][gc,heap     ] GC(897) Humongous regions: 151->151
[2025-12-25T05:48:40.435+0000][gc,metaspace] GC(897) Metaspace: 16277K(16640K)->16277K(16640K) NonClass: 14602K(14720K)->14602K(14720K) Class: 1674K(1920K)->1674K(1920K)
[2025-12-25T05:48:40.435+0000][gc          ] GC(897) Pause Young (Normal) (G1 Evacuation Pause) 962M->368M(1024M) 24.330ms
[2025-12-25T05:48:40.435+0000][gc,cpu      ] GC(897) User=0.13s Sys=0.01s Real=0.02s
[2025-12-25T05:49:10.578+0000][gc,start    ] GC(898) Pause Young (Normal) (G1 Evacuation Pause)
[2025-12-25T05:49:10.578+0000][gc,task     ] GC(898) Using 8 workers of 8 for evacuation
[2025-12-25T05:49:10.591+0000][gc,phases   ] GC(898)   Pre Evacuate Collection Set: 1.0ms
[2025-12-25T05:49:10.591+0000][gc,phases   ] GC(898)   Merge Heap Roots: 0.2ms
[2025-12-25T05:49:10.591+0000][gc,phases   ] GC(898)   Evacuate Collection Set: 10.4ms
[2025-12-25T05:49:10.591+0000][gc,phases   ] GC(898)   Post Evacuate Collection Set: 1.0ms
[2025-12-25T05:49:10.591+0000][gc,phases   ] GC(898)   Other: 0.2ms
[2025-12-25T05:49:10.591+0000][gc,heap     ] GC(898) Eden regions: 594->0(592)
[2025-12-25T05:49:10.591+0000][gc,heap     ] GC(898) Survivor regions: 8->9(60)
[2025-12-25T05:49:10.592+0000][gc,heap     ] GC(898) Old regions: 211->211
[2025-12-25T05:49:10.592+0000][gc,heap     ] GC(898) Humongous regions: 151->151
[2025-12-25T05:49:10.592+0000][gc,metaspace] GC(898) Metaspace: 16277K(16640K)->16277K(16640K) NonClass: 14602K(14720K)->14602K(14720K) Class: 1674K(1920K)->1674K(1920K)
[2025-12-25T05:49:10.592+0000][gc          ] GC(898) Pause Young (Normal) (G1 Evacuation Pause) 962M->370M(1024M) 13.675ms
[2025-12-25T05:49:10.592+0000][gc,cpu      ] GC(898) User=0.08s Sys=0.00s Real=0.01s
[2025-12-25T05:49:40.719+0000][gc,start    ] GC(899) Pause Young (Normal) (G1 Evacuation Pause)
[2025-12-25T05:49:40.719+0000][gc,task     ] GC(899) Using 8 workers of 8 for evacuation
[2025-12-25T05:49:40.734+0000][gc,phases   ] GC(899)   Pre Evacuate Collection Set: 0.9ms
[2025-12-25T05:49:40.734+0000][gc,phases   ] GC(899)   Merge Heap Roots: 0.3ms
[2025-12-25T05:49:40.734+0000][gc,phases   ] GC(899)   Evacuate Collection Set: 11.9ms
[2025-12-25T05:49:40.734+0000][gc,phases   ] GC(899)   Post Evacuate Collection Set: 1.0ms
[2025-12-25T05:49:40.734+0000][gc,phases   ] GC(899)   Other: 0.2ms
[2025-12-25T05:49:40.734+0000][gc,heap     ] GC(899) Eden regions: 592->0(588)
[2025-12-25T05:49:40.734+0000][gc,heap     ] GC(899) Survivor regions: 9->11(61)
[2025-12-25T05:49:40.734+0000][gc,heap     ] GC(899) Old regions: 211->211
[2025-12-25T05:49:40.734+0000][gc,heap     ] GC(899) Humongous regions: 151->151
[2025-12-25T05:49:40.734+0000][gc,metaspace] GC(899) Metaspace: 16277K(16640K)->16277K(16640K) NonClass: 14602K(14720K)->14602K(14720K) Class: 1674K(1920K)->1674K(1920K)
[2025-12-25T05:49:40.734+0000][gc          ] GC(899) Pause Young (Normal) (G1 Evacuation Pause) 962M->372M(1024M) 15.435ms
[2025-12-25T05:49:40.735+0000][gc,cpu      ] GC(899) User=0.09s Sys=0.00s Real=0.02s
[2025-12-25T05:50:20.291+0000][gc,start    ] GC(900) Pause Young (Normal) (G1 Evacuation Pause)
[2025-12-25T05:50:20.292+0000][gc,task     ] GC(900) Using 8 workers of 8 for evacuation
[2025-12-25T05:50:20.302+0000][gc,phases   ] GC(900)   Pre Evacuate Collection Set: 1.2ms
[2025-12-25T05:50:20.302+0000][gc,phases   ] GC(900)   Merge Heap Roots: 0.4ms
[2025-12-25T05:50:20.302+0000][gc,phases   ] GC(900)   Evacuate Collection Set: 6.9ms
[2025-12-25T05:50:20.302+0000][gc,phases   ] GC(900)   Post Evacuate Collection Set: 1.2ms
[2025-12-25T05:50:20.302+0000][gc,phases   ] GC(900)   Other: 0.2ms
[2025-12-25T05:50:20.302+0000][gc,heap     ] GC(900) Eden regions: 588->0(600)
[2025-12-25T05:50:20.302+0000][gc,heap     ] GC(900) Survivor regions: 11->5(63)
[2025-12-25T05:50:20.302+0000][gc,heap     ] GC(900) Old regions: 211->211
[2025-12-25T05:50:20.302+0000][gc,heap     ] GC(900) Humongous regions: 151->151
[2025-12-25T05:50:20.302+0000][gc,metaspace] GC(900) Metaspace: 16287K(16640K)->16287K(16640K) NonClass: 14612K(14720K)->14612K(14720K) Class: 1674K(1920K)->1674K(1920K)
[2025-12-25T05:50:20.302+0000][gc          ] GC(900) Pause Young (Normal) (G1 Evacuation Pause) 960M->366M(1024M) 10.959ms
[2025-12-25T05:50:20.302+0000][gc,cpu      ] GC(900) User=0.06s Sys=0.00s Real=0.01s
[2025-12-25T05:50:50.588+0000][gc,start    ] GC(901) Pause Young (Normal) (G1 Evacuation Pause)
[2025-12-25T05:50:50.588+0000][gc,task     ] GC(901) Using 8 workers of 8 for evacuation
[2025-12-25T05:50:50.597+0000][gc,phases   ] GC(901)   Pre Evacuate Collection Set: 1.0ms
[2025-12-25T05:50:50.597+0000][gc,phases   ] GC(901)   Merge Heap Roots: 0.3ms
[2025-12-25T05:50:50.597+0000][gc,phases   ] GC(901)   Evacuate Collection Set: 6.3ms
[2025-12-25T05:50:50.597+0000][gc,phases   ] GC(901)   Post Evacuate Collection Set: 1.0ms
[2025-12-25T05:50:50.597+0000][gc,phases   ] GC(901)   Other: 0.3ms
[2025-12-25T05:50:50.597+0000][gc,heap     ] GC(901) Eden regions: 600->0(597)
[2025-12-25T05:50:50.597+0000][gc,heap     ] GC(901) Survivor regions: 5->6(57)
[2025-12-25T05:50:50.597+0000][gc,heap     ] GC(901) Old regions: 211->212
[2025-12-25T05:50:50.597+0000][gc,heap     ] GC(901) Humongous regions: 151->151
[2025-12-25T05:50:50.598+0000][gc,metaspace] GC(901) Metaspace: 16287K(16640K)->16287K(16640K) NonClass: 14612K(14720K)->14612K(14720K) Class: 1674K(1920K)->1674K(1920K)
[2025-12-25T05:50:50.598+0000][gc          ] GC(901) Pause Young (Normal) (G1 Evacuation Pause) 966M->368M(1024M) 10.072ms
[2025-12-25T05:50:50.598+0000][gc,cpu      ] GC(901) User=0.05s Sys=0.00s Real=0.01s
[2025-12-25T05:51:20.738+0000][gc,start    ] GC(902) Pause Young (Normal) (G1 Evacuation Pause)
[2025-12-25T05:51:20.739+0000][gc,task     ] GC(902) Using 8 workers of 8 for evacuation
[2025-12-25T05:51:20.755+0000][gc,phases   ] GC(902)   Pre Evacuate Collection Set: 1.1ms
[2025-12-25T05:51:20.755+0000][gc,phases   ] GC(902)   Merge Heap Roots: 0.3ms
[2025-12-25T05:51:20.755+0000][gc,phases   ] GC(902)   Evacuate Collection Set: 13.0ms
[2025-12-25T05:51:20.755+0000][gc,phases   ] GC(902)   Post Evacuate Collection Set: 1.4ms
[2025-12-25T05:51:20.755+0000][gc,phases   ] GC(902)   Other: 0.3ms
[2025-12-25T05:51:20.755+0000][gc,heap     ] GC(902) Eden regions: 597->0(593)
[2025-12-25T05:51:20.755+0000][gc,heap     ] GC(902) Survivor regions: 6->8(58)
[2025-12-25T05:51:20.755+0000][gc,heap     ] GC(902) Old regions: 212->212
[2025-12-25T05:51:20.755+0000][gc,heap     ] GC(902) Humongous regions: 151->151
[2025-12-25T05:51:20.755+0000][gc,metaspace] GC(902) Metaspace: 16287K(16640K)->16287K(16640K) NonClass: 14612K(14720K)->14612K(14720K) Class: 1674K(1920K)->1674K(1920K)
[2025-12-25T05:51:20.756+0000][gc          ] GC(902) Pause Young (Normal) (G1 Evacuation Pause) 965M->369M(1024M) 17.348ms
[2025-12-25T05:51:20.756+0000][gc,cpu      ] GC(902) User=0.11s Sys=0.01s Real=0.02s
[2025-12-25T05:52:00.260+0000][gc,start    ] GC(903) Pause Young (Normal) (G1 Evacuation Pause)
[2025-12-25T05:52:00.261+0000][gc,task     ] GC(903) Using 8 workers of 8 for evacuation
[2025-12-25T05:52:00.276+0000][gc,phases   ] GC(903)   Pre Evacuate Collection Set: 2.2ms
[2025-12-25T05:52:00.276+0000][gc,phases   ] GC(903)   Merge Heap Roots: 1.2ms
[2025-12-25T05:52:00.276+0000][gc,phases   ] GC(903)   Evacuate Collection Set: 10.0ms
[2025-12-25T05:52:00.276+0000][gc,phases   ] GC(903)   Post Evacuate Collection Set: 1.0ms
[2025-12-25T05:52:00.276+0000][gc,phases   ] GC(903)   Other: 0.4ms
[2025-12-25T05:52:00.276+0000][gc,heap     ] GC(903) Eden regions: 593->0(595)
[2025-12-25T05:52:00.276+0000][gc,heap     ] GC(903) Survivor regions: 8->7(60)
[2025-12-25T05:52:00.276+0000][gc,heap     ] GC(903) Old regions: 212->212
[2025-12-25T05:52:00.276+0000][gc,heap     ] GC(903) Humongous regions: 151->151
[2025-12-25T05:52:00.276+0000][gc,metaspace] GC(903) Metaspace: 16287K(16640K)->16287K(16640K) NonClass: 14612K(14720K)->14612K(14720K) Class: 1674K(1920K)->1674K(1920K)
[2025-12-25T05:52:00.276+0000][gc          ] GC(903) Pause Young (Normal) (G1 Evacuation Pause) 962M->368M(1024M) 16.068ms
[2025-12-25T05:52:00.276+0000][gc,cpu      ] GC(903) User=0.09s Sys=0.01s Real=0.02s
[2025-12-25T05:52:30.474+0000][gc,start    ] GC(904) Pause Young (Normal) (G1 Evacuation Pause)
[2025-12-25T05:52:30.474+0000][gc,task     ] GC(904) Using 8 workers of 8 for evacuation
[2025-12-25T05:52:30.488+0000][gc,phases   ] GC(904)   Pre Evacuate Collection Set: 1.2ms
[2025-12-25T05:52:30.488+0000][gc,phases   ] GC(904)   Merge Heap Roots: 0.3ms
[2025-12-25T05:52:30.488+0000][gc,phases   ] GC(904)   Evacuate Collection Set: 11.5ms
[2025-12-25T05:52:30.488+0000][gc,phases   ] GC(904)   Post Evacuate Collection Set: 1.1ms
[2025-12-25T05:52:30.489+0000][gc,phases   ] GC(904)   Other: 0.2ms
[2025-12-25T05:52:30.489+0000][gc,heap     ] GC(904) Eden regions: 595->0(593)
[2025-12-25T05:52:30.489+0000][gc,heap     ] GC(904) Survivor regions: 7->8(59)
[2025-12-25T05:52:30.489+0000][gc,heap     ] GC(904) Old regions: 212->212
[2025-12-25T05:52:30.489+0000][gc,heap     ] GC(904) Humongous regions: 151->151
[2025-12-25T05:52:30.489+0000][gc,metaspace] GC(904) Metaspace: 16289K(16640K)->16289K(16640K) NonClass: 14614K(14720K)->14614K(14720K) Class: 1674K(1920K)->1674K(1920K)
[2025-12-25T05:52:30.489+0000][gc          ] GC(904) Pause Young (Normal) (G1 Evacuation Pause) 963M->370M(1024M) 15.307ms
[2025-12-25T05:52:30.489+0000][gc,cpu      ] GC(904) User=0.09s Sys=0.00s Real=0.02s
[2025-12-25T05:53:00.625+0000][gc,start    ] GC(905) Pause Young (Normal) (G1 Evacuation Pause)
[2025-12-25T05:53:00.625+0000][gc,task     ] GC(905) Using 8 workers of 8 for evacuation
[2025-12-25T05:53:00.642+0000][gc,phases   ] GC(905)   Pre Evacuate Collection Set: 1.0ms
[2025-12-25T05:53:00.642+0000][gc,phases   ] GC(905)   Merge Heap Roots: 0.3ms
[2025-12-25T05:53:00.642+0000][gc,phases   ] GC(905)   Evacuate Collection Set: 13.3ms
[2025-12-25T05:53:00.642+0000][gc,phases   ] GC(905)   Post Evacuate Collection Set: 1.5ms
[2025-12-25T05:53:00.642+0000][gc,phases   ] GC(905)   Other: 0.5ms
[2025-12-25T05:53:00.642+0000][gc,heap     ] GC(905) Eden regions: 593->0(588)
[2025-12-25T05:53:00.642+0000][gc,heap     ] GC(905) Survivor regions: 8->10(60)
[2025-12-25T05:53:00.643+0000][gc,heap     ] GC(905) Old regions: 212->213
[2025-12-25T05:53:00.643+0000][gc,heap     ] GC(905) Humongous regions: 151->151
[2025-12-25T05:53:00.643+0000][gc,metaspace] GC(905) Metaspace: 16289K(16640K)->16289K(16640K) NonClass: 14614K(14720K)->14614K(14720K) Class: 1674K(1920K)->1674K(1920K)
[2025-12-25T05:53:00.643+0000][gc          ] GC(905) Pause Young (Normal) (G1 Evacuation Pause) 963M->372M(1024M) 18.177ms
[2025-12-25T05:53:00.643+0000][gc,cpu      ] GC(905) User=0.10s Sys=0.00s Real=0.02s
[2025-12-25T05:53:40.233+0000][gc,start    ] GC(906) Pause Young (Normal) (G1 Evacuation Pause)
[2025-12-25T05:53:40.234+0000][gc,task     ] GC(906) Using 8 workers of 8 for evacuation
[2025-12-25T05:53:40.257+0000][gc,phases   ] GC(906)   Pre Evacuate Collection Set: 3.0ms
[2025-12-25T05:53:40.257+0000][gc,phases   ] GC(906)   Merge Heap Roots: 1.0ms
[2025-12-25T05:53:40.257+0000][gc,phases   ] GC(906)   Evacuate Collection Set: 15.1ms
[2025-12-25T05:53:40.257+0000][gc,phases   ] GC(906)   Post Evacuate Collection Set: 3.6ms
[2025-12-25T05:53:40.257+0000][gc,phases   ] GC(906)   Other: 0.4ms
[2025-12-25T05:53:40.257+0000][gc,heap     ] GC(906) Eden regions: 588->0(592)
[2025-12-25T05:53:40.257+0000][gc,heap     ] GC(906) Survivor regions: 10->8(62)
[2025-12-25T05:53:40.257+0000][gc,heap     ] GC(906) Old regions: 213->213
[2025-12-25T05:53:40.257+0000][gc,heap     ] GC(906) Humongous regions: 151->151
[2025-12-25T05:53:40.257+0000][gc,metaspace] GC(906) Metaspace: 16289K(16640K)->16289K(16640K) NonClass: 14614K(14720K)->14614K(14720K) Class: 1674K(1920K)->1674K(1920K)
[2025-12-25T05:53:40.257+0000][gc          ] GC(906) Pause Young (Normal) (G1 Evacuation Pause) 960M->371M(1024M) 24.352ms
[2025-12-25T05:53:40.258+0000][gc,cpu      ] GC(906) User=0.13s Sys=0.00s Real=0.02s
[2025-12-25T05:54:10.406+0000][gc,start    ] GC(907) Pause Young (Normal) (G1 Evacuation Pause)
[2025-12-25T05:54:10.407+0000][gc,task     ] GC(907) Using 8 workers of 8 for evacuation
[2025-12-25T05:54:10.426+0000][gc,phases   ] GC(907)   Pre Evacuate Collection Set: 1.0ms
[2025-12-25T05:54:10.426+0000][gc,phases   ] GC(907)   Merge Heap Roots: 0.3ms
[2025-12-25T05:54:10.426+0000][gc,phases   ] GC(907)   Evacuate Collection Set: 16.7ms
[2025-12-25T05:54:10.427+0000][gc,phases   ] GC(907)   Post Evacuate Collection Set: 1.2ms
[2025-12-25T05:54:10.427+0000][gc,phases   ] GC(907)   Other: 0.2ms
[2025-12-25T05:54:10.427+0000][gc,heap     ] GC(907) Eden regions: 592->0(588)
[2025-12-25T05:54:10.427+0000][gc,heap     ] GC(907) Survivor regions: 8->10(60)
[2025-12-25T05:54:10.427+0000][gc,heap     ] GC(907) Old regions: 213->213
[2025-12-25T05:54:10.427+0000][gc,heap     ] GC(907) Humongous regions: 151->151
[2025-12-25T05:54:10.427+0000][gc,metaspace] GC(907) Metaspace: 16289K(16640K)->16289K(16640K) NonClass: 14614K(14720K)->14614K(14720K) Class: 1674K(1920K)->1674K(1920K)
[2025-12-25T05:54:10.427+0000][gc          ] GC(907) Pause Young (Normal) (G1 Evacuation Pause) 963M->373M(1024M) 20.648ms
[2025-12-25T05:54:10.427+0000][gc,cpu      ] GC(907) User=0.14s Sys=0.00s Real=0.02s
[2025-12-25T05:54:40.574+0000][gc,start    ] GC(908) Pause Young (Normal) (G1 Evacuation Pause)
[2025-12-25T05:54:40.574+0000][gc,task     ] GC(908) Using 8 workers of 8 for evacuation
[2025-12-25T05:54:40.617+0000][gc,phases   ] GC(908)   Pre Evacuate Collection Set: 1.1ms
[2025-12-25T05:54:40.617+0000][gc,phases   ] GC(908)   Merge Heap Roots: 0.4ms
[2025-12-25T05:54:40.618+0000][gc,phases   ] GC(908)   Evacuate Collection Set: 39.8ms
[2025-12-25T05:54:40.618+0000][gc,phases   ] GC(908)   Post Evacuate Collection Set: 1.5ms
[2025-12-25T05:54:40.618+0000][gc,phases   ] GC(908)   Other: 0.2ms
[2025-12-25T05:54:40.618+0000][gc,heap     ] GC(908) Eden regions: 588->0(594)
[2025-12-25T05:54:40.618+0000][gc,heap     ] GC(908) Survivor regions: 10->7(62)
[2025-12-25T05:54:40.619+0000][gc,heap     ] GC(908) Old regions: 213->213
[2025-12-25T05:54:40.619+0000][gc,heap     ] GC(908) Humongous regions: 151->151
[2025-12-25T05:54:40.619+0000][gc,metaspace] GC(908) Metaspace: 16289K(16640K)->16289K(16640K) NonClass: 14614K(14720K)->14614K(14720K) Class: 1674K(1920K)->1674K(1920K)
[2025-12-25T05:54:40.619+0000][gc          ] GC(908) Pause Young (Normal) (G1 Evacuation Pause) 961M->370M(1024M) 45.512ms
[2025-12-25T05:54:40.619+0000][gc,cpu      ] GC(908) User=0.27s Sys=0.03s Real=0.05s
[2025-12-25T05:55:20.176+0000][gc,start    ] GC(909) Pause Young (Normal) (G1 Evacuation Pause)
[2025-12-25T05:55:20.178+0000][gc,task     ] GC(909) Using 8 workers of 8 for evacuation
[2025-12-25T05:55:20.214+0000][gc,phases   ] GC(909)   Pre Evacuate Collection Set: 2.1ms
[2025-12-25T05:55:20.215+0000][gc,phases   ] GC(909)   Merge Heap Roots: 1.9ms
[2025-12-25T05:55:20.216+0000][gc,phases   ] GC(909)   Evacuate Collection Set: 24.4ms
[2025-12-25T05:55:20.216+0000][gc,phases   ] GC(909)   Post Evacuate Collection Set: 6.7ms
[2025-12-25T05:55:20.217+0000][gc,phases   ] GC(909)   Other: 1.5ms
[2025-12-25T05:55:20.219+0000][gc,heap     ] GC(909) Eden regions: 594->0(596)
[2025-12-25T05:55:20.220+0000][gc,heap     ] GC(909) Survivor regions: 7->6(59)
[2025-12-25T05:55:20.221+0000][gc,heap     ] GC(909) Old regions: 213->213
[2025-12-25T05:55:20.221+0000][gc,heap     ] GC(909) Humongous regions: 151->151
[2025-12-25T05:55:20.221+0000][gc,metaspace] GC(909) Metaspace: 16289K(16640K)->16289K(16640K) NonClass: 14614K(14720K)->14614K(14720K) Class: 1674K(1920K)->1674K(1920K)
[2025-12-25T05:55:20.222+0000][gc          ] GC(909) Pause Young (Normal) (G1 Evacuation Pause) 964M->369M(1024M) 45.796ms
[2025-12-25T05:55:20.222+0000][gc,cpu      ] GC(909) User=0.10s Sys=0.01s Real=0.05s
[2025-12-25T05:55:50.359+0000][gc,start    ] GC(910) Pause Young (Normal) (G1 Evacuation Pause)
[2025-12-25T05:55:50.359+0000][gc,task     ] GC(910) Using 8 workers of 8 for evacuation
[2025-12-25T05:55:50.382+0000][gc,phases   ] GC(910)   Pre Evacuate Collection Set: 1.1ms
[2025-12-25T05:55:50.382+0000][gc,phases   ] GC(910)   Merge Heap Roots: 0.3ms
[2025-12-25T05:55:50.382+0000][gc,phases   ] GC(910)   Evacuate Collection Set: 20.2ms
[2025-12-25T05:55:50.383+0000][gc,phases   ] GC(910)   Post Evacuate Collection Set: 1.4ms
[2025-12-25T05:55:50.383+0000][gc,phases   ] GC(910)   Other: 0.2ms
[2025-12-25T05:55:50.383+0000][gc,heap     ] GC(910) Eden regions: 596->0(593)
[2025-12-25T05:55:50.383+0000][gc,heap     ] GC(910) Survivor regions: 6->7(58)
[2025-12-25T05:55:50.383+0000][gc,heap     ] GC(910) Old regions: 213->214
[2025-12-25T05:55:50.383+0000][gc,heap     ] GC(910) Humongous regions: 151->151
[2025-12-25T05:55:50.383+0000][gc,metaspace] GC(910) Metaspace: 16289K(16640K)->16289K(16640K) NonClass: 14614K(14720K)->14614K(14720K) Class: 1674K(1920K)->1674K(1920K)
[2025-12-25T05:55:50.383+0000][gc          ] GC(910) Pause Young (Normal) (G1 Evacuation Pause) 965M->370M(1024M) 23.966ms
[2025-12-25T05:55:50.383+0000][gc,cpu      ] GC(910) User=0.16s Sys=0.00s Real=0.02s
[2025-12-25T05:56:21.639+0000][gc,start    ] GC(911) Pause Young (Normal) (G1 Evacuation Pause)
[2025-12-25T05:56:21.641+0000][gc,task     ] GC(911) Using 8 workers of 8 for evacuation
[2025-12-25T05:56:21.670+0000][gc,phases   ] GC(911)   Pre Evacuate Collection Set: 2.0ms
[2025-12-25T05:56:21.670+0000][gc,phases   ] GC(911)   Merge Heap Roots: 1.1ms
[2025-12-25T05:56:21.670+0000][gc,phases   ] GC(911)   Evacuate Collection Set: 23.0ms
[2025-12-25T05:56:21.670+0000][gc,phases   ] GC(911)   Post Evacuate Collection Set: 2.5ms
[2025-12-25T05:56:21.671+0000][gc,phases   ] GC(911)   Other: 0.5ms
[2025-12-25T05:56:21.671+0000][gc,heap     ] GC(911) Eden regions: 593->0(591)
[2025-12-25T05:56:21.671+0000][gc,heap     ] GC(911) Survivor regions: 7->8(59)
[2025-12-25T05:56:21.671+0000][gc,heap     ] GC(911) Old regions: 214->214
[2025-12-25T05:56:21.671+0000][gc,heap     ] GC(911) Humongous regions: 151->151
[2025-12-25T05:56:21.671+0000][gc,metaspace] GC(911) Metaspace: 16289K(16640K)->16289K(16640K) NonClass: 14614K(14720K)->14614K(14720K) Class: 1674K(1920K)->1674K(1920K)
[2025-12-25T05:56:21.671+0000][gc          ] GC(911) Pause Young (Normal) (G1 Evacuation Pause) 963M->372M(1024M) 31.978ms
[2025-12-25T05:56:21.671+0000][gc,cpu      ] GC(911) User=0.15s Sys=0.01s Real=0.03s
[2025-12-25T05:56:52.119+0000][gc,start    ] GC(912) Pause Young (Normal) (G1 Evacuation Pause)
[2025-12-25T05:56:52.121+0000][gc,task     ] GC(912) Using 8 workers of 8 for evacuation
[2025-12-25T05:56:52.140+0000][gc,phases   ] GC(912)   Pre Evacuate Collection Set: 1.8ms
[2025-12-25T05:56:52.140+0000][gc,phases   ] GC(912)   Merge Heap Roots: 0.5ms
[2025-12-25T05:56:52.141+0000][gc,phases   ] GC(912)   Evacuate Collection Set: 14.8ms
[2025-12-25T05:56:52.141+0000][gc,phases   ] GC(912)   Post Evacuate Collection Set: 1.8ms
[2025-12-25T05:56:52.141+0000][gc,phases   ] GC(912)   Other: 0.4ms
[2025-12-25T05:56:52.141+0000][gc,heap     ] GC(912) Eden regions: 591->0(589)
[2025-12-25T05:56:52.141+0000][gc,heap     ] GC(912) Survivor regions: 8->9(60)
[2025-12-25T05:56:52.141+0000][gc,heap     ] GC(912) Old regions: 214->214
[2025-12-25T05:56:52.141+0000][gc,heap     ] GC(912) Humongous regions: 151->151
[2025-12-25T05:56:52.141+0000][gc,metaspace] GC(912) Metaspace: 16289K(16640K)->16289K(16640K) NonClass: 14614K(14720K)->14614K(14720K) Class: 1674K(1920K)->1674K(1920K)
[2025-12-25T05:56:52.141+0000][gc          ] GC(912) Pause Young (Normal) (G1 Evacuation Pause) 963M->373M(1024M) 22.035ms
[2025-12-25T05:56:52.142+0000][gc,cpu      ] GC(912) User=0.12s Sys=0.01s Real=0.02s
[2025-12-25T05:57:30.831+0000][gc,start    ] GC(913) Pause Young (Normal) (G1 Evacuation Pause)
[2025-12-25T05:57:30.832+0000][gc,task     ] GC(913) Using 8 workers of 8 for evacuation
[2025-12-25T05:57:30.925+0000][gc,phases   ] GC(913)   Pre Evacuate Collection Set: 5.7ms
[2025-12-25T05:57:30.927+0000][gc,phases   ] GC(913)   Merge Heap Roots: 3.3ms
[2025-12-25T05:57:30.928+0000][gc,phases   ] GC(913)   Evacuate Collection Set: 79.4ms
[2025-12-25T05:57:30.930+0000][gc,phases   ] GC(913)   Post Evacuate Collection Set: 4.2ms
[2025-12-25T05:57:30.931+0000][gc,phases   ] GC(913)   Other: 1.1ms
[2025-12-25T05:57:30.931+0000][gc,heap     ] GC(913) Eden regions: 589->0(589)
[2025-12-25T05:57:30.931+0000][gc,heap     ] GC(913) Survivor regions: 9->9(61)
[2025-12-25T05:57:30.931+0000][gc,heap     ] GC(913) Old regions: 214->214
[2025-12-25T05:57:30.931+0000][gc,heap     ] GC(913) Humongous regions: 151->151
[2025-12-25T05:57:30.931+0000][gc,metaspace] GC(913) Metaspace: 16292K(16640K)->16292K(16640K) NonClass: 14617K(14720K)->14617K(14720K) Class: 1674K(1920K)->1674K(1920K)
[2025-12-25T05:57:30.931+0000][gc          ] GC(913) Pause Young (Normal) (G1 Evacuation Pause) 962M->373M(1024M) 100.398ms
[2025-12-25T05:57:30.932+0000][gc,cpu      ] GC(913) User=0.50s Sys=0.03s Real=0.10s
[2025-12-25T05:58:01.839+0000][gc,start    ] GC(914) Pause Young (Normal) (G1 Evacuation Pause)
[2025-12-25T05:58:01.840+0000][gc,task     ] GC(914) Using 8 workers of 8 for evacuation
[2025-12-25T05:58:01.897+0000][gc,phases   ] GC(914)   Pre Evacuate Collection Set: 3.9ms
[2025-12-25T05:58:01.897+0000][gc,phases   ] GC(914)   Merge Heap Roots: 0.8ms
[2025-12-25T05:58:01.899+0000][gc,phases   ] GC(914)   Evacuate Collection Set: 50.3ms
[2025-12-25T05:58:01.912+0000][gc,phases   ] GC(914)   Post Evacuate Collection Set: 5.1ms
[2025-12-25T05:58:01.915+0000][gc,phases   ] GC(914)   Other: 0.4ms
[2025-12-25T05:58:01.916+0000][gc,heap     ] GC(914) Eden regions: 589->0(586)
[2025-12-25T05:58:01.916+0000][gc,heap     ] GC(914) Survivor regions: 9->10(61)
[2025-12-25T05:58:01.922+0000][gc,heap     ] GC(914) Old regions: 214->215
[2025-12-25T05:58:01.922+0000][gc,heap     ] GC(914) Humongous regions: 151->151
[2025-12-25T05:58:01.922+0000][gc,metaspace] GC(914) Metaspace: 16292K(16640K)->16292K(16640K) NonClass: 14617K(14720K)->14617K(14720K) Class: 1674K(1920K)->1674K(1920K)
[2025-12-25T05:58:01.922+0000][gc          ] GC(914) Pause Young (Normal) (G1 Evacuation Pause) 962M->374M(1024M) 86.875ms
[2025-12-25T05:58:01.923+0000][gc,cpu      ] GC(914) User=0.30s Sys=0.04s Real=0.09s
[2025-12-25T05:58:31.995+0000][gc,start    ] GC(915) Pause Young (Normal) (G1 Evacuation Pause)
[2025-12-25T05:58:31.996+0000][gc,task     ] GC(915) Using 8 workers of 8 for evacuation
[2025-12-25T05:58:32.028+0000][gc,phases   ] GC(915)   Pre Evacuate Collection Set: 1.5ms
[2025-12-25T05:58:32.028+0000][gc,phases   ] GC(915)   Merge Heap Roots: 0.5ms
[2025-12-25T05:58:32.028+0000][gc,phases   ] GC(915)   Evacuate Collection Set: 27.6ms
[2025-12-25T05:58:32.028+0000][gc,phases   ] GC(915)   Post Evacuate Collection Set: 1.6ms
[2025-12-25T05:58:32.028+0000][gc,phases   ] GC(915)   Other: 0.4ms
[2025-12-25T05:58:32.028+0000][gc,heap     ] GC(915) Eden regions: 586->0(594)
[2025-12-25T05:58:32.028+0000][gc,heap     ] GC(915) Survivor regions: 10->6(62)
[2025-12-25T05:58:32.029+0000][gc,heap     ] GC(915) Old regions: 215->215
[2025-12-25T05:58:32.029+0000][gc,heap     ] GC(915) Humongous regions: 151->151
[2025-12-25T05:58:32.029+0000][gc,metaspace] GC(915) Metaspace: 16292K(16640K)->16292K(16640K) NonClass: 14617K(14720K)->14617K(14720K) Class: 1674K(1920K)->1674K(1920K)
[2025-12-25T05:58:32.029+0000][gc          ] GC(915) Pause Young (Normal) (G1 Evacuation Pause) 960M->371M(1024M) 33.688ms
[2025-12-25T05:58:32.029+0000][gc,cpu      ] GC(915) User=0.21s Sys=0.02s Real=0.03s
[2025-12-25T05:59:10.455+0000][gc,start    ] GC(916) Pause Young (Normal) (G1 Evacuation Pause)
[2025-12-25T05:59:10.456+0000][gc,task     ] GC(916) Using 8 workers of 8 for evacuation
[2025-12-25T05:59:10.480+0000][gc,phases   ] GC(916)   Pre Evacuate Collection Set: 2.2ms
[2025-12-25T05:59:10.480+0000][gc,phases   ] GC(916)   Merge Heap Roots: 0.5ms
[2025-12-25T05:59:10.480+0000][gc,phases   ] GC(916)   Evacuate Collection Set: 18.6ms
[2025-12-25T05:59:10.481+0000][gc,phases   ] GC(916)   Post Evacuate Collection Set: 2.0ms
[2025-12-25T05:59:10.481+0000][gc,phases   ] GC(916)   Other: 0.5ms
[2025-12-25T05:59:10.481+0000][gc,heap     ] GC(916) Eden regions: 594->0(594)
[2025-12-25T05:59:10.481+0000][gc,heap     ] GC(916) Survivor regions: 6->6(58)
[2025-12-25T05:59:10.481+0000][gc,heap     ] GC(916) Old regions: 215->215
[2025-12-25T05:59:10.481+0000][gc,heap     ] GC(916) Humongous regions: 151->151
[2025-12-25T05:59:10.481+0000][gc,metaspace] GC(916) Metaspace: 16292K(16640K)->16292K(16640K) NonClass: 14617K(14720K)->14617K(14720K) Class: 1674K(1920K)->1674K(1920K)
[2025-12-25T05:59:10.482+0000][gc          ] GC(916) Pause Young (Normal) (G1 Evacuation Pause) 965M->370M(1024M) 26.087ms
[2025-12-25T05:59:10.482+0000][gc,cpu      ] GC(916) User=0.11s Sys=0.01s Real=0.03s
[2025-12-25T05:59:41.122+0000][gc,start    ] GC(917) Pause Young (Normal) (G1 Evacuation Pause)
[2025-12-25T05:59:41.122+0000][gc,task     ] GC(917) Using 8 workers of 8 for evacuation
[2025-12-25T05:59:41.195+0000][gc,phases   ] GC(917)   Pre Evacuate Collection Set: 2.5ms
[2025-12-25T05:59:41.196+0000][gc,phases   ] GC(917)   Merge Heap Roots: 0.7ms
[2025-12-25T05:59:41.196+0000][gc,phases   ] GC(917)   Evacuate Collection Set: 60.3ms
[2025-12-25T05:59:41.199+0000][gc,phases   ] GC(917)   Post Evacuate Collection Set: 9.2ms
[2025-12-25T05:59:41.200+0000][gc,phases   ] GC(917)   Other: 0.4ms
[2025-12-25T05:59:41.202+0000][gc,heap     ] GC(917) Eden regions: 594->0(592)
[2025-12-25T05:59:41.208+0000][gc,heap     ] GC(917) Survivor regions: 6->7(58)
[2025-12-25T05:59:41.218+0000][gc,heap     ] GC(917) Old regions: 215->215
[2025-12-25T05:59:41.219+0000][gc,heap     ] GC(917) Humongous regions: 151->151
[2025-12-25T05:59:41.219+0000][gc,metaspace] GC(917) Metaspace: 16292K(16640K)->16292K(16640K) NonClass: 14617K(14720K)->14617K(14720K) Class: 1674K(1920K)->1674K(1920K)
[2025-12-25T05:59:41.219+0000][gc          ] GC(917) Pause Young (Normal) (G1 Evacuation Pause) 964M->372M(1024M) 97.532ms
[2025-12-25T05:59:41.219+0000][gc,cpu      ] GC(917) User=0.31s Sys=0.02s Real=0.09s
[2025-12-25T06:00:11.863+0000][gc,start    ] GC(918) Pause Young (Normal) (G1 Evacuation Pause)
[2025-12-25T06:00:11.864+0000][gc,task     ] GC(918) Using 8 workers of 8 for evacuation
[2025-12-25T06:00:11.893+0000][gc,phases   ] GC(918)   Pre Evacuate Collection Set: 2.9ms
[2025-12-25T06:00:11.893+0000][gc,phases   ] GC(918)   Merge Heap Roots: 0.7ms
[2025-12-25T06:00:11.893+0000][gc,phases   ] GC(918)   Evacuate Collection Set: 21.0ms
[2025-12-25T06:00:11.894+0000][gc,phases   ] GC(918)   Post Evacuate Collection Set: 3.6ms
[2025-12-25T06:00:11.894+0000][gc,phases   ] GC(918)   Other: 0.5ms
[2025-12-25T06:00:11.894+0000][gc,heap     ] GC(918) Eden regions: 592->0(590)
[2025-12-25T06:00:11.894+0000][gc,heap     ] GC(918) Survivor regions: 7->8(59)
[2025-12-25T06:00:11.894+0000][gc,heap     ] GC(918) Old regions: 215->215
[2025-12-25T06:00:11.895+0000][gc,heap     ] GC(918) Humongous regions: 151->151
[2025-12-25T06:00:11.895+0000][gc,metaspace] GC(918) Metaspace: 16292K(16640K)->16292K(16640K) NonClass: 14617K(14720K)->14617K(14720K) Class: 1674K(1920K)->1674K(1920K)
[2025-12-25T06:00:11.895+0000][gc          ] GC(918) Pause Young (Normal) (G1 Evacuation Pause) 964M->373M(1024M) 31.452ms
[2025-12-25T06:00:11.895+0000][gc,cpu      ] GC(918) User=0.13s Sys=0.01s Real=0.03s
[2025-12-25T06:00:50.327+0000][gc,start    ] GC(919) Pause Young (Normal) (G1 Evacuation Pause)
[2025-12-25T06:00:50.328+0000][gc,task     ] GC(919) Using 8 workers of 8 for evacuation
[2025-12-25T06:00:50.355+0000][gc,phases   ] GC(919)   Pre Evacuate Collection Set: 3.0ms
[2025-12-25T06:00:50.355+0000][gc,phases   ] GC(919)   Merge Heap Roots: 0.8ms
[2025-12-25T06:00:50.356+0000][gc,phases   ] GC(919)   Evacuate Collection Set: 20.0ms
[2025-12-25T06:00:50.356+0000][gc,phases   ] GC(919)   Post Evacuate Collection Set: 2.5ms
[2025-12-25T06:00:50.356+0000][gc,phases   ] GC(919)   Other: 0.5ms
[2025-12-25T06:00:50.356+0000][gc,heap     ] GC(919) Eden regions: 590->0(591)
[2025-12-25T06:00:50.356+0000][gc,heap     ] GC(919) Survivor regions: 8->7(60)
[2025-12-25T06:00:50.357+0000][gc,heap     ] GC(919) Old regions: 215->216
[2025-12-25T06:00:50.357+0000][gc,heap     ] GC(919) Humongous regions: 151->151
[2025-12-25T06:00:50.357+0000][gc,metaspace] GC(919) Metaspace: 16292K(16640K)->16292K(16640K) NonClass: 14617K(14720K)->14617K(14720K) Class: 1674K(1920K)->1674K(1920K)
[2025-12-25T06:00:50.357+0000][gc          ] GC(919) Pause Young (Normal) (G1 Evacuation Pause) 963M->372M(1024M) 30.005ms
[2025-12-25T06:00:50.358+0000][gc,cpu      ] GC(919) User=0.14s Sys=0.01s Real=0.03s
[2025-12-25T06:01:20.837+0000][gc,start    ] GC(920) Pause Young (Normal) (G1 Evacuation Pause)
[2025-12-25T06:01:20.838+0000][gc,task     ] GC(920) Using 8 workers of 8 for evacuation
[2025-12-25T06:01:20.859+0000][gc,phases   ] GC(920)   Pre Evacuate Collection Set: 1.7ms
[2025-12-25T06:01:20.859+0000][gc,phases   ] GC(920)   Merge Heap Roots: 0.4ms
[2025-12-25T06:01:20.859+0000][gc,phases   ] GC(920)   Evacuate Collection Set: 16.9ms
[2025-12-25T06:01:20.860+0000][gc,phases   ] GC(920)   Post Evacuate Collection Set: 1.6ms
[2025-12-25T06:01:20.860+0000][gc,phases   ] GC(920)   Other: 0.3ms
[2025-12-25T06:01:20.860+0000][gc,heap     ] GC(920) Eden regions: 591->0(589)
[2025-12-25T06:01:20.860+0000][gc,heap     ] GC(920) Survivor regions: 7->8(59)
[2025-12-25T06:01:20.860+0000][gc,heap     ] GC(920) Old regions: 216->216
[2025-12-25T06:01:20.860+0000][gc,heap     ] GC(920) Humongous regions: 151->151
[2025-12-25T06:01:20.860+0000][gc,metaspace] GC(920) Metaspace: 16292K(16640K)->16292K(16640K) NonClass: 14617K(14720K)->14617K(14720K) Class: 1674K(1920K)->1674K(1920K)
[2025-12-25T06:01:20.861+0000][gc          ] GC(920) Pause Young (Normal) (G1 Evacuation Pause) 963M->374M(1024M) 23.251ms
[2025-12-25T06:01:20.861+0000][gc,cpu      ] GC(920) User=0.14s Sys=0.01s Real=0.03s
[2025-12-25T06:01:51.645+0000][gc,start    ] GC(921) Pause Young (Normal) (G1 Evacuation Pause)
[2025-12-25T06:01:51.646+0000][gc,task     ] GC(921) Using 8 workers of 8 for evacuation
[2025-12-25T06:01:51.669+0000][gc,phases   ] GC(921)   Pre Evacuate Collection Set: 1.6ms
[2025-12-25T06:01:51.669+0000][gc,phases   ] GC(921)   Merge Heap Roots: 0.5ms
[2025-12-25T06:01:51.669+0000][gc,phases   ] GC(921)   Evacuate Collection Set: 18.6ms
[2025-12-25T06:01:51.669+0000][gc,phases   ] GC(921)   Post Evacuate Collection Set: 1.7ms
[2025-12-25T06:01:51.669+0000][gc,phases   ] GC(921)   Other: 0.5ms
[2025-12-25T06:01:51.670+0000][gc,heap     ] GC(921) Eden regions: 589->0(587)
[2025-12-25T06:01:51.670+0000][gc,heap     ] GC(921) Survivor regions: 8->9(60)
[2025-12-25T06:01:51.670+0000][gc,heap     ] GC(921) Old regions: 216->216
[2025-12-25T06:01:51.670+0000][gc,heap     ] GC(921) Humongous regions: 151->151
[2025-12-25T06:01:51.670+0000][gc,metaspace] GC(921) Metaspace: 16292K(16640K)->16292K(16640K) NonClass: 14617K(14720K)->14617K(14720K) Class: 1674K(1920K)->1674K(1920K)
[2025-12-25T06:01:51.670+0000][gc          ] GC(921) Pause Young (Normal) (G1 Evacuation Pause) 963M->375M(1024M) 25.287ms
[2025-12-25T06:01:51.670+0000][gc,cpu      ] GC(921) User=0.15s Sys=0.00s Real=0.03s
[2025-12-25T06:02:21.978+0000][gc,start    ] GC(922) Pause Young (Normal) (G1 Evacuation Pause)
[2025-12-25T06:02:21.979+0000][gc,task     ] GC(922) Using 8 workers of 8 for evacuation
[2025-12-25T06:02:22.022+0000][gc,phases   ] GC(922)   Pre Evacuate Collection Set: 1.8ms
[2025-12-25T06:02:22.023+0000][gc,phases   ] GC(922)   Merge Heap Roots: 0.6ms
[2025-12-25T06:02:22.023+0000][gc,phases   ] GC(922)   Evacuate Collection Set: 37.3ms
[2025-12-25T06:02:22.023+0000][gc,phases   ] GC(922)   Post Evacuate Collection Set: 2.9ms
[2025-12-25T06:02:22.023+0000][gc,phases   ] GC(922)   Other: 0.5ms
[2025-12-25T06:02:22.024+0000][gc,heap     ] GC(922) Eden regions: 587->0(583)
[2025-12-25T06:02:22.024+0000][gc,heap     ] GC(922) Survivor regions: 9->11(61)
[2025-12-25T06:02:22.024+0000][gc,heap     ] GC(922) Old regions: 216->216
[2025-12-25T06:02:22.024+0000][gc,heap     ] GC(922) Humongous regions: 151->151
[2025-12-25T06:02:22.025+0000][gc,metaspace] GC(922) Metaspace: 16293K(16640K)->16293K(16640K) NonClass: 14618K(14720K)->14618K(14720K) Class: 1674K(1920K)->1674K(1920K)
[2025-12-25T06:02:22.025+0000][gc          ] GC(922) Pause Young (Normal) (G1 Evacuation Pause) 962M->377M(1024M) 47.392ms
[2025-12-25T06:02:22.025+0000][gc,cpu      ] GC(922) User=0.29s Sys=0.01s Real=0.04s
[2025-12-25T06:03:00.376+0000][gc,start    ] GC(923) Pause Young (Normal) (G1 Evacuation Pause)
[2025-12-25T06:03:00.377+0000][gc,task     ] GC(923) Using 8 workers of 8 for evacuation
[2025-12-25T06:03:00.404+0000][gc,phases   ] GC(923)   Pre Evacuate Collection Set: 3.0ms
[2025-12-25T06:03:00.405+0000][gc,phases   ] GC(923)   Merge Heap Roots: 0.6ms
[2025-12-25T06:03:00.405+0000][gc,phases   ] GC(923)   Evacuate Collection Set: 20.9ms
[2025-12-25T06:03:00.406+0000][gc,phases   ] GC(923)   Post Evacuate Collection Set: 2.5ms
[2025-12-25T06:03:00.406+0000][gc,phases   ] GC(923)   Other: 0.6ms
[2025-12-25T06:03:00.406+0000][gc,heap     ] GC(923) Eden regions: 583->0(594)
[2025-12-25T06:03:00.406+0000][gc,heap     ] GC(923) Survivor regions: 11->5(63)
[2025-12-25T06:03:00.406+0000][gc,heap     ] GC(923) Old regions: 216->217
[2025-12-25T06:03:00.406+0000][gc,heap     ] GC(923) Humongous regions: 151->151
[2025-12-25T06:03:00.406+0000][gc,metaspace] GC(923) Metaspace: 16293K(16640K)->16293K(16640K) NonClass: 14618K(14720K)->14618K(14720K) Class: 1674K(1920K)->1674K(1920K)
[2025-12-25T06:03:00.407+0000][gc          ] GC(923) Pause Young (Normal) (G1 Evacuation Pause) 960M->372M(1024M) 30.449ms
[2025-12-25T06:03:00.407+0000][gc,cpu      ] GC(923) User=0.10s Sys=0.04s Real=0.03s
[2025-12-25T06:03:30.740+0000][gc,start    ] GC(924) Pause Young (Normal) (G1 Evacuation Pause)
[2025-12-25T06:03:30.740+0000][gc,task     ] GC(924) Using 8 workers of 8 for evacuation
[2025-12-25T06:03:30.759+0000][gc,phases   ] GC(924)   Pre Evacuate Collection Set: 1.7ms
[2025-12-25T06:03:30.759+0000][gc,phases   ] GC(924)   Merge Heap Roots: 0.4ms
[2025-12-25T06:03:30.759+0000][gc,phases   ] GC(924)   Evacuate Collection Set: 14.9ms
[2025-12-25T06:03:30.759+0000][gc,phases   ] GC(924)   Post Evacuate Collection Set: 1.5ms
[2025-12-25T06:03:30.759+0000][gc,phases   ] GC(924)   Other: 0.3ms
[2025-12-25T06:03:30.760+0000][gc,heap     ] GC(924) Eden regions: 594->0(592)
[2025-12-25T06:03:30.760+0000][gc,heap     ] GC(924) Survivor regions: 5->6(57)
[2025-12-25T06:03:30.760+0000][gc,heap     ] GC(924) Old regions: 217->217
[2025-12-25T06:03:30.760+0000][gc,heap     ] GC(924) Humongous regions: 151->151
[2025-12-25T06:03:30.760+0000][gc,metaspace] GC(924) Metaspace: 16293K(16640K)->16293K(16640K) NonClass: 14618K(14720K)->14618K(14720K) Class: 1674K(1920K)->1674K(1920K)
[2025-12-25T06:03:30.760+0000][gc          ] GC(924) Pause Young (Normal) (G1 Evacuation Pause) 966M->373M(1024M) 20.473ms
[2025-12-25T06:03:30.760+0000][gc,cpu      ] GC(924) User=0.13s Sys=0.00s Real=0.02s
[2025-12-25T06:04:00.732+0000][gc,start    ] GC(925) Pause Young (Normal) (G1 Evacuation Pause)
[2025-12-25T06:04:00.733+0000][gc,task     ] GC(925) Using 8 workers of 8 for evacuation
[2025-12-25T06:04:00.748+0000][gc,phases   ] GC(925)   Pre Evacuate Collection Set: 1.1ms
[2025-12-25T06:04:00.748+0000][gc,phases   ] GC(925)   Merge Heap Roots: 0.3ms
[2025-12-25T06:04:00.748+0000][gc,phases   ] GC(925)   Evacuate Collection Set: 12.0ms
[2025-12-25T06:04:00.748+0000][gc,phases   ] GC(925)   Post Evacuate Collection Set: 1.1ms
[2025-12-25T06:04:00.748+0000][gc,phases   ] GC(925)   Other: 0.3ms
[2025-12-25T06:04:00.748+0000][gc,heap     ] GC(925) Eden regions: 592->0(588)
[2025-12-25T06:04:00.748+0000][gc,heap     ] GC(925) Survivor regions: 6->8(58)
[2025-12-25T06:04:00.748+0000][gc,heap     ] GC(925) Old regions: 217->217
[2025-12-25T06:04:00.748+0000][gc,heap     ] GC(925) Humongous regions: 151->151
[2025-12-25T06:04:00.748+0000][gc,metaspace] GC(925) Metaspace: 16293K(16640K)->16293K(16640K) NonClass: 14618K(14720K)->14618K(14720K) Class: 1674K(1920K)->1674K(1920K)
[2025-12-25T06:04:00.749+0000][gc          ] GC(925) Pause Young (Normal) (G1 Evacuation Pause) 965M->374M(1024M) 16.704ms
[2025-12-25T06:04:00.749+0000][gc,cpu      ] GC(925) User=0.10s Sys=0.00s Real=0.02s
[2025-12-25T06:04:40.296+0000][gc,start    ] GC(926) Pause Young (Normal) (G1 Evacuation Pause)
[2025-12-25T06:04:40.297+0000][gc,task     ] GC(926) Using 8 workers of 8 for evacuation
[2025-12-25T06:04:40.313+0000][gc,phases   ] GC(926)   Pre Evacuate Collection Set: 1.4ms
[2025-12-25T06:04:40.314+0000][gc,phases   ] GC(926)   Merge Heap Roots: 0.3ms
[2025-12-25T06:04:40.314+0000][gc,phases   ] GC(926)   Evacuate Collection Set: 11.9ms
[2025-12-25T06:04:40.314+0000][gc,phases   ] GC(926)   Post Evacuate Collection Set: 2.8ms
[2025-12-25T06:04:40.314+0000][gc,phases   ] GC(926)   Other: 0.2ms
[2025-12-25T06:04:40.314+0000][gc,heap     ] GC(926) Eden regions: 588->0(592)
[2025-12-25T06:04:40.314+0000][gc,heap     ] GC(926) Survivor regions: 8->6(60)
[2025-12-25T06:04:40.314+0000][gc,heap     ] GC(926) Old regions: 217->217
[2025-12-25T06:04:40.314+0000][gc,heap     ] GC(926) Humongous regions: 151->151
[2025-12-25T06:04:40.314+0000][gc,metaspace] GC(926) Metaspace: 16293K(16640K)->16293K(16640K) NonClass: 14618K(14720K)->14618K(14720K) Class: 1674K(1920K)->1674K(1920K)
[2025-12-25T06:04:40.315+0000][gc          ] GC(926) Pause Young (Normal) (G1 Evacuation Pause) 962M->373M(1024M) 18.255ms
[2025-12-25T06:04:40.315+0000][gc,cpu      ] GC(926) User=0.11s Sys=0.01s Real=0.02s
[2025-12-25T06:05:10.679+0000][gc,start    ] GC(927) Pause Young (Normal) (G1 Evacuation Pause)
[2025-12-25T06:05:10.681+0000][gc,task     ] GC(927) Using 8 workers of 8 for evacuation
[2025-12-25T06:05:10.717+0000][gc,phases   ] GC(927)   Pre Evacuate Collection Set: 2.3ms
[2025-12-25T06:05:10.717+0000][gc,phases   ] GC(927)   Merge Heap Roots: 0.6ms
[2025-12-25T06:05:10.717+0000][gc,phases   ] GC(927)   Evacuate Collection Set: 30.5ms
[2025-12-25T06:05:10.717+0000][gc,phases   ] GC(927)   Post Evacuate Collection Set: 2.1ms
[2025-12-25T06:05:10.717+0000][gc,phases   ] GC(927)   Other: 0.4ms
[2025-12-25T06:05:10.717+0000][gc,heap     ] GC(927) Eden regions: 592->0(588)
[2025-12-25T06:05:10.718+0000][gc,heap     ] GC(927) Survivor regions: 6->8(58)
[2025-12-25T06:05:10.718+0000][gc,heap     ] GC(927) Old regions: 217->217
[2025-12-25T06:05:10.718+0000][gc,heap     ] GC(927) Humongous regions: 151->151
[2025-12-25T06:05:10.718+0000][gc,metaspace] GC(927) Metaspace: 16293K(16640K)->16293K(16640K) NonClass: 14618K(14720K)->14618K(14720K) Class: 1674K(1920K)->1674K(1920K)
[2025-12-25T06:05:10.718+0000][gc          ] GC(927) Pause Young (Normal) (G1 Evacuation Pause) 965M->375M(1024M) 38.877ms
[2025-12-25T06:05:10.718+0000][gc,cpu      ] GC(927) User=0.22s Sys=0.00s Real=0.04s
[2025-12-25T06:05:42.267+0000][gc,start    ] GC(928) Pause Young (Normal) (G1 Evacuation Pause)
[2025-12-25T06:05:42.268+0000][gc,task     ] GC(928) Using 8 workers of 8 for evacuation
[2025-12-25T06:05:42.308+0000][gc,phases   ] GC(928)   Pre Evacuate Collection Set: 3.3ms
[2025-12-25T06:05:42.309+0000][gc,phases   ] GC(928)   Merge Heap Roots: 0.8ms
[2025-12-25T06:05:42.309+0000][gc,phases   ] GC(928)   Evacuate Collection Set: 32.9ms
[2025-12-25T06:05:42.309+0000][gc,phases   ] GC(928)   Post Evacuate Collection Set: 2.7ms
[2025-12-25T06:05:42.309+0000][gc,phases   ] GC(928)   Other: 0.5ms
[2025-12-25T06:05:42.310+0000][gc,heap     ] GC(928) Eden regions: 588->0(585)
[2025-12-25T06:05:42.310+0000][gc,heap     ] GC(928) Survivor regions: 8->9(60)
[2025-12-25T06:05:42.310+0000][gc,heap     ] GC(928) Old regions: 217->218
[2025-12-25T06:05:42.310+0000][gc,heap     ] GC(928) Humongous regions: 151->151
[2025-12-25T06:05:42.310+0000][gc,metaspace] GC(928) Metaspace: 16293K(16640K)->16293K(16640K) NonClass: 14618K(14720K)->14618K(14720K) Class: 1674K(1920K)->1674K(1920K)
[2025-12-25T06:05:42.311+0000][gc          ] GC(928) Pause Young (Normal) (G1 Evacuation Pause) 963M->377M(1024M) 43.848ms
[2025-12-25T06:05:42.311+0000][gc,cpu      ] GC(928) User=0.28s Sys=0.00s Real=0.05s
[2025-12-25T06:06:12.375+0000][gc,start    ] GC(929) Pause Young (Normal) (G1 Evacuation Pause)
[2025-12-25T06:06:12.376+0000][gc,task     ] GC(929) Using 8 workers of 8 for evacuation
[2025-12-25T06:06:12.418+0000][gc,phases   ] GC(929)   Pre Evacuate Collection Set: 3.3ms
[2025-12-25T06:06:12.418+0000][gc,phases   ] GC(929)   Merge Heap Roots: 1.0ms
[2025-12-25T06:06:12.419+0000][gc,phases   ] GC(929)   Evacuate Collection Set: 34.2ms
[2025-12-25T06:06:12.419+0000][gc,phases   ] GC(929)   Post Evacuate Collection Set: 3.3ms
[2025-12-25T06:06:12.419+0000][gc,phases   ] GC(929)   Other: 0.6ms
[2025-12-25T06:06:12.419+0000][gc,heap     ] GC(929) Eden regions: 585->0(583)
[2025-12-25T06:06:12.420+0000][gc,heap     ] GC(929) Survivor regions: 9->10(61)
[2025-12-25T06:06:12.420+0000][gc,heap     ] GC(929) Old regions: 218->218
[2025-12-25T06:06:12.420+0000][gc,heap     ] GC(929) Humongous regions: 151->151
[2025-12-25T06:06:12.420+0000][gc,metaspace] GC(929) Metaspace: 16293K(16640K)->16293K(16640K) NonClass: 14618K(14720K)->14618K(14720K) Class: 1674K(1920K)->1674K(1920K)
[2025-12-25T06:06:12.421+0000][gc          ] GC(929) Pause Young (Normal) (G1 Evacuation Pause) 962M->378M(1024M) 45.931ms
[2025-12-25T06:06:12.421+0000][gc,cpu      ] GC(929) User=0.26s Sys=0.02s Real=0.05s
[2025-12-25T06:06:50.449+0000][gc,start    ] GC(930) Pause Young (Normal) (G1 Evacuation Pause)
[2025-12-25T06:06:50.450+0000][gc,task     ] GC(930) Using 8 workers of 8 for evacuation
[2025-12-25T06:06:50.477+0000][gc,phases   ] GC(930)   Pre Evacuate Collection Set: 2.6ms
[2025-12-25T06:06:50.477+0000][gc,phases   ] GC(930)   Merge Heap Roots: 0.5ms
[2025-12-25T06:06:50.477+0000][gc,phases   ] GC(930)   Evacuate Collection Set: 20.6ms
[2025-12-25T06:06:50.477+0000][gc,phases   ] GC(930)   Post Evacuate Collection Set: 1.9ms
[2025-12-25T06:06:50.477+0000][gc,phases   ] GC(930)   Other: 0.9ms
[2025-12-25T06:06:50.477+0000][gc,heap     ] GC(930) Eden regions: 583->0(585)
[2025-12-25T06:06:50.477+0000][gc,heap     ] GC(930) Survivor regions: 10->9(62)
[2025-12-25T06:06:50.477+0000][gc,heap     ] GC(930) Old regions: 218->218
[2025-12-25T06:06:50.477+0000][gc,heap     ] GC(930) Humongous regions: 151->151
[2025-12-25T06:06:50.477+0000][gc,metaspace] GC(930) Metaspace: 16293K(16640K)->16293K(16640K) NonClass: 14618K(14720K)->14618K(14720K) Class: 1674K(1920K)->1674K(1920K)
[2025-12-25T06:06:50.478+0000][gc          ] GC(930) Pause Young (Normal) (G1 Evacuation Pause) 961M->377M(1024M) 28.645ms
[2025-12-25T06:06:50.478+0000][gc,cpu      ] GC(930) User=0.16s Sys=0.00s Real=0.03s
[2025-12-25T06:07:20.683+0000][gc,start    ] GC(931) Pause Young (Normal) (G1 Evacuation Pause)
[2025-12-25T06:07:20.683+0000][gc,task     ] GC(931) Using 8 workers of 8 for evacuation
[2025-12-25T06:07:20.709+0000][gc,phases   ] GC(931)   Pre Evacuate Collection Set: 1.4ms
[2025-12-25T06:07:20.709+0000][gc,phases   ] GC(931)   Merge Heap Roots: 0.4ms
[2025-12-25T06:07:20.710+0000][gc,phases   ] GC(931)   Evacuate Collection Set: 21.2ms
[2025-12-25T06:07:20.710+0000][gc,phases   ] GC(931)   Post Evacuate Collection Set: 1.9ms
[2025-12-25T06:07:20.710+0000][gc,phases   ] GC(931)   Other: 0.3ms
[2025-12-25T06:07:20.710+0000][gc,heap     ] GC(931) Eden regions: 585->0(591)
[2025-12-25T06:07:20.710+0000][gc,heap     ] GC(931) Survivor regions: 9->6(61)
[2025-12-25T06:07:20.710+0000][gc,heap     ] GC(931) Old regions: 218->218
[2025-12-25T06:07:20.710+0000][gc,heap     ] GC(931) Humongous regions: 151->151
[2025-12-25T06:07:20.710+0000][gc,metaspace] GC(931) Metaspace: 16293K(16640K)->16293K(16640K) NonClass: 14618K(14720K)->14618K(14720K) Class: 1674K(1920K)->1674K(1920K)
[2025-12-25T06:07:20.711+0000][gc          ] GC(931) Pause Young (Normal) (G1 Evacuation Pause) 962M->374M(1024M) 27.625ms
[2025-12-25T06:07:20.711+0000][gc,cpu      ] GC(931) User=0.17s Sys=0.00s Real=0.03s
[2025-12-25T06:07:50.870+0000][gc,start    ] GC(932) Pause Young (Normal) (G1 Evacuation Pause)
[2025-12-25T06:07:50.871+0000][gc,task     ] GC(932) Using 8 workers of 8 for evacuation
[2025-12-25T06:07:50.894+0000][gc,phases   ] GC(932)   Pre Evacuate Collection Set: 4.4ms
[2025-12-25T06:07:50.895+0000][gc,phases   ] GC(932)   Merge Heap Roots: 1.4ms
[2025-12-25T06:07:50.895+0000][gc,phases   ] GC(932)   Evacuate Collection Set: 15.7ms
[2025-12-25T06:07:50.895+0000][gc,phases   ] GC(932)   Post Evacuate Collection Set: 1.6ms
[2025-12-25T06:07:50.895+0000][gc,phases   ] GC(932)   Other: 0.4ms
[2025-12-25T06:07:50.895+0000][gc,heap     ] GC(932) Eden regions: 591->0(588)
[2025-12-25T06:07:50.895+0000][gc,heap     ] GC(932) Survivor regions: 6->7(58)
[2025-12-25T06:07:50.895+0000][gc,heap     ] GC(932) Old regions: 218->219
[2025-12-25T06:07:50.895+0000][gc,heap     ] GC(932) Humongous regions: 151->151
[2025-12-25T06:07:50.896+0000][gc,metaspace] GC(932) Metaspace: 16293K(16640K)->16293K(16640K) NonClass: 14618K(14720K)->14618K(14720K) Class: 1674K(1920K)->1674K(1920K)
[2025-12-25T06:07:50.896+0000][gc          ] GC(932) Pause Young (Normal) (G1 Evacuation Pause) 965M->376M(1024M) 25.400ms
[2025-12-25T06:07:50.896+0000][gc,cpu      ] GC(932) User=0.16s Sys=0.01s Real=0.03s
[2025-12-25T06:08:30.272+0000][gc,start    ] GC(933) Pause Young (Normal) (G1 Evacuation Pause)
[2025-12-25T06:08:30.273+0000][gc,task     ] GC(933) Using 8 workers of 8 for evacuation
[2025-12-25T06:08:30.292+0000][gc,phases   ] GC(933)   Pre Evacuate Collection Set: 1.5ms
[2025-12-25T06:08:30.292+0000][gc,phases   ] GC(933)   Merge Heap Roots: 0.4ms
[2025-12-25T06:08:30.292+0000][gc,phases   ] GC(933)   Evacuate Collection Set: 14.1ms
[2025-12-25T06:08:30.292+0000][gc,phases   ] GC(933)   Post Evacuate Collection Set: 2.3ms
[2025-12-25T06:08:30.292+0000][gc,phases   ] GC(933)   Other: 0.4ms
[2025-12-25T06:08:30.292+0000][gc,heap     ] GC(933) Eden regions: 588->0(590)
[2025-12-25T06:08:30.292+0000][gc,heap     ] GC(933) Survivor regions: 7->6(59)
[2025-12-25T06:08:30.292+0000][gc,heap     ] GC(933) Old regions: 219->219
[2025-12-25T06:08:30.293+0000][gc,heap     ] GC(933) Humongous regions: 151->151
[2025-12-25T06:08:30.293+0000][gc,metaspace] GC(933) Metaspace: 16293K(16640K)->16293K(16640K) NonClass: 14618K(14720K)->14618K(14720K) Class: 1674K(1920K)->1674K(1920K)
[2025-12-25T06:08:30.293+0000][gc          ] GC(933) Pause Young (Normal) (G1 Evacuation Pause) 964M->374M(1024M) 20.530ms
[2025-12-25T06:08:30.293+0000][gc,cpu      ] GC(933) User=0.11s Sys=0.00s Real=0.02s
[2025-12-25T06:09:00.418+0000][gc,start    ] GC(934) Pause Young (Normal) (G1 Evacuation Pause)
[2025-12-25T06:09:00.418+0000][gc,task     ] GC(934) Using 8 workers of 8 for evacuation
[2025-12-25T06:09:00.434+0000][gc,phases   ] GC(934)   Pre Evacuate Collection Set: 2.6ms
[2025-12-25T06:09:00.434+0000][gc,phases   ] GC(934)   Merge Heap Roots: 0.6ms
[2025-12-25T06:09:00.434+0000][gc,phases   ] GC(934)   Evacuate Collection Set: 10.8ms
[2025-12-25T06:09:00.434+0000][gc,phases   ] GC(934)   Post Evacuate Collection Set: 1.1ms
[2025-12-25T06:09:00.434+0000][gc,phases   ] GC(934)   Other: 0.3ms
[2025-12-25T06:09:00.434+0000][gc,heap     ] GC(934) Eden regions: 590->0(588)
[2025-12-25T06:09:00.434+0000][gc,heap     ] GC(934) Survivor regions: 6->7(58)
[2025-12-25T06:09:00.434+0000][gc,heap     ] GC(934) Old regions: 219->219
[2025-12-25T06:09:00.434+0000][gc,heap     ] GC(934) Humongous regions: 151->151
[2025-12-25T06:09:00.434+0000][gc,metaspace] GC(934) Metaspace: 16293K(16640K)->16293K(16640K) NonClass: 14618K(14720K)->14618K(14720K) Class: 1674K(1920K)->1674K(1920K)
[2025-12-25T06:09:00.434+0000][gc          ] GC(934) Pause Young (Normal) (G1 Evacuation Pause) 964M->376M(1024M) 16.363ms
[2025-12-25T06:09:00.434+0000][gc,cpu      ] GC(934) User=0.10s Sys=0.00s Real=0.02s
[2025-12-25T06:09:30.728+0000][gc,start    ] GC(935) Pause Young (Normal) (G1 Evacuation Pause)
[2025-12-25T06:09:30.729+0000][gc,task     ] GC(935) Using 8 workers of 8 for evacuation
[2025-12-25T06:09:30.745+0000][gc,phases   ] GC(935)   Pre Evacuate Collection Set: 1.5ms
[2025-12-25T06:09:30.745+0000][gc,phases   ] GC(935)   Merge Heap Roots: 0.4ms
[2025-12-25T06:09:30.745+0000][gc,phases   ] GC(935)   Evacuate Collection Set: 12.3ms
[2025-12-25T06:09:30.745+0000][gc,phases   ] GC(935)   Post Evacuate Collection Set: 1.4ms
[2025-12-25T06:09:30.745+0000][gc,phases   ] GC(935)   Other: 0.4ms
[2025-12-25T06:09:30.745+0000][gc,heap     ] GC(935) Eden regions: 588->0(584)
[2025-12-25T06:09:30.746+0000][gc,heap     ] GC(935) Survivor regions: 7->9(59)
[2025-12-25T06:09:30.746+0000][gc,heap     ] GC(935) Old regions: 219->219
[2025-12-25T06:09:30.746+0000][gc,heap     ] GC(935) Humongous regions: 151->151
[2025-12-25T06:09:30.746+0000][gc,metaspace] GC(935) Metaspace: 16293K(16640K)->16293K(16640K) NonClass: 14618K(14720K)->14618K(14720K) Class: 1674K(1920K)->1674K(1920K)
[2025-12-25T06:09:30.746+0000][gc          ] GC(935) Pause Young (Normal) (G1 Evacuation Pause) 964M->377M(1024M) 17.677ms
[2025-12-25T06:09:30.746+0000][gc,cpu      ] GC(935) User=0.10s Sys=0.00s Real=0.02s
[2025-12-25T06:10:00.916+0000][gc,start    ] GC(936) Pause Young (Normal) (G1 Evacuation Pause)
[2025-12-25T06:10:00.917+0000][gc,task     ] GC(936) Using 8 workers of 8 for evacuation
[2025-12-25T06:10:00.933+0000][gc,phases   ] GC(936)   Pre Evacuate Collection Set: 1.5ms
[2025-12-25T06:10:00.933+0000][gc,phases   ] GC(936)   Merge Heap Roots: 0.5ms
[2025-12-25T06:10:00.933+0000][gc,phases   ] GC(936)   Evacuate Collection Set: 12.4ms
[2025-12-25T06:10:00.933+0000][gc,phases   ] GC(936)   Post Evacuate Collection Set: 1.5ms
[2025-12-25T06:10:00.933+0000][gc,phases   ] GC(936)   Other: 0.3ms
[2025-12-25T06:10:00.933+0000][gc,heap     ] GC(936) Eden regions: 584->0(581)
[2025-12-25T06:10:00.933+0000][gc,heap     ] GC(936) Survivor regions: 9->10(61)
[2025-12-25T06:10:00.933+0000][gc,heap     ] GC(936) Old regions: 219->220
[2025-12-25T06:10:00.934+0000][gc,heap     ] GC(936) Humongous regions: 151->151
[2025-12-25T06:10:00.934+0000][gc,metaspace] GC(936) Metaspace: 16293K(16640K)->16293K(16640K) NonClass: 14618K(14720K)->14618K(14720K) Class: 1674K(1920K)->1674K(1920K)
[2025-12-25T06:10:00.934+0000][gc          ] GC(936) Pause Young (Normal) (G1 Evacuation Pause) 961M->379M(1024M) 17.888ms
[2025-12-25T06:10:00.934+0000][gc,cpu      ] GC(936) User=0.11s Sys=0.00s Real=0.02s
[2025-12-25T06:10:40.356+0000][gc,start    ] GC(937) Pause Young (Normal) (G1 Evacuation Pause)
[2025-12-25T06:10:40.357+0000][gc,task     ] GC(937) Using 8 workers of 8 for evacuation
[2025-12-25T06:10:40.387+0000][gc,phases   ] GC(937)   Pre Evacuate Collection Set: 2.7ms
[2025-12-25T06:10:40.388+0000][gc,phases   ] GC(937)   Merge Heap Roots: 1.5ms
[2025-12-25T06:10:40.388+0000][gc,phases   ] GC(937)   Evacuate Collection Set: 24.3ms
[2025-12-25T06:10:40.388+0000][gc,phases   ] GC(937)   Post Evacuate Collection Set: 1.6ms
[2025-12-25T06:10:40.388+0000][gc,phases   ] GC(937)   Other: 0.3ms
[2025-12-25T06:10:40.388+0000][gc,heap     ] GC(937) Eden regions: 581->0(583)
[2025-12-25T06:10:40.388+0000][gc,heap     ] GC(937) Survivor regions: 10->9(62)
[2025-12-25T06:10:40.388+0000][gc,heap     ] GC(937) Old regions: 220->220
[2025-12-25T06:10:40.388+0000][gc,heap     ] GC(937) Humongous regions: 151->151
[2025-12-25T06:10:40.389+0000][gc,metaspace] GC(937) Metaspace: 16293K(16640K)->16293K(16640K) NonClass: 14618K(14720K)->14618K(14720K) Class: 1674K(1920K)->1674K(1920K)
[2025-12-25T06:10:40.389+0000][gc          ] GC(937) Pause Young (Normal) (G1 Evacuation Pause) 960M->378M(1024M) 33.009ms
[2025-12-25T06:10:40.389+0000][gc,cpu      ] GC(937) User=0.22s Sys=0.00s Real=0.03s
[2025-12-25T06:11:10.458+0000][gc,start    ] GC(938) Pause Young (Normal) (G1 Evacuation Pause)
[2025-12-25T06:11:10.459+0000][gc,task     ] GC(938) Using 8 workers of 8 for evacuation
[2025-12-25T06:11:10.468+0000][gc,phases   ] GC(938)   Pre Evacuate Collection Set: 1.1ms
[2025-12-25T06:11:10.468+0000][gc,phases   ] GC(938)   Merge Heap Roots: 0.3ms
[2025-12-25T06:11:10.468+0000][gc,phases   ] GC(938)   Evacuate Collection Set: 6.3ms
[2025-12-25T06:11:10.468+0000][gc,phases   ] GC(938)   Post Evacuate Collection Set: 1.1ms
[2025-12-25T06:11:10.468+0000][gc,phases   ] GC(938)   Other: 0.2ms
[2025-12-25T06:11:10.468+0000][gc,heap     ] GC(938) Eden regions: 583->0(591)
[2025-12-25T06:11:10.468+0000][gc,heap     ] GC(938) Survivor regions: 9->5(61)
[2025-12-25T06:11:10.468+0000][gc,heap     ] GC(938) Old regions: 220->220
[2025-12-25T06:11:10.468+0000][gc,heap     ] GC(938) Humongous regions: 151->151
[2025-12-25T06:11:10.468+0000][gc,metaspace] GC(938) Metaspace: 16293K(16640K)->16293K(16640K) NonClass: 14618K(14720K)->14618K(14720K) Class: 1674K(1920K)->1674K(1920K)
[2025-12-25T06:11:10.468+0000][gc          ] GC(938) Pause Young (Normal) (G1 Evacuation Pause) 961M->375M(1024M) 10.071ms
[2025-12-25T06:11:10.468+0000][gc,cpu      ] GC(938) User=0.05s Sys=0.00s Real=0.01s
[2025-12-25T06:11:41.491+0000][gc,start    ] GC(939) Pause Young (Normal) (G1 Evacuation Pause)
[2025-12-25T06:11:41.493+0000][gc,task     ] GC(939) Using 8 workers of 8 for evacuation
[2025-12-25T06:11:41.518+0000][gc,phases   ] GC(939)   Pre Evacuate Collection Set: 3.3ms
[2025-12-25T06:11:41.519+0000][gc,phases   ] GC(939)   Merge Heap Roots: 1.1ms
[2025-12-25T06:11:41.519+0000][gc,phases   ] GC(939)   Evacuate Collection Set: 17.7ms
[2025-12-25T06:11:41.519+0000][gc,phases   ] GC(939)   Post Evacuate Collection Set: 3.2ms
[2025-12-25T06:11:41.520+0000][gc,phases   ] GC(939)   Other: 0.6ms
[2025-12-25T06:11:41.520+0000][gc,heap     ] GC(939) Eden regions: 591->0(589)
[2025-12-25T06:11:41.520+0000][gc,heap     ] GC(939) Survivor regions: 5->6(57)
[2025-12-25T06:11:41.520+0000][gc,heap     ] GC(939) Old regions: 220->220
[2025-12-25T06:11:41.521+0000][gc,heap     ] GC(939) Humongous regions: 151->151
[2025-12-25T06:11:41.521+0000][gc,metaspace] GC(939) Metaspace: 16293K(16640K)->16293K(16640K) NonClass: 14618K(14720K)->14618K(14720K) Class: 1674K(1920K)->1674K(1920K)
[2025-12-25T06:11:41.521+0000][gc          ] GC(939) Pause Young (Normal) (G1 Evacuation Pause) 966M->376M(1024M) 29.883ms
[2025-12-25T06:11:41.522+0000][gc,cpu      ] GC(939) User=0.15s Sys=0.01s Real=0.03s
[2025-12-25T06:12:19.894+0000][gc,start    ] GC(940) Pause Young (Normal) (G1 Evacuation Pause)
[2025-12-25T06:12:19.895+0000][gc,task     ] GC(940) Using 8 workers of 8 for evacuation
[2025-12-25T06:12:19.929+0000][gc,phases   ] GC(940)   Pre Evacuate Collection Set: 4.0ms
[2025-12-25T06:12:19.930+0000][gc,phases   ] GC(940)   Merge Heap Roots: 1.0ms
[2025-12-25T06:12:19.930+0000][gc,phases   ] GC(940)   Evacuate Collection Set: 25.6ms
[2025-12-25T06:12:19.930+0000][gc,phases   ] GC(940)   Post Evacuate Collection Set: 3.3ms
[2025-12-25T06:12:19.931+0000][gc,phases   ] GC(940)   Other: 0.6ms
[2025-12-25T06:12:19.931+0000][gc,heap     ] GC(940) Eden regions: 589->0(591)
[2025-12-25T06:12:19.931+0000][gc,heap     ] GC(940) Survivor regions: 6->5(58)
[2025-12-25T06:12:19.931+0000][gc,heap     ] GC(940) Old regions: 220->220
[2025-12-25T06:12:19.932+0000][gc,heap     ] GC(940) Humongous regions: 151->151
[2025-12-25T06:12:19.932+0000][gc,metaspace] GC(940) Metaspace: 16293K(16640K)->16293K(16640K) NonClass: 14618K(14720K)->14618K(14720K) Class: 1674K(1920K)->1674K(1920K)
[2025-12-25T06:12:19.933+0000][gc          ] GC(940) Pause Young (Normal) (G1 Evacuation Pause) 965M->375M(1024M) 38.961ms
[2025-12-25T06:12:19.933+0000][gc,cpu      ] GC(940) User=0.17s Sys=0.00s Real=0.04s
[2025-12-25T06:12:50.527+0000][gc,start    ] GC(941) Pause Young (Normal) (G1 Evacuation Pause)
[2025-12-25T06:12:50.528+0000][gc,task     ] GC(941) Using 8 workers of 8 for evacuation
[2025-12-25T06:12:50.547+0000][gc,phases   ] GC(941)   Pre Evacuate Collection Set: 1.5ms
[2025-12-25T06:12:50.547+0000][gc,phases   ] GC(941)   Merge Heap Roots: 0.4ms
[2025-12-25T06:12:50.547+0000][gc,phases   ] GC(941)   Evacuate Collection Set: 15.7ms
[2025-12-25T06:12:50.547+0000][gc,phases   ] GC(941)   Post Evacuate Collection Set: 1.4ms
[2025-12-25T06:12:50.547+0000][gc,phases   ] GC(941)   Other: 0.2ms
[2025-12-25T06:12:50.547+0000][gc,heap     ] GC(941) Eden regions: 591->0(586)
[2025-12-25T06:12:50.547+0000][gc,heap     ] GC(941) Survivor regions: 5->7(57)
[2025-12-25T06:12:50.548+0000][gc,heap     ] GC(941) Old regions: 220->221
[2025-12-25T06:12:50.548+0000][gc,heap     ] GC(941) Humongous regions: 151->151
[2025-12-25T06:12:50.548+0000][gc,metaspace] GC(941) Metaspace: 16293K(16640K)->16293K(16640K) NonClass: 14618K(14720K)->14618K(14720K) Class: 1674K(1920K)->1674K(1920K)
[2025-12-25T06:12:50.548+0000][gc          ] GC(941) Pause Young (Normal) (G1 Evacuation Pause) 966M->377M(1024M) 20.629ms
[2025-12-25T06:12:50.548+0000][gc,cpu      ] GC(941) User=0.13s Sys=0.01s Real=0.02s
[2025-12-25T06:13:22.073+0000][gc,start    ] GC(942) Pause Young (Normal) (G1 Evacuation Pause)
[2025-12-25T06:13:22.075+0000][gc,task     ] GC(942) Using 8 workers of 8 for evacuation
[2025-12-25T06:13:22.184+0000][gc,phases   ] GC(942)   Pre Evacuate Collection Set: 4.3ms
[2025-12-25T06:13:22.186+0000][gc,phases   ] GC(942)   Merge Heap Roots: 15.2ms
[2025-12-25T06:13:22.186+0000][gc,phases   ] GC(942)   Evacuate Collection Set: 77.8ms
[2025-12-25T06:13:22.186+0000][gc,phases   ] GC(942)   Post Evacuate Collection Set: 10.2ms
[2025-12-25T06:13:22.187+0000][gc,phases   ] GC(942)   Other: 1.1ms
[2025-12-25T06:13:22.187+0000][gc,heap     ] GC(942) Eden regions: 586->0(584)
[2025-12-25T06:13:22.187+0000][gc,heap     ] GC(942) Survivor regions: 7->8(59)
[2025-12-25T06:13:22.188+0000][gc,heap     ] GC(942) Old regions: 221->221
[2025-12-25T06:13:22.188+0000][gc,heap     ] GC(942) Humongous regions: 151->151
[2025-12-25T06:13:22.188+0000][gc,metaspace] GC(942) Metaspace: 16293K(16640K)->16293K(16640K) NonClass: 14618K(14720K)->14618K(14720K) Class: 1674K(1920K)->1674K(1920K)
[2025-12-25T06:13:22.188+0000][gc          ] GC(942) Pause Young (Normal) (G1 Evacuation Pause) 963M->379M(1024M) 115.114ms
[2025-12-25T06:13:22.189+0000][gc,cpu      ] GC(942) User=0.61s Sys=0.04s Real=0.12s
[2025-12-25T06:13:51.332+0000][gc,start    ] GC(943) Pause Young (Normal) (G1 Evacuation Pause)
[2025-12-25T06:13:51.332+0000][gc,task     ] GC(943) Using 8 workers of 8 for evacuation
[2025-12-25T06:13:51.364+0000][gc,phases   ] GC(943)   Pre Evacuate Collection Set: 2.1ms
[2025-12-25T06:13:51.364+0000][gc,phases   ] GC(943)   Merge Heap Roots: 0.5ms
[2025-12-25T06:13:51.364+0000][gc,phases   ] GC(943)   Evacuate Collection Set: 26.5ms
[2025-12-25T06:13:51.364+0000][gc,phases   ] GC(943)   Post Evacuate Collection Set: 1.9ms
[2025-12-25T06:13:51.364+0000][gc,phases   ] GC(943)   Other: 0.4ms
[2025-12-25T06:13:51.365+0000][gc,heap     ] GC(943) Eden regions: 584->0(582)
[2025-12-25T06:13:51.365+0000][gc,heap     ] GC(943) Survivor regions: 8->9(60)
[2025-12-25T06:13:51.365+0000][gc,heap     ] GC(943) Old regions: 221->221
[2025-12-25T06:13:51.365+0000][gc,heap     ] GC(943) Humongous regions: 151->151
[2025-12-25T06:13:51.365+0000][gc,metaspace] GC(943) Metaspace: 16293K(16640K)->16293K(16640K) NonClass: 14618K(14720K)->14618K(14720K) Class: 1674K(1920K)->1674K(1920K)
[2025-12-25T06:13:51.365+0000][gc          ] GC(943) Pause Young (Normal) (G1 Evacuation Pause) 963M->380M(1024M) 33.800ms
[2025-12-25T06:13:51.366+0000][gc,cpu      ] GC(943) User=0.21s Sys=0.00s Real=0.04s
[2025-12-25T06:14:30.334+0000][gc,start    ] GC(944) Pause Young (Normal) (G1 Evacuation Pause)
[2025-12-25T06:14:30.335+0000][gc,task     ] GC(944) Using 8 workers of 8 for evacuation
[2025-12-25T06:14:30.356+0000][gc,phases   ] GC(944)   Pre Evacuate Collection Set: 1.2ms
[2025-12-25T06:14:30.356+0000][gc,phases   ] GC(944)   Merge Heap Roots: 0.4ms
[2025-12-25T06:14:30.356+0000][gc,phases   ] GC(944)   Evacuate Collection Set: 15.3ms
[2025-12-25T06:14:30.356+0000][gc,phases   ] GC(944)   Post Evacuate Collection Set: 3.8ms
[2025-12-25T06:14:30.356+0000][gc,phases   ] GC(944)   Other: 0.2ms
[2025-12-25T06:14:30.356+0000][gc,heap     ] GC(944) Eden regions: 582->0(584)
[2025-12-25T06:14:30.356+0000][gc,heap     ] GC(944) Survivor regions: 9->8(61)
[2025-12-25T06:14:30.356+0000][gc,heap     ] GC(944) Old regions: 221->221
[2025-12-25T06:14:30.356+0000][gc,heap     ] GC(944) Humongous regions: 151->151
[2025-12-25T06:14:30.356+0000][gc,metaspace] GC(944) Metaspace: 16293K(16640K)->16293K(16640K) NonClass: 14618K(14720K)->14618K(14720K) Class: 1674K(1920K)->1674K(1920K)
[2025-12-25T06:14:30.357+0000][gc          ] GC(944) Pause Young (Normal) (G1 Evacuation Pause) 962M->379M(1024M) 22.845ms
[2025-12-25T06:14:30.357+0000][gc,cpu      ] GC(944) User=0.13s Sys=0.00s Real=0.02s
[2025-12-25T06:15:00.482+0000][gc,start    ] GC(945) Pause Young (Normal) (G1 Evacuation Pause)
[2025-12-25T06:15:00.483+0000][gc,task     ] GC(945) Using 8 workers of 8 for evacuation
[2025-12-25T06:15:00.507+0000][gc,phases   ] GC(945)   Pre Evacuate Collection Set: 1.2ms
[2025-12-25T06:15:00.507+0000][gc,phases   ] GC(945)   Merge Heap Roots: 0.3ms
[2025-12-25T06:15:00.507+0000][gc,phases   ] GC(945)   Evacuate Collection Set: 20.5ms
[2025-12-25T06:15:00.507+0000][gc,phases   ] GC(945)   Post Evacuate Collection Set: 1.3ms
[2025-12-25T06:15:00.507+0000][gc,phases   ] GC(945)   Other: 0.2ms
[2025-12-25T06:15:00.507+0000][gc,heap     ] GC(945) Eden regions: 584->0(579)
[2025-12-25T06:15:00.507+0000][gc,heap     ] GC(945) Survivor regions: 8->10(60)
[2025-12-25T06:15:00.507+0000][gc,heap     ] GC(945) Old regions: 221->222
[2025-12-25T06:15:00.507+0000][gc,heap     ] GC(945) Humongous regions: 151->151
[2025-12-25T06:15:00.507+0000][gc,metaspace] GC(945) Metaspace: 16293K(16640K)->16293K(16640K) NonClass: 14618K(14720K)->14618K(14720K) Class: 1674K(1920K)->1674K(1920K)
[2025-12-25T06:15:00.507+0000][gc          ] GC(945) Pause Young (Normal) (G1 Evacuation Pause) 963M->381M(1024M) 24.922ms
[2025-12-25T06:15:00.507+0000][gc,cpu      ] GC(945) User=0.14s Sys=0.00s Real=0.02s
[2025-12-25T06:15:30.597+0000][gc,start    ] GC(946) Pause Young (Normal) (G1 Evacuation Pause)
[2025-12-25T06:15:30.598+0000][gc,task     ] GC(946) Using 8 workers of 8 for evacuation
[2025-12-25T06:15:30.611+0000][gc,phases   ] GC(946)   Pre Evacuate Collection Set: 1.2ms
[2025-12-25T06:15:30.612+0000][gc,phases   ] GC(946)   Merge Heap Roots: 0.3ms
[2025-12-25T06:15:30.612+0000][gc,phases   ] GC(946)   Evacuate Collection Set: 9.8ms
[2025-12-25T06:15:30.612+0000][gc,phases   ] GC(946)   Post Evacuate Collection Set: 1.6ms
[2025-12-25T06:15:30.612+0000][gc,phases   ] GC(946)   Other: 0.2ms
[2025-12-25T06:15:30.612+0000][gc,heap     ] GC(946) Eden regions: 579->0(587)
[2025-12-25T06:15:30.612+0000][gc,heap     ] GC(946) Survivor regions: 10->6(62)
[2025-12-25T06:15:30.612+0000][gc,heap     ] GC(946) Old regions: 222->222
[2025-12-25T06:15:30.612+0000][gc,heap     ] GC(946) Humongous regions: 151->151
[2025-12-25T06:15:30.612+0000][gc,metaspace] GC(946) Metaspace: 16293K(16640K)->16293K(16640K) NonClass: 14618K(14720K)->14618K(14720K) Class: 1674K(1920K)->1674K(1920K)
[2025-12-25T06:15:30.612+0000][gc          ] GC(946) Pause Young (Normal) (G1 Evacuation Pause) 960M->377M(1024M) 14.855ms
[2025-12-25T06:15:30.612+0000][gc,cpu      ] GC(946) User=0.08s Sys=0.00s Real=0.02s
[2025-12-25T06:16:00.770+0000][gc,start    ] GC(947) Pause Young (Normal) (G1 Evacuation Pause)
[2025-12-25T06:16:00.771+0000][gc,task     ] GC(947) Using 8 workers of 8 for evacuation
[2025-12-25T06:16:00.781+0000][gc,phases   ] GC(947)   Pre Evacuate Collection Set: 1.2ms
[2025-12-25T06:16:00.781+0000][gc,phases   ] GC(947)   Merge Heap Roots: 0.3ms
[2025-12-25T06:16:00.781+0000][gc,phases   ] GC(947)   Evacuate Collection Set: 7.4ms
[2025-12-25T06:16:00.781+0000][gc,phases   ] GC(947)   Post Evacuate Collection Set: 1.1ms
[2025-12-25T06:16:00.782+0000][gc,phases   ] GC(947)   Other: 0.2ms
[2025-12-25T06:16:00.782+0000][gc,heap     ] GC(947) Eden regions: 587->0(585)
[2025-12-25T06:16:00.782+0000][gc,heap     ] GC(947) Survivor regions: 6->7(58)
[2025-12-25T06:16:00.782+0000][gc,heap     ] GC(947) Old regions: 222->222
[2025-12-25T06:16:00.782+0000][gc,heap     ] GC(947) Humongous regions: 151->151
[2025-12-25T06:16:00.782+0000][gc,metaspace] GC(947) Metaspace: 16293K(16640K)->16293K(16640K) NonClass: 14618K(14720K)->14618K(14720K) Class: 1674K(1920K)->1674K(1920K)
[2025-12-25T06:16:00.782+0000][gc          ] GC(947) Pause Young (Normal) (G1 Evacuation Pause) 964M->379M(1024M) 11.880ms
[2025-12-25T06:16:00.782+0000][gc,cpu      ] GC(947) User=0.06s Sys=0.00s Real=0.02s
[2025-12-25T06:16:40.331+0000][gc,start    ] GC(948) Pause Young (Normal) (G1 Evacuation Pause)
[2025-12-25T06:16:40.331+0000][gc,task     ] GC(948) Using 8 workers of 8 for evacuation
[2025-12-25T06:16:40.344+0000][gc,phases   ] GC(948)   Pre Evacuate Collection Set: 0.9ms
[2025-12-25T06:16:40.344+0000][gc,phases   ] GC(948)   Merge Heap Roots: 0.2ms
[2025-12-25T06:16:40.345+0000][gc,phases   ] GC(948)   Evacuate Collection Set: 10.6ms
[2025-12-25T06:16:40.345+0000][gc,phases   ] GC(948)   Post Evacuate Collection Set: 1.0ms
[2025-12-25T06:16:40.345+0000][gc,phases   ] GC(948)   Other: 0.1ms
[2025-12-25T06:16:40.345+0000][gc,heap     ] GC(948) Eden regions: 585->0(587)
[2025-12-25T06:16:40.345+0000][gc,heap     ] GC(948) Survivor regions: 7->6(59)
[2025-12-25T06:16:40.345+0000][gc,heap     ] GC(948) Old regions: 222->222
[2025-12-25T06:16:40.345+0000][gc,heap     ] GC(948) Humongous regions: 151->151
[2025-12-25T06:16:40.345+0000][gc,metaspace] GC(948) Metaspace: 16293K(16640K)->16293K(16640K) NonClass: 14619K(14720K)->14619K(14720K) Class: 1674K(1920K)->1674K(1920K)
[2025-12-25T06:16:40.345+0000][gc          ] GC(948) Pause Young (Normal) (G1 Evacuation Pause) 964M->378M(1024M) 14.115ms
[2025-12-25T06:16:40.345+0000][gc,cpu      ] GC(948) User=0.09s Sys=0.00s Real=0.01s
[2025-12-25T06:17:10.485+0000][gc,start    ] GC(949) Pause Young (Normal) (G1 Evacuation Pause)
[2025-12-25T06:17:10.485+0000][gc,task     ] GC(949) Using 8 workers of 8 for evacuation
[2025-12-25T06:17:10.498+0000][gc,phases   ] GC(949)   Pre Evacuate Collection Set: 0.9ms
[2025-12-25T06:17:10.498+0000][gc,phases   ] GC(949)   Merge Heap Roots: 0.2ms
[2025-12-25T06:17:10.498+0000][gc,phases   ] GC(949)   Evacuate Collection Set: 9.8ms
[2025-12-25T06:17:10.498+0000][gc,phases   ] GC(949)   Post Evacuate Collection Set: 1.4ms
[2025-12-25T06:17:10.498+0000][gc,phases   ] GC(949)   Other: 0.2ms
[2025-12-25T06:17:10.498+0000][gc,heap     ] GC(949) Eden regions: 587->0(585)
[2025-12-25T06:17:10.498+0000][gc,heap     ] GC(949) Survivor regions: 6->7(58)
[2025-12-25T06:17:10.498+0000][gc,heap     ] GC(949) Old regions: 222->222
[2025-12-25T06:17:10.498+0000][gc,heap     ] GC(949) Humongous regions: 151->151
[2025-12-25T06:17:10.498+0000][gc,metaspace] GC(949) Metaspace: 16293K(16640K)->16293K(16640K) NonClass: 14619K(14720K)->14619K(14720K) Class: 1674K(1920K)->1674K(1920K)
[2025-12-25T06:17:10.498+0000][gc          ] GC(949) Pause Young (Normal) (G1 Evacuation Pause) 965M->379M(1024M) 13.860ms
[2025-12-25T06:17:10.499+0000][gc,cpu      ] GC(949) User=0.08s Sys=0.00s Real=0.01s
[2025-12-25T06:17:40.628+0000][gc,start    ] GC(950) Pause Young (Normal) (G1 Evacuation Pause)
[2025-12-25T06:17:40.630+0000][gc,task     ] GC(950) Using 8 workers of 8 for evacuation
[2025-12-25T06:17:40.649+0000][gc,phases   ] GC(950)   Pre Evacuate Collection Set: 1.1ms
[2025-12-25T06:17:40.649+0000][gc,phases   ] GC(950)   Merge Heap Roots: 0.4ms
[2025-12-25T06:17:40.649+0000][gc,phases   ] GC(950)   Evacuate Collection Set: 16.0ms
[2025-12-25T06:17:40.649+0000][gc,phases   ] GC(950)   Post Evacuate Collection Set: 1.3ms
[2025-12-25T06:17:40.649+0000][gc,phases   ] GC(950)   Other: 0.2ms
[2025-12-25T06:17:40.649+0000][gc,heap     ] GC(950) Eden regions: 585->0(582)
[2025-12-25T06:17:40.649+0000][gc,heap     ] GC(950) Survivor regions: 7->8(59)
[2025-12-25T06:17:40.649+0000][gc,heap     ] GC(950) Old regions: 222->223
[2025-12-25T06:17:40.649+0000][gc,heap     ] GC(950) Humongous regions: 151->151
[2025-12-25T06:17:40.649+0000][gc,metaspace] GC(950) Metaspace: 16293K(16640K)->16293K(16640K) NonClass: 14619K(14720K)->14619K(14720K) Class: 1674K(1920K)->1674K(1920K)
[2025-12-25T06:17:40.649+0000][gc          ] GC(950) Pause Young (Normal) (G1 Evacuation Pause) 964M->380M(1024M) 20.972ms
[2025-12-25T06:17:40.650+0000][gc,cpu      ] GC(950) User=0.13s Sys=0.01s Real=0.02s
[2025-12-25T06:18:10.785+0000][gc,start    ] GC(951) Pause Young (Normal) (G1 Evacuation Pause)
[2025-12-25T06:18:10.785+0000][gc,task     ] GC(951) Using 8 workers of 8 for evacuation
[2025-12-25T06:18:10.803+0000][gc,phases   ] GC(951)   Pre Evacuate Collection Set: 1.7ms
[2025-12-25T06:18:10.803+0000][gc,phases   ] GC(951)   Merge Heap Roots: 0.8ms
[2025-12-25T06:18:10.803+0000][gc,phases   ] GC(951)   Evacuate Collection Set: 14.4ms
[2025-12-25T06:18:10.803+0000][gc,phases   ] GC(951)   Post Evacuate Collection Set: 1.0ms
[2025-12-25T06:18:10.804+0000][gc,phases   ] GC(951)   Other: 0.2ms
[2025-12-25T06:18:10.804+0000][gc,heap     ] GC(951) Eden regions: 582->0(580)
[2025-12-25T06:18:10.804+0000][gc,heap     ] GC(951) Survivor regions: 8->9(60)
[2025-12-25T06:18:10.804+0000][gc,heap     ] GC(951) Old regions: 223->223
[2025-12-25T06:18:10.804+0000][gc,heap     ] GC(951) Humongous regions: 151->151
[2025-12-25T06:18:10.804+0000][gc,metaspace] GC(951) Metaspace: 16293K(16640K)->16293K(16640K) NonClass: 14619K(14720K)->14619K(14720K) Class: 1674K(1920K)->1674K(1920K)
[2025-12-25T06:18:10.804+0000][gc          ] GC(951) Pause Young (Normal) (G1 Evacuation Pause) 962M->381M(1024M) 19.313ms
[2025-12-25T06:18:10.804+0000][gc,cpu      ] GC(951) User=0.13s Sys=0.00s Real=0.02s
[2025-12-25T06:18:50.345+0000][gc,start    ] GC(952) Pause Young (Normal) (G1 Evacuation Pause)
[2025-12-25T06:18:50.346+0000][gc,task     ] GC(952) Using 8 workers of 8 for evacuation
[2025-12-25T06:18:50.368+0000][gc,phases   ] GC(952)   Pre Evacuate Collection Set: 1.0ms
[2025-12-25T06:18:50.368+0000][gc,phases   ] GC(952)   Merge Heap Roots: 0.2ms
[2025-12-25T06:18:50.368+0000][gc,phases   ] GC(952)   Evacuate Collection Set: 19.5ms
[2025-12-25T06:18:50.368+0000][gc,phases   ] GC(952)   Post Evacuate Collection Set: 1.1ms
[2025-12-25T06:18:50.368+0000][gc,phases   ] GC(952)   Other: 0.2ms
[2025-12-25T06:18:50.368+0000][gc,heap     ] GC(952) Eden regions: 580->0(578)
[2025-12-25T06:18:50.368+0000][gc,heap     ] GC(952) Survivor regions: 9->10(61)
[2025-12-25T06:18:50.368+0000][gc,heap     ] GC(952) Old regions: 223->223
[2025-12-25T06:18:50.368+0000][gc,heap     ] GC(952) Humongous regions: 151->151
[2025-12-25T06:18:50.369+0000][gc,metaspace] GC(952) Metaspace: 16295K(16640K)->16295K(16640K) NonClass: 14620K(14720K)->14620K(14720K) Class: 1674K(1920K)->1674K(1920K)
[2025-12-25T06:18:50.369+0000][gc          ] GC(952) Pause Young (Normal) (G1 Evacuation Pause) 961M->383M(1024M) 23.135ms
[2025-12-25T06:18:50.369+0000][gc,cpu      ] GC(952) User=0.16s Sys=0.00s Real=0.03s
[2025-12-25T06:19:20.572+0000][gc,start    ] GC(953) Pause Young (Normal) (G1 Evacuation Pause)
[2025-12-25T06:19:20.572+0000][gc,task     ] GC(953) Using 8 workers of 8 for evacuation
[2025-12-25T06:19:20.584+0000][gc,phases   ] GC(953)   Pre Evacuate Collection Set: 1.0ms
[2025-12-25T06:19:20.585+0000][gc,phases   ] GC(953)   Merge Heap Roots: 0.2ms
[2025-12-25T06:19:20.585+0000][gc,phases   ] GC(953)   Evacuate Collection Set: 9.6ms
[2025-12-25T06:19:20.585+0000][gc,phases   ] GC(953)   Post Evacuate Collection Set: 1.2ms
[2025-12-25T06:19:20.585+0000][gc,phases   ] GC(953)   Other: 0.2ms
[2025-12-25T06:19:20.585+0000][gc,heap     ] GC(953) Eden regions: 578->0(576)
[2025-12-25T06:19:20.585+0000][gc,heap     ] GC(953) Survivor regions: 10->11(62)
[2025-12-25T06:19:20.585+0000][gc,heap     ] GC(953) Old regions: 223->223
[2025-12-25T06:19:20.585+0000][gc,heap     ] GC(953) Humongous regions: 151->151
[2025-12-25T06:19:20.585+0000][gc,metaspace] GC(953) Metaspace: 16299K(16640K)->16299K(16640K) NonClass: 14624K(14720K)->14624K(14720K) Class: 1674K(1920K)->1674K(1920K)
[2025-12-25T06:19:20.585+0000][gc          ] GC(953) Pause Young (Normal) (G1 Evacuation Pause) 961M->383M(1024M) 13.599ms
[2025-12-25T06:19:20.586+0000][gc,cpu      ] GC(953) User=0.08s Sys=0.00s Real=0.02s
[2025-12-25T06:19:50.586+0000][gc,start    ] GC(954) Pause Young (Normal) (G1 Evacuation Pause)
[2025-12-25T06:19:50.586+0000][gc,task     ] GC(954) Using 8 workers of 8 for evacuation
[2025-12-25T06:19:50.599+0000][gc,phases   ] GC(954)   Pre Evacuate Collection Set: 1.1ms
[2025-12-25T06:19:50.599+0000][gc,phases   ] GC(954)   Merge Heap Roots: 0.3ms
[2025-12-25T06:19:50.599+0000][gc,phases   ] GC(954)   Evacuate Collection Set: 10.2ms
[2025-12-25T06:19:50.600+0000][gc,phases   ] GC(954)   Post Evacuate Collection Set: 1.1ms
[2025-12-25T06:19:50.600+0000][gc,phases   ] GC(954)   Other: 0.2ms
[2025-12-25T06:19:50.600+0000][gc,heap     ] GC(954) Eden regions: 576->0(581)
[2025-12-25T06:19:50.600+0000][gc,heap     ] GC(954) Survivor regions: 11->8(63)
[2025-12-25T06:19:50.600+0000][gc,heap     ] GC(954) Old regions: 223->224
[2025-12-25T06:19:50.600+0000][gc,heap     ] GC(954) Humongous regions: 151->151
[2025-12-25T06:19:50.600+0000][gc,metaspace] GC(954) Metaspace: 16299K(16640K)->16299K(16640K) NonClass: 14624K(14720K)->14624K(14720K) Class: 1674K(1920K)->1674K(1920K)
[2025-12-25T06:19:50.600+0000][gc          ] GC(954) Pause Young (Normal) (G1 Evacuation Pause) 959M->381M(1024M) 14.023ms
[2025-12-25T06:19:50.600+0000][gc,cpu      ] GC(954) User=0.08s Sys=0.00s Real=0.01s
[2025-12-25T06:20:20.745+0000][gc,start    ] GC(955) Pause Young (Normal) (G1 Evacuation Pause)
[2025-12-25T06:20:20.745+0000][gc,task     ] GC(955) Using 8 workers of 8 for evacuation
[2025-12-25T06:20:20.766+0000][gc,phases   ] GC(955)   Pre Evacuate Collection Set: 1.4ms
[2025-12-25T06:20:20.766+0000][gc,phases   ] GC(955)   Merge Heap Roots: 0.3ms
[2025-12-25T06:20:20.766+0000][gc,phases   ] GC(955)   Evacuate Collection Set: 16.3ms
[2025-12-25T06:20:20.766+0000][gc,phases   ] GC(955)   Post Evacuate Collection Set: 2.2ms
[2025-12-25T06:20:20.766+0000][gc,phases   ] GC(955)   Other: 0.3ms
[2025-12-25T06:20:20.766+0000][gc,heap     ] GC(955) Eden regions: 581->0(581)
[2025-12-25T06:20:20.766+0000][gc,heap     ] GC(955) Survivor regions: 8->8(60)
[2025-12-25T06:20:20.766+0000][gc,heap     ] GC(955) Old regions: 224->224
[2025-12-25T06:20:20.766+0000][gc,heap     ] GC(955) Humongous regions: 151->151
[2025-12-25T06:20:20.767+0000][gc,metaspace] GC(955) Metaspace: 16299K(16640K)->16299K(16640K) NonClass: 14624K(14720K)->14624K(14720K) Class: 1674K(1920K)->1674K(1920K)
[2025-12-25T06:20:20.767+0000][gc          ] GC(955) Pause Young (Normal) (G1 Evacuation Pause) 962M->382M(1024M) 21.957ms
[2025-12-25T06:20:20.767+0000][gc,cpu      ] GC(955) User=0.09s Sys=0.00s Real=0.03s
[2025-12-25T06:21:00.311+0000][gc,start    ] GC(956) Pause Young (Normal) (G1 Evacuation Pause)
[2025-12-25T06:21:00.311+0000][gc,task     ] GC(956) Using 8 workers of 8 for evacuation
[2025-12-25T06:21:00.325+0000][gc,phases   ] GC(956)   Pre Evacuate Collection Set: 1.2ms
[2025-12-25T06:21:00.325+0000][gc,phases   ] GC(956)   Merge Heap Roots: 0.3ms
[2025-12-25T06:21:00.325+0000][gc,phases   ] GC(956)   Evacuate Collection Set: 9.0ms
[2025-12-25T06:21:00.326+0000][gc,phases   ] GC(956)   Post Evacuate Collection Set: 3.4ms
[2025-12-25T06:21:00.326+0000][gc,phases   ] GC(956)   Other: 0.2ms
[2025-12-25T06:21:00.326+0000][gc,heap     ] GC(956) Eden regions: 581->0(583)
[2025-12-25T06:21:00.326+0000][gc,heap     ] GC(956) Survivor regions: 8->7(60)
[2025-12-25T06:21:00.326+0000][gc,heap     ] GC(956) Old regions: 224->224
[2025-12-25T06:21:00.326+0000][gc,heap     ] GC(956) Humongous regions: 151->151
[2025-12-25T06:21:00.326+0000][gc,metaspace] GC(956) Metaspace: 16299K(16640K)->16299K(16640K) NonClass: 14624K(14720K)->14624K(14720K) Class: 1674K(1920K)->1674K(1920K)
[2025-12-25T06:21:00.326+0000][gc          ] GC(956) Pause Young (Normal) (G1 Evacuation Pause) 963M->381M(1024M) 15.723ms
[2025-12-25T06:21:00.326+0000][gc,cpu      ] GC(956) User=0.08s Sys=0.01s Real=0.02s
[2025-12-25T06:21:30.448+0000][gc,start    ] GC(957) Pause Young (Normal) (G1 Evacuation Pause)
[2025-12-25T06:21:30.449+0000][gc,task     ] GC(957) Using 8 workers of 8 for evacuation
[2025-12-25T06:21:30.468+0000][gc,phases   ] GC(957)   Pre Evacuate Collection Set: 1.2ms
[2025-12-25T06:21:30.468+0000][gc,phases   ] GC(957)   Merge Heap Roots: 0.3ms
[2025-12-25T06:21:30.469+0000][gc,phases   ] GC(957)   Evacuate Collection Set: 16.6ms
[2025-12-25T06:21:30.469+0000][gc,phases   ] GC(957)   Post Evacuate Collection Set: 1.0ms
[2025-12-25T06:21:30.469+0000][gc,phases   ] GC(957)   Other: 0.2ms
[2025-12-25T06:21:30.469+0000][gc,heap     ] GC(957) Eden regions: 583->0(581)
[2025-12-25T06:21:30.469+0000][gc,heap     ] GC(957) Survivor regions: 7->8(59)
[2025-12-25T06:21:30.469+0000][gc,heap     ] GC(957) Old regions: 224->224
[2025-12-25T06:21:30.469+0000][gc,heap     ] GC(957) Humongous regions: 151->151
[2025-12-25T06:21:30.469+0000][gc,metaspace] GC(957) Metaspace: 16299K(16640K)->16299K(16640K) NonClass: 14624K(14720K)->14624K(14720K) Class: 1674K(1920K)->1674K(1920K)
[2025-12-25T06:21:30.469+0000][gc          ] GC(957) Pause Young (Normal) (G1 Evacuation Pause) 964M->382M(1024M) 21.033ms
[2025-12-25T06:21:30.469+0000][gc,cpu      ] GC(957) User=0.14s Sys=0.00s Real=0.02s
[2025-12-25T06:22:00.588+0000][gc,start    ] GC(958) Pause Young (Normal) (G1 Evacuation Pause)
[2025-12-25T06:22:00.588+0000][gc,task     ] GC(958) Using 8 workers of 8 for evacuation
[2025-12-25T06:22:00.604+0000][gc,phases   ] GC(958)   Pre Evacuate Collection Set: 3.4ms
[2025-12-25T06:22:00.604+0000][gc,phases   ] GC(958)   Merge Heap Roots: 0.5ms
[2025-12-25T06:22:00.604+0000][gc,phases   ] GC(958)   Evacuate Collection Set: 10.0ms
[2025-12-25T06:22:00.604+0000][gc,phases   ] GC(958)   Post Evacuate Collection Set: 1.0ms
[2025-12-25T06:22:00.604+0000][gc,phases   ] GC(958)   Other: 0.4ms
[2025-12-25T06:22:00.604+0000][gc,heap     ] GC(958) Eden regions: 581->0(579)
[2025-12-25T06:22:00.604+0000][gc,heap     ] GC(958) Survivor regions: 8->9(60)
[2025-12-25T06:22:00.604+0000][gc,heap     ] GC(958) Old regions: 224->224
[2025-12-25T06:22:00.604+0000][gc,heap     ] GC(958) Humongous regions: 151->151
[2025-12-25T06:22:00.604+0000][gc,metaspace] GC(958) Metaspace: 16299K(16640K)->16299K(16640K) NonClass: 14624K(14720K)->14624K(14720K) Class: 1674K(1920K)->1674K(1920K)
[2025-12-25T06:22:00.604+0000][gc          ] GC(958) Pause Young (Normal) (G1 Evacuation Pause) 963M->383M(1024M) 16.743ms
[2025-12-25T06:22:00.604+0000][gc,cpu      ] GC(958) User=0.10s Sys=0.00s Real=0.02s
[2025-12-25T06:22:30.730+0000][gc,start    ] GC(959) Pause Young (Normal) (G1 Evacuation Pause)
[2025-12-25T06:22:30.731+0000][gc,task     ] GC(959) Using 8 workers of 8 for evacuation
[2025-12-25T06:22:30.750+0000][gc,phases   ] GC(959)   Pre Evacuate Collection Set: 2.5ms
[2025-12-25T06:22:30.750+0000][gc,phases   ] GC(959)   Merge Heap Roots: 1.2ms
[2025-12-25T06:22:30.750+0000][gc,phases   ] GC(959)   Evacuate Collection Set: 13.1ms
[2025-12-25T06:22:30.750+0000][gc,phases   ] GC(959)   Post Evacuate Collection Set: 1.1ms
[2025-12-25T06:22:30.750+0000][gc,phases   ] GC(959)   Other: 0.6ms
[2025-12-25T06:22:30.750+0000][gc,heap     ] GC(959) Eden regions: 579->0(576)
[2025-12-25T06:22:30.750+0000][gc,heap     ] GC(959) Survivor regions: 9->10(61)
[2025-12-25T06:22:30.750+0000][gc,heap     ] GC(959) Old regions: 224->225
[2025-12-25T06:22:30.750+0000][gc,heap     ] GC(959) Humongous regions: 151->151
[2025-12-25T06:22:30.750+0000][gc,metaspace] GC(959) Metaspace: 16299K(16640K)->16299K(16640K) NonClass: 14624K(14720K)->14624K(14720K) Class: 1674K(1920K)->1674K(1920K)
[2025-12-25T06:22:30.750+0000][gc          ] GC(959) Pause Young (Normal) (G1 Evacuation Pause) 962M->384M(1024M) 19.842ms
[2025-12-25T06:22:30.750+0000][gc,cpu      ] GC(959) User=0.11s Sys=0.01s Real=0.02s
[2025-12-25T06:23:10.264+0000][gc,start    ] GC(960) Pause Young (Normal) (G1 Evacuation Pause)
[2025-12-25T06:23:10.265+0000][gc,task     ] GC(960) Using 8 workers of 8 for evacuation
[2025-12-25T06:23:10.282+0000][gc,phases   ] GC(960)   Pre Evacuate Collection Set: 1.0ms
[2025-12-25T06:23:10.282+0000][gc,phases   ] GC(960)   Merge Heap Roots: 0.3ms
[2025-12-25T06:23:10.282+0000][gc,phases   ] GC(960)   Evacuate Collection Set: 14.3ms
[2025-12-25T06:23:10.282+0000][gc,phases   ] GC(960)   Post Evacuate Collection Set: 1.1ms
[2025-12-25T06:23:10.282+0000][gc,phases   ] GC(960)   Other: 0.3ms
[2025-12-25T06:23:10.282+0000][gc,heap     ] GC(960) Eden regions: 576->0(580)
[2025-12-25T06:23:10.282+0000][gc,heap     ] GC(960) Survivor regions: 10->8(62)
[2025-12-25T06:23:10.282+0000][gc,heap     ] GC(960) Old regions: 225->225
[2025-12-25T06:23:10.282+0000][gc,heap     ] GC(960) Humongous regions: 151->151
[2025-12-25T06:23:10.282+0000][gc,metaspace] GC(960) Metaspace: 16300K(16640K)->16300K(16640K) NonClass: 14625K(14720K)->14625K(14720K) Class: 1674K(1920K)->1674K(1920K)
[2025-12-25T06:23:10.282+0000][gc          ] GC(960) Pause Young (Normal) (G1 Evacuation Pause) 960M->383M(1024M) 18.907ms
[2025-12-25T06:23:10.283+0000][gc,cpu      ] GC(960) User=0.11s Sys=0.00s Real=0.02s
[2025-12-25T06:23:40.421+0000][gc,start    ] GC(961) Pause Young (Normal) (G1 Evacuation Pause)
[2025-12-25T06:23:40.422+0000][gc,task     ] GC(961) Using 8 workers of 8 for evacuation
[2025-12-25T06:23:40.434+0000][gc,phases   ] GC(961)   Pre Evacuate Collection Set: 1.2ms
[2025-12-25T06:23:40.435+0000][gc,phases   ] GC(961)   Merge Heap Roots: 0.3ms
[2025-12-25T06:23:40.435+0000][gc,phases   ] GC(961)   Evacuate Collection Set: 10.1ms
[2025-12-25T06:23:40.435+0000][gc,phases   ] GC(961)   Post Evacuate Collection Set: 1.0ms
[2025-12-25T06:23:40.435+0000][gc,phases   ] GC(961)   Other: 0.2ms
[2025-12-25T06:23:40.435+0000][gc,heap     ] GC(961) Eden regions: 580->0(586)
[2025-12-25T06:23:40.435+0000][gc,heap     ] GC(961) Survivor regions: 8->5(60)
[2025-12-25T06:23:40.435+0000][gc,heap     ] GC(961) Old regions: 225->225
[2025-12-25T06:23:40.435+0000][gc,heap     ] GC(961) Humongous regions: 151->151
[2025-12-25T06:23:40.435+0000][gc,metaspace] GC(961) Metaspace: 16300K(16640K)->16300K(16640K) NonClass: 14625K(14720K)->14625K(14720K) Class: 1674K(1920K)->1674K(1920K)
[2025-12-25T06:23:40.435+0000][gc          ] GC(961) Pause Young (Normal) (G1 Evacuation Pause) 963M->380M(1024M) 13.818ms
[2025-12-25T06:23:40.435+0000][gc,cpu      ] GC(961) User=0.08s Sys=0.00s Real=0.01s
[2025-12-25T06:24:10.562+0000][gc,start    ] GC(962) Pause Young (Normal) (G1 Evacuation Pause)
[2025-12-25T06:24:10.563+0000][gc,task     ] GC(962) Using 8 workers of 8 for evacuation
[2025-12-25T06:24:10.573+0000][gc,phases   ] GC(962)   Pre Evacuate Collection Set: 1.1ms
[2025-12-25T06:24:10.573+0000][gc,phases   ] GC(962)   Merge Heap Roots: 0.2ms
[2025-12-25T06:24:10.573+0000][gc,phases   ] GC(962)   Evacuate Collection Set: 7.7ms
[2025-12-25T06:24:10.573+0000][gc,phases   ] GC(962)   Post Evacuate Collection Set: 1.0ms
[2025-12-25T06:24:10.573+0000][gc,phases   ] GC(962)   Other: 0.2ms
[2025-12-25T06:24:10.573+0000][gc,heap     ] GC(962) Eden regions: 586->0(584)
[2025-12-25T06:24:10.573+0000][gc,heap     ] GC(962) Survivor regions: 5->6(57)
[2025-12-25T06:24:10.573+0000][gc,heap     ] GC(962) Old regions: 225->225
[2025-12-25T06:24:10.573+0000][gc,heap     ] GC(962) Humongous regions: 151->151
[2025-12-25T06:24:10.573+0000][gc,metaspace] GC(962) Metaspace: 16303K(16640K)->16303K(16640K) NonClass: 14628K(14720K)->14628K(14720K) Class: 1674K(1920K)->1674K(1920K)
[2025-12-25T06:24:10.573+0000][gc          ] GC(962) Pause Young (Normal) (G1 Evacuation Pause) 966M->380M(1024M) 11.254ms
[2025-12-25T06:24:10.573+0000][gc,cpu      ] GC(962) User=0.07s Sys=0.01s Real=0.01s
[2025-12-25T06:24:40.687+0000][gc,start    ] GC(963) Pause Young (Normal) (G1 Evacuation Pause)
[2025-12-25T06:24:40.687+0000][gc,task     ] GC(963) Using 8 workers of 8 for evacuation
[2025-12-25T06:24:40.700+0000][gc,phases   ] GC(963)   Pre Evacuate Collection Set: 1.0ms
[2025-12-25T06:24:40.700+0000][gc,phases   ] GC(963)   Merge Heap Roots: 0.3ms
[2025-12-25T06:24:40.700+0000][gc,phases   ] GC(963)   Evacuate Collection Set: 10.5ms
[2025-12-25T06:24:40.700+0000][gc,phases   ] GC(963)   Post Evacuate Collection Set: 0.9ms
[2025-12-25T06:24:40.700+0000][gc,phases   ] GC(963)   Other: 0.2ms
[2025-12-25T06:24:40.700+0000][gc,heap     ] GC(963) Eden regions: 584->0(581)
[2025-12-25T06:24:40.700+0000][gc,heap     ] GC(963) Survivor regions: 6->7(58)
[2025-12-25T06:24:40.700+0000][gc,heap     ] GC(963) Old regions: 225->226
[2025-12-25T06:24:40.701+0000][gc,heap     ] GC(963) Humongous regions: 151->151
[2025-12-25T06:24:40.701+0000][gc,metaspace] GC(963) Metaspace: 16303K(16640K)->16303K(16640K) NonClass: 14628K(14720K)->14628K(14720K) Class: 1674K(1920K)->1674K(1920K)
[2025-12-25T06:24:40.701+0000][gc          ] GC(963) Pause Young (Normal) (G1 Evacuation Pause) 964M->382M(1024M) 13.872ms
[2025-12-25T06:24:40.701+0000][gc,cpu      ] GC(963) User=0.09s Sys=0.00s Real=0.02s
[2025-12-25T06:25:20.278+0000][gc,start    ] GC(964) Pause Young (Normal) (G1 Evacuation Pause)
[2025-12-25T06:25:20.278+0000][gc,task     ] GC(964) Using 8 workers of 8 for evacuation
[2025-12-25T06:25:20.298+0000][gc,phases   ] GC(964)   Pre Evacuate Collection Set: 2.5ms
[2025-12-25T06:25:20.298+0000][gc,phases   ] GC(964)   Merge Heap Roots: 0.7ms
[2025-12-25T06:25:20.298+0000][gc,phases   ] GC(964)   Evacuate Collection Set: 15.0ms
[2025-12-25T06:25:20.298+0000][gc,phases   ] GC(964)   Post Evacuate Collection Set: 1.3ms
[2025-12-25T06:25:20.299+0000][gc,phases   ] GC(964)   Other: 0.5ms
[2025-12-25T06:25:20.299+0000][gc,heap     ] GC(964) Eden regions: 581->0(585)
[2025-12-25T06:25:20.299+0000][gc,heap     ] GC(964) Survivor regions: 7->5(59)
[2025-12-25T06:25:20.299+0000][gc,heap     ] GC(964) Old regions: 226->226
[2025-12-25T06:25:20.299+0000][gc,heap     ] GC(964) Humongous regions: 151->151
[2025-12-25T06:25:20.299+0000][gc,metaspace] GC(964) Metaspace: 16304K(16640K)->16304K(16640K) NonClass: 14629K(14720K)->14629K(14720K) Class: 1674K(1920K)->1674K(1920K)
[2025-12-25T06:25:20.299+0000][gc          ] GC(964) Pause Young (Normal) (G1 Evacuation Pause) 963M->381M(1024M) 21.222ms
[2025-12-25T06:25:20.299+0000][gc,cpu      ] GC(964) User=0.13s Sys=0.00s Real=0.03s
[2025-12-25T06:25:50.424+0000][gc,start    ] GC(965) Pause Young (Normal) (G1 Evacuation Pause)
[2025-12-25T06:25:50.424+0000][gc,task     ] GC(965) Using 8 workers of 8 for evacuation
[2025-12-25T06:25:50.445+0000][gc,phases   ] GC(965)   Pre Evacuate Collection Set: 1.1ms
[2025-12-25T06:25:50.445+0000][gc,phases   ] GC(965)   Merge Heap Roots: 0.2ms
[2025-12-25T06:25:50.445+0000][gc,phases   ] GC(965)   Evacuate Collection Set: 18.1ms
[2025-12-25T06:25:50.445+0000][gc,phases   ] GC(965)   Post Evacuate Collection Set: 1.2ms
[2025-12-25T06:25:50.445+0000][gc,phases   ] GC(965)   Other: 0.2ms
[2025-12-25T06:25:50.445+0000][gc,heap     ] GC(965) Eden regions: 585->0(583)
[2025-12-25T06:25:50.446+0000][gc,heap     ] GC(965) Survivor regions: 5->6(57)
[2025-12-25T06:25:50.446+0000][gc,heap     ] GC(965) Old regions: 226->226
[2025-12-25T06:25:50.446+0000][gc,heap     ] GC(965) Humongous regions: 151->151
[2025-12-25T06:25:50.446+0000][gc,metaspace] GC(965) Metaspace: 16304K(16640K)->16304K(16640K) NonClass: 14629K(14720K)->14629K(14720K) Class: 1674K(1920K)->1674K(1920K)
[2025-12-25T06:25:50.446+0000][gc          ] GC(965) Pause Young (Normal) (G1 Evacuation Pause) 966M->382M(1024M) 21.921ms
[2025-12-25T06:25:50.446+0000][gc,cpu      ] GC(965) User=0.14s Sys=0.00s Real=0.02s
[2025-12-25T06:26:20.610+0000][gc,start    ] GC(966) Pause Young (Normal) (G1 Evacuation Pause)
[2025-12-25T06:26:20.610+0000][gc,task     ] GC(966) Using 8 workers of 8 for evacuation
[2025-12-25T06:26:20.625+0000][gc,phases   ] GC(966)   Pre Evacuate Collection Set: 3.1ms
[2025-12-25T06:26:20.625+0000][gc,phases   ] GC(966)   Merge Heap Roots: 0.9ms
[2025-12-25T06:26:20.625+0000][gc,phases   ] GC(966)   Evacuate Collection Set: 9.3ms
[2025-12-25T06:26:20.625+0000][gc,phases   ] GC(966)   Post Evacuate Collection Set: 1.0ms
[2025-12-25T06:26:20.625+0000][gc,phases   ] GC(966)   Other: 0.4ms
[2025-12-25T06:26:20.625+0000][gc,heap     ] GC(966) Eden regions: 583->0(581)
[2025-12-25T06:26:20.626+0000][gc,heap     ] GC(966) Survivor regions: 6->7(58)
[2025-12-25T06:26:20.626+0000][gc,heap     ] GC(966) Old regions: 226->226
[2025-12-25T06:26:20.626+0000][gc,heap     ] GC(966) Humongous regions: 151->151
[2025-12-25T06:26:20.626+0000][gc,metaspace] GC(966) Metaspace: 16304K(16640K)->16304K(16640K) NonClass: 14629K(14720K)->14629K(14720K) Class: 1674K(1920K)->1674K(1920K)
[2025-12-25T06:26:20.626+0000][gc          ] GC(966) Pause Young (Normal) (G1 Evacuation Pause) 965M->383M(1024M) 16.100ms
[2025-12-25T06:26:20.626+0000][gc,cpu      ] GC(966) User=0.09s Sys=0.00s Real=0.01s
[2025-12-25T06:26:50.733+0000][gc,start    ] GC(967) Pause Young (Normal) (G1 Evacuation Pause)
[2025-12-25T06:26:50.734+0000][gc,task     ] GC(967) Using 8 workers of 8 for evacuation
[2025-12-25T06:26:50.748+0000][gc,phases   ] GC(967)   Pre Evacuate Collection Set: 1.1ms
[2025-12-25T06:26:50.748+0000][gc,phases   ] GC(967)   Merge Heap Roots: 0.3ms
[2025-12-25T06:26:50.748+0000][gc,phases   ] GC(967)   Evacuate Collection Set: 11.5ms
[2025-12-25T06:26:50.748+0000][gc,phases   ] GC(967)   Post Evacuate Collection Set: 1.1ms
[2025-12-25T06:26:50.748+0000][gc,phases   ] GC(967)   Other: 0.2ms
[2025-12-25T06:26:50.748+0000][gc,heap     ] GC(967) Eden regions: 581->0(578)
[2025-12-25T06:26:50.749+0000][gc,heap     ] GC(967) Survivor regions: 7->8(59)
[2025-12-25T06:26:50.749+0000][gc,heap     ] GC(967) Old regions: 226->227
[2025-12-25T06:26:50.749+0000][gc,heap     ] GC(967) Humongous regions: 151->151
[2025-12-25T06:26:50.749+0000][gc,metaspace] GC(967) Metaspace: 16304K(16640K)->16304K(16640K) NonClass: 14629K(14720K)->14629K(14720K) Class: 1674K(1920K)->1674K(1920K)
[2025-12-25T06:26:50.749+0000][gc          ] GC(967) Pause Young (Normal) (G1 Evacuation Pause) 964M->384M(1024M) 15.304ms
[2025-12-25T06:26:50.749+0000][gc,cpu      ] GC(967) User=0.08s Sys=0.00s Real=0.02s
[2025-12-25T06:27:30.278+0000][gc,start    ] GC(968) Pause Young (Normal) (G1 Evacuation Pause)
[2025-12-25T06:27:30.278+0000][gc,task     ] GC(968) Using 8 workers of 8 for evacuation
[2025-12-25T06:27:30.287+0000][gc,phases   ] GC(968)   Pre Evacuate Collection Set: 1.1ms
[2025-12-25T06:27:30.287+0000][gc,phases   ] GC(968)   Merge Heap Roots: 0.2ms
[2025-12-25T06:27:30.287+0000][gc,phases   ] GC(968)   Evacuate Collection Set: 6.3ms
[2025-12-25T06:27:30.287+0000][gc,phases   ] GC(968)   Post Evacuate Collection Set: 1.1ms
[2025-12-25T06:27:30.288+0000][gc,phases   ] GC(968)   Other: 0.2ms
[2025-12-25T06:27:30.288+0000][gc,heap     ] GC(968) Eden regions: 578->0(580)
[2025-12-25T06:27:30.288+0000][gc,heap     ] GC(968) Survivor regions: 8->7(60)
[2025-12-25T06:27:30.288+0000][gc,heap     ] GC(968) Old regions: 227->227
[2025-12-25T06:27:30.288+0000][gc,heap     ] GC(968) Humongous regions: 151->151
[2025-12-25T06:27:30.288+0000][gc,metaspace] GC(968) Metaspace: 16304K(16640K)->16304K(16640K) NonClass: 14629K(14720K)->14629K(14720K) Class: 1674K(1920K)->1674K(1920K)
[2025-12-25T06:27:30.288+0000][gc          ] GC(968) Pause Young (Normal) (G1 Evacuation Pause) 962M->383M(1024M) 9.921ms
[2025-12-25T06:27:30.288+0000][gc,cpu      ] GC(968) User=0.05s Sys=0.01s Real=0.01s
[2025-12-25T06:28:00.415+0000][gc,start    ] GC(969) Pause Young (Normal) (G1 Evacuation Pause)
[2025-12-25T06:28:00.416+0000][gc,task     ] GC(969) Using 8 workers of 8 for evacuation
[2025-12-25T06:28:00.425+0000][gc,phases   ] GC(969)   Pre Evacuate Collection Set: 1.5ms
[2025-12-25T06:28:00.425+0000][gc,phases   ] GC(969)   Merge Heap Roots: 0.7ms
[2025-12-25T06:28:00.425+0000][gc,phases   ] GC(969)   Evacuate Collection Set: 5.1ms
[2025-12-25T06:28:00.425+0000][gc,phases   ] GC(969)   Post Evacuate Collection Set: 1.7ms
[2025-12-25T06:28:00.425+0000][gc,phases   ] GC(969)   Other: 0.3ms
[2025-12-25T06:28:00.425+0000][gc,heap     ] GC(969) Eden regions: 580->0(588)
[2025-12-25T06:28:00.426+0000][gc,heap     ] GC(969) Survivor regions: 7->3(59)
[2025-12-25T06:28:00.426+0000][gc,heap     ] GC(969) Old regions: 227->227
[2025-12-25T06:28:00.426+0000][gc,heap     ] GC(969) Humongous regions: 151->151
[2025-12-25T06:28:00.426+0000][gc,metaspace] GC(969) Metaspace: 16304K(16640K)->16304K(16640K) NonClass: 14629K(14720K)->14629K(14720K) Class: 1674K(1920K)->1674K(1920K)
[2025-12-25T06:28:00.426+0000][gc          ] GC(969) Pause Young (Normal) (G1 Evacuation Pause) 963M->380M(1024M) 10.517ms
[2025-12-25T06:28:00.426+0000][gc,cpu      ] GC(969) User=0.05s Sys=0.01s Real=0.01s
[2025-12-25T06:28:30.590+0000][gc,start    ] GC(970) Pause Young (Normal) (G1 Evacuation Pause)
[2025-12-25T06:28:30.590+0000][gc,task     ] GC(970) Using 8 workers of 8 for evacuation
[2025-12-25T06:28:30.599+0000][gc,phases   ] GC(970)   Pre Evacuate Collection Set: 1.1ms
[2025-12-25T06:28:30.599+0000][gc,phases   ] GC(970)   Merge Heap Roots: 0.2ms
[2025-12-25T06:28:30.600+0000][gc,phases   ] GC(970)   Evacuate Collection Set: 6.6ms
[2025-12-25T06:28:30.600+0000][gc,phases   ] GC(970)   Post Evacuate Collection Set: 1.0ms
[2025-12-25T06:28:30.600+0000][gc,phases   ] GC(970)   Other: 0.1ms
[2025-12-25T06:28:30.600+0000][gc,heap     ] GC(970) Eden regions: 588->0(584)
[2025-12-25T06:28:30.600+0000][gc,heap     ] GC(970) Survivor regions: 3->5(55)
[2025-12-25T06:28:30.600+0000][gc,heap     ] GC(970) Old regions: 227->227
[2025-12-25T06:28:30.600+0000][gc,heap     ] GC(970) Humongous regions: 151->151
[2025-12-25T06:28:30.600+0000][gc,metaspace] GC(970) Metaspace: 16305K(16640K)->16305K(16640K) NonClass: 14630K(14720K)->14630K(14720K) Class: 1674K(1920K)->1674K(1920K)
[2025-12-25T06:28:30.600+0000][gc          ] GC(970) Pause Young (Normal) (G1 Evacuation Pause) 968M->381M(1024M) 10.148ms
[2025-12-25T06:28:30.600+0000][gc,cpu      ] GC(970) User=0.06s Sys=0.00s Real=0.01s
[2025-12-25T06:29:00.783+0000][gc,start    ] GC(971) Pause Young (Normal) (G1 Evacuation Pause)
[2025-12-25T06:29:00.784+0000][gc,task     ] GC(971) Using 8 workers of 8 for evacuation
[2025-12-25T06:29:00.796+0000][gc,phases   ] GC(971)   Pre Evacuate Collection Set: 2.0ms
[2025-12-25T06:29:00.796+0000][gc,phases   ] GC(971)   Merge Heap Roots: 0.2ms
[2025-12-25T06:29:00.796+0000][gc,phases   ] GC(971)   Evacuate Collection Set: 8.0ms
[2025-12-25T06:29:00.796+0000][gc,phases   ] GC(971)   Post Evacuate Collection Set: 1.2ms
[2025-12-25T06:29:00.796+0000][gc,phases   ] GC(971)   Other: 0.4ms
[2025-12-25T06:29:00.796+0000][gc,heap     ] GC(971) Eden regions: 584->0(582)
[2025-12-25T06:29:00.796+0000][gc,heap     ] GC(971) Survivor regions: 5->6(57)
[2025-12-25T06:29:00.796+0000][gc,heap     ] GC(971) Old regions: 227->227
[2025-12-25T06:29:00.796+0000][gc,heap     ] GC(971) Humongous regions: 151->151
[2025-12-25T06:29:00.796+0000][gc,metaspace] GC(971) Metaspace: 16305K(16640K)->16305K(16640K) NonClass: 14630K(14720K)->14630K(14720K) Class: 1674K(1920K)->1674K(1920K)
[2025-12-25T06:29:00.796+0000][gc          ] GC(971) Pause Young (Normal) (G1 Evacuation Pause) 965M->383M(1024M) 13.129ms
[2025-12-25T06:29:00.796+0000][gc,cpu      ] GC(971) User=0.07s Sys=0.00s Real=0.01s
[2025-12-25T06:29:40.350+0000][gc,start    ] GC(972) Pause Young (Normal) (G1 Evacuation Pause)
[2025-12-25T06:29:40.350+0000][gc,task     ] GC(972) Using 8 workers of 8 for evacuation
[2025-12-25T06:29:40.363+0000][gc,phases   ] GC(972)   Pre Evacuate Collection Set: 2.2ms
[2025-12-25T06:29:40.363+0000][gc,phases   ] GC(972)   Merge Heap Roots: 0.4ms
[2025-12-25T06:29:40.363+0000][gc,phases   ] GC(972)   Evacuate Collection Set: 9.4ms
[2025-12-25T06:29:40.363+0000][gc,phases   ] GC(972)   Post Evacuate Collection Set: 1.1ms
[2025-12-25T06:29:40.363+0000][gc,phases   ] GC(972)   Other: 0.3ms
[2025-12-25T06:29:40.364+0000][gc,heap     ] GC(972) Eden regions: 582->0(584)
[2025-12-25T06:29:40.364+0000][gc,heap     ] GC(972) Survivor regions: 6->5(58)
[2025-12-25T06:29:40.364+0000][gc,heap     ] GC(972) Old regions: 227->227
[2025-12-25T06:29:40.364+0000][gc,heap     ] GC(972) Humongous regions: 151->151
[2025-12-25T06:29:40.364+0000][gc,metaspace] GC(972) Metaspace: 16305K(16640K)->16305K(16640K) NonClass: 14630K(14720K)->14630K(14720K) Class: 1674K(1920K)->1674K(1920K)
[2025-12-25T06:29:40.364+0000][gc          ] GC(972) Pause Young (Normal) (G1 Evacuation Pause) 965M->382M(1024M) 14.296ms
[2025-12-25T06:29:40.364+0000][gc,cpu      ] GC(972) User=0.09s Sys=0.00s Real=0.01s
[2025-12-25T06:30:10.541+0000][gc,start    ] GC(973) Pause Young (Normal) (G1 Evacuation Pause)
[2025-12-25T06:30:10.541+0000][gc,task     ] GC(973) Using 8 workers of 8 for evacuation
[2025-12-25T06:30:10.555+0000][gc,phases   ] GC(973)   Pre Evacuate Collection Set: 1.1ms
[2025-12-25T06:30:10.555+0000][gc,phases   ] GC(973)   Merge Heap Roots: 0.3ms
[2025-12-25T06:30:10.555+0000][gc,phases   ] GC(973)   Evacuate Collection Set: 10.9ms
[2025-12-25T06:30:10.555+0000][gc,phases   ] GC(973)   Post Evacuate Collection Set: 1.2ms
[2025-12-25T06:30:10.555+0000][gc,phases   ] GC(973)   Other: 0.4ms
[2025-12-25T06:30:10.555+0000][gc,heap     ] GC(973) Eden regions: 584->0(582)
[2025-12-25T06:30:10.555+0000][gc,heap     ] GC(973) Survivor regions: 5->6(57)
[2025-12-25T06:30:10.555+0000][gc,heap     ] GC(973) Old regions: 227->227
[2025-12-25T06:30:10.555+0000][gc,heap     ] GC(973) Humongous regions: 151->151
[2025-12-25T06:30:10.556+0000][gc,metaspace] GC(973) Metaspace: 16305K(16640K)->16305K(16640K) NonClass: 14630K(14720K)->14630K(14720K) Class: 1674K(1920K)->1674K(1920K)
[2025-12-25T06:30:10.556+0000][gc          ] GC(973) Pause Young (Normal) (G1 Evacuation Pause) 966M->383M(1024M) 15.004ms
[2025-12-25T06:30:10.556+0000][gc,cpu      ] GC(973) User=0.09s Sys=0.00s Real=0.01s
[2025-12-25T06:30:41.734+0000][gc,start    ] GC(974) Pause Young (Normal) (G1 Evacuation Pause)
[2025-12-25T06:30:41.735+0000][gc,task     ] GC(974) Using 8 workers of 8 for evacuation
[2025-12-25T06:30:41.759+0000][gc,phases   ] GC(974)   Pre Evacuate Collection Set: 3.4ms
[2025-12-25T06:30:41.760+0000][gc,phases   ] GC(974)   Merge Heap Roots: 0.7ms
[2025-12-25T06:30:41.760+0000][gc,phases   ] GC(974)   Evacuate Collection Set: 16.1ms
[2025-12-25T06:30:41.760+0000][gc,phases   ] GC(974)   Post Evacuate Collection Set: 3.5ms
[2025-12-25T06:30:41.761+0000][gc,phases   ] GC(974)   Other: 1.0ms
[2025-12-25T06:30:41.761+0000][gc,heap     ] GC(974) Eden regions: 582->0(578)
[2025-12-25T06:30:41.761+0000][gc,heap     ] GC(974) Survivor regions: 6->8(58)
[2025-12-25T06:30:41.761+0000][gc,heap     ] GC(974) Old regions: 227->227
[2025-12-25T06:30:41.762+0000][gc,heap     ] GC(974) Humongous regions: 151->151
[2025-12-25T06:30:41.762+0000][gc,metaspace] GC(974) Metaspace: 16305K(16640K)->16305K(16640K) NonClass: 14630K(14720K)->14630K(14720K) Class: 1674K(1920K)->1674K(1920K)
[2025-12-25T06:30:41.762+0000][gc          ] GC(974) Pause Young (Normal) (G1 Evacuation Pause) 965M->385M(1024M) 28.726ms
[2025-12-25T06:30:41.762+0000][gc,cpu      ] GC(974) User=0.15s Sys=0.00s Real=0.02s
[2025-12-25T06:31:11.081+0000][gc,start    ] GC(975) Pause Young (Normal) (G1 Evacuation Pause)
[2025-12-25T06:31:11.082+0000][gc,task     ] GC(975) Using 8 workers of 8 for evacuation
[2025-12-25T06:31:11.100+0000][gc,phases   ] GC(975)   Pre Evacuate Collection Set: 1.6ms
[2025-12-25T06:31:11.100+0000][gc,phases   ] GC(975)   Merge Heap Roots: 0.4ms
[2025-12-25T06:31:11.101+0000][gc,phases   ] GC(975)   Evacuate Collection Set: 11.8ms
[2025-12-25T06:31:11.101+0000][gc,phases   ] GC(975)   Post Evacuate Collection Set: 3.2ms
[2025-12-25T06:31:11.101+0000][gc,phases   ] GC(975)   Other: 1.0ms
[2025-12-25T06:31:11.101+0000][gc,heap     ] GC(975) Eden regions: 578->0(576)
[2025-12-25T06:31:11.101+0000][gc,heap     ] GC(975) Survivor regions: 8->9(60)
[2025-12-25T06:31:11.102+0000][gc,heap     ] GC(975) Old regions: 227->227
[2025-12-25T06:31:11.102+0000][gc,heap     ] GC(975) Humongous regions: 151->151
[2025-12-25T06:31:11.102+0000][gc,metaspace] GC(975) Metaspace: 16305K(16640K)->16305K(16640K) NonClass: 14630K(14720K)->14630K(14720K) Class: 1674K(1920K)->1674K(1920K)
[2025-12-25T06:31:11.102+0000][gc          ] GC(975) Pause Young (Normal) (G1 Evacuation Pause) 963M->386M(1024M) 20.752ms
[2025-12-25T06:31:11.102+0000][gc,cpu      ] GC(975) User=0.11s Sys=0.00s Real=0.02s
[2025-12-25T06:31:50.308+0000][gc,start    ] GC(976) Pause Young (Normal) (G1 Evacuation Pause)
[2025-12-25T06:31:50.308+0000][gc,task     ] GC(976) Using 8 workers of 8 for evacuation
[2025-12-25T06:31:50.324+0000][gc,phases   ] GC(976)   Pre Evacuate Collection Set: 2.3ms
[2025-12-25T06:31:50.324+0000][gc,phases   ] GC(976)   Merge Heap Roots: 0.5ms
[2025-12-25T06:31:50.324+0000][gc,phases   ] GC(976)   Evacuate Collection Set: 11.4ms
[2025-12-25T06:31:50.324+0000][gc,phases   ] GC(976)   Post Evacuate Collection Set: 1.1ms
[2025-12-25T06:31:50.324+0000][gc,phases   ] GC(976)   Other: 0.2ms
[2025-12-25T06:31:50.324+0000][gc,heap     ] GC(976) Eden regions: 576->0(578)
[2025-12-25T06:31:50.324+0000][gc,heap     ] GC(976) Survivor regions: 9->8(61)
[2025-12-25T06:31:50.324+0000][gc,heap     ] GC(976) Old regions: 227->227
[2025-12-25T06:31:50.324+0000][gc,heap     ] GC(976) Humongous regions: 151->151
[2025-12-25T06:31:50.324+0000][gc,metaspace] GC(976) Metaspace: 16305K(16640K)->16305K(16640K) NonClass: 14630K(14720K)->14630K(14720K) Class: 1674K(1920K)->1674K(1920K)
[2025-12-25T06:31:50.324+0000][gc          ] GC(976) Pause Young (Normal) (G1 Evacuation Pause) 962M->385M(1024M) 16.591ms
[2025-12-25T06:31:50.324+0000][gc,cpu      ] GC(976) User=0.10s Sys=0.00s Real=0.02s
[2025-12-25T06:32:20.462+0000][gc,start    ] GC(977) Pause Young (Normal) (G1 Evacuation Pause)
[2025-12-25T06:32:20.464+0000][gc,task     ] GC(977) Using 8 workers of 8 for evacuation
[2025-12-25T06:32:20.479+0000][gc,phases   ] GC(977)   Pre Evacuate Collection Set: 1.1ms
[2025-12-25T06:32:20.479+0000][gc,phases   ] GC(977)   Merge Heap Roots: 0.3ms
[2025-12-25T06:32:20.479+0000][gc,phases   ] GC(977)   Evacuate Collection Set: 12.1ms
[2025-12-25T06:32:20.480+0000][gc,phases   ] GC(977)   Post Evacuate Collection Set: 2.2ms
[2025-12-25T06:32:20.480+0000][gc,phases   ] GC(977)   Other: 0.2ms
[2025-12-25T06:32:20.480+0000][gc,heap     ] GC(977) Eden regions: 578->0(584)
[2025-12-25T06:32:20.480+0000][gc,heap     ] GC(977) Survivor regions: 8->5(60)
[2025-12-25T06:32:20.480+0000][gc,heap     ] GC(977) Old regions: 227->227
[2025-12-25T06:32:20.480+0000][gc,heap     ] GC(977) Humongous regions: 151->151
[2025-12-25T06:32:20.480+0000][gc,metaspace] GC(977) Metaspace: 16305K(16640K)->16305K(16640K) NonClass: 14630K(14720K)->14630K(14720K) Class: 1674K(1920K)->1674K(1920K)
[2025-12-25T06:32:20.480+0000][gc          ] GC(977) Pause Young (Normal) (G1 Evacuation Pause) 963M->382M(1024M) 17.433ms
[2025-12-25T06:32:20.480+0000][gc,cpu      ] GC(977) User=0.10s Sys=0.00s Real=0.02s
[2025-12-25T06:32:50.574+0000][gc,start    ] GC(978) Pause Young (Normal) (G1 Evacuation Pause)
[2025-12-25T06:32:50.575+0000][gc,task     ] GC(978) Using 8 workers of 8 for evacuation
[2025-12-25T06:32:50.587+0000][gc,phases   ] GC(978)   Pre Evacuate Collection Set: 1.2ms
[2025-12-25T06:32:50.587+0000][gc,phases   ] GC(978)   Merge Heap Roots: 0.3ms
[2025-12-25T06:32:50.587+0000][gc,phases   ] GC(978)   Evacuate Collection Set: 9.5ms
[2025-12-25T06:32:50.587+0000][gc,phases   ] GC(978)   Post Evacuate Collection Set: 1.0ms
[2025-12-25T06:32:50.587+0000][gc,phases   ] GC(978)   Other: 0.2ms
[2025-12-25T06:32:50.587+0000][gc,heap     ] GC(978) Eden regions: 584->0(581)
[2025-12-25T06:32:50.587+0000][gc,heap     ] GC(978) Survivor regions: 5->6(57)
[2025-12-25T06:32:50.587+0000][gc,heap     ] GC(978) Old regions: 227->228
[2025-12-25T06:32:50.587+0000][gc,heap     ] GC(978) Humongous regions: 151->151
[2025-12-25T06:32:50.587+0000][gc,metaspace] GC(978) Metaspace: 16305K(16640K)->16305K(16640K) NonClass: 14630K(14720K)->14630K(14720K) Class: 1674K(1920K)->1674K(1920K)
[2025-12-25T06:32:50.587+0000][gc          ] GC(978) Pause Young (Normal) (G1 Evacuation Pause) 966M->383M(1024M) 13.289ms
[2025-12-25T06:32:50.588+0000][gc,cpu      ] GC(978) User=0.08s Sys=0.00s Real=0.01s
[2025-12-25T06:33:20.761+0000][gc,start    ] GC(979) Pause Young (Normal) (G1 Evacuation Pause)
[2025-12-25T06:33:20.761+0000][gc,task     ] GC(979) Using 8 workers of 8 for evacuation
[2025-12-25T06:33:20.782+0000][gc,phases   ] GC(979)   Pre Evacuate Collection Set: 2.6ms
[2025-12-25T06:33:20.782+0000][gc,phases   ] GC(979)   Merge Heap Roots: 1.3ms
[2025-12-25T06:33:20.782+0000][gc,phases   ] GC(979)   Evacuate Collection Set: 14.5ms
[2025-12-25T06:33:20.782+0000][gc,phases   ] GC(979)   Post Evacuate Collection Set: 1.5ms
[2025-12-25T06:33:20.782+0000][gc,phases   ] GC(979)   Other: 0.6ms
[2025-12-25T06:33:20.782+0000][gc,heap     ] GC(979) Eden regions: 581->0(577)
[2025-12-25T06:33:20.782+0000][gc,heap     ] GC(979) Survivor regions: 6->8(58)
[2025-12-25T06:33:20.782+0000][gc,heap     ] GC(979) Old regions: 228->228
[2025-12-25T06:33:20.782+0000][gc,heap     ] GC(979) Humongous regions: 151->151
[2025-12-25T06:33:20.782+0000][gc,metaspace] GC(979) Metaspace: 16306K(16640K)->16306K(16640K) NonClass: 14631K(14720K)->14631K(14720K) Class: 1674K(1920K)->1674K(1920K)
[2025-12-25T06:33:20.782+0000][gc          ] GC(979) Pause Young (Normal) (G1 Evacuation Pause) 964M->385M(1024M) 21.767ms
[2025-12-25T06:33:20.782+0000][gc,cpu      ] GC(979) User=0.13s Sys=0.00s Real=0.02s
[2025-12-25T06:34:00.289+0000][gc,start    ] GC(980) Pause Young (Normal) (G1 Evacuation Pause)
[2025-12-25T06:34:00.290+0000][gc,task     ] GC(980) Using 8 workers of 8 for evacuation
[2025-12-25T06:34:00.305+0000][gc,phases   ] GC(980)   Pre Evacuate Collection Set: 1.2ms
[2025-12-25T06:34:00.305+0000][gc,phases   ] GC(980)   Merge Heap Roots: 0.4ms
[2025-12-25T06:34:00.305+0000][gc,phases   ] GC(980)   Evacuate Collection Set: 11.7ms
[2025-12-25T06:34:00.305+0000][gc,phases   ] GC(980)   Post Evacuate Collection Set: 1.3ms
[2025-12-25T06:34:00.305+0000][gc,phases   ] GC(980)   Other: 0.3ms
[2025-12-25T06:34:00.305+0000][gc,heap     ] GC(980) Eden regions: 577->0(581)
[2025-12-25T06:34:00.305+0000][gc,heap     ] GC(980) Survivor regions: 8->6(60)
[2025-12-25T06:34:00.305+0000][gc,heap     ] GC(980) Old regions: 228->228
[2025-12-25T06:34:00.305+0000][gc,heap     ] GC(980) Humongous regions: 151->151
[2025-12-25T06:34:00.305+0000][gc,metaspace] GC(980) Metaspace: 16306K(16640K)->16306K(16640K) NonClass: 14631K(14720K)->14631K(14720K) Class: 1674K(1920K)->1674K(1920K)
[2025-12-25T06:34:00.306+0000][gc          ] GC(980) Pause Young (Normal) (G1 Evacuation Pause) 962M->384M(1024M) 16.446ms
[2025-12-25T06:34:00.306+0000][gc,cpu      ] GC(980) User=0.09s Sys=0.00s Real=0.02s
[2025-12-25T06:34:30.438+0000][gc,start    ] GC(981) Pause Young (Normal) (G1 Evacuation Pause)
[2025-12-25T06:34:30.439+0000][gc,task     ] GC(981) Using 8 workers of 8 for evacuation
[2025-12-25T06:34:30.451+0000][gc,phases   ] GC(981)   Pre Evacuate Collection Set: 1.0ms
[2025-12-25T06:34:30.451+0000][gc,phases   ] GC(981)   Merge Heap Roots: 0.3ms
[2025-12-25T06:34:30.451+0000][gc,phases   ] GC(981)   Evacuate Collection Set: 10.2ms
[2025-12-25T06:34:30.452+0000][gc,phases   ] GC(981)   Post Evacuate Collection Set: 1.0ms
[2025-12-25T06:34:30.452+0000][gc,phases   ] GC(981)   Other: 0.2ms
[2025-12-25T06:34:30.452+0000][gc,heap     ] GC(981) Eden regions: 581->0(579)
[2025-12-25T06:34:30.452+0000][gc,heap     ] GC(981) Survivor regions: 6->7(58)
[2025-12-25T06:34:30.452+0000][gc,heap     ] GC(981) Old regions: 228->228
[2025-12-25T06:34:30.452+0000][gc,heap     ] GC(981) Humongous regions: 151->151
[2025-12-25T06:34:30.452+0000][gc,metaspace] GC(981) Metaspace: 16306K(16640K)->16306K(16640K) NonClass: 14631K(14720K)->14631K(14720K) Class: 1674K(1920K)->1674K(1920K)
[2025-12-25T06:34:30.452+0000][gc          ] GC(981) Pause Young (Normal) (G1 Evacuation Pause) 965M->385M(1024M) 13.917ms
[2025-12-25T06:34:30.452+0000][gc,cpu      ] GC(981) User=0.09s Sys=0.00s Real=0.01s
[2025-12-25T06:35:00.570+0000][gc,start    ] GC(982) Pause Young (Normal) (G1 Evacuation Pause)
[2025-12-25T06:35:00.570+0000][gc,task     ] GC(982) Using 8 workers of 8 for evacuation
[2025-12-25T06:35:00.588+0000][gc,phases   ] GC(982)   Pre Evacuate Collection Set: 1.1ms
[2025-12-25T06:35:00.588+0000][gc,phases   ] GC(982)   Merge Heap Roots: 0.4ms
[2025-12-25T06:35:00.588+0000][gc,phases   ] GC(982)   Evacuate Collection Set: 14.5ms
[2025-12-25T06:35:00.588+0000][gc,phases   ] GC(982)   Post Evacuate Collection Set: 1.1ms
[2025-12-25T06:35:00.588+0000][gc,phases   ] GC(982)   Other: 0.2ms
[2025-12-25T06:35:00.588+0000][gc,heap     ] GC(982) Eden regions: 579->0(575)
[2025-12-25T06:35:00.588+0000][gc,heap     ] GC(982) Survivor regions: 7->9(59)
[2025-12-25T06:35:00.588+0000][gc,heap     ] GC(982) Old regions: 228->228
[2025-12-25T06:35:00.588+0000][gc,heap     ] GC(982) Humongous regions: 151->151
[2025-12-25T06:35:00.588+0000][gc,metaspace] GC(982) Metaspace: 16306K(16640K)->16306K(16640K) NonClass: 14631K(14720K)->14631K(14720K) Class: 1674K(1920K)->1674K(1920K)
[2025-12-25T06:35:00.588+0000][gc          ] GC(982) Pause Young (Normal) (G1 Evacuation Pause) 964M->386M(1024M) 18.547ms
[2025-12-25T06:35:00.588+0000][gc,cpu      ] GC(982) User=0.12s Sys=0.00s Real=0.02s
[2025-12-25T06:35:30.697+0000][gc,start    ] GC(983) Pause Young (Normal) (G1 Evacuation Pause)
[2025-12-25T06:35:30.697+0000][gc,task     ] GC(983) Using 8 workers of 8 for evacuation
[2025-12-25T06:35:30.712+0000][gc,phases   ] GC(983)   Pre Evacuate Collection Set: 1.1ms
[2025-12-25T06:35:30.712+0000][gc,phases   ] GC(983)   Merge Heap Roots: 0.3ms
[2025-12-25T06:35:30.712+0000][gc,phases   ] GC(983)   Evacuate Collection Set: 11.8ms
[2025-12-25T06:35:30.712+0000][gc,phases   ] GC(983)   Post Evacuate Collection Set: 1.7ms
[2025-12-25T06:35:30.712+0000][gc,phases   ] GC(983)   Other: 0.1ms
[2025-12-25T06:35:30.712+0000][gc,heap     ] GC(983) Eden regions: 575->0(573)
[2025-12-25T06:35:30.712+0000][gc,heap     ] GC(983) Survivor regions: 9->10(61)
[2025-12-25T06:35:30.713+0000][gc,heap     ] GC(983) Old regions: 228->228
[2025-12-25T06:35:30.713+0000][gc,heap     ] GC(983) Humongous regions: 151->151
[2025-12-25T06:35:30.713+0000][gc,metaspace] GC(983) Metaspace: 16306K(16640K)->16306K(16640K) NonClass: 14631K(14720K)->14631K(14720K) Class: 1674K(1920K)->1674K(1920K)
[2025-12-25T06:35:30.713+0000][gc          ] GC(983) Pause Young (Normal) (G1 Evacuation Pause) 961M->388M(1024M) 16.110ms
[2025-12-25T06:35:30.713+0000][gc,cpu      ] GC(983) User=0.10s Sys=0.00s Real=0.02s
[2025-12-25T06:36:00.808+0000][gc,start    ] GC(984) Pause Young (Normal) (G1 Evacuation Pause)
[2025-12-25T06:36:00.808+0000][gc,task     ] GC(984) Using 8 workers of 8 for evacuation
[2025-12-25T06:36:00.819+0000][gc,phases   ] GC(984)   Pre Evacuate Collection Set: 1.0ms
[2025-12-25T06:36:00.819+0000][gc,phases   ] GC(984)   Merge Heap Roots: 0.3ms
[2025-12-25T06:36:00.819+0000][gc,phases   ] GC(984)   Evacuate Collection Set: 7.8ms
[2025-12-25T06:36:00.819+0000][gc,phases   ] GC(984)   Post Evacuate Collection Set: 1.0ms
[2025-12-25T06:36:00.819+0000][gc,phases   ] GC(984)   Other: 0.2ms
[2025-12-25T06:36:00.819+0000][gc,heap     ] GC(984) Eden regions: 573->0(573)
[2025-12-25T06:36:00.819+0000][gc,heap     ] GC(984) Survivor regions: 10->10(62)
[2025-12-25T06:36:00.819+0000][gc,heap     ] GC(984) Old regions: 228->228
[2025-12-25T06:36:00.819+0000][gc,heap     ] GC(984) Humongous regions: 151->151
[2025-12-25T06:36:00.819+0000][gc,metaspace] GC(984) Metaspace: 16306K(16640K)->16306K(16640K) NonClass: 14631K(14720K)->14631K(14720K) Class: 1674K(1920K)->1674K(1920K)
[2025-12-25T06:36:00.819+0000][gc          ] GC(984) Pause Young (Normal) (G1 Evacuation Pause) 961M->388M(1024M) 11.424ms
[2025-12-25T06:36:00.819+0000][gc,cpu      ] GC(984) User=0.07s Sys=0.00s Real=0.01s
[2025-12-25T06:36:40.333+0000][gc,start    ] GC(985) Pause Young (Normal) (G1 Evacuation Pause)
[2025-12-25T06:36:40.334+0000][gc,task     ] GC(985) Using 8 workers of 8 for evacuation
[2025-12-25T06:36:40.348+0000][gc,phases   ] GC(985)   Pre Evacuate Collection Set: 1.2ms
[2025-12-25T06:36:40.348+0000][gc,phases   ] GC(985)   Merge Heap Roots: 0.3ms
[2025-12-25T06:36:40.348+0000][gc,phases   ] GC(985)   Evacuate Collection Set: 11.2ms
[2025-12-25T06:36:40.348+0000][gc,phases   ] GC(985)   Post Evacuate Collection Set: 1.1ms
[2025-12-25T06:36:40.348+0000][gc,phases   ] GC(985)   Other: 0.2ms
[2025-12-25T06:36:40.348+0000][gc,heap     ] GC(985) Eden regions: 573->0(582)
[2025-12-25T06:36:40.348+0000][gc,heap     ] GC(985) Survivor regions: 10->5(62)
[2025-12-25T06:36:40.348+0000][gc,heap     ] GC(985) Old regions: 228->229
[2025-12-25T06:36:40.348+0000][gc,heap     ] GC(985) Humongous regions: 151->151
[2025-12-25T06:36:40.348+0000][gc,metaspace] GC(985) Metaspace: 16306K(16640K)->16306K(16640K) NonClass: 14631K(14720K)->14631K(14720K) Class: 1674K(1920K)->1674K(1920K)
[2025-12-25T06:36:40.348+0000][gc          ] GC(985) Pause Young (Normal) (G1 Evacuation Pause) 961M->384M(1024M) 15.750ms
[2025-12-25T06:36:40.348+0000][gc,cpu      ] GC(985) User=0.09s Sys=0.01s Real=0.01s
[2025-12-25T06:37:10.467+0000][gc,start    ] GC(986) Pause Young (Normal) (G1 Evacuation Pause)
[2025-12-25T06:37:10.467+0000][gc,task     ] GC(986) Using 8 workers of 8 for evacuation
[2025-12-25T06:37:10.479+0000][gc,phases   ] GC(986)   Pre Evacuate Collection Set: 1.0ms
[2025-12-25T06:37:10.480+0000][gc,phases   ] GC(986)   Merge Heap Roots: 0.3ms
[2025-12-25T06:37:10.480+0000][gc,phases   ] GC(986)   Evacuate Collection Set: 9.5ms
[2025-12-25T06:37:10.480+0000][gc,phases   ] GC(986)   Post Evacuate Collection Set: 1.1ms
[2025-12-25T06:37:10.480+0000][gc,phases   ] GC(986)   Other: 0.2ms
[2025-12-25T06:37:10.480+0000][gc,heap     ] GC(986) Eden regions: 582->0(580)
[2025-12-25T06:37:10.480+0000][gc,heap     ] GC(986) Survivor regions: 5->6(57)
[2025-12-25T06:37:10.480+0000][gc,heap     ] GC(986) Old regions: 229->229
[2025-12-25T06:37:10.480+0000][gc,heap     ] GC(986) Humongous regions: 151->151
[2025-12-25T06:37:10.480+0000][gc,metaspace] GC(986) Metaspace: 16307K(16640K)->16307K(16640K) NonClass: 14632K(14720K)->14632K(14720K) Class: 1674K(1920K)->1674K(1920K)
[2025-12-25T06:37:10.480+0000][gc          ] GC(986) Pause Young (Normal) (G1 Evacuation Pause) 966M->385M(1024M) 13.115ms
[2025-12-25T06:37:10.480+0000][gc,cpu      ] GC(986) User=0.08s Sys=0.00s Real=0.02s
[2025-12-25T06:37:40.619+0000][gc,start    ] GC(987) Pause Young (Normal) (G1 Evacuation Pause)
[2025-12-25T06:37:40.620+0000][gc,task     ] GC(987) Using 8 workers of 8 for evacuation
[2025-12-25T06:37:40.640+0000][gc,phases   ] GC(987)   Pre Evacuate Collection Set: 1.0ms
[2025-12-25T06:37:40.640+0000][gc,phases   ] GC(987)   Merge Heap Roots: 1.2ms
[2025-12-25T06:37:40.640+0000][gc,phases   ] GC(987)   Evacuate Collection Set: 16.6ms
[2025-12-25T06:37:40.640+0000][gc,phases   ] GC(987)   Post Evacuate Collection Set: 1.0ms
[2025-12-25T06:37:40.640+0000][gc,phases   ] GC(987)   Other: 0.2ms
[2025-12-25T06:37:40.640+0000][gc,heap     ] GC(987) Eden regions: 580->0(578)
[2025-12-25T06:37:40.640+0000][gc,heap     ] GC(987) Survivor regions: 6->7(58)
[2025-12-25T06:37:40.640+0000][gc,heap     ] GC(987) Old regions: 229->229
[2025-12-25T06:37:40.640+0000][gc,heap     ] GC(987) Humongous regions: 151->151
[2025-12-25T06:37:40.640+0000][gc,metaspace] GC(987) Metaspace: 16307K(16640K)->16307K(16640K) NonClass: 14632K(14720K)->14632K(14720K) Class: 1674K(1920K)->1674K(1920K)
[2025-12-25T06:37:40.641+0000][gc          ] GC(987) Pause Young (Normal) (G1 Evacuation Pause) 965M->386M(1024M) 21.099ms
[2025-12-25T06:37:40.641+0000][gc,cpu      ] GC(987) User=0.13s Sys=0.00s Real=0.03s
[2025-12-25T06:38:10.719+0000][gc,start    ] GC(988) Pause Young (Normal) (G1 Evacuation Pause)
[2025-12-25T06:38:10.720+0000][gc,task     ] GC(988) Using 8 workers of 8 for evacuation
[2025-12-25T06:38:10.733+0000][gc,phases   ] GC(988)   Pre Evacuate Collection Set: 1.0ms
[2025-12-25T06:38:10.733+0000][gc,phases   ] GC(988)   Merge Heap Roots: 0.4ms
[2025-12-25T06:38:10.733+0000][gc,phases   ] GC(988)   Evacuate Collection Set: 9.2ms
[2025-12-25T06:38:10.734+0000][gc,phases   ] GC(988)   Post Evacuate Collection Set: 2.6ms
[2025-12-25T06:38:10.734+0000][gc,phases   ] GC(988)   Other: 0.2ms
[2025-12-25T06:38:10.734+0000][gc,heap     ] GC(988) Eden regions: 578->0(574)
[2025-12-25T06:38:10.734+0000][gc,heap     ] GC(988) Survivor regions: 7->9(59)
[2025-12-25T06:38:10.734+0000][gc,heap     ] GC(988) Old regions: 229->229
[2025-12-25T06:38:10.734+0000][gc,heap     ] GC(988) Humongous regions: 151->151
[2025-12-25T06:38:10.734+0000][gc,metaspace] GC(988) Metaspace: 16307K(16640K)->16307K(16640K) NonClass: 14632K(14720K)->14632K(14720K) Class: 1674K(1920K)->1674K(1920K)
[2025-12-25T06:38:10.734+0000][gc          ] GC(988) Pause Young (Normal) (G1 Evacuation Pause) 964M->387M(1024M) 14.798ms
[2025-12-25T06:38:10.734+0000][gc,cpu      ] GC(988) User=0.08s Sys=0.01s Real=0.02s
[2025-12-25T06:38:50.284+0000][gc,start    ] GC(989) Pause Young (Normal) (G1 Evacuation Pause)
[2025-12-25T06:38:50.284+0000][gc,task     ] GC(989) Using 8 workers of 8 for evacuation
[2025-12-25T06:38:50.303+0000][gc,phases   ] GC(989)   Pre Evacuate Collection Set: 1.0ms
[2025-12-25T06:38:50.303+0000][gc,phases   ] GC(989)   Merge Heap Roots: 0.3ms
[2025-12-25T06:38:50.303+0000][gc,phases   ] GC(989)   Evacuate Collection Set: 15.7ms
[2025-12-25T06:38:50.303+0000][gc,phases   ] GC(989)   Post Evacuate Collection Set: 1.2ms
[2025-12-25T06:38:50.303+0000][gc,phases   ] GC(989)   Other: 0.3ms
[2025-12-25T06:38:50.303+0000][gc,heap     ] GC(989) Eden regions: 574->0(577)
[2025-12-25T06:38:50.303+0000][gc,heap     ] GC(989) Survivor regions: 9->7(61)
[2025-12-25T06:38:50.303+0000][gc,heap     ] GC(989) Old regions: 229->230
[2025-12-25T06:38:50.304+0000][gc,heap     ] GC(989) Humongous regions: 151->151
[2025-12-25T06:38:50.304+0000][gc,metaspace] GC(989) Metaspace: 16307K(16640K)->16307K(16640K) NonClass: 14632K(14720K)->14632K(14720K) Class: 1674K(1920K)->1674K(1920K)
[2025-12-25T06:38:50.304+0000][gc          ] GC(989) Pause Young (Normal) (G1 Evacuation Pause) 961M->386M(1024M) 19.864ms
[2025-12-25T06:38:50.304+0000][gc,cpu      ] GC(989) User=0.13s Sys=0.00s Real=0.02s
[2025-12-25T06:39:20.493+0000][gc,start    ] GC(990) Pause Young (Normal) (G1 Evacuation Pause)
[2025-12-25T06:39:20.493+0000][gc,task     ] GC(990) Using 8 workers of 8 for evacuation
[2025-12-25T06:39:20.514+0000][gc,phases   ] GC(990)   Pre Evacuate Collection Set: 1.0ms
[2025-12-25T06:39:20.514+0000][gc,phases   ] GC(990)   Merge Heap Roots: 0.3ms
[2025-12-25T06:39:20.514+0000][gc,phases   ] GC(990)   Evacuate Collection Set: 17.7ms
[2025-12-25T06:39:20.514+0000][gc,phases   ] GC(990)   Post Evacuate Collection Set: 1.3ms
[2025-12-25T06:39:20.515+0000][gc,phases   ] GC(990)   Other: 0.5ms
[2025-12-25T06:39:20.515+0000][gc,heap     ] GC(990) Eden regions: 577->0(575)
[2025-12-25T06:39:20.515+0000][gc,heap     ] GC(990) Survivor regions: 7->8(59)
[2025-12-25T06:39:20.515+0000][gc,heap     ] GC(990) Old regions: 230->230
[2025-12-25T06:39:20.515+0000][gc,heap     ] GC(990) Humongous regions: 151->151
[2025-12-25T06:39:20.515+0000][gc,metaspace] GC(990) Metaspace: 16307K(16640K)->16307K(16640K) NonClass: 14632K(14720K)->14632K(14720K) Class: 1674K(1920K)->1674K(1920K)
[2025-12-25T06:39:20.515+0000][gc          ] GC(990) Pause Young (Normal) (G1 Evacuation Pause) 963M->388M(1024M) 21.911ms
[2025-12-25T06:39:20.515+0000][gc,cpu      ] GC(990) User=0.14s Sys=0.00s Real=0.02s
[2025-12-25T06:39:50.536+0000][gc,start    ] GC(991) Pause Young (Normal) (G1 Evacuation Pause)
[2025-12-25T06:39:50.537+0000][gc,task     ] GC(991) Using 8 workers of 8 for evacuation
[2025-12-25T06:39:50.556+0000][gc,phases   ] GC(991)   Pre Evacuate Collection Set: 1.0ms
[2025-12-25T06:39:50.556+0000][gc,phases   ] GC(991)   Merge Heap Roots: 0.2ms
[2025-12-25T06:39:50.556+0000][gc,phases   ] GC(991)   Evacuate Collection Set: 16.5ms
[2025-12-25T06:39:50.556+0000][gc,phases   ] GC(991)   Post Evacuate Collection Set: 1.2ms
[2025-12-25T06:39:50.556+0000][gc,phases   ] GC(991)   Other: 0.4ms
[2025-12-25T06:39:50.556+0000][gc,heap     ] GC(991) Eden regions: 575->0(573)
[2025-12-25T06:39:50.557+0000][gc,heap     ] GC(991) Survivor regions: 8->9(60)
[2025-12-25T06:39:50.557+0000][gc,heap     ] GC(991) Old regions: 230->230
[2025-12-25T06:39:50.557+0000][gc,heap     ] GC(991) Humongous regions: 151->151
[2025-12-25T06:39:50.557+0000][gc,metaspace] GC(991) Metaspace: 16307K(16640K)->16307K(16640K) NonClass: 14632K(14720K)->14632K(14720K) Class: 1674K(1920K)->1674K(1920K)
[2025-12-25T06:39:50.557+0000][gc          ] GC(991) Pause Young (Normal) (G1 Evacuation Pause) 963M->389M(1024M) 20.423ms
[2025-12-25T06:39:50.557+0000][gc,cpu      ] GC(991) User=0.11s Sys=0.00s Real=0.02s
[2025-12-25T06:40:20.639+0000][gc,start    ] GC(992) Pause Young (Normal) (G1 Evacuation Pause)
[2025-12-25T06:40:20.639+0000][gc,task     ] GC(992) Using 8 workers of 8 for evacuation
[2025-12-25T06:40:20.658+0000][gc,phases   ] GC(992)   Pre Evacuate Collection Set: 2.6ms
[2025-12-25T06:40:20.658+0000][gc,phases   ] GC(992)   Merge Heap Roots: 1.4ms
[2025-12-25T06:40:20.658+0000][gc,phases   ] GC(992)   Evacuate Collection Set: 13.7ms
[2025-12-25T06:40:20.658+0000][gc,phases   ] GC(992)   Post Evacuate Collection Set: 1.1ms
[2025-12-25T06:40:20.658+0000][gc,phases   ] GC(992)   Other: 0.2ms
[2025-12-25T06:40:20.659+0000][gc,heap     ] GC(992) Eden regions: 573->0(571)
[2025-12-25T06:40:20.659+0000][gc,heap     ] GC(992) Survivor regions: 9->10(61)
[2025-12-25T06:40:20.659+0000][gc,heap     ] GC(992) Old regions: 230->230
[2025-12-25T06:40:20.659+0000][gc,heap     ] GC(992) Humongous regions: 151->151
[2025-12-25T06:40:20.659+0000][gc,metaspace] GC(992) Metaspace: 16307K(16640K)->16307K(16640K) NonClass: 14632K(14720K)->14632K(14720K) Class: 1674K(1920K)->1674K(1920K)
[2025-12-25T06:40:20.659+0000][gc          ] GC(992) Pause Young (Normal) (G1 Evacuation Pause) 962M->390M(1024M) 20.021ms
[2025-12-25T06:40:20.659+0000][gc,cpu      ] GC(992) User=0.12s Sys=0.00s Real=0.02s
[2025-12-25T06:40:50.752+0000][gc,start    ] GC(993) Pause Young (Normal) (G1 Evacuation Pause)
[2025-12-25T06:40:50.752+0000][gc,task     ] GC(993) Using 8 workers of 8 for evacuation
[2025-12-25T06:40:50.764+0000][gc,phases   ] GC(993)   Pre Evacuate Collection Set: 1.0ms
[2025-12-25T06:40:50.764+0000][gc,phases   ] GC(993)   Merge Heap Roots: 0.2ms
[2025-12-25T06:40:50.764+0000][gc,phases   ] GC(993)   Evacuate Collection Set: 8.0ms
[2025-12-25T06:40:50.764+0000][gc,phases   ] GC(993)   Post Evacuate Collection Set: 1.3ms
[2025-12-25T06:40:50.764+0000][gc,phases   ] GC(993)   Other: 1.4ms
[2025-12-25T06:40:50.764+0000][gc,heap     ] GC(993) Eden regions: 571->0(576)
[2025-12-25T06:40:50.764+0000][gc,heap     ] GC(993) Survivor regions: 10->7(62)
[2025-12-25T06:40:50.765+0000][gc,heap     ] GC(993) Old regions: 230->231
[2025-12-25T06:40:50.765+0000][gc,heap     ] GC(993) Humongous regions: 151->151
[2025-12-25T06:40:50.765+0000][gc,metaspace] GC(993) Metaspace: 16307K(16640K)->16307K(16640K) NonClass: 14632K(14720K)->14632K(14720K) Class: 1674K(1920K)->1674K(1920K)
[2025-12-25T06:40:50.765+0000][gc          ] GC(993) Pause Young (Normal) (G1 Evacuation Pause) 961M->387M(1024M) 12.954ms
[2025-12-25T06:40:50.765+0000][gc,cpu      ] GC(993) User=0.06s Sys=0.01s Real=0.01s
[2025-12-25T06:41:30.316+0000][gc,start    ] GC(994) Pause Young (Normal) (G1 Evacuation Pause)
[2025-12-25T06:41:30.317+0000][gc,task     ] GC(994) Using 8 workers of 8 for evacuation
[2025-12-25T06:41:30.332+0000][gc,phases   ] GC(994)   Pre Evacuate Collection Set: 1.4ms
[2025-12-25T06:41:30.333+0000][gc,phases   ] GC(994)   Merge Heap Roots: 0.3ms
[2025-12-25T06:41:30.333+0000][gc,phases   ] GC(994)   Evacuate Collection Set: 12.2ms
[2025-12-25T06:41:30.333+0000][gc,phases   ] GC(994)   Post Evacuate Collection Set: 1.6ms
[2025-12-25T06:41:30.333+0000][gc,phases   ] GC(994)   Other: 0.2ms
[2025-12-25T06:41:30.333+0000][gc,heap     ] GC(994) Eden regions: 576->0(578)
[2025-12-25T06:41:30.333+0000][gc,heap     ] GC(994) Survivor regions: 7->6(59)
[2025-12-25T06:41:30.333+0000][gc,heap     ] GC(994) Old regions: 231->231
[2025-12-25T06:41:30.333+0000][gc,heap     ] GC(994) Humongous regions: 151->151
[2025-12-25T06:41:30.333+0000][gc,metaspace] GC(994) Metaspace: 16307K(16640K)->16307K(16640K) NonClass: 14632K(14720K)->14632K(14720K) Class: 1674K(1920K)->1674K(1920K)
[2025-12-25T06:41:30.333+0000][gc          ] GC(994) Pause Young (Normal) (G1 Evacuation Pause) 963M->386M(1024M) 17.235ms
[2025-12-25T06:41:30.333+0000][gc,cpu      ] GC(994) User=0.10s Sys=0.00s Real=0.02s
[2025-12-25T06:42:00.440+0000][gc,start    ] GC(995) Pause Young (Normal) (G1 Evacuation Pause)
[2025-12-25T06:42:00.441+0000][gc,task     ] GC(995) Using 8 workers of 8 for evacuation
[2025-12-25T06:42:00.450+0000][gc,phases   ] GC(995)   Pre Evacuate Collection Set: 1.2ms
[2025-12-25T06:42:00.450+0000][gc,phases   ] GC(995)   Merge Heap Roots: 0.3ms
[2025-12-25T06:42:00.450+0000][gc,phases   ] GC(995)   Evacuate Collection Set: 6.1ms
[2025-12-25T06:42:00.450+0000][gc,phases   ] GC(995)   Post Evacuate Collection Set: 1.0ms
[2025-12-25T06:42:00.450+0000][gc,phases   ] GC(995)   Other: 0.2ms
[2025-12-25T06:42:00.450+0000][gc,heap     ] GC(995) Eden regions: 578->0(578)
[2025-12-25T06:42:00.450+0000][gc,heap     ] GC(995) Survivor regions: 6->6(58)
[2025-12-25T06:42:00.450+0000][gc,heap     ] GC(995) Old regions: 231->231
[2025-12-25T06:42:00.450+0000][gc,heap     ] GC(995) Humongous regions: 151->151
[2025-12-25T06:42:00.450+0000][gc,metaspace] GC(995) Metaspace: 16307K(16640K)->16307K(16640K) NonClass: 14632K(14720K)->14632K(14720K) Class: 1674K(1920K)->1674K(1920K)
[2025-12-25T06:42:00.450+0000][gc          ] GC(995) Pause Young (Normal) (G1 Evacuation Pause) 964M->387M(1024M) 9.835ms
[2025-12-25T06:42:00.450+0000][gc,cpu      ] GC(995) User=0.06s Sys=0.00s Real=0.01s
[2025-12-25T06:42:30.620+0000][gc,start    ] GC(996) Pause Young (Normal) (G1 Evacuation Pause)
[2025-12-25T06:42:30.621+0000][gc,task     ] GC(996) Using 8 workers of 8 for evacuation
[2025-12-25T06:42:30.637+0000][gc,phases   ] GC(996)   Pre Evacuate Collection Set: 1.0ms
[2025-12-25T06:42:30.637+0000][gc,phases   ] GC(996)   Merge Heap Roots: 0.3ms
[2025-12-25T06:42:30.637+0000][gc,phases   ] GC(996)   Evacuate Collection Set: 13.3ms
[2025-12-25T06:42:30.637+0000][gc,phases   ] GC(996)   Post Evacuate Collection Set: 1.0ms
[2025-12-25T06:42:30.637+0000][gc,phases   ] GC(996)   Other: 0.3ms
[2025-12-25T06:42:30.637+0000][gc,heap     ] GC(996) Eden regions: 578->0(574)
[2025-12-25T06:42:30.637+0000][gc,heap     ] GC(996) Survivor regions: 6->8(58)
[2025-12-25T06:42:30.637+0000][gc,heap     ] GC(996) Old regions: 231->231
[2025-12-25T06:42:30.637+0000][gc,heap     ] GC(996) Humongous regions: 151->151
[2025-12-25T06:42:30.637+0000][gc,metaspace] GC(996) Metaspace: 16307K(16640K)->16307K(16640K) NonClass: 14632K(14720K)->14632K(14720K) Class: 1674K(1920K)->1674K(1920K)
[2025-12-25T06:42:30.637+0000][gc          ] GC(996) Pause Young (Normal) (G1 Evacuation Pause) 965M->389M(1024M) 16.870ms
[2025-12-25T06:42:30.637+0000][gc,cpu      ] GC(996) User=0.11s Sys=0.00s Real=0.02s
[2025-12-25T06:43:00.730+0000][gc,start    ] GC(997) Pause Young (Normal) (G1 Evacuation Pause)
[2025-12-25T06:43:00.730+0000][gc,task     ] GC(997) Using 8 workers of 8 for evacuation
[2025-12-25T06:43:00.753+0000][gc,phases   ] GC(997)   Pre Evacuate Collection Set: 1.7ms
[2025-12-25T06:43:00.753+0000][gc,phases   ] GC(997)   Merge Heap Roots: 1.2ms
[2025-12-25T06:43:00.754+0000][gc,phases   ] GC(997)   Evacuate Collection Set: 18.0ms
[2025-12-25T06:43:00.754+0000][gc,phases   ] GC(997)   Post Evacuate Collection Set: 1.6ms
[2025-12-25T06:43:00.754+0000][gc,phases   ] GC(997)   Other: 0.5ms
[2025-12-25T06:43:00.754+0000][gc,heap     ] GC(997) Eden regions: 574->0(572)
[2025-12-25T06:43:00.754+0000][gc,heap     ] GC(997) Survivor regions: 8->9(60)
[2025-12-25T06:43:00.755+0000][gc,heap     ] GC(997) Old regions: 231->231
[2025-12-25T06:43:00.755+0000][gc,heap     ] GC(997) Humongous regions: 151->151
[2025-12-25T06:43:00.755+0000][gc,metaspace] GC(997) Metaspace: 16307K(16640K)->16307K(16640K) NonClass: 14632K(14720K)->14632K(14720K) Class: 1674K(1920K)->1674K(1920K)
[2025-12-25T06:43:00.755+0000][gc          ] GC(997) Pause Young (Normal) (G1 Evacuation Pause) 963M->390M(1024M) 25.656ms
[2025-12-25T06:43:00.755+0000][gc,cpu      ] GC(997) User=0.11s Sys=0.00s Real=0.02s
[2025-12-25T06:43:32.717+0000][gc,start    ] GC(998) Pause Young (Normal) (G1 Evacuation Pause)
[2025-12-25T06:43:32.718+0000][gc,task     ] GC(998) Using 8 workers of 8 for evacuation
[2025-12-25T06:43:32.750+0000][gc,phases   ] GC(998)   Pre Evacuate Collection Set: 5.3ms
[2025-12-25T06:43:32.750+0000][gc,phases   ] GC(998)   Merge Heap Roots: 1.2ms
[2025-12-25T06:43:32.751+0000][gc,phases   ] GC(998)   Evacuate Collection Set: 25.4ms
[2025-12-25T06:43:32.751+0000][gc,phases   ] GC(998)   Post Evacuate Collection Set: 2.8ms
[2025-12-25T06:43:32.751+0000][gc,phases   ] GC(998)   Other: 0.7ms
[2025-12-25T06:43:32.751+0000][gc,heap     ] GC(998) Eden regions: 572->0(571)
[2025-12-25T06:43:32.752+0000][gc,heap     ] GC(998) Survivor regions: 9->9(61)
[2025-12-25T06:43:32.752+0000][gc,heap     ] GC(998) Old regions: 231->232
[2025-12-25T06:43:32.752+0000][gc,heap     ] GC(998) Humongous regions: 151->151
[2025-12-25T06:43:32.752+0000][gc,metaspace] GC(998) Metaspace: 16307K(16640K)->16307K(16640K) NonClass: 14632K(14720K)->14632K(14720K) Class: 1674K(1920K)->1674K(1920K)
[2025-12-25T06:43:32.753+0000][gc          ] GC(998) Pause Young (Normal) (G1 Evacuation Pause) 962M->391M(1024M) 39.067ms
[2025-12-25T06:43:32.753+0000][gc,cpu      ] GC(998) User=0.18s Sys=0.00s Real=0.04s
[2025-12-25T06:44:10.516+0000][gc,start    ] GC(999) Pause Young (Normal) (G1 Evacuation Pause)
[2025-12-25T06:44:10.517+0000][gc,task     ] GC(999) Using 8 workers of 8 for evacuation
[2025-12-25T06:44:10.559+0000][gc,phases   ] GC(999)   Pre Evacuate Collection Set: 3.0ms
[2025-12-25T06:44:10.559+0000][gc,phases   ] GC(999)   Merge Heap Roots: 0.9ms
[2025-12-25T06:44:10.559+0000][gc,phases   ] GC(999)   Evacuate Collection Set: 28.5ms
[2025-12-25T06:44:10.560+0000][gc,phases   ] GC(999)   Post Evacuate Collection Set: 9.1ms
[2025-12-25T06:44:10.560+0000][gc,phases   ] GC(999)   Other: 0.5ms
[2025-12-25T06:44:10.560+0000][gc,heap     ] GC(999) Eden regions: 571->0(573)
[2025-12-25T06:44:10.560+0000][gc,heap     ] GC(999) Survivor regions: 9->8(61)
[2025-12-25T06:44:10.561+0000][gc,heap     ] GC(999) Old regions: 232->232
[2025-12-25T06:44:10.561+0000][gc,heap     ] GC(999) Humongous regions: 151->151
[2025-12-25T06:44:10.561+0000][gc,metaspace] GC(999) Metaspace: 16307K(16640K)->16307K(16640K) NonClass: 14632K(14720K)->14632K(14720K) Class: 1674K(1920K)->1674K(1920K)
[2025-12-25T06:44:10.561+0000][gc          ] GC(999) Pause Young (Normal) (G1 Evacuation Pause) 962M->390M(1024M) 45.313ms
[2025-12-25T06:44:10.562+0000][gc,cpu      ] GC(999) User=0.23s Sys=0.01s Real=0.04s
[2025-12-25T06:44:40.562+0000][gc,start    ] GC(1000) Pause Young (Normal) (G1 Evacuation Pause)
[2025-12-25T06:44:40.563+0000][gc,task     ] GC(1000) Using 8 workers of 8 for evacuation
[2025-12-25T06:44:40.577+0000][gc,phases   ] GC(1000)   Pre Evacuate Collection Set: 1.6ms
[2025-12-25T06:44:40.577+0000][gc,phases   ] GC(1000)   Merge Heap Roots: 0.4ms
[2025-12-25T06:44:40.577+0000][gc,phases   ] GC(1000)   Evacuate Collection Set: 7.5ms
[2025-12-25T06:44:40.578+0000][gc,phases   ] GC(1000)   Post Evacuate Collection Set: 4.4ms
[2025-12-25T06:44:40.578+0000][gc,phases   ] GC(1000)   Other: 0.3ms
[2025-12-25T06:44:40.578+0000][gc,heap     ] GC(1000) Eden regions: 573->0(579)
[2025-12-25T06:44:40.578+0000][gc,heap     ] GC(1000) Survivor regions: 8->5(60)
[2025-12-25T06:44:40.578+0000][gc,heap     ] GC(1000) Old regions: 232->232
[2025-12-25T06:44:40.578+0000][gc,heap     ] GC(1000) Humongous regions: 151->151
[2025-12-25T06:44:40.578+0000][gc,metaspace] GC(1000) Metaspace: 16307K(16640K)->16307K(16640K) NonClass: 14632K(14720K)->14632K(14720K) Class: 1674K(1920K)->1674K(1920K)
[2025-12-25T06:44:40.578+0000][gc          ] GC(1000) Pause Young (Normal) (G1 Evacuation Pause) 963M->387M(1024M) 16.132ms
[2025-12-25T06:44:40.579+0000][gc,cpu      ] GC(1000) User=0.08s Sys=0.00s Real=0.02s
[2025-12-25T06:45:10.663+0000][gc,start    ] GC(1001) Pause Young (Normal) (G1 Evacuation Pause)
[2025-12-25T06:45:10.664+0000][gc,task     ] GC(1001) Using 8 workers of 8 for evacuation
[2025-12-25T06:45:10.685+0000][gc,phases   ] GC(1001)   Pre Evacuate Collection Set: 1.3ms
[2025-12-25T06:45:10.685+0000][gc,phases   ] GC(1001)   Merge Heap Roots: 0.3ms
[2025-12-25T06:45:10.685+0000][gc,phases   ] GC(1001)   Evacuate Collection Set: 17.8ms
[2025-12-25T06:45:10.685+0000][gc,phases   ] GC(1001)   Post Evacuate Collection Set: 1.2ms
[2025-12-25T06:45:10.685+0000][gc,phases   ] GC(1001)   Other: 0.2ms
[2025-12-25T06:45:10.685+0000][gc,heap     ] GC(1001) Eden regions: 579->0(577)
[2025-12-25T06:45:10.685+0000][gc,heap     ] GC(1001) Survivor regions: 5->6(57)
[2025-12-25T06:45:10.685+0000][gc,heap     ] GC(1001) Old regions: 232->232
[2025-12-25T06:45:10.685+0000][gc,heap     ] GC(1001) Humongous regions: 151->151
[2025-12-25T06:45:10.685+0000][gc,metaspace] GC(1001) Metaspace: 16307K(16640K)->16307K(16640K) NonClass: 14632K(14720K)->14632K(14720K) Class: 1674K(1920K)->1674K(1920K)
[2025-12-25T06:45:10.685+0000][gc          ] GC(1001) Pause Young (Normal) (G1 Evacuation Pause) 966M->388M(1024M) 22.011ms
[2025-12-25T06:45:10.685+0000][gc,cpu      ] GC(1001) User=0.14s Sys=0.00s Real=0.02s
[2025-12-25T06:45:40.671+0000][gc,start    ] GC(1002) Pause Young (Normal) (G1 Evacuation Pause)
[2025-12-25T06:45:40.672+0000][gc,task     ] GC(1002) Using 8 workers of 8 for evacuation
[2025-12-25T06:45:40.687+0000][gc,phases   ] GC(1002)   Pre Evacuate Collection Set: 1.2ms
[2025-12-25T06:45:40.688+0000][gc,phases   ] GC(1002)   Merge Heap Roots: 0.3ms
[2025-12-25T06:45:40.688+0000][gc,phases   ] GC(1002)   Evacuate Collection Set: 12.9ms
[2025-12-25T06:45:40.688+0000][gc,phases   ] GC(1002)   Post Evacuate Collection Set: 1.0ms
[2025-12-25T06:45:40.688+0000][gc,phases   ] GC(1002)   Other: 0.3ms
[2025-12-25T06:45:40.688+0000][gc,heap     ] GC(1002) Eden regions: 577->0(574)
[2025-12-25T06:45:40.688+0000][gc,heap     ] GC(1002) Survivor regions: 6->7(58)
[2025-12-25T06:45:40.688+0000][gc,heap     ] GC(1002) Old regions: 232->233
[2025-12-25T06:45:40.688+0000][gc,heap     ] GC(1002) Humongous regions: 151->151
[2025-12-25T06:45:40.688+0000][gc,metaspace] GC(1002) Metaspace: 16307K(16640K)->16307K(16640K) NonClass: 14632K(14720K)->14632K(14720K) Class: 1674K(1920K)->1674K(1920K)
[2025-12-25T06:45:40.688+0000][gc          ] GC(1002) Pause Young (Normal) (G1 Evacuation Pause) 965M->390M(1024M) 17.028ms
[2025-12-25T06:45:40.688+0000][gc,cpu      ] GC(1002) User=0.10s Sys=0.00s Real=0.01s
[2025-12-25T06:46:13.323+0000][gc,start    ] GC(1003) Pause Young (Normal) (G1 Evacuation Pause)
[2025-12-25T06:46:13.323+0000][gc,task     ] GC(1003) Using 8 workers of 8 for evacuation
[2025-12-25T06:46:13.335+0000][gc,phases   ] GC(1003)   Pre Evacuate Collection Set: 1.5ms
[2025-12-25T06:46:13.335+0000][gc,phases   ] GC(1003)   Merge Heap Roots: 0.4ms
[2025-12-25T06:46:13.335+0000][gc,phases   ] GC(1003)   Evacuate Collection Set: 8.4ms
[2025-12-25T06:46:13.335+0000][gc,phases   ] GC(1003)   Post Evacuate Collection Set: 1.3ms
[2025-12-25T06:46:13.335+0000][gc,phases   ] GC(1003)   Other: 0.3ms
[2025-12-25T06:46:13.335+0000][gc,heap     ] GC(1003) Eden regions: 574->0(576)
[2025-12-25T06:46:13.336+0000][gc,heap     ] GC(1003) Survivor regions: 7->6(59)
[2025-12-25T06:46:13.336+0000][gc,heap     ] GC(1003) Old regions: 233->233
[2025-12-25T06:46:13.336+0000][gc,heap     ] GC(1003) Humongous regions: 151->151
[2025-12-25T06:46:13.336+0000][gc,metaspace] GC(1003) Metaspace: 16307K(16640K)->16307K(16640K) NonClass: 14632K(14720K)->14632K(14720K) Class: 1674K(1920K)->1674K(1920K)
[2025-12-25T06:46:13.336+0000][gc          ] GC(1003) Pause Young (Normal) (G1 Evacuation Pause) 964M->388M(1024M) 13.392ms
[2025-12-25T06:46:13.336+0000][gc,cpu      ] GC(1003) User=0.07s Sys=0.00s Real=0.01s
[2025-12-25T06:46:50.350+0000][gc,start    ] GC(1004) Pause Young (Normal) (G1 Evacuation Pause)
[2025-12-25T06:46:50.350+0000][gc,task     ] GC(1004) Using 8 workers of 8 for evacuation
[2025-12-25T06:46:50.362+0000][gc,phases   ] GC(1004)   Pre Evacuate Collection Set: 0.9ms
[2025-12-25T06:46:50.363+0000][gc,phases   ] GC(1004)   Merge Heap Roots: 0.3ms
[2025-12-25T06:46:50.363+0000][gc,phases   ] GC(1004)   Evacuate Collection Set: 8.8ms
[2025-12-25T06:46:50.363+0000][gc,phases   ] GC(1004)   Post Evacuate Collection Set: 1.7ms
[2025-12-25T06:46:50.363+0000][gc,phases   ] GC(1004)   Other: 0.1ms
[2025-12-25T06:46:50.363+0000][gc,heap     ] GC(1004) Eden regions: 576->0(574)
[2025-12-25T06:46:50.363+0000][gc,heap     ] GC(1004) Survivor regions: 6->7(58)
[2025-12-25T06:46:50.363+0000][gc,heap     ] GC(1004) Old regions: 233->233
[2025-12-25T06:46:50.363+0000][gc,heap     ] GC(1004) Humongous regions: 151->151
[2025-12-25T06:46:50.363+0000][gc,metaspace] GC(1004) Metaspace: 16307K(16640K)->16307K(16640K) NonClass: 14632K(14720K)->14632K(14720K) Class: 1674K(1920K)->1674K(1920K)
[2025-12-25T06:46:50.363+0000][gc          ] GC(1004) Pause Young (Normal) (G1 Evacuation Pause) 964M->390M(1024M) 13.194ms
[2025-12-25T06:46:50.363+0000][gc,cpu      ] GC(1004) User=0.07s Sys=0.00s Real=0.01s
[2025-12-25T06:47:20.478+0000][gc,start    ] GC(1005) Pause Young (Normal) (G1 Evacuation Pause)
[2025-12-25T06:47:20.478+0000][gc,task     ] GC(1005) Using 8 workers of 8 for evacuation
[2025-12-25T06:47:20.494+0000][gc,phases   ] GC(1005)   Pre Evacuate Collection Set: 1.8ms
[2025-12-25T06:47:20.494+0000][gc,phases   ] GC(1005)   Merge Heap Roots: 0.5ms
[2025-12-25T06:47:20.494+0000][gc,phases   ] GC(1005)   Evacuate Collection Set: 11.4ms
[2025-12-25T06:47:20.494+0000][gc,phases   ] GC(1005)   Post Evacuate Collection Set: 1.6ms
[2025-12-25T06:47:20.494+0000][gc,phases   ] GC(1005)   Other: 0.4ms
[2025-12-25T06:47:20.494+0000][gc,heap     ] GC(1005) Eden regions: 574->0(572)
[2025-12-25T06:47:20.494+0000][gc,heap     ] GC(1005) Survivor regions: 7->8(59)
[2025-12-25T06:47:20.495+0000][gc,heap     ] GC(1005) Old regions: 233->233
[2025-12-25T06:47:20.495+0000][gc,heap     ] GC(1005) Humongous regions: 151->151
[2025-12-25T06:47:20.495+0000][gc,metaspace] GC(1005) Metaspace: 16308K(16640K)->16308K(16640K) NonClass: 14633K(14720K)->14633K(14720K) Class: 1674K(1920K)->1674K(1920K)
[2025-12-25T06:47:20.495+0000][gc          ] GC(1005) Pause Young (Normal) (G1 Evacuation Pause) 964M->391M(1024M) 17.304ms
[2025-12-25T06:47:20.495+0000][gc,cpu      ] GC(1005) User=0.11s Sys=0.00s Real=0.01s
[2025-12-25T06:47:50.590+0000][gc,start    ] GC(1006) Pause Young (Normal) (G1 Evacuation Pause)
[2025-12-25T06:47:50.591+0000][gc,task     ] GC(1006) Using 8 workers of 8 for evacuation
[2025-12-25T06:47:50.604+0000][gc,phases   ] GC(1006)   Pre Evacuate Collection Set: 1.1ms
[2025-12-25T06:47:50.604+0000][gc,phases   ] GC(1006)   Merge Heap Roots: 0.3ms
[2025-12-25T06:47:50.604+0000][gc,phases   ] GC(1006)   Evacuate Collection Set: 8.3ms
[2025-12-25T06:47:50.604+0000][gc,phases   ] GC(1006)   Post Evacuate Collection Set: 2.1ms
[2025-12-25T06:47:50.604+0000][gc,phases   ] GC(1006)   Other: 0.7ms
[2025-12-25T06:47:50.604+0000][gc,heap     ] GC(1006) Eden regions: 572->0(570)
[2025-12-25T06:47:50.604+0000][gc,heap     ] GC(1006) Survivor regions: 8->9(60)
[2025-12-25T06:47:50.604+0000][gc,heap     ] GC(1006) Old regions: 233->233
[2025-12-25T06:47:50.604+0000][gc,heap     ] GC(1006) Humongous regions: 151->151
[2025-12-25T06:47:50.604+0000][gc,metaspace] GC(1006) Metaspace: 16308K(16640K)->16308K(16640K) NonClass: 14633K(14720K)->14633K(14720K) Class: 1674K(1920K)->1674K(1920K)
[2025-12-25T06:47:50.604+0000][gc          ] GC(1006) Pause Young (Normal) (G1 Evacuation Pause) 963M->392M(1024M) 14.274ms
[2025-12-25T06:47:50.605+0000][gc,cpu      ] GC(1006) User=0.07s Sys=0.01s Real=0.01s
[2025-12-25T06:48:20.706+0000][gc,start    ] GC(1007) Pause Young (Normal) (G1 Evacuation Pause)
[2025-12-25T06:48:20.707+0000][gc,task     ] GC(1007) Using 8 workers of 8 for evacuation
[2025-12-25T06:48:20.725+0000][gc,phases   ] GC(1007)   Pre Evacuate Collection Set: 1.0ms
[2025-12-25T06:48:20.726+0000][gc,phases   ] GC(1007)   Merge Heap Roots: 0.2ms
[2025-12-25T06:48:20.726+0000][gc,phases   ] GC(1007)   Evacuate Collection Set: 16.2ms
[2025-12-25T06:48:20.726+0000][gc,phases   ] GC(1007)   Post Evacuate Collection Set: 1.0ms
[2025-12-25T06:48:20.726+0000][gc,phases   ] GC(1007)   Other: 0.1ms
[2025-12-25T06:48:20.726+0000][gc,heap     ] GC(1007) Eden regions: 570->0(567)
[2025-12-25T06:48:20.726+0000][gc,heap     ] GC(1007) Survivor regions: 9->10(61)
[2025-12-25T06:48:20.726+0000][gc,heap     ] GC(1007) Old regions: 233->234
[2025-12-25T06:48:20.726+0000][gc,heap     ] GC(1007) Humongous regions: 151->151
[2025-12-25T06:48:20.726+0000][gc,metaspace] GC(1007) Metaspace: 16308K(16640K)->16308K(16640K) NonClass: 14633K(14720K)->14633K(14720K) Class: 1674K(1920K)->1674K(1920K)
[2025-12-25T06:48:20.726+0000][gc          ] GC(1007) Pause Young (Normal) (G1 Evacuation Pause) 962M->394M(1024M) 20.192ms
[2025-12-25T06:48:20.726+0000][gc,cpu      ] GC(1007) User=0.13s Sys=0.01s Real=0.02s
[2025-12-25T06:48:50.774+0000][gc,start    ] GC(1008) Pause Young (Normal) (G1 Evacuation Pause)
[2025-12-25T06:48:50.775+0000][gc,task     ] GC(1008) Using 8 workers of 8 for evacuation
[2025-12-25T06:48:50.788+0000][gc,phases   ] GC(1008)   Pre Evacuate Collection Set: 1.0ms
[2025-12-25T06:48:50.788+0000][gc,phases   ] GC(1008)   Merge Heap Roots: 0.3ms
[2025-12-25T06:48:50.788+0000][gc,phases   ] GC(1008)   Evacuate Collection Set: 10.0ms
[2025-12-25T06:48:50.788+0000][gc,phases   ] GC(1008)   Post Evacuate Collection Set: 1.0ms
[2025-12-25T06:48:50.788+0000][gc,phases   ] GC(1008)   Other: 0.3ms
[2025-12-25T06:48:50.788+0000][gc,heap     ] GC(1008) Eden regions: 567->0(565)
[2025-12-25T06:48:50.788+0000][gc,heap     ] GC(1008) Survivor regions: 10->11(62)
[2025-12-25T06:48:50.788+0000][gc,heap     ] GC(1008) Old regions: 234->234
[2025-12-25T06:48:50.788+0000][gc,heap     ] GC(1008) Humongous regions: 151->151
[2025-12-25T06:48:50.788+0000][gc,metaspace] GC(1008) Metaspace: 16308K(16640K)->16308K(16640K) NonClass: 14633K(14720K)->14633K(14720K) Class: 1674K(1920K)->1674K(1920K)
[2025-12-25T06:48:50.788+0000][gc          ] GC(1008) Pause Young (Normal) (G1 Evacuation Pause) 961M->394M(1024M) 14.383ms
[2025-12-25T06:48:50.788+0000][gc,cpu      ] GC(1008) User=0.08s Sys=0.00s Real=0.02s
[2025-12-25T06:49:30.312+0000][gc,start    ] GC(1009) Pause Young (Normal) (G1 Evacuation Pause)
[2025-12-25T06:49:30.313+0000][gc,task     ] GC(1009) Using 8 workers of 8 for evacuation
[2025-12-25T06:49:30.329+0000][gc,phases   ] GC(1009)   Pre Evacuate Collection Set: 2.2ms
[2025-12-25T06:49:30.329+0000][gc,phases   ] GC(1009)   Merge Heap Roots: 0.9ms
[2025-12-25T06:49:30.329+0000][gc,phases   ] GC(1009)   Evacuate Collection Set: 10.9ms
[2025-12-25T06:49:30.329+0000][gc,phases   ] GC(1009)   Post Evacuate Collection Set: 1.6ms
[2025-12-25T06:49:30.329+0000][gc,phases   ] GC(1009)   Other: 0.5ms
[2025-12-25T06:49:30.329+0000][gc,heap     ] GC(1009) Eden regions: 565->0(577)
[2025-12-25T06:49:30.329+0000][gc,heap     ] GC(1009) Survivor regions: 11->5(63)
[2025-12-25T06:49:30.329+0000][gc,heap     ] GC(1009) Old regions: 234->234
[2025-12-25T06:49:30.329+0000][gc,heap     ] GC(1009) Humongous regions: 151->151
[2025-12-25T06:49:30.329+0000][gc,metaspace] GC(1009) Metaspace: 16308K(16640K)->16308K(16640K) NonClass: 14633K(14720K)->14633K(14720K) Class: 1674K(1920K)->1674K(1920K)
[2025-12-25T06:49:30.330+0000][gc          ] GC(1009) Pause Young (Normal) (G1 Evacuation Pause) 959M->389M(1024M) 17.338ms
[2025-12-25T06:49:30.330+0000][gc,cpu      ] GC(1009) User=0.09s Sys=0.01s Real=0.02s
[2025-12-25T06:50:00.436+0000][gc,start    ] GC(1010) Pause Young (Normal) (G1 Evacuation Pause)
[2025-12-25T06:50:00.437+0000][gc,task     ] GC(1010) Using 8 workers of 8 for evacuation
[2025-12-25T06:50:00.458+0000][gc,phases   ] GC(1010)   Pre Evacuate Collection Set: 1.0ms
[2025-12-25T06:50:00.458+0000][gc,phases   ] GC(1010)   Merge Heap Roots: 0.3ms
[2025-12-25T06:50:00.458+0000][gc,phases   ] GC(1010)   Evacuate Collection Set: 18.1ms
[2025-12-25T06:50:00.459+0000][gc,phases   ] GC(1010)   Post Evacuate Collection Set: 1.2ms
[2025-12-25T06:50:00.459+0000][gc,phases   ] GC(1010)   Other: 0.3ms
[2025-12-25T06:50:00.459+0000][gc,heap     ] GC(1010) Eden regions: 577->0(575)
[2025-12-25T06:50:00.459+0000][gc,heap     ] GC(1010) Survivor regions: 5->6(57)
[2025-12-25T06:50:00.459+0000][gc,heap     ] GC(1010) Old regions: 234->234
[2025-12-25T06:50:00.459+0000][gc,heap     ] GC(1010) Humongous regions: 151->151
[2025-12-25T06:50:00.459+0000][gc,metaspace] GC(1010) Metaspace: 16308K(16640K)->16308K(16640K) NonClass: 14633K(14720K)->14633K(14720K) Class: 1674K(1920K)->1674K(1920K)
[2025-12-25T06:50:00.460+0000][gc          ] GC(1010) Pause Young (Normal) (G1 Evacuation Pause) 966M->390M(1024M) 23.429ms
[2025-12-25T06:50:00.460+0000][gc,cpu      ] GC(1010) User=0.13s Sys=0.01s Real=0.02s
[2025-12-25T06:50:30.528+0000][gc,start    ] GC(1011) Pause Young (Normal) (G1 Evacuation Pause)
[2025-12-25T06:50:30.529+0000][gc,task     ] GC(1011) Using 8 workers of 8 for evacuation
[2025-12-25T06:50:30.541+0000][gc,phases   ] GC(1011)   Pre Evacuate Collection Set: 1.0ms
[2025-12-25T06:50:30.541+0000][gc,phases   ] GC(1011)   Merge Heap Roots: 0.3ms
[2025-12-25T06:50:30.541+0000][gc,phases   ] GC(1011)   Evacuate Collection Set: 9.5ms
[2025-12-25T06:50:30.541+0000][gc,phases   ] GC(1011)   Post Evacuate Collection Set: 1.0ms
[2025-12-25T06:50:30.541+0000][gc,phases   ] GC(1011)   Other: 0.2ms
[2025-12-25T06:50:30.541+0000][gc,heap     ] GC(1011) Eden regions: 575->0(572)
[2025-12-25T06:50:30.541+0000][gc,heap     ] GC(1011) Survivor regions: 6->7(58)
[2025-12-25T06:50:30.541+0000][gc,heap     ] GC(1011) Old regions: 234->235
[2025-12-25T06:50:30.541+0000][gc,heap     ] GC(1011) Humongous regions: 151->151
[2025-12-25T06:50:30.541+0000][gc,metaspace] GC(1011) Metaspace: 16308K(16640K)->16308K(16640K) NonClass: 14633K(14720K)->14633K(14720K) Class: 1674K(1920K)->1674K(1920K)
[2025-12-25T06:50:30.541+0000][gc          ] GC(1011) Pause Young (Normal) (G1 Evacuation Pause) 965M->391M(1024M) 13.280ms
[2025-12-25T06:50:30.541+0000][gc,cpu      ] GC(1011) User=0.07s Sys=0.00s Real=0.01s
[2025-12-25T06:51:00.658+0000][gc,start    ] GC(1012) Pause Young (Normal) (G1 Evacuation Pause)
[2025-12-25T06:51:00.658+0000][gc,task     ] GC(1012) Using 8 workers of 8 for evacuation
[2025-12-25T06:51:00.675+0000][gc,phases   ] GC(1012)   Pre Evacuate Collection Set: 1.0ms
[2025-12-25T06:51:00.675+0000][gc,phases   ] GC(1012)   Merge Heap Roots: 0.3ms
[2025-12-25T06:51:00.675+0000][gc,phases   ] GC(1012)   Evacuate Collection Set: 13.9ms
[2025-12-25T06:51:00.675+0000][gc,phases   ] GC(1012)   Post Evacuate Collection Set: 1.0ms
[2025-12-25T06:51:00.675+0000][gc,phases   ] GC(1012)   Other: 0.1ms
[2025-12-25T06:51:00.675+0000][gc,heap     ] GC(1012) Eden regions: 572->0(570)
[2025-12-25T06:51:00.675+0000][gc,heap     ] GC(1012) Survivor regions: 7->8(59)
[2025-12-25T06:51:00.675+0000][gc,heap     ] GC(1012) Old regions: 235->235
[2025-12-25T06:51:00.675+0000][gc,heap     ] GC(1012) Humongous regions: 151->151
[2025-12-25T06:51:00.675+0000][gc,metaspace] GC(1012) Metaspace: 16308K(16640K)->16308K(16640K) NonClass: 14633K(14720K)->14633K(14720K) Class: 1674K(1920K)->1674K(1920K)
[2025-12-25T06:51:00.675+0000][gc          ] GC(1012) Pause Young (Normal) (G1 Evacuation Pause) 963M->393M(1024M) 17.412ms
[2025-12-25T06:51:00.675+0000][gc,cpu      ] GC(1012) User=0.11s Sys=0.00s Real=0.02s
[2025-12-25T06:51:30.759+0000][gc,start    ] GC(1013) Pause Young (Normal) (G1 Evacuation Pause)
[2025-12-25T06:51:30.759+0000][gc,task     ] GC(1013) Using 8 workers of 8 for evacuation
[2025-12-25T06:51:30.778+0000][gc,phases   ] GC(1013)   Pre Evacuate Collection Set: 1.0ms
[2025-12-25T06:51:30.778+0000][gc,phases   ] GC(1013)   Merge Heap Roots: 0.3ms
[2025-12-25T06:51:30.778+0000][gc,phases   ] GC(1013)   Evacuate Collection Set: 15.8ms
[2025-12-25T06:51:30.778+0000][gc,phases   ] GC(1013)   Post Evacuate Collection Set: 1.0ms
[2025-12-25T06:51:30.778+0000][gc,phases   ] GC(1013)   Other: 0.1ms
[2025-12-25T06:51:30.778+0000][gc,heap     ] GC(1013) Eden regions: 570->0(568)
[2025-12-25T06:51:30.778+0000][gc,heap     ] GC(1013) Survivor regions: 8->9(60)
[2025-12-25T06:51:30.778+0000][gc,heap     ] GC(1013) Old regions: 235->235
[2025-12-25T06:51:30.778+0000][gc,heap     ] GC(1013) Humongous regions: 151->151
[2025-12-25T06:51:30.778+0000][gc,metaspace] GC(1013) Metaspace: 16308K(16640K)->16308K(16640K) NonClass: 14633K(14720K)->14633K(14720K) Class: 1674K(1920K)->1674K(1920K)
[2025-12-25T06:51:30.778+0000][gc          ] GC(1013) Pause Young (Normal) (G1 Evacuation Pause) 963M->394M(1024M) 19.364ms
[2025-12-25T06:51:30.778+0000][gc,cpu      ] GC(1013) User=0.13s Sys=0.00s Real=0.02s
[2025-12-25T06:52:10.289+0000][gc,start    ] GC(1014) Pause Young (Normal) (G1 Evacuation Pause)
[2025-12-25T06:52:10.289+0000][gc,task     ] GC(1014) Using 8 workers of 8 for evacuation
[2025-12-25T06:52:10.305+0000][gc,phases   ] GC(1014)   Pre Evacuate Collection Set: 0.9ms
[2025-12-25T06:52:10.305+0000][gc,phases   ] GC(1014)   Merge Heap Roots: 1.2ms
[2025-12-25T06:52:10.305+0000][gc,phases   ] GC(1014)   Evacuate Collection Set: 12.6ms
[2025-12-25T06:52:10.305+0000][gc,phases   ] GC(1014)   Post Evacuate Collection Set: 1.0ms
[2025-12-25T06:52:10.305+0000][gc,phases   ] GC(1014)   Other: 0.2ms
[2025-12-25T06:52:10.305+0000][gc,heap     ] GC(1014) Eden regions: 568->0(570)
[2025-12-25T06:52:10.305+0000][gc,heap     ] GC(1014) Survivor regions: 9->8(61)
[2025-12-25T06:52:10.305+0000][gc,heap     ] GC(1014) Old regions: 235->235
[2025-12-25T06:52:10.305+0000][gc,heap     ] GC(1014) Humongous regions: 151->151
[2025-12-25T06:52:10.305+0000][gc,metaspace] GC(1014) Metaspace: 16308K(16640K)->16308K(16640K) NonClass: 14633K(14720K)->14633K(14720K) Class: 1674K(1920K)->1674K(1920K)
[2025-12-25T06:52:10.306+0000][gc          ] GC(1014) Pause Young (Normal) (G1 Evacuation Pause) 962M->393M(1024M) 16.953ms
[2025-12-25T06:52:10.306+0000][gc,cpu      ] GC(1014) User=0.09s Sys=0.00s Real=0.02s
[2025-12-25T06:52:40.406+0000][gc,start    ] GC(1015) Pause Young (Normal) (G1 Evacuation Pause)
[2025-12-25T06:52:40.408+0000][gc,task     ] GC(1015) Using 8 workers of 8 for evacuation
[2025-12-25T06:52:40.425+0000][gc,phases   ] GC(1015)   Pre Evacuate Collection Set: 1.0ms
[2025-12-25T06:52:40.425+0000][gc,phases   ] GC(1015)   Merge Heap Roots: 0.3ms
[2025-12-25T06:52:40.425+0000][gc,phases   ] GC(1015)   Evacuate Collection Set: 14.2ms
[2025-12-25T06:52:40.425+0000][gc,phases   ] GC(1015)   Post Evacuate Collection Set: 1.1ms
[2025-12-25T06:52:40.425+0000][gc,phases   ] GC(1015)   Other: 0.3ms
[2025-12-25T06:52:40.425+0000][gc,heap     ] GC(1015) Eden regions: 570->0(568)
[2025-12-25T06:52:40.425+0000][gc,heap     ] GC(1015) Survivor regions: 8->9(60)
[2025-12-25T06:52:40.425+0000][gc,heap     ] GC(1015) Old regions: 235->235
[2025-12-25T06:52:40.425+0000][gc,heap     ] GC(1015) Humongous regions: 151->151
[2025-12-25T06:52:40.425+0000][gc,metaspace] GC(1015) Metaspace: 16308K(16640K)->16308K(16640K) NonClass: 14633K(14720K)->14633K(14720K) Class: 1674K(1920K)->1674K(1920K)
[2025-12-25T06:52:40.425+0000][gc          ] GC(1015) Pause Young (Normal) (G1 Evacuation Pause) 963M->394M(1024M) 18.913ms
[2025-12-25T06:52:40.425+0000][gc,cpu      ] GC(1015) User=0.11s Sys=0.01s Real=0.02s
[2025-12-25T06:53:10.479+0000][gc,start    ] GC(1016) Pause Young (Normal) (G1 Evacuation Pause)
[2025-12-25T06:53:10.479+0000][gc,task     ] GC(1016) Using 8 workers of 8 for evacuation
[2025-12-25T06:53:10.490+0000][gc,phases   ] GC(1016)   Pre Evacuate Collection Set: 1.1ms
[2025-12-25T06:53:10.490+0000][gc,phases   ] GC(1016)   Merge Heap Roots: 0.3ms
[2025-12-25T06:53:10.490+0000][gc,phases   ] GC(1016)   Evacuate Collection Set: 7.9ms
[2025-12-25T06:53:10.490+0000][gc,phases   ] GC(1016)   Post Evacuate Collection Set: 1.1ms
[2025-12-25T06:53:10.490+0000][gc,phases   ] GC(1016)   Other: 0.3ms
[2025-12-25T06:53:10.490+0000][gc,heap     ] GC(1016) Eden regions: 568->0(575)
[2025-12-25T06:53:10.490+0000][gc,heap     ] GC(1016) Survivor regions: 9->5(61)
[2025-12-25T06:53:10.490+0000][gc,heap     ] GC(1016) Old regions: 235->236
[2025-12-25T06:53:10.491+0000][gc,heap     ] GC(1016) Humongous regions: 151->151
[2025-12-25T06:53:10.491+0000][gc,metaspace] GC(1016) Metaspace: 16308K(16640K)->16308K(16640K) NonClass: 14633K(14720K)->14633K(14720K) Class: 1674K(1920K)->1674K(1920K)
[2025-12-25T06:53:10.491+0000][gc          ] GC(1016) Pause Young (Normal) (G1 Evacuation Pause) 962M->391M(1024M) 11.906ms
[2025-12-25T06:53:10.491+0000][gc,cpu      ] GC(1016) User=0.07s Sys=0.00s Real=0.02s
[2025-12-25T06:53:40.612+0000][gc,start    ] GC(1017) Pause Young (Normal) (G1 Evacuation Pause)
[2025-12-25T06:53:40.612+0000][gc,task     ] GC(1017) Using 8 workers of 8 for evacuation
[2025-12-25T06:53:40.623+0000][gc,phases   ] GC(1017)   Pre Evacuate Collection Set: 1.0ms
[2025-12-25T06:53:40.623+0000][gc,phases   ] GC(1017)   Merge Heap Roots: 0.3ms
[2025-12-25T06:53:40.623+0000][gc,phases   ] GC(1017)   Evacuate Collection Set: 7.7ms
[2025-12-25T06:53:40.623+0000][gc,phases   ] GC(1017)   Post Evacuate Collection Set: 1.1ms
[2025-12-25T06:53:40.623+0000][gc,phases   ] GC(1017)   Other: 0.3ms
[2025-12-25T06:53:40.623+0000][gc,heap     ] GC(1017) Eden regions: 575->0(573)
[2025-12-25T06:53:40.623+0000][gc,heap     ] GC(1017) Survivor regions: 5->6(57)
[2025-12-25T06:53:40.623+0000][gc,heap     ] GC(1017) Old regions: 236->236
[2025-12-25T06:53:40.623+0000][gc,heap     ] GC(1017) Humongous regions: 151->151
[2025-12-25T06:53:40.623+0000][gc,metaspace] GC(1017) Metaspace: 16308K(16640K)->16308K(16640K) NonClass: 14633K(14720K)->14633K(14720K) Class: 1674K(1920K)->1674K(1920K)
[2025-12-25T06:53:40.623+0000][gc          ] GC(1017) Pause Young (Normal) (G1 Evacuation Pause) 966M->392M(1024M) 11.662ms
[2025-12-25T06:53:40.624+0000][gc,cpu      ] GC(1017) User=0.06s Sys=0.00s Real=0.01s
[2025-12-25T06:54:10.718+0000][gc,start    ] GC(1018) Pause Young (Normal) (G1 Evacuation Pause)
[2025-12-25T06:54:10.719+0000][gc,task     ] GC(1018) Using 8 workers of 8 for evacuation
[2025-12-25T06:54:10.732+0000][gc,phases   ] GC(1018)   Pre Evacuate Collection Set: 2.0ms
[2025-12-25T06:54:10.732+0000][gc,phases   ] GC(1018)   Merge Heap Roots: 0.3ms
[2025-12-25T06:54:10.732+0000][gc,phases   ] GC(1018)   Evacuate Collection Set: 9.0ms
[2025-12-25T06:54:10.732+0000][gc,phases   ] GC(1018)   Post Evacuate Collection Set: 1.0ms
[2025-12-25T06:54:10.732+0000][gc,phases   ] GC(1018)   Other: 0.3ms
[2025-12-25T06:54:10.732+0000][gc,heap     ] GC(1018) Eden regions: 573->0(571)
[2025-12-25T06:54:10.732+0000][gc,heap     ] GC(1018) Survivor regions: 6->7(58)
[2025-12-25T06:54:10.732+0000][gc,heap     ] GC(1018) Old regions: 236->236
[2025-12-25T06:54:10.732+0000][gc,heap     ] GC(1018) Humongous regions: 151->151
[2025-12-25T06:54:10.732+0000][gc,metaspace] GC(1018) Metaspace: 16308K(16640K)->16308K(16640K) NonClass: 14633K(14720K)->14633K(14720K) Class: 1674K(1920K)->1674K(1920K)
[2025-12-25T06:54:10.732+0000][gc          ] GC(1018) Pause Young (Normal) (G1 Evacuation Pause) 965M->393M(1024M) 14.059ms
[2025-12-25T06:54:10.732+0000][gc,cpu      ] GC(1018) User=0.08s Sys=0.00s Real=0.02s
[2025-12-25T06:54:50.270+0000][gc,start    ] GC(1019) Pause Young (Normal) (G1 Evacuation Pause)
[2025-12-25T06:54:50.270+0000][gc,task     ] GC(1019) Using 8 workers of 8 for evacuation
[2025-12-25T06:54:50.281+0000][gc,phases   ] GC(1019)   Pre Evacuate Collection Set: 1.2ms
[2025-12-25T06:54:50.282+0000][gc,phases   ] GC(1019)   Merge Heap Roots: 0.3ms
[2025-12-25T06:54:50.282+0000][gc,phases   ] GC(1019)   Evacuate Collection Set: 8.5ms
[2025-12-25T06:54:50.282+0000][gc,phases   ] GC(1019)   Post Evacuate Collection Set: 1.3ms
[2025-12-25T06:54:50.282+0000][gc,phases   ] GC(1019)   Other: 0.2ms
[2025-12-25T06:54:50.282+0000][gc,heap     ] GC(1019) Eden regions: 571->0(573)
[2025-12-25T06:54:50.282+0000][gc,heap     ] GC(1019) Survivor regions: 7->6(59)
[2025-12-25T06:54:50.282+0000][gc,heap     ] GC(1019) Old regions: 236->236
[2025-12-25T06:54:50.282+0000][gc,heap     ] GC(1019) Humongous regions: 151->151
[2025-12-25T06:54:50.282+0000][gc,metaspace] GC(1019) Metaspace: 16308K(16640K)->16308K(16640K) NonClass: 14633K(14720K)->14633K(14720K) Class: 1674K(1920K)->1674K(1920K)
[2025-12-25T06:54:50.282+0000][gc          ] GC(1019) Pause Young (Normal) (G1 Evacuation Pause) 964M->392M(1024M) 12.877ms
[2025-12-25T06:54:50.282+0000][gc,cpu      ] GC(1019) User=0.06s Sys=0.00s Real=0.01s
[2025-12-25T06:55:20.396+0000][gc,start    ] GC(1020) Pause Young (Normal) (G1 Evacuation Pause)
[2025-12-25T06:55:20.396+0000][gc,task     ] GC(1020) Using 8 workers of 8 for evacuation
[2025-12-25T06:55:20.408+0000][gc,phases   ] GC(1020)   Pre Evacuate Collection Set: 1.1ms
[2025-12-25T06:55:20.408+0000][gc,phases   ] GC(1020)   Merge Heap Roots: 0.3ms
[2025-12-25T06:55:20.408+0000][gc,phases   ] GC(1020)   Evacuate Collection Set: 9.2ms
[2025-12-25T06:55:20.408+0000][gc,phases   ] GC(1020)   Post Evacuate Collection Set: 1.1ms
[2025-12-25T06:55:20.408+0000][gc,phases   ] GC(1020)   Other: 0.2ms
[2025-12-25T06:55:20.408+0000][gc,heap     ] GC(1020) Eden regions: 573->0(570)
[2025-12-25T06:55:20.408+0000][gc,heap     ] GC(1020) Survivor regions: 6->7(58)
[2025-12-25T06:55:20.408+0000][gc,heap     ] GC(1020) Old regions: 236->237
[2025-12-25T06:55:20.408+0000][gc,heap     ] GC(1020) Humongous regions: 151->151
[2025-12-25T06:55:20.408+0000][gc,metaspace] GC(1020) Metaspace: 16308K(16640K)->16308K(16640K) NonClass: 14633K(14720K)->14633K(14720K) Class: 1674K(1920K)->1674K(1920K)
[2025-12-25T06:55:20.408+0000][gc          ] GC(1020) Pause Young (Normal) (G1 Evacuation Pause) 965M->393M(1024M) 12.884ms
[2025-12-25T06:55:20.409+0000][gc,cpu      ] GC(1020) User=0.07s Sys=0.00s Real=0.02s
[2025-12-25T06:55:50.463+0000][gc,start    ] GC(1021) Pause Young (Normal) (G1 Evacuation Pause)
[2025-12-25T06:55:50.464+0000][gc,task     ] GC(1021) Using 8 workers of 8 for evacuation
[2025-12-25T06:55:50.481+0000][gc,phases   ] GC(1021)   Pre Evacuate Collection Set: 4.0ms
[2025-12-25T06:55:50.481+0000][gc,phases   ] GC(1021)   Merge Heap Roots: 1.1ms
[2025-12-25T06:55:50.481+0000][gc,phases   ] GC(1021)   Evacuate Collection Set: 10.0ms
[2025-12-25T06:55:50.481+0000][gc,phases   ] GC(1021)   Post Evacuate Collection Set: 1.5ms
[2025-12-25T06:55:50.481+0000][gc,phases   ] GC(1021)   Other: 0.5ms
[2025-12-25T06:55:50.482+0000][gc,heap     ] GC(1021) Eden regions: 570->0(568)
[2025-12-25T06:55:50.482+0000][gc,heap     ] GC(1021) Survivor regions: 7->8(59)
[2025-12-25T06:55:50.482+0000][gc,heap     ] GC(1021) Old regions: 237->237
[2025-12-25T06:55:50.482+0000][gc,heap     ] GC(1021) Humongous regions: 151->151
[2025-12-25T06:55:50.482+0000][gc,metaspace] GC(1021) Metaspace: 16308K(16640K)->16308K(16640K) NonClass: 14633K(14720K)->14633K(14720K) Class: 1674K(1920K)->1674K(1920K)
[2025-12-25T06:55:50.482+0000][gc          ] GC(1021) Pause Young (Normal) (G1 Evacuation Pause) 963M->394M(1024M) 19.193ms
[2025-12-25T06:55:50.482+0000][gc,cpu      ] GC(1021) User=0.11s Sys=0.01s Real=0.02s
[2025-12-25T06:56:20.964+0000][gc,start    ] GC(1022) Pause Young (Normal) (G1 Evacuation Pause)
[2025-12-25T06:56:20.966+0000][gc,task     ] GC(1022) Using 8 workers of 8 for evacuation
[2025-12-25T06:56:20.990+0000][gc,phases   ] GC(1022)   Pre Evacuate Collection Set: 5.6ms
[2025-12-25T06:56:20.990+0000][gc,phases   ] GC(1022)   Merge Heap Roots: 0.5ms
[2025-12-25T06:56:20.990+0000][gc,phases   ] GC(1022)   Evacuate Collection Set: 15.7ms
[2025-12-25T06:56:20.990+0000][gc,phases   ] GC(1022)   Post Evacuate Collection Set: 1.3ms
[2025-12-25T06:56:20.990+0000][gc,phases   ] GC(1022)   Other: 0.4ms
[2025-12-25T06:56:20.990+0000][gc,heap     ] GC(1022) Eden regions: 568->0(566)
[2025-12-25T06:56:20.990+0000][gc,heap     ] GC(1022) Survivor regions: 8->9(60)
[2025-12-25T06:56:20.990+0000][gc,heap     ] GC(1022) Old regions: 237->237
[2025-12-25T06:56:20.991+0000][gc,heap     ] GC(1022) Humongous regions: 151->151
[2025-12-25T06:56:20.991+0000][gc,metaspace] GC(1022) Metaspace: 16308K(16640K)->16308K(16640K) NonClass: 14633K(14720K)->14633K(14720K) Class: 1674K(1920K)->1674K(1920K)
[2025-12-25T06:56:20.991+0000][gc          ] GC(1022) Pause Young (Normal) (G1 Evacuation Pause) 962M->396M(1024M) 26.379ms
[2025-12-25T06:56:20.991+0000][gc,cpu      ] GC(1022) User=0.14s Sys=0.00s Real=0.03s
[2025-12-25T06:56:50.765+0000][gc,start    ] GC(1023) Pause Young (Normal) (G1 Evacuation Pause)
[2025-12-25T06:56:50.766+0000][gc,task     ] GC(1023) Using 8 workers of 8 for evacuation
[2025-12-25T06:56:50.787+0000][gc,phases   ] GC(1023)   Pre Evacuate Collection Set: 1.8ms
[2025-12-25T06:56:50.787+0000][gc,phases   ] GC(1023)   Merge Heap Roots: 0.7ms
[2025-12-25T06:56:50.787+0000][gc,phases   ] GC(1023)   Evacuate Collection Set: 13.7ms
[2025-12-25T06:56:50.788+0000][gc,phases   ] GC(1023)   Post Evacuate Collection Set: 3.5ms
[2025-12-25T06:56:50.788+0000][gc,phases   ] GC(1023)   Other: 1.2ms
[2025-12-25T06:56:50.789+0000][gc,heap     ] GC(1023) Eden regions: 566->0(564)
[2025-12-25T06:56:50.789+0000][gc,heap     ] GC(1023) Survivor regions: 9->10(61)
[2025-12-25T06:56:50.789+0000][gc,heap     ] GC(1023) Old regions: 237->237
[2025-12-25T06:56:50.790+0000][gc,heap     ] GC(1023) Humongous regions: 151->151
[2025-12-25T06:56:50.790+0000][gc,metaspace] GC(1023) Metaspace: 16308K(16640K)->16308K(16640K) NonClass: 14633K(14720K)->14633K(14720K) Class: 1674K(1920K)->1674K(1920K)
[2025-12-25T06:56:50.790+0000][gc          ] GC(1023) Pause Young (Normal) (G1 Evacuation Pause) 962M->397M(1024M) 25.292ms
[2025-12-25T06:56:50.790+0000][gc,cpu      ] GC(1023) User=0.08s Sys=0.01s Real=0.03s
[2025-12-25T06:57:20.799+0000][gc,start    ] GC(1024) Pause Young (Normal) (G1 Evacuation Pause)
[2025-12-25T06:57:20.799+0000][gc,task     ] GC(1024) Using 8 workers of 8 for evacuation
[2025-12-25T06:57:20.812+0000][gc,phases   ] GC(1024)   Pre Evacuate Collection Set: 1.1ms
[2025-12-25T06:57:20.813+0000][gc,phases   ] GC(1024)   Merge Heap Roots: 0.3ms
[2025-12-25T06:57:20.813+0000][gc,phases   ] GC(1024)   Evacuate Collection Set: 10.3ms
[2025-12-25T06:57:20.813+0000][gc,phases   ] GC(1024)   Post Evacuate Collection Set: 1.4ms
[2025-12-25T06:57:20.813+0000][gc,phases   ] GC(1024)   Other: 0.3ms
[2025-12-25T06:57:20.813+0000][gc,heap     ] GC(1024) Eden regions: 564->0(572)
[2025-12-25T06:57:20.813+0000][gc,heap     ] GC(1024) Survivor regions: 10->6(62)
[2025-12-25T06:57:20.813+0000][gc,heap     ] GC(1024) Old regions: 237->237
[2025-12-25T06:57:20.813+0000][gc,heap     ] GC(1024) Humongous regions: 151->151
[2025-12-25T06:57:20.813+0000][gc,metaspace] GC(1024) Metaspace: 16309K(16704K)->16309K(16704K) NonClass: 14634K(14784K)->14634K(14784K) Class: 1674K(1920K)->1674K(1920K)
[2025-12-25T06:57:20.813+0000][gc          ] GC(1024) Pause Young (Normal) (G1 Evacuation Pause) 961M->393M(1024M) 14.556ms
[2025-12-25T06:57:20.813+0000][gc,cpu      ] GC(1024) User=0.07s Sys=0.00s Real=0.01s
[2025-12-25T06:58:00.317+0000][gc,start    ] GC(1025) Pause Young (Normal) (G1 Evacuation Pause)
[2025-12-25T06:58:00.317+0000][gc,task     ] GC(1025) Using 8 workers of 8 for evacuation
[2025-12-25T06:58:00.328+0000][gc,phases   ] GC(1025)   Pre Evacuate Collection Set: 1.1ms
[2025-12-25T06:58:00.329+0000][gc,phases   ] GC(1025)   Merge Heap Roots: 0.3ms
[2025-12-25T06:58:00.329+0000][gc,phases   ] GC(1025)   Evacuate Collection Set: 8.9ms
[2025-12-25T06:58:00.329+0000][gc,phases   ] GC(1025)   Post Evacuate Collection Set: 1.1ms
[2025-12-25T06:58:00.329+0000][gc,phases   ] GC(1025)   Other: 0.2ms
[2025-12-25T06:58:00.329+0000][gc,heap     ] GC(1025) Eden regions: 572->0(573)
[2025-12-25T06:58:00.329+0000][gc,heap     ] GC(1025) Survivor regions: 6->5(58)
[2025-12-25T06:58:00.329+0000][gc,heap     ] GC(1025) Old regions: 237->238
[2025-12-25T06:58:00.329+0000][gc,heap     ] GC(1025) Humongous regions: 151->151
[2025-12-25T06:58:00.329+0000][gc,metaspace] GC(1025) Metaspace: 16309K(16704K)->16309K(16704K) NonClass: 14634K(14784K)->14634K(14784K) Class: 1674K(1920K)->1674K(1920K)
[2025-12-25T06:58:00.329+0000][gc          ] GC(1025) Pause Young (Normal) (G1 Evacuation Pause) 965M->392M(1024M) 12.732ms
[2025-12-25T06:58:00.329+0000][gc,cpu      ] GC(1025) User=0.06s Sys=0.00s Real=0.01s
[2025-12-25T06:58:30.446+0000][gc,start    ] GC(1026) Pause Young (Normal) (G1 Evacuation Pause)
[2025-12-25T06:58:30.447+0000][gc,task     ] GC(1026) Using 8 workers of 8 for evacuation
[2025-12-25T06:58:30.461+0000][gc,phases   ] GC(1026)   Pre Evacuate Collection Set: 3.7ms
[2025-12-25T06:58:30.461+0000][gc,phases   ] GC(1026)   Merge Heap Roots: 0.2ms
[2025-12-25T06:58:30.461+0000][gc,phases   ] GC(1026)   Evacuate Collection Set: 8.6ms
[2025-12-25T06:58:30.461+0000][gc,phases   ] GC(1026)   Post Evacuate Collection Set: 1.2ms
[2025-12-25T06:58:30.461+0000][gc,phases   ] GC(1026)   Other: 0.5ms
[2025-12-25T06:58:30.461+0000][gc,heap     ] GC(1026) Eden regions: 573->0(571)
[2025-12-25T06:58:30.461+0000][gc,heap     ] GC(1026) Survivor regions: 5->6(57)
[2025-12-25T06:58:30.461+0000][gc,heap     ] GC(1026) Old regions: 238->238
[2025-12-25T06:58:30.462+0000][gc,heap     ] GC(1026) Humongous regions: 151->151
[2025-12-25T06:58:30.462+0000][gc,metaspace] GC(1026) Metaspace: 16309K(16704K)->16309K(16704K) NonClass: 14634K(14784K)->14634K(14784K) Class: 1674K(1920K)->1674K(1920K)
[2025-12-25T06:58:30.462+0000][gc          ] GC(1026) Pause Young (Normal) (G1 Evacuation Pause) 965M->393M(1024M) 15.396ms
[2025-12-25T06:58:30.462+0000][gc,cpu      ] GC(1026) User=0.08s Sys=0.00s Real=0.01s
[2025-12-25T06:59:00.571+0000][gc,start    ] GC(1027) Pause Young (Normal) (G1 Evacuation Pause)
[2025-12-25T06:59:00.572+0000][gc,task     ] GC(1027) Using 8 workers of 8 for evacuation
[2025-12-25T06:59:00.587+0000][gc,phases   ] GC(1027)   Pre Evacuate Collection Set: 1.1ms
[2025-12-25T06:59:00.587+0000][gc,phases   ] GC(1027)   Merge Heap Roots: 0.3ms
[2025-12-25T06:59:00.587+0000][gc,phases   ] GC(1027)   Evacuate Collection Set: 12.1ms
[2025-12-25T06:59:00.587+0000][gc,phases   ] GC(1027)   Post Evacuate Collection Set: 1.3ms
[2025-12-25T06:59:00.587+0000][gc,phases   ] GC(1027)   Other: 0.3ms
[2025-12-25T06:59:00.587+0000][gc,heap     ] GC(1027) Eden regions: 571->0(569)
[2025-12-25T06:59:00.587+0000][gc,heap     ] GC(1027) Survivor regions: 6->7(58)
[2025-12-25T06:59:00.587+0000][gc,heap     ] GC(1027) Old regions: 238->238
[2025-12-25T06:59:00.588+0000][gc,heap     ] GC(1027) Humongous regions: 151->151
[2025-12-25T06:59:00.588+0000][gc,metaspace] GC(1027) Metaspace: 16309K(16704K)->16309K(16704K) NonClass: 14634K(14784K)->14634K(14784K) Class: 1674K(1920K)->1674K(1920K)
[2025-12-25T06:59:00.588+0000][gc          ] GC(1027) Pause Young (Normal) (G1 Evacuation Pause) 964M->395M(1024M) 16.365ms
[2025-12-25T06:59:00.588+0000][gc,cpu      ] GC(1027) User=0.10s Sys=0.00s Real=0.02s
[2025-12-25T06:59:30.666+0000][gc,start    ] GC(1028) Pause Young (Normal) (G1 Evacuation Pause)
[2025-12-25T06:59:30.666+0000][gc,task     ] GC(1028) Using 8 workers of 8 for evacuation
[2025-12-25T06:59:30.678+0000][gc,phases   ] GC(1028)   Pre Evacuate Collection Set: 1.1ms
[2025-12-25T06:59:30.678+0000][gc,phases   ] GC(1028)   Merge Heap Roots: 0.2ms
[2025-12-25T06:59:30.678+0000][gc,phases   ] GC(1028)   Evacuate Collection Set: 9.3ms
[2025-12-25T06:59:30.678+0000][gc,phases   ] GC(1028)   Post Evacuate Collection Set: 1.0ms
[2025-12-25T06:59:30.678+0000][gc,phases   ] GC(1028)   Other: 0.3ms
[2025-12-25T06:59:30.678+0000][gc,heap     ] GC(1028) Eden regions: 569->0(567)
[2025-12-25T06:59:30.678+0000][gc,heap     ] GC(1028) Survivor regions: 7->8(59)
[2025-12-25T06:59:30.678+0000][gc,heap     ] GC(1028) Old regions: 238->238
[2025-12-25T06:59:30.678+0000][gc,heap     ] GC(1028) Humongous regions: 151->151
[2025-12-25T06:59:30.678+0000][gc,metaspace] GC(1028) Metaspace: 16309K(16704K)->16309K(16704K) NonClass: 14634K(14784K)->14634K(14784K) Class: 1674K(1920K)->1674K(1920K)
[2025-12-25T06:59:30.679+0000][gc          ] GC(1028) Pause Young (Normal) (G1 Evacuation Pause) 964M->396M(1024M) 13.358ms
[2025-12-25T06:59:30.679+0000][gc,cpu      ] GC(1028) User=0.07s Sys=0.00s Real=0.01s
[2025-12-25T07:00:00.839+0000][gc,start    ] GC(1029) Pause Young (Normal) (G1 Evacuation Pause)
[2025-12-25T07:00:00.839+0000][gc,task     ] GC(1029) Using 8 workers of 8 for evacuation
[2025-12-25T07:00:00.851+0000][gc,phases   ] GC(1029)   Pre Evacuate Collection Set: 0.9ms
[2025-12-25T07:00:00.851+0000][gc,phases   ] GC(1029)   Merge Heap Roots: 0.2ms
[2025-12-25T07:00:00.851+0000][gc,phases   ] GC(1029)   Evacuate Collection Set: 9.3ms
[2025-12-25T07:00:00.851+0000][gc,phases   ] GC(1029)   Post Evacuate Collection Set: 1.0ms
[2025-12-25T07:00:00.851+0000][gc,phases   ] GC(1029)   Other: 0.2ms
[2025-12-25T07:00:00.851+0000][gc,heap     ] GC(1029) Eden regions: 567->0(564)
[2025-12-25T07:00:00.851+0000][gc,heap     ] GC(1029) Survivor regions: 8->9(60)
[2025-12-25T07:00:00.851+0000][gc,heap     ] GC(1029) Old regions: 238->239
[2025-12-25T07:00:00.851+0000][gc,heap     ] GC(1029) Humongous regions: 151->151
[2025-12-25T07:00:00.851+0000][gc,metaspace] GC(1029) Metaspace: 16309K(16704K)->16309K(16704K) NonClass: 14634K(14784K)->14634K(14784K) Class: 1674K(1920K)->1674K(1920K)
[2025-12-25T07:00:00.851+0000][gc          ] GC(1029) Pause Young (Normal) (G1 Evacuation Pause) 963M->397M(1024M) 12.783ms
[2025-12-25T07:00:00.851+0000][gc,cpu      ] GC(1029) User=0.06s Sys=0.01s Real=0.01s
[2025-12-25T07:00:38.252+0000][gc,start    ] GC(1030) Pause Young (Normal) (G1 Evacuation Pause)
[2025-12-25T07:00:38.253+0000][gc,task     ] GC(1030) Using 8 workers of 8 for evacuation
[2025-12-25T07:00:38.280+0000][gc,phases   ] GC(1030)   Pre Evacuate Collection Set: 3.4ms
[2025-12-25T07:00:38.281+0000][gc,phases   ] GC(1030)   Merge Heap Roots: 0.7ms
[2025-12-25T07:00:38.281+0000][gc,phases   ] GC(1030)   Evacuate Collection Set: 21.3ms
[2025-12-25T07:00:38.281+0000][gc,phases   ] GC(1030)   Post Evacuate Collection Set: 1.9ms
[2025-12-25T07:00:38.281+0000][gc,phases   ] GC(1030)   Other: 0.6ms
[2025-12-25T07:00:38.281+0000][gc,heap     ] GC(1030) Eden regions: 564->0(566)
[2025-12-25T07:00:38.281+0000][gc,heap     ] GC(1030) Survivor regions: 9->8(61)
[2025-12-25T07:00:38.281+0000][gc,heap     ] GC(1030) Old regions: 239->239
[2025-12-25T07:00:38.282+0000][gc,heap     ] GC(1030) Humongous regions: 151->151
[2025-12-25T07:00:38.282+0000][gc,metaspace] GC(1030) Metaspace: 16309K(16704K)->16309K(16704K) NonClass: 14634K(14784K)->14634K(14784K) Class: 1674K(1920K)->1674K(1920K)
[2025-12-25T07:00:38.282+0000][gc          ] GC(1030) Pause Young (Normal) (G1 Evacuation Pause) 961M->396M(1024M) 30.082ms
[2025-12-25T07:00:38.282+0000][gc,cpu      ] GC(1030) User=0.18s Sys=0.01s Real=0.03s
[2025-12-25T07:01:10.292+0000][gc,start    ] GC(1031) Pause Young (Normal) (G1 Evacuation Pause)
[2025-12-25T07:01:10.293+0000][gc,task     ] GC(1031) Using 8 workers of 8 for evacuation
[2025-12-25T07:01:10.310+0000][gc,phases   ] GC(1031)   Pre Evacuate Collection Set: 1.1ms
[2025-12-25T07:01:10.310+0000][gc,phases   ] GC(1031)   Merge Heap Roots: 1.2ms
[2025-12-25T07:01:10.311+0000][gc,phases   ] GC(1031)   Evacuate Collection Set: 13.0ms
[2025-12-25T07:01:10.311+0000][gc,phases   ] GC(1031)   Post Evacuate Collection Set: 1.3ms
[2025-12-25T07:01:10.311+0000][gc,phases   ] GC(1031)   Other: 0.2ms
[2025-12-25T07:01:10.311+0000][gc,heap     ] GC(1031) Eden regions: 566->0(564)
[2025-12-25T07:01:10.311+0000][gc,heap     ] GC(1031) Survivor regions: 8->9(60)
[2025-12-25T07:01:10.311+0000][gc,heap     ] GC(1031) Old regions: 239->239
[2025-12-25T07:01:10.311+0000][gc,heap     ] GC(1031) Humongous regions: 151->151
[2025-12-25T07:01:10.311+0000][gc,metaspace] GC(1031) Metaspace: 16309K(16704K)->16309K(16704K) NonClass: 14634K(14784K)->14634K(14784K) Class: 1674K(1920K)->1674K(1920K)
[2025-12-25T07:01:10.311+0000][gc          ] GC(1031) Pause Young (Normal) (G1 Evacuation Pause) 962M->397M(1024M) 19.158ms
[2025-12-25T07:01:10.312+0000][gc,cpu      ] GC(1031) User=0.11s Sys=0.01s Real=0.02s
[2025-12-25T07:01:40.411+0000][gc,start    ] GC(1032) Pause Young (Normal) (G1 Evacuation Pause)
[2025-12-25T07:01:40.412+0000][gc,task     ] GC(1032) Using 8 workers of 8 for evacuation
[2025-12-25T07:01:40.421+0000][gc,phases   ] GC(1032)   Pre Evacuate Collection Set: 1.1ms
[2025-12-25T07:01:40.421+0000][gc,phases   ] GC(1032)   Merge Heap Roots: 0.3ms
[2025-12-25T07:01:40.422+0000][gc,phases   ] GC(1032)   Evacuate Collection Set: 5.6ms
[2025-12-25T07:01:40.422+0000][gc,phases   ] GC(1032)   Post Evacuate Collection Set: 1.1ms
[2025-12-25T07:01:40.422+0000][gc,phases   ] GC(1032)   Other: 1.2ms
[2025-12-25T07:01:40.422+0000][gc,heap     ] GC(1032) Eden regions: 564->0(572)
[2025-12-25T07:01:40.422+0000][gc,heap     ] GC(1032) Survivor regions: 9->5(61)
[2025-12-25T07:01:40.422+0000][gc,heap     ] GC(1032) Old regions: 239->239
[2025-12-25T07:01:40.422+0000][gc,heap     ] GC(1032) Humongous regions: 151->151
[2025-12-25T07:01:40.423+0000][gc,metaspace] GC(1032) Metaspace: 16309K(16704K)->16309K(16704K) NonClass: 14634K(14784K)->14634K(14784K) Class: 1674K(1920K)->1674K(1920K)
[2025-12-25T07:01:40.423+0000][gc          ] GC(1032) Pause Young (Normal) (G1 Evacuation Pause) 961M->394M(1024M) 11.338ms
[2025-12-25T07:01:40.423+0000][gc,cpu      ] GC(1032) User=0.05s Sys=0.00s Real=0.01s
[2025-12-25T07:02:10.519+0000][gc,start    ] GC(1033) Pause Young (Normal) (G1 Evacuation Pause)
[2025-12-25T07:02:10.520+0000][gc,task     ] GC(1033) Using 8 workers of 8 for evacuation
[2025-12-25T07:02:10.528+0000][gc,phases   ] GC(1033)   Pre Evacuate Collection Set: 0.9ms
[2025-12-25T07:02:10.528+0000][gc,phases   ] GC(1033)   Merge Heap Roots: 0.2ms
[2025-12-25T07:02:10.528+0000][gc,phases   ] GC(1033)   Evacuate Collection Set: 5.8ms
[2025-12-25T07:02:10.529+0000][gc,phases   ] GC(1033)   Post Evacuate Collection Set: 1.0ms
[2025-12-25T07:02:10.529+0000][gc,phases   ] GC(1033)   Other: 0.2ms
[2025-12-25T07:02:10.529+0000][gc,heap     ] GC(1033) Eden regions: 572->0(570)
[2025-12-25T07:02:10.529+0000][gc,heap     ] GC(1033) Survivor regions: 5->6(57)
[2025-12-25T07:02:10.529+0000][gc,heap     ] GC(1033) Old regions: 239->239
[2025-12-25T07:02:10.529+0000][gc,heap     ] GC(1033) Humongous regions: 151->151
[2025-12-25T07:02:10.529+0000][gc,metaspace] GC(1033) Metaspace: 16309K(16704K)->16309K(16704K) NonClass: 14634K(14784K)->14634K(14784K) Class: 1674K(1920K)->1674K(1920K)
[2025-12-25T07:02:10.529+0000][gc          ] GC(1033) Pause Young (Normal) (G1 Evacuation Pause) 966M->395M(1024M) 9.785ms
[2025-12-25T07:02:10.529+0000][gc,cpu      ] GC(1033) User=0.05s Sys=0.00s Real=0.01s
[2025-12-25T07:02:40.641+0000][gc,start    ] GC(1034) Pause Young (Normal) (G1 Evacuation Pause)
[2025-12-25T07:02:40.642+0000][gc,task     ] GC(1034) Using 8 workers of 8 for evacuation
[2025-12-25T07:02:40.654+0000][gc,phases   ] GC(1034)   Pre Evacuate Collection Set: 1.0ms
[2025-12-25T07:02:40.654+0000][gc,phases   ] GC(1034)   Merge Heap Roots: 0.3ms
[2025-12-25T07:02:40.654+0000][gc,phases   ] GC(1034)   Evacuate Collection Set: 9.3ms
[2025-12-25T07:02:40.654+0000][gc,phases   ] GC(1034)   Post Evacuate Collection Set: 0.9ms
[2025-12-25T07:02:40.654+0000][gc,phases   ] GC(1034)   Other: 0.1ms
[2025-12-25T07:02:40.654+0000][gc,heap     ] GC(1034) Eden regions: 570->0(567)
[2025-12-25T07:02:40.654+0000][gc,heap     ] GC(1034) Survivor regions: 6->7(58)
[2025-12-25T07:02:40.654+0000][gc,heap     ] GC(1034) Old regions: 239->240
[2025-12-25T07:02:40.654+0000][gc,heap     ] GC(1034) Humongous regions: 151->151
[2025-12-25T07:02:40.655+0000][gc,metaspace] GC(1034) Metaspace: 16309K(16704K)->16309K(16704K) NonClass: 14634K(14784K)->14634K(14784K) Class: 1674K(1920K)->1674K(1920K)
[2025-12-25T07:02:40.655+0000][gc          ] GC(1034) Pause Young (Normal) (G1 Evacuation Pause) 965M->396M(1024M) 13.299ms
[2025-12-25T07:02:40.655+0000][gc,cpu      ] GC(1034) User=0.06s Sys=0.01s Real=0.02s
[2025-12-25T07:03:10.732+0000][gc,start    ] GC(1035) Pause Young (Normal) (G1 Evacuation Pause)
[2025-12-25T07:03:10.734+0000][gc,task     ] GC(1035) Using 8 workers of 8 for evacuation
[2025-12-25T07:03:10.743+0000][gc,phases   ] GC(1035)   Pre Evacuate Collection Set: 1.0ms
[2025-12-25T07:03:10.743+0000][gc,phases   ] GC(1035)   Merge Heap Roots: 0.2ms
[2025-12-25T07:03:10.744+0000][gc,phases   ] GC(1035)   Evacuate Collection Set: 6.9ms
[2025-12-25T07:03:10.744+0000][gc,phases   ] GC(1035)   Post Evacuate Collection Set: 1.0ms
[2025-12-25T07:03:10.744+0000][gc,phases   ] GC(1035)   Other: 0.4ms
[2025-12-25T07:03:10.744+0000][gc,heap     ] GC(1035) Eden regions: 567->0(565)
[2025-12-25T07:03:10.744+0000][gc,heap     ] GC(1035) Survivor regions: 7->8(59)
[2025-12-25T07:03:10.744+0000][gc,heap     ] GC(1035) Old regions: 240->240
[2025-12-25T07:03:10.744+0000][gc,heap     ] GC(1035) Humongous regions: 151->151
[2025-12-25T07:03:10.744+0000][gc,metaspace] GC(1035) Metaspace: 16309K(16704K)->16309K(16704K) NonClass: 14634K(14784K)->14634K(14784K) Class: 1674K(1920K)->1674K(1920K)
[2025-12-25T07:03:10.744+0000][gc          ] GC(1035) Pause Young (Normal) (G1 Evacuation Pause) 963M->397M(1024M) 12.302ms
[2025-12-25T07:03:10.744+0000][gc,cpu      ] GC(1035) User=0.06s Sys=0.00s Real=0.02s
[2025-12-25T07:03:50.211+0000][gc,start    ] GC(1036) Pause Young (Normal) (G1 Evacuation Pause)
[2025-12-25T07:03:50.211+0000][gc,task     ] GC(1036) Using 8 workers of 8 for evacuation
[2025-12-25T07:03:50.229+0000][gc,phases   ] GC(1036)   Pre Evacuate Collection Set: 1.6ms
[2025-12-25T07:03:50.229+0000][gc,phases   ] GC(1036)   Merge Heap Roots: 0.4ms
[2025-12-25T07:03:50.230+0000][gc,phases   ] GC(1036)   Evacuate Collection Set: 14.1ms
[2025-12-25T07:03:50.230+0000][gc,phases   ] GC(1036)   Post Evacuate Collection Set: 1.5ms
[2025-12-25T07:03:50.230+0000][gc,phases   ] GC(1036)   Other: 0.3ms
[2025-12-25T07:03:50.230+0000][gc,heap     ] GC(1036) Eden regions: 565->0(567)
[2025-12-25T07:03:50.230+0000][gc,heap     ] GC(1036) Survivor regions: 8->7(60)
[2025-12-25T07:03:50.230+0000][gc,heap     ] GC(1036) Old regions: 240->240
[2025-12-25T07:03:50.230+0000][gc,heap     ] GC(1036) Humongous regions: 151->151
[2025-12-25T07:03:50.230+0000][gc,metaspace] GC(1036) Metaspace: 16309K(16704K)->16309K(16704K) NonClass: 14634K(14784K)->14634K(14784K) Class: 1674K(1920K)->1674K(1920K)
[2025-12-25T07:03:50.230+0000][gc          ] GC(1036) Pause Young (Normal) (G1 Evacuation Pause) 962M->397M(1024M) 19.348ms
[2025-12-25T07:03:50.230+0000][gc,cpu      ] GC(1036) User=0.09s Sys=0.00s Real=0.02s
[2025-12-25T07:04:20.297+0000][gc,start    ] GC(1037) Pause Young (Normal) (G1 Evacuation Pause)
[2025-12-25T07:04:20.297+0000][gc,task     ] GC(1037) Using 8 workers of 8 for evacuation
[2025-12-25T07:04:20.318+0000][gc,phases   ] GC(1037)   Pre Evacuate Collection Set: 4.5ms
[2025-12-25T07:04:20.319+0000][gc,phases   ] GC(1037)   Merge Heap Roots: 0.9ms
[2025-12-25T07:04:20.319+0000][gc,phases   ] GC(1037)   Evacuate Collection Set: 13.9ms
[2025-12-25T07:04:20.319+0000][gc,phases   ] GC(1037)   Post Evacuate Collection Set: 1.4ms
[2025-12-25T07:04:20.319+0000][gc,phases   ] GC(1037)   Other: 0.4ms
[2025-12-25T07:04:20.319+0000][gc,heap     ] GC(1037) Eden regions: 567->0(565)
[2025-12-25T07:04:20.319+0000][gc,heap     ] GC(1037) Survivor regions: 7->8(59)
[2025-12-25T07:04:20.319+0000][gc,heap     ] GC(1037) Old regions: 240->240
[2025-12-25T07:04:20.319+0000][gc,heap     ] GC(1037) Humongous regions: 151->151
[2025-12-25T07:04:20.319+0000][gc,metaspace] GC(1037) Metaspace: 16309K(16704K)->16309K(16704K) NonClass: 14634K(14784K)->14634K(14784K) Class: 1674K(1920K)->1674K(1920K)
[2025-12-25T07:04:20.319+0000][gc          ] GC(1037) Pause Young (Normal) (G1 Evacuation Pause) 964M->398M(1024M) 22.357ms
[2025-12-25T07:04:20.319+0000][gc,cpu      ] GC(1037) User=0.12s Sys=0.00s Real=0.02s
[2025-12-25T07:04:50.373+0000][gc,start    ] GC(1038) Pause Young (Normal) (G1 Evacuation Pause)
[2025-12-25T07:04:50.373+0000][gc,task     ] GC(1038) Using 8 workers of 8 for evacuation
[2025-12-25T07:04:50.386+0000][gc,phases   ] GC(1038)   Pre Evacuate Collection Set: 1.0ms
[2025-12-25T07:04:50.386+0000][gc,phases   ] GC(1038)   Merge Heap Roots: 0.3ms
[2025-12-25T07:04:50.386+0000][gc,phases   ] GC(1038)   Evacuate Collection Set: 10.3ms
[2025-12-25T07:04:50.386+0000][gc,phases   ] GC(1038)   Post Evacuate Collection Set: 1.0ms
[2025-12-25T07:04:50.386+0000][gc,phases   ] GC(1038)   Other: 0.2ms
[2025-12-25T07:04:50.386+0000][gc,heap     ] GC(1038) Eden regions: 565->0(563)
[2025-12-25T07:04:50.387+0000][gc,heap     ] GC(1038) Survivor regions: 8->9(60)
[2025-12-25T07:04:50.387+0000][gc,heap     ] GC(1038) Old regions: 240->240
[2025-12-25T07:04:50.387+0000][gc,heap     ] GC(1038) Humongous regions: 151->151
[2025-12-25T07:04:50.387+0000][gc,metaspace] GC(1038) Metaspace: 16309K(16704K)->16309K(16704K) NonClass: 14634K(14784K)->14634K(14784K) Class: 1674K(1920K)->1674K(1920K)
[2025-12-25T07:04:50.387+0000][gc          ] GC(1038) Pause Young (Normal) (G1 Evacuation Pause) 963M->399M(1024M) 14.174ms
[2025-12-25T07:04:50.387+0000][gc,cpu      ] GC(1038) User=0.08s Sys=0.00s Real=0.01s
[2025-12-25T07:05:20.525+0000][gc,start    ] GC(1039) Pause Young (Normal) (G1 Evacuation Pause)
[2025-12-25T07:05:20.526+0000][gc,task     ] GC(1039) Using 8 workers of 8 for evacuation
[2025-12-25T07:05:20.545+0000][gc,phases   ] GC(1039)   Pre Evacuate Collection Set: 1.4ms
[2025-12-25T07:05:20.545+0000][gc,phases   ] GC(1039)   Merge Heap Roots: 0.4ms
[2025-12-25T07:05:20.545+0000][gc,phases   ] GC(1039)   Evacuate Collection Set: 15.3ms
[2025-12-25T07:05:20.545+0000][gc,phases   ] GC(1039)   Post Evacuate Collection Set: 1.3ms
[2025-12-25T07:05:20.545+0000][gc,phases   ] GC(1039)   Other: 0.2ms
[2025-12-25T07:05:20.545+0000][gc,heap     ] GC(1039) Eden regions: 563->0(560)
[2025-12-25T07:05:20.545+0000][gc,heap     ] GC(1039) Survivor regions: 9->10(61)
[2025-12-25T07:05:20.545+0000][gc,heap     ] GC(1039) Old regions: 240->241
[2025-12-25T07:05:20.545+0000][gc,heap     ] GC(1039) Humongous regions: 151->151
[2025-12-25T07:05:20.545+0000][gc,metaspace] GC(1039) Metaspace: 16309K(16704K)->16309K(16704K) NonClass: 14634K(14784K)->14634K(14784K) Class: 1674K(1920K)->1674K(1920K)
[2025-12-25T07:05:20.545+0000][gc          ] GC(1039) Pause Young (Normal) (G1 Evacuation Pause) 962M->400M(1024M) 20.006ms
[2025-12-25T07:05:20.546+0000][gc,cpu      ] GC(1039) User=0.12s Sys=0.00s Real=0.02s
[2025-12-25T07:05:50.523+0000][gc,start    ] GC(1040) Pause Young (Normal) (G1 Evacuation Pause)
[2025-12-25T07:05:50.523+0000][gc,task     ] GC(1040) Using 8 workers of 8 for evacuation
[2025-12-25T07:05:50.531+0000][gc,phases   ] GC(1040)   Pre Evacuate Collection Set: 0.9ms
[2025-12-25T07:05:50.531+0000][gc,phases   ] GC(1040)   Merge Heap Roots: 0.2ms
[2025-12-25T07:05:50.531+0000][gc,phases   ] GC(1040)   Evacuate Collection Set: 5.4ms
[2025-12-25T07:05:50.531+0000][gc,phases   ] GC(1040)   Post Evacuate Collection Set: 0.8ms
[2025-12-25T07:05:50.531+0000][gc,phases   ] GC(1040)   Other: 0.1ms
[2025-12-25T07:05:50.531+0000][gc,heap     ] GC(1040) Eden regions: 560->0(568)
[2025-12-25T07:05:50.531+0000][gc,heap     ] GC(1040) Survivor regions: 10->6(62)
[2025-12-25T07:05:50.531+0000][gc,heap     ] GC(1040) Old regions: 241->241
[2025-12-25T07:05:50.531+0000][gc,heap     ] GC(1040) Humongous regions: 151->151
[2025-12-25T07:05:50.531+0000][gc,metaspace] GC(1040) Metaspace: 16309K(16704K)->16309K(16704K) NonClass: 14634K(14784K)->14634K(14784K) Class: 1674K(1920K)->1674K(1920K)
[2025-12-25T07:05:50.531+0000][gc          ] GC(1040) Pause Young (Normal) (G1 Evacuation Pause) 960M->396M(1024M) 8.325ms
[2025-12-25T07:05:50.531+0000][gc,cpu      ] GC(1040) User=0.05s Sys=0.00s Real=0.01s
[2025-12-25T07:06:20.661+0000][gc,start    ] GC(1041) Pause Young (Normal) (G1 Evacuation Pause)
[2025-12-25T07:06:20.662+0000][gc,task     ] GC(1041) Using 8 workers of 8 for evacuation
[2025-12-25T07:06:20.681+0000][gc,phases   ] GC(1041)   Pre Evacuate Collection Set: 1.3ms
[2025-12-25T07:06:20.681+0000][gc,phases   ] GC(1041)   Merge Heap Roots: 0.5ms
[2025-12-25T07:06:20.681+0000][gc,phases   ] GC(1041)   Evacuate Collection Set: 16.3ms
[2025-12-25T07:06:20.682+0000][gc,phases   ] GC(1041)   Post Evacuate Collection Set: 1.1ms
[2025-12-25T07:06:20.682+0000][gc,phases   ] GC(1041)   Other: 0.4ms
[2025-12-25T07:06:20.682+0000][gc,heap     ] GC(1041) Eden regions: 568->0(566)
[2025-12-25T07:06:20.682+0000][gc,heap     ] GC(1041) Survivor regions: 6->7(58)
[2025-12-25T07:06:20.682+0000][gc,heap     ] GC(1041) Old regions: 241->241
[2025-12-25T07:06:20.682+0000][gc,heap     ] GC(1041) Humongous regions: 151->151
[2025-12-25T07:06:20.682+0000][gc,metaspace] GC(1041) Metaspace: 16309K(16704K)->16309K(16704K) NonClass: 14634K(14784K)->14634K(14784K) Class: 1674K(1920K)->1674K(1920K)
[2025-12-25T07:06:20.682+0000][gc          ] GC(1041) Pause Young (Normal) (G1 Evacuation Pause) 964M->398M(1024M) 20.712ms
[2025-12-25T07:06:20.682+0000][gc,cpu      ] GC(1041) User=0.13s Sys=0.00s Real=0.02s
[2025-12-25T07:06:50.723+0000][gc,start    ] GC(1042) Pause Young (Normal) (G1 Evacuation Pause)
[2025-12-25T07:06:50.724+0000][gc,task     ] GC(1042) Using 8 workers of 8 for evacuation
[2025-12-25T07:06:50.735+0000][gc,phases   ] GC(1042)   Pre Evacuate Collection Set: 1.0ms
[2025-12-25T07:06:50.735+0000][gc,phases   ] GC(1042)   Merge Heap Roots: 0.3ms
[2025-12-25T07:06:50.735+0000][gc,phases   ] GC(1042)   Evacuate Collection Set: 8.9ms
[2025-12-25T07:06:50.736+0000][gc,phases   ] GC(1042)   Post Evacuate Collection Set: 1.2ms
[2025-12-25T07:06:50.736+0000][gc,phases   ] GC(1042)   Other: 0.3ms
[2025-12-25T07:06:50.736+0000][gc,heap     ] GC(1042) Eden regions: 566->0(566)
[2025-12-25T07:06:50.736+0000][gc,heap     ] GC(1042) Survivor regions: 7->7(59)
[2025-12-25T07:06:50.736+0000][gc,heap     ] GC(1042) Old regions: 241->241
[2025-12-25T07:06:50.736+0000][gc,heap     ] GC(1042) Humongous regions: 151->151
[2025-12-25T07:06:50.736+0000][gc,metaspace] GC(1042) Metaspace: 16309K(16704K)->16309K(16704K) NonClass: 14634K(14784K)->14634K(14784K) Class: 1674K(1920K)->1674K(1920K)
[2025-12-25T07:06:50.736+0000][gc          ] GC(1042) Pause Young (Normal) (G1 Evacuation Pause) 964M->398M(1024M) 12.966ms
[2025-12-25T07:06:50.736+0000][gc,cpu      ] GC(1042) User=0.08s Sys=0.00s Real=0.01s
[2025-12-25T07:07:30.261+0000][gc,start    ] GC(1043) Pause Young (Normal) (G1 Evacuation Pause)
[2025-12-25T07:07:30.261+0000][gc,task     ] GC(1043) Using 8 workers of 8 for evacuation
[2025-12-25T07:07:30.277+0000][gc,phases   ] GC(1043)   Pre Evacuate Collection Set: 1.1ms
[2025-12-25T07:07:30.277+0000][gc,phases   ] GC(1043)   Merge Heap Roots: 0.2ms
[2025-12-25T07:07:30.277+0000][gc,phases   ] GC(1043)   Evacuate Collection Set: 12.4ms
[2025-12-25T07:07:30.277+0000][gc,phases   ] GC(1043)   Post Evacuate Collection Set: 1.1ms
[2025-12-25T07:07:30.277+0000][gc,phases   ] GC(1043)   Other: 0.3ms
[2025-12-25T07:07:30.277+0000][gc,heap     ] GC(1043) Eden regions: 566->0(567)
[2025-12-25T07:07:30.277+0000][gc,heap     ] GC(1043) Survivor regions: 7->6(59)
[2025-12-25T07:07:30.277+0000][gc,heap     ] GC(1043) Old regions: 241->242
[2025-12-25T07:07:30.277+0000][gc,heap     ] GC(1043) Humongous regions: 151->151
[2025-12-25T07:07:30.277+0000][gc,metaspace] GC(1043) Metaspace: 16309K(16704K)->16309K(16704K) NonClass: 14634K(14784K)->14634K(14784K) Class: 1674K(1920K)->1674K(1920K)
[2025-12-25T07:07:30.277+0000][gc          ] GC(1043) Pause Young (Normal) (G1 Evacuation Pause) 964M->397M(1024M) 16.300ms
[2025-12-25T07:07:30.277+0000][gc,cpu      ] GC(1043) User=0.10s Sys=0.01s Real=0.02s
[2025-12-25T07:08:00.337+0000][gc,start    ] GC(1044) Pause Young (Normal) (G1 Evacuation Pause)
[2025-12-25T07:08:00.338+0000][gc,task     ] GC(1044) Using 8 workers of 8 for evacuation
[2025-12-25T07:08:00.358+0000][gc,phases   ] GC(1044)   Pre Evacuate Collection Set: 5.8ms
[2025-12-25T07:08:00.358+0000][gc,phases   ] GC(1044)   Merge Heap Roots: 0.3ms
[2025-12-25T07:08:00.358+0000][gc,phases   ] GC(1044)   Evacuate Collection Set: 7.9ms
[2025-12-25T07:08:00.358+0000][gc,phases   ] GC(1044)   Post Evacuate Collection Set: 6.1ms
[2025-12-25T07:08:00.358+0000][gc,phases   ] GC(1044)   Other: 0.2ms
[2025-12-25T07:08:00.358+0000][gc,heap     ] GC(1044) Eden regions: 567->0(565)
[2025-12-25T07:08:00.359+0000][gc,heap     ] GC(1044) Survivor regions: 6->7(58)
[2025-12-25T07:08:00.359+0000][gc,heap     ] GC(1044) Old regions: 242->242
[2025-12-25T07:08:00.359+0000][gc,heap     ] GC(1044) Humongous regions: 151->151
[2025-12-25T07:08:00.359+0000][gc,metaspace] GC(1044) Metaspace: 16309K(16704K)->16309K(16704K) NonClass: 14634K(14784K)->14634K(14784K) Class: 1674K(1920K)->1674K(1920K)
[2025-12-25T07:08:00.359+0000][gc          ] GC(1044) Pause Young (Normal) (G1 Evacuation Pause) 964M->399M(1024M) 21.469ms
[2025-12-25T07:08:00.359+0000][gc,cpu      ] GC(1044) User=0.11s Sys=0.00s Real=0.02s
[2025-12-25T07:08:30.444+0000][gc,start    ] GC(1045) Pause Young (Normal) (G1 Evacuation Pause)
[2025-12-25T07:08:30.444+0000][gc,task     ] GC(1045) Using 8 workers of 8 for evacuation
[2025-12-25T07:08:30.459+0000][gc,phases   ] GC(1045)   Pre Evacuate Collection Set: 1.0ms
[2025-12-25T07:08:30.460+0000][gc,phases   ] GC(1045)   Merge Heap Roots: 0.2ms
[2025-12-25T07:08:30.460+0000][gc,phases   ] GC(1045)   Evacuate Collection Set: 12.5ms
[2025-12-25T07:08:30.460+0000][gc,phases   ] GC(1045)   Post Evacuate Collection Set: 1.1ms
[2025-12-25T07:08:30.460+0000][gc,phases   ] GC(1045)   Other: 0.2ms
[2025-12-25T07:08:30.460+0000][gc,heap     ] GC(1045) Eden regions: 565->0(563)
[2025-12-25T07:08:30.460+0000][gc,heap     ] GC(1045) Survivor regions: 7->8(59)
[2025-12-25T07:08:30.460+0000][gc,heap     ] GC(1045) Old regions: 242->242
[2025-12-25T07:08:30.460+0000][gc,heap     ] GC(1045) Humongous regions: 151->151
[2025-12-25T07:08:30.460+0000][gc,metaspace] GC(1045) Metaspace: 16309K(16704K)->16309K(16704K) NonClass: 14634K(14784K)->14634K(14784K) Class: 1674K(1920K)->1674K(1920K)
[2025-12-25T07:08:30.460+0000][gc          ] GC(1045) Pause Young (Normal) (G1 Evacuation Pause) 964M->400M(1024M) 16.185ms
[2025-12-25T07:08:30.460+0000][gc,cpu      ] GC(1045) User=0.10s Sys=0.00s Real=0.02s
[2025-12-25T07:09:00.518+0000][gc,start    ] GC(1046) Pause Young (Normal) (G1 Evacuation Pause)
[2025-12-25T07:09:00.519+0000][gc,task     ] GC(1046) Using 8 workers of 8 for evacuation
[2025-12-25T07:09:00.534+0000][gc,phases   ] GC(1046)   Pre Evacuate Collection Set: 1.1ms
[2025-12-25T07:09:00.535+0000][gc,phases   ] GC(1046)   Merge Heap Roots: 0.3ms
[2025-12-25T07:09:00.535+0000][gc,phases   ] GC(1046)   Evacuate Collection Set: 12.7ms
[2025-12-25T07:09:00.535+0000][gc,phases   ] GC(1046)   Post Evacuate Collection Set: 1.0ms
[2025-12-25T07:09:00.535+0000][gc,phases   ] GC(1046)   Other: 0.3ms
[2025-12-25T07:09:00.535+0000][gc,heap     ] GC(1046) Eden regions: 563->0(561)
[2025-12-25T07:09:00.535+0000][gc,heap     ] GC(1046) Survivor regions: 8->9(60)
[2025-12-25T07:09:00.535+0000][gc,heap     ] GC(1046) Old regions: 242->242
[2025-12-25T07:09:00.535+0000][gc,heap     ] GC(1046) Humongous regions: 151->151
[2025-12-25T07:09:00.535+0000][gc,metaspace] GC(1046) Metaspace: 16309K(16704K)->16309K(16704K) NonClass: 14634K(14784K)->14634K(14784K) Class: 1674K(1920K)->1674K(1920K)
[2025-12-25T07:09:00.535+0000][gc          ] GC(1046) Pause Young (Normal) (G1 Evacuation Pause) 963M->401M(1024M) 16.640ms
[2025-12-25T07:09:00.535+0000][gc,cpu      ] GC(1046) User=0.10s Sys=0.00s Real=0.02s
[2025-12-25T07:09:30.762+0000][gc,start    ] GC(1047) Pause Young (Normal) (G1 Evacuation Pause)
[2025-12-25T07:09:30.762+0000][gc,task     ] GC(1047) Using 8 workers of 8 for evacuation
[2025-12-25T07:09:30.783+0000][gc,phases   ] GC(1047)   Pre Evacuate Collection Set: 1.1ms
[2025-12-25T07:09:30.783+0000][gc,phases   ] GC(1047)   Merge Heap Roots: 0.3ms
[2025-12-25T07:09:30.783+0000][gc,phases   ] GC(1047)   Evacuate Collection Set: 18.2ms
[2025-12-25T07:09:30.783+0000][gc,phases   ] GC(1047)   Post Evacuate Collection Set: 1.2ms
[2025-12-25T07:09:30.783+0000][gc,phases   ] GC(1047)   Other: 0.3ms
[2025-12-25T07:09:30.784+0000][gc,heap     ] GC(1047) Eden regions: 561->0(559)
[2025-12-25T07:09:30.784+0000][gc,heap     ] GC(1047) Survivor regions: 9->10(61)
[2025-12-25T07:09:30.784+0000][gc,heap     ] GC(1047) Old regions: 242->242
[2025-12-25T07:09:30.784+0000][gc,heap     ] GC(1047) Humongous regions: 151->151
[2025-12-25T07:09:30.784+0000][gc,metaspace] GC(1047) Metaspace: 16309K(16704K)->16309K(16704K) NonClass: 14634K(14784K)->14634K(14784K) Class: 1674K(1920K)->1674K(1920K)
[2025-12-25T07:09:30.784+0000][gc          ] GC(1047) Pause Young (Normal) (G1 Evacuation Pause) 962M->402M(1024M) 22.406ms
[2025-12-25T07:09:30.784+0000][gc,cpu      ] GC(1047) User=0.14s Sys=0.01s Real=0.02s
[2025-12-25T07:10:00.700+0000][gc,start    ] GC(1048) Pause Young (Normal) (G1 Evacuation Pause)
[2025-12-25T07:10:00.700+0000][gc,task     ] GC(1048) Using 8 workers of 8 for evacuation
[2025-12-25T07:10:00.713+0000][gc,phases   ] GC(1048)   Pre Evacuate Collection Set: 1.0ms
[2025-12-25T07:10:00.713+0000][gc,phases   ] GC(1048)   Merge Heap Roots: 0.3ms
[2025-12-25T07:10:00.713+0000][gc,phases   ] GC(1048)   Evacuate Collection Set: 9.3ms
[2025-12-25T07:10:00.713+0000][gc,phases   ] GC(1048)   Post Evacuate Collection Set: 1.9ms
[2025-12-25T07:10:00.713+0000][gc,phases   ] GC(1048)   Other: 0.3ms
[2025-12-25T07:10:00.714+0000][gc,heap     ] GC(1048) Eden regions: 559->0(566)
[2025-12-25T07:10:00.714+0000][gc,heap     ] GC(1048) Survivor regions: 10->6(62)
[2025-12-25T07:10:00.714+0000][gc,heap     ] GC(1048) Old regions: 242->243
[2025-12-25T07:10:00.714+0000][gc,heap     ] GC(1048) Humongous regions: 151->151
[2025-12-25T07:10:00.714+0000][gc,metaspace] GC(1048) Metaspace: 16309K(16704K)->16309K(16704K) NonClass: 14634K(14784K)->14634K(14784K) Class: 1674K(1920K)->1674K(1920K)
[2025-12-25T07:10:00.714+0000][gc          ] GC(1048) Pause Young (Normal) (G1 Evacuation Pause) 961M->399M(1024M) 14.009ms
[2025-12-25T07:10:00.714+0000][gc,cpu      ] GC(1048) User=0.08s Sys=0.00s Real=0.01s
[2025-12-25T07:10:30.772+0000][gc,start    ] GC(1049) Pause Young (Normal) (G1 Evacuation Pause)
[2025-12-25T07:10:30.773+0000][gc,task     ] GC(1049) Using 8 workers of 8 for evacuation
[2025-12-25T07:10:30.787+0000][gc,phases   ] GC(1049)   Pre Evacuate Collection Set: 1.4ms
[2025-12-25T07:10:30.787+0000][gc,phases   ] GC(1049)   Merge Heap Roots: 0.3ms
[2025-12-25T07:10:30.787+0000][gc,phases   ] GC(1049)   Evacuate Collection Set: 11.3ms
[2025-12-25T07:10:30.787+0000][gc,phases   ] GC(1049)   Post Evacuate Collection Set: 1.0ms
[2025-12-25T07:10:30.787+0000][gc,phases   ] GC(1049)   Other: 0.2ms
[2025-12-25T07:10:30.787+0000][gc,heap     ] GC(1049) Eden regions: 566->0(564)
[2025-12-25T07:10:30.787+0000][gc,heap     ] GC(1049) Survivor regions: 6->7(58)
[2025-12-25T07:10:30.787+0000][gc,heap     ] GC(1049) Old regions: 243->243
[2025-12-25T07:10:30.787+0000][gc,heap     ] GC(1049) Humongous regions: 151->151
[2025-12-25T07:10:30.787+0000][gc,metaspace] GC(1049) Metaspace: 16309K(16704K)->16309K(16704K) NonClass: 14634K(14784K)->14634K(14784K) Class: 1674K(1920K)->1674K(1920K)
[2025-12-25T07:10:30.788+0000][gc          ] GC(1049) Pause Young (Normal) (G1 Evacuation Pause) 965M->399M(1024M) 15.282ms
[2025-12-25T07:10:30.788+0000][gc,cpu      ] GC(1049) User=0.09s Sys=0.00s Real=0.02s
[2025-12-25T07:11:10.258+0000][gc,start    ] GC(1050) Pause Young (Normal) (G1 Evacuation Pause)
[2025-12-25T07:11:10.258+0000][gc,task     ] GC(1050) Using 8 workers of 8 for evacuation
[2025-12-25T07:11:10.270+0000][gc,phases   ] GC(1050)   Pre Evacuate Collection Set: 1.0ms
[2025-12-25T07:11:10.270+0000][gc,phases   ] GC(1050)   Merge Heap Roots: 0.3ms
[2025-12-25T07:11:10.270+0000][gc,phases   ] GC(1050)   Evacuate Collection Set: 9.1ms
[2025-12-25T07:11:10.270+0000][gc,phases   ] GC(1050)   Post Evacuate Collection Set: 1.0ms
[2025-12-25T07:11:10.270+0000][gc,phases   ] GC(1050)   Other: 0.2ms
[2025-12-25T07:11:10.270+0000][gc,heap     ] GC(1050) Eden regions: 564->0(566)
[2025-12-25T07:11:10.270+0000][gc,heap     ] GC(1050) Survivor regions: 7->6(59)
[2025-12-25T07:11:10.270+0000][gc,heap     ] GC(1050) Old regions: 243->243
[2025-12-25T07:11:10.271+0000][gc,heap     ] GC(1050) Humongous regions: 151->151
[2025-12-25T07:11:10.271+0000][gc,metaspace] GC(1050) Metaspace: 16309K(16704K)->16309K(16704K) NonClass: 14634K(14784K)->14634K(14784K) Class: 1674K(1920K)->1674K(1920K)
[2025-12-25T07:11:10.271+0000][gc          ] GC(1050) Pause Young (Normal) (G1 Evacuation Pause) 963M->398M(1024M) 12.838ms
[2025-12-25T07:11:10.271+0000][gc,cpu      ] GC(1050) User=0.08s Sys=0.00s Real=0.01s
[2025-12-25T07:11:40.358+0000][gc,start    ] GC(1051) Pause Young (Normal) (G1 Evacuation Pause)
[2025-12-25T07:11:40.359+0000][gc,task     ] GC(1051) Using 8 workers of 8 for evacuation
[2025-12-25T07:11:40.374+0000][gc,phases   ] GC(1051)   Pre Evacuate Collection Set: 1.0ms
[2025-12-25T07:11:40.374+0000][gc,phases   ] GC(1051)   Merge Heap Roots: 0.3ms
[2025-12-25T07:11:40.374+0000][gc,phases   ] GC(1051)   Evacuate Collection Set: 12.2ms
[2025-12-25T07:11:40.374+0000][gc,phases   ] GC(1051)   Post Evacuate Collection Set: 1.1ms
[2025-12-25T07:11:40.374+0000][gc,phases   ] GC(1051)   Other: 0.3ms
[2025-12-25T07:11:40.374+0000][gc,heap     ] GC(1051) Eden regions: 566->0(564)
[2025-12-25T07:11:40.374+0000][gc,heap     ] GC(1051) Survivor regions: 6->7(58)
[2025-12-25T07:11:40.374+0000][gc,heap     ] GC(1051) Old regions: 243->243
[2025-12-25T07:11:40.374+0000][gc,heap     ] GC(1051) Humongous regions: 151->151
[2025-12-25T07:11:40.374+0000][gc,metaspace] GC(1051) Metaspace: 16309K(16704K)->16309K(16704K) NonClass: 14634K(14784K)->14634K(14784K) Class: 1674K(1920K)->1674K(1920K)
[2025-12-25T07:11:40.374+0000][gc          ] GC(1051) Pause Young (Normal) (G1 Evacuation Pause) 964M->399M(1024M) 16.184ms
[2025-12-25T07:11:40.374+0000][gc,cpu      ] GC(1051) User=0.11s Sys=0.00s Real=0.02s
[2025-12-25T07:12:10.445+0000][gc,start    ] GC(1052) Pause Young (Normal) (G1 Evacuation Pause)
[2025-12-25T07:12:10.446+0000][gc,task     ] GC(1052) Using 8 workers of 8 for evacuation
[2025-12-25T07:12:10.462+0000][gc,phases   ] GC(1052)   Pre Evacuate Collection Set: 2.2ms
[2025-12-25T07:12:10.462+0000][gc,phases   ] GC(1052)   Merge Heap Roots: 0.3ms
[2025-12-25T07:12:10.462+0000][gc,phases   ] GC(1052)   Evacuate Collection Set: 12.3ms
[2025-12-25T07:12:10.462+0000][gc,phases   ] GC(1052)   Post Evacuate Collection Set: 1.0ms
[2025-12-25T07:12:10.462+0000][gc,phases   ] GC(1052)   Other: 0.5ms
[2025-12-25T07:12:10.462+0000][gc,heap     ] GC(1052) Eden regions: 564->0(561)
[2025-12-25T07:12:10.462+0000][gc,heap     ] GC(1052) Survivor regions: 7->8(59)
[2025-12-25T07:12:10.462+0000][gc,heap     ] GC(1052) Old regions: 243->244
[2025-12-25T07:12:10.462+0000][gc,heap     ] GC(1052) Humongous regions: 151->151
[2025-12-25T07:12:10.462+0000][gc,metaspace] GC(1052) Metaspace: 16309K(16704K)->16309K(16704K) NonClass: 14634K(14784K)->14634K(14784K) Class: 1674K(1920K)->1674K(1920K)
[2025-12-25T07:12:10.462+0000][gc          ] GC(1052) Pause Young (Normal) (G1 Evacuation Pause) 963M->401M(1024M) 18.069ms
[2025-12-25T07:12:10.462+0000][gc,cpu      ] GC(1052) User=0.11s Sys=0.01s Real=0.02s
[2025-12-25T07:12:40.559+0000][gc,start    ] GC(1053) Pause Young (Normal) (G1 Evacuation Pause)
[2025-12-25T07:12:40.560+0000][gc,task     ] GC(1053) Using 8 workers of 8 for evacuation
[2025-12-25T07:12:40.581+0000][gc,phases   ] GC(1053)   Pre Evacuate Collection Set: 1.1ms
[2025-12-25T07:12:40.581+0000][gc,phases   ] GC(1053)   Merge Heap Roots: 0.3ms
[2025-12-25T07:12:40.582+0000][gc,phases   ] GC(1053)   Evacuate Collection Set: 18.0ms
[2025-12-25T07:12:40.582+0000][gc,phases   ] GC(1053)   Post Evacuate Collection Set: 1.2ms
[2025-12-25T07:12:40.582+0000][gc,phases   ] GC(1053)   Other: 0.3ms
[2025-12-25T07:12:40.582+0000][gc,heap     ] GC(1053) Eden regions: 561->0(561)
[2025-12-25T07:12:40.582+0000][gc,heap     ] GC(1053) Survivor regions: 8->8(60)
[2025-12-25T07:12:40.582+0000][gc,heap     ] GC(1053) Old regions: 244->244
[2025-12-25T07:12:40.582+0000][gc,heap     ] GC(1053) Humongous regions: 151->151
[2025-12-25T07:12:40.582+0000][gc,metaspace] GC(1053) Metaspace: 16309K(16704K)->16309K(16704K) NonClass: 14634K(14784K)->14634K(14784K) Class: 1674K(1920K)->1674K(1920K)
[2025-12-25T07:12:40.582+0000][gc          ] GC(1053) Pause Young (Normal) (G1 Evacuation Pause) 962M->402M(1024M) 22.708ms
[2025-12-25T07:12:40.582+0000][gc,cpu      ] GC(1053) User=0.15s Sys=0.00s Real=0.03s
[2025-12-25T07:13:10.669+0000][gc,start    ] GC(1054) Pause Young (Normal) (G1 Evacuation Pause)
[2025-12-25T07:13:10.670+0000][gc,task     ] GC(1054) Using 8 workers of 8 for evacuation
[2025-12-25T07:13:10.711+0000][gc,phases   ] GC(1054)   Pre Evacuate Collection Set: 1.8ms
[2025-12-25T07:13:10.713+0000][gc,phases   ] GC(1054)   Merge Heap Roots: 0.4ms
[2025-12-25T07:13:10.714+0000][gc,phases   ] GC(1054)   Evacuate Collection Set: 34.6ms
[2025-12-25T07:13:10.714+0000][gc,phases   ] GC(1054)   Post Evacuate Collection Set: 3.6ms
[2025-12-25T07:13:10.714+0000][gc,phases   ] GC(1054)   Other: 0.4ms
[2025-12-25T07:13:10.714+0000][gc,heap     ] GC(1054) Eden regions: 561->0(557)
[2025-12-25T07:13:10.714+0000][gc,heap     ] GC(1054) Survivor regions: 8->10(60)
[2025-12-25T07:13:10.714+0000][gc,heap     ] GC(1054) Old regions: 244->244
[2025-12-25T07:13:10.715+0000][gc,heap     ] GC(1054) Humongous regions: 151->151
[2025-12-25T07:13:10.715+0000][gc,metaspace] GC(1054) Metaspace: 16309K(16704K)->16309K(16704K) NonClass: 14634K(14784K)->14634K(14784K) Class: 1674K(1920K)->1674K(1920K)
[2025-12-25T07:13:10.715+0000][gc          ] GC(1054) Pause Young (Normal) (G1 Evacuation Pause) 963M->403M(1024M) 45.955ms
[2025-12-25T07:13:10.715+0000][gc,cpu      ] GC(1054) User=0.16s Sys=0.00s Real=0.05s
[2025-12-25T07:13:40.670+0000][gc,start    ] GC(1055) Pause Young (Normal) (G1 Evacuation Pause)
[2025-12-25T07:13:40.671+0000][gc,task     ] GC(1055) Using 8 workers of 8 for evacuation
[2025-12-25T07:13:40.697+0000][gc,phases   ] GC(1055)   Pre Evacuate Collection Set: 0.8ms
[2025-12-25T07:13:40.698+0000][gc,phases   ] GC(1055)   Merge Heap Roots: 0.3ms
[2025-12-25T07:13:40.698+0000][gc,phases   ] GC(1055)   Evacuate Collection Set: 15.4ms
[2025-12-25T07:13:40.699+0000][gc,phases   ] GC(1055)   Post Evacuate Collection Set: 9.5ms
[2025-12-25T07:13:40.699+0000][gc,phases   ] GC(1055)   Other: 0.4ms
[2025-12-25T07:13:40.700+0000][gc,heap     ] GC(1055) Eden regions: 557->0(555)
[2025-12-25T07:13:40.700+0000][gc,heap     ] GC(1055) Survivor regions: 10->11(62)
[2025-12-25T07:13:40.701+0000][gc,heap     ] GC(1055) Old regions: 244->244
[2025-12-25T07:13:40.701+0000][gc,heap     ] GC(1055) Humongous regions: 151->151
[2025-12-25T07:13:40.701+0000][gc,metaspace] GC(1055) Metaspace: 16309K(16704K)->16309K(16704K) NonClass: 14634K(14784K)->14634K(14784K) Class: 1674K(1920K)->1674K(1920K)
[2025-12-25T07:13:40.702+0000][gc          ] GC(1055) Pause Young (Normal) (G1 Evacuation Pause) 960M->404M(1024M) 31.364ms
[2025-12-25T07:13:40.702+0000][gc,cpu      ] GC(1055) User=0.15s Sys=0.00s Real=0.03s
[2025-12-25T07:14:10.787+0000][gc,start    ] GC(1056) Pause Young (Normal) (G1 Evacuation Pause)
[2025-12-25T07:14:10.788+0000][gc,task     ] GC(1056) Using 8 workers of 8 for evacuation
[2025-12-25T07:14:10.801+0000][gc,phases   ] GC(1056)   Pre Evacuate Collection Set: 1.1ms
[2025-12-25T07:14:10.801+0000][gc,phases   ] GC(1056)   Merge Heap Roots: 0.3ms
[2025-12-25T07:14:10.801+0000][gc,phases   ] GC(1056)   Evacuate Collection Set: 10.5ms
[2025-12-25T07:14:10.801+0000][gc,phases   ] GC(1056)   Post Evacuate Collection Set: 1.1ms
[2025-12-25T07:14:10.801+0000][gc,phases   ] GC(1056)   Other: 0.3ms
[2025-12-25T07:14:10.802+0000][gc,heap     ] GC(1056) Eden regions: 555->0(563)
[2025-12-25T07:14:10.802+0000][gc,heap     ] GC(1056) Survivor regions: 11->7(63)
[2025-12-25T07:14:10.802+0000][gc,heap     ] GC(1056) Old regions: 244->244
[2025-12-25T07:14:10.802+0000][gc,heap     ] GC(1056) Humongous regions: 151->151
[2025-12-25T07:14:10.802+0000][gc,metaspace] GC(1056) Metaspace: 16309K(16704K)->16309K(16704K) NonClass: 14634K(14784K)->14634K(14784K) Class: 1674K(1920K)->1674K(1920K)
[2025-12-25T07:14:10.802+0000][gc          ] GC(1056) Pause Young (Normal) (G1 Evacuation Pause) 959M->401M(1024M) 14.567ms
[2025-12-25T07:14:10.802+0000][gc,cpu      ] GC(1056) User=0.08s Sys=0.01s Real=0.02s
[2025-12-25T07:14:50.224+0000][gc,start    ] GC(1057) Pause Young (Normal) (G1 Evacuation Pause)
[2025-12-25T07:14:50.224+0000][gc,task     ] GC(1057) Using 8 workers of 8 for evacuation
[2025-12-25T07:14:50.242+0000][gc,phases   ] GC(1057)   Pre Evacuate Collection Set: 1.2ms
[2025-12-25T07:14:50.242+0000][gc,phases   ] GC(1057)   Merge Heap Roots: 0.3ms
[2025-12-25T07:14:50.242+0000][gc,phases   ] GC(1057)   Evacuate Collection Set: 14.9ms
[2025-12-25T07:14:50.242+0000][gc,phases   ] GC(1057)   Post Evacuate Collection Set: 1.1ms
[2025-12-25T07:14:50.242+0000][gc,phases   ] GC(1057)   Other: 0.2ms
[2025-12-25T07:14:50.242+0000][gc,heap     ] GC(1057) Eden regions: 563->0(566)
[2025-12-25T07:14:50.242+0000][gc,heap     ] GC(1057) Survivor regions: 7->5(59)
[2025-12-25T07:14:50.242+0000][gc,heap     ] GC(1057) Old regions: 244->245
[2025-12-25T07:14:50.242+0000][gc,heap     ] GC(1057) Humongous regions: 151->151
[2025-12-25T07:14:50.242+0000][gc,metaspace] GC(1057) Metaspace: 16309K(16704K)->16309K(16704K) NonClass: 14634K(14784K)->14634K(14784K) Class: 1674K(1920K)->1674K(1920K)
[2025-12-25T07:14:50.242+0000][gc          ] GC(1057) Pause Young (Normal) (G1 Evacuation Pause) 964M->399M(1024M) 18.834ms
[2025-12-25T07:14:50.242+0000][gc,cpu      ] GC(1057) User=0.12s Sys=0.00s Real=0.02s
[2025-12-25T07:15:20.314+0000][gc,start    ] GC(1058) Pause Young (Normal) (G1 Evacuation Pause)
[2025-12-25T07:15:20.314+0000][gc,task     ] GC(1058) Using 8 workers of 8 for evacuation
[2025-12-25T07:15:20.333+0000][gc,phases   ] GC(1058)   Pre Evacuate Collection Set: 1.1ms
[2025-12-25T07:15:20.334+0000][gc,phases   ] GC(1058)   Merge Heap Roots: 0.3ms
[2025-12-25T07:15:20.334+0000][gc,phases   ] GC(1058)   Evacuate Collection Set: 15.9ms
[2025-12-25T07:15:20.334+0000][gc,phases   ] GC(1058)   Post Evacuate Collection Set: 1.7ms
[2025-12-25T07:15:20.334+0000][gc,phases   ] GC(1058)   Other: 0.2ms
[2025-12-25T07:15:20.334+0000][gc,heap     ] GC(1058) Eden regions: 566->0(564)
[2025-12-25T07:15:20.334+0000][gc,heap     ] GC(1058) Survivor regions: 5->6(57)
[2025-12-25T07:15:20.334+0000][gc,heap     ] GC(1058) Old regions: 245->245
[2025-12-25T07:15:20.334+0000][gc,heap     ] GC(1058) Humongous regions: 151->151
[2025-12-25T07:15:20.334+0000][gc,metaspace] GC(1058) Metaspace: 16309K(16704K)->16309K(16704K) NonClass: 14634K(14784K)->14634K(14784K) Class: 1674K(1920K)->1674K(1920K)
[2025-12-25T07:15:20.334+0000][gc          ] GC(1058) Pause Young (Normal) (G1 Evacuation Pause) 965M->400M(1024M) 20.318ms
[2025-12-25T07:15:20.334+0000][gc,cpu      ] GC(1058) User=0.10s Sys=0.01s Real=0.02s
[2025-12-25T07:15:50.423+0000][gc,start    ] GC(1059) Pause Young (Normal) (G1 Evacuation Pause)
[2025-12-25T07:15:50.424+0000][gc,task     ] GC(1059) Using 8 workers of 8 for evacuation
[2025-12-25T07:15:50.442+0000][gc,phases   ] GC(1059)   Pre Evacuate Collection Set: 1.0ms
[2025-12-25T07:15:50.442+0000][gc,phases   ] GC(1059)   Merge Heap Roots: 0.3ms
[2025-12-25T07:15:50.443+0000][gc,phases   ] GC(1059)   Evacuate Collection Set: 16.3ms
[2025-12-25T07:15:50.443+0000][gc,phases   ] GC(1059)   Post Evacuate Collection Set: 1.0ms
[2025-12-25T07:15:50.443+0000][gc,phases   ] GC(1059)   Other: 0.1ms
[2025-12-25T07:15:50.443+0000][gc,heap     ] GC(1059) Eden regions: 564->0(562)
[2025-12-25T07:15:50.443+0000][gc,heap     ] GC(1059) Survivor regions: 6->7(58)
[2025-12-25T07:15:50.443+0000][gc,heap     ] GC(1059) Old regions: 245->245
[2025-12-25T07:15:50.443+0000][gc,heap     ] GC(1059) Humongous regions: 151->151
[2025-12-25T07:15:50.443+0000][gc,metaspace] GC(1059) Metaspace: 16309K(16704K)->16309K(16704K) NonClass: 14634K(14784K)->14634K(14784K) Class: 1674K(1920K)->1674K(1920K)
[2025-12-25T07:15:50.443+0000][gc          ] GC(1059) Pause Young (Normal) (G1 Evacuation Pause) 964M->402M(1024M) 19.834ms
[2025-12-25T07:15:50.443+0000][gc,cpu      ] GC(1059) User=0.11s Sys=0.00s Real=0.02s
[2025-12-25T07:16:20.502+0000][gc,start    ] GC(1060) Pause Young (Normal) (G1 Evacuation Pause)
[2025-12-25T07:16:20.502+0000][gc,task     ] GC(1060) Using 8 workers of 8 for evacuation
[2025-12-25T07:16:20.512+0000][gc,phases   ] GC(1060)   Pre Evacuate Collection Set: 1.0ms
[2025-12-25T07:16:20.512+0000][gc,phases   ] GC(1060)   Merge Heap Roots: 0.3ms
[2025-12-25T07:16:20.512+0000][gc,phases   ] GC(1060)   Evacuate Collection Set: 6.8ms
[2025-12-25T07:16:20.512+0000][gc,phases   ] GC(1060)   Post Evacuate Collection Set: 1.0ms
[2025-12-25T07:16:20.512+0000][gc,phases   ] GC(1060)   Other: 0.3ms
[2025-12-25T07:16:20.512+0000][gc,heap     ] GC(1060) Eden regions: 562->0(560)
[2025-12-25T07:16:20.512+0000][gc,heap     ] GC(1060) Survivor regions: 7->8(59)
[2025-12-25T07:16:20.512+0000][gc,heap     ] GC(1060) Old regions: 245->245
[2025-12-25T07:16:20.512+0000][gc,heap     ] GC(1060) Humongous regions: 151->151
[2025-12-25T07:16:20.512+0000][gc,metaspace] GC(1060) Metaspace: 16309K(16704K)->16309K(16704K) NonClass: 14634K(14784K)->14634K(14784K) Class: 1674K(1920K)->1674K(1920K)
[2025-12-25T07:16:20.513+0000][gc          ] GC(1060) Pause Young (Normal) (G1 Evacuation Pause) 964M->403M(1024M) 10.672ms
[2025-12-25T07:16:20.513+0000][gc,cpu      ] GC(1060) User=0.06s Sys=0.00s Real=0.01s
[2025-12-25T07:16:50.572+0000][gc,start    ] GC(1061) Pause Young (Normal) (G1 Evacuation Pause)
[2025-12-25T07:16:50.572+0000][gc,task     ] GC(1061) Using 8 workers of 8 for evacuation
[2025-12-25T07:16:50.585+0000][gc,phases   ] GC(1061)   Pre Evacuate Collection Set: 1.0ms
[2025-12-25T07:16:50.585+0000][gc,phases   ] GC(1061)   Merge Heap Roots: 0.2ms
[2025-12-25T07:16:50.585+0000][gc,phases   ] GC(1061)   Evacuate Collection Set: 10.3ms
[2025-12-25T07:16:50.585+0000][gc,phases   ] GC(1061)   Post Evacuate Collection Set: 1.0ms
[2025-12-25T07:16:50.585+0000][gc,phases   ] GC(1061)   Other: 0.2ms
[2025-12-25T07:16:50.585+0000][gc,heap     ] GC(1061) Eden regions: 560->0(558)
[2025-12-25T07:16:50.585+0000][gc,heap     ] GC(1061) Survivor regions: 8->9(60)
[2025-12-25T07:16:50.585+0000][gc,heap     ] GC(1061) Old regions: 245->245
[2025-12-25T07:16:50.586+0000][gc,heap     ] GC(1061) Humongous regions: 151->151
[2025-12-25T07:16:50.586+0000][gc,metaspace] GC(1061) Metaspace: 16309K(16704K)->16309K(16704K) NonClass: 14634K(14784K)->14634K(14784K) Class: 1674K(1920K)->1674K(1920K)
[2025-12-25T07:16:50.586+0000][gc          ] GC(1061) Pause Young (Normal) (G1 Evacuation Pause) 963M->404M(1024M) 13.551ms
[2025-12-25T07:16:50.586+0000][gc,cpu      ] GC(1061) User=0.08s Sys=0.00s Real=0.02s
[2025-12-25T07:17:20.646+0000][gc,start    ] GC(1062) Pause Young (Normal) (G1 Evacuation Pause)
[2025-12-25T07:17:20.647+0000][gc,task     ] GC(1062) Using 8 workers of 8 for evacuation
[2025-12-25T07:17:20.661+0000][gc,phases   ] GC(1062)   Pre Evacuate Collection Set: 1.0ms
[2025-12-25T07:17:20.661+0000][gc,phases   ] GC(1062)   Merge Heap Roots: 0.3ms
[2025-12-25T07:17:20.662+0000][gc,phases   ] GC(1062)   Evacuate Collection Set: 12.5ms
[2025-12-25T07:17:20.662+0000][gc,phases   ] GC(1062)   Post Evacuate Collection Set: 0.9ms
[2025-12-25T07:17:20.662+0000][gc,phases   ] GC(1062)   Other: 0.1ms
[2025-12-25T07:17:20.662+0000][gc,heap     ] GC(1062) Eden regions: 558->0(555)
[2025-12-25T07:17:20.662+0000][gc,heap     ] GC(1062) Survivor regions: 9->10(61)
[2025-12-25T07:17:20.662+0000][gc,heap     ] GC(1062) Old regions: 245->246
[2025-12-25T07:17:20.662+0000][gc,heap     ] GC(1062) Humongous regions: 151->151
[2025-12-25T07:17:20.662+0000][gc,metaspace] GC(1062) Metaspace: 16309K(16704K)->16309K(16704K) NonClass: 14634K(14784K)->14634K(14784K) Class: 1674K(1920K)->1674K(1920K)
[2025-12-25T07:17:20.662+0000][gc          ] GC(1062) Pause Young (Normal) (G1 Evacuation Pause) 962M->405M(1024M) 15.907ms
[2025-12-25T07:17:20.662+0000][gc,cpu      ] GC(1062) User=0.10s Sys=0.00s Real=0.02s
[2025-12-25T07:17:50.699+0000][gc,start    ] GC(1063) Pause Young (Normal) (G1 Evacuation Pause)
[2025-12-25T07:17:50.700+0000][gc,task     ] GC(1063) Using 8 workers of 8 for evacuation
[2025-12-25T07:17:50.713+0000][gc,phases   ] GC(1063)   Pre Evacuate Collection Set: 1.0ms
[2025-12-25T07:17:50.714+0000][gc,phases   ] GC(1063)   Merge Heap Roots: 0.2ms
[2025-12-25T07:17:50.714+0000][gc,phases   ] GC(1063)   Evacuate Collection Set: 11.4ms
[2025-12-25T07:17:50.714+0000][gc,phases   ] GC(1063)   Post Evacuate Collection Set: 0.9ms
[2025-12-25T07:17:50.714+0000][gc,phases   ] GC(1063)   Other: 0.2ms
[2025-12-25T07:17:50.714+0000][gc,heap     ] GC(1063) Eden regions: 555->0(555)
[2025-12-25T07:17:50.714+0000][gc,heap     ] GC(1063) Survivor regions: 10->10(62)
[2025-12-25T07:17:50.714+0000][gc,heap     ] GC(1063) Old regions: 246->246
[2025-12-25T07:17:50.714+0000][gc,heap     ] GC(1063) Humongous regions: 151->151
[2025-12-25T07:17:50.714+0000][gc,metaspace] GC(1063) Metaspace: 16309K(16704K)->16309K(16704K) NonClass: 14634K(14784K)->14634K(14784K) Class: 1674K(1920K)->1674K(1920K)
[2025-12-25T07:17:50.714+0000][gc          ] GC(1063) Pause Young (Normal) (G1 Evacuation Pause) 960M->406M(1024M) 14.893ms
[2025-12-25T07:17:50.714+0000][gc,cpu      ] GC(1063) User=0.09s Sys=0.00s Real=0.02s
[2025-12-25T07:18:20.755+0000][gc,start    ] GC(1064) Pause Young (Normal) (G1 Evacuation Pause)
[2025-12-25T07:18:20.756+0000][gc,task     ] GC(1064) Using 8 workers of 8 for evacuation
[2025-12-25T07:18:20.770+0000][gc,phases   ] GC(1064)   Pre Evacuate Collection Set: 1.1ms
[2025-12-25T07:18:20.772+0000][gc,phases   ] GC(1064)   Merge Heap Roots: 0.3ms
[2025-12-25T07:18:20.772+0000][gc,phases   ] GC(1064)   Evacuate Collection Set: 10.6ms
[2025-12-25T07:18:20.772+0000][gc,phases   ] GC(1064)   Post Evacuate Collection Set: 2.3ms
[2025-12-25T07:18:20.772+0000][gc,phases   ] GC(1064)   Other: 0.2ms
[2025-12-25T07:18:20.772+0000][gc,heap     ] GC(1064) Eden regions: 555->0(563)
[2025-12-25T07:18:20.772+0000][gc,heap     ] GC(1064) Survivor regions: 10->6(62)
[2025-12-25T07:18:20.772+0000][gc,heap     ] GC(1064) Old regions: 246->246
[2025-12-25T07:18:20.772+0000][gc,heap     ] GC(1064) Humongous regions: 151->151
[2025-12-25T07:18:20.772+0000][gc,metaspace] GC(1064) Metaspace: 16309K(16704K)->16309K(16704K) NonClass: 14634K(14784K)->14634K(14784K) Class: 1674K(1920K)->1674K(1920K)
[2025-12-25T07:18:20.773+0000][gc          ] GC(1064) Pause Young (Normal) (G1 Evacuation Pause) 961M->402M(1024M) 18.056ms
[2025-12-25T07:18:20.773+0000][gc,cpu      ] GC(1064) User=0.07s Sys=0.00s Real=0.01s
[2025-12-25T07:19:00.272+0000][gc,start    ] GC(1065) Pause Young (Normal) (G1 Evacuation Pause)
[2025-12-25T07:19:00.273+0000][gc,task     ] GC(1065) Using 8 workers of 8 for evacuation
[2025-12-25T07:19:00.291+0000][gc,phases   ] GC(1065)   Pre Evacuate Collection Set: 1.1ms
[2025-12-25T07:19:00.291+0000][gc,phases   ] GC(1065)   Merge Heap Roots: 0.3ms
[2025-12-25T07:19:00.291+0000][gc,phases   ] GC(1065)   Evacuate Collection Set: 15.5ms
[2025-12-25T07:19:00.291+0000][gc,phases   ] GC(1065)   Post Evacuate Collection Set: 1.3ms
[2025-12-25T07:19:00.291+0000][gc,phases   ] GC(1065)   Other: 0.2ms
[2025-12-25T07:19:00.291+0000][gc,heap     ] GC(1065) Eden regions: 563->0(563)
[2025-12-25T07:19:00.291+0000][gc,heap     ] GC(1065) Survivor regions: 6->6(58)
[2025-12-25T07:19:00.291+0000][gc,heap     ] GC(1065) Old regions: 246->246
[2025-12-25T07:19:00.291+0000][gc,heap     ] GC(1065) Humongous regions: 151->151
[2025-12-25T07:19:00.291+0000][gc,metaspace] GC(1065) Metaspace: 16309K(16704K)->16309K(16704K) NonClass: 14634K(14784K)->14634K(14784K) Class: 1674K(1920K)->1674K(1920K)
[2025-12-25T07:19:00.292+0000][gc          ] GC(1065) Pause Young (Normal) (G1 Evacuation Pause) 965M->402M(1024M) 20.027ms
[2025-12-25T07:19:00.292+0000][gc,cpu      ] GC(1065) User=0.12s Sys=0.01s Real=0.02s
[2025-12-25T07:19:30.367+0000][gc,start    ] GC(1066) Pause Young (Normal) (G1 Evacuation Pause)
[2025-12-25T07:19:30.368+0000][gc,task     ] GC(1066) Using 8 workers of 8 for evacuation
[2025-12-25T07:19:30.386+0000][gc,phases   ] GC(1066)   Pre Evacuate Collection Set: 1.6ms
[2025-12-25T07:19:30.386+0000][gc,phases   ] GC(1066)   Merge Heap Roots: 0.5ms
[2025-12-25T07:19:30.386+0000][gc,phases   ] GC(1066)   Evacuate Collection Set: 15.0ms
[2025-12-25T07:19:30.386+0000][gc,phases   ] GC(1066)   Post Evacuate Collection Set: 1.0ms
[2025-12-25T07:19:30.387+0000][gc,phases   ] GC(1066)   Other: 0.1ms
[2025-12-25T07:19:30.387+0000][gc,heap     ] GC(1066) Eden regions: 563->0(560)
[2025-12-25T07:19:30.387+0000][gc,heap     ] GC(1066) Survivor regions: 6->7(58)
[2025-12-25T07:19:30.387+0000][gc,heap     ] GC(1066) Old regions: 246->247
[2025-12-25T07:19:30.387+0000][gc,heap     ] GC(1066) Humongous regions: 151->151
[2025-12-25T07:19:30.387+0000][gc,metaspace] GC(1066) Metaspace: 16309K(16704K)->16309K(16704K) NonClass: 14634K(14784K)->14634K(14784K) Class: 1674K(1920K)->1674K(1920K)
[2025-12-25T07:19:30.387+0000][gc          ] GC(1066) Pause Young (Normal) (G1 Evacuation Pause) 965M->403M(1024M) 19.440ms
[2025-12-25T07:19:30.387+0000][gc,cpu      ] GC(1066) User=0.13s Sys=0.00s Real=0.02s
[2025-12-25T07:20:00.421+0000][gc,start    ] GC(1067) Pause Young (Normal) (G1 Evacuation Pause)
[2025-12-25T07:20:00.421+0000][gc,task     ] GC(1067) Using 8 workers of 8 for evacuation
[2025-12-25T07:20:00.434+0000][gc,phases   ] GC(1067)   Pre Evacuate Collection Set: 1.0ms
[2025-12-25T07:20:00.434+0000][gc,phases   ] GC(1067)   Merge Heap Roots: 0.2ms
[2025-12-25T07:20:00.434+0000][gc,phases   ] GC(1067)   Evacuate Collection Set: 10.5ms
[2025-12-25T07:20:00.434+0000][gc,phases   ] GC(1067)   Post Evacuate Collection Set: 0.9ms
[2025-12-25T07:20:00.435+0000][gc,phases   ] GC(1067)   Other: 0.1ms
[2025-12-25T07:20:00.435+0000][gc,heap     ] GC(1067) Eden regions: 560->0(558)
[2025-12-25T07:20:00.435+0000][gc,heap     ] GC(1067) Survivor regions: 7->8(59)
[2025-12-25T07:20:00.435+0000][gc,heap     ] GC(1067) Old regions: 247->247
[2025-12-25T07:20:00.435+0000][gc,heap     ] GC(1067) Humongous regions: 151->151
[2025-12-25T07:20:00.435+0000][gc,metaspace] GC(1067) Metaspace: 16309K(16704K)->16309K(16704K) NonClass: 14634K(14784K)->14634K(14784K) Class: 1674K(1920K)->1674K(1920K)
[2025-12-25T07:20:00.435+0000][gc          ] GC(1067) Pause Young (Normal) (G1 Evacuation Pause) 963M->404M(1024M) 13.643ms
[2025-12-25T07:20:00.435+0000][gc,cpu      ] GC(1067) User=0.07s Sys=0.00s Real=0.02s
[2025-12-25T07:20:30.495+0000][gc,start    ] GC(1068) Pause Young (Normal) (G1 Evacuation Pause)
[2025-12-25T07:20:30.495+0000][gc,task     ] GC(1068) Using 8 workers of 8 for evacuation
[2025-12-25T07:20:30.510+0000][gc,phases   ] GC(1068)   Pre Evacuate Collection Set: 1.1ms
[2025-12-25T07:20:30.510+0000][gc,phases   ] GC(1068)   Merge Heap Roots: 0.2ms
[2025-12-25T07:20:30.510+0000][gc,phases   ] GC(1068)   Evacuate Collection Set: 11.8ms
[2025-12-25T07:20:30.511+0000][gc,phases   ] GC(1068)   Post Evacuate Collection Set: 2.1ms
[2025-12-25T07:20:30.511+0000][gc,phases   ] GC(1068)   Other: 0.2ms
[2025-12-25T07:20:30.511+0000][gc,heap     ] GC(1068) Eden regions: 558->0(556)
[2025-12-25T07:20:30.511+0000][gc,heap     ] GC(1068) Survivor regions: 8->9(60)
[2025-12-25T07:20:30.511+0000][gc,heap     ] GC(1068) Old regions: 247->247
[2025-12-25T07:20:30.511+0000][gc,heap     ] GC(1068) Humongous regions: 151->151
[2025-12-25T07:20:30.511+0000][gc,metaspace] GC(1068) Metaspace: 16309K(16704K)->16309K(16704K) NonClass: 14634K(14784K)->14634K(14784K) Class: 1674K(1920K)->1674K(1920K)
[2025-12-25T07:20:30.511+0000][gc          ] GC(1068) Pause Young (Normal) (G1 Evacuation Pause) 962M->405M(1024M) 16.422ms
[2025-12-25T07:20:30.511+0000][gc,cpu      ] GC(1068) User=0.10s Sys=0.00s Real=0.01s
[2025-12-25T07:21:00.555+0000][gc,start    ] GC(1069) Pause Young (Normal) (G1 Evacuation Pause)
[2025-12-25T07:21:00.556+0000][gc,task     ] GC(1069) Using 8 workers of 8 for evacuation
[2025-12-25T07:21:00.578+0000][gc,phases   ] GC(1069)   Pre Evacuate Collection Set: 1.0ms
[2025-12-25T07:21:00.578+0000][gc,phases   ] GC(1069)   Merge Heap Roots: 0.3ms
[2025-12-25T07:21:00.578+0000][gc,phases   ] GC(1069)   Evacuate Collection Set: 19.0ms
[2025-12-25T07:21:00.578+0000][gc,phases   ] GC(1069)   Post Evacuate Collection Set: 1.0ms
[2025-12-25T07:21:00.578+0000][gc,phases   ] GC(1069)   Other: 0.3ms
[2025-12-25T07:21:00.578+0000][gc,heap     ] GC(1069) Eden regions: 556->0(554)
[2025-12-25T07:21:00.578+0000][gc,heap     ] GC(1069) Survivor regions: 9->10(61)
[2025-12-25T07:21:00.578+0000][gc,heap     ] GC(1069) Old regions: 247->247
[2025-12-25T07:21:00.578+0000][gc,heap     ] GC(1069) Humongous regions: 151->151
[2025-12-25T07:21:00.578+0000][gc,metaspace] GC(1069) Metaspace: 16309K(16704K)->16309K(16704K) NonClass: 14634K(14784K)->14634K(14784K) Class: 1674K(1920K)->1674K(1920K)
[2025-12-25T07:21:00.578+0000][gc          ] GC(1069) Pause Young (Normal) (G1 Evacuation Pause) 961M->406M(1024M) 23.343ms
[2025-12-25T07:21:00.579+0000][gc,cpu      ] GC(1069) User=0.14s Sys=0.00s Real=0.02s
[2025-12-25T07:21:30.563+0000][gc,start    ] GC(1070) Pause Young (Normal) (G1 Evacuation Pause)
[2025-12-25T07:21:30.563+0000][gc,task     ] GC(1070) Using 8 workers of 8 for evacuation
[2025-12-25T07:21:30.577+0000][gc,phases   ] GC(1070)   Pre Evacuate Collection Set: 1.0ms
[2025-12-25T07:21:30.577+0000][gc,phases   ] GC(1070)   Merge Heap Roots: 0.3ms
[2025-12-25T07:21:30.577+0000][gc,phases   ] GC(1070)   Evacuate Collection Set: 11.4ms
[2025-12-25T07:21:30.577+0000][gc,phases   ] GC(1070)   Post Evacuate Collection Set: 0.9ms
[2025-12-25T07:21:30.577+0000][gc,phases   ] GC(1070)   Other: 0.2ms
[2025-12-25T07:21:30.577+0000][gc,heap     ] GC(1070) Eden regions: 554->0(554)
[2025-12-25T07:21:30.577+0000][gc,heap     ] GC(1070) Survivor regions: 10->10(62)
[2025-12-25T07:21:30.577+0000][gc,heap     ] GC(1070) Old regions: 247->247
[2025-12-25T07:21:30.577+0000][gc,heap     ] GC(1070) Humongous regions: 151->151
[2025-12-25T07:21:30.577+0000][gc,metaspace] GC(1070) Metaspace: 16309K(16704K)->16309K(16704K) NonClass: 14634K(14784K)->14634K(14784K) Class: 1674K(1920K)->1674K(1920K)
[2025-12-25T07:21:30.577+0000][gc          ] GC(1070) Pause Young (Normal) (G1 Evacuation Pause) 960M->407M(1024M) 14.774ms
[2025-12-25T07:21:30.577+0000][gc,cpu      ] GC(1070) User=0.10s Sys=0.00s Real=0.01s
[2025-12-25T07:22:00.635+0000][gc,start    ] GC(1071) Pause Young (Normal) (G1 Evacuation Pause)
[2025-12-25T07:22:00.637+0000][gc,task     ] GC(1071) Using 8 workers of 8 for evacuation
[2025-12-25T07:22:00.655+0000][gc,phases   ] GC(1071)   Pre Evacuate Collection Set: 1.0ms
[2025-12-25T07:22:00.655+0000][gc,phases   ] GC(1071)   Merge Heap Roots: 0.3ms
[2025-12-25T07:22:00.655+0000][gc,phases   ] GC(1071)   Evacuate Collection Set: 16.2ms
[2025-12-25T07:22:00.655+0000][gc,phases   ] GC(1071)   Post Evacuate Collection Set: 0.9ms
[2025-12-25T07:22:00.655+0000][gc,phases   ] GC(1071)   Other: 0.2ms
[2025-12-25T07:22:00.655+0000][gc,heap     ] GC(1071) Eden regions: 554->0(553)
[2025-12-25T07:22:00.655+0000][gc,heap     ] GC(1071) Survivor regions: 10->10(62)
[2025-12-25T07:22:00.655+0000][gc,heap     ] GC(1071) Old regions: 247->248
[2025-12-25T07:22:00.655+0000][gc,heap     ] GC(1071) Humongous regions: 151->151
[2025-12-25T07:22:00.655+0000][gc,metaspace] GC(1071) Metaspace: 16309K(16704K)->16309K(16704K) NonClass: 14634K(14784K)->14634K(14784K) Class: 1674K(1920K)->1674K(1920K)
[2025-12-25T07:22:00.655+0000][gc          ] GC(1071) Pause Young (Normal) (G1 Evacuation Pause) 961M->407M(1024M) 19.935ms
[2025-12-25T07:22:00.655+0000][gc,cpu      ] GC(1071) User=0.13s Sys=0.00s Real=0.02s
[2025-12-25T07:22:30.687+0000][gc,start    ] GC(1072) Pause Young (Normal) (G1 Evacuation Pause)
[2025-12-25T07:22:30.687+0000][gc,task     ] GC(1072) Using 8 workers of 8 for evacuation
[2025-12-25T07:22:30.704+0000][gc,phases   ] GC(1072)   Pre Evacuate Collection Set: 2.2ms
[2025-12-25T07:22:30.704+0000][gc,phases   ] GC(1072)   Merge Heap Roots: 2.5ms
[2025-12-25T07:22:30.704+0000][gc,phases   ] GC(1072)   Evacuate Collection Set: 9.9ms
[2025-12-25T07:22:30.704+0000][gc,phases   ] GC(1072)   Post Evacuate Collection Set: 2.2ms
[2025-12-25T07:22:30.704+0000][gc,phases   ] GC(1072)   Other: 0.3ms
[2025-12-25T07:22:30.705+0000][gc,heap     ] GC(1072) Eden regions: 553->0(559)
[2025-12-25T07:22:30.705+0000][gc,heap     ] GC(1072) Survivor regions: 10->7(62)
[2025-12-25T07:22:30.705+0000][gc,heap     ] GC(1072) Old regions: 248->248
[2025-12-25T07:22:30.705+0000][gc,heap     ] GC(1072) Humongous regions: 151->151
[2025-12-25T07:22:30.705+0000][gc,metaspace] GC(1072) Metaspace: 16310K(16704K)->16310K(16704K) NonClass: 14635K(14784K)->14635K(14784K) Class: 1674K(1920K)->1674K(1920K)
[2025-12-25T07:22:30.705+0000][gc          ] GC(1072) Pause Young (Normal) (G1 Evacuation Pause) 960M->404M(1024M) 18.158ms
[2025-12-25T07:22:30.705+0000][gc,cpu      ] GC(1072) User=0.11s Sys=0.00s Real=0.02s
[2025-12-25T07:23:00.772+0000][gc,start    ] GC(1073) Pause Young (Normal) (G1 Evacuation Pause)
[2025-12-25T07:23:00.773+0000][gc,task     ] GC(1073) Using 8 workers of 8 for evacuation
[2025-12-25T07:23:00.786+0000][gc,phases   ] GC(1073)   Pre Evacuate Collection Set: 1.1ms
[2025-12-25T07:23:00.786+0000][gc,phases   ] GC(1073)   Merge Heap Roots: 0.3ms
[2025-12-25T07:23:00.787+0000][gc,phases   ] GC(1073)   Evacuate Collection Set: 11.3ms
[2025-12-25T07:23:00.787+0000][gc,phases   ] GC(1073)   Post Evacuate Collection Set: 0.9ms
[2025-12-25T07:23:00.787+0000][gc,phases   ] GC(1073)   Other: 0.2ms
[2025-12-25T07:23:00.787+0000][gc,heap     ] GC(1073) Eden regions: 559->0(559)
[2025-12-25T07:23:00.787+0000][gc,heap     ] GC(1073) Survivor regions: 7->7(59)
[2025-12-25T07:23:00.787+0000][gc,heap     ] GC(1073) Old regions: 248->248
[2025-12-25T07:23:00.787+0000][gc,heap     ] GC(1073) Humongous regions: 151->151
[2025-12-25T07:23:00.787+0000][gc,metaspace] GC(1073) Metaspace: 16310K(16704K)->16310K(16704K) NonClass: 14635K(14784K)->14635K(14784K) Class: 1674K(1920K)->1674K(1920K)
[2025-12-25T07:23:00.787+0000][gc          ] GC(1073) Pause Young (Normal) (G1 Evacuation Pause) 963M->404M(1024M) 14.880ms
[2025-12-25T07:23:00.787+0000][gc,cpu      ] GC(1073) User=0.09s Sys=0.00s Real=0.01s
[2025-12-25T07:23:40.279+0000][gc,start    ] GC(1074) Pause Young (Normal) (G1 Evacuation Pause)
[2025-12-25T07:23:40.279+0000][gc,task     ] GC(1074) Using 8 workers of 8 for evacuation
[2025-12-25T07:23:40.292+0000][gc,phases   ] GC(1074)   Pre Evacuate Collection Set: 1.0ms
[2025-12-25T07:23:40.292+0000][gc,phases   ] GC(1074)   Merge Heap Roots: 0.3ms
[2025-12-25T07:23:40.292+0000][gc,phases   ] GC(1074)   Evacuate Collection Set: 9.8ms
[2025-12-25T07:23:40.292+0000][gc,phases   ] GC(1074)   Post Evacuate Collection Set: 1.3ms
[2025-12-25T07:23:40.292+0000][gc,phases   ] GC(1074)   Other: 0.3ms
[2025-12-25T07:23:40.292+0000][gc,heap     ] GC(1074) Eden regions: 559->0(563)
[2025-12-25T07:23:40.292+0000][gc,heap     ] GC(1074) Survivor regions: 7->5(59)
[2025-12-25T07:23:40.292+0000][gc,heap     ] GC(1074) Old regions: 248->248
[2025-12-25T07:23:40.292+0000][gc,heap     ] GC(1074) Humongous regions: 151->151
[2025-12-25T07:23:40.292+0000][gc,metaspace] GC(1074) Metaspace: 16310K(16704K)->16310K(16704K) NonClass: 14635K(14784K)->14635K(14784K) Class: 1674K(1920K)->1674K(1920K)
[2025-12-25T07:23:40.293+0000][gc          ] GC(1074) Pause Young (Normal) (G1 Evacuation Pause) 963M->403M(1024M) 13.853ms
[2025-12-25T07:23:40.293+0000][gc,cpu      ] GC(1074) User=0.08s Sys=0.01s Real=0.01s
[2025-12-25T07:24:10.354+0000][gc,start    ] GC(1075) Pause Young (Normal) (G1 Evacuation Pause)
[2025-12-25T07:24:10.355+0000][gc,task     ] GC(1075) Using 8 workers of 8 for evacuation
[2025-12-25T07:24:10.368+0000][gc,phases   ] GC(1075)   Pre Evacuate Collection Set: 1.0ms
[2025-12-25T07:24:10.368+0000][gc,phases   ] GC(1075)   Merge Heap Roots: 0.3ms
[2025-12-25T07:24:10.368+0000][gc,phases   ] GC(1075)   Evacuate Collection Set: 10.0ms
[2025-12-25T07:24:10.369+0000][gc,phases   ] GC(1075)   Post Evacuate Collection Set: 1.4ms
[2025-12-25T07:24:10.369+0000][gc,phases   ] GC(1075)   Other: 0.4ms
[2025-12-25T07:24:10.369+0000][gc,heap     ] GC(1075) Eden regions: 563->0(561)
[2025-12-25T07:24:10.369+0000][gc,heap     ] GC(1075) Survivor regions: 5->6(57)
[2025-12-25T07:24:10.369+0000][gc,heap     ] GC(1075) Old regions: 248->248
[2025-12-25T07:24:10.369+0000][gc,heap     ] GC(1075) Humongous regions: 151->151
[2025-12-25T07:24:10.369+0000][gc,metaspace] GC(1075) Metaspace: 16310K(16704K)->16310K(16704K) NonClass: 14635K(14784K)->14635K(14784K) Class: 1674K(1920K)->1674K(1920K)
[2025-12-25T07:24:10.369+0000][gc          ] GC(1075) Pause Young (Normal) (G1 Evacuation Pause) 966M->404M(1024M) 15.046ms
[2025-12-25T07:24:10.369+0000][gc,cpu      ] GC(1075) User=0.09s Sys=0.00s Real=0.02s
[2025-12-25T07:24:40.429+0000][gc,start    ] GC(1076) Pause Young (Normal) (G1 Evacuation Pause)
[2025-12-25T07:24:40.430+0000][gc,task     ] GC(1076) Using 8 workers of 8 for evacuation
[2025-12-25T07:24:40.450+0000][gc,phases   ] GC(1076)   Pre Evacuate Collection Set: 1.0ms
[2025-12-25T07:24:40.450+0000][gc,phases   ] GC(1076)   Merge Heap Roots: 0.3ms
[2025-12-25T07:24:40.450+0000][gc,phases   ] GC(1076)   Evacuate Collection Set: 17.4ms
[2025-12-25T07:24:40.450+0000][gc,phases   ] GC(1076)   Post Evacuate Collection Set: 1.0ms
[2025-12-25T07:24:40.450+0000][gc,phases   ] GC(1076)   Other: 0.3ms
[2025-12-25T07:24:40.450+0000][gc,heap     ] GC(1076) Eden regions: 561->0(558)
[2025-12-25T07:24:40.450+0000][gc,heap     ] GC(1076) Survivor regions: 6->7(58)
[2025-12-25T07:24:40.450+0000][gc,heap     ] GC(1076) Old regions: 248->249
[2025-12-25T07:24:40.450+0000][gc,heap     ] GC(1076) Humongous regions: 151->151
[2025-12-25T07:24:40.450+0000][gc,metaspace] GC(1076) Metaspace: 16310K(16704K)->16310K(16704K) NonClass: 14635K(14784K)->14635K(14784K) Class: 1674K(1920K)->1674K(1920K)
[2025-12-25T07:24:40.450+0000][gc          ] GC(1076) Pause Young (Normal) (G1 Evacuation Pause) 965M->405M(1024M) 21.002ms
[2025-12-25T07:24:40.450+0000][gc,cpu      ] GC(1076) User=0.11s Sys=0.00s Real=0.02s
[2025-12-25T07:25:10.492+0000][gc,start    ] GC(1077) Pause Young (Normal) (G1 Evacuation Pause)
[2025-12-25T07:25:10.493+0000][gc,task     ] GC(1077) Using 8 workers of 8 for evacuation
[2025-12-25T07:25:10.508+0000][gc,phases   ] GC(1077)   Pre Evacuate Collection Set: 1.0ms
[2025-12-25T07:25:10.508+0000][gc,phases   ] GC(1077)   Merge Heap Roots: 1.0ms
[2025-12-25T07:25:10.508+0000][gc,phases   ] GC(1077)   Evacuate Collection Set: 12.0ms
[2025-12-25T07:25:10.508+0000][gc,phases   ] GC(1077)   Post Evacuate Collection Set: 1.2ms
[2025-12-25T07:25:10.509+0000][gc,phases   ] GC(1077)   Other: 0.6ms
[2025-12-25T07:25:10.509+0000][gc,heap     ] GC(1077) Eden regions: 558->0(558)
[2025-12-25T07:25:10.509+0000][gc,heap     ] GC(1077) Survivor regions: 7->7(59)
[2025-12-25T07:25:10.509+0000][gc,heap     ] GC(1077) Old regions: 249->249
[2025-12-25T07:25:10.509+0000][gc,heap     ] GC(1077) Humongous regions: 151->151
[2025-12-25T07:25:10.509+0000][gc,metaspace] GC(1077) Metaspace: 16310K(16704K)->16310K(16704K) NonClass: 14635K(14784K)->14635K(14784K) Class: 1674K(1920K)->1674K(1920K)
[2025-12-25T07:25:10.509+0000][gc          ] GC(1077) Pause Young (Normal) (G1 Evacuation Pause) 963M->406M(1024M) 16.953ms
[2025-12-25T07:25:10.509+0000][gc,cpu      ] GC(1077) User=0.11s Sys=0.00s Real=0.02s
[2025-12-25T07:25:40.564+0000][gc,start    ] GC(1078) Pause Young (Normal) (G1 Evacuation Pause)
[2025-12-25T07:25:40.564+0000][gc,task     ] GC(1078) Using 8 workers of 8 for evacuation
[2025-12-25T07:25:40.575+0000][gc,phases   ] GC(1078)   Pre Evacuate Collection Set: 1.0ms
[2025-12-25T07:25:40.575+0000][gc,phases   ] GC(1078)   Merge Heap Roots: 0.3ms
[2025-12-25T07:25:40.575+0000][gc,phases   ] GC(1078)   Evacuate Collection Set: 7.9ms
[2025-12-25T07:25:40.575+0000][gc,phases   ] GC(1078)   Post Evacuate Collection Set: 1.0ms
[2025-12-25T07:25:40.575+0000][gc,phases   ] GC(1078)   Other: 0.3ms
[2025-12-25T07:25:40.575+0000][gc,heap     ] GC(1078) Eden regions: 558->0(556)
[2025-12-25T07:25:40.575+0000][gc,heap     ] GC(1078) Survivor regions: 7->8(59)
[2025-12-25T07:25:40.575+0000][gc,heap     ] GC(1078) Old regions: 249->249
[2025-12-25T07:25:40.575+0000][gc,heap     ] GC(1078) Humongous regions: 151->151
[2025-12-25T07:25:40.575+0000][gc,metaspace] GC(1078) Metaspace: 16310K(16704K)->16310K(16704K) NonClass: 14635K(14784K)->14635K(14784K) Class: 1674K(1920K)->1674K(1920K)
[2025-12-25T07:25:40.575+0000][gc          ] GC(1078) Pause Young (Normal) (G1 Evacuation Pause) 964M->407M(1024M) 11.815ms
[2025-12-25T07:25:40.576+0000][gc,cpu      ] GC(1078) User=0.06s Sys=0.00s Real=0.01s
[2025-12-25T07:26:10.625+0000][gc,start    ] GC(1079) Pause Young (Normal) (G1 Evacuation Pause)
[2025-12-25T07:26:10.625+0000][gc,task     ] GC(1079) Using 8 workers of 8 for evacuation
[2025-12-25T07:26:10.645+0000][gc,phases   ] GC(1079)   Pre Evacuate Collection Set: 1.0ms
[2025-12-25T07:26:10.645+0000][gc,phases   ] GC(1079)   Merge Heap Roots: 0.3ms
[2025-12-25T07:26:10.645+0000][gc,phases   ] GC(1079)   Evacuate Collection Set: 16.7ms
[2025-12-25T07:26:10.645+0000][gc,phases   ] GC(1079)   Post Evacuate Collection Set: 1.0ms
[2025-12-25T07:26:10.645+0000][gc,phases   ] GC(1079)   Other: 0.3ms
[2025-12-25T07:26:10.645+0000][gc,heap     ] GC(1079) Eden regions: 556->0(554)
[2025-12-25T07:26:10.645+0000][gc,heap     ] GC(1079) Survivor regions: 8->9(60)
[2025-12-25T07:26:10.645+0000][gc,heap     ] GC(1079) Old regions: 249->249
[2025-12-25T07:26:10.645+0000][gc,heap     ] GC(1079) Humongous regions: 151->151
[2025-12-25T07:26:10.645+0000][gc,metaspace] GC(1079) Metaspace: 16310K(16704K)->16310K(16704K) NonClass: 14635K(14784K)->14635K(14784K) Class: 1674K(1920K)->1674K(1920K)
[2025-12-25T07:26:10.645+0000][gc          ] GC(1079) Pause Young (Normal) (G1 Evacuation Pause) 963M->407M(1024M) 20.659ms
[2025-12-25T07:26:10.645+0000][gc,cpu      ] GC(1079) User=0.14s Sys=0.00s Real=0.02s
[2025-12-25T07:26:40.660+0000][gc,start    ] GC(1080) Pause Young (Normal) (G1 Evacuation Pause)
[2025-12-25T07:26:40.660+0000][gc,task     ] GC(1080) Using 8 workers of 8 for evacuation
[2025-12-25T07:26:40.677+0000][gc,phases   ] GC(1080)   Pre Evacuate Collection Set: 1.0ms
[2025-12-25T07:26:40.677+0000][gc,phases   ] GC(1080)   Merge Heap Roots: 0.3ms
[2025-12-25T07:26:40.677+0000][gc,phases   ] GC(1080)   Evacuate Collection Set: 14.7ms
[2025-12-25T07:26:40.677+0000][gc,phases   ] GC(1080)   Post Evacuate Collection Set: 1.0ms
[2025-12-25T07:26:40.677+0000][gc,phases   ] GC(1080)   Other: 0.2ms
[2025-12-25T07:26:40.677+0000][gc,heap     ] GC(1080) Eden regions: 554->0(561)
[2025-12-25T07:26:40.677+0000][gc,heap     ] GC(1080) Survivor regions: 9->5(61)
[2025-12-25T07:26:40.677+0000][gc,heap     ] GC(1080) Old regions: 249->250
[2025-12-25T07:26:40.677+0000][gc,heap     ] GC(1080) Humongous regions: 151->151
[2025-12-25T07:26:40.677+0000][gc,metaspace] GC(1080) Metaspace: 16310K(16704K)->16310K(16704K) NonClass: 14635K(14784K)->14635K(14784K) Class: 1674K(1920K)->1674K(1920K)
[2025-12-25T07:26:40.677+0000][gc          ] GC(1080) Pause Young (Normal) (G1 Evacuation Pause) 961M->404M(1024M) 17.929ms
[2025-12-25T07:26:40.678+0000][gc,cpu      ] GC(1080) User=0.11s Sys=0.00s Real=0.02s
[2025-12-25T07:27:10.711+0000][gc,start    ] GC(1081) Pause Young (Normal) (G1 Evacuation Pause)
[2025-12-25T07:27:10.712+0000][gc,task     ] GC(1081) Using 8 workers of 8 for evacuation
[2025-12-25T07:27:10.721+0000][gc,phases   ] GC(1081)   Pre Evacuate Collection Set: 1.0ms
[2025-12-25T07:27:10.721+0000][gc,phases   ] GC(1081)   Merge Heap Roots: 0.2ms
[2025-12-25T07:27:10.721+0000][gc,phases   ] GC(1081)   Evacuate Collection Set: 5.2ms
[2025-12-25T07:27:10.721+0000][gc,phases   ] GC(1081)   Post Evacuate Collection Set: 2.1ms
[2025-12-25T07:27:10.721+0000][gc,phases   ] GC(1081)   Other: 0.3ms
[2025-12-25T07:27:10.721+0000][gc,heap     ] GC(1081) Eden regions: 561->0(561)
[2025-12-25T07:27:10.721+0000][gc,heap     ] GC(1081) Survivor regions: 5->5(57)
[2025-12-25T07:27:10.721+0000][gc,heap     ] GC(1081) Old regions: 250->250
[2025-12-25T07:27:10.721+0000][gc,heap     ] GC(1081) Humongous regions: 151->151
[2025-12-25T07:27:10.721+0000][gc,metaspace] GC(1081) Metaspace: 16310K(16704K)->16310K(16704K) NonClass: 14635K(14784K)->14635K(14784K) Class: 1674K(1920K)->1674K(1920K)
[2025-12-25T07:27:10.721+0000][gc          ] GC(1081) Pause Young (Normal) (G1 Evacuation Pause) 965M->404M(1024M) 10.027ms
[2025-12-25T07:27:10.721+0000][gc,cpu      ] GC(1081) User=0.05s Sys=0.00s Real=0.01s
[2025-12-25T07:27:50.248+0000][gc,start    ] GC(1082) Pause Young (Normal) (G1 Evacuation Pause)
[2025-12-25T07:27:50.249+0000][gc,task     ] GC(1082) Using 8 workers of 8 for evacuation
[2025-12-25T07:27:50.261+0000][gc,phases   ] GC(1082)   Pre Evacuate Collection Set: 1.2ms
[2025-12-25T07:27:50.261+0000][gc,phases   ] GC(1082)   Merge Heap Roots: 0.4ms
[2025-12-25T07:27:50.261+0000][gc,phases   ] GC(1082)   Evacuate Collection Set: 9.1ms
[2025-12-25T07:27:50.261+0000][gc,phases   ] GC(1082)   Post Evacuate Collection Set: 1.2ms
[2025-12-25T07:27:50.262+0000][gc,phases   ] GC(1082)   Other: 0.3ms
[2025-12-25T07:27:50.262+0000][gc,heap     ] GC(1082) Eden regions: 561->0(563)
[2025-12-25T07:27:50.262+0000][gc,heap     ] GC(1082) Survivor regions: 5->4(57)
[2025-12-25T07:27:50.262+0000][gc,heap     ] GC(1082) Old regions: 250->250
[2025-12-25T07:27:50.262+0000][gc,heap     ] GC(1082) Humongous regions: 151->151
[2025-12-25T07:27:50.262+0000][gc,metaspace] GC(1082) Metaspace: 16310K(16704K)->16310K(16704K) NonClass: 14635K(14784K)->14635K(14784K) Class: 1674K(1920K)->1674K(1920K)
[2025-12-25T07:27:50.262+0000][gc          ] GC(1082) Pause Young (Normal) (G1 Evacuation Pause) 965M->403M(1024M) 13.415ms
[2025-12-25T07:27:50.262+0000][gc,cpu      ] GC(1082) User=0.08s Sys=0.00s Real=0.01s
[2025-12-25T07:28:20.355+0000][gc,start    ] GC(1083) Pause Young (Normal) (G1 Evacuation Pause)
[2025-12-25T07:28:20.355+0000][gc,task     ] GC(1083) Using 8 workers of 8 for evacuation
[2025-12-25T07:28:20.365+0000][gc,phases   ] GC(1083)   Pre Evacuate Collection Set: 1.1ms
[2025-12-25T07:28:20.365+0000][gc,phases   ] GC(1083)   Merge Heap Roots: 0.2ms
[2025-12-25T07:28:20.365+0000][gc,phases   ] GC(1083)   Evacuate Collection Set: 6.8ms
[2025-12-25T07:28:20.365+0000][gc,phases   ] GC(1083)   Post Evacuate Collection Set: 1.2ms
[2025-12-25T07:28:20.365+0000][gc,phases   ] GC(1083)   Other: 0.3ms
[2025-12-25T07:28:20.365+0000][gc,heap     ] GC(1083) Eden regions: 563->0(561)
[2025-12-25T07:28:20.365+0000][gc,heap     ] GC(1083) Survivor regions: 4->5(56)
[2025-12-25T07:28:20.365+0000][gc,heap     ] GC(1083) Old regions: 250->250
[2025-12-25T07:28:20.365+0000][gc,heap     ] GC(1083) Humongous regions: 151->151
[2025-12-25T07:28:20.365+0000][gc,metaspace] GC(1083) Metaspace: 16310K(16704K)->16310K(16704K) NonClass: 14635K(14784K)->14635K(14784K) Class: 1674K(1920K)->1674K(1920K)
[2025-12-25T07:28:20.365+0000][gc          ] GC(1083) Pause Young (Normal) (G1 Evacuation Pause) 966M->404M(1024M) 10.747ms
[2025-12-25T07:28:20.366+0000][gc,cpu      ] GC(1083) User=0.06s Sys=0.00s Real=0.02s
[2025-12-25T07:28:50.407+0000][gc,start    ] GC(1084) Pause Young (Normal) (G1 Evacuation Pause)
[2025-12-25T07:28:50.408+0000][gc,task     ] GC(1084) Using 8 workers of 8 for evacuation
[2025-12-25T07:28:50.420+0000][gc,phases   ] GC(1084)   Pre Evacuate Collection Set: 1.0ms
[2025-12-25T07:28:50.420+0000][gc,phases   ] GC(1084)   Merge Heap Roots: 0.2ms
[2025-12-25T07:28:50.420+0000][gc,phases   ] GC(1084)   Evacuate Collection Set: 10.1ms
[2025-12-25T07:28:50.420+0000][gc,phases   ] GC(1084)   Post Evacuate Collection Set: 1.0ms
[2025-12-25T07:28:50.420+0000][gc,phases   ] GC(1084)   Other: 0.3ms
[2025-12-25T07:28:50.420+0000][gc,heap     ] GC(1084) Eden regions: 561->0(559)
[2025-12-25T07:28:50.420+0000][gc,heap     ] GC(1084) Survivor regions: 5->6(57)
[2025-12-25T07:28:50.420+0000][gc,heap     ] GC(1084) Old regions: 250->250
[2025-12-25T07:28:50.421+0000][gc,heap     ] GC(1084) Humongous regions: 151->151
[2025-12-25T07:28:50.421+0000][gc,metaspace] GC(1084) Metaspace: 16310K(16704K)->16310K(16704K) NonClass: 14635K(14784K)->14635K(14784K) Class: 1674K(1920K)->1674K(1920K)
[2025-12-25T07:28:50.421+0000][gc          ] GC(1084) Pause Young (Normal) (G1 Evacuation Pause) 965M->406M(1024M) 13.579ms
[2025-12-25T07:28:50.421+0000][gc,cpu      ] GC(1084) User=0.08s Sys=0.00s Real=0.01s
[2025-12-25T07:29:20.561+0000][gc,start    ] GC(1085) Pause Young (Normal) (G1 Evacuation Pause)
[2025-12-25T07:29:20.561+0000][gc,task     ] GC(1085) Using 8 workers of 8 for evacuation
[2025-12-25T07:29:20.573+0000][gc,phases   ] GC(1085)   Pre Evacuate Collection Set: 1.4ms
[2025-12-25T07:29:20.573+0000][gc,phases   ] GC(1085)   Merge Heap Roots: 0.3ms
[2025-12-25T07:29:20.573+0000][gc,phases   ] GC(1085)   Evacuate Collection Set: 6.7ms
[2025-12-25T07:29:20.573+0000][gc,phases   ] GC(1085)   Post Evacuate Collection Set: 3.0ms
[2025-12-25T07:29:20.573+0000][gc,phases   ] GC(1085)   Other: 0.2ms
[2025-12-25T07:29:20.573+0000][gc,heap     ] GC(1085) Eden regions: 559->0(557)
[2025-12-25T07:29:20.573+0000][gc,heap     ] GC(1085) Survivor regions: 6->7(58)
[2025-12-25T07:29:20.574+0000][gc,heap     ] GC(1085) Old regions: 250->250
[2025-12-25T07:29:20.574+0000][gc,heap     ] GC(1085) Humongous regions: 151->151
[2025-12-25T07:29:20.574+0000][gc,metaspace] GC(1085) Metaspace: 16310K(16704K)->16310K(16704K) NonClass: 14635K(14784K)->14635K(14784K) Class: 1674K(1920K)->1674K(1920K)
[2025-12-25T07:29:20.574+0000][gc          ] GC(1085) Pause Young (Normal) (G1 Evacuation Pause) 965M->407M(1024M) 12.808ms
[2025-12-25T07:29:20.574+0000][gc,cpu      ] GC(1085) User=0.06s Sys=0.01s Real=0.01s
[2025-12-25T07:29:50.524+0000][gc,start    ] GC(1086) Pause Young (Normal) (G1 Evacuation Pause)
[2025-12-25T07:29:50.525+0000][gc,task     ] GC(1086) Using 8 workers of 8 for evacuation
[2025-12-25T07:29:50.542+0000][gc,phases   ] GC(1086)   Pre Evacuate Collection Set: 1.0ms
[2025-12-25T07:29:50.542+0000][gc,phases   ] GC(1086)   Merge Heap Roots: 0.2ms
[2025-12-25T07:29:50.542+0000][gc,phases   ] GC(1086)   Evacuate Collection Set: 14.9ms
[2025-12-25T07:29:50.542+0000][gc,phases   ] GC(1086)   Post Evacuate Collection Set: 1.0ms
[2025-12-25T07:29:50.542+0000][gc,phases   ] GC(1086)   Other: 0.2ms
[2025-12-25T07:29:50.542+0000][gc,heap     ] GC(1086) Eden regions: 557->0(555)
[2025-12-25T07:29:50.543+0000][gc,heap     ] GC(1086) Survivor regions: 7->8(59)
[2025-12-25T07:29:50.543+0000][gc,heap     ] GC(1086) Old regions: 250->250
[2025-12-25T07:29:50.543+0000][gc,heap     ] GC(1086) Humongous regions: 151->151
[2025-12-25T07:29:50.543+0000][gc,metaspace] GC(1086) Metaspace: 16310K(16704K)->16310K(16704K) NonClass: 14635K(14784K)->14635K(14784K) Class: 1674K(1920K)->1674K(1920K)
[2025-12-25T07:29:50.543+0000][gc          ] GC(1086) Pause Young (Normal) (G1 Evacuation Pause) 964M->408M(1024M) 18.349ms
[2025-12-25T07:29:50.543+0000][gc,cpu      ] GC(1086) User=0.12s Sys=0.00s Real=0.01s
[2025-12-25T07:30:20.603+0000][gc,start    ] GC(1087) Pause Young (Normal) (G1 Evacuation Pause)
[2025-12-25T07:30:20.604+0000][gc,task     ] GC(1087) Using 8 workers of 8 for evacuation
[2025-12-25T07:30:20.620+0000][gc,phases   ] GC(1087)   Pre Evacuate Collection Set: 4.4ms
[2025-12-25T07:30:20.621+0000][gc,phases   ] GC(1087)   Merge Heap Roots: 0.3ms
[2025-12-25T07:30:20.621+0000][gc,phases   ] GC(1087)   Evacuate Collection Set: 10.9ms
[2025-12-25T07:30:20.621+0000][gc,phases   ] GC(1087)   Post Evacuate Collection Set: 0.9ms
[2025-12-25T07:30:20.621+0000][gc,phases   ] GC(1087)   Other: 0.3ms
[2025-12-25T07:30:20.621+0000][gc,heap     ] GC(1087) Eden regions: 555->0(553)
[2025-12-25T07:30:20.621+0000][gc,heap     ] GC(1087) Survivor regions: 8->9(60)
[2025-12-25T07:30:20.621+0000][gc,heap     ] GC(1087) Old regions: 250->250
[2025-12-25T07:30:20.621+0000][gc,heap     ] GC(1087) Humongous regions: 151->151
[2025-12-25T07:30:20.621+0000][gc,metaspace] GC(1087) Metaspace: 16310K(16704K)->16310K(16704K) NonClass: 14635K(14784K)->14635K(14784K) Class: 1674K(1920K)->1674K(1920K)
[2025-12-25T07:30:20.621+0000][gc          ] GC(1087) Pause Young (Normal) (G1 Evacuation Pause) 963M->409M(1024M) 18.406ms
[2025-12-25T07:30:20.621+0000][gc,cpu      ] GC(1087) User=0.09s Sys=0.00s Real=0.02s
[2025-12-25T07:30:50.472+0000][gc,start    ] GC(1088) Pause Young (Normal) (G1 Evacuation Pause)
[2025-12-25T07:30:50.473+0000][gc,task     ] GC(1088) Using 8 workers of 8 for evacuation
[2025-12-25T07:30:50.488+0000][gc,phases   ] GC(1088)   Pre Evacuate Collection Set: 1.8ms
[2025-12-25T07:30:50.489+0000][gc,phases   ] GC(1088)   Merge Heap Roots: 0.2ms
[2025-12-25T07:30:50.489+0000][gc,phases   ] GC(1088)   Evacuate Collection Set: 11.4ms
[2025-12-25T07:30:50.489+0000][gc,phases   ] GC(1088)   Post Evacuate Collection Set: 2.0ms
[2025-12-25T07:30:50.489+0000][gc,phases   ] GC(1088)   Other: 0.3ms
[2025-12-25T07:30:50.489+0000][gc,heap     ] GC(1088) Eden regions: 553->0(551)
[2025-12-25T07:30:50.489+0000][gc,heap     ] GC(1088) Survivor regions: 9->10(61)
[2025-12-25T07:30:50.489+0000][gc,heap     ] GC(1088) Old regions: 250->250
[2025-12-25T07:30:50.489+0000][gc,heap     ] GC(1088) Humongous regions: 151->151
[2025-12-25T07:30:50.489+0000][gc,metaspace] GC(1088) Metaspace: 16310K(16704K)->16310K(16704K) NonClass: 14635K(14784K)->14635K(14784K) Class: 1674K(1920K)->1674K(1920K)
[2025-12-25T07:30:50.489+0000][gc          ] GC(1088) Pause Young (Normal) (G1 Evacuation Pause) 962M->410M(1024M) 17.196ms
[2025-12-25T07:30:50.489+0000][gc,cpu      ] GC(1088) User=0.11s Sys=0.00s Real=0.02s
[2025-12-25T07:31:20.538+0000][gc,start    ] GC(1089) Pause Young (Normal) (G1 Evacuation Pause)
[2025-12-25T07:31:20.538+0000][gc,task     ] GC(1089) Using 8 workers of 8 for evacuation
[2025-12-25T07:31:20.550+0000][gc,phases   ] GC(1089)   Pre Evacuate Collection Set: 5.5ms
[2025-12-25T07:31:20.551+0000][gc,phases   ] GC(1089)   Merge Heap Roots: 0.2ms
[2025-12-25T07:31:20.551+0000][gc,phases   ] GC(1089)   Evacuate Collection Set: 5.1ms
[2025-12-25T07:31:20.551+0000][gc,phases   ] GC(1089)   Post Evacuate Collection Set: 0.9ms
[2025-12-25T07:31:20.551+0000][gc,phases   ] GC(1089)   Other: 0.3ms
[2025-12-25T07:31:20.551+0000][gc,heap     ] GC(1089) Eden regions: 551->0(557)
[2025-12-25T07:31:20.551+0000][gc,heap     ] GC(1089) Survivor regions: 10->7(62)
[2025-12-25T07:31:20.551+0000][gc,heap     ] GC(1089) Old regions: 250->250
[2025-12-25T07:31:20.551+0000][gc,heap     ] GC(1089) Humongous regions: 151->151
[2025-12-25T07:31:20.551+0000][gc,metaspace] GC(1089) Metaspace: 16310K(16704K)->16310K(16704K) NonClass: 14635K(14784K)->14635K(14784K) Class: 1674K(1920K)->1674K(1920K)
[2025-12-25T07:31:20.551+0000][gc          ] GC(1089) Pause Young (Normal) (G1 Evacuation Pause) 961M->407M(1024M) 13.142ms
[2025-12-25T07:31:20.551+0000][gc,cpu      ] GC(1089) User=0.07s Sys=0.00s Real=0.01s
[2025-12-25T07:31:50.534+0000][gc,start    ] GC(1090) Pause Young (Normal) (G1 Evacuation Pause)
[2025-12-25T07:31:50.534+0000][gc,task     ] GC(1090) Using 8 workers of 8 for evacuation
[2025-12-25T07:31:50.544+0000][gc,phases   ] GC(1090)   Pre Evacuate Collection Set: 0.9ms
[2025-12-25T07:31:50.544+0000][gc,phases   ] GC(1090)   Merge Heap Roots: 0.2ms
[2025-12-25T07:31:50.544+0000][gc,phases   ] GC(1090)   Evacuate Collection Set: 7.3ms
[2025-12-25T07:31:50.544+0000][gc,phases   ] GC(1090)   Post Evacuate Collection Set: 0.8ms
[2025-12-25T07:31:50.544+0000][gc,phases   ] GC(1090)   Other: 0.2ms
[2025-12-25T07:31:50.544+0000][gc,heap     ] GC(1090) Eden regions: 557->0(557)
[2025-12-25T07:31:50.544+0000][gc,heap     ] GC(1090) Survivor regions: 7->7(59)
[2025-12-25T07:31:50.544+0000][gc,heap     ] GC(1090) Old regions: 250->250
[2025-12-25T07:31:50.544+0000][gc,heap     ] GC(1090) Humongous regions: 151->151
[2025-12-25T07:31:50.544+0000][gc,metaspace] GC(1090) Metaspace: 16310K(16704K)->16310K(16704K) NonClass: 14635K(14784K)->14635K(14784K) Class: 1674K(1920K)->1674K(1920K)
[2025-12-25T07:31:50.544+0000][gc          ] GC(1090) Pause Young (Normal) (G1 Evacuation Pause) 964M->407M(1024M) 10.579ms
[2025-12-25T07:31:50.544+0000][gc,cpu      ] GC(1090) User=0.06s Sys=0.01s Real=0.01s
[2025-12-25T07:32:30.086+0000][gc,start    ] GC(1091) Pause Young (Normal) (G1 Evacuation Pause)
[2025-12-25T07:32:30.087+0000][gc,task     ] GC(1091) Using 8 workers of 8 for evacuation
[2025-12-25T07:32:30.101+0000][gc,phases   ] GC(1091)   Pre Evacuate Collection Set: 1.0ms
[2025-12-25T07:32:30.101+0000][gc,phases   ] GC(1091)   Merge Heap Roots: 0.2ms
[2025-12-25T07:32:30.101+0000][gc,phases   ] GC(1091)   Evacuate Collection Set: 10.4ms
[2025-12-25T07:32:30.101+0000][gc,phases   ] GC(1091)   Post Evacuate Collection Set: 2.4ms
[2025-12-25T07:32:30.101+0000][gc,phases   ] GC(1091)   Other: 0.2ms
[2025-12-25T07:32:30.101+0000][gc,heap     ] GC(1091) Eden regions: 557->0(558)
[2025-12-25T07:32:30.101+0000][gc,heap     ] GC(1091) Survivor regions: 7->6(59)
[2025-12-25T07:32:30.101+0000][gc,heap     ] GC(1091) Old regions: 250->251
[2025-12-25T07:32:30.101+0000][gc,heap     ] GC(1091) Humongous regions: 151->151
[2025-12-25T07:32:30.101+0000][gc,metaspace] GC(1091) Metaspace: 16310K(16704K)->16310K(16704K) NonClass: 14635K(14784K)->14635K(14784K) Class: 1674K(1920K)->1674K(1920K)
[2025-12-25T07:32:30.101+0000][gc          ] GC(1091) Pause Young (Normal) (G1 Evacuation Pause) 964M->406M(1024M) 15.342ms
[2025-12-25T07:32:30.102+0000][gc,cpu      ] GC(1091) User=0.09s Sys=0.00s Real=0.02s
[2025-12-25T07:33:00.148+0000][gc,start    ] GC(1092) Pause Young (Normal) (G1 Evacuation Pause)
[2025-12-25T07:33:00.149+0000][gc,task     ] GC(1092) Using 8 workers of 8 for evacuation
[2025-12-25T07:33:00.161+0000][gc,phases   ] GC(1092)   Pre Evacuate Collection Set: 4.4ms
[2025-12-25T07:33:00.162+0000][gc,phases   ] GC(1092)   Merge Heap Roots: 0.3ms
[2025-12-25T07:33:00.162+0000][gc,phases   ] GC(1092)   Evacuate Collection Set: 5.3ms
[2025-12-25T07:33:00.162+0000][gc,phases   ] GC(1092)   Post Evacuate Collection Set: 1.7ms
[2025-12-25T07:33:00.162+0000][gc,phases   ] GC(1092)   Other: 0.2ms
[2025-12-25T07:33:00.162+0000][gc,heap     ] GC(1092) Eden regions: 558->0(556)
[2025-12-25T07:33:00.162+0000][gc,heap     ] GC(1092) Survivor regions: 6->7(58)
[2025-12-25T07:33:00.162+0000][gc,heap     ] GC(1092) Old regions: 251->251
[2025-12-25T07:33:00.162+0000][gc,heap     ] GC(1092) Humongous regions: 151->151
[2025-12-25T07:33:00.162+0000][gc,metaspace] GC(1092) Metaspace: 16310K(16704K)->16310K(16704K) NonClass: 14635K(14784K)->14635K(14784K) Class: 1674K(1920K)->1674K(1920K)
[2025-12-25T07:33:00.162+0000][gc          ] GC(1092) Pause Young (Normal) (G1 Evacuation Pause) 964M->407M(1024M) 13.581ms
[2025-12-25T07:33:00.162+0000][gc,cpu      ] GC(1092) User=0.08s Sys=0.00s Real=0.01s
[2025-12-25T07:33:30.204+0000][gc,start    ] GC(1093) Pause Young (Normal) (G1 Evacuation Pause)
[2025-12-25T07:33:30.204+0000][gc,task     ] GC(1093) Using 8 workers of 8 for evacuation
[2025-12-25T07:33:30.224+0000][gc,phases   ] GC(1093)   Pre Evacuate Collection Set: 1.0ms
[2025-12-25T07:33:30.224+0000][gc,phases   ] GC(1093)   Merge Heap Roots: 0.2ms
[2025-12-25T07:33:30.224+0000][gc,phases   ] GC(1093)   Evacuate Collection Set: 16.9ms
[2025-12-25T07:33:30.224+0000][gc,phases   ] GC(1093)   Post Evacuate Collection Set: 1.1ms
[2025-12-25T07:33:30.224+0000][gc,phases   ] GC(1093)   Other: 0.3ms
[2025-12-25T07:33:30.224+0000][gc,heap     ] GC(1093) Eden regions: 556->0(554)
[2025-12-25T07:33:30.224+0000][gc,heap     ] GC(1093) Survivor regions: 7->8(59)
[2025-12-25T07:33:30.224+0000][gc,heap     ] GC(1093) Old regions: 251->251
[2025-12-25T07:33:30.224+0000][gc,heap     ] GC(1093) Humongous regions: 151->151
[2025-12-25T07:33:30.224+0000][gc,metaspace] GC(1093) Metaspace: 16310K(16704K)->16310K(16704K) NonClass: 14635K(14784K)->14635K(14784K) Class: 1674K(1920K)->1674K(1920K)
[2025-12-25T07:33:30.224+0000][gc          ] GC(1093) Pause Young (Normal) (G1 Evacuation Pause) 963M->408M(1024M) 20.631ms
[2025-12-25T07:33:30.224+0000][gc,cpu      ] GC(1093) User=0.13s Sys=0.00s Real=0.02s
[2025-12-25T07:34:00.239+0000][gc,start    ] GC(1094) Pause Young (Normal) (G1 Evacuation Pause)
[2025-12-25T07:34:00.239+0000][gc,task     ] GC(1094) Using 8 workers of 8 for evacuation
[2025-12-25T07:34:00.251+0000][gc,phases   ] GC(1094)   Pre Evacuate Collection Set: 1.1ms
[2025-12-25T07:34:00.251+0000][gc,phases   ] GC(1094)   Merge Heap Roots: 0.2ms
[2025-12-25T07:34:00.251+0000][gc,phases   ] GC(1094)   Evacuate Collection Set: 8.8ms
[2025-12-25T07:34:00.251+0000][gc,phases   ] GC(1094)   Post Evacuate Collection Set: 1.1ms
[2025-12-25T07:34:00.251+0000][gc,phases   ] GC(1094)   Other: 0.2ms
[2025-12-25T07:34:00.251+0000][gc,heap     ] GC(1094) Eden regions: 554->0(552)
[2025-12-25T07:34:00.251+0000][gc,heap     ] GC(1094) Survivor regions: 8->9(60)
[2025-12-25T07:34:00.252+0000][gc,heap     ] GC(1094) Old regions: 251->251
[2025-12-25T07:34:00.252+0000][gc,heap     ] GC(1094) Humongous regions: 151->151
[2025-12-25T07:34:00.252+0000][gc,metaspace] GC(1094) Metaspace: 16310K(16704K)->16310K(16704K) NonClass: 14635K(14784K)->14635K(14784K) Class: 1674K(1920K)->1674K(1920K)
[2025-12-25T07:34:00.252+0000][gc          ] GC(1094) Pause Young (Normal) (G1 Evacuation Pause) 962M->409M(1024M) 12.812ms
[2025-12-25T07:34:00.252+0000][gc,cpu      ] GC(1094) User=0.07s Sys=0.00s Real=0.01s
[2025-12-25T07:34:30.301+0000][gc,start    ] GC(1095) Pause Young (Normal) (G1 Evacuation Pause)
[2025-12-25T07:34:30.301+0000][gc,task     ] GC(1095) Using 8 workers of 8 for evacuation
[2025-12-25T07:34:30.318+0000][gc,phases   ] GC(1095)   Pre Evacuate Collection Set: 1.1ms
[2025-12-25T07:34:30.318+0000][gc,phases   ] GC(1095)   Merge Heap Roots: 0.3ms
[2025-12-25T07:34:30.318+0000][gc,phases   ] GC(1095)   Evacuate Collection Set: 12.5ms
[2025-12-25T07:34:30.318+0000][gc,phases   ] GC(1095)   Post Evacuate Collection Set: 1.6ms
[2025-12-25T07:34:30.318+0000][gc,phases   ] GC(1095)   Other: 0.7ms
[2025-12-25T07:34:30.318+0000][gc,heap     ] GC(1095) Eden regions: 552->0(552)
[2025-12-25T07:34:30.318+0000][gc,heap     ] GC(1095) Survivor regions: 9->9(61)
[2025-12-25T07:34:30.318+0000][gc,heap     ] GC(1095) Old regions: 251->251
[2025-12-25T07:34:30.318+0000][gc,heap     ] GC(1095) Humongous regions: 151->151
[2025-12-25T07:34:30.319+0000][gc,metaspace] GC(1095) Metaspace: 16310K(16704K)->16310K(16704K) NonClass: 14635K(14784K)->14635K(14784K) Class: 1674K(1920K)->1674K(1920K)
[2025-12-25T07:34:30.319+0000][gc          ] GC(1095) Pause Young (Normal) (G1 Evacuation Pause) 961M->410M(1024M) 18.008ms
[2025-12-25T07:34:30.319+0000][gc,cpu      ] GC(1095) User=0.11s Sys=0.00s Real=0.02s
[2025-12-25T07:35:00.332+0000][gc,start    ] GC(1096) Pause Young (Normal) (G1 Evacuation Pause)
[2025-12-25T07:35:00.332+0000][gc,task     ] GC(1096) Using 8 workers of 8 for evacuation
[2025-12-25T07:35:00.345+0000][gc,phases   ] GC(1096)   Pre Evacuate Collection Set: 1.0ms
[2025-12-25T07:35:00.345+0000][gc,phases   ] GC(1096)   Merge Heap Roots: 0.2ms
[2025-12-25T07:35:00.345+0000][gc,phases   ] GC(1096)   Evacuate Collection Set: 10.4ms
[2025-12-25T07:35:00.345+0000][gc,phases   ] GC(1096)   Post Evacuate Collection Set: 0.9ms
[2025-12-25T07:35:00.345+0000][gc,phases   ] GC(1096)   Other: 0.2ms
[2025-12-25T07:35:00.346+0000][gc,heap     ] GC(1096) Eden regions: 552->0(550)
[2025-12-25T07:35:00.346+0000][gc,heap     ] GC(1096) Survivor regions: 9->10(61)
[2025-12-25T07:35:00.346+0000][gc,heap     ] GC(1096) Old regions: 251->251
[2025-12-25T07:35:00.346+0000][gc,heap     ] GC(1096) Humongous regions: 151->151
[2025-12-25T07:35:00.346+0000][gc,metaspace] GC(1096) Metaspace: 16310K(16704K)->16310K(16704K) NonClass: 14635K(14784K)->14635K(14784K) Class: 1674K(1920K)->1674K(1920K)
[2025-12-25T07:35:00.346+0000][gc          ] GC(1096) Pause Young (Normal) (G1 Evacuation Pause) 962M->411M(1024M) 13.830ms
[2025-12-25T07:35:00.346+0000][gc,cpu      ] GC(1096) User=0.09s Sys=0.00s Real=0.02s
[2025-12-25T07:35:30.377+0000][gc,start    ] GC(1097) Pause Young (Normal) (G1 Evacuation Pause)
[2025-12-25T07:35:30.377+0000][gc,task     ] GC(1097) Using 8 workers of 8 for evacuation
[2025-12-25T07:35:30.389+0000][gc,phases   ] GC(1097)   Pre Evacuate Collection Set: 0.9ms
[2025-12-25T07:35:30.389+0000][gc,phases   ] GC(1097)   Merge Heap Roots: 0.2ms
[2025-12-25T07:35:30.389+0000][gc,phases   ] GC(1097)   Evacuate Collection Set: 9.5ms
[2025-12-25T07:35:30.389+0000][gc,phases   ] GC(1097)   Post Evacuate Collection Set: 0.9ms
[2025-12-25T07:35:30.389+0000][gc,phases   ] GC(1097)   Other: 0.2ms
[2025-12-25T07:35:30.389+0000][gc,heap     ] GC(1097) Eden regions: 550->0(555)
[2025-12-25T07:35:30.390+0000][gc,heap     ] GC(1097) Survivor regions: 10->7(62)
[2025-12-25T07:35:30.390+0000][gc,heap     ] GC(1097) Old regions: 251->252
[2025-12-25T07:35:30.390+0000][gc,heap     ] GC(1097) Humongous regions: 151->151
[2025-12-25T07:35:30.390+0000][gc,metaspace] GC(1097) Metaspace: 16310K(16704K)->16310K(16704K) NonClass: 14635K(14784K)->14635K(14784K) Class: 1674K(1920K)->1674K(1920K)
[2025-12-25T07:35:30.390+0000][gc          ] GC(1097) Pause Young (Normal) (G1 Evacuation Pause) 961M->408M(1024M) 12.972ms
[2025-12-25T07:35:30.390+0000][gc,cpu      ] GC(1097) User=0.08s Sys=0.00s Real=0.01s
[2025-12-25T07:36:00.427+0000][gc,start    ] GC(1098) Pause Young (Normal) (G1 Evacuation Pause)
[2025-12-25T07:36:00.428+0000][gc,task     ] GC(1098) Using 8 workers of 8 for evacuation
[2025-12-25T07:36:00.441+0000][gc,phases   ] GC(1098)   Pre Evacuate Collection Set: 0.9ms
[2025-12-25T07:36:00.441+0000][gc,phases   ] GC(1098)   Merge Heap Roots: 0.3ms
[2025-12-25T07:36:00.441+0000][gc,phases   ] GC(1098)   Evacuate Collection Set: 10.5ms
[2025-12-25T07:36:00.441+0000][gc,phases   ] GC(1098)   Post Evacuate Collection Set: 0.9ms
[2025-12-25T07:36:00.441+0000][gc,phases   ] GC(1098)   Other: 0.3ms
[2025-12-25T07:36:00.441+0000][gc,heap     ] GC(1098) Eden regions: 555->0(555)
[2025-12-25T07:36:00.441+0000][gc,heap     ] GC(1098) Survivor regions: 7->7(59)
[2025-12-25T07:36:00.441+0000][gc,heap     ] GC(1098) Old regions: 252->252
[2025-12-25T07:36:00.441+0000][gc,heap     ] GC(1098) Humongous regions: 151->151
[2025-12-25T07:36:00.441+0000][gc,metaspace] GC(1098) Metaspace: 16310K(16704K)->16310K(16704K) NonClass: 14635K(14784K)->14635K(14784K) Class: 1674K(1920K)->1674K(1920K)
[2025-12-25T07:36:00.441+0000][gc          ] GC(1098) Pause Young (Normal) (G1 Evacuation Pause) 963M->408M(1024M) 13.774ms
[2025-12-25T07:36:00.441+0000][gc,cpu      ] GC(1098) User=0.09s Sys=0.00s Real=0.01s
[2025-12-25T07:36:30.508+0000][gc,start    ] GC(1099) Pause Young (Normal) (G1 Evacuation Pause)
[2025-12-25T07:36:30.508+0000][gc,task     ] GC(1099) Using 8 workers of 8 for evacuation
[2025-12-25T07:36:30.520+0000][gc,phases   ] GC(1099)   Pre Evacuate Collection Set: 1.1ms
[2025-12-25T07:36:30.520+0000][gc,phases   ] GC(1099)   Merge Heap Roots: 0.4ms
[2025-12-25T07:36:30.520+0000][gc,phases   ] GC(1099)   Evacuate Collection Set: 9.1ms
[2025-12-25T07:36:30.520+0000][gc,phases   ] GC(1099)   Post Evacuate Collection Set: 1.0ms
[2025-12-25T07:36:30.520+0000][gc,phases   ] GC(1099)   Other: 0.2ms
[2025-12-25T07:36:30.520+0000][gc,heap     ] GC(1099) Eden regions: 555->0(553)
[2025-12-25T07:36:30.520+0000][gc,heap     ] GC(1099) Survivor regions: 7->8(59)
[2025-12-25T07:36:30.520+0000][gc,heap     ] GC(1099) Old regions: 252->252
[2025-12-25T07:36:30.520+0000][gc,heap     ] GC(1099) Humongous regions: 151->151
[2025-12-25T07:36:30.520+0000][gc,metaspace] GC(1099) Metaspace: 16310K(16704K)->16310K(16704K) NonClass: 14635K(14784K)->14635K(14784K) Class: 1674K(1920K)->1674K(1920K)
[2025-12-25T07:36:30.521+0000][gc          ] GC(1099) Pause Young (Normal) (G1 Evacuation Pause) 963M->409M(1024M) 12.746ms
[2025-12-25T07:36:30.521+0000][gc,cpu      ] GC(1099) User=0.07s Sys=0.00s Real=0.02s
[2025-12-25T07:37:00.522+0000][gc,start    ] GC(1100) Pause Young (Normal) (G1 Evacuation Pause)
[2025-12-25T07:37:00.523+0000][gc,task     ] GC(1100) Using 8 workers of 8 for evacuation
[2025-12-25T07:37:00.534+0000][gc,phases   ] GC(1100)   Pre Evacuate Collection Set: 1.0ms
[2025-12-25T07:37:00.534+0000][gc,phases   ] GC(1100)   Merge Heap Roots: 0.3ms
[2025-12-25T07:37:00.534+0000][gc,phases   ] GC(1100)   Evacuate Collection Set: 8.4ms
[2025-12-25T07:37:00.534+0000][gc,phases   ] GC(1100)   Post Evacuate Collection Set: 1.3ms
[2025-12-25T07:37:00.534+0000][gc,phases   ] GC(1100)   Other: 0.2ms
[2025-12-25T07:37:00.534+0000][gc,heap     ] GC(1100) Eden regions: 553->0(553)
[2025-12-25T07:37:00.534+0000][gc,heap     ] GC(1100) Survivor regions: 8->8(60)
[2025-12-25T07:37:00.534+0000][gc,heap     ] GC(1100) Old regions: 252->252
[2025-12-25T07:37:00.535+0000][gc,heap     ] GC(1100) Humongous regions: 151->151
[2025-12-25T07:37:00.535+0000][gc,metaspace] GC(1100) Metaspace: 16310K(16704K)->16310K(16704K) NonClass: 14635K(14784K)->14635K(14784K) Class: 1674K(1920K)->1674K(1920K)
[2025-12-25T07:37:00.535+0000][gc          ] GC(1100) Pause Young (Normal) (G1 Evacuation Pause) 962M->410M(1024M) 12.909ms
[2025-12-25T07:37:00.535+0000][gc,cpu      ] GC(1100) User=0.08s Sys=0.00s Real=0.01s
[2025-12-25T07:37:38.045+0000][gc,start    ] GC(1101) Pause Young (Normal) (G1 Evacuation Pause)
[2025-12-25T07:37:38.049+0000][gc,task     ] GC(1101) Using 8 workers of 8 for evacuation
[2025-12-25T07:37:38.090+0000][gc,phases   ] GC(1101)   Pre Evacuate Collection Set: 3.3ms
[2025-12-25T07:37:38.090+0000][gc,phases   ] GC(1101)   Merge Heap Roots: 0.9ms
[2025-12-25T07:37:38.090+0000][gc,phases   ] GC(1101)   Evacuate Collection Set: 33.3ms
[2025-12-25T07:37:38.091+0000][gc,phases   ] GC(1101)   Post Evacuate Collection Set: 2.9ms
[2025-12-25T07:37:38.091+0000][gc,phases   ] GC(1101)   Other: 1.0ms
[2025-12-25T07:37:38.091+0000][gc,heap     ] GC(1101) Eden regions: 553->0(555)
[2025-12-25T07:37:38.091+0000][gc,heap     ] GC(1101) Survivor regions: 8->7(60)
[2025-12-25T07:37:38.091+0000][gc,heap     ] GC(1101) Old regions: 252->252
[2025-12-25T07:37:38.091+0000][gc,heap     ] GC(1101) Humongous regions: 151->151
[2025-12-25T07:37:38.091+0000][gc,metaspace] GC(1101) Metaspace: 16310K(16704K)->16310K(16704K) NonClass: 14635K(14784K)->14635K(14784K) Class: 1674K(1920K)->1674K(1920K)
[2025-12-25T07:37:38.092+0000][gc          ] GC(1101) Pause Young (Normal) (G1 Evacuation Pause) 963M->409M(1024M) 46.234ms
[2025-12-25T07:37:38.092+0000][gc,cpu      ] GC(1101) User=0.27s Sys=0.01s Real=0.04s
[2025-12-25T07:38:09.985+0000][gc,start    ] GC(1102) Pause Young (Normal) (G1 Evacuation Pause)
[2025-12-25T07:38:09.986+0000][gc,task     ] GC(1102) Using 8 workers of 8 for evacuation
[2025-12-25T07:38:10.005+0000][gc,phases   ] GC(1102)   Pre Evacuate Collection Set: 0.9ms
[2025-12-25T07:38:10.005+0000][gc,phases   ] GC(1102)   Merge Heap Roots: 0.3ms
[2025-12-25T07:38:10.005+0000][gc,phases   ] GC(1102)   Evacuate Collection Set: 16.7ms
[2025-12-25T07:38:10.006+0000][gc,phases   ] GC(1102)   Post Evacuate Collection Set: 1.2ms
[2025-12-25T07:38:10.006+0000][gc,phases   ] GC(1102)   Other: 0.3ms
[2025-12-25T07:38:10.006+0000][gc,heap     ] GC(1102) Eden regions: 555->0(552)
[2025-12-25T07:38:10.006+0000][gc,heap     ] GC(1102) Survivor regions: 7->8(59)
[2025-12-25T07:38:10.006+0000][gc,heap     ] GC(1102) Old regions: 252->253
[2025-12-25T07:38:10.006+0000][gc,heap     ] GC(1102) Humongous regions: 151->151
[2025-12-25T07:38:10.006+0000][gc,metaspace] GC(1102) Metaspace: 16310K(16704K)->16310K(16704K) NonClass: 14635K(14784K)->14635K(14784K) Class: 1674K(1920K)->1674K(1920K)
[2025-12-25T07:38:10.006+0000][gc          ] GC(1102) Pause Young (Normal) (G1 Evacuation Pause) 964M->410M(1024M) 21.313ms
[2025-12-25T07:38:10.006+0000][gc,cpu      ] GC(1102) User=0.13s Sys=0.00s Real=0.02s
[2025-12-25T07:38:40.037+0000][gc,start    ] GC(1103) Pause Young (Normal) (G1 Evacuation Pause)
[2025-12-25T07:38:40.037+0000][gc,task     ] GC(1103) Using 8 workers of 8 for evacuation
[2025-12-25T07:38:40.054+0000][gc,phases   ] GC(1103)   Pre Evacuate Collection Set: 3.9ms
[2025-12-25T07:38:40.054+0000][gc,phases   ] GC(1103)   Merge Heap Roots: 0.4ms
[2025-12-25T07:38:40.054+0000][gc,phases   ] GC(1103)   Evacuate Collection Set: 11.0ms
[2025-12-25T07:38:40.054+0000][gc,phases   ] GC(1103)   Post Evacuate Collection Set: 1.0ms
[2025-12-25T07:38:40.054+0000][gc,phases   ] GC(1103)   Other: 0.4ms
[2025-12-25T07:38:40.054+0000][gc,heap     ] GC(1103) Eden regions: 552->0(552)
[2025-12-25T07:38:40.055+0000][gc,heap     ] GC(1103) Survivor regions: 8->8(60)
[2025-12-25T07:38:40.055+0000][gc,heap     ] GC(1103) Old regions: 253->253
[2025-12-25T07:38:40.055+0000][gc,heap     ] GC(1103) Humongous regions: 151->151
[2025-12-25T07:38:40.055+0000][gc,metaspace] GC(1103) Metaspace: 16310K(16704K)->16310K(16704K) NonClass: 14635K(14784K)->14635K(14784K) Class: 1674K(1920K)->1674K(1920K)
[2025-12-25T07:38:40.055+0000][gc          ] GC(1103) Pause Young (Normal) (G1 Evacuation Pause) 962M->411M(1024M) 17.868ms
[2025-12-25T07:38:40.055+0000][gc,cpu      ] GC(1103) User=0.10s Sys=0.00s Real=0.02s
[2025-12-25T07:39:10.112+0000][gc,start    ] GC(1104) Pause Young (Normal) (G1 Evacuation Pause)
[2025-12-25T07:39:10.112+0000][gc,task     ] GC(1104) Using 8 workers of 8 for evacuation
[2025-12-25T07:39:10.137+0000][gc,phases   ] GC(1104)   Pre Evacuate Collection Set: 2.7ms
[2025-12-25T07:39:10.137+0000][gc,phases   ] GC(1104)   Merge Heap Roots: 0.7ms
[2025-12-25T07:39:10.137+0000][gc,phases   ] GC(1104)   Evacuate Collection Set: 19.1ms
[2025-12-25T07:39:10.137+0000][gc,phases   ] GC(1104)   Post Evacuate Collection Set: 1.2ms
[2025-12-25T07:39:10.137+0000][gc,phases   ] GC(1104)   Other: 0.4ms
[2025-12-25T07:39:10.137+0000][gc,heap     ] GC(1104) Eden regions: 552->0(550)
[2025-12-25T07:39:10.137+0000][gc,heap     ] GC(1104) Survivor regions: 8->9(60)
[2025-12-25T07:39:10.137+0000][gc,heap     ] GC(1104) Old regions: 253->253
[2025-12-25T07:39:10.137+0000][gc,heap     ] GC(1104) Humongous regions: 151->151
[2025-12-25T07:39:10.137+0000][gc,metaspace] GC(1104) Metaspace: 16310K(16704K)->16310K(16704K) NonClass: 14635K(14784K)->14635K(14784K) Class: 1674K(1920K)->1674K(1920K)
[2025-12-25T07:39:10.137+0000][gc          ] GC(1104) Pause Young (Normal) (G1 Evacuation Pause) 963M->412M(1024M) 25.484ms
[2025-12-25T07:39:10.137+0000][gc,cpu      ] GC(1104) User=0.16s Sys=0.01s Real=0.02s
[2025-12-25T07:39:40.122+0000][gc,start    ] GC(1105) Pause Young (Normal) (G1 Evacuation Pause)
[2025-12-25T07:39:40.123+0000][gc,task     ] GC(1105) Using 8 workers of 8 for evacuation
[2025-12-25T07:39:40.136+0000][gc,phases   ] GC(1105)   Pre Evacuate Collection Set: 1.0ms
[2025-12-25T07:39:40.137+0000][gc,phases   ] GC(1105)   Merge Heap Roots: 0.3ms
[2025-12-25T07:39:40.137+0000][gc,phases   ] GC(1105)   Evacuate Collection Set: 10.4ms
[2025-12-25T07:39:40.137+0000][gc,phases   ] GC(1105)   Post Evacuate Collection Set: 1.1ms
[2025-12-25T07:39:40.137+0000][gc,phases   ] GC(1105)   Other: 0.3ms
[2025-12-25T07:39:40.137+0000][gc,heap     ] GC(1105) Eden regions: 550->0(556)
[2025-12-25T07:39:40.137+0000][gc,heap     ] GC(1105) Survivor regions: 9->6(61)
[2025-12-25T07:39:40.137+0000][gc,heap     ] GC(1105) Old regions: 253->253
[2025-12-25T07:39:40.137+0000][gc,heap     ] GC(1105) Humongous regions: 151->151
[2025-12-25T07:39:40.137+0000][gc,metaspace] GC(1105) Metaspace: 16310K(16704K)->16310K(16704K) NonClass: 14635K(14784K)->14635K(14784K) Class: 1674K(1920K)->1674K(1920K)
[2025-12-25T07:39:40.137+0000][gc          ] GC(1105) Pause Young (Normal) (G1 Evacuation Pause) 962M->409M(1024M) 14.885ms
[2025-12-25T07:39:40.137+0000][gc,cpu      ] GC(1105) User=0.08s Sys=0.01s Real=0.01s
[2025-12-25T07:40:10.164+0000][gc,start    ] GC(1106) Pause Young (Normal) (G1 Evacuation Pause)
[2025-12-25T07:40:10.164+0000][gc,task     ] GC(1106) Using 8 workers of 8 for evacuation
[2025-12-25T07:40:10.180+0000][gc,phases   ] GC(1106)   Pre Evacuate Collection Set: 1.0ms
[2025-12-25T07:40:10.180+0000][gc,phases   ] GC(1106)   Merge Heap Roots: 0.3ms
[2025-12-25T07:40:10.180+0000][gc,phases   ] GC(1106)   Evacuate Collection Set: 12.9ms
[2025-12-25T07:40:10.180+0000][gc,phases   ] GC(1106)   Post Evacuate Collection Set: 1.5ms
[2025-12-25T07:40:10.180+0000][gc,phases   ] GC(1106)   Other: 0.2ms
[2025-12-25T07:40:10.180+0000][gc,heap     ] GC(1106) Eden regions: 556->0(555)
[2025-12-25T07:40:10.180+0000][gc,heap     ] GC(1106) Survivor regions: 6->6(58)
[2025-12-25T07:40:10.181+0000][gc,heap     ] GC(1106) Old regions: 253->254
[2025-12-25T07:40:10.181+0000][gc,heap     ] GC(1106) Humongous regions: 151->151
[2025-12-25T07:40:10.181+0000][gc,metaspace] GC(1106) Metaspace: 16310K(16704K)->16310K(16704K) NonClass: 14635K(14784K)->14635K(14784K) Class: 1674K(1920K)->1674K(1920K)
[2025-12-25T07:40:10.181+0000][gc          ] GC(1106) Pause Young (Normal) (G1 Evacuation Pause) 965M->409M(1024M) 16.853ms
[2025-12-25T07:40:10.181+0000][gc,cpu      ] GC(1106) User=0.11s Sys=0.00s Real=0.02s
[2025-12-25T07:40:40.232+0000][gc,start    ] GC(1107) Pause Young (Normal) (G1 Evacuation Pause)
[2025-12-25T07:40:40.232+0000][gc,task     ] GC(1107) Using 8 workers of 8 for evacuation
[2025-12-25T07:40:40.250+0000][gc,phases   ] GC(1107)   Pre Evacuate Collection Set: 2.6ms
[2025-12-25T07:40:40.250+0000][gc,phases   ] GC(1107)   Merge Heap Roots: 0.5ms
[2025-12-25T07:40:40.250+0000][gc,phases   ] GC(1107)   Evacuate Collection Set: 13.5ms
[2025-12-25T07:40:40.250+0000][gc,phases   ] GC(1107)   Post Evacuate Collection Set: 1.0ms
[2025-12-25T07:40:40.250+0000][gc,phases   ] GC(1107)   Other: 0.2ms
[2025-12-25T07:40:40.250+0000][gc,heap     ] GC(1107) Eden regions: 555->0(553)
[2025-12-25T07:40:40.251+0000][gc,heap     ] GC(1107) Survivor regions: 6->7(58)
[2025-12-25T07:40:40.251+0000][gc,heap     ] GC(1107) Old regions: 254->254
[2025-12-25T07:40:40.251+0000][gc,heap     ] GC(1107) Humongous regions: 151->151
[2025-12-25T07:40:40.251+0000][gc,metaspace] GC(1107) Metaspace: 16310K(16704K)->16310K(16704K) NonClass: 14635K(14784K)->14635K(14784K) Class: 1674K(1920K)->1674K(1920K)
[2025-12-25T07:40:40.251+0000][gc          ] GC(1107) Pause Young (Normal) (G1 Evacuation Pause) 964M->410M(1024M) 18.861ms
[2025-12-25T07:40:40.251+0000][gc,cpu      ] GC(1107) User=0.12s Sys=0.00s Real=0.02s
[2025-12-25T07:41:10.289+0000][gc,start    ] GC(1108) Pause Young (Normal) (G1 Evacuation Pause)
[2025-12-25T07:41:10.290+0000][gc,task     ] GC(1108) Using 8 workers of 8 for evacuation
[2025-12-25T07:41:10.300+0000][gc,phases   ] GC(1108)   Pre Evacuate Collection Set: 1.2ms
[2025-12-25T07:41:10.300+0000][gc,phases   ] GC(1108)   Merge Heap Roots: 0.3ms
[2025-12-25T07:41:10.300+0000][gc,phases   ] GC(1108)   Evacuate Collection Set: 7.3ms
[2025-12-25T07:41:10.300+0000][gc,phases   ] GC(1108)   Post Evacuate Collection Set: 0.9ms
[2025-12-25T07:41:10.300+0000][gc,phases   ] GC(1108)   Other: 0.2ms
[2025-12-25T07:41:10.300+0000][gc,heap     ] GC(1108) Eden regions: 553->0(551)
[2025-12-25T07:41:10.300+0000][gc,heap     ] GC(1108) Survivor regions: 7->8(59)
[2025-12-25T07:41:10.300+0000][gc,heap     ] GC(1108) Old regions: 254->254
[2025-12-25T07:41:10.300+0000][gc,heap     ] GC(1108) Humongous regions: 151->151
[2025-12-25T07:41:10.300+0000][gc,metaspace] GC(1108) Metaspace: 16310K(16704K)->16310K(16704K) NonClass: 14635K(14784K)->14635K(14784K) Class: 1674K(1920K)->1674K(1920K)
[2025-12-25T07:41:10.300+0000][gc          ] GC(1108) Pause Young (Normal) (G1 Evacuation Pause) 963M->411M(1024M) 11.650ms
[2025-12-25T07:41:10.300+0000][gc,cpu      ] GC(1108) User=0.06s Sys=0.00s Real=0.01s
[2025-12-25T07:41:40.316+0000][gc,start    ] GC(1109) Pause Young (Normal) (G1 Evacuation Pause)
[2025-12-25T07:41:40.316+0000][gc,task     ] GC(1109) Using 8 workers of 8 for evacuation
[2025-12-25T07:41:40.333+0000][gc,phases   ] GC(1109)   Pre Evacuate Collection Set: 1.0ms
[2025-12-25T07:41:40.333+0000][gc,phases   ] GC(1109)   Merge Heap Roots: 0.2ms
[2025-12-25T07:41:40.333+0000][gc,phases   ] GC(1109)   Evacuate Collection Set: 14.2ms
[2025-12-25T07:41:40.333+0000][gc,phases   ] GC(1109)   Post Evacuate Collection Set: 1.0ms
[2025-12-25T07:41:40.333+0000][gc,phases   ] GC(1109)   Other: 0.2ms
[2025-12-25T07:41:40.333+0000][gc,heap     ] GC(1109) Eden regions: 551->0(549)
[2025-12-25T07:41:40.333+0000][gc,heap     ] GC(1109) Survivor regions: 8->9(60)
[2025-12-25T07:41:40.333+0000][gc,heap     ] GC(1109) Old regions: 254->254
[2025-12-25T07:41:40.333+0000][gc,heap     ] GC(1109) Humongous regions: 151->151
[2025-12-25T07:41:40.333+0000][gc,metaspace] GC(1109) Metaspace: 16310K(16704K)->16310K(16704K) NonClass: 14635K(14784K)->14635K(14784K) Class: 1674K(1920K)->1674K(1920K)
[2025-12-25T07:41:40.333+0000][gc          ] GC(1109) Pause Young (Normal) (G1 Evacuation Pause) 962M->413M(1024M) 17.654ms
[2025-12-25T07:41:40.333+0000][gc,cpu      ] GC(1109) User=0.11s Sys=0.00s Real=0.02s
[2025-12-25T07:42:10.337+0000][gc,start    ] GC(1110) Pause Young (Normal) (G1 Evacuation Pause)
[2025-12-25T07:42:10.338+0000][gc,task     ] GC(1110) Using 8 workers of 8 for evacuation
[2025-12-25T07:42:10.350+0000][gc,phases   ] GC(1110)   Pre Evacuate Collection Set: 0.9ms
[2025-12-25T07:42:10.350+0000][gc,phases   ] GC(1110)   Merge Heap Roots: 0.2ms
[2025-12-25T07:42:10.351+0000][gc,phases   ] GC(1110)   Evacuate Collection Set: 7.8ms
[2025-12-25T07:42:10.351+0000][gc,phases   ] GC(1110)   Post Evacuate Collection Set: 3.1ms
[2025-12-25T07:42:10.351+0000][gc,phases   ] GC(1110)   Other: 0.3ms
[2025-12-25T07:42:10.351+0000][gc,heap     ] GC(1110) Eden regions: 549->0(549)
[2025-12-25T07:42:10.351+0000][gc,heap     ] GC(1110) Survivor regions: 9->9(61)
[2025-12-25T07:42:10.351+0000][gc,heap     ] GC(1110) Old regions: 254->254
[2025-12-25T07:42:10.351+0000][gc,heap     ] GC(1110) Humongous regions: 151->151
[2025-12-25T07:42:10.351+0000][gc,metaspace] GC(1110) Metaspace: 16310K(16704K)->16310K(16704K) NonClass: 14635K(14784K)->14635K(14784K) Class: 1674K(1920K)->1674K(1920K)
[2025-12-25T07:42:10.351+0000][gc          ] GC(1110) Pause Young (Normal) (G1 Evacuation Pause) 962M->413M(1024M) 13.630ms
[2025-12-25T07:42:10.351+0000][gc,cpu      ] GC(1110) User=0.08s Sys=0.00s Real=0.02s
[2025-12-25T07:42:40.437+0000][gc,start    ] GC(1111) Pause Young (Normal) (G1 Evacuation Pause)
[2025-12-25T07:42:40.438+0000][gc,task     ] GC(1111) Using 8 workers of 8 for evacuation
[2025-12-25T07:42:40.449+0000][gc,phases   ] GC(1111)   Pre Evacuate Collection Set: 1.1ms
[2025-12-25T07:42:40.449+0000][gc,phases   ] GC(1111)   Merge Heap Roots: 0.2ms
[2025-12-25T07:42:40.449+0000][gc,phases   ] GC(1111)   Evacuate Collection Set: 8.6ms
[2025-12-25T07:42:40.449+0000][gc,phases   ] GC(1111)   Post Evacuate Collection Set: 1.0ms
[2025-12-25T07:42:40.449+0000][gc,phases   ] GC(1111)   Other: 0.3ms
[2025-12-25T07:42:40.449+0000][gc,heap     ] GC(1111) Eden regions: 549->0(546)
[2025-12-25T07:42:40.449+0000][gc,heap     ] GC(1111) Survivor regions: 9->10(61)
[2025-12-25T07:42:40.449+0000][gc,heap     ] GC(1111) Old regions: 254->255
[2025-12-25T07:42:40.449+0000][gc,heap     ] GC(1111) Humongous regions: 151->151
[2025-12-25T07:42:40.449+0000][gc,metaspace] GC(1111) Metaspace: 16310K(16704K)->16310K(16704K) NonClass: 14635K(14784K)->14635K(14784K) Class: 1674K(1920K)->1674K(1920K)
[2025-12-25T07:42:40.450+0000][gc          ] GC(1111) Pause Young (Normal) (G1 Evacuation Pause) 962M->414M(1024M) 12.192ms
[2025-12-25T07:42:40.450+0000][gc,cpu      ] GC(1111) User=0.06s Sys=0.00s Real=0.02s
[2025-12-25T07:43:10.527+0000][gc,start    ] GC(1112) Pause Young (Normal) (G1 Evacuation Pause)
[2025-12-25T07:43:10.529+0000][gc,task     ] GC(1112) Using 8 workers of 8 for evacuation
[2025-12-25T07:43:10.542+0000][gc,phases   ] GC(1112)   Pre Evacuate Collection Set: 1.1ms
[2025-12-25T07:43:10.542+0000][gc,phases   ] GC(1112)   Merge Heap Roots: 0.3ms
[2025-12-25T07:43:10.543+0000][gc,phases   ] GC(1112)   Evacuate Collection Set: 11.1ms
[2025-12-25T07:43:10.543+0000][gc,phases   ] GC(1112)   Post Evacuate Collection Set: 0.9ms
[2025-12-25T07:43:10.543+0000][gc,phases   ] GC(1112)   Other: 1.3ms
[2025-12-25T07:43:10.543+0000][gc,heap     ] GC(1112) Eden regions: 546->0(546)
[2025-12-25T07:43:10.543+0000][gc,heap     ] GC(1112) Survivor regions: 10->10(62)
[2025-12-25T07:43:10.543+0000][gc,heap     ] GC(1112) Old regions: 255->255
[2025-12-25T07:43:10.543+0000][gc,heap     ] GC(1112) Humongous regions: 151->151
[2025-12-25T07:43:10.543+0000][gc,metaspace] GC(1112) Metaspace: 16310K(16704K)->16310K(16704K) NonClass: 14635K(14784K)->14635K(14784K) Class: 1674K(1920K)->1674K(1920K)
[2025-12-25T07:43:10.543+0000][gc          ] GC(1112) Pause Young (Normal) (G1 Evacuation Pause) 960M->415M(1024M) 16.070ms
[2025-12-25T07:43:10.543+0000][gc,cpu      ] GC(1112) User=0.09s Sys=0.01s Real=0.01s
[2025-12-25T07:43:40.489+0000][gc,start    ] GC(1113) Pause Young (Normal) (G1 Evacuation Pause)
[2025-12-25T07:43:40.490+0000][gc,task     ] GC(1113) Using 8 workers of 8 for evacuation
[2025-12-25T07:43:40.505+0000][gc,phases   ] GC(1113)   Pre Evacuate Collection Set: 1.0ms
[2025-12-25T07:43:40.505+0000][gc,phases   ] GC(1113)   Merge Heap Roots: 0.2ms
[2025-12-25T07:43:40.505+0000][gc,phases   ] GC(1113)   Evacuate Collection Set: 10.4ms
[2025-12-25T07:43:40.506+0000][gc,phases   ] GC(1113)   Post Evacuate Collection Set: 3.6ms
[2025-12-25T07:43:40.506+0000][gc,phases   ] GC(1113)   Other: 0.2ms
[2025-12-25T07:43:40.506+0000][gc,heap     ] GC(1113) Eden regions: 546->0(552)
[2025-12-25T07:43:40.506+0000][gc,heap     ] GC(1113) Survivor regions: 10->7(62)
[2025-12-25T07:43:40.506+0000][gc,heap     ] GC(1113) Old regions: 255->255
[2025-12-25T07:43:40.506+0000][gc,heap     ] GC(1113) Humongous regions: 151->151
[2025-12-25T07:43:40.506+0000][gc,metaspace] GC(1113) Metaspace: 16310K(16704K)->16310K(16704K) NonClass: 14635K(14784K)->14635K(14784K) Class: 1674K(1920K)->1674K(1920K)
[2025-12-25T07:43:40.506+0000][gc          ] GC(1113) Pause Young (Normal) (G1 Evacuation Pause) 961M->411M(1024M) 17.323ms
[2025-12-25T07:43:40.506+0000][gc,cpu      ] GC(1113) User=0.08s Sys=0.01s Real=0.02s
[2025-12-25T07:44:19.923+0000][gc,start    ] GC(1114) Pause Young (Normal) (G1 Evacuation Pause)
[2025-12-25T07:44:19.924+0000][gc,task     ] GC(1114) Using 8 workers of 8 for evacuation
[2025-12-25T07:44:19.941+0000][gc,phases   ] GC(1114)   Pre Evacuate Collection Set: 1.3ms
[2025-12-25T07:44:19.941+0000][gc,phases   ] GC(1114)   Merge Heap Roots: 0.5ms
[2025-12-25T07:44:19.941+0000][gc,phases   ] GC(1114)   Evacuate Collection Set: 13.3ms
[2025-12-25T07:44:19.941+0000][gc,phases   ] GC(1114)   Post Evacuate Collection Set: 1.9ms
[2025-12-25T07:44:19.941+0000][gc,phases   ] GC(1114)   Other: 0.4ms
[2025-12-25T07:44:19.942+0000][gc,heap     ] GC(1114) Eden regions: 552->0(556)
[2025-12-25T07:44:19.942+0000][gc,heap     ] GC(1114) Survivor regions: 7->5(59)
[2025-12-25T07:44:19.942+0000][gc,heap     ] GC(1114) Old regions: 255->255
[2025-12-25T07:44:19.942+0000][gc,heap     ] GC(1114) Humongous regions: 151->151
[2025-12-25T07:44:19.942+0000][gc,metaspace] GC(1114) Metaspace: 16310K(16704K)->16310K(16704K) NonClass: 14635K(14784K)->14635K(14784K) Class: 1674K(1920K)->1674K(1920K)
[2025-12-25T07:44:19.942+0000][gc          ] GC(1114) Pause Young (Normal) (G1 Evacuation Pause) 963M->410M(1024M) 19.317ms
[2025-12-25T07:44:19.942+0000][gc,cpu      ] GC(1114) User=0.07s Sys=0.01s Real=0.02s
[2025-12-25T07:44:49.989+0000][gc,start    ] GC(1115) Pause Young (Normal) (G1 Evacuation Pause)
[2025-12-25T07:44:49.990+0000][gc,task     ] GC(1115) Using 8 workers of 8 for evacuation
[2025-12-25T07:44:50.002+0000][gc,phases   ] GC(1115)   Pre Evacuate Collection Set: 1.2ms
[2025-12-25T07:44:50.003+0000][gc,phases   ] GC(1115)   Merge Heap Roots: 0.3ms
[2025-12-25T07:44:50.003+0000][gc,phases   ] GC(1115)   Evacuate Collection Set: 9.4ms
[2025-12-25T07:44:50.003+0000][gc,phases   ] GC(1115)   Post Evacuate Collection Set: 1.3ms
[2025-12-25T07:44:50.003+0000][gc,phases   ] GC(1115)   Other: 0.4ms
[2025-12-25T07:44:50.003+0000][gc,heap     ] GC(1115) Eden regions: 556->0(554)
[2025-12-25T07:44:50.003+0000][gc,heap     ] GC(1115) Survivor regions: 5->6(57)
[2025-12-25T07:44:50.003+0000][gc,heap     ] GC(1115) Old regions: 255->255
[2025-12-25T07:44:50.003+0000][gc,heap     ] GC(1115) Humongous regions: 151->151
[2025-12-25T07:44:50.003+0000][gc,metaspace] GC(1115) Metaspace: 16310K(16704K)->16310K(16704K) NonClass: 14635K(14784K)->14635K(14784K) Class: 1674K(1920K)->1674K(1920K)
[2025-12-25T07:44:50.003+0000][gc          ] GC(1115) Pause Young (Normal) (G1 Evacuation Pause) 966M->411M(1024M) 14.096ms
[2025-12-25T07:44:50.003+0000][gc,cpu      ] GC(1115) User=0.08s Sys=0.00s Real=0.02s
[2025-12-25T07:45:20.055+0000][gc,start    ] GC(1116) Pause Young (Normal) (G1 Evacuation Pause)
[2025-12-25T07:45:20.056+0000][gc,task     ] GC(1116) Using 8 workers of 8 for evacuation
[2025-12-25T07:45:20.077+0000][gc,phases   ] GC(1116)   Pre Evacuate Collection Set: 1.1ms
[2025-12-25T07:45:20.077+0000][gc,phases   ] GC(1116)   Merge Heap Roots: 0.3ms
[2025-12-25T07:45:20.077+0000][gc,phases   ] GC(1116)   Evacuate Collection Set: 17.8ms
[2025-12-25T07:45:20.077+0000][gc,phases   ] GC(1116)   Post Evacuate Collection Set: 1.0ms
[2025-12-25T07:45:20.077+0000][gc,phases   ] GC(1116)   Other: 0.3ms
[2025-12-25T07:45:20.077+0000][gc,heap     ] GC(1116) Eden regions: 554->0(553)
[2025-12-25T07:45:20.077+0000][gc,heap     ] GC(1116) Survivor regions: 6->6(58)
[2025-12-25T07:45:20.077+0000][gc,heap     ] GC(1116) Old regions: 255->256
[2025-12-25T07:45:20.077+0000][gc,heap     ] GC(1116) Humongous regions: 151->151
[2025-12-25T07:45:20.077+0000][gc,metaspace] GC(1116) Metaspace: 16310K(16704K)->16310K(16704K) NonClass: 14635K(14784K)->14635K(14784K) Class: 1674K(1920K)->1674K(1920K)
[2025-12-25T07:45:20.077+0000][gc          ] GC(1116) Pause Young (Normal) (G1 Evacuation Pause) 965M->412M(1024M) 22.334ms
[2025-12-25T07:45:20.078+0000][gc,cpu      ] GC(1116) User=0.15s Sys=0.00s Real=0.02s
[2025-12-25T07:45:50.100+0000][gc,start    ] GC(1117) Pause Young (Normal) (G1 Evacuation Pause)
[2025-12-25T07:45:50.101+0000][gc,task     ] GC(1117) Using 8 workers of 8 for evacuation
[2025-12-25T07:45:50.122+0000][gc,phases   ] GC(1117)   Pre Evacuate Collection Set: 1.1ms
[2025-12-25T07:45:50.122+0000][gc,phases   ] GC(1117)   Merge Heap Roots: 0.3ms
[2025-12-25T07:45:50.122+0000][gc,phases   ] GC(1117)   Evacuate Collection Set: 18.2ms
[2025-12-25T07:45:50.122+0000][gc,phases   ] GC(1117)   Post Evacuate Collection Set: 1.1ms
[2025-12-25T07:45:50.122+0000][gc,phases   ] GC(1117)   Other: 0.3ms
[2025-12-25T07:45:50.122+0000][gc,heap     ] GC(1117) Eden regions: 553->0(551)
[2025-12-25T07:45:50.123+0000][gc,heap     ] GC(1117) Survivor regions: 6->7(58)
[2025-12-25T07:45:50.123+0000][gc,heap     ] GC(1117) Old regions: 256->256
[2025-12-25T07:45:50.123+0000][gc,heap     ] GC(1117) Humongous regions: 151->151
[2025-12-25T07:45:50.123+0000][gc,metaspace] GC(1117) Metaspace: 16310K(16704K)->16310K(16704K) NonClass: 14635K(14784K)->14635K(14784K) Class: 1674K(1920K)->1674K(1920K)
[2025-12-25T07:45:50.123+0000][gc          ] GC(1117) Pause Young (Normal) (G1 Evacuation Pause) 965M->413M(1024M) 22.726ms
[2025-12-25T07:45:50.123+0000][gc,cpu      ] GC(1117) User=0.15s Sys=0.00s Real=0.02s
[2025-12-25T07:46:20.184+0000][gc,start    ] GC(1118) Pause Young (Normal) (G1 Evacuation Pause)
[2025-12-25T07:46:20.185+0000][gc,task     ] GC(1118) Using 8 workers of 8 for evacuation
[2025-12-25T07:46:20.203+0000][gc,phases   ] GC(1118)   Pre Evacuate Collection Set: 1.9ms
[2025-12-25T07:46:20.203+0000][gc,phases   ] GC(1118)   Merge Heap Roots: 0.4ms
[2025-12-25T07:46:20.203+0000][gc,phases   ] GC(1118)   Evacuate Collection Set: 14.7ms
[2025-12-25T07:46:20.203+0000][gc,phases   ] GC(1118)   Post Evacuate Collection Set: 0.9ms
[2025-12-25T07:46:20.203+0000][gc,phases   ] GC(1118)   Other: 0.2ms
[2025-12-25T07:46:20.203+0000][gc,heap     ] GC(1118) Eden regions: 551->0(549)
[2025-12-25T07:46:20.203+0000][gc,heap     ] GC(1118) Survivor regions: 7->8(59)
[2025-12-25T07:46:20.203+0000][gc,heap     ] GC(1118) Old regions: 256->256
[2025-12-25T07:46:20.203+0000][gc,heap     ] GC(1118) Humongous regions: 151->151
[2025-12-25T07:46:20.203+0000][gc,metaspace] GC(1118) Metaspace: 16320K(16704K)->16320K(16704K) NonClass: 14645K(14784K)->14645K(14784K) Class: 1674K(1920K)->1674K(1920K)
[2025-12-25T07:46:20.203+0000][gc          ] GC(1118) Pause Young (Normal) (G1 Evacuation Pause) 964M->414M(1024M) 19.108ms
[2025-12-25T07:46:20.203+0000][gc,cpu      ] GC(1118) User=0.13s Sys=0.01s Real=0.02s
[2025-12-25T07:46:50.186+0000][gc,start    ] GC(1119) Pause Young (Normal) (G1 Evacuation Pause)
[2025-12-25T07:46:50.186+0000][gc,task     ] GC(1119) Using 8 workers of 8 for evacuation
[2025-12-25T07:46:50.204+0000][gc,phases   ] GC(1119)   Pre Evacuate Collection Set: 1.2ms
[2025-12-25T07:46:50.204+0000][gc,phases   ] GC(1119)   Merge Heap Roots: 0.3ms
[2025-12-25T07:46:50.204+0000][gc,phases   ] GC(1119)   Evacuate Collection Set: 15.4ms
[2025-12-25T07:46:50.205+0000][gc,phases   ] GC(1119)   Post Evacuate Collection Set: 1.0ms
[2025-12-25T07:46:50.205+0000][gc,phases   ] GC(1119)   Other: 0.1ms
[2025-12-25T07:46:50.205+0000][gc,heap     ] GC(1119) Eden regions: 549->0(547)
[2025-12-25T07:46:50.205+0000][gc,heap     ] GC(1119) Survivor regions: 8->9(60)
[2025-12-25T07:46:50.205+0000][gc,heap     ] GC(1119) Old regions: 256->256
[2025-12-25T07:46:50.205+0000][gc,heap     ] GC(1119) Humongous regions: 151->151
[2025-12-25T07:46:50.205+0000][gc,metaspace] GC(1119) Metaspace: 16320K(16704K)->16320K(16704K) NonClass: 14645K(14784K)->14645K(14784K) Class: 1674K(1920K)->1674K(1920K)
[2025-12-25T07:46:50.205+0000][gc          ] GC(1119) Pause Young (Normal) (G1 Evacuation Pause) 963M->415M(1024M) 18.766ms
[2025-12-25T07:46:50.205+0000][gc,cpu      ] GC(1119) User=0.13s Sys=0.01s Real=0.02s
[2025-12-25T07:47:20.165+0000][gc,start    ] GC(1120) Pause Young (Normal) (G1 Evacuation Pause)
[2025-12-25T07:47:20.166+0000][gc,task     ] GC(1120) Using 8 workers of 8 for evacuation
[2025-12-25T07:47:20.176+0000][gc,phases   ] GC(1120)   Pre Evacuate Collection Set: 1.1ms
[2025-12-25T07:47:20.176+0000][gc,phases   ] GC(1120)   Merge Heap Roots: 0.3ms
[2025-12-25T07:47:20.176+0000][gc,phases   ] GC(1120)   Evacuate Collection Set: 7.8ms
[2025-12-25T07:47:20.176+0000][gc,phases   ] GC(1120)   Post Evacuate Collection Set: 0.9ms
[2025-12-25T07:47:20.176+0000][gc,phases   ] GC(1120)   Other: 0.2ms
[2025-12-25T07:47:20.176+0000][gc,heap     ] GC(1120) Eden regions: 547->0(546)
[2025-12-25T07:47:20.176+0000][gc,heap     ] GC(1120) Survivor regions: 9->9(61)
[2025-12-25T07:47:20.176+0000][gc,heap     ] GC(1120) Old regions: 256->257
[2025-12-25T07:47:20.176+0000][gc,heap     ] GC(1120) Humongous regions: 151->151
[2025-12-25T07:47:20.176+0000][gc,metaspace] GC(1120) Metaspace: 16320K(16704K)->16320K(16704K) NonClass: 14645K(14784K)->14645K(14784K) Class: 1674K(1920K)->1674K(1920K)
[2025-12-25T07:47:20.176+0000][gc          ] GC(1120) Pause Young (Normal) (G1 Evacuation Pause) 962M->416M(1024M) 11.135ms
[2025-12-25T07:47:20.176+0000][gc,cpu      ] GC(1120) User=0.07s Sys=0.00s Real=0.01s
[2025-12-25T07:47:50.213+0000][gc,start    ] GC(1121) Pause Young (Normal) (G1 Evacuation Pause)
[2025-12-25T07:47:50.214+0000][gc,task     ] GC(1121) Using 8 workers of 8 for evacuation
[2025-12-25T07:47:50.224+0000][gc,phases   ] GC(1121)   Pre Evacuate Collection Set: 1.0ms
[2025-12-25T07:47:50.224+0000][gc,phases   ] GC(1121)   Merge Heap Roots: 0.3ms
[2025-12-25T07:47:50.225+0000][gc,phases   ] GC(1121)   Evacuate Collection Set: 6.3ms
[2025-12-25T07:47:50.225+0000][gc,phases   ] GC(1121)   Post Evacuate Collection Set: 1.7ms
[2025-12-25T07:47:50.225+0000][gc,phases   ] GC(1121)   Other: 0.5ms
[2025-12-25T07:47:50.225+0000][gc,heap     ] GC(1121) Eden regions: 546->0(552)
[2025-12-25T07:47:50.225+0000][gc,heap     ] GC(1121) Survivor regions: 9->6(61)
[2025-12-25T07:47:50.225+0000][gc,heap     ] GC(1121) Old regions: 257->257
[2025-12-25T07:47:50.225+0000][gc,heap     ] GC(1121) Humongous regions: 151->151
[2025-12-25T07:47:50.225+0000][gc,metaspace] GC(1121) Metaspace: 16320K(16704K)->16320K(16704K) NonClass: 14645K(14784K)->14645K(14784K) Class: 1674K(1920K)->1674K(1920K)
[2025-12-25T07:47:50.225+0000][gc          ] GC(1121) Pause Young (Normal) (G1 Evacuation Pause) 962M->412M(1024M) 12.054ms
[2025-12-25T07:47:50.225+0000][gc,cpu      ] GC(1121) User=0.06s Sys=0.00s Real=0.01s
[2025-12-25T07:48:20.283+0000][gc,start    ] GC(1122) Pause Young (Normal) (G1 Evacuation Pause)
[2025-12-25T07:48:20.284+0000][gc,task     ] GC(1122) Using 8 workers of 8 for evacuation
[2025-12-25T07:48:20.299+0000][gc,phases   ] GC(1122)   Pre Evacuate Collection Set: 1.1ms
[2025-12-25T07:48:20.299+0000][gc,phases   ] GC(1122)   Merge Heap Roots: 0.3ms
[2025-12-25T07:48:20.299+0000][gc,phases   ] GC(1122)   Evacuate Collection Set: 10.6ms
[2025-12-25T07:48:20.299+0000][gc,phases   ] GC(1122)   Post Evacuate Collection Set: 3.3ms
[2025-12-25T07:48:20.299+0000][gc,phases   ] GC(1122)   Other: 0.4ms
[2025-12-25T07:48:20.299+0000][gc,heap     ] GC(1122) Eden regions: 552->0(552)
[2025-12-25T07:48:20.299+0000][gc,heap     ] GC(1122) Survivor regions: 6->6(58)
[2025-12-25T07:48:20.300+0000][gc,heap     ] GC(1122) Old regions: 257->257
[2025-12-25T07:48:20.300+0000][gc,heap     ] GC(1122) Humongous regions: 151->151
[2025-12-25T07:48:20.300+0000][gc,metaspace] GC(1122) Metaspace: 16320K(16704K)->16320K(16704K) NonClass: 14645K(14784K)->14645K(14784K) Class: 1674K(1920K)->1674K(1920K)
[2025-12-25T07:48:20.300+0000][gc          ] GC(1122) Pause Young (Normal) (G1 Evacuation Pause) 964M->413M(1024M) 16.783ms
[2025-12-25T07:48:20.300+0000][gc,cpu      ] GC(1122) User=0.09s Sys=0.00s Real=0.02s
[2025-12-25T07:48:50.306+0000][gc,start    ] GC(1123) Pause Young (Normal) (G1 Evacuation Pause)
[2025-12-25T07:48:50.307+0000][gc,task     ] GC(1123) Using 8 workers of 8 for evacuation
[2025-12-25T07:48:50.318+0000][gc,phases   ] GC(1123)   Pre Evacuate Collection Set: 1.1ms
[2025-12-25T07:48:50.319+0000][gc,phases   ] GC(1123)   Merge Heap Roots: 0.2ms
[2025-12-25T07:48:50.319+0000][gc,phases   ] GC(1123)   Evacuate Collection Set: 8.9ms
[2025-12-25T07:48:50.319+0000][gc,phases   ] GC(1123)   Post Evacuate Collection Set: 1.0ms
[2025-12-25T07:48:50.319+0000][gc,phases   ] GC(1123)   Other: 0.2ms
[2025-12-25T07:48:50.319+0000][gc,heap     ] GC(1123) Eden regions: 552->0(550)
[2025-12-25T07:48:50.319+0000][gc,heap     ] GC(1123) Survivor regions: 6->7(58)
[2025-12-25T07:48:50.319+0000][gc,heap     ] GC(1123) Old regions: 257->257
[2025-12-25T07:48:50.319+0000][gc,heap     ] GC(1123) Humongous regions: 151->151
[2025-12-25T07:48:50.319+0000][gc,metaspace] GC(1123) Metaspace: 16320K(16704K)->16320K(16704K) NonClass: 14645K(14784K)->14645K(14784K) Class: 1674K(1920K)->1674K(1920K)
[2025-12-25T07:48:50.319+0000][gc          ] GC(1123) Pause Young (Normal) (G1 Evacuation Pause) 965M->414M(1024M) 13.357ms
[2025-12-25T07:48:50.319+0000][gc,cpu      ] GC(1123) User=0.08s Sys=0.00s Real=0.02s
[2025-12-25T07:49:21.062+0000][gc,start    ] GC(1124) Pause Young (Normal) (G1 Evacuation Pause)
[2025-12-25T07:49:21.064+0000][gc,task     ] GC(1124) Using 8 workers of 8 for evacuation
[2025-12-25T07:49:21.080+0000][gc,phases   ] GC(1124)   Pre Evacuate Collection Set: 1.5ms
[2025-12-25T07:49:21.080+0000][gc,phases   ] GC(1124)   Merge Heap Roots: 0.3ms
[2025-12-25T07:49:21.080+0000][gc,phases   ] GC(1124)   Evacuate Collection Set: 12.1ms
[2025-12-25T07:49:21.080+0000][gc,phases   ] GC(1124)   Post Evacuate Collection Set: 1.9ms
[2025-12-25T07:49:21.081+0000][gc,phases   ] GC(1124)   Other: 0.4ms
[2025-12-25T07:49:21.081+0000][gc,heap     ] GC(1124) Eden regions: 550->0(548)
[2025-12-25T07:49:21.081+0000][gc,heap     ] GC(1124) Survivor regions: 7->8(59)
[2025-12-25T07:49:21.081+0000][gc,heap     ] GC(1124) Old regions: 257->257
[2025-12-25T07:49:21.081+0000][gc,heap     ] GC(1124) Humongous regions: 151->151
[2025-12-25T07:49:21.081+0000][gc,metaspace] GC(1124) Metaspace: 16320K(16704K)->16320K(16704K) NonClass: 14645K(14784K)->14645K(14784K) Class: 1674K(1920K)->1674K(1920K)
[2025-12-25T07:49:21.081+0000][gc          ] GC(1124) Pause Young (Normal) (G1 Evacuation Pause) 964M->415M(1024M) 19.379ms
[2025-12-25T07:49:21.081+0000][gc,cpu      ] GC(1124) User=0.09s Sys=0.00s Real=0.02s
[2025-12-25T07:58:50.803+0000][gc,start    ] GC(1125) Pause Young (Normal) (G1 Evacuation Pause)
[2025-12-25T07:58:50.803+0000][gc,task     ] GC(1125) Using 8 workers of 8 for evacuation
[2025-12-25T07:58:50.843+0000][gc,phases   ] GC(1125)   Pre Evacuate Collection Set: 4.3ms
[2025-12-25T07:58:50.843+0000][gc,phases   ] GC(1125)   Merge Heap Roots: 0.4ms
[2025-12-25T07:58:50.843+0000][gc,phases   ] GC(1125)   Evacuate Collection Set: 33.2ms
[2025-12-25T07:58:50.843+0000][gc,phases   ] GC(1125)   Post Evacuate Collection Set: 1.5ms
[2025-12-25T07:58:50.843+0000][gc,phases   ] GC(1125)   Other: 0.3ms
[2025-12-25T07:58:50.844+0000][gc,heap     ] GC(1125) Eden regions: 548->0(545)
[2025-12-25T07:58:50.844+0000][gc,heap     ] GC(1125) Survivor regions: 8->9(60)
[2025-12-25T07:58:50.844+0000][gc,heap     ] GC(1125) Old regions: 257->258
[2025-12-25T07:58:50.844+0000][gc,heap     ] GC(1125) Humongous regions: 151->151
[2025-12-25T07:58:50.844+0000][gc,metaspace] GC(1125) Metaspace: 16323K(16704K)->16323K(16704K) NonClass: 14648K(14784K)->14648K(14784K) Class: 1674K(1920K)->1674K(1920K)
[2025-12-25T07:58:50.844+0000][gc          ] GC(1125) Pause Young (Normal) (G1 Evacuation Pause) 963M->416M(1024M) 40.785ms
[2025-12-25T07:58:50.844+0000][gc,cpu      ] GC(1125) User=0.24s Sys=0.00s Real=0.04s
